{
  "PolicySetDefinitionVersionWithParameters+[NoContext]+[NoScenario]+$PUT+https://management.azure.com/subscriptions/e5a130f3-57fd-46b6-9c55-03d21a853935/providers/Microsoft.Authorization/policyDefinitions/psPolicySetDefinitionVersionWithParameters01?api-version=2025-03-01+1": {
    "Request": {
      "Method": "PUT",
      "RequestUri": "https://management.azure.com/subscriptions/e5a130f3-57fd-46b6-9c55-03d21a853935/providers/Microsoft.Authorization/policyDefinitions/psPolicySetDefinitionVersionWithParameters01?api-version=2025-03-01",
      "Content": "{\r\n  \"properties\": {\r\n    \"mode\": \"All\",\r\n    \"description\": \"Unit test junk: sorry for littering. Please delete me!\",\r\n    \"policyRule\": {\r\n      \"if\": {\r\n        \"not\": {\r\n          \"field\": \"location\",\r\n          \"in\": \"[parameters(\\u0027listOfAllowedLocations\\u0027)]\"\r\n        }\r\n      },\r\n      \"then\": {\r\n        \"effect\": \"[parameters(\\u0027effectParam\\u0027)]\"\r\n      }\r\n    },\r\n    \"parameters\": {\r\n      \"listOfAllowedLocations\": {\r\n        \"type\": \"array\",\r\n        \"metadata\": {\r\n          \"description\": \"An array of permitted locations for resources.\",\r\n          \"strongType\": \"location\",\r\n          \"displayName\": \"List of locations\"\r\n        }\r\n      },\r\n      \"effectParam\": {\r\n        \"type\": \"string\",\r\n        \"defaultValue\": \"Deny\",\r\n        \"allowedValues\": [ \"Deny\", \"Disabled\" ],\r\n        \"metadata\": {\r\n          \"description\": \"The effect of the policy\",\r\n          \"displayName\": \"Policy Effect\"\r\n        }\r\n      }\r\n    }\r\n  }\r\n}",
      "isContentBase64": false,
      "Headers": {
      },
      "ContentHeaders": {
        "Content-Type": [ "application/json" ],
        "Content-Length": [ "959" ]
      }
    },
    "Response": {
      "StatusCode": 201,
      "Headers": {
        "Cache-Control": [ "no-cache" ],
        "Pragma": [ "no-cache" ],
        "Strict-Transport-Security": [ "max-age=31536000; includeSubDomains" ],
        "x-ms-operation-identifier": [ "tenantId=72f988bf-86f1-41af-91ab-2d7cd011db47,objectId=638d92d9-ae3b-4f1d-be91-382dcc631f82/westus2/fcb1f740-dedc-4e83-a303-f817a3562994" ],
        "x-ms-ratelimit-remaining-subscription-writes": [ "799" ],
        "x-ms-ratelimit-remaining-subscription-global-writes": [ "11999" ],
        "x-ms-request-id": [ "32d9764b-bd08-434f-9349-618a3ce2849c" ],
        "x-ms-correlation-request-id": [ "32d9764b-bd08-434f-9349-618a3ce2849c" ],
        "x-ms-routing-request-id": [ "WESTUS2:20260127T002920Z:32d9764b-bd08-434f-9349-618a3ce2849c" ],
        "X-Content-Type-Options": [ "nosniff" ],
        "X-Cache": [ "CONFIG_NOCACHE" ],
        "X-MSEdge-Ref": [ "Ref A: 747CE5923A984251863C19A39D5F82ED Ref B: MWH011020808034 Ref C: 2026-01-27T00:29:19Z" ],
        "Date": [ "Tue, 27 Jan 2026 00:29:20 GMT" ]
      },
      "ContentHeaders": {
        "Content-Length": [ "1311" ],
        "Content-Type": [ "application/json; charset=utf-8" ],
        "Expires": [ "-1" ]
      },
      "Content": "{\"properties\":{\"policyType\":\"Custom\",\"mode\":\"All\",\"description\":\"Unit test junk: sorry for littering. Please delete me!\",\"metadata\":{\"createdBy\":\"638d92d9-ae3b-4f1d-be91-382dcc631f82\",\"createdOn\":\"2026-01-27T00:29:20.0149178Z\",\"updatedBy\":null,\"updatedOn\":null},\"version\":\"1.0.0\",\"parameters\":{\"listOfAllowedLocations\":{\"type\":\"array\",\"metadata\":{\"description\":\"An array of permitted locations for resources.\",\"strongType\":\"location\",\"displayName\":\"List of locations\"}},\"effectParam\":{\"type\":\"string\",\"metadata\":{\"description\":\"The effect of the policy\",\"displayName\":\"Policy Effect\"},\"allowedValues\":[\"Deny\",\"Disabled\"],\"defaultValue\":\"Deny\"}},\"policyRule\":{\"if\":{\"not\":{\"field\":\"location\",\"in\":\"[parameters(\u0027listOfAllowedLocations\u0027)]\"}},\"then\":{\"effect\":\"[parameters(\u0027effectParam\u0027)]\"}},\"versions\":[\"1.0.0\"]},\"id\":\"/subscriptions/e5a130f3-57fd-46b6-9c55-03d21a853935/providers/Microsoft.Authorization/policyDefinitions/psPolicySetDefinitionVersionWithParameters01\",\"type\":\"Microsoft.Authorization/policyDefinitions\",\"name\":\"psPolicySetDefinitionVersionWithParameters01\",\"systemData\":{\"createdBy\":\"zhaocelina@microsoft.com\",\"createdByType\":\"User\",\"createdAt\":\"2026-01-27T00:29:19.9686628Z\",\"lastModifiedBy\":\"zhaocelina@microsoft.com\",\"lastModifiedByType\":\"User\",\"lastModifiedAt\":\"2026-01-27T00:29:19.9686628Z\"}}",
      "isContentBase64": false
    }
  },
  "PolicySetDefinitionVersionWithParameters+[NoContext]+[NoScenario]+$PUT+https://management.azure.com/subscriptions/e5a130f3-57fd-46b6-9c55-03d21a853935/providers/Microsoft.Authorization/policySetDefinitions/psPolicySetDefinitionVersionWithParameters02?api-version=2025-03-01+2": {
    "Request": {
      "Method": "PUT",
      "RequestUri": "https://management.azure.com/subscriptions/e5a130f3-57fd-46b6-9c55-03d21a853935/providers/Microsoft.Authorization/policySetDefinitions/psPolicySetDefinitionVersionWithParameters02?api-version=2025-03-01",
      "Content": "{\r\n  \"properties\": {\r\n    \"description\": \"Unit test junk: sorry for littering. Please delete me!\",\r\n    \"metadata\": {\r\n      \"testName\": \"testValue\"\r\n    },\r\n    \"parameters\": {\r\n      \"listOfAllowedLocations\": {\r\n        \"type\": \"array\",\r\n        \"metadata\": {\r\n          \"description\": \"An array of permitted locations for resources.\",\r\n          \"strongType\": \"location\",\r\n          \"displayName\": \"List of locations\"\r\n        }\r\n      }\r\n    },\r\n    \"policyDefinitions\": [\r\n      {\r\n        \"policyDefinitionId\": \"/subscriptions/e5a130f3-57fd-46b6-9c55-03d21a853935/providers/Microsoft.Authorization/policyDefinitions/psPolicySetDefinitionVersionWithParameters01\",\r\n        \"parameters\": {\r\n          \"listOfAllowedLocations\": {\r\n            \"value\": \"[parameters(\\u0027listOfAllowedLocations\\u0027)]\"\r\n          }\r\n        }\r\n      }\r\n    ],\r\n    \"version\": \"2.0.1\"\r\n  }\r\n}",
      "isContentBase64": false,
      "Headers": {
      },
      "ContentHeaders": {
        "Content-Type": [ "application/json" ],
        "Content-Length": [ "878" ]
      }
    },
    "Response": {
      "StatusCode": 201,
      "Headers": {
        "Cache-Control": [ "no-cache" ],
        "Pragma": [ "no-cache" ],
        "Strict-Transport-Security": [ "max-age=31536000; includeSubDomains" ],
        "x-ms-operation-identifier": [ "tenantId=72f988bf-86f1-41af-91ab-2d7cd011db47,objectId=638d92d9-ae3b-4f1d-be91-382dcc631f82/westus2/19757078-47eb-4c17-ad8b-ffe6a87ba4a9" ],
        "x-ms-ratelimit-remaining-subscription-writes": [ "799" ],
        "x-ms-ratelimit-remaining-subscription-global-writes": [ "11999" ],
        "x-ms-request-id": [ "787e17df-be05-4082-9c1d-d46c5ed2bb3e" ],
        "x-ms-correlation-request-id": [ "787e17df-be05-4082-9c1d-d46c5ed2bb3e" ],
        "x-ms-routing-request-id": [ "WESTUS2:20260127T002921Z:787e17df-be05-4082-9c1d-d46c5ed2bb3e" ],
        "X-Content-Type-Options": [ "nosniff" ],
        "X-Cache": [ "CONFIG_NOCACHE" ],
        "X-MSEdge-Ref": [ "Ref A: 6DDE8D225A054CD4ACC97C325FE13B1B Ref B: MWH011020808034 Ref C: 2026-01-27T00:29:20Z" ],
        "Date": [ "Tue, 27 Jan 2026 00:29:20 GMT" ]
      },
      "ContentHeaders": {
        "Content-Length": [ "1378" ],
        "Content-Type": [ "application/json; charset=utf-8" ],
        "Expires": [ "-1" ]
      },
      "Content": "{\"properties\":{\"policyType\":\"Custom\",\"description\":\"Unit test junk: sorry for littering. Please delete me!\",\"metadata\":{\"testName\":\"testValue\",\"createdBy\":\"638d92d9-ae3b-4f1d-be91-382dcc631f82\",\"createdOn\":\"2026-01-27T00:29:20.6281117Z\",\"updatedBy\":null,\"updatedOn\":null},\"version\":\"2.0.1\",\"parameters\":{\"listOfAllowedLocations\":{\"type\":\"array\",\"metadata\":{\"description\":\"An array of permitted locations for resources.\",\"strongType\":\"location\",\"displayName\":\"List of locations\"}}},\"policyDefinitions\":[{\"policyDefinitionReferenceId\":\"10150040321485612442\",\"policyDefinitionId\":\"/subscriptions/e5a130f3-57fd-46b6-9c55-03d21a853935/providers/Microsoft.Authorization/policyDefinitions/psPolicySetDefinitionVersionWithParameters01\",\"definitionVersion\":\"1.*.*\",\"parameters\":{\"listOfAllowedLocations\":{\"value\":\"[parameters(\u0027listOfAllowedLocations\u0027)]\"}}}],\"versions\":[\"2.0.1\"]},\"id\":\"/subscriptions/e5a130f3-57fd-46b6-9c55-03d21a853935/providers/Microsoft.Authorization/policySetDefinitions/psPolicySetDefinitionVersionWithParameters02\",\"type\":\"Microsoft.Authorization/policySetDefinitions\",\"name\":\"psPolicySetDefinitionVersionWithParameters02\",\"systemData\":{\"createdBy\":\"zhaocelina@microsoft.com\",\"createdByType\":\"User\",\"createdAt\":\"2026-01-27T00:29:20.5969146Z\",\"lastModifiedBy\":\"zhaocelina@microsoft.com\",\"lastModifiedByType\":\"User\",\"lastModifiedAt\":\"2026-01-27T00:29:20.5969146Z\"}}",
      "isContentBase64": false
    }
  },
  "PolicySetDefinitionVersionWithParameters+[NoContext]+make a policy set definition version with parameters+$PUT+https://management.azure.com/subscriptions/e5a130f3-57fd-46b6-9c55-03d21a853935/providers/Microsoft.Authorization/policySetDefinitions/psPolicySetDefinitionVersionWithParameters02/versions/1.3.1?api-version=2025-03-01+1": {
    "Request": {
      "Method": "PUT",
      "RequestUri": "https://management.azure.com/subscriptions/e5a130f3-57fd-46b6-9c55-03d21a853935/providers/Microsoft.Authorization/policySetDefinitions/psPolicySetDefinitionVersionWithParameters02/versions/1.3.1?api-version=2025-03-01",
      "Content": "{\r\n  \"properties\": {\r\n    \"description\": \"Unit test junk: sorry for littering. Please delete me!\",\r\n    \"metadata\": {\r\n      \"testName\": \"testValue\"\r\n    },\r\n    \"parameters\": {\r\n      \"listOfAllowedLocations\": {\r\n        \"type\": \"array\",\r\n        \"metadata\": {\r\n          \"description\": \"An array of permitted locations for resources.\",\r\n          \"strongType\": \"location\",\r\n          \"displayName\": \"List of locations\"\r\n        }\r\n      }\r\n    },\r\n    \"policyDefinitions\": [\r\n      {\r\n        \"policyDefinitionId\": \"/subscriptions/e5a130f3-57fd-46b6-9c55-03d21a853935/providers/Microsoft.Authorization/policyDefinitions/psPolicySetDefinitionVersionWithParameters01\",\r\n        \"parameters\": {\r\n          \"listOfAllowedLocations\": {\r\n            \"value\": \"[parameters(\\u0027listOfAllowedLocations\\u0027)]\"\r\n          }\r\n        }\r\n      }\r\n    ],\r\n    \"version\": \"1.3.1\"\r\n  }\r\n}",
      "isContentBase64": false,
      "Headers": {
      },
      "ContentHeaders": {
        "Content-Type": [ "application/json" ],
        "Content-Length": [ "878" ]
      }
    },
    "Response": {
      "StatusCode": 201,
      "Headers": {
        "Cache-Control": [ "no-cache" ],
        "Pragma": [ "no-cache" ],
        "Strict-Transport-Security": [ "max-age=31536000; includeSubDomains" ],
        "x-ms-operation-identifier": [ "tenantId=72f988bf-86f1-41af-91ab-2d7cd011db47,objectId=638d92d9-ae3b-4f1d-be91-382dcc631f82/westus2/aa26dea7-68d0-4c2f-8f9f-28e0721fc3eb" ],
        "x-ms-ratelimit-remaining-subscription-writes": [ "799" ],
        "x-ms-ratelimit-remaining-subscription-global-writes": [ "11999" ],
        "x-ms-request-id": [ "27034c00-a3d5-45db-b3a2-0dd3b7112f78" ],
        "x-ms-correlation-request-id": [ "27034c00-a3d5-45db-b3a2-0dd3b7112f78" ],
        "x-ms-routing-request-id": [ "WESTUS2:20260127T002921Z:27034c00-a3d5-45db-b3a2-0dd3b7112f78" ],
        "X-Content-Type-Options": [ "nosniff" ],
        "X-Cache": [ "CONFIG_NOCACHE" ],
        "X-MSEdge-Ref": [ "Ref A: 150AA6B3C171439CB9A2BA79A69D63E0 Ref B: MWH011020808034 Ref C: 2026-01-27T00:29:21Z" ],
        "Date": [ "Tue, 27 Jan 2026 00:29:21 GMT" ]
      },
      "ContentHeaders": {
        "Content-Length": [ "1342" ],
        "Content-Type": [ "application/json; charset=utf-8" ],
        "Expires": [ "-1" ]
      },
      "Content": "{\"properties\":{\"policyType\":\"Custom\",\"description\":\"Unit test junk: sorry for littering. Please delete me!\",\"metadata\":{\"testName\":\"testValue\",\"createdBy\":\"638d92d9-ae3b-4f1d-be91-382dcc631f82\",\"createdOn\":\"2026-01-27T00:29:21.3910679Z\",\"updatedBy\":null,\"updatedOn\":null},\"version\":\"1.3.1\",\"parameters\":{\"listOfAllowedLocations\":{\"type\":\"array\",\"metadata\":{\"description\":\"An array of permitted locations for resources.\",\"strongType\":\"location\",\"displayName\":\"List of locations\"}}},\"policyDefinitions\":[{\"policyDefinitionReferenceId\":\"10150040321485612442\",\"policyDefinitionId\":\"/subscriptions/e5a130f3-57fd-46b6-9c55-03d21a853935/providers/Microsoft.Authorization/policyDefinitions/psPolicySetDefinitionVersionWithParameters01\",\"definitionVersion\":\"1.*.*\",\"parameters\":{\"listOfAllowedLocations\":{\"value\":\"[parameters(\u0027listOfAllowedLocations\u0027)]\"}}}]},\"id\":\"/subscriptions/e5a130f3-57fd-46b6-9c55-03d21a853935/providers/Microsoft.Authorization/policySetDefinitions/psPolicySetDefinitionVersionWithParameters02/versions/1.3.1\",\"type\":\"Microsoft.Authorization/policySetDefinitions/versions\",\"name\":\"1.3.1\",\"systemData\":{\"createdBy\":\"zhaocelina@microsoft.com\",\"createdByType\":\"User\",\"createdAt\":\"2026-01-27T00:29:21.3311441Z\",\"lastModifiedBy\":\"zhaocelina@microsoft.com\",\"lastModifiedByType\":\"User\",\"lastModifiedAt\":\"2026-01-27T00:29:21.3311441Z\"}}",
      "isContentBase64": false
    }
  },
  "PolicySetDefinitionVersionWithParameters+[NoContext]+make a policy set definition version with parameters+$GET+https://management.azure.com/subscriptions/e5a130f3-57fd-46b6-9c55-03d21a853935/providers/Microsoft.Authorization/policySetDefinitions/psPolicySetDefinitionVersionWithParameters02/versions/1.3.1?api-version=2025-03-01+2": {
    "Request": {
      "Method": "GET",
      "RequestUri": "https://management.azure.com/subscriptions/e5a130f3-57fd-46b6-9c55-03d21a853935/providers/Microsoft.Authorization/policySetDefinitions/psPolicySetDefinitionVersionWithParameters02/versions/1.3.1?api-version=2025-03-01",
      "Content": null,
      "isContentBase64": false,
      "Headers": {
        "x-ms-unique-id": [ "431" ],
        "x-ms-client-request-id": [ "ade7db09-707e-4bb9-a000-c7b4b294a6cf" ],
        "CommandName": [ "\u0026" ],
        "FullCommandName": [ "Get-AzPolicySetDefinitionVersion_Get" ],
        "ParameterSetName": [ "__AllParameterSets" ],
        "User-Agent": [ "AzurePowershell/v0.0.0", "PSVersion/v7.5.4", "Az.Policy/9.0.0" ],
        "Authorization": [ "[Filtered]" ]
      },
      "ContentHeaders": {
      }
    },
    "Response": {
      "StatusCode": 200,
      "Headers": {
        "Cache-Control": [ "no-cache" ],
        "Pragma": [ "no-cache" ],
        "Strict-Transport-Security": [ "max-age=31536000; includeSubDomains" ],
        "x-ms-operation-identifier": [ "tenantId=72f988bf-86f1-41af-91ab-2d7cd011db47,objectId=638d92d9-ae3b-4f1d-be91-382dcc631f82/westus2/61db042c-9999-4ef0-9586-ed0c1d74e97d" ],
        "x-ms-ratelimit-remaining-subscription-reads": [ "1099" ],
        "x-ms-ratelimit-remaining-subscription-global-reads": [ "16499" ],
        "x-ms-request-id": [ "aa3b1a6b-946a-4a3f-adaf-67122ec775b8" ],
        "x-ms-correlation-request-id": [ "aa3b1a6b-946a-4a3f-adaf-67122ec775b8" ],
        "x-ms-routing-request-id": [ "WESTUS2:20260127T002921Z:aa3b1a6b-946a-4a3f-adaf-67122ec775b8" ],
        "X-Content-Type-Options": [ "nosniff" ],
        "X-Cache": [ "CONFIG_NOCACHE" ],
        "X-MSEdge-Ref": [ "Ref A: 63D283D477854EBEA62B5F70BE26F1C4 Ref B: MWH011020808034 Ref C: 2026-01-27T00:29:21Z" ],
        "Date": [ "Tue, 27 Jan 2026 00:29:21 GMT" ]
      },
      "ContentHeaders": {
        "Content-Length": [ "1342" ],
        "Content-Type": [ "application/json; charset=utf-8" ],
        "Expires": [ "-1" ]
      },
      "Content": "{\"properties\":{\"policyType\":\"Custom\",\"description\":\"Unit test junk: sorry for littering. Please delete me!\",\"metadata\":{\"testName\":\"testValue\",\"createdBy\":\"638d92d9-ae3b-4f1d-be91-382dcc631f82\",\"createdOn\":\"2026-01-27T00:29:21.3910679Z\",\"updatedBy\":null,\"updatedOn\":null},\"version\":\"1.3.1\",\"parameters\":{\"listOfAllowedLocations\":{\"type\":\"array\",\"metadata\":{\"description\":\"An array of permitted locations for resources.\",\"strongType\":\"location\",\"displayName\":\"List of locations\"}}},\"policyDefinitions\":[{\"policyDefinitionReferenceId\":\"10150040321485612442\",\"policyDefinitionId\":\"/subscriptions/e5a130f3-57fd-46b6-9c55-03d21a853935/providers/Microsoft.Authorization/policyDefinitions/psPolicySetDefinitionVersionWithParameters01\",\"definitionVersion\":\"1.*.*\",\"parameters\":{\"listOfAllowedLocations\":{\"value\":\"[parameters(\u0027listOfAllowedLocations\u0027)]\"}}}]},\"id\":\"/subscriptions/e5a130f3-57fd-46b6-9c55-03d21a853935/providers/Microsoft.Authorization/policySetDefinitions/psPolicySetDefinitionVersionWithParameters02/versions/1.3.1\",\"type\":\"Microsoft.Authorization/policySetDefinitions/versions\",\"name\":\"1.3.1\",\"systemData\":{\"createdBy\":\"zhaocelina@microsoft.com\",\"createdByType\":\"User\",\"createdAt\":\"2026-01-27T00:29:21.3311441Z\",\"lastModifiedBy\":\"zhaocelina@microsoft.com\",\"lastModifiedByType\":\"User\",\"lastModifiedAt\":\"2026-01-27T00:29:21.3311441Z\"}}",
      "isContentBase64": false
    }
  },
  "PolicySetDefinitionVersionWithParameters+[NoContext]+[NoScenario]+$DELETE+https://management.azure.com/subscriptions/e5a130f3-57fd-46b6-9c55-03d21a853935/providers/Microsoft.Authorization/policySetDefinitions/psPolicySetDefinitionVersionWithParameters02?api-version=2025-03-01+3": {
    "Request": {
      "Method": "DELETE",
      "RequestUri": "https://management.azure.com/subscriptions/e5a130f3-57fd-46b6-9c55-03d21a853935/providers/Microsoft.Authorization/policySetDefinitions/psPolicySetDefinitionVersionWithParameters02?api-version=2025-03-01",
      "Content": null,
      "isContentBase64": false,
      "Headers": {
        "x-ms-unique-id": [ "432" ],
        "x-ms-client-request-id": [ "e2bca308-951d-4dc5-9027-1350560c159b" ],
        "CommandName": [ "\u0026" ],
        "FullCommandName": [ "Remove-AzPolicySetDefinition_Delete" ],
        "ParameterSetName": [ "__AllParameterSets" ],
        "User-Agent": [ "AzurePowershell/v0.0.0", "PSVersion/v7.5.4", "Az.Policy/9.0.0" ],
        "Authorization": [ "[Filtered]" ]
      },
      "ContentHeaders": {
      }
    },
    "Response": {
      "StatusCode": 200,
      "Headers": {
        "Cache-Control": [ "no-cache" ],
        "Pragma": [ "no-cache" ],
        "Strict-Transport-Security": [ "max-age=31536000; includeSubDomains" ],
        "x-ms-operation-identifier": [ "tenantId=72f988bf-86f1-41af-91ab-2d7cd011db47,objectId=638d92d9-ae3b-4f1d-be91-382dcc631f82/westus2/9d1f1f5c-9bf6-482d-a533-e945470b80a2" ],
        "x-ms-ratelimit-remaining-subscription-deletes": [ "799" ],
        "x-ms-ratelimit-remaining-subscription-global-deletes": [ "11999" ],
        "x-ms-request-id": [ "45848da4-c68e-4d63-94f8-d31d1bfa2bff" ],
        "x-ms-correlation-request-id": [ "45848da4-c68e-4d63-94f8-d31d1bfa2bff" ],
        "x-ms-routing-request-id": [ "WESTUS2:20260127T002922Z:45848da4-c68e-4d63-94f8-d31d1bfa2bff" ],
        "X-Content-Type-Options": [ "nosniff" ],
        "X-Cache": [ "CONFIG_NOCACHE" ],
        "X-MSEdge-Ref": [ "Ref A: 28C3188F9C5B4109BED94D5A62CBDDC8 Ref B: MWH011020808034 Ref C: 2026-01-27T00:29:22Z" ],
        "Date": [ "Tue, 27 Jan 2026 00:29:22 GMT" ]
      },
      "ContentHeaders": {
        "Content-Length": [ "1386" ],
        "Content-Type": [ "application/json; charset=utf-8" ],
        "Expires": [ "-1" ]
      },
      "Content": "{\"properties\":{\"policyType\":\"Custom\",\"description\":\"Unit test junk: sorry for littering. Please delete me!\",\"metadata\":{\"testName\":\"testValue\",\"createdBy\":\"638d92d9-ae3b-4f1d-be91-382dcc631f82\",\"createdOn\":\"2026-01-27T00:29:20.6281117Z\",\"updatedBy\":null,\"updatedOn\":null},\"version\":\"2.0.1\",\"parameters\":{\"listOfAllowedLocations\":{\"type\":\"array\",\"metadata\":{\"description\":\"An array of permitted locations for resources.\",\"strongType\":\"location\",\"displayName\":\"List of locations\"}}},\"policyDefinitions\":[{\"policyDefinitionReferenceId\":\"10150040321485612442\",\"policyDefinitionId\":\"/subscriptions/e5a130f3-57fd-46b6-9c55-03d21a853935/providers/Microsoft.Authorization/policyDefinitions/psPolicySetDefinitionVersionWithParameters01\",\"definitionVersion\":\"1.*.*\",\"parameters\":{\"listOfAllowedLocations\":{\"value\":\"[parameters(\u0027listOfAllowedLocations\u0027)]\"}}}],\"versions\":[\"2.0.1\",\"1.3.1\"]},\"id\":\"/subscriptions/e5a130f3-57fd-46b6-9c55-03d21a853935/providers/Microsoft.Authorization/policySetDefinitions/psPolicySetDefinitionVersionWithParameters02\",\"type\":\"Microsoft.Authorization/policySetDefinitions\",\"name\":\"psPolicySetDefinitionVersionWithParameters02\",\"systemData\":{\"createdBy\":\"zhaocelina@microsoft.com\",\"createdByType\":\"User\",\"createdAt\":\"2026-01-27T00:29:20.5969146Z\",\"lastModifiedBy\":\"zhaocelina@microsoft.com\",\"lastModifiedByType\":\"User\",\"lastModifiedAt\":\"2026-01-27T00:29:20.5969146Z\"}}",
      "isContentBase64": false
    }
  },
  "PolicySetDefinitionVersionWithParameters+[NoContext]+[NoScenario]+$DELETE+https://management.azure.com/subscriptions/e5a130f3-57fd-46b6-9c55-03d21a853935/providers/Microsoft.Authorization/policyDefinitions/psPolicySetDefinitionVersionWithParameters01?api-version=2025-03-01+4": {
    "Request": {
      "Method": "DELETE",
      "RequestUri": "https://management.azure.com/subscriptions/e5a130f3-57fd-46b6-9c55-03d21a853935/providers/Microsoft.Authorization/policyDefinitions/psPolicySetDefinitionVersionWithParameters01?api-version=2025-03-01",
      "Content": null,
      "isContentBase64": false,
      "Headers": {
        "x-ms-unique-id": [ "433" ],
        "x-ms-client-request-id": [ "16ae3bc2-7216-45e3-8012-9777e0934b28" ],
        "CommandName": [ "\u0026" ],
        "FullCommandName": [ "Remove-AzPolicyDefinition_Delete" ],
        "ParameterSetName": [ "__AllParameterSets" ],
        "User-Agent": [ "AzurePowershell/v0.0.0", "PSVersion/v7.5.4", "Az.Policy/9.0.0" ],
        "Authorization": [ "[Filtered]" ]
      },
      "ContentHeaders": {
      }
    },
    "Response": {
      "StatusCode": 200,
      "Headers": {
        "Cache-Control": [ "no-cache" ],
        "Pragma": [ "no-cache" ],
        "Strict-Transport-Security": [ "max-age=31536000; includeSubDomains" ],
        "x-ms-operation-identifier": [ "tenantId=72f988bf-86f1-41af-91ab-2d7cd011db47,objectId=638d92d9-ae3b-4f1d-be91-382dcc631f82/westus2/6eae86fe-dd94-4193-86f6-3c38011cf817" ],
        "x-ms-ratelimit-remaining-subscription-deletes": [ "799" ],
        "x-ms-ratelimit-remaining-subscription-global-deletes": [ "11999" ],
        "x-ms-request-id": [ "90eeb693-34a2-429a-8a51-7453f4daf962" ],
        "x-ms-correlation-request-id": [ "90eeb693-34a2-429a-8a51-7453f4daf962" ],
        "x-ms-routing-request-id": [ "WESTUS2:20260127T002923Z:90eeb693-34a2-429a-8a51-7453f4daf962" ],
        "X-Content-Type-Options": [ "nosniff" ],
        "X-Cache": [ "CONFIG_NOCACHE" ],
        "X-MSEdge-Ref": [ "Ref A: AC2B18B79BD44115B4822DE6E62AD154 Ref B: MWH011020808034 Ref C: 2026-01-27T00:29:22Z" ],
        "Date": [ "Tue, 27 Jan 2026 00:29:22 GMT" ]
      },
      "ContentHeaders": {
        "Content-Length": [ "1311" ],
        "Content-Type": [ "application/json; charset=utf-8" ],
        "Expires": [ "-1" ]
      },
      "Content": "{\"properties\":{\"policyType\":\"Custom\",\"mode\":\"All\",\"description\":\"Unit test junk: sorry for littering. Please delete me!\",\"metadata\":{\"createdBy\":\"638d92d9-ae3b-4f1d-be91-382dcc631f82\",\"createdOn\":\"2026-01-27T00:29:20.0149178Z\",\"updatedBy\":null,\"updatedOn\":null},\"version\":\"1.0.0\",\"parameters\":{\"listOfAllowedLocations\":{\"type\":\"array\",\"metadata\":{\"description\":\"An array of permitted locations for resources.\",\"strongType\":\"location\",\"displayName\":\"List of locations\"}},\"effectParam\":{\"type\":\"string\",\"metadata\":{\"description\":\"The effect of the policy\",\"displayName\":\"Policy Effect\"},\"allowedValues\":[\"Deny\",\"Disabled\"],\"defaultValue\":\"Deny\"}},\"policyRule\":{\"if\":{\"not\":{\"field\":\"location\",\"in\":\"[parameters(\u0027listOfAllowedLocations\u0027)]\"}},\"then\":{\"effect\":\"[parameters(\u0027effectParam\u0027)]\"}},\"versions\":[\"1.0.0\"]},\"id\":\"/subscriptions/e5a130f3-57fd-46b6-9c55-03d21a853935/providers/Microsoft.Authorization/policyDefinitions/psPolicySetDefinitionVersionWithParameters01\",\"type\":\"Microsoft.Authorization/policyDefinitions\",\"name\":\"psPolicySetDefinitionVersionWithParameters01\",\"systemData\":{\"createdBy\":\"zhaocelina@microsoft.com\",\"createdByType\":\"User\",\"createdAt\":\"2026-01-27T00:29:19.9686628Z\",\"lastModifiedBy\":\"zhaocelina@microsoft.com\",\"lastModifiedByType\":\"User\",\"lastModifiedAt\":\"2026-01-27T00:29:19.9686628Z\"}}",
      "isContentBase64": false
    }
  }
}