{
  "PolicyExemptionCRUDOnPolicySet+[NoContext]+[NoScenario]+$GET+https://management.azure.com/providers/Microsoft.Authorization/policyDefinitions/0a914e76-4921-4c19-b460-a2d36003525a?api-version=2023-04-01+1": {
    "Request": {
      "Method": "GET",
      "RequestUri": "https://management.azure.com/providers/Microsoft.Authorization/policyDefinitions/0a914e76-4921-4c19-b460-a2d36003525a?api-version=2023-04-01",
      "Content": null,
      "isContentBase64": false,
      "Headers": {
        "x-ms-unique-id": [ "1294" ],
        "x-ms-client-request-id": [ "c515e040-101e-4e84-bbb6-b074f5b37521" ],
        "CommandName": [ "\u0026" ],
        "FullCommandName": [ "Get-AzPolicyDefinitionBuilt_GetViaIdentity" ],
        "ParameterSetName": [ "__AllParameterSets" ],
        "User-Agent": [ "AzurePowershell/v11.0.0", "PSVersion/v7.4.1", "Az.Policy/0.1.1" ],
        "Authorization": [ "[Filtered]" ]
      },
      "ContentHeaders": {
      }
    },
    "Response": {
      "StatusCode": 200,
      "Headers": {
        "Cache-Control": [ "no-cache" ],
        "Pragma": [ "no-cache" ],
        "Strict-Transport-Security": [ "max-age=31536000; includeSubDomains" ],
        "x-ms-ratelimit-remaining-tenant-reads": [ "11998" ],
        "x-ms-request-id": [ "855d06dc-6e54-4456-91aa-790b1ced8fed" ],
        "x-ms-correlation-request-id": [ "855d06dc-6e54-4456-91aa-790b1ced8fed" ],
        "x-ms-routing-request-id": [ "WESTUS:20240327T205515Z:855d06dc-6e54-4456-91aa-790b1ced8fed" ],
        "X-Content-Type-Options": [ "nosniff" ],
        "X-Cache": [ "CONFIG_NOCACHE" ],
        "X-MSEdge-Ref": [ "Ref A: 6B19806A9496441F8B339C447173FC41 Ref B: CO6AA3150218023 Ref C: 2024-03-27T20:55:15Z" ],
        "Date": [ "Wed, 27 Mar 2024 20:55:15 GMT" ]
      },
      "ContentHeaders": {
        "Content-Length": [ "660" ],
        "Content-Type": [ "application/json; charset=utf-8" ],
        "Expires": [ "-1" ]
      },
      "Content": "{\"properties\":{\"displayName\":\"Audit resource location matches resource group location\",\"policyType\":\"BuiltIn\",\"mode\":\"Indexed\",\"description\":\"Audit that the resource location matches its resource group location\",\"metadata\":{\"version\":\"2.0.0\",\"category\":\"General\"},\"version\":\"2.0.0\",\"policyRule\":{\"if\":{\"allOf\":[{\"field\":\"location\",\"notEquals\":\"[resourcegroup().location]\"},{\"field\":\"location\",\"notEquals\":\"global\"}]},\"then\":{\"effect\":\"audit\"}},\"versions\":[\"2.0.0\"]},\"id\":\"/providers/Microsoft.Authorization/policyDefinitions/0a914e76-4921-4c19-b460-a2d36003525a\",\"type\":\"Microsoft.Authorization/policyDefinitions\",\"name\":\"0a914e76-4921-4c19-b460-a2d36003525a\"}",
      "isContentBase64": false
    }
  },
  "PolicyExemptionCRUDOnPolicySet+[NoContext]+[NoScenario]+$PUT+https://management.azure.com/subscriptions/edb2c18a-04d6-49e9-bc72-e23852f507ad/providers/Microsoft.Authorization/policySetDefinitions/psPolicyExemptionCRUDOnPolicySet03?api-version=2023-04-01+2": {
    "Request": {
      "Method": "PUT",
      "RequestUri": "https://management.azure.com/subscriptions/edb2c18a-04d6-49e9-bc72-e23852f507ad/providers/Microsoft.Authorization/policySetDefinitions/psPolicyExemptionCRUDOnPolicySet03?api-version=2023-04-01",
      "Content": "{\r\n  \"properties\": {\r\n    \"displayName\": \"Unit test junk: sorry for littering. Please delete me!\",\r\n    \"policyDefinitions\": [\r\n      {\r\n        \"policyDefinitionId\": \"/providers/Microsoft.Authorization/policyDefinitions/0a914e76-4921-4c19-b460-a2d36003525a\"\r\n      }\r\n    ]\r\n  }\r\n}",
      "isContentBase64": false,
      "Headers": {
      },
      "ContentHeaders": {
        "Content-Type": [ "application/json" ],
        "Content-Length": [ "282" ]
      }
    },
    "Response": {
      "StatusCode": 201,
      "Headers": {
        "Cache-Control": [ "no-cache" ],
        "Pragma": [ "no-cache" ],
        "Strict-Transport-Security": [ "max-age=31536000; includeSubDomains" ],
        "x-ms-ratelimit-remaining-subscription-writes": [ "1194" ],
        "x-ms-request-id": [ "f37c49f0-d6f2-4f1c-8e0a-e522c820787e" ],
        "x-ms-correlation-request-id": [ "f37c49f0-d6f2-4f1c-8e0a-e522c820787e" ],
        "x-ms-routing-request-id": [ "WESTUS:20240327T205516Z:f37c49f0-d6f2-4f1c-8e0a-e522c820787e" ],
        "X-Content-Type-Options": [ "nosniff" ],
        "X-Cache": [ "CONFIG_NOCACHE" ],
        "X-MSEdge-Ref": [ "Ref A: 29DCE2B7F15C4BB4B1B975903110ABB2 Ref B: CO6AA3150218023 Ref C: 2024-03-27T20:55:15Z" ],
        "Date": [ "Wed, 27 Mar 2024 20:55:16 GMT" ]
      },
      "ContentHeaders": {
        "Content-Length": [ "996" ],
        "Content-Type": [ "application/json; charset=utf-8" ],
        "Expires": [ "-1" ]
      },
      "Content": "{\"properties\":{\"displayName\":\"Unit test junk: sorry for littering. Please delete me!\",\"policyType\":\"Custom\",\"metadata\":{\"createdBy\":\"3d826307-2481-45a0-a271-bcf9333f914a\",\"createdOn\":\"2024-03-27T20:55:16.006714Z\",\"updatedBy\":null,\"updatedOn\":null},\"version\":\"1.0.0\",\"policyDefinitions\":[{\"policyDefinitionReferenceId\":\"2719031940633985590\",\"policyDefinitionId\":\"/providers/Microsoft.Authorization/policyDefinitions/0a914e76-4921-4c19-b460-a2d36003525a\",\"definitionVersion\":\"2.*.*\"}],\"versions\":[\"1.0.0\"]},\"id\":\"/subscriptions/edb2c18a-04d6-49e9-bc72-e23852f507ad/providers/Microsoft.Authorization/policySetDefinitions/psPolicyExemptionCRUDOnPolicySet03\",\"type\":\"Microsoft.Authorization/policySetDefinitions\",\"name\":\"psPolicyExemptionCRUDOnPolicySet03\",\"systemData\":{\"createdBy\":\"cstack@ntdev.microsoft.com\",\"createdByType\":\"User\",\"createdAt\":\"2024-03-27T20:55:15.9780379Z\",\"lastModifiedBy\":\"cstack@ntdev.microsoft.com\",\"lastModifiedByType\":\"User\",\"lastModifiedAt\":\"2024-03-27T20:55:15.9780379Z\"}}",
      "isContentBase64": false
    }
  },
  "PolicyExemptionCRUDOnPolicySet+[NoContext]+[NoScenario]+$PUT+https://management.azure.com//subscriptions/edb2c18a-04d6-49e9-bc72-e23852f507ad/providers/Microsoft.Authorization/policyAssignments/psPolicyExemptionCRUDOnPolicySet04?api-version=2023-04-01+3": {
    "Request": {
      "Method": "PUT",
      "RequestUri": "https://management.azure.com//subscriptions/edb2c18a-04d6-49e9-bc72-e23852f507ad/providers/Microsoft.Authorization/policyAssignments/psPolicyExemptionCRUDOnPolicySet04?api-version=2023-04-01",
      "Content": "{\r\n  \"properties\": {\r\n    \"displayName\": \"Unit test junk: sorry for littering. Please delete me!\",\r\n    \"policyDefinitionId\": \"/subscriptions/edb2c18a-04d6-49e9-bc72-e23852f507ad/providers/Microsoft.Authorization/policySetDefinitions/psPolicyExemptionCRUDOnPolicySet03\"\r\n  }\r\n}",
      "isContentBase64": false,
      "Headers": {
      },
      "ContentHeaders": {
        "Content-Type": [ "application/json" ],
        "Content-Length": [ "277" ]
      }
    },
    "Response": {
      "StatusCode": 201,
      "Headers": {
        "Cache-Control": [ "no-cache" ],
        "Pragma": [ "no-cache" ],
        "Strict-Transport-Security": [ "max-age=31536000; includeSubDomains" ],
        "x-ms-ratelimit-remaining-subscription-writes": [ "1196" ],
        "x-ms-request-id": [ "4343ee52-138b-48ea-818e-aaa887336a2b" ],
        "x-ms-correlation-request-id": [ "4343ee52-138b-48ea-818e-aaa887336a2b" ],
        "x-ms-routing-request-id": [ "WESTUS:20240327T205516Z:4343ee52-138b-48ea-818e-aaa887336a2b" ],
        "X-Content-Type-Options": [ "nosniff" ],
        "X-Cache": [ "CONFIG_NOCACHE" ],
        "X-MSEdge-Ref": [ "Ref A: 5031F5E985704FBFAB479B68D433572A Ref B: CO6AA3150218023 Ref C: 2024-03-27T20:55:16Z" ],
        "Date": [ "Wed, 27 Mar 2024 20:55:16 GMT" ]
      },
      "ContentHeaders": {
        "Content-Length": [ "996" ],
        "Content-Type": [ "application/json; charset=utf-8" ],
        "Expires": [ "-1" ]
      },
      "Content": "{\"properties\":{\"displayName\":\"Unit test junk: sorry for littering. Please delete me!\",\"policyDefinitionId\":\"/subscriptions/edb2c18a-04d6-49e9-bc72-e23852f507ad/providers/Microsoft.Authorization/policySetDefinitions/psPolicyExemptionCRUDOnPolicySet03\",\"definitionVersion\":\"1.*.*\",\"scope\":\"/subscriptions/edb2c18a-04d6-49e9-bc72-e23852f507ad\",\"metadata\":{\"createdBy\":\"3d826307-2481-45a0-a271-bcf9333f914a\",\"createdOn\":\"2024-03-27T20:55:16.5265956Z\",\"updatedBy\":null,\"updatedOn\":null},\"enforcementMode\":\"Default\"},\"id\":\"/subscriptions/edb2c18a-04d6-49e9-bc72-e23852f507ad/providers/Microsoft.Authorization/policyAssignments/psPolicyExemptionCRUDOnPolicySet04\",\"type\":\"Microsoft.Authorization/policyAssignments\",\"name\":\"psPolicyExemptionCRUDOnPolicySet04\",\"systemData\":{\"createdBy\":\"cstack@ntdev.microsoft.com\",\"createdByType\":\"User\",\"createdAt\":\"2024-03-27T20:55:16.5193437Z\",\"lastModifiedBy\":\"cstack@ntdev.microsoft.com\",\"lastModifiedByType\":\"User\",\"lastModifiedAt\":\"2024-03-27T20:55:16.5193437Z\"}}",
      "isContentBase64": false
    }
  },
  "PolicyExemptionCRUDOnPolicySet+[NoContext]+[NoScenario]+$PUT+https://management.azure.com//subscriptions/edb2c18a-04d6-49e9-bc72-e23852f507ad/providers/Microsoft.Authorization/policyExemptions/psPolicyExemptionCRUDOnPolicySet01?api-version=2022-07-01-preview+4": {
    "Request": {
      "Method": "PUT",
      "RequestUri": "https://management.azure.com//subscriptions/edb2c18a-04d6-49e9-bc72-e23852f507ad/providers/Microsoft.Authorization/policyExemptions/psPolicyExemptionCRUDOnPolicySet01?api-version=2022-07-01-preview",
      "Content": "{\r\n  \"properties\": {\r\n    \"policyAssignmentId\": \"/subscriptions/edb2c18a-04d6-49e9-bc72-e23852f507ad/providers/Microsoft.Authorization/policyAssignments/psPolicyExemptionCRUDOnPolicySet04\",\r\n    \"exemptionCategory\": \"Waiver\",\r\n    \"expiresOn\": \"3021-03-09T07:30:10.0000000Z\",\r\n    \"displayName\": \"Unit test junk: sorry for littering. Please delete me!\"\r\n  }\r\n}",
      "isContentBase64": false,
      "Headers": {
      },
      "ContentHeaders": {
        "Content-Type": [ "application/json" ],
        "Content-Length": [ "360" ]
      }
    },
    "Response": {
      "StatusCode": 201,
      "Headers": {
        "Cache-Control": [ "no-cache" ],
        "Pragma": [ "no-cache" ],
        "Strict-Transport-Security": [ "max-age=31536000; includeSubDomains" ],
        "x-ms-ratelimit-remaining-subscription-writes": [ "1197" ],
        "x-ms-request-id": [ "5b1c799f-9bb2-4952-8b51-2c185ecd7dfd" ],
        "x-ms-correlation-request-id": [ "5b1c799f-9bb2-4952-8b51-2c185ecd7dfd" ],
        "x-ms-routing-request-id": [ "WESTUS:20240327T205517Z:5b1c799f-9bb2-4952-8b51-2c185ecd7dfd" ],
        "X-Content-Type-Options": [ "nosniff" ],
        "X-Cache": [ "CONFIG_NOCACHE" ],
        "X-MSEdge-Ref": [ "Ref A: 9F38AF12AF384226AC03CA09EC26A927 Ref B: CO6AA3150218023 Ref C: 2024-03-27T20:55:17Z" ],
        "Date": [ "Wed, 27 Mar 2024 20:55:17 GMT" ]
      },
      "ContentHeaders": {
        "Content-Length": [ "794" ],
        "Content-Type": [ "application/json; charset=utf-8" ],
        "Expires": [ "-1" ]
      },
      "Content": "{\"properties\":{\"policyAssignmentId\":\"/subscriptions/edb2c18a-04d6-49e9-bc72-e23852f507ad/providers/Microsoft.Authorization/policyAssignments/psPolicyExemptionCRUDOnPolicySet04\",\"exemptionCategory\":\"Waiver\",\"displayName\":\"Unit test junk: sorry for littering. Please delete me!\",\"expiresOn\":\"3021-03-09T07:30:10Z\"},\"id\":\"/subscriptions/edb2c18a-04d6-49e9-bc72-e23852f507ad/providers/Microsoft.Authorization/policyExemptions/psPolicyExemptionCRUDOnPolicySet01\",\"type\":\"Microsoft.Authorization/policyExemptions\",\"name\":\"psPolicyExemptionCRUDOnPolicySet01\",\"systemData\":{\"createdBy\":\"cstack@ntdev.microsoft.com\",\"createdByType\":\"User\",\"createdAt\":\"2024-03-27T20:55:17.168759Z\",\"lastModifiedBy\":\"cstack@ntdev.microsoft.com\",\"lastModifiedByType\":\"User\",\"lastModifiedAt\":\"2024-03-27T20:55:17.168759Z\"}}",
      "isContentBase64": false
    }
  },
  "PolicyExemptionCRUDOnPolicySet+[NoContext]+Update policy exemption by pipeline input+$PUT+https://management.azure.com//subscriptions/edb2c18a-04d6-49e9-bc72-e23852f507ad/providers/Microsoft.Authorization/policyExemptions/psPolicyExemptionCRUDOnPolicySet01?api-version=2022-07-01-preview+1": {
    "Request": {
      "Method": "PUT",
      "RequestUri": "https://management.azure.com//subscriptions/edb2c18a-04d6-49e9-bc72-e23852f507ad/providers/Microsoft.Authorization/policyExemptions/psPolicyExemptionCRUDOnPolicySet01?api-version=2022-07-01-preview",
      "Content": "{\r\n  \"properties\": {\r\n    \"policyAssignmentId\": \"/subscriptions/edb2c18a-04d6-49e9-bc72-e23852f507ad/providers/Microsoft.Authorization/policyAssignments/psPolicyExemptionCRUDOnPolicySet04\",\r\n    \"policyDefinitionReferenceIds\": [ \"2719031940633985590\" ],\r\n    \"exemptionCategory\": \"Mitigated\",\r\n    \"expiresOn\": \"3021-03-10T07:30:10.0000000Z\",\r\n    \"displayName\": \"testDisplay\"\r\n  }\r\n}",
      "isContentBase64": false,
      "Headers": {
      },
      "ContentHeaders": {
        "Content-Type": [ "application/json" ],
        "Content-Length": [ "384" ]
      }
    },
    "Response": {
      "StatusCode": 200,
      "Headers": {
        "Cache-Control": [ "no-cache" ],
        "Pragma": [ "no-cache" ],
        "Strict-Transport-Security": [ "max-age=31536000; includeSubDomains" ],
        "x-ms-ratelimit-remaining-subscription-writes": [ "1199" ],
        "x-ms-request-id": [ "4a1a4285-c951-4ea5-9ef4-4322b426a9e0" ],
        "x-ms-correlation-request-id": [ "4a1a4285-c951-4ea5-9ef4-4322b426a9e0" ],
        "x-ms-routing-request-id": [ "WESTUS:20240327T205518Z:4a1a4285-c951-4ea5-9ef4-4322b426a9e0" ],
        "X-Content-Type-Options": [ "nosniff" ],
        "X-Cache": [ "CONFIG_NOCACHE" ],
        "X-MSEdge-Ref": [ "Ref A: F562A61304224EC09C81206132AD36E0 Ref B: CO6AA3150218023 Ref C: 2024-03-27T20:55:17Z" ],
        "Date": [ "Wed, 27 Mar 2024 20:55:17 GMT" ]
      },
      "ContentHeaders": {
        "Content-Length": [ "810" ],
        "Content-Type": [ "application/json; charset=utf-8" ],
        "Expires": [ "-1" ]
      },
      "Content": "{\"properties\":{\"policyAssignmentId\":\"/subscriptions/edb2c18a-04d6-49e9-bc72-e23852f507ad/providers/Microsoft.Authorization/policyAssignments/psPolicyExemptionCRUDOnPolicySet04\",\"policyDefinitionReferenceIds\":[\"2719031940633985590\"],\"exemptionCategory\":\"Mitigated\",\"displayName\":\"testDisplay\",\"expiresOn\":\"3021-03-10T07:30:10Z\"},\"id\":\"/subscriptions/edb2c18a-04d6-49e9-bc72-e23852f507ad/providers/Microsoft.Authorization/policyExemptions/psPolicyExemptionCRUDOnPolicySet01\",\"type\":\"Microsoft.Authorization/policyExemptions\",\"name\":\"psPolicyExemptionCRUDOnPolicySet01\",\"systemData\":{\"createdBy\":\"cstack@ntdev.microsoft.com\",\"createdByType\":\"User\",\"createdAt\":\"2024-03-27T20:55:17.168759Z\",\"lastModifiedBy\":\"cstack@ntdev.microsoft.com\",\"lastModifiedByType\":\"User\",\"lastModifiedAt\":\"2024-03-27T20:55:17.8637864Z\"}}",
      "isContentBase64": false
    }
  },
  "PolicyExemptionCRUDOnPolicySet+[NoContext]+Update policy exemption by parameters+$PUT+https://management.azure.com//subscriptions/edb2c18a-04d6-49e9-bc72-e23852f507ad/providers/Microsoft.Authorization/policyExemptions/psPolicyExemptionCRUDOnPolicySet01?api-version=2022-07-01-preview+1": {
    "Request": {
      "Method": "PUT",
      "RequestUri": "https://management.azure.com//subscriptions/edb2c18a-04d6-49e9-bc72-e23852f507ad/providers/Microsoft.Authorization/policyExemptions/psPolicyExemptionCRUDOnPolicySet01?api-version=2022-07-01-preview",
      "Content": "{\r\n  \"properties\": {\r\n    \"policyAssignmentId\": \"/subscriptions/edb2c18a-04d6-49e9-bc72-e23852f507ad/providers/Microsoft.Authorization/policyAssignments/psPolicyExemptionCRUDOnPolicySet04\",\r\n    \"policyDefinitionReferenceIds\": [ \"2719031940633985590\" ],\r\n    \"exemptionCategory\": \"Waiver\",\r\n    \"expiresOn\": \"3021-03-10T07:30:10.0000000Z\",\r\n    \"displayName\": \"testDisplay1\"\r\n  }\r\n}",
      "isContentBase64": false,
      "Headers": {
      },
      "ContentHeaders": {
        "Content-Type": [ "application/json" ],
        "Content-Length": [ "382" ]
      }
    },
    "Response": {
      "StatusCode": 200,
      "Headers": {
        "Cache-Control": [ "no-cache" ],
        "Pragma": [ "no-cache" ],
        "Strict-Transport-Security": [ "max-age=31536000; includeSubDomains" ],
        "x-ms-ratelimit-remaining-subscription-writes": [ "1198" ],
        "x-ms-request-id": [ "790434bc-622d-4a9c-bb3c-bea2acf1ccbb" ],
        "x-ms-correlation-request-id": [ "790434bc-622d-4a9c-bb3c-bea2acf1ccbb" ],
        "x-ms-routing-request-id": [ "WESTUS:20240327T205518Z:790434bc-622d-4a9c-bb3c-bea2acf1ccbb" ],
        "X-Content-Type-Options": [ "nosniff" ],
        "X-Cache": [ "CONFIG_NOCACHE" ],
        "X-MSEdge-Ref": [ "Ref A: 7C782B195E8846879D0FB7ACE8DF52E9 Ref B: CO6AA3150218023 Ref C: 2024-03-27T20:55:18Z" ],
        "Date": [ "Wed, 27 Mar 2024 20:55:18 GMT" ]
      },
      "ContentHeaders": {
        "Content-Length": [ "808" ],
        "Content-Type": [ "application/json; charset=utf-8" ],
        "Expires": [ "-1" ]
      },
      "Content": "{\"properties\":{\"policyAssignmentId\":\"/subscriptions/edb2c18a-04d6-49e9-bc72-e23852f507ad/providers/Microsoft.Authorization/policyAssignments/psPolicyExemptionCRUDOnPolicySet04\",\"policyDefinitionReferenceIds\":[\"2719031940633985590\"],\"exemptionCategory\":\"Waiver\",\"displayName\":\"testDisplay1\",\"expiresOn\":\"3021-03-10T07:30:10Z\"},\"id\":\"/subscriptions/edb2c18a-04d6-49e9-bc72-e23852f507ad/providers/Microsoft.Authorization/policyExemptions/psPolicyExemptionCRUDOnPolicySet01\",\"type\":\"Microsoft.Authorization/policyExemptions\",\"name\":\"psPolicyExemptionCRUDOnPolicySet01\",\"systemData\":{\"createdBy\":\"cstack@ntdev.microsoft.com\",\"createdByType\":\"User\",\"createdAt\":\"2024-03-27T20:55:17.168759Z\",\"lastModifiedBy\":\"cstack@ntdev.microsoft.com\",\"lastModifiedByType\":\"User\",\"lastModifiedAt\":\"2024-03-27T20:55:18.4418865Z\"}}",
      "isContentBase64": false
    }
  },
  "PolicyExemptionCRUDOnPolicySet+[NoContext]+Update policy exemption to clear the expiration+$PUT+https://management.azure.com//subscriptions/edb2c18a-04d6-49e9-bc72-e23852f507ad/providers/Microsoft.Authorization/policyExemptions/psPolicyExemptionCRUDOnPolicySet01?api-version=2022-07-01-preview+1": {
    "Request": {
      "Method": "PUT",
      "RequestUri": "https://management.azure.com//subscriptions/edb2c18a-04d6-49e9-bc72-e23852f507ad/providers/Microsoft.Authorization/policyExemptions/psPolicyExemptionCRUDOnPolicySet01?api-version=2022-07-01-preview",
      "Content": "{\r\n  \"properties\": {\r\n    \"policyAssignmentId\": \"/subscriptions/edb2c18a-04d6-49e9-bc72-e23852f507ad/providers/Microsoft.Authorization/policyAssignments/psPolicyExemptionCRUDOnPolicySet04\",\r\n    \"policyDefinitionReferenceIds\": [ ],\r\n    \"exemptionCategory\": \"Mitigated\",\r\n    \"expiresOn\": \"3021-03-10T07:30:10.0000000Z\",\r\n    \"displayName\": \"testDisplay\"\r\n  }\r\n}",
      "isContentBase64": false,
      "Headers": {
      },
      "ContentHeaders": {
        "Content-Type": [ "application/json" ],
        "Content-Length": [ "362" ]
      }
    },
    "Response": {
      "StatusCode": 200,
      "Headers": {
        "Cache-Control": [ "no-cache" ],
        "Pragma": [ "no-cache" ],
        "Strict-Transport-Security": [ "max-age=31536000; includeSubDomains" ],
        "x-ms-ratelimit-remaining-subscription-writes": [ "1197" ],
        "x-ms-request-id": [ "6c084241-e274-46e9-8622-04b066d51679" ],
        "x-ms-correlation-request-id": [ "6c084241-e274-46e9-8622-04b066d51679" ],
        "x-ms-routing-request-id": [ "WESTUS:20240327T205519Z:6c084241-e274-46e9-8622-04b066d51679" ],
        "X-Content-Type-Options": [ "nosniff" ],
        "X-Cache": [ "CONFIG_NOCACHE" ],
        "X-MSEdge-Ref": [ "Ref A: 7D1653EF7AC64AE9B71DAEB80756A2A0 Ref B: CO6AA3150218023 Ref C: 2024-03-27T20:55:18Z" ],
        "Date": [ "Wed, 27 Mar 2024 20:55:18 GMT" ]
      },
      "ContentHeaders": {
        "Content-Length": [ "788" ],
        "Content-Type": [ "application/json; charset=utf-8" ],
        "Expires": [ "-1" ]
      },
      "Content": "{\"properties\":{\"policyAssignmentId\":\"/subscriptions/edb2c18a-04d6-49e9-bc72-e23852f507ad/providers/Microsoft.Authorization/policyAssignments/psPolicyExemptionCRUDOnPolicySet04\",\"policyDefinitionReferenceIds\":[],\"exemptionCategory\":\"Mitigated\",\"displayName\":\"testDisplay\",\"expiresOn\":\"3021-03-10T07:30:10Z\"},\"id\":\"/subscriptions/edb2c18a-04d6-49e9-bc72-e23852f507ad/providers/Microsoft.Authorization/policyExemptions/psPolicyExemptionCRUDOnPolicySet01\",\"type\":\"Microsoft.Authorization/policyExemptions\",\"name\":\"psPolicyExemptionCRUDOnPolicySet01\",\"systemData\":{\"createdBy\":\"cstack@ntdev.microsoft.com\",\"createdByType\":\"User\",\"createdAt\":\"2024-03-27T20:55:17.168759Z\",\"lastModifiedBy\":\"cstack@ntdev.microsoft.com\",\"lastModifiedByType\":\"User\",\"lastModifiedAt\":\"2024-03-27T20:55:18.988775Z\"}}",
      "isContentBase64": false
    }
  },
  "PolicyExemptionCRUDOnPolicySet+[NoContext]+List policy exemptions+$PUT+https://management.azure.com//subscriptions/edb2c18a-04d6-49e9-bc72-e23852f507ad/providers/Microsoft.Authorization/policyExemptions/psPolicyExemptionCRUDOnPolicySet02?api-version=2022-07-01-preview+1": {
    "Request": {
      "Method": "PUT",
      "RequestUri": "https://management.azure.com//subscriptions/edb2c18a-04d6-49e9-bc72-e23852f507ad/providers/Microsoft.Authorization/policyExemptions/psPolicyExemptionCRUDOnPolicySet02?api-version=2022-07-01-preview",
      "Content": "{\r\n  \"properties\": {\r\n    \"policyAssignmentId\": \"/subscriptions/edb2c18a-04d6-49e9-bc72-e23852f507ad/providers/Microsoft.Authorization/policyAssignments/psPolicyExemptionCRUDOnPolicySet04\",\r\n    \"exemptionCategory\": \"Mitigated\",\r\n    \"displayName\": \"Unit test junk: sorry for littering. Please delete me!\"\r\n  }\r\n}",
      "isContentBase64": false,
      "Headers": {
      },
      "ContentHeaders": {
        "Content-Type": [ "application/json" ],
        "Content-Length": [ "313" ]
      }
    },
    "Response": {
      "StatusCode": 201,
      "Headers": {
        "Cache-Control": [ "no-cache" ],
        "Pragma": [ "no-cache" ],
        "Strict-Transport-Security": [ "max-age=31536000; includeSubDomains" ],
        "x-ms-ratelimit-remaining-subscription-writes": [ "1199" ],
        "x-ms-request-id": [ "456561a6-1e68-4c35-bb45-d41e9c5c354c" ],
        "x-ms-correlation-request-id": [ "456561a6-1e68-4c35-bb45-d41e9c5c354c" ],
        "x-ms-routing-request-id": [ "WESTUS:20240327T205519Z:456561a6-1e68-4c35-bb45-d41e9c5c354c" ],
        "X-Content-Type-Options": [ "nosniff" ],
        "X-Cache": [ "CONFIG_NOCACHE" ],
        "X-MSEdge-Ref": [ "Ref A: 5EFC2FCBA1B948A8AB95371899DC57A5 Ref B: CO6AA3150218023 Ref C: 2024-03-27T20:55:19Z" ],
        "Date": [ "Wed, 27 Mar 2024 20:55:19 GMT" ]
      },
      "ContentHeaders": {
        "Content-Length": [ "764" ],
        "Content-Type": [ "application/json; charset=utf-8" ],
        "Expires": [ "-1" ]
      },
      "Content": "{\"properties\":{\"policyAssignmentId\":\"/subscriptions/edb2c18a-04d6-49e9-bc72-e23852f507ad/providers/Microsoft.Authorization/policyAssignments/psPolicyExemptionCRUDOnPolicySet04\",\"exemptionCategory\":\"Mitigated\",\"displayName\":\"Unit test junk: sorry for littering. Please delete me!\"},\"id\":\"/subscriptions/edb2c18a-04d6-49e9-bc72-e23852f507ad/providers/Microsoft.Authorization/policyExemptions/psPolicyExemptionCRUDOnPolicySet02\",\"type\":\"Microsoft.Authorization/policyExemptions\",\"name\":\"psPolicyExemptionCRUDOnPolicySet02\",\"systemData\":{\"createdBy\":\"cstack@ntdev.microsoft.com\",\"createdByType\":\"User\",\"createdAt\":\"2024-03-27T20:55:19.4629715Z\",\"lastModifiedBy\":\"cstack@ntdev.microsoft.com\",\"lastModifiedByType\":\"User\",\"lastModifiedAt\":\"2024-03-27T20:55:19.4629715Z\"}}",
      "isContentBase64": false
    }
  },
  "PolicyExemptionCRUDOnPolicySet+[NoContext]+List policy exemptions+$GET+https://management.azure.com/subscriptions/edb2c18a-04d6-49e9-bc72-e23852f507ad/providers/Microsoft.Authorization/policyExemptions?$filter=atScope()\u0026api-version=2022-07-01-preview+2": {
    "Request": {
      "Method": "GET",
      "RequestUri": "https://management.azure.com/subscriptions/edb2c18a-04d6-49e9-bc72-e23852f507ad/providers/Microsoft.Authorization/policyExemptions?$filter=atScope()\u0026api-version=2022-07-01-preview",
      "Content": null,
      "isContentBase64": false,
      "Headers": {
        "x-ms-unique-id": [ "1305" ],
        "x-ms-client-request-id": [ "8db284a9-d582-41c0-a1d9-7c26c42a6de3" ],
        "CommandName": [ "\u0026" ],
        "FullCommandName": [ "Get-AzPolicyExemption_List" ],
        "ParameterSetName": [ "__AllParameterSets" ],
        "User-Agent": [ "AzurePowershell/v11.0.0", "PSVersion/v7.4.1", "Az.Policy/0.1.1" ],
        "Authorization": [ "[Filtered]" ]
      },
      "ContentHeaders": {
      }
    },
    "Response": {
      "StatusCode": 200,
      "Headers": {
        "Cache-Control": [ "no-cache" ],
        "Pragma": [ "no-cache" ],
        "Strict-Transport-Security": [ "max-age=31536000; includeSubDomains" ],
        "x-ms-ratelimit-remaining-subscription-reads": [ "11992" ],
        "x-ms-request-id": [ "6217975a-bbfd-4600-83e2-9cbba40e0b29" ],
        "x-ms-correlation-request-id": [ "6217975a-bbfd-4600-83e2-9cbba40e0b29" ],
        "x-ms-routing-request-id": [ "WESTUS:20240327T205519Z:6217975a-bbfd-4600-83e2-9cbba40e0b29" ],
        "X-Content-Type-Options": [ "nosniff" ],
        "X-Cache": [ "CONFIG_NOCACHE" ],
        "X-MSEdge-Ref": [ "Ref A: 8769283137D341EE8B07503468EAE7A6 Ref B: CO6AA3150218023 Ref C: 2024-03-27T20:55:19Z" ],
        "Date": [ "Wed, 27 Mar 2024 20:55:19 GMT" ]
      },
      "ContentHeaders": {
        "Content-Length": [ "3272" ],
        "Content-Type": [ "application/json; charset=utf-8" ],
        "Expires": [ "-1" ]
      },
      "Content": "{\"value\":[{\"properties\":{\"policyAssignmentId\":\"/subscriptions/edb2c18a-04d6-49e9-bc72-e23852f507ad/providers/Microsoft.Authorization/policyAssignments/psPolicyExemptionCRUDOnPolicySet04\",\"policyDefinitionReferenceIds\":[],\"exemptionCategory\":\"Mitigated\",\"displayName\":\"testDisplay\",\"expiresOn\":\"3021-03-10T07:30:10Z\"},\"id\":\"/subscriptions/edb2c18a-04d6-49e9-bc72-e23852f507ad/providers/Microsoft.Authorization/policyExemptions/psPolicyExemptionCRUDOnPolicySet01\",\"type\":\"Microsoft.Authorization/policyExemptions\",\"name\":\"psPolicyExemptionCRUDOnPolicySet01\",\"systemData\":{\"createdBy\":\"cstack@ntdev.microsoft.com\",\"createdByType\":\"User\",\"createdAt\":\"2024-03-27T20:55:17.168759Z\",\"lastModifiedBy\":\"cstack@ntdev.microsoft.com\",\"lastModifiedByType\":\"User\",\"lastModifiedAt\":\"2024-03-27T20:55:18.988775Z\"}},{\"properties\":{\"policyAssignmentId\":\"/subscriptions/edb2c18a-04d6-49e9-bc72-e23852f507ad/providers/Microsoft.Authorization/policyAssignments/psPolicyExemptionCRUDOnPolicySet04\",\"exemptionCategory\":\"Mitigated\",\"displayName\":\"Unit test junk: sorry for littering. Please delete me!\"},\"id\":\"/subscriptions/edb2c18a-04d6-49e9-bc72-e23852f507ad/providers/Microsoft.Authorization/policyExemptions/psPolicyExemptionCRUDOnPolicySet02\",\"type\":\"Microsoft.Authorization/policyExemptions\",\"name\":\"psPolicyExemptionCRUDOnPolicySet02\",\"systemData\":{\"createdBy\":\"cstack@ntdev.microsoft.com\",\"createdByType\":\"User\",\"createdAt\":\"2024-03-27T20:55:19.4629715Z\",\"lastModifiedBy\":\"cstack@ntdev.microsoft.com\",\"lastModifiedByType\":\"User\",\"lastModifiedAt\":\"2024-03-27T20:55:19.4629715Z\"}},{\"properties\":{\"policyAssignmentId\":\"/providers/Microsoft.Management/managementGroups/AzGovPerfTest/providers/Microsoft.Authorization/policyAssignments/e4d662572b4f40409eed77e8\",\"policyDefinitionReferenceIds\":[],\"exemptionCategory\":\"Mitigated\",\"displayName\":\"Azure Governance Performance Test - tony-test-modifyDenyMG\",\"description\":\"\",\"expiresOn\":\"2024-02-10T08:00:00Z\",\"resourceSelectors\":[],\"metadata\":{}},\"id\":\"/providers/Microsoft.Management/managementGroups/AzGovPerfTest/providers/Microsoft.Authorization/policyExemptions/411d2dfc3efb44bc89510bf3\",\"type\":\"Microsoft.Authorization/policyExemptions\",\"name\":\"411d2dfc3efb44bc89510bf3\",\"systemData\":{\"createdBy\":\"qingyechen@microsoft.com\",\"createdByType\":\"User\",\"createdAt\":\"2024-01-18T19:32:04.6336364Z\",\"lastModifiedBy\":\"qingyechen@microsoft.com\",\"lastModifiedByType\":\"User\",\"lastModifiedAt\":\"2024-02-01T05:41:56.656852Z\"}},{\"properties\":{\"policyAssignmentId\":\"/providers/Microsoft.Management/managementGroups/AzGovPerfTest/providers/Microsoft.Authorization/policyAssignments/c691bb62817b40fda56c1b77\",\"policyDefinitionReferenceIds\":[],\"exemptionCategory\":\"Waiver\",\"displayName\":\"Azure Governance Performance Test - qingye-test-exemptionOnMG\",\"resourceSelectors\":[],\"metadata\":{}},\"id\":\"/providers/Microsoft.Management/managementGroups/AzGovPerfTest/providers/Microsoft.Authorization/policyExemptions/dcfaaf0f40374736afbffed9\",\"type\":\"Microsoft.Authorization/policyExemptions\",\"name\":\"dcfaaf0f40374736afbffed9\",\"systemData\":{\"createdBy\":\"qingyechen@microsoft.com\",\"createdByType\":\"User\",\"createdAt\":\"2023-06-27T17:08:45.1562625Z\",\"lastModifiedBy\":\"qingyechen@microsoft.com\",\"lastModifiedByType\":\"User\",\"lastModifiedAt\":\"2023-06-27T17:08:45.1562625Z\"}}]}",
      "isContentBase64": false
    }
  },
  "PolicyExemptionCRUDOnPolicySet+[NoContext]+[NoScenario]+$GET+https://management.azure.com/subscriptions/edb2c18a-04d6-49e9-bc72-e23852f507ad/providers/Microsoft.Authorization/policyExemptions?api-version=2022-07-01-preview+3": {
    "Request": {
      "Method": "GET",
      "RequestUri": "https://management.azure.com/subscriptions/edb2c18a-04d6-49e9-bc72-e23852f507ad/providers/Microsoft.Authorization/policyExemptions?api-version=2022-07-01-preview",
      "Content": null,
      "isContentBase64": false,
      "Headers": {
        "x-ms-unique-id": [ "1306" ],
        "x-ms-client-request-id": [ "ed0de1fe-bcbe-455a-8bef-67cb757fdb23" ],
        "CommandName": [ "\u0026" ],
        "FullCommandName": [ "Get-AzPolicyExemption_List" ],
        "ParameterSetName": [ "__AllParameterSets" ],
        "User-Agent": [ "AzurePowershell/v11.0.0", "PSVersion/v7.4.1", "Az.Policy/0.1.1" ],
        "Authorization": [ "[Filtered]" ]
      },
      "ContentHeaders": {
      }
    },
    "Response": {
      "StatusCode": 200,
      "Headers": {
        "Cache-Control": [ "no-cache" ],
        "Pragma": [ "no-cache" ],
        "Strict-Transport-Security": [ "max-age=31536000; includeSubDomains" ],
        "x-ms-ratelimit-remaining-subscription-reads": [ "11993" ],
        "x-ms-request-id": [ "72fe0f6c-0dce-4b36-b90d-617acf3968aa" ],
        "x-ms-correlation-request-id": [ "72fe0f6c-0dce-4b36-b90d-617acf3968aa" ],
        "x-ms-routing-request-id": [ "WESTUS:20240327T205520Z:72fe0f6c-0dce-4b36-b90d-617acf3968aa" ],
        "X-Content-Type-Options": [ "nosniff" ],
        "X-Cache": [ "CONFIG_NOCACHE" ],
        "X-MSEdge-Ref": [ "Ref A: DF86F3CBBAD24F8E903FB9B8C604CFFA Ref B: CO6AA3150218023 Ref C: 2024-03-27T20:55:20Z" ],
        "Date": [ "Wed, 27 Mar 2024 20:55:19 GMT" ]
      },
      "ContentHeaders": {
        "Content-Length": [ "3272" ],
        "Content-Type": [ "application/json; charset=utf-8" ],
        "Expires": [ "-1" ]
      },
      "Content": "{\"value\":[{\"properties\":{\"policyAssignmentId\":\"/subscriptions/edb2c18a-04d6-49e9-bc72-e23852f507ad/providers/Microsoft.Authorization/policyAssignments/psPolicyExemptionCRUDOnPolicySet04\",\"policyDefinitionReferenceIds\":[],\"exemptionCategory\":\"Mitigated\",\"displayName\":\"testDisplay\",\"expiresOn\":\"3021-03-10T07:30:10Z\"},\"id\":\"/subscriptions/edb2c18a-04d6-49e9-bc72-e23852f507ad/providers/Microsoft.Authorization/policyExemptions/psPolicyExemptionCRUDOnPolicySet01\",\"type\":\"Microsoft.Authorization/policyExemptions\",\"name\":\"psPolicyExemptionCRUDOnPolicySet01\",\"systemData\":{\"createdBy\":\"cstack@ntdev.microsoft.com\",\"createdByType\":\"User\",\"createdAt\":\"2024-03-27T20:55:17.168759Z\",\"lastModifiedBy\":\"cstack@ntdev.microsoft.com\",\"lastModifiedByType\":\"User\",\"lastModifiedAt\":\"2024-03-27T20:55:18.988775Z\"}},{\"properties\":{\"policyAssignmentId\":\"/subscriptions/edb2c18a-04d6-49e9-bc72-e23852f507ad/providers/Microsoft.Authorization/policyAssignments/psPolicyExemptionCRUDOnPolicySet04\",\"exemptionCategory\":\"Mitigated\",\"displayName\":\"Unit test junk: sorry for littering. Please delete me!\"},\"id\":\"/subscriptions/edb2c18a-04d6-49e9-bc72-e23852f507ad/providers/Microsoft.Authorization/policyExemptions/psPolicyExemptionCRUDOnPolicySet02\",\"type\":\"Microsoft.Authorization/policyExemptions\",\"name\":\"psPolicyExemptionCRUDOnPolicySet02\",\"systemData\":{\"createdBy\":\"cstack@ntdev.microsoft.com\",\"createdByType\":\"User\",\"createdAt\":\"2024-03-27T20:55:19.4629715Z\",\"lastModifiedBy\":\"cstack@ntdev.microsoft.com\",\"lastModifiedByType\":\"User\",\"lastModifiedAt\":\"2024-03-27T20:55:19.4629715Z\"}},{\"properties\":{\"policyAssignmentId\":\"/providers/Microsoft.Management/managementGroups/AzGovPerfTest/providers/Microsoft.Authorization/policyAssignments/e4d662572b4f40409eed77e8\",\"policyDefinitionReferenceIds\":[],\"exemptionCategory\":\"Mitigated\",\"displayName\":\"Azure Governance Performance Test - tony-test-modifyDenyMG\",\"description\":\"\",\"expiresOn\":\"2024-02-10T08:00:00Z\",\"resourceSelectors\":[],\"metadata\":{}},\"id\":\"/providers/Microsoft.Management/managementGroups/AzGovPerfTest/providers/Microsoft.Authorization/policyExemptions/411d2dfc3efb44bc89510bf3\",\"type\":\"Microsoft.Authorization/policyExemptions\",\"name\":\"411d2dfc3efb44bc89510bf3\",\"systemData\":{\"createdBy\":\"qingyechen@microsoft.com\",\"createdByType\":\"User\",\"createdAt\":\"2024-01-18T19:32:04.6336364Z\",\"lastModifiedBy\":\"qingyechen@microsoft.com\",\"lastModifiedByType\":\"User\",\"lastModifiedAt\":\"2024-02-01T05:41:56.656852Z\"}},{\"properties\":{\"policyAssignmentId\":\"/providers/Microsoft.Management/managementGroups/AzGovPerfTest/providers/Microsoft.Authorization/policyAssignments/c691bb62817b40fda56c1b77\",\"policyDefinitionReferenceIds\":[],\"exemptionCategory\":\"Waiver\",\"displayName\":\"Azure Governance Performance Test - qingye-test-exemptionOnMG\",\"resourceSelectors\":[],\"metadata\":{}},\"id\":\"/providers/Microsoft.Management/managementGroups/AzGovPerfTest/providers/Microsoft.Authorization/policyExemptions/dcfaaf0f40374736afbffed9\",\"type\":\"Microsoft.Authorization/policyExemptions\",\"name\":\"dcfaaf0f40374736afbffed9\",\"systemData\":{\"createdBy\":\"qingyechen@microsoft.com\",\"createdByType\":\"User\",\"createdAt\":\"2023-06-27T17:08:45.1562625Z\",\"lastModifiedBy\":\"qingyechen@microsoft.com\",\"lastModifiedByType\":\"User\",\"lastModifiedAt\":\"2023-06-27T17:08:45.1562625Z\"}}]}",
      "isContentBase64": false
    }
  },
  "PolicyExemptionCRUDOnPolicySet+[NoContext]+[NoScenario]+$DELETE+https://management.azure.com//subscriptions/edb2c18a-04d6-49e9-bc72-e23852f507ad/providers/Microsoft.Authorization/policyExemptions/psPolicyExemptionCRUDOnPolicySet01?api-version=2022-07-01-preview+4": {
    "Request": {
      "Method": "DELETE",
      "RequestUri": "https://management.azure.com//subscriptions/edb2c18a-04d6-49e9-bc72-e23852f507ad/providers/Microsoft.Authorization/policyExemptions/psPolicyExemptionCRUDOnPolicySet01?api-version=2022-07-01-preview",
      "Content": null,
      "isContentBase64": false,
      "Headers": {
        "x-ms-unique-id": [ "1307" ],
        "x-ms-client-request-id": [ "f74e5e9f-3193-42e6-94b8-c57f11220ee9" ],
        "CommandName": [ "\u0026" ],
        "FullCommandName": [ "Remove-AzPolicyExemption_Delete" ],
        "ParameterSetName": [ "__AllParameterSets" ],
        "User-Agent": [ "AzurePowershell/v11.0.0", "PSVersion/v7.4.1", "Az.Policy/0.1.1" ],
        "Authorization": [ "[Filtered]" ]
      },
      "ContentHeaders": {
      }
    },
    "Response": {
      "StatusCode": 200,
      "Headers": {
        "Cache-Control": [ "no-cache" ],
        "Pragma": [ "no-cache" ],
        "Strict-Transport-Security": [ "max-age=31536000; includeSubDomains" ],
        "x-ms-ratelimit-remaining-subscription-deletes": [ "14998" ],
        "x-ms-request-id": [ "274f4698-9085-4144-894e-b09c4e0af6f8" ],
        "x-ms-correlation-request-id": [ "274f4698-9085-4144-894e-b09c4e0af6f8" ],
        "x-ms-routing-request-id": [ "WESTUS:20240327T205520Z:274f4698-9085-4144-894e-b09c4e0af6f8" ],
        "X-Content-Type-Options": [ "nosniff" ],
        "X-Cache": [ "CONFIG_NOCACHE" ],
        "X-MSEdge-Ref": [ "Ref A: C7C8D69DDF634035B739B15384DD63BD Ref B: CO6AA3150218023 Ref C: 2024-03-27T20:55:20Z" ],
        "Date": [ "Wed, 27 Mar 2024 20:55:20 GMT" ]
      },
      "ContentHeaders": {
        "Content-Length": [ "788" ],
        "Content-Type": [ "application/json; charset=utf-8" ],
        "Expires": [ "-1" ]
      },
      "Content": "{\"properties\":{\"policyAssignmentId\":\"/subscriptions/edb2c18a-04d6-49e9-bc72-e23852f507ad/providers/Microsoft.Authorization/policyAssignments/psPolicyExemptionCRUDOnPolicySet04\",\"policyDefinitionReferenceIds\":[],\"exemptionCategory\":\"Mitigated\",\"displayName\":\"testDisplay\",\"expiresOn\":\"3021-03-10T07:30:10Z\"},\"id\":\"/subscriptions/edb2c18a-04d6-49e9-bc72-e23852f507ad/providers/Microsoft.Authorization/policyExemptions/psPolicyExemptionCRUDOnPolicySet01\",\"type\":\"Microsoft.Authorization/policyExemptions\",\"name\":\"psPolicyExemptionCRUDOnPolicySet01\",\"systemData\":{\"createdBy\":\"cstack@ntdev.microsoft.com\",\"createdByType\":\"User\",\"createdAt\":\"2024-03-27T20:55:17.168759Z\",\"lastModifiedBy\":\"cstack@ntdev.microsoft.com\",\"lastModifiedByType\":\"User\",\"lastModifiedAt\":\"2024-03-27T20:55:18.988775Z\"}}",
      "isContentBase64": false
    }
  },
  "PolicyExemptionCRUDOnPolicySet+[NoContext]+[NoScenario]+$DELETE+https://management.azure.com//subscriptions/edb2c18a-04d6-49e9-bc72-e23852f507ad/providers/Microsoft.Authorization/policyExemptions/psPolicyExemptionCRUDOnPolicySet02?api-version=2022-07-01-preview+5": {
    "Request": {
      "Method": "DELETE",
      "RequestUri": "https://management.azure.com//subscriptions/edb2c18a-04d6-49e9-bc72-e23852f507ad/providers/Microsoft.Authorization/policyExemptions/psPolicyExemptionCRUDOnPolicySet02?api-version=2022-07-01-preview",
      "Content": null,
      "isContentBase64": false,
      "Headers": {
        "x-ms-unique-id": [ "1308" ],
        "x-ms-client-request-id": [ "eb641bdc-6c54-4894-8bd2-53aefd04102d" ],
        "CommandName": [ "\u0026" ],
        "FullCommandName": [ "Remove-AzPolicyExemption_Delete" ],
        "ParameterSetName": [ "__AllParameterSets" ],
        "User-Agent": [ "AzurePowershell/v11.0.0", "PSVersion/v7.4.1", "Az.Policy/0.1.1" ],
        "Authorization": [ "[Filtered]" ]
      },
      "ContentHeaders": {
      }
    },
    "Response": {
      "StatusCode": 200,
      "Headers": {
        "Cache-Control": [ "no-cache" ],
        "Pragma": [ "no-cache" ],
        "Strict-Transport-Security": [ "max-age=31536000; includeSubDomains" ],
        "x-ms-ratelimit-remaining-subscription-deletes": [ "14996" ],
        "x-ms-request-id": [ "9f632ce4-d060-4103-93a1-dbda157d25c2" ],
        "x-ms-correlation-request-id": [ "9f632ce4-d060-4103-93a1-dbda157d25c2" ],
        "x-ms-routing-request-id": [ "WESTUS:20240327T205520Z:9f632ce4-d060-4103-93a1-dbda157d25c2" ],
        "X-Content-Type-Options": [ "nosniff" ],
        "X-Cache": [ "CONFIG_NOCACHE" ],
        "X-MSEdge-Ref": [ "Ref A: 6F6A2E440AAA437691FD19DB736F5549 Ref B: CO6AA3150218023 Ref C: 2024-03-27T20:55:20Z" ],
        "Date": [ "Wed, 27 Mar 2024 20:55:20 GMT" ]
      },
      "ContentHeaders": {
        "Content-Length": [ "764" ],
        "Content-Type": [ "application/json; charset=utf-8" ],
        "Expires": [ "-1" ]
      },
      "Content": "{\"properties\":{\"policyAssignmentId\":\"/subscriptions/edb2c18a-04d6-49e9-bc72-e23852f507ad/providers/Microsoft.Authorization/policyAssignments/psPolicyExemptionCRUDOnPolicySet04\",\"exemptionCategory\":\"Mitigated\",\"displayName\":\"Unit test junk: sorry for littering. Please delete me!\"},\"id\":\"/subscriptions/edb2c18a-04d6-49e9-bc72-e23852f507ad/providers/Microsoft.Authorization/policyExemptions/psPolicyExemptionCRUDOnPolicySet02\",\"type\":\"Microsoft.Authorization/policyExemptions\",\"name\":\"psPolicyExemptionCRUDOnPolicySet02\",\"systemData\":{\"createdBy\":\"cstack@ntdev.microsoft.com\",\"createdByType\":\"User\",\"createdAt\":\"2024-03-27T20:55:19.4629715Z\",\"lastModifiedBy\":\"cstack@ntdev.microsoft.com\",\"lastModifiedByType\":\"User\",\"lastModifiedAt\":\"2024-03-27T20:55:19.4629715Z\"}}",
      "isContentBase64": false
    }
  },
  "PolicyExemptionCRUDOnPolicySet+[NoContext]+[NoScenario]+$DELETE+https://management.azure.com//subscriptions/edb2c18a-04d6-49e9-bc72-e23852f507ad/providers/Microsoft.Authorization/policyAssignments/psPolicyExemptionCRUDOnPolicySet04?api-version=2023-04-01+6": {
    "Request": {
      "Method": "DELETE",
      "RequestUri": "https://management.azure.com//subscriptions/edb2c18a-04d6-49e9-bc72-e23852f507ad/providers/Microsoft.Authorization/policyAssignments/psPolicyExemptionCRUDOnPolicySet04?api-version=2023-04-01",
      "Content": null,
      "isContentBase64": false,
      "Headers": {
        "x-ms-unique-id": [ "1309" ],
        "x-ms-client-request-id": [ "9c60a2c2-50e2-4b45-9cc3-965e73515abc" ],
        "CommandName": [ "\u0026" ],
        "FullCommandName": [ "Remove-AzPolicyAssignment_Delete" ],
        "ParameterSetName": [ "__AllParameterSets" ],
        "User-Agent": [ "AzurePowershell/v11.0.0", "PSVersion/v7.4.1", "Az.Policy/0.1.1" ],
        "Authorization": [ "[Filtered]" ]
      },
      "ContentHeaders": {
      }
    },
    "Response": {
      "StatusCode": 200,
      "Headers": {
        "Cache-Control": [ "no-cache" ],
        "Pragma": [ "no-cache" ],
        "Strict-Transport-Security": [ "max-age=31536000; includeSubDomains" ],
        "x-ms-ratelimit-remaining-subscription-deletes": [ "14997" ],
        "x-ms-request-id": [ "9460dba1-530c-4a99-965b-9d3a68bdb35e" ],
        "x-ms-correlation-request-id": [ "9460dba1-530c-4a99-965b-9d3a68bdb35e" ],
        "x-ms-routing-request-id": [ "WESTUS:20240327T205521Z:9460dba1-530c-4a99-965b-9d3a68bdb35e" ],
        "X-Content-Type-Options": [ "nosniff" ],
        "X-Cache": [ "CONFIG_NOCACHE" ],
        "X-MSEdge-Ref": [ "Ref A: 72610459ABC34AF693203D2CBACD9C33 Ref B: CO6AA3150218023 Ref C: 2024-03-27T20:55:21Z" ],
        "Date": [ "Wed, 27 Mar 2024 20:55:21 GMT" ]
      },
      "ContentHeaders": {
        "Content-Length": [ "996" ],
        "Content-Type": [ "application/json; charset=utf-8" ],
        "Expires": [ "-1" ]
      },
      "Content": "{\"properties\":{\"displayName\":\"Unit test junk: sorry for littering. Please delete me!\",\"policyDefinitionId\":\"/subscriptions/edb2c18a-04d6-49e9-bc72-e23852f507ad/providers/Microsoft.Authorization/policySetDefinitions/psPolicyExemptionCRUDOnPolicySet03\",\"definitionVersion\":\"1.*.*\",\"scope\":\"/subscriptions/edb2c18a-04d6-49e9-bc72-e23852f507ad\",\"metadata\":{\"createdBy\":\"3d826307-2481-45a0-a271-bcf9333f914a\",\"createdOn\":\"2024-03-27T20:55:16.5265956Z\",\"updatedBy\":null,\"updatedOn\":null},\"enforcementMode\":\"Default\"},\"id\":\"/subscriptions/edb2c18a-04d6-49e9-bc72-e23852f507ad/providers/Microsoft.Authorization/policyAssignments/psPolicyExemptionCRUDOnPolicySet04\",\"type\":\"Microsoft.Authorization/policyAssignments\",\"name\":\"psPolicyExemptionCRUDOnPolicySet04\",\"systemData\":{\"createdBy\":\"cstack@ntdev.microsoft.com\",\"createdByType\":\"User\",\"createdAt\":\"2024-03-27T20:55:16.5193437Z\",\"lastModifiedBy\":\"cstack@ntdev.microsoft.com\",\"lastModifiedByType\":\"User\",\"lastModifiedAt\":\"2024-03-27T20:55:16.5193437Z\"}}",
      "isContentBase64": false
    }
  },
  "PolicyExemptionCRUDOnPolicySet+[NoContext]+[NoScenario]+$DELETE+https://management.azure.com/subscriptions/edb2c18a-04d6-49e9-bc72-e23852f507ad/providers/Microsoft.Authorization/policySetDefinitions/psPolicyExemptionCRUDOnPolicySet03?api-version=2023-04-01+7": {
    "Request": {
      "Method": "DELETE",
      "RequestUri": "https://management.azure.com/subscriptions/edb2c18a-04d6-49e9-bc72-e23852f507ad/providers/Microsoft.Authorization/policySetDefinitions/psPolicyExemptionCRUDOnPolicySet03?api-version=2023-04-01",
      "Content": null,
      "isContentBase64": false,
      "Headers": {
        "x-ms-unique-id": [ "1310" ],
        "x-ms-client-request-id": [ "9e056e1c-421d-4faa-b3a1-c8c274ee351c" ],
        "CommandName": [ "\u0026" ],
        "FullCommandName": [ "Remove-AzPolicySetDefinition_Delete" ],
        "ParameterSetName": [ "__AllParameterSets" ],
        "User-Agent": [ "AzurePowershell/v11.0.0", "PSVersion/v7.4.1", "Az.Policy/0.1.1" ],
        "Authorization": [ "[Filtered]" ]
      },
      "ContentHeaders": {
      }
    },
    "Response": {
      "StatusCode": 200,
      "Headers": {
        "Cache-Control": [ "no-cache" ],
        "Pragma": [ "no-cache" ],
        "Strict-Transport-Security": [ "max-age=31536000; includeSubDomains" ],
        "x-ms-ratelimit-remaining-subscription-deletes": [ "14998" ],
        "x-ms-request-id": [ "8b73adca-3559-4370-8c33-090033e25f69" ],
        "x-ms-correlation-request-id": [ "8b73adca-3559-4370-8c33-090033e25f69" ],
        "x-ms-routing-request-id": [ "WESTUS:20240327T205522Z:8b73adca-3559-4370-8c33-090033e25f69" ],
        "X-Content-Type-Options": [ "nosniff" ],
        "X-Cache": [ "CONFIG_NOCACHE" ],
        "X-MSEdge-Ref": [ "Ref A: 93CE5F297161401C8BCDC9316248987A Ref B: CO6AA3150218023 Ref C: 2024-03-27T20:55:21Z" ],
        "Date": [ "Wed, 27 Mar 2024 20:55:22 GMT" ]
      },
      "ContentHeaders": {
        "Content-Length": [ "996" ],
        "Content-Type": [ "application/json; charset=utf-8" ],
        "Expires": [ "-1" ]
      },
      "Content": "{\"properties\":{\"displayName\":\"Unit test junk: sorry for littering. Please delete me!\",\"policyType\":\"Custom\",\"metadata\":{\"createdBy\":\"3d826307-2481-45a0-a271-bcf9333f914a\",\"createdOn\":\"2024-03-27T20:55:16.006714Z\",\"updatedBy\":null,\"updatedOn\":null},\"version\":\"1.0.0\",\"policyDefinitions\":[{\"policyDefinitionReferenceId\":\"2719031940633985590\",\"policyDefinitionId\":\"/providers/Microsoft.Authorization/policyDefinitions/0a914e76-4921-4c19-b460-a2d36003525a\",\"definitionVersion\":\"2.*.*\"}],\"versions\":[\"1.0.0\"]},\"id\":\"/subscriptions/edb2c18a-04d6-49e9-bc72-e23852f507ad/providers/Microsoft.Authorization/policySetDefinitions/psPolicyExemptionCRUDOnPolicySet03\",\"type\":\"Microsoft.Authorization/policySetDefinitions\",\"name\":\"psPolicyExemptionCRUDOnPolicySet03\",\"systemData\":{\"createdBy\":\"cstack@ntdev.microsoft.com\",\"createdByType\":\"User\",\"createdAt\":\"2024-03-27T20:55:15.9780379Z\",\"lastModifiedBy\":\"cstack@ntdev.microsoft.com\",\"lastModifiedByType\":\"User\",\"lastModifiedAt\":\"2024-03-27T20:55:15.9780379Z\"}}",
      "isContentBase64": false
    }
  }
}