{
  "PolicyAssignmentWithParameters+[NoContext]+[NoScenario]+$PUT+https://management.azure.com/subscriptions/597b2066-8f6f-4236-9c61-6d4e9891eef8/providers/Microsoft.Authorization/policyDefinitions/psPolicyAssignmentWithParameters01?api-version=2023-04-01+1": {
    "Request": {
      "Method": "PUT",
      "RequestUri": "https://management.azure.com/subscriptions/597b2066-8f6f-4236-9c61-6d4e9891eef8/providers/Microsoft.Authorization/policyDefinitions/psPolicyAssignmentWithParameters01?api-version=2023-04-01",
      "Content": "{\r\n  \"properties\": {\r\n    \"mode\": \"All\",\r\n    \"description\": \"Unit test junk: sorry for littering. Please delete me!\",\r\n    \"policyRule\": {\r\n      \"if\": {\r\n        \"not\": {\r\n          \"field\": \"location\",\r\n          \"in\": \"[parameters(\\u0027listOfAllowedLocations\\u0027)]\"\r\n        }\r\n      },\r\n      \"then\": {\r\n        \"effect\": \"[parameters(\\u0027effectParam\\u0027)]\"\r\n      }\r\n    },\r\n    \"parameters\": {\r\n      \"listOfAllowedLocations\": {\r\n        \"type\": \"array\",\r\n        \"metadata\": {\r\n          \"description\": \"An array of permitted locations for resources.\",\r\n          \"strongType\": \"location\",\r\n          \"displayName\": \"List of locations\"\r\n        }\r\n      },\r\n      \"effectParam\": {\r\n        \"type\": \"string\",\r\n        \"defaultValue\": \"Deny\",\r\n        \"allowedValues\": [ \"Deny\", \"Disabled\" ],\r\n        \"metadata\": {\r\n          \"description\": \"The effect of the policy\",\r\n          \"displayName\": \"Policy Effect\"\r\n        }\r\n      }\r\n    }\r\n  }\r\n}",
      "isContentBase64": false,
      "Headers": {
      },
      "ContentHeaders": {
        "Content-Type": [ "application/json" ],
        "Content-Length": [ "959" ]
      }
    },
    "Response": {
      "StatusCode": 201,
      "Headers": {
        "Cache-Control": [ "no-cache" ],
        "Pragma": [ "no-cache" ],
        "Strict-Transport-Security": [ "max-age=31536000; includeSubDomains" ],
        "x-ms-ratelimit-remaining-subscription-writes": [ "1198" ],
        "x-ms-request-id": [ "c90dc627-5ef5-453b-8560-ba53e396076b" ],
        "x-ms-correlation-request-id": [ "c90dc627-5ef5-453b-8560-ba53e396076b" ],
        "x-ms-routing-request-id": [ "WESTUS2:20240628T045748Z:c90dc627-5ef5-453b-8560-ba53e396076b" ],
        "X-Content-Type-Options": [ "nosniff" ],
        "X-Cache": [ "CONFIG_NOCACHE" ],
        "X-MSEdge-Ref": [ "Ref A: 0381CD4970DF4CCCAC526E713788613F Ref B: CO6AA3150218009 Ref C: 2024-06-28T04:57:47Z" ],
        "Date": [ "Fri, 28 Jun 2024 04:57:47 GMT" ]
      },
      "ContentHeaders": {
        "Content-Length": [ "1295" ],
        "Content-Type": [ "application/json; charset=utf-8" ],
        "Expires": [ "-1" ]
      },
      "Content": "{\"properties\":{\"policyType\":\"Custom\",\"mode\":\"All\",\"description\":\"Unit test junk: sorry for littering. Please delete me!\",\"metadata\":{\"createdBy\":\"3d826307-2481-45a0-a271-bcf9333f914a\",\"createdOn\":\"2024-06-28T04:57:47.7633227Z\",\"updatedBy\":null,\"updatedOn\":null},\"version\":\"1.0.0\",\"parameters\":{\"listOfAllowedLocations\":{\"type\":\"array\",\"metadata\":{\"description\":\"An array of permitted locations for resources.\",\"strongType\":\"location\",\"displayName\":\"List of locations\"}},\"effectParam\":{\"type\":\"string\",\"metadata\":{\"description\":\"The effect of the policy\",\"displayName\":\"Policy Effect\"},\"allowedValues\":[\"Deny\",\"Disabled\"],\"defaultValue\":\"Deny\"}},\"policyRule\":{\"if\":{\"not\":{\"field\":\"location\",\"in\":\"[parameters(\u0027listOfAllowedLocations\u0027)]\"}},\"then\":{\"effect\":\"[parameters(\u0027effectParam\u0027)]\"}},\"versions\":[\"1.0.0\"]},\"id\":\"/subscriptions/597b2066-8f6f-4236-9c61-6d4e9891eef8/providers/Microsoft.Authorization/policyDefinitions/psPolicyAssignmentWithParameters01\",\"type\":\"Microsoft.Authorization/policyDefinitions\",\"name\":\"psPolicyAssignmentWithParameters01\",\"systemData\":{\"createdBy\":\"cstack@ntdev.microsoft.com\",\"createdByType\":\"User\",\"createdAt\":\"2024-06-28T04:57:47.7375581Z\",\"lastModifiedBy\":\"cstack@ntdev.microsoft.com\",\"lastModifiedByType\":\"User\",\"lastModifiedAt\":\"2024-06-28T04:57:47.7375581Z\"}}",
      "isContentBase64": false
    }
  },
  "PolicyAssignmentWithParameters+[NoContext]+Make policy assignment with parameters+$PUT+https://management.azure.com//subscriptions/597b2066-8f6f-4236-9c61-6d4e9891eef8/resourceGroups/rg01/providers/Microsoft.Authorization/policyAssignments/psPolicyAssignmentWithParameters02?api-version=2023-04-01+1": {
    "Request": {
      "Method": "PUT",
      "RequestUri": "https://management.azure.com//subscriptions/597b2066-8f6f-4236-9c61-6d4e9891eef8/resourceGroups/rg01/providers/Microsoft.Authorization/policyAssignments/psPolicyAssignmentWithParameters02?api-version=2023-04-01",
      "Content": "{\r\n  \"properties\": {\r\n    \"policyDefinitionId\": \"/subscriptions/597b2066-8f6f-4236-9c61-6d4e9891eef8/providers/Microsoft.Authorization/policyDefinitions/psPolicyAssignmentWithParameters01\",\r\n    \"parameters\": {\r\n      \"listOfAllowedLocations\": {\r\n        \"value\": [ \"West US\", \"West US 2\" ]\r\n      }\r\n    },\r\n    \"description\": \"Unit test junk: sorry for littering. Please delete me!\"\r\n  }\r\n}",
      "isContentBase64": false,
      "Headers": {
      },
      "ContentHeaders": {
        "Content-Type": [ "application/json" ],
        "Content-Length": [ "392" ]
      }
    },
    "Response": {
      "StatusCode": 201,
      "Headers": {
        "Cache-Control": [ "no-cache" ],
        "Pragma": [ "no-cache" ],
        "Strict-Transport-Security": [ "max-age=31536000; includeSubDomains" ],
        "x-ms-ratelimit-remaining-subscription-writes": [ "1197" ],
        "x-ms-request-id": [ "df8f7cf8-7129-4516-b5e6-0f18612c201a" ],
        "x-ms-correlation-request-id": [ "df8f7cf8-7129-4516-b5e6-0f18612c201a" ],
        "x-ms-routing-request-id": [ "WESTUS2:20240628T045748Z:df8f7cf8-7129-4516-b5e6-0f18612c201a" ],
        "X-Content-Type-Options": [ "nosniff" ],
        "X-Cache": [ "CONFIG_NOCACHE" ],
        "X-MSEdge-Ref": [ "Ref A: 3FC6571AE65D4464948EAD755B3AABDF Ref B: CO6AA3150218009 Ref C: 2024-06-28T04:57:48Z" ],
        "Date": [ "Fri, 28 Jun 2024 04:57:48 GMT" ]
      },
      "ContentHeaders": {
        "Content-Length": [ "1107" ],
        "Content-Type": [ "application/json; charset=utf-8" ],
        "Expires": [ "-1" ]
      },
      "Content": "{\"properties\":{\"policyDefinitionId\":\"/subscriptions/597b2066-8f6f-4236-9c61-6d4e9891eef8/providers/Microsoft.Authorization/policyDefinitions/psPolicyAssignmentWithParameters01\",\"definitionVersion\":\"1.*.*\",\"scope\":\"/subscriptions/597b2066-8f6f-4236-9c61-6d4e9891eef8/resourceGroups/rg01\",\"parameters\":{\"listOfAllowedLocations\":{\"value\":[\"West US\",\"West US 2\"]}},\"description\":\"Unit test junk: sorry for littering. Please delete me!\",\"metadata\":{\"createdBy\":\"3d826307-2481-45a0-a271-bcf9333f914a\",\"createdOn\":\"2024-06-28T04:57:48.2245301Z\",\"updatedBy\":null,\"updatedOn\":null},\"enforcementMode\":\"Default\"},\"id\":\"/subscriptions/597b2066-8f6f-4236-9c61-6d4e9891eef8/resourceGroups/rg01/providers/Microsoft.Authorization/policyAssignments/psPolicyAssignmentWithParameters02\",\"type\":\"Microsoft.Authorization/policyAssignments\",\"name\":\"psPolicyAssignmentWithParameters02\",\"systemData\":{\"createdBy\":\"cstack@ntdev.microsoft.com\",\"createdByType\":\"User\",\"createdAt\":\"2024-06-28T04:57:48.1891213Z\",\"lastModifiedBy\":\"cstack@ntdev.microsoft.com\",\"lastModifiedByType\":\"User\",\"lastModifiedAt\":\"2024-06-28T04:57:48.1891213Z\"}}",
      "isContentBase64": false
    }
  },
  "PolicyAssignmentWithParameters+[NoContext]+Make policy assignment with parameters+$GET+https://management.azure.com//subscriptions/597b2066-8f6f-4236-9c61-6d4e9891eef8/resourceGroups/rg01/providers/Microsoft.Authorization/policyAssignments/psPolicyAssignmentWithParameters02?api-version=2023-04-01+2": {
    "Request": {
      "Method": "GET",
      "RequestUri": "https://management.azure.com//subscriptions/597b2066-8f6f-4236-9c61-6d4e9891eef8/resourceGroups/rg01/providers/Microsoft.Authorization/policyAssignments/psPolicyAssignmentWithParameters02?api-version=2023-04-01",
      "Content": null,
      "isContentBase64": false,
      "Headers": {
        "x-ms-unique-id": [ "634" ],
        "x-ms-client-request-id": [ "8d19bdee-31d1-48c4-9161-c6c98dd30986" ],
        "CommandName": [ "\u0026" ],
        "FullCommandName": [ "Get-AzPolicyAssignment_Get" ],
        "ParameterSetName": [ "__AllParameterSets" ],
        "User-Agent": [ "AzurePowershell/v11.0.0", "PSVersion/v7.4.3", "Az.Policy/0.1.1" ],
        "Authorization": [ "[Filtered]" ]
      },
      "ContentHeaders": {
      }
    },
    "Response": {
      "StatusCode": 200,
      "Headers": {
        "Cache-Control": [ "no-cache" ],
        "Pragma": [ "no-cache" ],
        "Strict-Transport-Security": [ "max-age=31536000; includeSubDomains" ],
        "x-ms-ratelimit-remaining-subscription-reads": [ "11988" ],
        "x-ms-request-id": [ "bdd62019-d7d0-4d7b-a9c6-7303e9062b55" ],
        "x-ms-correlation-request-id": [ "bdd62019-d7d0-4d7b-a9c6-7303e9062b55" ],
        "x-ms-routing-request-id": [ "WESTUS2:20240628T045748Z:bdd62019-d7d0-4d7b-a9c6-7303e9062b55" ],
        "X-Content-Type-Options": [ "nosniff" ],
        "X-Cache": [ "CONFIG_NOCACHE" ],
        "X-MSEdge-Ref": [ "Ref A: A93EB6BAF9D14F558F7F036008B59E61 Ref B: CO6AA3150218009 Ref C: 2024-06-28T04:57:48Z" ],
        "Date": [ "Fri, 28 Jun 2024 04:57:48 GMT" ]
      },
      "ContentHeaders": {
        "Content-Length": [ "1107" ],
        "Content-Type": [ "application/json; charset=utf-8" ],
        "Expires": [ "-1" ]
      },
      "Content": "{\"properties\":{\"policyDefinitionId\":\"/subscriptions/597b2066-8f6f-4236-9c61-6d4e9891eef8/providers/Microsoft.Authorization/policyDefinitions/psPolicyAssignmentWithParameters01\",\"definitionVersion\":\"1.*.*\",\"scope\":\"/subscriptions/597b2066-8f6f-4236-9c61-6d4e9891eef8/resourceGroups/rg01\",\"parameters\":{\"listOfAllowedLocations\":{\"value\":[\"West US\",\"West US 2\"]}},\"description\":\"Unit test junk: sorry for littering. Please delete me!\",\"metadata\":{\"createdBy\":\"3d826307-2481-45a0-a271-bcf9333f914a\",\"createdOn\":\"2024-06-28T04:57:48.2245301Z\",\"updatedBy\":null,\"updatedOn\":null},\"enforcementMode\":\"Default\"},\"id\":\"/subscriptions/597b2066-8f6f-4236-9c61-6d4e9891eef8/resourceGroups/rg01/providers/Microsoft.Authorization/policyAssignments/psPolicyAssignmentWithParameters02\",\"type\":\"Microsoft.Authorization/policyAssignments\",\"name\":\"psPolicyAssignmentWithParameters02\",\"systemData\":{\"createdBy\":\"cstack@ntdev.microsoft.com\",\"createdByType\":\"User\",\"createdAt\":\"2024-06-28T04:57:48.1891213Z\",\"lastModifiedBy\":\"cstack@ntdev.microsoft.com\",\"lastModifiedByType\":\"User\",\"lastModifiedAt\":\"2024-06-28T04:57:48.1891213Z\"}}",
      "isContentBase64": false
    }
  },
  "PolicyAssignmentWithParameters+[NoContext]+Make policy assignment with parameters+$DELETE+https://management.azure.com//subscriptions/597b2066-8f6f-4236-9c61-6d4e9891eef8/resourceGroups/rg01/providers/Microsoft.Authorization/policyAssignments/psPolicyAssignmentWithParameters02?api-version=2023-04-01+3": {
    "Request": {
      "Method": "DELETE",
      "RequestUri": "https://management.azure.com//subscriptions/597b2066-8f6f-4236-9c61-6d4e9891eef8/resourceGroups/rg01/providers/Microsoft.Authorization/policyAssignments/psPolicyAssignmentWithParameters02?api-version=2023-04-01",
      "Content": null,
      "isContentBase64": false,
      "Headers": {
        "x-ms-unique-id": [ "635" ],
        "x-ms-client-request-id": [ "de66799e-74ea-4916-9328-94aa747ed893" ],
        "CommandName": [ "\u0026" ],
        "FullCommandName": [ "Remove-AzPolicyAssignment_Delete" ],
        "ParameterSetName": [ "__AllParameterSets" ],
        "User-Agent": [ "AzurePowershell/v11.0.0", "PSVersion/v7.4.3", "Az.Policy/0.1.1" ],
        "Authorization": [ "[Filtered]" ]
      },
      "ContentHeaders": {
      }
    },
    "Response": {
      "StatusCode": 200,
      "Headers": {
        "Cache-Control": [ "no-cache" ],
        "Pragma": [ "no-cache" ],
        "Strict-Transport-Security": [ "max-age=31536000; includeSubDomains" ],
        "x-ms-ratelimit-remaining-subscription-deletes": [ "14998" ],
        "x-ms-request-id": [ "c0df12fa-07be-4538-92ab-defd3a486a5d" ],
        "x-ms-correlation-request-id": [ "c0df12fa-07be-4538-92ab-defd3a486a5d" ],
        "x-ms-routing-request-id": [ "WESTUS2:20240628T045748Z:c0df12fa-07be-4538-92ab-defd3a486a5d" ],
        "X-Content-Type-Options": [ "nosniff" ],
        "X-Cache": [ "CONFIG_NOCACHE" ],
        "X-MSEdge-Ref": [ "Ref A: 917CFADFC98D40F8B0848C96EB93723A Ref B: CO6AA3150218009 Ref C: 2024-06-28T04:57:48Z" ],
        "Date": [ "Fri, 28 Jun 2024 04:57:48 GMT" ]
      },
      "ContentHeaders": {
        "Content-Length": [ "1107" ],
        "Content-Type": [ "application/json; charset=utf-8" ],
        "Expires": [ "-1" ]
      },
      "Content": "{\"properties\":{\"policyDefinitionId\":\"/subscriptions/597b2066-8f6f-4236-9c61-6d4e9891eef8/providers/Microsoft.Authorization/policyDefinitions/psPolicyAssignmentWithParameters01\",\"definitionVersion\":\"1.*.*\",\"scope\":\"/subscriptions/597b2066-8f6f-4236-9c61-6d4e9891eef8/resourceGroups/rg01\",\"parameters\":{\"listOfAllowedLocations\":{\"value\":[\"West US\",\"West US 2\"]}},\"description\":\"Unit test junk: sorry for littering. Please delete me!\",\"metadata\":{\"createdBy\":\"3d826307-2481-45a0-a271-bcf9333f914a\",\"createdOn\":\"2024-06-28T04:57:48.2245301Z\",\"updatedBy\":null,\"updatedOn\":null},\"enforcementMode\":\"Default\"},\"id\":\"/subscriptions/597b2066-8f6f-4236-9c61-6d4e9891eef8/resourceGroups/rg01/providers/Microsoft.Authorization/policyAssignments/psPolicyAssignmentWithParameters02\",\"type\":\"Microsoft.Authorization/policyAssignments\",\"name\":\"psPolicyAssignmentWithParameters02\",\"systemData\":{\"createdBy\":\"cstack@ntdev.microsoft.com\",\"createdByType\":\"User\",\"createdAt\":\"2024-06-28T04:57:48.1891213Z\",\"lastModifiedBy\":\"cstack@ntdev.microsoft.com\",\"lastModifiedByType\":\"User\",\"lastModifiedAt\":\"2024-06-28T04:57:48.1891213Z\"}}",
      "isContentBase64": false
    }
  },
  "PolicyAssignmentWithParameters+[NoContext]+Make policy assignment with parameters from a file+$PUT+https://management.azure.com//subscriptions/597b2066-8f6f-4236-9c61-6d4e9891eef8/resourceGroups/rg01/providers/Microsoft.Authorization/policyAssignments/psPolicyAssignmentWithParameters02?api-version=2023-04-01+1": {
    "Request": {
      "Method": "PUT",
      "RequestUri": "https://management.azure.com//subscriptions/597b2066-8f6f-4236-9c61-6d4e9891eef8/resourceGroups/rg01/providers/Microsoft.Authorization/policyAssignments/psPolicyAssignmentWithParameters02?api-version=2023-04-01",
      "Content": "{\r\n  \"properties\": {\r\n    \"policyDefinitionId\": \"/subscriptions/597b2066-8f6f-4236-9c61-6d4e9891eef8/providers/Microsoft.Authorization/policyDefinitions/psPolicyAssignmentWithParameters01\",\r\n    \"parameters\": {\r\n      \"listOfAllowedLocations\": {\r\n        \"value\": [ \"West US\", \"West US 2\" ]\r\n      }\r\n    },\r\n    \"description\": \"Unit test junk: sorry for littering. Please delete me!\"\r\n  }\r\n}",
      "isContentBase64": false,
      "Headers": {
      },
      "ContentHeaders": {
        "Content-Type": [ "application/json" ],
        "Content-Length": [ "392" ]
      }
    },
    "Response": {
      "StatusCode": 201,
      "Headers": {
        "Cache-Control": [ "no-cache" ],
        "Pragma": [ "no-cache" ],
        "Strict-Transport-Security": [ "max-age=31536000; includeSubDomains" ],
        "x-ms-ratelimit-remaining-subscription-writes": [ "1196" ],
        "x-ms-request-id": [ "c190f53b-6dc9-43c4-a5c2-e55ca3d12a5c" ],
        "x-ms-correlation-request-id": [ "c190f53b-6dc9-43c4-a5c2-e55ca3d12a5c" ],
        "x-ms-routing-request-id": [ "WESTUS2:20240628T045750Z:c190f53b-6dc9-43c4-a5c2-e55ca3d12a5c" ],
        "X-Content-Type-Options": [ "nosniff" ],
        "X-Cache": [ "CONFIG_NOCACHE" ],
        "X-MSEdge-Ref": [ "Ref A: FCF6BF85AF9B466D86CDCB2B6F664C96 Ref B: CO6AA3150218009 Ref C: 2024-06-28T04:57:49Z" ],
        "Date": [ "Fri, 28 Jun 2024 04:57:50 GMT" ]
      },
      "ContentHeaders": {
        "Content-Length": [ "1107" ],
        "Content-Type": [ "application/json; charset=utf-8" ],
        "Expires": [ "-1" ]
      },
      "Content": "{\"properties\":{\"policyDefinitionId\":\"/subscriptions/597b2066-8f6f-4236-9c61-6d4e9891eef8/providers/Microsoft.Authorization/policyDefinitions/psPolicyAssignmentWithParameters01\",\"definitionVersion\":\"1.*.*\",\"scope\":\"/subscriptions/597b2066-8f6f-4236-9c61-6d4e9891eef8/resourceGroups/rg01\",\"parameters\":{\"listOfAllowedLocations\":{\"value\":[\"West US\",\"West US 2\"]}},\"description\":\"Unit test junk: sorry for littering. Please delete me!\",\"metadata\":{\"createdBy\":\"3d826307-2481-45a0-a271-bcf9333f914a\",\"createdOn\":\"2024-06-28T04:57:49.8894142Z\",\"updatedBy\":null,\"updatedOn\":null},\"enforcementMode\":\"Default\"},\"id\":\"/subscriptions/597b2066-8f6f-4236-9c61-6d4e9891eef8/resourceGroups/rg01/providers/Microsoft.Authorization/policyAssignments/psPolicyAssignmentWithParameters02\",\"type\":\"Microsoft.Authorization/policyAssignments\",\"name\":\"psPolicyAssignmentWithParameters02\",\"systemData\":{\"createdBy\":\"cstack@ntdev.microsoft.com\",\"createdByType\":\"User\",\"createdAt\":\"2024-06-28T04:57:49.4852704Z\",\"lastModifiedBy\":\"cstack@ntdev.microsoft.com\",\"lastModifiedByType\":\"User\",\"lastModifiedAt\":\"2024-06-28T04:57:49.4852704Z\"}}",
      "isContentBase64": false
    }
  },
  "PolicyAssignmentWithParameters+[NoContext]+Make policy assignment with parameters from a file+$GET+https://management.azure.com//subscriptions/597b2066-8f6f-4236-9c61-6d4e9891eef8/resourceGroups/rg01/providers/Microsoft.Authorization/policyAssignments/psPolicyAssignmentWithParameters02?api-version=2023-04-01+2": {
    "Request": {
      "Method": "GET",
      "RequestUri": "https://management.azure.com//subscriptions/597b2066-8f6f-4236-9c61-6d4e9891eef8/resourceGroups/rg01/providers/Microsoft.Authorization/policyAssignments/psPolicyAssignmentWithParameters02?api-version=2023-04-01",
      "Content": null,
      "isContentBase64": false,
      "Headers": {
        "x-ms-unique-id": [ "637" ],
        "x-ms-client-request-id": [ "87fe5af0-3b47-4757-92b0-85498084d9a6" ],
        "CommandName": [ "\u0026" ],
        "FullCommandName": [ "Get-AzPolicyAssignment_Get" ],
        "ParameterSetName": [ "__AllParameterSets" ],
        "User-Agent": [ "AzurePowershell/v11.0.0", "PSVersion/v7.4.3", "Az.Policy/0.1.1" ],
        "Authorization": [ "[Filtered]" ]
      },
      "ContentHeaders": {
      }
    },
    "Response": {
      "StatusCode": 200,
      "Headers": {
        "Cache-Control": [ "no-cache" ],
        "Pragma": [ "no-cache" ],
        "Strict-Transport-Security": [ "max-age=31536000; includeSubDomains" ],
        "x-ms-ratelimit-remaining-subscription-reads": [ "11993" ],
        "x-ms-request-id": [ "686a660d-3e05-4b64-96f5-e9deb6b60c84" ],
        "x-ms-correlation-request-id": [ "686a660d-3e05-4b64-96f5-e9deb6b60c84" ],
        "x-ms-routing-request-id": [ "WESTUS2:20240628T045750Z:686a660d-3e05-4b64-96f5-e9deb6b60c84" ],
        "X-Content-Type-Options": [ "nosniff" ],
        "X-Cache": [ "CONFIG_NOCACHE" ],
        "X-MSEdge-Ref": [ "Ref A: 3F7C2BB1F0314D00A2F829C482C80C01 Ref B: CO6AA3150218009 Ref C: 2024-06-28T04:57:50Z" ],
        "Date": [ "Fri, 28 Jun 2024 04:57:50 GMT" ]
      },
      "ContentHeaders": {
        "Content-Length": [ "1107" ],
        "Content-Type": [ "application/json; charset=utf-8" ],
        "Expires": [ "-1" ]
      },
      "Content": "{\"properties\":{\"policyDefinitionId\":\"/subscriptions/597b2066-8f6f-4236-9c61-6d4e9891eef8/providers/Microsoft.Authorization/policyDefinitions/psPolicyAssignmentWithParameters01\",\"definitionVersion\":\"1.*.*\",\"scope\":\"/subscriptions/597b2066-8f6f-4236-9c61-6d4e9891eef8/resourceGroups/rg01\",\"parameters\":{\"listOfAllowedLocations\":{\"value\":[\"West US\",\"West US 2\"]}},\"description\":\"Unit test junk: sorry for littering. Please delete me!\",\"metadata\":{\"createdBy\":\"3d826307-2481-45a0-a271-bcf9333f914a\",\"createdOn\":\"2024-06-28T04:57:49.8894142Z\",\"updatedBy\":null,\"updatedOn\":null},\"enforcementMode\":\"Default\"},\"id\":\"/subscriptions/597b2066-8f6f-4236-9c61-6d4e9891eef8/resourceGroups/rg01/providers/Microsoft.Authorization/policyAssignments/psPolicyAssignmentWithParameters02\",\"type\":\"Microsoft.Authorization/policyAssignments\",\"name\":\"psPolicyAssignmentWithParameters02\",\"systemData\":{\"createdBy\":\"cstack@ntdev.microsoft.com\",\"createdByType\":\"User\",\"createdAt\":\"2024-06-28T04:57:49.4852704Z\",\"lastModifiedBy\":\"cstack@ntdev.microsoft.com\",\"lastModifiedByType\":\"User\",\"lastModifiedAt\":\"2024-06-28T04:57:49.4852704Z\"}}",
      "isContentBase64": false
    }
  },
  "PolicyAssignmentWithParameters+[NoContext]+Update policy assignment parameters+$GET+https://management.azure.com//subscriptions/597b2066-8f6f-4236-9c61-6d4e9891eef8/resourceGroups/rg01/providers/Microsoft.Authorization/policyAssignments/psPolicyAssignmentWithParameters02?api-version=2023-04-01+1": {
    "Request": {
      "Method": "GET",
      "RequestUri": "https://management.azure.com//subscriptions/597b2066-8f6f-4236-9c61-6d4e9891eef8/resourceGroups/rg01/providers/Microsoft.Authorization/policyAssignments/psPolicyAssignmentWithParameters02?api-version=2023-04-01",
      "Content": null,
      "isContentBase64": false,
      "Headers": {
        "x-ms-unique-id": [ "638" ],
        "x-ms-client-request-id": [ "127729c7-e4aa-4a84-b6b5-a53600626005" ],
        "CommandName": [ "\u0026" ],
        "FullCommandName": [ "Get-AzPolicyAssignment_Get1" ],
        "ParameterSetName": [ "__AllParameterSets" ],
        "User-Agent": [ "AzurePowershell/v11.0.0", "PSVersion/v7.4.3", "Az.Policy/0.1.1" ],
        "Authorization": [ "[Filtered]" ]
      },
      "ContentHeaders": {
      }
    },
    "Response": {
      "StatusCode": 200,
      "Headers": {
        "Cache-Control": [ "no-cache" ],
        "Pragma": [ "no-cache" ],
        "Strict-Transport-Security": [ "max-age=31536000; includeSubDomains" ],
        "x-ms-ratelimit-remaining-subscription-reads": [ "11993" ],
        "x-ms-request-id": [ "23bd64d2-dbe3-4116-a8d5-eb7879bbc73c" ],
        "x-ms-correlation-request-id": [ "23bd64d2-dbe3-4116-a8d5-eb7879bbc73c" ],
        "x-ms-routing-request-id": [ "WESTUS2:20240628T045750Z:23bd64d2-dbe3-4116-a8d5-eb7879bbc73c" ],
        "X-Content-Type-Options": [ "nosniff" ],
        "X-Cache": [ "CONFIG_NOCACHE" ],
        "X-MSEdge-Ref": [ "Ref A: 322A9CEA24AC438BB3FEDE8BB4119B62 Ref B: CO6AA3150218009 Ref C: 2024-06-28T04:57:50Z" ],
        "Date": [ "Fri, 28 Jun 2024 04:57:50 GMT" ]
      },
      "ContentHeaders": {
        "Content-Length": [ "1107" ],
        "Content-Type": [ "application/json; charset=utf-8" ],
        "Expires": [ "-1" ]
      },
      "Content": "{\"properties\":{\"policyDefinitionId\":\"/subscriptions/597b2066-8f6f-4236-9c61-6d4e9891eef8/providers/Microsoft.Authorization/policyDefinitions/psPolicyAssignmentWithParameters01\",\"definitionVersion\":\"1.*.*\",\"scope\":\"/subscriptions/597b2066-8f6f-4236-9c61-6d4e9891eef8/resourceGroups/rg01\",\"parameters\":{\"listOfAllowedLocations\":{\"value\":[\"West US\",\"West US 2\"]}},\"description\":\"Unit test junk: sorry for littering. Please delete me!\",\"metadata\":{\"createdBy\":\"3d826307-2481-45a0-a271-bcf9333f914a\",\"createdOn\":\"2024-06-28T04:57:49.8894142Z\",\"updatedBy\":null,\"updatedOn\":null},\"enforcementMode\":\"Default\"},\"id\":\"/subscriptions/597b2066-8f6f-4236-9c61-6d4e9891eef8/resourceGroups/rg01/providers/Microsoft.Authorization/policyAssignments/psPolicyAssignmentWithParameters02\",\"type\":\"Microsoft.Authorization/policyAssignments\",\"name\":\"psPolicyAssignmentWithParameters02\",\"systemData\":{\"createdBy\":\"cstack@ntdev.microsoft.com\",\"createdByType\":\"User\",\"createdAt\":\"2024-06-28T04:57:49.4852704Z\",\"lastModifiedBy\":\"cstack@ntdev.microsoft.com\",\"lastModifiedByType\":\"User\",\"lastModifiedAt\":\"2024-06-28T04:57:49.4852704Z\"}}",
      "isContentBase64": false
    }
  },
  "PolicyAssignmentWithParameters+[NoContext]+Update policy assignment parameters+$PUT+https://management.azure.com//subscriptions/597b2066-8f6f-4236-9c61-6d4e9891eef8/resourceGroups/rg01/providers/Microsoft.Authorization/policyAssignments/psPolicyAssignmentWithParameters02?api-version=2023-04-01+2": {
    "Request": {
      "Method": "PUT",
      "RequestUri": "https://management.azure.com//subscriptions/597b2066-8f6f-4236-9c61-6d4e9891eef8/resourceGroups/rg01/providers/Microsoft.Authorization/policyAssignments/psPolicyAssignmentWithParameters02?api-version=2023-04-01",
      "Content": "{\r\n  \"properties\": {\r\n    \"displayName\": \"\",\r\n    \"policyDefinitionId\": \"/subscriptions/597b2066-8f6f-4236-9c61-6d4e9891eef8/providers/Microsoft.Authorization/policyDefinitions/psPolicyAssignmentWithParameters01\",\r\n    \"parameters\": {\r\n      \"listOfAllowedLocations\": {\r\n        \"value\": [ \"something\", \"something else\" ]\r\n      }\r\n    },\r\n    \"description\": \"Unit test junk: sorry for littering. Please delete me!\",\r\n    \"metadata\": {\r\n      \"createdOn\": \"06/28/2024 04:57:49\",\r\n      \"createdBy\": \"3d826307-2481-45a0-a271-bcf9333f914a\"\r\n    }\r\n  }\r\n}",
      "isContentBase64": false,
      "Headers": {
      },
      "ContentHeaders": {
        "Content-Type": [ "application/json" ],
        "Content-Length": [ "552" ]
      }
    },
    "Response": {
      "StatusCode": 201,
      "Headers": {
        "Cache-Control": [ "no-cache" ],
        "Pragma": [ "no-cache" ],
        "Strict-Transport-Security": [ "max-age=31536000; includeSubDomains" ],
        "x-ms-ratelimit-remaining-subscription-writes": [ "1198" ],
        "x-ms-request-id": [ "570712f6-394c-4f20-81cd-d003073df0b1" ],
        "x-ms-correlation-request-id": [ "570712f6-394c-4f20-81cd-d003073df0b1" ],
        "x-ms-routing-request-id": [ "WESTUS2:20240628T045750Z:570712f6-394c-4f20-81cd-d003073df0b1" ],
        "X-Content-Type-Options": [ "nosniff" ],
        "X-Cache": [ "CONFIG_NOCACHE" ],
        "X-MSEdge-Ref": [ "Ref A: 5787629FF00E4C559E6A12AE4B21A205 Ref B: CO6AA3150218009 Ref C: 2024-06-28T04:57:50Z" ],
        "Date": [ "Fri, 28 Jun 2024 04:57:50 GMT" ]
      },
      "ContentHeaders": {
        "Content-Length": [ "1190" ],
        "Content-Type": [ "application/json; charset=utf-8" ],
        "Expires": [ "-1" ]
      },
      "Content": "{\"properties\":{\"displayName\":\"\",\"policyDefinitionId\":\"/subscriptions/597b2066-8f6f-4236-9c61-6d4e9891eef8/providers/Microsoft.Authorization/policyDefinitions/psPolicyAssignmentWithParameters01\",\"definitionVersion\":\"1.*.*\",\"scope\":\"/subscriptions/597b2066-8f6f-4236-9c61-6d4e9891eef8/resourceGroups/rg01\",\"parameters\":{\"listOfAllowedLocations\":{\"value\":[\"something\",\"something else\"]}},\"description\":\"Unit test junk: sorry for littering. Please delete me!\",\"metadata\":{\"createdOn\":\"2024-06-28T04:57:49.8894142Z\",\"createdBy\":\"3d826307-2481-45a0-a271-bcf9333f914a\",\"updatedBy\":\"3d826307-2481-45a0-a271-bcf9333f914a\",\"updatedOn\":\"2024-06-28T04:57:50.5203347Z\"},\"enforcementMode\":\"Default\"},\"id\":\"/subscriptions/597b2066-8f6f-4236-9c61-6d4e9891eef8/resourceGroups/rg01/providers/Microsoft.Authorization/policyAssignments/psPolicyAssignmentWithParameters02\",\"type\":\"Microsoft.Authorization/policyAssignments\",\"name\":\"psPolicyAssignmentWithParameters02\",\"systemData\":{\"createdBy\":\"cstack@ntdev.microsoft.com\",\"createdByType\":\"User\",\"createdAt\":\"2024-06-28T04:57:49.4852704Z\",\"lastModifiedBy\":\"cstack@ntdev.microsoft.com\",\"lastModifiedByType\":\"User\",\"lastModifiedAt\":\"2024-06-28T04:57:50.494474Z\"}}",
      "isContentBase64": false
    }
  },
  "PolicyAssignmentWithParameters+[NoContext]+Update policy assignment parameters+$GET+https://management.azure.com//subscriptions/597b2066-8f6f-4236-9c61-6d4e9891eef8/resourceGroups/rg01/providers/Microsoft.Authorization/policyAssignments/psPolicyAssignmentWithParameters02?api-version=2023-04-01+3": {
    "Request": {
      "Method": "GET",
      "RequestUri": "https://management.azure.com//subscriptions/597b2066-8f6f-4236-9c61-6d4e9891eef8/resourceGroups/rg01/providers/Microsoft.Authorization/policyAssignments/psPolicyAssignmentWithParameters02?api-version=2023-04-01",
      "Content": null,
      "isContentBase64": false,
      "Headers": {
        "x-ms-unique-id": [ "640" ],
        "x-ms-client-request-id": [ "e72c635d-4717-4dfa-8cd6-1546da9899f8" ],
        "CommandName": [ "\u0026" ],
        "FullCommandName": [ "Get-AzPolicyAssignment_Get" ],
        "ParameterSetName": [ "__AllParameterSets" ],
        "User-Agent": [ "AzurePowershell/v11.0.0", "PSVersion/v7.4.3", "Az.Policy/0.1.1" ],
        "Authorization": [ "[Filtered]" ]
      },
      "ContentHeaders": {
      }
    },
    "Response": {
      "StatusCode": 200,
      "Headers": {
        "Cache-Control": [ "no-cache" ],
        "Pragma": [ "no-cache" ],
        "Strict-Transport-Security": [ "max-age=31536000; includeSubDomains" ],
        "x-ms-ratelimit-remaining-subscription-reads": [ "11980" ],
        "x-ms-request-id": [ "5c512c3e-43a9-4f0c-9dbd-568ac710cb05" ],
        "x-ms-correlation-request-id": [ "5c512c3e-43a9-4f0c-9dbd-568ac710cb05" ],
        "x-ms-routing-request-id": [ "WESTUS2:20240628T045750Z:5c512c3e-43a9-4f0c-9dbd-568ac710cb05" ],
        "X-Content-Type-Options": [ "nosniff" ],
        "X-Cache": [ "CONFIG_NOCACHE" ],
        "X-MSEdge-Ref": [ "Ref A: 34789180D34744A092DE036121BCD9C9 Ref B: CO6AA3150218009 Ref C: 2024-06-28T04:57:50Z" ],
        "Date": [ "Fri, 28 Jun 2024 04:57:50 GMT" ]
      },
      "ContentHeaders": {
        "Content-Length": [ "1190" ],
        "Content-Type": [ "application/json; charset=utf-8" ],
        "Expires": [ "-1" ]
      },
      "Content": "{\"properties\":{\"displayName\":\"\",\"policyDefinitionId\":\"/subscriptions/597b2066-8f6f-4236-9c61-6d4e9891eef8/providers/Microsoft.Authorization/policyDefinitions/psPolicyAssignmentWithParameters01\",\"definitionVersion\":\"1.*.*\",\"scope\":\"/subscriptions/597b2066-8f6f-4236-9c61-6d4e9891eef8/resourceGroups/rg01\",\"parameters\":{\"listOfAllowedLocations\":{\"value\":[\"something\",\"something else\"]}},\"description\":\"Unit test junk: sorry for littering. Please delete me!\",\"metadata\":{\"createdOn\":\"2024-06-28T04:57:49.8894142Z\",\"createdBy\":\"3d826307-2481-45a0-a271-bcf9333f914a\",\"updatedBy\":\"3d826307-2481-45a0-a271-bcf9333f914a\",\"updatedOn\":\"2024-06-28T04:57:50.5203347Z\"},\"enforcementMode\":\"Default\"},\"id\":\"/subscriptions/597b2066-8f6f-4236-9c61-6d4e9891eef8/resourceGroups/rg01/providers/Microsoft.Authorization/policyAssignments/psPolicyAssignmentWithParameters02\",\"type\":\"Microsoft.Authorization/policyAssignments\",\"name\":\"psPolicyAssignmentWithParameters02\",\"systemData\":{\"createdBy\":\"cstack@ntdev.microsoft.com\",\"createdByType\":\"User\",\"createdAt\":\"2024-06-28T04:57:49.4852704Z\",\"lastModifiedBy\":\"cstack@ntdev.microsoft.com\",\"lastModifiedByType\":\"User\",\"lastModifiedAt\":\"2024-06-28T04:57:50.494474Z\"}}",
      "isContentBase64": false
    }
  },
  "PolicyAssignmentWithParameters+[NoContext]+Update policy assignment parameters+$DELETE+https://management.azure.com//subscriptions/597b2066-8f6f-4236-9c61-6d4e9891eef8/resourceGroups/rg01/providers/Microsoft.Authorization/policyAssignments/psPolicyAssignmentWithParameters02?api-version=2023-04-01+4": {
    "Request": {
      "Method": "DELETE",
      "RequestUri": "https://management.azure.com//subscriptions/597b2066-8f6f-4236-9c61-6d4e9891eef8/resourceGroups/rg01/providers/Microsoft.Authorization/policyAssignments/psPolicyAssignmentWithParameters02?api-version=2023-04-01",
      "Content": null,
      "isContentBase64": false,
      "Headers": {
        "x-ms-unique-id": [ "641" ],
        "x-ms-client-request-id": [ "23d6d4b4-75b7-4f4f-9ac1-eebc9fd552b8" ],
        "CommandName": [ "\u0026" ],
        "FullCommandName": [ "Remove-AzPolicyAssignment_Delete" ],
        "ParameterSetName": [ "__AllParameterSets" ],
        "User-Agent": [ "AzurePowershell/v11.0.0", "PSVersion/v7.4.3", "Az.Policy/0.1.1" ],
        "Authorization": [ "[Filtered]" ]
      },
      "ContentHeaders": {
      }
    },
    "Response": {
      "StatusCode": 200,
      "Headers": {
        "Cache-Control": [ "no-cache" ],
        "Pragma": [ "no-cache" ],
        "Strict-Transport-Security": [ "max-age=31536000; includeSubDomains" ],
        "x-ms-ratelimit-remaining-subscription-deletes": [ "14995" ],
        "x-ms-request-id": [ "177ecf15-5904-4315-b30e-e9684565f6e3" ],
        "x-ms-correlation-request-id": [ "177ecf15-5904-4315-b30e-e9684565f6e3" ],
        "x-ms-routing-request-id": [ "WESTUS2:20240628T045751Z:177ecf15-5904-4315-b30e-e9684565f6e3" ],
        "X-Content-Type-Options": [ "nosniff" ],
        "X-Cache": [ "CONFIG_NOCACHE" ],
        "X-MSEdge-Ref": [ "Ref A: 814636DA7C734A29BAC1C7C775F84E24 Ref B: CO6AA3150218009 Ref C: 2024-06-28T04:57:50Z" ],
        "Date": [ "Fri, 28 Jun 2024 04:57:51 GMT" ]
      },
      "ContentHeaders": {
        "Content-Length": [ "1190" ],
        "Content-Type": [ "application/json; charset=utf-8" ],
        "Expires": [ "-1" ]
      },
      "Content": "{\"properties\":{\"displayName\":\"\",\"policyDefinitionId\":\"/subscriptions/597b2066-8f6f-4236-9c61-6d4e9891eef8/providers/Microsoft.Authorization/policyDefinitions/psPolicyAssignmentWithParameters01\",\"definitionVersion\":\"1.*.*\",\"scope\":\"/subscriptions/597b2066-8f6f-4236-9c61-6d4e9891eef8/resourceGroups/rg01\",\"parameters\":{\"listOfAllowedLocations\":{\"value\":[\"something\",\"something else\"]}},\"description\":\"Unit test junk: sorry for littering. Please delete me!\",\"metadata\":{\"createdOn\":\"2024-06-28T04:57:49.8894142Z\",\"createdBy\":\"3d826307-2481-45a0-a271-bcf9333f914a\",\"updatedBy\":\"3d826307-2481-45a0-a271-bcf9333f914a\",\"updatedOn\":\"2024-06-28T04:57:50.5203347Z\"},\"enforcementMode\":\"Default\"},\"id\":\"/subscriptions/597b2066-8f6f-4236-9c61-6d4e9891eef8/resourceGroups/rg01/providers/Microsoft.Authorization/policyAssignments/psPolicyAssignmentWithParameters02\",\"type\":\"Microsoft.Authorization/policyAssignments\",\"name\":\"psPolicyAssignmentWithParameters02\",\"systemData\":{\"createdBy\":\"cstack@ntdev.microsoft.com\",\"createdByType\":\"User\",\"createdAt\":\"2024-06-28T04:57:49.4852704Z\",\"lastModifiedBy\":\"cstack@ntdev.microsoft.com\",\"lastModifiedByType\":\"User\",\"lastModifiedAt\":\"2024-06-28T04:57:50.494474Z\"}}",
      "isContentBase64": false
    }
  },
  "PolicyAssignmentWithParameters+[NoContext]+Make policy assignment with hashtable of parameters+$PUT+https://management.azure.com//subscriptions/597b2066-8f6f-4236-9c61-6d4e9891eef8/resourceGroups/rg01/providers/Microsoft.Authorization/policyAssignments/psPolicyAssignmentWithParameters02?api-version=2023-04-01+1": {
    "Request": {
      "Method": "PUT",
      "RequestUri": "https://management.azure.com//subscriptions/597b2066-8f6f-4236-9c61-6d4e9891eef8/resourceGroups/rg01/providers/Microsoft.Authorization/policyAssignments/psPolicyAssignmentWithParameters02?api-version=2023-04-01",
      "Content": "{\r\n  \"properties\": {\r\n    \"policyDefinitionId\": \"/subscriptions/597b2066-8f6f-4236-9c61-6d4e9891eef8/providers/Microsoft.Authorization/policyDefinitions/psPolicyAssignmentWithParameters01\",\r\n    \"parameters\": {\r\n      \"listOfAllowedLocations\": {\r\n        \"value\": [ \"West US\", \"West US 2\" ]\r\n      }\r\n    },\r\n    \"description\": \"Unit test junk: sorry for littering. Please delete me!\",\r\n    \"metadata\": {\r\n      \"testName\": \"testValue\"\r\n    }\r\n  }\r\n}",
      "isContentBase64": false,
      "Headers": {
      },
      "ContentHeaders": {
        "Content-Type": [ "application/json" ],
        "Content-Length": [ "450" ]
      }
    },
    "Response": {
      "StatusCode": 201,
      "Headers": {
        "Cache-Control": [ "no-cache" ],
        "Pragma": [ "no-cache" ],
        "Strict-Transport-Security": [ "max-age=31536000; includeSubDomains" ],
        "x-ms-ratelimit-remaining-subscription-writes": [ "1199" ],
        "x-ms-request-id": [ "66de98a8-6603-4e6d-8bb1-89474afacaba" ],
        "x-ms-correlation-request-id": [ "66de98a8-6603-4e6d-8bb1-89474afacaba" ],
        "x-ms-routing-request-id": [ "WESTUS2:20240628T045751Z:66de98a8-6603-4e6d-8bb1-89474afacaba" ],
        "X-Content-Type-Options": [ "nosniff" ],
        "X-Cache": [ "CONFIG_NOCACHE" ],
        "X-MSEdge-Ref": [ "Ref A: A30BE6EF578E4CACA4D762679F0AF660 Ref B: CO6AA3150218009 Ref C: 2024-06-28T04:57:51Z" ],
        "Date": [ "Fri, 28 Jun 2024 04:57:51 GMT" ]
      },
      "ContentHeaders": {
        "Content-Length": [ "1130" ],
        "Content-Type": [ "application/json; charset=utf-8" ],
        "Expires": [ "-1" ]
      },
      "Content": "{\"properties\":{\"policyDefinitionId\":\"/subscriptions/597b2066-8f6f-4236-9c61-6d4e9891eef8/providers/Microsoft.Authorization/policyDefinitions/psPolicyAssignmentWithParameters01\",\"definitionVersion\":\"1.*.*\",\"scope\":\"/subscriptions/597b2066-8f6f-4236-9c61-6d4e9891eef8/resourceGroups/rg01\",\"parameters\":{\"listOfAllowedLocations\":{\"value\":[\"West US\",\"West US 2\"]}},\"description\":\"Unit test junk: sorry for littering. Please delete me!\",\"metadata\":{\"testName\":\"testValue\",\"createdBy\":\"3d826307-2481-45a0-a271-bcf9333f914a\",\"createdOn\":\"2024-06-28T04:57:51.6140139Z\",\"updatedBy\":null,\"updatedOn\":null},\"enforcementMode\":\"Default\"},\"id\":\"/subscriptions/597b2066-8f6f-4236-9c61-6d4e9891eef8/resourceGroups/rg01/providers/Microsoft.Authorization/policyAssignments/psPolicyAssignmentWithParameters02\",\"type\":\"Microsoft.Authorization/policyAssignments\",\"name\":\"psPolicyAssignmentWithParameters02\",\"systemData\":{\"createdBy\":\"cstack@ntdev.microsoft.com\",\"createdByType\":\"User\",\"createdAt\":\"2024-06-28T04:57:51.5834077Z\",\"lastModifiedBy\":\"cstack@ntdev.microsoft.com\",\"lastModifiedByType\":\"User\",\"lastModifiedAt\":\"2024-06-28T04:57:51.5834077Z\"}}",
      "isContentBase64": false
    }
  },
  "PolicyAssignmentWithParameters+[NoContext]+Make policy assignment with hashtable of parameters+$GET+https://management.azure.com//subscriptions/597b2066-8f6f-4236-9c61-6d4e9891eef8/resourceGroups/rg01/providers/Microsoft.Authorization/policyAssignments/psPolicyAssignmentWithParameters02?api-version=2023-04-01+2": {
    "Request": {
      "Method": "GET",
      "RequestUri": "https://management.azure.com//subscriptions/597b2066-8f6f-4236-9c61-6d4e9891eef8/resourceGroups/rg01/providers/Microsoft.Authorization/policyAssignments/psPolicyAssignmentWithParameters02?api-version=2023-04-01",
      "Content": null,
      "isContentBase64": false,
      "Headers": {
        "x-ms-unique-id": [ "643" ],
        "x-ms-client-request-id": [ "c4c8064f-66c8-4cf8-9870-0434c71d88df" ],
        "CommandName": [ "\u0026" ],
        "FullCommandName": [ "Get-AzPolicyAssignment_Get" ],
        "ParameterSetName": [ "__AllParameterSets" ],
        "User-Agent": [ "AzurePowershell/v11.0.0", "PSVersion/v7.4.3", "Az.Policy/0.1.1" ],
        "Authorization": [ "[Filtered]" ]
      },
      "ContentHeaders": {
      }
    },
    "Response": {
      "StatusCode": 200,
      "Headers": {
        "Cache-Control": [ "no-cache" ],
        "Pragma": [ "no-cache" ],
        "Strict-Transport-Security": [ "max-age=31536000; includeSubDomains" ],
        "x-ms-ratelimit-remaining-subscription-reads": [ "11991" ],
        "x-ms-request-id": [ "026da048-1079-454a-82ab-953d17f77bf6" ],
        "x-ms-correlation-request-id": [ "026da048-1079-454a-82ab-953d17f77bf6" ],
        "x-ms-routing-request-id": [ "WESTUS2:20240628T045751Z:026da048-1079-454a-82ab-953d17f77bf6" ],
        "X-Content-Type-Options": [ "nosniff" ],
        "X-Cache": [ "CONFIG_NOCACHE" ],
        "X-MSEdge-Ref": [ "Ref A: A9591B05D5D34865A8FD840609B2D4A2 Ref B: CO6AA3150218009 Ref C: 2024-06-28T04:57:51Z" ],
        "Date": [ "Fri, 28 Jun 2024 04:57:51 GMT" ]
      },
      "ContentHeaders": {
        "Content-Length": [ "1130" ],
        "Content-Type": [ "application/json; charset=utf-8" ],
        "Expires": [ "-1" ]
      },
      "Content": "{\"properties\":{\"policyDefinitionId\":\"/subscriptions/597b2066-8f6f-4236-9c61-6d4e9891eef8/providers/Microsoft.Authorization/policyDefinitions/psPolicyAssignmentWithParameters01\",\"definitionVersion\":\"1.*.*\",\"scope\":\"/subscriptions/597b2066-8f6f-4236-9c61-6d4e9891eef8/resourceGroups/rg01\",\"parameters\":{\"listOfAllowedLocations\":{\"value\":[\"West US\",\"West US 2\"]}},\"description\":\"Unit test junk: sorry for littering. Please delete me!\",\"metadata\":{\"testName\":\"testValue\",\"createdBy\":\"3d826307-2481-45a0-a271-bcf9333f914a\",\"createdOn\":\"2024-06-28T04:57:51.6140139Z\",\"updatedBy\":null,\"updatedOn\":null},\"enforcementMode\":\"Default\"},\"id\":\"/subscriptions/597b2066-8f6f-4236-9c61-6d4e9891eef8/resourceGroups/rg01/providers/Microsoft.Authorization/policyAssignments/psPolicyAssignmentWithParameters02\",\"type\":\"Microsoft.Authorization/policyAssignments\",\"name\":\"psPolicyAssignmentWithParameters02\",\"systemData\":{\"createdBy\":\"cstack@ntdev.microsoft.com\",\"createdByType\":\"User\",\"createdAt\":\"2024-06-28T04:57:51.5834077Z\",\"lastModifiedBy\":\"cstack@ntdev.microsoft.com\",\"lastModifiedByType\":\"User\",\"lastModifiedAt\":\"2024-06-28T04:57:51.5834077Z\"}}",
      "isContentBase64": false
    }
  },
  "PolicyAssignmentWithParameters+[NoContext]+Update policy assignment description and metadata+$GET+https://management.azure.com//subscriptions/597b2066-8f6f-4236-9c61-6d4e9891eef8/resourceGroups/rg01/providers/Microsoft.Authorization/policyAssignments/psPolicyAssignmentWithParameters02?api-version=2023-04-01+1": {
    "Request": {
      "Method": "GET",
      "RequestUri": "https://management.azure.com//subscriptions/597b2066-8f6f-4236-9c61-6d4e9891eef8/resourceGroups/rg01/providers/Microsoft.Authorization/policyAssignments/psPolicyAssignmentWithParameters02?api-version=2023-04-01",
      "Content": null,
      "isContentBase64": false,
      "Headers": {
        "x-ms-unique-id": [ "644" ],
        "x-ms-client-request-id": [ "81b1581f-ad5f-4283-b4ee-91e5c49aef23" ],
        "CommandName": [ "\u0026" ],
        "FullCommandName": [ "Get-AzPolicyAssignment_Get1" ],
        "ParameterSetName": [ "__AllParameterSets" ],
        "User-Agent": [ "AzurePowershell/v11.0.0", "PSVersion/v7.4.3", "Az.Policy/0.1.1" ],
        "Authorization": [ "[Filtered]" ]
      },
      "ContentHeaders": {
      }
    },
    "Response": {
      "StatusCode": 200,
      "Headers": {
        "Cache-Control": [ "no-cache" ],
        "Pragma": [ "no-cache" ],
        "Strict-Transport-Security": [ "max-age=31536000; includeSubDomains" ],
        "x-ms-ratelimit-remaining-subscription-reads": [ "11986" ],
        "x-ms-request-id": [ "8e53b359-e408-4245-a78a-9c0f12da2f01" ],
        "x-ms-correlation-request-id": [ "8e53b359-e408-4245-a78a-9c0f12da2f01" ],
        "x-ms-routing-request-id": [ "WESTUS2:20240628T045752Z:8e53b359-e408-4245-a78a-9c0f12da2f01" ],
        "X-Content-Type-Options": [ "nosniff" ],
        "X-Cache": [ "CONFIG_NOCACHE" ],
        "X-MSEdge-Ref": [ "Ref A: A4237D81715D48DAA8953EA357F2EF1A Ref B: CO6AA3150218009 Ref C: 2024-06-28T04:57:52Z" ],
        "Date": [ "Fri, 28 Jun 2024 04:57:51 GMT" ]
      },
      "ContentHeaders": {
        "Content-Length": [ "1130" ],
        "Content-Type": [ "application/json; charset=utf-8" ],
        "Expires": [ "-1" ]
      },
      "Content": "{\"properties\":{\"policyDefinitionId\":\"/subscriptions/597b2066-8f6f-4236-9c61-6d4e9891eef8/providers/Microsoft.Authorization/policyDefinitions/psPolicyAssignmentWithParameters01\",\"definitionVersion\":\"1.*.*\",\"scope\":\"/subscriptions/597b2066-8f6f-4236-9c61-6d4e9891eef8/resourceGroups/rg01\",\"parameters\":{\"listOfAllowedLocations\":{\"value\":[\"West US\",\"West US 2\"]}},\"description\":\"Unit test junk: sorry for littering. Please delete me!\",\"metadata\":{\"testName\":\"testValue\",\"createdBy\":\"3d826307-2481-45a0-a271-bcf9333f914a\",\"createdOn\":\"2024-06-28T04:57:51.6140139Z\",\"updatedBy\":null,\"updatedOn\":null},\"enforcementMode\":\"Default\"},\"id\":\"/subscriptions/597b2066-8f6f-4236-9c61-6d4e9891eef8/resourceGroups/rg01/providers/Microsoft.Authorization/policyAssignments/psPolicyAssignmentWithParameters02\",\"type\":\"Microsoft.Authorization/policyAssignments\",\"name\":\"psPolicyAssignmentWithParameters02\",\"systemData\":{\"createdBy\":\"cstack@ntdev.microsoft.com\",\"createdByType\":\"User\",\"createdAt\":\"2024-06-28T04:57:51.5834077Z\",\"lastModifiedBy\":\"cstack@ntdev.microsoft.com\",\"lastModifiedByType\":\"User\",\"lastModifiedAt\":\"2024-06-28T04:57:51.5834077Z\"}}",
      "isContentBase64": false
    }
  },
  "PolicyAssignmentWithParameters+[NoContext]+Update policy assignment description and metadata+$PUT+https://management.azure.com//subscriptions/597b2066-8f6f-4236-9c61-6d4e9891eef8/resourceGroups/rg01/providers/Microsoft.Authorization/policyAssignments/psPolicyAssignmentWithParameters02?api-version=2023-04-01+2": {
    "Request": {
      "Method": "PUT",
      "RequestUri": "https://management.azure.com//subscriptions/597b2066-8f6f-4236-9c61-6d4e9891eef8/resourceGroups/rg01/providers/Microsoft.Authorization/policyAssignments/psPolicyAssignmentWithParameters02?api-version=2023-04-01",
      "Content": "{\r\n  \"properties\": {\r\n    \"displayName\": \"\",\r\n    \"policyDefinitionId\": \"/subscriptions/597b2066-8f6f-4236-9c61-6d4e9891eef8/providers/Microsoft.Authorization/policyDefinitions/psPolicyAssignmentWithParameters01\",\r\n    \"parameters\": {\r\n      \"listOfAllowedLocations\": {\r\n        \"value\": [ \"West US\", \"West US 2\" ]\r\n      }\r\n    },\r\n    \"description\": \"Unit test junk: sorry for littering. Please delete me! - Updated\",\r\n    \"metadata\": {\r\n      \"Meta1\": \"Value1\",\r\n      \"Meta2\": {\r\n        \"Meta22\": \"Value22\"\r\n      }\r\n    }\r\n  }\r\n}",
      "isContentBase64": false,
      "Headers": {
      },
      "ContentHeaders": {
        "Content-Type": [ "application/json" ],
        "Content-Length": [ "535" ]
      }
    },
    "Response": {
      "StatusCode": 201,
      "Headers": {
        "Cache-Control": [ "no-cache" ],
        "Pragma": [ "no-cache" ],
        "Strict-Transport-Security": [ "max-age=31536000; includeSubDomains" ],
        "x-ms-ratelimit-remaining-subscription-writes": [ "1197" ],
        "x-ms-request-id": [ "580cf784-9c3d-437a-9294-af74008561a7" ],
        "x-ms-correlation-request-id": [ "580cf784-9c3d-437a-9294-af74008561a7" ],
        "x-ms-routing-request-id": [ "WESTUS2:20240628T045752Z:580cf784-9c3d-437a-9294-af74008561a7" ],
        "X-Content-Type-Options": [ "nosniff" ],
        "X-Cache": [ "CONFIG_NOCACHE" ],
        "X-MSEdge-Ref": [ "Ref A: E3C1DD838586403A8F9506E3A1D7C52E Ref B: CO6AA3150218009 Ref C: 2024-06-28T04:57:52Z" ],
        "Date": [ "Fri, 28 Jun 2024 04:57:52 GMT" ]
      },
      "ContentHeaders": {
        "Content-Length": [ "1240" ],
        "Content-Type": [ "application/json; charset=utf-8" ],
        "Expires": [ "-1" ]
      },
      "Content": "{\"properties\":{\"displayName\":\"\",\"policyDefinitionId\":\"/subscriptions/597b2066-8f6f-4236-9c61-6d4e9891eef8/providers/Microsoft.Authorization/policyDefinitions/psPolicyAssignmentWithParameters01\",\"definitionVersion\":\"1.*.*\",\"scope\":\"/subscriptions/597b2066-8f6f-4236-9c61-6d4e9891eef8/resourceGroups/rg01\",\"parameters\":{\"listOfAllowedLocations\":{\"value\":[\"West US\",\"West US 2\"]}},\"description\":\"Unit test junk: sorry for littering. Please delete me! - Updated\",\"metadata\":{\"Meta1\":\"Value1\",\"Meta2\":{\"Meta22\":\"Value22\"},\"createdBy\":\"3d826307-2481-45a0-a271-bcf9333f914a\",\"createdOn\":\"2024-06-28T04:57:51.6140139Z\",\"updatedBy\":\"3d826307-2481-45a0-a271-bcf9333f914a\",\"updatedOn\":\"2024-06-28T04:57:52.2963381Z\"},\"enforcementMode\":\"Default\"},\"id\":\"/subscriptions/597b2066-8f6f-4236-9c61-6d4e9891eef8/resourceGroups/rg01/providers/Microsoft.Authorization/policyAssignments/psPolicyAssignmentWithParameters02\",\"type\":\"Microsoft.Authorization/policyAssignments\",\"name\":\"psPolicyAssignmentWithParameters02\",\"systemData\":{\"createdBy\":\"cstack@ntdev.microsoft.com\",\"createdByType\":\"User\",\"createdAt\":\"2024-06-28T04:57:51.5834077Z\",\"lastModifiedBy\":\"cstack@ntdev.microsoft.com\",\"lastModifiedByType\":\"User\",\"lastModifiedAt\":\"2024-06-28T04:57:52.2231418Z\"}}",
      "isContentBase64": false
    }
  },
  "PolicyAssignmentWithParameters+[NoContext]+Update policy assignment description and metadata+$GET+https://management.azure.com//subscriptions/597b2066-8f6f-4236-9c61-6d4e9891eef8/resourceGroups/rg01/providers/Microsoft.Authorization/policyAssignments/psPolicyAssignmentWithParameters02?api-version=2023-04-01+3": {
    "Request": {
      "Method": "GET",
      "RequestUri": "https://management.azure.com//subscriptions/597b2066-8f6f-4236-9c61-6d4e9891eef8/resourceGroups/rg01/providers/Microsoft.Authorization/policyAssignments/psPolicyAssignmentWithParameters02?api-version=2023-04-01",
      "Content": null,
      "isContentBase64": false,
      "Headers": {
        "x-ms-unique-id": [ "646" ],
        "x-ms-client-request-id": [ "8233c6e1-2406-4ae9-8c9e-733f158a0639" ],
        "CommandName": [ "\u0026" ],
        "FullCommandName": [ "Get-AzPolicyAssignment_Get" ],
        "ParameterSetName": [ "__AllParameterSets" ],
        "User-Agent": [ "AzurePowershell/v11.0.0", "PSVersion/v7.4.3", "Az.Policy/0.1.1" ],
        "Authorization": [ "[Filtered]" ]
      },
      "ContentHeaders": {
      }
    },
    "Response": {
      "StatusCode": 200,
      "Headers": {
        "Cache-Control": [ "no-cache" ],
        "Pragma": [ "no-cache" ],
        "Strict-Transport-Security": [ "max-age=31536000; includeSubDomains" ],
        "x-ms-ratelimit-remaining-subscription-reads": [ "11988" ],
        "x-ms-request-id": [ "fe066e3c-f730-4561-89b3-3b1b8594f5fd" ],
        "x-ms-correlation-request-id": [ "fe066e3c-f730-4561-89b3-3b1b8594f5fd" ],
        "x-ms-routing-request-id": [ "WESTUS2:20240628T045752Z:fe066e3c-f730-4561-89b3-3b1b8594f5fd" ],
        "X-Content-Type-Options": [ "nosniff" ],
        "X-Cache": [ "CONFIG_NOCACHE" ],
        "X-MSEdge-Ref": [ "Ref A: BE4FC83CD15148E9B6450278ACFB7687 Ref B: CO6AA3150218009 Ref C: 2024-06-28T04:57:52Z" ],
        "Date": [ "Fri, 28 Jun 2024 04:57:52 GMT" ]
      },
      "ContentHeaders": {
        "Content-Length": [ "1240" ],
        "Content-Type": [ "application/json; charset=utf-8" ],
        "Expires": [ "-1" ]
      },
      "Content": "{\"properties\":{\"displayName\":\"\",\"policyDefinitionId\":\"/subscriptions/597b2066-8f6f-4236-9c61-6d4e9891eef8/providers/Microsoft.Authorization/policyDefinitions/psPolicyAssignmentWithParameters01\",\"definitionVersion\":\"1.*.*\",\"scope\":\"/subscriptions/597b2066-8f6f-4236-9c61-6d4e9891eef8/resourceGroups/rg01\",\"parameters\":{\"listOfAllowedLocations\":{\"value\":[\"West US\",\"West US 2\"]}},\"description\":\"Unit test junk: sorry for littering. Please delete me! - Updated\",\"metadata\":{\"Meta1\":\"Value1\",\"Meta2\":{\"Meta22\":\"Value22\"},\"createdBy\":\"3d826307-2481-45a0-a271-bcf9333f914a\",\"createdOn\":\"2024-06-28T04:57:51.6140139Z\",\"updatedBy\":\"3d826307-2481-45a0-a271-bcf9333f914a\",\"updatedOn\":\"2024-06-28T04:57:52.2963381Z\"},\"enforcementMode\":\"Default\"},\"id\":\"/subscriptions/597b2066-8f6f-4236-9c61-6d4e9891eef8/resourceGroups/rg01/providers/Microsoft.Authorization/policyAssignments/psPolicyAssignmentWithParameters02\",\"type\":\"Microsoft.Authorization/policyAssignments\",\"name\":\"psPolicyAssignmentWithParameters02\",\"systemData\":{\"createdBy\":\"cstack@ntdev.microsoft.com\",\"createdByType\":\"User\",\"createdAt\":\"2024-06-28T04:57:51.5834077Z\",\"lastModifiedBy\":\"cstack@ntdev.microsoft.com\",\"lastModifiedByType\":\"User\",\"lastModifiedAt\":\"2024-06-28T04:57:52.2231418Z\"}}",
      "isContentBase64": false
    }
  },
  "PolicyAssignmentWithParameters+[NoContext]+Update policy assignment powershell object parameters+$GET+https://management.azure.com//subscriptions/597b2066-8f6f-4236-9c61-6d4e9891eef8/resourceGroups/rg01/providers/Microsoft.Authorization/policyAssignments/psPolicyAssignmentWithParameters02?api-version=2023-04-01+1": {
    "Request": {
      "Method": "GET",
      "RequestUri": "https://management.azure.com//subscriptions/597b2066-8f6f-4236-9c61-6d4e9891eef8/resourceGroups/rg01/providers/Microsoft.Authorization/policyAssignments/psPolicyAssignmentWithParameters02?api-version=2023-04-01",
      "Content": null,
      "isContentBase64": false,
      "Headers": {
        "x-ms-unique-id": [ "647" ],
        "x-ms-client-request-id": [ "47cbeda9-42b0-4a9e-8c10-0cb81eb76a43" ],
        "CommandName": [ "\u0026" ],
        "FullCommandName": [ "Get-AzPolicyAssignment_Get1" ],
        "ParameterSetName": [ "__AllParameterSets" ],
        "User-Agent": [ "AzurePowershell/v11.0.0", "PSVersion/v7.4.3", "Az.Policy/0.1.1" ],
        "Authorization": [ "[Filtered]" ]
      },
      "ContentHeaders": {
      }
    },
    "Response": {
      "StatusCode": 200,
      "Headers": {
        "Cache-Control": [ "no-cache" ],
        "Pragma": [ "no-cache" ],
        "Strict-Transport-Security": [ "max-age=31536000; includeSubDomains" ],
        "x-ms-ratelimit-remaining-subscription-reads": [ "11990" ],
        "x-ms-request-id": [ "695a8ea1-b43a-46a1-af9d-19f638b4d0e7" ],
        "x-ms-correlation-request-id": [ "695a8ea1-b43a-46a1-af9d-19f638b4d0e7" ],
        "x-ms-routing-request-id": [ "WESTUS2:20240628T045752Z:695a8ea1-b43a-46a1-af9d-19f638b4d0e7" ],
        "X-Content-Type-Options": [ "nosniff" ],
        "X-Cache": [ "CONFIG_NOCACHE" ],
        "X-MSEdge-Ref": [ "Ref A: 37CEB669E4754EC883BB973628AC1CDA Ref B: CO6AA3150218009 Ref C: 2024-06-28T04:57:52Z" ],
        "Date": [ "Fri, 28 Jun 2024 04:57:52 GMT" ]
      },
      "ContentHeaders": {
        "Content-Length": [ "1240" ],
        "Content-Type": [ "application/json; charset=utf-8" ],
        "Expires": [ "-1" ]
      },
      "Content": "{\"properties\":{\"displayName\":\"\",\"policyDefinitionId\":\"/subscriptions/597b2066-8f6f-4236-9c61-6d4e9891eef8/providers/Microsoft.Authorization/policyDefinitions/psPolicyAssignmentWithParameters01\",\"definitionVersion\":\"1.*.*\",\"scope\":\"/subscriptions/597b2066-8f6f-4236-9c61-6d4e9891eef8/resourceGroups/rg01\",\"parameters\":{\"listOfAllowedLocations\":{\"value\":[\"West US\",\"West US 2\"]}},\"description\":\"Unit test junk: sorry for littering. Please delete me! - Updated\",\"metadata\":{\"Meta1\":\"Value1\",\"Meta2\":{\"Meta22\":\"Value22\"},\"createdBy\":\"3d826307-2481-45a0-a271-bcf9333f914a\",\"createdOn\":\"2024-06-28T04:57:51.6140139Z\",\"updatedBy\":\"3d826307-2481-45a0-a271-bcf9333f914a\",\"updatedOn\":\"2024-06-28T04:57:52.2963381Z\"},\"enforcementMode\":\"Default\"},\"id\":\"/subscriptions/597b2066-8f6f-4236-9c61-6d4e9891eef8/resourceGroups/rg01/providers/Microsoft.Authorization/policyAssignments/psPolicyAssignmentWithParameters02\",\"type\":\"Microsoft.Authorization/policyAssignments\",\"name\":\"psPolicyAssignmentWithParameters02\",\"systemData\":{\"createdBy\":\"cstack@ntdev.microsoft.com\",\"createdByType\":\"User\",\"createdAt\":\"2024-06-28T04:57:51.5834077Z\",\"lastModifiedBy\":\"cstack@ntdev.microsoft.com\",\"lastModifiedByType\":\"User\",\"lastModifiedAt\":\"2024-06-28T04:57:52.2231418Z\"}}",
      "isContentBase64": false
    }
  },
  "PolicyAssignmentWithParameters+[NoContext]+Update policy assignment powershell object parameters+$PUT+https://management.azure.com//subscriptions/597b2066-8f6f-4236-9c61-6d4e9891eef8/resourceGroups/rg01/providers/Microsoft.Authorization/policyAssignments/psPolicyAssignmentWithParameters02?api-version=2023-04-01+2": {
    "Request": {
      "Method": "PUT",
      "RequestUri": "https://management.azure.com//subscriptions/597b2066-8f6f-4236-9c61-6d4e9891eef8/resourceGroups/rg01/providers/Microsoft.Authorization/policyAssignments/psPolicyAssignmentWithParameters02?api-version=2023-04-01",
      "Content": "{\r\n  \"properties\": {\r\n    \"displayName\": \"\",\r\n    \"policyDefinitionId\": \"/subscriptions/597b2066-8f6f-4236-9c61-6d4e9891eef8/providers/Microsoft.Authorization/policyDefinitions/psPolicyAssignmentWithParameters01\",\r\n    \"parameters\": {\r\n      \"listOfAllowedLocations\": {\r\n        \"value\": [ \"West2 US2\", \"West2 US22\" ]\r\n      }\r\n    },\r\n    \"description\": \"Unit test junk: sorry for littering. Please delete me! - Updated\",\r\n    \"metadata\": {\r\n      \"createdBy\": \"3d826307-2481-45a0-a271-bcf9333f914a\",\r\n      \"updatedOn\": \"06/28/2024 04:57:52\",\r\n      \"updatedBy\": \"3d826307-2481-45a0-a271-bcf9333f914a\",\r\n      \"Meta1\": \"Value1\",\r\n      \"Meta2\": \"\",\r\n      \"createdOn\": \"06/28/2024 04:57:51\"\r\n    }\r\n  }\r\n}",
      "isContentBase64": false,
      "Headers": {
      },
      "ContentHeaders": {
        "Content-Type": [ "application/json" ],
        "Content-Length": [ "707" ]
      }
    },
    "Response": {
      "StatusCode": 201,
      "Headers": {
        "Cache-Control": [ "no-cache" ],
        "Pragma": [ "no-cache" ],
        "Strict-Transport-Security": [ "max-age=31536000; includeSubDomains" ],
        "x-ms-ratelimit-remaining-subscription-writes": [ "1196" ],
        "x-ms-request-id": [ "f604a00f-38eb-4bd2-be14-100566c28558" ],
        "x-ms-correlation-request-id": [ "f604a00f-38eb-4bd2-be14-100566c28558" ],
        "x-ms-routing-request-id": [ "WESTUS2:20240628T045753Z:f604a00f-38eb-4bd2-be14-100566c28558" ],
        "X-Content-Type-Options": [ "nosniff" ],
        "X-Cache": [ "CONFIG_NOCACHE" ],
        "X-MSEdge-Ref": [ "Ref A: 520276C9D81F403ABEC92468CF149625 Ref B: CO6AA3150218009 Ref C: 2024-06-28T04:57:52Z" ],
        "Date": [ "Fri, 28 Jun 2024 04:57:53 GMT" ]
      },
      "ContentHeaders": {
        "Content-Length": [ "1225" ],
        "Content-Type": [ "application/json; charset=utf-8" ],
        "Expires": [ "-1" ]
      },
      "Content": "{\"properties\":{\"displayName\":\"\",\"policyDefinitionId\":\"/subscriptions/597b2066-8f6f-4236-9c61-6d4e9891eef8/providers/Microsoft.Authorization/policyDefinitions/psPolicyAssignmentWithParameters01\",\"definitionVersion\":\"1.*.*\",\"scope\":\"/subscriptions/597b2066-8f6f-4236-9c61-6d4e9891eef8/resourceGroups/rg01\",\"parameters\":{\"listOfAllowedLocations\":{\"value\":[\"West2 US2\",\"West2 US22\"]}},\"description\":\"Unit test junk: sorry for littering. Please delete me! - Updated\",\"metadata\":{\"createdBy\":\"3d826307-2481-45a0-a271-bcf9333f914a\",\"updatedOn\":\"2024-06-28T04:57:52.9493402Z\",\"updatedBy\":\"3d826307-2481-45a0-a271-bcf9333f914a\",\"Meta1\":\"Value1\",\"Meta2\":\"\",\"createdOn\":\"2024-06-28T04:57:51.6140139Z\"},\"enforcementMode\":\"Default\"},\"id\":\"/subscriptions/597b2066-8f6f-4236-9c61-6d4e9891eef8/resourceGroups/rg01/providers/Microsoft.Authorization/policyAssignments/psPolicyAssignmentWithParameters02\",\"type\":\"Microsoft.Authorization/policyAssignments\",\"name\":\"psPolicyAssignmentWithParameters02\",\"systemData\":{\"createdBy\":\"cstack@ntdev.microsoft.com\",\"createdByType\":\"User\",\"createdAt\":\"2024-06-28T04:57:51.5834077Z\",\"lastModifiedBy\":\"cstack@ntdev.microsoft.com\",\"lastModifiedByType\":\"User\",\"lastModifiedAt\":\"2024-06-28T04:57:52.9349357Z\"}}",
      "isContentBase64": false
    }
  },
  "PolicyAssignmentWithParameters+[NoContext]+Update policy assignment powershell object parameters+$GET+https://management.azure.com//subscriptions/597b2066-8f6f-4236-9c61-6d4e9891eef8/resourceGroups/rg01/providers/Microsoft.Authorization/policyAssignments/psPolicyAssignmentWithParameters02?api-version=2023-04-01+3": {
    "Request": {
      "Method": "GET",
      "RequestUri": "https://management.azure.com//subscriptions/597b2066-8f6f-4236-9c61-6d4e9891eef8/resourceGroups/rg01/providers/Microsoft.Authorization/policyAssignments/psPolicyAssignmentWithParameters02?api-version=2023-04-01",
      "Content": null,
      "isContentBase64": false,
      "Headers": {
        "x-ms-unique-id": [ "649" ],
        "x-ms-client-request-id": [ "9aa185eb-2d58-42a1-bce7-e2f168da8095" ],
        "CommandName": [ "\u0026" ],
        "FullCommandName": [ "Get-AzPolicyAssignment_Get" ],
        "ParameterSetName": [ "__AllParameterSets" ],
        "User-Agent": [ "AzurePowershell/v11.0.0", "PSVersion/v7.4.3", "Az.Policy/0.1.1" ],
        "Authorization": [ "[Filtered]" ]
      },
      "ContentHeaders": {
      }
    },
    "Response": {
      "StatusCode": 200,
      "Headers": {
        "Cache-Control": [ "no-cache" ],
        "Pragma": [ "no-cache" ],
        "Strict-Transport-Security": [ "max-age=31536000; includeSubDomains" ],
        "x-ms-ratelimit-remaining-subscription-reads": [ "11984" ],
        "x-ms-request-id": [ "0ab4e889-d1af-457d-8852-c7b87f547b27" ],
        "x-ms-correlation-request-id": [ "0ab4e889-d1af-457d-8852-c7b87f547b27" ],
        "x-ms-routing-request-id": [ "WESTUS2:20240628T045753Z:0ab4e889-d1af-457d-8852-c7b87f547b27" ],
        "X-Content-Type-Options": [ "nosniff" ],
        "X-Cache": [ "CONFIG_NOCACHE" ],
        "X-MSEdge-Ref": [ "Ref A: C20DC01379DA4647B0DD4CEA4006E582 Ref B: CO6AA3150218009 Ref C: 2024-06-28T04:57:53Z" ],
        "Date": [ "Fri, 28 Jun 2024 04:57:53 GMT" ]
      },
      "ContentHeaders": {
        "Content-Length": [ "1225" ],
        "Content-Type": [ "application/json; charset=utf-8" ],
        "Expires": [ "-1" ]
      },
      "Content": "{\"properties\":{\"displayName\":\"\",\"policyDefinitionId\":\"/subscriptions/597b2066-8f6f-4236-9c61-6d4e9891eef8/providers/Microsoft.Authorization/policyDefinitions/psPolicyAssignmentWithParameters01\",\"definitionVersion\":\"1.*.*\",\"scope\":\"/subscriptions/597b2066-8f6f-4236-9c61-6d4e9891eef8/resourceGroups/rg01\",\"parameters\":{\"listOfAllowedLocations\":{\"value\":[\"West2 US2\",\"West2 US22\"]}},\"description\":\"Unit test junk: sorry for littering. Please delete me! - Updated\",\"metadata\":{\"createdBy\":\"3d826307-2481-45a0-a271-bcf9333f914a\",\"updatedOn\":\"2024-06-28T04:57:52.9493402Z\",\"updatedBy\":\"3d826307-2481-45a0-a271-bcf9333f914a\",\"Meta1\":\"Value1\",\"Meta2\":\"\",\"createdOn\":\"2024-06-28T04:57:51.6140139Z\"},\"enforcementMode\":\"Default\"},\"id\":\"/subscriptions/597b2066-8f6f-4236-9c61-6d4e9891eef8/resourceGroups/rg01/providers/Microsoft.Authorization/policyAssignments/psPolicyAssignmentWithParameters02\",\"type\":\"Microsoft.Authorization/policyAssignments\",\"name\":\"psPolicyAssignmentWithParameters02\",\"systemData\":{\"createdBy\":\"cstack@ntdev.microsoft.com\",\"createdByType\":\"User\",\"createdAt\":\"2024-06-28T04:57:51.5834077Z\",\"lastModifiedBy\":\"cstack@ntdev.microsoft.com\",\"lastModifiedByType\":\"User\",\"lastModifiedAt\":\"2024-06-28T04:57:52.9349357Z\"}}",
      "isContentBase64": false
    }
  },
  "PolicyAssignmentWithParameters+[NoContext]+[NoScenario]+$DELETE+https://management.azure.com//subscriptions/597b2066-8f6f-4236-9c61-6d4e9891eef8/resourceGroups/rg01/providers/Microsoft.Authorization/policyAssignments/psPolicyAssignmentWithParameters02?api-version=2023-04-01+4": {
    "Request": {
      "Method": "DELETE",
      "RequestUri": "https://management.azure.com//subscriptions/597b2066-8f6f-4236-9c61-6d4e9891eef8/resourceGroups/rg01/providers/Microsoft.Authorization/policyAssignments/psPolicyAssignmentWithParameters02?api-version=2023-04-01",
      "Content": null,
      "isContentBase64": false,
      "Headers": {
        "x-ms-unique-id": [ "650" ],
        "x-ms-client-request-id": [ "617e5195-0b5c-4347-850b-bea84fc2ea11" ],
        "CommandName": [ "\u0026" ],
        "FullCommandName": [ "Remove-AzPolicyAssignment_Delete" ],
        "ParameterSetName": [ "__AllParameterSets" ],
        "User-Agent": [ "AzurePowershell/v11.0.0", "PSVersion/v7.4.3", "Az.Policy/0.1.1" ],
        "Authorization": [ "[Filtered]" ]
      },
      "ContentHeaders": {
      }
    },
    "Response": {
      "StatusCode": 200,
      "Headers": {
        "Cache-Control": [ "no-cache" ],
        "Pragma": [ "no-cache" ],
        "Strict-Transport-Security": [ "max-age=31536000; includeSubDomains" ],
        "x-ms-ratelimit-remaining-subscription-deletes": [ "14996" ],
        "x-ms-request-id": [ "5596e83e-e261-4456-bd7b-cadc39df1462" ],
        "x-ms-correlation-request-id": [ "5596e83e-e261-4456-bd7b-cadc39df1462" ],
        "x-ms-routing-request-id": [ "WESTUS2:20240628T045753Z:5596e83e-e261-4456-bd7b-cadc39df1462" ],
        "X-Content-Type-Options": [ "nosniff" ],
        "X-Cache": [ "CONFIG_NOCACHE" ],
        "X-MSEdge-Ref": [ "Ref A: 40CF628E6D17414688BB8098176EB939 Ref B: CO6AA3150218009 Ref C: 2024-06-28T04:57:53Z" ],
        "Date": [ "Fri, 28 Jun 2024 04:57:53 GMT" ]
      },
      "ContentHeaders": {
        "Content-Length": [ "1225" ],
        "Content-Type": [ "application/json; charset=utf-8" ],
        "Expires": [ "-1" ]
      },
      "Content": "{\"properties\":{\"displayName\":\"\",\"policyDefinitionId\":\"/subscriptions/597b2066-8f6f-4236-9c61-6d4e9891eef8/providers/Microsoft.Authorization/policyDefinitions/psPolicyAssignmentWithParameters01\",\"definitionVersion\":\"1.*.*\",\"scope\":\"/subscriptions/597b2066-8f6f-4236-9c61-6d4e9891eef8/resourceGroups/rg01\",\"parameters\":{\"listOfAllowedLocations\":{\"value\":[\"West2 US2\",\"West2 US22\"]}},\"description\":\"Unit test junk: sorry for littering. Please delete me! - Updated\",\"metadata\":{\"createdBy\":\"3d826307-2481-45a0-a271-bcf9333f914a\",\"updatedOn\":\"2024-06-28T04:57:52.9493402Z\",\"updatedBy\":\"3d826307-2481-45a0-a271-bcf9333f914a\",\"Meta1\":\"Value1\",\"Meta2\":\"\",\"createdOn\":\"2024-06-28T04:57:51.6140139Z\"},\"enforcementMode\":\"Default\"},\"id\":\"/subscriptions/597b2066-8f6f-4236-9c61-6d4e9891eef8/resourceGroups/rg01/providers/Microsoft.Authorization/policyAssignments/psPolicyAssignmentWithParameters02\",\"type\":\"Microsoft.Authorization/policyAssignments\",\"name\":\"psPolicyAssignmentWithParameters02\",\"systemData\":{\"createdBy\":\"cstack@ntdev.microsoft.com\",\"createdByType\":\"User\",\"createdAt\":\"2024-06-28T04:57:51.5834077Z\",\"lastModifiedBy\":\"cstack@ntdev.microsoft.com\",\"lastModifiedByType\":\"User\",\"lastModifiedAt\":\"2024-06-28T04:57:52.9349357Z\"}}",
      "isContentBase64": false
    }
  },
  "PolicyAssignmentWithParameters+[NoContext]+[NoScenario]+$DELETE+https://management.azure.com/subscriptions/597b2066-8f6f-4236-9c61-6d4e9891eef8/providers/Microsoft.Authorization/policyDefinitions/psPolicyAssignmentWithParameters01?api-version=2023-04-01+5": {
    "Request": {
      "Method": "DELETE",
      "RequestUri": "https://management.azure.com/subscriptions/597b2066-8f6f-4236-9c61-6d4e9891eef8/providers/Microsoft.Authorization/policyDefinitions/psPolicyAssignmentWithParameters01?api-version=2023-04-01",
      "Content": null,
      "isContentBase64": false,
      "Headers": {
        "x-ms-unique-id": [ "651" ],
        "x-ms-client-request-id": [ "5eb353ba-0f03-4838-872d-8d8c8cd4b0f0" ],
        "CommandName": [ "\u0026" ],
        "FullCommandName": [ "Remove-AzPolicyDefinition_Delete" ],
        "ParameterSetName": [ "__AllParameterSets" ],
        "User-Agent": [ "AzurePowershell/v11.0.0", "PSVersion/v7.4.3", "Az.Policy/0.1.1" ],
        "Authorization": [ "[Filtered]" ]
      },
      "ContentHeaders": {
      }
    },
    "Response": {
      "StatusCode": 200,
      "Headers": {
        "Cache-Control": [ "no-cache" ],
        "Pragma": [ "no-cache" ],
        "Strict-Transport-Security": [ "max-age=31536000; includeSubDomains" ],
        "x-ms-ratelimit-remaining-subscription-deletes": [ "14995" ],
        "x-ms-request-id": [ "d7c07653-3312-4ea1-a0e7-e687f8fac564" ],
        "x-ms-correlation-request-id": [ "d7c07653-3312-4ea1-a0e7-e687f8fac564" ],
        "x-ms-routing-request-id": [ "WESTUS2:20240628T045754Z:d7c07653-3312-4ea1-a0e7-e687f8fac564" ],
        "X-Content-Type-Options": [ "nosniff" ],
        "X-Cache": [ "CONFIG_NOCACHE" ],
        "X-MSEdge-Ref": [ "Ref A: 222B0BD2B7D34C57AFC2E4CAC71C718C Ref B: CO6AA3150218009 Ref C: 2024-06-28T04:57:53Z" ],
        "Date": [ "Fri, 28 Jun 2024 04:57:54 GMT" ]
      },
      "ContentHeaders": {
        "Content-Length": [ "1295" ],
        "Content-Type": [ "application/json; charset=utf-8" ],
        "Expires": [ "-1" ]
      },
      "Content": "{\"properties\":{\"policyType\":\"Custom\",\"mode\":\"All\",\"description\":\"Unit test junk: sorry for littering. Please delete me!\",\"metadata\":{\"createdBy\":\"3d826307-2481-45a0-a271-bcf9333f914a\",\"createdOn\":\"2024-06-28T04:57:47.7633227Z\",\"updatedBy\":null,\"updatedOn\":null},\"version\":\"1.0.0\",\"parameters\":{\"listOfAllowedLocations\":{\"type\":\"array\",\"metadata\":{\"description\":\"An array of permitted locations for resources.\",\"strongType\":\"location\",\"displayName\":\"List of locations\"}},\"effectParam\":{\"type\":\"string\",\"metadata\":{\"description\":\"The effect of the policy\",\"displayName\":\"Policy Effect\"},\"allowedValues\":[\"Deny\",\"Disabled\"],\"defaultValue\":\"Deny\"}},\"policyRule\":{\"if\":{\"not\":{\"field\":\"location\",\"in\":\"[parameters(\u0027listOfAllowedLocations\u0027)]\"}},\"then\":{\"effect\":\"[parameters(\u0027effectParam\u0027)]\"}},\"versions\":[\"1.0.0\"]},\"id\":\"/subscriptions/597b2066-8f6f-4236-9c61-6d4e9891eef8/providers/Microsoft.Authorization/policyDefinitions/psPolicyAssignmentWithParameters01\",\"type\":\"Microsoft.Authorization/policyDefinitions\",\"name\":\"psPolicyAssignmentWithParameters01\",\"systemData\":{\"createdBy\":\"cstack@ntdev.microsoft.com\",\"createdByType\":\"User\",\"createdAt\":\"2024-06-28T04:57:47.7375581Z\",\"lastModifiedBy\":\"cstack@ntdev.microsoft.com\",\"lastModifiedByType\":\"User\",\"lastModifiedAt\":\"2024-06-28T04:57:47.7375581Z\"}}",
      "isContentBase64": false
    }
  }
}