{
  "PolicyExemptionCRUDAtManagementGroup+[NoContext]+[NoScenario]+$GET+https://management.azure.com/providers/Microsoft.Authorization/policyDefinitions/0a914e76-4921-4c19-b460-a2d36003525a?api-version=2023-04-01+1": {
    "Request": {
      "Method": "GET",
      "RequestUri": "https://management.azure.com/providers/Microsoft.Authorization/policyDefinitions/0a914e76-4921-4c19-b460-a2d36003525a?api-version=2023-04-01",
      "Content": null,
      "isContentBase64": false,
      "Headers": {
        "x-ms-unique-id": [ "56" ],
        "x-ms-client-request-id": [ "39cbbb44-17a6-413b-8925-f86655f543f0" ],
        "CommandName": [ "\u0026" ],
        "FullCommandName": [ "Get-AzPolicyDefinitionBuilt_Get" ],
        "ParameterSetName": [ "__AllParameterSets" ],
        "User-Agent": [ "AzurePowershell/v12.3.0", "PSVersion/v7.4.5", "Az.Policy/0.1.1" ],
        "Authorization": [ "[Filtered]" ]
      },
      "ContentHeaders": {
      }
    },
    "Response": {
      "StatusCode": 200,
      "Headers": {
        "Cache-Control": [ "no-cache" ],
        "Pragma": [ "no-cache" ],
        "Strict-Transport-Security": [ "max-age=31536000; includeSubDomains" ],
        "x-ms-ratelimit-remaining-tenant-reads": [ "11999" ],
        "x-ms-request-id": [ "76a64ecc-d09b-4c45-8778-b73d79df282a" ],
        "x-ms-correlation-request-id": [ "76a64ecc-d09b-4c45-8778-b73d79df282a" ],
        "x-ms-routing-request-id": [ "WESTUS:20241001T223625Z:76a64ecc-d09b-4c45-8778-b73d79df282a" ],
        "X-Content-Type-Options": [ "nosniff" ],
        "X-Cache": [ "CONFIG_NOCACHE" ],
        "X-MSEdge-Ref": [ "Ref A: 49DCBFB9D7334B5590C58A518DB8C3FF Ref B: CO6AA3150219049 Ref C: 2024-10-01T22:36:24Z" ],
        "Date": [ "Tue, 01 Oct 2024 22:36:24 GMT" ]
      },
      "ContentHeaders": {
        "Content-Length": [ "660" ],
        "Content-Type": [ "application/json; charset=utf-8" ],
        "Expires": [ "-1" ]
      },
      "Content": "{\"properties\":{\"displayName\":\"Audit resource location matches resource group location\",\"policyType\":\"BuiltIn\",\"mode\":\"Indexed\",\"description\":\"Audit that the resource location matches its resource group location\",\"metadata\":{\"version\":\"2.0.0\",\"category\":\"General\"},\"version\":\"2.0.0\",\"policyRule\":{\"if\":{\"allOf\":[{\"field\":\"location\",\"notEquals\":\"[resourcegroup().location]\"},{\"field\":\"location\",\"notEquals\":\"global\"}]},\"then\":{\"effect\":\"audit\"}},\"versions\":[\"2.0.0\"]},\"id\":\"/providers/Microsoft.Authorization/policyDefinitions/0a914e76-4921-4c19-b460-a2d36003525a\",\"type\":\"Microsoft.Authorization/policyDefinitions\",\"name\":\"0a914e76-4921-4c19-b460-a2d36003525a\"}",
      "isContentBase64": false
    }
  },
  "PolicyExemptionCRUDAtManagementGroup+[NoContext]+[NoScenario]+$PUT+https://management.azure.com//providers/Microsoft.Management/managementGroups/AzGovPerfTest/providers/Microsoft.Authorization/policyAssignments/ps01141CEAPolicyExemptio?api-version=2023-04-01+2": {
    "Request": {
      "Method": "PUT",
      "RequestUri": "https://management.azure.com//providers/Microsoft.Management/managementGroups/AzGovPerfTest/providers/Microsoft.Authorization/policyAssignments/ps01141CEAPolicyExemptio?api-version=2023-04-01",
      "Content": "{\r\n  \"properties\": {\r\n    \"displayName\": \"Unit test junk: sorry for littering. Please delete me!\",\r\n    \"policyDefinitionId\": \"/providers/Microsoft.Authorization/policyDefinitions/0a914e76-4921-4c19-b460-a2d36003525a\"\r\n  }\r\n}",
      "isContentBase64": false,
      "Headers": {
      },
      "ContentHeaders": {
        "Content-Type": [ "application/json" ],
        "Content-Length": [ "225" ]
      }
    },
    "Response": {
      "StatusCode": 201,
      "Headers": {
        "Cache-Control": [ "no-cache" ],
        "Pragma": [ "no-cache" ],
        "Strict-Transport-Security": [ "max-age=31536000; includeSubDomains" ],
        "x-ms-ratelimit-remaining-tenant-writes": [ "1199" ],
        "x-ms-request-id": [ "2f9edc19-a1c3-4ecb-bb7e-4eae5b4d5403" ],
        "x-ms-correlation-request-id": [ "2f9edc19-a1c3-4ecb-bb7e-4eae5b4d5403" ],
        "x-ms-routing-request-id": [ "WESTUS:20241001T223625Z:2f9edc19-a1c3-4ecb-bb7e-4eae5b4d5403" ],
        "X-Content-Type-Options": [ "nosniff" ],
        "X-Cache": [ "CONFIG_NOCACHE" ],
        "X-MSEdge-Ref": [ "Ref A: BEA00DD8E0714E7D8E2FF10E565536EF Ref B: CO6AA3150219049 Ref C: 2024-10-01T22:36:25Z" ],
        "Date": [ "Tue, 01 Oct 2024 22:36:24 GMT" ]
      },
      "ContentHeaders": {
        "Content-Length": [ "946" ],
        "Content-Type": [ "application/json; charset=utf-8" ],
        "Expires": [ "-1" ]
      },
      "Content": "{\"properties\":{\"displayName\":\"Unit test junk: sorry for littering. Please delete me!\",\"policyDefinitionId\":\"/providers/Microsoft.Authorization/policyDefinitions/0a914e76-4921-4c19-b460-a2d36003525a\",\"definitionVersion\":\"2.*.*\",\"scope\":\"/providers/Microsoft.Management/managementGroups/AzGovPerfTest\",\"metadata\":{\"createdBy\":\"3d826307-2481-45a0-a271-bcf9333f914a\",\"createdOn\":\"2024-10-01T22:36:25.2131904Z\",\"updatedBy\":null,\"updatedOn\":null},\"enforcementMode\":\"Default\"},\"id\":\"/providers/Microsoft.Management/managementGroups/AzGovPerfTest/providers/Microsoft.Authorization/policyAssignments/ps01141CEAPolicyExemptio\",\"type\":\"Microsoft.Authorization/policyAssignments\",\"name\":\"ps01141CEAPolicyExemptio\",\"systemData\":{\"createdBy\":\"cstack@ntdev.microsoft.com\",\"createdByType\":\"User\",\"createdAt\":\"2024-10-01T22:36:25.1804518Z\",\"lastModifiedBy\":\"cstack@ntdev.microsoft.com\",\"lastModifiedByType\":\"User\",\"lastModifiedAt\":\"2024-10-01T22:36:25.1804518Z\"}}",
      "isContentBase64": false
    }
  },
  "PolicyExemptionCRUDAtManagementGroup+[NoContext]+[NoScenario]+$PUT+https://management.azure.com//providers/Microsoft.Management/managementGroups/AzGovPerfTest/providers/Microsoft.Authorization/policyExemptions/ps02141CEAPolicyExemptio?api-version=2022-07-01-preview+3": {
    "Request": {
      "Method": "PUT",
      "RequestUri": "https://management.azure.com//providers/Microsoft.Management/managementGroups/AzGovPerfTest/providers/Microsoft.Authorization/policyExemptions/ps02141CEAPolicyExemptio?api-version=2022-07-01-preview",
      "Content": "{\r\n  \"properties\": {\r\n    \"policyAssignmentId\": \"/providers/Microsoft.Management/managementGroups/AzGovPerfTest/providers/Microsoft.Authorization/policyAssignments/ps01141CEAPolicyExemptio\",\r\n    \"exemptionCategory\": \"Waiver\",\r\n    \"expiresOn\": \"3021-03-09T07:30:10.0000000Z\",\r\n    \"displayName\": \"Unit test junk: sorry for littering. Please delete me!\",\r\n    \"description\": \"Unit test junk: sorry for littering. Please delete me!\",\r\n    \"metadata\": {\r\n      \"testName\": \"testValue\"\r\n    }\r\n  }\r\n}",
      "isContentBase64": false,
      "Headers": {
      },
      "ContentHeaders": {
        "Content-Type": [ "application/json" ],
        "Content-Length": [ "497" ]
      }
    },
    "Response": {
      "StatusCode": 201,
      "Headers": {
        "Cache-Control": [ "no-cache" ],
        "Pragma": [ "no-cache" ],
        "Strict-Transport-Security": [ "max-age=31536000; includeSubDomains" ],
        "x-ms-ratelimit-remaining-tenant-writes": [ "1199" ],
        "x-ms-request-id": [ "1b2583af-7d8d-47c7-8164-342e71cfd0c2" ],
        "x-ms-correlation-request-id": [ "1b2583af-7d8d-47c7-8164-342e71cfd0c2" ],
        "x-ms-routing-request-id": [ "WESTUS:20241001T223626Z:1b2583af-7d8d-47c7-8164-342e71cfd0c2" ],
        "X-Content-Type-Options": [ "nosniff" ],
        "X-Cache": [ "CONFIG_NOCACHE" ],
        "X-MSEdge-Ref": [ "Ref A: 5243CC436FFB473AA4F3C0677ABBF9D4 Ref B: CO6AA3150219049 Ref C: 2024-10-01T22:36:25Z" ],
        "Date": [ "Tue, 01 Oct 2024 22:36:25 GMT" ]
      },
      "ContentHeaders": {
        "Content-Length": [ "895" ],
        "Content-Type": [ "application/json; charset=utf-8" ],
        "Expires": [ "-1" ]
      },
      "Content": "{\"properties\":{\"policyAssignmentId\":\"/providers/Microsoft.Management/managementGroups/AzGovPerfTest/providers/Microsoft.Authorization/policyAssignments/ps01141CEAPolicyExemptio\",\"exemptionCategory\":\"Waiver\",\"displayName\":\"Unit test junk: sorry for littering. Please delete me!\",\"description\":\"Unit test junk: sorry for littering. Please delete me!\",\"expiresOn\":\"3021-03-09T07:30:10Z\",\"metadata\":{\"testName\":\"testValue\"}},\"id\":\"/providers/Microsoft.Management/managementGroups/AzGovPerfTest/providers/Microsoft.Authorization/policyExemptions/ps02141CEAPolicyExemptio\",\"type\":\"Microsoft.Authorization/policyExemptions\",\"name\":\"ps02141CEAPolicyExemptio\",\"systemData\":{\"createdBy\":\"cstack@ntdev.microsoft.com\",\"createdByType\":\"User\",\"createdAt\":\"2024-10-01T22:36:26.1378348Z\",\"lastModifiedBy\":\"cstack@ntdev.microsoft.com\",\"lastModifiedByType\":\"User\",\"lastModifiedAt\":\"2024-10-01T22:36:26.1378348Z\"}}",
      "isContentBase64": false
    }
  },
  "PolicyExemptionCRUDAtManagementGroup+[NoContext]+Update policy exemption at MG level+$GET+https://management.azure.com//providers/Microsoft.Management/managementGroups/AzGovPerfTest/providers/Microsoft.Authorization/policyExemptions/ps02141CEAPolicyExemptio?api-version=2022-07-01-preview+1": {
    "Request": {
      "Method": "GET",
      "RequestUri": "https://management.azure.com//providers/Microsoft.Management/managementGroups/AzGovPerfTest/providers/Microsoft.Authorization/policyExemptions/ps02141CEAPolicyExemptio?api-version=2022-07-01-preview",
      "Content": null,
      "isContentBase64": false,
      "Headers": {
        "x-ms-unique-id": [ "59" ],
        "x-ms-client-request-id": [ "7ec9401e-3fb1-4867-91ff-610e1e11441b" ],
        "CommandName": [ "\u0026" ],
        "FullCommandName": [ "Get-AzPolicyExemption_Get" ],
        "ParameterSetName": [ "__AllParameterSets" ],
        "User-Agent": [ "AzurePowershell/v12.3.0", "PSVersion/v7.4.5", "Az.Policy/0.1.1" ],
        "Authorization": [ "[Filtered]" ]
      },
      "ContentHeaders": {
      }
    },
    "Response": {
      "StatusCode": 200,
      "Headers": {
        "Cache-Control": [ "no-cache" ],
        "Pragma": [ "no-cache" ],
        "Strict-Transport-Security": [ "max-age=31536000; includeSubDomains" ],
        "x-ms-ratelimit-remaining-tenant-reads": [ "11999" ],
        "x-ms-request-id": [ "09941225-48d8-452d-bff1-0d4f99ea0daf" ],
        "x-ms-correlation-request-id": [ "09941225-48d8-452d-bff1-0d4f99ea0daf" ],
        "x-ms-routing-request-id": [ "WESTUS:20241001T223626Z:09941225-48d8-452d-bff1-0d4f99ea0daf" ],
        "X-Content-Type-Options": [ "nosniff" ],
        "X-Cache": [ "CONFIG_NOCACHE" ],
        "X-MSEdge-Ref": [ "Ref A: 8C1760F9BAA741079A70D3AF1794132E Ref B: CO6AA3150219049 Ref C: 2024-10-01T22:36:26Z" ],
        "Date": [ "Tue, 01 Oct 2024 22:36:26 GMT" ]
      },
      "ContentHeaders": {
        "Content-Length": [ "895" ],
        "Content-Type": [ "application/json; charset=utf-8" ],
        "Expires": [ "-1" ]
      },
      "Content": "{\"properties\":{\"policyAssignmentId\":\"/providers/Microsoft.Management/managementGroups/AzGovPerfTest/providers/Microsoft.Authorization/policyAssignments/ps01141CEAPolicyExemptio\",\"exemptionCategory\":\"Waiver\",\"displayName\":\"Unit test junk: sorry for littering. Please delete me!\",\"description\":\"Unit test junk: sorry for littering. Please delete me!\",\"expiresOn\":\"3021-03-09T07:30:10Z\",\"metadata\":{\"testName\":\"testValue\"}},\"id\":\"/providers/Microsoft.Management/managementGroups/AzGovPerfTest/providers/Microsoft.Authorization/policyExemptions/ps02141CEAPolicyExemptio\",\"type\":\"Microsoft.Authorization/policyExemptions\",\"name\":\"ps02141CEAPolicyExemptio\",\"systemData\":{\"createdBy\":\"cstack@ntdev.microsoft.com\",\"createdByType\":\"User\",\"createdAt\":\"2024-10-01T22:36:26.1378348Z\",\"lastModifiedBy\":\"cstack@ntdev.microsoft.com\",\"lastModifiedByType\":\"User\",\"lastModifiedAt\":\"2024-10-01T22:36:26.1378348Z\"}}",
      "isContentBase64": false
    }
  },
  "PolicyExemptionCRUDAtManagementGroup+[NoContext]+Update policy exemption at MG level+$PUT+https://management.azure.com//providers/Microsoft.Management/managementGroups/AzGovPerfTest/providers/Microsoft.Authorization/policyExemptions/ps02141CEAPolicyExemptio?api-version=2022-07-01-preview+2": {
    "Request": {
      "Method": "PUT",
      "RequestUri": "https://management.azure.com//providers/Microsoft.Management/managementGroups/AzGovPerfTest/providers/Microsoft.Authorization/policyExemptions/ps02141CEAPolicyExemptio?api-version=2022-07-01-preview",
      "Content": "{\r\n  \"properties\": {\r\n    \"policyAssignmentId\": \"/providers/Microsoft.Management/managementGroups/AzGovPerfTest/providers/Microsoft.Authorization/policyAssignments/ps01141CEAPolicyExemptio\",\r\n    \"exemptionCategory\": \"Mitigated\",\r\n    \"expiresOn\": \"3021-03-10T07:30:10.0000000Z\",\r\n    \"displayName\": \"testDisplay\",\r\n    \"description\": \"Unit test junk: sorry for littering. Please delete me!\"\r\n  }\r\n}",
      "isContentBase64": false,
      "Headers": {
      },
      "ContentHeaders": {
        "Content-Type": [ "application/json" ],
        "Content-Length": [ "399" ]
      }
    },
    "Response": {
      "StatusCode": 200,
      "Headers": {
        "Cache-Control": [ "no-cache" ],
        "Pragma": [ "no-cache" ],
        "Strict-Transport-Security": [ "max-age=31536000; includeSubDomains" ],
        "x-ms-ratelimit-remaining-tenant-writes": [ "1199" ],
        "x-ms-request-id": [ "1de6b472-b4bf-4f9e-9a3d-cb3616b3a451" ],
        "x-ms-correlation-request-id": [ "1de6b472-b4bf-4f9e-9a3d-cb3616b3a451" ],
        "x-ms-routing-request-id": [ "WESTUS:20241001T223627Z:1de6b472-b4bf-4f9e-9a3d-cb3616b3a451" ],
        "X-Content-Type-Options": [ "nosniff" ],
        "X-Cache": [ "CONFIG_NOCACHE" ],
        "X-MSEdge-Ref": [ "Ref A: F978286D9C394C01A3F8C3E5DBC02F20 Ref B: CO6AA3150219049 Ref C: 2024-10-01T22:36:27Z" ],
        "Date": [ "Tue, 01 Oct 2024 22:36:26 GMT" ]
      },
      "ContentHeaders": {
        "Content-Length": [ "819" ],
        "Content-Type": [ "application/json; charset=utf-8" ],
        "Expires": [ "-1" ]
      },
      "Content": "{\"properties\":{\"policyAssignmentId\":\"/providers/Microsoft.Management/managementGroups/AzGovPerfTest/providers/Microsoft.Authorization/policyAssignments/ps01141CEAPolicyExemptio\",\"exemptionCategory\":\"Mitigated\",\"displayName\":\"testDisplay\",\"description\":\"Unit test junk: sorry for littering. Please delete me!\",\"expiresOn\":\"3021-03-10T07:30:10Z\"},\"id\":\"/providers/Microsoft.Management/managementGroups/AzGovPerfTest/providers/Microsoft.Authorization/policyExemptions/ps02141CEAPolicyExemptio\",\"type\":\"Microsoft.Authorization/policyExemptions\",\"name\":\"ps02141CEAPolicyExemptio\",\"systemData\":{\"createdBy\":\"cstack@ntdev.microsoft.com\",\"createdByType\":\"User\",\"createdAt\":\"2024-10-01T22:36:26.1378348Z\",\"lastModifiedBy\":\"cstack@ntdev.microsoft.com\",\"lastModifiedByType\":\"User\",\"lastModifiedAt\":\"2024-10-01T22:36:27.1784174Z\"}}",
      "isContentBase64": false
    }
  },
  "PolicyExemptionCRUDAtManagementGroup+[NoContext]+Update policy exemption at MG level to clear expiration+$GET+https://management.azure.com//providers/Microsoft.Management/managementGroups/AzGovPerfTest/providers/Microsoft.Authorization/policyExemptions/ps02141CEAPolicyExemptio?api-version=2022-07-01-preview+1": {
    "Request": {
      "Method": "GET",
      "RequestUri": "https://management.azure.com//providers/Microsoft.Management/managementGroups/AzGovPerfTest/providers/Microsoft.Authorization/policyExemptions/ps02141CEAPolicyExemptio?api-version=2022-07-01-preview",
      "Content": null,
      "isContentBase64": false,
      "Headers": {
        "x-ms-unique-id": [ "61" ],
        "x-ms-client-request-id": [ "45c466eb-03f9-43c6-ae1f-6a683e65ed22" ],
        "CommandName": [ "\u0026" ],
        "FullCommandName": [ "Get-AzPolicyExemption_Get" ],
        "ParameterSetName": [ "__AllParameterSets" ],
        "User-Agent": [ "AzurePowershell/v12.3.0", "PSVersion/v7.4.5", "Az.Policy/0.1.1" ],
        "Authorization": [ "[Filtered]" ]
      },
      "ContentHeaders": {
      }
    },
    "Response": {
      "StatusCode": 200,
      "Headers": {
        "Cache-Control": [ "no-cache" ],
        "Pragma": [ "no-cache" ],
        "Strict-Transport-Security": [ "max-age=31536000; includeSubDomains" ],
        "x-ms-ratelimit-remaining-tenant-reads": [ "11998" ],
        "x-ms-request-id": [ "91f2943e-5fb9-45dd-abfb-81a5ef347bdf" ],
        "x-ms-correlation-request-id": [ "91f2943e-5fb9-45dd-abfb-81a5ef347bdf" ],
        "x-ms-routing-request-id": [ "WESTUS:20241001T223627Z:91f2943e-5fb9-45dd-abfb-81a5ef347bdf" ],
        "X-Content-Type-Options": [ "nosniff" ],
        "X-Cache": [ "CONFIG_NOCACHE" ],
        "X-MSEdge-Ref": [ "Ref A: F28E8B48D9B44A7D91239778FDAC9451 Ref B: CO6AA3150219049 Ref C: 2024-10-01T22:36:27Z" ],
        "Date": [ "Tue, 01 Oct 2024 22:36:27 GMT" ]
      },
      "ContentHeaders": {
        "Content-Length": [ "819" ],
        "Content-Type": [ "application/json; charset=utf-8" ],
        "Expires": [ "-1" ]
      },
      "Content": "{\"properties\":{\"policyAssignmentId\":\"/providers/Microsoft.Management/managementGroups/AzGovPerfTest/providers/Microsoft.Authorization/policyAssignments/ps01141CEAPolicyExemptio\",\"exemptionCategory\":\"Mitigated\",\"displayName\":\"testDisplay\",\"description\":\"Unit test junk: sorry for littering. Please delete me!\",\"expiresOn\":\"3021-03-10T07:30:10Z\"},\"id\":\"/providers/Microsoft.Management/managementGroups/AzGovPerfTest/providers/Microsoft.Authorization/policyExemptions/ps02141CEAPolicyExemptio\",\"type\":\"Microsoft.Authorization/policyExemptions\",\"name\":\"ps02141CEAPolicyExemptio\",\"systemData\":{\"createdBy\":\"cstack@ntdev.microsoft.com\",\"createdByType\":\"User\",\"createdAt\":\"2024-10-01T22:36:26.1378348Z\",\"lastModifiedBy\":\"cstack@ntdev.microsoft.com\",\"lastModifiedByType\":\"User\",\"lastModifiedAt\":\"2024-10-01T22:36:27.1784174Z\"}}",
      "isContentBase64": false
    }
  },
  "PolicyExemptionCRUDAtManagementGroup+[NoContext]+Update policy exemption at MG level to clear expiration+$PUT+https://management.azure.com//providers/Microsoft.Management/managementGroups/AzGovPerfTest/providers/Microsoft.Authorization/policyExemptions/ps02141CEAPolicyExemptio?api-version=2022-07-01-preview+2": {
    "Request": {
      "Method": "PUT",
      "RequestUri": "https://management.azure.com//providers/Microsoft.Management/managementGroups/AzGovPerfTest/providers/Microsoft.Authorization/policyExemptions/ps02141CEAPolicyExemptio?api-version=2022-07-01-preview",
      "Content": "{\r\n  \"properties\": {\r\n    \"policyAssignmentId\": \"/providers/Microsoft.Management/managementGroups/AzGovPerfTest/providers/Microsoft.Authorization/policyAssignments/ps01141CEAPolicyExemptio\",\r\n    \"exemptionCategory\": \"Mitigated\",\r\n    \"displayName\": \"testDisplay\",\r\n    \"description\": \"Unit test junk: sorry for littering. Please delete me!\"\r\n  }\r\n}",
      "isContentBase64": false,
      "Headers": {
      },
      "ContentHeaders": {
        "Content-Type": [ "application/json" ],
        "Content-Length": [ "349" ]
      }
    },
    "Response": {
      "StatusCode": 200,
      "Headers": {
        "Cache-Control": [ "no-cache" ],
        "Pragma": [ "no-cache" ],
        "Strict-Transport-Security": [ "max-age=31536000; includeSubDomains" ],
        "x-ms-ratelimit-remaining-tenant-writes": [ "1199" ],
        "x-ms-request-id": [ "f80ebb21-7d9c-47e4-a5ae-f5abd0173859" ],
        "x-ms-correlation-request-id": [ "f80ebb21-7d9c-47e4-a5ae-f5abd0173859" ],
        "x-ms-routing-request-id": [ "WESTUS:20241001T223628Z:f80ebb21-7d9c-47e4-a5ae-f5abd0173859" ],
        "X-Content-Type-Options": [ "nosniff" ],
        "X-Cache": [ "CONFIG_NOCACHE" ],
        "X-MSEdge-Ref": [ "Ref A: 4305706DCF614DD485DF786607679C53 Ref B: CO6AA3150219049 Ref C: 2024-10-01T22:36:27Z" ],
        "Date": [ "Tue, 01 Oct 2024 22:36:27 GMT" ]
      },
      "ContentHeaders": {
        "Content-Length": [ "784" ],
        "Content-Type": [ "application/json; charset=utf-8" ],
        "Expires": [ "-1" ]
      },
      "Content": "{\"properties\":{\"policyAssignmentId\":\"/providers/Microsoft.Management/managementGroups/AzGovPerfTest/providers/Microsoft.Authorization/policyAssignments/ps01141CEAPolicyExemptio\",\"exemptionCategory\":\"Mitigated\",\"displayName\":\"testDisplay\",\"description\":\"Unit test junk: sorry for littering. Please delete me!\"},\"id\":\"/providers/Microsoft.Management/managementGroups/AzGovPerfTest/providers/Microsoft.Authorization/policyExemptions/ps02141CEAPolicyExemptio\",\"type\":\"Microsoft.Authorization/policyExemptions\",\"name\":\"ps02141CEAPolicyExemptio\",\"systemData\":{\"createdBy\":\"cstack@ntdev.microsoft.com\",\"createdByType\":\"User\",\"createdAt\":\"2024-10-01T22:36:26.1378348Z\",\"lastModifiedBy\":\"cstack@ntdev.microsoft.com\",\"lastModifiedByType\":\"User\",\"lastModifiedAt\":\"2024-10-01T22:36:27.9972488Z\"}}",
      "isContentBase64": false
    }
  },
  "PolicyExemptionCRUDAtManagementGroup+[NoContext]+List policy exemptions at MG level+$PUT+https://management.azure.com//providers/Microsoft.Management/managementGroups/AzGovPerfTest/providers/Microsoft.Authorization/policyExemptions/ps03141CEAPolicyExemptio?api-version=2022-07-01-preview+1": {
    "Request": {
      "Method": "PUT",
      "RequestUri": "https://management.azure.com//providers/Microsoft.Management/managementGroups/AzGovPerfTest/providers/Microsoft.Authorization/policyExemptions/ps03141CEAPolicyExemptio?api-version=2022-07-01-preview",
      "Content": "{\r\n  \"properties\": {\r\n    \"policyAssignmentId\": \"/providers/Microsoft.Management/managementGroups/AzGovPerfTest/providers/Microsoft.Authorization/policyAssignments/ps01141CEAPolicyExemptio\",\r\n    \"exemptionCategory\": \"Mitigated\",\r\n    \"expiresOn\": \"3021-03-10T07:30:10.0000000Z\"\r\n  }\r\n}",
      "isContentBase64": false,
      "Headers": {
      },
      "ContentHeaders": {
        "Content-Type": [ "application/json" ],
        "Content-Length": [ "286" ]
      }
    },
    "Response": {
      "StatusCode": 201,
      "Headers": {
        "Cache-Control": [ "no-cache" ],
        "Pragma": [ "no-cache" ],
        "Strict-Transport-Security": [ "max-age=31536000; includeSubDomains" ],
        "x-ms-ratelimit-remaining-tenant-writes": [ "1199" ],
        "x-ms-request-id": [ "5f8ebcbe-03f9-4eee-8ede-45974888de40" ],
        "x-ms-correlation-request-id": [ "5f8ebcbe-03f9-4eee-8ede-45974888de40" ],
        "x-ms-routing-request-id": [ "WESTUS:20241001T223629Z:5f8ebcbe-03f9-4eee-8ede-45974888de40" ],
        "X-Content-Type-Options": [ "nosniff" ],
        "X-Cache": [ "CONFIG_NOCACHE" ],
        "X-MSEdge-Ref": [ "Ref A: 19BF1E0FF1A946EF8160719B113BAE4D Ref B: CO6AA3150219049 Ref C: 2024-10-01T22:36:28Z" ],
        "Date": [ "Tue, 01 Oct 2024 22:36:28 GMT" ]
      },
      "ContentHeaders": {
        "Content-Length": [ "720" ],
        "Content-Type": [ "application/json; charset=utf-8" ],
        "Expires": [ "-1" ]
      },
      "Content": "{\"properties\":{\"policyAssignmentId\":\"/providers/Microsoft.Management/managementGroups/AzGovPerfTest/providers/Microsoft.Authorization/policyAssignments/ps01141CEAPolicyExemptio\",\"exemptionCategory\":\"Mitigated\",\"expiresOn\":\"3021-03-10T07:30:10Z\"},\"id\":\"/providers/Microsoft.Management/managementGroups/AzGovPerfTest/providers/Microsoft.Authorization/policyExemptions/ps03141CEAPolicyExemptio\",\"type\":\"Microsoft.Authorization/policyExemptions\",\"name\":\"ps03141CEAPolicyExemptio\",\"systemData\":{\"createdBy\":\"cstack@ntdev.microsoft.com\",\"createdByType\":\"User\",\"createdAt\":\"2024-10-01T22:36:28.6868645Z\",\"lastModifiedBy\":\"cstack@ntdev.microsoft.com\",\"lastModifiedByType\":\"User\",\"lastModifiedAt\":\"2024-10-01T22:36:28.6868645Z\"}}",
      "isContentBase64": false
    }
  },
  "PolicyExemptionCRUDAtManagementGroup+[NoContext]+List policy exemptions at MG level+$GET+https://management.azure.com/providers/Microsoft.Management/managementGroups/AzGovPerfTest/providers/Microsoft.Authorization/policyExemptions?$filter=atScope()\u0026api-version=2022-07-01-preview+2": {
    "Request": {
      "Method": "GET",
      "RequestUri": "https://management.azure.com/providers/Microsoft.Management/managementGroups/AzGovPerfTest/providers/Microsoft.Authorization/policyExemptions?$filter=atScope()\u0026api-version=2022-07-01-preview",
      "Content": null,
      "isContentBase64": false,
      "Headers": {
        "x-ms-unique-id": [ "64" ],
        "x-ms-client-request-id": [ "f3cf1964-4749-48ef-ba15-4851744f9633" ],
        "CommandName": [ "\u0026" ],
        "FullCommandName": [ "Get-AzPolicyExemption_List3" ],
        "ParameterSetName": [ "__AllParameterSets" ],
        "User-Agent": [ "AzurePowershell/v12.3.0", "PSVersion/v7.4.5", "Az.Policy/0.1.1" ],
        "Authorization": [ "[Filtered]" ]
      },
      "ContentHeaders": {
      }
    },
    "Response": {
      "StatusCode": 200,
      "Headers": {
        "Cache-Control": [ "no-cache" ],
        "Pragma": [ "no-cache" ],
        "Strict-Transport-Security": [ "max-age=31536000; includeSubDomains" ],
        "x-ms-ratelimit-remaining-tenant-reads": [ "11999" ],
        "x-ms-request-id": [ "79657954-39c5-40b7-8a58-b7a6a00f60f4" ],
        "x-ms-correlation-request-id": [ "79657954-39c5-40b7-8a58-b7a6a00f60f4" ],
        "x-ms-routing-request-id": [ "WESTUS:20241001T223629Z:79657954-39c5-40b7-8a58-b7a6a00f60f4" ],
        "X-Content-Type-Options": [ "nosniff" ],
        "X-Cache": [ "CONFIG_NOCACHE" ],
        "X-MSEdge-Ref": [ "Ref A: 9F50F429BEFF4085B5DD3822FF9AB3CD Ref B: CO6AA3150219049 Ref C: 2024-10-01T22:36:29Z" ],
        "Date": [ "Tue, 01 Oct 2024 22:36:28 GMT" ]
      },
      "ContentHeaders": {
        "Content-Length": [ "7612" ],
        "Content-Type": [ "application/json; charset=utf-8" ],
        "Expires": [ "-1" ]
      },
      "Content": "{\"value\":[{\"properties\":{\"policyAssignmentId\":\"/providers/Microsoft.Management/managementGroups/AzGovPerfTest/providers/Microsoft.Authorization/policyAssignments/e4d662572b4f40409eed77e8\",\"policyDefinitionReferenceIds\":[],\"exemptionCategory\":\"Mitigated\",\"displayName\":\"Azure Governance Performance Test - tony-test-modifyDenyMG\",\"description\":\"\",\"expiresOn\":\"2024-02-10T08:00:00Z\",\"resourceSelectors\":[],\"metadata\":{}},\"id\":\"/providers/Microsoft.Management/managementGroups/AzGovPerfTest/providers/Microsoft.Authorization/policyExemptions/411d2dfc3efb44bc89510bf3\",\"type\":\"Microsoft.Authorization/policyExemptions\",\"name\":\"411d2dfc3efb44bc89510bf3\",\"systemData\":{\"createdBy\":\"qingyechen@microsoft.com\",\"createdByType\":\"User\",\"createdAt\":\"2024-01-18T19:32:04.6336364Z\",\"lastModifiedBy\":\"qingyechen@microsoft.com\",\"lastModifiedByType\":\"User\",\"lastModifiedAt\":\"2024-02-01T05:41:56.656852Z\"}},{\"properties\":{\"policyAssignmentId\":\"/providers/Microsoft.Management/managementGroups/AzGovPerfTest/providers/Microsoft.Authorization/policyAssignments/46aec00d695c4c83b704a532\",\"policyDefinitionReferenceIds\":[],\"exemptionCategory\":\"Waiver\",\"displayName\":\"Azure Governance Performance Test - robga keyvault location\",\"description\":\"\",\"resourceSelectors\":[{\"name\":\"1\",\"selectors\":[{\"kind\":\"resourceLocation\",\"in\":[\"westus\"]}]}],\"metadata\":{}},\"id\":\"/providers/Microsoft.Management/managementGroups/AzGovPerfTest/providers/Microsoft.Authorization/policyExemptions/949bf29bfc4d493da3d53e91\",\"type\":\"Microsoft.Authorization/policyExemptions\",\"name\":\"949bf29bfc4d493da3d53e91\",\"systemData\":{\"createdBy\":\"robga@microsoft.com\",\"createdByType\":\"User\",\"createdAt\":\"2024-06-06T17:03:40.4464856Z\",\"lastModifiedBy\":\"robga@microsoft.com\",\"lastModifiedByType\":\"User\",\"lastModifiedAt\":\"2024-06-06T17:27:21.7158092Z\"}},{\"properties\":{\"policyAssignmentId\":\"/providers/microsoft.management/managementgroups/azgovperftest/providers/Microsoft.Authorization/policyAssignments/8bea7adb75c44b11bbd2385e\",\"policyDefinitionReferenceIds\":[],\"exemptionCategory\":\"Waiver\",\"displayName\":\"Azure Governance Performance Test - tony-test-remeNonCompliantResourceCount-mg\",\"expiresOn\":\"2024-08-16T07:00:00Z\",\"resourceSelectors\":[],\"metadata\":{}},\"id\":\"/providers/microsoft.management/managementgroups/azgovperftest/providers/Microsoft.Authorization/policyExemptions/c5aa9c33c134480bb1eed2ad\",\"type\":\"Microsoft.Authorization/policyExemptions\",\"name\":\"c5aa9c33c134480bb1eed2ad\",\"systemData\":{\"createdBy\":\"qingyechen@microsoft.com\",\"createdByType\":\"User\",\"createdAt\":\"2024-08-15T20:11:15.2530087Z\",\"lastModifiedBy\":\"qingyechen@microsoft.com\",\"lastModifiedByType\":\"User\",\"lastModifiedAt\":\"2024-08-15T20:11:15.2530087Z\"}},{\"properties\":{\"policyAssignmentId\":\"/providers/microsoft.management/managementgroups/azgovperftest/providers/Microsoft.Authorization/policyAssignments/8bea7adb75c44b11bbd2385e\",\"policyDefinitionReferenceIds\":[],\"exemptionCategory\":\"Waiver\",\"displayName\":\"Azure Governance Performance Test - tony-test-remeNonCompliantResourceCount-mg\",\"expiresOn\":\"2025-08-16T07:00:00Z\",\"resourceSelectors\":[],\"metadata\":{}},\"id\":\"/providers/microsoft.management/managementgroups/azgovperftest/providers/Microsoft.Authorization/policyExemptions/ef84f139b2ad46619aa4a10f\",\"type\":\"Microsoft.Authorization/policyExemptions\",\"name\":\"ef84f139b2ad46619aa4a10f\",\"systemData\":{\"createdBy\":\"qingyechen@microsoft.com\",\"createdByType\":\"User\",\"createdAt\":\"2024-08-15T20:11:50.3679676Z\",\"lastModifiedBy\":\"qingyechen@microsoft.com\",\"lastModifiedByType\":\"User\",\"lastModifiedAt\":\"2024-08-15T20:11:50.3679676Z\"}},{\"properties\":{\"policyAssignmentId\":\"/providers/microsoft.management/managementgroups/azgovperftest/providers/Microsoft.Authorization/policyAssignments/8bea7adb75c44b11bbd2385e\",\"policyDefinitionReferenceIds\":[],\"exemptionCategory\":\"Waiver\",\"displayName\":\"Azure Governance Performance Test - tony-test-remeNonCompliantResourceCount-mg\",\"expiresOn\":\"2024-08-18T07:00:00Z\",\"resourceSelectors\":[],\"metadata\":{}},\"id\":\"/providers/microsoft.management/managementgroups/azgovperftest/providers/Microsoft.Authorization/policyExemptions/640c31bb1b654126b3f7af1c\",\"type\":\"Microsoft.Authorization/policyExemptions\",\"name\":\"640c31bb1b654126b3f7af1c\",\"systemData\":{\"createdBy\":\"qingyechen@microsoft.com\",\"createdByType\":\"User\",\"createdAt\":\"2024-08-15T20:12:08.0593408Z\",\"lastModifiedBy\":\"qingyechen@microsoft.com\",\"lastModifiedByType\":\"User\",\"lastModifiedAt\":\"2024-08-15T20:12:08.0593408Z\"}},{\"properties\":{\"policyAssignmentId\":\"/providers/microsoft.management/managementgroups/azgovperftest/providers/Microsoft.Authorization/policyAssignments/8bea7adb75c44b11bbd2385e\",\"policyDefinitionReferenceIds\":[],\"exemptionCategory\":\"Waiver\",\"displayName\":\"Azure Governance Performance Test - tony-test-remeNonCompliantResourceCount-mg\",\"resourceSelectors\":[],\"metadata\":{}},\"id\":\"/providers/microsoft.management/managementgroups/azgovperftest/providers/Microsoft.Authorization/policyExemptions/e0c22d8951ea460abbd92c64\",\"type\":\"Microsoft.Authorization/policyExemptions\",\"name\":\"e0c22d8951ea460abbd92c64\",\"systemData\":{\"createdBy\":\"qingyechen@microsoft.com\",\"createdByType\":\"User\",\"createdAt\":\"2024-08-16T05:17:59.2656118Z\",\"lastModifiedBy\":\"qingyechen@microsoft.com\",\"lastModifiedByType\":\"User\",\"lastModifiedAt\":\"2024-08-16T05:17:59.2656118Z\"}},{\"properties\":{\"policyAssignmentId\":\"/providers/Microsoft.Management/managementGroups/AzGovPerfTest/providers/Microsoft.Authorization/policyAssignments/c691bb62817b40fda56c1b77\",\"policyDefinitionReferenceIds\":[],\"exemptionCategory\":\"Waiver\",\"displayName\":\"Azure Governance Performance Test - qingye-test-exemptionOnMG\",\"resourceSelectors\":[],\"metadata\":{}},\"id\":\"/providers/Microsoft.Management/managementGroups/AzGovPerfTest/providers/Microsoft.Authorization/policyExemptions/dcfaaf0f40374736afbffed9\",\"type\":\"Microsoft.Authorization/policyExemptions\",\"name\":\"dcfaaf0f40374736afbffed9\",\"systemData\":{\"createdBy\":\"qingyechen@microsoft.com\",\"createdByType\":\"User\",\"createdAt\":\"2023-06-27T17:08:45.1562625Z\",\"lastModifiedBy\":\"qingyechen@microsoft.com\",\"lastModifiedByType\":\"User\",\"lastModifiedAt\":\"2023-06-27T17:08:45.1562625Z\"}},{\"properties\":{\"policyAssignmentId\":\"/providers/Microsoft.Management/managementGroups/AzGovPerfTest/providers/Microsoft.Authorization/policyAssignments/ps01141CEAPolicyExemptio\",\"exemptionCategory\":\"Mitigated\",\"displayName\":\"testDisplay\",\"description\":\"Unit test junk: sorry for littering. Please delete me!\"},\"id\":\"/providers/Microsoft.Management/managementGroups/AzGovPerfTest/providers/Microsoft.Authorization/policyExemptions/ps02141CEAPolicyExemptio\",\"type\":\"Microsoft.Authorization/policyExemptions\",\"name\":\"ps02141CEAPolicyExemptio\",\"systemData\":{\"createdBy\":\"cstack@ntdev.microsoft.com\",\"createdByType\":\"User\",\"createdAt\":\"2024-10-01T22:36:26.1378348Z\",\"lastModifiedBy\":\"cstack@ntdev.microsoft.com\",\"lastModifiedByType\":\"User\",\"lastModifiedAt\":\"2024-10-01T22:36:27.9972488Z\"}},{\"properties\":{\"policyAssignmentId\":\"/providers/Microsoft.Management/managementGroups/AzGovPerfTest/providers/Microsoft.Authorization/policyAssignments/ps01141CEAPolicyExemptio\",\"exemptionCategory\":\"Mitigated\",\"expiresOn\":\"3021-03-10T07:30:10Z\"},\"id\":\"/providers/Microsoft.Management/managementGroups/AzGovPerfTest/providers/Microsoft.Authorization/policyExemptions/ps03141CEAPolicyExemptio\",\"type\":\"Microsoft.Authorization/policyExemptions\",\"name\":\"ps03141CEAPolicyExemptio\",\"systemData\":{\"createdBy\":\"cstack@ntdev.microsoft.com\",\"createdByType\":\"User\",\"createdAt\":\"2024-10-01T22:36:28.6868645Z\",\"lastModifiedBy\":\"cstack@ntdev.microsoft.com\",\"lastModifiedByType\":\"User\",\"lastModifiedAt\":\"2024-10-01T22:36:28.6868645Z\"}}]}",
      "isContentBase64": false
    }
  },
  "PolicyExemptionCRUDAtManagementGroup+[NoContext]+Remove of input object with scope parameter removes by name, not id+$GET+https://management.azure.com/subscriptions/edb2c18a-04d6-49e9-bc72-e23852f507ad/providers/Microsoft.Authorization/policyExemptions?$filter=atScope()\u0026api-version=2022-07-01-preview+1": {
    "Request": {
      "Method": "GET",
      "RequestUri": "https://management.azure.com/subscriptions/edb2c18a-04d6-49e9-bc72-e23852f507ad/providers/Microsoft.Authorization/policyExemptions?$filter=atScope()\u0026api-version=2022-07-01-preview",
      "Content": null,
      "isContentBase64": false,
      "Headers": {
        "x-ms-unique-id": [ "65" ],
        "x-ms-client-request-id": [ "e3087fff-8dce-4e57-ad80-ddecdd44a7ad" ],
        "CommandName": [ "\u0026" ],
        "FullCommandName": [ "Get-AzPolicyExemption_List" ],
        "ParameterSetName": [ "__AllParameterSets" ],
        "User-Agent": [ "AzurePowershell/v12.3.0", "PSVersion/v7.4.5", "Az.Policy/0.1.1" ],
        "Authorization": [ "[Filtered]" ]
      },
      "ContentHeaders": {
      }
    },
    "Response": {
      "StatusCode": 200,
      "Headers": {
        "Cache-Control": [ "no-cache" ],
        "Pragma": [ "no-cache" ],
        "Strict-Transport-Security": [ "max-age=31536000; includeSubDomains" ],
        "x-ms-ratelimit-remaining-subscription-reads": [ "11988" ],
        "x-ms-request-id": [ "31d1c4f3-9ba6-4dd4-8f2f-166012a9152b" ],
        "x-ms-correlation-request-id": [ "31d1c4f3-9ba6-4dd4-8f2f-166012a9152b" ],
        "x-ms-routing-request-id": [ "WESTUS2:20241001T223629Z:31d1c4f3-9ba6-4dd4-8f2f-166012a9152b" ],
        "X-Content-Type-Options": [ "nosniff" ],
        "X-Cache": [ "CONFIG_NOCACHE" ],
        "X-MSEdge-Ref": [ "Ref A: DC874F4E79994049821261494709A4D2 Ref B: CO6AA3150219049 Ref C: 2024-10-01T22:36:29Z" ],
        "Date": [ "Tue, 01 Oct 2024 22:36:28 GMT" ]
      },
      "ContentHeaders": {
        "Content-Length": [ "7612" ],
        "Content-Type": [ "application/json; charset=utf-8" ],
        "Expires": [ "-1" ]
      },
      "Content": "{\"value\":[{\"properties\":{\"policyAssignmentId\":\"/providers/Microsoft.Management/managementGroups/AzGovPerfTest/providers/Microsoft.Authorization/policyAssignments/e4d662572b4f40409eed77e8\",\"policyDefinitionReferenceIds\":[],\"exemptionCategory\":\"Mitigated\",\"displayName\":\"Azure Governance Performance Test - tony-test-modifyDenyMG\",\"description\":\"\",\"expiresOn\":\"2024-02-10T08:00:00Z\",\"resourceSelectors\":[],\"metadata\":{}},\"id\":\"/providers/Microsoft.Management/managementGroups/AzGovPerfTest/providers/Microsoft.Authorization/policyExemptions/411d2dfc3efb44bc89510bf3\",\"type\":\"Microsoft.Authorization/policyExemptions\",\"name\":\"411d2dfc3efb44bc89510bf3\",\"systemData\":{\"createdBy\":\"qingyechen@microsoft.com\",\"createdByType\":\"User\",\"createdAt\":\"2024-01-18T19:32:04.6336364Z\",\"lastModifiedBy\":\"qingyechen@microsoft.com\",\"lastModifiedByType\":\"User\",\"lastModifiedAt\":\"2024-02-01T05:41:56.656852Z\"}},{\"properties\":{\"policyAssignmentId\":\"/providers/Microsoft.Management/managementGroups/AzGovPerfTest/providers/Microsoft.Authorization/policyAssignments/46aec00d695c4c83b704a532\",\"policyDefinitionReferenceIds\":[],\"exemptionCategory\":\"Waiver\",\"displayName\":\"Azure Governance Performance Test - robga keyvault location\",\"description\":\"\",\"resourceSelectors\":[{\"name\":\"1\",\"selectors\":[{\"kind\":\"resourceLocation\",\"in\":[\"westus\"]}]}],\"metadata\":{}},\"id\":\"/providers/Microsoft.Management/managementGroups/AzGovPerfTest/providers/Microsoft.Authorization/policyExemptions/949bf29bfc4d493da3d53e91\",\"type\":\"Microsoft.Authorization/policyExemptions\",\"name\":\"949bf29bfc4d493da3d53e91\",\"systemData\":{\"createdBy\":\"robga@microsoft.com\",\"createdByType\":\"User\",\"createdAt\":\"2024-06-06T17:03:40.4464856Z\",\"lastModifiedBy\":\"robga@microsoft.com\",\"lastModifiedByType\":\"User\",\"lastModifiedAt\":\"2024-06-06T17:27:21.7158092Z\"}},{\"properties\":{\"policyAssignmentId\":\"/providers/microsoft.management/managementgroups/azgovperftest/providers/Microsoft.Authorization/policyAssignments/8bea7adb75c44b11bbd2385e\",\"policyDefinitionReferenceIds\":[],\"exemptionCategory\":\"Waiver\",\"displayName\":\"Azure Governance Performance Test - tony-test-remeNonCompliantResourceCount-mg\",\"expiresOn\":\"2024-08-16T07:00:00Z\",\"resourceSelectors\":[],\"metadata\":{}},\"id\":\"/providers/microsoft.management/managementgroups/azgovperftest/providers/Microsoft.Authorization/policyExemptions/c5aa9c33c134480bb1eed2ad\",\"type\":\"Microsoft.Authorization/policyExemptions\",\"name\":\"c5aa9c33c134480bb1eed2ad\",\"systemData\":{\"createdBy\":\"qingyechen@microsoft.com\",\"createdByType\":\"User\",\"createdAt\":\"2024-08-15T20:11:15.2530087Z\",\"lastModifiedBy\":\"qingyechen@microsoft.com\",\"lastModifiedByType\":\"User\",\"lastModifiedAt\":\"2024-08-15T20:11:15.2530087Z\"}},{\"properties\":{\"policyAssignmentId\":\"/providers/microsoft.management/managementgroups/azgovperftest/providers/Microsoft.Authorization/policyAssignments/8bea7adb75c44b11bbd2385e\",\"policyDefinitionReferenceIds\":[],\"exemptionCategory\":\"Waiver\",\"displayName\":\"Azure Governance Performance Test - tony-test-remeNonCompliantResourceCount-mg\",\"expiresOn\":\"2025-08-16T07:00:00Z\",\"resourceSelectors\":[],\"metadata\":{}},\"id\":\"/providers/microsoft.management/managementgroups/azgovperftest/providers/Microsoft.Authorization/policyExemptions/ef84f139b2ad46619aa4a10f\",\"type\":\"Microsoft.Authorization/policyExemptions\",\"name\":\"ef84f139b2ad46619aa4a10f\",\"systemData\":{\"createdBy\":\"qingyechen@microsoft.com\",\"createdByType\":\"User\",\"createdAt\":\"2024-08-15T20:11:50.3679676Z\",\"lastModifiedBy\":\"qingyechen@microsoft.com\",\"lastModifiedByType\":\"User\",\"lastModifiedAt\":\"2024-08-15T20:11:50.3679676Z\"}},{\"properties\":{\"policyAssignmentId\":\"/providers/microsoft.management/managementgroups/azgovperftest/providers/Microsoft.Authorization/policyAssignments/8bea7adb75c44b11bbd2385e\",\"policyDefinitionReferenceIds\":[],\"exemptionCategory\":\"Waiver\",\"displayName\":\"Azure Governance Performance Test - tony-test-remeNonCompliantResourceCount-mg\",\"expiresOn\":\"2024-08-18T07:00:00Z\",\"resourceSelectors\":[],\"metadata\":{}},\"id\":\"/providers/microsoft.management/managementgroups/azgovperftest/providers/Microsoft.Authorization/policyExemptions/640c31bb1b654126b3f7af1c\",\"type\":\"Microsoft.Authorization/policyExemptions\",\"name\":\"640c31bb1b654126b3f7af1c\",\"systemData\":{\"createdBy\":\"qingyechen@microsoft.com\",\"createdByType\":\"User\",\"createdAt\":\"2024-08-15T20:12:08.0593408Z\",\"lastModifiedBy\":\"qingyechen@microsoft.com\",\"lastModifiedByType\":\"User\",\"lastModifiedAt\":\"2024-08-15T20:12:08.0593408Z\"}},{\"properties\":{\"policyAssignmentId\":\"/providers/microsoft.management/managementgroups/azgovperftest/providers/Microsoft.Authorization/policyAssignments/8bea7adb75c44b11bbd2385e\",\"policyDefinitionReferenceIds\":[],\"exemptionCategory\":\"Waiver\",\"displayName\":\"Azure Governance Performance Test - tony-test-remeNonCompliantResourceCount-mg\",\"resourceSelectors\":[],\"metadata\":{}},\"id\":\"/providers/microsoft.management/managementgroups/azgovperftest/providers/Microsoft.Authorization/policyExemptions/e0c22d8951ea460abbd92c64\",\"type\":\"Microsoft.Authorization/policyExemptions\",\"name\":\"e0c22d8951ea460abbd92c64\",\"systemData\":{\"createdBy\":\"qingyechen@microsoft.com\",\"createdByType\":\"User\",\"createdAt\":\"2024-08-16T05:17:59.2656118Z\",\"lastModifiedBy\":\"qingyechen@microsoft.com\",\"lastModifiedByType\":\"User\",\"lastModifiedAt\":\"2024-08-16T05:17:59.2656118Z\"}},{\"properties\":{\"policyAssignmentId\":\"/providers/Microsoft.Management/managementGroups/AzGovPerfTest/providers/Microsoft.Authorization/policyAssignments/c691bb62817b40fda56c1b77\",\"policyDefinitionReferenceIds\":[],\"exemptionCategory\":\"Waiver\",\"displayName\":\"Azure Governance Performance Test - qingye-test-exemptionOnMG\",\"resourceSelectors\":[],\"metadata\":{}},\"id\":\"/providers/Microsoft.Management/managementGroups/AzGovPerfTest/providers/Microsoft.Authorization/policyExemptions/dcfaaf0f40374736afbffed9\",\"type\":\"Microsoft.Authorization/policyExemptions\",\"name\":\"dcfaaf0f40374736afbffed9\",\"systemData\":{\"createdBy\":\"qingyechen@microsoft.com\",\"createdByType\":\"User\",\"createdAt\":\"2023-06-27T17:08:45.1562625Z\",\"lastModifiedBy\":\"qingyechen@microsoft.com\",\"lastModifiedByType\":\"User\",\"lastModifiedAt\":\"2023-06-27T17:08:45.1562625Z\"}},{\"properties\":{\"policyAssignmentId\":\"/providers/Microsoft.Management/managementGroups/AzGovPerfTest/providers/Microsoft.Authorization/policyAssignments/ps01141CEAPolicyExemptio\",\"exemptionCategory\":\"Mitigated\",\"displayName\":\"testDisplay\",\"description\":\"Unit test junk: sorry for littering. Please delete me!\"},\"id\":\"/providers/Microsoft.Management/managementGroups/AzGovPerfTest/providers/Microsoft.Authorization/policyExemptions/ps02141CEAPolicyExemptio\",\"type\":\"Microsoft.Authorization/policyExemptions\",\"name\":\"ps02141CEAPolicyExemptio\",\"systemData\":{\"createdBy\":\"cstack@ntdev.microsoft.com\",\"createdByType\":\"User\",\"createdAt\":\"2024-10-01T22:36:26.1378348Z\",\"lastModifiedBy\":\"cstack@ntdev.microsoft.com\",\"lastModifiedByType\":\"User\",\"lastModifiedAt\":\"2024-10-01T22:36:27.9972488Z\"}},{\"properties\":{\"policyAssignmentId\":\"/providers/Microsoft.Management/managementGroups/AzGovPerfTest/providers/Microsoft.Authorization/policyAssignments/ps01141CEAPolicyExemptio\",\"exemptionCategory\":\"Mitigated\",\"expiresOn\":\"3021-03-10T07:30:10Z\"},\"id\":\"/providers/Microsoft.Management/managementGroups/AzGovPerfTest/providers/Microsoft.Authorization/policyExemptions/ps03141CEAPolicyExemptio\",\"type\":\"Microsoft.Authorization/policyExemptions\",\"name\":\"ps03141CEAPolicyExemptio\",\"systemData\":{\"createdBy\":\"cstack@ntdev.microsoft.com\",\"createdByType\":\"User\",\"createdAt\":\"2024-10-01T22:36:28.6868645Z\",\"lastModifiedBy\":\"cstack@ntdev.microsoft.com\",\"lastModifiedByType\":\"User\",\"lastModifiedAt\":\"2024-10-01T22:36:28.6868645Z\"}}]}",
      "isContentBase64": false
    }
  },
  "PolicyExemptionCRUDAtManagementGroup+[NoContext]+Remove of input object with scope parameter removes by name, not id+$DELETE+https://management.azure.com/someScope/providers/Microsoft.Authorization/policyExemptions/411d2dfc3efb44bc89510bf3?api-version=2022-07-01-preview+2": {
    "Request": {
      "Method": "DELETE",
      "RequestUri": "https://management.azure.com/someScope/providers/Microsoft.Authorization/policyExemptions/411d2dfc3efb44bc89510bf3?api-version=2022-07-01-preview",
      "Content": null,
      "isContentBase64": false,
      "Headers": {
        "x-ms-unique-id": [ "66" ],
        "x-ms-client-request-id": [ "de88a0e2-b119-43fc-8992-ccff5679df45" ],
        "CommandName": [ "\u0026" ],
        "FullCommandName": [ "Remove-AzPolicyExemption_Delete" ],
        "ParameterSetName": [ "__AllParameterSets" ],
        "User-Agent": [ "AzurePowershell/v12.3.0", "PSVersion/v7.4.5", "Az.Policy/0.1.1" ],
        "Authorization": [ "[Filtered]" ]
      },
      "ContentHeaders": {
      }
    },
    "Response": {
      "StatusCode": 404,
      "Headers": {
        "Cache-Control": [ "no-cache" ],
        "Pragma": [ "no-cache" ],
        "x-ms-failure-cause": [ "gateway" ],
        "x-ms-request-id": [ "7b73b18e-6854-4510-aa12-dc8ac3d68ae1" ],
        "x-ms-correlation-request-id": [ "7b73b18e-6854-4510-aa12-dc8ac3d68ae1" ],
        "x-ms-routing-request-id": [ "WESTUS:20241001T223629Z:7b73b18e-6854-4510-aa12-dc8ac3d68ae1" ],
        "Strict-Transport-Security": [ "max-age=31536000; includeSubDomains" ],
        "X-Content-Type-Options": [ "nosniff" ],
        "X-Cache": [ "CONFIG_NOCACHE" ],
        "X-MSEdge-Ref": [ "Ref A: A1B673EC84E74908AEBE48130FA90F33 Ref B: CO6AA3150219049 Ref C: 2024-10-01T22:36:29Z" ],
        "Date": [ "Tue, 01 Oct 2024 22:36:28 GMT" ]
      },
      "ContentHeaders": {
        "Content-Length": [ "135" ],
        "Content-Type": [ "application/json; charset=utf-8" ],
        "Expires": [ "-1" ]
      },
      "Content": "{\"error\":{\"code\":\"MissingSubscription\",\"message\":\"The request did not have a subscription or a valid tenant level resource provider.\"}}",
      "isContentBase64": false
    }
  },
  "PolicyExemptionCRUDAtManagementGroup+[NoContext]+Remove of input object with scope parameter removes by name, not id+$DELETE+https://management.azure.com//subscriptions/edb2c18a-04d6-49e9-bc72-e23852f507ad/providers/Microsoft.Authorization/policyExemptions/411d2dfc3efb44bc89510bf3?api-version=2022-07-01-preview+3": {
    "Request": {
      "Method": "DELETE",
      "RequestUri": "https://management.azure.com//subscriptions/edb2c18a-04d6-49e9-bc72-e23852f507ad/providers/Microsoft.Authorization/policyExemptions/411d2dfc3efb44bc89510bf3?api-version=2022-07-01-preview",
      "Content": null,
      "isContentBase64": false,
      "Headers": {
        "x-ms-unique-id": [ "67" ],
        "x-ms-client-request-id": [ "bc376f2d-8238-4b89-bc85-64812b8963f0" ],
        "CommandName": [ "\u0026" ],
        "FullCommandName": [ "Remove-AzPolicyExemption_Delete" ],
        "ParameterSetName": [ "__AllParameterSets" ],
        "User-Agent": [ "AzurePowershell/v12.3.0", "PSVersion/v7.4.5", "Az.Policy/0.1.1" ],
        "Authorization": [ "[Filtered]" ]
      },
      "ContentHeaders": {
      }
    },
    "Response": {
      "StatusCode": 204,
      "Headers": {
        "Cache-Control": [ "no-cache" ],
        "Pragma": [ "no-cache" ],
        "Strict-Transport-Security": [ "max-age=31536000; includeSubDomains" ],
        "x-ms-ratelimit-remaining-subscription-deletes": [ "14997" ],
        "x-ms-request-id": [ "73f4740a-4d54-4ac4-b072-5d54115d7f61" ],
        "x-ms-correlation-request-id": [ "73f4740a-4d54-4ac4-b072-5d54115d7f61" ],
        "x-ms-routing-request-id": [ "WESTUS2:20241001T223629Z:73f4740a-4d54-4ac4-b072-5d54115d7f61" ],
        "X-Content-Type-Options": [ "nosniff" ],
        "X-Cache": [ "CONFIG_NOCACHE" ],
        "X-MSEdge-Ref": [ "Ref A: 7786494455F94151A761B90A4EB33A3F Ref B: CO6AA3150219049 Ref C: 2024-10-01T22:36:29Z" ],
        "Date": [ "Tue, 01 Oct 2024 22:36:29 GMT" ]
      },
      "ContentHeaders": {
        "Expires": [ "-1" ]
      },
      "Content": null,
      "isContentBase64": false
    }
  },
  "PolicyExemptionCRUDAtManagementGroup+[NoContext]+Remove of input object with scope parameter removes by name, not id+$DELETE+https://management.azure.com//subscriptions/edb2c18a-04d6-49e9-bc72-e23852f507ad/providers/Microsoft.Authorization/policyExemptions/949bf29bfc4d493da3d53e91?api-version=2022-07-01-preview+4": {
    "Request": {
      "Method": "DELETE",
      "RequestUri": "https://management.azure.com//subscriptions/edb2c18a-04d6-49e9-bc72-e23852f507ad/providers/Microsoft.Authorization/policyExemptions/949bf29bfc4d493da3d53e91?api-version=2022-07-01-preview",
      "Content": null,
      "isContentBase64": false,
      "Headers": {
        "x-ms-unique-id": [ "68" ],
        "x-ms-client-request-id": [ "9b8adb42-8bf2-4324-9e29-7af4684dea81" ],
        "CommandName": [ "\u0026" ],
        "FullCommandName": [ "Remove-AzPolicyExemption_Delete" ],
        "ParameterSetName": [ "__AllParameterSets" ],
        "User-Agent": [ "AzurePowershell/v12.3.0", "PSVersion/v7.4.5", "Az.Policy/0.1.1" ],
        "Authorization": [ "[Filtered]" ]
      },
      "ContentHeaders": {
      }
    },
    "Response": {
      "StatusCode": 204,
      "Headers": {
        "Cache-Control": [ "no-cache" ],
        "Pragma": [ "no-cache" ],
        "Strict-Transport-Security": [ "max-age=31536000; includeSubDomains" ],
        "x-ms-ratelimit-remaining-subscription-deletes": [ "14999" ],
        "x-ms-request-id": [ "01ad8257-f1bc-4cc3-8966-e3be3a60f934" ],
        "x-ms-correlation-request-id": [ "01ad8257-f1bc-4cc3-8966-e3be3a60f934" ],
        "x-ms-routing-request-id": [ "WESTUS2:20241001T223630Z:01ad8257-f1bc-4cc3-8966-e3be3a60f934" ],
        "X-Content-Type-Options": [ "nosniff" ],
        "X-Cache": [ "CONFIG_NOCACHE" ],
        "X-MSEdge-Ref": [ "Ref A: B3E2AC9CE4A6412DB64361789F44C53E Ref B: CO6AA3150219049 Ref C: 2024-10-01T22:36:30Z" ],
        "Date": [ "Tue, 01 Oct 2024 22:36:29 GMT" ]
      },
      "ContentHeaders": {
        "Expires": [ "-1" ]
      },
      "Content": null,
      "isContentBase64": false
    }
  },
  "PolicyExemptionCRUDAtManagementGroup+[NoContext]+Remove of input object with scope parameter removes by name, not id+$DELETE+https://management.azure.com//subscriptions/edb2c18a-04d6-49e9-bc72-e23852f507ad/providers/Microsoft.Authorization/policyExemptions/c5aa9c33c134480bb1eed2ad?api-version=2022-07-01-preview+5": {
    "Request": {
      "Method": "DELETE",
      "RequestUri": "https://management.azure.com//subscriptions/edb2c18a-04d6-49e9-bc72-e23852f507ad/providers/Microsoft.Authorization/policyExemptions/c5aa9c33c134480bb1eed2ad?api-version=2022-07-01-preview",
      "Content": null,
      "isContentBase64": false,
      "Headers": {
        "x-ms-unique-id": [ "69" ],
        "x-ms-client-request-id": [ "b9e36387-22fe-4493-bea4-5a8d532f86ef" ],
        "CommandName": [ "\u0026" ],
        "FullCommandName": [ "Remove-AzPolicyExemption_Delete" ],
        "ParameterSetName": [ "__AllParameterSets" ],
        "User-Agent": [ "AzurePowershell/v12.3.0", "PSVersion/v7.4.5", "Az.Policy/0.1.1" ],
        "Authorization": [ "[Filtered]" ]
      },
      "ContentHeaders": {
      }
    },
    "Response": {
      "StatusCode": 204,
      "Headers": {
        "Cache-Control": [ "no-cache" ],
        "Pragma": [ "no-cache" ],
        "Strict-Transport-Security": [ "max-age=31536000; includeSubDomains" ],
        "x-ms-ratelimit-remaining-subscription-deletes": [ "14998" ],
        "x-ms-request-id": [ "da537243-4796-40d0-bd06-5f129f26abda" ],
        "x-ms-correlation-request-id": [ "da537243-4796-40d0-bd06-5f129f26abda" ],
        "x-ms-routing-request-id": [ "WESTUS2:20241001T223630Z:da537243-4796-40d0-bd06-5f129f26abda" ],
        "X-Content-Type-Options": [ "nosniff" ],
        "X-Cache": [ "CONFIG_NOCACHE" ],
        "X-MSEdge-Ref": [ "Ref A: E58F9FE184FC44D98347976CC0DE0F74 Ref B: CO6AA3150219049 Ref C: 2024-10-01T22:36:30Z" ],
        "Date": [ "Tue, 01 Oct 2024 22:36:29 GMT" ]
      },
      "ContentHeaders": {
        "Expires": [ "-1" ]
      },
      "Content": null,
      "isContentBase64": false
    }
  },
  "PolicyExemptionCRUDAtManagementGroup+[NoContext]+Remove of input object with scope parameter removes by name, not id+$DELETE+https://management.azure.com//subscriptions/edb2c18a-04d6-49e9-bc72-e23852f507ad/providers/Microsoft.Authorization/policyExemptions/ef84f139b2ad46619aa4a10f?api-version=2022-07-01-preview+6": {
    "Request": {
      "Method": "DELETE",
      "RequestUri": "https://management.azure.com//subscriptions/edb2c18a-04d6-49e9-bc72-e23852f507ad/providers/Microsoft.Authorization/policyExemptions/ef84f139b2ad46619aa4a10f?api-version=2022-07-01-preview",
      "Content": null,
      "isContentBase64": false,
      "Headers": {
        "x-ms-unique-id": [ "70" ],
        "x-ms-client-request-id": [ "790db12a-f515-407c-a6ad-0777f600ce0e" ],
        "CommandName": [ "\u0026" ],
        "FullCommandName": [ "Remove-AzPolicyExemption_Delete" ],
        "ParameterSetName": [ "__AllParameterSets" ],
        "User-Agent": [ "AzurePowershell/v12.3.0", "PSVersion/v7.4.5", "Az.Policy/0.1.1" ],
        "Authorization": [ "[Filtered]" ]
      },
      "ContentHeaders": {
      }
    },
    "Response": {
      "StatusCode": 204,
      "Headers": {
        "Cache-Control": [ "no-cache" ],
        "Pragma": [ "no-cache" ],
        "Strict-Transport-Security": [ "max-age=31536000; includeSubDomains" ],
        "x-ms-ratelimit-remaining-subscription-deletes": [ "14994" ],
        "x-ms-request-id": [ "04dfc473-5210-437f-897c-daeca8ed7910" ],
        "x-ms-correlation-request-id": [ "04dfc473-5210-437f-897c-daeca8ed7910" ],
        "x-ms-routing-request-id": [ "WESTUS2:20241001T223630Z:04dfc473-5210-437f-897c-daeca8ed7910" ],
        "X-Content-Type-Options": [ "nosniff" ],
        "X-Cache": [ "CONFIG_NOCACHE" ],
        "X-MSEdge-Ref": [ "Ref A: 5BE5BB00EC154E788A877F1AA79B8381 Ref B: CO6AA3150219049 Ref C: 2024-10-01T22:36:30Z" ],
        "Date": [ "Tue, 01 Oct 2024 22:36:30 GMT" ]
      },
      "ContentHeaders": {
        "Expires": [ "-1" ]
      },
      "Content": null,
      "isContentBase64": false
    }
  },
  "PolicyExemptionCRUDAtManagementGroup+[NoContext]+Remove of input object with scope parameter removes by name, not id+$DELETE+https://management.azure.com//subscriptions/edb2c18a-04d6-49e9-bc72-e23852f507ad/providers/Microsoft.Authorization/policyExemptions/640c31bb1b654126b3f7af1c?api-version=2022-07-01-preview+7": {
    "Request": {
      "Method": "DELETE",
      "RequestUri": "https://management.azure.com//subscriptions/edb2c18a-04d6-49e9-bc72-e23852f507ad/providers/Microsoft.Authorization/policyExemptions/640c31bb1b654126b3f7af1c?api-version=2022-07-01-preview",
      "Content": null,
      "isContentBase64": false,
      "Headers": {
        "x-ms-unique-id": [ "71" ],
        "x-ms-client-request-id": [ "e44047b5-2e87-48d3-9bbd-ebd74c22ff78" ],
        "CommandName": [ "\u0026" ],
        "FullCommandName": [ "Remove-AzPolicyExemption_Delete" ],
        "ParameterSetName": [ "__AllParameterSets" ],
        "User-Agent": [ "AzurePowershell/v12.3.0", "PSVersion/v7.4.5", "Az.Policy/0.1.1" ],
        "Authorization": [ "[Filtered]" ]
      },
      "ContentHeaders": {
      }
    },
    "Response": {
      "StatusCode": 204,
      "Headers": {
        "Cache-Control": [ "no-cache" ],
        "Pragma": [ "no-cache" ],
        "Strict-Transport-Security": [ "max-age=31536000; includeSubDomains" ],
        "x-ms-ratelimit-remaining-subscription-deletes": [ "14999" ],
        "x-ms-request-id": [ "f9455c62-a06e-444c-ad27-3c73fd2b4f6d" ],
        "x-ms-correlation-request-id": [ "f9455c62-a06e-444c-ad27-3c73fd2b4f6d" ],
        "x-ms-routing-request-id": [ "WESTUS2:20241001T223631Z:f9455c62-a06e-444c-ad27-3c73fd2b4f6d" ],
        "X-Content-Type-Options": [ "nosniff" ],
        "X-Cache": [ "CONFIG_NOCACHE" ],
        "X-MSEdge-Ref": [ "Ref A: BDCC295A4C014288AE7F23E5A6C152C3 Ref B: CO6AA3150219049 Ref C: 2024-10-01T22:36:30Z" ],
        "Date": [ "Tue, 01 Oct 2024 22:36:30 GMT" ]
      },
      "ContentHeaders": {
        "Expires": [ "-1" ]
      },
      "Content": null,
      "isContentBase64": false
    }
  },
  "PolicyExemptionCRUDAtManagementGroup+[NoContext]+Remove of input object with scope parameter removes by name, not id+$DELETE+https://management.azure.com//subscriptions/edb2c18a-04d6-49e9-bc72-e23852f507ad/providers/Microsoft.Authorization/policyExemptions/e0c22d8951ea460abbd92c64?api-version=2022-07-01-preview+8": {
    "Request": {
      "Method": "DELETE",
      "RequestUri": "https://management.azure.com//subscriptions/edb2c18a-04d6-49e9-bc72-e23852f507ad/providers/Microsoft.Authorization/policyExemptions/e0c22d8951ea460abbd92c64?api-version=2022-07-01-preview",
      "Content": null,
      "isContentBase64": false,
      "Headers": {
        "x-ms-unique-id": [ "72" ],
        "x-ms-client-request-id": [ "5d7d515d-a0de-4d17-b77a-151841430ff3" ],
        "CommandName": [ "\u0026" ],
        "FullCommandName": [ "Remove-AzPolicyExemption_Delete" ],
        "ParameterSetName": [ "__AllParameterSets" ],
        "User-Agent": [ "AzurePowershell/v12.3.0", "PSVersion/v7.4.5", "Az.Policy/0.1.1" ],
        "Authorization": [ "[Filtered]" ]
      },
      "ContentHeaders": {
      }
    },
    "Response": {
      "StatusCode": 204,
      "Headers": {
        "Cache-Control": [ "no-cache" ],
        "Pragma": [ "no-cache" ],
        "Strict-Transport-Security": [ "max-age=31536000; includeSubDomains" ],
        "x-ms-ratelimit-remaining-subscription-deletes": [ "14998" ],
        "x-ms-request-id": [ "b5d49616-00e1-4995-9591-3f56bfdf23ac" ],
        "x-ms-correlation-request-id": [ "b5d49616-00e1-4995-9591-3f56bfdf23ac" ],
        "x-ms-routing-request-id": [ "WESTUS2:20241001T223631Z:b5d49616-00e1-4995-9591-3f56bfdf23ac" ],
        "X-Content-Type-Options": [ "nosniff" ],
        "X-Cache": [ "CONFIG_NOCACHE" ],
        "X-MSEdge-Ref": [ "Ref A: 78F8921B3A1C4A2BB88F084D87E60554 Ref B: CO6AA3150219049 Ref C: 2024-10-01T22:36:31Z" ],
        "Date": [ "Tue, 01 Oct 2024 22:36:30 GMT" ]
      },
      "ContentHeaders": {
        "Expires": [ "-1" ]
      },
      "Content": null,
      "isContentBase64": false
    }
  },
  "PolicyExemptionCRUDAtManagementGroup+[NoContext]+Remove of input object with scope parameter removes by name, not id+$DELETE+https://management.azure.com//subscriptions/edb2c18a-04d6-49e9-bc72-e23852f507ad/providers/Microsoft.Authorization/policyExemptions/dcfaaf0f40374736afbffed9?api-version=2022-07-01-preview+9": {
    "Request": {
      "Method": "DELETE",
      "RequestUri": "https://management.azure.com//subscriptions/edb2c18a-04d6-49e9-bc72-e23852f507ad/providers/Microsoft.Authorization/policyExemptions/dcfaaf0f40374736afbffed9?api-version=2022-07-01-preview",
      "Content": null,
      "isContentBase64": false,
      "Headers": {
        "x-ms-unique-id": [ "73" ],
        "x-ms-client-request-id": [ "6a197dc0-e231-4f42-be87-79bf9300ee29" ],
        "CommandName": [ "\u0026" ],
        "FullCommandName": [ "Remove-AzPolicyExemption_Delete" ],
        "ParameterSetName": [ "__AllParameterSets" ],
        "User-Agent": [ "AzurePowershell/v12.3.0", "PSVersion/v7.4.5", "Az.Policy/0.1.1" ],
        "Authorization": [ "[Filtered]" ]
      },
      "ContentHeaders": {
      }
    },
    "Response": {
      "StatusCode": 204,
      "Headers": {
        "Cache-Control": [ "no-cache" ],
        "Pragma": [ "no-cache" ],
        "Strict-Transport-Security": [ "max-age=31536000; includeSubDomains" ],
        "x-ms-ratelimit-remaining-subscription-deletes": [ "14997" ],
        "x-ms-request-id": [ "fed94ede-621a-44f0-a9ed-dd24bc5695ea" ],
        "x-ms-correlation-request-id": [ "fed94ede-621a-44f0-a9ed-dd24bc5695ea" ],
        "x-ms-routing-request-id": [ "WESTUS2:20241001T223631Z:fed94ede-621a-44f0-a9ed-dd24bc5695ea" ],
        "X-Content-Type-Options": [ "nosniff" ],
        "X-Cache": [ "CONFIG_NOCACHE" ],
        "X-MSEdge-Ref": [ "Ref A: 7EFB92C646ED4431B54078EBCECA9BA4 Ref B: CO6AA3150219049 Ref C: 2024-10-01T22:36:31Z" ],
        "Date": [ "Tue, 01 Oct 2024 22:36:30 GMT" ]
      },
      "ContentHeaders": {
        "Expires": [ "-1" ]
      },
      "Content": null,
      "isContentBase64": false
    }
  },
  "PolicyExemptionCRUDAtManagementGroup+[NoContext]+Remove of input object with scope parameter removes by name, not id+$DELETE+https://management.azure.com//subscriptions/edb2c18a-04d6-49e9-bc72-e23852f507ad/providers/Microsoft.Authorization/policyExemptions/ps02141CEAPolicyExemptio?api-version=2022-07-01-preview+10": {
    "Request": {
      "Method": "DELETE",
      "RequestUri": "https://management.azure.com//subscriptions/edb2c18a-04d6-49e9-bc72-e23852f507ad/providers/Microsoft.Authorization/policyExemptions/ps02141CEAPolicyExemptio?api-version=2022-07-01-preview",
      "Content": null,
      "isContentBase64": false,
      "Headers": {
        "x-ms-unique-id": [ "74" ],
        "x-ms-client-request-id": [ "651238cd-e596-4429-b0a9-50832c477f3f" ],
        "CommandName": [ "\u0026" ],
        "FullCommandName": [ "Remove-AzPolicyExemption_Delete" ],
        "ParameterSetName": [ "__AllParameterSets" ],
        "User-Agent": [ "AzurePowershell/v12.3.0", "PSVersion/v7.4.5", "Az.Policy/0.1.1" ],
        "Authorization": [ "[Filtered]" ]
      },
      "ContentHeaders": {
      }
    },
    "Response": {
      "StatusCode": 204,
      "Headers": {
        "Cache-Control": [ "no-cache" ],
        "Pragma": [ "no-cache" ],
        "Strict-Transport-Security": [ "max-age=31536000; includeSubDomains" ],
        "x-ms-ratelimit-remaining-subscription-deletes": [ "14998" ],
        "x-ms-request-id": [ "46961d42-ea70-431f-82cb-7972b3d30d2e" ],
        "x-ms-correlation-request-id": [ "46961d42-ea70-431f-82cb-7972b3d30d2e" ],
        "x-ms-routing-request-id": [ "WESTUS2:20241001T223631Z:46961d42-ea70-431f-82cb-7972b3d30d2e" ],
        "X-Content-Type-Options": [ "nosniff" ],
        "X-Cache": [ "CONFIG_NOCACHE" ],
        "X-MSEdge-Ref": [ "Ref A: 8F2857C865E14B63B332352D02F5AD3B Ref B: CO6AA3150219049 Ref C: 2024-10-01T22:36:31Z" ],
        "Date": [ "Tue, 01 Oct 2024 22:36:30 GMT" ]
      },
      "ContentHeaders": {
        "Expires": [ "-1" ]
      },
      "Content": null,
      "isContentBase64": false
    }
  },
  "PolicyExemptionCRUDAtManagementGroup+[NoContext]+Remove of input object with scope parameter removes by name, not id+$DELETE+https://management.azure.com//subscriptions/edb2c18a-04d6-49e9-bc72-e23852f507ad/providers/Microsoft.Authorization/policyExemptions/ps03141CEAPolicyExemptio?api-version=2022-07-01-preview+11": {
    "Request": {
      "Method": "DELETE",
      "RequestUri": "https://management.azure.com//subscriptions/edb2c18a-04d6-49e9-bc72-e23852f507ad/providers/Microsoft.Authorization/policyExemptions/ps03141CEAPolicyExemptio?api-version=2022-07-01-preview",
      "Content": null,
      "isContentBase64": false,
      "Headers": {
        "x-ms-unique-id": [ "75" ],
        "x-ms-client-request-id": [ "69d269aa-5309-4a26-9e41-30d66dd6994c" ],
        "CommandName": [ "\u0026" ],
        "FullCommandName": [ "Remove-AzPolicyExemption_Delete" ],
        "ParameterSetName": [ "__AllParameterSets" ],
        "User-Agent": [ "AzurePowershell/v12.3.0", "PSVersion/v7.4.5", "Az.Policy/0.1.1" ],
        "Authorization": [ "[Filtered]" ]
      },
      "ContentHeaders": {
      }
    },
    "Response": {
      "StatusCode": 204,
      "Headers": {
        "Cache-Control": [ "no-cache" ],
        "Pragma": [ "no-cache" ],
        "Strict-Transport-Security": [ "max-age=31536000; includeSubDomains" ],
        "x-ms-ratelimit-remaining-subscription-deletes": [ "14999" ],
        "x-ms-request-id": [ "5d6ab12d-f006-4175-9cec-39bfcfc1f6a6" ],
        "x-ms-correlation-request-id": [ "5d6ab12d-f006-4175-9cec-39bfcfc1f6a6" ],
        "x-ms-routing-request-id": [ "WESTUS2:20241001T223632Z:5d6ab12d-f006-4175-9cec-39bfcfc1f6a6" ],
        "X-Content-Type-Options": [ "nosniff" ],
        "X-Cache": [ "CONFIG_NOCACHE" ],
        "X-MSEdge-Ref": [ "Ref A: B2C34CC0C243446890DC0627EF0928E4 Ref B: CO6AA3150219049 Ref C: 2024-10-01T22:36:31Z" ],
        "Date": [ "Tue, 01 Oct 2024 22:36:31 GMT" ]
      },
      "ContentHeaders": {
        "Expires": [ "-1" ]
      },
      "Content": null,
      "isContentBase64": false
    }
  },
  "PolicyExemptionCRUDAtManagementGroup+[NoContext]+Remove of input object with scope parameter removes by name, not id+$GET+https://management.azure.com/subscriptions/edb2c18a-04d6-49e9-bc72-e23852f507ad/providers/Microsoft.Authorization/policyExemptions?$filter=atScope()\u0026api-version=2022-07-01-preview+12": {
    "Request": {
      "Method": "GET",
      "RequestUri": "https://management.azure.com/subscriptions/edb2c18a-04d6-49e9-bc72-e23852f507ad/providers/Microsoft.Authorization/policyExemptions?$filter=atScope()\u0026api-version=2022-07-01-preview",
      "Content": null,
      "isContentBase64": false,
      "Headers": {
        "x-ms-unique-id": [ "76" ],
        "x-ms-client-request-id": [ "4f9acebf-2c8b-4724-9916-cea667a2d411" ],
        "CommandName": [ "\u0026" ],
        "FullCommandName": [ "Get-AzPolicyExemption_List" ],
        "ParameterSetName": [ "__AllParameterSets" ],
        "User-Agent": [ "AzurePowershell/v12.3.0", "PSVersion/v7.4.5", "Az.Policy/0.1.1" ],
        "Authorization": [ "[Filtered]" ]
      },
      "ContentHeaders": {
      }
    },
    "Response": {
      "StatusCode": 200,
      "Headers": {
        "Cache-Control": [ "no-cache" ],
        "Pragma": [ "no-cache" ],
        "Strict-Transport-Security": [ "max-age=31536000; includeSubDomains" ],
        "x-ms-ratelimit-remaining-subscription-reads": [ "11996" ],
        "x-ms-request-id": [ "5922cb21-c2c6-499e-b841-9d2328c31f9b" ],
        "x-ms-correlation-request-id": [ "5922cb21-c2c6-499e-b841-9d2328c31f9b" ],
        "x-ms-routing-request-id": [ "WESTUS2:20241001T223632Z:5922cb21-c2c6-499e-b841-9d2328c31f9b" ],
        "X-Content-Type-Options": [ "nosniff" ],
        "X-Cache": [ "CONFIG_NOCACHE" ],
        "X-MSEdge-Ref": [ "Ref A: B28CF2BEC0A7412E8989E6D24C784FD9 Ref B: CO6AA3150219049 Ref C: 2024-10-01T22:36:32Z" ],
        "Date": [ "Tue, 01 Oct 2024 22:36:31 GMT" ]
      },
      "ContentHeaders": {
        "Content-Length": [ "7612" ],
        "Content-Type": [ "application/json; charset=utf-8" ],
        "Expires": [ "-1" ]
      },
      "Content": "{\"value\":[{\"properties\":{\"policyAssignmentId\":\"/providers/Microsoft.Management/managementGroups/AzGovPerfTest/providers/Microsoft.Authorization/policyAssignments/e4d662572b4f40409eed77e8\",\"policyDefinitionReferenceIds\":[],\"exemptionCategory\":\"Mitigated\",\"displayName\":\"Azure Governance Performance Test - tony-test-modifyDenyMG\",\"description\":\"\",\"expiresOn\":\"2024-02-10T08:00:00Z\",\"resourceSelectors\":[],\"metadata\":{}},\"id\":\"/providers/Microsoft.Management/managementGroups/AzGovPerfTest/providers/Microsoft.Authorization/policyExemptions/411d2dfc3efb44bc89510bf3\",\"type\":\"Microsoft.Authorization/policyExemptions\",\"name\":\"411d2dfc3efb44bc89510bf3\",\"systemData\":{\"createdBy\":\"qingyechen@microsoft.com\",\"createdByType\":\"User\",\"createdAt\":\"2024-01-18T19:32:04.6336364Z\",\"lastModifiedBy\":\"qingyechen@microsoft.com\",\"lastModifiedByType\":\"User\",\"lastModifiedAt\":\"2024-02-01T05:41:56.656852Z\"}},{\"properties\":{\"policyAssignmentId\":\"/providers/Microsoft.Management/managementGroups/AzGovPerfTest/providers/Microsoft.Authorization/policyAssignments/46aec00d695c4c83b704a532\",\"policyDefinitionReferenceIds\":[],\"exemptionCategory\":\"Waiver\",\"displayName\":\"Azure Governance Performance Test - robga keyvault location\",\"description\":\"\",\"resourceSelectors\":[{\"name\":\"1\",\"selectors\":[{\"kind\":\"resourceLocation\",\"in\":[\"westus\"]}]}],\"metadata\":{}},\"id\":\"/providers/Microsoft.Management/managementGroups/AzGovPerfTest/providers/Microsoft.Authorization/policyExemptions/949bf29bfc4d493da3d53e91\",\"type\":\"Microsoft.Authorization/policyExemptions\",\"name\":\"949bf29bfc4d493da3d53e91\",\"systemData\":{\"createdBy\":\"robga@microsoft.com\",\"createdByType\":\"User\",\"createdAt\":\"2024-06-06T17:03:40.4464856Z\",\"lastModifiedBy\":\"robga@microsoft.com\",\"lastModifiedByType\":\"User\",\"lastModifiedAt\":\"2024-06-06T17:27:21.7158092Z\"}},{\"properties\":{\"policyAssignmentId\":\"/providers/microsoft.management/managementgroups/azgovperftest/providers/Microsoft.Authorization/policyAssignments/8bea7adb75c44b11bbd2385e\",\"policyDefinitionReferenceIds\":[],\"exemptionCategory\":\"Waiver\",\"displayName\":\"Azure Governance Performance Test - tony-test-remeNonCompliantResourceCount-mg\",\"expiresOn\":\"2024-08-16T07:00:00Z\",\"resourceSelectors\":[],\"metadata\":{}},\"id\":\"/providers/microsoft.management/managementgroups/azgovperftest/providers/Microsoft.Authorization/policyExemptions/c5aa9c33c134480bb1eed2ad\",\"type\":\"Microsoft.Authorization/policyExemptions\",\"name\":\"c5aa9c33c134480bb1eed2ad\",\"systemData\":{\"createdBy\":\"qingyechen@microsoft.com\",\"createdByType\":\"User\",\"createdAt\":\"2024-08-15T20:11:15.2530087Z\",\"lastModifiedBy\":\"qingyechen@microsoft.com\",\"lastModifiedByType\":\"User\",\"lastModifiedAt\":\"2024-08-15T20:11:15.2530087Z\"}},{\"properties\":{\"policyAssignmentId\":\"/providers/microsoft.management/managementgroups/azgovperftest/providers/Microsoft.Authorization/policyAssignments/8bea7adb75c44b11bbd2385e\",\"policyDefinitionReferenceIds\":[],\"exemptionCategory\":\"Waiver\",\"displayName\":\"Azure Governance Performance Test - tony-test-remeNonCompliantResourceCount-mg\",\"expiresOn\":\"2025-08-16T07:00:00Z\",\"resourceSelectors\":[],\"metadata\":{}},\"id\":\"/providers/microsoft.management/managementgroups/azgovperftest/providers/Microsoft.Authorization/policyExemptions/ef84f139b2ad46619aa4a10f\",\"type\":\"Microsoft.Authorization/policyExemptions\",\"name\":\"ef84f139b2ad46619aa4a10f\",\"systemData\":{\"createdBy\":\"qingyechen@microsoft.com\",\"createdByType\":\"User\",\"createdAt\":\"2024-08-15T20:11:50.3679676Z\",\"lastModifiedBy\":\"qingyechen@microsoft.com\",\"lastModifiedByType\":\"User\",\"lastModifiedAt\":\"2024-08-15T20:11:50.3679676Z\"}},{\"properties\":{\"policyAssignmentId\":\"/providers/microsoft.management/managementgroups/azgovperftest/providers/Microsoft.Authorization/policyAssignments/8bea7adb75c44b11bbd2385e\",\"policyDefinitionReferenceIds\":[],\"exemptionCategory\":\"Waiver\",\"displayName\":\"Azure Governance Performance Test - tony-test-remeNonCompliantResourceCount-mg\",\"expiresOn\":\"2024-08-18T07:00:00Z\",\"resourceSelectors\":[],\"metadata\":{}},\"id\":\"/providers/microsoft.management/managementgroups/azgovperftest/providers/Microsoft.Authorization/policyExemptions/640c31bb1b654126b3f7af1c\",\"type\":\"Microsoft.Authorization/policyExemptions\",\"name\":\"640c31bb1b654126b3f7af1c\",\"systemData\":{\"createdBy\":\"qingyechen@microsoft.com\",\"createdByType\":\"User\",\"createdAt\":\"2024-08-15T20:12:08.0593408Z\",\"lastModifiedBy\":\"qingyechen@microsoft.com\",\"lastModifiedByType\":\"User\",\"lastModifiedAt\":\"2024-08-15T20:12:08.0593408Z\"}},{\"properties\":{\"policyAssignmentId\":\"/providers/microsoft.management/managementgroups/azgovperftest/providers/Microsoft.Authorization/policyAssignments/8bea7adb75c44b11bbd2385e\",\"policyDefinitionReferenceIds\":[],\"exemptionCategory\":\"Waiver\",\"displayName\":\"Azure Governance Performance Test - tony-test-remeNonCompliantResourceCount-mg\",\"resourceSelectors\":[],\"metadata\":{}},\"id\":\"/providers/microsoft.management/managementgroups/azgovperftest/providers/Microsoft.Authorization/policyExemptions/e0c22d8951ea460abbd92c64\",\"type\":\"Microsoft.Authorization/policyExemptions\",\"name\":\"e0c22d8951ea460abbd92c64\",\"systemData\":{\"createdBy\":\"qingyechen@microsoft.com\",\"createdByType\":\"User\",\"createdAt\":\"2024-08-16T05:17:59.2656118Z\",\"lastModifiedBy\":\"qingyechen@microsoft.com\",\"lastModifiedByType\":\"User\",\"lastModifiedAt\":\"2024-08-16T05:17:59.2656118Z\"}},{\"properties\":{\"policyAssignmentId\":\"/providers/Microsoft.Management/managementGroups/AzGovPerfTest/providers/Microsoft.Authorization/policyAssignments/c691bb62817b40fda56c1b77\",\"policyDefinitionReferenceIds\":[],\"exemptionCategory\":\"Waiver\",\"displayName\":\"Azure Governance Performance Test - qingye-test-exemptionOnMG\",\"resourceSelectors\":[],\"metadata\":{}},\"id\":\"/providers/Microsoft.Management/managementGroups/AzGovPerfTest/providers/Microsoft.Authorization/policyExemptions/dcfaaf0f40374736afbffed9\",\"type\":\"Microsoft.Authorization/policyExemptions\",\"name\":\"dcfaaf0f40374736afbffed9\",\"systemData\":{\"createdBy\":\"qingyechen@microsoft.com\",\"createdByType\":\"User\",\"createdAt\":\"2023-06-27T17:08:45.1562625Z\",\"lastModifiedBy\":\"qingyechen@microsoft.com\",\"lastModifiedByType\":\"User\",\"lastModifiedAt\":\"2023-06-27T17:08:45.1562625Z\"}},{\"properties\":{\"policyAssignmentId\":\"/providers/Microsoft.Management/managementGroups/AzGovPerfTest/providers/Microsoft.Authorization/policyAssignments/ps01141CEAPolicyExemptio\",\"exemptionCategory\":\"Mitigated\",\"displayName\":\"testDisplay\",\"description\":\"Unit test junk: sorry for littering. Please delete me!\"},\"id\":\"/providers/Microsoft.Management/managementGroups/AzGovPerfTest/providers/Microsoft.Authorization/policyExemptions/ps02141CEAPolicyExemptio\",\"type\":\"Microsoft.Authorization/policyExemptions\",\"name\":\"ps02141CEAPolicyExemptio\",\"systemData\":{\"createdBy\":\"cstack@ntdev.microsoft.com\",\"createdByType\":\"User\",\"createdAt\":\"2024-10-01T22:36:26.1378348Z\",\"lastModifiedBy\":\"cstack@ntdev.microsoft.com\",\"lastModifiedByType\":\"User\",\"lastModifiedAt\":\"2024-10-01T22:36:27.9972488Z\"}},{\"properties\":{\"policyAssignmentId\":\"/providers/Microsoft.Management/managementGroups/AzGovPerfTest/providers/Microsoft.Authorization/policyAssignments/ps01141CEAPolicyExemptio\",\"exemptionCategory\":\"Mitigated\",\"expiresOn\":\"3021-03-10T07:30:10Z\"},\"id\":\"/providers/Microsoft.Management/managementGroups/AzGovPerfTest/providers/Microsoft.Authorization/policyExemptions/ps03141CEAPolicyExemptio\",\"type\":\"Microsoft.Authorization/policyExemptions\",\"name\":\"ps03141CEAPolicyExemptio\",\"systemData\":{\"createdBy\":\"cstack@ntdev.microsoft.com\",\"createdByType\":\"User\",\"createdAt\":\"2024-10-01T22:36:28.6868645Z\",\"lastModifiedBy\":\"cstack@ntdev.microsoft.com\",\"lastModifiedByType\":\"User\",\"lastModifiedAt\":\"2024-10-01T22:36:28.6868645Z\"}}]}",
      "isContentBase64": false
    }
  },
  "PolicyExemptionCRUDAtManagementGroup+[NoContext]+[NoScenario]+$DELETE+https://management.azure.com//providers/Microsoft.Management/managementGroups/AzGovPerfTest/providers/Microsoft.Authorization/policyExemptions/ps02141CEAPolicyExemptio?api-version=2022-07-01-preview+13": {
    "Request": {
      "Method": "DELETE",
      "RequestUri": "https://management.azure.com//providers/Microsoft.Management/managementGroups/AzGovPerfTest/providers/Microsoft.Authorization/policyExemptions/ps02141CEAPolicyExemptio?api-version=2022-07-01-preview",
      "Content": null,
      "isContentBase64": false,
      "Headers": {
        "x-ms-unique-id": [ "77" ],
        "x-ms-client-request-id": [ "844c7932-2d9b-42b5-a1b4-a7dc34c295b1" ],
        "CommandName": [ "\u0026" ],
        "FullCommandName": [ "Remove-AzPolicyExemption_Delete" ],
        "ParameterSetName": [ "__AllParameterSets" ],
        "User-Agent": [ "AzurePowershell/v12.3.0", "PSVersion/v7.4.5", "Az.Policy/0.1.1" ],
        "Authorization": [ "[Filtered]" ]
      },
      "ContentHeaders": {
      }
    },
    "Response": {
      "StatusCode": 200,
      "Headers": {
        "Cache-Control": [ "no-cache" ],
        "Pragma": [ "no-cache" ],
        "Strict-Transport-Security": [ "max-age=31536000; includeSubDomains" ],
        "x-ms-ratelimit-remaining-tenant-deletes": [ "14999" ],
        "x-ms-request-id": [ "6c40ca3d-60c9-4e1d-a4e2-1baa7c407729" ],
        "x-ms-correlation-request-id": [ "6c40ca3d-60c9-4e1d-a4e2-1baa7c407729" ],
        "x-ms-routing-request-id": [ "WESTUS:20241001T223632Z:6c40ca3d-60c9-4e1d-a4e2-1baa7c407729" ],
        "X-Content-Type-Options": [ "nosniff" ],
        "X-Cache": [ "CONFIG_NOCACHE" ],
        "X-MSEdge-Ref": [ "Ref A: 829AB08520E04747AD1B7118114D7BEC Ref B: CO6AA3150219049 Ref C: 2024-10-01T22:36:32Z" ],
        "Date": [ "Tue, 01 Oct 2024 22:36:32 GMT" ]
      },
      "ContentHeaders": {
        "Content-Length": [ "784" ],
        "Content-Type": [ "application/json; charset=utf-8" ],
        "Expires": [ "-1" ]
      },
      "Content": "{\"properties\":{\"policyAssignmentId\":\"/providers/Microsoft.Management/managementGroups/AzGovPerfTest/providers/Microsoft.Authorization/policyAssignments/ps01141CEAPolicyExemptio\",\"exemptionCategory\":\"Mitigated\",\"displayName\":\"testDisplay\",\"description\":\"Unit test junk: sorry for littering. Please delete me!\"},\"id\":\"/providers/Microsoft.Management/managementGroups/AzGovPerfTest/providers/Microsoft.Authorization/policyExemptions/ps02141CEAPolicyExemptio\",\"type\":\"Microsoft.Authorization/policyExemptions\",\"name\":\"ps02141CEAPolicyExemptio\",\"systemData\":{\"createdBy\":\"cstack@ntdev.microsoft.com\",\"createdByType\":\"User\",\"createdAt\":\"2024-10-01T22:36:26.1378348Z\",\"lastModifiedBy\":\"cstack@ntdev.microsoft.com\",\"lastModifiedByType\":\"User\",\"lastModifiedAt\":\"2024-10-01T22:36:27.9972488Z\"}}",
      "isContentBase64": false
    }
  },
  "PolicyExemptionCRUDAtManagementGroup+[NoContext]+[NoScenario]+$DELETE+https://management.azure.com//providers/Microsoft.Management/managementGroups/AzGovPerfTest/providers/Microsoft.Authorization/policyExemptions/ps03141CEAPolicyExemptio?api-version=2022-07-01-preview+14": {
    "Request": {
      "Method": "DELETE",
      "RequestUri": "https://management.azure.com//providers/Microsoft.Management/managementGroups/AzGovPerfTest/providers/Microsoft.Authorization/policyExemptions/ps03141CEAPolicyExemptio?api-version=2022-07-01-preview",
      "Content": null,
      "isContentBase64": false,
      "Headers": {
        "x-ms-unique-id": [ "78" ],
        "x-ms-client-request-id": [ "572ba669-11d3-4922-82cd-868b4203de30" ],
        "CommandName": [ "\u0026" ],
        "FullCommandName": [ "Remove-AzPolicyExemption_Delete" ],
        "ParameterSetName": [ "__AllParameterSets" ],
        "User-Agent": [ "AzurePowershell/v12.3.0", "PSVersion/v7.4.5", "Az.Policy/0.1.1" ],
        "Authorization": [ "[Filtered]" ]
      },
      "ContentHeaders": {
      }
    },
    "Response": {
      "StatusCode": 200,
      "Headers": {
        "Cache-Control": [ "no-cache" ],
        "Pragma": [ "no-cache" ],
        "Strict-Transport-Security": [ "max-age=31536000; includeSubDomains" ],
        "x-ms-ratelimit-remaining-tenant-deletes": [ "14999" ],
        "x-ms-request-id": [ "711296c1-3180-482f-81fe-2fe752ac118c" ],
        "x-ms-correlation-request-id": [ "711296c1-3180-482f-81fe-2fe752ac118c" ],
        "x-ms-routing-request-id": [ "WESTUS:20241001T223633Z:711296c1-3180-482f-81fe-2fe752ac118c" ],
        "X-Content-Type-Options": [ "nosniff" ],
        "X-Cache": [ "CONFIG_NOCACHE" ],
        "X-MSEdge-Ref": [ "Ref A: 6DB646D589CC4658B12FE3C5D12310FD Ref B: CO6AA3150219049 Ref C: 2024-10-01T22:36:33Z" ],
        "Date": [ "Tue, 01 Oct 2024 22:36:32 GMT" ]
      },
      "ContentHeaders": {
        "Content-Length": [ "720" ],
        "Content-Type": [ "application/json; charset=utf-8" ],
        "Expires": [ "-1" ]
      },
      "Content": "{\"properties\":{\"policyAssignmentId\":\"/providers/Microsoft.Management/managementGroups/AzGovPerfTest/providers/Microsoft.Authorization/policyAssignments/ps01141CEAPolicyExemptio\",\"exemptionCategory\":\"Mitigated\",\"expiresOn\":\"3021-03-10T07:30:10Z\"},\"id\":\"/providers/Microsoft.Management/managementGroups/AzGovPerfTest/providers/Microsoft.Authorization/policyExemptions/ps03141CEAPolicyExemptio\",\"type\":\"Microsoft.Authorization/policyExemptions\",\"name\":\"ps03141CEAPolicyExemptio\",\"systemData\":{\"createdBy\":\"cstack@ntdev.microsoft.com\",\"createdByType\":\"User\",\"createdAt\":\"2024-10-01T22:36:28.6868645Z\",\"lastModifiedBy\":\"cstack@ntdev.microsoft.com\",\"lastModifiedByType\":\"User\",\"lastModifiedAt\":\"2024-10-01T22:36:28.6868645Z\"}}",
      "isContentBase64": false
    }
  },
  "PolicyExemptionCRUDAtManagementGroup+[NoContext]+[NoScenario]+$DELETE+https://management.azure.com//providers/Microsoft.Management/managementGroups/AzGovPerfTest/providers/Microsoft.Authorization/policyAssignments/ps01141CEAPolicyExemptio?api-version=2023-04-01+15": {
    "Request": {
      "Method": "DELETE",
      "RequestUri": "https://management.azure.com//providers/Microsoft.Management/managementGroups/AzGovPerfTest/providers/Microsoft.Authorization/policyAssignments/ps01141CEAPolicyExemptio?api-version=2023-04-01",
      "Content": null,
      "isContentBase64": false,
      "Headers": {
        "x-ms-unique-id": [ "79" ],
        "x-ms-client-request-id": [ "c7d8c810-d5fe-4a6a-bd2e-7f86cac40ac1" ],
        "CommandName": [ "\u0026" ],
        "FullCommandName": [ "Remove-AzPolicyAssignment_Delete" ],
        "ParameterSetName": [ "__AllParameterSets" ],
        "User-Agent": [ "AzurePowershell/v12.3.0", "PSVersion/v7.4.5", "Az.Policy/0.1.1" ],
        "Authorization": [ "[Filtered]" ]
      },
      "ContentHeaders": {
      }
    },
    "Response": {
      "StatusCode": 200,
      "Headers": {
        "Cache-Control": [ "no-cache" ],
        "Pragma": [ "no-cache" ],
        "Strict-Transport-Security": [ "max-age=31536000; includeSubDomains" ],
        "x-ms-ratelimit-remaining-tenant-deletes": [ "14999" ],
        "x-ms-request-id": [ "56f040c8-4aa8-4185-b2d3-d54b707fb469" ],
        "x-ms-correlation-request-id": [ "56f040c8-4aa8-4185-b2d3-d54b707fb469" ],
        "x-ms-routing-request-id": [ "WESTUS:20241001T223634Z:56f040c8-4aa8-4185-b2d3-d54b707fb469" ],
        "X-Content-Type-Options": [ "nosniff" ],
        "X-Cache": [ "CONFIG_NOCACHE" ],
        "X-MSEdge-Ref": [ "Ref A: 199A6960A1B8457BA3B318315778AC21 Ref B: CO6AA3150219049 Ref C: 2024-10-01T22:36:33Z" ],
        "Date": [ "Tue, 01 Oct 2024 22:36:33 GMT" ]
      },
      "ContentHeaders": {
        "Content-Length": [ "946" ],
        "Content-Type": [ "application/json; charset=utf-8" ],
        "Expires": [ "-1" ]
      },
      "Content": "{\"properties\":{\"displayName\":\"Unit test junk: sorry for littering. Please delete me!\",\"policyDefinitionId\":\"/providers/Microsoft.Authorization/policyDefinitions/0a914e76-4921-4c19-b460-a2d36003525a\",\"definitionVersion\":\"2.*.*\",\"scope\":\"/providers/Microsoft.Management/managementGroups/AzGovPerfTest\",\"metadata\":{\"createdBy\":\"3d826307-2481-45a0-a271-bcf9333f914a\",\"createdOn\":\"2024-10-01T22:36:25.2131904Z\",\"updatedBy\":null,\"updatedOn\":null},\"enforcementMode\":\"Default\"},\"id\":\"/providers/Microsoft.Management/managementGroups/AzGovPerfTest/providers/Microsoft.Authorization/policyAssignments/ps01141CEAPolicyExemptio\",\"type\":\"Microsoft.Authorization/policyAssignments\",\"name\":\"ps01141CEAPolicyExemptio\",\"systemData\":{\"createdBy\":\"cstack@ntdev.microsoft.com\",\"createdByType\":\"User\",\"createdAt\":\"2024-10-01T22:36:25.1804518Z\",\"lastModifiedBy\":\"cstack@ntdev.microsoft.com\",\"lastModifiedByType\":\"User\",\"lastModifiedAt\":\"2024-10-01T22:36:25.1804518Z\"}}",
      "isContentBase64": false
    }
  }
}