{
  "RemovePolicyExemption+[NoContext]+Remove-AzPolicyExemption -Name -Force+$DELETE+https://management.azure.com//subscriptions/edb2c18a-04d6-49e9-bc72-e23852f507ad/providers/Microsoft.Authorization/policyExemptions/someName?api-version=2022-07-01-preview+1": {
    "Request": {
      "Method": "DELETE",
      "RequestUri": "https://management.azure.com//subscriptions/edb2c18a-04d6-49e9-bc72-e23852f507ad/providers/Microsoft.Authorization/policyExemptions/someName?api-version=2022-07-01-preview",
      "Content": null,
      "isContentBase64": false,
      "Headers": {
        "x-ms-unique-id": [ "1727" ],
        "x-ms-client-request-id": [ "0a506a10-bf46-4aeb-aa5a-e7a98801182d" ],
        "CommandName": [ "\u0026" ],
        "FullCommandName": [ "Remove-AzPolicyExemption_Delete" ],
        "ParameterSetName": [ "__AllParameterSets" ],
        "User-Agent": [ "AzurePowershell/v11.0.0", "PSVersion/v7.4.1", "Az.Policy/0.1.1" ],
        "Authorization": [ "[Filtered]" ]
      },
      "ContentHeaders": {
      }
    },
    "Response": {
      "StatusCode": 204,
      "Headers": {
        "Cache-Control": [ "no-cache" ],
        "Pragma": [ "no-cache" ],
        "Strict-Transport-Security": [ "max-age=31536000; includeSubDomains" ],
        "x-ms-ratelimit-remaining-subscription-deletes": [ "14997" ],
        "x-ms-request-id": [ "4044728b-1427-4c01-bbe7-d3c32036e7f5" ],
        "x-ms-correlation-request-id": [ "4044728b-1427-4c01-bbe7-d3c32036e7f5" ],
        "x-ms-routing-request-id": [ "WESTUS2:20240402T011638Z:4044728b-1427-4c01-bbe7-d3c32036e7f5" ],
        "X-Content-Type-Options": [ "nosniff" ],
        "X-Cache": [ "CONFIG_NOCACHE" ],
        "X-MSEdge-Ref": [ "Ref A: 5A7A53E5265B429CA0C5FF0B0DC26383 Ref B: CO6AA3150220011 Ref C: 2024-04-02T01:16:38Z" ],
        "Date": [ "Tue, 02 Apr 2024 01:16:37 GMT" ]
      },
      "ContentHeaders": {
        "Expires": [ "-1" ]
      },
      "Content": null,
      "isContentBase64": false
    }
  },
  "RemovePolicyExemption+[NoContext]+Remove-AzPolicyExemption -Name -Scope -Force+$DELETE+https://management.azure.com//subscriptions/edb2c18a-04d6-49e9-bc72-e23852f507ad/providers/Microsoft.Authorization/policyExemptions/someName?api-version=2022-07-01-preview+1": {
    "Request": {
      "Method": "DELETE",
      "RequestUri": "https://management.azure.com//subscriptions/edb2c18a-04d6-49e9-bc72-e23852f507ad/providers/Microsoft.Authorization/policyExemptions/someName?api-version=2022-07-01-preview",
      "Content": null,
      "isContentBase64": false,
      "Headers": {
        "x-ms-unique-id": [ "1728" ],
        "x-ms-client-request-id": [ "5ae4512c-077a-4ac9-a30d-93d3f7dddc4e" ],
        "CommandName": [ "\u0026" ],
        "FullCommandName": [ "Remove-AzPolicyExemption_Delete" ],
        "ParameterSetName": [ "__AllParameterSets" ],
        "User-Agent": [ "AzurePowershell/v11.0.0", "PSVersion/v7.4.1", "Az.Policy/0.1.1" ],
        "Authorization": [ "[Filtered]" ]
      },
      "ContentHeaders": {
      }
    },
    "Response": {
      "StatusCode": 204,
      "Headers": {
        "Cache-Control": [ "no-cache" ],
        "Pragma": [ "no-cache" ],
        "Strict-Transport-Security": [ "max-age=31536000; includeSubDomains" ],
        "x-ms-ratelimit-remaining-subscription-deletes": [ "14996" ],
        "x-ms-request-id": [ "57a6510d-2e58-4eb9-b1aa-93938bed0635" ],
        "x-ms-correlation-request-id": [ "57a6510d-2e58-4eb9-b1aa-93938bed0635" ],
        "x-ms-routing-request-id": [ "WESTUS2:20240402T011639Z:57a6510d-2e58-4eb9-b1aa-93938bed0635" ],
        "X-Content-Type-Options": [ "nosniff" ],
        "X-Cache": [ "CONFIG_NOCACHE" ],
        "X-MSEdge-Ref": [ "Ref A: 290016DED7FF4C448AC1B1FBF12CBF45 Ref B: CO6AA3150220011 Ref C: 2024-04-02T01:16:38Z" ],
        "Date": [ "Tue, 02 Apr 2024 01:16:38 GMT" ]
      },
      "ContentHeaders": {
        "Expires": [ "-1" ]
      },
      "Content": null,
      "isContentBase64": false
    }
  },
  "RemovePolicyExemption+[NoContext]+Remove-AzPolicyExemption -Name -Scope -Force -PassThru+$DELETE+https://management.azure.com//subscriptions/edb2c18a-04d6-49e9-bc72-e23852f507ad/providers/Microsoft.Authorization/policyExemptions/someName?api-version=2022-07-01-preview+1": {
    "Request": {
      "Method": "DELETE",
      "RequestUri": "https://management.azure.com//subscriptions/edb2c18a-04d6-49e9-bc72-e23852f507ad/providers/Microsoft.Authorization/policyExemptions/someName?api-version=2022-07-01-preview",
      "Content": null,
      "isContentBase64": false,
      "Headers": {
        "x-ms-unique-id": [ "1729" ],
        "x-ms-client-request-id": [ "59b31c3f-2667-4bea-8f10-ad454fe04bc4" ],
        "CommandName": [ "\u0026" ],
        "FullCommandName": [ "Remove-AzPolicyExemption_Delete" ],
        "ParameterSetName": [ "__AllParameterSets" ],
        "User-Agent": [ "AzurePowershell/v11.0.0", "PSVersion/v7.4.1", "Az.Policy/0.1.1" ],
        "Authorization": [ "[Filtered]" ]
      },
      "ContentHeaders": {
      }
    },
    "Response": {
      "StatusCode": 204,
      "Headers": {
        "Cache-Control": [ "no-cache" ],
        "Pragma": [ "no-cache" ],
        "Strict-Transport-Security": [ "max-age=31536000; includeSubDomains" ],
        "x-ms-ratelimit-remaining-subscription-deletes": [ "14999" ],
        "x-ms-request-id": [ "4741ea87-9ba1-4878-a60d-c0ccc853e8da" ],
        "x-ms-correlation-request-id": [ "4741ea87-9ba1-4878-a60d-c0ccc853e8da" ],
        "x-ms-routing-request-id": [ "WESTUS2:20240402T011639Z:4741ea87-9ba1-4878-a60d-c0ccc853e8da" ],
        "X-Content-Type-Options": [ "nosniff" ],
        "X-Cache": [ "CONFIG_NOCACHE" ],
        "X-MSEdge-Ref": [ "Ref A: E0A1DC2A9C2F4BDCBE696E0A8631B2A0 Ref B: CO6AA3150220011 Ref C: 2024-04-02T01:16:39Z" ],
        "Date": [ "Tue, 02 Apr 2024 01:16:38 GMT" ]
      },
      "ContentHeaders": {
        "Expires": [ "-1" ]
      },
      "Content": null,
      "isContentBase64": false
    }
  },
  "RemovePolicyExemption+[NoContext]+Remove-AzPolicyExemption -Id -Force+$DELETE+https://management.azure.com//subscriptions/edb2c18a-04d6-49e9-bc72-e23852f507ad/providers/Microsoft.Authorization/policyExemptions/someName?api-version=2022-07-01-preview+1": {
    "Request": {
      "Method": "DELETE",
      "RequestUri": "https://management.azure.com//subscriptions/edb2c18a-04d6-49e9-bc72-e23852f507ad/providers/Microsoft.Authorization/policyExemptions/someName?api-version=2022-07-01-preview",
      "Content": null,
      "isContentBase64": false,
      "Headers": {
        "x-ms-unique-id": [ "1730" ],
        "x-ms-client-request-id": [ "b82ddcc2-d2e6-428a-b292-5c8736bb7413" ],
        "CommandName": [ "\u0026" ],
        "FullCommandName": [ "Remove-AzPolicyExemption_Delete" ],
        "ParameterSetName": [ "__AllParameterSets" ],
        "User-Agent": [ "AzurePowershell/v11.0.0", "PSVersion/v7.4.1", "Az.Policy/0.1.1" ],
        "Authorization": [ "[Filtered]" ]
      },
      "ContentHeaders": {
      }
    },
    "Response": {
      "StatusCode": 204,
      "Headers": {
        "Cache-Control": [ "no-cache" ],
        "Pragma": [ "no-cache" ],
        "Strict-Transport-Security": [ "max-age=31536000; includeSubDomains" ],
        "x-ms-ratelimit-remaining-subscription-deletes": [ "14998" ],
        "x-ms-request-id": [ "9d6f1fd5-1b55-431c-9784-8e0ed7d057f5" ],
        "x-ms-correlation-request-id": [ "9d6f1fd5-1b55-431c-9784-8e0ed7d057f5" ],
        "x-ms-routing-request-id": [ "WESTUS2:20240402T011639Z:9d6f1fd5-1b55-431c-9784-8e0ed7d057f5" ],
        "X-Content-Type-Options": [ "nosniff" ],
        "X-Cache": [ "CONFIG_NOCACHE" ],
        "X-MSEdge-Ref": [ "Ref A: E86DEC906BBC49239573D8337CD7F36F Ref B: CO6AA3150220011 Ref C: 2024-04-02T01:16:39Z" ],
        "Date": [ "Tue, 02 Apr 2024 01:16:39 GMT" ]
      },
      "ContentHeaders": {
        "Expires": [ "-1" ]
      },
      "Content": null,
      "isContentBase64": false
    }
  },
  "RemovePolicyExemption+[NoContext]+Remove-AzPolicyExemption -Id -Force -PassThru+$DELETE+https://management.azure.com//subscriptions/edb2c18a-04d6-49e9-bc72-e23852f507ad/providers/Microsoft.Authorization/policyExemptions/someName?api-version=2022-07-01-preview+1": {
    "Request": {
      "Method": "DELETE",
      "RequestUri": "https://management.azure.com//subscriptions/edb2c18a-04d6-49e9-bc72-e23852f507ad/providers/Microsoft.Authorization/policyExemptions/someName?api-version=2022-07-01-preview",
      "Content": null,
      "isContentBase64": false,
      "Headers": {
        "x-ms-unique-id": [ "1731" ],
        "x-ms-client-request-id": [ "733116d5-e7a7-485f-8824-fc7c11a6bfd0" ],
        "CommandName": [ "\u0026" ],
        "FullCommandName": [ "Remove-AzPolicyExemption_Delete" ],
        "ParameterSetName": [ "__AllParameterSets" ],
        "User-Agent": [ "AzurePowershell/v11.0.0", "PSVersion/v7.4.1", "Az.Policy/0.1.1" ],
        "Authorization": [ "[Filtered]" ]
      },
      "ContentHeaders": {
      }
    },
    "Response": {
      "StatusCode": 204,
      "Headers": {
        "Cache-Control": [ "no-cache" ],
        "Pragma": [ "no-cache" ],
        "Strict-Transport-Security": [ "max-age=31536000; includeSubDomains" ],
        "x-ms-ratelimit-remaining-subscription-deletes": [ "14998" ],
        "x-ms-request-id": [ "c175cd6a-0efe-4ad0-a981-868e27c0dcab" ],
        "x-ms-correlation-request-id": [ "c175cd6a-0efe-4ad0-a981-868e27c0dcab" ],
        "x-ms-routing-request-id": [ "WESTUS2:20240402T011640Z:c175cd6a-0efe-4ad0-a981-868e27c0dcab" ],
        "X-Content-Type-Options": [ "nosniff" ],
        "X-Cache": [ "CONFIG_NOCACHE" ],
        "X-MSEdge-Ref": [ "Ref A: 83CD3135130642CAAE08909FA2AD20BE Ref B: CO6AA3150220011 Ref C: 2024-04-02T01:16:40Z" ],
        "Date": [ "Tue, 02 Apr 2024 01:16:39 GMT" ]
      },
      "ContentHeaders": {
        "Expires": [ "-1" ]
      },
      "Content": null,
      "isContentBase64": false
    }
  }
}