{
  "RemovePolicyExemption+[NoContext]+Remove-AzPolicyExemption -Name -Force+$DELETE+https://management.azure.com//subscriptions/edb2c18a-04d6-49e9-bc72-e23852f507ad/providers/Microsoft.Authorization/policyExemptions/someName?api-version=2022-07-01-preview+1": {
    "Request": {
      "Method": "DELETE",
      "RequestUri": "https://management.azure.com//subscriptions/edb2c18a-04d6-49e9-bc72-e23852f507ad/providers/Microsoft.Authorization/policyExemptions/someName?api-version=2022-07-01-preview",
      "Content": null,
      "isContentBase64": false,
      "Headers": {
        "x-ms-unique-id": [ "839" ],
        "x-ms-client-request-id": [ "a93f9c04-9f77-4274-a1fa-395fbff34a89" ],
        "CommandName": [ "\u0026" ],
        "FullCommandName": [ "Remove-AzPolicyExemption_Delete" ],
        "ParameterSetName": [ "__AllParameterSets" ],
        "User-Agent": [ "AzurePowershell/v12.3.0", "PSVersion/v7.4.5", "Az.Policy/0.1.1" ],
        "Authorization": [ "[Filtered]" ]
      },
      "ContentHeaders": {
      }
    },
    "Response": {
      "StatusCode": 204,
      "Headers": {
        "Cache-Control": [ "no-cache" ],
        "Pragma": [ "no-cache" ],
        "Strict-Transport-Security": [ "max-age=31536000; includeSubDomains" ],
        "x-ms-ratelimit-remaining-subscription-deletes": [ "14997" ],
        "x-ms-request-id": [ "9bc0f3a9-7b3c-4b1c-915e-f6e05b4b0de3" ],
        "x-ms-correlation-request-id": [ "9bc0f3a9-7b3c-4b1c-915e-f6e05b4b0de3" ],
        "x-ms-routing-request-id": [ "WESTUS2:20240905T202616Z:9bc0f3a9-7b3c-4b1c-915e-f6e05b4b0de3" ],
        "X-Content-Type-Options": [ "nosniff" ],
        "X-Cache": [ "CONFIG_NOCACHE" ],
        "X-MSEdge-Ref": [ "Ref A: 0071C46618514565BE15C1A1CC472C45 Ref B: CO6AA3150220047 Ref C: 2024-09-05T20:26:16Z" ],
        "Date": [ "Thu, 05 Sep 2024 20:26:16 GMT" ]
      },
      "ContentHeaders": {
        "Expires": [ "-1" ]
      },
      "Content": null,
      "isContentBase64": false
    }
  },
  "RemovePolicyExemption+[NoContext]+Remove-AzPolicyExemption -Name -Scope -Force+$DELETE+https://management.azure.com//subscriptions/edb2c18a-04d6-49e9-bc72-e23852f507ad/providers/Microsoft.Authorization/policyExemptions/someName?api-version=2022-07-01-preview+1": {
    "Request": {
      "Method": "DELETE",
      "RequestUri": "https://management.azure.com//subscriptions/edb2c18a-04d6-49e9-bc72-e23852f507ad/providers/Microsoft.Authorization/policyExemptions/someName?api-version=2022-07-01-preview",
      "Content": null,
      "isContentBase64": false,
      "Headers": {
        "x-ms-unique-id": [ "840" ],
        "x-ms-client-request-id": [ "a0bae4df-2cd7-466d-a4da-362adf739521" ],
        "CommandName": [ "\u0026" ],
        "FullCommandName": [ "Remove-AzPolicyExemption_Delete" ],
        "ParameterSetName": [ "__AllParameterSets" ],
        "User-Agent": [ "AzurePowershell/v12.3.0", "PSVersion/v7.4.5", "Az.Policy/0.1.1" ],
        "Authorization": [ "[Filtered]" ]
      },
      "ContentHeaders": {
      }
    },
    "Response": {
      "StatusCode": 204,
      "Headers": {
        "Cache-Control": [ "no-cache" ],
        "Pragma": [ "no-cache" ],
        "Strict-Transport-Security": [ "max-age=31536000; includeSubDomains" ],
        "x-ms-ratelimit-remaining-subscription-deletes": [ "14999" ],
        "x-ms-request-id": [ "33b3d02f-b772-4c72-9b28-35a4ad5b1c29" ],
        "x-ms-correlation-request-id": [ "33b3d02f-b772-4c72-9b28-35a4ad5b1c29" ],
        "x-ms-routing-request-id": [ "WESTUS2:20240905T202617Z:33b3d02f-b772-4c72-9b28-35a4ad5b1c29" ],
        "X-Content-Type-Options": [ "nosniff" ],
        "X-Cache": [ "CONFIG_NOCACHE" ],
        "X-MSEdge-Ref": [ "Ref A: 5237AC75CE5A4AA8931BB6325A2DE44D Ref B: CO6AA3150220047 Ref C: 2024-09-05T20:26:16Z" ],
        "Date": [ "Thu, 05 Sep 2024 20:26:16 GMT" ]
      },
      "ContentHeaders": {
        "Expires": [ "-1" ]
      },
      "Content": null,
      "isContentBase64": false
    }
  },
  "RemovePolicyExemption+[NoContext]+Remove-AzPolicyExemption -Name -Scope -Force -PassThru+$DELETE+https://management.azure.com//subscriptions/edb2c18a-04d6-49e9-bc72-e23852f507ad/providers/Microsoft.Authorization/policyExemptions/someName?api-version=2022-07-01-preview+1": {
    "Request": {
      "Method": "DELETE",
      "RequestUri": "https://management.azure.com//subscriptions/edb2c18a-04d6-49e9-bc72-e23852f507ad/providers/Microsoft.Authorization/policyExemptions/someName?api-version=2022-07-01-preview",
      "Content": null,
      "isContentBase64": false,
      "Headers": {
        "x-ms-unique-id": [ "841" ],
        "x-ms-client-request-id": [ "3232b135-ff83-4365-a498-51eda7f88ea8" ],
        "CommandName": [ "\u0026" ],
        "FullCommandName": [ "Remove-AzPolicyExemption_Delete" ],
        "ParameterSetName": [ "__AllParameterSets" ],
        "User-Agent": [ "AzurePowershell/v12.3.0", "PSVersion/v7.4.5", "Az.Policy/0.1.1" ],
        "Authorization": [ "[Filtered]" ]
      },
      "ContentHeaders": {
      }
    },
    "Response": {
      "StatusCode": 204,
      "Headers": {
        "Cache-Control": [ "no-cache" ],
        "Pragma": [ "no-cache" ],
        "Strict-Transport-Security": [ "max-age=31536000; includeSubDomains" ],
        "x-ms-ratelimit-remaining-subscription-deletes": [ "14998" ],
        "x-ms-request-id": [ "ef63eadc-f98a-400f-af3b-1445109a1068" ],
        "x-ms-correlation-request-id": [ "ef63eadc-f98a-400f-af3b-1445109a1068" ],
        "x-ms-routing-request-id": [ "WESTUS2:20240905T202617Z:ef63eadc-f98a-400f-af3b-1445109a1068" ],
        "X-Content-Type-Options": [ "nosniff" ],
        "X-Cache": [ "CONFIG_NOCACHE" ],
        "X-MSEdge-Ref": [ "Ref A: DCCF8E4D8005446598DFE6D278916C7D Ref B: CO6AA3150220047 Ref C: 2024-09-05T20:26:17Z" ],
        "Date": [ "Thu, 05 Sep 2024 20:26:16 GMT" ]
      },
      "ContentHeaders": {
        "Expires": [ "-1" ]
      },
      "Content": null,
      "isContentBase64": false
    }
  },
  "RemovePolicyExemption+[NoContext]+Remove-AzPolicyExemption -Id -Force+$DELETE+https://management.azure.com//subscriptions/edb2c18a-04d6-49e9-bc72-e23852f507ad/providers/Microsoft.Authorization/policyExemptions/someName?api-version=2022-07-01-preview+1": {
    "Request": {
      "Method": "DELETE",
      "RequestUri": "https://management.azure.com//subscriptions/edb2c18a-04d6-49e9-bc72-e23852f507ad/providers/Microsoft.Authorization/policyExemptions/someName?api-version=2022-07-01-preview",
      "Content": null,
      "isContentBase64": false,
      "Headers": {
        "x-ms-unique-id": [ "842" ],
        "x-ms-client-request-id": [ "6d1a17b5-0121-4224-8d95-b010401c38a7" ],
        "CommandName": [ "\u0026" ],
        "FullCommandName": [ "Remove-AzPolicyExemption_Delete" ],
        "ParameterSetName": [ "__AllParameterSets" ],
        "User-Agent": [ "AzurePowershell/v12.3.0", "PSVersion/v7.4.5", "Az.Policy/0.1.1" ],
        "Authorization": [ "[Filtered]" ]
      },
      "ContentHeaders": {
      }
    },
    "Response": {
      "StatusCode": 204,
      "Headers": {
        "Cache-Control": [ "no-cache" ],
        "Pragma": [ "no-cache" ],
        "Strict-Transport-Security": [ "max-age=31536000; includeSubDomains" ],
        "x-ms-ratelimit-remaining-subscription-deletes": [ "14998" ],
        "x-ms-request-id": [ "6617f67f-0c7e-4d12-b58e-89e10d8630cd" ],
        "x-ms-correlation-request-id": [ "6617f67f-0c7e-4d12-b58e-89e10d8630cd" ],
        "x-ms-routing-request-id": [ "WESTUS2:20240905T202618Z:6617f67f-0c7e-4d12-b58e-89e10d8630cd" ],
        "X-Content-Type-Options": [ "nosniff" ],
        "X-Cache": [ "CONFIG_NOCACHE" ],
        "X-MSEdge-Ref": [ "Ref A: 7115FC8D029644758A896F0828A1DCB9 Ref B: CO6AA3150220047 Ref C: 2024-09-05T20:26:17Z" ],
        "Date": [ "Thu, 05 Sep 2024 20:26:17 GMT" ]
      },
      "ContentHeaders": {
        "Expires": [ "-1" ]
      },
      "Content": null,
      "isContentBase64": false
    }
  },
  "RemovePolicyExemption+[NoContext]+Remove-AzPolicyExemption -Id -Force -PassThru+$DELETE+https://management.azure.com//subscriptions/edb2c18a-04d6-49e9-bc72-e23852f507ad/providers/Microsoft.Authorization/policyExemptions/someName?api-version=2022-07-01-preview+1": {
    "Request": {
      "Method": "DELETE",
      "RequestUri": "https://management.azure.com//subscriptions/edb2c18a-04d6-49e9-bc72-e23852f507ad/providers/Microsoft.Authorization/policyExemptions/someName?api-version=2022-07-01-preview",
      "Content": null,
      "isContentBase64": false,
      "Headers": {
        "x-ms-unique-id": [ "843" ],
        "x-ms-client-request-id": [ "44bf267e-ec5c-45fc-be1d-077f9c82bda9" ],
        "CommandName": [ "\u0026" ],
        "FullCommandName": [ "Remove-AzPolicyExemption_Delete" ],
        "ParameterSetName": [ "__AllParameterSets" ],
        "User-Agent": [ "AzurePowershell/v12.3.0", "PSVersion/v7.4.5", "Az.Policy/0.1.1" ],
        "Authorization": [ "[Filtered]" ]
      },
      "ContentHeaders": {
      }
    },
    "Response": {
      "StatusCode": 204,
      "Headers": {
        "Cache-Control": [ "no-cache" ],
        "Pragma": [ "no-cache" ],
        "Strict-Transport-Security": [ "max-age=31536000; includeSubDomains" ],
        "x-ms-ratelimit-remaining-subscription-deletes": [ "14999" ],
        "x-ms-request-id": [ "138f4ec5-97b0-4bd7-b2ae-30006d9f5925" ],
        "x-ms-correlation-request-id": [ "138f4ec5-97b0-4bd7-b2ae-30006d9f5925" ],
        "x-ms-routing-request-id": [ "WESTUS2:20240905T202618Z:138f4ec5-97b0-4bd7-b2ae-30006d9f5925" ],
        "X-Content-Type-Options": [ "nosniff" ],
        "X-Cache": [ "CONFIG_NOCACHE" ],
        "X-MSEdge-Ref": [ "Ref A: 7CC0FDE6B00248CD954BB6334F08CFF7 Ref B: CO6AA3150220047 Ref C: 2024-09-05T20:26:18Z" ],
        "Date": [ "Thu, 05 Sep 2024 20:26:17 GMT" ]
      },
      "ContentHeaders": {
        "Expires": [ "-1" ]
      },
      "Content": null,
      "isContentBase64": false
    }
  }
}