{
  "Entries": [
    {
      "RequestUri": "/subscriptions/22e614a1-bbb9-4692-acc9-e5c8e9b22b7e/resources?$filter=resourceType%20eq%20'Microsoft.Batch%2FbatchAccounts'&api-version=2014-04-01-preview",
      "EncodedRequestUri": "L3N1YnNjcmlwdGlvbnMvMjJlNjE0YTEtYmJiOS00NjkyLWFjYzktZTVjOGU5YjIyYjdlL3Jlc291cmNlcz8kZmlsdGVyPXJlc291cmNlVHlwZSUyMGVxJTIwJ01pY3Jvc29mdC5CYXRjaCUyRmJhdGNoQWNjb3VudHMnJmFwaS12ZXJzaW9uPTIwMTQtMDQtMDEtcHJldmlldw==",
      "RequestMethod": "GET",
      "RequestBody": "",
      "RequestHeaders": {
        "User-Agent": [
          "Microsoft.Azure.Management.Resources.ResourceManagementClient/2.0.0.0"
        ]
      },
      "ResponseBody": "{\r\n  \"value\": [\r\n    {\r\n      \"id\": \"/subscriptions/22e614a1-bbb9-4692-acc9-e5c8e9b22b7e/resourceGroups/cmdletexample/providers/Microsoft.Batch/batchAccounts/cmdletexample\",\r\n      \"name\": \"cmdletexample\",\r\n      \"type\": \"Microsoft.Batch/batchAccounts\",\r\n      \"location\": \"westus\",\r\n      \"tags\": {\r\n        \"tag1\": \"value1\",\r\n        \"tag2\": \"value2\"\r\n      }\r\n    },\r\n    {\r\n      \"id\": \"/subscriptions/22e614a1-bbb9-4692-acc9-e5c8e9b22b7e/resourceGroups/tests/providers/Microsoft.Batch/batchAccounts/filetests\",\r\n      \"name\": \"filetests\",\r\n      \"type\": \"Microsoft.Batch/batchAccounts\",\r\n      \"location\": \"westus\"\r\n    },\r\n    {\r\n      \"id\": \"/subscriptions/22e614a1-bbb9-4692-acc9-e5c8e9b22b7e/resourceGroups/tests/providers/Microsoft.Batch/batchAccounts/vmtests\",\r\n      \"name\": \"vmtests\",\r\n      \"type\": \"Microsoft.Batch/batchAccounts\",\r\n      \"location\": \"westus\"\r\n    }\r\n  ]\r\n}",
      "ResponseHeaders": {
        "Content-Length": [
          "694"
        ],
        "Content-Type": [
          "application/json; charset=utf-8"
        ],
        "Expires": [
          "-1"
        ],
        "Pragma": [
          "no-cache"
        ],
        "x-ms-ratelimit-remaining-subscription-reads": [
          "31984"
        ],
        "x-ms-request-id": [
          "2f52dc1d-87bd-4092-8814-8e74bafd6660"
        ],
        "x-ms-correlation-request-id": [
          "2f52dc1d-87bd-4092-8814-8e74bafd6660"
        ],
        "x-ms-routing-request-id": [
          "CENTRALUS:20150331T212835Z:2f52dc1d-87bd-4092-8814-8e74bafd6660"
        ],
        "Strict-Transport-Security": [
          "max-age=31536000; includeSubDomains"
        ],
        "Cache-Control": [
          "no-cache"
        ],
        "Date": [
          "Tue, 31 Mar 2015 21:28:35 GMT"
        ]
      },
      "StatusCode": 200
    },
    {
      "RequestUri": "/subscriptions/22e614a1-bbb9-4692-acc9-e5c8e9b22b7e/resourceGroups/tests/providers/Microsoft.Batch/batchAccounts/filetests?api-version=2014-05-01-privatepreview",
      "EncodedRequestUri": "L3N1YnNjcmlwdGlvbnMvMjJlNjE0YTEtYmJiOS00NjkyLWFjYzktZTVjOGU5YjIyYjdlL3Jlc291cmNlR3JvdXBzL3Rlc3RzL3Byb3ZpZGVycy9NaWNyb3NvZnQuQmF0Y2gvYmF0Y2hBY2NvdW50cy9maWxldGVzdHM/YXBpLXZlcnNpb249MjAxNC0wNS0wMS1wcml2YXRlcHJldmlldw==",
      "RequestMethod": "GET",
      "RequestBody": "",
      "RequestHeaders": {
        "x-ms-version": [
          "2014-05-01-privatepreview"
        ],
        "User-Agent": [
          "Microsoft.Azure.Management.Batch.BatchManagementClient/1.0.0.0"
        ]
      },
      "ResponseBody": "{\r\n  \"name\": \"filetests\",\r\n  \"location\": \"westus\",\r\n  \"properties\": {\r\n    \"accountEndpoint\": \"filetests.batch-test.windows-int.net\",\r\n    \"provisioningState\": \"Succeeded\"\r\n  },\r\n  \"id\": \"/subscriptions/22e614a1-bbb9-4692-acc9-e5c8e9b22b7e/resourceGroups/tests/providers/Microsoft.Batch/batchAccounts/filetests\",\r\n  \"type\": \"Microsoft.Batch/batchAccounts\"\r\n}",
      "ResponseHeaders": {
        "Content-Length": [
          "313"
        ],
        "Content-Type": [
          "application/json; charset=utf-8"
        ],
        "Expires": [
          "-1"
        ],
        "Last-Modified": [
          "Tue, 31 Mar 2015 21:28:36 GMT"
        ],
        "Pragma": [
          "no-cache"
        ],
        "request-id": [
          "d075dcc1-b2b8-4130-9876-3b9b57e2d5ce"
        ],
        "Strict-Transport-Security": [
          "max-age=31536000; includeSubDomains"
        ],
        "x-ms-ratelimit-remaining-subscription-reads": [
          "31984"
        ],
        "x-ms-request-id": [
          "2aeb4796-1d74-45fb-a614-cfa85eed2a9a"
        ],
        "x-ms-correlation-request-id": [
          "2aeb4796-1d74-45fb-a614-cfa85eed2a9a"
        ],
        "x-ms-routing-request-id": [
          "CENTRALUS:20150331T212836Z:2aeb4796-1d74-45fb-a614-cfa85eed2a9a"
        ],
        "Cache-Control": [
          "no-cache"
        ],
        "Date": [
          "Tue, 31 Mar 2015 21:28:35 GMT"
        ],
        "ETag": [
          "0x8D23A10C816B715"
        ],
        "Server": [
          "Microsoft-HTTPAPI/2.0"
        ]
      },
      "StatusCode": 200
    },
    {
      "RequestUri": "/subscriptions/22e614a1-bbb9-4692-acc9-e5c8e9b22b7e/resourceGroups/tests/providers/Microsoft.Batch/batchAccounts/filetests/listKeys?api-version=2014-05-01-privatepreview",
      "EncodedRequestUri": "L3N1YnNjcmlwdGlvbnMvMjJlNjE0YTEtYmJiOS00NjkyLWFjYzktZTVjOGU5YjIyYjdlL3Jlc291cmNlR3JvdXBzL3Rlc3RzL3Byb3ZpZGVycy9NaWNyb3NvZnQuQmF0Y2gvYmF0Y2hBY2NvdW50cy9maWxldGVzdHMvbGlzdEtleXM/YXBpLXZlcnNpb249MjAxNC0wNS0wMS1wcml2YXRlcHJldmlldw==",
      "RequestMethod": "POST",
      "RequestBody": "",
      "RequestHeaders": {
        "x-ms-version": [
          "2014-05-01-privatepreview"
        ],
        "User-Agent": [
          "Microsoft.Azure.Management.Batch.BatchManagementClient/1.0.0.0"
        ]
      },
      "ResponseBody": "{\r\n  \"accountName\": \"filetests\",\r\n  \"primary\": \"Gw2XrSTG+Z3A2G6CZkDy61gKKhkeV5hWXXsshX/0Esh+DZFysFAE3mUY7sYC4v3HXZ8vi/HHDWpluMiWyyxB0Q==\",\r\n  \"secondary\": \"wXBCVweqkm13+Nb/xq4QXqBaEMem6ZRfJNrSm44s1yY3sfNZFhz0fHmSjqEDpvgHq7ab9knTh4M3Ay6wQh0bAQ==\"\r\n}",
      "ResponseHeaders": {
        "Content-Length": [
          "231"
        ],
        "Content-Type": [
          "application/json; charset=utf-8"
        ],
        "Expires": [
          "-1"
        ],
        "Pragma": [
          "no-cache"
        ],
        "request-id": [
          "833e984f-d99e-4f26-ac1f-193db5573157"
        ],
        "Strict-Transport-Security": [
          "max-age=31536000; includeSubDomains"
        ],
        "x-ms-ratelimit-remaining-subscription-writes": [
          "1191"
        ],
        "x-ms-request-id": [
          "5c128f89-38e2-4f0a-bc2c-24d2915eb14b"
        ],
        "x-ms-correlation-request-id": [
          "5c128f89-38e2-4f0a-bc2c-24d2915eb14b"
        ],
        "x-ms-routing-request-id": [
          "CENTRALUS:20150331T212836Z:5c128f89-38e2-4f0a-bc2c-24d2915eb14b"
        ],
        "Cache-Control": [
          "no-cache"
        ],
        "Date": [
          "Tue, 31 Mar 2015 21:28:36 GMT"
        ],
        "Server": [
          "Microsoft-HTTPAPI/2.0"
        ]
      },
      "StatusCode": 200
    },
    {
      "RequestUri": "/pools/testPool/tvms/tvm-1900272697_1-20150331t200107z/files?api-version=2014-10-01.1.0&recursive=False&$filter=startswith(name%2C'startup')",
      "EncodedRequestUri": "L3Bvb2xzL3Rlc3RQb29sL3R2bXMvdHZtLTE5MDAyNzI2OTdfMS0yMDE1MDMzMXQyMDAxMDd6L2ZpbGVzP2FwaS12ZXJzaW9uPTIwMTQtMTAtMDEuMS4wJnJlY3Vyc2l2ZT1GYWxzZSYkZmlsdGVyPXN0YXJ0c3dpdGglMjhuYW1lJTJDJTI3c3RhcnR1cCUyNyUyOQ==",
      "RequestMethod": "GET",
      "RequestBody": "",
      "RequestHeaders": {
        "User-Agent": [
          "WA-Batch/1.0"
        ],
        "client-request-id": [
          "7e37b813-4da5-4444-ada1-a52c789a4071"
        ],
        "return-client-request-id": [
          "False"
        ],
        "ocp-date": [
          "Tue, 31 Mar 2015 21:28:36 GMT"
        ]
      },
      "ResponseBody": "{\r\n  \"odata.metadata\": \"https://filetests.batch-test.windows-int.net/$metadata#files\",\r\n  \"value\": [\r\n    {\r\n      \"name\": \"startup\",\r\n      \"url\": \"https://filetests.batch-test.windows-int.net/pools/testPool/tvms/tvm-1900272697_1-20150331t200107z/files/startup\",\r\n      \"isDirectory\": true\r\n    }\r\n  ]\r\n}",
      "ResponseHeaders": {
        "Content-Type": [
          "application/json; odata=minimalmetadata"
        ],
        "Transfer-Encoding": [
          "chunked"
        ],
        "request-id": [
          "e83a1446-7569-4704-bf9a-eafb21e73fdc"
        ],
        "Strict-Transport-Security": [
          "max-age=31536000; includeSubDomains"
        ],
        "DataServiceVersion": [
          "3.0"
        ],
        "Date": [
          "Tue, 31 Mar 2015 21:28:40 GMT"
        ],
        "Server": [
          "Microsoft-HTTPAPI/2.0"
        ]
      },
      "StatusCode": 200
    },
    {
      "RequestUri": "/pools/testPool/tvms/tvm-1900272697_1-20150331t200107z/files?api-version=2014-10-01.1.0&recursive=True&$filter=startswith(name%2C'startup')",
      "EncodedRequestUri": "L3Bvb2xzL3Rlc3RQb29sL3R2bXMvdHZtLTE5MDAyNzI2OTdfMS0yMDE1MDMzMXQyMDAxMDd6L2ZpbGVzP2FwaS12ZXJzaW9uPTIwMTQtMTAtMDEuMS4wJnJlY3Vyc2l2ZT1UcnVlJiRmaWx0ZXI9c3RhcnRzd2l0aCUyOG5hbWUlMkMlMjdzdGFydHVwJTI3JTI5",
      "RequestMethod": "GET",
      "RequestBody": "",
      "RequestHeaders": {
        "User-Agent": [
          "WA-Batch/1.0"
        ],
        "client-request-id": [
          "2fcd23da-804a-4b10-bdad-d9d058caf01d"
        ],
        "return-client-request-id": [
          "False"
        ],
        "ocp-date": [
          "Tue, 31 Mar 2015 21:28:37 GMT"
        ]
      },
      "ResponseBody": "{\r\n  \"odata.metadata\": \"https://filetests.batch-test.windows-int.net/$metadata#files\",\r\n  \"value\": [\r\n    {\r\n      \"name\": \"startup\",\r\n      \"url\": \"https://filetests.batch-test.windows-int.net/pools/testPool/tvms/tvm-1900272697_1-20150331t200107z/files/startup\",\r\n      \"isDirectory\": true\r\n    },\r\n    {\r\n      \"name\": \"startup\\\\ProcessEnv.cmd\",\r\n      \"url\": \"https://filetests.batch-test.windows-int.net/pools/testPool/tvms/tvm-1900272697_1-20150331t200107z/files/startup\\\\ProcessEnv.cmd\",\r\n      \"isDirectory\": false,\r\n      \"properties\": {\r\n        \"creationTime\": \"2015-03-31T20:05:51.5577376Z\",\r\n        \"lastModified\": \"2015-03-31T20:05:51.5587377Z\",\r\n        \"contentLength\": \"1751\",\r\n        \"contentType\": \"application/octet-stream\"\r\n      }\r\n    },\r\n    {\r\n      \"name\": \"startup\\\\stderr.txt\",\r\n      \"url\": \"https://filetests.batch-test.windows-int.net/pools/testPool/tvms/tvm-1900272697_1-20150331t200107z/files/startup\\\\stderr.txt\",\r\n      \"isDirectory\": false,\r\n      \"properties\": {\r\n        \"creationTime\": \"2015-03-31T20:05:51.3017377Z\",\r\n        \"lastModified\": \"2015-03-31T20:05:51.3017377Z\",\r\n        \"contentLength\": \"0\",\r\n        \"contentType\": \"application/octet-stream\"\r\n      }\r\n    },\r\n    {\r\n      \"name\": \"startup\\\\stdout.txt\",\r\n      \"url\": \"https://filetests.batch-test.windows-int.net/pools/testPool/tvms/tvm-1900272697_1-20150331t200107z/files/startup\\\\stdout.txt\",\r\n      \"isDirectory\": false,\r\n      \"properties\": {\r\n        \"creationTime\": \"2015-03-31T20:05:51.3017377Z\",\r\n        \"lastModified\": \"2015-03-31T20:05:51.5687359Z\",\r\n        \"contentLength\": \"7\",\r\n        \"contentType\": \"application/octet-stream\"\r\n      }\r\n    },\r\n    {\r\n      \"name\": \"startup\\\\wd\",\r\n      \"url\": \"https://filetests.batch-test.windows-int.net/pools/testPool/tvms/tvm-1900272697_1-20150331t200107z/files/startup\\\\wd\",\r\n      \"isDirectory\": true\r\n    }\r\n  ]\r\n}",
      "ResponseHeaders": {
        "Content-Type": [
          "application/json; odata=minimalmetadata"
        ],
        "Transfer-Encoding": [
          "chunked"
        ],
        "request-id": [
          "44cb2a3a-fb02-472d-8322-80318a0d8a3c"
        ],
        "Strict-Transport-Security": [
          "max-age=31536000; includeSubDomains"
        ],
        "DataServiceVersion": [
          "3.0"
        ],
        "Date": [
          "Tue, 31 Mar 2015 21:28:38 GMT"
        ],
        "Server": [
          "Microsoft-HTTPAPI/2.0"
        ]
      },
      "StatusCode": 200
    }
  ],
  "Names": {},
  "Variables": {
    "SubscriptionId": "22e614a1-bbb9-4692-acc9-e5c8e9b22b7e"
  }
}