{
  "Entries": [
    {
      "RequestUri": "/subscriptions/6368ed38-3570-481f-b4fa-1d0a6e8d3f3b/resources?$filter=resourceType%20eq%20'Microsoft.Batch%2FbatchAccounts'&api-version=2014-04-01-preview",
      "EncodedRequestUri": "L3N1YnNjcmlwdGlvbnMvNjM2OGVkMzgtMzU3MC00ODFmLWI0ZmEtMWQwYTZlOGQzZjNiL3Jlc291cmNlcz8kZmlsdGVyPXJlc291cmNlVHlwZSUyMGVxJTIwJ01pY3Jvc29mdC5CYXRjaCUyRmJhdGNoQWNjb3VudHMnJmFwaS12ZXJzaW9uPTIwMTQtMDQtMDEtcHJldmlldw==",
      "RequestMethod": "GET",
      "RequestBody": "",
      "RequestHeaders": {
        "User-Agent": [
          "Microsoft.Azure.Management.Resources.ResourceManagementClient/2.0.0.0"
        ]
      },
      "ResponseBody": "{\r\n  \"value\": [\r\n    {\r\n      \"id\": \"/subscriptions/6368ed38-3570-481f-b4fa-1d0a6e8d3f3b/resourceGroups/default-azurebatch-centralus/providers/Microsoft.Batch/batchAccounts/jaschneibatch2\",\r\n      \"name\": \"jaschneibatch2\",\r\n      \"type\": \"Microsoft.Batch/batchAccounts\",\r\n      \"location\": \"centralus\",\r\n      \"tags\": {\r\n        \"tagname\": \"tagvalue\"\r\n      }\r\n    },\r\n    {\r\n      \"id\": \"/subscriptions/6368ed38-3570-481f-b4fa-1d0a6e8d3f3b/resourceGroups/Default-AzureBatch-WestUS/providers/Microsoft.Batch/batchAccounts/jaschneibatch\",\r\n      \"name\": \"jaschneibatch\",\r\n      \"type\": \"Microsoft.Batch/batchAccounts\",\r\n      \"location\": \"westus\"\r\n    },\r\n    {\r\n      \"id\": \"/subscriptions/6368ed38-3570-481f-b4fa-1d0a6e8d3f3b/resourceGroups/file-tests/providers/Microsoft.Batch/batchAccounts/filetests\",\r\n      \"name\": \"filetests\",\r\n      \"type\": \"Microsoft.Batch/batchAccounts\",\r\n      \"location\": \"eastus\"\r\n    }\r\n  ]\r\n}",
      "ResponseHeaders": {
        "Content-Length": [
          "740"
        ],
        "Content-Type": [
          "application/json; charset=utf-8"
        ],
        "Expires": [
          "-1"
        ],
        "Pragma": [
          "no-cache"
        ],
        "x-ms-ratelimit-remaining-subscription-reads": [
          "31993"
        ],
        "x-ms-request-id": [
          "af5e7a87-0ffd-43d7-91a0-2bdb6c028277"
        ],
        "x-ms-correlation-request-id": [
          "af5e7a87-0ffd-43d7-91a0-2bdb6c028277"
        ],
        "x-ms-routing-request-id": [
          "WESTUS:20150316T181855Z:af5e7a87-0ffd-43d7-91a0-2bdb6c028277"
        ],
        "Strict-Transport-Security": [
          "max-age=31536000; includeSubDomains"
        ],
        "Cache-Control": [
          "no-cache"
        ],
        "Date": [
          "Mon, 16 Mar 2015 18:18:55 GMT"
        ]
      },
      "StatusCode": 200
    },
    {
      "RequestUri": "/subscriptions/6368ed38-3570-481f-b4fa-1d0a6e8d3f3b/resources?$filter=resourceType%20eq%20'Microsoft.Batch%2FbatchAccounts'&api-version=2014-04-01-preview",
      "EncodedRequestUri": "L3N1YnNjcmlwdGlvbnMvNjM2OGVkMzgtMzU3MC00ODFmLWI0ZmEtMWQwYTZlOGQzZjNiL3Jlc291cmNlcz8kZmlsdGVyPXJlc291cmNlVHlwZSUyMGVxJTIwJ01pY3Jvc29mdC5CYXRjaCUyRmJhdGNoQWNjb3VudHMnJmFwaS12ZXJzaW9uPTIwMTQtMDQtMDEtcHJldmlldw==",
      "RequestMethod": "GET",
      "RequestBody": "",
      "RequestHeaders": {
        "User-Agent": [
          "Microsoft.Azure.Management.Resources.ResourceManagementClient/2.0.0.0"
        ]
      },
      "ResponseBody": "{\r\n  \"value\": [\r\n    {\r\n      \"id\": \"/subscriptions/6368ed38-3570-481f-b4fa-1d0a6e8d3f3b/resourceGroups/default-azurebatch-centralus/providers/Microsoft.Batch/batchAccounts/jaschneibatch2\",\r\n      \"name\": \"jaschneibatch2\",\r\n      \"type\": \"Microsoft.Batch/batchAccounts\",\r\n      \"location\": \"centralus\",\r\n      \"tags\": {\r\n        \"tagname\": \"tagvalue\"\r\n      }\r\n    },\r\n    {\r\n      \"id\": \"/subscriptions/6368ed38-3570-481f-b4fa-1d0a6e8d3f3b/resourceGroups/Default-AzureBatch-WestUS/providers/Microsoft.Batch/batchAccounts/jaschneibatch\",\r\n      \"name\": \"jaschneibatch\",\r\n      \"type\": \"Microsoft.Batch/batchAccounts\",\r\n      \"location\": \"westus\"\r\n    },\r\n    {\r\n      \"id\": \"/subscriptions/6368ed38-3570-481f-b4fa-1d0a6e8d3f3b/resourceGroups/file-tests/providers/Microsoft.Batch/batchAccounts/filetests\",\r\n      \"name\": \"filetests\",\r\n      \"type\": \"Microsoft.Batch/batchAccounts\",\r\n      \"location\": \"eastus\"\r\n    }\r\n  ]\r\n}",
      "ResponseHeaders": {
        "Content-Length": [
          "740"
        ],
        "Content-Type": [
          "application/json; charset=utf-8"
        ],
        "Expires": [
          "-1"
        ],
        "Pragma": [
          "no-cache"
        ],
        "x-ms-ratelimit-remaining-subscription-reads": [
          "31992"
        ],
        "x-ms-request-id": [
          "a07fbfc6-4be5-4a97-9206-64639adf4ef2"
        ],
        "x-ms-correlation-request-id": [
          "a07fbfc6-4be5-4a97-9206-64639adf4ef2"
        ],
        "x-ms-routing-request-id": [
          "WESTUS:20150316T181904Z:a07fbfc6-4be5-4a97-9206-64639adf4ef2"
        ],
        "Strict-Transport-Security": [
          "max-age=31536000; includeSubDomains"
        ],
        "Cache-Control": [
          "no-cache"
        ],
        "Date": [
          "Mon, 16 Mar 2015 18:19:04 GMT"
        ]
      },
      "StatusCode": 200
    },
    {
      "RequestUri": "/subscriptions/6368ed38-3570-481f-b4fa-1d0a6e8d3f3b/resourceGroups/file-tests/providers/Microsoft.Batch/batchAccounts/filetests?api-version=2014-05-01-privatepreview",
      "EncodedRequestUri": "L3N1YnNjcmlwdGlvbnMvNjM2OGVkMzgtMzU3MC00ODFmLWI0ZmEtMWQwYTZlOGQzZjNiL3Jlc291cmNlR3JvdXBzL2ZpbGUtdGVzdHMvcHJvdmlkZXJzL01pY3Jvc29mdC5CYXRjaC9iYXRjaEFjY291bnRzL2ZpbGV0ZXN0cz9hcGktdmVyc2lvbj0yMDE0LTA1LTAxLXByaXZhdGVwcmV2aWV3",
      "RequestMethod": "GET",
      "RequestBody": "",
      "RequestHeaders": {
        "x-ms-version": [
          "2014-05-01-privatepreview"
        ],
        "User-Agent": [
          "Microsoft.Azure.Management.Batch.BatchManagementClient/1.0.0.0"
        ]
      },
      "ResponseBody": "{\r\n  \"name\": \"filetests\",\r\n  \"location\": \"eastus\",\r\n  \"properties\": {\r\n    \"accountEndpoint\": \"filetests.batch.core.windows.net\",\r\n    \"provisioningState\": \"Succeeded\"\r\n  },\r\n  \"id\": \"/subscriptions/6368ed38-3570-481f-b4fa-1d0a6e8d3f3b/resourceGroups/file-tests/providers/Microsoft.Batch/batchAccounts/filetests\",\r\n  \"type\": \"Microsoft.Batch/batchAccounts\"\r\n}",
      "ResponseHeaders": {
        "Content-Length": [
          "314"
        ],
        "Content-Type": [
          "application/json; charset=utf-8"
        ],
        "Expires": [
          "-1"
        ],
        "Last-Modified": [
          "Mon, 16 Mar 2015 18:18:54 GMT"
        ],
        "Pragma": [
          "no-cache"
        ],
        "request-id": [
          "59905e73-c58c-43a4-9c79-607c5e93677f"
        ],
        "Strict-Transport-Security": [
          "max-age=31536000; includeSubDomains"
        ],
        "x-ms-ratelimit-remaining-subscription-reads": [
          "31995"
        ],
        "x-ms-request-id": [
          "2ebb0573-74bc-4afb-bee8-398bef7a8d8b"
        ],
        "x-ms-correlation-request-id": [
          "2ebb0573-74bc-4afb-bee8-398bef7a8d8b"
        ],
        "x-ms-routing-request-id": [
          "WESTUS:20150316T181857Z:2ebb0573-74bc-4afb-bee8-398bef7a8d8b"
        ],
        "Cache-Control": [
          "no-cache"
        ],
        "Date": [
          "Mon, 16 Mar 2015 18:18:56 GMT"
        ],
        "ETag": [
          "0x8D22E2CCB9B224B"
        ],
        "Server": [
          "Microsoft-HTTPAPI/2.0"
        ]
      },
      "StatusCode": 200
    },
    {
      "RequestUri": "/subscriptions/6368ed38-3570-481f-b4fa-1d0a6e8d3f3b/resourceGroups/file-tests/providers/Microsoft.Batch/batchAccounts/filetests?api-version=2014-05-01-privatepreview",
      "EncodedRequestUri": "L3N1YnNjcmlwdGlvbnMvNjM2OGVkMzgtMzU3MC00ODFmLWI0ZmEtMWQwYTZlOGQzZjNiL3Jlc291cmNlR3JvdXBzL2ZpbGUtdGVzdHMvcHJvdmlkZXJzL01pY3Jvc29mdC5CYXRjaC9iYXRjaEFjY291bnRzL2ZpbGV0ZXN0cz9hcGktdmVyc2lvbj0yMDE0LTA1LTAxLXByaXZhdGVwcmV2aWV3",
      "RequestMethod": "GET",
      "RequestBody": "",
      "RequestHeaders": {
        "x-ms-version": [
          "2014-05-01-privatepreview"
        ],
        "User-Agent": [
          "Microsoft.Azure.Management.Batch.BatchManagementClient/1.0.0.0"
        ]
      },
      "ResponseBody": "{\r\n  \"name\": \"filetests\",\r\n  \"location\": \"eastus\",\r\n  \"properties\": {\r\n    \"accountEndpoint\": \"filetests.batch.core.windows.net\",\r\n    \"provisioningState\": \"Succeeded\"\r\n  },\r\n  \"id\": \"/subscriptions/6368ed38-3570-481f-b4fa-1d0a6e8d3f3b/resourceGroups/file-tests/providers/Microsoft.Batch/batchAccounts/filetests\",\r\n  \"type\": \"Microsoft.Batch/batchAccounts\"\r\n}",
      "ResponseHeaders": {
        "Content-Length": [
          "314"
        ],
        "Content-Type": [
          "application/json; charset=utf-8"
        ],
        "Expires": [
          "-1"
        ],
        "Last-Modified": [
          "Mon, 16 Mar 2015 18:19:01 GMT"
        ],
        "Pragma": [
          "no-cache"
        ],
        "request-id": [
          "3e74be26-a931-4c1e-8d37-b8ea01d95c76"
        ],
        "Strict-Transport-Security": [
          "max-age=31536000; includeSubDomains"
        ],
        "x-ms-ratelimit-remaining-subscription-reads": [
          "31994"
        ],
        "x-ms-request-id": [
          "4b2bf7eb-0c29-4964-9508-cfe042bd7241"
        ],
        "x-ms-correlation-request-id": [
          "4b2bf7eb-0c29-4964-9508-cfe042bd7241"
        ],
        "x-ms-routing-request-id": [
          "WESTUS:20150316T181904Z:4b2bf7eb-0c29-4964-9508-cfe042bd7241"
        ],
        "Cache-Control": [
          "no-cache"
        ],
        "Date": [
          "Mon, 16 Mar 2015 18:19:04 GMT"
        ],
        "ETag": [
          "0x8D22E2CD01A6F98"
        ],
        "Server": [
          "Microsoft-HTTPAPI/2.0"
        ]
      },
      "StatusCode": 200
    },
    {
      "RequestUri": "/subscriptions/6368ed38-3570-481f-b4fa-1d0a6e8d3f3b/resourceGroups/file-tests/providers/Microsoft.Batch/batchAccounts/filetests/listKeys?api-version=2014-05-01-privatepreview",
      "EncodedRequestUri": "L3N1YnNjcmlwdGlvbnMvNjM2OGVkMzgtMzU3MC00ODFmLWI0ZmEtMWQwYTZlOGQzZjNiL3Jlc291cmNlR3JvdXBzL2ZpbGUtdGVzdHMvcHJvdmlkZXJzL01pY3Jvc29mdC5CYXRjaC9iYXRjaEFjY291bnRzL2ZpbGV0ZXN0cy9saXN0S2V5cz9hcGktdmVyc2lvbj0yMDE0LTA1LTAxLXByaXZhdGVwcmV2aWV3",
      "RequestMethod": "POST",
      "RequestBody": "",
      "RequestHeaders": {
        "x-ms-version": [
          "2014-05-01-privatepreview"
        ],
        "User-Agent": [
          "Microsoft.Azure.Management.Batch.BatchManagementClient/1.0.0.0"
        ]
      },
      "ResponseBody": "{\r\n  \"accountName\": \"filetests\",\r\n  \"primary\": \"gs6pQ+s1o6fhgUkmhoPWOR2ulrziKOTOCAsNEPaS3YudZqQdsz5srX2xMr3BVAMyeznOFeHEfWn6j03Rsf9dzw==\",\r\n  \"secondary\": \"25FU/EyZDPgajbyq5nSjTwY29dIMn+ilBl/v9lxnObv4r8cxFto4iiTxNSCjyJEeeoWzvTxL9VXQpNc0Z+ce8A==\"\r\n}",
      "ResponseHeaders": {
        "Content-Length": [
          "231"
        ],
        "Content-Type": [
          "application/json; charset=utf-8"
        ],
        "Expires": [
          "-1"
        ],
        "Pragma": [
          "no-cache"
        ],
        "request-id": [
          "0c4e3c6e-2396-4def-9aab-b36bcaaf4453"
        ],
        "Strict-Transport-Security": [
          "max-age=31536000; includeSubDomains"
        ],
        "x-ms-ratelimit-remaining-subscription-writes": [
          "1196"
        ],
        "x-ms-request-id": [
          "2c52299a-c808-4a63-8299-3679d4263b2a"
        ],
        "x-ms-correlation-request-id": [
          "2c52299a-c808-4a63-8299-3679d4263b2a"
        ],
        "x-ms-routing-request-id": [
          "WESTUS:20150316T181857Z:2c52299a-c808-4a63-8299-3679d4263b2a"
        ],
        "Cache-Control": [
          "no-cache"
        ],
        "Date": [
          "Mon, 16 Mar 2015 18:18:56 GMT"
        ],
        "Server": [
          "Microsoft-HTTPAPI/2.0"
        ]
      },
      "StatusCode": 200
    },
    {
      "RequestUri": "/subscriptions/6368ed38-3570-481f-b4fa-1d0a6e8d3f3b/resourceGroups/file-tests/providers/Microsoft.Batch/batchAccounts/filetests/listKeys?api-version=2014-05-01-privatepreview",
      "EncodedRequestUri": "L3N1YnNjcmlwdGlvbnMvNjM2OGVkMzgtMzU3MC00ODFmLWI0ZmEtMWQwYTZlOGQzZjNiL3Jlc291cmNlR3JvdXBzL2ZpbGUtdGVzdHMvcHJvdmlkZXJzL01pY3Jvc29mdC5CYXRjaC9iYXRjaEFjY291bnRzL2ZpbGV0ZXN0cy9saXN0S2V5cz9hcGktdmVyc2lvbj0yMDE0LTA1LTAxLXByaXZhdGVwcmV2aWV3",
      "RequestMethod": "POST",
      "RequestBody": "",
      "RequestHeaders": {
        "x-ms-version": [
          "2014-05-01-privatepreview"
        ],
        "User-Agent": [
          "Microsoft.Azure.Management.Batch.BatchManagementClient/1.0.0.0"
        ]
      },
      "ResponseBody": "{\r\n  \"accountName\": \"filetests\",\r\n  \"primary\": \"gs6pQ+s1o6fhgUkmhoPWOR2ulrziKOTOCAsNEPaS3YudZqQdsz5srX2xMr3BVAMyeznOFeHEfWn6j03Rsf9dzw==\",\r\n  \"secondary\": \"25FU/EyZDPgajbyq5nSjTwY29dIMn+ilBl/v9lxnObv4r8cxFto4iiTxNSCjyJEeeoWzvTxL9VXQpNc0Z+ce8A==\"\r\n}",
      "ResponseHeaders": {
        "Content-Length": [
          "231"
        ],
        "Content-Type": [
          "application/json; charset=utf-8"
        ],
        "Expires": [
          "-1"
        ],
        "Pragma": [
          "no-cache"
        ],
        "request-id": [
          "394a4b74-1412-4d48-bacb-47e5159ff4f8"
        ],
        "Strict-Transport-Security": [
          "max-age=31536000; includeSubDomains"
        ],
        "x-ms-ratelimit-remaining-subscription-writes": [
          "1195"
        ],
        "x-ms-request-id": [
          "9e9acb76-9f57-4ef6-9fdf-7b0b7dd40702"
        ],
        "x-ms-correlation-request-id": [
          "9e9acb76-9f57-4ef6-9fdf-7b0b7dd40702"
        ],
        "x-ms-routing-request-id": [
          "WESTUS:20150316T181904Z:9e9acb76-9f57-4ef6-9fdf-7b0b7dd40702"
        ],
        "Cache-Control": [
          "no-cache"
        ],
        "Date": [
          "Mon, 16 Mar 2015 18:19:04 GMT"
        ],
        "Server": [
          "Microsoft-HTTPAPI/2.0"
        ]
      },
      "StatusCode": 200
    },
    {
      "RequestUri": "/workitems?api-version=2014-10-01.1.0",
      "EncodedRequestUri": "L3dvcmtpdGVtcz9hcGktdmVyc2lvbj0yMDE0LTEwLTAxLjEuMA==",
      "RequestMethod": "POST",
      "RequestBody": "{\r\n  \"odata.metadata\": \"https://batch.core.windows.net/$metadata#workitems/@Element\",\r\n  \"name\": \"testTaskFileMaxWI\",\r\n  \"jobExecutionEnvironment\": {\r\n    \"poolName\": \"testPool\"\r\n  }\r\n}",
      "RequestHeaders": {
        "Content-Type": [
          "application/json;odata=minimalmetadata"
        ],
        "Content-Length": [
          "173"
        ],
        "User-Agent": [
          "WA-Batch/1.0"
        ],
        "client-request-id": [
          "f598c37d-e078-4fdf-a298-4f4dd45549bf"
        ],
        "return-client-request-id": [
          "False"
        ],
        "ocp-date": [
          "Mon, 16 Mar 2015 18:18:57 GMT"
        ]
      },
      "ResponseBody": "",
      "ResponseHeaders": {
        "Last-Modified": [
          "Mon, 16 Mar 2015 18:18:55 GMT"
        ],
        "Transfer-Encoding": [
          "chunked"
        ],
        "request-id": [
          "22c0c444-e417-4375-8cd1-d08f408840bb"
        ],
        "Strict-Transport-Security": [
          "max-age=31536000; includeSubDomains"
        ],
        "DataServiceVersion": [
          "3.0"
        ],
        "DataServiceId": [
          "https://filetests.batch.core.windows.net/workitems/testTaskFileMaxWI"
        ],
        "Date": [
          "Mon, 16 Mar 2015 18:18:58 GMT"
        ],
        "ETag": [
          "0x8D22E2CCC7CDA4C"
        ],
        "Location": [
          "https://filetests.batch.core.windows.net/workitems/testTaskFileMaxWI"
        ],
        "Server": [
          "Microsoft-HTTPAPI/2.0"
        ]
      },
      "StatusCode": 201
    },
    {
      "RequestUri": "/workitems/testTaskFileMaxWI?api-version=2014-10-01.1.0",
      "EncodedRequestUri": "L3dvcmtpdGVtcy90ZXN0VGFza0ZpbGVNYXhXST9hcGktdmVyc2lvbj0yMDE0LTEwLTAxLjEuMA==",
      "RequestMethod": "GET",
      "RequestBody": "",
      "RequestHeaders": {
        "User-Agent": [
          "WA-Batch/1.0"
        ],
        "client-request-id": [
          "6738eaee-5ec4-4749-908f-38314594103d"
        ],
        "return-client-request-id": [
          "False"
        ],
        "ocp-date": [
          "Mon, 16 Mar 2015 18:18:58 GMT"
        ]
      },
      "ResponseBody": "{\r\n  \"odata.metadata\": \"https://filetests.batch.core.windows.net/$metadata#workitems/@Element\",\r\n  \"name\": \"testTaskFileMaxWI\",\r\n  \"url\": \"https://filetests.batch.core.windows.net/workitems/testTaskFileMaxWI\",\r\n  \"eTag\": \"0x8D22E2CCC7CDA4C\",\r\n  \"lastModified\": \"2015-03-16T18:18:55.683438Z\",\r\n  \"creationTime\": \"2015-03-16T18:18:55.683438Z\",\r\n  \"state\": \"active\",\r\n  \"stateTransitionTime\": \"2015-03-16T18:18:55.683438Z\",\r\n  \"jobExecutionEnvironment\": {\r\n    \"poolName\": \"testPool\"\r\n  },\r\n  \"executionInfo\": {\r\n    \"recentJob\": {\r\n      \"url\": \"https://filetests.batch.core.windows.net/workitems/testTaskFileMaxWI/jobs/job-0000000001\",\r\n      \"name\": \"job-0000000001\"\r\n    }\r\n  }\r\n}",
      "ResponseHeaders": {
        "Content-Type": [
          "application/json; odata=minimalmetadata"
        ],
        "Last-Modified": [
          "Mon, 16 Mar 2015 18:18:55 GMT"
        ],
        "Transfer-Encoding": [
          "chunked"
        ],
        "request-id": [
          "33260187-655c-4a77-aa19-2a9d6218ce32"
        ],
        "Strict-Transport-Security": [
          "max-age=31536000; includeSubDomains"
        ],
        "DataServiceVersion": [
          "3.0"
        ],
        "Date": [
          "Mon, 16 Mar 2015 18:18:58 GMT"
        ],
        "ETag": [
          "0x8D22E2CCC7CDA4C"
        ],
        "Server": [
          "Microsoft-HTTPAPI/2.0"
        ]
      },
      "StatusCode": 200
    },
    {
      "RequestUri": "/workitems/testTaskFileMaxWI/jobs/job-0000000001/tasks?api-version=2014-10-01.1.0",
      "EncodedRequestUri": "L3dvcmtpdGVtcy90ZXN0VGFza0ZpbGVNYXhXSS9qb2JzL2pvYi0wMDAwMDAwMDAxL3Rhc2tzP2FwaS12ZXJzaW9uPTIwMTQtMTAtMDEuMS4w",
      "RequestMethod": "POST",
      "RequestBody": "{\r\n  \"odata.metadata\": \"https://batch.core.windows.net/$metadata#tasks/@Element\",\r\n  \"name\": \"testTask\",\r\n  \"commandLine\": \"cmd /c dir /s\",\r\n  \"runElevated\": false\r\n}",
      "RequestHeaders": {
        "Content-Type": [
          "application/json;odata=minimalmetadata"
        ],
        "Content-Length": [
          "150"
        ],
        "User-Agent": [
          "WA-Batch/1.0"
        ],
        "client-request-id": [
          "2f681832-ac61-4487-acf9-faaf9d7566e8"
        ],
        "return-client-request-id": [
          "False"
        ],
        "ocp-date": [
          "Mon, 16 Mar 2015 18:18:58 GMT"
        ]
      },
      "ResponseBody": "",
      "ResponseHeaders": {
        "Last-Modified": [
          "Mon, 16 Mar 2015 18:19:00 GMT"
        ],
        "Transfer-Encoding": [
          "chunked"
        ],
        "request-id": [
          "3a0d4479-0ce2-459d-a3d8-f7068f24f2b7"
        ],
        "Strict-Transport-Security": [
          "max-age=31536000; includeSubDomains"
        ],
        "DataServiceVersion": [
          "3.0"
        ],
        "DataServiceId": [
          "https://filetests.batch.core.windows.net/workitems/testTaskFileMaxWI/jobs/job-0000000001/tasks/testTask"
        ],
        "Date": [
          "Mon, 16 Mar 2015 18:19:00 GMT"
        ],
        "ETag": [
          "0x8D22E2CCF983BF9"
        ],
        "Location": [
          "https://filetests.batch.core.windows.net/workitems/testTaskFileMaxWI/jobs/job-0000000001/tasks/testTask"
        ],
        "Server": [
          "Microsoft-HTTPAPI/2.0"
        ]
      },
      "StatusCode": 201
    },
    {
      "RequestUri": "/workitems/testTaskFileMaxWI/jobs/job-0000000001/tasks/testTask?api-version=2014-10-01.1.0",
      "EncodedRequestUri": "L3dvcmtpdGVtcy90ZXN0VGFza0ZpbGVNYXhXSS9qb2JzL2pvYi0wMDAwMDAwMDAxL3Rhc2tzL3Rlc3RUYXNrP2FwaS12ZXJzaW9uPTIwMTQtMTAtMDEuMS4w",
      "RequestMethod": "GET",
      "RequestBody": "",
      "RequestHeaders": {
        "User-Agent": [
          "WA-Batch/1.0"
        ],
        "client-request-id": [
          "94605271-7e69-4cfe-88d1-06a22ce21bbc"
        ],
        "return-client-request-id": [
          "False"
        ],
        "ocp-date": [
          "Mon, 16 Mar 2015 18:18:59 GMT"
        ]
      },
      "ResponseBody": "{\r\n  \"odata.metadata\": \"https://filetests.batch.core.windows.net/$metadata#tasks/@Element\",\r\n  \"name\": \"testTask\",\r\n  \"url\": \"https://filetests.batch.core.windows.net/workitems/testTaskFileMaxWI/jobs/job-0000000001/tasks/testTask\",\r\n  \"eTag\": \"0x8D22E2CCF983BF9\",\r\n  \"creationTime\": \"2015-03-16T18:19:00.8960505Z\",\r\n  \"lastModified\": \"2015-03-16T18:19:00.8960505Z\",\r\n  \"state\": \"active\",\r\n  \"stateTransitionTime\": \"2015-03-16T18:19:00.8960505Z\",\r\n  \"commandLine\": \"cmd /c dir /s\",\r\n  \"runElevated\": false,\r\n  \"taskConstraints\": {\r\n    \"maxWallClockTime\": \"P10675199DT2H48M5.4775807S\",\r\n    \"retentionTime\": \"P10675199DT2H48M5.4775807S\",\r\n    \"maxTaskRetryCount\": 0\r\n  },\r\n  \"executionInfo\": {\r\n    \"retryCount\": 0,\r\n    \"requeueCount\": 0\r\n  }\r\n}",
      "ResponseHeaders": {
        "Content-Type": [
          "application/json; odata=minimalmetadata"
        ],
        "Last-Modified": [
          "Mon, 16 Mar 2015 18:19:00 GMT"
        ],
        "Transfer-Encoding": [
          "chunked"
        ],
        "request-id": [
          "d7b167b1-1bdf-4913-aa09-aeb651c79b17"
        ],
        "Strict-Transport-Security": [
          "max-age=31536000; includeSubDomains"
        ],
        "DataServiceVersion": [
          "3.0"
        ],
        "Date": [
          "Mon, 16 Mar 2015 18:18:59 GMT"
        ],
        "ETag": [
          "0x8D22E2CCF983BF9"
        ],
        "Server": [
          "Microsoft-HTTPAPI/2.0"
        ]
      },
      "StatusCode": 200
    },
    {
      "RequestUri": "/workitems/testTaskFileMaxWI/jobs/job-0000000001/tasks/testTask?api-version=2014-10-01.1.0",
      "EncodedRequestUri": "L3dvcmtpdGVtcy90ZXN0VGFza0ZpbGVNYXhXSS9qb2JzL2pvYi0wMDAwMDAwMDAxL3Rhc2tzL3Rlc3RUYXNrP2FwaS12ZXJzaW9uPTIwMTQtMTAtMDEuMS4w",
      "RequestMethod": "GET",
      "RequestBody": "",
      "RequestHeaders": {
        "User-Agent": [
          "WA-Batch/1.0"
        ],
        "client-request-id": [
          "0aa13470-1cf2-4358-908f-600d6fe61a40"
        ],
        "return-client-request-id": [
          "False"
        ],
        "ocp-date": [
          "Mon, 16 Mar 2015 18:19:28 GMT"
        ]
      },
      "ResponseBody": "{\r\n  \"odata.metadata\": \"https://filetests.batch.core.windows.net/$metadata#tasks/@Element\",\r\n  \"name\": \"testTask\",\r\n  \"url\": \"https://filetests.batch.core.windows.net/workitems/testTaskFileMaxWI/jobs/job-0000000001/tasks/testTask\",\r\n  \"eTag\": \"0x8D22E2CCF983BF9\",\r\n  \"creationTime\": \"2015-03-16T18:19:00.8960505Z\",\r\n  \"lastModified\": \"2015-03-16T18:19:00.8960505Z\",\r\n  \"state\": \"completed\",\r\n  \"stateTransitionTime\": \"2015-03-16T18:18:59.6896328Z\",\r\n  \"previousState\": \"running\",\r\n  \"previousStateTransitionTime\": \"2015-03-16T18:18:59.6006332Z\",\r\n  \"commandLine\": \"cmd /c dir /s\",\r\n  \"runElevated\": false,\r\n  \"taskConstraints\": {\r\n    \"maxWallClockTime\": \"P10675199DT2H48M5.4775807S\",\r\n    \"retentionTime\": \"P10675199DT2H48M5.4775807S\",\r\n    \"maxTaskRetryCount\": 0\r\n  },\r\n  \"executionInfo\": {\r\n    \"startTime\": \"2015-03-16T18:18:59.6006332Z\",\r\n    \"endTime\": \"2015-03-16T18:18:59.6896328Z\",\r\n    \"exitCode\": 0,\r\n    \"retryCount\": 0,\r\n    \"requeueCount\": 0\r\n  },\r\n  \"tvmInfo\": {\r\n    \"affinityId\": \"TVM:tvm-3657382398_1-20150313t235640z\",\r\n    \"tvmUrl\": \"https://filetests.batch.core.windows.net/pools/testPool/tvms/tvm-3657382398_1-20150313t235640z\",\r\n    \"poolName\": \"testPool\",\r\n    \"tvmName\": \"tvm-3657382398_1-20150313t235640z\"\r\n  }\r\n}",
      "ResponseHeaders": {
        "Content-Type": [
          "application/json; odata=minimalmetadata"
        ],
        "Last-Modified": [
          "Mon, 16 Mar 2015 18:19:00 GMT"
        ],
        "Transfer-Encoding": [
          "chunked"
        ],
        "request-id": [
          "0a9bd169-68ab-4b6c-88ca-7f5ba3a9341e"
        ],
        "Strict-Transport-Security": [
          "max-age=31536000; includeSubDomains"
        ],
        "DataServiceVersion": [
          "3.0"
        ],
        "Date": [
          "Mon, 16 Mar 2015 18:19:27 GMT"
        ],
        "ETag": [
          "0x8D22E2CCF983BF9"
        ],
        "Server": [
          "Microsoft-HTTPAPI/2.0"
        ]
      },
      "StatusCode": 200
    },
    {
      "RequestUri": "/workitems/testTaskFileMaxWI/jobs/job-0000000001/tasks?api-version=2014-10-01.1.0&$select=name%2Cstate&$filter=name%20eq%20'testTask'",
      "EncodedRequestUri": "L3dvcmtpdGVtcy90ZXN0VGFza0ZpbGVNYXhXSS9qb2JzL2pvYi0wMDAwMDAwMDAxL3Rhc2tzP2FwaS12ZXJzaW9uPTIwMTQtMTAtMDEuMS4wJiRzZWxlY3Q9bmFtZSUyQ3N0YXRlJiRmaWx0ZXI9bmFtZSUyMGVxJTIwJTI3dGVzdFRhc2slMjc=",
      "RequestMethod": "GET",
      "RequestBody": "",
      "RequestHeaders": {
        "User-Agent": [
          "WA-Batch/1.0"
        ],
        "client-request-id": [
          "72bac535-fec9-4d06-aac8-0e07d6fa1d87"
        ],
        "return-client-request-id": [
          "False"
        ],
        "ocp-date": [
          "Mon, 16 Mar 2015 18:18:59 GMT"
        ]
      },
      "ResponseBody": "{\r\n  \"odata.metadata\": \"https://filetests.batch.core.windows.net/$metadata#tasks\",\r\n  \"value\": [\r\n    {\r\n      \"name\": \"testTask\",\r\n      \"state\": \"active\"\r\n    }\r\n  ]\r\n}",
      "ResponseHeaders": {
        "Content-Type": [
          "application/json; odata=minimalmetadata"
        ],
        "Transfer-Encoding": [
          "chunked"
        ],
        "request-id": [
          "a8480f10-19b9-4fef-b3fa-499abcffa546"
        ],
        "Strict-Transport-Security": [
          "max-age=31536000; includeSubDomains"
        ],
        "DataServiceVersion": [
          "3.0"
        ],
        "Date": [
          "Mon, 16 Mar 2015 18:19:00 GMT"
        ],
        "Server": [
          "Microsoft-HTTPAPI/2.0"
        ]
      },
      "StatusCode": 200
    },
    {
      "RequestUri": "/workitems/testTaskFileMaxWI/jobs/job-0000000001/tasks?api-version=2014-10-01.1.0&$select=name%2Cstate&$filter=name%20eq%20'testTask'",
      "EncodedRequestUri": "L3dvcmtpdGVtcy90ZXN0VGFza0ZpbGVNYXhXSS9qb2JzL2pvYi0wMDAwMDAwMDAxL3Rhc2tzP2FwaS12ZXJzaW9uPTIwMTQtMTAtMDEuMS4wJiRzZWxlY3Q9bmFtZSUyQ3N0YXRlJiRmaWx0ZXI9bmFtZSUyMGVxJTIwJTI3dGVzdFRhc2slMjc=",
      "RequestMethod": "GET",
      "RequestBody": "",
      "RequestHeaders": {
        "User-Agent": [
          "WA-Batch/1.0"
        ],
        "client-request-id": [
          "0966d75f-3c79-4460-8acf-1ef498fde4f5"
        ],
        "return-client-request-id": [
          "False"
        ],
        "ocp-date": [
          "Mon, 16 Mar 2015 18:19:02 GMT"
        ]
      },
      "ResponseBody": "{\r\n  \"odata.metadata\": \"https://filetests.batch.core.windows.net/$metadata#tasks\",\r\n  \"value\": [\r\n    {\r\n      \"name\": \"testTask\",\r\n      \"state\": \"completed\"\r\n    }\r\n  ]\r\n}",
      "ResponseHeaders": {
        "Content-Type": [
          "application/json; odata=minimalmetadata"
        ],
        "Transfer-Encoding": [
          "chunked"
        ],
        "request-id": [
          "6b0a8979-0b68-449d-90c5-a10828238470"
        ],
        "Strict-Transport-Security": [
          "max-age=31536000; includeSubDomains"
        ],
        "DataServiceVersion": [
          "3.0"
        ],
        "Date": [
          "Mon, 16 Mar 2015 18:19:02 GMT"
        ],
        "Server": [
          "Microsoft-HTTPAPI/2.0"
        ]
      },
      "StatusCode": 200
    },
    {
      "RequestUri": "/workitems/testTaskFileMaxWI/jobs/job-0000000001/tasks/testTask/files?api-version=2014-10-01.1.0&recursive=False",
      "EncodedRequestUri": "L3dvcmtpdGVtcy90ZXN0VGFza0ZpbGVNYXhXSS9qb2JzL2pvYi0wMDAwMDAwMDAxL3Rhc2tzL3Rlc3RUYXNrL2ZpbGVzP2FwaS12ZXJzaW9uPTIwMTQtMTAtMDEuMS4wJnJlY3Vyc2l2ZT1GYWxzZQ==",
      "RequestMethod": "GET",
      "RequestBody": "",
      "RequestHeaders": {
        "User-Agent": [
          "WA-Batch/1.0"
        ],
        "client-request-id": [
          "4573ebaf-9c62-44d7-81cf-4eff5dc05a76"
        ],
        "return-client-request-id": [
          "False"
        ],
        "ocp-date": [
          "Mon, 16 Mar 2015 18:19:04 GMT"
        ]
      },
      "ResponseBody": "{\r\n  \"odata.metadata\": \"https://filetests.batch.core.windows.net/$metadata#files\",\r\n  \"value\": [\r\n    {\r\n      \"name\": \"ProcessEnv.cmd\",\r\n      \"url\": \"https://filetests.batch.core.windows.net/workitems/testTaskFileMaxWI/jobs/job-0000000001/tasks/testTask/files/ProcessEnv.cmd\",\r\n      \"isDirectory\": false,\r\n      \"properties\": {\r\n        \"creationTime\": \"2015-03-16T18:18:59.6656343Z\",\r\n        \"lastModified\": \"2015-03-16T18:18:59.6666337Z\",\r\n        \"contentLength\": \"1931\",\r\n        \"contentType\": \"application/octet-stream\"\r\n      }\r\n    },\r\n    {\r\n      \"name\": \"stderr.txt\",\r\n      \"url\": \"https://filetests.batch.core.windows.net/workitems/testTaskFileMaxWI/jobs/job-0000000001/tasks/testTask/files/stderr.txt\",\r\n      \"isDirectory\": false,\r\n      \"properties\": {\r\n        \"creationTime\": \"2015-03-16T18:18:59.6106559Z\",\r\n        \"lastModified\": \"2015-03-16T18:18:59.6106559Z\",\r\n        \"contentLength\": \"0\",\r\n        \"contentType\": \"application/octet-stream\"\r\n      }\r\n    },\r\n    {\r\n      \"name\": \"stdout.txt\",\r\n      \"url\": \"https://filetests.batch.core.windows.net/workitems/testTaskFileMaxWI/jobs/job-0000000001/tasks/testTask/files/stdout.txt\",\r\n      \"isDirectory\": false,\r\n      \"properties\": {\r\n        \"creationTime\": \"2015-03-16T18:18:59.6106559Z\",\r\n        \"lastModified\": \"2015-03-16T18:18:59.6746341Z\",\r\n        \"contentLength\": \"418\",\r\n        \"contentType\": \"application/octet-stream\"\r\n      }\r\n    },\r\n    {\r\n      \"name\": \"wd\",\r\n      \"url\": \"https://filetests.batch.core.windows.net/workitems/testTaskFileMaxWI/jobs/job-0000000001/tasks/testTask/files/wd\",\r\n      \"isDirectory\": true\r\n    }\r\n  ]\r\n}",
      "ResponseHeaders": {
        "Content-Type": [
          "application/json; odata=minimalmetadata"
        ],
        "Transfer-Encoding": [
          "chunked"
        ],
        "request-id": [
          "321ca16b-7dec-46bf-841a-a92ff7c4a6ce"
        ],
        "Strict-Transport-Security": [
          "max-age=31536000; includeSubDomains"
        ],
        "DataServiceVersion": [
          "3.0"
        ],
        "Date": [
          "Mon, 16 Mar 2015 18:19:25 GMT"
        ],
        "Server": [
          "Microsoft-HTTPAPI/2.0"
        ]
      },
      "StatusCode": 200
    },
    {
      "RequestUri": "/workitems/testTaskFileMaxWI/jobs/job-0000000001/tasks/testTask/files?api-version=2014-10-01.1.0&recursive=False",
      "EncodedRequestUri": "L3dvcmtpdGVtcy90ZXN0VGFza0ZpbGVNYXhXSS9qb2JzL2pvYi0wMDAwMDAwMDAxL3Rhc2tzL3Rlc3RUYXNrL2ZpbGVzP2FwaS12ZXJzaW9uPTIwMTQtMTAtMDEuMS4wJnJlY3Vyc2l2ZT1GYWxzZQ==",
      "RequestMethod": "GET",
      "RequestBody": "",
      "RequestHeaders": {
        "User-Agent": [
          "WA-Batch/1.0"
        ],
        "client-request-id": [
          "b0d47cba-9212-46f2-8c09-30b16c87385b"
        ],
        "return-client-request-id": [
          "False"
        ],
        "ocp-date": [
          "Mon, 16 Mar 2015 18:19:28 GMT"
        ]
      },
      "ResponseBody": "{\r\n  \"odata.metadata\": \"https://filetests.batch.core.windows.net/$metadata#files\",\r\n  \"value\": [\r\n    {\r\n      \"name\": \"ProcessEnv.cmd\",\r\n      \"url\": \"https://filetests.batch.core.windows.net/workitems/testTaskFileMaxWI/jobs/job-0000000001/tasks/testTask/files/ProcessEnv.cmd\",\r\n      \"isDirectory\": false,\r\n      \"properties\": {\r\n        \"creationTime\": \"2015-03-16T18:18:59.6656343Z\",\r\n        \"lastModified\": \"2015-03-16T18:18:59.6666337Z\",\r\n        \"contentLength\": \"1931\",\r\n        \"contentType\": \"application/octet-stream\"\r\n      }\r\n    },\r\n    {\r\n      \"name\": \"stderr.txt\",\r\n      \"url\": \"https://filetests.batch.core.windows.net/workitems/testTaskFileMaxWI/jobs/job-0000000001/tasks/testTask/files/stderr.txt\",\r\n      \"isDirectory\": false,\r\n      \"properties\": {\r\n        \"creationTime\": \"2015-03-16T18:18:59.6106559Z\",\r\n        \"lastModified\": \"2015-03-16T18:18:59.6106559Z\",\r\n        \"contentLength\": \"0\",\r\n        \"contentType\": \"application/octet-stream\"\r\n      }\r\n    },\r\n    {\r\n      \"name\": \"stdout.txt\",\r\n      \"url\": \"https://filetests.batch.core.windows.net/workitems/testTaskFileMaxWI/jobs/job-0000000001/tasks/testTask/files/stdout.txt\",\r\n      \"isDirectory\": false,\r\n      \"properties\": {\r\n        \"creationTime\": \"2015-03-16T18:18:59.6106559Z\",\r\n        \"lastModified\": \"2015-03-16T18:18:59.6746341Z\",\r\n        \"contentLength\": \"418\",\r\n        \"contentType\": \"application/octet-stream\"\r\n      }\r\n    },\r\n    {\r\n      \"name\": \"wd\",\r\n      \"url\": \"https://filetests.batch.core.windows.net/workitems/testTaskFileMaxWI/jobs/job-0000000001/tasks/testTask/files/wd\",\r\n      \"isDirectory\": true\r\n    }\r\n  ]\r\n}",
      "ResponseHeaders": {
        "Content-Type": [
          "application/json; odata=minimalmetadata"
        ],
        "Transfer-Encoding": [
          "chunked"
        ],
        "request-id": [
          "2a999db5-9d75-4b46-a891-6abe356881db"
        ],
        "Strict-Transport-Security": [
          "max-age=31536000; includeSubDomains"
        ],
        "DataServiceVersion": [
          "3.0"
        ],
        "Date": [
          "Mon, 16 Mar 2015 18:19:29 GMT"
        ],
        "Server": [
          "Microsoft-HTTPAPI/2.0"
        ]
      },
      "StatusCode": 200
    },
    {
      "RequestUri": "/workitems/testTaskFileMaxWI?api-version=2014-10-01.1.0",
      "EncodedRequestUri": "L3dvcmtpdGVtcy90ZXN0VGFza0ZpbGVNYXhXST9hcGktdmVyc2lvbj0yMDE0LTEwLTAxLjEuMA==",
      "RequestMethod": "DELETE",
      "RequestBody": "",
      "RequestHeaders": {
        "User-Agent": [
          "WA-Batch/1.0"
        ],
        "client-request-id": [
          "4f7d94a8-7b9b-4086-80d6-cbdd93b5f439"
        ],
        "return-client-request-id": [
          "False"
        ],
        "ocp-date": [
          "Mon, 16 Mar 2015 18:19:29 GMT"
        ]
      },
      "ResponseBody": "",
      "ResponseHeaders": {
        "Transfer-Encoding": [
          "chunked"
        ],
        "request-id": [
          "26e0d0d3-2075-4ccf-82dd-c28bca3fce8d"
        ],
        "Strict-Transport-Security": [
          "max-age=31536000; includeSubDomains"
        ],
        "DataServiceVersion": [
          "3.0"
        ],
        "Date": [
          "Mon, 16 Mar 2015 18:19:29 GMT"
        ],
        "Server": [
          "Microsoft-HTTPAPI/2.0"
        ]
      },
      "StatusCode": 202
    }
  ],
  "Names": {},
  "Variables": {
    "SubscriptionId": "6368ed38-3570-481f-b4fa-1d0a6e8d3f3b"
  }
}