{
  "Entries": [
    {
      "RequestUri": "/jobs?api-version=2018-08-01.7.0",
      "EncodedRequestUri": "L2pvYnM/YXBpLXZlcnNpb249MjAxOC0wOC0wMS43LjA=",
      "RequestMethod": "POST",
      "RequestBody": "{\r\n  \"id\": \"deletetaskFile\",\r\n  \"priority\": 0,\r\n  \"poolInfo\": {\r\n    \"poolId\": \"testPool\"\r\n  }\r\n}",
      "RequestHeaders": {
        "Content-Type": [
          "application/json; odata=minimalmetadata; charset=utf-8"
        ],
        "Content-Length": [
          "97"
        ],
        "client-request-id": [
          "42ef1a06-44f1-43cc-bc82-e4437d5fb99d"
        ],
        "accept-language": [
          "en-US"
        ],
        "ocp-date": [
          "Mon, 24 Sep 2018 21:40:35 GMT"
        ],
        "User-Agent": [
          "FxVersion/4.7.3163.0",
          "OSName/Windows10Enterprise",
          "OSVersion/6.3.16299",
          "Microsoft.Azure.Batch.Protocol.BatchServiceClient/9.0.0.0",
          "AzurePowershell/v6.9.0"
        ]
      },
      "ResponseBody": "",
      "ResponseHeaders": {
        "Last-Modified": [
          "Mon, 24 Sep 2018 21:40:36 GMT"
        ],
        "Transfer-Encoding": [
          "chunked"
        ],
        "request-id": [
          "c11103b7-8945-44ca-ad07-e544859cf424"
        ],
        "Strict-Transport-Security": [
          "max-age=31536000; includeSubDomains"
        ],
        "X-Content-Type-Options": [
          "nosniff"
        ],
        "DataServiceVersion": [
          "3.0"
        ],
        "DataServiceId": [
          "https://matthchrwestcentralus.westcentralus.batch.azure.com/jobs/job-1"
        ],
        "Date": [
          "Mon, 24 Sep 2018 21:40:36 GMT"
        ],
        "ETag": [
          "0x8D622665CF77C88"
        ],
        "Location": [
          "https://matthchrwestcentralus.westcentralus.batch.azure.com/jobs/job-1"
        ],
        "Server": [
          "Microsoft-HTTPAPI/2.0"
        ]
      },
      "StatusCode": 201
    },
    {
      "RequestUri": "/jobs/deletetaskFile/tasks?api-version=2018-08-01.7.0",
      "EncodedRequestUri": "L2pvYnMvZGVsZXRldGFza0ZpbGUvdGFza3M/YXBpLXZlcnNpb249MjAxOC0wOC0wMS43LjA=",
      "RequestMethod": "POST",
      "RequestBody": "{\r\n  \"id\": \"task1\",\r\n  \"commandLine\": \"cmd /c echo \\\"test\\\" > testFile.txt\",\r\n  \"userIdentity\": {\r\n    \"autoUser\": {\r\n      \"scope\": \"task\",\r\n      \"elevationLevel\": \"admin\"\r\n    }\r\n  }\r\n}",
      "RequestHeaders": {
        "Content-Type": [
          "application/json; odata=minimalmetadata; charset=utf-8"
        ],
        "Content-Length": [
          "188"
        ],
        "client-request-id": [
          "ff2fba2d-18f2-410b-8f33-89617c6238a9"
        ],
        "accept-language": [
          "en-US"
        ],
        "ocp-date": [
          "Mon, 24 Sep 2018 21:40:36 GMT"
        ],
        "User-Agent": [
          "FxVersion/4.7.3163.0",
          "OSName/Windows10Enterprise",
          "OSVersion/6.3.16299",
          "Microsoft.Azure.Batch.Protocol.BatchServiceClient/9.0.0.0",
          "AzurePowershell/v6.9.0"
        ]
      },
      "ResponseBody": "",
      "ResponseHeaders": {
        "Last-Modified": [
          "Mon, 24 Sep 2018 21:40:36 GMT"
        ],
        "Transfer-Encoding": [
          "chunked"
        ],
        "request-id": [
          "3e8d0df5-72d4-4716-a0e7-fd7ab62fa449"
        ],
        "Strict-Transport-Security": [
          "max-age=31536000; includeSubDomains"
        ],
        "X-Content-Type-Options": [
          "nosniff"
        ],
        "DataServiceVersion": [
          "3.0"
        ],
        "DataServiceId": [
          "https://matthchrwestcentralus.westcentralus.batch.azure.com/jobs/deletetaskFile/tasks/task1"
        ],
        "Date": [
          "Mon, 24 Sep 2018 21:40:36 GMT"
        ],
        "ETag": [
          "0x8D622665D038ED2"
        ],
        "Location": [
          "https://matthchrwestcentralus.westcentralus.batch.azure.com/jobs/deletetaskFile/tasks/task1"
        ],
        "Server": [
          "Microsoft-HTTPAPI/2.0"
        ]
      },
      "StatusCode": 201
    },
    {
      "RequestUri": "/jobs/deletetaskFile/tasks/task1?api-version=2018-08-01.7.0",
      "EncodedRequestUri": "L2pvYnMvZGVsZXRldGFza0ZpbGUvdGFza3MvdGFzazE/YXBpLXZlcnNpb249MjAxOC0wOC0wMS43LjA=",
      "RequestMethod": "GET",
      "RequestBody": "",
      "RequestHeaders": {
        "client-request-id": [
          "1470521c-d277-414e-838a-e20afd02ac4c"
        ],
        "accept-language": [
          "en-US"
        ],
        "ocp-date": [
          "Mon, 24 Sep 2018 21:40:36 GMT"
        ],
        "User-Agent": [
          "FxVersion/4.7.3163.0",
          "OSName/Windows10Enterprise",
          "OSVersion/6.3.16299",
          "Microsoft.Azure.Batch.Protocol.BatchServiceClient/9.0.0.0",
          "AzurePowershell/v6.9.0"
        ]
      },
      "ResponseBody": "{\r\n  \"odata.metadata\": \"https://matthchrwestcentralus.westcentralus.batch.azure.com/$metadata#tasks/@Element\",\r\n  \"id\": \"task1\",\r\n  \"url\": \"https://matthchrwestcentralus.westcentralus.batch.azure.com/jobs/deletetaskFile/tasks/task1\",\r\n  \"eTag\": \"0x8D622665D038ED2\",\r\n  \"creationTime\": \"2018-09-24T21:40:36.2026706Z\",\r\n  \"lastModified\": \"2018-09-24T21:40:36.2026706Z\",\r\n  \"state\": \"active\",\r\n  \"stateTransitionTime\": \"2018-09-24T21:40:36.2026706Z\",\r\n  \"commandLine\": \"cmd /c echo \\\"test\\\" > testFile.txt\",\r\n  \"userIdentity\": {\r\n    \"autoUser\": {\r\n      \"scope\": \"task\",\r\n      \"elevationLevel\": \"admin\"\r\n    }\r\n  },\r\n  \"constraints\": {\r\n    \"maxWallClockTime\": \"P10675199DT2H48M5.4775807S\",\r\n    \"retentionTime\": \"P10675199DT2H48M5.4775807S\",\r\n    \"maxTaskRetryCount\": 0\r\n  },\r\n  \"executionInfo\": {\r\n    \"retryCount\": 0,\r\n    \"requeueCount\": 0\r\n  }\r\n}",
      "ResponseHeaders": {
        "Content-Type": [
          "application/json; odata=minimalmetadata"
        ],
        "Last-Modified": [
          "Mon, 24 Sep 2018 21:40:36 GMT"
        ],
        "Transfer-Encoding": [
          "chunked"
        ],
        "request-id": [
          "fa29db4f-3787-471c-82c4-2330fac9a43f"
        ],
        "Strict-Transport-Security": [
          "max-age=31536000; includeSubDomains"
        ],
        "X-Content-Type-Options": [
          "nosniff"
        ],
        "DataServiceVersion": [
          "3.0"
        ],
        "Date": [
          "Mon, 24 Sep 2018 21:40:36 GMT"
        ],
        "ETag": [
          "0x8D622665D038ED2"
        ],
        "Server": [
          "Microsoft-HTTPAPI/2.0"
        ]
      },
      "StatusCode": 200
    },
    {
      "RequestUri": "/jobs/deletetaskFile/tasks?api-version=2018-08-01.7.0&$filter=id%20eq%20'task1'&$select=id%2Cstate",
      "EncodedRequestUri": "L2pvYnMvZGVsZXRldGFza0ZpbGUvdGFza3M/YXBpLXZlcnNpb249MjAxOC0wOC0wMS43LjAmJGZpbHRlcj1pZCUyMGVxJTIwJTI3dGFzazElMjcmJHNlbGVjdD1pZCUyQ3N0YXRl",
      "RequestMethod": "GET",
      "RequestBody": "",
      "RequestHeaders": {
        "client-request-id": [
          "0f83f99f-9e22-498e-8769-a516b6589534"
        ],
        "accept-language": [
          "en-US"
        ],
        "ocp-date": [
          "Mon, 24 Sep 2018 21:40:36 GMT"
        ],
        "User-Agent": [
          "FxVersion/4.7.3163.0",
          "OSName/Windows10Enterprise",
          "OSVersion/6.3.16299",
          "Microsoft.Azure.Batch.Protocol.BatchServiceClient/9.0.0.0",
          "AzurePowershell/v6.9.0"
        ]
      },
      "ResponseBody": "{\r\n  \"odata.metadata\": \"https://matthchrwestcentralus.westcentralus.batch.azure.com/$metadata#tasks\",\r\n  \"value\": [\r\n    {\r\n      \"id\": \"task1\",\r\n      \"state\": \"active\"\r\n    }\r\n  ]\r\n}",
      "ResponseHeaders": {
        "Content-Type": [
          "application/json; odata=minimalmetadata"
        ],
        "Transfer-Encoding": [
          "chunked"
        ],
        "request-id": [
          "e15d9feb-d8fd-4fd6-9e21-11f182209227"
        ],
        "Strict-Transport-Security": [
          "max-age=31536000; includeSubDomains"
        ],
        "X-Content-Type-Options": [
          "nosniff"
        ],
        "DataServiceVersion": [
          "3.0"
        ],
        "Date": [
          "Mon, 24 Sep 2018 21:40:36 GMT"
        ],
        "Server": [
          "Microsoft-HTTPAPI/2.0"
        ]
      },
      "StatusCode": 200
    },
    {
      "RequestUri": "/jobs/deletetaskFile/tasks?api-version=2018-08-01.7.0&$filter=id%20eq%20'task1'&$select=id%2Cstate",
      "EncodedRequestUri": "L2pvYnMvZGVsZXRldGFza0ZpbGUvdGFza3M/YXBpLXZlcnNpb249MjAxOC0wOC0wMS43LjAmJGZpbHRlcj1pZCUyMGVxJTIwJTI3dGFzazElMjcmJHNlbGVjdD1pZCUyQ3N0YXRl",
      "RequestMethod": "GET",
      "RequestBody": "",
      "RequestHeaders": {
        "client-request-id": [
          "1b08ce08-ff46-442d-9be4-c0d72f0cfba6"
        ],
        "accept-language": [
          "en-US"
        ],
        "ocp-date": [
          "Mon, 24 Sep 2018 21:40:38 GMT"
        ],
        "User-Agent": [
          "FxVersion/4.7.3163.0",
          "OSName/Windows10Enterprise",
          "OSVersion/6.3.16299",
          "Microsoft.Azure.Batch.Protocol.BatchServiceClient/9.0.0.0",
          "AzurePowershell/v6.9.0"
        ]
      },
      "ResponseBody": "{\r\n  \"odata.metadata\": \"https://matthchrwestcentralus.westcentralus.batch.azure.com/$metadata#tasks\",\r\n  \"value\": [\r\n    {\r\n      \"id\": \"task1\",\r\n      \"state\": \"completed\"\r\n    }\r\n  ]\r\n}",
      "ResponseHeaders": {
        "Content-Type": [
          "application/json; odata=minimalmetadata"
        ],
        "Transfer-Encoding": [
          "chunked"
        ],
        "request-id": [
          "5023abdb-b449-4d98-bc27-57b20e5bd93f"
        ],
        "Strict-Transport-Security": [
          "max-age=31536000; includeSubDomains"
        ],
        "X-Content-Type-Options": [
          "nosniff"
        ],
        "DataServiceVersion": [
          "3.0"
        ],
        "Date": [
          "Mon, 24 Sep 2018 21:40:38 GMT"
        ],
        "Server": [
          "Microsoft-HTTPAPI/2.0"
        ]
      },
      "StatusCode": 200
    },
    {
      "RequestUri": "/jobs/deletetaskFile/tasks/task1/files/wd%5CtestFile.txt?api-version=2018-08-01.7.0",
      "EncodedRequestUri": "L2pvYnMvZGVsZXRldGFza0ZpbGUvdGFza3MvdGFzazEvZmlsZXMvd2QlNUN0ZXN0RmlsZS50eHQ/YXBpLXZlcnNpb249MjAxOC0wOC0wMS43LjA=",
      "RequestMethod": "HEAD",
      "RequestBody": "",
      "RequestHeaders": {
        "client-request-id": [
          "c414ca25-1e55-422f-8159-a6b08a6a2a6e"
        ],
        "accept-language": [
          "en-US"
        ],
        "ocp-date": [
          "Mon, 24 Sep 2018 21:40:38 GMT"
        ],
        "User-Agent": [
          "FxVersion/4.7.3163.0",
          "OSName/Windows10Enterprise",
          "OSVersion/6.3.16299",
          "Microsoft.Azure.Batch.Protocol.BatchServiceClient/9.0.0.0",
          "AzurePowershell/v6.9.0"
        ]
      },
      "ResponseBody": "",
      "ResponseHeaders": {
        "Content-Length": [
          "9"
        ],
        "Content-Type": [
          "text/plain"
        ],
        "Last-Modified": [
          "Mon, 24 Sep 2018 21:40:37 GMT"
        ],
        "request-id": [
          "cb74b35f-5ff7-4404-bfab-377bed13acff"
        ],
        "Strict-Transport-Security": [
          "max-age=31536000; includeSubDomains"
        ],
        "X-Content-Type-Options": [
          "nosniff"
        ],
        "DataServiceVersion": [
          "3.0"
        ],
        "ocp-creation-time": [
          "Mon, 24 Sep 2018 21:40:37 GMT"
        ],
        "ocp-batch-file-isdirectory": [
          "False"
        ],
        "ocp-batch-file-url": [
          "https%3A%2F%2Fmatthchrwestcentralus.westcentralus.batch.azure.com%2Fjobs%2FdeletetaskFile%2Ftasks%2Ftask1%2Ffiles%2Fwd%2FtestFile.txt"
        ],
        "Date": [
          "Mon, 24 Sep 2018 21:40:38 GMT"
        ],
        "Server": [
          "Microsoft-HTTPAPI/2.0"
        ]
      },
      "StatusCode": 200
    },
    {
      "RequestUri": "/jobs/deletetaskFile/tasks/task1/files/wd%5CtestFile.txt?recursive=false&api-version=2018-08-01.7.0",
      "EncodedRequestUri": "L2pvYnMvZGVsZXRldGFza0ZpbGUvdGFza3MvdGFzazEvZmlsZXMvd2QlNUN0ZXN0RmlsZS50eHQ/cmVjdXJzaXZlPWZhbHNlJmFwaS12ZXJzaW9uPTIwMTgtMDgtMDEuNy4w",
      "RequestMethod": "DELETE",
      "RequestBody": "",
      "RequestHeaders": {
        "Content-Length": [
          "0"
        ],
        "client-request-id": [
          "e609a5df-8d2c-45e5-8ca9-00c1d5ad5156"
        ],
        "accept-language": [
          "en-US"
        ],
        "ocp-date": [
          "Mon, 24 Sep 2018 21:40:38 GMT"
        ],
        "User-Agent": [
          "FxVersion/4.7.3163.0",
          "OSName/Windows10Enterprise",
          "OSVersion/6.3.16299",
          "Microsoft.Azure.Batch.Protocol.BatchServiceClient/9.0.0.0",
          "AzurePowershell/v6.9.0"
        ]
      },
      "ResponseBody": "",
      "ResponseHeaders": {
        "Transfer-Encoding": [
          "chunked"
        ],
        "request-id": [
          "b0f2cc8e-ae45-417a-91fd-eabb4356b738"
        ],
        "Strict-Transport-Security": [
          "max-age=31536000; includeSubDomains"
        ],
        "X-Content-Type-Options": [
          "nosniff"
        ],
        "DataServiceVersion": [
          "3.0"
        ],
        "Date": [
          "Mon, 24 Sep 2018 21:40:38 GMT"
        ],
        "Server": [
          "Microsoft-HTTPAPI/2.0"
        ]
      },
      "StatusCode": 200
    },
    {
      "RequestUri": "/jobs/deletetaskFile/tasks/task1/files?recursive=false&api-version=2018-08-01.7.0&$filter=startswith(name%2C'wd%5CtestFile.txt')",
      "EncodedRequestUri": "L2pvYnMvZGVsZXRldGFza0ZpbGUvdGFza3MvdGFzazEvZmlsZXM/cmVjdXJzaXZlPWZhbHNlJmFwaS12ZXJzaW9uPTIwMTgtMDgtMDEuNy4wJiRmaWx0ZXI9c3RhcnRzd2l0aCUyOG5hbWUlMkMlMjd3ZCU1Q3Rlc3RGaWxlLnR4dCUyNyUyOQ==",
      "RequestMethod": "GET",
      "RequestBody": "",
      "RequestHeaders": {
        "client-request-id": [
          "0efd234a-6d0b-46b0-a3c4-1dab78363cca"
        ],
        "accept-language": [
          "en-US"
        ],
        "ocp-date": [
          "Mon, 24 Sep 2018 21:40:39 GMT"
        ],
        "User-Agent": [
          "FxVersion/4.7.3163.0",
          "OSName/Windows10Enterprise",
          "OSVersion/6.3.16299",
          "Microsoft.Azure.Batch.Protocol.BatchServiceClient/9.0.0.0",
          "AzurePowershell/v6.9.0"
        ]
      },
      "ResponseBody": "{\r\n  \"odata.metadata\": \"https://matthchrwestcentralus.westcentralus.batch.azure.com/$metadata#files\",\r\n  \"value\": []\r\n}",
      "ResponseHeaders": {
        "Content-Type": [
          "application/json; odata=minimalmetadata"
        ],
        "Transfer-Encoding": [
          "chunked"
        ],
        "request-id": [
          "47a9ad0f-61da-4147-af08-635082298d7b"
        ],
        "Strict-Transport-Security": [
          "max-age=31536000; includeSubDomains"
        ],
        "X-Content-Type-Options": [
          "nosniff"
        ],
        "DataServiceVersion": [
          "3.0"
        ],
        "Date": [
          "Mon, 24 Sep 2018 21:40:38 GMT"
        ],
        "Server": [
          "Microsoft-HTTPAPI/2.0"
        ]
      },
      "StatusCode": 200
    },
    {
      "RequestUri": "/jobs/deletetaskFile?api-version=2018-08-01.7.0",
      "EncodedRequestUri": "L2pvYnMvZGVsZXRldGFza0ZpbGU/YXBpLXZlcnNpb249MjAxOC0wOC0wMS43LjA=",
      "RequestMethod": "DELETE",
      "RequestBody": "",
      "RequestHeaders": {
        "Content-Length": [
          "0"
        ],
        "client-request-id": [
          "93f598d1-9576-4cc7-8b92-4b496603d5ab"
        ],
        "accept-language": [
          "en-US"
        ],
        "ocp-date": [
          "Mon, 24 Sep 2018 21:40:39 GMT"
        ],
        "User-Agent": [
          "FxVersion/4.7.3163.0",
          "OSName/Windows10Enterprise",
          "OSVersion/6.3.16299",
          "Microsoft.Azure.Batch.Protocol.BatchServiceClient/9.0.0.0",
          "AzurePowershell/v6.9.0"
        ]
      },
      "ResponseBody": "",
      "ResponseHeaders": {
        "Transfer-Encoding": [
          "chunked"
        ],
        "request-id": [
          "4f3d3b2f-3211-4254-993b-73456984efc1"
        ],
        "Strict-Transport-Security": [
          "max-age=31536000; includeSubDomains"
        ],
        "X-Content-Type-Options": [
          "nosniff"
        ],
        "DataServiceVersion": [
          "3.0"
        ],
        "Date": [
          "Mon, 24 Sep 2018 21:40:38 GMT"
        ],
        "Server": [
          "Microsoft-HTTPAPI/2.0"
        ]
      },
      "StatusCode": 202
    }
  ],
  "Names": {},
  "Variables": {
    "SubscriptionId": "2915bbd6-1252-405f-8173-6c00428146d9",
    "AZURE_BATCH_ACCOUNT": "matthchrwestcentralus",
    "AZURE_BATCH_ENDPOINT": "https://matthchrwestcentralus.westcentralus.batch.azure.com",
    "AZURE_BATCH_RESOURCE_GROUP": "matthchrwestcentralus"
  }
}