{
  "Entries": [
    {
      "RequestUri": "/subscriptions/69a75bda-882e-44d5-8431-63421204132a/resourcegroups/ps582?api-version=2016-09-01",
      "EncodedRequestUri": "L3N1YnNjcmlwdGlvbnMvNjlhNzViZGEtODgyZS00NGQ1LTg0MzEtNjM0MjEyMDQxMzJhL3Jlc291cmNlZ3JvdXBzL3BzNTgyP2FwaS12ZXJzaW9uPTIwMTYtMDktMDE=",
      "RequestMethod": "PUT",
      "RequestBody": "{\r\n  \"location\": \"eastus\",\r\n  \"tags\": {\r\n    \"Owner\": \"b-aubald\"\r\n  }\r\n}",
      "RequestHeaders": {
        "x-ms-client-request-id": [
          "ee918fbd-f573-46f6-8a58-62f8bca37e79"
        ],
        "Accept-Language": [
          "en-US"
        ],
        "User-Agent": [
          "FxVersion/4.700.22.11601",
          "OSName/Windows",
          "OSVersion/Microsoft.Windows.10.0.19044",
          "Microsoft.Azure.Management.Internal.Resources.ResourceManagementClient/1.3.56"
        ],
        "Content-Type": [
          "application/json; charset=utf-8"
        ],
        "Content-Length": [
          "72"
        ]
      },
      "ResponseHeaders": {
        "Cache-Control": [
          "no-cache"
        ],
        "Pragma": [
          "no-cache"
        ],
        "x-ms-ratelimit-remaining-subscription-writes": [
          "1199"
        ],
        "x-ms-request-id": [
          "8c9d42d7-53a3-4d4b-b44b-29131546f85b"
        ],
        "x-ms-correlation-request-id": [
          "8c9d42d7-53a3-4d4b-b44b-29131546f85b"
        ],
        "x-ms-routing-request-id": [
          "FRANCESOUTH:20220316T090540Z:8c9d42d7-53a3-4d4b-b44b-29131546f85b"
        ],
        "Strict-Transport-Security": [
          "max-age=31536000; includeSubDomains"
        ],
        "X-Content-Type-Options": [
          "nosniff"
        ],
        "Date": [
          "Wed, 16 Mar 2022 09:05:40 GMT"
        ],
        "Content-Length": [
          "259"
        ],
        "Content-Type": [
          "application/json; charset=utf-8"
        ],
        "Expires": [
          "-1"
        ]
      },
      "ResponseBody": "{\r\n  \"id\": \"/subscriptions/69a75bda-882e-44d5-8431-63421204132a/resourceGroups/ps582\",\r\n  \"name\": \"ps582\",\r\n  \"location\": \"eastus\",\r\n  \"tags\": {\r\n    \"Owner\": \"b-aubald\",\r\n    \"CreatedOnDate\": \"2022-03-16T09:05:39.3143957Z\",\r\n    \"SkipNRMSNSG\": \"true\"\r\n  },\r\n  \"properties\": {\r\n    \"provisioningState\": \"Succeeded\"\r\n  }\r\n}",
      "StatusCode": 201
    },
    {
      "RequestUri": "/subscriptions/69a75bda-882e-44d5-8431-63421204132a/resourceGroups/ps582/providers/Microsoft.Network/virtualNetworks/ps582-vnet?api-version=2021-05-01",
      "EncodedRequestUri": "L3N1YnNjcmlwdGlvbnMvNjlhNzViZGEtODgyZS00NGQ1LTg0MzEtNjM0MjEyMDQxMzJhL3Jlc291cmNlR3JvdXBzL3BzNTgyL3Byb3ZpZGVycy9NaWNyb3NvZnQuTmV0d29yay92aXJ0dWFsTmV0d29ya3MvcHM1ODItdm5ldD9hcGktdmVyc2lvbj0yMDIxLTA1LTAx",
      "RequestMethod": "GET",
      "RequestBody": "",
      "RequestHeaders": {
        "x-ms-client-request-id": [
          "135e3a04-657d-4a27-8c64-18df9b8c4f4a"
        ],
        "Accept-Language": [
          "en-US"
        ],
        "User-Agent": [
          "FxVersion/4.700.22.11601",
          "OSName/Windows",
          "OSVersion/Microsoft.Windows.10.0.19044",
          "Microsoft.Azure.Management.Network.NetworkManagementClient/21.0.0.0"
        ]
      },
      "ResponseHeaders": {
        "Cache-Control": [
          "no-cache"
        ],
        "Pragma": [
          "no-cache"
        ],
        "x-ms-failure-cause": [
          "gateway"
        ],
        "x-ms-request-id": [
          "5e9ce4c3-dddb-44e9-81d3-f9c4c3c62582"
        ],
        "x-ms-correlation-request-id": [
          "5e9ce4c3-dddb-44e9-81d3-f9c4c3c62582"
        ],
        "x-ms-routing-request-id": [
          "FRANCESOUTH:20220316T090542Z:5e9ce4c3-dddb-44e9-81d3-f9c4c3c62582"
        ],
        "Strict-Transport-Security": [
          "max-age=31536000; includeSubDomains"
        ],
        "X-Content-Type-Options": [
          "nosniff"
        ],
        "Date": [
          "Wed, 16 Mar 2022 09:05:42 GMT"
        ],
        "Content-Type": [
          "application/json; charset=utf-8"
        ],
        "Expires": [
          "-1"
        ],
        "Content-Length": [
          "221"
        ]
      },
      "ResponseBody": "{\r\n  \"error\": {\r\n    \"code\": \"ResourceNotFound\",\r\n    \"message\": \"The Resource 'Microsoft.Network/virtualNetworks/ps582-vnet' under resource group 'ps582' was not found. For more details please go to https://aka.ms/ARMResourceNotFoundFix\"\r\n  }\r\n}",
      "StatusCode": 404
    },
    {
      "RequestUri": "/subscriptions/69a75bda-882e-44d5-8431-63421204132a/resourceGroups/ps582/providers/Microsoft.Network/virtualNetworks/ps582-vnet?api-version=2021-05-01",
      "EncodedRequestUri": "L3N1YnNjcmlwdGlvbnMvNjlhNzViZGEtODgyZS00NGQ1LTg0MzEtNjM0MjEyMDQxMzJhL3Jlc291cmNlR3JvdXBzL3BzNTgyL3Byb3ZpZGVycy9NaWNyb3NvZnQuTmV0d29yay92aXJ0dWFsTmV0d29ya3MvcHM1ODItdm5ldD9hcGktdmVyc2lvbj0yMDIxLTA1LTAx",
      "RequestMethod": "GET",
      "RequestBody": "",
      "RequestHeaders": {
        "x-ms-client-request-id": [
          "135e3a04-657d-4a27-8c64-18df9b8c4f4a"
        ],
        "User-Agent": [
          "FxVersion/4.700.22.11601",
          "OSName/Windows",
          "OSVersion/Microsoft.Windows.10.0.19044",
          "Microsoft.Azure.Management.Network.NetworkManagementClient/21.0.0.0"
        ]
      },
      "ResponseHeaders": {
        "Cache-Control": [
          "no-cache"
        ],
        "Pragma": [
          "no-cache"
        ],
        "ETag": [
          "W/\"a026b827-bc77-4b72-a85a-17abdd81a894\""
        ],
        "x-ms-request-id": [
          "6dd8bdec-d7ad-4227-a5be-0e6d45a25def"
        ],
        "x-ms-correlation-request-id": [
          "5e34c0e7-883f-4f59-97b6-9e6d2bc01a93"
        ],
        "x-ms-arm-service-request-id": [
          "865ddeb9-cec8-4ec9-9427-0d4434ef9e60"
        ],
        "Strict-Transport-Security": [
          "max-age=31536000; includeSubDomains"
        ],
        "Server": [
          "Microsoft-HTTPAPI/2.0",
          "Microsoft-HTTPAPI/2.0"
        ],
        "x-ms-ratelimit-remaining-subscription-reads": [
          "11996"
        ],
        "x-ms-routing-request-id": [
          "FRANCESOUTH:20220316T090552Z:5e34c0e7-883f-4f59-97b6-9e6d2bc01a93"
        ],
        "X-Content-Type-Options": [
          "nosniff"
        ],
        "Date": [
          "Wed, 16 Mar 2022 09:05:51 GMT"
        ],
        "Content-Length": [
          "676"
        ],
        "Content-Type": [
          "application/json; charset=utf-8"
        ],
        "Expires": [
          "-1"
        ]
      },
      "ResponseBody": "{\r\n  \"name\": \"ps582-vnet\",\r\n  \"id\": \"/subscriptions/69a75bda-882e-44d5-8431-63421204132a/resourceGroups/ps582/providers/Microsoft.Network/virtualNetworks/ps582-vnet\",\r\n  \"etag\": \"W/\\\"a026b827-bc77-4b72-a85a-17abdd81a894\\\"\",\r\n  \"type\": \"Microsoft.Network/virtualNetworks\",\r\n  \"location\": \"eastus\",\r\n  \"tags\": {\r\n    \"CreatedOnDate\": \"2022-03-16T09:05:44.6204591Z\"\r\n  },\r\n  \"properties\": {\r\n    \"provisioningState\": \"Succeeded\",\r\n    \"resourceGuid\": \"28eb2b34-5928-48e8-9249-cb56b0107138\",\r\n    \"addressSpace\": {\r\n      \"addressPrefixes\": [\r\n        \"10.0.0.0/16\"\r\n      ]\r\n    },\r\n    \"subnets\": [],\r\n    \"virtualNetworkPeerings\": [],\r\n    \"enableDdosProtection\": false\r\n  }\r\n}",
      "StatusCode": 200
    },
    {
      "RequestUri": "/subscriptions/69a75bda-882e-44d5-8431-63421204132a/resourceGroups/ps582/providers/Microsoft.Network/virtualNetworks/ps582-vnet?api-version=2021-05-01",
      "EncodedRequestUri": "L3N1YnNjcmlwdGlvbnMvNjlhNzViZGEtODgyZS00NGQ1LTg0MzEtNjM0MjEyMDQxMzJhL3Jlc291cmNlR3JvdXBzL3BzNTgyL3Byb3ZpZGVycy9NaWNyb3NvZnQuTmV0d29yay92aXJ0dWFsTmV0d29ya3MvcHM1ODItdm5ldD9hcGktdmVyc2lvbj0yMDIxLTA1LTAx",
      "RequestMethod": "GET",
      "RequestBody": "",
      "RequestHeaders": {
        "x-ms-client-request-id": [
          "135e3a04-657d-4a27-8c64-18df9b8c4f4a"
        ],
        "Accept-Language": [
          "en-US"
        ],
        "User-Agent": [
          "FxVersion/4.700.22.11601",
          "OSName/Windows",
          "OSVersion/Microsoft.Windows.10.0.19044",
          "Microsoft.Azure.Management.Network.NetworkManagementClient/21.0.0.0"
        ]
      },
      "ResponseHeaders": {
        "Cache-Control": [
          "no-cache"
        ],
        "Pragma": [
          "no-cache"
        ],
        "ETag": [
          "W/\"a026b827-bc77-4b72-a85a-17abdd81a894\""
        ],
        "x-ms-request-id": [
          "023e2067-44cb-44bf-8510-c808591b3a40"
        ],
        "x-ms-correlation-request-id": [
          "fc602d07-844b-4a38-8a4e-f82a8eca4219"
        ],
        "x-ms-arm-service-request-id": [
          "79f264aa-df50-4ccd-8ba3-dba0bd7fa5e2"
        ],
        "Strict-Transport-Security": [
          "max-age=31536000; includeSubDomains"
        ],
        "Server": [
          "Microsoft-HTTPAPI/2.0",
          "Microsoft-HTTPAPI/2.0"
        ],
        "x-ms-ratelimit-remaining-subscription-reads": [
          "11995"
        ],
        "x-ms-routing-request-id": [
          "FRANCESOUTH:20220316T090552Z:fc602d07-844b-4a38-8a4e-f82a8eca4219"
        ],
        "X-Content-Type-Options": [
          "nosniff"
        ],
        "Date": [
          "Wed, 16 Mar 2022 09:05:51 GMT"
        ],
        "Content-Length": [
          "676"
        ],
        "Content-Type": [
          "application/json; charset=utf-8"
        ],
        "Expires": [
          "-1"
        ]
      },
      "ResponseBody": "{\r\n  \"name\": \"ps582-vnet\",\r\n  \"id\": \"/subscriptions/69a75bda-882e-44d5-8431-63421204132a/resourceGroups/ps582/providers/Microsoft.Network/virtualNetworks/ps582-vnet\",\r\n  \"etag\": \"W/\\\"a026b827-bc77-4b72-a85a-17abdd81a894\\\"\",\r\n  \"type\": \"Microsoft.Network/virtualNetworks\",\r\n  \"location\": \"eastus\",\r\n  \"tags\": {\r\n    \"CreatedOnDate\": \"2022-03-16T09:05:44.6204591Z\"\r\n  },\r\n  \"properties\": {\r\n    \"provisioningState\": \"Succeeded\",\r\n    \"resourceGuid\": \"28eb2b34-5928-48e8-9249-cb56b0107138\",\r\n    \"addressSpace\": {\r\n      \"addressPrefixes\": [\r\n        \"10.0.0.0/16\"\r\n      ]\r\n    },\r\n    \"subnets\": [],\r\n    \"virtualNetworkPeerings\": [],\r\n    \"enableDdosProtection\": false\r\n  }\r\n}",
      "StatusCode": 200
    },
    {
      "RequestUri": "/subscriptions/69a75bda-882e-44d5-8431-63421204132a/resourceGroups/ps582/providers/Microsoft.Network/virtualNetworks/ps582-vnet?api-version=2021-05-01",
      "EncodedRequestUri": "L3N1YnNjcmlwdGlvbnMvNjlhNzViZGEtODgyZS00NGQ1LTg0MzEtNjM0MjEyMDQxMzJhL3Jlc291cmNlR3JvdXBzL3BzNTgyL3Byb3ZpZGVycy9NaWNyb3NvZnQuTmV0d29yay92aXJ0dWFsTmV0d29ya3MvcHM1ODItdm5ldD9hcGktdmVyc2lvbj0yMDIxLTA1LTAx",
      "RequestMethod": "GET",
      "RequestBody": "",
      "RequestHeaders": {
        "x-ms-client-request-id": [
          "e5881fc4-67a8-4464-83ba-ff71dbbcea33"
        ],
        "Accept-Language": [
          "en-US"
        ],
        "User-Agent": [
          "FxVersion/4.700.22.11601",
          "OSName/Windows",
          "OSVersion/Microsoft.Windows.10.0.19044",
          "Microsoft.Azure.Management.Network.NetworkManagementClient/21.0.0.0"
        ]
      },
      "ResponseHeaders": {
        "Cache-Control": [
          "no-cache"
        ],
        "Pragma": [
          "no-cache"
        ],
        "ETag": [
          "W/\"a026b827-bc77-4b72-a85a-17abdd81a894\""
        ],
        "x-ms-request-id": [
          "511c37d2-2808-404f-9508-5f14aeef945b"
        ],
        "x-ms-correlation-request-id": [
          "d7528be3-bbe2-4645-9d0f-40817300f8ac"
        ],
        "x-ms-arm-service-request-id": [
          "e650bf90-98a7-4da3-af85-e9ea01125159"
        ],
        "Strict-Transport-Security": [
          "max-age=31536000; includeSubDomains"
        ],
        "Server": [
          "Microsoft-HTTPAPI/2.0",
          "Microsoft-HTTPAPI/2.0"
        ],
        "x-ms-ratelimit-remaining-subscription-reads": [
          "11994"
        ],
        "x-ms-routing-request-id": [
          "FRANCESOUTH:20220316T090552Z:d7528be3-bbe2-4645-9d0f-40817300f8ac"
        ],
        "X-Content-Type-Options": [
          "nosniff"
        ],
        "Date": [
          "Wed, 16 Mar 2022 09:05:51 GMT"
        ],
        "Content-Length": [
          "676"
        ],
        "Content-Type": [
          "application/json; charset=utf-8"
        ],
        "Expires": [
          "-1"
        ]
      },
      "ResponseBody": "{\r\n  \"name\": \"ps582-vnet\",\r\n  \"id\": \"/subscriptions/69a75bda-882e-44d5-8431-63421204132a/resourceGroups/ps582/providers/Microsoft.Network/virtualNetworks/ps582-vnet\",\r\n  \"etag\": \"W/\\\"a026b827-bc77-4b72-a85a-17abdd81a894\\\"\",\r\n  \"type\": \"Microsoft.Network/virtualNetworks\",\r\n  \"location\": \"eastus\",\r\n  \"tags\": {\r\n    \"CreatedOnDate\": \"2022-03-16T09:05:44.6204591Z\"\r\n  },\r\n  \"properties\": {\r\n    \"provisioningState\": \"Succeeded\",\r\n    \"resourceGuid\": \"28eb2b34-5928-48e8-9249-cb56b0107138\",\r\n    \"addressSpace\": {\r\n      \"addressPrefixes\": [\r\n        \"10.0.0.0/16\"\r\n      ]\r\n    },\r\n    \"subnets\": [],\r\n    \"virtualNetworkPeerings\": [],\r\n    \"enableDdosProtection\": false\r\n  }\r\n}",
      "StatusCode": 200
    },
    {
      "RequestUri": "/subscriptions/69a75bda-882e-44d5-8431-63421204132a/resourceGroups/ps582/providers/Microsoft.Network/virtualNetworks/ps582-vnet?api-version=2021-05-01",
      "EncodedRequestUri": "L3N1YnNjcmlwdGlvbnMvNjlhNzViZGEtODgyZS00NGQ1LTg0MzEtNjM0MjEyMDQxMzJhL3Jlc291cmNlR3JvdXBzL3BzNTgyL3Byb3ZpZGVycy9NaWNyb3NvZnQuTmV0d29yay92aXJ0dWFsTmV0d29ya3MvcHM1ODItdm5ldD9hcGktdmVyc2lvbj0yMDIxLTA1LTAx",
      "RequestMethod": "GET",
      "RequestBody": "",
      "RequestHeaders": {
        "x-ms-client-request-id": [
          "e5881fc4-67a8-4464-83ba-ff71dbbcea33"
        ],
        "User-Agent": [
          "FxVersion/4.700.22.11601",
          "OSName/Windows",
          "OSVersion/Microsoft.Windows.10.0.19044",
          "Microsoft.Azure.Management.Network.NetworkManagementClient/21.0.0.0"
        ]
      },
      "ResponseHeaders": {
        "Cache-Control": [
          "no-cache"
        ],
        "Pragma": [
          "no-cache"
        ],
        "ETag": [
          "W/\"61122b9c-0be5-43b4-bbee-bea7d0739dfd\""
        ],
        "x-ms-request-id": [
          "9bc26277-ce33-45c9-b657-d1f7a5eb7851"
        ],
        "x-ms-correlation-request-id": [
          "43b9809b-177e-4ffd-8e93-941cce57eee1"
        ],
        "x-ms-arm-service-request-id": [
          "e0406b34-6eca-4377-8500-01d19f4146e7"
        ],
        "Strict-Transport-Security": [
          "max-age=31536000; includeSubDomains"
        ],
        "Server": [
          "Microsoft-HTTPAPI/2.0",
          "Microsoft-HTTPAPI/2.0"
        ],
        "x-ms-ratelimit-remaining-subscription-reads": [
          "11992"
        ],
        "x-ms-routing-request-id": [
          "FRANCESOUTH:20220316T090558Z:43b9809b-177e-4ffd-8e93-941cce57eee1"
        ],
        "X-Content-Type-Options": [
          "nosniff"
        ],
        "Date": [
          "Wed, 16 Mar 2022 09:05:58 GMT"
        ],
        "Content-Length": [
          "2172"
        ],
        "Content-Type": [
          "application/json; charset=utf-8"
        ],
        "Expires": [
          "-1"
        ]
      },
      "ResponseBody": "{\r\n  \"name\": \"ps582-vnet\",\r\n  \"id\": \"/subscriptions/69a75bda-882e-44d5-8431-63421204132a/resourceGroups/ps582/providers/Microsoft.Network/virtualNetworks/ps582-vnet\",\r\n  \"etag\": \"W/\\\"61122b9c-0be5-43b4-bbee-bea7d0739dfd\\\"\",\r\n  \"type\": \"Microsoft.Network/virtualNetworks\",\r\n  \"location\": \"eastus\",\r\n  \"tags\": {\r\n    \"CreatedOnDate\": \"03/16/2022 09:05:44\"\r\n  },\r\n  \"properties\": {\r\n    \"provisioningState\": \"Succeeded\",\r\n    \"resourceGuid\": \"28eb2b34-5928-48e8-9249-cb56b0107138\",\r\n    \"addressSpace\": {\r\n      \"addressPrefixes\": [\r\n        \"10.0.0.0/16\"\r\n      ]\r\n    },\r\n    \"dhcpOptions\": {\r\n      \"dnsServers\": []\r\n    },\r\n    \"subnets\": [\r\n      {\r\n        \"name\": \"default\",\r\n        \"id\": \"/subscriptions/69a75bda-882e-44d5-8431-63421204132a/resourceGroups/ps582/providers/Microsoft.Network/virtualNetworks/ps582-vnet/subnets/default\",\r\n        \"etag\": \"W/\\\"61122b9c-0be5-43b4-bbee-bea7d0739dfd\\\"\",\r\n        \"properties\": {\r\n          \"provisioningState\": \"Succeeded\",\r\n          \"addressPrefix\": \"10.0.1.0/24\",\r\n          \"serviceEndpoints\": [],\r\n          \"delegations\": [\r\n            {\r\n              \"name\": \"netAppVolumes\",\r\n              \"id\": \"/subscriptions/69a75bda-882e-44d5-8431-63421204132a/resourceGroups/ps582/providers/Microsoft.Network/virtualNetworks/ps582-vnet/subnets/default/delegations/netAppVolumes\",\r\n              \"etag\": \"W/\\\"61122b9c-0be5-43b4-bbee-bea7d0739dfd\\\"\",\r\n              \"properties\": {\r\n                \"provisioningState\": \"Succeeded\",\r\n                \"serviceName\": \"Microsoft.Netapp/volumes\",\r\n                \"actions\": [\r\n                  \"Microsoft.Network/networkinterfaces/*\",\r\n                  \"Microsoft.Network/virtualNetworks/subnets/join/action\"\r\n                ]\r\n              },\r\n              \"type\": \"Microsoft.Network/virtualNetworks/subnets/delegations\"\r\n            }\r\n          ],\r\n          \"purpose\": \"HostedWorkloads\",\r\n          \"privateEndpointNetworkPolicies\": \"Enabled\",\r\n          \"privateLinkServiceNetworkPolicies\": \"Enabled\"\r\n        },\r\n        \"type\": \"Microsoft.Network/virtualNetworks/subnets\"\r\n      }\r\n    ],\r\n    \"virtualNetworkPeerings\": [],\r\n    \"enableDdosProtection\": false\r\n  }\r\n}",
      "StatusCode": 200
    },
    {
      "RequestUri": "/subscriptions/69a75bda-882e-44d5-8431-63421204132a/resourceGroups/ps582/providers/Microsoft.Network/virtualNetworks/ps582-vnet?api-version=2021-05-01",
      "EncodedRequestUri": "L3N1YnNjcmlwdGlvbnMvNjlhNzViZGEtODgyZS00NGQ1LTg0MzEtNjM0MjEyMDQxMzJhL3Jlc291cmNlR3JvdXBzL3BzNTgyL3Byb3ZpZGVycy9NaWNyb3NvZnQuTmV0d29yay92aXJ0dWFsTmV0d29ya3MvcHM1ODItdm5ldD9hcGktdmVyc2lvbj0yMDIxLTA1LTAx",
      "RequestMethod": "GET",
      "RequestBody": "",
      "RequestHeaders": {
        "x-ms-client-request-id": [
          "e5881fc4-67a8-4464-83ba-ff71dbbcea33"
        ],
        "Accept-Language": [
          "en-US"
        ],
        "User-Agent": [
          "FxVersion/4.700.22.11601",
          "OSName/Windows",
          "OSVersion/Microsoft.Windows.10.0.19044",
          "Microsoft.Azure.Management.Network.NetworkManagementClient/21.0.0.0"
        ]
      },
      "ResponseHeaders": {
        "Cache-Control": [
          "no-cache"
        ],
        "Pragma": [
          "no-cache"
        ],
        "ETag": [
          "W/\"61122b9c-0be5-43b4-bbee-bea7d0739dfd\""
        ],
        "x-ms-request-id": [
          "d62e5afa-213d-48ce-877a-8891a5670fda"
        ],
        "x-ms-correlation-request-id": [
          "ec9d6568-9632-4369-a1cf-7ec0340ed66e"
        ],
        "x-ms-arm-service-request-id": [
          "27bee55e-8efa-4c5b-8c43-ec1f285707b8"
        ],
        "Strict-Transport-Security": [
          "max-age=31536000; includeSubDomains"
        ],
        "Server": [
          "Microsoft-HTTPAPI/2.0",
          "Microsoft-HTTPAPI/2.0"
        ],
        "x-ms-ratelimit-remaining-subscription-reads": [
          "11991"
        ],
        "x-ms-routing-request-id": [
          "FRANCESOUTH:20220316T090559Z:ec9d6568-9632-4369-a1cf-7ec0340ed66e"
        ],
        "X-Content-Type-Options": [
          "nosniff"
        ],
        "Date": [
          "Wed, 16 Mar 2022 09:05:58 GMT"
        ],
        "Content-Length": [
          "2172"
        ],
        "Content-Type": [
          "application/json; charset=utf-8"
        ],
        "Expires": [
          "-1"
        ]
      },
      "ResponseBody": "{\r\n  \"name\": \"ps582-vnet\",\r\n  \"id\": \"/subscriptions/69a75bda-882e-44d5-8431-63421204132a/resourceGroups/ps582/providers/Microsoft.Network/virtualNetworks/ps582-vnet\",\r\n  \"etag\": \"W/\\\"61122b9c-0be5-43b4-bbee-bea7d0739dfd\\\"\",\r\n  \"type\": \"Microsoft.Network/virtualNetworks\",\r\n  \"location\": \"eastus\",\r\n  \"tags\": {\r\n    \"CreatedOnDate\": \"03/16/2022 09:05:44\"\r\n  },\r\n  \"properties\": {\r\n    \"provisioningState\": \"Succeeded\",\r\n    \"resourceGuid\": \"28eb2b34-5928-48e8-9249-cb56b0107138\",\r\n    \"addressSpace\": {\r\n      \"addressPrefixes\": [\r\n        \"10.0.0.0/16\"\r\n      ]\r\n    },\r\n    \"dhcpOptions\": {\r\n      \"dnsServers\": []\r\n    },\r\n    \"subnets\": [\r\n      {\r\n        \"name\": \"default\",\r\n        \"id\": \"/subscriptions/69a75bda-882e-44d5-8431-63421204132a/resourceGroups/ps582/providers/Microsoft.Network/virtualNetworks/ps582-vnet/subnets/default\",\r\n        \"etag\": \"W/\\\"61122b9c-0be5-43b4-bbee-bea7d0739dfd\\\"\",\r\n        \"properties\": {\r\n          \"provisioningState\": \"Succeeded\",\r\n          \"addressPrefix\": \"10.0.1.0/24\",\r\n          \"serviceEndpoints\": [],\r\n          \"delegations\": [\r\n            {\r\n              \"name\": \"netAppVolumes\",\r\n              \"id\": \"/subscriptions/69a75bda-882e-44d5-8431-63421204132a/resourceGroups/ps582/providers/Microsoft.Network/virtualNetworks/ps582-vnet/subnets/default/delegations/netAppVolumes\",\r\n              \"etag\": \"W/\\\"61122b9c-0be5-43b4-bbee-bea7d0739dfd\\\"\",\r\n              \"properties\": {\r\n                \"provisioningState\": \"Succeeded\",\r\n                \"serviceName\": \"Microsoft.Netapp/volumes\",\r\n                \"actions\": [\r\n                  \"Microsoft.Network/networkinterfaces/*\",\r\n                  \"Microsoft.Network/virtualNetworks/subnets/join/action\"\r\n                ]\r\n              },\r\n              \"type\": \"Microsoft.Network/virtualNetworks/subnets/delegations\"\r\n            }\r\n          ],\r\n          \"purpose\": \"HostedWorkloads\",\r\n          \"privateEndpointNetworkPolicies\": \"Enabled\",\r\n          \"privateLinkServiceNetworkPolicies\": \"Enabled\"\r\n        },\r\n        \"type\": \"Microsoft.Network/virtualNetworks/subnets\"\r\n      }\r\n    ],\r\n    \"virtualNetworkPeerings\": [],\r\n    \"enableDdosProtection\": false\r\n  }\r\n}",
      "StatusCode": 200
    },
    {
      "RequestUri": "/subscriptions/69a75bda-882e-44d5-8431-63421204132a/resourceGroups/ps582/providers/Microsoft.Network/virtualNetworks/ps582-vnet?api-version=2021-05-01",
      "EncodedRequestUri": "L3N1YnNjcmlwdGlvbnMvNjlhNzViZGEtODgyZS00NGQ1LTg0MzEtNjM0MjEyMDQxMzJhL3Jlc291cmNlR3JvdXBzL3BzNTgyL3Byb3ZpZGVycy9NaWNyb3NvZnQuTmV0d29yay92aXJ0dWFsTmV0d29ya3MvcHM1ODItdm5ldD9hcGktdmVyc2lvbj0yMDIxLTA1LTAx",
      "RequestMethod": "PUT",
      "RequestBody": "{\r\n  \"properties\": {\r\n    \"addressSpace\": {\r\n      \"addressPrefixes\": [\r\n        \"10.0.0.0/16\"\r\n      ]\r\n    },\r\n    \"subnets\": [],\r\n    \"virtualNetworkPeerings\": [],\r\n    \"enableDdosProtection\": false,\r\n    \"ipAllocations\": []\r\n  },\r\n  \"location\": \"eastus\"\r\n}",
      "RequestHeaders": {
        "x-ms-client-request-id": [
          "135e3a04-657d-4a27-8c64-18df9b8c4f4a"
        ],
        "Accept-Language": [
          "en-US"
        ],
        "User-Agent": [
          "FxVersion/4.700.22.11601",
          "OSName/Windows",
          "OSVersion/Microsoft.Windows.10.0.19044",
          "Microsoft.Azure.Management.Network.NetworkManagementClient/21.0.0.0"
        ],
        "Content-Type": [
          "application/json; charset=utf-8"
        ],
        "Content-Length": [
          "260"
        ]
      },
      "ResponseHeaders": {
        "Cache-Control": [
          "no-cache"
        ],
        "Pragma": [
          "no-cache"
        ],
        "Retry-After": [
          "3"
        ],
        "x-ms-request-id": [
          "53c6b024-0e56-42cd-8d8b-6556342c6a35"
        ],
        "Azure-AsyncOperation": [
          "https://management.azure.com/subscriptions/69a75bda-882e-44d5-8431-63421204132a/providers/Microsoft.Network/locations/eastus/operations/53c6b024-0e56-42cd-8d8b-6556342c6a35?api-version=2021-05-01"
        ],
        "x-ms-correlation-request-id": [
          "dd8f95a9-7252-42ac-bfaa-db249676743b"
        ],
        "Azure-AsyncNotification": [
          "Enabled"
        ],
        "x-ms-arm-service-request-id": [
          "820844d3-012d-42bb-a6e7-44e72de61780"
        ],
        "Strict-Transport-Security": [
          "max-age=31536000; includeSubDomains"
        ],
        "Server": [
          "Microsoft-HTTPAPI/2.0",
          "Microsoft-HTTPAPI/2.0"
        ],
        "x-ms-ratelimit-remaining-subscription-writes": [
          "1199"
        ],
        "x-ms-routing-request-id": [
          "FRANCESOUTH:20220316T090548Z:dd8f95a9-7252-42ac-bfaa-db249676743b"
        ],
        "X-Content-Type-Options": [
          "nosniff"
        ],
        "Date": [
          "Wed, 16 Mar 2022 09:05:48 GMT"
        ],
        "Content-Length": [
          "675"
        ],
        "Content-Type": [
          "application/json; charset=utf-8"
        ],
        "Expires": [
          "-1"
        ]
      },
      "ResponseBody": "{\r\n  \"name\": \"ps582-vnet\",\r\n  \"id\": \"/subscriptions/69a75bda-882e-44d5-8431-63421204132a/resourceGroups/ps582/providers/Microsoft.Network/virtualNetworks/ps582-vnet\",\r\n  \"etag\": \"W/\\\"71c2cd4d-59d5-4408-bd2b-e416670fb378\\\"\",\r\n  \"type\": \"Microsoft.Network/virtualNetworks\",\r\n  \"location\": \"eastus\",\r\n  \"tags\": {\r\n    \"CreatedOnDate\": \"2022-03-16T09:05:44.6204591Z\"\r\n  },\r\n  \"properties\": {\r\n    \"provisioningState\": \"Updating\",\r\n    \"resourceGuid\": \"28eb2b34-5928-48e8-9249-cb56b0107138\",\r\n    \"addressSpace\": {\r\n      \"addressPrefixes\": [\r\n        \"10.0.0.0/16\"\r\n      ]\r\n    },\r\n    \"subnets\": [],\r\n    \"virtualNetworkPeerings\": [],\r\n    \"enableDdosProtection\": false\r\n  }\r\n}",
      "StatusCode": 201
    },
    {
      "RequestUri": "/subscriptions/69a75bda-882e-44d5-8431-63421204132a/resourceGroups/ps582/providers/Microsoft.Network/virtualNetworks/ps582-vnet?api-version=2021-05-01",
      "EncodedRequestUri": "L3N1YnNjcmlwdGlvbnMvNjlhNzViZGEtODgyZS00NGQ1LTg0MzEtNjM0MjEyMDQxMzJhL3Jlc291cmNlR3JvdXBzL3BzNTgyL3Byb3ZpZGVycy9NaWNyb3NvZnQuTmV0d29yay92aXJ0dWFsTmV0d29ya3MvcHM1ODItdm5ldD9hcGktdmVyc2lvbj0yMDIxLTA1LTAx",
      "RequestMethod": "PUT",
      "RequestBody": "{\r\n  \"properties\": {\r\n    \"addressSpace\": {\r\n      \"addressPrefixes\": [\r\n        \"10.0.0.0/16\"\r\n      ]\r\n    },\r\n    \"dhcpOptions\": {\r\n      \"dnsServers\": []\r\n    },\r\n    \"subnets\": [\r\n      {\r\n        \"properties\": {\r\n          \"addressPrefix\": \"10.0.1.0/24\",\r\n          \"addressPrefixes\": [],\r\n          \"serviceEndpoints\": [],\r\n          \"serviceEndpointPolicies\": [],\r\n          \"ipAllocations\": [],\r\n          \"delegations\": [\r\n            {\r\n              \"properties\": {\r\n                \"serviceName\": \"Microsoft.Netapp/volumes\"\r\n              },\r\n              \"name\": \"netAppVolumes\"\r\n            }\r\n          ],\r\n          \"privateEndpointNetworkPolicies\": \"Enabled\",\r\n          \"privateLinkServiceNetworkPolicies\": \"Enabled\",\r\n          \"applicationGatewayIpConfigurations\": []\r\n        },\r\n        \"name\": \"default\"\r\n      }\r\n    ],\r\n    \"virtualNetworkPeerings\": [],\r\n    \"enableDdosProtection\": false,\r\n    \"ipAllocations\": []\r\n  },\r\n  \"id\": \"/subscriptions/69a75bda-882e-44d5-8431-63421204132a/resourceGroups/ps582/providers/Microsoft.Network/virtualNetworks/ps582-vnet\",\r\n  \"location\": \"eastus\",\r\n  \"tags\": {\r\n    \"CreatedOnDate\": \"03/16/2022 09:05:44\"\r\n  }\r\n}",
      "RequestHeaders": {
        "x-ms-client-request-id": [
          "e5881fc4-67a8-4464-83ba-ff71dbbcea33"
        ],
        "Accept-Language": [
          "en-US"
        ],
        "User-Agent": [
          "FxVersion/4.700.22.11601",
          "OSName/Windows",
          "OSVersion/Microsoft.Windows.10.0.19044",
          "Microsoft.Azure.Management.Network.NetworkManagementClient/21.0.0.0"
        ],
        "Content-Type": [
          "application/json; charset=utf-8"
        ],
        "Content-Length": [
          "1177"
        ]
      },
      "ResponseHeaders": {
        "Cache-Control": [
          "no-cache"
        ],
        "Pragma": [
          "no-cache"
        ],
        "Retry-After": [
          "3"
        ],
        "x-ms-request-id": [
          "fc61bd28-a683-4098-b674-8c0b9b172536"
        ],
        "Azure-AsyncOperation": [
          "https://management.azure.com/subscriptions/69a75bda-882e-44d5-8431-63421204132a/providers/Microsoft.Network/locations/eastus/operations/fc61bd28-a683-4098-b674-8c0b9b172536?api-version=2021-05-01"
        ],
        "x-ms-correlation-request-id": [
          "160d6d77-2551-42aa-95bb-d0253175b843"
        ],
        "Azure-AsyncNotification": [
          "Enabled"
        ],
        "x-ms-arm-service-request-id": [
          "904b8451-fc29-4111-a116-70073cc248dc"
        ],
        "Strict-Transport-Security": [
          "max-age=31536000; includeSubDomains"
        ],
        "Server": [
          "Microsoft-HTTPAPI/2.0",
          "Microsoft-HTTPAPI/2.0"
        ],
        "x-ms-ratelimit-remaining-subscription-writes": [
          "1198"
        ],
        "x-ms-routing-request-id": [
          "FRANCESOUTH:20220316T090555Z:160d6d77-2551-42aa-95bb-d0253175b843"
        ],
        "X-Content-Type-Options": [
          "nosniff"
        ],
        "Date": [
          "Wed, 16 Mar 2022 09:05:54 GMT"
        ],
        "Content-Length": [
          "2170"
        ],
        "Content-Type": [
          "application/json; charset=utf-8"
        ],
        "Expires": [
          "-1"
        ]
      },
      "ResponseBody": "{\r\n  \"name\": \"ps582-vnet\",\r\n  \"id\": \"/subscriptions/69a75bda-882e-44d5-8431-63421204132a/resourceGroups/ps582/providers/Microsoft.Network/virtualNetworks/ps582-vnet\",\r\n  \"etag\": \"W/\\\"94c63135-b967-4168-ad99-d07e5f63feb1\\\"\",\r\n  \"type\": \"Microsoft.Network/virtualNetworks\",\r\n  \"location\": \"eastus\",\r\n  \"tags\": {\r\n    \"CreatedOnDate\": \"03/16/2022 09:05:44\"\r\n  },\r\n  \"properties\": {\r\n    \"provisioningState\": \"Updating\",\r\n    \"resourceGuid\": \"28eb2b34-5928-48e8-9249-cb56b0107138\",\r\n    \"addressSpace\": {\r\n      \"addressPrefixes\": [\r\n        \"10.0.0.0/16\"\r\n      ]\r\n    },\r\n    \"dhcpOptions\": {\r\n      \"dnsServers\": []\r\n    },\r\n    \"subnets\": [\r\n      {\r\n        \"name\": \"default\",\r\n        \"id\": \"/subscriptions/69a75bda-882e-44d5-8431-63421204132a/resourceGroups/ps582/providers/Microsoft.Network/virtualNetworks/ps582-vnet/subnets/default\",\r\n        \"etag\": \"W/\\\"94c63135-b967-4168-ad99-d07e5f63feb1\\\"\",\r\n        \"properties\": {\r\n          \"provisioningState\": \"Updating\",\r\n          \"addressPrefix\": \"10.0.1.0/24\",\r\n          \"serviceEndpoints\": [],\r\n          \"delegations\": [\r\n            {\r\n              \"name\": \"netAppVolumes\",\r\n              \"id\": \"/subscriptions/69a75bda-882e-44d5-8431-63421204132a/resourceGroups/ps582/providers/Microsoft.Network/virtualNetworks/ps582-vnet/subnets/default/delegations/netAppVolumes\",\r\n              \"etag\": \"W/\\\"94c63135-b967-4168-ad99-d07e5f63feb1\\\"\",\r\n              \"properties\": {\r\n                \"provisioningState\": \"Succeeded\",\r\n                \"serviceName\": \"Microsoft.Netapp/volumes\",\r\n                \"actions\": [\r\n                  \"Microsoft.Network/networkinterfaces/*\",\r\n                  \"Microsoft.Network/virtualNetworks/subnets/join/action\"\r\n                ]\r\n              },\r\n              \"type\": \"Microsoft.Network/virtualNetworks/subnets/delegations\"\r\n            }\r\n          ],\r\n          \"purpose\": \"HostedWorkloads\",\r\n          \"privateEndpointNetworkPolicies\": \"Enabled\",\r\n          \"privateLinkServiceNetworkPolicies\": \"Enabled\"\r\n        },\r\n        \"type\": \"Microsoft.Network/virtualNetworks/subnets\"\r\n      }\r\n    ],\r\n    \"virtualNetworkPeerings\": [],\r\n    \"enableDdosProtection\": false\r\n  }\r\n}",
      "StatusCode": 200
    },
    {
      "RequestUri": "/subscriptions/69a75bda-882e-44d5-8431-63421204132a/providers/Microsoft.Network/locations/eastus/operations/53c6b024-0e56-42cd-8d8b-6556342c6a35?api-version=2021-05-01",
      "EncodedRequestUri": "L3N1YnNjcmlwdGlvbnMvNjlhNzViZGEtODgyZS00NGQ1LTg0MzEtNjM0MjEyMDQxMzJhL3Byb3ZpZGVycy9NaWNyb3NvZnQuTmV0d29yay9sb2NhdGlvbnMvZWFzdHVzL29wZXJhdGlvbnMvNTNjNmIwMjQtMGU1Ni00MmNkLThkOGItNjU1NjM0MmM2YTM1P2FwaS12ZXJzaW9uPTIwMjEtMDUtMDE=",
      "RequestMethod": "GET",
      "RequestBody": "",
      "RequestHeaders": {
        "x-ms-client-request-id": [
          "135e3a04-657d-4a27-8c64-18df9b8c4f4a"
        ],
        "User-Agent": [
          "FxVersion/4.700.22.11601",
          "OSName/Windows",
          "OSVersion/Microsoft.Windows.10.0.19044",
          "Microsoft.Azure.Management.Network.NetworkManagementClient/21.0.0.0"
        ]
      },
      "ResponseHeaders": {
        "Cache-Control": [
          "no-cache"
        ],
        "Pragma": [
          "no-cache"
        ],
        "x-ms-request-id": [
          "bb41e1da-bf8a-4910-8405-4e6f359d124a"
        ],
        "x-ms-correlation-request-id": [
          "a6d3b564-f7ae-4b07-bba3-2f9ad98d8bcc"
        ],
        "x-ms-arm-service-request-id": [
          "be59ca5b-acfc-47dd-8d27-375708d03fb9"
        ],
        "Strict-Transport-Security": [
          "max-age=31536000; includeSubDomains"
        ],
        "Server": [
          "Microsoft-HTTPAPI/2.0",
          "Microsoft-HTTPAPI/2.0"
        ],
        "x-ms-ratelimit-remaining-subscription-reads": [
          "11997"
        ],
        "x-ms-routing-request-id": [
          "FRANCESOUTH:20220316T090551Z:a6d3b564-f7ae-4b07-bba3-2f9ad98d8bcc"
        ],
        "X-Content-Type-Options": [
          "nosniff"
        ],
        "Date": [
          "Wed, 16 Mar 2022 09:05:51 GMT"
        ],
        "Content-Length": [
          "29"
        ],
        "Content-Type": [
          "application/json; charset=utf-8"
        ],
        "Expires": [
          "-1"
        ]
      },
      "ResponseBody": "{\r\n  \"status\": \"Succeeded\"\r\n}",
      "StatusCode": 200
    },
    {
      "RequestUri": "/subscriptions/69a75bda-882e-44d5-8431-63421204132a/providers/Microsoft.Network/locations/eastus/operations/fc61bd28-a683-4098-b674-8c0b9b172536?api-version=2021-05-01",
      "EncodedRequestUri": "L3N1YnNjcmlwdGlvbnMvNjlhNzViZGEtODgyZS00NGQ1LTg0MzEtNjM0MjEyMDQxMzJhL3Byb3ZpZGVycy9NaWNyb3NvZnQuTmV0d29yay9sb2NhdGlvbnMvZWFzdHVzL29wZXJhdGlvbnMvZmM2MWJkMjgtYTY4My00MDk4LWI2NzQtOGMwYjliMTcyNTM2P2FwaS12ZXJzaW9uPTIwMjEtMDUtMDE=",
      "RequestMethod": "GET",
      "RequestBody": "",
      "RequestHeaders": {
        "x-ms-client-request-id": [
          "e5881fc4-67a8-4464-83ba-ff71dbbcea33"
        ],
        "User-Agent": [
          "FxVersion/4.700.22.11601",
          "OSName/Windows",
          "OSVersion/Microsoft.Windows.10.0.19044",
          "Microsoft.Azure.Management.Network.NetworkManagementClient/21.0.0.0"
        ]
      },
      "ResponseHeaders": {
        "Cache-Control": [
          "no-cache"
        ],
        "Pragma": [
          "no-cache"
        ],
        "x-ms-request-id": [
          "d319e908-8b3f-4020-ad4c-23822c50467c"
        ],
        "x-ms-correlation-request-id": [
          "391c24b1-12ad-4cb2-b68f-5dbb503b5f1c"
        ],
        "x-ms-arm-service-request-id": [
          "874c747c-5a35-409f-acfa-f4166fb3a284"
        ],
        "Strict-Transport-Security": [
          "max-age=31536000; includeSubDomains"
        ],
        "Server": [
          "Microsoft-HTTPAPI/2.0",
          "Microsoft-HTTPAPI/2.0"
        ],
        "x-ms-ratelimit-remaining-subscription-reads": [
          "11993"
        ],
        "x-ms-routing-request-id": [
          "FRANCESOUTH:20220316T090558Z:391c24b1-12ad-4cb2-b68f-5dbb503b5f1c"
        ],
        "X-Content-Type-Options": [
          "nosniff"
        ],
        "Date": [
          "Wed, 16 Mar 2022 09:05:57 GMT"
        ],
        "Content-Length": [
          "29"
        ],
        "Content-Type": [
          "application/json; charset=utf-8"
        ],
        "Expires": [
          "-1"
        ]
      },
      "ResponseBody": "{\r\n  \"status\": \"Succeeded\"\r\n}",
      "StatusCode": 200
    },
    {
      "RequestUri": "/subscriptions/69a75bda-882e-44d5-8431-63421204132a/resourceGroups/ps582/providers/Microsoft.NetApp/netAppAccounts/ps5196?api-version=2021-10-01",
      "EncodedRequestUri": "L3N1YnNjcmlwdGlvbnMvNjlhNzViZGEtODgyZS00NGQ1LTg0MzEtNjM0MjEyMDQxMzJhL3Jlc291cmNlR3JvdXBzL3BzNTgyL3Byb3ZpZGVycy9NaWNyb3NvZnQuTmV0QXBwL25ldEFwcEFjY291bnRzL3BzNTE5Nj9hcGktdmVyc2lvbj0yMDIxLTEwLTAx",
      "RequestMethod": "GET",
      "RequestBody": "",
      "RequestHeaders": {
        "x-ms-client-request-id": [
          "33535488-c03e-4859-9482-8d9e63482ea9"
        ],
        "Accept-Language": [
          "en-US"
        ],
        "User-Agent": [
          "FxVersion/4.700.22.11601",
          "OSName/Windows",
          "OSVersion/Microsoft.Windows.10.0.19044",
          "Microsoft.Azure.Management.NetApp.AzureNetAppFilesManagementClient/1.16.0.0"
        ]
      },
      "ResponseHeaders": {
        "Cache-Control": [
          "no-cache"
        ],
        "Pragma": [
          "no-cache"
        ],
        "x-ms-failure-cause": [
          "gateway"
        ],
        "x-ms-request-id": [
          "b341d523-74b6-4e7f-87d9-d9db51df4b90"
        ],
        "x-ms-correlation-request-id": [
          "b341d523-74b6-4e7f-87d9-d9db51df4b90"
        ],
        "x-ms-routing-request-id": [
          "FRANCESOUTH:20220316T090600Z:b341d523-74b6-4e7f-87d9-d9db51df4b90"
        ],
        "Strict-Transport-Security": [
          "max-age=31536000; includeSubDomains"
        ],
        "X-Content-Type-Options": [
          "nosniff"
        ],
        "Date": [
          "Wed, 16 Mar 2022 09:06:00 GMT"
        ],
        "Content-Type": [
          "application/json; charset=utf-8"
        ],
        "Expires": [
          "-1"
        ],
        "Content-Length": [
          "215"
        ]
      },
      "ResponseBody": "{\r\n  \"error\": {\r\n    \"code\": \"ResourceNotFound\",\r\n    \"message\": \"The Resource 'Microsoft.NetApp/netAppAccounts/ps5196' under resource group 'ps582' was not found. For more details please go to https://aka.ms/ARMResourceNotFoundFix\"\r\n  }\r\n}",
      "StatusCode": 404
    },
    {
      "RequestUri": "/subscriptions/69a75bda-882e-44d5-8431-63421204132a/resourceGroups/ps582/providers/Microsoft.NetApp/netAppAccounts/ps5196?api-version=2021-10-01",
      "EncodedRequestUri": "L3N1YnNjcmlwdGlvbnMvNjlhNzViZGEtODgyZS00NGQ1LTg0MzEtNjM0MjEyMDQxMzJhL3Jlc291cmNlR3JvdXBzL3BzNTgyL3Byb3ZpZGVycy9NaWNyb3NvZnQuTmV0QXBwL25ldEFwcEFjY291bnRzL3BzNTE5Nj9hcGktdmVyc2lvbj0yMDIxLTEwLTAx",
      "RequestMethod": "GET",
      "RequestBody": "",
      "RequestHeaders": {
        "x-ms-client-request-id": [
          "33535488-c03e-4859-9482-8d9e63482ea9"
        ],
        "User-Agent": [
          "FxVersion/4.700.22.11601",
          "OSName/Windows",
          "OSVersion/Microsoft.Windows.10.0.19044",
          "Microsoft.Azure.Management.NetApp.AzureNetAppFilesManagementClient/1.16.0.0"
        ]
      },
      "ResponseHeaders": {
        "Cache-Control": [
          "no-cache"
        ],
        "Pragma": [
          "no-cache"
        ],
        "ETag": [
          "W/\"datetime'2022-03-16T09%3A06%3A05.9647061Z'\""
        ],
        "x-ms-request-id": [
          "6be1d746-994e-4021-b9eb-d63fc3cbf088"
        ],
        "Server": [
          "Microsoft-IIS/10.0"
        ],
        "X-Powered-By": [
          "ASP.NET"
        ],
        "x-ms-ratelimit-remaining-subscription-reads": [
          "11997"
        ],
        "x-ms-correlation-request-id": [
          "95c81065-6879-4615-8cc7-ab2c657ddb12"
        ],
        "x-ms-routing-request-id": [
          "FRANCESOUTH:20220316T090637Z:95c81065-6879-4615-8cc7-ab2c657ddb12"
        ],
        "Strict-Transport-Security": [
          "max-age=31536000; includeSubDomains"
        ],
        "X-Content-Type-Options": [
          "nosniff"
        ],
        "Date": [
          "Wed, 16 Mar 2022 09:06:37 GMT"
        ],
        "Content-Length": [
          "414"
        ],
        "Content-Type": [
          "application/json; charset=utf-8"
        ],
        "Expires": [
          "-1"
        ]
      },
      "ResponseBody": "{\r\n  \"id\": \"/subscriptions/69a75bda-882e-44d5-8431-63421204132a/resourceGroups/ps582/providers/Microsoft.NetApp/netAppAccounts/ps5196\",\r\n  \"name\": \"ps5196\",\r\n  \"type\": \"Microsoft.NetApp/netAppAccounts\",\r\n  \"etag\": \"W/\\\"datetime'2022-03-16T09%3A06%3A05.9647061Z'\\\"\",\r\n  \"location\": \"eastus\",\r\n  \"tags\": {\r\n    \"CreatedOnDate\": \"2022-03-16T09:06:02.7514129Z\"\r\n  },\r\n  \"properties\": {\r\n    \"encryption\": {\r\n      \"keySource\": \"Microsoft.NetApp\"\r\n    },\r\n    \"provisioningState\": \"Succeeded\"\r\n  }\r\n}",
      "StatusCode": 200
    },
    {
      "RequestUri": "/subscriptions/69a75bda-882e-44d5-8431-63421204132a/resourceGroups/ps582/providers/Microsoft.NetApp/netAppAccounts/ps5196?api-version=2021-10-01",
      "EncodedRequestUri": "L3N1YnNjcmlwdGlvbnMvNjlhNzViZGEtODgyZS00NGQ1LTg0MzEtNjM0MjEyMDQxMzJhL3Jlc291cmNlR3JvdXBzL3BzNTgyL3Byb3ZpZGVycy9NaWNyb3NvZnQuTmV0QXBwL25ldEFwcEFjY291bnRzL3BzNTE5Nj9hcGktdmVyc2lvbj0yMDIxLTEwLTAx",
      "RequestMethod": "PUT",
      "RequestBody": "{\r\n  \"location\": \"eastus\"\r\n}",
      "RequestHeaders": {
        "x-ms-client-request-id": [
          "33535488-c03e-4859-9482-8d9e63482ea9"
        ],
        "Accept-Language": [
          "en-US"
        ],
        "User-Agent": [
          "FxVersion/4.700.22.11601",
          "OSName/Windows",
          "OSVersion/Microsoft.Windows.10.0.19044",
          "Microsoft.Azure.Management.NetApp.AzureNetAppFilesManagementClient/1.16.0.0"
        ],
        "Content-Type": [
          "application/json; charset=utf-8"
        ],
        "Content-Length": [
          "28"
        ]
      },
      "ResponseHeaders": {
        "Cache-Control": [
          "no-cache"
        ],
        "Pragma": [
          "no-cache"
        ],
        "ETag": [
          "W/\"datetime'2022-03-16T09%3A06%3A05.8743545Z'\""
        ],
        "x-ms-request-id": [
          "e9b4ab9a-65d2-466a-8f68-4c8fd2fc6dba"
        ],
        "Azure-AsyncOperation": [
          "https://management.azure.com/subscriptions/69a75bda-882e-44d5-8431-63421204132a/providers/Microsoft.NetApp/locations/eastus/operationResults/19097503-9bd2-4893-bed1-526c1494a7a0?api-version=2021-10-01"
        ],
        "Server": [
          "Microsoft-IIS/10.0"
        ],
        "X-Powered-By": [
          "ASP.NET"
        ],
        "x-ms-ratelimit-remaining-subscription-writes": [
          "1199"
        ],
        "x-ms-correlation-request-id": [
          "340a6527-4922-4c73-bea3-833f345ff5bf"
        ],
        "x-ms-routing-request-id": [
          "FRANCESOUTH:20220316T090606Z:340a6527-4922-4c73-bea3-833f345ff5bf"
        ],
        "Strict-Transport-Security": [
          "max-age=31536000; includeSubDomains"
        ],
        "X-Content-Type-Options": [
          "nosniff"
        ],
        "Date": [
          "Wed, 16 Mar 2022 09:06:06 GMT"
        ],
        "Content-Length": [
          "367"
        ],
        "Content-Type": [
          "application/json; charset=utf-8"
        ],
        "Expires": [
          "-1"
        ]
      },
      "ResponseBody": "{\r\n  \"id\": \"/subscriptions/69a75bda-882e-44d5-8431-63421204132a/resourceGroups/ps582/providers/Microsoft.NetApp/netAppAccounts/ps5196\",\r\n  \"name\": \"ps5196\",\r\n  \"type\": \"Microsoft.NetApp/netAppAccounts\",\r\n  \"etag\": \"W/\\\"datetime'2022-03-16T09%3A06%3A05.8743545Z'\\\"\",\r\n  \"location\": \"eastus\",\r\n  \"tags\": {\r\n    \"CreatedOnDate\": \"2022-03-16T09:06:02.7514129Z\"\r\n  },\r\n  \"properties\": {\r\n    \"provisioningState\": \"Creating\"\r\n  }\r\n}",
      "StatusCode": 201
    },
    {
      "RequestUri": "/subscriptions/69a75bda-882e-44d5-8431-63421204132a/providers/Microsoft.NetApp/locations/eastus/operationResults/19097503-9bd2-4893-bed1-526c1494a7a0?api-version=2021-10-01",
      "EncodedRequestUri": "L3N1YnNjcmlwdGlvbnMvNjlhNzViZGEtODgyZS00NGQ1LTg0MzEtNjM0MjEyMDQxMzJhL3Byb3ZpZGVycy9NaWNyb3NvZnQuTmV0QXBwL2xvY2F0aW9ucy9lYXN0dXMvb3BlcmF0aW9uUmVzdWx0cy8xOTA5NzUwMy05YmQyLTQ4OTMtYmVkMS01MjZjMTQ5NGE3YTA/YXBpLXZlcnNpb249MjAyMS0xMC0wMQ==",
      "RequestMethod": "GET",
      "RequestBody": "",
      "RequestHeaders": {
        "x-ms-client-request-id": [
          "33535488-c03e-4859-9482-8d9e63482ea9"
        ],
        "User-Agent": [
          "FxVersion/4.700.22.11601",
          "OSName/Windows",
          "OSVersion/Microsoft.Windows.10.0.19044",
          "Microsoft.Azure.Management.NetApp.AzureNetAppFilesManagementClient/1.16.0.0"
        ]
      },
      "ResponseHeaders": {
        "Cache-Control": [
          "no-cache"
        ],
        "Pragma": [
          "no-cache"
        ],
        "x-ms-request-id": [
          "a075cbb4-e358-4a0b-b3c5-44ab01eb5e05"
        ],
        "Server": [
          "Microsoft-IIS/10.0"
        ],
        "X-Powered-By": [
          "ASP.NET"
        ],
        "x-ms-ratelimit-remaining-subscription-reads": [
          "11998"
        ],
        "x-ms-correlation-request-id": [
          "02036811-2ff6-4b20-9fce-4d680febc783"
        ],
        "x-ms-routing-request-id": [
          "FRANCESOUTH:20220316T090637Z:02036811-2ff6-4b20-9fce-4d680febc783"
        ],
        "Strict-Transport-Security": [
          "max-age=31536000; includeSubDomains"
        ],
        "X-Content-Type-Options": [
          "nosniff"
        ],
        "Date": [
          "Wed, 16 Mar 2022 09:06:36 GMT"
        ],
        "Content-Length": [
          "487"
        ],
        "Content-Type": [
          "application/json; charset=utf-8"
        ],
        "Expires": [
          "-1"
        ]
      },
      "ResponseBody": "{\r\n  \"id\": \"/subscriptions/69a75bda-882e-44d5-8431-63421204132a/providers/Microsoft.NetApp/locations/eastus/operationResults/19097503-9bd2-4893-bed1-526c1494a7a0\",\r\n  \"name\": \"19097503-9bd2-4893-bed1-526c1494a7a0\",\r\n  \"status\": \"Succeeded\",\r\n  \"startTime\": \"2022-03-16T09:06:05.8836337Z\",\r\n  \"endTime\": \"2022-03-16T09:06:05.9735861Z\",\r\n  \"percentComplete\": 100.0,\r\n  \"properties\": {\r\n    \"resourceName\": \"/subscriptions/69a75bda-882e-44d5-8431-63421204132a/resourceGroups/ps582/providers/Microsoft.NetApp/netAppAccounts/ps5196\"\r\n  }\r\n}",
      "StatusCode": 200
    },
    {
      "RequestUri": "/subscriptions/69a75bda-882e-44d5-8431-63421204132a/resourceGroups/ps582/providers/Microsoft.NetApp/netAppAccounts/ps5196/capacityPools/ps4453?api-version=2021-10-01",
      "EncodedRequestUri": "L3N1YnNjcmlwdGlvbnMvNjlhNzViZGEtODgyZS00NGQ1LTg0MzEtNjM0MjEyMDQxMzJhL3Jlc291cmNlR3JvdXBzL3BzNTgyL3Byb3ZpZGVycy9NaWNyb3NvZnQuTmV0QXBwL25ldEFwcEFjY291bnRzL3BzNTE5Ni9jYXBhY2l0eVBvb2xzL3BzNDQ1Mz9hcGktdmVyc2lvbj0yMDIxLTEwLTAx",
      "RequestMethod": "GET",
      "RequestBody": "",
      "RequestHeaders": {
        "x-ms-client-request-id": [
          "5695dbe9-2db5-4f84-9d47-31e8a4c05691"
        ],
        "Accept-Language": [
          "en-US"
        ],
        "User-Agent": [
          "FxVersion/4.700.22.11601",
          "OSName/Windows",
          "OSVersion/Microsoft.Windows.10.0.19044",
          "Microsoft.Azure.Management.NetApp.AzureNetAppFilesManagementClient/1.16.0.0"
        ]
      },
      "ResponseHeaders": {
        "Cache-Control": [
          "no-cache"
        ],
        "Pragma": [
          "no-cache"
        ],
        "x-ms-failure-cause": [
          "gateway"
        ],
        "x-ms-request-id": [
          "b0b5d03c-f85d-431b-93b9-4425df95eb60"
        ],
        "x-ms-correlation-request-id": [
          "b0b5d03c-f85d-431b-93b9-4425df95eb60"
        ],
        "x-ms-routing-request-id": [
          "FRANCESOUTH:20220316T090637Z:b0b5d03c-f85d-431b-93b9-4425df95eb60"
        ],
        "Strict-Transport-Security": [
          "max-age=31536000; includeSubDomains"
        ],
        "X-Content-Type-Options": [
          "nosniff"
        ],
        "Date": [
          "Wed, 16 Mar 2022 09:06:37 GMT"
        ],
        "Content-Type": [
          "application/json; charset=utf-8"
        ],
        "Expires": [
          "-1"
        ],
        "Content-Length": [
          "236"
        ]
      },
      "ResponseBody": "{\r\n  \"error\": {\r\n    \"code\": \"ResourceNotFound\",\r\n    \"message\": \"The Resource 'Microsoft.NetApp/netAppAccounts/ps5196/capacityPools/ps4453' under resource group 'ps582' was not found. For more details please go to https://aka.ms/ARMResourceNotFoundFix\"\r\n  }\r\n}",
      "StatusCode": 404
    },
    {
      "RequestUri": "/subscriptions/69a75bda-882e-44d5-8431-63421204132a/resourceGroups/ps582/providers/Microsoft.NetApp/netAppAccounts/ps5196/capacityPools/ps4453?api-version=2021-10-01",
      "EncodedRequestUri": "L3N1YnNjcmlwdGlvbnMvNjlhNzViZGEtODgyZS00NGQ1LTg0MzEtNjM0MjEyMDQxMzJhL3Jlc291cmNlR3JvdXBzL3BzNTgyL3Byb3ZpZGVycy9NaWNyb3NvZnQuTmV0QXBwL25ldEFwcEFjY291bnRzL3BzNTE5Ni9jYXBhY2l0eVBvb2xzL3BzNDQ1Mz9hcGktdmVyc2lvbj0yMDIxLTEwLTAx",
      "RequestMethod": "GET",
      "RequestBody": "",
      "RequestHeaders": {
        "x-ms-client-request-id": [
          "5695dbe9-2db5-4f84-9d47-31e8a4c05691"
        ],
        "User-Agent": [
          "FxVersion/4.700.22.11601",
          "OSName/Windows",
          "OSVersion/Microsoft.Windows.10.0.19044",
          "Microsoft.Azure.Management.NetApp.AzureNetAppFilesManagementClient/1.16.0.0"
        ]
      },
      "ResponseHeaders": {
        "Cache-Control": [
          "no-cache"
        ],
        "Pragma": [
          "no-cache"
        ],
        "ETag": [
          "W/\"datetime'2022-03-16T09%3A06%3A40.7068582Z'\""
        ],
        "x-ms-request-id": [
          "b963eb59-576a-495a-b821-33054e60c90d"
        ],
        "Server": [
          "Microsoft-IIS/10.0"
        ],
        "X-Powered-By": [
          "ASP.NET"
        ],
        "x-ms-ratelimit-remaining-subscription-reads": [
          "11994"
        ],
        "x-ms-correlation-request-id": [
          "06ac23ca-3331-4c0e-8563-b6408dce6562"
        ],
        "x-ms-routing-request-id": [
          "FRANCESOUTH:20220316T090712Z:06ac23ca-3331-4c0e-8563-b6408dce6562"
        ],
        "Strict-Transport-Security": [
          "max-age=31536000; includeSubDomains"
        ],
        "X-Content-Type-Options": [
          "nosniff"
        ],
        "Date": [
          "Wed, 16 Mar 2022 09:07:12 GMT"
        ],
        "Content-Length": [
          "627"
        ],
        "Content-Type": [
          "application/json; charset=utf-8"
        ],
        "Expires": [
          "-1"
        ]
      },
      "ResponseBody": "{\r\n  \"id\": \"/subscriptions/69a75bda-882e-44d5-8431-63421204132a/resourceGroups/ps582/providers/Microsoft.NetApp/netAppAccounts/ps5196/capacityPools/ps4453\",\r\n  \"name\": \"ps5196/ps4453\",\r\n  \"type\": \"Microsoft.NetApp/netAppAccounts/capacityPools\",\r\n  \"etag\": \"W/\\\"datetime'2022-03-16T09%3A06%3A40.7068582Z'\\\"\",\r\n  \"location\": \"eastus\",\r\n  \"tags\": {\r\n    \"CreatedOnDate\": \"2022-03-16T09:06:38.2370826Z\"\r\n  },\r\n  \"properties\": {\r\n    \"poolId\": \"b0a93bc5-0bd0-fe8e-37e5-46e621a4a58e\",\r\n    \"serviceLevel\": \"Premium\",\r\n    \"size\": 4398046511104,\r\n    \"qosType\": \"Auto\",\r\n    \"totalThroughputMibps\": 262.144,\r\n    \"utilizedThroughputMibps\": 0.0,\r\n    \"encryptionType\": \"Single\",\r\n    \"coolAccess\": false,\r\n    \"provisioningState\": \"Succeeded\"\r\n  }\r\n}",
      "StatusCode": 200
    },
    {
      "RequestUri": "/subscriptions/69a75bda-882e-44d5-8431-63421204132a/resourceGroups/ps582/providers/Microsoft.NetApp/netAppAccounts/ps5196/capacityPools/ps4453?api-version=2021-10-01",
      "EncodedRequestUri": "L3N1YnNjcmlwdGlvbnMvNjlhNzViZGEtODgyZS00NGQ1LTg0MzEtNjM0MjEyMDQxMzJhL3Jlc291cmNlR3JvdXBzL3BzNTgyL3Byb3ZpZGVycy9NaWNyb3NvZnQuTmV0QXBwL25ldEFwcEFjY291bnRzL3BzNTE5Ni9jYXBhY2l0eVBvb2xzL3BzNDQ1Mz9hcGktdmVyc2lvbj0yMDIxLTEwLTAx",
      "RequestMethod": "PUT",
      "RequestBody": "{\r\n  \"location\": \"eastus\",\r\n  \"properties\": {\r\n    \"size\": 4398046511104,\r\n    \"serviceLevel\": \"Premium\",\r\n    \"coolAccess\": false\r\n  }\r\n}",
      "RequestHeaders": {
        "x-ms-client-request-id": [
          "5695dbe9-2db5-4f84-9d47-31e8a4c05691"
        ],
        "Accept-Language": [
          "en-US"
        ],
        "User-Agent": [
          "FxVersion/4.700.22.11601",
          "OSName/Windows",
          "OSVersion/Microsoft.Windows.10.0.19044",
          "Microsoft.Azure.Management.NetApp.AzureNetAppFilesManagementClient/1.16.0.0"
        ],
        "Content-Type": [
          "application/json; charset=utf-8"
        ],
        "Content-Length": [
          "138"
        ]
      },
      "ResponseHeaders": {
        "Cache-Control": [
          "no-cache"
        ],
        "Pragma": [
          "no-cache"
        ],
        "ETag": [
          "W/\"datetime'2022-03-16T09%3A06%3A40.4537764Z'\""
        ],
        "x-ms-request-id": [
          "edc0a36b-73bb-4a64-be62-d5c879a65ea4"
        ],
        "Azure-AsyncOperation": [
          "https://management.azure.com/subscriptions/69a75bda-882e-44d5-8431-63421204132a/providers/Microsoft.NetApp/locations/eastus/operationResults/fee0ac75-663d-42fe-add1-f934e118778f?api-version=2021-10-01"
        ],
        "Server": [
          "Microsoft-IIS/10.0"
        ],
        "X-Powered-By": [
          "ASP.NET"
        ],
        "x-ms-ratelimit-remaining-subscription-writes": [
          "1198"
        ],
        "x-ms-correlation-request-id": [
          "b03d778d-5b83-446d-8f45-f400207c733f"
        ],
        "x-ms-routing-request-id": [
          "FRANCESOUTH:20220316T090641Z:b03d778d-5b83-446d-8f45-f400207c733f"
        ],
        "Strict-Transport-Security": [
          "max-age=31536000; includeSubDomains"
        ],
        "X-Content-Type-Options": [
          "nosniff"
        ],
        "Date": [
          "Wed, 16 Mar 2022 09:06:41 GMT"
        ],
        "Content-Length": [
          "531"
        ],
        "Content-Type": [
          "application/json; charset=utf-8"
        ],
        "Expires": [
          "-1"
        ]
      },
      "ResponseBody": "{\r\n  \"id\": \"/subscriptions/69a75bda-882e-44d5-8431-63421204132a/resourceGroups/ps582/providers/Microsoft.NetApp/netAppAccounts/ps5196/capacityPools/ps4453\",\r\n  \"name\": \"ps5196/ps4453\",\r\n  \"type\": \"Microsoft.NetApp/netAppAccounts/capacityPools\",\r\n  \"etag\": \"W/\\\"datetime'2022-03-16T09%3A06%3A40.4537764Z'\\\"\",\r\n  \"location\": \"eastus\",\r\n  \"tags\": {\r\n    \"CreatedOnDate\": \"2022-03-16T09:06:38.2370826Z\"\r\n  },\r\n  \"properties\": {\r\n    \"serviceLevel\": \"Premium\",\r\n    \"size\": 4398046511104,\r\n    \"totalThroughputMibps\": 0.0,\r\n    \"utilizedThroughputMibps\": 0.0,\r\n    \"coolAccess\": false,\r\n    \"provisioningState\": \"Creating\"\r\n  }\r\n}",
      "StatusCode": 201
    },
    {
      "RequestUri": "/subscriptions/69a75bda-882e-44d5-8431-63421204132a/providers/Microsoft.NetApp/locations/eastus/operationResults/fee0ac75-663d-42fe-add1-f934e118778f?api-version=2021-10-01",
      "EncodedRequestUri": "L3N1YnNjcmlwdGlvbnMvNjlhNzViZGEtODgyZS00NGQ1LTg0MzEtNjM0MjEyMDQxMzJhL3Byb3ZpZGVycy9NaWNyb3NvZnQuTmV0QXBwL2xvY2F0aW9ucy9lYXN0dXMvb3BlcmF0aW9uUmVzdWx0cy9mZWUwYWM3NS02NjNkLTQyZmUtYWRkMS1mOTM0ZTExODc3OGY/YXBpLXZlcnNpb249MjAyMS0xMC0wMQ==",
      "RequestMethod": "GET",
      "RequestBody": "",
      "RequestHeaders": {
        "x-ms-client-request-id": [
          "5695dbe9-2db5-4f84-9d47-31e8a4c05691"
        ],
        "User-Agent": [
          "FxVersion/4.700.22.11601",
          "OSName/Windows",
          "OSVersion/Microsoft.Windows.10.0.19044",
          "Microsoft.Azure.Management.NetApp.AzureNetAppFilesManagementClient/1.16.0.0"
        ]
      },
      "ResponseHeaders": {
        "Cache-Control": [
          "no-cache"
        ],
        "Pragma": [
          "no-cache"
        ],
        "x-ms-request-id": [
          "41e13515-3893-487a-8dca-20e122bf84c3"
        ],
        "Server": [
          "Microsoft-IIS/10.0"
        ],
        "X-Powered-By": [
          "ASP.NET"
        ],
        "x-ms-ratelimit-remaining-subscription-reads": [
          "11995"
        ],
        "x-ms-correlation-request-id": [
          "64439065-bfe5-4138-90ce-a6ce46c5bc01"
        ],
        "x-ms-routing-request-id": [
          "FRANCESOUTH:20220316T090712Z:64439065-bfe5-4138-90ce-a6ce46c5bc01"
        ],
        "Strict-Transport-Security": [
          "max-age=31536000; includeSubDomains"
        ],
        "X-Content-Type-Options": [
          "nosniff"
        ],
        "Date": [
          "Wed, 16 Mar 2022 09:07:12 GMT"
        ],
        "Content-Length": [
          "508"
        ],
        "Content-Type": [
          "application/json; charset=utf-8"
        ],
        "Expires": [
          "-1"
        ]
      },
      "ResponseBody": "{\r\n  \"id\": \"/subscriptions/69a75bda-882e-44d5-8431-63421204132a/providers/Microsoft.NetApp/locations/eastus/operationResults/fee0ac75-663d-42fe-add1-f934e118778f\",\r\n  \"name\": \"fee0ac75-663d-42fe-add1-f934e118778f\",\r\n  \"status\": \"Succeeded\",\r\n  \"startTime\": \"2022-03-16T09:06:40.4629516Z\",\r\n  \"endTime\": \"2022-03-16T09:06:40.7176944Z\",\r\n  \"percentComplete\": 100.0,\r\n  \"properties\": {\r\n    \"resourceName\": \"/subscriptions/69a75bda-882e-44d5-8431-63421204132a/resourceGroups/ps582/providers/Microsoft.NetApp/netAppAccounts/ps5196/capacityPools/ps4453\"\r\n  }\r\n}",
      "StatusCode": 200
    },
    {
      "RequestUri": "/subscriptions/69a75bda-882e-44d5-8431-63421204132a/resourceGroups/ps582/providers/Microsoft.NetApp/netAppAccounts/ps5196/capacityPools/ps8331?api-version=2021-10-01",
      "EncodedRequestUri": "L3N1YnNjcmlwdGlvbnMvNjlhNzViZGEtODgyZS00NGQ1LTg0MzEtNjM0MjEyMDQxMzJhL3Jlc291cmNlR3JvdXBzL3BzNTgyL3Byb3ZpZGVycy9NaWNyb3NvZnQuTmV0QXBwL25ldEFwcEFjY291bnRzL3BzNTE5Ni9jYXBhY2l0eVBvb2xzL3BzODMzMT9hcGktdmVyc2lvbj0yMDIxLTEwLTAx",
      "RequestMethod": "GET",
      "RequestBody": "",
      "RequestHeaders": {
        "x-ms-client-request-id": [
          "09916de1-08e4-4de1-965d-9d01e765abf4"
        ],
        "Accept-Language": [
          "en-US"
        ],
        "User-Agent": [
          "FxVersion/4.700.22.11601",
          "OSName/Windows",
          "OSVersion/Microsoft.Windows.10.0.19044",
          "Microsoft.Azure.Management.NetApp.AzureNetAppFilesManagementClient/1.16.0.0"
        ]
      },
      "ResponseHeaders": {
        "Cache-Control": [
          "no-cache"
        ],
        "Pragma": [
          "no-cache"
        ],
        "x-ms-failure-cause": [
          "gateway"
        ],
        "x-ms-request-id": [
          "1fa90aee-cd6c-46a6-b327-9b61ddd05a79"
        ],
        "x-ms-correlation-request-id": [
          "1fa90aee-cd6c-46a6-b327-9b61ddd05a79"
        ],
        "x-ms-routing-request-id": [
          "FRANCESOUTH:20220316T090712Z:1fa90aee-cd6c-46a6-b327-9b61ddd05a79"
        ],
        "Strict-Transport-Security": [
          "max-age=31536000; includeSubDomains"
        ],
        "X-Content-Type-Options": [
          "nosniff"
        ],
        "Date": [
          "Wed, 16 Mar 2022 09:07:12 GMT"
        ],
        "Content-Type": [
          "application/json; charset=utf-8"
        ],
        "Expires": [
          "-1"
        ],
        "Content-Length": [
          "236"
        ]
      },
      "ResponseBody": "{\r\n  \"error\": {\r\n    \"code\": \"ResourceNotFound\",\r\n    \"message\": \"The Resource 'Microsoft.NetApp/netAppAccounts/ps5196/capacityPools/ps8331' under resource group 'ps582' was not found. For more details please go to https://aka.ms/ARMResourceNotFoundFix\"\r\n  }\r\n}",
      "StatusCode": 404
    },
    {
      "RequestUri": "/subscriptions/69a75bda-882e-44d5-8431-63421204132a/resourceGroups/ps582/providers/Microsoft.NetApp/netAppAccounts/ps5196/capacityPools/ps8331?api-version=2021-10-01",
      "EncodedRequestUri": "L3N1YnNjcmlwdGlvbnMvNjlhNzViZGEtODgyZS00NGQ1LTg0MzEtNjM0MjEyMDQxMzJhL3Jlc291cmNlR3JvdXBzL3BzNTgyL3Byb3ZpZGVycy9NaWNyb3NvZnQuTmV0QXBwL25ldEFwcEFjY291bnRzL3BzNTE5Ni9jYXBhY2l0eVBvb2xzL3BzODMzMT9hcGktdmVyc2lvbj0yMDIxLTEwLTAx",
      "RequestMethod": "GET",
      "RequestBody": "",
      "RequestHeaders": {
        "x-ms-client-request-id": [
          "09916de1-08e4-4de1-965d-9d01e765abf4"
        ],
        "User-Agent": [
          "FxVersion/4.700.22.11601",
          "OSName/Windows",
          "OSVersion/Microsoft.Windows.10.0.19044",
          "Microsoft.Azure.Management.NetApp.AzureNetAppFilesManagementClient/1.16.0.0"
        ]
      },
      "ResponseHeaders": {
        "Cache-Control": [
          "no-cache"
        ],
        "Pragma": [
          "no-cache"
        ],
        "ETag": [
          "W/\"datetime'2022-03-16T09%3A07%3A14.0757942Z'\""
        ],
        "x-ms-request-id": [
          "79b5031f-7fb2-4bfd-a239-390f5e07a419"
        ],
        "Server": [
          "Microsoft-IIS/10.0"
        ],
        "X-Powered-By": [
          "ASP.NET"
        ],
        "x-ms-ratelimit-remaining-subscription-reads": [
          "11991"
        ],
        "x-ms-correlation-request-id": [
          "c319dbe5-7ec5-4d26-85d4-467fa7c4715a"
        ],
        "x-ms-routing-request-id": [
          "FRANCESOUTH:20220316T090744Z:c319dbe5-7ec5-4d26-85d4-467fa7c4715a"
        ],
        "Strict-Transport-Security": [
          "max-age=31536000; includeSubDomains"
        ],
        "X-Content-Type-Options": [
          "nosniff"
        ],
        "Date": [
          "Wed, 16 Mar 2022 09:07:44 GMT"
        ],
        "Content-Length": [
          "627"
        ],
        "Content-Type": [
          "application/json; charset=utf-8"
        ],
        "Expires": [
          "-1"
        ]
      },
      "ResponseBody": "{\r\n  \"id\": \"/subscriptions/69a75bda-882e-44d5-8431-63421204132a/resourceGroups/ps582/providers/Microsoft.NetApp/netAppAccounts/ps5196/capacityPools/ps8331\",\r\n  \"name\": \"ps5196/ps8331\",\r\n  \"type\": \"Microsoft.NetApp/netAppAccounts/capacityPools\",\r\n  \"etag\": \"W/\\\"datetime'2022-03-16T09%3A07%3A14.0757942Z'\\\"\",\r\n  \"location\": \"eastus\",\r\n  \"tags\": {\r\n    \"CreatedOnDate\": \"2022-03-16T09:07:12.7448895Z\"\r\n  },\r\n  \"properties\": {\r\n    \"poolId\": \"55388e6e-8ed3-e1a3-b241-73b8591ac2bc\",\r\n    \"serviceLevel\": \"Premium\",\r\n    \"size\": 4398046511104,\r\n    \"qosType\": \"Auto\",\r\n    \"totalThroughputMibps\": 262.144,\r\n    \"utilizedThroughputMibps\": 0.0,\r\n    \"encryptionType\": \"Single\",\r\n    \"coolAccess\": false,\r\n    \"provisioningState\": \"Succeeded\"\r\n  }\r\n}",
      "StatusCode": 200
    },
    {
      "RequestUri": "/subscriptions/69a75bda-882e-44d5-8431-63421204132a/resourceGroups/ps582/providers/Microsoft.NetApp/netAppAccounts/ps5196/capacityPools/ps8331?api-version=2021-10-01",
      "EncodedRequestUri": "L3N1YnNjcmlwdGlvbnMvNjlhNzViZGEtODgyZS00NGQ1LTg0MzEtNjM0MjEyMDQxMzJhL3Jlc291cmNlR3JvdXBzL3BzNTgyL3Byb3ZpZGVycy9NaWNyb3NvZnQuTmV0QXBwL25ldEFwcEFjY291bnRzL3BzNTE5Ni9jYXBhY2l0eVBvb2xzL3BzODMzMT9hcGktdmVyc2lvbj0yMDIxLTEwLTAx",
      "RequestMethod": "PUT",
      "RequestBody": "{\r\n  \"location\": \"eastus\",\r\n  \"properties\": {\r\n    \"size\": 4398046511104,\r\n    \"serviceLevel\": \"Premium\",\r\n    \"coolAccess\": false\r\n  }\r\n}",
      "RequestHeaders": {
        "x-ms-client-request-id": [
          "09916de1-08e4-4de1-965d-9d01e765abf4"
        ],
        "Accept-Language": [
          "en-US"
        ],
        "User-Agent": [
          "FxVersion/4.700.22.11601",
          "OSName/Windows",
          "OSVersion/Microsoft.Windows.10.0.19044",
          "Microsoft.Azure.Management.NetApp.AzureNetAppFilesManagementClient/1.16.0.0"
        ],
        "Content-Type": [
          "application/json; charset=utf-8"
        ],
        "Content-Length": [
          "138"
        ]
      },
      "ResponseHeaders": {
        "Cache-Control": [
          "no-cache"
        ],
        "Pragma": [
          "no-cache"
        ],
        "ETag": [
          "W/\"datetime'2022-03-16T09%3A07%3A13.9138313Z'\""
        ],
        "x-ms-request-id": [
          "114400a3-5af1-49d8-b138-9fc51096054d"
        ],
        "Azure-AsyncOperation": [
          "https://management.azure.com/subscriptions/69a75bda-882e-44d5-8431-63421204132a/providers/Microsoft.NetApp/locations/eastus/operationResults/19796ef9-98f7-49d0-a311-062c982f32d4?api-version=2021-10-01"
        ],
        "Server": [
          "Microsoft-IIS/10.0"
        ],
        "X-Powered-By": [
          "ASP.NET"
        ],
        "x-ms-ratelimit-remaining-subscription-writes": [
          "1197"
        ],
        "x-ms-correlation-request-id": [
          "8f1d4bc9-2133-4f50-a871-aaaf3e11f486"
        ],
        "x-ms-routing-request-id": [
          "FRANCESOUTH:20220316T090714Z:8f1d4bc9-2133-4f50-a871-aaaf3e11f486"
        ],
        "Strict-Transport-Security": [
          "max-age=31536000; includeSubDomains"
        ],
        "X-Content-Type-Options": [
          "nosniff"
        ],
        "Date": [
          "Wed, 16 Mar 2022 09:07:14 GMT"
        ],
        "Content-Length": [
          "531"
        ],
        "Content-Type": [
          "application/json; charset=utf-8"
        ],
        "Expires": [
          "-1"
        ]
      },
      "ResponseBody": "{\r\n  \"id\": \"/subscriptions/69a75bda-882e-44d5-8431-63421204132a/resourceGroups/ps582/providers/Microsoft.NetApp/netAppAccounts/ps5196/capacityPools/ps8331\",\r\n  \"name\": \"ps5196/ps8331\",\r\n  \"type\": \"Microsoft.NetApp/netAppAccounts/capacityPools\",\r\n  \"etag\": \"W/\\\"datetime'2022-03-16T09%3A07%3A13.9138313Z'\\\"\",\r\n  \"location\": \"eastus\",\r\n  \"tags\": {\r\n    \"CreatedOnDate\": \"2022-03-16T09:07:12.7448895Z\"\r\n  },\r\n  \"properties\": {\r\n    \"serviceLevel\": \"Premium\",\r\n    \"size\": 4398046511104,\r\n    \"totalThroughputMibps\": 0.0,\r\n    \"utilizedThroughputMibps\": 0.0,\r\n    \"coolAccess\": false,\r\n    \"provisioningState\": \"Creating\"\r\n  }\r\n}",
      "StatusCode": 201
    },
    {
      "RequestUri": "/subscriptions/69a75bda-882e-44d5-8431-63421204132a/providers/Microsoft.NetApp/locations/eastus/operationResults/19796ef9-98f7-49d0-a311-062c982f32d4?api-version=2021-10-01",
      "EncodedRequestUri": "L3N1YnNjcmlwdGlvbnMvNjlhNzViZGEtODgyZS00NGQ1LTg0MzEtNjM0MjEyMDQxMzJhL3Byb3ZpZGVycy9NaWNyb3NvZnQuTmV0QXBwL2xvY2F0aW9ucy9lYXN0dXMvb3BlcmF0aW9uUmVzdWx0cy8xOTc5NmVmOS05OGY3LTQ5ZDAtYTMxMS0wNjJjOTgyZjMyZDQ/YXBpLXZlcnNpb249MjAyMS0xMC0wMQ==",
      "RequestMethod": "GET",
      "RequestBody": "",
      "RequestHeaders": {
        "x-ms-client-request-id": [
          "09916de1-08e4-4de1-965d-9d01e765abf4"
        ],
        "User-Agent": [
          "FxVersion/4.700.22.11601",
          "OSName/Windows",
          "OSVersion/Microsoft.Windows.10.0.19044",
          "Microsoft.Azure.Management.NetApp.AzureNetAppFilesManagementClient/1.16.0.0"
        ]
      },
      "ResponseHeaders": {
        "Cache-Control": [
          "no-cache"
        ],
        "Pragma": [
          "no-cache"
        ],
        "x-ms-request-id": [
          "84f0d365-3b6f-4b49-9640-188b06a4a280"
        ],
        "Server": [
          "Microsoft-IIS/10.0"
        ],
        "X-Powered-By": [
          "ASP.NET"
        ],
        "x-ms-ratelimit-remaining-subscription-reads": [
          "11992"
        ],
        "x-ms-correlation-request-id": [
          "a3a680c6-cc14-4ca7-a9c8-fd0ce4243221"
        ],
        "x-ms-routing-request-id": [
          "FRANCESOUTH:20220316T090744Z:a3a680c6-cc14-4ca7-a9c8-fd0ce4243221"
        ],
        "Strict-Transport-Security": [
          "max-age=31536000; includeSubDomains"
        ],
        "X-Content-Type-Options": [
          "nosniff"
        ],
        "Date": [
          "Wed, 16 Mar 2022 09:07:44 GMT"
        ],
        "Content-Length": [
          "508"
        ],
        "Content-Type": [
          "application/json; charset=utf-8"
        ],
        "Expires": [
          "-1"
        ]
      },
      "ResponseBody": "{\r\n  \"id\": \"/subscriptions/69a75bda-882e-44d5-8431-63421204132a/providers/Microsoft.NetApp/locations/eastus/operationResults/19796ef9-98f7-49d0-a311-062c982f32d4\",\r\n  \"name\": \"19796ef9-98f7-49d0-a311-062c982f32d4\",\r\n  \"status\": \"Succeeded\",\r\n  \"startTime\": \"2022-03-16T09:07:13.9227961Z\",\r\n  \"endTime\": \"2022-03-16T09:07:14.0849227Z\",\r\n  \"percentComplete\": 100.0,\r\n  \"properties\": {\r\n    \"resourceName\": \"/subscriptions/69a75bda-882e-44d5-8431-63421204132a/resourceGroups/ps582/providers/Microsoft.NetApp/netAppAccounts/ps5196/capacityPools/ps8331\"\r\n  }\r\n}",
      "StatusCode": 200
    },
    {
      "RequestUri": "/subscriptions/69a75bda-882e-44d5-8431-63421204132a/resourceGroups/ps582/providers/Microsoft.NetApp/netAppAccounts/ps5196/capacityPools/ps4453/volumes/ps1380?api-version=2021-10-01",
      "EncodedRequestUri": "L3N1YnNjcmlwdGlvbnMvNjlhNzViZGEtODgyZS00NGQ1LTg0MzEtNjM0MjEyMDQxMzJhL3Jlc291cmNlR3JvdXBzL3BzNTgyL3Byb3ZpZGVycy9NaWNyb3NvZnQuTmV0QXBwL25ldEFwcEFjY291bnRzL3BzNTE5Ni9jYXBhY2l0eVBvb2xzL3BzNDQ1My92b2x1bWVzL3BzMTM4MD9hcGktdmVyc2lvbj0yMDIxLTEwLTAx",
      "RequestMethod": "PUT",
      "RequestBody": "{\r\n  \"location\": \"eastus\",\r\n  \"tags\": {\r\n    \"tag1\": \"tagValue1\"\r\n  },\r\n  \"properties\": {\r\n    \"creationToken\": \"ps1380\",\r\n    \"serviceLevel\": \"Premium\",\r\n    \"usageThreshold\": 107374182400,\r\n    \"exportPolicy\": {\r\n      \"rules\": [\r\n        {\r\n          \"ruleIndex\": 1,\r\n          \"unixReadOnly\": false,\r\n          \"unixReadWrite\": true,\r\n          \"cifs\": false,\r\n          \"nfsv3\": true,\r\n          \"nfsv41\": false,\r\n          \"allowedClients\": \"0.0.0.0/0\"\r\n        }\r\n      ]\r\n    },\r\n    \"protocolTypes\": [\r\n      \"NFSv3\"\r\n    ],\r\n    \"subnetId\": \"/subscriptions/69a75bda-882e-44d5-8431-63421204132a/resourceGroups/ps582/providers/Microsoft.Network/virtualNetworks/ps582-vnet/subnets/default\",\r\n    \"snapshotDirectoryVisible\": false,\r\n    \"kerberosEnabled\": false,\r\n    \"smbEncryption\": false,\r\n    \"smbContinuouslyAvailable\": false,\r\n    \"ldapEnabled\": false,\r\n    \"coolAccess\": false,\r\n    \"isDefaultQuotaEnabled\": false\r\n  }\r\n}",
      "RequestHeaders": {
        "x-ms-client-request-id": [
          "a0cc8e2a-a4a5-43d1-92aa-83afef68cdd8"
        ],
        "Accept-Language": [
          "en-US"
        ],
        "User-Agent": [
          "FxVersion/4.700.22.11601",
          "OSName/Windows",
          "OSVersion/Microsoft.Windows.10.0.19044",
          "Microsoft.Azure.Management.NetApp.AzureNetAppFilesManagementClient/1.16.0.0"
        ],
        "Content-Type": [
          "application/json; charset=utf-8"
        ],
        "Content-Length": [
          "934"
        ]
      },
      "ResponseHeaders": {
        "Cache-Control": [
          "no-cache"
        ],
        "Pragma": [
          "no-cache"
        ],
        "ETag": [
          "W/\"datetime'2022-03-16T09%3A07%3A46.7992086Z'\""
        ],
        "x-ms-request-id": [
          "e78d8527-0c18-4c86-afb0-4d29d2ade5c7"
        ],
        "Azure-AsyncOperation": [
          "https://management.azure.com/subscriptions/69a75bda-882e-44d5-8431-63421204132a/providers/Microsoft.NetApp/locations/eastus/operationResults/ff75f60f-6428-43ce-9628-72f0112bb495?api-version=2021-10-01"
        ],
        "Server": [
          "Microsoft-IIS/10.0"
        ],
        "X-Powered-By": [
          "ASP.NET"
        ],
        "x-ms-ratelimit-remaining-subscription-writes": [
          "1196"
        ],
        "x-ms-correlation-request-id": [
          "cec8a365-d3c4-42c1-8923-d1ef2eab3939"
        ],
        "x-ms-routing-request-id": [
          "FRANCESOUTH:20220316T090747Z:cec8a365-d3c4-42c1-8923-d1ef2eab3939"
        ],
        "Strict-Transport-Security": [
          "max-age=31536000; includeSubDomains"
        ],
        "X-Content-Type-Options": [
          "nosniff"
        ],
        "Date": [
          "Wed, 16 Mar 2022 09:07:46 GMT"
        ],
        "Content-Length": [
          "1253"
        ],
        "Content-Type": [
          "application/json; charset=utf-8"
        ],
        "Expires": [
          "-1"
        ]
      },
      "ResponseBody": "{\r\n  \"id\": \"/subscriptions/69a75bda-882e-44d5-8431-63421204132a/resourceGroups/ps582/providers/Microsoft.NetApp/netAppAccounts/ps5196/capacityPools/ps4453/volumes/ps1380\",\r\n  \"name\": \"ps5196/ps4453/ps1380\",\r\n  \"type\": \"Microsoft.NetApp/netAppAccounts/capacityPools/volumes\",\r\n  \"etag\": \"W/\\\"datetime'2022-03-16T09%3A07%3A46.7992086Z'\\\"\",\r\n  \"location\": \"eastus\",\r\n  \"tags\": {\r\n    \"tag1\": \"tagValue1\",\r\n    \"CreatedOnDate\": \"2022-03-16T09:07:45.1553269Z\"\r\n  },\r\n  \"properties\": {\r\n    \"serviceLevel\": \"Premium\",\r\n    \"creationToken\": \"ps1380\",\r\n    \"usageThreshold\": 107374182400,\r\n    \"exportPolicy\": {\r\n      \"rules\": [\r\n        {\r\n          \"ruleIndex\": 1,\r\n          \"unixReadOnly\": false,\r\n          \"unixReadWrite\": true,\r\n          \"cifs\": false,\r\n          \"nfsv3\": true,\r\n          \"nfsv41\": false,\r\n          \"allowedClients\": \"0.0.0.0/0\",\r\n          \"kerberos5ReadOnly\": false,\r\n          \"kerberos5ReadWrite\": false,\r\n          \"kerberos5iReadOnly\": false,\r\n          \"kerberos5iReadWrite\": false,\r\n          \"kerberos5pReadOnly\": false,\r\n          \"kerberos5pReadWrite\": false\r\n        }\r\n      ]\r\n    },\r\n    \"protocolTypes\": [\r\n      \"NFSv3\"\r\n    ],\r\n    \"subnetId\": \"/subscriptions/69a75bda-882e-44d5-8431-63421204132a/resourceGroups/ps582/providers/Microsoft.Network/virtualNetworks/ps582-vnet/subnets/default\",\r\n    \"snapshotDirectoryVisible\": false,\r\n    \"kerberosEnabled\": false,\r\n    \"smbEncryption\": false,\r\n    \"smbContinuouslyAvailable\": false,\r\n    \"ldapEnabled\": false,\r\n    \"coolAccess\": false,\r\n    \"isDefaultQuotaEnabled\": false,\r\n    \"maximumNumberOfFiles\": 100000000,\r\n    \"provisioningState\": \"Creating\"\r\n  }\r\n}",
      "StatusCode": 201
    },
    {
      "RequestUri": "/subscriptions/69a75bda-882e-44d5-8431-63421204132a/providers/Microsoft.NetApp/locations/eastus/operationResults/ff75f60f-6428-43ce-9628-72f0112bb495?api-version=2021-10-01",
      "EncodedRequestUri": "L3N1YnNjcmlwdGlvbnMvNjlhNzViZGEtODgyZS00NGQ1LTg0MzEtNjM0MjEyMDQxMzJhL3Byb3ZpZGVycy9NaWNyb3NvZnQuTmV0QXBwL2xvY2F0aW9ucy9lYXN0dXMvb3BlcmF0aW9uUmVzdWx0cy9mZjc1ZjYwZi02NDI4LTQzY2UtOTYyOC03MmYwMTEyYmI0OTU/YXBpLXZlcnNpb249MjAyMS0xMC0wMQ==",
      "RequestMethod": "GET",
      "RequestBody": "",
      "RequestHeaders": {
        "x-ms-client-request-id": [
          "a0cc8e2a-a4a5-43d1-92aa-83afef68cdd8"
        ],
        "User-Agent": [
          "FxVersion/4.700.22.11601",
          "OSName/Windows",
          "OSVersion/Microsoft.Windows.10.0.19044",
          "Microsoft.Azure.Management.NetApp.AzureNetAppFilesManagementClient/1.16.0.0"
        ]
      },
      "ResponseHeaders": {
        "Cache-Control": [
          "no-cache"
        ],
        "Pragma": [
          "no-cache"
        ],
        "x-ms-request-id": [
          "3ba8fd3b-0a6b-4450-8982-9b6c08972cac"
        ],
        "Server": [
          "Microsoft-IIS/10.0"
        ],
        "X-Powered-By": [
          "ASP.NET"
        ],
        "x-ms-ratelimit-remaining-subscription-reads": [
          "11990"
        ],
        "x-ms-correlation-request-id": [
          "b6235440-02f2-442d-8eda-c92b65b30cfa"
        ],
        "x-ms-routing-request-id": [
          "FRANCESOUTH:20220316T090817Z:b6235440-02f2-442d-8eda-c92b65b30cfa"
        ],
        "Strict-Transport-Security": [
          "max-age=31536000; includeSubDomains"
        ],
        "X-Content-Type-Options": [
          "nosniff"
        ],
        "Date": [
          "Wed, 16 Mar 2022 09:08:16 GMT"
        ],
        "Content-Length": [
          "512"
        ],
        "Content-Type": [
          "application/json; charset=utf-8"
        ],
        "Expires": [
          "-1"
        ]
      },
      "ResponseBody": "{\r\n  \"id\": \"/subscriptions/69a75bda-882e-44d5-8431-63421204132a/providers/Microsoft.NetApp/locations/eastus/operationResults/ff75f60f-6428-43ce-9628-72f0112bb495\",\r\n  \"name\": \"ff75f60f-6428-43ce-9628-72f0112bb495\",\r\n  \"status\": \"Creating\",\r\n  \"startTime\": \"2022-03-16T09:07:46.8066694Z\",\r\n  \"endTime\": \"0001-01-01T00:00:00Z\",\r\n  \"percentComplete\": 0.0,\r\n  \"properties\": {\r\n    \"resourceName\": \"/subscriptions/69a75bda-882e-44d5-8431-63421204132a/resourceGroups/ps582/providers/Microsoft.NetApp/netAppAccounts/ps5196/capacityPools/ps4453/volumes/ps1380\"\r\n  }\r\n}",
      "StatusCode": 200
    },
    {
      "RequestUri": "/subscriptions/69a75bda-882e-44d5-8431-63421204132a/providers/Microsoft.NetApp/locations/eastus/operationResults/ff75f60f-6428-43ce-9628-72f0112bb495?api-version=2021-10-01",
      "EncodedRequestUri": "L3N1YnNjcmlwdGlvbnMvNjlhNzViZGEtODgyZS00NGQ1LTg0MzEtNjM0MjEyMDQxMzJhL3Byb3ZpZGVycy9NaWNyb3NvZnQuTmV0QXBwL2xvY2F0aW9ucy9lYXN0dXMvb3BlcmF0aW9uUmVzdWx0cy9mZjc1ZjYwZi02NDI4LTQzY2UtOTYyOC03MmYwMTEyYmI0OTU/YXBpLXZlcnNpb249MjAyMS0xMC0wMQ==",
      "RequestMethod": "GET",
      "RequestBody": "",
      "RequestHeaders": {
        "x-ms-client-request-id": [
          "a0cc8e2a-a4a5-43d1-92aa-83afef68cdd8"
        ],
        "User-Agent": [
          "FxVersion/4.700.22.11601",
          "OSName/Windows",
          "OSVersion/Microsoft.Windows.10.0.19044",
          "Microsoft.Azure.Management.NetApp.AzureNetAppFilesManagementClient/1.16.0.0"
        ]
      },
      "ResponseHeaders": {
        "Cache-Control": [
          "no-cache"
        ],
        "Pragma": [
          "no-cache"
        ],
        "x-ms-request-id": [
          "ce31a6bd-12a9-4459-88a3-14e7ee5ff8fa"
        ],
        "Server": [
          "Microsoft-IIS/10.0"
        ],
        "X-Powered-By": [
          "ASP.NET"
        ],
        "x-ms-ratelimit-remaining-subscription-reads": [
          "11989"
        ],
        "x-ms-correlation-request-id": [
          "8cf8bc7b-1f30-4e10-a75e-0ab5ba977137"
        ],
        "x-ms-routing-request-id": [
          "FRANCESOUTH:20220316T090847Z:8cf8bc7b-1f30-4e10-a75e-0ab5ba977137"
        ],
        "Strict-Transport-Security": [
          "max-age=31536000; includeSubDomains"
        ],
        "X-Content-Type-Options": [
          "nosniff"
        ],
        "Date": [
          "Wed, 16 Mar 2022 09:08:47 GMT"
        ],
        "Content-Length": [
          "512"
        ],
        "Content-Type": [
          "application/json; charset=utf-8"
        ],
        "Expires": [
          "-1"
        ]
      },
      "ResponseBody": "{\r\n  \"id\": \"/subscriptions/69a75bda-882e-44d5-8431-63421204132a/providers/Microsoft.NetApp/locations/eastus/operationResults/ff75f60f-6428-43ce-9628-72f0112bb495\",\r\n  \"name\": \"ff75f60f-6428-43ce-9628-72f0112bb495\",\r\n  \"status\": \"Creating\",\r\n  \"startTime\": \"2022-03-16T09:07:46.8066694Z\",\r\n  \"endTime\": \"0001-01-01T00:00:00Z\",\r\n  \"percentComplete\": 0.0,\r\n  \"properties\": {\r\n    \"resourceName\": \"/subscriptions/69a75bda-882e-44d5-8431-63421204132a/resourceGroups/ps582/providers/Microsoft.NetApp/netAppAccounts/ps5196/capacityPools/ps4453/volumes/ps1380\"\r\n  }\r\n}",
      "StatusCode": 200
    },
    {
      "RequestUri": "/subscriptions/69a75bda-882e-44d5-8431-63421204132a/providers/Microsoft.NetApp/locations/eastus/operationResults/ff75f60f-6428-43ce-9628-72f0112bb495?api-version=2021-10-01",
      "EncodedRequestUri": "L3N1YnNjcmlwdGlvbnMvNjlhNzViZGEtODgyZS00NGQ1LTg0MzEtNjM0MjEyMDQxMzJhL3Byb3ZpZGVycy9NaWNyb3NvZnQuTmV0QXBwL2xvY2F0aW9ucy9lYXN0dXMvb3BlcmF0aW9uUmVzdWx0cy9mZjc1ZjYwZi02NDI4LTQzY2UtOTYyOC03MmYwMTEyYmI0OTU/YXBpLXZlcnNpb249MjAyMS0xMC0wMQ==",
      "RequestMethod": "GET",
      "RequestBody": "",
      "RequestHeaders": {
        "x-ms-client-request-id": [
          "a0cc8e2a-a4a5-43d1-92aa-83afef68cdd8"
        ],
        "User-Agent": [
          "FxVersion/4.700.22.11601",
          "OSName/Windows",
          "OSVersion/Microsoft.Windows.10.0.19044",
          "Microsoft.Azure.Management.NetApp.AzureNetAppFilesManagementClient/1.16.0.0"
        ]
      },
      "ResponseHeaders": {
        "Cache-Control": [
          "no-cache"
        ],
        "Pragma": [
          "no-cache"
        ],
        "x-ms-request-id": [
          "f0fabe04-33a2-4256-a4ef-5b3ba755024b"
        ],
        "Server": [
          "Microsoft-IIS/10.0"
        ],
        "X-Powered-By": [
          "ASP.NET"
        ],
        "x-ms-ratelimit-remaining-subscription-reads": [
          "11988"
        ],
        "x-ms-correlation-request-id": [
          "c863a6aa-464a-409b-9e44-54005723b0da"
        ],
        "x-ms-routing-request-id": [
          "FRANCESOUTH:20220316T090918Z:c863a6aa-464a-409b-9e44-54005723b0da"
        ],
        "Strict-Transport-Security": [
          "max-age=31536000; includeSubDomains"
        ],
        "X-Content-Type-Options": [
          "nosniff"
        ],
        "Date": [
          "Wed, 16 Mar 2022 09:09:17 GMT"
        ],
        "Content-Length": [
          "512"
        ],
        "Content-Type": [
          "application/json; charset=utf-8"
        ],
        "Expires": [
          "-1"
        ]
      },
      "ResponseBody": "{\r\n  \"id\": \"/subscriptions/69a75bda-882e-44d5-8431-63421204132a/providers/Microsoft.NetApp/locations/eastus/operationResults/ff75f60f-6428-43ce-9628-72f0112bb495\",\r\n  \"name\": \"ff75f60f-6428-43ce-9628-72f0112bb495\",\r\n  \"status\": \"Creating\",\r\n  \"startTime\": \"2022-03-16T09:07:46.8066694Z\",\r\n  \"endTime\": \"0001-01-01T00:00:00Z\",\r\n  \"percentComplete\": 0.0,\r\n  \"properties\": {\r\n    \"resourceName\": \"/subscriptions/69a75bda-882e-44d5-8431-63421204132a/resourceGroups/ps582/providers/Microsoft.NetApp/netAppAccounts/ps5196/capacityPools/ps4453/volumes/ps1380\"\r\n  }\r\n}",
      "StatusCode": 200
    },
    {
      "RequestUri": "/subscriptions/69a75bda-882e-44d5-8431-63421204132a/providers/Microsoft.NetApp/locations/eastus/operationResults/ff75f60f-6428-43ce-9628-72f0112bb495?api-version=2021-10-01",
      "EncodedRequestUri": "L3N1YnNjcmlwdGlvbnMvNjlhNzViZGEtODgyZS00NGQ1LTg0MzEtNjM0MjEyMDQxMzJhL3Byb3ZpZGVycy9NaWNyb3NvZnQuTmV0QXBwL2xvY2F0aW9ucy9lYXN0dXMvb3BlcmF0aW9uUmVzdWx0cy9mZjc1ZjYwZi02NDI4LTQzY2UtOTYyOC03MmYwMTEyYmI0OTU/YXBpLXZlcnNpb249MjAyMS0xMC0wMQ==",
      "RequestMethod": "GET",
      "RequestBody": "",
      "RequestHeaders": {
        "x-ms-client-request-id": [
          "a0cc8e2a-a4a5-43d1-92aa-83afef68cdd8"
        ],
        "User-Agent": [
          "FxVersion/4.700.22.11601",
          "OSName/Windows",
          "OSVersion/Microsoft.Windows.10.0.19044",
          "Microsoft.Azure.Management.NetApp.AzureNetAppFilesManagementClient/1.16.0.0"
        ]
      },
      "ResponseHeaders": {
        "Cache-Control": [
          "no-cache"
        ],
        "Pragma": [
          "no-cache"
        ],
        "x-ms-request-id": [
          "7eef84b3-32ff-4dc9-8a08-565abe8636fb"
        ],
        "Server": [
          "Microsoft-IIS/10.0"
        ],
        "X-Powered-By": [
          "ASP.NET"
        ],
        "x-ms-ratelimit-remaining-subscription-reads": [
          "11987"
        ],
        "x-ms-correlation-request-id": [
          "0e1c5eef-c887-4bf4-a406-ad49cd663a86"
        ],
        "x-ms-routing-request-id": [
          "FRANCESOUTH:20220316T090948Z:0e1c5eef-c887-4bf4-a406-ad49cd663a86"
        ],
        "Strict-Transport-Security": [
          "max-age=31536000; includeSubDomains"
        ],
        "X-Content-Type-Options": [
          "nosniff"
        ],
        "Date": [
          "Wed, 16 Mar 2022 09:09:47 GMT"
        ],
        "Content-Length": [
          "512"
        ],
        "Content-Type": [
          "application/json; charset=utf-8"
        ],
        "Expires": [
          "-1"
        ]
      },
      "ResponseBody": "{\r\n  \"id\": \"/subscriptions/69a75bda-882e-44d5-8431-63421204132a/providers/Microsoft.NetApp/locations/eastus/operationResults/ff75f60f-6428-43ce-9628-72f0112bb495\",\r\n  \"name\": \"ff75f60f-6428-43ce-9628-72f0112bb495\",\r\n  \"status\": \"Creating\",\r\n  \"startTime\": \"2022-03-16T09:07:46.8066694Z\",\r\n  \"endTime\": \"0001-01-01T00:00:00Z\",\r\n  \"percentComplete\": 0.0,\r\n  \"properties\": {\r\n    \"resourceName\": \"/subscriptions/69a75bda-882e-44d5-8431-63421204132a/resourceGroups/ps582/providers/Microsoft.NetApp/netAppAccounts/ps5196/capacityPools/ps4453/volumes/ps1380\"\r\n  }\r\n}",
      "StatusCode": 200
    },
    {
      "RequestUri": "/subscriptions/69a75bda-882e-44d5-8431-63421204132a/providers/Microsoft.NetApp/locations/eastus/operationResults/ff75f60f-6428-43ce-9628-72f0112bb495?api-version=2021-10-01",
      "EncodedRequestUri": "L3N1YnNjcmlwdGlvbnMvNjlhNzViZGEtODgyZS00NGQ1LTg0MzEtNjM0MjEyMDQxMzJhL3Byb3ZpZGVycy9NaWNyb3NvZnQuTmV0QXBwL2xvY2F0aW9ucy9lYXN0dXMvb3BlcmF0aW9uUmVzdWx0cy9mZjc1ZjYwZi02NDI4LTQzY2UtOTYyOC03MmYwMTEyYmI0OTU/YXBpLXZlcnNpb249MjAyMS0xMC0wMQ==",
      "RequestMethod": "GET",
      "RequestBody": "",
      "RequestHeaders": {
        "x-ms-client-request-id": [
          "a0cc8e2a-a4a5-43d1-92aa-83afef68cdd8"
        ],
        "User-Agent": [
          "FxVersion/4.700.22.11601",
          "OSName/Windows",
          "OSVersion/Microsoft.Windows.10.0.19044",
          "Microsoft.Azure.Management.NetApp.AzureNetAppFilesManagementClient/1.16.0.0"
        ]
      },
      "ResponseHeaders": {
        "Cache-Control": [
          "no-cache"
        ],
        "Pragma": [
          "no-cache"
        ],
        "x-ms-request-id": [
          "dda7cb26-cf45-4bb5-8f0d-539c711e485f"
        ],
        "x-ms-ratelimit-remaining-subscription-reads": [
          "11986"
        ],
        "Server": [
          "Microsoft-IIS/10.0"
        ],
        "X-Powered-By": [
          "ASP.NET"
        ],
        "x-ms-correlation-request-id": [
          "c2268871-4b71-4493-9d16-159b02489e6f"
        ],
        "x-ms-routing-request-id": [
          "FRANCESOUTH:20220316T091018Z:c2268871-4b71-4493-9d16-159b02489e6f"
        ],
        "Strict-Transport-Security": [
          "max-age=31536000; includeSubDomains"
        ],
        "X-Content-Type-Options": [
          "nosniff"
        ],
        "Date": [
          "Wed, 16 Mar 2022 09:10:18 GMT"
        ],
        "Content-Length": [
          "512"
        ],
        "Content-Type": [
          "application/json; charset=utf-8"
        ],
        "Expires": [
          "-1"
        ]
      },
      "ResponseBody": "{\r\n  \"id\": \"/subscriptions/69a75bda-882e-44d5-8431-63421204132a/providers/Microsoft.NetApp/locations/eastus/operationResults/ff75f60f-6428-43ce-9628-72f0112bb495\",\r\n  \"name\": \"ff75f60f-6428-43ce-9628-72f0112bb495\",\r\n  \"status\": \"Creating\",\r\n  \"startTime\": \"2022-03-16T09:07:46.8066694Z\",\r\n  \"endTime\": \"0001-01-01T00:00:00Z\",\r\n  \"percentComplete\": 0.0,\r\n  \"properties\": {\r\n    \"resourceName\": \"/subscriptions/69a75bda-882e-44d5-8431-63421204132a/resourceGroups/ps582/providers/Microsoft.NetApp/netAppAccounts/ps5196/capacityPools/ps4453/volumes/ps1380\"\r\n  }\r\n}",
      "StatusCode": 200
    },
    {
      "RequestUri": "/subscriptions/69a75bda-882e-44d5-8431-63421204132a/providers/Microsoft.NetApp/locations/eastus/operationResults/ff75f60f-6428-43ce-9628-72f0112bb495?api-version=2021-10-01",
      "EncodedRequestUri": "L3N1YnNjcmlwdGlvbnMvNjlhNzViZGEtODgyZS00NGQ1LTg0MzEtNjM0MjEyMDQxMzJhL3Byb3ZpZGVycy9NaWNyb3NvZnQuTmV0QXBwL2xvY2F0aW9ucy9lYXN0dXMvb3BlcmF0aW9uUmVzdWx0cy9mZjc1ZjYwZi02NDI4LTQzY2UtOTYyOC03MmYwMTEyYmI0OTU/YXBpLXZlcnNpb249MjAyMS0xMC0wMQ==",
      "RequestMethod": "GET",
      "RequestBody": "",
      "RequestHeaders": {
        "x-ms-client-request-id": [
          "a0cc8e2a-a4a5-43d1-92aa-83afef68cdd8"
        ],
        "User-Agent": [
          "FxVersion/4.700.22.11601",
          "OSName/Windows",
          "OSVersion/Microsoft.Windows.10.0.19044",
          "Microsoft.Azure.Management.NetApp.AzureNetAppFilesManagementClient/1.16.0.0"
        ]
      },
      "ResponseHeaders": {
        "Cache-Control": [
          "no-cache"
        ],
        "Pragma": [
          "no-cache"
        ],
        "x-ms-request-id": [
          "e3111c73-2e35-4bbd-87b2-bcb14a1e4446"
        ],
        "Server": [
          "Microsoft-IIS/10.0"
        ],
        "X-Powered-By": [
          "ASP.NET"
        ],
        "x-ms-ratelimit-remaining-subscription-reads": [
          "11985"
        ],
        "x-ms-correlation-request-id": [
          "2a8959e4-675b-43d7-90e7-52f7e44b30d2"
        ],
        "x-ms-routing-request-id": [
          "FRANCESOUTH:20220316T091049Z:2a8959e4-675b-43d7-90e7-52f7e44b30d2"
        ],
        "Strict-Transport-Security": [
          "max-age=31536000; includeSubDomains"
        ],
        "X-Content-Type-Options": [
          "nosniff"
        ],
        "Date": [
          "Wed, 16 Mar 2022 09:10:48 GMT"
        ],
        "Content-Length": [
          "512"
        ],
        "Content-Type": [
          "application/json; charset=utf-8"
        ],
        "Expires": [
          "-1"
        ]
      },
      "ResponseBody": "{\r\n  \"id\": \"/subscriptions/69a75bda-882e-44d5-8431-63421204132a/providers/Microsoft.NetApp/locations/eastus/operationResults/ff75f60f-6428-43ce-9628-72f0112bb495\",\r\n  \"name\": \"ff75f60f-6428-43ce-9628-72f0112bb495\",\r\n  \"status\": \"Creating\",\r\n  \"startTime\": \"2022-03-16T09:07:46.8066694Z\",\r\n  \"endTime\": \"0001-01-01T00:00:00Z\",\r\n  \"percentComplete\": 0.0,\r\n  \"properties\": {\r\n    \"resourceName\": \"/subscriptions/69a75bda-882e-44d5-8431-63421204132a/resourceGroups/ps582/providers/Microsoft.NetApp/netAppAccounts/ps5196/capacityPools/ps4453/volumes/ps1380\"\r\n  }\r\n}",
      "StatusCode": 200
    },
    {
      "RequestUri": "/subscriptions/69a75bda-882e-44d5-8431-63421204132a/providers/Microsoft.NetApp/locations/eastus/operationResults/ff75f60f-6428-43ce-9628-72f0112bb495?api-version=2021-10-01",
      "EncodedRequestUri": "L3N1YnNjcmlwdGlvbnMvNjlhNzViZGEtODgyZS00NGQ1LTg0MzEtNjM0MjEyMDQxMzJhL3Byb3ZpZGVycy9NaWNyb3NvZnQuTmV0QXBwL2xvY2F0aW9ucy9lYXN0dXMvb3BlcmF0aW9uUmVzdWx0cy9mZjc1ZjYwZi02NDI4LTQzY2UtOTYyOC03MmYwMTEyYmI0OTU/YXBpLXZlcnNpb249MjAyMS0xMC0wMQ==",
      "RequestMethod": "GET",
      "RequestBody": "",
      "RequestHeaders": {
        "x-ms-client-request-id": [
          "a0cc8e2a-a4a5-43d1-92aa-83afef68cdd8"
        ],
        "User-Agent": [
          "FxVersion/4.700.22.11601",
          "OSName/Windows",
          "OSVersion/Microsoft.Windows.10.0.19044",
          "Microsoft.Azure.Management.NetApp.AzureNetAppFilesManagementClient/1.16.0.0"
        ]
      },
      "ResponseHeaders": {
        "Cache-Control": [
          "no-cache"
        ],
        "Pragma": [
          "no-cache"
        ],
        "x-ms-request-id": [
          "3ef2d428-e3f3-4901-bbf9-a80e9a4347d9"
        ],
        "Server": [
          "Microsoft-IIS/10.0"
        ],
        "X-Powered-By": [
          "ASP.NET"
        ],
        "x-ms-ratelimit-remaining-subscription-reads": [
          "11984"
        ],
        "x-ms-correlation-request-id": [
          "159b551d-a0a5-4572-b813-783866504b0e"
        ],
        "x-ms-routing-request-id": [
          "FRANCESOUTH:20220316T091119Z:159b551d-a0a5-4572-b813-783866504b0e"
        ],
        "Strict-Transport-Security": [
          "max-age=31536000; includeSubDomains"
        ],
        "X-Content-Type-Options": [
          "nosniff"
        ],
        "Date": [
          "Wed, 16 Mar 2022 09:11:18 GMT"
        ],
        "Content-Length": [
          "512"
        ],
        "Content-Type": [
          "application/json; charset=utf-8"
        ],
        "Expires": [
          "-1"
        ]
      },
      "ResponseBody": "{\r\n  \"id\": \"/subscriptions/69a75bda-882e-44d5-8431-63421204132a/providers/Microsoft.NetApp/locations/eastus/operationResults/ff75f60f-6428-43ce-9628-72f0112bb495\",\r\n  \"name\": \"ff75f60f-6428-43ce-9628-72f0112bb495\",\r\n  \"status\": \"Creating\",\r\n  \"startTime\": \"2022-03-16T09:07:46.8066694Z\",\r\n  \"endTime\": \"0001-01-01T00:00:00Z\",\r\n  \"percentComplete\": 0.0,\r\n  \"properties\": {\r\n    \"resourceName\": \"/subscriptions/69a75bda-882e-44d5-8431-63421204132a/resourceGroups/ps582/providers/Microsoft.NetApp/netAppAccounts/ps5196/capacityPools/ps4453/volumes/ps1380\"\r\n  }\r\n}",
      "StatusCode": 200
    },
    {
      "RequestUri": "/subscriptions/69a75bda-882e-44d5-8431-63421204132a/providers/Microsoft.NetApp/locations/eastus/operationResults/ff75f60f-6428-43ce-9628-72f0112bb495?api-version=2021-10-01",
      "EncodedRequestUri": "L3N1YnNjcmlwdGlvbnMvNjlhNzViZGEtODgyZS00NGQ1LTg0MzEtNjM0MjEyMDQxMzJhL3Byb3ZpZGVycy9NaWNyb3NvZnQuTmV0QXBwL2xvY2F0aW9ucy9lYXN0dXMvb3BlcmF0aW9uUmVzdWx0cy9mZjc1ZjYwZi02NDI4LTQzY2UtOTYyOC03MmYwMTEyYmI0OTU/YXBpLXZlcnNpb249MjAyMS0xMC0wMQ==",
      "RequestMethod": "GET",
      "RequestBody": "",
      "RequestHeaders": {
        "x-ms-client-request-id": [
          "a0cc8e2a-a4a5-43d1-92aa-83afef68cdd8"
        ],
        "User-Agent": [
          "FxVersion/4.700.22.11601",
          "OSName/Windows",
          "OSVersion/Microsoft.Windows.10.0.19044",
          "Microsoft.Azure.Management.NetApp.AzureNetAppFilesManagementClient/1.16.0.0"
        ]
      },
      "ResponseHeaders": {
        "Cache-Control": [
          "no-cache"
        ],
        "Pragma": [
          "no-cache"
        ],
        "x-ms-request-id": [
          "2ff237ef-8b6d-4849-b5c8-589168ded812"
        ],
        "Server": [
          "Microsoft-IIS/10.0"
        ],
        "X-Powered-By": [
          "ASP.NET"
        ],
        "x-ms-ratelimit-remaining-subscription-reads": [
          "11983"
        ],
        "x-ms-correlation-request-id": [
          "e0eff076-0d0f-48dd-83b4-e30351ed793c"
        ],
        "x-ms-routing-request-id": [
          "FRANCESOUTH:20220316T091149Z:e0eff076-0d0f-48dd-83b4-e30351ed793c"
        ],
        "Strict-Transport-Security": [
          "max-age=31536000; includeSubDomains"
        ],
        "X-Content-Type-Options": [
          "nosniff"
        ],
        "Date": [
          "Wed, 16 Mar 2022 09:11:49 GMT"
        ],
        "Content-Length": [
          "523"
        ],
        "Content-Type": [
          "application/json; charset=utf-8"
        ],
        "Expires": [
          "-1"
        ]
      },
      "ResponseBody": "{\r\n  \"id\": \"/subscriptions/69a75bda-882e-44d5-8431-63421204132a/providers/Microsoft.NetApp/locations/eastus/operationResults/ff75f60f-6428-43ce-9628-72f0112bb495\",\r\n  \"name\": \"ff75f60f-6428-43ce-9628-72f0112bb495\",\r\n  \"status\": \"Succeeded\",\r\n  \"startTime\": \"2022-03-16T09:07:46.8066694Z\",\r\n  \"endTime\": \"2022-03-16T09:11:46.7663103Z\",\r\n  \"percentComplete\": 100.0,\r\n  \"properties\": {\r\n    \"resourceName\": \"/subscriptions/69a75bda-882e-44d5-8431-63421204132a/resourceGroups/ps582/providers/Microsoft.NetApp/netAppAccounts/ps5196/capacityPools/ps4453/volumes/ps1380\"\r\n  }\r\n}",
      "StatusCode": 200
    },
    {
      "RequestUri": "/subscriptions/69a75bda-882e-44d5-8431-63421204132a/resourceGroups/ps582/providers/Microsoft.NetApp/netAppAccounts/ps5196/capacityPools/ps4453/volumes/ps1380?api-version=2021-10-01",
      "EncodedRequestUri": "L3N1YnNjcmlwdGlvbnMvNjlhNzViZGEtODgyZS00NGQ1LTg0MzEtNjM0MjEyMDQxMzJhL3Jlc291cmNlR3JvdXBzL3BzNTgyL3Byb3ZpZGVycy9NaWNyb3NvZnQuTmV0QXBwL25ldEFwcEFjY291bnRzL3BzNTE5Ni9jYXBhY2l0eVBvb2xzL3BzNDQ1My92b2x1bWVzL3BzMTM4MD9hcGktdmVyc2lvbj0yMDIxLTEwLTAx",
      "RequestMethod": "GET",
      "RequestBody": "",
      "RequestHeaders": {
        "x-ms-client-request-id": [
          "a0cc8e2a-a4a5-43d1-92aa-83afef68cdd8"
        ],
        "User-Agent": [
          "FxVersion/4.700.22.11601",
          "OSName/Windows",
          "OSVersion/Microsoft.Windows.10.0.19044",
          "Microsoft.Azure.Management.NetApp.AzureNetAppFilesManagementClient/1.16.0.0"
        ]
      },
      "ResponseHeaders": {
        "Cache-Control": [
          "no-cache"
        ],
        "Pragma": [
          "no-cache"
        ],
        "ETag": [
          "W/\"datetime'2022-03-16T09%3A11%3A46.7572903Z'\""
        ],
        "x-ms-request-id": [
          "8514d177-1a19-4970-8475-42510641ad0f"
        ],
        "Server": [
          "Microsoft-IIS/10.0"
        ],
        "X-Powered-By": [
          "ASP.NET"
        ],
        "x-ms-ratelimit-remaining-subscription-reads": [
          "11982"
        ],
        "x-ms-correlation-request-id": [
          "ac4f2249-599c-41f2-9b56-5ccbb3ff64da"
        ],
        "x-ms-routing-request-id": [
          "FRANCESOUTH:20220316T091149Z:ac4f2249-599c-41f2-9b56-5ccbb3ff64da"
        ],
        "Strict-Transport-Security": [
          "max-age=31536000; includeSubDomains"
        ],
        "X-Content-Type-Options": [
          "nosniff"
        ],
        "Date": [
          "Wed, 16 Mar 2022 09:11:49 GMT"
        ],
        "Content-Length": [
          "1963"
        ],
        "Content-Type": [
          "application/json; charset=utf-8"
        ],
        "Expires": [
          "-1"
        ]
      },
      "ResponseBody": "{\r\n  \"id\": \"/subscriptions/69a75bda-882e-44d5-8431-63421204132a/resourceGroups/ps582/providers/Microsoft.NetApp/netAppAccounts/ps5196/capacityPools/ps4453/volumes/ps1380\",\r\n  \"name\": \"ps5196/ps4453/ps1380\",\r\n  \"type\": \"Microsoft.NetApp/netAppAccounts/capacityPools/volumes\",\r\n  \"etag\": \"W/\\\"datetime'2022-03-16T09%3A11%3A46.7572903Z'\\\"\",\r\n  \"location\": \"eastus\",\r\n  \"tags\": {\r\n    \"tag1\": \"tagValue1\",\r\n    \"CreatedOnDate\": \"2022-03-16T09:07:45.1553269Z\"\r\n  },\r\n  \"properties\": {\r\n    \"fileSystemId\": \"625496c0-b092-5ff1-1aeb-2253ed385f48\",\r\n    \"serviceLevel\": \"Premium\",\r\n    \"creationToken\": \"ps1380\",\r\n    \"usageThreshold\": 107374182400,\r\n    \"exportPolicy\": {\r\n      \"rules\": [\r\n        {\r\n          \"ruleIndex\": 1,\r\n          \"unixReadOnly\": false,\r\n          \"unixReadWrite\": true,\r\n          \"cifs\": false,\r\n          \"nfsv3\": true,\r\n          \"nfsv41\": false,\r\n          \"allowedClients\": \"0.0.0.0/0\",\r\n          \"kerberos5ReadOnly\": false,\r\n          \"kerberos5ReadWrite\": false,\r\n          \"kerberos5iReadOnly\": false,\r\n          \"kerberos5iReadWrite\": false,\r\n          \"kerberos5pReadOnly\": false,\r\n          \"kerberos5pReadWrite\": false,\r\n          \"hasRootAccess\": true,\r\n          \"chownMode\": \"Restricted\"\r\n        }\r\n      ]\r\n    },\r\n    \"protocolTypes\": [\r\n      \"NFSv3\"\r\n    ],\r\n    \"baremetalTenantId\": \"baremetalTenant_svm_e6db99cacbc54bf6b9f6acb8edf404c5_05a5a2cb\",\r\n    \"subnetId\": \"/subscriptions/69a75bda-882e-44d5-8431-63421204132a/resourceGroups/ps582/providers/Microsoft.Network/virtualNetworks/ps582-vnet/subnets/default\",\r\n    \"networkFeatures\": \"Basic\",\r\n    \"networkSiblingSetId\": \"0979cbaa-cb19-bc35-c561-9e4bff29651d\",\r\n    \"storageToNetworkProximity\": \"Default\",\r\n    \"snapshotDirectoryVisible\": false,\r\n    \"kerberosEnabled\": false,\r\n    \"securityStyle\": \"Unix\",\r\n    \"smbEncryption\": false,\r\n    \"smbContinuouslyAvailable\": false,\r\n    \"encryptionKeySource\": \"Microsoft.NetApp\",\r\n    \"ldapEnabled\": false,\r\n    \"unixPermissions\": \"0770\",\r\n    \"mountTargets\": [\r\n      {\r\n        \"mountTargetId\": \"625496c0-b092-5ff1-1aeb-2253ed385f48\",\r\n        \"fileSystemId\": \"625496c0-b092-5ff1-1aeb-2253ed385f48\",\r\n        \"ipAddress\": \"10.0.1.4\"\r\n      }\r\n    ],\r\n    \"throughputMibps\": 6.4,\r\n    \"volumeSpecName\": \"generic\",\r\n    \"coolAccess\": false,\r\n    \"avsDataStore\": \"Disabled\",\r\n    \"isDefaultQuotaEnabled\": false,\r\n    \"defaultUserQuotaInKiBs\": 0,\r\n    \"defaultGroupQuotaInKiBs\": 0,\r\n    \"enableSubvolumes\": \"Disabled\",\r\n    \"maximumNumberOfFiles\": 100000000,\r\n    \"provisioningState\": \"Succeeded\"\r\n  }\r\n}",
      "StatusCode": 200
    },
    {
      "RequestUri": "/subscriptions/69a75bda-882e-44d5-8431-63421204132a/resourceGroups/ps582/providers/Microsoft.NetApp/netAppAccounts/ps5196/capacityPools/ps4453/volumes/ps1380?api-version=2021-10-01",
      "EncodedRequestUri": "L3N1YnNjcmlwdGlvbnMvNjlhNzViZGEtODgyZS00NGQ1LTg0MzEtNjM0MjEyMDQxMzJhL3Jlc291cmNlR3JvdXBzL3BzNTgyL3Byb3ZpZGVycy9NaWNyb3NvZnQuTmV0QXBwL25ldEFwcEFjY291bnRzL3BzNTE5Ni9jYXBhY2l0eVBvb2xzL3BzNDQ1My92b2x1bWVzL3BzMTM4MD9hcGktdmVyc2lvbj0yMDIxLTEwLTAx",
      "RequestMethod": "GET",
      "RequestBody": "",
      "RequestHeaders": {
        "x-ms-client-request-id": [
          "6590dd70-c513-45c9-ab0c-7d8fd5f9fa5d"
        ],
        "Accept-Language": [
          "en-US"
        ],
        "User-Agent": [
          "FxVersion/4.700.22.11601",
          "OSName/Windows",
          "OSVersion/Microsoft.Windows.10.0.19044",
          "Microsoft.Azure.Management.NetApp.AzureNetAppFilesManagementClient/1.16.0.0"
        ]
      },
      "ResponseHeaders": {
        "Cache-Control": [
          "no-cache"
        ],
        "Pragma": [
          "no-cache"
        ],
        "ETag": [
          "W/\"datetime'2022-03-16T09%3A11%3A46.7572903Z'\""
        ],
        "x-ms-request-id": [
          "885d25a6-ee8f-4b7f-8d07-25fee915fc0c"
        ],
        "Server": [
          "Microsoft-IIS/10.0"
        ],
        "X-Powered-By": [
          "ASP.NET"
        ],
        "x-ms-ratelimit-remaining-subscription-reads": [
          "11981"
        ],
        "x-ms-correlation-request-id": [
          "9e916adc-7bbd-4c61-ac80-0576f9d5723d"
        ],
        "x-ms-routing-request-id": [
          "FRANCESOUTH:20220316T091149Z:9e916adc-7bbd-4c61-ac80-0576f9d5723d"
        ],
        "Strict-Transport-Security": [
          "max-age=31536000; includeSubDomains"
        ],
        "X-Content-Type-Options": [
          "nosniff"
        ],
        "Date": [
          "Wed, 16 Mar 2022 09:11:49 GMT"
        ],
        "Content-Length": [
          "1963"
        ],
        "Content-Type": [
          "application/json; charset=utf-8"
        ],
        "Expires": [
          "-1"
        ]
      },
      "ResponseBody": "{\r\n  \"id\": \"/subscriptions/69a75bda-882e-44d5-8431-63421204132a/resourceGroups/ps582/providers/Microsoft.NetApp/netAppAccounts/ps5196/capacityPools/ps4453/volumes/ps1380\",\r\n  \"name\": \"ps5196/ps4453/ps1380\",\r\n  \"type\": \"Microsoft.NetApp/netAppAccounts/capacityPools/volumes\",\r\n  \"etag\": \"W/\\\"datetime'2022-03-16T09%3A11%3A46.7572903Z'\\\"\",\r\n  \"location\": \"eastus\",\r\n  \"tags\": {\r\n    \"tag1\": \"tagValue1\",\r\n    \"CreatedOnDate\": \"2022-03-16T09:07:45.1553269Z\"\r\n  },\r\n  \"properties\": {\r\n    \"fileSystemId\": \"625496c0-b092-5ff1-1aeb-2253ed385f48\",\r\n    \"serviceLevel\": \"Premium\",\r\n    \"creationToken\": \"ps1380\",\r\n    \"usageThreshold\": 107374182400,\r\n    \"exportPolicy\": {\r\n      \"rules\": [\r\n        {\r\n          \"ruleIndex\": 1,\r\n          \"unixReadOnly\": false,\r\n          \"unixReadWrite\": true,\r\n          \"cifs\": false,\r\n          \"nfsv3\": true,\r\n          \"nfsv41\": false,\r\n          \"allowedClients\": \"0.0.0.0/0\",\r\n          \"kerberos5ReadOnly\": false,\r\n          \"kerberos5ReadWrite\": false,\r\n          \"kerberos5iReadOnly\": false,\r\n          \"kerberos5iReadWrite\": false,\r\n          \"kerberos5pReadOnly\": false,\r\n          \"kerberos5pReadWrite\": false,\r\n          \"hasRootAccess\": true,\r\n          \"chownMode\": \"Restricted\"\r\n        }\r\n      ]\r\n    },\r\n    \"protocolTypes\": [\r\n      \"NFSv3\"\r\n    ],\r\n    \"baremetalTenantId\": \"baremetalTenant_svm_e6db99cacbc54bf6b9f6acb8edf404c5_05a5a2cb\",\r\n    \"subnetId\": \"/subscriptions/69a75bda-882e-44d5-8431-63421204132a/resourceGroups/ps582/providers/Microsoft.Network/virtualNetworks/ps582-vnet/subnets/default\",\r\n    \"networkFeatures\": \"Basic\",\r\n    \"networkSiblingSetId\": \"0979cbaa-cb19-bc35-c561-9e4bff29651d\",\r\n    \"storageToNetworkProximity\": \"Default\",\r\n    \"snapshotDirectoryVisible\": false,\r\n    \"kerberosEnabled\": false,\r\n    \"securityStyle\": \"Unix\",\r\n    \"smbEncryption\": false,\r\n    \"smbContinuouslyAvailable\": false,\r\n    \"encryptionKeySource\": \"Microsoft.NetApp\",\r\n    \"ldapEnabled\": false,\r\n    \"unixPermissions\": \"0770\",\r\n    \"mountTargets\": [\r\n      {\r\n        \"mountTargetId\": \"625496c0-b092-5ff1-1aeb-2253ed385f48\",\r\n        \"fileSystemId\": \"625496c0-b092-5ff1-1aeb-2253ed385f48\",\r\n        \"ipAddress\": \"10.0.1.4\"\r\n      }\r\n    ],\r\n    \"throughputMibps\": 6.4,\r\n    \"volumeSpecName\": \"generic\",\r\n    \"coolAccess\": false,\r\n    \"avsDataStore\": \"Disabled\",\r\n    \"isDefaultQuotaEnabled\": false,\r\n    \"defaultUserQuotaInKiBs\": 0,\r\n    \"defaultGroupQuotaInKiBs\": 0,\r\n    \"enableSubvolumes\": \"Disabled\",\r\n    \"maximumNumberOfFiles\": 100000000,\r\n    \"provisioningState\": \"Succeeded\"\r\n  }\r\n}",
      "StatusCode": 200
    },
    {
      "RequestUri": "/subscriptions/69a75bda-882e-44d5-8431-63421204132a/resourceGroups/ps582/providers/Microsoft.NetApp/netAppAccounts/ps5196/capacityPools/ps4453/volumes/ps1380?api-version=2021-10-01",
      "EncodedRequestUri": "L3N1YnNjcmlwdGlvbnMvNjlhNzViZGEtODgyZS00NGQ1LTg0MzEtNjM0MjEyMDQxMzJhL3Jlc291cmNlR3JvdXBzL3BzNTgyL3Byb3ZpZGVycy9NaWNyb3NvZnQuTmV0QXBwL25ldEFwcEFjY291bnRzL3BzNTE5Ni9jYXBhY2l0eVBvb2xzL3BzNDQ1My92b2x1bWVzL3BzMTM4MD9hcGktdmVyc2lvbj0yMDIxLTEwLTAx",
      "RequestMethod": "GET",
      "RequestBody": "",
      "RequestHeaders": {
        "x-ms-client-request-id": [
          "ae75b733-1c4e-45fe-8ba0-a1322343c3ad"
        ],
        "Accept-Language": [
          "en-US"
        ],
        "User-Agent": [
          "FxVersion/4.700.22.11601",
          "OSName/Windows",
          "OSVersion/Microsoft.Windows.10.0.19044",
          "Microsoft.Azure.Management.NetApp.AzureNetAppFilesManagementClient/1.16.0.0"
        ]
      },
      "ResponseHeaders": {
        "Cache-Control": [
          "no-cache"
        ],
        "Pragma": [
          "no-cache"
        ],
        "ETag": [
          "W/\"datetime'2022-03-16T09%3A11%3A46.7572903Z'\""
        ],
        "x-ms-request-id": [
          "098f93a9-c9b7-4010-a7c2-12119791e4ea"
        ],
        "Server": [
          "Microsoft-IIS/10.0"
        ],
        "X-Powered-By": [
          "ASP.NET"
        ],
        "x-ms-ratelimit-remaining-subscription-reads": [
          "11980"
        ],
        "x-ms-correlation-request-id": [
          "4f39866a-cbdb-4ca7-95df-441fdebf843a"
        ],
        "x-ms-routing-request-id": [
          "FRANCESOUTH:20220316T091150Z:4f39866a-cbdb-4ca7-95df-441fdebf843a"
        ],
        "Strict-Transport-Security": [
          "max-age=31536000; includeSubDomains"
        ],
        "X-Content-Type-Options": [
          "nosniff"
        ],
        "Date": [
          "Wed, 16 Mar 2022 09:11:49 GMT"
        ],
        "Content-Length": [
          "1963"
        ],
        "Content-Type": [
          "application/json; charset=utf-8"
        ],
        "Expires": [
          "-1"
        ]
      },
      "ResponseBody": "{\r\n  \"id\": \"/subscriptions/69a75bda-882e-44d5-8431-63421204132a/resourceGroups/ps582/providers/Microsoft.NetApp/netAppAccounts/ps5196/capacityPools/ps4453/volumes/ps1380\",\r\n  \"name\": \"ps5196/ps4453/ps1380\",\r\n  \"type\": \"Microsoft.NetApp/netAppAccounts/capacityPools/volumes\",\r\n  \"etag\": \"W/\\\"datetime'2022-03-16T09%3A11%3A46.7572903Z'\\\"\",\r\n  \"location\": \"eastus\",\r\n  \"tags\": {\r\n    \"tag1\": \"tagValue1\",\r\n    \"CreatedOnDate\": \"2022-03-16T09:07:45.1553269Z\"\r\n  },\r\n  \"properties\": {\r\n    \"fileSystemId\": \"625496c0-b092-5ff1-1aeb-2253ed385f48\",\r\n    \"serviceLevel\": \"Premium\",\r\n    \"creationToken\": \"ps1380\",\r\n    \"usageThreshold\": 107374182400,\r\n    \"exportPolicy\": {\r\n      \"rules\": [\r\n        {\r\n          \"ruleIndex\": 1,\r\n          \"unixReadOnly\": false,\r\n          \"unixReadWrite\": true,\r\n          \"cifs\": false,\r\n          \"nfsv3\": true,\r\n          \"nfsv41\": false,\r\n          \"allowedClients\": \"0.0.0.0/0\",\r\n          \"kerberos5ReadOnly\": false,\r\n          \"kerberos5ReadWrite\": false,\r\n          \"kerberos5iReadOnly\": false,\r\n          \"kerberos5iReadWrite\": false,\r\n          \"kerberos5pReadOnly\": false,\r\n          \"kerberos5pReadWrite\": false,\r\n          \"hasRootAccess\": true,\r\n          \"chownMode\": \"Restricted\"\r\n        }\r\n      ]\r\n    },\r\n    \"protocolTypes\": [\r\n      \"NFSv3\"\r\n    ],\r\n    \"baremetalTenantId\": \"baremetalTenant_svm_e6db99cacbc54bf6b9f6acb8edf404c5_05a5a2cb\",\r\n    \"subnetId\": \"/subscriptions/69a75bda-882e-44d5-8431-63421204132a/resourceGroups/ps582/providers/Microsoft.Network/virtualNetworks/ps582-vnet/subnets/default\",\r\n    \"networkFeatures\": \"Basic\",\r\n    \"networkSiblingSetId\": \"0979cbaa-cb19-bc35-c561-9e4bff29651d\",\r\n    \"storageToNetworkProximity\": \"Default\",\r\n    \"snapshotDirectoryVisible\": false,\r\n    \"kerberosEnabled\": false,\r\n    \"securityStyle\": \"Unix\",\r\n    \"smbEncryption\": false,\r\n    \"smbContinuouslyAvailable\": false,\r\n    \"encryptionKeySource\": \"Microsoft.NetApp\",\r\n    \"ldapEnabled\": false,\r\n    \"unixPermissions\": \"0770\",\r\n    \"mountTargets\": [\r\n      {\r\n        \"mountTargetId\": \"625496c0-b092-5ff1-1aeb-2253ed385f48\",\r\n        \"fileSystemId\": \"625496c0-b092-5ff1-1aeb-2253ed385f48\",\r\n        \"ipAddress\": \"10.0.1.4\"\r\n      }\r\n    ],\r\n    \"throughputMibps\": 6.4,\r\n    \"volumeSpecName\": \"generic\",\r\n    \"coolAccess\": false,\r\n    \"avsDataStore\": \"Disabled\",\r\n    \"isDefaultQuotaEnabled\": false,\r\n    \"defaultUserQuotaInKiBs\": 0,\r\n    \"defaultGroupQuotaInKiBs\": 0,\r\n    \"enableSubvolumes\": \"Disabled\",\r\n    \"maximumNumberOfFiles\": 100000000,\r\n    \"provisioningState\": \"Succeeded\"\r\n  }\r\n}",
      "StatusCode": 200
    },
    {
      "RequestUri": "/subscriptions/69a75bda-882e-44d5-8431-63421204132a/resourceGroups/ps582/providers/Microsoft.NetApp/netAppAccounts/ps5196/capacityPools/ps4453/volumes/ps1380/poolChange?api-version=2021-10-01",
      "EncodedRequestUri": "L3N1YnNjcmlwdGlvbnMvNjlhNzViZGEtODgyZS00NGQ1LTg0MzEtNjM0MjEyMDQxMzJhL3Jlc291cmNlR3JvdXBzL3BzNTgyL3Byb3ZpZGVycy9NaWNyb3NvZnQuTmV0QXBwL25ldEFwcEFjY291bnRzL3BzNTE5Ni9jYXBhY2l0eVBvb2xzL3BzNDQ1My92b2x1bWVzL3BzMTM4MC9wb29sQ2hhbmdlP2FwaS12ZXJzaW9uPTIwMjEtMTAtMDE=",
      "RequestMethod": "POST",
      "RequestBody": "{\r\n  \"newPoolResourceId\": \"/subscriptions/69a75bda-882e-44d5-8431-63421204132a/resourceGroups/ps582/providers/Microsoft.NetApp/netAppAccounts/ps5196/capacityPools/ps8331\"\r\n}",
      "RequestHeaders": {
        "x-ms-client-request-id": [
          "ae75b733-1c4e-45fe-8ba0-a1322343c3ad"
        ],
        "Accept-Language": [
          "en-US"
        ],
        "User-Agent": [
          "FxVersion/4.700.22.11601",
          "OSName/Windows",
          "OSVersion/Microsoft.Windows.10.0.19044",
          "Microsoft.Azure.Management.NetApp.AzureNetAppFilesManagementClient/1.16.0.0"
        ],
        "Content-Type": [
          "application/json; charset=utf-8"
        ],
        "Content-Length": [
          "173"
        ]
      },
      "ResponseHeaders": {
        "Cache-Control": [
          "no-cache"
        ],
        "Pragma": [
          "no-cache"
        ],
        "Location": [
          "https://management.azure.com/subscriptions/69a75bda-882e-44d5-8431-63421204132a/providers/Microsoft.NetApp/locations/eastus/operationResults/4bc34850-71e4-4bea-86fa-a02e407f7047?api-version=2021-10-01&operationResultResponseType=Location"
        ],
        "Azure-AsyncOperation": [
          "https://management.azure.com/subscriptions/69a75bda-882e-44d5-8431-63421204132a/providers/Microsoft.NetApp/locations/eastus/operationResults/4bc34850-71e4-4bea-86fa-a02e407f7047?api-version=2021-10-01"
        ],
        "Server": [
          "Microsoft-IIS/10.0"
        ],
        "X-Powered-By": [
          "ASP.NET"
        ],
        "x-ms-ratelimit-remaining-subscription-writes": [
          "1199"
        ],
        "x-ms-request-id": [
          "d14fd717-1e86-4f75-8435-e7bdbea058ff"
        ],
        "x-ms-correlation-request-id": [
          "d14fd717-1e86-4f75-8435-e7bdbea058ff"
        ],
        "x-ms-routing-request-id": [
          "FRANCESOUTH:20220316T091150Z:d14fd717-1e86-4f75-8435-e7bdbea058ff"
        ],
        "Strict-Transport-Security": [
          "max-age=31536000; includeSubDomains"
        ],
        "X-Content-Type-Options": [
          "nosniff"
        ],
        "Date": [
          "Wed, 16 Mar 2022 09:11:50 GMT"
        ],
        "Expires": [
          "-1"
        ],
        "Content-Length": [
          "0"
        ]
      },
      "ResponseBody": "",
      "StatusCode": 202
    },
    {
      "RequestUri": "/subscriptions/69a75bda-882e-44d5-8431-63421204132a/providers/Microsoft.NetApp/locations/eastus/operationResults/4bc34850-71e4-4bea-86fa-a02e407f7047?api-version=2021-10-01",
      "EncodedRequestUri": "L3N1YnNjcmlwdGlvbnMvNjlhNzViZGEtODgyZS00NGQ1LTg0MzEtNjM0MjEyMDQxMzJhL3Byb3ZpZGVycy9NaWNyb3NvZnQuTmV0QXBwL2xvY2F0aW9ucy9lYXN0dXMvb3BlcmF0aW9uUmVzdWx0cy80YmMzNDg1MC03MWU0LTRiZWEtODZmYS1hMDJlNDA3ZjcwNDc/YXBpLXZlcnNpb249MjAyMS0xMC0wMQ==",
      "RequestMethod": "GET",
      "RequestBody": "",
      "RequestHeaders": {
        "x-ms-client-request-id": [
          "ae75b733-1c4e-45fe-8ba0-a1322343c3ad"
        ],
        "User-Agent": [
          "FxVersion/4.700.22.11601",
          "OSName/Windows",
          "OSVersion/Microsoft.Windows.10.0.19044",
          "Microsoft.Azure.Management.NetApp.AzureNetAppFilesManagementClient/1.16.0.0"
        ]
      },
      "ResponseHeaders": {
        "Cache-Control": [
          "no-cache"
        ],
        "Pragma": [
          "no-cache"
        ],
        "x-ms-request-id": [
          "5aa75e2d-1c60-4f7e-b353-28ea1b3dfca2"
        ],
        "Server": [
          "Microsoft-IIS/10.0"
        ],
        "X-Powered-By": [
          "ASP.NET"
        ],
        "x-ms-ratelimit-remaining-subscription-reads": [
          "11979"
        ],
        "x-ms-correlation-request-id": [
          "c1375161-8f90-4e85-804c-5225fd6349a7"
        ],
        "x-ms-routing-request-id": [
          "FRANCESOUTH:20220316T091220Z:c1375161-8f90-4e85-804c-5225fd6349a7"
        ],
        "Strict-Transport-Security": [
          "max-age=31536000; includeSubDomains"
        ],
        "X-Content-Type-Options": [
          "nosniff"
        ],
        "Date": [
          "Wed, 16 Mar 2022 09:12:19 GMT"
        ],
        "Content-Length": [
          "523"
        ],
        "Content-Type": [
          "application/json; charset=utf-8"
        ],
        "Expires": [
          "-1"
        ]
      },
      "ResponseBody": "{\r\n  \"id\": \"/subscriptions/69a75bda-882e-44d5-8431-63421204132a/providers/Microsoft.NetApp/locations/eastus/operationResults/4bc34850-71e4-4bea-86fa-a02e407f7047\",\r\n  \"name\": \"4bc34850-71e4-4bea-86fa-a02e407f7047\",\r\n  \"status\": \"Succeeded\",\r\n  \"startTime\": \"2022-03-16T09:11:50.3628404Z\",\r\n  \"endTime\": \"2022-03-16T09:12:01.6324278Z\",\r\n  \"percentComplete\": 100.0,\r\n  \"properties\": {\r\n    \"resourceName\": \"/subscriptions/69a75bda-882e-44d5-8431-63421204132a/resourceGroups/ps582/providers/Microsoft.NetApp/netAppAccounts/ps5196/capacityPools/ps4453/volumes/ps1380\"\r\n  }\r\n}",
      "StatusCode": 200
    },
    {
      "RequestUri": "/subscriptions/69a75bda-882e-44d5-8431-63421204132a/providers/Microsoft.NetApp/locations/eastus/operationResults/4bc34850-71e4-4bea-86fa-a02e407f7047?api-version=2021-10-01&operationResultResponseType=Location",
      "EncodedRequestUri": "L3N1YnNjcmlwdGlvbnMvNjlhNzViZGEtODgyZS00NGQ1LTg0MzEtNjM0MjEyMDQxMzJhL3Byb3ZpZGVycy9NaWNyb3NvZnQuTmV0QXBwL2xvY2F0aW9ucy9lYXN0dXMvb3BlcmF0aW9uUmVzdWx0cy80YmMzNDg1MC03MWU0LTRiZWEtODZmYS1hMDJlNDA3ZjcwNDc/YXBpLXZlcnNpb249MjAyMS0xMC0wMSZvcGVyYXRpb25SZXN1bHRSZXNwb25zZVR5cGU9TG9jYXRpb24=",
      "RequestMethod": "GET",
      "RequestBody": "",
      "RequestHeaders": {
        "x-ms-client-request-id": [
          "ae75b733-1c4e-45fe-8ba0-a1322343c3ad"
        ],
        "User-Agent": [
          "FxVersion/4.700.22.11601",
          "OSName/Windows",
          "OSVersion/Microsoft.Windows.10.0.19044",
          "Microsoft.Azure.Management.NetApp.AzureNetAppFilesManagementClient/1.16.0.0"
        ]
      },
      "ResponseHeaders": {
        "Cache-Control": [
          "no-cache"
        ],
        "Pragma": [
          "no-cache"
        ],
        "x-ms-request-id": [
          "68950312-5c76-430e-8ef6-be9295ae2206"
        ],
        "Server": [
          "Microsoft-IIS/10.0"
        ],
        "X-Powered-By": [
          "ASP.NET"
        ],
        "x-ms-ratelimit-remaining-subscription-reads": [
          "11978"
        ],
        "x-ms-correlation-request-id": [
          "382714a1-e8fd-42d5-9208-b708cadbcc98"
        ],
        "x-ms-routing-request-id": [
          "FRANCESOUTH:20220316T091220Z:382714a1-e8fd-42d5-9208-b708cadbcc98"
        ],
        "Strict-Transport-Security": [
          "max-age=31536000; includeSubDomains"
        ],
        "X-Content-Type-Options": [
          "nosniff"
        ],
        "Date": [
          "Wed, 16 Mar 2022 09:12:20 GMT"
        ],
        "Content-Length": [
          "2311"
        ],
        "Content-Type": [
          "application/json; charset=utf-8"
        ],
        "Expires": [
          "-1"
        ]
      },
      "ResponseBody": "{\r\n  \"id\": \"/subscriptions/69a75bda-882e-44d5-8431-63421204132a/resourceGroups/ps582/providers/Microsoft.NetApp/netAppAccounts/ps5196/capacityPools/ps8331/volumes/ps1380\",\r\n  \"name\": \"ps5196/ps8331/ps1380\",\r\n  \"type\": \"Microsoft.NetApp/netAppAccounts/capacityPools/volumes\",\r\n  \"etag\": \"W/\\\"datetime'2022-03-16T09%3A12%3A01.6248223Z'\\\"\",\r\n  \"location\": \"eastus\",\r\n  \"tags\": {\r\n    \"tag1\": \"tagValue1\",\r\n    \"CreatedOnDate\": \"2022-03-16T09:07:45.1553269Z\"\r\n  },\r\n  \"properties\": {\r\n    \"fileSystemId\": \"625496c0-b092-5ff1-1aeb-2253ed385f48\",\r\n    \"serviceLevel\": \"Premium\",\r\n    \"creationToken\": \"ps1380\",\r\n    \"ownerId\": \"e6db99ca-cbc5-4bf6-b9f6-acb8edf404c5\",\r\n    \"usageThreshold\": 107374182400,\r\n    \"usedBytes\": 0,\r\n    \"exportPolicy\": {\r\n      \"rules\": [\r\n        {\r\n          \"ruleIndex\": 1,\r\n          \"unixReadOnly\": false,\r\n          \"unixReadWrite\": true,\r\n          \"cifs\": false,\r\n          \"nfsv3\": true,\r\n          \"nfsv4\": false,\r\n          \"nfsv41\": false,\r\n          \"allowedClients\": \"0.0.0.0/0\",\r\n          \"kerberos5ReadOnly\": false,\r\n          \"kerberos5ReadWrite\": false,\r\n          \"kerberos5iReadOnly\": false,\r\n          \"kerberos5iReadWrite\": false,\r\n          \"kerberos5pReadOnly\": false,\r\n          \"kerberos5pReadWrite\": false,\r\n          \"hasRootAccess\": true,\r\n          \"chownMode\": \"Restricted\"\r\n        }\r\n      ]\r\n    },\r\n    \"protocolTypes\": [\r\n      \"NFSv3\"\r\n    ],\r\n    \"baremetalTenantId\": \"baremetalTenant_svm_e6db99cacbc54bf6b9f6acb8edf404c5_05a5a2cb\",\r\n    \"subnetId\": \"/subscriptions/69a75bda-882e-44d5-8431-63421204132a/resourceGroups/ps582/providers/Microsoft.Network/virtualNetworks/ps582-vnet/subnets/default\",\r\n    \"networkFeatures\": \"Basic\",\r\n    \"networkSiblingSetId\": \"0979cbaa-cb19-bc35-c561-9e4bff29651d\",\r\n    \"storageToNetworkProximity\": \"Default\",\r\n    \"snapshotDirectoryVisible\": false,\r\n    \"vendorID\": \"/subscriptions/69a75bda-882e-44d5-8431-63421204132a/resourceGroups/ps582/providers/Microsoft.NetApp/netAppAccounts/ps5196/capacityPools/ps8331/volumes/ps1380\",\r\n    \"poolId\": \"55388e6e-8ed3-e1a3-b241-73b8591ac2bc\",\r\n    \"mountTargets\": [\r\n      {\r\n        \"provisioningState\": \"\",\r\n        \"mountTargetId\": \"625496c0-b092-5ff1-1aeb-2253ed385f48\",\r\n        \"fileSystemId\": \"625496c0-b092-5ff1-1aeb-2253ed385f48\",\r\n        \"startIp\": \"\",\r\n        \"endIp\": \"\",\r\n        \"gateway\": \"\",\r\n        \"netmask\": \"\",\r\n        \"subnet\": \"\",\r\n        \"ipAddress\": \"10.0.1.4\"\r\n      }\r\n    ],\r\n    \"throughputMibps\": 6.4,\r\n    \"kerberosEnabled\": false,\r\n    \"securityStyle\": \"Unix\",\r\n    \"smbEncryption\": false,\r\n    \"smbContinuouslyAvailable\": false,\r\n    \"ldapEnabled\": false,\r\n    \"unixPermissions\": \"0770\",\r\n    \"encryptionKeySource\": \"Microsoft.NetApp\",\r\n    \"volumeSpecName\": \"generic\",\r\n    \"coolAccess\": false,\r\n    \"avsDataStore\": \"Disabled\",\r\n    \"isDefaultQuotaEnabled\": false,\r\n    \"defaultUserQuotaInKiBs\": 0,\r\n    \"defaultGroupQuotaInKiBs\": 0,\r\n    \"enableSubvolumes\": \"Disabled\",\r\n    \"provisioningState\": \"Succeeded\"\r\n  }\r\n}",
      "StatusCode": 200
    },
    {
      "RequestUri": "/subscriptions/69a75bda-882e-44d5-8431-63421204132a/resourceGroups/ps582/providers/Microsoft.NetApp/netAppAccounts/ps5196/capacityPools/ps8331/volumes/ps1380?api-version=2021-10-01",
      "EncodedRequestUri": "L3N1YnNjcmlwdGlvbnMvNjlhNzViZGEtODgyZS00NGQ1LTg0MzEtNjM0MjEyMDQxMzJhL3Jlc291cmNlR3JvdXBzL3BzNTgyL3Byb3ZpZGVycy9NaWNyb3NvZnQuTmV0QXBwL25ldEFwcEFjY291bnRzL3BzNTE5Ni9jYXBhY2l0eVBvb2xzL3BzODMzMS92b2x1bWVzL3BzMTM4MD9hcGktdmVyc2lvbj0yMDIxLTEwLTAx",
      "RequestMethod": "GET",
      "RequestBody": "",
      "RequestHeaders": {
        "x-ms-client-request-id": [
          "ae75b733-1c4e-45fe-8ba0-a1322343c3ad"
        ],
        "Accept-Language": [
          "en-US"
        ],
        "User-Agent": [
          "FxVersion/4.700.22.11601",
          "OSName/Windows",
          "OSVersion/Microsoft.Windows.10.0.19044",
          "Microsoft.Azure.Management.NetApp.AzureNetAppFilesManagementClient/1.16.0.0"
        ]
      },
      "ResponseHeaders": {
        "Cache-Control": [
          "no-cache"
        ],
        "Pragma": [
          "no-cache"
        ],
        "ETag": [
          "W/\"datetime'2022-03-16T09%3A12%3A01.6248223Z'\""
        ],
        "x-ms-request-id": [
          "4581e96e-0053-49aa-87a2-7072277fc400"
        ],
        "Server": [
          "Microsoft-IIS/10.0"
        ],
        "X-Powered-By": [
          "ASP.NET"
        ],
        "x-ms-ratelimit-remaining-subscription-reads": [
          "11977"
        ],
        "x-ms-correlation-request-id": [
          "8fa22e91-267b-4a5a-807c-2a19b31c1b7b"
        ],
        "x-ms-routing-request-id": [
          "FRANCESOUTH:20220316T091221Z:8fa22e91-267b-4a5a-807c-2a19b31c1b7b"
        ],
        "Strict-Transport-Security": [
          "max-age=31536000; includeSubDomains"
        ],
        "X-Content-Type-Options": [
          "nosniff"
        ],
        "Date": [
          "Wed, 16 Mar 2022 09:12:20 GMT"
        ],
        "Content-Length": [
          "1963"
        ],
        "Content-Type": [
          "application/json; charset=utf-8"
        ],
        "Expires": [
          "-1"
        ]
      },
      "ResponseBody": "{\r\n  \"id\": \"/subscriptions/69a75bda-882e-44d5-8431-63421204132a/resourceGroups/ps582/providers/Microsoft.NetApp/netAppAccounts/ps5196/capacityPools/ps8331/volumes/ps1380\",\r\n  \"name\": \"ps5196/ps8331/ps1380\",\r\n  \"type\": \"Microsoft.NetApp/netAppAccounts/capacityPools/volumes\",\r\n  \"etag\": \"W/\\\"datetime'2022-03-16T09%3A12%3A01.6248223Z'\\\"\",\r\n  \"location\": \"eastus\",\r\n  \"tags\": {\r\n    \"tag1\": \"tagValue1\",\r\n    \"CreatedOnDate\": \"2022-03-16T09:07:45.1553269Z\"\r\n  },\r\n  \"properties\": {\r\n    \"provisioningState\": \"Succeeded\",\r\n    \"fileSystemId\": \"625496c0-b092-5ff1-1aeb-2253ed385f48\",\r\n    \"serviceLevel\": \"Premium\",\r\n    \"creationToken\": \"ps1380\",\r\n    \"usageThreshold\": 107374182400,\r\n    \"exportPolicy\": {\r\n      \"rules\": [\r\n        {\r\n          \"ruleIndex\": 1,\r\n          \"unixReadOnly\": false,\r\n          \"unixReadWrite\": true,\r\n          \"cifs\": false,\r\n          \"nfsv3\": true,\r\n          \"nfsv41\": false,\r\n          \"allowedClients\": \"0.0.0.0/0\",\r\n          \"kerberos5ReadOnly\": false,\r\n          \"kerberos5ReadWrite\": false,\r\n          \"kerberos5iReadOnly\": false,\r\n          \"kerberos5iReadWrite\": false,\r\n          \"kerberos5pReadOnly\": false,\r\n          \"kerberos5pReadWrite\": false,\r\n          \"hasRootAccess\": true,\r\n          \"chownMode\": \"Restricted\"\r\n        }\r\n      ]\r\n    },\r\n    \"protocolTypes\": [\r\n      \"NFSv3\"\r\n    ],\r\n    \"baremetalTenantId\": \"baremetalTenant_svm_e6db99cacbc54bf6b9f6acb8edf404c5_05a5a2cb\",\r\n    \"subnetId\": \"/subscriptions/69a75bda-882e-44d5-8431-63421204132a/resourceGroups/ps582/providers/Microsoft.Network/virtualNetworks/ps582-vnet/subnets/default\",\r\n    \"networkFeatures\": \"Basic\",\r\n    \"networkSiblingSetId\": \"0979cbaa-cb19-bc35-c561-9e4bff29651d\",\r\n    \"storageToNetworkProximity\": \"Default\",\r\n    \"snapshotDirectoryVisible\": false,\r\n    \"kerberosEnabled\": false,\r\n    \"securityStyle\": \"Unix\",\r\n    \"smbEncryption\": false,\r\n    \"smbContinuouslyAvailable\": false,\r\n    \"encryptionKeySource\": \"Microsoft.NetApp\",\r\n    \"ldapEnabled\": false,\r\n    \"unixPermissions\": \"0770\",\r\n    \"mountTargets\": [\r\n      {\r\n        \"mountTargetId\": \"625496c0-b092-5ff1-1aeb-2253ed385f48\",\r\n        \"fileSystemId\": \"625496c0-b092-5ff1-1aeb-2253ed385f48\",\r\n        \"ipAddress\": \"10.0.1.4\"\r\n      }\r\n    ],\r\n    \"throughputMibps\": 6.4,\r\n    \"volumeSpecName\": \"generic\",\r\n    \"coolAccess\": false,\r\n    \"avsDataStore\": \"Disabled\",\r\n    \"isDefaultQuotaEnabled\": false,\r\n    \"defaultUserQuotaInKiBs\": 0,\r\n    \"defaultGroupQuotaInKiBs\": 0,\r\n    \"enableSubvolumes\": \"Disabled\",\r\n    \"maximumNumberOfFiles\": 100000000\r\n  }\r\n}",
      "StatusCode": 200
    },
    {
      "RequestUri": "/subscriptions/69a75bda-882e-44d5-8431-63421204132a/resourceGroups/ps582/providers/Microsoft.NetApp/netAppAccounts/ps5196/capacityPools/ps8331/volumes/ps1380?api-version=2021-10-01",
      "EncodedRequestUri": "L3N1YnNjcmlwdGlvbnMvNjlhNzViZGEtODgyZS00NGQ1LTg0MzEtNjM0MjEyMDQxMzJhL3Jlc291cmNlR3JvdXBzL3BzNTgyL3Byb3ZpZGVycy9NaWNyb3NvZnQuTmV0QXBwL25ldEFwcEFjY291bnRzL3BzNTE5Ni9jYXBhY2l0eVBvb2xzL3BzODMzMS92b2x1bWVzL3BzMTM4MD9hcGktdmVyc2lvbj0yMDIxLTEwLTAx",
      "RequestMethod": "GET",
      "RequestBody": "",
      "RequestHeaders": {
        "x-ms-client-request-id": [
          "8c5cbe6a-0378-4ebf-a3ac-fbe75053dbf6"
        ],
        "Accept-Language": [
          "en-US"
        ],
        "User-Agent": [
          "FxVersion/4.700.22.11601",
          "OSName/Windows",
          "OSVersion/Microsoft.Windows.10.0.19044",
          "Microsoft.Azure.Management.NetApp.AzureNetAppFilesManagementClient/1.16.0.0"
        ]
      },
      "ResponseHeaders": {
        "Cache-Control": [
          "no-cache"
        ],
        "Pragma": [
          "no-cache"
        ],
        "ETag": [
          "W/\"datetime'2022-03-16T09%3A12%3A01.6248223Z'\""
        ],
        "x-ms-request-id": [
          "f6add242-60d3-408b-bdfe-0b6c33cbaa1d"
        ],
        "Server": [
          "Microsoft-IIS/10.0"
        ],
        "X-Powered-By": [
          "ASP.NET"
        ],
        "x-ms-ratelimit-remaining-subscription-reads": [
          "11976"
        ],
        "x-ms-correlation-request-id": [
          "3a92358e-1e86-4a1a-9f94-30dcabc3166e"
        ],
        "x-ms-routing-request-id": [
          "FRANCESOUTH:20220316T091221Z:3a92358e-1e86-4a1a-9f94-30dcabc3166e"
        ],
        "Strict-Transport-Security": [
          "max-age=31536000; includeSubDomains"
        ],
        "X-Content-Type-Options": [
          "nosniff"
        ],
        "Date": [
          "Wed, 16 Mar 2022 09:12:20 GMT"
        ],
        "Content-Length": [
          "1963"
        ],
        "Content-Type": [
          "application/json; charset=utf-8"
        ],
        "Expires": [
          "-1"
        ]
      },
      "ResponseBody": "{\r\n  \"id\": \"/subscriptions/69a75bda-882e-44d5-8431-63421204132a/resourceGroups/ps582/providers/Microsoft.NetApp/netAppAccounts/ps5196/capacityPools/ps8331/volumes/ps1380\",\r\n  \"name\": \"ps5196/ps8331/ps1380\",\r\n  \"type\": \"Microsoft.NetApp/netAppAccounts/capacityPools/volumes\",\r\n  \"etag\": \"W/\\\"datetime'2022-03-16T09%3A12%3A01.6248223Z'\\\"\",\r\n  \"location\": \"eastus\",\r\n  \"tags\": {\r\n    \"tag1\": \"tagValue1\",\r\n    \"CreatedOnDate\": \"2022-03-16T09:07:45.1553269Z\"\r\n  },\r\n  \"properties\": {\r\n    \"provisioningState\": \"Succeeded\",\r\n    \"fileSystemId\": \"625496c0-b092-5ff1-1aeb-2253ed385f48\",\r\n    \"serviceLevel\": \"Premium\",\r\n    \"creationToken\": \"ps1380\",\r\n    \"usageThreshold\": 107374182400,\r\n    \"exportPolicy\": {\r\n      \"rules\": [\r\n        {\r\n          \"ruleIndex\": 1,\r\n          \"unixReadOnly\": false,\r\n          \"unixReadWrite\": true,\r\n          \"cifs\": false,\r\n          \"nfsv3\": true,\r\n          \"nfsv41\": false,\r\n          \"allowedClients\": \"0.0.0.0/0\",\r\n          \"kerberos5ReadOnly\": false,\r\n          \"kerberos5ReadWrite\": false,\r\n          \"kerberos5iReadOnly\": false,\r\n          \"kerberos5iReadWrite\": false,\r\n          \"kerberos5pReadOnly\": false,\r\n          \"kerberos5pReadWrite\": false,\r\n          \"hasRootAccess\": true,\r\n          \"chownMode\": \"Restricted\"\r\n        }\r\n      ]\r\n    },\r\n    \"protocolTypes\": [\r\n      \"NFSv3\"\r\n    ],\r\n    \"baremetalTenantId\": \"baremetalTenant_svm_e6db99cacbc54bf6b9f6acb8edf404c5_05a5a2cb\",\r\n    \"subnetId\": \"/subscriptions/69a75bda-882e-44d5-8431-63421204132a/resourceGroups/ps582/providers/Microsoft.Network/virtualNetworks/ps582-vnet/subnets/default\",\r\n    \"networkFeatures\": \"Basic\",\r\n    \"networkSiblingSetId\": \"0979cbaa-cb19-bc35-c561-9e4bff29651d\",\r\n    \"storageToNetworkProximity\": \"Default\",\r\n    \"snapshotDirectoryVisible\": false,\r\n    \"kerberosEnabled\": false,\r\n    \"securityStyle\": \"Unix\",\r\n    \"smbEncryption\": false,\r\n    \"smbContinuouslyAvailable\": false,\r\n    \"encryptionKeySource\": \"Microsoft.NetApp\",\r\n    \"ldapEnabled\": false,\r\n    \"unixPermissions\": \"0770\",\r\n    \"mountTargets\": [\r\n      {\r\n        \"mountTargetId\": \"625496c0-b092-5ff1-1aeb-2253ed385f48\",\r\n        \"fileSystemId\": \"625496c0-b092-5ff1-1aeb-2253ed385f48\",\r\n        \"ipAddress\": \"10.0.1.4\"\r\n      }\r\n    ],\r\n    \"throughputMibps\": 6.4,\r\n    \"volumeSpecName\": \"generic\",\r\n    \"coolAccess\": false,\r\n    \"avsDataStore\": \"Disabled\",\r\n    \"isDefaultQuotaEnabled\": false,\r\n    \"defaultUserQuotaInKiBs\": 0,\r\n    \"defaultGroupQuotaInKiBs\": 0,\r\n    \"enableSubvolumes\": \"Disabled\",\r\n    \"maximumNumberOfFiles\": 100000000\r\n  }\r\n}",
      "StatusCode": 200
    },
    {
      "RequestUri": "/subscriptions/69a75bda-882e-44d5-8431-63421204132a/resourcegroups/ps582?api-version=2016-09-01",
      "EncodedRequestUri": "L3N1YnNjcmlwdGlvbnMvNjlhNzViZGEtODgyZS00NGQ1LTg0MzEtNjM0MjEyMDQxMzJhL3Jlc291cmNlZ3JvdXBzL3BzNTgyP2FwaS12ZXJzaW9uPTIwMTYtMDktMDE=",
      "RequestMethod": "DELETE",
      "RequestBody": "",
      "RequestHeaders": {
        "x-ms-client-request-id": [
          "8b371c75-fbfb-46a0-a7c9-52405f2e392a"
        ],
        "Accept-Language": [
          "en-US"
        ],
        "User-Agent": [
          "FxVersion/4.700.22.11601",
          "OSName/Windows",
          "OSVersion/Microsoft.Windows.10.0.19044",
          "Microsoft.Azure.Management.Internal.Resources.ResourceManagementClient/1.3.56"
        ]
      },
      "ResponseHeaders": {
        "Cache-Control": [
          "no-cache"
        ],
        "Pragma": [
          "no-cache"
        ],
        "Location": [
          "https://management.azure.com/subscriptions/69a75bda-882e-44d5-8431-63421204132a/operationresults/eyJqb2JJZCI6IlJFU09VUkNFR1JPVVBERUxFVElPTkpPQi1QUzU4Mi1FQVNUVVMiLCJqb2JMb2NhdGlvbiI6ImVhc3R1cyJ9?api-version=2016-09-01"
        ],
        "Retry-After": [
          "15"
        ],
        "x-ms-ratelimit-remaining-subscription-deletes": [
          "14999"
        ],
        "x-ms-request-id": [
          "9f6ef5b3-779c-4c3b-8651-e5e221e1f6a0"
        ],
        "x-ms-correlation-request-id": [
          "9f6ef5b3-779c-4c3b-8651-e5e221e1f6a0"
        ],
        "x-ms-routing-request-id": [
          "FRANCESOUTH:20220316T091225Z:9f6ef5b3-779c-4c3b-8651-e5e221e1f6a0"
        ],
        "Strict-Transport-Security": [
          "max-age=31536000; includeSubDomains"
        ],
        "X-Content-Type-Options": [
          "nosniff"
        ],
        "Date": [
          "Wed, 16 Mar 2022 09:12:24 GMT"
        ],
        "Expires": [
          "-1"
        ],
        "Content-Length": [
          "0"
        ]
      },
      "ResponseBody": "",
      "StatusCode": 202
    },
    {
      "RequestUri": "/subscriptions/69a75bda-882e-44d5-8431-63421204132a/operationresults/eyJqb2JJZCI6IlJFU09VUkNFR1JPVVBERUxFVElPTkpPQi1QUzU4Mi1FQVNUVVMiLCJqb2JMb2NhdGlvbiI6ImVhc3R1cyJ9?api-version=2016-09-01",
      "EncodedRequestUri": "L3N1YnNjcmlwdGlvbnMvNjlhNzViZGEtODgyZS00NGQ1LTg0MzEtNjM0MjEyMDQxMzJhL29wZXJhdGlvbnJlc3VsdHMvZXlKcWIySkpaQ0k2SWxKRlUwOVZVa05GUjFKUFZWQkVSVXhGVkVsUFRrcFBRaTFRVXpVNE1pMUZRVk5VVlZNaUxDSnFiMkpNYjJOaGRHbHZiaUk2SW1WaGMzUjFjeUo5P2FwaS12ZXJzaW9uPTIwMTYtMDktMDE=",
      "RequestMethod": "GET",
      "RequestBody": "",
      "RequestHeaders": {
        "User-Agent": [
          "FxVersion/4.700.22.11601",
          "OSName/Windows",
          "OSVersion/Microsoft.Windows.10.0.19044",
          "Microsoft.Azure.Management.Internal.Resources.ResourceManagementClient/1.3.56"
        ]
      },
      "ResponseHeaders": {
        "Cache-Control": [
          "no-cache"
        ],
        "Pragma": [
          "no-cache"
        ],
        "Location": [
          "https://management.azure.com/subscriptions/69a75bda-882e-44d5-8431-63421204132a/operationresults/eyJqb2JJZCI6IlJFU09VUkNFR1JPVVBERUxFVElPTkpPQi1QUzU4Mi1FQVNUVVMiLCJqb2JMb2NhdGlvbiI6ImVhc3R1cyJ9?api-version=2016-09-01"
        ],
        "Retry-After": [
          "15"
        ],
        "x-ms-ratelimit-remaining-subscription-reads": [
          "11999"
        ],
        "x-ms-request-id": [
          "d79aa515-0206-4973-b196-0229885f1005"
        ],
        "x-ms-correlation-request-id": [
          "d79aa515-0206-4973-b196-0229885f1005"
        ],
        "x-ms-routing-request-id": [
          "FRANCESOUTH:20220316T091240Z:d79aa515-0206-4973-b196-0229885f1005"
        ],
        "Strict-Transport-Security": [
          "max-age=31536000; includeSubDomains"
        ],
        "X-Content-Type-Options": [
          "nosniff"
        ],
        "Date": [
          "Wed, 16 Mar 2022 09:12:40 GMT"
        ],
        "Expires": [
          "-1"
        ],
        "Content-Length": [
          "0"
        ]
      },
      "ResponseBody": "",
      "StatusCode": 202
    },
    {
      "RequestUri": "/subscriptions/69a75bda-882e-44d5-8431-63421204132a/operationresults/eyJqb2JJZCI6IlJFU09VUkNFR1JPVVBERUxFVElPTkpPQi1QUzU4Mi1FQVNUVVMiLCJqb2JMb2NhdGlvbiI6ImVhc3R1cyJ9?api-version=2016-09-01",
      "EncodedRequestUri": "L3N1YnNjcmlwdGlvbnMvNjlhNzViZGEtODgyZS00NGQ1LTg0MzEtNjM0MjEyMDQxMzJhL29wZXJhdGlvbnJlc3VsdHMvZXlKcWIySkpaQ0k2SWxKRlUwOVZVa05GUjFKUFZWQkVSVXhGVkVsUFRrcFBRaTFRVXpVNE1pMUZRVk5VVlZNaUxDSnFiMkpNYjJOaGRHbHZiaUk2SW1WaGMzUjFjeUo5P2FwaS12ZXJzaW9uPTIwMTYtMDktMDE=",
      "RequestMethod": "GET",
      "RequestBody": "",
      "RequestHeaders": {
        "User-Agent": [
          "FxVersion/4.700.22.11601",
          "OSName/Windows",
          "OSVersion/Microsoft.Windows.10.0.19044",
          "Microsoft.Azure.Management.Internal.Resources.ResourceManagementClient/1.3.56"
        ]
      },
      "ResponseHeaders": {
        "Cache-Control": [
          "no-cache"
        ],
        "Pragma": [
          "no-cache"
        ],
        "Location": [
          "https://management.azure.com/subscriptions/69a75bda-882e-44d5-8431-63421204132a/operationresults/eyJqb2JJZCI6IlJFU09VUkNFR1JPVVBERUxFVElPTkpPQi1QUzU4Mi1FQVNUVVMiLCJqb2JMb2NhdGlvbiI6ImVhc3R1cyJ9?api-version=2016-09-01"
        ],
        "Retry-After": [
          "15"
        ],
        "x-ms-ratelimit-remaining-subscription-reads": [
          "11998"
        ],
        "x-ms-request-id": [
          "f5c31688-c7e8-4db6-92b3-895eb1f5633b"
        ],
        "x-ms-correlation-request-id": [
          "f5c31688-c7e8-4db6-92b3-895eb1f5633b"
        ],
        "x-ms-routing-request-id": [
          "FRANCESOUTH:20220316T091255Z:f5c31688-c7e8-4db6-92b3-895eb1f5633b"
        ],
        "Strict-Transport-Security": [
          "max-age=31536000; includeSubDomains"
        ],
        "X-Content-Type-Options": [
          "nosniff"
        ],
        "Date": [
          "Wed, 16 Mar 2022 09:12:55 GMT"
        ],
        "Expires": [
          "-1"
        ],
        "Content-Length": [
          "0"
        ]
      },
      "ResponseBody": "",
      "StatusCode": 202
    },
    {
      "RequestUri": "/subscriptions/69a75bda-882e-44d5-8431-63421204132a/operationresults/eyJqb2JJZCI6IlJFU09VUkNFR1JPVVBERUxFVElPTkpPQi1QUzU4Mi1FQVNUVVMiLCJqb2JMb2NhdGlvbiI6ImVhc3R1cyJ9?api-version=2016-09-01",
      "EncodedRequestUri": "L3N1YnNjcmlwdGlvbnMvNjlhNzViZGEtODgyZS00NGQ1LTg0MzEtNjM0MjEyMDQxMzJhL29wZXJhdGlvbnJlc3VsdHMvZXlKcWIySkpaQ0k2SWxKRlUwOVZVa05GUjFKUFZWQkVSVXhGVkVsUFRrcFBRaTFRVXpVNE1pMUZRVk5VVlZNaUxDSnFiMkpNYjJOaGRHbHZiaUk2SW1WaGMzUjFjeUo5P2FwaS12ZXJzaW9uPTIwMTYtMDktMDE=",
      "RequestMethod": "GET",
      "RequestBody": "",
      "RequestHeaders": {
        "User-Agent": [
          "FxVersion/4.700.22.11601",
          "OSName/Windows",
          "OSVersion/Microsoft.Windows.10.0.19044",
          "Microsoft.Azure.Management.Internal.Resources.ResourceManagementClient/1.3.56"
        ]
      },
      "ResponseHeaders": {
        "Cache-Control": [
          "no-cache"
        ],
        "Pragma": [
          "no-cache"
        ],
        "Location": [
          "https://management.azure.com/subscriptions/69a75bda-882e-44d5-8431-63421204132a/operationresults/eyJqb2JJZCI6IlJFU09VUkNFR1JPVVBERUxFVElPTkpPQi1QUzU4Mi1FQVNUVVMiLCJqb2JMb2NhdGlvbiI6ImVhc3R1cyJ9?api-version=2016-09-01"
        ],
        "Retry-After": [
          "15"
        ],
        "x-ms-ratelimit-remaining-subscription-reads": [
          "11997"
        ],
        "x-ms-request-id": [
          "db11aaf5-b0d5-46de-9204-e2c66ccee54b"
        ],
        "x-ms-correlation-request-id": [
          "db11aaf5-b0d5-46de-9204-e2c66ccee54b"
        ],
        "x-ms-routing-request-id": [
          "FRANCESOUTH:20220316T091311Z:db11aaf5-b0d5-46de-9204-e2c66ccee54b"
        ],
        "Strict-Transport-Security": [
          "max-age=31536000; includeSubDomains"
        ],
        "X-Content-Type-Options": [
          "nosniff"
        ],
        "Date": [
          "Wed, 16 Mar 2022 09:13:11 GMT"
        ],
        "Expires": [
          "-1"
        ],
        "Content-Length": [
          "0"
        ]
      },
      "ResponseBody": "",
      "StatusCode": 202
    },
    {
      "RequestUri": "/subscriptions/69a75bda-882e-44d5-8431-63421204132a/operationresults/eyJqb2JJZCI6IlJFU09VUkNFR1JPVVBERUxFVElPTkpPQi1QUzU4Mi1FQVNUVVMiLCJqb2JMb2NhdGlvbiI6ImVhc3R1cyJ9?api-version=2016-09-01",
      "EncodedRequestUri": "L3N1YnNjcmlwdGlvbnMvNjlhNzViZGEtODgyZS00NGQ1LTg0MzEtNjM0MjEyMDQxMzJhL29wZXJhdGlvbnJlc3VsdHMvZXlKcWIySkpaQ0k2SWxKRlUwOVZVa05GUjFKUFZWQkVSVXhGVkVsUFRrcFBRaTFRVXpVNE1pMUZRVk5VVlZNaUxDSnFiMkpNYjJOaGRHbHZiaUk2SW1WaGMzUjFjeUo5P2FwaS12ZXJzaW9uPTIwMTYtMDktMDE=",
      "RequestMethod": "GET",
      "RequestBody": "",
      "RequestHeaders": {
        "User-Agent": [
          "FxVersion/4.700.22.11601",
          "OSName/Windows",
          "OSVersion/Microsoft.Windows.10.0.19044",
          "Microsoft.Azure.Management.Internal.Resources.ResourceManagementClient/1.3.56"
        ]
      },
      "ResponseHeaders": {
        "Cache-Control": [
          "no-cache"
        ],
        "Pragma": [
          "no-cache"
        ],
        "Location": [
          "https://management.azure.com/subscriptions/69a75bda-882e-44d5-8431-63421204132a/operationresults/eyJqb2JJZCI6IlJFU09VUkNFR1JPVVBERUxFVElPTkpPQi1QUzU4Mi1FQVNUVVMiLCJqb2JMb2NhdGlvbiI6ImVhc3R1cyJ9?api-version=2016-09-01"
        ],
        "Retry-After": [
          "15"
        ],
        "x-ms-ratelimit-remaining-subscription-reads": [
          "11996"
        ],
        "x-ms-request-id": [
          "6e3c957c-52f3-446d-9234-ae9100e8ce60"
        ],
        "x-ms-correlation-request-id": [
          "6e3c957c-52f3-446d-9234-ae9100e8ce60"
        ],
        "x-ms-routing-request-id": [
          "FRANCESOUTH:20220316T091326Z:6e3c957c-52f3-446d-9234-ae9100e8ce60"
        ],
        "Strict-Transport-Security": [
          "max-age=31536000; includeSubDomains"
        ],
        "X-Content-Type-Options": [
          "nosniff"
        ],
        "Date": [
          "Wed, 16 Mar 2022 09:13:26 GMT"
        ],
        "Expires": [
          "-1"
        ],
        "Content-Length": [
          "0"
        ]
      },
      "ResponseBody": "",
      "StatusCode": 202
    },
    {
      "RequestUri": "/subscriptions/69a75bda-882e-44d5-8431-63421204132a/operationresults/eyJqb2JJZCI6IlJFU09VUkNFR1JPVVBERUxFVElPTkpPQi1QUzU4Mi1FQVNUVVMiLCJqb2JMb2NhdGlvbiI6ImVhc3R1cyJ9?api-version=2016-09-01",
      "EncodedRequestUri": "L3N1YnNjcmlwdGlvbnMvNjlhNzViZGEtODgyZS00NGQ1LTg0MzEtNjM0MjEyMDQxMzJhL29wZXJhdGlvbnJlc3VsdHMvZXlKcWIySkpaQ0k2SWxKRlUwOVZVa05GUjFKUFZWQkVSVXhGVkVsUFRrcFBRaTFRVXpVNE1pMUZRVk5VVlZNaUxDSnFiMkpNYjJOaGRHbHZiaUk2SW1WaGMzUjFjeUo5P2FwaS12ZXJzaW9uPTIwMTYtMDktMDE=",
      "RequestMethod": "GET",
      "RequestBody": "",
      "RequestHeaders": {
        "User-Agent": [
          "FxVersion/4.700.22.11601",
          "OSName/Windows",
          "OSVersion/Microsoft.Windows.10.0.19044",
          "Microsoft.Azure.Management.Internal.Resources.ResourceManagementClient/1.3.56"
        ]
      },
      "ResponseHeaders": {
        "Cache-Control": [
          "no-cache"
        ],
        "Pragma": [
          "no-cache"
        ],
        "Location": [
          "https://management.azure.com/subscriptions/69a75bda-882e-44d5-8431-63421204132a/operationresults/eyJqb2JJZCI6IlJFU09VUkNFR1JPVVBERUxFVElPTkpPQi1QUzU4Mi1FQVNUVVMiLCJqb2JMb2NhdGlvbiI6ImVhc3R1cyJ9?api-version=2016-09-01"
        ],
        "Retry-After": [
          "15"
        ],
        "x-ms-ratelimit-remaining-subscription-reads": [
          "11995"
        ],
        "x-ms-request-id": [
          "57523b1b-65a6-420c-9b55-e32607793fae"
        ],
        "x-ms-correlation-request-id": [
          "57523b1b-65a6-420c-9b55-e32607793fae"
        ],
        "x-ms-routing-request-id": [
          "FRANCESOUTH:20220316T091341Z:57523b1b-65a6-420c-9b55-e32607793fae"
        ],
        "Strict-Transport-Security": [
          "max-age=31536000; includeSubDomains"
        ],
        "X-Content-Type-Options": [
          "nosniff"
        ],
        "Date": [
          "Wed, 16 Mar 2022 09:13:41 GMT"
        ],
        "Expires": [
          "-1"
        ],
        "Content-Length": [
          "0"
        ]
      },
      "ResponseBody": "",
      "StatusCode": 202
    },
    {
      "RequestUri": "/subscriptions/69a75bda-882e-44d5-8431-63421204132a/operationresults/eyJqb2JJZCI6IlJFU09VUkNFR1JPVVBERUxFVElPTkpPQi1QUzU4Mi1FQVNUVVMiLCJqb2JMb2NhdGlvbiI6ImVhc3R1cyJ9?api-version=2016-09-01",
      "EncodedRequestUri": "L3N1YnNjcmlwdGlvbnMvNjlhNzViZGEtODgyZS00NGQ1LTg0MzEtNjM0MjEyMDQxMzJhL29wZXJhdGlvbnJlc3VsdHMvZXlKcWIySkpaQ0k2SWxKRlUwOVZVa05GUjFKUFZWQkVSVXhGVkVsUFRrcFBRaTFRVXpVNE1pMUZRVk5VVlZNaUxDSnFiMkpNYjJOaGRHbHZiaUk2SW1WaGMzUjFjeUo5P2FwaS12ZXJzaW9uPTIwMTYtMDktMDE=",
      "RequestMethod": "GET",
      "RequestBody": "",
      "RequestHeaders": {
        "User-Agent": [
          "FxVersion/4.700.22.11601",
          "OSName/Windows",
          "OSVersion/Microsoft.Windows.10.0.19044",
          "Microsoft.Azure.Management.Internal.Resources.ResourceManagementClient/1.3.56"
        ]
      },
      "ResponseHeaders": {
        "Cache-Control": [
          "no-cache"
        ],
        "Pragma": [
          "no-cache"
        ],
        "Location": [
          "https://management.azure.com/subscriptions/69a75bda-882e-44d5-8431-63421204132a/operationresults/eyJqb2JJZCI6IlJFU09VUkNFR1JPVVBERUxFVElPTkpPQi1QUzU4Mi1FQVNUVVMiLCJqb2JMb2NhdGlvbiI6ImVhc3R1cyJ9?api-version=2016-09-01"
        ],
        "Retry-After": [
          "15"
        ],
        "x-ms-ratelimit-remaining-subscription-reads": [
          "11994"
        ],
        "x-ms-request-id": [
          "e8ce6d95-35a4-4564-a020-2a0d6f34e6dd"
        ],
        "x-ms-correlation-request-id": [
          "e8ce6d95-35a4-4564-a020-2a0d6f34e6dd"
        ],
        "x-ms-routing-request-id": [
          "FRANCESOUTH:20220316T091357Z:e8ce6d95-35a4-4564-a020-2a0d6f34e6dd"
        ],
        "Strict-Transport-Security": [
          "max-age=31536000; includeSubDomains"
        ],
        "X-Content-Type-Options": [
          "nosniff"
        ],
        "Date": [
          "Wed, 16 Mar 2022 09:13:56 GMT"
        ],
        "Expires": [
          "-1"
        ],
        "Content-Length": [
          "0"
        ]
      },
      "ResponseBody": "",
      "StatusCode": 202
    },
    {
      "RequestUri": "/subscriptions/69a75bda-882e-44d5-8431-63421204132a/operationresults/eyJqb2JJZCI6IlJFU09VUkNFR1JPVVBERUxFVElPTkpPQi1QUzU4Mi1FQVNUVVMiLCJqb2JMb2NhdGlvbiI6ImVhc3R1cyJ9?api-version=2016-09-01",
      "EncodedRequestUri": "L3N1YnNjcmlwdGlvbnMvNjlhNzViZGEtODgyZS00NGQ1LTg0MzEtNjM0MjEyMDQxMzJhL29wZXJhdGlvbnJlc3VsdHMvZXlKcWIySkpaQ0k2SWxKRlUwOVZVa05GUjFKUFZWQkVSVXhGVkVsUFRrcFBRaTFRVXpVNE1pMUZRVk5VVlZNaUxDSnFiMkpNYjJOaGRHbHZiaUk2SW1WaGMzUjFjeUo5P2FwaS12ZXJzaW9uPTIwMTYtMDktMDE=",
      "RequestMethod": "GET",
      "RequestBody": "",
      "RequestHeaders": {
        "User-Agent": [
          "FxVersion/4.700.22.11601",
          "OSName/Windows",
          "OSVersion/Microsoft.Windows.10.0.19044",
          "Microsoft.Azure.Management.Internal.Resources.ResourceManagementClient/1.3.56"
        ]
      },
      "ResponseHeaders": {
        "Cache-Control": [
          "no-cache"
        ],
        "Pragma": [
          "no-cache"
        ],
        "Location": [
          "https://management.azure.com/subscriptions/69a75bda-882e-44d5-8431-63421204132a/operationresults/eyJqb2JJZCI6IlJFU09VUkNFR1JPVVBERUxFVElPTkpPQi1QUzU4Mi1FQVNUVVMiLCJqb2JMb2NhdGlvbiI6ImVhc3R1cyJ9?api-version=2016-09-01"
        ],
        "Retry-After": [
          "15"
        ],
        "x-ms-ratelimit-remaining-subscription-reads": [
          "11993"
        ],
        "x-ms-request-id": [
          "11266cdb-7a49-4399-8aaa-c2873b2d6ef1"
        ],
        "x-ms-correlation-request-id": [
          "11266cdb-7a49-4399-8aaa-c2873b2d6ef1"
        ],
        "x-ms-routing-request-id": [
          "FRANCESOUTH:20220316T091412Z:11266cdb-7a49-4399-8aaa-c2873b2d6ef1"
        ],
        "Strict-Transport-Security": [
          "max-age=31536000; includeSubDomains"
        ],
        "X-Content-Type-Options": [
          "nosniff"
        ],
        "Date": [
          "Wed, 16 Mar 2022 09:14:11 GMT"
        ],
        "Expires": [
          "-1"
        ],
        "Content-Length": [
          "0"
        ]
      },
      "ResponseBody": "",
      "StatusCode": 202
    },
    {
      "RequestUri": "/subscriptions/69a75bda-882e-44d5-8431-63421204132a/operationresults/eyJqb2JJZCI6IlJFU09VUkNFR1JPVVBERUxFVElPTkpPQi1QUzU4Mi1FQVNUVVMiLCJqb2JMb2NhdGlvbiI6ImVhc3R1cyJ9?api-version=2016-09-01",
      "EncodedRequestUri": "L3N1YnNjcmlwdGlvbnMvNjlhNzViZGEtODgyZS00NGQ1LTg0MzEtNjM0MjEyMDQxMzJhL29wZXJhdGlvbnJlc3VsdHMvZXlKcWIySkpaQ0k2SWxKRlUwOVZVa05GUjFKUFZWQkVSVXhGVkVsUFRrcFBRaTFRVXpVNE1pMUZRVk5VVlZNaUxDSnFiMkpNYjJOaGRHbHZiaUk2SW1WaGMzUjFjeUo5P2FwaS12ZXJzaW9uPTIwMTYtMDktMDE=",
      "RequestMethod": "GET",
      "RequestBody": "",
      "RequestHeaders": {
        "User-Agent": [
          "FxVersion/4.700.22.11601",
          "OSName/Windows",
          "OSVersion/Microsoft.Windows.10.0.19044",
          "Microsoft.Azure.Management.Internal.Resources.ResourceManagementClient/1.3.56"
        ]
      },
      "ResponseHeaders": {
        "Cache-Control": [
          "no-cache"
        ],
        "Pragma": [
          "no-cache"
        ],
        "Location": [
          "https://management.azure.com/subscriptions/69a75bda-882e-44d5-8431-63421204132a/operationresults/eyJqb2JJZCI6IlJFU09VUkNFR1JPVVBERUxFVElPTkpPQi1QUzU4Mi1FQVNUVVMiLCJqb2JMb2NhdGlvbiI6ImVhc3R1cyJ9?api-version=2016-09-01"
        ],
        "Retry-After": [
          "15"
        ],
        "x-ms-ratelimit-remaining-subscription-reads": [
          "11992"
        ],
        "x-ms-request-id": [
          "f2d6c1f9-fc4c-4093-811b-9249c164e6c4"
        ],
        "x-ms-correlation-request-id": [
          "f2d6c1f9-fc4c-4093-811b-9249c164e6c4"
        ],
        "x-ms-routing-request-id": [
          "FRANCESOUTH:20220316T091427Z:f2d6c1f9-fc4c-4093-811b-9249c164e6c4"
        ],
        "Strict-Transport-Security": [
          "max-age=31536000; includeSubDomains"
        ],
        "X-Content-Type-Options": [
          "nosniff"
        ],
        "Date": [
          "Wed, 16 Mar 2022 09:14:27 GMT"
        ],
        "Expires": [
          "-1"
        ],
        "Content-Length": [
          "0"
        ]
      },
      "ResponseBody": "",
      "StatusCode": 202
    },
    {
      "RequestUri": "/subscriptions/69a75bda-882e-44d5-8431-63421204132a/operationresults/eyJqb2JJZCI6IlJFU09VUkNFR1JPVVBERUxFVElPTkpPQi1QUzU4Mi1FQVNUVVMiLCJqb2JMb2NhdGlvbiI6ImVhc3R1cyJ9?api-version=2016-09-01",
      "EncodedRequestUri": "L3N1YnNjcmlwdGlvbnMvNjlhNzViZGEtODgyZS00NGQ1LTg0MzEtNjM0MjEyMDQxMzJhL29wZXJhdGlvbnJlc3VsdHMvZXlKcWIySkpaQ0k2SWxKRlUwOVZVa05GUjFKUFZWQkVSVXhGVkVsUFRrcFBRaTFRVXpVNE1pMUZRVk5VVlZNaUxDSnFiMkpNYjJOaGRHbHZiaUk2SW1WaGMzUjFjeUo5P2FwaS12ZXJzaW9uPTIwMTYtMDktMDE=",
      "RequestMethod": "GET",
      "RequestBody": "",
      "RequestHeaders": {
        "User-Agent": [
          "FxVersion/4.700.22.11601",
          "OSName/Windows",
          "OSVersion/Microsoft.Windows.10.0.19044",
          "Microsoft.Azure.Management.Internal.Resources.ResourceManagementClient/1.3.56"
        ]
      },
      "ResponseHeaders": {
        "Cache-Control": [
          "no-cache"
        ],
        "Pragma": [
          "no-cache"
        ],
        "Location": [
          "https://management.azure.com/subscriptions/69a75bda-882e-44d5-8431-63421204132a/operationresults/eyJqb2JJZCI6IlJFU09VUkNFR1JPVVBERUxFVElPTkpPQi1QUzU4Mi1FQVNUVVMiLCJqb2JMb2NhdGlvbiI6ImVhc3R1cyJ9?api-version=2016-09-01"
        ],
        "Retry-After": [
          "15"
        ],
        "x-ms-ratelimit-remaining-subscription-reads": [
          "11991"
        ],
        "x-ms-request-id": [
          "0deb2cff-7459-40db-87f8-6371afc7a383"
        ],
        "x-ms-correlation-request-id": [
          "0deb2cff-7459-40db-87f8-6371afc7a383"
        ],
        "x-ms-routing-request-id": [
          "FRANCESOUTH:20220316T091442Z:0deb2cff-7459-40db-87f8-6371afc7a383"
        ],
        "Strict-Transport-Security": [
          "max-age=31536000; includeSubDomains"
        ],
        "X-Content-Type-Options": [
          "nosniff"
        ],
        "Date": [
          "Wed, 16 Mar 2022 09:14:42 GMT"
        ],
        "Expires": [
          "-1"
        ],
        "Content-Length": [
          "0"
        ]
      },
      "ResponseBody": "",
      "StatusCode": 202
    },
    {
      "RequestUri": "/subscriptions/69a75bda-882e-44d5-8431-63421204132a/operationresults/eyJqb2JJZCI6IlJFU09VUkNFR1JPVVBERUxFVElPTkpPQi1QUzU4Mi1FQVNUVVMiLCJqb2JMb2NhdGlvbiI6ImVhc3R1cyJ9?api-version=2016-09-01",
      "EncodedRequestUri": "L3N1YnNjcmlwdGlvbnMvNjlhNzViZGEtODgyZS00NGQ1LTg0MzEtNjM0MjEyMDQxMzJhL29wZXJhdGlvbnJlc3VsdHMvZXlKcWIySkpaQ0k2SWxKRlUwOVZVa05GUjFKUFZWQkVSVXhGVkVsUFRrcFBRaTFRVXpVNE1pMUZRVk5VVlZNaUxDSnFiMkpNYjJOaGRHbHZiaUk2SW1WaGMzUjFjeUo5P2FwaS12ZXJzaW9uPTIwMTYtMDktMDE=",
      "RequestMethod": "GET",
      "RequestBody": "",
      "RequestHeaders": {
        "User-Agent": [
          "FxVersion/4.700.22.11601",
          "OSName/Windows",
          "OSVersion/Microsoft.Windows.10.0.19044",
          "Microsoft.Azure.Management.Internal.Resources.ResourceManagementClient/1.3.56"
        ]
      },
      "ResponseHeaders": {
        "Cache-Control": [
          "no-cache"
        ],
        "Pragma": [
          "no-cache"
        ],
        "Location": [
          "https://management.azure.com/subscriptions/69a75bda-882e-44d5-8431-63421204132a/operationresults/eyJqb2JJZCI6IlJFU09VUkNFR1JPVVBERUxFVElPTkpPQi1QUzU4Mi1FQVNUVVMiLCJqb2JMb2NhdGlvbiI6ImVhc3R1cyJ9?api-version=2016-09-01"
        ],
        "Retry-After": [
          "15"
        ],
        "x-ms-ratelimit-remaining-subscription-reads": [
          "11990"
        ],
        "x-ms-request-id": [
          "8eff7fff-a5b9-4591-ba45-efa754dc62f8"
        ],
        "x-ms-correlation-request-id": [
          "8eff7fff-a5b9-4591-ba45-efa754dc62f8"
        ],
        "x-ms-routing-request-id": [
          "FRANCESOUTH:20220316T091458Z:8eff7fff-a5b9-4591-ba45-efa754dc62f8"
        ],
        "Strict-Transport-Security": [
          "max-age=31536000; includeSubDomains"
        ],
        "X-Content-Type-Options": [
          "nosniff"
        ],
        "Date": [
          "Wed, 16 Mar 2022 09:14:57 GMT"
        ],
        "Expires": [
          "-1"
        ],
        "Content-Length": [
          "0"
        ]
      },
      "ResponseBody": "",
      "StatusCode": 202
    },
    {
      "RequestUri": "/subscriptions/69a75bda-882e-44d5-8431-63421204132a/operationresults/eyJqb2JJZCI6IlJFU09VUkNFR1JPVVBERUxFVElPTkpPQi1QUzU4Mi1FQVNUVVMiLCJqb2JMb2NhdGlvbiI6ImVhc3R1cyJ9?api-version=2016-09-01",
      "EncodedRequestUri": "L3N1YnNjcmlwdGlvbnMvNjlhNzViZGEtODgyZS00NGQ1LTg0MzEtNjM0MjEyMDQxMzJhL29wZXJhdGlvbnJlc3VsdHMvZXlKcWIySkpaQ0k2SWxKRlUwOVZVa05GUjFKUFZWQkVSVXhGVkVsUFRrcFBRaTFRVXpVNE1pMUZRVk5VVlZNaUxDSnFiMkpNYjJOaGRHbHZiaUk2SW1WaGMzUjFjeUo5P2FwaS12ZXJzaW9uPTIwMTYtMDktMDE=",
      "RequestMethod": "GET",
      "RequestBody": "",
      "RequestHeaders": {
        "User-Agent": [
          "FxVersion/4.700.22.11601",
          "OSName/Windows",
          "OSVersion/Microsoft.Windows.10.0.19044",
          "Microsoft.Azure.Management.Internal.Resources.ResourceManagementClient/1.3.56"
        ]
      },
      "ResponseHeaders": {
        "Cache-Control": [
          "no-cache"
        ],
        "Pragma": [
          "no-cache"
        ],
        "Location": [
          "https://management.azure.com/subscriptions/69a75bda-882e-44d5-8431-63421204132a/operationresults/eyJqb2JJZCI6IlJFU09VUkNFR1JPVVBERUxFVElPTkpPQi1QUzU4Mi1FQVNUVVMiLCJqb2JMb2NhdGlvbiI6ImVhc3R1cyJ9?api-version=2016-09-01"
        ],
        "Retry-After": [
          "15"
        ],
        "x-ms-ratelimit-remaining-subscription-reads": [
          "11989"
        ],
        "x-ms-request-id": [
          "16feac74-3a1a-4545-b03d-9a5ef2b13788"
        ],
        "x-ms-correlation-request-id": [
          "16feac74-3a1a-4545-b03d-9a5ef2b13788"
        ],
        "x-ms-routing-request-id": [
          "FRANCESOUTH:20220316T091513Z:16feac74-3a1a-4545-b03d-9a5ef2b13788"
        ],
        "Strict-Transport-Security": [
          "max-age=31536000; includeSubDomains"
        ],
        "X-Content-Type-Options": [
          "nosniff"
        ],
        "Date": [
          "Wed, 16 Mar 2022 09:15:13 GMT"
        ],
        "Expires": [
          "-1"
        ],
        "Content-Length": [
          "0"
        ]
      },
      "ResponseBody": "",
      "StatusCode": 202
    },
    {
      "RequestUri": "/subscriptions/69a75bda-882e-44d5-8431-63421204132a/operationresults/eyJqb2JJZCI6IlJFU09VUkNFR1JPVVBERUxFVElPTkpPQi1QUzU4Mi1FQVNUVVMiLCJqb2JMb2NhdGlvbiI6ImVhc3R1cyJ9?api-version=2016-09-01",
      "EncodedRequestUri": "L3N1YnNjcmlwdGlvbnMvNjlhNzViZGEtODgyZS00NGQ1LTg0MzEtNjM0MjEyMDQxMzJhL29wZXJhdGlvbnJlc3VsdHMvZXlKcWIySkpaQ0k2SWxKRlUwOVZVa05GUjFKUFZWQkVSVXhGVkVsUFRrcFBRaTFRVXpVNE1pMUZRVk5VVlZNaUxDSnFiMkpNYjJOaGRHbHZiaUk2SW1WaGMzUjFjeUo5P2FwaS12ZXJzaW9uPTIwMTYtMDktMDE=",
      "RequestMethod": "GET",
      "RequestBody": "",
      "RequestHeaders": {
        "User-Agent": [
          "FxVersion/4.700.22.11601",
          "OSName/Windows",
          "OSVersion/Microsoft.Windows.10.0.19044",
          "Microsoft.Azure.Management.Internal.Resources.ResourceManagementClient/1.3.56"
        ]
      },
      "ResponseHeaders": {
        "Cache-Control": [
          "no-cache"
        ],
        "Pragma": [
          "no-cache"
        ],
        "Location": [
          "https://management.azure.com/subscriptions/69a75bda-882e-44d5-8431-63421204132a/operationresults/eyJqb2JJZCI6IlJFU09VUkNFR1JPVVBERUxFVElPTkpPQi1QUzU4Mi1FQVNUVVMiLCJqb2JMb2NhdGlvbiI6ImVhc3R1cyJ9?api-version=2016-09-01"
        ],
        "Retry-After": [
          "15"
        ],
        "x-ms-ratelimit-remaining-subscription-reads": [
          "11988"
        ],
        "x-ms-request-id": [
          "947273b4-5bd0-41a7-8542-55dae81a19c9"
        ],
        "x-ms-correlation-request-id": [
          "947273b4-5bd0-41a7-8542-55dae81a19c9"
        ],
        "x-ms-routing-request-id": [
          "FRANCESOUTH:20220316T091528Z:947273b4-5bd0-41a7-8542-55dae81a19c9"
        ],
        "Strict-Transport-Security": [
          "max-age=31536000; includeSubDomains"
        ],
        "X-Content-Type-Options": [
          "nosniff"
        ],
        "Date": [
          "Wed, 16 Mar 2022 09:15:28 GMT"
        ],
        "Expires": [
          "-1"
        ],
        "Content-Length": [
          "0"
        ]
      },
      "ResponseBody": "",
      "StatusCode": 202
    },
    {
      "RequestUri": "/subscriptions/69a75bda-882e-44d5-8431-63421204132a/operationresults/eyJqb2JJZCI6IlJFU09VUkNFR1JPVVBERUxFVElPTkpPQi1QUzU4Mi1FQVNUVVMiLCJqb2JMb2NhdGlvbiI6ImVhc3R1cyJ9?api-version=2016-09-01",
      "EncodedRequestUri": "L3N1YnNjcmlwdGlvbnMvNjlhNzViZGEtODgyZS00NGQ1LTg0MzEtNjM0MjEyMDQxMzJhL29wZXJhdGlvbnJlc3VsdHMvZXlKcWIySkpaQ0k2SWxKRlUwOVZVa05GUjFKUFZWQkVSVXhGVkVsUFRrcFBRaTFRVXpVNE1pMUZRVk5VVlZNaUxDSnFiMkpNYjJOaGRHbHZiaUk2SW1WaGMzUjFjeUo5P2FwaS12ZXJzaW9uPTIwMTYtMDktMDE=",
      "RequestMethod": "GET",
      "RequestBody": "",
      "RequestHeaders": {
        "User-Agent": [
          "FxVersion/4.700.22.11601",
          "OSName/Windows",
          "OSVersion/Microsoft.Windows.10.0.19044",
          "Microsoft.Azure.Management.Internal.Resources.ResourceManagementClient/1.3.56"
        ]
      },
      "ResponseHeaders": {
        "Cache-Control": [
          "no-cache"
        ],
        "Pragma": [
          "no-cache"
        ],
        "Location": [
          "https://management.azure.com/subscriptions/69a75bda-882e-44d5-8431-63421204132a/operationresults/eyJqb2JJZCI6IlJFU09VUkNFR1JPVVBERUxFVElPTkpPQi1QUzU4Mi1FQVNUVVMiLCJqb2JMb2NhdGlvbiI6ImVhc3R1cyJ9?api-version=2016-09-01"
        ],
        "Retry-After": [
          "15"
        ],
        "x-ms-ratelimit-remaining-subscription-reads": [
          "11987"
        ],
        "x-ms-request-id": [
          "145d89af-5daa-4e9e-aa4c-6d5b4a5bcfae"
        ],
        "x-ms-correlation-request-id": [
          "145d89af-5daa-4e9e-aa4c-6d5b4a5bcfae"
        ],
        "x-ms-routing-request-id": [
          "FRANCESOUTH:20220316T091543Z:145d89af-5daa-4e9e-aa4c-6d5b4a5bcfae"
        ],
        "Strict-Transport-Security": [
          "max-age=31536000; includeSubDomains"
        ],
        "X-Content-Type-Options": [
          "nosniff"
        ],
        "Date": [
          "Wed, 16 Mar 2022 09:15:43 GMT"
        ],
        "Expires": [
          "-1"
        ],
        "Content-Length": [
          "0"
        ]
      },
      "ResponseBody": "",
      "StatusCode": 202
    },
    {
      "RequestUri": "/subscriptions/69a75bda-882e-44d5-8431-63421204132a/operationresults/eyJqb2JJZCI6IlJFU09VUkNFR1JPVVBERUxFVElPTkpPQi1QUzU4Mi1FQVNUVVMiLCJqb2JMb2NhdGlvbiI6ImVhc3R1cyJ9?api-version=2016-09-01",
      "EncodedRequestUri": "L3N1YnNjcmlwdGlvbnMvNjlhNzViZGEtODgyZS00NGQ1LTg0MzEtNjM0MjEyMDQxMzJhL29wZXJhdGlvbnJlc3VsdHMvZXlKcWIySkpaQ0k2SWxKRlUwOVZVa05GUjFKUFZWQkVSVXhGVkVsUFRrcFBRaTFRVXpVNE1pMUZRVk5VVlZNaUxDSnFiMkpNYjJOaGRHbHZiaUk2SW1WaGMzUjFjeUo5P2FwaS12ZXJzaW9uPTIwMTYtMDktMDE=",
      "RequestMethod": "GET",
      "RequestBody": "",
      "RequestHeaders": {
        "User-Agent": [
          "FxVersion/4.700.22.11601",
          "OSName/Windows",
          "OSVersion/Microsoft.Windows.10.0.19044",
          "Microsoft.Azure.Management.Internal.Resources.ResourceManagementClient/1.3.56"
        ]
      },
      "ResponseHeaders": {
        "Cache-Control": [
          "no-cache"
        ],
        "Pragma": [
          "no-cache"
        ],
        "Location": [
          "https://management.azure.com/subscriptions/69a75bda-882e-44d5-8431-63421204132a/operationresults/eyJqb2JJZCI6IlJFU09VUkNFR1JPVVBERUxFVElPTkpPQi1QUzU4Mi1FQVNUVVMiLCJqb2JMb2NhdGlvbiI6ImVhc3R1cyJ9?api-version=2016-09-01"
        ],
        "Retry-After": [
          "15"
        ],
        "x-ms-ratelimit-remaining-subscription-reads": [
          "11986"
        ],
        "x-ms-request-id": [
          "2b0d595e-0a00-4c33-80b1-89133ec11bf5"
        ],
        "x-ms-correlation-request-id": [
          "2b0d595e-0a00-4c33-80b1-89133ec11bf5"
        ],
        "x-ms-routing-request-id": [
          "FRANCESOUTH:20220316T091559Z:2b0d595e-0a00-4c33-80b1-89133ec11bf5"
        ],
        "Strict-Transport-Security": [
          "max-age=31536000; includeSubDomains"
        ],
        "X-Content-Type-Options": [
          "nosniff"
        ],
        "Date": [
          "Wed, 16 Mar 2022 09:15:58 GMT"
        ],
        "Expires": [
          "-1"
        ],
        "Content-Length": [
          "0"
        ]
      },
      "ResponseBody": "",
      "StatusCode": 202
    },
    {
      "RequestUri": "/subscriptions/69a75bda-882e-44d5-8431-63421204132a/operationresults/eyJqb2JJZCI6IlJFU09VUkNFR1JPVVBERUxFVElPTkpPQi1QUzU4Mi1FQVNUVVMiLCJqb2JMb2NhdGlvbiI6ImVhc3R1cyJ9?api-version=2016-09-01",
      "EncodedRequestUri": "L3N1YnNjcmlwdGlvbnMvNjlhNzViZGEtODgyZS00NGQ1LTg0MzEtNjM0MjEyMDQxMzJhL29wZXJhdGlvbnJlc3VsdHMvZXlKcWIySkpaQ0k2SWxKRlUwOVZVa05GUjFKUFZWQkVSVXhGVkVsUFRrcFBRaTFRVXpVNE1pMUZRVk5VVlZNaUxDSnFiMkpNYjJOaGRHbHZiaUk2SW1WaGMzUjFjeUo5P2FwaS12ZXJzaW9uPTIwMTYtMDktMDE=",
      "RequestMethod": "GET",
      "RequestBody": "",
      "RequestHeaders": {
        "User-Agent": [
          "FxVersion/4.700.22.11601",
          "OSName/Windows",
          "OSVersion/Microsoft.Windows.10.0.19044",
          "Microsoft.Azure.Management.Internal.Resources.ResourceManagementClient/1.3.56"
        ]
      },
      "ResponseHeaders": {
        "Cache-Control": [
          "no-cache"
        ],
        "Pragma": [
          "no-cache"
        ],
        "Location": [
          "https://management.azure.com/subscriptions/69a75bda-882e-44d5-8431-63421204132a/operationresults/eyJqb2JJZCI6IlJFU09VUkNFR1JPVVBERUxFVElPTkpPQi1QUzU4Mi1FQVNUVVMiLCJqb2JMb2NhdGlvbiI6ImVhc3R1cyJ9?api-version=2016-09-01"
        ],
        "Retry-After": [
          "15"
        ],
        "x-ms-ratelimit-remaining-subscription-reads": [
          "11985"
        ],
        "x-ms-request-id": [
          "0c64c70c-02b0-4364-8353-8057d2b1a2b7"
        ],
        "x-ms-correlation-request-id": [
          "0c64c70c-02b0-4364-8353-8057d2b1a2b7"
        ],
        "x-ms-routing-request-id": [
          "FRANCESOUTH:20220316T091614Z:0c64c70c-02b0-4364-8353-8057d2b1a2b7"
        ],
        "Strict-Transport-Security": [
          "max-age=31536000; includeSubDomains"
        ],
        "X-Content-Type-Options": [
          "nosniff"
        ],
        "Date": [
          "Wed, 16 Mar 2022 09:16:14 GMT"
        ],
        "Expires": [
          "-1"
        ],
        "Content-Length": [
          "0"
        ]
      },
      "ResponseBody": "",
      "StatusCode": 202
    },
    {
      "RequestUri": "/subscriptions/69a75bda-882e-44d5-8431-63421204132a/operationresults/eyJqb2JJZCI6IlJFU09VUkNFR1JPVVBERUxFVElPTkpPQi1QUzU4Mi1FQVNUVVMiLCJqb2JMb2NhdGlvbiI6ImVhc3R1cyJ9?api-version=2016-09-01",
      "EncodedRequestUri": "L3N1YnNjcmlwdGlvbnMvNjlhNzViZGEtODgyZS00NGQ1LTg0MzEtNjM0MjEyMDQxMzJhL29wZXJhdGlvbnJlc3VsdHMvZXlKcWIySkpaQ0k2SWxKRlUwOVZVa05GUjFKUFZWQkVSVXhGVkVsUFRrcFBRaTFRVXpVNE1pMUZRVk5VVlZNaUxDSnFiMkpNYjJOaGRHbHZiaUk2SW1WaGMzUjFjeUo5P2FwaS12ZXJzaW9uPTIwMTYtMDktMDE=",
      "RequestMethod": "GET",
      "RequestBody": "",
      "RequestHeaders": {
        "User-Agent": [
          "FxVersion/4.700.22.11601",
          "OSName/Windows",
          "OSVersion/Microsoft.Windows.10.0.19044",
          "Microsoft.Azure.Management.Internal.Resources.ResourceManagementClient/1.3.56"
        ]
      },
      "ResponseHeaders": {
        "Cache-Control": [
          "no-cache"
        ],
        "Pragma": [
          "no-cache"
        ],
        "Location": [
          "https://management.azure.com/subscriptions/69a75bda-882e-44d5-8431-63421204132a/operationresults/eyJqb2JJZCI6IlJFU09VUkNFR1JPVVBERUxFVElPTkpPQi1QUzU4Mi1FQVNUVVMiLCJqb2JMb2NhdGlvbiI6ImVhc3R1cyJ9?api-version=2016-09-01"
        ],
        "Retry-After": [
          "15"
        ],
        "x-ms-ratelimit-remaining-subscription-reads": [
          "11984"
        ],
        "x-ms-request-id": [
          "e5578357-6007-4fb7-a305-07fd9281c706"
        ],
        "x-ms-correlation-request-id": [
          "e5578357-6007-4fb7-a305-07fd9281c706"
        ],
        "x-ms-routing-request-id": [
          "FRANCESOUTH:20220316T091629Z:e5578357-6007-4fb7-a305-07fd9281c706"
        ],
        "Strict-Transport-Security": [
          "max-age=31536000; includeSubDomains"
        ],
        "X-Content-Type-Options": [
          "nosniff"
        ],
        "Date": [
          "Wed, 16 Mar 2022 09:16:29 GMT"
        ],
        "Expires": [
          "-1"
        ],
        "Content-Length": [
          "0"
        ]
      },
      "ResponseBody": "",
      "StatusCode": 202
    },
    {
      "RequestUri": "/subscriptions/69a75bda-882e-44d5-8431-63421204132a/operationresults/eyJqb2JJZCI6IlJFU09VUkNFR1JPVVBERUxFVElPTkpPQi1QUzU4Mi1FQVNUVVMiLCJqb2JMb2NhdGlvbiI6ImVhc3R1cyJ9?api-version=2016-09-01",
      "EncodedRequestUri": "L3N1YnNjcmlwdGlvbnMvNjlhNzViZGEtODgyZS00NGQ1LTg0MzEtNjM0MjEyMDQxMzJhL29wZXJhdGlvbnJlc3VsdHMvZXlKcWIySkpaQ0k2SWxKRlUwOVZVa05GUjFKUFZWQkVSVXhGVkVsUFRrcFBRaTFRVXpVNE1pMUZRVk5VVlZNaUxDSnFiMkpNYjJOaGRHbHZiaUk2SW1WaGMzUjFjeUo5P2FwaS12ZXJzaW9uPTIwMTYtMDktMDE=",
      "RequestMethod": "GET",
      "RequestBody": "",
      "RequestHeaders": {
        "User-Agent": [
          "FxVersion/4.700.22.11601",
          "OSName/Windows",
          "OSVersion/Microsoft.Windows.10.0.19044",
          "Microsoft.Azure.Management.Internal.Resources.ResourceManagementClient/1.3.56"
        ]
      },
      "ResponseHeaders": {
        "Cache-Control": [
          "no-cache"
        ],
        "Pragma": [
          "no-cache"
        ],
        "Location": [
          "https://management.azure.com/subscriptions/69a75bda-882e-44d5-8431-63421204132a/operationresults/eyJqb2JJZCI6IlJFU09VUkNFR1JPVVBERUxFVElPTkpPQi1QUzU4Mi1FQVNUVVMiLCJqb2JMb2NhdGlvbiI6ImVhc3R1cyJ9?api-version=2016-09-01"
        ],
        "Retry-After": [
          "15"
        ],
        "x-ms-ratelimit-remaining-subscription-reads": [
          "11983"
        ],
        "x-ms-request-id": [
          "c33eb1d6-0824-49bc-bb36-49a4355e148b"
        ],
        "x-ms-correlation-request-id": [
          "c33eb1d6-0824-49bc-bb36-49a4355e148b"
        ],
        "x-ms-routing-request-id": [
          "FRANCESOUTH:20220316T091645Z:c33eb1d6-0824-49bc-bb36-49a4355e148b"
        ],
        "Strict-Transport-Security": [
          "max-age=31536000; includeSubDomains"
        ],
        "X-Content-Type-Options": [
          "nosniff"
        ],
        "Date": [
          "Wed, 16 Mar 2022 09:16:44 GMT"
        ],
        "Expires": [
          "-1"
        ],
        "Content-Length": [
          "0"
        ]
      },
      "ResponseBody": "",
      "StatusCode": 202
    },
    {
      "RequestUri": "/subscriptions/69a75bda-882e-44d5-8431-63421204132a/operationresults/eyJqb2JJZCI6IlJFU09VUkNFR1JPVVBERUxFVElPTkpPQi1QUzU4Mi1FQVNUVVMiLCJqb2JMb2NhdGlvbiI6ImVhc3R1cyJ9?api-version=2016-09-01",
      "EncodedRequestUri": "L3N1YnNjcmlwdGlvbnMvNjlhNzViZGEtODgyZS00NGQ1LTg0MzEtNjM0MjEyMDQxMzJhL29wZXJhdGlvbnJlc3VsdHMvZXlKcWIySkpaQ0k2SWxKRlUwOVZVa05GUjFKUFZWQkVSVXhGVkVsUFRrcFBRaTFRVXpVNE1pMUZRVk5VVlZNaUxDSnFiMkpNYjJOaGRHbHZiaUk2SW1WaGMzUjFjeUo5P2FwaS12ZXJzaW9uPTIwMTYtMDktMDE=",
      "RequestMethod": "GET",
      "RequestBody": "",
      "RequestHeaders": {
        "User-Agent": [
          "FxVersion/4.700.22.11601",
          "OSName/Windows",
          "OSVersion/Microsoft.Windows.10.0.19044",
          "Microsoft.Azure.Management.Internal.Resources.ResourceManagementClient/1.3.56"
        ]
      },
      "ResponseHeaders": {
        "Cache-Control": [
          "no-cache"
        ],
        "Pragma": [
          "no-cache"
        ],
        "Location": [
          "https://management.azure.com/subscriptions/69a75bda-882e-44d5-8431-63421204132a/operationresults/eyJqb2JJZCI6IlJFU09VUkNFR1JPVVBERUxFVElPTkpPQi1QUzU4Mi1FQVNUVVMiLCJqb2JMb2NhdGlvbiI6ImVhc3R1cyJ9?api-version=2016-09-01"
        ],
        "Retry-After": [
          "15"
        ],
        "x-ms-ratelimit-remaining-subscription-reads": [
          "11982"
        ],
        "x-ms-request-id": [
          "fc06cf96-6925-4db8-861c-8fb9cb4380d0"
        ],
        "x-ms-correlation-request-id": [
          "fc06cf96-6925-4db8-861c-8fb9cb4380d0"
        ],
        "x-ms-routing-request-id": [
          "FRANCESOUTH:20220316T091700Z:fc06cf96-6925-4db8-861c-8fb9cb4380d0"
        ],
        "Strict-Transport-Security": [
          "max-age=31536000; includeSubDomains"
        ],
        "X-Content-Type-Options": [
          "nosniff"
        ],
        "Date": [
          "Wed, 16 Mar 2022 09:17:00 GMT"
        ],
        "Expires": [
          "-1"
        ],
        "Content-Length": [
          "0"
        ]
      },
      "ResponseBody": "",
      "StatusCode": 202
    },
    {
      "RequestUri": "/subscriptions/69a75bda-882e-44d5-8431-63421204132a/operationresults/eyJqb2JJZCI6IlJFU09VUkNFR1JPVVBERUxFVElPTkpPQi1QUzU4Mi1FQVNUVVMiLCJqb2JMb2NhdGlvbiI6ImVhc3R1cyJ9?api-version=2016-09-01",
      "EncodedRequestUri": "L3N1YnNjcmlwdGlvbnMvNjlhNzViZGEtODgyZS00NGQ1LTg0MzEtNjM0MjEyMDQxMzJhL29wZXJhdGlvbnJlc3VsdHMvZXlKcWIySkpaQ0k2SWxKRlUwOVZVa05GUjFKUFZWQkVSVXhGVkVsUFRrcFBRaTFRVXpVNE1pMUZRVk5VVlZNaUxDSnFiMkpNYjJOaGRHbHZiaUk2SW1WaGMzUjFjeUo5P2FwaS12ZXJzaW9uPTIwMTYtMDktMDE=",
      "RequestMethod": "GET",
      "RequestBody": "",
      "RequestHeaders": {
        "User-Agent": [
          "FxVersion/4.700.22.11601",
          "OSName/Windows",
          "OSVersion/Microsoft.Windows.10.0.19044",
          "Microsoft.Azure.Management.Internal.Resources.ResourceManagementClient/1.3.56"
        ]
      },
      "ResponseHeaders": {
        "Cache-Control": [
          "no-cache"
        ],
        "Pragma": [
          "no-cache"
        ],
        "Location": [
          "https://management.azure.com/subscriptions/69a75bda-882e-44d5-8431-63421204132a/operationresults/eyJqb2JJZCI6IlJFU09VUkNFR1JPVVBERUxFVElPTkpPQi1QUzU4Mi1FQVNUVVMiLCJqb2JMb2NhdGlvbiI6ImVhc3R1cyJ9?api-version=2016-09-01"
        ],
        "Retry-After": [
          "15"
        ],
        "x-ms-ratelimit-remaining-subscription-reads": [
          "11981"
        ],
        "x-ms-request-id": [
          "5b80d1b4-3d4e-4454-a29c-0824295ec0a5"
        ],
        "x-ms-correlation-request-id": [
          "5b80d1b4-3d4e-4454-a29c-0824295ec0a5"
        ],
        "x-ms-routing-request-id": [
          "FRANCESOUTH:20220316T091715Z:5b80d1b4-3d4e-4454-a29c-0824295ec0a5"
        ],
        "Strict-Transport-Security": [
          "max-age=31536000; includeSubDomains"
        ],
        "X-Content-Type-Options": [
          "nosniff"
        ],
        "Date": [
          "Wed, 16 Mar 2022 09:17:15 GMT"
        ],
        "Expires": [
          "-1"
        ],
        "Content-Length": [
          "0"
        ]
      },
      "ResponseBody": "",
      "StatusCode": 202
    },
    {
      "RequestUri": "/subscriptions/69a75bda-882e-44d5-8431-63421204132a/operationresults/eyJqb2JJZCI6IlJFU09VUkNFR1JPVVBERUxFVElPTkpPQi1QUzU4Mi1FQVNUVVMiLCJqb2JMb2NhdGlvbiI6ImVhc3R1cyJ9?api-version=2016-09-01",
      "EncodedRequestUri": "L3N1YnNjcmlwdGlvbnMvNjlhNzViZGEtODgyZS00NGQ1LTg0MzEtNjM0MjEyMDQxMzJhL29wZXJhdGlvbnJlc3VsdHMvZXlKcWIySkpaQ0k2SWxKRlUwOVZVa05GUjFKUFZWQkVSVXhGVkVsUFRrcFBRaTFRVXpVNE1pMUZRVk5VVlZNaUxDSnFiMkpNYjJOaGRHbHZiaUk2SW1WaGMzUjFjeUo5P2FwaS12ZXJzaW9uPTIwMTYtMDktMDE=",
      "RequestMethod": "GET",
      "RequestBody": "",
      "RequestHeaders": {
        "User-Agent": [
          "FxVersion/4.700.22.11601",
          "OSName/Windows",
          "OSVersion/Microsoft.Windows.10.0.19044",
          "Microsoft.Azure.Management.Internal.Resources.ResourceManagementClient/1.3.56"
        ]
      },
      "ResponseHeaders": {
        "Cache-Control": [
          "no-cache"
        ],
        "Pragma": [
          "no-cache"
        ],
        "x-ms-ratelimit-remaining-subscription-reads": [
          "11980"
        ],
        "x-ms-request-id": [
          "3643664a-3012-479b-ae9f-f53b00096ca7"
        ],
        "x-ms-correlation-request-id": [
          "3643664a-3012-479b-ae9f-f53b00096ca7"
        ],
        "x-ms-routing-request-id": [
          "FRANCESOUTH:20220316T091731Z:3643664a-3012-479b-ae9f-f53b00096ca7"
        ],
        "Strict-Transport-Security": [
          "max-age=31536000; includeSubDomains"
        ],
        "X-Content-Type-Options": [
          "nosniff"
        ],
        "Date": [
          "Wed, 16 Mar 2022 09:17:30 GMT"
        ],
        "Expires": [
          "-1"
        ],
        "Content-Length": [
          "0"
        ]
      },
      "ResponseBody": "",
      "StatusCode": 200
    },
    {
      "RequestUri": "/subscriptions/69a75bda-882e-44d5-8431-63421204132a/operationresults/eyJqb2JJZCI6IlJFU09VUkNFR1JPVVBERUxFVElPTkpPQi1QUzU4Mi1FQVNUVVMiLCJqb2JMb2NhdGlvbiI6ImVhc3R1cyJ9?api-version=2016-09-01",
      "EncodedRequestUri": "L3N1YnNjcmlwdGlvbnMvNjlhNzViZGEtODgyZS00NGQ1LTg0MzEtNjM0MjEyMDQxMzJhL29wZXJhdGlvbnJlc3VsdHMvZXlKcWIySkpaQ0k2SWxKRlUwOVZVa05GUjFKUFZWQkVSVXhGVkVsUFRrcFBRaTFRVXpVNE1pMUZRVk5VVlZNaUxDSnFiMkpNYjJOaGRHbHZiaUk2SW1WaGMzUjFjeUo5P2FwaS12ZXJzaW9uPTIwMTYtMDktMDE=",
      "RequestMethod": "GET",
      "RequestBody": "",
      "RequestHeaders": {
        "User-Agent": [
          "FxVersion/4.700.22.11601",
          "OSName/Windows",
          "OSVersion/Microsoft.Windows.10.0.19044",
          "Microsoft.Azure.Management.Internal.Resources.ResourceManagementClient/1.3.56"
        ]
      },
      "ResponseHeaders": {
        "Cache-Control": [
          "no-cache"
        ],
        "Pragma": [
          "no-cache"
        ],
        "x-ms-ratelimit-remaining-subscription-reads": [
          "11979"
        ],
        "x-ms-request-id": [
          "5c533335-1ce2-462e-a77c-6ae44544e908"
        ],
        "x-ms-correlation-request-id": [
          "5c533335-1ce2-462e-a77c-6ae44544e908"
        ],
        "x-ms-routing-request-id": [
          "FRANCESOUTH:20220316T091731Z:5c533335-1ce2-462e-a77c-6ae44544e908"
        ],
        "Strict-Transport-Security": [
          "max-age=31536000; includeSubDomains"
        ],
        "X-Content-Type-Options": [
          "nosniff"
        ],
        "Date": [
          "Wed, 16 Mar 2022 09:17:30 GMT"
        ],
        "Expires": [
          "-1"
        ],
        "Content-Length": [
          "0"
        ]
      },
      "ResponseBody": "",
      "StatusCode": 200
    }
  ],
  "Names": {
    "Test-SetVolumePool": [
      "ps582",
      "ps5196",
      "ps4453",
      "ps8331",
      "ps1380"
    ]
  },
  "Variables": {
    "SubscriptionId": "69a75bda-882e-44d5-8431-63421204132a"
  }
}