{ 
  "Entries": [
    {
      "RequestUri": "/subscriptions/69a75bda-882e-44d5-8431-63421204132a/resourcegroups/ps7130?api-version=2016-09-01",
      "EncodedRequestUri": "L3N1YnNjcmlwdGlvbnMvNjlhNzViZGEtODgyZS00NGQ1LTg0MzEtNjM0MjEyMDQxMzJhL3Jlc291cmNlZ3JvdXBzL3BzNzEzMD9hcGktdmVyc2lvbj0yMDE2LTA5LTAx",
      "RequestMethod": "PUT",
      "RequestBody": "{\r\n  \"location\": \"westus2\"\r\n}",
      "RequestHeaders": {
        "x-ms-client-request-id": [
          "3e1626a2-3154-4e31-99ad-25cc9228fd5f"
        ],
        "Accept-Language": [
          "en-US"
        ],
        "User-Agent": [
          "FxVersion/4.6.29130.01",
          "OSName/Windows",
          "OSVersion/Microsoft.Windows.10.0.18363.",
          "Microsoft.Azure.Management.Internal.Resources.ResourceManagementClient/1.3.23"
        ],
        "Content-Type": [
          "application/json; charset=utf-8"
        ],
        "Content-Length": [
          "29"
        ]
      },
      "ResponseHeaders": {
        "Cache-Control": [
          "no-cache"
        ],
        "Pragma": [
          "no-cache"
        ],
        "x-ms-ratelimit-remaining-subscription-writes": [
          "1199"
        ],
        "x-ms-request-id": [
          "2e9241c2-1a6c-482d-aa95-3954fa734773"
        ],
        "x-ms-correlation-request-id": [
          "2e9241c2-1a6c-482d-aa95-3954fa734773"
        ],
        "x-ms-routing-request-id": [
          "NORTHEUROPE:20200907T143605Z:2e9241c2-1a6c-482d-aa95-3954fa734773"
        ],
        "Strict-Transport-Security": [
          "max-age=31536000; includeSubDomains"
        ],
        "X-Content-Type-Options": [
          "nosniff"
        ],
        "Date": [
          "Mon, 07 Sep 2020 14:36:04 GMT"
        ],
        "Content-Length": [
          "166"
        ],
        "Content-Type": [
          "application/json; charset=utf-8"
        ],
        "Expires": [
          "-1"
        ]
      },
      "ResponseBody": "{\r\n  \"id\": \"/subscriptions/69a75bda-882e-44d5-8431-63421204132a/resourceGroups/ps7130\",\r\n  \"name\": \"ps7130\",\r\n  \"location\": \"westus2\",\r\n  \"properties\": {\r\n    \"provisioningState\": \"Succeeded\"\r\n  }\r\n}",
      "StatusCode": 201
    },
    {
      "RequestUri": "/subscriptions/69a75bda-882e-44d5-8431-63421204132a/resourceGroups/ps7130/providers/Microsoft.Network/virtualNetworks/ps7130-vnet?api-version=2020-05-01",
      "EncodedRequestUri": "L3N1YnNjcmlwdGlvbnMvNjlhNzViZGEtODgyZS00NGQ1LTg0MzEtNjM0MjEyMDQxMzJhL3Jlc291cmNlR3JvdXBzL3BzNzEzMC9wcm92aWRlcnMvTWljcm9zb2Z0Lk5ldHdvcmsvdmlydHVhbE5ldHdvcmtzL3BzNzEzMC12bmV0P2FwaS12ZXJzaW9uPTIwMjAtMDUtMDE=",
      "RequestMethod": "GET",
      "RequestBody": "",
      "RequestHeaders": {
        "x-ms-client-request-id": [
          "42b28b95-a77b-4b08-b5ba-60139db73f94"
        ],
        "Accept-Language": [
          "en-US"
        ],
        "User-Agent": [
          "FxVersion/4.6.29130.01",
          "OSName/Windows",
          "OSVersion/Microsoft.Windows.10.0.18363.",
          "Microsoft.Azure.Management.Network.NetworkManagementClient/20.0.2.0"
        ]
      },
      "ResponseHeaders": {
        "Cache-Control": [
          "no-cache"
        ],
        "Pragma": [
          "no-cache"
        ],
        "x-ms-failure-cause": [
          "gateway"
        ],
        "x-ms-request-id": [
          "1ae06b8a-ec74-41e9-8462-55ef588ffd43"
        ],
        "x-ms-correlation-request-id": [
          "1ae06b8a-ec74-41e9-8462-55ef588ffd43"
        ],
        "x-ms-routing-request-id": [
          "NORTHEUROPE:20200907T143606Z:1ae06b8a-ec74-41e9-8462-55ef588ffd43"
        ],
        "Strict-Transport-Security": [
          "max-age=31536000; includeSubDomains"
        ],
        "X-Content-Type-Options": [
          "nosniff"
        ],
        "Date": [
          "Mon, 07 Sep 2020 14:36:05 GMT"
        ],
        "Content-Type": [
          "application/json; charset=utf-8"
        ],
        "Expires": [
          "-1"
        ],
        "Content-Length": [
          "223"
        ]
      },
      "ResponseBody": "{\r\n  \"error\": {\r\n    \"code\": \"ResourceNotFound\",\r\n    \"message\": \"The Resource 'Microsoft.Network/virtualNetworks/ps7130-vnet' under resource group 'ps7130' was not found. For more details please go to https://aka.ms/ARMResourceNotFoundFix\"\r\n  }\r\n}",
      "StatusCode": 404
    },
    {
      "RequestUri": "/subscriptions/69a75bda-882e-44d5-8431-63421204132a/resourceGroups/ps7130/providers/Microsoft.Network/virtualNetworks/ps7130-vnet?api-version=2020-05-01",
      "EncodedRequestUri": "L3N1YnNjcmlwdGlvbnMvNjlhNzViZGEtODgyZS00NGQ1LTg0MzEtNjM0MjEyMDQxMzJhL3Jlc291cmNlR3JvdXBzL3BzNzEzMC9wcm92aWRlcnMvTWljcm9zb2Z0Lk5ldHdvcmsvdmlydHVhbE5ldHdvcmtzL3BzNzEzMC12bmV0P2FwaS12ZXJzaW9uPTIwMjAtMDUtMDE=",
      "RequestMethod": "GET",
      "RequestBody": "",
      "RequestHeaders": {
        "User-Agent": [
          "FxVersion/4.6.29130.01",
          "OSName/Windows",
          "OSVersion/Microsoft.Windows.10.0.18363.",
          "Microsoft.Azure.Management.Network.NetworkManagementClient/20.0.2.0"
        ]
      },
      "ResponseHeaders": {
        "Cache-Control": [
          "no-cache"
        ],
        "Pragma": [
          "no-cache"
        ],
        "ETag": [
          "W/\"30d4d398-3851-45df-ae8b-82f01f11f1eb\""
        ],
        "x-ms-request-id": [
          "417f8835-6069-47a0-9298-4671953c0eb9"
        ],
        "x-ms-correlation-request-id": [
          "46547ebc-1dbb-4649-b97f-7acef7e03864"
        ],
        "x-ms-arm-service-request-id": [
          "12dd0392-1efe-4913-b011-1c48d8ab4931"
        ],
        "Strict-Transport-Security": [
          "max-age=31536000; includeSubDomains"
        ],
        "Server": [
          "Microsoft-HTTPAPI/2.0",
          "Microsoft-HTTPAPI/2.0"
        ],
        "x-ms-ratelimit-remaining-subscription-reads": [
          "11997"
        ],
        "x-ms-routing-request-id": [
          "NORTHEUROPE:20200907T143618Z:46547ebc-1dbb-4649-b97f-7acef7e03864"
        ],
        "X-Content-Type-Options": [
          "nosniff"
        ],
        "Date": [
          "Mon, 07 Sep 2020 14:36:17 GMT"
        ],
        "Content-Length": [
          "642"
        ],
        "Content-Type": [
          "application/json; charset=utf-8"
        ],
        "Expires": [
          "-1"
        ]
      },
      "ResponseBody": "{\r\n  \"name\": \"ps7130-vnet\",\r\n  \"id\": \"/subscriptions/69a75bda-882e-44d5-8431-63421204132a/resourceGroups/ps7130/providers/Microsoft.Network/virtualNetworks/ps7130-vnet\",\r\n  \"etag\": \"W/\\\"30d4d398-3851-45df-ae8b-82f01f11f1eb\\\"\",\r\n  \"type\": \"Microsoft.Network/virtualNetworks\",\r\n  \"location\": \"westus2\",\r\n  \"properties\": {\r\n    \"provisioningState\": \"Succeeded\",\r\n    \"resourceGuid\": \"718e242e-3b5a-4cd6-867e-22cf86390145\",\r\n    \"addressSpace\": {\r\n      \"addressPrefixes\": [\r\n        \"10.0.0.0/16\"\r\n      ]\r\n    },\r\n    \"subnets\": [],\r\n    \"virtualNetworkPeerings\": [],\r\n    \"enableDdosProtection\": false,\r\n    \"enableVmProtection\": false\r\n  }\r\n}",
      "StatusCode": 200
    },
    {
      "RequestUri": "/subscriptions/69a75bda-882e-44d5-8431-63421204132a/resourceGroups/ps7130/providers/Microsoft.Network/virtualNetworks/ps7130-vnet?api-version=2020-05-01",
      "EncodedRequestUri": "L3N1YnNjcmlwdGlvbnMvNjlhNzViZGEtODgyZS00NGQ1LTg0MzEtNjM0MjEyMDQxMzJhL3Jlc291cmNlR3JvdXBzL3BzNzEzMC9wcm92aWRlcnMvTWljcm9zb2Z0Lk5ldHdvcmsvdmlydHVhbE5ldHdvcmtzL3BzNzEzMC12bmV0P2FwaS12ZXJzaW9uPTIwMjAtMDUtMDE=",
      "RequestMethod": "GET",
      "RequestBody": "",
      "RequestHeaders": {
        "x-ms-client-request-id": [
          "d061ae1e-a1d7-41cb-b9e6-ffc27b2d9a56"
        ],
        "Accept-Language": [
          "en-US"
        ],
        "User-Agent": [
          "FxVersion/4.6.29130.01",
          "OSName/Windows",
          "OSVersion/Microsoft.Windows.10.0.18363.",
          "Microsoft.Azure.Management.Network.NetworkManagementClient/20.0.2.0"
        ]
      },
      "ResponseHeaders": {
        "Cache-Control": [
          "no-cache"
        ],
        "Pragma": [
          "no-cache"
        ],
        "ETag": [
          "W/\"30d4d398-3851-45df-ae8b-82f01f11f1eb\""
        ],
        "x-ms-request-id": [
          "82195008-4252-47c8-88f0-b0f9ca888b3a"
        ],
        "x-ms-correlation-request-id": [
          "0054e2e6-5882-41a7-8af2-2bbab48a3db9"
        ],
        "x-ms-arm-service-request-id": [
          "350b8659-5329-44ef-8ebe-663db1aa41c7"
        ],
        "Strict-Transport-Security": [
          "max-age=31536000; includeSubDomains"
        ],
        "Server": [
          "Microsoft-HTTPAPI/2.0",
          "Microsoft-HTTPAPI/2.0"
        ],
        "x-ms-ratelimit-remaining-subscription-reads": [
          "11996"
        ],
        "x-ms-routing-request-id": [
          "NORTHEUROPE:20200907T143618Z:0054e2e6-5882-41a7-8af2-2bbab48a3db9"
        ],
        "X-Content-Type-Options": [
          "nosniff"
        ],
        "Date": [
          "Mon, 07 Sep 2020 14:36:18 GMT"
        ],
        "Content-Length": [
          "642"
        ],
        "Content-Type": [
          "application/json; charset=utf-8"
        ],
        "Expires": [
          "-1"
        ]
      },
      "ResponseBody": "{\r\n  \"name\": \"ps7130-vnet\",\r\n  \"id\": \"/subscriptions/69a75bda-882e-44d5-8431-63421204132a/resourceGroups/ps7130/providers/Microsoft.Network/virtualNetworks/ps7130-vnet\",\r\n  \"etag\": \"W/\\\"30d4d398-3851-45df-ae8b-82f01f11f1eb\\\"\",\r\n  \"type\": \"Microsoft.Network/virtualNetworks\",\r\n  \"location\": \"westus2\",\r\n  \"properties\": {\r\n    \"provisioningState\": \"Succeeded\",\r\n    \"resourceGuid\": \"718e242e-3b5a-4cd6-867e-22cf86390145\",\r\n    \"addressSpace\": {\r\n      \"addressPrefixes\": [\r\n        \"10.0.0.0/16\"\r\n      ]\r\n    },\r\n    \"subnets\": [],\r\n    \"virtualNetworkPeerings\": [],\r\n    \"enableDdosProtection\": false,\r\n    \"enableVmProtection\": false\r\n  }\r\n}",
      "StatusCode": 200
    },
    {
      "RequestUri": "/subscriptions/69a75bda-882e-44d5-8431-63421204132a/resourceGroups/ps7130/providers/Microsoft.Network/virtualNetworks/ps7130-vnet?api-version=2020-05-01",
      "EncodedRequestUri": "L3N1YnNjcmlwdGlvbnMvNjlhNzViZGEtODgyZS00NGQ1LTg0MzEtNjM0MjEyMDQxMzJhL3Jlc291cmNlR3JvdXBzL3BzNzEzMC9wcm92aWRlcnMvTWljcm9zb2Z0Lk5ldHdvcmsvdmlydHVhbE5ldHdvcmtzL3BzNzEzMC12bmV0P2FwaS12ZXJzaW9uPTIwMjAtMDUtMDE=",
      "RequestMethod": "GET",
      "RequestBody": "",
      "RequestHeaders": {
        "x-ms-client-request-id": [
          "065336bb-4cc0-497d-96e8-e940d71703dd"
        ],
        "Accept-Language": [
          "en-US"
        ],
        "User-Agent": [
          "FxVersion/4.6.29130.01",
          "OSName/Windows",
          "OSVersion/Microsoft.Windows.10.0.18363.",
          "Microsoft.Azure.Management.Network.NetworkManagementClient/20.0.2.0"
        ]
      },
      "ResponseHeaders": {
        "Cache-Control": [
          "no-cache"
        ],
        "Pragma": [
          "no-cache"
        ],
        "ETag": [
          "W/\"30d4d398-3851-45df-ae8b-82f01f11f1eb\""
        ],
        "x-ms-request-id": [
          "18c7b2b0-51a8-46e2-a585-56f2cf296b0f"
        ],
        "x-ms-correlation-request-id": [
          "b41570e6-055a-4031-ac5a-fa7f0ad61378"
        ],
        "x-ms-arm-service-request-id": [
          "e48f1547-5b62-458c-ae55-2a6855497e3c"
        ],
        "Strict-Transport-Security": [
          "max-age=31536000; includeSubDomains"
        ],
        "Server": [
          "Microsoft-HTTPAPI/2.0",
          "Microsoft-HTTPAPI/2.0"
        ],
        "x-ms-ratelimit-remaining-subscription-reads": [
          "11995"
        ],
        "x-ms-routing-request-id": [
          "NORTHEUROPE:20200907T143618Z:b41570e6-055a-4031-ac5a-fa7f0ad61378"
        ],
        "X-Content-Type-Options": [
          "nosniff"
        ],
        "Date": [
          "Mon, 07 Sep 2020 14:36:18 GMT"
        ],
        "Content-Length": [
          "642"
        ],
        "Content-Type": [
          "application/json; charset=utf-8"
        ],
        "Expires": [
          "-1"
        ]
      },
      "ResponseBody": "{\r\n  \"name\": \"ps7130-vnet\",\r\n  \"id\": \"/subscriptions/69a75bda-882e-44d5-8431-63421204132a/resourceGroups/ps7130/providers/Microsoft.Network/virtualNetworks/ps7130-vnet\",\r\n  \"etag\": \"W/\\\"30d4d398-3851-45df-ae8b-82f01f11f1eb\\\"\",\r\n  \"type\": \"Microsoft.Network/virtualNetworks\",\r\n  \"location\": \"westus2\",\r\n  \"properties\": {\r\n    \"provisioningState\": \"Succeeded\",\r\n    \"resourceGuid\": \"718e242e-3b5a-4cd6-867e-22cf86390145\",\r\n    \"addressSpace\": {\r\n      \"addressPrefixes\": [\r\n        \"10.0.0.0/16\"\r\n      ]\r\n    },\r\n    \"subnets\": [],\r\n    \"virtualNetworkPeerings\": [],\r\n    \"enableDdosProtection\": false,\r\n    \"enableVmProtection\": false\r\n  }\r\n}",
      "StatusCode": 200
    },
    {
      "RequestUri": "/subscriptions/69a75bda-882e-44d5-8431-63421204132a/resourceGroups/ps7130/providers/Microsoft.Network/virtualNetworks/ps7130-vnet?api-version=2020-05-01",
      "EncodedRequestUri": "L3N1YnNjcmlwdGlvbnMvNjlhNzViZGEtODgyZS00NGQ1LTg0MzEtNjM0MjEyMDQxMzJhL3Jlc291cmNlR3JvdXBzL3BzNzEzMC9wcm92aWRlcnMvTWljcm9zb2Z0Lk5ldHdvcmsvdmlydHVhbE5ldHdvcmtzL3BzNzEzMC12bmV0P2FwaS12ZXJzaW9uPTIwMjAtMDUtMDE=",
      "RequestMethod": "GET",
      "RequestBody": "",
      "RequestHeaders": {
        "User-Agent": [
          "FxVersion/4.6.29130.01",
          "OSName/Windows",
          "OSVersion/Microsoft.Windows.10.0.18363.",
          "Microsoft.Azure.Management.Network.NetworkManagementClient/20.0.2.0"
        ]
      },
      "ResponseHeaders": {
        "Cache-Control": [
          "no-cache"
        ],
        "Pragma": [
          "no-cache"
        ],
        "ETag": [
          "W/\"1f506ee7-5e83-4394-86e5-672b26719db8\""
        ],
        "x-ms-request-id": [
          "4c2309ef-4b86-47ed-8450-611fa1a9a34a"
        ],
        "x-ms-correlation-request-id": [
          "767b1c23-8e5f-417a-966c-044e8804f470"
        ],
        "x-ms-arm-service-request-id": [
          "74ed9ffb-17f6-42a7-b90b-3391f7515302"
        ],
        "Strict-Transport-Security": [
          "max-age=31536000; includeSubDomains"
        ],
        "Server": [
          "Microsoft-HTTPAPI/2.0",
          "Microsoft-HTTPAPI/2.0"
        ],
        "x-ms-ratelimit-remaining-subscription-reads": [
          "11993"
        ],
        "x-ms-routing-request-id": [
          "NORTHEUROPE:20200907T143623Z:767b1c23-8e5f-417a-966c-044e8804f470"
        ],
        "X-Content-Type-Options": [
          "nosniff"
        ],
        "Date": [
          "Mon, 07 Sep 2020 14:36:22 GMT"
        ],
        "Content-Length": [
          "2151"
        ],
        "Content-Type": [
          "application/json; charset=utf-8"
        ],
        "Expires": [
          "-1"
        ]
      },
      "ResponseBody": "{\r\n  \"name\": \"ps7130-vnet\",\r\n  \"id\": \"/subscriptions/69a75bda-882e-44d5-8431-63421204132a/resourceGroups/ps7130/providers/Microsoft.Network/virtualNetworks/ps7130-vnet\",\r\n  \"etag\": \"W/\\\"1f506ee7-5e83-4394-86e5-672b26719db8\\\"\",\r\n  \"type\": \"Microsoft.Network/virtualNetworks\",\r\n  \"location\": \"westus2\",\r\n  \"properties\": {\r\n    \"provisioningState\": \"Succeeded\",\r\n    \"resourceGuid\": \"718e242e-3b5a-4cd6-867e-22cf86390145\",\r\n    \"addressSpace\": {\r\n      \"addressPrefixes\": [\r\n        \"10.0.0.0/16\"\r\n      ]\r\n    },\r\n    \"dhcpOptions\": {\r\n      \"dnsServers\": []\r\n    },\r\n    \"subnets\": [\r\n      {\r\n        \"name\": \"default\",\r\n        \"id\": \"/subscriptions/69a75bda-882e-44d5-8431-63421204132a/resourceGroups/ps7130/providers/Microsoft.Network/virtualNetworks/ps7130-vnet/subnets/default\",\r\n        \"etag\": \"W/\\\"1f506ee7-5e83-4394-86e5-672b26719db8\\\"\",\r\n        \"properties\": {\r\n          \"provisioningState\": \"Succeeded\",\r\n          \"addressPrefix\": \"10.0.1.0/24\",\r\n          \"serviceEndpoints\": [],\r\n          \"delegations\": [\r\n            {\r\n              \"name\": \"netAppVolumes\",\r\n              \"id\": \"/subscriptions/69a75bda-882e-44d5-8431-63421204132a/resourceGroups/ps7130/providers/Microsoft.Network/virtualNetworks/ps7130-vnet/subnets/default/delegations/netAppVolumes\",\r\n              \"etag\": \"W/\\\"1f506ee7-5e83-4394-86e5-672b26719db8\\\"\",\r\n              \"properties\": {\r\n                \"provisioningState\": \"Succeeded\",\r\n                \"serviceName\": \"Microsoft.Netapp/volumes\",\r\n                \"actions\": [\r\n                  \"Microsoft.Network/networkinterfaces/*\",\r\n                  \"Microsoft.Network/virtualNetworks/subnets/join/action\"\r\n                ]\r\n              },\r\n              \"type\": \"Microsoft.Network/virtualNetworks/subnets/delegations\"\r\n            }\r\n          ],\r\n          \"purpose\": \"HostedWorkloads\",\r\n          \"privateEndpointNetworkPolicies\": \"Enabled\",\r\n          \"privateLinkServiceNetworkPolicies\": \"Enabled\"\r\n        },\r\n        \"type\": \"Microsoft.Network/virtualNetworks/subnets\"\r\n      }\r\n    ],\r\n    \"virtualNetworkPeerings\": [],\r\n    \"enableDdosProtection\": false,\r\n    \"enableVmProtection\": false\r\n  }\r\n}",
      "StatusCode": 200
    },
    {
      "RequestUri": "/subscriptions/69a75bda-882e-44d5-8431-63421204132a/resourceGroups/ps7130/providers/Microsoft.Network/virtualNetworks/ps7130-vnet?api-version=2020-05-01",
      "EncodedRequestUri": "L3N1YnNjcmlwdGlvbnMvNjlhNzViZGEtODgyZS00NGQ1LTg0MzEtNjM0MjEyMDQxMzJhL3Jlc291cmNlR3JvdXBzL3BzNzEzMC9wcm92aWRlcnMvTWljcm9zb2Z0Lk5ldHdvcmsvdmlydHVhbE5ldHdvcmtzL3BzNzEzMC12bmV0P2FwaS12ZXJzaW9uPTIwMjAtMDUtMDE=",
      "RequestMethod": "GET",
      "RequestBody": "",
      "RequestHeaders": {
        "x-ms-client-request-id": [
          "d4dcc148-baa8-4e48-9d19-86f13bd68248"
        ],
        "Accept-Language": [
          "en-US"
        ],
        "User-Agent": [
          "FxVersion/4.6.29130.01",
          "OSName/Windows",
          "OSVersion/Microsoft.Windows.10.0.18363.",
          "Microsoft.Azure.Management.Network.NetworkManagementClient/20.0.2.0"
        ]
      },
      "ResponseHeaders": {
        "Cache-Control": [
          "no-cache"
        ],
        "Pragma": [
          "no-cache"
        ],
        "ETag": [
          "W/\"1f506ee7-5e83-4394-86e5-672b26719db8\""
        ],
        "x-ms-request-id": [
          "dddc7483-f133-4a74-8bda-33b21d6b882f"
        ],
        "x-ms-correlation-request-id": [
          "3b1b5076-622a-455d-a925-db57a69575d4"
        ],
        "x-ms-arm-service-request-id": [
          "9db92938-bf25-4e14-b8a5-c6020709ea62"
        ],
        "Strict-Transport-Security": [
          "max-age=31536000; includeSubDomains"
        ],
        "Server": [
          "Microsoft-HTTPAPI/2.0",
          "Microsoft-HTTPAPI/2.0"
        ],
        "x-ms-ratelimit-remaining-subscription-reads": [
          "11992"
        ],
        "x-ms-routing-request-id": [
          "NORTHEUROPE:20200907T143623Z:3b1b5076-622a-455d-a925-db57a69575d4"
        ],
        "X-Content-Type-Options": [
          "nosniff"
        ],
        "Date": [
          "Mon, 07 Sep 2020 14:36:22 GMT"
        ],
        "Content-Length": [
          "2151"
        ],
        "Content-Type": [
          "application/json; charset=utf-8"
        ],
        "Expires": [
          "-1"
        ]
      },
      "ResponseBody": "{\r\n  \"name\": \"ps7130-vnet\",\r\n  \"id\": \"/subscriptions/69a75bda-882e-44d5-8431-63421204132a/resourceGroups/ps7130/providers/Microsoft.Network/virtualNetworks/ps7130-vnet\",\r\n  \"etag\": \"W/\\\"1f506ee7-5e83-4394-86e5-672b26719db8\\\"\",\r\n  \"type\": \"Microsoft.Network/virtualNetworks\",\r\n  \"location\": \"westus2\",\r\n  \"properties\": {\r\n    \"provisioningState\": \"Succeeded\",\r\n    \"resourceGuid\": \"718e242e-3b5a-4cd6-867e-22cf86390145\",\r\n    \"addressSpace\": {\r\n      \"addressPrefixes\": [\r\n        \"10.0.0.0/16\"\r\n      ]\r\n    },\r\n    \"dhcpOptions\": {\r\n      \"dnsServers\": []\r\n    },\r\n    \"subnets\": [\r\n      {\r\n        \"name\": \"default\",\r\n        \"id\": \"/subscriptions/69a75bda-882e-44d5-8431-63421204132a/resourceGroups/ps7130/providers/Microsoft.Network/virtualNetworks/ps7130-vnet/subnets/default\",\r\n        \"etag\": \"W/\\\"1f506ee7-5e83-4394-86e5-672b26719db8\\\"\",\r\n        \"properties\": {\r\n          \"provisioningState\": \"Succeeded\",\r\n          \"addressPrefix\": \"10.0.1.0/24\",\r\n          \"serviceEndpoints\": [],\r\n          \"delegations\": [\r\n            {\r\n              \"name\": \"netAppVolumes\",\r\n              \"id\": \"/subscriptions/69a75bda-882e-44d5-8431-63421204132a/resourceGroups/ps7130/providers/Microsoft.Network/virtualNetworks/ps7130-vnet/subnets/default/delegations/netAppVolumes\",\r\n              \"etag\": \"W/\\\"1f506ee7-5e83-4394-86e5-672b26719db8\\\"\",\r\n              \"properties\": {\r\n                \"provisioningState\": \"Succeeded\",\r\n                \"serviceName\": \"Microsoft.Netapp/volumes\",\r\n                \"actions\": [\r\n                  \"Microsoft.Network/networkinterfaces/*\",\r\n                  \"Microsoft.Network/virtualNetworks/subnets/join/action\"\r\n                ]\r\n              },\r\n              \"type\": \"Microsoft.Network/virtualNetworks/subnets/delegations\"\r\n            }\r\n          ],\r\n          \"purpose\": \"HostedWorkloads\",\r\n          \"privateEndpointNetworkPolicies\": \"Enabled\",\r\n          \"privateLinkServiceNetworkPolicies\": \"Enabled\"\r\n        },\r\n        \"type\": \"Microsoft.Network/virtualNetworks/subnets\"\r\n      }\r\n    ],\r\n    \"virtualNetworkPeerings\": [],\r\n    \"enableDdosProtection\": false,\r\n    \"enableVmProtection\": false\r\n  }\r\n}",
      "StatusCode": 200
    },
    {
      "RequestUri": "/subscriptions/69a75bda-882e-44d5-8431-63421204132a/resourceGroups/ps7130/providers/Microsoft.Network/virtualNetworks/ps7130-vnet?api-version=2020-05-01",
      "EncodedRequestUri": "L3N1YnNjcmlwdGlvbnMvNjlhNzViZGEtODgyZS00NGQ1LTg0MzEtNjM0MjEyMDQxMzJhL3Jlc291cmNlR3JvdXBzL3BzNzEzMC9wcm92aWRlcnMvTWljcm9zb2Z0Lk5ldHdvcmsvdmlydHVhbE5ldHdvcmtzL3BzNzEzMC12bmV0P2FwaS12ZXJzaW9uPTIwMjAtMDUtMDE=",
      "RequestMethod": "PUT",
      "RequestBody": "{\r\n  \"properties\": {\r\n    \"addressSpace\": {\r\n      \"addressPrefixes\": [\r\n        \"10.0.0.0/16\"\r\n      ]\r\n    },\r\n    \"subnets\": [],\r\n    \"virtualNetworkPeerings\": [],\r\n    \"enableDdosProtection\": false,\r\n    \"ipAllocations\": []\r\n  },\r\n  \"location\": \"westus2\"\r\n}",
      "RequestHeaders": {
        "x-ms-client-request-id": [
          "a780be40-a2ee-4c20-9f85-fd2147e8a575"
        ],
        "Accept-Language": [
          "en-US"
        ],
        "User-Agent": [
          "FxVersion/4.6.29130.01",
          "OSName/Windows",
          "OSVersion/Microsoft.Windows.10.0.18363.",
          "Microsoft.Azure.Management.Network.NetworkManagementClient/20.0.2.0"
        ],
        "Content-Type": [
          "application/json; charset=utf-8"
        ],
        "Content-Length": [
          "261"
        ]
      },
      "ResponseHeaders": {
        "Cache-Control": [
          "no-cache"
        ],
        "Pragma": [
          "no-cache"
        ],
        "Retry-After": [
          "3"
        ],
        "x-ms-request-id": [
          "df59d625-bbeb-4487-b342-db5666bc507a"
        ],
        "Azure-AsyncOperation": [
          "https://management.azure.com/subscriptions/69a75bda-882e-44d5-8431-63421204132a/providers/Microsoft.Network/locations/westus2/operations/df59d625-bbeb-4487-b342-db5666bc507a?api-version=2020-05-01"
        ],
        "x-ms-correlation-request-id": [
          "af696a79-5b8b-435d-a631-1a844fe81bcc"
        ],
        "Azure-AsyncNotification": [
          "Enabled"
        ],
        "x-ms-arm-service-request-id": [
          "bc477f72-1fb2-496a-89f7-0b284546ac80"
        ],
        "Strict-Transport-Security": [
          "max-age=31536000; includeSubDomains"
        ],
        "x-ms-ratelimit-remaining-subscription-writes": [
          "1199"
        ],
        "Server": [
          "Microsoft-HTTPAPI/2.0",
          "Microsoft-HTTPAPI/2.0"
        ],
        "x-ms-routing-request-id": [
          "NORTHEUROPE:20200907T143614Z:af696a79-5b8b-435d-a631-1a844fe81bcc"
        ],
        "X-Content-Type-Options": [
          "nosniff"
        ],
        "Date": [
          "Mon, 07 Sep 2020 14:36:13 GMT"
        ],
        "Content-Length": [
          "641"
        ],
        "Content-Type": [
          "application/json; charset=utf-8"
        ],
        "Expires": [
          "-1"
        ]
      },
      "ResponseBody": "{\r\n  \"name\": \"ps7130-vnet\",\r\n  \"id\": \"/subscriptions/69a75bda-882e-44d5-8431-63421204132a/resourceGroups/ps7130/providers/Microsoft.Network/virtualNetworks/ps7130-vnet\",\r\n  \"etag\": \"W/\\\"ebb84462-f710-40a1-83ea-6bdec0741c3a\\\"\",\r\n  \"type\": \"Microsoft.Network/virtualNetworks\",\r\n  \"location\": \"westus2\",\r\n  \"properties\": {\r\n    \"provisioningState\": \"Updating\",\r\n    \"resourceGuid\": \"718e242e-3b5a-4cd6-867e-22cf86390145\",\r\n    \"addressSpace\": {\r\n      \"addressPrefixes\": [\r\n        \"10.0.0.0/16\"\r\n      ]\r\n    },\r\n    \"subnets\": [],\r\n    \"virtualNetworkPeerings\": [],\r\n    \"enableDdosProtection\": false,\r\n    \"enableVmProtection\": false\r\n  }\r\n}",
      "StatusCode": 201
    },
    {
      "RequestUri": "/subscriptions/69a75bda-882e-44d5-8431-63421204132a/resourceGroups/ps7130/providers/Microsoft.Network/virtualNetworks/ps7130-vnet?api-version=2020-05-01",
      "EncodedRequestUri": "L3N1YnNjcmlwdGlvbnMvNjlhNzViZGEtODgyZS00NGQ1LTg0MzEtNjM0MjEyMDQxMzJhL3Jlc291cmNlR3JvdXBzL3BzNzEzMC9wcm92aWRlcnMvTWljcm9zb2Z0Lk5ldHdvcmsvdmlydHVhbE5ldHdvcmtzL3BzNzEzMC12bmV0P2FwaS12ZXJzaW9uPTIwMjAtMDUtMDE=",
      "RequestMethod": "PUT",
      "RequestBody": "{\r\n  \"properties\": {\r\n    \"addressSpace\": {\r\n      \"addressPrefixes\": [\r\n        \"10.0.0.0/16\"\r\n      ]\r\n    },\r\n    \"dhcpOptions\": {\r\n      \"dnsServers\": []\r\n    },\r\n    \"subnets\": [\r\n      {\r\n        \"properties\": {\r\n          \"addressPrefix\": \"10.0.1.0/24\",\r\n          \"addressPrefixes\": [],\r\n          \"serviceEndpoints\": [],\r\n          \"serviceEndpointPolicies\": [],\r\n          \"ipAllocations\": [],\r\n          \"delegations\": [\r\n            {\r\n              \"properties\": {\r\n                \"serviceName\": \"Microsoft.Netapp/volumes\"\r\n              },\r\n              \"name\": \"netAppVolumes\"\r\n            }\r\n          ],\r\n          \"privateEndpointNetworkPolicies\": \"Enabled\",\r\n          \"privateLinkServiceNetworkPolicies\": \"Enabled\"\r\n        },\r\n        \"name\": \"default\"\r\n      }\r\n    ],\r\n    \"virtualNetworkPeerings\": [],\r\n    \"enableDdosProtection\": false,\r\n    \"ipAllocations\": []\r\n  },\r\n  \"id\": \"/subscriptions/69a75bda-882e-44d5-8431-63421204132a/resourceGroups/ps7130/providers/Microsoft.Network/virtualNetworks/ps7130-vnet\",\r\n  \"location\": \"westus2\"\r\n}",
      "RequestHeaders": {
        "x-ms-client-request-id": [
          "966514c9-5c3e-46b2-bdcf-4ea727078c4f"
        ],
        "Accept-Language": [
          "en-US"
        ],
        "User-Agent": [
          "FxVersion/4.6.29130.01",
          "OSName/Windows",
          "OSVersion/Microsoft.Windows.10.0.18363.",
          "Microsoft.Azure.Management.Network.NetworkManagementClient/20.0.2.0"
        ],
        "Content-Type": [
          "application/json; charset=utf-8"
        ],
        "Content-Length": [
          "1064"
        ]
      },
      "ResponseHeaders": {
        "Cache-Control": [
          "no-cache"
        ],
        "Pragma": [
          "no-cache"
        ],
        "Retry-After": [
          "3"
        ],
        "x-ms-request-id": [
          "05e8234c-2b11-4aca-b275-efc56dc16283"
        ],
        "Azure-AsyncOperation": [
          "https://management.azure.com/subscriptions/69a75bda-882e-44d5-8431-63421204132a/providers/Microsoft.Network/locations/westus2/operations/05e8234c-2b11-4aca-b275-efc56dc16283?api-version=2020-05-01"
        ],
        "x-ms-correlation-request-id": [
          "5edf90a1-8671-4ac3-9198-fa27e552886f"
        ],
        "x-ms-arm-service-request-id": [
          "c52857aa-a78e-498e-86c6-a30982e1c26a"
        ],
        "Strict-Transport-Security": [
          "max-age=31536000; includeSubDomains"
        ],
        "Server": [
          "Microsoft-HTTPAPI/2.0",
          "Microsoft-HTTPAPI/2.0"
        ],
        "x-ms-ratelimit-remaining-subscription-writes": [
          "1198"
        ],
        "x-ms-routing-request-id": [
          "NORTHEUROPE:20200907T143619Z:5edf90a1-8671-4ac3-9198-fa27e552886f"
        ],
        "X-Content-Type-Options": [
          "nosniff"
        ],
        "Date": [
          "Mon, 07 Sep 2020 14:36:19 GMT"
        ],
        "Content-Length": [
          "2149"
        ],
        "Content-Type": [
          "application/json; charset=utf-8"
        ],
        "Expires": [
          "-1"
        ]
      },
      "ResponseBody": "{\r\n  \"name\": \"ps7130-vnet\",\r\n  \"id\": \"/subscriptions/69a75bda-882e-44d5-8431-63421204132a/resourceGroups/ps7130/providers/Microsoft.Network/virtualNetworks/ps7130-vnet\",\r\n  \"etag\": \"W/\\\"ac5a543a-1073-4da0-bdc5-6581fe37e0de\\\"\",\r\n  \"type\": \"Microsoft.Network/virtualNetworks\",\r\n  \"location\": \"westus2\",\r\n  \"properties\": {\r\n    \"provisioningState\": \"Updating\",\r\n    \"resourceGuid\": \"718e242e-3b5a-4cd6-867e-22cf86390145\",\r\n    \"addressSpace\": {\r\n      \"addressPrefixes\": [\r\n        \"10.0.0.0/16\"\r\n      ]\r\n    },\r\n    \"dhcpOptions\": {\r\n      \"dnsServers\": []\r\n    },\r\n    \"subnets\": [\r\n      {\r\n        \"name\": \"default\",\r\n        \"id\": \"/subscriptions/69a75bda-882e-44d5-8431-63421204132a/resourceGroups/ps7130/providers/Microsoft.Network/virtualNetworks/ps7130-vnet/subnets/default\",\r\n        \"etag\": \"W/\\\"ac5a543a-1073-4da0-bdc5-6581fe37e0de\\\"\",\r\n        \"properties\": {\r\n          \"provisioningState\": \"Updating\",\r\n          \"addressPrefix\": \"10.0.1.0/24\",\r\n          \"serviceEndpoints\": [],\r\n          \"delegations\": [\r\n            {\r\n              \"name\": \"netAppVolumes\",\r\n              \"id\": \"/subscriptions/69a75bda-882e-44d5-8431-63421204132a/resourceGroups/ps7130/providers/Microsoft.Network/virtualNetworks/ps7130-vnet/subnets/default/delegations/netAppVolumes\",\r\n              \"etag\": \"W/\\\"ac5a543a-1073-4da0-bdc5-6581fe37e0de\\\"\",\r\n              \"properties\": {\r\n                \"provisioningState\": \"Succeeded\",\r\n                \"serviceName\": \"Microsoft.Netapp/volumes\",\r\n                \"actions\": [\r\n                  \"Microsoft.Network/networkinterfaces/*\",\r\n                  \"Microsoft.Network/virtualNetworks/subnets/join/action\"\r\n                ]\r\n              },\r\n              \"type\": \"Microsoft.Network/virtualNetworks/subnets/delegations\"\r\n            }\r\n          ],\r\n          \"purpose\": \"HostedWorkloads\",\r\n          \"privateEndpointNetworkPolicies\": \"Enabled\",\r\n          \"privateLinkServiceNetworkPolicies\": \"Enabled\"\r\n        },\r\n        \"type\": \"Microsoft.Network/virtualNetworks/subnets\"\r\n      }\r\n    ],\r\n    \"virtualNetworkPeerings\": [],\r\n    \"enableDdosProtection\": false,\r\n    \"enableVmProtection\": false\r\n  }\r\n}",
      "StatusCode": 200
    },
    {
      "RequestUri": "/subscriptions/69a75bda-882e-44d5-8431-63421204132a/providers/Microsoft.Network/locations/westus2/operations/df59d625-bbeb-4487-b342-db5666bc507a?api-version=2020-05-01",
      "EncodedRequestUri": "L3N1YnNjcmlwdGlvbnMvNjlhNzViZGEtODgyZS00NGQ1LTg0MzEtNjM0MjEyMDQxMzJhL3Byb3ZpZGVycy9NaWNyb3NvZnQuTmV0d29yay9sb2NhdGlvbnMvd2VzdHVzMi9vcGVyYXRpb25zL2RmNTlkNjI1LWJiZWItNDQ4Ny1iMzQyLWRiNTY2NmJjNTA3YT9hcGktdmVyc2lvbj0yMDIwLTA1LTAx",
      "RequestMethod": "GET",
      "RequestBody": "",
      "RequestHeaders": {
        "User-Agent": [
          "FxVersion/4.6.29130.01",
          "OSName/Windows",
          "OSVersion/Microsoft.Windows.10.0.18363.",
          "Microsoft.Azure.Management.Network.NetworkManagementClient/20.0.2.0"
        ]
      },
      "ResponseHeaders": {
        "Cache-Control": [
          "no-cache"
        ],
        "Pragma": [
          "no-cache"
        ],
        "x-ms-request-id": [
          "f6fb1ef7-248e-4a79-b7dc-8e9ec3f714ce"
        ],
        "x-ms-correlation-request-id": [
          "a903766a-5de2-4fd2-a849-9a668ede14e9"
        ],
        "x-ms-arm-service-request-id": [
          "f89afd55-5f02-4a2d-bd8a-947fefc4d8b1"
        ],
        "Strict-Transport-Security": [
          "max-age=31536000; includeSubDomains"
        ],
        "Server": [
          "Microsoft-HTTPAPI/2.0",
          "Microsoft-HTTPAPI/2.0"
        ],
        "x-ms-ratelimit-remaining-subscription-reads": [
          "11998"
        ],
        "x-ms-routing-request-id": [
          "NORTHEUROPE:20200907T143617Z:a903766a-5de2-4fd2-a849-9a668ede14e9"
        ],
        "X-Content-Type-Options": [
          "nosniff"
        ],
        "Date": [
          "Mon, 07 Sep 2020 14:36:17 GMT"
        ],
        "Content-Length": [
          "29"
        ],
        "Content-Type": [
          "application/json; charset=utf-8"
        ],
        "Expires": [
          "-1"
        ]
      },
      "ResponseBody": "{\r\n  \"status\": \"Succeeded\"\r\n}",
      "StatusCode": 200
    },
    {
      "RequestUri": "/subscriptions/69a75bda-882e-44d5-8431-63421204132a/providers/Microsoft.Network/locations/westus2/operations/05e8234c-2b11-4aca-b275-efc56dc16283?api-version=2020-05-01",
      "EncodedRequestUri": "L3N1YnNjcmlwdGlvbnMvNjlhNzViZGEtODgyZS00NGQ1LTg0MzEtNjM0MjEyMDQxMzJhL3Byb3ZpZGVycy9NaWNyb3NvZnQuTmV0d29yay9sb2NhdGlvbnMvd2VzdHVzMi9vcGVyYXRpb25zLzA1ZTgyMzRjLTJiMTEtNGFjYS1iMjc1LWVmYzU2ZGMxNjI4Mz9hcGktdmVyc2lvbj0yMDIwLTA1LTAx",
      "RequestMethod": "GET",
      "RequestBody": "",
      "RequestHeaders": {
        "User-Agent": [
          "FxVersion/4.6.29130.01",
          "OSName/Windows",
          "OSVersion/Microsoft.Windows.10.0.18363.",
          "Microsoft.Azure.Management.Network.NetworkManagementClient/20.0.2.0"
        ]
      },
      "ResponseHeaders": {
        "Cache-Control": [
          "no-cache"
        ],
        "Pragma": [
          "no-cache"
        ],
        "x-ms-request-id": [
          "5862b106-6bd4-4b60-8325-c91eb0427a5d"
        ],
        "x-ms-correlation-request-id": [
          "8a0e4499-6902-444a-a886-73be8229a56c"
        ],
        "x-ms-arm-service-request-id": [
          "9b811bc9-440d-4361-90d6-7c985835356a"
        ],
        "Strict-Transport-Security": [
          "max-age=31536000; includeSubDomains"
        ],
        "Server": [
          "Microsoft-HTTPAPI/2.0",
          "Microsoft-HTTPAPI/2.0"
        ],
        "x-ms-ratelimit-remaining-subscription-reads": [
          "11994"
        ],
        "x-ms-routing-request-id": [
          "NORTHEUROPE:20200907T143623Z:8a0e4499-6902-444a-a886-73be8229a56c"
        ],
        "X-Content-Type-Options": [
          "nosniff"
        ],
        "Date": [
          "Mon, 07 Sep 2020 14:36:22 GMT"
        ],
        "Content-Length": [
          "29"
        ],
        "Content-Type": [
          "application/json; charset=utf-8"
        ],
        "Expires": [
          "-1"
        ]
      },
      "ResponseBody": "{\r\n  \"status\": \"Succeeded\"\r\n}",
      "StatusCode": 200
    },
    {
      "RequestUri": "/subscriptions/69a75bda-882e-44d5-8431-63421204132a/resourceGroups/ps7130/providers/Microsoft.NetApp/netAppAccounts/ps9556?api-version=2020-02-01",
      "EncodedRequestUri": "L3N1YnNjcmlwdGlvbnMvNjlhNzViZGEtODgyZS00NGQ1LTg0MzEtNjM0MjEyMDQxMzJhL3Jlc291cmNlR3JvdXBzL3BzNzEzMC9wcm92aWRlcnMvTWljcm9zb2Z0Lk5ldEFwcC9uZXRBcHBBY2NvdW50cy9wczk1NTY/YXBpLXZlcnNpb249MjAyMC0wMi0wMQ==",
      "RequestMethod": "PUT",
      "RequestBody": "{\r\n  \"location\": \"westus2\"\r\n}",
      "RequestHeaders": {
        "x-ms-client-request-id": [
          "5ca53049-3a42-4ca1-b551-e14aecce54c0"
        ],
        "Accept-Language": [
          "en-US"
        ],
        "User-Agent": [
          "FxVersion/4.6.29130.01",
          "OSName/Windows",
          "OSVersion/Microsoft.Windows.10.0.18363.",
          "Microsoft.Azure.Management.NetApp.AzureNetAppFilesManagementClient/1.6.0.0"
        ],
        "Content-Type": [
          "application/json; charset=utf-8"
        ],
        "Content-Length": [
          "29"
        ]
      },
      "ResponseHeaders": {
        "Cache-Control": [
          "no-cache"
        ],
        "Pragma": [
          "no-cache"
        ],
        "ETag": [
          "W/\"datetime'2020-09-07T14%3A36%3A30.0808346Z'\""
        ],
        "x-ms-request-id": [
          "eb7123fb-8c00-4d75-9d55-e68a79eba269"
        ],
        "Azure-AsyncOperation": [
          "https://management.azure.com/subscriptions/69a75bda-882e-44d5-8431-63421204132a/providers/Microsoft.NetApp/locations/westus2/operationResults/96032e09-b7b0-4a21-8ef0-9f34e73a8678?api-version=2020-02-01"
        ],
        "Request-Context": [
          "appId=cid-v1:2c4cb680-0a1f-424d-bb8d-8e650ba68d53"
        ],
        "Access-Control-Expose-Headers": [
          "Request-Context"
        ],
        "Server": [
          "Microsoft-IIS/10.0"
        ],
        "X-Powered-By": [
          "ASP.NET"
        ],
        "x-ms-ratelimit-remaining-subscription-writes": [
          "1199"
        ],
        "x-ms-correlation-request-id": [
          "322572d5-1c62-4bfb-9ace-56ec3dc7ff48"
        ],
        "x-ms-routing-request-id": [
          "NORTHEUROPE:20200907T143631Z:322572d5-1c62-4bfb-9ace-56ec3dc7ff48"
        ],
        "Strict-Transport-Security": [
          "max-age=31536000; includeSubDomains"
        ],
        "X-Content-Type-Options": [
          "nosniff"
        ],
        "Date": [
          "Mon, 07 Sep 2020 14:36:30 GMT"
        ],
        "Content-Length": [
          "314"
        ],
        "Content-Type": [
          "application/json; charset=utf-8"
        ],
        "Expires": [
          "-1"
        ]
      },
      "ResponseBody": "{\r\n  \"id\": \"/subscriptions/69a75bda-882e-44d5-8431-63421204132a/resourceGroups/ps7130/providers/Microsoft.NetApp/netAppAccounts/ps9556\",\r\n  \"name\": \"ps9556\",\r\n  \"type\": \"Microsoft.NetApp/netAppAccounts\",\r\n  \"etag\": \"W/\\\"datetime'2020-09-07T14%3A36%3A30.0808346Z'\\\"\",\r\n  \"location\": \"westus2\",\r\n  \"properties\": {\r\n    \"provisioningState\": \"Succeeded\"\r\n  }\r\n}",
      "StatusCode": 201
    },
    {
      "RequestUri": "/subscriptions/69a75bda-882e-44d5-8431-63421204132a/resourceGroups/ps7130/providers/Microsoft.NetApp/netAppAccounts/ps9556?api-version=2020-02-01",
      "EncodedRequestUri": "L3N1YnNjcmlwdGlvbnMvNjlhNzViZGEtODgyZS00NGQ1LTg0MzEtNjM0MjEyMDQxMzJhL3Jlc291cmNlR3JvdXBzL3BzNzEzMC9wcm92aWRlcnMvTWljcm9zb2Z0Lk5ldEFwcC9uZXRBcHBBY2NvdW50cy9wczk1NTY/YXBpLXZlcnNpb249MjAyMC0wMi0wMQ==",
      "RequestMethod": "GET",
      "RequestBody": "",
      "RequestHeaders": {
        "User-Agent": [
          "FxVersion/4.6.29130.01",
          "OSName/Windows",
          "OSVersion/Microsoft.Windows.10.0.18363.",
          "Microsoft.Azure.Management.NetApp.AzureNetAppFilesManagementClient/1.6.0.0"
        ]
      },
      "ResponseHeaders": {
        "Cache-Control": [
          "no-cache"
        ],
        "Pragma": [
          "no-cache"
        ],
        "ETag": [
          "W/\"datetime'2020-09-07T14%3A36%3A30.14488Z'\""
        ],
        "x-ms-request-id": [
          "ccf5a957-3712-4077-873f-47ef0278796e"
        ],
        "Request-Context": [
          "appId=cid-v1:2c4cb680-0a1f-424d-bb8d-8e650ba68d53"
        ],
        "Access-Control-Expose-Headers": [
          "Request-Context"
        ],
        "Server": [
          "Microsoft-IIS/10.0"
        ],
        "X-Powered-By": [
          "ASP.NET"
        ],
        "x-ms-ratelimit-remaining-subscription-reads": [
          "11999"
        ],
        "x-ms-correlation-request-id": [
          "ffaeb79a-bc13-4ac0-b814-3726f2a0529d"
        ],
        "x-ms-routing-request-id": [
          "NORTHEUROPE:20200907T143631Z:ffaeb79a-bc13-4ac0-b814-3726f2a0529d"
        ],
        "Strict-Transport-Security": [
          "max-age=31536000; includeSubDomains"
        ],
        "X-Content-Type-Options": [
          "nosniff"
        ],
        "Date": [
          "Mon, 07 Sep 2020 14:36:30 GMT"
        ],
        "Content-Length": [
          "312"
        ],
        "Content-Type": [
          "application/json; charset=utf-8"
        ],
        "Expires": [
          "-1"
        ]
      },
      "ResponseBody": "{\r\n  \"id\": \"/subscriptions/69a75bda-882e-44d5-8431-63421204132a/resourceGroups/ps7130/providers/Microsoft.NetApp/netAppAccounts/ps9556\",\r\n  \"name\": \"ps9556\",\r\n  \"type\": \"Microsoft.NetApp/netAppAccounts\",\r\n  \"etag\": \"W/\\\"datetime'2020-09-07T14%3A36%3A30.14488Z'\\\"\",\r\n  \"location\": \"westus2\",\r\n  \"properties\": {\r\n    \"provisioningState\": \"Succeeded\"\r\n  }\r\n}",
      "StatusCode": 200
    },
    {
      "RequestUri": "/subscriptions/69a75bda-882e-44d5-8431-63421204132a/resourceGroups/ps7130/providers/Microsoft.NetApp/netAppAccounts/ps9556/capacityPools/ps3832?api-version=2020-02-01",
      "EncodedRequestUri": "L3N1YnNjcmlwdGlvbnMvNjlhNzViZGEtODgyZS00NGQ1LTg0MzEtNjM0MjEyMDQxMzJhL3Jlc291cmNlR3JvdXBzL3BzNzEzMC9wcm92aWRlcnMvTWljcm9zb2Z0Lk5ldEFwcC9uZXRBcHBBY2NvdW50cy9wczk1NTYvY2FwYWNpdHlQb29scy9wczM4MzI/YXBpLXZlcnNpb249MjAyMC0wMi0wMQ==",
      "RequestMethod": "PUT",
      "RequestBody": "{\r\n  \"location\": \"westus2\",\r\n  \"properties\": {\r\n    \"size\": 4398046511104,\r\n    \"serviceLevel\": \"Premium\"\r\n  }\r\n}",
      "RequestHeaders": {
        "x-ms-client-request-id": [
          "c20f8876-6629-4f75-a345-ba41f7f98598"
        ],
        "Accept-Language": [
          "en-US"
        ],
        "User-Agent": [
          "FxVersion/4.6.29130.01",
          "OSName/Windows",
          "OSVersion/Microsoft.Windows.10.0.18363.",
          "Microsoft.Azure.Management.NetApp.AzureNetAppFilesManagementClient/1.6.0.0"
        ],
        "Content-Type": [
          "application/json; charset=utf-8"
        ],
        "Content-Length": [
          "113"
        ]
      },
      "ResponseHeaders": {
        "Cache-Control": [
          "no-cache"
        ],
        "Pragma": [
          "no-cache"
        ],
        "ETag": [
          "W/\"datetime'2020-09-07T14%3A36%3A33.4142043Z'\""
        ],
        "x-ms-request-id": [
          "10439453-caf0-4c28-b868-fed4d80c8273"
        ],
        "Azure-AsyncOperation": [
          "https://management.azure.com/subscriptions/69a75bda-882e-44d5-8431-63421204132a/providers/Microsoft.NetApp/locations/westus2/operationResults/92784cb8-a25f-4976-aa38-4b439e707ff1?api-version=2020-02-01"
        ],
        "Request-Context": [
          "appId=cid-v1:2c4cb680-0a1f-424d-bb8d-8e650ba68d53"
        ],
        "Access-Control-Expose-Headers": [
          "Request-Context"
        ],
        "Server": [
          "Microsoft-IIS/10.0"
        ],
        "X-Powered-By": [
          "ASP.NET"
        ],
        "x-ms-ratelimit-remaining-subscription-writes": [
          "1198"
        ],
        "x-ms-correlation-request-id": [
          "266c201b-e41c-4ab4-8825-d220734246f6"
        ],
        "x-ms-routing-request-id": [
          "NORTHEUROPE:20200907T143634Z:266c201b-e41c-4ab4-8825-d220734246f6"
        ],
        "Strict-Transport-Security": [
          "max-age=31536000; includeSubDomains"
        ],
        "X-Content-Type-Options": [
          "nosniff"
        ],
        "Date": [
          "Mon, 07 Sep 2020 14:36:34 GMT"
        ],
        "Content-Length": [
          "401"
        ],
        "Content-Type": [
          "application/json; charset=utf-8"
        ],
        "Expires": [
          "-1"
        ]
      },
      "ResponseBody": "{\r\n  \"id\": \"/subscriptions/69a75bda-882e-44d5-8431-63421204132a/resourceGroups/ps7130/providers/Microsoft.NetApp/netAppAccounts/ps9556/capacityPools/ps3832\",\r\n  \"name\": \"ps9556/ps3832\",\r\n  \"type\": \"Microsoft.NetApp/netAppAccounts/capacityPools\",\r\n  \"etag\": \"W/\\\"datetime'2020-09-07T14%3A36%3A33.4142043Z'\\\"\",\r\n  \"location\": \"westus2\",\r\n  \"properties\": {\r\n    \"serviceLevel\": \"Premium\",\r\n    \"size\": 4398046511104,\r\n    \"provisioningState\": \"Creating\"\r\n  }\r\n}",
      "StatusCode": 201
    },
    {
      "RequestUri": "/subscriptions/69a75bda-882e-44d5-8431-63421204132a/providers/Microsoft.NetApp/locations/westus2/operationResults/92784cb8-a25f-4976-aa38-4b439e707ff1?api-version=2020-02-01",
      "EncodedRequestUri": "L3N1YnNjcmlwdGlvbnMvNjlhNzViZGEtODgyZS00NGQ1LTg0MzEtNjM0MjEyMDQxMzJhL3Byb3ZpZGVycy9NaWNyb3NvZnQuTmV0QXBwL2xvY2F0aW9ucy93ZXN0dXMyL29wZXJhdGlvblJlc3VsdHMvOTI3ODRjYjgtYTI1Zi00OTc2LWFhMzgtNGI0MzllNzA3ZmYxP2FwaS12ZXJzaW9uPTIwMjAtMDItMDE=",
      "RequestMethod": "GET",
      "RequestBody": "",
      "RequestHeaders": {
        "User-Agent": [
          "FxVersion/4.6.29130.01",
          "OSName/Windows",
          "OSVersion/Microsoft.Windows.10.0.18363.",
          "Microsoft.Azure.Management.NetApp.AzureNetAppFilesManagementClient/1.6.0.0"
        ]
      },
      "ResponseHeaders": {
        "Cache-Control": [
          "no-cache"
        ],
        "Pragma": [
          "no-cache"
        ],
        "x-ms-request-id": [
          "083739b0-42df-4977-9d57-412d0d9cfbe2"
        ],
        "Request-Context": [
          "appId=cid-v1:2c4cb680-0a1f-424d-bb8d-8e650ba68d53"
        ],
        "Access-Control-Expose-Headers": [
          "Request-Context"
        ],
        "Server": [
          "Microsoft-IIS/10.0"
        ],
        "X-Powered-By": [
          "ASP.NET"
        ],
        "x-ms-ratelimit-remaining-subscription-reads": [
          "11998"
        ],
        "x-ms-correlation-request-id": [
          "c035d52d-1d14-4e54-af0b-ad9bf78b4b60"
        ],
        "x-ms-routing-request-id": [
          "NORTHEUROPE:20200907T143705Z:c035d52d-1d14-4e54-af0b-ad9bf78b4b60"
        ],
        "Strict-Transport-Security": [
          "max-age=31536000; includeSubDomains"
        ],
        "X-Content-Type-Options": [
          "nosniff"
        ],
        "Date": [
          "Mon, 07 Sep 2020 14:37:04 GMT"
        ],
        "Content-Length": [
          "509"
        ],
        "Content-Type": [
          "application/json; charset=utf-8"
        ],
        "Expires": [
          "-1"
        ]
      },
      "ResponseBody": "{\r\n  \"id\": \"/subscriptions/69a75bda-882e-44d5-8431-63421204132a/providers/Microsoft.NetApp/locations/westus2/operationResults/92784cb8-a25f-4976-aa38-4b439e707ff1\",\r\n  \"name\": \"92784cb8-a25f-4976-aa38-4b439e707ff1\",\r\n  \"status\": \"Succeeded\",\r\n  \"startTime\": \"2020-09-07T14:36:33.3618714Z\",\r\n  \"endTime\": \"2020-09-07T14:36:33.674367Z\",\r\n  \"percentComplete\": 100.0,\r\n  \"properties\": {\r\n    \"resourceName\": \"/subscriptions/69a75bda-882e-44d5-8431-63421204132a/resourceGroups/ps7130/providers/Microsoft.NetApp/netAppAccounts/ps9556/capacityPools/ps3832\"\r\n  }\r\n}",
      "StatusCode": 200
    },
    {
      "RequestUri": "/subscriptions/69a75bda-882e-44d5-8431-63421204132a/resourceGroups/ps7130/providers/Microsoft.NetApp/netAppAccounts/ps9556/capacityPools/ps3832?api-version=2020-02-01",
      "EncodedRequestUri": "L3N1YnNjcmlwdGlvbnMvNjlhNzViZGEtODgyZS00NGQ1LTg0MzEtNjM0MjEyMDQxMzJhL3Jlc291cmNlR3JvdXBzL3BzNzEzMC9wcm92aWRlcnMvTWljcm9zb2Z0Lk5ldEFwcC9uZXRBcHBBY2NvdW50cy9wczk1NTYvY2FwYWNpdHlQb29scy9wczM4MzI/YXBpLXZlcnNpb249MjAyMC0wMi0wMQ==",
      "RequestMethod": "GET",
      "RequestBody": "",
      "RequestHeaders": {
        "User-Agent": [
          "FxVersion/4.6.29130.01",
          "OSName/Windows",
          "OSVersion/Microsoft.Windows.10.0.18363.",
          "Microsoft.Azure.Management.NetApp.AzureNetAppFilesManagementClient/1.6.0.0"
        ]
      },
      "ResponseHeaders": {
        "Cache-Control": [
          "no-cache"
        ],
        "Pragma": [
          "no-cache"
        ],
        "ETag": [
          "W/\"datetime'2020-09-07T14%3A36%3A33.6653819Z'\""
        ],
        "x-ms-request-id": [
          "5c9fde86-586d-4e00-a9dc-d9e37bc065b7"
        ],
        "Request-Context": [
          "appId=cid-v1:2c4cb680-0a1f-424d-bb8d-8e650ba68d53"
        ],
        "Access-Control-Expose-Headers": [
          "Request-Context"
        ],
        "Server": [
          "Microsoft-IIS/10.0"
        ],
        "X-Powered-By": [
          "ASP.NET"
        ],
        "x-ms-ratelimit-remaining-subscription-reads": [
          "11997"
        ],
        "x-ms-correlation-request-id": [
          "c9c40dd3-88bc-465f-af7b-1d4f8629c880"
        ],
        "x-ms-routing-request-id": [
          "NORTHEUROPE:20200907T143705Z:c9c40dd3-88bc-465f-af7b-1d4f8629c880"
        ],
        "Strict-Transport-Security": [
          "max-age=31536000; includeSubDomains"
        ],
        "X-Content-Type-Options": [
          "nosniff"
        ],
        "Date": [
          "Mon, 07 Sep 2020 14:37:05 GMT"
        ],
        "Content-Length": [
          "450"
        ],
        "Content-Type": [
          "application/json; charset=utf-8"
        ],
        "Expires": [
          "-1"
        ]
      },
      "ResponseBody": "{\r\n  \"id\": \"/subscriptions/69a75bda-882e-44d5-8431-63421204132a/resourceGroups/ps7130/providers/Microsoft.NetApp/netAppAccounts/ps9556/capacityPools/ps3832\",\r\n  \"name\": \"ps9556/ps3832\",\r\n  \"type\": \"Microsoft.NetApp/netAppAccounts/capacityPools\",\r\n  \"etag\": \"W/\\\"datetime'2020-09-07T14%3A36%3A33.6653819Z'\\\"\",\r\n  \"location\": \"westus2\",\r\n  \"properties\": {\r\n    \"poolId\": \"3798a9fc-7c90-92b0-f400-65ff84cbc006\",\r\n    \"serviceLevel\": \"Premium\",\r\n    \"size\": 4398046511104,\r\n    \"provisioningState\": \"Succeeded\"\r\n  }\r\n}",
      "StatusCode": 200
    },
    {
      "RequestUri": "/subscriptions/69a75bda-882e-44d5-8431-63421204132a/resourceGroups/ps7130/providers/Microsoft.NetApp/netAppAccounts/ps9556/capacityPools/ps3832?api-version=2020-02-01",
      "EncodedRequestUri": "L3N1YnNjcmlwdGlvbnMvNjlhNzViZGEtODgyZS00NGQ1LTg0MzEtNjM0MjEyMDQxMzJhL3Jlc291cmNlR3JvdXBzL3BzNzEzMC9wcm92aWRlcnMvTWljcm9zb2Z0Lk5ldEFwcC9uZXRBcHBBY2NvdW50cy9wczk1NTYvY2FwYWNpdHlQb29scy9wczM4MzI/YXBpLXZlcnNpb249MjAyMC0wMi0wMQ==",
      "RequestMethod": "GET",
      "RequestBody": "",
      "RequestHeaders": {
        "x-ms-client-request-id": [
          "c8c1086c-b9e2-488e-bff3-4c06f222a4dc"
        ],
        "Accept-Language": [
          "en-US"
        ],
        "User-Agent": [
          "FxVersion/4.6.29130.01",
          "OSName/Windows",
          "OSVersion/Microsoft.Windows.10.0.18363.",
          "Microsoft.Azure.Management.NetApp.AzureNetAppFilesManagementClient/1.6.0.0"
        ]
      },
      "ResponseHeaders": {
        "Cache-Control": [
          "no-cache"
        ],
        "Pragma": [
          "no-cache"
        ],
        "ETag": [
          "W/\"datetime'2020-09-07T14%3A36%3A33.6653819Z'\""
        ],
        "x-ms-request-id": [
          "7ccb4c83-61fc-4a7c-b6fb-a9e93beadd5d"
        ],
        "Request-Context": [
          "appId=cid-v1:2c4cb680-0a1f-424d-bb8d-8e650ba68d53"
        ],
        "Access-Control-Expose-Headers": [
          "Request-Context"
        ],
        "Server": [
          "Microsoft-IIS/10.0"
        ],
        "X-Powered-By": [
          "ASP.NET"
        ],
        "x-ms-ratelimit-remaining-subscription-reads": [
          "11996"
        ],
        "x-ms-correlation-request-id": [
          "c9ff16e7-01cf-4a73-b90f-257bd3ee2832"
        ],
        "x-ms-routing-request-id": [
          "NORTHEUROPE:20200907T143705Z:c9ff16e7-01cf-4a73-b90f-257bd3ee2832"
        ],
        "Strict-Transport-Security": [
          "max-age=31536000; includeSubDomains"
        ],
        "X-Content-Type-Options": [
          "nosniff"
        ],
        "Date": [
          "Mon, 07 Sep 2020 14:37:05 GMT"
        ],
        "Content-Length": [
          "450"
        ],
        "Content-Type": [
          "application/json; charset=utf-8"
        ],
        "Expires": [
          "-1"
        ]
      },
      "ResponseBody": "{\r\n  \"id\": \"/subscriptions/69a75bda-882e-44d5-8431-63421204132a/resourceGroups/ps7130/providers/Microsoft.NetApp/netAppAccounts/ps9556/capacityPools/ps3832\",\r\n  \"name\": \"ps9556/ps3832\",\r\n  \"type\": \"Microsoft.NetApp/netAppAccounts/capacityPools\",\r\n  \"etag\": \"W/\\\"datetime'2020-09-07T14%3A36%3A33.6653819Z'\\\"\",\r\n  \"location\": \"westus2\",\r\n  \"properties\": {\r\n    \"poolId\": \"3798a9fc-7c90-92b0-f400-65ff84cbc006\",\r\n    \"serviceLevel\": \"Premium\",\r\n    \"size\": 4398046511104,\r\n    \"provisioningState\": \"Succeeded\"\r\n  }\r\n}",
      "StatusCode": 200
    },
    {
      "RequestUri": "/subscriptions/69a75bda-882e-44d5-8431-63421204132a/resourceGroups/ps7130/providers/Microsoft.NetApp/netAppAccounts/ps9556/capacityPools/ps3832?api-version=2020-02-01",
      "EncodedRequestUri": "L3N1YnNjcmlwdGlvbnMvNjlhNzViZGEtODgyZS00NGQ1LTg0MzEtNjM0MjEyMDQxMzJhL3Jlc291cmNlR3JvdXBzL3BzNzEzMC9wcm92aWRlcnMvTWljcm9zb2Z0Lk5ldEFwcC9uZXRBcHBBY2NvdW50cy9wczk1NTYvY2FwYWNpdHlQb29scy9wczM4MzI/YXBpLXZlcnNpb249MjAyMC0wMi0wMQ==",
      "RequestMethod": "GET",
      "RequestBody": "",
      "RequestHeaders": {
        "x-ms-client-request-id": [
          "7c69dcca-9092-4466-a2ae-b9fe5374b9a4"
        ],
        "Accept-Language": [
          "en-US"
        ],
        "User-Agent": [
          "FxVersion/4.6.29130.01",
          "OSName/Windows",
          "OSVersion/Microsoft.Windows.10.0.18363.",
          "Microsoft.Azure.Management.NetApp.AzureNetAppFilesManagementClient/1.6.0.0"
        ]
      },
      "ResponseHeaders": {
        "Cache-Control": [
          "no-cache"
        ],
        "Pragma": [
          "no-cache"
        ],
        "ETag": [
          "W/\"datetime'2020-09-07T14%3A36%3A33.6653819Z'\""
        ],
        "x-ms-request-id": [
          "c76048e3-bec7-400a-9b42-49c5984c52d2"
        ],
        "Request-Context": [
          "appId=cid-v1:2c4cb680-0a1f-424d-bb8d-8e650ba68d53"
        ],
        "Access-Control-Expose-Headers": [
          "Request-Context"
        ],
        "Server": [
          "Microsoft-IIS/10.0"
        ],
        "X-Powered-By": [
          "ASP.NET"
        ],
        "x-ms-ratelimit-remaining-subscription-reads": [
          "11987"
        ],
        "x-ms-correlation-request-id": [
          "f9556807-8844-45d3-85c6-dc66c4922242"
        ],
        "x-ms-routing-request-id": [
          "NORTHEUROPE:20200907T144041Z:f9556807-8844-45d3-85c6-dc66c4922242"
        ],
        "Strict-Transport-Security": [
          "max-age=31536000; includeSubDomains"
        ],
        "X-Content-Type-Options": [
          "nosniff"
        ],
        "Date": [
          "Mon, 07 Sep 2020 14:40:40 GMT"
        ],
        "Content-Length": [
          "450"
        ],
        "Content-Type": [
          "application/json; charset=utf-8"
        ],
        "Expires": [
          "-1"
        ]
      },
      "ResponseBody": "{\r\n  \"id\": \"/subscriptions/69a75bda-882e-44d5-8431-63421204132a/resourceGroups/ps7130/providers/Microsoft.NetApp/netAppAccounts/ps9556/capacityPools/ps3832\",\r\n  \"name\": \"ps9556/ps3832\",\r\n  \"type\": \"Microsoft.NetApp/netAppAccounts/capacityPools\",\r\n  \"etag\": \"W/\\\"datetime'2020-09-07T14%3A36%3A33.6653819Z'\\\"\",\r\n  \"location\": \"westus2\",\r\n  \"properties\": {\r\n    \"poolId\": \"3798a9fc-7c90-92b0-f400-65ff84cbc006\",\r\n    \"serviceLevel\": \"Premium\",\r\n    \"size\": 4398046511104,\r\n    \"provisioningState\": \"Succeeded\"\r\n  }\r\n}",
      "StatusCode": 200
    },
    {
      "RequestUri": "/subscriptions/69a75bda-882e-44d5-8431-63421204132a/resourceGroups/ps7130/providers/Microsoft.NetApp/netAppAccounts/ps9556/capacityPools/ps3832?api-version=2020-02-01",
      "EncodedRequestUri": "L3N1YnNjcmlwdGlvbnMvNjlhNzViZGEtODgyZS00NGQ1LTg0MzEtNjM0MjEyMDQxMzJhL3Jlc291cmNlR3JvdXBzL3BzNzEzMC9wcm92aWRlcnMvTWljcm9zb2Z0Lk5ldEFwcC9uZXRBcHBBY2NvdW50cy9wczk1NTYvY2FwYWNpdHlQb29scy9wczM4MzI/YXBpLXZlcnNpb249MjAyMC0wMi0wMQ==",
      "RequestMethod": "GET",
      "RequestBody": "",
      "RequestHeaders": {
        "x-ms-client-request-id": [
          "c44f79d1-1878-4641-b3cb-127f6cfe1b14"
        ],
        "Accept-Language": [
          "en-US"
        ],
        "User-Agent": [
          "FxVersion/4.6.29130.01",
          "OSName/Windows",
          "OSVersion/Microsoft.Windows.10.0.18363.",
          "Microsoft.Azure.Management.NetApp.AzureNetAppFilesManagementClient/1.6.0.0"
        ]
      },
      "ResponseHeaders": {
        "Cache-Control": [
          "no-cache"
        ],
        "Pragma": [
          "no-cache"
        ],
        "ETag": [
          "W/\"datetime'2020-09-07T14%3A36%3A33.6653819Z'\""
        ],
        "x-ms-request-id": [
          "fd58f46b-2369-4991-9781-f57e898cf376"
        ],
        "Request-Context": [
          "appId=cid-v1:2c4cb680-0a1f-424d-bb8d-8e650ba68d53"
        ],
        "Access-Control-Expose-Headers": [
          "Request-Context"
        ],
        "Server": [
          "Microsoft-IIS/10.0"
        ],
        "X-Powered-By": [
          "ASP.NET"
        ],
        "x-ms-ratelimit-remaining-subscription-reads": [
          "11979"
        ],
        "x-ms-correlation-request-id": [
          "50025cf1-8a27-48e5-a45f-a55f60adb627"
        ],
        "x-ms-routing-request-id": [
          "NORTHEUROPE:20200907T144225Z:50025cf1-8a27-48e5-a45f-a55f60adb627"
        ],
        "Strict-Transport-Security": [
          "max-age=31536000; includeSubDomains"
        ],
        "X-Content-Type-Options": [
          "nosniff"
        ],
        "Date": [
          "Mon, 07 Sep 2020 14:42:24 GMT"
        ],
        "Content-Length": [
          "450"
        ],
        "Content-Type": [
          "application/json; charset=utf-8"
        ],
        "Expires": [
          "-1"
        ]
      },
      "ResponseBody": "{\r\n  \"id\": \"/subscriptions/69a75bda-882e-44d5-8431-63421204132a/resourceGroups/ps7130/providers/Microsoft.NetApp/netAppAccounts/ps9556/capacityPools/ps3832\",\r\n  \"name\": \"ps9556/ps3832\",\r\n  \"type\": \"Microsoft.NetApp/netAppAccounts/capacityPools\",\r\n  \"etag\": \"W/\\\"datetime'2020-09-07T14%3A36%3A33.6653819Z'\\\"\",\r\n  \"location\": \"westus2\",\r\n  \"properties\": {\r\n    \"poolId\": \"3798a9fc-7c90-92b0-f400-65ff84cbc006\",\r\n    \"serviceLevel\": \"Premium\",\r\n    \"size\": 4398046511104,\r\n    \"provisioningState\": \"Succeeded\"\r\n  }\r\n}",
      "StatusCode": 200
    },
    {
      "RequestUri": "/subscriptions/69a75bda-882e-44d5-8431-63421204132a/resourceGroups/ps7130/providers/Microsoft.NetApp/netAppAccounts/ps9556/capacityPools/ps3832/volumes/ps6277?api-version=2020-02-01",
      "EncodedRequestUri": "L3N1YnNjcmlwdGlvbnMvNjlhNzViZGEtODgyZS00NGQ1LTg0MzEtNjM0MjEyMDQxMzJhL3Jlc291cmNlR3JvdXBzL3BzNzEzMC9wcm92aWRlcnMvTWljcm9zb2Z0Lk5ldEFwcC9uZXRBcHBBY2NvdW50cy9wczk1NTYvY2FwYWNpdHlQb29scy9wczM4MzIvdm9sdW1lcy9wczYyNzc/YXBpLXZlcnNpb249MjAyMC0wMi0wMQ==",
      "RequestMethod": "PUT",
      "RequestBody": "{\r\n  \"location\": \"westus2\",\r\n  \"properties\": {\r\n    \"creationToken\": \"ps6277\",\r\n    \"serviceLevel\": \"Premium\",\r\n    \"usageThreshold\": 107374182400,\r\n    \"subnetId\": \"/subscriptions/69a75bda-882e-44d5-8431-63421204132a/resourceGroups/ps7130/providers/Microsoft.Network/virtualNetworks/ps7130-vnet/subnets/default\"\r\n  }\r\n}",
      "RequestHeaders": {
        "x-ms-client-request-id": [
          "82418923-76d5-4aea-9d10-f08004d7e59d"
        ],
        "Accept-Language": [
          "en-US"
        ],
        "User-Agent": [
          "FxVersion/4.6.29130.01",
          "OSName/Windows",
          "OSVersion/Microsoft.Windows.10.0.18363.",
          "Microsoft.Azure.Management.NetApp.AzureNetAppFilesManagementClient/1.6.0.0"
        ],
        "Content-Type": [
          "application/json; charset=utf-8"
        ],
        "Content-Length": [
          "320"
        ]
      },
      "ResponseHeaders": {
        "Cache-Control": [
          "no-cache"
        ],
        "Pragma": [
          "no-cache"
        ],
        "ETag": [
          "W/\"datetime'2020-09-07T14%3A37%3A07.9426909Z'\""
        ],
        "x-ms-request-id": [
          "c237c526-3619-4bbf-8d6a-0f4d97f22f57"
        ],
        "Azure-AsyncOperation": [
          "https://management.azure.com/subscriptions/69a75bda-882e-44d5-8431-63421204132a/providers/Microsoft.NetApp/locations/westus2/operationResults/312047cc-9e6b-462a-ac2c-611295322897?api-version=2020-02-01"
        ],
        "Request-Context": [
          "appId=cid-v1:2c4cb680-0a1f-424d-bb8d-8e650ba68d53"
        ],
        "Access-Control-Expose-Headers": [
          "Request-Context"
        ],
        "Server": [
          "Microsoft-IIS/10.0"
        ],
        "X-Powered-By": [
          "ASP.NET"
        ],
        "x-ms-ratelimit-remaining-subscription-writes": [
          "1197"
        ],
        "x-ms-correlation-request-id": [
          "156765da-09f0-4bc4-bcd2-7e29a4e22503"
        ],
        "x-ms-routing-request-id": [
          "NORTHEUROPE:20200907T143708Z:156765da-09f0-4bc4-bcd2-7e29a4e22503"
        ],
        "Strict-Transport-Security": [
          "max-age=31536000; includeSubDomains"
        ],
        "X-Content-Type-Options": [
          "nosniff"
        ],
        "Date": [
          "Mon, 07 Sep 2020 14:37:08 GMT"
        ],
        "Content-Length": [
          "624"
        ],
        "Content-Type": [
          "application/json; charset=utf-8"
        ],
        "Expires": [
          "-1"
        ]
      },
      "ResponseBody": "{\r\n  \"id\": \"/subscriptions/69a75bda-882e-44d5-8431-63421204132a/resourceGroups/ps7130/providers/Microsoft.NetApp/netAppAccounts/ps9556/capacityPools/ps3832/volumes/ps6277\",\r\n  \"name\": \"ps9556/ps3832/ps6277\",\r\n  \"type\": \"Microsoft.NetApp/netAppAccounts/capacityPools/volumes\",\r\n  \"etag\": \"W/\\\"datetime'2020-09-07T14%3A37%3A07.9426909Z'\\\"\",\r\n  \"location\": \"westus2\",\r\n  \"properties\": {\r\n    \"serviceLevel\": \"Premium\",\r\n    \"creationToken\": \"ps6277\",\r\n    \"usageThreshold\": 107374182400,\r\n    \"subnetId\": \"/subscriptions/69a75bda-882e-44d5-8431-63421204132a/resourceGroups/ps7130/providers/Microsoft.Network/virtualNetworks/ps7130-vnet/subnets/default\",\r\n    \"provisioningState\": \"Creating\"\r\n  }\r\n}",
      "StatusCode": 201
    },
    {
      "RequestUri": "/subscriptions/69a75bda-882e-44d5-8431-63421204132a/providers/Microsoft.NetApp/locations/westus2/operationResults/312047cc-9e6b-462a-ac2c-611295322897?api-version=2020-02-01",
      "EncodedRequestUri": "L3N1YnNjcmlwdGlvbnMvNjlhNzViZGEtODgyZS00NGQ1LTg0MzEtNjM0MjEyMDQxMzJhL3Byb3ZpZGVycy9NaWNyb3NvZnQuTmV0QXBwL2xvY2F0aW9ucy93ZXN0dXMyL29wZXJhdGlvblJlc3VsdHMvMzEyMDQ3Y2MtOWU2Yi00NjJhLWFjMmMtNjExMjk1MzIyODk3P2FwaS12ZXJzaW9uPTIwMjAtMDItMDE=",
      "RequestMethod": "GET",
      "RequestBody": "",
      "RequestHeaders": {
        "User-Agent": [
          "FxVersion/4.6.29130.01",
          "OSName/Windows",
          "OSVersion/Microsoft.Windows.10.0.18363.",
          "Microsoft.Azure.Management.NetApp.AzureNetAppFilesManagementClient/1.6.0.0"
        ]
      },
      "ResponseHeaders": {
        "Cache-Control": [
          "no-cache"
        ],
        "Pragma": [
          "no-cache"
        ],
        "x-ms-request-id": [
          "8b4cbee1-0c30-47ff-b487-be338082ef09"
        ],
        "Request-Context": [
          "appId=cid-v1:2c4cb680-0a1f-424d-bb8d-8e650ba68d53"
        ],
        "Access-Control-Expose-Headers": [
          "Request-Context"
        ],
        "Server": [
          "Microsoft-IIS/10.0"
        ],
        "X-Powered-By": [
          "ASP.NET"
        ],
        "x-ms-ratelimit-remaining-subscription-reads": [
          "11995"
        ],
        "x-ms-correlation-request-id": [
          "0581f383-b3fa-41c8-a6c9-c962729dfcea"
        ],
        "x-ms-routing-request-id": [
          "NORTHEUROPE:20200907T143739Z:0581f383-b3fa-41c8-a6c9-c962729dfcea"
        ],
        "Strict-Transport-Security": [
          "max-age=31536000; includeSubDomains"
        ],
        "X-Content-Type-Options": [
          "nosniff"
        ],
        "Date": [
          "Mon, 07 Sep 2020 14:37:38 GMT"
        ],
        "Content-Length": [
          "514"
        ],
        "Content-Type": [
          "application/json; charset=utf-8"
        ],
        "Expires": [
          "-1"
        ]
      },
      "ResponseBody": "{\r\n  \"id\": \"/subscriptions/69a75bda-882e-44d5-8431-63421204132a/providers/Microsoft.NetApp/locations/westus2/operationResults/312047cc-9e6b-462a-ac2c-611295322897\",\r\n  \"name\": \"312047cc-9e6b-462a-ac2c-611295322897\",\r\n  \"status\": \"Creating\",\r\n  \"startTime\": \"2020-09-07T14:37:07.8829658Z\",\r\n  \"endTime\": \"0001-01-01T00:00:00Z\",\r\n  \"percentComplete\": 0.0,\r\n  \"properties\": {\r\n    \"resourceName\": \"/subscriptions/69a75bda-882e-44d5-8431-63421204132a/resourceGroups/ps7130/providers/Microsoft.NetApp/netAppAccounts/ps9556/capacityPools/ps3832/volumes/ps6277\"\r\n  }\r\n}",
      "StatusCode": 200
    },
    {
      "RequestUri": "/subscriptions/69a75bda-882e-44d5-8431-63421204132a/providers/Microsoft.NetApp/locations/westus2/operationResults/312047cc-9e6b-462a-ac2c-611295322897?api-version=2020-02-01",
      "EncodedRequestUri": "L3N1YnNjcmlwdGlvbnMvNjlhNzViZGEtODgyZS00NGQ1LTg0MzEtNjM0MjEyMDQxMzJhL3Byb3ZpZGVycy9NaWNyb3NvZnQuTmV0QXBwL2xvY2F0aW9ucy93ZXN0dXMyL29wZXJhdGlvblJlc3VsdHMvMzEyMDQ3Y2MtOWU2Yi00NjJhLWFjMmMtNjExMjk1MzIyODk3P2FwaS12ZXJzaW9uPTIwMjAtMDItMDE=",
      "RequestMethod": "GET",
      "RequestBody": "",
      "RequestHeaders": {
        "User-Agent": [
          "FxVersion/4.6.29130.01",
          "OSName/Windows",
          "OSVersion/Microsoft.Windows.10.0.18363.",
          "Microsoft.Azure.Management.NetApp.AzureNetAppFilesManagementClient/1.6.0.0"
        ]
      },
      "ResponseHeaders": {
        "Cache-Control": [
          "no-cache"
        ],
        "Pragma": [
          "no-cache"
        ],
        "x-ms-request-id": [
          "cfcdb943-bbf5-4c4b-9278-02684db70b70"
        ],
        "Request-Context": [
          "appId=cid-v1:2c4cb680-0a1f-424d-bb8d-8e650ba68d53"
        ],
        "Access-Control-Expose-Headers": [
          "Request-Context"
        ],
        "Server": [
          "Microsoft-IIS/10.0"
        ],
        "X-Powered-By": [
          "ASP.NET"
        ],
        "x-ms-ratelimit-remaining-subscription-reads": [
          "11994"
        ],
        "x-ms-correlation-request-id": [
          "cb3b4e90-6771-488c-9708-633653a7c035"
        ],
        "x-ms-routing-request-id": [
          "NORTHEUROPE:20200907T143809Z:cb3b4e90-6771-488c-9708-633653a7c035"
        ],
        "Strict-Transport-Security": [
          "max-age=31536000; includeSubDomains"
        ],
        "X-Content-Type-Options": [
          "nosniff"
        ],
        "Date": [
          "Mon, 07 Sep 2020 14:38:09 GMT"
        ],
        "Content-Length": [
          "514"
        ],
        "Content-Type": [
          "application/json; charset=utf-8"
        ],
        "Expires": [
          "-1"
        ]
      },
      "ResponseBody": "{\r\n  \"id\": \"/subscriptions/69a75bda-882e-44d5-8431-63421204132a/providers/Microsoft.NetApp/locations/westus2/operationResults/312047cc-9e6b-462a-ac2c-611295322897\",\r\n  \"name\": \"312047cc-9e6b-462a-ac2c-611295322897\",\r\n  \"status\": \"Creating\",\r\n  \"startTime\": \"2020-09-07T14:37:07.8829658Z\",\r\n  \"endTime\": \"0001-01-01T00:00:00Z\",\r\n  \"percentComplete\": 0.0,\r\n  \"properties\": {\r\n    \"resourceName\": \"/subscriptions/69a75bda-882e-44d5-8431-63421204132a/resourceGroups/ps7130/providers/Microsoft.NetApp/netAppAccounts/ps9556/capacityPools/ps3832/volumes/ps6277\"\r\n  }\r\n}",
      "StatusCode": 200
    },
    {
      "RequestUri": "/subscriptions/69a75bda-882e-44d5-8431-63421204132a/providers/Microsoft.NetApp/locations/westus2/operationResults/312047cc-9e6b-462a-ac2c-611295322897?api-version=2020-02-01",
      "EncodedRequestUri": "L3N1YnNjcmlwdGlvbnMvNjlhNzViZGEtODgyZS00NGQ1LTg0MzEtNjM0MjEyMDQxMzJhL3Byb3ZpZGVycy9NaWNyb3NvZnQuTmV0QXBwL2xvY2F0aW9ucy93ZXN0dXMyL29wZXJhdGlvblJlc3VsdHMvMzEyMDQ3Y2MtOWU2Yi00NjJhLWFjMmMtNjExMjk1MzIyODk3P2FwaS12ZXJzaW9uPTIwMjAtMDItMDE=",
      "RequestMethod": "GET",
      "RequestBody": "",
      "RequestHeaders": {
        "User-Agent": [
          "FxVersion/4.6.29130.01",
          "OSName/Windows",
          "OSVersion/Microsoft.Windows.10.0.18363.",
          "Microsoft.Azure.Management.NetApp.AzureNetAppFilesManagementClient/1.6.0.0"
        ]
      },
      "ResponseHeaders": {
        "Cache-Control": [
          "no-cache"
        ],
        "Pragma": [
          "no-cache"
        ],
        "x-ms-request-id": [
          "c39e953f-f2a0-40b4-9cab-f3fb47bf2be6"
        ],
        "Request-Context": [
          "appId=cid-v1:2c4cb680-0a1f-424d-bb8d-8e650ba68d53"
        ],
        "Access-Control-Expose-Headers": [
          "Request-Context"
        ],
        "Server": [
          "Microsoft-IIS/10.0"
        ],
        "X-Powered-By": [
          "ASP.NET"
        ],
        "x-ms-ratelimit-remaining-subscription-reads": [
          "11993"
        ],
        "x-ms-correlation-request-id": [
          "b9e0318c-2673-414a-a380-42ac8f116ab6"
        ],
        "x-ms-routing-request-id": [
          "NORTHEUROPE:20200907T143839Z:b9e0318c-2673-414a-a380-42ac8f116ab6"
        ],
        "Strict-Transport-Security": [
          "max-age=31536000; includeSubDomains"
        ],
        "X-Content-Type-Options": [
          "nosniff"
        ],
        "Date": [
          "Mon, 07 Sep 2020 14:38:39 GMT"
        ],
        "Content-Length": [
          "514"
        ],
        "Content-Type": [
          "application/json; charset=utf-8"
        ],
        "Expires": [
          "-1"
        ]
      },
      "ResponseBody": "{\r\n  \"id\": \"/subscriptions/69a75bda-882e-44d5-8431-63421204132a/providers/Microsoft.NetApp/locations/westus2/operationResults/312047cc-9e6b-462a-ac2c-611295322897\",\r\n  \"name\": \"312047cc-9e6b-462a-ac2c-611295322897\",\r\n  \"status\": \"Creating\",\r\n  \"startTime\": \"2020-09-07T14:37:07.8829658Z\",\r\n  \"endTime\": \"0001-01-01T00:00:00Z\",\r\n  \"percentComplete\": 0.0,\r\n  \"properties\": {\r\n    \"resourceName\": \"/subscriptions/69a75bda-882e-44d5-8431-63421204132a/resourceGroups/ps7130/providers/Microsoft.NetApp/netAppAccounts/ps9556/capacityPools/ps3832/volumes/ps6277\"\r\n  }\r\n}",
      "StatusCode": 200
    },
    {
      "RequestUri": "/subscriptions/69a75bda-882e-44d5-8431-63421204132a/providers/Microsoft.NetApp/locations/westus2/operationResults/312047cc-9e6b-462a-ac2c-611295322897?api-version=2020-02-01",
      "EncodedRequestUri": "L3N1YnNjcmlwdGlvbnMvNjlhNzViZGEtODgyZS00NGQ1LTg0MzEtNjM0MjEyMDQxMzJhL3Byb3ZpZGVycy9NaWNyb3NvZnQuTmV0QXBwL2xvY2F0aW9ucy93ZXN0dXMyL29wZXJhdGlvblJlc3VsdHMvMzEyMDQ3Y2MtOWU2Yi00NjJhLWFjMmMtNjExMjk1MzIyODk3P2FwaS12ZXJzaW9uPTIwMjAtMDItMDE=",
      "RequestMethod": "GET",
      "RequestBody": "",
      "RequestHeaders": {
        "User-Agent": [
          "FxVersion/4.6.29130.01",
          "OSName/Windows",
          "OSVersion/Microsoft.Windows.10.0.18363.",
          "Microsoft.Azure.Management.NetApp.AzureNetAppFilesManagementClient/1.6.0.0"
        ]
      },
      "ResponseHeaders": {
        "Cache-Control": [
          "no-cache"
        ],
        "Pragma": [
          "no-cache"
        ],
        "x-ms-request-id": [
          "3843a6fb-1e26-489b-bc77-578c1ee60c9e"
        ],
        "Request-Context": [
          "appId=cid-v1:2c4cb680-0a1f-424d-bb8d-8e650ba68d53"
        ],
        "Access-Control-Expose-Headers": [
          "Request-Context"
        ],
        "Server": [
          "Microsoft-IIS/10.0"
        ],
        "X-Powered-By": [
          "ASP.NET"
        ],
        "x-ms-ratelimit-remaining-subscription-reads": [
          "11992"
        ],
        "x-ms-correlation-request-id": [
          "57bafc62-b1f8-44d8-80a3-3f35315e88eb"
        ],
        "x-ms-routing-request-id": [
          "NORTHEUROPE:20200907T143909Z:57bafc62-b1f8-44d8-80a3-3f35315e88eb"
        ],
        "Strict-Transport-Security": [
          "max-age=31536000; includeSubDomains"
        ],
        "X-Content-Type-Options": [
          "nosniff"
        ],
        "Date": [
          "Mon, 07 Sep 2020 14:39:09 GMT"
        ],
        "Content-Length": [
          "514"
        ],
        "Content-Type": [
          "application/json; charset=utf-8"
        ],
        "Expires": [
          "-1"
        ]
      },
      "ResponseBody": "{\r\n  \"id\": \"/subscriptions/69a75bda-882e-44d5-8431-63421204132a/providers/Microsoft.NetApp/locations/westus2/operationResults/312047cc-9e6b-462a-ac2c-611295322897\",\r\n  \"name\": \"312047cc-9e6b-462a-ac2c-611295322897\",\r\n  \"status\": \"Creating\",\r\n  \"startTime\": \"2020-09-07T14:37:07.8829658Z\",\r\n  \"endTime\": \"0001-01-01T00:00:00Z\",\r\n  \"percentComplete\": 0.0,\r\n  \"properties\": {\r\n    \"resourceName\": \"/subscriptions/69a75bda-882e-44d5-8431-63421204132a/resourceGroups/ps7130/providers/Microsoft.NetApp/netAppAccounts/ps9556/capacityPools/ps3832/volumes/ps6277\"\r\n  }\r\n}",
      "StatusCode": 200
    },
    {
      "RequestUri": "/subscriptions/69a75bda-882e-44d5-8431-63421204132a/providers/Microsoft.NetApp/locations/westus2/operationResults/312047cc-9e6b-462a-ac2c-611295322897?api-version=2020-02-01",
      "EncodedRequestUri": "L3N1YnNjcmlwdGlvbnMvNjlhNzViZGEtODgyZS00NGQ1LTg0MzEtNjM0MjEyMDQxMzJhL3Byb3ZpZGVycy9NaWNyb3NvZnQuTmV0QXBwL2xvY2F0aW9ucy93ZXN0dXMyL29wZXJhdGlvblJlc3VsdHMvMzEyMDQ3Y2MtOWU2Yi00NjJhLWFjMmMtNjExMjk1MzIyODk3P2FwaS12ZXJzaW9uPTIwMjAtMDItMDE=",
      "RequestMethod": "GET",
      "RequestBody": "",
      "RequestHeaders": {
        "User-Agent": [
          "FxVersion/4.6.29130.01",
          "OSName/Windows",
          "OSVersion/Microsoft.Windows.10.0.18363.",
          "Microsoft.Azure.Management.NetApp.AzureNetAppFilesManagementClient/1.6.0.0"
        ]
      },
      "ResponseHeaders": {
        "Cache-Control": [
          "no-cache"
        ],
        "Pragma": [
          "no-cache"
        ],
        "x-ms-request-id": [
          "851bab66-4bf0-488c-8565-8241ca03e1a4"
        ],
        "Request-Context": [
          "appId=cid-v1:2c4cb680-0a1f-424d-bb8d-8e650ba68d53"
        ],
        "Access-Control-Expose-Headers": [
          "Request-Context"
        ],
        "Server": [
          "Microsoft-IIS/10.0"
        ],
        "X-Powered-By": [
          "ASP.NET"
        ],
        "x-ms-ratelimit-remaining-subscription-reads": [
          "11991"
        ],
        "x-ms-correlation-request-id": [
          "f1f1bd1c-ff44-41d7-bcaf-3c308014a689"
        ],
        "x-ms-routing-request-id": [
          "NORTHEUROPE:20200907T143940Z:f1f1bd1c-ff44-41d7-bcaf-3c308014a689"
        ],
        "Strict-Transport-Security": [
          "max-age=31536000; includeSubDomains"
        ],
        "X-Content-Type-Options": [
          "nosniff"
        ],
        "Date": [
          "Mon, 07 Sep 2020 14:39:39 GMT"
        ],
        "Content-Length": [
          "514"
        ],
        "Content-Type": [
          "application/json; charset=utf-8"
        ],
        "Expires": [
          "-1"
        ]
      },
      "ResponseBody": "{\r\n  \"id\": \"/subscriptions/69a75bda-882e-44d5-8431-63421204132a/providers/Microsoft.NetApp/locations/westus2/operationResults/312047cc-9e6b-462a-ac2c-611295322897\",\r\n  \"name\": \"312047cc-9e6b-462a-ac2c-611295322897\",\r\n  \"status\": \"Creating\",\r\n  \"startTime\": \"2020-09-07T14:37:07.8829658Z\",\r\n  \"endTime\": \"0001-01-01T00:00:00Z\",\r\n  \"percentComplete\": 0.0,\r\n  \"properties\": {\r\n    \"resourceName\": \"/subscriptions/69a75bda-882e-44d5-8431-63421204132a/resourceGroups/ps7130/providers/Microsoft.NetApp/netAppAccounts/ps9556/capacityPools/ps3832/volumes/ps6277\"\r\n  }\r\n}",
      "StatusCode": 200
    },
    {
      "RequestUri": "/subscriptions/69a75bda-882e-44d5-8431-63421204132a/providers/Microsoft.NetApp/locations/westus2/operationResults/312047cc-9e6b-462a-ac2c-611295322897?api-version=2020-02-01",
      "EncodedRequestUri": "L3N1YnNjcmlwdGlvbnMvNjlhNzViZGEtODgyZS00NGQ1LTg0MzEtNjM0MjEyMDQxMzJhL3Byb3ZpZGVycy9NaWNyb3NvZnQuTmV0QXBwL2xvY2F0aW9ucy93ZXN0dXMyL29wZXJhdGlvblJlc3VsdHMvMzEyMDQ3Y2MtOWU2Yi00NjJhLWFjMmMtNjExMjk1MzIyODk3P2FwaS12ZXJzaW9uPTIwMjAtMDItMDE=",
      "RequestMethod": "GET",
      "RequestBody": "",
      "RequestHeaders": {
        "User-Agent": [
          "FxVersion/4.6.29130.01",
          "OSName/Windows",
          "OSVersion/Microsoft.Windows.10.0.18363.",
          "Microsoft.Azure.Management.NetApp.AzureNetAppFilesManagementClient/1.6.0.0"
        ]
      },
      "ResponseHeaders": {
        "Cache-Control": [
          "no-cache"
        ],
        "Pragma": [
          "no-cache"
        ],
        "x-ms-request-id": [
          "cefa3b96-2e02-47d4-a0a9-58e0fc6d4419"
        ],
        "Request-Context": [
          "appId=cid-v1:2c4cb680-0a1f-424d-bb8d-8e650ba68d53"
        ],
        "Access-Control-Expose-Headers": [
          "Request-Context"
        ],
        "Server": [
          "Microsoft-IIS/10.0"
        ],
        "X-Powered-By": [
          "ASP.NET"
        ],
        "x-ms-ratelimit-remaining-subscription-reads": [
          "11990"
        ],
        "x-ms-correlation-request-id": [
          "0d706a1d-1853-4201-beab-fb9bb70a0a47"
        ],
        "x-ms-routing-request-id": [
          "NORTHEUROPE:20200907T144010Z:0d706a1d-1853-4201-beab-fb9bb70a0a47"
        ],
        "Strict-Transport-Security": [
          "max-age=31536000; includeSubDomains"
        ],
        "X-Content-Type-Options": [
          "nosniff"
        ],
        "Date": [
          "Mon, 07 Sep 2020 14:40:09 GMT"
        ],
        "Content-Length": [
          "514"
        ],
        "Content-Type": [
          "application/json; charset=utf-8"
        ],
        "Expires": [
          "-1"
        ]
      },
      "ResponseBody": "{\r\n  \"id\": \"/subscriptions/69a75bda-882e-44d5-8431-63421204132a/providers/Microsoft.NetApp/locations/westus2/operationResults/312047cc-9e6b-462a-ac2c-611295322897\",\r\n  \"name\": \"312047cc-9e6b-462a-ac2c-611295322897\",\r\n  \"status\": \"Creating\",\r\n  \"startTime\": \"2020-09-07T14:37:07.8829658Z\",\r\n  \"endTime\": \"0001-01-01T00:00:00Z\",\r\n  \"percentComplete\": 0.0,\r\n  \"properties\": {\r\n    \"resourceName\": \"/subscriptions/69a75bda-882e-44d5-8431-63421204132a/resourceGroups/ps7130/providers/Microsoft.NetApp/netAppAccounts/ps9556/capacityPools/ps3832/volumes/ps6277\"\r\n  }\r\n}",
      "StatusCode": 200
    },
    {
      "RequestUri": "/subscriptions/69a75bda-882e-44d5-8431-63421204132a/providers/Microsoft.NetApp/locations/westus2/operationResults/312047cc-9e6b-462a-ac2c-611295322897?api-version=2020-02-01",
      "EncodedRequestUri": "L3N1YnNjcmlwdGlvbnMvNjlhNzViZGEtODgyZS00NGQ1LTg0MzEtNjM0MjEyMDQxMzJhL3Byb3ZpZGVycy9NaWNyb3NvZnQuTmV0QXBwL2xvY2F0aW9ucy93ZXN0dXMyL29wZXJhdGlvblJlc3VsdHMvMzEyMDQ3Y2MtOWU2Yi00NjJhLWFjMmMtNjExMjk1MzIyODk3P2FwaS12ZXJzaW9uPTIwMjAtMDItMDE=",
      "RequestMethod": "GET",
      "RequestBody": "",
      "RequestHeaders": {
        "User-Agent": [
          "FxVersion/4.6.29130.01",
          "OSName/Windows",
          "OSVersion/Microsoft.Windows.10.0.18363.",
          "Microsoft.Azure.Management.NetApp.AzureNetAppFilesManagementClient/1.6.0.0"
        ]
      },
      "ResponseHeaders": {
        "Cache-Control": [
          "no-cache"
        ],
        "Pragma": [
          "no-cache"
        ],
        "x-ms-request-id": [
          "e43c4baa-f3ba-4054-bf73-0d9b89c128c9"
        ],
        "Request-Context": [
          "appId=cid-v1:2c4cb680-0a1f-424d-bb8d-8e650ba68d53"
        ],
        "Access-Control-Expose-Headers": [
          "Request-Context"
        ],
        "Server": [
          "Microsoft-IIS/10.0"
        ],
        "X-Powered-By": [
          "ASP.NET"
        ],
        "x-ms-ratelimit-remaining-subscription-reads": [
          "11989"
        ],
        "x-ms-correlation-request-id": [
          "9bacbbd5-0e75-41f0-8d6d-5d1d3600cfe5"
        ],
        "x-ms-routing-request-id": [
          "NORTHEUROPE:20200907T144040Z:9bacbbd5-0e75-41f0-8d6d-5d1d3600cfe5"
        ],
        "Strict-Transport-Security": [
          "max-age=31536000; includeSubDomains"
        ],
        "X-Content-Type-Options": [
          "nosniff"
        ],
        "Date": [
          "Mon, 07 Sep 2020 14:40:40 GMT"
        ],
        "Content-Length": [
          "524"
        ],
        "Content-Type": [
          "application/json; charset=utf-8"
        ],
        "Expires": [
          "-1"
        ]
      },
      "ResponseBody": "{\r\n  \"id\": \"/subscriptions/69a75bda-882e-44d5-8431-63421204132a/providers/Microsoft.NetApp/locations/westus2/operationResults/312047cc-9e6b-462a-ac2c-611295322897\",\r\n  \"name\": \"312047cc-9e6b-462a-ac2c-611295322897\",\r\n  \"status\": \"Succeeded\",\r\n  \"startTime\": \"2020-09-07T14:37:07.8829658Z\",\r\n  \"endTime\": \"2020-09-07T14:40:19.257672Z\",\r\n  \"percentComplete\": 100.0,\r\n  \"properties\": {\r\n    \"resourceName\": \"/subscriptions/69a75bda-882e-44d5-8431-63421204132a/resourceGroups/ps7130/providers/Microsoft.NetApp/netAppAccounts/ps9556/capacityPools/ps3832/volumes/ps6277\"\r\n  }\r\n}",
      "StatusCode": 200
    },
    {
      "RequestUri": "/subscriptions/69a75bda-882e-44d5-8431-63421204132a/resourceGroups/ps7130/providers/Microsoft.NetApp/netAppAccounts/ps9556/capacityPools/ps3832/volumes/ps6277?api-version=2020-02-01",
      "EncodedRequestUri": "L3N1YnNjcmlwdGlvbnMvNjlhNzViZGEtODgyZS00NGQ1LTg0MzEtNjM0MjEyMDQxMzJhL3Jlc291cmNlR3JvdXBzL3BzNzEzMC9wcm92aWRlcnMvTWljcm9zb2Z0Lk5ldEFwcC9uZXRBcHBBY2NvdW50cy9wczk1NTYvY2FwYWNpdHlQb29scy9wczM4MzIvdm9sdW1lcy9wczYyNzc/YXBpLXZlcnNpb249MjAyMC0wMi0wMQ==",
      "RequestMethod": "GET",
      "RequestBody": "",
      "RequestHeaders": {
        "User-Agent": [
          "FxVersion/4.6.29130.01",
          "OSName/Windows",
          "OSVersion/Microsoft.Windows.10.0.18363.",
          "Microsoft.Azure.Management.NetApp.AzureNetAppFilesManagementClient/1.6.0.0"
        ]
      },
      "ResponseHeaders": {
        "Cache-Control": [
          "no-cache"
        ],
        "Pragma": [
          "no-cache"
        ],
        "ETag": [
          "W/\"datetime'2020-09-07T14%3A40%3A19.2553836Z'\""
        ],
        "x-ms-request-id": [
          "1f468e57-7867-4f20-ac35-4c8495bff4af"
        ],
        "Request-Context": [
          "appId=cid-v1:2c4cb680-0a1f-424d-bb8d-8e650ba68d53"
        ],
        "Access-Control-Expose-Headers": [
          "Request-Context"
        ],
        "Server": [
          "Microsoft-IIS/10.0"
        ],
        "X-Powered-By": [
          "ASP.NET"
        ],
        "x-ms-ratelimit-remaining-subscription-reads": [
          "11988"
        ],
        "x-ms-correlation-request-id": [
          "e7d737f2-cbf5-401c-8927-8079ac9bdd34"
        ],
        "x-ms-routing-request-id": [
          "NORTHEUROPE:20200907T144040Z:e7d737f2-cbf5-401c-8927-8079ac9bdd34"
        ],
        "Strict-Transport-Security": [
          "max-age=31536000; includeSubDomains"
        ],
        "X-Content-Type-Options": [
          "nosniff"
        ],
        "Date": [
          "Mon, 07 Sep 2020 14:40:40 GMT"
        ],
        "Content-Length": [
          "1256"
        ],
        "Content-Type": [
          "application/json; charset=utf-8"
        ],
        "Expires": [
          "-1"
        ]
      },
      "ResponseBody": "{\r\n  \"id\": \"/subscriptions/69a75bda-882e-44d5-8431-63421204132a/resourceGroups/ps7130/providers/Microsoft.NetApp/netAppAccounts/ps9556/capacityPools/ps3832/volumes/ps6277\",\r\n  \"name\": \"ps9556/ps3832/ps6277\",\r\n  \"type\": \"Microsoft.NetApp/netAppAccounts/capacityPools/volumes\",\r\n  \"etag\": \"W/\\\"datetime'2020-09-07T14%3A40%3A19.2553836Z'\\\"\",\r\n  \"location\": \"westus2\",\r\n  \"properties\": {\r\n    \"mountTargets\": [\r\n      {\r\n        \"provisioningState\": \"\",\r\n        \"mountTargetId\": \"8e9d246b-611e-75a5-95f8-a199faa13de2\",\r\n        \"fileSystemId\": \"8e9d246b-611e-75a5-95f8-a199faa13de2\",\r\n        \"startIp\": \"\",\r\n        \"endIp\": \"\",\r\n        \"gateway\": \"\",\r\n        \"netmask\": \"\",\r\n        \"subnet\": \"\",\r\n        \"ipAddress\": \"10.0.1.4\"\r\n      }\r\n    ],\r\n    \"provisioningState\": \"Succeeded\",\r\n    \"fileSystemId\": \"8e9d246b-611e-75a5-95f8-a199faa13de2\",\r\n    \"name\": \"ps6277\",\r\n    \"serviceLevel\": \"Premium\",\r\n    \"creationToken\": \"ps6277\",\r\n    \"usageThreshold\": 107374182400,\r\n    \"usedBytes\": 0,\r\n    \"exportPolicy\": {\r\n      \"rules\": [\r\n        {\r\n          \"ruleIndex\": 1,\r\n          \"unixReadOnly\": false,\r\n          \"unixReadWrite\": true,\r\n          \"cifs\": false,\r\n          \"nfsv3\": true,\r\n          \"nfsv4\": false,\r\n          \"nfsv41\": false,\r\n          \"allowedClients\": \"0.0.0.0/0\"\r\n        }\r\n      ]\r\n    },\r\n    \"protocolTypes\": [\r\n      \"NFSv3\"\r\n    ],\r\n    \"baremetalTenantId\": \"baremetalTenant_svm_8f82c7b40509489d9e97d719b9b955b4_50d4a829\",\r\n    \"subnetId\": \"/subscriptions/69a75bda-882e-44d5-8431-63421204132a/resourceGroups/ps7130/providers/Microsoft.Network/virtualNetworks/ps7130-vnet/subnets/default\",\r\n    \"snapshotDirectoryVisible\": true\r\n  }\r\n}",
      "StatusCode": 200
    },
    {
      "RequestUri": "/subscriptions/69a75bda-882e-44d5-8431-63421204132a/resourceGroups/ps7130/providers/Microsoft.NetApp/netAppAccounts/ps9556/capacityPools/ps3832/volumes/ps6277?api-version=2020-02-01",
      "EncodedRequestUri": "L3N1YnNjcmlwdGlvbnMvNjlhNzViZGEtODgyZS00NGQ1LTg0MzEtNjM0MjEyMDQxMzJhL3Jlc291cmNlR3JvdXBzL3BzNzEzMC9wcm92aWRlcnMvTWljcm9zb2Z0Lk5ldEFwcC9uZXRBcHBBY2NvdW50cy9wczk1NTYvY2FwYWNpdHlQb29scy9wczM4MzIvdm9sdW1lcy9wczYyNzc/YXBpLXZlcnNpb249MjAyMC0wMi0wMQ==",
      "RequestMethod": "GET",
      "RequestBody": "",
      "RequestHeaders": {
        "x-ms-client-request-id": [
          "8f28f10e-9f70-41d6-8083-6f4aa40ba24b"
        ],
        "Accept-Language": [
          "en-US"
        ],
        "User-Agent": [
          "FxVersion/4.6.29130.01",
          "OSName/Windows",
          "OSVersion/Microsoft.Windows.10.0.18363.",
          "Microsoft.Azure.Management.NetApp.AzureNetAppFilesManagementClient/1.6.0.0"
        ]
      },
      "ResponseHeaders": {
        "Cache-Control": [
          "no-cache"
        ],
        "Pragma": [
          "no-cache"
        ],
        "ETag": [
          "W/\"datetime'2020-09-07T14%3A40%3A19.2553836Z'\""
        ],
        "x-ms-request-id": [
          "802fccac-d10e-44f0-beab-39af3a6c33e3"
        ],
        "Request-Context": [
          "appId=cid-v1:2c4cb680-0a1f-424d-bb8d-8e650ba68d53"
        ],
        "Access-Control-Expose-Headers": [
          "Request-Context"
        ],
        "Server": [
          "Microsoft-IIS/10.0"
        ],
        "X-Powered-By": [
          "ASP.NET"
        ],
        "x-ms-ratelimit-remaining-subscription-reads": [
          "11986"
        ],
        "x-ms-correlation-request-id": [
          "1bcd1d49-9ed6-4e92-895b-5f4cabb2f13a"
        ],
        "x-ms-routing-request-id": [
          "NORTHEUROPE:20200907T144048Z:1bcd1d49-9ed6-4e92-895b-5f4cabb2f13a"
        ],
        "Strict-Transport-Security": [
          "max-age=31536000; includeSubDomains"
        ],
        "X-Content-Type-Options": [
          "nosniff"
        ],
        "Date": [
          "Mon, 07 Sep 2020 14:40:47 GMT"
        ],
        "Content-Length": [
          "1256"
        ],
        "Content-Type": [
          "application/json; charset=utf-8"
        ],
        "Expires": [
          "-1"
        ]
      },
      "ResponseBody": "{\r\n  \"id\": \"/subscriptions/69a75bda-882e-44d5-8431-63421204132a/resourceGroups/ps7130/providers/Microsoft.NetApp/netAppAccounts/ps9556/capacityPools/ps3832/volumes/ps6277\",\r\n  \"name\": \"ps9556/ps3832/ps6277\",\r\n  \"type\": \"Microsoft.NetApp/netAppAccounts/capacityPools/volumes\",\r\n  \"etag\": \"W/\\\"datetime'2020-09-07T14%3A40%3A19.2553836Z'\\\"\",\r\n  \"location\": \"westus2\",\r\n  \"properties\": {\r\n    \"mountTargets\": [\r\n      {\r\n        \"provisioningState\": \"\",\r\n        \"mountTargetId\": \"8e9d246b-611e-75a5-95f8-a199faa13de2\",\r\n        \"fileSystemId\": \"8e9d246b-611e-75a5-95f8-a199faa13de2\",\r\n        \"startIp\": \"\",\r\n        \"endIp\": \"\",\r\n        \"gateway\": \"\",\r\n        \"netmask\": \"\",\r\n        \"subnet\": \"\",\r\n        \"ipAddress\": \"10.0.1.4\"\r\n      }\r\n    ],\r\n    \"provisioningState\": \"Succeeded\",\r\n    \"fileSystemId\": \"8e9d246b-611e-75a5-95f8-a199faa13de2\",\r\n    \"name\": \"ps6277\",\r\n    \"serviceLevel\": \"Premium\",\r\n    \"creationToken\": \"ps6277\",\r\n    \"usageThreshold\": 107374182400,\r\n    \"usedBytes\": 0,\r\n    \"exportPolicy\": {\r\n      \"rules\": [\r\n        {\r\n          \"ruleIndex\": 1,\r\n          \"unixReadOnly\": false,\r\n          \"unixReadWrite\": true,\r\n          \"cifs\": false,\r\n          \"nfsv3\": true,\r\n          \"nfsv4\": false,\r\n          \"nfsv41\": false,\r\n          \"allowedClients\": \"0.0.0.0/0\"\r\n        }\r\n      ]\r\n    },\r\n    \"protocolTypes\": [\r\n      \"NFSv3\"\r\n    ],\r\n    \"baremetalTenantId\": \"baremetalTenant_svm_8f82c7b40509489d9e97d719b9b955b4_50d4a829\",\r\n    \"subnetId\": \"/subscriptions/69a75bda-882e-44d5-8431-63421204132a/resourceGroups/ps7130/providers/Microsoft.Network/virtualNetworks/ps7130-vnet/subnets/default\",\r\n    \"snapshotDirectoryVisible\": true\r\n  }\r\n}",
      "StatusCode": 200
    },
    {
      "RequestUri": "/subscriptions/69a75bda-882e-44d5-8431-63421204132a/resourceGroups/ps7130/providers/Microsoft.NetApp/netAppAccounts/ps9556/capacityPools/ps3832/volumes/ps6277?api-version=2020-02-01",
      "EncodedRequestUri": "L3N1YnNjcmlwdGlvbnMvNjlhNzViZGEtODgyZS00NGQ1LTg0MzEtNjM0MjEyMDQxMzJhL3Jlc291cmNlR3JvdXBzL3BzNzEzMC9wcm92aWRlcnMvTWljcm9zb2Z0Lk5ldEFwcC9uZXRBcHBBY2NvdW50cy9wczk1NTYvY2FwYWNpdHlQb29scy9wczM4MzIvdm9sdW1lcy9wczYyNzc/YXBpLXZlcnNpb249MjAyMC0wMi0wMQ==",
      "RequestMethod": "GET",
      "RequestBody": "",
      "RequestHeaders": {
        "x-ms-client-request-id": [
          "4adc6c37-7e93-41df-96f5-4d8034060118"
        ],
        "Accept-Language": [
          "en-US"
        ],
        "User-Agent": [
          "FxVersion/4.6.29130.01",
          "OSName/Windows",
          "OSVersion/Microsoft.Windows.10.0.18363.",
          "Microsoft.Azure.Management.NetApp.AzureNetAppFilesManagementClient/1.6.0.0"
        ]
      },
      "ResponseHeaders": {
        "Cache-Control": [
          "no-cache"
        ],
        "Pragma": [
          "no-cache"
        ],
        "ETag": [
          "W/\"datetime'2020-09-07T14%3A40%3A51.6333452Z'\""
        ],
        "x-ms-request-id": [
          "a981066c-037a-42b5-a5d4-ed8585196a90"
        ],
        "Request-Context": [
          "appId=cid-v1:2c4cb680-0a1f-424d-bb8d-8e650ba68d53"
        ],
        "Access-Control-Expose-Headers": [
          "Request-Context"
        ],
        "Server": [
          "Microsoft-IIS/10.0"
        ],
        "X-Powered-By": [
          "ASP.NET"
        ],
        "x-ms-ratelimit-remaining-subscription-reads": [
          "11984"
        ],
        "x-ms-correlation-request-id": [
          "46f171ef-668a-4d5e-b3e9-96af9e8f33f4"
        ],
        "x-ms-routing-request-id": [
          "NORTHEUROPE:20200907T144052Z:46f171ef-668a-4d5e-b3e9-96af9e8f33f4"
        ],
        "Strict-Transport-Security": [
          "max-age=31536000; includeSubDomains"
        ],
        "X-Content-Type-Options": [
          "nosniff"
        ],
        "Date": [
          "Mon, 07 Sep 2020 14:40:52 GMT"
        ],
        "Content-Length": [
          "1256"
        ],
        "Content-Type": [
          "application/json; charset=utf-8"
        ],
        "Expires": [
          "-1"
        ]
      },
      "ResponseBody": "{\r\n  \"id\": \"/subscriptions/69a75bda-882e-44d5-8431-63421204132a/resourceGroups/ps7130/providers/Microsoft.NetApp/netAppAccounts/ps9556/capacityPools/ps3832/volumes/ps6277\",\r\n  \"name\": \"ps9556/ps3832/ps6277\",\r\n  \"type\": \"Microsoft.NetApp/netAppAccounts/capacityPools/volumes\",\r\n  \"etag\": \"W/\\\"datetime'2020-09-07T14%3A40%3A51.6333452Z'\\\"\",\r\n  \"location\": \"westus2\",\r\n  \"properties\": {\r\n    \"mountTargets\": [\r\n      {\r\n        \"provisioningState\": \"\",\r\n        \"mountTargetId\": \"8e9d246b-611e-75a5-95f8-a199faa13de2\",\r\n        \"fileSystemId\": \"8e9d246b-611e-75a5-95f8-a199faa13de2\",\r\n        \"startIp\": \"\",\r\n        \"endIp\": \"\",\r\n        \"gateway\": \"\",\r\n        \"netmask\": \"\",\r\n        \"subnet\": \"\",\r\n        \"ipAddress\": \"10.0.1.4\"\r\n      }\r\n    ],\r\n    \"provisioningState\": \"Succeeded\",\r\n    \"fileSystemId\": \"8e9d246b-611e-75a5-95f8-a199faa13de2\",\r\n    \"name\": \"ps6277\",\r\n    \"serviceLevel\": \"Premium\",\r\n    \"creationToken\": \"ps6277\",\r\n    \"usageThreshold\": 214748364800,\r\n    \"usedBytes\": 0,\r\n    \"exportPolicy\": {\r\n      \"rules\": [\r\n        {\r\n          \"ruleIndex\": 1,\r\n          \"unixReadOnly\": false,\r\n          \"unixReadWrite\": true,\r\n          \"cifs\": false,\r\n          \"nfsv3\": true,\r\n          \"nfsv4\": false,\r\n          \"nfsv41\": false,\r\n          \"allowedClients\": \"0.0.0.0/0\"\r\n        }\r\n      ]\r\n    },\r\n    \"protocolTypes\": [\r\n      \"NFSv3\"\r\n    ],\r\n    \"baremetalTenantId\": \"baremetalTenant_svm_8f82c7b40509489d9e97d719b9b955b4_50d4a829\",\r\n    \"subnetId\": \"/subscriptions/69a75bda-882e-44d5-8431-63421204132a/resourceGroups/ps7130/providers/Microsoft.Network/virtualNetworks/ps7130-vnet/subnets/default\",\r\n    \"snapshotDirectoryVisible\": true\r\n  }\r\n}",
      "StatusCode": 200
    },
    {
      "RequestUri": "/subscriptions/69a75bda-882e-44d5-8431-63421204132a/resourceGroups/ps7130/providers/Microsoft.NetApp/netAppAccounts/ps9556/capacityPools/ps3832/volumes/ps6609?api-version=2020-02-01",
      "EncodedRequestUri": "L3N1YnNjcmlwdGlvbnMvNjlhNzViZGEtODgyZS00NGQ1LTg0MzEtNjM0MjEyMDQxMzJhL3Jlc291cmNlR3JvdXBzL3BzNzEzMC9wcm92aWRlcnMvTWljcm9zb2Z0Lk5ldEFwcC9uZXRBcHBBY2NvdW50cy9wczk1NTYvY2FwYWNpdHlQb29scy9wczM4MzIvdm9sdW1lcy9wczY2MDk/YXBpLXZlcnNpb249MjAyMC0wMi0wMQ==",
      "RequestMethod": "PUT",
      "RequestBody": "{\r\n  \"location\": \"westus2\",\r\n  \"properties\": {\r\n    \"creationToken\": \"ps6609\",\r\n    \"serviceLevel\": \"Standard\",\r\n    \"usageThreshold\": 107374182400,\r\n    \"subnetId\": \"/subscriptions/69a75bda-882e-44d5-8431-63421204132a/resourceGroups/ps7130/providers/Microsoft.Network/virtualNetworks/ps7130-vnet/subnets/default\"\r\n  }\r\n}",
      "RequestHeaders": {
        "x-ms-client-request-id": [
          "53a72a34-bd93-467a-a6f7-b1eff4423c13"
        ],
        "Accept-Language": [
          "en-US"
        ],
        "User-Agent": [
          "FxVersion/4.6.29130.01",
          "OSName/Windows",
          "OSVersion/Microsoft.Windows.10.0.18363.",
          "Microsoft.Azure.Management.NetApp.AzureNetAppFilesManagementClient/1.6.0.0"
        ],
        "Content-Type": [
          "application/json; charset=utf-8"
        ],
        "Content-Length": [
          "321"
        ]
      },
      "ResponseHeaders": {
        "Cache-Control": [
          "no-cache"
        ],
        "Pragma": [
          "no-cache"
        ],
        "x-ms-request-id": [
          "7b81e721-658e-41ed-95c9-2415b427fc44"
        ],
        "Request-Context": [
          "appId=cid-v1:2c4cb680-0a1f-424d-bb8d-8e650ba68d53"
        ],
        "Access-Control-Expose-Headers": [
          "Request-Context"
        ],
        "Server": [
          "Microsoft-IIS/10.0"
        ],
        "X-Powered-By": [
          "ASP.NET"
        ],
        "x-ms-ratelimit-remaining-subscription-writes": [
          "1196"
        ],
        "x-ms-correlation-request-id": [
          "8af2bdfe-be6d-4153-b9fe-61f12e5fe759"
        ],
        "x-ms-routing-request-id": [
          "NORTHEUROPE:20200907T144047Z:8af2bdfe-be6d-4153-b9fe-61f12e5fe759"
        ],
        "Strict-Transport-Security": [
          "max-age=31536000; includeSubDomains"
        ],
        "X-Content-Type-Options": [
          "nosniff"
        ],
        "Date": [
          "Mon, 07 Sep 2020 14:40:47 GMT"
        ],
        "Content-Length": [
          "107"
        ],
        "Content-Type": [
          "application/json; charset=utf-8"
        ],
        "Expires": [
          "-1"
        ]
      },
      "ResponseBody": "{\r\n  \"error\": {\r\n    \"code\": \"InvalidServiceLevel\",\r\n    \"message\": \"Service level 'Standard' differs from parent 'Premium'\"\r\n  }\r\n}",
      "StatusCode": 400
    },
    {
      "RequestUri": "/subscriptions/69a75bda-882e-44d5-8431-63421204132a/resourceGroups/ps7130/providers/Microsoft.NetApp/netAppAccounts/ps9556/capacityPools/ps3832/volumes/ps6277?api-version=2020-02-01",
      "EncodedRequestUri": "L3N1YnNjcmlwdGlvbnMvNjlhNzViZGEtODgyZS00NGQ1LTg0MzEtNjM0MjEyMDQxMzJhL3Jlc291cmNlR3JvdXBzL3BzNzEzMC9wcm92aWRlcnMvTWljcm9zb2Z0Lk5ldEFwcC9uZXRBcHBBY2NvdW50cy9wczk1NTYvY2FwYWNpdHlQb29scy9wczM4MzIvdm9sdW1lcy9wczYyNzc/YXBpLXZlcnNpb249MjAyMC0wMi0wMQ==",
      "RequestMethod": "PATCH",
      "RequestBody": "{\r\n  \"properties\": {\r\n    \"usageThreshold\": 214748364800\r\n  }\r\n}",
      "RequestHeaders": {
        "x-ms-client-request-id": [
          "fc79ac7d-852e-4f82-87d6-d421c72ba481"
        ],
        "Accept-Language": [
          "en-US"
        ],
        "User-Agent": [
          "FxVersion/4.6.29130.01",
          "OSName/Windows",
          "OSVersion/Microsoft.Windows.10.0.18363.",
          "Microsoft.Azure.Management.NetApp.AzureNetAppFilesManagementClient/1.6.0.0"
        ],
        "Content-Type": [
          "application/json; charset=utf-8"
        ],
        "Content-Length": [
          "64"
        ]
      },
      "ResponseHeaders": {
        "Cache-Control": [
          "no-cache"
        ],
        "Pragma": [
          "no-cache"
        ],
        "ETag": [
          "W/\"datetime'2020-09-07T14%3A40%3A48.9404364Z'\""
        ],
        "x-ms-request-id": [
          "91199648-3feb-4dd3-b3b0-f08ca707fd67"
        ],
        "Request-Context": [
          "appId=cid-v1:2c4cb680-0a1f-424d-bb8d-8e650ba68d53"
        ],
        "Access-Control-Expose-Headers": [
          "Request-Context"
        ],
        "Server": [
          "Microsoft-IIS/10.0"
        ],
        "X-Powered-By": [
          "ASP.NET"
        ],
        "x-ms-ratelimit-remaining-subscription-writes": [
          "1195"
        ],
        "x-ms-correlation-request-id": [
          "66af08cd-e98a-4f6b-b57a-286935020062"
        ],
        "x-ms-routing-request-id": [
          "NORTHEUROPE:20200907T144051Z:66af08cd-e98a-4f6b-b57a-286935020062"
        ],
        "Strict-Transport-Security": [
          "max-age=31536000; includeSubDomains"
        ],
        "X-Content-Type-Options": [
          "nosniff"
        ],
        "Date": [
          "Mon, 07 Sep 2020 14:40:51 GMT"
        ],
        "Content-Length": [
          "1256"
        ],
        "Content-Type": [
          "application/json; charset=utf-8"
        ],
        "Expires": [
          "-1"
        ]
      },
      "ResponseBody": "{\r\n  \"id\": \"/subscriptions/69a75bda-882e-44d5-8431-63421204132a/resourceGroups/ps7130/providers/Microsoft.NetApp/netAppAccounts/ps9556/capacityPools/ps3832/volumes/ps6277\",\r\n  \"name\": \"ps9556/ps3832/ps6277\",\r\n  \"type\": \"Microsoft.NetApp/netAppAccounts/capacityPools/volumes\",\r\n  \"etag\": \"W/\\\"datetime'2020-09-07T14%3A40%3A48.9404364Z'\\\"\",\r\n  \"location\": \"westus2\",\r\n  \"properties\": {\r\n    \"mountTargets\": [\r\n      {\r\n        \"provisioningState\": \"\",\r\n        \"mountTargetId\": \"8e9d246b-611e-75a5-95f8-a199faa13de2\",\r\n        \"fileSystemId\": \"8e9d246b-611e-75a5-95f8-a199faa13de2\",\r\n        \"startIp\": \"\",\r\n        \"endIp\": \"\",\r\n        \"gateway\": \"\",\r\n        \"netmask\": \"\",\r\n        \"subnet\": \"\",\r\n        \"ipAddress\": \"10.0.1.4\"\r\n      }\r\n    ],\r\n    \"provisioningState\": \"Succeeded\",\r\n    \"fileSystemId\": \"8e9d246b-611e-75a5-95f8-a199faa13de2\",\r\n    \"name\": \"ps6277\",\r\n    \"serviceLevel\": \"Premium\",\r\n    \"creationToken\": \"ps6277\",\r\n    \"usageThreshold\": 214748364800,\r\n    \"usedBytes\": 0,\r\n    \"exportPolicy\": {\r\n      \"rules\": [\r\n        {\r\n          \"ruleIndex\": 1,\r\n          \"unixReadOnly\": false,\r\n          \"unixReadWrite\": true,\r\n          \"cifs\": false,\r\n          \"nfsv3\": true,\r\n          \"nfsv4\": false,\r\n          \"nfsv41\": false,\r\n          \"allowedClients\": \"0.0.0.0/0\"\r\n        }\r\n      ]\r\n    },\r\n    \"protocolTypes\": [\r\n      \"NFSv3\"\r\n    ],\r\n    \"baremetalTenantId\": \"baremetalTenant_svm_8f82c7b40509489d9e97d719b9b955b4_50d4a829\",\r\n    \"subnetId\": \"/subscriptions/69a75bda-882e-44d5-8431-63421204132a/resourceGroups/ps7130/providers/Microsoft.Network/virtualNetworks/ps7130-vnet/subnets/default\",\r\n    \"snapshotDirectoryVisible\": true\r\n  }\r\n}",
      "StatusCode": 200
    },
    {
      "RequestUri": "/subscriptions/69a75bda-882e-44d5-8431-63421204132a/resourceGroups/ps7130/providers/Microsoft.NetApp/netAppAccounts/ps9556/capacityPools/ps3832/volumes?api-version=2020-02-01",
      "EncodedRequestUri": "L3N1YnNjcmlwdGlvbnMvNjlhNzViZGEtODgyZS00NGQ1LTg0MzEtNjM0MjEyMDQxMzJhL3Jlc291cmNlR3JvdXBzL3BzNzEzMC9wcm92aWRlcnMvTWljcm9zb2Z0Lk5ldEFwcC9uZXRBcHBBY2NvdW50cy9wczk1NTYvY2FwYWNpdHlQb29scy9wczM4MzIvdm9sdW1lcz9hcGktdmVyc2lvbj0yMDIwLTAyLTAx",
      "RequestMethod": "GET",
      "RequestBody": "",
      "RequestHeaders": {
        "x-ms-client-request-id": [
          "b87e880e-dc8b-4099-a96f-6a61f01dcb44"
        ],
        "Accept-Language": [
          "en-US"
        ],
        "User-Agent": [
          "FxVersion/4.6.29130.01",
          "OSName/Windows",
          "OSVersion/Microsoft.Windows.10.0.18363.",
          "Microsoft.Azure.Management.NetApp.AzureNetAppFilesManagementClient/1.6.0.0"
        ]
      },
      "ResponseHeaders": {
        "Cache-Control": [
          "no-cache"
        ],
        "Pragma": [
          "no-cache"
        ],
        "x-ms-request-id": [
          "f6c4a3ca-7e7c-43c5-8ea9-881d6ee5bbd2"
        ],
        "Request-Context": [
          "appId=cid-v1:2c4cb680-0a1f-424d-bb8d-8e650ba68d53"
        ],
        "Access-Control-Expose-Headers": [
          "Request-Context"
        ],
        "Server": [
          "Microsoft-IIS/10.0"
        ],
        "X-Powered-By": [
          "ASP.NET"
        ],
        "x-ms-ratelimit-remaining-subscription-reads": [
          "11985"
        ],
        "x-ms-correlation-request-id": [
          "144a6271-7014-4313-a091-af9dba9f6005"
        ],
        "x-ms-routing-request-id": [
          "NORTHEUROPE:20200907T144052Z:144a6271-7014-4313-a091-af9dba9f6005"
        ],
        "Strict-Transport-Security": [
          "max-age=31536000; includeSubDomains"
        ],
        "X-Content-Type-Options": [
          "nosniff"
        ],
        "Date": [
          "Mon, 07 Sep 2020 14:40:51 GMT"
        ],
        "Content-Length": [
          "1268"
        ],
        "Content-Type": [
          "application/json; charset=utf-8"
        ],
        "Expires": [
          "-1"
        ]
      },
      "ResponseBody": "{\r\n  \"value\": [\r\n    {\r\n      \"id\": \"/subscriptions/69a75bda-882e-44d5-8431-63421204132a/resourceGroups/ps7130/providers/Microsoft.NetApp/netAppAccounts/ps9556/capacityPools/ps3832/volumes/ps6277\",\r\n      \"name\": \"ps9556/ps3832/ps6277\",\r\n      \"type\": \"Microsoft.NetApp/netAppAccounts/capacityPools/volumes\",\r\n      \"etag\": \"W/\\\"datetime'2020-09-07T14%3A40%3A51.6333452Z'\\\"\",\r\n      \"location\": \"westus2\",\r\n      \"properties\": {\r\n        \"mountTargets\": [\r\n          {\r\n            \"provisioningState\": \"\",\r\n            \"mountTargetId\": \"8e9d246b-611e-75a5-95f8-a199faa13de2\",\r\n            \"fileSystemId\": \"8e9d246b-611e-75a5-95f8-a199faa13de2\",\r\n            \"startIp\": \"\",\r\n            \"endIp\": \"\",\r\n            \"gateway\": \"\",\r\n            \"netmask\": \"\",\r\n            \"subnet\": \"\",\r\n            \"ipAddress\": \"10.0.1.4\"\r\n          }\r\n        ],\r\n        \"provisioningState\": \"Succeeded\",\r\n        \"fileSystemId\": \"8e9d246b-611e-75a5-95f8-a199faa13de2\",\r\n        \"name\": \"ps6277\",\r\n        \"serviceLevel\": \"Premium\",\r\n        \"creationToken\": \"ps6277\",\r\n        \"usageThreshold\": 214748364800,\r\n        \"usedBytes\": 0,\r\n        \"exportPolicy\": {\r\n          \"rules\": [\r\n            {\r\n              \"ruleIndex\": 1,\r\n              \"unixReadOnly\": false,\r\n              \"unixReadWrite\": true,\r\n              \"cifs\": false,\r\n              \"nfsv3\": true,\r\n              \"nfsv4\": false,\r\n              \"nfsv41\": false,\r\n              \"allowedClients\": \"0.0.0.0/0\"\r\n            }\r\n          ]\r\n        },\r\n        \"protocolTypes\": [\r\n          \"NFSv3\"\r\n        ],\r\n        \"baremetalTenantId\": \"baremetalTenant_svm_8f82c7b40509489d9e97d719b9b955b4_50d4a829\",\r\n        \"subnetId\": \"/subscriptions/69a75bda-882e-44d5-8431-63421204132a/resourceGroups/ps7130/providers/Microsoft.Network/virtualNetworks/ps7130-vnet/subnets/default\",\r\n        \"snapshotDirectoryVisible\": true\r\n      }\r\n    }\r\n  ]\r\n}",
      "StatusCode": 200
    },
    {
      "RequestUri": "/subscriptions/69a75bda-882e-44d5-8431-63421204132a/resourceGroups/ps7130/providers/Microsoft.NetApp/netAppAccounts/ps9556/capacityPools/ps3832/volumes?api-version=2020-02-01",
      "EncodedRequestUri": "L3N1YnNjcmlwdGlvbnMvNjlhNzViZGEtODgyZS00NGQ1LTg0MzEtNjM0MjEyMDQxMzJhL3Jlc291cmNlR3JvdXBzL3BzNzEzMC9wcm92aWRlcnMvTWljcm9zb2Z0Lk5ldEFwcC9uZXRBcHBBY2NvdW50cy9wczk1NTYvY2FwYWNpdHlQb29scy9wczM4MzIvdm9sdW1lcz9hcGktdmVyc2lvbj0yMDIwLTAyLTAx",
      "RequestMethod": "GET",
      "RequestBody": "",
      "RequestHeaders": {
        "x-ms-client-request-id": [
          "767c1a6b-9665-4c33-80bc-dc14e2b3d306"
        ],
        "Accept-Language": [
          "en-US"
        ],
        "User-Agent": [
          "FxVersion/4.6.29130.01",
          "OSName/Windows",
          "OSVersion/Microsoft.Windows.10.0.18363.",
          "Microsoft.Azure.Management.NetApp.AzureNetAppFilesManagementClient/1.6.0.0"
        ]
      },
      "ResponseHeaders": {
        "Cache-Control": [
          "no-cache"
        ],
        "Pragma": [
          "no-cache"
        ],
        "x-ms-request-id": [
          "a6e0ac16-19a9-4ccc-bb12-7b41615a7878"
        ],
        "Request-Context": [
          "appId=cid-v1:2c4cb680-0a1f-424d-bb8d-8e650ba68d53"
        ],
        "Access-Control-Expose-Headers": [
          "Request-Context"
        ],
        "Server": [
          "Microsoft-IIS/10.0"
        ],
        "X-Powered-By": [
          "ASP.NET"
        ],
        "x-ms-ratelimit-remaining-subscription-reads": [
          "11978"
        ],
        "x-ms-correlation-request-id": [
          "fa05fa09-8cad-489d-94fa-a0df2375d2a3"
        ],
        "x-ms-routing-request-id": [
          "NORTHEUROPE:20200907T144225Z:fa05fa09-8cad-489d-94fa-a0df2375d2a3"
        ],
        "Strict-Transport-Security": [
          "max-age=31536000; includeSubDomains"
        ],
        "X-Content-Type-Options": [
          "nosniff"
        ],
        "Date": [
          "Mon, 07 Sep 2020 14:42:24 GMT"
        ],
        "Content-Length": [
          "12"
        ],
        "Content-Type": [
          "application/json; charset=utf-8"
        ],
        "Expires": [
          "-1"
        ]
      },
      "ResponseBody": "{\r\n  \"value\": []\r\n}",
      "StatusCode": 200
    },
    {
      "RequestUri": "/subscriptions/69a75bda-882e-44d5-8431-63421204132a/resourceGroups/ps7130/providers/Microsoft.NetApp/netAppAccounts/ps9556/capacityPools/ps3832/volumes/ps6277?api-version=2020-02-01",
      "EncodedRequestUri": "L3N1YnNjcmlwdGlvbnMvNjlhNzViZGEtODgyZS00NGQ1LTg0MzEtNjM0MjEyMDQxMzJhL3Jlc291cmNlR3JvdXBzL3BzNzEzMC9wcm92aWRlcnMvTWljcm9zb2Z0Lk5ldEFwcC9uZXRBcHBBY2NvdW50cy9wczk1NTYvY2FwYWNpdHlQb29scy9wczM4MzIvdm9sdW1lcy9wczYyNzc/YXBpLXZlcnNpb249MjAyMC0wMi0wMQ==",
      "RequestMethod": "DELETE",
      "RequestBody": "",
      "RequestHeaders": {
        "x-ms-client-request-id": [
          "74669d66-3002-4a1a-b639-c4c8ec7f0642"
        ],
        "Accept-Language": [
          "en-US"
        ],
        "User-Agent": [
          "FxVersion/4.6.29130.01",
          "OSName/Windows",
          "OSVersion/Microsoft.Windows.10.0.18363.",
          "Microsoft.Azure.Management.NetApp.AzureNetAppFilesManagementClient/1.6.0.0"
        ]
      },
      "ResponseHeaders": {
        "Cache-Control": [
          "no-cache"
        ],
        "Pragma": [
          "no-cache"
        ],
        "Location": [
          "https://management.azure.com/subscriptions/69a75bda-882e-44d5-8431-63421204132a/providers/Microsoft.NetApp/locations/westus2/operationResults/42d4065f-4dd1-4c2b-a02a-10e91a1d70e5?api-version=2020-02-01&operationResultResponseType=Location"
        ],
        "Azure-AsyncOperation": [
          "https://management.azure.com/subscriptions/69a75bda-882e-44d5-8431-63421204132a/providers/Microsoft.NetApp/locations/westus2/operationResults/42d4065f-4dd1-4c2b-a02a-10e91a1d70e5?api-version=2020-02-01"
        ],
        "Request-Context": [
          "appId=cid-v1:2c4cb680-0a1f-424d-bb8d-8e650ba68d53"
        ],
        "Access-Control-Expose-Headers": [
          "Request-Context"
        ],
        "Server": [
          "Microsoft-IIS/10.0"
        ],
        "X-Powered-By": [
          "ASP.NET"
        ],
        "x-ms-ratelimit-remaining-subscription-deletes": [
          "14999"
        ],
        "x-ms-request-id": [
          "553687a8-9c50-4c9f-a170-b8ca60038798"
        ],
        "x-ms-correlation-request-id": [
          "553687a8-9c50-4c9f-a170-b8ca60038798"
        ],
        "x-ms-routing-request-id": [
          "NORTHEUROPE:20200907T144053Z:553687a8-9c50-4c9f-a170-b8ca60038798"
        ],
        "Strict-Transport-Security": [
          "max-age=31536000; includeSubDomains"
        ],
        "X-Content-Type-Options": [
          "nosniff"
        ],
        "Date": [
          "Mon, 07 Sep 2020 14:40:52 GMT"
        ],
        "Expires": [
          "-1"
        ],
        "Content-Length": [
          "0"
        ]
      },
      "ResponseBody": "",
      "StatusCode": 202
    },
    {
      "RequestUri": "/subscriptions/69a75bda-882e-44d5-8431-63421204132a/providers/Microsoft.NetApp/locations/westus2/operationResults/42d4065f-4dd1-4c2b-a02a-10e91a1d70e5?api-version=2020-02-01",
      "EncodedRequestUri": "L3N1YnNjcmlwdGlvbnMvNjlhNzViZGEtODgyZS00NGQ1LTg0MzEtNjM0MjEyMDQxMzJhL3Byb3ZpZGVycy9NaWNyb3NvZnQuTmV0QXBwL2xvY2F0aW9ucy93ZXN0dXMyL29wZXJhdGlvblJlc3VsdHMvNDJkNDA2NWYtNGRkMS00YzJiLWEwMmEtMTBlOTFhMWQ3MGU1P2FwaS12ZXJzaW9uPTIwMjAtMDItMDE=",
      "RequestMethod": "GET",
      "RequestBody": "",
      "RequestHeaders": {
        "User-Agent": [
          "FxVersion/4.6.29130.01",
          "OSName/Windows",
          "OSVersion/Microsoft.Windows.10.0.18363.",
          "Microsoft.Azure.Management.NetApp.AzureNetAppFilesManagementClient/1.6.0.0"
        ]
      },
      "ResponseHeaders": {
        "Cache-Control": [
          "no-cache"
        ],
        "Pragma": [
          "no-cache"
        ],
        "x-ms-request-id": [
          "a99fc15f-5894-476a-8c00-999cc58af267"
        ],
        "Request-Context": [
          "appId=cid-v1:2c4cb680-0a1f-424d-bb8d-8e650ba68d53"
        ],
        "Access-Control-Expose-Headers": [
          "Request-Context"
        ],
        "Server": [
          "Microsoft-IIS/10.0"
        ],
        "X-Powered-By": [
          "ASP.NET"
        ],
        "x-ms-ratelimit-remaining-subscription-reads": [
          "11983"
        ],
        "x-ms-correlation-request-id": [
          "861147b8-7404-43cb-8546-3c7f34ba61a5"
        ],
        "x-ms-routing-request-id": [
          "NORTHEUROPE:20200907T144123Z:861147b8-7404-43cb-8546-3c7f34ba61a5"
        ],
        "Strict-Transport-Security": [
          "max-age=31536000; includeSubDomains"
        ],
        "X-Content-Type-Options": [
          "nosniff"
        ],
        "Date": [
          "Mon, 07 Sep 2020 14:41:22 GMT"
        ],
        "Content-Length": [
          "513"
        ],
        "Content-Type": [
          "application/json; charset=utf-8"
        ],
        "Expires": [
          "-1"
        ]
      },
      "ResponseBody": "{\r\n  \"id\": \"/subscriptions/69a75bda-882e-44d5-8431-63421204132a/providers/Microsoft.NetApp/locations/westus2/operationResults/42d4065f-4dd1-4c2b-a02a-10e91a1d70e5\",\r\n  \"name\": \"42d4065f-4dd1-4c2b-a02a-10e91a1d70e5\",\r\n  \"status\": \"Deleting\",\r\n  \"startTime\": \"2020-09-07T14:40:53.260269Z\",\r\n  \"endTime\": \"0001-01-01T00:00:00Z\",\r\n  \"percentComplete\": 0.0,\r\n  \"properties\": {\r\n    \"resourceName\": \"/subscriptions/69a75bda-882e-44d5-8431-63421204132a/resourceGroups/ps7130/providers/Microsoft.NetApp/netAppAccounts/ps9556/capacityPools/ps3832/volumes/ps6277\"\r\n  }\r\n}",
      "StatusCode": 200
    },
    {
      "RequestUri": "/subscriptions/69a75bda-882e-44d5-8431-63421204132a/providers/Microsoft.NetApp/locations/westus2/operationResults/42d4065f-4dd1-4c2b-a02a-10e91a1d70e5?api-version=2020-02-01",
      "EncodedRequestUri": "L3N1YnNjcmlwdGlvbnMvNjlhNzViZGEtODgyZS00NGQ1LTg0MzEtNjM0MjEyMDQxMzJhL3Byb3ZpZGVycy9NaWNyb3NvZnQuTmV0QXBwL2xvY2F0aW9ucy93ZXN0dXMyL29wZXJhdGlvblJlc3VsdHMvNDJkNDA2NWYtNGRkMS00YzJiLWEwMmEtMTBlOTFhMWQ3MGU1P2FwaS12ZXJzaW9uPTIwMjAtMDItMDE=",
      "RequestMethod": "GET",
      "RequestBody": "",
      "RequestHeaders": {
        "User-Agent": [
          "FxVersion/4.6.29130.01",
          "OSName/Windows",
          "OSVersion/Microsoft.Windows.10.0.18363.",
          "Microsoft.Azure.Management.NetApp.AzureNetAppFilesManagementClient/1.6.0.0"
        ]
      },
      "ResponseHeaders": {
        "Cache-Control": [
          "no-cache"
        ],
        "Pragma": [
          "no-cache"
        ],
        "x-ms-request-id": [
          "845e3e57-2407-492d-a899-8f541066f94b"
        ],
        "Request-Context": [
          "appId=cid-v1:2c4cb680-0a1f-424d-bb8d-8e650ba68d53"
        ],
        "Access-Control-Expose-Headers": [
          "Request-Context"
        ],
        "Server": [
          "Microsoft-IIS/10.0"
        ],
        "X-Powered-By": [
          "ASP.NET"
        ],
        "x-ms-ratelimit-remaining-subscription-reads": [
          "11982"
        ],
        "x-ms-correlation-request-id": [
          "49c8fa1d-866f-4f6d-a5cf-54066e0678d1"
        ],
        "x-ms-routing-request-id": [
          "NORTHEUROPE:20200907T144153Z:49c8fa1d-866f-4f6d-a5cf-54066e0678d1"
        ],
        "Strict-Transport-Security": [
          "max-age=31536000; includeSubDomains"
        ],
        "X-Content-Type-Options": [
          "nosniff"
        ],
        "Date": [
          "Mon, 07 Sep 2020 14:41:53 GMT"
        ],
        "Content-Length": [
          "513"
        ],
        "Content-Type": [
          "application/json; charset=utf-8"
        ],
        "Expires": [
          "-1"
        ]
      },
      "ResponseBody": "{\r\n  \"id\": \"/subscriptions/69a75bda-882e-44d5-8431-63421204132a/providers/Microsoft.NetApp/locations/westus2/operationResults/42d4065f-4dd1-4c2b-a02a-10e91a1d70e5\",\r\n  \"name\": \"42d4065f-4dd1-4c2b-a02a-10e91a1d70e5\",\r\n  \"status\": \"Deleting\",\r\n  \"startTime\": \"2020-09-07T14:40:53.260269Z\",\r\n  \"endTime\": \"0001-01-01T00:00:00Z\",\r\n  \"percentComplete\": 0.0,\r\n  \"properties\": {\r\n    \"resourceName\": \"/subscriptions/69a75bda-882e-44d5-8431-63421204132a/resourceGroups/ps7130/providers/Microsoft.NetApp/netAppAccounts/ps9556/capacityPools/ps3832/volumes/ps6277\"\r\n  }\r\n}",
      "StatusCode": 200
    },
    {
      "RequestUri": "/subscriptions/69a75bda-882e-44d5-8431-63421204132a/providers/Microsoft.NetApp/locations/westus2/operationResults/42d4065f-4dd1-4c2b-a02a-10e91a1d70e5?api-version=2020-02-01",
      "EncodedRequestUri": "L3N1YnNjcmlwdGlvbnMvNjlhNzViZGEtODgyZS00NGQ1LTg0MzEtNjM0MjEyMDQxMzJhL3Byb3ZpZGVycy9NaWNyb3NvZnQuTmV0QXBwL2xvY2F0aW9ucy93ZXN0dXMyL29wZXJhdGlvblJlc3VsdHMvNDJkNDA2NWYtNGRkMS00YzJiLWEwMmEtMTBlOTFhMWQ3MGU1P2FwaS12ZXJzaW9uPTIwMjAtMDItMDE=",
      "RequestMethod": "GET",
      "RequestBody": "",
      "RequestHeaders": {
        "User-Agent": [
          "FxVersion/4.6.29130.01",
          "OSName/Windows",
          "OSVersion/Microsoft.Windows.10.0.18363.",
          "Microsoft.Azure.Management.NetApp.AzureNetAppFilesManagementClient/1.6.0.0"
        ]
      },
      "ResponseHeaders": {
        "Cache-Control": [
          "no-cache"
        ],
        "Pragma": [
          "no-cache"
        ],
        "x-ms-request-id": [
          "cb4f34a9-53a5-4785-af0e-6d87cab8b2cd"
        ],
        "Request-Context": [
          "appId=cid-v1:2c4cb680-0a1f-424d-bb8d-8e650ba68d53"
        ],
        "Access-Control-Expose-Headers": [
          "Request-Context"
        ],
        "x-ms-ratelimit-remaining-subscription-reads": [
          "11981"
        ],
        "Server": [
          "Microsoft-IIS/10.0"
        ],
        "X-Powered-By": [
          "ASP.NET"
        ],
        "x-ms-correlation-request-id": [
          "e96d09ac-0030-4007-9ea2-f94bba9ff4fe"
        ],
        "x-ms-routing-request-id": [
          "NORTHEUROPE:20200907T144224Z:e96d09ac-0030-4007-9ea2-f94bba9ff4fe"
        ],
        "Strict-Transport-Security": [
          "max-age=31536000; includeSubDomains"
        ],
        "X-Content-Type-Options": [
          "nosniff"
        ],
        "Date": [
          "Mon, 07 Sep 2020 14:42:23 GMT"
        ],
        "Content-Length": [
          "524"
        ],
        "Content-Type": [
          "application/json; charset=utf-8"
        ],
        "Expires": [
          "-1"
        ]
      },
      "ResponseBody": "{\r\n  \"id\": \"/subscriptions/69a75bda-882e-44d5-8431-63421204132a/providers/Microsoft.NetApp/locations/westus2/operationResults/42d4065f-4dd1-4c2b-a02a-10e91a1d70e5\",\r\n  \"name\": \"42d4065f-4dd1-4c2b-a02a-10e91a1d70e5\",\r\n  \"status\": \"Succeeded\",\r\n  \"startTime\": \"2020-09-07T14:40:53.260269Z\",\r\n  \"endTime\": \"2020-09-07T14:42:09.4116472Z\",\r\n  \"percentComplete\": 100.0,\r\n  \"properties\": {\r\n    \"resourceName\": \"/subscriptions/69a75bda-882e-44d5-8431-63421204132a/resourceGroups/ps7130/providers/Microsoft.NetApp/netAppAccounts/ps9556/capacityPools/ps3832/volumes/ps6277\"\r\n  }\r\n}",
      "StatusCode": 200
    },
    {
      "RequestUri": "/subscriptions/69a75bda-882e-44d5-8431-63421204132a/providers/Microsoft.NetApp/locations/westus2/operationResults/42d4065f-4dd1-4c2b-a02a-10e91a1d70e5?api-version=2020-02-01&operationResultResponseType=Location",
      "EncodedRequestUri": "L3N1YnNjcmlwdGlvbnMvNjlhNzViZGEtODgyZS00NGQ1LTg0MzEtNjM0MjEyMDQxMzJhL3Byb3ZpZGVycy9NaWNyb3NvZnQuTmV0QXBwL2xvY2F0aW9ucy93ZXN0dXMyL29wZXJhdGlvblJlc3VsdHMvNDJkNDA2NWYtNGRkMS00YzJiLWEwMmEtMTBlOTFhMWQ3MGU1P2FwaS12ZXJzaW9uPTIwMjAtMDItMDEmb3BlcmF0aW9uUmVzdWx0UmVzcG9uc2VUeXBlPUxvY2F0aW9u",
      "RequestMethod": "GET",
      "RequestBody": "",
      "RequestHeaders": {
        "User-Agent": [
          "FxVersion/4.6.29130.01",
          "OSName/Windows",
          "OSVersion/Microsoft.Windows.10.0.18363.",
          "Microsoft.Azure.Management.NetApp.AzureNetAppFilesManagementClient/1.6.0.0"
        ]
      },
      "ResponseHeaders": {
        "Cache-Control": [
          "no-cache"
        ],
        "Pragma": [
          "no-cache"
        ],
        "x-ms-request-id": [
          "f6104263-64fc-4e7c-94ab-3f04d04d3bf4"
        ],
        "Request-Context": [
          "appId=cid-v1:2c4cb680-0a1f-424d-bb8d-8e650ba68d53"
        ],
        "Access-Control-Expose-Headers": [
          "Request-Context"
        ],
        "Server": [
          "Microsoft-IIS/10.0"
        ],
        "X-Powered-By": [
          "ASP.NET"
        ],
        "x-ms-ratelimit-remaining-subscription-reads": [
          "11980"
        ],
        "x-ms-correlation-request-id": [
          "a1805a8b-26da-4708-9973-b1f39535f92f"
        ],
        "x-ms-routing-request-id": [
          "NORTHEUROPE:20200907T144224Z:a1805a8b-26da-4708-9973-b1f39535f92f"
        ],
        "Strict-Transport-Security": [
          "max-age=31536000; includeSubDomains"
        ],
        "X-Content-Type-Options": [
          "nosniff"
        ],
        "Date": [
          "Mon, 07 Sep 2020 14:42:24 GMT"
        ],
        "Content-Length": [
          "1794"
        ],
        "Content-Type": [
          "application/json; charset=utf-8"
        ],
        "Expires": [
          "-1"
        ]
      },
      "ResponseBody": "{\r\n  \"id\": \"/subscriptions/69a75bda-882e-44d5-8431-63421204132a/resourceGroups/ps7130/providers/Microsoft.NetApp/netAppAccounts/ps9556/capacityPools/ps3832/volumes/ps6277\",\r\n  \"name\": \"ps9556/ps3832/ps6277\",\r\n  \"type\": \"Microsoft.NetApp/netAppAccounts/capacityPools/volumes\",\r\n  \"etag\": \"W/\\\"datetime'2020-09-07T14%3A40%3A53.3255449Z'\\\"\",\r\n  \"location\": \"westus2\",\r\n  \"properties\": {\r\n    \"provisioningState\": \"Deleting\",\r\n    \"fileSystemId\": \"8e9d246b-611e-75a5-95f8-a199faa13de2\",\r\n    \"name\": \"ps6277\",\r\n    \"serviceLevel\": \"Premium\",\r\n    \"creationToken\": \"ps6277\",\r\n    \"ownerId\": \"8f82c7b4-0509-489d-9e97-d719b9b955b4\",\r\n    \"usageThreshold\": 214748364800,\r\n    \"usedBytes\": 0,\r\n    \"exportPolicy\": {\r\n      \"rules\": [\r\n        {\r\n          \"ruleIndex\": 1,\r\n          \"unixReadOnly\": false,\r\n          \"unixReadWrite\": true,\r\n          \"cifs\": false,\r\n          \"nfsv3\": true,\r\n          \"nfsv4\": false,\r\n          \"nfsv41\": false,\r\n          \"allowedClients\": \"0.0.0.0/0\",\r\n          \"kerberos5ReadOnly\": false,\r\n          \"kerberos5ReadWrite\": false,\r\n          \"kerberos5iReadOnly\": false,\r\n          \"kerberos5iReadWrite\": false,\r\n          \"kerberos5pReadOnly\": false,\r\n          \"kerberos5pReadWrite\": false,\r\n          \"hasRootAccess\": true\r\n        }\r\n      ]\r\n    },\r\n    \"protocolTypes\": [\r\n      \"NFSv3\"\r\n    ],\r\n    \"baremetalTenantId\": \"baremetalTenant_svm_8f82c7b40509489d9e97d719b9b955b4_50d4a829\",\r\n    \"subnetId\": \"/subscriptions/69a75bda-882e-44d5-8431-63421204132a/resourceGroups/ps7130/providers/Microsoft.Network/virtualNetworks/ps7130-vnet/subnets/default\",\r\n    \"snapshotDirectoryVisible\": true,\r\n    \"vendorID\": \"/subscriptions/69a75bda-882e-44d5-8431-63421204132a/resourceGroups/ps7130/providers/Microsoft.NetApp/netAppAccounts/ps9556/capacityPools/ps3832/volumes/ps6277\",\r\n    \"poolId\": \"3798a9fc-7c90-92b0-f400-65ff84cbc006\",\r\n    \"mountTargets\": [\r\n      {\r\n        \"provisioningState\": \"\",\r\n        \"mountTargetId\": \"8e9d246b-611e-75a5-95f8-a199faa13de2\",\r\n        \"fileSystemId\": \"8e9d246b-611e-75a5-95f8-a199faa13de2\",\r\n        \"startIp\": \"\",\r\n        \"endIp\": \"\",\r\n        \"gateway\": \"\",\r\n        \"netmask\": \"\",\r\n        \"subnet\": \"\",\r\n        \"ipAddress\": \"10.0.1.4\"\r\n      }\r\n    ],\r\n    \"throughputMibps\": 0.0,\r\n    \"isCreate\": false,\r\n    \"kerberosEnabled\": false,\r\n    \"securityStyle\": \"Unix\"\r\n  }\r\n}",
      "StatusCode": 200
    },
    {
      "RequestUri": "/subscriptions/69a75bda-882e-44d5-8431-63421204132a/resourcegroups/ps7130?api-version=2016-09-01",
      "EncodedRequestUri": "L3N1YnNjcmlwdGlvbnMvNjlhNzViZGEtODgyZS00NGQ1LTg0MzEtNjM0MjEyMDQxMzJhL3Jlc291cmNlZ3JvdXBzL3BzNzEzMD9hcGktdmVyc2lvbj0yMDE2LTA5LTAx",
      "RequestMethod": "DELETE",
      "RequestBody": "",
      "RequestHeaders": {
        "x-ms-client-request-id": [
          "17eb5681-d14f-4a77-b4d8-a1a8cf98e9ae"
        ],
        "Accept-Language": [
          "en-US"
        ],
        "User-Agent": [
          "FxVersion/4.6.29130.01",
          "OSName/Windows",
          "OSVersion/Microsoft.Windows.10.0.18363.",
          "Microsoft.Azure.Management.Internal.Resources.ResourceManagementClient/1.3.23"
        ]
      },
      "ResponseHeaders": {
        "Cache-Control": [
          "no-cache"
        ],
        "Pragma": [
          "no-cache"
        ],
        "Location": [
          "https://management.azure.com/subscriptions/69a75bda-882e-44d5-8431-63421204132a/operationresults/eyJqb2JJZCI6IlJFU09VUkNFR1JPVVBERUxFVElPTkpPQi1QUzcxMzAtV0VTVFVTMiIsImpvYkxvY2F0aW9uIjoid2VzdHVzMiJ9?api-version=2016-09-01"
        ],
        "Retry-After": [
          "15"
        ],
        "x-ms-ratelimit-remaining-subscription-deletes": [
          "14999"
        ],
        "x-ms-request-id": [
          "7d256f07-e1c5-450b-afbe-a97c504c7164"
        ],
        "x-ms-correlation-request-id": [
          "7d256f07-e1c5-450b-afbe-a97c504c7164"
        ],
        "x-ms-routing-request-id": [
          "NORTHEUROPE:20200907T144229Z:7d256f07-e1c5-450b-afbe-a97c504c7164"
        ],
        "Strict-Transport-Security": [
          "max-age=31536000; includeSubDomains"
        ],
        "X-Content-Type-Options": [
          "nosniff"
        ],
        "Date": [
          "Mon, 07 Sep 2020 14:42:29 GMT"
        ],
        "Expires": [
          "-1"
        ],
        "Content-Length": [
          "0"
        ]
      },
      "ResponseBody": "",
      "StatusCode": 202
    },
    {
      "RequestUri": "/subscriptions/69a75bda-882e-44d5-8431-63421204132a/operationresults/eyJqb2JJZCI6IlJFU09VUkNFR1JPVVBERUxFVElPTkpPQi1QUzcxMzAtV0VTVFVTMiIsImpvYkxvY2F0aW9uIjoid2VzdHVzMiJ9?api-version=2016-09-01",
      "EncodedRequestUri": "L3N1YnNjcmlwdGlvbnMvNjlhNzViZGEtODgyZS00NGQ1LTg0MzEtNjM0MjEyMDQxMzJhL29wZXJhdGlvbnJlc3VsdHMvZXlKcWIySkpaQ0k2SWxKRlUwOVZVa05GUjFKUFZWQkVSVXhGVkVsUFRrcFBRaTFRVXpjeE16QXRWMFZUVkZWVE1pSXNJbXB2WWt4dlkyRjBhVzl1SWpvaWQyVnpkSFZ6TWlKOT9hcGktdmVyc2lvbj0yMDE2LTA5LTAx",
      "RequestMethod": "GET",
      "RequestBody": "",
      "RequestHeaders": {
        "User-Agent": [
          "FxVersion/4.6.29130.01",
          "OSName/Windows",
          "OSVersion/Microsoft.Windows.10.0.18363.",
          "Microsoft.Azure.Management.Internal.Resources.ResourceManagementClient/1.3.23"
        ]
      },
      "ResponseHeaders": {
        "Cache-Control": [
          "no-cache"
        ],
        "Pragma": [
          "no-cache"
        ],
        "Location": [
          "https://management.azure.com/subscriptions/69a75bda-882e-44d5-8431-63421204132a/operationresults/eyJqb2JJZCI6IlJFU09VUkNFR1JPVVBERUxFVElPTkpPQi1QUzcxMzAtV0VTVFVTMiIsImpvYkxvY2F0aW9uIjoid2VzdHVzMiJ9?api-version=2016-09-01"
        ],
        "Retry-After": [
          "15"
        ],
        "x-ms-ratelimit-remaining-subscription-reads": [
          "11999"
        ],
        "x-ms-request-id": [
          "52d6fee6-3c05-461a-84d6-4c5211a027df"
        ],
        "x-ms-correlation-request-id": [
          "52d6fee6-3c05-461a-84d6-4c5211a027df"
        ],
        "x-ms-routing-request-id": [
          "NORTHEUROPE:20200907T144244Z:52d6fee6-3c05-461a-84d6-4c5211a027df"
        ],
        "Strict-Transport-Security": [
          "max-age=31536000; includeSubDomains"
        ],
        "X-Content-Type-Options": [
          "nosniff"
        ],
        "Date": [
          "Mon, 07 Sep 2020 14:42:44 GMT"
        ],
        "Expires": [
          "-1"
        ],
        "Content-Length": [
          "0"
        ]
      },
      "ResponseBody": "",
      "StatusCode": 202
    },
    {
      "RequestUri": "/subscriptions/69a75bda-882e-44d5-8431-63421204132a/operationresults/eyJqb2JJZCI6IlJFU09VUkNFR1JPVVBERUxFVElPTkpPQi1QUzcxMzAtV0VTVFVTMiIsImpvYkxvY2F0aW9uIjoid2VzdHVzMiJ9?api-version=2016-09-01",
      "EncodedRequestUri": "L3N1YnNjcmlwdGlvbnMvNjlhNzViZGEtODgyZS00NGQ1LTg0MzEtNjM0MjEyMDQxMzJhL29wZXJhdGlvbnJlc3VsdHMvZXlKcWIySkpaQ0k2SWxKRlUwOVZVa05GUjFKUFZWQkVSVXhGVkVsUFRrcFBRaTFRVXpjeE16QXRWMFZUVkZWVE1pSXNJbXB2WWt4dlkyRjBhVzl1SWpvaWQyVnpkSFZ6TWlKOT9hcGktdmVyc2lvbj0yMDE2LTA5LTAx",
      "RequestMethod": "GET",
      "RequestBody": "",
      "RequestHeaders": {
        "User-Agent": [
          "FxVersion/4.6.29130.01",
          "OSName/Windows",
          "OSVersion/Microsoft.Windows.10.0.18363.",
          "Microsoft.Azure.Management.Internal.Resources.ResourceManagementClient/1.3.23"
        ]
      },
      "ResponseHeaders": {
        "Cache-Control": [
          "no-cache"
        ],
        "Pragma": [
          "no-cache"
        ],
        "Location": [
          "https://management.azure.com/subscriptions/69a75bda-882e-44d5-8431-63421204132a/operationresults/eyJqb2JJZCI6IlJFU09VUkNFR1JPVVBERUxFVElPTkpPQi1QUzcxMzAtV0VTVFVTMiIsImpvYkxvY2F0aW9uIjoid2VzdHVzMiJ9?api-version=2016-09-01"
        ],
        "Retry-After": [
          "15"
        ],
        "x-ms-ratelimit-remaining-subscription-reads": [
          "11998"
        ],
        "x-ms-request-id": [
          "dced3e95-002f-4fa4-b418-e37acfb8a4fc"
        ],
        "x-ms-correlation-request-id": [
          "dced3e95-002f-4fa4-b418-e37acfb8a4fc"
        ],
        "x-ms-routing-request-id": [
          "NORTHEUROPE:20200907T144259Z:dced3e95-002f-4fa4-b418-e37acfb8a4fc"
        ],
        "Strict-Transport-Security": [
          "max-age=31536000; includeSubDomains"
        ],
        "X-Content-Type-Options": [
          "nosniff"
        ],
        "Date": [
          "Mon, 07 Sep 2020 14:42:59 GMT"
        ],
        "Expires": [
          "-1"
        ],
        "Content-Length": [
          "0"
        ]
      },
      "ResponseBody": "",
      "StatusCode": 202
    },
    {
      "RequestUri": "/subscriptions/69a75bda-882e-44d5-8431-63421204132a/operationresults/eyJqb2JJZCI6IlJFU09VUkNFR1JPVVBERUxFVElPTkpPQi1QUzcxMzAtV0VTVFVTMiIsImpvYkxvY2F0aW9uIjoid2VzdHVzMiJ9?api-version=2016-09-01",
      "EncodedRequestUri": "L3N1YnNjcmlwdGlvbnMvNjlhNzViZGEtODgyZS00NGQ1LTg0MzEtNjM0MjEyMDQxMzJhL29wZXJhdGlvbnJlc3VsdHMvZXlKcWIySkpaQ0k2SWxKRlUwOVZVa05GUjFKUFZWQkVSVXhGVkVsUFRrcFBRaTFRVXpjeE16QXRWMFZUVkZWVE1pSXNJbXB2WWt4dlkyRjBhVzl1SWpvaWQyVnpkSFZ6TWlKOT9hcGktdmVyc2lvbj0yMDE2LTA5LTAx",
      "RequestMethod": "GET",
      "RequestBody": "",
      "RequestHeaders": {
        "User-Agent": [
          "FxVersion/4.6.29130.01",
          "OSName/Windows",
          "OSVersion/Microsoft.Windows.10.0.18363.",
          "Microsoft.Azure.Management.Internal.Resources.ResourceManagementClient/1.3.23"
        ]
      },
      "ResponseHeaders": {
        "Cache-Control": [
          "no-cache"
        ],
        "Pragma": [
          "no-cache"
        ],
        "Location": [
          "https://management.azure.com/subscriptions/69a75bda-882e-44d5-8431-63421204132a/operationresults/eyJqb2JJZCI6IlJFU09VUkNFR1JPVVBERUxFVElPTkpPQi1QUzcxMzAtV0VTVFVTMiIsImpvYkxvY2F0aW9uIjoid2VzdHVzMiJ9?api-version=2016-09-01"
        ],
        "Retry-After": [
          "15"
        ],
        "x-ms-ratelimit-remaining-subscription-reads": [
          "11997"
        ],
        "x-ms-request-id": [
          "508aa1c3-a02e-4e6d-8a72-2642f712e6b2"
        ],
        "x-ms-correlation-request-id": [
          "508aa1c3-a02e-4e6d-8a72-2642f712e6b2"
        ],
        "x-ms-routing-request-id": [
          "NORTHEUROPE:20200907T144315Z:508aa1c3-a02e-4e6d-8a72-2642f712e6b2"
        ],
        "Strict-Transport-Security": [
          "max-age=31536000; includeSubDomains"
        ],
        "X-Content-Type-Options": [
          "nosniff"
        ],
        "Date": [
          "Mon, 07 Sep 2020 14:43:14 GMT"
        ],
        "Expires": [
          "-1"
        ],
        "Content-Length": [
          "0"
        ]
      },
      "ResponseBody": "",
      "StatusCode": 202
    },
    {
      "RequestUri": "/subscriptions/69a75bda-882e-44d5-8431-63421204132a/operationresults/eyJqb2JJZCI6IlJFU09VUkNFR1JPVVBERUxFVElPTkpPQi1QUzcxMzAtV0VTVFVTMiIsImpvYkxvY2F0aW9uIjoid2VzdHVzMiJ9?api-version=2016-09-01",
      "EncodedRequestUri": "L3N1YnNjcmlwdGlvbnMvNjlhNzViZGEtODgyZS00NGQ1LTg0MzEtNjM0MjEyMDQxMzJhL29wZXJhdGlvbnJlc3VsdHMvZXlKcWIySkpaQ0k2SWxKRlUwOVZVa05GUjFKUFZWQkVSVXhGVkVsUFRrcFBRaTFRVXpjeE16QXRWMFZUVkZWVE1pSXNJbXB2WWt4dlkyRjBhVzl1SWpvaWQyVnpkSFZ6TWlKOT9hcGktdmVyc2lvbj0yMDE2LTA5LTAx",
      "RequestMethod": "GET",
      "RequestBody": "",
      "RequestHeaders": {
        "User-Agent": [
          "FxVersion/4.6.29130.01",
          "OSName/Windows",
          "OSVersion/Microsoft.Windows.10.0.18363.",
          "Microsoft.Azure.Management.Internal.Resources.ResourceManagementClient/1.3.23"
        ]
      },
      "ResponseHeaders": {
        "Cache-Control": [
          "no-cache"
        ],
        "Pragma": [
          "no-cache"
        ],
        "Location": [
          "https://management.azure.com/subscriptions/69a75bda-882e-44d5-8431-63421204132a/operationresults/eyJqb2JJZCI6IlJFU09VUkNFR1JPVVBERUxFVElPTkpPQi1QUzcxMzAtV0VTVFVTMiIsImpvYkxvY2F0aW9uIjoid2VzdHVzMiJ9?api-version=2016-09-01"
        ],
        "Retry-After": [
          "15"
        ],
        "x-ms-ratelimit-remaining-subscription-reads": [
          "11996"
        ],
        "x-ms-request-id": [
          "7a80764a-7627-44df-b96f-21338a8e1c48"
        ],
        "x-ms-correlation-request-id": [
          "7a80764a-7627-44df-b96f-21338a8e1c48"
        ],
        "x-ms-routing-request-id": [
          "NORTHEUROPE:20200907T144330Z:7a80764a-7627-44df-b96f-21338a8e1c48"
        ],
        "Strict-Transport-Security": [
          "max-age=31536000; includeSubDomains"
        ],
        "X-Content-Type-Options": [
          "nosniff"
        ],
        "Date": [
          "Mon, 07 Sep 2020 14:43:30 GMT"
        ],
        "Expires": [
          "-1"
        ],
        "Content-Length": [
          "0"
        ]
      },
      "ResponseBody": "",
      "StatusCode": 202
    },
    {
      "RequestUri": "/subscriptions/69a75bda-882e-44d5-8431-63421204132a/operationresults/eyJqb2JJZCI6IlJFU09VUkNFR1JPVVBERUxFVElPTkpPQi1QUzcxMzAtV0VTVFVTMiIsImpvYkxvY2F0aW9uIjoid2VzdHVzMiJ9?api-version=2016-09-01",
      "EncodedRequestUri": "L3N1YnNjcmlwdGlvbnMvNjlhNzViZGEtODgyZS00NGQ1LTg0MzEtNjM0MjEyMDQxMzJhL29wZXJhdGlvbnJlc3VsdHMvZXlKcWIySkpaQ0k2SWxKRlUwOVZVa05GUjFKUFZWQkVSVXhGVkVsUFRrcFBRaTFRVXpjeE16QXRWMFZUVkZWVE1pSXNJbXB2WWt4dlkyRjBhVzl1SWpvaWQyVnpkSFZ6TWlKOT9hcGktdmVyc2lvbj0yMDE2LTA5LTAx",
      "RequestMethod": "GET",
      "RequestBody": "",
      "RequestHeaders": {
        "User-Agent": [
          "FxVersion/4.6.29130.01",
          "OSName/Windows",
          "OSVersion/Microsoft.Windows.10.0.18363.",
          "Microsoft.Azure.Management.Internal.Resources.ResourceManagementClient/1.3.23"
        ]
      },
      "ResponseHeaders": {
        "Cache-Control": [
          "no-cache"
        ],
        "Pragma": [
          "no-cache"
        ],
        "Location": [
          "https://management.azure.com/subscriptions/69a75bda-882e-44d5-8431-63421204132a/operationresults/eyJqb2JJZCI6IlJFU09VUkNFR1JPVVBERUxFVElPTkpPQi1QUzcxMzAtV0VTVFVTMiIsImpvYkxvY2F0aW9uIjoid2VzdHVzMiJ9?api-version=2016-09-01"
        ],
        "Retry-After": [
          "15"
        ],
        "x-ms-ratelimit-remaining-subscription-reads": [
          "11995"
        ],
        "x-ms-request-id": [
          "82b6fc2e-d315-4275-a36a-7c5469872580"
        ],
        "x-ms-correlation-request-id": [
          "82b6fc2e-d315-4275-a36a-7c5469872580"
        ],
        "x-ms-routing-request-id": [
          "NORTHEUROPE:20200907T144345Z:82b6fc2e-d315-4275-a36a-7c5469872580"
        ],
        "Strict-Transport-Security": [
          "max-age=31536000; includeSubDomains"
        ],
        "X-Content-Type-Options": [
          "nosniff"
        ],
        "Date": [
          "Mon, 07 Sep 2020 14:43:45 GMT"
        ],
        "Expires": [
          "-1"
        ],
        "Content-Length": [
          "0"
        ]
      },
      "ResponseBody": "",
      "StatusCode": 202
    },
    {
      "RequestUri": "/subscriptions/69a75bda-882e-44d5-8431-63421204132a/operationresults/eyJqb2JJZCI6IlJFU09VUkNFR1JPVVBERUxFVElPTkpPQi1QUzcxMzAtV0VTVFVTMiIsImpvYkxvY2F0aW9uIjoid2VzdHVzMiJ9?api-version=2016-09-01",
      "EncodedRequestUri": "L3N1YnNjcmlwdGlvbnMvNjlhNzViZGEtODgyZS00NGQ1LTg0MzEtNjM0MjEyMDQxMzJhL29wZXJhdGlvbnJlc3VsdHMvZXlKcWIySkpaQ0k2SWxKRlUwOVZVa05GUjFKUFZWQkVSVXhGVkVsUFRrcFBRaTFRVXpjeE16QXRWMFZUVkZWVE1pSXNJbXB2WWt4dlkyRjBhVzl1SWpvaWQyVnpkSFZ6TWlKOT9hcGktdmVyc2lvbj0yMDE2LTA5LTAx",
      "RequestMethod": "GET",
      "RequestBody": "",
      "RequestHeaders": {
        "User-Agent": [
          "FxVersion/4.6.29130.01",
          "OSName/Windows",
          "OSVersion/Microsoft.Windows.10.0.18363.",
          "Microsoft.Azure.Management.Internal.Resources.ResourceManagementClient/1.3.23"
        ]
      },
      "ResponseHeaders": {
        "Cache-Control": [
          "no-cache"
        ],
        "Pragma": [
          "no-cache"
        ],
        "Location": [
          "https://management.azure.com/subscriptions/69a75bda-882e-44d5-8431-63421204132a/operationresults/eyJqb2JJZCI6IlJFU09VUkNFR1JPVVBERUxFVElPTkpPQi1QUzcxMzAtV0VTVFVTMiIsImpvYkxvY2F0aW9uIjoid2VzdHVzMiJ9?api-version=2016-09-01"
        ],
        "Retry-After": [
          "15"
        ],
        "x-ms-ratelimit-remaining-subscription-reads": [
          "11994"
        ],
        "x-ms-request-id": [
          "8c9f78ab-e578-42ac-b437-21d7136271d7"
        ],
        "x-ms-correlation-request-id": [
          "8c9f78ab-e578-42ac-b437-21d7136271d7"
        ],
        "x-ms-routing-request-id": [
          "NORTHEUROPE:20200907T144401Z:8c9f78ab-e578-42ac-b437-21d7136271d7"
        ],
        "Strict-Transport-Security": [
          "max-age=31536000; includeSubDomains"
        ],
        "X-Content-Type-Options": [
          "nosniff"
        ],
        "Date": [
          "Mon, 07 Sep 2020 14:44:00 GMT"
        ],
        "Expires": [
          "-1"
        ],
        "Content-Length": [
          "0"
        ]
      },
      "ResponseBody": "",
      "StatusCode": 202
    },
    {
      "RequestUri": "/subscriptions/69a75bda-882e-44d5-8431-63421204132a/operationresults/eyJqb2JJZCI6IlJFU09VUkNFR1JPVVBERUxFVElPTkpPQi1QUzcxMzAtV0VTVFVTMiIsImpvYkxvY2F0aW9uIjoid2VzdHVzMiJ9?api-version=2016-09-01",
      "EncodedRequestUri": "L3N1YnNjcmlwdGlvbnMvNjlhNzViZGEtODgyZS00NGQ1LTg0MzEtNjM0MjEyMDQxMzJhL29wZXJhdGlvbnJlc3VsdHMvZXlKcWIySkpaQ0k2SWxKRlUwOVZVa05GUjFKUFZWQkVSVXhGVkVsUFRrcFBRaTFRVXpjeE16QXRWMFZUVkZWVE1pSXNJbXB2WWt4dlkyRjBhVzl1SWpvaWQyVnpkSFZ6TWlKOT9hcGktdmVyc2lvbj0yMDE2LTA5LTAx",
      "RequestMethod": "GET",
      "RequestBody": "",
      "RequestHeaders": {
        "User-Agent": [
          "FxVersion/4.6.29130.01",
          "OSName/Windows",
          "OSVersion/Microsoft.Windows.10.0.18363.",
          "Microsoft.Azure.Management.Internal.Resources.ResourceManagementClient/1.3.23"
        ]
      },
      "ResponseHeaders": {
        "Cache-Control": [
          "no-cache"
        ],
        "Pragma": [
          "no-cache"
        ],
        "Location": [
          "https://management.azure.com/subscriptions/69a75bda-882e-44d5-8431-63421204132a/operationresults/eyJqb2JJZCI6IlJFU09VUkNFR1JPVVBERUxFVElPTkpPQi1QUzcxMzAtV0VTVFVTMiIsImpvYkxvY2F0aW9uIjoid2VzdHVzMiJ9?api-version=2016-09-01"
        ],
        "Retry-After": [
          "15"
        ],
        "x-ms-ratelimit-remaining-subscription-reads": [
          "11993"
        ],
        "x-ms-request-id": [
          "89cdff64-3d8e-4ec5-84b0-02cd0b972ba5"
        ],
        "x-ms-correlation-request-id": [
          "89cdff64-3d8e-4ec5-84b0-02cd0b972ba5"
        ],
        "x-ms-routing-request-id": [
          "NORTHEUROPE:20200907T144416Z:89cdff64-3d8e-4ec5-84b0-02cd0b972ba5"
        ],
        "Strict-Transport-Security": [
          "max-age=31536000; includeSubDomains"
        ],
        "X-Content-Type-Options": [
          "nosniff"
        ],
        "Date": [
          "Mon, 07 Sep 2020 14:44:15 GMT"
        ],
        "Expires": [
          "-1"
        ],
        "Content-Length": [
          "0"
        ]
      },
      "ResponseBody": "",
      "StatusCode": 202
    },
    {
      "RequestUri": "/subscriptions/69a75bda-882e-44d5-8431-63421204132a/operationresults/eyJqb2JJZCI6IlJFU09VUkNFR1JPVVBERUxFVElPTkpPQi1QUzcxMzAtV0VTVFVTMiIsImpvYkxvY2F0aW9uIjoid2VzdHVzMiJ9?api-version=2016-09-01",
      "EncodedRequestUri": "L3N1YnNjcmlwdGlvbnMvNjlhNzViZGEtODgyZS00NGQ1LTg0MzEtNjM0MjEyMDQxMzJhL29wZXJhdGlvbnJlc3VsdHMvZXlKcWIySkpaQ0k2SWxKRlUwOVZVa05GUjFKUFZWQkVSVXhGVkVsUFRrcFBRaTFRVXpjeE16QXRWMFZUVkZWVE1pSXNJbXB2WWt4dlkyRjBhVzl1SWpvaWQyVnpkSFZ6TWlKOT9hcGktdmVyc2lvbj0yMDE2LTA5LTAx",
      "RequestMethod": "GET",
      "RequestBody": "",
      "RequestHeaders": {
        "User-Agent": [
          "FxVersion/4.6.29130.01",
          "OSName/Windows",
          "OSVersion/Microsoft.Windows.10.0.18363.",
          "Microsoft.Azure.Management.Internal.Resources.ResourceManagementClient/1.3.23"
        ]
      },
      "ResponseHeaders": {
        "Cache-Control": [
          "no-cache"
        ],
        "Pragma": [
          "no-cache"
        ],
        "Location": [
          "https://management.azure.com/subscriptions/69a75bda-882e-44d5-8431-63421204132a/operationresults/eyJqb2JJZCI6IlJFU09VUkNFR1JPVVBERUxFVElPTkpPQi1QUzcxMzAtV0VTVFVTMiIsImpvYkxvY2F0aW9uIjoid2VzdHVzMiJ9?api-version=2016-09-01"
        ],
        "Retry-After": [
          "15"
        ],
        "x-ms-ratelimit-remaining-subscription-reads": [
          "11992"
        ],
        "x-ms-request-id": [
          "b26fe488-3bd5-4cdd-ba88-6a1645fc1c77"
        ],
        "x-ms-correlation-request-id": [
          "b26fe488-3bd5-4cdd-ba88-6a1645fc1c77"
        ],
        "x-ms-routing-request-id": [
          "NORTHEUROPE:20200907T144431Z:b26fe488-3bd5-4cdd-ba88-6a1645fc1c77"
        ],
        "Strict-Transport-Security": [
          "max-age=31536000; includeSubDomains"
        ],
        "X-Content-Type-Options": [
          "nosniff"
        ],
        "Date": [
          "Mon, 07 Sep 2020 14:44:31 GMT"
        ],
        "Expires": [
          "-1"
        ],
        "Content-Length": [
          "0"
        ]
      },
      "ResponseBody": "",
      "StatusCode": 202
    },
    {
      "RequestUri": "/subscriptions/69a75bda-882e-44d5-8431-63421204132a/operationresults/eyJqb2JJZCI6IlJFU09VUkNFR1JPVVBERUxFVElPTkpPQi1QUzcxMzAtV0VTVFVTMiIsImpvYkxvY2F0aW9uIjoid2VzdHVzMiJ9?api-version=2016-09-01",
      "EncodedRequestUri": "L3N1YnNjcmlwdGlvbnMvNjlhNzViZGEtODgyZS00NGQ1LTg0MzEtNjM0MjEyMDQxMzJhL29wZXJhdGlvbnJlc3VsdHMvZXlKcWIySkpaQ0k2SWxKRlUwOVZVa05GUjFKUFZWQkVSVXhGVkVsUFRrcFBRaTFRVXpjeE16QXRWMFZUVkZWVE1pSXNJbXB2WWt4dlkyRjBhVzl1SWpvaWQyVnpkSFZ6TWlKOT9hcGktdmVyc2lvbj0yMDE2LTA5LTAx",
      "RequestMethod": "GET",
      "RequestBody": "",
      "RequestHeaders": {
        "User-Agent": [
          "FxVersion/4.6.29130.01",
          "OSName/Windows",
          "OSVersion/Microsoft.Windows.10.0.18363.",
          "Microsoft.Azure.Management.Internal.Resources.ResourceManagementClient/1.3.23"
        ]
      },
      "ResponseHeaders": {
        "Cache-Control": [
          "no-cache"
        ],
        "Pragma": [
          "no-cache"
        ],
        "Location": [
          "https://management.azure.com/subscriptions/69a75bda-882e-44d5-8431-63421204132a/operationresults/eyJqb2JJZCI6IlJFU09VUkNFR1JPVVBERUxFVElPTkpPQi1QUzcxMzAtV0VTVFVTMiIsImpvYkxvY2F0aW9uIjoid2VzdHVzMiJ9?api-version=2016-09-01"
        ],
        "Retry-After": [
          "15"
        ],
        "x-ms-ratelimit-remaining-subscription-reads": [
          "11991"
        ],
        "x-ms-request-id": [
          "48ebbc1f-b984-480c-acc5-e9d695efa9f8"
        ],
        "x-ms-correlation-request-id": [
          "48ebbc1f-b984-480c-acc5-e9d695efa9f8"
        ],
        "x-ms-routing-request-id": [
          "NORTHEUROPE:20200907T144447Z:48ebbc1f-b984-480c-acc5-e9d695efa9f8"
        ],
        "Strict-Transport-Security": [
          "max-age=31536000; includeSubDomains"
        ],
        "X-Content-Type-Options": [
          "nosniff"
        ],
        "Date": [
          "Mon, 07 Sep 2020 14:44:46 GMT"
        ],
        "Expires": [
          "-1"
        ],
        "Content-Length": [
          "0"
        ]
      },
      "ResponseBody": "",
      "StatusCode": 202
    },
    {
      "RequestUri": "/subscriptions/69a75bda-882e-44d5-8431-63421204132a/operationresults/eyJqb2JJZCI6IlJFU09VUkNFR1JPVVBERUxFVElPTkpPQi1QUzcxMzAtV0VTVFVTMiIsImpvYkxvY2F0aW9uIjoid2VzdHVzMiJ9?api-version=2016-09-01",
      "EncodedRequestUri": "L3N1YnNjcmlwdGlvbnMvNjlhNzViZGEtODgyZS00NGQ1LTg0MzEtNjM0MjEyMDQxMzJhL29wZXJhdGlvbnJlc3VsdHMvZXlKcWIySkpaQ0k2SWxKRlUwOVZVa05GUjFKUFZWQkVSVXhGVkVsUFRrcFBRaTFRVXpjeE16QXRWMFZUVkZWVE1pSXNJbXB2WWt4dlkyRjBhVzl1SWpvaWQyVnpkSFZ6TWlKOT9hcGktdmVyc2lvbj0yMDE2LTA5LTAx",
      "RequestMethod": "GET",
      "RequestBody": "",
      "RequestHeaders": {
        "User-Agent": [
          "FxVersion/4.6.29130.01",
          "OSName/Windows",
          "OSVersion/Microsoft.Windows.10.0.18363.",
          "Microsoft.Azure.Management.Internal.Resources.ResourceManagementClient/1.3.23"
        ]
      },
      "ResponseHeaders": {
        "Cache-Control": [
          "no-cache"
        ],
        "Pragma": [
          "no-cache"
        ],
        "Location": [
          "https://management.azure.com/subscriptions/69a75bda-882e-44d5-8431-63421204132a/operationresults/eyJqb2JJZCI6IlJFU09VUkNFR1JPVVBERUxFVElPTkpPQi1QUzcxMzAtV0VTVFVTMiIsImpvYkxvY2F0aW9uIjoid2VzdHVzMiJ9?api-version=2016-09-01"
        ],
        "Retry-After": [
          "15"
        ],
        "x-ms-ratelimit-remaining-subscription-reads": [
          "11990"
        ],
        "x-ms-request-id": [
          "6b360c99-50c4-407d-b8ef-bb2a96bf583f"
        ],
        "x-ms-correlation-request-id": [
          "6b360c99-50c4-407d-b8ef-bb2a96bf583f"
        ],
        "x-ms-routing-request-id": [
          "NORTHEUROPE:20200907T144502Z:6b360c99-50c4-407d-b8ef-bb2a96bf583f"
        ],
        "Strict-Transport-Security": [
          "max-age=31536000; includeSubDomains"
        ],
        "X-Content-Type-Options": [
          "nosniff"
        ],
        "Date": [
          "Mon, 07 Sep 2020 14:45:01 GMT"
        ],
        "Expires": [
          "-1"
        ],
        "Content-Length": [
          "0"
        ]
      },
      "ResponseBody": "",
      "StatusCode": 202
    },
    {
      "RequestUri": "/subscriptions/69a75bda-882e-44d5-8431-63421204132a/operationresults/eyJqb2JJZCI6IlJFU09VUkNFR1JPVVBERUxFVElPTkpPQi1QUzcxMzAtV0VTVFVTMiIsImpvYkxvY2F0aW9uIjoid2VzdHVzMiJ9?api-version=2016-09-01",
      "EncodedRequestUri": "L3N1YnNjcmlwdGlvbnMvNjlhNzViZGEtODgyZS00NGQ1LTg0MzEtNjM0MjEyMDQxMzJhL29wZXJhdGlvbnJlc3VsdHMvZXlKcWIySkpaQ0k2SWxKRlUwOVZVa05GUjFKUFZWQkVSVXhGVkVsUFRrcFBRaTFRVXpjeE16QXRWMFZUVkZWVE1pSXNJbXB2WWt4dlkyRjBhVzl1SWpvaWQyVnpkSFZ6TWlKOT9hcGktdmVyc2lvbj0yMDE2LTA5LTAx",
      "RequestMethod": "GET",
      "RequestBody": "",
      "RequestHeaders": {
        "User-Agent": [
          "FxVersion/4.6.29130.01",
          "OSName/Windows",
          "OSVersion/Microsoft.Windows.10.0.18363.",
          "Microsoft.Azure.Management.Internal.Resources.ResourceManagementClient/1.3.23"
        ]
      },
      "ResponseHeaders": {
        "Cache-Control": [
          "no-cache"
        ],
        "Pragma": [
          "no-cache"
        ],
        "Location": [
          "https://management.azure.com/subscriptions/69a75bda-882e-44d5-8431-63421204132a/operationresults/eyJqb2JJZCI6IlJFU09VUkNFR1JPVVBERUxFVElPTkpPQi1QUzcxMzAtV0VTVFVTMiIsImpvYkxvY2F0aW9uIjoid2VzdHVzMiJ9?api-version=2016-09-01"
        ],
        "Retry-After": [
          "15"
        ],
        "x-ms-ratelimit-remaining-subscription-reads": [
          "11989"
        ],
        "x-ms-request-id": [
          "0f2da7b7-a6a4-4b0f-a044-ccc6ff3fbcc5"
        ],
        "x-ms-correlation-request-id": [
          "0f2da7b7-a6a4-4b0f-a044-ccc6ff3fbcc5"
        ],
        "x-ms-routing-request-id": [
          "NORTHEUROPE:20200907T144517Z:0f2da7b7-a6a4-4b0f-a044-ccc6ff3fbcc5"
        ],
        "Strict-Transport-Security": [
          "max-age=31536000; includeSubDomains"
        ],
        "X-Content-Type-Options": [
          "nosniff"
        ],
        "Date": [
          "Mon, 07 Sep 2020 14:45:17 GMT"
        ],
        "Expires": [
          "-1"
        ],
        "Content-Length": [
          "0"
        ]
      },
      "ResponseBody": "",
      "StatusCode": 202
    },
    {
      "RequestUri": "/subscriptions/69a75bda-882e-44d5-8431-63421204132a/operationresults/eyJqb2JJZCI6IlJFU09VUkNFR1JPVVBERUxFVElPTkpPQi1QUzcxMzAtV0VTVFVTMiIsImpvYkxvY2F0aW9uIjoid2VzdHVzMiJ9?api-version=2016-09-01",
      "EncodedRequestUri": "L3N1YnNjcmlwdGlvbnMvNjlhNzViZGEtODgyZS00NGQ1LTg0MzEtNjM0MjEyMDQxMzJhL29wZXJhdGlvbnJlc3VsdHMvZXlKcWIySkpaQ0k2SWxKRlUwOVZVa05GUjFKUFZWQkVSVXhGVkVsUFRrcFBRaTFRVXpjeE16QXRWMFZUVkZWVE1pSXNJbXB2WWt4dlkyRjBhVzl1SWpvaWQyVnpkSFZ6TWlKOT9hcGktdmVyc2lvbj0yMDE2LTA5LTAx",
      "RequestMethod": "GET",
      "RequestBody": "",
      "RequestHeaders": {
        "User-Agent": [
          "FxVersion/4.6.29130.01",
          "OSName/Windows",
          "OSVersion/Microsoft.Windows.10.0.18363.",
          "Microsoft.Azure.Management.Internal.Resources.ResourceManagementClient/1.3.23"
        ]
      },
      "ResponseHeaders": {
        "Cache-Control": [
          "no-cache"
        ],
        "Pragma": [
          "no-cache"
        ],
        "Location": [
          "https://management.azure.com/subscriptions/69a75bda-882e-44d5-8431-63421204132a/operationresults/eyJqb2JJZCI6IlJFU09VUkNFR1JPVVBERUxFVElPTkpPQi1QUzcxMzAtV0VTVFVTMiIsImpvYkxvY2F0aW9uIjoid2VzdHVzMiJ9?api-version=2016-09-01"
        ],
        "Retry-After": [
          "15"
        ],
        "x-ms-ratelimit-remaining-subscription-reads": [
          "11988"
        ],
        "x-ms-request-id": [
          "097ecd9c-0392-427b-a961-8586dc40daf4"
        ],
        "x-ms-correlation-request-id": [
          "097ecd9c-0392-427b-a961-8586dc40daf4"
        ],
        "x-ms-routing-request-id": [
          "NORTHEUROPE:20200907T144533Z:097ecd9c-0392-427b-a961-8586dc40daf4"
        ],
        "Strict-Transport-Security": [
          "max-age=31536000; includeSubDomains"
        ],
        "X-Content-Type-Options": [
          "nosniff"
        ],
        "Date": [
          "Mon, 07 Sep 2020 14:45:33 GMT"
        ],
        "Expires": [
          "-1"
        ],
        "Content-Length": [
          "0"
        ]
      },
      "ResponseBody": "",
      "StatusCode": 202
    },
    {
      "RequestUri": "/subscriptions/69a75bda-882e-44d5-8431-63421204132a/operationresults/eyJqb2JJZCI6IlJFU09VUkNFR1JPVVBERUxFVElPTkpPQi1QUzcxMzAtV0VTVFVTMiIsImpvYkxvY2F0aW9uIjoid2VzdHVzMiJ9?api-version=2016-09-01",
      "EncodedRequestUri": "L3N1YnNjcmlwdGlvbnMvNjlhNzViZGEtODgyZS00NGQ1LTg0MzEtNjM0MjEyMDQxMzJhL29wZXJhdGlvbnJlc3VsdHMvZXlKcWIySkpaQ0k2SWxKRlUwOVZVa05GUjFKUFZWQkVSVXhGVkVsUFRrcFBRaTFRVXpjeE16QXRWMFZUVkZWVE1pSXNJbXB2WWt4dlkyRjBhVzl1SWpvaWQyVnpkSFZ6TWlKOT9hcGktdmVyc2lvbj0yMDE2LTA5LTAx",
      "RequestMethod": "GET",
      "RequestBody": "",
      "RequestHeaders": {
        "User-Agent": [
          "FxVersion/4.6.29130.01",
          "OSName/Windows",
          "OSVersion/Microsoft.Windows.10.0.18363.",
          "Microsoft.Azure.Management.Internal.Resources.ResourceManagementClient/1.3.23"
        ]
      },
      "ResponseHeaders": {
        "Cache-Control": [
          "no-cache"
        ],
        "Pragma": [
          "no-cache"
        ],
        "Location": [
          "https://management.azure.com/subscriptions/69a75bda-882e-44d5-8431-63421204132a/operationresults/eyJqb2JJZCI6IlJFU09VUkNFR1JPVVBERUxFVElPTkpPQi1QUzcxMzAtV0VTVFVTMiIsImpvYkxvY2F0aW9uIjoid2VzdHVzMiJ9?api-version=2016-09-01"
        ],
        "Retry-After": [
          "15"
        ],
        "x-ms-ratelimit-remaining-subscription-reads": [
          "11987"
        ],
        "x-ms-request-id": [
          "0a201a71-0cab-4e27-a9d4-ef923fb154d9"
        ],
        "x-ms-correlation-request-id": [
          "0a201a71-0cab-4e27-a9d4-ef923fb154d9"
        ],
        "x-ms-routing-request-id": [
          "NORTHEUROPE:20200907T144548Z:0a201a71-0cab-4e27-a9d4-ef923fb154d9"
        ],
        "Strict-Transport-Security": [
          "max-age=31536000; includeSubDomains"
        ],
        "X-Content-Type-Options": [
          "nosniff"
        ],
        "Date": [
          "Mon, 07 Sep 2020 14:45:48 GMT"
        ],
        "Expires": [
          "-1"
        ],
        "Content-Length": [
          "0"
        ]
      },
      "ResponseBody": "",
      "StatusCode": 202
    },
    {
      "RequestUri": "/subscriptions/69a75bda-882e-44d5-8431-63421204132a/operationresults/eyJqb2JJZCI6IlJFU09VUkNFR1JPVVBERUxFVElPTkpPQi1QUzcxMzAtV0VTVFVTMiIsImpvYkxvY2F0aW9uIjoid2VzdHVzMiJ9?api-version=2016-09-01",
      "EncodedRequestUri": "L3N1YnNjcmlwdGlvbnMvNjlhNzViZGEtODgyZS00NGQ1LTg0MzEtNjM0MjEyMDQxMzJhL29wZXJhdGlvbnJlc3VsdHMvZXlKcWIySkpaQ0k2SWxKRlUwOVZVa05GUjFKUFZWQkVSVXhGVkVsUFRrcFBRaTFRVXpjeE16QXRWMFZUVkZWVE1pSXNJbXB2WWt4dlkyRjBhVzl1SWpvaWQyVnpkSFZ6TWlKOT9hcGktdmVyc2lvbj0yMDE2LTA5LTAx",
      "RequestMethod": "GET",
      "RequestBody": "",
      "RequestHeaders": {
        "User-Agent": [
          "FxVersion/4.6.29130.01",
          "OSName/Windows",
          "OSVersion/Microsoft.Windows.10.0.18363.",
          "Microsoft.Azure.Management.Internal.Resources.ResourceManagementClient/1.3.23"
        ]
      },
      "ResponseHeaders": {
        "Cache-Control": [
          "no-cache"
        ],
        "Pragma": [
          "no-cache"
        ],
        "x-ms-ratelimit-remaining-subscription-reads": [
          "11986"
        ],
        "x-ms-request-id": [
          "1d98dc38-db9e-4e8a-808d-369f10937328"
        ],
        "x-ms-correlation-request-id": [
          "1d98dc38-db9e-4e8a-808d-369f10937328"
        ],
        "x-ms-routing-request-id": [
          "NORTHEUROPE:20200907T144603Z:1d98dc38-db9e-4e8a-808d-369f10937328"
        ],
        "Strict-Transport-Security": [
          "max-age=31536000; includeSubDomains"
        ],
        "X-Content-Type-Options": [
          "nosniff"
        ],
        "Date": [
          "Mon, 07 Sep 2020 14:46:03 GMT"
        ],
        "Expires": [
          "-1"
        ],
        "Content-Length": [
          "0"
        ]
      },
      "ResponseBody": "",
      "StatusCode": 200
    },
    {
      "RequestUri": "/subscriptions/69a75bda-882e-44d5-8431-63421204132a/operationresults/eyJqb2JJZCI6IlJFU09VUkNFR1JPVVBERUxFVElPTkpPQi1QUzcxMzAtV0VTVFVTMiIsImpvYkxvY2F0aW9uIjoid2VzdHVzMiJ9?api-version=2016-09-01",
      "EncodedRequestUri": "L3N1YnNjcmlwdGlvbnMvNjlhNzViZGEtODgyZS00NGQ1LTg0MzEtNjM0MjEyMDQxMzJhL29wZXJhdGlvbnJlc3VsdHMvZXlKcWIySkpaQ0k2SWxKRlUwOVZVa05GUjFKUFZWQkVSVXhGVkVsUFRrcFBRaTFRVXpjeE16QXRWMFZUVkZWVE1pSXNJbXB2WWt4dlkyRjBhVzl1SWpvaWQyVnpkSFZ6TWlKOT9hcGktdmVyc2lvbj0yMDE2LTA5LTAx",
      "RequestMethod": "GET",
      "RequestBody": "",
      "RequestHeaders": {
        "User-Agent": [
          "FxVersion/4.6.29130.01",
          "OSName/Windows",
          "OSVersion/Microsoft.Windows.10.0.18363.",
          "Microsoft.Azure.Management.Internal.Resources.ResourceManagementClient/1.3.23"
        ]
      },
      "ResponseHeaders": {
        "Cache-Control": [
          "no-cache"
        ],
        "Pragma": [
          "no-cache"
        ],
        "x-ms-ratelimit-remaining-subscription-reads": [
          "11985"
        ],
        "x-ms-request-id": [
          "e2b1434b-bc08-47be-8668-200a1ceabddc"
        ],
        "x-ms-correlation-request-id": [
          "e2b1434b-bc08-47be-8668-200a1ceabddc"
        ],
        "x-ms-routing-request-id": [
          "NORTHEUROPE:20200907T144604Z:e2b1434b-bc08-47be-8668-200a1ceabddc"
        ],
        "Strict-Transport-Security": [
          "max-age=31536000; includeSubDomains"
        ],
        "X-Content-Type-Options": [
          "nosniff"
        ],
        "Date": [
          "Mon, 07 Sep 2020 14:46:03 GMT"
        ],
        "Expires": [
          "-1"
        ],
        "Content-Length": [
          "0"
        ]
      },
      "ResponseBody": "",
      "StatusCode": 200
    }
  ],
  "Names": {
    "Test-VolumePipelines": [
      "ps7130",
      "ps9556",
      "ps3832",
      "ps6277",
      "ps6609"
    ]
  },
  "Variables": {
    "SubscriptionId": "69a75bda-882e-44d5-8431-63421204132a"
  }
}