{
  "Entries": [
    {
      "RequestUri": "/subscriptions/f557b96d-2308-4a18-aae1-b8f7e7e70cc7/resourcegroups/pws-sdk-tests-rg-2?api-version=2016-09-01",
      "EncodedRequestUri": "L3N1YnNjcmlwdGlvbnMvZjU1N2I5NmQtMjMwOC00YTE4LWFhZTEtYjhmN2U3ZTcwY2M3L3Jlc291cmNlZ3JvdXBzL3B3cy1zZGstdGVzdHMtcmctMj9hcGktdmVyc2lvbj0yMDE2LTA5LTAx",
      "RequestMethod": "PUT",
      "RequestBody": "{\r\n  \"location\": \"eastus\"\r\n}",
      "RequestHeaders": {
        "x-ms-client-request-id": [
          "863c3ea6-112a-44be-9c0c-979094d608b9"
        ],
        "Accept-Language": [
          "en-US"
        ],
        "User-Agent": [
          "FxVersion/4.6.27019.06",
          "OSName/Windows",
          "OSVersion/Microsoft.Windows.10.0.17134.",
          "Microsoft.Azure.Management.Internal.Resources.ResourceManagementClient/1.1.17"
        ],
        "Content-Type": [
          "application/json; charset=utf-8"
        ],
        "Content-Length": [
          "28"
        ]
      },
      "ResponseHeaders": {
        "Cache-Control": [
          "no-cache"
        ],
        "Pragma": [
          "no-cache"
        ],
        "x-ms-ratelimit-remaining-subscription-writes": [
          "1198"
        ],
        "x-ms-request-id": [
          "45a7e7c5-a04a-4878-8770-5b1988259a8d"
        ],
        "x-ms-correlation-request-id": [
          "45a7e7c5-a04a-4878-8770-5b1988259a8d"
        ],
        "x-ms-routing-request-id": [
          "FRANCECENTRAL:20190325T114621Z:45a7e7c5-a04a-4878-8770-5b1988259a8d"
        ],
        "Strict-Transport-Security": [
          "max-age=31536000; includeSubDomains"
        ],
        "X-Content-Type-Options": [
          "nosniff"
        ],
        "Date": [
          "Mon, 25 Mar 2019 11:46:20 GMT"
        ],
        "Content-Length": [
          "189"
        ],
        "Content-Type": [
          "application/json; charset=utf-8"
        ],
        "Expires": [
          "-1"
        ]
      },
      "ResponseBody": "{\r\n  \"id\": \"/subscriptions/f557b96d-2308-4a18-aae1-b8f7e7e70cc7/resourceGroups/pws-sdk-tests-rg-2\",\r\n  \"name\": \"pws-sdk-tests-rg-2\",\r\n  \"location\": \"eastus\",\r\n  \"properties\": {\r\n    \"provisioningState\": \"Succeeded\"\r\n  }\r\n}",
      "StatusCode": 201
    },
    {
      "RequestUri": "/subscriptions/f557b96d-2308-4a18-aae1-b8f7e7e70cc7/resourceGroups/pws-sdk-tests-rg-2/providers/Microsoft.Network/virtualNetworks/pws-sdk-tests-rg-2-vnet?api-version=2018-12-01",
      "EncodedRequestUri": "L3N1YnNjcmlwdGlvbnMvZjU1N2I5NmQtMjMwOC00YTE4LWFhZTEtYjhmN2U3ZTcwY2M3L3Jlc291cmNlR3JvdXBzL3B3cy1zZGstdGVzdHMtcmctMi9wcm92aWRlcnMvTWljcm9zb2Z0Lk5ldHdvcmsvdmlydHVhbE5ldHdvcmtzL3B3cy1zZGstdGVzdHMtcmctMi12bmV0P2FwaS12ZXJzaW9uPTIwMTgtMTItMDE=",
      "RequestMethod": "GET",
      "RequestBody": "",
      "RequestHeaders": {
        "x-ms-client-request-id": [
          "c9b9dc1a-ff6d-43da-ad07-df3e8056fea4"
        ],
        "Accept-Language": [
          "en-US"
        ],
        "User-Agent": [
          "FxVersion/4.6.27019.06",
          "OSName/Windows",
          "OSVersion/Microsoft.Windows.10.0.17134.",
          "Microsoft.Azure.Management.Network.NetworkManagementClient/19.9.0.0"
        ]
      },
      "ResponseHeaders": {
        "Cache-Control": [
          "no-cache"
        ],
        "Pragma": [
          "no-cache"
        ],
        "x-ms-failure-cause": [
          "gateway"
        ],
        "x-ms-request-id": [
          "7a5dada2-b072-404d-b075-2132b3d1f025"
        ],
        "x-ms-correlation-request-id": [
          "7a5dada2-b072-404d-b075-2132b3d1f025"
        ],
        "x-ms-routing-request-id": [
          "FRANCECENTRAL:20190325T114621Z:7a5dada2-b072-404d-b075-2132b3d1f025"
        ],
        "Strict-Transport-Security": [
          "max-age=31536000; includeSubDomains"
        ],
        "X-Content-Type-Options": [
          "nosniff"
        ],
        "Date": [
          "Mon, 25 Mar 2019 11:46:21 GMT"
        ],
        "Content-Type": [
          "application/json; charset=utf-8"
        ],
        "Expires": [
          "-1"
        ],
        "Content-Length": [
          "179"
        ]
      },
      "ResponseBody": "{\r\n  \"error\": {\r\n    \"code\": \"ResourceNotFound\",\r\n    \"message\": \"The Resource 'Microsoft.Network/virtualNetworks/pws-sdk-tests-rg-2-vnet' under resource group 'pws-sdk-tests-rg-2' was not found.\"\r\n  }\r\n}",
      "StatusCode": 404
    },
    {
      "RequestUri": "/subscriptions/f557b96d-2308-4a18-aae1-b8f7e7e70cc7/resourceGroups/pws-sdk-tests-rg-2/providers/Microsoft.Network/virtualNetworks/pws-sdk-tests-rg-2-vnet?api-version=2018-12-01",
      "EncodedRequestUri": "L3N1YnNjcmlwdGlvbnMvZjU1N2I5NmQtMjMwOC00YTE4LWFhZTEtYjhmN2U3ZTcwY2M3L3Jlc291cmNlR3JvdXBzL3B3cy1zZGstdGVzdHMtcmctMi9wcm92aWRlcnMvTWljcm9zb2Z0Lk5ldHdvcmsvdmlydHVhbE5ldHdvcmtzL3B3cy1zZGstdGVzdHMtcmctMi12bmV0P2FwaS12ZXJzaW9uPTIwMTgtMTItMDE=",
      "RequestMethod": "GET",
      "RequestBody": "",
      "RequestHeaders": {
        "User-Agent": [
          "FxVersion/4.6.27019.06",
          "OSName/Windows",
          "OSVersion/Microsoft.Windows.10.0.17134.",
          "Microsoft.Azure.Management.Network.NetworkManagementClient/19.9.0.0"
        ]
      },
      "ResponseHeaders": {
        "Cache-Control": [
          "no-cache"
        ],
        "Pragma": [
          "no-cache"
        ],
        "ETag": [
          "W/\"dff325bf-7c1f-48c8-b354-3f067c4c50d5\""
        ],
        "x-ms-request-id": [
          "a8773d40-8989-4e3f-a4ae-f05d5785dda9"
        ],
        "x-ms-correlation-request-id": [
          "038560d8-6603-4a9b-bb53-833a0e79e855"
        ],
        "Strict-Transport-Security": [
          "max-age=31536000; includeSubDomains"
        ],
        "Server": [
          "Microsoft-HTTPAPI/2.0",
          "Microsoft-HTTPAPI/2.0"
        ],
        "x-ms-ratelimit-remaining-subscription-reads": [
          "11989"
        ],
        "x-ms-routing-request-id": [
          "FRANCECENTRAL:20190325T114627Z:038560d8-6603-4a9b-bb53-833a0e79e855"
        ],
        "X-Content-Type-Options": [
          "nosniff"
        ],
        "Date": [
          "Mon, 25 Mar 2019 11:46:27 GMT"
        ],
        "Content-Length": [
          "677"
        ],
        "Content-Type": [
          "application/json; charset=utf-8"
        ],
        "Expires": [
          "-1"
        ]
      },
      "ResponseBody": "{\r\n  \"name\": \"pws-sdk-tests-rg-2-vnet\",\r\n  \"id\": \"/subscriptions/f557b96d-2308-4a18-aae1-b8f7e7e70cc7/resourceGroups/pws-sdk-tests-rg-2/providers/Microsoft.Network/virtualNetworks/pws-sdk-tests-rg-2-vnet\",\r\n  \"etag\": \"W/\\\"dff325bf-7c1f-48c8-b354-3f067c4c50d5\\\"\",\r\n  \"type\": \"Microsoft.Network/virtualNetworks\",\r\n  \"location\": \"eastus\",\r\n  \"properties\": {\r\n    \"provisioningState\": \"Succeeded\",\r\n    \"resourceGuid\": \"cfd74867-6aa0-4a51-8c46-449ea99b85c2\",\r\n    \"addressSpace\": {\r\n      \"addressPrefixes\": [\r\n        \"10.0.0.0/16\"\r\n      ]\r\n    },\r\n    \"subnets\": [],\r\n    \"virtualNetworkPeerings\": [],\r\n    \"enableDdosProtection\": false,\r\n    \"enableVmProtection\": false\r\n  }\r\n}",
      "StatusCode": 200
    },
    {
      "RequestUri": "/subscriptions/f557b96d-2308-4a18-aae1-b8f7e7e70cc7/resourceGroups/pws-sdk-tests-rg-2/providers/Microsoft.Network/virtualNetworks/pws-sdk-tests-rg-2-vnet?api-version=2018-12-01",
      "EncodedRequestUri": "L3N1YnNjcmlwdGlvbnMvZjU1N2I5NmQtMjMwOC00YTE4LWFhZTEtYjhmN2U3ZTcwY2M3L3Jlc291cmNlR3JvdXBzL3B3cy1zZGstdGVzdHMtcmctMi9wcm92aWRlcnMvTWljcm9zb2Z0Lk5ldHdvcmsvdmlydHVhbE5ldHdvcmtzL3B3cy1zZGstdGVzdHMtcmctMi12bmV0P2FwaS12ZXJzaW9uPTIwMTgtMTItMDE=",
      "RequestMethod": "GET",
      "RequestBody": "",
      "RequestHeaders": {
        "x-ms-client-request-id": [
          "7d5756c0-331f-4e8d-8d2f-2fa5426527ff"
        ],
        "Accept-Language": [
          "en-US"
        ],
        "User-Agent": [
          "FxVersion/4.6.27019.06",
          "OSName/Windows",
          "OSVersion/Microsoft.Windows.10.0.17134.",
          "Microsoft.Azure.Management.Network.NetworkManagementClient/19.9.0.0"
        ]
      },
      "ResponseHeaders": {
        "Cache-Control": [
          "no-cache"
        ],
        "Pragma": [
          "no-cache"
        ],
        "ETag": [
          "W/\"dff325bf-7c1f-48c8-b354-3f067c4c50d5\""
        ],
        "x-ms-request-id": [
          "94306240-c8f1-471c-b3da-ac6da1c11929"
        ],
        "x-ms-correlation-request-id": [
          "3a8bf141-34b5-4e41-8d25-95fdfdc3bb41"
        ],
        "Strict-Transport-Security": [
          "max-age=31536000; includeSubDomains"
        ],
        "Server": [
          "Microsoft-HTTPAPI/2.0",
          "Microsoft-HTTPAPI/2.0"
        ],
        "x-ms-ratelimit-remaining-subscription-reads": [
          "11988"
        ],
        "x-ms-routing-request-id": [
          "FRANCECENTRAL:20190325T114627Z:3a8bf141-34b5-4e41-8d25-95fdfdc3bb41"
        ],
        "X-Content-Type-Options": [
          "nosniff"
        ],
        "Date": [
          "Mon, 25 Mar 2019 11:46:27 GMT"
        ],
        "Content-Length": [
          "677"
        ],
        "Content-Type": [
          "application/json; charset=utf-8"
        ],
        "Expires": [
          "-1"
        ]
      },
      "ResponseBody": "{\r\n  \"name\": \"pws-sdk-tests-rg-2-vnet\",\r\n  \"id\": \"/subscriptions/f557b96d-2308-4a18-aae1-b8f7e7e70cc7/resourceGroups/pws-sdk-tests-rg-2/providers/Microsoft.Network/virtualNetworks/pws-sdk-tests-rg-2-vnet\",\r\n  \"etag\": \"W/\\\"dff325bf-7c1f-48c8-b354-3f067c4c50d5\\\"\",\r\n  \"type\": \"Microsoft.Network/virtualNetworks\",\r\n  \"location\": \"eastus\",\r\n  \"properties\": {\r\n    \"provisioningState\": \"Succeeded\",\r\n    \"resourceGuid\": \"cfd74867-6aa0-4a51-8c46-449ea99b85c2\",\r\n    \"addressSpace\": {\r\n      \"addressPrefixes\": [\r\n        \"10.0.0.0/16\"\r\n      ]\r\n    },\r\n    \"subnets\": [],\r\n    \"virtualNetworkPeerings\": [],\r\n    \"enableDdosProtection\": false,\r\n    \"enableVmProtection\": false\r\n  }\r\n}",
      "StatusCode": 200
    },
    {
      "RequestUri": "/subscriptions/f557b96d-2308-4a18-aae1-b8f7e7e70cc7/resourceGroups/pws-sdk-tests-rg-2/providers/Microsoft.Network/virtualNetworks/pws-sdk-tests-rg-2-vnet?api-version=2018-12-01",
      "EncodedRequestUri": "L3N1YnNjcmlwdGlvbnMvZjU1N2I5NmQtMjMwOC00YTE4LWFhZTEtYjhmN2U3ZTcwY2M3L3Jlc291cmNlR3JvdXBzL3B3cy1zZGstdGVzdHMtcmctMi9wcm92aWRlcnMvTWljcm9zb2Z0Lk5ldHdvcmsvdmlydHVhbE5ldHdvcmtzL3B3cy1zZGstdGVzdHMtcmctMi12bmV0P2FwaS12ZXJzaW9uPTIwMTgtMTItMDE=",
      "RequestMethod": "GET",
      "RequestBody": "",
      "RequestHeaders": {
        "x-ms-client-request-id": [
          "c080d927-e5ff-4704-b8b6-e470212b1271"
        ],
        "Accept-Language": [
          "en-US"
        ],
        "User-Agent": [
          "FxVersion/4.6.27019.06",
          "OSName/Windows",
          "OSVersion/Microsoft.Windows.10.0.17134.",
          "Microsoft.Azure.Management.Network.NetworkManagementClient/19.9.0.0"
        ]
      },
      "ResponseHeaders": {
        "Cache-Control": [
          "no-cache"
        ],
        "Pragma": [
          "no-cache"
        ],
        "ETag": [
          "W/\"dff325bf-7c1f-48c8-b354-3f067c4c50d5\""
        ],
        "x-ms-request-id": [
          "677dc1fa-123c-48f5-8a29-c41fc3f2f10f"
        ],
        "x-ms-correlation-request-id": [
          "ca012929-128f-44e5-8113-e1ec3b96cd89"
        ],
        "Strict-Transport-Security": [
          "max-age=31536000; includeSubDomains"
        ],
        "Server": [
          "Microsoft-HTTPAPI/2.0",
          "Microsoft-HTTPAPI/2.0"
        ],
        "x-ms-ratelimit-remaining-subscription-reads": [
          "11987"
        ],
        "x-ms-routing-request-id": [
          "FRANCECENTRAL:20190325T114627Z:ca012929-128f-44e5-8113-e1ec3b96cd89"
        ],
        "X-Content-Type-Options": [
          "nosniff"
        ],
        "Date": [
          "Mon, 25 Mar 2019 11:46:27 GMT"
        ],
        "Content-Length": [
          "677"
        ],
        "Content-Type": [
          "application/json; charset=utf-8"
        ],
        "Expires": [
          "-1"
        ]
      },
      "ResponseBody": "{\r\n  \"name\": \"pws-sdk-tests-rg-2-vnet\",\r\n  \"id\": \"/subscriptions/f557b96d-2308-4a18-aae1-b8f7e7e70cc7/resourceGroups/pws-sdk-tests-rg-2/providers/Microsoft.Network/virtualNetworks/pws-sdk-tests-rg-2-vnet\",\r\n  \"etag\": \"W/\\\"dff325bf-7c1f-48c8-b354-3f067c4c50d5\\\"\",\r\n  \"type\": \"Microsoft.Network/virtualNetworks\",\r\n  \"location\": \"eastus\",\r\n  \"properties\": {\r\n    \"provisioningState\": \"Succeeded\",\r\n    \"resourceGuid\": \"cfd74867-6aa0-4a51-8c46-449ea99b85c2\",\r\n    \"addressSpace\": {\r\n      \"addressPrefixes\": [\r\n        \"10.0.0.0/16\"\r\n      ]\r\n    },\r\n    \"subnets\": [],\r\n    \"virtualNetworkPeerings\": [],\r\n    \"enableDdosProtection\": false,\r\n    \"enableVmProtection\": false\r\n  }\r\n}",
      "StatusCode": 200
    },
    {
      "RequestUri": "/subscriptions/f557b96d-2308-4a18-aae1-b8f7e7e70cc7/resourceGroups/pws-sdk-tests-rg-2/providers/Microsoft.Network/virtualNetworks/pws-sdk-tests-rg-2-vnet?api-version=2018-12-01",
      "EncodedRequestUri": "L3N1YnNjcmlwdGlvbnMvZjU1N2I5NmQtMjMwOC00YTE4LWFhZTEtYjhmN2U3ZTcwY2M3L3Jlc291cmNlR3JvdXBzL3B3cy1zZGstdGVzdHMtcmctMi9wcm92aWRlcnMvTWljcm9zb2Z0Lk5ldHdvcmsvdmlydHVhbE5ldHdvcmtzL3B3cy1zZGstdGVzdHMtcmctMi12bmV0P2FwaS12ZXJzaW9uPTIwMTgtMTItMDE=",
      "RequestMethod": "GET",
      "RequestBody": "",
      "RequestHeaders": {
        "User-Agent": [
          "FxVersion/4.6.27019.06",
          "OSName/Windows",
          "OSVersion/Microsoft.Windows.10.0.17134.",
          "Microsoft.Azure.Management.Network.NetworkManagementClient/19.9.0.0"
        ]
      },
      "ResponseHeaders": {
        "Cache-Control": [
          "no-cache"
        ],
        "Pragma": [
          "no-cache"
        ],
        "ETag": [
          "W/\"c4502c4e-8295-425e-ab66-17a6f973fc7d\""
        ],
        "x-ms-request-id": [
          "d05c7323-5d51-4532-937e-9ef76b379bcf"
        ],
        "x-ms-correlation-request-id": [
          "833db8c4-1145-4b84-bfd9-d0bf51e63e4a"
        ],
        "Strict-Transport-Security": [
          "max-age=31536000; includeSubDomains"
        ],
        "Server": [
          "Microsoft-HTTPAPI/2.0",
          "Microsoft-HTTPAPI/2.0"
        ],
        "x-ms-ratelimit-remaining-subscription-reads": [
          "11985"
        ],
        "x-ms-routing-request-id": [
          "FRANCECENTRAL:20190325T114631Z:833db8c4-1145-4b84-bfd9-d0bf51e63e4a"
        ],
        "X-Content-Type-Options": [
          "nosniff"
        ],
        "Date": [
          "Mon, 25 Mar 2019 11:46:31 GMT"
        ],
        "Content-Length": [
          "2119"
        ],
        "Content-Type": [
          "application/json; charset=utf-8"
        ],
        "Expires": [
          "-1"
        ]
      },
      "ResponseBody": "{\r\n  \"name\": \"pws-sdk-tests-rg-2-vnet\",\r\n  \"id\": \"/subscriptions/f557b96d-2308-4a18-aae1-b8f7e7e70cc7/resourceGroups/pws-sdk-tests-rg-2/providers/Microsoft.Network/virtualNetworks/pws-sdk-tests-rg-2-vnet\",\r\n  \"etag\": \"W/\\\"c4502c4e-8295-425e-ab66-17a6f973fc7d\\\"\",\r\n  \"type\": \"Microsoft.Network/virtualNetworks\",\r\n  \"location\": \"eastus\",\r\n  \"properties\": {\r\n    \"provisioningState\": \"Succeeded\",\r\n    \"resourceGuid\": \"cfd74867-6aa0-4a51-8c46-449ea99b85c2\",\r\n    \"addressSpace\": {\r\n      \"addressPrefixes\": [\r\n        \"10.0.0.0/16\"\r\n      ]\r\n    },\r\n    \"dhcpOptions\": {\r\n      \"dnsServers\": []\r\n    },\r\n    \"subnets\": [\r\n      {\r\n        \"name\": \"default\",\r\n        \"id\": \"/subscriptions/f557b96d-2308-4a18-aae1-b8f7e7e70cc7/resourceGroups/pws-sdk-tests-rg-2/providers/Microsoft.Network/virtualNetworks/pws-sdk-tests-rg-2-vnet/subnets/default\",\r\n        \"etag\": \"W/\\\"c4502c4e-8295-425e-ab66-17a6f973fc7d\\\"\",\r\n        \"properties\": {\r\n          \"provisioningState\": \"Succeeded\",\r\n          \"addressPrefix\": \"10.0.1.0/24\",\r\n          \"serviceEndpoints\": [],\r\n          \"delegations\": [\r\n            {\r\n              \"name\": \"netAppVolumes\",\r\n              \"id\": \"/subscriptions/f557b96d-2308-4a18-aae1-b8f7e7e70cc7/resourceGroups/pws-sdk-tests-rg-2/providers/Microsoft.Network/virtualNetworks/pws-sdk-tests-rg-2-vnet/subnets/default/delegations/netAppVolumes\",\r\n              \"etag\": \"W/\\\"c4502c4e-8295-425e-ab66-17a6f973fc7d\\\"\",\r\n              \"properties\": {\r\n                \"provisioningState\": \"Succeeded\",\r\n                \"serviceName\": \"Microsoft.Netapp/volumes\",\r\n                \"actions\": [\r\n                  \"Microsoft.Network/networkinterfaces/*\",\r\n                  \"Microsoft.Network/virtualNetworks/subnets/join/action\"\r\n                ]\r\n              },\r\n              \"type\": \"Microsoft.Network/virtualNetworks/subnets/delegations\"\r\n            }\r\n          ],\r\n          \"purpose\": \"HostedWorkloads\"\r\n        },\r\n        \"type\": \"Microsoft.Network/virtualNetworks/subnets\"\r\n      }\r\n    ],\r\n    \"virtualNetworkPeerings\": [],\r\n    \"enableDdosProtection\": false,\r\n    \"enableVmProtection\": false\r\n  }\r\n}",
      "StatusCode": 200
    },
    {
      "RequestUri": "/subscriptions/f557b96d-2308-4a18-aae1-b8f7e7e70cc7/resourceGroups/pws-sdk-tests-rg-2/providers/Microsoft.Network/virtualNetworks/pws-sdk-tests-rg-2-vnet?api-version=2018-12-01",
      "EncodedRequestUri": "L3N1YnNjcmlwdGlvbnMvZjU1N2I5NmQtMjMwOC00YTE4LWFhZTEtYjhmN2U3ZTcwY2M3L3Jlc291cmNlR3JvdXBzL3B3cy1zZGstdGVzdHMtcmctMi9wcm92aWRlcnMvTWljcm9zb2Z0Lk5ldHdvcmsvdmlydHVhbE5ldHdvcmtzL3B3cy1zZGstdGVzdHMtcmctMi12bmV0P2FwaS12ZXJzaW9uPTIwMTgtMTItMDE=",
      "RequestMethod": "GET",
      "RequestBody": "",
      "RequestHeaders": {
        "x-ms-client-request-id": [
          "0012b37f-68d0-4e97-8103-bfdf93bed1d1"
        ],
        "Accept-Language": [
          "en-US"
        ],
        "User-Agent": [
          "FxVersion/4.6.27019.06",
          "OSName/Windows",
          "OSVersion/Microsoft.Windows.10.0.17134.",
          "Microsoft.Azure.Management.Network.NetworkManagementClient/19.9.0.0"
        ]
      },
      "ResponseHeaders": {
        "Cache-Control": [
          "no-cache"
        ],
        "Pragma": [
          "no-cache"
        ],
        "ETag": [
          "W/\"c4502c4e-8295-425e-ab66-17a6f973fc7d\""
        ],
        "x-ms-request-id": [
          "2eff7eee-95ed-4e27-9551-4b83276ad08c"
        ],
        "x-ms-correlation-request-id": [
          "a5e078e9-23ca-4fa9-8f43-e21975785457"
        ],
        "Strict-Transport-Security": [
          "max-age=31536000; includeSubDomains"
        ],
        "Server": [
          "Microsoft-HTTPAPI/2.0",
          "Microsoft-HTTPAPI/2.0"
        ],
        "x-ms-ratelimit-remaining-subscription-reads": [
          "11984"
        ],
        "x-ms-routing-request-id": [
          "FRANCECENTRAL:20190325T114631Z:a5e078e9-23ca-4fa9-8f43-e21975785457"
        ],
        "X-Content-Type-Options": [
          "nosniff"
        ],
        "Date": [
          "Mon, 25 Mar 2019 11:46:31 GMT"
        ],
        "Content-Length": [
          "2119"
        ],
        "Content-Type": [
          "application/json; charset=utf-8"
        ],
        "Expires": [
          "-1"
        ]
      },
      "ResponseBody": "{\r\n  \"name\": \"pws-sdk-tests-rg-2-vnet\",\r\n  \"id\": \"/subscriptions/f557b96d-2308-4a18-aae1-b8f7e7e70cc7/resourceGroups/pws-sdk-tests-rg-2/providers/Microsoft.Network/virtualNetworks/pws-sdk-tests-rg-2-vnet\",\r\n  \"etag\": \"W/\\\"c4502c4e-8295-425e-ab66-17a6f973fc7d\\\"\",\r\n  \"type\": \"Microsoft.Network/virtualNetworks\",\r\n  \"location\": \"eastus\",\r\n  \"properties\": {\r\n    \"provisioningState\": \"Succeeded\",\r\n    \"resourceGuid\": \"cfd74867-6aa0-4a51-8c46-449ea99b85c2\",\r\n    \"addressSpace\": {\r\n      \"addressPrefixes\": [\r\n        \"10.0.0.0/16\"\r\n      ]\r\n    },\r\n    \"dhcpOptions\": {\r\n      \"dnsServers\": []\r\n    },\r\n    \"subnets\": [\r\n      {\r\n        \"name\": \"default\",\r\n        \"id\": \"/subscriptions/f557b96d-2308-4a18-aae1-b8f7e7e70cc7/resourceGroups/pws-sdk-tests-rg-2/providers/Microsoft.Network/virtualNetworks/pws-sdk-tests-rg-2-vnet/subnets/default\",\r\n        \"etag\": \"W/\\\"c4502c4e-8295-425e-ab66-17a6f973fc7d\\\"\",\r\n        \"properties\": {\r\n          \"provisioningState\": \"Succeeded\",\r\n          \"addressPrefix\": \"10.0.1.0/24\",\r\n          \"serviceEndpoints\": [],\r\n          \"delegations\": [\r\n            {\r\n              \"name\": \"netAppVolumes\",\r\n              \"id\": \"/subscriptions/f557b96d-2308-4a18-aae1-b8f7e7e70cc7/resourceGroups/pws-sdk-tests-rg-2/providers/Microsoft.Network/virtualNetworks/pws-sdk-tests-rg-2-vnet/subnets/default/delegations/netAppVolumes\",\r\n              \"etag\": \"W/\\\"c4502c4e-8295-425e-ab66-17a6f973fc7d\\\"\",\r\n              \"properties\": {\r\n                \"provisioningState\": \"Succeeded\",\r\n                \"serviceName\": \"Microsoft.Netapp/volumes\",\r\n                \"actions\": [\r\n                  \"Microsoft.Network/networkinterfaces/*\",\r\n                  \"Microsoft.Network/virtualNetworks/subnets/join/action\"\r\n                ]\r\n              },\r\n              \"type\": \"Microsoft.Network/virtualNetworks/subnets/delegations\"\r\n            }\r\n          ],\r\n          \"purpose\": \"HostedWorkloads\"\r\n        },\r\n        \"type\": \"Microsoft.Network/virtualNetworks/subnets\"\r\n      }\r\n    ],\r\n    \"virtualNetworkPeerings\": [],\r\n    \"enableDdosProtection\": false,\r\n    \"enableVmProtection\": false\r\n  }\r\n}",
      "StatusCode": 200
    },
    {
      "RequestUri": "/subscriptions/f557b96d-2308-4a18-aae1-b8f7e7e70cc7/resourceGroups/pws-sdk-tests-rg-2/providers/Microsoft.Network/virtualNetworks/pws-sdk-tests-rg-2-vnet?api-version=2018-12-01",
      "EncodedRequestUri": "L3N1YnNjcmlwdGlvbnMvZjU1N2I5NmQtMjMwOC00YTE4LWFhZTEtYjhmN2U3ZTcwY2M3L3Jlc291cmNlR3JvdXBzL3B3cy1zZGstdGVzdHMtcmctMi9wcm92aWRlcnMvTWljcm9zb2Z0Lk5ldHdvcmsvdmlydHVhbE5ldHdvcmtzL3B3cy1zZGstdGVzdHMtcmctMi12bmV0P2FwaS12ZXJzaW9uPTIwMTgtMTItMDE=",
      "RequestMethod": "PUT",
      "RequestBody": "{\r\n  \"properties\": {\r\n    \"addressSpace\": {\r\n      \"addressPrefixes\": [\r\n        \"10.0.0.0/16\"\r\n      ]\r\n    },\r\n    \"subnets\": [],\r\n    \"virtualNetworkPeerings\": [],\r\n    \"enableDdosProtection\": false\r\n  },\r\n  \"location\": \"eastus\"\r\n}",
      "RequestHeaders": {
        "x-ms-client-request-id": [
          "6ff81fa9-7c50-4ef3-9a66-44b3b098e3d3"
        ],
        "Accept-Language": [
          "en-US"
        ],
        "User-Agent": [
          "FxVersion/4.6.27019.06",
          "OSName/Windows",
          "OSVersion/Microsoft.Windows.10.0.17134.",
          "Microsoft.Azure.Management.Network.NetworkManagementClient/19.9.0.0"
        ],
        "Content-Type": [
          "application/json; charset=utf-8"
        ],
        "Content-Length": [
          "234"
        ]
      },
      "ResponseHeaders": {
        "Cache-Control": [
          "no-cache"
        ],
        "Pragma": [
          "no-cache"
        ],
        "Retry-After": [
          "3"
        ],
        "x-ms-request-id": [
          "df6ff040-326c-4fcb-8ddd-8f002a5b8573"
        ],
        "Azure-AsyncOperation": [
          "https://management.azure.com/subscriptions/f557b96d-2308-4a18-aae1-b8f7e7e70cc7/providers/Microsoft.Network/locations/eastus/operations/df6ff040-326c-4fcb-8ddd-8f002a5b8573?api-version=2018-12-01"
        ],
        "x-ms-correlation-request-id": [
          "4d7e60fb-f70b-4f86-8733-c7cc075ee885"
        ],
        "Strict-Transport-Security": [
          "max-age=31536000; includeSubDomains"
        ],
        "Server": [
          "Microsoft-HTTPAPI/2.0",
          "Microsoft-HTTPAPI/2.0"
        ],
        "x-ms-ratelimit-remaining-subscription-writes": [
          "1195"
        ],
        "x-ms-routing-request-id": [
          "FRANCECENTRAL:20190325T114623Z:4d7e60fb-f70b-4f86-8733-c7cc075ee885"
        ],
        "X-Content-Type-Options": [
          "nosniff"
        ],
        "Date": [
          "Mon, 25 Mar 2019 11:46:23 GMT"
        ],
        "Content-Length": [
          "676"
        ],
        "Content-Type": [
          "application/json; charset=utf-8"
        ],
        "Expires": [
          "-1"
        ]
      },
      "ResponseBody": "{\r\n  \"name\": \"pws-sdk-tests-rg-2-vnet\",\r\n  \"id\": \"/subscriptions/f557b96d-2308-4a18-aae1-b8f7e7e70cc7/resourceGroups/pws-sdk-tests-rg-2/providers/Microsoft.Network/virtualNetworks/pws-sdk-tests-rg-2-vnet\",\r\n  \"etag\": \"W/\\\"b00415e9-c582-4132-9af0-5aab184ab89b\\\"\",\r\n  \"type\": \"Microsoft.Network/virtualNetworks\",\r\n  \"location\": \"eastus\",\r\n  \"properties\": {\r\n    \"provisioningState\": \"Updating\",\r\n    \"resourceGuid\": \"cfd74867-6aa0-4a51-8c46-449ea99b85c2\",\r\n    \"addressSpace\": {\r\n      \"addressPrefixes\": [\r\n        \"10.0.0.0/16\"\r\n      ]\r\n    },\r\n    \"subnets\": [],\r\n    \"virtualNetworkPeerings\": [],\r\n    \"enableDdosProtection\": false,\r\n    \"enableVmProtection\": false\r\n  }\r\n}",
      "StatusCode": 201
    },
    {
      "RequestUri": "/subscriptions/f557b96d-2308-4a18-aae1-b8f7e7e70cc7/resourceGroups/pws-sdk-tests-rg-2/providers/Microsoft.Network/virtualNetworks/pws-sdk-tests-rg-2-vnet?api-version=2018-12-01",
      "EncodedRequestUri": "L3N1YnNjcmlwdGlvbnMvZjU1N2I5NmQtMjMwOC00YTE4LWFhZTEtYjhmN2U3ZTcwY2M3L3Jlc291cmNlR3JvdXBzL3B3cy1zZGstdGVzdHMtcmctMi9wcm92aWRlcnMvTWljcm9zb2Z0Lk5ldHdvcmsvdmlydHVhbE5ldHdvcmtzL3B3cy1zZGstdGVzdHMtcmctMi12bmV0P2FwaS12ZXJzaW9uPTIwMTgtMTItMDE=",
      "RequestMethod": "PUT",
      "RequestBody": "{\r\n  \"properties\": {\r\n    \"addressSpace\": {\r\n      \"addressPrefixes\": [\r\n        \"10.0.0.0/16\"\r\n      ]\r\n    },\r\n    \"dhcpOptions\": {\r\n      \"dnsServers\": []\r\n    },\r\n    \"subnets\": [\r\n      {\r\n        \"properties\": {\r\n          \"addressPrefix\": \"10.0.1.0/24\",\r\n          \"addressPrefixes\": [],\r\n          \"serviceEndpoints\": [],\r\n          \"serviceEndpointPolicies\": [],\r\n          \"resourceNavigationLinks\": [],\r\n          \"serviceAssociationLinks\": [],\r\n          \"delegations\": [\r\n            {\r\n              \"properties\": {\r\n                \"serviceName\": \"Microsoft.Netapp/volumes\",\r\n                \"actions\": []\r\n              },\r\n              \"name\": \"netAppVolumes\"\r\n            }\r\n          ]\r\n        },\r\n        \"name\": \"default\"\r\n      }\r\n    ],\r\n    \"virtualNetworkPeerings\": [],\r\n    \"resourceGuid\": \"cfd74867-6aa0-4a51-8c46-449ea99b85c2\",\r\n    \"provisioningState\": \"Succeeded\",\r\n    \"enableDdosProtection\": false\r\n  },\r\n  \"etag\": \"W/\\\"dff325bf-7c1f-48c8-b354-3f067c4c50d5\\\"\",\r\n  \"id\": \"/subscriptions/f557b96d-2308-4a18-aae1-b8f7e7e70cc7/resourceGroups/pws-sdk-tests-rg-2/providers/Microsoft.Network/virtualNetworks/pws-sdk-tests-rg-2-vnet\",\r\n  \"location\": \"eastus\"\r\n}",
      "RequestHeaders": {
        "x-ms-client-request-id": [
          "4af81d2b-9630-47f7-9859-0633f78958b0"
        ],
        "Accept-Language": [
          "en-US"
        ],
        "User-Agent": [
          "FxVersion/4.6.27019.06",
          "OSName/Windows",
          "OSVersion/Microsoft.Windows.10.0.17134.",
          "Microsoft.Azure.Management.Network.NetworkManagementClient/19.9.0.0"
        ],
        "Content-Type": [
          "application/json; charset=utf-8"
        ],
        "Content-Length": [
          "1187"
        ]
      },
      "ResponseHeaders": {
        "Cache-Control": [
          "no-cache"
        ],
        "Pragma": [
          "no-cache"
        ],
        "Retry-After": [
          "3"
        ],
        "x-ms-request-id": [
          "b5a50bfa-07b3-4195-88b3-92322449b1a1"
        ],
        "Azure-AsyncOperation": [
          "https://management.azure.com/subscriptions/f557b96d-2308-4a18-aae1-b8f7e7e70cc7/providers/Microsoft.Network/locations/eastus/operations/b5a50bfa-07b3-4195-88b3-92322449b1a1?api-version=2018-12-01"
        ],
        "x-ms-correlation-request-id": [
          "87f5eaf9-ec8f-4321-8f4b-eb6020f4b456"
        ],
        "Strict-Transport-Security": [
          "max-age=31536000; includeSubDomains"
        ],
        "Server": [
          "Microsoft-HTTPAPI/2.0",
          "Microsoft-HTTPAPI/2.0"
        ],
        "x-ms-ratelimit-remaining-subscription-writes": [
          "1194"
        ],
        "x-ms-routing-request-id": [
          "FRANCECENTRAL:20190325T114628Z:87f5eaf9-ec8f-4321-8f4b-eb6020f4b456"
        ],
        "X-Content-Type-Options": [
          "nosniff"
        ],
        "Date": [
          "Mon, 25 Mar 2019 11:46:27 GMT"
        ],
        "Content-Length": [
          "2117"
        ],
        "Content-Type": [
          "application/json; charset=utf-8"
        ],
        "Expires": [
          "-1"
        ]
      },
      "ResponseBody": "{\r\n  \"name\": \"pws-sdk-tests-rg-2-vnet\",\r\n  \"id\": \"/subscriptions/f557b96d-2308-4a18-aae1-b8f7e7e70cc7/resourceGroups/pws-sdk-tests-rg-2/providers/Microsoft.Network/virtualNetworks/pws-sdk-tests-rg-2-vnet\",\r\n  \"etag\": \"W/\\\"f013d0a1-7038-4d9f-8f2a-b3967b508863\\\"\",\r\n  \"type\": \"Microsoft.Network/virtualNetworks\",\r\n  \"location\": \"eastus\",\r\n  \"properties\": {\r\n    \"provisioningState\": \"Updating\",\r\n    \"resourceGuid\": \"cfd74867-6aa0-4a51-8c46-449ea99b85c2\",\r\n    \"addressSpace\": {\r\n      \"addressPrefixes\": [\r\n        \"10.0.0.0/16\"\r\n      ]\r\n    },\r\n    \"dhcpOptions\": {\r\n      \"dnsServers\": []\r\n    },\r\n    \"subnets\": [\r\n      {\r\n        \"name\": \"default\",\r\n        \"id\": \"/subscriptions/f557b96d-2308-4a18-aae1-b8f7e7e70cc7/resourceGroups/pws-sdk-tests-rg-2/providers/Microsoft.Network/virtualNetworks/pws-sdk-tests-rg-2-vnet/subnets/default\",\r\n        \"etag\": \"W/\\\"f013d0a1-7038-4d9f-8f2a-b3967b508863\\\"\",\r\n        \"properties\": {\r\n          \"provisioningState\": \"Updating\",\r\n          \"addressPrefix\": \"10.0.1.0/24\",\r\n          \"serviceEndpoints\": [],\r\n          \"delegations\": [\r\n            {\r\n              \"name\": \"netAppVolumes\",\r\n              \"id\": \"/subscriptions/f557b96d-2308-4a18-aae1-b8f7e7e70cc7/resourceGroups/pws-sdk-tests-rg-2/providers/Microsoft.Network/virtualNetworks/pws-sdk-tests-rg-2-vnet/subnets/default/delegations/netAppVolumes\",\r\n              \"etag\": \"W/\\\"f013d0a1-7038-4d9f-8f2a-b3967b508863\\\"\",\r\n              \"properties\": {\r\n                \"provisioningState\": \"Succeeded\",\r\n                \"serviceName\": \"Microsoft.Netapp/volumes\",\r\n                \"actions\": [\r\n                  \"Microsoft.Network/networkinterfaces/*\",\r\n                  \"Microsoft.Network/virtualNetworks/subnets/join/action\"\r\n                ]\r\n              },\r\n              \"type\": \"Microsoft.Network/virtualNetworks/subnets/delegations\"\r\n            }\r\n          ],\r\n          \"purpose\": \"HostedWorkloads\"\r\n        },\r\n        \"type\": \"Microsoft.Network/virtualNetworks/subnets\"\r\n      }\r\n    ],\r\n    \"virtualNetworkPeerings\": [],\r\n    \"enableDdosProtection\": false,\r\n    \"enableVmProtection\": false\r\n  }\r\n}",
      "StatusCode": 200
    },
    {
      "RequestUri": "/subscriptions/f557b96d-2308-4a18-aae1-b8f7e7e70cc7/providers/Microsoft.Network/locations/eastus/operations/df6ff040-326c-4fcb-8ddd-8f002a5b8573?api-version=2018-12-01",
      "EncodedRequestUri": "L3N1YnNjcmlwdGlvbnMvZjU1N2I5NmQtMjMwOC00YTE4LWFhZTEtYjhmN2U3ZTcwY2M3L3Byb3ZpZGVycy9NaWNyb3NvZnQuTmV0d29yay9sb2NhdGlvbnMvZWFzdHVzL29wZXJhdGlvbnMvZGY2ZmYwNDAtMzI2Yy00ZmNiLThkZGQtOGYwMDJhNWI4NTczP2FwaS12ZXJzaW9uPTIwMTgtMTItMDE=",
      "RequestMethod": "GET",
      "RequestBody": "",
      "RequestHeaders": {
        "User-Agent": [
          "FxVersion/4.6.27019.06",
          "OSName/Windows",
          "OSVersion/Microsoft.Windows.10.0.17134.",
          "Microsoft.Azure.Management.Network.NetworkManagementClient/19.9.0.0"
        ]
      },
      "ResponseHeaders": {
        "Cache-Control": [
          "no-cache"
        ],
        "Pragma": [
          "no-cache"
        ],
        "x-ms-request-id": [
          "9349bc2f-ec02-431a-8d87-521cc837f178"
        ],
        "x-ms-correlation-request-id": [
          "bd70805a-511d-48e5-9e2d-a5cf9992f6d0"
        ],
        "Strict-Transport-Security": [
          "max-age=31536000; includeSubDomains"
        ],
        "Server": [
          "Microsoft-HTTPAPI/2.0",
          "Microsoft-HTTPAPI/2.0"
        ],
        "x-ms-ratelimit-remaining-subscription-reads": [
          "11990"
        ],
        "x-ms-routing-request-id": [
          "FRANCECENTRAL:20190325T114627Z:bd70805a-511d-48e5-9e2d-a5cf9992f6d0"
        ],
        "X-Content-Type-Options": [
          "nosniff"
        ],
        "Date": [
          "Mon, 25 Mar 2019 11:46:27 GMT"
        ],
        "Content-Length": [
          "29"
        ],
        "Content-Type": [
          "application/json; charset=utf-8"
        ],
        "Expires": [
          "-1"
        ]
      },
      "ResponseBody": "{\r\n  \"status\": \"Succeeded\"\r\n}",
      "StatusCode": 200
    },
    {
      "RequestUri": "/subscriptions/f557b96d-2308-4a18-aae1-b8f7e7e70cc7/providers/Microsoft.Network/locations/eastus/operations/b5a50bfa-07b3-4195-88b3-92322449b1a1?api-version=2018-12-01",
      "EncodedRequestUri": "L3N1YnNjcmlwdGlvbnMvZjU1N2I5NmQtMjMwOC00YTE4LWFhZTEtYjhmN2U3ZTcwY2M3L3Byb3ZpZGVycy9NaWNyb3NvZnQuTmV0d29yay9sb2NhdGlvbnMvZWFzdHVzL29wZXJhdGlvbnMvYjVhNTBiZmEtMDdiMy00MTk1LTg4YjMtOTIzMjI0NDliMWExP2FwaS12ZXJzaW9uPTIwMTgtMTItMDE=",
      "RequestMethod": "GET",
      "RequestBody": "",
      "RequestHeaders": {
        "User-Agent": [
          "FxVersion/4.6.27019.06",
          "OSName/Windows",
          "OSVersion/Microsoft.Windows.10.0.17134.",
          "Microsoft.Azure.Management.Network.NetworkManagementClient/19.9.0.0"
        ]
      },
      "ResponseHeaders": {
        "Cache-Control": [
          "no-cache"
        ],
        "Pragma": [
          "no-cache"
        ],
        "x-ms-request-id": [
          "a2ae3ea9-6c72-4c65-bc87-c8f7fddfb910"
        ],
        "x-ms-correlation-request-id": [
          "510bb0e3-da74-4201-9134-c4565bb07df2"
        ],
        "Strict-Transport-Security": [
          "max-age=31536000; includeSubDomains"
        ],
        "Server": [
          "Microsoft-HTTPAPI/2.0",
          "Microsoft-HTTPAPI/2.0"
        ],
        "x-ms-ratelimit-remaining-subscription-reads": [
          "11986"
        ],
        "x-ms-routing-request-id": [
          "FRANCECENTRAL:20190325T114631Z:510bb0e3-da74-4201-9134-c4565bb07df2"
        ],
        "X-Content-Type-Options": [
          "nosniff"
        ],
        "Date": [
          "Mon, 25 Mar 2019 11:46:31 GMT"
        ],
        "Content-Length": [
          "29"
        ],
        "Content-Type": [
          "application/json; charset=utf-8"
        ],
        "Expires": [
          "-1"
        ]
      },
      "ResponseBody": "{\r\n  \"status\": \"Succeeded\"\r\n}",
      "StatusCode": 200
    },
    {
      "RequestUri": "/subscriptions/f557b96d-2308-4a18-aae1-b8f7e7e70cc7/resourceGroups/pws-sdk-tests-rg-2/providers/Microsoft.NetApp/netAppAccounts/pws-sdk-acc-1?api-version=2017-08-15",
      "EncodedRequestUri": "L3N1YnNjcmlwdGlvbnMvZjU1N2I5NmQtMjMwOC00YTE4LWFhZTEtYjhmN2U3ZTcwY2M3L3Jlc291cmNlR3JvdXBzL3B3cy1zZGstdGVzdHMtcmctMi9wcm92aWRlcnMvTWljcm9zb2Z0Lk5ldEFwcC9uZXRBcHBBY2NvdW50cy9wd3Mtc2RrLWFjYy0xP2FwaS12ZXJzaW9uPTIwMTctMDgtMTU=",
      "RequestMethod": "PUT",
      "RequestBody": "{\r\n  \"location\": \"eastus\"\r\n}",
      "RequestHeaders": {
        "x-ms-client-request-id": [
          "ab150989-7c31-44d2-af94-05ec4f7283a9"
        ],
        "Accept-Language": [
          "en-US"
        ],
        "User-Agent": [
          "FxVersion/4.6.27019.06",
          "OSName/Windows",
          "OSVersion/Microsoft.Windows.10.0.17134.",
          "Microsoft.Azure.Management.NetApp.AzureNetAppFilesManagementClient/0.9.0.0"
        ],
        "Content-Type": [
          "application/json; charset=utf-8"
        ],
        "Content-Length": [
          "28"
        ]
      },
      "ResponseHeaders": {
        "Cache-Control": [
          "no-cache"
        ],
        "Pragma": [
          "no-cache"
        ],
        "ETag": [
          "W/\"datetime'2019-03-25T11%3A46%3A33.4611424Z'\""
        ],
        "x-ms-request-id": [
          "a7369bde-be4b-4013-bfa6-96ed9e3c723a"
        ],
        "Azure-AsyncOperation": [
          "https://management.azure.com/subscriptions/f557b96d-2308-4a18-aae1-b8f7e7e70cc7/providers/Microsoft.NetApp/locations/eastus/operationResults/83e1f298-12ec-4a30-8988-2050f4f29abe?api-version=2017-08-15"
        ],
        "Server": [
          "Microsoft-IIS/10.0"
        ],
        "X-Powered-By": [
          "ASP.NET"
        ],
        "x-ms-ratelimit-remaining-subscription-writes": [
          "1193"
        ],
        "x-ms-correlation-request-id": [
          "112944e1-50be-4d15-a880-84b23fa2ec84"
        ],
        "x-ms-routing-request-id": [
          "FRANCECENTRAL:20190325T114633Z:112944e1-50be-4d15-a880-84b23fa2ec84"
        ],
        "Strict-Transport-Security": [
          "max-age=31536000; includeSubDomains"
        ],
        "X-Content-Type-Options": [
          "nosniff"
        ],
        "Date": [
          "Mon, 25 Mar 2019 11:46:33 GMT"
        ],
        "Content-Length": [
          "361"
        ],
        "Content-Type": [
          "application/json; charset=utf-8"
        ],
        "Expires": [
          "-1"
        ]
      },
      "ResponseBody": "{\r\n  \"id\": \"/subscriptions/f557b96d-2308-4a18-aae1-b8f7e7e70cc7/resourceGroups/pws-sdk-tests-rg-2/providers/Microsoft.NetApp/netAppAccounts/pws-sdk-acc-1\",\r\n  \"name\": \"pws-sdk-acc-1\",\r\n  \"type\": \"Microsoft.NetApp/netAppAccounts\",\r\n  \"etag\": \"W/\\\"datetime'2019-03-25T11%3A46%3A33.4611424Z'\\\"\",\r\n  \"location\": \"eastus\",\r\n  \"properties\": {\r\n    \"provisioningState\": \"Creating\",\r\n    \"name\": \"pws-sdk-acc-1\"\r\n  }\r\n}",
      "StatusCode": 201
    },
    {
      "RequestUri": "/subscriptions/f557b96d-2308-4a18-aae1-b8f7e7e70cc7/providers/Microsoft.NetApp/locations/eastus/operationResults/83e1f298-12ec-4a30-8988-2050f4f29abe?api-version=2017-08-15",
      "EncodedRequestUri": "L3N1YnNjcmlwdGlvbnMvZjU1N2I5NmQtMjMwOC00YTE4LWFhZTEtYjhmN2U3ZTcwY2M3L3Byb3ZpZGVycy9NaWNyb3NvZnQuTmV0QXBwL2xvY2F0aW9ucy9lYXN0dXMvb3BlcmF0aW9uUmVzdWx0cy84M2UxZjI5OC0xMmVjLTRhMzAtODk4OC0yMDUwZjRmMjlhYmU/YXBpLXZlcnNpb249MjAxNy0wOC0xNQ==",
      "RequestMethod": "GET",
      "RequestBody": "",
      "RequestHeaders": {
        "User-Agent": [
          "FxVersion/4.6.27019.06",
          "OSName/Windows",
          "OSVersion/Microsoft.Windows.10.0.17134.",
          "Microsoft.Azure.Management.NetApp.AzureNetAppFilesManagementClient/0.9.0.0"
        ]
      },
      "ResponseHeaders": {
        "Cache-Control": [
          "no-cache"
        ],
        "Pragma": [
          "no-cache"
        ],
        "x-ms-request-id": [
          "7315b135-e723-4841-a6c9-5c09468bf1e6"
        ],
        "Server": [
          "Microsoft-IIS/10.0"
        ],
        "X-Powered-By": [
          "ASP.NET"
        ],
        "x-ms-ratelimit-remaining-subscription-reads": [
          "11983"
        ],
        "x-ms-correlation-request-id": [
          "a8075ab7-9214-4c6b-beda-89a3773b1c22"
        ],
        "x-ms-routing-request-id": [
          "FRANCECENTRAL:20190325T114704Z:a8075ab7-9214-4c6b-beda-89a3773b1c22"
        ],
        "Strict-Transport-Security": [
          "max-age=31536000; includeSubDomains"
        ],
        "X-Content-Type-Options": [
          "nosniff"
        ],
        "Date": [
          "Mon, 25 Mar 2019 11:47:03 GMT"
        ],
        "Content-Length": [
          "507"
        ],
        "Content-Type": [
          "application/json; charset=utf-8"
        ],
        "Expires": [
          "-1"
        ]
      },
      "ResponseBody": "{\r\n  \"id\": \"/subscriptions/f557b96d-2308-4a18-aae1-b8f7e7e70cc7/providers/Microsoft.NetApp/locations/eastus/operationResults/83e1f298-12ec-4a30-8988-2050f4f29abe\",\r\n  \"name\": \"83e1f298-12ec-4a30-8988-2050f4f29abe\",\r\n  \"status\": \"Succeeded\",\r\n  \"startTime\": \"2019-03-25T11:46:33.2553878Z\",\r\n  \"endTime\": \"2019-03-25T11:46:33.8648039Z\",\r\n  \"percentComplete\": 100.0,\r\n  \"properties\": {\r\n    \"resourceName\": \"/subscriptions/f557b96d-2308-4a18-aae1-b8f7e7e70cc7/resourceGroups/pws-sdk-tests-rg-2/providers/Microsoft.NetApp/netAppAccounts/pws-sdk-acc-1\"\r\n  }\r\n}",
      "StatusCode": 200
    },
    {
      "RequestUri": "/subscriptions/f557b96d-2308-4a18-aae1-b8f7e7e70cc7/resourceGroups/pws-sdk-tests-rg-2/providers/Microsoft.NetApp/netAppAccounts/pws-sdk-acc-1?api-version=2017-08-15",
      "EncodedRequestUri": "L3N1YnNjcmlwdGlvbnMvZjU1N2I5NmQtMjMwOC00YTE4LWFhZTEtYjhmN2U3ZTcwY2M3L3Jlc291cmNlR3JvdXBzL3B3cy1zZGstdGVzdHMtcmctMi9wcm92aWRlcnMvTWljcm9zb2Z0Lk5ldEFwcC9uZXRBcHBBY2NvdW50cy9wd3Mtc2RrLWFjYy0xP2FwaS12ZXJzaW9uPTIwMTctMDgtMTU=",
      "RequestMethod": "GET",
      "RequestBody": "",
      "RequestHeaders": {
        "User-Agent": [
          "FxVersion/4.6.27019.06",
          "OSName/Windows",
          "OSVersion/Microsoft.Windows.10.0.17134.",
          "Microsoft.Azure.Management.NetApp.AzureNetAppFilesManagementClient/0.9.0.0"
        ]
      },
      "ResponseHeaders": {
        "Cache-Control": [
          "no-cache"
        ],
        "Pragma": [
          "no-cache"
        ],
        "ETag": [
          "W/\"datetime'2019-03-25T11%3A46%3A34.0617109Z'\""
        ],
        "x-ms-request-id": [
          "7b74fef9-2264-45f5-b462-2230f072fa4d"
        ],
        "Server": [
          "Microsoft-IIS/10.0"
        ],
        "X-Powered-By": [
          "ASP.NET"
        ],
        "x-ms-ratelimit-remaining-subscription-reads": [
          "11982"
        ],
        "x-ms-correlation-request-id": [
          "0abeb4d0-804f-4b5f-95b3-f43c2d759b9a"
        ],
        "x-ms-routing-request-id": [
          "FRANCECENTRAL:20190325T114704Z:0abeb4d0-804f-4b5f-95b3-f43c2d759b9a"
        ],
        "Strict-Transport-Security": [
          "max-age=31536000; includeSubDomains"
        ],
        "X-Content-Type-Options": [
          "nosniff"
        ],
        "Date": [
          "Mon, 25 Mar 2019 11:47:03 GMT"
        ],
        "Content-Length": [
          "362"
        ],
        "Content-Type": [
          "application/json; charset=utf-8"
        ],
        "Expires": [
          "-1"
        ]
      },
      "ResponseBody": "{\r\n  \"id\": \"/subscriptions/f557b96d-2308-4a18-aae1-b8f7e7e70cc7/resourceGroups/pws-sdk-tests-rg-2/providers/Microsoft.NetApp/netAppAccounts/pws-sdk-acc-1\",\r\n  \"name\": \"pws-sdk-acc-1\",\r\n  \"type\": \"Microsoft.NetApp/netAppAccounts\",\r\n  \"etag\": \"W/\\\"datetime'2019-03-25T11%3A46%3A34.0617109Z'\\\"\",\r\n  \"location\": \"eastus\",\r\n  \"properties\": {\r\n    \"provisioningState\": \"Succeeded\",\r\n    \"name\": \"pws-sdk-acc-1\"\r\n  }\r\n}",
      "StatusCode": 200
    },
    {
      "RequestUri": "/subscriptions/f557b96d-2308-4a18-aae1-b8f7e7e70cc7/resourceGroups/pws-sdk-tests-rg-2/providers/Microsoft.NetApp/netAppAccounts/pws-sdk-acc-1/capacityPools/pws-sdk-pool-1?api-version=2017-08-15",
      "EncodedRequestUri": "L3N1YnNjcmlwdGlvbnMvZjU1N2I5NmQtMjMwOC00YTE4LWFhZTEtYjhmN2U3ZTcwY2M3L3Jlc291cmNlR3JvdXBzL3B3cy1zZGstdGVzdHMtcmctMi9wcm92aWRlcnMvTWljcm9zb2Z0Lk5ldEFwcC9uZXRBcHBBY2NvdW50cy9wd3Mtc2RrLWFjYy0xL2NhcGFjaXR5UG9vbHMvcHdzLXNkay1wb29sLTE/YXBpLXZlcnNpb249MjAxNy0wOC0xNQ==",
      "RequestMethod": "PUT",
      "RequestBody": "{\r\n  \"location\": \"eastus\",\r\n  \"properties\": {\r\n    \"size\": 4398046511104,\r\n    \"serviceLevel\": \"Premium\"\r\n  }\r\n}",
      "RequestHeaders": {
        "x-ms-client-request-id": [
          "1df1f94c-149d-46a0-9fca-b4fbc7884cd3"
        ],
        "Accept-Language": [
          "en-US"
        ],
        "User-Agent": [
          "FxVersion/4.6.27019.06",
          "OSName/Windows",
          "OSVersion/Microsoft.Windows.10.0.17134.",
          "Microsoft.Azure.Management.NetApp.AzureNetAppFilesManagementClient/0.9.0.0"
        ],
        "Content-Type": [
          "application/json; charset=utf-8"
        ],
        "Content-Length": [
          "112"
        ]
      },
      "ResponseHeaders": {
        "Cache-Control": [
          "no-cache"
        ],
        "Pragma": [
          "no-cache"
        ],
        "ETag": [
          "W/\"datetime'2019-03-25T11%3A47%3A05.3603146Z'\""
        ],
        "x-ms-request-id": [
          "18cf5c7b-8a70-49a3-bee1-819c90ea4815"
        ],
        "Azure-AsyncOperation": [
          "https://management.azure.com/subscriptions/f557b96d-2308-4a18-aae1-b8f7e7e70cc7/providers/Microsoft.NetApp/locations/eastus/operationResults/2967e20a-19f5-4d4c-9e67-4c782af03e39?api-version=2017-08-15"
        ],
        "Server": [
          "Microsoft-IIS/10.0"
        ],
        "X-Powered-By": [
          "ASP.NET"
        ],
        "x-ms-ratelimit-remaining-subscription-writes": [
          "1192"
        ],
        "x-ms-correlation-request-id": [
          "e83a83f7-775b-4982-849f-82adedef25d5"
        ],
        "x-ms-routing-request-id": [
          "FRANCECENTRAL:20190325T114705Z:e83a83f7-775b-4982-849f-82adedef25d5"
        ],
        "Strict-Transport-Security": [
          "max-age=31536000; includeSubDomains"
        ],
        "X-Content-Type-Options": [
          "nosniff"
        ],
        "Date": [
          "Mon, 25 Mar 2019 11:47:05 GMT"
        ],
        "Content-Length": [
          "442"
        ],
        "Content-Type": [
          "application/json; charset=utf-8"
        ],
        "Expires": [
          "-1"
        ]
      },
      "ResponseBody": "{\r\n  \"id\": \"/subscriptions/f557b96d-2308-4a18-aae1-b8f7e7e70cc7/resourceGroups/pws-sdk-tests-rg-2/providers/Microsoft.NetApp/netAppAccounts/pws-sdk-acc-1/capacityPools/pws-sdk-pool-1\",\r\n  \"name\": \"pws-sdk-acc-1/pws-sdk-pool-1\",\r\n  \"type\": \"Microsoft.NetApp/netAppAccounts/capacityPools\",\r\n  \"etag\": \"W/\\\"datetime'2019-03-25T11%3A47%3A05.3603146Z'\\\"\",\r\n  \"location\": \"eastus\",\r\n  \"properties\": {\r\n    \"size\": 4398046511104,\r\n    \"serviceLevel\": \"Premium\",\r\n    \"provisioningState\": \"Creating\"\r\n  }\r\n}",
      "StatusCode": 201
    },
    {
      "RequestUri": "/subscriptions/f557b96d-2308-4a18-aae1-b8f7e7e70cc7/providers/Microsoft.NetApp/locations/eastus/operationResults/2967e20a-19f5-4d4c-9e67-4c782af03e39?api-version=2017-08-15",
      "EncodedRequestUri": "L3N1YnNjcmlwdGlvbnMvZjU1N2I5NmQtMjMwOC00YTE4LWFhZTEtYjhmN2U3ZTcwY2M3L3Byb3ZpZGVycy9NaWNyb3NvZnQuTmV0QXBwL2xvY2F0aW9ucy9lYXN0dXMvb3BlcmF0aW9uUmVzdWx0cy8yOTY3ZTIwYS0xOWY1LTRkNGMtOWU2Ny00Yzc4MmFmMDNlMzk/YXBpLXZlcnNpb249MjAxNy0wOC0xNQ==",
      "RequestMethod": "GET",
      "RequestBody": "",
      "RequestHeaders": {
        "User-Agent": [
          "FxVersion/4.6.27019.06",
          "OSName/Windows",
          "OSVersion/Microsoft.Windows.10.0.17134.",
          "Microsoft.Azure.Management.NetApp.AzureNetAppFilesManagementClient/0.9.0.0"
        ]
      },
      "ResponseHeaders": {
        "Cache-Control": [
          "no-cache"
        ],
        "Pragma": [
          "no-cache"
        ],
        "x-ms-request-id": [
          "01bbd01b-889e-47ec-a9d7-a91e09acf44f"
        ],
        "x-ms-ratelimit-remaining-subscription-reads": [
          "11981"
        ],
        "Server": [
          "Microsoft-IIS/10.0"
        ],
        "X-Powered-By": [
          "ASP.NET"
        ],
        "x-ms-correlation-request-id": [
          "47e133e9-2cbf-4a29-9ec4-c0b593748b55"
        ],
        "x-ms-routing-request-id": [
          "FRANCECENTRAL:20190325T114735Z:47e133e9-2cbf-4a29-9ec4-c0b593748b55"
        ],
        "Strict-Transport-Security": [
          "max-age=31536000; includeSubDomains"
        ],
        "X-Content-Type-Options": [
          "nosniff"
        ],
        "Date": [
          "Mon, 25 Mar 2019 11:47:35 GMT"
        ],
        "Content-Length": [
          "536"
        ],
        "Content-Type": [
          "application/json; charset=utf-8"
        ],
        "Expires": [
          "-1"
        ]
      },
      "ResponseBody": "{\r\n  \"id\": \"/subscriptions/f557b96d-2308-4a18-aae1-b8f7e7e70cc7/providers/Microsoft.NetApp/locations/eastus/operationResults/2967e20a-19f5-4d4c-9e67-4c782af03e39\",\r\n  \"name\": \"2967e20a-19f5-4d4c-9e67-4c782af03e39\",\r\n  \"status\": \"Succeeded\",\r\n  \"startTime\": \"2019-03-25T11:47:05.1694705Z\",\r\n  \"endTime\": \"2019-03-25T11:47:05.8726466Z\",\r\n  \"percentComplete\": 100.0,\r\n  \"properties\": {\r\n    \"resourceName\": \"/subscriptions/f557b96d-2308-4a18-aae1-b8f7e7e70cc7/resourceGroups/pws-sdk-tests-rg-2/providers/Microsoft.NetApp/netAppAccounts/pws-sdk-acc-1/capacityPools/pws-sdk-pool-1\"\r\n  }\r\n}",
      "StatusCode": 200
    },
    {
      "RequestUri": "/subscriptions/f557b96d-2308-4a18-aae1-b8f7e7e70cc7/resourceGroups/pws-sdk-tests-rg-2/providers/Microsoft.NetApp/netAppAccounts/pws-sdk-acc-1/capacityPools/pws-sdk-pool-1?api-version=2017-08-15",
      "EncodedRequestUri": "L3N1YnNjcmlwdGlvbnMvZjU1N2I5NmQtMjMwOC00YTE4LWFhZTEtYjhmN2U3ZTcwY2M3L3Jlc291cmNlR3JvdXBzL3B3cy1zZGstdGVzdHMtcmctMi9wcm92aWRlcnMvTWljcm9zb2Z0Lk5ldEFwcC9uZXRBcHBBY2NvdW50cy9wd3Mtc2RrLWFjYy0xL2NhcGFjaXR5UG9vbHMvcHdzLXNkay1wb29sLTE/YXBpLXZlcnNpb249MjAxNy0wOC0xNQ==",
      "RequestMethod": "GET",
      "RequestBody": "",
      "RequestHeaders": {
        "User-Agent": [
          "FxVersion/4.6.27019.06",
          "OSName/Windows",
          "OSVersion/Microsoft.Windows.10.0.17134.",
          "Microsoft.Azure.Management.NetApp.AzureNetAppFilesManagementClient/0.9.0.0"
        ]
      },
      "ResponseHeaders": {
        "Cache-Control": [
          "no-cache"
        ],
        "Pragma": [
          "no-cache"
        ],
        "ETag": [
          "W/\"datetime'2019-03-25T11%3A47%3A06.1600699Z'\""
        ],
        "x-ms-request-id": [
          "aa7d1c70-2cf4-4f75-8ec5-d68349003cf8"
        ],
        "Server": [
          "Microsoft-IIS/10.0"
        ],
        "X-Powered-By": [
          "ASP.NET"
        ],
        "x-ms-ratelimit-remaining-subscription-reads": [
          "11980"
        ],
        "x-ms-correlation-request-id": [
          "1d8f1f77-98cc-4cd5-abed-d8f6a08601d0"
        ],
        "x-ms-routing-request-id": [
          "FRANCECENTRAL:20190325T114736Z:1d8f1f77-98cc-4cd5-abed-d8f6a08601d0"
        ],
        "Strict-Transport-Security": [
          "max-age=31536000; includeSubDomains"
        ],
        "X-Content-Type-Options": [
          "nosniff"
        ],
        "Date": [
          "Mon, 25 Mar 2019 11:47:35 GMT"
        ],
        "Content-Length": [
          "529"
        ],
        "Content-Type": [
          "application/json; charset=utf-8"
        ],
        "Expires": [
          "-1"
        ]
      },
      "ResponseBody": "{\r\n  \"id\": \"/subscriptions/f557b96d-2308-4a18-aae1-b8f7e7e70cc7/resourceGroups/pws-sdk-tests-rg-2/providers/Microsoft.NetApp/netAppAccounts/pws-sdk-acc-1/capacityPools/pws-sdk-pool-1\",\r\n  \"name\": \"pws-sdk-acc-1/pws-sdk-pool-1\",\r\n  \"type\": \"Microsoft.NetApp/netAppAccounts/capacityPools\",\r\n  \"etag\": \"W/\\\"datetime'2019-03-25T11%3A47%3A06.1600699Z'\\\"\",\r\n  \"location\": \"eastus\",\r\n  \"properties\": {\r\n    \"poolId\": \"234c20cf-a025-3f8e-fcb1-37fa0c5c8edc\",\r\n    \"name\": \"pws-sdk-acc-1/pws-sdk-pool-1\",\r\n    \"serviceLevel\": \"Premium\",\r\n    \"size\": 4398046511104,\r\n    \"provisioningState\": \"Succeeded\"\r\n  }\r\n}",
      "StatusCode": 200
    },
    {
      "RequestUri": "/subscriptions/f557b96d-2308-4a18-aae1-b8f7e7e70cc7/resourceGroups/pws-sdk-tests-rg-2/providers/Microsoft.NetApp/netAppAccounts/pws-sdk-acc-1/capacityPools/pws-sdk-pool-1?api-version=2017-08-15",
      "EncodedRequestUri": "L3N1YnNjcmlwdGlvbnMvZjU1N2I5NmQtMjMwOC00YTE4LWFhZTEtYjhmN2U3ZTcwY2M3L3Jlc291cmNlR3JvdXBzL3B3cy1zZGstdGVzdHMtcmctMi9wcm92aWRlcnMvTWljcm9zb2Z0Lk5ldEFwcC9uZXRBcHBBY2NvdW50cy9wd3Mtc2RrLWFjYy0xL2NhcGFjaXR5UG9vbHMvcHdzLXNkay1wb29sLTE/YXBpLXZlcnNpb249MjAxNy0wOC0xNQ==",
      "RequestMethod": "GET",
      "RequestBody": "",
      "RequestHeaders": {
        "x-ms-client-request-id": [
          "6c205f8c-4f99-49f2-b067-488cf3f1202c"
        ],
        "Accept-Language": [
          "en-US"
        ],
        "User-Agent": [
          "FxVersion/4.6.27019.06",
          "OSName/Windows",
          "OSVersion/Microsoft.Windows.10.0.17134.",
          "Microsoft.Azure.Management.NetApp.AzureNetAppFilesManagementClient/0.9.0.0"
        ]
      },
      "ResponseHeaders": {
        "Cache-Control": [
          "no-cache"
        ],
        "Pragma": [
          "no-cache"
        ],
        "ETag": [
          "W/\"datetime'2019-03-25T11%3A47%3A06.1600699Z'\""
        ],
        "x-ms-request-id": [
          "12a0d011-b726-4f6d-a59b-973c2d1e1b9c"
        ],
        "Server": [
          "Microsoft-IIS/10.0"
        ],
        "X-Powered-By": [
          "ASP.NET"
        ],
        "x-ms-ratelimit-remaining-subscription-reads": [
          "11979"
        ],
        "x-ms-correlation-request-id": [
          "451ae13f-65c8-4079-9024-528d04130c6e"
        ],
        "x-ms-routing-request-id": [
          "FRANCECENTRAL:20190325T114736Z:451ae13f-65c8-4079-9024-528d04130c6e"
        ],
        "Strict-Transport-Security": [
          "max-age=31536000; includeSubDomains"
        ],
        "X-Content-Type-Options": [
          "nosniff"
        ],
        "Date": [
          "Mon, 25 Mar 2019 11:47:36 GMT"
        ],
        "Content-Length": [
          "529"
        ],
        "Content-Type": [
          "application/json; charset=utf-8"
        ],
        "Expires": [
          "-1"
        ]
      },
      "ResponseBody": "{\r\n  \"id\": \"/subscriptions/f557b96d-2308-4a18-aae1-b8f7e7e70cc7/resourceGroups/pws-sdk-tests-rg-2/providers/Microsoft.NetApp/netAppAccounts/pws-sdk-acc-1/capacityPools/pws-sdk-pool-1\",\r\n  \"name\": \"pws-sdk-acc-1/pws-sdk-pool-1\",\r\n  \"type\": \"Microsoft.NetApp/netAppAccounts/capacityPools\",\r\n  \"etag\": \"W/\\\"datetime'2019-03-25T11%3A47%3A06.1600699Z'\\\"\",\r\n  \"location\": \"eastus\",\r\n  \"properties\": {\r\n    \"poolId\": \"234c20cf-a025-3f8e-fcb1-37fa0c5c8edc\",\r\n    \"name\": \"pws-sdk-acc-1/pws-sdk-pool-1\",\r\n    \"serviceLevel\": \"Premium\",\r\n    \"size\": 4398046511104,\r\n    \"provisioningState\": \"Succeeded\"\r\n  }\r\n}",
      "StatusCode": 200
    },
    {
      "RequestUri": "/subscriptions/f557b96d-2308-4a18-aae1-b8f7e7e70cc7/resourceGroups/pws-sdk-tests-rg-2/providers/Microsoft.NetApp/netAppAccounts/pws-sdk-acc-1/capacityPools/pws-sdk-pool-1?api-version=2017-08-15",
      "EncodedRequestUri": "L3N1YnNjcmlwdGlvbnMvZjU1N2I5NmQtMjMwOC00YTE4LWFhZTEtYjhmN2U3ZTcwY2M3L3Jlc291cmNlR3JvdXBzL3B3cy1zZGstdGVzdHMtcmctMi9wcm92aWRlcnMvTWljcm9zb2Z0Lk5ldEFwcC9uZXRBcHBBY2NvdW50cy9wd3Mtc2RrLWFjYy0xL2NhcGFjaXR5UG9vbHMvcHdzLXNkay1wb29sLTE/YXBpLXZlcnNpb249MjAxNy0wOC0xNQ==",
      "RequestMethod": "GET",
      "RequestBody": "",
      "RequestHeaders": {
        "x-ms-client-request-id": [
          "d52f6535-6d37-4bae-8281-682457c9c214"
        ],
        "Accept-Language": [
          "en-US"
        ],
        "User-Agent": [
          "FxVersion/4.6.27019.06",
          "OSName/Windows",
          "OSVersion/Microsoft.Windows.10.0.17134.",
          "Microsoft.Azure.Management.NetApp.AzureNetAppFilesManagementClient/0.9.0.0"
        ]
      },
      "ResponseHeaders": {
        "Cache-Control": [
          "no-cache"
        ],
        "Pragma": [
          "no-cache"
        ],
        "ETag": [
          "W/\"datetime'2019-03-25T11%3A47%3A06.1600699Z'\""
        ],
        "x-ms-request-id": [
          "c8f3f66e-395a-46f2-b84c-a912d3f0b49c"
        ],
        "Server": [
          "Microsoft-IIS/10.0"
        ],
        "X-Powered-By": [
          "ASP.NET"
        ],
        "x-ms-ratelimit-remaining-subscription-reads": [
          "11969"
        ],
        "x-ms-correlation-request-id": [
          "2597af17-5116-4d53-98fa-42211f677a3c"
        ],
        "x-ms-routing-request-id": [
          "FRANCECENTRAL:20190325T115018Z:2597af17-5116-4d53-98fa-42211f677a3c"
        ],
        "Strict-Transport-Security": [
          "max-age=31536000; includeSubDomains"
        ],
        "X-Content-Type-Options": [
          "nosniff"
        ],
        "Date": [
          "Mon, 25 Mar 2019 11:50:17 GMT"
        ],
        "Content-Length": [
          "529"
        ],
        "Content-Type": [
          "application/json; charset=utf-8"
        ],
        "Expires": [
          "-1"
        ]
      },
      "ResponseBody": "{\r\n  \"id\": \"/subscriptions/f557b96d-2308-4a18-aae1-b8f7e7e70cc7/resourceGroups/pws-sdk-tests-rg-2/providers/Microsoft.NetApp/netAppAccounts/pws-sdk-acc-1/capacityPools/pws-sdk-pool-1\",\r\n  \"name\": \"pws-sdk-acc-1/pws-sdk-pool-1\",\r\n  \"type\": \"Microsoft.NetApp/netAppAccounts/capacityPools\",\r\n  \"etag\": \"W/\\\"datetime'2019-03-25T11%3A47%3A06.1600699Z'\\\"\",\r\n  \"location\": \"eastus\",\r\n  \"properties\": {\r\n    \"poolId\": \"234c20cf-a025-3f8e-fcb1-37fa0c5c8edc\",\r\n    \"name\": \"pws-sdk-acc-1/pws-sdk-pool-1\",\r\n    \"serviceLevel\": \"Premium\",\r\n    \"size\": 4398046511104,\r\n    \"provisioningState\": \"Succeeded\"\r\n  }\r\n}",
      "StatusCode": 200
    },
    {
      "RequestUri": "/subscriptions/f557b96d-2308-4a18-aae1-b8f7e7e70cc7/resourceGroups/pws-sdk-tests-rg-2/providers/Microsoft.NetApp/netAppAccounts/pws-sdk-acc-1/capacityPools/pws-sdk-pool-1/volumes/pws-sdk-vol-1?api-version=2017-08-15",
      "EncodedRequestUri": "L3N1YnNjcmlwdGlvbnMvZjU1N2I5NmQtMjMwOC00YTE4LWFhZTEtYjhmN2U3ZTcwY2M3L3Jlc291cmNlR3JvdXBzL3B3cy1zZGstdGVzdHMtcmctMi9wcm92aWRlcnMvTWljcm9zb2Z0Lk5ldEFwcC9uZXRBcHBBY2NvdW50cy9wd3Mtc2RrLWFjYy0xL2NhcGFjaXR5UG9vbHMvcHdzLXNkay1wb29sLTEvdm9sdW1lcy9wd3Mtc2RrLXZvbC0xP2FwaS12ZXJzaW9uPTIwMTctMDgtMTU=",
      "RequestMethod": "PUT",
      "RequestBody": "{\r\n  \"location\": \"eastus\",\r\n  \"properties\": {\r\n    \"creationToken\": \"pws-sdk-vol-1\",\r\n    \"serviceLevel\": \"Premium\",\r\n    \"usageThreshold\": 107374182400,\r\n    \"subnetId\": \"/subscriptions/f557b96d-2308-4a18-aae1-b8f7e7e70cc7/resourceGroups/pws-sdk-tests-rg-2/providers/Microsoft.Network/virtualNetworks/pws-sdk-tests-rg-2-vnet/subnets/default\"\r\n  }\r\n}",
      "RequestHeaders": {
        "x-ms-client-request-id": [
          "715f2206-7dc9-456c-96c3-ec8c26e47fab"
        ],
        "Accept-Language": [
          "en-US"
        ],
        "User-Agent": [
          "FxVersion/4.6.27019.06",
          "OSName/Windows",
          "OSVersion/Microsoft.Windows.10.0.17134.",
          "Microsoft.Azure.Management.NetApp.AzureNetAppFilesManagementClient/0.9.0.0"
        ],
        "Content-Type": [
          "application/json; charset=utf-8"
        ],
        "Content-Length": [
          "350"
        ]
      },
      "ResponseHeaders": {
        "Cache-Control": [
          "no-cache"
        ],
        "Pragma": [
          "no-cache"
        ],
        "ETag": [
          "W/\"datetime'2019-03-25T11%3A47%3A38.1603361Z'\""
        ],
        "x-ms-request-id": [
          "912e8c0a-77eb-4c48-bf77-2b8e63fb9406"
        ],
        "Azure-AsyncOperation": [
          "https://management.azure.com/subscriptions/f557b96d-2308-4a18-aae1-b8f7e7e70cc7/providers/Microsoft.NetApp/locations/eastus/operationResults/7dc8eb33-74c7-4685-8011-7d17d8d68554?api-version=2017-08-15"
        ],
        "Server": [
          "Microsoft-IIS/10.0"
        ],
        "X-Powered-By": [
          "ASP.NET"
        ],
        "x-ms-ratelimit-remaining-subscription-writes": [
          "1191"
        ],
        "x-ms-correlation-request-id": [
          "238e1ac1-f62e-4c07-9a2b-caf25aaf1a70"
        ],
        "x-ms-routing-request-id": [
          "FRANCECENTRAL:20190325T114738Z:238e1ac1-f62e-4c07-9a2b-caf25aaf1a70"
        ],
        "Strict-Transport-Security": [
          "max-age=31536000; includeSubDomains"
        ],
        "X-Content-Type-Options": [
          "nosniff"
        ],
        "Date": [
          "Mon, 25 Mar 2019 11:47:37 GMT"
        ],
        "Content-Length": [
          "710"
        ],
        "Content-Type": [
          "application/json; charset=utf-8"
        ],
        "Expires": [
          "-1"
        ]
      },
      "ResponseBody": "{\r\n  \"id\": \"/subscriptions/f557b96d-2308-4a18-aae1-b8f7e7e70cc7/resourceGroups/pws-sdk-tests-rg-2/providers/Microsoft.NetApp/netAppAccounts/pws-sdk-acc-1/capacityPools/pws-sdk-pool-1/volumes/pws-sdk-vol-1\",\r\n  \"name\": \"pws-sdk-acc-1/pws-sdk-pool-1/pws-sdk-vol-1\",\r\n  \"type\": \"Microsoft.NetApp/netAppAccounts/capacityPools/volumes\",\r\n  \"etag\": \"W/\\\"datetime'2019-03-25T11%3A47%3A38.1603361Z'\\\"\",\r\n  \"location\": \"eastus\",\r\n  \"properties\": {\r\n    \"creationToken\": \"pws-sdk-vol-1\",\r\n    \"serviceLevel\": \"Premium\",\r\n    \"usageThreshold\": 107374182400,\r\n    \"subnetId\": \"/subscriptions/f557b96d-2308-4a18-aae1-b8f7e7e70cc7/resourceGroups/pws-sdk-tests-rg-2/providers/Microsoft.Network/virtualNetworks/pws-sdk-tests-rg-2-vnet/subnets/default\",\r\n    \"provisioningState\": \"Creating\"\r\n  }\r\n}",
      "StatusCode": 201
    },
    {
      "RequestUri": "/subscriptions/f557b96d-2308-4a18-aae1-b8f7e7e70cc7/providers/Microsoft.NetApp/locations/eastus/operationResults/7dc8eb33-74c7-4685-8011-7d17d8d68554?api-version=2017-08-15",
      "EncodedRequestUri": "L3N1YnNjcmlwdGlvbnMvZjU1N2I5NmQtMjMwOC00YTE4LWFhZTEtYjhmN2U3ZTcwY2M3L3Byb3ZpZGVycy9NaWNyb3NvZnQuTmV0QXBwL2xvY2F0aW9ucy9lYXN0dXMvb3BlcmF0aW9uUmVzdWx0cy83ZGM4ZWIzMy03NGM3LTQ2ODUtODAxMS03ZDE3ZDhkNjg1NTQ/YXBpLXZlcnNpb249MjAxNy0wOC0xNQ==",
      "RequestMethod": "GET",
      "RequestBody": "",
      "RequestHeaders": {
        "User-Agent": [
          "FxVersion/4.6.27019.06",
          "OSName/Windows",
          "OSVersion/Microsoft.Windows.10.0.17134.",
          "Microsoft.Azure.Management.NetApp.AzureNetAppFilesManagementClient/0.9.0.0"
        ]
      },
      "ResponseHeaders": {
        "Cache-Control": [
          "no-cache"
        ],
        "Pragma": [
          "no-cache"
        ],
        "x-ms-request-id": [
          "41c68477-62b9-4e95-b0b4-c1a939f73a1c"
        ],
        "Server": [
          "Microsoft-IIS/10.0"
        ],
        "X-Powered-By": [
          "ASP.NET"
        ],
        "x-ms-ratelimit-remaining-subscription-reads": [
          "11978"
        ],
        "x-ms-correlation-request-id": [
          "c85ec88e-e176-47e7-a940-c9a3d468d77e"
        ],
        "x-ms-routing-request-id": [
          "FRANCECENTRAL:20190325T114808Z:c85ec88e-e176-47e7-a940-c9a3d468d77e"
        ],
        "Strict-Transport-Security": [
          "max-age=31536000; includeSubDomains"
        ],
        "X-Content-Type-Options": [
          "nosniff"
        ],
        "Date": [
          "Mon, 25 Mar 2019 11:48:07 GMT"
        ],
        "Content-Length": [
          "547"
        ],
        "Content-Type": [
          "application/json; charset=utf-8"
        ],
        "Expires": [
          "-1"
        ]
      },
      "ResponseBody": "{\r\n  \"id\": \"/subscriptions/f557b96d-2308-4a18-aae1-b8f7e7e70cc7/providers/Microsoft.NetApp/locations/eastus/operationResults/7dc8eb33-74c7-4685-8011-7d17d8d68554\",\r\n  \"name\": \"7dc8eb33-74c7-4685-8011-7d17d8d68554\",\r\n  \"status\": \"Creating\",\r\n  \"startTime\": \"2019-03-25T11:47:37.8672711Z\",\r\n  \"endTime\": \"0001-01-01T00:00:00Z\",\r\n  \"percentComplete\": 0.0,\r\n  \"properties\": {\r\n    \"resourceName\": \"/subscriptions/f557b96d-2308-4a18-aae1-b8f7e7e70cc7/resourceGroups/pws-sdk-tests-rg-2/providers/Microsoft.NetApp/netAppAccounts/pws-sdk-acc-1/capacityPools/pws-sdk-pool-1/volumes/pws-sdk-vol-1\"\r\n  }\r\n}",
      "StatusCode": 200
    },
    {
      "RequestUri": "/subscriptions/f557b96d-2308-4a18-aae1-b8f7e7e70cc7/providers/Microsoft.NetApp/locations/eastus/operationResults/7dc8eb33-74c7-4685-8011-7d17d8d68554?api-version=2017-08-15",
      "EncodedRequestUri": "L3N1YnNjcmlwdGlvbnMvZjU1N2I5NmQtMjMwOC00YTE4LWFhZTEtYjhmN2U3ZTcwY2M3L3Byb3ZpZGVycy9NaWNyb3NvZnQuTmV0QXBwL2xvY2F0aW9ucy9lYXN0dXMvb3BlcmF0aW9uUmVzdWx0cy83ZGM4ZWIzMy03NGM3LTQ2ODUtODAxMS03ZDE3ZDhkNjg1NTQ/YXBpLXZlcnNpb249MjAxNy0wOC0xNQ==",
      "RequestMethod": "GET",
      "RequestBody": "",
      "RequestHeaders": {
        "User-Agent": [
          "FxVersion/4.6.27019.06",
          "OSName/Windows",
          "OSVersion/Microsoft.Windows.10.0.17134.",
          "Microsoft.Azure.Management.NetApp.AzureNetAppFilesManagementClient/0.9.0.0"
        ]
      },
      "ResponseHeaders": {
        "Cache-Control": [
          "no-cache"
        ],
        "Pragma": [
          "no-cache"
        ],
        "x-ms-request-id": [
          "aac48875-0990-48e3-8470-9bd7d35ae50c"
        ],
        "x-ms-ratelimit-remaining-subscription-reads": [
          "11977"
        ],
        "Server": [
          "Microsoft-IIS/10.0"
        ],
        "X-Powered-By": [
          "ASP.NET"
        ],
        "x-ms-correlation-request-id": [
          "63ba11e8-eaa5-4b21-9663-25cd01959baa"
        ],
        "x-ms-routing-request-id": [
          "FRANCECENTRAL:20190325T114838Z:63ba11e8-eaa5-4b21-9663-25cd01959baa"
        ],
        "Strict-Transport-Security": [
          "max-age=31536000; includeSubDomains"
        ],
        "X-Content-Type-Options": [
          "nosniff"
        ],
        "Date": [
          "Mon, 25 Mar 2019 11:48:38 GMT"
        ],
        "Content-Length": [
          "558"
        ],
        "Content-Type": [
          "application/json; charset=utf-8"
        ],
        "Expires": [
          "-1"
        ]
      },
      "ResponseBody": "{\r\n  \"id\": \"/subscriptions/f557b96d-2308-4a18-aae1-b8f7e7e70cc7/providers/Microsoft.NetApp/locations/eastus/operationResults/7dc8eb33-74c7-4685-8011-7d17d8d68554\",\r\n  \"name\": \"7dc8eb33-74c7-4685-8011-7d17d8d68554\",\r\n  \"status\": \"Succeeded\",\r\n  \"startTime\": \"2019-03-25T11:47:37.8672711Z\",\r\n  \"endTime\": \"2019-03-25T11:48:24.6145344Z\",\r\n  \"percentComplete\": 100.0,\r\n  \"properties\": {\r\n    \"resourceName\": \"/subscriptions/f557b96d-2308-4a18-aae1-b8f7e7e70cc7/resourceGroups/pws-sdk-tests-rg-2/providers/Microsoft.NetApp/netAppAccounts/pws-sdk-acc-1/capacityPools/pws-sdk-pool-1/volumes/pws-sdk-vol-1\"\r\n  }\r\n}",
      "StatusCode": 200
    },
    {
      "RequestUri": "/subscriptions/f557b96d-2308-4a18-aae1-b8f7e7e70cc7/resourceGroups/pws-sdk-tests-rg-2/providers/Microsoft.NetApp/netAppAccounts/pws-sdk-acc-1/capacityPools/pws-sdk-pool-1/volumes/pws-sdk-vol-1?api-version=2017-08-15",
      "EncodedRequestUri": "L3N1YnNjcmlwdGlvbnMvZjU1N2I5NmQtMjMwOC00YTE4LWFhZTEtYjhmN2U3ZTcwY2M3L3Jlc291cmNlR3JvdXBzL3B3cy1zZGstdGVzdHMtcmctMi9wcm92aWRlcnMvTWljcm9zb2Z0Lk5ldEFwcC9uZXRBcHBBY2NvdW50cy9wd3Mtc2RrLWFjYy0xL2NhcGFjaXR5UG9vbHMvcHdzLXNkay1wb29sLTEvdm9sdW1lcy9wd3Mtc2RrLXZvbC0xP2FwaS12ZXJzaW9uPTIwMTctMDgtMTU=",
      "RequestMethod": "GET",
      "RequestBody": "",
      "RequestHeaders": {
        "User-Agent": [
          "FxVersion/4.6.27019.06",
          "OSName/Windows",
          "OSVersion/Microsoft.Windows.10.0.17134.",
          "Microsoft.Azure.Management.NetApp.AzureNetAppFilesManagementClient/0.9.0.0"
        ]
      },
      "ResponseHeaders": {
        "Cache-Control": [
          "no-cache"
        ],
        "Pragma": [
          "no-cache"
        ],
        "ETag": [
          "W/\"datetime'2019-03-25T11%3A48%3A24.6433007Z'\""
        ],
        "x-ms-request-id": [
          "e7e706ee-4734-4373-afb0-a8ce19344c12"
        ],
        "Server": [
          "Microsoft-IIS/10.0"
        ],
        "X-Powered-By": [
          "ASP.NET"
        ],
        "x-ms-ratelimit-remaining-subscription-reads": [
          "11976"
        ],
        "x-ms-correlation-request-id": [
          "83bdef5c-1144-423b-b462-c5ef5028a08c"
        ],
        "x-ms-routing-request-id": [
          "FRANCECENTRAL:20190325T114839Z:83bdef5c-1144-423b-b462-c5ef5028a08c"
        ],
        "Strict-Transport-Security": [
          "max-age=31536000; includeSubDomains"
        ],
        "X-Content-Type-Options": [
          "nosniff"
        ],
        "Date": [
          "Mon, 25 Mar 2019 11:48:39 GMT"
        ],
        "Content-Length": [
          "1397"
        ],
        "Content-Type": [
          "application/json; charset=utf-8"
        ],
        "Expires": [
          "-1"
        ]
      },
      "ResponseBody": "{\r\n  \"id\": \"/subscriptions/f557b96d-2308-4a18-aae1-b8f7e7e70cc7/resourceGroups/pws-sdk-tests-rg-2/providers/Microsoft.NetApp/netAppAccounts/pws-sdk-acc-1/capacityPools/pws-sdk-pool-1/volumes/pws-sdk-vol-1\",\r\n  \"name\": \"pws-sdk-acc-1/pws-sdk-pool-1/pws-sdk-vol-1\",\r\n  \"type\": \"Microsoft.NetApp/netAppAccounts/capacityPools/volumes\",\r\n  \"etag\": \"W/\\\"datetime'2019-03-25T11%3A48%3A24.6433007Z'\\\"\",\r\n  \"location\": \"eastus\",\r\n  \"properties\": {\r\n    \"provisioningState\": \"Succeeded\",\r\n    \"fileSystemId\": \"3bc4946b-e4d9-2f4b-824a-cd0275da2526\",\r\n    \"serviceLevel\": \"Premium\",\r\n    \"creationToken\": \"pws-sdk-vol-1\",\r\n    \"ownerId\": \"d8026204-1052-421f-ab17-81a23301b01c\",\r\n    \"usageThreshold\": 107374182400,\r\n    \"usedBytes\": 0,\r\n    \"snapshotPolicy\": {\r\n      \"enabled\": false\r\n    },\r\n    \"exportPolicy\": {\r\n      \"rules\": [\r\n        {\r\n          \"ruleIndex\": 1,\r\n          \"unixReadOnly\": false,\r\n          \"unixReadWrite\": true,\r\n          \"cifs\": false,\r\n          \"nfsv3\": true,\r\n          \"nfsv4\": false,\r\n          \"allowedClients\": \"0.0.0.0/0\"\r\n        }\r\n      ]\r\n    },\r\n    \"protocolTypes\": [\r\n      \"NFSv3\"\r\n    ],\r\n    \"baremetalTenantId\": \"baremetalTenant_svm_d80262041052421fab1781a23301b01c_f24fea33\",\r\n    \"subnetId\": \"/subscriptions/f557b96d-2308-4a18-aae1-b8f7e7e70cc7/resourceGroups/pws-sdk-tests-rg-2/providers/Microsoft.Network/virtualNetworks/pws-sdk-tests-rg-2-vnet/subnets/default\",\r\n    \"mountTargets\": [\r\n      {\r\n        \"provisioningState\": \"Succeeded\",\r\n        \"mountTargetId\": \"bb32aa27-f7f8-abc7-afc0-286b26bf2a7a\",\r\n        \"fileSystemId\": \"3bc4946b-e4d9-2f4b-824a-cd0275da2526\",\r\n        \"startIp\": \"10.0.1.4\",\r\n        \"endIp\": \"10.0.1.4\",\r\n        \"gateway\": \"10.0.1.1\",\r\n        \"netmask\": \"255.255.255.0\",\r\n        \"ipAddress\": \"10.0.1.4\"\r\n      }\r\n    ]\r\n  }\r\n}",
      "StatusCode": 200
    },
    {
      "RequestUri": "/subscriptions/f557b96d-2308-4a18-aae1-b8f7e7e70cc7/resourceGroups/pws-sdk-tests-rg-2/providers/Microsoft.NetApp/netAppAccounts/pws-sdk-acc-1/capacityPools/pws-sdk-pool-1/volumes/pws-sdk-vol-1?api-version=2017-08-15",
      "EncodedRequestUri": "L3N1YnNjcmlwdGlvbnMvZjU1N2I5NmQtMjMwOC00YTE4LWFhZTEtYjhmN2U3ZTcwY2M3L3Jlc291cmNlR3JvdXBzL3B3cy1zZGstdGVzdHMtcmctMi9wcm92aWRlcnMvTWljcm9zb2Z0Lk5ldEFwcC9uZXRBcHBBY2NvdW50cy9wd3Mtc2RrLWFjYy0xL2NhcGFjaXR5UG9vbHMvcHdzLXNkay1wb29sLTEvdm9sdW1lcy9wd3Mtc2RrLXZvbC0xP2FwaS12ZXJzaW9uPTIwMTctMDgtMTU=",
      "RequestMethod": "GET",
      "RequestBody": "",
      "RequestHeaders": {
        "x-ms-client-request-id": [
          "ee281d80-7f5b-470a-818a-b61aa45f44ab"
        ],
        "Accept-Language": [
          "en-US"
        ],
        "User-Agent": [
          "FxVersion/4.6.27019.06",
          "OSName/Windows",
          "OSVersion/Microsoft.Windows.10.0.17134.",
          "Microsoft.Azure.Management.NetApp.AzureNetAppFilesManagementClient/0.9.0.0"
        ]
      },
      "ResponseHeaders": {
        "Cache-Control": [
          "no-cache"
        ],
        "Pragma": [
          "no-cache"
        ],
        "ETag": [
          "W/\"datetime'2019-03-25T11%3A48%3A24.6433007Z'\""
        ],
        "x-ms-request-id": [
          "af98a5a2-3234-4b51-9f4a-dbf78b4a5e28"
        ],
        "Server": [
          "Microsoft-IIS/10.0"
        ],
        "X-Powered-By": [
          "ASP.NET"
        ],
        "x-ms-ratelimit-remaining-subscription-reads": [
          "11975"
        ],
        "x-ms-correlation-request-id": [
          "a62c8592-2463-420b-af9b-ca44b8957e60"
        ],
        "x-ms-routing-request-id": [
          "FRANCECENTRAL:20190325T114839Z:a62c8592-2463-420b-af9b-ca44b8957e60"
        ],
        "Strict-Transport-Security": [
          "max-age=31536000; includeSubDomains"
        ],
        "X-Content-Type-Options": [
          "nosniff"
        ],
        "Date": [
          "Mon, 25 Mar 2019 11:48:39 GMT"
        ],
        "Content-Length": [
          "1397"
        ],
        "Content-Type": [
          "application/json; charset=utf-8"
        ],
        "Expires": [
          "-1"
        ]
      },
      "ResponseBody": "{\r\n  \"id\": \"/subscriptions/f557b96d-2308-4a18-aae1-b8f7e7e70cc7/resourceGroups/pws-sdk-tests-rg-2/providers/Microsoft.NetApp/netAppAccounts/pws-sdk-acc-1/capacityPools/pws-sdk-pool-1/volumes/pws-sdk-vol-1\",\r\n  \"name\": \"pws-sdk-acc-1/pws-sdk-pool-1/pws-sdk-vol-1\",\r\n  \"type\": \"Microsoft.NetApp/netAppAccounts/capacityPools/volumes\",\r\n  \"etag\": \"W/\\\"datetime'2019-03-25T11%3A48%3A24.6433007Z'\\\"\",\r\n  \"location\": \"eastus\",\r\n  \"properties\": {\r\n    \"provisioningState\": \"Succeeded\",\r\n    \"fileSystemId\": \"3bc4946b-e4d9-2f4b-824a-cd0275da2526\",\r\n    \"serviceLevel\": \"Premium\",\r\n    \"creationToken\": \"pws-sdk-vol-1\",\r\n    \"ownerId\": \"d8026204-1052-421f-ab17-81a23301b01c\",\r\n    \"usageThreshold\": 107374182400,\r\n    \"usedBytes\": 0,\r\n    \"snapshotPolicy\": {\r\n      \"enabled\": false\r\n    },\r\n    \"exportPolicy\": {\r\n      \"rules\": [\r\n        {\r\n          \"ruleIndex\": 1,\r\n          \"unixReadOnly\": false,\r\n          \"unixReadWrite\": true,\r\n          \"cifs\": false,\r\n          \"nfsv3\": true,\r\n          \"nfsv4\": false,\r\n          \"allowedClients\": \"0.0.0.0/0\"\r\n        }\r\n      ]\r\n    },\r\n    \"protocolTypes\": [\r\n      \"NFSv3\"\r\n    ],\r\n    \"baremetalTenantId\": \"baremetalTenant_svm_d80262041052421fab1781a23301b01c_f24fea33\",\r\n    \"subnetId\": \"/subscriptions/f557b96d-2308-4a18-aae1-b8f7e7e70cc7/resourceGroups/pws-sdk-tests-rg-2/providers/Microsoft.Network/virtualNetworks/pws-sdk-tests-rg-2-vnet/subnets/default\",\r\n    \"mountTargets\": [\r\n      {\r\n        \"provisioningState\": \"Succeeded\",\r\n        \"mountTargetId\": \"bb32aa27-f7f8-abc7-afc0-286b26bf2a7a\",\r\n        \"fileSystemId\": \"3bc4946b-e4d9-2f4b-824a-cd0275da2526\",\r\n        \"startIp\": \"10.0.1.4\",\r\n        \"endIp\": \"10.0.1.4\",\r\n        \"gateway\": \"10.0.1.1\",\r\n        \"netmask\": \"255.255.255.0\",\r\n        \"ipAddress\": \"10.0.1.4\"\r\n      }\r\n    ]\r\n  }\r\n}",
      "StatusCode": 200
    },
    {
      "RequestUri": "/subscriptions/f557b96d-2308-4a18-aae1-b8f7e7e70cc7/resourceGroups/pws-sdk-tests-rg-2/providers/Microsoft.NetApp/netAppAccounts/pws-sdk-acc-1/capacityPools/pws-sdk-pool-1/volumes/pws-sdk-vol-1?api-version=2017-08-15",
      "EncodedRequestUri": "L3N1YnNjcmlwdGlvbnMvZjU1N2I5NmQtMjMwOC00YTE4LWFhZTEtYjhmN2U3ZTcwY2M3L3Jlc291cmNlR3JvdXBzL3B3cy1zZGstdGVzdHMtcmctMi9wcm92aWRlcnMvTWljcm9zb2Z0Lk5ldEFwcC9uZXRBcHBBY2NvdW50cy9wd3Mtc2RrLWFjYy0xL2NhcGFjaXR5UG9vbHMvcHdzLXNkay1wb29sLTEvdm9sdW1lcy9wd3Mtc2RrLXZvbC0xP2FwaS12ZXJzaW9uPTIwMTctMDgtMTU=",
      "RequestMethod": "GET",
      "RequestBody": "",
      "RequestHeaders": {
        "x-ms-client-request-id": [
          "c689e53e-980b-475b-bf7e-e29d7cc1a48c"
        ],
        "Accept-Language": [
          "en-US"
        ],
        "User-Agent": [
          "FxVersion/4.6.27019.06",
          "OSName/Windows",
          "OSVersion/Microsoft.Windows.10.0.17134.",
          "Microsoft.Azure.Management.NetApp.AzureNetAppFilesManagementClient/0.9.0.0"
        ]
      },
      "ResponseHeaders": {
        "Cache-Control": [
          "no-cache"
        ],
        "Pragma": [
          "no-cache"
        ],
        "ETag": [
          "W/\"datetime'2019-03-25T11%3A48%3A46.1186142Z'\""
        ],
        "x-ms-request-id": [
          "7181bbe2-af6e-4e17-b999-ba371a0c5192"
        ],
        "Server": [
          "Microsoft-IIS/10.0"
        ],
        "X-Powered-By": [
          "ASP.NET"
        ],
        "x-ms-ratelimit-remaining-subscription-reads": [
          "11974"
        ],
        "x-ms-correlation-request-id": [
          "0d616b6b-7caa-4146-84be-c23424f293d9"
        ],
        "x-ms-routing-request-id": [
          "FRANCECENTRAL:20190325T114846Z:0d616b6b-7caa-4146-84be-c23424f293d9"
        ],
        "Strict-Transport-Security": [
          "max-age=31536000; includeSubDomains"
        ],
        "X-Content-Type-Options": [
          "nosniff"
        ],
        "Date": [
          "Mon, 25 Mar 2019 11:48:46 GMT"
        ],
        "Content-Length": [
          "1397"
        ],
        "Content-Type": [
          "application/json; charset=utf-8"
        ],
        "Expires": [
          "-1"
        ]
      },
      "ResponseBody": "{\r\n  \"id\": \"/subscriptions/f557b96d-2308-4a18-aae1-b8f7e7e70cc7/resourceGroups/pws-sdk-tests-rg-2/providers/Microsoft.NetApp/netAppAccounts/pws-sdk-acc-1/capacityPools/pws-sdk-pool-1/volumes/pws-sdk-vol-1\",\r\n  \"name\": \"pws-sdk-acc-1/pws-sdk-pool-1/pws-sdk-vol-1\",\r\n  \"type\": \"Microsoft.NetApp/netAppAccounts/capacityPools/volumes\",\r\n  \"etag\": \"W/\\\"datetime'2019-03-25T11%3A48%3A46.1186142Z'\\\"\",\r\n  \"location\": \"eastus\",\r\n  \"properties\": {\r\n    \"provisioningState\": \"Succeeded\",\r\n    \"fileSystemId\": \"3bc4946b-e4d9-2f4b-824a-cd0275da2526\",\r\n    \"serviceLevel\": \"Premium\",\r\n    \"creationToken\": \"pws-sdk-vol-1\",\r\n    \"ownerId\": \"d8026204-1052-421f-ab17-81a23301b01c\",\r\n    \"usageThreshold\": 214748364800,\r\n    \"usedBytes\": 0,\r\n    \"snapshotPolicy\": {\r\n      \"enabled\": false\r\n    },\r\n    \"exportPolicy\": {\r\n      \"rules\": [\r\n        {\r\n          \"ruleIndex\": 1,\r\n          \"unixReadOnly\": false,\r\n          \"unixReadWrite\": true,\r\n          \"cifs\": false,\r\n          \"nfsv3\": true,\r\n          \"nfsv4\": false,\r\n          \"allowedClients\": \"0.0.0.0/0\"\r\n        }\r\n      ]\r\n    },\r\n    \"protocolTypes\": [\r\n      \"NFSv3\"\r\n    ],\r\n    \"baremetalTenantId\": \"baremetalTenant_svm_d80262041052421fab1781a23301b01c_f24fea33\",\r\n    \"subnetId\": \"/subscriptions/f557b96d-2308-4a18-aae1-b8f7e7e70cc7/resourceGroups/pws-sdk-tests-rg-2/providers/Microsoft.Network/virtualNetworks/pws-sdk-tests-rg-2-vnet/subnets/default\",\r\n    \"mountTargets\": [\r\n      {\r\n        \"provisioningState\": \"Succeeded\",\r\n        \"mountTargetId\": \"bb32aa27-f7f8-abc7-afc0-286b26bf2a7a\",\r\n        \"fileSystemId\": \"3bc4946b-e4d9-2f4b-824a-cd0275da2526\",\r\n        \"startIp\": \"10.0.1.4\",\r\n        \"endIp\": \"10.0.1.4\",\r\n        \"gateway\": \"10.0.1.1\",\r\n        \"netmask\": \"255.255.255.0\",\r\n        \"ipAddress\": \"10.0.1.4\"\r\n      }\r\n    ]\r\n  }\r\n}",
      "StatusCode": 200
    },
    {
      "RequestUri": "/subscriptions/f557b96d-2308-4a18-aae1-b8f7e7e70cc7/resourceGroups/pws-sdk-tests-rg-2/providers/Microsoft.NetApp/netAppAccounts/pws-sdk-acc-1/capacityPools/pws-sdk-pool-1/volumes/pws-sdk-vol-1?api-version=2017-08-15",
      "EncodedRequestUri": "L3N1YnNjcmlwdGlvbnMvZjU1N2I5NmQtMjMwOC00YTE4LWFhZTEtYjhmN2U3ZTcwY2M3L3Jlc291cmNlR3JvdXBzL3B3cy1zZGstdGVzdHMtcmctMi9wcm92aWRlcnMvTWljcm9zb2Z0Lk5ldEFwcC9uZXRBcHBBY2NvdW50cy9wd3Mtc2RrLWFjYy0xL2NhcGFjaXR5UG9vbHMvcHdzLXNkay1wb29sLTEvdm9sdW1lcy9wd3Mtc2RrLXZvbC0xP2FwaS12ZXJzaW9uPTIwMTctMDgtMTU=",
      "RequestMethod": "PATCH",
      "RequestBody": "{\r\n  \"properties\": {\r\n    \"usageThreshold\": 214748364800\r\n  }\r\n}",
      "RequestHeaders": {
        "x-ms-client-request-id": [
          "33ea6a92-bbd1-44b0-af23-01246c691b39"
        ],
        "Accept-Language": [
          "en-US"
        ],
        "User-Agent": [
          "FxVersion/4.6.27019.06",
          "OSName/Windows",
          "OSVersion/Microsoft.Windows.10.0.17134.",
          "Microsoft.Azure.Management.NetApp.AzureNetAppFilesManagementClient/0.9.0.0"
        ],
        "Content-Type": [
          "application/json; charset=utf-8"
        ],
        "Content-Length": [
          "64"
        ]
      },
      "ResponseHeaders": {
        "Cache-Control": [
          "no-cache"
        ],
        "Pragma": [
          "no-cache"
        ],
        "ETag": [
          "W/\"datetime'2019-03-25T11%3A48%3A46.1186142Z'\""
        ],
        "x-ms-request-id": [
          "c79f2ad7-2812-4820-b62a-dd3cd3dc93ec"
        ],
        "Server": [
          "Microsoft-IIS/10.0"
        ],
        "X-Powered-By": [
          "ASP.NET"
        ],
        "x-ms-ratelimit-remaining-subscription-writes": [
          "1190"
        ],
        "x-ms-correlation-request-id": [
          "03f85211-ecd0-4b6a-8f60-4c07ea5b3b0e"
        ],
        "x-ms-routing-request-id": [
          "FRANCECENTRAL:20190325T114846Z:03f85211-ecd0-4b6a-8f60-4c07ea5b3b0e"
        ],
        "Strict-Transport-Security": [
          "max-age=31536000; includeSubDomains"
        ],
        "X-Content-Type-Options": [
          "nosniff"
        ],
        "Date": [
          "Mon, 25 Mar 2019 11:48:46 GMT"
        ],
        "Content-Length": [
          "1397"
        ],
        "Content-Type": [
          "application/json; charset=utf-8"
        ],
        "Expires": [
          "-1"
        ]
      },
      "ResponseBody": "{\r\n  \"id\": \"/subscriptions/f557b96d-2308-4a18-aae1-b8f7e7e70cc7/resourceGroups/pws-sdk-tests-rg-2/providers/Microsoft.NetApp/netAppAccounts/pws-sdk-acc-1/capacityPools/pws-sdk-pool-1/volumes/pws-sdk-vol-1\",\r\n  \"name\": \"pws-sdk-acc-1/pws-sdk-pool-1/pws-sdk-vol-1\",\r\n  \"type\": \"Microsoft.NetApp/netAppAccounts/capacityPools/volumes\",\r\n  \"etag\": \"W/\\\"datetime'2019-03-25T11%3A48%3A46.1186142Z'\\\"\",\r\n  \"location\": \"eastus\",\r\n  \"properties\": {\r\n    \"provisioningState\": \"Succeeded\",\r\n    \"fileSystemId\": \"3bc4946b-e4d9-2f4b-824a-cd0275da2526\",\r\n    \"serviceLevel\": \"Premium\",\r\n    \"creationToken\": \"pws-sdk-vol-1\",\r\n    \"ownerId\": \"d8026204-1052-421f-ab17-81a23301b01c\",\r\n    \"usageThreshold\": 214748364800,\r\n    \"usedBytes\": 0,\r\n    \"snapshotPolicy\": {\r\n      \"enabled\": false\r\n    },\r\n    \"exportPolicy\": {\r\n      \"rules\": [\r\n        {\r\n          \"ruleIndex\": 1,\r\n          \"unixReadOnly\": false,\r\n          \"unixReadWrite\": true,\r\n          \"cifs\": false,\r\n          \"nfsv3\": true,\r\n          \"nfsv4\": false,\r\n          \"allowedClients\": \"0.0.0.0/0\"\r\n        }\r\n      ]\r\n    },\r\n    \"protocolTypes\": [\r\n      \"NFSv3\"\r\n    ],\r\n    \"baremetalTenantId\": \"baremetalTenant_svm_d80262041052421fab1781a23301b01c_f24fea33\",\r\n    \"subnetId\": \"/subscriptions/f557b96d-2308-4a18-aae1-b8f7e7e70cc7/resourceGroups/pws-sdk-tests-rg-2/providers/Microsoft.Network/virtualNetworks/pws-sdk-tests-rg-2-vnet/subnets/default\",\r\n    \"mountTargets\": [\r\n      {\r\n        \"provisioningState\": \"Succeeded\",\r\n        \"mountTargetId\": \"bb32aa27-f7f8-abc7-afc0-286b26bf2a7a\",\r\n        \"fileSystemId\": \"3bc4946b-e4d9-2f4b-824a-cd0275da2526\",\r\n        \"startIp\": \"10.0.1.4\",\r\n        \"endIp\": \"10.0.1.4\",\r\n        \"gateway\": \"10.0.1.1\",\r\n        \"netmask\": \"255.255.255.0\",\r\n        \"ipAddress\": \"10.0.1.4\"\r\n      }\r\n    ]\r\n  }\r\n}",
      "StatusCode": 200
    },
    {
      "RequestUri": "/subscriptions/f557b96d-2308-4a18-aae1-b8f7e7e70cc7/resourceGroups/pws-sdk-tests-rg-2/providers/Microsoft.NetApp/netAppAccounts/pws-sdk-acc-1/capacityPools/pws-sdk-pool-1/volumes/pws-sdk-vol-1?api-version=2017-08-15",
      "EncodedRequestUri": "L3N1YnNjcmlwdGlvbnMvZjU1N2I5NmQtMjMwOC00YTE4LWFhZTEtYjhmN2U3ZTcwY2M3L3Jlc291cmNlR3JvdXBzL3B3cy1zZGstdGVzdHMtcmctMi9wcm92aWRlcnMvTWljcm9zb2Z0Lk5ldEFwcC9uZXRBcHBBY2NvdW50cy9wd3Mtc2RrLWFjYy0xL2NhcGFjaXR5UG9vbHMvcHdzLXNkay1wb29sLTEvdm9sdW1lcy9wd3Mtc2RrLXZvbC0xP2FwaS12ZXJzaW9uPTIwMTctMDgtMTU=",
      "RequestMethod": "DELETE",
      "RequestBody": "",
      "RequestHeaders": {
        "x-ms-client-request-id": [
          "74e370ba-d5fa-44b2-bd31-c3e7f3c578b3"
        ],
        "Accept-Language": [
          "en-US"
        ],
        "User-Agent": [
          "FxVersion/4.6.27019.06",
          "OSName/Windows",
          "OSVersion/Microsoft.Windows.10.0.17134.",
          "Microsoft.Azure.Management.NetApp.AzureNetAppFilesManagementClient/0.9.0.0"
        ]
      },
      "ResponseHeaders": {
        "Cache-Control": [
          "no-cache"
        ],
        "Pragma": [
          "no-cache"
        ],
        "Location": [
          "https://management.azure.com/subscriptions/f557b96d-2308-4a18-aae1-b8f7e7e70cc7/providers/Microsoft.NetApp/locations/eastus/operationResults/499d63cd-1d0b-45c6-9739-8134f6cb0171?api-version=2017-08-15&operationResultResponseType=Location"
        ],
        "Azure-AsyncOperation": [
          "https://management.azure.com/subscriptions/f557b96d-2308-4a18-aae1-b8f7e7e70cc7/providers/Microsoft.NetApp/locations/eastus/operationResults/499d63cd-1d0b-45c6-9739-8134f6cb0171?api-version=2017-08-15"
        ],
        "Server": [
          "Microsoft-IIS/10.0"
        ],
        "X-Powered-By": [
          "ASP.NET"
        ],
        "x-ms-ratelimit-remaining-subscription-deletes": [
          "14999"
        ],
        "x-ms-request-id": [
          "91da4140-ba98-4d35-9871-3f02b552359e"
        ],
        "x-ms-correlation-request-id": [
          "91da4140-ba98-4d35-9871-3f02b552359e"
        ],
        "x-ms-routing-request-id": [
          "FRANCECENTRAL:20190325T114847Z:91da4140-ba98-4d35-9871-3f02b552359e"
        ],
        "Strict-Transport-Security": [
          "max-age=31536000; includeSubDomains"
        ],
        "X-Content-Type-Options": [
          "nosniff"
        ],
        "Date": [
          "Mon, 25 Mar 2019 11:48:46 GMT"
        ],
        "Expires": [
          "-1"
        ],
        "Content-Length": [
          "0"
        ]
      },
      "ResponseBody": "",
      "StatusCode": 202
    },
    {
      "RequestUri": "/subscriptions/f557b96d-2308-4a18-aae1-b8f7e7e70cc7/providers/Microsoft.NetApp/locations/eastus/operationResults/499d63cd-1d0b-45c6-9739-8134f6cb0171?api-version=2017-08-15",
      "EncodedRequestUri": "L3N1YnNjcmlwdGlvbnMvZjU1N2I5NmQtMjMwOC00YTE4LWFhZTEtYjhmN2U3ZTcwY2M3L3Byb3ZpZGVycy9NaWNyb3NvZnQuTmV0QXBwL2xvY2F0aW9ucy9lYXN0dXMvb3BlcmF0aW9uUmVzdWx0cy80OTlkNjNjZC0xZDBiLTQ1YzYtOTczOS04MTM0ZjZjYjAxNzE/YXBpLXZlcnNpb249MjAxNy0wOC0xNQ==",
      "RequestMethod": "GET",
      "RequestBody": "",
      "RequestHeaders": {
        "User-Agent": [
          "FxVersion/4.6.27019.06",
          "OSName/Windows",
          "OSVersion/Microsoft.Windows.10.0.17134.",
          "Microsoft.Azure.Management.NetApp.AzureNetAppFilesManagementClient/0.9.0.0"
        ]
      },
      "ResponseHeaders": {
        "Cache-Control": [
          "no-cache"
        ],
        "Pragma": [
          "no-cache"
        ],
        "x-ms-request-id": [
          "dd134e84-e34b-4531-b677-3c7ffdf531ac"
        ],
        "Server": [
          "Microsoft-IIS/10.0"
        ],
        "X-Powered-By": [
          "ASP.NET"
        ],
        "x-ms-ratelimit-remaining-subscription-reads": [
          "11973"
        ],
        "x-ms-correlation-request-id": [
          "37767e3c-1f70-4870-877a-6b62f0c40812"
        ],
        "x-ms-routing-request-id": [
          "FRANCECENTRAL:20190325T114917Z:37767e3c-1f70-4870-877a-6b62f0c40812"
        ],
        "Strict-Transport-Security": [
          "max-age=31536000; includeSubDomains"
        ],
        "X-Content-Type-Options": [
          "nosniff"
        ],
        "Date": [
          "Mon, 25 Mar 2019 11:49:16 GMT"
        ],
        "Content-Length": [
          "547"
        ],
        "Content-Type": [
          "application/json; charset=utf-8"
        ],
        "Expires": [
          "-1"
        ]
      },
      "ResponseBody": "{\r\n  \"id\": \"/subscriptions/f557b96d-2308-4a18-aae1-b8f7e7e70cc7/providers/Microsoft.NetApp/locations/eastus/operationResults/499d63cd-1d0b-45c6-9739-8134f6cb0171\",\r\n  \"name\": \"499d63cd-1d0b-45c6-9739-8134f6cb0171\",\r\n  \"status\": \"Deleting\",\r\n  \"startTime\": \"2019-03-25T11:48:46.9985223Z\",\r\n  \"endTime\": \"0001-01-01T00:00:00Z\",\r\n  \"percentComplete\": 0.0,\r\n  \"properties\": {\r\n    \"resourceName\": \"/subscriptions/f557b96d-2308-4a18-aae1-b8f7e7e70cc7/resourceGroups/pws-sdk-tests-rg-2/providers/Microsoft.NetApp/netAppAccounts/pws-sdk-acc-1/capacityPools/pws-sdk-pool-1/volumes/pws-sdk-vol-1\"\r\n  }\r\n}",
      "StatusCode": 200
    },
    {
      "RequestUri": "/subscriptions/f557b96d-2308-4a18-aae1-b8f7e7e70cc7/providers/Microsoft.NetApp/locations/eastus/operationResults/499d63cd-1d0b-45c6-9739-8134f6cb0171?api-version=2017-08-15",
      "EncodedRequestUri": "L3N1YnNjcmlwdGlvbnMvZjU1N2I5NmQtMjMwOC00YTE4LWFhZTEtYjhmN2U3ZTcwY2M3L3Byb3ZpZGVycy9NaWNyb3NvZnQuTmV0QXBwL2xvY2F0aW9ucy9lYXN0dXMvb3BlcmF0aW9uUmVzdWx0cy80OTlkNjNjZC0xZDBiLTQ1YzYtOTczOS04MTM0ZjZjYjAxNzE/YXBpLXZlcnNpb249MjAxNy0wOC0xNQ==",
      "RequestMethod": "GET",
      "RequestBody": "",
      "RequestHeaders": {
        "User-Agent": [
          "FxVersion/4.6.27019.06",
          "OSName/Windows",
          "OSVersion/Microsoft.Windows.10.0.17134.",
          "Microsoft.Azure.Management.NetApp.AzureNetAppFilesManagementClient/0.9.0.0"
        ]
      },
      "ResponseHeaders": {
        "Cache-Control": [
          "no-cache"
        ],
        "Pragma": [
          "no-cache"
        ],
        "x-ms-request-id": [
          "2d5b0930-aa42-4071-b538-691e3718bae6"
        ],
        "x-ms-ratelimit-remaining-subscription-reads": [
          "11972"
        ],
        "Server": [
          "Microsoft-IIS/10.0"
        ],
        "X-Powered-By": [
          "ASP.NET"
        ],
        "x-ms-correlation-request-id": [
          "d24ef260-8dbd-4cfa-937c-a81c8e29a208"
        ],
        "x-ms-routing-request-id": [
          "FRANCECENTRAL:20190325T114947Z:d24ef260-8dbd-4cfa-937c-a81c8e29a208"
        ],
        "Strict-Transport-Security": [
          "max-age=31536000; includeSubDomains"
        ],
        "X-Content-Type-Options": [
          "nosniff"
        ],
        "Date": [
          "Mon, 25 Mar 2019 11:49:46 GMT"
        ],
        "Content-Length": [
          "547"
        ],
        "Content-Type": [
          "application/json; charset=utf-8"
        ],
        "Expires": [
          "-1"
        ]
      },
      "ResponseBody": "{\r\n  \"id\": \"/subscriptions/f557b96d-2308-4a18-aae1-b8f7e7e70cc7/providers/Microsoft.NetApp/locations/eastus/operationResults/499d63cd-1d0b-45c6-9739-8134f6cb0171\",\r\n  \"name\": \"499d63cd-1d0b-45c6-9739-8134f6cb0171\",\r\n  \"status\": \"Deleting\",\r\n  \"startTime\": \"2019-03-25T11:48:46.9985223Z\",\r\n  \"endTime\": \"0001-01-01T00:00:00Z\",\r\n  \"percentComplete\": 0.0,\r\n  \"properties\": {\r\n    \"resourceName\": \"/subscriptions/f557b96d-2308-4a18-aae1-b8f7e7e70cc7/resourceGroups/pws-sdk-tests-rg-2/providers/Microsoft.NetApp/netAppAccounts/pws-sdk-acc-1/capacityPools/pws-sdk-pool-1/volumes/pws-sdk-vol-1\"\r\n  }\r\n}",
      "StatusCode": 200
    },
    {
      "RequestUri": "/subscriptions/f557b96d-2308-4a18-aae1-b8f7e7e70cc7/providers/Microsoft.NetApp/locations/eastus/operationResults/499d63cd-1d0b-45c6-9739-8134f6cb0171?api-version=2017-08-15",
      "EncodedRequestUri": "L3N1YnNjcmlwdGlvbnMvZjU1N2I5NmQtMjMwOC00YTE4LWFhZTEtYjhmN2U3ZTcwY2M3L3Byb3ZpZGVycy9NaWNyb3NvZnQuTmV0QXBwL2xvY2F0aW9ucy9lYXN0dXMvb3BlcmF0aW9uUmVzdWx0cy80OTlkNjNjZC0xZDBiLTQ1YzYtOTczOS04MTM0ZjZjYjAxNzE/YXBpLXZlcnNpb249MjAxNy0wOC0xNQ==",
      "RequestMethod": "GET",
      "RequestBody": "",
      "RequestHeaders": {
        "User-Agent": [
          "FxVersion/4.6.27019.06",
          "OSName/Windows",
          "OSVersion/Microsoft.Windows.10.0.17134.",
          "Microsoft.Azure.Management.NetApp.AzureNetAppFilesManagementClient/0.9.0.0"
        ]
      },
      "ResponseHeaders": {
        "Cache-Control": [
          "no-cache"
        ],
        "Pragma": [
          "no-cache"
        ],
        "x-ms-request-id": [
          "764be07e-2ba2-44e2-8f74-7c0c1835d006"
        ],
        "Server": [
          "Microsoft-IIS/10.0"
        ],
        "X-Powered-By": [
          "ASP.NET"
        ],
        "x-ms-ratelimit-remaining-subscription-reads": [
          "11971"
        ],
        "x-ms-correlation-request-id": [
          "548b8e33-225d-4de0-a03d-b781df7fec45"
        ],
        "x-ms-routing-request-id": [
          "FRANCECENTRAL:20190325T115018Z:548b8e33-225d-4de0-a03d-b781df7fec45"
        ],
        "Strict-Transport-Security": [
          "max-age=31536000; includeSubDomains"
        ],
        "X-Content-Type-Options": [
          "nosniff"
        ],
        "Date": [
          "Mon, 25 Mar 2019 11:50:17 GMT"
        ],
        "Content-Length": [
          "558"
        ],
        "Content-Type": [
          "application/json; charset=utf-8"
        ],
        "Expires": [
          "-1"
        ]
      },
      "ResponseBody": "{\r\n  \"id\": \"/subscriptions/f557b96d-2308-4a18-aae1-b8f7e7e70cc7/providers/Microsoft.NetApp/locations/eastus/operationResults/499d63cd-1d0b-45c6-9739-8134f6cb0171\",\r\n  \"name\": \"499d63cd-1d0b-45c6-9739-8134f6cb0171\",\r\n  \"status\": \"Succeeded\",\r\n  \"startTime\": \"2019-03-25T11:48:46.9985223Z\",\r\n  \"endTime\": \"2019-03-25T11:50:02.4856884Z\",\r\n  \"percentComplete\": 100.0,\r\n  \"properties\": {\r\n    \"resourceName\": \"/subscriptions/f557b96d-2308-4a18-aae1-b8f7e7e70cc7/resourceGroups/pws-sdk-tests-rg-2/providers/Microsoft.NetApp/netAppAccounts/pws-sdk-acc-1/capacityPools/pws-sdk-pool-1/volumes/pws-sdk-vol-1\"\r\n  }\r\n}",
      "StatusCode": 200
    },
    {
      "RequestUri": "/subscriptions/f557b96d-2308-4a18-aae1-b8f7e7e70cc7/providers/Microsoft.NetApp/locations/eastus/operationResults/499d63cd-1d0b-45c6-9739-8134f6cb0171?api-version=2017-08-15&operationResultResponseType=Location",
      "EncodedRequestUri": "L3N1YnNjcmlwdGlvbnMvZjU1N2I5NmQtMjMwOC00YTE4LWFhZTEtYjhmN2U3ZTcwY2M3L3Byb3ZpZGVycy9NaWNyb3NvZnQuTmV0QXBwL2xvY2F0aW9ucy9lYXN0dXMvb3BlcmF0aW9uUmVzdWx0cy80OTlkNjNjZC0xZDBiLTQ1YzYtOTczOS04MTM0ZjZjYjAxNzE/YXBpLXZlcnNpb249MjAxNy0wOC0xNSZvcGVyYXRpb25SZXN1bHRSZXNwb25zZVR5cGU9TG9jYXRpb24=",
      "RequestMethod": "GET",
      "RequestBody": "",
      "RequestHeaders": {
        "User-Agent": [
          "FxVersion/4.6.27019.06",
          "OSName/Windows",
          "OSVersion/Microsoft.Windows.10.0.17134.",
          "Microsoft.Azure.Management.NetApp.AzureNetAppFilesManagementClient/0.9.0.0"
        ]
      },
      "ResponseHeaders": {
        "Cache-Control": [
          "no-cache"
        ],
        "Pragma": [
          "no-cache"
        ],
        "x-ms-request-id": [
          "48b47222-5407-4a1e-913a-686bfda755ac"
        ],
        "Server": [
          "Microsoft-IIS/10.0"
        ],
        "X-Powered-By": [
          "ASP.NET"
        ],
        "x-ms-ratelimit-remaining-subscription-reads": [
          "11970"
        ],
        "x-ms-correlation-request-id": [
          "4ffd7266-af49-4708-b9aa-a4815f03fcab"
        ],
        "x-ms-routing-request-id": [
          "FRANCECENTRAL:20190325T115018Z:4ffd7266-af49-4708-b9aa-a4815f03fcab"
        ],
        "Strict-Transport-Security": [
          "max-age=31536000; includeSubDomains"
        ],
        "X-Content-Type-Options": [
          "nosniff"
        ],
        "Date": [
          "Mon, 25 Mar 2019 11:50:17 GMT"
        ],
        "Content-Length": [
          "1396"
        ],
        "Content-Type": [
          "application/json; charset=utf-8"
        ],
        "Expires": [
          "-1"
        ]
      },
      "ResponseBody": "{\r\n  \"id\": \"/subscriptions/f557b96d-2308-4a18-aae1-b8f7e7e70cc7/resourceGroups/pws-sdk-tests-rg-2/providers/Microsoft.NetApp/netAppAccounts/pws-sdk-acc-1/capacityPools/pws-sdk-pool-1/volumes/pws-sdk-vol-1\",\r\n  \"name\": \"pws-sdk-acc-1/pws-sdk-pool-1/pws-sdk-vol-1\",\r\n  \"type\": \"Microsoft.NetApp/netAppAccounts/capacityPools/volumes\",\r\n  \"etag\": \"W/\\\"datetime'2019-03-25T11%3A48%3A47.0725153Z'\\\"\",\r\n  \"location\": \"eastus\",\r\n  \"properties\": {\r\n    \"provisioningState\": \"Deleting\",\r\n    \"fileSystemId\": \"3bc4946b-e4d9-2f4b-824a-cd0275da2526\",\r\n    \"serviceLevel\": \"Premium\",\r\n    \"creationToken\": \"pws-sdk-vol-1\",\r\n    \"ownerId\": \"d8026204-1052-421f-ab17-81a23301b01c\",\r\n    \"usageThreshold\": 214748364800,\r\n    \"usedBytes\": 0,\r\n    \"snapshotPolicy\": {\r\n      \"enabled\": false\r\n    },\r\n    \"exportPolicy\": {\r\n      \"rules\": [\r\n        {\r\n          \"ruleIndex\": 1,\r\n          \"unixReadOnly\": false,\r\n          \"unixReadWrite\": true,\r\n          \"cifs\": false,\r\n          \"nfsv3\": true,\r\n          \"nfsv4\": false,\r\n          \"allowedClients\": \"0.0.0.0/0\"\r\n        }\r\n      ]\r\n    },\r\n    \"protocolTypes\": [\r\n      \"NFSv3\"\r\n    ],\r\n    \"baremetalTenantId\": \"baremetalTenant_svm_d80262041052421fab1781a23301b01c_f24fea33\",\r\n    \"subnetId\": \"/subscriptions/f557b96d-2308-4a18-aae1-b8f7e7e70cc7/resourceGroups/pws-sdk-tests-rg-2/providers/Microsoft.Network/virtualNetworks/pws-sdk-tests-rg-2-vnet/subnets/default\",\r\n    \"mountTargets\": [\r\n      {\r\n        \"provisioningState\": \"Succeeded\",\r\n        \"mountTargetId\": \"bb32aa27-f7f8-abc7-afc0-286b26bf2a7a\",\r\n        \"fileSystemId\": \"3bc4946b-e4d9-2f4b-824a-cd0275da2526\",\r\n        \"startIp\": \"10.0.1.4\",\r\n        \"endIp\": \"10.0.1.4\",\r\n        \"gateway\": \"10.0.1.1\",\r\n        \"netmask\": \"255.255.255.0\",\r\n        \"ipAddress\": \"10.0.1.4\"\r\n      }\r\n    ]\r\n  }\r\n}",
      "StatusCode": 200
    },
    {
      "RequestUri": "/subscriptions/f557b96d-2308-4a18-aae1-b8f7e7e70cc7/resourceGroups/pws-sdk-tests-rg-2/providers/Microsoft.NetApp/netAppAccounts/pws-sdk-acc-1/capacityPools/pws-sdk-pool-1/volumes?api-version=2017-08-15",
      "EncodedRequestUri": "L3N1YnNjcmlwdGlvbnMvZjU1N2I5NmQtMjMwOC00YTE4LWFhZTEtYjhmN2U3ZTcwY2M3L3Jlc291cmNlR3JvdXBzL3B3cy1zZGstdGVzdHMtcmctMi9wcm92aWRlcnMvTWljcm9zb2Z0Lk5ldEFwcC9uZXRBcHBBY2NvdW50cy9wd3Mtc2RrLWFjYy0xL2NhcGFjaXR5UG9vbHMvcHdzLXNkay1wb29sLTEvdm9sdW1lcz9hcGktdmVyc2lvbj0yMDE3LTA4LTE1",
      "RequestMethod": "GET",
      "RequestBody": "",
      "RequestHeaders": {
        "x-ms-client-request-id": [
          "8c5123c5-e912-40d4-a2d8-1261d43e0f0b"
        ],
        "Accept-Language": [
          "en-US"
        ],
        "User-Agent": [
          "FxVersion/4.6.27019.06",
          "OSName/Windows",
          "OSVersion/Microsoft.Windows.10.0.17134.",
          "Microsoft.Azure.Management.NetApp.AzureNetAppFilesManagementClient/0.9.0.0"
        ]
      },
      "ResponseHeaders": {
        "Cache-Control": [
          "no-cache"
        ],
        "Pragma": [
          "no-cache"
        ],
        "x-ms-request-id": [
          "9f6f05fc-74a5-44be-bb61-cd7e4e5ea9b9"
        ],
        "Server": [
          "Microsoft-IIS/10.0"
        ],
        "X-Powered-By": [
          "ASP.NET"
        ],
        "x-ms-ratelimit-remaining-subscription-reads": [
          "11968"
        ],
        "x-ms-correlation-request-id": [
          "26d07d0c-d638-4f68-ae83-47399c054d82"
        ],
        "x-ms-routing-request-id": [
          "FRANCECENTRAL:20190325T115018Z:26d07d0c-d638-4f68-ae83-47399c054d82"
        ],
        "Strict-Transport-Security": [
          "max-age=31536000; includeSubDomains"
        ],
        "X-Content-Type-Options": [
          "nosniff"
        ],
        "Date": [
          "Mon, 25 Mar 2019 11:50:18 GMT"
        ],
        "Content-Length": [
          "12"
        ],
        "Content-Type": [
          "application/json; charset=utf-8"
        ],
        "Expires": [
          "-1"
        ]
      },
      "ResponseBody": "{\r\n  \"value\": []\r\n}",
      "StatusCode": 200
    },
    {
      "RequestUri": "/subscriptions/f557b96d-2308-4a18-aae1-b8f7e7e70cc7/resourcegroups/pws-sdk-tests-rg-2?api-version=2016-09-01",
      "EncodedRequestUri": "L3N1YnNjcmlwdGlvbnMvZjU1N2I5NmQtMjMwOC00YTE4LWFhZTEtYjhmN2U3ZTcwY2M3L3Jlc291cmNlZ3JvdXBzL3B3cy1zZGstdGVzdHMtcmctMj9hcGktdmVyc2lvbj0yMDE2LTA5LTAx",
      "RequestMethod": "DELETE",
      "RequestBody": "",
      "RequestHeaders": {
        "x-ms-client-request-id": [
          "de603e21-5f1e-42d9-849a-934cd46c5cb7"
        ],
        "Accept-Language": [
          "en-US"
        ],
        "User-Agent": [
          "FxVersion/4.6.27019.06",
          "OSName/Windows",
          "OSVersion/Microsoft.Windows.10.0.17134.",
          "Microsoft.Azure.Management.Internal.Resources.ResourceManagementClient/1.1.17"
        ]
      },
      "ResponseHeaders": {
        "Cache-Control": [
          "no-cache"
        ],
        "Pragma": [
          "no-cache"
        ],
        "Location": [
          "https://management.azure.com/subscriptions/f557b96d-2308-4a18-aae1-b8f7e7e70cc7/operationresults/eyJqb2JJZCI6IlJFU09VUkNFR1JPVVBERUxFVElPTkpPQi1QV1M6MkRTREs6MkRURVNUUzoyRFJHOjJEMi1FQVNUVVMiLCJqb2JMb2NhdGlvbiI6ImVhc3R1cyJ9?api-version=2016-09-01"
        ],
        "Retry-After": [
          "15"
        ],
        "x-ms-ratelimit-remaining-subscription-deletes": [
          "14999"
        ],
        "x-ms-request-id": [
          "c63e1cae-97c6-42fe-b457-1fb167d0547e"
        ],
        "x-ms-correlation-request-id": [
          "c63e1cae-97c6-42fe-b457-1fb167d0547e"
        ],
        "x-ms-routing-request-id": [
          "FRANCECENTRAL:20190325T115021Z:c63e1cae-97c6-42fe-b457-1fb167d0547e"
        ],
        "Strict-Transport-Security": [
          "max-age=31536000; includeSubDomains"
        ],
        "X-Content-Type-Options": [
          "nosniff"
        ],
        "Date": [
          "Mon, 25 Mar 2019 11:50:20 GMT"
        ],
        "Expires": [
          "-1"
        ],
        "Content-Length": [
          "0"
        ]
      },
      "ResponseBody": "",
      "StatusCode": 202
    },
    {
      "RequestUri": "/subscriptions/f557b96d-2308-4a18-aae1-b8f7e7e70cc7/operationresults/eyJqb2JJZCI6IlJFU09VUkNFR1JPVVBERUxFVElPTkpPQi1QV1M6MkRTREs6MkRURVNUUzoyRFJHOjJEMi1FQVNUVVMiLCJqb2JMb2NhdGlvbiI6ImVhc3R1cyJ9?api-version=2016-09-01",
      "EncodedRequestUri": "L3N1YnNjcmlwdGlvbnMvZjU1N2I5NmQtMjMwOC00YTE4LWFhZTEtYjhmN2U3ZTcwY2M3L29wZXJhdGlvbnJlc3VsdHMvZXlKcWIySkpaQ0k2SWxKRlUwOVZVa05GUjFKUFZWQkVSVXhGVkVsUFRrcFBRaTFRVjFNNk1rUlRSRXM2TWtSVVJWTlVVem95UkZKSE9qSkVNaTFGUVZOVVZWTWlMQ0pxYjJKTWIyTmhkR2x2YmlJNkltVmhjM1IxY3lKOT9hcGktdmVyc2lvbj0yMDE2LTA5LTAx",
      "RequestMethod": "GET",
      "RequestBody": "",
      "RequestHeaders": {
        "User-Agent": [
          "FxVersion/4.6.27019.06",
          "OSName/Windows",
          "OSVersion/Microsoft.Windows.10.0.17134.",
          "Microsoft.Azure.Management.Internal.Resources.ResourceManagementClient/1.1.17"
        ]
      },
      "ResponseHeaders": {
        "Cache-Control": [
          "no-cache"
        ],
        "Pragma": [
          "no-cache"
        ],
        "Location": [
          "https://management.azure.com/subscriptions/f557b96d-2308-4a18-aae1-b8f7e7e70cc7/operationresults/eyJqb2JJZCI6IlJFU09VUkNFR1JPVVBERUxFVElPTkpPQi1QV1M6MkRTREs6MkRURVNUUzoyRFJHOjJEMi1FQVNUVVMiLCJqb2JMb2NhdGlvbiI6ImVhc3R1cyJ9?api-version=2016-09-01"
        ],
        "Retry-After": [
          "15"
        ],
        "x-ms-ratelimit-remaining-subscription-reads": [
          "11998"
        ],
        "x-ms-request-id": [
          "d3a07c3b-26c2-4b9c-9846-51e2f3666566"
        ],
        "x-ms-correlation-request-id": [
          "d3a07c3b-26c2-4b9c-9846-51e2f3666566"
        ],
        "x-ms-routing-request-id": [
          "FRANCECENTRAL:20190325T115036Z:d3a07c3b-26c2-4b9c-9846-51e2f3666566"
        ],
        "Strict-Transport-Security": [
          "max-age=31536000; includeSubDomains"
        ],
        "X-Content-Type-Options": [
          "nosniff"
        ],
        "Date": [
          "Mon, 25 Mar 2019 11:50:35 GMT"
        ],
        "Expires": [
          "-1"
        ],
        "Content-Length": [
          "0"
        ]
      },
      "ResponseBody": "",
      "StatusCode": 202
    },
    {
      "RequestUri": "/subscriptions/f557b96d-2308-4a18-aae1-b8f7e7e70cc7/operationresults/eyJqb2JJZCI6IlJFU09VUkNFR1JPVVBERUxFVElPTkpPQi1QV1M6MkRTREs6MkRURVNUUzoyRFJHOjJEMi1FQVNUVVMiLCJqb2JMb2NhdGlvbiI6ImVhc3R1cyJ9?api-version=2016-09-01",
      "EncodedRequestUri": "L3N1YnNjcmlwdGlvbnMvZjU1N2I5NmQtMjMwOC00YTE4LWFhZTEtYjhmN2U3ZTcwY2M3L29wZXJhdGlvbnJlc3VsdHMvZXlKcWIySkpaQ0k2SWxKRlUwOVZVa05GUjFKUFZWQkVSVXhGVkVsUFRrcFBRaTFRVjFNNk1rUlRSRXM2TWtSVVJWTlVVem95UkZKSE9qSkVNaTFGUVZOVVZWTWlMQ0pxYjJKTWIyTmhkR2x2YmlJNkltVmhjM1IxY3lKOT9hcGktdmVyc2lvbj0yMDE2LTA5LTAx",
      "RequestMethod": "GET",
      "RequestBody": "",
      "RequestHeaders": {
        "User-Agent": [
          "FxVersion/4.6.27019.06",
          "OSName/Windows",
          "OSVersion/Microsoft.Windows.10.0.17134.",
          "Microsoft.Azure.Management.Internal.Resources.ResourceManagementClient/1.1.17"
        ]
      },
      "ResponseHeaders": {
        "Cache-Control": [
          "no-cache"
        ],
        "Pragma": [
          "no-cache"
        ],
        "Location": [
          "https://management.azure.com/subscriptions/f557b96d-2308-4a18-aae1-b8f7e7e70cc7/operationresults/eyJqb2JJZCI6IlJFU09VUkNFR1JPVVBERUxFVElPTkpPQi1QV1M6MkRTREs6MkRURVNUUzoyRFJHOjJEMi1FQVNUVVMiLCJqb2JMb2NhdGlvbiI6ImVhc3R1cyJ9?api-version=2016-09-01"
        ],
        "Retry-After": [
          "15"
        ],
        "x-ms-ratelimit-remaining-subscription-reads": [
          "11997"
        ],
        "x-ms-request-id": [
          "e07b38b4-2af9-4ad7-8f73-a9808c8bac51"
        ],
        "x-ms-correlation-request-id": [
          "e07b38b4-2af9-4ad7-8f73-a9808c8bac51"
        ],
        "x-ms-routing-request-id": [
          "FRANCECENTRAL:20190325T115051Z:e07b38b4-2af9-4ad7-8f73-a9808c8bac51"
        ],
        "Strict-Transport-Security": [
          "max-age=31536000; includeSubDomains"
        ],
        "X-Content-Type-Options": [
          "nosniff"
        ],
        "Date": [
          "Mon, 25 Mar 2019 11:50:50 GMT"
        ],
        "Expires": [
          "-1"
        ],
        "Content-Length": [
          "0"
        ]
      },
      "ResponseBody": "",
      "StatusCode": 202
    },
    {
      "RequestUri": "/subscriptions/f557b96d-2308-4a18-aae1-b8f7e7e70cc7/operationresults/eyJqb2JJZCI6IlJFU09VUkNFR1JPVVBERUxFVElPTkpPQi1QV1M6MkRTREs6MkRURVNUUzoyRFJHOjJEMi1FQVNUVVMiLCJqb2JMb2NhdGlvbiI6ImVhc3R1cyJ9?api-version=2016-09-01",
      "EncodedRequestUri": "L3N1YnNjcmlwdGlvbnMvZjU1N2I5NmQtMjMwOC00YTE4LWFhZTEtYjhmN2U3ZTcwY2M3L29wZXJhdGlvbnJlc3VsdHMvZXlKcWIySkpaQ0k2SWxKRlUwOVZVa05GUjFKUFZWQkVSVXhGVkVsUFRrcFBRaTFRVjFNNk1rUlRSRXM2TWtSVVJWTlVVem95UkZKSE9qSkVNaTFGUVZOVVZWTWlMQ0pxYjJKTWIyTmhkR2x2YmlJNkltVmhjM1IxY3lKOT9hcGktdmVyc2lvbj0yMDE2LTA5LTAx",
      "RequestMethod": "GET",
      "RequestBody": "",
      "RequestHeaders": {
        "User-Agent": [
          "FxVersion/4.6.27019.06",
          "OSName/Windows",
          "OSVersion/Microsoft.Windows.10.0.17134.",
          "Microsoft.Azure.Management.Internal.Resources.ResourceManagementClient/1.1.17"
        ]
      },
      "ResponseHeaders": {
        "Cache-Control": [
          "no-cache"
        ],
        "Pragma": [
          "no-cache"
        ],
        "Location": [
          "https://management.azure.com/subscriptions/f557b96d-2308-4a18-aae1-b8f7e7e70cc7/operationresults/eyJqb2JJZCI6IlJFU09VUkNFR1JPVVBERUxFVElPTkpPQi1QV1M6MkRTREs6MkRURVNUUzoyRFJHOjJEMi1FQVNUVVMiLCJqb2JMb2NhdGlvbiI6ImVhc3R1cyJ9?api-version=2016-09-01"
        ],
        "Retry-After": [
          "15"
        ],
        "x-ms-ratelimit-remaining-subscription-reads": [
          "11996"
        ],
        "x-ms-request-id": [
          "3983a84b-581c-4e43-af00-d3cfa1614b6a"
        ],
        "x-ms-correlation-request-id": [
          "3983a84b-581c-4e43-af00-d3cfa1614b6a"
        ],
        "x-ms-routing-request-id": [
          "FRANCECENTRAL:20190325T115106Z:3983a84b-581c-4e43-af00-d3cfa1614b6a"
        ],
        "Strict-Transport-Security": [
          "max-age=31536000; includeSubDomains"
        ],
        "X-Content-Type-Options": [
          "nosniff"
        ],
        "Date": [
          "Mon, 25 Mar 2019 11:51:05 GMT"
        ],
        "Expires": [
          "-1"
        ],
        "Content-Length": [
          "0"
        ]
      },
      "ResponseBody": "",
      "StatusCode": 202
    },
    {
      "RequestUri": "/subscriptions/f557b96d-2308-4a18-aae1-b8f7e7e70cc7/operationresults/eyJqb2JJZCI6IlJFU09VUkNFR1JPVVBERUxFVElPTkpPQi1QV1M6MkRTREs6MkRURVNUUzoyRFJHOjJEMi1FQVNUVVMiLCJqb2JMb2NhdGlvbiI6ImVhc3R1cyJ9?api-version=2016-09-01",
      "EncodedRequestUri": "L3N1YnNjcmlwdGlvbnMvZjU1N2I5NmQtMjMwOC00YTE4LWFhZTEtYjhmN2U3ZTcwY2M3L29wZXJhdGlvbnJlc3VsdHMvZXlKcWIySkpaQ0k2SWxKRlUwOVZVa05GUjFKUFZWQkVSVXhGVkVsUFRrcFBRaTFRVjFNNk1rUlRSRXM2TWtSVVJWTlVVem95UkZKSE9qSkVNaTFGUVZOVVZWTWlMQ0pxYjJKTWIyTmhkR2x2YmlJNkltVmhjM1IxY3lKOT9hcGktdmVyc2lvbj0yMDE2LTA5LTAx",
      "RequestMethod": "GET",
      "RequestBody": "",
      "RequestHeaders": {
        "User-Agent": [
          "FxVersion/4.6.27019.06",
          "OSName/Windows",
          "OSVersion/Microsoft.Windows.10.0.17134.",
          "Microsoft.Azure.Management.Internal.Resources.ResourceManagementClient/1.1.17"
        ]
      },
      "ResponseHeaders": {
        "Cache-Control": [
          "no-cache"
        ],
        "Pragma": [
          "no-cache"
        ],
        "Location": [
          "https://management.azure.com/subscriptions/f557b96d-2308-4a18-aae1-b8f7e7e70cc7/operationresults/eyJqb2JJZCI6IlJFU09VUkNFR1JPVVBERUxFVElPTkpPQi1QV1M6MkRTREs6MkRURVNUUzoyRFJHOjJEMi1FQVNUVVMiLCJqb2JMb2NhdGlvbiI6ImVhc3R1cyJ9?api-version=2016-09-01"
        ],
        "Retry-After": [
          "15"
        ],
        "x-ms-ratelimit-remaining-subscription-reads": [
          "11995"
        ],
        "x-ms-request-id": [
          "1575fb07-c012-48db-a01b-13d6965fd601"
        ],
        "x-ms-correlation-request-id": [
          "1575fb07-c012-48db-a01b-13d6965fd601"
        ],
        "x-ms-routing-request-id": [
          "FRANCECENTRAL:20190325T115122Z:1575fb07-c012-48db-a01b-13d6965fd601"
        ],
        "Strict-Transport-Security": [
          "max-age=31536000; includeSubDomains"
        ],
        "X-Content-Type-Options": [
          "nosniff"
        ],
        "Date": [
          "Mon, 25 Mar 2019 11:51:22 GMT"
        ],
        "Expires": [
          "-1"
        ],
        "Content-Length": [
          "0"
        ]
      },
      "ResponseBody": "",
      "StatusCode": 202
    },
    {
      "RequestUri": "/subscriptions/f557b96d-2308-4a18-aae1-b8f7e7e70cc7/operationresults/eyJqb2JJZCI6IlJFU09VUkNFR1JPVVBERUxFVElPTkpPQi1QV1M6MkRTREs6MkRURVNUUzoyRFJHOjJEMi1FQVNUVVMiLCJqb2JMb2NhdGlvbiI6ImVhc3R1cyJ9?api-version=2016-09-01",
      "EncodedRequestUri": "L3N1YnNjcmlwdGlvbnMvZjU1N2I5NmQtMjMwOC00YTE4LWFhZTEtYjhmN2U3ZTcwY2M3L29wZXJhdGlvbnJlc3VsdHMvZXlKcWIySkpaQ0k2SWxKRlUwOVZVa05GUjFKUFZWQkVSVXhGVkVsUFRrcFBRaTFRVjFNNk1rUlRSRXM2TWtSVVJWTlVVem95UkZKSE9qSkVNaTFGUVZOVVZWTWlMQ0pxYjJKTWIyTmhkR2x2YmlJNkltVmhjM1IxY3lKOT9hcGktdmVyc2lvbj0yMDE2LTA5LTAx",
      "RequestMethod": "GET",
      "RequestBody": "",
      "RequestHeaders": {
        "User-Agent": [
          "FxVersion/4.6.27019.06",
          "OSName/Windows",
          "OSVersion/Microsoft.Windows.10.0.17134.",
          "Microsoft.Azure.Management.Internal.Resources.ResourceManagementClient/1.1.17"
        ]
      },
      "ResponseHeaders": {
        "Cache-Control": [
          "no-cache"
        ],
        "Pragma": [
          "no-cache"
        ],
        "Location": [
          "https://management.azure.com/subscriptions/f557b96d-2308-4a18-aae1-b8f7e7e70cc7/operationresults/eyJqb2JJZCI6IlJFU09VUkNFR1JPVVBERUxFVElPTkpPQi1QV1M6MkRTREs6MkRURVNUUzoyRFJHOjJEMi1FQVNUVVMiLCJqb2JMb2NhdGlvbiI6ImVhc3R1cyJ9?api-version=2016-09-01"
        ],
        "Retry-After": [
          "15"
        ],
        "x-ms-ratelimit-remaining-subscription-reads": [
          "11994"
        ],
        "x-ms-request-id": [
          "98e1ca24-1418-4ca4-86d2-a85010add044"
        ],
        "x-ms-correlation-request-id": [
          "98e1ca24-1418-4ca4-86d2-a85010add044"
        ],
        "x-ms-routing-request-id": [
          "FRANCECENTRAL:20190325T115137Z:98e1ca24-1418-4ca4-86d2-a85010add044"
        ],
        "Strict-Transport-Security": [
          "max-age=31536000; includeSubDomains"
        ],
        "X-Content-Type-Options": [
          "nosniff"
        ],
        "Date": [
          "Mon, 25 Mar 2019 11:51:37 GMT"
        ],
        "Expires": [
          "-1"
        ],
        "Content-Length": [
          "0"
        ]
      },
      "ResponseBody": "",
      "StatusCode": 202
    },
    {
      "RequestUri": "/subscriptions/f557b96d-2308-4a18-aae1-b8f7e7e70cc7/operationresults/eyJqb2JJZCI6IlJFU09VUkNFR1JPVVBERUxFVElPTkpPQi1QV1M6MkRTREs6MkRURVNUUzoyRFJHOjJEMi1FQVNUVVMiLCJqb2JMb2NhdGlvbiI6ImVhc3R1cyJ9?api-version=2016-09-01",
      "EncodedRequestUri": "L3N1YnNjcmlwdGlvbnMvZjU1N2I5NmQtMjMwOC00YTE4LWFhZTEtYjhmN2U3ZTcwY2M3L29wZXJhdGlvbnJlc3VsdHMvZXlKcWIySkpaQ0k2SWxKRlUwOVZVa05GUjFKUFZWQkVSVXhGVkVsUFRrcFBRaTFRVjFNNk1rUlRSRXM2TWtSVVJWTlVVem95UkZKSE9qSkVNaTFGUVZOVVZWTWlMQ0pxYjJKTWIyTmhkR2x2YmlJNkltVmhjM1IxY3lKOT9hcGktdmVyc2lvbj0yMDE2LTA5LTAx",
      "RequestMethod": "GET",
      "RequestBody": "",
      "RequestHeaders": {
        "User-Agent": [
          "FxVersion/4.6.27019.06",
          "OSName/Windows",
          "OSVersion/Microsoft.Windows.10.0.17134.",
          "Microsoft.Azure.Management.Internal.Resources.ResourceManagementClient/1.1.17"
        ]
      },
      "ResponseHeaders": {
        "Cache-Control": [
          "no-cache"
        ],
        "Pragma": [
          "no-cache"
        ],
        "Location": [
          "https://management.azure.com/subscriptions/f557b96d-2308-4a18-aae1-b8f7e7e70cc7/operationresults/eyJqb2JJZCI6IlJFU09VUkNFR1JPVVBERUxFVElPTkpPQi1QV1M6MkRTREs6MkRURVNUUzoyRFJHOjJEMi1FQVNUVVMiLCJqb2JMb2NhdGlvbiI6ImVhc3R1cyJ9?api-version=2016-09-01"
        ],
        "Retry-After": [
          "15"
        ],
        "x-ms-ratelimit-remaining-subscription-reads": [
          "11993"
        ],
        "x-ms-request-id": [
          "d5962ca4-abca-4c6a-a22b-e121d428b218"
        ],
        "x-ms-correlation-request-id": [
          "d5962ca4-abca-4c6a-a22b-e121d428b218"
        ],
        "x-ms-routing-request-id": [
          "FRANCECENTRAL:20190325T115152Z:d5962ca4-abca-4c6a-a22b-e121d428b218"
        ],
        "Strict-Transport-Security": [
          "max-age=31536000; includeSubDomains"
        ],
        "X-Content-Type-Options": [
          "nosniff"
        ],
        "Date": [
          "Mon, 25 Mar 2019 11:51:52 GMT"
        ],
        "Expires": [
          "-1"
        ],
        "Content-Length": [
          "0"
        ]
      },
      "ResponseBody": "",
      "StatusCode": 202
    },
    {
      "RequestUri": "/subscriptions/f557b96d-2308-4a18-aae1-b8f7e7e70cc7/operationresults/eyJqb2JJZCI6IlJFU09VUkNFR1JPVVBERUxFVElPTkpPQi1QV1M6MkRTREs6MkRURVNUUzoyRFJHOjJEMi1FQVNUVVMiLCJqb2JMb2NhdGlvbiI6ImVhc3R1cyJ9?api-version=2016-09-01",
      "EncodedRequestUri": "L3N1YnNjcmlwdGlvbnMvZjU1N2I5NmQtMjMwOC00YTE4LWFhZTEtYjhmN2U3ZTcwY2M3L29wZXJhdGlvbnJlc3VsdHMvZXlKcWIySkpaQ0k2SWxKRlUwOVZVa05GUjFKUFZWQkVSVXhGVkVsUFRrcFBRaTFRVjFNNk1rUlRSRXM2TWtSVVJWTlVVem95UkZKSE9qSkVNaTFGUVZOVVZWTWlMQ0pxYjJKTWIyTmhkR2x2YmlJNkltVmhjM1IxY3lKOT9hcGktdmVyc2lvbj0yMDE2LTA5LTAx",
      "RequestMethod": "GET",
      "RequestBody": "",
      "RequestHeaders": {
        "User-Agent": [
          "FxVersion/4.6.27019.06",
          "OSName/Windows",
          "OSVersion/Microsoft.Windows.10.0.17134.",
          "Microsoft.Azure.Management.Internal.Resources.ResourceManagementClient/1.1.17"
        ]
      },
      "ResponseHeaders": {
        "Cache-Control": [
          "no-cache"
        ],
        "Pragma": [
          "no-cache"
        ],
        "Location": [
          "https://management.azure.com/subscriptions/f557b96d-2308-4a18-aae1-b8f7e7e70cc7/operationresults/eyJqb2JJZCI6IlJFU09VUkNFR1JPVVBERUxFVElPTkpPQi1QV1M6MkRTREs6MkRURVNUUzoyRFJHOjJEMi1FQVNUVVMiLCJqb2JMb2NhdGlvbiI6ImVhc3R1cyJ9?api-version=2016-09-01"
        ],
        "Retry-After": [
          "15"
        ],
        "x-ms-ratelimit-remaining-subscription-reads": [
          "11992"
        ],
        "x-ms-request-id": [
          "ca39cefa-89ed-4dd6-955d-131b85f325a1"
        ],
        "x-ms-correlation-request-id": [
          "ca39cefa-89ed-4dd6-955d-131b85f325a1"
        ],
        "x-ms-routing-request-id": [
          "FRANCECENTRAL:20190325T115207Z:ca39cefa-89ed-4dd6-955d-131b85f325a1"
        ],
        "Strict-Transport-Security": [
          "max-age=31536000; includeSubDomains"
        ],
        "X-Content-Type-Options": [
          "nosniff"
        ],
        "Date": [
          "Mon, 25 Mar 2019 11:52:07 GMT"
        ],
        "Expires": [
          "-1"
        ],
        "Content-Length": [
          "0"
        ]
      },
      "ResponseBody": "",
      "StatusCode": 202
    },
    {
      "RequestUri": "/subscriptions/f557b96d-2308-4a18-aae1-b8f7e7e70cc7/operationresults/eyJqb2JJZCI6IlJFU09VUkNFR1JPVVBERUxFVElPTkpPQi1QV1M6MkRTREs6MkRURVNUUzoyRFJHOjJEMi1FQVNUVVMiLCJqb2JMb2NhdGlvbiI6ImVhc3R1cyJ9?api-version=2016-09-01",
      "EncodedRequestUri": "L3N1YnNjcmlwdGlvbnMvZjU1N2I5NmQtMjMwOC00YTE4LWFhZTEtYjhmN2U3ZTcwY2M3L29wZXJhdGlvbnJlc3VsdHMvZXlKcWIySkpaQ0k2SWxKRlUwOVZVa05GUjFKUFZWQkVSVXhGVkVsUFRrcFBRaTFRVjFNNk1rUlRSRXM2TWtSVVJWTlVVem95UkZKSE9qSkVNaTFGUVZOVVZWTWlMQ0pxYjJKTWIyTmhkR2x2YmlJNkltVmhjM1IxY3lKOT9hcGktdmVyc2lvbj0yMDE2LTA5LTAx",
      "RequestMethod": "GET",
      "RequestBody": "",
      "RequestHeaders": {
        "User-Agent": [
          "FxVersion/4.6.27019.06",
          "OSName/Windows",
          "OSVersion/Microsoft.Windows.10.0.17134.",
          "Microsoft.Azure.Management.Internal.Resources.ResourceManagementClient/1.1.17"
        ]
      },
      "ResponseHeaders": {
        "Cache-Control": [
          "no-cache"
        ],
        "Pragma": [
          "no-cache"
        ],
        "Location": [
          "https://management.azure.com/subscriptions/f557b96d-2308-4a18-aae1-b8f7e7e70cc7/operationresults/eyJqb2JJZCI6IlJFU09VUkNFR1JPVVBERUxFVElPTkpPQi1QV1M6MkRTREs6MkRURVNUUzoyRFJHOjJEMi1FQVNUVVMiLCJqb2JMb2NhdGlvbiI6ImVhc3R1cyJ9?api-version=2016-09-01"
        ],
        "Retry-After": [
          "15"
        ],
        "x-ms-ratelimit-remaining-subscription-reads": [
          "11991"
        ],
        "x-ms-request-id": [
          "7db9a3bf-0b7b-4b42-81f6-362029625e96"
        ],
        "x-ms-correlation-request-id": [
          "7db9a3bf-0b7b-4b42-81f6-362029625e96"
        ],
        "x-ms-routing-request-id": [
          "FRANCECENTRAL:20190325T115223Z:7db9a3bf-0b7b-4b42-81f6-362029625e96"
        ],
        "Strict-Transport-Security": [
          "max-age=31536000; includeSubDomains"
        ],
        "X-Content-Type-Options": [
          "nosniff"
        ],
        "Date": [
          "Mon, 25 Mar 2019 11:52:22 GMT"
        ],
        "Expires": [
          "-1"
        ],
        "Content-Length": [
          "0"
        ]
      },
      "ResponseBody": "",
      "StatusCode": 202
    },
    {
      "RequestUri": "/subscriptions/f557b96d-2308-4a18-aae1-b8f7e7e70cc7/operationresults/eyJqb2JJZCI6IlJFU09VUkNFR1JPVVBERUxFVElPTkpPQi1QV1M6MkRTREs6MkRURVNUUzoyRFJHOjJEMi1FQVNUVVMiLCJqb2JMb2NhdGlvbiI6ImVhc3R1cyJ9?api-version=2016-09-01",
      "EncodedRequestUri": "L3N1YnNjcmlwdGlvbnMvZjU1N2I5NmQtMjMwOC00YTE4LWFhZTEtYjhmN2U3ZTcwY2M3L29wZXJhdGlvbnJlc3VsdHMvZXlKcWIySkpaQ0k2SWxKRlUwOVZVa05GUjFKUFZWQkVSVXhGVkVsUFRrcFBRaTFRVjFNNk1rUlRSRXM2TWtSVVJWTlVVem95UkZKSE9qSkVNaTFGUVZOVVZWTWlMQ0pxYjJKTWIyTmhkR2x2YmlJNkltVmhjM1IxY3lKOT9hcGktdmVyc2lvbj0yMDE2LTA5LTAx",
      "RequestMethod": "GET",
      "RequestBody": "",
      "RequestHeaders": {
        "User-Agent": [
          "FxVersion/4.6.27019.06",
          "OSName/Windows",
          "OSVersion/Microsoft.Windows.10.0.17134.",
          "Microsoft.Azure.Management.Internal.Resources.ResourceManagementClient/1.1.17"
        ]
      },
      "ResponseHeaders": {
        "Cache-Control": [
          "no-cache"
        ],
        "Pragma": [
          "no-cache"
        ],
        "Location": [
          "https://management.azure.com/subscriptions/f557b96d-2308-4a18-aae1-b8f7e7e70cc7/operationresults/eyJqb2JJZCI6IlJFU09VUkNFR1JPVVBERUxFVElPTkpPQi1QV1M6MkRTREs6MkRURVNUUzoyRFJHOjJEMi1FQVNUVVMiLCJqb2JMb2NhdGlvbiI6ImVhc3R1cyJ9?api-version=2016-09-01"
        ],
        "Retry-After": [
          "15"
        ],
        "x-ms-ratelimit-remaining-subscription-reads": [
          "11990"
        ],
        "x-ms-request-id": [
          "76d20b2b-d89f-42b5-9393-a502f5b58d48"
        ],
        "x-ms-correlation-request-id": [
          "76d20b2b-d89f-42b5-9393-a502f5b58d48"
        ],
        "x-ms-routing-request-id": [
          "FRANCECENTRAL:20190325T115238Z:76d20b2b-d89f-42b5-9393-a502f5b58d48"
        ],
        "Strict-Transport-Security": [
          "max-age=31536000; includeSubDomains"
        ],
        "X-Content-Type-Options": [
          "nosniff"
        ],
        "Date": [
          "Mon, 25 Mar 2019 11:52:37 GMT"
        ],
        "Expires": [
          "-1"
        ],
        "Content-Length": [
          "0"
        ]
      },
      "ResponseBody": "",
      "StatusCode": 202
    },
    {
      "RequestUri": "/subscriptions/f557b96d-2308-4a18-aae1-b8f7e7e70cc7/operationresults/eyJqb2JJZCI6IlJFU09VUkNFR1JPVVBERUxFVElPTkpPQi1QV1M6MkRTREs6MkRURVNUUzoyRFJHOjJEMi1FQVNUVVMiLCJqb2JMb2NhdGlvbiI6ImVhc3R1cyJ9?api-version=2016-09-01",
      "EncodedRequestUri": "L3N1YnNjcmlwdGlvbnMvZjU1N2I5NmQtMjMwOC00YTE4LWFhZTEtYjhmN2U3ZTcwY2M3L29wZXJhdGlvbnJlc3VsdHMvZXlKcWIySkpaQ0k2SWxKRlUwOVZVa05GUjFKUFZWQkVSVXhGVkVsUFRrcFBRaTFRVjFNNk1rUlRSRXM2TWtSVVJWTlVVem95UkZKSE9qSkVNaTFGUVZOVVZWTWlMQ0pxYjJKTWIyTmhkR2x2YmlJNkltVmhjM1IxY3lKOT9hcGktdmVyc2lvbj0yMDE2LTA5LTAx",
      "RequestMethod": "GET",
      "RequestBody": "",
      "RequestHeaders": {
        "User-Agent": [
          "FxVersion/4.6.27019.06",
          "OSName/Windows",
          "OSVersion/Microsoft.Windows.10.0.17134.",
          "Microsoft.Azure.Management.Internal.Resources.ResourceManagementClient/1.1.17"
        ]
      },
      "ResponseHeaders": {
        "Cache-Control": [
          "no-cache"
        ],
        "Pragma": [
          "no-cache"
        ],
        "Location": [
          "https://management.azure.com/subscriptions/f557b96d-2308-4a18-aae1-b8f7e7e70cc7/operationresults/eyJqb2JJZCI6IlJFU09VUkNFR1JPVVBERUxFVElPTkpPQi1QV1M6MkRTREs6MkRURVNUUzoyRFJHOjJEMi1FQVNUVVMiLCJqb2JMb2NhdGlvbiI6ImVhc3R1cyJ9?api-version=2016-09-01"
        ],
        "Retry-After": [
          "15"
        ],
        "x-ms-ratelimit-remaining-subscription-reads": [
          "11989"
        ],
        "x-ms-request-id": [
          "e2d6f116-4e95-40e0-acff-d31f697a26f3"
        ],
        "x-ms-correlation-request-id": [
          "e2d6f116-4e95-40e0-acff-d31f697a26f3"
        ],
        "x-ms-routing-request-id": [
          "FRANCECENTRAL:20190325T115253Z:e2d6f116-4e95-40e0-acff-d31f697a26f3"
        ],
        "Strict-Transport-Security": [
          "max-age=31536000; includeSubDomains"
        ],
        "X-Content-Type-Options": [
          "nosniff"
        ],
        "Date": [
          "Mon, 25 Mar 2019 11:52:52 GMT"
        ],
        "Expires": [
          "-1"
        ],
        "Content-Length": [
          "0"
        ]
      },
      "ResponseBody": "",
      "StatusCode": 202
    },
    {
      "RequestUri": "/subscriptions/f557b96d-2308-4a18-aae1-b8f7e7e70cc7/operationresults/eyJqb2JJZCI6IlJFU09VUkNFR1JPVVBERUxFVElPTkpPQi1QV1M6MkRTREs6MkRURVNUUzoyRFJHOjJEMi1FQVNUVVMiLCJqb2JMb2NhdGlvbiI6ImVhc3R1cyJ9?api-version=2016-09-01",
      "EncodedRequestUri": "L3N1YnNjcmlwdGlvbnMvZjU1N2I5NmQtMjMwOC00YTE4LWFhZTEtYjhmN2U3ZTcwY2M3L29wZXJhdGlvbnJlc3VsdHMvZXlKcWIySkpaQ0k2SWxKRlUwOVZVa05GUjFKUFZWQkVSVXhGVkVsUFRrcFBRaTFRVjFNNk1rUlRSRXM2TWtSVVJWTlVVem95UkZKSE9qSkVNaTFGUVZOVVZWTWlMQ0pxYjJKTWIyTmhkR2x2YmlJNkltVmhjM1IxY3lKOT9hcGktdmVyc2lvbj0yMDE2LTA5LTAx",
      "RequestMethod": "GET",
      "RequestBody": "",
      "RequestHeaders": {
        "User-Agent": [
          "FxVersion/4.6.27019.06",
          "OSName/Windows",
          "OSVersion/Microsoft.Windows.10.0.17134.",
          "Microsoft.Azure.Management.Internal.Resources.ResourceManagementClient/1.1.17"
        ]
      },
      "ResponseHeaders": {
        "Cache-Control": [
          "no-cache"
        ],
        "Pragma": [
          "no-cache"
        ],
        "Location": [
          "https://management.azure.com/subscriptions/f557b96d-2308-4a18-aae1-b8f7e7e70cc7/operationresults/eyJqb2JJZCI6IlJFU09VUkNFR1JPVVBERUxFVElPTkpPQi1QV1M6MkRTREs6MkRURVNUUzoyRFJHOjJEMi1FQVNUVVMiLCJqb2JMb2NhdGlvbiI6ImVhc3R1cyJ9?api-version=2016-09-01"
        ],
        "Retry-After": [
          "15"
        ],
        "x-ms-ratelimit-remaining-subscription-reads": [
          "11988"
        ],
        "x-ms-request-id": [
          "5feae3cb-bc06-4999-b922-e7306f8bc7fa"
        ],
        "x-ms-correlation-request-id": [
          "5feae3cb-bc06-4999-b922-e7306f8bc7fa"
        ],
        "x-ms-routing-request-id": [
          "FRANCECENTRAL:20190325T115308Z:5feae3cb-bc06-4999-b922-e7306f8bc7fa"
        ],
        "Strict-Transport-Security": [
          "max-age=31536000; includeSubDomains"
        ],
        "X-Content-Type-Options": [
          "nosniff"
        ],
        "Date": [
          "Mon, 25 Mar 2019 11:53:08 GMT"
        ],
        "Expires": [
          "-1"
        ],
        "Content-Length": [
          "0"
        ]
      },
      "ResponseBody": "",
      "StatusCode": 202
    },
    {
      "RequestUri": "/subscriptions/f557b96d-2308-4a18-aae1-b8f7e7e70cc7/operationresults/eyJqb2JJZCI6IlJFU09VUkNFR1JPVVBERUxFVElPTkpPQi1QV1M6MkRTREs6MkRURVNUUzoyRFJHOjJEMi1FQVNUVVMiLCJqb2JMb2NhdGlvbiI6ImVhc3R1cyJ9?api-version=2016-09-01",
      "EncodedRequestUri": "L3N1YnNjcmlwdGlvbnMvZjU1N2I5NmQtMjMwOC00YTE4LWFhZTEtYjhmN2U3ZTcwY2M3L29wZXJhdGlvbnJlc3VsdHMvZXlKcWIySkpaQ0k2SWxKRlUwOVZVa05GUjFKUFZWQkVSVXhGVkVsUFRrcFBRaTFRVjFNNk1rUlRSRXM2TWtSVVJWTlVVem95UkZKSE9qSkVNaTFGUVZOVVZWTWlMQ0pxYjJKTWIyTmhkR2x2YmlJNkltVmhjM1IxY3lKOT9hcGktdmVyc2lvbj0yMDE2LTA5LTAx",
      "RequestMethod": "GET",
      "RequestBody": "",
      "RequestHeaders": {
        "User-Agent": [
          "FxVersion/4.6.27019.06",
          "OSName/Windows",
          "OSVersion/Microsoft.Windows.10.0.17134.",
          "Microsoft.Azure.Management.Internal.Resources.ResourceManagementClient/1.1.17"
        ]
      },
      "ResponseHeaders": {
        "Cache-Control": [
          "no-cache"
        ],
        "Pragma": [
          "no-cache"
        ],
        "Location": [
          "https://management.azure.com/subscriptions/f557b96d-2308-4a18-aae1-b8f7e7e70cc7/operationresults/eyJqb2JJZCI6IlJFU09VUkNFR1JPVVBERUxFVElPTkpPQi1QV1M6MkRTREs6MkRURVNUUzoyRFJHOjJEMi1FQVNUVVMiLCJqb2JMb2NhdGlvbiI6ImVhc3R1cyJ9?api-version=2016-09-01"
        ],
        "Retry-After": [
          "15"
        ],
        "x-ms-ratelimit-remaining-subscription-reads": [
          "11987"
        ],
        "x-ms-request-id": [
          "93a3876c-a8ce-4323-a7c1-5b8c62b32268"
        ],
        "x-ms-correlation-request-id": [
          "93a3876c-a8ce-4323-a7c1-5b8c62b32268"
        ],
        "x-ms-routing-request-id": [
          "FRANCECENTRAL:20190325T115324Z:93a3876c-a8ce-4323-a7c1-5b8c62b32268"
        ],
        "Strict-Transport-Security": [
          "max-age=31536000; includeSubDomains"
        ],
        "X-Content-Type-Options": [
          "nosniff"
        ],
        "Date": [
          "Mon, 25 Mar 2019 11:53:24 GMT"
        ],
        "Expires": [
          "-1"
        ],
        "Content-Length": [
          "0"
        ]
      },
      "ResponseBody": "",
      "StatusCode": 202
    },
    {
      "RequestUri": "/subscriptions/f557b96d-2308-4a18-aae1-b8f7e7e70cc7/operationresults/eyJqb2JJZCI6IlJFU09VUkNFR1JPVVBERUxFVElPTkpPQi1QV1M6MkRTREs6MkRURVNUUzoyRFJHOjJEMi1FQVNUVVMiLCJqb2JMb2NhdGlvbiI6ImVhc3R1cyJ9?api-version=2016-09-01",
      "EncodedRequestUri": "L3N1YnNjcmlwdGlvbnMvZjU1N2I5NmQtMjMwOC00YTE4LWFhZTEtYjhmN2U3ZTcwY2M3L29wZXJhdGlvbnJlc3VsdHMvZXlKcWIySkpaQ0k2SWxKRlUwOVZVa05GUjFKUFZWQkVSVXhGVkVsUFRrcFBRaTFRVjFNNk1rUlRSRXM2TWtSVVJWTlVVem95UkZKSE9qSkVNaTFGUVZOVVZWTWlMQ0pxYjJKTWIyTmhkR2x2YmlJNkltVmhjM1IxY3lKOT9hcGktdmVyc2lvbj0yMDE2LTA5LTAx",
      "RequestMethod": "GET",
      "RequestBody": "",
      "RequestHeaders": {
        "User-Agent": [
          "FxVersion/4.6.27019.06",
          "OSName/Windows",
          "OSVersion/Microsoft.Windows.10.0.17134.",
          "Microsoft.Azure.Management.Internal.Resources.ResourceManagementClient/1.1.17"
        ]
      },
      "ResponseHeaders": {
        "Cache-Control": [
          "no-cache"
        ],
        "Pragma": [
          "no-cache"
        ],
        "Location": [
          "https://management.azure.com/subscriptions/f557b96d-2308-4a18-aae1-b8f7e7e70cc7/operationresults/eyJqb2JJZCI6IlJFU09VUkNFR1JPVVBERUxFVElPTkpPQi1QV1M6MkRTREs6MkRURVNUUzoyRFJHOjJEMi1FQVNUVVMiLCJqb2JMb2NhdGlvbiI6ImVhc3R1cyJ9?api-version=2016-09-01"
        ],
        "Retry-After": [
          "15"
        ],
        "x-ms-ratelimit-remaining-subscription-reads": [
          "11986"
        ],
        "x-ms-request-id": [
          "02331721-2028-47aa-a230-55bfc9568566"
        ],
        "x-ms-correlation-request-id": [
          "02331721-2028-47aa-a230-55bfc9568566"
        ],
        "x-ms-routing-request-id": [
          "FRANCECENTRAL:20190325T115339Z:02331721-2028-47aa-a230-55bfc9568566"
        ],
        "Strict-Transport-Security": [
          "max-age=31536000; includeSubDomains"
        ],
        "X-Content-Type-Options": [
          "nosniff"
        ],
        "Date": [
          "Mon, 25 Mar 2019 11:53:39 GMT"
        ],
        "Expires": [
          "-1"
        ],
        "Content-Length": [
          "0"
        ]
      },
      "ResponseBody": "",
      "StatusCode": 202
    },
    {
      "RequestUri": "/subscriptions/f557b96d-2308-4a18-aae1-b8f7e7e70cc7/operationresults/eyJqb2JJZCI6IlJFU09VUkNFR1JPVVBERUxFVElPTkpPQi1QV1M6MkRTREs6MkRURVNUUzoyRFJHOjJEMi1FQVNUVVMiLCJqb2JMb2NhdGlvbiI6ImVhc3R1cyJ9?api-version=2016-09-01",
      "EncodedRequestUri": "L3N1YnNjcmlwdGlvbnMvZjU1N2I5NmQtMjMwOC00YTE4LWFhZTEtYjhmN2U3ZTcwY2M3L29wZXJhdGlvbnJlc3VsdHMvZXlKcWIySkpaQ0k2SWxKRlUwOVZVa05GUjFKUFZWQkVSVXhGVkVsUFRrcFBRaTFRVjFNNk1rUlRSRXM2TWtSVVJWTlVVem95UkZKSE9qSkVNaTFGUVZOVVZWTWlMQ0pxYjJKTWIyTmhkR2x2YmlJNkltVmhjM1IxY3lKOT9hcGktdmVyc2lvbj0yMDE2LTA5LTAx",
      "RequestMethod": "GET",
      "RequestBody": "",
      "RequestHeaders": {
        "User-Agent": [
          "FxVersion/4.6.27019.06",
          "OSName/Windows",
          "OSVersion/Microsoft.Windows.10.0.17134.",
          "Microsoft.Azure.Management.Internal.Resources.ResourceManagementClient/1.1.17"
        ]
      },
      "ResponseHeaders": {
        "Cache-Control": [
          "no-cache"
        ],
        "Pragma": [
          "no-cache"
        ],
        "x-ms-ratelimit-remaining-subscription-reads": [
          "11985"
        ],
        "x-ms-request-id": [
          "42754747-c3ed-4dab-9393-e77a0aa88fd4"
        ],
        "x-ms-correlation-request-id": [
          "42754747-c3ed-4dab-9393-e77a0aa88fd4"
        ],
        "x-ms-routing-request-id": [
          "FRANCECENTRAL:20190325T115354Z:42754747-c3ed-4dab-9393-e77a0aa88fd4"
        ],
        "Strict-Transport-Security": [
          "max-age=31536000; includeSubDomains"
        ],
        "X-Content-Type-Options": [
          "nosniff"
        ],
        "Date": [
          "Mon, 25 Mar 2019 11:53:54 GMT"
        ],
        "Expires": [
          "-1"
        ],
        "Content-Length": [
          "0"
        ]
      },
      "ResponseBody": "",
      "StatusCode": 200
    },
    {
      "RequestUri": "/subscriptions/f557b96d-2308-4a18-aae1-b8f7e7e70cc7/operationresults/eyJqb2JJZCI6IlJFU09VUkNFR1JPVVBERUxFVElPTkpPQi1QV1M6MkRTREs6MkRURVNUUzoyRFJHOjJEMi1FQVNUVVMiLCJqb2JMb2NhdGlvbiI6ImVhc3R1cyJ9?api-version=2016-09-01",
      "EncodedRequestUri": "L3N1YnNjcmlwdGlvbnMvZjU1N2I5NmQtMjMwOC00YTE4LWFhZTEtYjhmN2U3ZTcwY2M3L29wZXJhdGlvbnJlc3VsdHMvZXlKcWIySkpaQ0k2SWxKRlUwOVZVa05GUjFKUFZWQkVSVXhGVkVsUFRrcFBRaTFRVjFNNk1rUlRSRXM2TWtSVVJWTlVVem95UkZKSE9qSkVNaTFGUVZOVVZWTWlMQ0pxYjJKTWIyTmhkR2x2YmlJNkltVmhjM1IxY3lKOT9hcGktdmVyc2lvbj0yMDE2LTA5LTAx",
      "RequestMethod": "GET",
      "RequestBody": "",
      "RequestHeaders": {
        "User-Agent": [
          "FxVersion/4.6.27019.06",
          "OSName/Windows",
          "OSVersion/Microsoft.Windows.10.0.17134.",
          "Microsoft.Azure.Management.Internal.Resources.ResourceManagementClient/1.1.17"
        ]
      },
      "ResponseHeaders": {
        "Cache-Control": [
          "no-cache"
        ],
        "Pragma": [
          "no-cache"
        ],
        "x-ms-ratelimit-remaining-subscription-reads": [
          "11984"
        ],
        "x-ms-request-id": [
          "a0eb5ffd-be64-45cf-81ff-863eae69a2b0"
        ],
        "x-ms-correlation-request-id": [
          "a0eb5ffd-be64-45cf-81ff-863eae69a2b0"
        ],
        "x-ms-routing-request-id": [
          "FRANCECENTRAL:20190325T115354Z:a0eb5ffd-be64-45cf-81ff-863eae69a2b0"
        ],
        "Strict-Transport-Security": [
          "max-age=31536000; includeSubDomains"
        ],
        "X-Content-Type-Options": [
          "nosniff"
        ],
        "Date": [
          "Mon, 25 Mar 2019 11:53:54 GMT"
        ],
        "Expires": [
          "-1"
        ],
        "Content-Length": [
          "0"
        ]
      },
      "ResponseBody": "",
      "StatusCode": 200
    }
  ],
  "Names": {},
  "Variables": {
    "SubscriptionId": "f557b96d-2308-4a18-aae1-b8f7e7e70cc7"
  }
}