{
  "Entries": [
    {
      "RequestUri": "/subscriptions/a8c9a924-06c0-4bde-9788-e7b1370969e1/resourcegroups/ps1837?api-version=2016-09-01",
      "EncodedRequestUri": "L3N1YnNjcmlwdGlvbnMvYThjOWE5MjQtMDZjMC00YmRlLTk3ODgtZTdiMTM3MDk2OWUxL3Jlc291cmNlZ3JvdXBzL3BzMTgzNz9hcGktdmVyc2lvbj0yMDE2LTA5LTAx",
      "RequestMethod": "PUT",
      "RequestBody": "{\r\n  \"location\": \"westcentralus\"\r\n}",
      "RequestHeaders": {
        "x-ms-client-request-id": [
          "ece5ae18-f806-4250-9e41-3b97ea354a8f"
        ],
        "Accept-Language": [
          "en-US"
        ],
        "User-Agent": [
          "FxVersion/4.6.27414.06",
          "OSName/Windows",
          "OSVersion/Microsoft.Windows.10.0.17763.",
          "Microsoft.Azure.Management.Internal.Resources.ResourceManagementClient/1.2.0"
        ],
        "Content-Type": [
          "application/json; charset=utf-8"
        ],
        "Content-Length": [
          "35"
        ]
      },
      "ResponseHeaders": {
        "Cache-Control": [
          "no-cache"
        ],
        "Pragma": [
          "no-cache"
        ],
        "x-ms-ratelimit-remaining-subscription-writes": [
          "1199"
        ],
        "x-ms-request-id": [
          "11dd459f-e4e0-486a-b172-82e3fc9b5bc6"
        ],
        "x-ms-correlation-request-id": [
          "11dd459f-e4e0-486a-b172-82e3fc9b5bc6"
        ],
        "x-ms-routing-request-id": [
          "WESTUS:20190530T204233Z:11dd459f-e4e0-486a-b172-82e3fc9b5bc6"
        ],
        "Strict-Transport-Security": [
          "max-age=31536000; includeSubDomains"
        ],
        "X-Content-Type-Options": [
          "nosniff"
        ],
        "Date": [
          "Thu, 30 May 2019 20:42:32 GMT"
        ],
        "Content-Length": [
          "172"
        ],
        "Content-Type": [
          "application/json; charset=utf-8"
        ],
        "Expires": [
          "-1"
        ]
      },
      "ResponseBody": "{\r\n  \"id\": \"/subscriptions/a8c9a924-06c0-4bde-9788-e7b1370969e1/resourceGroups/ps1837\",\r\n  \"name\": \"ps1837\",\r\n  \"location\": \"westcentralus\",\r\n  \"properties\": {\r\n    \"provisioningState\": \"Succeeded\"\r\n  }\r\n}",
      "StatusCode": 201
    },
    {
      "RequestUri": "/subscriptions/a8c9a924-06c0-4bde-9788-e7b1370969e1/resourceGroups/cl_one/providers/Microsoft.Network/virtualNetworks/cl_initial?api-version=2019-02-01",
      "EncodedRequestUri": "L3N1YnNjcmlwdGlvbnMvYThjOWE5MjQtMDZjMC00YmRlLTk3ODgtZTdiMTM3MDk2OWUxL3Jlc291cmNlR3JvdXBzL2NsX29uZS9wcm92aWRlcnMvTWljcm9zb2Z0Lk5ldHdvcmsvdmlydHVhbE5ldHdvcmtzL2NsX2luaXRpYWw/YXBpLXZlcnNpb249MjAxOS0wMi0wMQ==",
      "RequestMethod": "GET",
      "RequestBody": "",
      "RequestHeaders": {
        "x-ms-client-request-id": [
          "9ac71d95-2500-4158-8138-f8c17cefd495"
        ],
        "Accept-Language": [
          "en-US"
        ],
        "User-Agent": [
          "FxVersion/4.6.27414.06",
          "OSName/Windows",
          "OSVersion/Microsoft.Windows.10.0.17763.",
          "Microsoft.Azure.Management.Network.NetworkManagementClient/19.11.0.0"
        ]
      },
      "ResponseHeaders": {
        "Cache-Control": [
          "no-cache"
        ],
        "Pragma": [
          "no-cache"
        ],
        "ETag": [
          "W/\"cae677ac-16f0-49f6-bc93-3a412a1d8f54\""
        ],
        "x-ms-request-id": [
          "20551db5-08c3-416a-b689-21a5c72cc9ff"
        ],
        "x-ms-correlation-request-id": [
          "147a4b11-7dc2-4e99-8b12-f2ba5b67eeab"
        ],
        "Strict-Transport-Security": [
          "max-age=31536000; includeSubDomains"
        ],
        "Server": [
          "Microsoft-HTTPAPI/2.0",
          "Microsoft-HTTPAPI/2.0"
        ],
        "x-ms-ratelimit-remaining-subscription-reads": [
          "11996"
        ],
        "x-ms-routing-request-id": [
          "WESTUS:20190530T204234Z:147a4b11-7dc2-4e99-8b12-f2ba5b67eeab"
        ],
        "X-Content-Type-Options": [
          "nosniff"
        ],
        "Date": [
          "Thu, 30 May 2019 20:42:33 GMT"
        ],
        "Content-Length": [
          "2815"
        ],
        "Content-Type": [
          "application/json; charset=utf-8"
        ],
        "Expires": [
          "-1"
        ]
      },
      "ResponseBody": "{\r\n  \"name\": \"cl_initial\",\r\n  \"id\": \"/subscriptions/a8c9a924-06c0-4bde-9788-e7b1370969e1/resourceGroups/cl_one/providers/Microsoft.Network/virtualNetworks/cl_initial\",\r\n  \"etag\": \"W/\\\"cae677ac-16f0-49f6-bc93-3a412a1d8f54\\\"\",\r\n  \"type\": \"Microsoft.Network/virtualNetworks\",\r\n  \"location\": \"westcentralus\",\r\n  \"properties\": {\r\n    \"provisioningState\": \"Succeeded\",\r\n    \"resourceGuid\": \"9ab78300-b023-4936-be62-4e591b6ca4a5\",\r\n    \"addressSpace\": {\r\n      \"addressPrefixes\": [\r\n        \"10.0.0.0/16\"\r\n      ]\r\n    },\r\n    \"dhcpOptions\": {\r\n      \"dnsServers\": []\r\n    },\r\n    \"subnets\": [\r\n      {\r\n        \"name\": \"Cool\",\r\n        \"id\": \"/subscriptions/a8c9a924-06c0-4bde-9788-e7b1370969e1/resourceGroups/cl_one/providers/Microsoft.Network/virtualNetworks/cl_initial/subnets/Cool\",\r\n        \"etag\": \"W/\\\"cae677ac-16f0-49f6-bc93-3a412a1d8f54\\\"\",\r\n        \"properties\": {\r\n          \"provisioningState\": \"Succeeded\",\r\n          \"addressPrefix\": \"10.0.0.0/24\",\r\n          \"networkSecurityGroup\": {\r\n            \"id\": \"/subscriptions/a8c9a924-06c0-4bde-9788-e7b1370969e1/resourceGroups/cl_one/providers/Microsoft.Network/networkSecurityGroups/nsg-petrajkotest\"\r\n          },\r\n          \"routeTable\": {\r\n            \"id\": \"/subscriptions/a8c9a924-06c0-4bde-9788-e7b1370969e1/resourceGroups/cl_one/providers/Microsoft.Network/routeTables/rt-petrajkotest\"\r\n          },\r\n          \"networkIntentPolicies\": [\r\n            {\r\n              \"id\": \"/subscriptions/a8c9a924-06c0-4bde-9788-e7b1370969e1/resourceGroups/cl_one/providers/Microsoft.Network/networkIntentPolicies/cfc5f243-f751-4b9c-9966-f1bae0b3c4d5\"\r\n            }\r\n          ],\r\n          \"resourceNavigationLinks\": [\r\n            {\r\n              \"name\": \"VirtualCluster4e070871-3cb8-464f-a43c-51542c7dfc7e\",\r\n              \"id\": \"/subscriptions/a8c9a924-06c0-4bde-9788-e7b1370969e1/resourceGroups/cl_one/providers/Microsoft.Network/virtualNetworks/cl_initial/subnets/Cool/resourceNavigationLinks/VirtualCluster4e070871-3cb8-464f-a43c-51542c7dfc7e\",\r\n              \"etag\": \"W/\\\"cae677ac-16f0-49f6-bc93-3a412a1d8f54\\\"\",\r\n              \"type\": \"Microsoft.Network/virtualNetworks/subnets/resourceNavigationLinks\",\r\n              \"properties\": {\r\n                \"provisioningState\": \"Succeeded\",\r\n                \"linkedResourceType\": \"Microsoft.Sql/virtualClusters\",\r\n                \"link\": \"/subscriptions/a8c9a924-06c0-4bde-9788-e7b1370969e1/resourceGroups/cl_one/providers/Microsoft.Sql/virtualClusters/VirtualCluster4e070871-3cb8-464f-a43c-51542c7dfc7e?api-version=2015-05-01-preview\"\r\n              }\r\n            }\r\n          ],\r\n          \"delegations\": []\r\n        },\r\n        \"type\": \"Microsoft.Network/virtualNetworks/subnets\"\r\n      }\r\n    ],\r\n    \"virtualNetworkPeerings\": [],\r\n    \"enableDdosProtection\": false,\r\n    \"enableVmProtection\": false\r\n  }\r\n}",
      "StatusCode": 200
    },
    {
      "RequestUri": "/subscriptions/a8c9a924-06c0-4bde-9788-e7b1370969e1/resourceGroups/ps1837/providers/Microsoft.Sql/managedInstances/ps3771?api-version=2015-05-01-preview",
      "EncodedRequestUri": "L3N1YnNjcmlwdGlvbnMvYThjOWE5MjQtMDZjMC00YmRlLTk3ODgtZTdiMTM3MDk2OWUxL3Jlc291cmNlR3JvdXBzL3BzMTgzNy9wcm92aWRlcnMvTWljcm9zb2Z0LlNxbC9tYW5hZ2VkSW5zdGFuY2VzL3BzMzc3MT9hcGktdmVyc2lvbj0yMDE1LTA1LTAxLXByZXZpZXc=",
      "RequestMethod": "GET",
      "RequestBody": "",
      "RequestHeaders": {
        "x-ms-client-request-id": [
          "3d5a7f59-664a-40f2-af74-379423e11847"
        ],
        "Accept-Language": [
          "en-US"
        ],
        "User-Agent": [
          "FxVersion/4.6.27414.06",
          "OSName/Windows",
          "OSVersion/Microsoft.Windows.10.0.17763.",
          "Microsoft.Azure.Management.Sql.SqlManagementClient/1.31.0.0"
        ]
      },
      "ResponseHeaders": {
        "Cache-Control": [
          "no-cache"
        ],
        "Pragma": [
          "no-cache"
        ],
        "x-ms-failure-cause": [
          "gateway"
        ],
        "x-ms-request-id": [
          "7a0e3662-aea5-487e-8386-fb49e9f924b2"
        ],
        "x-ms-correlation-request-id": [
          "7a0e3662-aea5-487e-8386-fb49e9f924b2"
        ],
        "x-ms-routing-request-id": [
          "WESTUS:20190530T204234Z:7a0e3662-aea5-487e-8386-fb49e9f924b2"
        ],
        "Strict-Transport-Security": [
          "max-age=31536000; includeSubDomains"
        ],
        "X-Content-Type-Options": [
          "nosniff"
        ],
        "Date": [
          "Thu, 30 May 2019 20:42:34 GMT"
        ],
        "Content-Type": [
          "application/json; charset=utf-8"
        ],
        "Expires": [
          "-1"
        ],
        "Content-Length": [
          "147"
        ]
      },
      "ResponseBody": "{\r\n  \"error\": {\r\n    \"code\": \"ResourceNotFound\",\r\n    \"message\": \"The Resource 'Microsoft.Sql/managedInstances/ps3771' under resource group 'ps1837' was not found.\"\r\n  }\r\n}",
      "StatusCode": 404
    },
    {
      "RequestUri": "/subscriptions/a8c9a924-06c0-4bde-9788-e7b1370969e1/resourceGroups/ps1837/providers/Microsoft.Sql/managedInstances/ps3771?api-version=2015-05-01-preview",
      "EncodedRequestUri": "L3N1YnNjcmlwdGlvbnMvYThjOWE5MjQtMDZjMC00YmRlLTk3ODgtZTdiMTM3MDk2OWUxL3Jlc291cmNlR3JvdXBzL3BzMTgzNy9wcm92aWRlcnMvTWljcm9zb2Z0LlNxbC9tYW5hZ2VkSW5zdGFuY2VzL3BzMzc3MT9hcGktdmVyc2lvbj0yMDE1LTA1LTAxLXByZXZpZXc=",
      "RequestMethod": "GET",
      "RequestBody": "",
      "RequestHeaders": {
        "User-Agent": [
          "FxVersion/4.6.27414.06",
          "OSName/Windows",
          "OSVersion/Microsoft.Windows.10.0.17763.",
          "Microsoft.Azure.Management.Sql.SqlManagementClient/1.31.0.0"
        ]
      },
      "ResponseHeaders": {
        "Cache-Control": [
          "no-cache"
        ],
        "Pragma": [
          "no-cache"
        ],
        "x-ms-request-id": [
          "db1e938f-dd94-4763-bd61-5e2ab1925842"
        ],
        "Server": [
          "Microsoft-HTTPAPI/2.0"
        ],
        "x-ms-ratelimit-remaining-subscription-reads": [
          "11995"
        ],
        "x-ms-correlation-request-id": [
          "d9e3715e-e58f-4535-9c99-e33d56cbfabf"
        ],
        "x-ms-routing-request-id": [
          "WESTUS:20190530T204538Z:d9e3715e-e58f-4535-9c99-e33d56cbfabf"
        ],
        "Strict-Transport-Security": [
          "max-age=31536000; includeSubDomains"
        ],
        "X-Content-Type-Options": [
          "nosniff"
        ],
        "Date": [
          "Thu, 30 May 2019 20:45:38 GMT"
        ],
        "Content-Length": [
          "911"
        ],
        "Content-Type": [
          "application/json; charset=utf-8"
        ],
        "Expires": [
          "-1"
        ]
      },
      "ResponseBody": "{\r\n  \"identity\": {\r\n    \"principalId\": \"8fa97db6-7510-432d-bd85-f03f12284a09\",\r\n    \"type\": \"SystemAssigned\",\r\n    \"tenantId\": \"72f988bf-86f1-41af-91ab-2d7cd011db47\"\r\n  },\r\n  \"sku\": {\r\n    \"name\": \"GP_Gen4\",\r\n    \"tier\": \"GeneralPurpose\",\r\n    \"family\": \"Gen4\",\r\n    \"capacity\": 16\r\n  },\r\n  \"properties\": {\r\n    \"fullyQualifiedDomainName\": \"ps3771.f42a12b795b1.database.windows.net\",\r\n    \"administratorLogin\": \"testusername\",\r\n    \"subnetId\": \"/subscriptions/a8c9a924-06c0-4bde-9788-e7b1370969e1/resourceGroups/cl_one/providers/Microsoft.Network/virtualNetworks/cl_initial/subnets/Cool\",\r\n    \"state\": \"Ready\",\r\n    \"licenseType\": \"LicenseIncluded\",\r\n    \"vCores\": 16,\r\n    \"storageSizeInGB\": 256,\r\n    \"collation\": \"SQL_Latin1_General_CP1_CI_AS\",\r\n    \"dnsZone\": \"f42a12b795b1\",\r\n    \"publicDataEndpointEnabled\": false,\r\n    \"timezoneId\": \"UTC\"\r\n  },\r\n  \"location\": \"westcentralus\",\r\n  \"id\": \"/subscriptions/a8c9a924-06c0-4bde-9788-e7b1370969e1/resourceGroups/ps1837/providers/Microsoft.Sql/managedInstances/ps3771\",\r\n  \"name\": \"ps3771\",\r\n  \"type\": \"Microsoft.Sql/managedInstances\"\r\n}",
      "StatusCode": 200
    },
    {
      "RequestUri": "/subscriptions/a8c9a924-06c0-4bde-9788-e7b1370969e1/resourceGroups/ps1837/providers/Microsoft.Sql/managedInstances/ps3771?api-version=2015-05-01-preview",
      "EncodedRequestUri": "L3N1YnNjcmlwdGlvbnMvYThjOWE5MjQtMDZjMC00YmRlLTk3ODgtZTdiMTM3MDk2OWUxL3Jlc291cmNlR3JvdXBzL3BzMTgzNy9wcm92aWRlcnMvTWljcm9zb2Z0LlNxbC9tYW5hZ2VkSW5zdGFuY2VzL3BzMzc3MT9hcGktdmVyc2lvbj0yMDE1LTA1LTAxLXByZXZpZXc=",
      "RequestMethod": "PUT",
      "RequestBody": "{\r\n  \"identity\": {\r\n    \"type\": \"SystemAssigned\"\r\n  },\r\n  \"sku\": {\r\n    \"name\": \"GP_Gen4\"\r\n  },\r\n  \"properties\": {\r\n    \"administratorLogin\": \"testusername\",\r\n    \"administratorLoginPassword\": \"t357ingP@s5w0rd!\",\r\n    \"subnetId\": \"/subscriptions/a8c9a924-06c0-4bde-9788-e7b1370969e1/resourceGroups/cl_one/providers/Microsoft.Network/virtualNetworks/cl_initial/subnets/Cool\",\r\n    \"vCores\": 16,\r\n    \"publicDataEndpointEnabled\": false\r\n  },\r\n  \"location\": \"westcentralus\"\r\n}",
      "RequestHeaders": {
        "x-ms-client-request-id": [
          "b4e4d960-d41d-48b3-b59a-289f1e041f60"
        ],
        "Accept-Language": [
          "en-US"
        ],
        "User-Agent": [
          "FxVersion/4.6.27414.06",
          "OSName/Windows",
          "OSVersion/Microsoft.Windows.10.0.17763.",
          "Microsoft.Azure.Management.Sql.SqlManagementClient/1.31.0.0"
        ],
        "Content-Type": [
          "application/json; charset=utf-8"
        ],
        "Content-Length": [
          "473"
        ]
      },
      "ResponseHeaders": {
        "Cache-Control": [
          "no-cache"
        ],
        "Pragma": [
          "no-cache"
        ],
        "Location": [
          "https://management.azure.com/subscriptions/a8c9a924-06c0-4bde-9788-e7b1370969e1/resourceGroups/ps1837/providers/Microsoft.Sql/locations/westcentralus/managedInstanceOperationResults/778d6f1e-5526-4fb1-b910-d4b9e1c18547?api-version=2015-05-01-preview"
        ],
        "Retry-After": [
          "60"
        ],
        "Azure-AsyncOperation": [
          "https://management.azure.com/subscriptions/a8c9a924-06c0-4bde-9788-e7b1370969e1/resourceGroups/ps1837/providers/Microsoft.Sql/locations/westcentralus/managedInstanceAzureAsyncOperation/778d6f1e-5526-4fb1-b910-d4b9e1c18547?api-version=2015-05-01-preview"
        ],
        "x-ms-request-id": [
          "778d6f1e-5526-4fb1-b910-d4b9e1c18547"
        ],
        "Server": [
          "Microsoft-HTTPAPI/2.0"
        ],
        "x-ms-ratelimit-remaining-subscription-writes": [
          "1199"
        ],
        "x-ms-correlation-request-id": [
          "6ea5b56b-d031-42eb-8d03-ec7fc7855cf3"
        ],
        "x-ms-routing-request-id": [
          "WESTUS:20190530T204237Z:6ea5b56b-d031-42eb-8d03-ec7fc7855cf3"
        ],
        "Strict-Transport-Security": [
          "max-age=31536000; includeSubDomains"
        ],
        "X-Content-Type-Options": [
          "nosniff"
        ],
        "Date": [
          "Thu, 30 May 2019 20:42:37 GMT"
        ],
        "Content-Length": [
          "73"
        ],
        "Content-Type": [
          "application/json; charset=utf-8"
        ],
        "Expires": [
          "-1"
        ]
      },
      "ResponseBody": "{\r\n  \"operation\": \"UpsertManagedServer\",\r\n  \"startTime\": \"2019-05-30T20:42:37.45Z\"\r\n}",
      "StatusCode": 202
    },
    {
      "RequestUri": "/subscriptions/a8c9a924-06c0-4bde-9788-e7b1370969e1/resourceGroups/ps1837/providers/Microsoft.Sql/locations/westcentralus/managedInstanceAzureAsyncOperation/778d6f1e-5526-4fb1-b910-d4b9e1c18547?api-version=2015-05-01-preview",
      "EncodedRequestUri": "L3N1YnNjcmlwdGlvbnMvYThjOWE5MjQtMDZjMC00YmRlLTk3ODgtZTdiMTM3MDk2OWUxL3Jlc291cmNlR3JvdXBzL3BzMTgzNy9wcm92aWRlcnMvTWljcm9zb2Z0LlNxbC9sb2NhdGlvbnMvd2VzdGNlbnRyYWx1cy9tYW5hZ2VkSW5zdGFuY2VBenVyZUFzeW5jT3BlcmF0aW9uLzc3OGQ2ZjFlLTU1MjYtNGZiMS1iOTEwLWQ0YjllMWMxODU0Nz9hcGktdmVyc2lvbj0yMDE1LTA1LTAxLXByZXZpZXc=",
      "RequestMethod": "GET",
      "RequestBody": "",
      "RequestHeaders": {
        "User-Agent": [
          "FxVersion/4.6.27414.06",
          "OSName/Windows",
          "OSVersion/Microsoft.Windows.10.0.17763.",
          "Microsoft.Azure.Management.Sql.SqlManagementClient/1.31.0.0"
        ]
      },
      "ResponseHeaders": {
        "Cache-Control": [
          "no-cache"
        ],
        "Pragma": [
          "no-cache"
        ],
        "Retry-After": [
          "60"
        ],
        "x-ms-request-id": [
          "73dce7f3-cd8d-4989-8991-9c538da53314"
        ],
        "Server": [
          "Microsoft-HTTPAPI/2.0"
        ],
        "x-ms-ratelimit-remaining-subscription-reads": [
          "11997"
        ],
        "x-ms-correlation-request-id": [
          "e71e470e-11a8-4a1c-b498-eec2f15945ec"
        ],
        "x-ms-routing-request-id": [
          "WESTUS:20190530T204337Z:e71e470e-11a8-4a1c-b498-eec2f15945ec"
        ],
        "Strict-Transport-Security": [
          "max-age=31536000; includeSubDomains"
        ],
        "X-Content-Type-Options": [
          "nosniff"
        ],
        "Date": [
          "Thu, 30 May 2019 20:43:37 GMT"
        ],
        "Content-Length": [
          "107"
        ],
        "Content-Type": [
          "application/json; charset=utf-8"
        ],
        "Expires": [
          "-1"
        ]
      },
      "ResponseBody": "{\r\n  \"name\": \"778d6f1e-5526-4fb1-b910-d4b9e1c18547\",\r\n  \"status\": \"InProgress\",\r\n  \"startTime\": \"2019-05-30T20:42:37.45Z\"\r\n}",
      "StatusCode": 200
    },
    {
      "RequestUri": "/subscriptions/a8c9a924-06c0-4bde-9788-e7b1370969e1/resourceGroups/ps1837/providers/Microsoft.Sql/locations/westcentralus/managedInstanceAzureAsyncOperation/778d6f1e-5526-4fb1-b910-d4b9e1c18547?api-version=2015-05-01-preview",
      "EncodedRequestUri": "L3N1YnNjcmlwdGlvbnMvYThjOWE5MjQtMDZjMC00YmRlLTk3ODgtZTdiMTM3MDk2OWUxL3Jlc291cmNlR3JvdXBzL3BzMTgzNy9wcm92aWRlcnMvTWljcm9zb2Z0LlNxbC9sb2NhdGlvbnMvd2VzdGNlbnRyYWx1cy9tYW5hZ2VkSW5zdGFuY2VBenVyZUFzeW5jT3BlcmF0aW9uLzc3OGQ2ZjFlLTU1MjYtNGZiMS1iOTEwLWQ0YjllMWMxODU0Nz9hcGktdmVyc2lvbj0yMDE1LTA1LTAxLXByZXZpZXc=",
      "RequestMethod": "GET",
      "RequestBody": "",
      "RequestHeaders": {
        "User-Agent": [
          "FxVersion/4.6.27414.06",
          "OSName/Windows",
          "OSVersion/Microsoft.Windows.10.0.17763.",
          "Microsoft.Azure.Management.Sql.SqlManagementClient/1.31.0.0"
        ]
      },
      "ResponseHeaders": {
        "Cache-Control": [
          "no-cache"
        ],
        "Pragma": [
          "no-cache"
        ],
        "Retry-After": [
          "60"
        ],
        "x-ms-request-id": [
          "04b87659-ccd0-4f3f-8549-3f4bef17966b"
        ],
        "Server": [
          "Microsoft-HTTPAPI/2.0"
        ],
        "x-ms-ratelimit-remaining-subscription-reads": [
          "11995"
        ],
        "x-ms-correlation-request-id": [
          "f620780e-1876-4422-9a9d-80b741f61f4a"
        ],
        "x-ms-routing-request-id": [
          "WESTUS:20190530T204438Z:f620780e-1876-4422-9a9d-80b741f61f4a"
        ],
        "Strict-Transport-Security": [
          "max-age=31536000; includeSubDomains"
        ],
        "X-Content-Type-Options": [
          "nosniff"
        ],
        "Date": [
          "Thu, 30 May 2019 20:44:38 GMT"
        ],
        "Content-Length": [
          "107"
        ],
        "Content-Type": [
          "application/json; charset=utf-8"
        ],
        "Expires": [
          "-1"
        ]
      },
      "ResponseBody": "{\r\n  \"name\": \"778d6f1e-5526-4fb1-b910-d4b9e1c18547\",\r\n  \"status\": \"InProgress\",\r\n  \"startTime\": \"2019-05-30T20:42:37.45Z\"\r\n}",
      "StatusCode": 200
    },
    {
      "RequestUri": "/subscriptions/a8c9a924-06c0-4bde-9788-e7b1370969e1/resourceGroups/ps1837/providers/Microsoft.Sql/locations/westcentralus/managedInstanceAzureAsyncOperation/778d6f1e-5526-4fb1-b910-d4b9e1c18547?api-version=2015-05-01-preview",
      "EncodedRequestUri": "L3N1YnNjcmlwdGlvbnMvYThjOWE5MjQtMDZjMC00YmRlLTk3ODgtZTdiMTM3MDk2OWUxL3Jlc291cmNlR3JvdXBzL3BzMTgzNy9wcm92aWRlcnMvTWljcm9zb2Z0LlNxbC9sb2NhdGlvbnMvd2VzdGNlbnRyYWx1cy9tYW5hZ2VkSW5zdGFuY2VBenVyZUFzeW5jT3BlcmF0aW9uLzc3OGQ2ZjFlLTU1MjYtNGZiMS1iOTEwLWQ0YjllMWMxODU0Nz9hcGktdmVyc2lvbj0yMDE1LTA1LTAxLXByZXZpZXc=",
      "RequestMethod": "GET",
      "RequestBody": "",
      "RequestHeaders": {
        "User-Agent": [
          "FxVersion/4.6.27414.06",
          "OSName/Windows",
          "OSVersion/Microsoft.Windows.10.0.17763.",
          "Microsoft.Azure.Management.Sql.SqlManagementClient/1.31.0.0"
        ]
      },
      "ResponseHeaders": {
        "Cache-Control": [
          "no-cache"
        ],
        "Pragma": [
          "no-cache"
        ],
        "Retry-After": [
          "60"
        ],
        "x-ms-request-id": [
          "670e9ee4-022a-4acf-b66b-462b8214aa08"
        ],
        "Server": [
          "Microsoft-HTTPAPI/2.0"
        ],
        "x-ms-ratelimit-remaining-subscription-reads": [
          "11996"
        ],
        "x-ms-correlation-request-id": [
          "d262a074-2042-4f9b-b09f-df9bc585d2b5"
        ],
        "x-ms-routing-request-id": [
          "WESTUS:20190530T204538Z:d262a074-2042-4f9b-b09f-df9bc585d2b5"
        ],
        "Strict-Transport-Security": [
          "max-age=31536000; includeSubDomains"
        ],
        "X-Content-Type-Options": [
          "nosniff"
        ],
        "Date": [
          "Thu, 30 May 2019 20:45:38 GMT"
        ],
        "Content-Length": [
          "106"
        ],
        "Content-Type": [
          "application/json; charset=utf-8"
        ],
        "Expires": [
          "-1"
        ]
      },
      "ResponseBody": "{\r\n  \"name\": \"778d6f1e-5526-4fb1-b910-d4b9e1c18547\",\r\n  \"status\": \"Succeeded\",\r\n  \"startTime\": \"2019-05-30T20:42:37.45Z\"\r\n}",
      "StatusCode": 200
    },
    {
      "RequestUri": "/subscriptions/a8c9a924-06c0-4bde-9788-e7b1370969e1/resources?$filter=resourceType%20eq%20'Microsoft.KeyVault%2Fvaults'&api-version=2016-09-01",
      "EncodedRequestUri": "L3N1YnNjcmlwdGlvbnMvYThjOWE5MjQtMDZjMC00YmRlLTk3ODgtZTdiMTM3MDk2OWUxL3Jlc291cmNlcz8kZmlsdGVyPXJlc291cmNlVHlwZSUyMGVxJTIwJ01pY3Jvc29mdC5LZXlWYXVsdCUyRnZhdWx0cycmYXBpLXZlcnNpb249MjAxNi0wOS0wMQ==",
      "RequestMethod": "GET",
      "RequestBody": "",
      "RequestHeaders": {
        "x-ms-client-request-id": [
          "0d5426d2-5bf9-48f1-a2a4-78ead72f6cc0"
        ],
        "Accept-Language": [
          "en-US"
        ],
        "User-Agent": [
          "FxVersion/4.6.27414.06",
          "OSName/Windows",
          "OSVersion/Microsoft.Windows.10.0.17763.",
          "Microsoft.Azure.Management.Internal.Resources.ResourceManagementClient/1.2.0"
        ]
      },
      "ResponseHeaders": {
        "Cache-Control": [
          "no-cache"
        ],
        "Pragma": [
          "no-cache"
        ],
        "x-ms-ratelimit-remaining-subscription-reads": [
          "11999"
        ],
        "x-ms-request-id": [
          "24d9da2a-99ae-45d6-9d68-23311a88ff58"
        ],
        "x-ms-correlation-request-id": [
          "24d9da2a-99ae-45d6-9d68-23311a88ff58"
        ],
        "x-ms-routing-request-id": [
          "WESTUS2:20190530T204538Z:24d9da2a-99ae-45d6-9d68-23311a88ff58"
        ],
        "Strict-Transport-Security": [
          "max-age=31536000; includeSubDomains"
        ],
        "X-Content-Type-Options": [
          "nosniff"
        ],
        "Date": [
          "Thu, 30 May 2019 20:45:38 GMT"
        ],
        "Content-Type": [
          "application/json; charset=utf-8"
        ],
        "Expires": [
          "-1"
        ],
        "Content-Length": [
          "8182"
        ]
      },
      "ResponseBody": "{\r\n  \"value\": [\r\n    {\r\n      \"id\": \"/subscriptions/a8c9a924-06c0-4bde-9788-e7b1370969e1/resourceGroups/aadsqlmi/providers/Microsoft.KeyVault/vaults/aadsqlmi-credentials\",\r\n      \"name\": \"aadsqlmi-credentials\",\r\n      \"type\": \"Microsoft.KeyVault/vaults\",\r\n      \"location\": \"westus2\",\r\n      \"tags\": {}\r\n    },\r\n    {\r\n      \"id\": \"/subscriptions/a8c9a924-06c0-4bde-9788-e7b1370969e1/resourceGroups/brrg/providers/Microsoft.KeyVault/vaults/brKeyVault\",\r\n      \"name\": \"brKeyVault\",\r\n      \"type\": \"Microsoft.KeyVault/vaults\",\r\n      \"location\": \"eastus\",\r\n      \"tags\": {}\r\n    },\r\n    {\r\n      \"id\": \"/subscriptions/a8c9a924-06c0-4bde-9788-e7b1370969e1/resourceGroups/cloudlifterteamrg/providers/Microsoft.KeyVault/vaults/CloudLifterTeamKeyVault\",\r\n      \"name\": \"CloudLifterTeamKeyVault\",\r\n      \"type\": \"Microsoft.KeyVault/vaults\",\r\n      \"location\": \"northeurope\",\r\n      \"tags\": {}\r\n    },\r\n    {\r\n      \"id\": \"/subscriptions/a8c9a924-06c0-4bde-9788-e7b1370969e1/resourceGroups/cloudlifterteamrg/providers/Microsoft.KeyVault/vaults/LocalTimeStageKV\",\r\n      \"name\": \"LocalTimeStageKV\",\r\n      \"type\": \"Microsoft.KeyVault/vaults\",\r\n      \"location\": \"northeurope\",\r\n      \"tags\": {}\r\n    },\r\n    {\r\n      \"id\": \"/subscriptions/a8c9a924-06c0-4bde-9788-e7b1370969e1/resourceGroups/clperftesting_weu_rg/providers/Microsoft.KeyVault/vaults/clperfvault-weu\",\r\n      \"name\": \"clperfvault-weu\",\r\n      \"type\": \"Microsoft.KeyVault/vaults\",\r\n      \"location\": \"westeurope\",\r\n      \"tags\": {}\r\n    },\r\n    {\r\n      \"id\": \"/subscriptions/a8c9a924-06c0-4bde-9788-e7b1370969e1/resourceGroups/danil/providers/Microsoft.KeyVault/vaults/CloudLifterPMOnCall\",\r\n      \"name\": \"CloudLifterPMOnCall\",\r\n      \"type\": \"Microsoft.KeyVault/vaults\",\r\n      \"location\": \"westeurope\",\r\n      \"tags\": {}\r\n    },\r\n    {\r\n      \"id\": \"/subscriptions/a8c9a924-06c0-4bde-9788-e7b1370969e1/resourceGroups/MlAndzic_RG/providers/Microsoft.KeyVault/vaults/demoMIcredentials\",\r\n      \"name\": \"demoMIcredentials\",\r\n      \"type\": \"Microsoft.KeyVault/vaults\",\r\n      \"location\": \"westeurope\",\r\n      \"tags\": {}\r\n    },\r\n    {\r\n      \"id\": \"/subscriptions/a8c9a924-06c0-4bde-9788-e7b1370969e1/resourceGroups/MlAndzic_RG/providers/Microsoft.KeyVault/vaults/mitest-doNotDelete\",\r\n      \"name\": \"mitest-doNotDelete\",\r\n      \"type\": \"Microsoft.KeyVault/vaults\",\r\n      \"location\": \"westeurope\",\r\n      \"tags\": {}\r\n    },\r\n    {\r\n      \"id\": \"/subscriptions/a8c9a924-06c0-4bde-9788-e7b1370969e1/resourceGroups/Mlandzic_RG/providers/Microsoft.KeyVault/vaults/MlandzicJustTesting\",\r\n      \"name\": \"MlandzicJustTesting\",\r\n      \"type\": \"Microsoft.KeyVault/vaults\",\r\n      \"location\": \"westeurope\",\r\n      \"tags\": {}\r\n    },\r\n    {\r\n      \"id\": \"/subscriptions/a8c9a924-06c0-4bde-9788-e7b1370969e1/resourceGroups/MlAndzic_RG/providers/Microsoft.KeyVault/vaults/sqlcrudtest-104\",\r\n      \"name\": \"sqlcrudtest-104\",\r\n      \"type\": \"Microsoft.KeyVault/vaults\",\r\n      \"location\": \"westeurope\",\r\n      \"tags\": {}\r\n    },\r\n    {\r\n      \"id\": \"/subscriptions/a8c9a924-06c0-4bde-9788-e7b1370969e1/resourceGroups/MlAndzic_RG/providers/Microsoft.KeyVault/vaults/sqlcrudtest-1782\",\r\n      \"name\": \"sqlcrudtest-1782\",\r\n      \"type\": \"Microsoft.KeyVault/vaults\",\r\n      \"location\": \"westeurope\",\r\n      \"tags\": {}\r\n    },\r\n    {\r\n      \"id\": \"/subscriptions/a8c9a924-06c0-4bde-9788-e7b1370969e1/resourceGroups/MlAndzic_RG/providers/Microsoft.KeyVault/vaults/sqlcrudtest-2374\",\r\n      \"name\": \"sqlcrudtest-2374\",\r\n      \"type\": \"Microsoft.KeyVault/vaults\",\r\n      \"location\": \"westeurope\",\r\n      \"tags\": {}\r\n    },\r\n    {\r\n      \"id\": \"/subscriptions/a8c9a924-06c0-4bde-9788-e7b1370969e1/resourceGroups/MlAndzic_RG/providers/Microsoft.KeyVault/vaults/sqlcrudtest-2581\",\r\n      \"name\": \"sqlcrudtest-2581\",\r\n      \"type\": \"Microsoft.KeyVault/vaults\",\r\n      \"location\": \"westeurope\",\r\n      \"tags\": {}\r\n    },\r\n    {\r\n      \"id\": \"/subscriptions/a8c9a924-06c0-4bde-9788-e7b1370969e1/resourceGroups/MlAndzic_RG/providers/Microsoft.KeyVault/vaults/sqlcrudtest-2810\",\r\n      \"name\": \"sqlcrudtest-2810\",\r\n      \"type\": \"Microsoft.KeyVault/vaults\",\r\n      \"location\": \"centralus\",\r\n      \"tags\": {}\r\n    },\r\n    {\r\n      \"id\": \"/subscriptions/a8c9a924-06c0-4bde-9788-e7b1370969e1/resourceGroups/MlAndzic_RG/providers/Microsoft.KeyVault/vaults/sqlcrudtest-285\",\r\n      \"name\": \"sqlcrudtest-285\",\r\n      \"type\": \"Microsoft.KeyVault/vaults\",\r\n      \"location\": \"westeurope\",\r\n      \"tags\": {}\r\n    },\r\n    {\r\n      \"id\": \"/subscriptions/a8c9a924-06c0-4bde-9788-e7b1370969e1/resourceGroups/MlAndzic_RG/providers/Microsoft.KeyVault/vaults/sqlcrudtest-3163\",\r\n      \"name\": \"sqlcrudtest-3163\",\r\n      \"type\": \"Microsoft.KeyVault/vaults\",\r\n      \"location\": \"westeurope\",\r\n      \"tags\": {}\r\n    },\r\n    {\r\n      \"id\": \"/subscriptions/a8c9a924-06c0-4bde-9788-e7b1370969e1/resourceGroups/MlAndzic_RG/providers/Microsoft.KeyVault/vaults/sqlcrudtest-3596\",\r\n      \"name\": \"sqlcrudtest-3596\",\r\n      \"type\": \"Microsoft.KeyVault/vaults\",\r\n      \"location\": \"westeurope\",\r\n      \"tags\": {}\r\n    },\r\n    {\r\n      \"id\": \"/subscriptions/a8c9a924-06c0-4bde-9788-e7b1370969e1/resourceGroups/MlAndzic_RG/providers/Microsoft.KeyVault/vaults/sqlcrudtest-4798\",\r\n      \"name\": \"sqlcrudtest-4798\",\r\n      \"type\": \"Microsoft.KeyVault/vaults\",\r\n      \"location\": \"westeurope\",\r\n      \"tags\": {}\r\n    },\r\n    {\r\n      \"id\": \"/subscriptions/a8c9a924-06c0-4bde-9788-e7b1370969e1/resourceGroups/MlAndzic_RG/providers/Microsoft.KeyVault/vaults/sqlcrudtest-8272\",\r\n      \"name\": \"sqlcrudtest-8272\",\r\n      \"type\": \"Microsoft.KeyVault/vaults\",\r\n      \"location\": \"westeurope\",\r\n      \"tags\": {}\r\n    },\r\n    {\r\n      \"id\": \"/subscriptions/a8c9a924-06c0-4bde-9788-e7b1370969e1/resourceGroups/MlAndzic_RG/providers/Microsoft.KeyVault/vaults/sqlcrudtest-8705\",\r\n      \"name\": \"sqlcrudtest-8705\",\r\n      \"type\": \"Microsoft.KeyVault/vaults\",\r\n      \"location\": \"westeurope\",\r\n      \"tags\": {}\r\n    },\r\n    {\r\n      \"id\": \"/subscriptions/a8c9a924-06c0-4bde-9788-e7b1370969e1/resourceGroups/MlAndzic_RG/providers/Microsoft.KeyVault/vaults/sqlcrudtest-8925\",\r\n      \"name\": \"sqlcrudtest-8925\",\r\n      \"type\": \"Microsoft.KeyVault/vaults\",\r\n      \"location\": \"westeurope\",\r\n      \"tags\": {}\r\n    },\r\n    {\r\n      \"id\": \"/subscriptions/a8c9a924-06c0-4bde-9788-e7b1370969e1/resourceGroups/MlAndzic_RG/providers/Microsoft.KeyVault/vaults/sqlcrudtest-9016\",\r\n      \"name\": \"sqlcrudtest-9016\",\r\n      \"type\": \"Microsoft.KeyVault/vaults\",\r\n      \"location\": \"westeurope\",\r\n      \"tags\": {}\r\n    },\r\n    {\r\n      \"id\": \"/subscriptions/a8c9a924-06c0-4bde-9788-e7b1370969e1/resourceGroups/MlAndzic_RG/providers/Microsoft.KeyVault/vaults/sqlcrudtest-9490\",\r\n      \"name\": \"sqlcrudtest-9490\",\r\n      \"type\": \"Microsoft.KeyVault/vaults\",\r\n      \"location\": \"westeurope\",\r\n      \"tags\": {}\r\n    },\r\n    {\r\n      \"id\": \"/subscriptions/a8c9a924-06c0-4bde-9788-e7b1370969e1/resourceGroups/MlAndzic_RG/providers/Microsoft.KeyVault/vaults/sqlcrudtest-9538\",\r\n      \"name\": \"sqlcrudtest-9538\",\r\n      \"type\": \"Microsoft.KeyVault/vaults\",\r\n      \"location\": \"centralus\",\r\n      \"tags\": {}\r\n    },\r\n    {\r\n      \"id\": \"/subscriptions/a8c9a924-06c0-4bde-9788-e7b1370969e1/resourceGroups/MlAndzic_RG/providers/Microsoft.KeyVault/vaults/SSRS-Demo-MI\",\r\n      \"name\": \"SSRS-Demo-MI\",\r\n      \"type\": \"Microsoft.KeyVault/vaults\",\r\n      \"location\": \"westus\",\r\n      \"tags\": {}\r\n    },\r\n    {\r\n      \"id\": \"/subscriptions/a8c9a924-06c0-4bde-9788-e7b1370969e1/resourceGroups/MlAndzic_RG/providers/Microsoft.KeyVault/vaults/testinkv\",\r\n      \"name\": \"testinkv\",\r\n      \"type\": \"Microsoft.KeyVault/vaults\",\r\n      \"location\": \"westeurope\",\r\n      \"tags\": {}\r\n    },\r\n    {\r\n      \"id\": \"/subscriptions/a8c9a924-06c0-4bde-9788-e7b1370969e1/resourceGroups/restore-rg/providers/Microsoft.KeyVault/vaults/brKeyVault-wus\",\r\n      \"name\": \"brKeyVault-wus\",\r\n      \"type\": \"Microsoft.KeyVault/vaults\",\r\n      \"location\": \"westus\",\r\n      \"tags\": {}\r\n    },\r\n    {\r\n      \"id\": \"/subscriptions/a8c9a924-06c0-4bde-9788-e7b1370969e1/resourceGroups/sqlcrudtest-4832/providers/Microsoft.KeyVault/vaults/sqlcrudtest-3067\",\r\n      \"name\": \"sqlcrudtest-3067\",\r\n      \"type\": \"Microsoft.KeyVault/vaults\",\r\n      \"location\": \"westeurope\",\r\n      \"tags\": {}\r\n    },\r\n    {\r\n      \"id\": \"/subscriptions/a8c9a924-06c0-4bde-9788-e7b1370969e1/resourceGroups/srki_test/providers/Microsoft.KeyVault/vaults/mipeptestkv\",\r\n      \"name\": \"mipeptestkv\",\r\n      \"type\": \"Microsoft.KeyVault/vaults\",\r\n      \"location\": \"northeurope\",\r\n      \"tags\": {}\r\n    },\r\n    {\r\n      \"id\": \"/subscriptions/a8c9a924-06c0-4bde-9788-e7b1370969e1/resourceGroups/tdeakvmi/providers/Microsoft.KeyVault/vaults/akvtdekeyvaultcl\",\r\n      \"name\": \"akvtdekeyvaultcl\",\r\n      \"type\": \"Microsoft.KeyVault/vaults\",\r\n      \"location\": \"westcentralus\",\r\n      \"tags\": {}\r\n    },\r\n    {\r\n      \"id\": \"/subscriptions/a8c9a924-06c0-4bde-9788-e7b1370969e1/resourceGroups/tdeakvmi/providers/Microsoft.KeyVault/vaults/KVTDEmivuci\",\r\n      \"name\": \"KVTDEmivuci\",\r\n      \"type\": \"Microsoft.KeyVault/vaults\",\r\n      \"location\": \"westcentralus\",\r\n      \"tags\": {}\r\n    },\r\n    {\r\n      \"id\": \"/subscriptions/a8c9a924-06c0-4bde-9788-e7b1370969e1/resourceGroups/tdeakvmi/providers/Microsoft.KeyVault/vaults/tdeakvmi1\",\r\n      \"name\": \"tdeakvmi1\",\r\n      \"type\": \"Microsoft.KeyVault/vaults\",\r\n      \"location\": \"westcentralus\",\r\n      \"tags\": {}\r\n    },\r\n    {\r\n      \"id\": \"/subscriptions/a8c9a924-06c0-4bde-9788-e7b1370969e1/resourceGroups/tdeakvmi/providers/Microsoft.KeyVault/vaults/tdeakvmivnet\",\r\n      \"name\": \"tdeakvmivnet\",\r\n      \"type\": \"Microsoft.KeyVault/vaults\",\r\n      \"location\": \"westcentralus\",\r\n      \"tags\": {}\r\n    },\r\n    {\r\n      \"id\": \"/subscriptions/a8c9a924-06c0-4bde-9788-e7b1370969e1/resourceGroups/westusmikv/providers/Microsoft.KeyVault/vaults/miakvtdekv\",\r\n      \"name\": \"miakvtdekv\",\r\n      \"type\": \"Microsoft.KeyVault/vaults\",\r\n      \"location\": \"westus\",\r\n      \"tags\": {}\r\n    },\r\n    {\r\n      \"id\": \"/subscriptions/a8c9a924-06c0-4bde-9788-e7b1370969e1/resourceGroups/westusmikv/providers/Microsoft.KeyVault/vaults/westusmikv\",\r\n      \"name\": \"westusmikv\",\r\n      \"type\": \"Microsoft.KeyVault/vaults\",\r\n      \"location\": \"westus\",\r\n      \"tags\": {}\r\n    }\r\n  ]\r\n}",
      "StatusCode": 200
    },
    {
      "RequestUri": "/subscriptions/a8c9a924-06c0-4bde-9788-e7b1370969e1/resourceGroups/tdeakvmi/providers/Microsoft.KeyVault/vaults/akvtdekeyvaultcl?api-version=2018-02-14",
      "EncodedRequestUri": "L3N1YnNjcmlwdGlvbnMvYThjOWE5MjQtMDZjMC00YmRlLTk3ODgtZTdiMTM3MDk2OWUxL3Jlc291cmNlR3JvdXBzL3RkZWFrdm1pL3Byb3ZpZGVycy9NaWNyb3NvZnQuS2V5VmF1bHQvdmF1bHRzL2FrdnRkZWtleXZhdWx0Y2w/YXBpLXZlcnNpb249MjAxOC0wMi0xNA==",
      "RequestMethod": "GET",
      "RequestBody": "",
      "RequestHeaders": {
        "x-ms-client-request-id": [
          "be25aa24-2c22-4a59-8ce4-ec3740e92168"
        ],
        "Accept-Language": [
          "en-US"
        ],
        "User-Agent": [
          "FxVersion/4.6.27414.06",
          "OSName/Windows",
          "OSVersion/Microsoft.Windows.10.0.17763.",
          "Microsoft.Azure.Management.KeyVault.KeyVaultManagementClient/2.4.2.0"
        ]
      },
      "ResponseHeaders": {
        "Cache-Control": [
          "no-cache"
        ],
        "Pragma": [
          "no-cache"
        ],
        "x-ms-keyvault-service-version": [
          "1.1.0.244"
        ],
        "Strict-Transport-Security": [
          "max-age=31536000; includeSubDomains"
        ],
        "X-Content-Type-Options": [
          "nosniff"
        ],
        "Server": [
          "Microsoft-IIS/10.0"
        ],
        "X-AspNet-Version": [
          "4.0.30319"
        ],
        "X-Powered-By": [
          "ASP.NET"
        ],
        "x-ms-ratelimit-remaining-subscription-reads": [
          "11990"
        ],
        "x-ms-request-id": [
          "8d9b46ab-eaa4-47ba-ab64-d9edcfaa166e"
        ],
        "x-ms-correlation-request-id": [
          "8d9b46ab-eaa4-47ba-ab64-d9edcfaa166e"
        ],
        "x-ms-routing-request-id": [
          "WESTUS2:20190530T204538Z:8d9b46ab-eaa4-47ba-ab64-d9edcfaa166e"
        ],
        "Date": [
          "Thu, 30 May 2019 20:45:38 GMT"
        ],
        "Content-Length": [
          "7219"
        ],
        "Content-Type": [
          "application/json; charset=utf-8"
        ],
        "Expires": [
          "-1"
        ]
      },
      "ResponseBody": "{\r\n  \"id\": \"/subscriptions/a8c9a924-06c0-4bde-9788-e7b1370969e1/resourceGroups/tdeakvmi/providers/Microsoft.KeyVault/vaults/akvtdekeyvaultcl\",\r\n  \"name\": \"akvtdekeyvaultcl\",\r\n  \"type\": \"Microsoft.KeyVault/vaults\",\r\n  \"location\": \"westcentralus\",\r\n  \"tags\": {},\r\n  \"properties\": {\r\n    \"sku\": {\r\n      \"family\": \"A\",\r\n      \"name\": \"standard\"\r\n    },\r\n    \"tenantId\": \"72f988bf-86f1-41af-91ab-2d7cd011db47\",\r\n    \"accessPolicies\": [\r\n      {\r\n        \"tenantId\": \"72f988bf-86f1-41af-91ab-2d7cd011db47\",\r\n        \"objectId\": \"a24e8f98-32de-4b91-98dc-6c2ea446e791\",\r\n        \"permissions\": {\r\n          \"keys\": [\r\n            \"Get\",\r\n            \"List\",\r\n            \"Update\",\r\n            \"Create\",\r\n            \"Import\",\r\n            \"Delete\",\r\n            \"Recover\",\r\n            \"Backup\",\r\n            \"Restore\"\r\n          ],\r\n          \"secrets\": [\r\n            \"Get\",\r\n            \"List\",\r\n            \"Set\",\r\n            \"Delete\",\r\n            \"Recover\",\r\n            \"Backup\",\r\n            \"Restore\"\r\n          ],\r\n          \"certificates\": [\r\n            \"Get\",\r\n            \"List\",\r\n            \"Update\",\r\n            \"Create\",\r\n            \"Import\",\r\n            \"Delete\",\r\n            \"Recover\",\r\n            \"Backup\",\r\n            \"Restore\",\r\n            \"ManageContacts\",\r\n            \"ManageIssuers\",\r\n            \"GetIssuers\",\r\n            \"ListIssuers\",\r\n            \"SetIssuers\",\r\n            \"DeleteIssuers\"\r\n          ],\r\n          \"storage\": []\r\n        }\r\n      },\r\n      {\r\n        \"tenantId\": \"72f988bf-86f1-41af-91ab-2d7cd011db47\",\r\n        \"objectId\": \"6f172efe-4d1b-4c8c-b54c-68a8eef5ae09\",\r\n        \"permissions\": {\r\n          \"keys\": [\r\n            \"get\",\r\n            \"list\",\r\n            \"wrapKey\",\r\n            \"unwrapKey\"\r\n          ],\r\n          \"secrets\": [],\r\n          \"certificates\": [],\r\n          \"storage\": []\r\n        }\r\n      },\r\n      {\r\n        \"tenantId\": \"72f988bf-86f1-41af-91ab-2d7cd011db47\",\r\n        \"objectId\": \"fd536fdd-f178-4a8e-a338-a111ff881da8\",\r\n        \"permissions\": {\r\n          \"keys\": [\r\n            \"get\",\r\n            \"list\",\r\n            \"wrapKey\",\r\n            \"unwrapKey\"\r\n          ],\r\n          \"secrets\": [],\r\n          \"certificates\": [],\r\n          \"storage\": []\r\n        }\r\n      },\r\n      {\r\n        \"tenantId\": \"72f988bf-86f1-41af-91ab-2d7cd011db47\",\r\n        \"objectId\": \"2c0cd68b-eaf9-4417-b82e-83e78f1c8229\",\r\n        \"permissions\": {\r\n          \"keys\": [\r\n            \"get\",\r\n            \"list\",\r\n            \"wrapKey\",\r\n            \"unwrapKey\"\r\n          ],\r\n          \"secrets\": [],\r\n          \"certificates\": [],\r\n          \"storage\": []\r\n        }\r\n      },\r\n      {\r\n        \"tenantId\": \"72f988bf-86f1-41af-91ab-2d7cd011db47\",\r\n        \"objectId\": \"18430c93-85b6-4b75-9a6a-b618711e7a37\",\r\n        \"permissions\": {\r\n          \"keys\": [\r\n            \"get\",\r\n            \"list\",\r\n            \"wrapKey\",\r\n            \"unwrapKey\"\r\n          ],\r\n          \"secrets\": [],\r\n          \"certificates\": [],\r\n          \"storage\": []\r\n        }\r\n      },\r\n      {\r\n        \"tenantId\": \"72f988bf-86f1-41af-91ab-2d7cd011db47\",\r\n        \"objectId\": \"ca7a98ab-6615-4540-ad31-fa0bcdc17604\",\r\n        \"permissions\": {\r\n          \"keys\": [\r\n            \"get\",\r\n            \"list\",\r\n            \"wrapKey\",\r\n            \"unwrapKey\"\r\n          ],\r\n          \"secrets\": [],\r\n          \"certificates\": [],\r\n          \"storage\": []\r\n        }\r\n      },\r\n      {\r\n        \"tenantId\": \"72f988bf-86f1-41af-91ab-2d7cd011db47\",\r\n        \"objectId\": \"949dd2de-c38c-4fdb-954c-a4c90f57adb5\",\r\n        \"permissions\": {\r\n          \"keys\": [\r\n            \"get\",\r\n            \"list\",\r\n            \"wrapKey\",\r\n            \"unwrapKey\"\r\n          ],\r\n          \"secrets\": [],\r\n          \"certificates\": [],\r\n          \"storage\": []\r\n        }\r\n      },\r\n      {\r\n        \"tenantId\": \"72f988bf-86f1-41af-91ab-2d7cd011db47\",\r\n        \"objectId\": \"9ecdcd5d-963b-4222-a953-26b46869dd84\",\r\n        \"permissions\": {\r\n          \"keys\": [\r\n            \"get\",\r\n            \"list\",\r\n            \"wrapKey\",\r\n            \"unwrapKey\"\r\n          ],\r\n          \"secrets\": [],\r\n          \"certificates\": [],\r\n          \"storage\": []\r\n        }\r\n      },\r\n      {\r\n        \"tenantId\": \"72f988bf-86f1-41af-91ab-2d7cd011db47\",\r\n        \"objectId\": \"f5ec0212-4ed6-4a71-beb0-66a743647966\",\r\n        \"permissions\": {\r\n          \"keys\": [\r\n            \"get\",\r\n            \"list\",\r\n            \"wrapKey\",\r\n            \"unwrapKey\"\r\n          ],\r\n          \"secrets\": [],\r\n          \"certificates\": [],\r\n          \"storage\": []\r\n        }\r\n      },\r\n      {\r\n        \"tenantId\": \"72f988bf-86f1-41af-91ab-2d7cd011db47\",\r\n        \"objectId\": \"b7030289-11fa-46d1-88f1-945c3225249a\",\r\n        \"permissions\": {\r\n          \"keys\": [\r\n            \"get\",\r\n            \"list\",\r\n            \"wrapKey\",\r\n            \"unwrapKey\"\r\n          ],\r\n          \"secrets\": [],\r\n          \"certificates\": [],\r\n          \"storage\": []\r\n        }\r\n      },\r\n      {\r\n        \"tenantId\": \"72f988bf-86f1-41af-91ab-2d7cd011db47\",\r\n        \"objectId\": \"80277513-f450-42fc-bcb0-75704541dc6c\",\r\n        \"permissions\": {\r\n          \"keys\": [\r\n            \"get\",\r\n            \"list\",\r\n            \"wrapKey\",\r\n            \"unwrapKey\"\r\n          ],\r\n          \"secrets\": [],\r\n          \"certificates\": [],\r\n          \"storage\": []\r\n        }\r\n      },\r\n      {\r\n        \"tenantId\": \"72f988bf-86f1-41af-91ab-2d7cd011db47\",\r\n        \"objectId\": \"8efec222-bc33-44eb-8ea0-2f6d52f48972\",\r\n        \"permissions\": {\r\n          \"keys\": [\r\n            \"get\",\r\n            \"list\",\r\n            \"wrapKey\",\r\n            \"unwrapKey\"\r\n          ],\r\n          \"secrets\": [],\r\n          \"certificates\": [],\r\n          \"storage\": []\r\n        }\r\n      },\r\n      {\r\n        \"tenantId\": \"72f988bf-86f1-41af-91ab-2d7cd011db47\",\r\n        \"objectId\": \"2a84c07b-a834-4dea-a335-66e49ebbecb6\",\r\n        \"permissions\": {\r\n          \"keys\": [\r\n            \"get\",\r\n            \"list\",\r\n            \"wrapKey\",\r\n            \"unwrapKey\"\r\n          ],\r\n          \"secrets\": [],\r\n          \"certificates\": [],\r\n          \"storage\": []\r\n        }\r\n      },\r\n      {\r\n        \"tenantId\": \"72f988bf-86f1-41af-91ab-2d7cd011db47\",\r\n        \"objectId\": \"8884bf8f-27a2-49b5-a0de-a05d85b64d32\",\r\n        \"permissions\": {\r\n          \"keys\": [\r\n            \"get\",\r\n            \"list\",\r\n            \"wrapKey\",\r\n            \"unwrapKey\"\r\n          ],\r\n          \"secrets\": [],\r\n          \"certificates\": [],\r\n          \"storage\": []\r\n        }\r\n      },\r\n      {\r\n        \"tenantId\": \"72f988bf-86f1-41af-91ab-2d7cd011db47\",\r\n        \"objectId\": \"8ca1bb11-f19c-4ad1-b233-48cdc9f5668e\",\r\n        \"permissions\": {\r\n          \"keys\": [\r\n            \"get\",\r\n            \"list\",\r\n            \"wrapKey\",\r\n            \"unwrapKey\"\r\n          ],\r\n          \"secrets\": [],\r\n          \"certificates\": [],\r\n          \"storage\": []\r\n        }\r\n      },\r\n      {\r\n        \"tenantId\": \"72f988bf-86f1-41af-91ab-2d7cd011db47\",\r\n        \"objectId\": \"f567737b-470f-4c5c-a040-fddc863196f4\",\r\n        \"permissions\": {\r\n          \"keys\": [\r\n            \"get\",\r\n            \"list\",\r\n            \"wrapKey\",\r\n            \"unwrapKey\"\r\n          ],\r\n          \"secrets\": [],\r\n          \"certificates\": [],\r\n          \"storage\": []\r\n        }\r\n      },\r\n      {\r\n        \"tenantId\": \"72f988bf-86f1-41af-91ab-2d7cd011db47\",\r\n        \"objectId\": \"ef1466b5-03a1-4b82-b190-d5653f31d0f7\",\r\n        \"permissions\": {\r\n          \"keys\": [\r\n            \"get\",\r\n            \"list\",\r\n            \"wrapKey\",\r\n            \"unwrapKey\"\r\n          ],\r\n          \"secrets\": [],\r\n          \"certificates\": [],\r\n          \"storage\": []\r\n        }\r\n      },\r\n      {\r\n        \"tenantId\": \"72f988bf-86f1-41af-91ab-2d7cd011db47\",\r\n        \"objectId\": \"e279a367-927f-402b-9726-219c6e5ee65b\",\r\n        \"permissions\": {\r\n          \"keys\": [\r\n            \"get\",\r\n            \"list\",\r\n            \"wrapKey\",\r\n            \"unwrapKey\"\r\n          ],\r\n          \"secrets\": [],\r\n          \"certificates\": [],\r\n          \"storage\": []\r\n        }\r\n      },\r\n      {\r\n        \"tenantId\": \"72f988bf-86f1-41af-91ab-2d7cd011db47\",\r\n        \"objectId\": \"103e31d0-9555-46ce-9403-cb1d2c1e98a3\",\r\n        \"permissions\": {\r\n          \"keys\": [\r\n            \"get\",\r\n            \"list\",\r\n            \"wrapKey\",\r\n            \"unwrapKey\"\r\n          ],\r\n          \"secrets\": [],\r\n          \"certificates\": [],\r\n          \"storage\": []\r\n        }\r\n      },\r\n      {\r\n        \"tenantId\": \"72f988bf-86f1-41af-91ab-2d7cd011db47\",\r\n        \"objectId\": \"ca3aa115-6e5a-4291-be05-aedee1cca372\",\r\n        \"permissions\": {\r\n          \"keys\": [\r\n            \"get\",\r\n            \"list\",\r\n            \"wrapKey\",\r\n            \"unwrapKey\"\r\n          ],\r\n          \"secrets\": [],\r\n          \"certificates\": [],\r\n          \"storage\": []\r\n        }\r\n      },\r\n      {\r\n        \"tenantId\": \"72f988bf-86f1-41af-91ab-2d7cd011db47\",\r\n        \"objectId\": \"67cbcedb-2647-489b-a16c-2436156d3269\",\r\n        \"permissions\": {\r\n          \"keys\": [\r\n            \"get\",\r\n            \"list\",\r\n            \"wrapKey\",\r\n            \"unwrapKey\"\r\n          ],\r\n          \"secrets\": [],\r\n          \"certificates\": [],\r\n          \"storage\": []\r\n        }\r\n      },\r\n      {\r\n        \"tenantId\": \"72f988bf-86f1-41af-91ab-2d7cd011db47\",\r\n        \"objectId\": \"74c6f313-ff50-4469-97bf-36b2e8c2fd4f\",\r\n        \"permissions\": {\r\n          \"keys\": [\r\n            \"get\",\r\n            \"list\",\r\n            \"wrapKey\",\r\n            \"unwrapKey\"\r\n          ],\r\n          \"secrets\": [],\r\n          \"certificates\": [],\r\n          \"storage\": []\r\n        }\r\n      },\r\n      {\r\n        \"tenantId\": \"72f988bf-86f1-41af-91ab-2d7cd011db47\",\r\n        \"objectId\": \"b1defe4e-8d6c-4992-915c-ddead8756981\",\r\n        \"permissions\": {\r\n          \"keys\": [\r\n            \"get\",\r\n            \"list\",\r\n            \"wrapKey\",\r\n            \"unwrapKey\"\r\n          ],\r\n          \"secrets\": [],\r\n          \"certificates\": [],\r\n          \"storage\": []\r\n        }\r\n      },\r\n      {\r\n        \"tenantId\": \"72f988bf-86f1-41af-91ab-2d7cd011db47\",\r\n        \"objectId\": \"2a86a746-00ed-45af-9fb9-35327c7cb6a5\",\r\n        \"permissions\": {\r\n          \"keys\": [\r\n            \"get\",\r\n            \"list\",\r\n            \"wrapKey\",\r\n            \"unwrapKey\"\r\n          ],\r\n          \"secrets\": [],\r\n          \"certificates\": [],\r\n          \"storage\": []\r\n        }\r\n      },\r\n      {\r\n        \"tenantId\": \"72f988bf-86f1-41af-91ab-2d7cd011db47\",\r\n        \"objectId\": \"423f8122-f53a-4bb7-add1-bbf6e099f068\",\r\n        \"permissions\": {\r\n          \"keys\": [\r\n            \"get\",\r\n            \"list\",\r\n            \"wrapKey\",\r\n            \"unwrapKey\"\r\n          ],\r\n          \"secrets\": [],\r\n          \"certificates\": [],\r\n          \"storage\": []\r\n        }\r\n      },\r\n      {\r\n        \"tenantId\": \"72f988bf-86f1-41af-91ab-2d7cd011db47\",\r\n        \"objectId\": \"a189a622-5203-4ef3-892a-4c98c1cd42d3\",\r\n        \"permissions\": {\r\n          \"keys\": [\r\n            \"get\",\r\n            \"list\",\r\n            \"wrapKey\",\r\n            \"unwrapKey\"\r\n          ],\r\n          \"secrets\": [],\r\n          \"certificates\": [],\r\n          \"storage\": []\r\n        }\r\n      },\r\n      {\r\n        \"tenantId\": \"72f988bf-86f1-41af-91ab-2d7cd011db47\",\r\n        \"objectId\": \"7c4b738e-b06d-429c-8ef2-e66f0a79596d\",\r\n        \"permissions\": {\r\n          \"keys\": [\r\n            \"get\",\r\n            \"list\",\r\n            \"wrapKey\",\r\n            \"unwrapKey\"\r\n          ],\r\n          \"secrets\": [],\r\n          \"certificates\": [],\r\n          \"storage\": []\r\n        }\r\n      },\r\n      {\r\n        \"tenantId\": \"72f988bf-86f1-41af-91ab-2d7cd011db47\",\r\n        \"objectId\": \"75bb489a-5827-49ff-9b94-493f65e7f3e4\",\r\n        \"permissions\": {\r\n          \"keys\": [\r\n            \"get\",\r\n            \"list\",\r\n            \"wrapKey\",\r\n            \"unwrapKey\"\r\n          ],\r\n          \"secrets\": [],\r\n          \"certificates\": [],\r\n          \"storage\": []\r\n        }\r\n      },\r\n      {\r\n        \"tenantId\": \"72f988bf-86f1-41af-91ab-2d7cd011db47\",\r\n        \"objectId\": \"f3eecc2d-ddcc-40e1-b1c3-56ecb2a8fab0\",\r\n        \"permissions\": {\r\n          \"keys\": [\r\n            \"get\",\r\n            \"list\",\r\n            \"wrapKey\",\r\n            \"unwrapKey\"\r\n          ],\r\n          \"secrets\": [],\r\n          \"certificates\": [],\r\n          \"storage\": []\r\n        }\r\n      },\r\n      {\r\n        \"tenantId\": \"72f988bf-86f1-41af-91ab-2d7cd011db47\",\r\n        \"objectId\": \"54d9860b-5aec-4e1f-9410-7583349535f0\",\r\n        \"permissions\": {\r\n          \"keys\": [\r\n            \"get\",\r\n            \"list\",\r\n            \"wrapKey\",\r\n            \"unwrapKey\"\r\n          ],\r\n          \"secrets\": [],\r\n          \"certificates\": [],\r\n          \"storage\": []\r\n        }\r\n      },\r\n      {\r\n        \"tenantId\": \"72f988bf-86f1-41af-91ab-2d7cd011db47\",\r\n        \"objectId\": \"39fcb9f2-fca2-4fa2-b2dc-747dcb4365ae\",\r\n        \"permissions\": {\r\n          \"keys\": [\r\n            \"get\",\r\n            \"list\",\r\n            \"wrapKey\",\r\n            \"unwrapKey\"\r\n          ],\r\n          \"secrets\": [],\r\n          \"certificates\": [],\r\n          \"storage\": []\r\n        }\r\n      }\r\n    ],\r\n    \"enabledForDeployment\": false,\r\n    \"enabledForDiskEncryption\": false,\r\n    \"enabledForTemplateDeployment\": false,\r\n    \"enableSoftDelete\": true,\r\n    \"vaultUri\": \"https://akvtdekeyvaultcl.vault.azure.net/\",\r\n    \"provisioningState\": \"Succeeded\"\r\n  }\r\n}",
      "StatusCode": 200
    },
    {
      "RequestUri": "/subscriptions/a8c9a924-06c0-4bde-9788-e7b1370969e1/resourceGroups/tdeakvmi/providers/Microsoft.KeyVault/vaults/akvtdekeyvaultcl?api-version=2018-02-14",
      "EncodedRequestUri": "L3N1YnNjcmlwdGlvbnMvYThjOWE5MjQtMDZjMC00YmRlLTk3ODgtZTdiMTM3MDk2OWUxL3Jlc291cmNlR3JvdXBzL3RkZWFrdm1pL3Byb3ZpZGVycy9NaWNyb3NvZnQuS2V5VmF1bHQvdmF1bHRzL2FrdnRkZWtleXZhdWx0Y2w/YXBpLXZlcnNpb249MjAxOC0wMi0xNA==",
      "RequestMethod": "PUT",
      "RequestBody": "{\r\n  \"location\": \"westcentralus\",\r\n  \"tags\": {},\r\n  \"properties\": {\r\n    \"tenantId\": \"72f988bf-86f1-41af-91ab-2d7cd011db47\",\r\n    \"sku\": {\r\n      \"name\": \"standard\",\r\n      \"family\": \"A\"\r\n    },\r\n    \"accessPolicies\": [\r\n      {\r\n        \"tenantId\": \"72f988bf-86f1-41af-91ab-2d7cd011db47\",\r\n        \"objectId\": \"a24e8f98-32de-4b91-98dc-6c2ea446e791\",\r\n        \"permissions\": {\r\n          \"keys\": [\r\n            \"Get\",\r\n            \"List\",\r\n            \"Update\",\r\n            \"Create\",\r\n            \"Import\",\r\n            \"Delete\",\r\n            \"Recover\",\r\n            \"Backup\",\r\n            \"Restore\"\r\n          ],\r\n          \"secrets\": [\r\n            \"Get\",\r\n            \"List\",\r\n            \"Set\",\r\n            \"Delete\",\r\n            \"Recover\",\r\n            \"Backup\",\r\n            \"Restore\"\r\n          ],\r\n          \"certificates\": [\r\n            \"Get\",\r\n            \"List\",\r\n            \"Update\",\r\n            \"Create\",\r\n            \"Import\",\r\n            \"Delete\",\r\n            \"Recover\",\r\n            \"Backup\",\r\n            \"Restore\",\r\n            \"ManageContacts\",\r\n            \"ManageIssuers\",\r\n            \"GetIssuers\",\r\n            \"ListIssuers\",\r\n            \"SetIssuers\",\r\n            \"DeleteIssuers\"\r\n          ],\r\n          \"storage\": []\r\n        }\r\n      },\r\n      {\r\n        \"tenantId\": \"72f988bf-86f1-41af-91ab-2d7cd011db47\",\r\n        \"objectId\": \"6f172efe-4d1b-4c8c-b54c-68a8eef5ae09\",\r\n        \"permissions\": {\r\n          \"keys\": [\r\n            \"get\",\r\n            \"list\",\r\n            \"wrapKey\",\r\n            \"unwrapKey\"\r\n          ],\r\n          \"secrets\": [],\r\n          \"certificates\": [],\r\n          \"storage\": []\r\n        }\r\n      },\r\n      {\r\n        \"tenantId\": \"72f988bf-86f1-41af-91ab-2d7cd011db47\",\r\n        \"objectId\": \"fd536fdd-f178-4a8e-a338-a111ff881da8\",\r\n        \"permissions\": {\r\n          \"keys\": [\r\n            \"get\",\r\n            \"list\",\r\n            \"wrapKey\",\r\n            \"unwrapKey\"\r\n          ],\r\n          \"secrets\": [],\r\n          \"certificates\": [],\r\n          \"storage\": []\r\n        }\r\n      },\r\n      {\r\n        \"tenantId\": \"72f988bf-86f1-41af-91ab-2d7cd011db47\",\r\n        \"objectId\": \"2c0cd68b-eaf9-4417-b82e-83e78f1c8229\",\r\n        \"permissions\": {\r\n          \"keys\": [\r\n            \"get\",\r\n            \"list\",\r\n            \"wrapKey\",\r\n            \"unwrapKey\"\r\n          ],\r\n          \"secrets\": [],\r\n          \"certificates\": [],\r\n          \"storage\": []\r\n        }\r\n      },\r\n      {\r\n        \"tenantId\": \"72f988bf-86f1-41af-91ab-2d7cd011db47\",\r\n        \"objectId\": \"18430c93-85b6-4b75-9a6a-b618711e7a37\",\r\n        \"permissions\": {\r\n          \"keys\": [\r\n            \"get\",\r\n            \"list\",\r\n            \"wrapKey\",\r\n            \"unwrapKey\"\r\n          ],\r\n          \"secrets\": [],\r\n          \"certificates\": [],\r\n          \"storage\": []\r\n        }\r\n      },\r\n      {\r\n        \"tenantId\": \"72f988bf-86f1-41af-91ab-2d7cd011db47\",\r\n        \"objectId\": \"ca7a98ab-6615-4540-ad31-fa0bcdc17604\",\r\n        \"permissions\": {\r\n          \"keys\": [\r\n            \"get\",\r\n            \"list\",\r\n            \"wrapKey\",\r\n            \"unwrapKey\"\r\n          ],\r\n          \"secrets\": [],\r\n          \"certificates\": [],\r\n          \"storage\": []\r\n        }\r\n      },\r\n      {\r\n        \"tenantId\": \"72f988bf-86f1-41af-91ab-2d7cd011db47\",\r\n        \"objectId\": \"949dd2de-c38c-4fdb-954c-a4c90f57adb5\",\r\n        \"permissions\": {\r\n          \"keys\": [\r\n            \"get\",\r\n            \"list\",\r\n            \"wrapKey\",\r\n            \"unwrapKey\"\r\n          ],\r\n          \"secrets\": [],\r\n          \"certificates\": [],\r\n          \"storage\": []\r\n        }\r\n      },\r\n      {\r\n        \"tenantId\": \"72f988bf-86f1-41af-91ab-2d7cd011db47\",\r\n        \"objectId\": \"9ecdcd5d-963b-4222-a953-26b46869dd84\",\r\n        \"permissions\": {\r\n          \"keys\": [\r\n            \"get\",\r\n            \"list\",\r\n            \"wrapKey\",\r\n            \"unwrapKey\"\r\n          ],\r\n          \"secrets\": [],\r\n          \"certificates\": [],\r\n          \"storage\": []\r\n        }\r\n      },\r\n      {\r\n        \"tenantId\": \"72f988bf-86f1-41af-91ab-2d7cd011db47\",\r\n        \"objectId\": \"f5ec0212-4ed6-4a71-beb0-66a743647966\",\r\n        \"permissions\": {\r\n          \"keys\": [\r\n            \"get\",\r\n            \"list\",\r\n            \"wrapKey\",\r\n            \"unwrapKey\"\r\n          ],\r\n          \"secrets\": [],\r\n          \"certificates\": [],\r\n          \"storage\": []\r\n        }\r\n      },\r\n      {\r\n        \"tenantId\": \"72f988bf-86f1-41af-91ab-2d7cd011db47\",\r\n        \"objectId\": \"b7030289-11fa-46d1-88f1-945c3225249a\",\r\n        \"permissions\": {\r\n          \"keys\": [\r\n            \"get\",\r\n            \"list\",\r\n            \"wrapKey\",\r\n            \"unwrapKey\"\r\n          ],\r\n          \"secrets\": [],\r\n          \"certificates\": [],\r\n          \"storage\": []\r\n        }\r\n      },\r\n      {\r\n        \"tenantId\": \"72f988bf-86f1-41af-91ab-2d7cd011db47\",\r\n        \"objectId\": \"80277513-f450-42fc-bcb0-75704541dc6c\",\r\n        \"permissions\": {\r\n          \"keys\": [\r\n            \"get\",\r\n            \"list\",\r\n            \"wrapKey\",\r\n            \"unwrapKey\"\r\n          ],\r\n          \"secrets\": [],\r\n          \"certificates\": [],\r\n          \"storage\": []\r\n        }\r\n      },\r\n      {\r\n        \"tenantId\": \"72f988bf-86f1-41af-91ab-2d7cd011db47\",\r\n        \"objectId\": \"8efec222-bc33-44eb-8ea0-2f6d52f48972\",\r\n        \"permissions\": {\r\n          \"keys\": [\r\n            \"get\",\r\n            \"list\",\r\n            \"wrapKey\",\r\n            \"unwrapKey\"\r\n          ],\r\n          \"secrets\": [],\r\n          \"certificates\": [],\r\n          \"storage\": []\r\n        }\r\n      },\r\n      {\r\n        \"tenantId\": \"72f988bf-86f1-41af-91ab-2d7cd011db47\",\r\n        \"objectId\": \"2a84c07b-a834-4dea-a335-66e49ebbecb6\",\r\n        \"permissions\": {\r\n          \"keys\": [\r\n            \"get\",\r\n            \"list\",\r\n            \"wrapKey\",\r\n            \"unwrapKey\"\r\n          ],\r\n          \"secrets\": [],\r\n          \"certificates\": [],\r\n          \"storage\": []\r\n        }\r\n      },\r\n      {\r\n        \"tenantId\": \"72f988bf-86f1-41af-91ab-2d7cd011db47\",\r\n        \"objectId\": \"8884bf8f-27a2-49b5-a0de-a05d85b64d32\",\r\n        \"permissions\": {\r\n          \"keys\": [\r\n            \"get\",\r\n            \"list\",\r\n            \"wrapKey\",\r\n            \"unwrapKey\"\r\n          ],\r\n          \"secrets\": [],\r\n          \"certificates\": [],\r\n          \"storage\": []\r\n        }\r\n      },\r\n      {\r\n        \"tenantId\": \"72f988bf-86f1-41af-91ab-2d7cd011db47\",\r\n        \"objectId\": \"8ca1bb11-f19c-4ad1-b233-48cdc9f5668e\",\r\n        \"permissions\": {\r\n          \"keys\": [\r\n            \"get\",\r\n            \"list\",\r\n            \"wrapKey\",\r\n            \"unwrapKey\"\r\n          ],\r\n          \"secrets\": [],\r\n          \"certificates\": [],\r\n          \"storage\": []\r\n        }\r\n      },\r\n      {\r\n        \"tenantId\": \"72f988bf-86f1-41af-91ab-2d7cd011db47\",\r\n        \"objectId\": \"f567737b-470f-4c5c-a040-fddc863196f4\",\r\n        \"permissions\": {\r\n          \"keys\": [\r\n            \"get\",\r\n            \"list\",\r\n            \"wrapKey\",\r\n            \"unwrapKey\"\r\n          ],\r\n          \"secrets\": [],\r\n          \"certificates\": [],\r\n          \"storage\": []\r\n        }\r\n      },\r\n      {\r\n        \"tenantId\": \"72f988bf-86f1-41af-91ab-2d7cd011db47\",\r\n        \"objectId\": \"ef1466b5-03a1-4b82-b190-d5653f31d0f7\",\r\n        \"permissions\": {\r\n          \"keys\": [\r\n            \"get\",\r\n            \"list\",\r\n            \"wrapKey\",\r\n            \"unwrapKey\"\r\n          ],\r\n          \"secrets\": [],\r\n          \"certificates\": [],\r\n          \"storage\": []\r\n        }\r\n      },\r\n      {\r\n        \"tenantId\": \"72f988bf-86f1-41af-91ab-2d7cd011db47\",\r\n        \"objectId\": \"e279a367-927f-402b-9726-219c6e5ee65b\",\r\n        \"permissions\": {\r\n          \"keys\": [\r\n            \"get\",\r\n            \"list\",\r\n            \"wrapKey\",\r\n            \"unwrapKey\"\r\n          ],\r\n          \"secrets\": [],\r\n          \"certificates\": [],\r\n          \"storage\": []\r\n        }\r\n      },\r\n      {\r\n        \"tenantId\": \"72f988bf-86f1-41af-91ab-2d7cd011db47\",\r\n        \"objectId\": \"103e31d0-9555-46ce-9403-cb1d2c1e98a3\",\r\n        \"permissions\": {\r\n          \"keys\": [\r\n            \"get\",\r\n            \"list\",\r\n            \"wrapKey\",\r\n            \"unwrapKey\"\r\n          ],\r\n          \"secrets\": [],\r\n          \"certificates\": [],\r\n          \"storage\": []\r\n        }\r\n      },\r\n      {\r\n        \"tenantId\": \"72f988bf-86f1-41af-91ab-2d7cd011db47\",\r\n        \"objectId\": \"ca3aa115-6e5a-4291-be05-aedee1cca372\",\r\n        \"permissions\": {\r\n          \"keys\": [\r\n            \"get\",\r\n            \"list\",\r\n            \"wrapKey\",\r\n            \"unwrapKey\"\r\n          ],\r\n          \"secrets\": [],\r\n          \"certificates\": [],\r\n          \"storage\": []\r\n        }\r\n      },\r\n      {\r\n        \"tenantId\": \"72f988bf-86f1-41af-91ab-2d7cd011db47\",\r\n        \"objectId\": \"67cbcedb-2647-489b-a16c-2436156d3269\",\r\n        \"permissions\": {\r\n          \"keys\": [\r\n            \"get\",\r\n            \"list\",\r\n            \"wrapKey\",\r\n            \"unwrapKey\"\r\n          ],\r\n          \"secrets\": [],\r\n          \"certificates\": [],\r\n          \"storage\": []\r\n        }\r\n      },\r\n      {\r\n        \"tenantId\": \"72f988bf-86f1-41af-91ab-2d7cd011db47\",\r\n        \"objectId\": \"74c6f313-ff50-4469-97bf-36b2e8c2fd4f\",\r\n        \"permissions\": {\r\n          \"keys\": [\r\n            \"get\",\r\n            \"list\",\r\n            \"wrapKey\",\r\n            \"unwrapKey\"\r\n          ],\r\n          \"secrets\": [],\r\n          \"certificates\": [],\r\n          \"storage\": []\r\n        }\r\n      },\r\n      {\r\n        \"tenantId\": \"72f988bf-86f1-41af-91ab-2d7cd011db47\",\r\n        \"objectId\": \"b1defe4e-8d6c-4992-915c-ddead8756981\",\r\n        \"permissions\": {\r\n          \"keys\": [\r\n            \"get\",\r\n            \"list\",\r\n            \"wrapKey\",\r\n            \"unwrapKey\"\r\n          ],\r\n          \"secrets\": [],\r\n          \"certificates\": [],\r\n          \"storage\": []\r\n        }\r\n      },\r\n      {\r\n        \"tenantId\": \"72f988bf-86f1-41af-91ab-2d7cd011db47\",\r\n        \"objectId\": \"2a86a746-00ed-45af-9fb9-35327c7cb6a5\",\r\n        \"permissions\": {\r\n          \"keys\": [\r\n            \"get\",\r\n            \"list\",\r\n            \"wrapKey\",\r\n            \"unwrapKey\"\r\n          ],\r\n          \"secrets\": [],\r\n          \"certificates\": [],\r\n          \"storage\": []\r\n        }\r\n      },\r\n      {\r\n        \"tenantId\": \"72f988bf-86f1-41af-91ab-2d7cd011db47\",\r\n        \"objectId\": \"423f8122-f53a-4bb7-add1-bbf6e099f068\",\r\n        \"permissions\": {\r\n          \"keys\": [\r\n            \"get\",\r\n            \"list\",\r\n            \"wrapKey\",\r\n            \"unwrapKey\"\r\n          ],\r\n          \"secrets\": [],\r\n          \"certificates\": [],\r\n          \"storage\": []\r\n        }\r\n      },\r\n      {\r\n        \"tenantId\": \"72f988bf-86f1-41af-91ab-2d7cd011db47\",\r\n        \"objectId\": \"a189a622-5203-4ef3-892a-4c98c1cd42d3\",\r\n        \"permissions\": {\r\n          \"keys\": [\r\n            \"get\",\r\n            \"list\",\r\n            \"wrapKey\",\r\n            \"unwrapKey\"\r\n          ],\r\n          \"secrets\": [],\r\n          \"certificates\": [],\r\n          \"storage\": []\r\n        }\r\n      },\r\n      {\r\n        \"tenantId\": \"72f988bf-86f1-41af-91ab-2d7cd011db47\",\r\n        \"objectId\": \"7c4b738e-b06d-429c-8ef2-e66f0a79596d\",\r\n        \"permissions\": {\r\n          \"keys\": [\r\n            \"get\",\r\n            \"list\",\r\n            \"wrapKey\",\r\n            \"unwrapKey\"\r\n          ],\r\n          \"secrets\": [],\r\n          \"certificates\": [],\r\n          \"storage\": []\r\n        }\r\n      },\r\n      {\r\n        \"tenantId\": \"72f988bf-86f1-41af-91ab-2d7cd011db47\",\r\n        \"objectId\": \"75bb489a-5827-49ff-9b94-493f65e7f3e4\",\r\n        \"permissions\": {\r\n          \"keys\": [\r\n            \"get\",\r\n            \"list\",\r\n            \"wrapKey\",\r\n            \"unwrapKey\"\r\n          ],\r\n          \"secrets\": [],\r\n          \"certificates\": [],\r\n          \"storage\": []\r\n        }\r\n      },\r\n      {\r\n        \"tenantId\": \"72f988bf-86f1-41af-91ab-2d7cd011db47\",\r\n        \"objectId\": \"f3eecc2d-ddcc-40e1-b1c3-56ecb2a8fab0\",\r\n        \"permissions\": {\r\n          \"keys\": [\r\n            \"get\",\r\n            \"list\",\r\n            \"wrapKey\",\r\n            \"unwrapKey\"\r\n          ],\r\n          \"secrets\": [],\r\n          \"certificates\": [],\r\n          \"storage\": []\r\n        }\r\n      },\r\n      {\r\n        \"tenantId\": \"72f988bf-86f1-41af-91ab-2d7cd011db47\",\r\n        \"objectId\": \"54d9860b-5aec-4e1f-9410-7583349535f0\",\r\n        \"permissions\": {\r\n          \"keys\": [\r\n            \"get\",\r\n            \"list\",\r\n            \"wrapKey\",\r\n            \"unwrapKey\"\r\n          ],\r\n          \"secrets\": [],\r\n          \"certificates\": [],\r\n          \"storage\": []\r\n        }\r\n      },\r\n      {\r\n        \"tenantId\": \"72f988bf-86f1-41af-91ab-2d7cd011db47\",\r\n        \"objectId\": \"39fcb9f2-fca2-4fa2-b2dc-747dcb4365ae\",\r\n        \"permissions\": {\r\n          \"keys\": [\r\n            \"get\",\r\n            \"list\",\r\n            \"wrapKey\",\r\n            \"unwrapKey\"\r\n          ],\r\n          \"secrets\": [],\r\n          \"certificates\": [],\r\n          \"storage\": []\r\n        }\r\n      },\r\n      {\r\n        \"tenantId\": \"72f988bf-86f1-41af-91ab-2d7cd011db47\",\r\n        \"objectId\": \"8fa97db6-7510-432d-bd85-f03f12284a09\",\r\n        \"permissions\": {\r\n          \"keys\": [\r\n            \"get\",\r\n            \"list\",\r\n            \"wrapKey\",\r\n            \"unwrapKey\"\r\n          ],\r\n          \"secrets\": [],\r\n          \"certificates\": [],\r\n          \"storage\": []\r\n        }\r\n      }\r\n    ],\r\n    \"vaultUri\": \"https://akvtdekeyvaultcl.vault.azure.net/\",\r\n    \"enabledForDeployment\": false,\r\n    \"enabledForDiskEncryption\": false,\r\n    \"enabledForTemplateDeployment\": false,\r\n    \"enableSoftDelete\": true,\r\n    \"networkAcls\": {\r\n      \"bypass\": \"AzureServices\",\r\n      \"defaultAction\": \"Allow\",\r\n      \"ipRules\": [],\r\n      \"virtualNetworkRules\": []\r\n    }\r\n  }\r\n}",
      "RequestHeaders": {
        "x-ms-client-request-id": [
          "2d75d015-6553-4aff-b5e1-5d06f01cd422"
        ],
        "Accept-Language": [
          "en-US"
        ],
        "User-Agent": [
          "FxVersion/4.6.27414.06",
          "OSName/Windows",
          "OSVersion/Microsoft.Windows.10.0.17763.",
          "Microsoft.Azure.Management.KeyVault.KeyVaultManagementClient/2.4.2.0"
        ],
        "Content-Type": [
          "application/json; charset=utf-8"
        ],
        "Content-Length": [
          "13585"
        ]
      },
      "ResponseHeaders": {
        "Cache-Control": [
          "no-cache"
        ],
        "Pragma": [
          "no-cache"
        ],
        "x-ms-keyvault-service-version": [
          "1.1.0.244"
        ],
        "Strict-Transport-Security": [
          "max-age=31536000; includeSubDomains"
        ],
        "X-Content-Type-Options": [
          "nosniff"
        ],
        "Server": [
          "Microsoft-IIS/10.0"
        ],
        "X-AspNet-Version": [
          "4.0.30319"
        ],
        "X-Powered-By": [
          "ASP.NET"
        ],
        "x-ms-ratelimit-remaining-subscription-writes": [
          "1196"
        ],
        "x-ms-request-id": [
          "5c9f10c4-bc98-4735-b316-ff78685771cf"
        ],
        "x-ms-correlation-request-id": [
          "5c9f10c4-bc98-4735-b316-ff78685771cf"
        ],
        "x-ms-routing-request-id": [
          "WESTUS2:20190530T204539Z:5c9f10c4-bc98-4735-b316-ff78685771cf"
        ],
        "Date": [
          "Thu, 30 May 2019 20:45:38 GMT"
        ],
        "Content-Length": [
          "7425"
        ],
        "Content-Type": [
          "application/json; charset=utf-8"
        ],
        "Expires": [
          "-1"
        ]
      },
      "ResponseBody": "{\r\n  \"id\": \"/subscriptions/a8c9a924-06c0-4bde-9788-e7b1370969e1/resourceGroups/tdeakvmi/providers/Microsoft.KeyVault/vaults/akvtdekeyvaultcl\",\r\n  \"name\": \"akvtdekeyvaultcl\",\r\n  \"type\": \"Microsoft.KeyVault/vaults\",\r\n  \"location\": \"westcentralus\",\r\n  \"tags\": {},\r\n  \"properties\": {\r\n    \"sku\": {\r\n      \"family\": \"A\",\r\n      \"name\": \"standard\"\r\n    },\r\n    \"tenantId\": \"72f988bf-86f1-41af-91ab-2d7cd011db47\",\r\n    \"accessPolicies\": [\r\n      {\r\n        \"tenantId\": \"72f988bf-86f1-41af-91ab-2d7cd011db47\",\r\n        \"objectId\": \"a24e8f98-32de-4b91-98dc-6c2ea446e791\",\r\n        \"permissions\": {\r\n          \"keys\": [\r\n            \"Get\",\r\n            \"List\",\r\n            \"Update\",\r\n            \"Create\",\r\n            \"Import\",\r\n            \"Delete\",\r\n            \"Recover\",\r\n            \"Backup\",\r\n            \"Restore\"\r\n          ],\r\n          \"secrets\": [\r\n            \"Get\",\r\n            \"List\",\r\n            \"Set\",\r\n            \"Delete\",\r\n            \"Recover\",\r\n            \"Backup\",\r\n            \"Restore\"\r\n          ],\r\n          \"certificates\": [\r\n            \"Get\",\r\n            \"List\",\r\n            \"Update\",\r\n            \"Create\",\r\n            \"Import\",\r\n            \"Delete\",\r\n            \"Recover\",\r\n            \"Backup\",\r\n            \"Restore\",\r\n            \"ManageContacts\",\r\n            \"ManageIssuers\",\r\n            \"GetIssuers\",\r\n            \"ListIssuers\",\r\n            \"SetIssuers\",\r\n            \"DeleteIssuers\"\r\n          ],\r\n          \"storage\": []\r\n        }\r\n      },\r\n      {\r\n        \"tenantId\": \"72f988bf-86f1-41af-91ab-2d7cd011db47\",\r\n        \"objectId\": \"6f172efe-4d1b-4c8c-b54c-68a8eef5ae09\",\r\n        \"permissions\": {\r\n          \"keys\": [\r\n            \"get\",\r\n            \"list\",\r\n            \"wrapKey\",\r\n            \"unwrapKey\"\r\n          ],\r\n          \"secrets\": [],\r\n          \"certificates\": [],\r\n          \"storage\": []\r\n        }\r\n      },\r\n      {\r\n        \"tenantId\": \"72f988bf-86f1-41af-91ab-2d7cd011db47\",\r\n        \"objectId\": \"fd536fdd-f178-4a8e-a338-a111ff881da8\",\r\n        \"permissions\": {\r\n          \"keys\": [\r\n            \"get\",\r\n            \"list\",\r\n            \"wrapKey\",\r\n            \"unwrapKey\"\r\n          ],\r\n          \"secrets\": [],\r\n          \"certificates\": [],\r\n          \"storage\": []\r\n        }\r\n      },\r\n      {\r\n        \"tenantId\": \"72f988bf-86f1-41af-91ab-2d7cd011db47\",\r\n        \"objectId\": \"2c0cd68b-eaf9-4417-b82e-83e78f1c8229\",\r\n        \"permissions\": {\r\n          \"keys\": [\r\n            \"get\",\r\n            \"list\",\r\n            \"wrapKey\",\r\n            \"unwrapKey\"\r\n          ],\r\n          \"secrets\": [],\r\n          \"certificates\": [],\r\n          \"storage\": []\r\n        }\r\n      },\r\n      {\r\n        \"tenantId\": \"72f988bf-86f1-41af-91ab-2d7cd011db47\",\r\n        \"objectId\": \"18430c93-85b6-4b75-9a6a-b618711e7a37\",\r\n        \"permissions\": {\r\n          \"keys\": [\r\n            \"get\",\r\n            \"list\",\r\n            \"wrapKey\",\r\n            \"unwrapKey\"\r\n          ],\r\n          \"secrets\": [],\r\n          \"certificates\": [],\r\n          \"storage\": []\r\n        }\r\n      },\r\n      {\r\n        \"tenantId\": \"72f988bf-86f1-41af-91ab-2d7cd011db47\",\r\n        \"objectId\": \"ca7a98ab-6615-4540-ad31-fa0bcdc17604\",\r\n        \"permissions\": {\r\n          \"keys\": [\r\n            \"get\",\r\n            \"list\",\r\n            \"wrapKey\",\r\n            \"unwrapKey\"\r\n          ],\r\n          \"secrets\": [],\r\n          \"certificates\": [],\r\n          \"storage\": []\r\n        }\r\n      },\r\n      {\r\n        \"tenantId\": \"72f988bf-86f1-41af-91ab-2d7cd011db47\",\r\n        \"objectId\": \"949dd2de-c38c-4fdb-954c-a4c90f57adb5\",\r\n        \"permissions\": {\r\n          \"keys\": [\r\n            \"get\",\r\n            \"list\",\r\n            \"wrapKey\",\r\n            \"unwrapKey\"\r\n          ],\r\n          \"secrets\": [],\r\n          \"certificates\": [],\r\n          \"storage\": []\r\n        }\r\n      },\r\n      {\r\n        \"tenantId\": \"72f988bf-86f1-41af-91ab-2d7cd011db47\",\r\n        \"objectId\": \"9ecdcd5d-963b-4222-a953-26b46869dd84\",\r\n        \"permissions\": {\r\n          \"keys\": [\r\n            \"get\",\r\n            \"list\",\r\n            \"wrapKey\",\r\n            \"unwrapKey\"\r\n          ],\r\n          \"secrets\": [],\r\n          \"certificates\": [],\r\n          \"storage\": []\r\n        }\r\n      },\r\n      {\r\n        \"tenantId\": \"72f988bf-86f1-41af-91ab-2d7cd011db47\",\r\n        \"objectId\": \"f5ec0212-4ed6-4a71-beb0-66a743647966\",\r\n        \"permissions\": {\r\n          \"keys\": [\r\n            \"get\",\r\n            \"list\",\r\n            \"wrapKey\",\r\n            \"unwrapKey\"\r\n          ],\r\n          \"secrets\": [],\r\n          \"certificates\": [],\r\n          \"storage\": []\r\n        }\r\n      },\r\n      {\r\n        \"tenantId\": \"72f988bf-86f1-41af-91ab-2d7cd011db47\",\r\n        \"objectId\": \"b7030289-11fa-46d1-88f1-945c3225249a\",\r\n        \"permissions\": {\r\n          \"keys\": [\r\n            \"get\",\r\n            \"list\",\r\n            \"wrapKey\",\r\n            \"unwrapKey\"\r\n          ],\r\n          \"secrets\": [],\r\n          \"certificates\": [],\r\n          \"storage\": []\r\n        }\r\n      },\r\n      {\r\n        \"tenantId\": \"72f988bf-86f1-41af-91ab-2d7cd011db47\",\r\n        \"objectId\": \"80277513-f450-42fc-bcb0-75704541dc6c\",\r\n        \"permissions\": {\r\n          \"keys\": [\r\n            \"get\",\r\n            \"list\",\r\n            \"wrapKey\",\r\n            \"unwrapKey\"\r\n          ],\r\n          \"secrets\": [],\r\n          \"certificates\": [],\r\n          \"storage\": []\r\n        }\r\n      },\r\n      {\r\n        \"tenantId\": \"72f988bf-86f1-41af-91ab-2d7cd011db47\",\r\n        \"objectId\": \"8efec222-bc33-44eb-8ea0-2f6d52f48972\",\r\n        \"permissions\": {\r\n          \"keys\": [\r\n            \"get\",\r\n            \"list\",\r\n            \"wrapKey\",\r\n            \"unwrapKey\"\r\n          ],\r\n          \"secrets\": [],\r\n          \"certificates\": [],\r\n          \"storage\": []\r\n        }\r\n      },\r\n      {\r\n        \"tenantId\": \"72f988bf-86f1-41af-91ab-2d7cd011db47\",\r\n        \"objectId\": \"2a84c07b-a834-4dea-a335-66e49ebbecb6\",\r\n        \"permissions\": {\r\n          \"keys\": [\r\n            \"get\",\r\n            \"list\",\r\n            \"wrapKey\",\r\n            \"unwrapKey\"\r\n          ],\r\n          \"secrets\": [],\r\n          \"certificates\": [],\r\n          \"storage\": []\r\n        }\r\n      },\r\n      {\r\n        \"tenantId\": \"72f988bf-86f1-41af-91ab-2d7cd011db47\",\r\n        \"objectId\": \"8884bf8f-27a2-49b5-a0de-a05d85b64d32\",\r\n        \"permissions\": {\r\n          \"keys\": [\r\n            \"get\",\r\n            \"list\",\r\n            \"wrapKey\",\r\n            \"unwrapKey\"\r\n          ],\r\n          \"secrets\": [],\r\n          \"certificates\": [],\r\n          \"storage\": []\r\n        }\r\n      },\r\n      {\r\n        \"tenantId\": \"72f988bf-86f1-41af-91ab-2d7cd011db47\",\r\n        \"objectId\": \"8ca1bb11-f19c-4ad1-b233-48cdc9f5668e\",\r\n        \"permissions\": {\r\n          \"keys\": [\r\n            \"get\",\r\n            \"list\",\r\n            \"wrapKey\",\r\n            \"unwrapKey\"\r\n          ],\r\n          \"secrets\": [],\r\n          \"certificates\": [],\r\n          \"storage\": []\r\n        }\r\n      },\r\n      {\r\n        \"tenantId\": \"72f988bf-86f1-41af-91ab-2d7cd011db47\",\r\n        \"objectId\": \"f567737b-470f-4c5c-a040-fddc863196f4\",\r\n        \"permissions\": {\r\n          \"keys\": [\r\n            \"get\",\r\n            \"list\",\r\n            \"wrapKey\",\r\n            \"unwrapKey\"\r\n          ],\r\n          \"secrets\": [],\r\n          \"certificates\": [],\r\n          \"storage\": []\r\n        }\r\n      },\r\n      {\r\n        \"tenantId\": \"72f988bf-86f1-41af-91ab-2d7cd011db47\",\r\n        \"objectId\": \"ef1466b5-03a1-4b82-b190-d5653f31d0f7\",\r\n        \"permissions\": {\r\n          \"keys\": [\r\n            \"get\",\r\n            \"list\",\r\n            \"wrapKey\",\r\n            \"unwrapKey\"\r\n          ],\r\n          \"secrets\": [],\r\n          \"certificates\": [],\r\n          \"storage\": []\r\n        }\r\n      },\r\n      {\r\n        \"tenantId\": \"72f988bf-86f1-41af-91ab-2d7cd011db47\",\r\n        \"objectId\": \"e279a367-927f-402b-9726-219c6e5ee65b\",\r\n        \"permissions\": {\r\n          \"keys\": [\r\n            \"get\",\r\n            \"list\",\r\n            \"wrapKey\",\r\n            \"unwrapKey\"\r\n          ],\r\n          \"secrets\": [],\r\n          \"certificates\": [],\r\n          \"storage\": []\r\n        }\r\n      },\r\n      {\r\n        \"tenantId\": \"72f988bf-86f1-41af-91ab-2d7cd011db47\",\r\n        \"objectId\": \"103e31d0-9555-46ce-9403-cb1d2c1e98a3\",\r\n        \"permissions\": {\r\n          \"keys\": [\r\n            \"get\",\r\n            \"list\",\r\n            \"wrapKey\",\r\n            \"unwrapKey\"\r\n          ],\r\n          \"secrets\": [],\r\n          \"certificates\": [],\r\n          \"storage\": []\r\n        }\r\n      },\r\n      {\r\n        \"tenantId\": \"72f988bf-86f1-41af-91ab-2d7cd011db47\",\r\n        \"objectId\": \"ca3aa115-6e5a-4291-be05-aedee1cca372\",\r\n        \"permissions\": {\r\n          \"keys\": [\r\n            \"get\",\r\n            \"list\",\r\n            \"wrapKey\",\r\n            \"unwrapKey\"\r\n          ],\r\n          \"secrets\": [],\r\n          \"certificates\": [],\r\n          \"storage\": []\r\n        }\r\n      },\r\n      {\r\n        \"tenantId\": \"72f988bf-86f1-41af-91ab-2d7cd011db47\",\r\n        \"objectId\": \"67cbcedb-2647-489b-a16c-2436156d3269\",\r\n        \"permissions\": {\r\n          \"keys\": [\r\n            \"get\",\r\n            \"list\",\r\n            \"wrapKey\",\r\n            \"unwrapKey\"\r\n          ],\r\n          \"secrets\": [],\r\n          \"certificates\": [],\r\n          \"storage\": []\r\n        }\r\n      },\r\n      {\r\n        \"tenantId\": \"72f988bf-86f1-41af-91ab-2d7cd011db47\",\r\n        \"objectId\": \"74c6f313-ff50-4469-97bf-36b2e8c2fd4f\",\r\n        \"permissions\": {\r\n          \"keys\": [\r\n            \"get\",\r\n            \"list\",\r\n            \"wrapKey\",\r\n            \"unwrapKey\"\r\n          ],\r\n          \"secrets\": [],\r\n          \"certificates\": [],\r\n          \"storage\": []\r\n        }\r\n      },\r\n      {\r\n        \"tenantId\": \"72f988bf-86f1-41af-91ab-2d7cd011db47\",\r\n        \"objectId\": \"b1defe4e-8d6c-4992-915c-ddead8756981\",\r\n        \"permissions\": {\r\n          \"keys\": [\r\n            \"get\",\r\n            \"list\",\r\n            \"wrapKey\",\r\n            \"unwrapKey\"\r\n          ],\r\n          \"secrets\": [],\r\n          \"certificates\": [],\r\n          \"storage\": []\r\n        }\r\n      },\r\n      {\r\n        \"tenantId\": \"72f988bf-86f1-41af-91ab-2d7cd011db47\",\r\n        \"objectId\": \"2a86a746-00ed-45af-9fb9-35327c7cb6a5\",\r\n        \"permissions\": {\r\n          \"keys\": [\r\n            \"get\",\r\n            \"list\",\r\n            \"wrapKey\",\r\n            \"unwrapKey\"\r\n          ],\r\n          \"secrets\": [],\r\n          \"certificates\": [],\r\n          \"storage\": []\r\n        }\r\n      },\r\n      {\r\n        \"tenantId\": \"72f988bf-86f1-41af-91ab-2d7cd011db47\",\r\n        \"objectId\": \"423f8122-f53a-4bb7-add1-bbf6e099f068\",\r\n        \"permissions\": {\r\n          \"keys\": [\r\n            \"get\",\r\n            \"list\",\r\n            \"wrapKey\",\r\n            \"unwrapKey\"\r\n          ],\r\n          \"secrets\": [],\r\n          \"certificates\": [],\r\n          \"storage\": []\r\n        }\r\n      },\r\n      {\r\n        \"tenantId\": \"72f988bf-86f1-41af-91ab-2d7cd011db47\",\r\n        \"objectId\": \"a189a622-5203-4ef3-892a-4c98c1cd42d3\",\r\n        \"permissions\": {\r\n          \"keys\": [\r\n            \"get\",\r\n            \"list\",\r\n            \"wrapKey\",\r\n            \"unwrapKey\"\r\n          ],\r\n          \"secrets\": [],\r\n          \"certificates\": [],\r\n          \"storage\": []\r\n        }\r\n      },\r\n      {\r\n        \"tenantId\": \"72f988bf-86f1-41af-91ab-2d7cd011db47\",\r\n        \"objectId\": \"7c4b738e-b06d-429c-8ef2-e66f0a79596d\",\r\n        \"permissions\": {\r\n          \"keys\": [\r\n            \"get\",\r\n            \"list\",\r\n            \"wrapKey\",\r\n            \"unwrapKey\"\r\n          ],\r\n          \"secrets\": [],\r\n          \"certificates\": [],\r\n          \"storage\": []\r\n        }\r\n      },\r\n      {\r\n        \"tenantId\": \"72f988bf-86f1-41af-91ab-2d7cd011db47\",\r\n        \"objectId\": \"75bb489a-5827-49ff-9b94-493f65e7f3e4\",\r\n        \"permissions\": {\r\n          \"keys\": [\r\n            \"get\",\r\n            \"list\",\r\n            \"wrapKey\",\r\n            \"unwrapKey\"\r\n          ],\r\n          \"secrets\": [],\r\n          \"certificates\": [],\r\n          \"storage\": []\r\n        }\r\n      },\r\n      {\r\n        \"tenantId\": \"72f988bf-86f1-41af-91ab-2d7cd011db47\",\r\n        \"objectId\": \"f3eecc2d-ddcc-40e1-b1c3-56ecb2a8fab0\",\r\n        \"permissions\": {\r\n          \"keys\": [\r\n            \"get\",\r\n            \"list\",\r\n            \"wrapKey\",\r\n            \"unwrapKey\"\r\n          ],\r\n          \"secrets\": [],\r\n          \"certificates\": [],\r\n          \"storage\": []\r\n        }\r\n      },\r\n      {\r\n        \"tenantId\": \"72f988bf-86f1-41af-91ab-2d7cd011db47\",\r\n        \"objectId\": \"54d9860b-5aec-4e1f-9410-7583349535f0\",\r\n        \"permissions\": {\r\n          \"keys\": [\r\n            \"get\",\r\n            \"list\",\r\n            \"wrapKey\",\r\n            \"unwrapKey\"\r\n          ],\r\n          \"secrets\": [],\r\n          \"certificates\": [],\r\n          \"storage\": []\r\n        }\r\n      },\r\n      {\r\n        \"tenantId\": \"72f988bf-86f1-41af-91ab-2d7cd011db47\",\r\n        \"objectId\": \"39fcb9f2-fca2-4fa2-b2dc-747dcb4365ae\",\r\n        \"permissions\": {\r\n          \"keys\": [\r\n            \"get\",\r\n            \"list\",\r\n            \"wrapKey\",\r\n            \"unwrapKey\"\r\n          ],\r\n          \"secrets\": [],\r\n          \"certificates\": [],\r\n          \"storage\": []\r\n        }\r\n      },\r\n      {\r\n        \"tenantId\": \"72f988bf-86f1-41af-91ab-2d7cd011db47\",\r\n        \"objectId\": \"8fa97db6-7510-432d-bd85-f03f12284a09\",\r\n        \"permissions\": {\r\n          \"keys\": [\r\n            \"get\",\r\n            \"list\",\r\n            \"wrapKey\",\r\n            \"unwrapKey\"\r\n          ],\r\n          \"secrets\": [],\r\n          \"certificates\": [],\r\n          \"storage\": []\r\n        }\r\n      }\r\n    ],\r\n    \"enabledForDeployment\": false,\r\n    \"enabledForDiskEncryption\": false,\r\n    \"enabledForTemplateDeployment\": false,\r\n    \"enableSoftDelete\": true,\r\n    \"vaultUri\": \"https://akvtdekeyvaultcl.vault.azure.net/\",\r\n    \"provisioningState\": \"Succeeded\"\r\n  }\r\n}",
      "StatusCode": 200
    },
    {
      "RequestUri": "/subscriptions/a8c9a924-06c0-4bde-9788-e7b1370969e1/resourceGroups/ps1837/providers/Microsoft.Sql/managedInstances/ps3771/encryptionProtector/current?api-version=2017-10-01-preview",
      "EncodedRequestUri": "L3N1YnNjcmlwdGlvbnMvYThjOWE5MjQtMDZjMC00YmRlLTk3ODgtZTdiMTM3MDk2OWUxL3Jlc291cmNlR3JvdXBzL3BzMTgzNy9wcm92aWRlcnMvTWljcm9zb2Z0LlNxbC9tYW5hZ2VkSW5zdGFuY2VzL3BzMzc3MS9lbmNyeXB0aW9uUHJvdGVjdG9yL2N1cnJlbnQ/YXBpLXZlcnNpb249MjAxNy0xMC0wMS1wcmV2aWV3",
      "RequestMethod": "GET",
      "RequestBody": "",
      "RequestHeaders": {
        "x-ms-client-request-id": [
          "4c7b952d-a025-4dc5-82b4-0f6834f1af21"
        ],
        "Accept-Language": [
          "en-US"
        ],
        "User-Agent": [
          "FxVersion/4.6.27414.06",
          "OSName/Windows",
          "OSVersion/Microsoft.Windows.10.0.17763.",
          "Microsoft.Azure.Management.Sql.SqlManagementClient/1.31.0.0"
        ]
      },
      "ResponseHeaders": {
        "Cache-Control": [
          "no-cache"
        ],
        "Pragma": [
          "no-cache"
        ],
        "x-ms-request-id": [
          "e8537c7a-f378-4409-9130-1ec97b291260"
        ],
        "Server": [
          "Microsoft-HTTPAPI/2.0"
        ],
        "x-ms-ratelimit-remaining-subscription-reads": [
          "11989"
        ],
        "x-ms-correlation-request-id": [
          "14d4950e-7cc6-4cc4-8556-5bfc2b85a3ab"
        ],
        "x-ms-routing-request-id": [
          "WESTUS2:20190530T204539Z:14d4950e-7cc6-4cc4-8556-5bfc2b85a3ab"
        ],
        "Strict-Transport-Security": [
          "max-age=31536000; includeSubDomains"
        ],
        "X-Content-Type-Options": [
          "nosniff"
        ],
        "Date": [
          "Thu, 30 May 2019 20:45:38 GMT"
        ],
        "Content-Length": [
          "340"
        ],
        "Content-Type": [
          "application/json; charset=utf-8"
        ],
        "Expires": [
          "-1"
        ]
      },
      "ResponseBody": "{\r\n  \"kind\": \"servicemanaged\",\r\n  \"properties\": {\r\n    \"serverKeyName\": \"ServiceManaged\",\r\n    \"serverKeyType\": \"ServiceManaged\"\r\n  },\r\n  \"id\": \"/subscriptions/a8c9a924-06c0-4bde-9788-e7b1370969e1/resourceGroups/ps1837/providers/Microsoft.Sql/managedInstances/ps3771/encryptionProtector/current\",\r\n  \"name\": \"current\",\r\n  \"type\": \"Microsoft.Sql/managedInstances/encryptionProtector\"\r\n}",
      "StatusCode": 200
    },
    {
      "RequestUri": "/subscriptions/a8c9a924-06c0-4bde-9788-e7b1370969e1/resourceGroups/ps1837/providers/Microsoft.Sql/managedInstances/ps3771/encryptionProtector/current?api-version=2017-10-01-preview",
      "EncodedRequestUri": "L3N1YnNjcmlwdGlvbnMvYThjOWE5MjQtMDZjMC00YmRlLTk3ODgtZTdiMTM3MDk2OWUxL3Jlc291cmNlR3JvdXBzL3BzMTgzNy9wcm92aWRlcnMvTWljcm9zb2Z0LlNxbC9tYW5hZ2VkSW5zdGFuY2VzL3BzMzc3MS9lbmNyeXB0aW9uUHJvdGVjdG9yL2N1cnJlbnQ/YXBpLXZlcnNpb249MjAxNy0xMC0wMS1wcmV2aWV3",
      "RequestMethod": "GET",
      "RequestBody": "",
      "RequestHeaders": {
        "User-Agent": [
          "FxVersion/4.6.27414.06",
          "OSName/Windows",
          "OSVersion/Microsoft.Windows.10.0.17763.",
          "Microsoft.Azure.Management.Sql.SqlManagementClient/1.31.0.0"
        ]
      },
      "ResponseHeaders": {
        "Cache-Control": [
          "no-cache"
        ],
        "Pragma": [
          "no-cache"
        ],
        "x-ms-request-id": [
          "5bbc7f13-0e59-4a5b-83fb-280225f00476"
        ],
        "Server": [
          "Microsoft-HTTPAPI/2.0"
        ],
        "x-ms-ratelimit-remaining-subscription-reads": [
          "11987"
        ],
        "x-ms-correlation-request-id": [
          "229e0ba0-b956-4559-9e97-05f8cfab8ad6"
        ],
        "x-ms-routing-request-id": [
          "WESTUS2:20190530T204540Z:229e0ba0-b956-4559-9e97-05f8cfab8ad6"
        ],
        "Strict-Transport-Security": [
          "max-age=31536000; includeSubDomains"
        ],
        "X-Content-Type-Options": [
          "nosniff"
        ],
        "Date": [
          "Thu, 30 May 2019 20:45:40 GMT"
        ],
        "Content-Length": [
          "340"
        ],
        "Content-Type": [
          "application/json; charset=utf-8"
        ],
        "Expires": [
          "-1"
        ]
      },
      "ResponseBody": "{\r\n  \"kind\": \"servicemanaged\",\r\n  \"properties\": {\r\n    \"serverKeyName\": \"ServiceManaged\",\r\n    \"serverKeyType\": \"ServiceManaged\"\r\n  },\r\n  \"id\": \"/subscriptions/a8c9a924-06c0-4bde-9788-e7b1370969e1/resourceGroups/ps1837/providers/Microsoft.Sql/managedInstances/ps3771/encryptionProtector/current\",\r\n  \"name\": \"current\",\r\n  \"type\": \"Microsoft.Sql/managedInstances/encryptionProtector\"\r\n}",
      "StatusCode": 200
    },
    {
      "RequestUri": "/subscriptions/a8c9a924-06c0-4bde-9788-e7b1370969e1/resourceGroups/ps1837/providers/Microsoft.Sql/managedInstances/ps3771/encryptionProtector/current?api-version=2017-10-01-preview",
      "EncodedRequestUri": "L3N1YnNjcmlwdGlvbnMvYThjOWE5MjQtMDZjMC00YmRlLTk3ODgtZTdiMTM3MDk2OWUxL3Jlc291cmNlR3JvdXBzL3BzMTgzNy9wcm92aWRlcnMvTWljcm9zb2Z0LlNxbC9tYW5hZ2VkSW5zdGFuY2VzL3BzMzc3MS9lbmNyeXB0aW9uUHJvdGVjdG9yL2N1cnJlbnQ/YXBpLXZlcnNpb249MjAxNy0xMC0wMS1wcmV2aWV3",
      "RequestMethod": "GET",
      "RequestBody": "",
      "RequestHeaders": {
        "x-ms-client-request-id": [
          "11ebad42-b61d-4d28-8f6b-c51173fca784"
        ],
        "Accept-Language": [
          "en-US"
        ],
        "User-Agent": [
          "FxVersion/4.6.27414.06",
          "OSName/Windows",
          "OSVersion/Microsoft.Windows.10.0.17763.",
          "Microsoft.Azure.Management.Sql.SqlManagementClient/1.31.0.0"
        ]
      },
      "ResponseHeaders": {
        "Cache-Control": [
          "no-cache"
        ],
        "Pragma": [
          "no-cache"
        ],
        "x-ms-request-id": [
          "155a208e-b422-4832-8a51-e44a01d3ec91"
        ],
        "Server": [
          "Microsoft-HTTPAPI/2.0"
        ],
        "x-ms-ratelimit-remaining-subscription-reads": [
          "11986"
        ],
        "x-ms-correlation-request-id": [
          "74925914-d851-454b-8b76-13c0de348568"
        ],
        "x-ms-routing-request-id": [
          "WESTUS2:20190530T204540Z:74925914-d851-454b-8b76-13c0de348568"
        ],
        "Strict-Transport-Security": [
          "max-age=31536000; includeSubDomains"
        ],
        "X-Content-Type-Options": [
          "nosniff"
        ],
        "Date": [
          "Thu, 30 May 2019 20:45:40 GMT"
        ],
        "Content-Length": [
          "340"
        ],
        "Content-Type": [
          "application/json; charset=utf-8"
        ],
        "Expires": [
          "-1"
        ]
      },
      "ResponseBody": "{\r\n  \"kind\": \"servicemanaged\",\r\n  \"properties\": {\r\n    \"serverKeyName\": \"ServiceManaged\",\r\n    \"serverKeyType\": \"ServiceManaged\"\r\n  },\r\n  \"id\": \"/subscriptions/a8c9a924-06c0-4bde-9788-e7b1370969e1/resourceGroups/ps1837/providers/Microsoft.Sql/managedInstances/ps3771/encryptionProtector/current\",\r\n  \"name\": \"current\",\r\n  \"type\": \"Microsoft.Sql/managedInstances/encryptionProtector\"\r\n}",
      "StatusCode": 200
    },
    {
      "RequestUri": "/subscriptions/a8c9a924-06c0-4bde-9788-e7b1370969e1/resourceGroups/ps1837/providers/Microsoft.Sql/managedInstances/ps3771/encryptionProtector/current?api-version=2017-10-01-preview",
      "EncodedRequestUri": "L3N1YnNjcmlwdGlvbnMvYThjOWE5MjQtMDZjMC00YmRlLTk3ODgtZTdiMTM3MDk2OWUxL3Jlc291cmNlR3JvdXBzL3BzMTgzNy9wcm92aWRlcnMvTWljcm9zb2Z0LlNxbC9tYW5hZ2VkSW5zdGFuY2VzL3BzMzc3MS9lbmNyeXB0aW9uUHJvdGVjdG9yL2N1cnJlbnQ/YXBpLXZlcnNpb249MjAxNy0xMC0wMS1wcmV2aWV3",
      "RequestMethod": "PUT",
      "RequestBody": "{\r\n  \"properties\": {\r\n    \"serverKeyName\": \"ServiceManaged\",\r\n    \"serverKeyType\": \"ServiceManaged\"\r\n  }\r\n}",
      "RequestHeaders": {
        "x-ms-client-request-id": [
          "72d45e03-5171-4c78-97b8-b22be19a3b2b"
        ],
        "Accept-Language": [
          "en-US"
        ],
        "User-Agent": [
          "FxVersion/4.6.27414.06",
          "OSName/Windows",
          "OSVersion/Microsoft.Windows.10.0.17763.",
          "Microsoft.Azure.Management.Sql.SqlManagementClient/1.31.0.0"
        ],
        "Content-Type": [
          "application/json; charset=utf-8"
        ],
        "Content-Length": [
          "107"
        ]
      },
      "ResponseHeaders": {
        "Cache-Control": [
          "no-cache"
        ],
        "Pragma": [
          "no-cache"
        ],
        "Location": [
          "https://management.azure.com/subscriptions/a8c9a924-06c0-4bde-9788-e7b1370969e1/resourceGroups/ps1837/providers/Microsoft.Sql/locations/westcentralus/managedInstanceEncryptionProtectorOperationResults/8228eff5-a012-4627-ab57-5bff9bce3ed2?api-version=2017-10-01-preview"
        ],
        "Retry-After": [
          "1"
        ],
        "Azure-AsyncOperation": [
          "https://management.azure.com/subscriptions/a8c9a924-06c0-4bde-9788-e7b1370969e1/resourceGroups/ps1837/providers/Microsoft.Sql/locations/westcentralus/managedInstanceEncryptionProtectorAzureAsyncOperation/8228eff5-a012-4627-ab57-5bff9bce3ed2?api-version=2017-10-01-preview"
        ],
        "x-ms-request-id": [
          "8228eff5-a012-4627-ab57-5bff9bce3ed2"
        ],
        "Server": [
          "Microsoft-HTTPAPI/2.0"
        ],
        "x-ms-ratelimit-remaining-subscription-writes": [
          "1195"
        ],
        "x-ms-correlation-request-id": [
          "7a479015-7991-42a1-a34e-d5f176270255"
        ],
        "x-ms-routing-request-id": [
          "WESTUS2:20190530T204539Z:7a479015-7991-42a1-a34e-d5f176270255"
        ],
        "Strict-Transport-Security": [
          "max-age=31536000; includeSubDomains"
        ],
        "X-Content-Type-Options": [
          "nosniff"
        ],
        "Date": [
          "Thu, 30 May 2019 20:45:38 GMT"
        ],
        "Content-Length": [
          "93"
        ],
        "Content-Type": [
          "application/json; charset=utf-8"
        ],
        "Expires": [
          "-1"
        ]
      },
      "ResponseBody": "{\r\n  \"operation\": \"UpsertManagedServerEncryptionProtector\",\r\n  \"startTime\": \"2019-05-30T20:45:39.537Z\"\r\n}",
      "StatusCode": 202
    },
    {
      "RequestUri": "/subscriptions/a8c9a924-06c0-4bde-9788-e7b1370969e1/resourceGroups/ps1837/providers/Microsoft.Sql/locations/westcentralus/managedInstanceEncryptionProtectorAzureAsyncOperation/8228eff5-a012-4627-ab57-5bff9bce3ed2?api-version=2017-10-01-preview",
      "EncodedRequestUri": "L3N1YnNjcmlwdGlvbnMvYThjOWE5MjQtMDZjMC00YmRlLTk3ODgtZTdiMTM3MDk2OWUxL3Jlc291cmNlR3JvdXBzL3BzMTgzNy9wcm92aWRlcnMvTWljcm9zb2Z0LlNxbC9sb2NhdGlvbnMvd2VzdGNlbnRyYWx1cy9tYW5hZ2VkSW5zdGFuY2VFbmNyeXB0aW9uUHJvdGVjdG9yQXp1cmVBc3luY09wZXJhdGlvbi84MjI4ZWZmNS1hMDEyLTQ2MjctYWI1Ny01YmZmOWJjZTNlZDI/YXBpLXZlcnNpb249MjAxNy0xMC0wMS1wcmV2aWV3",
      "RequestMethod": "GET",
      "RequestBody": "",
      "RequestHeaders": {
        "User-Agent": [
          "FxVersion/4.6.27414.06",
          "OSName/Windows",
          "OSVersion/Microsoft.Windows.10.0.17763.",
          "Microsoft.Azure.Management.Sql.SqlManagementClient/1.31.0.0"
        ]
      },
      "ResponseHeaders": {
        "Cache-Control": [
          "no-cache"
        ],
        "Pragma": [
          "no-cache"
        ],
        "Retry-After": [
          "1"
        ],
        "x-ms-request-id": [
          "7a24d4fe-a6d6-4161-b87f-de7431967ccd"
        ],
        "Server": [
          "Microsoft-HTTPAPI/2.0"
        ],
        "x-ms-ratelimit-remaining-subscription-reads": [
          "11988"
        ],
        "x-ms-correlation-request-id": [
          "5fbc6abe-e932-47a2-a572-92a20912fac6"
        ],
        "x-ms-routing-request-id": [
          "WESTUS2:20190530T204540Z:5fbc6abe-e932-47a2-a572-92a20912fac6"
        ],
        "Strict-Transport-Security": [
          "max-age=31536000; includeSubDomains"
        ],
        "X-Content-Type-Options": [
          "nosniff"
        ],
        "Date": [
          "Thu, 30 May 2019 20:45:40 GMT"
        ],
        "Content-Length": [
          "107"
        ],
        "Content-Type": [
          "application/json; charset=utf-8"
        ],
        "Expires": [
          "-1"
        ]
      },
      "ResponseBody": "{\r\n  \"name\": \"8228eff5-a012-4627-ab57-5bff9bce3ed2\",\r\n  \"status\": \"Succeeded\",\r\n  \"startTime\": \"2019-05-30T20:45:39.537Z\"\r\n}",
      "StatusCode": 200
    }
  ],
  "Names": {
    "Test-SetGetManagedInstanceEncryptionProtectorServiceManagedPiping": [
      "ps2047",
      "ps5784",
      "ps145",
      "ps1837",
      "ps3771"
    ]
  },
  "Variables": {
    "SubscriptionId": "a8c9a924-06c0-4bde-9788-e7b1370969e1"
  }
}