{
  "Entries": [
    {
      "RequestUri": "/Subscriptions/d22f872b-f3f1-425a-8100-c74a376452b1/resourceGroups/kazhengtest/providers/Microsoft.RecoveryServices/vaults?api-version=2015-08-15",
      "EncodedRequestUri": "L1N1YnNjcmlwdGlvbnMvZDIyZjg3MmItZjNmMS00MjVhLTgxMDAtYzc0YTM3NjQ1MmIxL3Jlc291cmNlR3JvdXBzL2themhlbmd0ZXN0L3Byb3ZpZGVycy9NaWNyb3NvZnQuUmVjb3ZlcnlTZXJ2aWNlcy92YXVsdHM/YXBpLXZlcnNpb249MjAxNS0wOC0xNQ==",
      "RequestMethod": "GET",
      "RequestBody": "",
      "RequestHeaders": {
        "x-ms-client-request-id": [
          "6c94918d-5351-4ef3-ae03-b82bb210c520-2016-04-14 10:03:34Z-P"
        ],
        "x-ms-version": [
          "2015-01-01"
        ],
        "User-Agent": [
          "Microsoft.Azure.Management.RecoveryServices.RecoveryServicesManagementClient/2.0.0.0"
        ]
      },
      "ResponseBody": "{\r\n  \"value\": [\r\n    {\r\n      \"location\": \"westus\",\r\n      \"name\": \"pshtesting\",\r\n      \"etag\": \"482d8064-51af-40ec-883b-baeeb8677033\",\r\n      \"tags\": null,\r\n      \"properties\": {\r\n        \"provisioningState\": \"Succeeded\"\r\n      },\r\n      \"id\": \"/subscriptions/d22f872b-f3f1-425a-8100-c74a376452b1/resourceGroups/kazhengtest/providers/Microsoft.RecoveryServices/vaults/pshtesting\",\r\n      \"type\": \"Microsoft.RecoveryServices/vaults\",\r\n      \"sku\": {\r\n        \"name\": \"RS0\",\r\n        \"tier\": \"Standard\",\r\n        \"size\": null,\r\n        \"family\": null,\r\n        \"capacity\": null\r\n      }\r\n    }\r\n  ]\r\n}",
      "ResponseHeaders": {
        "Content-Length": [
          "423"
        ],
        "Content-Type": [
          "application/json"
        ],
        "Expires": [
          "-1"
        ],
        "Pragma": [
          "no-cache"
        ],
        "x-ms-request-id": [
          "acf21c81-9db0-4775-9e0d-96d56ef860cb"
        ],
        "x-ms-client-request-id": [
          "6c94918d-5351-4ef3-ae03-b82bb210c520-2016-04-14 10:03:34Z-P"
        ],
        "Strict-Transport-Security": [
          "max-age=31536000; includeSubDomains"
        ],
        "x-ms-ratelimit-remaining-subscription-reads": [
          "14798"
        ],
        "x-ms-correlation-request-id": [
          "acf21c81-9db0-4775-9e0d-96d56ef860cb"
        ],
        "x-ms-routing-request-id": [
          "CENTRALUS:20160414T100335Z:acf21c81-9db0-4775-9e0d-96d56ef860cb"
        ],
        "Cache-Control": [
          "no-cache"
        ],
        "Date": [
          "Thu, 14 Apr 2016 10:03:35 GMT"
        ],
        "Server": [
          "Microsoft-IIS/8.0"
        ]
      },
      "StatusCode": 200
    },
    {
      "RequestUri": "/Subscriptions/d22f872b-f3f1-425a-8100-c74a376452b1/resourceGroups/kazhengtest/providers/Microsoft.RecoveryServices/vaults/pshtesting?api-version=2015-08-15",
      "EncodedRequestUri": "L1N1YnNjcmlwdGlvbnMvZDIyZjg3MmItZjNmMS00MjVhLTgxMDAtYzc0YTM3NjQ1MmIxL3Jlc291cmNlR3JvdXBzL2themhlbmd0ZXN0L3Byb3ZpZGVycy9NaWNyb3NvZnQuUmVjb3ZlcnlTZXJ2aWNlcy92YXVsdHMvcHNodGVzdGluZz9hcGktdmVyc2lvbj0yMDE1LTA4LTE1",
      "RequestMethod": "GET",
      "RequestBody": "",
      "RequestHeaders": {
        "x-ms-client-request-id": [
          "22ed197c-9284-4d8f-b6c0-b9398caf428e-2016-04-14 10:03:36Z-P"
        ],
        "x-ms-version": [
          "2015-01-01"
        ],
        "User-Agent": [
          "Microsoft.Azure.Management.RecoveryServices.RecoveryServicesManagementClient/2.0.0.0"
        ]
      },
      "ResponseBody": "{\r\n  \"location\": \"westus\",\r\n  \"name\": \"pshtesting\",\r\n  \"etag\": \"482d8064-51af-40ec-883b-baeeb8677033\",\r\n  \"properties\": {\r\n    \"provisioningState\": \"Succeeded\"\r\n  },\r\n  \"id\": \"/subscriptions/d22f872b-f3f1-425a-8100-c74a376452b1/resourceGroups/kazhengtest/providers/Microsoft.RecoveryServices/vaults/pshtesting\",\r\n  \"type\": \"Microsoft.RecoveryServices/vaults\",\r\n  \"sku\": {\r\n    \"name\": \"RS0\",\r\n    \"tier\": \"Standard\"\r\n  }\r\n}",
      "ResponseHeaders": {
        "Content-Length": [
          "357"
        ],
        "Content-Type": [
          "application/json"
        ],
        "Expires": [
          "-1"
        ],
        "Pragma": [
          "no-cache"
        ],
        "x-ms-request-id": [
          "75bdc9e4-36ec-44e7-a956-309b062f42c9"
        ],
        "x-ms-client-request-id": [
          "22ed197c-9284-4d8f-b6c0-b9398caf428e-2016-04-14 10:03:36Z-P"
        ],
        "Strict-Transport-Security": [
          "max-age=31536000; includeSubDomains"
        ],
        "x-ms-ratelimit-remaining-subscription-reads": [
          "14797"
        ],
        "x-ms-correlation-request-id": [
          "75bdc9e4-36ec-44e7-a956-309b062f42c9"
        ],
        "x-ms-routing-request-id": [
          "CENTRALUS:20160414T100336Z:75bdc9e4-36ec-44e7-a956-309b062f42c9"
        ],
        "Cache-Control": [
          "no-cache"
        ],
        "Date": [
          "Thu, 14 Apr 2016 10:03:36 GMT"
        ],
        "Server": [
          "Microsoft-IIS/8.0"
        ]
      },
      "StatusCode": 200
    },
    {
      "RequestUri": "/Subscriptions/d22f872b-f3f1-425a-8100-c74a376452b1/resourceGroups/kazhengtest/providers/Microsoft.RecoveryServices/vaults/pshtesting/backupJobs?api-version=2016-05-01&$filter=backupManagementType%20eq%20'AzureIaasVM'%20and%20startTime%20eq%20'2016-04-13%2004:30:00%20PM'%20and%20endTime%20eq%20'2016-04-14%2010:30:00%20AM'",
      "EncodedRequestUri": "L1N1YnNjcmlwdGlvbnMvZDIyZjg3MmItZjNmMS00MjVhLTgxMDAtYzc0YTM3NjQ1MmIxL3Jlc291cmNlR3JvdXBzL2themhlbmd0ZXN0L3Byb3ZpZGVycy9NaWNyb3NvZnQuUmVjb3ZlcnlTZXJ2aWNlcy92YXVsdHMvcHNodGVzdGluZy9iYWNrdXBKb2JzP2FwaS12ZXJzaW9uPTIwMTYtMDUtMDEmJGZpbHRlcj1iYWNrdXBNYW5hZ2VtZW50VHlwZSUyMGVxJTIwJ0F6dXJlSWFhc1ZNJyUyMGFuZCUyMHN0YXJ0VGltZSUyMGVxJTIwJzIwMTYtMDQtMTMlMjAwNCUzQTMwJTNBMDAlMjBQTSclMjBhbmQlMjBlbmRUaW1lJTIwZXElMjAnMjAxNi0wNC0xNCUyMDEwJTNBMzAlM0EwMCUyMEFNJw==",
      "RequestMethod": "GET",
      "RequestBody": "",
      "RequestHeaders": {
        "x-ms-client-request-id": [
          "422bc9c1-1cb4-4631-957a-0c340b553a32-2016-04-14 10:03:37Z-PS"
        ],
        "User-Agent": [
          "Microsoft.Azure.Management.RecoveryServices.Backup.RecoveryServicesBackupManagementClient/0.9.0.0"
        ]
      },
      "ResponseBody": "{\r\n  \"value\": [\r\n    {\r\n      \"id\": \"/Subscriptions/d22f872b-f3f1-425a-8100-c74a376452b1/resourceGroups/kazhengtest/providers/Microsoft.RecoveryServices/vaults/pshtesting/backupJobs/1135a1e7-eee5-43c5-9103-bf470d51e2df\",\r\n      \"name\": \"1135a1e7-eee5-43c5-9103-bf470d51e2df\",\r\n      \"type\": \"Microsoft.RecoveryServices/vaults/backupJobs\",\r\n      \"location\": null,\r\n      \"tags\": null,\r\n      \"eTag\": null,\r\n      \"properties\": {\r\n        \"jobType\": \"AzureIaaSVMJob\",\r\n        \"duration\": \"00:03:05.1347479\",\r\n        \"actionsInfo\": [\r\n          1\r\n        ],\r\n        \"errorDetails\": null,\r\n        \"virtualMachineVersion\": \"ClassicCompute\",\r\n        \"extendedInfo\": null,\r\n        \"entityFriendlyName\": \"pikumartestvm\",\r\n        \"backupManagementType\": \"AzureIaasVM\",\r\n        \"operation\": \"Backup\",\r\n        \"status\": \"Cancelled\",\r\n        \"startTime\": \"2016-04-14T09:44:43.8893946Z\",\r\n        \"endTime\": \"2016-04-14T09:47:49.0241425Z\",\r\n        \"activityId\": \"7288970a-ea95-48b4-9a0f-d51fc0f86005\"\r\n      }\r\n    },\r\n    {\r\n      \"id\": \"/Subscriptions/d22f872b-f3f1-425a-8100-c74a376452b1/resourceGroups/kazhengtest/providers/Microsoft.RecoveryServices/vaults/pshtesting/backupJobs/c5cc4e31-b1e6-4ef2-abee-105b9dc9587c\",\r\n      \"name\": \"c5cc4e31-b1e6-4ef2-abee-105b9dc9587c\",\r\n      \"type\": \"Microsoft.RecoveryServices/vaults/backupJobs\",\r\n      \"location\": null,\r\n      \"tags\": null,\r\n      \"eTag\": null,\r\n      \"properties\": {\r\n        \"jobType\": \"AzureIaaSVMJob\",\r\n        \"duration\": \"00:19:24.7560283\",\r\n        \"actionsInfo\": [\r\n          1\r\n        ],\r\n        \"errorDetails\": null,\r\n        \"virtualMachineVersion\": \"ClassicCompute\",\r\n        \"extendedInfo\": null,\r\n        \"entityFriendlyName\": \"pikumartestvm\",\r\n        \"backupManagementType\": \"AzureIaasVM\",\r\n        \"operation\": \"Backup\",\r\n        \"status\": \"Completed\",\r\n        \"startTime\": \"2016-04-13T22:32:00.3459366Z\",\r\n        \"endTime\": \"2016-04-13T22:51:25.1019649Z\",\r\n        \"activityId\": \"a0bdad7f-f9d5-4ca3-b3f0-5e778d9513a6\"\r\n      }\r\n    }\r\n  ],\r\n  \"nextLink\": null\r\n}",
      "ResponseHeaders": {
        "Content-Length": [
          "1535"
        ],
        "Content-Type": [
          "application/json"
        ],
        "Expires": [
          "-1"
        ],
        "Pragma": [
          "no-cache"
        ],
        "x-ms-request-id": [
          "4cee5101-edca-4274-8533-efa8a19547f7"
        ],
        "x-ms-client-request-id": [
          "422bc9c1-1cb4-4631-957a-0c340b553a32-2016-04-14 10:03:37Z-PS",
          "422bc9c1-1cb4-4631-957a-0c340b553a32-2016-04-14 10:03:37Z-PS"
        ],
        "Strict-Transport-Security": [
          "max-age=31536000; includeSubDomains"
        ],
        "x-ms-ratelimit-remaining-subscription-reads": [
          "14825"
        ],
        "x-ms-correlation-request-id": [
          "4cee5101-edca-4274-8533-efa8a19547f7"
        ],
        "x-ms-routing-request-id": [
          "CENTRALUS:20160414T100338Z:4cee5101-edca-4274-8533-efa8a19547f7"
        ],
        "Cache-Control": [
          "no-cache"
        ],
        "Date": [
          "Thu, 14 Apr 2016 10:03:38 GMT"
        ],
        "Server": [
          "Microsoft-IIS/8.0"
        ],
        "X-Powered-By": [
          "ASP.NET"
        ]
      },
      "StatusCode": 200
    }
  ],
  "Names": {},
  "Variables": {
    "SubscriptionId": "d22f872b-f3f1-425a-8100-c74a376452b1"
  }
}