{
  "Entries": [
    {
      "RequestUri": "/Subscriptions/d22f872b-f3f1-425a-8100-c74a376452b1/resourceGroups/RsvTestRG/providers/Microsoft.RecoveryServices/vaults?api-version=2016-05-01",
      "EncodedRequestUri": "L1N1YnNjcmlwdGlvbnMvZDIyZjg3MmItZjNmMS00MjVhLTgxMDAtYzc0YTM3NjQ1MmIxL3Jlc291cmNlR3JvdXBzL1JzdlRlc3RSRy9wcm92aWRlcnMvTWljcm9zb2Z0LlJlY292ZXJ5U2VydmljZXMvdmF1bHRzP2FwaS12ZXJzaW9uPTIwMTYtMDUtMDE=",
      "RequestMethod": "GET",
      "RequestBody": "",
      "RequestHeaders": {
        "x-ms-client-request-id": [
          "25932855-c1fa-49b2-a052-1655586cba27-2016-04-18 11:10:31Z-P"
        ],
        "x-ms-version": [
          "2015-01-01"
        ],
        "User-Agent": [
          "Microsoft.Azure.Management.RecoveryServices.RecoveryServicesManagementClient/2.0.0.0"
        ]
      },
      "ResponseBody": "{\r\n  \"value\": [\r\n    {\r\n      \"location\": \"eastus\",\r\n      \"name\": \"PsTestRsVault\",\r\n      \"etag\": \"d99734f6-9b94-46a3-8203-32500af246d6\",\r\n      \"tags\": null,\r\n      \"properties\": {\r\n        \"provisioningState\": \"Succeeded\"\r\n      },\r\n      \"id\": \"/subscriptions/d22f872b-f3f1-425a-8100-c74a376452b1/resourceGroups/RsvTestRG/providers/Microsoft.RecoveryServices/vaults/PsTestRsVault\",\r\n      \"type\": \"Microsoft.RecoveryServices/vaults\",\r\n      \"sku\": {\r\n        \"name\": \"RS0\",\r\n        \"tier\": \"Standard\",\r\n        \"size\": null,\r\n        \"family\": null,\r\n        \"capacity\": null\r\n      }\r\n    },\r\n    {\r\n      \"location\": \"eastus\",\r\n      \"name\": \"PsTestVault\",\r\n      \"etag\": \"0d02cc5a-07b9-45ed-8e7b-ce710452f60e\",\r\n      \"tags\": null,\r\n      \"properties\": {\r\n        \"provisioningState\": \"Succeeded\"\r\n      },\r\n      \"id\": \"/subscriptions/d22f872b-f3f1-425a-8100-c74a376452b1/resourceGroups/RsvTestRG/providers/Microsoft.RecoveryServices/vaults/PsTestVault\",\r\n      \"type\": \"Microsoft.RecoveryServices/vaults\",\r\n      \"sku\": {\r\n        \"name\": \"RS0\",\r\n        \"tier\": \"Standard\",\r\n        \"size\": null,\r\n        \"family\": null,\r\n        \"capacity\": null\r\n      }\r\n    },\r\n    {\r\n      \"location\": \"eastus\",\r\n      \"name\": \"RsvTestRN\",\r\n      \"etag\": \"5eeff9e7-4f6c-4db8-9152-b1a0335fd896\",\r\n      \"tags\": null,\r\n      \"properties\": {\r\n        \"provisioningState\": \"Succeeded\"\r\n      },\r\n      \"id\": \"/subscriptions/d22f872b-f3f1-425a-8100-c74a376452b1/resourceGroups/RsvTestRG/providers/Microsoft.RecoveryServices/vaults/RsvTestRN\",\r\n      \"type\": \"Microsoft.RecoveryServices/vaults\",\r\n      \"sku\": {\r\n        \"name\": \"RS0\",\r\n        \"tier\": \"Standard\",\r\n        \"size\": null,\r\n        \"family\": null,\r\n        \"capacity\": null\r\n      }\r\n    }\r\n  ]\r\n}",
      "ResponseHeaders": {
        "Content-Length": [
          "1247"
        ],
        "Content-Type": [
          "application/json"
        ],
        "Expires": [
          "-1"
        ],
        "Pragma": [
          "no-cache"
        ],
        "x-ms-request-id": [
          "86fa3200-d48c-4fa7-a7fb-9a6d184be15d"
        ],
        "x-ms-client-request-id": [
          "25932855-c1fa-49b2-a052-1655586cba27-2016-04-18 11:10:31Z-P"
        ],
        "Strict-Transport-Security": [
          "max-age=31536000; includeSubDomains"
        ],
        "x-ms-ratelimit-remaining-subscription-reads": [
          "14207"
        ],
        "x-ms-correlation-request-id": [
          "86fa3200-d48c-4fa7-a7fb-9a6d184be15d"
        ],
        "x-ms-routing-request-id": [
          "CENTRALUS:20160418T111032Z:86fa3200-d48c-4fa7-a7fb-9a6d184be15d"
        ],
        "Cache-Control": [
          "no-cache"
        ],
        "Date": [
          "Mon, 18 Apr 2016 11:10:32 GMT"
        ],
        "Server": [
          "Microsoft-IIS/8.0"
        ]
      },
      "StatusCode": 200
    },
    {
      "RequestUri": "/Subscriptions/d22f872b-f3f1-425a-8100-c74a376452b1/resourceGroups/RsvTestRG/providers/Microsoft.RecoveryServices/vaults/RsvTestRN?api-version=2016-05-01",
      "EncodedRequestUri": "L1N1YnNjcmlwdGlvbnMvZDIyZjg3MmItZjNmMS00MjVhLTgxMDAtYzc0YTM3NjQ1MmIxL3Jlc291cmNlR3JvdXBzL1JzdlRlc3RSRy9wcm92aWRlcnMvTWljcm9zb2Z0LlJlY292ZXJ5U2VydmljZXMvdmF1bHRzL1JzdlRlc3RSTj9hcGktdmVyc2lvbj0yMDE2LTA1LTAx",
      "RequestMethod": "GET",
      "RequestBody": "",
      "RequestHeaders": {
        "x-ms-client-request-id": [
          "03d8c383-6e60-4e39-afda-13c9acbbd1a2-2016-04-18 11:10:32Z-P"
        ],
        "x-ms-version": [
          "2015-01-01"
        ],
        "User-Agent": [
          "Microsoft.Azure.Management.RecoveryServices.RecoveryServicesManagementClient/2.0.0.0"
        ]
      },
      "ResponseBody": "{\r\n  \"location\": \"eastus\",\r\n  \"name\": \"RsvTestRN\",\r\n  \"etag\": \"5eeff9e7-4f6c-4db8-9152-b1a0335fd896\",\r\n  \"properties\": {\r\n    \"provisioningState\": \"Succeeded\"\r\n  },\r\n  \"id\": \"/subscriptions/d22f872b-f3f1-425a-8100-c74a376452b1/resourceGroups/RsvTestRG/providers/Microsoft.RecoveryServices/vaults/RsvTestRN\",\r\n  \"type\": \"Microsoft.RecoveryServices/vaults\",\r\n  \"sku\": {\r\n    \"name\": \"RS0\",\r\n    \"tier\": \"Standard\"\r\n  }\r\n}",
      "ResponseHeaders": {
        "Content-Length": [
          "353"
        ],
        "Content-Type": [
          "application/json"
        ],
        "Expires": [
          "-1"
        ],
        "Pragma": [
          "no-cache"
        ],
        "x-ms-request-id": [
          "c5149a19-33c2-47a7-8338-f838ebf8dcfc"
        ],
        "x-ms-client-request-id": [
          "03d8c383-6e60-4e39-afda-13c9acbbd1a2-2016-04-18 11:10:32Z-P"
        ],
        "Strict-Transport-Security": [
          "max-age=31536000; includeSubDomains"
        ],
        "x-ms-ratelimit-remaining-subscription-reads": [
          "14215"
        ],
        "x-ms-correlation-request-id": [
          "c5149a19-33c2-47a7-8338-f838ebf8dcfc"
        ],
        "x-ms-routing-request-id": [
          "CENTRALUS:20160418T111033Z:c5149a19-33c2-47a7-8338-f838ebf8dcfc"
        ],
        "Cache-Control": [
          "no-cache"
        ],
        "Date": [
          "Mon, 18 Apr 2016 11:10:33 GMT"
        ],
        "Server": [
          "Microsoft-IIS/8.0"
        ]
      },
      "StatusCode": 200
    },
    {
      "RequestUri": "/Subscriptions/d22f872b-f3f1-425a-8100-c74a376452b1/resourceGroups/RsvTestRG/providers/Microsoft.RecoveryServices/vaults/RsvTestRN/backupJobs?api-version=2016-05-01&$filter=operation%20eq%20'Backup'%20and%20startTime%20eq%20'2016-04-17%2011:30:00%20AM'%20and%20endTime%20eq%20'2016-04-18%2011:30:00%20AM'",
      "EncodedRequestUri": "L1N1YnNjcmlwdGlvbnMvZDIyZjg3MmItZjNmMS00MjVhLTgxMDAtYzc0YTM3NjQ1MmIxL3Jlc291cmNlR3JvdXBzL1JzdlRlc3RSRy9wcm92aWRlcnMvTWljcm9zb2Z0LlJlY292ZXJ5U2VydmljZXMvdmF1bHRzL1JzdlRlc3RSTi9iYWNrdXBKb2JzP2FwaS12ZXJzaW9uPTIwMTYtMDUtMDEmJGZpbHRlcj1vcGVyYXRpb24lMjBlcSUyMCdCYWNrdXAnJTIwYW5kJTIwc3RhcnRUaW1lJTIwZXElMjAnMjAxNi0wNC0xNyUyMDExJTNBMzAlM0EwMCUyMEFNJyUyMGFuZCUyMGVuZFRpbWUlMjBlcSUyMCcyMDE2LTA0LTE4JTIwMTElM0EzMCUzQTAwJTIwQU0n",
      "RequestMethod": "GET",
      "RequestBody": "",
      "RequestHeaders": {
        "x-ms-client-request-id": [
          "baa81bf8-0808-42fb-84d9-0b8990f88b7c-2016-04-18 11:10:34Z-PS"
        ],
        "User-Agent": [
          "Microsoft.Azure.Management.RecoveryServices.Backup.RecoveryServicesBackupManagementClient/0.9.0.0"
        ]
      },
      "ResponseBody": "{\r\n  \"value\": [\r\n    {\r\n      \"id\": \"/Subscriptions/d22f872b-f3f1-425a-8100-c74a376452b1/resourceGroups/RsvTestRG/providers/Microsoft.RecoveryServices/vaults/RsvTestRN/backupJobs/38cb3a5f-857c-4721-ab47-a7c8a1068100\",\r\n      \"name\": \"38cb3a5f-857c-4721-ab47-a7c8a1068100\",\r\n      \"type\": \"Microsoft.RecoveryServices/vaults/backupJobs\",\r\n      \"properties\": {\r\n        \"jobType\": \"AzureIaaSVMJob\",\r\n        \"duration\": \"00:02:54.8588021\",\r\n        \"actionsInfo\": [\r\n          1\r\n        ],\r\n        \"virtualMachineVersion\": \"Compute\",\r\n        \"entityFriendlyName\": \"vmusev2\",\r\n        \"backupManagementType\": \"AzureIaasVM\",\r\n        \"operation\": \"Backup\",\r\n        \"status\": \"Cancelled\",\r\n        \"startTime\": \"2016-04-18T11:02:42.5513251Z\",\r\n        \"endTime\": \"2016-04-18T11:05:37.4101272Z\",\r\n        \"activityId\": \"67479c6c-b233-40e8-a0c5-154d06d04313\"\r\n      }\r\n    }\r\n  ]\r\n}",
      "ResponseHeaders": {
        "Content-Length": [
          "669"
        ],
        "Content-Type": [
          "application/json"
        ],
        "Expires": [
          "-1"
        ],
        "Pragma": [
          "no-cache"
        ],
        "x-ms-request-id": [
          "b995f61e-ccb2-4c06-9d31-418659295bf3"
        ],
        "x-ms-client-request-id": [
          "baa81bf8-0808-42fb-84d9-0b8990f88b7c-2016-04-18 11:10:34Z-PS",
          "baa81bf8-0808-42fb-84d9-0b8990f88b7c-2016-04-18 11:10:34Z-PS"
        ],
        "Strict-Transport-Security": [
          "max-age=31536000; includeSubDomains"
        ],
        "x-ms-ratelimit-remaining-subscription-reads": [
          "14205"
        ],
        "x-ms-correlation-request-id": [
          "b995f61e-ccb2-4c06-9d31-418659295bf3"
        ],
        "x-ms-routing-request-id": [
          "CENTRALUS:20160418T111035Z:b995f61e-ccb2-4c06-9d31-418659295bf3"
        ],
        "Cache-Control": [
          "no-cache"
        ],
        "Date": [
          "Mon, 18 Apr 2016 11:10:34 GMT"
        ],
        "Server": [
          "Microsoft-IIS/8.0"
        ],
        "X-Powered-By": [
          "ASP.NET"
        ]
      },
      "StatusCode": 200
    }
  ],
  "Names": {},
  "Variables": {
    "SubscriptionId": "d22f872b-f3f1-425a-8100-c74a376452b1"
  }
}