{
  "Get-AzDevCenterAdminImageVersion+[NoContext]+List+$GET+https://management.azure.com/subscriptions/f141e9f2-4778-45a4-9aa0-8b31e6469454/resourceGroups/pwshRgkmyvux/providers/Microsoft.DevCenter/devcenters/pwshDcykf1ob/galleries/Default/images/MicrosoftWindowsDesktop_windows-ent-cpc_win11-22h2-ent-cpc-os/versions?api-version=2023-04-01+1": {
    "Request": {
      "Method": "GET",
      "RequestUri": "https://management.azure.com/subscriptions/f141e9f2-4778-45a4-9aa0-8b31e6469454/resourceGroups/pwshRgkmyvux/providers/Microsoft.DevCenter/devcenters/pwshDcykf1ob/galleries/Default/images/MicrosoftWindowsDesktop_windows-ent-cpc_win11-22h2-ent-cpc-os/versions?api-version=2023-04-01",
      "Content": null,
      "isContentBase64": false,
      "Headers": {
        "x-ms-unique-id": [ "33" ],
        "x-ms-client-request-id": [ "38645f55-dca1-4863-9b0e-c640a225e463" ],
        "CommandName": [ "Get-AzDevCenterAdminImageVersion" ],
        "FullCommandName": [ "Get-AzDevCenterAdminImageVersion_List" ],
        "ParameterSetName": [ "__AllParameterSets" ],
        "User-Agent": [ "AzurePowershell/v9.4.0", "PSVersion/v7.2.11", "Az.DevCenter/0.1.0" ],
        "Authorization": [ "[Filtered]" ]
      },
      "ContentHeaders": {
      }
    },
    "Response": {
      "StatusCode": 200,
      "Headers": {
        "Cache-Control": [ "no-cache" ],
        "Pragma": [ "no-cache" ],
        "x-ms-ratelimit-remaining-subscription-reads": [ "11969" ],
        "x-ms-providerhub-traffic": [ "True" ],
        "X-Rate-Limit-Limit": [ "1m" ],
        "X-Rate-Limit-Remaining": [ "298" ],
        "X-Rate-Limit-Reset": [ "2023-06-20T00:19:10.2168944Z" ],
        "Strict-Transport-Security": [ "max-age=31536000; includeSubDomains" ],
        "x-ms-request-id": [ "939d4cfc-3d1a-44b6-a041-f53fe7b03601" ],
        "x-ms-correlation-request-id": [ "e17b2d68-ed0f-460e-b2f4-7caf7d0b6555" ],
        "x-ms-routing-request-id": [ "WESTUS:20230620T001811Z:e17b2d68-ed0f-460e-b2f4-7caf7d0b6555" ],
        "X-Content-Type-Options": [ "nosniff" ],
        "Date": [ "Tue, 20 Jun 2023 00:18:11 GMT" ]
      },
      "ContentHeaders": {
        "Content-Length": [ "611" ],
        "Content-Type": [ "application/json; charset=utf-8" ],
        "Expires": [ "-1" ]
      },
      "Content": "{\"value\":[{\"id\":\"/subscriptions/f141e9f2-4778-45a4-9aa0-8b31e6469454/resourceGroups/pwshRgkmyvux/providers/Microsoft.DevCenter/devcenters/pwshDcykf1ob/galleries/Default/images/microsoftwindowsdesktop_windows-ent-cpc_win11-22h2-ent-cpc-os/versions/1.0.0\",\"name\":\"1.0.0\",\"type\":\"Microsoft.DevCenter/devcenters/galleries/images/versions\",\"systemData\":{\"createdByType\":\"Application\",\"createdAt\":\"2022-09-20T00:00:00Z\",\"lastModifiedByType\":\"Application\"},\"properties\":{\"name\":\"1.0.0\",\"publishedDate\":\"2022-09-20T00:00:00.000000Z\",\"excludeFromLatest\":false,\"osDiskImageSizeInGb\":64,\"provisioningState\":\"Succeeded\"}}]}",
      "isContentBase64": false
    }
  },
  "Get-AzDevCenterAdminImageVersion+[NoContext]+Get+$GET+https://management.azure.com/subscriptions/f141e9f2-4778-45a4-9aa0-8b31e6469454/resourceGroups/pwshRgkmyvux/providers/Microsoft.DevCenter/devcenters/pwshDcykf1ob/galleries/Default/images/MicrosoftWindowsDesktop_windows-ent-cpc_win11-22h2-ent-cpc-os/versions/1.0.0?api-version=2023-04-01+1": {
    "Request": {
      "Method": "GET",
      "RequestUri": "https://management.azure.com/subscriptions/f141e9f2-4778-45a4-9aa0-8b31e6469454/resourceGroups/pwshRgkmyvux/providers/Microsoft.DevCenter/devcenters/pwshDcykf1ob/galleries/Default/images/MicrosoftWindowsDesktop_windows-ent-cpc_win11-22h2-ent-cpc-os/versions/1.0.0?api-version=2023-04-01",
      "Content": null,
      "isContentBase64": false,
      "Headers": {
        "x-ms-unique-id": [ "34" ],
        "x-ms-client-request-id": [ "33f3d293-37e5-4dcf-b6a2-7aa8e73d5292" ],
        "CommandName": [ "Get-AzDevCenterAdminImageVersion" ],
        "FullCommandName": [ "Get-AzDevCenterAdminImageVersion_Get" ],
        "ParameterSetName": [ "__AllParameterSets" ],
        "User-Agent": [ "AzurePowershell/v9.4.0", "PSVersion/v7.2.11", "Az.DevCenter/0.1.0" ],
        "Authorization": [ "[Filtered]" ]
      },
      "ContentHeaders": {
      }
    },
    "Response": {
      "StatusCode": 200,
      "Headers": {
        "Cache-Control": [ "no-cache" ],
        "Pragma": [ "no-cache" ],
        "x-ms-ratelimit-remaining-subscription-reads": [ "11968" ],
        "x-ms-providerhub-traffic": [ "True" ],
        "X-Rate-Limit-Limit": [ "1m" ],
        "X-Rate-Limit-Remaining": [ "299" ],
        "X-Rate-Limit-Reset": [ "2023-06-20T00:19:11.5342198Z" ],
        "Strict-Transport-Security": [ "max-age=31536000; includeSubDomains" ],
        "x-ms-request-id": [ "4eca9bf0-3762-4899-9a68-c57f884e172e" ],
        "x-ms-correlation-request-id": [ "ba7fd716-f310-4a82-ae6b-ecc2a6c20a19" ],
        "x-ms-routing-request-id": [ "WESTUS:20230620T001811Z:ba7fd716-f310-4a82-ae6b-ecc2a6c20a19" ],
        "X-Content-Type-Options": [ "nosniff" ],
        "Date": [ "Tue, 20 Jun 2023 00:18:11 GMT" ]
      },
      "ContentHeaders": {
        "Content-Length": [ "599" ],
        "Content-Type": [ "application/json; charset=utf-8" ],
        "Expires": [ "-1" ]
      },
      "Content": "{\"id\":\"/subscriptions/f141e9f2-4778-45a4-9aa0-8b31e6469454/resourceGroups/pwshRgkmyvux/providers/Microsoft.DevCenter/devcenters/pwshDcykf1ob/galleries/Default/images/microsoftwindowsdesktop_windows-ent-cpc_win11-22h2-ent-cpc-os/versions/1.0.0\",\"name\":\"1.0.0\",\"type\":\"Microsoft.DevCenter/devcenters/galleries/images/versions\",\"systemData\":{\"createdByType\":\"Application\",\"createdAt\":\"2022-09-20T00:00:00Z\",\"lastModifiedByType\":\"Application\"},\"properties\":{\"name\":\"1.0.0\",\"publishedDate\":\"2022-09-20T00:00:00.000000Z\",\"excludeFromLatest\":false,\"osDiskImageSizeInGb\":64,\"provisioningState\":\"Succeeded\"}}",
      "isContentBase64": false
    }
  },
  "Get-AzDevCenterAdminImageVersion+[NoContext]+GetViaIdentity+$GET+https://management.azure.com/subscriptions/f141e9f2-4778-45a4-9aa0-8b31e6469454/resourceGroups/pwshRgkmyvux/providers/Microsoft.DevCenter/devcenters/pwshDcykf1ob/galleries/Default/images/MicrosoftWindowsDesktop_windows-ent-cpc_win11-22h2-ent-cpc-os/versions/1.0.0?api-version=2023-04-01+1": {
    "Request": {
      "Method": "GET",
      "RequestUri": "https://management.azure.com/subscriptions/f141e9f2-4778-45a4-9aa0-8b31e6469454/resourceGroups/pwshRgkmyvux/providers/Microsoft.DevCenter/devcenters/pwshDcykf1ob/galleries/Default/images/MicrosoftWindowsDesktop_windows-ent-cpc_win11-22h2-ent-cpc-os/versions/1.0.0?api-version=2023-04-01",
      "Content": null,
      "isContentBase64": false,
      "Headers": {
        "x-ms-unique-id": [ "35" ],
        "x-ms-client-request-id": [ "dcd2ccad-bdab-4891-bfee-ec05c36249ba" ],
        "CommandName": [ "Get-AzDevCenterAdminImageVersion" ],
        "FullCommandName": [ "Get-AzDevCenterAdminImageVersion_Get" ],
        "ParameterSetName": [ "__AllParameterSets" ],
        "User-Agent": [ "AzurePowershell/v9.4.0", "PSVersion/v7.2.11", "Az.DevCenter/0.1.0" ],
        "Authorization": [ "[Filtered]" ]
      },
      "ContentHeaders": {
      }
    },
    "Response": {
      "StatusCode": 200,
      "Headers": {
        "Cache-Control": [ "no-cache" ],
        "Pragma": [ "no-cache" ],
        "x-ms-ratelimit-remaining-subscription-reads": [ "11967" ],
        "x-ms-providerhub-traffic": [ "True" ],
        "X-Rate-Limit-Limit": [ "1m" ],
        "X-Rate-Limit-Remaining": [ "297" ],
        "X-Rate-Limit-Reset": [ "2023-06-20T00:19:09.8732713Z" ],
        "Strict-Transport-Security": [ "max-age=31536000; includeSubDomains" ],
        "x-ms-request-id": [ "af5e1fee-c96f-4f97-baa0-45508d80dde2" ],
        "x-ms-correlation-request-id": [ "fa956e29-abca-46e5-bf91-24fc66cbea79" ],
        "x-ms-routing-request-id": [ "WESTUS:20230620T001811Z:fa956e29-abca-46e5-bf91-24fc66cbea79" ],
        "X-Content-Type-Options": [ "nosniff" ],
        "Date": [ "Tue, 20 Jun 2023 00:18:11 GMT" ]
      },
      "ContentHeaders": {
        "Content-Length": [ "599" ],
        "Content-Type": [ "application/json; charset=utf-8" ],
        "Expires": [ "-1" ]
      },
      "Content": "{\"id\":\"/subscriptions/f141e9f2-4778-45a4-9aa0-8b31e6469454/resourceGroups/pwshRgkmyvux/providers/Microsoft.DevCenter/devcenters/pwshDcykf1ob/galleries/Default/images/microsoftwindowsdesktop_windows-ent-cpc_win11-22h2-ent-cpc-os/versions/1.0.0\",\"name\":\"1.0.0\",\"type\":\"Microsoft.DevCenter/devcenters/galleries/images/versions\",\"systemData\":{\"createdByType\":\"Application\",\"createdAt\":\"2022-09-20T00:00:00Z\",\"lastModifiedByType\":\"Application\"},\"properties\":{\"name\":\"1.0.0\",\"publishedDate\":\"2022-09-20T00:00:00.000000Z\",\"excludeFromLatest\":false,\"osDiskImageSizeInGb\":64,\"provisioningState\":\"Succeeded\"}}",
      "isContentBase64": false
    }
  },
  "Get-AzDevCenterAdminImageVersion+[NoContext]+GetViaIdentity+$GET+https://management.azure.com/subscriptions/f141e9f2-4778-45a4-9aa0-8b31e6469454/resourceGroups/pwshRgkmyvux/providers/Microsoft.DevCenter/devcenters/pwshDcykf1ob/galleries/Default/images/microsoftwindowsdesktop_windows-ent-cpc_win11-22h2-ent-cpc-os/versions/1.0.0?api-version=2023-04-01+2": {
    "Request": {
      "Method": "GET",
      "RequestUri": "https://management.azure.com/subscriptions/f141e9f2-4778-45a4-9aa0-8b31e6469454/resourceGroups/pwshRgkmyvux/providers/Microsoft.DevCenter/devcenters/pwshDcykf1ob/galleries/Default/images/microsoftwindowsdesktop_windows-ent-cpc_win11-22h2-ent-cpc-os/versions/1.0.0?api-version=2023-04-01",
      "Content": null,
      "isContentBase64": false,
      "Headers": {
        "x-ms-unique-id": [ "36" ],
        "x-ms-client-request-id": [ "544d501e-57b1-4290-8215-5c732d8a130a" ],
        "CommandName": [ "Get-AzDevCenterAdminImageVersion" ],
        "FullCommandName": [ "Get-AzDevCenterAdminImageVersion_GetViaIdentity" ],
        "ParameterSetName": [ "__AllParameterSets" ],
        "User-Agent": [ "AzurePowershell/v9.4.0", "PSVersion/v7.2.11", "Az.DevCenter/0.1.0" ],
        "Authorization": [ "[Filtered]" ]
      },
      "ContentHeaders": {
      }
    },
    "Response": {
      "StatusCode": 200,
      "Headers": {
        "Cache-Control": [ "no-cache" ],
        "Pragma": [ "no-cache" ],
        "x-ms-ratelimit-remaining-subscription-reads": [ "11966" ],
        "x-ms-providerhub-traffic": [ "True" ],
        "X-Rate-Limit-Limit": [ "1m" ],
        "X-Rate-Limit-Remaining": [ "297" ],
        "X-Rate-Limit-Reset": [ "2023-06-20T00:19:10.2168944Z" ],
        "Strict-Transport-Security": [ "max-age=31536000; includeSubDomains" ],
        "x-ms-request-id": [ "a324ea27-353e-4bcc-b00d-820f3cee455b" ],
        "x-ms-correlation-request-id": [ "0a7967e6-d405-4ecf-afb7-3d7e4876af5e" ],
        "x-ms-routing-request-id": [ "WESTUS:20230620T001812Z:0a7967e6-d405-4ecf-afb7-3d7e4876af5e" ],
        "X-Content-Type-Options": [ "nosniff" ],
        "Date": [ "Tue, 20 Jun 2023 00:18:11 GMT" ]
      },
      "ContentHeaders": {
        "Content-Length": [ "599" ],
        "Content-Type": [ "application/json; charset=utf-8" ],
        "Expires": [ "-1" ]
      },
      "Content": "{\"id\":\"/subscriptions/f141e9f2-4778-45a4-9aa0-8b31e6469454/resourceGroups/pwshRgkmyvux/providers/Microsoft.DevCenter/devcenters/pwshDcykf1ob/galleries/Default/images/microsoftwindowsdesktop_windows-ent-cpc_win11-22h2-ent-cpc-os/versions/1.0.0\",\"name\":\"1.0.0\",\"type\":\"Microsoft.DevCenter/devcenters/galleries/images/versions\",\"systemData\":{\"createdByType\":\"Application\",\"createdAt\":\"2022-09-20T00:00:00Z\",\"lastModifiedByType\":\"Application\"},\"properties\":{\"name\":\"1.0.0\",\"publishedDate\":\"2022-09-20T00:00:00.000000Z\",\"excludeFromLatest\":false,\"osDiskImageSizeInGb\":64,\"provisioningState\":\"Succeeded\"}}",
      "isContentBase64": false
    }
  }
}