{
  "Get-AzDevCenterAdminCatalog+[NoContext]+List+$GET+https://management.azure.com/subscriptions/f141e9f2-4778-45a4-9aa0-8b31e6469454/resourceGroups/pwshRg9xk0p7/providers/Microsoft.DevCenter/devcenters/pwshDcbfj81w/catalogs?api-version=2023-04-01+1": {
    "Request": {
      "Method": "GET",
      "RequestUri": "https://management.azure.com/subscriptions/f141e9f2-4778-45a4-9aa0-8b31e6469454/resourceGroups/pwshRg9xk0p7/providers/Microsoft.DevCenter/devcenters/pwshDcbfj81w/catalogs?api-version=2023-04-01",
      "Content": null,
      "isContentBase64": false,
      "Headers": {
        "x-ms-unique-id": [ "7" ],
        "x-ms-client-request-id": [ "92c7b071-bd24-49d9-ab7b-383a82346e8b" ],
        "CommandName": [ "Get-AzDevCenterAdminCatalog" ],
        "FullCommandName": [ "Get-AzDevCenterAdminCatalog_List" ],
        "ParameterSetName": [ "__AllParameterSets" ],
        "User-Agent": [ "AzurePowershell/v9.4.0", "PSVersion/v7.2.11", "Az.DevCenter/0.1.0" ],
        "Authorization": [ "[Filtered]" ]
      },
      "ContentHeaders": {
      }
    },
    "Response": {
      "StatusCode": 200,
      "Headers": {
        "Cache-Control": [ "no-cache" ],
        "Pragma": [ "no-cache" ],
        "x-ms-ratelimit-remaining-subscription-reads": [ "11995" ],
        "x-ms-providerhub-traffic": [ "True" ],
        "x-ms-request-id": [ "d56027df-5220-4fe3-bc66-ad74ecd2c6cf" ],
        "x-ms-correlation-request-id": [ "25bbaebe-c145-4d14-a242-fafec79928e6" ],
        "x-ms-routing-request-id": [ "WESTUS:20230621T040609Z:25bbaebe-c145-4d14-a242-fafec79928e6" ],
        "Strict-Transport-Security": [ "max-age=31536000; includeSubDomains" ],
        "X-Content-Type-Options": [ "nosniff" ],
        "Date": [ "Wed, 21 Jun 2023 04:06:09 GMT" ]
      },
      "ContentHeaders": {
        "Content-Length": [ "2360" ],
        "Content-Type": [ "application/json; charset=utf-8" ],
        "Expires": [ "-1" ]
      },
      "Content": "{\"value\":[{\"id\":\"/subscriptions/f141e9f2-4778-45a4-9aa0-8b31e6469454/resourceGroups/pwshRg9xk0p7/providers/microsoft.devcenter/devcenters/pwshDcbfj81w/catalogs/o8ckqd\",\"name\":\"o8ckqd\",\"type\":\"microsoft.devcenter/devcenters/catalogs\",\"systemData\":{\"createdBy\":\"amlim@microsoft.com\",\"createdByType\":\"User\",\"createdAt\":\"2023-06-21T03:59:21.2696249Z\",\"lastModifiedBy\":\"amlim@microsoft.com\",\"lastModifiedByType\":\"User\",\"lastModifiedAt\":\"2023-06-21T03:59:21.2696249Z\"},\"properties\":{\"provisioningState\":\"Succeeded\",\"syncState\":\"Failed\",\"gitHub\":{\"uri\":\"https://github.com/fake/fake.git\",\"branch\":\"main\",\"secretIdentifier\":\"https://dummyVault/dummy/00000000\",\"path\":\"/Environments\"},\"lastSyncTime\":\"2023-06-21T03:59:35.3808422Z\"}},{\"id\":\"/subscriptions/f141e9f2-4778-45a4-9aa0-8b31e6469454/resourceGroups/pwshRg9xk0p7/providers/microsoft.devcenter/devcenters/pwshDcbfj81w/catalogs/0lfr7g\",\"name\":\"0lfr7g\",\"type\":\"microsoft.devcenter/devcenters/catalogs\",\"systemData\":{\"createdBy\":\"amlim@microsoft.com\",\"createdByType\":\"User\",\"createdAt\":\"2023-06-21T03:59:21.2852512Z\",\"lastModifiedBy\":\"amlim@microsoft.com\",\"lastModifiedByType\":\"User\",\"lastModifiedAt\":\"2023-06-21T03:59:21.2852512Z\"},\"properties\":{\"provisioningState\":\"Succeeded\",\"syncState\":\"Failed\",\"gitHub\":{\"uri\":\"https://github.com/fake/fake.git\",\"branch\":\"main\",\"secretIdentifier\":\"https://dummyVault/dummy/00000000\",\"path\":\"/Environments\"},\"lastSyncTime\":\"2023-06-21T03:59:34.9362706Z\"}},{\"id\":\"/subscriptions/f141e9f2-4778-45a4-9aa0-8b31e6469454/resourceGroups/pwshRg9xk0p7/providers/microsoft.devcenter/devcenters/pwshDcbfj81w/catalogs/j8bid1\",\"name\":\"j8bid1\",\"type\":\"microsoft.devcenter/devcenters/catalogs\",\"systemData\":{\"createdBy\":\"amlim@microsoft.com\",\"createdByType\":\"User\",\"createdAt\":\"2023-06-21T03:59:21.1602592Z\",\"lastModifiedBy\":\"amlim@microsoft.com\",\"lastModifiedByType\":\"User\",\"lastModifiedAt\":\"2023-06-21T03:59:21.1602592Z\"},\"properties\":{\"provisioningState\":\"Succeeded\",\"syncState\":\"Failed\",\"gitHub\":{\"uri\":\"https://github.com/fake/fake.git\",\"branch\":\"main\",\"secretIdentifier\":\"https://dummyVault/dummy/00000000\",\"path\":\"/Environments\"},\"lastSyncTime\":\"2023-06-21T03:59:35.0408376Z\"}}]}",
      "isContentBase64": false
    }
  },
  "Get-AzDevCenterAdminCatalog+[NoContext]+Get+$GET+https://management.azure.com/subscriptions/f141e9f2-4778-45a4-9aa0-8b31e6469454/resourceGroups/pwshRg9xk0p7/providers/Microsoft.DevCenter/devcenters/pwshDcbfj81w/catalogs/o8ckqd?api-version=2023-04-01+1": {
    "Request": {
      "Method": "GET",
      "RequestUri": "https://management.azure.com/subscriptions/f141e9f2-4778-45a4-9aa0-8b31e6469454/resourceGroups/pwshRg9xk0p7/providers/Microsoft.DevCenter/devcenters/pwshDcbfj81w/catalogs/o8ckqd?api-version=2023-04-01",
      "Content": null,
      "isContentBase64": false,
      "Headers": {
        "x-ms-unique-id": [ "8" ],
        "x-ms-client-request-id": [ "ca3a3922-cc9f-4cb1-a424-e201971ef21d" ],
        "CommandName": [ "Get-AzDevCenterAdminCatalog" ],
        "FullCommandName": [ "Get-AzDevCenterAdminCatalog_Get" ],
        "ParameterSetName": [ "__AllParameterSets" ],
        "User-Agent": [ "AzurePowershell/v9.4.0", "PSVersion/v7.2.11", "Az.DevCenter/0.1.0" ],
        "Authorization": [ "[Filtered]" ]
      },
      "ContentHeaders": {
      }
    },
    "Response": {
      "StatusCode": 200,
      "Headers": {
        "Cache-Control": [ "no-cache" ],
        "Pragma": [ "no-cache" ],
        "ETag": [ "\"6b006d76-0000-0a00-0000-649275a70000\"" ],
        "x-ms-ratelimit-remaining-subscription-reads": [ "11994" ],
        "x-ms-providerhub-traffic": [ "True" ],
        "x-ms-request-id": [ "b525b67f-6e03-4fbb-8659-42cf3a3cce74" ],
        "x-ms-correlation-request-id": [ "ac7488dc-fda5-46ca-b455-f044c1522d7a" ],
        "x-ms-routing-request-id": [ "WESTUS:20230621T040610Z:ac7488dc-fda5-46ca-b455-f044c1522d7a" ],
        "Strict-Transport-Security": [ "max-age=31536000; includeSubDomains" ],
        "X-Content-Type-Options": [ "nosniff" ],
        "Date": [ "Wed, 21 Jun 2023 04:06:09 GMT" ]
      },
      "ContentHeaders": {
        "Content-Length": [ "782" ],
        "Content-Type": [ "application/json; charset=utf-8" ],
        "Expires": [ "-1" ]
      },
      "Content": "{\"id\":\"/subscriptions/f141e9f2-4778-45a4-9aa0-8b31e6469454/resourceGroups/pwshRg9xk0p7/providers/microsoft.devcenter/devcenters/pwshDcbfj81w/catalogs/o8ckqd\",\"name\":\"o8ckqd\",\"type\":\"microsoft.devcenter/devcenters/catalogs\",\"systemData\":{\"createdBy\":\"amlim@microsoft.com\",\"createdByType\":\"User\",\"createdAt\":\"2023-06-21T03:59:21.2696249Z\",\"lastModifiedBy\":\"amlim@microsoft.com\",\"lastModifiedByType\":\"User\",\"lastModifiedAt\":\"2023-06-21T03:59:21.2696249Z\"},\"properties\":{\"provisioningState\":\"Succeeded\",\"syncState\":\"Failed\",\"gitHub\":{\"uri\":\"https://github.com/fake/fake.git\",\"branch\":\"main\",\"secretIdentifier\":\"https://dummyVault/dummy/00000000\",\"path\":\"/Environments\"},\"lastSyncTime\":\"2023-06-21T03:59:35.3808422Z\"}}",
      "isContentBase64": false
    }
  },
  "Get-AzDevCenterAdminCatalog+[NoContext]+GetViaIdentity+$GET+https://management.azure.com/subscriptions/f141e9f2-4778-45a4-9aa0-8b31e6469454/resourceGroups/pwshRg9xk0p7/providers/Microsoft.DevCenter/devcenters/pwshDcbfj81w/catalogs/o8ckqd?api-version=2023-04-01+1": {
    "Request": {
      "Method": "GET",
      "RequestUri": "https://management.azure.com/subscriptions/f141e9f2-4778-45a4-9aa0-8b31e6469454/resourceGroups/pwshRg9xk0p7/providers/Microsoft.DevCenter/devcenters/pwshDcbfj81w/catalogs/o8ckqd?api-version=2023-04-01",
      "Content": null,
      "isContentBase64": false,
      "Headers": {
        "x-ms-unique-id": [ "9" ],
        "x-ms-client-request-id": [ "6e3e49b9-75ad-4ea3-8edc-a417f162595c" ],
        "CommandName": [ "Get-AzDevCenterAdminCatalog" ],
        "FullCommandName": [ "Get-AzDevCenterAdminCatalog_Get" ],
        "ParameterSetName": [ "__AllParameterSets" ],
        "User-Agent": [ "AzurePowershell/v9.4.0", "PSVersion/v7.2.11", "Az.DevCenter/0.1.0" ],
        "Authorization": [ "[Filtered]" ]
      },
      "ContentHeaders": {
      }
    },
    "Response": {
      "StatusCode": 200,
      "Headers": {
        "Cache-Control": [ "no-cache" ],
        "Pragma": [ "no-cache" ],
        "ETag": [ "\"6b006d76-0000-0a00-0000-649275a70000\"" ],
        "x-ms-ratelimit-remaining-subscription-reads": [ "11993" ],
        "x-ms-providerhub-traffic": [ "True" ],
        "x-ms-request-id": [ "74e3c40e-a422-4523-b673-993a7c39f02e" ],
        "x-ms-correlation-request-id": [ "812e0036-112c-4aaa-a7d9-7aba6a6430a8" ],
        "x-ms-routing-request-id": [ "WESTUS:20230621T040610Z:812e0036-112c-4aaa-a7d9-7aba6a6430a8" ],
        "Strict-Transport-Security": [ "max-age=31536000; includeSubDomains" ],
        "X-Content-Type-Options": [ "nosniff" ],
        "Date": [ "Wed, 21 Jun 2023 04:06:10 GMT" ]
      },
      "ContentHeaders": {
        "Content-Length": [ "782" ],
        "Content-Type": [ "application/json; charset=utf-8" ],
        "Expires": [ "-1" ]
      },
      "Content": "{\"id\":\"/subscriptions/f141e9f2-4778-45a4-9aa0-8b31e6469454/resourceGroups/pwshRg9xk0p7/providers/microsoft.devcenter/devcenters/pwshDcbfj81w/catalogs/o8ckqd\",\"name\":\"o8ckqd\",\"type\":\"microsoft.devcenter/devcenters/catalogs\",\"systemData\":{\"createdBy\":\"amlim@microsoft.com\",\"createdByType\":\"User\",\"createdAt\":\"2023-06-21T03:59:21.2696249Z\",\"lastModifiedBy\":\"amlim@microsoft.com\",\"lastModifiedByType\":\"User\",\"lastModifiedAt\":\"2023-06-21T03:59:21.2696249Z\"},\"properties\":{\"provisioningState\":\"Succeeded\",\"syncState\":\"Failed\",\"gitHub\":{\"uri\":\"https://github.com/fake/fake.git\",\"branch\":\"main\",\"secretIdentifier\":\"https://dummyVault/dummy/00000000\",\"path\":\"/Environments\"},\"lastSyncTime\":\"2023-06-21T03:59:35.3808422Z\"}}",
      "isContentBase64": false
    }
  },
  "Get-AzDevCenterAdminCatalog+[NoContext]+GetViaIdentity+$GET+https://management.azure.com/subscriptions/f141e9f2-4778-45a4-9aa0-8b31e6469454/resourceGroups/pwshRg9xk0p7/providers/Microsoft.DevCenter/devcenters/pwshDcbfj81w/catalogs/o8ckqd?api-version=2023-04-01+2": {
    "Request": {
      "Method": "GET",
      "RequestUri": "https://management.azure.com/subscriptions/f141e9f2-4778-45a4-9aa0-8b31e6469454/resourceGroups/pwshRg9xk0p7/providers/Microsoft.DevCenter/devcenters/pwshDcbfj81w/catalogs/o8ckqd?api-version=2023-04-01",
      "Content": null,
      "isContentBase64": false,
      "Headers": {
        "x-ms-unique-id": [ "10" ],
        "x-ms-client-request-id": [ "70d43622-b638-434c-b76b-560f47f36074" ],
        "CommandName": [ "Get-AzDevCenterAdminCatalog" ],
        "FullCommandName": [ "Get-AzDevCenterAdminCatalog_GetViaIdentity" ],
        "ParameterSetName": [ "__AllParameterSets" ],
        "User-Agent": [ "AzurePowershell/v9.4.0", "PSVersion/v7.2.11", "Az.DevCenter/0.1.0" ],
        "Authorization": [ "[Filtered]" ]
      },
      "ContentHeaders": {
      }
    },
    "Response": {
      "StatusCode": 200,
      "Headers": {
        "Cache-Control": [ "no-cache" ],
        "Pragma": [ "no-cache" ],
        "ETag": [ "\"6b006d76-0000-0a00-0000-649275a70000\"" ],
        "x-ms-ratelimit-remaining-subscription-reads": [ "11992" ],
        "x-ms-providerhub-traffic": [ "True" ],
        "x-ms-request-id": [ "327e3f04-8429-4271-8ac2-25be23b5de17" ],
        "x-ms-correlation-request-id": [ "12081eb4-5df5-4f62-8572-a96d8aa18f11" ],
        "x-ms-routing-request-id": [ "WESTUS:20230621T040610Z:12081eb4-5df5-4f62-8572-a96d8aa18f11" ],
        "Strict-Transport-Security": [ "max-age=31536000; includeSubDomains" ],
        "X-Content-Type-Options": [ "nosniff" ],
        "Date": [ "Wed, 21 Jun 2023 04:06:10 GMT" ]
      },
      "ContentHeaders": {
        "Content-Length": [ "782" ],
        "Content-Type": [ "application/json; charset=utf-8" ],
        "Expires": [ "-1" ]
      },
      "Content": "{\"id\":\"/subscriptions/f141e9f2-4778-45a4-9aa0-8b31e6469454/resourceGroups/pwshRg9xk0p7/providers/microsoft.devcenter/devcenters/pwshDcbfj81w/catalogs/o8ckqd\",\"name\":\"o8ckqd\",\"type\":\"microsoft.devcenter/devcenters/catalogs\",\"systemData\":{\"createdBy\":\"amlim@microsoft.com\",\"createdByType\":\"User\",\"createdAt\":\"2023-06-21T03:59:21.2696249Z\",\"lastModifiedBy\":\"amlim@microsoft.com\",\"lastModifiedByType\":\"User\",\"lastModifiedAt\":\"2023-06-21T03:59:21.2696249Z\"},\"properties\":{\"provisioningState\":\"Succeeded\",\"syncState\":\"Failed\",\"gitHub\":{\"uri\":\"https://github.com/fake/fake.git\",\"branch\":\"main\",\"secretIdentifier\":\"https://dummyVault/dummy/00000000\",\"path\":\"/Environments\"},\"lastSyncTime\":\"2023-06-21T03:59:35.3808422Z\"}}",
      "isContentBase64": false
    }
  }
}