{
  "Get-AzDevCenterAdminCatalog+[NoContext]+List+$GET+https://management.azure.com/subscriptions/f141e9f2-4778-45a4-9aa0-8b31e6469454/resourceGroups/pwshRgh70glc/providers/Microsoft.DevCenter/devcenters/pwshDcsn9t6m/catalogs?api-version=2023-04-01+1": {
    "Request": {
      "Method": "GET",
      "RequestUri": "https://management.azure.com/subscriptions/f141e9f2-4778-45a4-9aa0-8b31e6469454/resourceGroups/pwshRgh70glc/providers/Microsoft.DevCenter/devcenters/pwshDcsn9t6m/catalogs?api-version=2023-04-01",
      "Content": null,
      "isContentBase64": false,
      "Headers": {
        "x-ms-unique-id": [ "7" ],
        "x-ms-client-request-id": [ "316716bd-e157-4a9c-9a7f-c10f620e1092" ],
        "CommandName": [ "Get-AzDevCenterAdminCatalog" ],
        "FullCommandName": [ "Get-AzDevCenterAdminCatalog_List" ],
        "ParameterSetName": [ "__AllParameterSets" ],
        "User-Agent": [ "AzurePowershell/v9.4.0", "PSVersion/v7.2.11", "Az.DevCenter/0.1.0" ],
        "Authorization": [ "[Filtered]" ]
      },
      "ContentHeaders": {
      }
    },
    "Response": {
      "StatusCode": 200,
      "Headers": {
        "Cache-Control": [ "no-cache" ],
        "Pragma": [ "no-cache" ],
        "x-ms-ratelimit-remaining-subscription-reads": [ "11992" ],
        "x-ms-providerhub-traffic": [ "True" ],
        "x-ms-request-id": [ "ab33eb3a-ce5d-4640-a54a-9ef472b55c7c" ],
        "x-ms-correlation-request-id": [ "37a2cdc2-77da-4963-a372-23589a0c3ed9" ],
        "x-ms-routing-request-id": [ "WESTUS:20230621T062625Z:37a2cdc2-77da-4963-a372-23589a0c3ed9" ],
        "Strict-Transport-Security": [ "max-age=31536000; includeSubDomains" ],
        "X-Content-Type-Options": [ "nosniff" ],
        "Date": [ "Wed, 21 Jun 2023 06:26:25 GMT" ]
      },
      "ContentHeaders": {
        "Content-Length": [ "2360" ],
        "Content-Type": [ "application/json; charset=utf-8" ],
        "Expires": [ "-1" ]
      },
      "Content": "{\"value\":[{\"id\":\"/subscriptions/f141e9f2-4778-45a4-9aa0-8b31e6469454/resourceGroups/pwshRgh70glc/providers/microsoft.devcenter/devcenters/pwshDcsn9t6m/catalogs/qt5rmw\",\"name\":\"qt5rmw\",\"type\":\"microsoft.devcenter/devcenters/catalogs\",\"systemData\":{\"createdBy\":\"amlim@microsoft.com\",\"createdByType\":\"User\",\"createdAt\":\"2023-06-21T06:20:13.3186771Z\",\"lastModifiedBy\":\"amlim@microsoft.com\",\"lastModifiedByType\":\"User\",\"lastModifiedAt\":\"2023-06-21T06:20:13.3186771Z\"},\"properties\":{\"provisioningState\":\"Succeeded\",\"syncState\":\"Failed\",\"gitHub\":{\"uri\":\"https://github.com/fake/fake.git\",\"branch\":\"main\",\"secretIdentifier\":\"https://dummyVault/dummy/00000000\",\"path\":\"/Environments\"},\"lastSyncTime\":\"2023-06-21T06:20:19.3120269Z\"}},{\"id\":\"/subscriptions/f141e9f2-4778-45a4-9aa0-8b31e6469454/resourceGroups/pwshRgh70glc/providers/microsoft.devcenter/devcenters/pwshDcsn9t6m/catalogs/4rq6hc\",\"name\":\"4rq6hc\",\"type\":\"microsoft.devcenter/devcenters/catalogs\",\"systemData\":{\"createdBy\":\"amlim@microsoft.com\",\"createdByType\":\"User\",\"createdAt\":\"2023-06-21T06:20:13.3186771Z\",\"lastModifiedBy\":\"amlim@microsoft.com\",\"lastModifiedByType\":\"User\",\"lastModifiedAt\":\"2023-06-21T06:20:13.3186771Z\"},\"properties\":{\"provisioningState\":\"Succeeded\",\"syncState\":\"Failed\",\"gitHub\":{\"uri\":\"https://github.com/fake/fake.git\",\"branch\":\"main\",\"secretIdentifier\":\"https://dummyVault/dummy/00000000\",\"path\":\"/Environments\"},\"lastSyncTime\":\"2023-06-21T06:20:19.8763319Z\"}},{\"id\":\"/subscriptions/f141e9f2-4778-45a4-9aa0-8b31e6469454/resourceGroups/pwshRgh70glc/providers/microsoft.devcenter/devcenters/pwshDcsn9t6m/catalogs/emlwtr\",\"name\":\"emlwtr\",\"type\":\"microsoft.devcenter/devcenters/catalogs\",\"systemData\":{\"createdBy\":\"amlim@microsoft.com\",\"createdByType\":\"User\",\"createdAt\":\"2023-06-21T06:20:13.3186771Z\",\"lastModifiedBy\":\"amlim@microsoft.com\",\"lastModifiedByType\":\"User\",\"lastModifiedAt\":\"2023-06-21T06:20:13.3186771Z\"},\"properties\":{\"provisioningState\":\"Succeeded\",\"syncState\":\"Failed\",\"gitHub\":{\"uri\":\"https://github.com/fake/fake.git\",\"branch\":\"main\",\"secretIdentifier\":\"https://dummyVault/dummy/00000000\",\"path\":\"/Environments\"},\"lastSyncTime\":\"2023-06-21T06:20:16.5677617Z\"}}]}",
      "isContentBase64": false
    }
  },
  "Get-AzDevCenterAdminCatalog+[NoContext]+Get+$GET+https://management.azure.com/subscriptions/f141e9f2-4778-45a4-9aa0-8b31e6469454/resourceGroups/pwshRgh70glc/providers/Microsoft.DevCenter/devcenters/pwshDcsn9t6m/catalogs/qt5rmw?api-version=2023-04-01+1": {
    "Request": {
      "Method": "GET",
      "RequestUri": "https://management.azure.com/subscriptions/f141e9f2-4778-45a4-9aa0-8b31e6469454/resourceGroups/pwshRgh70glc/providers/Microsoft.DevCenter/devcenters/pwshDcsn9t6m/catalogs/qt5rmw?api-version=2023-04-01",
      "Content": null,
      "isContentBase64": false,
      "Headers": {
        "x-ms-unique-id": [ "8" ],
        "x-ms-client-request-id": [ "251cd14a-8210-4eed-b1a2-6995720a5a53" ],
        "CommandName": [ "Get-AzDevCenterAdminCatalog" ],
        "FullCommandName": [ "Get-AzDevCenterAdminCatalog_Get" ],
        "ParameterSetName": [ "__AllParameterSets" ],
        "User-Agent": [ "AzurePowershell/v9.4.0", "PSVersion/v7.2.11", "Az.DevCenter/0.1.0" ],
        "Authorization": [ "[Filtered]" ]
      },
      "ContentHeaders": {
      }
    },
    "Response": {
      "StatusCode": 200,
      "Headers": {
        "Cache-Control": [ "no-cache" ],
        "Pragma": [ "no-cache" ],
        "ETag": [ "\"6c004960-0000-0a00-0000-649296a30000\"" ],
        "x-ms-ratelimit-remaining-subscription-reads": [ "11991" ],
        "x-ms-providerhub-traffic": [ "True" ],
        "x-ms-request-id": [ "a8be631b-846c-46f5-a5f3-a68736f40293" ],
        "x-ms-correlation-request-id": [ "d9081392-d973-4c4a-899a-ce1fa84449b6" ],
        "x-ms-routing-request-id": [ "WESTUS:20230621T062625Z:d9081392-d973-4c4a-899a-ce1fa84449b6" ],
        "Strict-Transport-Security": [ "max-age=31536000; includeSubDomains" ],
        "X-Content-Type-Options": [ "nosniff" ],
        "Date": [ "Wed, 21 Jun 2023 06:26:25 GMT" ]
      },
      "ContentHeaders": {
        "Content-Length": [ "782" ],
        "Content-Type": [ "application/json; charset=utf-8" ],
        "Expires": [ "-1" ]
      },
      "Content": "{\"id\":\"/subscriptions/f141e9f2-4778-45a4-9aa0-8b31e6469454/resourceGroups/pwshRgh70glc/providers/microsoft.devcenter/devcenters/pwshDcsn9t6m/catalogs/qt5rmw\",\"name\":\"qt5rmw\",\"type\":\"microsoft.devcenter/devcenters/catalogs\",\"systemData\":{\"createdBy\":\"amlim@microsoft.com\",\"createdByType\":\"User\",\"createdAt\":\"2023-06-21T06:20:13.3186771Z\",\"lastModifiedBy\":\"amlim@microsoft.com\",\"lastModifiedByType\":\"User\",\"lastModifiedAt\":\"2023-06-21T06:20:13.3186771Z\"},\"properties\":{\"provisioningState\":\"Succeeded\",\"syncState\":\"Failed\",\"gitHub\":{\"uri\":\"https://github.com/fake/fake.git\",\"branch\":\"main\",\"secretIdentifier\":\"https://dummyVault/dummy/00000000\",\"path\":\"/Environments\"},\"lastSyncTime\":\"2023-06-21T06:20:19.3120269Z\"}}",
      "isContentBase64": false
    }
  },
  "Get-AzDevCenterAdminCatalog+[NoContext]+GetViaIdentity+$GET+https://management.azure.com/subscriptions/f141e9f2-4778-45a4-9aa0-8b31e6469454/resourceGroups/pwshRgh70glc/providers/Microsoft.DevCenter/devcenters/pwshDcsn9t6m/catalogs/qt5rmw?api-version=2023-04-01+1": {
    "Request": {
      "Method": "GET",
      "RequestUri": "https://management.azure.com/subscriptions/f141e9f2-4778-45a4-9aa0-8b31e6469454/resourceGroups/pwshRgh70glc/providers/Microsoft.DevCenter/devcenters/pwshDcsn9t6m/catalogs/qt5rmw?api-version=2023-04-01",
      "Content": null,
      "isContentBase64": false,
      "Headers": {
        "x-ms-unique-id": [ "9" ],
        "x-ms-client-request-id": [ "43e03597-d182-432a-aa3b-e163f60f663d" ],
        "CommandName": [ "Get-AzDevCenterAdminCatalog" ],
        "FullCommandName": [ "Get-AzDevCenterAdminCatalog_Get" ],
        "ParameterSetName": [ "__AllParameterSets" ],
        "User-Agent": [ "AzurePowershell/v9.4.0", "PSVersion/v7.2.11", "Az.DevCenter/0.1.0" ],
        "Authorization": [ "[Filtered]" ]
      },
      "ContentHeaders": {
      }
    },
    "Response": {
      "StatusCode": 200,
      "Headers": {
        "Cache-Control": [ "no-cache" ],
        "Pragma": [ "no-cache" ],
        "ETag": [ "\"6c004960-0000-0a00-0000-649296a30000\"" ],
        "x-ms-ratelimit-remaining-subscription-reads": [ "11990" ],
        "x-ms-providerhub-traffic": [ "True" ],
        "x-ms-request-id": [ "e7423625-ae53-4714-a512-31e0ae157582" ],
        "x-ms-correlation-request-id": [ "5a4fed3d-29c4-4af0-bfab-4dff26c33e01" ],
        "x-ms-routing-request-id": [ "WESTUS:20230621T062625Z:5a4fed3d-29c4-4af0-bfab-4dff26c33e01" ],
        "Strict-Transport-Security": [ "max-age=31536000; includeSubDomains" ],
        "X-Content-Type-Options": [ "nosniff" ],
        "Date": [ "Wed, 21 Jun 2023 06:26:25 GMT" ]
      },
      "ContentHeaders": {
        "Content-Length": [ "782" ],
        "Content-Type": [ "application/json; charset=utf-8" ],
        "Expires": [ "-1" ]
      },
      "Content": "{\"id\":\"/subscriptions/f141e9f2-4778-45a4-9aa0-8b31e6469454/resourceGroups/pwshRgh70glc/providers/microsoft.devcenter/devcenters/pwshDcsn9t6m/catalogs/qt5rmw\",\"name\":\"qt5rmw\",\"type\":\"microsoft.devcenter/devcenters/catalogs\",\"systemData\":{\"createdBy\":\"amlim@microsoft.com\",\"createdByType\":\"User\",\"createdAt\":\"2023-06-21T06:20:13.3186771Z\",\"lastModifiedBy\":\"amlim@microsoft.com\",\"lastModifiedByType\":\"User\",\"lastModifiedAt\":\"2023-06-21T06:20:13.3186771Z\"},\"properties\":{\"provisioningState\":\"Succeeded\",\"syncState\":\"Failed\",\"gitHub\":{\"uri\":\"https://github.com/fake/fake.git\",\"branch\":\"main\",\"secretIdentifier\":\"https://dummyVault/dummy/00000000\",\"path\":\"/Environments\"},\"lastSyncTime\":\"2023-06-21T06:20:19.3120269Z\"}}",
      "isContentBase64": false
    }
  },
  "Get-AzDevCenterAdminCatalog+[NoContext]+GetViaIdentity+$GET+https://management.azure.com/subscriptions/f141e9f2-4778-45a4-9aa0-8b31e6469454/resourceGroups/pwshRgh70glc/providers/Microsoft.DevCenter/devcenters/pwshDcsn9t6m/catalogs/qt5rmw?api-version=2023-04-01+2": {
    "Request": {
      "Method": "GET",
      "RequestUri": "https://management.azure.com/subscriptions/f141e9f2-4778-45a4-9aa0-8b31e6469454/resourceGroups/pwshRgh70glc/providers/Microsoft.DevCenter/devcenters/pwshDcsn9t6m/catalogs/qt5rmw?api-version=2023-04-01",
      "Content": null,
      "isContentBase64": false,
      "Headers": {
        "x-ms-unique-id": [ "10" ],
        "x-ms-client-request-id": [ "94ed25dd-9877-41b2-9c65-891b3b88f33f" ],
        "CommandName": [ "Get-AzDevCenterAdminCatalog" ],
        "FullCommandName": [ "Get-AzDevCenterAdminCatalog_GetViaIdentity" ],
        "ParameterSetName": [ "__AllParameterSets" ],
        "User-Agent": [ "AzurePowershell/v9.4.0", "PSVersion/v7.2.11", "Az.DevCenter/0.1.0" ],
        "Authorization": [ "[Filtered]" ]
      },
      "ContentHeaders": {
      }
    },
    "Response": {
      "StatusCode": 200,
      "Headers": {
        "Cache-Control": [ "no-cache" ],
        "Pragma": [ "no-cache" ],
        "ETag": [ "\"6c004960-0000-0a00-0000-649296a30000\"" ],
        "x-ms-ratelimit-remaining-subscription-reads": [ "11989" ],
        "x-ms-providerhub-traffic": [ "True" ],
        "x-ms-request-id": [ "e4bb5f63-54c7-4244-a08e-8f30a9680d49" ],
        "x-ms-correlation-request-id": [ "0a3e9128-5638-46b7-ab55-676498295eb8" ],
        "x-ms-routing-request-id": [ "WESTUS:20230621T062626Z:0a3e9128-5638-46b7-ab55-676498295eb8" ],
        "Strict-Transport-Security": [ "max-age=31536000; includeSubDomains" ],
        "X-Content-Type-Options": [ "nosniff" ],
        "Date": [ "Wed, 21 Jun 2023 06:26:25 GMT" ]
      },
      "ContentHeaders": {
        "Content-Length": [ "782" ],
        "Content-Type": [ "application/json; charset=utf-8" ],
        "Expires": [ "-1" ]
      },
      "Content": "{\"id\":\"/subscriptions/f141e9f2-4778-45a4-9aa0-8b31e6469454/resourceGroups/pwshRgh70glc/providers/microsoft.devcenter/devcenters/pwshDcsn9t6m/catalogs/qt5rmw\",\"name\":\"qt5rmw\",\"type\":\"microsoft.devcenter/devcenters/catalogs\",\"systemData\":{\"createdBy\":\"amlim@microsoft.com\",\"createdByType\":\"User\",\"createdAt\":\"2023-06-21T06:20:13.3186771Z\",\"lastModifiedBy\":\"amlim@microsoft.com\",\"lastModifiedByType\":\"User\",\"lastModifiedAt\":\"2023-06-21T06:20:13.3186771Z\"},\"properties\":{\"provisioningState\":\"Succeeded\",\"syncState\":\"Failed\",\"gitHub\":{\"uri\":\"https://github.com/fake/fake.git\",\"branch\":\"main\",\"secretIdentifier\":\"https://dummyVault/dummy/00000000\",\"path\":\"/Environments\"},\"lastSyncTime\":\"2023-06-21T06:20:19.3120269Z\"}}",
      "isContentBase64": false
    }
  }
}