{
  "Get-AzDevCenterAdminImageVersion+[NoContext]+List+$GET+https://management.azure.com/subscriptions/f141e9f2-4778-45a4-9aa0-8b31e6469454/resourceGroups/pwshRgh70glc/providers/Microsoft.DevCenter/devcenters/pwshDcsn9t6m/galleries/Default/images/MicrosoftWindowsDesktop_windows-ent-cpc_win11-22h2-ent-cpc-os/versions?api-version=2023-04-01+1": {
    "Request": {
      "Method": "GET",
      "RequestUri": "https://management.azure.com/subscriptions/f141e9f2-4778-45a4-9aa0-8b31e6469454/resourceGroups/pwshRgh70glc/providers/Microsoft.DevCenter/devcenters/pwshDcsn9t6m/galleries/Default/images/MicrosoftWindowsDesktop_windows-ent-cpc_win11-22h2-ent-cpc-os/versions?api-version=2023-04-01",
      "Content": null,
      "isContentBase64": false,
      "Headers": {
        "x-ms-unique-id": [ "33" ],
        "x-ms-client-request-id": [ "d8430648-3542-4ccb-a8a7-f0d10c97442f" ],
        "CommandName": [ "Get-AzDevCenterAdminImageVersion" ],
        "FullCommandName": [ "Get-AzDevCenterAdminImageVersion_List" ],
        "ParameterSetName": [ "__AllParameterSets" ],
        "User-Agent": [ "AzurePowershell/v9.4.0", "PSVersion/v7.2.11", "Az.DevCenter/0.1.0" ],
        "Authorization": [ "[Filtered]" ]
      },
      "ContentHeaders": {
      }
    },
    "Response": {
      "StatusCode": 200,
      "Headers": {
        "Cache-Control": [ "no-cache" ],
        "Pragma": [ "no-cache" ],
        "x-ms-ratelimit-remaining-subscription-reads": [ "11966" ],
        "x-ms-providerhub-traffic": [ "True" ],
        "X-Rate-Limit-Limit": [ "1m" ],
        "X-Rate-Limit-Remaining": [ "298" ],
        "X-Rate-Limit-Reset": [ "2023-06-21T06:27:37.9460595Z" ],
        "Strict-Transport-Security": [ "max-age=31536000; includeSubDomains" ],
        "x-ms-request-id": [ "72d0e025-13f9-4ecb-a0e3-cb17cd44fc6c" ],
        "x-ms-correlation-request-id": [ "b0212139-3a5c-43f3-9edf-51055b6cef08" ],
        "x-ms-routing-request-id": [ "WESTUS:20230621T062639Z:b0212139-3a5c-43f3-9edf-51055b6cef08" ],
        "X-Content-Type-Options": [ "nosniff" ],
        "Date": [ "Wed, 21 Jun 2023 06:26:38 GMT" ]
      },
      "ContentHeaders": {
        "Content-Length": [ "611" ],
        "Content-Type": [ "application/json; charset=utf-8" ],
        "Expires": [ "-1" ]
      },
      "Content": "{\"value\":[{\"id\":\"/subscriptions/f141e9f2-4778-45a4-9aa0-8b31e6469454/resourceGroups/pwshRgh70glc/providers/Microsoft.DevCenter/devcenters/pwshDcsn9t6m/galleries/Default/images/microsoftwindowsdesktop_windows-ent-cpc_win11-22h2-ent-cpc-os/versions/1.0.0\",\"name\":\"1.0.0\",\"type\":\"Microsoft.DevCenter/devcenters/galleries/images/versions\",\"systemData\":{\"createdByType\":\"Application\",\"createdAt\":\"2022-09-20T00:00:00Z\",\"lastModifiedByType\":\"Application\"},\"properties\":{\"name\":\"1.0.0\",\"publishedDate\":\"2022-09-20T00:00:00.000000Z\",\"excludeFromLatest\":false,\"osDiskImageSizeInGb\":64,\"provisioningState\":\"Succeeded\"}}]}",
      "isContentBase64": false
    }
  },
  "Get-AzDevCenterAdminImageVersion+[NoContext]+Get+$GET+https://management.azure.com/subscriptions/f141e9f2-4778-45a4-9aa0-8b31e6469454/resourceGroups/pwshRgh70glc/providers/Microsoft.DevCenter/devcenters/pwshDcsn9t6m/galleries/Default/images/MicrosoftWindowsDesktop_windows-ent-cpc_win11-22h2-ent-cpc-os/versions/1.0.0?api-version=2023-04-01+1": {
    "Request": {
      "Method": "GET",
      "RequestUri": "https://management.azure.com/subscriptions/f141e9f2-4778-45a4-9aa0-8b31e6469454/resourceGroups/pwshRgh70glc/providers/Microsoft.DevCenter/devcenters/pwshDcsn9t6m/galleries/Default/images/MicrosoftWindowsDesktop_windows-ent-cpc_win11-22h2-ent-cpc-os/versions/1.0.0?api-version=2023-04-01",
      "Content": null,
      "isContentBase64": false,
      "Headers": {
        "x-ms-unique-id": [ "34" ],
        "x-ms-client-request-id": [ "59603494-b8cb-428a-a52a-06b5f7ae6369" ],
        "CommandName": [ "Get-AzDevCenterAdminImageVersion" ],
        "FullCommandName": [ "Get-AzDevCenterAdminImageVersion_Get" ],
        "ParameterSetName": [ "__AllParameterSets" ],
        "User-Agent": [ "AzurePowershell/v9.4.0", "PSVersion/v7.2.11", "Az.DevCenter/0.1.0" ],
        "Authorization": [ "[Filtered]" ]
      },
      "ContentHeaders": {
      }
    },
    "Response": {
      "StatusCode": 200,
      "Headers": {
        "Cache-Control": [ "no-cache" ],
        "Pragma": [ "no-cache" ],
        "x-ms-ratelimit-remaining-subscription-reads": [ "11965" ],
        "x-ms-providerhub-traffic": [ "True" ],
        "X-Rate-Limit-Limit": [ "1m" ],
        "X-Rate-Limit-Remaining": [ "297" ],
        "X-Rate-Limit-Reset": [ "2023-06-21T06:27:37.2091378Z" ],
        "Strict-Transport-Security": [ "max-age=31536000; includeSubDomains" ],
        "x-ms-request-id": [ "0e6033dc-5674-4a56-8f7a-dd6ebbb7002a" ],
        "x-ms-correlation-request-id": [ "2980ecc4-1ea3-46b0-b679-9393b9e1b3e8" ],
        "x-ms-routing-request-id": [ "WESTUS:20230621T062639Z:2980ecc4-1ea3-46b0-b679-9393b9e1b3e8" ],
        "X-Content-Type-Options": [ "nosniff" ],
        "Date": [ "Wed, 21 Jun 2023 06:26:38 GMT" ]
      },
      "ContentHeaders": {
        "Content-Length": [ "599" ],
        "Content-Type": [ "application/json; charset=utf-8" ],
        "Expires": [ "-1" ]
      },
      "Content": "{\"id\":\"/subscriptions/f141e9f2-4778-45a4-9aa0-8b31e6469454/resourceGroups/pwshRgh70glc/providers/Microsoft.DevCenter/devcenters/pwshDcsn9t6m/galleries/Default/images/microsoftwindowsdesktop_windows-ent-cpc_win11-22h2-ent-cpc-os/versions/1.0.0\",\"name\":\"1.0.0\",\"type\":\"Microsoft.DevCenter/devcenters/galleries/images/versions\",\"systemData\":{\"createdByType\":\"Application\",\"createdAt\":\"2022-09-20T00:00:00Z\",\"lastModifiedByType\":\"Application\"},\"properties\":{\"name\":\"1.0.0\",\"publishedDate\":\"2022-09-20T00:00:00.000000Z\",\"excludeFromLatest\":false,\"osDiskImageSizeInGb\":64,\"provisioningState\":\"Succeeded\"}}",
      "isContentBase64": false
    }
  },
  "Get-AzDevCenterAdminImageVersion+[NoContext]+GetViaIdentity+$GET+https://management.azure.com/subscriptions/f141e9f2-4778-45a4-9aa0-8b31e6469454/resourceGroups/pwshRgh70glc/providers/Microsoft.DevCenter/devcenters/pwshDcsn9t6m/galleries/Default/images/MicrosoftWindowsDesktop_windows-ent-cpc_win11-22h2-ent-cpc-os/versions/1.0.0?api-version=2023-04-01+1": {
    "Request": {
      "Method": "GET",
      "RequestUri": "https://management.azure.com/subscriptions/f141e9f2-4778-45a4-9aa0-8b31e6469454/resourceGroups/pwshRgh70glc/providers/Microsoft.DevCenter/devcenters/pwshDcsn9t6m/galleries/Default/images/MicrosoftWindowsDesktop_windows-ent-cpc_win11-22h2-ent-cpc-os/versions/1.0.0?api-version=2023-04-01",
      "Content": null,
      "isContentBase64": false,
      "Headers": {
        "x-ms-unique-id": [ "35" ],
        "x-ms-client-request-id": [ "e59e226c-06f5-4fe3-af61-1df85b5875de" ],
        "CommandName": [ "Get-AzDevCenterAdminImageVersion" ],
        "FullCommandName": [ "Get-AzDevCenterAdminImageVersion_Get" ],
        "ParameterSetName": [ "__AllParameterSets" ],
        "User-Agent": [ "AzurePowershell/v9.4.0", "PSVersion/v7.2.11", "Az.DevCenter/0.1.0" ],
        "Authorization": [ "[Filtered]" ]
      },
      "ContentHeaders": {
      }
    },
    "Response": {
      "StatusCode": 200,
      "Headers": {
        "Cache-Control": [ "no-cache" ],
        "Pragma": [ "no-cache" ],
        "x-ms-ratelimit-remaining-subscription-reads": [ "11964" ],
        "x-ms-providerhub-traffic": [ "True" ],
        "X-Rate-Limit-Limit": [ "1m" ],
        "X-Rate-Limit-Remaining": [ "297" ],
        "X-Rate-Limit-Reset": [ "2023-06-21T06:27:37.6213215Z" ],
        "Strict-Transport-Security": [ "max-age=31536000; includeSubDomains" ],
        "x-ms-request-id": [ "49fd3a71-35ad-432e-92f5-c2cb39883f4e" ],
        "x-ms-correlation-request-id": [ "aa86a04c-ac9e-4dfb-8c81-12f875f39cae" ],
        "x-ms-routing-request-id": [ "WESTUS:20230621T062639Z:aa86a04c-ac9e-4dfb-8c81-12f875f39cae" ],
        "X-Content-Type-Options": [ "nosniff" ],
        "Date": [ "Wed, 21 Jun 2023 06:26:39 GMT" ]
      },
      "ContentHeaders": {
        "Content-Length": [ "599" ],
        "Content-Type": [ "application/json; charset=utf-8" ],
        "Expires": [ "-1" ]
      },
      "Content": "{\"id\":\"/subscriptions/f141e9f2-4778-45a4-9aa0-8b31e6469454/resourceGroups/pwshRgh70glc/providers/Microsoft.DevCenter/devcenters/pwshDcsn9t6m/galleries/Default/images/microsoftwindowsdesktop_windows-ent-cpc_win11-22h2-ent-cpc-os/versions/1.0.0\",\"name\":\"1.0.0\",\"type\":\"Microsoft.DevCenter/devcenters/galleries/images/versions\",\"systemData\":{\"createdByType\":\"Application\",\"createdAt\":\"2022-09-20T00:00:00Z\",\"lastModifiedByType\":\"Application\"},\"properties\":{\"name\":\"1.0.0\",\"publishedDate\":\"2022-09-20T00:00:00.000000Z\",\"excludeFromLatest\":false,\"osDiskImageSizeInGb\":64,\"provisioningState\":\"Succeeded\"}}",
      "isContentBase64": false
    }
  },
  "Get-AzDevCenterAdminImageVersion+[NoContext]+GetViaIdentity+$GET+https://management.azure.com/subscriptions/f141e9f2-4778-45a4-9aa0-8b31e6469454/resourceGroups/pwshRgh70glc/providers/Microsoft.DevCenter/devcenters/pwshDcsn9t6m/galleries/Default/images/microsoftwindowsdesktop_windows-ent-cpc_win11-22h2-ent-cpc-os/versions/1.0.0?api-version=2023-04-01+2": {
    "Request": {
      "Method": "GET",
      "RequestUri": "https://management.azure.com/subscriptions/f141e9f2-4778-45a4-9aa0-8b31e6469454/resourceGroups/pwshRgh70glc/providers/Microsoft.DevCenter/devcenters/pwshDcsn9t6m/galleries/Default/images/microsoftwindowsdesktop_windows-ent-cpc_win11-22h2-ent-cpc-os/versions/1.0.0?api-version=2023-04-01",
      "Content": null,
      "isContentBase64": false,
      "Headers": {
        "x-ms-unique-id": [ "36" ],
        "x-ms-client-request-id": [ "15cdc3ab-c0cd-4318-805e-9e07b5b373a3" ],
        "CommandName": [ "Get-AzDevCenterAdminImageVersion" ],
        "FullCommandName": [ "Get-AzDevCenterAdminImageVersion_GetViaIdentity" ],
        "ParameterSetName": [ "__AllParameterSets" ],
        "User-Agent": [ "AzurePowershell/v9.4.0", "PSVersion/v7.2.11", "Az.DevCenter/0.1.0" ],
        "Authorization": [ "[Filtered]" ]
      },
      "ContentHeaders": {
      }
    },
    "Response": {
      "StatusCode": 200,
      "Headers": {
        "Cache-Control": [ "no-cache" ],
        "Pragma": [ "no-cache" ],
        "x-ms-ratelimit-remaining-subscription-reads": [ "11963" ],
        "x-ms-providerhub-traffic": [ "True" ],
        "X-Rate-Limit-Limit": [ "1m" ],
        "X-Rate-Limit-Remaining": [ "297" ],
        "X-Rate-Limit-Reset": [ "2023-06-21T06:27:37.9460595Z" ],
        "Strict-Transport-Security": [ "max-age=31536000; includeSubDomains" ],
        "x-ms-request-id": [ "c880c573-93aa-4402-9974-56f5c8bda094" ],
        "x-ms-correlation-request-id": [ "0dc99307-36e4-421d-8f27-8065f07b0bbc" ],
        "x-ms-routing-request-id": [ "WESTUS:20230621T062639Z:0dc99307-36e4-421d-8f27-8065f07b0bbc" ],
        "X-Content-Type-Options": [ "nosniff" ],
        "Date": [ "Wed, 21 Jun 2023 06:26:39 GMT" ]
      },
      "ContentHeaders": {
        "Content-Length": [ "599" ],
        "Content-Type": [ "application/json; charset=utf-8" ],
        "Expires": [ "-1" ]
      },
      "Content": "{\"id\":\"/subscriptions/f141e9f2-4778-45a4-9aa0-8b31e6469454/resourceGroups/pwshRgh70glc/providers/Microsoft.DevCenter/devcenters/pwshDcsn9t6m/galleries/Default/images/microsoftwindowsdesktop_windows-ent-cpc_win11-22h2-ent-cpc-os/versions/1.0.0\",\"name\":\"1.0.0\",\"type\":\"Microsoft.DevCenter/devcenters/galleries/images/versions\",\"systemData\":{\"createdByType\":\"Application\",\"createdAt\":\"2022-09-20T00:00:00Z\",\"lastModifiedByType\":\"Application\"},\"properties\":{\"name\":\"1.0.0\",\"publishedDate\":\"2022-09-20T00:00:00.000000Z\",\"excludeFromLatest\":false,\"osDiskImageSizeInGb\":64,\"provisioningState\":\"Succeeded\"}}",
      "isContentBase64": false
    }
  }
}