{
  "New-AzDevCenterAdminDevBoxDefinition+[NoContext]+CreateExpanded+$PUT+https://management.azure.com/subscriptions/f141e9f2-4778-45a4-9aa0-8b31e6469454/resourceGroups/pwshRgwfpqgj/providers/Microsoft.DevCenter/devcenters/pwshDcisx0w8/devboxdefinitions/jg3t?api-version=2023-04-01+1": {
    "Request": {
      "Method": "PUT",
      "RequestUri": "https://management.azure.com/subscriptions/f141e9f2-4778-45a4-9aa0-8b31e6469454/resourceGroups/pwshRgwfpqgj/providers/Microsoft.DevCenter/devcenters/pwshDcisx0w8/devboxdefinitions/jg3t?api-version=2023-04-01",
      "Content": "{\r\n  \"location\": \"canadacentral\",\r\n  \"properties\": {\r\n    \"imageReference\": {\r\n      \"id\": \"/subscriptions/f141e9f2-4778-45a4-9aa0-8b31e6469454/resourceGroups/pwshRgwfpqgj/providers/Microsoft.DevCenter/devcenters/pwshDcisx0w8/galleries/Default/images/MicrosoftWindowsDesktop_windows-ent-cpc_win11-22h2-ent-cpc-os\"\r\n    },\r\n    \"sku\": {\r\n      \"name\": \"general_a_8c32gb_v1\"\r\n    },\r\n    \"osStorageType\": \"ssd_1024gb\",\r\n    \"hibernateSupport\": \"Enabled\"\r\n  }\r\n}",
      "isContentBase64": false,
      "Headers": {
      },
      "ContentHeaders": {
        "Content-Type": [ "application/json" ],
        "Content-Length": [ "459" ]
      }
    },
    "Response": {
      "StatusCode": 201,
      "Headers": {
        "Cache-Control": [ "no-cache" ],
        "Pragma": [ "no-cache" ],
        "ETag": [ "\"3d0010dd-0000-0a00-0000-649288eb0000\"" ],
        "x-ms-ratelimit-remaining-subscription-writes": [ "1195" ],
        "x-ms-providerhub-traffic": [ "True" ],
        "X-Rate-Limit-Limit": [ "1m" ],
        "X-Rate-Limit-Remaining": [ "299" ],
        "X-Rate-Limit-Reset": [ "2023-06-21T05:22:46.2386183Z" ],
        "Strict-Transport-Security": [ "max-age=31536000; includeSubDomains" ],
        "x-ms-quota": [ "{\"name\":{\"localizedValue\":null,\"value\":\"devBoxDefinitions\"},\"limit\":200,\"currentUsed\":20,\"category\":\"Informational\",\"scope\":\"subscription\",\"target\":\"/subscriptions/f141e9f2-4778-45a4-9aa0-8b31e6469454/\",\"region\":\"canadacentral\"}" ],
        "Azure-AsyncOperation": [ "https://management.azure.com/subscriptions/f141e9f2-4778-45a4-9aa0-8b31e6469454/providers/Microsoft.DevCenter/locations/CANADACENTRAL/operationStatuses/6b0020bd-233d-4879-8ac9-594e3d9e7bec*9BA40AFD57B9742785BD340035D118EAA349DDCDA05BED4C77A39570E5837467?api-version=2023-04-01" ],
        "x-ms-request-id": [ "6b0020bd-233d-4879-8ac9-594e3d9e7bec" ],
        "x-ms-correlation-request-id": [ "daf64a52-146b-4869-b020-7f86bfc5287f" ],
        "x-ms-routing-request-id": [ "WESTUS:20230621T052147Z:daf64a52-146b-4869-b020-7f86bfc5287f" ],
        "X-Content-Type-Options": [ "nosniff" ],
        "Date": [ "Wed, 21 Jun 2023 05:21:47 GMT" ]
      },
      "ContentHeaders": {
        "Content-Length": [ "882" ],
        "Content-Type": [ "application/json; charset=utf-8" ],
        "Expires": [ "-1" ]
      },
      "Content": "{\"id\":\"/subscriptions/f141e9f2-4778-45a4-9aa0-8b31e6469454/resourceGroups/pwshRgwfpqgj/providers/Microsoft.DevCenter/devcenters/pwshDcisx0w8/devboxdefinitions/jg3t\",\"name\":\"jg3t\",\"type\":\"microsoft.devcenter/devcenters/devboxdefinitions\",\"location\":\"canadacentral\",\"systemData\":{\"createdBy\":\"amlim@microsoft.com\",\"createdByType\":\"User\",\"createdAt\":\"2023-06-21T05:21:46.1277519Z\",\"lastModifiedBy\":\"amlim@microsoft.com\",\"lastModifiedByType\":\"User\",\"lastModifiedAt\":\"2023-06-21T05:21:46.1277519Z\"},\"properties\":{\"provisioningState\":\"Accepted\",\"imageReference\":{\"id\":\"/subscriptions/f141e9f2-4778-45a4-9aa0-8b31e6469454/resourceGroups/pwshRgwfpqgj/providers/Microsoft.DevCenter/devcenters/pwshDcisx0w8/galleries/Default/images/MicrosoftWindowsDesktop_windows-ent-cpc_win11-22h2-ent-cpc-os\"},\"sku\":{\"name\":\"general_a_8c32gb_v1\"},\"osStorageType\":\"ssd_1024gb\",\"hibernateSupport\":\"Enabled\"}}",
      "isContentBase64": false
    }
  },
  "New-AzDevCenterAdminDevBoxDefinition+[NoContext]+CreateExpanded+$GET+https://management.azure.com/subscriptions/f141e9f2-4778-45a4-9aa0-8b31e6469454/providers/Microsoft.DevCenter/locations/CANADACENTRAL/operationStatuses/6b0020bd-233d-4879-8ac9-594e3d9e7bec*9BA40AFD57B9742785BD340035D118EAA349DDCDA05BED4C77A39570E5837467?api-version=2023-04-01+2": {
    "Request": {
      "Method": "GET",
      "RequestUri": "https://management.azure.com/subscriptions/f141e9f2-4778-45a4-9aa0-8b31e6469454/providers/Microsoft.DevCenter/locations/CANADACENTRAL/operationStatuses/6b0020bd-233d-4879-8ac9-594e3d9e7bec*9BA40AFD57B9742785BD340035D118EAA349DDCDA05BED4C77A39570E5837467?api-version=2023-04-01",
      "Content": null,
      "isContentBase64": false,
      "Headers": {
        "Authorization": [ "[Filtered]" ],
        "x-ms-unique-id": [ "85" ],
        "x-ms-client-request-id": [ "b9c3a8da-b949-4970-b3c4-b223d948ebda" ],
        "CommandName": [ "New-AzDevCenterAdminDevBoxDefinition" ],
        "FullCommandName": [ "New-AzDevCenterAdminDevBoxDefinition_CreateExpanded" ],
        "ParameterSetName": [ "__AllParameterSets" ],
        "User-Agent": [ "AzurePowershell/v9.4.0", "PSVersion/v7.2.11", "Az.DevCenter/0.1.0" ]
      },
      "ContentHeaders": {
      }
    },
    "Response": {
      "StatusCode": 200,
      "Headers": {
        "Cache-Control": [ "no-cache" ],
        "Pragma": [ "no-cache" ],
        "ETag": [ "\"1b009413-0000-0a00-0000-649288ea0000\"" ],
        "x-ms-ratelimit-remaining-subscription-reads": [ "11926" ],
        "x-ms-request-id": [ "aae67905-915b-478e-85ec-777ae78eeb63" ],
        "x-ms-correlation-request-id": [ "0a8c800f-887e-4e98-8363-321509830bd1" ],
        "x-ms-routing-request-id": [ "WESTUS:20230621T052217Z:0a8c800f-887e-4e98-8363-321509830bd1" ],
        "Strict-Transport-Security": [ "max-age=31536000; includeSubDomains" ],
        "X-Content-Type-Options": [ "nosniff" ],
        "Date": [ "Wed, 21 Jun 2023 05:22:16 GMT" ]
      },
      "ContentHeaders": {
        "Content-Length": [ "579" ],
        "Content-Type": [ "application/json; charset=utf-8" ],
        "Expires": [ "-1" ]
      },
      "Content": "{\"id\":\"/subscriptions/f141e9f2-4778-45a4-9aa0-8b31e6469454/providers/Microsoft.DevCenter/locations/CANADACENTRAL/operationStatuses/6b0020bd-233d-4879-8ac9-594e3d9e7bec*9BA40AFD57B9742785BD340035D118EAA349DDCDA05BED4C77A39570E5837467\",\"name\":\"6b0020bd-233d-4879-8ac9-594e3d9e7bec*9BA40AFD57B9742785BD340035D118EAA349DDCDA05BED4C77A39570E5837467\",\"resourceId\":\"/subscriptions/f141e9f2-4778-45a4-9aa0-8b31e6469454/resourceGroups/pwshRgwfpqgj/providers/Microsoft.DevCenter/devcenters/pwshDcisx0w8/devboxdefinitions/jg3t\",\"status\":\"Accepted\",\"startTime\":\"2023-06-21T05:21:46.393141Z\"}",
      "isContentBase64": false
    }
  },
  "New-AzDevCenterAdminDevBoxDefinition+[NoContext]+CreateExpanded+$GET+https://management.azure.com/subscriptions/f141e9f2-4778-45a4-9aa0-8b31e6469454/providers/Microsoft.DevCenter/locations/CANADACENTRAL/operationStatuses/6b0020bd-233d-4879-8ac9-594e3d9e7bec*9BA40AFD57B9742785BD340035D118EAA349DDCDA05BED4C77A39570E5837467?api-version=2023-04-01+3": {
    "Request": {
      "Method": "GET",
      "RequestUri": "https://management.azure.com/subscriptions/f141e9f2-4778-45a4-9aa0-8b31e6469454/providers/Microsoft.DevCenter/locations/CANADACENTRAL/operationStatuses/6b0020bd-233d-4879-8ac9-594e3d9e7bec*9BA40AFD57B9742785BD340035D118EAA349DDCDA05BED4C77A39570E5837467?api-version=2023-04-01",
      "Content": null,
      "isContentBase64": false,
      "Headers": {
        "Authorization": [ "[Filtered]" ],
        "x-ms-unique-id": [ "86" ],
        "x-ms-client-request-id": [ "b9c3a8da-b949-4970-b3c4-b223d948ebda" ],
        "CommandName": [ "New-AzDevCenterAdminDevBoxDefinition" ],
        "FullCommandName": [ "New-AzDevCenterAdminDevBoxDefinition_CreateExpanded" ],
        "ParameterSetName": [ "__AllParameterSets" ],
        "User-Agent": [ "AzurePowershell/v9.4.0", "PSVersion/v7.2.11", "Az.DevCenter/0.1.0" ]
      },
      "ContentHeaders": {
      }
    },
    "Response": {
      "StatusCode": 200,
      "Headers": {
        "Cache-Control": [ "no-cache" ],
        "Pragma": [ "no-cache" ],
        "ETag": [ "\"1b00c413-0000-0a00-0000-649289090000\"" ],
        "x-ms-ratelimit-remaining-subscription-reads": [ "11925" ],
        "x-ms-request-id": [ "cb1e495e-c622-4417-b748-ee3035b146b8" ],
        "x-ms-correlation-request-id": [ "d155bcaf-881c-44d3-b765-b5e73b22b952" ],
        "x-ms-routing-request-id": [ "WESTUS:20230621T052247Z:d155bcaf-881c-44d3-b765-b5e73b22b952" ],
        "Strict-Transport-Security": [ "max-age=31536000; includeSubDomains" ],
        "X-Content-Type-Options": [ "nosniff" ],
        "Date": [ "Wed, 21 Jun 2023 05:22:47 GMT" ]
      },
      "ContentHeaders": {
        "Content-Length": [ "639" ],
        "Content-Type": [ "application/json; charset=utf-8" ],
        "Expires": [ "-1" ]
      },
      "Content": "{\"id\":\"/subscriptions/f141e9f2-4778-45a4-9aa0-8b31e6469454/providers/Microsoft.DevCenter/locations/CANADACENTRAL/operationStatuses/6b0020bd-233d-4879-8ac9-594e3d9e7bec*9BA40AFD57B9742785BD340035D118EAA349DDCDA05BED4C77A39570E5837467\",\"name\":\"6b0020bd-233d-4879-8ac9-594e3d9e7bec*9BA40AFD57B9742785BD340035D118EAA349DDCDA05BED4C77A39570E5837467\",\"resourceId\":\"/subscriptions/f141e9f2-4778-45a4-9aa0-8b31e6469454/resourceGroups/pwshRgwfpqgj/providers/Microsoft.DevCenter/devcenters/pwshDcisx0w8/devboxdefinitions/jg3t\",\"status\":\"Succeeded\",\"startTime\":\"2023-06-21T05:21:46.393141Z\",\"endTime\":\"2023-06-21T05:22:17.6945819Z\",\"properties\":null}",
      "isContentBase64": false
    }
  },
  "New-AzDevCenterAdminDevBoxDefinition+[NoContext]+CreateExpanded+$GET+https://management.azure.com/subscriptions/f141e9f2-4778-45a4-9aa0-8b31e6469454/resourceGroups/pwshRgwfpqgj/providers/Microsoft.DevCenter/devcenters/pwshDcisx0w8/devboxdefinitions/jg3t?api-version=2023-04-01+4": {
    "Request": {
      "Method": "GET",
      "RequestUri": "https://management.azure.com/subscriptions/f141e9f2-4778-45a4-9aa0-8b31e6469454/resourceGroups/pwshRgwfpqgj/providers/Microsoft.DevCenter/devcenters/pwshDcisx0w8/devboxdefinitions/jg3t?api-version=2023-04-01",
      "Content": null,
      "isContentBase64": false,
      "Headers": {
        "Authorization": [ "[Filtered]" ],
        "x-ms-unique-id": [ "87" ],
        "x-ms-client-request-id": [ "b9c3a8da-b949-4970-b3c4-b223d948ebda" ],
        "CommandName": [ "New-AzDevCenterAdminDevBoxDefinition" ],
        "FullCommandName": [ "New-AzDevCenterAdminDevBoxDefinition_CreateExpanded" ],
        "ParameterSetName": [ "__AllParameterSets" ],
        "User-Agent": [ "AzurePowershell/v9.4.0", "PSVersion/v7.2.11", "Az.DevCenter/0.1.0" ]
      },
      "ContentHeaders": {
      }
    },
    "Response": {
      "StatusCode": 200,
      "Headers": {
        "Cache-Control": [ "no-cache" ],
        "Pragma": [ "no-cache" ],
        "ETag": [ "\"3d0037dd-0000-0a00-0000-649289090000\"" ],
        "x-ms-ratelimit-remaining-subscription-reads": [ "11924" ],
        "x-ms-providerhub-traffic": [ "True" ],
        "x-ms-request-id": [ "35fec7b3-a97e-48c8-a249-36399be4ed0c" ],
        "x-ms-correlation-request-id": [ "297dda88-6277-4ce3-b1cb-4b9b05083e72" ],
        "x-ms-routing-request-id": [ "WESTUS:20230621T052248Z:297dda88-6277-4ce3-b1cb-4b9b05083e72" ],
        "Strict-Transport-Security": [ "max-age=31536000; includeSubDomains" ],
        "X-Content-Type-Options": [ "nosniff" ],
        "Date": [ "Wed, 21 Jun 2023 05:22:47 GMT" ]
      },
      "ContentHeaders": {
        "Content-Length": [ "1218" ],
        "Content-Type": [ "application/json; charset=utf-8" ],
        "Expires": [ "-1" ]
      },
      "Content": "{\"id\":\"/subscriptions/f141e9f2-4778-45a4-9aa0-8b31e6469454/resourceGroups/pwshRgwfpqgj/providers/Microsoft.DevCenter/devcenters/pwshDcisx0w8/devboxdefinitions/jg3t\",\"name\":\"jg3t\",\"type\":\"microsoft.devcenter/devcenters/devboxdefinitions\",\"location\":\"canadacentral\",\"systemData\":{\"createdBy\":\"amlim@microsoft.com\",\"createdByType\":\"User\",\"createdAt\":\"2023-06-21T05:21:46.1277519Z\",\"lastModifiedBy\":\"amlim@microsoft.com\",\"lastModifiedByType\":\"User\",\"lastModifiedAt\":\"2023-06-21T05:21:46.1277519Z\"},\"properties\":{\"provisioningState\":\"Succeeded\",\"imageReference\":{\"id\":\"/subscriptions/f141e9f2-4778-45a4-9aa0-8b31e6469454/resourceGroups/pwshRgwfpqgj/providers/Microsoft.DevCenter/devcenters/pwshDcisx0w8/galleries/Default/images/MicrosoftWindowsDesktop_windows-ent-cpc_win11-22h2-ent-cpc-os\",\"exactVersion\":\"1.0.0\"},\"sku\":{\"name\":\"general_a_8c32gb_v1\"},\"osStorageType\":\"ssd_1024gb\",\"hibernateSupport\":\"Enabled\",\"imageValidationStatus\":\"Succeeded\",\"activeImageReference\":{\"id\":\"/subscriptions/f141e9f2-4778-45a4-9aa0-8b31e6469454/resourceGroups/pwshRgwfpqgj/providers/Microsoft.DevCenter/devcenters/pwshDcisx0w8/galleries/Default/images/MicrosoftWindowsDesktop_windows-ent-cpc_win11-22h2-ent-cpc-os\",\"exactVersion\":\"1.0.0\"}}}",
      "isContentBase64": false
    }
  },
  "New-AzDevCenterAdminDevBoxDefinition+[NoContext]+Create+$PUT+https://management.azure.com/subscriptions/f141e9f2-4778-45a4-9aa0-8b31e6469454/resourceGroups/pwshRgwfpqgj/providers/Microsoft.DevCenter/devcenters/pwshDcisx0w8/devboxdefinitions/bi9y2?api-version=2023-04-01+1": {
    "Request": {
      "Method": "PUT",
      "RequestUri": "https://management.azure.com/subscriptions/f141e9f2-4778-45a4-9aa0-8b31e6469454/resourceGroups/pwshRgwfpqgj/providers/Microsoft.DevCenter/devcenters/pwshDcisx0w8/devboxdefinitions/bi9y2?api-version=2023-04-01",
      "Content": "{\r\n  \"location\": \"canadacentral\",\r\n  \"properties\": {\r\n    \"imageReference\": {\r\n      \"id\": \"/subscriptions/f141e9f2-4778-45a4-9aa0-8b31e6469454/resourceGroups/pwshRgwfpqgj/providers/Microsoft.DevCenter/devcenters/pwshDcisx0w8/galleries/Default/images/MicrosoftWindowsDesktop_windows-ent-cpc_win11-22h2-ent-cpc-os\"\r\n    },\r\n    \"sku\": {\r\n      \"name\": \"general_a_8c32gb_v1\"\r\n    },\r\n    \"osStorageType\": \"ssd_1024gb\",\r\n    \"hibernateSupport\": \"Enabled\"\r\n  }\r\n}",
      "isContentBase64": false,
      "Headers": {
      },
      "ContentHeaders": {
        "Content-Type": [ "application/json" ],
        "Content-Length": [ "459" ]
      }
    },
    "Response": {
      "StatusCode": 201,
      "Headers": {
        "Cache-Control": [ "no-cache" ],
        "Pragma": [ "no-cache" ],
        "ETag": [ "\"3d0058dd-0000-0a00-0000-6492892a0000\"" ],
        "x-ms-ratelimit-remaining-subscription-writes": [ "1194" ],
        "x-ms-providerhub-traffic": [ "True" ],
        "X-Rate-Limit-Limit": [ "1m" ],
        "X-Rate-Limit-Remaining": [ "299" ],
        "X-Rate-Limit-Reset": [ "2023-06-21T05:23:49.1056541Z" ],
        "Strict-Transport-Security": [ "max-age=31536000; includeSubDomains" ],
        "x-ms-quota": [ "{\"name\":{\"localizedValue\":null,\"value\":\"devBoxDefinitions\"},\"limit\":200,\"currentUsed\":21,\"category\":\"Informational\",\"scope\":\"subscription\",\"target\":\"/subscriptions/f141e9f2-4778-45a4-9aa0-8b31e6469454/\",\"region\":\"canadacentral\"}" ],
        "Azure-AsyncOperation": [ "https://management.azure.com/subscriptions/f141e9f2-4778-45a4-9aa0-8b31e6469454/providers/Microsoft.DevCenter/locations/CANADACENTRAL/operationStatuses/e7daca0d-37af-4a48-bb83-c23fee8ef67e*B8E1F0C75815456B51C358DCFCE1087A9447B2725AF609EF46B519B94BAACFE6?api-version=2023-04-01" ],
        "x-ms-request-id": [ "e7daca0d-37af-4a48-bb83-c23fee8ef67e" ],
        "x-ms-correlation-request-id": [ "de6b6144-9c30-456a-980f-be59ce6f0ab6" ],
        "x-ms-routing-request-id": [ "WESTUS:20230621T052250Z:de6b6144-9c30-456a-980f-be59ce6f0ab6" ],
        "X-Content-Type-Options": [ "nosniff" ],
        "Date": [ "Wed, 21 Jun 2023 05:22:50 GMT" ]
      },
      "ContentHeaders": {
        "Content-Length": [ "884" ],
        "Content-Type": [ "application/json; charset=utf-8" ],
        "Expires": [ "-1" ]
      },
      "Content": "{\"id\":\"/subscriptions/f141e9f2-4778-45a4-9aa0-8b31e6469454/resourceGroups/pwshRgwfpqgj/providers/Microsoft.DevCenter/devcenters/pwshDcisx0w8/devboxdefinitions/bi9y2\",\"name\":\"bi9y2\",\"type\":\"microsoft.devcenter/devcenters/devboxdefinitions\",\"location\":\"canadacentral\",\"systemData\":{\"createdBy\":\"amlim@microsoft.com\",\"createdByType\":\"User\",\"createdAt\":\"2023-06-21T05:22:49.0030802Z\",\"lastModifiedBy\":\"amlim@microsoft.com\",\"lastModifiedByType\":\"User\",\"lastModifiedAt\":\"2023-06-21T05:22:49.0030802Z\"},\"properties\":{\"provisioningState\":\"Accepted\",\"imageReference\":{\"id\":\"/subscriptions/f141e9f2-4778-45a4-9aa0-8b31e6469454/resourceGroups/pwshRgwfpqgj/providers/Microsoft.DevCenter/devcenters/pwshDcisx0w8/galleries/Default/images/MicrosoftWindowsDesktop_windows-ent-cpc_win11-22h2-ent-cpc-os\"},\"sku\":{\"name\":\"general_a_8c32gb_v1\"},\"osStorageType\":\"ssd_1024gb\",\"hibernateSupport\":\"Enabled\"}}",
      "isContentBase64": false
    }
  },
  "New-AzDevCenterAdminDevBoxDefinition+[NoContext]+Create+$GET+https://management.azure.com/subscriptions/f141e9f2-4778-45a4-9aa0-8b31e6469454/providers/Microsoft.DevCenter/locations/CANADACENTRAL/operationStatuses/e7daca0d-37af-4a48-bb83-c23fee8ef67e*B8E1F0C75815456B51C358DCFCE1087A9447B2725AF609EF46B519B94BAACFE6?api-version=2023-04-01+2": {
    "Request": {
      "Method": "GET",
      "RequestUri": "https://management.azure.com/subscriptions/f141e9f2-4778-45a4-9aa0-8b31e6469454/providers/Microsoft.DevCenter/locations/CANADACENTRAL/operationStatuses/e7daca0d-37af-4a48-bb83-c23fee8ef67e*B8E1F0C75815456B51C358DCFCE1087A9447B2725AF609EF46B519B94BAACFE6?api-version=2023-04-01",
      "Content": null,
      "isContentBase64": false,
      "Headers": {
        "Authorization": [ "[Filtered]" ],
        "x-ms-unique-id": [ "89" ],
        "x-ms-client-request-id": [ "8d790a10-c384-4927-9105-1b33b65c5f84" ],
        "CommandName": [ "New-AzDevCenterAdminDevBoxDefinition" ],
        "FullCommandName": [ "New-AzDevCenterAdminDevBoxDefinition_Create" ],
        "ParameterSetName": [ "__AllParameterSets" ],
        "User-Agent": [ "AzurePowershell/v9.4.0", "PSVersion/v7.2.11", "Az.DevCenter/0.1.0" ]
      },
      "ContentHeaders": {
      }
    },
    "Response": {
      "StatusCode": 200,
      "Headers": {
        "Cache-Control": [ "no-cache" ],
        "Pragma": [ "no-cache" ],
        "ETag": [ "\"1b004a14-0000-0a00-0000-649289430000\"" ],
        "x-ms-ratelimit-remaining-subscription-reads": [ "11923" ],
        "x-ms-request-id": [ "e186ad89-58c2-48aa-9444-b0fedbe6e74f" ],
        "x-ms-correlation-request-id": [ "fc33dac0-c46f-475b-a3c2-bca5a65eb581" ],
        "x-ms-routing-request-id": [ "WESTUS:20230621T052321Z:fc33dac0-c46f-475b-a3c2-bca5a65eb581" ],
        "Strict-Transport-Security": [ "max-age=31536000; includeSubDomains" ],
        "X-Content-Type-Options": [ "nosniff" ],
        "Date": [ "Wed, 21 Jun 2023 05:23:21 GMT" ]
      },
      "ContentHeaders": {
        "Content-Length": [ "641" ],
        "Content-Type": [ "application/json; charset=utf-8" ],
        "Expires": [ "-1" ]
      },
      "Content": "{\"id\":\"/subscriptions/f141e9f2-4778-45a4-9aa0-8b31e6469454/providers/Microsoft.DevCenter/locations/CANADACENTRAL/operationStatuses/e7daca0d-37af-4a48-bb83-c23fee8ef67e*B8E1F0C75815456B51C358DCFCE1087A9447B2725AF609EF46B519B94BAACFE6\",\"name\":\"e7daca0d-37af-4a48-bb83-c23fee8ef67e*B8E1F0C75815456B51C358DCFCE1087A9447B2725AF609EF46B519B94BAACFE6\",\"resourceId\":\"/subscriptions/f141e9f2-4778-45a4-9aa0-8b31e6469454/resourceGroups/pwshRgwfpqgj/providers/Microsoft.DevCenter/devcenters/pwshDcisx0w8/devboxdefinitions/bi9y2\",\"status\":\"Succeeded\",\"startTime\":\"2023-06-21T05:22:49.3806577Z\",\"endTime\":\"2023-06-21T05:23:15.3839383Z\",\"properties\":null}",
      "isContentBase64": false
    }
  },
  "New-AzDevCenterAdminDevBoxDefinition+[NoContext]+Create+$GET+https://management.azure.com/subscriptions/f141e9f2-4778-45a4-9aa0-8b31e6469454/resourceGroups/pwshRgwfpqgj/providers/Microsoft.DevCenter/devcenters/pwshDcisx0w8/devboxdefinitions/bi9y2?api-version=2023-04-01+3": {
    "Request": {
      "Method": "GET",
      "RequestUri": "https://management.azure.com/subscriptions/f141e9f2-4778-45a4-9aa0-8b31e6469454/resourceGroups/pwshRgwfpqgj/providers/Microsoft.DevCenter/devcenters/pwshDcisx0w8/devboxdefinitions/bi9y2?api-version=2023-04-01",
      "Content": null,
      "isContentBase64": false,
      "Headers": {
        "Authorization": [ "[Filtered]" ],
        "x-ms-unique-id": [ "90" ],
        "x-ms-client-request-id": [ "8d790a10-c384-4927-9105-1b33b65c5f84" ],
        "CommandName": [ "New-AzDevCenterAdminDevBoxDefinition" ],
        "FullCommandName": [ "New-AzDevCenterAdminDevBoxDefinition_Create" ],
        "ParameterSetName": [ "__AllParameterSets" ],
        "User-Agent": [ "AzurePowershell/v9.4.0", "PSVersion/v7.2.11", "Az.DevCenter/0.1.0" ]
      },
      "ContentHeaders": {
      }
    },
    "Response": {
      "StatusCode": 200,
      "Headers": {
        "Cache-Control": [ "no-cache" ],
        "Pragma": [ "no-cache" ],
        "ETag": [ "\"3d0090dd-0000-0a00-0000-649289430000\"" ],
        "x-ms-ratelimit-remaining-subscription-reads": [ "11922" ],
        "x-ms-providerhub-traffic": [ "True" ],
        "x-ms-request-id": [ "82f273eb-54cf-496b-8623-92f042a46b3a" ],
        "x-ms-correlation-request-id": [ "e75d430f-49db-416a-b18d-2c42804f2ed6" ],
        "x-ms-routing-request-id": [ "WESTUS:20230621T052321Z:e75d430f-49db-416a-b18d-2c42804f2ed6" ],
        "Strict-Transport-Security": [ "max-age=31536000; includeSubDomains" ],
        "X-Content-Type-Options": [ "nosniff" ],
        "Date": [ "Wed, 21 Jun 2023 05:23:21 GMT" ]
      },
      "ContentHeaders": {
        "Content-Length": [ "1220" ],
        "Content-Type": [ "application/json; charset=utf-8" ],
        "Expires": [ "-1" ]
      },
      "Content": "{\"id\":\"/subscriptions/f141e9f2-4778-45a4-9aa0-8b31e6469454/resourceGroups/pwshRgwfpqgj/providers/Microsoft.DevCenter/devcenters/pwshDcisx0w8/devboxdefinitions/bi9y2\",\"name\":\"bi9y2\",\"type\":\"microsoft.devcenter/devcenters/devboxdefinitions\",\"location\":\"canadacentral\",\"systemData\":{\"createdBy\":\"amlim@microsoft.com\",\"createdByType\":\"User\",\"createdAt\":\"2023-06-21T05:22:49.0030802Z\",\"lastModifiedBy\":\"amlim@microsoft.com\",\"lastModifiedByType\":\"User\",\"lastModifiedAt\":\"2023-06-21T05:22:49.0030802Z\"},\"properties\":{\"provisioningState\":\"Succeeded\",\"imageReference\":{\"id\":\"/subscriptions/f141e9f2-4778-45a4-9aa0-8b31e6469454/resourceGroups/pwshRgwfpqgj/providers/Microsoft.DevCenter/devcenters/pwshDcisx0w8/galleries/Default/images/MicrosoftWindowsDesktop_windows-ent-cpc_win11-22h2-ent-cpc-os\",\"exactVersion\":\"1.0.0\"},\"sku\":{\"name\":\"general_a_8c32gb_v1\"},\"osStorageType\":\"ssd_1024gb\",\"hibernateSupport\":\"Enabled\",\"imageValidationStatus\":\"Succeeded\",\"activeImageReference\":{\"id\":\"/subscriptions/f141e9f2-4778-45a4-9aa0-8b31e6469454/resourceGroups/pwshRgwfpqgj/providers/Microsoft.DevCenter/devcenters/pwshDcisx0w8/galleries/Default/images/MicrosoftWindowsDesktop_windows-ent-cpc_win11-22h2-ent-cpc-os\",\"exactVersion\":\"1.0.0\"}}}",
      "isContentBase64": false
    }
  }
}