{
  "Remove-AzDevCenterAdminProjectEnvironmentType+[NoContext]+Delete+$DELETE+https://management.azure.com/subscriptions/f141e9f2-4778-45a4-9aa0-8b31e6469454/resourceGroups/pwshRggm9tz2/providers/Microsoft.DevCenter/projects/pwshProj3stxlh/environmentTypes/t9rqhz?api-version=2023-10-01-preview+1": {
    "Request": {
      "Method": "DELETE",
      "RequestUri": "https://management.azure.com/subscriptions/f141e9f2-4778-45a4-9aa0-8b31e6469454/resourceGroups/pwshRggm9tz2/providers/Microsoft.DevCenter/projects/pwshProj3stxlh/environmentTypes/t9rqhz?api-version=2023-10-01-preview",
      "Content": null,
      "isContentBase64": false,
      "Headers": {
        "x-ms-unique-id": [ "250" ],
        "x-ms-client-request-id": [ "5eba79a9-b30d-4815-9139-29d104097bd1" ],
        "CommandName": [ "Remove-AzDevCenterAdminProjectEnvironmentType" ],
        "FullCommandName": [ "Remove-AzDevCenterAdminProjectEnvironmentType_Delete" ],
        "ParameterSetName": [ "__AllParameterSets" ],
        "User-Agent": [ "AzurePowershell/v9.4.0", "PSVersion/v7.2.11", "Az.DevCenter/0.1.0" ],
        "Authorization": [ "[Filtered]" ]
      },
      "ContentHeaders": {
      }
    },
    "Response": {
      "StatusCode": 200,
      "Headers": {
        "Cache-Control": [ "no-cache" ],
        "Pragma": [ "no-cache" ],
        "x-ms-providerhub-traffic": [ "True" ],
        "X-Rate-Limit-Limit": [ "1m" ],
        "X-Rate-Limit-Remaining": [ "299" ],
        "X-Rate-Limit-Reset": [ "2023-06-23T00:52:01.6835462Z" ],
        "Strict-Transport-Security": [ "max-age=31536000; includeSubDomains" ],
        "x-ms-request-id": [ "00000000-0000-0000-0000-000000000000" ],
        "x-ms-ratelimit-remaining-subscription-deletes": [ "14981" ],
        "x-ms-correlation-request-id": [ "a7cca9e8-d9a0-47d7-bbe7-8c59a69ef840" ],
        "x-ms-routing-request-id": [ "WESTUS:20230623T005102Z:a7cca9e8-d9a0-47d7-bbe7-8c59a69ef840" ],
        "X-Content-Type-Options": [ "nosniff" ],
        "Date": [ "Fri, 23 Jun 2023 00:51:01 GMT" ]
      },
      "ContentHeaders": {
        "Expires": [ "-1" ],
        "Content-Length": [ "0" ]
      },
      "Content": null,
      "isContentBase64": false
    }
  },
  "Remove-AzDevCenterAdminProjectEnvironmentType+[NoContext]+Delete+$GET+https://management.azure.com/subscriptions/f141e9f2-4778-45a4-9aa0-8b31e6469454/resourceGroups/pwshRggm9tz2/providers/Microsoft.DevCenter/projects/pwshProj3stxlh/environmentTypes/t9rqhz?api-version=2023-10-01-preview+2": {
    "Request": {
      "Method": "GET",
      "RequestUri": "https://management.azure.com/subscriptions/f141e9f2-4778-45a4-9aa0-8b31e6469454/resourceGroups/pwshRggm9tz2/providers/Microsoft.DevCenter/projects/pwshProj3stxlh/environmentTypes/t9rqhz?api-version=2023-10-01-preview",
      "Content": null,
      "isContentBase64": false,
      "Headers": {
        "x-ms-unique-id": [ "251" ],
        "x-ms-client-request-id": [ "a18eb25f-bb86-48c6-a119-e09bd8db3862" ],
        "CommandName": [ "Get-AzDevCenterAdminProjectEnvironmentType" ],
        "FullCommandName": [ "Get-AzDevCenterAdminProjectEnvironmentType_Get" ],
        "ParameterSetName": [ "__AllParameterSets" ],
        "User-Agent": [ "AzurePowershell/v9.4.0", "PSVersion/v7.2.11", "Az.DevCenter/0.1.0" ],
        "Authorization": [ "[Filtered]" ]
      },
      "ContentHeaders": {
      }
    },
    "Response": {
      "StatusCode": 404,
      "Headers": {
        "Cache-Control": [ "no-cache" ],
        "Pragma": [ "no-cache" ],
        "x-ms-ratelimit-remaining-subscription-reads": [ "11861" ],
        "x-ms-providerhub-traffic": [ "True" ],
        "x-ms-failure-cause": [ "gateway" ],
        "x-ms-request-id": [ "92d69263-1fbe-42a7-ac99-cfa4aa0072e6" ],
        "x-ms-correlation-request-id": [ "79343f6d-f0ae-4155-bdf9-c7644aaa81ac" ],
        "x-ms-routing-request-id": [ "WESTUS:20230623T005102Z:79343f6d-f0ae-4155-bdf9-c7644aaa81ac" ],
        "Strict-Transport-Security": [ "max-age=31536000; includeSubDomains" ],
        "X-Content-Type-Options": [ "nosniff" ],
        "Date": [ "Fri, 23 Jun 2023 00:51:01 GMT" ]
      },
      "ContentHeaders": {
        "Content-Length": [ "152" ],
        "Content-Type": [ "application/json" ],
        "Expires": [ "-1" ]
      },
      "Content": "{\"error\":{\"code\":\"ResourceNotFound\",\"message\":\"The resource \u0027Microsoft.DevCenter/projects/pwshProj3stxlh/environmentTypes/t9rqhz\u0027 could not be found.\"}}",
      "isContentBase64": false
    }
  },
  "Remove-AzDevCenterAdminProjectEnvironmentType+[NoContext]+DeleteViaIdentity+$GET+https://management.azure.com/subscriptions/f141e9f2-4778-45a4-9aa0-8b31e6469454/resourceGroups/pwshRggm9tz2/providers/Microsoft.DevCenter/projects/pwshProj3stxlh/environmentTypes/tj7rw5?api-version=2023-10-01-preview+1": {
    "Request": {
      "Method": "GET",
      "RequestUri": "https://management.azure.com/subscriptions/f141e9f2-4778-45a4-9aa0-8b31e6469454/resourceGroups/pwshRggm9tz2/providers/Microsoft.DevCenter/projects/pwshProj3stxlh/environmentTypes/tj7rw5?api-version=2023-10-01-preview",
      "Content": null,
      "isContentBase64": false,
      "Headers": {
        "x-ms-unique-id": [ "252" ],
        "x-ms-client-request-id": [ "85f06f0c-9d5a-4f13-844f-68de7ce06e73" ],
        "CommandName": [ "Get-AzDevCenterAdminProjectEnvironmentType" ],
        "FullCommandName": [ "Get-AzDevCenterAdminProjectEnvironmentType_Get" ],
        "ParameterSetName": [ "__AllParameterSets" ],
        "User-Agent": [ "AzurePowershell/v9.4.0", "PSVersion/v7.2.11", "Az.DevCenter/0.1.0" ],
        "Authorization": [ "[Filtered]" ]
      },
      "ContentHeaders": {
      }
    },
    "Response": {
      "StatusCode": 200,
      "Headers": {
        "Cache-Control": [ "no-cache" ],
        "Pragma": [ "no-cache" ],
        "ETag": [ "\"19008402-0000-0a00-0000-6494e15a0000\"" ],
        "x-ms-ratelimit-remaining-subscription-reads": [ "11860" ],
        "x-ms-providerhub-traffic": [ "True" ],
        "x-ms-request-id": [ "045ad440-2ea1-4338-b1ea-21f82864d729" ],
        "x-ms-correlation-request-id": [ "5c863bcd-66af-4044-b900-e83ce2ddb975" ],
        "x-ms-routing-request-id": [ "WESTUS:20230623T005102Z:5c863bcd-66af-4044-b900-e83ce2ddb975" ],
        "Strict-Transport-Security": [ "max-age=31536000; includeSubDomains" ],
        "X-Content-Type-Options": [ "nosniff" ],
        "Date": [ "Fri, 23 Jun 2023 00:51:02 GMT" ]
      },
      "ContentHeaders": {
        "Content-Length": [ "1125" ],
        "Content-Type": [ "application/json; charset=utf-8" ],
        "Expires": [ "-1" ]
      },
      "Content": "{\"id\":\"/subscriptions/f141e9f2-4778-45a4-9aa0-8b31e6469454/resourceGroups/pwshRggm9tz2/providers/microsoft.devcenter/projects/pwshProj3stxlh/environmenttypes/tj7rw5\",\"name\":\"tj7rw5\",\"type\":\"microsoft.devcenter/projects/environmenttypes\",\"systemData\":{\"createdBy\":\"amlim@microsoft.com\",\"createdByType\":\"User\",\"createdAt\":\"2023-06-23T00:03:36.6318464Z\",\"lastModifiedBy\":\"amlim@microsoft.com\",\"lastModifiedByType\":\"User\",\"lastModifiedAt\":\"2023-06-23T00:03:36.6318464Z\"},\"identity\":{\"type\":\"UserAssigned\",\"userAssignedIdentities\":{\"/subscriptions/f141e9f2-4778-45a4-9aa0-8b31e6469454/resourceGroups/pwshRggm9tz2/providers/Microsoft.ManagedIdentity/userAssignedIdentities/pwshMsilo1utm\":{\"principalId\":\"957f8e6c-d217-4285-a756-deac3e51375e\",\"clientId\":\"6f8e8553-7b94-458e-9ab8-65647b8d0094\"}}},\"properties\":{\"provisioningState\":\"Succeeded\",\"deploymentTargetId\":\"/subscriptions/f141e9f2-4778-45a4-9aa0-8b31e6469454\",\"status\":\"Enabled\",\"creatorRoleAssignment\":{\"roles\":{\"8e3af657-a8ff-443c-a75c-2fe8c4bcb635\":{}}},\"userRoleAssignments\":{\"957f8e6c-d217-4285-a756-deac3e51375e\":{\"roles\":{\"8e3af657-a8ff-443c-a75c-2fe8c4bcb635\":{}}}}}}",
      "isContentBase64": false
    }
  },
  "Remove-AzDevCenterAdminProjectEnvironmentType+[NoContext]+DeleteViaIdentity+$DELETE+https://management.azure.com/subscriptions/f141e9f2-4778-45a4-9aa0-8b31e6469454/resourceGroups/pwshRggm9tz2/providers/Microsoft.DevCenter/projects/pwshProj3stxlh/environmentTypes/tj7rw5?api-version=2023-10-01-preview+2": {
    "Request": {
      "Method": "DELETE",
      "RequestUri": "https://management.azure.com/subscriptions/f141e9f2-4778-45a4-9aa0-8b31e6469454/resourceGroups/pwshRggm9tz2/providers/Microsoft.DevCenter/projects/pwshProj3stxlh/environmentTypes/tj7rw5?api-version=2023-10-01-preview",
      "Content": null,
      "isContentBase64": false,
      "Headers": {
        "x-ms-unique-id": [ "253" ],
        "x-ms-client-request-id": [ "c03a0201-bd8e-4a7b-9af2-2e2bd31b2db5" ],
        "CommandName": [ "Remove-AzDevCenterAdminProjectEnvironmentType" ],
        "FullCommandName": [ "Remove-AzDevCenterAdminProjectEnvironmentType_DeleteViaIdentity" ],
        "ParameterSetName": [ "__AllParameterSets" ],
        "User-Agent": [ "AzurePowershell/v9.4.0", "PSVersion/v7.2.11", "Az.DevCenter/0.1.0" ],
        "Authorization": [ "[Filtered]" ]
      },
      "ContentHeaders": {
      }
    },
    "Response": {
      "StatusCode": 200,
      "Headers": {
        "Cache-Control": [ "no-cache" ],
        "Pragma": [ "no-cache" ],
        "x-ms-providerhub-traffic": [ "True" ],
        "X-Rate-Limit-Limit": [ "1m" ],
        "X-Rate-Limit-Remaining": [ "299" ],
        "X-Rate-Limit-Reset": [ "2023-06-23T00:52:03.4166181Z" ],
        "Strict-Transport-Security": [ "max-age=31536000; includeSubDomains" ],
        "x-ms-request-id": [ "00000000-0000-0000-0000-000000000000" ],
        "x-ms-ratelimit-remaining-subscription-deletes": [ "14980" ],
        "x-ms-correlation-request-id": [ "1d919329-63c8-4a4a-b66a-e962663f532b" ],
        "x-ms-routing-request-id": [ "WESTUS:20230623T005104Z:1d919329-63c8-4a4a-b66a-e962663f532b" ],
        "X-Content-Type-Options": [ "nosniff" ],
        "Date": [ "Fri, 23 Jun 2023 00:51:03 GMT" ]
      },
      "ContentHeaders": {
        "Expires": [ "-1" ],
        "Content-Length": [ "0" ]
      },
      "Content": null,
      "isContentBase64": false
    }
  },
  "Remove-AzDevCenterAdminProjectEnvironmentType+[NoContext]+DeleteViaIdentity+$GET+https://management.azure.com/subscriptions/f141e9f2-4778-45a4-9aa0-8b31e6469454/resourceGroups/pwshRggm9tz2/providers/Microsoft.DevCenter/projects/pwshProj3stxlh/environmentTypes/tj7rw5?api-version=2023-10-01-preview+3": {
    "Request": {
      "Method": "GET",
      "RequestUri": "https://management.azure.com/subscriptions/f141e9f2-4778-45a4-9aa0-8b31e6469454/resourceGroups/pwshRggm9tz2/providers/Microsoft.DevCenter/projects/pwshProj3stxlh/environmentTypes/tj7rw5?api-version=2023-10-01-preview",
      "Content": null,
      "isContentBase64": false,
      "Headers": {
        "x-ms-unique-id": [ "254" ],
        "x-ms-client-request-id": [ "77fd5970-c6d3-4afb-803a-8104aee7d0a3" ],
        "CommandName": [ "Get-AzDevCenterAdminProjectEnvironmentType" ],
        "FullCommandName": [ "Get-AzDevCenterAdminProjectEnvironmentType_Get" ],
        "ParameterSetName": [ "__AllParameterSets" ],
        "User-Agent": [ "AzurePowershell/v9.4.0", "PSVersion/v7.2.11", "Az.DevCenter/0.1.0" ],
        "Authorization": [ "[Filtered]" ]
      },
      "ContentHeaders": {
      }
    },
    "Response": {
      "StatusCode": 404,
      "Headers": {
        "Cache-Control": [ "no-cache" ],
        "Pragma": [ "no-cache" ],
        "x-ms-ratelimit-remaining-subscription-reads": [ "11859" ],
        "x-ms-providerhub-traffic": [ "True" ],
        "x-ms-failure-cause": [ "gateway" ],
        "x-ms-request-id": [ "d91dceea-647b-43f8-8bfe-acc7b7db8a4c" ],
        "x-ms-correlation-request-id": [ "52019b90-792c-42c5-a2c6-cf74d6b0f859" ],
        "x-ms-routing-request-id": [ "WESTUS:20230623T005104Z:52019b90-792c-42c5-a2c6-cf74d6b0f859" ],
        "Strict-Transport-Security": [ "max-age=31536000; includeSubDomains" ],
        "X-Content-Type-Options": [ "nosniff" ],
        "Date": [ "Fri, 23 Jun 2023 00:51:03 GMT" ]
      },
      "ContentHeaders": {
        "Content-Length": [ "152" ],
        "Content-Type": [ "application/json" ],
        "Expires": [ "-1" ]
      },
      "Content": "{\"error\":{\"code\":\"ResourceNotFound\",\"message\":\"The resource \u0027Microsoft.DevCenter/projects/pwshProj3stxlh/environmentTypes/tj7rw5\u0027 could not be found.\"}}",
      "isContentBase64": false
    }
  }
}