{
  "Remove-AzDevCenterAdminDevBoxDefinition+[NoContext]+Delete+$DELETE+https://management.azure.com/subscriptions/f141e9f2-4778-45a4-9aa0-8b31e6469454/resourceGroups/pwshRgwfpqgj/providers/Microsoft.DevCenter/devcenters/pwshDcisx0w8/devboxdefinitions/gqm84r?api-version=2023-04-01+1": {
    "Request": {
      "Method": "DELETE",
      "RequestUri": "https://management.azure.com/subscriptions/f141e9f2-4778-45a4-9aa0-8b31e6469454/resourceGroups/pwshRgwfpqgj/providers/Microsoft.DevCenter/devcenters/pwshDcisx0w8/devboxdefinitions/gqm84r?api-version=2023-04-01",
      "Content": null,
      "isContentBase64": false,
      "Headers": {
        "x-ms-unique-id": [ "176" ],
        "x-ms-client-request-id": [ "b4f15c65-d71f-4fde-962e-19e55dd0686b" ],
        "CommandName": [ "Remove-AzDevCenterAdminDevBoxDefinition" ],
        "FullCommandName": [ "Remove-AzDevCenterAdminDevBoxDefinition_Delete" ],
        "ParameterSetName": [ "__AllParameterSets" ],
        "User-Agent": [ "AzurePowershell/v9.4.0", "PSVersion/v7.2.11", "Az.DevCenter/0.1.0" ],
        "Authorization": [ "[Filtered]" ]
      },
      "ContentHeaders": {
      }
    },
    "Response": {
      "StatusCode": 202,
      "Headers": {
        "Cache-Control": [ "no-cache" ],
        "Pragma": [ "no-cache" ],
        "ETag": [ "\"3d00e7e8-0000-0a00-0000-64928e530000\"" ],
        "Location": [ "https://management.azure.com/subscriptions/f141e9f2-4778-45a4-9aa0-8b31e6469454/providers/Microsoft.DevCenter/locations/CANADACENTRAL/operationStatuses/b9dca64c-c2dd-4ec1-bbf2-cdeb2707fbcf*4F169F2F5A9ACB8CC348B4821CBAF0A0D15BB2FDEB093E6D65E44BA0CB99988F?api-version=2023-04-01" ],
        "x-ms-ratelimit-remaining-subscription-deletes": [ "14995" ],
        "x-ms-providerhub-traffic": [ "True" ],
        "X-Rate-Limit-Limit": [ "1m" ],
        "X-Rate-Limit-Remaining": [ "299" ],
        "X-Rate-Limit-Reset": [ "2023-06-21T05:45:51.3408106Z" ],
        "Strict-Transport-Security": [ "max-age=31536000; includeSubDomains" ],
        "Azure-AsyncOperation": [ "https://management.azure.com/subscriptions/f141e9f2-4778-45a4-9aa0-8b31e6469454/providers/Microsoft.DevCenter/locations/CANADACENTRAL/operationStatuses/b9dca64c-c2dd-4ec1-bbf2-cdeb2707fbcf*4F169F2F5A9ACB8CC348B4821CBAF0A0D15BB2FDEB093E6D65E44BA0CB99988F?api-version=2023-04-01" ],
        "x-ms-request-id": [ "b9dca64c-c2dd-4ec1-bbf2-cdeb2707fbcf" ],
        "x-ms-correlation-request-id": [ "095852fd-5ebe-446c-9913-aeea2aee9e3a" ],
        "x-ms-routing-request-id": [ "WESTUS:20230621T054451Z:095852fd-5ebe-446c-9913-aeea2aee9e3a" ],
        "X-Content-Type-Options": [ "nosniff" ],
        "Date": [ "Wed, 21 Jun 2023 05:44:51 GMT" ]
      },
      "ContentHeaders": {
        "Content-Length": [ "4" ],
        "Content-Type": [ "application/json; charset=utf-8" ],
        "Expires": [ "-1" ]
      },
      "Content": "bnVsbA==",
      "isContentBase64": false
    }
  },
  "Remove-AzDevCenterAdminDevBoxDefinition+[NoContext]+Delete+$GET+https://management.azure.com/subscriptions/f141e9f2-4778-45a4-9aa0-8b31e6469454/providers/Microsoft.DevCenter/locations/CANADACENTRAL/operationStatuses/b9dca64c-c2dd-4ec1-bbf2-cdeb2707fbcf*4F169F2F5A9ACB8CC348B4821CBAF0A0D15BB2FDEB093E6D65E44BA0CB99988F?api-version=2023-04-01+2": {
    "Request": {
      "Method": "GET",
      "RequestUri": "https://management.azure.com/subscriptions/f141e9f2-4778-45a4-9aa0-8b31e6469454/providers/Microsoft.DevCenter/locations/CANADACENTRAL/operationStatuses/b9dca64c-c2dd-4ec1-bbf2-cdeb2707fbcf*4F169F2F5A9ACB8CC348B4821CBAF0A0D15BB2FDEB093E6D65E44BA0CB99988F?api-version=2023-04-01",
      "Content": null,
      "isContentBase64": false,
      "Headers": {
        "Authorization": [ "[Filtered]" ],
        "x-ms-unique-id": [ "177" ],
        "x-ms-client-request-id": [ "b4f15c65-d71f-4fde-962e-19e55dd0686b" ],
        "CommandName": [ "Remove-AzDevCenterAdminDevBoxDefinition" ],
        "FullCommandName": [ "Remove-AzDevCenterAdminDevBoxDefinition_Delete" ],
        "ParameterSetName": [ "__AllParameterSets" ],
        "User-Agent": [ "AzurePowershell/v9.4.0", "PSVersion/v7.2.11", "Az.DevCenter/0.1.0" ]
      },
      "ContentHeaders": {
      }
    },
    "Response": {
      "StatusCode": 200,
      "Headers": {
        "Cache-Control": [ "no-cache" ],
        "Pragma": [ "no-cache" ],
        "ETag": [ "\"1b00e31f-0000-0a00-0000-64928e680000\"" ],
        "x-ms-ratelimit-remaining-subscription-reads": [ "11858" ],
        "x-ms-request-id": [ "ee4ada19-23f0-4803-bd82-d3b59842bffd" ],
        "x-ms-correlation-request-id": [ "85973919-8300-4aa2-b3a2-0ab88c0c3135" ],
        "x-ms-routing-request-id": [ "WESTUS:20230621T054521Z:85973919-8300-4aa2-b3a2-0ab88c0c3135" ],
        "Strict-Transport-Security": [ "max-age=31536000; includeSubDomains" ],
        "X-Content-Type-Options": [ "nosniff" ],
        "Date": [ "Wed, 21 Jun 2023 05:45:21 GMT" ]
      },
      "ContentHeaders": {
        "Content-Length": [ "642" ],
        "Content-Type": [ "application/json; charset=utf-8" ],
        "Expires": [ "-1" ]
      },
      "Content": "{\"id\":\"/subscriptions/f141e9f2-4778-45a4-9aa0-8b31e6469454/providers/Microsoft.DevCenter/locations/CANADACENTRAL/operationStatuses/b9dca64c-c2dd-4ec1-bbf2-cdeb2707fbcf*4F169F2F5A9ACB8CC348B4821CBAF0A0D15BB2FDEB093E6D65E44BA0CB99988F\",\"name\":\"b9dca64c-c2dd-4ec1-bbf2-cdeb2707fbcf*4F169F2F5A9ACB8CC348B4821CBAF0A0D15BB2FDEB093E6D65E44BA0CB99988F\",\"resourceId\":\"/subscriptions/f141e9f2-4778-45a4-9aa0-8b31e6469454/resourceGroups/pwshRgwfpqgj/providers/Microsoft.DevCenter/devcenters/pwshDcisx0w8/devboxdefinitions/gqm84r\",\"status\":\"Succeeded\",\"startTime\":\"2023-06-21T05:44:51.3198869Z\",\"endTime\":\"2023-06-21T05:45:11.9948282Z\",\"properties\":null}",
      "isContentBase64": false
    }
  },
  "Remove-AzDevCenterAdminDevBoxDefinition+[NoContext]+Delete+$GET+https://management.azure.com/subscriptions/f141e9f2-4778-45a4-9aa0-8b31e6469454/providers/Microsoft.DevCenter/locations/CANADACENTRAL/operationStatuses/b9dca64c-c2dd-4ec1-bbf2-cdeb2707fbcf*4F169F2F5A9ACB8CC348B4821CBAF0A0D15BB2FDEB093E6D65E44BA0CB99988F?api-version=2023-04-01+3": {
    "Request": {
      "Method": "GET",
      "RequestUri": "https://management.azure.com/subscriptions/f141e9f2-4778-45a4-9aa0-8b31e6469454/providers/Microsoft.DevCenter/locations/CANADACENTRAL/operationStatuses/b9dca64c-c2dd-4ec1-bbf2-cdeb2707fbcf*4F169F2F5A9ACB8CC348B4821CBAF0A0D15BB2FDEB093E6D65E44BA0CB99988F?api-version=2023-04-01",
      "Content": null,
      "isContentBase64": false,
      "Headers": {
        "Authorization": [ "[Filtered]" ],
        "x-ms-unique-id": [ "178" ],
        "x-ms-client-request-id": [ "b4f15c65-d71f-4fde-962e-19e55dd0686b" ],
        "CommandName": [ "Remove-AzDevCenterAdminDevBoxDefinition" ],
        "FullCommandName": [ "Remove-AzDevCenterAdminDevBoxDefinition_Delete" ],
        "ParameterSetName": [ "__AllParameterSets" ],
        "User-Agent": [ "AzurePowershell/v9.4.0", "PSVersion/v7.2.11", "Az.DevCenter/0.1.0" ]
      },
      "ContentHeaders": {
      }
    },
    "Response": {
      "StatusCode": 200,
      "Headers": {
        "Cache-Control": [ "no-cache" ],
        "Pragma": [ "no-cache" ],
        "ETag": [ "\"1b00e31f-0000-0a00-0000-64928e680000\"" ],
        "x-ms-ratelimit-remaining-subscription-reads": [ "11857" ],
        "x-ms-request-id": [ "c8ff9b5e-7a54-4421-90ed-2227e81ed015" ],
        "x-ms-correlation-request-id": [ "9bab9bf0-278a-4433-8ee2-eead1030cbf2" ],
        "x-ms-routing-request-id": [ "WESTUS:20230621T054522Z:9bab9bf0-278a-4433-8ee2-eead1030cbf2" ],
        "Strict-Transport-Security": [ "max-age=31536000; includeSubDomains" ],
        "X-Content-Type-Options": [ "nosniff" ],
        "Date": [ "Wed, 21 Jun 2023 05:45:21 GMT" ]
      },
      "ContentHeaders": {
        "Content-Length": [ "642" ],
        "Content-Type": [ "application/json; charset=utf-8" ],
        "Expires": [ "-1" ]
      },
      "Content": "{\"id\":\"/subscriptions/f141e9f2-4778-45a4-9aa0-8b31e6469454/providers/Microsoft.DevCenter/locations/CANADACENTRAL/operationStatuses/b9dca64c-c2dd-4ec1-bbf2-cdeb2707fbcf*4F169F2F5A9ACB8CC348B4821CBAF0A0D15BB2FDEB093E6D65E44BA0CB99988F\",\"name\":\"b9dca64c-c2dd-4ec1-bbf2-cdeb2707fbcf*4F169F2F5A9ACB8CC348B4821CBAF0A0D15BB2FDEB093E6D65E44BA0CB99988F\",\"resourceId\":\"/subscriptions/f141e9f2-4778-45a4-9aa0-8b31e6469454/resourceGroups/pwshRgwfpqgj/providers/Microsoft.DevCenter/devcenters/pwshDcisx0w8/devboxdefinitions/gqm84r\",\"status\":\"Succeeded\",\"startTime\":\"2023-06-21T05:44:51.3198869Z\",\"endTime\":\"2023-06-21T05:45:11.9948282Z\",\"properties\":null}",
      "isContentBase64": false
    }
  },
  "Remove-AzDevCenterAdminDevBoxDefinition+[NoContext]+Delete+$GET+https://management.azure.com/subscriptions/f141e9f2-4778-45a4-9aa0-8b31e6469454/resourceGroups/pwshRgwfpqgj/providers/Microsoft.DevCenter/devcenters/pwshDcisx0w8/devboxdefinitions/gqm84r?api-version=2023-04-01+4": {
    "Request": {
      "Method": "GET",
      "RequestUri": "https://management.azure.com/subscriptions/f141e9f2-4778-45a4-9aa0-8b31e6469454/resourceGroups/pwshRgwfpqgj/providers/Microsoft.DevCenter/devcenters/pwshDcisx0w8/devboxdefinitions/gqm84r?api-version=2023-04-01",
      "Content": null,
      "isContentBase64": false,
      "Headers": {
        "x-ms-unique-id": [ "179" ],
        "x-ms-client-request-id": [ "faf4fc79-0d2f-40b7-9bfc-7296164f5f0b" ],
        "CommandName": [ "Get-AzDevCenterAdminDevBoxDefinition" ],
        "FullCommandName": [ "Get-AzDevCenterAdminDevBoxDefinition_Get" ],
        "ParameterSetName": [ "__AllParameterSets" ],
        "User-Agent": [ "AzurePowershell/v9.4.0", "PSVersion/v7.2.11", "Az.DevCenter/0.1.0" ],
        "Authorization": [ "[Filtered]" ]
      },
      "ContentHeaders": {
      }
    },
    "Response": {
      "StatusCode": 404,
      "Headers": {
        "Cache-Control": [ "no-cache" ],
        "Pragma": [ "no-cache" ],
        "x-ms-ratelimit-remaining-subscription-reads": [ "11856" ],
        "x-ms-providerhub-traffic": [ "True" ],
        "x-ms-failure-cause": [ "gateway" ],
        "x-ms-request-id": [ "6394d470-4642-4e97-bb81-82877e6ca330" ],
        "x-ms-correlation-request-id": [ "39b33bcc-91d0-4fbb-9910-33d88b117c27" ],
        "x-ms-routing-request-id": [ "WESTUS:20230621T054522Z:39b33bcc-91d0-4fbb-9910-33d88b117c27" ],
        "Strict-Transport-Security": [ "max-age=31536000; includeSubDomains" ],
        "X-Content-Type-Options": [ "nosniff" ],
        "Date": [ "Wed, 21 Jun 2023 05:45:21 GMT" ]
      },
      "ContentHeaders": {
        "Content-Length": [ "153" ],
        "Content-Type": [ "application/json" ],
        "Expires": [ "-1" ]
      },
      "Content": "{\"error\":{\"code\":\"ResourceNotFound\",\"message\":\"The resource \u0027Microsoft.DevCenter/devcenters/pwshDcisx0w8/devboxdefinitions/gqm84r\u0027 could not be found.\"}}",
      "isContentBase64": false
    }
  },
  "Remove-AzDevCenterAdminDevBoxDefinition+[NoContext]+DeleteViaIdentity+$DELETE+https://management.azure.com/subscriptions/f141e9f2-4778-45a4-9aa0-8b31e6469454/resourceGroups/pwshRgwfpqgj/providers/Microsoft.DevCenter/devcenters/pwshDcisx0w8/devboxdefinitions/fcqz04?api-version=2023-04-01+1": {
    "Request": {
      "Method": "DELETE",
      "RequestUri": "https://management.azure.com/subscriptions/f141e9f2-4778-45a4-9aa0-8b31e6469454/resourceGroups/pwshRgwfpqgj/providers/Microsoft.DevCenter/devcenters/pwshDcisx0w8/devboxdefinitions/fcqz04?api-version=2023-04-01",
      "Content": null,
      "isContentBase64": false,
      "Headers": {
        "x-ms-unique-id": [ "180" ],
        "x-ms-client-request-id": [ "eb50af3a-90e8-4f1f-b0f7-fc18f59fb7e7" ],
        "CommandName": [ "Remove-AzDevCenterAdminDevBoxDefinition" ],
        "FullCommandName": [ "Remove-AzDevCenterAdminDevBoxDefinition_DeleteViaIdentity" ],
        "ParameterSetName": [ "__AllParameterSets" ],
        "User-Agent": [ "AzurePowershell/v9.4.0", "PSVersion/v7.2.11", "Az.DevCenter/0.1.0" ],
        "Authorization": [ "[Filtered]" ]
      },
      "ContentHeaders": {
      }
    },
    "Response": {
      "StatusCode": 202,
      "Headers": {
        "Cache-Control": [ "no-cache" ],
        "Pragma": [ "no-cache" ],
        "ETag": [ "\"3d0025e9-0000-0a00-0000-64928e730000\"" ],
        "Location": [ "https://management.azure.com/subscriptions/f141e9f2-4778-45a4-9aa0-8b31e6469454/providers/Microsoft.DevCenter/locations/CANADACENTRAL/operationStatuses/842e6c71-09f6-49bc-99bc-3b212746a711*FF10E0E4AC5517B9D8A5C360E862C04AF3F87B31BCFE2D91C25A89F3DE6D60C7?api-version=2023-04-01" ],
        "x-ms-ratelimit-remaining-subscription-deletes": [ "14994" ],
        "x-ms-providerhub-traffic": [ "True" ],
        "X-Rate-Limit-Limit": [ "1m" ],
        "X-Rate-Limit-Remaining": [ "299" ],
        "X-Rate-Limit-Reset": [ "2023-06-21T05:46:22.8665894Z" ],
        "Strict-Transport-Security": [ "max-age=31536000; includeSubDomains" ],
        "Azure-AsyncOperation": [ "https://management.azure.com/subscriptions/f141e9f2-4778-45a4-9aa0-8b31e6469454/providers/Microsoft.DevCenter/locations/CANADACENTRAL/operationStatuses/842e6c71-09f6-49bc-99bc-3b212746a711*FF10E0E4AC5517B9D8A5C360E862C04AF3F87B31BCFE2D91C25A89F3DE6D60C7?api-version=2023-04-01" ],
        "x-ms-request-id": [ "842e6c71-09f6-49bc-99bc-3b212746a711" ],
        "x-ms-correlation-request-id": [ "5f08001b-7b2b-4982-ace2-a48efe6ec9fe" ],
        "x-ms-routing-request-id": [ "WESTUS:20230621T054523Z:5f08001b-7b2b-4982-ace2-a48efe6ec9fe" ],
        "X-Content-Type-Options": [ "nosniff" ],
        "Date": [ "Wed, 21 Jun 2023 05:45:22 GMT" ]
      },
      "ContentHeaders": {
        "Content-Length": [ "4" ],
        "Content-Type": [ "application/json; charset=utf-8" ],
        "Expires": [ "-1" ]
      },
      "Content": "bnVsbA==",
      "isContentBase64": false
    }
  },
  "Remove-AzDevCenterAdminDevBoxDefinition+[NoContext]+DeleteViaIdentity+$GET+https://management.azure.com/subscriptions/f141e9f2-4778-45a4-9aa0-8b31e6469454/providers/Microsoft.DevCenter/locations/CANADACENTRAL/operationStatuses/842e6c71-09f6-49bc-99bc-3b212746a711*FF10E0E4AC5517B9D8A5C360E862C04AF3F87B31BCFE2D91C25A89F3DE6D60C7?api-version=2023-04-01+2": {
    "Request": {
      "Method": "GET",
      "RequestUri": "https://management.azure.com/subscriptions/f141e9f2-4778-45a4-9aa0-8b31e6469454/providers/Microsoft.DevCenter/locations/CANADACENTRAL/operationStatuses/842e6c71-09f6-49bc-99bc-3b212746a711*FF10E0E4AC5517B9D8A5C360E862C04AF3F87B31BCFE2D91C25A89F3DE6D60C7?api-version=2023-04-01",
      "Content": null,
      "isContentBase64": false,
      "Headers": {
        "Authorization": [ "[Filtered]" ],
        "x-ms-unique-id": [ "181" ],
        "x-ms-client-request-id": [ "eb50af3a-90e8-4f1f-b0f7-fc18f59fb7e7" ],
        "CommandName": [ "Remove-AzDevCenterAdminDevBoxDefinition" ],
        "FullCommandName": [ "Remove-AzDevCenterAdminDevBoxDefinition_DeleteViaIdentity" ],
        "ParameterSetName": [ "__AllParameterSets" ],
        "User-Agent": [ "AzurePowershell/v9.4.0", "PSVersion/v7.2.11", "Az.DevCenter/0.1.0" ]
      },
      "ContentHeaders": {
      }
    },
    "Response": {
      "StatusCode": 200,
      "Headers": {
        "Cache-Control": [ "no-cache" ],
        "Pragma": [ "no-cache" ],
        "ETag": [ "\"1b00fb1f-0000-0a00-0000-64928e740000\"" ],
        "x-ms-ratelimit-remaining-subscription-reads": [ "11855" ],
        "x-ms-request-id": [ "005e0617-b1ab-4d56-b263-19b38890b196" ],
        "x-ms-correlation-request-id": [ "fdbbfa3f-d4b8-454b-ba8a-bdf51e836043" ],
        "x-ms-routing-request-id": [ "WESTUS:20230621T054553Z:fdbbfa3f-d4b8-454b-ba8a-bdf51e836043" ],
        "Strict-Transport-Security": [ "max-age=31536000; includeSubDomains" ],
        "X-Content-Type-Options": [ "nosniff" ],
        "Date": [ "Wed, 21 Jun 2023 05:45:52 GMT" ]
      },
      "ContentHeaders": {
        "Content-Length": [ "642" ],
        "Content-Type": [ "application/json; charset=utf-8" ],
        "Expires": [ "-1" ]
      },
      "Content": "{\"id\":\"/subscriptions/f141e9f2-4778-45a4-9aa0-8b31e6469454/providers/Microsoft.DevCenter/locations/CANADACENTRAL/operationStatuses/842e6c71-09f6-49bc-99bc-3b212746a711*FF10E0E4AC5517B9D8A5C360E862C04AF3F87B31BCFE2D91C25A89F3DE6D60C7\",\"name\":\"842e6c71-09f6-49bc-99bc-3b212746a711*FF10E0E4AC5517B9D8A5C360E862C04AF3F87B31BCFE2D91C25A89F3DE6D60C7\",\"resourceId\":\"/subscriptions/f141e9f2-4778-45a4-9aa0-8b31e6469454/resourceGroups/pwshRgwfpqgj/providers/Microsoft.DevCenter/devcenters/pwshDcisx0w8/devboxdefinitions/fcqz04\",\"status\":\"Succeeded\",\"startTime\":\"2023-06-21T05:45:22.8772137Z\",\"endTime\":\"2023-06-21T05:45:24.6150644Z\",\"properties\":null}",
      "isContentBase64": false
    }
  },
  "Remove-AzDevCenterAdminDevBoxDefinition+[NoContext]+DeleteViaIdentity+$GET+https://management.azure.com/subscriptions/f141e9f2-4778-45a4-9aa0-8b31e6469454/providers/Microsoft.DevCenter/locations/CANADACENTRAL/operationStatuses/842e6c71-09f6-49bc-99bc-3b212746a711*FF10E0E4AC5517B9D8A5C360E862C04AF3F87B31BCFE2D91C25A89F3DE6D60C7?api-version=2023-04-01+3": {
    "Request": {
      "Method": "GET",
      "RequestUri": "https://management.azure.com/subscriptions/f141e9f2-4778-45a4-9aa0-8b31e6469454/providers/Microsoft.DevCenter/locations/CANADACENTRAL/operationStatuses/842e6c71-09f6-49bc-99bc-3b212746a711*FF10E0E4AC5517B9D8A5C360E862C04AF3F87B31BCFE2D91C25A89F3DE6D60C7?api-version=2023-04-01",
      "Content": null,
      "isContentBase64": false,
      "Headers": {
        "Authorization": [ "[Filtered]" ],
        "x-ms-unique-id": [ "182" ],
        "x-ms-client-request-id": [ "eb50af3a-90e8-4f1f-b0f7-fc18f59fb7e7" ],
        "CommandName": [ "Remove-AzDevCenterAdminDevBoxDefinition" ],
        "FullCommandName": [ "Remove-AzDevCenterAdminDevBoxDefinition_DeleteViaIdentity" ],
        "ParameterSetName": [ "__AllParameterSets" ],
        "User-Agent": [ "AzurePowershell/v9.4.0", "PSVersion/v7.2.11", "Az.DevCenter/0.1.0" ]
      },
      "ContentHeaders": {
      }
    },
    "Response": {
      "StatusCode": 200,
      "Headers": {
        "Cache-Control": [ "no-cache" ],
        "Pragma": [ "no-cache" ],
        "ETag": [ "\"1b00fb1f-0000-0a00-0000-64928e740000\"" ],
        "x-ms-ratelimit-remaining-subscription-reads": [ "11854" ],
        "x-ms-request-id": [ "e7af0a13-357e-4cc9-a6ae-c443b2aebb18" ],
        "x-ms-correlation-request-id": [ "a90df340-bf34-4661-9079-63fc63027abb" ],
        "x-ms-routing-request-id": [ "WESTUS:20230621T054553Z:a90df340-bf34-4661-9079-63fc63027abb" ],
        "Strict-Transport-Security": [ "max-age=31536000; includeSubDomains" ],
        "X-Content-Type-Options": [ "nosniff" ],
        "Date": [ "Wed, 21 Jun 2023 05:45:52 GMT" ]
      },
      "ContentHeaders": {
        "Content-Length": [ "642" ],
        "Content-Type": [ "application/json; charset=utf-8" ],
        "Expires": [ "-1" ]
      },
      "Content": "{\"id\":\"/subscriptions/f141e9f2-4778-45a4-9aa0-8b31e6469454/providers/Microsoft.DevCenter/locations/CANADACENTRAL/operationStatuses/842e6c71-09f6-49bc-99bc-3b212746a711*FF10E0E4AC5517B9D8A5C360E862C04AF3F87B31BCFE2D91C25A89F3DE6D60C7\",\"name\":\"842e6c71-09f6-49bc-99bc-3b212746a711*FF10E0E4AC5517B9D8A5C360E862C04AF3F87B31BCFE2D91C25A89F3DE6D60C7\",\"resourceId\":\"/subscriptions/f141e9f2-4778-45a4-9aa0-8b31e6469454/resourceGroups/pwshRgwfpqgj/providers/Microsoft.DevCenter/devcenters/pwshDcisx0w8/devboxdefinitions/fcqz04\",\"status\":\"Succeeded\",\"startTime\":\"2023-06-21T05:45:22.8772137Z\",\"endTime\":\"2023-06-21T05:45:24.6150644Z\",\"properties\":null}",
      "isContentBase64": false
    }
  },
  "Remove-AzDevCenterAdminDevBoxDefinition+[NoContext]+DeleteViaIdentity+$GET+https://management.azure.com/subscriptions/f141e9f2-4778-45a4-9aa0-8b31e6469454/resourceGroups/pwshRgwfpqgj/providers/Microsoft.DevCenter/devcenters/pwshDcisx0w8/devboxdefinitions/fcqz04?api-version=2023-04-01+4": {
    "Request": {
      "Method": "GET",
      "RequestUri": "https://management.azure.com/subscriptions/f141e9f2-4778-45a4-9aa0-8b31e6469454/resourceGroups/pwshRgwfpqgj/providers/Microsoft.DevCenter/devcenters/pwshDcisx0w8/devboxdefinitions/fcqz04?api-version=2023-04-01",
      "Content": null,
      "isContentBase64": false,
      "Headers": {
        "x-ms-unique-id": [ "183" ],
        "x-ms-client-request-id": [ "61458bdd-80be-40a9-acf0-60d3424df305" ],
        "CommandName": [ "Get-AzDevCenterAdminDevBoxDefinition" ],
        "FullCommandName": [ "Get-AzDevCenterAdminDevBoxDefinition_Get" ],
        "ParameterSetName": [ "__AllParameterSets" ],
        "User-Agent": [ "AzurePowershell/v9.4.0", "PSVersion/v7.2.11", "Az.DevCenter/0.1.0" ],
        "Authorization": [ "[Filtered]" ]
      },
      "ContentHeaders": {
      }
    },
    "Response": {
      "StatusCode": 404,
      "Headers": {
        "Cache-Control": [ "no-cache" ],
        "Pragma": [ "no-cache" ],
        "x-ms-failure-cause": [ "gateway" ],
        "x-ms-request-id": [ "203d2e34-d4b0-46a0-af3b-e9cf68c8d323" ],
        "x-ms-correlation-request-id": [ "203d2e34-d4b0-46a0-af3b-e9cf68c8d323" ],
        "x-ms-routing-request-id": [ "WESTUS:20230621T054553Z:203d2e34-d4b0-46a0-af3b-e9cf68c8d323" ],
        "Strict-Transport-Security": [ "max-age=31536000; includeSubDomains" ],
        "X-Content-Type-Options": [ "nosniff" ],
        "Date": [ "Wed, 21 Jun 2023 05:45:52 GMT" ]
      },
      "ContentHeaders": {
        "Content-Type": [ "application/json; charset=utf-8" ],
        "Expires": [ "-1" ],
        "Content-Length": [ "252" ]
      },
      "Content": "{\"error\":{\"code\":\"ResourceNotFound\",\"message\":\"The Resource \u0027Microsoft.DevCenter/devcenters/pwshDcisx0w8/devboxdefinitions/fcqz04\u0027 under resource group \u0027pwshRgwfpqgj\u0027 was not found. For more details please go to https://aka.ms/ARMResourceNotFoundFix\"}}",
      "isContentBase64": false
    }
  }
}