{
  "Remove-AzDevCenterAdminAttachedNetwork+[NoContext]+Delete+$DELETE+https://management.azure.com/subscriptions/f141e9f2-4778-45a4-9aa0-8b31e6469454/resourceGroups/pwshRg64t1dm/providers/Microsoft.DevCenter/devcenters/pwshDclskghm/attachednetworks/5q9fer?api-version=2023-04-01+1": {
    "Request": {
      "Method": "DELETE",
      "RequestUri": "https://management.azure.com/subscriptions/f141e9f2-4778-45a4-9aa0-8b31e6469454/resourceGroups/pwshRg64t1dm/providers/Microsoft.DevCenter/devcenters/pwshDclskghm/attachednetworks/5q9fer?api-version=2023-04-01",
      "Content": null,
      "isContentBase64": false,
      "Headers": {
        "x-ms-unique-id": [ "147" ],
        "x-ms-client-request-id": [ "4be4051a-6c4e-4495-b34b-f17e1428221f" ],
        "CommandName": [ "Remove-AzDevCenterAdminAttachedNetwork" ],
        "FullCommandName": [ "Remove-AzDevCenterAdminAttachedNetwork_Delete" ],
        "ParameterSetName": [ "__AllParameterSets" ],
        "User-Agent": [ "AzurePowershell/v9.4.0", "PSVersion/v7.2.11", "Az.DevCenter/0.1.0" ],
        "Authorization": [ "[Filtered]" ]
      },
      "ContentHeaders": {
      }
    },
    "Response": {
      "StatusCode": 202,
      "Headers": {
        "Cache-Control": [ "no-cache" ],
        "Pragma": [ "no-cache" ],
        "ETag": [ "\"2300caf8-0000-0a00-0000-6493271d0000\"" ],
        "Location": [ "https://management.azure.com/subscriptions/f141e9f2-4778-45a4-9aa0-8b31e6469454/providers/Microsoft.DevCenter/locations/CANADACENTRAL/operationStatuses/ac43487c-6709-4ea8-89bb-158c964f336d*E69363F55C560FC2C3F736B482D2C4B923AB14729AE0414B050D4AFF5FBA1433?api-version=2023-04-01" ],
        "x-ms-ratelimit-remaining-subscription-deletes": [ "14999" ],
        "x-ms-providerhub-traffic": [ "True" ],
        "X-Rate-Limit-Limit": [ "1m" ],
        "X-Rate-Limit-Remaining": [ "299" ],
        "X-Rate-Limit-Reset": [ "2023-06-21T16:37:44.2574037Z" ],
        "Strict-Transport-Security": [ "max-age=31536000; includeSubDomains" ],
        "Azure-AsyncOperation": [ "https://management.azure.com/subscriptions/f141e9f2-4778-45a4-9aa0-8b31e6469454/providers/Microsoft.DevCenter/locations/CANADACENTRAL/operationStatuses/ac43487c-6709-4ea8-89bb-158c964f336d*E69363F55C560FC2C3F736B482D2C4B923AB14729AE0414B050D4AFF5FBA1433?api-version=2023-04-01" ],
        "x-ms-request-id": [ "ac43487c-6709-4ea8-89bb-158c964f336d" ],
        "x-ms-correlation-request-id": [ "04d50c39-2871-4822-ab3f-3eaf8eab0762" ],
        "x-ms-routing-request-id": [ "WESTUS:20230621T163645Z:04d50c39-2871-4822-ab3f-3eaf8eab0762" ],
        "X-Content-Type-Options": [ "nosniff" ],
        "Date": [ "Wed, 21 Jun 2023 16:36:44 GMT" ]
      },
      "ContentHeaders": {
        "Content-Length": [ "4" ],
        "Content-Type": [ "application/json; charset=utf-8" ],
        "Expires": [ "-1" ]
      },
      "Content": "bnVsbA==",
      "isContentBase64": false
    }
  },
  "Remove-AzDevCenterAdminAttachedNetwork+[NoContext]+Delete+$GET+https://management.azure.com/subscriptions/f141e9f2-4778-45a4-9aa0-8b31e6469454/providers/Microsoft.DevCenter/locations/CANADACENTRAL/operationStatuses/ac43487c-6709-4ea8-89bb-158c964f336d*E69363F55C560FC2C3F736B482D2C4B923AB14729AE0414B050D4AFF5FBA1433?api-version=2023-04-01+2": {
    "Request": {
      "Method": "GET",
      "RequestUri": "https://management.azure.com/subscriptions/f141e9f2-4778-45a4-9aa0-8b31e6469454/providers/Microsoft.DevCenter/locations/CANADACENTRAL/operationStatuses/ac43487c-6709-4ea8-89bb-158c964f336d*E69363F55C560FC2C3F736B482D2C4B923AB14729AE0414B050D4AFF5FBA1433?api-version=2023-04-01",
      "Content": null,
      "isContentBase64": false,
      "Headers": {
        "Authorization": [ "[Filtered]" ],
        "x-ms-unique-id": [ "148" ],
        "x-ms-client-request-id": [ "4be4051a-6c4e-4495-b34b-f17e1428221f" ],
        "CommandName": [ "Remove-AzDevCenterAdminAttachedNetwork" ],
        "FullCommandName": [ "Remove-AzDevCenterAdminAttachedNetwork_Delete" ],
        "ParameterSetName": [ "__AllParameterSets" ],
        "User-Agent": [ "AzurePowershell/v9.4.0", "PSVersion/v7.2.11", "Az.DevCenter/0.1.0" ]
      },
      "ContentHeaders": {
      }
    },
    "Response": {
      "StatusCode": 200,
      "Headers": {
        "Cache-Control": [ "no-cache" ],
        "Pragma": [ "no-cache" ],
        "ETag": [ "\"1c00d59b-0000-0a00-0000-649327280000\"" ],
        "x-ms-ratelimit-remaining-subscription-reads": [ "11883" ],
        "x-ms-request-id": [ "9edc980c-d541-46dc-98b5-4d7471373485" ],
        "x-ms-correlation-request-id": [ "e5f0522e-7aec-41e4-a0a8-1a297ccda23b" ],
        "x-ms-routing-request-id": [ "WESTUS:20230621T163715Z:e5f0522e-7aec-41e4-a0a8-1a297ccda23b" ],
        "Strict-Transport-Security": [ "max-age=31536000; includeSubDomains" ],
        "X-Content-Type-Options": [ "nosniff" ],
        "Date": [ "Wed, 21 Jun 2023 16:37:14 GMT" ]
      },
      "ContentHeaders": {
        "Content-Length": [ "640" ],
        "Content-Type": [ "application/json; charset=utf-8" ],
        "Expires": [ "-1" ]
      },
      "Content": "{\"id\":\"/subscriptions/f141e9f2-4778-45a4-9aa0-8b31e6469454/providers/Microsoft.DevCenter/locations/CANADACENTRAL/operationStatuses/ac43487c-6709-4ea8-89bb-158c964f336d*E69363F55C560FC2C3F736B482D2C4B923AB14729AE0414B050D4AFF5FBA1433\",\"name\":\"ac43487c-6709-4ea8-89bb-158c964f336d*E69363F55C560FC2C3F736B482D2C4B923AB14729AE0414B050D4AFF5FBA1433\",\"resourceId\":\"/subscriptions/f141e9f2-4778-45a4-9aa0-8b31e6469454/resourceGroups/pwshRg64t1dm/providers/Microsoft.DevCenter/devcenters/pwshDclskghm/attachednetworks/5q9fer\",\"status\":\"Succeeded\",\"startTime\":\"2023-06-21T16:36:44.284196Z\",\"endTime\":\"2023-06-21T16:36:56.8209978Z\",\"properties\":null}",
      "isContentBase64": false
    }
  },
  "Remove-AzDevCenterAdminAttachedNetwork+[NoContext]+Delete+$GET+https://management.azure.com/subscriptions/f141e9f2-4778-45a4-9aa0-8b31e6469454/providers/Microsoft.DevCenter/locations/CANADACENTRAL/operationStatuses/ac43487c-6709-4ea8-89bb-158c964f336d*E69363F55C560FC2C3F736B482D2C4B923AB14729AE0414B050D4AFF5FBA1433?api-version=2023-04-01+3": {
    "Request": {
      "Method": "GET",
      "RequestUri": "https://management.azure.com/subscriptions/f141e9f2-4778-45a4-9aa0-8b31e6469454/providers/Microsoft.DevCenter/locations/CANADACENTRAL/operationStatuses/ac43487c-6709-4ea8-89bb-158c964f336d*E69363F55C560FC2C3F736B482D2C4B923AB14729AE0414B050D4AFF5FBA1433?api-version=2023-04-01",
      "Content": null,
      "isContentBase64": false,
      "Headers": {
        "Authorization": [ "[Filtered]" ],
        "x-ms-unique-id": [ "149" ],
        "x-ms-client-request-id": [ "4be4051a-6c4e-4495-b34b-f17e1428221f" ],
        "CommandName": [ "Remove-AzDevCenterAdminAttachedNetwork" ],
        "FullCommandName": [ "Remove-AzDevCenterAdminAttachedNetwork_Delete" ],
        "ParameterSetName": [ "__AllParameterSets" ],
        "User-Agent": [ "AzurePowershell/v9.4.0", "PSVersion/v7.2.11", "Az.DevCenter/0.1.0" ]
      },
      "ContentHeaders": {
      }
    },
    "Response": {
      "StatusCode": 200,
      "Headers": {
        "Cache-Control": [ "no-cache" ],
        "Pragma": [ "no-cache" ],
        "ETag": [ "\"1c00d59b-0000-0a00-0000-649327280000\"" ],
        "x-ms-ratelimit-remaining-subscription-reads": [ "11882" ],
        "x-ms-request-id": [ "9d93f3fb-01e8-43e0-aee6-129f7cfadf2f" ],
        "x-ms-correlation-request-id": [ "6342cb67-4bbf-4114-b216-f5b8de972d63" ],
        "x-ms-routing-request-id": [ "WESTUS:20230621T163715Z:6342cb67-4bbf-4114-b216-f5b8de972d63" ],
        "Strict-Transport-Security": [ "max-age=31536000; includeSubDomains" ],
        "X-Content-Type-Options": [ "nosniff" ],
        "Date": [ "Wed, 21 Jun 2023 16:37:14 GMT" ]
      },
      "ContentHeaders": {
        "Content-Length": [ "640" ],
        "Content-Type": [ "application/json; charset=utf-8" ],
        "Expires": [ "-1" ]
      },
      "Content": "{\"id\":\"/subscriptions/f141e9f2-4778-45a4-9aa0-8b31e6469454/providers/Microsoft.DevCenter/locations/CANADACENTRAL/operationStatuses/ac43487c-6709-4ea8-89bb-158c964f336d*E69363F55C560FC2C3F736B482D2C4B923AB14729AE0414B050D4AFF5FBA1433\",\"name\":\"ac43487c-6709-4ea8-89bb-158c964f336d*E69363F55C560FC2C3F736B482D2C4B923AB14729AE0414B050D4AFF5FBA1433\",\"resourceId\":\"/subscriptions/f141e9f2-4778-45a4-9aa0-8b31e6469454/resourceGroups/pwshRg64t1dm/providers/Microsoft.DevCenter/devcenters/pwshDclskghm/attachednetworks/5q9fer\",\"status\":\"Succeeded\",\"startTime\":\"2023-06-21T16:36:44.284196Z\",\"endTime\":\"2023-06-21T16:36:56.8209978Z\",\"properties\":null}",
      "isContentBase64": false
    }
  },
  "Remove-AzDevCenterAdminAttachedNetwork+[NoContext]+Delete+$GET+https://management.azure.com/subscriptions/f141e9f2-4778-45a4-9aa0-8b31e6469454/resourceGroups/pwshRg64t1dm/providers/Microsoft.DevCenter/devcenters/pwshDclskghm/attachednetworks/5q9fer?api-version=2023-04-01+4": {
    "Request": {
      "Method": "GET",
      "RequestUri": "https://management.azure.com/subscriptions/f141e9f2-4778-45a4-9aa0-8b31e6469454/resourceGroups/pwshRg64t1dm/providers/Microsoft.DevCenter/devcenters/pwshDclskghm/attachednetworks/5q9fer?api-version=2023-04-01",
      "Content": null,
      "isContentBase64": false,
      "Headers": {
        "x-ms-unique-id": [ "150" ],
        "x-ms-client-request-id": [ "7e5b7986-ea17-4b33-9e85-ddf8db08cc08" ],
        "CommandName": [ "Get-AzDevCenterAdminAttachedNetwork" ],
        "FullCommandName": [ "Get-AzDevCenterAdminAttachedNetwork_Get1" ],
        "ParameterSetName": [ "__AllParameterSets" ],
        "User-Agent": [ "AzurePowershell/v9.4.0", "PSVersion/v7.2.11", "Az.DevCenter/0.1.0" ],
        "Authorization": [ "[Filtered]" ]
      },
      "ContentHeaders": {
      }
    },
    "Response": {
      "StatusCode": 404,
      "Headers": {
        "Cache-Control": [ "no-cache" ],
        "Pragma": [ "no-cache" ],
        "x-ms-ratelimit-remaining-subscription-reads": [ "11881" ],
        "x-ms-providerhub-traffic": [ "True" ],
        "x-ms-failure-cause": [ "gateway" ],
        "x-ms-request-id": [ "09f4b971-5278-451b-b934-ebba041ca240" ],
        "x-ms-correlation-request-id": [ "4ea6a04f-fe09-4b9c-964b-49de567f7477" ],
        "x-ms-routing-request-id": [ "WESTUS:20230621T163715Z:4ea6a04f-fe09-4b9c-964b-49de567f7477" ],
        "Strict-Transport-Security": [ "max-age=31536000; includeSubDomains" ],
        "X-Content-Type-Options": [ "nosniff" ],
        "Date": [ "Wed, 21 Jun 2023 16:37:15 GMT" ]
      },
      "ContentHeaders": {
        "Content-Length": [ "152" ],
        "Content-Type": [ "application/json" ],
        "Expires": [ "-1" ]
      },
      "Content": "{\"error\":{\"code\":\"ResourceNotFound\",\"message\":\"The resource \u0027Microsoft.DevCenter/devcenters/pwshDclskghm/attachednetworks/5q9fer\u0027 could not be found.\"}}",
      "isContentBase64": false
    }
  },
  "Remove-AzDevCenterAdminAttachedNetwork+[NoContext]+DeleteViaIdentity+$DELETE+https://management.azure.com/subscriptions/f141e9f2-4778-45a4-9aa0-8b31e6469454/resourceGroups/pwshRg64t1dm/providers/Microsoft.DevCenter/devcenters/pwshDclskghm/attachednetworks/8kpigz?api-version=2023-04-01+1": {
    "Request": {
      "Method": "DELETE",
      "RequestUri": "https://management.azure.com/subscriptions/f141e9f2-4778-45a4-9aa0-8b31e6469454/resourceGroups/pwshRg64t1dm/providers/Microsoft.DevCenter/devcenters/pwshDclskghm/attachednetworks/8kpigz?api-version=2023-04-01",
      "Content": null,
      "isContentBase64": false,
      "Headers": {
        "x-ms-unique-id": [ "151" ],
        "x-ms-client-request-id": [ "8d08748f-b267-4eb1-9eeb-d1b8d7e51bf8" ],
        "CommandName": [ "Remove-AzDevCenterAdminAttachedNetwork" ],
        "FullCommandName": [ "Remove-AzDevCenterAdminAttachedNetwork_DeleteViaIdentity" ],
        "ParameterSetName": [ "__AllParameterSets" ],
        "User-Agent": [ "AzurePowershell/v9.4.0", "PSVersion/v7.2.11", "Az.DevCenter/0.1.0" ],
        "Authorization": [ "[Filtered]" ]
      },
      "ContentHeaders": {
      }
    },
    "Response": {
      "StatusCode": 202,
      "Headers": {
        "Cache-Control": [ "no-cache" ],
        "Pragma": [ "no-cache" ],
        "ETag": [ "\"230036f9-0000-0a00-0000-6493273c0000\"" ],
        "Location": [ "https://management.azure.com/subscriptions/f141e9f2-4778-45a4-9aa0-8b31e6469454/providers/Microsoft.DevCenter/locations/CANADACENTRAL/operationStatuses/55e48973-65fa-4a55-b88a-fcf286a11795*3451E890B9A2B6D4C99A5A375948600293EDEB721B47A15DB9C88BDC6A0A0E74?api-version=2023-04-01" ],
        "x-ms-ratelimit-remaining-subscription-deletes": [ "14998" ],
        "x-ms-providerhub-traffic": [ "True" ],
        "X-Rate-Limit-Limit": [ "1m" ],
        "X-Rate-Limit-Remaining": [ "299" ],
        "X-Rate-Limit-Reset": [ "2023-06-21T16:38:16.0196059Z" ],
        "Strict-Transport-Security": [ "max-age=31536000; includeSubDomains" ],
        "Azure-AsyncOperation": [ "https://management.azure.com/subscriptions/f141e9f2-4778-45a4-9aa0-8b31e6469454/providers/Microsoft.DevCenter/locations/CANADACENTRAL/operationStatuses/55e48973-65fa-4a55-b88a-fcf286a11795*3451E890B9A2B6D4C99A5A375948600293EDEB721B47A15DB9C88BDC6A0A0E74?api-version=2023-04-01" ],
        "x-ms-request-id": [ "55e48973-65fa-4a55-b88a-fcf286a11795" ],
        "x-ms-correlation-request-id": [ "a4289130-b67d-4158-8abf-319e1d681efb" ],
        "x-ms-routing-request-id": [ "WESTUS:20230621T163716Z:a4289130-b67d-4158-8abf-319e1d681efb" ],
        "X-Content-Type-Options": [ "nosniff" ],
        "Date": [ "Wed, 21 Jun 2023 16:37:15 GMT" ]
      },
      "ContentHeaders": {
        "Content-Length": [ "4" ],
        "Content-Type": [ "application/json; charset=utf-8" ],
        "Expires": [ "-1" ]
      },
      "Content": "bnVsbA==",
      "isContentBase64": false
    }
  },
  "Remove-AzDevCenterAdminAttachedNetwork+[NoContext]+DeleteViaIdentity+$GET+https://management.azure.com/subscriptions/f141e9f2-4778-45a4-9aa0-8b31e6469454/providers/Microsoft.DevCenter/locations/CANADACENTRAL/operationStatuses/55e48973-65fa-4a55-b88a-fcf286a11795*3451E890B9A2B6D4C99A5A375948600293EDEB721B47A15DB9C88BDC6A0A0E74?api-version=2023-04-01+2": {
    "Request": {
      "Method": "GET",
      "RequestUri": "https://management.azure.com/subscriptions/f141e9f2-4778-45a4-9aa0-8b31e6469454/providers/Microsoft.DevCenter/locations/CANADACENTRAL/operationStatuses/55e48973-65fa-4a55-b88a-fcf286a11795*3451E890B9A2B6D4C99A5A375948600293EDEB721B47A15DB9C88BDC6A0A0E74?api-version=2023-04-01",
      "Content": null,
      "isContentBase64": false,
      "Headers": {
        "Authorization": [ "[Filtered]" ],
        "x-ms-unique-id": [ "152" ],
        "x-ms-client-request-id": [ "8d08748f-b267-4eb1-9eeb-d1b8d7e51bf8" ],
        "CommandName": [ "Remove-AzDevCenterAdminAttachedNetwork" ],
        "FullCommandName": [ "Remove-AzDevCenterAdminAttachedNetwork_DeleteViaIdentity" ],
        "ParameterSetName": [ "__AllParameterSets" ],
        "User-Agent": [ "AzurePowershell/v9.4.0", "PSVersion/v7.2.11", "Az.DevCenter/0.1.0" ]
      },
      "ContentHeaders": {
      }
    },
    "Response": {
      "StatusCode": 200,
      "Headers": {
        "Cache-Control": [ "no-cache" ],
        "Pragma": [ "no-cache" ],
        "ETag": [ "\"1c00a69c-0000-0a00-0000-649327460000\"" ],
        "x-ms-ratelimit-remaining-subscription-reads": [ "11880" ],
        "x-ms-request-id": [ "da5d7efd-bb4a-48f5-aad8-96f4cead911c" ],
        "x-ms-correlation-request-id": [ "c486e206-d7e9-4fd8-9e11-47b76ddb4e9b" ],
        "x-ms-routing-request-id": [ "WESTUS:20230621T163746Z:c486e206-d7e9-4fd8-9e11-47b76ddb4e9b" ],
        "Strict-Transport-Security": [ "max-age=31536000; includeSubDomains" ],
        "X-Content-Type-Options": [ "nosniff" ],
        "Date": [ "Wed, 21 Jun 2023 16:37:45 GMT" ]
      },
      "ContentHeaders": {
        "Content-Length": [ "641" ],
        "Content-Type": [ "application/json; charset=utf-8" ],
        "Expires": [ "-1" ]
      },
      "Content": "{\"id\":\"/subscriptions/f141e9f2-4778-45a4-9aa0-8b31e6469454/providers/Microsoft.DevCenter/locations/CANADACENTRAL/operationStatuses/55e48973-65fa-4a55-b88a-fcf286a11795*3451E890B9A2B6D4C99A5A375948600293EDEB721B47A15DB9C88BDC6A0A0E74\",\"name\":\"55e48973-65fa-4a55-b88a-fcf286a11795*3451E890B9A2B6D4C99A5A375948600293EDEB721B47A15DB9C88BDC6A0A0E74\",\"resourceId\":\"/subscriptions/f141e9f2-4778-45a4-9aa0-8b31e6469454/resourceGroups/pwshRg64t1dm/providers/Microsoft.DevCenter/devcenters/pwshDclskghm/attachednetworks/8kpigz\",\"status\":\"Succeeded\",\"startTime\":\"2023-06-21T16:37:16.0425921Z\",\"endTime\":\"2023-06-21T16:37:26.0677181Z\",\"properties\":null}",
      "isContentBase64": false
    }
  },
  "Remove-AzDevCenterAdminAttachedNetwork+[NoContext]+DeleteViaIdentity+$GET+https://management.azure.com/subscriptions/f141e9f2-4778-45a4-9aa0-8b31e6469454/providers/Microsoft.DevCenter/locations/CANADACENTRAL/operationStatuses/55e48973-65fa-4a55-b88a-fcf286a11795*3451E890B9A2B6D4C99A5A375948600293EDEB721B47A15DB9C88BDC6A0A0E74?api-version=2023-04-01+3": {
    "Request": {
      "Method": "GET",
      "RequestUri": "https://management.azure.com/subscriptions/f141e9f2-4778-45a4-9aa0-8b31e6469454/providers/Microsoft.DevCenter/locations/CANADACENTRAL/operationStatuses/55e48973-65fa-4a55-b88a-fcf286a11795*3451E890B9A2B6D4C99A5A375948600293EDEB721B47A15DB9C88BDC6A0A0E74?api-version=2023-04-01",
      "Content": null,
      "isContentBase64": false,
      "Headers": {
        "Authorization": [ "[Filtered]" ],
        "x-ms-unique-id": [ "153" ],
        "x-ms-client-request-id": [ "8d08748f-b267-4eb1-9eeb-d1b8d7e51bf8" ],
        "CommandName": [ "Remove-AzDevCenterAdminAttachedNetwork" ],
        "FullCommandName": [ "Remove-AzDevCenterAdminAttachedNetwork_DeleteViaIdentity" ],
        "ParameterSetName": [ "__AllParameterSets" ],
        "User-Agent": [ "AzurePowershell/v9.4.0", "PSVersion/v7.2.11", "Az.DevCenter/0.1.0" ]
      },
      "ContentHeaders": {
      }
    },
    "Response": {
      "StatusCode": 200,
      "Headers": {
        "Cache-Control": [ "no-cache" ],
        "Pragma": [ "no-cache" ],
        "ETag": [ "\"1c00a69c-0000-0a00-0000-649327460000\"" ],
        "x-ms-ratelimit-remaining-subscription-reads": [ "11879" ],
        "x-ms-request-id": [ "58608596-97a2-43f0-a6c8-44c570e0a6f4" ],
        "x-ms-correlation-request-id": [ "2c34ed34-f269-4eff-8a74-2abdd9e42dd1" ],
        "x-ms-routing-request-id": [ "WESTUS:20230621T163746Z:2c34ed34-f269-4eff-8a74-2abdd9e42dd1" ],
        "Strict-Transport-Security": [ "max-age=31536000; includeSubDomains" ],
        "X-Content-Type-Options": [ "nosniff" ],
        "Date": [ "Wed, 21 Jun 2023 16:37:45 GMT" ]
      },
      "ContentHeaders": {
        "Content-Length": [ "641" ],
        "Content-Type": [ "application/json; charset=utf-8" ],
        "Expires": [ "-1" ]
      },
      "Content": "{\"id\":\"/subscriptions/f141e9f2-4778-45a4-9aa0-8b31e6469454/providers/Microsoft.DevCenter/locations/CANADACENTRAL/operationStatuses/55e48973-65fa-4a55-b88a-fcf286a11795*3451E890B9A2B6D4C99A5A375948600293EDEB721B47A15DB9C88BDC6A0A0E74\",\"name\":\"55e48973-65fa-4a55-b88a-fcf286a11795*3451E890B9A2B6D4C99A5A375948600293EDEB721B47A15DB9C88BDC6A0A0E74\",\"resourceId\":\"/subscriptions/f141e9f2-4778-45a4-9aa0-8b31e6469454/resourceGroups/pwshRg64t1dm/providers/Microsoft.DevCenter/devcenters/pwshDclskghm/attachednetworks/8kpigz\",\"status\":\"Succeeded\",\"startTime\":\"2023-06-21T16:37:16.0425921Z\",\"endTime\":\"2023-06-21T16:37:26.0677181Z\",\"properties\":null}",
      "isContentBase64": false
    }
  }
}