{
  "Remove-AzDevCenterAdminCatalog+[NoContext]+Delete+$DELETE+https://management.azure.com/subscriptions/f141e9f2-4778-45a4-9aa0-8b31e6469454/resourceGroups/pwshRg64t1dm/providers/Microsoft.DevCenter/devcenters/pwshDclskghm/catalogs/rs2wta?api-version=2023-04-01+1": {
    "Request": {
      "Method": "DELETE",
      "RequestUri": "https://management.azure.com/subscriptions/f141e9f2-4778-45a4-9aa0-8b31e6469454/resourceGroups/pwshRg64t1dm/providers/Microsoft.DevCenter/devcenters/pwshDclskghm/catalogs/rs2wta?api-version=2023-04-01",
      "Content": null,
      "isContentBase64": false,
      "Headers": {
        "x-ms-unique-id": [ "154" ],
        "x-ms-client-request-id": [ "151fb7e1-3196-428e-8a12-4f7f381af132" ],
        "CommandName": [ "Remove-AzDevCenterAdminCatalog" ],
        "FullCommandName": [ "Remove-AzDevCenterAdminCatalog_Delete" ],
        "ParameterSetName": [ "__AllParameterSets" ],
        "User-Agent": [ "AzurePowershell/v9.4.0", "PSVersion/v7.2.11", "Az.DevCenter/0.1.0" ],
        "Authorization": [ "[Filtered]" ]
      },
      "ContentHeaders": {
      }
    },
    "Response": {
      "StatusCode": 202,
      "Headers": {
        "Cache-Control": [ "no-cache" ],
        "Pragma": [ "no-cache" ],
        "ETag": [ "\"7000cbe7-0000-0a00-0000-6493275b0000\"" ],
        "Location": [ "https://management.azure.com/subscriptions/f141e9f2-4778-45a4-9aa0-8b31e6469454/providers/Microsoft.DevCenter/locations/CANADACENTRAL/operationStatuses/d3e357fe-41d5-435c-b2f9-ddd508f024e4*98F6CB253B33B7650BD4E3B6A870F4CB6F3DE35A14E5C49FFEE9EB943F3AF0C1?api-version=2023-04-01" ],
        "x-ms-ratelimit-remaining-subscription-deletes": [ "14997" ],
        "x-ms-providerhub-traffic": [ "True" ],
        "Azure-AsyncOperation": [ "https://management.azure.com/subscriptions/f141e9f2-4778-45a4-9aa0-8b31e6469454/providers/Microsoft.DevCenter/locations/CANADACENTRAL/operationStatuses/d3e357fe-41d5-435c-b2f9-ddd508f024e4*98F6CB253B33B7650BD4E3B6A870F4CB6F3DE35A14E5C49FFEE9EB943F3AF0C1?api-version=2023-04-01" ],
        "x-ms-request-id": [ "d3e357fe-41d5-435c-b2f9-ddd508f024e4" ],
        "x-ms-correlation-request-id": [ "f23235c4-d8ed-45f9-bdad-98ee84769334" ],
        "x-ms-routing-request-id": [ "WESTUS:20230621T163747Z:f23235c4-d8ed-45f9-bdad-98ee84769334" ],
        "Strict-Transport-Security": [ "max-age=31536000; includeSubDomains" ],
        "X-Content-Type-Options": [ "nosniff" ],
        "Date": [ "Wed, 21 Jun 2023 16:37:46 GMT" ]
      },
      "ContentHeaders": {
        "Content-Length": [ "4" ],
        "Content-Type": [ "application/json; charset=utf-8" ],
        "Expires": [ "-1" ]
      },
      "Content": "bnVsbA==",
      "isContentBase64": false
    }
  },
  "Remove-AzDevCenterAdminCatalog+[NoContext]+Delete+$GET+https://management.azure.com/subscriptions/f141e9f2-4778-45a4-9aa0-8b31e6469454/providers/Microsoft.DevCenter/locations/CANADACENTRAL/operationStatuses/d3e357fe-41d5-435c-b2f9-ddd508f024e4*98F6CB253B33B7650BD4E3B6A870F4CB6F3DE35A14E5C49FFEE9EB943F3AF0C1?api-version=2023-04-01+2": {
    "Request": {
      "Method": "GET",
      "RequestUri": "https://management.azure.com/subscriptions/f141e9f2-4778-45a4-9aa0-8b31e6469454/providers/Microsoft.DevCenter/locations/CANADACENTRAL/operationStatuses/d3e357fe-41d5-435c-b2f9-ddd508f024e4*98F6CB253B33B7650BD4E3B6A870F4CB6F3DE35A14E5C49FFEE9EB943F3AF0C1?api-version=2023-04-01",
      "Content": null,
      "isContentBase64": false,
      "Headers": {
        "Authorization": [ "[Filtered]" ],
        "x-ms-unique-id": [ "155" ],
        "x-ms-client-request-id": [ "151fb7e1-3196-428e-8a12-4f7f381af132" ],
        "CommandName": [ "Remove-AzDevCenterAdminCatalog" ],
        "FullCommandName": [ "Remove-AzDevCenterAdminCatalog_Delete" ],
        "ParameterSetName": [ "__AllParameterSets" ],
        "User-Agent": [ "AzurePowershell/v9.4.0", "PSVersion/v7.2.11", "Az.DevCenter/0.1.0" ]
      },
      "ContentHeaders": {
      }
    },
    "Response": {
      "StatusCode": 202,
      "Headers": {
        "Cache-Control": [ "no-cache" ],
        "Pragma": [ "no-cache" ],
        "ETag": [ "\"1c00309d-0000-0a00-0000-6493275b0000\"" ],
        "x-ms-ratelimit-remaining-subscription-reads": [ "11878" ],
        "x-ms-request-id": [ "505290b7-fe3e-4675-99ab-a218f064a753" ],
        "x-ms-correlation-request-id": [ "96d607dc-61bd-4b85-a9a6-81b10d624417" ],
        "x-ms-routing-request-id": [ "WESTUS:20230621T163817Z:96d607dc-61bd-4b85-a9a6-81b10d624417" ],
        "Strict-Transport-Security": [ "max-age=31536000; includeSubDomains" ],
        "X-Content-Type-Options": [ "nosniff" ],
        "Date": [ "Wed, 21 Jun 2023 16:38:17 GMT" ]
      },
      "ContentHeaders": {
        "Content-Length": [ "573" ],
        "Content-Type": [ "application/json; charset=utf-8" ],
        "Expires": [ "-1" ]
      },
      "Content": "{\"id\":\"/subscriptions/f141e9f2-4778-45a4-9aa0-8b31e6469454/providers/Microsoft.DevCenter/locations/CANADACENTRAL/operationStatuses/d3e357fe-41d5-435c-b2f9-ddd508f024e4*98F6CB253B33B7650BD4E3B6A870F4CB6F3DE35A14E5C49FFEE9EB943F3AF0C1\",\"name\":\"d3e357fe-41d5-435c-b2f9-ddd508f024e4*98F6CB253B33B7650BD4E3B6A870F4CB6F3DE35A14E5C49FFEE9EB943F3AF0C1\",\"resourceId\":\"/subscriptions/f141e9f2-4778-45a4-9aa0-8b31e6469454/resourceGroups/pwshRg64t1dm/providers/Microsoft.DevCenter/devcenters/pwshDclskghm/catalogs/rs2wta\",\"status\":\"Deleting\",\"startTime\":\"2023-06-21T16:37:47.2169698Z\"}",
      "isContentBase64": false
    }
  },
  "Remove-AzDevCenterAdminCatalog+[NoContext]+Delete+$GET+https://management.azure.com/subscriptions/f141e9f2-4778-45a4-9aa0-8b31e6469454/providers/Microsoft.DevCenter/locations/CANADACENTRAL/operationStatuses/d3e357fe-41d5-435c-b2f9-ddd508f024e4*98F6CB253B33B7650BD4E3B6A870F4CB6F3DE35A14E5C49FFEE9EB943F3AF0C1?api-version=2023-04-01+3": {
    "Request": {
      "Method": "GET",
      "RequestUri": "https://management.azure.com/subscriptions/f141e9f2-4778-45a4-9aa0-8b31e6469454/providers/Microsoft.DevCenter/locations/CANADACENTRAL/operationStatuses/d3e357fe-41d5-435c-b2f9-ddd508f024e4*98F6CB253B33B7650BD4E3B6A870F4CB6F3DE35A14E5C49FFEE9EB943F3AF0C1?api-version=2023-04-01",
      "Content": null,
      "isContentBase64": false,
      "Headers": {
        "Authorization": [ "[Filtered]" ],
        "x-ms-unique-id": [ "156" ],
        "x-ms-client-request-id": [ "151fb7e1-3196-428e-8a12-4f7f381af132" ],
        "CommandName": [ "Remove-AzDevCenterAdminCatalog" ],
        "FullCommandName": [ "Remove-AzDevCenterAdminCatalog_Delete" ],
        "ParameterSetName": [ "__AllParameterSets" ],
        "User-Agent": [ "AzurePowershell/v9.4.0", "PSVersion/v7.2.11", "Az.DevCenter/0.1.0" ]
      },
      "ContentHeaders": {
      }
    },
    "Response": {
      "StatusCode": 202,
      "Headers": {
        "Cache-Control": [ "no-cache" ],
        "Pragma": [ "no-cache" ],
        "ETag": [ "\"1c00309d-0000-0a00-0000-6493275b0000\"" ],
        "x-ms-ratelimit-remaining-subscription-reads": [ "11877" ],
        "x-ms-request-id": [ "e5451e1e-fd66-43e2-a49e-a54c76236d0d" ],
        "x-ms-correlation-request-id": [ "f8f0a9d5-a966-4f05-8809-319fb68e5328" ],
        "x-ms-routing-request-id": [ "WESTUS:20230621T163848Z:f8f0a9d5-a966-4f05-8809-319fb68e5328" ],
        "Strict-Transport-Security": [ "max-age=31536000; includeSubDomains" ],
        "X-Content-Type-Options": [ "nosniff" ],
        "Date": [ "Wed, 21 Jun 2023 16:38:47 GMT" ]
      },
      "ContentHeaders": {
        "Content-Length": [ "573" ],
        "Content-Type": [ "application/json; charset=utf-8" ],
        "Expires": [ "-1" ]
      },
      "Content": "{\"id\":\"/subscriptions/f141e9f2-4778-45a4-9aa0-8b31e6469454/providers/Microsoft.DevCenter/locations/CANADACENTRAL/operationStatuses/d3e357fe-41d5-435c-b2f9-ddd508f024e4*98F6CB253B33B7650BD4E3B6A870F4CB6F3DE35A14E5C49FFEE9EB943F3AF0C1\",\"name\":\"d3e357fe-41d5-435c-b2f9-ddd508f024e4*98F6CB253B33B7650BD4E3B6A870F4CB6F3DE35A14E5C49FFEE9EB943F3AF0C1\",\"resourceId\":\"/subscriptions/f141e9f2-4778-45a4-9aa0-8b31e6469454/resourceGroups/pwshRg64t1dm/providers/Microsoft.DevCenter/devcenters/pwshDclskghm/catalogs/rs2wta\",\"status\":\"Deleting\",\"startTime\":\"2023-06-21T16:37:47.2169698Z\"}",
      "isContentBase64": false
    }
  },
  "Remove-AzDevCenterAdminCatalog+[NoContext]+Delete+$GET+https://management.azure.com/subscriptions/f141e9f2-4778-45a4-9aa0-8b31e6469454/providers/Microsoft.DevCenter/locations/CANADACENTRAL/operationStatuses/d3e357fe-41d5-435c-b2f9-ddd508f024e4*98F6CB253B33B7650BD4E3B6A870F4CB6F3DE35A14E5C49FFEE9EB943F3AF0C1?api-version=2023-04-01+4": {
    "Request": {
      "Method": "GET",
      "RequestUri": "https://management.azure.com/subscriptions/f141e9f2-4778-45a4-9aa0-8b31e6469454/providers/Microsoft.DevCenter/locations/CANADACENTRAL/operationStatuses/d3e357fe-41d5-435c-b2f9-ddd508f024e4*98F6CB253B33B7650BD4E3B6A870F4CB6F3DE35A14E5C49FFEE9EB943F3AF0C1?api-version=2023-04-01",
      "Content": null,
      "isContentBase64": false,
      "Headers": {
        "Authorization": [ "[Filtered]" ],
        "x-ms-unique-id": [ "157" ],
        "x-ms-client-request-id": [ "151fb7e1-3196-428e-8a12-4f7f381af132" ],
        "CommandName": [ "Remove-AzDevCenterAdminCatalog" ],
        "FullCommandName": [ "Remove-AzDevCenterAdminCatalog_Delete" ],
        "ParameterSetName": [ "__AllParameterSets" ],
        "User-Agent": [ "AzurePowershell/v9.4.0", "PSVersion/v7.2.11", "Az.DevCenter/0.1.0" ]
      },
      "ContentHeaders": {
      }
    },
    "Response": {
      "StatusCode": 200,
      "Headers": {
        "Cache-Control": [ "no-cache" ],
        "Pragma": [ "no-cache" ],
        "ETag": [ "\"1c00a19f-0000-0a00-0000-649327b50000\"" ],
        "x-ms-ratelimit-remaining-subscription-reads": [ "11876" ],
        "x-ms-request-id": [ "9a9d1411-56a3-49b3-aa7e-64fcf9f1587d" ],
        "x-ms-correlation-request-id": [ "3cf62a4b-3a32-436a-ad79-f4468febbcb5" ],
        "x-ms-routing-request-id": [ "WESTUS:20230621T163918Z:3cf62a4b-3a32-436a-ad79-f4468febbcb5" ],
        "Strict-Transport-Security": [ "max-age=31536000; includeSubDomains" ],
        "X-Content-Type-Options": [ "nosniff" ],
        "Date": [ "Wed, 21 Jun 2023 16:39:17 GMT" ]
      },
      "ContentHeaders": {
        "Content-Length": [ "592" ],
        "Content-Type": [ "application/json; charset=utf-8" ],
        "Expires": [ "-1" ]
      },
      "Content": "{\"id\":\"/subscriptions/f141e9f2-4778-45a4-9aa0-8b31e6469454/providers/Microsoft.DevCenter/locations/CANADACENTRAL/operationStatuses/d3e357fe-41d5-435c-b2f9-ddd508f024e4*98F6CB253B33B7650BD4E3B6A870F4CB6F3DE35A14E5C49FFEE9EB943F3AF0C1\",\"name\":\"d3e357fe-41d5-435c-b2f9-ddd508f024e4*98F6CB253B33B7650BD4E3B6A870F4CB6F3DE35A14E5C49FFEE9EB943F3AF0C1\",\"resourceId\":\"/subscriptions/f141e9f2-4778-45a4-9aa0-8b31e6469454/resourceGroups/pwshRg64t1dm/providers/Microsoft.DevCenter/devcenters/pwshDclskghm/catalogs/rs2wta\",\"status\":\"Succeeded\",\"startTime\":\"2023-06-21T16:37:47.2169698Z\",\"properties\":null}",
      "isContentBase64": false
    }
  },
  "Remove-AzDevCenterAdminCatalog+[NoContext]+Delete+$GET+https://management.azure.com/subscriptions/f141e9f2-4778-45a4-9aa0-8b31e6469454/providers/Microsoft.DevCenter/locations/CANADACENTRAL/operationStatuses/d3e357fe-41d5-435c-b2f9-ddd508f024e4*98F6CB253B33B7650BD4E3B6A870F4CB6F3DE35A14E5C49FFEE9EB943F3AF0C1?api-version=2023-04-01+5": {
    "Request": {
      "Method": "GET",
      "RequestUri": "https://management.azure.com/subscriptions/f141e9f2-4778-45a4-9aa0-8b31e6469454/providers/Microsoft.DevCenter/locations/CANADACENTRAL/operationStatuses/d3e357fe-41d5-435c-b2f9-ddd508f024e4*98F6CB253B33B7650BD4E3B6A870F4CB6F3DE35A14E5C49FFEE9EB943F3AF0C1?api-version=2023-04-01",
      "Content": null,
      "isContentBase64": false,
      "Headers": {
        "Authorization": [ "[Filtered]" ],
        "x-ms-unique-id": [ "158" ],
        "x-ms-client-request-id": [ "151fb7e1-3196-428e-8a12-4f7f381af132" ],
        "CommandName": [ "Remove-AzDevCenterAdminCatalog" ],
        "FullCommandName": [ "Remove-AzDevCenterAdminCatalog_Delete" ],
        "ParameterSetName": [ "__AllParameterSets" ],
        "User-Agent": [ "AzurePowershell/v9.4.0", "PSVersion/v7.2.11", "Az.DevCenter/0.1.0" ]
      },
      "ContentHeaders": {
      }
    },
    "Response": {
      "StatusCode": 200,
      "Headers": {
        "Cache-Control": [ "no-cache" ],
        "Pragma": [ "no-cache" ],
        "ETag": [ "\"1c00a19f-0000-0a00-0000-649327b50000\"" ],
        "x-ms-ratelimit-remaining-subscription-reads": [ "11875" ],
        "x-ms-request-id": [ "7f6c7227-88be-40c1-a8be-63fa9b317583" ],
        "x-ms-correlation-request-id": [ "846766a0-fc25-4c8f-8548-1d607cc8a637" ],
        "x-ms-routing-request-id": [ "WESTUS:20230621T163918Z:846766a0-fc25-4c8f-8548-1d607cc8a637" ],
        "Strict-Transport-Security": [ "max-age=31536000; includeSubDomains" ],
        "X-Content-Type-Options": [ "nosniff" ],
        "Date": [ "Wed, 21 Jun 2023 16:39:17 GMT" ]
      },
      "ContentHeaders": {
        "Content-Length": [ "592" ],
        "Content-Type": [ "application/json; charset=utf-8" ],
        "Expires": [ "-1" ]
      },
      "Content": "{\"id\":\"/subscriptions/f141e9f2-4778-45a4-9aa0-8b31e6469454/providers/Microsoft.DevCenter/locations/CANADACENTRAL/operationStatuses/d3e357fe-41d5-435c-b2f9-ddd508f024e4*98F6CB253B33B7650BD4E3B6A870F4CB6F3DE35A14E5C49FFEE9EB943F3AF0C1\",\"name\":\"d3e357fe-41d5-435c-b2f9-ddd508f024e4*98F6CB253B33B7650BD4E3B6A870F4CB6F3DE35A14E5C49FFEE9EB943F3AF0C1\",\"resourceId\":\"/subscriptions/f141e9f2-4778-45a4-9aa0-8b31e6469454/resourceGroups/pwshRg64t1dm/providers/Microsoft.DevCenter/devcenters/pwshDclskghm/catalogs/rs2wta\",\"status\":\"Succeeded\",\"startTime\":\"2023-06-21T16:37:47.2169698Z\",\"properties\":null}",
      "isContentBase64": false
    }
  },
  "Remove-AzDevCenterAdminCatalog+[NoContext]+Delete+$GET+https://management.azure.com/subscriptions/f141e9f2-4778-45a4-9aa0-8b31e6469454/resourceGroups/pwshRg64t1dm/providers/Microsoft.DevCenter/devcenters/pwshDclskghm/catalogs/rs2wta?api-version=2023-04-01+6": {
    "Request": {
      "Method": "GET",
      "RequestUri": "https://management.azure.com/subscriptions/f141e9f2-4778-45a4-9aa0-8b31e6469454/resourceGroups/pwshRg64t1dm/providers/Microsoft.DevCenter/devcenters/pwshDclskghm/catalogs/rs2wta?api-version=2023-04-01",
      "Content": null,
      "isContentBase64": false,
      "Headers": {
        "x-ms-unique-id": [ "159" ],
        "x-ms-client-request-id": [ "e5f99bbf-6dfd-4e34-ba47-20cfe9f2b1c3" ],
        "CommandName": [ "Get-AzDevCenterAdminCatalog" ],
        "FullCommandName": [ "Get-AzDevCenterAdminCatalog_Get" ],
        "ParameterSetName": [ "__AllParameterSets" ],
        "User-Agent": [ "AzurePowershell/v9.4.0", "PSVersion/v7.2.11", "Az.DevCenter/0.1.0" ],
        "Authorization": [ "[Filtered]" ]
      },
      "ContentHeaders": {
      }
    },
    "Response": {
      "StatusCode": 404,
      "Headers": {
        "Cache-Control": [ "no-cache" ],
        "Pragma": [ "no-cache" ],
        "x-ms-ratelimit-remaining-subscription-reads": [ "11874" ],
        "x-ms-providerhub-traffic": [ "True" ],
        "x-ms-failure-cause": [ "gateway" ],
        "x-ms-request-id": [ "4aaf4517-71c1-42d0-bcba-bf0ee7dec6db" ],
        "x-ms-correlation-request-id": [ "bf259cb6-f14c-401f-bea1-c3fb7300e3fa" ],
        "x-ms-routing-request-id": [ "WESTUS:20230621T163919Z:bf259cb6-f14c-401f-bea1-c3fb7300e3fa" ],
        "Strict-Transport-Security": [ "max-age=31536000; includeSubDomains" ],
        "X-Content-Type-Options": [ "nosniff" ],
        "Date": [ "Wed, 21 Jun 2023 16:39:18 GMT" ]
      },
      "ContentHeaders": {
        "Content-Length": [ "144" ],
        "Content-Type": [ "application/json" ],
        "Expires": [ "-1" ]
      },
      "Content": "{\"error\":{\"code\":\"ResourceNotFound\",\"message\":\"The resource \u0027Microsoft.DevCenter/devcenters/pwshDclskghm/catalogs/rs2wta\u0027 could not be found.\"}}",
      "isContentBase64": false
    }
  }
}