{
  "Remove-AzDevCenterAdminDevCenter+[NoContext]+Delete+$DELETE+https://management.azure.com/subscriptions/f141e9f2-4778-45a4-9aa0-8b31e6469454/resourceGroups/pwshRggm9tz2/providers/Microsoft.DevCenter/devcenters/pwshDc2kgj0lq?api-version=2024-05-01-preview+1": {
    "Request": {
      "Method": "DELETE",
      "RequestUri": "https://management.azure.com/subscriptions/f141e9f2-4778-45a4-9aa0-8b31e6469454/resourceGroups/pwshRggm9tz2/providers/Microsoft.DevCenter/devcenters/pwshDc2kgj0lq?api-version=2024-05-01-preview",
      "Content": null,
      "isContentBase64": false,
      "Headers": {
        "x-ms-unique-id": [ "176" ],
        "x-ms-client-request-id": [ "819808cd-5123-470f-a6f1-af34241d6662" ],
        "CommandName": [ "Remove-AzDevCenterAdminDevCenter" ],
        "FullCommandName": [ "Remove-AzDevCenterAdminDevCenter_Delete" ],
        "ParameterSetName": [ "__AllParameterSets" ],
        "User-Agent": [ "AzurePowershell/v9.4.0", "PSVersion/v7.2.11", "Az.DevCenter/0.1.0" ],
        "Authorization": [ "[Filtered]" ]
      },
      "ContentHeaders": {
      }
    },
    "Response": {
      "StatusCode": 202,
      "Headers": {
        "Cache-Control": [ "no-cache" ],
        "Pragma": [ "no-cache" ],
        "ETag": [ "\"8a00e3b0-0000-0a00-0000-6494e8430000\"" ],
        "Location": [ "https://management.azure.com/subscriptions/f141e9f2-4778-45a4-9aa0-8b31e6469454/providers/Microsoft.DevCenter/locations/CANADACENTRAL/operationStatuses/0e1ccb62-755a-4576-9f3a-9648595a60ff*20F723DC75ED44205F70AE89DAC10D7255D4493DE16CB098E3045F151389856F?api-version=2024-05-01-preview" ],
        "x-ms-ratelimit-remaining-subscription-deletes": [ "14993" ],
        "x-ms-providerhub-traffic": [ "True" ],
        "X-Rate-Limit-Limit": [ "1m" ],
        "X-Rate-Limit-Remaining": [ "299" ],
        "X-Rate-Limit-Reset": [ "2023-06-23T00:34:06.6789175Z" ],
        "Strict-Transport-Security": [ "max-age=31536000; includeSubDomains" ],
        "Azure-AsyncOperation": [ "https://management.azure.com/subscriptions/f141e9f2-4778-45a4-9aa0-8b31e6469454/providers/Microsoft.DevCenter/locations/CANADACENTRAL/operationStatuses/0e1ccb62-755a-4576-9f3a-9648595a60ff*20F723DC75ED44205F70AE89DAC10D7255D4493DE16CB098E3045F151389856F?api-version=2024-05-01-preview" ],
        "x-ms-request-id": [ "0e1ccb62-755a-4576-9f3a-9648595a60ff" ],
        "x-ms-correlation-request-id": [ "610af0fb-50ee-450f-b275-dcec9ebe6c41" ],
        "x-ms-routing-request-id": [ "WESTUS:20230623T003307Z:610af0fb-50ee-450f-b275-dcec9ebe6c41" ],
        "X-Content-Type-Options": [ "nosniff" ],
        "Date": [ "Fri, 23 Jun 2023 00:33:06 GMT" ]
      },
      "ContentHeaders": {
        "Content-Length": [ "4" ],
        "Content-Type": [ "application/json; charset=utf-8" ],
        "Expires": [ "-1" ]
      },
      "Content": "bnVsbA==",
      "isContentBase64": false
    }
  },
  "Remove-AzDevCenterAdminDevCenter+[NoContext]+Delete+$GET+https://management.azure.com/subscriptions/f141e9f2-4778-45a4-9aa0-8b31e6469454/providers/Microsoft.DevCenter/locations/CANADACENTRAL/operationStatuses/0e1ccb62-755a-4576-9f3a-9648595a60ff*20F723DC75ED44205F70AE89DAC10D7255D4493DE16CB098E3045F151389856F?api-version=2024-05-01-preview+2": {
    "Request": {
      "Method": "GET",
      "RequestUri": "https://management.azure.com/subscriptions/f141e9f2-4778-45a4-9aa0-8b31e6469454/providers/Microsoft.DevCenter/locations/CANADACENTRAL/operationStatuses/0e1ccb62-755a-4576-9f3a-9648595a60ff*20F723DC75ED44205F70AE89DAC10D7255D4493DE16CB098E3045F151389856F?api-version=2024-05-01-preview",
      "Content": null,
      "isContentBase64": false,
      "Headers": {
        "Authorization": [ "[Filtered]" ],
        "x-ms-unique-id": [ "177" ],
        "x-ms-client-request-id": [ "819808cd-5123-470f-a6f1-af34241d6662" ],
        "CommandName": [ "Remove-AzDevCenterAdminDevCenter" ],
        "FullCommandName": [ "Remove-AzDevCenterAdminDevCenter_Delete" ],
        "ParameterSetName": [ "__AllParameterSets" ],
        "User-Agent": [ "AzurePowershell/v9.4.0", "PSVersion/v7.2.11", "Az.DevCenter/0.1.0" ]
      },
      "ContentHeaders": {
      }
    },
    "Response": {
      "StatusCode": 202,
      "Headers": {
        "Cache-Control": [ "no-cache" ],
        "Pragma": [ "no-cache" ],
        "ETag": [ "\"21002695-0000-0a00-0000-6494e8420000\"" ],
        "x-ms-ratelimit-remaining-subscription-reads": [ "11923" ],
        "x-ms-request-id": [ "f3b78c55-c0c0-4255-93df-11c390317d16" ],
        "x-ms-correlation-request-id": [ "775e5b5b-7d99-4ba4-9b67-b91990e88dff" ],
        "x-ms-routing-request-id": [ "WESTUS:20230623T003337Z:775e5b5b-7d99-4ba4-9b67-b91990e88dff" ],
        "Strict-Transport-Security": [ "max-age=31536000; includeSubDomains" ],
        "X-Content-Type-Options": [ "nosniff" ],
        "Date": [ "Fri, 23 Jun 2023 00:33:36 GMT" ]
      },
      "ContentHeaders": {
        "Content-Length": [ "557" ],
        "Content-Type": [ "application/json; charset=utf-8" ],
        "Expires": [ "-1" ]
      },
      "Content": "{\"id\":\"/subscriptions/f141e9f2-4778-45a4-9aa0-8b31e6469454/providers/Microsoft.DevCenter/locations/CANADACENTRAL/operationStatuses/0e1ccb62-755a-4576-9f3a-9648595a60ff*20F723DC75ED44205F70AE89DAC10D7255D4493DE16CB098E3045F151389856F\",\"name\":\"0e1ccb62-755a-4576-9f3a-9648595a60ff*20F723DC75ED44205F70AE89DAC10D7255D4493DE16CB098E3045F151389856F\",\"resourceId\":\"/subscriptions/f141e9f2-4778-45a4-9aa0-8b31e6469454/resourceGroups/pwshRggm9tz2/providers/Microsoft.DevCenter/devcenters/pwshDc2kgj0lq\",\"status\":\"Deleting\",\"startTime\":\"2023-06-23T00:33:06.694885Z\"}",
      "isContentBase64": false
    }
  },
  "Remove-AzDevCenterAdminDevCenter+[NoContext]+Delete+$GET+https://management.azure.com/subscriptions/f141e9f2-4778-45a4-9aa0-8b31e6469454/providers/Microsoft.DevCenter/locations/CANADACENTRAL/operationStatuses/0e1ccb62-755a-4576-9f3a-9648595a60ff*20F723DC75ED44205F70AE89DAC10D7255D4493DE16CB098E3045F151389856F?api-version=2024-05-01-preview+3": {
    "Request": {
      "Method": "GET",
      "RequestUri": "https://management.azure.com/subscriptions/f141e9f2-4778-45a4-9aa0-8b31e6469454/providers/Microsoft.DevCenter/locations/CANADACENTRAL/operationStatuses/0e1ccb62-755a-4576-9f3a-9648595a60ff*20F723DC75ED44205F70AE89DAC10D7255D4493DE16CB098E3045F151389856F?api-version=2024-05-01-preview",
      "Content": null,
      "isContentBase64": false,
      "Headers": {
        "Authorization": [ "[Filtered]" ],
        "x-ms-unique-id": [ "178" ],
        "x-ms-client-request-id": [ "819808cd-5123-470f-a6f1-af34241d6662" ],
        "CommandName": [ "Remove-AzDevCenterAdminDevCenter" ],
        "FullCommandName": [ "Remove-AzDevCenterAdminDevCenter_Delete" ],
        "ParameterSetName": [ "__AllParameterSets" ],
        "User-Agent": [ "AzurePowershell/v9.4.0", "PSVersion/v7.2.11", "Az.DevCenter/0.1.0" ]
      },
      "ContentHeaders": {
      }
    },
    "Response": {
      "StatusCode": 202,
      "Headers": {
        "Cache-Control": [ "no-cache" ],
        "Pragma": [ "no-cache" ],
        "ETag": [ "\"21002695-0000-0a00-0000-6494e8420000\"" ],
        "x-ms-ratelimit-remaining-subscription-reads": [ "11922" ],
        "x-ms-request-id": [ "18e2830e-153e-48bd-be01-bb60580d3f3d" ],
        "x-ms-correlation-request-id": [ "8c141e13-6a6b-4379-9ba8-5a60aba87fcc" ],
        "x-ms-routing-request-id": [ "WESTUS:20230623T003407Z:8c141e13-6a6b-4379-9ba8-5a60aba87fcc" ],
        "Strict-Transport-Security": [ "max-age=31536000; includeSubDomains" ],
        "X-Content-Type-Options": [ "nosniff" ],
        "Date": [ "Fri, 23 Jun 2023 00:34:07 GMT" ]
      },
      "ContentHeaders": {
        "Content-Length": [ "557" ],
        "Content-Type": [ "application/json; charset=utf-8" ],
        "Expires": [ "-1" ]
      },
      "Content": "{\"id\":\"/subscriptions/f141e9f2-4778-45a4-9aa0-8b31e6469454/providers/Microsoft.DevCenter/locations/CANADACENTRAL/operationStatuses/0e1ccb62-755a-4576-9f3a-9648595a60ff*20F723DC75ED44205F70AE89DAC10D7255D4493DE16CB098E3045F151389856F\",\"name\":\"0e1ccb62-755a-4576-9f3a-9648595a60ff*20F723DC75ED44205F70AE89DAC10D7255D4493DE16CB098E3045F151389856F\",\"resourceId\":\"/subscriptions/f141e9f2-4778-45a4-9aa0-8b31e6469454/resourceGroups/pwshRggm9tz2/providers/Microsoft.DevCenter/devcenters/pwshDc2kgj0lq\",\"status\":\"Deleting\",\"startTime\":\"2023-06-23T00:33:06.694885Z\"}",
      "isContentBase64": false
    }
  },
  "Remove-AzDevCenterAdminDevCenter+[NoContext]+Delete+$GET+https://management.azure.com/subscriptions/f141e9f2-4778-45a4-9aa0-8b31e6469454/providers/Microsoft.DevCenter/locations/CANADACENTRAL/operationStatuses/0e1ccb62-755a-4576-9f3a-9648595a60ff*20F723DC75ED44205F70AE89DAC10D7255D4493DE16CB098E3045F151389856F?api-version=2024-05-01-preview+4": {
    "Request": {
      "Method": "GET",
      "RequestUri": "https://management.azure.com/subscriptions/f141e9f2-4778-45a4-9aa0-8b31e6469454/providers/Microsoft.DevCenter/locations/CANADACENTRAL/operationStatuses/0e1ccb62-755a-4576-9f3a-9648595a60ff*20F723DC75ED44205F70AE89DAC10D7255D4493DE16CB098E3045F151389856F?api-version=2024-05-01-preview",
      "Content": null,
      "isContentBase64": false,
      "Headers": {
        "Authorization": [ "[Filtered]" ],
        "x-ms-unique-id": [ "179" ],
        "x-ms-client-request-id": [ "819808cd-5123-470f-a6f1-af34241d6662" ],
        "CommandName": [ "Remove-AzDevCenterAdminDevCenter" ],
        "FullCommandName": [ "Remove-AzDevCenterAdminDevCenter_Delete" ],
        "ParameterSetName": [ "__AllParameterSets" ],
        "User-Agent": [ "AzurePowershell/v9.4.0", "PSVersion/v7.2.11", "Az.DevCenter/0.1.0" ]
      },
      "ContentHeaders": {
      }
    },
    "Response": {
      "StatusCode": 202,
      "Headers": {
        "Cache-Control": [ "no-cache" ],
        "Pragma": [ "no-cache" ],
        "ETag": [ "\"21002695-0000-0a00-0000-6494e8420000\"" ],
        "x-ms-ratelimit-remaining-subscription-reads": [ "11921" ],
        "x-ms-request-id": [ "9cc068a6-64a4-400d-9d7c-2d827b28115e" ],
        "x-ms-correlation-request-id": [ "94e99ee5-beaf-4a8e-bf99-e0108b936405" ],
        "x-ms-routing-request-id": [ "WESTUS:20230623T003437Z:94e99ee5-beaf-4a8e-bf99-e0108b936405" ],
        "Strict-Transport-Security": [ "max-age=31536000; includeSubDomains" ],
        "X-Content-Type-Options": [ "nosniff" ],
        "Date": [ "Fri, 23 Jun 2023 00:34:37 GMT" ]
      },
      "ContentHeaders": {
        "Content-Length": [ "557" ],
        "Content-Type": [ "application/json; charset=utf-8" ],
        "Expires": [ "-1" ]
      },
      "Content": "{\"id\":\"/subscriptions/f141e9f2-4778-45a4-9aa0-8b31e6469454/providers/Microsoft.DevCenter/locations/CANADACENTRAL/operationStatuses/0e1ccb62-755a-4576-9f3a-9648595a60ff*20F723DC75ED44205F70AE89DAC10D7255D4493DE16CB098E3045F151389856F\",\"name\":\"0e1ccb62-755a-4576-9f3a-9648595a60ff*20F723DC75ED44205F70AE89DAC10D7255D4493DE16CB098E3045F151389856F\",\"resourceId\":\"/subscriptions/f141e9f2-4778-45a4-9aa0-8b31e6469454/resourceGroups/pwshRggm9tz2/providers/Microsoft.DevCenter/devcenters/pwshDc2kgj0lq\",\"status\":\"Deleting\",\"startTime\":\"2023-06-23T00:33:06.694885Z\"}",
      "isContentBase64": false
    }
  },
  "Remove-AzDevCenterAdminDevCenter+[NoContext]+Delete+$GET+https://management.azure.com/subscriptions/f141e9f2-4778-45a4-9aa0-8b31e6469454/providers/Microsoft.DevCenter/locations/CANADACENTRAL/operationStatuses/0e1ccb62-755a-4576-9f3a-9648595a60ff*20F723DC75ED44205F70AE89DAC10D7255D4493DE16CB098E3045F151389856F?api-version=2024-05-01-preview+5": {
    "Request": {
      "Method": "GET",
      "RequestUri": "https://management.azure.com/subscriptions/f141e9f2-4778-45a4-9aa0-8b31e6469454/providers/Microsoft.DevCenter/locations/CANADACENTRAL/operationStatuses/0e1ccb62-755a-4576-9f3a-9648595a60ff*20F723DC75ED44205F70AE89DAC10D7255D4493DE16CB098E3045F151389856F?api-version=2024-05-01-preview",
      "Content": null,
      "isContentBase64": false,
      "Headers": {
        "Authorization": [ "[Filtered]" ],
        "x-ms-unique-id": [ "180" ],
        "x-ms-client-request-id": [ "819808cd-5123-470f-a6f1-af34241d6662" ],
        "CommandName": [ "Remove-AzDevCenterAdminDevCenter" ],
        "FullCommandName": [ "Remove-AzDevCenterAdminDevCenter_Delete" ],
        "ParameterSetName": [ "__AllParameterSets" ],
        "User-Agent": [ "AzurePowershell/v9.4.0", "PSVersion/v7.2.11", "Az.DevCenter/0.1.0" ]
      },
      "ContentHeaders": {
      }
    },
    "Response": {
      "StatusCode": 202,
      "Headers": {
        "Cache-Control": [ "no-cache" ],
        "Pragma": [ "no-cache" ],
        "ETag": [ "\"21002695-0000-0a00-0000-6494e8420000\"" ],
        "x-ms-ratelimit-remaining-subscription-reads": [ "11920" ],
        "x-ms-request-id": [ "807062f6-89ee-4f99-ae8e-bcfc34e1aeb7" ],
        "x-ms-correlation-request-id": [ "2a034721-7766-4694-af06-e92d72a46178" ],
        "x-ms-routing-request-id": [ "WESTUS:20230623T003508Z:2a034721-7766-4694-af06-e92d72a46178" ],
        "Strict-Transport-Security": [ "max-age=31536000; includeSubDomains" ],
        "X-Content-Type-Options": [ "nosniff" ],
        "Date": [ "Fri, 23 Jun 2023 00:35:07 GMT" ]
      },
      "ContentHeaders": {
        "Content-Length": [ "557" ],
        "Content-Type": [ "application/json; charset=utf-8" ],
        "Expires": [ "-1" ]
      },
      "Content": "{\"id\":\"/subscriptions/f141e9f2-4778-45a4-9aa0-8b31e6469454/providers/Microsoft.DevCenter/locations/CANADACENTRAL/operationStatuses/0e1ccb62-755a-4576-9f3a-9648595a60ff*20F723DC75ED44205F70AE89DAC10D7255D4493DE16CB098E3045F151389856F\",\"name\":\"0e1ccb62-755a-4576-9f3a-9648595a60ff*20F723DC75ED44205F70AE89DAC10D7255D4493DE16CB098E3045F151389856F\",\"resourceId\":\"/subscriptions/f141e9f2-4778-45a4-9aa0-8b31e6469454/resourceGroups/pwshRggm9tz2/providers/Microsoft.DevCenter/devcenters/pwshDc2kgj0lq\",\"status\":\"Deleting\",\"startTime\":\"2023-06-23T00:33:06.694885Z\"}",
      "isContentBase64": false
    }
  },
  "Remove-AzDevCenterAdminDevCenter+[NoContext]+Delete+$GET+https://management.azure.com/subscriptions/f141e9f2-4778-45a4-9aa0-8b31e6469454/providers/Microsoft.DevCenter/locations/CANADACENTRAL/operationStatuses/0e1ccb62-755a-4576-9f3a-9648595a60ff*20F723DC75ED44205F70AE89DAC10D7255D4493DE16CB098E3045F151389856F?api-version=2024-05-01-preview+6": {
    "Request": {
      "Method": "GET",
      "RequestUri": "https://management.azure.com/subscriptions/f141e9f2-4778-45a4-9aa0-8b31e6469454/providers/Microsoft.DevCenter/locations/CANADACENTRAL/operationStatuses/0e1ccb62-755a-4576-9f3a-9648595a60ff*20F723DC75ED44205F70AE89DAC10D7255D4493DE16CB098E3045F151389856F?api-version=2024-05-01-preview",
      "Content": null,
      "isContentBase64": false,
      "Headers": {
        "Authorization": [ "[Filtered]" ],
        "x-ms-unique-id": [ "181" ],
        "x-ms-client-request-id": [ "819808cd-5123-470f-a6f1-af34241d6662" ],
        "CommandName": [ "Remove-AzDevCenterAdminDevCenter" ],
        "FullCommandName": [ "Remove-AzDevCenterAdminDevCenter_Delete" ],
        "ParameterSetName": [ "__AllParameterSets" ],
        "User-Agent": [ "AzurePowershell/v9.4.0", "PSVersion/v7.2.11", "Az.DevCenter/0.1.0" ]
      },
      "ContentHeaders": {
      }
    },
    "Response": {
      "StatusCode": 200,
      "Headers": {
        "Cache-Control": [ "no-cache" ],
        "Pragma": [ "no-cache" ],
        "ETag": [ "\"21005896-0000-0a00-0000-6494e8c50000\"" ],
        "x-ms-ratelimit-remaining-subscription-reads": [ "11919" ],
        "x-ms-request-id": [ "0ed5159a-3a0b-401f-89ea-9244688d9b6d" ],
        "x-ms-correlation-request-id": [ "114b8e10-f567-4f08-a0ef-19d9d4ddbcb4" ],
        "x-ms-routing-request-id": [ "WESTUS:20230623T003538Z:114b8e10-f567-4f08-a0ef-19d9d4ddbcb4" ],
        "Strict-Transport-Security": [ "max-age=31536000; includeSubDomains" ],
        "X-Content-Type-Options": [ "nosniff" ],
        "Date": [ "Fri, 23 Jun 2023 00:35:37 GMT" ]
      },
      "ContentHeaders": {
        "Content-Length": [ "576" ],
        "Content-Type": [ "application/json; charset=utf-8" ],
        "Expires": [ "-1" ]
      },
      "Content": "{\"id\":\"/subscriptions/f141e9f2-4778-45a4-9aa0-8b31e6469454/providers/Microsoft.DevCenter/locations/CANADACENTRAL/operationStatuses/0e1ccb62-755a-4576-9f3a-9648595a60ff*20F723DC75ED44205F70AE89DAC10D7255D4493DE16CB098E3045F151389856F\",\"name\":\"0e1ccb62-755a-4576-9f3a-9648595a60ff*20F723DC75ED44205F70AE89DAC10D7255D4493DE16CB098E3045F151389856F\",\"resourceId\":\"/subscriptions/f141e9f2-4778-45a4-9aa0-8b31e6469454/resourceGroups/pwshRggm9tz2/providers/Microsoft.DevCenter/devcenters/pwshDc2kgj0lq\",\"status\":\"Succeeded\",\"startTime\":\"2023-06-23T00:33:06.694885Z\",\"properties\":null}",
      "isContentBase64": false
    }
  },
  "Remove-AzDevCenterAdminDevCenter+[NoContext]+Delete+$GET+https://management.azure.com/subscriptions/f141e9f2-4778-45a4-9aa0-8b31e6469454/providers/Microsoft.DevCenter/locations/CANADACENTRAL/operationStatuses/0e1ccb62-755a-4576-9f3a-9648595a60ff*20F723DC75ED44205F70AE89DAC10D7255D4493DE16CB098E3045F151389856F?api-version=2024-05-01-preview+7": {
    "Request": {
      "Method": "GET",
      "RequestUri": "https://management.azure.com/subscriptions/f141e9f2-4778-45a4-9aa0-8b31e6469454/providers/Microsoft.DevCenter/locations/CANADACENTRAL/operationStatuses/0e1ccb62-755a-4576-9f3a-9648595a60ff*20F723DC75ED44205F70AE89DAC10D7255D4493DE16CB098E3045F151389856F?api-version=2024-05-01-preview",
      "Content": null,
      "isContentBase64": false,
      "Headers": {
        "Authorization": [ "[Filtered]" ],
        "x-ms-unique-id": [ "182" ],
        "x-ms-client-request-id": [ "819808cd-5123-470f-a6f1-af34241d6662" ],
        "CommandName": [ "Remove-AzDevCenterAdminDevCenter" ],
        "FullCommandName": [ "Remove-AzDevCenterAdminDevCenter_Delete" ],
        "ParameterSetName": [ "__AllParameterSets" ],
        "User-Agent": [ "AzurePowershell/v9.4.0", "PSVersion/v7.2.11", "Az.DevCenter/0.1.0" ]
      },
      "ContentHeaders": {
      }
    },
    "Response": {
      "StatusCode": 200,
      "Headers": {
        "Cache-Control": [ "no-cache" ],
        "Pragma": [ "no-cache" ],
        "ETag": [ "\"21005896-0000-0a00-0000-6494e8c50000\"" ],
        "x-ms-ratelimit-remaining-subscription-reads": [ "11918" ],
        "x-ms-request-id": [ "ac85e42f-2c42-4d94-95ea-982f70f30f0a" ],
        "x-ms-correlation-request-id": [ "a5c348c1-5829-4796-81db-f8b022932931" ],
        "x-ms-routing-request-id": [ "WESTUS:20230623T003538Z:a5c348c1-5829-4796-81db-f8b022932931" ],
        "Strict-Transport-Security": [ "max-age=31536000; includeSubDomains" ],
        "X-Content-Type-Options": [ "nosniff" ],
        "Date": [ "Fri, 23 Jun 2023 00:35:37 GMT" ]
      },
      "ContentHeaders": {
        "Content-Length": [ "576" ],
        "Content-Type": [ "application/json; charset=utf-8" ],
        "Expires": [ "-1" ]
      },
      "Content": "{\"id\":\"/subscriptions/f141e9f2-4778-45a4-9aa0-8b31e6469454/providers/Microsoft.DevCenter/locations/CANADACENTRAL/operationStatuses/0e1ccb62-755a-4576-9f3a-9648595a60ff*20F723DC75ED44205F70AE89DAC10D7255D4493DE16CB098E3045F151389856F\",\"name\":\"0e1ccb62-755a-4576-9f3a-9648595a60ff*20F723DC75ED44205F70AE89DAC10D7255D4493DE16CB098E3045F151389856F\",\"resourceId\":\"/subscriptions/f141e9f2-4778-45a4-9aa0-8b31e6469454/resourceGroups/pwshRggm9tz2/providers/Microsoft.DevCenter/devcenters/pwshDc2kgj0lq\",\"status\":\"Succeeded\",\"startTime\":\"2023-06-23T00:33:06.694885Z\",\"properties\":null}",
      "isContentBase64": false
    }
  },
  "Remove-AzDevCenterAdminDevCenter+[NoContext]+Delete+$GET+https://management.azure.com/subscriptions/f141e9f2-4778-45a4-9aa0-8b31e6469454/resourceGroups/pwshRggm9tz2/providers/Microsoft.DevCenter/devcenters/pwshDc2kgj0lq?api-version=2024-05-01-preview+8": {
    "Request": {
      "Method": "GET",
      "RequestUri": "https://management.azure.com/subscriptions/f141e9f2-4778-45a4-9aa0-8b31e6469454/resourceGroups/pwshRggm9tz2/providers/Microsoft.DevCenter/devcenters/pwshDc2kgj0lq?api-version=2024-05-01-preview",
      "Content": null,
      "isContentBase64": false,
      "Headers": {
        "x-ms-unique-id": [ "183" ],
        "x-ms-client-request-id": [ "bc1677a4-32c5-43e9-877b-06eb6d37c26d" ],
        "CommandName": [ "Get-AzDevCenterAdminDevCenter" ],
        "FullCommandName": [ "Get-AzDevCenterAdminDevCenter_Get" ],
        "ParameterSetName": [ "__AllParameterSets" ],
        "User-Agent": [ "AzurePowershell/v9.4.0", "PSVersion/v7.2.11", "Az.DevCenter/0.1.0" ],
        "Authorization": [ "[Filtered]" ]
      },
      "ContentHeaders": {
      }
    },
    "Response": {
      "StatusCode": 404,
      "Headers": {
        "Cache-Control": [ "no-cache" ],
        "Pragma": [ "no-cache" ],
        "x-ms-failure-cause": [ "gateway" ],
        "x-ms-request-id": [ "769285c4-caae-4fc2-aad4-d6cdbcf0f3a1" ],
        "x-ms-correlation-request-id": [ "769285c4-caae-4fc2-aad4-d6cdbcf0f3a1" ],
        "x-ms-routing-request-id": [ "WESTUS:20230623T003538Z:769285c4-caae-4fc2-aad4-d6cdbcf0f3a1" ],
        "Strict-Transport-Security": [ "max-age=31536000; includeSubDomains" ],
        "X-Content-Type-Options": [ "nosniff" ],
        "Date": [ "Fri, 23 Jun 2023 00:35:37 GMT" ]
      },
      "ContentHeaders": {
        "Content-Type": [ "application/json; charset=utf-8" ],
        "Expires": [ "-1" ],
        "Content-Length": [ "228" ]
      },
      "Content": "{\"error\":{\"code\":\"ResourceNotFound\",\"message\":\"The Resource \u0027Microsoft.DevCenter/devcenters/pwshDc2kgj0lq\u0027 under resource group \u0027pwshRggm9tz2\u0027 was not found. For more details please go to https://aka.ms/ARMResourceNotFoundFix\"}}",
      "isContentBase64": false
    }
  },
  "Remove-AzDevCenterAdminDevCenter+[NoContext]+DeleteViaIdentity+$GET+https://management.azure.com/subscriptions/f141e9f2-4778-45a4-9aa0-8b31e6469454/resourceGroups/pwshRggm9tz2/providers/Microsoft.DevCenter/devcenters/zyv7hr?api-version=2024-05-01-preview+1": {
    "Request": {
      "Method": "GET",
      "RequestUri": "https://management.azure.com/subscriptions/f141e9f2-4778-45a4-9aa0-8b31e6469454/resourceGroups/pwshRggm9tz2/providers/Microsoft.DevCenter/devcenters/zyv7hr?api-version=2024-05-01-preview",
      "Content": null,
      "isContentBase64": false,
      "Headers": {
        "x-ms-unique-id": [ "184" ],
        "x-ms-client-request-id": [ "eaf194b9-fa18-49d9-bf99-223160499934" ],
        "CommandName": [ "Get-AzDevCenterAdminDevCenter" ],
        "FullCommandName": [ "Get-AzDevCenterAdminDevCenter_Get" ],
        "ParameterSetName": [ "__AllParameterSets" ],
        "User-Agent": [ "AzurePowershell/v9.4.0", "PSVersion/v7.2.11", "Az.DevCenter/0.1.0" ],
        "Authorization": [ "[Filtered]" ]
      },
      "ContentHeaders": {
      }
    },
    "Response": {
      "StatusCode": 200,
      "Headers": {
        "Cache-Control": [ "no-cache" ],
        "Pragma": [ "no-cache" ],
        "ETag": [ "\"8a003733-0000-0a00-0000-6494e1100000\"" ],
        "x-ms-ratelimit-remaining-subscription-reads": [ "11916" ],
        "x-ms-providerhub-traffic": [ "True" ],
        "x-ms-request-id": [ "7637edfa-5061-47a7-9549-41edb6cea970" ],
        "x-ms-correlation-request-id": [ "b4808bd0-eee6-4540-bdbc-5d0e8767f9d3" ],
        "x-ms-routing-request-id": [ "WESTUS:20230623T003538Z:b4808bd0-eee6-4540-bdbc-5d0e8767f9d3" ],
        "Strict-Transport-Security": [ "max-age=31536000; includeSubDomains" ],
        "X-Content-Type-Options": [ "nosniff" ],
        "Date": [ "Fri, 23 Jun 2023 00:35:37 GMT" ]
      },
      "ContentHeaders": {
        "Content-Length": [ "600" ],
        "Content-Type": [ "application/json; charset=utf-8" ],
        "Expires": [ "-1" ]
      },
      "Content": "{\"id\":\"/subscriptions/f141e9f2-4778-45a4-9aa0-8b31e6469454/resourceGroups/pwshRggm9tz2/providers/Microsoft.DevCenter/devcenters/zyv7hr\",\"name\":\"zyv7hr\",\"type\":\"microsoft.devcenter/devcenters\",\"location\":\"canadacentral\",\"systemData\":{\"createdBy\":\"amlim@microsoft.com\",\"createdByType\":\"User\",\"createdAt\":\"2023-06-23T00:01:08.4213012Z\",\"lastModifiedBy\":\"amlim@microsoft.com\",\"lastModifiedByType\":\"User\",\"lastModifiedAt\":\"2023-06-23T00:01:08.4213012Z\"},\"properties\":{\"provisioningState\":\"Succeeded\",\"devCenterUri\":\"https://003b06c3-d471-4452-9686-9e7f3ca85f0a-zyv7hr.canadacentral.devcenter.azure.com/\"}}",
      "isContentBase64": false
    }
  },
  "Remove-AzDevCenterAdminDevCenter+[NoContext]+DeleteViaIdentity+$DELETE+https://management.azure.com/subscriptions/f141e9f2-4778-45a4-9aa0-8b31e6469454/resourceGroups/pwshRggm9tz2/providers/Microsoft.DevCenter/devcenters/zyv7hr?api-version=2024-05-01-preview+2": {
    "Request": {
      "Method": "DELETE",
      "RequestUri": "https://management.azure.com/subscriptions/f141e9f2-4778-45a4-9aa0-8b31e6469454/resourceGroups/pwshRggm9tz2/providers/Microsoft.DevCenter/devcenters/zyv7hr?api-version=2024-05-01-preview",
      "Content": null,
      "isContentBase64": false,
      "Headers": {
        "x-ms-unique-id": [ "185" ],
        "x-ms-client-request-id": [ "860304ff-1ce3-47a6-8009-900a76c9cbde" ],
        "CommandName": [ "Remove-AzDevCenterAdminDevCenter" ],
        "FullCommandName": [ "Remove-AzDevCenterAdminDevCenter_DeleteViaIdentity" ],
        "ParameterSetName": [ "__AllParameterSets" ],
        "User-Agent": [ "AzurePowershell/v9.4.0", "PSVersion/v7.2.11", "Az.DevCenter/0.1.0" ],
        "Authorization": [ "[Filtered]" ]
      },
      "ContentHeaders": {
      }
    },
    "Response": {
      "StatusCode": 202,
      "Headers": {
        "Cache-Control": [ "no-cache" ],
        "Pragma": [ "no-cache" ],
        "ETag": [ "\"8a0032c0-0000-0a00-0000-6494e8db0000\"" ],
        "Location": [ "https://management.azure.com/subscriptions/f141e9f2-4778-45a4-9aa0-8b31e6469454/providers/Microsoft.DevCenter/locations/CANADACENTRAL/operationStatuses/d6913bd2-acd8-4ebd-b124-dbf91122758a*D282CA13220F3506D5F4EA994ADB2DDED1CB1AE92EBCC5DE20F03862CBA333CA?api-version=2024-05-01-preview" ],
        "x-ms-ratelimit-remaining-subscription-deletes": [ "14992" ],
        "x-ms-providerhub-traffic": [ "True" ],
        "X-Rate-Limit-Limit": [ "1m" ],
        "X-Rate-Limit-Remaining": [ "299" ],
        "X-Rate-Limit-Reset": [ "2023-06-23T00:36:39.0896605Z" ],
        "Strict-Transport-Security": [ "max-age=31536000; includeSubDomains" ],
        "Azure-AsyncOperation": [ "https://management.azure.com/subscriptions/f141e9f2-4778-45a4-9aa0-8b31e6469454/providers/Microsoft.DevCenter/locations/CANADACENTRAL/operationStatuses/d6913bd2-acd8-4ebd-b124-dbf91122758a*D282CA13220F3506D5F4EA994ADB2DDED1CB1AE92EBCC5DE20F03862CBA333CA?api-version=2024-05-01-preview" ],
        "x-ms-request-id": [ "d6913bd2-acd8-4ebd-b124-dbf91122758a" ],
        "x-ms-correlation-request-id": [ "4a701d43-ac67-41a1-8079-cf7025c6891b" ],
        "x-ms-routing-request-id": [ "WESTUS:20230623T003539Z:4a701d43-ac67-41a1-8079-cf7025c6891b" ],
        "X-Content-Type-Options": [ "nosniff" ],
        "Date": [ "Fri, 23 Jun 2023 00:35:38 GMT" ]
      },
      "ContentHeaders": {
        "Content-Length": [ "4" ],
        "Content-Type": [ "application/json; charset=utf-8" ],
        "Expires": [ "-1" ]
      },
      "Content": "bnVsbA==",
      "isContentBase64": false
    }
  },
  "Remove-AzDevCenterAdminDevCenter+[NoContext]+DeleteViaIdentity+$GET+https://management.azure.com/subscriptions/f141e9f2-4778-45a4-9aa0-8b31e6469454/providers/Microsoft.DevCenter/locations/CANADACENTRAL/operationStatuses/d6913bd2-acd8-4ebd-b124-dbf91122758a*D282CA13220F3506D5F4EA994ADB2DDED1CB1AE92EBCC5DE20F03862CBA333CA?api-version=2024-05-01-preview+3": {
    "Request": {
      "Method": "GET",
      "RequestUri": "https://management.azure.com/subscriptions/f141e9f2-4778-45a4-9aa0-8b31e6469454/providers/Microsoft.DevCenter/locations/CANADACENTRAL/operationStatuses/d6913bd2-acd8-4ebd-b124-dbf91122758a*D282CA13220F3506D5F4EA994ADB2DDED1CB1AE92EBCC5DE20F03862CBA333CA?api-version=2024-05-01-preview",
      "Content": null,
      "isContentBase64": false,
      "Headers": {
        "Authorization": [ "[Filtered]" ],
        "x-ms-unique-id": [ "186" ],
        "x-ms-client-request-id": [ "860304ff-1ce3-47a6-8009-900a76c9cbde" ],
        "CommandName": [ "Remove-AzDevCenterAdminDevCenter" ],
        "FullCommandName": [ "Remove-AzDevCenterAdminDevCenter_DeleteViaIdentity" ],
        "ParameterSetName": [ "__AllParameterSets" ],
        "User-Agent": [ "AzurePowershell/v9.4.0", "PSVersion/v7.2.11", "Az.DevCenter/0.1.0" ]
      },
      "ContentHeaders": {
      }
    },
    "Response": {
      "StatusCode": 202,
      "Headers": {
        "Cache-Control": [ "no-cache" ],
        "Pragma": [ "no-cache" ],
        "ETag": [ "\"21008896-0000-0a00-0000-6494e8db0000\"" ],
        "x-ms-ratelimit-remaining-subscription-reads": [ "11915" ],
        "x-ms-request-id": [ "be891496-7d2a-4aaf-bb97-64a226b3b962" ],
        "x-ms-correlation-request-id": [ "42982a04-33a9-4b52-9153-de72c88d075c" ],
        "x-ms-routing-request-id": [ "WESTUS:20230623T003609Z:42982a04-33a9-4b52-9153-de72c88d075c" ],
        "Strict-Transport-Security": [ "max-age=31536000; includeSubDomains" ],
        "X-Content-Type-Options": [ "nosniff" ],
        "Date": [ "Fri, 23 Jun 2023 00:36:09 GMT" ]
      },
      "ContentHeaders": {
        "Content-Length": [ "551" ],
        "Content-Type": [ "application/json; charset=utf-8" ],
        "Expires": [ "-1" ]
      },
      "Content": "{\"id\":\"/subscriptions/f141e9f2-4778-45a4-9aa0-8b31e6469454/providers/Microsoft.DevCenter/locations/CANADACENTRAL/operationStatuses/d6913bd2-acd8-4ebd-b124-dbf91122758a*D282CA13220F3506D5F4EA994ADB2DDED1CB1AE92EBCC5DE20F03862CBA333CA\",\"name\":\"d6913bd2-acd8-4ebd-b124-dbf91122758a*D282CA13220F3506D5F4EA994ADB2DDED1CB1AE92EBCC5DE20F03862CBA333CA\",\"resourceId\":\"/subscriptions/f141e9f2-4778-45a4-9aa0-8b31e6469454/resourceGroups/pwshRggm9tz2/providers/Microsoft.DevCenter/devcenters/zyv7hr\",\"status\":\"Deleting\",\"startTime\":\"2023-06-23T00:35:39.1161325Z\"}",
      "isContentBase64": false
    }
  },
  "Remove-AzDevCenterAdminDevCenter+[NoContext]+DeleteViaIdentity+$GET+https://management.azure.com/subscriptions/f141e9f2-4778-45a4-9aa0-8b31e6469454/providers/Microsoft.DevCenter/locations/CANADACENTRAL/operationStatuses/d6913bd2-acd8-4ebd-b124-dbf91122758a*D282CA13220F3506D5F4EA994ADB2DDED1CB1AE92EBCC5DE20F03862CBA333CA?api-version=2024-05-01-preview+4": {
    "Request": {
      "Method": "GET",
      "RequestUri": "https://management.azure.com/subscriptions/f141e9f2-4778-45a4-9aa0-8b31e6469454/providers/Microsoft.DevCenter/locations/CANADACENTRAL/operationStatuses/d6913bd2-acd8-4ebd-b124-dbf91122758a*D282CA13220F3506D5F4EA994ADB2DDED1CB1AE92EBCC5DE20F03862CBA333CA?api-version=2024-05-01-preview",
      "Content": null,
      "isContentBase64": false,
      "Headers": {
        "Authorization": [ "[Filtered]" ],
        "x-ms-unique-id": [ "187" ],
        "x-ms-client-request-id": [ "860304ff-1ce3-47a6-8009-900a76c9cbde" ],
        "CommandName": [ "Remove-AzDevCenterAdminDevCenter" ],
        "FullCommandName": [ "Remove-AzDevCenterAdminDevCenter_DeleteViaIdentity" ],
        "ParameterSetName": [ "__AllParameterSets" ],
        "User-Agent": [ "AzurePowershell/v9.4.0", "PSVersion/v7.2.11", "Az.DevCenter/0.1.0" ]
      },
      "ContentHeaders": {
      }
    },
    "Response": {
      "StatusCode": 202,
      "Headers": {
        "Cache-Control": [ "no-cache" ],
        "Pragma": [ "no-cache" ],
        "ETag": [ "\"21008896-0000-0a00-0000-6494e8db0000\"" ],
        "x-ms-ratelimit-remaining-subscription-reads": [ "11914" ],
        "x-ms-request-id": [ "03802ed3-dff6-42f8-9dc6-be24c75b1dfb" ],
        "x-ms-correlation-request-id": [ "d6498843-b244-4edf-87e3-77420931c564" ],
        "x-ms-routing-request-id": [ "WESTUS:20230623T003639Z:d6498843-b244-4edf-87e3-77420931c564" ],
        "Strict-Transport-Security": [ "max-age=31536000; includeSubDomains" ],
        "X-Content-Type-Options": [ "nosniff" ],
        "Date": [ "Fri, 23 Jun 2023 00:36:39 GMT" ]
      },
      "ContentHeaders": {
        "Content-Length": [ "551" ],
        "Content-Type": [ "application/json; charset=utf-8" ],
        "Expires": [ "-1" ]
      },
      "Content": "{\"id\":\"/subscriptions/f141e9f2-4778-45a4-9aa0-8b31e6469454/providers/Microsoft.DevCenter/locations/CANADACENTRAL/operationStatuses/d6913bd2-acd8-4ebd-b124-dbf91122758a*D282CA13220F3506D5F4EA994ADB2DDED1CB1AE92EBCC5DE20F03862CBA333CA\",\"name\":\"d6913bd2-acd8-4ebd-b124-dbf91122758a*D282CA13220F3506D5F4EA994ADB2DDED1CB1AE92EBCC5DE20F03862CBA333CA\",\"resourceId\":\"/subscriptions/f141e9f2-4778-45a4-9aa0-8b31e6469454/resourceGroups/pwshRggm9tz2/providers/Microsoft.DevCenter/devcenters/zyv7hr\",\"status\":\"Deleting\",\"startTime\":\"2023-06-23T00:35:39.1161325Z\"}",
      "isContentBase64": false
    }
  },
  "Remove-AzDevCenterAdminDevCenter+[NoContext]+DeleteViaIdentity+$GET+https://management.azure.com/subscriptions/f141e9f2-4778-45a4-9aa0-8b31e6469454/providers/Microsoft.DevCenter/locations/CANADACENTRAL/operationStatuses/d6913bd2-acd8-4ebd-b124-dbf91122758a*D282CA13220F3506D5F4EA994ADB2DDED1CB1AE92EBCC5DE20F03862CBA333CA?api-version=2024-05-01-preview+5": {
    "Request": {
      "Method": "GET",
      "RequestUri": "https://management.azure.com/subscriptions/f141e9f2-4778-45a4-9aa0-8b31e6469454/providers/Microsoft.DevCenter/locations/CANADACENTRAL/operationStatuses/d6913bd2-acd8-4ebd-b124-dbf91122758a*D282CA13220F3506D5F4EA994ADB2DDED1CB1AE92EBCC5DE20F03862CBA333CA?api-version=2024-05-01-preview",
      "Content": null,
      "isContentBase64": false,
      "Headers": {
        "Authorization": [ "[Filtered]" ],
        "x-ms-unique-id": [ "188" ],
        "x-ms-client-request-id": [ "860304ff-1ce3-47a6-8009-900a76c9cbde" ],
        "CommandName": [ "Remove-AzDevCenterAdminDevCenter" ],
        "FullCommandName": [ "Remove-AzDevCenterAdminDevCenter_DeleteViaIdentity" ],
        "ParameterSetName": [ "__AllParameterSets" ],
        "User-Agent": [ "AzurePowershell/v9.4.0", "PSVersion/v7.2.11", "Az.DevCenter/0.1.0" ]
      },
      "ContentHeaders": {
      }
    },
    "Response": {
      "StatusCode": 202,
      "Headers": {
        "Cache-Control": [ "no-cache" ],
        "Pragma": [ "no-cache" ],
        "ETag": [ "\"21008896-0000-0a00-0000-6494e8db0000\"" ],
        "x-ms-ratelimit-remaining-subscription-reads": [ "11913" ],
        "x-ms-request-id": [ "f409ff99-571c-4252-b3aa-22281a2c0b34" ],
        "x-ms-correlation-request-id": [ "31d388b0-9b0b-4425-87c3-8f809ca7ade2" ],
        "x-ms-routing-request-id": [ "WESTUS:20230623T003709Z:31d388b0-9b0b-4425-87c3-8f809ca7ade2" ],
        "Strict-Transport-Security": [ "max-age=31536000; includeSubDomains" ],
        "X-Content-Type-Options": [ "nosniff" ],
        "Date": [ "Fri, 23 Jun 2023 00:37:09 GMT" ]
      },
      "ContentHeaders": {
        "Content-Length": [ "551" ],
        "Content-Type": [ "application/json; charset=utf-8" ],
        "Expires": [ "-1" ]
      },
      "Content": "{\"id\":\"/subscriptions/f141e9f2-4778-45a4-9aa0-8b31e6469454/providers/Microsoft.DevCenter/locations/CANADACENTRAL/operationStatuses/d6913bd2-acd8-4ebd-b124-dbf91122758a*D282CA13220F3506D5F4EA994ADB2DDED1CB1AE92EBCC5DE20F03862CBA333CA\",\"name\":\"d6913bd2-acd8-4ebd-b124-dbf91122758a*D282CA13220F3506D5F4EA994ADB2DDED1CB1AE92EBCC5DE20F03862CBA333CA\",\"resourceId\":\"/subscriptions/f141e9f2-4778-45a4-9aa0-8b31e6469454/resourceGroups/pwshRggm9tz2/providers/Microsoft.DevCenter/devcenters/zyv7hr\",\"status\":\"Deleting\",\"startTime\":\"2023-06-23T00:35:39.1161325Z\"}",
      "isContentBase64": false
    }
  },
  "Remove-AzDevCenterAdminDevCenter+[NoContext]+DeleteViaIdentity+$GET+https://management.azure.com/subscriptions/f141e9f2-4778-45a4-9aa0-8b31e6469454/providers/Microsoft.DevCenter/locations/CANADACENTRAL/operationStatuses/d6913bd2-acd8-4ebd-b124-dbf91122758a*D282CA13220F3506D5F4EA994ADB2DDED1CB1AE92EBCC5DE20F03862CBA333CA?api-version=2024-05-01-preview+6": {
    "Request": {
      "Method": "GET",
      "RequestUri": "https://management.azure.com/subscriptions/f141e9f2-4778-45a4-9aa0-8b31e6469454/providers/Microsoft.DevCenter/locations/CANADACENTRAL/operationStatuses/d6913bd2-acd8-4ebd-b124-dbf91122758a*D282CA13220F3506D5F4EA994ADB2DDED1CB1AE92EBCC5DE20F03862CBA333CA?api-version=2024-05-01-preview",
      "Content": null,
      "isContentBase64": false,
      "Headers": {
        "Authorization": [ "[Filtered]" ],
        "x-ms-unique-id": [ "189" ],
        "x-ms-client-request-id": [ "860304ff-1ce3-47a6-8009-900a76c9cbde" ],
        "CommandName": [ "Remove-AzDevCenterAdminDevCenter" ],
        "FullCommandName": [ "Remove-AzDevCenterAdminDevCenter_DeleteViaIdentity" ],
        "ParameterSetName": [ "__AllParameterSets" ],
        "User-Agent": [ "AzurePowershell/v9.4.0", "PSVersion/v7.2.11", "Az.DevCenter/0.1.0" ]
      },
      "ContentHeaders": {
      }
    },
    "Response": {
      "StatusCode": 202,
      "Headers": {
        "Cache-Control": [ "no-cache" ],
        "Pragma": [ "no-cache" ],
        "ETag": [ "\"21008896-0000-0a00-0000-6494e8db0000\"" ],
        "x-ms-ratelimit-remaining-subscription-reads": [ "11912" ],
        "x-ms-request-id": [ "a43d1675-336f-4a8c-8d11-880439a15a6e" ],
        "x-ms-correlation-request-id": [ "938dc4c2-ed7d-4d52-9705-682d026d8b84" ],
        "x-ms-routing-request-id": [ "WESTUS:20230623T003740Z:938dc4c2-ed7d-4d52-9705-682d026d8b84" ],
        "Strict-Transport-Security": [ "max-age=31536000; includeSubDomains" ],
        "X-Content-Type-Options": [ "nosniff" ],
        "Date": [ "Fri, 23 Jun 2023 00:37:39 GMT" ]
      },
      "ContentHeaders": {
        "Content-Length": [ "551" ],
        "Content-Type": [ "application/json; charset=utf-8" ],
        "Expires": [ "-1" ]
      },
      "Content": "{\"id\":\"/subscriptions/f141e9f2-4778-45a4-9aa0-8b31e6469454/providers/Microsoft.DevCenter/locations/CANADACENTRAL/operationStatuses/d6913bd2-acd8-4ebd-b124-dbf91122758a*D282CA13220F3506D5F4EA994ADB2DDED1CB1AE92EBCC5DE20F03862CBA333CA\",\"name\":\"d6913bd2-acd8-4ebd-b124-dbf91122758a*D282CA13220F3506D5F4EA994ADB2DDED1CB1AE92EBCC5DE20F03862CBA333CA\",\"resourceId\":\"/subscriptions/f141e9f2-4778-45a4-9aa0-8b31e6469454/resourceGroups/pwshRggm9tz2/providers/Microsoft.DevCenter/devcenters/zyv7hr\",\"status\":\"Deleting\",\"startTime\":\"2023-06-23T00:35:39.1161325Z\"}",
      "isContentBase64": false
    }
  },
  "Remove-AzDevCenterAdminDevCenter+[NoContext]+DeleteViaIdentity+$GET+https://management.azure.com/subscriptions/f141e9f2-4778-45a4-9aa0-8b31e6469454/providers/Microsoft.DevCenter/locations/CANADACENTRAL/operationStatuses/d6913bd2-acd8-4ebd-b124-dbf91122758a*D282CA13220F3506D5F4EA994ADB2DDED1CB1AE92EBCC5DE20F03862CBA333CA?api-version=2024-05-01-preview+7": {
    "Request": {
      "Method": "GET",
      "RequestUri": "https://management.azure.com/subscriptions/f141e9f2-4778-45a4-9aa0-8b31e6469454/providers/Microsoft.DevCenter/locations/CANADACENTRAL/operationStatuses/d6913bd2-acd8-4ebd-b124-dbf91122758a*D282CA13220F3506D5F4EA994ADB2DDED1CB1AE92EBCC5DE20F03862CBA333CA?api-version=2024-05-01-preview",
      "Content": null,
      "isContentBase64": false,
      "Headers": {
        "Authorization": [ "[Filtered]" ],
        "x-ms-unique-id": [ "190" ],
        "x-ms-client-request-id": [ "860304ff-1ce3-47a6-8009-900a76c9cbde" ],
        "CommandName": [ "Remove-AzDevCenterAdminDevCenter" ],
        "FullCommandName": [ "Remove-AzDevCenterAdminDevCenter_DeleteViaIdentity" ],
        "ParameterSetName": [ "__AllParameterSets" ],
        "User-Agent": [ "AzurePowershell/v9.4.0", "PSVersion/v7.2.11", "Az.DevCenter/0.1.0" ]
      },
      "ContentHeaders": {
      }
    },
    "Response": {
      "StatusCode": 200,
      "Headers": {
        "Cache-Control": [ "no-cache" ],
        "Pragma": [ "no-cache" ],
        "ETag": [ "\"21009397-0000-0a00-0000-6494e9650000\"" ],
        "x-ms-ratelimit-remaining-subscription-reads": [ "11911" ],
        "x-ms-request-id": [ "f1aa2681-849b-4e03-93de-d3d839a42817" ],
        "x-ms-correlation-request-id": [ "ad841c14-5dd7-4ff9-873b-fd22c44d2642" ],
        "x-ms-routing-request-id": [ "WESTUS:20230623T003810Z:ad841c14-5dd7-4ff9-873b-fd22c44d2642" ],
        "Strict-Transport-Security": [ "max-age=31536000; includeSubDomains" ],
        "X-Content-Type-Options": [ "nosniff" ],
        "Date": [ "Fri, 23 Jun 2023 00:38:10 GMT" ]
      },
      "ContentHeaders": {
        "Content-Length": [ "570" ],
        "Content-Type": [ "application/json; charset=utf-8" ],
        "Expires": [ "-1" ]
      },
      "Content": "{\"id\":\"/subscriptions/f141e9f2-4778-45a4-9aa0-8b31e6469454/providers/Microsoft.DevCenter/locations/CANADACENTRAL/operationStatuses/d6913bd2-acd8-4ebd-b124-dbf91122758a*D282CA13220F3506D5F4EA994ADB2DDED1CB1AE92EBCC5DE20F03862CBA333CA\",\"name\":\"d6913bd2-acd8-4ebd-b124-dbf91122758a*D282CA13220F3506D5F4EA994ADB2DDED1CB1AE92EBCC5DE20F03862CBA333CA\",\"resourceId\":\"/subscriptions/f141e9f2-4778-45a4-9aa0-8b31e6469454/resourceGroups/pwshRggm9tz2/providers/Microsoft.DevCenter/devcenters/zyv7hr\",\"status\":\"Succeeded\",\"startTime\":\"2023-06-23T00:35:39.1161325Z\",\"properties\":null}",
      "isContentBase64": false
    }
  },
  "Remove-AzDevCenterAdminDevCenter+[NoContext]+DeleteViaIdentity+$GET+https://management.azure.com/subscriptions/f141e9f2-4778-45a4-9aa0-8b31e6469454/providers/Microsoft.DevCenter/locations/CANADACENTRAL/operationStatuses/d6913bd2-acd8-4ebd-b124-dbf91122758a*D282CA13220F3506D5F4EA994ADB2DDED1CB1AE92EBCC5DE20F03862CBA333CA?api-version=2024-05-01-preview+8": {
    "Request": {
      "Method": "GET",
      "RequestUri": "https://management.azure.com/subscriptions/f141e9f2-4778-45a4-9aa0-8b31e6469454/providers/Microsoft.DevCenter/locations/CANADACENTRAL/operationStatuses/d6913bd2-acd8-4ebd-b124-dbf91122758a*D282CA13220F3506D5F4EA994ADB2DDED1CB1AE92EBCC5DE20F03862CBA333CA?api-version=2024-05-01-preview",
      "Content": null,
      "isContentBase64": false,
      "Headers": {
        "Authorization": [ "[Filtered]" ],
        "x-ms-unique-id": [ "191" ],
        "x-ms-client-request-id": [ "860304ff-1ce3-47a6-8009-900a76c9cbde" ],
        "CommandName": [ "Remove-AzDevCenterAdminDevCenter" ],
        "FullCommandName": [ "Remove-AzDevCenterAdminDevCenter_DeleteViaIdentity" ],
        "ParameterSetName": [ "__AllParameterSets" ],
        "User-Agent": [ "AzurePowershell/v9.4.0", "PSVersion/v7.2.11", "Az.DevCenter/0.1.0" ]
      },
      "ContentHeaders": {
      }
    },
    "Response": {
      "StatusCode": 200,
      "Headers": {
        "Cache-Control": [ "no-cache" ],
        "Pragma": [ "no-cache" ],
        "ETag": [ "\"21009397-0000-0a00-0000-6494e9650000\"" ],
        "x-ms-ratelimit-remaining-subscription-reads": [ "11910" ],
        "x-ms-request-id": [ "a182a793-4cb4-4683-9102-b146459fc725" ],
        "x-ms-correlation-request-id": [ "7fa2c8ea-5453-4382-9cc8-619c8466f8d5" ],
        "x-ms-routing-request-id": [ "WESTUS:20230623T003810Z:7fa2c8ea-5453-4382-9cc8-619c8466f8d5" ],
        "Strict-Transport-Security": [ "max-age=31536000; includeSubDomains" ],
        "X-Content-Type-Options": [ "nosniff" ],
        "Date": [ "Fri, 23 Jun 2023 00:38:10 GMT" ]
      },
      "ContentHeaders": {
        "Content-Length": [ "570" ],
        "Content-Type": [ "application/json; charset=utf-8" ],
        "Expires": [ "-1" ]
      },
      "Content": "{\"id\":\"/subscriptions/f141e9f2-4778-45a4-9aa0-8b31e6469454/providers/Microsoft.DevCenter/locations/CANADACENTRAL/operationStatuses/d6913bd2-acd8-4ebd-b124-dbf91122758a*D282CA13220F3506D5F4EA994ADB2DDED1CB1AE92EBCC5DE20F03862CBA333CA\",\"name\":\"d6913bd2-acd8-4ebd-b124-dbf91122758a*D282CA13220F3506D5F4EA994ADB2DDED1CB1AE92EBCC5DE20F03862CBA333CA\",\"resourceId\":\"/subscriptions/f141e9f2-4778-45a4-9aa0-8b31e6469454/resourceGroups/pwshRggm9tz2/providers/Microsoft.DevCenter/devcenters/zyv7hr\",\"status\":\"Succeeded\",\"startTime\":\"2023-06-23T00:35:39.1161325Z\",\"properties\":null}",
      "isContentBase64": false
    }
  },
  "Remove-AzDevCenterAdminDevCenter+[NoContext]+DeleteViaIdentity+$GET+https://management.azure.com/subscriptions/f141e9f2-4778-45a4-9aa0-8b31e6469454/resourceGroups/pwshRggm9tz2/providers/Microsoft.DevCenter/devcenters/zyv7hr?api-version=2024-05-01-preview+9": {
    "Request": {
      "Method": "GET",
      "RequestUri": "https://management.azure.com/subscriptions/f141e9f2-4778-45a4-9aa0-8b31e6469454/resourceGroups/pwshRggm9tz2/providers/Microsoft.DevCenter/devcenters/zyv7hr?api-version=2024-05-01-preview",
      "Content": null,
      "isContentBase64": false,
      "Headers": {
        "x-ms-unique-id": [ "192" ],
        "x-ms-client-request-id": [ "28419727-43c2-4534-ac6f-0fef6f46cb44" ],
        "CommandName": [ "Get-AzDevCenterAdminDevCenter" ],
        "FullCommandName": [ "Get-AzDevCenterAdminDevCenter_Get" ],
        "ParameterSetName": [ "__AllParameterSets" ],
        "User-Agent": [ "AzurePowershell/v9.4.0", "PSVersion/v7.2.11", "Az.DevCenter/0.1.0" ],
        "Authorization": [ "[Filtered]" ]
      },
      "ContentHeaders": {
      }
    },
    "Response": {
      "StatusCode": 404,
      "Headers": {
        "Cache-Control": [ "no-cache" ],
        "Pragma": [ "no-cache" ],
        "x-ms-failure-cause": [ "gateway" ],
        "x-ms-request-id": [ "caed49ef-d996-4db5-a4fd-12ca4c1855fb" ],
        "x-ms-correlation-request-id": [ "caed49ef-d996-4db5-a4fd-12ca4c1855fb" ],
        "x-ms-routing-request-id": [ "WESTUS:20230623T003810Z:caed49ef-d996-4db5-a4fd-12ca4c1855fb" ],
        "Strict-Transport-Security": [ "max-age=31536000; includeSubDomains" ],
        "X-Content-Type-Options": [ "nosniff" ],
        "Date": [ "Fri, 23 Jun 2023 00:38:10 GMT" ]
      },
      "ContentHeaders": {
        "Content-Type": [ "application/json; charset=utf-8" ],
        "Expires": [ "-1" ],
        "Content-Length": [ "221" ]
      },
      "Content": "{\"error\":{\"code\":\"ResourceNotFound\",\"message\":\"The Resource \u0027Microsoft.DevCenter/devcenters/zyv7hr\u0027 under resource group \u0027pwshRggm9tz2\u0027 was not found. For more details please go to https://aka.ms/ARMResourceNotFoundFix\"}}",
      "isContentBase64": false
    }
  }
}