{
  "Update-AzDevCenterAdminProjectEnvironmentType+[NoContext]+UpdateExpanded+$PATCH+https://management.azure.com/subscriptions/f141e9f2-4778-45a4-9aa0-8b31e6469454/resourceGroups/pwshRggm9tz2/providers/Microsoft.DevCenter/projects/pwshProj3stxlh/environmentTypes/bucn8l?api-version=2024-05-01-preview+1": {
    "Request": {
      "Method": "PATCH",
      "RequestUri": "https://management.azure.com/subscriptions/f141e9f2-4778-45a4-9aa0-8b31e6469454/resourceGroups/pwshRggm9tz2/providers/Microsoft.DevCenter/projects/pwshProj3stxlh/environmentTypes/bucn8l?api-version=2024-05-01-preview",
      "Content": "{\r\n  \"properties\": {\r\n    \"creatorRoleAssignment\": {\r\n      \"roles\": {\r\n        \"b24988ac-6180-42a0-ab88-20f7382dd24c\": {\r\n        }\r\n      }\r\n    },\r\n    \"status\": \"Disabled\",\r\n    \"userRoleAssignments\": {\r\n      \"957f8e6c-d217-4285-a756-deac3e51375e\": {\r\n      }\r\n    }\r\n  },\r\n  \"identity\": {\r\n    \"type\": \"SystemAssigned\"\r\n  }\r\n}",
      "isContentBase64": false,
      "Headers": {
      },
      "ContentHeaders": {
        "Content-Type": [ "application/json" ],
        "Content-Length": [ "332" ]
      }
    },
    "Response": {
      "StatusCode": 200,
      "Headers": {
        "Cache-Control": [ "no-cache" ],
        "Pragma": [ "no-cache" ],
        "ETag": [ "\"19000d66-0000-0a00-0000-6494fbf00000\"" ],
        "x-ms-ratelimit-remaining-subscription-writes": [ "1147" ],
        "x-ms-providerhub-traffic": [ "True" ],
        "X-Rate-Limit-Limit": [ "1m" ],
        "X-Rate-Limit-Remaining": [ "297" ],
        "X-Rate-Limit-Reset": [ "2023-06-23T01:57:58.2963496Z" ],
        "Strict-Transport-Security": [ "max-age=31536000; includeSubDomains" ],
        "x-ms-request-id": [ "786b2400-a92e-4a6f-8a5b-e6854a15db42" ],
        "x-ms-correlation-request-id": [ "30cc0a89-9d67-4985-9d4d-e03dfc2c2f59" ],
        "x-ms-routing-request-id": [ "WESTUS:20230623T015705Z:30cc0a89-9d67-4985-9d4d-e03dfc2c2f59" ],
        "X-Content-Type-Options": [ "nosniff" ],
        "Date": [ "Fri, 23 Jun 2023 01:57:04 GMT" ]
      },
      "ContentHeaders": {
        "Content-Length": [ "985" ],
        "Content-Type": [ "application/json; charset=utf-8" ],
        "Expires": [ "-1" ]
      },
      "Content": "{\"id\":\"/subscriptions/f141e9f2-4778-45a4-9aa0-8b31e6469454/resourceGroups/pwshRggm9tz2/providers/microsoft.devcenter/projects/pwshProj3stxlh/environmenttypes/bucn8l\",\"name\":\"bucn8l\",\"type\":\"microsoft.devcenter/projects/environmenttypes\",\"systemData\":{\"createdBy\":\"amlim@microsoft.com\",\"createdByType\":\"User\",\"createdAt\":\"2023-06-23T00:03:36.6318464Z\",\"lastModifiedBy\":\"amlim@microsoft.com\",\"lastModifiedByType\":\"User\",\"lastModifiedAt\":\"2023-06-23T01:57:01.238811Z\"},\"identity\":{\"principalId\":\"dfee35fa-7ae8-4129-847c-dc08d26a0b48\",\"tenantId\":\"003b06c3-d471-4452-9686-9e7f3ca85f0a\",\"type\":\"SystemAssigned\"},\"properties\":{\"deploymentTargetId\":\"/subscriptions/f141e9f2-4778-45a4-9aa0-8b31e6469454\",\"status\":\"Disabled\",\"creatorRoleAssignment\":{\"roles\":{\"8e3af657-a8ff-443c-a75c-2fe8c4bcb635\":{},\"b24988ac-6180-42a0-ab88-20f7382dd24c\":{}}},\"userRoleAssignments\":{\"957f8e6c-d217-4285-a756-deac3e51375e\":{\"roles\":{\"8e3af657-a8ff-443c-a75c-2fe8c4bcb635\":{}}}},\"provisioningState\":\"Succeeded\"}}",
      "isContentBase64": false
    }
  },
  "Update-AzDevCenterAdminProjectEnvironmentType+[NoContext]+Update+$PATCH+https://management.azure.com/subscriptions/f141e9f2-4778-45a4-9aa0-8b31e6469454/resourceGroups/pwshRggm9tz2/providers/Microsoft.DevCenter/projects/pwshProj3stxlh/environmentTypes/bucn8l?api-version=2024-05-01-preview+1": {
    "Request": {
      "Method": "PATCH",
      "RequestUri": "https://management.azure.com/subscriptions/f141e9f2-4778-45a4-9aa0-8b31e6469454/resourceGroups/pwshRggm9tz2/providers/Microsoft.DevCenter/projects/pwshProj3stxlh/environmentTypes/bucn8l?api-version=2024-05-01-preview",
      "Content": "{\r\n  \"properties\": {\r\n    \"creatorRoleAssignment\": {\r\n      \"roles\": {\r\n        \"8e3af657-a8ff-443c-a75c-2fe8c4bcb635\": {\r\n        }\r\n      }\r\n    },\r\n    \"status\": \"Enabled\",\r\n    \"userRoleAssignments\": {\r\n      \"957f8e6c-d217-4285-a756-deac3e51375e\": {\r\n      }\r\n    }\r\n  },\r\n  \"identity\": {\r\n    \"type\": \"SystemAssigned,UserAssigned\",\r\n    \"userAssignedIdentities\": {\r\n      \"/subscriptions/f141e9f2-4778-45a4-9aa0-8b31e6469454/resourcegroups/pwshRggm9tz2/providers/Microsoft.ManagedIdentity/userAssignedIdentities/pwshMsilo1utm\": {\r\n      }\r\n    }\r\n  }\r\n}",
      "isContentBase64": false,
      "Headers": {
      },
      "ContentHeaders": {
        "Content-Type": [ "application/json" ],
        "Content-Length": [ "559" ]
      }
    },
    "Response": {
      "StatusCode": 200,
      "Headers": {
        "Cache-Control": [ "no-cache" ],
        "Pragma": [ "no-cache" ],
        "ETag": [ "\"19004166-0000-0a00-0000-6494fbf20000\"" ],
        "x-ms-ratelimit-remaining-subscription-writes": [ "1146" ],
        "x-ms-providerhub-traffic": [ "True" ],
        "X-Rate-Limit-Limit": [ "1m" ],
        "X-Rate-Limit-Remaining": [ "296" ],
        "X-Rate-Limit-Reset": [ "2023-06-23T01:57:57.5103045Z" ],
        "Strict-Transport-Security": [ "max-age=31536000; includeSubDomains" ],
        "x-ms-request-id": [ "5d4111c7-cf0e-49b8-a549-33162cd78c3d" ],
        "x-ms-correlation-request-id": [ "34d69711-6d06-47dc-b67d-4b82b99eebd1" ],
        "x-ms-routing-request-id": [ "WESTUS:20230623T015706Z:34d69711-6d06-47dc-b67d-4b82b99eebd1" ],
        "X-Content-Type-Options": [ "nosniff" ],
        "Date": [ "Fri, 23 Jun 2023 01:57:06 GMT" ]
      },
      "ContentHeaders": {
        "Content-Length": [ "1286" ],
        "Content-Type": [ "application/json; charset=utf-8" ],
        "Expires": [ "-1" ]
      },
      "Content": "{\"id\":\"/subscriptions/f141e9f2-4778-45a4-9aa0-8b31e6469454/resourceGroups/pwshRggm9tz2/providers/microsoft.devcenter/projects/pwshProj3stxlh/environmenttypes/bucn8l\",\"name\":\"bucn8l\",\"type\":\"microsoft.devcenter/projects/environmenttypes\",\"systemData\":{\"createdBy\":\"amlim@microsoft.com\",\"createdByType\":\"User\",\"createdAt\":\"2023-06-23T00:03:36.6318464Z\",\"lastModifiedBy\":\"amlim@microsoft.com\",\"lastModifiedByType\":\"User\",\"lastModifiedAt\":\"2023-06-23T01:57:05.1450771Z\"},\"identity\":{\"principalId\":\"dfee35fa-7ae8-4129-847c-dc08d26a0b48\",\"tenantId\":\"003b06c3-d471-4452-9686-9e7f3ca85f0a\",\"type\":\"SystemAssigned, UserAssigned\",\"userAssignedIdentities\":{\"/subscriptions/f141e9f2-4778-45a4-9aa0-8b31e6469454/resourcegroups/pwshRggm9tz2/providers/Microsoft.ManagedIdentity/userAssignedIdentities/pwshMsilo1utm\":{\"principalId\":\"957f8e6c-d217-4285-a756-deac3e51375e\",\"clientId\":\"6f8e8553-7b94-458e-9ab8-65647b8d0094\"}}},\"properties\":{\"deploymentTargetId\":\"/subscriptions/f141e9f2-4778-45a4-9aa0-8b31e6469454\",\"status\":\"Enabled\",\"creatorRoleAssignment\":{\"roles\":{\"8e3af657-a8ff-443c-a75c-2fe8c4bcb635\":{},\"b24988ac-6180-42a0-ab88-20f7382dd24c\":{}}},\"userRoleAssignments\":{\"957f8e6c-d217-4285-a756-deac3e51375e\":{\"roles\":{\"8e3af657-a8ff-443c-a75c-2fe8c4bcb635\":{}}}},\"provisioningState\":\"Succeeded\"}}",
      "isContentBase64": false
    }
  },
  "Update-AzDevCenterAdminProjectEnvironmentType+[NoContext]+UpdateViaIdentityExpanded+$GET+https://management.azure.com/subscriptions/f141e9f2-4778-45a4-9aa0-8b31e6469454/resourceGroups/pwshRggm9tz2/providers/Microsoft.DevCenter/projects/pwshProj3stxlh/environmentTypes/bucn8l?api-version=2024-05-01-preview+1": {
    "Request": {
      "Method": "GET",
      "RequestUri": "https://management.azure.com/subscriptions/f141e9f2-4778-45a4-9aa0-8b31e6469454/resourceGroups/pwshRggm9tz2/providers/Microsoft.DevCenter/projects/pwshProj3stxlh/environmentTypes/bucn8l?api-version=2024-05-01-preview",
      "Content": null,
      "isContentBase64": false,
      "Headers": {
        "x-ms-unique-id": [ "510" ],
        "x-ms-client-request-id": [ "95e78ae8-cc83-4c20-8c8c-fb60b05f4672" ],
        "CommandName": [ "Get-AzDevCenterAdminProjectEnvironmentType" ],
        "FullCommandName": [ "Get-AzDevCenterAdminProjectEnvironmentType_Get" ],
        "ParameterSetName": [ "__AllParameterSets" ],
        "User-Agent": [ "AzurePowershell/v9.4.0", "PSVersion/v7.2.11", "Az.DevCenter/0.1.0" ],
        "Authorization": [ "[Filtered]" ]
      },
      "ContentHeaders": {
      }
    },
    "Response": {
      "StatusCode": 200,
      "Headers": {
        "Cache-Control": [ "no-cache" ],
        "Pragma": [ "no-cache" ],
        "ETag": [ "\"19004166-0000-0a00-0000-6494fbf20000\"" ],
        "x-ms-ratelimit-remaining-subscription-reads": [ "11814" ],
        "x-ms-providerhub-traffic": [ "True" ],
        "x-ms-request-id": [ "fd8b12ee-3295-4691-ae12-48f15b885d74" ],
        "x-ms-correlation-request-id": [ "7049e4fe-dd49-4dd1-a67b-1ba5c0d3e80a" ],
        "x-ms-routing-request-id": [ "WESTUS:20230623T015706Z:7049e4fe-dd49-4dd1-a67b-1ba5c0d3e80a" ],
        "Strict-Transport-Security": [ "max-age=31536000; includeSubDomains" ],
        "X-Content-Type-Options": [ "nosniff" ],
        "Date": [ "Fri, 23 Jun 2023 01:57:06 GMT" ]
      },
      "ContentHeaders": {
        "Content-Length": [ "1286" ],
        "Content-Type": [ "application/json; charset=utf-8" ],
        "Expires": [ "-1" ]
      },
      "Content": "{\"id\":\"/subscriptions/f141e9f2-4778-45a4-9aa0-8b31e6469454/resourceGroups/pwshRggm9tz2/providers/microsoft.devcenter/projects/pwshProj3stxlh/environmenttypes/bucn8l\",\"name\":\"bucn8l\",\"type\":\"microsoft.devcenter/projects/environmenttypes\",\"systemData\":{\"createdBy\":\"amlim@microsoft.com\",\"createdByType\":\"User\",\"createdAt\":\"2023-06-23T00:03:36.6318464Z\",\"lastModifiedBy\":\"amlim@microsoft.com\",\"lastModifiedByType\":\"User\",\"lastModifiedAt\":\"2023-06-23T01:57:05.1450771Z\"},\"identity\":{\"principalId\":\"dfee35fa-7ae8-4129-847c-dc08d26a0b48\",\"tenantId\":\"003b06c3-d471-4452-9686-9e7f3ca85f0a\",\"type\":\"SystemAssigned, UserAssigned\",\"userAssignedIdentities\":{\"/subscriptions/f141e9f2-4778-45a4-9aa0-8b31e6469454/resourcegroups/pwshRggm9tz2/providers/Microsoft.ManagedIdentity/userAssignedIdentities/pwshMsilo1utm\":{\"principalId\":\"957f8e6c-d217-4285-a756-deac3e51375e\",\"clientId\":\"6f8e8553-7b94-458e-9ab8-65647b8d0094\"}}},\"properties\":{\"deploymentTargetId\":\"/subscriptions/f141e9f2-4778-45a4-9aa0-8b31e6469454\",\"status\":\"Enabled\",\"creatorRoleAssignment\":{\"roles\":{\"8e3af657-a8ff-443c-a75c-2fe8c4bcb635\":{},\"b24988ac-6180-42a0-ab88-20f7382dd24c\":{}}},\"userRoleAssignments\":{\"957f8e6c-d217-4285-a756-deac3e51375e\":{\"roles\":{\"8e3af657-a8ff-443c-a75c-2fe8c4bcb635\":{}}}},\"provisioningState\":\"Succeeded\"}}",
      "isContentBase64": false
    }
  },
  "Update-AzDevCenterAdminProjectEnvironmentType+[NoContext]+UpdateViaIdentityExpanded+$PATCH+https://management.azure.com/subscriptions/f141e9f2-4778-45a4-9aa0-8b31e6469454/resourceGroups/pwshRggm9tz2/providers/Microsoft.DevCenter/projects/pwshProj3stxlh/environmentTypes/bucn8l?api-version=2024-05-01-preview+2": {
    "Request": {
      "Method": "PATCH",
      "RequestUri": "https://management.azure.com/subscriptions/f141e9f2-4778-45a4-9aa0-8b31e6469454/resourceGroups/pwshRggm9tz2/providers/Microsoft.DevCenter/projects/pwshProj3stxlh/environmentTypes/bucn8l?api-version=2024-05-01-preview",
      "Content": "{\r\n  \"properties\": {\r\n    \"creatorRoleAssignment\": {\r\n      \"roles\": {\r\n        \"b24988ac-6180-42a0-ab88-20f7382dd24c\": {\r\n        }\r\n      }\r\n    },\r\n    \"status\": \"Disabled\",\r\n    \"userRoleAssignments\": {\r\n      \"957f8e6c-d217-4285-a756-deac3e51375e\": {\r\n      }\r\n    }\r\n  },\r\n  \"identity\": {\r\n    \"type\": \"SystemAssigned\"\r\n  }\r\n}",
      "isContentBase64": false,
      "Headers": {
      },
      "ContentHeaders": {
        "Content-Type": [ "application/json" ],
        "Content-Length": [ "332" ]
      }
    },
    "Response": {
      "StatusCode": 200,
      "Headers": {
        "Cache-Control": [ "no-cache" ],
        "Pragma": [ "no-cache" ],
        "ETag": [ "\"19007466-0000-0a00-0000-6494fbf40000\"" ],
        "x-ms-ratelimit-remaining-subscription-writes": [ "1145" ],
        "x-ms-providerhub-traffic": [ "True" ],
        "X-Rate-Limit-Limit": [ "1m" ],
        "X-Rate-Limit-Remaining": [ "295" ],
        "X-Rate-Limit-Reset": [ "2023-06-23T01:57:56.7823580Z" ],
        "Strict-Transport-Security": [ "max-age=31536000; includeSubDomains" ],
        "x-ms-request-id": [ "947b113f-6cab-43f3-9024-1f93703c836b" ],
        "x-ms-correlation-request-id": [ "45c4374b-9ead-43fc-bd33-53fa83cb72cb" ],
        "x-ms-routing-request-id": [ "WESTUS:20230623T015708Z:45c4374b-9ead-43fc-bd33-53fa83cb72cb" ],
        "X-Content-Type-Options": [ "nosniff" ],
        "Date": [ "Fri, 23 Jun 2023 01:57:08 GMT" ]
      },
      "ContentHeaders": {
        "Content-Length": [ "986" ],
        "Content-Type": [ "application/json; charset=utf-8" ],
        "Expires": [ "-1" ]
      },
      "Content": "{\"id\":\"/subscriptions/f141e9f2-4778-45a4-9aa0-8b31e6469454/resourceGroups/pwshRggm9tz2/providers/microsoft.devcenter/projects/pwshProj3stxlh/environmenttypes/bucn8l\",\"name\":\"bucn8l\",\"type\":\"microsoft.devcenter/projects/environmenttypes\",\"systemData\":{\"createdBy\":\"amlim@microsoft.com\",\"createdByType\":\"User\",\"createdAt\":\"2023-06-23T00:03:36.6318464Z\",\"lastModifiedBy\":\"amlim@microsoft.com\",\"lastModifiedByType\":\"User\",\"lastModifiedAt\":\"2023-06-23T01:57:07.0513351Z\"},\"identity\":{\"principalId\":\"dfee35fa-7ae8-4129-847c-dc08d26a0b48\",\"tenantId\":\"003b06c3-d471-4452-9686-9e7f3ca85f0a\",\"type\":\"SystemAssigned\"},\"properties\":{\"deploymentTargetId\":\"/subscriptions/f141e9f2-4778-45a4-9aa0-8b31e6469454\",\"status\":\"Disabled\",\"creatorRoleAssignment\":{\"roles\":{\"8e3af657-a8ff-443c-a75c-2fe8c4bcb635\":{},\"b24988ac-6180-42a0-ab88-20f7382dd24c\":{}}},\"userRoleAssignments\":{\"957f8e6c-d217-4285-a756-deac3e51375e\":{\"roles\":{\"8e3af657-a8ff-443c-a75c-2fe8c4bcb635\":{}}}},\"provisioningState\":\"Succeeded\"}}",
      "isContentBase64": false
    }
  },
  "Update-AzDevCenterAdminProjectEnvironmentType+[NoContext]+UpdateViaIdentity+$GET+https://management.azure.com/subscriptions/f141e9f2-4778-45a4-9aa0-8b31e6469454/resourceGroups/pwshRggm9tz2/providers/Microsoft.DevCenter/projects/pwshProj3stxlh/environmentTypes/bucn8l?api-version=2024-05-01-preview+1": {
    "Request": {
      "Method": "GET",
      "RequestUri": "https://management.azure.com/subscriptions/f141e9f2-4778-45a4-9aa0-8b31e6469454/resourceGroups/pwshRggm9tz2/providers/Microsoft.DevCenter/projects/pwshProj3stxlh/environmentTypes/bucn8l?api-version=2024-05-01-preview",
      "Content": null,
      "isContentBase64": false,
      "Headers": {
        "x-ms-unique-id": [ "512" ],
        "x-ms-client-request-id": [ "04226f65-a8b6-4153-831c-a1ccf6bd8316" ],
        "CommandName": [ "Get-AzDevCenterAdminProjectEnvironmentType" ],
        "FullCommandName": [ "Get-AzDevCenterAdminProjectEnvironmentType_Get" ],
        "ParameterSetName": [ "__AllParameterSets" ],
        "User-Agent": [ "AzurePowershell/v9.4.0", "PSVersion/v7.2.11", "Az.DevCenter/0.1.0" ],
        "Authorization": [ "[Filtered]" ]
      },
      "ContentHeaders": {
      }
    },
    "Response": {
      "StatusCode": 200,
      "Headers": {
        "Cache-Control": [ "no-cache" ],
        "Pragma": [ "no-cache" ],
        "ETag": [ "\"19007466-0000-0a00-0000-6494fbf40000\"" ],
        "x-ms-ratelimit-remaining-subscription-reads": [ "11813" ],
        "x-ms-routing-request-id": [ "WESTUS:20230623T015708Z:1be3f706-fbb6-45ca-b35f-fb8ae78f7d45" ],
        "x-ms-providerhub-traffic": [ "True" ],
        "x-ms-request-id": [ "03fda6f1-93a4-4490-84b6-efe5571b0b87" ],
        "x-ms-correlation-request-id": [ "1be3f706-fbb6-45ca-b35f-fb8ae78f7d45" ],
        "Strict-Transport-Security": [ "max-age=31536000; includeSubDomains" ],
        "X-Content-Type-Options": [ "nosniff" ],
        "Date": [ "Fri, 23 Jun 2023 01:57:08 GMT" ]
      },
      "ContentHeaders": {
        "Content-Length": [ "986" ],
        "Content-Type": [ "application/json; charset=utf-8" ],
        "Expires": [ "-1" ]
      },
      "Content": "{\"id\":\"/subscriptions/f141e9f2-4778-45a4-9aa0-8b31e6469454/resourceGroups/pwshRggm9tz2/providers/microsoft.devcenter/projects/pwshProj3stxlh/environmenttypes/bucn8l\",\"name\":\"bucn8l\",\"type\":\"microsoft.devcenter/projects/environmenttypes\",\"systemData\":{\"createdBy\":\"amlim@microsoft.com\",\"createdByType\":\"User\",\"createdAt\":\"2023-06-23T00:03:36.6318464Z\",\"lastModifiedBy\":\"amlim@microsoft.com\",\"lastModifiedByType\":\"User\",\"lastModifiedAt\":\"2023-06-23T01:57:07.0513351Z\"},\"identity\":{\"principalId\":\"dfee35fa-7ae8-4129-847c-dc08d26a0b48\",\"tenantId\":\"003b06c3-d471-4452-9686-9e7f3ca85f0a\",\"type\":\"SystemAssigned\"},\"properties\":{\"deploymentTargetId\":\"/subscriptions/f141e9f2-4778-45a4-9aa0-8b31e6469454\",\"status\":\"Disabled\",\"creatorRoleAssignment\":{\"roles\":{\"8e3af657-a8ff-443c-a75c-2fe8c4bcb635\":{},\"b24988ac-6180-42a0-ab88-20f7382dd24c\":{}}},\"userRoleAssignments\":{\"957f8e6c-d217-4285-a756-deac3e51375e\":{\"roles\":{\"8e3af657-a8ff-443c-a75c-2fe8c4bcb635\":{}}}},\"provisioningState\":\"Succeeded\"}}",
      "isContentBase64": false
    }
  },
  "Update-AzDevCenterAdminProjectEnvironmentType+[NoContext]+UpdateViaIdentity+$PATCH+https://management.azure.com/subscriptions/f141e9f2-4778-45a4-9aa0-8b31e6469454/resourceGroups/pwshRggm9tz2/providers/Microsoft.DevCenter/projects/pwshProj3stxlh/environmentTypes/bucn8l?api-version=2024-05-01-preview+2": {
    "Request": {
      "Method": "PATCH",
      "RequestUri": "https://management.azure.com/subscriptions/f141e9f2-4778-45a4-9aa0-8b31e6469454/resourceGroups/pwshRggm9tz2/providers/Microsoft.DevCenter/projects/pwshProj3stxlh/environmentTypes/bucn8l?api-version=2024-05-01-preview",
      "Content": "{\r\n  \"properties\": {\r\n    \"creatorRoleAssignment\": {\r\n      \"roles\": {\r\n        \"8e3af657-a8ff-443c-a75c-2fe8c4bcb635\": {\r\n        }\r\n      }\r\n    },\r\n    \"status\": \"Enabled\",\r\n    \"userRoleAssignments\": {\r\n      \"957f8e6c-d217-4285-a756-deac3e51375e\": {\r\n      }\r\n    }\r\n  },\r\n  \"identity\": {\r\n    \"type\": \"SystemAssigned,UserAssigned\",\r\n    \"userAssignedIdentities\": {\r\n      \"/subscriptions/f141e9f2-4778-45a4-9aa0-8b31e6469454/resourcegroups/pwshRggm9tz2/providers/Microsoft.ManagedIdentity/userAssignedIdentities/pwshMsilo1utm\": {\r\n      }\r\n    }\r\n  }\r\n}",
      "isContentBase64": false,
      "Headers": {
      },
      "ContentHeaders": {
        "Content-Type": [ "application/json" ],
        "Content-Length": [ "559" ]
      }
    },
    "Response": {
      "StatusCode": 200,
      "Headers": {
        "Cache-Control": [ "no-cache" ],
        "Pragma": [ "no-cache" ],
        "ETag": [ "\"1900a466-0000-0a00-0000-6494fbf50000\"" ],
        "x-ms-ratelimit-remaining-subscription-writes": [ "1144" ],
        "x-ms-providerhub-traffic": [ "True" ],
        "X-Rate-Limit-Limit": [ "1m" ],
        "X-Rate-Limit-Remaining": [ "295" ],
        "X-Rate-Limit-Reset": [ "2023-06-23T01:57:58.2963496Z" ],
        "Strict-Transport-Security": [ "max-age=31536000; includeSubDomains" ],
        "x-ms-request-id": [ "b3cb7ca9-4756-46cd-a21a-7f54033f4cf9" ],
        "x-ms-correlation-request-id": [ "157bf256-d3cc-481c-8999-3a9b036f1c61" ],
        "x-ms-routing-request-id": [ "WESTUS:20230623T015710Z:157bf256-d3cc-481c-8999-3a9b036f1c61" ],
        "X-Content-Type-Options": [ "nosniff" ],
        "Date": [ "Fri, 23 Jun 2023 01:57:09 GMT" ]
      },
      "ContentHeaders": {
        "Content-Length": [ "1285" ],
        "Content-Type": [ "application/json; charset=utf-8" ],
        "Expires": [ "-1" ]
      },
      "Content": "{\"id\":\"/subscriptions/f141e9f2-4778-45a4-9aa0-8b31e6469454/resourceGroups/pwshRggm9tz2/providers/microsoft.devcenter/projects/pwshProj3stxlh/environmenttypes/bucn8l\",\"name\":\"bucn8l\",\"type\":\"microsoft.devcenter/projects/environmenttypes\",\"systemData\":{\"createdBy\":\"amlim@microsoft.com\",\"createdByType\":\"User\",\"createdAt\":\"2023-06-23T00:03:36.6318464Z\",\"lastModifiedBy\":\"amlim@microsoft.com\",\"lastModifiedByType\":\"User\",\"lastModifiedAt\":\"2023-06-23T01:57:08.848247Z\"},\"identity\":{\"principalId\":\"dfee35fa-7ae8-4129-847c-dc08d26a0b48\",\"tenantId\":\"003b06c3-d471-4452-9686-9e7f3ca85f0a\",\"type\":\"SystemAssigned, UserAssigned\",\"userAssignedIdentities\":{\"/subscriptions/f141e9f2-4778-45a4-9aa0-8b31e6469454/resourcegroups/pwshRggm9tz2/providers/Microsoft.ManagedIdentity/userAssignedIdentities/pwshMsilo1utm\":{\"principalId\":\"957f8e6c-d217-4285-a756-deac3e51375e\",\"clientId\":\"6f8e8553-7b94-458e-9ab8-65647b8d0094\"}}},\"properties\":{\"deploymentTargetId\":\"/subscriptions/f141e9f2-4778-45a4-9aa0-8b31e6469454\",\"status\":\"Enabled\",\"creatorRoleAssignment\":{\"roles\":{\"8e3af657-a8ff-443c-a75c-2fe8c4bcb635\":{},\"b24988ac-6180-42a0-ab88-20f7382dd24c\":{}}},\"userRoleAssignments\":{\"957f8e6c-d217-4285-a756-deac3e51375e\":{\"roles\":{\"8e3af657-a8ff-443c-a75c-2fe8c4bcb635\":{}}}},\"provisioningState\":\"Succeeded\"}}",
      "isContentBase64": false
    }
  }
}