{
  "Update-AzDevCenterAdminSchedule+[NoContext]+UpdateExpanded+$PUT+https://management.azure.com/subscriptions/f141e9f2-4778-45a4-9aa0-8b31e6469454/resourceGroups/pwshRggm9tz2/providers/Microsoft.DevCenter/projects/pwshProj3stxlh/pools/ebsz6a/schedules/default?api-version=2024-05-01-preview+1": {
    "Request": {
      "Method": "PUT",
      "RequestUri": "https://management.azure.com/subscriptions/f141e9f2-4778-45a4-9aa0-8b31e6469454/resourceGroups/pwshRggm9tz2/providers/Microsoft.DevCenter/projects/pwshProj3stxlh/pools/ebsz6a/schedules/default?api-version=2024-05-01-preview",
      "Content": "{\r\n  \"properties\": {\r\n    \"type\": \"StopDevBox\",\r\n    \"frequency\": \"Daily\",\r\n    \"time\": \"17:30\",\r\n    \"timeZone\": \"America/New_York\",\r\n    \"state\": \"Disabled\"\r\n  }\r\n}",
      "isContentBase64": false,
      "Headers": {
      },
      "ContentHeaders": {
        "Content-Type": [ "application/json" ],
        "Content-Length": [ "166" ]
      }
    },
    "Response": {
      "StatusCode": 201,
      "Headers": {
        "Cache-Control": [ "no-cache" ],
        "Pragma": [ "no-cache" ],
        "ETag": [ "\"6b0024e1-0000-0a00-0000-6494fbf70000\"" ],
        "x-ms-ratelimit-remaining-subscription-writes": [ "1143" ],
        "x-ms-providerhub-traffic": [ "True" ],
        "X-Rate-Limit-Limit": [ "1m" ],
        "X-Rate-Limit-Remaining": [ "294" ],
        "X-Rate-Limit-Reset": [ "2023-06-23T01:57:58.2963496Z" ],
        "Strict-Transport-Security": [ "max-age=31536000; includeSubDomains" ],
        "Azure-AsyncOperation": [ "https://management.azure.com/subscriptions/f141e9f2-4778-45a4-9aa0-8b31e6469454/providers/Microsoft.DevCenter/locations/CANADACENTRAL/operationStatuses/4805e389-4f4c-4f41-8fbb-3364c62824f8*33E29C1BE7853E308C5FECA8135B93FABF3E4E1E6F99E838596EBEBA9E244524?api-version=2024-05-01-preview" ],
        "x-ms-request-id": [ "4805e389-4f4c-4f41-8fbb-3364c62824f8" ],
        "x-ms-correlation-request-id": [ "b2f3e234-e7bb-469b-a6a5-896646e9a664" ],
        "x-ms-routing-request-id": [ "WESTUS:20230623T015711Z:b2f3e234-e7bb-469b-a6a5-896646e9a664" ],
        "X-Content-Type-Options": [ "nosniff" ],
        "Date": [ "Fri, 23 Jun 2023 01:57:11 GMT" ]
      },
      "ContentHeaders": {
        "Content-Length": [ "624" ],
        "Content-Type": [ "application/json; charset=utf-8" ],
        "Expires": [ "-1" ]
      },
      "Content": "{\"id\":\"/subscriptions/f141e9f2-4778-45a4-9aa0-8b31e6469454/resourceGroups/pwshRggm9tz2/providers/microsoft.devcenter/projects/pwshProj3stxlh/pools/ebsz6a/schedules/default\",\"name\":\"default\",\"type\":\"microsoft.devcenter/projects/pools/schedules\",\"systemData\":{\"createdBy\":\"amlim@microsoft.com\",\"createdByType\":\"User\",\"createdAt\":\"2023-06-23T00:08:43.9964277Z\",\"lastModifiedBy\":\"amlim@microsoft.com\",\"lastModifiedByType\":\"User\",\"lastModifiedAt\":\"2023-06-23T01:57:10.6451005Z\"},\"properties\":{\"provisioningState\":\"Accepted\",\"type\":\"StopDevBox\",\"frequency\":\"Daily\",\"time\":\"17:30\",\"timeZone\":\"America/New_York\",\"state\":\"Disabled\"}}",
      "isContentBase64": false
    }
  },
  "Update-AzDevCenterAdminSchedule+[NoContext]+UpdateExpanded+$GET+https://management.azure.com/subscriptions/f141e9f2-4778-45a4-9aa0-8b31e6469454/providers/Microsoft.DevCenter/locations/CANADACENTRAL/operationStatuses/4805e389-4f4c-4f41-8fbb-3364c62824f8*33E29C1BE7853E308C5FECA8135B93FABF3E4E1E6F99E838596EBEBA9E244524?api-version=2024-05-01-preview+2": {
    "Request": {
      "Method": "GET",
      "RequestUri": "https://management.azure.com/subscriptions/f141e9f2-4778-45a4-9aa0-8b31e6469454/providers/Microsoft.DevCenter/locations/CANADACENTRAL/operationStatuses/4805e389-4f4c-4f41-8fbb-3364c62824f8*33E29C1BE7853E308C5FECA8135B93FABF3E4E1E6F99E838596EBEBA9E244524?api-version=2024-05-01-preview",
      "Content": null,
      "isContentBase64": false,
      "Headers": {
        "Authorization": [ "[Filtered]" ],
        "x-ms-unique-id": [ "515" ],
        "x-ms-client-request-id": [ "16e468c1-aac4-4e99-8dfb-4dbeb8447619" ],
        "CommandName": [ "Az.DevCenter.internal\\New-AzDevCenterAdminSchedule" ],
        "FullCommandName": [ "New-AzDevCenterAdminSchedule_CreateExpanded" ],
        "ParameterSetName": [ "__AllParameterSets" ],
        "User-Agent": [ "AzurePowershell/v9.4.0", "PSVersion/v7.2.11", "Az.DevCenter/0.1.0" ]
      },
      "ContentHeaders": {
      }
    },
    "Response": {
      "StatusCode": 200,
      "Headers": {
        "Cache-Control": [ "no-cache" ],
        "Pragma": [ "no-cache" ],
        "ETag": [ "\"2100cfc3-0000-0a00-0000-6494fbf70000\"" ],
        "x-ms-ratelimit-remaining-subscription-reads": [ "11812" ],
        "x-ms-request-id": [ "6584b278-d936-4afb-a957-deed1f6f2ab7" ],
        "x-ms-correlation-request-id": [ "b10580a7-4f35-48f2-b5ff-248a3cfd4294" ],
        "x-ms-routing-request-id": [ "WESTUS:20230623T015741Z:b10580a7-4f35-48f2-b5ff-248a3cfd4294" ],
        "Strict-Transport-Security": [ "max-age=31536000; includeSubDomains" ],
        "X-Content-Type-Options": [ "nosniff" ],
        "Date": [ "Fri, 23 Jun 2023 01:57:41 GMT" ]
      },
      "ContentHeaders": {
        "Content-Length": [ "587" ],
        "Content-Type": [ "application/json; charset=utf-8" ],
        "Expires": [ "-1" ]
      },
      "Content": "{\"id\":\"/subscriptions/f141e9f2-4778-45a4-9aa0-8b31e6469454/providers/Microsoft.DevCenter/locations/CANADACENTRAL/operationStatuses/4805e389-4f4c-4f41-8fbb-3364c62824f8*33E29C1BE7853E308C5FECA8135B93FABF3E4E1E6F99E838596EBEBA9E244524\",\"name\":\"4805e389-4f4c-4f41-8fbb-3364c62824f8*33E29C1BE7853E308C5FECA8135B93FABF3E4E1E6F99E838596EBEBA9E244524\",\"resourceId\":\"/subscriptions/f141e9f2-4778-45a4-9aa0-8b31e6469454/resourceGroups/pwshRggm9tz2/providers/Microsoft.DevCenter/projects/pwshProj3stxlh/pools/ebsz6a/schedules/default\",\"status\":\"Accepted\",\"startTime\":\"2023-06-23T01:57:11.167269Z\"}",
      "isContentBase64": false
    }
  },
  "Update-AzDevCenterAdminSchedule+[NoContext]+UpdateExpanded+$GET+https://management.azure.com/subscriptions/f141e9f2-4778-45a4-9aa0-8b31e6469454/providers/Microsoft.DevCenter/locations/CANADACENTRAL/operationStatuses/4805e389-4f4c-4f41-8fbb-3364c62824f8*33E29C1BE7853E308C5FECA8135B93FABF3E4E1E6F99E838596EBEBA9E244524?api-version=2024-05-01-preview+3": {
    "Request": {
      "Method": "GET",
      "RequestUri": "https://management.azure.com/subscriptions/f141e9f2-4778-45a4-9aa0-8b31e6469454/providers/Microsoft.DevCenter/locations/CANADACENTRAL/operationStatuses/4805e389-4f4c-4f41-8fbb-3364c62824f8*33E29C1BE7853E308C5FECA8135B93FABF3E4E1E6F99E838596EBEBA9E244524?api-version=2024-05-01-preview",
      "Content": null,
      "isContentBase64": false,
      "Headers": {
        "Authorization": [ "[Filtered]" ],
        "x-ms-unique-id": [ "516" ],
        "x-ms-client-request-id": [ "16e468c1-aac4-4e99-8dfb-4dbeb8447619" ],
        "CommandName": [ "Az.DevCenter.internal\\New-AzDevCenterAdminSchedule" ],
        "FullCommandName": [ "New-AzDevCenterAdminSchedule_CreateExpanded" ],
        "ParameterSetName": [ "__AllParameterSets" ],
        "User-Agent": [ "AzurePowershell/v9.4.0", "PSVersion/v7.2.11", "Az.DevCenter/0.1.0" ]
      },
      "ContentHeaders": {
      }
    },
    "Response": {
      "StatusCode": 200,
      "Headers": {
        "Cache-Control": [ "no-cache" ],
        "Pragma": [ "no-cache" ],
        "ETag": [ "\"2100cfc3-0000-0a00-0000-6494fbf70000\"" ],
        "x-ms-ratelimit-remaining-subscription-reads": [ "11811" ],
        "x-ms-request-id": [ "84834d9b-df19-4d99-a48e-b33305fa9288" ],
        "x-ms-correlation-request-id": [ "3f62fa30-96c5-4348-ae51-33cc130a2101" ],
        "x-ms-routing-request-id": [ "WESTUS:20230623T015811Z:3f62fa30-96c5-4348-ae51-33cc130a2101" ],
        "Strict-Transport-Security": [ "max-age=31536000; includeSubDomains" ],
        "X-Content-Type-Options": [ "nosniff" ],
        "Date": [ "Fri, 23 Jun 2023 01:58:10 GMT" ]
      },
      "ContentHeaders": {
        "Content-Length": [ "587" ],
        "Content-Type": [ "application/json; charset=utf-8" ],
        "Expires": [ "-1" ]
      },
      "Content": "{\"id\":\"/subscriptions/f141e9f2-4778-45a4-9aa0-8b31e6469454/providers/Microsoft.DevCenter/locations/CANADACENTRAL/operationStatuses/4805e389-4f4c-4f41-8fbb-3364c62824f8*33E29C1BE7853E308C5FECA8135B93FABF3E4E1E6F99E838596EBEBA9E244524\",\"name\":\"4805e389-4f4c-4f41-8fbb-3364c62824f8*33E29C1BE7853E308C5FECA8135B93FABF3E4E1E6F99E838596EBEBA9E244524\",\"resourceId\":\"/subscriptions/f141e9f2-4778-45a4-9aa0-8b31e6469454/resourceGroups/pwshRggm9tz2/providers/Microsoft.DevCenter/projects/pwshProj3stxlh/pools/ebsz6a/schedules/default\",\"status\":\"Accepted\",\"startTime\":\"2023-06-23T01:57:11.167269Z\"}",
      "isContentBase64": false
    }
  },
  "Update-AzDevCenterAdminSchedule+[NoContext]+UpdateExpanded+$GET+https://management.azure.com/subscriptions/f141e9f2-4778-45a4-9aa0-8b31e6469454/providers/Microsoft.DevCenter/locations/CANADACENTRAL/operationStatuses/4805e389-4f4c-4f41-8fbb-3364c62824f8*33E29C1BE7853E308C5FECA8135B93FABF3E4E1E6F99E838596EBEBA9E244524?api-version=2024-05-01-preview+4": {
    "Request": {
      "Method": "GET",
      "RequestUri": "https://management.azure.com/subscriptions/f141e9f2-4778-45a4-9aa0-8b31e6469454/providers/Microsoft.DevCenter/locations/CANADACENTRAL/operationStatuses/4805e389-4f4c-4f41-8fbb-3364c62824f8*33E29C1BE7853E308C5FECA8135B93FABF3E4E1E6F99E838596EBEBA9E244524?api-version=2024-05-01-preview",
      "Content": null,
      "isContentBase64": false,
      "Headers": {
        "Authorization": [ "[Filtered]" ],
        "x-ms-unique-id": [ "517" ],
        "x-ms-client-request-id": [ "16e468c1-aac4-4e99-8dfb-4dbeb8447619" ],
        "CommandName": [ "Az.DevCenter.internal\\New-AzDevCenterAdminSchedule" ],
        "FullCommandName": [ "New-AzDevCenterAdminSchedule_CreateExpanded" ],
        "ParameterSetName": [ "__AllParameterSets" ],
        "User-Agent": [ "AzurePowershell/v9.4.0", "PSVersion/v7.2.11", "Az.DevCenter/0.1.0" ]
      },
      "ContentHeaders": {
      }
    },
    "Response": {
      "StatusCode": 200,
      "Headers": {
        "Cache-Control": [ "no-cache" ],
        "Pragma": [ "no-cache" ],
        "ETag": [ "\"2100cfc3-0000-0a00-0000-6494fbf70000\"" ],
        "x-ms-ratelimit-remaining-subscription-reads": [ "11810" ],
        "x-ms-request-id": [ "397809a7-0179-48ba-89f4-c073ef8da05a" ],
        "x-ms-correlation-request-id": [ "a10fce1e-1fce-4e79-9150-4b496c4a45fc" ],
        "x-ms-routing-request-id": [ "WESTUS:20230623T015842Z:a10fce1e-1fce-4e79-9150-4b496c4a45fc" ],
        "Strict-Transport-Security": [ "max-age=31536000; includeSubDomains" ],
        "X-Content-Type-Options": [ "nosniff" ],
        "Date": [ "Fri, 23 Jun 2023 01:58:41 GMT" ]
      },
      "ContentHeaders": {
        "Content-Length": [ "587" ],
        "Content-Type": [ "application/json; charset=utf-8" ],
        "Expires": [ "-1" ]
      },
      "Content": "{\"id\":\"/subscriptions/f141e9f2-4778-45a4-9aa0-8b31e6469454/providers/Microsoft.DevCenter/locations/CANADACENTRAL/operationStatuses/4805e389-4f4c-4f41-8fbb-3364c62824f8*33E29C1BE7853E308C5FECA8135B93FABF3E4E1E6F99E838596EBEBA9E244524\",\"name\":\"4805e389-4f4c-4f41-8fbb-3364c62824f8*33E29C1BE7853E308C5FECA8135B93FABF3E4E1E6F99E838596EBEBA9E244524\",\"resourceId\":\"/subscriptions/f141e9f2-4778-45a4-9aa0-8b31e6469454/resourceGroups/pwshRggm9tz2/providers/Microsoft.DevCenter/projects/pwshProj3stxlh/pools/ebsz6a/schedules/default\",\"status\":\"Accepted\",\"startTime\":\"2023-06-23T01:57:11.167269Z\"}",
      "isContentBase64": false
    }
  },
  "Update-AzDevCenterAdminSchedule+[NoContext]+UpdateExpanded+$GET+https://management.azure.com/subscriptions/f141e9f2-4778-45a4-9aa0-8b31e6469454/providers/Microsoft.DevCenter/locations/CANADACENTRAL/operationStatuses/4805e389-4f4c-4f41-8fbb-3364c62824f8*33E29C1BE7853E308C5FECA8135B93FABF3E4E1E6F99E838596EBEBA9E244524?api-version=2024-05-01-preview+5": {
    "Request": {
      "Method": "GET",
      "RequestUri": "https://management.azure.com/subscriptions/f141e9f2-4778-45a4-9aa0-8b31e6469454/providers/Microsoft.DevCenter/locations/CANADACENTRAL/operationStatuses/4805e389-4f4c-4f41-8fbb-3364c62824f8*33E29C1BE7853E308C5FECA8135B93FABF3E4E1E6F99E838596EBEBA9E244524?api-version=2024-05-01-preview",
      "Content": null,
      "isContentBase64": false,
      "Headers": {
        "Authorization": [ "[Filtered]" ],
        "x-ms-unique-id": [ "518" ],
        "x-ms-client-request-id": [ "16e468c1-aac4-4e99-8dfb-4dbeb8447619" ],
        "CommandName": [ "Az.DevCenter.internal\\New-AzDevCenterAdminSchedule" ],
        "FullCommandName": [ "New-AzDevCenterAdminSchedule_CreateExpanded" ],
        "ParameterSetName": [ "__AllParameterSets" ],
        "User-Agent": [ "AzurePowershell/v9.4.0", "PSVersion/v7.2.11", "Az.DevCenter/0.1.0" ]
      },
      "ContentHeaders": {
      }
    },
    "Response": {
      "StatusCode": 200,
      "Headers": {
        "Cache-Control": [ "no-cache" ],
        "Pragma": [ "no-cache" ],
        "ETag": [ "\"210090c4-0000-0a00-0000-6494fc580000\"" ],
        "x-ms-ratelimit-remaining-subscription-reads": [ "11809" ],
        "x-ms-request-id": [ "fa96962f-d7e9-4337-9d3b-4d2705ff3f15" ],
        "x-ms-correlation-request-id": [ "41cd8927-11bf-4a68-b7d5-b175ab92b036" ],
        "x-ms-routing-request-id": [ "WESTUS:20230623T015912Z:41cd8927-11bf-4a68-b7d5-b175ab92b036" ],
        "Strict-Transport-Security": [ "max-age=31536000; includeSubDomains" ],
        "X-Content-Type-Options": [ "nosniff" ],
        "Date": [ "Fri, 23 Jun 2023 01:59:11 GMT" ]
      },
      "ContentHeaders": {
        "Content-Length": [ "647" ],
        "Content-Type": [ "application/json; charset=utf-8" ],
        "Expires": [ "-1" ]
      },
      "Content": "{\"id\":\"/subscriptions/f141e9f2-4778-45a4-9aa0-8b31e6469454/providers/Microsoft.DevCenter/locations/CANADACENTRAL/operationStatuses/4805e389-4f4c-4f41-8fbb-3364c62824f8*33E29C1BE7853E308C5FECA8135B93FABF3E4E1E6F99E838596EBEBA9E244524\",\"name\":\"4805e389-4f4c-4f41-8fbb-3364c62824f8*33E29C1BE7853E308C5FECA8135B93FABF3E4E1E6F99E838596EBEBA9E244524\",\"resourceId\":\"/subscriptions/f141e9f2-4778-45a4-9aa0-8b31e6469454/resourceGroups/pwshRggm9tz2/providers/Microsoft.DevCenter/projects/pwshProj3stxlh/pools/ebsz6a/schedules/default\",\"status\":\"Succeeded\",\"startTime\":\"2023-06-23T01:57:11.167269Z\",\"endTime\":\"2023-06-23T01:58:48.7098291Z\",\"properties\":null}",
      "isContentBase64": false
    }
  },
  "Update-AzDevCenterAdminSchedule+[NoContext]+UpdateExpanded+$GET+https://management.azure.com/subscriptions/f141e9f2-4778-45a4-9aa0-8b31e6469454/resourceGroups/pwshRggm9tz2/providers/Microsoft.DevCenter/projects/pwshProj3stxlh/pools/ebsz6a/schedules/default?api-version=2024-05-01-preview+6": {
    "Request": {
      "Method": "GET",
      "RequestUri": "https://management.azure.com/subscriptions/f141e9f2-4778-45a4-9aa0-8b31e6469454/resourceGroups/pwshRggm9tz2/providers/Microsoft.DevCenter/projects/pwshProj3stxlh/pools/ebsz6a/schedules/default?api-version=2024-05-01-preview",
      "Content": null,
      "isContentBase64": false,
      "Headers": {
        "Authorization": [ "[Filtered]" ],
        "x-ms-unique-id": [ "519" ],
        "x-ms-client-request-id": [ "16e468c1-aac4-4e99-8dfb-4dbeb8447619" ],
        "CommandName": [ "Az.DevCenter.internal\\New-AzDevCenterAdminSchedule" ],
        "FullCommandName": [ "New-AzDevCenterAdminSchedule_CreateExpanded" ],
        "ParameterSetName": [ "__AllParameterSets" ],
        "User-Agent": [ "AzurePowershell/v9.4.0", "PSVersion/v7.2.11", "Az.DevCenter/0.1.0" ]
      },
      "ContentHeaders": {
      }
    },
    "Response": {
      "StatusCode": 200,
      "Headers": {
        "Cache-Control": [ "no-cache" ],
        "Pragma": [ "no-cache" ],
        "ETag": [ "\"6b00d1e2-0000-0a00-0000-6494fc580000\"" ],
        "x-ms-ratelimit-remaining-subscription-reads": [ "11808" ],
        "x-ms-providerhub-traffic": [ "True" ],
        "x-ms-request-id": [ "5060536b-b8d4-4053-9d07-f2105b8d79a4" ],
        "x-ms-correlation-request-id": [ "ae3b5395-acc2-4286-a7b4-9282c87a8c3b" ],
        "x-ms-routing-request-id": [ "WESTUS:20230623T015912Z:ae3b5395-acc2-4286-a7b4-9282c87a8c3b" ],
        "Strict-Transport-Security": [ "max-age=31536000; includeSubDomains" ],
        "X-Content-Type-Options": [ "nosniff" ],
        "Date": [ "Fri, 23 Jun 2023 01:59:11 GMT" ]
      },
      "ContentHeaders": {
        "Content-Length": [ "625" ],
        "Content-Type": [ "application/json; charset=utf-8" ],
        "Expires": [ "-1" ]
      },
      "Content": "{\"id\":\"/subscriptions/f141e9f2-4778-45a4-9aa0-8b31e6469454/resourceGroups/pwshRggm9tz2/providers/microsoft.devcenter/projects/pwshProj3stxlh/pools/ebsz6a/schedules/default\",\"name\":\"default\",\"type\":\"microsoft.devcenter/projects/pools/schedules\",\"systemData\":{\"createdBy\":\"amlim@microsoft.com\",\"createdByType\":\"User\",\"createdAt\":\"2023-06-23T00:08:43.9964277Z\",\"lastModifiedBy\":\"amlim@microsoft.com\",\"lastModifiedByType\":\"User\",\"lastModifiedAt\":\"2023-06-23T01:57:10.6451005Z\"},\"properties\":{\"provisioningState\":\"Succeeded\",\"type\":\"StopDevBox\",\"frequency\":\"Daily\",\"time\":\"17:30\",\"timeZone\":\"America/New_York\",\"state\":\"Disabled\"}}",
      "isContentBase64": false
    }
  },
  "Update-AzDevCenterAdminSchedule+[NoContext]+Update+$PUT+https://management.azure.com/subscriptions/f141e9f2-4778-45a4-9aa0-8b31e6469454/resourceGroups/pwshRggm9tz2/providers/Microsoft.DevCenter/projects/pwshProj3stxlh/pools/ebsz6a/schedules/default?api-version=2024-05-01-preview+1": {
    "Request": {
      "Method": "PUT",
      "RequestUri": "https://management.azure.com/subscriptions/f141e9f2-4778-45a4-9aa0-8b31e6469454/resourceGroups/pwshRggm9tz2/providers/Microsoft.DevCenter/projects/pwshProj3stxlh/pools/ebsz6a/schedules/default?api-version=2024-05-01-preview",
      "Content": "{\r\n  \"properties\": {\r\n    \"type\": \"StopDevBox\",\r\n    \"frequency\": \"Daily\",\r\n    \"time\": \"18:30\",\r\n    \"timeZone\": \"America/Los_Angeles\",\r\n    \"state\": \"Enabled\"\r\n  }\r\n}",
      "isContentBase64": false,
      "Headers": {
      },
      "ContentHeaders": {
        "Content-Type": [ "application/json" ],
        "Content-Length": [ "168" ]
      }
    },
    "Response": {
      "StatusCode": 201,
      "Headers": {
        "Cache-Control": [ "no-cache" ],
        "Pragma": [ "no-cache" ],
        "ETag": [ "\"6b0060e3-0000-0a00-0000-6494fc710000\"" ],
        "x-ms-ratelimit-remaining-subscription-writes": [ "1142" ],
        "x-ms-providerhub-traffic": [ "True" ],
        "X-Rate-Limit-Limit": [ "1m" ],
        "X-Rate-Limit-Remaining": [ "299" ],
        "X-Rate-Limit-Reset": [ "2023-06-23T02:00:12.9963451Z" ],
        "Strict-Transport-Security": [ "max-age=31536000; includeSubDomains" ],
        "Azure-AsyncOperation": [ "https://management.azure.com/subscriptions/f141e9f2-4778-45a4-9aa0-8b31e6469454/providers/Microsoft.DevCenter/locations/CANADACENTRAL/operationStatuses/f150da63-258f-49b1-8fb4-21a8b6256cf5*33E29C1BE7853E308C5FECA8135B93FABF3E4E1E6F99E838596EBEBA9E244524?api-version=2024-05-01-preview" ],
        "x-ms-request-id": [ "f150da63-258f-49b1-8fb4-21a8b6256cf5" ],
        "x-ms-correlation-request-id": [ "a65879a6-0034-46cb-ba4a-dc7523304cad" ],
        "x-ms-routing-request-id": [ "WESTUS:20230623T015913Z:a65879a6-0034-46cb-ba4a-dc7523304cad" ],
        "X-Content-Type-Options": [ "nosniff" ],
        "Date": [ "Fri, 23 Jun 2023 01:59:12 GMT" ]
      },
      "ContentHeaders": {
        "Content-Length": [ "626" ],
        "Content-Type": [ "application/json; charset=utf-8" ],
        "Expires": [ "-1" ]
      },
      "Content": "{\"id\":\"/subscriptions/f141e9f2-4778-45a4-9aa0-8b31e6469454/resourceGroups/pwshRggm9tz2/providers/microsoft.devcenter/projects/pwshProj3stxlh/pools/ebsz6a/schedules/default\",\"name\":\"default\",\"type\":\"microsoft.devcenter/projects/pools/schedules\",\"systemData\":{\"createdBy\":\"amlim@microsoft.com\",\"createdByType\":\"User\",\"createdAt\":\"2023-06-23T00:08:43.9964277Z\",\"lastModifiedBy\":\"amlim@microsoft.com\",\"lastModifiedByType\":\"User\",\"lastModifiedAt\":\"2023-06-23T01:59:12.7237414Z\"},\"properties\":{\"provisioningState\":\"Accepted\",\"type\":\"StopDevBox\",\"frequency\":\"Daily\",\"time\":\"18:30\",\"timeZone\":\"America/Los_Angeles\",\"state\":\"Enabled\"}}",
      "isContentBase64": false
    }
  },
  "Update-AzDevCenterAdminSchedule+[NoContext]+Update+$GET+https://management.azure.com/subscriptions/f141e9f2-4778-45a4-9aa0-8b31e6469454/providers/Microsoft.DevCenter/locations/CANADACENTRAL/operationStatuses/f150da63-258f-49b1-8fb4-21a8b6256cf5*33E29C1BE7853E308C5FECA8135B93FABF3E4E1E6F99E838596EBEBA9E244524?api-version=2024-05-01-preview+2": {
    "Request": {
      "Method": "GET",
      "RequestUri": "https://management.azure.com/subscriptions/f141e9f2-4778-45a4-9aa0-8b31e6469454/providers/Microsoft.DevCenter/locations/CANADACENTRAL/operationStatuses/f150da63-258f-49b1-8fb4-21a8b6256cf5*33E29C1BE7853E308C5FECA8135B93FABF3E4E1E6F99E838596EBEBA9E244524?api-version=2024-05-01-preview",
      "Content": null,
      "isContentBase64": false,
      "Headers": {
        "Authorization": [ "[Filtered]" ],
        "x-ms-unique-id": [ "521" ],
        "x-ms-client-request-id": [ "02f4ffaf-2ae4-43ee-bf87-3cc81de9540d" ],
        "CommandName": [ "Az.DevCenter.internal\\New-AzDevCenterAdminSchedule" ],
        "FullCommandName": [ "New-AzDevCenterAdminSchedule_Create" ],
        "ParameterSetName": [ "__AllParameterSets" ],
        "User-Agent": [ "AzurePowershell/v9.4.0", "PSVersion/v7.2.11", "Az.DevCenter/0.1.0" ]
      },
      "ContentHeaders": {
      }
    },
    "Response": {
      "StatusCode": 200,
      "Headers": {
        "Cache-Control": [ "no-cache" ],
        "Pragma": [ "no-cache" ],
        "ETag": [ "\"2100b8c4-0000-0a00-0000-6494fc710000\"" ],
        "x-ms-ratelimit-remaining-subscription-reads": [ "11807" ],
        "x-ms-request-id": [ "da248816-c928-4606-8e3e-4478d126cd97" ],
        "x-ms-correlation-request-id": [ "fa96bf27-dfca-44f1-86bf-6fa48b0c9644" ],
        "x-ms-routing-request-id": [ "WESTUS:20230623T015943Z:fa96bf27-dfca-44f1-86bf-6fa48b0c9644" ],
        "Strict-Transport-Security": [ "max-age=31536000; includeSubDomains" ],
        "X-Content-Type-Options": [ "nosniff" ],
        "Date": [ "Fri, 23 Jun 2023 01:59:43 GMT" ]
      },
      "ContentHeaders": {
        "Content-Length": [ "588" ],
        "Content-Type": [ "application/json; charset=utf-8" ],
        "Expires": [ "-1" ]
      },
      "Content": "{\"id\":\"/subscriptions/f141e9f2-4778-45a4-9aa0-8b31e6469454/providers/Microsoft.DevCenter/locations/CANADACENTRAL/operationStatuses/f150da63-258f-49b1-8fb4-21a8b6256cf5*33E29C1BE7853E308C5FECA8135B93FABF3E4E1E6F99E838596EBEBA9E244524\",\"name\":\"f150da63-258f-49b1-8fb4-21a8b6256cf5*33E29C1BE7853E308C5FECA8135B93FABF3E4E1E6F99E838596EBEBA9E244524\",\"resourceId\":\"/subscriptions/f141e9f2-4778-45a4-9aa0-8b31e6469454/resourceGroups/pwshRggm9tz2/providers/Microsoft.DevCenter/projects/pwshProj3stxlh/pools/ebsz6a/schedules/default\",\"status\":\"Accepted\",\"startTime\":\"2023-06-23T01:59:13.1047608Z\"}",
      "isContentBase64": false
    }
  },
  "Update-AzDevCenterAdminSchedule+[NoContext]+Update+$GET+https://management.azure.com/subscriptions/f141e9f2-4778-45a4-9aa0-8b31e6469454/providers/Microsoft.DevCenter/locations/CANADACENTRAL/operationStatuses/f150da63-258f-49b1-8fb4-21a8b6256cf5*33E29C1BE7853E308C5FECA8135B93FABF3E4E1E6F99E838596EBEBA9E244524?api-version=2024-05-01-preview+3": {
    "Request": {
      "Method": "GET",
      "RequestUri": "https://management.azure.com/subscriptions/f141e9f2-4778-45a4-9aa0-8b31e6469454/providers/Microsoft.DevCenter/locations/CANADACENTRAL/operationStatuses/f150da63-258f-49b1-8fb4-21a8b6256cf5*33E29C1BE7853E308C5FECA8135B93FABF3E4E1E6F99E838596EBEBA9E244524?api-version=2024-05-01-preview",
      "Content": null,
      "isContentBase64": false,
      "Headers": {
        "Authorization": [ "[Filtered]" ],
        "x-ms-unique-id": [ "522" ],
        "x-ms-client-request-id": [ "02f4ffaf-2ae4-43ee-bf87-3cc81de9540d" ],
        "CommandName": [ "Az.DevCenter.internal\\New-AzDevCenterAdminSchedule" ],
        "FullCommandName": [ "New-AzDevCenterAdminSchedule_Create" ],
        "ParameterSetName": [ "__AllParameterSets" ],
        "User-Agent": [ "AzurePowershell/v9.4.0", "PSVersion/v7.2.11", "Az.DevCenter/0.1.0" ]
      },
      "ContentHeaders": {
      }
    },
    "Response": {
      "StatusCode": 200,
      "Headers": {
        "Cache-Control": [ "no-cache" ],
        "Pragma": [ "no-cache" ],
        "ETag": [ "\"2100b8c4-0000-0a00-0000-6494fc710000\"" ],
        "x-ms-ratelimit-remaining-subscription-reads": [ "11823" ],
        "x-ms-request-id": [ "77b4c978-efa0-4db3-97bf-2c325623aa62" ],
        "x-ms-correlation-request-id": [ "d87734e6-0dcc-41eb-aa6d-a5eac7939ca6" ],
        "x-ms-routing-request-id": [ "WESTUS:20230623T020014Z:d87734e6-0dcc-41eb-aa6d-a5eac7939ca6" ],
        "Strict-Transport-Security": [ "max-age=31536000; includeSubDomains" ],
        "X-Content-Type-Options": [ "nosniff" ],
        "Date": [ "Fri, 23 Jun 2023 02:00:13 GMT" ]
      },
      "ContentHeaders": {
        "Content-Length": [ "588" ],
        "Content-Type": [ "application/json; charset=utf-8" ],
        "Expires": [ "-1" ]
      },
      "Content": "{\"id\":\"/subscriptions/f141e9f2-4778-45a4-9aa0-8b31e6469454/providers/Microsoft.DevCenter/locations/CANADACENTRAL/operationStatuses/f150da63-258f-49b1-8fb4-21a8b6256cf5*33E29C1BE7853E308C5FECA8135B93FABF3E4E1E6F99E838596EBEBA9E244524\",\"name\":\"f150da63-258f-49b1-8fb4-21a8b6256cf5*33E29C1BE7853E308C5FECA8135B93FABF3E4E1E6F99E838596EBEBA9E244524\",\"resourceId\":\"/subscriptions/f141e9f2-4778-45a4-9aa0-8b31e6469454/resourceGroups/pwshRggm9tz2/providers/Microsoft.DevCenter/projects/pwshProj3stxlh/pools/ebsz6a/schedules/default\",\"status\":\"Accepted\",\"startTime\":\"2023-06-23T01:59:13.1047608Z\"}",
      "isContentBase64": false
    }
  },
  "Update-AzDevCenterAdminSchedule+[NoContext]+Update+$GET+https://management.azure.com/subscriptions/f141e9f2-4778-45a4-9aa0-8b31e6469454/providers/Microsoft.DevCenter/locations/CANADACENTRAL/operationStatuses/f150da63-258f-49b1-8fb4-21a8b6256cf5*33E29C1BE7853E308C5FECA8135B93FABF3E4E1E6F99E838596EBEBA9E244524?api-version=2024-05-01-preview+4": {
    "Request": {
      "Method": "GET",
      "RequestUri": "https://management.azure.com/subscriptions/f141e9f2-4778-45a4-9aa0-8b31e6469454/providers/Microsoft.DevCenter/locations/CANADACENTRAL/operationStatuses/f150da63-258f-49b1-8fb4-21a8b6256cf5*33E29C1BE7853E308C5FECA8135B93FABF3E4E1E6F99E838596EBEBA9E244524?api-version=2024-05-01-preview",
      "Content": null,
      "isContentBase64": false,
      "Headers": {
        "Authorization": [ "[Filtered]" ],
        "x-ms-unique-id": [ "523" ],
        "x-ms-client-request-id": [ "02f4ffaf-2ae4-43ee-bf87-3cc81de9540d" ],
        "CommandName": [ "Az.DevCenter.internal\\New-AzDevCenterAdminSchedule" ],
        "FullCommandName": [ "New-AzDevCenterAdminSchedule_Create" ],
        "ParameterSetName": [ "__AllParameterSets" ],
        "User-Agent": [ "AzurePowershell/v9.4.0", "PSVersion/v7.2.11", "Az.DevCenter/0.1.0" ]
      },
      "ContentHeaders": {
      }
    },
    "Response": {
      "StatusCode": 200,
      "Headers": {
        "Cache-Control": [ "no-cache" ],
        "Pragma": [ "no-cache" ],
        "ETag": [ "\"2100b8c4-0000-0a00-0000-6494fc710000\"" ],
        "x-ms-ratelimit-remaining-subscription-reads": [ "11822" ],
        "x-ms-request-id": [ "6660b918-adac-4948-a710-df3d2ec01a47" ],
        "x-ms-correlation-request-id": [ "79063c40-3496-4cfc-9a43-60bc6f78316b" ],
        "x-ms-routing-request-id": [ "WESTUS:20230623T020044Z:79063c40-3496-4cfc-9a43-60bc6f78316b" ],
        "Strict-Transport-Security": [ "max-age=31536000; includeSubDomains" ],
        "X-Content-Type-Options": [ "nosniff" ],
        "Date": [ "Fri, 23 Jun 2023 02:00:43 GMT" ]
      },
      "ContentHeaders": {
        "Content-Length": [ "588" ],
        "Content-Type": [ "application/json; charset=utf-8" ],
        "Expires": [ "-1" ]
      },
      "Content": "{\"id\":\"/subscriptions/f141e9f2-4778-45a4-9aa0-8b31e6469454/providers/Microsoft.DevCenter/locations/CANADACENTRAL/operationStatuses/f150da63-258f-49b1-8fb4-21a8b6256cf5*33E29C1BE7853E308C5FECA8135B93FABF3E4E1E6F99E838596EBEBA9E244524\",\"name\":\"f150da63-258f-49b1-8fb4-21a8b6256cf5*33E29C1BE7853E308C5FECA8135B93FABF3E4E1E6F99E838596EBEBA9E244524\",\"resourceId\":\"/subscriptions/f141e9f2-4778-45a4-9aa0-8b31e6469454/resourceGroups/pwshRggm9tz2/providers/Microsoft.DevCenter/projects/pwshProj3stxlh/pools/ebsz6a/schedules/default\",\"status\":\"Accepted\",\"startTime\":\"2023-06-23T01:59:13.1047608Z\"}",
      "isContentBase64": false
    }
  },
  "Update-AzDevCenterAdminSchedule+[NoContext]+Update+$GET+https://management.azure.com/subscriptions/f141e9f2-4778-45a4-9aa0-8b31e6469454/providers/Microsoft.DevCenter/locations/CANADACENTRAL/operationStatuses/f150da63-258f-49b1-8fb4-21a8b6256cf5*33E29C1BE7853E308C5FECA8135B93FABF3E4E1E6F99E838596EBEBA9E244524?api-version=2024-05-01-preview+5": {
    "Request": {
      "Method": "GET",
      "RequestUri": "https://management.azure.com/subscriptions/f141e9f2-4778-45a4-9aa0-8b31e6469454/providers/Microsoft.DevCenter/locations/CANADACENTRAL/operationStatuses/f150da63-258f-49b1-8fb4-21a8b6256cf5*33E29C1BE7853E308C5FECA8135B93FABF3E4E1E6F99E838596EBEBA9E244524?api-version=2024-05-01-preview",
      "Content": null,
      "isContentBase64": false,
      "Headers": {
        "Authorization": [ "[Filtered]" ],
        "x-ms-unique-id": [ "524" ],
        "x-ms-client-request-id": [ "02f4ffaf-2ae4-43ee-bf87-3cc81de9540d" ],
        "CommandName": [ "Az.DevCenter.internal\\New-AzDevCenterAdminSchedule" ],
        "FullCommandName": [ "New-AzDevCenterAdminSchedule_Create" ],
        "ParameterSetName": [ "__AllParameterSets" ],
        "User-Agent": [ "AzurePowershell/v9.4.0", "PSVersion/v7.2.11", "Az.DevCenter/0.1.0" ]
      },
      "ContentHeaders": {
      }
    },
    "Response": {
      "StatusCode": 200,
      "Headers": {
        "Cache-Control": [ "no-cache" ],
        "Pragma": [ "no-cache" ],
        "ETag": [ "\"210030c6-0000-0a00-0000-6494fce80000\"" ],
        "x-ms-ratelimit-remaining-subscription-reads": [ "11821" ],
        "x-ms-request-id": [ "7a5f99ce-8be1-481f-905c-e733b539f525" ],
        "x-ms-correlation-request-id": [ "87d3e441-e5c5-4e7f-aa34-e3b22a2289ba" ],
        "x-ms-routing-request-id": [ "WESTUS:20230623T020114Z:87d3e441-e5c5-4e7f-aa34-e3b22a2289ba" ],
        "Strict-Transport-Security": [ "max-age=31536000; includeSubDomains" ],
        "X-Content-Type-Options": [ "nosniff" ],
        "Date": [ "Fri, 23 Jun 2023 02:01:14 GMT" ]
      },
      "ContentHeaders": {
        "Content-Length": [ "648" ],
        "Content-Type": [ "application/json; charset=utf-8" ],
        "Expires": [ "-1" ]
      },
      "Content": "{\"id\":\"/subscriptions/f141e9f2-4778-45a4-9aa0-8b31e6469454/providers/Microsoft.DevCenter/locations/CANADACENTRAL/operationStatuses/f150da63-258f-49b1-8fb4-21a8b6256cf5*33E29C1BE7853E308C5FECA8135B93FABF3E4E1E6F99E838596EBEBA9E244524\",\"name\":\"f150da63-258f-49b1-8fb4-21a8b6256cf5*33E29C1BE7853E308C5FECA8135B93FABF3E4E1E6F99E838596EBEBA9E244524\",\"resourceId\":\"/subscriptions/f141e9f2-4778-45a4-9aa0-8b31e6469454/resourceGroups/pwshRggm9tz2/providers/Microsoft.DevCenter/projects/pwshProj3stxlh/pools/ebsz6a/schedules/default\",\"status\":\"Succeeded\",\"startTime\":\"2023-06-23T01:59:13.1047608Z\",\"endTime\":\"2023-06-23T02:01:12.7971842Z\",\"properties\":null}",
      "isContentBase64": false
    }
  },
  "Update-AzDevCenterAdminSchedule+[NoContext]+Update+$GET+https://management.azure.com/subscriptions/f141e9f2-4778-45a4-9aa0-8b31e6469454/resourceGroups/pwshRggm9tz2/providers/Microsoft.DevCenter/projects/pwshProj3stxlh/pools/ebsz6a/schedules/default?api-version=2024-05-01-preview+6": {
    "Request": {
      "Method": "GET",
      "RequestUri": "https://management.azure.com/subscriptions/f141e9f2-4778-45a4-9aa0-8b31e6469454/resourceGroups/pwshRggm9tz2/providers/Microsoft.DevCenter/projects/pwshProj3stxlh/pools/ebsz6a/schedules/default?api-version=2024-05-01-preview",
      "Content": null,
      "isContentBase64": false,
      "Headers": {
        "Authorization": [ "[Filtered]" ],
        "x-ms-unique-id": [ "525" ],
        "x-ms-client-request-id": [ "02f4ffaf-2ae4-43ee-bf87-3cc81de9540d" ],
        "CommandName": [ "Az.DevCenter.internal\\New-AzDevCenterAdminSchedule" ],
        "FullCommandName": [ "New-AzDevCenterAdminSchedule_Create" ],
        "ParameterSetName": [ "__AllParameterSets" ],
        "User-Agent": [ "AzurePowershell/v9.4.0", "PSVersion/v7.2.11", "Az.DevCenter/0.1.0" ]
      },
      "ContentHeaders": {
      }
    },
    "Response": {
      "StatusCode": 200,
      "Headers": {
        "Cache-Control": [ "no-cache" ],
        "Pragma": [ "no-cache" ],
        "ETag": [ "\"6b0040e6-0000-0a00-0000-6494fce90000\"" ],
        "x-ms-ratelimit-remaining-subscription-reads": [ "11820" ],
        "x-ms-providerhub-traffic": [ "True" ],
        "x-ms-request-id": [ "36938290-b8f8-42d3-bd14-54a9f3114b3a" ],
        "x-ms-correlation-request-id": [ "766409f9-54ea-43f3-a90b-bfbaa9900820" ],
        "x-ms-routing-request-id": [ "WESTUS:20230623T020114Z:766409f9-54ea-43f3-a90b-bfbaa9900820" ],
        "Strict-Transport-Security": [ "max-age=31536000; includeSubDomains" ],
        "X-Content-Type-Options": [ "nosniff" ],
        "Date": [ "Fri, 23 Jun 2023 02:01:14 GMT" ]
      },
      "ContentHeaders": {
        "Content-Length": [ "627" ],
        "Content-Type": [ "application/json; charset=utf-8" ],
        "Expires": [ "-1" ]
      },
      "Content": "{\"id\":\"/subscriptions/f141e9f2-4778-45a4-9aa0-8b31e6469454/resourceGroups/pwshRggm9tz2/providers/microsoft.devcenter/projects/pwshProj3stxlh/pools/ebsz6a/schedules/default\",\"name\":\"default\",\"type\":\"microsoft.devcenter/projects/pools/schedules\",\"systemData\":{\"createdBy\":\"amlim@microsoft.com\",\"createdByType\":\"User\",\"createdAt\":\"2023-06-23T00:08:43.9964277Z\",\"lastModifiedBy\":\"amlim@microsoft.com\",\"lastModifiedByType\":\"User\",\"lastModifiedAt\":\"2023-06-23T01:59:12.7237414Z\"},\"properties\":{\"provisioningState\":\"Succeeded\",\"type\":\"StopDevBox\",\"frequency\":\"Daily\",\"time\":\"18:30\",\"timeZone\":\"America/Los_Angeles\",\"state\":\"Enabled\"}}",
      "isContentBase64": false
    }
  },
  "Update-AzDevCenterAdminSchedule+[NoContext]+UpdateViaIdentityExpanded+$GET+https://management.azure.com/subscriptions/f141e9f2-4778-45a4-9aa0-8b31e6469454/resourceGroups/pwshRggm9tz2/providers/Microsoft.DevCenter/projects/pwshProj3stxlh/pools/ebsz6a/schedules/default?api-version=2024-05-01-preview+1": {
    "Request": {
      "Method": "GET",
      "RequestUri": "https://management.azure.com/subscriptions/f141e9f2-4778-45a4-9aa0-8b31e6469454/resourceGroups/pwshRggm9tz2/providers/Microsoft.DevCenter/projects/pwshProj3stxlh/pools/ebsz6a/schedules/default?api-version=2024-05-01-preview",
      "Content": null,
      "isContentBase64": false,
      "Headers": {
        "x-ms-unique-id": [ "526" ],
        "x-ms-client-request-id": [ "d22d1761-903a-477f-8ada-9510aa235c9c" ],
        "CommandName": [ "Az.DevCenter.internal\\Get-AzDevCenterAdminSchedule" ],
        "FullCommandName": [ "Get-AzDevCenterAdminSchedule_Get" ],
        "ParameterSetName": [ "__AllParameterSets" ],
        "User-Agent": [ "AzurePowershell/v9.4.0", "PSVersion/v7.2.11", "Az.DevCenter/0.1.0" ],
        "Authorization": [ "[Filtered]" ]
      },
      "ContentHeaders": {
      }
    },
    "Response": {
      "StatusCode": 200,
      "Headers": {
        "Cache-Control": [ "no-cache" ],
        "Pragma": [ "no-cache" ],
        "ETag": [ "\"6b0040e6-0000-0a00-0000-6494fce90000\"" ],
        "x-ms-ratelimit-remaining-subscription-reads": [ "11819" ],
        "x-ms-providerhub-traffic": [ "True" ],
        "x-ms-request-id": [ "bda3b513-5f73-4672-80bf-aa2a194a3008" ],
        "x-ms-correlation-request-id": [ "c158f85d-e3ea-41e2-a559-c6bcf8b8efb3" ],
        "x-ms-routing-request-id": [ "WESTUS:20230623T020115Z:c158f85d-e3ea-41e2-a559-c6bcf8b8efb3" ],
        "Strict-Transport-Security": [ "max-age=31536000; includeSubDomains" ],
        "X-Content-Type-Options": [ "nosniff" ],
        "Date": [ "Fri, 23 Jun 2023 02:01:14 GMT" ]
      },
      "ContentHeaders": {
        "Content-Length": [ "627" ],
        "Content-Type": [ "application/json; charset=utf-8" ],
        "Expires": [ "-1" ]
      },
      "Content": "{\"id\":\"/subscriptions/f141e9f2-4778-45a4-9aa0-8b31e6469454/resourceGroups/pwshRggm9tz2/providers/microsoft.devcenter/projects/pwshProj3stxlh/pools/ebsz6a/schedules/default\",\"name\":\"default\",\"type\":\"microsoft.devcenter/projects/pools/schedules\",\"systemData\":{\"createdBy\":\"amlim@microsoft.com\",\"createdByType\":\"User\",\"createdAt\":\"2023-06-23T00:08:43.9964277Z\",\"lastModifiedBy\":\"amlim@microsoft.com\",\"lastModifiedByType\":\"User\",\"lastModifiedAt\":\"2023-06-23T01:59:12.7237414Z\"},\"properties\":{\"provisioningState\":\"Succeeded\",\"type\":\"StopDevBox\",\"frequency\":\"Daily\",\"time\":\"18:30\",\"timeZone\":\"America/Los_Angeles\",\"state\":\"Enabled\"}}",
      "isContentBase64": false
    }
  },
  "Update-AzDevCenterAdminSchedule+[NoContext]+UpdateViaIdentityExpanded+$PUT+https://management.azure.com/subscriptions/f141e9f2-4778-45a4-9aa0-8b31e6469454/resourceGroups/pwshRggm9tz2/providers/Microsoft.DevCenter/projects/pwshProj3stxlh/pools/ebsz6a/schedules/default?api-version=2024-05-01-preview+2": {
    "Request": {
      "Method": "PUT",
      "RequestUri": "https://management.azure.com/subscriptions/f141e9f2-4778-45a4-9aa0-8b31e6469454/resourceGroups/pwshRggm9tz2/providers/Microsoft.DevCenter/projects/pwshProj3stxlh/pools/ebsz6a/schedules/default?api-version=2024-05-01-preview",
      "Content": "{\r\n  \"properties\": {\r\n    \"type\": \"StopDevBox\",\r\n    \"frequency\": \"Daily\",\r\n    \"time\": \"17:30\",\r\n    \"timeZone\": \"America/New_York\",\r\n    \"state\": \"Disabled\"\r\n  }\r\n}",
      "isContentBase64": false,
      "Headers": {
      },
      "ContentHeaders": {
        "Content-Type": [ "application/json" ],
        "Content-Length": [ "166" ]
      }
    },
    "Response": {
      "StatusCode": 201,
      "Headers": {
        "Cache-Control": [ "no-cache" ],
        "Pragma": [ "no-cache" ],
        "ETag": [ "\"6b0055e6-0000-0a00-0000-6494fcee0000\"" ],
        "x-ms-ratelimit-remaining-subscription-writes": [ "1147" ],
        "x-ms-providerhub-traffic": [ "True" ],
        "X-Rate-Limit-Limit": [ "1m" ],
        "X-Rate-Limit-Remaining": [ "299" ],
        "X-Rate-Limit-Reset": [ "2023-06-23T02:02:15.3764089Z" ],
        "Strict-Transport-Security": [ "max-age=31536000; includeSubDomains" ],
        "Azure-AsyncOperation": [ "https://management.azure.com/subscriptions/f141e9f2-4778-45a4-9aa0-8b31e6469454/providers/Microsoft.DevCenter/locations/CANADACENTRAL/operationStatuses/b1c9e77f-9022-45f0-94d2-5b623bb7ac5b*33E29C1BE7853E308C5FECA8135B93FABF3E4E1E6F99E838596EBEBA9E244524?api-version=2024-05-01-preview" ],
        "x-ms-request-id": [ "b1c9e77f-9022-45f0-94d2-5b623bb7ac5b" ],
        "x-ms-correlation-request-id": [ "c05d9a5d-dbf0-4d69-9627-911f41970726" ],
        "x-ms-routing-request-id": [ "WESTUS:20230623T020118Z:c05d9a5d-dbf0-4d69-9627-911f41970726" ],
        "X-Content-Type-Options": [ "nosniff" ],
        "Date": [ "Fri, 23 Jun 2023 02:01:18 GMT" ]
      },
      "ContentHeaders": {
        "Content-Length": [ "624" ],
        "Content-Type": [ "application/json; charset=utf-8" ],
        "Expires": [ "-1" ]
      },
      "Content": "{\"id\":\"/subscriptions/f141e9f2-4778-45a4-9aa0-8b31e6469454/resourceGroups/pwshRggm9tz2/providers/microsoft.devcenter/projects/pwshProj3stxlh/pools/ebsz6a/schedules/default\",\"name\":\"default\",\"type\":\"microsoft.devcenter/projects/pools/schedules\",\"systemData\":{\"createdBy\":\"amlim@microsoft.com\",\"createdByType\":\"User\",\"createdAt\":\"2023-06-23T00:08:43.9964277Z\",\"lastModifiedBy\":\"amlim@microsoft.com\",\"lastModifiedByType\":\"User\",\"lastModifiedAt\":\"2023-06-23T02:01:15.0836179Z\"},\"properties\":{\"provisioningState\":\"Accepted\",\"type\":\"StopDevBox\",\"frequency\":\"Daily\",\"time\":\"17:30\",\"timeZone\":\"America/New_York\",\"state\":\"Disabled\"}}",
      "isContentBase64": false
    }
  },
  "Update-AzDevCenterAdminSchedule+[NoContext]+UpdateViaIdentityExpanded+$GET+https://management.azure.com/subscriptions/f141e9f2-4778-45a4-9aa0-8b31e6469454/providers/Microsoft.DevCenter/locations/CANADACENTRAL/operationStatuses/b1c9e77f-9022-45f0-94d2-5b623bb7ac5b*33E29C1BE7853E308C5FECA8135B93FABF3E4E1E6F99E838596EBEBA9E244524?api-version=2024-05-01-preview+3": {
    "Request": {
      "Method": "GET",
      "RequestUri": "https://management.azure.com/subscriptions/f141e9f2-4778-45a4-9aa0-8b31e6469454/providers/Microsoft.DevCenter/locations/CANADACENTRAL/operationStatuses/b1c9e77f-9022-45f0-94d2-5b623bb7ac5b*33E29C1BE7853E308C5FECA8135B93FABF3E4E1E6F99E838596EBEBA9E244524?api-version=2024-05-01-preview",
      "Content": null,
      "isContentBase64": false,
      "Headers": {
        "Authorization": [ "[Filtered]" ],
        "x-ms-unique-id": [ "528" ],
        "x-ms-client-request-id": [ "845b806e-d52f-4e78-be4d-1b1f741bf930" ],
        "CommandName": [ "Az.DevCenter.internal\\New-AzDevCenterAdminSchedule" ],
        "FullCommandName": [ "New-AzDevCenterAdminSchedule_CreateViaIdentityExpanded" ],
        "ParameterSetName": [ "__AllParameterSets" ],
        "User-Agent": [ "AzurePowershell/v9.4.0", "PSVersion/v7.2.11", "Az.DevCenter/0.1.0" ]
      },
      "ContentHeaders": {
      }
    },
    "Response": {
      "StatusCode": 200,
      "Headers": {
        "Cache-Control": [ "no-cache" ],
        "Pragma": [ "no-cache" ],
        "ETag": [ "\"210038c6-0000-0a00-0000-6494fceb0000\"" ],
        "x-ms-ratelimit-remaining-subscription-reads": [ "11818" ],
        "x-ms-routing-request-id": [ "WESTUS:20230623T020148Z:3414dd37-bc64-4200-acfd-a53e837d355f" ],
        "x-ms-request-id": [ "edb12d9f-3e92-4146-8eaa-fec5509f3226" ],
        "x-ms-correlation-request-id": [ "3414dd37-bc64-4200-acfd-a53e837d355f" ],
        "Strict-Transport-Security": [ "max-age=31536000; includeSubDomains" ],
        "X-Content-Type-Options": [ "nosniff" ],
        "Date": [ "Fri, 23 Jun 2023 02:01:48 GMT" ]
      },
      "ContentHeaders": {
        "Content-Length": [ "588" ],
        "Content-Type": [ "application/json; charset=utf-8" ],
        "Expires": [ "-1" ]
      },
      "Content": "{\"id\":\"/subscriptions/f141e9f2-4778-45a4-9aa0-8b31e6469454/providers/Microsoft.DevCenter/locations/CANADACENTRAL/operationStatuses/b1c9e77f-9022-45f0-94d2-5b623bb7ac5b*33E29C1BE7853E308C5FECA8135B93FABF3E4E1E6F99E838596EBEBA9E244524\",\"name\":\"b1c9e77f-9022-45f0-94d2-5b623bb7ac5b*33E29C1BE7853E308C5FECA8135B93FABF3E4E1E6F99E838596EBEBA9E244524\",\"resourceId\":\"/subscriptions/f141e9f2-4778-45a4-9aa0-8b31e6469454/resourceGroups/pwshRggm9tz2/providers/Microsoft.DevCenter/projects/pwshProj3stxlh/pools/ebsz6a/schedules/default\",\"status\":\"Accepted\",\"startTime\":\"2023-06-23T02:01:15.5053788Z\"}",
      "isContentBase64": false
    }
  },
  "Update-AzDevCenterAdminSchedule+[NoContext]+UpdateViaIdentityExpanded+$GET+https://management.azure.com/subscriptions/f141e9f2-4778-45a4-9aa0-8b31e6469454/providers/Microsoft.DevCenter/locations/CANADACENTRAL/operationStatuses/b1c9e77f-9022-45f0-94d2-5b623bb7ac5b*33E29C1BE7853E308C5FECA8135B93FABF3E4E1E6F99E838596EBEBA9E244524?api-version=2024-05-01-preview+4": {
    "Request": {
      "Method": "GET",
      "RequestUri": "https://management.azure.com/subscriptions/f141e9f2-4778-45a4-9aa0-8b31e6469454/providers/Microsoft.DevCenter/locations/CANADACENTRAL/operationStatuses/b1c9e77f-9022-45f0-94d2-5b623bb7ac5b*33E29C1BE7853E308C5FECA8135B93FABF3E4E1E6F99E838596EBEBA9E244524?api-version=2024-05-01-preview",
      "Content": null,
      "isContentBase64": false,
      "Headers": {
        "Authorization": [ "[Filtered]" ],
        "x-ms-unique-id": [ "529" ],
        "x-ms-client-request-id": [ "845b806e-d52f-4e78-be4d-1b1f741bf930" ],
        "CommandName": [ "Az.DevCenter.internal\\New-AzDevCenterAdminSchedule" ],
        "FullCommandName": [ "New-AzDevCenterAdminSchedule_CreateViaIdentityExpanded" ],
        "ParameterSetName": [ "__AllParameterSets" ],
        "User-Agent": [ "AzurePowershell/v9.4.0", "PSVersion/v7.2.11", "Az.DevCenter/0.1.0" ]
      },
      "ContentHeaders": {
      }
    },
    "Response": {
      "StatusCode": 200,
      "Headers": {
        "Cache-Control": [ "no-cache" ],
        "Pragma": [ "no-cache" ],
        "ETag": [ "\"210038c6-0000-0a00-0000-6494fceb0000\"" ],
        "x-ms-ratelimit-remaining-subscription-reads": [ "11817" ],
        "x-ms-request-id": [ "2c7d5cde-b225-47a0-a961-08a09371216d" ],
        "x-ms-correlation-request-id": [ "2cd160d8-6862-4bb6-8d3b-8d3b0588fb2c" ],
        "x-ms-routing-request-id": [ "WESTUS:20230623T020218Z:2cd160d8-6862-4bb6-8d3b-8d3b0588fb2c" ],
        "Strict-Transport-Security": [ "max-age=31536000; includeSubDomains" ],
        "X-Content-Type-Options": [ "nosniff" ],
        "Date": [ "Fri, 23 Jun 2023 02:02:18 GMT" ]
      },
      "ContentHeaders": {
        "Content-Length": [ "588" ],
        "Content-Type": [ "application/json; charset=utf-8" ],
        "Expires": [ "-1" ]
      },
      "Content": "{\"id\":\"/subscriptions/f141e9f2-4778-45a4-9aa0-8b31e6469454/providers/Microsoft.DevCenter/locations/CANADACENTRAL/operationStatuses/b1c9e77f-9022-45f0-94d2-5b623bb7ac5b*33E29C1BE7853E308C5FECA8135B93FABF3E4E1E6F99E838596EBEBA9E244524\",\"name\":\"b1c9e77f-9022-45f0-94d2-5b623bb7ac5b*33E29C1BE7853E308C5FECA8135B93FABF3E4E1E6F99E838596EBEBA9E244524\",\"resourceId\":\"/subscriptions/f141e9f2-4778-45a4-9aa0-8b31e6469454/resourceGroups/pwshRggm9tz2/providers/Microsoft.DevCenter/projects/pwshProj3stxlh/pools/ebsz6a/schedules/default\",\"status\":\"Accepted\",\"startTime\":\"2023-06-23T02:01:15.5053788Z\"}",
      "isContentBase64": false
    }
  },
  "Update-AzDevCenterAdminSchedule+[NoContext]+UpdateViaIdentityExpanded+$GET+https://management.azure.com/subscriptions/f141e9f2-4778-45a4-9aa0-8b31e6469454/providers/Microsoft.DevCenter/locations/CANADACENTRAL/operationStatuses/b1c9e77f-9022-45f0-94d2-5b623bb7ac5b*33E29C1BE7853E308C5FECA8135B93FABF3E4E1E6F99E838596EBEBA9E244524?api-version=2024-05-01-preview+5": {
    "Request": {
      "Method": "GET",
      "RequestUri": "https://management.azure.com/subscriptions/f141e9f2-4778-45a4-9aa0-8b31e6469454/providers/Microsoft.DevCenter/locations/CANADACENTRAL/operationStatuses/b1c9e77f-9022-45f0-94d2-5b623bb7ac5b*33E29C1BE7853E308C5FECA8135B93FABF3E4E1E6F99E838596EBEBA9E244524?api-version=2024-05-01-preview",
      "Content": null,
      "isContentBase64": false,
      "Headers": {
        "Authorization": [ "[Filtered]" ],
        "x-ms-unique-id": [ "530" ],
        "x-ms-client-request-id": [ "845b806e-d52f-4e78-be4d-1b1f741bf930" ],
        "CommandName": [ "Az.DevCenter.internal\\New-AzDevCenterAdminSchedule" ],
        "FullCommandName": [ "New-AzDevCenterAdminSchedule_CreateViaIdentityExpanded" ],
        "ParameterSetName": [ "__AllParameterSets" ],
        "User-Agent": [ "AzurePowershell/v9.4.0", "PSVersion/v7.2.11", "Az.DevCenter/0.1.0" ]
      },
      "ContentHeaders": {
      }
    },
    "Response": {
      "StatusCode": 200,
      "Headers": {
        "Cache-Control": [ "no-cache" ],
        "Pragma": [ "no-cache" ],
        "ETag": [ "\"210038c6-0000-0a00-0000-6494fceb0000\"" ],
        "x-ms-ratelimit-remaining-subscription-reads": [ "11816" ],
        "x-ms-request-id": [ "e893fcc4-41f7-4582-9aa1-c6da127bb67f" ],
        "x-ms-correlation-request-id": [ "7ac21701-945a-4d73-af96-47a69c9b96dc" ],
        "x-ms-routing-request-id": [ "WESTUS:20230623T020249Z:7ac21701-945a-4d73-af96-47a69c9b96dc" ],
        "Strict-Transport-Security": [ "max-age=31536000; includeSubDomains" ],
        "X-Content-Type-Options": [ "nosniff" ],
        "Date": [ "Fri, 23 Jun 2023 02:02:48 GMT" ]
      },
      "ContentHeaders": {
        "Content-Length": [ "588" ],
        "Content-Type": [ "application/json; charset=utf-8" ],
        "Expires": [ "-1" ]
      },
      "Content": "{\"id\":\"/subscriptions/f141e9f2-4778-45a4-9aa0-8b31e6469454/providers/Microsoft.DevCenter/locations/CANADACENTRAL/operationStatuses/b1c9e77f-9022-45f0-94d2-5b623bb7ac5b*33E29C1BE7853E308C5FECA8135B93FABF3E4E1E6F99E838596EBEBA9E244524\",\"name\":\"b1c9e77f-9022-45f0-94d2-5b623bb7ac5b*33E29C1BE7853E308C5FECA8135B93FABF3E4E1E6F99E838596EBEBA9E244524\",\"resourceId\":\"/subscriptions/f141e9f2-4778-45a4-9aa0-8b31e6469454/resourceGroups/pwshRggm9tz2/providers/Microsoft.DevCenter/projects/pwshProj3stxlh/pools/ebsz6a/schedules/default\",\"status\":\"Accepted\",\"startTime\":\"2023-06-23T02:01:15.5053788Z\"}",
      "isContentBase64": false
    }
  },
  "Update-AzDevCenterAdminSchedule+[NoContext]+UpdateViaIdentityExpanded+$GET+https://management.azure.com/subscriptions/f141e9f2-4778-45a4-9aa0-8b31e6469454/providers/Microsoft.DevCenter/locations/CANADACENTRAL/operationStatuses/b1c9e77f-9022-45f0-94d2-5b623bb7ac5b*33E29C1BE7853E308C5FECA8135B93FABF3E4E1E6F99E838596EBEBA9E244524?api-version=2024-05-01-preview+6": {
    "Request": {
      "Method": "GET",
      "RequestUri": "https://management.azure.com/subscriptions/f141e9f2-4778-45a4-9aa0-8b31e6469454/providers/Microsoft.DevCenter/locations/CANADACENTRAL/operationStatuses/b1c9e77f-9022-45f0-94d2-5b623bb7ac5b*33E29C1BE7853E308C5FECA8135B93FABF3E4E1E6F99E838596EBEBA9E244524?api-version=2024-05-01-preview",
      "Content": null,
      "isContentBase64": false,
      "Headers": {
        "Authorization": [ "[Filtered]" ],
        "x-ms-unique-id": [ "531" ],
        "x-ms-client-request-id": [ "845b806e-d52f-4e78-be4d-1b1f741bf930" ],
        "CommandName": [ "Az.DevCenter.internal\\New-AzDevCenterAdminSchedule" ],
        "FullCommandName": [ "New-AzDevCenterAdminSchedule_CreateViaIdentityExpanded" ],
        "ParameterSetName": [ "__AllParameterSets" ],
        "User-Agent": [ "AzurePowershell/v9.4.0", "PSVersion/v7.2.11", "Az.DevCenter/0.1.0" ]
      },
      "ContentHeaders": {
      }
    },
    "Response": {
      "StatusCode": 200,
      "Headers": {
        "Cache-Control": [ "no-cache" ],
        "Pragma": [ "no-cache" ],
        "ETag": [ "\"210050c7-0000-0a00-0000-6494fd5d0000\"" ],
        "x-ms-ratelimit-remaining-subscription-reads": [ "11815" ],
        "x-ms-request-id": [ "cbffdc03-5b24-4d69-95f0-8676e4789e9e" ],
        "x-ms-correlation-request-id": [ "d1f4f8d4-d263-42ca-b4b1-545230e42c75" ],
        "x-ms-routing-request-id": [ "WESTUS:20230623T020319Z:d1f4f8d4-d263-42ca-b4b1-545230e42c75" ],
        "Strict-Transport-Security": [ "max-age=31536000; includeSubDomains" ],
        "X-Content-Type-Options": [ "nosniff" ],
        "Date": [ "Fri, 23 Jun 2023 02:03:18 GMT" ]
      },
      "ContentHeaders": {
        "Content-Length": [ "648" ],
        "Content-Type": [ "application/json; charset=utf-8" ],
        "Expires": [ "-1" ]
      },
      "Content": "{\"id\":\"/subscriptions/f141e9f2-4778-45a4-9aa0-8b31e6469454/providers/Microsoft.DevCenter/locations/CANADACENTRAL/operationStatuses/b1c9e77f-9022-45f0-94d2-5b623bb7ac5b*33E29C1BE7853E308C5FECA8135B93FABF3E4E1E6F99E838596EBEBA9E244524\",\"name\":\"b1c9e77f-9022-45f0-94d2-5b623bb7ac5b*33E29C1BE7853E308C5FECA8135B93FABF3E4E1E6F99E838596EBEBA9E244524\",\"resourceId\":\"/subscriptions/f141e9f2-4778-45a4-9aa0-8b31e6469454/resourceGroups/pwshRggm9tz2/providers/Microsoft.DevCenter/projects/pwshProj3stxlh/pools/ebsz6a/schedules/default\",\"status\":\"Succeeded\",\"startTime\":\"2023-06-23T02:01:15.5053788Z\",\"endTime\":\"2023-06-23T02:03:09.3051046Z\",\"properties\":null}",
      "isContentBase64": false
    }
  },
  "Update-AzDevCenterAdminSchedule+[NoContext]+UpdateViaIdentityExpanded+$GET+https://management.azure.com/subscriptions/f141e9f2-4778-45a4-9aa0-8b31e6469454/resourceGroups/pwshRggm9tz2/providers/Microsoft.DevCenter/projects/pwshProj3stxlh/pools/ebsz6a/schedules/default?api-version=2024-05-01-preview+7": {
    "Request": {
      "Method": "GET",
      "RequestUri": "https://management.azure.com/subscriptions/f141e9f2-4778-45a4-9aa0-8b31e6469454/resourceGroups/pwshRggm9tz2/providers/Microsoft.DevCenter/projects/pwshProj3stxlh/pools/ebsz6a/schedules/default?api-version=2024-05-01-preview",
      "Content": null,
      "isContentBase64": false,
      "Headers": {
        "Authorization": [ "[Filtered]" ],
        "x-ms-unique-id": [ "532" ],
        "x-ms-client-request-id": [ "845b806e-d52f-4e78-be4d-1b1f741bf930" ],
        "CommandName": [ "Az.DevCenter.internal\\New-AzDevCenterAdminSchedule" ],
        "FullCommandName": [ "New-AzDevCenterAdminSchedule_CreateViaIdentityExpanded" ],
        "ParameterSetName": [ "__AllParameterSets" ],
        "User-Agent": [ "AzurePowershell/v9.4.0", "PSVersion/v7.2.11", "Az.DevCenter/0.1.0" ]
      },
      "ContentHeaders": {
      }
    },
    "Response": {
      "StatusCode": 200,
      "Headers": {
        "Cache-Control": [ "no-cache" ],
        "Pragma": [ "no-cache" ],
        "ETag": [ "\"6b0007e9-0000-0a00-0000-6494fd5d0000\"" ],
        "x-ms-ratelimit-remaining-subscription-reads": [ "11814" ],
        "x-ms-providerhub-traffic": [ "True" ],
        "x-ms-request-id": [ "fe28c8f0-c2a6-405d-8813-48fc1d97f288" ],
        "x-ms-correlation-request-id": [ "e3f36f3d-3193-4219-b3ff-6e814664bb3c" ],
        "x-ms-routing-request-id": [ "WESTUS:20230623T020319Z:e3f36f3d-3193-4219-b3ff-6e814664bb3c" ],
        "Strict-Transport-Security": [ "max-age=31536000; includeSubDomains" ],
        "X-Content-Type-Options": [ "nosniff" ],
        "Date": [ "Fri, 23 Jun 2023 02:03:18 GMT" ]
      },
      "ContentHeaders": {
        "Content-Length": [ "625" ],
        "Content-Type": [ "application/json; charset=utf-8" ],
        "Expires": [ "-1" ]
      },
      "Content": "{\"id\":\"/subscriptions/f141e9f2-4778-45a4-9aa0-8b31e6469454/resourceGroups/pwshRggm9tz2/providers/microsoft.devcenter/projects/pwshProj3stxlh/pools/ebsz6a/schedules/default\",\"name\":\"default\",\"type\":\"microsoft.devcenter/projects/pools/schedules\",\"systemData\":{\"createdBy\":\"amlim@microsoft.com\",\"createdByType\":\"User\",\"createdAt\":\"2023-06-23T00:08:43.9964277Z\",\"lastModifiedBy\":\"amlim@microsoft.com\",\"lastModifiedByType\":\"User\",\"lastModifiedAt\":\"2023-06-23T02:01:15.0836179Z\"},\"properties\":{\"provisioningState\":\"Succeeded\",\"type\":\"StopDevBox\",\"frequency\":\"Daily\",\"time\":\"17:30\",\"timeZone\":\"America/New_York\",\"state\":\"Disabled\"}}",
      "isContentBase64": false
    }
  },
  "Update-AzDevCenterAdminSchedule+[NoContext]+UpdateViaIdentity+$GET+https://management.azure.com/subscriptions/f141e9f2-4778-45a4-9aa0-8b31e6469454/resourceGroups/pwshRggm9tz2/providers/Microsoft.DevCenter/projects/pwshProj3stxlh/pools/ebsz6a/schedules/default?api-version=2024-05-01-preview+1": {
    "Request": {
      "Method": "GET",
      "RequestUri": "https://management.azure.com/subscriptions/f141e9f2-4778-45a4-9aa0-8b31e6469454/resourceGroups/pwshRggm9tz2/providers/Microsoft.DevCenter/projects/pwshProj3stxlh/pools/ebsz6a/schedules/default?api-version=2024-05-01-preview",
      "Content": null,
      "isContentBase64": false,
      "Headers": {
        "x-ms-unique-id": [ "533" ],
        "x-ms-client-request-id": [ "7df518dd-f08f-4f6d-bfbf-fa7c39e5fd44" ],
        "CommandName": [ "Az.DevCenter.internal\\Get-AzDevCenterAdminSchedule" ],
        "FullCommandName": [ "Get-AzDevCenterAdminSchedule_Get" ],
        "ParameterSetName": [ "__AllParameterSets" ],
        "User-Agent": [ "AzurePowershell/v9.4.0", "PSVersion/v7.2.11", "Az.DevCenter/0.1.0" ],
        "Authorization": [ "[Filtered]" ]
      },
      "ContentHeaders": {
      }
    },
    "Response": {
      "StatusCode": 200,
      "Headers": {
        "Cache-Control": [ "no-cache" ],
        "Pragma": [ "no-cache" ],
        "ETag": [ "\"6b0007e9-0000-0a00-0000-6494fd5d0000\"" ],
        "x-ms-ratelimit-remaining-subscription-reads": [ "11813" ],
        "x-ms-providerhub-traffic": [ "True" ],
        "x-ms-request-id": [ "ec3b891d-1684-40c5-8255-b42e36125556" ],
        "x-ms-correlation-request-id": [ "79ae62a8-62ec-4d8a-9374-536f626762b1" ],
        "x-ms-routing-request-id": [ "WESTUS:20230623T020319Z:79ae62a8-62ec-4d8a-9374-536f626762b1" ],
        "Strict-Transport-Security": [ "max-age=31536000; includeSubDomains" ],
        "X-Content-Type-Options": [ "nosniff" ],
        "Date": [ "Fri, 23 Jun 2023 02:03:18 GMT" ]
      },
      "ContentHeaders": {
        "Content-Length": [ "625" ],
        "Content-Type": [ "application/json; charset=utf-8" ],
        "Expires": [ "-1" ]
      },
      "Content": "{\"id\":\"/subscriptions/f141e9f2-4778-45a4-9aa0-8b31e6469454/resourceGroups/pwshRggm9tz2/providers/microsoft.devcenter/projects/pwshProj3stxlh/pools/ebsz6a/schedules/default\",\"name\":\"default\",\"type\":\"microsoft.devcenter/projects/pools/schedules\",\"systemData\":{\"createdBy\":\"amlim@microsoft.com\",\"createdByType\":\"User\",\"createdAt\":\"2023-06-23T00:08:43.9964277Z\",\"lastModifiedBy\":\"amlim@microsoft.com\",\"lastModifiedByType\":\"User\",\"lastModifiedAt\":\"2023-06-23T02:01:15.0836179Z\"},\"properties\":{\"provisioningState\":\"Succeeded\",\"type\":\"StopDevBox\",\"frequency\":\"Daily\",\"time\":\"17:30\",\"timeZone\":\"America/New_York\",\"state\":\"Disabled\"}}",
      "isContentBase64": false
    }
  },
  "Update-AzDevCenterAdminSchedule+[NoContext]+UpdateViaIdentity+$PUT+https://management.azure.com/subscriptions/f141e9f2-4778-45a4-9aa0-8b31e6469454/resourceGroups/pwshRggm9tz2/providers/Microsoft.DevCenter/projects/pwshProj3stxlh/pools/ebsz6a/schedules/default?api-version=2024-05-01-preview+2": {
    "Request": {
      "Method": "PUT",
      "RequestUri": "https://management.azure.com/subscriptions/f141e9f2-4778-45a4-9aa0-8b31e6469454/resourceGroups/pwshRggm9tz2/providers/Microsoft.DevCenter/projects/pwshProj3stxlh/pools/ebsz6a/schedules/default?api-version=2024-05-01-preview",
      "Content": "{\r\n  \"properties\": {\r\n    \"type\": \"StopDevBox\",\r\n    \"frequency\": \"Daily\",\r\n    \"time\": \"18:30\",\r\n    \"timeZone\": \"America/Los_Angeles\",\r\n    \"state\": \"Enabled\"\r\n  }\r\n}",
      "isContentBase64": false,
      "Headers": {
      },
      "ContentHeaders": {
        "Content-Type": [ "application/json" ],
        "Content-Length": [ "168" ]
      }
    },
    "Response": {
      "StatusCode": 201,
      "Headers": {
        "Cache-Control": [ "no-cache" ],
        "Pragma": [ "no-cache" ],
        "ETag": [ "\"6b002be9-0000-0a00-0000-6494fd680000\"" ],
        "x-ms-ratelimit-remaining-subscription-writes": [ "1146" ],
        "x-ms-providerhub-traffic": [ "True" ],
        "X-Rate-Limit-Limit": [ "1m" ],
        "X-Rate-Limit-Remaining": [ "299" ],
        "X-Rate-Limit-Reset": [ "2023-06-23T02:04:20.0752612Z" ],
        "Strict-Transport-Security": [ "max-age=31536000; includeSubDomains" ],
        "Azure-AsyncOperation": [ "https://management.azure.com/subscriptions/f141e9f2-4778-45a4-9aa0-8b31e6469454/providers/Microsoft.DevCenter/locations/CANADACENTRAL/operationStatuses/04c1e422-612e-4a85-9281-019f93735620*33E29C1BE7853E308C5FECA8135B93FABF3E4E1E6F99E838596EBEBA9E244524?api-version=2024-05-01-preview" ],
        "x-ms-request-id": [ "04c1e422-612e-4a85-9281-019f93735620" ],
        "x-ms-correlation-request-id": [ "acd8dec5-45a9-48d9-9090-63b0174a5b29" ],
        "x-ms-routing-request-id": [ "WESTUS:20230623T020320Z:acd8dec5-45a9-48d9-9090-63b0174a5b29" ],
        "X-Content-Type-Options": [ "nosniff" ],
        "Date": [ "Fri, 23 Jun 2023 02:03:20 GMT" ]
      },
      "ContentHeaders": {
        "Content-Length": [ "626" ],
        "Content-Type": [ "application/json; charset=utf-8" ],
        "Expires": [ "-1" ]
      },
      "Content": "{\"id\":\"/subscriptions/f141e9f2-4778-45a4-9aa0-8b31e6469454/resourceGroups/pwshRggm9tz2/providers/microsoft.devcenter/projects/pwshProj3stxlh/pools/ebsz6a/schedules/default\",\"name\":\"default\",\"type\":\"microsoft.devcenter/projects/pools/schedules\",\"systemData\":{\"createdBy\":\"amlim@microsoft.com\",\"createdByType\":\"User\",\"createdAt\":\"2023-06-23T00:08:43.9964277Z\",\"lastModifiedBy\":\"amlim@microsoft.com\",\"lastModifiedByType\":\"User\",\"lastModifiedAt\":\"2023-06-23T02:03:19.8184877Z\"},\"properties\":{\"provisioningState\":\"Accepted\",\"type\":\"StopDevBox\",\"frequency\":\"Daily\",\"time\":\"18:30\",\"timeZone\":\"America/Los_Angeles\",\"state\":\"Enabled\"}}",
      "isContentBase64": false
    }
  },
  "Update-AzDevCenterAdminSchedule+[NoContext]+UpdateViaIdentity+$GET+https://management.azure.com/subscriptions/f141e9f2-4778-45a4-9aa0-8b31e6469454/providers/Microsoft.DevCenter/locations/CANADACENTRAL/operationStatuses/04c1e422-612e-4a85-9281-019f93735620*33E29C1BE7853E308C5FECA8135B93FABF3E4E1E6F99E838596EBEBA9E244524?api-version=2024-05-01-preview+3": {
    "Request": {
      "Method": "GET",
      "RequestUri": "https://management.azure.com/subscriptions/f141e9f2-4778-45a4-9aa0-8b31e6469454/providers/Microsoft.DevCenter/locations/CANADACENTRAL/operationStatuses/04c1e422-612e-4a85-9281-019f93735620*33E29C1BE7853E308C5FECA8135B93FABF3E4E1E6F99E838596EBEBA9E244524?api-version=2024-05-01-preview",
      "Content": null,
      "isContentBase64": false,
      "Headers": {
        "Authorization": [ "[Filtered]" ],
        "x-ms-unique-id": [ "535" ],
        "x-ms-client-request-id": [ "2bbfc00f-7129-4e3e-a7b0-172bce9aacbd" ],
        "CommandName": [ "Az.DevCenter.internal\\New-AzDevCenterAdminSchedule" ],
        "FullCommandName": [ "New-AzDevCenterAdminSchedule_CreateViaIdentity" ],
        "ParameterSetName": [ "__AllParameterSets" ],
        "User-Agent": [ "AzurePowershell/v9.4.0", "PSVersion/v7.2.11", "Az.DevCenter/0.1.0" ]
      },
      "ContentHeaders": {
      }
    },
    "Response": {
      "StatusCode": 200,
      "Headers": {
        "Cache-Control": [ "no-cache" ],
        "Pragma": [ "no-cache" ],
        "ETag": [ "\"21006bc7-0000-0a00-0000-6494fd680000\"" ],
        "x-ms-ratelimit-remaining-subscription-reads": [ "11812" ],
        "x-ms-request-id": [ "3bb0cb5d-f5bb-4510-8d39-407f0f58b834" ],
        "x-ms-correlation-request-id": [ "2a6cc70a-292f-494f-a35f-fdb2e598cc2b" ],
        "x-ms-routing-request-id": [ "WESTUS:20230623T020351Z:2a6cc70a-292f-494f-a35f-fdb2e598cc2b" ],
        "Strict-Transport-Security": [ "max-age=31536000; includeSubDomains" ],
        "X-Content-Type-Options": [ "nosniff" ],
        "Date": [ "Fri, 23 Jun 2023 02:03:51 GMT" ]
      },
      "ContentHeaders": {
        "Content-Length": [ "587" ],
        "Content-Type": [ "application/json; charset=utf-8" ],
        "Expires": [ "-1" ]
      },
      "Content": "{\"id\":\"/subscriptions/f141e9f2-4778-45a4-9aa0-8b31e6469454/providers/Microsoft.DevCenter/locations/CANADACENTRAL/operationStatuses/04c1e422-612e-4a85-9281-019f93735620*33E29C1BE7853E308C5FECA8135B93FABF3E4E1E6F99E838596EBEBA9E244524\",\"name\":\"04c1e422-612e-4a85-9281-019f93735620*33E29C1BE7853E308C5FECA8135B93FABF3E4E1E6F99E838596EBEBA9E244524\",\"resourceId\":\"/subscriptions/f141e9f2-4778-45a4-9aa0-8b31e6469454/resourceGroups/pwshRggm9tz2/providers/Microsoft.DevCenter/projects/pwshProj3stxlh/pools/ebsz6a/schedules/default\",\"status\":\"Accepted\",\"startTime\":\"2023-06-23T02:03:20.189135Z\"}",
      "isContentBase64": false
    }
  },
  "Update-AzDevCenterAdminSchedule+[NoContext]+UpdateViaIdentity+$GET+https://management.azure.com/subscriptions/f141e9f2-4778-45a4-9aa0-8b31e6469454/providers/Microsoft.DevCenter/locations/CANADACENTRAL/operationStatuses/04c1e422-612e-4a85-9281-019f93735620*33E29C1BE7853E308C5FECA8135B93FABF3E4E1E6F99E838596EBEBA9E244524?api-version=2024-05-01-preview+4": {
    "Request": {
      "Method": "GET",
      "RequestUri": "https://management.azure.com/subscriptions/f141e9f2-4778-45a4-9aa0-8b31e6469454/providers/Microsoft.DevCenter/locations/CANADACENTRAL/operationStatuses/04c1e422-612e-4a85-9281-019f93735620*33E29C1BE7853E308C5FECA8135B93FABF3E4E1E6F99E838596EBEBA9E244524?api-version=2024-05-01-preview",
      "Content": null,
      "isContentBase64": false,
      "Headers": {
        "Authorization": [ "[Filtered]" ],
        "x-ms-unique-id": [ "536" ],
        "x-ms-client-request-id": [ "2bbfc00f-7129-4e3e-a7b0-172bce9aacbd" ],
        "CommandName": [ "Az.DevCenter.internal\\New-AzDevCenterAdminSchedule" ],
        "FullCommandName": [ "New-AzDevCenterAdminSchedule_CreateViaIdentity" ],
        "ParameterSetName": [ "__AllParameterSets" ],
        "User-Agent": [ "AzurePowershell/v9.4.0", "PSVersion/v7.2.11", "Az.DevCenter/0.1.0" ]
      },
      "ContentHeaders": {
      }
    },
    "Response": {
      "StatusCode": 200,
      "Headers": {
        "Cache-Control": [ "no-cache" ],
        "Pragma": [ "no-cache" ],
        "ETag": [ "\"2100ffc7-0000-0a00-0000-6494fda10000\"" ],
        "x-ms-ratelimit-remaining-subscription-reads": [ "11811" ],
        "x-ms-request-id": [ "a6429f79-32dd-499b-b617-c16656517d67" ],
        "x-ms-correlation-request-id": [ "5df8b8cc-4211-40fd-b0f8-98bc4d400629" ],
        "x-ms-routing-request-id": [ "WESTUS:20230623T020421Z:5df8b8cc-4211-40fd-b0f8-98bc4d400629" ],
        "Strict-Transport-Security": [ "max-age=31536000; includeSubDomains" ],
        "X-Content-Type-Options": [ "nosniff" ],
        "Date": [ "Fri, 23 Jun 2023 02:04:21 GMT" ]
      },
      "ContentHeaders": {
        "Content-Length": [ "647" ],
        "Content-Type": [ "application/json; charset=utf-8" ],
        "Expires": [ "-1" ]
      },
      "Content": "{\"id\":\"/subscriptions/f141e9f2-4778-45a4-9aa0-8b31e6469454/providers/Microsoft.DevCenter/locations/CANADACENTRAL/operationStatuses/04c1e422-612e-4a85-9281-019f93735620*33E29C1BE7853E308C5FECA8135B93FABF3E4E1E6F99E838596EBEBA9E244524\",\"name\":\"04c1e422-612e-4a85-9281-019f93735620*33E29C1BE7853E308C5FECA8135B93FABF3E4E1E6F99E838596EBEBA9E244524\",\"resourceId\":\"/subscriptions/f141e9f2-4778-45a4-9aa0-8b31e6469454/resourceGroups/pwshRggm9tz2/providers/Microsoft.DevCenter/projects/pwshProj3stxlh/pools/ebsz6a/schedules/default\",\"status\":\"Succeeded\",\"startTime\":\"2023-06-23T02:03:20.189135Z\",\"endTime\":\"2023-06-23T02:04:17.4117429Z\",\"properties\":null}",
      "isContentBase64": false
    }
  },
  "Update-AzDevCenterAdminSchedule+[NoContext]+UpdateViaIdentity+$GET+https://management.azure.com/subscriptions/f141e9f2-4778-45a4-9aa0-8b31e6469454/resourceGroups/pwshRggm9tz2/providers/Microsoft.DevCenter/projects/pwshProj3stxlh/pools/ebsz6a/schedules/default?api-version=2024-05-01-preview+5": {
    "Request": {
      "Method": "GET",
      "RequestUri": "https://management.azure.com/subscriptions/f141e9f2-4778-45a4-9aa0-8b31e6469454/resourceGroups/pwshRggm9tz2/providers/Microsoft.DevCenter/projects/pwshProj3stxlh/pools/ebsz6a/schedules/default?api-version=2024-05-01-preview",
      "Content": null,
      "isContentBase64": false,
      "Headers": {
        "Authorization": [ "[Filtered]" ],
        "x-ms-unique-id": [ "537" ],
        "x-ms-client-request-id": [ "2bbfc00f-7129-4e3e-a7b0-172bce9aacbd" ],
        "CommandName": [ "Az.DevCenter.internal\\New-AzDevCenterAdminSchedule" ],
        "FullCommandName": [ "New-AzDevCenterAdminSchedule_CreateViaIdentity" ],
        "ParameterSetName": [ "__AllParameterSets" ],
        "User-Agent": [ "AzurePowershell/v9.4.0", "PSVersion/v7.2.11", "Az.DevCenter/0.1.0" ]
      },
      "ContentHeaders": {
      }
    },
    "Response": {
      "StatusCode": 200,
      "Headers": {
        "Cache-Control": [ "no-cache" ],
        "Pragma": [ "no-cache" ],
        "ETag": [ "\"6b0066ea-0000-0a00-0000-6494fda10000\"" ],
        "x-ms-ratelimit-remaining-subscription-reads": [ "11810" ],
        "x-ms-providerhub-traffic": [ "True" ],
        "x-ms-request-id": [ "1649e5ef-3abc-4738-895c-1402528daf72" ],
        "x-ms-correlation-request-id": [ "292f7712-da30-41c4-af35-290fa8e412b3" ],
        "x-ms-routing-request-id": [ "WESTUS:20230623T020421Z:292f7712-da30-41c4-af35-290fa8e412b3" ],
        "Strict-Transport-Security": [ "max-age=31536000; includeSubDomains" ],
        "X-Content-Type-Options": [ "nosniff" ],
        "Date": [ "Fri, 23 Jun 2023 02:04:21 GMT" ]
      },
      "ContentHeaders": {
        "Content-Length": [ "627" ],
        "Content-Type": [ "application/json; charset=utf-8" ],
        "Expires": [ "-1" ]
      },
      "Content": "{\"id\":\"/subscriptions/f141e9f2-4778-45a4-9aa0-8b31e6469454/resourceGroups/pwshRggm9tz2/providers/microsoft.devcenter/projects/pwshProj3stxlh/pools/ebsz6a/schedules/default\",\"name\":\"default\",\"type\":\"microsoft.devcenter/projects/pools/schedules\",\"systemData\":{\"createdBy\":\"amlim@microsoft.com\",\"createdByType\":\"User\",\"createdAt\":\"2023-06-23T00:08:43.9964277Z\",\"lastModifiedBy\":\"amlim@microsoft.com\",\"lastModifiedByType\":\"User\",\"lastModifiedAt\":\"2023-06-23T02:03:19.8184877Z\"},\"properties\":{\"provisioningState\":\"Succeeded\",\"type\":\"StopDevBox\",\"frequency\":\"Daily\",\"time\":\"18:30\",\"timeZone\":\"America/Los_Angeles\",\"state\":\"Enabled\"}}",
      "isContentBase64": false
    }
  }
}