{
  "Entries": [
    {
      "RequestUri": "/subscriptions/964c10bb-8a6c-43bc-83d3-6b318c6c7305/resourcegroups/group-ps-test9350?api-version=2016-09-01",
      "EncodedRequestUri": "L3N1YnNjcmlwdGlvbnMvOTY0YzEwYmItOGE2Yy00M2JjLTgzZDMtNmIzMThjNmM3MzA1L3Jlc291cmNlZ3JvdXBzL2dyb3VwLXBzLXRlc3Q5MzUwP2FwaS12ZXJzaW9uPTIwMTYtMDktMDE=",
      "RequestMethod": "PUT",
      "RequestHeaders": {
        "x-ms-client-request-id": [
          "275eaefc-b8ab-42cb-91a2-fc34b27b477d"
        ],
        "Accept-Language": [
          "en-US"
        ],
        "User-Agent": [
          "FxVersion/4.700.22.55902",
          "OSName/Windows",
          "OSVersion/Microsoft.Windows.10.0.22621",
          "Microsoft.Azure.Management.Internal.Resources.ResourceManagementClient/1.3.76"
        ],
        "Content-Type": [
          "application/json; charset=utf-8"
        ],
        "Content-Length": [
          "32"
        ]
      },
      "RequestBody": "{\r\n  \"location\": \"Japan East\"\r\n}",
      "ResponseHeaders": {
        "Cache-Control": [
          "no-cache"
        ],
        "Pragma": [
          "no-cache"
        ],
        "x-ms-ratelimit-remaining-subscription-writes": [
          "1199"
        ],
        "x-ms-request-id": [
          "cfd8b981-a74e-4bf3-8053-01d1e6fef07f"
        ],
        "x-ms-correlation-request-id": [
          "cfd8b981-a74e-4bf3-8053-01d1e6fef07f"
        ],
        "x-ms-routing-request-id": [
          "KOREASOUTH:20230724T015039Z:cfd8b981-a74e-4bf3-8053-01d1e6fef07f"
        ],
        "Strict-Transport-Security": [
          "max-age=31536000; includeSubDomains"
        ],
        "X-Content-Type-Options": [
          "nosniff"
        ],
        "Date": [
          "Mon, 24 Jul 2023 01:50:38 GMT"
        ],
        "Content-Length": [
          "190"
        ],
        "Content-Type": [
          "application/json; charset=utf-8"
        ],
        "Expires": [
          "-1"
        ]
      },
      "ResponseBody": "{\r\n  \"id\": \"/subscriptions/964c10bb-8a6c-43bc-83d3-6b318c6c7305/resourceGroups/group-ps-test9350\",\r\n  \"name\": \"group-ps-test9350\",\r\n  \"location\": \"japaneast\",\r\n  \"properties\": {\r\n    \"provisioningState\": \"Succeeded\"\r\n  }\r\n}",
      "StatusCode": 201
    },
    {
      "RequestUri": "/subscriptions/964c10bb-8a6c-43bc-83d3-6b318c6c7305/resourceGroups/group-ps-test9350/providers/Microsoft.Storage/storageAccounts/storagepstest896?api-version=2017-10-01",
      "EncodedRequestUri": "L3N1YnNjcmlwdGlvbnMvOTY0YzEwYmItOGE2Yy00M2JjLTgzZDMtNmIzMThjNmM3MzA1L3Jlc291cmNlR3JvdXBzL2dyb3VwLXBzLXRlc3Q5MzUwL3Byb3ZpZGVycy9NaWNyb3NvZnQuU3RvcmFnZS9zdG9yYWdlQWNjb3VudHMvc3RvcmFnZXBzdGVzdDg5Nj9hcGktdmVyc2lvbj0yMDE3LTEwLTAx",
      "RequestMethod": "PUT",
      "RequestHeaders": {
        "x-ms-client-request-id": [
          "8f28eb98-704b-4c37-8280-dec1ca5b8558"
        ],
        "Accept-Language": [
          "en-US"
        ],
        "User-Agent": [
          "FxVersion/4.700.22.55902",
          "OSName/Windows",
          "OSVersion/Microsoft.Windows.10.0.22621",
          "Microsoft.Azure.Management.Storage.Version2017.10.01.StorageManagementClient/1.3.76"
        ],
        "Content-Type": [
          "application/json; charset=utf-8"
        ],
        "Content-Length": [
          "104"
        ]
      },
      "RequestBody": "{\r\n  \"sku\": {\r\n    \"name\": \"Standard_RAGRS\"\r\n  },\r\n  \"kind\": \"StorageV2\",\r\n  \"location\": \"Japan East\"\r\n}",
      "ResponseHeaders": {
        "Cache-Control": [
          "no-cache"
        ],
        "Pragma": [
          "no-cache"
        ],
        "Location": [
          "https://management.azure.com/subscriptions/964c10bb-8a6c-43bc-83d3-6b318c6c7305/providers/Microsoft.Storage/locations/japaneast/asyncoperations/581cd44c-3aee-4436-acb3-4ce6e5b58971?monitor=true&api-version=2017-10-01"
        ],
        "Retry-After": [
          "17"
        ],
        "x-ms-request-id": [
          "581cd44c-3aee-4436-acb3-4ce6e5b58971"
        ],
        "Strict-Transport-Security": [
          "max-age=31536000; includeSubDomains"
        ],
        "Server": [
          "Microsoft-Azure-Storage-Resource-Provider/1.0,Microsoft-HTTPAPI/2.0 Microsoft-HTTPAPI/2.0"
        ],
        "x-ms-ratelimit-remaining-subscription-writes": [
          "1198"
        ],
        "x-ms-correlation-request-id": [
          "ea33f150-2986-48ba-a27d-5cdfdcced761"
        ],
        "x-ms-routing-request-id": [
          "KOREASOUTH:20230724T015045Z:ea33f150-2986-48ba-a27d-5cdfdcced761"
        ],
        "X-Content-Type-Options": [
          "nosniff"
        ],
        "Date": [
          "Mon, 24 Jul 2023 01:50:44 GMT"
        ],
        "Content-Type": [
          "text/plain; charset=utf-8"
        ],
        "Expires": [
          "-1"
        ],
        "Content-Length": [
          "0"
        ]
      },
      "ResponseBody": "",
      "StatusCode": 202
    },
    {
      "RequestUri": "/subscriptions/964c10bb-8a6c-43bc-83d3-6b318c6c7305/providers/Microsoft.Storage/locations/japaneast/asyncoperations/581cd44c-3aee-4436-acb3-4ce6e5b58971?monitor=true&api-version=2017-10-01",
      "EncodedRequestUri": "L3N1YnNjcmlwdGlvbnMvOTY0YzEwYmItOGE2Yy00M2JjLTgzZDMtNmIzMThjNmM3MzA1L3Byb3ZpZGVycy9NaWNyb3NvZnQuU3RvcmFnZS9sb2NhdGlvbnMvamFwYW5lYXN0L2FzeW5jb3BlcmF0aW9ucy81ODFjZDQ0Yy0zYWVlLTQ0MzYtYWNiMy00Y2U2ZTViNTg5NzE/bW9uaXRvcj10cnVlJmFwaS12ZXJzaW9uPTIwMTctMTAtMDE=",
      "RequestMethod": "GET",
      "RequestHeaders": {
        "User-Agent": [
          "FxVersion/4.700.22.55902",
          "OSName/Windows",
          "OSVersion/Microsoft.Windows.10.0.22621",
          "Microsoft.Azure.Management.Storage.Version2017.10.01.StorageManagementClient/1.3.76"
        ]
      },
      "RequestBody": "",
      "ResponseHeaders": {
        "Cache-Control": [
          "no-cache"
        ],
        "Pragma": [
          "no-cache"
        ],
        "Location": [
          "https://management.azure.com/subscriptions/964c10bb-8a6c-43bc-83d3-6b318c6c7305/providers/Microsoft.Storage/locations/japaneast/asyncoperations/581cd44c-3aee-4436-acb3-4ce6e5b58971?monitor=true&api-version=2017-10-01"
        ],
        "Retry-After": [
          "3"
        ],
        "x-ms-request-id": [
          "fb34b4b4-6556-400a-b2dc-7adb707ce171"
        ],
        "Strict-Transport-Security": [
          "max-age=31536000; includeSubDomains"
        ],
        "Server": [
          "Microsoft-Azure-Storage-Resource-Provider/1.0,Microsoft-HTTPAPI/2.0 Microsoft-HTTPAPI/2.0"
        ],
        "x-ms-ratelimit-remaining-subscription-reads": [
          "11999"
        ],
        "x-ms-correlation-request-id": [
          "0aa5b169-0c9b-47f0-b67b-d297dc695fb2"
        ],
        "x-ms-routing-request-id": [
          "KOREASOUTH:20230724T015103Z:0aa5b169-0c9b-47f0-b67b-d297dc695fb2"
        ],
        "X-Content-Type-Options": [
          "nosniff"
        ],
        "Date": [
          "Mon, 24 Jul 2023 01:51:02 GMT"
        ],
        "Content-Type": [
          "text/plain; charset=utf-8"
        ],
        "Expires": [
          "-1"
        ],
        "Content-Length": [
          "0"
        ]
      },
      "ResponseBody": "",
      "StatusCode": 202
    },
    {
      "RequestUri": "/subscriptions/964c10bb-8a6c-43bc-83d3-6b318c6c7305/providers/Microsoft.Storage/locations/japaneast/asyncoperations/581cd44c-3aee-4436-acb3-4ce6e5b58971?monitor=true&api-version=2017-10-01",
      "EncodedRequestUri": "L3N1YnNjcmlwdGlvbnMvOTY0YzEwYmItOGE2Yy00M2JjLTgzZDMtNmIzMThjNmM3MzA1L3Byb3ZpZGVycy9NaWNyb3NvZnQuU3RvcmFnZS9sb2NhdGlvbnMvamFwYW5lYXN0L2FzeW5jb3BlcmF0aW9ucy81ODFjZDQ0Yy0zYWVlLTQ0MzYtYWNiMy00Y2U2ZTViNTg5NzE/bW9uaXRvcj10cnVlJmFwaS12ZXJzaW9uPTIwMTctMTAtMDE=",
      "RequestMethod": "GET",
      "RequestHeaders": {
        "User-Agent": [
          "FxVersion/4.700.22.55902",
          "OSName/Windows",
          "OSVersion/Microsoft.Windows.10.0.22621",
          "Microsoft.Azure.Management.Storage.Version2017.10.01.StorageManagementClient/1.3.76"
        ]
      },
      "RequestBody": "",
      "ResponseHeaders": {
        "Cache-Control": [
          "no-cache"
        ],
        "Pragma": [
          "no-cache"
        ],
        "x-ms-request-id": [
          "e27362d9-22cc-4bb9-93bc-8879e9697f3c"
        ],
        "Strict-Transport-Security": [
          "max-age=31536000; includeSubDomains"
        ],
        "Server": [
          "Microsoft-Azure-Storage-Resource-Provider/1.0,Microsoft-HTTPAPI/2.0 Microsoft-HTTPAPI/2.0"
        ],
        "x-ms-ratelimit-remaining-subscription-reads": [
          "11998"
        ],
        "x-ms-correlation-request-id": [
          "eb105d6f-3fd8-4319-b18b-0527b1245c5a"
        ],
        "x-ms-routing-request-id": [
          "KOREASOUTH:20230724T015106Z:eb105d6f-3fd8-4319-b18b-0527b1245c5a"
        ],
        "X-Content-Type-Options": [
          "nosniff"
        ],
        "Date": [
          "Mon, 24 Jul 2023 01:51:05 GMT"
        ],
        "Content-Length": [
          "1384"
        ],
        "Content-Type": [
          "application/json"
        ],
        "Expires": [
          "-1"
        ]
      },
      "ResponseBody": "{\r\n  \"sku\": {\r\n    \"name\": \"Standard_RAGRS\",\r\n    \"tier\": \"Standard\"\r\n  },\r\n  \"kind\": \"StorageV2\",\r\n  \"id\": \"/subscriptions/964c10bb-8a6c-43bc-83d3-6b318c6c7305/resourceGroups/group-ps-test9350/providers/Microsoft.Storage/storageAccounts/storagepstest896\",\r\n  \"name\": \"storagepstest896\",\r\n  \"type\": \"Microsoft.Storage/storageAccounts\",\r\n  \"location\": \"japaneast\",\r\n  \"tags\": {},\r\n  \"properties\": {\r\n    \"networkAcls\": {\r\n      \"bypass\": \"AzureServices\",\r\n      \"virtualNetworkRules\": [],\r\n      \"ipRules\": [],\r\n      \"defaultAction\": \"Allow\"\r\n    },\r\n    \"supportsHttpsTrafficOnly\": false,\r\n    \"encryption\": {\r\n      \"services\": {\r\n        \"file\": {\r\n          \"enabled\": true,\r\n          \"lastEnabledTime\": \"2023-07-24T01:50:40.559405Z\"\r\n        },\r\n        \"blob\": {\r\n          \"enabled\": true,\r\n          \"lastEnabledTime\": \"2023-07-24T01:50:40.559405Z\"\r\n        }\r\n      },\r\n      \"keySource\": \"Microsoft.Storage\"\r\n    },\r\n    \"accessTier\": \"Hot\",\r\n    \"provisioningState\": \"Succeeded\",\r\n    \"creationTime\": \"2023-07-24T01:50:40.4344628Z\",\r\n    \"primaryEndpoints\": {\r\n      \"blob\": \"https://storagepstest896.blob.core.windows.net/\",\r\n      \"queue\": \"https://storagepstest896.queue.core.windows.net/\",\r\n      \"table\": \"https://storagepstest896.table.core.windows.net/\",\r\n      \"file\": \"https://storagepstest896.file.core.windows.net/\"\r\n    },\r\n    \"primaryLocation\": \"japaneast\",\r\n    \"statusOfPrimary\": \"available\",\r\n    \"secondaryLocation\": \"japanwest\",\r\n    \"statusOfSecondary\": \"available\",\r\n    \"secondaryEndpoints\": {\r\n      \"blob\": \"https://storagepstest896-secondary.blob.core.windows.net/\",\r\n      \"queue\": \"https://storagepstest896-secondary.queue.core.windows.net/\",\r\n      \"table\": \"https://storagepstest896-secondary.table.core.windows.net/\"\r\n    }\r\n  }\r\n}",
      "StatusCode": 200
    },
    {
      "RequestUri": "/subscriptions/964c10bb-8a6c-43bc-83d3-6b318c6c7305/resourceGroups/group-ps-test9350/providers/Microsoft.Storage/storageAccounts/storagepstest896/listKeys?api-version=2017-10-01",
      "EncodedRequestUri": "L3N1YnNjcmlwdGlvbnMvOTY0YzEwYmItOGE2Yy00M2JjLTgzZDMtNmIzMThjNmM3MzA1L3Jlc291cmNlR3JvdXBzL2dyb3VwLXBzLXRlc3Q5MzUwL3Byb3ZpZGVycy9NaWNyb3NvZnQuU3RvcmFnZS9zdG9yYWdlQWNjb3VudHMvc3RvcmFnZXBzdGVzdDg5Ni9saXN0S2V5cz9hcGktdmVyc2lvbj0yMDE3LTEwLTAx",
      "RequestMethod": "POST",
      "RequestHeaders": {
        "x-ms-client-request-id": [
          "b2753cb8-b830-4ca4-a934-41863202bbef"
        ],
        "Accept-Language": [
          "en-US"
        ],
        "User-Agent": [
          "FxVersion/4.700.22.55902",
          "OSName/Windows",
          "OSVersion/Microsoft.Windows.10.0.22621",
          "Microsoft.Azure.Management.Storage.Version2017.10.01.StorageManagementClient/1.3.76"
        ]
      },
      "RequestBody": "",
      "ResponseHeaders": {
        "Cache-Control": [
          "no-cache"
        ],
        "Pragma": [
          "no-cache"
        ],
        "x-ms-request-id": [
          "05759189-b464-4027-bc69-00adedf2d1e7"
        ],
        "Strict-Transport-Security": [
          "max-age=31536000; includeSubDomains"
        ],
        "Server": [
          "Microsoft-Azure-Storage-Resource-Provider/1.0,Microsoft-HTTPAPI/2.0 Microsoft-HTTPAPI/2.0"
        ],
        "x-ms-ratelimit-remaining-subscription-resource-requests": [
          "11999"
        ],
        "x-ms-correlation-request-id": [
          "bc760c7c-883b-464d-a334-14f19c82e137"
        ],
        "x-ms-routing-request-id": [
          "KOREASOUTH:20230724T015107Z:bc760c7c-883b-464d-a334-14f19c82e137"
        ],
        "X-Content-Type-Options": [
          "nosniff"
        ],
        "Date": [
          "Mon, 24 Jul 2023 01:51:06 GMT"
        ],
        "Content-Length": [
          "288"
        ],
        "Content-Type": [
          "application/json"
        ],
        "Expires": [
          "-1"
        ]
      },
      "ResponseBody": "{\r\n  \"keys\": [\r\n    {\r\n      \"keyName\": \"key1\",\r\n      \"value\": \"LNWvQjSH0Kbv6X1NF1GAAoEA2soNCjy1wmZylOJo0d3/JvnvmLNSEKd4AKbvLArXeEO+SMNdkCs2+AStw0+cTw==\",\r\n      \"permissions\": \"FULL\"\r\n    },\r\n    {\r\n      \"keyName\": \"key2\",\r\n      \"value\": \"c1ZH/dPVGTI7jNIlPy2qsKEYeblvx4hrgRSw2r8C19m6EqlYXUs+6v/4uZ2+XDeJGp0hYGSlfzOV+AStR36XiQ==\",\r\n      \"permissions\": \"FULL\"\r\n    }\r\n  ]\r\n}",
      "StatusCode": 200
    },
    {
      "RequestUri": "/subscriptions/964c10bb-8a6c-43bc-83d3-6b318c6c7305/resourcegroups/group-ps-test9350?api-version=2016-09-01",
      "EncodedRequestUri": "L3N1YnNjcmlwdGlvbnMvOTY0YzEwYmItOGE2Yy00M2JjLTgzZDMtNmIzMThjNmM3MzA1L3Jlc291cmNlZ3JvdXBzL2dyb3VwLXBzLXRlc3Q5MzUwP2FwaS12ZXJzaW9uPTIwMTYtMDktMDE=",
      "RequestMethod": "DELETE",
      "RequestHeaders": {
        "x-ms-client-request-id": [
          "a79f0f82-56ba-4e2d-ad91-2571f75f6556"
        ],
        "Accept-Language": [
          "en-US"
        ],
        "User-Agent": [
          "FxVersion/4.700.22.55902",
          "OSName/Windows",
          "OSVersion/Microsoft.Windows.10.0.22621",
          "Microsoft.Azure.Management.Internal.Resources.ResourceManagementClient/1.3.76"
        ]
      },
      "RequestBody": "",
      "ResponseHeaders": {
        "Cache-Control": [
          "no-cache"
        ],
        "Pragma": [
          "no-cache"
        ],
        "Location": [
          "https://management.azure.com/subscriptions/964c10bb-8a6c-43bc-83d3-6b318c6c7305/operationresults/eyJqb2JJZCI6IlJFU09VUkNFR1JPVVBERUxFVElPTkpPQi1HUk9VUDoyRFBTOjJEVEVTVDkzNTAtSkFQQU5FQVNUIiwiam9iTG9jYXRpb24iOiJqYXBhbmVhc3QifQ?api-version=2016-09-01"
        ],
        "Retry-After": [
          "15"
        ],
        "x-ms-ratelimit-remaining-subscription-deletes": [
          "14999"
        ],
        "x-ms-request-id": [
          "933b1847-d05d-430f-9070-b181d8072ef5"
        ],
        "x-ms-correlation-request-id": [
          "933b1847-d05d-430f-9070-b181d8072ef5"
        ],
        "x-ms-routing-request-id": [
          "KOREACENTRAL:20230724T021047Z:933b1847-d05d-430f-9070-b181d8072ef5"
        ],
        "Strict-Transport-Security": [
          "max-age=31536000; includeSubDomains"
        ],
        "X-Content-Type-Options": [
          "nosniff"
        ],
        "Date": [
          "Mon, 24 Jul 2023 02:10:47 GMT"
        ],
        "Expires": [
          "-1"
        ],
        "Content-Length": [
          "0"
        ]
      },
      "ResponseBody": "",
      "StatusCode": 202
    },
    {
      "RequestUri": "/subscriptions/964c10bb-8a6c-43bc-83d3-6b318c6c7305/operationresults/eyJqb2JJZCI6IlJFU09VUkNFR1JPVVBERUxFVElPTkpPQi1HUk9VUDoyRFBTOjJEVEVTVDkzNTAtSkFQQU5FQVNUIiwiam9iTG9jYXRpb24iOiJqYXBhbmVhc3QifQ?api-version=2016-09-01",
      "EncodedRequestUri": "L3N1YnNjcmlwdGlvbnMvOTY0YzEwYmItOGE2Yy00M2JjLTgzZDMtNmIzMThjNmM3MzA1L29wZXJhdGlvbnJlc3VsdHMvZXlKcWIySkpaQ0k2SWxKRlUwOVZVa05GUjFKUFZWQkVSVXhGVkVsUFRrcFBRaTFIVWs5VlVEb3lSRkJUT2pKRVZFVlRWRGt6TlRBdFNrRlFRVTVGUVZOVUlpd2lhbTlpVEc5allYUnBiMjRpT2lKcVlYQmhibVZoYzNRaWZRP2FwaS12ZXJzaW9uPTIwMTYtMDktMDE=",
      "RequestMethod": "GET",
      "RequestHeaders": {
        "User-Agent": [
          "FxVersion/4.700.22.55902",
          "OSName/Windows",
          "OSVersion/Microsoft.Windows.10.0.22621",
          "Microsoft.Azure.Management.Internal.Resources.ResourceManagementClient/1.3.76"
        ]
      },
      "RequestBody": "",
      "ResponseHeaders": {
        "Cache-Control": [
          "no-cache"
        ],
        "Pragma": [
          "no-cache"
        ],
        "Location": [
          "https://management.azure.com/subscriptions/964c10bb-8a6c-43bc-83d3-6b318c6c7305/operationresults/eyJqb2JJZCI6IlJFU09VUkNFR1JPVVBERUxFVElPTkpPQi1HUk9VUDoyRFBTOjJEVEVTVDkzNTAtSkFQQU5FQVNUIiwiam9iTG9jYXRpb24iOiJqYXBhbmVhc3QifQ?api-version=2016-09-01"
        ],
        "Retry-After": [
          "15"
        ],
        "x-ms-ratelimit-remaining-subscription-reads": [
          "11999"
        ],
        "x-ms-request-id": [
          "ff5a2bc8-97eb-4f3f-bf2b-d2eea188fc02"
        ],
        "x-ms-correlation-request-id": [
          "ff5a2bc8-97eb-4f3f-bf2b-d2eea188fc02"
        ],
        "x-ms-routing-request-id": [
          "KOREACENTRAL:20230724T021102Z:ff5a2bc8-97eb-4f3f-bf2b-d2eea188fc02"
        ],
        "Strict-Transport-Security": [
          "max-age=31536000; includeSubDomains"
        ],
        "X-Content-Type-Options": [
          "nosniff"
        ],
        "Date": [
          "Mon, 24 Jul 2023 02:11:02 GMT"
        ],
        "Expires": [
          "-1"
        ],
        "Content-Length": [
          "0"
        ]
      },
      "ResponseBody": "",
      "StatusCode": 202
    },
    {
      "RequestUri": "/subscriptions/964c10bb-8a6c-43bc-83d3-6b318c6c7305/operationresults/eyJqb2JJZCI6IlJFU09VUkNFR1JPVVBERUxFVElPTkpPQi1HUk9VUDoyRFBTOjJEVEVTVDkzNTAtSkFQQU5FQVNUIiwiam9iTG9jYXRpb24iOiJqYXBhbmVhc3QifQ?api-version=2016-09-01",
      "EncodedRequestUri": "L3N1YnNjcmlwdGlvbnMvOTY0YzEwYmItOGE2Yy00M2JjLTgzZDMtNmIzMThjNmM3MzA1L29wZXJhdGlvbnJlc3VsdHMvZXlKcWIySkpaQ0k2SWxKRlUwOVZVa05GUjFKUFZWQkVSVXhGVkVsUFRrcFBRaTFIVWs5VlVEb3lSRkJUT2pKRVZFVlRWRGt6TlRBdFNrRlFRVTVGUVZOVUlpd2lhbTlpVEc5allYUnBiMjRpT2lKcVlYQmhibVZoYzNRaWZRP2FwaS12ZXJzaW9uPTIwMTYtMDktMDE=",
      "RequestMethod": "GET",
      "RequestHeaders": {
        "User-Agent": [
          "FxVersion/4.700.22.55902",
          "OSName/Windows",
          "OSVersion/Microsoft.Windows.10.0.22621",
          "Microsoft.Azure.Management.Internal.Resources.ResourceManagementClient/1.3.76"
        ]
      },
      "RequestBody": "",
      "ResponseHeaders": {
        "Cache-Control": [
          "no-cache"
        ],
        "Pragma": [
          "no-cache"
        ],
        "Location": [
          "https://management.azure.com/subscriptions/964c10bb-8a6c-43bc-83d3-6b318c6c7305/operationresults/eyJqb2JJZCI6IlJFU09VUkNFR1JPVVBERUxFVElPTkpPQi1HUk9VUDoyRFBTOjJEVEVTVDkzNTAtSkFQQU5FQVNUIiwiam9iTG9jYXRpb24iOiJqYXBhbmVhc3QifQ?api-version=2016-09-01"
        ],
        "Retry-After": [
          "15"
        ],
        "x-ms-ratelimit-remaining-subscription-reads": [
          "11998"
        ],
        "x-ms-request-id": [
          "297fef69-f362-46dc-8056-b4cba6ad05a2"
        ],
        "x-ms-correlation-request-id": [
          "297fef69-f362-46dc-8056-b4cba6ad05a2"
        ],
        "x-ms-routing-request-id": [
          "KOREACENTRAL:20230724T021118Z:297fef69-f362-46dc-8056-b4cba6ad05a2"
        ],
        "Strict-Transport-Security": [
          "max-age=31536000; includeSubDomains"
        ],
        "X-Content-Type-Options": [
          "nosniff"
        ],
        "Date": [
          "Mon, 24 Jul 2023 02:11:18 GMT"
        ],
        "Expires": [
          "-1"
        ],
        "Content-Length": [
          "0"
        ]
      },
      "ResponseBody": "",
      "StatusCode": 202
    },
    {
      "RequestUri": "/subscriptions/964c10bb-8a6c-43bc-83d3-6b318c6c7305/operationresults/eyJqb2JJZCI6IlJFU09VUkNFR1JPVVBERUxFVElPTkpPQi1HUk9VUDoyRFBTOjJEVEVTVDkzNTAtSkFQQU5FQVNUIiwiam9iTG9jYXRpb24iOiJqYXBhbmVhc3QifQ?api-version=2016-09-01",
      "EncodedRequestUri": "L3N1YnNjcmlwdGlvbnMvOTY0YzEwYmItOGE2Yy00M2JjLTgzZDMtNmIzMThjNmM3MzA1L29wZXJhdGlvbnJlc3VsdHMvZXlKcWIySkpaQ0k2SWxKRlUwOVZVa05GUjFKUFZWQkVSVXhGVkVsUFRrcFBRaTFIVWs5VlVEb3lSRkJUT2pKRVZFVlRWRGt6TlRBdFNrRlFRVTVGUVZOVUlpd2lhbTlpVEc5allYUnBiMjRpT2lKcVlYQmhibVZoYzNRaWZRP2FwaS12ZXJzaW9uPTIwMTYtMDktMDE=",
      "RequestMethod": "GET",
      "RequestHeaders": {
        "User-Agent": [
          "FxVersion/4.700.22.55902",
          "OSName/Windows",
          "OSVersion/Microsoft.Windows.10.0.22621",
          "Microsoft.Azure.Management.Internal.Resources.ResourceManagementClient/1.3.76"
        ]
      },
      "RequestBody": "",
      "ResponseHeaders": {
        "Cache-Control": [
          "no-cache"
        ],
        "Pragma": [
          "no-cache"
        ],
        "Location": [
          "https://management.azure.com/subscriptions/964c10bb-8a6c-43bc-83d3-6b318c6c7305/operationresults/eyJqb2JJZCI6IlJFU09VUkNFR1JPVVBERUxFVElPTkpPQi1HUk9VUDoyRFBTOjJEVEVTVDkzNTAtSkFQQU5FQVNUIiwiam9iTG9jYXRpb24iOiJqYXBhbmVhc3QifQ?api-version=2016-09-01"
        ],
        "Retry-After": [
          "15"
        ],
        "x-ms-ratelimit-remaining-subscription-reads": [
          "11997"
        ],
        "x-ms-request-id": [
          "3b6943de-c60a-44ca-99c9-5dc8dd67151a"
        ],
        "x-ms-correlation-request-id": [
          "3b6943de-c60a-44ca-99c9-5dc8dd67151a"
        ],
        "x-ms-routing-request-id": [
          "KOREACENTRAL:20230724T021133Z:3b6943de-c60a-44ca-99c9-5dc8dd67151a"
        ],
        "Strict-Transport-Security": [
          "max-age=31536000; includeSubDomains"
        ],
        "X-Content-Type-Options": [
          "nosniff"
        ],
        "Date": [
          "Mon, 24 Jul 2023 02:11:32 GMT"
        ],
        "Expires": [
          "-1"
        ],
        "Content-Length": [
          "0"
        ]
      },
      "ResponseBody": "",
      "StatusCode": 202
    },
    {
      "RequestUri": "/subscriptions/964c10bb-8a6c-43bc-83d3-6b318c6c7305/operationresults/eyJqb2JJZCI6IlJFU09VUkNFR1JPVVBERUxFVElPTkpPQi1HUk9VUDoyRFBTOjJEVEVTVDkzNTAtSkFQQU5FQVNUIiwiam9iTG9jYXRpb24iOiJqYXBhbmVhc3QifQ?api-version=2016-09-01",
      "EncodedRequestUri": "L3N1YnNjcmlwdGlvbnMvOTY0YzEwYmItOGE2Yy00M2JjLTgzZDMtNmIzMThjNmM3MzA1L29wZXJhdGlvbnJlc3VsdHMvZXlKcWIySkpaQ0k2SWxKRlUwOVZVa05GUjFKUFZWQkVSVXhGVkVsUFRrcFBRaTFIVWs5VlVEb3lSRkJUT2pKRVZFVlRWRGt6TlRBdFNrRlFRVTVGUVZOVUlpd2lhbTlpVEc5allYUnBiMjRpT2lKcVlYQmhibVZoYzNRaWZRP2FwaS12ZXJzaW9uPTIwMTYtMDktMDE=",
      "RequestMethod": "GET",
      "RequestHeaders": {
        "User-Agent": [
          "FxVersion/4.700.22.55902",
          "OSName/Windows",
          "OSVersion/Microsoft.Windows.10.0.22621",
          "Microsoft.Azure.Management.Internal.Resources.ResourceManagementClient/1.3.76"
        ]
      },
      "RequestBody": "",
      "ResponseHeaders": {
        "Cache-Control": [
          "no-cache"
        ],
        "Pragma": [
          "no-cache"
        ],
        "Location": [
          "https://management.azure.com/subscriptions/964c10bb-8a6c-43bc-83d3-6b318c6c7305/operationresults/eyJqb2JJZCI6IlJFU09VUkNFR1JPVVBERUxFVElPTkpPQi1HUk9VUDoyRFBTOjJEVEVTVDkzNTAtSkFQQU5FQVNUIiwiam9iTG9jYXRpb24iOiJqYXBhbmVhc3QifQ?api-version=2016-09-01"
        ],
        "Retry-After": [
          "15"
        ],
        "x-ms-ratelimit-remaining-subscription-reads": [
          "11996"
        ],
        "x-ms-request-id": [
          "17b0651c-89d9-44ec-b6a0-82c328963ec6"
        ],
        "x-ms-correlation-request-id": [
          "17b0651c-89d9-44ec-b6a0-82c328963ec6"
        ],
        "x-ms-routing-request-id": [
          "KOREACENTRAL:20230724T021148Z:17b0651c-89d9-44ec-b6a0-82c328963ec6"
        ],
        "Strict-Transport-Security": [
          "max-age=31536000; includeSubDomains"
        ],
        "X-Content-Type-Options": [
          "nosniff"
        ],
        "Date": [
          "Mon, 24 Jul 2023 02:11:47 GMT"
        ],
        "Expires": [
          "-1"
        ],
        "Content-Length": [
          "0"
        ]
      },
      "ResponseBody": "",
      "StatusCode": 202
    },
    {
      "RequestUri": "/subscriptions/964c10bb-8a6c-43bc-83d3-6b318c6c7305/operationresults/eyJqb2JJZCI6IlJFU09VUkNFR1JPVVBERUxFVElPTkpPQi1HUk9VUDoyRFBTOjJEVEVTVDkzNTAtSkFQQU5FQVNUIiwiam9iTG9jYXRpb24iOiJqYXBhbmVhc3QifQ?api-version=2016-09-01",
      "EncodedRequestUri": "L3N1YnNjcmlwdGlvbnMvOTY0YzEwYmItOGE2Yy00M2JjLTgzZDMtNmIzMThjNmM3MzA1L29wZXJhdGlvbnJlc3VsdHMvZXlKcWIySkpaQ0k2SWxKRlUwOVZVa05GUjFKUFZWQkVSVXhGVkVsUFRrcFBRaTFIVWs5VlVEb3lSRkJUT2pKRVZFVlRWRGt6TlRBdFNrRlFRVTVGUVZOVUlpd2lhbTlpVEc5allYUnBiMjRpT2lKcVlYQmhibVZoYzNRaWZRP2FwaS12ZXJzaW9uPTIwMTYtMDktMDE=",
      "RequestMethod": "GET",
      "RequestHeaders": {
        "User-Agent": [
          "FxVersion/4.700.22.55902",
          "OSName/Windows",
          "OSVersion/Microsoft.Windows.10.0.22621",
          "Microsoft.Azure.Management.Internal.Resources.ResourceManagementClient/1.3.76"
        ]
      },
      "RequestBody": "",
      "ResponseHeaders": {
        "Cache-Control": [
          "no-cache"
        ],
        "Pragma": [
          "no-cache"
        ],
        "x-ms-ratelimit-remaining-subscription-reads": [
          "11995"
        ],
        "x-ms-request-id": [
          "f8aa1cf5-7cfb-4665-b2d5-02cc8d571f5d"
        ],
        "x-ms-correlation-request-id": [
          "f8aa1cf5-7cfb-4665-b2d5-02cc8d571f5d"
        ],
        "x-ms-routing-request-id": [
          "KOREACENTRAL:20230724T021203Z:f8aa1cf5-7cfb-4665-b2d5-02cc8d571f5d"
        ],
        "Strict-Transport-Security": [
          "max-age=31536000; includeSubDomains"
        ],
        "X-Content-Type-Options": [
          "nosniff"
        ],
        "Date": [
          "Mon, 24 Jul 2023 02:12:03 GMT"
        ],
        "Expires": [
          "-1"
        ],
        "Content-Length": [
          "0"
        ]
      },
      "ResponseBody": "",
      "StatusCode": 200
    },
    {
      "RequestUri": "/subscriptions/964c10bb-8a6c-43bc-83d3-6b318c6c7305/operationresults/eyJqb2JJZCI6IlJFU09VUkNFR1JPVVBERUxFVElPTkpPQi1HUk9VUDoyRFBTOjJEVEVTVDkzNTAtSkFQQU5FQVNUIiwiam9iTG9jYXRpb24iOiJqYXBhbmVhc3QifQ?api-version=2016-09-01",
      "EncodedRequestUri": "L3N1YnNjcmlwdGlvbnMvOTY0YzEwYmItOGE2Yy00M2JjLTgzZDMtNmIzMThjNmM3MzA1L29wZXJhdGlvbnJlc3VsdHMvZXlKcWIySkpaQ0k2SWxKRlUwOVZVa05GUjFKUFZWQkVSVXhGVkVsUFRrcFBRaTFIVWs5VlVEb3lSRkJUT2pKRVZFVlRWRGt6TlRBdFNrRlFRVTVGUVZOVUlpd2lhbTlpVEc5allYUnBiMjRpT2lKcVlYQmhibVZoYzNRaWZRP2FwaS12ZXJzaW9uPTIwMTYtMDktMDE=",
      "RequestMethod": "GET",
      "RequestHeaders": {
        "User-Agent": [
          "FxVersion/4.700.22.55902",
          "OSName/Windows",
          "OSVersion/Microsoft.Windows.10.0.22621",
          "Microsoft.Azure.Management.Internal.Resources.ResourceManagementClient/1.3.76"
        ]
      },
      "RequestBody": "",
      "ResponseHeaders": {
        "Cache-Control": [
          "no-cache"
        ],
        "Pragma": [
          "no-cache"
        ],
        "x-ms-ratelimit-remaining-subscription-reads": [
          "11994"
        ],
        "x-ms-request-id": [
          "9f497118-e76e-4d0e-ac6e-03113e71fb6e"
        ],
        "x-ms-correlation-request-id": [
          "9f497118-e76e-4d0e-ac6e-03113e71fb6e"
        ],
        "x-ms-routing-request-id": [
          "KOREACENTRAL:20230724T021203Z:9f497118-e76e-4d0e-ac6e-03113e71fb6e"
        ],
        "Strict-Transport-Security": [
          "max-age=31536000; includeSubDomains"
        ],
        "X-Content-Type-Options": [
          "nosniff"
        ],
        "Date": [
          "Mon, 24 Jul 2023 02:12:03 GMT"
        ],
        "Expires": [
          "-1"
        ],
        "Content-Length": [
          "0"
        ]
      },
      "ResponseBody": "",
      "StatusCode": 200
    }
  ],
  "Names": {
    "Test-SetGatewayCredential": [
      "hdi-ps-test8876",
      "group-ps-test9350",
      "storagepstest896"
    ]
  },
  "Variables": {
    "SubscriptionId": "964c10bb-8a6c-43bc-83d3-6b318c6c7305"
  }
}