{
  "Entries": [
    {
      "RequestUri": "/pools/mpiPool?api-version=2020-03-01.11.0",
      "EncodedRequestUri": "L3Bvb2xzL21waVBvb2w/YXBpLXZlcnNpb249MjAyMC0wMy0wMS4xMS4w",
      "RequestMethod": "GET",
      "RequestBody": "",
      "RequestHeaders": {
        "client-request-id": [
          "14e19ef5-8d06-4012-b100-55fc55497d1f"
        ],
        "Accept-Language": [
          "en-US"
        ],
        "ocp-date": [
          "Tue, 09 Jun 2020 22:32:19 GMT"
        ],
        "User-Agent": [
          "FxVersion/4.6.28207.03",
          "OSName/Windows",
          "OSVersion/Microsoft.Windows.10.0.18363.",
          "Microsoft.Azure.Batch.Protocol.BatchServiceClient/13.0.20.15503",
          "AzurePowershell/Az1.0.0"
        ]
      },
      "ResponseHeaders": {
        "Transfer-Encoding": [
          "chunked"
        ],
        "ETag": [
          "0x8D80BFAD858C375"
        ],
        "Server": [
          "Microsoft-HTTPAPI/2.0"
        ],
        "request-id": [
          "ae135b6f-3616-4c6c-8205-7a9014a09f80"
        ],
        "Strict-Transport-Security": [
          "max-age=31536000; includeSubDomains"
        ],
        "X-Content-Type-Options": [
          "nosniff"
        ],
        "DataServiceVersion": [
          "3.0"
        ],
        "Date": [
          "Tue, 09 Jun 2020 22:32:40 GMT"
        ],
        "Content-Type": [
          "application/json; odata=minimalmetadata"
        ],
        "Last-Modified": [
          "Mon, 08 Jun 2020 22:25:27 GMT"
        ]
      },
      "ResponseBody": "{\r\n  \"odata.metadata\": \"https://prodtest6.francecentral.batch.azure.com/$metadata#pools/@Element\",\r\n  \"id\": \"mpiPool\",\r\n  \"url\": \"https://prodtest6.francecentral.batch.azure.com/pools/mpiPool\",\r\n  \"eTag\": \"0x8D80BFAD858C375\",\r\n  \"lastModified\": \"2020-06-08T22:25:27.2350581Z\",\r\n  \"creationTime\": \"2020-06-08T22:25:27.2350581Z\",\r\n  \"state\": \"active\",\r\n  \"stateTransitionTime\": \"2020-06-08T22:25:27.2350581Z\",\r\n  \"allocationState\": \"steady\",\r\n  \"allocationStateTransitionTime\": \"2020-06-08T22:26:44.6359603Z\",\r\n  \"vmSize\": \"small\",\r\n  \"resizeTimeout\": \"PT15M\",\r\n  \"currentDedicatedNodes\": 3,\r\n  \"targetDedicatedNodes\": 3,\r\n  \"currentLowPriorityNodes\": 0,\r\n  \"targetLowPriorityNodes\": 0,\r\n  \"enableAutoScale\": false,\r\n  \"enableInterNodeCommunication\": true,\r\n  \"maxTasksPerNode\": 1,\r\n  \"taskSchedulingPolicy\": {\r\n    \"nodeFillType\": \"Spread\"\r\n  },\r\n  \"cloudServiceConfiguration\": {\r\n    \"osFamily\": \"4\",\r\n    \"osVersion\": \"*\"\r\n  }\r\n}",
      "StatusCode": 200
    },
    {
      "RequestUri": "/jobs?api-version=2020-03-01.11.0",
      "EncodedRequestUri": "L2pvYnM/YXBpLXZlcnNpb249MjAyMC0wMy0wMS4xMS4w",
      "RequestMethod": "POST",
      "RequestBody": "{\r\n  \"id\": \"listSubtaskJob\",\r\n  \"priority\": 0,\r\n  \"poolInfo\": {\r\n    \"poolId\": \"mpiPool\"\r\n  }\r\n}",
      "RequestHeaders": {
        "client-request-id": [
          "e43f684e-8177-43f6-9a70-d8919aede0f2"
        ],
        "Accept-Language": [
          "en-US"
        ],
        "ocp-date": [
          "Tue, 09 Jun 2020 22:32:40 GMT"
        ],
        "User-Agent": [
          "FxVersion/4.6.28207.03",
          "OSName/Windows",
          "OSVersion/Microsoft.Windows.10.0.18363.",
          "Microsoft.Azure.Batch.Protocol.BatchServiceClient/13.0.20.15503",
          "AzurePowershell/Az1.0.0"
        ],
        "Content-Type": [
          "application/json; odata=minimalmetadata; charset=utf-8"
        ],
        "Content-Length": [
          "96"
        ]
      },
      "ResponseHeaders": {
        "Transfer-Encoding": [
          "chunked"
        ],
        "ETag": [
          "0x8D80CC505618091"
        ],
        "Location": [
          "https://prodtest6.francecentral.batch.azure.com/jobs/job-1"
        ],
        "Server": [
          "Microsoft-HTTPAPI/2.0"
        ],
        "request-id": [
          "0d86b104-ea87-419b-b83d-93789c82e590"
        ],
        "Strict-Transport-Security": [
          "max-age=31536000; includeSubDomains"
        ],
        "X-Content-Type-Options": [
          "nosniff"
        ],
        "DataServiceVersion": [
          "3.0"
        ],
        "DataServiceId": [
          "https://prodtest6.francecentral.batch.azure.com/jobs/job-1"
        ],
        "Date": [
          "Tue, 09 Jun 2020 22:32:40 GMT"
        ],
        "Last-Modified": [
          "Tue, 09 Jun 2020 22:32:41 GMT"
        ]
      },
      "ResponseBody": "",
      "StatusCode": 201
    },
    {
      "RequestUri": "/jobs/listSubtaskJob/tasks?api-version=2020-03-01.11.0",
      "EncodedRequestUri": "L2pvYnMvbGlzdFN1YnRhc2tKb2IvdGFza3M/YXBpLXZlcnNpb249MjAyMC0wMy0wMS4xMS4w",
      "RequestMethod": "POST",
      "RequestBody": "{\r\n  \"id\": \"testTask\",\r\n  \"commandLine\": \"cmd /c hostname\",\r\n  \"userIdentity\": {\r\n    \"autoUser\": {\r\n      \"scope\": \"task\",\r\n      \"elevationLevel\": \"nonadmin\"\r\n    }\r\n  },\r\n  \"multiInstanceSettings\": {\r\n    \"numberOfInstances\": 3,\r\n    \"coordinationCommandLine\": \"cmd /c echo coordinating\"\r\n  }\r\n}",
      "RequestHeaders": {
        "client-request-id": [
          "669300e7-40cf-4aa6-9a6f-c69e65d89b4d"
        ],
        "Accept-Language": [
          "en-US"
        ],
        "ocp-date": [
          "Tue, 09 Jun 2020 22:32:41 GMT"
        ],
        "User-Agent": [
          "FxVersion/4.6.28207.03",
          "OSName/Windows",
          "OSVersion/Microsoft.Windows.10.0.18363.",
          "Microsoft.Azure.Batch.Protocol.BatchServiceClient/13.0.20.15503",
          "AzurePowershell/Az1.0.0"
        ],
        "Content-Type": [
          "application/json; odata=minimalmetadata; charset=utf-8"
        ],
        "Content-Length": [
          "298"
        ]
      },
      "ResponseHeaders": {
        "Transfer-Encoding": [
          "chunked"
        ],
        "ETag": [
          "0x8D80CC5057E5E44"
        ],
        "Location": [
          "https://prodtest6.francecentral.batch.azure.com/jobs/listSubtaskJob/tasks/testTask"
        ],
        "Server": [
          "Microsoft-HTTPAPI/2.0"
        ],
        "request-id": [
          "9bff4ddc-8a8f-4ce4-90dc-490aa6e856b8"
        ],
        "Strict-Transport-Security": [
          "max-age=31536000; includeSubDomains"
        ],
        "X-Content-Type-Options": [
          "nosniff"
        ],
        "DataServiceVersion": [
          "3.0"
        ],
        "DataServiceId": [
          "https://prodtest6.francecentral.batch.azure.com/jobs/listSubtaskJob/tasks/testTask"
        ],
        "Date": [
          "Tue, 09 Jun 2020 22:32:40 GMT"
        ],
        "Last-Modified": [
          "Tue, 09 Jun 2020 22:32:41 GMT"
        ]
      },
      "ResponseBody": "",
      "StatusCode": 201
    },
    {
      "RequestUri": "/jobs/listSubtaskJob/tasks/testTask?api-version=2020-03-01.11.0",
      "EncodedRequestUri": "L2pvYnMvbGlzdFN1YnRhc2tKb2IvdGFza3MvdGVzdFRhc2s/YXBpLXZlcnNpb249MjAyMC0wMy0wMS4xMS4w",
      "RequestMethod": "GET",
      "RequestBody": "",
      "RequestHeaders": {
        "client-request-id": [
          "55657a2f-0209-4ef4-af4b-d8c1d90888ec"
        ],
        "Accept-Language": [
          "en-US"
        ],
        "ocp-date": [
          "Tue, 09 Jun 2020 22:32:41 GMT"
        ],
        "User-Agent": [
          "FxVersion/4.6.28207.03",
          "OSName/Windows",
          "OSVersion/Microsoft.Windows.10.0.18363.",
          "Microsoft.Azure.Batch.Protocol.BatchServiceClient/13.0.20.15503",
          "AzurePowershell/Az1.0.0"
        ]
      },
      "ResponseHeaders": {
        "Transfer-Encoding": [
          "chunked"
        ],
        "ETag": [
          "0x8D80CC5057E5E44"
        ],
        "Server": [
          "Microsoft-HTTPAPI/2.0"
        ],
        "request-id": [
          "8700e723-5419-41d6-ab80-c4b64ff35697"
        ],
        "Strict-Transport-Security": [
          "max-age=31536000; includeSubDomains"
        ],
        "X-Content-Type-Options": [
          "nosniff"
        ],
        "DataServiceVersion": [
          "3.0"
        ],
        "Date": [
          "Tue, 09 Jun 2020 22:32:40 GMT"
        ],
        "Content-Type": [
          "application/json; odata=minimalmetadata"
        ],
        "Last-Modified": [
          "Tue, 09 Jun 2020 22:32:41 GMT"
        ]
      },
      "ResponseBody": "{\r\n  \"odata.metadata\": \"https://prodtest6.francecentral.batch.azure.com/$metadata#tasks/@Element\",\r\n  \"id\": \"testTask\",\r\n  \"url\": \"https://prodtest6.francecentral.batch.azure.com/jobs/listSubtaskJob/tasks/testTask\",\r\n  \"eTag\": \"0x8D80CC5057E5E44\",\r\n  \"creationTime\": \"2020-06-09T22:32:41.3183556Z\",\r\n  \"lastModified\": \"2020-06-09T22:32:41.3183556Z\",\r\n  \"state\": \"active\",\r\n  \"stateTransitionTime\": \"2020-06-09T22:32:41.3183556Z\",\r\n  \"commandLine\": \"cmd /c hostname\",\r\n  \"userIdentity\": {\r\n    \"autoUser\": {\r\n      \"scope\": \"task\",\r\n      \"elevationLevel\": \"nonadmin\"\r\n    }\r\n  },\r\n  \"multiInstanceSettings\": {\r\n    \"numberOfInstances\": 3,\r\n    \"coordinationCommandLine\": \"cmd /c echo coordinating\"\r\n  },\r\n  \"constraints\": {\r\n    \"maxWallClockTime\": \"P10675199DT2H48M5.4775807S\",\r\n    \"retentionTime\": \"P7D\",\r\n    \"maxTaskRetryCount\": 0\r\n  },\r\n  \"executionInfo\": {\r\n    \"retryCount\": 0,\r\n    \"requeueCount\": 0\r\n  }\r\n}",
      "StatusCode": 200
    },
    {
      "RequestUri": "/jobs/listSubtaskJob/tasks/testTask?api-version=2020-03-01.11.0",
      "EncodedRequestUri": "L2pvYnMvbGlzdFN1YnRhc2tKb2IvdGFza3MvdGVzdFRhc2s/YXBpLXZlcnNpb249MjAyMC0wMy0wMS4xMS4w",
      "RequestMethod": "GET",
      "RequestBody": "",
      "RequestHeaders": {
        "client-request-id": [
          "6e622959-c129-4cec-afea-ed11c1857e15"
        ],
        "Accept-Language": [
          "en-US"
        ],
        "ocp-date": [
          "Tue, 09 Jun 2020 22:33:08 GMT"
        ],
        "User-Agent": [
          "FxVersion/4.6.28207.03",
          "OSName/Windows",
          "OSVersion/Microsoft.Windows.10.0.18363.",
          "Microsoft.Azure.Batch.Protocol.BatchServiceClient/13.0.20.15503",
          "AzurePowershell/Az1.0.0"
        ]
      },
      "ResponseHeaders": {
        "Transfer-Encoding": [
          "chunked"
        ],
        "ETag": [
          "0x8D80CC5057E5E44"
        ],
        "Server": [
          "Microsoft-HTTPAPI/2.0"
        ],
        "request-id": [
          "33b8e934-0f6d-4b34-bffd-6b5ef15ef005"
        ],
        "Strict-Transport-Security": [
          "max-age=31536000; includeSubDomains"
        ],
        "X-Content-Type-Options": [
          "nosniff"
        ],
        "DataServiceVersion": [
          "3.0"
        ],
        "Date": [
          "Tue, 09 Jun 2020 22:33:08 GMT"
        ],
        "Content-Type": [
          "application/json; odata=minimalmetadata"
        ],
        "Last-Modified": [
          "Tue, 09 Jun 2020 22:32:41 GMT"
        ]
      },
      "ResponseBody": "{\r\n  \"odata.metadata\": \"https://prodtest6.francecentral.batch.azure.com/$metadata#tasks/@Element\",\r\n  \"id\": \"testTask\",\r\n  \"url\": \"https://prodtest6.francecentral.batch.azure.com/jobs/listSubtaskJob/tasks/testTask\",\r\n  \"eTag\": \"0x8D80CC5057E5E44\",\r\n  \"creationTime\": \"2020-06-09T22:32:41.3183556Z\",\r\n  \"lastModified\": \"2020-06-09T22:32:41.3183556Z\",\r\n  \"state\": \"completed\",\r\n  \"stateTransitionTime\": \"2020-06-09T22:32:45.654626Z\",\r\n  \"previousState\": \"running\",\r\n  \"previousStateTransitionTime\": \"2020-06-09T22:32:42.181325Z\",\r\n  \"commandLine\": \"cmd /c hostname\",\r\n  \"userIdentity\": {\r\n    \"autoUser\": {\r\n      \"scope\": \"task\",\r\n      \"elevationLevel\": \"nonadmin\"\r\n    }\r\n  },\r\n  \"multiInstanceSettings\": {\r\n    \"numberOfInstances\": 3,\r\n    \"coordinationCommandLine\": \"cmd /c echo coordinating\"\r\n  },\r\n  \"constraints\": {\r\n    \"maxWallClockTime\": \"P10675199DT2H48M5.4775807S\",\r\n    \"retentionTime\": \"P7D\",\r\n    \"maxTaskRetryCount\": 0\r\n  },\r\n  \"executionInfo\": {\r\n    \"startTime\": \"2020-06-09T22:32:42.259507Z\",\r\n    \"endTime\": \"2020-06-09T22:32:45.654626Z\",\r\n    \"exitCode\": 0,\r\n    \"result\": \"success\",\r\n    \"retryCount\": 0,\r\n    \"requeueCount\": 0\r\n  },\r\n  \"nodeInfo\": {\r\n    \"affinityId\": \"TVM:tvmps_0885d4555b6fc379ff567ae9918e924de275e61ab92c37251e524d65048c5731_d\",\r\n    \"nodeUrl\": \"https://prodtest6.francecentral.batch.azure.com/pools/mpiPool/nodes/tvmps_0885d4555b6fc379ff567ae9918e924de275e61ab92c37251e524d65048c5731_d\",\r\n    \"poolId\": \"mpiPool\",\r\n    \"nodeId\": \"tvmps_0885d4555b6fc379ff567ae9918e924de275e61ab92c37251e524d65048c5731_d\",\r\n    \"taskRootDirectory\": \"workitems\\\\listSubtaskJob\\\\job-1\\\\testTask\",\r\n    \"taskRootDirectoryUrl\": \"https://prodtest6.francecentral.batch.azure.com/pools/mpiPool/nodes/tvmps_0885d4555b6fc379ff567ae9918e924de275e61ab92c37251e524d65048c5731_d/files/workitems/listSubtaskJob/job-1/testTask\"\r\n  }\r\n}",
      "StatusCode": 200
    },
    {
      "RequestUri": "/jobs/listSubtaskJob/tasks?api-version=2020-03-01.11.0&$filter=id%20eq%20%27testTask%27&$select=id%2Cstate",
      "EncodedRequestUri": "L2pvYnMvbGlzdFN1YnRhc2tKb2IvdGFza3M/YXBpLXZlcnNpb249MjAyMC0wMy0wMS4xMS4wJiRmaWx0ZXI9aWQlMjBlcSUyMCUyN3Rlc3RUYXNrJTI3JiRzZWxlY3Q9aWQlMkNzdGF0ZQ==",
      "RequestMethod": "GET",
      "RequestBody": "",
      "RequestHeaders": {
        "client-request-id": [
          "56b13606-98b6-4fcd-8980-4fd228388800"
        ],
        "Accept-Language": [
          "en-US"
        ],
        "ocp-date": [
          "Tue, 09 Jun 2020 22:32:41 GMT"
        ],
        "User-Agent": [
          "FxVersion/4.6.28207.03",
          "OSName/Windows",
          "OSVersion/Microsoft.Windows.10.0.18363.",
          "Microsoft.Azure.Batch.Protocol.BatchServiceClient/13.0.20.15503",
          "AzurePowershell/Az1.0.0"
        ]
      },
      "ResponseHeaders": {
        "Transfer-Encoding": [
          "chunked"
        ],
        "Server": [
          "Microsoft-HTTPAPI/2.0"
        ],
        "request-id": [
          "42ff6267-6c4d-4a91-8224-883ee107886d"
        ],
        "Strict-Transport-Security": [
          "max-age=31536000; includeSubDomains"
        ],
        "X-Content-Type-Options": [
          "nosniff"
        ],
        "DataServiceVersion": [
          "3.0"
        ],
        "Date": [
          "Tue, 09 Jun 2020 22:32:40 GMT"
        ],
        "Content-Type": [
          "application/json; odata=minimalmetadata"
        ]
      },
      "ResponseBody": "{\r\n  \"odata.metadata\": \"https://prodtest6.francecentral.batch.azure.com/$metadata#tasks\",\r\n  \"value\": [\r\n    {\r\n      \"id\": \"testTask\",\r\n      \"state\": \"active\"\r\n    }\r\n  ]\r\n}",
      "StatusCode": 200
    },
    {
      "RequestUri": "/jobs/listSubtaskJob/tasks?api-version=2020-03-01.11.0&$filter=id%20eq%20%27testTask%27&$select=id%2Cstate",
      "EncodedRequestUri": "L2pvYnMvbGlzdFN1YnRhc2tKb2IvdGFza3M/YXBpLXZlcnNpb249MjAyMC0wMy0wMS4xMS4wJiRmaWx0ZXI9aWQlMjBlcSUyMCUyN3Rlc3RUYXNrJTI3JiRzZWxlY3Q9aWQlMkNzdGF0ZQ==",
      "RequestMethod": "GET",
      "RequestBody": "",
      "RequestHeaders": {
        "client-request-id": [
          "b9f878a1-0db9-4257-9228-df974630dc72"
        ],
        "Accept-Language": [
          "en-US"
        ],
        "ocp-date": [
          "Tue, 09 Jun 2020 22:32:43 GMT"
        ],
        "User-Agent": [
          "FxVersion/4.6.28207.03",
          "OSName/Windows",
          "OSVersion/Microsoft.Windows.10.0.18363.",
          "Microsoft.Azure.Batch.Protocol.BatchServiceClient/13.0.20.15503",
          "AzurePowershell/Az1.0.0"
        ]
      },
      "ResponseHeaders": {
        "Transfer-Encoding": [
          "chunked"
        ],
        "Server": [
          "Microsoft-HTTPAPI/2.0"
        ],
        "request-id": [
          "9e81b9a9-5b00-4cce-9a37-4e05978b122b"
        ],
        "Strict-Transport-Security": [
          "max-age=31536000; includeSubDomains"
        ],
        "X-Content-Type-Options": [
          "nosniff"
        ],
        "DataServiceVersion": [
          "3.0"
        ],
        "Date": [
          "Tue, 09 Jun 2020 22:32:43 GMT"
        ],
        "Content-Type": [
          "application/json; odata=minimalmetadata"
        ]
      },
      "ResponseBody": "{\r\n  \"odata.metadata\": \"https://prodtest6.francecentral.batch.azure.com/$metadata#tasks\",\r\n  \"value\": [\r\n    {\r\n      \"id\": \"testTask\",\r\n      \"state\": \"running\"\r\n    }\r\n  ]\r\n}",
      "StatusCode": 200
    },
    {
      "RequestUri": "/jobs/listSubtaskJob/tasks?api-version=2020-03-01.11.0&$filter=id%20eq%20%27testTask%27&$select=id%2Cstate",
      "EncodedRequestUri": "L2pvYnMvbGlzdFN1YnRhc2tKb2IvdGFza3M/YXBpLXZlcnNpb249MjAyMC0wMy0wMS4xMS4wJiRmaWx0ZXI9aWQlMjBlcSUyMCUyN3Rlc3RUYXNrJTI3JiRzZWxlY3Q9aWQlMkNzdGF0ZQ==",
      "RequestMethod": "GET",
      "RequestBody": "",
      "RequestHeaders": {
        "client-request-id": [
          "bc0a3503-8733-46c4-918e-1b3a4d686eec"
        ],
        "Accept-Language": [
          "en-US"
        ],
        "ocp-date": [
          "Tue, 09 Jun 2020 22:32:45 GMT"
        ],
        "User-Agent": [
          "FxVersion/4.6.28207.03",
          "OSName/Windows",
          "OSVersion/Microsoft.Windows.10.0.18363.",
          "Microsoft.Azure.Batch.Protocol.BatchServiceClient/13.0.20.15503",
          "AzurePowershell/Az1.0.0"
        ]
      },
      "ResponseHeaders": {
        "Transfer-Encoding": [
          "chunked"
        ],
        "Server": [
          "Microsoft-HTTPAPI/2.0"
        ],
        "request-id": [
          "35382561-5fed-4fb4-a0b7-e4377b8d1c60"
        ],
        "Strict-Transport-Security": [
          "max-age=31536000; includeSubDomains"
        ],
        "X-Content-Type-Options": [
          "nosniff"
        ],
        "DataServiceVersion": [
          "3.0"
        ],
        "Date": [
          "Tue, 09 Jun 2020 22:32:45 GMT"
        ],
        "Content-Type": [
          "application/json; odata=minimalmetadata"
        ]
      },
      "ResponseBody": "{\r\n  \"odata.metadata\": \"https://prodtest6.francecentral.batch.azure.com/$metadata#tasks\",\r\n  \"value\": [\r\n    {\r\n      \"id\": \"testTask\",\r\n      \"state\": \"completed\"\r\n    }\r\n  ]\r\n}",
      "StatusCode": 200
    },
    {
      "RequestUri": "/jobs/listSubtaskJob/tasks/testTask/subtasksinfo?api-version=2020-03-01.11.0",
      "EncodedRequestUri": "L2pvYnMvbGlzdFN1YnRhc2tKb2IvdGFza3MvdGVzdFRhc2svc3VidGFza3NpbmZvP2FwaS12ZXJzaW9uPTIwMjAtMDMtMDEuMTEuMA==",
      "RequestMethod": "GET",
      "RequestBody": "",
      "RequestHeaders": {
        "client-request-id": [
          "6dccefd6-505d-47f2-9798-2c88d591c12c"
        ],
        "Accept-Language": [
          "en-US"
        ],
        "ocp-date": [
          "Tue, 09 Jun 2020 22:32:46 GMT"
        ],
        "User-Agent": [
          "FxVersion/4.6.28207.03",
          "OSName/Windows",
          "OSVersion/Microsoft.Windows.10.0.18363.",
          "Microsoft.Azure.Batch.Protocol.BatchServiceClient/13.0.20.15503",
          "AzurePowershell/Az1.0.0"
        ]
      },
      "ResponseHeaders": {
        "Transfer-Encoding": [
          "chunked"
        ],
        "Server": [
          "Microsoft-HTTPAPI/2.0"
        ],
        "request-id": [
          "f8bd4961-ac46-4978-a5cb-d85967e74ea3"
        ],
        "Strict-Transport-Security": [
          "max-age=31536000; includeSubDomains"
        ],
        "X-Content-Type-Options": [
          "nosniff"
        ],
        "DataServiceVersion": [
          "3.0"
        ],
        "Date": [
          "Tue, 09 Jun 2020 22:33:08 GMT"
        ],
        "Content-Type": [
          "application/json; odata=minimalmetadata"
        ]
      },
      "ResponseBody": "{\r\n  \"odata.metadata\": \"https://prodtest6.francecentral.batch.azure.com/$metadata#subtaskinfo\",\r\n  \"value\": [\r\n    {\r\n      \"id\": 1,\r\n      \"startTime\": \"2020-06-09T22:32:42.271372Z\",\r\n      \"endTime\": \"2020-06-09T22:32:45.559366Z\",\r\n      \"state\": \"completed\",\r\n      \"stateTransitionTime\": \"2020-06-09T22:32:45.559366Z\",\r\n      \"previousState\": \"running\",\r\n      \"previousStateTransitionTime\": \"2020-06-09T22:32:42.145288Z\",\r\n      \"result\": \"success\",\r\n      \"exitCode\": 0,\r\n      \"nodeInfo\": {\r\n        \"affinityId\": \"TVM:tvmps_7ef4c0220208d7045620dd9e7a078a01693e5ac45b02a43c75611192f27d56f7_d\",\r\n        \"nodeUrl\": \"https://prodtest6.francecentral.batch.azure.com/pools/mpiPool/nodes/tvmps_7ef4c0220208d7045620dd9e7a078a01693e5ac45b02a43c75611192f27d56f7_d\",\r\n        \"poolId\": \"mpiPool\",\r\n        \"nodeId\": \"tvmps_7ef4c0220208d7045620dd9e7a078a01693e5ac45b02a43c75611192f27d56f7_d\",\r\n        \"taskRootDirectory\": \"workitems\\\\listSubtaskJob\\\\job-1\\\\testTask\",\r\n        \"taskRootDirectoryUrl\": \"https://prodtest6.francecentral.batch.azure.com/pools/mpiPool/nodes/tvmps_7ef4c0220208d7045620dd9e7a078a01693e5ac45b02a43c75611192f27d56f7_d/files/workitems/listSubtaskJob/job-1/testTask\"\r\n      }\r\n    },\r\n    {\r\n      \"id\": 2,\r\n      \"startTime\": \"2020-06-09T22:32:42.229088Z\",\r\n      \"endTime\": \"2020-06-09T22:32:45.54492Z\",\r\n      \"state\": \"completed\",\r\n      \"stateTransitionTime\": \"2020-06-09T22:32:45.54492Z\",\r\n      \"previousState\": \"running\",\r\n      \"previousStateTransitionTime\": \"2020-06-09T22:32:42.15398Z\",\r\n      \"result\": \"success\",\r\n      \"exitCode\": 0,\r\n      \"nodeInfo\": {\r\n        \"affinityId\": \"TVM:tvmps_5c2f945688a02f0abd6e1e161bca42c9c41be7b051d638148c33d6045c32dd17_d\",\r\n        \"nodeUrl\": \"https://prodtest6.francecentral.batch.azure.com/pools/mpiPool/nodes/tvmps_5c2f945688a02f0abd6e1e161bca42c9c41be7b051d638148c33d6045c32dd17_d\",\r\n        \"poolId\": \"mpiPool\",\r\n        \"nodeId\": \"tvmps_5c2f945688a02f0abd6e1e161bca42c9c41be7b051d638148c33d6045c32dd17_d\",\r\n        \"taskRootDirectory\": \"workitems\\\\listSubtaskJob\\\\job-1\\\\testTask\",\r\n        \"taskRootDirectoryUrl\": \"https://prodtest6.francecentral.batch.azure.com/pools/mpiPool/nodes/tvmps_5c2f945688a02f0abd6e1e161bca42c9c41be7b051d638148c33d6045c32dd17_d/files/workitems/listSubtaskJob/job-1/testTask\"\r\n      }\r\n    }\r\n  ]\r\n}",
      "StatusCode": 200
    },
    {
      "RequestUri": "/jobs/listSubtaskJob/tasks/testTask/subtasksinfo?api-version=2020-03-01.11.0",
      "EncodedRequestUri": "L2pvYnMvbGlzdFN1YnRhc2tKb2IvdGFza3MvdGVzdFRhc2svc3VidGFza3NpbmZvP2FwaS12ZXJzaW9uPTIwMjAtMDMtMDEuMTEuMA==",
      "RequestMethod": "GET",
      "RequestBody": "",
      "RequestHeaders": {
        "client-request-id": [
          "58e98286-50ed-4678-95c2-7904e9568f6d"
        ],
        "Accept-Language": [
          "en-US"
        ],
        "ocp-date": [
          "Tue, 09 Jun 2020 22:33:08 GMT"
        ],
        "User-Agent": [
          "FxVersion/4.6.28207.03",
          "OSName/Windows",
          "OSVersion/Microsoft.Windows.10.0.18363.",
          "Microsoft.Azure.Batch.Protocol.BatchServiceClient/13.0.20.15503",
          "AzurePowershell/Az1.0.0"
        ]
      },
      "ResponseHeaders": {
        "Transfer-Encoding": [
          "chunked"
        ],
        "Server": [
          "Microsoft-HTTPAPI/2.0"
        ],
        "request-id": [
          "0a9d4734-cd93-4331-8e15-1458417ee595"
        ],
        "Strict-Transport-Security": [
          "max-age=31536000; includeSubDomains"
        ],
        "X-Content-Type-Options": [
          "nosniff"
        ],
        "DataServiceVersion": [
          "3.0"
        ],
        "Date": [
          "Tue, 09 Jun 2020 22:33:08 GMT"
        ],
        "Content-Type": [
          "application/json; odata=minimalmetadata"
        ]
      },
      "ResponseBody": "{\r\n  \"odata.metadata\": \"https://prodtest6.francecentral.batch.azure.com/$metadata#subtaskinfo\",\r\n  \"value\": [\r\n    {\r\n      \"id\": 1,\r\n      \"startTime\": \"2020-06-09T22:32:42.271372Z\",\r\n      \"endTime\": \"2020-06-09T22:32:45.559366Z\",\r\n      \"state\": \"completed\",\r\n      \"stateTransitionTime\": \"2020-06-09T22:32:45.559366Z\",\r\n      \"previousState\": \"running\",\r\n      \"previousStateTransitionTime\": \"2020-06-09T22:32:42.145288Z\",\r\n      \"result\": \"success\",\r\n      \"exitCode\": 0,\r\n      \"nodeInfo\": {\r\n        \"affinityId\": \"TVM:tvmps_7ef4c0220208d7045620dd9e7a078a01693e5ac45b02a43c75611192f27d56f7_d\",\r\n        \"nodeUrl\": \"https://prodtest6.francecentral.batch.azure.com/pools/mpiPool/nodes/tvmps_7ef4c0220208d7045620dd9e7a078a01693e5ac45b02a43c75611192f27d56f7_d\",\r\n        \"poolId\": \"mpiPool\",\r\n        \"nodeId\": \"tvmps_7ef4c0220208d7045620dd9e7a078a01693e5ac45b02a43c75611192f27d56f7_d\",\r\n        \"taskRootDirectory\": \"workitems\\\\listSubtaskJob\\\\job-1\\\\testTask\",\r\n        \"taskRootDirectoryUrl\": \"https://prodtest6.francecentral.batch.azure.com/pools/mpiPool/nodes/tvmps_7ef4c0220208d7045620dd9e7a078a01693e5ac45b02a43c75611192f27d56f7_d/files/workitems/listSubtaskJob/job-1/testTask\"\r\n      }\r\n    },\r\n    {\r\n      \"id\": 2,\r\n      \"startTime\": \"2020-06-09T22:32:42.229088Z\",\r\n      \"endTime\": \"2020-06-09T22:32:45.54492Z\",\r\n      \"state\": \"completed\",\r\n      \"stateTransitionTime\": \"2020-06-09T22:32:45.54492Z\",\r\n      \"previousState\": \"running\",\r\n      \"previousStateTransitionTime\": \"2020-06-09T22:32:42.15398Z\",\r\n      \"result\": \"success\",\r\n      \"exitCode\": 0,\r\n      \"nodeInfo\": {\r\n        \"affinityId\": \"TVM:tvmps_5c2f945688a02f0abd6e1e161bca42c9c41be7b051d638148c33d6045c32dd17_d\",\r\n        \"nodeUrl\": \"https://prodtest6.francecentral.batch.azure.com/pools/mpiPool/nodes/tvmps_5c2f945688a02f0abd6e1e161bca42c9c41be7b051d638148c33d6045c32dd17_d\",\r\n        \"poolId\": \"mpiPool\",\r\n        \"nodeId\": \"tvmps_5c2f945688a02f0abd6e1e161bca42c9c41be7b051d638148c33d6045c32dd17_d\",\r\n        \"taskRootDirectory\": \"workitems\\\\listSubtaskJob\\\\job-1\\\\testTask\",\r\n        \"taskRootDirectoryUrl\": \"https://prodtest6.francecentral.batch.azure.com/pools/mpiPool/nodes/tvmps_5c2f945688a02f0abd6e1e161bca42c9c41be7b051d638148c33d6045c32dd17_d/files/workitems/listSubtaskJob/job-1/testTask\"\r\n      }\r\n    }\r\n  ]\r\n}",
      "StatusCode": 200
    },
    {
      "RequestUri": "/jobs/listSubtaskJob?api-version=2020-03-01.11.0",
      "EncodedRequestUri": "L2pvYnMvbGlzdFN1YnRhc2tKb2I/YXBpLXZlcnNpb249MjAyMC0wMy0wMS4xMS4w",
      "RequestMethod": "DELETE",
      "RequestBody": "",
      "RequestHeaders": {
        "client-request-id": [
          "7115fbad-c58a-491a-bc36-94ff7c872e25"
        ],
        "Accept-Language": [
          "en-US"
        ],
        "ocp-date": [
          "Tue, 09 Jun 2020 22:33:08 GMT"
        ],
        "User-Agent": [
          "FxVersion/4.6.28207.03",
          "OSName/Windows",
          "OSVersion/Microsoft.Windows.10.0.18363.",
          "Microsoft.Azure.Batch.Protocol.BatchServiceClient/13.0.20.15503",
          "AzurePowershell/Az1.0.0"
        ],
        "Content-Length": [
          "0"
        ]
      },
      "ResponseHeaders": {
        "Transfer-Encoding": [
          "chunked"
        ],
        "Server": [
          "Microsoft-HTTPAPI/2.0"
        ],
        "request-id": [
          "4e371537-00b2-4f06-87b0-319aeadbed45"
        ],
        "Strict-Transport-Security": [
          "max-age=31536000; includeSubDomains"
        ],
        "X-Content-Type-Options": [
          "nosniff"
        ],
        "DataServiceVersion": [
          "3.0"
        ],
        "Date": [
          "Tue, 09 Jun 2020 22:33:08 GMT"
        ]
      },
      "ResponseBody": "",
      "StatusCode": 202
    }
  ],
  "Names": {},
  "Variables": {
    "SubscriptionId": "21abd678-18c5-4660-9fdd-8c5ba6b6fe1f",
    "AZURE_BATCH_ACCOUNT": "prodtest6",
    "AZURE_BATCH_ENDPOINT": "https://prodtest6.francecentral.batch.azure.com",
    "AZURE_BATCH_RESOURCE_GROUP": "abc"
  }
}