{
  "Entries": [
    {
      "RequestUri": "/jobs?api-version=2019-08-01.10.0",
      "EncodedRequestUri": "L2pvYnM/YXBpLXZlcnNpb249MjAxOS0wOC0wMS4xMC4w",
      "RequestMethod": "POST",
      "RequestBody": "{\r\n  \"id\": \"taskCrudJob\",\r\n  \"priority\": 0,\r\n  \"poolInfo\": {\r\n    \"poolId\": \"testPool\"\r\n  }\r\n}",
      "RequestHeaders": {
        "client-request-id": [
          "16f9db27-cc54-42eb-b98d-669d21cf13d1"
        ],
        "Accept-Language": [
          "en-US"
        ],
        "ocp-date": [
          "Fri, 06 Sep 2019 21:37:48 GMT"
        ],
        "User-Agent": [
          "FxVersion/4.6.27817.01",
          "OSName/Windows",
          "OSVersion/Microsoft.Windows.10.0.18362.",
          "Microsoft.Azure.Batch.Protocol.BatchServiceClient/12.0.19.40611",
          "AzurePowershell/Az1.0.0"
        ],
        "Content-Type": [
          "application/json; odata=minimalmetadata; charset=utf-8"
        ],
        "Content-Length": [
          "94"
        ]
      },
      "ResponseHeaders": {
        "Transfer-Encoding": [
          "chunked"
        ],
        "ETag": [
          "0x8D7331276671222"
        ],
        "Location": [
          "https://matthchrwestcentralus.westcentralus.batch.azure.com/jobs/job-1"
        ],
        "Server": [
          "Microsoft-HTTPAPI/2.0"
        ],
        "request-id": [
          "d084cb78-26e4-4e90-9a72-a0dc93da8243"
        ],
        "Strict-Transport-Security": [
          "max-age=31536000; includeSubDomains"
        ],
        "X-Content-Type-Options": [
          "nosniff"
        ],
        "DataServiceVersion": [
          "3.0"
        ],
        "DataServiceId": [
          "https://matthchrwestcentralus.westcentralus.batch.azure.com/jobs/job-1"
        ],
        "Date": [
          "Fri, 06 Sep 2019 21:37:48 GMT"
        ],
        "Last-Modified": [
          "Fri, 06 Sep 2019 21:37:48 GMT"
        ]
      },
      "ResponseBody": "",
      "StatusCode": 201
    },
    {
      "RequestUri": "/jobs/taskCrudJob/tasks?api-version=2019-08-01.10.0",
      "EncodedRequestUri": "L2pvYnMvdGFza0NydWRKb2IvdGFza3M/YXBpLXZlcnNpb249MjAxOS0wOC0wMS4xMC4w",
      "RequestMethod": "POST",
      "RequestBody": "{\r\n  \"id\": \"task1\",\r\n  \"commandLine\": \"cmd /c echo task1\"\r\n}",
      "RequestHeaders": {
        "client-request-id": [
          "d96480ea-e137-4c21-b5f8-bfd60047340c"
        ],
        "Accept-Language": [
          "en-US"
        ],
        "ocp-date": [
          "Fri, 06 Sep 2019 21:37:48 GMT"
        ],
        "User-Agent": [
          "FxVersion/4.6.27817.01",
          "OSName/Windows",
          "OSVersion/Microsoft.Windows.10.0.18362.",
          "Microsoft.Azure.Batch.Protocol.BatchServiceClient/12.0.19.40611",
          "AzurePowershell/Az1.0.0"
        ],
        "Content-Type": [
          "application/json; odata=minimalmetadata; charset=utf-8"
        ],
        "Content-Length": [
          "60"
        ]
      },
      "ResponseHeaders": {
        "Transfer-Encoding": [
          "chunked"
        ],
        "ETag": [
          "0x8D7331276A68549"
        ],
        "Location": [
          "https://matthchrwestcentralus.westcentralus.batch.azure.com/jobs/taskCrudJob/tasks/task1"
        ],
        "Server": [
          "Microsoft-HTTPAPI/2.0"
        ],
        "request-id": [
          "85bab0e2-6e13-4899-8591-0082de9e2386"
        ],
        "Strict-Transport-Security": [
          "max-age=31536000; includeSubDomains"
        ],
        "X-Content-Type-Options": [
          "nosniff"
        ],
        "DataServiceVersion": [
          "3.0"
        ],
        "DataServiceId": [
          "https://matthchrwestcentralus.westcentralus.batch.azure.com/jobs/taskCrudJob/tasks/task1"
        ],
        "Date": [
          "Fri, 06 Sep 2019 21:37:48 GMT"
        ],
        "Last-Modified": [
          "Fri, 06 Sep 2019 21:37:48 GMT"
        ]
      },
      "ResponseBody": "",
      "StatusCode": 201
    },
    {
      "RequestUri": "/jobs/taskCrudJob/tasks?api-version=2019-08-01.10.0",
      "EncodedRequestUri": "L2pvYnMvdGFza0NydWRKb2IvdGFza3M/YXBpLXZlcnNpb249MjAxOS0wOC0wMS4xMC4w",
      "RequestMethod": "POST",
      "RequestBody": "{\r\n  \"id\": \"task2\",\r\n  \"commandLine\": \"cmd /c echo task2\"\r\n}",
      "RequestHeaders": {
        "client-request-id": [
          "2ab0f938-608c-4fec-bbbe-bd80477f8738"
        ],
        "Accept-Language": [
          "en-US"
        ],
        "ocp-date": [
          "Fri, 06 Sep 2019 21:37:49 GMT"
        ],
        "User-Agent": [
          "FxVersion/4.6.27817.01",
          "OSName/Windows",
          "OSVersion/Microsoft.Windows.10.0.18362.",
          "Microsoft.Azure.Batch.Protocol.BatchServiceClient/12.0.19.40611",
          "AzurePowershell/Az1.0.0"
        ],
        "Content-Type": [
          "application/json; odata=minimalmetadata; charset=utf-8"
        ],
        "Content-Length": [
          "60"
        ]
      },
      "ResponseHeaders": {
        "Transfer-Encoding": [
          "chunked"
        ],
        "ETag": [
          "0x8D7331276BE5435"
        ],
        "Location": [
          "https://matthchrwestcentralus.westcentralus.batch.azure.com/jobs/taskCrudJob/tasks/task2"
        ],
        "Server": [
          "Microsoft-HTTPAPI/2.0"
        ],
        "request-id": [
          "1e5bda23-ec65-42bd-8fbf-e615467f5ab8"
        ],
        "Strict-Transport-Security": [
          "max-age=31536000; includeSubDomains"
        ],
        "X-Content-Type-Options": [
          "nosniff"
        ],
        "DataServiceVersion": [
          "3.0"
        ],
        "DataServiceId": [
          "https://matthchrwestcentralus.westcentralus.batch.azure.com/jobs/taskCrudJob/tasks/task2"
        ],
        "Date": [
          "Fri, 06 Sep 2019 21:37:48 GMT"
        ],
        "Last-Modified": [
          "Fri, 06 Sep 2019 21:37:49 GMT"
        ]
      },
      "ResponseBody": "",
      "StatusCode": 201
    },
    {
      "RequestUri": "/jobs/taskCrudJob/tasks?api-version=2019-08-01.10.0&$filter=id%20eq%20%27task1%27%20or%20id%20eq%20%27task2%27",
      "EncodedRequestUri": "L2pvYnMvdGFza0NydWRKb2IvdGFza3M/YXBpLXZlcnNpb249MjAxOS0wOC0wMS4xMC4wJiRmaWx0ZXI9aWQlMjBlcSUyMCUyN3Rhc2sxJTI3JTIwb3IlMjBpZCUyMGVxJTIwJTI3dGFzazIlMjc=",
      "RequestMethod": "GET",
      "RequestBody": "",
      "RequestHeaders": {
        "client-request-id": [
          "7301dfd8-df7e-423b-8445-ec3c5e5d6030"
        ],
        "Accept-Language": [
          "en-US"
        ],
        "ocp-date": [
          "Fri, 06 Sep 2019 21:37:49 GMT"
        ],
        "User-Agent": [
          "FxVersion/4.6.27817.01",
          "OSName/Windows",
          "OSVersion/Microsoft.Windows.10.0.18362.",
          "Microsoft.Azure.Batch.Protocol.BatchServiceClient/12.0.19.40611",
          "AzurePowershell/Az1.0.0"
        ]
      },
      "ResponseHeaders": {
        "Transfer-Encoding": [
          "chunked"
        ],
        "Server": [
          "Microsoft-HTTPAPI/2.0"
        ],
        "request-id": [
          "7f5de84d-f4cf-4f90-b8fe-6afa1fa62c9d"
        ],
        "Strict-Transport-Security": [
          "max-age=31536000; includeSubDomains"
        ],
        "X-Content-Type-Options": [
          "nosniff"
        ],
        "DataServiceVersion": [
          "3.0"
        ],
        "Date": [
          "Fri, 06 Sep 2019 21:37:48 GMT"
        ],
        "Content-Type": [
          "application/json; odata=minimalmetadata"
        ]
      },
      "ResponseBody": "{\r\n  \"odata.metadata\": \"https://matthchrwestcentralus.westcentralus.batch.azure.com/$metadata#tasks\",\r\n  \"value\": [\r\n    {\r\n      \"id\": \"task1\",\r\n      \"url\": \"https://matthchrwestcentralus.westcentralus.batch.azure.com/jobs/taskCrudJob/tasks/task1\",\r\n      \"eTag\": \"0x8D7331276A68549\",\r\n      \"creationTime\": \"2019-09-06T21:37:48.9267017Z\",\r\n      \"lastModified\": \"2019-09-06T21:37:48.9267017Z\",\r\n      \"state\": \"active\",\r\n      \"stateTransitionTime\": \"2019-09-06T21:37:48.9267017Z\",\r\n      \"commandLine\": \"cmd /c echo task1\",\r\n      \"userIdentity\": {\r\n        \"autoUser\": {\r\n          \"scope\": \"pool\",\r\n          \"elevationLevel\": \"nonadmin\"\r\n        }\r\n      },\r\n      \"constraints\": {\r\n        \"maxWallClockTime\": \"P10675199DT2H48M5.4775807S\",\r\n        \"retentionTime\": \"P7D\",\r\n        \"maxTaskRetryCount\": 0\r\n      },\r\n      \"executionInfo\": {\r\n        \"retryCount\": 0,\r\n        \"requeueCount\": 0\r\n      }\r\n    },\r\n    {\r\n      \"id\": \"task2\",\r\n      \"url\": \"https://matthchrwestcentralus.westcentralus.batch.azure.com/jobs/taskCrudJob/tasks/task2\",\r\n      \"eTag\": \"0x8D7331276BE5435\",\r\n      \"creationTime\": \"2019-09-06T21:37:49.0827317Z\",\r\n      \"lastModified\": \"2019-09-06T21:37:49.0827317Z\",\r\n      \"state\": \"active\",\r\n      \"stateTransitionTime\": \"2019-09-06T21:37:49.0827317Z\",\r\n      \"commandLine\": \"cmd /c echo task2\",\r\n      \"userIdentity\": {\r\n        \"autoUser\": {\r\n          \"scope\": \"pool\",\r\n          \"elevationLevel\": \"nonadmin\"\r\n        }\r\n      },\r\n      \"constraints\": {\r\n        \"maxWallClockTime\": \"P10675199DT2H48M5.4775807S\",\r\n        \"retentionTime\": \"P7D\",\r\n        \"maxTaskRetryCount\": 0\r\n      },\r\n      \"executionInfo\": {\r\n        \"retryCount\": 0,\r\n        \"requeueCount\": 0\r\n      }\r\n    }\r\n  ]\r\n}",
      "StatusCode": 200
    },
    {
      "RequestUri": "/jobs/taskCrudJob/tasks/task2?api-version=2019-08-01.10.0",
      "EncodedRequestUri": "L2pvYnMvdGFza0NydWRKb2IvdGFza3MvdGFzazI/YXBpLXZlcnNpb249MjAxOS0wOC0wMS4xMC4w",
      "RequestMethod": "PUT",
      "RequestBody": "{\r\n  \"constraints\": {\r\n    \"maxTaskRetryCount\": 3\r\n  }\r\n}",
      "RequestHeaders": {
        "client-request-id": [
          "bb1186df-0a81-4fbf-94b9-ec76549991ec"
        ],
        "Accept-Language": [
          "en-US"
        ],
        "ocp-date": [
          "Fri, 06 Sep 2019 21:37:49 GMT"
        ],
        "User-Agent": [
          "FxVersion/4.6.27817.01",
          "OSName/Windows",
          "OSVersion/Microsoft.Windows.10.0.18362.",
          "Microsoft.Azure.Batch.Protocol.BatchServiceClient/12.0.19.40611",
          "AzurePowershell/Az1.0.0"
        ],
        "Content-Type": [
          "application/json; odata=minimalmetadata; charset=utf-8"
        ],
        "Content-Length": [
          "57"
        ]
      },
      "ResponseHeaders": {
        "Transfer-Encoding": [
          "chunked"
        ],
        "ETag": [
          "0x8D7331276E0C0C0"
        ],
        "Server": [
          "Microsoft-HTTPAPI/2.0"
        ],
        "request-id": [
          "b33b546f-ff7f-454c-9ae7-b402a50b19dd"
        ],
        "Strict-Transport-Security": [
          "max-age=31536000; includeSubDomains"
        ],
        "X-Content-Type-Options": [
          "nosniff"
        ],
        "DataServiceVersion": [
          "3.0"
        ],
        "DataServiceId": [
          "https://matthchrwestcentralus.westcentralus.batch.azure.com/jobs/taskCrudJob/tasks/task2"
        ],
        "Date": [
          "Fri, 06 Sep 2019 21:37:48 GMT"
        ],
        "Last-Modified": [
          "Fri, 06 Sep 2019 21:37:49 GMT"
        ]
      },
      "ResponseBody": "",
      "StatusCode": 200
    },
    {
      "RequestUri": "/jobs/taskCrudJob/tasks/task2?api-version=2019-08-01.10.0",
      "EncodedRequestUri": "L2pvYnMvdGFza0NydWRKb2IvdGFza3MvdGFzazI/YXBpLXZlcnNpb249MjAxOS0wOC0wMS4xMC4w",
      "RequestMethod": "GET",
      "RequestBody": "",
      "RequestHeaders": {
        "client-request-id": [
          "768d6c4e-460b-4781-a859-9293f6b70e67"
        ],
        "Accept-Language": [
          "en-US"
        ],
        "ocp-date": [
          "Fri, 06 Sep 2019 21:37:49 GMT"
        ],
        "User-Agent": [
          "FxVersion/4.6.27817.01",
          "OSName/Windows",
          "OSVersion/Microsoft.Windows.10.0.18362.",
          "Microsoft.Azure.Batch.Protocol.BatchServiceClient/12.0.19.40611",
          "AzurePowershell/Az1.0.0"
        ]
      },
      "ResponseHeaders": {
        "Transfer-Encoding": [
          "chunked"
        ],
        "ETag": [
          "0x8D7331276E0C0C0"
        ],
        "Server": [
          "Microsoft-HTTPAPI/2.0"
        ],
        "request-id": [
          "bbf50f40-6077-4943-b33c-f518411999a6"
        ],
        "Strict-Transport-Security": [
          "max-age=31536000; includeSubDomains"
        ],
        "X-Content-Type-Options": [
          "nosniff"
        ],
        "DataServiceVersion": [
          "3.0"
        ],
        "Date": [
          "Fri, 06 Sep 2019 21:37:48 GMT"
        ],
        "Content-Type": [
          "application/json; odata=minimalmetadata"
        ],
        "Last-Modified": [
          "Fri, 06 Sep 2019 21:37:49 GMT"
        ]
      },
      "ResponseBody": "{\r\n  \"odata.metadata\": \"https://matthchrwestcentralus.westcentralus.batch.azure.com/$metadata#tasks/@Element\",\r\n  \"id\": \"task2\",\r\n  \"url\": \"https://matthchrwestcentralus.westcentralus.batch.azure.com/jobs/taskCrudJob/tasks/task2\",\r\n  \"eTag\": \"0x8D7331276E0C0C0\",\r\n  \"creationTime\": \"2019-09-06T21:37:49.0827317Z\",\r\n  \"lastModified\": \"2019-09-06T21:37:49.3083328Z\",\r\n  \"state\": \"active\",\r\n  \"stateTransitionTime\": \"2019-09-06T21:37:49.0827317Z\",\r\n  \"commandLine\": \"cmd /c echo task2\",\r\n  \"userIdentity\": {\r\n    \"autoUser\": {\r\n      \"scope\": \"pool\",\r\n      \"elevationLevel\": \"nonadmin\"\r\n    }\r\n  },\r\n  \"constraints\": {\r\n    \"maxWallClockTime\": \"P10675199DT2H48M5.4775807S\",\r\n    \"retentionTime\": \"P7D\",\r\n    \"maxTaskRetryCount\": 3\r\n  },\r\n  \"executionInfo\": {\r\n    \"retryCount\": 0,\r\n    \"requeueCount\": 0\r\n  }\r\n}",
      "StatusCode": 200
    },
    {
      "RequestUri": "/jobs/taskCrudJob/tasks?api-version=2019-08-01.10.0",
      "EncodedRequestUri": "L2pvYnMvdGFza0NydWRKb2IvdGFza3M/YXBpLXZlcnNpb249MjAxOS0wOC0wMS4xMC4w",
      "RequestMethod": "GET",
      "RequestBody": "",
      "RequestHeaders": {
        "client-request-id": [
          "7f86bca4-d180-4779-8fa5-3bb7dbc319f1"
        ],
        "Accept-Language": [
          "en-US"
        ],
        "ocp-date": [
          "Fri, 06 Sep 2019 21:37:49 GMT"
        ],
        "User-Agent": [
          "FxVersion/4.6.27817.01",
          "OSName/Windows",
          "OSVersion/Microsoft.Windows.10.0.18362.",
          "Microsoft.Azure.Batch.Protocol.BatchServiceClient/12.0.19.40611",
          "AzurePowershell/Az1.0.0"
        ]
      },
      "ResponseHeaders": {
        "Transfer-Encoding": [
          "chunked"
        ],
        "Server": [
          "Microsoft-HTTPAPI/2.0"
        ],
        "request-id": [
          "0e2e35d3-89e1-4eaa-9431-db384b705255"
        ],
        "Strict-Transport-Security": [
          "max-age=31536000; includeSubDomains"
        ],
        "X-Content-Type-Options": [
          "nosniff"
        ],
        "DataServiceVersion": [
          "3.0"
        ],
        "Date": [
          "Fri, 06 Sep 2019 21:37:48 GMT"
        ],
        "Content-Type": [
          "application/json; odata=minimalmetadata"
        ]
      },
      "ResponseBody": "{\r\n  \"odata.metadata\": \"https://matthchrwestcentralus.westcentralus.batch.azure.com/$metadata#tasks\",\r\n  \"value\": [\r\n    {\r\n      \"id\": \"task1\",\r\n      \"url\": \"https://matthchrwestcentralus.westcentralus.batch.azure.com/jobs/taskCrudJob/tasks/task1\",\r\n      \"eTag\": \"0x8D7331276A68549\",\r\n      \"creationTime\": \"2019-09-06T21:37:48.9267017Z\",\r\n      \"lastModified\": \"2019-09-06T21:37:48.9267017Z\",\r\n      \"state\": \"active\",\r\n      \"stateTransitionTime\": \"2019-09-06T21:37:48.9267017Z\",\r\n      \"commandLine\": \"cmd /c echo task1\",\r\n      \"userIdentity\": {\r\n        \"autoUser\": {\r\n          \"scope\": \"pool\",\r\n          \"elevationLevel\": \"nonadmin\"\r\n        }\r\n      },\r\n      \"constraints\": {\r\n        \"maxWallClockTime\": \"P10675199DT2H48M5.4775807S\",\r\n        \"retentionTime\": \"P7D\",\r\n        \"maxTaskRetryCount\": 0\r\n      },\r\n      \"executionInfo\": {\r\n        \"retryCount\": 0,\r\n        \"requeueCount\": 0\r\n      }\r\n    },\r\n    {\r\n      \"id\": \"task2\",\r\n      \"url\": \"https://matthchrwestcentralus.westcentralus.batch.azure.com/jobs/taskCrudJob/tasks/task2\",\r\n      \"eTag\": \"0x8D7331276E0C0C0\",\r\n      \"creationTime\": \"2019-09-06T21:37:49.0827317Z\",\r\n      \"lastModified\": \"2019-09-06T21:37:49.3083328Z\",\r\n      \"state\": \"active\",\r\n      \"stateTransitionTime\": \"2019-09-06T21:37:49.0827317Z\",\r\n      \"commandLine\": \"cmd /c echo task2\",\r\n      \"userIdentity\": {\r\n        \"autoUser\": {\r\n          \"scope\": \"pool\",\r\n          \"elevationLevel\": \"nonadmin\"\r\n        }\r\n      },\r\n      \"constraints\": {\r\n        \"maxWallClockTime\": \"P10675199DT2H48M5.4775807S\",\r\n        \"retentionTime\": \"P7D\",\r\n        \"maxTaskRetryCount\": 3\r\n      },\r\n      \"executionInfo\": {\r\n        \"retryCount\": 0,\r\n        \"requeueCount\": 0\r\n      }\r\n    }\r\n  ]\r\n}",
      "StatusCode": 200
    },
    {
      "RequestUri": "/jobs/taskCrudJob/tasks?api-version=2019-08-01.10.0",
      "EncodedRequestUri": "L2pvYnMvdGFza0NydWRKb2IvdGFza3M/YXBpLXZlcnNpb249MjAxOS0wOC0wMS4xMC4w",
      "RequestMethod": "GET",
      "RequestBody": "",
      "RequestHeaders": {
        "client-request-id": [
          "8d7e3ae8-b743-45a0-b173-1c6f82e0e097"
        ],
        "Accept-Language": [
          "en-US"
        ],
        "ocp-date": [
          "Fri, 06 Sep 2019 21:37:49 GMT"
        ],
        "User-Agent": [
          "FxVersion/4.6.27817.01",
          "OSName/Windows",
          "OSVersion/Microsoft.Windows.10.0.18362.",
          "Microsoft.Azure.Batch.Protocol.BatchServiceClient/12.0.19.40611",
          "AzurePowershell/Az1.0.0"
        ]
      },
      "ResponseHeaders": {
        "Transfer-Encoding": [
          "chunked"
        ],
        "Server": [
          "Microsoft-HTTPAPI/2.0"
        ],
        "request-id": [
          "cd1bc523-055e-4ffb-a401-db46d01c6308"
        ],
        "Strict-Transport-Security": [
          "max-age=31536000; includeSubDomains"
        ],
        "X-Content-Type-Options": [
          "nosniff"
        ],
        "DataServiceVersion": [
          "3.0"
        ],
        "Date": [
          "Fri, 06 Sep 2019 21:37:48 GMT"
        ],
        "Content-Type": [
          "application/json; odata=minimalmetadata"
        ]
      },
      "ResponseBody": "{\r\n  \"odata.metadata\": \"https://matthchrwestcentralus.westcentralus.batch.azure.com/$metadata#tasks\",\r\n  \"value\": []\r\n}",
      "StatusCode": 200
    },
    {
      "RequestUri": "/jobs/taskCrudJob/tasks/task1?api-version=2019-08-01.10.0",
      "EncodedRequestUri": "L2pvYnMvdGFza0NydWRKb2IvdGFza3MvdGFzazE/YXBpLXZlcnNpb249MjAxOS0wOC0wMS4xMC4w",
      "RequestMethod": "DELETE",
      "RequestBody": "",
      "RequestHeaders": {
        "client-request-id": [
          "211a63d4-a020-427e-9c35-8418ff21f5bf"
        ],
        "Accept-Language": [
          "en-US"
        ],
        "ocp-date": [
          "Fri, 06 Sep 2019 21:37:49 GMT"
        ],
        "User-Agent": [
          "FxVersion/4.6.27817.01",
          "OSName/Windows",
          "OSVersion/Microsoft.Windows.10.0.18362.",
          "Microsoft.Azure.Batch.Protocol.BatchServiceClient/12.0.19.40611",
          "AzurePowershell/Az1.0.0"
        ],
        "Content-Length": [
          "0"
        ]
      },
      "ResponseHeaders": {
        "Transfer-Encoding": [
          "chunked"
        ],
        "Server": [
          "Microsoft-HTTPAPI/2.0"
        ],
        "request-id": [
          "9d625212-09fd-43bf-bcde-ed43745782e2"
        ],
        "Strict-Transport-Security": [
          "max-age=31536000; includeSubDomains"
        ],
        "X-Content-Type-Options": [
          "nosniff"
        ],
        "DataServiceVersion": [
          "3.0"
        ],
        "Date": [
          "Fri, 06 Sep 2019 21:37:48 GMT"
        ]
      },
      "ResponseBody": "",
      "StatusCode": 200
    },
    {
      "RequestUri": "/jobs/taskCrudJob/tasks/task2?api-version=2019-08-01.10.0",
      "EncodedRequestUri": "L2pvYnMvdGFza0NydWRKb2IvdGFza3MvdGFzazI/YXBpLXZlcnNpb249MjAxOS0wOC0wMS4xMC4w",
      "RequestMethod": "DELETE",
      "RequestBody": "",
      "RequestHeaders": {
        "client-request-id": [
          "c89726c5-8f4d-4fd7-8d28-de994a2d52d4"
        ],
        "Accept-Language": [
          "en-US"
        ],
        "ocp-date": [
          "Fri, 06 Sep 2019 21:37:49 GMT"
        ],
        "User-Agent": [
          "FxVersion/4.6.27817.01",
          "OSName/Windows",
          "OSVersion/Microsoft.Windows.10.0.18362.",
          "Microsoft.Azure.Batch.Protocol.BatchServiceClient/12.0.19.40611",
          "AzurePowershell/Az1.0.0"
        ],
        "Content-Length": [
          "0"
        ]
      },
      "ResponseHeaders": {
        "Transfer-Encoding": [
          "chunked"
        ],
        "Server": [
          "Microsoft-HTTPAPI/2.0"
        ],
        "request-id": [
          "b387e2df-264b-47c6-a133-6bd720e5fedc"
        ],
        "Strict-Transport-Security": [
          "max-age=31536000; includeSubDomains"
        ],
        "X-Content-Type-Options": [
          "nosniff"
        ],
        "DataServiceVersion": [
          "3.0"
        ],
        "Date": [
          "Fri, 06 Sep 2019 21:37:48 GMT"
        ]
      },
      "ResponseBody": "",
      "StatusCode": 200
    },
    {
      "RequestUri": "/jobs/taskCrudJob?api-version=2019-08-01.10.0",
      "EncodedRequestUri": "L2pvYnMvdGFza0NydWRKb2I/YXBpLXZlcnNpb249MjAxOS0wOC0wMS4xMC4w",
      "RequestMethod": "DELETE",
      "RequestBody": "",
      "RequestHeaders": {
        "client-request-id": [
          "7df008c3-cab3-4bfe-9849-41d673ef82d0"
        ],
        "Accept-Language": [
          "en-US"
        ],
        "ocp-date": [
          "Fri, 06 Sep 2019 21:37:49 GMT"
        ],
        "User-Agent": [
          "FxVersion/4.6.27817.01",
          "OSName/Windows",
          "OSVersion/Microsoft.Windows.10.0.18362.",
          "Microsoft.Azure.Batch.Protocol.BatchServiceClient/12.0.19.40611",
          "AzurePowershell/Az1.0.0"
        ],
        "Content-Length": [
          "0"
        ]
      },
      "ResponseHeaders": {
        "Transfer-Encoding": [
          "chunked"
        ],
        "Server": [
          "Microsoft-HTTPAPI/2.0"
        ],
        "request-id": [
          "46182b1f-a213-4b23-b0fc-c13189d73a7f"
        ],
        "Strict-Transport-Security": [
          "max-age=31536000; includeSubDomains"
        ],
        "X-Content-Type-Options": [
          "nosniff"
        ],
        "DataServiceVersion": [
          "3.0"
        ],
        "Date": [
          "Fri, 06 Sep 2019 21:37:49 GMT"
        ]
      },
      "ResponseBody": "",
      "StatusCode": 202
    }
  ],
  "Names": {},
  "Variables": {
    "SubscriptionId": "2915bbd6-1252-405f-8173-6c00428146d9",
    "AZURE_BATCH_ACCOUNT": "matthchrwestcentralus",
    "AZURE_BATCH_ENDPOINT": "https://matthchrwestcentralus.westcentralus.batch.azure.com",
    "AZURE_BATCH_RESOURCE_GROUP": "matthchrwestcentralus"
  }
}