{
  "Entries": [
    {
      "RequestUri": "/subscriptions/45b60d85-fd72-427a-a708-f994d26e593e/resourcegroups/pstestrg3978?api-version=2016-09-01",
      "EncodedRequestUri": "L3N1YnNjcmlwdGlvbnMvNDViNjBkODUtZmQ3Mi00MjdhLWE3MDgtZjk5NGQyNmU1OTNlL3Jlc291cmNlZ3JvdXBzL3BzdGVzdHJnMzk3OD9hcGktdmVyc2lvbj0yMDE2LTA5LTAx",
      "RequestMethod": "PUT",
      "RequestBody": "{\r\n  \"location\": \"eastus2euap\"\r\n}",
      "RequestHeaders": {
        "x-ms-client-request-id": [
          "557bb42e-1742-4bc8-acfd-0e5e8714928f"
        ],
        "Accept-Language": [
          "en-US"
        ],
        "User-Agent": [
          "FxVersion/4.6.28207.03",
          "OSName/Windows",
          "OSVersion/Microsoft.Windows.10.0.19043.",
          "Microsoft.Azure.Management.Internal.Resources.ResourceManagementClient/1.3.45"
        ],
        "Content-Type": [
          "application/json; charset=utf-8"
        ],
        "Content-Length": [
          "33"
        ]
      },
      "ResponseHeaders": {
        "Cache-Control": [
          "no-cache"
        ],
        "Pragma": [
          "no-cache"
        ],
        "x-ms-ratelimit-remaining-subscription-writes": [
          "1196"
        ],
        "x-ms-request-id": [
          "5705b536-5d3e-4d7b-9e64-b96afd9dfc7e"
        ],
        "x-ms-correlation-request-id": [
          "5705b536-5d3e-4d7b-9e64-b96afd9dfc7e"
        ],
        "x-ms-routing-request-id": [
          "SOUTHEASTASIA:20210928T050340Z:5705b536-5d3e-4d7b-9e64-b96afd9dfc7e"
        ],
        "Strict-Transport-Security": [
          "max-age=31536000; includeSubDomains"
        ],
        "X-Content-Type-Options": [
          "nosniff"
        ],
        "Date": [
          "Tue, 28 Sep 2021 05:03:40 GMT"
        ],
        "Content-Length": [
          "182"
        ],
        "Content-Type": [
          "application/json; charset=utf-8"
        ],
        "Expires": [
          "-1"
        ]
      },
      "ResponseBody": "{\r\n  \"id\": \"/subscriptions/45b60d85-fd72-427a-a708-f994d26e593e/resourceGroups/pstestrg3978\",\r\n  \"name\": \"pstestrg3978\",\r\n  \"location\": \"eastus2euap\",\r\n  \"properties\": {\r\n    \"provisioningState\": \"Succeeded\"\r\n  }\r\n}",
      "StatusCode": 201
    },
    {
      "RequestUri": "/subscriptions/45b60d85-fd72-427a-a708-f994d26e593e/providers/Microsoft.Storage/checkNameAvailability?api-version=2021-08-01",
      "EncodedRequestUri": "L3N1YnNjcmlwdGlvbnMvNDViNjBkODUtZmQ3Mi00MjdhLWE3MDgtZjk5NGQyNmU1OTNlL3Byb3ZpZGVycy9NaWNyb3NvZnQuU3RvcmFnZS9jaGVja05hbWVBdmFpbGFiaWxpdHk/YXBpLXZlcnNpb249MjAyMS0wOC0wMQ==",
      "RequestMethod": "POST",
      "RequestBody": "{\r\n  \"name\": \"stopstestrg3978\",\r\n  \"type\": \"Microsoft.Storage/storageAccounts\"\r\n}",
      "RequestHeaders": {
        "x-ms-client-request-id": [
          "2b2fe9cc-5284-404f-ae1c-4d72bb12c906"
        ],
        "Accept-Language": [
          "en-US"
        ],
        "User-Agent": [
          "FxVersion/4.6.28207.03",
          "OSName/Windows",
          "OSVersion/Microsoft.Windows.10.0.19043.",
          "Microsoft.Azure.Management.Storage.StorageManagementClient/23.0.0.0"
        ],
        "Content-Type": [
          "application/json; charset=utf-8"
        ],
        "Content-Length": [
          "81"
        ]
      },
      "ResponseHeaders": {
        "Cache-Control": [
          "no-cache"
        ],
        "Pragma": [
          "no-cache"
        ],
        "x-ms-request-id": [
          "c1045ba7-619b-441e-8b38-1879262294aa"
        ],
        "Strict-Transport-Security": [
          "max-age=31536000; includeSubDomains"
        ],
        "Server": [
          "Microsoft-Azure-Storage-Resource-Provider/1.0,Microsoft-HTTPAPI/2.0 Microsoft-HTTPAPI/2.0"
        ],
        "x-ms-ratelimit-remaining-subscription-reads": [
          "11995"
        ],
        "x-ms-correlation-request-id": [
          "80d5b0f7-e353-487f-9993-2912c99aa8ee"
        ],
        "x-ms-routing-request-id": [
          "SOUTHEASTASIA:20210928T050341Z:80d5b0f7-e353-487f-9993-2912c99aa8ee"
        ],
        "X-Content-Type-Options": [
          "nosniff"
        ],
        "Date": [
          "Tue, 28 Sep 2021 05:03:41 GMT"
        ],
        "Content-Length": [
          "22"
        ],
        "Content-Type": [
          "application/json"
        ],
        "Expires": [
          "-1"
        ]
      },
      "ResponseBody": "{\r\n  \"nameAvailable\": true\r\n}",
      "StatusCode": 200
    },
    {
      "RequestUri": "/subscriptions/45b60d85-fd72-427a-a708-f994d26e593e/resourceGroups/pstestrg3978/providers/Microsoft.Storage/storageAccounts/stopstestrg3978?api-version=2021-08-01",
      "EncodedRequestUri": "L3N1YnNjcmlwdGlvbnMvNDViNjBkODUtZmQ3Mi00MjdhLWE3MDgtZjk5NGQyNmU1OTNlL3Jlc291cmNlR3JvdXBzL3BzdGVzdHJnMzk3OC9wcm92aWRlcnMvTWljcm9zb2Z0LlN0b3JhZ2Uvc3RvcmFnZUFjY291bnRzL3N0b3BzdGVzdHJnMzk3OD9hcGktdmVyc2lvbj0yMDIxLTA4LTAx",
      "RequestMethod": "PUT",
      "RequestBody": "{\r\n  \"sku\": {\r\n    \"name\": \"Standard_GRS\"\r\n  },\r\n  \"kind\": \"StorageV2\",\r\n  \"location\": \"eastus2euap\"\r\n}",
      "RequestHeaders": {
        "x-ms-client-request-id": [
          "2b2fe9cc-5284-404f-ae1c-4d72bb12c906"
        ],
        "Accept-Language": [
          "en-US"
        ],
        "User-Agent": [
          "FxVersion/4.6.28207.03",
          "OSName/Windows",
          "OSVersion/Microsoft.Windows.10.0.19043.",
          "Microsoft.Azure.Management.Storage.StorageManagementClient/23.0.0.0"
        ],
        "Content-Type": [
          "application/json; charset=utf-8"
        ],
        "Content-Length": [
          "103"
        ]
      },
      "ResponseHeaders": {
        "Cache-Control": [
          "no-cache"
        ],
        "Pragma": [
          "no-cache"
        ],
        "Location": [
          "https://management.azure.com/subscriptions/45b60d85-fd72-427a-a708-f994d26e593e/providers/Microsoft.Storage/locations/eastus2euap/asyncoperations/4fc121c1-218d-44fd-b2ff-5a5115e6082a?monitor=true&api-version=2021-08-01"
        ],
        "Retry-After": [
          "17"
        ],
        "x-ms-request-id": [
          "4fc121c1-218d-44fd-b2ff-5a5115e6082a"
        ],
        "Strict-Transport-Security": [
          "max-age=31536000; includeSubDomains"
        ],
        "Server": [
          "Microsoft-Azure-Storage-Resource-Provider/1.0,Microsoft-HTTPAPI/2.0 Microsoft-HTTPAPI/2.0"
        ],
        "x-ms-ratelimit-remaining-subscription-writes": [
          "1196"
        ],
        "x-ms-correlation-request-id": [
          "ad4c574a-3e37-43cf-9881-d76fa44fc64c"
        ],
        "x-ms-routing-request-id": [
          "SOUTHEASTASIA:20210928T050350Z:ad4c574a-3e37-43cf-9881-d76fa44fc64c"
        ],
        "X-Content-Type-Options": [
          "nosniff"
        ],
        "Date": [
          "Tue, 28 Sep 2021 05:03:49 GMT"
        ],
        "Content-Type": [
          "text/plain; charset=utf-8"
        ],
        "Expires": [
          "-1"
        ],
        "Content-Length": [
          "0"
        ]
      },
      "ResponseBody": "",
      "StatusCode": 202
    },
    {
      "RequestUri": "/subscriptions/45b60d85-fd72-427a-a708-f994d26e593e/providers/Microsoft.Storage/locations/eastus2euap/asyncoperations/4fc121c1-218d-44fd-b2ff-5a5115e6082a?monitor=true&api-version=2021-08-01",
      "EncodedRequestUri": "L3N1YnNjcmlwdGlvbnMvNDViNjBkODUtZmQ3Mi00MjdhLWE3MDgtZjk5NGQyNmU1OTNlL3Byb3ZpZGVycy9NaWNyb3NvZnQuU3RvcmFnZS9sb2NhdGlvbnMvZWFzdHVzMmV1YXAvYXN5bmNvcGVyYXRpb25zLzRmYzEyMWMxLTIxOGQtNDRmZC1iMmZmLTVhNTExNWU2MDgyYT9tb25pdG9yPXRydWUmYXBpLXZlcnNpb249MjAyMS0wOC0wMQ==",
      "RequestMethod": "GET",
      "RequestBody": "",
      "RequestHeaders": {
        "x-ms-client-request-id": [
          "2b2fe9cc-5284-404f-ae1c-4d72bb12c906"
        ],
        "User-Agent": [
          "FxVersion/4.6.28207.03",
          "OSName/Windows",
          "OSVersion/Microsoft.Windows.10.0.19043.",
          "Microsoft.Azure.Management.Storage.StorageManagementClient/23.0.0.0"
        ]
      },
      "ResponseHeaders": {
        "Cache-Control": [
          "no-cache"
        ],
        "Pragma": [
          "no-cache"
        ],
        "x-ms-request-id": [
          "0ee587f4-fc31-46cc-81ba-4e0bfc37a285"
        ],
        "Strict-Transport-Security": [
          "max-age=31536000; includeSubDomains"
        ],
        "Server": [
          "Microsoft-Azure-Storage-Resource-Provider/1.0,Microsoft-HTTPAPI/2.0 Microsoft-HTTPAPI/2.0"
        ],
        "x-ms-ratelimit-remaining-subscription-reads": [
          "11993"
        ],
        "x-ms-correlation-request-id": [
          "611cc1af-fa64-411c-b134-f719c17850fd"
        ],
        "x-ms-routing-request-id": [
          "SOUTHEASTASIA:20210928T050407Z:611cc1af-fa64-411c-b134-f719c17850fd"
        ],
        "X-Content-Type-Options": [
          "nosniff"
        ],
        "Date": [
          "Tue, 28 Sep 2021 05:04:06 GMT"
        ],
        "Content-Length": [
          "1487"
        ],
        "Content-Type": [
          "application/json"
        ],
        "Expires": [
          "-1"
        ]
      },
      "ResponseBody": "{\r\n  \"sku\": {\r\n    \"name\": \"Standard_GRS\",\r\n    \"tier\": \"Standard\"\r\n  },\r\n  \"kind\": \"StorageV2\",\r\n  \"id\": \"/subscriptions/45b60d85-fd72-427a-a708-f994d26e593e/resourceGroups/pstestrg3978/providers/Microsoft.Storage/storageAccounts/stopstestrg3978\",\r\n  \"name\": \"stopstestrg3978\",\r\n  \"type\": \"Microsoft.Storage/storageAccounts\",\r\n  \"location\": \"eastus2euap\",\r\n  \"tags\": {},\r\n  \"properties\": {\r\n    \"keyCreationTime\": {\r\n      \"key1\": \"2021-09-28T05:03:48.7199054Z\",\r\n      \"key2\": \"2021-09-28T05:03:48.7199054Z\"\r\n    },\r\n    \"privateEndpointConnections\": [],\r\n    \"minimumTlsVersion\": \"TLS1_0\",\r\n    \"allowBlobPublicAccess\": true,\r\n    \"networkAcls\": {\r\n      \"bypass\": \"AzureServices\",\r\n      \"virtualNetworkRules\": [],\r\n      \"ipRules\": [],\r\n      \"defaultAction\": \"Allow\"\r\n    },\r\n    \"supportsHttpsTrafficOnly\": true,\r\n    \"encryption\": {\r\n      \"services\": {\r\n        \"file\": {\r\n          \"keyType\": \"Account\",\r\n          \"enabled\": true,\r\n          \"lastEnabledTime\": \"2021-09-28T05:03:48.7355241Z\"\r\n        },\r\n        \"blob\": {\r\n          \"keyType\": \"Account\",\r\n          \"enabled\": true,\r\n          \"lastEnabledTime\": \"2021-09-28T05:03:48.7355241Z\"\r\n        }\r\n      },\r\n      \"keySource\": \"Microsoft.Storage\"\r\n    },\r\n    \"accessTier\": \"Hot\",\r\n    \"provisioningState\": \"Succeeded\",\r\n    \"creationTime\": \"2021-09-28T05:03:48.6417762Z\",\r\n    \"primaryEndpoints\": {\r\n      \"dfs\": \"https://stopstestrg3978.dfs.core.windows.net/\",\r\n      \"web\": \"https://stopstestrg3978.z3.web.core.windows.net/\",\r\n      \"blob\": \"https://stopstestrg3978.blob.core.windows.net/\",\r\n      \"queue\": \"https://stopstestrg3978.queue.core.windows.net/\",\r\n      \"table\": \"https://stopstestrg3978.table.core.windows.net/\",\r\n      \"file\": \"https://stopstestrg3978.file.core.windows.net/\"\r\n    },\r\n    \"primaryLocation\": \"eastus2euap\",\r\n    \"statusOfPrimary\": \"available\",\r\n    \"secondaryLocation\": \"centraluseuap\",\r\n    \"statusOfSecondary\": \"available\"\r\n  }\r\n}",
      "StatusCode": 200
    },
    {
      "RequestUri": "/subscriptions/45b60d85-fd72-427a-a708-f994d26e593e/resourceGroups/pstestrg3978/providers/Microsoft.Storage/storageAccounts/stopstestrg3978?api-version=2021-08-01",
      "EncodedRequestUri": "L3N1YnNjcmlwdGlvbnMvNDViNjBkODUtZmQ3Mi00MjdhLWE3MDgtZjk5NGQyNmU1OTNlL3Jlc291cmNlR3JvdXBzL3BzdGVzdHJnMzk3OC9wcm92aWRlcnMvTWljcm9zb2Z0LlN0b3JhZ2Uvc3RvcmFnZUFjY291bnRzL3N0b3BzdGVzdHJnMzk3OD9hcGktdmVyc2lvbj0yMDIxLTA4LTAx",
      "RequestMethod": "GET",
      "RequestBody": "",
      "RequestHeaders": {
        "x-ms-client-request-id": [
          "2b2fe9cc-5284-404f-ae1c-4d72bb12c906"
        ],
        "Accept-Language": [
          "en-US"
        ],
        "User-Agent": [
          "FxVersion/4.6.28207.03",
          "OSName/Windows",
          "OSVersion/Microsoft.Windows.10.0.19043.",
          "Microsoft.Azure.Management.Storage.StorageManagementClient/23.0.0.0"
        ]
      },
      "ResponseHeaders": {
        "Cache-Control": [
          "no-cache"
        ],
        "Pragma": [
          "no-cache"
        ],
        "x-ms-request-id": [
          "82ba01fb-4b83-43ab-af35-813c3ec01533"
        ],
        "Strict-Transport-Security": [
          "max-age=31536000; includeSubDomains"
        ],
        "Server": [
          "Microsoft-Azure-Storage-Resource-Provider/1.0,Microsoft-HTTPAPI/2.0 Microsoft-HTTPAPI/2.0"
        ],
        "x-ms-ratelimit-remaining-subscription-reads": [
          "11992"
        ],
        "x-ms-correlation-request-id": [
          "32baaa32-9520-4d46-88b6-188936c7e951"
        ],
        "x-ms-routing-request-id": [
          "SOUTHEASTASIA:20210928T050407Z:32baaa32-9520-4d46-88b6-188936c7e951"
        ],
        "X-Content-Type-Options": [
          "nosniff"
        ],
        "Date": [
          "Tue, 28 Sep 2021 05:04:07 GMT"
        ],
        "Content-Length": [
          "1487"
        ],
        "Content-Type": [
          "application/json"
        ],
        "Expires": [
          "-1"
        ]
      },
      "ResponseBody": "{\r\n  \"sku\": {\r\n    \"name\": \"Standard_GRS\",\r\n    \"tier\": \"Standard\"\r\n  },\r\n  \"kind\": \"StorageV2\",\r\n  \"id\": \"/subscriptions/45b60d85-fd72-427a-a708-f994d26e593e/resourceGroups/pstestrg3978/providers/Microsoft.Storage/storageAccounts/stopstestrg3978\",\r\n  \"name\": \"stopstestrg3978\",\r\n  \"type\": \"Microsoft.Storage/storageAccounts\",\r\n  \"location\": \"eastus2euap\",\r\n  \"tags\": {},\r\n  \"properties\": {\r\n    \"keyCreationTime\": {\r\n      \"key1\": \"2021-09-28T05:03:48.7199054Z\",\r\n      \"key2\": \"2021-09-28T05:03:48.7199054Z\"\r\n    },\r\n    \"privateEndpointConnections\": [],\r\n    \"minimumTlsVersion\": \"TLS1_0\",\r\n    \"allowBlobPublicAccess\": true,\r\n    \"networkAcls\": {\r\n      \"bypass\": \"AzureServices\",\r\n      \"virtualNetworkRules\": [],\r\n      \"ipRules\": [],\r\n      \"defaultAction\": \"Allow\"\r\n    },\r\n    \"supportsHttpsTrafficOnly\": true,\r\n    \"encryption\": {\r\n      \"services\": {\r\n        \"file\": {\r\n          \"keyType\": \"Account\",\r\n          \"enabled\": true,\r\n          \"lastEnabledTime\": \"2021-09-28T05:03:48.7355241Z\"\r\n        },\r\n        \"blob\": {\r\n          \"keyType\": \"Account\",\r\n          \"enabled\": true,\r\n          \"lastEnabledTime\": \"2021-09-28T05:03:48.7355241Z\"\r\n        }\r\n      },\r\n      \"keySource\": \"Microsoft.Storage\"\r\n    },\r\n    \"accessTier\": \"Hot\",\r\n    \"provisioningState\": \"Succeeded\",\r\n    \"creationTime\": \"2021-09-28T05:03:48.6417762Z\",\r\n    \"primaryEndpoints\": {\r\n      \"dfs\": \"https://stopstestrg3978.dfs.core.windows.net/\",\r\n      \"web\": \"https://stopstestrg3978.z3.web.core.windows.net/\",\r\n      \"blob\": \"https://stopstestrg3978.blob.core.windows.net/\",\r\n      \"queue\": \"https://stopstestrg3978.queue.core.windows.net/\",\r\n      \"table\": \"https://stopstestrg3978.table.core.windows.net/\",\r\n      \"file\": \"https://stopstestrg3978.file.core.windows.net/\"\r\n    },\r\n    \"primaryLocation\": \"eastus2euap\",\r\n    \"statusOfPrimary\": \"available\",\r\n    \"secondaryLocation\": \"centraluseuap\",\r\n    \"statusOfSecondary\": \"available\"\r\n  }\r\n}",
      "StatusCode": 200
    },
    {
      "RequestUri": "/subscriptions/45b60d85-fd72-427a-a708-f994d26e593e/resourceGroups/pstestrg3978/providers/Microsoft.Storage/storageAccounts?api-version=2021-08-01",
      "EncodedRequestUri": "L3N1YnNjcmlwdGlvbnMvNDViNjBkODUtZmQ3Mi00MjdhLWE3MDgtZjk5NGQyNmU1OTNlL3Jlc291cmNlR3JvdXBzL3BzdGVzdHJnMzk3OC9wcm92aWRlcnMvTWljcm9zb2Z0LlN0b3JhZ2Uvc3RvcmFnZUFjY291bnRzP2FwaS12ZXJzaW9uPTIwMjEtMDgtMDE=",
      "RequestMethod": "GET",
      "RequestBody": "",
      "RequestHeaders": {
        "x-ms-client-request-id": [
          "6c0c96e3-019c-4403-a160-5fbe6598117f"
        ],
        "Accept-Language": [
          "en-US"
        ],
        "User-Agent": [
          "FxVersion/4.6.28207.03",
          "OSName/Windows",
          "OSVersion/Microsoft.Windows.10.0.19043.",
          "Microsoft.Azure.Management.Storage.StorageManagementClient/23.0.0.0"
        ]
      },
      "ResponseHeaders": {
        "Cache-Control": [
          "no-cache"
        ],
        "Pragma": [
          "no-cache"
        ],
        "x-ms-request-id": [
          "745083f6-f948-4c71-8e24-71308ead7fc6"
        ],
        "Strict-Transport-Security": [
          "max-age=31536000; includeSubDomains"
        ],
        "Server": [
          "Microsoft-Azure-Storage-Resource-Provider/1.0,Microsoft-HTTPAPI/2.0 Microsoft-HTTPAPI/2.0"
        ],
        "x-ms-ratelimit-remaining-subscription-reads": [
          "11991"
        ],
        "x-ms-correlation-request-id": [
          "6e77807f-1664-4972-8d0e-c568283cd9fb"
        ],
        "x-ms-routing-request-id": [
          "SOUTHEASTASIA:20210928T050408Z:6e77807f-1664-4972-8d0e-c568283cd9fb"
        ],
        "X-Content-Type-Options": [
          "nosniff"
        ],
        "Date": [
          "Tue, 28 Sep 2021 05:04:07 GMT"
        ],
        "Content-Length": [
          "1499"
        ],
        "Content-Type": [
          "application/json"
        ],
        "Expires": [
          "-1"
        ]
      },
      "ResponseBody": "{\r\n  \"value\": [\r\n    {\r\n      \"sku\": {\r\n        \"name\": \"Standard_GRS\",\r\n        \"tier\": \"Standard\"\r\n      },\r\n      \"kind\": \"StorageV2\",\r\n      \"id\": \"/subscriptions/45b60d85-fd72-427a-a708-f994d26e593e/resourceGroups/pstestrg3978/providers/Microsoft.Storage/storageAccounts/stopstestrg3978\",\r\n      \"name\": \"stopstestrg3978\",\r\n      \"type\": \"Microsoft.Storage/storageAccounts\",\r\n      \"location\": \"eastus2euap\",\r\n      \"tags\": {},\r\n      \"properties\": {\r\n        \"keyCreationTime\": {\r\n          \"key1\": \"2021-09-28T05:03:48.7199054Z\",\r\n          \"key2\": \"2021-09-28T05:03:48.7199054Z\"\r\n        },\r\n        \"privateEndpointConnections\": [],\r\n        \"minimumTlsVersion\": \"TLS1_0\",\r\n        \"allowBlobPublicAccess\": true,\r\n        \"networkAcls\": {\r\n          \"bypass\": \"AzureServices\",\r\n          \"virtualNetworkRules\": [],\r\n          \"ipRules\": [],\r\n          \"defaultAction\": \"Allow\"\r\n        },\r\n        \"supportsHttpsTrafficOnly\": true,\r\n        \"encryption\": {\r\n          \"services\": {\r\n            \"file\": {\r\n              \"keyType\": \"Account\",\r\n              \"enabled\": true,\r\n              \"lastEnabledTime\": \"2021-09-28T05:03:48.7355241Z\"\r\n            },\r\n            \"blob\": {\r\n              \"keyType\": \"Account\",\r\n              \"enabled\": true,\r\n              \"lastEnabledTime\": \"2021-09-28T05:03:48.7355241Z\"\r\n            }\r\n          },\r\n          \"keySource\": \"Microsoft.Storage\"\r\n        },\r\n        \"accessTier\": \"Hot\",\r\n        \"provisioningState\": \"Succeeded\",\r\n        \"creationTime\": \"2021-09-28T05:03:48.6417762Z\",\r\n        \"primaryEndpoints\": {\r\n          \"dfs\": \"https://stopstestrg3978.dfs.core.windows.net/\",\r\n          \"web\": \"https://stopstestrg3978.z3.web.core.windows.net/\",\r\n          \"blob\": \"https://stopstestrg3978.blob.core.windows.net/\",\r\n          \"queue\": \"https://stopstestrg3978.queue.core.windows.net/\",\r\n          \"table\": \"https://stopstestrg3978.table.core.windows.net/\",\r\n          \"file\": \"https://stopstestrg3978.file.core.windows.net/\"\r\n        },\r\n        \"primaryLocation\": \"eastus2euap\",\r\n        \"statusOfPrimary\": \"available\",\r\n        \"secondaryLocation\": \"centraluseuap\",\r\n        \"statusOfSecondary\": \"available\"\r\n      }\r\n    }\r\n  ]\r\n}",
      "StatusCode": 200
    },
    {
      "RequestUri": "/subscriptions/45b60d85-fd72-427a-a708-f994d26e593e/resourceGroups/pstestrg3978/providers/Microsoft.Storage/storageAccounts/stopstestrg3978/blobServices/default/containers/containerpstestrg3978?api-version=2021-08-01",
      "EncodedRequestUri": "L3N1YnNjcmlwdGlvbnMvNDViNjBkODUtZmQ3Mi00MjdhLWE3MDgtZjk5NGQyNmU1OTNlL3Jlc291cmNlR3JvdXBzL3BzdGVzdHJnMzk3OC9wcm92aWRlcnMvTWljcm9zb2Z0LlN0b3JhZ2Uvc3RvcmFnZUFjY291bnRzL3N0b3BzdGVzdHJnMzk3OC9ibG9iU2VydmljZXMvZGVmYXVsdC9jb250YWluZXJzL2NvbnRhaW5lcnBzdGVzdHJnMzk3OD9hcGktdmVyc2lvbj0yMDIxLTA4LTAx",
      "RequestMethod": "PUT",
      "RequestBody": "{}",
      "RequestHeaders": {
        "x-ms-client-request-id": [
          "6b7fbdde-eccc-4816-a74d-1ad7f056854f"
        ],
        "Accept-Language": [
          "en-US"
        ],
        "User-Agent": [
          "FxVersion/4.6.28207.03",
          "OSName/Windows",
          "OSVersion/Microsoft.Windows.10.0.19043.",
          "Microsoft.Azure.Management.Storage.StorageManagementClient/23.0.0.0"
        ],
        "Content-Type": [
          "application/json; charset=utf-8"
        ],
        "Content-Length": [
          "2"
        ]
      },
      "ResponseHeaders": {
        "Cache-Control": [
          "no-cache"
        ],
        "Pragma": [
          "no-cache"
        ],
        "ETag": [
          "\"0x8D9823D672D6331\""
        ],
        "x-ms-request-id": [
          "ec2add9b-950a-4e88-94c1-7ae181b25305"
        ],
        "Strict-Transport-Security": [
          "max-age=31536000; includeSubDomains"
        ],
        "Server": [
          "Microsoft-Azure-Storage-Resource-Provider/1.0,Microsoft-HTTPAPI/2.0 Microsoft-HTTPAPI/2.0"
        ],
        "x-ms-ratelimit-remaining-subscription-writes": [
          "1195"
        ],
        "x-ms-correlation-request-id": [
          "72eea734-fbc6-4f41-8295-5131fb0370d7"
        ],
        "x-ms-routing-request-id": [
          "SOUTHEASTASIA:20210928T050408Z:72eea734-fbc6-4f41-8295-5131fb0370d7"
        ],
        "X-Content-Type-Options": [
          "nosniff"
        ],
        "Date": [
          "Tue, 28 Sep 2021 05:04:08 GMT"
        ],
        "Content-Length": [
          "300"
        ],
        "Content-Type": [
          "application/json"
        ],
        "Expires": [
          "-1"
        ]
      },
      "ResponseBody": "{\r\n  \"id\": \"/subscriptions/45b60d85-fd72-427a-a708-f994d26e593e/resourceGroups/pstestrg3978/providers/Microsoft.Storage/storageAccounts/stopstestrg3978/blobServices/default/containers/containerpstestrg3978\",\r\n  \"name\": \"containerpstestrg3978\",\r\n  \"type\": \"Microsoft.Storage/storageAccounts/blobServices/containers\"\r\n}",
      "StatusCode": 201
    },
    {
      "RequestUri": "/subscriptions/45b60d85-fd72-427a-a708-f994d26e593e/resourceGroups/pstestrg3978/providers/Microsoft.Storage/storageAccounts/stopstestrg3978/blobServices/default/containers/containerpstestrg3978?api-version=2021-08-01",
      "EncodedRequestUri": "L3N1YnNjcmlwdGlvbnMvNDViNjBkODUtZmQ3Mi00MjdhLWE3MDgtZjk5NGQyNmU1OTNlL3Jlc291cmNlR3JvdXBzL3BzdGVzdHJnMzk3OC9wcm92aWRlcnMvTWljcm9zb2Z0LlN0b3JhZ2Uvc3RvcmFnZUFjY291bnRzL3N0b3BzdGVzdHJnMzk3OC9ibG9iU2VydmljZXMvZGVmYXVsdC9jb250YWluZXJzL2NvbnRhaW5lcnBzdGVzdHJnMzk3OD9hcGktdmVyc2lvbj0yMDIxLTA4LTAx",
      "RequestMethod": "GET",
      "RequestBody": "",
      "RequestHeaders": {
        "x-ms-client-request-id": [
          "6b7fbdde-eccc-4816-a74d-1ad7f056854f"
        ],
        "Accept-Language": [
          "en-US"
        ],
        "User-Agent": [
          "FxVersion/4.6.28207.03",
          "OSName/Windows",
          "OSVersion/Microsoft.Windows.10.0.19043.",
          "Microsoft.Azure.Management.Storage.StorageManagementClient/23.0.0.0"
        ]
      },
      "ResponseHeaders": {
        "Cache-Control": [
          "no-cache"
        ],
        "Pragma": [
          "no-cache"
        ],
        "ETag": [
          "\"0x8D9823D672D6331\""
        ],
        "x-ms-request-id": [
          "d9bc77b1-6d25-468b-bc9e-0c3575c775d3"
        ],
        "Strict-Transport-Security": [
          "max-age=31536000; includeSubDomains"
        ],
        "Server": [
          "Microsoft-Azure-Storage-Resource-Provider/1.0,Microsoft-HTTPAPI/2.0 Microsoft-HTTPAPI/2.0"
        ],
        "x-ms-ratelimit-remaining-subscription-reads": [
          "11990"
        ],
        "x-ms-correlation-request-id": [
          "018d891b-10d3-4b5b-bddd-2a6cf94e8101"
        ],
        "x-ms-routing-request-id": [
          "SOUTHEASTASIA:20210928T050408Z:018d891b-10d3-4b5b-bddd-2a6cf94e8101"
        ],
        "X-Content-Type-Options": [
          "nosniff"
        ],
        "Date": [
          "Tue, 28 Sep 2021 05:04:08 GMT"
        ],
        "Content-Length": [
          "694"
        ],
        "Content-Type": [
          "application/json"
        ],
        "Expires": [
          "-1"
        ]
      },
      "ResponseBody": "{\r\n  \"id\": \"/subscriptions/45b60d85-fd72-427a-a708-f994d26e593e/resourceGroups/pstestrg3978/providers/Microsoft.Storage/storageAccounts/stopstestrg3978/blobServices/default/containers/containerpstestrg3978\",\r\n  \"name\": \"containerpstestrg3978\",\r\n  \"type\": \"Microsoft.Storage/storageAccounts/blobServices/containers\",\r\n  \"etag\": \"\\\"0x8D9823D672D6331\\\"\",\r\n  \"properties\": {\r\n    \"deleted\": false,\r\n    \"remainingRetentionDays\": 0,\r\n    \"defaultEncryptionScope\": \"$account-encryption-key\",\r\n    \"denyEncryptionScopeOverride\": false,\r\n    \"publicAccess\": \"None\",\r\n    \"leaseStatus\": \"Unlocked\",\r\n    \"leaseState\": \"Available\",\r\n    \"lastModifiedTime\": \"2021-09-28T05:04:08Z\",\r\n    \"legalHold\": {\r\n      \"hasLegalHold\": false,\r\n      \"tags\": []\r\n    },\r\n    \"hasImmutabilityPolicy\": false,\r\n    \"hasLegalHold\": false\r\n  }\r\n}",
      "StatusCode": 200
    },
    {
      "RequestUri": "/subscriptions/45b60d85-fd72-427a-a708-f994d26e593e/resourceGroups/pstestrg3978/providers/Microsoft.Storage/storageAccounts/stopstestrg3978/blobServices/default/containers/containerpstestrg3978?api-version=2021-08-01",
      "EncodedRequestUri": "L3N1YnNjcmlwdGlvbnMvNDViNjBkODUtZmQ3Mi00MjdhLWE3MDgtZjk5NGQyNmU1OTNlL3Jlc291cmNlR3JvdXBzL3BzdGVzdHJnMzk3OC9wcm92aWRlcnMvTWljcm9zb2Z0LlN0b3JhZ2Uvc3RvcmFnZUFjY291bnRzL3N0b3BzdGVzdHJnMzk3OC9ibG9iU2VydmljZXMvZGVmYXVsdC9jb250YWluZXJzL2NvbnRhaW5lcnBzdGVzdHJnMzk3OD9hcGktdmVyc2lvbj0yMDIxLTA4LTAx",
      "RequestMethod": "GET",
      "RequestBody": "",
      "RequestHeaders": {
        "x-ms-client-request-id": [
          "9ac21d54-5bc0-47db-8475-0b7989cf40c7"
        ],
        "Accept-Language": [
          "en-US"
        ],
        "User-Agent": [
          "FxVersion/4.6.28207.03",
          "OSName/Windows",
          "OSVersion/Microsoft.Windows.10.0.19043.",
          "Microsoft.Azure.Management.Storage.StorageManagementClient/23.0.0.0"
        ]
      },
      "ResponseHeaders": {
        "Cache-Control": [
          "no-cache"
        ],
        "Pragma": [
          "no-cache"
        ],
        "ETag": [
          "\"0x8D9823D672D6331\""
        ],
        "x-ms-request-id": [
          "c083ab2a-ea64-4d66-b7bc-f5243882f7c6"
        ],
        "Strict-Transport-Security": [
          "max-age=31536000; includeSubDomains"
        ],
        "Server": [
          "Microsoft-Azure-Storage-Resource-Provider/1.0,Microsoft-HTTPAPI/2.0 Microsoft-HTTPAPI/2.0"
        ],
        "x-ms-ratelimit-remaining-subscription-reads": [
          "11989"
        ],
        "x-ms-correlation-request-id": [
          "482075f2-9138-4092-9af4-f927c77808fd"
        ],
        "x-ms-routing-request-id": [
          "SOUTHEASTASIA:20210928T050409Z:482075f2-9138-4092-9af4-f927c77808fd"
        ],
        "X-Content-Type-Options": [
          "nosniff"
        ],
        "Date": [
          "Tue, 28 Sep 2021 05:04:08 GMT"
        ],
        "Content-Length": [
          "694"
        ],
        "Content-Type": [
          "application/json"
        ],
        "Expires": [
          "-1"
        ]
      },
      "ResponseBody": "{\r\n  \"id\": \"/subscriptions/45b60d85-fd72-427a-a708-f994d26e593e/resourceGroups/pstestrg3978/providers/Microsoft.Storage/storageAccounts/stopstestrg3978/blobServices/default/containers/containerpstestrg3978\",\r\n  \"name\": \"containerpstestrg3978\",\r\n  \"type\": \"Microsoft.Storage/storageAccounts/blobServices/containers\",\r\n  \"etag\": \"\\\"0x8D9823D672D6331\\\"\",\r\n  \"properties\": {\r\n    \"deleted\": false,\r\n    \"remainingRetentionDays\": 0,\r\n    \"defaultEncryptionScope\": \"$account-encryption-key\",\r\n    \"denyEncryptionScopeOverride\": false,\r\n    \"publicAccess\": \"None\",\r\n    \"leaseStatus\": \"Unlocked\",\r\n    \"leaseState\": \"Available\",\r\n    \"lastModifiedTime\": \"2021-09-28T05:04:08Z\",\r\n    \"legalHold\": {\r\n      \"hasLegalHold\": false,\r\n      \"tags\": []\r\n    },\r\n    \"hasImmutabilityPolicy\": false,\r\n    \"hasLegalHold\": false\r\n  }\r\n}",
      "StatusCode": 200
    },
    {
      "RequestUri": "/subscriptions/45b60d85-fd72-427a-a708-f994d26e593e/resourceGroups/pstestrg3978/providers/Microsoft.Storage/storageAccounts/stopstestrg3978/blobServices/default/containers/containerpstestrg3978?api-version=2021-08-01",
      "EncodedRequestUri": "L3N1YnNjcmlwdGlvbnMvNDViNjBkODUtZmQ3Mi00MjdhLWE3MDgtZjk5NGQyNmU1OTNlL3Jlc291cmNlR3JvdXBzL3BzdGVzdHJnMzk3OC9wcm92aWRlcnMvTWljcm9zb2Z0LlN0b3JhZ2Uvc3RvcmFnZUFjY291bnRzL3N0b3BzdGVzdHJnMzk3OC9ibG9iU2VydmljZXMvZGVmYXVsdC9jb250YWluZXJzL2NvbnRhaW5lcnBzdGVzdHJnMzk3OD9hcGktdmVyc2lvbj0yMDIxLTA4LTAx",
      "RequestMethod": "GET",
      "RequestBody": "",
      "RequestHeaders": {
        "x-ms-client-request-id": [
          "7540116d-650e-46df-bb88-616283264ca5"
        ],
        "Accept-Language": [
          "en-US"
        ],
        "User-Agent": [
          "FxVersion/4.6.28207.03",
          "OSName/Windows",
          "OSVersion/Microsoft.Windows.10.0.19043.",
          "Microsoft.Azure.Management.Storage.StorageManagementClient/23.0.0.0"
        ]
      },
      "ResponseHeaders": {
        "Cache-Control": [
          "no-cache"
        ],
        "Pragma": [
          "no-cache"
        ],
        "ETag": [
          "\"0x8D9823D680EFDCA\""
        ],
        "x-ms-request-id": [
          "0d1bb37b-3e85-4ff2-9ed0-ceb0eaa28e48"
        ],
        "Strict-Transport-Security": [
          "max-age=31536000; includeSubDomains"
        ],
        "Server": [
          "Microsoft-Azure-Storage-Resource-Provider/1.0,Microsoft-HTTPAPI/2.0 Microsoft-HTTPAPI/2.0"
        ],
        "x-ms-ratelimit-remaining-subscription-reads": [
          "11986"
        ],
        "x-ms-correlation-request-id": [
          "e842e037-5d58-42d5-86f6-079391c7a01e"
        ],
        "x-ms-routing-request-id": [
          "SOUTHEASTASIA:20210928T050410Z:e842e037-5d58-42d5-86f6-079391c7a01e"
        ],
        "X-Content-Type-Options": [
          "nosniff"
        ],
        "Date": [
          "Tue, 28 Sep 2021 05:04:10 GMT"
        ],
        "Content-Length": [
          "1117"
        ],
        "Content-Type": [
          "application/json"
        ],
        "Expires": [
          "-1"
        ]
      },
      "ResponseBody": "{\r\n  \"id\": \"/subscriptions/45b60d85-fd72-427a-a708-f994d26e593e/resourceGroups/pstestrg3978/providers/Microsoft.Storage/storageAccounts/stopstestrg3978/blobServices/default/containers/containerpstestrg3978\",\r\n  \"name\": \"containerpstestrg3978\",\r\n  \"type\": \"Microsoft.Storage/storageAccounts/blobServices/containers\",\r\n  \"etag\": \"\\\"0x8D9823D680EFDCA\\\"\",\r\n  \"properties\": {\r\n    \"deleted\": false,\r\n    \"remainingRetentionDays\": 0,\r\n    \"defaultEncryptionScope\": \"$account-encryption-key\",\r\n    \"denyEncryptionScopeOverride\": false,\r\n    \"publicAccess\": \"None\",\r\n    \"leaseStatus\": \"Unlocked\",\r\n    \"leaseState\": \"Available\",\r\n    \"lastModifiedTime\": \"2021-09-28T05:04:10Z\",\r\n    \"immutabilityPolicy\": {\r\n      \"etag\": \"\\\"8d9823d680bfd4f\\\"\",\r\n      \"properties\": {\r\n        \"allowProtectedAppendWrites\": true,\r\n        \"immutabilityPeriodSinceCreationInDays\": 3,\r\n        \"state\": \"Unlocked\"\r\n      },\r\n      \"updateHistory\": [\r\n        {\r\n          \"allowProtectedAppendWrites\": true,\r\n          \"update\": \"put\",\r\n          \"immutabilityPeriodSinceCreationInDays\": 3,\r\n          \"timestamp\": \"2021-09-28T05:04:10.0024257Z\",\r\n          \"objectIdentifier\": \"d6f7e858-345d-45f6-849c-8175519656b7\",\r\n          \"tenantId\": \"72f988bf-86f1-41af-91ab-2d7cd011db47\"\r\n        }\r\n      ]\r\n    },\r\n    \"legalHold\": {\r\n      \"hasLegalHold\": false,\r\n      \"tags\": []\r\n    },\r\n    \"hasImmutabilityPolicy\": true,\r\n    \"hasLegalHold\": false\r\n  }\r\n}",
      "StatusCode": 200
    },
    {
      "RequestUri": "/subscriptions/45b60d85-fd72-427a-a708-f994d26e593e/resourceGroups/pstestrg3978/providers/Microsoft.Storage/storageAccounts/stopstestrg3978/blobServices/default/containers/containerpstestrg3978?api-version=2021-08-01",
      "EncodedRequestUri": "L3N1YnNjcmlwdGlvbnMvNDViNjBkODUtZmQ3Mi00MjdhLWE3MDgtZjk5NGQyNmU1OTNlL3Jlc291cmNlR3JvdXBzL3BzdGVzdHJnMzk3OC9wcm92aWRlcnMvTWljcm9zb2Z0LlN0b3JhZ2Uvc3RvcmFnZUFjY291bnRzL3N0b3BzdGVzdHJnMzk3OC9ibG9iU2VydmljZXMvZGVmYXVsdC9jb250YWluZXJzL2NvbnRhaW5lcnBzdGVzdHJnMzk3OD9hcGktdmVyc2lvbj0yMDIxLTA4LTAx",
      "RequestMethod": "GET",
      "RequestBody": "",
      "RequestHeaders": {
        "x-ms-client-request-id": [
          "ccbd3ade-bc1d-4b52-a50d-0032ee92c9c6"
        ],
        "Accept-Language": [
          "en-US"
        ],
        "User-Agent": [
          "FxVersion/4.6.28207.03",
          "OSName/Windows",
          "OSVersion/Microsoft.Windows.10.0.19043.",
          "Microsoft.Azure.Management.Storage.StorageManagementClient/23.0.0.0"
        ]
      },
      "ResponseHeaders": {
        "Cache-Control": [
          "no-cache"
        ],
        "Pragma": [
          "no-cache"
        ],
        "ETag": [
          "\"0x8D9823D68BE41F3\""
        ],
        "x-ms-request-id": [
          "2090f00a-cbef-4664-a54d-aa99efefc737"
        ],
        "Strict-Transport-Security": [
          "max-age=31536000; includeSubDomains"
        ],
        "Server": [
          "Microsoft-Azure-Storage-Resource-Provider/1.0,Microsoft-HTTPAPI/2.0 Microsoft-HTTPAPI/2.0"
        ],
        "x-ms-ratelimit-remaining-subscription-reads": [
          "11984"
        ],
        "x-ms-correlation-request-id": [
          "ff7df79a-d47e-4f36-ad20-76a9265a8e56"
        ],
        "x-ms-routing-request-id": [
          "SOUTHEASTASIA:20210928T050412Z:ff7df79a-d47e-4f36-ad20-76a9265a8e56"
        ],
        "X-Content-Type-Options": [
          "nosniff"
        ],
        "Date": [
          "Tue, 28 Sep 2021 05:04:11 GMT"
        ],
        "Content-Length": [
          "1193"
        ],
        "Content-Type": [
          "application/json"
        ],
        "Expires": [
          "-1"
        ]
      },
      "ResponseBody": "{\r\n  \"id\": \"/subscriptions/45b60d85-fd72-427a-a708-f994d26e593e/resourceGroups/pstestrg3978/providers/Microsoft.Storage/storageAccounts/stopstestrg3978/blobServices/default/containers/containerpstestrg3978\",\r\n  \"name\": \"containerpstestrg3978\",\r\n  \"type\": \"Microsoft.Storage/storageAccounts/blobServices/containers\",\r\n  \"etag\": \"\\\"0x8D9823D68BE41F3\\\"\",\r\n  \"properties\": {\r\n    \"deleted\": false,\r\n    \"remainingRetentionDays\": 0,\r\n    \"defaultEncryptionScope\": \"$account-encryption-key\",\r\n    \"denyEncryptionScopeOverride\": false,\r\n    \"publicAccess\": \"None\",\r\n    \"leaseStatus\": \"Unlocked\",\r\n    \"leaseState\": \"Available\",\r\n    \"lastModifiedTime\": \"2021-09-28T05:04:11Z\",\r\n    \"immutabilityPolicy\": {\r\n      \"etag\": \"\\\"8d9823d68bc6bed\\\"\",\r\n      \"properties\": {\r\n        \"allowProtectedAppendWritesAll\": true,\r\n        \"allowProtectedAppendWrites\": false,\r\n        \"immutabilityPeriodSinceCreationInDays\": 2,\r\n        \"state\": \"Unlocked\"\r\n      },\r\n      \"updateHistory\": [\r\n        {\r\n          \"allowProtectedAppendWritesAll\": true,\r\n          \"allowProtectedAppendWrites\": false,\r\n          \"update\": \"put\",\r\n          \"immutabilityPeriodSinceCreationInDays\": 2,\r\n          \"timestamp\": \"2021-09-28T05:04:11.1430637Z\",\r\n          \"objectIdentifier\": \"d6f7e858-345d-45f6-849c-8175519656b7\",\r\n          \"tenantId\": \"72f988bf-86f1-41af-91ab-2d7cd011db47\"\r\n        }\r\n      ]\r\n    },\r\n    \"legalHold\": {\r\n      \"hasLegalHold\": false,\r\n      \"tags\": []\r\n    },\r\n    \"hasImmutabilityPolicy\": true,\r\n    \"hasLegalHold\": false\r\n  }\r\n}",
      "StatusCode": 200
    },
    {
      "RequestUri": "/subscriptions/45b60d85-fd72-427a-a708-f994d26e593e/resourceGroups/pstestrg3978/providers/Microsoft.Storage/storageAccounts/stopstestrg3978/blobServices/default/containers/containerpstestrg3978?api-version=2021-08-01",
      "EncodedRequestUri": "L3N1YnNjcmlwdGlvbnMvNDViNjBkODUtZmQ3Mi00MjdhLWE3MDgtZjk5NGQyNmU1OTNlL3Jlc291cmNlR3JvdXBzL3BzdGVzdHJnMzk3OC9wcm92aWRlcnMvTWljcm9zb2Z0LlN0b3JhZ2Uvc3RvcmFnZUFjY291bnRzL3N0b3BzdGVzdHJnMzk3OC9ibG9iU2VydmljZXMvZGVmYXVsdC9jb250YWluZXJzL2NvbnRhaW5lcnBzdGVzdHJnMzk3OD9hcGktdmVyc2lvbj0yMDIxLTA4LTAx",
      "RequestMethod": "GET",
      "RequestBody": "",
      "RequestHeaders": {
        "x-ms-client-request-id": [
          "75fea967-7ac8-40a8-8cb7-a61e06d707c9"
        ],
        "Accept-Language": [
          "en-US"
        ],
        "User-Agent": [
          "FxVersion/4.6.28207.03",
          "OSName/Windows",
          "OSVersion/Microsoft.Windows.10.0.19043.",
          "Microsoft.Azure.Management.Storage.StorageManagementClient/23.0.0.0"
        ]
      },
      "ResponseHeaders": {
        "Cache-Control": [
          "no-cache"
        ],
        "Pragma": [
          "no-cache"
        ],
        "ETag": [
          "\"0x8D9823D69715662\""
        ],
        "x-ms-request-id": [
          "5cebe93f-e9e5-4674-9a2a-cf9a04d969f4"
        ],
        "Strict-Transport-Security": [
          "max-age=31536000; includeSubDomains"
        ],
        "Server": [
          "Microsoft-Azure-Storage-Resource-Provider/1.0,Microsoft-HTTPAPI/2.0 Microsoft-HTTPAPI/2.0"
        ],
        "x-ms-ratelimit-remaining-subscription-reads": [
          "11982"
        ],
        "x-ms-correlation-request-id": [
          "da812434-2b00-4adb-aac9-ca8977ff832a"
        ],
        "x-ms-routing-request-id": [
          "SOUTHEASTASIA:20210928T050413Z:da812434-2b00-4adb-aac9-ca8977ff832a"
        ],
        "X-Content-Type-Options": [
          "nosniff"
        ],
        "Date": [
          "Tue, 28 Sep 2021 05:04:12 GMT"
        ],
        "Content-Length": [
          "694"
        ],
        "Content-Type": [
          "application/json"
        ],
        "Expires": [
          "-1"
        ]
      },
      "ResponseBody": "{\r\n  \"id\": \"/subscriptions/45b60d85-fd72-427a-a708-f994d26e593e/resourceGroups/pstestrg3978/providers/Microsoft.Storage/storageAccounts/stopstestrg3978/blobServices/default/containers/containerpstestrg3978\",\r\n  \"name\": \"containerpstestrg3978\",\r\n  \"type\": \"Microsoft.Storage/storageAccounts/blobServices/containers\",\r\n  \"etag\": \"\\\"0x8D9823D69715662\\\"\",\r\n  \"properties\": {\r\n    \"deleted\": false,\r\n    \"remainingRetentionDays\": 0,\r\n    \"defaultEncryptionScope\": \"$account-encryption-key\",\r\n    \"denyEncryptionScopeOverride\": false,\r\n    \"publicAccess\": \"None\",\r\n    \"leaseStatus\": \"Unlocked\",\r\n    \"leaseState\": \"Available\",\r\n    \"lastModifiedTime\": \"2021-09-28T05:04:12Z\",\r\n    \"legalHold\": {\r\n      \"hasLegalHold\": false,\r\n      \"tags\": []\r\n    },\r\n    \"hasImmutabilityPolicy\": false,\r\n    \"hasLegalHold\": false\r\n  }\r\n}",
      "StatusCode": 200
    },
    {
      "RequestUri": "/subscriptions/45b60d85-fd72-427a-a708-f994d26e593e/resourceGroups/pstestrg3978/providers/Microsoft.Storage/storageAccounts/stopstestrg3978/blobServices/default/containers/containerpstestrg3978?api-version=2021-08-01",
      "EncodedRequestUri": "L3N1YnNjcmlwdGlvbnMvNDViNjBkODUtZmQ3Mi00MjdhLWE3MDgtZjk5NGQyNmU1OTNlL3Jlc291cmNlR3JvdXBzL3BzdGVzdHJnMzk3OC9wcm92aWRlcnMvTWljcm9zb2Z0LlN0b3JhZ2Uvc3RvcmFnZUFjY291bnRzL3N0b3BzdGVzdHJnMzk3OC9ibG9iU2VydmljZXMvZGVmYXVsdC9jb250YWluZXJzL2NvbnRhaW5lcnBzdGVzdHJnMzk3OD9hcGktdmVyc2lvbj0yMDIxLTA4LTAx",
      "RequestMethod": "GET",
      "RequestBody": "",
      "RequestHeaders": {
        "x-ms-client-request-id": [
          "f520220d-748d-4b92-bb44-33b7f29d4508"
        ],
        "Accept-Language": [
          "en-US"
        ],
        "User-Agent": [
          "FxVersion/4.6.28207.03",
          "OSName/Windows",
          "OSVersion/Microsoft.Windows.10.0.19043.",
          "Microsoft.Azure.Management.Storage.StorageManagementClient/23.0.0.0"
        ]
      },
      "ResponseHeaders": {
        "Cache-Control": [
          "no-cache"
        ],
        "Pragma": [
          "no-cache"
        ],
        "ETag": [
          "\"0x8D9823D6A288924\""
        ],
        "x-ms-request-id": [
          "a73d5ad7-63ce-4647-85b1-5cb72ac9c861"
        ],
        "Strict-Transport-Security": [
          "max-age=31536000; includeSubDomains"
        ],
        "Server": [
          "Microsoft-Azure-Storage-Resource-Provider/1.0,Microsoft-HTTPAPI/2.0 Microsoft-HTTPAPI/2.0"
        ],
        "x-ms-ratelimit-remaining-subscription-reads": [
          "11980"
        ],
        "x-ms-correlation-request-id": [
          "5c003d5c-bfba-4373-b22d-fe305124ca17"
        ],
        "x-ms-routing-request-id": [
          "SOUTHEASTASIA:20210928T050414Z:5c003d5c-bfba-4373-b22d-fe305124ca17"
        ],
        "X-Content-Type-Options": [
          "nosniff"
        ],
        "Date": [
          "Tue, 28 Sep 2021 05:04:13 GMT"
        ],
        "Content-Length": [
          "1049"
        ],
        "Content-Type": [
          "application/json"
        ],
        "Expires": [
          "-1"
        ]
      },
      "ResponseBody": "{\r\n  \"id\": \"/subscriptions/45b60d85-fd72-427a-a708-f994d26e593e/resourceGroups/pstestrg3978/providers/Microsoft.Storage/storageAccounts/stopstestrg3978/blobServices/default/containers/containerpstestrg3978\",\r\n  \"name\": \"containerpstestrg3978\",\r\n  \"type\": \"Microsoft.Storage/storageAccounts/blobServices/containers\",\r\n  \"etag\": \"\\\"0x8D9823D6A288924\\\"\",\r\n  \"properties\": {\r\n    \"deleted\": false,\r\n    \"remainingRetentionDays\": 0,\r\n    \"defaultEncryptionScope\": \"$account-encryption-key\",\r\n    \"denyEncryptionScopeOverride\": false,\r\n    \"publicAccess\": \"None\",\r\n    \"leaseStatus\": \"Unlocked\",\r\n    \"leaseState\": \"Available\",\r\n    \"lastModifiedTime\": \"2021-09-28T05:04:13Z\",\r\n    \"immutabilityPolicy\": {\r\n      \"etag\": \"\\\"8d9823d6a26d387\\\"\",\r\n      \"properties\": {\r\n        \"immutabilityPeriodSinceCreationInDays\": 7,\r\n        \"state\": \"Unlocked\"\r\n      },\r\n      \"updateHistory\": [\r\n        {\r\n          \"update\": \"put\",\r\n          \"immutabilityPeriodSinceCreationInDays\": 7,\r\n          \"timestamp\": \"2021-09-28T05:04:13.5181191Z\",\r\n          \"objectIdentifier\": \"d6f7e858-345d-45f6-849c-8175519656b7\",\r\n          \"tenantId\": \"72f988bf-86f1-41af-91ab-2d7cd011db47\"\r\n        }\r\n      ]\r\n    },\r\n    \"legalHold\": {\r\n      \"hasLegalHold\": false,\r\n      \"tags\": []\r\n    },\r\n    \"hasImmutabilityPolicy\": true,\r\n    \"hasLegalHold\": false\r\n  }\r\n}",
      "StatusCode": 200
    },
    {
      "RequestUri": "/subscriptions/45b60d85-fd72-427a-a708-f994d26e593e/resourceGroups/pstestrg3978/providers/Microsoft.Storage/storageAccounts/stopstestrg3978/blobServices/default/containers/containerpstestrg3978?api-version=2021-08-01",
      "EncodedRequestUri": "L3N1YnNjcmlwdGlvbnMvNDViNjBkODUtZmQ3Mi00MjdhLWE3MDgtZjk5NGQyNmU1OTNlL3Jlc291cmNlR3JvdXBzL3BzdGVzdHJnMzk3OC9wcm92aWRlcnMvTWljcm9zb2Z0LlN0b3JhZ2Uvc3RvcmFnZUFjY291bnRzL3N0b3BzdGVzdHJnMzk3OC9ibG9iU2VydmljZXMvZGVmYXVsdC9jb250YWluZXJzL2NvbnRhaW5lcnBzdGVzdHJnMzk3OD9hcGktdmVyc2lvbj0yMDIxLTA4LTAx",
      "RequestMethod": "GET",
      "RequestBody": "",
      "RequestHeaders": {
        "x-ms-client-request-id": [
          "d35bbfe8-c592-45f4-b8b6-2f371c8214dd"
        ],
        "Accept-Language": [
          "en-US"
        ],
        "User-Agent": [
          "FxVersion/4.6.28207.03",
          "OSName/Windows",
          "OSVersion/Microsoft.Windows.10.0.19043.",
          "Microsoft.Azure.Management.Storage.StorageManagementClient/23.0.0.0"
        ]
      },
      "ResponseHeaders": {
        "Cache-Control": [
          "no-cache"
        ],
        "Pragma": [
          "no-cache"
        ],
        "ETag": [
          "\"0x8D9823D6ADF6DCA\""
        ],
        "x-ms-request-id": [
          "aed0dc4c-8858-433a-a0dd-1c0555ac7656"
        ],
        "Strict-Transport-Security": [
          "max-age=31536000; includeSubDomains"
        ],
        "Server": [
          "Microsoft-Azure-Storage-Resource-Provider/1.0,Microsoft-HTTPAPI/2.0 Microsoft-HTTPAPI/2.0"
        ],
        "x-ms-ratelimit-remaining-subscription-reads": [
          "11978"
        ],
        "x-ms-correlation-request-id": [
          "4282ee0e-c1e1-4da7-b33e-72ba701611d7"
        ],
        "x-ms-routing-request-id": [
          "SOUTHEASTASIA:20210928T050415Z:4282ee0e-c1e1-4da7-b33e-72ba701611d7"
        ],
        "X-Content-Type-Options": [
          "nosniff"
        ],
        "Date": [
          "Tue, 28 Sep 2021 05:04:14 GMT"
        ],
        "Content-Length": [
          "1258"
        ],
        "Content-Type": [
          "application/json"
        ],
        "Expires": [
          "-1"
        ]
      },
      "ResponseBody": "{\r\n  \"id\": \"/subscriptions/45b60d85-fd72-427a-a708-f994d26e593e/resourceGroups/pstestrg3978/providers/Microsoft.Storage/storageAccounts/stopstestrg3978/blobServices/default/containers/containerpstestrg3978\",\r\n  \"name\": \"containerpstestrg3978\",\r\n  \"type\": \"Microsoft.Storage/storageAccounts/blobServices/containers\",\r\n  \"etag\": \"\\\"0x8D9823D6ADF6DCA\\\"\",\r\n  \"properties\": {\r\n    \"deleted\": false,\r\n    \"remainingRetentionDays\": 0,\r\n    \"defaultEncryptionScope\": \"$account-encryption-key\",\r\n    \"denyEncryptionScopeOverride\": false,\r\n    \"publicAccess\": \"None\",\r\n    \"leaseStatus\": \"Unlocked\",\r\n    \"leaseState\": \"Available\",\r\n    \"lastModifiedTime\": \"2021-09-28T05:04:14Z\",\r\n    \"immutabilityPolicy\": {\r\n      \"etag\": \"\\\"8d9823d6adc0465\\\"\",\r\n      \"properties\": {\r\n        \"immutabilityPeriodSinceCreationInDays\": 7,\r\n        \"state\": \"Locked\"\r\n      },\r\n      \"updateHistory\": [\r\n        {\r\n          \"update\": \"put\",\r\n          \"immutabilityPeriodSinceCreationInDays\": 7,\r\n          \"timestamp\": \"2021-09-28T05:04:13.5181191Z\",\r\n          \"objectIdentifier\": \"d6f7e858-345d-45f6-849c-8175519656b7\",\r\n          \"tenantId\": \"72f988bf-86f1-41af-91ab-2d7cd011db47\"\r\n        },\r\n        {\r\n          \"update\": \"lock\",\r\n          \"immutabilityPeriodSinceCreationInDays\": 7,\r\n          \"timestamp\": \"2021-09-28T05:04:14.7212172Z\",\r\n          \"objectIdentifier\": \"d6f7e858-345d-45f6-849c-8175519656b7\",\r\n          \"tenantId\": \"72f988bf-86f1-41af-91ab-2d7cd011db47\"\r\n        }\r\n      ]\r\n    },\r\n    \"legalHold\": {\r\n      \"hasLegalHold\": false,\r\n      \"tags\": []\r\n    },\r\n    \"hasImmutabilityPolicy\": true,\r\n    \"hasLegalHold\": false\r\n  }\r\n}",
      "StatusCode": 200
    },
    {
      "RequestUri": "/subscriptions/45b60d85-fd72-427a-a708-f994d26e593e/resourceGroups/pstestrg3978/providers/Microsoft.Storage/storageAccounts/stopstestrg3978/blobServices/default/containers/containerpstestrg3978?api-version=2021-08-01",
      "EncodedRequestUri": "L3N1YnNjcmlwdGlvbnMvNDViNjBkODUtZmQ3Mi00MjdhLWE3MDgtZjk5NGQyNmU1OTNlL3Jlc291cmNlR3JvdXBzL3BzdGVzdHJnMzk3OC9wcm92aWRlcnMvTWljcm9zb2Z0LlN0b3JhZ2Uvc3RvcmFnZUFjY291bnRzL3N0b3BzdGVzdHJnMzk3OC9ibG9iU2VydmljZXMvZGVmYXVsdC9jb250YWluZXJzL2NvbnRhaW5lcnBzdGVzdHJnMzk3OD9hcGktdmVyc2lvbj0yMDIxLTA4LTAx",
      "RequestMethod": "GET",
      "RequestBody": "",
      "RequestHeaders": {
        "x-ms-client-request-id": [
          "8fd92292-a47e-45af-8a4b-b0830effc514"
        ],
        "Accept-Language": [
          "en-US"
        ],
        "User-Agent": [
          "FxVersion/4.6.28207.03",
          "OSName/Windows",
          "OSVersion/Microsoft.Windows.10.0.19043.",
          "Microsoft.Azure.Management.Storage.StorageManagementClient/23.0.0.0"
        ]
      },
      "ResponseHeaders": {
        "Cache-Control": [
          "no-cache"
        ],
        "Pragma": [
          "no-cache"
        ],
        "ETag": [
          "\"0x8D9823D6BC10868\""
        ],
        "x-ms-request-id": [
          "4a95b5c3-441a-47f0-9eda-5e38dc7a44b7"
        ],
        "Strict-Transport-Security": [
          "max-age=31536000; includeSubDomains"
        ],
        "Server": [
          "Microsoft-Azure-Storage-Resource-Provider/1.0,Microsoft-HTTPAPI/2.0 Microsoft-HTTPAPI/2.0"
        ],
        "x-ms-ratelimit-remaining-subscription-reads": [
          "11976"
        ],
        "x-ms-correlation-request-id": [
          "d3fd2ded-493d-45b3-b62c-8a3c31bca7e9"
        ],
        "x-ms-routing-request-id": [
          "SOUTHEASTASIA:20210928T050417Z:d3fd2ded-493d-45b3-b62c-8a3c31bca7e9"
        ],
        "X-Content-Type-Options": [
          "nosniff"
        ],
        "Date": [
          "Tue, 28 Sep 2021 05:04:16 GMT"
        ],
        "Content-Length": [
          "1473"
        ],
        "Content-Type": [
          "application/json"
        ],
        "Expires": [
          "-1"
        ]
      },
      "ResponseBody": "{\r\n  \"id\": \"/subscriptions/45b60d85-fd72-427a-a708-f994d26e593e/resourceGroups/pstestrg3978/providers/Microsoft.Storage/storageAccounts/stopstestrg3978/blobServices/default/containers/containerpstestrg3978\",\r\n  \"name\": \"containerpstestrg3978\",\r\n  \"type\": \"Microsoft.Storage/storageAccounts/blobServices/containers\",\r\n  \"etag\": \"\\\"0x8D9823D6BC10868\\\"\",\r\n  \"properties\": {\r\n    \"deleted\": false,\r\n    \"remainingRetentionDays\": 0,\r\n    \"defaultEncryptionScope\": \"$account-encryption-key\",\r\n    \"denyEncryptionScopeOverride\": false,\r\n    \"publicAccess\": \"None\",\r\n    \"leaseStatus\": \"Unlocked\",\r\n    \"leaseState\": \"Available\",\r\n    \"lastModifiedTime\": \"2021-09-28T05:04:16Z\",\r\n    \"immutabilityPolicy\": {\r\n      \"etag\": \"\\\"8d9823d6bbe853b\\\"\",\r\n      \"properties\": {\r\n        \"immutabilityPeriodSinceCreationInDays\": 20,\r\n        \"state\": \"Locked\"\r\n      },\r\n      \"updateHistory\": [\r\n        {\r\n          \"update\": \"put\",\r\n          \"immutabilityPeriodSinceCreationInDays\": 7,\r\n          \"timestamp\": \"2021-09-28T05:04:13.5181191Z\",\r\n          \"objectIdentifier\": \"d6f7e858-345d-45f6-849c-8175519656b7\",\r\n          \"tenantId\": \"72f988bf-86f1-41af-91ab-2d7cd011db47\"\r\n        },\r\n        {\r\n          \"update\": \"lock\",\r\n          \"immutabilityPeriodSinceCreationInDays\": 7,\r\n          \"timestamp\": \"2021-09-28T05:04:14.7212172Z\",\r\n          \"objectIdentifier\": \"d6f7e858-345d-45f6-849c-8175519656b7\",\r\n          \"tenantId\": \"72f988bf-86f1-41af-91ab-2d7cd011db47\"\r\n        },\r\n        {\r\n          \"update\": \"extend\",\r\n          \"immutabilityPeriodSinceCreationInDays\": 20,\r\n          \"timestamp\": \"2021-09-28T05:04:16.2056086Z\",\r\n          \"objectIdentifier\": \"d6f7e858-345d-45f6-849c-8175519656b7\",\r\n          \"tenantId\": \"72f988bf-86f1-41af-91ab-2d7cd011db47\"\r\n        }\r\n      ]\r\n    },\r\n    \"legalHold\": {\r\n      \"hasLegalHold\": false,\r\n      \"tags\": []\r\n    },\r\n    \"hasImmutabilityPolicy\": true,\r\n    \"hasLegalHold\": false\r\n  }\r\n}",
      "StatusCode": 200
    },
    {
      "RequestUri": "/subscriptions/45b60d85-fd72-427a-a708-f994d26e593e/resourceGroups/pstestrg3978/providers/Microsoft.Storage/storageAccounts/stopstestrg3978/blobServices/default/containers/containerpstestrg3978/immutabilityPolicies/default?api-version=2021-08-01",
      "EncodedRequestUri": "L3N1YnNjcmlwdGlvbnMvNDViNjBkODUtZmQ3Mi00MjdhLWE3MDgtZjk5NGQyNmU1OTNlL3Jlc291cmNlR3JvdXBzL3BzdGVzdHJnMzk3OC9wcm92aWRlcnMvTWljcm9zb2Z0LlN0b3JhZ2Uvc3RvcmFnZUFjY291bnRzL3N0b3BzdGVzdHJnMzk3OC9ibG9iU2VydmljZXMvZGVmYXVsdC9jb250YWluZXJzL2NvbnRhaW5lcnBzdGVzdHJnMzk3OC9pbW11dGFiaWxpdHlQb2xpY2llcy9kZWZhdWx0P2FwaS12ZXJzaW9uPTIwMjEtMDgtMDE=",
      "RequestMethod": "GET",
      "RequestBody": "",
      "RequestHeaders": {
        "x-ms-client-request-id": [
          "80189a36-8bd3-45ae-8aab-9b4b6272b63f"
        ],
        "Accept-Language": [
          "en-US"
        ],
        "User-Agent": [
          "FxVersion/4.6.28207.03",
          "OSName/Windows",
          "OSVersion/Microsoft.Windows.10.0.19043.",
          "Microsoft.Azure.Management.Storage.StorageManagementClient/23.0.0.0"
        ]
      },
      "ResponseHeaders": {
        "Cache-Control": [
          "no-cache"
        ],
        "Pragma": [
          "no-cache"
        ],
        "x-ms-request-id": [
          "4fd463fc-cf2f-4597-b559-87206ac7fb55"
        ],
        "Strict-Transport-Security": [
          "max-age=31536000; includeSubDomains"
        ],
        "Server": [
          "Microsoft-Azure-Storage-Resource-Provider/1.0,Microsoft-HTTPAPI/2.0 Microsoft-HTTPAPI/2.0"
        ],
        "x-ms-ratelimit-remaining-subscription-reads": [
          "11988"
        ],
        "x-ms-correlation-request-id": [
          "1240d1c8-2117-4a18-a0f4-a78404a9dc38"
        ],
        "x-ms-routing-request-id": [
          "SOUTHEASTASIA:20210928T050409Z:1240d1c8-2117-4a18-a0f4-a78404a9dc38"
        ],
        "X-Content-Type-Options": [
          "nosniff"
        ],
        "Date": [
          "Tue, 28 Sep 2021 05:04:09 GMT"
        ],
        "Content-Length": [
          "421"
        ],
        "Content-Type": [
          "application/json"
        ],
        "Expires": [
          "-1"
        ]
      },
      "ResponseBody": "{\r\n  \"id\": \"/subscriptions/45b60d85-fd72-427a-a708-f994d26e593e/resourceGroups/pstestrg3978/providers/Microsoft.Storage/storageAccounts/stopstestrg3978/blobServices/default/containers/containerpstestrg3978/immutabilityPolicies/default\",\r\n  \"name\": \"default\",\r\n  \"type\": \"Microsoft.Storage/storageAccounts/blobServices/containers/immutabilityPolicies\",\r\n  \"etag\": \"\",\r\n  \"properties\": {\r\n    \"immutabilityPeriodSinceCreationInDays\": 0,\r\n    \"state\": \"Deleted\"\r\n  }\r\n}",
      "StatusCode": 200
    },
    {
      "RequestUri": "/subscriptions/45b60d85-fd72-427a-a708-f994d26e593e/resourceGroups/pstestrg3978/providers/Microsoft.Storage/storageAccounts/stopstestrg3978/blobServices/default/containers/containerpstestrg3978/immutabilityPolicies/default?api-version=2021-08-01",
      "EncodedRequestUri": "L3N1YnNjcmlwdGlvbnMvNDViNjBkODUtZmQ3Mi00MjdhLWE3MDgtZjk5NGQyNmU1OTNlL3Jlc291cmNlR3JvdXBzL3BzdGVzdHJnMzk3OC9wcm92aWRlcnMvTWljcm9zb2Z0LlN0b3JhZ2Uvc3RvcmFnZUFjY291bnRzL3N0b3BzdGVzdHJnMzk3OC9ibG9iU2VydmljZXMvZGVmYXVsdC9jb250YWluZXJzL2NvbnRhaW5lcnBzdGVzdHJnMzk3OC9pbW11dGFiaWxpdHlQb2xpY2llcy9kZWZhdWx0P2FwaS12ZXJzaW9uPTIwMjEtMDgtMDE=",
      "RequestMethod": "GET",
      "RequestBody": "",
      "RequestHeaders": {
        "x-ms-client-request-id": [
          "d9762a99-ee56-44bd-a23f-cc5ad48068e5"
        ],
        "Accept-Language": [
          "en-US"
        ],
        "User-Agent": [
          "FxVersion/4.6.28207.03",
          "OSName/Windows",
          "OSVersion/Microsoft.Windows.10.0.19043.",
          "Microsoft.Azure.Management.Storage.StorageManagementClient/23.0.0.0"
        ]
      },
      "ResponseHeaders": {
        "Cache-Control": [
          "no-cache"
        ],
        "Pragma": [
          "no-cache"
        ],
        "ETag": [
          "\"8d9823d680bfd4f\""
        ],
        "x-ms-request-id": [
          "f43d3a27-afc6-4be4-b5c3-4c341bc283ba"
        ],
        "Strict-Transport-Security": [
          "max-age=31536000; includeSubDomains"
        ],
        "Server": [
          "Microsoft-Azure-Storage-Resource-Provider/1.0,Microsoft-HTTPAPI/2.0 Microsoft-HTTPAPI/2.0"
        ],
        "x-ms-ratelimit-remaining-subscription-reads": [
          "11987"
        ],
        "x-ms-correlation-request-id": [
          "53304aa0-29d3-4f8b-849e-fb4c2807a61d"
        ],
        "x-ms-routing-request-id": [
          "SOUTHEASTASIA:20210928T050410Z:53304aa0-29d3-4f8b-849e-fb4c2807a61d"
        ],
        "X-Content-Type-Options": [
          "nosniff"
        ],
        "Date": [
          "Tue, 28 Sep 2021 05:04:09 GMT"
        ],
        "Content-Length": [
          "475"
        ],
        "Content-Type": [
          "application/json"
        ],
        "Expires": [
          "-1"
        ]
      },
      "ResponseBody": "{\r\n  \"id\": \"/subscriptions/45b60d85-fd72-427a-a708-f994d26e593e/resourceGroups/pstestrg3978/providers/Microsoft.Storage/storageAccounts/stopstestrg3978/blobServices/default/containers/containerpstestrg3978/immutabilityPolicies/default\",\r\n  \"name\": \"default\",\r\n  \"type\": \"Microsoft.Storage/storageAccounts/blobServices/containers/immutabilityPolicies\",\r\n  \"etag\": \"\\\"8d9823d680bfd4f\\\"\",\r\n  \"properties\": {\r\n    \"allowProtectedAppendWrites\": true,\r\n    \"immutabilityPeriodSinceCreationInDays\": 3,\r\n    \"state\": \"Unlocked\"\r\n  }\r\n}",
      "StatusCode": 200
    },
    {
      "RequestUri": "/subscriptions/45b60d85-fd72-427a-a708-f994d26e593e/resourceGroups/pstestrg3978/providers/Microsoft.Storage/storageAccounts/stopstestrg3978/blobServices/default/containers/containerpstestrg3978/immutabilityPolicies/default?api-version=2021-08-01",
      "EncodedRequestUri": "L3N1YnNjcmlwdGlvbnMvNDViNjBkODUtZmQ3Mi00MjdhLWE3MDgtZjk5NGQyNmU1OTNlL3Jlc291cmNlR3JvdXBzL3BzdGVzdHJnMzk3OC9wcm92aWRlcnMvTWljcm9zb2Z0LlN0b3JhZ2Uvc3RvcmFnZUFjY291bnRzL3N0b3BzdGVzdHJnMzk3OC9ibG9iU2VydmljZXMvZGVmYXVsdC9jb250YWluZXJzL2NvbnRhaW5lcnBzdGVzdHJnMzk3OC9pbW11dGFiaWxpdHlQb2xpY2llcy9kZWZhdWx0P2FwaS12ZXJzaW9uPTIwMjEtMDgtMDE=",
      "RequestMethod": "GET",
      "RequestBody": "",
      "RequestHeaders": {
        "x-ms-client-request-id": [
          "869468e0-315c-4f2f-8eea-3a3321ea04e7"
        ],
        "Accept-Language": [
          "en-US"
        ],
        "User-Agent": [
          "FxVersion/4.6.28207.03",
          "OSName/Windows",
          "OSVersion/Microsoft.Windows.10.0.19043.",
          "Microsoft.Azure.Management.Storage.StorageManagementClient/23.0.0.0"
        ]
      },
      "ResponseHeaders": {
        "Cache-Control": [
          "no-cache"
        ],
        "Pragma": [
          "no-cache"
        ],
        "ETag": [
          "\"8d9823d68bc6bed\""
        ],
        "x-ms-request-id": [
          "657a2f7e-fd6e-4ea9-a912-f2518c9cd83c"
        ],
        "Strict-Transport-Security": [
          "max-age=31536000; includeSubDomains"
        ],
        "Server": [
          "Microsoft-Azure-Storage-Resource-Provider/1.0,Microsoft-HTTPAPI/2.0 Microsoft-HTTPAPI/2.0"
        ],
        "x-ms-ratelimit-remaining-subscription-reads": [
          "11985"
        ],
        "x-ms-correlation-request-id": [
          "dbc85149-370f-400b-8e6c-c8a281bbe97f"
        ],
        "x-ms-routing-request-id": [
          "SOUTHEASTASIA:20210928T050411Z:dbc85149-370f-400b-8e6c-c8a281bbe97f"
        ],
        "X-Content-Type-Options": [
          "nosniff"
        ],
        "Date": [
          "Tue, 28 Sep 2021 05:04:11 GMT"
        ],
        "Content-Length": [
          "513"
        ],
        "Content-Type": [
          "application/json"
        ],
        "Expires": [
          "-1"
        ]
      },
      "ResponseBody": "{\r\n  \"id\": \"/subscriptions/45b60d85-fd72-427a-a708-f994d26e593e/resourceGroups/pstestrg3978/providers/Microsoft.Storage/storageAccounts/stopstestrg3978/blobServices/default/containers/containerpstestrg3978/immutabilityPolicies/default\",\r\n  \"name\": \"default\",\r\n  \"type\": \"Microsoft.Storage/storageAccounts/blobServices/containers/immutabilityPolicies\",\r\n  \"etag\": \"\\\"8d9823d68bc6bed\\\"\",\r\n  \"properties\": {\r\n    \"allowProtectedAppendWritesAll\": true,\r\n    \"allowProtectedAppendWrites\": false,\r\n    \"immutabilityPeriodSinceCreationInDays\": 2,\r\n    \"state\": \"Unlocked\"\r\n  }\r\n}",
      "StatusCode": 200
    },
    {
      "RequestUri": "/subscriptions/45b60d85-fd72-427a-a708-f994d26e593e/resourceGroups/pstestrg3978/providers/Microsoft.Storage/storageAccounts/stopstestrg3978/blobServices/default/containers/containerpstestrg3978/immutabilityPolicies/default?api-version=2021-08-01",
      "EncodedRequestUri": "L3N1YnNjcmlwdGlvbnMvNDViNjBkODUtZmQ3Mi00MjdhLWE3MDgtZjk5NGQyNmU1OTNlL3Jlc291cmNlR3JvdXBzL3BzdGVzdHJnMzk3OC9wcm92aWRlcnMvTWljcm9zb2Z0LlN0b3JhZ2Uvc3RvcmFnZUFjY291bnRzL3N0b3BzdGVzdHJnMzk3OC9ibG9iU2VydmljZXMvZGVmYXVsdC9jb250YWluZXJzL2NvbnRhaW5lcnBzdGVzdHJnMzk3OC9pbW11dGFiaWxpdHlQb2xpY2llcy9kZWZhdWx0P2FwaS12ZXJzaW9uPTIwMjEtMDgtMDE=",
      "RequestMethod": "GET",
      "RequestBody": "",
      "RequestHeaders": {
        "x-ms-client-request-id": [
          "f1e5de48-5b50-4bca-937c-5902c58faaa0"
        ],
        "Accept-Language": [
          "en-US"
        ],
        "User-Agent": [
          "FxVersion/4.6.28207.03",
          "OSName/Windows",
          "OSVersion/Microsoft.Windows.10.0.19043.",
          "Microsoft.Azure.Management.Storage.StorageManagementClient/23.0.0.0"
        ]
      },
      "ResponseHeaders": {
        "Cache-Control": [
          "no-cache"
        ],
        "Pragma": [
          "no-cache"
        ],
        "x-ms-request-id": [
          "2b70ad0c-caa4-449c-8ead-626b39a4a553"
        ],
        "Strict-Transport-Security": [
          "max-age=31536000; includeSubDomains"
        ],
        "Server": [
          "Microsoft-Azure-Storage-Resource-Provider/1.0,Microsoft-HTTPAPI/2.0 Microsoft-HTTPAPI/2.0"
        ],
        "x-ms-ratelimit-remaining-subscription-reads": [
          "11983"
        ],
        "x-ms-correlation-request-id": [
          "c6811c58-bd0a-4ab7-9c25-e480131783b7"
        ],
        "x-ms-routing-request-id": [
          "SOUTHEASTASIA:20210928T050412Z:c6811c58-bd0a-4ab7-9c25-e480131783b7"
        ],
        "X-Content-Type-Options": [
          "nosniff"
        ],
        "Date": [
          "Tue, 28 Sep 2021 05:04:12 GMT"
        ],
        "Content-Length": [
          "421"
        ],
        "Content-Type": [
          "application/json"
        ],
        "Expires": [
          "-1"
        ]
      },
      "ResponseBody": "{\r\n  \"id\": \"/subscriptions/45b60d85-fd72-427a-a708-f994d26e593e/resourceGroups/pstestrg3978/providers/Microsoft.Storage/storageAccounts/stopstestrg3978/blobServices/default/containers/containerpstestrg3978/immutabilityPolicies/default\",\r\n  \"name\": \"default\",\r\n  \"type\": \"Microsoft.Storage/storageAccounts/blobServices/containers/immutabilityPolicies\",\r\n  \"etag\": \"\",\r\n  \"properties\": {\r\n    \"immutabilityPeriodSinceCreationInDays\": 0,\r\n    \"state\": \"Deleted\"\r\n  }\r\n}",
      "StatusCode": 200
    },
    {
      "RequestUri": "/subscriptions/45b60d85-fd72-427a-a708-f994d26e593e/resourceGroups/pstestrg3978/providers/Microsoft.Storage/storageAccounts/stopstestrg3978/blobServices/default/containers/containerpstestrg3978/immutabilityPolicies/default?api-version=2021-08-01",
      "EncodedRequestUri": "L3N1YnNjcmlwdGlvbnMvNDViNjBkODUtZmQ3Mi00MjdhLWE3MDgtZjk5NGQyNmU1OTNlL3Jlc291cmNlR3JvdXBzL3BzdGVzdHJnMzk3OC9wcm92aWRlcnMvTWljcm9zb2Z0LlN0b3JhZ2Uvc3RvcmFnZUFjY291bnRzL3N0b3BzdGVzdHJnMzk3OC9ibG9iU2VydmljZXMvZGVmYXVsdC9jb250YWluZXJzL2NvbnRhaW5lcnBzdGVzdHJnMzk3OC9pbW11dGFiaWxpdHlQb2xpY2llcy9kZWZhdWx0P2FwaS12ZXJzaW9uPTIwMjEtMDgtMDE=",
      "RequestMethod": "GET",
      "RequestBody": "",
      "RequestHeaders": {
        "x-ms-client-request-id": [
          "94dada34-489e-4ec3-a4d2-86cb08ae66ce"
        ],
        "Accept-Language": [
          "en-US"
        ],
        "User-Agent": [
          "FxVersion/4.6.28207.03",
          "OSName/Windows",
          "OSVersion/Microsoft.Windows.10.0.19043.",
          "Microsoft.Azure.Management.Storage.StorageManagementClient/23.0.0.0"
        ]
      },
      "ResponseHeaders": {
        "Cache-Control": [
          "no-cache"
        ],
        "Pragma": [
          "no-cache"
        ],
        "ETag": [
          "\"8d9823d6a26d387\""
        ],
        "x-ms-request-id": [
          "586d0db5-8466-40b2-a9ea-7c0b787b18ed"
        ],
        "Strict-Transport-Security": [
          "max-age=31536000; includeSubDomains"
        ],
        "Server": [
          "Microsoft-Azure-Storage-Resource-Provider/1.0,Microsoft-HTTPAPI/2.0 Microsoft-HTTPAPI/2.0"
        ],
        "x-ms-ratelimit-remaining-subscription-reads": [
          "11981"
        ],
        "x-ms-correlation-request-id": [
          "632595c2-7b34-4642-837c-1b257976386a"
        ],
        "x-ms-routing-request-id": [
          "SOUTHEASTASIA:20210928T050414Z:632595c2-7b34-4642-837c-1b257976386a"
        ],
        "X-Content-Type-Options": [
          "nosniff"
        ],
        "Date": [
          "Tue, 28 Sep 2021 05:04:13 GMT"
        ],
        "Content-Length": [
          "441"
        ],
        "Content-Type": [
          "application/json"
        ],
        "Expires": [
          "-1"
        ]
      },
      "ResponseBody": "{\r\n  \"id\": \"/subscriptions/45b60d85-fd72-427a-a708-f994d26e593e/resourceGroups/pstestrg3978/providers/Microsoft.Storage/storageAccounts/stopstestrg3978/blobServices/default/containers/containerpstestrg3978/immutabilityPolicies/default\",\r\n  \"name\": \"default\",\r\n  \"type\": \"Microsoft.Storage/storageAccounts/blobServices/containers/immutabilityPolicies\",\r\n  \"etag\": \"\\\"8d9823d6a26d387\\\"\",\r\n  \"properties\": {\r\n    \"immutabilityPeriodSinceCreationInDays\": 7,\r\n    \"state\": \"Unlocked\"\r\n  }\r\n}",
      "StatusCode": 200
    },
    {
      "RequestUri": "/subscriptions/45b60d85-fd72-427a-a708-f994d26e593e/resourceGroups/pstestrg3978/providers/Microsoft.Storage/storageAccounts/stopstestrg3978/blobServices/default/containers/containerpstestrg3978/immutabilityPolicies/default?api-version=2021-08-01",
      "EncodedRequestUri": "L3N1YnNjcmlwdGlvbnMvNDViNjBkODUtZmQ3Mi00MjdhLWE3MDgtZjk5NGQyNmU1OTNlL3Jlc291cmNlR3JvdXBzL3BzdGVzdHJnMzk3OC9wcm92aWRlcnMvTWljcm9zb2Z0LlN0b3JhZ2Uvc3RvcmFnZUFjY291bnRzL3N0b3BzdGVzdHJnMzk3OC9ibG9iU2VydmljZXMvZGVmYXVsdC9jb250YWluZXJzL2NvbnRhaW5lcnBzdGVzdHJnMzk3OC9pbW11dGFiaWxpdHlQb2xpY2llcy9kZWZhdWx0P2FwaS12ZXJzaW9uPTIwMjEtMDgtMDE=",
      "RequestMethod": "GET",
      "RequestBody": "",
      "RequestHeaders": {
        "x-ms-client-request-id": [
          "87cabe9b-9bb3-4210-8900-6eb64b9d8ec6"
        ],
        "Accept-Language": [
          "en-US"
        ],
        "User-Agent": [
          "FxVersion/4.6.28207.03",
          "OSName/Windows",
          "OSVersion/Microsoft.Windows.10.0.19043.",
          "Microsoft.Azure.Management.Storage.StorageManagementClient/23.0.0.0"
        ]
      },
      "ResponseHeaders": {
        "Cache-Control": [
          "no-cache"
        ],
        "Pragma": [
          "no-cache"
        ],
        "ETag": [
          "\"8d9823d6adc0465\""
        ],
        "x-ms-request-id": [
          "734ee19f-5b15-4e64-9b72-db399bdbc41e"
        ],
        "Strict-Transport-Security": [
          "max-age=31536000; includeSubDomains"
        ],
        "Server": [
          "Microsoft-Azure-Storage-Resource-Provider/1.0,Microsoft-HTTPAPI/2.0 Microsoft-HTTPAPI/2.0"
        ],
        "x-ms-ratelimit-remaining-subscription-reads": [
          "11979"
        ],
        "x-ms-correlation-request-id": [
          "ead44a44-c653-49d1-9991-afe0e9379a08"
        ],
        "x-ms-routing-request-id": [
          "SOUTHEASTASIA:20210928T050415Z:ead44a44-c653-49d1-9991-afe0e9379a08"
        ],
        "X-Content-Type-Options": [
          "nosniff"
        ],
        "Date": [
          "Tue, 28 Sep 2021 05:04:14 GMT"
        ],
        "Content-Length": [
          "439"
        ],
        "Content-Type": [
          "application/json"
        ],
        "Expires": [
          "-1"
        ]
      },
      "ResponseBody": "{\r\n  \"id\": \"/subscriptions/45b60d85-fd72-427a-a708-f994d26e593e/resourceGroups/pstestrg3978/providers/Microsoft.Storage/storageAccounts/stopstestrg3978/blobServices/default/containers/containerpstestrg3978/immutabilityPolicies/default\",\r\n  \"name\": \"default\",\r\n  \"type\": \"Microsoft.Storage/storageAccounts/blobServices/containers/immutabilityPolicies\",\r\n  \"etag\": \"\\\"8d9823d6adc0465\\\"\",\r\n  \"properties\": {\r\n    \"immutabilityPeriodSinceCreationInDays\": 7,\r\n    \"state\": \"Locked\"\r\n  }\r\n}",
      "StatusCode": 200
    },
    {
      "RequestUri": "/subscriptions/45b60d85-fd72-427a-a708-f994d26e593e/resourceGroups/pstestrg3978/providers/Microsoft.Storage/storageAccounts/stopstestrg3978/blobServices/default/containers/containerpstestrg3978/immutabilityPolicies/default?api-version=2021-08-01",
      "EncodedRequestUri": "L3N1YnNjcmlwdGlvbnMvNDViNjBkODUtZmQ3Mi00MjdhLWE3MDgtZjk5NGQyNmU1OTNlL3Jlc291cmNlR3JvdXBzL3BzdGVzdHJnMzk3OC9wcm92aWRlcnMvTWljcm9zb2Z0LlN0b3JhZ2Uvc3RvcmFnZUFjY291bnRzL3N0b3BzdGVzdHJnMzk3OC9ibG9iU2VydmljZXMvZGVmYXVsdC9jb250YWluZXJzL2NvbnRhaW5lcnBzdGVzdHJnMzk3OC9pbW11dGFiaWxpdHlQb2xpY2llcy9kZWZhdWx0P2FwaS12ZXJzaW9uPTIwMjEtMDgtMDE=",
      "RequestMethod": "GET",
      "RequestBody": "",
      "RequestHeaders": {
        "x-ms-client-request-id": [
          "5e63c49f-c8cf-4c17-a06a-b079fb00cca5"
        ],
        "Accept-Language": [
          "en-US"
        ],
        "User-Agent": [
          "FxVersion/4.6.28207.03",
          "OSName/Windows",
          "OSVersion/Microsoft.Windows.10.0.19043.",
          "Microsoft.Azure.Management.Storage.StorageManagementClient/23.0.0.0"
        ]
      },
      "ResponseHeaders": {
        "Cache-Control": [
          "no-cache"
        ],
        "Pragma": [
          "no-cache"
        ],
        "ETag": [
          "\"8d9823d6bbe853b\""
        ],
        "x-ms-request-id": [
          "555e8da1-4cc1-44ff-84bf-f1785afeeb41"
        ],
        "Strict-Transport-Security": [
          "max-age=31536000; includeSubDomains"
        ],
        "Server": [
          "Microsoft-Azure-Storage-Resource-Provider/1.0,Microsoft-HTTPAPI/2.0 Microsoft-HTTPAPI/2.0"
        ],
        "x-ms-ratelimit-remaining-subscription-reads": [
          "11977"
        ],
        "x-ms-correlation-request-id": [
          "8655c546-9b32-4d88-9a07-880495a39b06"
        ],
        "x-ms-routing-request-id": [
          "SOUTHEASTASIA:20210928T050416Z:8655c546-9b32-4d88-9a07-880495a39b06"
        ],
        "X-Content-Type-Options": [
          "nosniff"
        ],
        "Date": [
          "Tue, 28 Sep 2021 05:04:16 GMT"
        ],
        "Content-Length": [
          "440"
        ],
        "Content-Type": [
          "application/json"
        ],
        "Expires": [
          "-1"
        ]
      },
      "ResponseBody": "{\r\n  \"id\": \"/subscriptions/45b60d85-fd72-427a-a708-f994d26e593e/resourceGroups/pstestrg3978/providers/Microsoft.Storage/storageAccounts/stopstestrg3978/blobServices/default/containers/containerpstestrg3978/immutabilityPolicies/default\",\r\n  \"name\": \"default\",\r\n  \"type\": \"Microsoft.Storage/storageAccounts/blobServices/containers/immutabilityPolicies\",\r\n  \"etag\": \"\\\"8d9823d6bbe853b\\\"\",\r\n  \"properties\": {\r\n    \"immutabilityPeriodSinceCreationInDays\": 20,\r\n    \"state\": \"Locked\"\r\n  }\r\n}",
      "StatusCode": 200
    },
    {
      "RequestUri": "/subscriptions/45b60d85-fd72-427a-a708-f994d26e593e/resourceGroups/pstestrg3978/providers/Microsoft.Storage/storageAccounts/stopstestrg3978/blobServices/default/containers/containerpstestrg3978/immutabilityPolicies/default?api-version=2021-08-01",
      "EncodedRequestUri": "L3N1YnNjcmlwdGlvbnMvNDViNjBkODUtZmQ3Mi00MjdhLWE3MDgtZjk5NGQyNmU1OTNlL3Jlc291cmNlR3JvdXBzL3BzdGVzdHJnMzk3OC9wcm92aWRlcnMvTWljcm9zb2Z0LlN0b3JhZ2Uvc3RvcmFnZUFjY291bnRzL3N0b3BzdGVzdHJnMzk3OC9ibG9iU2VydmljZXMvZGVmYXVsdC9jb250YWluZXJzL2NvbnRhaW5lcnBzdGVzdHJnMzk3OC9pbW11dGFiaWxpdHlQb2xpY2llcy9kZWZhdWx0P2FwaS12ZXJzaW9uPTIwMjEtMDgtMDE=",
      "RequestMethod": "PUT",
      "RequestBody": "{\r\n  \"properties\": {\r\n    \"immutabilityPeriodSinceCreationInDays\": 3,\r\n    \"allowProtectedAppendWrites\": true\r\n  }\r\n}",
      "RequestHeaders": {
        "x-ms-client-request-id": [
          "f6d3df39-bb5e-4e7a-b4c0-0bc8f2036b25"
        ],
        "Accept-Language": [
          "en-US"
        ],
        "User-Agent": [
          "FxVersion/4.6.28207.03",
          "OSName/Windows",
          "OSVersion/Microsoft.Windows.10.0.19043.",
          "Microsoft.Azure.Management.Storage.StorageManagementClient/23.0.0.0"
        ],
        "Content-Type": [
          "application/json; charset=utf-8"
        ],
        "Content-Length": [
          "117"
        ]
      },
      "ResponseHeaders": {
        "Cache-Control": [
          "no-cache"
        ],
        "Pragma": [
          "no-cache"
        ],
        "ETag": [
          "\"8d9823d680bfd4f\""
        ],
        "x-ms-request-id": [
          "1f194274-71ba-49ea-9877-824ab1005cf8"
        ],
        "Strict-Transport-Security": [
          "max-age=31536000; includeSubDomains"
        ],
        "Server": [
          "Microsoft-Azure-Storage-Resource-Provider/1.0,Microsoft-HTTPAPI/2.0 Microsoft-HTTPAPI/2.0"
        ],
        "x-ms-ratelimit-remaining-subscription-writes": [
          "1194"
        ],
        "x-ms-correlation-request-id": [
          "798afb74-b1ca-4ca6-b7e1-f4d1b6b6643e"
        ],
        "x-ms-routing-request-id": [
          "SOUTHEASTASIA:20210928T050410Z:798afb74-b1ca-4ca6-b7e1-f4d1b6b6643e"
        ],
        "X-Content-Type-Options": [
          "nosniff"
        ],
        "Date": [
          "Tue, 28 Sep 2021 05:04:09 GMT"
        ],
        "Content-Length": [
          "475"
        ],
        "Content-Type": [
          "application/json"
        ],
        "Expires": [
          "-1"
        ]
      },
      "ResponseBody": "{\r\n  \"id\": \"/subscriptions/45b60d85-fd72-427a-a708-f994d26e593e/resourceGroups/pstestrg3978/providers/Microsoft.Storage/storageAccounts/stopstestrg3978/blobServices/default/containers/containerpstestrg3978/immutabilityPolicies/default\",\r\n  \"name\": \"default\",\r\n  \"type\": \"Microsoft.Storage/storageAccounts/blobServices/containers/immutabilityPolicies\",\r\n  \"etag\": \"\\\"8d9823d680bfd4f\\\"\",\r\n  \"properties\": {\r\n    \"allowProtectedAppendWrites\": true,\r\n    \"immutabilityPeriodSinceCreationInDays\": 3,\r\n    \"state\": \"Unlocked\"\r\n  }\r\n}",
      "StatusCode": 200
    },
    {
      "RequestUri": "/subscriptions/45b60d85-fd72-427a-a708-f994d26e593e/resourceGroups/pstestrg3978/providers/Microsoft.Storage/storageAccounts/stopstestrg3978/blobServices/default/containers/containerpstestrg3978/immutabilityPolicies/default?api-version=2021-08-01",
      "EncodedRequestUri": "L3N1YnNjcmlwdGlvbnMvNDViNjBkODUtZmQ3Mi00MjdhLWE3MDgtZjk5NGQyNmU1OTNlL3Jlc291cmNlR3JvdXBzL3BzdGVzdHJnMzk3OC9wcm92aWRlcnMvTWljcm9zb2Z0LlN0b3JhZ2Uvc3RvcmFnZUFjY291bnRzL3N0b3BzdGVzdHJnMzk3OC9ibG9iU2VydmljZXMvZGVmYXVsdC9jb250YWluZXJzL2NvbnRhaW5lcnBzdGVzdHJnMzk3OC9pbW11dGFiaWxpdHlQb2xpY2llcy9kZWZhdWx0P2FwaS12ZXJzaW9uPTIwMjEtMDgtMDE=",
      "RequestMethod": "PUT",
      "RequestBody": "{\r\n  \"properties\": {\r\n    \"immutabilityPeriodSinceCreationInDays\": 2,\r\n    \"allowProtectedAppendWrites\": false,\r\n    \"allowProtectedAppendWritesAll\": true\r\n  }\r\n}",
      "RequestHeaders": {
        "x-ms-client-request-id": [
          "da70609d-939f-4603-a78e-855ffda18209"
        ],
        "If-Match": [
          "\"8d9823d680bfd4f\""
        ],
        "Accept-Language": [
          "en-US"
        ],
        "User-Agent": [
          "FxVersion/4.6.28207.03",
          "OSName/Windows",
          "OSVersion/Microsoft.Windows.10.0.19043.",
          "Microsoft.Azure.Management.Storage.StorageManagementClient/23.0.0.0"
        ],
        "Content-Type": [
          "application/json; charset=utf-8"
        ],
        "Content-Length": [
          "162"
        ]
      },
      "ResponseHeaders": {
        "Cache-Control": [
          "no-cache"
        ],
        "Pragma": [
          "no-cache"
        ],
        "ETag": [
          "\"8d9823d68bc6bed\""
        ],
        "x-ms-request-id": [
          "5b36c14c-eb15-4284-83a0-a8d7e9df3e06"
        ],
        "Strict-Transport-Security": [
          "max-age=31536000; includeSubDomains"
        ],
        "Server": [
          "Microsoft-Azure-Storage-Resource-Provider/1.0,Microsoft-HTTPAPI/2.0 Microsoft-HTTPAPI/2.0"
        ],
        "x-ms-ratelimit-remaining-subscription-writes": [
          "1193"
        ],
        "x-ms-correlation-request-id": [
          "f200f1fa-6c40-4f5d-a8e2-6716567fc229"
        ],
        "x-ms-routing-request-id": [
          "SOUTHEASTASIA:20210928T050411Z:f200f1fa-6c40-4f5d-a8e2-6716567fc229"
        ],
        "X-Content-Type-Options": [
          "nosniff"
        ],
        "Date": [
          "Tue, 28 Sep 2021 05:04:10 GMT"
        ],
        "Content-Length": [
          "513"
        ],
        "Content-Type": [
          "application/json"
        ],
        "Expires": [
          "-1"
        ]
      },
      "ResponseBody": "{\r\n  \"id\": \"/subscriptions/45b60d85-fd72-427a-a708-f994d26e593e/resourceGroups/pstestrg3978/providers/Microsoft.Storage/storageAccounts/stopstestrg3978/blobServices/default/containers/containerpstestrg3978/immutabilityPolicies/default\",\r\n  \"name\": \"default\",\r\n  \"type\": \"Microsoft.Storage/storageAccounts/blobServices/containers/immutabilityPolicies\",\r\n  \"etag\": \"\\\"8d9823d68bc6bed\\\"\",\r\n  \"properties\": {\r\n    \"allowProtectedAppendWritesAll\": true,\r\n    \"allowProtectedAppendWrites\": false,\r\n    \"immutabilityPeriodSinceCreationInDays\": 2,\r\n    \"state\": \"Unlocked\"\r\n  }\r\n}",
      "StatusCode": 200
    },
    {
      "RequestUri": "/subscriptions/45b60d85-fd72-427a-a708-f994d26e593e/resourceGroups/pstestrg3978/providers/Microsoft.Storage/storageAccounts/stopstestrg3978/blobServices/default/containers/containerpstestrg3978/immutabilityPolicies/default?api-version=2021-08-01",
      "EncodedRequestUri": "L3N1YnNjcmlwdGlvbnMvNDViNjBkODUtZmQ3Mi00MjdhLWE3MDgtZjk5NGQyNmU1OTNlL3Jlc291cmNlR3JvdXBzL3BzdGVzdHJnMzk3OC9wcm92aWRlcnMvTWljcm9zb2Z0LlN0b3JhZ2Uvc3RvcmFnZUFjY291bnRzL3N0b3BzdGVzdHJnMzk3OC9ibG9iU2VydmljZXMvZGVmYXVsdC9jb250YWluZXJzL2NvbnRhaW5lcnBzdGVzdHJnMzk3OC9pbW11dGFiaWxpdHlQb2xpY2llcy9kZWZhdWx0P2FwaS12ZXJzaW9uPTIwMjEtMDgtMDE=",
      "RequestMethod": "PUT",
      "RequestBody": "{\r\n  \"properties\": {\r\n    \"immutabilityPeriodSinceCreationInDays\": 7\r\n  }\r\n}",
      "RequestHeaders": {
        "x-ms-client-request-id": [
          "bdaec261-950b-4829-b6d4-736440cc8f81"
        ],
        "User-Agent": [
          "FxVersion/4.6.28207.03",
          "OSName/Windows",
          "OSVersion/Microsoft.Windows.10.0.19043.",
          "Microsoft.Azure.Management.Storage.StorageManagementClient/23.0.0.0"
        ],
        "Accept-Language": [
          "en-US"
        ],
        "Content-Type": [
          "application/json; charset=utf-8"
        ],
        "Content-Length": [
          "76"
        ]
      },
      "ResponseHeaders": {
        "Cache-Control": [
          "no-cache"
        ],
        "Pragma": [
          "no-cache"
        ],
        "ETag": [
          "\"8d9823d6a26d387\""
        ],
        "x-ms-request-id": [
          "432eaf2d-d882-47bb-8b35-1a596ae92b49"
        ],
        "Strict-Transport-Security": [
          "max-age=31536000; includeSubDomains"
        ],
        "Server": [
          "Microsoft-Azure-Storage-Resource-Provider/1.0,Microsoft-HTTPAPI/2.0 Microsoft-HTTPAPI/2.0"
        ],
        "x-ms-ratelimit-remaining-subscription-writes": [
          "1192"
        ],
        "x-ms-correlation-request-id": [
          "ccad1eca-fedc-41b1-8d8e-444144e66efc"
        ],
        "x-ms-routing-request-id": [
          "SOUTHEASTASIA:20210928T050413Z:ccad1eca-fedc-41b1-8d8e-444144e66efc"
        ],
        "X-Content-Type-Options": [
          "nosniff"
        ],
        "Date": [
          "Tue, 28 Sep 2021 05:04:13 GMT"
        ],
        "Content-Length": [
          "441"
        ],
        "Content-Type": [
          "application/json"
        ],
        "Expires": [
          "-1"
        ]
      },
      "ResponseBody": "{\r\n  \"id\": \"/subscriptions/45b60d85-fd72-427a-a708-f994d26e593e/resourceGroups/pstestrg3978/providers/Microsoft.Storage/storageAccounts/stopstestrg3978/blobServices/default/containers/containerpstestrg3978/immutabilityPolicies/default\",\r\n  \"name\": \"default\",\r\n  \"type\": \"Microsoft.Storage/storageAccounts/blobServices/containers/immutabilityPolicies\",\r\n  \"etag\": \"\\\"8d9823d6a26d387\\\"\",\r\n  \"properties\": {\r\n    \"immutabilityPeriodSinceCreationInDays\": 7,\r\n    \"state\": \"Unlocked\"\r\n  }\r\n}",
      "StatusCode": 200
    },
    {
      "RequestUri": "/subscriptions/45b60d85-fd72-427a-a708-f994d26e593e/resourceGroups/pstestrg3978/providers/Microsoft.Storage/storageAccounts/stopstestrg3978/blobServices/default/containers/containerpstestrg3978/immutabilityPolicies/default?api-version=2021-08-01",
      "EncodedRequestUri": "L3N1YnNjcmlwdGlvbnMvNDViNjBkODUtZmQ3Mi00MjdhLWE3MDgtZjk5NGQyNmU1OTNlL3Jlc291cmNlR3JvdXBzL3BzdGVzdHJnMzk3OC9wcm92aWRlcnMvTWljcm9zb2Z0LlN0b3JhZ2Uvc3RvcmFnZUFjY291bnRzL3N0b3BzdGVzdHJnMzk3OC9ibG9iU2VydmljZXMvZGVmYXVsdC9jb250YWluZXJzL2NvbnRhaW5lcnBzdGVzdHJnMzk3OC9pbW11dGFiaWxpdHlQb2xpY2llcy9kZWZhdWx0P2FwaS12ZXJzaW9uPTIwMjEtMDgtMDE=",
      "RequestMethod": "DELETE",
      "RequestBody": "",
      "RequestHeaders": {
        "x-ms-client-request-id": [
          "335c8733-d4ca-404a-b90b-916eeb1607b8"
        ],
        "If-Match": [
          "\"8d9823d68bc6bed\""
        ],
        "Accept-Language": [
          "en-US"
        ],
        "User-Agent": [
          "FxVersion/4.6.28207.03",
          "OSName/Windows",
          "OSVersion/Microsoft.Windows.10.0.19043.",
          "Microsoft.Azure.Management.Storage.StorageManagementClient/23.0.0.0"
        ]
      },
      "ResponseHeaders": {
        "Cache-Control": [
          "no-cache"
        ],
        "Pragma": [
          "no-cache"
        ],
        "ETag": [
          "\"8d9823d696f3c86\""
        ],
        "x-ms-request-id": [
          "8ae971ad-b917-4c85-ab16-f48f505a458c"
        ],
        "Strict-Transport-Security": [
          "max-age=31536000; includeSubDomains"
        ],
        "Server": [
          "Microsoft-Azure-Storage-Resource-Provider/1.0,Microsoft-HTTPAPI/2.0 Microsoft-HTTPAPI/2.0"
        ],
        "x-ms-ratelimit-remaining-subscription-deletes": [
          "14999"
        ],
        "x-ms-correlation-request-id": [
          "79901266-f797-484e-99c7-08b756f2e2f4"
        ],
        "x-ms-routing-request-id": [
          "SOUTHEASTASIA:20210928T050412Z:79901266-f797-484e-99c7-08b756f2e2f4"
        ],
        "X-Content-Type-Options": [
          "nosniff"
        ],
        "Date": [
          "Tue, 28 Sep 2021 05:04:11 GMT"
        ],
        "Content-Length": [
          "440"
        ],
        "Content-Type": [
          "application/json"
        ],
        "Expires": [
          "-1"
        ]
      },
      "ResponseBody": "{\r\n  \"id\": \"/subscriptions/45b60d85-fd72-427a-a708-f994d26e593e/resourceGroups/pstestrg3978/providers/Microsoft.Storage/storageAccounts/stopstestrg3978/blobServices/default/containers/containerpstestrg3978/immutabilityPolicies/default\",\r\n  \"name\": \"default\",\r\n  \"type\": \"Microsoft.Storage/storageAccounts/blobServices/containers/immutabilityPolicies\",\r\n  \"etag\": \"\\\"8d9823d696f3c86\\\"\",\r\n  \"properties\": {\r\n    \"immutabilityPeriodSinceCreationInDays\": 0,\r\n    \"state\": \"Deleted\"\r\n  }\r\n}",
      "StatusCode": 200
    },
    {
      "RequestUri": "/subscriptions/45b60d85-fd72-427a-a708-f994d26e593e/resourceGroups/pstestrg3978/providers/Microsoft.Storage/storageAccounts/stopstestrg3978/blobServices/default/containers/containerpstestrg3978/immutabilityPolicies/default/lock?api-version=2021-08-01",
      "EncodedRequestUri": "L3N1YnNjcmlwdGlvbnMvNDViNjBkODUtZmQ3Mi00MjdhLWE3MDgtZjk5NGQyNmU1OTNlL3Jlc291cmNlR3JvdXBzL3BzdGVzdHJnMzk3OC9wcm92aWRlcnMvTWljcm9zb2Z0LlN0b3JhZ2Uvc3RvcmFnZUFjY291bnRzL3N0b3BzdGVzdHJnMzk3OC9ibG9iU2VydmljZXMvZGVmYXVsdC9jb250YWluZXJzL2NvbnRhaW5lcnBzdGVzdHJnMzk3OC9pbW11dGFiaWxpdHlQb2xpY2llcy9kZWZhdWx0L2xvY2s/YXBpLXZlcnNpb249MjAyMS0wOC0wMQ==",
      "RequestMethod": "POST",
      "RequestBody": "",
      "RequestHeaders": {
        "x-ms-client-request-id": [
          "dd5ec8af-e674-4c3e-9168-2d9fb1af573a"
        ],
        "If-Match": [
          "\"8d9823d6a26d387\""
        ],
        "Accept-Language": [
          "en-US"
        ],
        "User-Agent": [
          "FxVersion/4.6.28207.03",
          "OSName/Windows",
          "OSVersion/Microsoft.Windows.10.0.19043.",
          "Microsoft.Azure.Management.Storage.StorageManagementClient/23.0.0.0"
        ]
      },
      "ResponseHeaders": {
        "Cache-Control": [
          "no-cache"
        ],
        "Pragma": [
          "no-cache"
        ],
        "ETag": [
          "\"8d9823d6adc0465\""
        ],
        "x-ms-request-id": [
          "dc028006-4c44-494f-a8b9-94bc54eb4751"
        ],
        "Strict-Transport-Security": [
          "max-age=31536000; includeSubDomains"
        ],
        "Server": [
          "Microsoft-Azure-Storage-Resource-Provider/1.0,Microsoft-HTTPAPI/2.0 Microsoft-HTTPAPI/2.0"
        ],
        "x-ms-ratelimit-remaining-subscription-writes": [
          "1199"
        ],
        "x-ms-correlation-request-id": [
          "ff7afab1-9b37-4368-9c59-95c9d5981eca"
        ],
        "x-ms-routing-request-id": [
          "SOUTHEASTASIA:20210928T050414Z:ff7afab1-9b37-4368-9c59-95c9d5981eca"
        ],
        "X-Content-Type-Options": [
          "nosniff"
        ],
        "Date": [
          "Tue, 28 Sep 2021 05:04:14 GMT"
        ],
        "Content-Length": [
          "439"
        ],
        "Content-Type": [
          "application/json"
        ],
        "Expires": [
          "-1"
        ]
      },
      "ResponseBody": "{\r\n  \"id\": \"/subscriptions/45b60d85-fd72-427a-a708-f994d26e593e/resourceGroups/pstestrg3978/providers/Microsoft.Storage/storageAccounts/stopstestrg3978/blobServices/default/containers/containerpstestrg3978/immutabilityPolicies/default\",\r\n  \"name\": \"default\",\r\n  \"type\": \"Microsoft.Storage/storageAccounts/blobServices/containers/immutabilityPolicies\",\r\n  \"etag\": \"\\\"8d9823d6adc0465\\\"\",\r\n  \"properties\": {\r\n    \"immutabilityPeriodSinceCreationInDays\": 7,\r\n    \"state\": \"Locked\"\r\n  }\r\n}",
      "StatusCode": 200
    },
    {
      "RequestUri": "/subscriptions/45b60d85-fd72-427a-a708-f994d26e593e/resourceGroups/pstestrg3978/providers/Microsoft.Storage/storageAccounts/stopstestrg3978/blobServices/default/containers/containerpstestrg3978/immutabilityPolicies/default/extend?api-version=2021-08-01",
      "EncodedRequestUri": "L3N1YnNjcmlwdGlvbnMvNDViNjBkODUtZmQ3Mi00MjdhLWE3MDgtZjk5NGQyNmU1OTNlL3Jlc291cmNlR3JvdXBzL3BzdGVzdHJnMzk3OC9wcm92aWRlcnMvTWljcm9zb2Z0LlN0b3JhZ2Uvc3RvcmFnZUFjY291bnRzL3N0b3BzdGVzdHJnMzk3OC9ibG9iU2VydmljZXMvZGVmYXVsdC9jb250YWluZXJzL2NvbnRhaW5lcnBzdGVzdHJnMzk3OC9pbW11dGFiaWxpdHlQb2xpY2llcy9kZWZhdWx0L2V4dGVuZD9hcGktdmVyc2lvbj0yMDIxLTA4LTAx",
      "RequestMethod": "POST",
      "RequestBody": "{\r\n  \"properties\": {\r\n    \"immutabilityPeriodSinceCreationInDays\": 20\r\n  }\r\n}",
      "RequestHeaders": {
        "x-ms-client-request-id": [
          "28eec805-7a29-443e-a792-73217bbb8266"
        ],
        "If-Match": [
          "\"8d9823d6adc0465\""
        ],
        "Accept-Language": [
          "en-US"
        ],
        "User-Agent": [
          "FxVersion/4.6.28207.03",
          "OSName/Windows",
          "OSVersion/Microsoft.Windows.10.0.19043.",
          "Microsoft.Azure.Management.Storage.StorageManagementClient/23.0.0.0"
        ],
        "Content-Type": [
          "application/json; charset=utf-8"
        ],
        "Content-Length": [
          "77"
        ]
      },
      "ResponseHeaders": {
        "Cache-Control": [
          "no-cache"
        ],
        "Pragma": [
          "no-cache"
        ],
        "ETag": [
          "\"8d9823d6bbe853b\""
        ],
        "x-ms-request-id": [
          "3a631cca-404b-4c11-a38b-161e603a5b3c"
        ],
        "Strict-Transport-Security": [
          "max-age=31536000; includeSubDomains"
        ],
        "Server": [
          "Microsoft-Azure-Storage-Resource-Provider/1.0,Microsoft-HTTPAPI/2.0 Microsoft-HTTPAPI/2.0"
        ],
        "x-ms-ratelimit-remaining-subscription-writes": [
          "1198"
        ],
        "x-ms-correlation-request-id": [
          "bedab4f2-b881-4af0-8deb-d5811688e8f4"
        ],
        "x-ms-routing-request-id": [
          "SOUTHEASTASIA:20210928T050416Z:bedab4f2-b881-4af0-8deb-d5811688e8f4"
        ],
        "X-Content-Type-Options": [
          "nosniff"
        ],
        "Date": [
          "Tue, 28 Sep 2021 05:04:15 GMT"
        ],
        "Content-Length": [
          "440"
        ],
        "Content-Type": [
          "application/json"
        ],
        "Expires": [
          "-1"
        ]
      },
      "ResponseBody": "{\r\n  \"id\": \"/subscriptions/45b60d85-fd72-427a-a708-f994d26e593e/resourceGroups/pstestrg3978/providers/Microsoft.Storage/storageAccounts/stopstestrg3978/blobServices/default/containers/containerpstestrg3978/immutabilityPolicies/default\",\r\n  \"name\": \"default\",\r\n  \"type\": \"Microsoft.Storage/storageAccounts/blobServices/containers/immutabilityPolicies\",\r\n  \"etag\": \"\\\"8d9823d6bbe853b\\\"\",\r\n  \"properties\": {\r\n    \"immutabilityPeriodSinceCreationInDays\": 20,\r\n    \"state\": \"Locked\"\r\n  }\r\n}",
      "StatusCode": 200
    },
    {
      "RequestUri": "/subscriptions/45b60d85-fd72-427a-a708-f994d26e593e/resourceGroups/pstestrg3978/providers/Microsoft.Storage/storageAccounts/stopstestrg3978/blobServices/default/containers/containerpstestrg3978?api-version=2021-08-01",
      "EncodedRequestUri": "L3N1YnNjcmlwdGlvbnMvNDViNjBkODUtZmQ3Mi00MjdhLWE3MDgtZjk5NGQyNmU1OTNlL3Jlc291cmNlR3JvdXBzL3BzdGVzdHJnMzk3OC9wcm92aWRlcnMvTWljcm9zb2Z0LlN0b3JhZ2Uvc3RvcmFnZUFjY291bnRzL3N0b3BzdGVzdHJnMzk3OC9ibG9iU2VydmljZXMvZGVmYXVsdC9jb250YWluZXJzL2NvbnRhaW5lcnBzdGVzdHJnMzk3OD9hcGktdmVyc2lvbj0yMDIxLTA4LTAx",
      "RequestMethod": "DELETE",
      "RequestBody": "",
      "RequestHeaders": {
        "x-ms-client-request-id": [
          "1fdb1074-d52f-4748-8755-69a70fcf24a2"
        ],
        "Accept-Language": [
          "en-US"
        ],
        "User-Agent": [
          "FxVersion/4.6.28207.03",
          "OSName/Windows",
          "OSVersion/Microsoft.Windows.10.0.19043.",
          "Microsoft.Azure.Management.Storage.StorageManagementClient/23.0.0.0"
        ]
      },
      "ResponseHeaders": {
        "Cache-Control": [
          "no-cache"
        ],
        "Pragma": [
          "no-cache"
        ],
        "x-ms-request-id": [
          "f9721fb2-a483-4e57-929b-7b0bd1c5abf9"
        ],
        "Strict-Transport-Security": [
          "max-age=31536000; includeSubDomains"
        ],
        "Server": [
          "Microsoft-Azure-Storage-Resource-Provider/1.0,Microsoft-HTTPAPI/2.0 Microsoft-HTTPAPI/2.0"
        ],
        "x-ms-ratelimit-remaining-subscription-deletes": [
          "14998"
        ],
        "x-ms-correlation-request-id": [
          "fdf14685-ddb5-4a5f-a0d9-1d20fb4f986b"
        ],
        "x-ms-routing-request-id": [
          "SOUTHEASTASIA:20210928T050417Z:fdf14685-ddb5-4a5f-a0d9-1d20fb4f986b"
        ],
        "X-Content-Type-Options": [
          "nosniff"
        ],
        "Date": [
          "Tue, 28 Sep 2021 05:04:17 GMT"
        ],
        "Content-Type": [
          "text/plain; charset=utf-8"
        ],
        "Expires": [
          "-1"
        ],
        "Content-Length": [
          "0"
        ]
      },
      "ResponseBody": "",
      "StatusCode": 200
    },
    {
      "RequestUri": "/subscriptions/45b60d85-fd72-427a-a708-f994d26e593e/resourceGroups/pstestrg3978/providers/Microsoft.Storage/storageAccounts/stopstestrg3978/blobServices/default/containers?api-version=2021-08-01",
      "EncodedRequestUri": "L3N1YnNjcmlwdGlvbnMvNDViNjBkODUtZmQ3Mi00MjdhLWE3MDgtZjk5NGQyNmU1OTNlL3Jlc291cmNlR3JvdXBzL3BzdGVzdHJnMzk3OC9wcm92aWRlcnMvTWljcm9zb2Z0LlN0b3JhZ2Uvc3RvcmFnZUFjY291bnRzL3N0b3BzdGVzdHJnMzk3OC9ibG9iU2VydmljZXMvZGVmYXVsdC9jb250YWluZXJzP2FwaS12ZXJzaW9uPTIwMjEtMDgtMDE=",
      "RequestMethod": "GET",
      "RequestBody": "",
      "RequestHeaders": {
        "x-ms-client-request-id": [
          "06d601c5-229b-4fe5-9b01-42b3ea42268d"
        ],
        "Accept-Language": [
          "en-US"
        ],
        "User-Agent": [
          "FxVersion/4.6.28207.03",
          "OSName/Windows",
          "OSVersion/Microsoft.Windows.10.0.19043.",
          "Microsoft.Azure.Management.Storage.StorageManagementClient/23.0.0.0"
        ]
      },
      "ResponseHeaders": {
        "Cache-Control": [
          "no-cache"
        ],
        "Pragma": [
          "no-cache"
        ],
        "x-ms-request-id": [
          "96ee55d7-15d8-423d-8824-a97ab4d92461"
        ],
        "Strict-Transport-Security": [
          "max-age=31536000; includeSubDomains"
        ],
        "Server": [
          "Microsoft-Azure-Storage-Resource-Provider/1.0,Microsoft-HTTPAPI/2.0 Microsoft-HTTPAPI/2.0"
        ],
        "x-ms-ratelimit-remaining-subscription-reads": [
          "11975"
        ],
        "x-ms-correlation-request-id": [
          "82d06cdf-6e59-4ddc-886a-ad2a3c275dc9"
        ],
        "x-ms-routing-request-id": [
          "SOUTHEASTASIA:20210928T050418Z:82d06cdf-6e59-4ddc-886a-ad2a3c275dc9"
        ],
        "X-Content-Type-Options": [
          "nosniff"
        ],
        "Date": [
          "Tue, 28 Sep 2021 05:04:17 GMT"
        ],
        "Content-Length": [
          "12"
        ],
        "Content-Type": [
          "application/json"
        ],
        "Expires": [
          "-1"
        ]
      },
      "ResponseBody": "{\r\n  \"value\": []\r\n}",
      "StatusCode": 200
    },
    {
      "RequestUri": "/subscriptions/45b60d85-fd72-427a-a708-f994d26e593e/resourceGroups/pstestrg3978/providers/Microsoft.Storage/storageAccounts/stopstestrg3978?api-version=2021-08-01",
      "EncodedRequestUri": "L3N1YnNjcmlwdGlvbnMvNDViNjBkODUtZmQ3Mi00MjdhLWE3MDgtZjk5NGQyNmU1OTNlL3Jlc291cmNlR3JvdXBzL3BzdGVzdHJnMzk3OC9wcm92aWRlcnMvTWljcm9zb2Z0LlN0b3JhZ2Uvc3RvcmFnZUFjY291bnRzL3N0b3BzdGVzdHJnMzk3OD9hcGktdmVyc2lvbj0yMDIxLTA4LTAx",
      "RequestMethod": "DELETE",
      "RequestBody": "",
      "RequestHeaders": {
        "x-ms-client-request-id": [
          "9c529fc8-2701-4c4d-9977-32cd11a6f5bc"
        ],
        "Accept-Language": [
          "en-US"
        ],
        "User-Agent": [
          "FxVersion/4.6.28207.03",
          "OSName/Windows",
          "OSVersion/Microsoft.Windows.10.0.19043.",
          "Microsoft.Azure.Management.Storage.StorageManagementClient/23.0.0.0"
        ]
      },
      "ResponseHeaders": {
        "Cache-Control": [
          "no-cache"
        ],
        "Pragma": [
          "no-cache"
        ],
        "x-ms-request-id": [
          "bb8486ea-6cf5-47f0-b471-b9aa7a16b9d6"
        ],
        "Strict-Transport-Security": [
          "max-age=31536000; includeSubDomains"
        ],
        "Server": [
          "Microsoft-Azure-Storage-Resource-Provider/1.0,Microsoft-HTTPAPI/2.0 Microsoft-HTTPAPI/2.0"
        ],
        "x-ms-ratelimit-remaining-subscription-deletes": [
          "14997"
        ],
        "x-ms-correlation-request-id": [
          "450ee489-5335-499b-9e47-178ddeab5ab1"
        ],
        "x-ms-routing-request-id": [
          "SOUTHEASTASIA:20210928T050425Z:450ee489-5335-499b-9e47-178ddeab5ab1"
        ],
        "X-Content-Type-Options": [
          "nosniff"
        ],
        "Date": [
          "Tue, 28 Sep 2021 05:04:24 GMT"
        ],
        "Content-Type": [
          "text/plain; charset=utf-8"
        ],
        "Expires": [
          "-1"
        ],
        "Content-Length": [
          "0"
        ]
      },
      "ResponseBody": "",
      "StatusCode": 200
    },
    {
      "RequestUri": "/subscriptions/45b60d85-fd72-427a-a708-f994d26e593e/resourcegroups/pstestrg3978?api-version=2016-09-01",
      "EncodedRequestUri": "L3N1YnNjcmlwdGlvbnMvNDViNjBkODUtZmQ3Mi00MjdhLWE3MDgtZjk5NGQyNmU1OTNlL3Jlc291cmNlZ3JvdXBzL3BzdGVzdHJnMzk3OD9hcGktdmVyc2lvbj0yMDE2LTA5LTAx",
      "RequestMethod": "DELETE",
      "RequestBody": "",
      "RequestHeaders": {
        "x-ms-client-request-id": [
          "8e56962d-2f93-4def-a062-72c602f3b949"
        ],
        "Accept-Language": [
          "en-US"
        ],
        "User-Agent": [
          "FxVersion/4.6.28207.03",
          "OSName/Windows",
          "OSVersion/Microsoft.Windows.10.0.19043.",
          "Microsoft.Azure.Management.Internal.Resources.ResourceManagementClient/1.3.45"
        ]
      },
      "ResponseHeaders": {
        "Cache-Control": [
          "no-cache"
        ],
        "Pragma": [
          "no-cache"
        ],
        "Location": [
          "https://management.azure.com/subscriptions/45b60d85-fd72-427a-a708-f994d26e593e/operationresults/eyJqb2JJZCI6IlJFU09VUkNFR1JPVVBERUxFVElPTkpPQi1QU1RFU1RSRzM5NzgtRUFTVFVTMkVVQVAiLCJqb2JMb2NhdGlvbiI6ImVhc3R1czJldWFwIn0?api-version=2016-09-01"
        ],
        "Retry-After": [
          "15"
        ],
        "x-ms-ratelimit-remaining-subscription-deletes": [
          "14998"
        ],
        "x-ms-request-id": [
          "fd7825c6-e202-481a-a12f-d823f2fc4268"
        ],
        "x-ms-correlation-request-id": [
          "fd7825c6-e202-481a-a12f-d823f2fc4268"
        ],
        "x-ms-routing-request-id": [
          "SOUTHEASTASIA:20210928T050429Z:fd7825c6-e202-481a-a12f-d823f2fc4268"
        ],
        "Strict-Transport-Security": [
          "max-age=31536000; includeSubDomains"
        ],
        "X-Content-Type-Options": [
          "nosniff"
        ],
        "Date": [
          "Tue, 28 Sep 2021 05:04:28 GMT"
        ],
        "Expires": [
          "-1"
        ],
        "Content-Length": [
          "0"
        ]
      },
      "ResponseBody": "",
      "StatusCode": 202
    },
    {
      "RequestUri": "/subscriptions/45b60d85-fd72-427a-a708-f994d26e593e/operationresults/eyJqb2JJZCI6IlJFU09VUkNFR1JPVVBERUxFVElPTkpPQi1QU1RFU1RSRzM5NzgtRUFTVFVTMkVVQVAiLCJqb2JMb2NhdGlvbiI6ImVhc3R1czJldWFwIn0?api-version=2016-09-01",
      "EncodedRequestUri": "L3N1YnNjcmlwdGlvbnMvNDViNjBkODUtZmQ3Mi00MjdhLWE3MDgtZjk5NGQyNmU1OTNlL29wZXJhdGlvbnJlc3VsdHMvZXlKcWIySkpaQ0k2SWxKRlUwOVZVa05GUjFKUFZWQkVSVXhGVkVsUFRrcFBRaTFRVTFSRlUxUlNSek01TnpndFJVRlRWRlZUTWtWVlFWQWlMQ0pxYjJKTWIyTmhkR2x2YmlJNkltVmhjM1IxY3pKbGRXRndJbjA/YXBpLXZlcnNpb249MjAxNi0wOS0wMQ==",
      "RequestMethod": "GET",
      "RequestBody": "",
      "RequestHeaders": {
        "User-Agent": [
          "FxVersion/4.6.28207.03",
          "OSName/Windows",
          "OSVersion/Microsoft.Windows.10.0.19043.",
          "Microsoft.Azure.Management.Internal.Resources.ResourceManagementClient/1.3.45"
        ]
      },
      "ResponseHeaders": {
        "Cache-Control": [
          "no-cache"
        ],
        "Pragma": [
          "no-cache"
        ],
        "x-ms-ratelimit-remaining-subscription-reads": [
          "11994"
        ],
        "x-ms-request-id": [
          "5107fe03-4df7-4ac0-b2a6-0426f723171a"
        ],
        "x-ms-correlation-request-id": [
          "5107fe03-4df7-4ac0-b2a6-0426f723171a"
        ],
        "x-ms-routing-request-id": [
          "SOUTHEASTASIA:20210928T050444Z:5107fe03-4df7-4ac0-b2a6-0426f723171a"
        ],
        "Strict-Transport-Security": [
          "max-age=31536000; includeSubDomains"
        ],
        "X-Content-Type-Options": [
          "nosniff"
        ],
        "Date": [
          "Tue, 28 Sep 2021 05:04:43 GMT"
        ],
        "Expires": [
          "-1"
        ],
        "Content-Length": [
          "0"
        ]
      },
      "ResponseBody": "",
      "StatusCode": 200
    },
    {
      "RequestUri": "/subscriptions/45b60d85-fd72-427a-a708-f994d26e593e/operationresults/eyJqb2JJZCI6IlJFU09VUkNFR1JPVVBERUxFVElPTkpPQi1QU1RFU1RSRzM5NzgtRUFTVFVTMkVVQVAiLCJqb2JMb2NhdGlvbiI6ImVhc3R1czJldWFwIn0?api-version=2016-09-01",
      "EncodedRequestUri": "L3N1YnNjcmlwdGlvbnMvNDViNjBkODUtZmQ3Mi00MjdhLWE3MDgtZjk5NGQyNmU1OTNlL29wZXJhdGlvbnJlc3VsdHMvZXlKcWIySkpaQ0k2SWxKRlUwOVZVa05GUjFKUFZWQkVSVXhGVkVsUFRrcFBRaTFRVTFSRlUxUlNSek01TnpndFJVRlRWRlZUTWtWVlFWQWlMQ0pxYjJKTWIyTmhkR2x2YmlJNkltVmhjM1IxY3pKbGRXRndJbjA/YXBpLXZlcnNpb249MjAxNi0wOS0wMQ==",
      "RequestMethod": "GET",
      "RequestBody": "",
      "RequestHeaders": {
        "User-Agent": [
          "FxVersion/4.6.28207.03",
          "OSName/Windows",
          "OSVersion/Microsoft.Windows.10.0.19043.",
          "Microsoft.Azure.Management.Internal.Resources.ResourceManagementClient/1.3.45"
        ]
      },
      "ResponseHeaders": {
        "Cache-Control": [
          "no-cache"
        ],
        "Pragma": [
          "no-cache"
        ],
        "x-ms-ratelimit-remaining-subscription-reads": [
          "11993"
        ],
        "x-ms-request-id": [
          "6999a3e3-712e-4c47-84c5-8fe58920c908"
        ],
        "x-ms-correlation-request-id": [
          "6999a3e3-712e-4c47-84c5-8fe58920c908"
        ],
        "x-ms-routing-request-id": [
          "SOUTHEASTASIA:20210928T050445Z:6999a3e3-712e-4c47-84c5-8fe58920c908"
        ],
        "Strict-Transport-Security": [
          "max-age=31536000; includeSubDomains"
        ],
        "X-Content-Type-Options": [
          "nosniff"
        ],
        "Date": [
          "Tue, 28 Sep 2021 05:04:44 GMT"
        ],
        "Expires": [
          "-1"
        ],
        "Content-Length": [
          "0"
        ]
      },
      "ResponseBody": "",
      "StatusCode": 200
    }
  ],
  "Names": {
    "Test-StorageBlobContainerImmutabilityPolicy": [
      "pstestrg3978"
    ]
  },
  "Variables": {
    "SubscriptionId": "45b60d85-fd72-427a-a708-f994d26e593e"
  }
}