{
  "Entries": [
    {
      "RequestUri": "/subscriptions/45b60d85-fd72-427a-a708-f994d26e593e/resourcegroups/pstestrg7206?api-version=2016-09-01",
      "EncodedRequestUri": "L3N1YnNjcmlwdGlvbnMvNDViNjBkODUtZmQ3Mi00MjdhLWE3MDgtZjk5NGQyNmU1OTNlL3Jlc291cmNlZ3JvdXBzL3BzdGVzdHJnNzIwNj9hcGktdmVyc2lvbj0yMDE2LTA5LTAx",
      "RequestMethod": "PUT",
      "RequestBody": "{\r\n  \"location\": \"eastus2euap\"\r\n}",
      "RequestHeaders": {
        "x-ms-client-request-id": [
          "351bcd40-df8d-447c-81f5-067175fa5138"
        ],
        "Accept-Language": [
          "en-US"
        ],
        "User-Agent": [
          "FxVersion/4.6.29220.03",
          "OSName/Windows",
          "OSVersion/Microsoft.Windows.10.0.19042.",
          "Microsoft.Azure.Management.Internal.Resources.ResourceManagementClient/1.3.24"
        ],
        "Content-Type": [
          "application/json; charset=utf-8"
        ],
        "Content-Length": [
          "33"
        ]
      },
      "ResponseHeaders": {
        "Cache-Control": [
          "no-cache"
        ],
        "Pragma": [
          "no-cache"
        ],
        "x-ms-ratelimit-remaining-subscription-writes": [
          "1199"
        ],
        "x-ms-request-id": [
          "583fea3c-ae18-4e0b-bafb-68b78685b019"
        ],
        "x-ms-correlation-request-id": [
          "583fea3c-ae18-4e0b-bafb-68b78685b019"
        ],
        "x-ms-routing-request-id": [
          "SOUTHEASTASIA:20201020T024644Z:583fea3c-ae18-4e0b-bafb-68b78685b019"
        ],
        "Strict-Transport-Security": [
          "max-age=31536000; includeSubDomains"
        ],
        "X-Content-Type-Options": [
          "nosniff"
        ],
        "Date": [
          "Tue, 20 Oct 2020 02:46:43 GMT"
        ],
        "Content-Length": [
          "182"
        ],
        "Content-Type": [
          "application/json; charset=utf-8"
        ],
        "Expires": [
          "-1"
        ]
      },
      "ResponseBody": "{\r\n  \"id\": \"/subscriptions/45b60d85-fd72-427a-a708-f994d26e593e/resourceGroups/pstestrg7206\",\r\n  \"name\": \"pstestrg7206\",\r\n  \"location\": \"eastus2euap\",\r\n  \"properties\": {\r\n    \"provisioningState\": \"Succeeded\"\r\n  }\r\n}",
      "StatusCode": 201
    },
    {
      "RequestUri": "/subscriptions/45b60d85-fd72-427a-a708-f994d26e593e/providers/Microsoft.Storage/checkNameAvailability?api-version=2020-08-01-preview",
      "EncodedRequestUri": "L3N1YnNjcmlwdGlvbnMvNDViNjBkODUtZmQ3Mi00MjdhLWE3MDgtZjk5NGQyNmU1OTNlL3Byb3ZpZGVycy9NaWNyb3NvZnQuU3RvcmFnZS9jaGVja05hbWVBdmFpbGFiaWxpdHk/YXBpLXZlcnNpb249MjAyMC0wOC0wMS1wcmV2aWV3",
      "RequestMethod": "POST",
      "RequestBody": "{\r\n  \"name\": \"stopstestrg7206\",\r\n  \"type\": \"Microsoft.Storage/storageAccounts\"\r\n}",
      "RequestHeaders": {
        "x-ms-client-request-id": [
          "ee4fb88a-01ff-4be3-94ba-48f67a27fc1f"
        ],
        "Accept-Language": [
          "en-US"
        ],
        "User-Agent": [
          "FxVersion/4.6.29220.03",
          "OSName/Windows",
          "OSVersion/Microsoft.Windows.10.0.19042.",
          "Microsoft.Azure.Management.Storage.StorageManagementClient/18.0.0.0"
        ],
        "Content-Type": [
          "application/json; charset=utf-8"
        ],
        "Content-Length": [
          "81"
        ]
      },
      "ResponseHeaders": {
        "Cache-Control": [
          "no-cache"
        ],
        "Pragma": [
          "no-cache"
        ],
        "x-ms-request-id": [
          "3b48b055-c4a5-4d75-8ae9-949370573f4d"
        ],
        "Strict-Transport-Security": [
          "max-age=31536000; includeSubDomains"
        ],
        "Server": [
          "Microsoft-Azure-Storage-Resource-Provider/1.0,Microsoft-HTTPAPI/2.0 Microsoft-HTTPAPI/2.0"
        ],
        "x-ms-ratelimit-remaining-subscription-reads": [
          "11999"
        ],
        "x-ms-correlation-request-id": [
          "3892375b-fbec-40c7-98ae-4c1f3cd108a6"
        ],
        "x-ms-routing-request-id": [
          "SOUTHEASTASIA:20201020T024645Z:3892375b-fbec-40c7-98ae-4c1f3cd108a6"
        ],
        "X-Content-Type-Options": [
          "nosniff"
        ],
        "Date": [
          "Tue, 20 Oct 2020 02:46:45 GMT"
        ],
        "Content-Length": [
          "22"
        ],
        "Content-Type": [
          "application/json"
        ],
        "Expires": [
          "-1"
        ]
      },
      "ResponseBody": "{\r\n  \"nameAvailable\": true\r\n}",
      "StatusCode": 200
    },
    {
      "RequestUri": "/subscriptions/45b60d85-fd72-427a-a708-f994d26e593e/resourceGroups/pstestrg7206/providers/Microsoft.Storage/storageAccounts/stopstestrg7206?api-version=2020-08-01-preview",
      "EncodedRequestUri": "L3N1YnNjcmlwdGlvbnMvNDViNjBkODUtZmQ3Mi00MjdhLWE3MDgtZjk5NGQyNmU1OTNlL3Jlc291cmNlR3JvdXBzL3BzdGVzdHJnNzIwNi9wcm92aWRlcnMvTWljcm9zb2Z0LlN0b3JhZ2Uvc3RvcmFnZUFjY291bnRzL3N0b3BzdGVzdHJnNzIwNj9hcGktdmVyc2lvbj0yMDIwLTA4LTAxLXByZXZpZXc=",
      "RequestMethod": "PUT",
      "RequestBody": "{\r\n  \"sku\": {\r\n    \"name\": \"Standard_GRS\"\r\n  },\r\n  \"kind\": \"StorageV2\",\r\n  \"location\": \"eastus2euap\"\r\n}",
      "RequestHeaders": {
        "x-ms-client-request-id": [
          "52f75072-c3ac-4527-ae5d-4571c0138e30"
        ],
        "Accept-Language": [
          "en-US"
        ],
        "User-Agent": [
          "FxVersion/4.6.29220.03",
          "OSName/Windows",
          "OSVersion/Microsoft.Windows.10.0.19042.",
          "Microsoft.Azure.Management.Storage.StorageManagementClient/18.0.0.0"
        ],
        "Content-Type": [
          "application/json; charset=utf-8"
        ],
        "Content-Length": [
          "103"
        ]
      },
      "ResponseHeaders": {
        "Cache-Control": [
          "no-cache"
        ],
        "Pragma": [
          "no-cache"
        ],
        "Location": [
          "https://management.azure.com/subscriptions/45b60d85-fd72-427a-a708-f994d26e593e/providers/Microsoft.Storage/locations/eastus2euap/asyncoperations/6bf8febd-506e-4d13-a67f-eb3468bc594a?monitor=true&api-version=2020-08-01-preview"
        ],
        "Retry-After": [
          "17"
        ],
        "x-ms-request-id": [
          "6bf8febd-506e-4d13-a67f-eb3468bc594a"
        ],
        "Strict-Transport-Security": [
          "max-age=31536000; includeSubDomains"
        ],
        "Server": [
          "Microsoft-Azure-Storage-Resource-Provider/1.0,Microsoft-HTTPAPI/2.0 Microsoft-HTTPAPI/2.0"
        ],
        "x-ms-ratelimit-remaining-subscription-writes": [
          "1199"
        ],
        "x-ms-correlation-request-id": [
          "23b5c3ef-9932-4ea6-9d80-29e88faa9b34"
        ],
        "x-ms-routing-request-id": [
          "SOUTHEASTASIA:20201020T024655Z:23b5c3ef-9932-4ea6-9d80-29e88faa9b34"
        ],
        "X-Content-Type-Options": [
          "nosniff"
        ],
        "Date": [
          "Tue, 20 Oct 2020 02:46:55 GMT"
        ],
        "Content-Type": [
          "text/plain; charset=utf-8"
        ],
        "Expires": [
          "-1"
        ],
        "Content-Length": [
          "0"
        ]
      },
      "ResponseBody": "",
      "StatusCode": 202
    },
    {
      "RequestUri": "/subscriptions/45b60d85-fd72-427a-a708-f994d26e593e/providers/Microsoft.Storage/locations/eastus2euap/asyncoperations/6bf8febd-506e-4d13-a67f-eb3468bc594a?monitor=true&api-version=2020-08-01-preview",
      "EncodedRequestUri": "L3N1YnNjcmlwdGlvbnMvNDViNjBkODUtZmQ3Mi00MjdhLWE3MDgtZjk5NGQyNmU1OTNlL3Byb3ZpZGVycy9NaWNyb3NvZnQuU3RvcmFnZS9sb2NhdGlvbnMvZWFzdHVzMmV1YXAvYXN5bmNvcGVyYXRpb25zLzZiZjhmZWJkLTUwNmUtNGQxMy1hNjdmLWViMzQ2OGJjNTk0YT9tb25pdG9yPXRydWUmYXBpLXZlcnNpb249MjAyMC0wOC0wMS1wcmV2aWV3",
      "RequestMethod": "GET",
      "RequestBody": "",
      "RequestHeaders": {
        "User-Agent": [
          "FxVersion/4.6.29220.03",
          "OSName/Windows",
          "OSVersion/Microsoft.Windows.10.0.19042.",
          "Microsoft.Azure.Management.Storage.StorageManagementClient/18.0.0.0"
        ]
      },
      "ResponseHeaders": {
        "Cache-Control": [
          "no-cache"
        ],
        "Pragma": [
          "no-cache"
        ],
        "x-ms-request-id": [
          "b53eb498-febc-4d92-878e-6b268170da9d"
        ],
        "Strict-Transport-Security": [
          "max-age=31536000; includeSubDomains"
        ],
        "Server": [
          "Microsoft-Azure-Storage-Resource-Provider/1.0,Microsoft-HTTPAPI/2.0 Microsoft-HTTPAPI/2.0"
        ],
        "x-ms-ratelimit-remaining-subscription-reads": [
          "11998"
        ],
        "x-ms-correlation-request-id": [
          "5648b670-cd98-4a4e-9ecb-ef3d68aea7ac"
        ],
        "x-ms-routing-request-id": [
          "SOUTHEASTASIA:20201020T024713Z:5648b670-cd98-4a4e-9ecb-ef3d68aea7ac"
        ],
        "X-Content-Type-Options": [
          "nosniff"
        ],
        "Date": [
          "Tue, 20 Oct 2020 02:47:12 GMT"
        ],
        "Content-Length": [
          "1333"
        ],
        "Content-Type": [
          "application/json"
        ],
        "Expires": [
          "-1"
        ]
      },
      "ResponseBody": "{\r\n  \"sku\": {\r\n    \"name\": \"Standard_GRS\",\r\n    \"tier\": \"Standard\"\r\n  },\r\n  \"kind\": \"StorageV2\",\r\n  \"id\": \"/subscriptions/45b60d85-fd72-427a-a708-f994d26e593e/resourceGroups/pstestrg7206/providers/Microsoft.Storage/storageAccounts/stopstestrg7206\",\r\n  \"name\": \"stopstestrg7206\",\r\n  \"type\": \"Microsoft.Storage/storageAccounts\",\r\n  \"location\": \"eastus2euap\",\r\n  \"tags\": {},\r\n  \"properties\": {\r\n    \"privateEndpointConnections\": [],\r\n    \"networkAcls\": {\r\n      \"bypass\": \"AzureServices\",\r\n      \"virtualNetworkRules\": [],\r\n      \"ipRules\": [],\r\n      \"defaultAction\": \"Allow\"\r\n    },\r\n    \"supportsHttpsTrafficOnly\": true,\r\n    \"encryption\": {\r\n      \"services\": {\r\n        \"file\": {\r\n          \"keyType\": \"Account\",\r\n          \"enabled\": true,\r\n          \"lastEnabledTime\": \"2020-10-20T02:46:55.1520896Z\"\r\n        },\r\n        \"blob\": {\r\n          \"keyType\": \"Account\",\r\n          \"enabled\": true,\r\n          \"lastEnabledTime\": \"2020-10-20T02:46:55.1520896Z\"\r\n        }\r\n      },\r\n      \"keySource\": \"Microsoft.Storage\"\r\n    },\r\n    \"accessTier\": \"Hot\",\r\n    \"provisioningState\": \"Succeeded\",\r\n    \"creationTime\": \"2020-10-20T02:46:55.0820881Z\",\r\n    \"primaryEndpoints\": {\r\n      \"dfs\": \"https://stopstestrg7206.dfs.core.windows.net/\",\r\n      \"web\": \"https://stopstestrg7206.z3.web.core.windows.net/\",\r\n      \"blob\": \"https://stopstestrg7206.blob.core.windows.net/\",\r\n      \"queue\": \"https://stopstestrg7206.queue.core.windows.net/\",\r\n      \"table\": \"https://stopstestrg7206.table.core.windows.net/\",\r\n      \"file\": \"https://stopstestrg7206.file.core.windows.net/\"\r\n    },\r\n    \"primaryLocation\": \"eastus2euap\",\r\n    \"statusOfPrimary\": \"available\",\r\n    \"secondaryLocation\": \"centraluseuap\",\r\n    \"statusOfSecondary\": \"available\"\r\n  }\r\n}",
      "StatusCode": 200
    },
    {
      "RequestUri": "/subscriptions/45b60d85-fd72-427a-a708-f994d26e593e/resourceGroups/pstestrg7206/providers/Microsoft.Storage/storageAccounts/stopstestrg7206?api-version=2020-08-01-preview",
      "EncodedRequestUri": "L3N1YnNjcmlwdGlvbnMvNDViNjBkODUtZmQ3Mi00MjdhLWE3MDgtZjk5NGQyNmU1OTNlL3Jlc291cmNlR3JvdXBzL3BzdGVzdHJnNzIwNi9wcm92aWRlcnMvTWljcm9zb2Z0LlN0b3JhZ2Uvc3RvcmFnZUFjY291bnRzL3N0b3BzdGVzdHJnNzIwNj9hcGktdmVyc2lvbj0yMDIwLTA4LTAxLXByZXZpZXc=",
      "RequestMethod": "GET",
      "RequestBody": "",
      "RequestHeaders": {
        "x-ms-client-request-id": [
          "84e2de98-609c-46f7-ac60-dda6fefb9248"
        ],
        "Accept-Language": [
          "en-US"
        ],
        "User-Agent": [
          "FxVersion/4.6.29220.03",
          "OSName/Windows",
          "OSVersion/Microsoft.Windows.10.0.19042.",
          "Microsoft.Azure.Management.Storage.StorageManagementClient/18.0.0.0"
        ]
      },
      "ResponseHeaders": {
        "Cache-Control": [
          "no-cache"
        ],
        "Pragma": [
          "no-cache"
        ],
        "x-ms-request-id": [
          "f9f60b36-25e2-4bf3-849f-fec3e42f16f0"
        ],
        "Strict-Transport-Security": [
          "max-age=31536000; includeSubDomains"
        ],
        "Server": [
          "Microsoft-Azure-Storage-Resource-Provider/1.0,Microsoft-HTTPAPI/2.0 Microsoft-HTTPAPI/2.0"
        ],
        "x-ms-ratelimit-remaining-subscription-reads": [
          "11997"
        ],
        "x-ms-correlation-request-id": [
          "6be8b3a6-0729-44bd-babc-4fa04354c2bb"
        ],
        "x-ms-routing-request-id": [
          "SOUTHEASTASIA:20201020T024713Z:6be8b3a6-0729-44bd-babc-4fa04354c2bb"
        ],
        "X-Content-Type-Options": [
          "nosniff"
        ],
        "Date": [
          "Tue, 20 Oct 2020 02:47:12 GMT"
        ],
        "Content-Length": [
          "1333"
        ],
        "Content-Type": [
          "application/json"
        ],
        "Expires": [
          "-1"
        ]
      },
      "ResponseBody": "{\r\n  \"sku\": {\r\n    \"name\": \"Standard_GRS\",\r\n    \"tier\": \"Standard\"\r\n  },\r\n  \"kind\": \"StorageV2\",\r\n  \"id\": \"/subscriptions/45b60d85-fd72-427a-a708-f994d26e593e/resourceGroups/pstestrg7206/providers/Microsoft.Storage/storageAccounts/stopstestrg7206\",\r\n  \"name\": \"stopstestrg7206\",\r\n  \"type\": \"Microsoft.Storage/storageAccounts\",\r\n  \"location\": \"eastus2euap\",\r\n  \"tags\": {},\r\n  \"properties\": {\r\n    \"privateEndpointConnections\": [],\r\n    \"networkAcls\": {\r\n      \"bypass\": \"AzureServices\",\r\n      \"virtualNetworkRules\": [],\r\n      \"ipRules\": [],\r\n      \"defaultAction\": \"Allow\"\r\n    },\r\n    \"supportsHttpsTrafficOnly\": true,\r\n    \"encryption\": {\r\n      \"services\": {\r\n        \"file\": {\r\n          \"keyType\": \"Account\",\r\n          \"enabled\": true,\r\n          \"lastEnabledTime\": \"2020-10-20T02:46:55.1520896Z\"\r\n        },\r\n        \"blob\": {\r\n          \"keyType\": \"Account\",\r\n          \"enabled\": true,\r\n          \"lastEnabledTime\": \"2020-10-20T02:46:55.1520896Z\"\r\n        }\r\n      },\r\n      \"keySource\": \"Microsoft.Storage\"\r\n    },\r\n    \"accessTier\": \"Hot\",\r\n    \"provisioningState\": \"Succeeded\",\r\n    \"creationTime\": \"2020-10-20T02:46:55.0820881Z\",\r\n    \"primaryEndpoints\": {\r\n      \"dfs\": \"https://stopstestrg7206.dfs.core.windows.net/\",\r\n      \"web\": \"https://stopstestrg7206.z3.web.core.windows.net/\",\r\n      \"blob\": \"https://stopstestrg7206.blob.core.windows.net/\",\r\n      \"queue\": \"https://stopstestrg7206.queue.core.windows.net/\",\r\n      \"table\": \"https://stopstestrg7206.table.core.windows.net/\",\r\n      \"file\": \"https://stopstestrg7206.file.core.windows.net/\"\r\n    },\r\n    \"primaryLocation\": \"eastus2euap\",\r\n    \"statusOfPrimary\": \"available\",\r\n    \"secondaryLocation\": \"centraluseuap\",\r\n    \"statusOfSecondary\": \"available\"\r\n  }\r\n}",
      "StatusCode": 200
    },
    {
      "RequestUri": "/subscriptions/45b60d85-fd72-427a-a708-f994d26e593e/resourceGroups/pstestrg7206/providers/Microsoft.Storage/storageAccounts?api-version=2020-08-01-preview",
      "EncodedRequestUri": "L3N1YnNjcmlwdGlvbnMvNDViNjBkODUtZmQ3Mi00MjdhLWE3MDgtZjk5NGQyNmU1OTNlL3Jlc291cmNlR3JvdXBzL3BzdGVzdHJnNzIwNi9wcm92aWRlcnMvTWljcm9zb2Z0LlN0b3JhZ2Uvc3RvcmFnZUFjY291bnRzP2FwaS12ZXJzaW9uPTIwMjAtMDgtMDEtcHJldmlldw==",
      "RequestMethod": "GET",
      "RequestBody": "",
      "RequestHeaders": {
        "x-ms-client-request-id": [
          "b86a6880-c707-4ebd-aef7-0c0995b50d28"
        ],
        "Accept-Language": [
          "en-US"
        ],
        "User-Agent": [
          "FxVersion/4.6.29220.03",
          "OSName/Windows",
          "OSVersion/Microsoft.Windows.10.0.19042.",
          "Microsoft.Azure.Management.Storage.StorageManagementClient/18.0.0.0"
        ]
      },
      "ResponseHeaders": {
        "Cache-Control": [
          "no-cache"
        ],
        "Pragma": [
          "no-cache"
        ],
        "x-ms-request-id": [
          "7f4da1c1-5995-4b54-b2bf-ce9ac6a0ddf3"
        ],
        "Strict-Transport-Security": [
          "max-age=31536000; includeSubDomains"
        ],
        "Server": [
          "Microsoft-Azure-Storage-Resource-Provider/1.0,Microsoft-HTTPAPI/2.0 Microsoft-HTTPAPI/2.0"
        ],
        "x-ms-ratelimit-remaining-subscription-reads": [
          "11996"
        ],
        "x-ms-correlation-request-id": [
          "ea4927ab-5a68-4bf4-b0bc-b65b9d86ceb6"
        ],
        "x-ms-routing-request-id": [
          "SOUTHEASTASIA:20201020T024713Z:ea4927ab-5a68-4bf4-b0bc-b65b9d86ceb6"
        ],
        "X-Content-Type-Options": [
          "nosniff"
        ],
        "Date": [
          "Tue, 20 Oct 2020 02:47:13 GMT"
        ],
        "Content-Length": [
          "1345"
        ],
        "Content-Type": [
          "application/json"
        ],
        "Expires": [
          "-1"
        ]
      },
      "ResponseBody": "{\r\n  \"value\": [\r\n    {\r\n      \"sku\": {\r\n        \"name\": \"Standard_GRS\",\r\n        \"tier\": \"Standard\"\r\n      },\r\n      \"kind\": \"StorageV2\",\r\n      \"id\": \"/subscriptions/45b60d85-fd72-427a-a708-f994d26e593e/resourceGroups/pstestrg7206/providers/Microsoft.Storage/storageAccounts/stopstestrg7206\",\r\n      \"name\": \"stopstestrg7206\",\r\n      \"type\": \"Microsoft.Storage/storageAccounts\",\r\n      \"location\": \"eastus2euap\",\r\n      \"tags\": {},\r\n      \"properties\": {\r\n        \"privateEndpointConnections\": [],\r\n        \"networkAcls\": {\r\n          \"bypass\": \"AzureServices\",\r\n          \"virtualNetworkRules\": [],\r\n          \"ipRules\": [],\r\n          \"defaultAction\": \"Allow\"\r\n        },\r\n        \"supportsHttpsTrafficOnly\": true,\r\n        \"encryption\": {\r\n          \"services\": {\r\n            \"file\": {\r\n              \"keyType\": \"Account\",\r\n              \"enabled\": true,\r\n              \"lastEnabledTime\": \"2020-10-20T02:46:55.1520896Z\"\r\n            },\r\n            \"blob\": {\r\n              \"keyType\": \"Account\",\r\n              \"enabled\": true,\r\n              \"lastEnabledTime\": \"2020-10-20T02:46:55.1520896Z\"\r\n            }\r\n          },\r\n          \"keySource\": \"Microsoft.Storage\"\r\n        },\r\n        \"accessTier\": \"Hot\",\r\n        \"provisioningState\": \"Succeeded\",\r\n        \"creationTime\": \"2020-10-20T02:46:55.0820881Z\",\r\n        \"primaryEndpoints\": {\r\n          \"dfs\": \"https://stopstestrg7206.dfs.core.windows.net/\",\r\n          \"web\": \"https://stopstestrg7206.z3.web.core.windows.net/\",\r\n          \"blob\": \"https://stopstestrg7206.blob.core.windows.net/\",\r\n          \"queue\": \"https://stopstestrg7206.queue.core.windows.net/\",\r\n          \"table\": \"https://stopstestrg7206.table.core.windows.net/\",\r\n          \"file\": \"https://stopstestrg7206.file.core.windows.net/\"\r\n        },\r\n        \"primaryLocation\": \"eastus2euap\",\r\n        \"statusOfPrimary\": \"available\",\r\n        \"secondaryLocation\": \"centraluseuap\",\r\n        \"statusOfSecondary\": \"available\"\r\n      }\r\n    }\r\n  ]\r\n}",
      "StatusCode": 200
    },
    {
      "RequestUri": "/subscriptions/45b60d85-fd72-427a-a708-f994d26e593e/resourceGroups/pstestrg7206/providers/Microsoft.Storage/storageAccounts/stopstestrg7206/blobServices/default/containers/containerpstestrg7206?api-version=2020-08-01-preview",
      "EncodedRequestUri": "L3N1YnNjcmlwdGlvbnMvNDViNjBkODUtZmQ3Mi00MjdhLWE3MDgtZjk5NGQyNmU1OTNlL3Jlc291cmNlR3JvdXBzL3BzdGVzdHJnNzIwNi9wcm92aWRlcnMvTWljcm9zb2Z0LlN0b3JhZ2Uvc3RvcmFnZUFjY291bnRzL3N0b3BzdGVzdHJnNzIwNi9ibG9iU2VydmljZXMvZGVmYXVsdC9jb250YWluZXJzL2NvbnRhaW5lcnBzdGVzdHJnNzIwNj9hcGktdmVyc2lvbj0yMDIwLTA4LTAxLXByZXZpZXc=",
      "RequestMethod": "PUT",
      "RequestBody": "{}",
      "RequestHeaders": {
        "x-ms-client-request-id": [
          "8d11c691-9ad5-41f7-bda0-992e1d044088"
        ],
        "Accept-Language": [
          "en-US"
        ],
        "User-Agent": [
          "FxVersion/4.6.29220.03",
          "OSName/Windows",
          "OSVersion/Microsoft.Windows.10.0.19042.",
          "Microsoft.Azure.Management.Storage.StorageManagementClient/18.0.0.0"
        ],
        "Content-Type": [
          "application/json; charset=utf-8"
        ],
        "Content-Length": [
          "2"
        ]
      },
      "ResponseHeaders": {
        "Cache-Control": [
          "no-cache"
        ],
        "Pragma": [
          "no-cache"
        ],
        "ETag": [
          "\"0x8D874A2736634AB\""
        ],
        "x-ms-request-id": [
          "0c85ad93-ff78-43aa-8744-7cc4f341b4d2"
        ],
        "Strict-Transport-Security": [
          "max-age=31536000; includeSubDomains"
        ],
        "Server": [
          "Microsoft-Azure-Storage-Resource-Provider/1.0,Microsoft-HTTPAPI/2.0 Microsoft-HTTPAPI/2.0"
        ],
        "x-ms-ratelimit-remaining-subscription-writes": [
          "1198"
        ],
        "x-ms-correlation-request-id": [
          "f5bee4c1-f457-4624-b33b-09be2c2aa7fa"
        ],
        "x-ms-routing-request-id": [
          "SOUTHEASTASIA:20201020T024714Z:f5bee4c1-f457-4624-b33b-09be2c2aa7fa"
        ],
        "X-Content-Type-Options": [
          "nosniff"
        ],
        "Date": [
          "Tue, 20 Oct 2020 02:47:13 GMT"
        ],
        "Content-Length": [
          "300"
        ],
        "Content-Type": [
          "application/json"
        ],
        "Expires": [
          "-1"
        ]
      },
      "ResponseBody": "{\r\n  \"id\": \"/subscriptions/45b60d85-fd72-427a-a708-f994d26e593e/resourceGroups/pstestrg7206/providers/Microsoft.Storage/storageAccounts/stopstestrg7206/blobServices/default/containers/containerpstestrg7206\",\r\n  \"name\": \"containerpstestrg7206\",\r\n  \"type\": \"Microsoft.Storage/storageAccounts/blobServices/containers\"\r\n}",
      "StatusCode": 201
    },
    {
      "RequestUri": "/subscriptions/45b60d85-fd72-427a-a708-f994d26e593e/resourceGroups/pstestrg7206/providers/Microsoft.Storage/storageAccounts/stopstestrg7206/blobServices/default/containers/containerpstestrg7206?api-version=2020-08-01-preview",
      "EncodedRequestUri": "L3N1YnNjcmlwdGlvbnMvNDViNjBkODUtZmQ3Mi00MjdhLWE3MDgtZjk5NGQyNmU1OTNlL3Jlc291cmNlR3JvdXBzL3BzdGVzdHJnNzIwNi9wcm92aWRlcnMvTWljcm9zb2Z0LlN0b3JhZ2Uvc3RvcmFnZUFjY291bnRzL3N0b3BzdGVzdHJnNzIwNi9ibG9iU2VydmljZXMvZGVmYXVsdC9jb250YWluZXJzL2NvbnRhaW5lcnBzdGVzdHJnNzIwNj9hcGktdmVyc2lvbj0yMDIwLTA4LTAxLXByZXZpZXc=",
      "RequestMethod": "GET",
      "RequestBody": "",
      "RequestHeaders": {
        "x-ms-client-request-id": [
          "dbf29bc8-d2a6-4f27-9704-433ba928f46b"
        ],
        "Accept-Language": [
          "en-US"
        ],
        "User-Agent": [
          "FxVersion/4.6.29220.03",
          "OSName/Windows",
          "OSVersion/Microsoft.Windows.10.0.19042.",
          "Microsoft.Azure.Management.Storage.StorageManagementClient/18.0.0.0"
        ]
      },
      "ResponseHeaders": {
        "Cache-Control": [
          "no-cache"
        ],
        "Pragma": [
          "no-cache"
        ],
        "ETag": [
          "\"0x8D874A2736634AB\""
        ],
        "x-ms-request-id": [
          "fc8c6089-f439-43cc-8b03-191f3bd12af7"
        ],
        "Strict-Transport-Security": [
          "max-age=31536000; includeSubDomains"
        ],
        "Server": [
          "Microsoft-Azure-Storage-Resource-Provider/1.0,Microsoft-HTTPAPI/2.0 Microsoft-HTTPAPI/2.0"
        ],
        "x-ms-ratelimit-remaining-subscription-reads": [
          "11995"
        ],
        "x-ms-correlation-request-id": [
          "495a98f7-33cb-4789-b61f-0e1b79dd64dc"
        ],
        "x-ms-routing-request-id": [
          "SOUTHEASTASIA:20201020T024714Z:495a98f7-33cb-4789-b61f-0e1b79dd64dc"
        ],
        "X-Content-Type-Options": [
          "nosniff"
        ],
        "Date": [
          "Tue, 20 Oct 2020 02:47:14 GMT"
        ],
        "Content-Length": [
          "694"
        ],
        "Content-Type": [
          "application/json"
        ],
        "Expires": [
          "-1"
        ]
      },
      "ResponseBody": "{\r\n  \"id\": \"/subscriptions/45b60d85-fd72-427a-a708-f994d26e593e/resourceGroups/pstestrg7206/providers/Microsoft.Storage/storageAccounts/stopstestrg7206/blobServices/default/containers/containerpstestrg7206\",\r\n  \"name\": \"containerpstestrg7206\",\r\n  \"type\": \"Microsoft.Storage/storageAccounts/blobServices/containers\",\r\n  \"etag\": \"\\\"0x8D874A2736634AB\\\"\",\r\n  \"properties\": {\r\n    \"deleted\": false,\r\n    \"remainingRetentionDays\": 0,\r\n    \"defaultEncryptionScope\": \"$account-encryption-key\",\r\n    \"denyEncryptionScopeOverride\": false,\r\n    \"publicAccess\": \"None\",\r\n    \"leaseStatus\": \"Unlocked\",\r\n    \"leaseState\": \"Available\",\r\n    \"lastModifiedTime\": \"2020-10-20T02:47:14Z\",\r\n    \"legalHold\": {\r\n      \"hasLegalHold\": false,\r\n      \"tags\": []\r\n    },\r\n    \"hasImmutabilityPolicy\": false,\r\n    \"hasLegalHold\": false\r\n  }\r\n}",
      "StatusCode": 200
    },
    {
      "RequestUri": "/subscriptions/45b60d85-fd72-427a-a708-f994d26e593e/resourceGroups/pstestrg7206/providers/Microsoft.Storage/storageAccounts/stopstestrg7206/blobServices/default/containers/containerpstestrg7206?api-version=2020-08-01-preview",
      "EncodedRequestUri": "L3N1YnNjcmlwdGlvbnMvNDViNjBkODUtZmQ3Mi00MjdhLWE3MDgtZjk5NGQyNmU1OTNlL3Jlc291cmNlR3JvdXBzL3BzdGVzdHJnNzIwNi9wcm92aWRlcnMvTWljcm9zb2Z0LlN0b3JhZ2Uvc3RvcmFnZUFjY291bnRzL3N0b3BzdGVzdHJnNzIwNi9ibG9iU2VydmljZXMvZGVmYXVsdC9jb250YWluZXJzL2NvbnRhaW5lcnBzdGVzdHJnNzIwNj9hcGktdmVyc2lvbj0yMDIwLTA4LTAxLXByZXZpZXc=",
      "RequestMethod": "GET",
      "RequestBody": "",
      "RequestHeaders": {
        "x-ms-client-request-id": [
          "aef8df4a-74eb-480c-98b3-27621f9787b0"
        ],
        "Accept-Language": [
          "en-US"
        ],
        "User-Agent": [
          "FxVersion/4.6.29220.03",
          "OSName/Windows",
          "OSVersion/Microsoft.Windows.10.0.19042.",
          "Microsoft.Azure.Management.Storage.StorageManagementClient/18.0.0.0"
        ]
      },
      "ResponseHeaders": {
        "Cache-Control": [
          "no-cache"
        ],
        "Pragma": [
          "no-cache"
        ],
        "ETag": [
          "\"0x8D874A273FC2720\""
        ],
        "x-ms-request-id": [
          "6d02b97d-b39a-4894-af79-5f4b5f09f0be"
        ],
        "Strict-Transport-Security": [
          "max-age=31536000; includeSubDomains"
        ],
        "Server": [
          "Microsoft-Azure-Storage-Resource-Provider/1.0,Microsoft-HTTPAPI/2.0 Microsoft-HTTPAPI/2.0"
        ],
        "x-ms-ratelimit-remaining-subscription-reads": [
          "11994"
        ],
        "x-ms-correlation-request-id": [
          "23d1decf-5682-4b81-a580-11d231492667"
        ],
        "x-ms-routing-request-id": [
          "SOUTHEASTASIA:20201020T024715Z:23d1decf-5682-4b81-a580-11d231492667"
        ],
        "X-Content-Type-Options": [
          "nosniff"
        ],
        "Date": [
          "Tue, 20 Oct 2020 02:47:14 GMT"
        ],
        "Content-Length": [
          "1189"
        ],
        "Content-Type": [
          "application/json"
        ],
        "Expires": [
          "-1"
        ]
      },
      "ResponseBody": "{\r\n  \"id\": \"/subscriptions/45b60d85-fd72-427a-a708-f994d26e593e/resourceGroups/pstestrg7206/providers/Microsoft.Storage/storageAccounts/stopstestrg7206/blobServices/default/containers/containerpstestrg7206\",\r\n  \"name\": \"containerpstestrg7206\",\r\n  \"type\": \"Microsoft.Storage/storageAccounts/blobServices/containers\",\r\n  \"etag\": \"\\\"0x8D874A273FC2720\\\"\",\r\n  \"properties\": {\r\n    \"deleted\": false,\r\n    \"remainingRetentionDays\": 0,\r\n    \"defaultEncryptionScope\": \"$account-encryption-key\",\r\n    \"denyEncryptionScopeOverride\": false,\r\n    \"publicAccess\": \"None\",\r\n    \"leaseStatus\": \"Unlocked\",\r\n    \"leaseState\": \"Available\",\r\n    \"lastModifiedTime\": \"2020-10-20T02:47:15Z\",\r\n    \"legalHold\": {\r\n      \"hasLegalHold\": true,\r\n      \"tags\": [\r\n        {\r\n          \"tag\": \"tag1\",\r\n          \"timestamp\": \"2020-10-20T02:47:15.2625689Z\",\r\n          \"objectIdentifier\": \"d6f7e858-345d-45f6-849c-8175519656b7\",\r\n          \"tenantId\": \"72f988bf-86f1-41af-91ab-2d7cd011db47\"\r\n        },\r\n        {\r\n          \"tag\": \"tag2\",\r\n          \"timestamp\": \"2020-10-20T02:47:15.2625689Z\",\r\n          \"objectIdentifier\": \"d6f7e858-345d-45f6-849c-8175519656b7\",\r\n          \"tenantId\": \"72f988bf-86f1-41af-91ab-2d7cd011db47\"\r\n        },\r\n        {\r\n          \"tag\": \"tag3\",\r\n          \"timestamp\": \"2020-10-20T02:47:15.2625689Z\",\r\n          \"objectIdentifier\": \"d6f7e858-345d-45f6-849c-8175519656b7\",\r\n          \"tenantId\": \"72f988bf-86f1-41af-91ab-2d7cd011db47\"\r\n        }\r\n      ]\r\n    },\r\n    \"hasImmutabilityPolicy\": false,\r\n    \"hasLegalHold\": true\r\n  }\r\n}",
      "StatusCode": 200
    },
    {
      "RequestUri": "/subscriptions/45b60d85-fd72-427a-a708-f994d26e593e/resourceGroups/pstestrg7206/providers/Microsoft.Storage/storageAccounts/stopstestrg7206/blobServices/default/containers/containerpstestrg7206?api-version=2020-08-01-preview",
      "EncodedRequestUri": "L3N1YnNjcmlwdGlvbnMvNDViNjBkODUtZmQ3Mi00MjdhLWE3MDgtZjk5NGQyNmU1OTNlL3Jlc291cmNlR3JvdXBzL3BzdGVzdHJnNzIwNi9wcm92aWRlcnMvTWljcm9zb2Z0LlN0b3JhZ2Uvc3RvcmFnZUFjY291bnRzL3N0b3BzdGVzdHJnNzIwNi9ibG9iU2VydmljZXMvZGVmYXVsdC9jb250YWluZXJzL2NvbnRhaW5lcnBzdGVzdHJnNzIwNj9hcGktdmVyc2lvbj0yMDIwLTA4LTAxLXByZXZpZXc=",
      "RequestMethod": "GET",
      "RequestBody": "",
      "RequestHeaders": {
        "x-ms-client-request-id": [
          "b107ddfb-53ed-4d96-8ac4-0945138e5685"
        ],
        "Accept-Language": [
          "en-US"
        ],
        "User-Agent": [
          "FxVersion/4.6.29220.03",
          "OSName/Windows",
          "OSVersion/Microsoft.Windows.10.0.19042.",
          "Microsoft.Azure.Management.Storage.StorageManagementClient/18.0.0.0"
        ]
      },
      "ResponseHeaders": {
        "Cache-Control": [
          "no-cache"
        ],
        "Pragma": [
          "no-cache"
        ],
        "ETag": [
          "\"0x8D874A27489DAB8\""
        ],
        "x-ms-request-id": [
          "e85b8113-423b-474e-853a-2776e0ef7bf2"
        ],
        "Strict-Transport-Security": [
          "max-age=31536000; includeSubDomains"
        ],
        "Server": [
          "Microsoft-Azure-Storage-Resource-Provider/1.0,Microsoft-HTTPAPI/2.0 Microsoft-HTTPAPI/2.0"
        ],
        "x-ms-ratelimit-remaining-subscription-reads": [
          "11993"
        ],
        "x-ms-correlation-request-id": [
          "11479ba9-91ce-487c-a8d3-7cdc7a6ee9fc"
        ],
        "x-ms-routing-request-id": [
          "SOUTHEASTASIA:20201020T024716Z:11479ba9-91ce-487c-a8d3-7cdc7a6ee9fc"
        ],
        "X-Content-Type-Options": [
          "nosniff"
        ],
        "Date": [
          "Tue, 20 Oct 2020 02:47:15 GMT"
        ],
        "Content-Length": [
          "857"
        ],
        "Content-Type": [
          "application/json"
        ],
        "Expires": [
          "-1"
        ]
      },
      "ResponseBody": "{\r\n  \"id\": \"/subscriptions/45b60d85-fd72-427a-a708-f994d26e593e/resourceGroups/pstestrg7206/providers/Microsoft.Storage/storageAccounts/stopstestrg7206/blobServices/default/containers/containerpstestrg7206\",\r\n  \"name\": \"containerpstestrg7206\",\r\n  \"type\": \"Microsoft.Storage/storageAccounts/blobServices/containers\",\r\n  \"etag\": \"\\\"0x8D874A27489DAB8\\\"\",\r\n  \"properties\": {\r\n    \"deleted\": false,\r\n    \"remainingRetentionDays\": 0,\r\n    \"defaultEncryptionScope\": \"$account-encryption-key\",\r\n    \"denyEncryptionScopeOverride\": false,\r\n    \"publicAccess\": \"None\",\r\n    \"leaseStatus\": \"Unlocked\",\r\n    \"leaseState\": \"Available\",\r\n    \"lastModifiedTime\": \"2020-10-20T02:47:16Z\",\r\n    \"legalHold\": {\r\n      \"hasLegalHold\": true,\r\n      \"tags\": [\r\n        {\r\n          \"tag\": \"tag3\",\r\n          \"timestamp\": \"2020-10-20T02:47:15.2625689Z\",\r\n          \"objectIdentifier\": \"d6f7e858-345d-45f6-849c-8175519656b7\",\r\n          \"tenantId\": \"72f988bf-86f1-41af-91ab-2d7cd011db47\"\r\n        }\r\n      ]\r\n    },\r\n    \"hasImmutabilityPolicy\": false,\r\n    \"hasLegalHold\": true\r\n  }\r\n}",
      "StatusCode": 200
    },
    {
      "RequestUri": "/subscriptions/45b60d85-fd72-427a-a708-f994d26e593e/resourceGroups/pstestrg7206/providers/Microsoft.Storage/storageAccounts/stopstestrg7206/blobServices/default/containers/containerpstestrg7206?api-version=2020-08-01-preview",
      "EncodedRequestUri": "L3N1YnNjcmlwdGlvbnMvNDViNjBkODUtZmQ3Mi00MjdhLWE3MDgtZjk5NGQyNmU1OTNlL3Jlc291cmNlR3JvdXBzL3BzdGVzdHJnNzIwNi9wcm92aWRlcnMvTWljcm9zb2Z0LlN0b3JhZ2Uvc3RvcmFnZUFjY291bnRzL3N0b3BzdGVzdHJnNzIwNi9ibG9iU2VydmljZXMvZGVmYXVsdC9jb250YWluZXJzL2NvbnRhaW5lcnBzdGVzdHJnNzIwNj9hcGktdmVyc2lvbj0yMDIwLTA4LTAxLXByZXZpZXc=",
      "RequestMethod": "GET",
      "RequestBody": "",
      "RequestHeaders": {
        "x-ms-client-request-id": [
          "4e7211da-4ab0-4802-b15b-e86f0cbab1e3"
        ],
        "Accept-Language": [
          "en-US"
        ],
        "User-Agent": [
          "FxVersion/4.6.29220.03",
          "OSName/Windows",
          "OSVersion/Microsoft.Windows.10.0.19042.",
          "Microsoft.Azure.Management.Storage.StorageManagementClient/18.0.0.0"
        ]
      },
      "ResponseHeaders": {
        "Cache-Control": [
          "no-cache"
        ],
        "Pragma": [
          "no-cache"
        ],
        "ETag": [
          "\"0x8D874A2751CBF65\""
        ],
        "x-ms-request-id": [
          "51eb95d4-600e-47a1-a5e3-4250e72a5bf8"
        ],
        "Strict-Transport-Security": [
          "max-age=31536000; includeSubDomains"
        ],
        "Server": [
          "Microsoft-Azure-Storage-Resource-Provider/1.0,Microsoft-HTTPAPI/2.0 Microsoft-HTTPAPI/2.0"
        ],
        "x-ms-ratelimit-remaining-subscription-reads": [
          "11992"
        ],
        "x-ms-correlation-request-id": [
          "2c29936d-1f58-4f63-a664-fd92f18d17be"
        ],
        "x-ms-routing-request-id": [
          "SOUTHEASTASIA:20201020T024717Z:2c29936d-1f58-4f63-a664-fd92f18d17be"
        ],
        "X-Content-Type-Options": [
          "nosniff"
        ],
        "Date": [
          "Tue, 20 Oct 2020 02:47:16 GMT"
        ],
        "Content-Length": [
          "1023"
        ],
        "Content-Type": [
          "application/json"
        ],
        "Expires": [
          "-1"
        ]
      },
      "ResponseBody": "{\r\n  \"id\": \"/subscriptions/45b60d85-fd72-427a-a708-f994d26e593e/resourceGroups/pstestrg7206/providers/Microsoft.Storage/storageAccounts/stopstestrg7206/blobServices/default/containers/containerpstestrg7206\",\r\n  \"name\": \"containerpstestrg7206\",\r\n  \"type\": \"Microsoft.Storage/storageAccounts/blobServices/containers\",\r\n  \"etag\": \"\\\"0x8D874A2751CBF65\\\"\",\r\n  \"properties\": {\r\n    \"deleted\": false,\r\n    \"remainingRetentionDays\": 0,\r\n    \"defaultEncryptionScope\": \"$account-encryption-key\",\r\n    \"denyEncryptionScopeOverride\": false,\r\n    \"publicAccess\": \"None\",\r\n    \"leaseStatus\": \"Unlocked\",\r\n    \"leaseState\": \"Available\",\r\n    \"lastModifiedTime\": \"2020-10-20T02:47:17Z\",\r\n    \"legalHold\": {\r\n      \"hasLegalHold\": true,\r\n      \"tags\": [\r\n        {\r\n          \"tag\": \"tag3\",\r\n          \"timestamp\": \"2020-10-20T02:47:15.2625689Z\",\r\n          \"objectIdentifier\": \"d6f7e858-345d-45f6-849c-8175519656b7\",\r\n          \"tenantId\": \"72f988bf-86f1-41af-91ab-2d7cd011db47\"\r\n        },\r\n        {\r\n          \"tag\": \"tag1\",\r\n          \"timestamp\": \"2020-10-20T02:47:17.1297371Z\",\r\n          \"objectIdentifier\": \"d6f7e858-345d-45f6-849c-8175519656b7\",\r\n          \"tenantId\": \"72f988bf-86f1-41af-91ab-2d7cd011db47\"\r\n        }\r\n      ]\r\n    },\r\n    \"hasImmutabilityPolicy\": false,\r\n    \"hasLegalHold\": true\r\n  }\r\n}",
      "StatusCode": 200
    },
    {
      "RequestUri": "/subscriptions/45b60d85-fd72-427a-a708-f994d26e593e/resourceGroups/pstestrg7206/providers/Microsoft.Storage/storageAccounts/stopstestrg7206/blobServices/default/containers/containerpstestrg7206?api-version=2020-08-01-preview",
      "EncodedRequestUri": "L3N1YnNjcmlwdGlvbnMvNDViNjBkODUtZmQ3Mi00MjdhLWE3MDgtZjk5NGQyNmU1OTNlL3Jlc291cmNlR3JvdXBzL3BzdGVzdHJnNzIwNi9wcm92aWRlcnMvTWljcm9zb2Z0LlN0b3JhZ2Uvc3RvcmFnZUFjY291bnRzL3N0b3BzdGVzdHJnNzIwNi9ibG9iU2VydmljZXMvZGVmYXVsdC9jb250YWluZXJzL2NvbnRhaW5lcnBzdGVzdHJnNzIwNj9hcGktdmVyc2lvbj0yMDIwLTA4LTAxLXByZXZpZXc=",
      "RequestMethod": "GET",
      "RequestBody": "",
      "RequestHeaders": {
        "x-ms-client-request-id": [
          "61322a70-dc0a-4ccd-a6bf-e470bf572daf"
        ],
        "Accept-Language": [
          "en-US"
        ],
        "User-Agent": [
          "FxVersion/4.6.29220.03",
          "OSName/Windows",
          "OSVersion/Microsoft.Windows.10.0.19042.",
          "Microsoft.Azure.Management.Storage.StorageManagementClient/18.0.0.0"
        ]
      },
      "ResponseHeaders": {
        "Cache-Control": [
          "no-cache"
        ],
        "Pragma": [
          "no-cache"
        ],
        "ETag": [
          "\"0x8D874A275986E58\""
        ],
        "x-ms-request-id": [
          "846c69a5-26ae-420f-98a7-5b3f2ec8e430"
        ],
        "Strict-Transport-Security": [
          "max-age=31536000; includeSubDomains"
        ],
        "Server": [
          "Microsoft-Azure-Storage-Resource-Provider/1.0,Microsoft-HTTPAPI/2.0 Microsoft-HTTPAPI/2.0"
        ],
        "x-ms-ratelimit-remaining-subscription-reads": [
          "11991"
        ],
        "x-ms-correlation-request-id": [
          "927a4b36-6c45-4211-9e55-14961ab21fe9"
        ],
        "x-ms-routing-request-id": [
          "SOUTHEASTASIA:20201020T024718Z:927a4b36-6c45-4211-9e55-14961ab21fe9"
        ],
        "X-Content-Type-Options": [
          "nosniff"
        ],
        "Date": [
          "Tue, 20 Oct 2020 02:47:17 GMT"
        ],
        "Content-Length": [
          "694"
        ],
        "Content-Type": [
          "application/json"
        ],
        "Expires": [
          "-1"
        ]
      },
      "ResponseBody": "{\r\n  \"id\": \"/subscriptions/45b60d85-fd72-427a-a708-f994d26e593e/resourceGroups/pstestrg7206/providers/Microsoft.Storage/storageAccounts/stopstestrg7206/blobServices/default/containers/containerpstestrg7206\",\r\n  \"name\": \"containerpstestrg7206\",\r\n  \"type\": \"Microsoft.Storage/storageAccounts/blobServices/containers\",\r\n  \"etag\": \"\\\"0x8D874A275986E58\\\"\",\r\n  \"properties\": {\r\n    \"deleted\": false,\r\n    \"remainingRetentionDays\": 0,\r\n    \"defaultEncryptionScope\": \"$account-encryption-key\",\r\n    \"denyEncryptionScopeOverride\": false,\r\n    \"publicAccess\": \"None\",\r\n    \"leaseStatus\": \"Unlocked\",\r\n    \"leaseState\": \"Available\",\r\n    \"lastModifiedTime\": \"2020-10-20T02:47:17Z\",\r\n    \"legalHold\": {\r\n      \"hasLegalHold\": false,\r\n      \"tags\": []\r\n    },\r\n    \"hasImmutabilityPolicy\": false,\r\n    \"hasLegalHold\": false\r\n  }\r\n}",
      "StatusCode": 200
    },
    {
      "RequestUri": "/subscriptions/45b60d85-fd72-427a-a708-f994d26e593e/resourceGroups/pstestrg7206/providers/Microsoft.Storage/storageAccounts/stopstestrg7206/blobServices/default/containers/containerpstestrg7206/setLegalHold?api-version=2020-08-01-preview",
      "EncodedRequestUri": "L3N1YnNjcmlwdGlvbnMvNDViNjBkODUtZmQ3Mi00MjdhLWE3MDgtZjk5NGQyNmU1OTNlL3Jlc291cmNlR3JvdXBzL3BzdGVzdHJnNzIwNi9wcm92aWRlcnMvTWljcm9zb2Z0LlN0b3JhZ2Uvc3RvcmFnZUFjY291bnRzL3N0b3BzdGVzdHJnNzIwNi9ibG9iU2VydmljZXMvZGVmYXVsdC9jb250YWluZXJzL2NvbnRhaW5lcnBzdGVzdHJnNzIwNi9zZXRMZWdhbEhvbGQ/YXBpLXZlcnNpb249MjAyMC0wOC0wMS1wcmV2aWV3",
      "RequestMethod": "POST",
      "RequestBody": "{\r\n  \"tags\": [\r\n    \"tag1\",\r\n    \"tag2\",\r\n    \"tag3\"\r\n  ]\r\n}",
      "RequestHeaders": {
        "x-ms-client-request-id": [
          "b3763292-96da-4ac6-8401-867c661d6a82"
        ],
        "Accept-Language": [
          "en-US"
        ],
        "User-Agent": [
          "FxVersion/4.6.29220.03",
          "OSName/Windows",
          "OSVersion/Microsoft.Windows.10.0.19042.",
          "Microsoft.Azure.Management.Storage.StorageManagementClient/18.0.0.0"
        ],
        "Content-Type": [
          "application/json; charset=utf-8"
        ],
        "Content-Length": [
          "60"
        ]
      },
      "ResponseHeaders": {
        "Cache-Control": [
          "no-cache"
        ],
        "Pragma": [
          "no-cache"
        ],
        "x-ms-request-id": [
          "7ea9f1c5-2a40-4593-a94d-436041649fa2"
        ],
        "Strict-Transport-Security": [
          "max-age=31536000; includeSubDomains"
        ],
        "Server": [
          "Microsoft-Azure-Storage-Resource-Provider/1.0,Microsoft-HTTPAPI/2.0 Microsoft-HTTPAPI/2.0"
        ],
        "x-ms-ratelimit-remaining-subscription-writes": [
          "1199"
        ],
        "x-ms-correlation-request-id": [
          "651436c8-8074-4232-9a72-f67d2b0ce38c"
        ],
        "x-ms-routing-request-id": [
          "SOUTHEASTASIA:20201020T024715Z:651436c8-8074-4232-9a72-f67d2b0ce38c"
        ],
        "X-Content-Type-Options": [
          "nosniff"
        ],
        "Date": [
          "Tue, 20 Oct 2020 02:47:14 GMT"
        ],
        "Content-Length": [
          "51"
        ],
        "Content-Type": [
          "application/json"
        ],
        "Expires": [
          "-1"
        ]
      },
      "ResponseBody": "{\r\n  \"hasLegalHold\": true,\r\n  \"tags\": [\r\n    \"tag1\",\r\n    \"tag2\",\r\n    \"tag3\"\r\n  ]\r\n}",
      "StatusCode": 200
    },
    {
      "RequestUri": "/subscriptions/45b60d85-fd72-427a-a708-f994d26e593e/resourceGroups/pstestrg7206/providers/Microsoft.Storage/storageAccounts/stopstestrg7206/blobServices/default/containers/containerpstestrg7206/setLegalHold?api-version=2020-08-01-preview",
      "EncodedRequestUri": "L3N1YnNjcmlwdGlvbnMvNDViNjBkODUtZmQ3Mi00MjdhLWE3MDgtZjk5NGQyNmU1OTNlL3Jlc291cmNlR3JvdXBzL3BzdGVzdHJnNzIwNi9wcm92aWRlcnMvTWljcm9zb2Z0LlN0b3JhZ2Uvc3RvcmFnZUFjY291bnRzL3N0b3BzdGVzdHJnNzIwNi9ibG9iU2VydmljZXMvZGVmYXVsdC9jb250YWluZXJzL2NvbnRhaW5lcnBzdGVzdHJnNzIwNi9zZXRMZWdhbEhvbGQ/YXBpLXZlcnNpb249MjAyMC0wOC0wMS1wcmV2aWV3",
      "RequestMethod": "POST",
      "RequestBody": "{\r\n  \"tags\": [\r\n    \"tag1\"\r\n  ]\r\n}",
      "RequestHeaders": {
        "x-ms-client-request-id": [
          "6ccac939-7b88-4417-8a88-fc1257bfe954"
        ],
        "Accept-Language": [
          "en-US"
        ],
        "User-Agent": [
          "FxVersion/4.6.29220.03",
          "OSName/Windows",
          "OSVersion/Microsoft.Windows.10.0.19042.",
          "Microsoft.Azure.Management.Storage.StorageManagementClient/18.0.0.0"
        ],
        "Content-Type": [
          "application/json; charset=utf-8"
        ],
        "Content-Length": [
          "34"
        ]
      },
      "ResponseHeaders": {
        "Cache-Control": [
          "no-cache"
        ],
        "Pragma": [
          "no-cache"
        ],
        "x-ms-request-id": [
          "71d36cd7-6892-4ae1-9cce-6f6389197970"
        ],
        "Strict-Transport-Security": [
          "max-age=31536000; includeSubDomains"
        ],
        "Server": [
          "Microsoft-Azure-Storage-Resource-Provider/1.0,Microsoft-HTTPAPI/2.0 Microsoft-HTTPAPI/2.0"
        ],
        "x-ms-ratelimit-remaining-subscription-writes": [
          "1197"
        ],
        "x-ms-correlation-request-id": [
          "8670370e-ebfd-4c5b-8823-670819257a4f"
        ],
        "x-ms-routing-request-id": [
          "SOUTHEASTASIA:20201020T024717Z:8670370e-ebfd-4c5b-8823-670819257a4f"
        ],
        "X-Content-Type-Options": [
          "nosniff"
        ],
        "Date": [
          "Tue, 20 Oct 2020 02:47:16 GMT"
        ],
        "Content-Length": [
          "44"
        ],
        "Content-Type": [
          "application/json"
        ],
        "Expires": [
          "-1"
        ]
      },
      "ResponseBody": "{\r\n  \"hasLegalHold\": true,\r\n  \"tags\": [\r\n    \"tag3\",\r\n    \"tag1\"\r\n  ]\r\n}",
      "StatusCode": 200
    },
    {
      "RequestUri": "/subscriptions/45b60d85-fd72-427a-a708-f994d26e593e/resourceGroups/pstestrg7206/providers/Microsoft.Storage/storageAccounts/stopstestrg7206/blobServices/default/containers/containerpstestrg7206/clearLegalHold?api-version=2020-08-01-preview",
      "EncodedRequestUri": "L3N1YnNjcmlwdGlvbnMvNDViNjBkODUtZmQ3Mi00MjdhLWE3MDgtZjk5NGQyNmU1OTNlL3Jlc291cmNlR3JvdXBzL3BzdGVzdHJnNzIwNi9wcm92aWRlcnMvTWljcm9zb2Z0LlN0b3JhZ2Uvc3RvcmFnZUFjY291bnRzL3N0b3BzdGVzdHJnNzIwNi9ibG9iU2VydmljZXMvZGVmYXVsdC9jb250YWluZXJzL2NvbnRhaW5lcnBzdGVzdHJnNzIwNi9jbGVhckxlZ2FsSG9sZD9hcGktdmVyc2lvbj0yMDIwLTA4LTAxLXByZXZpZXc=",
      "RequestMethod": "POST",
      "RequestBody": "{\r\n  \"tags\": [\r\n    \"tag1\",\r\n    \"tag2\"\r\n  ]\r\n}",
      "RequestHeaders": {
        "x-ms-client-request-id": [
          "674d9ce6-4cc2-4322-bd4b-44a66068c524"
        ],
        "Accept-Language": [
          "en-US"
        ],
        "User-Agent": [
          "FxVersion/4.6.29220.03",
          "OSName/Windows",
          "OSVersion/Microsoft.Windows.10.0.19042.",
          "Microsoft.Azure.Management.Storage.StorageManagementClient/18.0.0.0"
        ],
        "Content-Type": [
          "application/json; charset=utf-8"
        ],
        "Content-Length": [
          "47"
        ]
      },
      "ResponseHeaders": {
        "Cache-Control": [
          "no-cache"
        ],
        "Pragma": [
          "no-cache"
        ],
        "x-ms-request-id": [
          "f0373c30-3297-4076-9571-b2f6fa9993e2"
        ],
        "Strict-Transport-Security": [
          "max-age=31536000; includeSubDomains"
        ],
        "Server": [
          "Microsoft-Azure-Storage-Resource-Provider/1.0,Microsoft-HTTPAPI/2.0 Microsoft-HTTPAPI/2.0"
        ],
        "x-ms-ratelimit-remaining-subscription-writes": [
          "1198"
        ],
        "x-ms-correlation-request-id": [
          "d6eefe61-a388-4a9d-8b6c-eea9964844f4"
        ],
        "x-ms-routing-request-id": [
          "SOUTHEASTASIA:20201020T024716Z:d6eefe61-a388-4a9d-8b6c-eea9964844f4"
        ],
        "X-Content-Type-Options": [
          "nosniff"
        ],
        "Date": [
          "Tue, 20 Oct 2020 02:47:15 GMT"
        ],
        "Content-Length": [
          "37"
        ],
        "Content-Type": [
          "application/json"
        ],
        "Expires": [
          "-1"
        ]
      },
      "ResponseBody": "{\r\n  \"hasLegalHold\": true,\r\n  \"tags\": [\r\n    \"tag3\"\r\n  ]\r\n}",
      "StatusCode": 200
    },
    {
      "RequestUri": "/subscriptions/45b60d85-fd72-427a-a708-f994d26e593e/resourceGroups/pstestrg7206/providers/Microsoft.Storage/storageAccounts/stopstestrg7206/blobServices/default/containers/containerpstestrg7206/clearLegalHold?api-version=2020-08-01-preview",
      "EncodedRequestUri": "L3N1YnNjcmlwdGlvbnMvNDViNjBkODUtZmQ3Mi00MjdhLWE3MDgtZjk5NGQyNmU1OTNlL3Jlc291cmNlR3JvdXBzL3BzdGVzdHJnNzIwNi9wcm92aWRlcnMvTWljcm9zb2Z0LlN0b3JhZ2Uvc3RvcmFnZUFjY291bnRzL3N0b3BzdGVzdHJnNzIwNi9ibG9iU2VydmljZXMvZGVmYXVsdC9jb250YWluZXJzL2NvbnRhaW5lcnBzdGVzdHJnNzIwNi9jbGVhckxlZ2FsSG9sZD9hcGktdmVyc2lvbj0yMDIwLTA4LTAxLXByZXZpZXc=",
      "RequestMethod": "POST",
      "RequestBody": "{\r\n  \"tags\": [\r\n    \"tag1\",\r\n    \"tag3\"\r\n  ]\r\n}",
      "RequestHeaders": {
        "x-ms-client-request-id": [
          "fe612a1c-e783-4cee-8b65-4f7b8ea21409"
        ],
        "Accept-Language": [
          "en-US"
        ],
        "User-Agent": [
          "FxVersion/4.6.29220.03",
          "OSName/Windows",
          "OSVersion/Microsoft.Windows.10.0.19042.",
          "Microsoft.Azure.Management.Storage.StorageManagementClient/18.0.0.0"
        ],
        "Content-Type": [
          "application/json; charset=utf-8"
        ],
        "Content-Length": [
          "47"
        ]
      },
      "ResponseHeaders": {
        "Cache-Control": [
          "no-cache"
        ],
        "Pragma": [
          "no-cache"
        ],
        "x-ms-request-id": [
          "02cbe48f-7e5a-4218-88d2-7c5f82688524"
        ],
        "Strict-Transport-Security": [
          "max-age=31536000; includeSubDomains"
        ],
        "Server": [
          "Microsoft-Azure-Storage-Resource-Provider/1.0,Microsoft-HTTPAPI/2.0 Microsoft-HTTPAPI/2.0"
        ],
        "x-ms-ratelimit-remaining-subscription-writes": [
          "1196"
        ],
        "x-ms-correlation-request-id": [
          "eb19a175-0c09-4f06-bde3-569a59333a77"
        ],
        "x-ms-routing-request-id": [
          "SOUTHEASTASIA:20201020T024718Z:eb19a175-0c09-4f06-bde3-569a59333a77"
        ],
        "X-Content-Type-Options": [
          "nosniff"
        ],
        "Date": [
          "Tue, 20 Oct 2020 02:47:17 GMT"
        ],
        "Content-Length": [
          "32"
        ],
        "Content-Type": [
          "application/json"
        ],
        "Expires": [
          "-1"
        ]
      },
      "ResponseBody": "{\r\n  \"hasLegalHold\": false,\r\n  \"tags\": []\r\n}",
      "StatusCode": 200
    },
    {
      "RequestUri": "/subscriptions/45b60d85-fd72-427a-a708-f994d26e593e/resourceGroups/pstestrg7206/providers/Microsoft.Storage/storageAccounts/stopstestrg7206/blobServices/default/containers/containerpstestrg7206?api-version=2020-08-01-preview",
      "EncodedRequestUri": "L3N1YnNjcmlwdGlvbnMvNDViNjBkODUtZmQ3Mi00MjdhLWE3MDgtZjk5NGQyNmU1OTNlL3Jlc291cmNlR3JvdXBzL3BzdGVzdHJnNzIwNi9wcm92aWRlcnMvTWljcm9zb2Z0LlN0b3JhZ2Uvc3RvcmFnZUFjY291bnRzL3N0b3BzdGVzdHJnNzIwNi9ibG9iU2VydmljZXMvZGVmYXVsdC9jb250YWluZXJzL2NvbnRhaW5lcnBzdGVzdHJnNzIwNj9hcGktdmVyc2lvbj0yMDIwLTA4LTAxLXByZXZpZXc=",
      "RequestMethod": "DELETE",
      "RequestBody": "",
      "RequestHeaders": {
        "x-ms-client-request-id": [
          "9bc84e67-64a2-434c-bba1-b9bbde95ca14"
        ],
        "Accept-Language": [
          "en-US"
        ],
        "User-Agent": [
          "FxVersion/4.6.29220.03",
          "OSName/Windows",
          "OSVersion/Microsoft.Windows.10.0.19042.",
          "Microsoft.Azure.Management.Storage.StorageManagementClient/18.0.0.0"
        ]
      },
      "ResponseHeaders": {
        "Cache-Control": [
          "no-cache"
        ],
        "Pragma": [
          "no-cache"
        ],
        "x-ms-request-id": [
          "bb740043-b3db-420d-9f38-ed8bf737b974"
        ],
        "Strict-Transport-Security": [
          "max-age=31536000; includeSubDomains"
        ],
        "Server": [
          "Microsoft-Azure-Storage-Resource-Provider/1.0,Microsoft-HTTPAPI/2.0 Microsoft-HTTPAPI/2.0"
        ],
        "x-ms-ratelimit-remaining-subscription-deletes": [
          "14999"
        ],
        "x-ms-correlation-request-id": [
          "e012952e-1b21-46cd-8a51-edbe4b38c1f2"
        ],
        "x-ms-routing-request-id": [
          "SOUTHEASTASIA:20201020T024719Z:e012952e-1b21-46cd-8a51-edbe4b38c1f2"
        ],
        "X-Content-Type-Options": [
          "nosniff"
        ],
        "Date": [
          "Tue, 20 Oct 2020 02:47:18 GMT"
        ],
        "Content-Type": [
          "text/plain; charset=utf-8"
        ],
        "Expires": [
          "-1"
        ],
        "Content-Length": [
          "0"
        ]
      },
      "ResponseBody": "",
      "StatusCode": 200
    },
    {
      "RequestUri": "/subscriptions/45b60d85-fd72-427a-a708-f994d26e593e/resourceGroups/pstestrg7206/providers/Microsoft.Storage/storageAccounts/stopstestrg7206/blobServices/default/containers?api-version=2020-08-01-preview",
      "EncodedRequestUri": "L3N1YnNjcmlwdGlvbnMvNDViNjBkODUtZmQ3Mi00MjdhLWE3MDgtZjk5NGQyNmU1OTNlL3Jlc291cmNlR3JvdXBzL3BzdGVzdHJnNzIwNi9wcm92aWRlcnMvTWljcm9zb2Z0LlN0b3JhZ2Uvc3RvcmFnZUFjY291bnRzL3N0b3BzdGVzdHJnNzIwNi9ibG9iU2VydmljZXMvZGVmYXVsdC9jb250YWluZXJzP2FwaS12ZXJzaW9uPTIwMjAtMDgtMDEtcHJldmlldw==",
      "RequestMethod": "GET",
      "RequestBody": "",
      "RequestHeaders": {
        "x-ms-client-request-id": [
          "6cfd800a-7d29-44aa-b25f-de1e55ba88e2"
        ],
        "Accept-Language": [
          "en-US"
        ],
        "User-Agent": [
          "FxVersion/4.6.29220.03",
          "OSName/Windows",
          "OSVersion/Microsoft.Windows.10.0.19042.",
          "Microsoft.Azure.Management.Storage.StorageManagementClient/18.0.0.0"
        ]
      },
      "ResponseHeaders": {
        "Cache-Control": [
          "no-cache"
        ],
        "Pragma": [
          "no-cache"
        ],
        "x-ms-request-id": [
          "9fbddcb2-0b32-4f2f-b82c-81bb06356f5b"
        ],
        "Strict-Transport-Security": [
          "max-age=31536000; includeSubDomains"
        ],
        "Server": [
          "Microsoft-Azure-Storage-Resource-Provider/1.0,Microsoft-HTTPAPI/2.0 Microsoft-HTTPAPI/2.0"
        ],
        "x-ms-ratelimit-remaining-subscription-reads": [
          "11990"
        ],
        "x-ms-correlation-request-id": [
          "65bf14c1-896a-45c5-bb1b-2dfe2f718da7"
        ],
        "x-ms-routing-request-id": [
          "SOUTHEASTASIA:20201020T024719Z:65bf14c1-896a-45c5-bb1b-2dfe2f718da7"
        ],
        "X-Content-Type-Options": [
          "nosniff"
        ],
        "Date": [
          "Tue, 20 Oct 2020 02:47:18 GMT"
        ],
        "Content-Length": [
          "12"
        ],
        "Content-Type": [
          "application/json"
        ],
        "Expires": [
          "-1"
        ]
      },
      "ResponseBody": "{\r\n  \"value\": []\r\n}",
      "StatusCode": 200
    },
    {
      "RequestUri": "/subscriptions/45b60d85-fd72-427a-a708-f994d26e593e/resourceGroups/pstestrg7206/providers/Microsoft.Storage/storageAccounts/stopstestrg7206?api-version=2020-08-01-preview",
      "EncodedRequestUri": "L3N1YnNjcmlwdGlvbnMvNDViNjBkODUtZmQ3Mi00MjdhLWE3MDgtZjk5NGQyNmU1OTNlL3Jlc291cmNlR3JvdXBzL3BzdGVzdHJnNzIwNi9wcm92aWRlcnMvTWljcm9zb2Z0LlN0b3JhZ2Uvc3RvcmFnZUFjY291bnRzL3N0b3BzdGVzdHJnNzIwNj9hcGktdmVyc2lvbj0yMDIwLTA4LTAxLXByZXZpZXc=",
      "RequestMethod": "DELETE",
      "RequestBody": "",
      "RequestHeaders": {
        "x-ms-client-request-id": [
          "f8a766da-c91d-4f7f-a184-26aef0db321f"
        ],
        "Accept-Language": [
          "en-US"
        ],
        "User-Agent": [
          "FxVersion/4.6.29220.03",
          "OSName/Windows",
          "OSVersion/Microsoft.Windows.10.0.19042.",
          "Microsoft.Azure.Management.Storage.StorageManagementClient/18.0.0.0"
        ]
      },
      "ResponseHeaders": {
        "Cache-Control": [
          "no-cache"
        ],
        "Pragma": [
          "no-cache"
        ],
        "x-ms-request-id": [
          "8724d17c-1c5c-48d8-8673-87cd9bd515d3"
        ],
        "Strict-Transport-Security": [
          "max-age=31536000; includeSubDomains"
        ],
        "Server": [
          "Microsoft-Azure-Storage-Resource-Provider/1.0,Microsoft-HTTPAPI/2.0 Microsoft-HTTPAPI/2.0"
        ],
        "x-ms-ratelimit-remaining-subscription-deletes": [
          "14998"
        ],
        "x-ms-correlation-request-id": [
          "7ff5e3a1-f316-4975-a18c-577d3e014400"
        ],
        "x-ms-routing-request-id": [
          "SOUTHEASTASIA:20201020T024729Z:7ff5e3a1-f316-4975-a18c-577d3e014400"
        ],
        "X-Content-Type-Options": [
          "nosniff"
        ],
        "Date": [
          "Tue, 20 Oct 2020 02:47:28 GMT"
        ],
        "Content-Type": [
          "text/plain; charset=utf-8"
        ],
        "Expires": [
          "-1"
        ],
        "Content-Length": [
          "0"
        ]
      },
      "ResponseBody": "",
      "StatusCode": 200
    },
    {
      "RequestUri": "/subscriptions/45b60d85-fd72-427a-a708-f994d26e593e/resourcegroups/pstestrg7206?api-version=2016-09-01",
      "EncodedRequestUri": "L3N1YnNjcmlwdGlvbnMvNDViNjBkODUtZmQ3Mi00MjdhLWE3MDgtZjk5NGQyNmU1OTNlL3Jlc291cmNlZ3JvdXBzL3BzdGVzdHJnNzIwNj9hcGktdmVyc2lvbj0yMDE2LTA5LTAx",
      "RequestMethod": "DELETE",
      "RequestBody": "",
      "RequestHeaders": {
        "x-ms-client-request-id": [
          "192e550c-fc65-4fb8-97af-3c1afdc3b0f9"
        ],
        "Accept-Language": [
          "en-US"
        ],
        "User-Agent": [
          "FxVersion/4.6.29220.03",
          "OSName/Windows",
          "OSVersion/Microsoft.Windows.10.0.19042.",
          "Microsoft.Azure.Management.Internal.Resources.ResourceManagementClient/1.3.24"
        ]
      },
      "ResponseHeaders": {
        "Cache-Control": [
          "no-cache"
        ],
        "Pragma": [
          "no-cache"
        ],
        "Location": [
          "https://management.azure.com/subscriptions/45b60d85-fd72-427a-a708-f994d26e593e/operationresults/eyJqb2JJZCI6IlJFU09VUkNFR1JPVVBERUxFVElPTkpPQi1QU1RFU1RSRzcyMDYtRUFTVFVTMkVVQVAiLCJqb2JMb2NhdGlvbiI6ImVhc3R1czJldWFwIn0?api-version=2016-09-01"
        ],
        "Retry-After": [
          "15"
        ],
        "x-ms-ratelimit-remaining-subscription-deletes": [
          "14999"
        ],
        "x-ms-request-id": [
          "dafc6246-4020-486f-9b99-d1bc48e39111"
        ],
        "x-ms-correlation-request-id": [
          "dafc6246-4020-486f-9b99-d1bc48e39111"
        ],
        "x-ms-routing-request-id": [
          "SOUTHEASTASIA:20201020T024732Z:dafc6246-4020-486f-9b99-d1bc48e39111"
        ],
        "Strict-Transport-Security": [
          "max-age=31536000; includeSubDomains"
        ],
        "X-Content-Type-Options": [
          "nosniff"
        ],
        "Date": [
          "Tue, 20 Oct 2020 02:47:32 GMT"
        ],
        "Expires": [
          "-1"
        ],
        "Content-Length": [
          "0"
        ]
      },
      "ResponseBody": "",
      "StatusCode": 202
    },
    {
      "RequestUri": "/subscriptions/45b60d85-fd72-427a-a708-f994d26e593e/operationresults/eyJqb2JJZCI6IlJFU09VUkNFR1JPVVBERUxFVElPTkpPQi1QU1RFU1RSRzcyMDYtRUFTVFVTMkVVQVAiLCJqb2JMb2NhdGlvbiI6ImVhc3R1czJldWFwIn0?api-version=2016-09-01",
      "EncodedRequestUri": "L3N1YnNjcmlwdGlvbnMvNDViNjBkODUtZmQ3Mi00MjdhLWE3MDgtZjk5NGQyNmU1OTNlL29wZXJhdGlvbnJlc3VsdHMvZXlKcWIySkpaQ0k2SWxKRlUwOVZVa05GUjFKUFZWQkVSVXhGVkVsUFRrcFBRaTFRVTFSRlUxUlNSemN5TURZdFJVRlRWRlZUTWtWVlFWQWlMQ0pxYjJKTWIyTmhkR2x2YmlJNkltVmhjM1IxY3pKbGRXRndJbjA/YXBpLXZlcnNpb249MjAxNi0wOS0wMQ==",
      "RequestMethod": "GET",
      "RequestBody": "",
      "RequestHeaders": {
        "User-Agent": [
          "FxVersion/4.6.29220.03",
          "OSName/Windows",
          "OSVersion/Microsoft.Windows.10.0.19042.",
          "Microsoft.Azure.Management.Internal.Resources.ResourceManagementClient/1.3.24"
        ]
      },
      "ResponseHeaders": {
        "Cache-Control": [
          "no-cache"
        ],
        "Pragma": [
          "no-cache"
        ],
        "Location": [
          "https://management.azure.com/subscriptions/45b60d85-fd72-427a-a708-f994d26e593e/operationresults/eyJqb2JJZCI6IlJFU09VUkNFR1JPVVBERUxFVElPTkpPQi1QU1RFU1RSRzcyMDYtRUFTVFVTMkVVQVAiLCJqb2JMb2NhdGlvbiI6ImVhc3R1czJldWFwIn0?api-version=2016-09-01"
        ],
        "Retry-After": [
          "15"
        ],
        "x-ms-ratelimit-remaining-subscription-reads": [
          "11999"
        ],
        "x-ms-request-id": [
          "d21fb627-f967-40c2-be5a-ecfb2bdc1dec"
        ],
        "x-ms-correlation-request-id": [
          "d21fb627-f967-40c2-be5a-ecfb2bdc1dec"
        ],
        "x-ms-routing-request-id": [
          "SOUTHEASTASIA:20201020T024748Z:d21fb627-f967-40c2-be5a-ecfb2bdc1dec"
        ],
        "Strict-Transport-Security": [
          "max-age=31536000; includeSubDomains"
        ],
        "X-Content-Type-Options": [
          "nosniff"
        ],
        "Date": [
          "Tue, 20 Oct 2020 02:47:47 GMT"
        ],
        "Expires": [
          "-1"
        ],
        "Content-Length": [
          "0"
        ]
      },
      "ResponseBody": "",
      "StatusCode": 202
    },
    {
      "RequestUri": "/subscriptions/45b60d85-fd72-427a-a708-f994d26e593e/operationresults/eyJqb2JJZCI6IlJFU09VUkNFR1JPVVBERUxFVElPTkpPQi1QU1RFU1RSRzcyMDYtRUFTVFVTMkVVQVAiLCJqb2JMb2NhdGlvbiI6ImVhc3R1czJldWFwIn0?api-version=2016-09-01",
      "EncodedRequestUri": "L3N1YnNjcmlwdGlvbnMvNDViNjBkODUtZmQ3Mi00MjdhLWE3MDgtZjk5NGQyNmU1OTNlL29wZXJhdGlvbnJlc3VsdHMvZXlKcWIySkpaQ0k2SWxKRlUwOVZVa05GUjFKUFZWQkVSVXhGVkVsUFRrcFBRaTFRVTFSRlUxUlNSemN5TURZdFJVRlRWRlZUTWtWVlFWQWlMQ0pxYjJKTWIyTmhkR2x2YmlJNkltVmhjM1IxY3pKbGRXRndJbjA/YXBpLXZlcnNpb249MjAxNi0wOS0wMQ==",
      "RequestMethod": "GET",
      "RequestBody": "",
      "RequestHeaders": {
        "User-Agent": [
          "FxVersion/4.6.29220.03",
          "OSName/Windows",
          "OSVersion/Microsoft.Windows.10.0.19042.",
          "Microsoft.Azure.Management.Internal.Resources.ResourceManagementClient/1.3.24"
        ]
      },
      "ResponseHeaders": {
        "Cache-Control": [
          "no-cache"
        ],
        "Pragma": [
          "no-cache"
        ],
        "Location": [
          "https://management.azure.com/subscriptions/45b60d85-fd72-427a-a708-f994d26e593e/operationresults/eyJqb2JJZCI6IlJFU09VUkNFR1JPVVBERUxFVElPTkpPQi1QU1RFU1RSRzcyMDYtRUFTVFVTMkVVQVAiLCJqb2JMb2NhdGlvbiI6ImVhc3R1czJldWFwIn0?api-version=2016-09-01"
        ],
        "Retry-After": [
          "15"
        ],
        "x-ms-ratelimit-remaining-subscription-reads": [
          "11998"
        ],
        "x-ms-request-id": [
          "47ccd706-0fce-41be-ba3a-3a1b4dbf35ce"
        ],
        "x-ms-correlation-request-id": [
          "47ccd706-0fce-41be-ba3a-3a1b4dbf35ce"
        ],
        "x-ms-routing-request-id": [
          "SOUTHEASTASIA:20201020T024803Z:47ccd706-0fce-41be-ba3a-3a1b4dbf35ce"
        ],
        "Strict-Transport-Security": [
          "max-age=31536000; includeSubDomains"
        ],
        "X-Content-Type-Options": [
          "nosniff"
        ],
        "Date": [
          "Tue, 20 Oct 2020 02:48:03 GMT"
        ],
        "Expires": [
          "-1"
        ],
        "Content-Length": [
          "0"
        ]
      },
      "ResponseBody": "",
      "StatusCode": 202
    },
    {
      "RequestUri": "/subscriptions/45b60d85-fd72-427a-a708-f994d26e593e/operationresults/eyJqb2JJZCI6IlJFU09VUkNFR1JPVVBERUxFVElPTkpPQi1QU1RFU1RSRzcyMDYtRUFTVFVTMkVVQVAiLCJqb2JMb2NhdGlvbiI6ImVhc3R1czJldWFwIn0?api-version=2016-09-01",
      "EncodedRequestUri": "L3N1YnNjcmlwdGlvbnMvNDViNjBkODUtZmQ3Mi00MjdhLWE3MDgtZjk5NGQyNmU1OTNlL29wZXJhdGlvbnJlc3VsdHMvZXlKcWIySkpaQ0k2SWxKRlUwOVZVa05GUjFKUFZWQkVSVXhGVkVsUFRrcFBRaTFRVTFSRlUxUlNSemN5TURZdFJVRlRWRlZUTWtWVlFWQWlMQ0pxYjJKTWIyTmhkR2x2YmlJNkltVmhjM1IxY3pKbGRXRndJbjA/YXBpLXZlcnNpb249MjAxNi0wOS0wMQ==",
      "RequestMethod": "GET",
      "RequestBody": "",
      "RequestHeaders": {
        "User-Agent": [
          "FxVersion/4.6.29220.03",
          "OSName/Windows",
          "OSVersion/Microsoft.Windows.10.0.19042.",
          "Microsoft.Azure.Management.Internal.Resources.ResourceManagementClient/1.3.24"
        ]
      },
      "ResponseHeaders": {
        "Cache-Control": [
          "no-cache"
        ],
        "Pragma": [
          "no-cache"
        ],
        "x-ms-ratelimit-remaining-subscription-reads": [
          "11997"
        ],
        "x-ms-request-id": [
          "6c7336b6-5066-41d1-905f-f4838641f9ed"
        ],
        "x-ms-correlation-request-id": [
          "6c7336b6-5066-41d1-905f-f4838641f9ed"
        ],
        "x-ms-routing-request-id": [
          "SOUTHEASTASIA:20201020T024819Z:6c7336b6-5066-41d1-905f-f4838641f9ed"
        ],
        "Strict-Transport-Security": [
          "max-age=31536000; includeSubDomains"
        ],
        "X-Content-Type-Options": [
          "nosniff"
        ],
        "Date": [
          "Tue, 20 Oct 2020 02:48:18 GMT"
        ],
        "Expires": [
          "-1"
        ],
        "Content-Length": [
          "0"
        ]
      },
      "ResponseBody": "",
      "StatusCode": 200
    },
    {
      "RequestUri": "/subscriptions/45b60d85-fd72-427a-a708-f994d26e593e/operationresults/eyJqb2JJZCI6IlJFU09VUkNFR1JPVVBERUxFVElPTkpPQi1QU1RFU1RSRzcyMDYtRUFTVFVTMkVVQVAiLCJqb2JMb2NhdGlvbiI6ImVhc3R1czJldWFwIn0?api-version=2016-09-01",
      "EncodedRequestUri": "L3N1YnNjcmlwdGlvbnMvNDViNjBkODUtZmQ3Mi00MjdhLWE3MDgtZjk5NGQyNmU1OTNlL29wZXJhdGlvbnJlc3VsdHMvZXlKcWIySkpaQ0k2SWxKRlUwOVZVa05GUjFKUFZWQkVSVXhGVkVsUFRrcFBRaTFRVTFSRlUxUlNSemN5TURZdFJVRlRWRlZUTWtWVlFWQWlMQ0pxYjJKTWIyTmhkR2x2YmlJNkltVmhjM1IxY3pKbGRXRndJbjA/YXBpLXZlcnNpb249MjAxNi0wOS0wMQ==",
      "RequestMethod": "GET",
      "RequestBody": "",
      "RequestHeaders": {
        "User-Agent": [
          "FxVersion/4.6.29220.03",
          "OSName/Windows",
          "OSVersion/Microsoft.Windows.10.0.19042.",
          "Microsoft.Azure.Management.Internal.Resources.ResourceManagementClient/1.3.24"
        ]
      },
      "ResponseHeaders": {
        "Cache-Control": [
          "no-cache"
        ],
        "Pragma": [
          "no-cache"
        ],
        "x-ms-ratelimit-remaining-subscription-reads": [
          "11996"
        ],
        "x-ms-request-id": [
          "5d5f9b2d-6346-4167-92a8-e31ef7ab131b"
        ],
        "x-ms-correlation-request-id": [
          "5d5f9b2d-6346-4167-92a8-e31ef7ab131b"
        ],
        "x-ms-routing-request-id": [
          "SOUTHEASTASIA:20201020T024819Z:5d5f9b2d-6346-4167-92a8-e31ef7ab131b"
        ],
        "Strict-Transport-Security": [
          "max-age=31536000; includeSubDomains"
        ],
        "X-Content-Type-Options": [
          "nosniff"
        ],
        "Date": [
          "Tue, 20 Oct 2020 02:48:19 GMT"
        ],
        "Expires": [
          "-1"
        ],
        "Content-Length": [
          "0"
        ]
      },
      "ResponseBody": "",
      "StatusCode": 200
    }
  ],
  "Names": {
    "Test-StorageBlobContainerLegalHold": [
      "pstestrg7206"
    ]
  },
  "Variables": {
    "SubscriptionId": "45b60d85-fd72-427a-a708-f994d26e593e"
  }
}