{
  "Entries": [
    {
      "RequestUri": "/subscriptions/45b60d85-fd72-427a-a708-f994d26e593e/resourcegroups/pstestrg1533?api-version=2016-09-01",
      "EncodedRequestUri": "L3N1YnNjcmlwdGlvbnMvNDViNjBkODUtZmQ3Mi00MjdhLWE3MDgtZjk5NGQyNmU1OTNlL3Jlc291cmNlZ3JvdXBzL3BzdGVzdHJnMTUzMz9hcGktdmVyc2lvbj0yMDE2LTA5LTAx",
      "RequestMethod": "PUT",
      "RequestBody": "{\r\n  \"location\": \"eastus2euap\"\r\n}",
      "RequestHeaders": {
        "x-ms-client-request-id": [
          "244992f5-df53-4b58-92dc-25fad89c1b33"
        ],
        "Accept-Language": [
          "en-US"
        ],
        "User-Agent": [
          "FxVersion/4.6.30015.01",
          "OSName/Windows",
          "OSVersion/Microsoft.Windows.10.0.19043.",
          "Microsoft.Azure.Management.Internal.Resources.ResourceManagementClient/1.3.39"
        ],
        "Content-Type": [
          "application/json; charset=utf-8"
        ],
        "Content-Length": [
          "33"
        ]
      },
      "ResponseHeaders": {
        "Cache-Control": [
          "no-cache"
        ],
        "Pragma": [
          "no-cache"
        ],
        "x-ms-ratelimit-remaining-subscription-writes": [
          "1199"
        ],
        "x-ms-request-id": [
          "1e77a224-37e9-4d01-bc6c-3007b693d39b"
        ],
        "x-ms-correlation-request-id": [
          "1e77a224-37e9-4d01-bc6c-3007b693d39b"
        ],
        "x-ms-routing-request-id": [
          "SOUTHEASTASIA:20210705T110632Z:1e77a224-37e9-4d01-bc6c-3007b693d39b"
        ],
        "Strict-Transport-Security": [
          "max-age=31536000; includeSubDomains"
        ],
        "X-Content-Type-Options": [
          "nosniff"
        ],
        "Date": [
          "Mon, 05 Jul 2021 11:06:32 GMT"
        ],
        "Content-Length": [
          "182"
        ],
        "Content-Type": [
          "application/json; charset=utf-8"
        ],
        "Expires": [
          "-1"
        ]
      },
      "ResponseBody": "{\r\n  \"id\": \"/subscriptions/45b60d85-fd72-427a-a708-f994d26e593e/resourceGroups/pstestrg1533\",\r\n  \"name\": \"pstestrg1533\",\r\n  \"location\": \"eastus2euap\",\r\n  \"properties\": {\r\n    \"provisioningState\": \"Succeeded\"\r\n  }\r\n}",
      "StatusCode": 201
    },
    {
      "RequestUri": "/subscriptions/45b60d85-fd72-427a-a708-f994d26e593e/providers/Microsoft.Storage/checkNameAvailability?api-version=2021-04-01",
      "EncodedRequestUri": "L3N1YnNjcmlwdGlvbnMvNDViNjBkODUtZmQ3Mi00MjdhLWE3MDgtZjk5NGQyNmU1OTNlL3Byb3ZpZGVycy9NaWNyb3NvZnQuU3RvcmFnZS9jaGVja05hbWVBdmFpbGFiaWxpdHk/YXBpLXZlcnNpb249MjAyMS0wNC0wMQ==",
      "RequestMethod": "POST",
      "RequestBody": "{\r\n  \"name\": \"stopstestrg1533\",\r\n  \"type\": \"Microsoft.Storage/storageAccounts\"\r\n}",
      "RequestHeaders": {
        "x-ms-client-request-id": [
          "f30e23cc-3050-4200-bcb0-560476476cca"
        ],
        "Accept-Language": [
          "en-US"
        ],
        "User-Agent": [
          "FxVersion/4.6.30015.01",
          "OSName/Windows",
          "OSVersion/Microsoft.Windows.10.0.19043.",
          "Microsoft.Azure.Management.Storage.StorageManagementClient/22.0.0.0"
        ],
        "Content-Type": [
          "application/json; charset=utf-8"
        ],
        "Content-Length": [
          "81"
        ]
      },
      "ResponseHeaders": {
        "Cache-Control": [
          "no-cache"
        ],
        "Pragma": [
          "no-cache"
        ],
        "x-ms-request-id": [
          "c7bfb472-96ac-4187-8702-bcdbbf1ce2cb"
        ],
        "Strict-Transport-Security": [
          "max-age=31536000; includeSubDomains"
        ],
        "Server": [
          "Microsoft-Azure-Storage-Resource-Provider/1.0,Microsoft-HTTPAPI/2.0 Microsoft-HTTPAPI/2.0"
        ],
        "x-ms-ratelimit-remaining-subscription-reads": [
          "11999"
        ],
        "x-ms-correlation-request-id": [
          "57481c7d-2645-4622-af35-d30593fca6b1"
        ],
        "x-ms-routing-request-id": [
          "SOUTHEASTASIA:20210705T110633Z:57481c7d-2645-4622-af35-d30593fca6b1"
        ],
        "X-Content-Type-Options": [
          "nosniff"
        ],
        "Date": [
          "Mon, 05 Jul 2021 11:06:33 GMT"
        ],
        "Content-Length": [
          "22"
        ],
        "Content-Type": [
          "application/json"
        ],
        "Expires": [
          "-1"
        ]
      },
      "ResponseBody": "{\r\n  \"nameAvailable\": true\r\n}",
      "StatusCode": 200
    },
    {
      "RequestUri": "/subscriptions/45b60d85-fd72-427a-a708-f994d26e593e/resourceGroups/pstestrg1533/providers/Microsoft.Storage/storageAccounts/stopstestrg1533?api-version=2021-04-01",
      "EncodedRequestUri": "L3N1YnNjcmlwdGlvbnMvNDViNjBkODUtZmQ3Mi00MjdhLWE3MDgtZjk5NGQyNmU1OTNlL3Jlc291cmNlR3JvdXBzL3BzdGVzdHJnMTUzMy9wcm92aWRlcnMvTWljcm9zb2Z0LlN0b3JhZ2Uvc3RvcmFnZUFjY291bnRzL3N0b3BzdGVzdHJnMTUzMz9hcGktdmVyc2lvbj0yMDIxLTA0LTAx",
      "RequestMethod": "PUT",
      "RequestBody": "{\r\n  \"sku\": {\r\n    \"name\": \"Standard_GRS\"\r\n  },\r\n  \"kind\": \"StorageV2\",\r\n  \"location\": \"eastus2euap\"\r\n}",
      "RequestHeaders": {
        "x-ms-client-request-id": [
          "f30e23cc-3050-4200-bcb0-560476476cca"
        ],
        "Accept-Language": [
          "en-US"
        ],
        "User-Agent": [
          "FxVersion/4.6.30015.01",
          "OSName/Windows",
          "OSVersion/Microsoft.Windows.10.0.19043.",
          "Microsoft.Azure.Management.Storage.StorageManagementClient/22.0.0.0"
        ],
        "Content-Type": [
          "application/json; charset=utf-8"
        ],
        "Content-Length": [
          "103"
        ]
      },
      "ResponseHeaders": {
        "Cache-Control": [
          "no-cache"
        ],
        "Pragma": [
          "no-cache"
        ],
        "Location": [
          "https://management.azure.com/subscriptions/45b60d85-fd72-427a-a708-f994d26e593e/providers/Microsoft.Storage/locations/eastus2euap/asyncoperations/87b03d9e-a1d2-488b-872c-bb4412d111a6?monitor=true&api-version=2021-04-01"
        ],
        "Retry-After": [
          "17"
        ],
        "x-ms-request-id": [
          "87b03d9e-a1d2-488b-872c-bb4412d111a6"
        ],
        "Strict-Transport-Security": [
          "max-age=31536000; includeSubDomains"
        ],
        "Server": [
          "Microsoft-Azure-Storage-Resource-Provider/1.0,Microsoft-HTTPAPI/2.0 Microsoft-HTTPAPI/2.0"
        ],
        "x-ms-ratelimit-remaining-subscription-writes": [
          "1199"
        ],
        "x-ms-correlation-request-id": [
          "d29961b7-0d0f-4088-936f-50686bd887bc"
        ],
        "x-ms-routing-request-id": [
          "SOUTHEASTASIA:20210705T110645Z:d29961b7-0d0f-4088-936f-50686bd887bc"
        ],
        "X-Content-Type-Options": [
          "nosniff"
        ],
        "Date": [
          "Mon, 05 Jul 2021 11:06:45 GMT"
        ],
        "Content-Type": [
          "text/plain; charset=utf-8"
        ],
        "Expires": [
          "-1"
        ],
        "Content-Length": [
          "0"
        ]
      },
      "ResponseBody": "",
      "StatusCode": 202
    },
    {
      "RequestUri": "/subscriptions/45b60d85-fd72-427a-a708-f994d26e593e/providers/Microsoft.Storage/locations/eastus2euap/asyncoperations/87b03d9e-a1d2-488b-872c-bb4412d111a6?monitor=true&api-version=2021-04-01",
      "EncodedRequestUri": "L3N1YnNjcmlwdGlvbnMvNDViNjBkODUtZmQ3Mi00MjdhLWE3MDgtZjk5NGQyNmU1OTNlL3Byb3ZpZGVycy9NaWNyb3NvZnQuU3RvcmFnZS9sb2NhdGlvbnMvZWFzdHVzMmV1YXAvYXN5bmNvcGVyYXRpb25zLzg3YjAzZDllLWExZDItNDg4Yi04NzJjLWJiNDQxMmQxMTFhNj9tb25pdG9yPXRydWUmYXBpLXZlcnNpb249MjAyMS0wNC0wMQ==",
      "RequestMethod": "GET",
      "RequestBody": "",
      "RequestHeaders": {
        "x-ms-client-request-id": [
          "f30e23cc-3050-4200-bcb0-560476476cca"
        ],
        "User-Agent": [
          "FxVersion/4.6.30015.01",
          "OSName/Windows",
          "OSVersion/Microsoft.Windows.10.0.19043.",
          "Microsoft.Azure.Management.Storage.StorageManagementClient/22.0.0.0"
        ]
      },
      "ResponseHeaders": {
        "Cache-Control": [
          "no-cache"
        ],
        "Pragma": [
          "no-cache"
        ],
        "x-ms-request-id": [
          "9db5576b-4954-4b30-917d-fc8be5950e0d"
        ],
        "Strict-Transport-Security": [
          "max-age=31536000; includeSubDomains"
        ],
        "Server": [
          "Microsoft-Azure-Storage-Resource-Provider/1.0,Microsoft-HTTPAPI/2.0 Microsoft-HTTPAPI/2.0"
        ],
        "x-ms-ratelimit-remaining-subscription-reads": [
          "11998"
        ],
        "x-ms-correlation-request-id": [
          "880c96ea-d1b5-4b33-974c-2c457e4b88f1"
        ],
        "x-ms-routing-request-id": [
          "SOUTHEASTASIA:20210705T110702Z:880c96ea-d1b5-4b33-974c-2c457e4b88f1"
        ],
        "X-Content-Type-Options": [
          "nosniff"
        ],
        "Date": [
          "Mon, 05 Jul 2021 11:07:02 GMT"
        ],
        "Content-Length": [
          "1429"
        ],
        "Content-Type": [
          "application/json"
        ],
        "Expires": [
          "-1"
        ]
      },
      "ResponseBody": "{\r\n  \"sku\": {\r\n    \"name\": \"Standard_GRS\",\r\n    \"tier\": \"Standard\"\r\n  },\r\n  \"kind\": \"StorageV2\",\r\n  \"id\": \"/subscriptions/45b60d85-fd72-427a-a708-f994d26e593e/resourceGroups/pstestrg1533/providers/Microsoft.Storage/storageAccounts/stopstestrg1533\",\r\n  \"name\": \"stopstestrg1533\",\r\n  \"type\": \"Microsoft.Storage/storageAccounts\",\r\n  \"location\": \"eastus2euap\",\r\n  \"tags\": {},\r\n  \"properties\": {\r\n    \"keyCreationTime\": {\r\n      \"key1\": \"2021-07-05T11:06:43.7702813Z\",\r\n      \"key2\": \"2021-07-05T11:06:43.7702813Z\"\r\n    },\r\n    \"privateEndpointConnections\": [],\r\n    \"networkAcls\": {\r\n      \"bypass\": \"AzureServices\",\r\n      \"virtualNetworkRules\": [],\r\n      \"ipRules\": [],\r\n      \"defaultAction\": \"Allow\"\r\n    },\r\n    \"supportsHttpsTrafficOnly\": true,\r\n    \"encryption\": {\r\n      \"services\": {\r\n        \"file\": {\r\n          \"keyType\": \"Account\",\r\n          \"enabled\": true,\r\n          \"lastEnabledTime\": \"2021-07-05T11:06:43.7859159Z\"\r\n        },\r\n        \"blob\": {\r\n          \"keyType\": \"Account\",\r\n          \"enabled\": true,\r\n          \"lastEnabledTime\": \"2021-07-05T11:06:43.7859159Z\"\r\n        }\r\n      },\r\n      \"keySource\": \"Microsoft.Storage\"\r\n    },\r\n    \"accessTier\": \"Hot\",\r\n    \"provisioningState\": \"Succeeded\",\r\n    \"creationTime\": \"2021-07-05T11:06:43.6764878Z\",\r\n    \"primaryEndpoints\": {\r\n      \"dfs\": \"https://stopstestrg1533.dfs.core.windows.net/\",\r\n      \"web\": \"https://stopstestrg1533.z3.web.core.windows.net/\",\r\n      \"blob\": \"https://stopstestrg1533.blob.core.windows.net/\",\r\n      \"queue\": \"https://stopstestrg1533.queue.core.windows.net/\",\r\n      \"table\": \"https://stopstestrg1533.table.core.windows.net/\",\r\n      \"file\": \"https://stopstestrg1533.file.core.windows.net/\"\r\n    },\r\n    \"primaryLocation\": \"eastus2euap\",\r\n    \"statusOfPrimary\": \"available\",\r\n    \"secondaryLocation\": \"centraluseuap\",\r\n    \"statusOfSecondary\": \"available\"\r\n  }\r\n}",
      "StatusCode": 200
    },
    {
      "RequestUri": "/subscriptions/45b60d85-fd72-427a-a708-f994d26e593e/resourceGroups/pstestrg1533/providers/Microsoft.Storage/storageAccounts/stopstestrg1533?api-version=2021-04-01",
      "EncodedRequestUri": "L3N1YnNjcmlwdGlvbnMvNDViNjBkODUtZmQ3Mi00MjdhLWE3MDgtZjk5NGQyNmU1OTNlL3Jlc291cmNlR3JvdXBzL3BzdGVzdHJnMTUzMy9wcm92aWRlcnMvTWljcm9zb2Z0LlN0b3JhZ2Uvc3RvcmFnZUFjY291bnRzL3N0b3BzdGVzdHJnMTUzMz9hcGktdmVyc2lvbj0yMDIxLTA0LTAx",
      "RequestMethod": "GET",
      "RequestBody": "",
      "RequestHeaders": {
        "x-ms-client-request-id": [
          "f30e23cc-3050-4200-bcb0-560476476cca"
        ],
        "Accept-Language": [
          "en-US"
        ],
        "User-Agent": [
          "FxVersion/4.6.30015.01",
          "OSName/Windows",
          "OSVersion/Microsoft.Windows.10.0.19043.",
          "Microsoft.Azure.Management.Storage.StorageManagementClient/22.0.0.0"
        ]
      },
      "ResponseHeaders": {
        "Cache-Control": [
          "no-cache"
        ],
        "Pragma": [
          "no-cache"
        ],
        "x-ms-request-id": [
          "06905ad3-e58a-442e-b668-9e78448217ef"
        ],
        "Strict-Transport-Security": [
          "max-age=31536000; includeSubDomains"
        ],
        "Server": [
          "Microsoft-Azure-Storage-Resource-Provider/1.0,Microsoft-HTTPAPI/2.0 Microsoft-HTTPAPI/2.0"
        ],
        "x-ms-ratelimit-remaining-subscription-reads": [
          "11997"
        ],
        "x-ms-correlation-request-id": [
          "094cdcc7-95c3-4dda-a051-1175d07507dd"
        ],
        "x-ms-routing-request-id": [
          "SOUTHEASTASIA:20210705T110703Z:094cdcc7-95c3-4dda-a051-1175d07507dd"
        ],
        "X-Content-Type-Options": [
          "nosniff"
        ],
        "Date": [
          "Mon, 05 Jul 2021 11:07:02 GMT"
        ],
        "Content-Length": [
          "1429"
        ],
        "Content-Type": [
          "application/json"
        ],
        "Expires": [
          "-1"
        ]
      },
      "ResponseBody": "{\r\n  \"sku\": {\r\n    \"name\": \"Standard_GRS\",\r\n    \"tier\": \"Standard\"\r\n  },\r\n  \"kind\": \"StorageV2\",\r\n  \"id\": \"/subscriptions/45b60d85-fd72-427a-a708-f994d26e593e/resourceGroups/pstestrg1533/providers/Microsoft.Storage/storageAccounts/stopstestrg1533\",\r\n  \"name\": \"stopstestrg1533\",\r\n  \"type\": \"Microsoft.Storage/storageAccounts\",\r\n  \"location\": \"eastus2euap\",\r\n  \"tags\": {},\r\n  \"properties\": {\r\n    \"keyCreationTime\": {\r\n      \"key1\": \"2021-07-05T11:06:43.7702813Z\",\r\n      \"key2\": \"2021-07-05T11:06:43.7702813Z\"\r\n    },\r\n    \"privateEndpointConnections\": [],\r\n    \"networkAcls\": {\r\n      \"bypass\": \"AzureServices\",\r\n      \"virtualNetworkRules\": [],\r\n      \"ipRules\": [],\r\n      \"defaultAction\": \"Allow\"\r\n    },\r\n    \"supportsHttpsTrafficOnly\": true,\r\n    \"encryption\": {\r\n      \"services\": {\r\n        \"file\": {\r\n          \"keyType\": \"Account\",\r\n          \"enabled\": true,\r\n          \"lastEnabledTime\": \"2021-07-05T11:06:43.7859159Z\"\r\n        },\r\n        \"blob\": {\r\n          \"keyType\": \"Account\",\r\n          \"enabled\": true,\r\n          \"lastEnabledTime\": \"2021-07-05T11:06:43.7859159Z\"\r\n        }\r\n      },\r\n      \"keySource\": \"Microsoft.Storage\"\r\n    },\r\n    \"accessTier\": \"Hot\",\r\n    \"provisioningState\": \"Succeeded\",\r\n    \"creationTime\": \"2021-07-05T11:06:43.6764878Z\",\r\n    \"primaryEndpoints\": {\r\n      \"dfs\": \"https://stopstestrg1533.dfs.core.windows.net/\",\r\n      \"web\": \"https://stopstestrg1533.z3.web.core.windows.net/\",\r\n      \"blob\": \"https://stopstestrg1533.blob.core.windows.net/\",\r\n      \"queue\": \"https://stopstestrg1533.queue.core.windows.net/\",\r\n      \"table\": \"https://stopstestrg1533.table.core.windows.net/\",\r\n      \"file\": \"https://stopstestrg1533.file.core.windows.net/\"\r\n    },\r\n    \"primaryLocation\": \"eastus2euap\",\r\n    \"statusOfPrimary\": \"available\",\r\n    \"secondaryLocation\": \"centraluseuap\",\r\n    \"statusOfSecondary\": \"available\"\r\n  }\r\n}",
      "StatusCode": 200
    },
    {
      "RequestUri": "/subscriptions/45b60d85-fd72-427a-a708-f994d26e593e/resourceGroups/pstestrg1533/providers/Microsoft.Storage/storageAccounts?api-version=2021-04-01",
      "EncodedRequestUri": "L3N1YnNjcmlwdGlvbnMvNDViNjBkODUtZmQ3Mi00MjdhLWE3MDgtZjk5NGQyNmU1OTNlL3Jlc291cmNlR3JvdXBzL3BzdGVzdHJnMTUzMy9wcm92aWRlcnMvTWljcm9zb2Z0LlN0b3JhZ2Uvc3RvcmFnZUFjY291bnRzP2FwaS12ZXJzaW9uPTIwMjEtMDQtMDE=",
      "RequestMethod": "GET",
      "RequestBody": "",
      "RequestHeaders": {
        "x-ms-client-request-id": [
          "60eb0145-5469-48cd-aedb-b000c1693f1c"
        ],
        "Accept-Language": [
          "en-US"
        ],
        "User-Agent": [
          "FxVersion/4.6.30015.01",
          "OSName/Windows",
          "OSVersion/Microsoft.Windows.10.0.19043.",
          "Microsoft.Azure.Management.Storage.StorageManagementClient/22.0.0.0"
        ]
      },
      "ResponseHeaders": {
        "Cache-Control": [
          "no-cache"
        ],
        "Pragma": [
          "no-cache"
        ],
        "x-ms-request-id": [
          "d1314982-0a41-4f2b-aed0-4f7812f1e1a0"
        ],
        "Strict-Transport-Security": [
          "max-age=31536000; includeSubDomains"
        ],
        "Server": [
          "Microsoft-Azure-Storage-Resource-Provider/1.0,Microsoft-HTTPAPI/2.0 Microsoft-HTTPAPI/2.0"
        ],
        "x-ms-ratelimit-remaining-subscription-reads": [
          "11996"
        ],
        "x-ms-correlation-request-id": [
          "8d1d2f58-acd6-40aa-9930-546f7946ec1a"
        ],
        "x-ms-routing-request-id": [
          "SOUTHEASTASIA:20210705T110703Z:8d1d2f58-acd6-40aa-9930-546f7946ec1a"
        ],
        "X-Content-Type-Options": [
          "nosniff"
        ],
        "Date": [
          "Mon, 05 Jul 2021 11:07:03 GMT"
        ],
        "Content-Length": [
          "1441"
        ],
        "Content-Type": [
          "application/json"
        ],
        "Expires": [
          "-1"
        ]
      },
      "ResponseBody": "{\r\n  \"value\": [\r\n    {\r\n      \"sku\": {\r\n        \"name\": \"Standard_GRS\",\r\n        \"tier\": \"Standard\"\r\n      },\r\n      \"kind\": \"StorageV2\",\r\n      \"id\": \"/subscriptions/45b60d85-fd72-427a-a708-f994d26e593e/resourceGroups/pstestrg1533/providers/Microsoft.Storage/storageAccounts/stopstestrg1533\",\r\n      \"name\": \"stopstestrg1533\",\r\n      \"type\": \"Microsoft.Storage/storageAccounts\",\r\n      \"location\": \"eastus2euap\",\r\n      \"tags\": {},\r\n      \"properties\": {\r\n        \"keyCreationTime\": {\r\n          \"key1\": \"2021-07-05T11:06:43.7702813Z\",\r\n          \"key2\": \"2021-07-05T11:06:43.7702813Z\"\r\n        },\r\n        \"privateEndpointConnections\": [],\r\n        \"networkAcls\": {\r\n          \"bypass\": \"AzureServices\",\r\n          \"virtualNetworkRules\": [],\r\n          \"ipRules\": [],\r\n          \"defaultAction\": \"Allow\"\r\n        },\r\n        \"supportsHttpsTrafficOnly\": true,\r\n        \"encryption\": {\r\n          \"services\": {\r\n            \"file\": {\r\n              \"keyType\": \"Account\",\r\n              \"enabled\": true,\r\n              \"lastEnabledTime\": \"2021-07-05T11:06:43.7859159Z\"\r\n            },\r\n            \"blob\": {\r\n              \"keyType\": \"Account\",\r\n              \"enabled\": true,\r\n              \"lastEnabledTime\": \"2021-07-05T11:06:43.7859159Z\"\r\n            }\r\n          },\r\n          \"keySource\": \"Microsoft.Storage\"\r\n        },\r\n        \"accessTier\": \"Hot\",\r\n        \"provisioningState\": \"Succeeded\",\r\n        \"creationTime\": \"2021-07-05T11:06:43.6764878Z\",\r\n        \"primaryEndpoints\": {\r\n          \"dfs\": \"https://stopstestrg1533.dfs.core.windows.net/\",\r\n          \"web\": \"https://stopstestrg1533.z3.web.core.windows.net/\",\r\n          \"blob\": \"https://stopstestrg1533.blob.core.windows.net/\",\r\n          \"queue\": \"https://stopstestrg1533.queue.core.windows.net/\",\r\n          \"table\": \"https://stopstestrg1533.table.core.windows.net/\",\r\n          \"file\": \"https://stopstestrg1533.file.core.windows.net/\"\r\n        },\r\n        \"primaryLocation\": \"eastus2euap\",\r\n        \"statusOfPrimary\": \"available\",\r\n        \"secondaryLocation\": \"centraluseuap\",\r\n        \"statusOfSecondary\": \"available\"\r\n      }\r\n    }\r\n  ]\r\n}",
      "StatusCode": 200
    },
    {
      "RequestUri": "/subscriptions/45b60d85-fd72-427a-a708-f994d26e593e/resourceGroups/pstestrg1533/providers/Microsoft.Storage/storageAccounts/stopstestrg1533/blobServices/default/containers/containerpstestrg1533?api-version=2021-04-01",
      "EncodedRequestUri": "L3N1YnNjcmlwdGlvbnMvNDViNjBkODUtZmQ3Mi00MjdhLWE3MDgtZjk5NGQyNmU1OTNlL3Jlc291cmNlR3JvdXBzL3BzdGVzdHJnMTUzMy9wcm92aWRlcnMvTWljcm9zb2Z0LlN0b3JhZ2Uvc3RvcmFnZUFjY291bnRzL3N0b3BzdGVzdHJnMTUzMy9ibG9iU2VydmljZXMvZGVmYXVsdC9jb250YWluZXJzL2NvbnRhaW5lcnBzdGVzdHJnMTUzMz9hcGktdmVyc2lvbj0yMDIxLTA0LTAx",
      "RequestMethod": "PUT",
      "RequestBody": "{}",
      "RequestHeaders": {
        "x-ms-client-request-id": [
          "ac37529b-ae15-4903-9d1c-054400163153"
        ],
        "Accept-Language": [
          "en-US"
        ],
        "User-Agent": [
          "FxVersion/4.6.30015.01",
          "OSName/Windows",
          "OSVersion/Microsoft.Windows.10.0.19043.",
          "Microsoft.Azure.Management.Storage.StorageManagementClient/22.0.0.0"
        ],
        "Content-Type": [
          "application/json; charset=utf-8"
        ],
        "Content-Length": [
          "2"
        ]
      },
      "ResponseHeaders": {
        "Cache-Control": [
          "no-cache"
        ],
        "Pragma": [
          "no-cache"
        ],
        "ETag": [
          "\"0x8D93FA50565669A\""
        ],
        "x-ms-request-id": [
          "7f6fc98c-88bb-481a-9365-14b72cec93d7"
        ],
        "Strict-Transport-Security": [
          "max-age=31536000; includeSubDomains"
        ],
        "Server": [
          "Microsoft-Azure-Storage-Resource-Provider/1.0,Microsoft-HTTPAPI/2.0 Microsoft-HTTPAPI/2.0"
        ],
        "x-ms-ratelimit-remaining-subscription-writes": [
          "1198"
        ],
        "x-ms-correlation-request-id": [
          "3f6c3496-ca2a-4dca-8fb7-41586c2b65e1"
        ],
        "x-ms-routing-request-id": [
          "SOUTHEASTASIA:20210705T110704Z:3f6c3496-ca2a-4dca-8fb7-41586c2b65e1"
        ],
        "X-Content-Type-Options": [
          "nosniff"
        ],
        "Date": [
          "Mon, 05 Jul 2021 11:07:03 GMT"
        ],
        "Content-Length": [
          "300"
        ],
        "Content-Type": [
          "application/json"
        ],
        "Expires": [
          "-1"
        ]
      },
      "ResponseBody": "{\r\n  \"id\": \"/subscriptions/45b60d85-fd72-427a-a708-f994d26e593e/resourceGroups/pstestrg1533/providers/Microsoft.Storage/storageAccounts/stopstestrg1533/blobServices/default/containers/containerpstestrg1533\",\r\n  \"name\": \"containerpstestrg1533\",\r\n  \"type\": \"Microsoft.Storage/storageAccounts/blobServices/containers\"\r\n}",
      "StatusCode": 201
    },
    {
      "RequestUri": "/subscriptions/45b60d85-fd72-427a-a708-f994d26e593e/resourceGroups/pstestrg1533/providers/Microsoft.Storage/storageAccounts/stopstestrg1533/blobServices/default/containers/containerpstestrg1533?api-version=2021-04-01",
      "EncodedRequestUri": "L3N1YnNjcmlwdGlvbnMvNDViNjBkODUtZmQ3Mi00MjdhLWE3MDgtZjk5NGQyNmU1OTNlL3Jlc291cmNlR3JvdXBzL3BzdGVzdHJnMTUzMy9wcm92aWRlcnMvTWljcm9zb2Z0LlN0b3JhZ2Uvc3RvcmFnZUFjY291bnRzL3N0b3BzdGVzdHJnMTUzMy9ibG9iU2VydmljZXMvZGVmYXVsdC9jb250YWluZXJzL2NvbnRhaW5lcnBzdGVzdHJnMTUzMz9hcGktdmVyc2lvbj0yMDIxLTA0LTAx",
      "RequestMethod": "GET",
      "RequestBody": "",
      "RequestHeaders": {
        "x-ms-client-request-id": [
          "ac37529b-ae15-4903-9d1c-054400163153"
        ],
        "Accept-Language": [
          "en-US"
        ],
        "User-Agent": [
          "FxVersion/4.6.30015.01",
          "OSName/Windows",
          "OSVersion/Microsoft.Windows.10.0.19043.",
          "Microsoft.Azure.Management.Storage.StorageManagementClient/22.0.0.0"
        ]
      },
      "ResponseHeaders": {
        "Cache-Control": [
          "no-cache"
        ],
        "Pragma": [
          "no-cache"
        ],
        "ETag": [
          "\"0x8D93FA50565669A\""
        ],
        "x-ms-request-id": [
          "e577f3bf-4d8c-4b58-bc95-aa53549113da"
        ],
        "Strict-Transport-Security": [
          "max-age=31536000; includeSubDomains"
        ],
        "Server": [
          "Microsoft-Azure-Storage-Resource-Provider/1.0,Microsoft-HTTPAPI/2.0 Microsoft-HTTPAPI/2.0"
        ],
        "x-ms-ratelimit-remaining-subscription-reads": [
          "11995"
        ],
        "x-ms-correlation-request-id": [
          "0b5d532a-e1fc-4c4d-ace0-fe1302ec3239"
        ],
        "x-ms-routing-request-id": [
          "SOUTHEASTASIA:20210705T110704Z:0b5d532a-e1fc-4c4d-ace0-fe1302ec3239"
        ],
        "X-Content-Type-Options": [
          "nosniff"
        ],
        "Date": [
          "Mon, 05 Jul 2021 11:07:04 GMT"
        ],
        "Content-Length": [
          "694"
        ],
        "Content-Type": [
          "application/json"
        ],
        "Expires": [
          "-1"
        ]
      },
      "ResponseBody": "{\r\n  \"id\": \"/subscriptions/45b60d85-fd72-427a-a708-f994d26e593e/resourceGroups/pstestrg1533/providers/Microsoft.Storage/storageAccounts/stopstestrg1533/blobServices/default/containers/containerpstestrg1533\",\r\n  \"name\": \"containerpstestrg1533\",\r\n  \"type\": \"Microsoft.Storage/storageAccounts/blobServices/containers\",\r\n  \"etag\": \"\\\"0x8D93FA50565669A\\\"\",\r\n  \"properties\": {\r\n    \"deleted\": false,\r\n    \"remainingRetentionDays\": 0,\r\n    \"defaultEncryptionScope\": \"$account-encryption-key\",\r\n    \"denyEncryptionScopeOverride\": false,\r\n    \"publicAccess\": \"None\",\r\n    \"leaseStatus\": \"Unlocked\",\r\n    \"leaseState\": \"Available\",\r\n    \"lastModifiedTime\": \"2021-07-05T11:07:04Z\",\r\n    \"legalHold\": {\r\n      \"hasLegalHold\": false,\r\n      \"tags\": []\r\n    },\r\n    \"hasImmutabilityPolicy\": false,\r\n    \"hasLegalHold\": false\r\n  }\r\n}",
      "StatusCode": 200
    },
    {
      "RequestUri": "/subscriptions/45b60d85-fd72-427a-a708-f994d26e593e/resourceGroups/pstestrg1533/providers/Microsoft.Storage/storageAccounts/stopstestrg1533/blobServices/default/containers/containerpstestrg1533?api-version=2021-04-01",
      "EncodedRequestUri": "L3N1YnNjcmlwdGlvbnMvNDViNjBkODUtZmQ3Mi00MjdhLWE3MDgtZjk5NGQyNmU1OTNlL3Jlc291cmNlR3JvdXBzL3BzdGVzdHJnMTUzMy9wcm92aWRlcnMvTWljcm9zb2Z0LlN0b3JhZ2Uvc3RvcmFnZUFjY291bnRzL3N0b3BzdGVzdHJnMTUzMy9ibG9iU2VydmljZXMvZGVmYXVsdC9jb250YWluZXJzL2NvbnRhaW5lcnBzdGVzdHJnMTUzMz9hcGktdmVyc2lvbj0yMDIxLTA0LTAx",
      "RequestMethod": "GET",
      "RequestBody": "",
      "RequestHeaders": {
        "x-ms-client-request-id": [
          "9ec31b3d-cc4e-4da7-95d8-353d46c42e41"
        ],
        "Accept-Language": [
          "en-US"
        ],
        "User-Agent": [
          "FxVersion/4.6.30015.01",
          "OSName/Windows",
          "OSVersion/Microsoft.Windows.10.0.19043.",
          "Microsoft.Azure.Management.Storage.StorageManagementClient/22.0.0.0"
        ]
      },
      "ResponseHeaders": {
        "Cache-Control": [
          "no-cache"
        ],
        "Pragma": [
          "no-cache"
        ],
        "ETag": [
          "\"0x8D93FA50565669A\""
        ],
        "x-ms-request-id": [
          "31c7eb51-9c59-4c10-a35c-bfafe0dd15a9"
        ],
        "Strict-Transport-Security": [
          "max-age=31536000; includeSubDomains"
        ],
        "Server": [
          "Microsoft-Azure-Storage-Resource-Provider/1.0,Microsoft-HTTPAPI/2.0 Microsoft-HTTPAPI/2.0"
        ],
        "x-ms-ratelimit-remaining-subscription-reads": [
          "11994"
        ],
        "x-ms-correlation-request-id": [
          "30b6f5a1-2a4c-4003-811d-ed568c26b4c2"
        ],
        "x-ms-routing-request-id": [
          "SOUTHEASTASIA:20210705T110705Z:30b6f5a1-2a4c-4003-811d-ed568c26b4c2"
        ],
        "X-Content-Type-Options": [
          "nosniff"
        ],
        "Date": [
          "Mon, 05 Jul 2021 11:07:04 GMT"
        ],
        "Content-Length": [
          "694"
        ],
        "Content-Type": [
          "application/json"
        ],
        "Expires": [
          "-1"
        ]
      },
      "ResponseBody": "{\r\n  \"id\": \"/subscriptions/45b60d85-fd72-427a-a708-f994d26e593e/resourceGroups/pstestrg1533/providers/Microsoft.Storage/storageAccounts/stopstestrg1533/blobServices/default/containers/containerpstestrg1533\",\r\n  \"name\": \"containerpstestrg1533\",\r\n  \"type\": \"Microsoft.Storage/storageAccounts/blobServices/containers\",\r\n  \"etag\": \"\\\"0x8D93FA50565669A\\\"\",\r\n  \"properties\": {\r\n    \"deleted\": false,\r\n    \"remainingRetentionDays\": 0,\r\n    \"defaultEncryptionScope\": \"$account-encryption-key\",\r\n    \"denyEncryptionScopeOverride\": false,\r\n    \"publicAccess\": \"None\",\r\n    \"leaseStatus\": \"Unlocked\",\r\n    \"leaseState\": \"Available\",\r\n    \"lastModifiedTime\": \"2021-07-05T11:07:04Z\",\r\n    \"legalHold\": {\r\n      \"hasLegalHold\": false,\r\n      \"tags\": []\r\n    },\r\n    \"hasImmutabilityPolicy\": false,\r\n    \"hasLegalHold\": false\r\n  }\r\n}",
      "StatusCode": 200
    },
    {
      "RequestUri": "/subscriptions/45b60d85-fd72-427a-a708-f994d26e593e/resourceGroups/pstestrg1533/providers/Microsoft.Storage/storageAccounts/stopstestrg1533/blobServices/default/containers/containerpstestrg1533?api-version=2021-04-01",
      "EncodedRequestUri": "L3N1YnNjcmlwdGlvbnMvNDViNjBkODUtZmQ3Mi00MjdhLWE3MDgtZjk5NGQyNmU1OTNlL3Jlc291cmNlR3JvdXBzL3BzdGVzdHJnMTUzMy9wcm92aWRlcnMvTWljcm9zb2Z0LlN0b3JhZ2Uvc3RvcmFnZUFjY291bnRzL3N0b3BzdGVzdHJnMTUzMy9ibG9iU2VydmljZXMvZGVmYXVsdC9jb250YWluZXJzL2NvbnRhaW5lcnBzdGVzdHJnMTUzMz9hcGktdmVyc2lvbj0yMDIxLTA0LTAx",
      "RequestMethod": "GET",
      "RequestBody": "",
      "RequestHeaders": {
        "x-ms-client-request-id": [
          "4585ac39-4562-4ef4-aaa3-39a30fec1b45"
        ],
        "Accept-Language": [
          "en-US"
        ],
        "User-Agent": [
          "FxVersion/4.6.30015.01",
          "OSName/Windows",
          "OSVersion/Microsoft.Windows.10.0.19043.",
          "Microsoft.Azure.Management.Storage.StorageManagementClient/22.0.0.0"
        ]
      },
      "ResponseHeaders": {
        "Cache-Control": [
          "no-cache"
        ],
        "Pragma": [
          "no-cache"
        ],
        "ETag": [
          "\"0x8D93FA5064370F2\""
        ],
        "x-ms-request-id": [
          "f3780595-27cc-4e8a-bddb-c834ab201314"
        ],
        "Strict-Transport-Security": [
          "max-age=31536000; includeSubDomains"
        ],
        "Server": [
          "Microsoft-Azure-Storage-Resource-Provider/1.0,Microsoft-HTTPAPI/2.0 Microsoft-HTTPAPI/2.0"
        ],
        "x-ms-ratelimit-remaining-subscription-reads": [
          "11993"
        ],
        "x-ms-correlation-request-id": [
          "f321e93c-54c7-4317-96dd-ab8da56df733"
        ],
        "x-ms-routing-request-id": [
          "SOUTHEASTASIA:20210705T110706Z:f321e93c-54c7-4317-96dd-ab8da56df733"
        ],
        "X-Content-Type-Options": [
          "nosniff"
        ],
        "Date": [
          "Mon, 05 Jul 2021 11:07:05 GMT"
        ],
        "Content-Length": [
          "723"
        ],
        "Content-Type": [
          "application/json"
        ],
        "Expires": [
          "-1"
        ]
      },
      "ResponseBody": "{\r\n  \"id\": \"/subscriptions/45b60d85-fd72-427a-a708-f994d26e593e/resourceGroups/pstestrg1533/providers/Microsoft.Storage/storageAccounts/stopstestrg1533/blobServices/default/containers/containerpstestrg1533\",\r\n  \"name\": \"containerpstestrg1533\",\r\n  \"type\": \"Microsoft.Storage/storageAccounts/blobServices/containers\",\r\n  \"etag\": \"\\\"0x8D93FA5064370F2\\\"\",\r\n  \"properties\": {\r\n    \"deleted\": false,\r\n    \"remainingRetentionDays\": 0,\r\n    \"defaultEncryptionScope\": \"$account-encryption-key\",\r\n    \"denyEncryptionScopeOverride\": false,\r\n    \"metadata\": {\r\n      \"tag0\": \"value0\"\r\n    },\r\n    \"publicAccess\": \"Blob\",\r\n    \"leaseStatus\": \"Unlocked\",\r\n    \"leaseState\": \"Available\",\r\n    \"lastModifiedTime\": \"2021-07-05T11:07:05Z\",\r\n    \"legalHold\": {\r\n      \"hasLegalHold\": false,\r\n      \"tags\": []\r\n    },\r\n    \"hasImmutabilityPolicy\": false,\r\n    \"hasLegalHold\": false\r\n  }\r\n}",
      "StatusCode": 200
    },
    {
      "RequestUri": "/subscriptions/45b60d85-fd72-427a-a708-f994d26e593e/resourceGroups/pstestrg1533/providers/Microsoft.Storage/storageAccounts/stopstestrg1533/blobServices/default/containers/containerpstestrg1533?api-version=2021-04-01",
      "EncodedRequestUri": "L3N1YnNjcmlwdGlvbnMvNDViNjBkODUtZmQ3Mi00MjdhLWE3MDgtZjk5NGQyNmU1OTNlL3Jlc291cmNlR3JvdXBzL3BzdGVzdHJnMTUzMy9wcm92aWRlcnMvTWljcm9zb2Z0LlN0b3JhZ2Uvc3RvcmFnZUFjY291bnRzL3N0b3BzdGVzdHJnMTUzMy9ibG9iU2VydmljZXMvZGVmYXVsdC9jb250YWluZXJzL2NvbnRhaW5lcnBzdGVzdHJnMTUzMz9hcGktdmVyc2lvbj0yMDIxLTA0LTAx",
      "RequestMethod": "PATCH",
      "RequestBody": "{\r\n  \"properties\": {\r\n    \"publicAccess\": \"Blob\",\r\n    \"metadata\": {\r\n      \"tag0\": \"value0\"\r\n    }\r\n  }\r\n}",
      "RequestHeaders": {
        "x-ms-client-request-id": [
          "6f86f82d-31b3-4fda-b148-5034a02120f3"
        ],
        "Accept-Language": [
          "en-US"
        ],
        "User-Agent": [
          "FxVersion/4.6.30015.01",
          "OSName/Windows",
          "OSVersion/Microsoft.Windows.10.0.19043.",
          "Microsoft.Azure.Management.Storage.StorageManagementClient/22.0.0.0"
        ],
        "Content-Type": [
          "application/json; charset=utf-8"
        ],
        "Content-Length": [
          "107"
        ]
      },
      "ResponseHeaders": {
        "Cache-Control": [
          "no-cache"
        ],
        "Pragma": [
          "no-cache"
        ],
        "ETag": [
          "\"0x8D93FA5064370F2\""
        ],
        "x-ms-request-id": [
          "8bbcbba4-aebd-4d9e-9d3c-cab7588325c7"
        ],
        "Strict-Transport-Security": [
          "max-age=31536000; includeSubDomains"
        ],
        "Server": [
          "Microsoft-Azure-Storage-Resource-Provider/1.0,Microsoft-HTTPAPI/2.0 Microsoft-HTTPAPI/2.0"
        ],
        "x-ms-ratelimit-remaining-subscription-writes": [
          "1197"
        ],
        "x-ms-correlation-request-id": [
          "b637949f-ec5c-4b34-b0aa-008980be3883"
        ],
        "x-ms-routing-request-id": [
          "SOUTHEASTASIA:20210705T110705Z:b637949f-ec5c-4b34-b0aa-008980be3883"
        ],
        "X-Content-Type-Options": [
          "nosniff"
        ],
        "Date": [
          "Mon, 05 Jul 2021 11:07:05 GMT"
        ],
        "Content-Length": [
          "460"
        ],
        "Content-Type": [
          "application/json"
        ],
        "Expires": [
          "-1"
        ]
      },
      "ResponseBody": "{\r\n  \"id\": \"/subscriptions/45b60d85-fd72-427a-a708-f994d26e593e/resourceGroups/pstestrg1533/providers/Microsoft.Storage/storageAccounts/stopstestrg1533/blobServices/default/containers/containerpstestrg1533\",\r\n  \"name\": \"containerpstestrg1533\",\r\n  \"type\": \"Microsoft.Storage/storageAccounts/blobServices/containers\",\r\n  \"properties\": {\r\n    \"deleted\": false,\r\n    \"remainingRetentionDays\": 0,\r\n    \"metadata\": {\r\n      \"tag0\": \"value0\"\r\n    },\r\n    \"publicAccess\": \"Blob\",\r\n    \"hasImmutabilityPolicy\": false,\r\n    \"hasLegalHold\": false\r\n  }\r\n}",
      "StatusCode": 200
    },
    {
      "RequestUri": "/subscriptions/45b60d85-fd72-427a-a708-f994d26e593e/resourceGroups/pstestrg1533/providers/Microsoft.Storage/storageAccounts/stopstestrg1533/blobServices/default/containers/container2pstestrg1533?api-version=2021-04-01",
      "EncodedRequestUri": "L3N1YnNjcmlwdGlvbnMvNDViNjBkODUtZmQ3Mi00MjdhLWE3MDgtZjk5NGQyNmU1OTNlL3Jlc291cmNlR3JvdXBzL3BzdGVzdHJnMTUzMy9wcm92aWRlcnMvTWljcm9zb2Z0LlN0b3JhZ2Uvc3RvcmFnZUFjY291bnRzL3N0b3BzdGVzdHJnMTUzMy9ibG9iU2VydmljZXMvZGVmYXVsdC9jb250YWluZXJzL2NvbnRhaW5lcjJwc3Rlc3RyZzE1MzM/YXBpLXZlcnNpb249MjAyMS0wNC0wMQ==",
      "RequestMethod": "PUT",
      "RequestBody": "{\r\n  \"properties\": {\r\n    \"publicAccess\": \"Container\",\r\n    \"metadata\": {\r\n      \"tag1\": \"value1\",\r\n      \"tag0\": \"value0\"\r\n    }\r\n  }\r\n}",
      "RequestHeaders": {
        "x-ms-client-request-id": [
          "b6d6bf8c-6fc9-4646-a16e-22a46cde0af8"
        ],
        "Accept-Language": [
          "en-US"
        ],
        "User-Agent": [
          "FxVersion/4.6.30015.01",
          "OSName/Windows",
          "OSVersion/Microsoft.Windows.10.0.19043.",
          "Microsoft.Azure.Management.Storage.StorageManagementClient/22.0.0.0"
        ],
        "Content-Type": [
          "application/json; charset=utf-8"
        ],
        "Content-Length": [
          "137"
        ]
      },
      "ResponseHeaders": {
        "Cache-Control": [
          "no-cache"
        ],
        "Pragma": [
          "no-cache"
        ],
        "ETag": [
          "\"0x8D93FA506DBA2E6\""
        ],
        "x-ms-request-id": [
          "121cea78-b73b-47f7-91d4-7f5345429356"
        ],
        "Strict-Transport-Security": [
          "max-age=31536000; includeSubDomains"
        ],
        "Server": [
          "Microsoft-Azure-Storage-Resource-Provider/1.0,Microsoft-HTTPAPI/2.0 Microsoft-HTTPAPI/2.0"
        ],
        "x-ms-ratelimit-remaining-subscription-writes": [
          "1196"
        ],
        "x-ms-correlation-request-id": [
          "149dc419-1a85-48ba-b371-2704eeeb8fab"
        ],
        "x-ms-routing-request-id": [
          "SOUTHEASTASIA:20210705T110706Z:149dc419-1a85-48ba-b371-2704eeeb8fab"
        ],
        "X-Content-Type-Options": [
          "nosniff"
        ],
        "Date": [
          "Mon, 05 Jul 2021 11:07:06 GMT"
        ],
        "Content-Length": [
          "483"
        ],
        "Content-Type": [
          "application/json"
        ],
        "Expires": [
          "-1"
        ]
      },
      "ResponseBody": "{\r\n  \"id\": \"/subscriptions/45b60d85-fd72-427a-a708-f994d26e593e/resourceGroups/pstestrg1533/providers/Microsoft.Storage/storageAccounts/stopstestrg1533/blobServices/default/containers/container2pstestrg1533\",\r\n  \"name\": \"container2pstestrg1533\",\r\n  \"type\": \"Microsoft.Storage/storageAccounts/blobServices/containers\",\r\n  \"properties\": {\r\n    \"deleted\": false,\r\n    \"remainingRetentionDays\": 0,\r\n    \"metadata\": {\r\n      \"tag1\": \"value1\",\r\n      \"tag0\": \"value0\"\r\n    },\r\n    \"publicAccess\": \"Container\",\r\n    \"hasImmutabilityPolicy\": false,\r\n    \"hasLegalHold\": false\r\n  }\r\n}",
      "StatusCode": 201
    },
    {
      "RequestUri": "/subscriptions/45b60d85-fd72-427a-a708-f994d26e593e/resourceGroups/pstestrg1533/providers/Microsoft.Storage/storageAccounts/stopstestrg1533/blobServices/default/containers/container2pstestrg1533?api-version=2021-04-01",
      "EncodedRequestUri": "L3N1YnNjcmlwdGlvbnMvNDViNjBkODUtZmQ3Mi00MjdhLWE3MDgtZjk5NGQyNmU1OTNlL3Jlc291cmNlR3JvdXBzL3BzdGVzdHJnMTUzMy9wcm92aWRlcnMvTWljcm9zb2Z0LlN0b3JhZ2Uvc3RvcmFnZUFjY291bnRzL3N0b3BzdGVzdHJnMTUzMy9ibG9iU2VydmljZXMvZGVmYXVsdC9jb250YWluZXJzL2NvbnRhaW5lcjJwc3Rlc3RyZzE1MzM/YXBpLXZlcnNpb249MjAyMS0wNC0wMQ==",
      "RequestMethod": "GET",
      "RequestBody": "",
      "RequestHeaders": {
        "x-ms-client-request-id": [
          "b6d6bf8c-6fc9-4646-a16e-22a46cde0af8"
        ],
        "Accept-Language": [
          "en-US"
        ],
        "User-Agent": [
          "FxVersion/4.6.30015.01",
          "OSName/Windows",
          "OSVersion/Microsoft.Windows.10.0.19043.",
          "Microsoft.Azure.Management.Storage.StorageManagementClient/22.0.0.0"
        ]
      },
      "ResponseHeaders": {
        "Cache-Control": [
          "no-cache"
        ],
        "Pragma": [
          "no-cache"
        ],
        "ETag": [
          "\"0x8D93FA506DBA2E6\""
        ],
        "x-ms-request-id": [
          "60df8c9c-820e-45c8-89c9-97f02f6260cb"
        ],
        "Strict-Transport-Security": [
          "max-age=31536000; includeSubDomains"
        ],
        "Server": [
          "Microsoft-Azure-Storage-Resource-Provider/1.0,Microsoft-HTTPAPI/2.0 Microsoft-HTTPAPI/2.0"
        ],
        "x-ms-ratelimit-remaining-subscription-reads": [
          "11992"
        ],
        "x-ms-correlation-request-id": [
          "87c0fe77-d798-4e62-9d95-a5ec49469c9d"
        ],
        "x-ms-routing-request-id": [
          "SOUTHEASTASIA:20210705T110707Z:87c0fe77-d798-4e62-9d95-a5ec49469c9d"
        ],
        "X-Content-Type-Options": [
          "nosniff"
        ],
        "Date": [
          "Mon, 05 Jul 2021 11:07:06 GMT"
        ],
        "Content-Length": [
          "746"
        ],
        "Content-Type": [
          "application/json"
        ],
        "Expires": [
          "-1"
        ]
      },
      "ResponseBody": "{\r\n  \"id\": \"/subscriptions/45b60d85-fd72-427a-a708-f994d26e593e/resourceGroups/pstestrg1533/providers/Microsoft.Storage/storageAccounts/stopstestrg1533/blobServices/default/containers/container2pstestrg1533\",\r\n  \"name\": \"container2pstestrg1533\",\r\n  \"type\": \"Microsoft.Storage/storageAccounts/blobServices/containers\",\r\n  \"etag\": \"\\\"0x8D93FA506DBA2E6\\\"\",\r\n  \"properties\": {\r\n    \"deleted\": false,\r\n    \"remainingRetentionDays\": 0,\r\n    \"defaultEncryptionScope\": \"$account-encryption-key\",\r\n    \"denyEncryptionScopeOverride\": false,\r\n    \"metadata\": {\r\n      \"tag1\": \"value1\",\r\n      \"tag0\": \"value0\"\r\n    },\r\n    \"publicAccess\": \"Container\",\r\n    \"leaseStatus\": \"Unlocked\",\r\n    \"leaseState\": \"Available\",\r\n    \"lastModifiedTime\": \"2021-07-05T11:07:06Z\",\r\n    \"legalHold\": {\r\n      \"hasLegalHold\": false,\r\n      \"tags\": []\r\n    },\r\n    \"hasImmutabilityPolicy\": false,\r\n    \"hasLegalHold\": false\r\n  }\r\n}",
      "StatusCode": 200
    },
    {
      "RequestUri": "/subscriptions/45b60d85-fd72-427a-a708-f994d26e593e/resourceGroups/pstestrg1533/providers/Microsoft.Storage/storageAccounts/stopstestrg1533/blobServices/default/containers/container2pstestrg1533?api-version=2021-04-01",
      "EncodedRequestUri": "L3N1YnNjcmlwdGlvbnMvNDViNjBkODUtZmQ3Mi00MjdhLWE3MDgtZjk5NGQyNmU1OTNlL3Jlc291cmNlR3JvdXBzL3BzdGVzdHJnMTUzMy9wcm92aWRlcnMvTWljcm9zb2Z0LlN0b3JhZ2Uvc3RvcmFnZUFjY291bnRzL3N0b3BzdGVzdHJnMTUzMy9ibG9iU2VydmljZXMvZGVmYXVsdC9jb250YWluZXJzL2NvbnRhaW5lcjJwc3Rlc3RyZzE1MzM/YXBpLXZlcnNpb249MjAyMS0wNC0wMQ==",
      "RequestMethod": "GET",
      "RequestBody": "",
      "RequestHeaders": {
        "x-ms-client-request-id": [
          "150fec7d-6059-4f2b-91c8-799db2d21be2"
        ],
        "Accept-Language": [
          "en-US"
        ],
        "User-Agent": [
          "FxVersion/4.6.30015.01",
          "OSName/Windows",
          "OSVersion/Microsoft.Windows.10.0.19043.",
          "Microsoft.Azure.Management.Storage.StorageManagementClient/22.0.0.0"
        ]
      },
      "ResponseHeaders": {
        "Cache-Control": [
          "no-cache"
        ],
        "Pragma": [
          "no-cache"
        ],
        "ETag": [
          "\"0x8D93FA506DBA2E6\""
        ],
        "x-ms-request-id": [
          "7d7af2e4-8a98-4a20-bf61-1f15bfabd2e5"
        ],
        "Strict-Transport-Security": [
          "max-age=31536000; includeSubDomains"
        ],
        "Server": [
          "Microsoft-Azure-Storage-Resource-Provider/1.0,Microsoft-HTTPAPI/2.0 Microsoft-HTTPAPI/2.0"
        ],
        "x-ms-ratelimit-remaining-subscription-reads": [
          "11991"
        ],
        "x-ms-correlation-request-id": [
          "78efe62f-30d0-4882-af2d-1665113348bd"
        ],
        "x-ms-routing-request-id": [
          "SOUTHEASTASIA:20210705T110707Z:78efe62f-30d0-4882-af2d-1665113348bd"
        ],
        "X-Content-Type-Options": [
          "nosniff"
        ],
        "Date": [
          "Mon, 05 Jul 2021 11:07:06 GMT"
        ],
        "Content-Length": [
          "746"
        ],
        "Content-Type": [
          "application/json"
        ],
        "Expires": [
          "-1"
        ]
      },
      "ResponseBody": "{\r\n  \"id\": \"/subscriptions/45b60d85-fd72-427a-a708-f994d26e593e/resourceGroups/pstestrg1533/providers/Microsoft.Storage/storageAccounts/stopstestrg1533/blobServices/default/containers/container2pstestrg1533\",\r\n  \"name\": \"container2pstestrg1533\",\r\n  \"type\": \"Microsoft.Storage/storageAccounts/blobServices/containers\",\r\n  \"etag\": \"\\\"0x8D93FA506DBA2E6\\\"\",\r\n  \"properties\": {\r\n    \"deleted\": false,\r\n    \"remainingRetentionDays\": 0,\r\n    \"defaultEncryptionScope\": \"$account-encryption-key\",\r\n    \"denyEncryptionScopeOverride\": false,\r\n    \"metadata\": {\r\n      \"tag1\": \"value1\",\r\n      \"tag0\": \"value0\"\r\n    },\r\n    \"publicAccess\": \"Container\",\r\n    \"leaseStatus\": \"Unlocked\",\r\n    \"leaseState\": \"Available\",\r\n    \"lastModifiedTime\": \"2021-07-05T11:07:06Z\",\r\n    \"legalHold\": {\r\n      \"hasLegalHold\": false,\r\n      \"tags\": []\r\n    },\r\n    \"hasImmutabilityPolicy\": false,\r\n    \"hasLegalHold\": false\r\n  }\r\n}",
      "StatusCode": 200
    },
    {
      "RequestUri": "/subscriptions/45b60d85-fd72-427a-a708-f994d26e593e/resourceGroups/pstestrg1533/providers/Microsoft.Storage/storageAccounts/stopstestrg1533/blobServices/default/containers?api-version=2021-04-01",
      "EncodedRequestUri": "L3N1YnNjcmlwdGlvbnMvNDViNjBkODUtZmQ3Mi00MjdhLWE3MDgtZjk5NGQyNmU1OTNlL3Jlc291cmNlR3JvdXBzL3BzdGVzdHJnMTUzMy9wcm92aWRlcnMvTWljcm9zb2Z0LlN0b3JhZ2Uvc3RvcmFnZUFjY291bnRzL3N0b3BzdGVzdHJnMTUzMy9ibG9iU2VydmljZXMvZGVmYXVsdC9jb250YWluZXJzP2FwaS12ZXJzaW9uPTIwMjEtMDQtMDE=",
      "RequestMethod": "GET",
      "RequestBody": "",
      "RequestHeaders": {
        "x-ms-client-request-id": [
          "471594e0-1e3c-450f-a2ea-3b9177377808"
        ],
        "Accept-Language": [
          "en-US"
        ],
        "User-Agent": [
          "FxVersion/4.6.30015.01",
          "OSName/Windows",
          "OSVersion/Microsoft.Windows.10.0.19043.",
          "Microsoft.Azure.Management.Storage.StorageManagementClient/22.0.0.0"
        ]
      },
      "ResponseHeaders": {
        "Cache-Control": [
          "no-cache"
        ],
        "Pragma": [
          "no-cache"
        ],
        "x-ms-request-id": [
          "04ec46f6-2d7b-4959-b796-da0ef0f4106d"
        ],
        "Strict-Transport-Security": [
          "max-age=31536000; includeSubDomains"
        ],
        "Server": [
          "Microsoft-Azure-Storage-Resource-Provider/1.0,Microsoft-HTTPAPI/2.0 Microsoft-HTTPAPI/2.0"
        ],
        "x-ms-ratelimit-remaining-subscription-reads": [
          "11990"
        ],
        "x-ms-correlation-request-id": [
          "74f10f99-c27d-4393-9137-f0c061ccaff1"
        ],
        "x-ms-routing-request-id": [
          "SOUTHEASTASIA:20210705T110707Z:74f10f99-c27d-4393-9137-f0c061ccaff1"
        ],
        "X-Content-Type-Options": [
          "nosniff"
        ],
        "Date": [
          "Mon, 05 Jul 2021 11:07:07 GMT"
        ],
        "Content-Length": [
          "1420"
        ],
        "Content-Type": [
          "application/json"
        ],
        "Expires": [
          "-1"
        ]
      },
      "ResponseBody": "{\r\n  \"value\": [\r\n    {\r\n      \"id\": \"/subscriptions/45b60d85-fd72-427a-a708-f994d26e593e/resourceGroups/pstestrg1533/providers/Microsoft.Storage/storageAccounts/stopstestrg1533/blobServices/default/containers/container2pstestrg1533\",\r\n      \"name\": \"container2pstestrg1533\",\r\n      \"type\": \"Microsoft.Storage/storageAccounts/blobServices/containers\",\r\n      \"etag\": \"\\\"0x8D93FA506DBA2E6\\\"\",\r\n      \"properties\": {\r\n        \"immutableStorageWithVersioning\": {\r\n          \"enabled\": false\r\n        },\r\n        \"deleted\": false,\r\n        \"remainingRetentionDays\": 0,\r\n        \"defaultEncryptionScope\": \"$account-encryption-key\",\r\n        \"denyEncryptionScopeOverride\": false,\r\n        \"publicAccess\": \"Container\",\r\n        \"leaseStatus\": \"Unlocked\",\r\n        \"leaseState\": \"Available\",\r\n        \"lastModifiedTime\": \"2021-07-05T11:07:06Z\",\r\n        \"hasImmutabilityPolicy\": false,\r\n        \"hasLegalHold\": false\r\n      }\r\n    },\r\n    {\r\n      \"id\": \"/subscriptions/45b60d85-fd72-427a-a708-f994d26e593e/resourceGroups/pstestrg1533/providers/Microsoft.Storage/storageAccounts/stopstestrg1533/blobServices/default/containers/containerpstestrg1533\",\r\n      \"name\": \"containerpstestrg1533\",\r\n      \"type\": \"Microsoft.Storage/storageAccounts/blobServices/containers\",\r\n      \"etag\": \"\\\"0x8D93FA5064370F2\\\"\",\r\n      \"properties\": {\r\n        \"immutableStorageWithVersioning\": {\r\n          \"enabled\": false\r\n        },\r\n        \"deleted\": false,\r\n        \"remainingRetentionDays\": 0,\r\n        \"defaultEncryptionScope\": \"$account-encryption-key\",\r\n        \"denyEncryptionScopeOverride\": false,\r\n        \"publicAccess\": \"Blob\",\r\n        \"leaseStatus\": \"Unlocked\",\r\n        \"leaseState\": \"Available\",\r\n        \"lastModifiedTime\": \"2021-07-05T11:07:05Z\",\r\n        \"hasImmutabilityPolicy\": false,\r\n        \"hasLegalHold\": false\r\n      }\r\n    }\r\n  ]\r\n}",
      "StatusCode": 200
    },
    {
      "RequestUri": "/subscriptions/45b60d85-fd72-427a-a708-f994d26e593e/resourceGroups/pstestrg1533/providers/Microsoft.Storage/storageAccounts/stopstestrg1533/blobServices/default/containers?api-version=2021-04-01",
      "EncodedRequestUri": "L3N1YnNjcmlwdGlvbnMvNDViNjBkODUtZmQ3Mi00MjdhLWE3MDgtZjk5NGQyNmU1OTNlL3Jlc291cmNlR3JvdXBzL3BzdGVzdHJnMTUzMy9wcm92aWRlcnMvTWljcm9zb2Z0LlN0b3JhZ2Uvc3RvcmFnZUFjY291bnRzL3N0b3BzdGVzdHJnMTUzMy9ibG9iU2VydmljZXMvZGVmYXVsdC9jb250YWluZXJzP2FwaS12ZXJzaW9uPTIwMjEtMDQtMDE=",
      "RequestMethod": "GET",
      "RequestBody": "",
      "RequestHeaders": {
        "x-ms-client-request-id": [
          "af54748a-80b1-444c-8e24-befd46e1a839"
        ],
        "Accept-Language": [
          "en-US"
        ],
        "User-Agent": [
          "FxVersion/4.6.30015.01",
          "OSName/Windows",
          "OSVersion/Microsoft.Windows.10.0.19043.",
          "Microsoft.Azure.Management.Storage.StorageManagementClient/22.0.0.0"
        ]
      },
      "ResponseHeaders": {
        "Cache-Control": [
          "no-cache"
        ],
        "Pragma": [
          "no-cache"
        ],
        "x-ms-request-id": [
          "569d5463-99d3-468e-9774-1ae0534ecf60"
        ],
        "Strict-Transport-Security": [
          "max-age=31536000; includeSubDomains"
        ],
        "Server": [
          "Microsoft-Azure-Storage-Resource-Provider/1.0,Microsoft-HTTPAPI/2.0 Microsoft-HTTPAPI/2.0"
        ],
        "x-ms-ratelimit-remaining-subscription-reads": [
          "11989"
        ],
        "x-ms-correlation-request-id": [
          "a97cb961-9a93-40ef-bbc2-ae33baa032bb"
        ],
        "x-ms-routing-request-id": [
          "SOUTHEASTASIA:20210705T110708Z:a97cb961-9a93-40ef-bbc2-ae33baa032bb"
        ],
        "X-Content-Type-Options": [
          "nosniff"
        ],
        "Date": [
          "Mon, 05 Jul 2021 11:07:08 GMT"
        ],
        "Content-Length": [
          "719"
        ],
        "Content-Type": [
          "application/json"
        ],
        "Expires": [
          "-1"
        ]
      },
      "ResponseBody": "{\r\n  \"value\": [\r\n    {\r\n      \"id\": \"/subscriptions/45b60d85-fd72-427a-a708-f994d26e593e/resourceGroups/pstestrg1533/providers/Microsoft.Storage/storageAccounts/stopstestrg1533/blobServices/default/containers/container2pstestrg1533\",\r\n      \"name\": \"container2pstestrg1533\",\r\n      \"type\": \"Microsoft.Storage/storageAccounts/blobServices/containers\",\r\n      \"etag\": \"\\\"0x8D93FA506DBA2E6\\\"\",\r\n      \"properties\": {\r\n        \"immutableStorageWithVersioning\": {\r\n          \"enabled\": false\r\n        },\r\n        \"deleted\": false,\r\n        \"remainingRetentionDays\": 0,\r\n        \"defaultEncryptionScope\": \"$account-encryption-key\",\r\n        \"denyEncryptionScopeOverride\": false,\r\n        \"publicAccess\": \"Container\",\r\n        \"leaseStatus\": \"Unlocked\",\r\n        \"leaseState\": \"Available\",\r\n        \"lastModifiedTime\": \"2021-07-05T11:07:06Z\",\r\n        \"hasImmutabilityPolicy\": false,\r\n        \"hasLegalHold\": false\r\n      }\r\n    }\r\n  ]\r\n}",
      "StatusCode": 200
    },
    {
      "RequestUri": "/subscriptions/45b60d85-fd72-427a-a708-f994d26e593e/resourceGroups/pstestrg1533/providers/Microsoft.Storage/storageAccounts/stopstestrg1533/blobServices/default/containers?api-version=2021-04-01",
      "EncodedRequestUri": "L3N1YnNjcmlwdGlvbnMvNDViNjBkODUtZmQ3Mi00MjdhLWE3MDgtZjk5NGQyNmU1OTNlL3Jlc291cmNlR3JvdXBzL3BzdGVzdHJnMTUzMy9wcm92aWRlcnMvTWljcm9zb2Z0LlN0b3JhZ2Uvc3RvcmFnZUFjY291bnRzL3N0b3BzdGVzdHJnMTUzMy9ibG9iU2VydmljZXMvZGVmYXVsdC9jb250YWluZXJzP2FwaS12ZXJzaW9uPTIwMjEtMDQtMDE=",
      "RequestMethod": "GET",
      "RequestBody": "",
      "RequestHeaders": {
        "x-ms-client-request-id": [
          "eb1d1a21-8e36-44d1-b59c-06e91a2e516f"
        ],
        "Accept-Language": [
          "en-US"
        ],
        "User-Agent": [
          "FxVersion/4.6.30015.01",
          "OSName/Windows",
          "OSVersion/Microsoft.Windows.10.0.19043.",
          "Microsoft.Azure.Management.Storage.StorageManagementClient/22.0.0.0"
        ]
      },
      "ResponseHeaders": {
        "Cache-Control": [
          "no-cache"
        ],
        "Pragma": [
          "no-cache"
        ],
        "x-ms-request-id": [
          "d3eb2a4f-823a-44c8-9ecb-7e63e9cc72a7"
        ],
        "Strict-Transport-Security": [
          "max-age=31536000; includeSubDomains"
        ],
        "Server": [
          "Microsoft-Azure-Storage-Resource-Provider/1.0,Microsoft-HTTPAPI/2.0 Microsoft-HTTPAPI/2.0"
        ],
        "x-ms-ratelimit-remaining-subscription-reads": [
          "11988"
        ],
        "x-ms-correlation-request-id": [
          "13a193fb-7b14-4a4c-b593-bf989860e028"
        ],
        "x-ms-routing-request-id": [
          "SOUTHEASTASIA:20210705T110709Z:13a193fb-7b14-4a4c-b593-bf989860e028"
        ],
        "X-Content-Type-Options": [
          "nosniff"
        ],
        "Date": [
          "Mon, 05 Jul 2021 11:07:08 GMT"
        ],
        "Content-Length": [
          "12"
        ],
        "Content-Type": [
          "application/json"
        ],
        "Expires": [
          "-1"
        ]
      },
      "ResponseBody": "{\r\n  \"value\": []\r\n}",
      "StatusCode": 200
    },
    {
      "RequestUri": "/subscriptions/45b60d85-fd72-427a-a708-f994d26e593e/resourceGroups/pstestrg1533/providers/Microsoft.Storage/storageAccounts/stopstestrg1533/blobServices/default/containers/containerpstestrg1533?api-version=2021-04-01",
      "EncodedRequestUri": "L3N1YnNjcmlwdGlvbnMvNDViNjBkODUtZmQ3Mi00MjdhLWE3MDgtZjk5NGQyNmU1OTNlL3Jlc291cmNlR3JvdXBzL3BzdGVzdHJnMTUzMy9wcm92aWRlcnMvTWljcm9zb2Z0LlN0b3JhZ2Uvc3RvcmFnZUFjY291bnRzL3N0b3BzdGVzdHJnMTUzMy9ibG9iU2VydmljZXMvZGVmYXVsdC9jb250YWluZXJzL2NvbnRhaW5lcnBzdGVzdHJnMTUzMz9hcGktdmVyc2lvbj0yMDIxLTA0LTAx",
      "RequestMethod": "DELETE",
      "RequestBody": "",
      "RequestHeaders": {
        "x-ms-client-request-id": [
          "3381e44c-5b11-49ef-a284-b559ab3e22f3"
        ],
        "Accept-Language": [
          "en-US"
        ],
        "User-Agent": [
          "FxVersion/4.6.30015.01",
          "OSName/Windows",
          "OSVersion/Microsoft.Windows.10.0.19043.",
          "Microsoft.Azure.Management.Storage.StorageManagementClient/22.0.0.0"
        ]
      },
      "ResponseHeaders": {
        "Cache-Control": [
          "no-cache"
        ],
        "Pragma": [
          "no-cache"
        ],
        "x-ms-request-id": [
          "b2c5b4e9-eb84-4b8d-8f1b-549754aaae58"
        ],
        "Strict-Transport-Security": [
          "max-age=31536000; includeSubDomains"
        ],
        "Server": [
          "Microsoft-Azure-Storage-Resource-Provider/1.0,Microsoft-HTTPAPI/2.0 Microsoft-HTTPAPI/2.0"
        ],
        "x-ms-ratelimit-remaining-subscription-deletes": [
          "14999"
        ],
        "x-ms-correlation-request-id": [
          "5b322462-2a52-42a1-b4c0-069135950cd0"
        ],
        "x-ms-routing-request-id": [
          "SOUTHEASTASIA:20210705T110708Z:5b322462-2a52-42a1-b4c0-069135950cd0"
        ],
        "X-Content-Type-Options": [
          "nosniff"
        ],
        "Date": [
          "Mon, 05 Jul 2021 11:07:07 GMT"
        ],
        "Content-Type": [
          "text/plain; charset=utf-8"
        ],
        "Expires": [
          "-1"
        ],
        "Content-Length": [
          "0"
        ]
      },
      "ResponseBody": "",
      "StatusCode": 200
    },
    {
      "RequestUri": "/subscriptions/45b60d85-fd72-427a-a708-f994d26e593e/resourceGroups/pstestrg1533/providers/Microsoft.Storage/storageAccounts/stopstestrg1533/blobServices/default/containers/container2pstestrg1533?api-version=2021-04-01",
      "EncodedRequestUri": "L3N1YnNjcmlwdGlvbnMvNDViNjBkODUtZmQ3Mi00MjdhLWE3MDgtZjk5NGQyNmU1OTNlL3Jlc291cmNlR3JvdXBzL3BzdGVzdHJnMTUzMy9wcm92aWRlcnMvTWljcm9zb2Z0LlN0b3JhZ2Uvc3RvcmFnZUFjY291bnRzL3N0b3BzdGVzdHJnMTUzMy9ibG9iU2VydmljZXMvZGVmYXVsdC9jb250YWluZXJzL2NvbnRhaW5lcjJwc3Rlc3RyZzE1MzM/YXBpLXZlcnNpb249MjAyMS0wNC0wMQ==",
      "RequestMethod": "DELETE",
      "RequestBody": "",
      "RequestHeaders": {
        "x-ms-client-request-id": [
          "d8128f00-7c65-483e-b95e-4cf8c731917e"
        ],
        "Accept-Language": [
          "en-US"
        ],
        "User-Agent": [
          "FxVersion/4.6.30015.01",
          "OSName/Windows",
          "OSVersion/Microsoft.Windows.10.0.19043.",
          "Microsoft.Azure.Management.Storage.StorageManagementClient/22.0.0.0"
        ]
      },
      "ResponseHeaders": {
        "Cache-Control": [
          "no-cache"
        ],
        "Pragma": [
          "no-cache"
        ],
        "x-ms-request-id": [
          "479cb48a-0e9a-4ae3-9f18-cf75b8cb8150"
        ],
        "Strict-Transport-Security": [
          "max-age=31536000; includeSubDomains"
        ],
        "Server": [
          "Microsoft-Azure-Storage-Resource-Provider/1.0,Microsoft-HTTPAPI/2.0 Microsoft-HTTPAPI/2.0"
        ],
        "x-ms-ratelimit-remaining-subscription-deletes": [
          "14998"
        ],
        "x-ms-correlation-request-id": [
          "ae04431c-ce63-42b4-b8d8-f9ba7bd04f84"
        ],
        "x-ms-routing-request-id": [
          "SOUTHEASTASIA:20210705T110709Z:ae04431c-ce63-42b4-b8d8-f9ba7bd04f84"
        ],
        "X-Content-Type-Options": [
          "nosniff"
        ],
        "Date": [
          "Mon, 05 Jul 2021 11:07:08 GMT"
        ],
        "Content-Type": [
          "text/plain; charset=utf-8"
        ],
        "Expires": [
          "-1"
        ],
        "Content-Length": [
          "0"
        ]
      },
      "ResponseBody": "",
      "StatusCode": 200
    },
    {
      "RequestUri": "/subscriptions/45b60d85-fd72-427a-a708-f994d26e593e/resourceGroups/pstestrg1533/providers/Microsoft.Storage/storageAccounts/stopstestrg1533?api-version=2021-04-01",
      "EncodedRequestUri": "L3N1YnNjcmlwdGlvbnMvNDViNjBkODUtZmQ3Mi00MjdhLWE3MDgtZjk5NGQyNmU1OTNlL3Jlc291cmNlR3JvdXBzL3BzdGVzdHJnMTUzMy9wcm92aWRlcnMvTWljcm9zb2Z0LlN0b3JhZ2Uvc3RvcmFnZUFjY291bnRzL3N0b3BzdGVzdHJnMTUzMz9hcGktdmVyc2lvbj0yMDIxLTA0LTAx",
      "RequestMethod": "DELETE",
      "RequestBody": "",
      "RequestHeaders": {
        "x-ms-client-request-id": [
          "7ab6594b-98b2-49d6-9ebb-49282b51ec85"
        ],
        "Accept-Language": [
          "en-US"
        ],
        "User-Agent": [
          "FxVersion/4.6.30015.01",
          "OSName/Windows",
          "OSVersion/Microsoft.Windows.10.0.19043.",
          "Microsoft.Azure.Management.Storage.StorageManagementClient/22.0.0.0"
        ]
      },
      "ResponseHeaders": {
        "Cache-Control": [
          "no-cache"
        ],
        "Pragma": [
          "no-cache"
        ],
        "x-ms-request-id": [
          "c7b556b0-f10d-4368-8728-9f774a6b5468"
        ],
        "Strict-Transport-Security": [
          "max-age=31536000; includeSubDomains"
        ],
        "Server": [
          "Microsoft-Azure-Storage-Resource-Provider/1.0,Microsoft-HTTPAPI/2.0 Microsoft-HTTPAPI/2.0"
        ],
        "x-ms-ratelimit-remaining-subscription-deletes": [
          "14997"
        ],
        "x-ms-correlation-request-id": [
          "a9e837a0-2573-499e-8de8-d62b4323c6b7"
        ],
        "x-ms-routing-request-id": [
          "SOUTHEASTASIA:20210705T110715Z:a9e837a0-2573-499e-8de8-d62b4323c6b7"
        ],
        "X-Content-Type-Options": [
          "nosniff"
        ],
        "Date": [
          "Mon, 05 Jul 2021 11:07:15 GMT"
        ],
        "Content-Type": [
          "text/plain; charset=utf-8"
        ],
        "Expires": [
          "-1"
        ],
        "Content-Length": [
          "0"
        ]
      },
      "ResponseBody": "",
      "StatusCode": 200
    },
    {
      "RequestUri": "/subscriptions/45b60d85-fd72-427a-a708-f994d26e593e/resourcegroups/pstestrg1533?api-version=2016-09-01",
      "EncodedRequestUri": "L3N1YnNjcmlwdGlvbnMvNDViNjBkODUtZmQ3Mi00MjdhLWE3MDgtZjk5NGQyNmU1OTNlL3Jlc291cmNlZ3JvdXBzL3BzdGVzdHJnMTUzMz9hcGktdmVyc2lvbj0yMDE2LTA5LTAx",
      "RequestMethod": "DELETE",
      "RequestBody": "",
      "RequestHeaders": {
        "x-ms-client-request-id": [
          "998729f8-9d9a-4589-a1b9-d8d64c2a7651"
        ],
        "Accept-Language": [
          "en-US"
        ],
        "User-Agent": [
          "FxVersion/4.6.30015.01",
          "OSName/Windows",
          "OSVersion/Microsoft.Windows.10.0.19043.",
          "Microsoft.Azure.Management.Internal.Resources.ResourceManagementClient/1.3.39"
        ]
      },
      "ResponseHeaders": {
        "Cache-Control": [
          "no-cache"
        ],
        "Pragma": [
          "no-cache"
        ],
        "Location": [
          "https://management.azure.com/subscriptions/45b60d85-fd72-427a-a708-f994d26e593e/operationresults/eyJqb2JJZCI6IlJFU09VUkNFR1JPVVBERUxFVElPTkpPQi1QU1RFU1RSRzE1MzMtRUFTVFVTMkVVQVAiLCJqb2JMb2NhdGlvbiI6ImVhc3R1czJldWFwIn0?api-version=2016-09-01"
        ],
        "Retry-After": [
          "15"
        ],
        "x-ms-ratelimit-remaining-subscription-deletes": [
          "14999"
        ],
        "x-ms-request-id": [
          "a8f7e62b-85c7-411b-8fc3-8c66f00a3b00"
        ],
        "x-ms-correlation-request-id": [
          "a8f7e62b-85c7-411b-8fc3-8c66f00a3b00"
        ],
        "x-ms-routing-request-id": [
          "SOUTHEASTASIA:20210705T110719Z:a8f7e62b-85c7-411b-8fc3-8c66f00a3b00"
        ],
        "Strict-Transport-Security": [
          "max-age=31536000; includeSubDomains"
        ],
        "X-Content-Type-Options": [
          "nosniff"
        ],
        "Date": [
          "Mon, 05 Jul 2021 11:07:18 GMT"
        ],
        "Expires": [
          "-1"
        ],
        "Content-Length": [
          "0"
        ]
      },
      "ResponseBody": "",
      "StatusCode": 202
    },
    {
      "RequestUri": "/subscriptions/45b60d85-fd72-427a-a708-f994d26e593e/operationresults/eyJqb2JJZCI6IlJFU09VUkNFR1JPVVBERUxFVElPTkpPQi1QU1RFU1RSRzE1MzMtRUFTVFVTMkVVQVAiLCJqb2JMb2NhdGlvbiI6ImVhc3R1czJldWFwIn0?api-version=2016-09-01",
      "EncodedRequestUri": "L3N1YnNjcmlwdGlvbnMvNDViNjBkODUtZmQ3Mi00MjdhLWE3MDgtZjk5NGQyNmU1OTNlL29wZXJhdGlvbnJlc3VsdHMvZXlKcWIySkpaQ0k2SWxKRlUwOVZVa05GUjFKUFZWQkVSVXhGVkVsUFRrcFBRaTFRVTFSRlUxUlNSekUxTXpNdFJVRlRWRlZUTWtWVlFWQWlMQ0pxYjJKTWIyTmhkR2x2YmlJNkltVmhjM1IxY3pKbGRXRndJbjA/YXBpLXZlcnNpb249MjAxNi0wOS0wMQ==",
      "RequestMethod": "GET",
      "RequestBody": "",
      "RequestHeaders": {
        "User-Agent": [
          "FxVersion/4.6.30015.01",
          "OSName/Windows",
          "OSVersion/Microsoft.Windows.10.0.19043.",
          "Microsoft.Azure.Management.Internal.Resources.ResourceManagementClient/1.3.39"
        ]
      },
      "ResponseHeaders": {
        "Cache-Control": [
          "no-cache"
        ],
        "Pragma": [
          "no-cache"
        ],
        "Location": [
          "https://management.azure.com/subscriptions/45b60d85-fd72-427a-a708-f994d26e593e/operationresults/eyJqb2JJZCI6IlJFU09VUkNFR1JPVVBERUxFVElPTkpPQi1QU1RFU1RSRzE1MzMtRUFTVFVTMkVVQVAiLCJqb2JMb2NhdGlvbiI6ImVhc3R1czJldWFwIn0?api-version=2016-09-01"
        ],
        "Retry-After": [
          "15"
        ],
        "x-ms-ratelimit-remaining-subscription-reads": [
          "11999"
        ],
        "x-ms-request-id": [
          "3e2e8fe1-a772-45ab-8853-1579c66491a5"
        ],
        "x-ms-correlation-request-id": [
          "3e2e8fe1-a772-45ab-8853-1579c66491a5"
        ],
        "x-ms-routing-request-id": [
          "SOUTHEASTASIA:20210705T110734Z:3e2e8fe1-a772-45ab-8853-1579c66491a5"
        ],
        "Strict-Transport-Security": [
          "max-age=31536000; includeSubDomains"
        ],
        "X-Content-Type-Options": [
          "nosniff"
        ],
        "Date": [
          "Mon, 05 Jul 2021 11:07:33 GMT"
        ],
        "Expires": [
          "-1"
        ],
        "Content-Length": [
          "0"
        ]
      },
      "ResponseBody": "",
      "StatusCode": 202
    },
    {
      "RequestUri": "/subscriptions/45b60d85-fd72-427a-a708-f994d26e593e/operationresults/eyJqb2JJZCI6IlJFU09VUkNFR1JPVVBERUxFVElPTkpPQi1QU1RFU1RSRzE1MzMtRUFTVFVTMkVVQVAiLCJqb2JMb2NhdGlvbiI6ImVhc3R1czJldWFwIn0?api-version=2016-09-01",
      "EncodedRequestUri": "L3N1YnNjcmlwdGlvbnMvNDViNjBkODUtZmQ3Mi00MjdhLWE3MDgtZjk5NGQyNmU1OTNlL29wZXJhdGlvbnJlc3VsdHMvZXlKcWIySkpaQ0k2SWxKRlUwOVZVa05GUjFKUFZWQkVSVXhGVkVsUFRrcFBRaTFRVTFSRlUxUlNSekUxTXpNdFJVRlRWRlZUTWtWVlFWQWlMQ0pxYjJKTWIyTmhkR2x2YmlJNkltVmhjM1IxY3pKbGRXRndJbjA/YXBpLXZlcnNpb249MjAxNi0wOS0wMQ==",
      "RequestMethod": "GET",
      "RequestBody": "",
      "RequestHeaders": {
        "User-Agent": [
          "FxVersion/4.6.30015.01",
          "OSName/Windows",
          "OSVersion/Microsoft.Windows.10.0.19043.",
          "Microsoft.Azure.Management.Internal.Resources.ResourceManagementClient/1.3.39"
        ]
      },
      "ResponseHeaders": {
        "Cache-Control": [
          "no-cache"
        ],
        "Pragma": [
          "no-cache"
        ],
        "Location": [
          "https://management.azure.com/subscriptions/45b60d85-fd72-427a-a708-f994d26e593e/operationresults/eyJqb2JJZCI6IlJFU09VUkNFR1JPVVBERUxFVElPTkpPQi1QU1RFU1RSRzE1MzMtRUFTVFVTMkVVQVAiLCJqb2JMb2NhdGlvbiI6ImVhc3R1czJldWFwIn0?api-version=2016-09-01"
        ],
        "Retry-After": [
          "15"
        ],
        "x-ms-ratelimit-remaining-subscription-reads": [
          "11998"
        ],
        "x-ms-request-id": [
          "abbffb0a-60a2-40e5-ad17-0ec1730da5a3"
        ],
        "x-ms-correlation-request-id": [
          "abbffb0a-60a2-40e5-ad17-0ec1730da5a3"
        ],
        "x-ms-routing-request-id": [
          "SOUTHEASTASIA:20210705T110750Z:abbffb0a-60a2-40e5-ad17-0ec1730da5a3"
        ],
        "Strict-Transport-Security": [
          "max-age=31536000; includeSubDomains"
        ],
        "X-Content-Type-Options": [
          "nosniff"
        ],
        "Date": [
          "Mon, 05 Jul 2021 11:07:49 GMT"
        ],
        "Expires": [
          "-1"
        ],
        "Content-Length": [
          "0"
        ]
      },
      "ResponseBody": "",
      "StatusCode": 202
    },
    {
      "RequestUri": "/subscriptions/45b60d85-fd72-427a-a708-f994d26e593e/operationresults/eyJqb2JJZCI6IlJFU09VUkNFR1JPVVBERUxFVElPTkpPQi1QU1RFU1RSRzE1MzMtRUFTVFVTMkVVQVAiLCJqb2JMb2NhdGlvbiI6ImVhc3R1czJldWFwIn0?api-version=2016-09-01",
      "EncodedRequestUri": "L3N1YnNjcmlwdGlvbnMvNDViNjBkODUtZmQ3Mi00MjdhLWE3MDgtZjk5NGQyNmU1OTNlL29wZXJhdGlvbnJlc3VsdHMvZXlKcWIySkpaQ0k2SWxKRlUwOVZVa05GUjFKUFZWQkVSVXhGVkVsUFRrcFBRaTFRVTFSRlUxUlNSekUxTXpNdFJVRlRWRlZUTWtWVlFWQWlMQ0pxYjJKTWIyTmhkR2x2YmlJNkltVmhjM1IxY3pKbGRXRndJbjA/YXBpLXZlcnNpb249MjAxNi0wOS0wMQ==",
      "RequestMethod": "GET",
      "RequestBody": "",
      "RequestHeaders": {
        "User-Agent": [
          "FxVersion/4.6.30015.01",
          "OSName/Windows",
          "OSVersion/Microsoft.Windows.10.0.19043.",
          "Microsoft.Azure.Management.Internal.Resources.ResourceManagementClient/1.3.39"
        ]
      },
      "ResponseHeaders": {
        "Cache-Control": [
          "no-cache"
        ],
        "Pragma": [
          "no-cache"
        ],
        "x-ms-ratelimit-remaining-subscription-reads": [
          "11997"
        ],
        "x-ms-request-id": [
          "b93c7a95-fbc7-41cd-adb8-c0dcb0a5dad2"
        ],
        "x-ms-correlation-request-id": [
          "b93c7a95-fbc7-41cd-adb8-c0dcb0a5dad2"
        ],
        "x-ms-routing-request-id": [
          "SOUTHEASTASIA:20210705T110805Z:b93c7a95-fbc7-41cd-adb8-c0dcb0a5dad2"
        ],
        "Strict-Transport-Security": [
          "max-age=31536000; includeSubDomains"
        ],
        "X-Content-Type-Options": [
          "nosniff"
        ],
        "Date": [
          "Mon, 05 Jul 2021 11:08:05 GMT"
        ],
        "Expires": [
          "-1"
        ],
        "Content-Length": [
          "0"
        ]
      },
      "ResponseBody": "",
      "StatusCode": 200
    },
    {
      "RequestUri": "/subscriptions/45b60d85-fd72-427a-a708-f994d26e593e/operationresults/eyJqb2JJZCI6IlJFU09VUkNFR1JPVVBERUxFVElPTkpPQi1QU1RFU1RSRzE1MzMtRUFTVFVTMkVVQVAiLCJqb2JMb2NhdGlvbiI6ImVhc3R1czJldWFwIn0?api-version=2016-09-01",
      "EncodedRequestUri": "L3N1YnNjcmlwdGlvbnMvNDViNjBkODUtZmQ3Mi00MjdhLWE3MDgtZjk5NGQyNmU1OTNlL29wZXJhdGlvbnJlc3VsdHMvZXlKcWIySkpaQ0k2SWxKRlUwOVZVa05GUjFKUFZWQkVSVXhGVkVsUFRrcFBRaTFRVTFSRlUxUlNSekUxTXpNdFJVRlRWRlZUTWtWVlFWQWlMQ0pxYjJKTWIyTmhkR2x2YmlJNkltVmhjM1IxY3pKbGRXRndJbjA/YXBpLXZlcnNpb249MjAxNi0wOS0wMQ==",
      "RequestMethod": "GET",
      "RequestBody": "",
      "RequestHeaders": {
        "User-Agent": [
          "FxVersion/4.6.30015.01",
          "OSName/Windows",
          "OSVersion/Microsoft.Windows.10.0.19043.",
          "Microsoft.Azure.Management.Internal.Resources.ResourceManagementClient/1.3.39"
        ]
      },
      "ResponseHeaders": {
        "Cache-Control": [
          "no-cache"
        ],
        "Pragma": [
          "no-cache"
        ],
        "x-ms-ratelimit-remaining-subscription-reads": [
          "11996"
        ],
        "x-ms-request-id": [
          "727f0fd4-cc55-4e89-8acc-f52b82c297a0"
        ],
        "x-ms-correlation-request-id": [
          "727f0fd4-cc55-4e89-8acc-f52b82c297a0"
        ],
        "x-ms-routing-request-id": [
          "SOUTHEASTASIA:20210705T110806Z:727f0fd4-cc55-4e89-8acc-f52b82c297a0"
        ],
        "Strict-Transport-Security": [
          "max-age=31536000; includeSubDomains"
        ],
        "X-Content-Type-Options": [
          "nosniff"
        ],
        "Date": [
          "Mon, 05 Jul 2021 11:08:06 GMT"
        ],
        "Expires": [
          "-1"
        ],
        "Content-Length": [
          "0"
        ]
      },
      "ResponseBody": "",
      "StatusCode": 200
    }
  ],
  "Names": {
    "Test-StorageBlobContainer": [
      "pstestrg1533"
    ]
  },
  "Variables": {
    "SubscriptionId": "45b60d85-fd72-427a-a708-f994d26e593e"
  }
}