{
  "Entries": [
    {
      "RequestUri": "/subscriptions/45b60d85-fd72-427a-a708-f994d26e593e/providers/Microsoft.Storage?api-version=2016-09-01",
      "EncodedRequestUri": "L3N1YnNjcmlwdGlvbnMvNDViNjBkODUtZmQ3Mi00MjdhLWE3MDgtZjk5NGQyNmU1OTNlL3Byb3ZpZGVycy9NaWNyb3NvZnQuU3RvcmFnZT9hcGktdmVyc2lvbj0yMDE2LTA5LTAx",
      "RequestMethod": "GET",
      "RequestBody": "",
      "RequestHeaders": {
        "x-ms-client-request-id": [
          "dc8a0b2a-1d6e-4e96-b107-ef290e9442d8"
        ],
        "Accept-Language": [
          "en-US"
        ],
        "User-Agent": [
          "FxVersion/4.6.29812.02",
          "OSName/Windows",
          "OSVersion/Microsoft.Windows.10.0.19042.",
          "Microsoft.Azure.Management.Internal.Resources.ResourceManagementClient/1.3.31"
        ]
      },
      "ResponseHeaders": {
        "Cache-Control": [
          "no-cache"
        ],
        "Pragma": [
          "no-cache"
        ],
        "x-ms-ratelimit-remaining-subscription-reads": [
          "11999"
        ],
        "x-ms-request-id": [
          "f6a789ee-1b4c-43f2-8c27-5e0702671534"
        ],
        "x-ms-correlation-request-id": [
          "f6a789ee-1b4c-43f2-8c27-5e0702671534"
        ],
        "x-ms-routing-request-id": [
          "SOUTHEASTASIA:20210315T033559Z:f6a789ee-1b4c-43f2-8c27-5e0702671534"
        ],
        "Strict-Transport-Security": [
          "max-age=31536000; includeSubDomains"
        ],
        "X-Content-Type-Options": [
          "nosniff"
        ],
        "Date": [
          "Mon, 15 Mar 2021 03:35:59 GMT"
        ],
        "Content-Type": [
          "application/json; charset=utf-8"
        ],
        "Expires": [
          "-1"
        ],
        "Content-Length": [
          "15189"
        ]
      },
      "ResponseBody": "{\r\n  \"id\": \"/subscriptions/45b60d85-fd72-427a-a708-f994d26e593e/providers/Microsoft.Storage\",\r\n  \"namespace\": \"Microsoft.Storage\",\r\n  \"authorizations\": [\r\n    {\r\n      \"applicationId\": \"a6aa9161-5291-40bb-8c5c-923b567bee3b\",\r\n      \"roleDefinitionId\": \"070ab87f-0efc-4423-b18b-756f3bdb0236\"\r\n    },\r\n    {\r\n      \"applicationId\": \"e406a681-f3d4-42a8-90b6-c2b029497af1\"\r\n    }\r\n  ],\r\n  \"resourceTypes\": [\r\n    {\r\n      \"resourceType\": \"deletedAccounts\",\r\n      \"locations\": [\r\n        \"East US\",\r\n        \"East US 2\",\r\n        \"West US\",\r\n        \"West Europe\",\r\n        \"East Asia\",\r\n        \"Southeast Asia\",\r\n        \"Japan East\",\r\n        \"Japan West\",\r\n        \"North Central US\",\r\n        \"South Central US\",\r\n        \"Central US\",\r\n        \"North Europe\",\r\n        \"Brazil South\",\r\n        \"Australia East\",\r\n        \"Australia Southeast\",\r\n        \"South India\",\r\n        \"Central India\",\r\n        \"West India\",\r\n        \"Canada East\",\r\n        \"Canada Central\",\r\n        \"West US 2\",\r\n        \"West Central US\",\r\n        \"UK South\",\r\n        \"UK West\",\r\n        \"Korea Central\",\r\n        \"Korea South\",\r\n        \"France Central\",\r\n        \"Australia Central\",\r\n        \"South Africa North\",\r\n        \"UAE North\",\r\n        \"Switzerland North\",\r\n        \"Germany West Central\",\r\n        \"Norway East\",\r\n        \"East US 2 (Stage)\",\r\n        \"East US 2 EUAP\",\r\n        \"Central US EUAP\"\r\n      ],\r\n      \"apiVersions\": [\r\n        \"2021-01-01\",\r\n        \"2020-08-01-preview\",\r\n        \"2019-06-01\"\r\n      ]\r\n    },\r\n    {\r\n      \"resourceType\": \"locations/deletedAccounts\",\r\n      \"locations\": [\r\n        \"East US\",\r\n        \"East US 2\",\r\n        \"West US\",\r\n        \"West Europe\",\r\n        \"East Asia\",\r\n        \"Southeast Asia\",\r\n        \"Japan East\",\r\n        \"Japan West\",\r\n        \"North Central US\",\r\n        \"South Central US\",\r\n        \"Central US\",\r\n        \"North Europe\",\r\n        \"Brazil South\",\r\n        \"Australia East\",\r\n        \"Australia Southeast\",\r\n        \"South India\",\r\n        \"Central India\",\r\n        \"West India\",\r\n        \"Canada East\",\r\n        \"Canada Central\",\r\n        \"West US 2\",\r\n        \"West Central US\",\r\n        \"UK South\",\r\n        \"UK West\",\r\n        \"Korea Central\",\r\n        \"Korea South\",\r\n        \"France Central\",\r\n        \"Australia Central\",\r\n        \"South Africa North\",\r\n        \"UAE North\",\r\n        \"Switzerland North\",\r\n        \"Germany West Central\",\r\n        \"Norway East\",\r\n        \"East US 2 (Stage)\",\r\n        \"East US 2 EUAP\",\r\n        \"Central US EUAP\"\r\n      ],\r\n      \"apiVersions\": [\r\n        \"2021-01-01\",\r\n        \"2020-08-01-preview\",\r\n        \"2019-06-01\"\r\n      ]\r\n    },\r\n    {\r\n      \"resourceType\": \"storageAccounts\",\r\n      \"locations\": [\r\n        \"East US\",\r\n        \"East US 2\",\r\n        \"West US\",\r\n        \"West Europe\",\r\n        \"East Asia\",\r\n        \"Southeast Asia\",\r\n        \"Japan East\",\r\n        \"Japan West\",\r\n        \"North Central US\",\r\n        \"South Central US\",\r\n        \"Central US\",\r\n        \"North Europe\",\r\n        \"Brazil South\",\r\n        \"Australia East\",\r\n        \"Australia Southeast\",\r\n        \"South India\",\r\n        \"Central India\",\r\n        \"West India\",\r\n        \"Canada East\",\r\n        \"Canada Central\",\r\n        \"West US 2\",\r\n        \"West Central US\",\r\n        \"UK South\",\r\n        \"UK West\",\r\n        \"Korea Central\",\r\n        \"Korea South\",\r\n        \"France Central\",\r\n        \"Australia Central\",\r\n        \"South Africa North\",\r\n        \"UAE North\",\r\n        \"Switzerland North\",\r\n        \"Germany West Central\",\r\n        \"Norway East\",\r\n        \"East US 2 (Stage)\",\r\n        \"East US 2 EUAP\",\r\n        \"Central US EUAP\"\r\n      ],\r\n      \"apiVersions\": [\r\n        \"2021-01-01\",\r\n        \"2020-08-01-preview\",\r\n        \"2019-06-01\",\r\n        \"2019-04-01\",\r\n        \"2018-11-01\",\r\n        \"2018-07-01\",\r\n        \"2018-03-01-preview\",\r\n        \"2018-02-01\",\r\n        \"2017-10-01\",\r\n        \"2017-06-01\",\r\n        \"2016-12-01\",\r\n        \"2016-05-01\",\r\n        \"2016-01-01\",\r\n        \"2015-06-15\",\r\n        \"2015-05-01-preview\"\r\n      ],\r\n      \"zoneMappings\": [\r\n        {\r\n          \"location\": \"East US 2\",\r\n          \"zones\": [\r\n            \"1\",\r\n            \"2\",\r\n            \"3\"\r\n          ]\r\n        },\r\n        {\r\n          \"location\": \"Central US\",\r\n          \"zones\": [\r\n            \"1\",\r\n            \"2\",\r\n            \"3\"\r\n          ]\r\n        },\r\n        {\r\n          \"location\": \"West Europe\",\r\n          \"zones\": [\r\n            \"1\",\r\n            \"2\",\r\n            \"3\"\r\n          ]\r\n        },\r\n        {\r\n          \"location\": \"East US 2 EUAP\",\r\n          \"zones\": [\r\n            \"1\",\r\n            \"2\",\r\n            \"3\"\r\n          ]\r\n        },\r\n        {\r\n          \"location\": \"Central US EUAP\",\r\n          \"zones\": [\r\n            \"1\",\r\n            \"2\"\r\n          ]\r\n        },\r\n        {\r\n          \"location\": \"France Central\",\r\n          \"zones\": [\r\n            \"1\",\r\n            \"2\",\r\n            \"3\"\r\n          ]\r\n        },\r\n        {\r\n          \"location\": \"Southeast Asia\",\r\n          \"zones\": [\r\n            \"1\",\r\n            \"2\",\r\n            \"3\"\r\n          ]\r\n        },\r\n        {\r\n          \"location\": \"West US 2\",\r\n          \"zones\": [\r\n            \"1\",\r\n            \"2\",\r\n            \"3\"\r\n          ]\r\n        },\r\n        {\r\n          \"location\": \"North Europe\",\r\n          \"zones\": [\r\n            \"1\",\r\n            \"2\",\r\n            \"3\"\r\n          ]\r\n        },\r\n        {\r\n          \"location\": \"East US\",\r\n          \"zones\": [\r\n            \"1\",\r\n            \"2\",\r\n            \"3\"\r\n          ]\r\n        },\r\n        {\r\n          \"location\": \"UK South\",\r\n          \"zones\": [\r\n            \"1\",\r\n            \"2\",\r\n            \"3\"\r\n          ]\r\n        },\r\n        {\r\n          \"location\": \"Japan East\",\r\n          \"zones\": [\r\n            \"1\",\r\n            \"2\",\r\n            \"3\"\r\n          ]\r\n        },\r\n        {\r\n          \"location\": \"Australia East\",\r\n          \"zones\": [\r\n            \"1\",\r\n            \"2\",\r\n            \"3\"\r\n          ]\r\n        },\r\n        {\r\n          \"location\": \"South Africa North\",\r\n          \"zones\": []\r\n        },\r\n        {\r\n          \"location\": \"South Central US\",\r\n          \"zones\": [\r\n            \"1\",\r\n            \"2\",\r\n            \"3\"\r\n          ]\r\n        },\r\n        {\r\n          \"location\": \"Canada Central\",\r\n          \"zones\": [\r\n            \"1\",\r\n            \"2\",\r\n            \"3\"\r\n          ]\r\n        },\r\n        {\r\n          \"location\": \"Germany West Central\",\r\n          \"zones\": [\r\n            \"1\",\r\n            \"2\",\r\n            \"3\"\r\n          ]\r\n        },\r\n        {\r\n          \"location\": \"Brazil South\",\r\n          \"zones\": [\r\n            \"1\",\r\n            \"2\",\r\n            \"3\"\r\n          ]\r\n        },\r\n        {\r\n          \"location\": \"Central India\",\r\n          \"zones\": []\r\n        },\r\n        {\r\n          \"location\": \"Korea Central\",\r\n          \"zones\": []\r\n        }\r\n      ],\r\n      \"capabilities\": \"CrossResourceGroupResourceMove, CrossSubscriptionResourceMove, SystemAssignedResourceIdentity\"\r\n    },\r\n    {\r\n      \"resourceType\": \"operations\",\r\n      \"locations\": [\r\n        \"East US\",\r\n        \"East US 2\",\r\n        \"West US\",\r\n        \"West Europe\",\r\n        \"East Asia\",\r\n        \"Southeast Asia\",\r\n        \"Japan East\",\r\n        \"Japan West\",\r\n        \"North Central US\",\r\n        \"South Central US\",\r\n        \"Central US\",\r\n        \"North Europe\",\r\n        \"Brazil South\",\r\n        \"Australia East\",\r\n        \"Australia Southeast\",\r\n        \"South India\",\r\n        \"Central India\",\r\n        \"West India\",\r\n        \"Canada East\",\r\n        \"Canada Central\",\r\n        \"West US 2\",\r\n        \"West Central US\",\r\n        \"UK South\",\r\n        \"UK West\",\r\n        \"Korea Central\",\r\n        \"Korea South\",\r\n        \"France Central\",\r\n        \"Australia Central\",\r\n        \"South Africa North\",\r\n        \"UAE North\",\r\n        \"Switzerland North\",\r\n        \"Germany West Central\",\r\n        \"East US 2 (Stage)\",\r\n        \"East US 2 EUAP\",\r\n        \"Central US EUAP\"\r\n      ],\r\n      \"apiVersions\": [\r\n        \"2021-01-01\",\r\n        \"2020-08-01-preview\",\r\n        \"2019-06-01\",\r\n        \"2019-04-01\",\r\n        \"2018-11-01\",\r\n        \"2018-07-01\",\r\n        \"2018-03-01-preview\",\r\n        \"2018-02-01\",\r\n        \"2017-10-01\",\r\n        \"2017-06-01\",\r\n        \"2016-12-01\",\r\n        \"2016-05-01\",\r\n        \"2016-01-01\",\r\n        \"2015-06-15\",\r\n        \"2015-05-01-preview\"\r\n      ]\r\n    },\r\n    {\r\n      \"resourceType\": \"locations/asyncoperations\",\r\n      \"locations\": [\r\n        \"East US\",\r\n        \"East US 2\",\r\n        \"West US\",\r\n        \"West Europe\",\r\n        \"East Asia\",\r\n        \"Southeast Asia\",\r\n        \"Japan East\",\r\n        \"Japan West\",\r\n        \"North Central US\",\r\n        \"South Central US\",\r\n        \"Central US\",\r\n        \"North Europe\",\r\n        \"Brazil South\",\r\n        \"Australia East\",\r\n        \"Australia Southeast\",\r\n        \"South India\",\r\n        \"Central India\",\r\n        \"West India\",\r\n        \"Canada East\",\r\n        \"Canada Central\",\r\n        \"West US 2\",\r\n        \"West Central US\",\r\n        \"UK South\",\r\n        \"UK West\",\r\n        \"Korea Central\",\r\n        \"Korea South\",\r\n        \"France Central\",\r\n        \"Australia Central\",\r\n        \"South Africa North\",\r\n        \"UAE North\",\r\n        \"Switzerland North\",\r\n        \"Germany West Central\",\r\n        \"Norway East\",\r\n        \"East US 2 (Stage)\",\r\n        \"East US 2 EUAP\",\r\n        \"Central US EUAP\"\r\n      ],\r\n      \"apiVersions\": [\r\n        \"2021-01-01\",\r\n        \"2020-08-01-preview\",\r\n        \"2019-06-01\",\r\n        \"2019-04-01\",\r\n        \"2018-11-01\",\r\n        \"2018-07-01\",\r\n        \"2018-03-01-preview\",\r\n        \"2018-02-01\",\r\n        \"2017-10-01\",\r\n        \"2017-06-01\",\r\n        \"2016-12-01\",\r\n        \"2016-05-01\",\r\n        \"2016-01-01\",\r\n        \"2015-06-15\",\r\n        \"2015-05-01-preview\"\r\n      ]\r\n    },\r\n    {\r\n      \"resourceType\": \"storageAccounts/listAccountSas\",\r\n      \"locations\": [\r\n        \"East US\",\r\n        \"East US 2\",\r\n        \"West US\",\r\n        \"West Europe\",\r\n        \"East Asia\",\r\n        \"Southeast Asia\",\r\n        \"Japan East\",\r\n        \"Japan West\",\r\n        \"North Central US\",\r\n        \"South Central US\",\r\n        \"Central US\",\r\n        \"North Europe\",\r\n        \"Brazil South\",\r\n        \"Australia East\",\r\n        \"Australia Southeast\",\r\n        \"South India\",\r\n        \"Central India\",\r\n        \"West India\",\r\n        \"Canada East\",\r\n        \"Canada Central\",\r\n        \"West US 2\",\r\n        \"West Central US\",\r\n        \"UK South\",\r\n        \"UK West\",\r\n        \"Korea Central\",\r\n        \"Korea South\",\r\n        \"France Central\",\r\n        \"Australia Central\",\r\n        \"South Africa North\",\r\n        \"UAE North\",\r\n        \"Switzerland North\",\r\n        \"Germany West Central\",\r\n        \"Norway East\",\r\n        \"East US 2 (Stage)\",\r\n        \"East US 2 EUAP\",\r\n        \"Central US EUAP\"\r\n      ],\r\n      \"apiVersions\": [\r\n        \"2021-01-01\",\r\n        \"2020-08-01-preview\",\r\n        \"2019-06-01\",\r\n        \"2019-04-01\",\r\n        \"2018-11-01\",\r\n        \"2018-07-01\",\r\n        \"2018-03-01-preview\",\r\n        \"2018-02-01\",\r\n        \"2017-10-01\",\r\n        \"2017-06-01\",\r\n        \"2016-12-01\",\r\n        \"2016-05-01\"\r\n      ]\r\n    },\r\n    {\r\n      \"resourceType\": \"storageAccounts/listServiceSas\",\r\n      \"locations\": [\r\n        \"East US\",\r\n        \"East US 2\",\r\n        \"West US\",\r\n        \"West Europe\",\r\n        \"East Asia\",\r\n        \"Southeast Asia\",\r\n        \"Japan East\",\r\n        \"Japan West\",\r\n        \"North Central US\",\r\n        \"South Central US\",\r\n        \"Central US\",\r\n        \"North Europe\",\r\n        \"Brazil South\",\r\n        \"Australia East\",\r\n        \"Australia Southeast\",\r\n        \"South India\",\r\n        \"Central India\",\r\n        \"West India\",\r\n        \"Canada East\",\r\n        \"Canada Central\",\r\n        \"West US 2\",\r\n        \"West Central US\",\r\n        \"UK South\",\r\n        \"UK West\",\r\n        \"Korea Central\",\r\n        \"Korea South\",\r\n        \"France Central\",\r\n        \"Australia Central\",\r\n        \"South Africa North\",\r\n        \"UAE North\",\r\n        \"Switzerland North\",\r\n        \"Germany West Central\",\r\n        \"Norway East\",\r\n        \"East US 2 (Stage)\",\r\n        \"East US 2 EUAP\",\r\n        \"Central US EUAP\"\r\n      ],\r\n      \"apiVersions\": [\r\n        \"2021-01-01\",\r\n        \"2020-08-01-preview\",\r\n        \"2019-06-01\",\r\n        \"2019-04-01\",\r\n        \"2018-11-01\",\r\n        \"2018-07-01\",\r\n        \"2018-03-01-preview\",\r\n        \"2018-02-01\",\r\n        \"2017-10-01\",\r\n        \"2017-06-01\",\r\n        \"2016-12-01\",\r\n        \"2016-05-01\"\r\n      ]\r\n    },\r\n    {\r\n      \"resourceType\": \"storageAccounts/blobServices\",\r\n      \"locations\": [\r\n        \"East US\",\r\n        \"East US 2\",\r\n        \"West US\",\r\n        \"West Europe\",\r\n        \"East Asia\",\r\n        \"Southeast Asia\",\r\n        \"Japan East\",\r\n        \"Japan West\",\r\n        \"North Central US\",\r\n        \"South Central US\",\r\n        \"Central US\",\r\n        \"North Europe\",\r\n        \"Brazil South\",\r\n        \"Australia East\",\r\n        \"Australia Southeast\",\r\n        \"South India\",\r\n        \"Central India\",\r\n        \"West India\",\r\n        \"Canada East\",\r\n        \"Canada Central\",\r\n        \"West US 2\",\r\n        \"West Central US\",\r\n        \"UK South\",\r\n        \"UK West\",\r\n        \"Korea Central\",\r\n        \"Korea South\",\r\n        \"France Central\",\r\n        \"Australia Central\",\r\n        \"South Africa North\",\r\n        \"UAE North\",\r\n        \"Switzerland North\",\r\n        \"Germany West Central\",\r\n        \"Norway East\",\r\n        \"East US 2 (Stage)\",\r\n        \"East US 2 EUAP\",\r\n        \"Central US EUAP\"\r\n      ],\r\n      \"apiVersions\": [\r\n        \"2021-01-01\",\r\n        \"2020-08-01-preview\",\r\n        \"2019-06-01\",\r\n        \"2019-04-01\",\r\n        \"2018-11-01\",\r\n        \"2018-07-01\",\r\n        \"2018-03-01-preview\",\r\n        \"2018-02-01\",\r\n        \"2017-10-01\",\r\n        \"2017-06-01\",\r\n        \"2016-12-01\",\r\n        \"2016-05-01\"\r\n      ]\r\n    },\r\n    {\r\n      \"resourceType\": \"storageAccounts/tableServices\",\r\n      \"locations\": [\r\n        \"East US\",\r\n        \"East US 2\",\r\n        \"West US\",\r\n        \"West Europe\",\r\n        \"East Asia\",\r\n        \"Southeast Asia\",\r\n        \"Japan East\",\r\n        \"Japan West\",\r\n        \"North Central US\",\r\n        \"South Central US\",\r\n        \"Central US\",\r\n        \"North Europe\",\r\n        \"Brazil South\",\r\n        \"Australia East\",\r\n        \"Australia Southeast\",\r\n        \"South India\",\r\n        \"Central India\",\r\n        \"West India\",\r\n        \"Canada East\",\r\n        \"Canada Central\",\r\n        \"West US 2\",\r\n        \"West Central US\",\r\n        \"UK South\",\r\n        \"UK West\",\r\n        \"Korea Central\",\r\n        \"Korea South\",\r\n        \"France Central\",\r\n        \"Australia Central\",\r\n        \"South Africa North\",\r\n        \"UAE North\",\r\n        \"Switzerland North\",\r\n        \"Germany West Central\",\r\n        \"Norway East\",\r\n        \"East US 2 (Stage)\",\r\n        \"East US 2 EUAP\",\r\n        \"Central US EUAP\"\r\n      ],\r\n      \"apiVersions\": [\r\n        \"2021-01-01\",\r\n        \"2020-08-01-preview\",\r\n        \"2019-06-01\",\r\n        \"2019-04-01\",\r\n        \"2018-11-01\",\r\n        \"2018-07-01\",\r\n        \"2018-03-01-preview\",\r\n        \"2018-02-01\",\r\n        \"2017-10-01\",\r\n        \"2017-06-01\",\r\n        \"2016-12-01\",\r\n        \"2016-05-01\"\r\n      ]\r\n    },\r\n    {\r\n      \"resourceType\": \"storageAccounts/queueServices\",\r\n      \"locations\": [\r\n        \"East US\",\r\n        \"East US 2\",\r\n        \"West US\",\r\n        \"West Europe\",\r\n        \"East Asia\",\r\n        \"Southeast Asia\",\r\n        \"Japan East\",\r\n        \"Japan West\",\r\n        \"North Central US\",\r\n        \"South Central US\",\r\n        \"Central US\",\r\n        \"North Europe\",\r\n        \"Brazil South\",\r\n        \"Australia East\",\r\n        \"Australia Southeast\",\r\n        \"South India\",\r\n        \"Central India\",\r\n        \"West India\",\r\n        \"Canada East\",\r\n        \"Canada Central\",\r\n        \"West US 2\",\r\n        \"West Central US\",\r\n        \"UK South\",\r\n        \"UK West\",\r\n        \"Korea Central\",\r\n        \"Korea South\",\r\n        \"France Central\",\r\n        \"Australia Central\",\r\n        \"South Africa North\",\r\n        \"UAE North\",\r\n        \"Switzerland North\",\r\n        \"Germany West Central\",\r\n        \"Norway East\",\r\n        \"East US 2 (Stage)\",\r\n        \"East US 2 EUAP\",\r\n        \"Central US EUAP\"\r\n      ],\r\n      \"apiVersions\": [\r\n        \"2021-01-01\",\r\n        \"2020-08-01-preview\",\r\n        \"2019-06-01\",\r\n        \"2019-04-01\",\r\n        \"2018-11-01\",\r\n        \"2018-07-01\",\r\n        \"2018-03-01-preview\",\r\n        \"2018-02-01\",\r\n        \"2017-10-01\",\r\n        \"2017-06-01\",\r\n        \"2016-12-01\",\r\n        \"2016-05-01\"\r\n      ]\r\n    },\r\n    {\r\n      \"resourceType\": \"storageAccounts/fileServices\",\r\n      \"locations\": [\r\n        \"East US\",\r\n        \"East US 2\",\r\n        \"West US\",\r\n        \"West Europe\",\r\n        \"East Asia\",\r\n        \"Southeast Asia\",\r\n        \"Japan East\",\r\n        \"Japan West\",\r\n        \"North Central US\",\r\n        \"South Central US\",\r\n        \"Central US\",\r\n        \"North Europe\",\r\n        \"Brazil South\",\r\n        \"Australia East\",\r\n        \"Australia Southeast\",\r\n        \"South India\",\r\n        \"Central India\",\r\n        \"West India\",\r\n        \"Canada East\",\r\n        \"Canada Central\",\r\n        \"West US 2\",\r\n        \"West Central US\",\r\n        \"UK South\",\r\n        \"UK West\",\r\n        \"Korea Central\",\r\n        \"Korea South\",\r\n        \"France Central\",\r\n        \"Australia Central\",\r\n        \"South Africa North\",\r\n        \"UAE North\",\r\n        \"Switzerland North\",\r\n        \"Germany West Central\",\r\n        \"Norway East\",\r\n        \"East US 2 (Stage)\",\r\n        \"East US 2 EUAP\",\r\n        \"Central US EUAP\"\r\n      ],\r\n      \"apiVersions\": [\r\n        \"2021-01-01\",\r\n        \"2020-08-01-preview\",\r\n        \"2019-06-01\",\r\n        \"2019-04-01\",\r\n        \"2018-11-01\",\r\n        \"2018-07-01\",\r\n        \"2018-03-01-preview\",\r\n        \"2018-02-01\",\r\n        \"2017-10-01\",\r\n        \"2017-06-01\",\r\n        \"2016-12-01\",\r\n        \"2016-05-01\"\r\n      ]\r\n    },\r\n    {\r\n      \"resourceType\": \"locations\",\r\n      \"locations\": [],\r\n      \"apiVersions\": [\r\n        \"2021-01-01\",\r\n        \"2020-08-01-preview\",\r\n        \"2019-06-01\",\r\n        \"2019-04-01\",\r\n        \"2018-11-01\",\r\n        \"2018-07-01\",\r\n        \"2018-03-01-preview\",\r\n        \"2018-02-01\",\r\n        \"2017-10-01\",\r\n        \"2017-06-01\",\r\n        \"2016-12-01\",\r\n        \"2016-07-01\",\r\n        \"2016-01-01\"\r\n      ]\r\n    },\r\n    {\r\n      \"resourceType\": \"locations/usages\",\r\n      \"locations\": [\r\n        \"East US\",\r\n        \"East US 2\",\r\n        \"West US\",\r\n        \"West Europe\",\r\n        \"East Asia\",\r\n        \"Southeast Asia\",\r\n        \"Japan East\",\r\n        \"Japan West\",\r\n        \"North Central US\",\r\n        \"South Central US\",\r\n        \"Central US\",\r\n        \"North Europe\",\r\n        \"Brazil South\",\r\n        \"Australia East\",\r\n        \"Australia Southeast\",\r\n        \"South India\",\r\n        \"Central India\",\r\n        \"West India\",\r\n        \"Canada East\",\r\n        \"Canada Central\",\r\n        \"West US 2\",\r\n        \"West Central US\",\r\n        \"UK South\",\r\n        \"UK West\",\r\n        \"Korea Central\",\r\n        \"Korea South\",\r\n        \"France Central\",\r\n        \"Australia Central\",\r\n        \"South Africa North\",\r\n        \"UAE North\",\r\n        \"Switzerland North\",\r\n        \"Germany West Central\",\r\n        \"Norway East\",\r\n        \"East US 2 (Stage)\",\r\n        \"East US 2 EUAP\",\r\n        \"Central US EUAP\"\r\n      ],\r\n      \"apiVersions\": [\r\n        \"2021-01-01\",\r\n        \"2020-08-01-preview\",\r\n        \"2019-06-01\",\r\n        \"2019-04-01\",\r\n        \"2018-11-01\",\r\n        \"2018-07-01\",\r\n        \"2018-03-01-preview\",\r\n        \"2018-02-01\",\r\n        \"2017-10-01\",\r\n        \"2017-06-01\",\r\n        \"2016-12-01\"\r\n      ]\r\n    },\r\n    {\r\n      \"resourceType\": \"locations/deleteVirtualNetworkOrSubnets\",\r\n      \"locations\": [\r\n        \"East US\",\r\n        \"East US 2\",\r\n        \"West US\",\r\n        \"West Europe\",\r\n        \"East Asia\",\r\n        \"Southeast Asia\",\r\n        \"Japan East\",\r\n        \"Japan West\",\r\n        \"North Central US\",\r\n        \"South Central US\",\r\n        \"Central US\",\r\n        \"North Europe\",\r\n        \"Brazil South\",\r\n        \"Australia East\",\r\n        \"Australia Southeast\",\r\n        \"South India\",\r\n        \"Central India\",\r\n        \"West India\",\r\n        \"Canada East\",\r\n        \"Canada Central\",\r\n        \"West US 2\",\r\n        \"West Central US\",\r\n        \"UK South\",\r\n        \"UK West\",\r\n        \"Korea Central\",\r\n        \"Korea South\",\r\n        \"France Central\",\r\n        \"Australia Central\",\r\n        \"South Africa North\",\r\n        \"UAE North\",\r\n        \"Switzerland North\",\r\n        \"Germany West Central\",\r\n        \"Norway East\",\r\n        \"East US 2 (Stage)\",\r\n        \"East US 2 EUAP\",\r\n        \"Central US EUAP\"\r\n      ],\r\n      \"apiVersions\": [\r\n        \"2021-01-01\",\r\n        \"2020-08-01-preview\",\r\n        \"2019-06-01\",\r\n        \"2019-04-01\",\r\n        \"2018-11-01\",\r\n        \"2018-07-01\",\r\n        \"2018-03-01-preview\",\r\n        \"2018-02-01\",\r\n        \"2017-10-01\",\r\n        \"2017-06-01\",\r\n        \"2016-12-01\",\r\n        \"2016-07-01\"\r\n      ]\r\n    },\r\n    {\r\n      \"resourceType\": \"usages\",\r\n      \"locations\": [],\r\n      \"apiVersions\": [\r\n        \"2021-01-01\",\r\n        \"2020-08-01-preview\",\r\n        \"2019-06-01\",\r\n        \"2019-04-01\",\r\n        \"2018-11-01\",\r\n        \"2018-07-01\",\r\n        \"2018-03-01-preview\",\r\n        \"2018-02-01\",\r\n        \"2017-10-01\",\r\n        \"2017-06-01\",\r\n        \"2016-12-01\",\r\n        \"2016-05-01\",\r\n        \"2016-01-01\",\r\n        \"2015-06-15\",\r\n        \"2015-05-01-preview\"\r\n      ]\r\n    },\r\n    {\r\n      \"resourceType\": \"checkNameAvailability\",\r\n      \"locations\": [\r\n        \"East US\",\r\n        \"East US 2\",\r\n        \"West US\",\r\n        \"West Europe\",\r\n        \"East Asia\",\r\n        \"Southeast Asia\",\r\n        \"Japan East\",\r\n        \"Japan West\",\r\n        \"North Central US\",\r\n        \"South Central US\",\r\n        \"Central US\",\r\n        \"North Europe\",\r\n        \"Brazil South\",\r\n        \"Australia East\",\r\n        \"Australia Southeast\",\r\n        \"South India\",\r\n        \"Central India\",\r\n        \"West India\",\r\n        \"Canada East\",\r\n        \"Canada Central\",\r\n        \"West US 2\",\r\n        \"West Central US\",\r\n        \"UK South\",\r\n        \"UK West\",\r\n        \"Korea Central\",\r\n        \"Korea South\",\r\n        \"France Central\",\r\n        \"Australia Central\",\r\n        \"South Africa North\",\r\n        \"UAE North\",\r\n        \"Switzerland North\",\r\n        \"Germany West Central\",\r\n        \"East US 2 (Stage)\",\r\n        \"East US 2 EUAP\",\r\n        \"Central US EUAP\"\r\n      ],\r\n      \"apiVersions\": [\r\n        \"2021-01-01\",\r\n        \"2020-08-01-preview\",\r\n        \"2019-06-01\",\r\n        \"2019-04-01\",\r\n        \"2018-11-01\",\r\n        \"2018-07-01\",\r\n        \"2018-03-01-preview\",\r\n        \"2018-02-01\",\r\n        \"2017-10-01\",\r\n        \"2017-06-01\",\r\n        \"2016-12-01\",\r\n        \"2016-05-01\",\r\n        \"2016-01-01\",\r\n        \"2015-06-15\",\r\n        \"2015-05-01-preview\"\r\n      ]\r\n    },\r\n    {\r\n      \"resourceType\": \"locations/checkNameAvailability\",\r\n      \"locations\": [\r\n        \"East US\",\r\n        \"East US 2\",\r\n        \"West US\",\r\n        \"West Europe\",\r\n        \"East Asia\",\r\n        \"Southeast Asia\",\r\n        \"Japan East\",\r\n        \"Japan West\",\r\n        \"North Central US\",\r\n        \"South Central US\",\r\n        \"Central US\",\r\n        \"North Europe\",\r\n        \"Brazil South\",\r\n        \"Australia East\",\r\n        \"Australia Southeast\",\r\n        \"South India\",\r\n        \"Central India\",\r\n        \"West India\",\r\n        \"Canada East\",\r\n        \"Canada Central\",\r\n        \"West US 2\",\r\n        \"West Central US\",\r\n        \"UK South\",\r\n        \"UK West\",\r\n        \"Korea Central\",\r\n        \"Korea South\",\r\n        \"France Central\",\r\n        \"Australia Central\",\r\n        \"South Africa North\",\r\n        \"UAE North\",\r\n        \"Switzerland North\",\r\n        \"Germany West Central\",\r\n        \"Norway East\",\r\n        \"East US 2 (Stage)\",\r\n        \"East US 2 EUAP\",\r\n        \"Central US EUAP\"\r\n      ],\r\n      \"apiVersions\": [\r\n        \"2021-01-01\",\r\n        \"2020-08-01-preview\",\r\n        \"2019-06-01\",\r\n        \"2019-04-01\",\r\n        \"2018-11-01\",\r\n        \"2018-07-01\",\r\n        \"2018-02-01\",\r\n        \"2017-10-01\",\r\n        \"2017-06-01\",\r\n        \"2016-12-01\"\r\n      ]\r\n    },\r\n    {\r\n      \"resourceType\": \"storageAccounts/services\",\r\n      \"locations\": [\r\n        \"East US\",\r\n        \"West US\",\r\n        \"East US 2 (Stage)\",\r\n        \"West Europe\",\r\n        \"North Europe\",\r\n        \"East Asia\",\r\n        \"Southeast Asia\",\r\n        \"Japan East\",\r\n        \"Japan West\",\r\n        \"North Central US\",\r\n        \"South Central US\",\r\n        \"East US 2\",\r\n        \"Central US\",\r\n        \"Australia East\",\r\n        \"Australia Southeast\",\r\n        \"Brazil South\",\r\n        \"South India\",\r\n        \"Central India\",\r\n        \"West India\",\r\n        \"Canada East\",\r\n        \"Canada Central\",\r\n        \"West US 2\",\r\n        \"West Central US\",\r\n        \"UK South\",\r\n        \"UK West\",\r\n        \"Korea Central\",\r\n        \"Korea South\",\r\n        \"France Central\",\r\n        \"South Africa North\",\r\n        \"UAE North\",\r\n        \"Switzerland North\",\r\n        \"Germany West Central\",\r\n        \"Norway East\",\r\n        \"East US 2 EUAP\",\r\n        \"Central US EUAP\"\r\n      ],\r\n      \"apiVersions\": [\r\n        \"2014-04-01\"\r\n      ]\r\n    },\r\n    {\r\n      \"resourceType\": \"storageAccounts/services/metricDefinitions\",\r\n      \"locations\": [\r\n        \"East US\",\r\n        \"West US\",\r\n        \"East US 2 (Stage)\",\r\n        \"West Europe\",\r\n        \"North Europe\",\r\n        \"East Asia\",\r\n        \"Southeast Asia\",\r\n        \"Japan East\",\r\n        \"Japan West\",\r\n        \"North Central US\",\r\n        \"South Central US\",\r\n        \"East US 2\",\r\n        \"Central US\",\r\n        \"Australia East\",\r\n        \"Australia Southeast\",\r\n        \"Brazil South\",\r\n        \"South India\",\r\n        \"Central India\",\r\n        \"West India\",\r\n        \"Canada East\",\r\n        \"Canada Central\",\r\n        \"West US 2\",\r\n        \"West Central US\",\r\n        \"UK South\",\r\n        \"UK West\",\r\n        \"Korea Central\",\r\n        \"Korea South\",\r\n        \"France Central\",\r\n        \"South Africa North\",\r\n        \"UAE North\",\r\n        \"Switzerland North\",\r\n        \"Germany West Central\",\r\n        \"Norway East\",\r\n        \"East US 2 EUAP\",\r\n        \"Central US EUAP\"\r\n      ],\r\n      \"apiVersions\": [\r\n        \"2014-04-01\"\r\n      ]\r\n    }\r\n  ],\r\n  \"registrationState\": \"Registered\"\r\n}",
      "StatusCode": 200
    },
    {
      "RequestUri": "/subscriptions/45b60d85-fd72-427a-a708-f994d26e593e/resourcegroups/pstestrg5154?api-version=2016-09-01",
      "EncodedRequestUri": "L3N1YnNjcmlwdGlvbnMvNDViNjBkODUtZmQ3Mi00MjdhLWE3MDgtZjk5NGQyNmU1OTNlL3Jlc291cmNlZ3JvdXBzL3BzdGVzdHJnNTE1ND9hcGktdmVyc2lvbj0yMDE2LTA5LTAx",
      "RequestMethod": "PUT",
      "RequestBody": "{\r\n  \"location\": \"West US\"\r\n}",
      "RequestHeaders": {
        "x-ms-client-request-id": [
          "a9421b64-afe5-46c9-be30-ce7109837f9b"
        ],
        "Accept-Language": [
          "en-US"
        ],
        "User-Agent": [
          "FxVersion/4.6.29812.02",
          "OSName/Windows",
          "OSVersion/Microsoft.Windows.10.0.19042.",
          "Microsoft.Azure.Management.Internal.Resources.ResourceManagementClient/1.3.31"
        ],
        "Content-Type": [
          "application/json; charset=utf-8"
        ],
        "Content-Length": [
          "29"
        ]
      },
      "ResponseHeaders": {
        "Cache-Control": [
          "no-cache"
        ],
        "Pragma": [
          "no-cache"
        ],
        "x-ms-ratelimit-remaining-subscription-writes": [
          "1199"
        ],
        "x-ms-request-id": [
          "28f97ef9-db3c-4457-8f2a-afa6ad605a07"
        ],
        "x-ms-correlation-request-id": [
          "28f97ef9-db3c-4457-8f2a-afa6ad605a07"
        ],
        "x-ms-routing-request-id": [
          "SOUTHEASTASIA:20210315T033602Z:28f97ef9-db3c-4457-8f2a-afa6ad605a07"
        ],
        "Strict-Transport-Security": [
          "max-age=31536000; includeSubDomains"
        ],
        "X-Content-Type-Options": [
          "nosniff"
        ],
        "Date": [
          "Mon, 15 Mar 2021 03:36:01 GMT"
        ],
        "Content-Length": [
          "177"
        ],
        "Content-Type": [
          "application/json; charset=utf-8"
        ],
        "Expires": [
          "-1"
        ]
      },
      "ResponseBody": "{\r\n  \"id\": \"/subscriptions/45b60d85-fd72-427a-a708-f994d26e593e/resourceGroups/pstestrg5154\",\r\n  \"name\": \"pstestrg5154\",\r\n  \"location\": \"westus\",\r\n  \"properties\": {\r\n    \"provisioningState\": \"Succeeded\"\r\n  }\r\n}",
      "StatusCode": 201
    },
    {
      "RequestUri": "/subscriptions/45b60d85-fd72-427a-a708-f994d26e593e/providers/Microsoft.Storage/checkNameAvailability?api-version=2023-05-01",
      "EncodedRequestUri": "L3N1YnNjcmlwdGlvbnMvNDViNjBkODUtZmQ3Mi00MjdhLWE3MDgtZjk5NGQyNmU1OTNlL3Byb3ZpZGVycy9NaWNyb3NvZnQuU3RvcmFnZS9jaGVja05hbWVBdmFpbGFiaWxpdHk/YXBpLXZlcnNpb249MjAyMy0wNS0wMQ==",
      "RequestMethod": "POST",
      "RequestBody": "{\r\n  \"name\": \"stopstestrg5154\",\r\n  \"type\": \"Microsoft.Storage/storageAccounts\"\r\n}",
      "RequestHeaders": {
        "x-ms-client-request-id": [
          "da00fedc-0dba-4cb3-b680-e5448039a795"
        ],
        "Accept-Language": [
          "en-US"
        ],
        "User-Agent": [
          "FxVersion/4.6.29812.02",
          "OSName/Windows",
          "OSVersion/Microsoft.Windows.10.0.19042.",
          "Microsoft.Azure.Management.Storage.StorageManagementClient/19.0.0.0"
        ],
        "Content-Type": [
          "application/json; charset=utf-8"
        ],
        "Content-Length": [
          "81"
        ]
      },
      "ResponseHeaders": {
        "Cache-Control": [
          "no-cache"
        ],
        "Pragma": [
          "no-cache"
        ],
        "x-ms-request-id": [
          "21cdb732-05ce-4ff0-9360-1aac2dc088bd"
        ],
        "Strict-Transport-Security": [
          "max-age=31536000; includeSubDomains"
        ],
        "Server": [
          "Microsoft-Azure-Storage-Resource-Provider/1.0,Microsoft-HTTPAPI/2.0 Microsoft-HTTPAPI/2.0"
        ],
        "x-ms-ratelimit-remaining-subscription-reads": [
          "11999"
        ],
        "x-ms-correlation-request-id": [
          "2bd87932-e232-43b6-a8ae-c009be4b49a6"
        ],
        "x-ms-routing-request-id": [
          "SOUTHEASTASIA:20210315T033603Z:2bd87932-e232-43b6-a8ae-c009be4b49a6"
        ],
        "X-Content-Type-Options": [
          "nosniff"
        ],
        "Date": [
          "Mon, 15 Mar 2021 03:36:02 GMT"
        ],
        "Content-Length": [
          "22"
        ],
        "Content-Type": [
          "application/json"
        ],
        "Expires": [
          "-1"
        ]
      },
      "ResponseBody": "{\r\n  \"nameAvailable\": true\r\n}",
      "StatusCode": 200
    },
    {
      "RequestUri": "/subscriptions/45b60d85-fd72-427a-a708-f994d26e593e/resourceGroups/pstestrg5154/providers/Microsoft.Storage/storageAccounts/stopstestrg5154?api-version=2023-05-01",
      "EncodedRequestUri": "L3N1YnNjcmlwdGlvbnMvNDViNjBkODUtZmQ3Mi00MjdhLWE3MDgtZjk5NGQyNmU1OTNlL3Jlc291cmNlR3JvdXBzL3BzdGVzdHJnNTE1NC9wcm92aWRlcnMvTWljcm9zb2Z0LlN0b3JhZ2Uvc3RvcmFnZUFjY291bnRzL3N0b3BzdGVzdHJnNTE1ND9hcGktdmVyc2lvbj0yMDIzLTA1LTAx",
      "RequestMethod": "PUT",
      "RequestBody": "{\r\n  \"sku\": {\r\n    \"name\": \"Standard_LRS\"\r\n  },\r\n  \"kind\": \"StorageV2\",\r\n  \"location\": \"eastus2(stage)\"\r\n}",
      "RequestHeaders": {
        "x-ms-client-request-id": [
          "da00fedc-0dba-4cb3-b680-e5448039a795"
        ],
        "Accept-Language": [
          "en-US"
        ],
        "User-Agent": [
          "FxVersion/4.6.29812.02",
          "OSName/Windows",
          "OSVersion/Microsoft.Windows.10.0.19042.",
          "Microsoft.Azure.Management.Storage.StorageManagementClient/19.0.0.0"
        ],
        "Content-Type": [
          "application/json; charset=utf-8"
        ],
        "Content-Length": [
          "106"
        ]
      },
      "ResponseHeaders": {
        "Cache-Control": [
          "no-cache"
        ],
        "Pragma": [
          "no-cache"
        ],
        "Location": [
          "https://management.azure.com/subscriptions/45b60d85-fd72-427a-a708-f994d26e593e/providers/Microsoft.Storage/locations/eastus2(stage)/asyncoperations/cfb07d8c-d577-4370-9168-ba428c694938?monitor=true&api-version=2023-05-01"
        ],
        "Retry-After": [
          "17"
        ],
        "x-ms-request-id": [
          "cfb07d8c-d577-4370-9168-ba428c694938"
        ],
        "Strict-Transport-Security": [
          "max-age=31536000; includeSubDomains"
        ],
        "Server": [
          "Microsoft-Azure-Storage-Resource-Provider/1.0,Microsoft-HTTPAPI/2.0 Microsoft-HTTPAPI/2.0"
        ],
        "x-ms-ratelimit-remaining-subscription-writes": [
          "1199"
        ],
        "x-ms-correlation-request-id": [
          "64d0e5c5-7a47-4413-abd6-4247d7e731c9"
        ],
        "x-ms-routing-request-id": [
          "SOUTHEASTASIA:20210315T033610Z:64d0e5c5-7a47-4413-abd6-4247d7e731c9"
        ],
        "X-Content-Type-Options": [
          "nosniff"
        ],
        "Date": [
          "Mon, 15 Mar 2021 03:36:09 GMT"
        ],
        "Content-Type": [
          "text/plain; charset=utf-8"
        ],
        "Expires": [
          "-1"
        ],
        "Content-Length": [
          "0"
        ]
      },
      "ResponseBody": "",
      "StatusCode": 202
    },
    {
      "RequestUri": "/subscriptions/45b60d85-fd72-427a-a708-f994d26e593e/providers/Microsoft.Storage/locations/eastus2(stage)/asyncoperations/cfb07d8c-d577-4370-9168-ba428c694938?monitor=true&api-version=2023-05-01",
      "EncodedRequestUri": "L3N1YnNjcmlwdGlvbnMvNDViNjBkODUtZmQ3Mi00MjdhLWE3MDgtZjk5NGQyNmU1OTNlL3Byb3ZpZGVycy9NaWNyb3NvZnQuU3RvcmFnZS9sb2NhdGlvbnMvZWFzdHVzMihzdGFnZSkvYXN5bmNvcGVyYXRpb25zL2NmYjA3ZDhjLWQ1NzctNDM3MC05MTY4LWJhNDI4YzY5NDkzOD9tb25pdG9yPXRydWUmYXBpLXZlcnNpb249MjAyMy0wNS0wMQ==",
      "RequestMethod": "GET",
      "RequestBody": "",
      "RequestHeaders": {
        "x-ms-client-request-id": [
          "da00fedc-0dba-4cb3-b680-e5448039a795"
        ],
        "User-Agent": [
          "FxVersion/4.6.29812.02",
          "OSName/Windows",
          "OSVersion/Microsoft.Windows.10.0.19042.",
          "Microsoft.Azure.Management.Storage.StorageManagementClient/19.0.0.0"
        ]
      },
      "ResponseHeaders": {
        "Cache-Control": [
          "no-cache"
        ],
        "Pragma": [
          "no-cache"
        ],
        "x-ms-request-id": [
          "c7f5cc1a-bd62-442f-9690-b81ef8de6bab"
        ],
        "Strict-Transport-Security": [
          "max-age=31536000; includeSubDomains"
        ],
        "Server": [
          "Microsoft-Azure-Storage-Resource-Provider/1.0,Microsoft-HTTPAPI/2.0 Microsoft-HTTPAPI/2.0"
        ],
        "x-ms-ratelimit-remaining-subscription-reads": [
          "11998"
        ],
        "x-ms-correlation-request-id": [
          "12a38da5-cfe2-4ac6-babe-597e5b7e7ec7"
        ],
        "x-ms-routing-request-id": [
          "SOUTHEASTASIA:20210315T033627Z:12a38da5-cfe2-4ac6-babe-597e5b7e7ec7"
        ],
        "X-Content-Type-Options": [
          "nosniff"
        ],
        "Date": [
          "Mon, 15 Mar 2021 03:36:27 GMT"
        ],
        "Content-Length": [
          "1271"
        ],
        "Content-Type": [
          "application/json"
        ],
        "Expires": [
          "-1"
        ]
      },
      "ResponseBody": "{\r\n  \"sku\": {\r\n    \"name\": \"Standard_LRS\",\r\n    \"tier\": \"Standard\"\r\n  },\r\n  \"kind\": \"StorageV2\",\r\n  \"id\": \"/subscriptions/45b60d85-fd72-427a-a708-f994d26e593e/resourceGroups/pstestrg5154/providers/Microsoft.Storage/storageAccounts/stopstestrg5154\",\r\n  \"name\": \"stopstestrg5154\",\r\n  \"type\": \"Microsoft.Storage/storageAccounts\",\r\n  \"location\": \"eastus2(stage)\",\r\n  \"tags\": {},\r\n  \"properties\": {\r\n    \"privateEndpointConnections\": [],\r\n    \"networkAcls\": {\r\n      \"bypass\": \"AzureServices\",\r\n      \"virtualNetworkRules\": [],\r\n      \"ipRules\": [],\r\n      \"defaultAction\": \"Allow\"\r\n    },\r\n    \"supportsHttpsTrafficOnly\": true,\r\n    \"encryption\": {\r\n      \"services\": {\r\n        \"file\": {\r\n          \"keyType\": \"Account\",\r\n          \"enabled\": true,\r\n          \"lastEnabledTime\": \"2021-03-15T03:36:08.5675041Z\"\r\n        },\r\n        \"blob\": {\r\n          \"keyType\": \"Account\",\r\n          \"enabled\": true,\r\n          \"lastEnabledTime\": \"2021-03-15T03:36:08.5675041Z\"\r\n        }\r\n      },\r\n      \"keySource\": \"Microsoft.Storage\"\r\n    },\r\n    \"accessTier\": \"Hot\",\r\n    \"provisioningState\": \"Succeeded\",\r\n    \"creationTime\": \"2021-03-15T03:36:08.4224788Z\",\r\n    \"primaryEndpoints\": {\r\n      \"dfs\": \"https://stopstestrg5154.dfs.core.windows.net/\",\r\n      \"web\": \"https://stopstestrg5154.z1.web.core.windows.net/\",\r\n      \"blob\": \"https://stopstestrg5154.blob.core.windows.net/\",\r\n      \"queue\": \"https://stopstestrg5154.queue.core.windows.net/\",\r\n      \"table\": \"https://stopstestrg5154.table.core.windows.net/\",\r\n      \"file\": \"https://stopstestrg5154.file.core.windows.net/\"\r\n    },\r\n    \"primaryLocation\": \"eastus2(stage)\",\r\n    \"statusOfPrimary\": \"available\"\r\n  }\r\n}",
      "StatusCode": 200
    },
    {
      "RequestUri": "/subscriptions/45b60d85-fd72-427a-a708-f994d26e593e/resourceGroups/pstestrg5154/providers/Microsoft.Storage/storageAccounts/stopstestrg5154?api-version=2023-05-01",
      "EncodedRequestUri": "L3N1YnNjcmlwdGlvbnMvNDViNjBkODUtZmQ3Mi00MjdhLWE3MDgtZjk5NGQyNmU1OTNlL3Jlc291cmNlR3JvdXBzL3BzdGVzdHJnNTE1NC9wcm92aWRlcnMvTWljcm9zb2Z0LlN0b3JhZ2Uvc3RvcmFnZUFjY291bnRzL3N0b3BzdGVzdHJnNTE1ND9hcGktdmVyc2lvbj0yMDIzLTA1LTAx",
      "RequestMethod": "GET",
      "RequestBody": "",
      "RequestHeaders": {
        "x-ms-client-request-id": [
          "da00fedc-0dba-4cb3-b680-e5448039a795"
        ],
        "Accept-Language": [
          "en-US"
        ],
        "User-Agent": [
          "FxVersion/4.6.29812.02",
          "OSName/Windows",
          "OSVersion/Microsoft.Windows.10.0.19042.",
          "Microsoft.Azure.Management.Storage.StorageManagementClient/19.0.0.0"
        ]
      },
      "ResponseHeaders": {
        "Cache-Control": [
          "no-cache"
        ],
        "Pragma": [
          "no-cache"
        ],
        "x-ms-request-id": [
          "a825d665-fee0-4ccb-82ea-73ccd65be510"
        ],
        "Strict-Transport-Security": [
          "max-age=31536000; includeSubDomains"
        ],
        "Server": [
          "Microsoft-Azure-Storage-Resource-Provider/1.0,Microsoft-HTTPAPI/2.0 Microsoft-HTTPAPI/2.0"
        ],
        "x-ms-ratelimit-remaining-subscription-reads": [
          "11997"
        ],
        "x-ms-correlation-request-id": [
          "1aed19f9-2915-466c-9922-d0254524c789"
        ],
        "x-ms-routing-request-id": [
          "SOUTHEASTASIA:20210315T033628Z:1aed19f9-2915-466c-9922-d0254524c789"
        ],
        "X-Content-Type-Options": [
          "nosniff"
        ],
        "Date": [
          "Mon, 15 Mar 2021 03:36:27 GMT"
        ],
        "Content-Length": [
          "1271"
        ],
        "Content-Type": [
          "application/json"
        ],
        "Expires": [
          "-1"
        ]
      },
      "ResponseBody": "{\r\n  \"sku\": {\r\n    \"name\": \"Standard_LRS\",\r\n    \"tier\": \"Standard\"\r\n  },\r\n  \"kind\": \"StorageV2\",\r\n  \"id\": \"/subscriptions/45b60d85-fd72-427a-a708-f994d26e593e/resourceGroups/pstestrg5154/providers/Microsoft.Storage/storageAccounts/stopstestrg5154\",\r\n  \"name\": \"stopstestrg5154\",\r\n  \"type\": \"Microsoft.Storage/storageAccounts\",\r\n  \"location\": \"eastus2(stage)\",\r\n  \"tags\": {},\r\n  \"properties\": {\r\n    \"privateEndpointConnections\": [],\r\n    \"networkAcls\": {\r\n      \"bypass\": \"AzureServices\",\r\n      \"virtualNetworkRules\": [],\r\n      \"ipRules\": [],\r\n      \"defaultAction\": \"Allow\"\r\n    },\r\n    \"supportsHttpsTrafficOnly\": true,\r\n    \"encryption\": {\r\n      \"services\": {\r\n        \"file\": {\r\n          \"keyType\": \"Account\",\r\n          \"enabled\": true,\r\n          \"lastEnabledTime\": \"2021-03-15T03:36:08.5675041Z\"\r\n        },\r\n        \"blob\": {\r\n          \"keyType\": \"Account\",\r\n          \"enabled\": true,\r\n          \"lastEnabledTime\": \"2021-03-15T03:36:08.5675041Z\"\r\n        }\r\n      },\r\n      \"keySource\": \"Microsoft.Storage\"\r\n    },\r\n    \"accessTier\": \"Hot\",\r\n    \"provisioningState\": \"Succeeded\",\r\n    \"creationTime\": \"2021-03-15T03:36:08.4224788Z\",\r\n    \"primaryEndpoints\": {\r\n      \"dfs\": \"https://stopstestrg5154.dfs.core.windows.net/\",\r\n      \"web\": \"https://stopstestrg5154.z1.web.core.windows.net/\",\r\n      \"blob\": \"https://stopstestrg5154.blob.core.windows.net/\",\r\n      \"queue\": \"https://stopstestrg5154.queue.core.windows.net/\",\r\n      \"table\": \"https://stopstestrg5154.table.core.windows.net/\",\r\n      \"file\": \"https://stopstestrg5154.file.core.windows.net/\"\r\n    },\r\n    \"primaryLocation\": \"eastus2(stage)\",\r\n    \"statusOfPrimary\": \"available\"\r\n  }\r\n}",
      "StatusCode": 200
    },
    {
      "RequestUri": "/subscriptions/45b60d85-fd72-427a-a708-f994d26e593e/resourceGroups/pstestrg5154/providers/Microsoft.Storage/storageAccounts?api-version=2023-05-01",
      "EncodedRequestUri": "L3N1YnNjcmlwdGlvbnMvNDViNjBkODUtZmQ3Mi00MjdhLWE3MDgtZjk5NGQyNmU1OTNlL3Jlc291cmNlR3JvdXBzL3BzdGVzdHJnNTE1NC9wcm92aWRlcnMvTWljcm9zb2Z0LlN0b3JhZ2Uvc3RvcmFnZUFjY291bnRzP2FwaS12ZXJzaW9uPTIwMjMtMDUtMDE=",
      "RequestMethod": "GET",
      "RequestBody": "",
      "RequestHeaders": {
        "x-ms-client-request-id": [
          "b1b48c8a-8ebb-4384-973f-4cf1f2640956"
        ],
        "Accept-Language": [
          "en-US"
        ],
        "User-Agent": [
          "FxVersion/4.6.29812.02",
          "OSName/Windows",
          "OSVersion/Microsoft.Windows.10.0.19042.",
          "Microsoft.Azure.Management.Storage.StorageManagementClient/19.0.0.0"
        ]
      },
      "ResponseHeaders": {
        "Cache-Control": [
          "no-cache"
        ],
        "Pragma": [
          "no-cache"
        ],
        "x-ms-request-id": [
          "31d79ce5-fc7d-479d-9895-4520ddb8d99b"
        ],
        "Strict-Transport-Security": [
          "max-age=31536000; includeSubDomains"
        ],
        "Server": [
          "Microsoft-Azure-Storage-Resource-Provider/1.0,Microsoft-HTTPAPI/2.0 Microsoft-HTTPAPI/2.0"
        ],
        "x-ms-ratelimit-remaining-subscription-reads": [
          "11996"
        ],
        "x-ms-correlation-request-id": [
          "03e6c325-4002-42d7-a986-53ad286c57ab"
        ],
        "x-ms-routing-request-id": [
          "SOUTHEASTASIA:20210315T033628Z:03e6c325-4002-42d7-a986-53ad286c57ab"
        ],
        "X-Content-Type-Options": [
          "nosniff"
        ],
        "Date": [
          "Mon, 15 Mar 2021 03:36:28 GMT"
        ],
        "Content-Length": [
          "1283"
        ],
        "Content-Type": [
          "application/json"
        ],
        "Expires": [
          "-1"
        ]
      },
      "ResponseBody": "{\r\n  \"value\": [\r\n    {\r\n      \"sku\": {\r\n        \"name\": \"Standard_LRS\",\r\n        \"tier\": \"Standard\"\r\n      },\r\n      \"kind\": \"StorageV2\",\r\n      \"id\": \"/subscriptions/45b60d85-fd72-427a-a708-f994d26e593e/resourceGroups/pstestrg5154/providers/Microsoft.Storage/storageAccounts/stopstestrg5154\",\r\n      \"name\": \"stopstestrg5154\",\r\n      \"type\": \"Microsoft.Storage/storageAccounts\",\r\n      \"location\": \"eastus2(stage)\",\r\n      \"tags\": {},\r\n      \"properties\": {\r\n        \"privateEndpointConnections\": [],\r\n        \"networkAcls\": {\r\n          \"bypass\": \"AzureServices\",\r\n          \"virtualNetworkRules\": [],\r\n          \"ipRules\": [],\r\n          \"defaultAction\": \"Allow\"\r\n        },\r\n        \"supportsHttpsTrafficOnly\": true,\r\n        \"encryption\": {\r\n          \"services\": {\r\n            \"file\": {\r\n              \"keyType\": \"Account\",\r\n              \"enabled\": true,\r\n              \"lastEnabledTime\": \"2021-03-15T03:36:08.5675041Z\"\r\n            },\r\n            \"blob\": {\r\n              \"keyType\": \"Account\",\r\n              \"enabled\": true,\r\n              \"lastEnabledTime\": \"2021-03-15T03:36:08.5675041Z\"\r\n            }\r\n          },\r\n          \"keySource\": \"Microsoft.Storage\"\r\n        },\r\n        \"accessTier\": \"Hot\",\r\n        \"provisioningState\": \"Succeeded\",\r\n        \"creationTime\": \"2021-03-15T03:36:08.4224788Z\",\r\n        \"primaryEndpoints\": {\r\n          \"dfs\": \"https://stopstestrg5154.dfs.core.windows.net/\",\r\n          \"web\": \"https://stopstestrg5154.z1.web.core.windows.net/\",\r\n          \"blob\": \"https://stopstestrg5154.blob.core.windows.net/\",\r\n          \"queue\": \"https://stopstestrg5154.queue.core.windows.net/\",\r\n          \"table\": \"https://stopstestrg5154.table.core.windows.net/\",\r\n          \"file\": \"https://stopstestrg5154.file.core.windows.net/\"\r\n        },\r\n        \"primaryLocation\": \"eastus2(stage)\",\r\n        \"statusOfPrimary\": \"available\"\r\n      }\r\n    }\r\n  ]\r\n}",
      "StatusCode": 200
    },
    {
      "RequestUri": "/subscriptions/45b60d85-fd72-427a-a708-f994d26e593e/resourceGroups/pstestrg5154/providers/Microsoft.Storage/storageAccounts/stopstestrg5154/blobServices/default?api-version=2023-05-01",
      "EncodedRequestUri": "L3N1YnNjcmlwdGlvbnMvNDViNjBkODUtZmQ3Mi00MjdhLWE3MDgtZjk5NGQyNmU1OTNlL3Jlc291cmNlR3JvdXBzL3BzdGVzdHJnNTE1NC9wcm92aWRlcnMvTWljcm9zb2Z0LlN0b3JhZ2Uvc3RvcmFnZUFjY291bnRzL3N0b3BzdGVzdHJnNTE1NC9ibG9iU2VydmljZXMvZGVmYXVsdD9hcGktdmVyc2lvbj0yMDIzLTA1LTAx",
      "RequestMethod": "PUT",
      "RequestBody": "{\r\n  \"properties\": {\r\n    \"changeFeed\": {\r\n      \"enabled\": true,\r\n      \"retentionInDays\": 5\r\n    }\r\n  }\r\n}",
      "RequestHeaders": {
        "x-ms-client-request-id": [
          "04ce3919-1fe8-42d5-9c9f-97bfb32b8c24"
        ],
        "Accept-Language": [
          "en-US"
        ],
        "User-Agent": [
          "FxVersion/4.6.29812.02",
          "OSName/Windows",
          "OSVersion/Microsoft.Windows.10.0.19042.",
          "Microsoft.Azure.Management.Storage.StorageManagementClient/19.0.0.0"
        ],
        "Content-Type": [
          "application/json; charset=utf-8"
        ],
        "Content-Length": [
          "108"
        ]
      },
      "ResponseHeaders": {
        "Cache-Control": [
          "no-cache"
        ],
        "Pragma": [
          "no-cache"
        ],
        "x-ms-request-id": [
          "3e595531-13a4-40b2-a281-3ba452c68732"
        ],
        "Strict-Transport-Security": [
          "max-age=31536000; includeSubDomains"
        ],
        "Server": [
          "Microsoft-Azure-Storage-Resource-Provider/1.0,Microsoft-HTTPAPI/2.0 Microsoft-HTTPAPI/2.0"
        ],
        "x-ms-ratelimit-remaining-subscription-writes": [
          "1198"
        ],
        "x-ms-correlation-request-id": [
          "d08bdea5-e33e-473e-a46e-397c6d877798"
        ],
        "x-ms-routing-request-id": [
          "SOUTHEASTASIA:20210315T033629Z:d08bdea5-e33e-473e-a46e-397c6d877798"
        ],
        "X-Content-Type-Options": [
          "nosniff"
        ],
        "Date": [
          "Mon, 15 Mar 2021 03:36:29 GMT"
        ],
        "Content-Length": [
          "307"
        ],
        "Content-Type": [
          "application/json"
        ],
        "Expires": [
          "-1"
        ]
      },
      "ResponseBody": "{\r\n  \"id\": \"/subscriptions/45b60d85-fd72-427a-a708-f994d26e593e/resourceGroups/pstestrg5154/providers/Microsoft.Storage/storageAccounts/stopstestrg5154/blobServices/default\",\r\n  \"name\": \"default\",\r\n  \"type\": \"Microsoft.Storage/storageAccounts/blobServices\",\r\n  \"properties\": {\r\n    \"changeFeed\": {\r\n      \"retentionInDays\": 5,\r\n      \"enabled\": true\r\n    }\r\n  }\r\n}",
      "StatusCode": 200
    },
    {
      "RequestUri": "/subscriptions/45b60d85-fd72-427a-a708-f994d26e593e/resourceGroups/pstestrg5154/providers/Microsoft.Storage/storageAccounts/stopstestrg5154/blobServices/default?api-version=2023-05-01",
      "EncodedRequestUri": "L3N1YnNjcmlwdGlvbnMvNDViNjBkODUtZmQ3Mi00MjdhLWE3MDgtZjk5NGQyNmU1OTNlL3Jlc291cmNlR3JvdXBzL3BzdGVzdHJnNTE1NC9wcm92aWRlcnMvTWljcm9zb2Z0LlN0b3JhZ2Uvc3RvcmFnZUFjY291bnRzL3N0b3BzdGVzdHJnNTE1NC9ibG9iU2VydmljZXMvZGVmYXVsdD9hcGktdmVyc2lvbj0yMDIzLTA1LTAx",
      "RequestMethod": "PUT",
      "RequestBody": "{\r\n  \"properties\": {\r\n    \"changeFeed\": {\r\n      \"enabled\": false\r\n    }\r\n  }\r\n}",
      "RequestHeaders": {
        "x-ms-client-request-id": [
          "e9f1f317-a832-4040-9386-eb7437be917f"
        ],
        "Accept-Language": [
          "en-US"
        ],
        "User-Agent": [
          "FxVersion/4.6.29812.02",
          "OSName/Windows",
          "OSVersion/Microsoft.Windows.10.0.19042.",
          "Microsoft.Azure.Management.Storage.StorageManagementClient/19.0.0.0"
        ],
        "Content-Type": [
          "application/json; charset=utf-8"
        ],
        "Content-Length": [
          "80"
        ]
      },
      "ResponseHeaders": {
        "Cache-Control": [
          "no-cache"
        ],
        "Pragma": [
          "no-cache"
        ],
        "x-ms-request-id": [
          "ee686757-197f-4e60-8ebf-75cce7f1beac"
        ],
        "Strict-Transport-Security": [
          "max-age=31536000; includeSubDomains"
        ],
        "Server": [
          "Microsoft-Azure-Storage-Resource-Provider/1.0,Microsoft-HTTPAPI/2.0 Microsoft-HTTPAPI/2.0"
        ],
        "x-ms-ratelimit-remaining-subscription-writes": [
          "1197"
        ],
        "x-ms-correlation-request-id": [
          "26523070-83ea-4301-8f9b-eea617a5e12c"
        ],
        "x-ms-routing-request-id": [
          "SOUTHEASTASIA:20210315T033630Z:26523070-83ea-4301-8f9b-eea617a5e12c"
        ],
        "X-Content-Type-Options": [
          "nosniff"
        ],
        "Date": [
          "Mon, 15 Mar 2021 03:36:30 GMT"
        ],
        "Content-Length": [
          "288"
        ],
        "Content-Type": [
          "application/json"
        ],
        "Expires": [
          "-1"
        ]
      },
      "ResponseBody": "{\r\n  \"id\": \"/subscriptions/45b60d85-fd72-427a-a708-f994d26e593e/resourceGroups/pstestrg5154/providers/Microsoft.Storage/storageAccounts/stopstestrg5154/blobServices/default\",\r\n  \"name\": \"default\",\r\n  \"type\": \"Microsoft.Storage/storageAccounts/blobServices\",\r\n  \"properties\": {\r\n    \"changeFeed\": {\r\n      \"enabled\": false\r\n    }\r\n  }\r\n}",
      "StatusCode": 200
    },
    {
      "RequestUri": "/subscriptions/45b60d85-fd72-427a-a708-f994d26e593e/resourceGroups/pstestrg5154/providers/Microsoft.Storage/storageAccounts/stopstestrg5154/blobServices/default?api-version=2023-05-01",
      "EncodedRequestUri": "L3N1YnNjcmlwdGlvbnMvNDViNjBkODUtZmQ3Mi00MjdhLWE3MDgtZjk5NGQyNmU1OTNlL3Jlc291cmNlR3JvdXBzL3BzdGVzdHJnNTE1NC9wcm92aWRlcnMvTWljcm9zb2Z0LlN0b3JhZ2Uvc3RvcmFnZUFjY291bnRzL3N0b3BzdGVzdHJnNTE1NC9ibG9iU2VydmljZXMvZGVmYXVsdD9hcGktdmVyc2lvbj0yMDIzLTA1LTAx",
      "RequestMethod": "GET",
      "RequestBody": "",
      "RequestHeaders": {
        "x-ms-client-request-id": [
          "04ce3919-1fe8-42d5-9c9f-97bfb32b8c24"
        ],
        "Accept-Language": [
          "en-US"
        ],
        "User-Agent": [
          "FxVersion/4.6.29812.02",
          "OSName/Windows",
          "OSVersion/Microsoft.Windows.10.0.19042.",
          "Microsoft.Azure.Management.Storage.StorageManagementClient/19.0.0.0"
        ]
      },
      "ResponseHeaders": {
        "Cache-Control": [
          "no-cache"
        ],
        "Pragma": [
          "no-cache"
        ],
        "x-ms-request-id": [
          "ac36e432-da82-4caa-a1ca-830ae4382072"
        ],
        "Strict-Transport-Security": [
          "max-age=31536000; includeSubDomains"
        ],
        "Server": [
          "Microsoft-Azure-Storage-Resource-Provider/1.0,Microsoft-HTTPAPI/2.0 Microsoft-HTTPAPI/2.0"
        ],
        "x-ms-ratelimit-remaining-subscription-reads": [
          "11995"
        ],
        "x-ms-correlation-request-id": [
          "377c57f9-b6a7-44ea-ac7a-0730c049a478"
        ],
        "x-ms-routing-request-id": [
          "SOUTHEASTASIA:20210315T033629Z:377c57f9-b6a7-44ea-ac7a-0730c049a478"
        ],
        "X-Content-Type-Options": [
          "nosniff"
        ],
        "Date": [
          "Mon, 15 Mar 2021 03:36:29 GMT"
        ],
        "Content-Length": [
          "421"
        ],
        "Content-Type": [
          "application/json"
        ],
        "Expires": [
          "-1"
        ]
      },
      "ResponseBody": "{\r\n  \"sku\": {\r\n    \"name\": \"Standard_LRS\",\r\n    \"tier\": \"Standard\"\r\n  },\r\n  \"id\": \"/subscriptions/45b60d85-fd72-427a-a708-f994d26e593e/resourceGroups/pstestrg5154/providers/Microsoft.Storage/storageAccounts/stopstestrg5154/blobServices/default\",\r\n  \"name\": \"default\",\r\n  \"type\": \"Microsoft.Storage/storageAccounts/blobServices\",\r\n  \"properties\": {\r\n    \"changeFeed\": {\r\n      \"retentionInDays\": 5,\r\n      \"enabled\": true\r\n    },\r\n    \"cors\": {\r\n      \"corsRules\": []\r\n    },\r\n    \"deleteRetentionPolicy\": {\r\n      \"enabled\": false\r\n    }\r\n  }\r\n}",
      "StatusCode": 200
    },
    {
      "RequestUri": "/subscriptions/45b60d85-fd72-427a-a708-f994d26e593e/resourceGroups/pstestrg5154/providers/Microsoft.Storage/storageAccounts/stopstestrg5154/blobServices/default?api-version=2023-05-01",
      "EncodedRequestUri": "L3N1YnNjcmlwdGlvbnMvNDViNjBkODUtZmQ3Mi00MjdhLWE3MDgtZjk5NGQyNmU1OTNlL3Jlc291cmNlR3JvdXBzL3BzdGVzdHJnNTE1NC9wcm92aWRlcnMvTWljcm9zb2Z0LlN0b3JhZ2Uvc3RvcmFnZUFjY291bnRzL3N0b3BzdGVzdHJnNTE1NC9ibG9iU2VydmljZXMvZGVmYXVsdD9hcGktdmVyc2lvbj0yMDIzLTA1LTAx",
      "RequestMethod": "GET",
      "RequestBody": "",
      "RequestHeaders": {
        "x-ms-client-request-id": [
          "2219732f-ef28-44eb-9d13-a2bfccce7c86"
        ],
        "Accept-Language": [
          "en-US"
        ],
        "User-Agent": [
          "FxVersion/4.6.29812.02",
          "OSName/Windows",
          "OSVersion/Microsoft.Windows.10.0.19042.",
          "Microsoft.Azure.Management.Storage.StorageManagementClient/19.0.0.0"
        ]
      },
      "ResponseHeaders": {
        "Cache-Control": [
          "no-cache"
        ],
        "Pragma": [
          "no-cache"
        ],
        "x-ms-request-id": [
          "9d6d0955-e53a-4756-8b5f-58a34cb47983"
        ],
        "Strict-Transport-Security": [
          "max-age=31536000; includeSubDomains"
        ],
        "Server": [
          "Microsoft-Azure-Storage-Resource-Provider/1.0,Microsoft-HTTPAPI/2.0 Microsoft-HTTPAPI/2.0"
        ],
        "x-ms-ratelimit-remaining-subscription-reads": [
          "11994"
        ],
        "x-ms-correlation-request-id": [
          "ec1d335a-1f3f-420d-9a80-052b7bf92858"
        ],
        "x-ms-routing-request-id": [
          "SOUTHEASTASIA:20210315T033630Z:ec1d335a-1f3f-420d-9a80-052b7bf92858"
        ],
        "X-Content-Type-Options": [
          "nosniff"
        ],
        "Date": [
          "Mon, 15 Mar 2021 03:36:30 GMT"
        ],
        "Content-Length": [
          "421"
        ],
        "Content-Type": [
          "application/json"
        ],
        "Expires": [
          "-1"
        ]
      },
      "ResponseBody": "{\r\n  \"sku\": {\r\n    \"name\": \"Standard_LRS\",\r\n    \"tier\": \"Standard\"\r\n  },\r\n  \"id\": \"/subscriptions/45b60d85-fd72-427a-a708-f994d26e593e/resourceGroups/pstestrg5154/providers/Microsoft.Storage/storageAccounts/stopstestrg5154/blobServices/default\",\r\n  \"name\": \"default\",\r\n  \"type\": \"Microsoft.Storage/storageAccounts/blobServices\",\r\n  \"properties\": {\r\n    \"changeFeed\": {\r\n      \"retentionInDays\": 5,\r\n      \"enabled\": true\r\n    },\r\n    \"cors\": {\r\n      \"corsRules\": []\r\n    },\r\n    \"deleteRetentionPolicy\": {\r\n      \"enabled\": false\r\n    }\r\n  }\r\n}",
      "StatusCode": 200
    },
    {
      "RequestUri": "/subscriptions/45b60d85-fd72-427a-a708-f994d26e593e/resourceGroups/pstestrg5154/providers/Microsoft.Storage/storageAccounts/stopstestrg5154/blobServices/default?api-version=2023-05-01",
      "EncodedRequestUri": "L3N1YnNjcmlwdGlvbnMvNDViNjBkODUtZmQ3Mi00MjdhLWE3MDgtZjk5NGQyNmU1OTNlL3Jlc291cmNlR3JvdXBzL3BzdGVzdHJnNTE1NC9wcm92aWRlcnMvTWljcm9zb2Z0LlN0b3JhZ2Uvc3RvcmFnZUFjY291bnRzL3N0b3BzdGVzdHJnNTE1NC9ibG9iU2VydmljZXMvZGVmYXVsdD9hcGktdmVyc2lvbj0yMDIzLTA1LTAx",
      "RequestMethod": "GET",
      "RequestBody": "",
      "RequestHeaders": {
        "x-ms-client-request-id": [
          "e9f1f317-a832-4040-9386-eb7437be917f"
        ],
        "Accept-Language": [
          "en-US"
        ],
        "User-Agent": [
          "FxVersion/4.6.29812.02",
          "OSName/Windows",
          "OSVersion/Microsoft.Windows.10.0.19042.",
          "Microsoft.Azure.Management.Storage.StorageManagementClient/19.0.0.0"
        ]
      },
      "ResponseHeaders": {
        "Cache-Control": [
          "no-cache"
        ],
        "Pragma": [
          "no-cache"
        ],
        "x-ms-request-id": [
          "56423d5a-b26d-4eee-b2b8-dbba2ed62851"
        ],
        "Strict-Transport-Security": [
          "max-age=31536000; includeSubDomains"
        ],
        "Server": [
          "Microsoft-Azure-Storage-Resource-Provider/1.0,Microsoft-HTTPAPI/2.0 Microsoft-HTTPAPI/2.0"
        ],
        "x-ms-ratelimit-remaining-subscription-reads": [
          "11993"
        ],
        "x-ms-correlation-request-id": [
          "268ad310-95dc-436e-930d-996256fc455d"
        ],
        "x-ms-routing-request-id": [
          "SOUTHEASTASIA:20210315T033631Z:268ad310-95dc-436e-930d-996256fc455d"
        ],
        "X-Content-Type-Options": [
          "nosniff"
        ],
        "Date": [
          "Mon, 15 Mar 2021 03:36:31 GMT"
        ],
        "Content-Length": [
          "402"
        ],
        "Content-Type": [
          "application/json"
        ],
        "Expires": [
          "-1"
        ]
      },
      "ResponseBody": "{\r\n  \"sku\": {\r\n    \"name\": \"Standard_LRS\",\r\n    \"tier\": \"Standard\"\r\n  },\r\n  \"id\": \"/subscriptions/45b60d85-fd72-427a-a708-f994d26e593e/resourceGroups/pstestrg5154/providers/Microsoft.Storage/storageAccounts/stopstestrg5154/blobServices/default\",\r\n  \"name\": \"default\",\r\n  \"type\": \"Microsoft.Storage/storageAccounts/blobServices\",\r\n  \"properties\": {\r\n    \"changeFeed\": {\r\n      \"enabled\": false\r\n    },\r\n    \"cors\": {\r\n      \"corsRules\": []\r\n    },\r\n    \"deleteRetentionPolicy\": {\r\n      \"enabled\": false\r\n    }\r\n  }\r\n}",
      "StatusCode": 200
    },
    {
      "RequestUri": "/subscriptions/45b60d85-fd72-427a-a708-f994d26e593e/resourceGroups/pstestrg5154/providers/Microsoft.Storage/storageAccounts/stopstestrg5154/blobServices/default?api-version=2023-05-01",
      "EncodedRequestUri": "L3N1YnNjcmlwdGlvbnMvNDViNjBkODUtZmQ3Mi00MjdhLWE3MDgtZjk5NGQyNmU1OTNlL3Jlc291cmNlR3JvdXBzL3BzdGVzdHJnNTE1NC9wcm92aWRlcnMvTWljcm9zb2Z0LlN0b3JhZ2Uvc3RvcmFnZUFjY291bnRzL3N0b3BzdGVzdHJnNTE1NC9ibG9iU2VydmljZXMvZGVmYXVsdD9hcGktdmVyc2lvbj0yMDIzLTA1LTAx",
      "RequestMethod": "GET",
      "RequestBody": "",
      "RequestHeaders": {
        "x-ms-client-request-id": [
          "1f85a919-dcd6-4f34-bf9d-e0362b5b3f5b"
        ],
        "Accept-Language": [
          "en-US"
        ],
        "User-Agent": [
          "FxVersion/4.6.29812.02",
          "OSName/Windows",
          "OSVersion/Microsoft.Windows.10.0.19042.",
          "Microsoft.Azure.Management.Storage.StorageManagementClient/19.0.0.0"
        ]
      },
      "ResponseHeaders": {
        "Cache-Control": [
          "no-cache"
        ],
        "Pragma": [
          "no-cache"
        ],
        "x-ms-request-id": [
          "83a215bc-4e56-4d57-b772-dcfaad709276"
        ],
        "Strict-Transport-Security": [
          "max-age=31536000; includeSubDomains"
        ],
        "Server": [
          "Microsoft-Azure-Storage-Resource-Provider/1.0,Microsoft-HTTPAPI/2.0 Microsoft-HTTPAPI/2.0"
        ],
        "x-ms-ratelimit-remaining-subscription-reads": [
          "11992"
        ],
        "x-ms-correlation-request-id": [
          "93b27765-ada5-4e95-bce0-74e2199df7d4"
        ],
        "x-ms-routing-request-id": [
          "SOUTHEASTASIA:20210315T033631Z:93b27765-ada5-4e95-bce0-74e2199df7d4"
        ],
        "X-Content-Type-Options": [
          "nosniff"
        ],
        "Date": [
          "Mon, 15 Mar 2021 03:36:31 GMT"
        ],
        "Content-Length": [
          "402"
        ],
        "Content-Type": [
          "application/json"
        ],
        "Expires": [
          "-1"
        ]
      },
      "ResponseBody": "{\r\n  \"sku\": {\r\n    \"name\": \"Standard_LRS\",\r\n    \"tier\": \"Standard\"\r\n  },\r\n  \"id\": \"/subscriptions/45b60d85-fd72-427a-a708-f994d26e593e/resourceGroups/pstestrg5154/providers/Microsoft.Storage/storageAccounts/stopstestrg5154/blobServices/default\",\r\n  \"name\": \"default\",\r\n  \"type\": \"Microsoft.Storage/storageAccounts/blobServices\",\r\n  \"properties\": {\r\n    \"changeFeed\": {\r\n      \"enabled\": false\r\n    },\r\n    \"cors\": {\r\n      \"corsRules\": []\r\n    },\r\n    \"deleteRetentionPolicy\": {\r\n      \"enabled\": false\r\n    }\r\n  }\r\n}",
      "StatusCode": 200
    },
    {
      "RequestUri": "/subscriptions/45b60d85-fd72-427a-a708-f994d26e593e/resourceGroups/pstestrg5154/providers/Microsoft.Storage/storageAccounts/stopstestrg5154?api-version=2023-05-01",
      "EncodedRequestUri": "L3N1YnNjcmlwdGlvbnMvNDViNjBkODUtZmQ3Mi00MjdhLWE3MDgtZjk5NGQyNmU1OTNlL3Jlc291cmNlR3JvdXBzL3BzdGVzdHJnNTE1NC9wcm92aWRlcnMvTWljcm9zb2Z0LlN0b3JhZ2Uvc3RvcmFnZUFjY291bnRzL3N0b3BzdGVzdHJnNTE1ND9hcGktdmVyc2lvbj0yMDIzLTA1LTAx",
      "RequestMethod": "DELETE",
      "RequestBody": "",
      "RequestHeaders": {
        "x-ms-client-request-id": [
          "80c44526-43ed-4677-b88b-a572be25990f"
        ],
        "Accept-Language": [
          "en-US"
        ],
        "User-Agent": [
          "FxVersion/4.6.29812.02",
          "OSName/Windows",
          "OSVersion/Microsoft.Windows.10.0.19042.",
          "Microsoft.Azure.Management.Storage.StorageManagementClient/19.0.0.0"
        ]
      },
      "ResponseHeaders": {
        "Cache-Control": [
          "no-cache"
        ],
        "Pragma": [
          "no-cache"
        ],
        "x-ms-request-id": [
          "65602518-4683-45c8-8f60-94e19d3af6c3"
        ],
        "Strict-Transport-Security": [
          "max-age=31536000; includeSubDomains"
        ],
        "Server": [
          "Microsoft-Azure-Storage-Resource-Provider/1.0,Microsoft-HTTPAPI/2.0 Microsoft-HTTPAPI/2.0"
        ],
        "x-ms-ratelimit-remaining-subscription-deletes": [
          "14999"
        ],
        "x-ms-correlation-request-id": [
          "1de4d9de-77cb-4be6-9d66-0da83f07ef47"
        ],
        "x-ms-routing-request-id": [
          "SOUTHEASTASIA:20210315T033637Z:1de4d9de-77cb-4be6-9d66-0da83f07ef47"
        ],
        "X-Content-Type-Options": [
          "nosniff"
        ],
        "Date": [
          "Mon, 15 Mar 2021 03:36:37 GMT"
        ],
        "Content-Type": [
          "text/plain; charset=utf-8"
        ],
        "Expires": [
          "-1"
        ],
        "Content-Length": [
          "0"
        ]
      },
      "ResponseBody": "",
      "StatusCode": 200
    },
    {
      "RequestUri": "/subscriptions/45b60d85-fd72-427a-a708-f994d26e593e/resourcegroups/pstestrg5154?api-version=2016-09-01",
      "EncodedRequestUri": "L3N1YnNjcmlwdGlvbnMvNDViNjBkODUtZmQ3Mi00MjdhLWE3MDgtZjk5NGQyNmU1OTNlL3Jlc291cmNlZ3JvdXBzL3BzdGVzdHJnNTE1ND9hcGktdmVyc2lvbj0yMDE2LTA5LTAx",
      "RequestMethod": "DELETE",
      "RequestBody": "",
      "RequestHeaders": {
        "x-ms-client-request-id": [
          "6a96c0f3-0997-40af-ad7c-6699db872718"
        ],
        "Accept-Language": [
          "en-US"
        ],
        "User-Agent": [
          "FxVersion/4.6.29812.02",
          "OSName/Windows",
          "OSVersion/Microsoft.Windows.10.0.19042.",
          "Microsoft.Azure.Management.Internal.Resources.ResourceManagementClient/1.3.31"
        ]
      },
      "ResponseHeaders": {
        "Cache-Control": [
          "no-cache"
        ],
        "Pragma": [
          "no-cache"
        ],
        "Location": [
          "https://management.azure.com/subscriptions/45b60d85-fd72-427a-a708-f994d26e593e/operationresults/eyJqb2JJZCI6IlJFU09VUkNFR1JPVVBERUxFVElPTkpPQi1QU1RFU1RSRzUxNTQtV0VTVFVTIiwiam9iTG9jYXRpb24iOiJ3ZXN0dXMifQ?api-version=2016-09-01"
        ],
        "Retry-After": [
          "15"
        ],
        "x-ms-ratelimit-remaining-subscription-deletes": [
          "14999"
        ],
        "x-ms-request-id": [
          "81d55927-bcf1-4025-bcf1-454e4f69eeff"
        ],
        "x-ms-correlation-request-id": [
          "81d55927-bcf1-4025-bcf1-454e4f69eeff"
        ],
        "x-ms-routing-request-id": [
          "SOUTHEASTASIA:20210315T033639Z:81d55927-bcf1-4025-bcf1-454e4f69eeff"
        ],
        "Strict-Transport-Security": [
          "max-age=31536000; includeSubDomains"
        ],
        "X-Content-Type-Options": [
          "nosniff"
        ],
        "Date": [
          "Mon, 15 Mar 2021 03:36:39 GMT"
        ],
        "Expires": [
          "-1"
        ],
        "Content-Length": [
          "0"
        ]
      },
      "ResponseBody": "",
      "StatusCode": 202
    },
    {
      "RequestUri": "/subscriptions/45b60d85-fd72-427a-a708-f994d26e593e/operationresults/eyJqb2JJZCI6IlJFU09VUkNFR1JPVVBERUxFVElPTkpPQi1QU1RFU1RSRzUxNTQtV0VTVFVTIiwiam9iTG9jYXRpb24iOiJ3ZXN0dXMifQ?api-version=2016-09-01",
      "EncodedRequestUri": "L3N1YnNjcmlwdGlvbnMvNDViNjBkODUtZmQ3Mi00MjdhLWE3MDgtZjk5NGQyNmU1OTNlL29wZXJhdGlvbnJlc3VsdHMvZXlKcWIySkpaQ0k2SWxKRlUwOVZVa05GUjFKUFZWQkVSVXhGVkVsUFRrcFBRaTFRVTFSRlUxUlNSelV4TlRRdFYwVlRWRlZUSWl3aWFtOWlURzlqWVhScGIyNGlPaUozWlhOMGRYTWlmUT9hcGktdmVyc2lvbj0yMDE2LTA5LTAx",
      "RequestMethod": "GET",
      "RequestBody": "",
      "RequestHeaders": {
        "User-Agent": [
          "FxVersion/4.6.29812.02",
          "OSName/Windows",
          "OSVersion/Microsoft.Windows.10.0.19042.",
          "Microsoft.Azure.Management.Internal.Resources.ResourceManagementClient/1.3.31"
        ]
      },
      "ResponseHeaders": {
        "Cache-Control": [
          "no-cache"
        ],
        "Pragma": [
          "no-cache"
        ],
        "Location": [
          "https://management.azure.com/subscriptions/45b60d85-fd72-427a-a708-f994d26e593e/operationresults/eyJqb2JJZCI6IlJFU09VUkNFR1JPVVBERUxFVElPTkpPQi1QU1RFU1RSRzUxNTQtV0VTVFVTIiwiam9iTG9jYXRpb24iOiJ3ZXN0dXMifQ?api-version=2016-09-01"
        ],
        "Retry-After": [
          "15"
        ],
        "x-ms-ratelimit-remaining-subscription-reads": [
          "11998"
        ],
        "x-ms-request-id": [
          "6332bab4-2726-4cf3-83f0-e7699248dbc5"
        ],
        "x-ms-correlation-request-id": [
          "6332bab4-2726-4cf3-83f0-e7699248dbc5"
        ],
        "x-ms-routing-request-id": [
          "SOUTHEASTASIA:20210315T033655Z:6332bab4-2726-4cf3-83f0-e7699248dbc5"
        ],
        "Strict-Transport-Security": [
          "max-age=31536000; includeSubDomains"
        ],
        "X-Content-Type-Options": [
          "nosniff"
        ],
        "Date": [
          "Mon, 15 Mar 2021 03:36:54 GMT"
        ],
        "Expires": [
          "-1"
        ],
        "Content-Length": [
          "0"
        ]
      },
      "ResponseBody": "",
      "StatusCode": 202
    },
    {
      "RequestUri": "/subscriptions/45b60d85-fd72-427a-a708-f994d26e593e/operationresults/eyJqb2JJZCI6IlJFU09VUkNFR1JPVVBERUxFVElPTkpPQi1QU1RFU1RSRzUxNTQtV0VTVFVTIiwiam9iTG9jYXRpb24iOiJ3ZXN0dXMifQ?api-version=2016-09-01",
      "EncodedRequestUri": "L3N1YnNjcmlwdGlvbnMvNDViNjBkODUtZmQ3Mi00MjdhLWE3MDgtZjk5NGQyNmU1OTNlL29wZXJhdGlvbnJlc3VsdHMvZXlKcWIySkpaQ0k2SWxKRlUwOVZVa05GUjFKUFZWQkVSVXhGVkVsUFRrcFBRaTFRVTFSRlUxUlNSelV4TlRRdFYwVlRWRlZUSWl3aWFtOWlURzlqWVhScGIyNGlPaUozWlhOMGRYTWlmUT9hcGktdmVyc2lvbj0yMDE2LTA5LTAx",
      "RequestMethod": "GET",
      "RequestBody": "",
      "RequestHeaders": {
        "User-Agent": [
          "FxVersion/4.6.29812.02",
          "OSName/Windows",
          "OSVersion/Microsoft.Windows.10.0.19042.",
          "Microsoft.Azure.Management.Internal.Resources.ResourceManagementClient/1.3.31"
        ]
      },
      "ResponseHeaders": {
        "Cache-Control": [
          "no-cache"
        ],
        "Pragma": [
          "no-cache"
        ],
        "Location": [
          "https://management.azure.com/subscriptions/45b60d85-fd72-427a-a708-f994d26e593e/operationresults/eyJqb2JJZCI6IlJFU09VUkNFR1JPVVBERUxFVElPTkpPQi1QU1RFU1RSRzUxNTQtV0VTVFVTIiwiam9iTG9jYXRpb24iOiJ3ZXN0dXMifQ?api-version=2016-09-01"
        ],
        "Retry-After": [
          "15"
        ],
        "x-ms-ratelimit-remaining-subscription-reads": [
          "11997"
        ],
        "x-ms-request-id": [
          "3fd2a1e3-baef-4749-8425-185792b3208a"
        ],
        "x-ms-correlation-request-id": [
          "3fd2a1e3-baef-4749-8425-185792b3208a"
        ],
        "x-ms-routing-request-id": [
          "SOUTHEASTASIA:20210315T033710Z:3fd2a1e3-baef-4749-8425-185792b3208a"
        ],
        "Strict-Transport-Security": [
          "max-age=31536000; includeSubDomains"
        ],
        "X-Content-Type-Options": [
          "nosniff"
        ],
        "Date": [
          "Mon, 15 Mar 2021 03:37:09 GMT"
        ],
        "Expires": [
          "-1"
        ],
        "Content-Length": [
          "0"
        ]
      },
      "ResponseBody": "",
      "StatusCode": 202
    },
    {
      "RequestUri": "/subscriptions/45b60d85-fd72-427a-a708-f994d26e593e/operationresults/eyJqb2JJZCI6IlJFU09VUkNFR1JPVVBERUxFVElPTkpPQi1QU1RFU1RSRzUxNTQtV0VTVFVTIiwiam9iTG9jYXRpb24iOiJ3ZXN0dXMifQ?api-version=2016-09-01",
      "EncodedRequestUri": "L3N1YnNjcmlwdGlvbnMvNDViNjBkODUtZmQ3Mi00MjdhLWE3MDgtZjk5NGQyNmU1OTNlL29wZXJhdGlvbnJlc3VsdHMvZXlKcWIySkpaQ0k2SWxKRlUwOVZVa05GUjFKUFZWQkVSVXhGVkVsUFRrcFBRaTFRVTFSRlUxUlNSelV4TlRRdFYwVlRWRlZUSWl3aWFtOWlURzlqWVhScGIyNGlPaUozWlhOMGRYTWlmUT9hcGktdmVyc2lvbj0yMDE2LTA5LTAx",
      "RequestMethod": "GET",
      "RequestBody": "",
      "RequestHeaders": {
        "User-Agent": [
          "FxVersion/4.6.29812.02",
          "OSName/Windows",
          "OSVersion/Microsoft.Windows.10.0.19042.",
          "Microsoft.Azure.Management.Internal.Resources.ResourceManagementClient/1.3.31"
        ]
      },
      "ResponseHeaders": {
        "Cache-Control": [
          "no-cache"
        ],
        "Pragma": [
          "no-cache"
        ],
        "x-ms-ratelimit-remaining-subscription-reads": [
          "11996"
        ],
        "x-ms-request-id": [
          "cec3c076-14b2-4837-9a5c-a8a92a5897f2"
        ],
        "x-ms-correlation-request-id": [
          "cec3c076-14b2-4837-9a5c-a8a92a5897f2"
        ],
        "x-ms-routing-request-id": [
          "SOUTHEASTASIA:20210315T033726Z:cec3c076-14b2-4837-9a5c-a8a92a5897f2"
        ],
        "Strict-Transport-Security": [
          "max-age=31536000; includeSubDomains"
        ],
        "X-Content-Type-Options": [
          "nosniff"
        ],
        "Date": [
          "Mon, 15 Mar 2021 03:37:26 GMT"
        ],
        "Expires": [
          "-1"
        ],
        "Content-Length": [
          "0"
        ]
      },
      "ResponseBody": "",
      "StatusCode": 200
    },
    {
      "RequestUri": "/subscriptions/45b60d85-fd72-427a-a708-f994d26e593e/operationresults/eyJqb2JJZCI6IlJFU09VUkNFR1JPVVBERUxFVElPTkpPQi1QU1RFU1RSRzUxNTQtV0VTVFVTIiwiam9iTG9jYXRpb24iOiJ3ZXN0dXMifQ?api-version=2016-09-01",
      "EncodedRequestUri": "L3N1YnNjcmlwdGlvbnMvNDViNjBkODUtZmQ3Mi00MjdhLWE3MDgtZjk5NGQyNmU1OTNlL29wZXJhdGlvbnJlc3VsdHMvZXlKcWIySkpaQ0k2SWxKRlUwOVZVa05GUjFKUFZWQkVSVXhGVkVsUFRrcFBRaTFRVTFSRlUxUlNSelV4TlRRdFYwVlRWRlZUSWl3aWFtOWlURzlqWVhScGIyNGlPaUozWlhOMGRYTWlmUT9hcGktdmVyc2lvbj0yMDE2LTA5LTAx",
      "RequestMethod": "GET",
      "RequestBody": "",
      "RequestHeaders": {
        "User-Agent": [
          "FxVersion/4.6.29812.02",
          "OSName/Windows",
          "OSVersion/Microsoft.Windows.10.0.19042.",
          "Microsoft.Azure.Management.Internal.Resources.ResourceManagementClient/1.3.31"
        ]
      },
      "ResponseHeaders": {
        "Cache-Control": [
          "no-cache"
        ],
        "Pragma": [
          "no-cache"
        ],
        "x-ms-ratelimit-remaining-subscription-reads": [
          "11995"
        ],
        "x-ms-request-id": [
          "1c564dbb-d4f5-4e02-aa0a-adca5e1fc70c"
        ],
        "x-ms-correlation-request-id": [
          "1c564dbb-d4f5-4e02-aa0a-adca5e1fc70c"
        ],
        "x-ms-routing-request-id": [
          "SOUTHEASTASIA:20210315T033726Z:1c564dbb-d4f5-4e02-aa0a-adca5e1fc70c"
        ],
        "Strict-Transport-Security": [
          "max-age=31536000; includeSubDomains"
        ],
        "X-Content-Type-Options": [
          "nosniff"
        ],
        "Date": [
          "Mon, 15 Mar 2021 03:37:26 GMT"
        ],
        "Expires": [
          "-1"
        ],
        "Content-Length": [
          "0"
        ]
      },
      "ResponseBody": "",
      "StatusCode": 200
    }
  ],
  "Names": {
    "Test-StorageBlobChangeFeed": [
      "pstestrg5154"
    ]
  },
  "Variables": {
    "SubscriptionId": "45b60d85-fd72-427a-a708-f994d26e593e"
  }
}