{
  "Entries": [
    {
      "RequestUri": "/subscriptions/ce4a7590-4722-4bcf-a2c6-e473e9f11778/providers/Microsoft.Storage?api-version=2016-09-01",
      "EncodedRequestUri": "L3N1YnNjcmlwdGlvbnMvY2U0YTc1OTAtNDcyMi00YmNmLWEyYzYtZTQ3M2U5ZjExNzc4L3Byb3ZpZGVycy9NaWNyb3NvZnQuU3RvcmFnZT9hcGktdmVyc2lvbj0yMDE2LTA5LTAx",
      "RequestMethod": "GET",
      "RequestBody": "",
      "RequestHeaders": {
        "x-ms-client-request-id": [
          "90a30c9c-0c3f-4b04-9b0e-3aa9a00f1e31"
        ],
        "Accept-Language": [
          "en-US"
        ],
        "User-Agent": [
          "FxVersion/4.6.27207.03",
          "OSName/Windows",
          "OSVersion/Microsoft.Windows.10.0.17763.",
          "Microsoft.Azure.Management.Internal.Resources.ResourceManagementClient/1.1.17"
        ]
      },
      "ResponseHeaders": {
        "Cache-Control": [
          "no-cache"
        ],
        "Pragma": [
          "no-cache"
        ],
        "x-ms-ratelimit-remaining-subscription-reads": [
          "11999"
        ],
        "x-ms-request-id": [
          "48f33939-90d3-4afc-8920-72cde1df267e"
        ],
        "x-ms-correlation-request-id": [
          "48f33939-90d3-4afc-8920-72cde1df267e"
        ],
        "x-ms-routing-request-id": [
          "SOUTHEASTASIA:20190312T093528Z:48f33939-90d3-4afc-8920-72cde1df267e"
        ],
        "Strict-Transport-Security": [
          "max-age=31536000; includeSubDomains"
        ],
        "X-Content-Type-Options": [
          "nosniff"
        ],
        "Date": [
          "Tue, 12 Mar 2019 09:35:28 GMT"
        ],
        "Content-Type": [
          "application/json; charset=utf-8"
        ],
        "Expires": [
          "-1"
        ],
        "Content-Length": [
          "9115"
        ]
      },
      "ResponseBody": "{\r\n  \"id\": \"/subscriptions/ce4a7590-4722-4bcf-a2c6-e473e9f11778/providers/Microsoft.Storage\",\r\n  \"namespace\": \"Microsoft.Storage\",\r\n  \"authorizations\": [\r\n    {\r\n      \"applicationId\": \"a6aa9161-5291-40bb-8c5c-923b567bee3b\",\r\n      \"roleDefinitionId\": \"070ab87f-0efc-4423-b18b-756f3bdb0236\"\r\n    },\r\n    {\r\n      \"applicationId\": \"e406a681-f3d4-42a8-90b6-c2b029497af1\"\r\n    }\r\n  ],\r\n  \"resourceTypes\": [\r\n    {\r\n      \"resourceType\": \"storageAccounts\",\r\n      \"locations\": [\r\n        \"East US\",\r\n        \"East US 2\",\r\n        \"West US\",\r\n        \"West Europe\",\r\n        \"East Asia\",\r\n        \"Southeast Asia\",\r\n        \"Japan East\",\r\n        \"Japan West\",\r\n        \"North Central US\",\r\n        \"South Central US\",\r\n        \"Central US\",\r\n        \"North Europe\",\r\n        \"Brazil South\",\r\n        \"Australia East\",\r\n        \"Australia Southeast\",\r\n        \"South India\",\r\n        \"Central India\",\r\n        \"West India\",\r\n        \"Canada East\",\r\n        \"Canada Central\",\r\n        \"West US 2\",\r\n        \"West Central US\",\r\n        \"UK South\",\r\n        \"UK West\",\r\n        \"Korea Central\",\r\n        \"Korea South\",\r\n        \"France Central\",\r\n        \"South Africa North\",\r\n        \"East US 2 (Stage)\",\r\n        \"East US 2 EUAP\",\r\n        \"Central US EUAP\"\r\n      ],\r\n      \"apiVersions\": [\r\n        \"2018-11-01\",\r\n        \"2018-07-01\",\r\n        \"2018-03-01-preview\",\r\n        \"2018-02-01\",\r\n        \"2017-10-01\",\r\n        \"2017-06-01\",\r\n        \"2016-12-01\",\r\n        \"2016-05-01\",\r\n        \"2016-01-01\",\r\n        \"2015-06-15\",\r\n        \"2015-05-01-preview\"\r\n      ],\r\n      \"capabilities\": \"CrossResourceGroupResourceMove, CrossSubscriptionResourceMove, SystemAssignedResourceIdentity\"\r\n    },\r\n    {\r\n      \"resourceType\": \"operations\",\r\n      \"locations\": [],\r\n      \"apiVersions\": [\r\n        \"2018-11-01\",\r\n        \"2018-07-01\",\r\n        \"2018-03-01-preview\",\r\n        \"2018-02-01\",\r\n        \"2017-10-01\",\r\n        \"2017-06-01\",\r\n        \"2016-12-01\",\r\n        \"2016-05-01\",\r\n        \"2016-01-01\",\r\n        \"2015-06-15\",\r\n        \"2015-05-01-preview\"\r\n      ]\r\n    },\r\n    {\r\n      \"resourceType\": \"locations/asyncoperations\",\r\n      \"locations\": [\r\n        \"East US\",\r\n        \"East US 2\",\r\n        \"West US\",\r\n        \"West Europe\",\r\n        \"East Asia\",\r\n        \"Southeast Asia\",\r\n        \"Japan East\",\r\n        \"Japan West\",\r\n        \"North Central US\",\r\n        \"South Central US\",\r\n        \"Central US\",\r\n        \"North Europe\",\r\n        \"Brazil South\",\r\n        \"Australia East\",\r\n        \"Australia Southeast\",\r\n        \"South India\",\r\n        \"Central India\",\r\n        \"West India\",\r\n        \"Canada East\",\r\n        \"Canada Central\",\r\n        \"West US 2\",\r\n        \"West Central US\",\r\n        \"UK South\",\r\n        \"UK West\",\r\n        \"Korea Central\",\r\n        \"Korea South\",\r\n        \"France Central\",\r\n        \"South Africa North\",\r\n        \"East US 2 (Stage)\",\r\n        \"East US 2 EUAP\",\r\n        \"Central US EUAP\"\r\n      ],\r\n      \"apiVersions\": [\r\n        \"2018-11-01\",\r\n        \"2018-07-01\",\r\n        \"2018-03-01-preview\",\r\n        \"2018-02-01\",\r\n        \"2017-10-01\",\r\n        \"2017-06-01\",\r\n        \"2016-12-01\",\r\n        \"2016-05-01\",\r\n        \"2016-01-01\",\r\n        \"2015-06-15\",\r\n        \"2015-05-01-preview\"\r\n      ]\r\n    },\r\n    {\r\n      \"resourceType\": \"storageAccounts/listAccountSas\",\r\n      \"locations\": [\r\n        \"East US\",\r\n        \"East US 2\",\r\n        \"West US\",\r\n        \"West Europe\",\r\n        \"East Asia\",\r\n        \"Southeast Asia\",\r\n        \"Japan East\",\r\n        \"Japan West\",\r\n        \"North Central US\",\r\n        \"South Central US\",\r\n        \"Central US\",\r\n        \"North Europe\",\r\n        \"Brazil South\",\r\n        \"Australia East\",\r\n        \"Australia Southeast\",\r\n        \"South India\",\r\n        \"Central India\",\r\n        \"West India\",\r\n        \"Canada East\",\r\n        \"Canada Central\",\r\n        \"West US 2\",\r\n        \"West Central US\",\r\n        \"UK South\",\r\n        \"UK West\",\r\n        \"Korea Central\",\r\n        \"Korea South\",\r\n        \"France Central\",\r\n        \"South Africa North\",\r\n        \"East US 2 (Stage)\",\r\n        \"East US 2 EUAP\",\r\n        \"Central US EUAP\"\r\n      ],\r\n      \"apiVersions\": [\r\n        \"2018-11-01\",\r\n        \"2018-07-01\",\r\n        \"2018-03-01-preview\",\r\n        \"2018-02-01\",\r\n        \"2017-10-01\",\r\n        \"2017-06-01\",\r\n        \"2016-12-01\",\r\n        \"2016-05-01\"\r\n      ]\r\n    },\r\n    {\r\n      \"resourceType\": \"storageAccounts/listServiceSas\",\r\n      \"locations\": [\r\n        \"East US\",\r\n        \"East US 2\",\r\n        \"West US\",\r\n        \"West Europe\",\r\n        \"East Asia\",\r\n        \"Southeast Asia\",\r\n        \"Japan East\",\r\n        \"Japan West\",\r\n        \"North Central US\",\r\n        \"South Central US\",\r\n        \"Central US\",\r\n        \"North Europe\",\r\n        \"Brazil South\",\r\n        \"Australia East\",\r\n        \"Australia Southeast\",\r\n        \"South India\",\r\n        \"Central India\",\r\n        \"West India\",\r\n        \"Canada East\",\r\n        \"Canada Central\",\r\n        \"West US 2\",\r\n        \"West Central US\",\r\n        \"UK South\",\r\n        \"UK West\",\r\n        \"Korea Central\",\r\n        \"Korea South\",\r\n        \"France Central\",\r\n        \"South Africa North\",\r\n        \"East US 2 (Stage)\",\r\n        \"East US 2 EUAP\",\r\n        \"Central US EUAP\"\r\n      ],\r\n      \"apiVersions\": [\r\n        \"2018-11-01\",\r\n        \"2018-07-01\",\r\n        \"2018-03-01-preview\",\r\n        \"2018-02-01\",\r\n        \"2017-10-01\",\r\n        \"2017-06-01\",\r\n        \"2016-12-01\",\r\n        \"2016-05-01\"\r\n      ]\r\n    },\r\n    {\r\n      \"resourceType\": \"storageAccounts/blobServices\",\r\n      \"locations\": [\r\n        \"East US\",\r\n        \"East US 2\",\r\n        \"West US\",\r\n        \"West Europe\",\r\n        \"East Asia\",\r\n        \"Southeast Asia\",\r\n        \"Japan East\",\r\n        \"Japan West\",\r\n        \"North Central US\",\r\n        \"South Central US\",\r\n        \"Central US\",\r\n        \"North Europe\",\r\n        \"Brazil South\",\r\n        \"Australia East\",\r\n        \"Australia Southeast\",\r\n        \"South India\",\r\n        \"Central India\",\r\n        \"West India\",\r\n        \"Canada East\",\r\n        \"Canada Central\",\r\n        \"West US 2\",\r\n        \"West Central US\",\r\n        \"UK South\",\r\n        \"UK West\",\r\n        \"Korea Central\",\r\n        \"Korea South\",\r\n        \"France Central\",\r\n        \"South Africa North\",\r\n        \"East US 2 (Stage)\",\r\n        \"East US 2 EUAP\",\r\n        \"Central US EUAP\"\r\n      ],\r\n      \"apiVersions\": [\r\n        \"2018-11-01\",\r\n        \"2018-07-01\",\r\n        \"2018-03-01-preview\",\r\n        \"2018-02-01\",\r\n        \"2017-10-01\",\r\n        \"2017-06-01\",\r\n        \"2016-12-01\",\r\n        \"2016-05-01\"\r\n      ]\r\n    },\r\n    {\r\n      \"resourceType\": \"storageAccounts/tableServices\",\r\n      \"locations\": [\r\n        \"East US\",\r\n        \"East US 2\",\r\n        \"West US\",\r\n        \"West Europe\",\r\n        \"East Asia\",\r\n        \"Southeast Asia\",\r\n        \"Japan East\",\r\n        \"Japan West\",\r\n        \"North Central US\",\r\n        \"South Central US\",\r\n        \"Central US\",\r\n        \"North Europe\",\r\n        \"Brazil South\",\r\n        \"Australia East\",\r\n        \"Australia Southeast\",\r\n        \"South India\",\r\n        \"Central India\",\r\n        \"West India\",\r\n        \"Canada East\",\r\n        \"Canada Central\",\r\n        \"West US 2\",\r\n        \"West Central US\",\r\n        \"UK South\",\r\n        \"UK West\",\r\n        \"Korea Central\",\r\n        \"Korea South\",\r\n        \"France Central\",\r\n        \"South Africa North\",\r\n        \"East US 2 (Stage)\",\r\n        \"East US 2 EUAP\",\r\n        \"Central US EUAP\"\r\n      ],\r\n      \"apiVersions\": [\r\n        \"2018-11-01\",\r\n        \"2018-07-01\",\r\n        \"2018-03-01-preview\",\r\n        \"2018-02-01\",\r\n        \"2017-10-01\",\r\n        \"2017-06-01\",\r\n        \"2016-12-01\",\r\n        \"2016-05-01\"\r\n      ]\r\n    },\r\n    {\r\n      \"resourceType\": \"storageAccounts/queueServices\",\r\n      \"locations\": [\r\n        \"East US\",\r\n        \"East US 2\",\r\n        \"West US\",\r\n        \"West Europe\",\r\n        \"East Asia\",\r\n        \"Southeast Asia\",\r\n        \"Japan East\",\r\n        \"Japan West\",\r\n        \"North Central US\",\r\n        \"South Central US\",\r\n        \"Central US\",\r\n        \"North Europe\",\r\n        \"Brazil South\",\r\n        \"Australia East\",\r\n        \"Australia Southeast\",\r\n        \"South India\",\r\n        \"Central India\",\r\n        \"West India\",\r\n        \"Canada East\",\r\n        \"Canada Central\",\r\n        \"West US 2\",\r\n        \"West Central US\",\r\n        \"UK South\",\r\n        \"UK West\",\r\n        \"Korea Central\",\r\n        \"Korea South\",\r\n        \"France Central\",\r\n        \"South Africa North\",\r\n        \"East US 2 (Stage)\",\r\n        \"East US 2 EUAP\",\r\n        \"Central US EUAP\"\r\n      ],\r\n      \"apiVersions\": [\r\n        \"2018-11-01\",\r\n        \"2018-07-01\",\r\n        \"2018-03-01-preview\",\r\n        \"2018-02-01\",\r\n        \"2017-10-01\",\r\n        \"2017-06-01\",\r\n        \"2016-12-01\",\r\n        \"2016-05-01\"\r\n      ]\r\n    },\r\n    {\r\n      \"resourceType\": \"storageAccounts/fileServices\",\r\n      \"locations\": [\r\n        \"East US\",\r\n        \"East US 2\",\r\n        \"West US\",\r\n        \"West Europe\",\r\n        \"East Asia\",\r\n        \"Southeast Asia\",\r\n        \"Japan East\",\r\n        \"Japan West\",\r\n        \"North Central US\",\r\n        \"South Central US\",\r\n        \"Central US\",\r\n        \"North Europe\",\r\n        \"Brazil South\",\r\n        \"Australia East\",\r\n        \"Australia Southeast\",\r\n        \"South India\",\r\n        \"Central India\",\r\n        \"West India\",\r\n        \"Canada East\",\r\n        \"Canada Central\",\r\n        \"West US 2\",\r\n        \"West Central US\",\r\n        \"UK South\",\r\n        \"UK West\",\r\n        \"Korea Central\",\r\n        \"Korea South\",\r\n        \"France Central\",\r\n        \"South Africa North\",\r\n        \"East US 2 (Stage)\",\r\n        \"East US 2 EUAP\",\r\n        \"Central US EUAP\"\r\n      ],\r\n      \"apiVersions\": [\r\n        \"2018-11-01\",\r\n        \"2018-07-01\",\r\n        \"2018-03-01-preview\",\r\n        \"2018-02-01\",\r\n        \"2017-10-01\",\r\n        \"2017-06-01\",\r\n        \"2016-12-01\",\r\n        \"2016-05-01\"\r\n      ]\r\n    },\r\n    {\r\n      \"resourceType\": \"locations\",\r\n      \"locations\": [],\r\n      \"apiVersions\": [\r\n        \"2018-11-01\",\r\n        \"2018-07-01\",\r\n        \"2018-03-01-preview\",\r\n        \"2018-02-01\",\r\n        \"2017-10-01\",\r\n        \"2017-06-01\",\r\n        \"2016-12-01\",\r\n        \"2016-07-01\",\r\n        \"2016-01-01\"\r\n      ]\r\n    },\r\n    {\r\n      \"resourceType\": \"locations/usages\",\r\n      \"locations\": [\r\n        \"East US\",\r\n        \"East US 2\",\r\n        \"West US\",\r\n        \"West Europe\",\r\n        \"East Asia\",\r\n        \"Southeast Asia\",\r\n        \"Japan East\",\r\n        \"Japan West\",\r\n        \"North Central US\",\r\n        \"South Central US\",\r\n        \"Central US\",\r\n        \"North Europe\",\r\n        \"Brazil South\",\r\n        \"Australia East\",\r\n        \"Australia Southeast\",\r\n        \"South India\",\r\n        \"Central India\",\r\n        \"West India\",\r\n        \"Canada East\",\r\n        \"Canada Central\",\r\n        \"West US 2\",\r\n        \"West Central US\",\r\n        \"UK South\",\r\n        \"UK West\",\r\n        \"Korea Central\",\r\n        \"Korea South\",\r\n        \"France Central\",\r\n        \"South Africa North\",\r\n        \"East US 2 (Stage)\",\r\n        \"East US 2 EUAP\",\r\n        \"Central US EUAP\"\r\n      ],\r\n      \"apiVersions\": [\r\n        \"2018-11-01\",\r\n        \"2018-07-01\",\r\n        \"2018-03-01-preview\",\r\n        \"2018-02-01\",\r\n        \"2017-10-01\",\r\n        \"2017-06-01\",\r\n        \"2016-12-01\"\r\n      ]\r\n    },\r\n    {\r\n      \"resourceType\": \"locations/deleteVirtualNetworkOrSubnets\",\r\n      \"locations\": [\r\n        \"East US\",\r\n        \"East US 2\",\r\n        \"West US\",\r\n        \"West Europe\",\r\n        \"East Asia\",\r\n        \"Southeast Asia\",\r\n        \"Japan East\",\r\n        \"Japan West\",\r\n        \"North Central US\",\r\n        \"South Central US\",\r\n        \"Central US\",\r\n        \"North Europe\",\r\n        \"Brazil South\",\r\n        \"Australia East\",\r\n        \"Australia Southeast\",\r\n        \"South India\",\r\n        \"Central India\",\r\n        \"West India\",\r\n        \"Canada East\",\r\n        \"Canada Central\",\r\n        \"West US 2\",\r\n        \"West Central US\",\r\n        \"UK South\",\r\n        \"UK West\",\r\n        \"Korea Central\",\r\n        \"Korea South\",\r\n        \"France Central\",\r\n        \"South Africa North\",\r\n        \"East US 2 (Stage)\",\r\n        \"East US 2 EUAP\",\r\n        \"Central US EUAP\"\r\n      ],\r\n      \"apiVersions\": [\r\n        \"2018-11-01\",\r\n        \"2018-07-01\",\r\n        \"2018-03-01-preview\",\r\n        \"2018-02-01\",\r\n        \"2017-10-01\",\r\n        \"2017-06-01\",\r\n        \"2016-12-01\",\r\n        \"2016-07-01\"\r\n      ]\r\n    },\r\n    {\r\n      \"resourceType\": \"usages\",\r\n      \"locations\": [],\r\n      \"apiVersions\": [\r\n        \"2018-11-01\",\r\n        \"2018-07-01\",\r\n        \"2018-03-01-preview\",\r\n        \"2018-02-01\",\r\n        \"2017-10-01\",\r\n        \"2017-06-01\",\r\n        \"2016-12-01\",\r\n        \"2016-05-01\",\r\n        \"2016-01-01\",\r\n        \"2015-06-15\",\r\n        \"2015-05-01-preview\"\r\n      ]\r\n    },\r\n    {\r\n      \"resourceType\": \"checkNameAvailability\",\r\n      \"locations\": [],\r\n      \"apiVersions\": [\r\n        \"2018-11-01\",\r\n        \"2018-07-01\",\r\n        \"2018-03-01-preview\",\r\n        \"2018-02-01\",\r\n        \"2017-10-01\",\r\n        \"2017-06-01\",\r\n        \"2016-12-01\",\r\n        \"2016-05-01\",\r\n        \"2016-01-01\",\r\n        \"2015-06-15\",\r\n        \"2015-05-01-preview\"\r\n      ]\r\n    },\r\n    {\r\n      \"resourceType\": \"storageAccounts/services\",\r\n      \"locations\": [\r\n        \"East US\",\r\n        \"West US\",\r\n        \"East US 2 (Stage)\",\r\n        \"West Europe\",\r\n        \"North Europe\",\r\n        \"East Asia\",\r\n        \"Southeast Asia\",\r\n        \"Japan East\",\r\n        \"Japan West\",\r\n        \"North Central US\",\r\n        \"South Central US\",\r\n        \"East US 2\",\r\n        \"Central US\",\r\n        \"Australia East\",\r\n        \"Australia Southeast\",\r\n        \"Brazil South\",\r\n        \"South India\",\r\n        \"Central India\",\r\n        \"West India\",\r\n        \"Canada East\",\r\n        \"Canada Central\",\r\n        \"West US 2\",\r\n        \"West Central US\",\r\n        \"UK South\",\r\n        \"UK West\",\r\n        \"Korea Central\",\r\n        \"Korea South\",\r\n        \"France Central\",\r\n        \"South Africa North\",\r\n        \"East US 2 EUAP\",\r\n        \"Central US EUAP\"\r\n      ],\r\n      \"apiVersions\": [\r\n        \"2014-04-01\"\r\n      ]\r\n    },\r\n    {\r\n      \"resourceType\": \"storageAccounts/services/metricDefinitions\",\r\n      \"locations\": [\r\n        \"East US\",\r\n        \"West US\",\r\n        \"East US 2 (Stage)\",\r\n        \"West Europe\",\r\n        \"North Europe\",\r\n        \"East Asia\",\r\n        \"Southeast Asia\",\r\n        \"Japan East\",\r\n        \"Japan West\",\r\n        \"North Central US\",\r\n        \"South Central US\",\r\n        \"East US 2\",\r\n        \"Central US\",\r\n        \"Australia East\",\r\n        \"Australia Southeast\",\r\n        \"Brazil South\",\r\n        \"South India\",\r\n        \"Central India\",\r\n        \"West India\",\r\n        \"Canada East\",\r\n        \"Canada Central\",\r\n        \"West US 2\",\r\n        \"West Central US\",\r\n        \"UK South\",\r\n        \"UK West\",\r\n        \"Korea Central\",\r\n        \"Korea South\",\r\n        \"France Central\",\r\n        \"South Africa North\",\r\n        \"East US 2 EUAP\",\r\n        \"Central US EUAP\"\r\n      ],\r\n      \"apiVersions\": [\r\n        \"2014-04-01\"\r\n      ]\r\n    }\r\n  ],\r\n  \"registrationState\": \"Registered\"\r\n}",
      "StatusCode": 200
    },
    {
      "RequestUri": "/subscriptions/ce4a7590-4722-4bcf-a2c6-e473e9f11778/resourcegroups/pstestrg1654?api-version=2016-09-01",
      "EncodedRequestUri": "L3N1YnNjcmlwdGlvbnMvY2U0YTc1OTAtNDcyMi00YmNmLWEyYzYtZTQ3M2U5ZjExNzc4L3Jlc291cmNlZ3JvdXBzL3BzdGVzdHJnMTY1ND9hcGktdmVyc2lvbj0yMDE2LTA5LTAx",
      "RequestMethod": "PUT",
      "RequestBody": "{\r\n  \"location\": \"West US\"\r\n}",
      "RequestHeaders": {
        "x-ms-client-request-id": [
          "cdb691bc-e898-4244-a181-f9e254b4e637"
        ],
        "Accept-Language": [
          "en-US"
        ],
        "User-Agent": [
          "FxVersion/4.6.27207.03",
          "OSName/Windows",
          "OSVersion/Microsoft.Windows.10.0.17763.",
          "Microsoft.Azure.Management.Internal.Resources.ResourceManagementClient/1.1.17"
        ],
        "Content-Type": [
          "application/json; charset=utf-8"
        ],
        "Content-Length": [
          "29"
        ]
      },
      "ResponseHeaders": {
        "Cache-Control": [
          "no-cache"
        ],
        "Pragma": [
          "no-cache"
        ],
        "x-ms-ratelimit-remaining-subscription-writes": [
          "1199"
        ],
        "x-ms-request-id": [
          "94cc9f8f-3da2-4585-9071-041b02dfaca9"
        ],
        "x-ms-correlation-request-id": [
          "94cc9f8f-3da2-4585-9071-041b02dfaca9"
        ],
        "x-ms-routing-request-id": [
          "SOUTHEASTASIA:20190312T093531Z:94cc9f8f-3da2-4585-9071-041b02dfaca9"
        ],
        "Strict-Transport-Security": [
          "max-age=31536000; includeSubDomains"
        ],
        "X-Content-Type-Options": [
          "nosniff"
        ],
        "Date": [
          "Tue, 12 Mar 2019 09:35:31 GMT"
        ],
        "Content-Length": [
          "177"
        ],
        "Content-Type": [
          "application/json; charset=utf-8"
        ],
        "Expires": [
          "-1"
        ]
      },
      "ResponseBody": "{\r\n  \"id\": \"/subscriptions/ce4a7590-4722-4bcf-a2c6-e473e9f11778/resourceGroups/pstestrg1654\",\r\n  \"name\": \"pstestrg1654\",\r\n  \"location\": \"westus\",\r\n  \"properties\": {\r\n    \"provisioningState\": \"Succeeded\"\r\n  }\r\n}",
      "StatusCode": 201
    },
    {
      "RequestUri": "/subscriptions/ce4a7590-4722-4bcf-a2c6-e473e9f11778/providers/Microsoft.Storage/checkNameAvailability?api-version=2018-11-01",
      "EncodedRequestUri": "L3N1YnNjcmlwdGlvbnMvY2U0YTc1OTAtNDcyMi00YmNmLWEyYzYtZTQ3M2U5ZjExNzc4L3Byb3ZpZGVycy9NaWNyb3NvZnQuU3RvcmFnZS9jaGVja05hbWVBdmFpbGFiaWxpdHk/YXBpLXZlcnNpb249MjAxOC0xMS0wMQ==",
      "RequestMethod": "POST",
      "RequestBody": "{\r\n  \"name\": \"stopstestrg1654\",\r\n  \"type\": \"Microsoft.Storage/storageAccounts\"\r\n}",
      "RequestHeaders": {
        "x-ms-client-request-id": [
          "a731fb6f-79a2-426c-b960-1092c1488cf7"
        ],
        "Accept-Language": [
          "en-US"
        ],
        "User-Agent": [
          "FxVersion/4.6.27207.03",
          "OSName/Windows",
          "OSVersion/Microsoft.Windows.10.0.17763.",
          "Microsoft.Azure.Management.Storage.StorageManagementClient/10.0.0.0"
        ],
        "Content-Type": [
          "application/json; charset=utf-8"
        ],
        "Content-Length": [
          "81"
        ]
      },
      "ResponseHeaders": {
        "Cache-Control": [
          "no-cache"
        ],
        "Pragma": [
          "no-cache"
        ],
        "x-ms-request-id": [
          "f4ff85c8-c749-40c7-9490-900c52e108f8"
        ],
        "Strict-Transport-Security": [
          "max-age=31536000; includeSubDomains"
        ],
        "Server": [
          "Microsoft-Azure-Storage-Resource-Provider/1.0,Microsoft-HTTPAPI/2.0 Microsoft-HTTPAPI/2.0"
        ],
        "x-ms-ratelimit-remaining-subscription-reads": [
          "11999"
        ],
        "x-ms-correlation-request-id": [
          "aa1b37d7-116d-4b00-b4f5-b600852da4be"
        ],
        "x-ms-routing-request-id": [
          "SOUTHEASTASIA:20190312T093532Z:aa1b37d7-116d-4b00-b4f5-b600852da4be"
        ],
        "X-Content-Type-Options": [
          "nosniff"
        ],
        "Date": [
          "Tue, 12 Mar 2019 09:35:32 GMT"
        ],
        "Content-Length": [
          "22"
        ],
        "Content-Type": [
          "application/json"
        ],
        "Expires": [
          "-1"
        ]
      },
      "ResponseBody": "{\r\n  \"nameAvailable\": true\r\n}",
      "StatusCode": 200
    },
    {
      "RequestUri": "/subscriptions/ce4a7590-4722-4bcf-a2c6-e473e9f11778/resourceGroups/pstestrg1654/providers/Microsoft.Storage/storageAccounts/stopstestrg1654?api-version=2018-11-01",
      "EncodedRequestUri": "L3N1YnNjcmlwdGlvbnMvY2U0YTc1OTAtNDcyMi00YmNmLWEyYzYtZTQ3M2U5ZjExNzc4L3Jlc291cmNlR3JvdXBzL3BzdGVzdHJnMTY1NC9wcm92aWRlcnMvTWljcm9zb2Z0LlN0b3JhZ2Uvc3RvcmFnZUFjY291bnRzL3N0b3BzdGVzdHJnMTY1ND9hcGktdmVyc2lvbj0yMDE4LTExLTAx",
      "RequestMethod": "PUT",
      "RequestBody": "{\r\n  \"sku\": {\r\n    \"name\": \"Standard_GRS\"\r\n  },\r\n  \"kind\": \"StorageV2\",\r\n  \"location\": \"West US\"\r\n}",
      "RequestHeaders": {
        "x-ms-client-request-id": [
          "770fb567-01dd-41ec-bbf3-bbfe1add8225"
        ],
        "Accept-Language": [
          "en-US"
        ],
        "User-Agent": [
          "FxVersion/4.6.27207.03",
          "OSName/Windows",
          "OSVersion/Microsoft.Windows.10.0.17763.",
          "Microsoft.Azure.Management.Storage.StorageManagementClient/10.0.0.0"
        ],
        "Content-Type": [
          "application/json; charset=utf-8"
        ],
        "Content-Length": [
          "99"
        ]
      },
      "ResponseHeaders": {
        "Cache-Control": [
          "no-cache"
        ],
        "Pragma": [
          "no-cache"
        ],
        "Location": [
          "https://management.azure.com/subscriptions/ce4a7590-4722-4bcf-a2c6-e473e9f11778/providers/Microsoft.Storage/locations/westus/asyncoperations/09d04a2f-693b-4f25-b600-b585d3316d0c?monitor=true&api-version=2018-11-01"
        ],
        "Retry-After": [
          "17"
        ],
        "x-ms-request-id": [
          "09d04a2f-693b-4f25-b600-b585d3316d0c"
        ],
        "Strict-Transport-Security": [
          "max-age=31536000; includeSubDomains"
        ],
        "Server": [
          "Microsoft-Azure-Storage-Resource-Provider/1.0,Microsoft-HTTPAPI/2.0 Microsoft-HTTPAPI/2.0"
        ],
        "x-ms-ratelimit-remaining-subscription-writes": [
          "1199"
        ],
        "x-ms-correlation-request-id": [
          "c3795151-691d-4f76-abff-4144d8b094fe"
        ],
        "x-ms-routing-request-id": [
          "SOUTHEASTASIA:20190312T093535Z:c3795151-691d-4f76-abff-4144d8b094fe"
        ],
        "X-Content-Type-Options": [
          "nosniff"
        ],
        "Date": [
          "Tue, 12 Mar 2019 09:35:35 GMT"
        ],
        "Content-Type": [
          "text/plain; charset=utf-8"
        ],
        "Expires": [
          "-1"
        ],
        "Content-Length": [
          "0"
        ]
      },
      "ResponseBody": "",
      "StatusCode": 202
    },
    {
      "RequestUri": "/subscriptions/ce4a7590-4722-4bcf-a2c6-e473e9f11778/providers/Microsoft.Storage/locations/westus/asyncoperations/09d04a2f-693b-4f25-b600-b585d3316d0c?monitor=true&api-version=2018-11-01",
      "EncodedRequestUri": "L3N1YnNjcmlwdGlvbnMvY2U0YTc1OTAtNDcyMi00YmNmLWEyYzYtZTQ3M2U5ZjExNzc4L3Byb3ZpZGVycy9NaWNyb3NvZnQuU3RvcmFnZS9sb2NhdGlvbnMvd2VzdHVzL2FzeW5jb3BlcmF0aW9ucy8wOWQwNGEyZi02OTNiLTRmMjUtYjYwMC1iNTg1ZDMzMTZkMGM/bW9uaXRvcj10cnVlJmFwaS12ZXJzaW9uPTIwMTgtMTEtMDE=",
      "RequestMethod": "GET",
      "RequestBody": "",
      "RequestHeaders": {
        "User-Agent": [
          "FxVersion/4.6.27207.03",
          "OSName/Windows",
          "OSVersion/Microsoft.Windows.10.0.17763.",
          "Microsoft.Azure.Management.Storage.StorageManagementClient/10.0.0.0"
        ]
      },
      "ResponseHeaders": {
        "Cache-Control": [
          "no-cache"
        ],
        "Pragma": [
          "no-cache"
        ],
        "x-ms-request-id": [
          "b61cd2ed-7be9-4fc3-b171-9e19d0630c89"
        ],
        "Strict-Transport-Security": [
          "max-age=31536000; includeSubDomains"
        ],
        "Server": [
          "Microsoft-Azure-Storage-Resource-Provider/1.0,Microsoft-HTTPAPI/2.0 Microsoft-HTTPAPI/2.0"
        ],
        "x-ms-ratelimit-remaining-subscription-reads": [
          "11998"
        ],
        "x-ms-correlation-request-id": [
          "5cded51e-60ff-4976-8fd3-ab5d7d03ae7c"
        ],
        "x-ms-routing-request-id": [
          "SOUTHEASTASIA:20190312T093553Z:5cded51e-60ff-4976-8fd3-ab5d7d03ae7c"
        ],
        "X-Content-Type-Options": [
          "nosniff"
        ],
        "Date": [
          "Tue, 12 Mar 2019 09:35:52 GMT"
        ],
        "Content-Length": [
          "1246"
        ],
        "Content-Type": [
          "application/json"
        ],
        "Expires": [
          "-1"
        ]
      },
      "ResponseBody": "{\r\n  \"sku\": {\r\n    \"name\": \"Standard_GRS\",\r\n    \"tier\": \"Standard\"\r\n  },\r\n  \"kind\": \"StorageV2\",\r\n  \"id\": \"/subscriptions/ce4a7590-4722-4bcf-a2c6-e473e9f11778/resourceGroups/pstestrg1654/providers/Microsoft.Storage/storageAccounts/stopstestrg1654\",\r\n  \"name\": \"stopstestrg1654\",\r\n  \"type\": \"Microsoft.Storage/storageAccounts\",\r\n  \"location\": \"westus\",\r\n  \"tags\": {},\r\n  \"properties\": {\r\n    \"networkAcls\": {\r\n      \"bypass\": \"AzureServices\",\r\n      \"virtualNetworkRules\": [],\r\n      \"ipRules\": [],\r\n      \"defaultAction\": \"Allow\"\r\n    },\r\n    \"supportsHttpsTrafficOnly\": false,\r\n    \"encryption\": {\r\n      \"services\": {\r\n        \"file\": {\r\n          \"enabled\": true,\r\n          \"lastEnabledTime\": \"2019-03-12T09:35:35.3376304Z\"\r\n        },\r\n        \"blob\": {\r\n          \"enabled\": true,\r\n          \"lastEnabledTime\": \"2019-03-12T09:35:35.3376304Z\"\r\n        }\r\n      },\r\n      \"keySource\": \"Microsoft.Storage\"\r\n    },\r\n    \"accessTier\": \"Hot\",\r\n    \"provisioningState\": \"Succeeded\",\r\n    \"creationTime\": \"2019-03-12T09:35:35.2438866Z\",\r\n    \"primaryEndpoints\": {\r\n      \"dfs\": \"https://stopstestrg1654.dfs.core.windows.net/\",\r\n      \"web\": \"https://stopstestrg1654.z22.web.core.windows.net/\",\r\n      \"blob\": \"https://stopstestrg1654.blob.core.windows.net/\",\r\n      \"queue\": \"https://stopstestrg1654.queue.core.windows.net/\",\r\n      \"table\": \"https://stopstestrg1654.table.core.windows.net/\",\r\n      \"file\": \"https://stopstestrg1654.file.core.windows.net/\"\r\n    },\r\n    \"primaryLocation\": \"westus\",\r\n    \"statusOfPrimary\": \"available\",\r\n    \"secondaryLocation\": \"eastus\",\r\n    \"statusOfSecondary\": \"available\"\r\n  }\r\n}",
      "StatusCode": 200
    },
    {
      "RequestUri": "/subscriptions/ce4a7590-4722-4bcf-a2c6-e473e9f11778/resourceGroups/pstestrg1654/providers/Microsoft.Storage/storageAccounts/stopstestrg1654?api-version=2018-11-01",
      "EncodedRequestUri": "L3N1YnNjcmlwdGlvbnMvY2U0YTc1OTAtNDcyMi00YmNmLWEyYzYtZTQ3M2U5ZjExNzc4L3Jlc291cmNlR3JvdXBzL3BzdGVzdHJnMTY1NC9wcm92aWRlcnMvTWljcm9zb2Z0LlN0b3JhZ2Uvc3RvcmFnZUFjY291bnRzL3N0b3BzdGVzdHJnMTY1ND9hcGktdmVyc2lvbj0yMDE4LTExLTAx",
      "RequestMethod": "GET",
      "RequestBody": "",
      "RequestHeaders": {
        "x-ms-client-request-id": [
          "7f80b382-da94-4b09-9465-c0251456968b"
        ],
        "Accept-Language": [
          "en-US"
        ],
        "User-Agent": [
          "FxVersion/4.6.27207.03",
          "OSName/Windows",
          "OSVersion/Microsoft.Windows.10.0.17763.",
          "Microsoft.Azure.Management.Storage.StorageManagementClient/10.0.0.0"
        ]
      },
      "ResponseHeaders": {
        "Cache-Control": [
          "no-cache"
        ],
        "Pragma": [
          "no-cache"
        ],
        "x-ms-request-id": [
          "e9266aa3-58d4-4b1b-b7d3-d05ba28b5726"
        ],
        "Strict-Transport-Security": [
          "max-age=31536000; includeSubDomains"
        ],
        "Server": [
          "Microsoft-Azure-Storage-Resource-Provider/1.0,Microsoft-HTTPAPI/2.0 Microsoft-HTTPAPI/2.0"
        ],
        "x-ms-ratelimit-remaining-subscription-reads": [
          "11997"
        ],
        "x-ms-correlation-request-id": [
          "ed1a830f-cf3c-4171-9273-2a86689b2af3"
        ],
        "x-ms-routing-request-id": [
          "SOUTHEASTASIA:20190312T093553Z:ed1a830f-cf3c-4171-9273-2a86689b2af3"
        ],
        "X-Content-Type-Options": [
          "nosniff"
        ],
        "Date": [
          "Tue, 12 Mar 2019 09:35:52 GMT"
        ],
        "Content-Length": [
          "1246"
        ],
        "Content-Type": [
          "application/json"
        ],
        "Expires": [
          "-1"
        ]
      },
      "ResponseBody": "{\r\n  \"sku\": {\r\n    \"name\": \"Standard_GRS\",\r\n    \"tier\": \"Standard\"\r\n  },\r\n  \"kind\": \"StorageV2\",\r\n  \"id\": \"/subscriptions/ce4a7590-4722-4bcf-a2c6-e473e9f11778/resourceGroups/pstestrg1654/providers/Microsoft.Storage/storageAccounts/stopstestrg1654\",\r\n  \"name\": \"stopstestrg1654\",\r\n  \"type\": \"Microsoft.Storage/storageAccounts\",\r\n  \"location\": \"westus\",\r\n  \"tags\": {},\r\n  \"properties\": {\r\n    \"networkAcls\": {\r\n      \"bypass\": \"AzureServices\",\r\n      \"virtualNetworkRules\": [],\r\n      \"ipRules\": [],\r\n      \"defaultAction\": \"Allow\"\r\n    },\r\n    \"supportsHttpsTrafficOnly\": false,\r\n    \"encryption\": {\r\n      \"services\": {\r\n        \"file\": {\r\n          \"enabled\": true,\r\n          \"lastEnabledTime\": \"2019-03-12T09:35:35.3376304Z\"\r\n        },\r\n        \"blob\": {\r\n          \"enabled\": true,\r\n          \"lastEnabledTime\": \"2019-03-12T09:35:35.3376304Z\"\r\n        }\r\n      },\r\n      \"keySource\": \"Microsoft.Storage\"\r\n    },\r\n    \"accessTier\": \"Hot\",\r\n    \"provisioningState\": \"Succeeded\",\r\n    \"creationTime\": \"2019-03-12T09:35:35.2438866Z\",\r\n    \"primaryEndpoints\": {\r\n      \"dfs\": \"https://stopstestrg1654.dfs.core.windows.net/\",\r\n      \"web\": \"https://stopstestrg1654.z22.web.core.windows.net/\",\r\n      \"blob\": \"https://stopstestrg1654.blob.core.windows.net/\",\r\n      \"queue\": \"https://stopstestrg1654.queue.core.windows.net/\",\r\n      \"table\": \"https://stopstestrg1654.table.core.windows.net/\",\r\n      \"file\": \"https://stopstestrg1654.file.core.windows.net/\"\r\n    },\r\n    \"primaryLocation\": \"westus\",\r\n    \"statusOfPrimary\": \"available\",\r\n    \"secondaryLocation\": \"eastus\",\r\n    \"statusOfSecondary\": \"available\"\r\n  }\r\n}",
      "StatusCode": 200
    },
    {
      "RequestUri": "/subscriptions/ce4a7590-4722-4bcf-a2c6-e473e9f11778/resourceGroups/pstestrg1654/providers/Microsoft.Storage/storageAccounts?api-version=2018-11-01",
      "EncodedRequestUri": "L3N1YnNjcmlwdGlvbnMvY2U0YTc1OTAtNDcyMi00YmNmLWEyYzYtZTQ3M2U5ZjExNzc4L3Jlc291cmNlR3JvdXBzL3BzdGVzdHJnMTY1NC9wcm92aWRlcnMvTWljcm9zb2Z0LlN0b3JhZ2Uvc3RvcmFnZUFjY291bnRzP2FwaS12ZXJzaW9uPTIwMTgtMTEtMDE=",
      "RequestMethod": "GET",
      "RequestBody": "",
      "RequestHeaders": {
        "x-ms-client-request-id": [
          "b2703efd-9136-4cf3-a392-c748b617b9b6"
        ],
        "Accept-Language": [
          "en-US"
        ],
        "User-Agent": [
          "FxVersion/4.6.27207.03",
          "OSName/Windows",
          "OSVersion/Microsoft.Windows.10.0.17763.",
          "Microsoft.Azure.Management.Storage.StorageManagementClient/10.0.0.0"
        ]
      },
      "ResponseHeaders": {
        "Cache-Control": [
          "no-cache"
        ],
        "Pragma": [
          "no-cache"
        ],
        "x-ms-request-id": [
          "f6284353-3ee5-4c06-bc08-9bb4bf4abf28"
        ],
        "Strict-Transport-Security": [
          "max-age=31536000; includeSubDomains"
        ],
        "Server": [
          "Microsoft-Azure-Storage-Resource-Provider/1.0,Microsoft-HTTPAPI/2.0 Microsoft-HTTPAPI/2.0"
        ],
        "x-ms-ratelimit-remaining-subscription-reads": [
          "11996"
        ],
        "x-ms-correlation-request-id": [
          "57a17de1-2a12-41ec-bab6-ea577f910d1a"
        ],
        "x-ms-routing-request-id": [
          "SOUTHEASTASIA:20190312T093553Z:57a17de1-2a12-41ec-bab6-ea577f910d1a"
        ],
        "X-Content-Type-Options": [
          "nosniff"
        ],
        "Date": [
          "Tue, 12 Mar 2019 09:35:53 GMT"
        ],
        "Content-Length": [
          "1258"
        ],
        "Content-Type": [
          "application/json"
        ],
        "Expires": [
          "-1"
        ]
      },
      "ResponseBody": "{\r\n  \"value\": [\r\n    {\r\n      \"sku\": {\r\n        \"name\": \"Standard_GRS\",\r\n        \"tier\": \"Standard\"\r\n      },\r\n      \"kind\": \"StorageV2\",\r\n      \"id\": \"/subscriptions/ce4a7590-4722-4bcf-a2c6-e473e9f11778/resourceGroups/pstestrg1654/providers/Microsoft.Storage/storageAccounts/stopstestrg1654\",\r\n      \"name\": \"stopstestrg1654\",\r\n      \"type\": \"Microsoft.Storage/storageAccounts\",\r\n      \"location\": \"westus\",\r\n      \"tags\": {},\r\n      \"properties\": {\r\n        \"networkAcls\": {\r\n          \"bypass\": \"AzureServices\",\r\n          \"virtualNetworkRules\": [],\r\n          \"ipRules\": [],\r\n          \"defaultAction\": \"Allow\"\r\n        },\r\n        \"supportsHttpsTrafficOnly\": false,\r\n        \"encryption\": {\r\n          \"services\": {\r\n            \"file\": {\r\n              \"enabled\": true,\r\n              \"lastEnabledTime\": \"2019-03-12T09:35:35.3376304Z\"\r\n            },\r\n            \"blob\": {\r\n              \"enabled\": true,\r\n              \"lastEnabledTime\": \"2019-03-12T09:35:35.3376304Z\"\r\n            }\r\n          },\r\n          \"keySource\": \"Microsoft.Storage\"\r\n        },\r\n        \"accessTier\": \"Hot\",\r\n        \"provisioningState\": \"Succeeded\",\r\n        \"creationTime\": \"2019-03-12T09:35:35.2438866Z\",\r\n        \"primaryEndpoints\": {\r\n          \"dfs\": \"https://stopstestrg1654.dfs.core.windows.net/\",\r\n          \"web\": \"https://stopstestrg1654.z22.web.core.windows.net/\",\r\n          \"blob\": \"https://stopstestrg1654.blob.core.windows.net/\",\r\n          \"queue\": \"https://stopstestrg1654.queue.core.windows.net/\",\r\n          \"table\": \"https://stopstestrg1654.table.core.windows.net/\",\r\n          \"file\": \"https://stopstestrg1654.file.core.windows.net/\"\r\n        },\r\n        \"primaryLocation\": \"westus\",\r\n        \"statusOfPrimary\": \"available\",\r\n        \"secondaryLocation\": \"eastus\",\r\n        \"statusOfSecondary\": \"available\"\r\n      }\r\n    }\r\n  ]\r\n}",
      "StatusCode": 200
    },
    {
      "RequestUri": "/subscriptions/ce4a7590-4722-4bcf-a2c6-e473e9f11778/resourceGroups/pstestrg1654/providers/Microsoft.Storage/storageAccounts/stopstestrg1654/blobServices/default/containers/containerpstestrg1654?api-version=2018-11-01",
      "EncodedRequestUri": "L3N1YnNjcmlwdGlvbnMvY2U0YTc1OTAtNDcyMi00YmNmLWEyYzYtZTQ3M2U5ZjExNzc4L3Jlc291cmNlR3JvdXBzL3BzdGVzdHJnMTY1NC9wcm92aWRlcnMvTWljcm9zb2Z0LlN0b3JhZ2Uvc3RvcmFnZUFjY291bnRzL3N0b3BzdGVzdHJnMTY1NC9ibG9iU2VydmljZXMvZGVmYXVsdC9jb250YWluZXJzL2NvbnRhaW5lcnBzdGVzdHJnMTY1ND9hcGktdmVyc2lvbj0yMDE4LTExLTAx",
      "RequestMethod": "PUT",
      "RequestBody": "{}",
      "RequestHeaders": {
        "x-ms-client-request-id": [
          "49d7e35a-87b2-438c-86a4-f8264fbae82f"
        ],
        "Accept-Language": [
          "en-US"
        ],
        "User-Agent": [
          "FxVersion/4.6.27207.03",
          "OSName/Windows",
          "OSVersion/Microsoft.Windows.10.0.17763.",
          "Microsoft.Azure.Management.Storage.StorageManagementClient/10.0.0.0"
        ],
        "Content-Type": [
          "application/json; charset=utf-8"
        ],
        "Content-Length": [
          "2"
        ]
      },
      "ResponseHeaders": {
        "Cache-Control": [
          "no-cache"
        ],
        "Pragma": [
          "no-cache"
        ],
        "ETag": [
          "\"0x8D6A6CE1F98B090\""
        ],
        "x-ms-request-id": [
          "eb77ce3d-984f-41f7-99c5-aa3318117eb1"
        ],
        "Strict-Transport-Security": [
          "max-age=31536000; includeSubDomains"
        ],
        "Server": [
          "Microsoft-Azure-Storage-Resource-Provider/1.0,Microsoft-HTTPAPI/2.0 Microsoft-HTTPAPI/2.0"
        ],
        "x-ms-ratelimit-remaining-subscription-writes": [
          "1198"
        ],
        "x-ms-correlation-request-id": [
          "3a71a116-abed-47d4-af21-b6a2422544d3"
        ],
        "x-ms-routing-request-id": [
          "SOUTHEASTASIA:20190312T093554Z:3a71a116-abed-47d4-af21-b6a2422544d3"
        ],
        "X-Content-Type-Options": [
          "nosniff"
        ],
        "Date": [
          "Tue, 12 Mar 2019 09:35:54 GMT"
        ],
        "Content-Length": [
          "300"
        ],
        "Content-Type": [
          "application/json"
        ],
        "Expires": [
          "-1"
        ]
      },
      "ResponseBody": "{\r\n  \"id\": \"/subscriptions/ce4a7590-4722-4bcf-a2c6-e473e9f11778/resourceGroups/pstestrg1654/providers/Microsoft.Storage/storageAccounts/stopstestrg1654/blobServices/default/containers/containerpstestrg1654\",\r\n  \"name\": \"containerpstestrg1654\",\r\n  \"type\": \"Microsoft.Storage/storageAccounts/blobServices/containers\"\r\n}",
      "StatusCode": 201
    },
    {
      "RequestUri": "/subscriptions/ce4a7590-4722-4bcf-a2c6-e473e9f11778/resourceGroups/pstestrg1654/providers/Microsoft.Storage/storageAccounts/stopstestrg1654/blobServices/default/containers/containerpstestrg1654?api-version=2018-11-01",
      "EncodedRequestUri": "L3N1YnNjcmlwdGlvbnMvY2U0YTc1OTAtNDcyMi00YmNmLWEyYzYtZTQ3M2U5ZjExNzc4L3Jlc291cmNlR3JvdXBzL3BzdGVzdHJnMTY1NC9wcm92aWRlcnMvTWljcm9zb2Z0LlN0b3JhZ2Uvc3RvcmFnZUFjY291bnRzL3N0b3BzdGVzdHJnMTY1NC9ibG9iU2VydmljZXMvZGVmYXVsdC9jb250YWluZXJzL2NvbnRhaW5lcnBzdGVzdHJnMTY1ND9hcGktdmVyc2lvbj0yMDE4LTExLTAx",
      "RequestMethod": "GET",
      "RequestBody": "",
      "RequestHeaders": {
        "x-ms-client-request-id": [
          "5bb6430c-f6b0-4846-a2c9-7d178498707a"
        ],
        "Accept-Language": [
          "en-US"
        ],
        "User-Agent": [
          "FxVersion/4.6.27207.03",
          "OSName/Windows",
          "OSVersion/Microsoft.Windows.10.0.17763.",
          "Microsoft.Azure.Management.Storage.StorageManagementClient/10.0.0.0"
        ]
      },
      "ResponseHeaders": {
        "Cache-Control": [
          "no-cache"
        ],
        "Pragma": [
          "no-cache"
        ],
        "ETag": [
          "\"0x8D6A6CE1F98B090\""
        ],
        "x-ms-request-id": [
          "d7e924d4-4d9b-4083-abad-670960ebbc40"
        ],
        "Strict-Transport-Security": [
          "max-age=31536000; includeSubDomains"
        ],
        "Server": [
          "Microsoft-Azure-Storage-Resource-Provider/1.0,Microsoft-HTTPAPI/2.0 Microsoft-HTTPAPI/2.0"
        ],
        "x-ms-ratelimit-remaining-subscription-reads": [
          "11995"
        ],
        "x-ms-correlation-request-id": [
          "82bda985-a517-40da-b03d-76e21a6f4066"
        ],
        "x-ms-routing-request-id": [
          "SOUTHEASTASIA:20190312T093555Z:82bda985-a517-40da-b03d-76e21a6f4066"
        ],
        "X-Content-Type-Options": [
          "nosniff"
        ],
        "Date": [
          "Tue, 12 Mar 2019 09:35:54 GMT"
        ],
        "Content-Length": [
          "564"
        ],
        "Content-Type": [
          "application/json"
        ],
        "Expires": [
          "-1"
        ]
      },
      "ResponseBody": "{\r\n  \"id\": \"/subscriptions/ce4a7590-4722-4bcf-a2c6-e473e9f11778/resourceGroups/pstestrg1654/providers/Microsoft.Storage/storageAccounts/stopstestrg1654/blobServices/default/containers/containerpstestrg1654\",\r\n  \"name\": \"containerpstestrg1654\",\r\n  \"type\": \"Microsoft.Storage/storageAccounts/blobServices/containers\",\r\n  \"etag\": \"\\\"0x8D6A6CE1F98B090\\\"\",\r\n  \"properties\": {\r\n    \"publicAccess\": \"None\",\r\n    \"leaseStatus\": \"Unlocked\",\r\n    \"leaseState\": \"Available\",\r\n    \"lastModifiedTime\": \"2019-03-12T09:35:54Z\",\r\n    \"legalHold\": {\r\n      \"hasLegalHold\": false,\r\n      \"tags\": []\r\n    },\r\n    \"hasImmutabilityPolicy\": false,\r\n    \"hasLegalHold\": false\r\n  }\r\n}",
      "StatusCode": 200
    },
    {
      "RequestUri": "/subscriptions/ce4a7590-4722-4bcf-a2c6-e473e9f11778/resourceGroups/pstestrg1654/providers/Microsoft.Storage/storageAccounts/stopstestrg1654/blobServices/default/containers/containerpstestrg1654?api-version=2018-11-01",
      "EncodedRequestUri": "L3N1YnNjcmlwdGlvbnMvY2U0YTc1OTAtNDcyMi00YmNmLWEyYzYtZTQ3M2U5ZjExNzc4L3Jlc291cmNlR3JvdXBzL3BzdGVzdHJnMTY1NC9wcm92aWRlcnMvTWljcm9zb2Z0LlN0b3JhZ2Uvc3RvcmFnZUFjY291bnRzL3N0b3BzdGVzdHJnMTY1NC9ibG9iU2VydmljZXMvZGVmYXVsdC9jb250YWluZXJzL2NvbnRhaW5lcnBzdGVzdHJnMTY1ND9hcGktdmVyc2lvbj0yMDE4LTExLTAx",
      "RequestMethod": "GET",
      "RequestBody": "",
      "RequestHeaders": {
        "x-ms-client-request-id": [
          "a5d41ed4-5f8a-49a8-88c8-f33f19b52246"
        ],
        "Accept-Language": [
          "en-US"
        ],
        "User-Agent": [
          "FxVersion/4.6.27207.03",
          "OSName/Windows",
          "OSVersion/Microsoft.Windows.10.0.17763.",
          "Microsoft.Azure.Management.Storage.StorageManagementClient/10.0.0.0"
        ]
      },
      "ResponseHeaders": {
        "Cache-Control": [
          "no-cache"
        ],
        "Pragma": [
          "no-cache"
        ],
        "ETag": [
          "\"0x8D6A6CE209E8F9F\""
        ],
        "x-ms-request-id": [
          "a5f26b16-c7a8-48d2-b11c-b31062b54c19"
        ],
        "Strict-Transport-Security": [
          "max-age=31536000; includeSubDomains"
        ],
        "Server": [
          "Microsoft-Azure-Storage-Resource-Provider/1.0,Microsoft-HTTPAPI/2.0 Microsoft-HTTPAPI/2.0"
        ],
        "x-ms-ratelimit-remaining-subscription-reads": [
          "11992"
        ],
        "x-ms-correlation-request-id": [
          "c0a43d2a-1568-456b-ad9c-3880d20b8c65"
        ],
        "x-ms-routing-request-id": [
          "SOUTHEASTASIA:20190312T093557Z:c0a43d2a-1568-456b-ad9c-3880d20b8c65"
        ],
        "X-Content-Type-Options": [
          "nosniff"
        ],
        "Date": [
          "Tue, 12 Mar 2019 09:35:56 GMT"
        ],
        "Content-Length": [
          "919"
        ],
        "Content-Type": [
          "application/json"
        ],
        "Expires": [
          "-1"
        ]
      },
      "ResponseBody": "{\r\n  \"id\": \"/subscriptions/ce4a7590-4722-4bcf-a2c6-e473e9f11778/resourceGroups/pstestrg1654/providers/Microsoft.Storage/storageAccounts/stopstestrg1654/blobServices/default/containers/containerpstestrg1654\",\r\n  \"name\": \"containerpstestrg1654\",\r\n  \"type\": \"Microsoft.Storage/storageAccounts/blobServices/containers\",\r\n  \"etag\": \"\\\"0x8D6A6CE209E8F9F\\\"\",\r\n  \"properties\": {\r\n    \"publicAccess\": \"None\",\r\n    \"leaseStatus\": \"Unlocked\",\r\n    \"leaseState\": \"Available\",\r\n    \"lastModifiedTime\": \"2019-03-12T09:35:56Z\",\r\n    \"immutabilityPolicy\": {\r\n      \"etag\": \"\\\"8d6a6ce2095df27\\\"\",\r\n      \"properties\": {\r\n        \"immutabilityPeriodSinceCreationInDays\": 3,\r\n        \"state\": \"Unlocked\"\r\n      },\r\n      \"updateHistory\": [\r\n        {\r\n          \"update\": \"put\",\r\n          \"immutabilityPeriodSinceCreationInDays\": 3,\r\n          \"timestamp\": \"2019-03-12T09:35:56.013832Z\",\r\n          \"objectIdentifier\": \"d6f7e858-345d-45f6-849c-8175519656b7\",\r\n          \"tenantId\": \"72f988bf-86f1-41af-91ab-2d7cd011db47\"\r\n        }\r\n      ]\r\n    },\r\n    \"legalHold\": {\r\n      \"hasLegalHold\": false,\r\n      \"tags\": []\r\n    },\r\n    \"hasImmutabilityPolicy\": true,\r\n    \"hasLegalHold\": false\r\n  }\r\n}",
      "StatusCode": 200
    },
    {
      "RequestUri": "/subscriptions/ce4a7590-4722-4bcf-a2c6-e473e9f11778/resourceGroups/pstestrg1654/providers/Microsoft.Storage/storageAccounts/stopstestrg1654/blobServices/default/containers/containerpstestrg1654?api-version=2018-11-01",
      "EncodedRequestUri": "L3N1YnNjcmlwdGlvbnMvY2U0YTc1OTAtNDcyMi00YmNmLWEyYzYtZTQ3M2U5ZjExNzc4L3Jlc291cmNlR3JvdXBzL3BzdGVzdHJnMTY1NC9wcm92aWRlcnMvTWljcm9zb2Z0LlN0b3JhZ2Uvc3RvcmFnZUFjY291bnRzL3N0b3BzdGVzdHJnMTY1NC9ibG9iU2VydmljZXMvZGVmYXVsdC9jb250YWluZXJzL2NvbnRhaW5lcnBzdGVzdHJnMTY1ND9hcGktdmVyc2lvbj0yMDE4LTExLTAx",
      "RequestMethod": "GET",
      "RequestBody": "",
      "RequestHeaders": {
        "x-ms-client-request-id": [
          "b60a35e3-2e65-4341-98c7-1a405af96c13"
        ],
        "Accept-Language": [
          "en-US"
        ],
        "User-Agent": [
          "FxVersion/4.6.27207.03",
          "OSName/Windows",
          "OSVersion/Microsoft.Windows.10.0.17763.",
          "Microsoft.Azure.Management.Storage.StorageManagementClient/10.0.0.0"
        ]
      },
      "ResponseHeaders": {
        "Cache-Control": [
          "no-cache"
        ],
        "Pragma": [
          "no-cache"
        ],
        "ETag": [
          "\"0x8D6A6CE21689346\""
        ],
        "x-ms-request-id": [
          "2a84e6f8-e19c-49aa-93cc-a1ff8490295b"
        ],
        "Strict-Transport-Security": [
          "max-age=31536000; includeSubDomains"
        ],
        "Server": [
          "Microsoft-Azure-Storage-Resource-Provider/1.0,Microsoft-HTTPAPI/2.0 Microsoft-HTTPAPI/2.0"
        ],
        "x-ms-ratelimit-remaining-subscription-reads": [
          "11990"
        ],
        "x-ms-correlation-request-id": [
          "e87cf140-29e2-4062-a4a3-22e4fe583142"
        ],
        "x-ms-routing-request-id": [
          "SOUTHEASTASIA:20190312T093558Z:e87cf140-29e2-4062-a4a3-22e4fe583142"
        ],
        "X-Content-Type-Options": [
          "nosniff"
        ],
        "Date": [
          "Tue, 12 Mar 2019 09:35:57 GMT"
        ],
        "Content-Length": [
          "919"
        ],
        "Content-Type": [
          "application/json"
        ],
        "Expires": [
          "-1"
        ]
      },
      "ResponseBody": "{\r\n  \"id\": \"/subscriptions/ce4a7590-4722-4bcf-a2c6-e473e9f11778/resourceGroups/pstestrg1654/providers/Microsoft.Storage/storageAccounts/stopstestrg1654/blobServices/default/containers/containerpstestrg1654\",\r\n  \"name\": \"containerpstestrg1654\",\r\n  \"type\": \"Microsoft.Storage/storageAccounts/blobServices/containers\",\r\n  \"etag\": \"\\\"0x8D6A6CE21689346\\\"\",\r\n  \"properties\": {\r\n    \"publicAccess\": \"None\",\r\n    \"leaseStatus\": \"Unlocked\",\r\n    \"leaseState\": \"Available\",\r\n    \"lastModifiedTime\": \"2019-03-12T09:35:57Z\",\r\n    \"immutabilityPolicy\": {\r\n      \"etag\": \"\\\"8d6a6ce2167abae\\\"\",\r\n      \"properties\": {\r\n        \"immutabilityPeriodSinceCreationInDays\": 2,\r\n        \"state\": \"Unlocked\"\r\n      },\r\n      \"updateHistory\": [\r\n        {\r\n          \"update\": \"put\",\r\n          \"immutabilityPeriodSinceCreationInDays\": 2,\r\n          \"timestamp\": \"2019-03-12T09:35:57.341995Z\",\r\n          \"objectIdentifier\": \"d6f7e858-345d-45f6-849c-8175519656b7\",\r\n          \"tenantId\": \"72f988bf-86f1-41af-91ab-2d7cd011db47\"\r\n        }\r\n      ]\r\n    },\r\n    \"legalHold\": {\r\n      \"hasLegalHold\": false,\r\n      \"tags\": []\r\n    },\r\n    \"hasImmutabilityPolicy\": true,\r\n    \"hasLegalHold\": false\r\n  }\r\n}",
      "StatusCode": 200
    },
    {
      "RequestUri": "/subscriptions/ce4a7590-4722-4bcf-a2c6-e473e9f11778/resourceGroups/pstestrg1654/providers/Microsoft.Storage/storageAccounts/stopstestrg1654/blobServices/default/containers/containerpstestrg1654?api-version=2018-11-01",
      "EncodedRequestUri": "L3N1YnNjcmlwdGlvbnMvY2U0YTc1OTAtNDcyMi00YmNmLWEyYzYtZTQ3M2U5ZjExNzc4L3Jlc291cmNlR3JvdXBzL3BzdGVzdHJnMTY1NC9wcm92aWRlcnMvTWljcm9zb2Z0LlN0b3JhZ2Uvc3RvcmFnZUFjY291bnRzL3N0b3BzdGVzdHJnMTY1NC9ibG9iU2VydmljZXMvZGVmYXVsdC9jb250YWluZXJzL2NvbnRhaW5lcnBzdGVzdHJnMTY1ND9hcGktdmVyc2lvbj0yMDE4LTExLTAx",
      "RequestMethod": "GET",
      "RequestBody": "",
      "RequestHeaders": {
        "x-ms-client-request-id": [
          "aa3e4d88-5275-474f-8f30-6f257cc869c0"
        ],
        "Accept-Language": [
          "en-US"
        ],
        "User-Agent": [
          "FxVersion/4.6.27207.03",
          "OSName/Windows",
          "OSVersion/Microsoft.Windows.10.0.17763.",
          "Microsoft.Azure.Management.Storage.StorageManagementClient/10.0.0.0"
        ]
      },
      "ResponseHeaders": {
        "Cache-Control": [
          "no-cache"
        ],
        "Pragma": [
          "no-cache"
        ],
        "ETag": [
          "\"0x8D6A6CE21F77F47\""
        ],
        "x-ms-request-id": [
          "a081818b-443e-48f6-9f27-881c9eb24d89"
        ],
        "Strict-Transport-Security": [
          "max-age=31536000; includeSubDomains"
        ],
        "Server": [
          "Microsoft-Azure-Storage-Resource-Provider/1.0,Microsoft-HTTPAPI/2.0 Microsoft-HTTPAPI/2.0"
        ],
        "x-ms-ratelimit-remaining-subscription-reads": [
          "11988"
        ],
        "x-ms-correlation-request-id": [
          "9d009325-8f1f-4180-ab7c-253e465ec1e7"
        ],
        "x-ms-routing-request-id": [
          "SOUTHEASTASIA:20190312T093559Z:9d009325-8f1f-4180-ab7c-253e465ec1e7"
        ],
        "X-Content-Type-Options": [
          "nosniff"
        ],
        "Date": [
          "Tue, 12 Mar 2019 09:35:58 GMT"
        ],
        "Content-Length": [
          "564"
        ],
        "Content-Type": [
          "application/json"
        ],
        "Expires": [
          "-1"
        ]
      },
      "ResponseBody": "{\r\n  \"id\": \"/subscriptions/ce4a7590-4722-4bcf-a2c6-e473e9f11778/resourceGroups/pstestrg1654/providers/Microsoft.Storage/storageAccounts/stopstestrg1654/blobServices/default/containers/containerpstestrg1654\",\r\n  \"name\": \"containerpstestrg1654\",\r\n  \"type\": \"Microsoft.Storage/storageAccounts/blobServices/containers\",\r\n  \"etag\": \"\\\"0x8D6A6CE21F77F47\\\"\",\r\n  \"properties\": {\r\n    \"publicAccess\": \"None\",\r\n    \"leaseStatus\": \"Unlocked\",\r\n    \"leaseState\": \"Available\",\r\n    \"lastModifiedTime\": \"2019-03-12T09:35:58Z\",\r\n    \"legalHold\": {\r\n      \"hasLegalHold\": false,\r\n      \"tags\": []\r\n    },\r\n    \"hasImmutabilityPolicy\": false,\r\n    \"hasLegalHold\": false\r\n  }\r\n}",
      "StatusCode": 200
    },
    {
      "RequestUri": "/subscriptions/ce4a7590-4722-4bcf-a2c6-e473e9f11778/resourceGroups/pstestrg1654/providers/Microsoft.Storage/storageAccounts/stopstestrg1654/blobServices/default/containers/containerpstestrg1654?api-version=2018-11-01",
      "EncodedRequestUri": "L3N1YnNjcmlwdGlvbnMvY2U0YTc1OTAtNDcyMi00YmNmLWEyYzYtZTQ3M2U5ZjExNzc4L3Jlc291cmNlR3JvdXBzL3BzdGVzdHJnMTY1NC9wcm92aWRlcnMvTWljcm9zb2Z0LlN0b3JhZ2Uvc3RvcmFnZUFjY291bnRzL3N0b3BzdGVzdHJnMTY1NC9ibG9iU2VydmljZXMvZGVmYXVsdC9jb250YWluZXJzL2NvbnRhaW5lcnBzdGVzdHJnMTY1ND9hcGktdmVyc2lvbj0yMDE4LTExLTAx",
      "RequestMethod": "GET",
      "RequestBody": "",
      "RequestHeaders": {
        "x-ms-client-request-id": [
          "e2b39058-cdc0-4530-a50c-815387562bb5"
        ],
        "Accept-Language": [
          "en-US"
        ],
        "User-Agent": [
          "FxVersion/4.6.27207.03",
          "OSName/Windows",
          "OSVersion/Microsoft.Windows.10.0.17763.",
          "Microsoft.Azure.Management.Storage.StorageManagementClient/10.0.0.0"
        ]
      },
      "ResponseHeaders": {
        "Cache-Control": [
          "no-cache"
        ],
        "Pragma": [
          "no-cache"
        ],
        "ETag": [
          "\"0x8D6A6CE22AA9BA6\""
        ],
        "x-ms-request-id": [
          "b06902c0-0a6c-4309-bdb4-0c2dd5f570c4"
        ],
        "Strict-Transport-Security": [
          "max-age=31536000; includeSubDomains"
        ],
        "Server": [
          "Microsoft-Azure-Storage-Resource-Provider/1.0,Microsoft-HTTPAPI/2.0 Microsoft-HTTPAPI/2.0"
        ],
        "x-ms-ratelimit-remaining-subscription-reads": [
          "11986"
        ],
        "x-ms-correlation-request-id": [
          "f45dd09d-cbc6-480d-9c07-011a3367be79"
        ],
        "x-ms-routing-request-id": [
          "SOUTHEASTASIA:20190312T093600Z:f45dd09d-cbc6-480d-9c07-011a3367be79"
        ],
        "X-Content-Type-Options": [
          "nosniff"
        ],
        "Date": [
          "Tue, 12 Mar 2019 09:36:00 GMT"
        ],
        "Content-Length": [
          "919"
        ],
        "Content-Type": [
          "application/json"
        ],
        "Expires": [
          "-1"
        ]
      },
      "ResponseBody": "{\r\n  \"id\": \"/subscriptions/ce4a7590-4722-4bcf-a2c6-e473e9f11778/resourceGroups/pstestrg1654/providers/Microsoft.Storage/storageAccounts/stopstestrg1654/blobServices/default/containers/containerpstestrg1654\",\r\n  \"name\": \"containerpstestrg1654\",\r\n  \"type\": \"Microsoft.Storage/storageAccounts/blobServices/containers\",\r\n  \"etag\": \"\\\"0x8D6A6CE22AA9BA6\\\"\",\r\n  \"properties\": {\r\n    \"publicAccess\": \"None\",\r\n    \"leaseStatus\": \"Unlocked\",\r\n    \"leaseState\": \"Available\",\r\n    \"lastModifiedTime\": \"2019-03-12T09:35:59Z\",\r\n    \"immutabilityPolicy\": {\r\n      \"etag\": \"\\\"8d6a6ce22a98e81\\\"\",\r\n      \"properties\": {\r\n        \"immutabilityPeriodSinceCreationInDays\": 7,\r\n        \"state\": \"Unlocked\"\r\n      },\r\n      \"updateHistory\": [\r\n        {\r\n          \"update\": \"put\",\r\n          \"immutabilityPeriodSinceCreationInDays\": 7,\r\n          \"timestamp\": \"2019-03-12T09:35:59.4671476Z\",\r\n          \"objectIdentifier\": \"d6f7e858-345d-45f6-849c-8175519656b7\",\r\n          \"tenantId\": \"72f988bf-86f1-41af-91ab-2d7cd011db47\"\r\n        }\r\n      ]\r\n    },\r\n    \"legalHold\": {\r\n      \"hasLegalHold\": false,\r\n      \"tags\": []\r\n    },\r\n    \"hasImmutabilityPolicy\": true,\r\n    \"hasLegalHold\": false\r\n  }\r\n}",
      "StatusCode": 200
    },
    {
      "RequestUri": "/subscriptions/ce4a7590-4722-4bcf-a2c6-e473e9f11778/resourceGroups/pstestrg1654/providers/Microsoft.Storage/storageAccounts/stopstestrg1654/blobServices/default/containers/containerpstestrg1654?api-version=2018-11-01",
      "EncodedRequestUri": "L3N1YnNjcmlwdGlvbnMvY2U0YTc1OTAtNDcyMi00YmNmLWEyYzYtZTQ3M2U5ZjExNzc4L3Jlc291cmNlR3JvdXBzL3BzdGVzdHJnMTY1NC9wcm92aWRlcnMvTWljcm9zb2Z0LlN0b3JhZ2Uvc3RvcmFnZUFjY291bnRzL3N0b3BzdGVzdHJnMTY1NC9ibG9iU2VydmljZXMvZGVmYXVsdC9jb250YWluZXJzL2NvbnRhaW5lcnBzdGVzdHJnMTY1ND9hcGktdmVyc2lvbj0yMDE4LTExLTAx",
      "RequestMethod": "GET",
      "RequestBody": "",
      "RequestHeaders": {
        "x-ms-client-request-id": [
          "3e8ac01d-3a1a-4ce7-910f-4159c3ef51ca"
        ],
        "Accept-Language": [
          "en-US"
        ],
        "User-Agent": [
          "FxVersion/4.6.27207.03",
          "OSName/Windows",
          "OSVersion/Microsoft.Windows.10.0.17763.",
          "Microsoft.Azure.Management.Storage.StorageManagementClient/10.0.0.0"
        ]
      },
      "ResponseHeaders": {
        "Cache-Control": [
          "no-cache"
        ],
        "Pragma": [
          "no-cache"
        ],
        "ETag": [
          "\"0x8D6A6CE233FA352\""
        ],
        "x-ms-request-id": [
          "29bfe36c-1c93-4113-82a1-a758786e6bdd"
        ],
        "Strict-Transport-Security": [
          "max-age=31536000; includeSubDomains"
        ],
        "Server": [
          "Microsoft-Azure-Storage-Resource-Provider/1.0,Microsoft-HTTPAPI/2.0 Microsoft-HTTPAPI/2.0"
        ],
        "x-ms-ratelimit-remaining-subscription-reads": [
          "11984"
        ],
        "x-ms-correlation-request-id": [
          "3aa7641f-5319-4552-b891-bf4ba211ca8d"
        ],
        "x-ms-routing-request-id": [
          "SOUTHEASTASIA:20190312T093601Z:3aa7641f-5319-4552-b891-bf4ba211ca8d"
        ],
        "X-Content-Type-Options": [
          "nosniff"
        ],
        "Date": [
          "Tue, 12 Mar 2019 09:36:01 GMT"
        ],
        "Content-Length": [
          "1128"
        ],
        "Content-Type": [
          "application/json"
        ],
        "Expires": [
          "-1"
        ]
      },
      "ResponseBody": "{\r\n  \"id\": \"/subscriptions/ce4a7590-4722-4bcf-a2c6-e473e9f11778/resourceGroups/pstestrg1654/providers/Microsoft.Storage/storageAccounts/stopstestrg1654/blobServices/default/containers/containerpstestrg1654\",\r\n  \"name\": \"containerpstestrg1654\",\r\n  \"type\": \"Microsoft.Storage/storageAccounts/blobServices/containers\",\r\n  \"etag\": \"\\\"0x8D6A6CE233FA352\\\"\",\r\n  \"properties\": {\r\n    \"publicAccess\": \"None\",\r\n    \"leaseStatus\": \"Unlocked\",\r\n    \"leaseState\": \"Available\",\r\n    \"lastModifiedTime\": \"2019-03-12T09:36:00Z\",\r\n    \"immutabilityPolicy\": {\r\n      \"etag\": \"\\\"8d6a6ce233afc6b\\\"\",\r\n      \"properties\": {\r\n        \"immutabilityPeriodSinceCreationInDays\": 7,\r\n        \"state\": \"Locked\"\r\n      },\r\n      \"updateHistory\": [\r\n        {\r\n          \"update\": \"put\",\r\n          \"immutabilityPeriodSinceCreationInDays\": 7,\r\n          \"timestamp\": \"2019-03-12T09:35:59.4671476Z\",\r\n          \"objectIdentifier\": \"d6f7e858-345d-45f6-849c-8175519656b7\",\r\n          \"tenantId\": \"72f988bf-86f1-41af-91ab-2d7cd011db47\"\r\n        },\r\n        {\r\n          \"update\": \"lock\",\r\n          \"immutabilityPeriodSinceCreationInDays\": 7,\r\n          \"timestamp\": \"2019-03-12T09:36:00.4358444Z\",\r\n          \"objectIdentifier\": \"d6f7e858-345d-45f6-849c-8175519656b7\",\r\n          \"tenantId\": \"72f988bf-86f1-41af-91ab-2d7cd011db47\"\r\n        }\r\n      ]\r\n    },\r\n    \"legalHold\": {\r\n      \"hasLegalHold\": false,\r\n      \"tags\": []\r\n    },\r\n    \"hasImmutabilityPolicy\": true,\r\n    \"hasLegalHold\": false\r\n  }\r\n}",
      "StatusCode": 200
    },
    {
      "RequestUri": "/subscriptions/ce4a7590-4722-4bcf-a2c6-e473e9f11778/resourceGroups/pstestrg1654/providers/Microsoft.Storage/storageAccounts/stopstestrg1654/blobServices/default/containers/containerpstestrg1654?api-version=2018-11-01",
      "EncodedRequestUri": "L3N1YnNjcmlwdGlvbnMvY2U0YTc1OTAtNDcyMi00YmNmLWEyYzYtZTQ3M2U5ZjExNzc4L3Jlc291cmNlR3JvdXBzL3BzdGVzdHJnMTY1NC9wcm92aWRlcnMvTWljcm9zb2Z0LlN0b3JhZ2Uvc3RvcmFnZUFjY291bnRzL3N0b3BzdGVzdHJnMTY1NC9ibG9iU2VydmljZXMvZGVmYXVsdC9jb250YWluZXJzL2NvbnRhaW5lcnBzdGVzdHJnMTY1ND9hcGktdmVyc2lvbj0yMDE4LTExLTAx",
      "RequestMethod": "GET",
      "RequestBody": "",
      "RequestHeaders": {
        "x-ms-client-request-id": [
          "e539d8d8-efad-46f1-be8d-ed865cc8fcda"
        ],
        "Accept-Language": [
          "en-US"
        ],
        "User-Agent": [
          "FxVersion/4.6.27207.03",
          "OSName/Windows",
          "OSVersion/Microsoft.Windows.10.0.17763.",
          "Microsoft.Azure.Management.Storage.StorageManagementClient/10.0.0.0"
        ]
      },
      "ResponseHeaders": {
        "Cache-Control": [
          "no-cache"
        ],
        "Pragma": [
          "no-cache"
        ],
        "ETag": [
          "\"0x8D6A6CE23DE70C7\""
        ],
        "x-ms-request-id": [
          "2975122c-77ef-4bf6-add6-c7e7f6aa7305"
        ],
        "Strict-Transport-Security": [
          "max-age=31536000; includeSubDomains"
        ],
        "Server": [
          "Microsoft-Azure-Storage-Resource-Provider/1.0,Microsoft-HTTPAPI/2.0 Microsoft-HTTPAPI/2.0"
        ],
        "x-ms-ratelimit-remaining-subscription-reads": [
          "11982"
        ],
        "x-ms-correlation-request-id": [
          "ffdecc25-c802-4f6c-b141-a004416f835c"
        ],
        "x-ms-routing-request-id": [
          "SOUTHEASTASIA:20190312T093602Z:ffdecc25-c802-4f6c-b141-a004416f835c"
        ],
        "X-Content-Type-Options": [
          "nosniff"
        ],
        "Date": [
          "Tue, 12 Mar 2019 09:36:02 GMT"
        ],
        "Content-Length": [
          "1343"
        ],
        "Content-Type": [
          "application/json"
        ],
        "Expires": [
          "-1"
        ]
      },
      "ResponseBody": "{\r\n  \"id\": \"/subscriptions/ce4a7590-4722-4bcf-a2c6-e473e9f11778/resourceGroups/pstestrg1654/providers/Microsoft.Storage/storageAccounts/stopstestrg1654/blobServices/default/containers/containerpstestrg1654\",\r\n  \"name\": \"containerpstestrg1654\",\r\n  \"type\": \"Microsoft.Storage/storageAccounts/blobServices/containers\",\r\n  \"etag\": \"\\\"0x8D6A6CE23DE70C7\\\"\",\r\n  \"properties\": {\r\n    \"publicAccess\": \"None\",\r\n    \"leaseStatus\": \"Unlocked\",\r\n    \"leaseState\": \"Available\",\r\n    \"lastModifiedTime\": \"2019-03-12T09:36:01Z\",\r\n    \"immutabilityPolicy\": {\r\n      \"etag\": \"\\\"8d6a6ce23dd1c4a\\\"\",\r\n      \"properties\": {\r\n        \"immutabilityPeriodSinceCreationInDays\": 20,\r\n        \"state\": \"Locked\"\r\n      },\r\n      \"updateHistory\": [\r\n        {\r\n          \"update\": \"put\",\r\n          \"immutabilityPeriodSinceCreationInDays\": 7,\r\n          \"timestamp\": \"2019-03-12T09:35:59.4671476Z\",\r\n          \"objectIdentifier\": \"d6f7e858-345d-45f6-849c-8175519656b7\",\r\n          \"tenantId\": \"72f988bf-86f1-41af-91ab-2d7cd011db47\"\r\n        },\r\n        {\r\n          \"update\": \"lock\",\r\n          \"immutabilityPeriodSinceCreationInDays\": 7,\r\n          \"timestamp\": \"2019-03-12T09:36:00.4358444Z\",\r\n          \"objectIdentifier\": \"d6f7e858-345d-45f6-849c-8175519656b7\",\r\n          \"tenantId\": \"72f988bf-86f1-41af-91ab-2d7cd011db47\"\r\n        },\r\n        {\r\n          \"update\": \"extend\",\r\n          \"immutabilityPeriodSinceCreationInDays\": 20,\r\n          \"timestamp\": \"2019-03-12T09:36:01.4670922Z\",\r\n          \"objectIdentifier\": \"d6f7e858-345d-45f6-849c-8175519656b7\",\r\n          \"tenantId\": \"72f988bf-86f1-41af-91ab-2d7cd011db47\"\r\n        }\r\n      ]\r\n    },\r\n    \"legalHold\": {\r\n      \"hasLegalHold\": false,\r\n      \"tags\": []\r\n    },\r\n    \"hasImmutabilityPolicy\": true,\r\n    \"hasLegalHold\": false\r\n  }\r\n}",
      "StatusCode": 200
    },
    {
      "RequestUri": "/subscriptions/ce4a7590-4722-4bcf-a2c6-e473e9f11778/resourceGroups/pstestrg1654/providers/Microsoft.Storage/storageAccounts/stopstestrg1654/blobServices/default/containers/containerpstestrg1654/immutabilityPolicies/default?api-version=2018-11-01",
      "EncodedRequestUri": "L3N1YnNjcmlwdGlvbnMvY2U0YTc1OTAtNDcyMi00YmNmLWEyYzYtZTQ3M2U5ZjExNzc4L3Jlc291cmNlR3JvdXBzL3BzdGVzdHJnMTY1NC9wcm92aWRlcnMvTWljcm9zb2Z0LlN0b3JhZ2Uvc3RvcmFnZUFjY291bnRzL3N0b3BzdGVzdHJnMTY1NC9ibG9iU2VydmljZXMvZGVmYXVsdC9jb250YWluZXJzL2NvbnRhaW5lcnBzdGVzdHJnMTY1NC9pbW11dGFiaWxpdHlQb2xpY2llcy9kZWZhdWx0P2FwaS12ZXJzaW9uPTIwMTgtMTEtMDE=",
      "RequestMethod": "GET",
      "RequestBody": "",
      "RequestHeaders": {
        "x-ms-client-request-id": [
          "468f9cbc-8c63-4bca-98ad-352452fd3791"
        ],
        "Accept-Language": [
          "en-US"
        ],
        "User-Agent": [
          "FxVersion/4.6.27207.03",
          "OSName/Windows",
          "OSVersion/Microsoft.Windows.10.0.17763.",
          "Microsoft.Azure.Management.Storage.StorageManagementClient/10.0.0.0"
        ]
      },
      "ResponseHeaders": {
        "Cache-Control": [
          "no-cache"
        ],
        "Pragma": [
          "no-cache"
        ],
        "x-ms-request-id": [
          "deed9731-b611-4cbd-b10b-7a47a4c68471"
        ],
        "Strict-Transport-Security": [
          "max-age=31536000; includeSubDomains"
        ],
        "Server": [
          "Microsoft-Azure-Storage-Resource-Provider/1.0,Microsoft-HTTPAPI/2.0 Microsoft-HTTPAPI/2.0"
        ],
        "x-ms-ratelimit-remaining-subscription-reads": [
          "11994"
        ],
        "x-ms-correlation-request-id": [
          "6cc9480c-f6fb-4719-b54f-d96eab43306a"
        ],
        "x-ms-routing-request-id": [
          "SOUTHEASTASIA:20190312T093555Z:6cc9480c-f6fb-4719-b54f-d96eab43306a"
        ],
        "X-Content-Type-Options": [
          "nosniff"
        ],
        "Date": [
          "Tue, 12 Mar 2019 09:35:54 GMT"
        ],
        "Content-Length": [
          "421"
        ],
        "Content-Type": [
          "application/json"
        ],
        "Expires": [
          "-1"
        ]
      },
      "ResponseBody": "{\r\n  \"id\": \"/subscriptions/ce4a7590-4722-4bcf-a2c6-e473e9f11778/resourceGroups/pstestrg1654/providers/Microsoft.Storage/storageAccounts/stopstestrg1654/blobServices/default/containers/containerpstestrg1654/immutabilityPolicies/default\",\r\n  \"name\": \"default\",\r\n  \"type\": \"Microsoft.Storage/storageAccounts/blobServices/containers/immutabilityPolicies\",\r\n  \"etag\": \"\",\r\n  \"properties\": {\r\n    \"immutabilityPeriodSinceCreationInDays\": 0,\r\n    \"state\": \"Deleted\"\r\n  }\r\n}",
      "StatusCode": 200
    },
    {
      "RequestUri": "/subscriptions/ce4a7590-4722-4bcf-a2c6-e473e9f11778/resourceGroups/pstestrg1654/providers/Microsoft.Storage/storageAccounts/stopstestrg1654/blobServices/default/containers/containerpstestrg1654/immutabilityPolicies/default?api-version=2018-11-01",
      "EncodedRequestUri": "L3N1YnNjcmlwdGlvbnMvY2U0YTc1OTAtNDcyMi00YmNmLWEyYzYtZTQ3M2U5ZjExNzc4L3Jlc291cmNlR3JvdXBzL3BzdGVzdHJnMTY1NC9wcm92aWRlcnMvTWljcm9zb2Z0LlN0b3JhZ2Uvc3RvcmFnZUFjY291bnRzL3N0b3BzdGVzdHJnMTY1NC9ibG9iU2VydmljZXMvZGVmYXVsdC9jb250YWluZXJzL2NvbnRhaW5lcnBzdGVzdHJnMTY1NC9pbW11dGFiaWxpdHlQb2xpY2llcy9kZWZhdWx0P2FwaS12ZXJzaW9uPTIwMTgtMTEtMDE=",
      "RequestMethod": "GET",
      "RequestBody": "",
      "RequestHeaders": {
        "x-ms-client-request-id": [
          "d40cffe7-a8b8-48ca-a537-121c80f230d9"
        ],
        "Accept-Language": [
          "en-US"
        ],
        "User-Agent": [
          "FxVersion/4.6.27207.03",
          "OSName/Windows",
          "OSVersion/Microsoft.Windows.10.0.17763.",
          "Microsoft.Azure.Management.Storage.StorageManagementClient/10.0.0.0"
        ]
      },
      "ResponseHeaders": {
        "Cache-Control": [
          "no-cache"
        ],
        "Pragma": [
          "no-cache"
        ],
        "ETag": [
          "\"8d6a6ce2095df27\""
        ],
        "x-ms-request-id": [
          "3cf7d8c4-df7e-4cd4-88b7-785493880a5a"
        ],
        "Strict-Transport-Security": [
          "max-age=31536000; includeSubDomains"
        ],
        "Server": [
          "Microsoft-Azure-Storage-Resource-Provider/1.0,Microsoft-HTTPAPI/2.0 Microsoft-HTTPAPI/2.0"
        ],
        "x-ms-ratelimit-remaining-subscription-reads": [
          "11993"
        ],
        "x-ms-correlation-request-id": [
          "22c70fc3-3009-40b1-b46c-8d45074cd0e8"
        ],
        "x-ms-routing-request-id": [
          "SOUTHEASTASIA:20190312T093556Z:22c70fc3-3009-40b1-b46c-8d45074cd0e8"
        ],
        "X-Content-Type-Options": [
          "nosniff"
        ],
        "Date": [
          "Tue, 12 Mar 2019 09:35:55 GMT"
        ],
        "Content-Length": [
          "441"
        ],
        "Content-Type": [
          "application/json"
        ],
        "Expires": [
          "-1"
        ]
      },
      "ResponseBody": "{\r\n  \"id\": \"/subscriptions/ce4a7590-4722-4bcf-a2c6-e473e9f11778/resourceGroups/pstestrg1654/providers/Microsoft.Storage/storageAccounts/stopstestrg1654/blobServices/default/containers/containerpstestrg1654/immutabilityPolicies/default\",\r\n  \"name\": \"default\",\r\n  \"type\": \"Microsoft.Storage/storageAccounts/blobServices/containers/immutabilityPolicies\",\r\n  \"etag\": \"\\\"8d6a6ce2095df27\\\"\",\r\n  \"properties\": {\r\n    \"immutabilityPeriodSinceCreationInDays\": 3,\r\n    \"state\": \"Unlocked\"\r\n  }\r\n}",
      "StatusCode": 200
    },
    {
      "RequestUri": "/subscriptions/ce4a7590-4722-4bcf-a2c6-e473e9f11778/resourceGroups/pstestrg1654/providers/Microsoft.Storage/storageAccounts/stopstestrg1654/blobServices/default/containers/containerpstestrg1654/immutabilityPolicies/default?api-version=2018-11-01",
      "EncodedRequestUri": "L3N1YnNjcmlwdGlvbnMvY2U0YTc1OTAtNDcyMi00YmNmLWEyYzYtZTQ3M2U5ZjExNzc4L3Jlc291cmNlR3JvdXBzL3BzdGVzdHJnMTY1NC9wcm92aWRlcnMvTWljcm9zb2Z0LlN0b3JhZ2Uvc3RvcmFnZUFjY291bnRzL3N0b3BzdGVzdHJnMTY1NC9ibG9iU2VydmljZXMvZGVmYXVsdC9jb250YWluZXJzL2NvbnRhaW5lcnBzdGVzdHJnMTY1NC9pbW11dGFiaWxpdHlQb2xpY2llcy9kZWZhdWx0P2FwaS12ZXJzaW9uPTIwMTgtMTEtMDE=",
      "RequestMethod": "GET",
      "RequestBody": "",
      "RequestHeaders": {
        "x-ms-client-request-id": [
          "16033835-547e-41d6-a067-2e0a5d8aeee1"
        ],
        "Accept-Language": [
          "en-US"
        ],
        "User-Agent": [
          "FxVersion/4.6.27207.03",
          "OSName/Windows",
          "OSVersion/Microsoft.Windows.10.0.17763.",
          "Microsoft.Azure.Management.Storage.StorageManagementClient/10.0.0.0"
        ]
      },
      "ResponseHeaders": {
        "Cache-Control": [
          "no-cache"
        ],
        "Pragma": [
          "no-cache"
        ],
        "ETag": [
          "\"8d6a6ce2167abae\""
        ],
        "x-ms-request-id": [
          "6aa48330-b1c6-461d-a160-ee81a48ef004"
        ],
        "Strict-Transport-Security": [
          "max-age=31536000; includeSubDomains"
        ],
        "Server": [
          "Microsoft-Azure-Storage-Resource-Provider/1.0,Microsoft-HTTPAPI/2.0 Microsoft-HTTPAPI/2.0"
        ],
        "x-ms-ratelimit-remaining-subscription-reads": [
          "11991"
        ],
        "x-ms-correlation-request-id": [
          "675461a8-88c7-429c-a6e6-4ac664598b77"
        ],
        "x-ms-routing-request-id": [
          "SOUTHEASTASIA:20190312T093557Z:675461a8-88c7-429c-a6e6-4ac664598b77"
        ],
        "X-Content-Type-Options": [
          "nosniff"
        ],
        "Date": [
          "Tue, 12 Mar 2019 09:35:56 GMT"
        ],
        "Content-Length": [
          "441"
        ],
        "Content-Type": [
          "application/json"
        ],
        "Expires": [
          "-1"
        ]
      },
      "ResponseBody": "{\r\n  \"id\": \"/subscriptions/ce4a7590-4722-4bcf-a2c6-e473e9f11778/resourceGroups/pstestrg1654/providers/Microsoft.Storage/storageAccounts/stopstestrg1654/blobServices/default/containers/containerpstestrg1654/immutabilityPolicies/default\",\r\n  \"name\": \"default\",\r\n  \"type\": \"Microsoft.Storage/storageAccounts/blobServices/containers/immutabilityPolicies\",\r\n  \"etag\": \"\\\"8d6a6ce2167abae\\\"\",\r\n  \"properties\": {\r\n    \"immutabilityPeriodSinceCreationInDays\": 2,\r\n    \"state\": \"Unlocked\"\r\n  }\r\n}",
      "StatusCode": 200
    },
    {
      "RequestUri": "/subscriptions/ce4a7590-4722-4bcf-a2c6-e473e9f11778/resourceGroups/pstestrg1654/providers/Microsoft.Storage/storageAccounts/stopstestrg1654/blobServices/default/containers/containerpstestrg1654/immutabilityPolicies/default?api-version=2018-11-01",
      "EncodedRequestUri": "L3N1YnNjcmlwdGlvbnMvY2U0YTc1OTAtNDcyMi00YmNmLWEyYzYtZTQ3M2U5ZjExNzc4L3Jlc291cmNlR3JvdXBzL3BzdGVzdHJnMTY1NC9wcm92aWRlcnMvTWljcm9zb2Z0LlN0b3JhZ2Uvc3RvcmFnZUFjY291bnRzL3N0b3BzdGVzdHJnMTY1NC9ibG9iU2VydmljZXMvZGVmYXVsdC9jb250YWluZXJzL2NvbnRhaW5lcnBzdGVzdHJnMTY1NC9pbW11dGFiaWxpdHlQb2xpY2llcy9kZWZhdWx0P2FwaS12ZXJzaW9uPTIwMTgtMTEtMDE=",
      "RequestMethod": "GET",
      "RequestBody": "",
      "RequestHeaders": {
        "x-ms-client-request-id": [
          "bc41bd60-a085-4cfa-97b0-d95aa1403dec"
        ],
        "Accept-Language": [
          "en-US"
        ],
        "User-Agent": [
          "FxVersion/4.6.27207.03",
          "OSName/Windows",
          "OSVersion/Microsoft.Windows.10.0.17763.",
          "Microsoft.Azure.Management.Storage.StorageManagementClient/10.0.0.0"
        ]
      },
      "ResponseHeaders": {
        "Cache-Control": [
          "no-cache"
        ],
        "Pragma": [
          "no-cache"
        ],
        "x-ms-request-id": [
          "9fd992dc-bf30-4f99-8dfb-ffbe91893e02"
        ],
        "Strict-Transport-Security": [
          "max-age=31536000; includeSubDomains"
        ],
        "Server": [
          "Microsoft-Azure-Storage-Resource-Provider/1.0,Microsoft-HTTPAPI/2.0 Microsoft-HTTPAPI/2.0"
        ],
        "x-ms-ratelimit-remaining-subscription-reads": [
          "11989"
        ],
        "x-ms-correlation-request-id": [
          "da3ae291-5a9a-4123-b8c8-24cc5316c501"
        ],
        "x-ms-routing-request-id": [
          "SOUTHEASTASIA:20190312T093558Z:da3ae291-5a9a-4123-b8c8-24cc5316c501"
        ],
        "X-Content-Type-Options": [
          "nosniff"
        ],
        "Date": [
          "Tue, 12 Mar 2019 09:35:57 GMT"
        ],
        "Content-Length": [
          "421"
        ],
        "Content-Type": [
          "application/json"
        ],
        "Expires": [
          "-1"
        ]
      },
      "ResponseBody": "{\r\n  \"id\": \"/subscriptions/ce4a7590-4722-4bcf-a2c6-e473e9f11778/resourceGroups/pstestrg1654/providers/Microsoft.Storage/storageAccounts/stopstestrg1654/blobServices/default/containers/containerpstestrg1654/immutabilityPolicies/default\",\r\n  \"name\": \"default\",\r\n  \"type\": \"Microsoft.Storage/storageAccounts/blobServices/containers/immutabilityPolicies\",\r\n  \"etag\": \"\",\r\n  \"properties\": {\r\n    \"immutabilityPeriodSinceCreationInDays\": 0,\r\n    \"state\": \"Deleted\"\r\n  }\r\n}",
      "StatusCode": 200
    },
    {
      "RequestUri": "/subscriptions/ce4a7590-4722-4bcf-a2c6-e473e9f11778/resourceGroups/pstestrg1654/providers/Microsoft.Storage/storageAccounts/stopstestrg1654/blobServices/default/containers/containerpstestrg1654/immutabilityPolicies/default?api-version=2018-11-01",
      "EncodedRequestUri": "L3N1YnNjcmlwdGlvbnMvY2U0YTc1OTAtNDcyMi00YmNmLWEyYzYtZTQ3M2U5ZjExNzc4L3Jlc291cmNlR3JvdXBzL3BzdGVzdHJnMTY1NC9wcm92aWRlcnMvTWljcm9zb2Z0LlN0b3JhZ2Uvc3RvcmFnZUFjY291bnRzL3N0b3BzdGVzdHJnMTY1NC9ibG9iU2VydmljZXMvZGVmYXVsdC9jb250YWluZXJzL2NvbnRhaW5lcnBzdGVzdHJnMTY1NC9pbW11dGFiaWxpdHlQb2xpY2llcy9kZWZhdWx0P2FwaS12ZXJzaW9uPTIwMTgtMTEtMDE=",
      "RequestMethod": "GET",
      "RequestBody": "",
      "RequestHeaders": {
        "x-ms-client-request-id": [
          "663a9f81-1a9b-49cb-8503-c88779e5755e"
        ],
        "Accept-Language": [
          "en-US"
        ],
        "User-Agent": [
          "FxVersion/4.6.27207.03",
          "OSName/Windows",
          "OSVersion/Microsoft.Windows.10.0.17763.",
          "Microsoft.Azure.Management.Storage.StorageManagementClient/10.0.0.0"
        ]
      },
      "ResponseHeaders": {
        "Cache-Control": [
          "no-cache"
        ],
        "Pragma": [
          "no-cache"
        ],
        "ETag": [
          "\"8d6a6ce22a98e81\""
        ],
        "x-ms-request-id": [
          "f9349a9f-7c51-4405-bddd-44a6c0a011a4"
        ],
        "Strict-Transport-Security": [
          "max-age=31536000; includeSubDomains"
        ],
        "Server": [
          "Microsoft-Azure-Storage-Resource-Provider/1.0,Microsoft-HTTPAPI/2.0 Microsoft-HTTPAPI/2.0"
        ],
        "x-ms-ratelimit-remaining-subscription-reads": [
          "11987"
        ],
        "x-ms-correlation-request-id": [
          "5eed2d62-3d6d-4155-9ca8-fe41d1ba38eb"
        ],
        "x-ms-routing-request-id": [
          "SOUTHEASTASIA:20190312T093559Z:5eed2d62-3d6d-4155-9ca8-fe41d1ba38eb"
        ],
        "X-Content-Type-Options": [
          "nosniff"
        ],
        "Date": [
          "Tue, 12 Mar 2019 09:35:58 GMT"
        ],
        "Content-Length": [
          "441"
        ],
        "Content-Type": [
          "application/json"
        ],
        "Expires": [
          "-1"
        ]
      },
      "ResponseBody": "{\r\n  \"id\": \"/subscriptions/ce4a7590-4722-4bcf-a2c6-e473e9f11778/resourceGroups/pstestrg1654/providers/Microsoft.Storage/storageAccounts/stopstestrg1654/blobServices/default/containers/containerpstestrg1654/immutabilityPolicies/default\",\r\n  \"name\": \"default\",\r\n  \"type\": \"Microsoft.Storage/storageAccounts/blobServices/containers/immutabilityPolicies\",\r\n  \"etag\": \"\\\"8d6a6ce22a98e81\\\"\",\r\n  \"properties\": {\r\n    \"immutabilityPeriodSinceCreationInDays\": 7,\r\n    \"state\": \"Unlocked\"\r\n  }\r\n}",
      "StatusCode": 200
    },
    {
      "RequestUri": "/subscriptions/ce4a7590-4722-4bcf-a2c6-e473e9f11778/resourceGroups/pstestrg1654/providers/Microsoft.Storage/storageAccounts/stopstestrg1654/blobServices/default/containers/containerpstestrg1654/immutabilityPolicies/default?api-version=2018-11-01",
      "EncodedRequestUri": "L3N1YnNjcmlwdGlvbnMvY2U0YTc1OTAtNDcyMi00YmNmLWEyYzYtZTQ3M2U5ZjExNzc4L3Jlc291cmNlR3JvdXBzL3BzdGVzdHJnMTY1NC9wcm92aWRlcnMvTWljcm9zb2Z0LlN0b3JhZ2Uvc3RvcmFnZUFjY291bnRzL3N0b3BzdGVzdHJnMTY1NC9ibG9iU2VydmljZXMvZGVmYXVsdC9jb250YWluZXJzL2NvbnRhaW5lcnBzdGVzdHJnMTY1NC9pbW11dGFiaWxpdHlQb2xpY2llcy9kZWZhdWx0P2FwaS12ZXJzaW9uPTIwMTgtMTEtMDE=",
      "RequestMethod": "GET",
      "RequestBody": "",
      "RequestHeaders": {
        "x-ms-client-request-id": [
          "23cb50e4-84e9-4b3e-ba5a-17084bbe04e2"
        ],
        "Accept-Language": [
          "en-US"
        ],
        "User-Agent": [
          "FxVersion/4.6.27207.03",
          "OSName/Windows",
          "OSVersion/Microsoft.Windows.10.0.17763.",
          "Microsoft.Azure.Management.Storage.StorageManagementClient/10.0.0.0"
        ]
      },
      "ResponseHeaders": {
        "Cache-Control": [
          "no-cache"
        ],
        "Pragma": [
          "no-cache"
        ],
        "ETag": [
          "\"8d6a6ce233afc6b\""
        ],
        "x-ms-request-id": [
          "c7eb131c-c82e-4dda-8b7b-da9b1c018cd5"
        ],
        "Strict-Transport-Security": [
          "max-age=31536000; includeSubDomains"
        ],
        "Server": [
          "Microsoft-Azure-Storage-Resource-Provider/1.0,Microsoft-HTTPAPI/2.0 Microsoft-HTTPAPI/2.0"
        ],
        "x-ms-ratelimit-remaining-subscription-reads": [
          "11985"
        ],
        "x-ms-correlation-request-id": [
          "ea49e3ff-9e08-40a3-a468-a5e242f21826"
        ],
        "x-ms-routing-request-id": [
          "SOUTHEASTASIA:20190312T093600Z:ea49e3ff-9e08-40a3-a468-a5e242f21826"
        ],
        "X-Content-Type-Options": [
          "nosniff"
        ],
        "Date": [
          "Tue, 12 Mar 2019 09:36:00 GMT"
        ],
        "Content-Length": [
          "439"
        ],
        "Content-Type": [
          "application/json"
        ],
        "Expires": [
          "-1"
        ]
      },
      "ResponseBody": "{\r\n  \"id\": \"/subscriptions/ce4a7590-4722-4bcf-a2c6-e473e9f11778/resourceGroups/pstestrg1654/providers/Microsoft.Storage/storageAccounts/stopstestrg1654/blobServices/default/containers/containerpstestrg1654/immutabilityPolicies/default\",\r\n  \"name\": \"default\",\r\n  \"type\": \"Microsoft.Storage/storageAccounts/blobServices/containers/immutabilityPolicies\",\r\n  \"etag\": \"\\\"8d6a6ce233afc6b\\\"\",\r\n  \"properties\": {\r\n    \"immutabilityPeriodSinceCreationInDays\": 7,\r\n    \"state\": \"Locked\"\r\n  }\r\n}",
      "StatusCode": 200
    },
    {
      "RequestUri": "/subscriptions/ce4a7590-4722-4bcf-a2c6-e473e9f11778/resourceGroups/pstestrg1654/providers/Microsoft.Storage/storageAccounts/stopstestrg1654/blobServices/default/containers/containerpstestrg1654/immutabilityPolicies/default?api-version=2018-11-01",
      "EncodedRequestUri": "L3N1YnNjcmlwdGlvbnMvY2U0YTc1OTAtNDcyMi00YmNmLWEyYzYtZTQ3M2U5ZjExNzc4L3Jlc291cmNlR3JvdXBzL3BzdGVzdHJnMTY1NC9wcm92aWRlcnMvTWljcm9zb2Z0LlN0b3JhZ2Uvc3RvcmFnZUFjY291bnRzL3N0b3BzdGVzdHJnMTY1NC9ibG9iU2VydmljZXMvZGVmYXVsdC9jb250YWluZXJzL2NvbnRhaW5lcnBzdGVzdHJnMTY1NC9pbW11dGFiaWxpdHlQb2xpY2llcy9kZWZhdWx0P2FwaS12ZXJzaW9uPTIwMTgtMTEtMDE=",
      "RequestMethod": "GET",
      "RequestBody": "",
      "RequestHeaders": {
        "x-ms-client-request-id": [
          "80ac23d3-2844-478a-8ae8-e400977d45d6"
        ],
        "Accept-Language": [
          "en-US"
        ],
        "User-Agent": [
          "FxVersion/4.6.27207.03",
          "OSName/Windows",
          "OSVersion/Microsoft.Windows.10.0.17763.",
          "Microsoft.Azure.Management.Storage.StorageManagementClient/10.0.0.0"
        ]
      },
      "ResponseHeaders": {
        "Cache-Control": [
          "no-cache"
        ],
        "Pragma": [
          "no-cache"
        ],
        "ETag": [
          "\"8d6a6ce23dd1c4a\""
        ],
        "x-ms-request-id": [
          "6964f000-89b3-45d7-a46b-47b293c8377a"
        ],
        "Strict-Transport-Security": [
          "max-age=31536000; includeSubDomains"
        ],
        "Server": [
          "Microsoft-Azure-Storage-Resource-Provider/1.0,Microsoft-HTTPAPI/2.0 Microsoft-HTTPAPI/2.0"
        ],
        "x-ms-ratelimit-remaining-subscription-reads": [
          "11983"
        ],
        "x-ms-correlation-request-id": [
          "64745e76-41c7-40e7-876f-aed3cef77ca1"
        ],
        "x-ms-routing-request-id": [
          "SOUTHEASTASIA:20190312T093601Z:64745e76-41c7-40e7-876f-aed3cef77ca1"
        ],
        "X-Content-Type-Options": [
          "nosniff"
        ],
        "Date": [
          "Tue, 12 Mar 2019 09:36:01 GMT"
        ],
        "Content-Length": [
          "440"
        ],
        "Content-Type": [
          "application/json"
        ],
        "Expires": [
          "-1"
        ]
      },
      "ResponseBody": "{\r\n  \"id\": \"/subscriptions/ce4a7590-4722-4bcf-a2c6-e473e9f11778/resourceGroups/pstestrg1654/providers/Microsoft.Storage/storageAccounts/stopstestrg1654/blobServices/default/containers/containerpstestrg1654/immutabilityPolicies/default\",\r\n  \"name\": \"default\",\r\n  \"type\": \"Microsoft.Storage/storageAccounts/blobServices/containers/immutabilityPolicies\",\r\n  \"etag\": \"\\\"8d6a6ce23dd1c4a\\\"\",\r\n  \"properties\": {\r\n    \"immutabilityPeriodSinceCreationInDays\": 20,\r\n    \"state\": \"Locked\"\r\n  }\r\n}",
      "StatusCode": 200
    },
    {
      "RequestUri": "/subscriptions/ce4a7590-4722-4bcf-a2c6-e473e9f11778/resourceGroups/pstestrg1654/providers/Microsoft.Storage/storageAccounts/stopstestrg1654/blobServices/default/containers/containerpstestrg1654/immutabilityPolicies/default?api-version=2018-11-01",
      "EncodedRequestUri": "L3N1YnNjcmlwdGlvbnMvY2U0YTc1OTAtNDcyMi00YmNmLWEyYzYtZTQ3M2U5ZjExNzc4L3Jlc291cmNlR3JvdXBzL3BzdGVzdHJnMTY1NC9wcm92aWRlcnMvTWljcm9zb2Z0LlN0b3JhZ2Uvc3RvcmFnZUFjY291bnRzL3N0b3BzdGVzdHJnMTY1NC9ibG9iU2VydmljZXMvZGVmYXVsdC9jb250YWluZXJzL2NvbnRhaW5lcnBzdGVzdHJnMTY1NC9pbW11dGFiaWxpdHlQb2xpY2llcy9kZWZhdWx0P2FwaS12ZXJzaW9uPTIwMTgtMTEtMDE=",
      "RequestMethod": "PUT",
      "RequestBody": "{\r\n  \"properties\": {\r\n    \"immutabilityPeriodSinceCreationInDays\": 3\r\n  }\r\n}",
      "RequestHeaders": {
        "x-ms-client-request-id": [
          "942cb557-cd1e-4e9c-bef0-6cf30af12000"
        ],
        "Accept-Language": [
          "en-US"
        ],
        "User-Agent": [
          "FxVersion/4.6.27207.03",
          "OSName/Windows",
          "OSVersion/Microsoft.Windows.10.0.17763.",
          "Microsoft.Azure.Management.Storage.StorageManagementClient/10.0.0.0"
        ],
        "Content-Type": [
          "application/json; charset=utf-8"
        ],
        "Content-Length": [
          "76"
        ]
      },
      "ResponseHeaders": {
        "Cache-Control": [
          "no-cache"
        ],
        "Pragma": [
          "no-cache"
        ],
        "ETag": [
          "\"8d6a6ce2095df27\""
        ],
        "x-ms-request-id": [
          "32f8d862-13fb-4982-840c-81c9cd0b087d"
        ],
        "Strict-Transport-Security": [
          "max-age=31536000; includeSubDomains"
        ],
        "Server": [
          "Microsoft-Azure-Storage-Resource-Provider/1.0,Microsoft-HTTPAPI/2.0 Microsoft-HTTPAPI/2.0"
        ],
        "x-ms-ratelimit-remaining-subscription-writes": [
          "1197"
        ],
        "x-ms-correlation-request-id": [
          "b605c68c-fcff-44bd-9c0e-c7c29ded8802"
        ],
        "x-ms-routing-request-id": [
          "SOUTHEASTASIA:20190312T093556Z:b605c68c-fcff-44bd-9c0e-c7c29ded8802"
        ],
        "X-Content-Type-Options": [
          "nosniff"
        ],
        "Date": [
          "Tue, 12 Mar 2019 09:35:55 GMT"
        ],
        "Content-Length": [
          "441"
        ],
        "Content-Type": [
          "application/json"
        ],
        "Expires": [
          "-1"
        ]
      },
      "ResponseBody": "{\r\n  \"id\": \"/subscriptions/ce4a7590-4722-4bcf-a2c6-e473e9f11778/resourceGroups/pstestrg1654/providers/Microsoft.Storage/storageAccounts/stopstestrg1654/blobServices/default/containers/containerpstestrg1654/immutabilityPolicies/default\",\r\n  \"name\": \"default\",\r\n  \"type\": \"Microsoft.Storage/storageAccounts/blobServices/containers/immutabilityPolicies\",\r\n  \"etag\": \"\\\"8d6a6ce2095df27\\\"\",\r\n  \"properties\": {\r\n    \"immutabilityPeriodSinceCreationInDays\": 3,\r\n    \"state\": \"Unlocked\"\r\n  }\r\n}",
      "StatusCode": 200
    },
    {
      "RequestUri": "/subscriptions/ce4a7590-4722-4bcf-a2c6-e473e9f11778/resourceGroups/pstestrg1654/providers/Microsoft.Storage/storageAccounts/stopstestrg1654/blobServices/default/containers/containerpstestrg1654/immutabilityPolicies/default?api-version=2018-11-01",
      "EncodedRequestUri": "L3N1YnNjcmlwdGlvbnMvY2U0YTc1OTAtNDcyMi00YmNmLWEyYzYtZTQ3M2U5ZjExNzc4L3Jlc291cmNlR3JvdXBzL3BzdGVzdHJnMTY1NC9wcm92aWRlcnMvTWljcm9zb2Z0LlN0b3JhZ2Uvc3RvcmFnZUFjY291bnRzL3N0b3BzdGVzdHJnMTY1NC9ibG9iU2VydmljZXMvZGVmYXVsdC9jb250YWluZXJzL2NvbnRhaW5lcnBzdGVzdHJnMTY1NC9pbW11dGFiaWxpdHlQb2xpY2llcy9kZWZhdWx0P2FwaS12ZXJzaW9uPTIwMTgtMTEtMDE=",
      "RequestMethod": "PUT",
      "RequestBody": "{\r\n  \"properties\": {\r\n    \"immutabilityPeriodSinceCreationInDays\": 2\r\n  }\r\n}",
      "RequestHeaders": {
        "x-ms-client-request-id": [
          "e548fb5f-3e96-42c5-a39f-fdd4c8276338"
        ],
        "If-Match": [
          "\"8d6a6ce2095df27\""
        ],
        "Accept-Language": [
          "en-US"
        ],
        "User-Agent": [
          "FxVersion/4.6.27207.03",
          "OSName/Windows",
          "OSVersion/Microsoft.Windows.10.0.17763.",
          "Microsoft.Azure.Management.Storage.StorageManagementClient/10.0.0.0"
        ],
        "Content-Type": [
          "application/json; charset=utf-8"
        ],
        "Content-Length": [
          "76"
        ]
      },
      "ResponseHeaders": {
        "Cache-Control": [
          "no-cache"
        ],
        "Pragma": [
          "no-cache"
        ],
        "ETag": [
          "\"8d6a6ce2167abae\""
        ],
        "x-ms-request-id": [
          "5a20b3aa-81af-4fb4-bda3-4b097ef57b48"
        ],
        "Strict-Transport-Security": [
          "max-age=31536000; includeSubDomains"
        ],
        "Server": [
          "Microsoft-Azure-Storage-Resource-Provider/1.0,Microsoft-HTTPAPI/2.0 Microsoft-HTTPAPI/2.0"
        ],
        "x-ms-ratelimit-remaining-subscription-writes": [
          "1196"
        ],
        "x-ms-correlation-request-id": [
          "4b4fc528-1f67-47f0-a80a-e7b063a3bb27"
        ],
        "x-ms-routing-request-id": [
          "SOUTHEASTASIA:20190312T093557Z:4b4fc528-1f67-47f0-a80a-e7b063a3bb27"
        ],
        "X-Content-Type-Options": [
          "nosniff"
        ],
        "Date": [
          "Tue, 12 Mar 2019 09:35:56 GMT"
        ],
        "Content-Length": [
          "441"
        ],
        "Content-Type": [
          "application/json"
        ],
        "Expires": [
          "-1"
        ]
      },
      "ResponseBody": "{\r\n  \"id\": \"/subscriptions/ce4a7590-4722-4bcf-a2c6-e473e9f11778/resourceGroups/pstestrg1654/providers/Microsoft.Storage/storageAccounts/stopstestrg1654/blobServices/default/containers/containerpstestrg1654/immutabilityPolicies/default\",\r\n  \"name\": \"default\",\r\n  \"type\": \"Microsoft.Storage/storageAccounts/blobServices/containers/immutabilityPolicies\",\r\n  \"etag\": \"\\\"8d6a6ce2167abae\\\"\",\r\n  \"properties\": {\r\n    \"immutabilityPeriodSinceCreationInDays\": 2,\r\n    \"state\": \"Unlocked\"\r\n  }\r\n}",
      "StatusCode": 200
    },
    {
      "RequestUri": "/subscriptions/ce4a7590-4722-4bcf-a2c6-e473e9f11778/resourceGroups/pstestrg1654/providers/Microsoft.Storage/storageAccounts/stopstestrg1654/blobServices/default/containers/containerpstestrg1654/immutabilityPolicies/default?api-version=2018-11-01",
      "EncodedRequestUri": "L3N1YnNjcmlwdGlvbnMvY2U0YTc1OTAtNDcyMi00YmNmLWEyYzYtZTQ3M2U5ZjExNzc4L3Jlc291cmNlR3JvdXBzL3BzdGVzdHJnMTY1NC9wcm92aWRlcnMvTWljcm9zb2Z0LlN0b3JhZ2Uvc3RvcmFnZUFjY291bnRzL3N0b3BzdGVzdHJnMTY1NC9ibG9iU2VydmljZXMvZGVmYXVsdC9jb250YWluZXJzL2NvbnRhaW5lcnBzdGVzdHJnMTY1NC9pbW11dGFiaWxpdHlQb2xpY2llcy9kZWZhdWx0P2FwaS12ZXJzaW9uPTIwMTgtMTEtMDE=",
      "RequestMethod": "PUT",
      "RequestBody": "{\r\n  \"properties\": {\r\n    \"immutabilityPeriodSinceCreationInDays\": 7\r\n  }\r\n}",
      "RequestHeaders": {
        "x-ms-client-request-id": [
          "73398617-7395-4072-95ff-04faab562b76"
        ],
        "User-Agent": [
          "FxVersion/4.6.27207.03",
          "OSName/Windows",
          "OSVersion/Microsoft.Windows.10.0.17763.",
          "Microsoft.Azure.Management.Storage.StorageManagementClient/10.0.0.0"
        ],
        "Accept-Language": [
          "en-US"
        ],
        "Content-Type": [
          "application/json; charset=utf-8"
        ],
        "Content-Length": [
          "76"
        ]
      },
      "ResponseHeaders": {
        "Cache-Control": [
          "no-cache"
        ],
        "Pragma": [
          "no-cache"
        ],
        "ETag": [
          "\"8d6a6ce22a98e81\""
        ],
        "x-ms-request-id": [
          "59289451-45b7-4a8d-8bc8-396e23cf7d46"
        ],
        "Strict-Transport-Security": [
          "max-age=31536000; includeSubDomains"
        ],
        "Server": [
          "Microsoft-Azure-Storage-Resource-Provider/1.0,Microsoft-HTTPAPI/2.0 Microsoft-HTTPAPI/2.0"
        ],
        "x-ms-ratelimit-remaining-subscription-writes": [
          "1195"
        ],
        "x-ms-correlation-request-id": [
          "cd3639db-4aec-4e41-8e7f-63a94f980143"
        ],
        "x-ms-routing-request-id": [
          "SOUTHEASTASIA:20190312T093559Z:cd3639db-4aec-4e41-8e7f-63a94f980143"
        ],
        "X-Content-Type-Options": [
          "nosniff"
        ],
        "Date": [
          "Tue, 12 Mar 2019 09:35:58 GMT"
        ],
        "Content-Length": [
          "441"
        ],
        "Content-Type": [
          "application/json"
        ],
        "Expires": [
          "-1"
        ]
      },
      "ResponseBody": "{\r\n  \"id\": \"/subscriptions/ce4a7590-4722-4bcf-a2c6-e473e9f11778/resourceGroups/pstestrg1654/providers/Microsoft.Storage/storageAccounts/stopstestrg1654/blobServices/default/containers/containerpstestrg1654/immutabilityPolicies/default\",\r\n  \"name\": \"default\",\r\n  \"type\": \"Microsoft.Storage/storageAccounts/blobServices/containers/immutabilityPolicies\",\r\n  \"etag\": \"\\\"8d6a6ce22a98e81\\\"\",\r\n  \"properties\": {\r\n    \"immutabilityPeriodSinceCreationInDays\": 7,\r\n    \"state\": \"Unlocked\"\r\n  }\r\n}",
      "StatusCode": 200
    },
    {
      "RequestUri": "/subscriptions/ce4a7590-4722-4bcf-a2c6-e473e9f11778/resourceGroups/pstestrg1654/providers/Microsoft.Storage/storageAccounts/stopstestrg1654/blobServices/default/containers/containerpstestrg1654/immutabilityPolicies/default?api-version=2018-11-01",
      "EncodedRequestUri": "L3N1YnNjcmlwdGlvbnMvY2U0YTc1OTAtNDcyMi00YmNmLWEyYzYtZTQ3M2U5ZjExNzc4L3Jlc291cmNlR3JvdXBzL3BzdGVzdHJnMTY1NC9wcm92aWRlcnMvTWljcm9zb2Z0LlN0b3JhZ2Uvc3RvcmFnZUFjY291bnRzL3N0b3BzdGVzdHJnMTY1NC9ibG9iU2VydmljZXMvZGVmYXVsdC9jb250YWluZXJzL2NvbnRhaW5lcnBzdGVzdHJnMTY1NC9pbW11dGFiaWxpdHlQb2xpY2llcy9kZWZhdWx0P2FwaS12ZXJzaW9uPTIwMTgtMTEtMDE=",
      "RequestMethod": "DELETE",
      "RequestBody": "",
      "RequestHeaders": {
        "x-ms-client-request-id": [
          "c07b15b9-3e9d-48a9-b2a3-3e406f0fb68c"
        ],
        "If-Match": [
          "\"8d6a6ce2167abae\""
        ],
        "Accept-Language": [
          "en-US"
        ],
        "User-Agent": [
          "FxVersion/4.6.27207.03",
          "OSName/Windows",
          "OSVersion/Microsoft.Windows.10.0.17763.",
          "Microsoft.Azure.Management.Storage.StorageManagementClient/10.0.0.0"
        ]
      },
      "ResponseHeaders": {
        "Cache-Control": [
          "no-cache"
        ],
        "Pragma": [
          "no-cache"
        ],
        "ETag": [
          "\"8d6a6ce21f6bde7\""
        ],
        "x-ms-request-id": [
          "43d95ecb-a61a-42f3-8e7a-08ba81f24e32"
        ],
        "Strict-Transport-Security": [
          "max-age=31536000; includeSubDomains"
        ],
        "Server": [
          "Microsoft-Azure-Storage-Resource-Provider/1.0,Microsoft-HTTPAPI/2.0 Microsoft-HTTPAPI/2.0"
        ],
        "x-ms-ratelimit-remaining-subscription-deletes": [
          "14999"
        ],
        "x-ms-correlation-request-id": [
          "0c038f20-95b2-44ee-985f-aaab39127c1b"
        ],
        "x-ms-routing-request-id": [
          "SOUTHEASTASIA:20190312T093558Z:0c038f20-95b2-44ee-985f-aaab39127c1b"
        ],
        "X-Content-Type-Options": [
          "nosniff"
        ],
        "Date": [
          "Tue, 12 Mar 2019 09:35:57 GMT"
        ],
        "Content-Length": [
          "440"
        ],
        "Content-Type": [
          "application/json"
        ],
        "Expires": [
          "-1"
        ]
      },
      "ResponseBody": "{\r\n  \"id\": \"/subscriptions/ce4a7590-4722-4bcf-a2c6-e473e9f11778/resourceGroups/pstestrg1654/providers/Microsoft.Storage/storageAccounts/stopstestrg1654/blobServices/default/containers/containerpstestrg1654/immutabilityPolicies/default\",\r\n  \"name\": \"default\",\r\n  \"type\": \"Microsoft.Storage/storageAccounts/blobServices/containers/immutabilityPolicies\",\r\n  \"etag\": \"\\\"8d6a6ce21f6bde7\\\"\",\r\n  \"properties\": {\r\n    \"immutabilityPeriodSinceCreationInDays\": 0,\r\n    \"state\": \"Deleted\"\r\n  }\r\n}",
      "StatusCode": 200
    },
    {
      "RequestUri": "/subscriptions/ce4a7590-4722-4bcf-a2c6-e473e9f11778/resourceGroups/pstestrg1654/providers/Microsoft.Storage/storageAccounts/stopstestrg1654/blobServices/default/containers/containerpstestrg1654/immutabilityPolicies/default/lock?api-version=2018-11-01",
      "EncodedRequestUri": "L3N1YnNjcmlwdGlvbnMvY2U0YTc1OTAtNDcyMi00YmNmLWEyYzYtZTQ3M2U5ZjExNzc4L3Jlc291cmNlR3JvdXBzL3BzdGVzdHJnMTY1NC9wcm92aWRlcnMvTWljcm9zb2Z0LlN0b3JhZ2Uvc3RvcmFnZUFjY291bnRzL3N0b3BzdGVzdHJnMTY1NC9ibG9iU2VydmljZXMvZGVmYXVsdC9jb250YWluZXJzL2NvbnRhaW5lcnBzdGVzdHJnMTY1NC9pbW11dGFiaWxpdHlQb2xpY2llcy9kZWZhdWx0L2xvY2s/YXBpLXZlcnNpb249MjAxOC0xMS0wMQ==",
      "RequestMethod": "POST",
      "RequestBody": "",
      "RequestHeaders": {
        "x-ms-client-request-id": [
          "460089e9-12bd-4fa1-9799-b3588a47e878"
        ],
        "If-Match": [
          "\"8d6a6ce22a98e81\""
        ],
        "Accept-Language": [
          "en-US"
        ],
        "User-Agent": [
          "FxVersion/4.6.27207.03",
          "OSName/Windows",
          "OSVersion/Microsoft.Windows.10.0.17763.",
          "Microsoft.Azure.Management.Storage.StorageManagementClient/10.0.0.0"
        ]
      },
      "ResponseHeaders": {
        "Cache-Control": [
          "no-cache"
        ],
        "Pragma": [
          "no-cache"
        ],
        "ETag": [
          "\"8d6a6ce233afc6b\""
        ],
        "x-ms-request-id": [
          "c51ba848-84e1-4425-afe8-753d8ef2d23f"
        ],
        "Strict-Transport-Security": [
          "max-age=31536000; includeSubDomains"
        ],
        "Server": [
          "Microsoft-Azure-Storage-Resource-Provider/1.0,Microsoft-HTTPAPI/2.0 Microsoft-HTTPAPI/2.0"
        ],
        "x-ms-ratelimit-remaining-subscription-writes": [
          "1199"
        ],
        "x-ms-correlation-request-id": [
          "16557fa7-a629-4eea-b2b4-9b5ea26b200b"
        ],
        "x-ms-routing-request-id": [
          "SOUTHEASTASIA:20190312T093600Z:16557fa7-a629-4eea-b2b4-9b5ea26b200b"
        ],
        "X-Content-Type-Options": [
          "nosniff"
        ],
        "Date": [
          "Tue, 12 Mar 2019 09:36:00 GMT"
        ],
        "Content-Length": [
          "439"
        ],
        "Content-Type": [
          "application/json"
        ],
        "Expires": [
          "-1"
        ]
      },
      "ResponseBody": "{\r\n  \"id\": \"/subscriptions/ce4a7590-4722-4bcf-a2c6-e473e9f11778/resourceGroups/pstestrg1654/providers/Microsoft.Storage/storageAccounts/stopstestrg1654/blobServices/default/containers/containerpstestrg1654/immutabilityPolicies/default\",\r\n  \"name\": \"default\",\r\n  \"type\": \"Microsoft.Storage/storageAccounts/blobServices/containers/immutabilityPolicies\",\r\n  \"etag\": \"\\\"8d6a6ce233afc6b\\\"\",\r\n  \"properties\": {\r\n    \"immutabilityPeriodSinceCreationInDays\": 7,\r\n    \"state\": \"Locked\"\r\n  }\r\n}",
      "StatusCode": 200
    },
    {
      "RequestUri": "/subscriptions/ce4a7590-4722-4bcf-a2c6-e473e9f11778/resourceGroups/pstestrg1654/providers/Microsoft.Storage/storageAccounts/stopstestrg1654/blobServices/default/containers/containerpstestrg1654/immutabilityPolicies/default/extend?api-version=2018-11-01",
      "EncodedRequestUri": "L3N1YnNjcmlwdGlvbnMvY2U0YTc1OTAtNDcyMi00YmNmLWEyYzYtZTQ3M2U5ZjExNzc4L3Jlc291cmNlR3JvdXBzL3BzdGVzdHJnMTY1NC9wcm92aWRlcnMvTWljcm9zb2Z0LlN0b3JhZ2Uvc3RvcmFnZUFjY291bnRzL3N0b3BzdGVzdHJnMTY1NC9ibG9iU2VydmljZXMvZGVmYXVsdC9jb250YWluZXJzL2NvbnRhaW5lcnBzdGVzdHJnMTY1NC9pbW11dGFiaWxpdHlQb2xpY2llcy9kZWZhdWx0L2V4dGVuZD9hcGktdmVyc2lvbj0yMDE4LTExLTAx",
      "RequestMethod": "POST",
      "RequestBody": "{\r\n  \"properties\": {\r\n    \"immutabilityPeriodSinceCreationInDays\": 20\r\n  }\r\n}",
      "RequestHeaders": {
        "x-ms-client-request-id": [
          "b03a94a5-2c8a-4cdc-85ec-8cb3b64645ce"
        ],
        "If-Match": [
          "\"8d6a6ce233afc6b\""
        ],
        "Accept-Language": [
          "en-US"
        ],
        "User-Agent": [
          "FxVersion/4.6.27207.03",
          "OSName/Windows",
          "OSVersion/Microsoft.Windows.10.0.17763.",
          "Microsoft.Azure.Management.Storage.StorageManagementClient/10.0.0.0"
        ],
        "Content-Type": [
          "application/json; charset=utf-8"
        ],
        "Content-Length": [
          "77"
        ]
      },
      "ResponseHeaders": {
        "Cache-Control": [
          "no-cache"
        ],
        "Pragma": [
          "no-cache"
        ],
        "ETag": [
          "\"8d6a6ce23dd1c4a\""
        ],
        "x-ms-request-id": [
          "ca73e073-8f89-406a-81a6-9e9b8b2090b1"
        ],
        "Strict-Transport-Security": [
          "max-age=31536000; includeSubDomains"
        ],
        "Server": [
          "Microsoft-Azure-Storage-Resource-Provider/1.0,Microsoft-HTTPAPI/2.0 Microsoft-HTTPAPI/2.0"
        ],
        "x-ms-ratelimit-remaining-subscription-writes": [
          "1198"
        ],
        "x-ms-correlation-request-id": [
          "ede9ca29-ed98-4cec-a4c1-dd3d1ab172ae"
        ],
        "x-ms-routing-request-id": [
          "SOUTHEASTASIA:20190312T093601Z:ede9ca29-ed98-4cec-a4c1-dd3d1ab172ae"
        ],
        "X-Content-Type-Options": [
          "nosniff"
        ],
        "Date": [
          "Tue, 12 Mar 2019 09:36:01 GMT"
        ],
        "Content-Length": [
          "440"
        ],
        "Content-Type": [
          "application/json"
        ],
        "Expires": [
          "-1"
        ]
      },
      "ResponseBody": "{\r\n  \"id\": \"/subscriptions/ce4a7590-4722-4bcf-a2c6-e473e9f11778/resourceGroups/pstestrg1654/providers/Microsoft.Storage/storageAccounts/stopstestrg1654/blobServices/default/containers/containerpstestrg1654/immutabilityPolicies/default\",\r\n  \"name\": \"default\",\r\n  \"type\": \"Microsoft.Storage/storageAccounts/blobServices/containers/immutabilityPolicies\",\r\n  \"etag\": \"\\\"8d6a6ce23dd1c4a\\\"\",\r\n  \"properties\": {\r\n    \"immutabilityPeriodSinceCreationInDays\": 20,\r\n    \"state\": \"Locked\"\r\n  }\r\n}",
      "StatusCode": 200
    },
    {
      "RequestUri": "/subscriptions/ce4a7590-4722-4bcf-a2c6-e473e9f11778/resourceGroups/pstestrg1654/providers/Microsoft.Storage/storageAccounts/stopstestrg1654/blobServices/default/containers/containerpstestrg1654?api-version=2018-11-01",
      "EncodedRequestUri": "L3N1YnNjcmlwdGlvbnMvY2U0YTc1OTAtNDcyMi00YmNmLWEyYzYtZTQ3M2U5ZjExNzc4L3Jlc291cmNlR3JvdXBzL3BzdGVzdHJnMTY1NC9wcm92aWRlcnMvTWljcm9zb2Z0LlN0b3JhZ2Uvc3RvcmFnZUFjY291bnRzL3N0b3BzdGVzdHJnMTY1NC9ibG9iU2VydmljZXMvZGVmYXVsdC9jb250YWluZXJzL2NvbnRhaW5lcnBzdGVzdHJnMTY1ND9hcGktdmVyc2lvbj0yMDE4LTExLTAx",
      "RequestMethod": "DELETE",
      "RequestBody": "",
      "RequestHeaders": {
        "x-ms-client-request-id": [
          "8eca2d07-39ce-444f-a1e5-ea8bc60f9c2a"
        ],
        "Accept-Language": [
          "en-US"
        ],
        "User-Agent": [
          "FxVersion/4.6.27207.03",
          "OSName/Windows",
          "OSVersion/Microsoft.Windows.10.0.17763.",
          "Microsoft.Azure.Management.Storage.StorageManagementClient/10.0.0.0"
        ]
      },
      "ResponseHeaders": {
        "Cache-Control": [
          "no-cache"
        ],
        "Pragma": [
          "no-cache"
        ],
        "x-ms-request-id": [
          "2c0b05d7-752d-4254-87d5-31a975193e71"
        ],
        "Strict-Transport-Security": [
          "max-age=31536000; includeSubDomains"
        ],
        "Server": [
          "Microsoft-Azure-Storage-Resource-Provider/1.0,Microsoft-HTTPAPI/2.0 Microsoft-HTTPAPI/2.0"
        ],
        "x-ms-ratelimit-remaining-subscription-deletes": [
          "14998"
        ],
        "x-ms-correlation-request-id": [
          "b920fe06-37c8-4b5f-9d42-52706c247262"
        ],
        "x-ms-routing-request-id": [
          "SOUTHEASTASIA:20190312T093602Z:b920fe06-37c8-4b5f-9d42-52706c247262"
        ],
        "X-Content-Type-Options": [
          "nosniff"
        ],
        "Date": [
          "Tue, 12 Mar 2019 09:36:02 GMT"
        ],
        "Content-Type": [
          "text/plain; charset=utf-8"
        ],
        "Expires": [
          "-1"
        ],
        "Content-Length": [
          "0"
        ]
      },
      "ResponseBody": "",
      "StatusCode": 200
    },
    {
      "RequestUri": "/subscriptions/ce4a7590-4722-4bcf-a2c6-e473e9f11778/resourceGroups/pstestrg1654/providers/Microsoft.Storage/storageAccounts/stopstestrg1654/blobServices/default/containers?api-version=2018-11-01",
      "EncodedRequestUri": "L3N1YnNjcmlwdGlvbnMvY2U0YTc1OTAtNDcyMi00YmNmLWEyYzYtZTQ3M2U5ZjExNzc4L3Jlc291cmNlR3JvdXBzL3BzdGVzdHJnMTY1NC9wcm92aWRlcnMvTWljcm9zb2Z0LlN0b3JhZ2Uvc3RvcmFnZUFjY291bnRzL3N0b3BzdGVzdHJnMTY1NC9ibG9iU2VydmljZXMvZGVmYXVsdC9jb250YWluZXJzP2FwaS12ZXJzaW9uPTIwMTgtMTEtMDE=",
      "RequestMethod": "GET",
      "RequestBody": "",
      "RequestHeaders": {
        "x-ms-client-request-id": [
          "4f3d774a-45ce-4129-879d-c2ef82cad8bd"
        ],
        "Accept-Language": [
          "en-US"
        ],
        "User-Agent": [
          "FxVersion/4.6.27207.03",
          "OSName/Windows",
          "OSVersion/Microsoft.Windows.10.0.17763.",
          "Microsoft.Azure.Management.Storage.StorageManagementClient/10.0.0.0"
        ]
      },
      "ResponseHeaders": {
        "Cache-Control": [
          "no-cache"
        ],
        "Pragma": [
          "no-cache"
        ],
        "x-ms-request-id": [
          "62e550c5-407a-4370-88ed-85280a2f6c26"
        ],
        "Strict-Transport-Security": [
          "max-age=31536000; includeSubDomains"
        ],
        "Server": [
          "Microsoft-Azure-Storage-Resource-Provider/1.0,Microsoft-HTTPAPI/2.0 Microsoft-HTTPAPI/2.0"
        ],
        "x-ms-ratelimit-remaining-subscription-reads": [
          "11981"
        ],
        "x-ms-correlation-request-id": [
          "84f447c2-2401-4104-88ad-c7a7becf4f1c"
        ],
        "x-ms-routing-request-id": [
          "SOUTHEASTASIA:20190312T093603Z:84f447c2-2401-4104-88ad-c7a7becf4f1c"
        ],
        "X-Content-Type-Options": [
          "nosniff"
        ],
        "Date": [
          "Tue, 12 Mar 2019 09:36:03 GMT"
        ],
        "Content-Length": [
          "12"
        ],
        "Content-Type": [
          "application/json"
        ],
        "Expires": [
          "-1"
        ]
      },
      "ResponseBody": "{\r\n  \"value\": []\r\n}",
      "StatusCode": 200
    },
    {
      "RequestUri": "/subscriptions/ce4a7590-4722-4bcf-a2c6-e473e9f11778/resourceGroups/pstestrg1654/providers/Microsoft.Storage/storageAccounts/stopstestrg1654?api-version=2018-11-01",
      "EncodedRequestUri": "L3N1YnNjcmlwdGlvbnMvY2U0YTc1OTAtNDcyMi00YmNmLWEyYzYtZTQ3M2U5ZjExNzc4L3Jlc291cmNlR3JvdXBzL3BzdGVzdHJnMTY1NC9wcm92aWRlcnMvTWljcm9zb2Z0LlN0b3JhZ2Uvc3RvcmFnZUFjY291bnRzL3N0b3BzdGVzdHJnMTY1ND9hcGktdmVyc2lvbj0yMDE4LTExLTAx",
      "RequestMethod": "DELETE",
      "RequestBody": "",
      "RequestHeaders": {
        "x-ms-client-request-id": [
          "1a70334c-c694-4466-8ed5-2015bb587661"
        ],
        "Accept-Language": [
          "en-US"
        ],
        "User-Agent": [
          "FxVersion/4.6.27207.03",
          "OSName/Windows",
          "OSVersion/Microsoft.Windows.10.0.17763.",
          "Microsoft.Azure.Management.Storage.StorageManagementClient/10.0.0.0"
        ]
      },
      "ResponseHeaders": {
        "Cache-Control": [
          "no-cache"
        ],
        "Pragma": [
          "no-cache"
        ],
        "x-ms-request-id": [
          "61dc7eee-bf59-4674-9228-dd6666d34326"
        ],
        "Strict-Transport-Security": [
          "max-age=31536000; includeSubDomains"
        ],
        "Server": [
          "Microsoft-Azure-Storage-Resource-Provider/1.0,Microsoft-HTTPAPI/2.0 Microsoft-HTTPAPI/2.0"
        ],
        "x-ms-ratelimit-remaining-subscription-deletes": [
          "14997"
        ],
        "x-ms-correlation-request-id": [
          "571c8b77-b47a-4c90-91f5-e1f3a91aaff6"
        ],
        "x-ms-routing-request-id": [
          "SOUTHEASTASIA:20190312T093605Z:571c8b77-b47a-4c90-91f5-e1f3a91aaff6"
        ],
        "X-Content-Type-Options": [
          "nosniff"
        ],
        "Date": [
          "Tue, 12 Mar 2019 09:36:05 GMT"
        ],
        "Content-Type": [
          "text/plain; charset=utf-8"
        ],
        "Expires": [
          "-1"
        ],
        "Content-Length": [
          "0"
        ]
      },
      "ResponseBody": "",
      "StatusCode": 200
    },
    {
      "RequestUri": "/subscriptions/ce4a7590-4722-4bcf-a2c6-e473e9f11778/resourcegroups/pstestrg1654?api-version=2016-09-01",
      "EncodedRequestUri": "L3N1YnNjcmlwdGlvbnMvY2U0YTc1OTAtNDcyMi00YmNmLWEyYzYtZTQ3M2U5ZjExNzc4L3Jlc291cmNlZ3JvdXBzL3BzdGVzdHJnMTY1ND9hcGktdmVyc2lvbj0yMDE2LTA5LTAx",
      "RequestMethod": "DELETE",
      "RequestBody": "",
      "RequestHeaders": {
        "x-ms-client-request-id": [
          "20064a0c-058a-4d22-b438-67514fe25c58"
        ],
        "Accept-Language": [
          "en-US"
        ],
        "User-Agent": [
          "FxVersion/4.6.27207.03",
          "OSName/Windows",
          "OSVersion/Microsoft.Windows.10.0.17763.",
          "Microsoft.Azure.Management.Internal.Resources.ResourceManagementClient/1.1.17"
        ]
      },
      "ResponseHeaders": {
        "Cache-Control": [
          "no-cache"
        ],
        "Pragma": [
          "no-cache"
        ],
        "Location": [
          "https://management.azure.com/subscriptions/ce4a7590-4722-4bcf-a2c6-e473e9f11778/operationresults/eyJqb2JJZCI6IlJFU09VUkNFR1JPVVBERUxFVElPTkpPQi1QU1RFU1RSRzE2NTQtV0VTVFVTIiwiam9iTG9jYXRpb24iOiJ3ZXN0dXMifQ?api-version=2016-09-01"
        ],
        "Retry-After": [
          "15"
        ],
        "x-ms-ratelimit-remaining-subscription-deletes": [
          "14999"
        ],
        "x-ms-request-id": [
          "63b666ae-4f80-4df0-b4d8-86557002bb70"
        ],
        "x-ms-correlation-request-id": [
          "63b666ae-4f80-4df0-b4d8-86557002bb70"
        ],
        "x-ms-routing-request-id": [
          "SOUTHEASTASIA:20190312T093608Z:63b666ae-4f80-4df0-b4d8-86557002bb70"
        ],
        "Strict-Transport-Security": [
          "max-age=31536000; includeSubDomains"
        ],
        "X-Content-Type-Options": [
          "nosniff"
        ],
        "Date": [
          "Tue, 12 Mar 2019 09:36:07 GMT"
        ],
        "Expires": [
          "-1"
        ],
        "Content-Length": [
          "0"
        ]
      },
      "ResponseBody": "",
      "StatusCode": 202
    },
    {
      "RequestUri": "/subscriptions/ce4a7590-4722-4bcf-a2c6-e473e9f11778/operationresults/eyJqb2JJZCI6IlJFU09VUkNFR1JPVVBERUxFVElPTkpPQi1QU1RFU1RSRzE2NTQtV0VTVFVTIiwiam9iTG9jYXRpb24iOiJ3ZXN0dXMifQ?api-version=2016-09-01",
      "EncodedRequestUri": "L3N1YnNjcmlwdGlvbnMvY2U0YTc1OTAtNDcyMi00YmNmLWEyYzYtZTQ3M2U5ZjExNzc4L29wZXJhdGlvbnJlc3VsdHMvZXlKcWIySkpaQ0k2SWxKRlUwOVZVa05GUjFKUFZWQkVSVXhGVkVsUFRrcFBRaTFRVTFSRlUxUlNSekUyTlRRdFYwVlRWRlZUSWl3aWFtOWlURzlqWVhScGIyNGlPaUozWlhOMGRYTWlmUT9hcGktdmVyc2lvbj0yMDE2LTA5LTAx",
      "RequestMethod": "GET",
      "RequestBody": "",
      "RequestHeaders": {
        "User-Agent": [
          "FxVersion/4.6.27207.03",
          "OSName/Windows",
          "OSVersion/Microsoft.Windows.10.0.17763.",
          "Microsoft.Azure.Management.Internal.Resources.ResourceManagementClient/1.1.17"
        ]
      },
      "ResponseHeaders": {
        "Cache-Control": [
          "no-cache"
        ],
        "Pragma": [
          "no-cache"
        ],
        "Location": [
          "https://management.azure.com/subscriptions/ce4a7590-4722-4bcf-a2c6-e473e9f11778/operationresults/eyJqb2JJZCI6IlJFU09VUkNFR1JPVVBERUxFVElPTkpPQi1QU1RFU1RSRzE2NTQtV0VTVFVTIiwiam9iTG9jYXRpb24iOiJ3ZXN0dXMifQ?api-version=2016-09-01"
        ],
        "Retry-After": [
          "15"
        ],
        "x-ms-ratelimit-remaining-subscription-reads": [
          "11998"
        ],
        "x-ms-request-id": [
          "a2c2e40b-8db6-4e59-b87d-3f053bf9027e"
        ],
        "x-ms-correlation-request-id": [
          "a2c2e40b-8db6-4e59-b87d-3f053bf9027e"
        ],
        "x-ms-routing-request-id": [
          "SOUTHEASTASIA:20190312T093623Z:a2c2e40b-8db6-4e59-b87d-3f053bf9027e"
        ],
        "Strict-Transport-Security": [
          "max-age=31536000; includeSubDomains"
        ],
        "X-Content-Type-Options": [
          "nosniff"
        ],
        "Date": [
          "Tue, 12 Mar 2019 09:36:23 GMT"
        ],
        "Expires": [
          "-1"
        ],
        "Content-Length": [
          "0"
        ]
      },
      "ResponseBody": "",
      "StatusCode": 202
    },
    {
      "RequestUri": "/subscriptions/ce4a7590-4722-4bcf-a2c6-e473e9f11778/operationresults/eyJqb2JJZCI6IlJFU09VUkNFR1JPVVBERUxFVElPTkpPQi1QU1RFU1RSRzE2NTQtV0VTVFVTIiwiam9iTG9jYXRpb24iOiJ3ZXN0dXMifQ?api-version=2016-09-01",
      "EncodedRequestUri": "L3N1YnNjcmlwdGlvbnMvY2U0YTc1OTAtNDcyMi00YmNmLWEyYzYtZTQ3M2U5ZjExNzc4L29wZXJhdGlvbnJlc3VsdHMvZXlKcWIySkpaQ0k2SWxKRlUwOVZVa05GUjFKUFZWQkVSVXhGVkVsUFRrcFBRaTFRVTFSRlUxUlNSekUyTlRRdFYwVlRWRlZUSWl3aWFtOWlURzlqWVhScGIyNGlPaUozWlhOMGRYTWlmUT9hcGktdmVyc2lvbj0yMDE2LTA5LTAx",
      "RequestMethod": "GET",
      "RequestBody": "",
      "RequestHeaders": {
        "User-Agent": [
          "FxVersion/4.6.27207.03",
          "OSName/Windows",
          "OSVersion/Microsoft.Windows.10.0.17763.",
          "Microsoft.Azure.Management.Internal.Resources.ResourceManagementClient/1.1.17"
        ]
      },
      "ResponseHeaders": {
        "Cache-Control": [
          "no-cache"
        ],
        "Pragma": [
          "no-cache"
        ],
        "Location": [
          "https://management.azure.com/subscriptions/ce4a7590-4722-4bcf-a2c6-e473e9f11778/operationresults/eyJqb2JJZCI6IlJFU09VUkNFR1JPVVBERUxFVElPTkpPQi1QU1RFU1RSRzE2NTQtV0VTVFVTIiwiam9iTG9jYXRpb24iOiJ3ZXN0dXMifQ?api-version=2016-09-01"
        ],
        "Retry-After": [
          "15"
        ],
        "x-ms-ratelimit-remaining-subscription-reads": [
          "11997"
        ],
        "x-ms-request-id": [
          "e97b5a88-342c-4641-bf14-4ab7817cc694"
        ],
        "x-ms-correlation-request-id": [
          "e97b5a88-342c-4641-bf14-4ab7817cc694"
        ],
        "x-ms-routing-request-id": [
          "SOUTHEASTASIA:20190312T093639Z:e97b5a88-342c-4641-bf14-4ab7817cc694"
        ],
        "Strict-Transport-Security": [
          "max-age=31536000; includeSubDomains"
        ],
        "X-Content-Type-Options": [
          "nosniff"
        ],
        "Date": [
          "Tue, 12 Mar 2019 09:36:39 GMT"
        ],
        "Expires": [
          "-1"
        ],
        "Content-Length": [
          "0"
        ]
      },
      "ResponseBody": "",
      "StatusCode": 202
    },
    {
      "RequestUri": "/subscriptions/ce4a7590-4722-4bcf-a2c6-e473e9f11778/operationresults/eyJqb2JJZCI6IlJFU09VUkNFR1JPVVBERUxFVElPTkpPQi1QU1RFU1RSRzE2NTQtV0VTVFVTIiwiam9iTG9jYXRpb24iOiJ3ZXN0dXMifQ?api-version=2016-09-01",
      "EncodedRequestUri": "L3N1YnNjcmlwdGlvbnMvY2U0YTc1OTAtNDcyMi00YmNmLWEyYzYtZTQ3M2U5ZjExNzc4L29wZXJhdGlvbnJlc3VsdHMvZXlKcWIySkpaQ0k2SWxKRlUwOVZVa05GUjFKUFZWQkVSVXhGVkVsUFRrcFBRaTFRVTFSRlUxUlNSekUyTlRRdFYwVlRWRlZUSWl3aWFtOWlURzlqWVhScGIyNGlPaUozWlhOMGRYTWlmUT9hcGktdmVyc2lvbj0yMDE2LTA5LTAx",
      "RequestMethod": "GET",
      "RequestBody": "",
      "RequestHeaders": {
        "User-Agent": [
          "FxVersion/4.6.27207.03",
          "OSName/Windows",
          "OSVersion/Microsoft.Windows.10.0.17763.",
          "Microsoft.Azure.Management.Internal.Resources.ResourceManagementClient/1.1.17"
        ]
      },
      "ResponseHeaders": {
        "Cache-Control": [
          "no-cache"
        ],
        "Pragma": [
          "no-cache"
        ],
        "x-ms-ratelimit-remaining-subscription-reads": [
          "11996"
        ],
        "x-ms-request-id": [
          "468fcd8f-7924-4843-8dcf-ca4672e925ad"
        ],
        "x-ms-correlation-request-id": [
          "468fcd8f-7924-4843-8dcf-ca4672e925ad"
        ],
        "x-ms-routing-request-id": [
          "SOUTHEASTASIA:20190312T093654Z:468fcd8f-7924-4843-8dcf-ca4672e925ad"
        ],
        "Strict-Transport-Security": [
          "max-age=31536000; includeSubDomains"
        ],
        "X-Content-Type-Options": [
          "nosniff"
        ],
        "Date": [
          "Tue, 12 Mar 2019 09:36:54 GMT"
        ],
        "Expires": [
          "-1"
        ],
        "Content-Length": [
          "0"
        ]
      },
      "ResponseBody": "",
      "StatusCode": 200
    },
    {
      "RequestUri": "/subscriptions/ce4a7590-4722-4bcf-a2c6-e473e9f11778/operationresults/eyJqb2JJZCI6IlJFU09VUkNFR1JPVVBERUxFVElPTkpPQi1QU1RFU1RSRzE2NTQtV0VTVFVTIiwiam9iTG9jYXRpb24iOiJ3ZXN0dXMifQ?api-version=2016-09-01",
      "EncodedRequestUri": "L3N1YnNjcmlwdGlvbnMvY2U0YTc1OTAtNDcyMi00YmNmLWEyYzYtZTQ3M2U5ZjExNzc4L29wZXJhdGlvbnJlc3VsdHMvZXlKcWIySkpaQ0k2SWxKRlUwOVZVa05GUjFKUFZWQkVSVXhGVkVsUFRrcFBRaTFRVTFSRlUxUlNSekUyTlRRdFYwVlRWRlZUSWl3aWFtOWlURzlqWVhScGIyNGlPaUozWlhOMGRYTWlmUT9hcGktdmVyc2lvbj0yMDE2LTA5LTAx",
      "RequestMethod": "GET",
      "RequestBody": "",
      "RequestHeaders": {
        "User-Agent": [
          "FxVersion/4.6.27207.03",
          "OSName/Windows",
          "OSVersion/Microsoft.Windows.10.0.17763.",
          "Microsoft.Azure.Management.Internal.Resources.ResourceManagementClient/1.1.17"
        ]
      },
      "ResponseHeaders": {
        "Cache-Control": [
          "no-cache"
        ],
        "Pragma": [
          "no-cache"
        ],
        "x-ms-ratelimit-remaining-subscription-reads": [
          "11995"
        ],
        "x-ms-request-id": [
          "bd18d44a-cd27-45c8-b881-987b448d2c8b"
        ],
        "x-ms-correlation-request-id": [
          "bd18d44a-cd27-45c8-b881-987b448d2c8b"
        ],
        "x-ms-routing-request-id": [
          "SOUTHEASTASIA:20190312T093655Z:bd18d44a-cd27-45c8-b881-987b448d2c8b"
        ],
        "Strict-Transport-Security": [
          "max-age=31536000; includeSubDomains"
        ],
        "X-Content-Type-Options": [
          "nosniff"
        ],
        "Date": [
          "Tue, 12 Mar 2019 09:36:54 GMT"
        ],
        "Expires": [
          "-1"
        ],
        "Content-Length": [
          "0"
        ]
      },
      "ResponseBody": "",
      "StatusCode": 200
    }
  ],
  "Names": {
    "Test-StorageBlobContainerImmutabilityPolicy": [
      "pstestrg1654"
    ]
  },
  "Variables": {
    "SubscriptionId": "ce4a7590-4722-4bcf-a2c6-e473e9f11778"
  }
}