{
  "Entries": [
    {
      "RequestUri": "/subscriptions/45b60d85-fd72-427a-a708-f994d26e593e/resourcegroups/pstestrg801?api-version=2016-09-01",
      "EncodedRequestUri": "L3N1YnNjcmlwdGlvbnMvNDViNjBkODUtZmQ3Mi00MjdhLWE3MDgtZjk5NGQyNmU1OTNlL3Jlc291cmNlZ3JvdXBzL3BzdGVzdHJnODAxP2FwaS12ZXJzaW9uPTIwMTYtMDktMDE=",
      "RequestMethod": "PUT",
      "RequestBody": "{\r\n  \"location\": \"eastus2euap\"\r\n}",
      "RequestHeaders": {
        "x-ms-client-request-id": [
          "78512bd6-0f8a-4e3c-a167-657c75d2c6bd"
        ],
        "Accept-Language": [
          "en-US"
        ],
        "User-Agent": [
          "FxVersion/4.6.30015.01",
          "OSName/Windows",
          "OSVersion/Microsoft.Windows.10.0.19043.",
          "Microsoft.Azure.Management.Internal.Resources.ResourceManagementClient/1.3.39"
        ],
        "Content-Type": [
          "application/json; charset=utf-8"
        ],
        "Content-Length": [
          "33"
        ]
      },
      "ResponseHeaders": {
        "Cache-Control": [
          "no-cache"
        ],
        "Pragma": [
          "no-cache"
        ],
        "x-ms-ratelimit-remaining-subscription-writes": [
          "1199"
        ],
        "x-ms-request-id": [
          "9e4d1b69-c760-41eb-9b31-ae649f2b6ad6"
        ],
        "x-ms-correlation-request-id": [
          "9e4d1b69-c760-41eb-9b31-ae649f2b6ad6"
        ],
        "x-ms-routing-request-id": [
          "SOUTHEASTASIA:20210705T111751Z:9e4d1b69-c760-41eb-9b31-ae649f2b6ad6"
        ],
        "Strict-Transport-Security": [
          "max-age=31536000; includeSubDomains"
        ],
        "X-Content-Type-Options": [
          "nosniff"
        ],
        "Date": [
          "Mon, 05 Jul 2021 11:17:51 GMT"
        ],
        "Content-Length": [
          "180"
        ],
        "Content-Type": [
          "application/json; charset=utf-8"
        ],
        "Expires": [
          "-1"
        ]
      },
      "ResponseBody": "{\r\n  \"id\": \"/subscriptions/45b60d85-fd72-427a-a708-f994d26e593e/resourceGroups/pstestrg801\",\r\n  \"name\": \"pstestrg801\",\r\n  \"location\": \"eastus2euap\",\r\n  \"properties\": {\r\n    \"provisioningState\": \"Succeeded\"\r\n  }\r\n}",
      "StatusCode": 201
    },
    {
      "RequestUri": "/subscriptions/45b60d85-fd72-427a-a708-f994d26e593e/providers/Microsoft.Storage/checkNameAvailability?api-version=2021-04-01",
      "EncodedRequestUri": "L3N1YnNjcmlwdGlvbnMvNDViNjBkODUtZmQ3Mi00MjdhLWE3MDgtZjk5NGQyNmU1OTNlL3Byb3ZpZGVycy9NaWNyb3NvZnQuU3RvcmFnZS9jaGVja05hbWVBdmFpbGFiaWxpdHk/YXBpLXZlcnNpb249MjAyMS0wNC0wMQ==",
      "RequestMethod": "POST",
      "RequestBody": "{\r\n  \"name\": \"stopstestrg801\",\r\n  \"type\": \"Microsoft.Storage/storageAccounts\"\r\n}",
      "RequestHeaders": {
        "x-ms-client-request-id": [
          "d6acaf5b-237a-49cb-84f6-3778ef91200b"
        ],
        "Accept-Language": [
          "en-US"
        ],
        "User-Agent": [
          "FxVersion/4.6.30015.01",
          "OSName/Windows",
          "OSVersion/Microsoft.Windows.10.0.19043.",
          "Microsoft.Azure.Management.Storage.StorageManagementClient/22.0.0.0"
        ],
        "Content-Type": [
          "application/json; charset=utf-8"
        ],
        "Content-Length": [
          "80"
        ]
      },
      "ResponseHeaders": {
        "Cache-Control": [
          "no-cache"
        ],
        "Pragma": [
          "no-cache"
        ],
        "x-ms-request-id": [
          "df30032b-9b7f-4cce-b6e2-52d97b30d317"
        ],
        "Strict-Transport-Security": [
          "max-age=31536000; includeSubDomains"
        ],
        "Server": [
          "Microsoft-Azure-Storage-Resource-Provider/1.0,Microsoft-HTTPAPI/2.0 Microsoft-HTTPAPI/2.0"
        ],
        "x-ms-ratelimit-remaining-subscription-reads": [
          "11999"
        ],
        "x-ms-correlation-request-id": [
          "6b68cb30-3e5f-46d3-ad77-b06c49fa837f"
        ],
        "x-ms-routing-request-id": [
          "SOUTHEASTASIA:20210705T111753Z:6b68cb30-3e5f-46d3-ad77-b06c49fa837f"
        ],
        "X-Content-Type-Options": [
          "nosniff"
        ],
        "Date": [
          "Mon, 05 Jul 2021 11:17:52 GMT"
        ],
        "Content-Length": [
          "22"
        ],
        "Content-Type": [
          "application/json"
        ],
        "Expires": [
          "-1"
        ]
      },
      "ResponseBody": "{\r\n  \"nameAvailable\": true\r\n}",
      "StatusCode": 200
    },
    {
      "RequestUri": "/subscriptions/45b60d85-fd72-427a-a708-f994d26e593e/resourceGroups/pstestrg801/providers/Microsoft.Storage/storageAccounts/stopstestrg801?api-version=2021-04-01",
      "EncodedRequestUri": "L3N1YnNjcmlwdGlvbnMvNDViNjBkODUtZmQ3Mi00MjdhLWE3MDgtZjk5NGQyNmU1OTNlL3Jlc291cmNlR3JvdXBzL3BzdGVzdHJnODAxL3Byb3ZpZGVycy9NaWNyb3NvZnQuU3RvcmFnZS9zdG9yYWdlQWNjb3VudHMvc3RvcHN0ZXN0cmc4MDE/YXBpLXZlcnNpb249MjAyMS0wNC0wMQ==",
      "RequestMethod": "PUT",
      "RequestBody": "{\r\n  \"sku\": {\r\n    \"name\": \"Standard_GRS\"\r\n  },\r\n  \"kind\": \"StorageV2\",\r\n  \"location\": \"eastus2euap\"\r\n}",
      "RequestHeaders": {
        "x-ms-client-request-id": [
          "d6acaf5b-237a-49cb-84f6-3778ef91200b"
        ],
        "Accept-Language": [
          "en-US"
        ],
        "User-Agent": [
          "FxVersion/4.6.30015.01",
          "OSName/Windows",
          "OSVersion/Microsoft.Windows.10.0.19043.",
          "Microsoft.Azure.Management.Storage.StorageManagementClient/22.0.0.0"
        ],
        "Content-Type": [
          "application/json; charset=utf-8"
        ],
        "Content-Length": [
          "103"
        ]
      },
      "ResponseHeaders": {
        "Cache-Control": [
          "no-cache"
        ],
        "Pragma": [
          "no-cache"
        ],
        "Location": [
          "https://management.azure.com/subscriptions/45b60d85-fd72-427a-a708-f994d26e593e/providers/Microsoft.Storage/locations/eastus2euap/asyncoperations/ca51f00b-b9ca-4c7b-adef-5afa15a2c5a9?monitor=true&api-version=2021-04-01"
        ],
        "Retry-After": [
          "17"
        ],
        "x-ms-request-id": [
          "ca51f00b-b9ca-4c7b-adef-5afa15a2c5a9"
        ],
        "Strict-Transport-Security": [
          "max-age=31536000; includeSubDomains"
        ],
        "Server": [
          "Microsoft-Azure-Storage-Resource-Provider/1.0,Microsoft-HTTPAPI/2.0 Microsoft-HTTPAPI/2.0"
        ],
        "x-ms-ratelimit-remaining-subscription-writes": [
          "1199"
        ],
        "x-ms-correlation-request-id": [
          "65b74910-dd5e-4f07-9b8e-572df901d3ea"
        ],
        "x-ms-routing-request-id": [
          "SOUTHEASTASIA:20210705T111802Z:65b74910-dd5e-4f07-9b8e-572df901d3ea"
        ],
        "X-Content-Type-Options": [
          "nosniff"
        ],
        "Date": [
          "Mon, 05 Jul 2021 11:18:02 GMT"
        ],
        "Content-Type": [
          "text/plain; charset=utf-8"
        ],
        "Expires": [
          "-1"
        ],
        "Content-Length": [
          "0"
        ]
      },
      "ResponseBody": "",
      "StatusCode": 202
    },
    {
      "RequestUri": "/subscriptions/45b60d85-fd72-427a-a708-f994d26e593e/providers/Microsoft.Storage/locations/eastus2euap/asyncoperations/ca51f00b-b9ca-4c7b-adef-5afa15a2c5a9?monitor=true&api-version=2021-04-01",
      "EncodedRequestUri": "L3N1YnNjcmlwdGlvbnMvNDViNjBkODUtZmQ3Mi00MjdhLWE3MDgtZjk5NGQyNmU1OTNlL3Byb3ZpZGVycy9NaWNyb3NvZnQuU3RvcmFnZS9sb2NhdGlvbnMvZWFzdHVzMmV1YXAvYXN5bmNvcGVyYXRpb25zL2NhNTFmMDBiLWI5Y2EtNGM3Yi1hZGVmLTVhZmExNWEyYzVhOT9tb25pdG9yPXRydWUmYXBpLXZlcnNpb249MjAyMS0wNC0wMQ==",
      "RequestMethod": "GET",
      "RequestBody": "",
      "RequestHeaders": {
        "x-ms-client-request-id": [
          "d6acaf5b-237a-49cb-84f6-3778ef91200b"
        ],
        "User-Agent": [
          "FxVersion/4.6.30015.01",
          "OSName/Windows",
          "OSVersion/Microsoft.Windows.10.0.19043.",
          "Microsoft.Azure.Management.Storage.StorageManagementClient/22.0.0.0"
        ]
      },
      "ResponseHeaders": {
        "Cache-Control": [
          "no-cache"
        ],
        "Pragma": [
          "no-cache"
        ],
        "x-ms-request-id": [
          "fe6a5c7e-7958-476e-89b2-d579b44ae507"
        ],
        "Strict-Transport-Security": [
          "max-age=31536000; includeSubDomains"
        ],
        "Server": [
          "Microsoft-Azure-Storage-Resource-Provider/1.0,Microsoft-HTTPAPI/2.0 Microsoft-HTTPAPI/2.0"
        ],
        "x-ms-ratelimit-remaining-subscription-reads": [
          "11998"
        ],
        "x-ms-correlation-request-id": [
          "1ab4cda7-1ae7-4049-ad09-9485c0179d5c"
        ],
        "x-ms-routing-request-id": [
          "SOUTHEASTASIA:20210705T111819Z:1ab4cda7-1ae7-4049-ad09-9485c0179d5c"
        ],
        "X-Content-Type-Options": [
          "nosniff"
        ],
        "Date": [
          "Mon, 05 Jul 2021 11:18:19 GMT"
        ],
        "Content-Length": [
          "1420"
        ],
        "Content-Type": [
          "application/json"
        ],
        "Expires": [
          "-1"
        ]
      },
      "ResponseBody": "{\r\n  \"sku\": {\r\n    \"name\": \"Standard_GRS\",\r\n    \"tier\": \"Standard\"\r\n  },\r\n  \"kind\": \"StorageV2\",\r\n  \"id\": \"/subscriptions/45b60d85-fd72-427a-a708-f994d26e593e/resourceGroups/pstestrg801/providers/Microsoft.Storage/storageAccounts/stopstestrg801\",\r\n  \"name\": \"stopstestrg801\",\r\n  \"type\": \"Microsoft.Storage/storageAccounts\",\r\n  \"location\": \"eastus2euap\",\r\n  \"tags\": {},\r\n  \"properties\": {\r\n    \"keyCreationTime\": {\r\n      \"key1\": \"2021-07-05T11:18:00.7043327Z\",\r\n      \"key2\": \"2021-07-05T11:18:00.7043327Z\"\r\n    },\r\n    \"privateEndpointConnections\": [],\r\n    \"networkAcls\": {\r\n      \"bypass\": \"AzureServices\",\r\n      \"virtualNetworkRules\": [],\r\n      \"ipRules\": [],\r\n      \"defaultAction\": \"Allow\"\r\n    },\r\n    \"supportsHttpsTrafficOnly\": true,\r\n    \"encryption\": {\r\n      \"services\": {\r\n        \"file\": {\r\n          \"keyType\": \"Account\",\r\n          \"enabled\": true,\r\n          \"lastEnabledTime\": \"2021-07-05T11:18:00.7043327Z\"\r\n        },\r\n        \"blob\": {\r\n          \"keyType\": \"Account\",\r\n          \"enabled\": true,\r\n          \"lastEnabledTime\": \"2021-07-05T11:18:00.7043327Z\"\r\n        }\r\n      },\r\n      \"keySource\": \"Microsoft.Storage\"\r\n    },\r\n    \"accessTier\": \"Hot\",\r\n    \"provisioningState\": \"Succeeded\",\r\n    \"creationTime\": \"2021-07-05T11:18:00.6418488Z\",\r\n    \"primaryEndpoints\": {\r\n      \"dfs\": \"https://stopstestrg801.dfs.core.windows.net/\",\r\n      \"web\": \"https://stopstestrg801.z3.web.core.windows.net/\",\r\n      \"blob\": \"https://stopstestrg801.blob.core.windows.net/\",\r\n      \"queue\": \"https://stopstestrg801.queue.core.windows.net/\",\r\n      \"table\": \"https://stopstestrg801.table.core.windows.net/\",\r\n      \"file\": \"https://stopstestrg801.file.core.windows.net/\"\r\n    },\r\n    \"primaryLocation\": \"eastus2euap\",\r\n    \"statusOfPrimary\": \"available\",\r\n    \"secondaryLocation\": \"centraluseuap\",\r\n    \"statusOfSecondary\": \"available\"\r\n  }\r\n}",
      "StatusCode": 200
    },
    {
      "RequestUri": "/subscriptions/45b60d85-fd72-427a-a708-f994d26e593e/resourceGroups/pstestrg801/providers/Microsoft.Storage/storageAccounts/stopstestrg801?api-version=2021-04-01",
      "EncodedRequestUri": "L3N1YnNjcmlwdGlvbnMvNDViNjBkODUtZmQ3Mi00MjdhLWE3MDgtZjk5NGQyNmU1OTNlL3Jlc291cmNlR3JvdXBzL3BzdGVzdHJnODAxL3Byb3ZpZGVycy9NaWNyb3NvZnQuU3RvcmFnZS9zdG9yYWdlQWNjb3VudHMvc3RvcHN0ZXN0cmc4MDE/YXBpLXZlcnNpb249MjAyMS0wNC0wMQ==",
      "RequestMethod": "GET",
      "RequestBody": "",
      "RequestHeaders": {
        "x-ms-client-request-id": [
          "d6acaf5b-237a-49cb-84f6-3778ef91200b"
        ],
        "Accept-Language": [
          "en-US"
        ],
        "User-Agent": [
          "FxVersion/4.6.30015.01",
          "OSName/Windows",
          "OSVersion/Microsoft.Windows.10.0.19043.",
          "Microsoft.Azure.Management.Storage.StorageManagementClient/22.0.0.0"
        ]
      },
      "ResponseHeaders": {
        "Cache-Control": [
          "no-cache"
        ],
        "Pragma": [
          "no-cache"
        ],
        "x-ms-request-id": [
          "e86e1468-b6dd-45f4-88a6-ce250605b133"
        ],
        "Strict-Transport-Security": [
          "max-age=31536000; includeSubDomains"
        ],
        "Server": [
          "Microsoft-Azure-Storage-Resource-Provider/1.0,Microsoft-HTTPAPI/2.0 Microsoft-HTTPAPI/2.0"
        ],
        "x-ms-ratelimit-remaining-subscription-reads": [
          "11997"
        ],
        "x-ms-correlation-request-id": [
          "4dcba536-9a70-44e5-b9d5-0a2f23086557"
        ],
        "x-ms-routing-request-id": [
          "SOUTHEASTASIA:20210705T111819Z:4dcba536-9a70-44e5-b9d5-0a2f23086557"
        ],
        "X-Content-Type-Options": [
          "nosniff"
        ],
        "Date": [
          "Mon, 05 Jul 2021 11:18:19 GMT"
        ],
        "Content-Length": [
          "1420"
        ],
        "Content-Type": [
          "application/json"
        ],
        "Expires": [
          "-1"
        ]
      },
      "ResponseBody": "{\r\n  \"sku\": {\r\n    \"name\": \"Standard_GRS\",\r\n    \"tier\": \"Standard\"\r\n  },\r\n  \"kind\": \"StorageV2\",\r\n  \"id\": \"/subscriptions/45b60d85-fd72-427a-a708-f994d26e593e/resourceGroups/pstestrg801/providers/Microsoft.Storage/storageAccounts/stopstestrg801\",\r\n  \"name\": \"stopstestrg801\",\r\n  \"type\": \"Microsoft.Storage/storageAccounts\",\r\n  \"location\": \"eastus2euap\",\r\n  \"tags\": {},\r\n  \"properties\": {\r\n    \"keyCreationTime\": {\r\n      \"key1\": \"2021-07-05T11:18:00.7043327Z\",\r\n      \"key2\": \"2021-07-05T11:18:00.7043327Z\"\r\n    },\r\n    \"privateEndpointConnections\": [],\r\n    \"networkAcls\": {\r\n      \"bypass\": \"AzureServices\",\r\n      \"virtualNetworkRules\": [],\r\n      \"ipRules\": [],\r\n      \"defaultAction\": \"Allow\"\r\n    },\r\n    \"supportsHttpsTrafficOnly\": true,\r\n    \"encryption\": {\r\n      \"services\": {\r\n        \"file\": {\r\n          \"keyType\": \"Account\",\r\n          \"enabled\": true,\r\n          \"lastEnabledTime\": \"2021-07-05T11:18:00.7043327Z\"\r\n        },\r\n        \"blob\": {\r\n          \"keyType\": \"Account\",\r\n          \"enabled\": true,\r\n          \"lastEnabledTime\": \"2021-07-05T11:18:00.7043327Z\"\r\n        }\r\n      },\r\n      \"keySource\": \"Microsoft.Storage\"\r\n    },\r\n    \"accessTier\": \"Hot\",\r\n    \"provisioningState\": \"Succeeded\",\r\n    \"creationTime\": \"2021-07-05T11:18:00.6418488Z\",\r\n    \"primaryEndpoints\": {\r\n      \"dfs\": \"https://stopstestrg801.dfs.core.windows.net/\",\r\n      \"web\": \"https://stopstestrg801.z3.web.core.windows.net/\",\r\n      \"blob\": \"https://stopstestrg801.blob.core.windows.net/\",\r\n      \"queue\": \"https://stopstestrg801.queue.core.windows.net/\",\r\n      \"table\": \"https://stopstestrg801.table.core.windows.net/\",\r\n      \"file\": \"https://stopstestrg801.file.core.windows.net/\"\r\n    },\r\n    \"primaryLocation\": \"eastus2euap\",\r\n    \"statusOfPrimary\": \"available\",\r\n    \"secondaryLocation\": \"centraluseuap\",\r\n    \"statusOfSecondary\": \"available\"\r\n  }\r\n}",
      "StatusCode": 200
    },
    {
      "RequestUri": "/subscriptions/45b60d85-fd72-427a-a708-f994d26e593e/resourceGroups/pstestrg801/providers/Microsoft.Storage/storageAccounts?api-version=2021-04-01",
      "EncodedRequestUri": "L3N1YnNjcmlwdGlvbnMvNDViNjBkODUtZmQ3Mi00MjdhLWE3MDgtZjk5NGQyNmU1OTNlL3Jlc291cmNlR3JvdXBzL3BzdGVzdHJnODAxL3Byb3ZpZGVycy9NaWNyb3NvZnQuU3RvcmFnZS9zdG9yYWdlQWNjb3VudHM/YXBpLXZlcnNpb249MjAyMS0wNC0wMQ==",
      "RequestMethod": "GET",
      "RequestBody": "",
      "RequestHeaders": {
        "x-ms-client-request-id": [
          "6f54ca80-9034-46e5-9613-a88d282dbe53"
        ],
        "Accept-Language": [
          "en-US"
        ],
        "User-Agent": [
          "FxVersion/4.6.30015.01",
          "OSName/Windows",
          "OSVersion/Microsoft.Windows.10.0.19043.",
          "Microsoft.Azure.Management.Storage.StorageManagementClient/22.0.0.0"
        ]
      },
      "ResponseHeaders": {
        "Cache-Control": [
          "no-cache"
        ],
        "Pragma": [
          "no-cache"
        ],
        "x-ms-request-id": [
          "81c89981-3c05-47f0-9413-d63deaae784a"
        ],
        "Strict-Transport-Security": [
          "max-age=31536000; includeSubDomains"
        ],
        "Server": [
          "Microsoft-Azure-Storage-Resource-Provider/1.0,Microsoft-HTTPAPI/2.0 Microsoft-HTTPAPI/2.0"
        ],
        "x-ms-ratelimit-remaining-subscription-reads": [
          "11996"
        ],
        "x-ms-correlation-request-id": [
          "9f697807-ab9e-4e28-a778-861bb446a562"
        ],
        "x-ms-routing-request-id": [
          "SOUTHEASTASIA:20210705T111820Z:9f697807-ab9e-4e28-a778-861bb446a562"
        ],
        "X-Content-Type-Options": [
          "nosniff"
        ],
        "Date": [
          "Mon, 05 Jul 2021 11:18:20 GMT"
        ],
        "Content-Length": [
          "1432"
        ],
        "Content-Type": [
          "application/json"
        ],
        "Expires": [
          "-1"
        ]
      },
      "ResponseBody": "{\r\n  \"value\": [\r\n    {\r\n      \"sku\": {\r\n        \"name\": \"Standard_GRS\",\r\n        \"tier\": \"Standard\"\r\n      },\r\n      \"kind\": \"StorageV2\",\r\n      \"id\": \"/subscriptions/45b60d85-fd72-427a-a708-f994d26e593e/resourceGroups/pstestrg801/providers/Microsoft.Storage/storageAccounts/stopstestrg801\",\r\n      \"name\": \"stopstestrg801\",\r\n      \"type\": \"Microsoft.Storage/storageAccounts\",\r\n      \"location\": \"eastus2euap\",\r\n      \"tags\": {},\r\n      \"properties\": {\r\n        \"keyCreationTime\": {\r\n          \"key1\": \"2021-07-05T11:18:00.7043327Z\",\r\n          \"key2\": \"2021-07-05T11:18:00.7043327Z\"\r\n        },\r\n        \"privateEndpointConnections\": [],\r\n        \"networkAcls\": {\r\n          \"bypass\": \"AzureServices\",\r\n          \"virtualNetworkRules\": [],\r\n          \"ipRules\": [],\r\n          \"defaultAction\": \"Allow\"\r\n        },\r\n        \"supportsHttpsTrafficOnly\": true,\r\n        \"encryption\": {\r\n          \"services\": {\r\n            \"file\": {\r\n              \"keyType\": \"Account\",\r\n              \"enabled\": true,\r\n              \"lastEnabledTime\": \"2021-07-05T11:18:00.7043327Z\"\r\n            },\r\n            \"blob\": {\r\n              \"keyType\": \"Account\",\r\n              \"enabled\": true,\r\n              \"lastEnabledTime\": \"2021-07-05T11:18:00.7043327Z\"\r\n            }\r\n          },\r\n          \"keySource\": \"Microsoft.Storage\"\r\n        },\r\n        \"accessTier\": \"Hot\",\r\n        \"provisioningState\": \"Succeeded\",\r\n        \"creationTime\": \"2021-07-05T11:18:00.6418488Z\",\r\n        \"primaryEndpoints\": {\r\n          \"dfs\": \"https://stopstestrg801.dfs.core.windows.net/\",\r\n          \"web\": \"https://stopstestrg801.z3.web.core.windows.net/\",\r\n          \"blob\": \"https://stopstestrg801.blob.core.windows.net/\",\r\n          \"queue\": \"https://stopstestrg801.queue.core.windows.net/\",\r\n          \"table\": \"https://stopstestrg801.table.core.windows.net/\",\r\n          \"file\": \"https://stopstestrg801.file.core.windows.net/\"\r\n        },\r\n        \"primaryLocation\": \"eastus2euap\",\r\n        \"statusOfPrimary\": \"available\",\r\n        \"secondaryLocation\": \"centraluseuap\",\r\n        \"statusOfSecondary\": \"available\"\r\n      }\r\n    }\r\n  ]\r\n}",
      "StatusCode": 200
    },
    {
      "RequestUri": "/subscriptions/45b60d85-fd72-427a-a708-f994d26e593e/resourceGroups/pstestrg801/providers/Microsoft.Storage/storageAccounts/stopstestrg801/blobServices/default/containers/containerpstestrg801?api-version=2021-04-01",
      "EncodedRequestUri": "L3N1YnNjcmlwdGlvbnMvNDViNjBkODUtZmQ3Mi00MjdhLWE3MDgtZjk5NGQyNmU1OTNlL3Jlc291cmNlR3JvdXBzL3BzdGVzdHJnODAxL3Byb3ZpZGVycy9NaWNyb3NvZnQuU3RvcmFnZS9zdG9yYWdlQWNjb3VudHMvc3RvcHN0ZXN0cmc4MDEvYmxvYlNlcnZpY2VzL2RlZmF1bHQvY29udGFpbmVycy9jb250YWluZXJwc3Rlc3RyZzgwMT9hcGktdmVyc2lvbj0yMDIxLTA0LTAx",
      "RequestMethod": "PUT",
      "RequestBody": "{}",
      "RequestHeaders": {
        "x-ms-client-request-id": [
          "04c17df6-09c1-409a-9d02-815756a1bf7f"
        ],
        "Accept-Language": [
          "en-US"
        ],
        "User-Agent": [
          "FxVersion/4.6.30015.01",
          "OSName/Windows",
          "OSVersion/Microsoft.Windows.10.0.19043.",
          "Microsoft.Azure.Management.Storage.StorageManagementClient/22.0.0.0"
        ],
        "Content-Type": [
          "application/json; charset=utf-8"
        ],
        "Content-Length": [
          "2"
        ]
      },
      "ResponseHeaders": {
        "Cache-Control": [
          "no-cache"
        ],
        "Pragma": [
          "no-cache"
        ],
        "ETag": [
          "\"0x8D93FA698A71F60\""
        ],
        "x-ms-request-id": [
          "515ce808-e929-4445-9bf5-225068800b4c"
        ],
        "Strict-Transport-Security": [
          "max-age=31536000; includeSubDomains"
        ],
        "Server": [
          "Microsoft-Azure-Storage-Resource-Provider/1.0,Microsoft-HTTPAPI/2.0 Microsoft-HTTPAPI/2.0"
        ],
        "x-ms-ratelimit-remaining-subscription-writes": [
          "1198"
        ],
        "x-ms-correlation-request-id": [
          "b910302f-71cd-46eb-8b64-fbbb9261ac4f"
        ],
        "x-ms-routing-request-id": [
          "SOUTHEASTASIA:20210705T111821Z:b910302f-71cd-46eb-8b64-fbbb9261ac4f"
        ],
        "X-Content-Type-Options": [
          "nosniff"
        ],
        "Date": [
          "Mon, 05 Jul 2021 11:18:20 GMT"
        ],
        "Content-Length": [
          "296"
        ],
        "Content-Type": [
          "application/json"
        ],
        "Expires": [
          "-1"
        ]
      },
      "ResponseBody": "{\r\n  \"id\": \"/subscriptions/45b60d85-fd72-427a-a708-f994d26e593e/resourceGroups/pstestrg801/providers/Microsoft.Storage/storageAccounts/stopstestrg801/blobServices/default/containers/containerpstestrg801\",\r\n  \"name\": \"containerpstestrg801\",\r\n  \"type\": \"Microsoft.Storage/storageAccounts/blobServices/containers\"\r\n}",
      "StatusCode": 201
    },
    {
      "RequestUri": "/subscriptions/45b60d85-fd72-427a-a708-f994d26e593e/resourceGroups/pstestrg801/providers/Microsoft.Storage/storageAccounts/stopstestrg801/blobServices/default/containers/containerpstestrg801?api-version=2021-04-01",
      "EncodedRequestUri": "L3N1YnNjcmlwdGlvbnMvNDViNjBkODUtZmQ3Mi00MjdhLWE3MDgtZjk5NGQyNmU1OTNlL3Jlc291cmNlR3JvdXBzL3BzdGVzdHJnODAxL3Byb3ZpZGVycy9NaWNyb3NvZnQuU3RvcmFnZS9zdG9yYWdlQWNjb3VudHMvc3RvcHN0ZXN0cmc4MDEvYmxvYlNlcnZpY2VzL2RlZmF1bHQvY29udGFpbmVycy9jb250YWluZXJwc3Rlc3RyZzgwMT9hcGktdmVyc2lvbj0yMDIxLTA0LTAx",
      "RequestMethod": "GET",
      "RequestBody": "",
      "RequestHeaders": {
        "x-ms-client-request-id": [
          "04c17df6-09c1-409a-9d02-815756a1bf7f"
        ],
        "Accept-Language": [
          "en-US"
        ],
        "User-Agent": [
          "FxVersion/4.6.30015.01",
          "OSName/Windows",
          "OSVersion/Microsoft.Windows.10.0.19043.",
          "Microsoft.Azure.Management.Storage.StorageManagementClient/22.0.0.0"
        ]
      },
      "ResponseHeaders": {
        "Cache-Control": [
          "no-cache"
        ],
        "Pragma": [
          "no-cache"
        ],
        "ETag": [
          "\"0x8D93FA698A71F60\""
        ],
        "x-ms-request-id": [
          "df5376cb-918a-4c91-bce6-67b8cfc9b6bc"
        ],
        "Strict-Transport-Security": [
          "max-age=31536000; includeSubDomains"
        ],
        "Server": [
          "Microsoft-Azure-Storage-Resource-Provider/1.0,Microsoft-HTTPAPI/2.0 Microsoft-HTTPAPI/2.0"
        ],
        "x-ms-ratelimit-remaining-subscription-reads": [
          "11995"
        ],
        "x-ms-correlation-request-id": [
          "e9339bd0-cdf3-424c-8e16-ad827b803843"
        ],
        "x-ms-routing-request-id": [
          "SOUTHEASTASIA:20210705T111821Z:e9339bd0-cdf3-424c-8e16-ad827b803843"
        ],
        "X-Content-Type-Options": [
          "nosniff"
        ],
        "Date": [
          "Mon, 05 Jul 2021 11:18:21 GMT"
        ],
        "Content-Length": [
          "690"
        ],
        "Content-Type": [
          "application/json"
        ],
        "Expires": [
          "-1"
        ]
      },
      "ResponseBody": "{\r\n  \"id\": \"/subscriptions/45b60d85-fd72-427a-a708-f994d26e593e/resourceGroups/pstestrg801/providers/Microsoft.Storage/storageAccounts/stopstestrg801/blobServices/default/containers/containerpstestrg801\",\r\n  \"name\": \"containerpstestrg801\",\r\n  \"type\": \"Microsoft.Storage/storageAccounts/blobServices/containers\",\r\n  \"etag\": \"\\\"0x8D93FA698A71F60\\\"\",\r\n  \"properties\": {\r\n    \"deleted\": false,\r\n    \"remainingRetentionDays\": 0,\r\n    \"defaultEncryptionScope\": \"$account-encryption-key\",\r\n    \"denyEncryptionScopeOverride\": false,\r\n    \"publicAccess\": \"None\",\r\n    \"leaseStatus\": \"Unlocked\",\r\n    \"leaseState\": \"Available\",\r\n    \"lastModifiedTime\": \"2021-07-05T11:18:20Z\",\r\n    \"legalHold\": {\r\n      \"hasLegalHold\": false,\r\n      \"tags\": []\r\n    },\r\n    \"hasImmutabilityPolicy\": false,\r\n    \"hasLegalHold\": false\r\n  }\r\n}",
      "StatusCode": 200
    },
    {
      "RequestUri": "/subscriptions/45b60d85-fd72-427a-a708-f994d26e593e/resourceGroups/pstestrg801/providers/Microsoft.Storage/storageAccounts/stopstestrg801/blobServices/default/containers/containerpstestrg801?api-version=2021-04-01",
      "EncodedRequestUri": "L3N1YnNjcmlwdGlvbnMvNDViNjBkODUtZmQ3Mi00MjdhLWE3MDgtZjk5NGQyNmU1OTNlL3Jlc291cmNlR3JvdXBzL3BzdGVzdHJnODAxL3Byb3ZpZGVycy9NaWNyb3NvZnQuU3RvcmFnZS9zdG9yYWdlQWNjb3VudHMvc3RvcHN0ZXN0cmc4MDEvYmxvYlNlcnZpY2VzL2RlZmF1bHQvY29udGFpbmVycy9jb250YWluZXJwc3Rlc3RyZzgwMT9hcGktdmVyc2lvbj0yMDIxLTA0LTAx",
      "RequestMethod": "GET",
      "RequestBody": "",
      "RequestHeaders": {
        "x-ms-client-request-id": [
          "453b4f37-eb26-4f8d-8cfe-e8125c5b9c6f"
        ],
        "Accept-Language": [
          "en-US"
        ],
        "User-Agent": [
          "FxVersion/4.6.30015.01",
          "OSName/Windows",
          "OSVersion/Microsoft.Windows.10.0.19043.",
          "Microsoft.Azure.Management.Storage.StorageManagementClient/22.0.0.0"
        ]
      },
      "ResponseHeaders": {
        "Cache-Control": [
          "no-cache"
        ],
        "Pragma": [
          "no-cache"
        ],
        "ETag": [
          "\"0x8D93FA698A71F60\""
        ],
        "x-ms-request-id": [
          "656494f0-3f15-4221-8b67-17f8214be107"
        ],
        "Strict-Transport-Security": [
          "max-age=31536000; includeSubDomains"
        ],
        "Server": [
          "Microsoft-Azure-Storage-Resource-Provider/1.0,Microsoft-HTTPAPI/2.0 Microsoft-HTTPAPI/2.0"
        ],
        "x-ms-ratelimit-remaining-subscription-reads": [
          "11994"
        ],
        "x-ms-correlation-request-id": [
          "3af85ddf-4854-4a33-a86f-efbc6eee9b8c"
        ],
        "x-ms-routing-request-id": [
          "SOUTHEASTASIA:20210705T111821Z:3af85ddf-4854-4a33-a86f-efbc6eee9b8c"
        ],
        "X-Content-Type-Options": [
          "nosniff"
        ],
        "Date": [
          "Mon, 05 Jul 2021 11:18:21 GMT"
        ],
        "Content-Length": [
          "690"
        ],
        "Content-Type": [
          "application/json"
        ],
        "Expires": [
          "-1"
        ]
      },
      "ResponseBody": "{\r\n  \"id\": \"/subscriptions/45b60d85-fd72-427a-a708-f994d26e593e/resourceGroups/pstestrg801/providers/Microsoft.Storage/storageAccounts/stopstestrg801/blobServices/default/containers/containerpstestrg801\",\r\n  \"name\": \"containerpstestrg801\",\r\n  \"type\": \"Microsoft.Storage/storageAccounts/blobServices/containers\",\r\n  \"etag\": \"\\\"0x8D93FA698A71F60\\\"\",\r\n  \"properties\": {\r\n    \"deleted\": false,\r\n    \"remainingRetentionDays\": 0,\r\n    \"defaultEncryptionScope\": \"$account-encryption-key\",\r\n    \"denyEncryptionScopeOverride\": false,\r\n    \"publicAccess\": \"None\",\r\n    \"leaseStatus\": \"Unlocked\",\r\n    \"leaseState\": \"Available\",\r\n    \"lastModifiedTime\": \"2021-07-05T11:18:20Z\",\r\n    \"legalHold\": {\r\n      \"hasLegalHold\": false,\r\n      \"tags\": []\r\n    },\r\n    \"hasImmutabilityPolicy\": false,\r\n    \"hasLegalHold\": false\r\n  }\r\n}",
      "StatusCode": 200
    },
    {
      "RequestUri": "/subscriptions/45b60d85-fd72-427a-a708-f994d26e593e/resourceGroups/pstestrg801/providers/Microsoft.Storage/storageAccounts/stopstestrg801/blobServices/default/containers/containerpstestrg801?api-version=2021-04-01",
      "EncodedRequestUri": "L3N1YnNjcmlwdGlvbnMvNDViNjBkODUtZmQ3Mi00MjdhLWE3MDgtZjk5NGQyNmU1OTNlL3Jlc291cmNlR3JvdXBzL3BzdGVzdHJnODAxL3Byb3ZpZGVycy9NaWNyb3NvZnQuU3RvcmFnZS9zdG9yYWdlQWNjb3VudHMvc3RvcHN0ZXN0cmc4MDEvYmxvYlNlcnZpY2VzL2RlZmF1bHQvY29udGFpbmVycy9jb250YWluZXJwc3Rlc3RyZzgwMT9hcGktdmVyc2lvbj0yMDIxLTA0LTAx",
      "RequestMethod": "GET",
      "RequestBody": "",
      "RequestHeaders": {
        "x-ms-client-request-id": [
          "782f65c9-3f68-41ee-802f-6d6fddd69206"
        ],
        "Accept-Language": [
          "en-US"
        ],
        "User-Agent": [
          "FxVersion/4.6.30015.01",
          "OSName/Windows",
          "OSVersion/Microsoft.Windows.10.0.19043.",
          "Microsoft.Azure.Management.Storage.StorageManagementClient/22.0.0.0"
        ]
      },
      "ResponseHeaders": {
        "Cache-Control": [
          "no-cache"
        ],
        "Pragma": [
          "no-cache"
        ],
        "ETag": [
          "\"0x8D93FA699B12628\""
        ],
        "x-ms-request-id": [
          "650bc5ac-7220-4c18-b253-093d940f09ec"
        ],
        "Strict-Transport-Security": [
          "max-age=31536000; includeSubDomains"
        ],
        "Server": [
          "Microsoft-Azure-Storage-Resource-Provider/1.0,Microsoft-HTTPAPI/2.0 Microsoft-HTTPAPI/2.0"
        ],
        "x-ms-ratelimit-remaining-subscription-reads": [
          "11991"
        ],
        "x-ms-correlation-request-id": [
          "f7d9f395-26e6-4140-a7d0-7fb7b2b5e969"
        ],
        "x-ms-routing-request-id": [
          "SOUTHEASTASIA:20210705T111823Z:f7d9f395-26e6-4140-a7d0-7fb7b2b5e969"
        ],
        "X-Content-Type-Options": [
          "nosniff"
        ],
        "Date": [
          "Mon, 05 Jul 2021 11:18:23 GMT"
        ],
        "Content-Length": [
          "1113"
        ],
        "Content-Type": [
          "application/json"
        ],
        "Expires": [
          "-1"
        ]
      },
      "ResponseBody": "{\r\n  \"id\": \"/subscriptions/45b60d85-fd72-427a-a708-f994d26e593e/resourceGroups/pstestrg801/providers/Microsoft.Storage/storageAccounts/stopstestrg801/blobServices/default/containers/containerpstestrg801\",\r\n  \"name\": \"containerpstestrg801\",\r\n  \"type\": \"Microsoft.Storage/storageAccounts/blobServices/containers\",\r\n  \"etag\": \"\\\"0x8D93FA699B12628\\\"\",\r\n  \"properties\": {\r\n    \"deleted\": false,\r\n    \"remainingRetentionDays\": 0,\r\n    \"defaultEncryptionScope\": \"$account-encryption-key\",\r\n    \"denyEncryptionScopeOverride\": false,\r\n    \"publicAccess\": \"None\",\r\n    \"leaseStatus\": \"Unlocked\",\r\n    \"leaseState\": \"Available\",\r\n    \"lastModifiedTime\": \"2021-07-05T11:18:22Z\",\r\n    \"immutabilityPolicy\": {\r\n      \"etag\": \"\\\"8d93fa699ad6317\\\"\",\r\n      \"properties\": {\r\n        \"allowProtectedAppendWrites\": true,\r\n        \"immutabilityPeriodSinceCreationInDays\": 3,\r\n        \"state\": \"Unlocked\"\r\n      },\r\n      \"updateHistory\": [\r\n        {\r\n          \"allowProtectedAppendWrites\": true,\r\n          \"update\": \"put\",\r\n          \"immutabilityPeriodSinceCreationInDays\": 3,\r\n          \"timestamp\": \"2021-07-05T11:18:22.5190351Z\",\r\n          \"objectIdentifier\": \"d6f7e858-345d-45f6-849c-8175519656b7\",\r\n          \"tenantId\": \"72f988bf-86f1-41af-91ab-2d7cd011db47\"\r\n        }\r\n      ]\r\n    },\r\n    \"legalHold\": {\r\n      \"hasLegalHold\": false,\r\n      \"tags\": []\r\n    },\r\n    \"hasImmutabilityPolicy\": true,\r\n    \"hasLegalHold\": false\r\n  }\r\n}",
      "StatusCode": 200
    },
    {
      "RequestUri": "/subscriptions/45b60d85-fd72-427a-a708-f994d26e593e/resourceGroups/pstestrg801/providers/Microsoft.Storage/storageAccounts/stopstestrg801/blobServices/default/containers/containerpstestrg801?api-version=2021-04-01",
      "EncodedRequestUri": "L3N1YnNjcmlwdGlvbnMvNDViNjBkODUtZmQ3Mi00MjdhLWE3MDgtZjk5NGQyNmU1OTNlL3Jlc291cmNlR3JvdXBzL3BzdGVzdHJnODAxL3Byb3ZpZGVycy9NaWNyb3NvZnQuU3RvcmFnZS9zdG9yYWdlQWNjb3VudHMvc3RvcHN0ZXN0cmc4MDEvYmxvYlNlcnZpY2VzL2RlZmF1bHQvY29udGFpbmVycy9jb250YWluZXJwc3Rlc3RyZzgwMT9hcGktdmVyc2lvbj0yMDIxLTA0LTAx",
      "RequestMethod": "GET",
      "RequestBody": "",
      "RequestHeaders": {
        "x-ms-client-request-id": [
          "41cd1c38-ff9f-4736-9446-d3f8eed99936"
        ],
        "Accept-Language": [
          "en-US"
        ],
        "User-Agent": [
          "FxVersion/4.6.30015.01",
          "OSName/Windows",
          "OSVersion/Microsoft.Windows.10.0.19043.",
          "Microsoft.Azure.Management.Storage.StorageManagementClient/22.0.0.0"
        ]
      },
      "ResponseHeaders": {
        "Cache-Control": [
          "no-cache"
        ],
        "Pragma": [
          "no-cache"
        ],
        "ETag": [
          "\"0x8D93FA69A868CC4\""
        ],
        "x-ms-request-id": [
          "469b010d-301f-4a46-829d-bec1ff8c50ca"
        ],
        "Strict-Transport-Security": [
          "max-age=31536000; includeSubDomains"
        ],
        "Server": [
          "Microsoft-Azure-Storage-Resource-Provider/1.0,Microsoft-HTTPAPI/2.0 Microsoft-HTTPAPI/2.0"
        ],
        "x-ms-ratelimit-remaining-subscription-reads": [
          "11989"
        ],
        "x-ms-correlation-request-id": [
          "db302ae3-e8d5-4805-bd1a-26a35f8473bf"
        ],
        "x-ms-routing-request-id": [
          "SOUTHEASTASIA:20210705T111824Z:db302ae3-e8d5-4805-bd1a-26a35f8473bf"
        ],
        "X-Content-Type-Options": [
          "nosniff"
        ],
        "Date": [
          "Mon, 05 Jul 2021 11:18:24 GMT"
        ],
        "Content-Length": [
          "1115"
        ],
        "Content-Type": [
          "application/json"
        ],
        "Expires": [
          "-1"
        ]
      },
      "ResponseBody": "{\r\n  \"id\": \"/subscriptions/45b60d85-fd72-427a-a708-f994d26e593e/resourceGroups/pstestrg801/providers/Microsoft.Storage/storageAccounts/stopstestrg801/blobServices/default/containers/containerpstestrg801\",\r\n  \"name\": \"containerpstestrg801\",\r\n  \"type\": \"Microsoft.Storage/storageAccounts/blobServices/containers\",\r\n  \"etag\": \"\\\"0x8D93FA69A868CC4\\\"\",\r\n  \"properties\": {\r\n    \"deleted\": false,\r\n    \"remainingRetentionDays\": 0,\r\n    \"defaultEncryptionScope\": \"$account-encryption-key\",\r\n    \"denyEncryptionScopeOverride\": false,\r\n    \"publicAccess\": \"None\",\r\n    \"leaseStatus\": \"Unlocked\",\r\n    \"leaseState\": \"Available\",\r\n    \"lastModifiedTime\": \"2021-07-05T11:18:23Z\",\r\n    \"immutabilityPolicy\": {\r\n      \"etag\": \"\\\"8d93fa69a83f7f0\\\"\",\r\n      \"properties\": {\r\n        \"allowProtectedAppendWrites\": false,\r\n        \"immutabilityPeriodSinceCreationInDays\": 2,\r\n        \"state\": \"Unlocked\"\r\n      },\r\n      \"updateHistory\": [\r\n        {\r\n          \"allowProtectedAppendWrites\": false,\r\n          \"update\": \"put\",\r\n          \"immutabilityPeriodSinceCreationInDays\": 2,\r\n          \"timestamp\": \"2021-07-05T11:18:24.003407Z\",\r\n          \"objectIdentifier\": \"d6f7e858-345d-45f6-849c-8175519656b7\",\r\n          \"tenantId\": \"72f988bf-86f1-41af-91ab-2d7cd011db47\"\r\n        }\r\n      ]\r\n    },\r\n    \"legalHold\": {\r\n      \"hasLegalHold\": false,\r\n      \"tags\": []\r\n    },\r\n    \"hasImmutabilityPolicy\": true,\r\n    \"hasLegalHold\": false\r\n  }\r\n}",
      "StatusCode": 200
    },
    {
      "RequestUri": "/subscriptions/45b60d85-fd72-427a-a708-f994d26e593e/resourceGroups/pstestrg801/providers/Microsoft.Storage/storageAccounts/stopstestrg801/blobServices/default/containers/containerpstestrg801?api-version=2021-04-01",
      "EncodedRequestUri": "L3N1YnNjcmlwdGlvbnMvNDViNjBkODUtZmQ3Mi00MjdhLWE3MDgtZjk5NGQyNmU1OTNlL3Jlc291cmNlR3JvdXBzL3BzdGVzdHJnODAxL3Byb3ZpZGVycy9NaWNyb3NvZnQuU3RvcmFnZS9zdG9yYWdlQWNjb3VudHMvc3RvcHN0ZXN0cmc4MDEvYmxvYlNlcnZpY2VzL2RlZmF1bHQvY29udGFpbmVycy9jb250YWluZXJwc3Rlc3RyZzgwMT9hcGktdmVyc2lvbj0yMDIxLTA0LTAx",
      "RequestMethod": "GET",
      "RequestBody": "",
      "RequestHeaders": {
        "x-ms-client-request-id": [
          "b8d6a259-7ad8-41ed-bfa0-f1f8e5f57233"
        ],
        "Accept-Language": [
          "en-US"
        ],
        "User-Agent": [
          "FxVersion/4.6.30015.01",
          "OSName/Windows",
          "OSVersion/Microsoft.Windows.10.0.19043.",
          "Microsoft.Azure.Management.Storage.StorageManagementClient/22.0.0.0"
        ]
      },
      "ResponseHeaders": {
        "Cache-Control": [
          "no-cache"
        ],
        "Pragma": [
          "no-cache"
        ],
        "ETag": [
          "\"0x8D93FA69B53B6AF\""
        ],
        "x-ms-request-id": [
          "18015630-eb99-4a01-852b-96c9a1deebd9"
        ],
        "Strict-Transport-Security": [
          "max-age=31536000; includeSubDomains"
        ],
        "Server": [
          "Microsoft-Azure-Storage-Resource-Provider/1.0,Microsoft-HTTPAPI/2.0 Microsoft-HTTPAPI/2.0"
        ],
        "x-ms-ratelimit-remaining-subscription-reads": [
          "11987"
        ],
        "x-ms-correlation-request-id": [
          "83286ea9-afe1-427a-b12c-1caba9b7be09"
        ],
        "x-ms-routing-request-id": [
          "SOUTHEASTASIA:20210705T111826Z:83286ea9-afe1-427a-b12c-1caba9b7be09"
        ],
        "X-Content-Type-Options": [
          "nosniff"
        ],
        "Date": [
          "Mon, 05 Jul 2021 11:18:25 GMT"
        ],
        "Content-Length": [
          "690"
        ],
        "Content-Type": [
          "application/json"
        ],
        "Expires": [
          "-1"
        ]
      },
      "ResponseBody": "{\r\n  \"id\": \"/subscriptions/45b60d85-fd72-427a-a708-f994d26e593e/resourceGroups/pstestrg801/providers/Microsoft.Storage/storageAccounts/stopstestrg801/blobServices/default/containers/containerpstestrg801\",\r\n  \"name\": \"containerpstestrg801\",\r\n  \"type\": \"Microsoft.Storage/storageAccounts/blobServices/containers\",\r\n  \"etag\": \"\\\"0x8D93FA69B53B6AF\\\"\",\r\n  \"properties\": {\r\n    \"deleted\": false,\r\n    \"remainingRetentionDays\": 0,\r\n    \"defaultEncryptionScope\": \"$account-encryption-key\",\r\n    \"denyEncryptionScopeOverride\": false,\r\n    \"publicAccess\": \"None\",\r\n    \"leaseStatus\": \"Unlocked\",\r\n    \"leaseState\": \"Available\",\r\n    \"lastModifiedTime\": \"2021-07-05T11:18:25Z\",\r\n    \"legalHold\": {\r\n      \"hasLegalHold\": false,\r\n      \"tags\": []\r\n    },\r\n    \"hasImmutabilityPolicy\": false,\r\n    \"hasLegalHold\": false\r\n  }\r\n}",
      "StatusCode": 200
    },
    {
      "RequestUri": "/subscriptions/45b60d85-fd72-427a-a708-f994d26e593e/resourceGroups/pstestrg801/providers/Microsoft.Storage/storageAccounts/stopstestrg801/blobServices/default/containers/containerpstestrg801?api-version=2021-04-01",
      "EncodedRequestUri": "L3N1YnNjcmlwdGlvbnMvNDViNjBkODUtZmQ3Mi00MjdhLWE3MDgtZjk5NGQyNmU1OTNlL3Jlc291cmNlR3JvdXBzL3BzdGVzdHJnODAxL3Byb3ZpZGVycy9NaWNyb3NvZnQuU3RvcmFnZS9zdG9yYWdlQWNjb3VudHMvc3RvcHN0ZXN0cmc4MDEvYmxvYlNlcnZpY2VzL2RlZmF1bHQvY29udGFpbmVycy9jb250YWluZXJwc3Rlc3RyZzgwMT9hcGktdmVyc2lvbj0yMDIxLTA0LTAx",
      "RequestMethod": "GET",
      "RequestBody": "",
      "RequestHeaders": {
        "x-ms-client-request-id": [
          "7da41e5e-1868-4700-a70c-b2c779a2bc00"
        ],
        "Accept-Language": [
          "en-US"
        ],
        "User-Agent": [
          "FxVersion/4.6.30015.01",
          "OSName/Windows",
          "OSVersion/Microsoft.Windows.10.0.19043.",
          "Microsoft.Azure.Management.Storage.StorageManagementClient/22.0.0.0"
        ]
      },
      "ResponseHeaders": {
        "Cache-Control": [
          "no-cache"
        ],
        "Pragma": [
          "no-cache"
        ],
        "ETag": [
          "\"0x8D93FA69C0CBE0D\""
        ],
        "x-ms-request-id": [
          "527a0bb8-6869-4cf6-92a3-4d4df96e59bc"
        ],
        "Strict-Transport-Security": [
          "max-age=31536000; includeSubDomains"
        ],
        "Server": [
          "Microsoft-Azure-Storage-Resource-Provider/1.0,Microsoft-HTTPAPI/2.0 Microsoft-HTTPAPI/2.0"
        ],
        "x-ms-ratelimit-remaining-subscription-reads": [
          "11985"
        ],
        "x-ms-correlation-request-id": [
          "b4170c1f-d937-4f8c-af24-bd78b56ad9e8"
        ],
        "x-ms-routing-request-id": [
          "SOUTHEASTASIA:20210705T111827Z:b4170c1f-d937-4f8c-af24-bd78b56ad9e8"
        ],
        "X-Content-Type-Options": [
          "nosniff"
        ],
        "Date": [
          "Mon, 05 Jul 2021 11:18:27 GMT"
        ],
        "Content-Length": [
          "1045"
        ],
        "Content-Type": [
          "application/json"
        ],
        "Expires": [
          "-1"
        ]
      },
      "ResponseBody": "{\r\n  \"id\": \"/subscriptions/45b60d85-fd72-427a-a708-f994d26e593e/resourceGroups/pstestrg801/providers/Microsoft.Storage/storageAccounts/stopstestrg801/blobServices/default/containers/containerpstestrg801\",\r\n  \"name\": \"containerpstestrg801\",\r\n  \"type\": \"Microsoft.Storage/storageAccounts/blobServices/containers\",\r\n  \"etag\": \"\\\"0x8D93FA69C0CBE0D\\\"\",\r\n  \"properties\": {\r\n    \"deleted\": false,\r\n    \"remainingRetentionDays\": 0,\r\n    \"defaultEncryptionScope\": \"$account-encryption-key\",\r\n    \"denyEncryptionScopeOverride\": false,\r\n    \"publicAccess\": \"None\",\r\n    \"leaseStatus\": \"Unlocked\",\r\n    \"leaseState\": \"Available\",\r\n    \"lastModifiedTime\": \"2021-07-05T11:18:26Z\",\r\n    \"immutabilityPolicy\": {\r\n      \"etag\": \"\\\"8d93fa69c0af859\\\"\",\r\n      \"properties\": {\r\n        \"immutabilityPeriodSinceCreationInDays\": 7,\r\n        \"state\": \"Unlocked\"\r\n      },\r\n      \"updateHistory\": [\r\n        {\r\n          \"update\": \"put\",\r\n          \"immutabilityPeriodSinceCreationInDays\": 7,\r\n          \"timestamp\": \"2021-07-05T11:18:26.4721497Z\",\r\n          \"objectIdentifier\": \"d6f7e858-345d-45f6-849c-8175519656b7\",\r\n          \"tenantId\": \"72f988bf-86f1-41af-91ab-2d7cd011db47\"\r\n        }\r\n      ]\r\n    },\r\n    \"legalHold\": {\r\n      \"hasLegalHold\": false,\r\n      \"tags\": []\r\n    },\r\n    \"hasImmutabilityPolicy\": true,\r\n    \"hasLegalHold\": false\r\n  }\r\n}",
      "StatusCode": 200
    },
    {
      "RequestUri": "/subscriptions/45b60d85-fd72-427a-a708-f994d26e593e/resourceGroups/pstestrg801/providers/Microsoft.Storage/storageAccounts/stopstestrg801/blobServices/default/containers/containerpstestrg801?api-version=2021-04-01",
      "EncodedRequestUri": "L3N1YnNjcmlwdGlvbnMvNDViNjBkODUtZmQ3Mi00MjdhLWE3MDgtZjk5NGQyNmU1OTNlL3Jlc291cmNlR3JvdXBzL3BzdGVzdHJnODAxL3Byb3ZpZGVycy9NaWNyb3NvZnQuU3RvcmFnZS9zdG9yYWdlQWNjb3VudHMvc3RvcHN0ZXN0cmc4MDEvYmxvYlNlcnZpY2VzL2RlZmF1bHQvY29udGFpbmVycy9jb250YWluZXJwc3Rlc3RyZzgwMT9hcGktdmVyc2lvbj0yMDIxLTA0LTAx",
      "RequestMethod": "GET",
      "RequestBody": "",
      "RequestHeaders": {
        "x-ms-client-request-id": [
          "ad3e10ee-5c34-4319-a9f4-c1a9a6e40e4b"
        ],
        "Accept-Language": [
          "en-US"
        ],
        "User-Agent": [
          "FxVersion/4.6.30015.01",
          "OSName/Windows",
          "OSVersion/Microsoft.Windows.10.0.19043.",
          "Microsoft.Azure.Management.Storage.StorageManagementClient/22.0.0.0"
        ]
      },
      "ResponseHeaders": {
        "Cache-Control": [
          "no-cache"
        ],
        "Pragma": [
          "no-cache"
        ],
        "ETag": [
          "\"0x8D93FA69CCE0219\""
        ],
        "x-ms-request-id": [
          "da2b7d82-282a-46c1-a65f-8f247569ee81"
        ],
        "Strict-Transport-Security": [
          "max-age=31536000; includeSubDomains"
        ],
        "Server": [
          "Microsoft-Azure-Storage-Resource-Provider/1.0,Microsoft-HTTPAPI/2.0 Microsoft-HTTPAPI/2.0"
        ],
        "x-ms-ratelimit-remaining-subscription-reads": [
          "11983"
        ],
        "x-ms-correlation-request-id": [
          "7b8059ca-d41e-4879-9518-d0f59e74c948"
        ],
        "x-ms-routing-request-id": [
          "SOUTHEASTASIA:20210705T111828Z:7b8059ca-d41e-4879-9518-d0f59e74c948"
        ],
        "X-Content-Type-Options": [
          "nosniff"
        ],
        "Date": [
          "Mon, 05 Jul 2021 11:18:28 GMT"
        ],
        "Content-Length": [
          "1254"
        ],
        "Content-Type": [
          "application/json"
        ],
        "Expires": [
          "-1"
        ]
      },
      "ResponseBody": "{\r\n  \"id\": \"/subscriptions/45b60d85-fd72-427a-a708-f994d26e593e/resourceGroups/pstestrg801/providers/Microsoft.Storage/storageAccounts/stopstestrg801/blobServices/default/containers/containerpstestrg801\",\r\n  \"name\": \"containerpstestrg801\",\r\n  \"type\": \"Microsoft.Storage/storageAccounts/blobServices/containers\",\r\n  \"etag\": \"\\\"0x8D93FA69CCE0219\\\"\",\r\n  \"properties\": {\r\n    \"deleted\": false,\r\n    \"remainingRetentionDays\": 0,\r\n    \"defaultEncryptionScope\": \"$account-encryption-key\",\r\n    \"denyEncryptionScopeOverride\": false,\r\n    \"publicAccess\": \"None\",\r\n    \"leaseStatus\": \"Unlocked\",\r\n    \"leaseState\": \"Available\",\r\n    \"lastModifiedTime\": \"2021-07-05T11:18:27Z\",\r\n    \"immutabilityPolicy\": {\r\n      \"etag\": \"\\\"8d93fa69cc9b576\\\"\",\r\n      \"properties\": {\r\n        \"immutabilityPeriodSinceCreationInDays\": 7,\r\n        \"state\": \"Locked\"\r\n      },\r\n      \"updateHistory\": [\r\n        {\r\n          \"update\": \"put\",\r\n          \"immutabilityPeriodSinceCreationInDays\": 7,\r\n          \"timestamp\": \"2021-07-05T11:18:26.4721497Z\",\r\n          \"objectIdentifier\": \"d6f7e858-345d-45f6-849c-8175519656b7\",\r\n          \"tenantId\": \"72f988bf-86f1-41af-91ab-2d7cd011db47\"\r\n        },\r\n        {\r\n          \"update\": \"lock\",\r\n          \"immutabilityPeriodSinceCreationInDays\": 7,\r\n          \"timestamp\": \"2021-07-05T11:18:27.7377978Z\",\r\n          \"objectIdentifier\": \"d6f7e858-345d-45f6-849c-8175519656b7\",\r\n          \"tenantId\": \"72f988bf-86f1-41af-91ab-2d7cd011db47\"\r\n        }\r\n      ]\r\n    },\r\n    \"legalHold\": {\r\n      \"hasLegalHold\": false,\r\n      \"tags\": []\r\n    },\r\n    \"hasImmutabilityPolicy\": true,\r\n    \"hasLegalHold\": false\r\n  }\r\n}",
      "StatusCode": 200
    },
    {
      "RequestUri": "/subscriptions/45b60d85-fd72-427a-a708-f994d26e593e/resourceGroups/pstestrg801/providers/Microsoft.Storage/storageAccounts/stopstestrg801/blobServices/default/containers/containerpstestrg801?api-version=2021-04-01",
      "EncodedRequestUri": "L3N1YnNjcmlwdGlvbnMvNDViNjBkODUtZmQ3Mi00MjdhLWE3MDgtZjk5NGQyNmU1OTNlL3Jlc291cmNlR3JvdXBzL3BzdGVzdHJnODAxL3Byb3ZpZGVycy9NaWNyb3NvZnQuU3RvcmFnZS9zdG9yYWdlQWNjb3VudHMvc3RvcHN0ZXN0cmc4MDEvYmxvYlNlcnZpY2VzL2RlZmF1bHQvY29udGFpbmVycy9jb250YWluZXJwc3Rlc3RyZzgwMT9hcGktdmVyc2lvbj0yMDIxLTA0LTAx",
      "RequestMethod": "GET",
      "RequestBody": "",
      "RequestHeaders": {
        "x-ms-client-request-id": [
          "2a262530-dd77-4e53-a03a-cbdc3ac0e2cf"
        ],
        "Accept-Language": [
          "en-US"
        ],
        "User-Agent": [
          "FxVersion/4.6.30015.01",
          "OSName/Windows",
          "OSVersion/Microsoft.Windows.10.0.19043.",
          "Microsoft.Azure.Management.Storage.StorageManagementClient/22.0.0.0"
        ]
      },
      "ResponseHeaders": {
        "Cache-Control": [
          "no-cache"
        ],
        "Pragma": [
          "no-cache"
        ],
        "ETag": [
          "\"0x8D93FA69D805347\""
        ],
        "x-ms-request-id": [
          "bee7d67c-bd49-46ce-8033-b13ca3fdfded"
        ],
        "Strict-Transport-Security": [
          "max-age=31536000; includeSubDomains"
        ],
        "Server": [
          "Microsoft-Azure-Storage-Resource-Provider/1.0,Microsoft-HTTPAPI/2.0 Microsoft-HTTPAPI/2.0"
        ],
        "x-ms-ratelimit-remaining-subscription-reads": [
          "11981"
        ],
        "x-ms-correlation-request-id": [
          "e379779c-cd27-447a-b980-b777f3dd669d"
        ],
        "x-ms-routing-request-id": [
          "SOUTHEASTASIA:20210705T111829Z:e379779c-cd27-447a-b980-b777f3dd669d"
        ],
        "X-Content-Type-Options": [
          "nosniff"
        ],
        "Date": [
          "Mon, 05 Jul 2021 11:18:29 GMT"
        ],
        "Content-Length": [
          "1469"
        ],
        "Content-Type": [
          "application/json"
        ],
        "Expires": [
          "-1"
        ]
      },
      "ResponseBody": "{\r\n  \"id\": \"/subscriptions/45b60d85-fd72-427a-a708-f994d26e593e/resourceGroups/pstestrg801/providers/Microsoft.Storage/storageAccounts/stopstestrg801/blobServices/default/containers/containerpstestrg801\",\r\n  \"name\": \"containerpstestrg801\",\r\n  \"type\": \"Microsoft.Storage/storageAccounts/blobServices/containers\",\r\n  \"etag\": \"\\\"0x8D93FA69D805347\\\"\",\r\n  \"properties\": {\r\n    \"deleted\": false,\r\n    \"remainingRetentionDays\": 0,\r\n    \"defaultEncryptionScope\": \"$account-encryption-key\",\r\n    \"denyEncryptionScopeOverride\": false,\r\n    \"publicAccess\": \"None\",\r\n    \"leaseStatus\": \"Unlocked\",\r\n    \"leaseState\": \"Available\",\r\n    \"lastModifiedTime\": \"2021-07-05T11:18:28Z\",\r\n    \"immutabilityPolicy\": {\r\n      \"etag\": \"\\\"8d93fa69d7ccacf\\\"\",\r\n      \"properties\": {\r\n        \"immutabilityPeriodSinceCreationInDays\": 20,\r\n        \"state\": \"Locked\"\r\n      },\r\n      \"updateHistory\": [\r\n        {\r\n          \"update\": \"put\",\r\n          \"immutabilityPeriodSinceCreationInDays\": 7,\r\n          \"timestamp\": \"2021-07-05T11:18:26.4721497Z\",\r\n          \"objectIdentifier\": \"d6f7e858-345d-45f6-849c-8175519656b7\",\r\n          \"tenantId\": \"72f988bf-86f1-41af-91ab-2d7cd011db47\"\r\n        },\r\n        {\r\n          \"update\": \"lock\",\r\n          \"immutabilityPeriodSinceCreationInDays\": 7,\r\n          \"timestamp\": \"2021-07-05T11:18:27.7377978Z\",\r\n          \"objectIdentifier\": \"d6f7e858-345d-45f6-849c-8175519656b7\",\r\n          \"tenantId\": \"72f988bf-86f1-41af-91ab-2d7cd011db47\"\r\n        },\r\n        {\r\n          \"update\": \"extend\",\r\n          \"immutabilityPeriodSinceCreationInDays\": 20,\r\n          \"timestamp\": \"2021-07-05T11:18:28.9114071Z\",\r\n          \"objectIdentifier\": \"d6f7e858-345d-45f6-849c-8175519656b7\",\r\n          \"tenantId\": \"72f988bf-86f1-41af-91ab-2d7cd011db47\"\r\n        }\r\n      ]\r\n    },\r\n    \"legalHold\": {\r\n      \"hasLegalHold\": false,\r\n      \"tags\": []\r\n    },\r\n    \"hasImmutabilityPolicy\": true,\r\n    \"hasLegalHold\": false\r\n  }\r\n}",
      "StatusCode": 200
    },
    {
      "RequestUri": "/subscriptions/45b60d85-fd72-427a-a708-f994d26e593e/resourceGroups/pstestrg801/providers/Microsoft.Storage/storageAccounts/stopstestrg801/blobServices/default/containers/containerpstestrg801/immutabilityPolicies/default?api-version=2021-04-01",
      "EncodedRequestUri": "L3N1YnNjcmlwdGlvbnMvNDViNjBkODUtZmQ3Mi00MjdhLWE3MDgtZjk5NGQyNmU1OTNlL3Jlc291cmNlR3JvdXBzL3BzdGVzdHJnODAxL3Byb3ZpZGVycy9NaWNyb3NvZnQuU3RvcmFnZS9zdG9yYWdlQWNjb3VudHMvc3RvcHN0ZXN0cmc4MDEvYmxvYlNlcnZpY2VzL2RlZmF1bHQvY29udGFpbmVycy9jb250YWluZXJwc3Rlc3RyZzgwMS9pbW11dGFiaWxpdHlQb2xpY2llcy9kZWZhdWx0P2FwaS12ZXJzaW9uPTIwMjEtMDQtMDE=",
      "RequestMethod": "GET",
      "RequestBody": "",
      "RequestHeaders": {
        "x-ms-client-request-id": [
          "57e5959b-5f22-4d90-a581-1f39c4e0785d"
        ],
        "Accept-Language": [
          "en-US"
        ],
        "User-Agent": [
          "FxVersion/4.6.30015.01",
          "OSName/Windows",
          "OSVersion/Microsoft.Windows.10.0.19043.",
          "Microsoft.Azure.Management.Storage.StorageManagementClient/22.0.0.0"
        ]
      },
      "ResponseHeaders": {
        "Cache-Control": [
          "no-cache"
        ],
        "Pragma": [
          "no-cache"
        ],
        "x-ms-request-id": [
          "4d058b46-bef8-42ae-b4b5-777fbbef6d1a"
        ],
        "Strict-Transport-Security": [
          "max-age=31536000; includeSubDomains"
        ],
        "Server": [
          "Microsoft-Azure-Storage-Resource-Provider/1.0,Microsoft-HTTPAPI/2.0 Microsoft-HTTPAPI/2.0"
        ],
        "x-ms-ratelimit-remaining-subscription-reads": [
          "11993"
        ],
        "x-ms-correlation-request-id": [
          "b8f1ffdf-5bdc-4e12-9828-f38d0bd25226"
        ],
        "x-ms-routing-request-id": [
          "SOUTHEASTASIA:20210705T111822Z:b8f1ffdf-5bdc-4e12-9828-f38d0bd25226"
        ],
        "X-Content-Type-Options": [
          "nosniff"
        ],
        "Date": [
          "Mon, 05 Jul 2021 11:18:21 GMT"
        ],
        "Content-Length": [
          "418"
        ],
        "Content-Type": [
          "application/json"
        ],
        "Expires": [
          "-1"
        ]
      },
      "ResponseBody": "{\r\n  \"id\": \"/subscriptions/45b60d85-fd72-427a-a708-f994d26e593e/resourceGroups/pstestrg801/providers/Microsoft.Storage/storageAccounts/stopstestrg801/blobServices/default/containers/containerpstestrg801/immutabilityPolicies/default\",\r\n  \"name\": \"default\",\r\n  \"type\": \"Microsoft.Storage/storageAccounts/blobServices/containers/immutabilityPolicies\",\r\n  \"etag\": \"\",\r\n  \"properties\": {\r\n    \"immutabilityPeriodSinceCreationInDays\": 0,\r\n    \"state\": \"Deleted\"\r\n  }\r\n}",
      "StatusCode": 200
    },
    {
      "RequestUri": "/subscriptions/45b60d85-fd72-427a-a708-f994d26e593e/resourceGroups/pstestrg801/providers/Microsoft.Storage/storageAccounts/stopstestrg801/blobServices/default/containers/containerpstestrg801/immutabilityPolicies/default?api-version=2021-04-01",
      "EncodedRequestUri": "L3N1YnNjcmlwdGlvbnMvNDViNjBkODUtZmQ3Mi00MjdhLWE3MDgtZjk5NGQyNmU1OTNlL3Jlc291cmNlR3JvdXBzL3BzdGVzdHJnODAxL3Byb3ZpZGVycy9NaWNyb3NvZnQuU3RvcmFnZS9zdG9yYWdlQWNjb3VudHMvc3RvcHN0ZXN0cmc4MDEvYmxvYlNlcnZpY2VzL2RlZmF1bHQvY29udGFpbmVycy9jb250YWluZXJwc3Rlc3RyZzgwMS9pbW11dGFiaWxpdHlQb2xpY2llcy9kZWZhdWx0P2FwaS12ZXJzaW9uPTIwMjEtMDQtMDE=",
      "RequestMethod": "GET",
      "RequestBody": "",
      "RequestHeaders": {
        "x-ms-client-request-id": [
          "402e48e3-cf68-4e4f-bc7a-3eea8e5cede8"
        ],
        "Accept-Language": [
          "en-US"
        ],
        "User-Agent": [
          "FxVersion/4.6.30015.01",
          "OSName/Windows",
          "OSVersion/Microsoft.Windows.10.0.19043.",
          "Microsoft.Azure.Management.Storage.StorageManagementClient/22.0.0.0"
        ]
      },
      "ResponseHeaders": {
        "Cache-Control": [
          "no-cache"
        ],
        "Pragma": [
          "no-cache"
        ],
        "ETag": [
          "\"8d93fa699ad6317\""
        ],
        "x-ms-request-id": [
          "2410a6a4-de83-49c9-9381-aa6f950b2f1d"
        ],
        "Strict-Transport-Security": [
          "max-age=31536000; includeSubDomains"
        ],
        "Server": [
          "Microsoft-Azure-Storage-Resource-Provider/1.0,Microsoft-HTTPAPI/2.0 Microsoft-HTTPAPI/2.0"
        ],
        "x-ms-ratelimit-remaining-subscription-reads": [
          "11992"
        ],
        "x-ms-correlation-request-id": [
          "36e2df9f-f175-4254-8ba4-ef2db7ffdab7"
        ],
        "x-ms-routing-request-id": [
          "SOUTHEASTASIA:20210705T111823Z:36e2df9f-f175-4254-8ba4-ef2db7ffdab7"
        ],
        "X-Content-Type-Options": [
          "nosniff"
        ],
        "Date": [
          "Mon, 05 Jul 2021 11:18:22 GMT"
        ],
        "Content-Length": [
          "472"
        ],
        "Content-Type": [
          "application/json"
        ],
        "Expires": [
          "-1"
        ]
      },
      "ResponseBody": "{\r\n  \"id\": \"/subscriptions/45b60d85-fd72-427a-a708-f994d26e593e/resourceGroups/pstestrg801/providers/Microsoft.Storage/storageAccounts/stopstestrg801/blobServices/default/containers/containerpstestrg801/immutabilityPolicies/default\",\r\n  \"name\": \"default\",\r\n  \"type\": \"Microsoft.Storage/storageAccounts/blobServices/containers/immutabilityPolicies\",\r\n  \"etag\": \"\\\"8d93fa699ad6317\\\"\",\r\n  \"properties\": {\r\n    \"allowProtectedAppendWrites\": true,\r\n    \"immutabilityPeriodSinceCreationInDays\": 3,\r\n    \"state\": \"Unlocked\"\r\n  }\r\n}",
      "StatusCode": 200
    },
    {
      "RequestUri": "/subscriptions/45b60d85-fd72-427a-a708-f994d26e593e/resourceGroups/pstestrg801/providers/Microsoft.Storage/storageAccounts/stopstestrg801/blobServices/default/containers/containerpstestrg801/immutabilityPolicies/default?api-version=2021-04-01",
      "EncodedRequestUri": "L3N1YnNjcmlwdGlvbnMvNDViNjBkODUtZmQ3Mi00MjdhLWE3MDgtZjk5NGQyNmU1OTNlL3Jlc291cmNlR3JvdXBzL3BzdGVzdHJnODAxL3Byb3ZpZGVycy9NaWNyb3NvZnQuU3RvcmFnZS9zdG9yYWdlQWNjb3VudHMvc3RvcHN0ZXN0cmc4MDEvYmxvYlNlcnZpY2VzL2RlZmF1bHQvY29udGFpbmVycy9jb250YWluZXJwc3Rlc3RyZzgwMS9pbW11dGFiaWxpdHlQb2xpY2llcy9kZWZhdWx0P2FwaS12ZXJzaW9uPTIwMjEtMDQtMDE=",
      "RequestMethod": "GET",
      "RequestBody": "",
      "RequestHeaders": {
        "x-ms-client-request-id": [
          "085c14a3-9629-4a64-8332-b7d3001a00f2"
        ],
        "Accept-Language": [
          "en-US"
        ],
        "User-Agent": [
          "FxVersion/4.6.30015.01",
          "OSName/Windows",
          "OSVersion/Microsoft.Windows.10.0.19043.",
          "Microsoft.Azure.Management.Storage.StorageManagementClient/22.0.0.0"
        ]
      },
      "ResponseHeaders": {
        "Cache-Control": [
          "no-cache"
        ],
        "Pragma": [
          "no-cache"
        ],
        "ETag": [
          "\"8d93fa69a83f7f0\""
        ],
        "x-ms-request-id": [
          "eb4a4ac4-ae7e-494a-803a-0ce2a26a1240"
        ],
        "Strict-Transport-Security": [
          "max-age=31536000; includeSubDomains"
        ],
        "Server": [
          "Microsoft-Azure-Storage-Resource-Provider/1.0,Microsoft-HTTPAPI/2.0 Microsoft-HTTPAPI/2.0"
        ],
        "x-ms-ratelimit-remaining-subscription-reads": [
          "11990"
        ],
        "x-ms-correlation-request-id": [
          "aa9de038-7116-4541-886f-0fff93701dd9"
        ],
        "x-ms-routing-request-id": [
          "SOUTHEASTASIA:20210705T111824Z:aa9de038-7116-4541-886f-0fff93701dd9"
        ],
        "X-Content-Type-Options": [
          "nosniff"
        ],
        "Date": [
          "Mon, 05 Jul 2021 11:18:24 GMT"
        ],
        "Content-Length": [
          "473"
        ],
        "Content-Type": [
          "application/json"
        ],
        "Expires": [
          "-1"
        ]
      },
      "ResponseBody": "{\r\n  \"id\": \"/subscriptions/45b60d85-fd72-427a-a708-f994d26e593e/resourceGroups/pstestrg801/providers/Microsoft.Storage/storageAccounts/stopstestrg801/blobServices/default/containers/containerpstestrg801/immutabilityPolicies/default\",\r\n  \"name\": \"default\",\r\n  \"type\": \"Microsoft.Storage/storageAccounts/blobServices/containers/immutabilityPolicies\",\r\n  \"etag\": \"\\\"8d93fa69a83f7f0\\\"\",\r\n  \"properties\": {\r\n    \"allowProtectedAppendWrites\": false,\r\n    \"immutabilityPeriodSinceCreationInDays\": 2,\r\n    \"state\": \"Unlocked\"\r\n  }\r\n}",
      "StatusCode": 200
    },
    {
      "RequestUri": "/subscriptions/45b60d85-fd72-427a-a708-f994d26e593e/resourceGroups/pstestrg801/providers/Microsoft.Storage/storageAccounts/stopstestrg801/blobServices/default/containers/containerpstestrg801/immutabilityPolicies/default?api-version=2021-04-01",
      "EncodedRequestUri": "L3N1YnNjcmlwdGlvbnMvNDViNjBkODUtZmQ3Mi00MjdhLWE3MDgtZjk5NGQyNmU1OTNlL3Jlc291cmNlR3JvdXBzL3BzdGVzdHJnODAxL3Byb3ZpZGVycy9NaWNyb3NvZnQuU3RvcmFnZS9zdG9yYWdlQWNjb3VudHMvc3RvcHN0ZXN0cmc4MDEvYmxvYlNlcnZpY2VzL2RlZmF1bHQvY29udGFpbmVycy9jb250YWluZXJwc3Rlc3RyZzgwMS9pbW11dGFiaWxpdHlQb2xpY2llcy9kZWZhdWx0P2FwaS12ZXJzaW9uPTIwMjEtMDQtMDE=",
      "RequestMethod": "GET",
      "RequestBody": "",
      "RequestHeaders": {
        "x-ms-client-request-id": [
          "c480b25b-0163-4ae3-b7c3-88b2f5f1253e"
        ],
        "Accept-Language": [
          "en-US"
        ],
        "User-Agent": [
          "FxVersion/4.6.30015.01",
          "OSName/Windows",
          "OSVersion/Microsoft.Windows.10.0.19043.",
          "Microsoft.Azure.Management.Storage.StorageManagementClient/22.0.0.0"
        ]
      },
      "ResponseHeaders": {
        "Cache-Control": [
          "no-cache"
        ],
        "Pragma": [
          "no-cache"
        ],
        "x-ms-request-id": [
          "bcc65ed4-dd4b-4a32-8a5f-f7bd8cd903f6"
        ],
        "Strict-Transport-Security": [
          "max-age=31536000; includeSubDomains"
        ],
        "Server": [
          "Microsoft-Azure-Storage-Resource-Provider/1.0,Microsoft-HTTPAPI/2.0 Microsoft-HTTPAPI/2.0"
        ],
        "x-ms-ratelimit-remaining-subscription-reads": [
          "11988"
        ],
        "x-ms-correlation-request-id": [
          "870496e5-fe50-4ec5-b485-ff7889859508"
        ],
        "x-ms-routing-request-id": [
          "SOUTHEASTASIA:20210705T111825Z:870496e5-fe50-4ec5-b485-ff7889859508"
        ],
        "X-Content-Type-Options": [
          "nosniff"
        ],
        "Date": [
          "Mon, 05 Jul 2021 11:18:25 GMT"
        ],
        "Content-Length": [
          "418"
        ],
        "Content-Type": [
          "application/json"
        ],
        "Expires": [
          "-1"
        ]
      },
      "ResponseBody": "{\r\n  \"id\": \"/subscriptions/45b60d85-fd72-427a-a708-f994d26e593e/resourceGroups/pstestrg801/providers/Microsoft.Storage/storageAccounts/stopstestrg801/blobServices/default/containers/containerpstestrg801/immutabilityPolicies/default\",\r\n  \"name\": \"default\",\r\n  \"type\": \"Microsoft.Storage/storageAccounts/blobServices/containers/immutabilityPolicies\",\r\n  \"etag\": \"\",\r\n  \"properties\": {\r\n    \"immutabilityPeriodSinceCreationInDays\": 0,\r\n    \"state\": \"Deleted\"\r\n  }\r\n}",
      "StatusCode": 200
    },
    {
      "RequestUri": "/subscriptions/45b60d85-fd72-427a-a708-f994d26e593e/resourceGroups/pstestrg801/providers/Microsoft.Storage/storageAccounts/stopstestrg801/blobServices/default/containers/containerpstestrg801/immutabilityPolicies/default?api-version=2021-04-01",
      "EncodedRequestUri": "L3N1YnNjcmlwdGlvbnMvNDViNjBkODUtZmQ3Mi00MjdhLWE3MDgtZjk5NGQyNmU1OTNlL3Jlc291cmNlR3JvdXBzL3BzdGVzdHJnODAxL3Byb3ZpZGVycy9NaWNyb3NvZnQuU3RvcmFnZS9zdG9yYWdlQWNjb3VudHMvc3RvcHN0ZXN0cmc4MDEvYmxvYlNlcnZpY2VzL2RlZmF1bHQvY29udGFpbmVycy9jb250YWluZXJwc3Rlc3RyZzgwMS9pbW11dGFiaWxpdHlQb2xpY2llcy9kZWZhdWx0P2FwaS12ZXJzaW9uPTIwMjEtMDQtMDE=",
      "RequestMethod": "GET",
      "RequestBody": "",
      "RequestHeaders": {
        "x-ms-client-request-id": [
          "e6982b73-235a-4302-bc74-e66471c4612c"
        ],
        "Accept-Language": [
          "en-US"
        ],
        "User-Agent": [
          "FxVersion/4.6.30015.01",
          "OSName/Windows",
          "OSVersion/Microsoft.Windows.10.0.19043.",
          "Microsoft.Azure.Management.Storage.StorageManagementClient/22.0.0.0"
        ]
      },
      "ResponseHeaders": {
        "Cache-Control": [
          "no-cache"
        ],
        "Pragma": [
          "no-cache"
        ],
        "ETag": [
          "\"8d93fa69c0af859\""
        ],
        "x-ms-request-id": [
          "f66c3f40-405c-43ad-968a-de8c78f3b898"
        ],
        "Strict-Transport-Security": [
          "max-age=31536000; includeSubDomains"
        ],
        "Server": [
          "Microsoft-Azure-Storage-Resource-Provider/1.0,Microsoft-HTTPAPI/2.0 Microsoft-HTTPAPI/2.0"
        ],
        "x-ms-ratelimit-remaining-subscription-reads": [
          "11986"
        ],
        "x-ms-correlation-request-id": [
          "799a075c-125f-4f7a-a567-94e6927ddb59"
        ],
        "x-ms-routing-request-id": [
          "SOUTHEASTASIA:20210705T111827Z:799a075c-125f-4f7a-a567-94e6927ddb59"
        ],
        "X-Content-Type-Options": [
          "nosniff"
        ],
        "Date": [
          "Mon, 05 Jul 2021 11:18:26 GMT"
        ],
        "Content-Length": [
          "438"
        ],
        "Content-Type": [
          "application/json"
        ],
        "Expires": [
          "-1"
        ]
      },
      "ResponseBody": "{\r\n  \"id\": \"/subscriptions/45b60d85-fd72-427a-a708-f994d26e593e/resourceGroups/pstestrg801/providers/Microsoft.Storage/storageAccounts/stopstestrg801/blobServices/default/containers/containerpstestrg801/immutabilityPolicies/default\",\r\n  \"name\": \"default\",\r\n  \"type\": \"Microsoft.Storage/storageAccounts/blobServices/containers/immutabilityPolicies\",\r\n  \"etag\": \"\\\"8d93fa69c0af859\\\"\",\r\n  \"properties\": {\r\n    \"immutabilityPeriodSinceCreationInDays\": 7,\r\n    \"state\": \"Unlocked\"\r\n  }\r\n}",
      "StatusCode": 200
    },
    {
      "RequestUri": "/subscriptions/45b60d85-fd72-427a-a708-f994d26e593e/resourceGroups/pstestrg801/providers/Microsoft.Storage/storageAccounts/stopstestrg801/blobServices/default/containers/containerpstestrg801/immutabilityPolicies/default?api-version=2021-04-01",
      "EncodedRequestUri": "L3N1YnNjcmlwdGlvbnMvNDViNjBkODUtZmQ3Mi00MjdhLWE3MDgtZjk5NGQyNmU1OTNlL3Jlc291cmNlR3JvdXBzL3BzdGVzdHJnODAxL3Byb3ZpZGVycy9NaWNyb3NvZnQuU3RvcmFnZS9zdG9yYWdlQWNjb3VudHMvc3RvcHN0ZXN0cmc4MDEvYmxvYlNlcnZpY2VzL2RlZmF1bHQvY29udGFpbmVycy9jb250YWluZXJwc3Rlc3RyZzgwMS9pbW11dGFiaWxpdHlQb2xpY2llcy9kZWZhdWx0P2FwaS12ZXJzaW9uPTIwMjEtMDQtMDE=",
      "RequestMethod": "GET",
      "RequestBody": "",
      "RequestHeaders": {
        "x-ms-client-request-id": [
          "95a9b718-6b64-4470-bb58-5304668a4e34"
        ],
        "Accept-Language": [
          "en-US"
        ],
        "User-Agent": [
          "FxVersion/4.6.30015.01",
          "OSName/Windows",
          "OSVersion/Microsoft.Windows.10.0.19043.",
          "Microsoft.Azure.Management.Storage.StorageManagementClient/22.0.0.0"
        ]
      },
      "ResponseHeaders": {
        "Cache-Control": [
          "no-cache"
        ],
        "Pragma": [
          "no-cache"
        ],
        "ETag": [
          "\"8d93fa69cc9b576\""
        ],
        "x-ms-request-id": [
          "865c3984-5b38-4524-82ab-cadc5f192751"
        ],
        "Strict-Transport-Security": [
          "max-age=31536000; includeSubDomains"
        ],
        "Server": [
          "Microsoft-Azure-Storage-Resource-Provider/1.0,Microsoft-HTTPAPI/2.0 Microsoft-HTTPAPI/2.0"
        ],
        "x-ms-ratelimit-remaining-subscription-reads": [
          "11984"
        ],
        "x-ms-correlation-request-id": [
          "d6c4d30c-a17a-4752-bfbe-2108c65c2967"
        ],
        "x-ms-routing-request-id": [
          "SOUTHEASTASIA:20210705T111828Z:d6c4d30c-a17a-4752-bfbe-2108c65c2967"
        ],
        "X-Content-Type-Options": [
          "nosniff"
        ],
        "Date": [
          "Mon, 05 Jul 2021 11:18:27 GMT"
        ],
        "Content-Length": [
          "436"
        ],
        "Content-Type": [
          "application/json"
        ],
        "Expires": [
          "-1"
        ]
      },
      "ResponseBody": "{\r\n  \"id\": \"/subscriptions/45b60d85-fd72-427a-a708-f994d26e593e/resourceGroups/pstestrg801/providers/Microsoft.Storage/storageAccounts/stopstestrg801/blobServices/default/containers/containerpstestrg801/immutabilityPolicies/default\",\r\n  \"name\": \"default\",\r\n  \"type\": \"Microsoft.Storage/storageAccounts/blobServices/containers/immutabilityPolicies\",\r\n  \"etag\": \"\\\"8d93fa69cc9b576\\\"\",\r\n  \"properties\": {\r\n    \"immutabilityPeriodSinceCreationInDays\": 7,\r\n    \"state\": \"Locked\"\r\n  }\r\n}",
      "StatusCode": 200
    },
    {
      "RequestUri": "/subscriptions/45b60d85-fd72-427a-a708-f994d26e593e/resourceGroups/pstestrg801/providers/Microsoft.Storage/storageAccounts/stopstestrg801/blobServices/default/containers/containerpstestrg801/immutabilityPolicies/default?api-version=2021-04-01",
      "EncodedRequestUri": "L3N1YnNjcmlwdGlvbnMvNDViNjBkODUtZmQ3Mi00MjdhLWE3MDgtZjk5NGQyNmU1OTNlL3Jlc291cmNlR3JvdXBzL3BzdGVzdHJnODAxL3Byb3ZpZGVycy9NaWNyb3NvZnQuU3RvcmFnZS9zdG9yYWdlQWNjb3VudHMvc3RvcHN0ZXN0cmc4MDEvYmxvYlNlcnZpY2VzL2RlZmF1bHQvY29udGFpbmVycy9jb250YWluZXJwc3Rlc3RyZzgwMS9pbW11dGFiaWxpdHlQb2xpY2llcy9kZWZhdWx0P2FwaS12ZXJzaW9uPTIwMjEtMDQtMDE=",
      "RequestMethod": "GET",
      "RequestBody": "",
      "RequestHeaders": {
        "x-ms-client-request-id": [
          "f683db8b-5f41-4f4d-8df8-80305aa337c9"
        ],
        "Accept-Language": [
          "en-US"
        ],
        "User-Agent": [
          "FxVersion/4.6.30015.01",
          "OSName/Windows",
          "OSVersion/Microsoft.Windows.10.0.19043.",
          "Microsoft.Azure.Management.Storage.StorageManagementClient/22.0.0.0"
        ]
      },
      "ResponseHeaders": {
        "Cache-Control": [
          "no-cache"
        ],
        "Pragma": [
          "no-cache"
        ],
        "ETag": [
          "\"8d93fa69d7ccacf\""
        ],
        "x-ms-request-id": [
          "1b2bf4f0-d264-4e04-ab09-dde99ad5af87"
        ],
        "Strict-Transport-Security": [
          "max-age=31536000; includeSubDomains"
        ],
        "Server": [
          "Microsoft-Azure-Storage-Resource-Provider/1.0,Microsoft-HTTPAPI/2.0 Microsoft-HTTPAPI/2.0"
        ],
        "x-ms-ratelimit-remaining-subscription-reads": [
          "11982"
        ],
        "x-ms-correlation-request-id": [
          "86d322ab-8486-4d6f-8f4c-d80102da1f6f"
        ],
        "x-ms-routing-request-id": [
          "SOUTHEASTASIA:20210705T111829Z:86d322ab-8486-4d6f-8f4c-d80102da1f6f"
        ],
        "X-Content-Type-Options": [
          "nosniff"
        ],
        "Date": [
          "Mon, 05 Jul 2021 11:18:29 GMT"
        ],
        "Content-Length": [
          "437"
        ],
        "Content-Type": [
          "application/json"
        ],
        "Expires": [
          "-1"
        ]
      },
      "ResponseBody": "{\r\n  \"id\": \"/subscriptions/45b60d85-fd72-427a-a708-f994d26e593e/resourceGroups/pstestrg801/providers/Microsoft.Storage/storageAccounts/stopstestrg801/blobServices/default/containers/containerpstestrg801/immutabilityPolicies/default\",\r\n  \"name\": \"default\",\r\n  \"type\": \"Microsoft.Storage/storageAccounts/blobServices/containers/immutabilityPolicies\",\r\n  \"etag\": \"\\\"8d93fa69d7ccacf\\\"\",\r\n  \"properties\": {\r\n    \"immutabilityPeriodSinceCreationInDays\": 20,\r\n    \"state\": \"Locked\"\r\n  }\r\n}",
      "StatusCode": 200
    },
    {
      "RequestUri": "/subscriptions/45b60d85-fd72-427a-a708-f994d26e593e/resourceGroups/pstestrg801/providers/Microsoft.Storage/storageAccounts/stopstestrg801/blobServices/default/containers/containerpstestrg801/immutabilityPolicies/default?api-version=2021-04-01",
      "EncodedRequestUri": "L3N1YnNjcmlwdGlvbnMvNDViNjBkODUtZmQ3Mi00MjdhLWE3MDgtZjk5NGQyNmU1OTNlL3Jlc291cmNlR3JvdXBzL3BzdGVzdHJnODAxL3Byb3ZpZGVycy9NaWNyb3NvZnQuU3RvcmFnZS9zdG9yYWdlQWNjb3VudHMvc3RvcHN0ZXN0cmc4MDEvYmxvYlNlcnZpY2VzL2RlZmF1bHQvY29udGFpbmVycy9jb250YWluZXJwc3Rlc3RyZzgwMS9pbW11dGFiaWxpdHlQb2xpY2llcy9kZWZhdWx0P2FwaS12ZXJzaW9uPTIwMjEtMDQtMDE=",
      "RequestMethod": "PUT",
      "RequestBody": "{\r\n  \"properties\": {\r\n    \"immutabilityPeriodSinceCreationInDays\": 3,\r\n    \"allowProtectedAppendWrites\": true\r\n  }\r\n}",
      "RequestHeaders": {
        "x-ms-client-request-id": [
          "ca78ae7c-c821-4bee-a568-a13dce51dbaa"
        ],
        "Accept-Language": [
          "en-US"
        ],
        "User-Agent": [
          "FxVersion/4.6.30015.01",
          "OSName/Windows",
          "OSVersion/Microsoft.Windows.10.0.19043.",
          "Microsoft.Azure.Management.Storage.StorageManagementClient/22.0.0.0"
        ],
        "Content-Type": [
          "application/json; charset=utf-8"
        ],
        "Content-Length": [
          "117"
        ]
      },
      "ResponseHeaders": {
        "Cache-Control": [
          "no-cache"
        ],
        "Pragma": [
          "no-cache"
        ],
        "ETag": [
          "\"8d93fa699ad6317\""
        ],
        "x-ms-request-id": [
          "cf668522-b5fc-4e98-b502-546c2eacef05"
        ],
        "Strict-Transport-Security": [
          "max-age=31536000; includeSubDomains"
        ],
        "Server": [
          "Microsoft-Azure-Storage-Resource-Provider/1.0,Microsoft-HTTPAPI/2.0 Microsoft-HTTPAPI/2.0"
        ],
        "x-ms-ratelimit-remaining-subscription-writes": [
          "1197"
        ],
        "x-ms-correlation-request-id": [
          "e42bb6c4-195a-4a6c-98b7-50986382c1d5"
        ],
        "x-ms-routing-request-id": [
          "SOUTHEASTASIA:20210705T111822Z:e42bb6c4-195a-4a6c-98b7-50986382c1d5"
        ],
        "X-Content-Type-Options": [
          "nosniff"
        ],
        "Date": [
          "Mon, 05 Jul 2021 11:18:22 GMT"
        ],
        "Content-Length": [
          "472"
        ],
        "Content-Type": [
          "application/json"
        ],
        "Expires": [
          "-1"
        ]
      },
      "ResponseBody": "{\r\n  \"id\": \"/subscriptions/45b60d85-fd72-427a-a708-f994d26e593e/resourceGroups/pstestrg801/providers/Microsoft.Storage/storageAccounts/stopstestrg801/blobServices/default/containers/containerpstestrg801/immutabilityPolicies/default\",\r\n  \"name\": \"default\",\r\n  \"type\": \"Microsoft.Storage/storageAccounts/blobServices/containers/immutabilityPolicies\",\r\n  \"etag\": \"\\\"8d93fa699ad6317\\\"\",\r\n  \"properties\": {\r\n    \"allowProtectedAppendWrites\": true,\r\n    \"immutabilityPeriodSinceCreationInDays\": 3,\r\n    \"state\": \"Unlocked\"\r\n  }\r\n}",
      "StatusCode": 200
    },
    {
      "RequestUri": "/subscriptions/45b60d85-fd72-427a-a708-f994d26e593e/resourceGroups/pstestrg801/providers/Microsoft.Storage/storageAccounts/stopstestrg801/blobServices/default/containers/containerpstestrg801/immutabilityPolicies/default?api-version=2021-04-01",
      "EncodedRequestUri": "L3N1YnNjcmlwdGlvbnMvNDViNjBkODUtZmQ3Mi00MjdhLWE3MDgtZjk5NGQyNmU1OTNlL3Jlc291cmNlR3JvdXBzL3BzdGVzdHJnODAxL3Byb3ZpZGVycy9NaWNyb3NvZnQuU3RvcmFnZS9zdG9yYWdlQWNjb3VudHMvc3RvcHN0ZXN0cmc4MDEvYmxvYlNlcnZpY2VzL2RlZmF1bHQvY29udGFpbmVycy9jb250YWluZXJwc3Rlc3RyZzgwMS9pbW11dGFiaWxpdHlQb2xpY2llcy9kZWZhdWx0P2FwaS12ZXJzaW9uPTIwMjEtMDQtMDE=",
      "RequestMethod": "PUT",
      "RequestBody": "{\r\n  \"properties\": {\r\n    \"immutabilityPeriodSinceCreationInDays\": 2,\r\n    \"allowProtectedAppendWrites\": false\r\n  }\r\n}",
      "RequestHeaders": {
        "x-ms-client-request-id": [
          "6c956350-b4c5-4af5-a3e1-c90e0a103092"
        ],
        "If-Match": [
          "\"8d93fa699ad6317\""
        ],
        "Accept-Language": [
          "en-US"
        ],
        "User-Agent": [
          "FxVersion/4.6.30015.01",
          "OSName/Windows",
          "OSVersion/Microsoft.Windows.10.0.19043.",
          "Microsoft.Azure.Management.Storage.StorageManagementClient/22.0.0.0"
        ],
        "Content-Type": [
          "application/json; charset=utf-8"
        ],
        "Content-Length": [
          "118"
        ]
      },
      "ResponseHeaders": {
        "Cache-Control": [
          "no-cache"
        ],
        "Pragma": [
          "no-cache"
        ],
        "ETag": [
          "\"8d93fa69a83f7f0\""
        ],
        "x-ms-request-id": [
          "d9341301-a68a-456d-8e6f-1b7852e60b5a"
        ],
        "Strict-Transport-Security": [
          "max-age=31536000; includeSubDomains"
        ],
        "Server": [
          "Microsoft-Azure-Storage-Resource-Provider/1.0,Microsoft-HTTPAPI/2.0 Microsoft-HTTPAPI/2.0"
        ],
        "x-ms-ratelimit-remaining-subscription-writes": [
          "1196"
        ],
        "x-ms-correlation-request-id": [
          "cbde1c4a-7f45-4b5d-9f3d-57f52588d7db"
        ],
        "x-ms-routing-request-id": [
          "SOUTHEASTASIA:20210705T111824Z:cbde1c4a-7f45-4b5d-9f3d-57f52588d7db"
        ],
        "X-Content-Type-Options": [
          "nosniff"
        ],
        "Date": [
          "Mon, 05 Jul 2021 11:18:23 GMT"
        ],
        "Content-Length": [
          "473"
        ],
        "Content-Type": [
          "application/json"
        ],
        "Expires": [
          "-1"
        ]
      },
      "ResponseBody": "{\r\n  \"id\": \"/subscriptions/45b60d85-fd72-427a-a708-f994d26e593e/resourceGroups/pstestrg801/providers/Microsoft.Storage/storageAccounts/stopstestrg801/blobServices/default/containers/containerpstestrg801/immutabilityPolicies/default\",\r\n  \"name\": \"default\",\r\n  \"type\": \"Microsoft.Storage/storageAccounts/blobServices/containers/immutabilityPolicies\",\r\n  \"etag\": \"\\\"8d93fa69a83f7f0\\\"\",\r\n  \"properties\": {\r\n    \"allowProtectedAppendWrites\": false,\r\n    \"immutabilityPeriodSinceCreationInDays\": 2,\r\n    \"state\": \"Unlocked\"\r\n  }\r\n}",
      "StatusCode": 200
    },
    {
      "RequestUri": "/subscriptions/45b60d85-fd72-427a-a708-f994d26e593e/resourceGroups/pstestrg801/providers/Microsoft.Storage/storageAccounts/stopstestrg801/blobServices/default/containers/containerpstestrg801/immutabilityPolicies/default?api-version=2021-04-01",
      "EncodedRequestUri": "L3N1YnNjcmlwdGlvbnMvNDViNjBkODUtZmQ3Mi00MjdhLWE3MDgtZjk5NGQyNmU1OTNlL3Jlc291cmNlR3JvdXBzL3BzdGVzdHJnODAxL3Byb3ZpZGVycy9NaWNyb3NvZnQuU3RvcmFnZS9zdG9yYWdlQWNjb3VudHMvc3RvcHN0ZXN0cmc4MDEvYmxvYlNlcnZpY2VzL2RlZmF1bHQvY29udGFpbmVycy9jb250YWluZXJwc3Rlc3RyZzgwMS9pbW11dGFiaWxpdHlQb2xpY2llcy9kZWZhdWx0P2FwaS12ZXJzaW9uPTIwMjEtMDQtMDE=",
      "RequestMethod": "PUT",
      "RequestBody": "{\r\n  \"properties\": {\r\n    \"immutabilityPeriodSinceCreationInDays\": 7\r\n  }\r\n}",
      "RequestHeaders": {
        "x-ms-client-request-id": [
          "4197cb6e-1add-4248-9baf-5ebb99912ec8"
        ],
        "User-Agent": [
          "FxVersion/4.6.30015.01",
          "OSName/Windows",
          "OSVersion/Microsoft.Windows.10.0.19043.",
          "Microsoft.Azure.Management.Storage.StorageManagementClient/22.0.0.0"
        ],
        "Accept-Language": [
          "en-US"
        ],
        "Content-Type": [
          "application/json; charset=utf-8"
        ],
        "Content-Length": [
          "76"
        ]
      },
      "ResponseHeaders": {
        "Cache-Control": [
          "no-cache"
        ],
        "Pragma": [
          "no-cache"
        ],
        "ETag": [
          "\"8d93fa69c0af859\""
        ],
        "x-ms-request-id": [
          "2371e0ea-ddab-4c1c-9eb1-9d95eb148247"
        ],
        "Strict-Transport-Security": [
          "max-age=31536000; includeSubDomains"
        ],
        "Server": [
          "Microsoft-Azure-Storage-Resource-Provider/1.0,Microsoft-HTTPAPI/2.0 Microsoft-HTTPAPI/2.0"
        ],
        "x-ms-ratelimit-remaining-subscription-writes": [
          "1195"
        ],
        "x-ms-correlation-request-id": [
          "453b0262-c724-4a54-8354-6bdbd8f3c1cf"
        ],
        "x-ms-routing-request-id": [
          "SOUTHEASTASIA:20210705T111826Z:453b0262-c724-4a54-8354-6bdbd8f3c1cf"
        ],
        "X-Content-Type-Options": [
          "nosniff"
        ],
        "Date": [
          "Mon, 05 Jul 2021 11:18:26 GMT"
        ],
        "Content-Length": [
          "438"
        ],
        "Content-Type": [
          "application/json"
        ],
        "Expires": [
          "-1"
        ]
      },
      "ResponseBody": "{\r\n  \"id\": \"/subscriptions/45b60d85-fd72-427a-a708-f994d26e593e/resourceGroups/pstestrg801/providers/Microsoft.Storage/storageAccounts/stopstestrg801/blobServices/default/containers/containerpstestrg801/immutabilityPolicies/default\",\r\n  \"name\": \"default\",\r\n  \"type\": \"Microsoft.Storage/storageAccounts/blobServices/containers/immutabilityPolicies\",\r\n  \"etag\": \"\\\"8d93fa69c0af859\\\"\",\r\n  \"properties\": {\r\n    \"immutabilityPeriodSinceCreationInDays\": 7,\r\n    \"state\": \"Unlocked\"\r\n  }\r\n}",
      "StatusCode": 200
    },
    {
      "RequestUri": "/subscriptions/45b60d85-fd72-427a-a708-f994d26e593e/resourceGroups/pstestrg801/providers/Microsoft.Storage/storageAccounts/stopstestrg801/blobServices/default/containers/containerpstestrg801/immutabilityPolicies/default?api-version=2021-04-01",
      "EncodedRequestUri": "L3N1YnNjcmlwdGlvbnMvNDViNjBkODUtZmQ3Mi00MjdhLWE3MDgtZjk5NGQyNmU1OTNlL3Jlc291cmNlR3JvdXBzL3BzdGVzdHJnODAxL3Byb3ZpZGVycy9NaWNyb3NvZnQuU3RvcmFnZS9zdG9yYWdlQWNjb3VudHMvc3RvcHN0ZXN0cmc4MDEvYmxvYlNlcnZpY2VzL2RlZmF1bHQvY29udGFpbmVycy9jb250YWluZXJwc3Rlc3RyZzgwMS9pbW11dGFiaWxpdHlQb2xpY2llcy9kZWZhdWx0P2FwaS12ZXJzaW9uPTIwMjEtMDQtMDE=",
      "RequestMethod": "DELETE",
      "RequestBody": "",
      "RequestHeaders": {
        "x-ms-client-request-id": [
          "10f2d48c-f256-423c-80f7-a3c79b706a7a"
        ],
        "If-Match": [
          "\"8d93fa69a83f7f0\""
        ],
        "Accept-Language": [
          "en-US"
        ],
        "User-Agent": [
          "FxVersion/4.6.30015.01",
          "OSName/Windows",
          "OSVersion/Microsoft.Windows.10.0.19043.",
          "Microsoft.Azure.Management.Storage.StorageManagementClient/22.0.0.0"
        ]
      },
      "ResponseHeaders": {
        "Cache-Control": [
          "no-cache"
        ],
        "Pragma": [
          "no-cache"
        ],
        "ETag": [
          "\"8d93fa69b51036e\""
        ],
        "x-ms-request-id": [
          "76920ed2-918f-4b8d-baab-05ae1d830d16"
        ],
        "Strict-Transport-Security": [
          "max-age=31536000; includeSubDomains"
        ],
        "Server": [
          "Microsoft-Azure-Storage-Resource-Provider/1.0,Microsoft-HTTPAPI/2.0 Microsoft-HTTPAPI/2.0"
        ],
        "x-ms-ratelimit-remaining-subscription-deletes": [
          "14999"
        ],
        "x-ms-correlation-request-id": [
          "ab124b9d-5992-4326-a782-422429cfac5d"
        ],
        "x-ms-routing-request-id": [
          "SOUTHEASTASIA:20210705T111825Z:ab124b9d-5992-4326-a782-422429cfac5d"
        ],
        "X-Content-Type-Options": [
          "nosniff"
        ],
        "Date": [
          "Mon, 05 Jul 2021 11:18:25 GMT"
        ],
        "Content-Length": [
          "437"
        ],
        "Content-Type": [
          "application/json"
        ],
        "Expires": [
          "-1"
        ]
      },
      "ResponseBody": "{\r\n  \"id\": \"/subscriptions/45b60d85-fd72-427a-a708-f994d26e593e/resourceGroups/pstestrg801/providers/Microsoft.Storage/storageAccounts/stopstestrg801/blobServices/default/containers/containerpstestrg801/immutabilityPolicies/default\",\r\n  \"name\": \"default\",\r\n  \"type\": \"Microsoft.Storage/storageAccounts/blobServices/containers/immutabilityPolicies\",\r\n  \"etag\": \"\\\"8d93fa69b51036e\\\"\",\r\n  \"properties\": {\r\n    \"immutabilityPeriodSinceCreationInDays\": 0,\r\n    \"state\": \"Deleted\"\r\n  }\r\n}",
      "StatusCode": 200
    },
    {
      "RequestUri": "/subscriptions/45b60d85-fd72-427a-a708-f994d26e593e/resourceGroups/pstestrg801/providers/Microsoft.Storage/storageAccounts/stopstestrg801/blobServices/default/containers/containerpstestrg801/immutabilityPolicies/default/lock?api-version=2021-04-01",
      "EncodedRequestUri": "L3N1YnNjcmlwdGlvbnMvNDViNjBkODUtZmQ3Mi00MjdhLWE3MDgtZjk5NGQyNmU1OTNlL3Jlc291cmNlR3JvdXBzL3BzdGVzdHJnODAxL3Byb3ZpZGVycy9NaWNyb3NvZnQuU3RvcmFnZS9zdG9yYWdlQWNjb3VudHMvc3RvcHN0ZXN0cmc4MDEvYmxvYlNlcnZpY2VzL2RlZmF1bHQvY29udGFpbmVycy9jb250YWluZXJwc3Rlc3RyZzgwMS9pbW11dGFiaWxpdHlQb2xpY2llcy9kZWZhdWx0L2xvY2s/YXBpLXZlcnNpb249MjAyMS0wNC0wMQ==",
      "RequestMethod": "POST",
      "RequestBody": "",
      "RequestHeaders": {
        "x-ms-client-request-id": [
          "ac0b902e-686f-440a-b614-89030048635c"
        ],
        "If-Match": [
          "\"8d93fa69c0af859\""
        ],
        "Accept-Language": [
          "en-US"
        ],
        "User-Agent": [
          "FxVersion/4.6.30015.01",
          "OSName/Windows",
          "OSVersion/Microsoft.Windows.10.0.19043.",
          "Microsoft.Azure.Management.Storage.StorageManagementClient/22.0.0.0"
        ]
      },
      "ResponseHeaders": {
        "Cache-Control": [
          "no-cache"
        ],
        "Pragma": [
          "no-cache"
        ],
        "ETag": [
          "\"8d93fa69cc9b576\""
        ],
        "x-ms-request-id": [
          "df184c10-33b7-4d01-9c14-46f36f6c671a"
        ],
        "Strict-Transport-Security": [
          "max-age=31536000; includeSubDomains"
        ],
        "Server": [
          "Microsoft-Azure-Storage-Resource-Provider/1.0,Microsoft-HTTPAPI/2.0 Microsoft-HTTPAPI/2.0"
        ],
        "x-ms-ratelimit-remaining-subscription-writes": [
          "1199"
        ],
        "x-ms-correlation-request-id": [
          "d407e203-8d29-4d47-8f7c-529f56039e71"
        ],
        "x-ms-routing-request-id": [
          "SOUTHEASTASIA:20210705T111827Z:d407e203-8d29-4d47-8f7c-529f56039e71"
        ],
        "X-Content-Type-Options": [
          "nosniff"
        ],
        "Date": [
          "Mon, 05 Jul 2021 11:18:27 GMT"
        ],
        "Content-Length": [
          "436"
        ],
        "Content-Type": [
          "application/json"
        ],
        "Expires": [
          "-1"
        ]
      },
      "ResponseBody": "{\r\n  \"id\": \"/subscriptions/45b60d85-fd72-427a-a708-f994d26e593e/resourceGroups/pstestrg801/providers/Microsoft.Storage/storageAccounts/stopstestrg801/blobServices/default/containers/containerpstestrg801/immutabilityPolicies/default\",\r\n  \"name\": \"default\",\r\n  \"type\": \"Microsoft.Storage/storageAccounts/blobServices/containers/immutabilityPolicies\",\r\n  \"etag\": \"\\\"8d93fa69cc9b576\\\"\",\r\n  \"properties\": {\r\n    \"immutabilityPeriodSinceCreationInDays\": 7,\r\n    \"state\": \"Locked\"\r\n  }\r\n}",
      "StatusCode": 200
    },
    {
      "RequestUri": "/subscriptions/45b60d85-fd72-427a-a708-f994d26e593e/resourceGroups/pstestrg801/providers/Microsoft.Storage/storageAccounts/stopstestrg801/blobServices/default/containers/containerpstestrg801/immutabilityPolicies/default/extend?api-version=2021-04-01",
      "EncodedRequestUri": "L3N1YnNjcmlwdGlvbnMvNDViNjBkODUtZmQ3Mi00MjdhLWE3MDgtZjk5NGQyNmU1OTNlL3Jlc291cmNlR3JvdXBzL3BzdGVzdHJnODAxL3Byb3ZpZGVycy9NaWNyb3NvZnQuU3RvcmFnZS9zdG9yYWdlQWNjb3VudHMvc3RvcHN0ZXN0cmc4MDEvYmxvYlNlcnZpY2VzL2RlZmF1bHQvY29udGFpbmVycy9jb250YWluZXJwc3Rlc3RyZzgwMS9pbW11dGFiaWxpdHlQb2xpY2llcy9kZWZhdWx0L2V4dGVuZD9hcGktdmVyc2lvbj0yMDIxLTA0LTAx",
      "RequestMethod": "POST",
      "RequestBody": "{\r\n  \"properties\": {\r\n    \"immutabilityPeriodSinceCreationInDays\": 20\r\n  }\r\n}",
      "RequestHeaders": {
        "x-ms-client-request-id": [
          "999a0288-d9c2-43fa-9f98-7589c5d953bb"
        ],
        "If-Match": [
          "\"8d93fa69cc9b576\""
        ],
        "Accept-Language": [
          "en-US"
        ],
        "User-Agent": [
          "FxVersion/4.6.30015.01",
          "OSName/Windows",
          "OSVersion/Microsoft.Windows.10.0.19043.",
          "Microsoft.Azure.Management.Storage.StorageManagementClient/22.0.0.0"
        ],
        "Content-Type": [
          "application/json; charset=utf-8"
        ],
        "Content-Length": [
          "77"
        ]
      },
      "ResponseHeaders": {
        "Cache-Control": [
          "no-cache"
        ],
        "Pragma": [
          "no-cache"
        ],
        "ETag": [
          "\"8d93fa69d7ccacf\""
        ],
        "x-ms-request-id": [
          "b17c85ba-99bd-4fe2-92df-1cb84b2b3d26"
        ],
        "Strict-Transport-Security": [
          "max-age=31536000; includeSubDomains"
        ],
        "Server": [
          "Microsoft-Azure-Storage-Resource-Provider/1.0,Microsoft-HTTPAPI/2.0 Microsoft-HTTPAPI/2.0"
        ],
        "x-ms-ratelimit-remaining-subscription-writes": [
          "1198"
        ],
        "x-ms-correlation-request-id": [
          "44553f0c-a172-44a2-9c7c-f00677677b2b"
        ],
        "x-ms-routing-request-id": [
          "SOUTHEASTASIA:20210705T111829Z:44553f0c-a172-44a2-9c7c-f00677677b2b"
        ],
        "X-Content-Type-Options": [
          "nosniff"
        ],
        "Date": [
          "Mon, 05 Jul 2021 11:18:28 GMT"
        ],
        "Content-Length": [
          "437"
        ],
        "Content-Type": [
          "application/json"
        ],
        "Expires": [
          "-1"
        ]
      },
      "ResponseBody": "{\r\n  \"id\": \"/subscriptions/45b60d85-fd72-427a-a708-f994d26e593e/resourceGroups/pstestrg801/providers/Microsoft.Storage/storageAccounts/stopstestrg801/blobServices/default/containers/containerpstestrg801/immutabilityPolicies/default\",\r\n  \"name\": \"default\",\r\n  \"type\": \"Microsoft.Storage/storageAccounts/blobServices/containers/immutabilityPolicies\",\r\n  \"etag\": \"\\\"8d93fa69d7ccacf\\\"\",\r\n  \"properties\": {\r\n    \"immutabilityPeriodSinceCreationInDays\": 20,\r\n    \"state\": \"Locked\"\r\n  }\r\n}",
      "StatusCode": 200
    },
    {
      "RequestUri": "/subscriptions/45b60d85-fd72-427a-a708-f994d26e593e/resourceGroups/pstestrg801/providers/Microsoft.Storage/storageAccounts/stopstestrg801/blobServices/default/containers/containerpstestrg801?api-version=2021-04-01",
      "EncodedRequestUri": "L3N1YnNjcmlwdGlvbnMvNDViNjBkODUtZmQ3Mi00MjdhLWE3MDgtZjk5NGQyNmU1OTNlL3Jlc291cmNlR3JvdXBzL3BzdGVzdHJnODAxL3Byb3ZpZGVycy9NaWNyb3NvZnQuU3RvcmFnZS9zdG9yYWdlQWNjb3VudHMvc3RvcHN0ZXN0cmc4MDEvYmxvYlNlcnZpY2VzL2RlZmF1bHQvY29udGFpbmVycy9jb250YWluZXJwc3Rlc3RyZzgwMT9hcGktdmVyc2lvbj0yMDIxLTA0LTAx",
      "RequestMethod": "DELETE",
      "RequestBody": "",
      "RequestHeaders": {
        "x-ms-client-request-id": [
          "8bbb5fd6-e76d-43bc-b028-4d81b6bf3f02"
        ],
        "Accept-Language": [
          "en-US"
        ],
        "User-Agent": [
          "FxVersion/4.6.30015.01",
          "OSName/Windows",
          "OSVersion/Microsoft.Windows.10.0.19043.",
          "Microsoft.Azure.Management.Storage.StorageManagementClient/22.0.0.0"
        ]
      },
      "ResponseHeaders": {
        "Cache-Control": [
          "no-cache"
        ],
        "Pragma": [
          "no-cache"
        ],
        "x-ms-request-id": [
          "a6500d4b-e9a3-497e-b0e1-ea492a330290"
        ],
        "Strict-Transport-Security": [
          "max-age=31536000; includeSubDomains"
        ],
        "Server": [
          "Microsoft-Azure-Storage-Resource-Provider/1.0,Microsoft-HTTPAPI/2.0 Microsoft-HTTPAPI/2.0"
        ],
        "x-ms-ratelimit-remaining-subscription-deletes": [
          "14998"
        ],
        "x-ms-correlation-request-id": [
          "70f579c8-7852-4d1c-b10b-12fc8fac68f6"
        ],
        "x-ms-routing-request-id": [
          "SOUTHEASTASIA:20210705T111830Z:70f579c8-7852-4d1c-b10b-12fc8fac68f6"
        ],
        "X-Content-Type-Options": [
          "nosniff"
        ],
        "Date": [
          "Mon, 05 Jul 2021 11:18:29 GMT"
        ],
        "Content-Type": [
          "text/plain; charset=utf-8"
        ],
        "Expires": [
          "-1"
        ],
        "Content-Length": [
          "0"
        ]
      },
      "ResponseBody": "",
      "StatusCode": 200
    },
    {
      "RequestUri": "/subscriptions/45b60d85-fd72-427a-a708-f994d26e593e/resourceGroups/pstestrg801/providers/Microsoft.Storage/storageAccounts/stopstestrg801/blobServices/default/containers?api-version=2021-04-01",
      "EncodedRequestUri": "L3N1YnNjcmlwdGlvbnMvNDViNjBkODUtZmQ3Mi00MjdhLWE3MDgtZjk5NGQyNmU1OTNlL3Jlc291cmNlR3JvdXBzL3BzdGVzdHJnODAxL3Byb3ZpZGVycy9NaWNyb3NvZnQuU3RvcmFnZS9zdG9yYWdlQWNjb3VudHMvc3RvcHN0ZXN0cmc4MDEvYmxvYlNlcnZpY2VzL2RlZmF1bHQvY29udGFpbmVycz9hcGktdmVyc2lvbj0yMDIxLTA0LTAx",
      "RequestMethod": "GET",
      "RequestBody": "",
      "RequestHeaders": {
        "x-ms-client-request-id": [
          "a7392103-2709-4a33-9d81-9d0b9d05bfcb"
        ],
        "Accept-Language": [
          "en-US"
        ],
        "User-Agent": [
          "FxVersion/4.6.30015.01",
          "OSName/Windows",
          "OSVersion/Microsoft.Windows.10.0.19043.",
          "Microsoft.Azure.Management.Storage.StorageManagementClient/22.0.0.0"
        ]
      },
      "ResponseHeaders": {
        "Cache-Control": [
          "no-cache"
        ],
        "Pragma": [
          "no-cache"
        ],
        "x-ms-request-id": [
          "6ce141cf-dd63-45af-9823-d41b5167c4dd"
        ],
        "Strict-Transport-Security": [
          "max-age=31536000; includeSubDomains"
        ],
        "Server": [
          "Microsoft-Azure-Storage-Resource-Provider/1.0,Microsoft-HTTPAPI/2.0 Microsoft-HTTPAPI/2.0"
        ],
        "x-ms-ratelimit-remaining-subscription-reads": [
          "11980"
        ],
        "x-ms-correlation-request-id": [
          "1883ddda-f363-4c79-a413-7c9506abcdac"
        ],
        "x-ms-routing-request-id": [
          "SOUTHEASTASIA:20210705T111830Z:1883ddda-f363-4c79-a413-7c9506abcdac"
        ],
        "X-Content-Type-Options": [
          "nosniff"
        ],
        "Date": [
          "Mon, 05 Jul 2021 11:18:30 GMT"
        ],
        "Content-Length": [
          "12"
        ],
        "Content-Type": [
          "application/json"
        ],
        "Expires": [
          "-1"
        ]
      },
      "ResponseBody": "{\r\n  \"value\": []\r\n}",
      "StatusCode": 200
    },
    {
      "RequestUri": "/subscriptions/45b60d85-fd72-427a-a708-f994d26e593e/resourceGroups/pstestrg801/providers/Microsoft.Storage/storageAccounts/stopstestrg801?api-version=2021-04-01",
      "EncodedRequestUri": "L3N1YnNjcmlwdGlvbnMvNDViNjBkODUtZmQ3Mi00MjdhLWE3MDgtZjk5NGQyNmU1OTNlL3Jlc291cmNlR3JvdXBzL3BzdGVzdHJnODAxL3Byb3ZpZGVycy9NaWNyb3NvZnQuU3RvcmFnZS9zdG9yYWdlQWNjb3VudHMvc3RvcHN0ZXN0cmc4MDE/YXBpLXZlcnNpb249MjAyMS0wNC0wMQ==",
      "RequestMethod": "DELETE",
      "RequestBody": "",
      "RequestHeaders": {
        "x-ms-client-request-id": [
          "6a2a652d-f4ab-4a6c-9e2d-ae4e2b8853c5"
        ],
        "Accept-Language": [
          "en-US"
        ],
        "User-Agent": [
          "FxVersion/4.6.30015.01",
          "OSName/Windows",
          "OSVersion/Microsoft.Windows.10.0.19043.",
          "Microsoft.Azure.Management.Storage.StorageManagementClient/22.0.0.0"
        ]
      },
      "ResponseHeaders": {
        "Cache-Control": [
          "no-cache"
        ],
        "Pragma": [
          "no-cache"
        ],
        "x-ms-request-id": [
          "7658f31e-db50-469f-921a-d0dbd388f865"
        ],
        "Strict-Transport-Security": [
          "max-age=31536000; includeSubDomains"
        ],
        "Server": [
          "Microsoft-Azure-Storage-Resource-Provider/1.0,Microsoft-HTTPAPI/2.0 Microsoft-HTTPAPI/2.0"
        ],
        "x-ms-ratelimit-remaining-subscription-deletes": [
          "14997"
        ],
        "x-ms-correlation-request-id": [
          "0753c2db-f255-4411-a97d-8d90c18b8563"
        ],
        "x-ms-routing-request-id": [
          "SOUTHEASTASIA:20210705T111836Z:0753c2db-f255-4411-a97d-8d90c18b8563"
        ],
        "X-Content-Type-Options": [
          "nosniff"
        ],
        "Date": [
          "Mon, 05 Jul 2021 11:18:36 GMT"
        ],
        "Content-Type": [
          "text/plain; charset=utf-8"
        ],
        "Expires": [
          "-1"
        ],
        "Content-Length": [
          "0"
        ]
      },
      "ResponseBody": "",
      "StatusCode": 200
    },
    {
      "RequestUri": "/subscriptions/45b60d85-fd72-427a-a708-f994d26e593e/resourcegroups/pstestrg801?api-version=2016-09-01",
      "EncodedRequestUri": "L3N1YnNjcmlwdGlvbnMvNDViNjBkODUtZmQ3Mi00MjdhLWE3MDgtZjk5NGQyNmU1OTNlL3Jlc291cmNlZ3JvdXBzL3BzdGVzdHJnODAxP2FwaS12ZXJzaW9uPTIwMTYtMDktMDE=",
      "RequestMethod": "DELETE",
      "RequestBody": "",
      "RequestHeaders": {
        "x-ms-client-request-id": [
          "68a9b9bc-e4d8-4739-a521-243d5b8086f4"
        ],
        "Accept-Language": [
          "en-US"
        ],
        "User-Agent": [
          "FxVersion/4.6.30015.01",
          "OSName/Windows",
          "OSVersion/Microsoft.Windows.10.0.19043.",
          "Microsoft.Azure.Management.Internal.Resources.ResourceManagementClient/1.3.39"
        ]
      },
      "ResponseHeaders": {
        "Cache-Control": [
          "no-cache"
        ],
        "Pragma": [
          "no-cache"
        ],
        "Location": [
          "https://management.azure.com/subscriptions/45b60d85-fd72-427a-a708-f994d26e593e/operationresults/eyJqb2JJZCI6IlJFU09VUkNFR1JPVVBERUxFVElPTkpPQi1QU1RFU1RSRzgwMS1FQVNUVVMyRVVBUCIsImpvYkxvY2F0aW9uIjoiZWFzdHVzMmV1YXAifQ?api-version=2016-09-01"
        ],
        "Retry-After": [
          "15"
        ],
        "x-ms-ratelimit-remaining-subscription-deletes": [
          "14999"
        ],
        "x-ms-request-id": [
          "abbd6eb1-bd97-44e9-8348-02608437efda"
        ],
        "x-ms-correlation-request-id": [
          "abbd6eb1-bd97-44e9-8348-02608437efda"
        ],
        "x-ms-routing-request-id": [
          "SOUTHEASTASIA:20210705T111840Z:abbd6eb1-bd97-44e9-8348-02608437efda"
        ],
        "Strict-Transport-Security": [
          "max-age=31536000; includeSubDomains"
        ],
        "X-Content-Type-Options": [
          "nosniff"
        ],
        "Date": [
          "Mon, 05 Jul 2021 11:18:40 GMT"
        ],
        "Expires": [
          "-1"
        ],
        "Content-Length": [
          "0"
        ]
      },
      "ResponseBody": "",
      "StatusCode": 202
    },
    {
      "RequestUri": "/subscriptions/45b60d85-fd72-427a-a708-f994d26e593e/operationresults/eyJqb2JJZCI6IlJFU09VUkNFR1JPVVBERUxFVElPTkpPQi1QU1RFU1RSRzgwMS1FQVNUVVMyRVVBUCIsImpvYkxvY2F0aW9uIjoiZWFzdHVzMmV1YXAifQ?api-version=2016-09-01",
      "EncodedRequestUri": "L3N1YnNjcmlwdGlvbnMvNDViNjBkODUtZmQ3Mi00MjdhLWE3MDgtZjk5NGQyNmU1OTNlL29wZXJhdGlvbnJlc3VsdHMvZXlKcWIySkpaQ0k2SWxKRlUwOVZVa05GUjFKUFZWQkVSVXhGVkVsUFRrcFBRaTFRVTFSRlUxUlNSemd3TVMxRlFWTlVWVk15UlZWQlVDSXNJbXB2WWt4dlkyRjBhVzl1SWpvaVpXRnpkSFZ6TW1WMVlYQWlmUT9hcGktdmVyc2lvbj0yMDE2LTA5LTAx",
      "RequestMethod": "GET",
      "RequestBody": "",
      "RequestHeaders": {
        "User-Agent": [
          "FxVersion/4.6.30015.01",
          "OSName/Windows",
          "OSVersion/Microsoft.Windows.10.0.19043.",
          "Microsoft.Azure.Management.Internal.Resources.ResourceManagementClient/1.3.39"
        ]
      },
      "ResponseHeaders": {
        "Cache-Control": [
          "no-cache"
        ],
        "Pragma": [
          "no-cache"
        ],
        "Location": [
          "https://management.azure.com/subscriptions/45b60d85-fd72-427a-a708-f994d26e593e/operationresults/eyJqb2JJZCI6IlJFU09VUkNFR1JPVVBERUxFVElPTkpPQi1QU1RFU1RSRzgwMS1FQVNUVVMyRVVBUCIsImpvYkxvY2F0aW9uIjoiZWFzdHVzMmV1YXAifQ?api-version=2016-09-01"
        ],
        "Retry-After": [
          "15"
        ],
        "x-ms-ratelimit-remaining-subscription-reads": [
          "11998"
        ],
        "x-ms-request-id": [
          "efd0f0e9-9a0e-44d3-b0c4-e2eead48b8df"
        ],
        "x-ms-correlation-request-id": [
          "efd0f0e9-9a0e-44d3-b0c4-e2eead48b8df"
        ],
        "x-ms-routing-request-id": [
          "SOUTHEASTASIA:20210705T111856Z:efd0f0e9-9a0e-44d3-b0c4-e2eead48b8df"
        ],
        "Strict-Transport-Security": [
          "max-age=31536000; includeSubDomains"
        ],
        "X-Content-Type-Options": [
          "nosniff"
        ],
        "Date": [
          "Mon, 05 Jul 2021 11:18:55 GMT"
        ],
        "Expires": [
          "-1"
        ],
        "Content-Length": [
          "0"
        ]
      },
      "ResponseBody": "",
      "StatusCode": 202
    },
    {
      "RequestUri": "/subscriptions/45b60d85-fd72-427a-a708-f994d26e593e/operationresults/eyJqb2JJZCI6IlJFU09VUkNFR1JPVVBERUxFVElPTkpPQi1QU1RFU1RSRzgwMS1FQVNUVVMyRVVBUCIsImpvYkxvY2F0aW9uIjoiZWFzdHVzMmV1YXAifQ?api-version=2016-09-01",
      "EncodedRequestUri": "L3N1YnNjcmlwdGlvbnMvNDViNjBkODUtZmQ3Mi00MjdhLWE3MDgtZjk5NGQyNmU1OTNlL29wZXJhdGlvbnJlc3VsdHMvZXlKcWIySkpaQ0k2SWxKRlUwOVZVa05GUjFKUFZWQkVSVXhGVkVsUFRrcFBRaTFRVTFSRlUxUlNSemd3TVMxRlFWTlVWVk15UlZWQlVDSXNJbXB2WWt4dlkyRjBhVzl1SWpvaVpXRnpkSFZ6TW1WMVlYQWlmUT9hcGktdmVyc2lvbj0yMDE2LTA5LTAx",
      "RequestMethod": "GET",
      "RequestBody": "",
      "RequestHeaders": {
        "User-Agent": [
          "FxVersion/4.6.30015.01",
          "OSName/Windows",
          "OSVersion/Microsoft.Windows.10.0.19043.",
          "Microsoft.Azure.Management.Internal.Resources.ResourceManagementClient/1.3.39"
        ]
      },
      "ResponseHeaders": {
        "Cache-Control": [
          "no-cache"
        ],
        "Pragma": [
          "no-cache"
        ],
        "Location": [
          "https://management.azure.com/subscriptions/45b60d85-fd72-427a-a708-f994d26e593e/operationresults/eyJqb2JJZCI6IlJFU09VUkNFR1JPVVBERUxFVElPTkpPQi1QU1RFU1RSRzgwMS1FQVNUVVMyRVVBUCIsImpvYkxvY2F0aW9uIjoiZWFzdHVzMmV1YXAifQ?api-version=2016-09-01"
        ],
        "Retry-After": [
          "15"
        ],
        "x-ms-ratelimit-remaining-subscription-reads": [
          "11997"
        ],
        "x-ms-request-id": [
          "99a0964a-65a8-44ff-8e8c-fb4d6c3c4e74"
        ],
        "x-ms-correlation-request-id": [
          "99a0964a-65a8-44ff-8e8c-fb4d6c3c4e74"
        ],
        "x-ms-routing-request-id": [
          "SOUTHEASTASIA:20210705T111911Z:99a0964a-65a8-44ff-8e8c-fb4d6c3c4e74"
        ],
        "Strict-Transport-Security": [
          "max-age=31536000; includeSubDomains"
        ],
        "X-Content-Type-Options": [
          "nosniff"
        ],
        "Date": [
          "Mon, 05 Jul 2021 11:19:11 GMT"
        ],
        "Expires": [
          "-1"
        ],
        "Content-Length": [
          "0"
        ]
      },
      "ResponseBody": "",
      "StatusCode": 202
    },
    {
      "RequestUri": "/subscriptions/45b60d85-fd72-427a-a708-f994d26e593e/operationresults/eyJqb2JJZCI6IlJFU09VUkNFR1JPVVBERUxFVElPTkpPQi1QU1RFU1RSRzgwMS1FQVNUVVMyRVVBUCIsImpvYkxvY2F0aW9uIjoiZWFzdHVzMmV1YXAifQ?api-version=2016-09-01",
      "EncodedRequestUri": "L3N1YnNjcmlwdGlvbnMvNDViNjBkODUtZmQ3Mi00MjdhLWE3MDgtZjk5NGQyNmU1OTNlL29wZXJhdGlvbnJlc3VsdHMvZXlKcWIySkpaQ0k2SWxKRlUwOVZVa05GUjFKUFZWQkVSVXhGVkVsUFRrcFBRaTFRVTFSRlUxUlNSemd3TVMxRlFWTlVWVk15UlZWQlVDSXNJbXB2WWt4dlkyRjBhVzl1SWpvaVpXRnpkSFZ6TW1WMVlYQWlmUT9hcGktdmVyc2lvbj0yMDE2LTA5LTAx",
      "RequestMethod": "GET",
      "RequestBody": "",
      "RequestHeaders": {
        "User-Agent": [
          "FxVersion/4.6.30015.01",
          "OSName/Windows",
          "OSVersion/Microsoft.Windows.10.0.19043.",
          "Microsoft.Azure.Management.Internal.Resources.ResourceManagementClient/1.3.39"
        ]
      },
      "ResponseHeaders": {
        "Cache-Control": [
          "no-cache"
        ],
        "Pragma": [
          "no-cache"
        ],
        "x-ms-ratelimit-remaining-subscription-reads": [
          "11996"
        ],
        "x-ms-request-id": [
          "188f0f94-5946-4008-8098-cd3d8a045aae"
        ],
        "x-ms-correlation-request-id": [
          "188f0f94-5946-4008-8098-cd3d8a045aae"
        ],
        "x-ms-routing-request-id": [
          "SOUTHEASTASIA:20210705T111927Z:188f0f94-5946-4008-8098-cd3d8a045aae"
        ],
        "Strict-Transport-Security": [
          "max-age=31536000; includeSubDomains"
        ],
        "X-Content-Type-Options": [
          "nosniff"
        ],
        "Date": [
          "Mon, 05 Jul 2021 11:19:26 GMT"
        ],
        "Expires": [
          "-1"
        ],
        "Content-Length": [
          "0"
        ]
      },
      "ResponseBody": "",
      "StatusCode": 200
    },
    {
      "RequestUri": "/subscriptions/45b60d85-fd72-427a-a708-f994d26e593e/operationresults/eyJqb2JJZCI6IlJFU09VUkNFR1JPVVBERUxFVElPTkpPQi1QU1RFU1RSRzgwMS1FQVNUVVMyRVVBUCIsImpvYkxvY2F0aW9uIjoiZWFzdHVzMmV1YXAifQ?api-version=2016-09-01",
      "EncodedRequestUri": "L3N1YnNjcmlwdGlvbnMvNDViNjBkODUtZmQ3Mi00MjdhLWE3MDgtZjk5NGQyNmU1OTNlL29wZXJhdGlvbnJlc3VsdHMvZXlKcWIySkpaQ0k2SWxKRlUwOVZVa05GUjFKUFZWQkVSVXhGVkVsUFRrcFBRaTFRVTFSRlUxUlNSemd3TVMxRlFWTlVWVk15UlZWQlVDSXNJbXB2WWt4dlkyRjBhVzl1SWpvaVpXRnpkSFZ6TW1WMVlYQWlmUT9hcGktdmVyc2lvbj0yMDE2LTA5LTAx",
      "RequestMethod": "GET",
      "RequestBody": "",
      "RequestHeaders": {
        "User-Agent": [
          "FxVersion/4.6.30015.01",
          "OSName/Windows",
          "OSVersion/Microsoft.Windows.10.0.19043.",
          "Microsoft.Azure.Management.Internal.Resources.ResourceManagementClient/1.3.39"
        ]
      },
      "ResponseHeaders": {
        "Cache-Control": [
          "no-cache"
        ],
        "Pragma": [
          "no-cache"
        ],
        "x-ms-ratelimit-remaining-subscription-reads": [
          "11995"
        ],
        "x-ms-request-id": [
          "91f3e48a-aa5d-4e1b-8487-0c3c01bd5150"
        ],
        "x-ms-correlation-request-id": [
          "91f3e48a-aa5d-4e1b-8487-0c3c01bd5150"
        ],
        "x-ms-routing-request-id": [
          "SOUTHEASTASIA:20210705T111928Z:91f3e48a-aa5d-4e1b-8487-0c3c01bd5150"
        ],
        "Strict-Transport-Security": [
          "max-age=31536000; includeSubDomains"
        ],
        "X-Content-Type-Options": [
          "nosniff"
        ],
        "Date": [
          "Mon, 05 Jul 2021 11:19:27 GMT"
        ],
        "Expires": [
          "-1"
        ],
        "Content-Length": [
          "0"
        ]
      },
      "ResponseBody": "",
      "StatusCode": 200
    }
  ],
  "Names": {
    "Test-StorageBlobContainerImmutabilityPolicy": [
      "pstestrg801"
    ]
  },
  "Variables": {
    "SubscriptionId": "45b60d85-fd72-427a-a708-f994d26e593e"
  }
}