{
  "Get-AzNetworkSecurityPerimeterLoggingConfiguration+[NoContext]+Get+$GET+https://management.azure.com/subscriptions/3846cb0f-4afa-47ee-8ea4-1c8449c8c8d9/resourceGroups/psrg_tp3iv/providers/Microsoft.Network/networkSecurityPerimeters/tp3ivt-nsp13/loggingConfigurations/instance?api-version=2024-07-01+1": {
    "Request": {
      "Method": "GET",
      "RequestUri": "https://management.azure.com/subscriptions/3846cb0f-4afa-47ee-8ea4-1c8449c8c8d9/resourceGroups/psrg_tp3iv/providers/Microsoft.Network/networkSecurityPerimeters/tp3ivt-nsp13/loggingConfigurations/instance?api-version=2024-07-01",
      "Content": null,
      "isContentBase64": false,
      "Headers": {
        "x-ms-unique-id": [ "28" ],
        "x-ms-client-request-id": [ "abbb6c35-ad9e-4b52-b90b-1c77bb1a726a" ],
        "CommandName": [ "Get-AzNetworkSecurityPerimeterLoggingConfiguration" ],
        "FullCommandName": [ "Get-AzNetworkSecurityPerimeterLoggingConfiguration_Get" ],
        "ParameterSetName": [ "__AllParameterSets" ],
        "User-Agent": [ "AzurePowershell/v10.2.0", "PSVersion/v7.4.7", "Az.NetworkSecurityPerimeter/0.1.0" ],
        "Authorization": [ "[Filtered]" ]
      },
      "ContentHeaders": {
      }
    },
    "Response": {
      "StatusCode": 200,
      "Headers": {
        "Cache-Control": [ "no-cache" ],
        "Pragma": [ "no-cache" ],
        "Strict-Transport-Security": [ "max-age=31536000; includeSubDomains" ],
        "x-ms-operation-identifier": [ "tenantId=72f988bf-86f1-41af-91ab-2d7cd011db47,objectId=37ca76fe-83f1-4c59-823b-b1953db8111c/eastus/dbe647d4-c164-4e17-8745-4e06e677a79f" ],
        "x-ms-ratelimit-remaining-subscription-reads": [ "1099" ],
        "x-ms-ratelimit-remaining-subscription-global-reads": [ "16499" ],
        "x-ms-request-id": [ "2184add4-67e8-4c2c-a4f9-11b9bb18cf98" ],
        "x-ms-correlation-request-id": [ "2184add4-67e8-4c2c-a4f9-11b9bb18cf98" ],
        "x-ms-routing-request-id": [ "EASTUS:20250515T071703Z:2184add4-67e8-4c2c-a4f9-11b9bb18cf98" ],
        "X-Content-Type-Options": [ "nosniff" ],
        "X-Cache": [ "CONFIG_NOCACHE" ],
        "X-MSEdge-Ref": [ "Ref A: 17DFBE01303040678FFEA4FA01A76AFF Ref B: MNZ221060608039 Ref C: 2025-05-15T07:17:01Z" ],
        "Date": [ "Thu, 15 May 2025 07:17:02 GMT" ]
      },
      "ContentHeaders": {
        "Content-Length": [ "353" ],
        "Content-Type": [ "application/json; charset=utf-8" ],
        "Expires": [ "-1" ]
      },
      "Content": "{\"name\":\"instance\",\"id\":\"/subscriptions/3846cb0f-4afa-47ee-8ea4-1c8449c8c8d9/resourceGroups/psrg_tp3iv/providers/Microsoft.Network/networkSecurityPerimeters/tp3ivt-nsp13/loggingConfigurations/instance\",\"type\":\"Microsoft.Network/networkSecurityPerimeters/loggingConfigurations\",\"properties\":{\"version\":\"0\",\"enabledLogCategories\":[],\"destinationType\":[]}}",
      "isContentBase64": false
    }
  },
  "Get-AzNetworkSecurityPerimeterLoggingConfiguration+[NoContext]+GetViaIdentity+$GET+https://management.azure.com/subscriptions/3846cb0f-4afa-47ee-8ea4-1c8449c8c8d9/resourceGroups/psrg_tp3iv/providers/Microsoft.Network/networkSecurityPerimeters/tp3ivt-nsp13/loggingConfigurations/instance?api-version=2024-07-01+1": {
    "Request": {
      "Method": "GET",
      "RequestUri": "https://management.azure.com/subscriptions/3846cb0f-4afa-47ee-8ea4-1c8449c8c8d9/resourceGroups/psrg_tp3iv/providers/Microsoft.Network/networkSecurityPerimeters/tp3ivt-nsp13/loggingConfigurations/instance?api-version=2024-07-01",
      "Content": null,
      "isContentBase64": false,
      "Headers": {
        "x-ms-unique-id": [ "29" ],
        "x-ms-client-request-id": [ "f1ccfaf5-aeeb-4219-ab36-6f09f93f4600" ],
        "CommandName": [ "Get-AzNetworkSecurityPerimeterLoggingConfiguration" ],
        "FullCommandName": [ "Get-AzNetworkSecurityPerimeterLoggingConfiguration_Get" ],
        "ParameterSetName": [ "__AllParameterSets" ],
        "User-Agent": [ "AzurePowershell/v10.2.0", "PSVersion/v7.4.7", "Az.NetworkSecurityPerimeter/0.1.0" ],
        "Authorization": [ "[Filtered]" ]
      },
      "ContentHeaders": {
      }
    },
    "Response": {
      "StatusCode": 200,
      "Headers": {
        "Cache-Control": [ "no-cache" ],
        "Pragma": [ "no-cache" ],
        "Strict-Transport-Security": [ "max-age=31536000; includeSubDomains" ],
        "x-ms-operation-identifier": [ "tenantId=72f988bf-86f1-41af-91ab-2d7cd011db47,objectId=37ca76fe-83f1-4c59-823b-b1953db8111c/eastus/83480b7b-88a0-4a0e-a4b0-947bd1259ec6" ],
        "x-ms-ratelimit-remaining-subscription-reads": [ "1099" ],
        "x-ms-ratelimit-remaining-subscription-global-reads": [ "16499" ],
        "x-ms-request-id": [ "0b9ea80d-be1a-45eb-9650-1c04abd20bfd" ],
        "x-ms-correlation-request-id": [ "0b9ea80d-be1a-45eb-9650-1c04abd20bfd" ],
        "x-ms-routing-request-id": [ "EASTUS:20250515T071704Z:0b9ea80d-be1a-45eb-9650-1c04abd20bfd" ],
        "X-Content-Type-Options": [ "nosniff" ],
        "X-Cache": [ "CONFIG_NOCACHE" ],
        "X-MSEdge-Ref": [ "Ref A: F4D466C150284CD482EC8BB123E6CC3A Ref B: MNZ221060608039 Ref C: 2025-05-15T07:17:03Z" ],
        "Date": [ "Thu, 15 May 2025 07:17:03 GMT" ]
      },
      "ContentHeaders": {
        "Content-Length": [ "353" ],
        "Content-Type": [ "application/json; charset=utf-8" ],
        "Expires": [ "-1" ]
      },
      "Content": "{\"name\":\"instance\",\"id\":\"/subscriptions/3846cb0f-4afa-47ee-8ea4-1c8449c8c8d9/resourceGroups/psrg_tp3iv/providers/Microsoft.Network/networkSecurityPerimeters/tp3ivt-nsp13/loggingConfigurations/instance\",\"type\":\"Microsoft.Network/networkSecurityPerimeters/loggingConfigurations\",\"properties\":{\"version\":\"0\",\"enabledLogCategories\":[],\"destinationType\":[]}}",
      "isContentBase64": false
    }
  },
  "Get-AzNetworkSecurityPerimeterLoggingConfiguration+[NoContext]+GetViaIdentity+$GET+https://management.azure.com/subscriptions/3846cb0f-4afa-47ee-8ea4-1c8449c8c8d9/resourceGroups/psrg_tp3iv/providers/Microsoft.Network/networkSecurityPerimeters/tp3ivt-nsp13/loggingConfigurations/instance?api-version=2024-07-01+2": {
    "Request": {
      "Method": "GET",
      "RequestUri": "https://management.azure.com/subscriptions/3846cb0f-4afa-47ee-8ea4-1c8449c8c8d9/resourceGroups/psrg_tp3iv/providers/Microsoft.Network/networkSecurityPerimeters/tp3ivt-nsp13/loggingConfigurations/instance?api-version=2024-07-01",
      "Content": null,
      "isContentBase64": false,
      "Headers": {
        "x-ms-unique-id": [ "30" ],
        "x-ms-client-request-id": [ "975efcf9-d810-42f3-87f9-2349379d7b78" ],
        "CommandName": [ "Get-AzNetworkSecurityPerimeterLoggingConfiguration" ],
        "FullCommandName": [ "Get-AzNetworkSecurityPerimeterLoggingConfiguration_GetViaIdentity" ],
        "ParameterSetName": [ "__AllParameterSets" ],
        "User-Agent": [ "AzurePowershell/v10.2.0", "PSVersion/v7.4.7", "Az.NetworkSecurityPerimeter/0.1.0" ],
        "Authorization": [ "[Filtered]" ]
      },
      "ContentHeaders": {
      }
    },
    "Response": {
      "StatusCode": 200,
      "Headers": {
        "Cache-Control": [ "no-cache" ],
        "Pragma": [ "no-cache" ],
        "Strict-Transport-Security": [ "max-age=31536000; includeSubDomains" ],
        "x-ms-operation-identifier": [ "tenantId=72f988bf-86f1-41af-91ab-2d7cd011db47,objectId=37ca76fe-83f1-4c59-823b-b1953db8111c/eastus/27879a39-088e-49f3-901f-aaf1bd4d74a4" ],
        "x-ms-ratelimit-remaining-subscription-reads": [ "1099" ],
        "x-ms-ratelimit-remaining-subscription-global-reads": [ "16499" ],
        "x-ms-request-id": [ "2347cdc1-ee52-438f-91e8-09360cefe0f4" ],
        "x-ms-correlation-request-id": [ "2347cdc1-ee52-438f-91e8-09360cefe0f4" ],
        "x-ms-routing-request-id": [ "EASTUS:20250515T071704Z:2347cdc1-ee52-438f-91e8-09360cefe0f4" ],
        "X-Content-Type-Options": [ "nosniff" ],
        "X-Cache": [ "CONFIG_NOCACHE" ],
        "X-MSEdge-Ref": [ "Ref A: 279EA52BC75445DAA358076EE0528B86 Ref B: MNZ221060608039 Ref C: 2025-05-15T07:17:04Z" ],
        "Date": [ "Thu, 15 May 2025 07:17:04 GMT" ]
      },
      "ContentHeaders": {
        "Content-Length": [ "353" ],
        "Content-Type": [ "application/json; charset=utf-8" ],
        "Expires": [ "-1" ]
      },
      "Content": "{\"name\":\"instance\",\"id\":\"/subscriptions/3846cb0f-4afa-47ee-8ea4-1c8449c8c8d9/resourceGroups/psrg_tp3iv/providers/Microsoft.Network/networkSecurityPerimeters/tp3ivt-nsp13/loggingConfigurations/instance\",\"type\":\"Microsoft.Network/networkSecurityPerimeters/loggingConfigurations\",\"properties\":{\"version\":\"0\",\"enabledLogCategories\":[],\"destinationType\":[]}}",
      "isContentBase64": false
    }
  }
}