{
  "Get-AzNetworkSecurityPerimeterAccessRule+[NoContext]+List+$GET+https://management.azure.com/subscriptions/3846cb0f-4afa-47ee-8ea4-1c8449c8c8d9/resourceGroups/kumarkaushal-PS-RG-1/providers/Microsoft.Network/networkSecurityPerimeters/tgnhlt-nsp1/profiles/t-profile1/accessRules?api-version=2021-02-01-preview+1": {
    "Request": {
      "Method": "GET",
      "RequestUri": "https://management.azure.com/subscriptions/3846cb0f-4afa-47ee-8ea4-1c8449c8c8d9/resourceGroups/kumarkaushal-PS-RG-1/providers/Microsoft.Network/networkSecurityPerimeters/tgnhlt-nsp1/profiles/t-profile1/accessRules?api-version=2021-02-01-preview",
      "Content": null,
      "isContentBase64": false,
      "Headers": {
        "x-ms-unique-id": [ "6" ],
        "x-ms-client-request-id": [ "3f14a5ab-6b68-4c3a-b9c2-b93542009dfc" ],
        "CommandName": [ "Get-AzNetworkSecurityPerimeterAccessRule" ],
        "FullCommandName": [ "Get-AzNetworkSecurityPerimeterAccessRule_List" ],
        "ParameterSetName": [ "__AllParameterSets" ],
        "User-Agent": [ "AzurePowershell/v8.0.0", "PSVersion/v7.2.5", "Az.NetworkSecurityPerimeter/0.1.0" ],
        "Authorization": [ "[Filtered]" ]
      },
      "ContentHeaders": {
      }
    },
    "Response": {
      "StatusCode": 200,
      "Headers": {
        "Cache-Control": [ "no-cache" ],
        "Pragma": [ "no-cache" ],
        "x-ms-ratelimit-remaining-subscription-reads": [ "11995" ],
        "Strict-Transport-Security": [ "max-age=31536000; includeSubDomains" ],
        "Server": [ "Kestrel" ],
        "x-ms-request-id": [ "7eb850f6-3338-4bdb-88bc-b33d38026e92" ],
        "x-ms-correlation-request-id": [ "7eb850f6-3338-4bdb-88bc-b33d38026e92" ],
        "x-ms-routing-request-id": [ "JIOINDIACENTRAL:20220818T081847Z:7eb850f6-3338-4bdb-88bc-b33d38026e92" ],
        "X-Content-Type-Options": [ "nosniff" ],
        "Date": [ "Thu, 18 Aug 2022 08:18:46 GMT" ]
      },
      "ContentHeaders": {
        "Content-Length": [ "965" ],
        "Content-Type": [ "application/json; charset=utf-8" ],
        "Expires": [ "-1" ]
      },
      "Content": "{\"nextLink\":\"\",\"value\":[{\"name\":\"t-ar1\",\"id\":\"/subscriptions/3846cb0f-4afa-47ee-8ea4-1c8449c8c8d9/resourceGroups/kumarkaushal-PS-RG-1/providers/Microsoft.Network/networkSecurityPerimeters/tgnhlt-nsp1/profiles/t-profile1/accessRules/t-ar1\",\"type\":\"Microsoft.Network/networkSecurityPerimeters/profiles/accessRules\",\"properties\":{\"provisioningState\":\"Succeeded\",\"direction\":\"Inbound\",\"addressPrefixes\":[\"10.10.0.0/16\"],\"fullyQualifiedDomainNames\":[],\"subscriptions\":[],\"networkSecurityPerimeters\":[]}},{\"name\":\"t-ar2\",\"id\":\"/subscriptions/3846cb0f-4afa-47ee-8ea4-1c8449c8c8d9/resourceGroups/kumarkaushal-PS-RG-1/providers/Microsoft.Network/networkSecurityPerimeters/tgnhlt-nsp1/profiles/t-profile1/accessRules/t-ar2\",\"type\":\"Microsoft.Network/networkSecurityPerimeters/profiles/accessRules\",\"properties\":{\"provisioningState\":\"Succeeded\",\"direction\":\"Outbound\",\"addressPrefixes\":[],\"fullyQualifiedDomainNames\":[\"*\"],\"subscriptions\":[],\"networkSecurityPerimeters\":[]}}]}",
      "isContentBase64": false
    }
  },
  "Get-AzNetworkSecurityPerimeterAccessRule+[NoContext]+Get+$GET+https://management.azure.com/subscriptions/3846cb0f-4afa-47ee-8ea4-1c8449c8c8d9/resourceGroups/kumarkaushal-PS-RG-1/providers/Microsoft.Network/networkSecurityPerimeters/tgnhlt-nsp1/profiles/t-profile1/accessRules/t-ar1?api-version=2021-02-01-preview+1": {
    "Request": {
      "Method": "GET",
      "RequestUri": "https://management.azure.com/subscriptions/3846cb0f-4afa-47ee-8ea4-1c8449c8c8d9/resourceGroups/kumarkaushal-PS-RG-1/providers/Microsoft.Network/networkSecurityPerimeters/tgnhlt-nsp1/profiles/t-profile1/accessRules/t-ar1?api-version=2021-02-01-preview",
      "Content": null,
      "isContentBase64": false,
      "Headers": {
        "x-ms-unique-id": [ "7" ],
        "x-ms-client-request-id": [ "004cd762-52e7-404c-828e-6fd3339f0fb3" ],
        "CommandName": [ "Get-AzNetworkSecurityPerimeterAccessRule" ],
        "FullCommandName": [ "Get-AzNetworkSecurityPerimeterAccessRule_Get" ],
        "ParameterSetName": [ "__AllParameterSets" ],
        "User-Agent": [ "AzurePowershell/v8.0.0", "PSVersion/v7.2.5", "Az.NetworkSecurityPerimeter/0.1.0" ],
        "Authorization": [ "[Filtered]" ]
      },
      "ContentHeaders": {
      }
    },
    "Response": {
      "StatusCode": 200,
      "Headers": {
        "Cache-Control": [ "no-cache" ],
        "Pragma": [ "no-cache" ],
        "x-ms-ratelimit-remaining-subscription-reads": [ "11994" ],
        "Strict-Transport-Security": [ "max-age=31536000; includeSubDomains" ],
        "Server": [ "Kestrel" ],
        "x-ms-request-id": [ "caf9dc9f-9126-466f-a91c-13b52c58332c" ],
        "x-ms-correlation-request-id": [ "caf9dc9f-9126-466f-a91c-13b52c58332c" ],
        "x-ms-routing-request-id": [ "JIOINDIACENTRAL:20220818T081847Z:caf9dc9f-9126-466f-a91c-13b52c58332c" ],
        "X-Content-Type-Options": [ "nosniff" ],
        "Date": [ "Thu, 18 Aug 2022 08:18:47 GMT" ]
      },
      "ContentHeaders": {
        "Content-Length": [ "474" ],
        "Content-Type": [ "application/json; charset=utf-8" ],
        "Expires": [ "-1" ]
      },
      "Content": "{\"name\":\"t-ar1\",\"id\":\"/subscriptions/3846cb0f-4afa-47ee-8ea4-1c8449c8c8d9/resourceGroups/kumarkaushal-PS-RG-1/providers/Microsoft.Network/networkSecurityPerimeters/tgnhlt-nsp1/profiles/t-profile1/accessRules/t-ar1\",\"type\":\"Microsoft.Network/networkSecurityPerimeters/profiles/accessRules\",\"properties\":{\"provisioningState\":\"Succeeded\",\"direction\":\"Inbound\",\"addressPrefixes\":[\"10.10.0.0/16\"],\"fullyQualifiedDomainNames\":[],\"subscriptions\":[],\"networkSecurityPerimeters\":[]}}",
      "isContentBase64": false
    }
  },
  "Get-AzNetworkSecurityPerimeterAccessRule+[NoContext]+GetViaIdentity+$GET+https://management.azure.com/subscriptions/3846cb0f-4afa-47ee-8ea4-1c8449c8c8d9/resourceGroups/kumarkaushal-PS-RG-1/providers/Microsoft.Network/networkSecurityPerimeters/tgnhlt-nsp1/profiles/t-profile1/accessRules/t-ar1?api-version=2021-02-01-preview+1": {
    "Request": {
      "Method": "GET",
      "RequestUri": "https://management.azure.com/subscriptions/3846cb0f-4afa-47ee-8ea4-1c8449c8c8d9/resourceGroups/kumarkaushal-PS-RG-1/providers/Microsoft.Network/networkSecurityPerimeters/tgnhlt-nsp1/profiles/t-profile1/accessRules/t-ar1?api-version=2021-02-01-preview",
      "Content": null,
      "isContentBase64": false,
      "Headers": {
        "x-ms-unique-id": [ "8" ],
        "x-ms-client-request-id": [ "37c59230-eca1-4964-986b-632e4f974103" ],
        "CommandName": [ "Get-AzNetworkSecurityPerimeterAccessRule" ],
        "FullCommandName": [ "Get-AzNetworkSecurityPerimeterAccessRule_Get" ],
        "ParameterSetName": [ "__AllParameterSets" ],
        "User-Agent": [ "AzurePowershell/v8.0.0", "PSVersion/v7.2.5", "Az.NetworkSecurityPerimeter/0.1.0" ],
        "Authorization": [ "[Filtered]" ]
      },
      "ContentHeaders": {
      }
    },
    "Response": {
      "StatusCode": 200,
      "Headers": {
        "Cache-Control": [ "no-cache" ],
        "Pragma": [ "no-cache" ],
        "x-ms-ratelimit-remaining-subscription-reads": [ "11993" ],
        "Strict-Transport-Security": [ "max-age=31536000; includeSubDomains" ],
        "Server": [ "Kestrel" ],
        "x-ms-request-id": [ "7328d262-4aab-4c93-a74a-f7d6d8b7667d" ],
        "x-ms-correlation-request-id": [ "7328d262-4aab-4c93-a74a-f7d6d8b7667d" ],
        "x-ms-routing-request-id": [ "JIOINDIACENTRAL:20220818T081854Z:7328d262-4aab-4c93-a74a-f7d6d8b7667d" ],
        "X-Content-Type-Options": [ "nosniff" ],
        "Date": [ "Thu, 18 Aug 2022 08:18:53 GMT" ]
      },
      "ContentHeaders": {
        "Content-Length": [ "474" ],
        "Content-Type": [ "application/json; charset=utf-8" ],
        "Expires": [ "-1" ]
      },
      "Content": "{\"name\":\"t-ar1\",\"id\":\"/subscriptions/3846cb0f-4afa-47ee-8ea4-1c8449c8c8d9/resourceGroups/kumarkaushal-PS-RG-1/providers/Microsoft.Network/networkSecurityPerimeters/tgnhlt-nsp1/profiles/t-profile1/accessRules/t-ar1\",\"type\":\"Microsoft.Network/networkSecurityPerimeters/profiles/accessRules\",\"properties\":{\"provisioningState\":\"Succeeded\",\"direction\":\"Inbound\",\"addressPrefixes\":[\"10.10.0.0/16\"],\"fullyQualifiedDomainNames\":[],\"subscriptions\":[],\"networkSecurityPerimeters\":[]}}",
      "isContentBase64": false
    }
  },
  "Get-AzNetworkSecurityPerimeterAccessRule+[NoContext]+GetViaIdentity+$GET+https://management.azure.com/subscriptions/3846cb0f-4afa-47ee-8ea4-1c8449c8c8d9/resourceGroups/kumarkaushal-PS-RG-1/providers/Microsoft.Network/networkSecurityPerimeters/tgnhlt-nsp1/profiles/t-profile1/accessRules/t-ar1?api-version=2021-02-01-preview+2": {
    "Request": {
      "Method": "GET",
      "RequestUri": "https://management.azure.com/subscriptions/3846cb0f-4afa-47ee-8ea4-1c8449c8c8d9/resourceGroups/kumarkaushal-PS-RG-1/providers/Microsoft.Network/networkSecurityPerimeters/tgnhlt-nsp1/profiles/t-profile1/accessRules/t-ar1?api-version=2021-02-01-preview",
      "Content": null,
      "isContentBase64": false,
      "Headers": {
        "x-ms-unique-id": [ "9" ],
        "x-ms-client-request-id": [ "bb600679-3dc5-42e4-b0d3-ad2763a00756" ],
        "CommandName": [ "Get-AzNetworkSecurityPerimeterAccessRule" ],
        "FullCommandName": [ "Get-AzNetworkSecurityPerimeterAccessRule_GetViaIdentity" ],
        "ParameterSetName": [ "__AllParameterSets" ],
        "User-Agent": [ "AzurePowershell/v8.0.0", "PSVersion/v7.2.5", "Az.NetworkSecurityPerimeter/0.1.0" ],
        "Authorization": [ "[Filtered]" ]
      },
      "ContentHeaders": {
      }
    },
    "Response": {
      "StatusCode": 200,
      "Headers": {
        "Cache-Control": [ "no-cache" ],
        "Pragma": [ "no-cache" ],
        "x-ms-ratelimit-remaining-subscription-reads": [ "11992" ],
        "Strict-Transport-Security": [ "max-age=31536000; includeSubDomains" ],
        "Server": [ "Kestrel" ],
        "x-ms-request-id": [ "e70614ca-8f26-45d3-a492-82b77202e685" ],
        "x-ms-correlation-request-id": [ "e70614ca-8f26-45d3-a492-82b77202e685" ],
        "x-ms-routing-request-id": [ "JIOINDIACENTRAL:20220818T081855Z:e70614ca-8f26-45d3-a492-82b77202e685" ],
        "X-Content-Type-Options": [ "nosniff" ],
        "Date": [ "Thu, 18 Aug 2022 08:18:54 GMT" ]
      },
      "ContentHeaders": {
        "Content-Length": [ "474" ],
        "Content-Type": [ "application/json; charset=utf-8" ],
        "Expires": [ "-1" ]
      },
      "Content": "{\"name\":\"t-ar1\",\"id\":\"/subscriptions/3846cb0f-4afa-47ee-8ea4-1c8449c8c8d9/resourceGroups/kumarkaushal-PS-RG-1/providers/Microsoft.Network/networkSecurityPerimeters/tgnhlt-nsp1/profiles/t-profile1/accessRules/t-ar1\",\"type\":\"Microsoft.Network/networkSecurityPerimeters/profiles/accessRules\",\"properties\":{\"provisioningState\":\"Succeeded\",\"direction\":\"Inbound\",\"addressPrefixes\":[\"10.10.0.0/16\"],\"fullyQualifiedDomainNames\":[],\"subscriptions\":[],\"networkSecurityPerimeters\":[]}}",
      "isContentBase64": false
    }
  }
}