{
  "Get-AzNetworkSecurityPerimeterLink+[NoContext]+List+$GET+https://management.azure.com/subscriptions/3846cb0f-4afa-47ee-8ea4-1c8449c8c8d9/resourceGroups/psrg_tsfwv/providers/Microsoft.Network/networkSecurityPerimeters/tsfwvt-nsp2/links?api-version=2024-07-01+1": {
    "Request": {
      "Method": "GET",
      "RequestUri": "https://management.azure.com/subscriptions/3846cb0f-4afa-47ee-8ea4-1c8449c8c8d9/resourceGroups/psrg_tsfwv/providers/Microsoft.Network/networkSecurityPerimeters/tsfwvt-nsp2/links?api-version=2024-07-01",
      "Content": null,
      "isContentBase64": false,
      "Headers": {
        "x-ms-unique-id": [ "18" ],
        "x-ms-client-request-id": [ "3a45f83c-f34a-4ab4-85ad-589f827a4f9b" ],
        "CommandName": [ "Get-AzNetworkSecurityPerimeterLink" ],
        "FullCommandName": [ "Get-AzNetworkSecurityPerimeterLink_List" ],
        "ParameterSetName": [ "__AllParameterSets" ],
        "User-Agent": [ "AzurePowershell/v10.2.0", "PSVersion/v7.4.7", "Az.NetworkSecurityPerimeter/0.1.0" ],
        "Authorization": [ "[Filtered]" ]
      },
      "ContentHeaders": {
      }
    },
    "Response": {
      "StatusCode": 200,
      "Headers": {
        "Cache-Control": [ "no-cache" ],
        "Pragma": [ "no-cache" ],
        "Strict-Transport-Security": [ "max-age=31536000; includeSubDomains" ],
        "x-ms-ratelimit-remaining-subscription-reads": [ "1099" ],
        "x-ms-ratelimit-remaining-subscription-global-reads": [ "16499" ],
        "x-ms-request-id": [ "cd6452ea-bfe4-46d8-ab3f-5d8f4c67c87f" ],
        "x-ms-correlation-request-id": [ "cd6452ea-bfe4-46d8-ab3f-5d8f4c67c87f" ],
        "x-ms-routing-request-id": [ "EASTUS:20250320T065650Z:cd6452ea-bfe4-46d8-ab3f-5d8f4c67c87f" ],
        "X-Content-Type-Options": [ "nosniff" ],
        "X-Cache": [ "CONFIG_NOCACHE" ],
        "X-MSEdge-Ref": [ "Ref A: 21D2D46325124005BBE44C8A3DC0E43F Ref B: MNZ221060608037 Ref C: 2025-03-20T06:56:48Z" ],
        "Date": [ "Thu, 20 Mar 2025 06:56:49 GMT" ]
      },
      "ContentHeaders": {
        "Content-Length": [ "773" ],
        "Content-Type": [ "application/json; charset=utf-8" ],
        "Expires": [ "-1" ]
      },
      "Content": "{\"nextLink\":\"\",\"value\":[{\"name\":\"t-link1\",\"id\":\"/subscriptions/3846cb0f-4afa-47ee-8ea4-1c8449c8c8d9/resourceGroups/psrg_tsfwv/providers/Microsoft.Network/networkSecurityPerimeters/tsfwvt-nsp2/links/t-link1\",\"type\":\"Microsoft.Network/networkSecurityPerimeters/links\",\"properties\":{\"provisioningState\":\"Succeeded\",\"autoApprovedRemotePerimeterResourceId\":\"/subscriptions/3846cb0f-4afa-47ee-8ea4-1c8449c8c8d9/resourceGroups/psrg_tsfwv/providers/Microsoft.Network/networkSecurityPerimeters/tsfwvt-nsp3\",\"remotePerimeterGuid\":\"fc8d0670-ef67-472e-b9c2-1756d0074329\",\"remotePerimeterLocation\":\"eastus2euap\",\"localInboundProfiles\":[\"*\"],\"localOutboundProfiles\":[\"*\"],\"remoteInboundProfiles\":[\"*\"],\"remoteOutboundProfiles\":[\"*\"],\"status\":\"Approved\",\"description\":\"Auto Approved.\"}}]}",
      "isContentBase64": false
    }
  },
  "Get-AzNetworkSecurityPerimeterLink+[NoContext]+Get+$GET+https://management.azure.com/subscriptions/3846cb0f-4afa-47ee-8ea4-1c8449c8c8d9/resourceGroups/psrg_tsfwv/providers/Microsoft.Network/networkSecurityPerimeters/tsfwvt-nsp2/links/t-link1?api-version=2024-07-01+1": {
    "Request": {
      "Method": "GET",
      "RequestUri": "https://management.azure.com/subscriptions/3846cb0f-4afa-47ee-8ea4-1c8449c8c8d9/resourceGroups/psrg_tsfwv/providers/Microsoft.Network/networkSecurityPerimeters/tsfwvt-nsp2/links/t-link1?api-version=2024-07-01",
      "Content": null,
      "isContentBase64": false,
      "Headers": {
        "x-ms-unique-id": [ "19" ],
        "x-ms-client-request-id": [ "b6373b34-64bf-4af7-82ca-7dfc18572093" ],
        "CommandName": [ "Get-AzNetworkSecurityPerimeterLink" ],
        "FullCommandName": [ "Get-AzNetworkSecurityPerimeterLink_Get" ],
        "ParameterSetName": [ "__AllParameterSets" ],
        "User-Agent": [ "AzurePowershell/v10.2.0", "PSVersion/v7.4.7", "Az.NetworkSecurityPerimeter/0.1.0" ],
        "Authorization": [ "[Filtered]" ]
      },
      "ContentHeaders": {
      }
    },
    "Response": {
      "StatusCode": 200,
      "Headers": {
        "Cache-Control": [ "no-cache" ],
        "Pragma": [ "no-cache" ],
        "Strict-Transport-Security": [ "max-age=31536000; includeSubDomains" ],
        "x-ms-ratelimit-remaining-subscription-reads": [ "1099" ],
        "x-ms-ratelimit-remaining-subscription-global-reads": [ "16499" ],
        "x-ms-request-id": [ "62d07c90-0bf8-4d9e-894b-c2c054b10e4d" ],
        "x-ms-correlation-request-id": [ "62d07c90-0bf8-4d9e-894b-c2c054b10e4d" ],
        "x-ms-routing-request-id": [ "EASTUS:20250320T065652Z:62d07c90-0bf8-4d9e-894b-c2c054b10e4d" ],
        "X-Content-Type-Options": [ "nosniff" ],
        "X-Cache": [ "CONFIG_NOCACHE" ],
        "X-MSEdge-Ref": [ "Ref A: B0D3E8A56E4E422CA5A504C4841005D0 Ref B: MNZ221060608037 Ref C: 2025-03-20T06:56:50Z" ],
        "Date": [ "Thu, 20 Mar 2025 06:56:51 GMT" ]
      },
      "ContentHeaders": {
        "Content-Length": [ "747" ],
        "Content-Type": [ "application/json; charset=utf-8" ],
        "Expires": [ "-1" ]
      },
      "Content": "{\"name\":\"t-link1\",\"id\":\"/subscriptions/3846cb0f-4afa-47ee-8ea4-1c8449c8c8d9/resourceGroups/psrg_tsfwv/providers/Microsoft.Network/networkSecurityPerimeters/tsfwvt-nsp2/links/t-link1\",\"type\":\"Microsoft.Network/networkSecurityPerimeters/links\",\"properties\":{\"provisioningState\":\"Succeeded\",\"autoApprovedRemotePerimeterResourceId\":\"/subscriptions/3846cb0f-4afa-47ee-8ea4-1c8449c8c8d9/resourceGroups/psrg_tsfwv/providers/Microsoft.Network/networkSecurityPerimeters/tsfwvt-nsp3\",\"remotePerimeterGuid\":\"fc8d0670-ef67-472e-b9c2-1756d0074329\",\"remotePerimeterLocation\":\"eastus2euap\",\"localInboundProfiles\":[\"*\"],\"localOutboundProfiles\":[\"*\"],\"remoteInboundProfiles\":[\"*\"],\"remoteOutboundProfiles\":[\"*\"],\"status\":\"Approved\",\"description\":\"Auto Approved.\"}}",
      "isContentBase64": false
    }
  },
  "Get-AzNetworkSecurityPerimeterLink+[NoContext]+GetViaIdentity+$GET+https://management.azure.com/subscriptions/3846cb0f-4afa-47ee-8ea4-1c8449c8c8d9/resourceGroups/psrg_tsfwv/providers/Microsoft.Network/networkSecurityPerimeters/tsfwvt-nsp2/links/t-link1?api-version=2024-07-01+1": {
    "Request": {
      "Method": "GET",
      "RequestUri": "https://management.azure.com/subscriptions/3846cb0f-4afa-47ee-8ea4-1c8449c8c8d9/resourceGroups/psrg_tsfwv/providers/Microsoft.Network/networkSecurityPerimeters/tsfwvt-nsp2/links/t-link1?api-version=2024-07-01",
      "Content": null,
      "isContentBase64": false,
      "Headers": {
        "x-ms-unique-id": [ "20" ],
        "x-ms-client-request-id": [ "ba78e235-19ac-43ef-aaaf-9c6aa80f4af9" ],
        "CommandName": [ "Get-AzNetworkSecurityPerimeterLink" ],
        "FullCommandName": [ "Get-AzNetworkSecurityPerimeterLink_Get" ],
        "ParameterSetName": [ "__AllParameterSets" ],
        "User-Agent": [ "AzurePowershell/v10.2.0", "PSVersion/v7.4.7", "Az.NetworkSecurityPerimeter/0.1.0" ],
        "Authorization": [ "[Filtered]" ]
      },
      "ContentHeaders": {
      }
    },
    "Response": {
      "StatusCode": 200,
      "Headers": {
        "Cache-Control": [ "no-cache" ],
        "Pragma": [ "no-cache" ],
        "Strict-Transport-Security": [ "max-age=31536000; includeSubDomains" ],
        "x-ms-ratelimit-remaining-subscription-reads": [ "1099" ],
        "x-ms-ratelimit-remaining-subscription-global-reads": [ "16499" ],
        "x-ms-request-id": [ "3350f209-feba-4617-98d7-f66b251fab7e" ],
        "x-ms-correlation-request-id": [ "3350f209-feba-4617-98d7-f66b251fab7e" ],
        "x-ms-routing-request-id": [ "EASTUS:20250320T065653Z:3350f209-feba-4617-98d7-f66b251fab7e" ],
        "X-Content-Type-Options": [ "nosniff" ],
        "X-Cache": [ "CONFIG_NOCACHE" ],
        "X-MSEdge-Ref": [ "Ref A: F30CA12287B74FE7928E4A7C5BDEE35E Ref B: MNZ221060608037 Ref C: 2025-03-20T06:56:52Z" ],
        "Date": [ "Thu, 20 Mar 2025 06:56:52 GMT" ]
      },
      "ContentHeaders": {
        "Content-Length": [ "747" ],
        "Content-Type": [ "application/json; charset=utf-8" ],
        "Expires": [ "-1" ]
      },
      "Content": "{\"name\":\"t-link1\",\"id\":\"/subscriptions/3846cb0f-4afa-47ee-8ea4-1c8449c8c8d9/resourceGroups/psrg_tsfwv/providers/Microsoft.Network/networkSecurityPerimeters/tsfwvt-nsp2/links/t-link1\",\"type\":\"Microsoft.Network/networkSecurityPerimeters/links\",\"properties\":{\"provisioningState\":\"Succeeded\",\"autoApprovedRemotePerimeterResourceId\":\"/subscriptions/3846cb0f-4afa-47ee-8ea4-1c8449c8c8d9/resourceGroups/psrg_tsfwv/providers/Microsoft.Network/networkSecurityPerimeters/tsfwvt-nsp3\",\"remotePerimeterGuid\":\"fc8d0670-ef67-472e-b9c2-1756d0074329\",\"remotePerimeterLocation\":\"eastus2euap\",\"localInboundProfiles\":[\"*\"],\"localOutboundProfiles\":[\"*\"],\"remoteInboundProfiles\":[\"*\"],\"remoteOutboundProfiles\":[\"*\"],\"status\":\"Approved\",\"description\":\"Auto Approved.\"}}",
      "isContentBase64": false
    }
  },
  "Get-AzNetworkSecurityPerimeterLink+[NoContext]+GetViaIdentity+$GET+https://management.azure.com/subscriptions/3846cb0f-4afa-47ee-8ea4-1c8449c8c8d9/resourceGroups/psrg_tsfwv/providers/Microsoft.Network/networkSecurityPerimeters/tsfwvt-nsp2/links/t-link1?api-version=2024-07-01+2": {
    "Request": {
      "Method": "GET",
      "RequestUri": "https://management.azure.com/subscriptions/3846cb0f-4afa-47ee-8ea4-1c8449c8c8d9/resourceGroups/psrg_tsfwv/providers/Microsoft.Network/networkSecurityPerimeters/tsfwvt-nsp2/links/t-link1?api-version=2024-07-01",
      "Content": null,
      "isContentBase64": false,
      "Headers": {
        "x-ms-unique-id": [ "21" ],
        "x-ms-client-request-id": [ "9263fc94-6db3-48d8-9221-a0bef439d364" ],
        "CommandName": [ "Get-AzNetworkSecurityPerimeterLink" ],
        "FullCommandName": [ "Get-AzNetworkSecurityPerimeterLink_GetViaIdentity" ],
        "ParameterSetName": [ "__AllParameterSets" ],
        "User-Agent": [ "AzurePowershell/v10.2.0", "PSVersion/v7.4.7", "Az.NetworkSecurityPerimeter/0.1.0" ],
        "Authorization": [ "[Filtered]" ]
      },
      "ContentHeaders": {
      }
    },
    "Response": {
      "StatusCode": 200,
      "Headers": {
        "Cache-Control": [ "no-cache" ],
        "Pragma": [ "no-cache" ],
        "Strict-Transport-Security": [ "max-age=31536000; includeSubDomains" ],
        "x-ms-ratelimit-remaining-subscription-reads": [ "1099" ],
        "x-ms-ratelimit-remaining-subscription-global-reads": [ "16499" ],
        "x-ms-request-id": [ "b7d200a2-47d2-4090-bf13-be6c1200b78f" ],
        "x-ms-correlation-request-id": [ "b7d200a2-47d2-4090-bf13-be6c1200b78f" ],
        "x-ms-routing-request-id": [ "EASTUS:20250320T065653Z:b7d200a2-47d2-4090-bf13-be6c1200b78f" ],
        "X-Content-Type-Options": [ "nosniff" ],
        "X-Cache": [ "CONFIG_NOCACHE" ],
        "X-MSEdge-Ref": [ "Ref A: D6C7B3FAEC8849C09D1CB96A7002D677 Ref B: MNZ221060608037 Ref C: 2025-03-20T06:56:53Z" ],
        "Date": [ "Thu, 20 Mar 2025 06:56:52 GMT" ]
      },
      "ContentHeaders": {
        "Content-Length": [ "747" ],
        "Content-Type": [ "application/json; charset=utf-8" ],
        "Expires": [ "-1" ]
      },
      "Content": "{\"name\":\"t-link1\",\"id\":\"/subscriptions/3846cb0f-4afa-47ee-8ea4-1c8449c8c8d9/resourceGroups/psrg_tsfwv/providers/Microsoft.Network/networkSecurityPerimeters/tsfwvt-nsp2/links/t-link1\",\"type\":\"Microsoft.Network/networkSecurityPerimeters/links\",\"properties\":{\"provisioningState\":\"Succeeded\",\"autoApprovedRemotePerimeterResourceId\":\"/subscriptions/3846cb0f-4afa-47ee-8ea4-1c8449c8c8d9/resourceGroups/psrg_tsfwv/providers/Microsoft.Network/networkSecurityPerimeters/tsfwvt-nsp3\",\"remotePerimeterGuid\":\"fc8d0670-ef67-472e-b9c2-1756d0074329\",\"remotePerimeterLocation\":\"eastus2euap\",\"localInboundProfiles\":[\"*\"],\"localOutboundProfiles\":[\"*\"],\"remoteInboundProfiles\":[\"*\"],\"remoteOutboundProfiles\":[\"*\"],\"status\":\"Approved\",\"description\":\"Auto Approved.\"}}",
      "isContentBase64": false
    }
  }
}