{
  "Get-AzNetworkSecurityPerimeterLoggingConfiguration+[NoContext]+Get+$GET+https://management.azure.com/subscriptions/3846cb0f-4afa-47ee-8ea4-1c8449c8c8d9/resourceGroups/psrg_tgtdq/providers/Microsoft.Network/networkSecurityPerimeters/tgtdqt-nsp13/loggingConfigurations/instance?api-version=2025-03-01+1": {
    "Request": {
      "Method": "GET",
      "RequestUri": "https://management.azure.com/subscriptions/3846cb0f-4afa-47ee-8ea4-1c8449c8c8d9/resourceGroups/psrg_tgtdq/providers/Microsoft.Network/networkSecurityPerimeters/tgtdqt-nsp13/loggingConfigurations/instance?api-version=2025-03-01",
      "Content": null,
      "isContentBase64": false,
      "Headers": {
        "x-ms-unique-id": [ "28" ],
        "x-ms-client-request-id": [ "a1cf2bdf-6f41-49f9-84ac-29a04c9c2425" ],
        "CommandName": [ "Get-AzNetworkSecurityPerimeterLoggingConfiguration" ],
        "FullCommandName": [ "Get-AzNetworkSecurityPerimeterLoggingConfiguration_Get" ],
        "ParameterSetName": [ "__AllParameterSets" ],
        "User-Agent": [ "AzurePowershell/v10.2.0", "PSVersion/v7.5.4", "Az.NetworkSecurityPerimeter/0.1.0" ],
        "Authorization": [ "[Filtered]" ]
      },
      "ContentHeaders": {
      }
    },
    "Response": {
      "StatusCode": 200,
      "Headers": {
        "Cache-Control": [ "no-cache" ],
        "Pragma": [ "no-cache" ],
        "Strict-Transport-Security": [ "max-age=31536000; includeSubDomains" ],
        "x-ms-operation-identifier": [ "tenantId=72f988bf-86f1-41af-91ab-2d7cd011db47,objectId=37ca76fe-83f1-4c59-823b-b1953db8111c/eastus2euap/26ec902d-fe5a-40c2-8342-b94a8fd74d1e" ],
        "x-ms-throttling-version": [ "v2" ],
        "x-ms-ratelimit-remaining-subscription-reads": [ "1098" ],
        "x-ms-request-id": [ "58e88f95-beeb-471e-a38e-057a17e7687c" ],
        "x-ms-correlation-request-id": [ "58e88f95-beeb-471e-a38e-057a17e7687c" ],
        "x-ms-routing-request-id": [ "EASTUS2EUAP:20251113T101412Z:58e88f95-beeb-471e-a38e-057a17e7687c" ],
        "X-Content-Type-Options": [ "nosniff" ],
        "X-Cache": [ "CONFIG_NOCACHE" ],
        "X-MSEdge-Ref": [ "Ref A: 002865A8E9D0412CA02D3CD10C428CA3 Ref B: MNZ221060619011 Ref C: 2025-11-13T10:14:12Z" ],
        "Date": [ "Thu, 13 Nov 2025 10:14:11 GMT" ]
      },
      "ContentHeaders": {
        "Content-Length": [ "597" ],
        "Content-Type": [ "application/json; charset=utf-8" ],
        "Expires": [ "-1" ]
      },
      "Content": "{\"name\":\"instance\",\"id\":\"/subscriptions/3846cb0f-4afa-47ee-8ea4-1c8449c8c8d9/resourceGroups/psrg_tgtdq/providers/Microsoft.Network/networkSecurityPerimeters/tgtdqt-nsp13/loggingConfigurations/instance\",\"type\":\"Microsoft.Network/networkSecurityPerimeters/loggingConfigurations\",\"properties\":{\"version\":\"0\",\"enabledLogCategories\":[],\"destinationType\":[]},\"systemData\":{\"createdBy\":\"karthikgumpu@microsoft.com\",\"createdByType\":\"User\",\"createdAt\":\"2025-11-13T10:13:25.2473805Z\",\"lastModifiedBy\":\"karthikgumpu@microsoft.com\",\"lastModifiedByType\":\"User\",\"lastModifiedAt\":\"2025-11-13T10:13:25.2473805Z\"}}",
      "isContentBase64": false
    }
  },
  "Get-AzNetworkSecurityPerimeterLoggingConfiguration+[NoContext]+GetViaIdentity+$GET+https://management.azure.com/subscriptions/3846cb0f-4afa-47ee-8ea4-1c8449c8c8d9/resourceGroups/psrg_tgtdq/providers/Microsoft.Network/networkSecurityPerimeters/tgtdqt-nsp13/loggingConfigurations/instance?api-version=2025-03-01+1": {
    "Request": {
      "Method": "GET",
      "RequestUri": "https://management.azure.com/subscriptions/3846cb0f-4afa-47ee-8ea4-1c8449c8c8d9/resourceGroups/psrg_tgtdq/providers/Microsoft.Network/networkSecurityPerimeters/tgtdqt-nsp13/loggingConfigurations/instance?api-version=2025-03-01",
      "Content": null,
      "isContentBase64": false,
      "Headers": {
        "x-ms-unique-id": [ "29" ],
        "x-ms-client-request-id": [ "aca9c7b7-ee29-4e0e-b1b8-e2e6cf7abb24" ],
        "CommandName": [ "Get-AzNetworkSecurityPerimeterLoggingConfiguration" ],
        "FullCommandName": [ "Get-AzNetworkSecurityPerimeterLoggingConfiguration_Get" ],
        "ParameterSetName": [ "__AllParameterSets" ],
        "User-Agent": [ "AzurePowershell/v10.2.0", "PSVersion/v7.5.4", "Az.NetworkSecurityPerimeter/0.1.0" ],
        "Authorization": [ "[Filtered]" ]
      },
      "ContentHeaders": {
      }
    },
    "Response": {
      "StatusCode": 200,
      "Headers": {
        "Cache-Control": [ "no-cache" ],
        "Pragma": [ "no-cache" ],
        "Strict-Transport-Security": [ "max-age=31536000; includeSubDomains" ],
        "x-ms-operation-identifier": [ "tenantId=72f988bf-86f1-41af-91ab-2d7cd011db47,objectId=37ca76fe-83f1-4c59-823b-b1953db8111c/eastus2euap/18c7e699-9e44-4c43-ab81-9b763bf593c7" ],
        "x-ms-throttling-version": [ "v2" ],
        "x-ms-ratelimit-remaining-subscription-reads": [ "1096" ],
        "x-ms-request-id": [ "3413b2f8-75cb-4153-ae1b-e9c2b175aaf6" ],
        "x-ms-correlation-request-id": [ "3413b2f8-75cb-4153-ae1b-e9c2b175aaf6" ],
        "x-ms-routing-request-id": [ "EASTUS2EUAP:20251113T101412Z:3413b2f8-75cb-4153-ae1b-e9c2b175aaf6" ],
        "X-Content-Type-Options": [ "nosniff" ],
        "X-Cache": [ "CONFIG_NOCACHE" ],
        "X-MSEdge-Ref": [ "Ref A: 8D4655A1E85642419DD12CB5CC144016 Ref B: MNZ221060619011 Ref C: 2025-11-13T10:14:12Z" ],
        "Date": [ "Thu, 13 Nov 2025 10:14:12 GMT" ]
      },
      "ContentHeaders": {
        "Content-Length": [ "597" ],
        "Content-Type": [ "application/json; charset=utf-8" ],
        "Expires": [ "-1" ]
      },
      "Content": "{\"name\":\"instance\",\"id\":\"/subscriptions/3846cb0f-4afa-47ee-8ea4-1c8449c8c8d9/resourceGroups/psrg_tgtdq/providers/Microsoft.Network/networkSecurityPerimeters/tgtdqt-nsp13/loggingConfigurations/instance\",\"type\":\"Microsoft.Network/networkSecurityPerimeters/loggingConfigurations\",\"properties\":{\"version\":\"0\",\"enabledLogCategories\":[],\"destinationType\":[]},\"systemData\":{\"createdBy\":\"karthikgumpu@microsoft.com\",\"createdByType\":\"User\",\"createdAt\":\"2025-11-13T10:13:25.2473805Z\",\"lastModifiedBy\":\"karthikgumpu@microsoft.com\",\"lastModifiedByType\":\"User\",\"lastModifiedAt\":\"2025-11-13T10:13:25.2473805Z\"}}",
      "isContentBase64": false
    }
  },
  "Get-AzNetworkSecurityPerimeterLoggingConfiguration+[NoContext]+GetViaIdentity+$GET+https://management.azure.com/subscriptions/3846cb0f-4afa-47ee-8ea4-1c8449c8c8d9/resourceGroups/psrg_tgtdq/providers/Microsoft.Network/networkSecurityPerimeters/tgtdqt-nsp13/loggingConfigurations/instance?api-version=2025-03-01+2": {
    "Request": {
      "Method": "GET",
      "RequestUri": "https://management.azure.com/subscriptions/3846cb0f-4afa-47ee-8ea4-1c8449c8c8d9/resourceGroups/psrg_tgtdq/providers/Microsoft.Network/networkSecurityPerimeters/tgtdqt-nsp13/loggingConfigurations/instance?api-version=2025-03-01",
      "Content": null,
      "isContentBase64": false,
      "Headers": {
        "x-ms-unique-id": [ "30" ],
        "x-ms-client-request-id": [ "028de676-55eb-4a5b-ba51-24691982d254" ],
        "CommandName": [ "Get-AzNetworkSecurityPerimeterLoggingConfiguration" ],
        "FullCommandName": [ "Get-AzNetworkSecurityPerimeterLoggingConfiguration_GetViaIdentity" ],
        "ParameterSetName": [ "__AllParameterSets" ],
        "User-Agent": [ "AzurePowershell/v10.2.0", "PSVersion/v7.5.4", "Az.NetworkSecurityPerimeter/0.1.0" ],
        "Authorization": [ "[Filtered]" ]
      },
      "ContentHeaders": {
      }
    },
    "Response": {
      "StatusCode": 200,
      "Headers": {
        "Cache-Control": [ "no-cache" ],
        "Pragma": [ "no-cache" ],
        "Strict-Transport-Security": [ "max-age=31536000; includeSubDomains" ],
        "x-ms-operation-identifier": [ "tenantId=72f988bf-86f1-41af-91ab-2d7cd011db47,objectId=37ca76fe-83f1-4c59-823b-b1953db8111c/eastus2euap/3be51d83-f341-4013-b089-5567e4d3e882" ],
        "x-ms-throttling-version": [ "v2" ],
        "x-ms-ratelimit-remaining-subscription-reads": [ "1097" ],
        "x-ms-request-id": [ "720b2d9a-2049-4a84-a419-68c82921227c" ],
        "x-ms-correlation-request-id": [ "720b2d9a-2049-4a84-a419-68c82921227c" ],
        "x-ms-routing-request-id": [ "EASTUS2EUAP:20251113T101413Z:720b2d9a-2049-4a84-a419-68c82921227c" ],
        "X-Content-Type-Options": [ "nosniff" ],
        "X-Cache": [ "CONFIG_NOCACHE" ],
        "X-MSEdge-Ref": [ "Ref A: 603A2CA025B64344BCD34BDE6B5FD49E Ref B: MNZ221060619011 Ref C: 2025-11-13T10:14:12Z" ],
        "Date": [ "Thu, 13 Nov 2025 10:14:12 GMT" ]
      },
      "ContentHeaders": {
        "Content-Length": [ "597" ],
        "Content-Type": [ "application/json; charset=utf-8" ],
        "Expires": [ "-1" ]
      },
      "Content": "{\"name\":\"instance\",\"id\":\"/subscriptions/3846cb0f-4afa-47ee-8ea4-1c8449c8c8d9/resourceGroups/psrg_tgtdq/providers/Microsoft.Network/networkSecurityPerimeters/tgtdqt-nsp13/loggingConfigurations/instance\",\"type\":\"Microsoft.Network/networkSecurityPerimeters/loggingConfigurations\",\"properties\":{\"version\":\"0\",\"enabledLogCategories\":[],\"destinationType\":[]},\"systemData\":{\"createdBy\":\"karthikgumpu@microsoft.com\",\"createdByType\":\"User\",\"createdAt\":\"2025-11-13T10:13:25.2473805Z\",\"lastModifiedBy\":\"karthikgumpu@microsoft.com\",\"lastModifiedByType\":\"User\",\"lastModifiedAt\":\"2025-11-13T10:13:25.2473805Z\"}}",
      "isContentBase64": false
    }
  }
}