{
  "Get-AzNetworkSecurityPerimeterAccessRule+[NoContext]+List+$GET+https://management.azure.com/subscriptions/3846cb0f-4afa-47ee-8ea4-1c8449c8c8d9/resourceGroups/psrg_tl8jx/providers/Microsoft.Network/networkSecurityPerimeters/tl8jxt-nsp1/profiles/t-profile1/accessRules?api-version=2024-10-01+1": {
    "Request": {
      "Method": "GET",
      "RequestUri": "https://management.azure.com/subscriptions/3846cb0f-4afa-47ee-8ea4-1c8449c8c8d9/resourceGroups/psrg_tl8jx/providers/Microsoft.Network/networkSecurityPerimeters/tl8jxt-nsp1/profiles/t-profile1/accessRules?api-version=2024-10-01",
      "Content": null,
      "isContentBase64": false,
      "Headers": {
        "x-ms-unique-id": [ "7" ],
        "x-ms-client-request-id": [ "66627499-3385-4028-ba43-d7dc96e9433f" ],
        "CommandName": [ "Get-AzNetworkSecurityPerimeterAccessRule" ],
        "FullCommandName": [ "Get-AzNetworkSecurityPerimeterAccessRule_List" ],
        "ParameterSetName": [ "__AllParameterSets" ],
        "User-Agent": [ "AzurePowershell/v10.2.0", "PSVersion/v7.5.3", "Az.NetworkSecurityPerimeter/0.1.0" ],
        "Authorization": [ "[Filtered]" ]
      },
      "ContentHeaders": {
      }
    },
    "Response": {
      "StatusCode": 200,
      "Headers": {
        "Cache-Control": [ "no-cache" ],
        "Pragma": [ "no-cache" ],
        "Strict-Transport-Security": [ "max-age=31536000; includeSubDomains" ],
        "x-ms-operation-identifier": [ "tenantId=72f988bf-86f1-41af-91ab-2d7cd011db47,objectId=37ca76fe-83f1-4c59-823b-b1953db8111c/eastus2euap/7a6db3a7-ac5e-47ca-a63f-7b1a26a0f49d" ],
        "x-ms-throttling-version": [ "v2" ],
        "x-ms-ratelimit-remaining-subscription-reads": [ "1099" ],
        "x-ms-request-id": [ "4eb8c310-101c-4c15-b4e1-c539d9aaf580" ],
        "x-ms-correlation-request-id": [ "4eb8c310-101c-4c15-b4e1-c539d9aaf580" ],
        "x-ms-routing-request-id": [ "EASTUS2EUAP:20251006T081743Z:4eb8c310-101c-4c15-b4e1-c539d9aaf580" ],
        "X-Content-Type-Options": [ "nosniff" ],
        "X-Cache": [ "CONFIG_NOCACHE" ],
        "X-MSEdge-Ref": [ "Ref A: 0141015CDC974B47B0172415A762F7EE Ref B: MNZ221060619051 Ref C: 2025-10-06T08:17:43Z" ],
        "Date": [ "Mon, 06 Oct 2025 08:17:42 GMT" ]
      },
      "ContentHeaders": {
        "Content-Length": [ "3261" ],
        "Content-Type": [ "application/json; charset=utf-8" ],
        "Expires": [ "-1" ]
      },
      "Content": "{\"nextLink\":\"\",\"value\":[{\"name\":\"t-ar1\",\"id\":\"/subscriptions/3846cb0f-4afa-47ee-8ea4-1c8449c8c8d9/resourceGroups/psrg_tl8jx/providers/Microsoft.Network/networkSecurityPerimeters/tl8jxt-nsp1/profiles/t-profile1/accessRules/t-ar1\",\"type\":\"Microsoft.Network/networkSecurityPerimeters/profiles/accessRules\",\"properties\":{\"provisioningState\":\"Succeeded\",\"direction\":\"Inbound\",\"addressPrefixes\":[\"10.10.0.0/16\"],\"fullyQualifiedDomainNames\":[],\"subscriptions\":[],\"networkSecurityPerimeters\":[],\"emailAddresses\":[],\"phoneNumbers\":[],\"appliesTo\":[{\"resourceType\":\"*\",\"features\":[\"*\"]}]},\"systemData\":{\"createdBy\":\"karthikgumpu@microsoft.com\",\"createdByType\":\"User\",\"createdAt\":\"2025-10-06T08:17:02.4408230Z\",\"lastModifiedBy\":\"karthikgumpu@microsoft.com\",\"lastModifiedByType\":\"User\",\"lastModifiedAt\":\"2025-10-06T08:17:02.4408230Z\"}},{\"name\":\"t-ar3\",\"id\":\"/subscriptions/3846cb0f-4afa-47ee-8ea4-1c8449c8c8d9/resourceGroups/psrg_tl8jx/providers/Microsoft.Network/networkSecurityPerimeters/tl8jxt-nsp1/profiles/t-profile1/accessRules/t-ar3\",\"type\":\"Microsoft.Network/networkSecurityPerimeters/profiles/accessRules\",\"properties\":{\"provisioningState\":\"Succeeded\",\"direction\":\"Outbound\",\"addressPrefixes\":[],\"fullyQualifiedDomainNames\":[],\"subscriptions\":[],\"networkSecurityPerimeters\":[],\"emailAddresses\":[\"test1@microsoft.com\",\"test2@microsoft.com\"],\"phoneNumbers\":[],\"appliesTo\":[{\"resourceType\":\"*\",\"features\":[\"*\"]}]},\"systemData\":{\"createdBy\":\"karthikgumpu@microsoft.com\",\"createdByType\":\"User\",\"createdAt\":\"2025-10-06T08:17:02.5188853Z\",\"lastModifiedBy\":\"karthikgumpu@microsoft.com\",\"lastModifiedByType\":\"User\",\"lastModifiedAt\":\"2025-10-06T08:17:02.5188853Z\"}},{\"name\":\"t-ar4\",\"id\":\"/subscriptions/3846cb0f-4afa-47ee-8ea4-1c8449c8c8d9/resourceGroups/psrg_tl8jx/providers/Microsoft.Network/networkSecurityPerimeters/tl8jxt-nsp1/profiles/t-profile1/accessRules/t-ar4\",\"type\":\"Microsoft.Network/networkSecurityPerimeters/profiles/accessRules\",\"properties\":{\"provisioningState\":\"Succeeded\",\"direction\":\"Outbound\",\"addressPrefixes\":[],\"fullyQualifiedDomainNames\":[],\"subscriptions\":[],\"networkSecurityPerimeters\":[],\"emailAddresses\":[],\"phoneNumbers\":[\"+91 7878787878\",\"+91 9898989898\"],\"appliesTo\":[{\"resourceType\":\"*\",\"features\":[\"*\"]}]},\"systemData\":{\"createdBy\":\"karthikgumpu@microsoft.com\",\"createdByType\":\"User\",\"createdAt\":\"2025-10-06T08:17:02.4564369Z\",\"lastModifiedBy\":\"karthikgumpu@microsoft.com\",\"lastModifiedByType\":\"User\",\"lastModifiedAt\":\"2025-10-06T08:17:02.4564369Z\"}},{\"name\":\"t-ar2\",\"id\":\"/subscriptions/3846cb0f-4afa-47ee-8ea4-1c8449c8c8d9/resourceGroups/psrg_tl8jx/providers/Microsoft.Network/networkSecurityPerimeters/tl8jxt-nsp1/profiles/t-profile1/accessRules/t-ar2\",\"type\":\"Microsoft.Network/networkSecurityPerimeters/profiles/accessRules\",\"properties\":{\"provisioningState\":\"Succeeded\",\"direction\":\"Outbound\",\"addressPrefixes\":[],\"fullyQualifiedDomainNames\":[\"*\"],\"subscriptions\":[],\"networkSecurityPerimeters\":[],\"emailAddresses\":[],\"phoneNumbers\":[],\"appliesTo\":[{\"resourceType\":\"*\",\"features\":[\"*\"]}]},\"systemData\":{\"createdBy\":\"karthikgumpu@microsoft.com\",\"createdByType\":\"User\",\"createdAt\":\"2025-10-06T08:17:02.4876324Z\",\"lastModifiedBy\":\"karthikgumpu@microsoft.com\",\"lastModifiedByType\":\"User\",\"lastModifiedAt\":\"2025-10-06T08:17:02.4876324Z\"}}]}",
      "isContentBase64": false
    }
  },
  "Get-AzNetworkSecurityPerimeterAccessRule+[NoContext]+Get+$GET+https://management.azure.com/subscriptions/3846cb0f-4afa-47ee-8ea4-1c8449c8c8d9/resourceGroups/psrg_tl8jx/providers/Microsoft.Network/networkSecurityPerimeters/tl8jxt-nsp1/profiles/t-profile1/accessRules/t-ar1?api-version=2024-10-01+1": {
    "Request": {
      "Method": "GET",
      "RequestUri": "https://management.azure.com/subscriptions/3846cb0f-4afa-47ee-8ea4-1c8449c8c8d9/resourceGroups/psrg_tl8jx/providers/Microsoft.Network/networkSecurityPerimeters/tl8jxt-nsp1/profiles/t-profile1/accessRules/t-ar1?api-version=2024-10-01",
      "Content": null,
      "isContentBase64": false,
      "Headers": {
        "x-ms-unique-id": [ "8" ],
        "x-ms-client-request-id": [ "eb4ad4d6-835d-436a-822b-d7413964e582" ],
        "CommandName": [ "Get-AzNetworkSecurityPerimeterAccessRule" ],
        "FullCommandName": [ "Get-AzNetworkSecurityPerimeterAccessRule_Get" ],
        "ParameterSetName": [ "__AllParameterSets" ],
        "User-Agent": [ "AzurePowershell/v10.2.0", "PSVersion/v7.5.3", "Az.NetworkSecurityPerimeter/0.1.0" ],
        "Authorization": [ "[Filtered]" ]
      },
      "ContentHeaders": {
      }
    },
    "Response": {
      "StatusCode": 200,
      "Headers": {
        "Cache-Control": [ "no-cache" ],
        "Pragma": [ "no-cache" ],
        "Strict-Transport-Security": [ "max-age=31536000; includeSubDomains" ],
        "x-ms-operation-identifier": [ "tenantId=72f988bf-86f1-41af-91ab-2d7cd011db47,objectId=37ca76fe-83f1-4c59-823b-b1953db8111c/eastus2euap/23acdde0-70f8-4675-9791-ae7e731cc36e" ],
        "x-ms-throttling-version": [ "v2" ],
        "x-ms-ratelimit-remaining-subscription-reads": [ "1095" ],
        "x-ms-request-id": [ "8ce3096e-a7d8-489c-966c-503fb0eab75b" ],
        "x-ms-correlation-request-id": [ "8ce3096e-a7d8-489c-966c-503fb0eab75b" ],
        "x-ms-routing-request-id": [ "EASTUS2EUAP:20251006T081743Z:8ce3096e-a7d8-489c-966c-503fb0eab75b" ],
        "X-Content-Type-Options": [ "nosniff" ],
        "X-Cache": [ "CONFIG_NOCACHE" ],
        "X-MSEdge-Ref": [ "Ref A: 8F00C244A87149BD96CC57BC469D03B9 Ref B: MNZ221060619051 Ref C: 2025-10-06T08:17:43Z" ],
        "Date": [ "Mon, 06 Oct 2025 08:17:43 GMT" ]
      },
      "ContentHeaders": {
        "Content-Length": [ "798" ],
        "Content-Type": [ "application/json; charset=utf-8" ],
        "Expires": [ "-1" ]
      },
      "Content": "{\"name\":\"t-ar1\",\"id\":\"/subscriptions/3846cb0f-4afa-47ee-8ea4-1c8449c8c8d9/resourceGroups/psrg_tl8jx/providers/Microsoft.Network/networkSecurityPerimeters/tl8jxt-nsp1/profiles/t-profile1/accessRules/t-ar1\",\"type\":\"Microsoft.Network/networkSecurityPerimeters/profiles/accessRules\",\"properties\":{\"provisioningState\":\"Succeeded\",\"direction\":\"Inbound\",\"addressPrefixes\":[\"10.10.0.0/16\"],\"fullyQualifiedDomainNames\":[],\"subscriptions\":[],\"networkSecurityPerimeters\":[],\"emailAddresses\":[],\"phoneNumbers\":[],\"appliesTo\":[{\"resourceType\":\"*\",\"features\":[\"*\"]}]},\"systemData\":{\"createdBy\":\"karthikgumpu@microsoft.com\",\"createdByType\":\"User\",\"createdAt\":\"2025-10-06T08:17:02.4408230Z\",\"lastModifiedBy\":\"karthikgumpu@microsoft.com\",\"lastModifiedByType\":\"User\",\"lastModifiedAt\":\"2025-10-06T08:17:02.4408230Z\"}}",
      "isContentBase64": false
    }
  },
  "Get-AzNetworkSecurityPerimeterAccessRule+[NoContext]+GetViaIdentity+$GET+https://management.azure.com/subscriptions/3846cb0f-4afa-47ee-8ea4-1c8449c8c8d9/resourceGroups/psrg_tl8jx/providers/Microsoft.Network/networkSecurityPerimeters/tl8jxt-nsp1/profiles/t-profile1/accessRules/t-ar1?api-version=2024-10-01+1": {
    "Request": {
      "Method": "GET",
      "RequestUri": "https://management.azure.com/subscriptions/3846cb0f-4afa-47ee-8ea4-1c8449c8c8d9/resourceGroups/psrg_tl8jx/providers/Microsoft.Network/networkSecurityPerimeters/tl8jxt-nsp1/profiles/t-profile1/accessRules/t-ar1?api-version=2024-10-01",
      "Content": null,
      "isContentBase64": false,
      "Headers": {
        "x-ms-unique-id": [ "9" ],
        "x-ms-client-request-id": [ "08a3755f-3331-4f16-b55f-891bead972a6" ],
        "CommandName": [ "Get-AzNetworkSecurityPerimeterAccessRule" ],
        "FullCommandName": [ "Get-AzNetworkSecurityPerimeterAccessRule_Get" ],
        "ParameterSetName": [ "__AllParameterSets" ],
        "User-Agent": [ "AzurePowershell/v10.2.0", "PSVersion/v7.5.3", "Az.NetworkSecurityPerimeter/0.1.0" ],
        "Authorization": [ "[Filtered]" ]
      },
      "ContentHeaders": {
      }
    },
    "Response": {
      "StatusCode": 200,
      "Headers": {
        "Cache-Control": [ "no-cache" ],
        "Pragma": [ "no-cache" ],
        "Strict-Transport-Security": [ "max-age=31536000; includeSubDomains" ],
        "x-ms-operation-identifier": [ "tenantId=72f988bf-86f1-41af-91ab-2d7cd011db47,objectId=37ca76fe-83f1-4c59-823b-b1953db8111c/eastus2euap/54d8cb0d-52e2-428d-8d54-28faf164df18" ],
        "x-ms-throttling-version": [ "v2" ],
        "x-ms-ratelimit-remaining-subscription-reads": [ "1099" ],
        "x-ms-request-id": [ "6e221547-c41c-4651-9f60-97eedda4a347" ],
        "x-ms-correlation-request-id": [ "6e221547-c41c-4651-9f60-97eedda4a347" ],
        "x-ms-routing-request-id": [ "EASTUS2EUAP:20251006T081744Z:6e221547-c41c-4651-9f60-97eedda4a347" ],
        "X-Content-Type-Options": [ "nosniff" ],
        "X-Cache": [ "CONFIG_NOCACHE" ],
        "X-MSEdge-Ref": [ "Ref A: 4B4BB9B3294A438FB91A78827DCB88C4 Ref B: MNZ221060619051 Ref C: 2025-10-06T08:17:44Z" ],
        "Date": [ "Mon, 06 Oct 2025 08:17:43 GMT" ]
      },
      "ContentHeaders": {
        "Content-Length": [ "798" ],
        "Content-Type": [ "application/json; charset=utf-8" ],
        "Expires": [ "-1" ]
      },
      "Content": "{\"name\":\"t-ar1\",\"id\":\"/subscriptions/3846cb0f-4afa-47ee-8ea4-1c8449c8c8d9/resourceGroups/psrg_tl8jx/providers/Microsoft.Network/networkSecurityPerimeters/tl8jxt-nsp1/profiles/t-profile1/accessRules/t-ar1\",\"type\":\"Microsoft.Network/networkSecurityPerimeters/profiles/accessRules\",\"properties\":{\"provisioningState\":\"Succeeded\",\"direction\":\"Inbound\",\"addressPrefixes\":[\"10.10.0.0/16\"],\"fullyQualifiedDomainNames\":[],\"subscriptions\":[],\"networkSecurityPerimeters\":[],\"emailAddresses\":[],\"phoneNumbers\":[],\"appliesTo\":[{\"resourceType\":\"*\",\"features\":[\"*\"]}]},\"systemData\":{\"createdBy\":\"karthikgumpu@microsoft.com\",\"createdByType\":\"User\",\"createdAt\":\"2025-10-06T08:17:02.4408230Z\",\"lastModifiedBy\":\"karthikgumpu@microsoft.com\",\"lastModifiedByType\":\"User\",\"lastModifiedAt\":\"2025-10-06T08:17:02.4408230Z\"}}",
      "isContentBase64": false
    }
  },
  "Get-AzNetworkSecurityPerimeterAccessRule+[NoContext]+GetViaIdentity+$GET+https://management.azure.com/subscriptions/3846cb0f-4afa-47ee-8ea4-1c8449c8c8d9/resourceGroups/psrg_tl8jx/providers/Microsoft.Network/networkSecurityPerimeters/tl8jxt-nsp1/profiles/t-profile1/accessRules/t-ar1?api-version=2024-10-01+2": {
    "Request": {
      "Method": "GET",
      "RequestUri": "https://management.azure.com/subscriptions/3846cb0f-4afa-47ee-8ea4-1c8449c8c8d9/resourceGroups/psrg_tl8jx/providers/Microsoft.Network/networkSecurityPerimeters/tl8jxt-nsp1/profiles/t-profile1/accessRules/t-ar1?api-version=2024-10-01",
      "Content": null,
      "isContentBase64": false,
      "Headers": {
        "x-ms-unique-id": [ "10" ],
        "x-ms-client-request-id": [ "73a55d1f-8b79-4977-a0e0-858489dbe8f4" ],
        "CommandName": [ "Get-AzNetworkSecurityPerimeterAccessRule" ],
        "FullCommandName": [ "Get-AzNetworkSecurityPerimeterAccessRule_GetViaIdentity" ],
        "ParameterSetName": [ "__AllParameterSets" ],
        "User-Agent": [ "AzurePowershell/v10.2.0", "PSVersion/v7.5.3", "Az.NetworkSecurityPerimeter/0.1.0" ],
        "Authorization": [ "[Filtered]" ]
      },
      "ContentHeaders": {
      }
    },
    "Response": {
      "StatusCode": 200,
      "Headers": {
        "Cache-Control": [ "no-cache" ],
        "Pragma": [ "no-cache" ],
        "Strict-Transport-Security": [ "max-age=31536000; includeSubDomains" ],
        "x-ms-operation-identifier": [ "tenantId=72f988bf-86f1-41af-91ab-2d7cd011db47,objectId=37ca76fe-83f1-4c59-823b-b1953db8111c/eastus2euap/6912c378-01d4-4483-93ff-417414dd0492" ],
        "x-ms-throttling-version": [ "v2" ],
        "x-ms-ratelimit-remaining-subscription-reads": [ "1098" ],
        "x-ms-request-id": [ "c080fa15-62e7-4fb2-8c08-7e3eb14a3f6a" ],
        "x-ms-correlation-request-id": [ "c080fa15-62e7-4fb2-8c08-7e3eb14a3f6a" ],
        "x-ms-routing-request-id": [ "EASTUS2EUAP:20251006T081744Z:c080fa15-62e7-4fb2-8c08-7e3eb14a3f6a" ],
        "X-Content-Type-Options": [ "nosniff" ],
        "X-Cache": [ "CONFIG_NOCACHE" ],
        "X-MSEdge-Ref": [ "Ref A: 23F8BE6265114C78879299750A6BB382 Ref B: MNZ221060619051 Ref C: 2025-10-06T08:17:44Z" ],
        "Date": [ "Mon, 06 Oct 2025 08:17:43 GMT" ]
      },
      "ContentHeaders": {
        "Content-Length": [ "798" ],
        "Content-Type": [ "application/json; charset=utf-8" ],
        "Expires": [ "-1" ]
      },
      "Content": "{\"name\":\"t-ar1\",\"id\":\"/subscriptions/3846cb0f-4afa-47ee-8ea4-1c8449c8c8d9/resourceGroups/psrg_tl8jx/providers/Microsoft.Network/networkSecurityPerimeters/tl8jxt-nsp1/profiles/t-profile1/accessRules/t-ar1\",\"type\":\"Microsoft.Network/networkSecurityPerimeters/profiles/accessRules\",\"properties\":{\"provisioningState\":\"Succeeded\",\"direction\":\"Inbound\",\"addressPrefixes\":[\"10.10.0.0/16\"],\"fullyQualifiedDomainNames\":[],\"subscriptions\":[],\"networkSecurityPerimeters\":[],\"emailAddresses\":[],\"phoneNumbers\":[],\"appliesTo\":[{\"resourceType\":\"*\",\"features\":[\"*\"]}]},\"systemData\":{\"createdBy\":\"karthikgumpu@microsoft.com\",\"createdByType\":\"User\",\"createdAt\":\"2025-10-06T08:17:02.4408230Z\",\"lastModifiedBy\":\"karthikgumpu@microsoft.com\",\"lastModifiedByType\":\"User\",\"lastModifiedAt\":\"2025-10-06T08:17:02.4408230Z\"}}",
      "isContentBase64": false
    }
  }
}