{
  "Get-AzNetworkSecurityPerimeterProfile+[NoContext]+List+$GET+https://management.azure.com/subscriptions/3846cb0f-4afa-47ee-8ea4-1c8449c8c8d9/resourceGroups/psrg_tlqir/providers/Microsoft.Network/networkSecurityPerimeters/tlqirt-nsp1/profiles?api-version=2025-05-01+1": {
    "Request": {
      "Method": "GET",
      "RequestUri": "https://management.azure.com/subscriptions/3846cb0f-4afa-47ee-8ea4-1c8449c8c8d9/resourceGroups/psrg_tlqir/providers/Microsoft.Network/networkSecurityPerimeters/tlqirt-nsp1/profiles?api-version=2025-05-01",
      "Content": null,
      "isContentBase64": false,
      "Headers": {
        "x-ms-unique-id": [ "31" ],
        "x-ms-client-request-id": [ "dca4c8c2-68ae-4b1f-b951-734b04a2ee47" ],
        "CommandName": [ "Get-AzNetworkSecurityPerimeterProfile" ],
        "FullCommandName": [ "Get-AzNetworkSecurityPerimeterProfile_List" ],
        "ParameterSetName": [ "__AllParameterSets" ],
        "User-Agent": [ "AzurePowershell/v10.2.0", "PSVersion/v7.5.4", "Az.NetworkSecurityPerimeter/0.1.0" ],
        "Authorization": [ "[Filtered]" ]
      },
      "ContentHeaders": {
      }
    },
    "Response": {
      "StatusCode": 200,
      "Headers": {
        "Cache-Control": [ "no-cache" ],
        "Pragma": [ "no-cache" ],
        "Strict-Transport-Security": [ "max-age=31536000; includeSubDomains" ],
        "x-ms-operation-identifier": [ "tenantId=72f988bf-86f1-41af-91ab-2d7cd011db47,objectId=37ca76fe-83f1-4c59-823b-b1953db8111c/eastus2euap/7a8aae05-0bf6-4b14-968d-c3f1d75d3dad" ],
        "x-ms-throttling-version": [ "v2" ],
        "x-ms-ratelimit-remaining-subscription-reads": [ "1095" ],
        "x-ms-request-id": [ "12c1c2d5-07b8-426a-ba53-f0edb7395f5a" ],
        "x-ms-correlation-request-id": [ "12c1c2d5-07b8-426a-ba53-f0edb7395f5a" ],
        "x-ms-routing-request-id": [ "EASTUS2EUAP:20260119T072931Z:12c1c2d5-07b8-426a-ba53-f0edb7395f5a" ],
        "X-Content-Type-Options": [ "nosniff" ],
        "X-Cache": [ "CONFIG_NOCACHE" ],
        "X-MSEdge-Ref": [ "Ref A: 144D4F12729744FFBA3EE113BED2F760 Ref B: MNZ221060619049 Ref C: 2026-01-19T07:29:31Z" ],
        "Date": [ "Mon, 19 Jan 2026 07:29:30 GMT" ]
      },
      "ContentHeaders": {
        "Content-Length": [ "1813" ],
        "Content-Type": [ "application/json; charset=utf-8" ],
        "Expires": [ "-1" ]
      },
      "Content": "{\"nextLink\":\"\",\"value\":[{\"name\":\"t-profile1\",\"id\":\"/subscriptions/3846cb0f-4afa-47ee-8ea4-1c8449c8c8d9/resourceGroups/psrg_tlqir/providers/Microsoft.Network/networkSecurityPerimeters/tlqirt-nsp1/profiles/t-profile1\",\"type\":\"Microsoft.Network/networkSecurityPerimeters/profiles\",\"properties\":{\"accessRulesVersion\":\"4\",\"diagnosticSettingsVersion\":\"0\"},\"location\":\"eastus2euap\",\"systemData\":{\"createdBy\":\"karthikgumpu@microsoft.com\",\"createdByType\":\"User\",\"createdAt\":\"2026-01-19T07:28:44.4002776Z\",\"lastModifiedBy\":\"karthikgumpu@microsoft.com\",\"lastModifiedByType\":\"User\",\"lastModifiedAt\":\"2026-01-19T07:28:44.4002776Z\"}},{\"name\":\"t-profile2\",\"id\":\"/subscriptions/3846cb0f-4afa-47ee-8ea4-1c8449c8c8d9/resourceGroups/psrg_tlqir/providers/Microsoft.Network/networkSecurityPerimeters/tlqirt-nsp1/profiles/t-profile2\",\"type\":\"Microsoft.Network/networkSecurityPerimeters/profiles\",\"properties\":{\"accessRulesVersion\":\"0\",\"diagnosticSettingsVersion\":\"0\"},\"location\":\"eastus2euap\",\"systemData\":{\"createdBy\":\"karthikgumpu@microsoft.com\",\"createdByType\":\"User\",\"createdAt\":\"2026-01-19T07:28:44.4002776Z\",\"lastModifiedBy\":\"karthikgumpu@microsoft.com\",\"lastModifiedByType\":\"User\",\"lastModifiedAt\":\"2026-01-19T07:28:44.4002776Z\"}},{\"name\":\"t-profile3\",\"id\":\"/subscriptions/3846cb0f-4afa-47ee-8ea4-1c8449c8c8d9/resourceGroups/psrg_tlqir/providers/Microsoft.Network/networkSecurityPerimeters/tlqirt-nsp1/profiles/t-profile3\",\"type\":\"Microsoft.Network/networkSecurityPerimeters/profiles\",\"properties\":{\"accessRulesVersion\":\"0\",\"diagnosticSettingsVersion\":\"0\"},\"location\":\"eastus2euap\",\"systemData\":{\"createdBy\":\"karthikgumpu@microsoft.com\",\"createdByType\":\"User\",\"createdAt\":\"2026-01-19T07:28:44.4002776Z\",\"lastModifiedBy\":\"karthikgumpu@microsoft.com\",\"lastModifiedByType\":\"User\",\"lastModifiedAt\":\"2026-01-19T07:28:44.4002776Z\"}}]}",
      "isContentBase64": false
    }
  },
  "Get-AzNetworkSecurityPerimeterProfile+[NoContext]+Get+$GET+https://management.azure.com/subscriptions/3846cb0f-4afa-47ee-8ea4-1c8449c8c8d9/resourceGroups/psrg_tlqir/providers/Microsoft.Network/networkSecurityPerimeters/tlqirt-nsp1/profiles/t-profile1?api-version=2025-05-01+1": {
    "Request": {
      "Method": "GET",
      "RequestUri": "https://management.azure.com/subscriptions/3846cb0f-4afa-47ee-8ea4-1c8449c8c8d9/resourceGroups/psrg_tlqir/providers/Microsoft.Network/networkSecurityPerimeters/tlqirt-nsp1/profiles/t-profile1?api-version=2025-05-01",
      "Content": null,
      "isContentBase64": false,
      "Headers": {
        "x-ms-unique-id": [ "32" ],
        "x-ms-client-request-id": [ "1e27d2c5-cf00-48ee-824d-c2e3dc048c39" ],
        "CommandName": [ "Get-AzNetworkSecurityPerimeterProfile" ],
        "FullCommandName": [ "Get-AzNetworkSecurityPerimeterProfile_Get" ],
        "ParameterSetName": [ "__AllParameterSets" ],
        "User-Agent": [ "AzurePowershell/v10.2.0", "PSVersion/v7.5.4", "Az.NetworkSecurityPerimeter/0.1.0" ],
        "Authorization": [ "[Filtered]" ]
      },
      "ContentHeaders": {
      }
    },
    "Response": {
      "StatusCode": 200,
      "Headers": {
        "Cache-Control": [ "no-cache" ],
        "Pragma": [ "no-cache" ],
        "Strict-Transport-Security": [ "max-age=31536000; includeSubDomains" ],
        "x-ms-operation-identifier": [ "tenantId=72f988bf-86f1-41af-91ab-2d7cd011db47,objectId=37ca76fe-83f1-4c59-823b-b1953db8111c/eastus2euap/41c2c4de-b3c4-4803-b0e1-e31aff44f62b" ],
        "x-ms-throttling-version": [ "v2" ],
        "x-ms-ratelimit-remaining-subscription-reads": [ "1095" ],
        "x-ms-request-id": [ "ca0a0de3-1bd4-426b-8bd8-ff8d4cc3eb3b" ],
        "x-ms-correlation-request-id": [ "ca0a0de3-1bd4-426b-8bd8-ff8d4cc3eb3b" ],
        "x-ms-routing-request-id": [ "EASTUS2EUAP:20260119T072931Z:ca0a0de3-1bd4-426b-8bd8-ff8d4cc3eb3b" ],
        "X-Content-Type-Options": [ "nosniff" ],
        "X-Cache": [ "CONFIG_NOCACHE" ],
        "X-MSEdge-Ref": [ "Ref A: 719FCCB7EEA74B308A5462ACBD443674 Ref B: MNZ221060619049 Ref C: 2026-01-19T07:29:31Z" ],
        "Date": [ "Mon, 19 Jan 2026 07:29:31 GMT" ]
      },
      "ContentHeaders": {
        "Content-Length": [ "595" ],
        "Content-Type": [ "application/json; charset=utf-8" ],
        "Expires": [ "-1" ]
      },
      "Content": "{\"name\":\"t-profile1\",\"id\":\"/subscriptions/3846cb0f-4afa-47ee-8ea4-1c8449c8c8d9/resourceGroups/psrg_tlqir/providers/Microsoft.Network/networkSecurityPerimeters/tlqirt-nsp1/profiles/t-profile1\",\"type\":\"Microsoft.Network/networkSecurityPerimeters/profiles\",\"properties\":{\"accessRulesVersion\":\"4\",\"diagnosticSettingsVersion\":\"0\"},\"location\":\"eastus2euap\",\"systemData\":{\"createdBy\":\"karthikgumpu@microsoft.com\",\"createdByType\":\"User\",\"createdAt\":\"2026-01-19T07:28:44.4002776Z\",\"lastModifiedBy\":\"karthikgumpu@microsoft.com\",\"lastModifiedByType\":\"User\",\"lastModifiedAt\":\"2026-01-19T07:28:44.4002776Z\"}}",
      "isContentBase64": false
    }
  },
  "Get-AzNetworkSecurityPerimeterProfile+[NoContext]+GetViaIdentity+$GET+https://management.azure.com/subscriptions/3846cb0f-4afa-47ee-8ea4-1c8449c8c8d9/resourceGroups/psrg_tlqir/providers/Microsoft.Network/networkSecurityPerimeters/tlqirt-nsp1/profiles/t-profile1?api-version=2025-05-01+1": {
    "Request": {
      "Method": "GET",
      "RequestUri": "https://management.azure.com/subscriptions/3846cb0f-4afa-47ee-8ea4-1c8449c8c8d9/resourceGroups/psrg_tlqir/providers/Microsoft.Network/networkSecurityPerimeters/tlqirt-nsp1/profiles/t-profile1?api-version=2025-05-01",
      "Content": null,
      "isContentBase64": false,
      "Headers": {
        "x-ms-unique-id": [ "33" ],
        "x-ms-client-request-id": [ "0ce38c24-8faf-4848-ae0b-cb9957f2aadd" ],
        "CommandName": [ "Get-AzNetworkSecurityPerimeterProfile" ],
        "FullCommandName": [ "Get-AzNetworkSecurityPerimeterProfile_Get" ],
        "ParameterSetName": [ "__AllParameterSets" ],
        "User-Agent": [ "AzurePowershell/v10.2.0", "PSVersion/v7.5.4", "Az.NetworkSecurityPerimeter/0.1.0" ],
        "Authorization": [ "[Filtered]" ]
      },
      "ContentHeaders": {
      }
    },
    "Response": {
      "StatusCode": 200,
      "Headers": {
        "Cache-Control": [ "no-cache" ],
        "Pragma": [ "no-cache" ],
        "Strict-Transport-Security": [ "max-age=31536000; includeSubDomains" ],
        "x-ms-operation-identifier": [ "tenantId=72f988bf-86f1-41af-91ab-2d7cd011db47,objectId=37ca76fe-83f1-4c59-823b-b1953db8111c/eastus2euap/c2ea7e90-13b2-47b3-8c65-3dd2d288676e" ],
        "x-ms-throttling-version": [ "v2" ],
        "x-ms-ratelimit-remaining-subscription-reads": [ "1094" ],
        "x-ms-request-id": [ "602bf622-3a21-49e6-b007-aef7f24085ba" ],
        "x-ms-correlation-request-id": [ "602bf622-3a21-49e6-b007-aef7f24085ba" ],
        "x-ms-routing-request-id": [ "EASTUS2EUAP:20260119T072931Z:602bf622-3a21-49e6-b007-aef7f24085ba" ],
        "X-Content-Type-Options": [ "nosniff" ],
        "X-Cache": [ "CONFIG_NOCACHE" ],
        "X-MSEdge-Ref": [ "Ref A: FD156D3D191B458AA471D7901EEDE68A Ref B: MNZ221060619049 Ref C: 2026-01-19T07:29:31Z" ],
        "Date": [ "Mon, 19 Jan 2026 07:29:31 GMT" ]
      },
      "ContentHeaders": {
        "Content-Length": [ "595" ],
        "Content-Type": [ "application/json; charset=utf-8" ],
        "Expires": [ "-1" ]
      },
      "Content": "{\"name\":\"t-profile1\",\"id\":\"/subscriptions/3846cb0f-4afa-47ee-8ea4-1c8449c8c8d9/resourceGroups/psrg_tlqir/providers/Microsoft.Network/networkSecurityPerimeters/tlqirt-nsp1/profiles/t-profile1\",\"type\":\"Microsoft.Network/networkSecurityPerimeters/profiles\",\"properties\":{\"accessRulesVersion\":\"4\",\"diagnosticSettingsVersion\":\"0\"},\"location\":\"eastus2euap\",\"systemData\":{\"createdBy\":\"karthikgumpu@microsoft.com\",\"createdByType\":\"User\",\"createdAt\":\"2026-01-19T07:28:44.4002776Z\",\"lastModifiedBy\":\"karthikgumpu@microsoft.com\",\"lastModifiedByType\":\"User\",\"lastModifiedAt\":\"2026-01-19T07:28:44.4002776Z\"}}",
      "isContentBase64": false
    }
  },
  "Get-AzNetworkSecurityPerimeterProfile+[NoContext]+GetViaIdentity+$GET+https://management.azure.com/subscriptions/3846cb0f-4afa-47ee-8ea4-1c8449c8c8d9/resourceGroups/psrg_tlqir/providers/Microsoft.Network/networkSecurityPerimeters/tlqirt-nsp1/profiles/t-profile1?api-version=2025-05-01+2": {
    "Request": {
      "Method": "GET",
      "RequestUri": "https://management.azure.com/subscriptions/3846cb0f-4afa-47ee-8ea4-1c8449c8c8d9/resourceGroups/psrg_tlqir/providers/Microsoft.Network/networkSecurityPerimeters/tlqirt-nsp1/profiles/t-profile1?api-version=2025-05-01",
      "Content": null,
      "isContentBase64": false,
      "Headers": {
        "x-ms-unique-id": [ "34" ],
        "x-ms-client-request-id": [ "a611085b-6537-4804-83de-0874cb112386" ],
        "CommandName": [ "Get-AzNetworkSecurityPerimeterProfile" ],
        "FullCommandName": [ "Get-AzNetworkSecurityPerimeterProfile_GetViaIdentity" ],
        "ParameterSetName": [ "__AllParameterSets" ],
        "User-Agent": [ "AzurePowershell/v10.2.0", "PSVersion/v7.5.4", "Az.NetworkSecurityPerimeter/0.1.0" ],
        "Authorization": [ "[Filtered]" ]
      },
      "ContentHeaders": {
      }
    },
    "Response": {
      "StatusCode": 200,
      "Headers": {
        "Cache-Control": [ "no-cache" ],
        "Pragma": [ "no-cache" ],
        "Strict-Transport-Security": [ "max-age=31536000; includeSubDomains" ],
        "x-ms-operation-identifier": [ "tenantId=72f988bf-86f1-41af-91ab-2d7cd011db47,objectId=37ca76fe-83f1-4c59-823b-b1953db8111c/eastus2euap/9c7aa9e4-3789-45f9-92da-4775d2da8df4" ],
        "x-ms-throttling-version": [ "v2" ],
        "x-ms-ratelimit-remaining-subscription-reads": [ "1094" ],
        "x-ms-request-id": [ "a3a5e503-4b75-47ba-923f-0a5051ff744b" ],
        "x-ms-correlation-request-id": [ "a3a5e503-4b75-47ba-923f-0a5051ff744b" ],
        "x-ms-routing-request-id": [ "EASTUS2EUAP:20260119T072932Z:a3a5e503-4b75-47ba-923f-0a5051ff744b" ],
        "X-Content-Type-Options": [ "nosniff" ],
        "X-Cache": [ "CONFIG_NOCACHE" ],
        "X-MSEdge-Ref": [ "Ref A: D9CD982F8D974560B8CD779A42BFAEB4 Ref B: MNZ221060619049 Ref C: 2026-01-19T07:29:32Z" ],
        "Date": [ "Mon, 19 Jan 2026 07:29:31 GMT" ]
      },
      "ContentHeaders": {
        "Content-Length": [ "595" ],
        "Content-Type": [ "application/json; charset=utf-8" ],
        "Expires": [ "-1" ]
      },
      "Content": "{\"name\":\"t-profile1\",\"id\":\"/subscriptions/3846cb0f-4afa-47ee-8ea4-1c8449c8c8d9/resourceGroups/psrg_tlqir/providers/Microsoft.Network/networkSecurityPerimeters/tlqirt-nsp1/profiles/t-profile1\",\"type\":\"Microsoft.Network/networkSecurityPerimeters/profiles\",\"properties\":{\"accessRulesVersion\":\"4\",\"diagnosticSettingsVersion\":\"0\"},\"location\":\"eastus2euap\",\"systemData\":{\"createdBy\":\"karthikgumpu@microsoft.com\",\"createdByType\":\"User\",\"createdAt\":\"2026-01-19T07:28:44.4002776Z\",\"lastModifiedBy\":\"karthikgumpu@microsoft.com\",\"lastModifiedByType\":\"User\",\"lastModifiedAt\":\"2026-01-19T07:28:44.4002776Z\"}}",
      "isContentBase64": false
    }
  }
}