{
  "Get-AzNetworkSecurityPerimeterLink+[NoContext]+List+$GET+https://management.azure.com/subscriptions/3846cb0f-4afa-47ee-8ea4-1c8449c8c8d9/resourceGroups/psrg_t0zm9/providers/Microsoft.Network/networkSecurityPerimeters/t0zm9t-nsp2/links?api-version=2024-07-01+1": {
    "Request": {
      "Method": "GET",
      "RequestUri": "https://management.azure.com/subscriptions/3846cb0f-4afa-47ee-8ea4-1c8449c8c8d9/resourceGroups/psrg_t0zm9/providers/Microsoft.Network/networkSecurityPerimeters/t0zm9t-nsp2/links?api-version=2024-07-01",
      "Content": null,
      "isContentBase64": false,
      "Headers": {
        "x-ms-unique-id": [ "18" ],
        "x-ms-client-request-id": [ "908a0e8b-8ea3-4f66-b345-3b5124e9811a" ],
        "CommandName": [ "Get-AzNetworkSecurityPerimeterLink" ],
        "FullCommandName": [ "Get-AzNetworkSecurityPerimeterLink_List" ],
        "ParameterSetName": [ "__AllParameterSets" ],
        "User-Agent": [ "AzurePowershell/v10.2.0", "PSVersion/v7.4.7", "Az.NetworkSecurityPerimeter/0.1.0" ],
        "Authorization": [ "[Filtered]" ]
      },
      "ContentHeaders": {
      }
    },
    "Response": {
      "StatusCode": 200,
      "Headers": {
        "Cache-Control": [ "no-cache" ],
        "Pragma": [ "no-cache" ],
        "Strict-Transport-Security": [ "max-age=31536000; includeSubDomains" ],
        "x-ms-operation-identifier": [ "tenantId=72f988bf-86f1-41af-91ab-2d7cd011db47,objectId=37ca76fe-83f1-4c59-823b-b1953db8111c/eastus/5474448a-c9db-4b3e-ac28-fc8fc60a9507" ],
        "x-ms-ratelimit-remaining-subscription-reads": [ "1099" ],
        "x-ms-ratelimit-remaining-subscription-global-reads": [ "16499" ],
        "x-ms-request-id": [ "87c2fb86-725c-4c95-8906-d6a17662fb61" ],
        "x-ms-correlation-request-id": [ "87c2fb86-725c-4c95-8906-d6a17662fb61" ],
        "x-ms-routing-request-id": [ "EASTUS:20250516T091257Z:87c2fb86-725c-4c95-8906-d6a17662fb61" ],
        "X-Content-Type-Options": [ "nosniff" ],
        "X-Cache": [ "CONFIG_NOCACHE" ],
        "X-MSEdge-Ref": [ "Ref A: 024ECD718D184EA8A61D410D3A29009D Ref B: MNZ221060618051 Ref C: 2025-05-16T09:12:56Z" ],
        "Date": [ "Fri, 16 May 2025 09:12:56 GMT" ]
      },
      "ContentHeaders": {
        "Content-Length": [ "773" ],
        "Content-Type": [ "application/json; charset=utf-8" ],
        "Expires": [ "-1" ]
      },
      "Content": "{\"nextLink\":\"\",\"value\":[{\"name\":\"t-link1\",\"id\":\"/subscriptions/3846cb0f-4afa-47ee-8ea4-1c8449c8c8d9/resourceGroups/psrg_t0zm9/providers/Microsoft.Network/networkSecurityPerimeters/t0zm9t-nsp2/links/t-link1\",\"type\":\"Microsoft.Network/networkSecurityPerimeters/links\",\"properties\":{\"provisioningState\":\"Succeeded\",\"autoApprovedRemotePerimeterResourceId\":\"/subscriptions/3846cb0f-4afa-47ee-8ea4-1c8449c8c8d9/resourceGroups/psrg_t0zm9/providers/Microsoft.Network/networkSecurityPerimeters/t0zm9t-nsp3\",\"remotePerimeterGuid\":\"70c662f8-a8cb-4ccd-8af0-cb95259abb03\",\"remotePerimeterLocation\":\"eastus2euap\",\"localInboundProfiles\":[\"*\"],\"localOutboundProfiles\":[\"*\"],\"remoteInboundProfiles\":[\"*\"],\"remoteOutboundProfiles\":[\"*\"],\"status\":\"Approved\",\"description\":\"Auto Approved.\"}}]}",
      "isContentBase64": false
    }
  },
  "Get-AzNetworkSecurityPerimeterLink+[NoContext]+Get+$GET+https://management.azure.com/subscriptions/3846cb0f-4afa-47ee-8ea4-1c8449c8c8d9/resourceGroups/psrg_t0zm9/providers/Microsoft.Network/networkSecurityPerimeters/t0zm9t-nsp2/links/t-link1?api-version=2024-07-01+1": {
    "Request": {
      "Method": "GET",
      "RequestUri": "https://management.azure.com/subscriptions/3846cb0f-4afa-47ee-8ea4-1c8449c8c8d9/resourceGroups/psrg_t0zm9/providers/Microsoft.Network/networkSecurityPerimeters/t0zm9t-nsp2/links/t-link1?api-version=2024-07-01",
      "Content": null,
      "isContentBase64": false,
      "Headers": {
        "x-ms-unique-id": [ "19" ],
        "x-ms-client-request-id": [ "523320ba-33fa-4aea-8f37-a07b98e88dc2" ],
        "CommandName": [ "Get-AzNetworkSecurityPerimeterLink" ],
        "FullCommandName": [ "Get-AzNetworkSecurityPerimeterLink_Get" ],
        "ParameterSetName": [ "__AllParameterSets" ],
        "User-Agent": [ "AzurePowershell/v10.2.0", "PSVersion/v7.4.7", "Az.NetworkSecurityPerimeter/0.1.0" ],
        "Authorization": [ "[Filtered]" ]
      },
      "ContentHeaders": {
      }
    },
    "Response": {
      "StatusCode": 200,
      "Headers": {
        "Cache-Control": [ "no-cache" ],
        "Pragma": [ "no-cache" ],
        "Strict-Transport-Security": [ "max-age=31536000; includeSubDomains" ],
        "x-ms-operation-identifier": [ "tenantId=72f988bf-86f1-41af-91ab-2d7cd011db47,objectId=37ca76fe-83f1-4c59-823b-b1953db8111c/eastus/ffc549f0-55da-46cd-89a4-dde2cd631027" ],
        "x-ms-ratelimit-remaining-subscription-reads": [ "1099" ],
        "x-ms-ratelimit-remaining-subscription-global-reads": [ "16499" ],
        "x-ms-request-id": [ "6e687587-336f-45e2-a696-8ebcc91f0710" ],
        "x-ms-correlation-request-id": [ "6e687587-336f-45e2-a696-8ebcc91f0710" ],
        "x-ms-routing-request-id": [ "EASTUS:20250516T091258Z:6e687587-336f-45e2-a696-8ebcc91f0710" ],
        "X-Content-Type-Options": [ "nosniff" ],
        "X-Cache": [ "CONFIG_NOCACHE" ],
        "X-MSEdge-Ref": [ "Ref A: 74666D796564405C95492BCC1C17B018 Ref B: MNZ221060618051 Ref C: 2025-05-16T09:12:57Z" ],
        "Date": [ "Fri, 16 May 2025 09:12:57 GMT" ]
      },
      "ContentHeaders": {
        "Content-Length": [ "747" ],
        "Content-Type": [ "application/json; charset=utf-8" ],
        "Expires": [ "-1" ]
      },
      "Content": "{\"name\":\"t-link1\",\"id\":\"/subscriptions/3846cb0f-4afa-47ee-8ea4-1c8449c8c8d9/resourceGroups/psrg_t0zm9/providers/Microsoft.Network/networkSecurityPerimeters/t0zm9t-nsp2/links/t-link1\",\"type\":\"Microsoft.Network/networkSecurityPerimeters/links\",\"properties\":{\"provisioningState\":\"Succeeded\",\"autoApprovedRemotePerimeterResourceId\":\"/subscriptions/3846cb0f-4afa-47ee-8ea4-1c8449c8c8d9/resourceGroups/psrg_t0zm9/providers/Microsoft.Network/networkSecurityPerimeters/t0zm9t-nsp3\",\"remotePerimeterGuid\":\"70c662f8-a8cb-4ccd-8af0-cb95259abb03\",\"remotePerimeterLocation\":\"eastus2euap\",\"localInboundProfiles\":[\"*\"],\"localOutboundProfiles\":[\"*\"],\"remoteInboundProfiles\":[\"*\"],\"remoteOutboundProfiles\":[\"*\"],\"status\":\"Approved\",\"description\":\"Auto Approved.\"}}",
      "isContentBase64": false
    }
  },
  "Get-AzNetworkSecurityPerimeterLink+[NoContext]+GetViaIdentity+$GET+https://management.azure.com/subscriptions/3846cb0f-4afa-47ee-8ea4-1c8449c8c8d9/resourceGroups/psrg_t0zm9/providers/Microsoft.Network/networkSecurityPerimeters/t0zm9t-nsp2/links/t-link1?api-version=2024-07-01+1": {
    "Request": {
      "Method": "GET",
      "RequestUri": "https://management.azure.com/subscriptions/3846cb0f-4afa-47ee-8ea4-1c8449c8c8d9/resourceGroups/psrg_t0zm9/providers/Microsoft.Network/networkSecurityPerimeters/t0zm9t-nsp2/links/t-link1?api-version=2024-07-01",
      "Content": null,
      "isContentBase64": false,
      "Headers": {
        "x-ms-unique-id": [ "20" ],
        "x-ms-client-request-id": [ "1a7309d6-debe-4108-b6d8-5850932335b1" ],
        "CommandName": [ "Get-AzNetworkSecurityPerimeterLink" ],
        "FullCommandName": [ "Get-AzNetworkSecurityPerimeterLink_Get" ],
        "ParameterSetName": [ "__AllParameterSets" ],
        "User-Agent": [ "AzurePowershell/v10.2.0", "PSVersion/v7.4.7", "Az.NetworkSecurityPerimeter/0.1.0" ],
        "Authorization": [ "[Filtered]" ]
      },
      "ContentHeaders": {
      }
    },
    "Response": {
      "StatusCode": 200,
      "Headers": {
        "Cache-Control": [ "no-cache" ],
        "Pragma": [ "no-cache" ],
        "Strict-Transport-Security": [ "max-age=31536000; includeSubDomains" ],
        "x-ms-operation-identifier": [ "tenantId=72f988bf-86f1-41af-91ab-2d7cd011db47,objectId=37ca76fe-83f1-4c59-823b-b1953db8111c/eastus/3a76bf2a-1284-48a2-bb71-f383f205ff0f" ],
        "x-ms-ratelimit-remaining-subscription-reads": [ "1099" ],
        "x-ms-ratelimit-remaining-subscription-global-reads": [ "16499" ],
        "x-ms-request-id": [ "841079e3-b8e5-4c70-916b-07751fe9df2c" ],
        "x-ms-correlation-request-id": [ "841079e3-b8e5-4c70-916b-07751fe9df2c" ],
        "x-ms-routing-request-id": [ "EASTUS:20250516T091259Z:841079e3-b8e5-4c70-916b-07751fe9df2c" ],
        "X-Content-Type-Options": [ "nosniff" ],
        "X-Cache": [ "CONFIG_NOCACHE" ],
        "X-MSEdge-Ref": [ "Ref A: E30640F500084A7A89065D810F53AB64 Ref B: MNZ221060618051 Ref C: 2025-05-16T09:12:58Z" ],
        "Date": [ "Fri, 16 May 2025 09:12:58 GMT" ]
      },
      "ContentHeaders": {
        "Content-Length": [ "747" ],
        "Content-Type": [ "application/json; charset=utf-8" ],
        "Expires": [ "-1" ]
      },
      "Content": "{\"name\":\"t-link1\",\"id\":\"/subscriptions/3846cb0f-4afa-47ee-8ea4-1c8449c8c8d9/resourceGroups/psrg_t0zm9/providers/Microsoft.Network/networkSecurityPerimeters/t0zm9t-nsp2/links/t-link1\",\"type\":\"Microsoft.Network/networkSecurityPerimeters/links\",\"properties\":{\"provisioningState\":\"Succeeded\",\"autoApprovedRemotePerimeterResourceId\":\"/subscriptions/3846cb0f-4afa-47ee-8ea4-1c8449c8c8d9/resourceGroups/psrg_t0zm9/providers/Microsoft.Network/networkSecurityPerimeters/t0zm9t-nsp3\",\"remotePerimeterGuid\":\"70c662f8-a8cb-4ccd-8af0-cb95259abb03\",\"remotePerimeterLocation\":\"eastus2euap\",\"localInboundProfiles\":[\"*\"],\"localOutboundProfiles\":[\"*\"],\"remoteInboundProfiles\":[\"*\"],\"remoteOutboundProfiles\":[\"*\"],\"status\":\"Approved\",\"description\":\"Auto Approved.\"}}",
      "isContentBase64": false
    }
  },
  "Get-AzNetworkSecurityPerimeterLink+[NoContext]+GetViaIdentity+$GET+https://management.azure.com/subscriptions/3846cb0f-4afa-47ee-8ea4-1c8449c8c8d9/resourceGroups/psrg_t0zm9/providers/Microsoft.Network/networkSecurityPerimeters/t0zm9t-nsp2/links/t-link1?api-version=2024-07-01+2": {
    "Request": {
      "Method": "GET",
      "RequestUri": "https://management.azure.com/subscriptions/3846cb0f-4afa-47ee-8ea4-1c8449c8c8d9/resourceGroups/psrg_t0zm9/providers/Microsoft.Network/networkSecurityPerimeters/t0zm9t-nsp2/links/t-link1?api-version=2024-07-01",
      "Content": null,
      "isContentBase64": false,
      "Headers": {
        "x-ms-unique-id": [ "21" ],
        "x-ms-client-request-id": [ "48e72587-62c0-4c79-a4de-49be07e9cfcc" ],
        "CommandName": [ "Get-AzNetworkSecurityPerimeterLink" ],
        "FullCommandName": [ "Get-AzNetworkSecurityPerimeterLink_GetViaIdentity" ],
        "ParameterSetName": [ "__AllParameterSets" ],
        "User-Agent": [ "AzurePowershell/v10.2.0", "PSVersion/v7.4.7", "Az.NetworkSecurityPerimeter/0.1.0" ],
        "Authorization": [ "[Filtered]" ]
      },
      "ContentHeaders": {
      }
    },
    "Response": {
      "StatusCode": 200,
      "Headers": {
        "Cache-Control": [ "no-cache" ],
        "Pragma": [ "no-cache" ],
        "Strict-Transport-Security": [ "max-age=31536000; includeSubDomains" ],
        "x-ms-operation-identifier": [ "tenantId=72f988bf-86f1-41af-91ab-2d7cd011db47,objectId=37ca76fe-83f1-4c59-823b-b1953db8111c/eastus/fec89733-546d-49fc-b60f-d0d859c1b1f3" ],
        "x-ms-ratelimit-remaining-subscription-reads": [ "1099" ],
        "x-ms-ratelimit-remaining-subscription-global-reads": [ "16499" ],
        "x-ms-request-id": [ "487ecca6-d85b-4341-8038-4ca8ff611d9c" ],
        "x-ms-correlation-request-id": [ "487ecca6-d85b-4341-8038-4ca8ff611d9c" ],
        "x-ms-routing-request-id": [ "EASTUS:20250516T091301Z:487ecca6-d85b-4341-8038-4ca8ff611d9c" ],
        "X-Content-Type-Options": [ "nosniff" ],
        "X-Cache": [ "CONFIG_NOCACHE" ],
        "X-MSEdge-Ref": [ "Ref A: 34C582786E7E454EB51331311FD2B962 Ref B: MNZ221060618051 Ref C: 2025-05-16T09:12:59Z" ],
        "Date": [ "Fri, 16 May 2025 09:13:00 GMT" ]
      },
      "ContentHeaders": {
        "Content-Length": [ "747" ],
        "Content-Type": [ "application/json; charset=utf-8" ],
        "Expires": [ "-1" ]
      },
      "Content": "{\"name\":\"t-link1\",\"id\":\"/subscriptions/3846cb0f-4afa-47ee-8ea4-1c8449c8c8d9/resourceGroups/psrg_t0zm9/providers/Microsoft.Network/networkSecurityPerimeters/t0zm9t-nsp2/links/t-link1\",\"type\":\"Microsoft.Network/networkSecurityPerimeters/links\",\"properties\":{\"provisioningState\":\"Succeeded\",\"autoApprovedRemotePerimeterResourceId\":\"/subscriptions/3846cb0f-4afa-47ee-8ea4-1c8449c8c8d9/resourceGroups/psrg_t0zm9/providers/Microsoft.Network/networkSecurityPerimeters/t0zm9t-nsp3\",\"remotePerimeterGuid\":\"70c662f8-a8cb-4ccd-8af0-cb95259abb03\",\"remotePerimeterLocation\":\"eastus2euap\",\"localInboundProfiles\":[\"*\"],\"localOutboundProfiles\":[\"*\"],\"remoteInboundProfiles\":[\"*\"],\"remoteOutboundProfiles\":[\"*\"],\"status\":\"Approved\",\"description\":\"Auto Approved.\"}}",
      "isContentBase64": false
    }
  }
}