{
  "New-AzNetworkSecurityPerimeterAccessRule+[NoContext]+CreateExpanded+$PUT+https://management.azure.com/subscriptions/3846cb0f-4afa-47ee-8ea4-1c8449c8c8d9/resourceGroups/psrg_tjzlk/providers/Microsoft.Network/networkSecurityPerimeters/tjzlkt-nsp1/profiles/t-profile2/accessRules/psaccessrule1?api-version=2023-08-01-preview+1": {
    "Request": {
      "Method": "PUT",
      "RequestUri": "https://management.azure.com/subscriptions/3846cb0f-4afa-47ee-8ea4-1c8449c8c8d9/resourceGroups/psrg_tjzlk/providers/Microsoft.Network/networkSecurityPerimeters/tjzlkt-nsp1/profiles/t-profile2/accessRules/psaccessrule1?api-version=2023-08-01-preview",
      "Content": "{\r\n  \"location\": \"eastus2euap\",\r\n  \"properties\": {\r\n    \"direction\": \"Inbound\",\r\n    \"addressPrefixes\": [ \"10.10.0.0/16\" ]\r\n  }\r\n}",
      "isContentBase64": false,
      "Headers": {
      },
      "ContentHeaders": {
        "Content-Type": [ "application/json" ],
        "Content-Length": [ "130" ]
      }
    },
    "Response": {
      "StatusCode": 200,
      "Headers": {
        "Cache-Control": [ "no-cache" ],
        "Pragma": [ "no-cache" ],
        "Strict-Transport-Security": [ "max-age=31536000; includeSubDomains" ],
        "x-ms-ratelimit-remaining-subscription-writes": [ "799" ],
        "x-ms-ratelimit-remaining-subscription-global-writes": [ "11999" ],
        "x-ms-request-id": [ "988076c4-acda-4b43-99ab-09e83955d6a4" ],
        "x-ms-correlation-request-id": [ "988076c4-acda-4b43-99ab-09e83955d6a4" ],
        "x-ms-routing-request-id": [ "EASTUS:20241106T173951Z:988076c4-acda-4b43-99ab-09e83955d6a4" ],
        "X-Content-Type-Options": [ "nosniff" ],
        "X-Cache": [ "CONFIG_NOCACHE" ],
        "X-MSEdge-Ref": [ "Ref A: 01C0936521264B75A3783B9F6D1584CD Ref B: MNZ221060608037 Ref C: 2024-11-06T17:39:49Z" ],
        "Date": [ "Wed, 06 Nov 2024 17:39:50 GMT" ]
      },
      "ContentHeaders": {
        "Content-Length": [ "518" ],
        "Content-Type": [ "application/json; charset=utf-8" ],
        "Expires": [ "-1" ]
      },
      "Content": "{\"name\":\"psaccessrule1\",\"id\":\"/subscriptions/3846cb0f-4afa-47ee-8ea4-1c8449c8c8d9/resourceGroups/psrg_tjzlk/providers/Microsoft.Network/networkSecurityPerimeters/tjzlkt-nsp1/profiles/t-profile2/accessRules/psaccessrule1\",\"type\":\"Microsoft.Network/networkSecurityPerimeters/profiles/accessRules\",\"properties\":{\"provisioningState\":\"Succeeded\",\"direction\":\"Inbound\",\"addressPrefixes\":[\"10.10.0.0/16\"],\"fullyQualifiedDomainNames\":[],\"subscriptions\":[],\"networkSecurityPerimeters\":[],\"emailAddresses\":[],\"phoneNumbers\":[]}}",
      "isContentBase64": false
    }
  },
  "New-AzNetworkSecurityPerimeterAccessRule+[NoContext]+CreateExpandedWithSubscriptions+$PUT+https://management.azure.com/subscriptions/3846cb0f-4afa-47ee-8ea4-1c8449c8c8d9/resourceGroups/psrg_tjzlk/providers/Microsoft.Network/networkSecurityPerimeters/tjzlkt-nsp1/profiles/t-profile2/accessRules/psaccessrule1?api-version=2023-08-01-preview+1": {
    "Request": {
      "Method": "PUT",
      "RequestUri": "https://management.azure.com/subscriptions/3846cb0f-4afa-47ee-8ea4-1c8449c8c8d9/resourceGroups/psrg_tjzlk/providers/Microsoft.Network/networkSecurityPerimeters/tjzlkt-nsp1/profiles/t-profile2/accessRules/psaccessrule1?api-version=2023-08-01-preview",
      "Content": "{\r\n  \"location\": \"eastus2euap\",\r\n  \"properties\": {\r\n    \"direction\": \"Inbound\",\r\n    \"subscriptions\": [\r\n      {\r\n        \"id\": \"/subscriptions/3846cb0f-4afa-47ee-8ea4-1c8449c8c8d9\"\r\n      }\r\n    ]\r\n  }\r\n}",
      "isContentBase64": false,
      "Headers": {
      },
      "ContentHeaders": {
        "Content-Type": [ "application/json" ],
        "Content-Length": [ "205" ]
      }
    },
    "Response": {
      "StatusCode": 200,
      "Headers": {
        "Cache-Control": [ "no-cache" ],
        "Pragma": [ "no-cache" ],
        "Strict-Transport-Security": [ "max-age=31536000; includeSubDomains" ],
        "x-ms-ratelimit-remaining-subscription-writes": [ "799" ],
        "x-ms-ratelimit-remaining-subscription-global-writes": [ "11999" ],
        "x-ms-request-id": [ "c05fd909-bab6-478a-b0fc-289c6bf013e3" ],
        "x-ms-correlation-request-id": [ "c05fd909-bab6-478a-b0fc-289c6bf013e3" ],
        "x-ms-routing-request-id": [ "EASTUS:20241106T173952Z:c05fd909-bab6-478a-b0fc-289c6bf013e3" ],
        "X-Content-Type-Options": [ "nosniff" ],
        "X-Cache": [ "CONFIG_NOCACHE" ],
        "X-MSEdge-Ref": [ "Ref A: CBD0327393C94C4F843562B86F38B274 Ref B: MNZ221060608037 Ref C: 2024-11-06T17:39:51Z" ],
        "Date": [ "Wed, 06 Nov 2024 17:39:51 GMT" ]
      },
      "ContentHeaders": {
        "Content-Length": [ "564" ],
        "Content-Type": [ "application/json; charset=utf-8" ],
        "Expires": [ "-1" ]
      },
      "Content": "{\"name\":\"psaccessrule1\",\"id\":\"/subscriptions/3846cb0f-4afa-47ee-8ea4-1c8449c8c8d9/resourceGroups/psrg_tjzlk/providers/Microsoft.Network/networkSecurityPerimeters/tjzlkt-nsp1/profiles/t-profile2/accessRules/psaccessrule1\",\"type\":\"Microsoft.Network/networkSecurityPerimeters/profiles/accessRules\",\"properties\":{\"provisioningState\":\"Succeeded\",\"direction\":\"Inbound\",\"addressPrefixes\":[],\"fullyQualifiedDomainNames\":[],\"subscriptions\":[{\"id\":\"/subscriptions/3846cb0f-4afa-47ee-8ea4-1c8449c8c8d9\"}],\"networkSecurityPerimeters\":[],\"emailAddresses\":[],\"phoneNumbers\":[]}}",
      "isContentBase64": false
    }
  },
  "New-AzNetworkSecurityPerimeterAccessRule+[NoContext]+CreateExpandedWithEmailAddresses+$PUT+https://management.azure.com/subscriptions/3846cb0f-4afa-47ee-8ea4-1c8449c8c8d9/resourceGroups/psrg_tjzlk/providers/Microsoft.Network/networkSecurityPerimeters/tjzlkt-nsp1/profiles/t-profile2/accessRules/psaccessrule2?api-version=2023-08-01-preview+1": {
    "Request": {
      "Method": "PUT",
      "RequestUri": "https://management.azure.com/subscriptions/3846cb0f-4afa-47ee-8ea4-1c8449c8c8d9/resourceGroups/psrg_tjzlk/providers/Microsoft.Network/networkSecurityPerimeters/tjzlkt-nsp1/profiles/t-profile2/accessRules/psaccessrule2?api-version=2023-08-01-preview",
      "Content": "{\r\n  \"location\": \"eastus2euap\",\r\n  \"properties\": {\r\n    \"direction\": \"Outbound\",\r\n    \"emailAddresses\": [ \"test123@microsoft.com\", \"test321@microsoft.com\" ]\r\n  }\r\n}",
      "isContentBase64": false,
      "Headers": {
      },
      "ContentHeaders": {
        "Content-Type": [ "application/json" ],
        "Content-Length": [ "164" ]
      }
    },
    "Response": {
      "StatusCode": 200,
      "Headers": {
        "Cache-Control": [ "no-cache" ],
        "Pragma": [ "no-cache" ],
        "Strict-Transport-Security": [ "max-age=31536000; includeSubDomains" ],
        "x-ms-ratelimit-remaining-subscription-writes": [ "799" ],
        "x-ms-ratelimit-remaining-subscription-global-writes": [ "11999" ],
        "x-ms-request-id": [ "1a41c822-a78e-4eda-9776-9d9c9fe1c077" ],
        "x-ms-correlation-request-id": [ "1a41c822-a78e-4eda-9776-9d9c9fe1c077" ],
        "x-ms-routing-request-id": [ "EASTUS:20241106T173953Z:1a41c822-a78e-4eda-9776-9d9c9fe1c077" ],
        "X-Content-Type-Options": [ "nosniff" ],
        "X-Cache": [ "CONFIG_NOCACHE" ],
        "X-MSEdge-Ref": [ "Ref A: 71CC67D351A54A71B8F07EAB228BE40D Ref B: MNZ221060608037 Ref C: 2024-11-06T17:39:52Z" ],
        "Date": [ "Wed, 06 Nov 2024 17:39:53 GMT" ]
      },
      "ContentHeaders": {
        "Content-Length": [ "552" ],
        "Content-Type": [ "application/json; charset=utf-8" ],
        "Expires": [ "-1" ]
      },
      "Content": "{\"name\":\"psaccessrule2\",\"id\":\"/subscriptions/3846cb0f-4afa-47ee-8ea4-1c8449c8c8d9/resourceGroups/psrg_tjzlk/providers/Microsoft.Network/networkSecurityPerimeters/tjzlkt-nsp1/profiles/t-profile2/accessRules/psaccessrule2\",\"type\":\"Microsoft.Network/networkSecurityPerimeters/profiles/accessRules\",\"properties\":{\"provisioningState\":\"Succeeded\",\"direction\":\"Outbound\",\"addressPrefixes\":[],\"fullyQualifiedDomainNames\":[],\"subscriptions\":[],\"networkSecurityPerimeters\":[],\"emailAddresses\":[\"test123@microsoft.com\",\"test321@microsoft.com\"],\"phoneNumbers\":[]}}",
      "isContentBase64": false
    }
  },
  "New-AzNetworkSecurityPerimeterAccessRule+[NoContext]+CreateExpandedWithPhoneNumbers+$PUT+https://management.azure.com/subscriptions/3846cb0f-4afa-47ee-8ea4-1c8449c8c8d9/resourceGroups/psrg_tjzlk/providers/Microsoft.Network/networkSecurityPerimeters/tjzlkt-nsp1/profiles/t-profile2/accessRules/psaccessrule2?api-version=2023-08-01-preview+1": {
    "Request": {
      "Method": "PUT",
      "RequestUri": "https://management.azure.com/subscriptions/3846cb0f-4afa-47ee-8ea4-1c8449c8c8d9/resourceGroups/psrg_tjzlk/providers/Microsoft.Network/networkSecurityPerimeters/tjzlkt-nsp1/profiles/t-profile2/accessRules/psaccessrule2?api-version=2023-08-01-preview",
      "Content": "{\r\n  \"location\": \"eastus2euap\",\r\n  \"properties\": {\r\n    \"direction\": \"Outbound\",\r\n    \"phoneNumbers\": [ \"+919898989898\", \"+919898989898\" ]\r\n  }\r\n}",
      "isContentBase64": false,
      "Headers": {
      },
      "ContentHeaders": {
        "Content-Type": [ "application/json" ],
        "Content-Length": [ "146" ]
      }
    },
    "Response": {
      "StatusCode": 200,
      "Headers": {
        "Cache-Control": [ "no-cache" ],
        "Pragma": [ "no-cache" ],
        "Strict-Transport-Security": [ "max-age=31536000; includeSubDomains" ],
        "x-ms-ratelimit-remaining-subscription-writes": [ "799" ],
        "x-ms-ratelimit-remaining-subscription-global-writes": [ "11999" ],
        "x-ms-request-id": [ "0de9a697-8a47-4904-a6fd-5d012530dda8" ],
        "x-ms-correlation-request-id": [ "0de9a697-8a47-4904-a6fd-5d012530dda8" ],
        "x-ms-routing-request-id": [ "EASTUS:20241106T173956Z:0de9a697-8a47-4904-a6fd-5d012530dda8" ],
        "X-Content-Type-Options": [ "nosniff" ],
        "X-Cache": [ "CONFIG_NOCACHE" ],
        "X-MSEdge-Ref": [ "Ref A: 7FFAC02816BA4C44B79691D47F5F5D6B Ref B: MNZ221060608037 Ref C: 2024-11-06T17:39:53Z" ],
        "Date": [ "Wed, 06 Nov 2024 17:39:55 GMT" ]
      },
      "ContentHeaders": {
        "Content-Length": [ "538" ],
        "Content-Type": [ "application/json; charset=utf-8" ],
        "Expires": [ "-1" ]
      },
      "Content": "{\"name\":\"psaccessrule2\",\"id\":\"/subscriptions/3846cb0f-4afa-47ee-8ea4-1c8449c8c8d9/resourceGroups/psrg_tjzlk/providers/Microsoft.Network/networkSecurityPerimeters/tjzlkt-nsp1/profiles/t-profile2/accessRules/psaccessrule2\",\"type\":\"Microsoft.Network/networkSecurityPerimeters/profiles/accessRules\",\"properties\":{\"provisioningState\":\"Succeeded\",\"direction\":\"Outbound\",\"addressPrefixes\":[],\"fullyQualifiedDomainNames\":[],\"subscriptions\":[],\"networkSecurityPerimeters\":[],\"emailAddresses\":[],\"phoneNumbers\":[\"+91 9898989898\",\"+91 9898989898\"]}}",
      "isContentBase64": false
    }
  },
  "New-AzNetworkSecurityPerimeterAccessRule+[NoContext]+CreateExpandedWithServiceTags+$PUT+https://management.azure.com/subscriptions/3846cb0f-4afa-47ee-8ea4-1c8449c8c8d9/resourceGroups/psrg_tjzlk/providers/Microsoft.Network/networkSecurityPerimeters/tjzlkt-nsp1/profiles/t-profile2/accessRules/psaccessrule1?api-version=2023-08-01-preview+1": {
    "Request": {
      "Method": "PUT",
      "RequestUri": "https://management.azure.com/subscriptions/3846cb0f-4afa-47ee-8ea4-1c8449c8c8d9/resourceGroups/psrg_tjzlk/providers/Microsoft.Network/networkSecurityPerimeters/tjzlkt-nsp1/profiles/t-profile2/accessRules/psaccessrule1?api-version=2023-08-01-preview",
      "Content": "{\r\n  \"location\": \"eastus2euap\",\r\n  \"properties\": {\r\n    \"direction\": \"Inbound\",\r\n    \"serviceTags\": [ \"MicrosoftPublicIPSpace\", \"MicrosoftPrivateIPSpace\" ]\r\n  }\r\n}",
      "isContentBase64": false,
      "Headers": {
      },
      "ContentHeaders": {
        "Content-Type": [ "application/json" ],
        "Content-Length": [ "163" ]
      }
    },
    "Response": {
      "StatusCode": 200,
      "Headers": {
        "Cache-Control": [ "no-cache" ],
        "Pragma": [ "no-cache" ],
        "Strict-Transport-Security": [ "max-age=31536000; includeSubDomains" ],
        "x-ms-ratelimit-remaining-subscription-writes": [ "799" ],
        "x-ms-ratelimit-remaining-subscription-global-writes": [ "11999" ],
        "x-ms-request-id": [ "8bc1720c-ddd5-4256-8022-a756204949cf" ],
        "x-ms-correlation-request-id": [ "8bc1720c-ddd5-4256-8022-a756204949cf" ],
        "x-ms-routing-request-id": [ "EASTUS:20241106T173957Z:8bc1720c-ddd5-4256-8022-a756204949cf" ],
        "X-Content-Type-Options": [ "nosniff" ],
        "X-Cache": [ "CONFIG_NOCACHE" ],
        "X-MSEdge-Ref": [ "Ref A: CA676ABEAE7748A6814666A8FE53CC3A Ref B: MNZ221060608037 Ref C: 2024-11-06T17:39:56Z" ],
        "Date": [ "Wed, 06 Nov 2024 17:39:56 GMT" ]
      },
      "ContentHeaders": {
        "Content-Length": [ "571" ],
        "Content-Type": [ "application/json; charset=utf-8" ],
        "Expires": [ "-1" ]
      },
      "Content": "{\"name\":\"psaccessrule1\",\"id\":\"/subscriptions/3846cb0f-4afa-47ee-8ea4-1c8449c8c8d9/resourceGroups/psrg_tjzlk/providers/Microsoft.Network/networkSecurityPerimeters/tjzlkt-nsp1/profiles/t-profile2/accessRules/psaccessrule1\",\"type\":\"Microsoft.Network/networkSecurityPerimeters/profiles/accessRules\",\"properties\":{\"provisioningState\":\"Succeeded\",\"direction\":\"Inbound\",\"addressPrefixes\":[],\"fullyQualifiedDomainNames\":[],\"subscriptions\":[],\"networkSecurityPerimeters\":[],\"emailAddresses\":[],\"phoneNumbers\":[],\"serviceTags\":[\"MicrosoftPublicIPSpace\",\"MicrosoftPrivateIPSpace\"]}}",
      "isContentBase64": false
    }
  }
}