{
  "New-AzNetworkSecurityPerimeterAccessRule+[NoContext]+CreateExpanded+$PUT+https://management.azure.com/subscriptions/3846cb0f-4afa-47ee-8ea4-1c8449c8c8d9/resourceGroups/psrg_t7qc8/providers/Microsoft.Network/networkSecurityPerimeters/t7qc8t-nsp1/profiles/t-profile2/accessRules/psaccessrule1?api-version=2025-05-01+1": {
    "Request": {
      "Method": "PUT",
      "RequestUri": "https://management.azure.com/subscriptions/3846cb0f-4afa-47ee-8ea4-1c8449c8c8d9/resourceGroups/psrg_t7qc8/providers/Microsoft.Network/networkSecurityPerimeters/t7qc8t-nsp1/profiles/t-profile2/accessRules/psaccessrule1?api-version=2025-05-01",
      "Content": "{\r\n  \"properties\": {\r\n    \"direction\": \"Inbound\",\r\n    \"addressPrefixes\": [ \"10.10.0.0/16\" ]\r\n  }\r\n}",
      "isContentBase64": false,
      "Headers": {
      },
      "ContentHeaders": {
        "Content-Type": [ "application/json" ],
        "Content-Length": [ "100" ]
      }
    },
    "Response": {
      "StatusCode": 200,
      "Headers": {
        "Cache-Control": [ "no-cache" ],
        "Pragma": [ "no-cache" ],
        "Strict-Transport-Security": [ "max-age=31536000; includeSubDomains" ],
        "x-ms-operation-identifier": [ "tenantId=72f988bf-86f1-41af-91ab-2d7cd011db47,objectId=37ca76fe-83f1-4c59-823b-b1953db8111c/eastus2euap/68306b86-5cb3-4411-a97b-496c4cc8d8e8" ],
        "x-ms-throttling-version": [ "v2" ],
        "x-ms-ratelimit-remaining-subscription-writes": [ "799" ],
        "x-ms-request-id": [ "86f3ef98-53a3-4fa7-a4f1-72f74ab284ca" ],
        "x-ms-correlation-request-id": [ "86f3ef98-53a3-4fa7-a4f1-72f74ab284ca" ],
        "x-ms-routing-request-id": [ "EASTUS2EUAP:20260121T113200Z:86f3ef98-53a3-4fa7-a4f1-72f74ab284ca" ],
        "X-Content-Type-Options": [ "nosniff" ],
        "X-Cache": [ "CONFIG_NOCACHE" ],
        "X-MSEdge-Ref": [ "Ref A: 7C2DEA71E2D748A49505D365BBBC4F33 Ref B: MNZ221060610007 Ref C: 2026-01-21T11:31:59Z" ],
        "Date": [ "Wed, 21 Jan 2026 11:32:00 GMT" ]
      },
      "ContentHeaders": {
        "Content-Length": [ "814" ],
        "Content-Type": [ "application/json; charset=utf-8" ],
        "Expires": [ "-1" ]
      },
      "Content": "{\"name\":\"psaccessrule1\",\"id\":\"/subscriptions/3846cb0f-4afa-47ee-8ea4-1c8449c8c8d9/resourceGroups/psrg_t7qc8/providers/Microsoft.Network/networkSecurityPerimeters/t7qc8t-nsp1/profiles/t-profile2/accessRules/psaccessrule1\",\"type\":\"Microsoft.Network/networkSecurityPerimeters/profiles/accessRules\",\"properties\":{\"provisioningState\":\"Succeeded\",\"direction\":\"Inbound\",\"addressPrefixes\":[\"10.10.0.0/16\"],\"fullyQualifiedDomainNames\":[],\"subscriptions\":[],\"networkSecurityPerimeters\":[],\"emailAddresses\":[],\"phoneNumbers\":[],\"appliesTo\":[{\"resourceType\":\"*\",\"features\":[\"*\"]}]},\"systemData\":{\"createdBy\":\"karthikgumpu@microsoft.com\",\"createdByType\":\"User\",\"createdAt\":\"2026-01-21T11:32:00.3448110Z\",\"lastModifiedBy\":\"karthikgumpu@microsoft.com\",\"lastModifiedByType\":\"User\",\"lastModifiedAt\":\"2026-01-21T11:32:00.3448110Z\"}}",
      "isContentBase64": false
    }
  },
  "New-AzNetworkSecurityPerimeterAccessRule+[NoContext]+CreateExpandedWithSubscriptions+$PUT+https://management.azure.com/subscriptions/3846cb0f-4afa-47ee-8ea4-1c8449c8c8d9/resourceGroups/psrg_t7qc8/providers/Microsoft.Network/networkSecurityPerimeters/t7qc8t-nsp1/profiles/t-profile2/accessRules/psaccessrule1?api-version=2025-05-01+1": {
    "Request": {
      "Method": "PUT",
      "RequestUri": "https://management.azure.com/subscriptions/3846cb0f-4afa-47ee-8ea4-1c8449c8c8d9/resourceGroups/psrg_t7qc8/providers/Microsoft.Network/networkSecurityPerimeters/t7qc8t-nsp1/profiles/t-profile2/accessRules/psaccessrule1?api-version=2025-05-01",
      "Content": "{\r\n  \"properties\": {\r\n    \"direction\": \"Inbound\",\r\n    \"subscriptions\": [\r\n      {\r\n        \"id\": \"/subscriptions/3846cb0f-4afa-47ee-8ea4-1c8449c8c8d9\"\r\n      }\r\n    ]\r\n  }\r\n}",
      "isContentBase64": false,
      "Headers": {
      },
      "ContentHeaders": {
        "Content-Type": [ "application/json" ],
        "Content-Length": [ "175" ]
      }
    },
    "Response": {
      "StatusCode": 200,
      "Headers": {
        "Cache-Control": [ "no-cache" ],
        "Pragma": [ "no-cache" ],
        "Strict-Transport-Security": [ "max-age=31536000; includeSubDomains" ],
        "x-ms-operation-identifier": [ "tenantId=72f988bf-86f1-41af-91ab-2d7cd011db47,objectId=37ca76fe-83f1-4c59-823b-b1953db8111c/eastus2euap/eaa28a43-073f-4f0c-9caf-397bcea0d322" ],
        "x-ms-throttling-version": [ "v2" ],
        "x-ms-ratelimit-remaining-subscription-writes": [ "799" ],
        "x-ms-request-id": [ "bf79b11b-3391-4e4c-b002-11219dd1cdbe" ],
        "x-ms-correlation-request-id": [ "bf79b11b-3391-4e4c-b002-11219dd1cdbe" ],
        "x-ms-routing-request-id": [ "EASTUS2EUAP:20260121T113201Z:bf79b11b-3391-4e4c-b002-11219dd1cdbe" ],
        "X-Content-Type-Options": [ "nosniff" ],
        "X-Cache": [ "CONFIG_NOCACHE" ],
        "X-MSEdge-Ref": [ "Ref A: 9D535D5B36D24365BE8D5529E862DA42 Ref B: MNZ221060610007 Ref C: 2026-01-21T11:32:00Z" ],
        "Date": [ "Wed, 21 Jan 2026 11:32:00 GMT" ]
      },
      "ContentHeaders": {
        "Content-Length": [ "860" ],
        "Content-Type": [ "application/json; charset=utf-8" ],
        "Expires": [ "-1" ]
      },
      "Content": "{\"name\":\"psaccessrule1\",\"id\":\"/subscriptions/3846cb0f-4afa-47ee-8ea4-1c8449c8c8d9/resourceGroups/psrg_t7qc8/providers/Microsoft.Network/networkSecurityPerimeters/t7qc8t-nsp1/profiles/t-profile2/accessRules/psaccessrule1\",\"type\":\"Microsoft.Network/networkSecurityPerimeters/profiles/accessRules\",\"properties\":{\"provisioningState\":\"Succeeded\",\"direction\":\"Inbound\",\"addressPrefixes\":[],\"fullyQualifiedDomainNames\":[],\"subscriptions\":[{\"id\":\"/subscriptions/3846cb0f-4afa-47ee-8ea4-1c8449c8c8d9\"}],\"networkSecurityPerimeters\":[],\"emailAddresses\":[],\"phoneNumbers\":[],\"appliesTo\":[{\"resourceType\":\"*\",\"features\":[\"*\"]}]},\"systemData\":{\"createdBy\":\"karthikgumpu@microsoft.com\",\"createdByType\":\"User\",\"createdAt\":\"2026-01-21T11:32:01.3532305Z\",\"lastModifiedBy\":\"karthikgumpu@microsoft.com\",\"lastModifiedByType\":\"User\",\"lastModifiedAt\":\"2026-01-21T11:32:01.3532305Z\"}}",
      "isContentBase64": false
    }
  },
  "New-AzNetworkSecurityPerimeterAccessRule+[NoContext]+CreateExpandedWithEmailAddresses+$PUT+https://management.azure.com/subscriptions/3846cb0f-4afa-47ee-8ea4-1c8449c8c8d9/resourceGroups/psrg_t7qc8/providers/Microsoft.Network/networkSecurityPerimeters/t7qc8t-nsp1/profiles/t-profile2/accessRules/psaccessrule2?api-version=2025-05-01+1": {
    "Request": {
      "Method": "PUT",
      "RequestUri": "https://management.azure.com/subscriptions/3846cb0f-4afa-47ee-8ea4-1c8449c8c8d9/resourceGroups/psrg_t7qc8/providers/Microsoft.Network/networkSecurityPerimeters/t7qc8t-nsp1/profiles/t-profile2/accessRules/psaccessrule2?api-version=2025-05-01",
      "Content": "{\r\n  \"properties\": {\r\n    \"direction\": \"Outbound\",\r\n    \"emailAddresses\": [ \"test123@microsoft.com\", \"test321@microsoft.com\" ]\r\n  }\r\n}",
      "isContentBase64": false,
      "Headers": {
      },
      "ContentHeaders": {
        "Content-Type": [ "application/json" ],
        "Content-Length": [ "134" ]
      }
    },
    "Response": {
      "StatusCode": 200,
      "Headers": {
        "Cache-Control": [ "no-cache" ],
        "Pragma": [ "no-cache" ],
        "Strict-Transport-Security": [ "max-age=31536000; includeSubDomains" ],
        "x-ms-operation-identifier": [ "tenantId=72f988bf-86f1-41af-91ab-2d7cd011db47,objectId=37ca76fe-83f1-4c59-823b-b1953db8111c/eastus2euap/d949d9b0-1cf0-457c-b551-8e0e7738c0d9" ],
        "x-ms-throttling-version": [ "v2" ],
        "x-ms-ratelimit-remaining-subscription-writes": [ "799" ],
        "x-ms-request-id": [ "1b2dccc3-c14f-4ebf-b83e-e6b8c12e0baf" ],
        "x-ms-correlation-request-id": [ "1b2dccc3-c14f-4ebf-b83e-e6b8c12e0baf" ],
        "x-ms-routing-request-id": [ "EASTUS2EUAP:20260121T113203Z:1b2dccc3-c14f-4ebf-b83e-e6b8c12e0baf" ],
        "X-Content-Type-Options": [ "nosniff" ],
        "X-Cache": [ "CONFIG_NOCACHE" ],
        "X-MSEdge-Ref": [ "Ref A: B73880B3AABE4DA6837BB82B24A6ABEC Ref B: MNZ221060610007 Ref C: 2026-01-21T11:32:01Z" ],
        "Date": [ "Wed, 21 Jan 2026 11:32:02 GMT" ]
      },
      "ContentHeaders": {
        "Content-Length": [ "848" ],
        "Content-Type": [ "application/json; charset=utf-8" ],
        "Expires": [ "-1" ]
      },
      "Content": "{\"name\":\"psaccessrule2\",\"id\":\"/subscriptions/3846cb0f-4afa-47ee-8ea4-1c8449c8c8d9/resourceGroups/psrg_t7qc8/providers/Microsoft.Network/networkSecurityPerimeters/t7qc8t-nsp1/profiles/t-profile2/accessRules/psaccessrule2\",\"type\":\"Microsoft.Network/networkSecurityPerimeters/profiles/accessRules\",\"properties\":{\"provisioningState\":\"Succeeded\",\"direction\":\"Outbound\",\"addressPrefixes\":[],\"fullyQualifiedDomainNames\":[],\"subscriptions\":[],\"networkSecurityPerimeters\":[],\"emailAddresses\":[\"test123@microsoft.com\",\"test321@microsoft.com\"],\"phoneNumbers\":[],\"appliesTo\":[{\"resourceType\":\"*\",\"features\":[\"*\"]}]},\"systemData\":{\"createdBy\":\"karthikgumpu@microsoft.com\",\"createdByType\":\"User\",\"createdAt\":\"2026-01-21T11:32:01.9400242Z\",\"lastModifiedBy\":\"karthikgumpu@microsoft.com\",\"lastModifiedByType\":\"User\",\"lastModifiedAt\":\"2026-01-21T11:32:01.9400242Z\"}}",
      "isContentBase64": false
    }
  },
  "New-AzNetworkSecurityPerimeterAccessRule+[NoContext]+CreateExpandedWithPhoneNumbers+$PUT+https://management.azure.com/subscriptions/3846cb0f-4afa-47ee-8ea4-1c8449c8c8d9/resourceGroups/psrg_t7qc8/providers/Microsoft.Network/networkSecurityPerimeters/t7qc8t-nsp1/profiles/t-profile2/accessRules/psaccessrule2?api-version=2025-05-01+1": {
    "Request": {
      "Method": "PUT",
      "RequestUri": "https://management.azure.com/subscriptions/3846cb0f-4afa-47ee-8ea4-1c8449c8c8d9/resourceGroups/psrg_t7qc8/providers/Microsoft.Network/networkSecurityPerimeters/t7qc8t-nsp1/profiles/t-profile2/accessRules/psaccessrule2?api-version=2025-05-01",
      "Content": "{\r\n  \"properties\": {\r\n    \"direction\": \"Outbound\",\r\n    \"phoneNumbers\": [ \"+919898989898\", \"+919898989898\" ]\r\n  }\r\n}",
      "isContentBase64": false,
      "Headers": {
      },
      "ContentHeaders": {
        "Content-Type": [ "application/json" ],
        "Content-Length": [ "116" ]
      }
    },
    "Response": {
      "StatusCode": 200,
      "Headers": {
        "Cache-Control": [ "no-cache" ],
        "Pragma": [ "no-cache" ],
        "Strict-Transport-Security": [ "max-age=31536000; includeSubDomains" ],
        "x-ms-operation-identifier": [ "tenantId=72f988bf-86f1-41af-91ab-2d7cd011db47,objectId=37ca76fe-83f1-4c59-823b-b1953db8111c/eastus2euap/b90ba8e3-967a-4d39-aa6e-73eb1000c4ea" ],
        "x-ms-throttling-version": [ "v2" ],
        "x-ms-ratelimit-remaining-subscription-writes": [ "799" ],
        "x-ms-request-id": [ "f342ce0c-f5c3-46c2-bb57-4ba0d8577366" ],
        "x-ms-correlation-request-id": [ "f342ce0c-f5c3-46c2-bb57-4ba0d8577366" ],
        "x-ms-routing-request-id": [ "EASTUS2EUAP:20260121T113204Z:f342ce0c-f5c3-46c2-bb57-4ba0d8577366" ],
        "X-Content-Type-Options": [ "nosniff" ],
        "X-Cache": [ "CONFIG_NOCACHE" ],
        "X-MSEdge-Ref": [ "Ref A: 8E4EDFD448674288AE32E93A974A064D Ref B: MNZ221060610007 Ref C: 2026-01-21T11:32:03Z" ],
        "Date": [ "Wed, 21 Jan 2026 11:32:03 GMT" ]
      },
      "ContentHeaders": {
        "Content-Length": [ "834" ],
        "Content-Type": [ "application/json; charset=utf-8" ],
        "Expires": [ "-1" ]
      },
      "Content": "{\"name\":\"psaccessrule2\",\"id\":\"/subscriptions/3846cb0f-4afa-47ee-8ea4-1c8449c8c8d9/resourceGroups/psrg_t7qc8/providers/Microsoft.Network/networkSecurityPerimeters/t7qc8t-nsp1/profiles/t-profile2/accessRules/psaccessrule2\",\"type\":\"Microsoft.Network/networkSecurityPerimeters/profiles/accessRules\",\"properties\":{\"provisioningState\":\"Succeeded\",\"direction\":\"Outbound\",\"addressPrefixes\":[],\"fullyQualifiedDomainNames\":[],\"subscriptions\":[],\"networkSecurityPerimeters\":[],\"emailAddresses\":[],\"phoneNumbers\":[\"+91 9898989898\",\"+91 9898989898\"],\"appliesTo\":[{\"resourceType\":\"*\",\"features\":[\"*\"]}]},\"systemData\":{\"createdBy\":\"karthikgumpu@microsoft.com\",\"createdByType\":\"User\",\"createdAt\":\"2026-01-21T11:32:03.7816578Z\",\"lastModifiedBy\":\"karthikgumpu@microsoft.com\",\"lastModifiedByType\":\"User\",\"lastModifiedAt\":\"2026-01-21T11:32:03.7816578Z\"}}",
      "isContentBase64": false
    }
  },
  "New-AzNetworkSecurityPerimeterAccessRule+[NoContext]+CreateExpandedWithServiceTags+$PUT+https://management.azure.com/subscriptions/3846cb0f-4afa-47ee-8ea4-1c8449c8c8d9/resourceGroups/psrg_t7qc8/providers/Microsoft.Network/networkSecurityPerimeters/t7qc8t-nsp1/profiles/t-profile2/accessRules/psaccessrule1?api-version=2025-05-01+1": {
    "Request": {
      "Method": "PUT",
      "RequestUri": "https://management.azure.com/subscriptions/3846cb0f-4afa-47ee-8ea4-1c8449c8c8d9/resourceGroups/psrg_t7qc8/providers/Microsoft.Network/networkSecurityPerimeters/t7qc8t-nsp1/profiles/t-profile2/accessRules/psaccessrule1?api-version=2025-05-01",
      "Content": "{\r\n  \"properties\": {\r\n    \"direction\": \"Inbound\",\r\n    \"serviceTags\": [ \"MicrosoftPublicIPSpace\", \"MicrosoftPrivateIPSpace\" ]\r\n  }\r\n}",
      "isContentBase64": false,
      "Headers": {
      },
      "ContentHeaders": {
        "Content-Type": [ "application/json" ],
        "Content-Length": [ "133" ]
      }
    },
    "Response": {
      "StatusCode": 200,
      "Headers": {
        "Cache-Control": [ "no-cache" ],
        "Pragma": [ "no-cache" ],
        "Strict-Transport-Security": [ "max-age=31536000; includeSubDomains" ],
        "x-ms-operation-identifier": [ "tenantId=72f988bf-86f1-41af-91ab-2d7cd011db47,objectId=37ca76fe-83f1-4c59-823b-b1953db8111c/eastus2euap/20189273-8475-4baf-8b38-bc461385a669" ],
        "x-ms-throttling-version": [ "v2" ],
        "x-ms-ratelimit-remaining-subscription-writes": [ "799" ],
        "x-ms-request-id": [ "2fea41db-dd9e-49a6-8674-60197032dd3c" ],
        "x-ms-correlation-request-id": [ "2fea41db-dd9e-49a6-8674-60197032dd3c" ],
        "x-ms-routing-request-id": [ "EASTUS2EUAP:20260121T113205Z:2fea41db-dd9e-49a6-8674-60197032dd3c" ],
        "X-Content-Type-Options": [ "nosniff" ],
        "X-Cache": [ "CONFIG_NOCACHE" ],
        "X-MSEdge-Ref": [ "Ref A: 26AEF9C9F79C4241888DBC9F3789F12E Ref B: MNZ221060610007 Ref C: 2026-01-21T11:32:04Z" ],
        "Date": [ "Wed, 21 Jan 2026 11:32:04 GMT" ]
      },
      "ContentHeaders": {
        "Content-Length": [ "867" ],
        "Content-Type": [ "application/json; charset=utf-8" ],
        "Expires": [ "-1" ]
      },
      "Content": "{\"name\":\"psaccessrule1\",\"id\":\"/subscriptions/3846cb0f-4afa-47ee-8ea4-1c8449c8c8d9/resourceGroups/psrg_t7qc8/providers/Microsoft.Network/networkSecurityPerimeters/t7qc8t-nsp1/profiles/t-profile2/accessRules/psaccessrule1\",\"type\":\"Microsoft.Network/networkSecurityPerimeters/profiles/accessRules\",\"properties\":{\"provisioningState\":\"Succeeded\",\"direction\":\"Inbound\",\"addressPrefixes\":[],\"fullyQualifiedDomainNames\":[],\"subscriptions\":[],\"networkSecurityPerimeters\":[],\"emailAddresses\":[],\"phoneNumbers\":[],\"serviceTags\":[\"MicrosoftPublicIPSpace\",\"MicrosoftPrivateIPSpace\"],\"appliesTo\":[{\"resourceType\":\"*\",\"features\":[\"*\"]}]},\"systemData\":{\"createdBy\":\"karthikgumpu@microsoft.com\",\"createdByType\":\"User\",\"createdAt\":\"2026-01-21T11:32:04.9320889Z\",\"lastModifiedBy\":\"karthikgumpu@microsoft.com\",\"lastModifiedByType\":\"User\",\"lastModifiedAt\":\"2026-01-21T11:32:04.9320889Z\"}}",
      "isContentBase64": false
    }
  }
}