{
  "Remove-AzNetworkSecurityPerimeterLoggingConfiguration+[NoContext]+Delete+$DELETE+https://management.azure.com/subscriptions/3846cb0f-4afa-47ee-8ea4-1c8449c8c8d9/resourceGroups/psrg_t57gd/providers/Microsoft.Network/networkSecurityPerimeters/t57gdt-nsp6/loggingConfigurations/instance?api-version=2024-07-01+1": {
    "Request": {
      "Method": "DELETE",
      "RequestUri": "https://management.azure.com/subscriptions/3846cb0f-4afa-47ee-8ea4-1c8449c8c8d9/resourceGroups/psrg_t57gd/providers/Microsoft.Network/networkSecurityPerimeters/t57gdt-nsp6/loggingConfigurations/instance?api-version=2024-07-01",
      "Content": null,
      "isContentBase64": false,
      "Headers": {
        "x-ms-unique-id": [ "77" ],
        "x-ms-client-request-id": [ "1b1f4118-a83c-4d3a-978b-9ad254bb9a82" ],
        "CommandName": [ "Remove-AzNetworkSecurityPerimeterLoggingConfiguration" ],
        "FullCommandName": [ "Remove-AzNetworkSecurityPerimeterLoggingConfiguration_Delete" ],
        "ParameterSetName": [ "__AllParameterSets" ],
        "User-Agent": [ "AzurePowershell/v10.2.0", "PSVersion/v7.4.7", "Az.NetworkSecurityPerimeter/0.1.0" ],
        "Authorization": [ "[Filtered]" ]
      },
      "ContentHeaders": {
      }
    },
    "Response": {
      "StatusCode": 200,
      "Headers": {
        "Cache-Control": [ "no-cache" ],
        "Pragma": [ "no-cache" ],
        "Strict-Transport-Security": [ "max-age=31536000; includeSubDomains" ],
        "x-ms-ratelimit-remaining-subscription-deletes": [ "799" ],
        "x-ms-ratelimit-remaining-subscription-global-deletes": [ "11999" ],
        "x-ms-request-id": [ "e0b488f1-af89-41fd-bade-1798e8b2d2ea" ],
        "x-ms-correlation-request-id": [ "e0b488f1-af89-41fd-bade-1798e8b2d2ea" ],
        "x-ms-routing-request-id": [ "EASTUS:20250312T072141Z:e0b488f1-af89-41fd-bade-1798e8b2d2ea" ],
        "X-Content-Type-Options": [ "nosniff" ],
        "X-Cache": [ "CONFIG_NOCACHE" ],
        "X-MSEdge-Ref": [ "Ref A: 5CD8D67A6CB54BAB868EE3AF88C61F4D Ref B: BN1AA2051013035 Ref C: 2025-03-12T07:21:40Z" ],
        "Date": [ "Wed, 12 Mar 2025 07:21:40 GMT" ]
      },
      "ContentHeaders": {
        "Expires": [ "-1" ],
        "Content-Length": [ "0" ]
      },
      "Content": null,
      "isContentBase64": false
    }
  },
  "Remove-AzNetworkSecurityPerimeterLoggingConfiguration+[NoContext]+DeleteViaIdentity+$GET+https://management.azure.com/subscriptions/3846cb0f-4afa-47ee-8ea4-1c8449c8c8d9/resourceGroups/psrg_t57gd/providers/Microsoft.Network/networkSecurityPerimeters/t57gdt-nsp7/loggingConfigurations/instance?api-version=2024-07-01+1": {
    "Request": {
      "Method": "GET",
      "RequestUri": "https://management.azure.com/subscriptions/3846cb0f-4afa-47ee-8ea4-1c8449c8c8d9/resourceGroups/psrg_t57gd/providers/Microsoft.Network/networkSecurityPerimeters/t57gdt-nsp7/loggingConfigurations/instance?api-version=2024-07-01",
      "Content": null,
      "isContentBase64": false,
      "Headers": {
        "x-ms-unique-id": [ "78" ],
        "x-ms-client-request-id": [ "cf2068a5-de41-4f77-adb2-6fc92c1d82d3" ],
        "CommandName": [ "Get-AzNetworkSecurityPerimeterLoggingConfiguration" ],
        "FullCommandName": [ "Get-AzNetworkSecurityPerimeterLoggingConfiguration_Get" ],
        "ParameterSetName": [ "__AllParameterSets" ],
        "User-Agent": [ "AzurePowershell/v10.2.0", "PSVersion/v7.4.7", "Az.NetworkSecurityPerimeter/0.1.0" ],
        "Authorization": [ "[Filtered]" ]
      },
      "ContentHeaders": {
      }
    },
    "Response": {
      "StatusCode": 200,
      "Headers": {
        "Cache-Control": [ "no-cache" ],
        "Pragma": [ "no-cache" ],
        "Strict-Transport-Security": [ "max-age=31536000; includeSubDomains" ],
        "x-ms-ratelimit-remaining-subscription-reads": [ "1099" ],
        "x-ms-ratelimit-remaining-subscription-global-reads": [ "16499" ],
        "x-ms-request-id": [ "af839d19-4dd8-45bf-9ebd-f0b4c8610504" ],
        "x-ms-correlation-request-id": [ "af839d19-4dd8-45bf-9ebd-f0b4c8610504" ],
        "x-ms-routing-request-id": [ "EASTUS:20250312T072141Z:af839d19-4dd8-45bf-9ebd-f0b4c8610504" ],
        "X-Content-Type-Options": [ "nosniff" ],
        "X-Cache": [ "CONFIG_NOCACHE" ],
        "X-MSEdge-Ref": [ "Ref A: 26A8CCAF0080435AA725B62608EB17E5 Ref B: BN1AA2051013035 Ref C: 2025-03-12T07:21:41Z" ],
        "Date": [ "Wed, 12 Mar 2025 07:21:41 GMT" ]
      },
      "ContentHeaders": {
        "Content-Length": [ "391" ],
        "Content-Type": [ "application/json; charset=utf-8" ],
        "Expires": [ "-1" ]
      },
      "Content": "{\"name\":\"instance\",\"id\":\"/subscriptions/3846cb0f-4afa-47ee-8ea4-1c8449c8c8d9/resourceGroups/psrg_t57gd/providers/Microsoft.Network/networkSecurityPerimeters/t57gdt-nsp7/loggingConfigurations/instance\",\"type\":\"Microsoft.Network/networkSecurityPerimeters/loggingConfigurations\",\"properties\":{\"version\":\"1\",\"enabledLogCategories\":[\"NspPublicOutboundResourceRulesAllowed\"],\"destinationType\":[]}}",
      "isContentBase64": false
    }
  },
  "Remove-AzNetworkSecurityPerimeterLoggingConfiguration+[NoContext]+DeleteViaIdentity+$DELETE+https://management.azure.com/subscriptions/3846cb0f-4afa-47ee-8ea4-1c8449c8c8d9/resourceGroups/psrg_t57gd/providers/Microsoft.Network/networkSecurityPerimeters/t57gdt-nsp7/loggingConfigurations/instance?api-version=2024-07-01+2": {
    "Request": {
      "Method": "DELETE",
      "RequestUri": "https://management.azure.com/subscriptions/3846cb0f-4afa-47ee-8ea4-1c8449c8c8d9/resourceGroups/psrg_t57gd/providers/Microsoft.Network/networkSecurityPerimeters/t57gdt-nsp7/loggingConfigurations/instance?api-version=2024-07-01",
      "Content": null,
      "isContentBase64": false,
      "Headers": {
        "x-ms-unique-id": [ "79" ],
        "x-ms-client-request-id": [ "1d6161eb-af86-4b6b-8b5a-13ea7e6a2300" ],
        "CommandName": [ "Remove-AzNetworkSecurityPerimeterLoggingConfiguration" ],
        "FullCommandName": [ "Remove-AzNetworkSecurityPerimeterLoggingConfiguration_DeleteViaIdentity" ],
        "ParameterSetName": [ "__AllParameterSets" ],
        "User-Agent": [ "AzurePowershell/v10.2.0", "PSVersion/v7.4.7", "Az.NetworkSecurityPerimeter/0.1.0" ],
        "Authorization": [ "[Filtered]" ]
      },
      "ContentHeaders": {
      }
    },
    "Response": {
      "StatusCode": 200,
      "Headers": {
        "Cache-Control": [ "no-cache" ],
        "Pragma": [ "no-cache" ],
        "Strict-Transport-Security": [ "max-age=31536000; includeSubDomains" ],
        "x-ms-ratelimit-remaining-subscription-deletes": [ "799" ],
        "x-ms-ratelimit-remaining-subscription-global-deletes": [ "11999" ],
        "x-ms-request-id": [ "a67bc96c-6987-42e8-ad4c-83c59d10476c" ],
        "x-ms-correlation-request-id": [ "a67bc96c-6987-42e8-ad4c-83c59d10476c" ],
        "x-ms-routing-request-id": [ "EASTUS:20250312T072143Z:a67bc96c-6987-42e8-ad4c-83c59d10476c" ],
        "X-Content-Type-Options": [ "nosniff" ],
        "X-Cache": [ "CONFIG_NOCACHE" ],
        "X-MSEdge-Ref": [ "Ref A: 9287AA02C9BD47EB8CE7B9C76BDCDCEC Ref B: BN1AA2051013035 Ref C: 2025-03-12T07:21:42Z" ],
        "Date": [ "Wed, 12 Mar 2025 07:21:42 GMT" ]
      },
      "ContentHeaders": {
        "Expires": [ "-1" ],
        "Content-Length": [ "0" ]
      },
      "Content": null,
      "isContentBase64": false
    }
  }
}