{
  "Remove-AzNetworkSecurityPerimeter+[NoContext]+Delete+$DELETE+https://management.azure.com/subscriptions/3846cb0f-4afa-47ee-8ea4-1c8449c8c8d9/resourceGroups/psrg_tmvrg/providers/Microsoft.Network/networkSecurityPerimeters/tmvrgt-nspD1?api-version=2024-07-01+1": {
    "Request": {
      "Method": "DELETE",
      "RequestUri": "https://management.azure.com/subscriptions/3846cb0f-4afa-47ee-8ea4-1c8449c8c8d9/resourceGroups/psrg_tmvrg/providers/Microsoft.Network/networkSecurityPerimeters/tmvrgt-nspD1?api-version=2024-07-01",
      "Content": null,
      "isContentBase64": false,
      "Headers": {
        "x-ms-unique-id": [ "50" ],
        "x-ms-client-request-id": [ "a31c9389-6cab-4810-b07f-ca2d4bdc2648" ],
        "CommandName": [ "Remove-AzNetworkSecurityPerimeter" ],
        "FullCommandName": [ "Remove-AzNetworkSecurityPerimeter_Delete" ],
        "ParameterSetName": [ "__AllParameterSets" ],
        "User-Agent": [ "AzurePowershell/v10.2.0", "PSVersion/v7.4.7", "Az.NetworkSecurityPerimeter/0.1.0" ],
        "Authorization": [ "[Filtered]" ]
      },
      "ContentHeaders": {
      }
    },
    "Response": {
      "StatusCode": 200,
      "Headers": {
        "Cache-Control": [ "no-cache" ],
        "Pragma": [ "no-cache" ],
        "Strict-Transport-Security": [ "max-age=31536000; includeSubDomains" ],
        "x-ms-ratelimit-remaining-subscription-deletes": [ "799" ],
        "x-ms-ratelimit-remaining-subscription-global-deletes": [ "11999" ],
        "x-ms-request-id": [ "c1f157a7-7196-4034-be60-211070e545b2" ],
        "x-ms-correlation-request-id": [ "c1f157a7-7196-4034-be60-211070e545b2" ],
        "x-ms-routing-request-id": [ "EASTUS:20250312T110738Z:c1f157a7-7196-4034-be60-211070e545b2" ],
        "X-Content-Type-Options": [ "nosniff" ],
        "X-Cache": [ "CONFIG_NOCACHE" ],
        "X-MSEdge-Ref": [ "Ref A: 7474D488784F4171BF5A7A12812CCACD Ref B: BN1AA2051012025 Ref C: 2025-03-12T11:07:38Z" ],
        "Date": [ "Wed, 12 Mar 2025 11:07:37 GMT" ]
      },
      "ContentHeaders": {
        "Expires": [ "-1" ],
        "Content-Length": [ "0" ]
      },
      "Content": null,
      "isContentBase64": false
    }
  },
  "Remove-AzNetworkSecurityPerimeter+[NoContext]+DeleteViaIdentity+$GET+https://management.azure.com/subscriptions/3846cb0f-4afa-47ee-8ea4-1c8449c8c8d9/resourceGroups/psrg_tmvrg/providers/Microsoft.Network/networkSecurityPerimeters/tmvrgt-nspD2?api-version=2024-07-01+1": {
    "Request": {
      "Method": "GET",
      "RequestUri": "https://management.azure.com/subscriptions/3846cb0f-4afa-47ee-8ea4-1c8449c8c8d9/resourceGroups/psrg_tmvrg/providers/Microsoft.Network/networkSecurityPerimeters/tmvrgt-nspD2?api-version=2024-07-01",
      "Content": null,
      "isContentBase64": false,
      "Headers": {
        "x-ms-unique-id": [ "51" ],
        "x-ms-client-request-id": [ "906ec7f9-0910-4180-89e2-c8611a97d701" ],
        "CommandName": [ "Get-AzNetworkSecurityPerimeter" ],
        "FullCommandName": [ "Get-AzNetworkSecurityPerimeter_Get" ],
        "ParameterSetName": [ "__AllParameterSets" ],
        "User-Agent": [ "AzurePowershell/v10.2.0", "PSVersion/v7.4.7", "Az.NetworkSecurityPerimeter/0.1.0" ],
        "Authorization": [ "[Filtered]" ]
      },
      "ContentHeaders": {
      }
    },
    "Response": {
      "StatusCode": 200,
      "Headers": {
        "Cache-Control": [ "no-cache" ],
        "Pragma": [ "no-cache" ],
        "Strict-Transport-Security": [ "max-age=31536000; includeSubDomains" ],
        "x-ms-ratelimit-remaining-subscription-reads": [ "1099" ],
        "x-ms-ratelimit-remaining-subscription-global-reads": [ "16499" ],
        "x-ms-request-id": [ "89b18e31-0021-44c9-8c35-f837ac0057b9" ],
        "x-ms-correlation-request-id": [ "89b18e31-0021-44c9-8c35-f837ac0057b9" ],
        "x-ms-routing-request-id": [ "EASTUS:20250312T110738Z:89b18e31-0021-44c9-8c35-f837ac0057b9" ],
        "X-Content-Type-Options": [ "nosniff" ],
        "X-Cache": [ "CONFIG_NOCACHE" ],
        "X-MSEdge-Ref": [ "Ref A: 0C620F7E6A8A4ADBA291178AC82F0625 Ref B: BN1AA2051012025 Ref C: 2025-03-12T11:07:38Z" ],
        "Date": [ "Wed, 12 Mar 2025 11:07:38 GMT" ]
      },
      "ContentHeaders": {
        "Content-Length": [ "375" ],
        "Content-Type": [ "application/json; charset=utf-8" ],
        "Expires": [ "-1" ]
      },
      "Content": "{\"name\":\"tmvrgt-nspD2\",\"id\":\"/subscriptions/3846cb0f-4afa-47ee-8ea4-1c8449c8c8d9/resourceGroups/psrg_tmvrg/providers/Microsoft.Network/networkSecurityPerimeters/tmvrgt-nspD2\",\"location\":\"eastus2euap\",\"type\":\"Microsoft.Network/networkSecurityPerimeters\",\"tags\":{},\"etag\":\"\",\"properties\":{\"perimeterGuid\":\"e3afc8be-905c-49fa-a3a0-6e659816ef1f\",\"provisioningState\":\"Succeeded\"}}",
      "isContentBase64": false
    }
  },
  "Remove-AzNetworkSecurityPerimeter+[NoContext]+DeleteViaIdentity+$DELETE+https://management.azure.com/subscriptions/3846cb0f-4afa-47ee-8ea4-1c8449c8c8d9/resourceGroups/psrg_tmvrg/providers/Microsoft.Network/networkSecurityPerimeters/tmvrgt-nspD2?api-version=2024-07-01+2": {
    "Request": {
      "Method": "DELETE",
      "RequestUri": "https://management.azure.com/subscriptions/3846cb0f-4afa-47ee-8ea4-1c8449c8c8d9/resourceGroups/psrg_tmvrg/providers/Microsoft.Network/networkSecurityPerimeters/tmvrgt-nspD2?api-version=2024-07-01",
      "Content": null,
      "isContentBase64": false,
      "Headers": {
        "x-ms-unique-id": [ "52" ],
        "x-ms-client-request-id": [ "237f30f0-f4b2-4679-b93b-97616d406758" ],
        "CommandName": [ "Remove-AzNetworkSecurityPerimeter" ],
        "FullCommandName": [ "Remove-AzNetworkSecurityPerimeter_DeleteViaIdentity" ],
        "ParameterSetName": [ "__AllParameterSets" ],
        "User-Agent": [ "AzurePowershell/v10.2.0", "PSVersion/v7.4.7", "Az.NetworkSecurityPerimeter/0.1.0" ],
        "Authorization": [ "[Filtered]" ]
      },
      "ContentHeaders": {
      }
    },
    "Response": {
      "StatusCode": 200,
      "Headers": {
        "Cache-Control": [ "no-cache" ],
        "Pragma": [ "no-cache" ],
        "Strict-Transport-Security": [ "max-age=31536000; includeSubDomains" ],
        "x-ms-ratelimit-remaining-subscription-deletes": [ "799" ],
        "x-ms-ratelimit-remaining-subscription-global-deletes": [ "11999" ],
        "x-ms-request-id": [ "f925d0be-357f-4e27-ab10-71b2f83df786" ],
        "x-ms-correlation-request-id": [ "f925d0be-357f-4e27-ab10-71b2f83df786" ],
        "x-ms-routing-request-id": [ "EASTUS:20250312T110739Z:f925d0be-357f-4e27-ab10-71b2f83df786" ],
        "X-Content-Type-Options": [ "nosniff" ],
        "X-Cache": [ "CONFIG_NOCACHE" ],
        "X-MSEdge-Ref": [ "Ref A: 69739E3583F747138655A87CF400905D Ref B: BN1AA2051012025 Ref C: 2025-03-12T11:07:38Z" ],
        "Date": [ "Wed, 12 Mar 2025 11:07:38 GMT" ]
      },
      "ContentHeaders": {
        "Expires": [ "-1" ],
        "Content-Length": [ "0" ]
      },
      "Content": null,
      "isContentBase64": false
    }
  }
}