{
  "Remove-AzNetworkSecurityPerimeterAccessRule+[NoContext]+Delete+$DELETE+https://management.azure.com/subscriptions/3846cb0f-4afa-47ee-8ea4-1c8449c8c8d9/resourceGroups/psrg_tgtdq/providers/Microsoft.Network/networkSecurityPerimeters/tgtdqt-nspDelB1/profiles/t-prDelB1/accessRules/tmpAccessRuleDelete1?api-version=2025-03-01+1": {
    "Request": {
      "Method": "DELETE",
      "RequestUri": "https://management.azure.com/subscriptions/3846cb0f-4afa-47ee-8ea4-1c8449c8c8d9/resourceGroups/psrg_tgtdq/providers/Microsoft.Network/networkSecurityPerimeters/tgtdqt-nspDelB1/profiles/t-prDelB1/accessRules/tmpAccessRuleDelete1?api-version=2025-03-01",
      "Content": null,
      "isContentBase64": false,
      "Headers": {
        "x-ms-unique-id": [ "56" ],
        "x-ms-client-request-id": [ "bd591170-bdf4-4903-8139-6ab6398f7dc7" ],
        "CommandName": [ "Remove-AzNetworkSecurityPerimeterAccessRule" ],
        "FullCommandName": [ "Remove-AzNetworkSecurityPerimeterAccessRule_Delete" ],
        "ParameterSetName": [ "__AllParameterSets" ],
        "User-Agent": [ "AzurePowershell/v10.2.0", "PSVersion/v7.5.4", "Az.NetworkSecurityPerimeter/0.1.0" ],
        "Authorization": [ "[Filtered]" ]
      },
      "ContentHeaders": {
      }
    },
    "Response": {
      "StatusCode": 204,
      "Headers": {
        "Cache-Control": [ "no-cache" ],
        "Pragma": [ "no-cache" ],
        "Strict-Transport-Security": [ "max-age=31536000; includeSubDomains" ],
        "x-ms-operation-identifier": [ "tenantId=72f988bf-86f1-41af-91ab-2d7cd011db47,objectId=37ca76fe-83f1-4c59-823b-b1953db8111c/eastus2/e5b5bbbd-9a2b-46ad-8390-678c9526ea7f" ],
        "x-ms-ratelimit-remaining-subscription-deletes": [ "799" ],
        "x-ms-ratelimit-remaining-subscription-global-deletes": [ "11999" ],
        "x-ms-request-id": [ "6db0104b-5464-4f8f-8d41-9cadf045f1a6" ],
        "x-ms-correlation-request-id": [ "6db0104b-5464-4f8f-8d41-9cadf045f1a6" ],
        "x-ms-routing-request-id": [ "EASTUS2:20251113T101610Z:6db0104b-5464-4f8f-8d41-9cadf045f1a6" ],
        "X-Content-Type-Options": [ "nosniff" ],
        "X-Cache": [ "CONFIG_NOCACHE" ],
        "X-MSEdge-Ref": [ "Ref A: E63C7F7D2A004697A09ECEE29ECECE6A Ref B: MNZ221060619011 Ref C: 2025-11-13T10:16:08Z" ],
        "Date": [ "Thu, 13 Nov 2025 10:16:09 GMT" ]
      },
      "ContentHeaders": {
        "Expires": [ "-1" ]
      },
      "Content": null,
      "isContentBase64": false
    }
  },
  "Remove-AzNetworkSecurityPerimeterAccessRule+[NoContext]+DeleteViaIdentity+$GET+https://management.azure.com/subscriptions/3846cb0f-4afa-47ee-8ea4-1c8449c8c8d9/resourceGroups/psrg_tgtdq/providers/Microsoft.Network/networkSecurityPerimeters/tgtdqt-nspDelB1/profiles/t-prDelB1/accessRules/t-arD2?api-version=2025-03-01+1": {
    "Request": {
      "Method": "GET",
      "RequestUri": "https://management.azure.com/subscriptions/3846cb0f-4afa-47ee-8ea4-1c8449c8c8d9/resourceGroups/psrg_tgtdq/providers/Microsoft.Network/networkSecurityPerimeters/tgtdqt-nspDelB1/profiles/t-prDelB1/accessRules/t-arD2?api-version=2025-03-01",
      "Content": null,
      "isContentBase64": false,
      "Headers": {
        "x-ms-unique-id": [ "57" ],
        "x-ms-client-request-id": [ "8abc7b3e-c1f5-49c5-aa92-297508f6cdda" ],
        "CommandName": [ "Get-AzNetworkSecurityPerimeterAccessRule" ],
        "FullCommandName": [ "Get-AzNetworkSecurityPerimeterAccessRule_Get" ],
        "ParameterSetName": [ "__AllParameterSets" ],
        "User-Agent": [ "AzurePowershell/v10.2.0", "PSVersion/v7.5.4", "Az.NetworkSecurityPerimeter/0.1.0" ],
        "Authorization": [ "[Filtered]" ]
      },
      "ContentHeaders": {
      }
    },
    "Response": {
      "StatusCode": 200,
      "Headers": {
        "Cache-Control": [ "no-cache" ],
        "Pragma": [ "no-cache" ],
        "Strict-Transport-Security": [ "max-age=31536000; includeSubDomains" ],
        "x-ms-operation-identifier": [ "tenantId=72f988bf-86f1-41af-91ab-2d7cd011db47,objectId=37ca76fe-83f1-4c59-823b-b1953db8111c/eastus2euap/7c48f0d5-a0f3-4bcc-a7f4-6a9bc876a570" ],
        "x-ms-throttling-version": [ "v2" ],
        "x-ms-ratelimit-remaining-subscription-reads": [ "1099" ],
        "x-ms-request-id": [ "859b21f9-cd28-4d58-ba68-e118a533830c" ],
        "x-ms-correlation-request-id": [ "859b21f9-cd28-4d58-ba68-e118a533830c" ],
        "x-ms-routing-request-id": [ "EASTUS2EUAP:20251113T101610Z:859b21f9-cd28-4d58-ba68-e118a533830c" ],
        "X-Content-Type-Options": [ "nosniff" ],
        "X-Cache": [ "CONFIG_NOCACHE" ],
        "X-MSEdge-Ref": [ "Ref A: 940A39609F134DA3A1F62B9993829654 Ref B: MNZ221060619011 Ref C: 2025-11-13T10:16:10Z" ],
        "Date": [ "Thu, 13 Nov 2025 10:16:09 GMT" ]
      },
      "ContentHeaders": {
        "Content-Length": [ "803" ],
        "Content-Type": [ "application/json; charset=utf-8" ],
        "Expires": [ "-1" ]
      },
      "Content": "{\"name\":\"t-arD2\",\"id\":\"/subscriptions/3846cb0f-4afa-47ee-8ea4-1c8449c8c8d9/resourceGroups/psrg_tgtdq/providers/Microsoft.Network/networkSecurityPerimeters/tgtdqt-nspDelB1/profiles/t-prDelB1/accessRules/t-arD2\",\"type\":\"Microsoft.Network/networkSecurityPerimeters/profiles/accessRules\",\"properties\":{\"provisioningState\":\"Succeeded\",\"direction\":\"Inbound\",\"addressPrefixes\":[\"10.10.0.0/16\"],\"fullyQualifiedDomainNames\":[],\"subscriptions\":[],\"networkSecurityPerimeters\":[],\"emailAddresses\":[],\"phoneNumbers\":[],\"appliesTo\":[{\"resourceType\":\"*\",\"features\":[\"*\"]}]},\"systemData\":{\"createdBy\":\"karthikgumpu@microsoft.com\",\"createdByType\":\"User\",\"createdAt\":\"2025-11-13T10:13:25.2786335Z\",\"lastModifiedBy\":\"karthikgumpu@microsoft.com\",\"lastModifiedByType\":\"User\",\"lastModifiedAt\":\"2025-11-13T10:13:25.2786335Z\"}}",
      "isContentBase64": false
    }
  },
  "Remove-AzNetworkSecurityPerimeterAccessRule+[NoContext]+DeleteViaIdentity+$DELETE+https://management.azure.com/subscriptions/3846cb0f-4afa-47ee-8ea4-1c8449c8c8d9/resourceGroups/psrg_tgtdq/providers/Microsoft.Network/networkSecurityPerimeters/tgtdqt-nspDelB1/profiles/t-prDelB1/accessRules/t-arD2?api-version=2025-03-01+2": {
    "Request": {
      "Method": "DELETE",
      "RequestUri": "https://management.azure.com/subscriptions/3846cb0f-4afa-47ee-8ea4-1c8449c8c8d9/resourceGroups/psrg_tgtdq/providers/Microsoft.Network/networkSecurityPerimeters/tgtdqt-nspDelB1/profiles/t-prDelB1/accessRules/t-arD2?api-version=2025-03-01",
      "Content": null,
      "isContentBase64": false,
      "Headers": {
        "x-ms-unique-id": [ "58" ],
        "x-ms-client-request-id": [ "4fdc868e-a513-4985-a141-aee90bc2fd5f" ],
        "CommandName": [ "Remove-AzNetworkSecurityPerimeterAccessRule" ],
        "FullCommandName": [ "Remove-AzNetworkSecurityPerimeterAccessRule_DeleteViaIdentity" ],
        "ParameterSetName": [ "__AllParameterSets" ],
        "User-Agent": [ "AzurePowershell/v10.2.0", "PSVersion/v7.5.4", "Az.NetworkSecurityPerimeter/0.1.0" ],
        "Authorization": [ "[Filtered]" ]
      },
      "ContentHeaders": {
      }
    },
    "Response": {
      "StatusCode": 200,
      "Headers": {
        "Cache-Control": [ "no-cache" ],
        "Pragma": [ "no-cache" ],
        "Strict-Transport-Security": [ "max-age=31536000; includeSubDomains" ],
        "x-ms-operation-identifier": [ "tenantId=72f988bf-86f1-41af-91ab-2d7cd011db47,objectId=37ca76fe-83f1-4c59-823b-b1953db8111c/eastus2euap/ae3e489e-1923-44a0-9342-c5133fe2f2e0" ],
        "x-ms-throttling-version": [ "v2" ],
        "x-ms-ratelimit-remaining-subscription-deletes": [ "799" ],
        "x-ms-request-id": [ "174cf900-cf03-4de5-b8fb-d9cdc5b6c329" ],
        "x-ms-correlation-request-id": [ "174cf900-cf03-4de5-b8fb-d9cdc5b6c329" ],
        "x-ms-routing-request-id": [ "EASTUS2EUAP:20251113T101610Z:174cf900-cf03-4de5-b8fb-d9cdc5b6c329" ],
        "X-Content-Type-Options": [ "nosniff" ],
        "X-Cache": [ "CONFIG_NOCACHE" ],
        "X-MSEdge-Ref": [ "Ref A: 9ABCAF79EC5E42318E53F5964F78AE38 Ref B: MNZ221060619011 Ref C: 2025-11-13T10:16:10Z" ],
        "Date": [ "Thu, 13 Nov 2025 10:16:10 GMT" ]
      },
      "ContentHeaders": {
        "Expires": [ "-1" ],
        "Content-Length": [ "0" ]
      },
      "Content": null,
      "isContentBase64": false
    }
  }
}