{
  "Update-AzNetworkSecurityPerimeterAccessRule+[NoContext]+UpdateExpanded+$GET+https://management.azure.com/subscriptions/3846cb0f-4afa-47ee-8ea4-1c8449c8c8d9/resourceGroups/psrg_tjzlk/providers/Microsoft.Network/networkSecurityPerimeters/tjzlkt-nsp1/profiles/t-profile1/accessRules/t-ar1?api-version=2023-08-01-preview+1": {
    "Request": {
      "Method": "GET",
      "RequestUri": "https://management.azure.com/subscriptions/3846cb0f-4afa-47ee-8ea4-1c8449c8c8d9/resourceGroups/psrg_tjzlk/providers/Microsoft.Network/networkSecurityPerimeters/tjzlkt-nsp1/profiles/t-profile1/accessRules/t-ar1?api-version=2023-08-01-preview",
      "Content": null,
      "isContentBase64": false,
      "Headers": {
        "x-ms-unique-id": [ "77" ],
        "x-ms-client-request-id": [ "6e7fec2f-7908-43c4-8ba5-f56c86c5e8a1" ],
        "CommandName": [ "Get-AzNetworkSecurityPerimeterAccessRule" ],
        "FullCommandName": [ "Get-AzNetworkSecurityPerimeterAccessRule_Get" ],
        "ParameterSetName": [ "__AllParameterSets" ],
        "User-Agent": [ "AzurePowershell/v10.2.0", "PSVersion/v7.4.6", "Az.NetworkSecurityPerimeter/0.0.0" ],
        "Authorization": [ "[Filtered]" ]
      },
      "ContentHeaders": {
      }
    },
    "Response": {
      "StatusCode": 200,
      "Headers": {
        "Cache-Control": [ "no-cache" ],
        "Pragma": [ "no-cache" ],
        "Strict-Transport-Security": [ "max-age=31536000; includeSubDomains" ],
        "x-ms-ratelimit-remaining-subscription-reads": [ "1099" ],
        "x-ms-ratelimit-remaining-subscription-global-reads": [ "16499" ],
        "x-ms-request-id": [ "b3ae8ef7-4b01-4b72-b8a3-50296baa507c" ],
        "x-ms-correlation-request-id": [ "b3ae8ef7-4b01-4b72-b8a3-50296baa507c" ],
        "x-ms-routing-request-id": [ "EASTUS:20241106T174257Z:b3ae8ef7-4b01-4b72-b8a3-50296baa507c" ],
        "X-Content-Type-Options": [ "nosniff" ],
        "X-Cache": [ "CONFIG_NOCACHE" ],
        "X-MSEdge-Ref": [ "Ref A: 707C6867E5F34707A452C13C037EB274 Ref B: MNZ221060608037 Ref C: 2024-11-06T17:42:56Z" ],
        "Date": [ "Wed, 06 Nov 2024 17:42:56 GMT" ]
      },
      "ContentHeaders": {
        "Content-Length": [ "502" ],
        "Content-Type": [ "application/json; charset=utf-8" ],
        "Expires": [ "-1" ]
      },
      "Content": "{\"name\":\"t-ar1\",\"id\":\"/subscriptions/3846cb0f-4afa-47ee-8ea4-1c8449c8c8d9/resourceGroups/psrg_tjzlk/providers/Microsoft.Network/networkSecurityPerimeters/tjzlkt-nsp1/profiles/t-profile1/accessRules/t-ar1\",\"type\":\"Microsoft.Network/networkSecurityPerimeters/profiles/accessRules\",\"properties\":{\"provisioningState\":\"Succeeded\",\"direction\":\"Inbound\",\"addressPrefixes\":[\"10.10.0.0/16\"],\"fullyQualifiedDomainNames\":[],\"subscriptions\":[],\"networkSecurityPerimeters\":[],\"emailAddresses\":[],\"phoneNumbers\":[]}}",
      "isContentBase64": false
    }
  },
  "Update-AzNetworkSecurityPerimeterAccessRule+[NoContext]+UpdateExpanded+$PUT+https://management.azure.com/subscriptions/3846cb0f-4afa-47ee-8ea4-1c8449c8c8d9/resourceGroups/psrg_tjzlk/providers/Microsoft.Network/networkSecurityPerimeters/tjzlkt-nsp1/profiles/t-profile1/accessRules/t-ar1?api-version=2023-08-01-preview+2": {
    "Request": {
      "Method": "PUT",
      "RequestUri": "https://management.azure.com/subscriptions/3846cb0f-4afa-47ee-8ea4-1c8449c8c8d9/resourceGroups/psrg_tjzlk/providers/Microsoft.Network/networkSecurityPerimeters/tjzlkt-nsp1/profiles/t-profile1/accessRules/t-ar1?api-version=2023-08-01-preview",
      "Content": "{\r\n  \"id\": \"/subscriptions/3846cb0f-4afa-47ee-8ea4-1c8449c8c8d9/resourceGroups/psrg_tjzlk/providers/Microsoft.Network/networkSecurityPerimeters/tjzlkt-nsp1/profiles/t-profile1/accessRules/t-ar1\",\r\n  \"properties\": {\r\n    \"direction\": \"Inbound\",\r\n    \"addressPrefixes\": [ \"10.10.0.0/17\" ],\r\n    \"fullyQualifiedDomainNames\": [ ],\r\n    \"subscriptions\": [ ],\r\n    \"emailAddresses\": [ ],\r\n    \"phoneNumbers\": [ ]\r\n  }\r\n}",
      "isContentBase64": false,
      "Headers": {
      },
      "ContentHeaders": {
        "Content-Type": [ "application/json" ],
        "Content-Length": [ "414" ]
      }
    },
    "Response": {
      "StatusCode": 200,
      "Headers": {
        "Cache-Control": [ "no-cache" ],
        "Pragma": [ "no-cache" ],
        "Strict-Transport-Security": [ "max-age=31536000; includeSubDomains" ],
        "x-ms-ratelimit-remaining-subscription-writes": [ "799" ],
        "x-ms-ratelimit-remaining-subscription-global-writes": [ "11999" ],
        "x-ms-request-id": [ "8fc8c5ec-a9b8-41c4-a659-6569f95edb0f" ],
        "x-ms-correlation-request-id": [ "8fc8c5ec-a9b8-41c4-a659-6569f95edb0f" ],
        "x-ms-routing-request-id": [ "EASTUS:20241106T174258Z:8fc8c5ec-a9b8-41c4-a659-6569f95edb0f" ],
        "X-Content-Type-Options": [ "nosniff" ],
        "X-Cache": [ "CONFIG_NOCACHE" ],
        "X-MSEdge-Ref": [ "Ref A: C17051627F2D44DCB5ABB67E872095D2 Ref B: MNZ221060608037 Ref C: 2024-11-06T17:42:57Z" ],
        "Date": [ "Wed, 06 Nov 2024 17:42:57 GMT" ]
      },
      "ContentHeaders": {
        "Content-Length": [ "502" ],
        "Content-Type": [ "application/json; charset=utf-8" ],
        "Expires": [ "-1" ]
      },
      "Content": "{\"name\":\"t-ar1\",\"id\":\"/subscriptions/3846cb0f-4afa-47ee-8ea4-1c8449c8c8d9/resourceGroups/psrg_tjzlk/providers/Microsoft.Network/networkSecurityPerimeters/tjzlkt-nsp1/profiles/t-profile1/accessRules/t-ar1\",\"type\":\"Microsoft.Network/networkSecurityPerimeters/profiles/accessRules\",\"properties\":{\"provisioningState\":\"Succeeded\",\"direction\":\"Inbound\",\"addressPrefixes\":[\"10.10.0.0/17\"],\"fullyQualifiedDomainNames\":[],\"subscriptions\":[],\"networkSecurityPerimeters\":[],\"emailAddresses\":[],\"phoneNumbers\":[]}}",
      "isContentBase64": false
    }
  },
  "Update-AzNetworkSecurityPerimeterAccessRule+[NoContext]+UpdateViaIdentityExpanded+$GET+https://management.azure.com/subscriptions/3846cb0f-4afa-47ee-8ea4-1c8449c8c8d9/resourceGroups/psrg_tjzlk/providers/Microsoft.Network/networkSecurityPerimeters/tjzlkt-nsp1/profiles/t-profile1/accessRules/t-ar1?api-version=2023-08-01-preview+1": {
    "Request": {
      "Method": "GET",
      "RequestUri": "https://management.azure.com/subscriptions/3846cb0f-4afa-47ee-8ea4-1c8449c8c8d9/resourceGroups/psrg_tjzlk/providers/Microsoft.Network/networkSecurityPerimeters/tjzlkt-nsp1/profiles/t-profile1/accessRules/t-ar1?api-version=2023-08-01-preview",
      "Content": null,
      "isContentBase64": false,
      "Headers": {
        "x-ms-unique-id": [ "79" ],
        "x-ms-client-request-id": [ "7c2b7f59-399b-4744-af89-69d7e493ec65" ],
        "CommandName": [ "Get-AzNetworkSecurityPerimeterAccessRule" ],
        "FullCommandName": [ "Get-AzNetworkSecurityPerimeterAccessRule_Get" ],
        "ParameterSetName": [ "__AllParameterSets" ],
        "User-Agent": [ "AzurePowershell/v10.2.0", "PSVersion/v7.4.6", "Az.NetworkSecurityPerimeter/0.0.0" ],
        "Authorization": [ "[Filtered]" ]
      },
      "ContentHeaders": {
      }
    },
    "Response": {
      "StatusCode": 200,
      "Headers": {
        "Cache-Control": [ "no-cache" ],
        "Pragma": [ "no-cache" ],
        "Strict-Transport-Security": [ "max-age=31536000; includeSubDomains" ],
        "x-ms-ratelimit-remaining-subscription-reads": [ "1099" ],
        "x-ms-ratelimit-remaining-subscription-global-reads": [ "16499" ],
        "x-ms-request-id": [ "9aa6d2b1-57bb-4861-a6e9-c1e1e058d5a8" ],
        "x-ms-correlation-request-id": [ "9aa6d2b1-57bb-4861-a6e9-c1e1e058d5a8" ],
        "x-ms-routing-request-id": [ "EASTUS:20241106T174300Z:9aa6d2b1-57bb-4861-a6e9-c1e1e058d5a8" ],
        "X-Content-Type-Options": [ "nosniff" ],
        "X-Cache": [ "CONFIG_NOCACHE" ],
        "X-MSEdge-Ref": [ "Ref A: C4F329E305244617B102AA862337E2BB Ref B: MNZ221060608037 Ref C: 2024-11-06T17:42:58Z" ],
        "Date": [ "Wed, 06 Nov 2024 17:42:59 GMT" ]
      },
      "ContentHeaders": {
        "Content-Length": [ "502" ],
        "Content-Type": [ "application/json; charset=utf-8" ],
        "Expires": [ "-1" ]
      },
      "Content": "{\"name\":\"t-ar1\",\"id\":\"/subscriptions/3846cb0f-4afa-47ee-8ea4-1c8449c8c8d9/resourceGroups/psrg_tjzlk/providers/Microsoft.Network/networkSecurityPerimeters/tjzlkt-nsp1/profiles/t-profile1/accessRules/t-ar1\",\"type\":\"Microsoft.Network/networkSecurityPerimeters/profiles/accessRules\",\"properties\":{\"provisioningState\":\"Succeeded\",\"direction\":\"Inbound\",\"addressPrefixes\":[\"10.10.0.0/17\"],\"fullyQualifiedDomainNames\":[],\"subscriptions\":[],\"networkSecurityPerimeters\":[],\"emailAddresses\":[],\"phoneNumbers\":[]}}",
      "isContentBase64": false
    }
  },
  "Update-AzNetworkSecurityPerimeterAccessRule+[NoContext]+UpdateViaIdentityExpanded+$GET+https://management.azure.com/subscriptions/3846cb0f-4afa-47ee-8ea4-1c8449c8c8d9/resourceGroups/psrg_tjzlk/providers/Microsoft.Network/networkSecurityPerimeters/tjzlkt-nsp1/profiles/t-profile1/accessRules/t-ar1?api-version=2023-08-01-preview+2": {
    "Request": {
      "Method": "GET",
      "RequestUri": "https://management.azure.com/subscriptions/3846cb0f-4afa-47ee-8ea4-1c8449c8c8d9/resourceGroups/psrg_tjzlk/providers/Microsoft.Network/networkSecurityPerimeters/tjzlkt-nsp1/profiles/t-profile1/accessRules/t-ar1?api-version=2023-08-01-preview",
      "Content": null,
      "isContentBase64": false,
      "Headers": {
        "x-ms-unique-id": [ "80" ],
        "x-ms-client-request-id": [ "a7ff6467-8d87-4e91-8019-1729fb6325a4" ],
        "CommandName": [ "Get-AzNetworkSecurityPerimeterAccessRule" ],
        "FullCommandName": [ "Get-AzNetworkSecurityPerimeterAccessRule_GetViaIdentity" ],
        "ParameterSetName": [ "__AllParameterSets" ],
        "User-Agent": [ "AzurePowershell/v10.2.0", "PSVersion/v7.4.6", "Az.NetworkSecurityPerimeter/0.0.0" ],
        "Authorization": [ "[Filtered]" ]
      },
      "ContentHeaders": {
      }
    },
    "Response": {
      "StatusCode": 200,
      "Headers": {
        "Cache-Control": [ "no-cache" ],
        "Pragma": [ "no-cache" ],
        "Strict-Transport-Security": [ "max-age=31536000; includeSubDomains" ],
        "x-ms-ratelimit-remaining-subscription-reads": [ "1099" ],
        "x-ms-ratelimit-remaining-subscription-global-reads": [ "16499" ],
        "x-ms-request-id": [ "31362cb7-1824-498c-9955-dd4a754bfcfb" ],
        "x-ms-correlation-request-id": [ "31362cb7-1824-498c-9955-dd4a754bfcfb" ],
        "x-ms-routing-request-id": [ "EASTUS:20241106T174300Z:31362cb7-1824-498c-9955-dd4a754bfcfb" ],
        "X-Content-Type-Options": [ "nosniff" ],
        "X-Cache": [ "CONFIG_NOCACHE" ],
        "X-MSEdge-Ref": [ "Ref A: 97979C00D880423BB0787FF9BA6E330E Ref B: MNZ221060608037 Ref C: 2024-11-06T17:43:00Z" ],
        "Date": [ "Wed, 06 Nov 2024 17:42:59 GMT" ]
      },
      "ContentHeaders": {
        "Content-Length": [ "502" ],
        "Content-Type": [ "application/json; charset=utf-8" ],
        "Expires": [ "-1" ]
      },
      "Content": "{\"name\":\"t-ar1\",\"id\":\"/subscriptions/3846cb0f-4afa-47ee-8ea4-1c8449c8c8d9/resourceGroups/psrg_tjzlk/providers/Microsoft.Network/networkSecurityPerimeters/tjzlkt-nsp1/profiles/t-profile1/accessRules/t-ar1\",\"type\":\"Microsoft.Network/networkSecurityPerimeters/profiles/accessRules\",\"properties\":{\"provisioningState\":\"Succeeded\",\"direction\":\"Inbound\",\"addressPrefixes\":[\"10.10.0.0/17\"],\"fullyQualifiedDomainNames\":[],\"subscriptions\":[],\"networkSecurityPerimeters\":[],\"emailAddresses\":[],\"phoneNumbers\":[]}}",
      "isContentBase64": false
    }
  },
  "Update-AzNetworkSecurityPerimeterAccessRule+[NoContext]+UpdateViaIdentityExpanded+$PUT+https://management.azure.com/subscriptions/3846cb0f-4afa-47ee-8ea4-1c8449c8c8d9/resourceGroups/psrg_tjzlk/providers/Microsoft.Network/networkSecurityPerimeters/tjzlkt-nsp1/profiles/t-profile1/accessRules/t-ar1?api-version=2023-08-01-preview+3": {
    "Request": {
      "Method": "PUT",
      "RequestUri": "https://management.azure.com/subscriptions/3846cb0f-4afa-47ee-8ea4-1c8449c8c8d9/resourceGroups/psrg_tjzlk/providers/Microsoft.Network/networkSecurityPerimeters/tjzlkt-nsp1/profiles/t-profile1/accessRules/t-ar1?api-version=2023-08-01-preview",
      "Content": "{\r\n  \"id\": \"/subscriptions/3846cb0f-4afa-47ee-8ea4-1c8449c8c8d9/resourceGroups/psrg_tjzlk/providers/Microsoft.Network/networkSecurityPerimeters/tjzlkt-nsp1/profiles/t-profile1/accessRules/t-ar1\",\r\n  \"properties\": {\r\n    \"direction\": \"Inbound\",\r\n    \"addressPrefixes\": [ \"10.0.0.0/16\" ],\r\n    \"fullyQualifiedDomainNames\": [ ],\r\n    \"subscriptions\": [ ],\r\n    \"emailAddresses\": [ ],\r\n    \"phoneNumbers\": [ ]\r\n  }\r\n}",
      "isContentBase64": false,
      "Headers": {
      },
      "ContentHeaders": {
        "Content-Type": [ "application/json" ],
        "Content-Length": [ "413" ]
      }
    },
    "Response": {
      "StatusCode": 200,
      "Headers": {
        "Cache-Control": [ "no-cache" ],
        "Pragma": [ "no-cache" ],
        "Strict-Transport-Security": [ "max-age=31536000; includeSubDomains" ],
        "x-ms-ratelimit-remaining-subscription-writes": [ "799" ],
        "x-ms-ratelimit-remaining-subscription-global-writes": [ "11999" ],
        "x-ms-request-id": [ "18e17393-ec28-484f-928a-2a23d12ba518" ],
        "x-ms-correlation-request-id": [ "18e17393-ec28-484f-928a-2a23d12ba518" ],
        "x-ms-routing-request-id": [ "EASTUS:20241106T174300Z:18e17393-ec28-484f-928a-2a23d12ba518" ],
        "X-Content-Type-Options": [ "nosniff" ],
        "X-Cache": [ "CONFIG_NOCACHE" ],
        "X-MSEdge-Ref": [ "Ref A: A18645FEFFF94024A82539A2B4D28006 Ref B: MNZ221060608037 Ref C: 2024-11-06T17:43:00Z" ],
        "Date": [ "Wed, 06 Nov 2024 17:42:59 GMT" ]
      },
      "ContentHeaders": {
        "Content-Length": [ "501" ],
        "Content-Type": [ "application/json; charset=utf-8" ],
        "Expires": [ "-1" ]
      },
      "Content": "{\"name\":\"t-ar1\",\"id\":\"/subscriptions/3846cb0f-4afa-47ee-8ea4-1c8449c8c8d9/resourceGroups/psrg_tjzlk/providers/Microsoft.Network/networkSecurityPerimeters/tjzlkt-nsp1/profiles/t-profile1/accessRules/t-ar1\",\"type\":\"Microsoft.Network/networkSecurityPerimeters/profiles/accessRules\",\"properties\":{\"provisioningState\":\"Succeeded\",\"direction\":\"Inbound\",\"addressPrefixes\":[\"10.0.0.0/16\"],\"fullyQualifiedDomainNames\":[],\"subscriptions\":[],\"networkSecurityPerimeters\":[],\"emailAddresses\":[],\"phoneNumbers\":[]}}",
      "isContentBase64": false
    }
  },
  "Update-AzNetworkSecurityPerimeterAccessRule+[NoContext]+UpdateViaIdentityExpandedFQDN+$GET+https://management.azure.com/subscriptions/3846cb0f-4afa-47ee-8ea4-1c8449c8c8d9/resourceGroups/psrg_tjzlk/providers/Microsoft.Network/networkSecurityPerimeters/tjzlkt-nsp1/profiles/t-profile1/accessRules/t-ar2?api-version=2023-08-01-preview+1": {
    "Request": {
      "Method": "GET",
      "RequestUri": "https://management.azure.com/subscriptions/3846cb0f-4afa-47ee-8ea4-1c8449c8c8d9/resourceGroups/psrg_tjzlk/providers/Microsoft.Network/networkSecurityPerimeters/tjzlkt-nsp1/profiles/t-profile1/accessRules/t-ar2?api-version=2023-08-01-preview",
      "Content": null,
      "isContentBase64": false,
      "Headers": {
        "x-ms-unique-id": [ "82" ],
        "x-ms-client-request-id": [ "0983e53d-e017-4e2f-a6e1-7ba6ad58cef4" ],
        "CommandName": [ "Get-AzNetworkSecurityPerimeterAccessRule" ],
        "FullCommandName": [ "Get-AzNetworkSecurityPerimeterAccessRule_Get" ],
        "ParameterSetName": [ "__AllParameterSets" ],
        "User-Agent": [ "AzurePowershell/v10.2.0", "PSVersion/v7.4.6", "Az.NetworkSecurityPerimeter/0.0.0" ],
        "Authorization": [ "[Filtered]" ]
      },
      "ContentHeaders": {
      }
    },
    "Response": {
      "StatusCode": 200,
      "Headers": {
        "Cache-Control": [ "no-cache" ],
        "Pragma": [ "no-cache" ],
        "Strict-Transport-Security": [ "max-age=31536000; includeSubDomains" ],
        "x-ms-ratelimit-remaining-subscription-reads": [ "1099" ],
        "x-ms-ratelimit-remaining-subscription-global-reads": [ "16499" ],
        "x-ms-request-id": [ "181b9bfe-5429-4df0-8b62-1822aa4d4420" ],
        "x-ms-correlation-request-id": [ "181b9bfe-5429-4df0-8b62-1822aa4d4420" ],
        "x-ms-routing-request-id": [ "EASTUS:20241106T174300Z:181b9bfe-5429-4df0-8b62-1822aa4d4420" ],
        "X-Content-Type-Options": [ "nosniff" ],
        "X-Cache": [ "CONFIG_NOCACHE" ],
        "X-MSEdge-Ref": [ "Ref A: ACEBB1CCD7AD4B3F85B812EC20848658 Ref B: MNZ221060608037 Ref C: 2024-11-06T17:43:00Z" ],
        "Date": [ "Wed, 06 Nov 2024 17:42:59 GMT" ]
      },
      "ContentHeaders": {
        "Content-Length": [ "492" ],
        "Content-Type": [ "application/json; charset=utf-8" ],
        "Expires": [ "-1" ]
      },
      "Content": "{\"name\":\"t-ar2\",\"id\":\"/subscriptions/3846cb0f-4afa-47ee-8ea4-1c8449c8c8d9/resourceGroups/psrg_tjzlk/providers/Microsoft.Network/networkSecurityPerimeters/tjzlkt-nsp1/profiles/t-profile1/accessRules/t-ar2\",\"type\":\"Microsoft.Network/networkSecurityPerimeters/profiles/accessRules\",\"properties\":{\"provisioningState\":\"Succeeded\",\"direction\":\"Outbound\",\"addressPrefixes\":[],\"fullyQualifiedDomainNames\":[\"*\"],\"subscriptions\":[],\"networkSecurityPerimeters\":[],\"emailAddresses\":[],\"phoneNumbers\":[]}}",
      "isContentBase64": false
    }
  },
  "Update-AzNetworkSecurityPerimeterAccessRule+[NoContext]+UpdateViaIdentityExpandedFQDN+$GET+https://management.azure.com/subscriptions/3846cb0f-4afa-47ee-8ea4-1c8449c8c8d9/resourceGroups/psrg_tjzlk/providers/Microsoft.Network/networkSecurityPerimeters/tjzlkt-nsp1/profiles/t-profile1/accessRules/t-ar2?api-version=2023-08-01-preview+2": {
    "Request": {
      "Method": "GET",
      "RequestUri": "https://management.azure.com/subscriptions/3846cb0f-4afa-47ee-8ea4-1c8449c8c8d9/resourceGroups/psrg_tjzlk/providers/Microsoft.Network/networkSecurityPerimeters/tjzlkt-nsp1/profiles/t-profile1/accessRules/t-ar2?api-version=2023-08-01-preview",
      "Content": null,
      "isContentBase64": false,
      "Headers": {
        "x-ms-unique-id": [ "83" ],
        "x-ms-client-request-id": [ "18191071-f6d6-4371-9a39-75bd009d9fb7" ],
        "CommandName": [ "Get-AzNetworkSecurityPerimeterAccessRule" ],
        "FullCommandName": [ "Get-AzNetworkSecurityPerimeterAccessRule_GetViaIdentity" ],
        "ParameterSetName": [ "__AllParameterSets" ],
        "User-Agent": [ "AzurePowershell/v10.2.0", "PSVersion/v7.4.6", "Az.NetworkSecurityPerimeter/0.0.0" ],
        "Authorization": [ "[Filtered]" ]
      },
      "ContentHeaders": {
      }
    },
    "Response": {
      "StatusCode": 200,
      "Headers": {
        "Cache-Control": [ "no-cache" ],
        "Pragma": [ "no-cache" ],
        "Strict-Transport-Security": [ "max-age=31536000; includeSubDomains" ],
        "x-ms-ratelimit-remaining-subscription-reads": [ "1099" ],
        "x-ms-ratelimit-remaining-subscription-global-reads": [ "16499" ],
        "x-ms-request-id": [ "bfb7286a-6597-41c8-8689-50255446c3c6" ],
        "x-ms-correlation-request-id": [ "bfb7286a-6597-41c8-8689-50255446c3c6" ],
        "x-ms-routing-request-id": [ "EASTUS:20241106T174301Z:bfb7286a-6597-41c8-8689-50255446c3c6" ],
        "X-Content-Type-Options": [ "nosniff" ],
        "X-Cache": [ "CONFIG_NOCACHE" ],
        "X-MSEdge-Ref": [ "Ref A: 695FC38ECB954FD09AB58780F04ED826 Ref B: MNZ221060608037 Ref C: 2024-11-06T17:43:00Z" ],
        "Date": [ "Wed, 06 Nov 2024 17:43:00 GMT" ]
      },
      "ContentHeaders": {
        "Content-Length": [ "492" ],
        "Content-Type": [ "application/json; charset=utf-8" ],
        "Expires": [ "-1" ]
      },
      "Content": "{\"name\":\"t-ar2\",\"id\":\"/subscriptions/3846cb0f-4afa-47ee-8ea4-1c8449c8c8d9/resourceGroups/psrg_tjzlk/providers/Microsoft.Network/networkSecurityPerimeters/tjzlkt-nsp1/profiles/t-profile1/accessRules/t-ar2\",\"type\":\"Microsoft.Network/networkSecurityPerimeters/profiles/accessRules\",\"properties\":{\"provisioningState\":\"Succeeded\",\"direction\":\"Outbound\",\"addressPrefixes\":[],\"fullyQualifiedDomainNames\":[\"*\"],\"subscriptions\":[],\"networkSecurityPerimeters\":[],\"emailAddresses\":[],\"phoneNumbers\":[]}}",
      "isContentBase64": false
    }
  },
  "Update-AzNetworkSecurityPerimeterAccessRule+[NoContext]+UpdateViaIdentityExpandedFQDN+$PUT+https://management.azure.com/subscriptions/3846cb0f-4afa-47ee-8ea4-1c8449c8c8d9/resourceGroups/psrg_tjzlk/providers/Microsoft.Network/networkSecurityPerimeters/tjzlkt-nsp1/profiles/t-profile1/accessRules/t-ar2?api-version=2023-08-01-preview+3": {
    "Request": {
      "Method": "PUT",
      "RequestUri": "https://management.azure.com/subscriptions/3846cb0f-4afa-47ee-8ea4-1c8449c8c8d9/resourceGroups/psrg_tjzlk/providers/Microsoft.Network/networkSecurityPerimeters/tjzlkt-nsp1/profiles/t-profile1/accessRules/t-ar2?api-version=2023-08-01-preview",
      "Content": "{\r\n  \"id\": \"/subscriptions/3846cb0f-4afa-47ee-8ea4-1c8449c8c8d9/resourceGroups/psrg_tjzlk/providers/Microsoft.Network/networkSecurityPerimeters/tjzlkt-nsp1/profiles/t-profile1/accessRules/t-ar2\",\r\n  \"properties\": {\r\n    \"direction\": \"Outbound\",\r\n    \"addressPrefixes\": [ ],\r\n    \"fullyQualifiedDomainNames\": [ \"microsoft.com\", \"nsp.microsoft.com\" ],\r\n    \"subscriptions\": [ ],\r\n    \"emailAddresses\": [ ],\r\n    \"phoneNumbers\": [ ]\r\n  }\r\n}",
      "isContentBase64": false,
      "Headers": {
      },
      "ContentHeaders": {
        "Content-Type": [ "application/json" ],
        "Content-Length": [ "437" ]
      }
    },
    "Response": {
      "StatusCode": 200,
      "Headers": {
        "Cache-Control": [ "no-cache" ],
        "Pragma": [ "no-cache" ],
        "Strict-Transport-Security": [ "max-age=31536000; includeSubDomains" ],
        "x-ms-ratelimit-remaining-subscription-writes": [ "799" ],
        "x-ms-ratelimit-remaining-subscription-global-writes": [ "11999" ],
        "x-ms-request-id": [ "d2a778af-115e-46fb-885d-6057934d4738" ],
        "x-ms-correlation-request-id": [ "d2a778af-115e-46fb-885d-6057934d4738" ],
        "x-ms-routing-request-id": [ "EASTUS:20241106T174301Z:d2a778af-115e-46fb-885d-6057934d4738" ],
        "X-Content-Type-Options": [ "nosniff" ],
        "X-Cache": [ "CONFIG_NOCACHE" ],
        "X-MSEdge-Ref": [ "Ref A: A4BF443D046A411EB7816041CFC9791C Ref B: MNZ221060608037 Ref C: 2024-11-06T17:43:01Z" ],
        "Date": [ "Wed, 06 Nov 2024 17:43:00 GMT" ]
      },
      "ContentHeaders": {
        "Content-Length": [ "524" ],
        "Content-Type": [ "application/json; charset=utf-8" ],
        "Expires": [ "-1" ]
      },
      "Content": "{\"name\":\"t-ar2\",\"id\":\"/subscriptions/3846cb0f-4afa-47ee-8ea4-1c8449c8c8d9/resourceGroups/psrg_tjzlk/providers/Microsoft.Network/networkSecurityPerimeters/tjzlkt-nsp1/profiles/t-profile1/accessRules/t-ar2\",\"type\":\"Microsoft.Network/networkSecurityPerimeters/profiles/accessRules\",\"properties\":{\"provisioningState\":\"Succeeded\",\"direction\":\"Outbound\",\"addressPrefixes\":[],\"fullyQualifiedDomainNames\":[\"microsoft.com\",\"nsp.microsoft.com\"],\"subscriptions\":[],\"networkSecurityPerimeters\":[],\"emailAddresses\":[],\"phoneNumbers\":[]}}",
      "isContentBase64": false
    }
  },
  "Update-AzNetworkSecurityPerimeterAccessRule+[NoContext]+UpdateViaIdentityExpandedEmail+$GET+https://management.azure.com/subscriptions/3846cb0f-4afa-47ee-8ea4-1c8449c8c8d9/resourceGroups/psrg_tjzlk/providers/Microsoft.Network/networkSecurityPerimeters/tjzlkt-nsp1/profiles/t-profile1/accessRules/t-ar3?api-version=2023-08-01-preview+1": {
    "Request": {
      "Method": "GET",
      "RequestUri": "https://management.azure.com/subscriptions/3846cb0f-4afa-47ee-8ea4-1c8449c8c8d9/resourceGroups/psrg_tjzlk/providers/Microsoft.Network/networkSecurityPerimeters/tjzlkt-nsp1/profiles/t-profile1/accessRules/t-ar3?api-version=2023-08-01-preview",
      "Content": null,
      "isContentBase64": false,
      "Headers": {
        "x-ms-unique-id": [ "85" ],
        "x-ms-client-request-id": [ "ca50d9bd-344a-453c-a995-552fdbb78edc" ],
        "CommandName": [ "Get-AzNetworkSecurityPerimeterAccessRule" ],
        "FullCommandName": [ "Get-AzNetworkSecurityPerimeterAccessRule_Get" ],
        "ParameterSetName": [ "__AllParameterSets" ],
        "User-Agent": [ "AzurePowershell/v10.2.0", "PSVersion/v7.4.6", "Az.NetworkSecurityPerimeter/0.0.0" ],
        "Authorization": [ "[Filtered]" ]
      },
      "ContentHeaders": {
      }
    },
    "Response": {
      "StatusCode": 200,
      "Headers": {
        "Cache-Control": [ "no-cache" ],
        "Pragma": [ "no-cache" ],
        "Strict-Transport-Security": [ "max-age=31536000; includeSubDomains" ],
        "x-ms-ratelimit-remaining-subscription-reads": [ "1099" ],
        "x-ms-ratelimit-remaining-subscription-global-reads": [ "16499" ],
        "x-ms-request-id": [ "fc763866-031f-49f2-8d02-4014f58155ed" ],
        "x-ms-correlation-request-id": [ "fc763866-031f-49f2-8d02-4014f58155ed" ],
        "x-ms-routing-request-id": [ "EASTUS:20241106T174301Z:fc763866-031f-49f2-8d02-4014f58155ed" ],
        "X-Content-Type-Options": [ "nosniff" ],
        "X-Cache": [ "CONFIG_NOCACHE" ],
        "X-MSEdge-Ref": [ "Ref A: F09B6EFF87A04388856EE6959DD6C4C4 Ref B: MNZ221060608037 Ref C: 2024-11-06T17:43:01Z" ],
        "Date": [ "Wed, 06 Nov 2024 17:43:00 GMT" ]
      },
      "ContentHeaders": {
        "Content-Length": [ "532" ],
        "Content-Type": [ "application/json; charset=utf-8" ],
        "Expires": [ "-1" ]
      },
      "Content": "{\"name\":\"t-ar3\",\"id\":\"/subscriptions/3846cb0f-4afa-47ee-8ea4-1c8449c8c8d9/resourceGroups/psrg_tjzlk/providers/Microsoft.Network/networkSecurityPerimeters/tjzlkt-nsp1/profiles/t-profile1/accessRules/t-ar3\",\"type\":\"Microsoft.Network/networkSecurityPerimeters/profiles/accessRules\",\"properties\":{\"provisioningState\":\"Succeeded\",\"direction\":\"Outbound\",\"addressPrefixes\":[],\"fullyQualifiedDomainNames\":[],\"subscriptions\":[],\"networkSecurityPerimeters\":[],\"emailAddresses\":[\"test1@microsoft.com\",\"test2@microsoft.com\"],\"phoneNumbers\":[]}}",
      "isContentBase64": false
    }
  },
  "Update-AzNetworkSecurityPerimeterAccessRule+[NoContext]+UpdateViaIdentityExpandedEmail+$GET+https://management.azure.com/subscriptions/3846cb0f-4afa-47ee-8ea4-1c8449c8c8d9/resourceGroups/psrg_tjzlk/providers/Microsoft.Network/networkSecurityPerimeters/tjzlkt-nsp1/profiles/t-profile1/accessRules/t-ar3?api-version=2023-08-01-preview+2": {
    "Request": {
      "Method": "GET",
      "RequestUri": "https://management.azure.com/subscriptions/3846cb0f-4afa-47ee-8ea4-1c8449c8c8d9/resourceGroups/psrg_tjzlk/providers/Microsoft.Network/networkSecurityPerimeters/tjzlkt-nsp1/profiles/t-profile1/accessRules/t-ar3?api-version=2023-08-01-preview",
      "Content": null,
      "isContentBase64": false,
      "Headers": {
        "x-ms-unique-id": [ "86" ],
        "x-ms-client-request-id": [ "f7781aa0-67dd-4c8a-8145-fe2cc0ea91b2" ],
        "CommandName": [ "Get-AzNetworkSecurityPerimeterAccessRule" ],
        "FullCommandName": [ "Get-AzNetworkSecurityPerimeterAccessRule_GetViaIdentity" ],
        "ParameterSetName": [ "__AllParameterSets" ],
        "User-Agent": [ "AzurePowershell/v10.2.0", "PSVersion/v7.4.6", "Az.NetworkSecurityPerimeter/0.0.0" ],
        "Authorization": [ "[Filtered]" ]
      },
      "ContentHeaders": {
      }
    },
    "Response": {
      "StatusCode": 200,
      "Headers": {
        "Cache-Control": [ "no-cache" ],
        "Pragma": [ "no-cache" ],
        "Strict-Transport-Security": [ "max-age=31536000; includeSubDomains" ],
        "x-ms-ratelimit-remaining-subscription-reads": [ "1099" ],
        "x-ms-ratelimit-remaining-subscription-global-reads": [ "16499" ],
        "x-ms-request-id": [ "1af37ea8-cc2f-4212-8694-c85e63ee28d6" ],
        "x-ms-correlation-request-id": [ "1af37ea8-cc2f-4212-8694-c85e63ee28d6" ],
        "x-ms-routing-request-id": [ "EASTUS:20241106T174302Z:1af37ea8-cc2f-4212-8694-c85e63ee28d6" ],
        "X-Content-Type-Options": [ "nosniff" ],
        "X-Cache": [ "CONFIG_NOCACHE" ],
        "X-MSEdge-Ref": [ "Ref A: 5195C3AAC0684C579100A08000CEE5EF Ref B: MNZ221060608037 Ref C: 2024-11-06T17:43:01Z" ],
        "Date": [ "Wed, 06 Nov 2024 17:43:01 GMT" ]
      },
      "ContentHeaders": {
        "Content-Length": [ "532" ],
        "Content-Type": [ "application/json; charset=utf-8" ],
        "Expires": [ "-1" ]
      },
      "Content": "{\"name\":\"t-ar3\",\"id\":\"/subscriptions/3846cb0f-4afa-47ee-8ea4-1c8449c8c8d9/resourceGroups/psrg_tjzlk/providers/Microsoft.Network/networkSecurityPerimeters/tjzlkt-nsp1/profiles/t-profile1/accessRules/t-ar3\",\"type\":\"Microsoft.Network/networkSecurityPerimeters/profiles/accessRules\",\"properties\":{\"provisioningState\":\"Succeeded\",\"direction\":\"Outbound\",\"addressPrefixes\":[],\"fullyQualifiedDomainNames\":[],\"subscriptions\":[],\"networkSecurityPerimeters\":[],\"emailAddresses\":[\"test1@microsoft.com\",\"test2@microsoft.com\"],\"phoneNumbers\":[]}}",
      "isContentBase64": false
    }
  },
  "Update-AzNetworkSecurityPerimeterAccessRule+[NoContext]+UpdateViaIdentityExpandedEmail+$PUT+https://management.azure.com/subscriptions/3846cb0f-4afa-47ee-8ea4-1c8449c8c8d9/resourceGroups/psrg_tjzlk/providers/Microsoft.Network/networkSecurityPerimeters/tjzlkt-nsp1/profiles/t-profile1/accessRules/t-ar3?api-version=2023-08-01-preview+3": {
    "Request": {
      "Method": "PUT",
      "RequestUri": "https://management.azure.com/subscriptions/3846cb0f-4afa-47ee-8ea4-1c8449c8c8d9/resourceGroups/psrg_tjzlk/providers/Microsoft.Network/networkSecurityPerimeters/tjzlkt-nsp1/profiles/t-profile1/accessRules/t-ar3?api-version=2023-08-01-preview",
      "Content": "{\r\n  \"id\": \"/subscriptions/3846cb0f-4afa-47ee-8ea4-1c8449c8c8d9/resourceGroups/psrg_tjzlk/providers/Microsoft.Network/networkSecurityPerimeters/tjzlkt-nsp1/profiles/t-profile1/accessRules/t-ar3\",\r\n  \"properties\": {\r\n    \"direction\": \"Outbound\",\r\n    \"addressPrefixes\": [ ],\r\n    \"fullyQualifiedDomainNames\": [ ],\r\n    \"subscriptions\": [ ],\r\n    \"emailAddresses\": [ \"update1@microsoft.com\", \"update2@microsoft.com\" ],\r\n    \"phoneNumbers\": [ ]\r\n  }\r\n}",
      "isContentBase64": false,
      "Headers": {
      },
      "ContentHeaders": {
        "Content-Type": [ "application/json" ],
        "Content-Length": [ "449" ]
      }
    },
    "Response": {
      "StatusCode": 200,
      "Headers": {
        "Cache-Control": [ "no-cache" ],
        "Pragma": [ "no-cache" ],
        "Strict-Transport-Security": [ "max-age=31536000; includeSubDomains" ],
        "x-ms-ratelimit-remaining-subscription-writes": [ "799" ],
        "x-ms-ratelimit-remaining-subscription-global-writes": [ "11999" ],
        "x-ms-request-id": [ "adeb0199-22c4-4f61-b7f2-b84af696a019" ],
        "x-ms-correlation-request-id": [ "adeb0199-22c4-4f61-b7f2-b84af696a019" ],
        "x-ms-routing-request-id": [ "EASTUS:20241106T174303Z:adeb0199-22c4-4f61-b7f2-b84af696a019" ],
        "X-Content-Type-Options": [ "nosniff" ],
        "X-Cache": [ "CONFIG_NOCACHE" ],
        "X-MSEdge-Ref": [ "Ref A: D482717C47F84C858EE5E5CCA1F99699 Ref B: MNZ221060608037 Ref C: 2024-11-06T17:43:02Z" ],
        "Date": [ "Wed, 06 Nov 2024 17:43:02 GMT" ]
      },
      "ContentHeaders": {
        "Content-Length": [ "536" ],
        "Content-Type": [ "application/json; charset=utf-8" ],
        "Expires": [ "-1" ]
      },
      "Content": "{\"name\":\"t-ar3\",\"id\":\"/subscriptions/3846cb0f-4afa-47ee-8ea4-1c8449c8c8d9/resourceGroups/psrg_tjzlk/providers/Microsoft.Network/networkSecurityPerimeters/tjzlkt-nsp1/profiles/t-profile1/accessRules/t-ar3\",\"type\":\"Microsoft.Network/networkSecurityPerimeters/profiles/accessRules\",\"properties\":{\"provisioningState\":\"Succeeded\",\"direction\":\"Outbound\",\"addressPrefixes\":[],\"fullyQualifiedDomainNames\":[],\"subscriptions\":[],\"networkSecurityPerimeters\":[],\"emailAddresses\":[\"update1@microsoft.com\",\"update2@microsoft.com\"],\"phoneNumbers\":[]}}",
      "isContentBase64": false
    }
  },
  "Update-AzNetworkSecurityPerimeterAccessRule+[NoContext]+UpdateViaIdentityExpandedSMS+$GET+https://management.azure.com/subscriptions/3846cb0f-4afa-47ee-8ea4-1c8449c8c8d9/resourceGroups/psrg_tjzlk/providers/Microsoft.Network/networkSecurityPerimeters/tjzlkt-nsp1/profiles/t-profile1/accessRules/t-ar4?api-version=2023-08-01-preview+1": {
    "Request": {
      "Method": "GET",
      "RequestUri": "https://management.azure.com/subscriptions/3846cb0f-4afa-47ee-8ea4-1c8449c8c8d9/resourceGroups/psrg_tjzlk/providers/Microsoft.Network/networkSecurityPerimeters/tjzlkt-nsp1/profiles/t-profile1/accessRules/t-ar4?api-version=2023-08-01-preview",
      "Content": null,
      "isContentBase64": false,
      "Headers": {
        "x-ms-unique-id": [ "88" ],
        "x-ms-client-request-id": [ "bed5d41b-aa60-4e8e-9d2f-243f27b6d541" ],
        "CommandName": [ "Get-AzNetworkSecurityPerimeterAccessRule" ],
        "FullCommandName": [ "Get-AzNetworkSecurityPerimeterAccessRule_Get" ],
        "ParameterSetName": [ "__AllParameterSets" ],
        "User-Agent": [ "AzurePowershell/v10.2.0", "PSVersion/v7.4.6", "Az.NetworkSecurityPerimeter/0.0.0" ],
        "Authorization": [ "[Filtered]" ]
      },
      "ContentHeaders": {
      }
    },
    "Response": {
      "StatusCode": 200,
      "Headers": {
        "Cache-Control": [ "no-cache" ],
        "Pragma": [ "no-cache" ],
        "Strict-Transport-Security": [ "max-age=31536000; includeSubDomains" ],
        "x-ms-ratelimit-remaining-subscription-reads": [ "1099" ],
        "x-ms-ratelimit-remaining-subscription-global-reads": [ "16499" ],
        "x-ms-request-id": [ "23cbffbd-2ff7-4584-b2c2-cde0a93b5feb" ],
        "x-ms-correlation-request-id": [ "23cbffbd-2ff7-4584-b2c2-cde0a93b5feb" ],
        "x-ms-routing-request-id": [ "EASTUS:20241106T174304Z:23cbffbd-2ff7-4584-b2c2-cde0a93b5feb" ],
        "X-Content-Type-Options": [ "nosniff" ],
        "X-Cache": [ "CONFIG_NOCACHE" ],
        "X-MSEdge-Ref": [ "Ref A: 7E7BF1A954724C409C056026AC3C304B Ref B: MNZ221060608037 Ref C: 2024-11-06T17:43:03Z" ],
        "Date": [ "Wed, 06 Nov 2024 17:43:03 GMT" ]
      },
      "ContentHeaders": {
        "Content-Length": [ "522" ],
        "Content-Type": [ "application/json; charset=utf-8" ],
        "Expires": [ "-1" ]
      },
      "Content": "{\"name\":\"t-ar4\",\"id\":\"/subscriptions/3846cb0f-4afa-47ee-8ea4-1c8449c8c8d9/resourceGroups/psrg_tjzlk/providers/Microsoft.Network/networkSecurityPerimeters/tjzlkt-nsp1/profiles/t-profile1/accessRules/t-ar4\",\"type\":\"Microsoft.Network/networkSecurityPerimeters/profiles/accessRules\",\"properties\":{\"provisioningState\":\"Succeeded\",\"direction\":\"Outbound\",\"addressPrefixes\":[],\"fullyQualifiedDomainNames\":[],\"subscriptions\":[],\"networkSecurityPerimeters\":[],\"emailAddresses\":[],\"phoneNumbers\":[\"+91 7878787878\",\"+91 9898989898\"]}}",
      "isContentBase64": false
    }
  },
  "Update-AzNetworkSecurityPerimeterAccessRule+[NoContext]+UpdateViaIdentityExpandedSMS+$GET+https://management.azure.com/subscriptions/3846cb0f-4afa-47ee-8ea4-1c8449c8c8d9/resourceGroups/psrg_tjzlk/providers/Microsoft.Network/networkSecurityPerimeters/tjzlkt-nsp1/profiles/t-profile1/accessRules/t-ar4?api-version=2023-08-01-preview+2": {
    "Request": {
      "Method": "GET",
      "RequestUri": "https://management.azure.com/subscriptions/3846cb0f-4afa-47ee-8ea4-1c8449c8c8d9/resourceGroups/psrg_tjzlk/providers/Microsoft.Network/networkSecurityPerimeters/tjzlkt-nsp1/profiles/t-profile1/accessRules/t-ar4?api-version=2023-08-01-preview",
      "Content": null,
      "isContentBase64": false,
      "Headers": {
        "x-ms-unique-id": [ "89" ],
        "x-ms-client-request-id": [ "57334f68-0e5d-408c-abd8-d2081b87f6c3" ],
        "CommandName": [ "Get-AzNetworkSecurityPerimeterAccessRule" ],
        "FullCommandName": [ "Get-AzNetworkSecurityPerimeterAccessRule_GetViaIdentity" ],
        "ParameterSetName": [ "__AllParameterSets" ],
        "User-Agent": [ "AzurePowershell/v10.2.0", "PSVersion/v7.4.6", "Az.NetworkSecurityPerimeter/0.0.0" ],
        "Authorization": [ "[Filtered]" ]
      },
      "ContentHeaders": {
      }
    },
    "Response": {
      "StatusCode": 200,
      "Headers": {
        "Cache-Control": [ "no-cache" ],
        "Pragma": [ "no-cache" ],
        "Strict-Transport-Security": [ "max-age=31536000; includeSubDomains" ],
        "x-ms-ratelimit-remaining-subscription-reads": [ "1099" ],
        "x-ms-ratelimit-remaining-subscription-global-reads": [ "16499" ],
        "x-ms-request-id": [ "be62173c-8cdd-4979-97cb-dd2dc241d449" ],
        "x-ms-correlation-request-id": [ "be62173c-8cdd-4979-97cb-dd2dc241d449" ],
        "x-ms-routing-request-id": [ "EASTUS:20241106T174304Z:be62173c-8cdd-4979-97cb-dd2dc241d449" ],
        "X-Content-Type-Options": [ "nosniff" ],
        "X-Cache": [ "CONFIG_NOCACHE" ],
        "X-MSEdge-Ref": [ "Ref A: 0286CCB0C3AB440BB5E3A8F7871B538A Ref B: MNZ221060608037 Ref C: 2024-11-06T17:43:04Z" ],
        "Date": [ "Wed, 06 Nov 2024 17:43:03 GMT" ]
      },
      "ContentHeaders": {
        "Content-Length": [ "522" ],
        "Content-Type": [ "application/json; charset=utf-8" ],
        "Expires": [ "-1" ]
      },
      "Content": "{\"name\":\"t-ar4\",\"id\":\"/subscriptions/3846cb0f-4afa-47ee-8ea4-1c8449c8c8d9/resourceGroups/psrg_tjzlk/providers/Microsoft.Network/networkSecurityPerimeters/tjzlkt-nsp1/profiles/t-profile1/accessRules/t-ar4\",\"type\":\"Microsoft.Network/networkSecurityPerimeters/profiles/accessRules\",\"properties\":{\"provisioningState\":\"Succeeded\",\"direction\":\"Outbound\",\"addressPrefixes\":[],\"fullyQualifiedDomainNames\":[],\"subscriptions\":[],\"networkSecurityPerimeters\":[],\"emailAddresses\":[],\"phoneNumbers\":[\"+91 7878787878\",\"+91 9898989898\"]}}",
      "isContentBase64": false
    }
  },
  "Update-AzNetworkSecurityPerimeterAccessRule+[NoContext]+UpdateViaIdentityExpandedSMS+$PUT+https://management.azure.com/subscriptions/3846cb0f-4afa-47ee-8ea4-1c8449c8c8d9/resourceGroups/psrg_tjzlk/providers/Microsoft.Network/networkSecurityPerimeters/tjzlkt-nsp1/profiles/t-profile1/accessRules/t-ar4?api-version=2023-08-01-preview+3": {
    "Request": {
      "Method": "PUT",
      "RequestUri": "https://management.azure.com/subscriptions/3846cb0f-4afa-47ee-8ea4-1c8449c8c8d9/resourceGroups/psrg_tjzlk/providers/Microsoft.Network/networkSecurityPerimeters/tjzlkt-nsp1/profiles/t-profile1/accessRules/t-ar4?api-version=2023-08-01-preview",
      "Content": "{\r\n  \"id\": \"/subscriptions/3846cb0f-4afa-47ee-8ea4-1c8449c8c8d9/resourceGroups/psrg_tjzlk/providers/Microsoft.Network/networkSecurityPerimeters/tjzlkt-nsp1/profiles/t-profile1/accessRules/t-ar4\",\r\n  \"properties\": {\r\n    \"direction\": \"Outbound\",\r\n    \"addressPrefixes\": [ ],\r\n    \"fullyQualifiedDomainNames\": [ ],\r\n    \"subscriptions\": [ ],\r\n    \"emailAddresses\": [ ],\r\n    \"phoneNumbers\": [ \"+919876543210\", \"+919876543211\" ]\r\n  }\r\n}",
      "isContentBase64": false,
      "Headers": {
      },
      "ContentHeaders": {
        "Content-Type": [ "application/json" ],
        "Content-Length": [ "433" ]
      }
    },
    "Response": {
      "StatusCode": 200,
      "Headers": {
        "Cache-Control": [ "no-cache" ],
        "Pragma": [ "no-cache" ],
        "Strict-Transport-Security": [ "max-age=31536000; includeSubDomains" ],
        "x-ms-ratelimit-remaining-subscription-writes": [ "799" ],
        "x-ms-ratelimit-remaining-subscription-global-writes": [ "11999" ],
        "x-ms-request-id": [ "d298ca8a-7126-40b0-b179-d068da84c55c" ],
        "x-ms-correlation-request-id": [ "d298ca8a-7126-40b0-b179-d068da84c55c" ],
        "x-ms-routing-request-id": [ "EASTUS:20241106T174305Z:d298ca8a-7126-40b0-b179-d068da84c55c" ],
        "X-Content-Type-Options": [ "nosniff" ],
        "X-Cache": [ "CONFIG_NOCACHE" ],
        "X-MSEdge-Ref": [ "Ref A: C914AA6EAF1F49D2B1A010AF686456B7 Ref B: MNZ221060608037 Ref C: 2024-11-06T17:43:04Z" ],
        "Date": [ "Wed, 06 Nov 2024 17:43:04 GMT" ]
      },
      "ContentHeaders": {
        "Content-Length": [ "522" ],
        "Content-Type": [ "application/json; charset=utf-8" ],
        "Expires": [ "-1" ]
      },
      "Content": "{\"name\":\"t-ar4\",\"id\":\"/subscriptions/3846cb0f-4afa-47ee-8ea4-1c8449c8c8d9/resourceGroups/psrg_tjzlk/providers/Microsoft.Network/networkSecurityPerimeters/tjzlkt-nsp1/profiles/t-profile1/accessRules/t-ar4\",\"type\":\"Microsoft.Network/networkSecurityPerimeters/profiles/accessRules\",\"properties\":{\"provisioningState\":\"Succeeded\",\"direction\":\"Outbound\",\"addressPrefixes\":[],\"fullyQualifiedDomainNames\":[],\"subscriptions\":[],\"networkSecurityPerimeters\":[],\"emailAddresses\":[],\"phoneNumbers\":[\"+91 9876543210\",\"+91 9876543211\"]}}",
      "isContentBase64": false
    }
  },
  "Update-AzNetworkSecurityPerimeterAccessRule+[NoContext]+UpdateViaIdentityExpandedServiceTag+$GET+https://management.azure.com/subscriptions/3846cb0f-4afa-47ee-8ea4-1c8449c8c8d9/resourceGroups/psrg_tjzlk/providers/Microsoft.Network/networkSecurityPerimeters/tjzlkt-nsp1/profiles/t-profile1/accessRules/t-ar1?api-version=2023-08-01-preview+1": {
    "Request": {
      "Method": "GET",
      "RequestUri": "https://management.azure.com/subscriptions/3846cb0f-4afa-47ee-8ea4-1c8449c8c8d9/resourceGroups/psrg_tjzlk/providers/Microsoft.Network/networkSecurityPerimeters/tjzlkt-nsp1/profiles/t-profile1/accessRules/t-ar1?api-version=2023-08-01-preview",
      "Content": null,
      "isContentBase64": false,
      "Headers": {
        "x-ms-unique-id": [ "91" ],
        "x-ms-client-request-id": [ "434a3cd9-cc51-4367-b5d8-f763832b2a3b" ],
        "CommandName": [ "Get-AzNetworkSecurityPerimeterAccessRule" ],
        "FullCommandName": [ "Get-AzNetworkSecurityPerimeterAccessRule_Get" ],
        "ParameterSetName": [ "__AllParameterSets" ],
        "User-Agent": [ "AzurePowershell/v10.2.0", "PSVersion/v7.4.6", "Az.NetworkSecurityPerimeter/0.0.0" ],
        "Authorization": [ "[Filtered]" ]
      },
      "ContentHeaders": {
      }
    },
    "Response": {
      "StatusCode": 200,
      "Headers": {
        "Cache-Control": [ "no-cache" ],
        "Pragma": [ "no-cache" ],
        "Strict-Transport-Security": [ "max-age=31536000; includeSubDomains" ],
        "x-ms-ratelimit-remaining-subscription-reads": [ "1099" ],
        "x-ms-ratelimit-remaining-subscription-global-reads": [ "16499" ],
        "x-ms-request-id": [ "6d339b06-a155-4ebe-b714-25febcbd320b" ],
        "x-ms-correlation-request-id": [ "6d339b06-a155-4ebe-b714-25febcbd320b" ],
        "x-ms-routing-request-id": [ "EASTUS:20241106T174307Z:6d339b06-a155-4ebe-b714-25febcbd320b" ],
        "X-Content-Type-Options": [ "nosniff" ],
        "X-Cache": [ "CONFIG_NOCACHE" ],
        "X-MSEdge-Ref": [ "Ref A: FD3E40D9B21D4B4D8DD4971C7D79DBF6 Ref B: MNZ221060608037 Ref C: 2024-11-06T17:43:05Z" ],
        "Date": [ "Wed, 06 Nov 2024 17:43:06 GMT" ]
      },
      "ContentHeaders": {
        "Content-Length": [ "501" ],
        "Content-Type": [ "application/json; charset=utf-8" ],
        "Expires": [ "-1" ]
      },
      "Content": "{\"name\":\"t-ar1\",\"id\":\"/subscriptions/3846cb0f-4afa-47ee-8ea4-1c8449c8c8d9/resourceGroups/psrg_tjzlk/providers/Microsoft.Network/networkSecurityPerimeters/tjzlkt-nsp1/profiles/t-profile1/accessRules/t-ar1\",\"type\":\"Microsoft.Network/networkSecurityPerimeters/profiles/accessRules\",\"properties\":{\"provisioningState\":\"Succeeded\",\"direction\":\"Inbound\",\"addressPrefixes\":[\"10.0.0.0/16\"],\"fullyQualifiedDomainNames\":[],\"subscriptions\":[],\"networkSecurityPerimeters\":[],\"emailAddresses\":[],\"phoneNumbers\":[]}}",
      "isContentBase64": false
    }
  },
  "Update-AzNetworkSecurityPerimeterAccessRule+[NoContext]+UpdateViaIdentityExpandedServiceTag+$GET+https://management.azure.com/subscriptions/3846cb0f-4afa-47ee-8ea4-1c8449c8c8d9/resourceGroups/psrg_tjzlk/providers/Microsoft.Network/networkSecurityPerimeters/tjzlkt-nsp1/profiles/t-profile1/accessRules/t-ar1?api-version=2023-08-01-preview+2": {
    "Request": {
      "Method": "GET",
      "RequestUri": "https://management.azure.com/subscriptions/3846cb0f-4afa-47ee-8ea4-1c8449c8c8d9/resourceGroups/psrg_tjzlk/providers/Microsoft.Network/networkSecurityPerimeters/tjzlkt-nsp1/profiles/t-profile1/accessRules/t-ar1?api-version=2023-08-01-preview",
      "Content": null,
      "isContentBase64": false,
      "Headers": {
        "x-ms-unique-id": [ "92" ],
        "x-ms-client-request-id": [ "d3c10592-e403-4378-90e6-7f5bf3d07729" ],
        "CommandName": [ "Get-AzNetworkSecurityPerimeterAccessRule" ],
        "FullCommandName": [ "Get-AzNetworkSecurityPerimeterAccessRule_GetViaIdentity" ],
        "ParameterSetName": [ "__AllParameterSets" ],
        "User-Agent": [ "AzurePowershell/v10.2.0", "PSVersion/v7.4.6", "Az.NetworkSecurityPerimeter/0.0.0" ],
        "Authorization": [ "[Filtered]" ]
      },
      "ContentHeaders": {
      }
    },
    "Response": {
      "StatusCode": 200,
      "Headers": {
        "Cache-Control": [ "no-cache" ],
        "Pragma": [ "no-cache" ],
        "Strict-Transport-Security": [ "max-age=31536000; includeSubDomains" ],
        "x-ms-ratelimit-remaining-subscription-reads": [ "1099" ],
        "x-ms-ratelimit-remaining-subscription-global-reads": [ "16499" ],
        "x-ms-request-id": [ "9e900d3d-18d5-4a34-a502-5925dc1c39e3" ],
        "x-ms-correlation-request-id": [ "9e900d3d-18d5-4a34-a502-5925dc1c39e3" ],
        "x-ms-routing-request-id": [ "EASTUS:20241106T174308Z:9e900d3d-18d5-4a34-a502-5925dc1c39e3" ],
        "X-Content-Type-Options": [ "nosniff" ],
        "X-Cache": [ "CONFIG_NOCACHE" ],
        "X-MSEdge-Ref": [ "Ref A: 294BA66440A744A0AFC87A16FF84CDBA Ref B: MNZ221060608037 Ref C: 2024-11-06T17:43:07Z" ],
        "Date": [ "Wed, 06 Nov 2024 17:43:07 GMT" ]
      },
      "ContentHeaders": {
        "Content-Length": [ "501" ],
        "Content-Type": [ "application/json; charset=utf-8" ],
        "Expires": [ "-1" ]
      },
      "Content": "{\"name\":\"t-ar1\",\"id\":\"/subscriptions/3846cb0f-4afa-47ee-8ea4-1c8449c8c8d9/resourceGroups/psrg_tjzlk/providers/Microsoft.Network/networkSecurityPerimeters/tjzlkt-nsp1/profiles/t-profile1/accessRules/t-ar1\",\"type\":\"Microsoft.Network/networkSecurityPerimeters/profiles/accessRules\",\"properties\":{\"provisioningState\":\"Succeeded\",\"direction\":\"Inbound\",\"addressPrefixes\":[\"10.0.0.0/16\"],\"fullyQualifiedDomainNames\":[],\"subscriptions\":[],\"networkSecurityPerimeters\":[],\"emailAddresses\":[],\"phoneNumbers\":[]}}",
      "isContentBase64": false
    }
  },
  "Update-AzNetworkSecurityPerimeterAccessRule+[NoContext]+UpdateViaIdentityExpandedServiceTag+$PUT+https://management.azure.com/subscriptions/3846cb0f-4afa-47ee-8ea4-1c8449c8c8d9/resourceGroups/psrg_tjzlk/providers/Microsoft.Network/networkSecurityPerimeters/tjzlkt-nsp1/profiles/t-profile1/accessRules/t-ar1?api-version=2023-08-01-preview+3": {
    "Request": {
      "Method": "PUT",
      "RequestUri": "https://management.azure.com/subscriptions/3846cb0f-4afa-47ee-8ea4-1c8449c8c8d9/resourceGroups/psrg_tjzlk/providers/Microsoft.Network/networkSecurityPerimeters/tjzlkt-nsp1/profiles/t-profile1/accessRules/t-ar1?api-version=2023-08-01-preview",
      "Content": "{\r\n  \"id\": \"/subscriptions/3846cb0f-4afa-47ee-8ea4-1c8449c8c8d9/resourceGroups/psrg_tjzlk/providers/Microsoft.Network/networkSecurityPerimeters/tjzlkt-nsp1/profiles/t-profile1/accessRules/t-ar1\",\r\n  \"properties\": {\r\n    \"direction\": \"Inbound\",\r\n    \"addressPrefixes\": [ ],\r\n    \"fullyQualifiedDomainNames\": [ ],\r\n    \"subscriptions\": [ ],\r\n    \"emailAddresses\": [ ],\r\n    \"phoneNumbers\": [ ],\r\n    \"serviceTags\": [ \"MicrosoftPublicIPSpace\" ]\r\n  }\r\n}",
      "isContentBase64": false,
      "Headers": {
      },
      "ContentHeaders": {
        "Content-Type": [ "application/json" ],
        "Content-Length": [ "449" ]
      }
    },
    "Response": {
      "StatusCode": 200,
      "Headers": {
        "Cache-Control": [ "no-cache" ],
        "Pragma": [ "no-cache" ],
        "Strict-Transport-Security": [ "max-age=31536000; includeSubDomains" ],
        "x-ms-ratelimit-remaining-subscription-writes": [ "799" ],
        "x-ms-ratelimit-remaining-subscription-global-writes": [ "11999" ],
        "x-ms-request-id": [ "2535d1d4-7eb5-4f5b-8be2-8cc533a959f1" ],
        "x-ms-correlation-request-id": [ "2535d1d4-7eb5-4f5b-8be2-8cc533a959f1" ],
        "x-ms-routing-request-id": [ "EASTUS:20241106T174308Z:2535d1d4-7eb5-4f5b-8be2-8cc533a959f1" ],
        "X-Content-Type-Options": [ "nosniff" ],
        "X-Cache": [ "CONFIG_NOCACHE" ],
        "X-MSEdge-Ref": [ "Ref A: 17C8A40FC5F349FA9919586C83CFE361 Ref B: MNZ221060608037 Ref C: 2024-11-06T17:43:08Z" ],
        "Date": [ "Wed, 06 Nov 2024 17:43:07 GMT" ]
      },
      "ContentHeaders": {
        "Content-Length": [ "529" ],
        "Content-Type": [ "application/json; charset=utf-8" ],
        "Expires": [ "-1" ]
      },
      "Content": "{\"name\":\"t-ar1\",\"id\":\"/subscriptions/3846cb0f-4afa-47ee-8ea4-1c8449c8c8d9/resourceGroups/psrg_tjzlk/providers/Microsoft.Network/networkSecurityPerimeters/tjzlkt-nsp1/profiles/t-profile1/accessRules/t-ar1\",\"type\":\"Microsoft.Network/networkSecurityPerimeters/profiles/accessRules\",\"properties\":{\"provisioningState\":\"Succeeded\",\"direction\":\"Inbound\",\"addressPrefixes\":[],\"fullyQualifiedDomainNames\":[],\"subscriptions\":[],\"networkSecurityPerimeters\":[],\"emailAddresses\":[],\"phoneNumbers\":[],\"serviceTags\":[\"MicrosoftPublicIPSpace\"]}}",
      "isContentBase64": false
    }
  }
}