{
  "Update-AzNetworkSecurityPerimeterAccessRule+[NoContext]+UpdateExpanded+$GET+https://management.azure.com/subscriptions/3846cb0f-4afa-47ee-8ea4-1c8449c8c8d9/resourceGroups/psrg_tytig/providers/Microsoft.Network/networkSecurityPerimeters/tytigt-nsp1/profiles/t-profile1/accessRules/t-ar1?api-version=2021-02-01-preview+1": {
    "Request": {
      "Method": "GET",
      "RequestUri": "https://management.azure.com/subscriptions/3846cb0f-4afa-47ee-8ea4-1c8449c8c8d9/resourceGroups/psrg_tytig/providers/Microsoft.Network/networkSecurityPerimeters/tytigt-nsp1/profiles/t-profile1/accessRules/t-ar1?api-version=2021-02-01-preview",
      "Content": null,
      "isContentBase64": false,
      "Headers": {
        "x-ms-unique-id": [ "60" ],
        "x-ms-client-request-id": [ "6473355d-513f-4293-9d8b-d044ec652a2d" ],
        "CommandName": [ "Get-AzNetworkSecurityPerimeterAccessRule" ],
        "FullCommandName": [ "Get-AzNetworkSecurityPerimeterAccessRule_Get" ],
        "ParameterSetName": [ "__AllParameterSets" ],
        "User-Agent": [ "AzurePowershell/v0.0.0", "PSVersion/v7.2.13", "Az.NetworkSecurityPerimeter/0.1.0" ],
        "Authorization": [ "[Filtered]" ]
      },
      "ContentHeaders": {
      }
    },
    "Response": {
      "StatusCode": 200,
      "Headers": {
        "Cache-Control": [ "no-cache" ],
        "Pragma": [ "no-cache" ],
        "x-ms-ratelimit-remaining-subscription-reads": [ "11960" ],
        "Strict-Transport-Security": [ "max-age=31536000; includeSubDomains" ],
        "Server": [ "Kestrel" ],
        "x-ms-request-id": [ "5ab8206c-bcb2-44ac-a96f-8e4761136814" ],
        "x-ms-correlation-request-id": [ "5ab8206c-bcb2-44ac-a96f-8e4761136814" ],
        "x-ms-routing-request-id": [ "CENTRALINDIA:20230727T103957Z:5ab8206c-bcb2-44ac-a96f-8e4761136814" ],
        "X-Content-Type-Options": [ "nosniff" ],
        "Date": [ "Thu, 27 Jul 2023 10:39:57 GMT" ]
      },
      "ContentHeaders": {
        "Content-Length": [ "502" ],
        "Content-Type": [ "application/json; charset=utf-8" ],
        "Expires": [ "-1" ]
      },
      "Content": "{\"name\":\"t-ar1\",\"id\":\"/subscriptions/3846cb0f-4afa-47ee-8ea4-1c8449c8c8d9/resourceGroups/psrg_tytig/providers/Microsoft.Network/networkSecurityPerimeters/tytigt-nsp1/profiles/t-profile1/accessRules/t-ar1\",\"type\":\"Microsoft.Network/networkSecurityPerimeters/profiles/accessRules\",\"properties\":{\"provisioningState\":\"Succeeded\",\"direction\":\"Inbound\",\"addressPrefixes\":[\"10.10.0.0/16\"],\"fullyQualifiedDomainNames\":[],\"subscriptions\":[],\"networkSecurityPerimeters\":[],\"emailAddresses\":[],\"phoneNumbers\":[]}}",
      "isContentBase64": false
    }
  },
  "Update-AzNetworkSecurityPerimeterAccessRule+[NoContext]+UpdateExpanded+$PUT+https://management.azure.com/subscriptions/3846cb0f-4afa-47ee-8ea4-1c8449c8c8d9/resourceGroups/psrg_tytig/providers/Microsoft.Network/networkSecurityPerimeters/tytigt-nsp1/profiles/t-profile1/accessRules/t-ar1?api-version=2021-02-01-preview+2": {
    "Request": {
      "Method": "PUT",
      "RequestUri": "https://management.azure.com/subscriptions/3846cb0f-4afa-47ee-8ea4-1c8449c8c8d9/resourceGroups/psrg_tytig/providers/Microsoft.Network/networkSecurityPerimeters/tytigt-nsp1/profiles/t-profile1/accessRules/t-ar1?api-version=2021-02-01-preview",
      "Content": "{\r\n  \"id\": \"/subscriptions/3846cb0f-4afa-47ee-8ea4-1c8449c8c8d9/resourceGroups/psrg_tytig/providers/Microsoft.Network/networkSecurityPerimeters/tytigt-nsp1/profiles/t-profile1/accessRules/t-ar1\",\r\n  \"properties\": {\r\n    \"direction\": \"Inbound\",\r\n    \"addressPrefixes\": [ \"10.10.0.0/17\" ],\r\n    \"fullyQualifiedDomainNames\": [ ],\r\n    \"subscriptions\": [ ],\r\n    \"emailAddresses\": [ ],\r\n    \"phoneNumbers\": [ ]\r\n  }\r\n}",
      "isContentBase64": false,
      "Headers": {
      },
      "ContentHeaders": {
        "Content-Type": [ "application/json" ],
        "Content-Length": [ "414" ]
      }
    },
    "Response": {
      "StatusCode": 200,
      "Headers": {
        "Cache-Control": [ "no-cache" ],
        "Pragma": [ "no-cache" ],
        "x-ms-ratelimit-remaining-subscription-writes": [ "1191" ],
        "Strict-Transport-Security": [ "max-age=31536000; includeSubDomains" ],
        "Server": [ "Kestrel" ],
        "x-ms-request-id": [ "8838dd2f-15ec-49cb-b462-a7d17f56909e" ],
        "x-ms-correlation-request-id": [ "8838dd2f-15ec-49cb-b462-a7d17f56909e" ],
        "x-ms-routing-request-id": [ "CENTRALINDIA:20230727T103958Z:8838dd2f-15ec-49cb-b462-a7d17f56909e" ],
        "X-Content-Type-Options": [ "nosniff" ],
        "Date": [ "Thu, 27 Jul 2023 10:39:58 GMT" ]
      },
      "ContentHeaders": {
        "Content-Length": [ "502" ],
        "Content-Type": [ "application/json; charset=utf-8" ],
        "Expires": [ "-1" ]
      },
      "Content": "{\"name\":\"t-ar1\",\"id\":\"/subscriptions/3846cb0f-4afa-47ee-8ea4-1c8449c8c8d9/resourceGroups/psrg_tytig/providers/Microsoft.Network/networkSecurityPerimeters/tytigt-nsp1/profiles/t-profile1/accessRules/t-ar1\",\"type\":\"Microsoft.Network/networkSecurityPerimeters/profiles/accessRules\",\"properties\":{\"provisioningState\":\"Succeeded\",\"direction\":\"Inbound\",\"addressPrefixes\":[\"10.10.0.0/17\"],\"fullyQualifiedDomainNames\":[],\"subscriptions\":[],\"networkSecurityPerimeters\":[],\"emailAddresses\":[],\"phoneNumbers\":[]}}",
      "isContentBase64": false
    }
  },
  "Update-AzNetworkSecurityPerimeterAccessRule+[NoContext]+UpdateViaIdentityExpanded+$GET+https://management.azure.com/subscriptions/3846cb0f-4afa-47ee-8ea4-1c8449c8c8d9/resourceGroups/psrg_tytig/providers/Microsoft.Network/networkSecurityPerimeters/tytigt-nsp1/profiles/t-profile1/accessRules/t-ar1?api-version=2021-02-01-preview+1": {
    "Request": {
      "Method": "GET",
      "RequestUri": "https://management.azure.com/subscriptions/3846cb0f-4afa-47ee-8ea4-1c8449c8c8d9/resourceGroups/psrg_tytig/providers/Microsoft.Network/networkSecurityPerimeters/tytigt-nsp1/profiles/t-profile1/accessRules/t-ar1?api-version=2021-02-01-preview",
      "Content": null,
      "isContentBase64": false,
      "Headers": {
        "x-ms-unique-id": [ "62" ],
        "x-ms-client-request-id": [ "b5463dc6-9511-44b6-a9be-0aa05e013ea2" ],
        "CommandName": [ "Get-AzNetworkSecurityPerimeterAccessRule" ],
        "FullCommandName": [ "Get-AzNetworkSecurityPerimeterAccessRule_Get" ],
        "ParameterSetName": [ "__AllParameterSets" ],
        "User-Agent": [ "AzurePowershell/v0.0.0", "PSVersion/v7.2.13", "Az.NetworkSecurityPerimeter/0.1.0" ],
        "Authorization": [ "[Filtered]" ]
      },
      "ContentHeaders": {
      }
    },
    "Response": {
      "StatusCode": 200,
      "Headers": {
        "Cache-Control": [ "no-cache" ],
        "Pragma": [ "no-cache" ],
        "x-ms-ratelimit-remaining-subscription-reads": [ "11959" ],
        "Strict-Transport-Security": [ "max-age=31536000; includeSubDomains" ],
        "Server": [ "Kestrel" ],
        "x-ms-request-id": [ "b5b5a7f0-24a5-4f79-bb5e-1640be6326af" ],
        "x-ms-correlation-request-id": [ "b5b5a7f0-24a5-4f79-bb5e-1640be6326af" ],
        "x-ms-routing-request-id": [ "CENTRALINDIA:20230727T103959Z:b5b5a7f0-24a5-4f79-bb5e-1640be6326af" ],
        "X-Content-Type-Options": [ "nosniff" ],
        "Date": [ "Thu, 27 Jul 2023 10:39:59 GMT" ]
      },
      "ContentHeaders": {
        "Content-Length": [ "502" ],
        "Content-Type": [ "application/json; charset=utf-8" ],
        "Expires": [ "-1" ]
      },
      "Content": "{\"name\":\"t-ar1\",\"id\":\"/subscriptions/3846cb0f-4afa-47ee-8ea4-1c8449c8c8d9/resourceGroups/psrg_tytig/providers/Microsoft.Network/networkSecurityPerimeters/tytigt-nsp1/profiles/t-profile1/accessRules/t-ar1\",\"type\":\"Microsoft.Network/networkSecurityPerimeters/profiles/accessRules\",\"properties\":{\"provisioningState\":\"Succeeded\",\"direction\":\"Inbound\",\"addressPrefixes\":[\"10.10.0.0/17\"],\"fullyQualifiedDomainNames\":[],\"subscriptions\":[],\"networkSecurityPerimeters\":[],\"emailAddresses\":[],\"phoneNumbers\":[]}}",
      "isContentBase64": false
    }
  },
  "Update-AzNetworkSecurityPerimeterAccessRule+[NoContext]+UpdateViaIdentityExpanded+$GET+https://management.azure.com/subscriptions/3846cb0f-4afa-47ee-8ea4-1c8449c8c8d9/resourceGroups/psrg_tytig/providers/Microsoft.Network/networkSecurityPerimeters/tytigt-nsp1/profiles/t-profile1/accessRules/t-ar1?api-version=2021-02-01-preview+2": {
    "Request": {
      "Method": "GET",
      "RequestUri": "https://management.azure.com/subscriptions/3846cb0f-4afa-47ee-8ea4-1c8449c8c8d9/resourceGroups/psrg_tytig/providers/Microsoft.Network/networkSecurityPerimeters/tytigt-nsp1/profiles/t-profile1/accessRules/t-ar1?api-version=2021-02-01-preview",
      "Content": null,
      "isContentBase64": false,
      "Headers": {
        "x-ms-unique-id": [ "63" ],
        "x-ms-client-request-id": [ "df5fc2ca-b88f-47e9-b182-0bd673083c6d" ],
        "CommandName": [ "Get-AzNetworkSecurityPerimeterAccessRule" ],
        "FullCommandName": [ "Get-AzNetworkSecurityPerimeterAccessRule_GetViaIdentity" ],
        "ParameterSetName": [ "__AllParameterSets" ],
        "User-Agent": [ "AzurePowershell/v0.0.0", "PSVersion/v7.2.13", "Az.NetworkSecurityPerimeter/0.1.0" ],
        "Authorization": [ "[Filtered]" ]
      },
      "ContentHeaders": {
      }
    },
    "Response": {
      "StatusCode": 200,
      "Headers": {
        "Cache-Control": [ "no-cache" ],
        "Pragma": [ "no-cache" ],
        "x-ms-ratelimit-remaining-subscription-reads": [ "11958" ],
        "Strict-Transport-Security": [ "max-age=31536000; includeSubDomains" ],
        "Server": [ "Kestrel" ],
        "x-ms-request-id": [ "2a100817-73b3-4f44-a5bb-a78f3e064aba" ],
        "x-ms-correlation-request-id": [ "2a100817-73b3-4f44-a5bb-a78f3e064aba" ],
        "x-ms-routing-request-id": [ "CENTRALINDIA:20230727T104000Z:2a100817-73b3-4f44-a5bb-a78f3e064aba" ],
        "X-Content-Type-Options": [ "nosniff" ],
        "Date": [ "Thu, 27 Jul 2023 10:39:59 GMT" ]
      },
      "ContentHeaders": {
        "Content-Length": [ "502" ],
        "Content-Type": [ "application/json; charset=utf-8" ],
        "Expires": [ "-1" ]
      },
      "Content": "{\"name\":\"t-ar1\",\"id\":\"/subscriptions/3846cb0f-4afa-47ee-8ea4-1c8449c8c8d9/resourceGroups/psrg_tytig/providers/Microsoft.Network/networkSecurityPerimeters/tytigt-nsp1/profiles/t-profile1/accessRules/t-ar1\",\"type\":\"Microsoft.Network/networkSecurityPerimeters/profiles/accessRules\",\"properties\":{\"provisioningState\":\"Succeeded\",\"direction\":\"Inbound\",\"addressPrefixes\":[\"10.10.0.0/17\"],\"fullyQualifiedDomainNames\":[],\"subscriptions\":[],\"networkSecurityPerimeters\":[],\"emailAddresses\":[],\"phoneNumbers\":[]}}",
      "isContentBase64": false
    }
  },
  "Update-AzNetworkSecurityPerimeterAccessRule+[NoContext]+UpdateViaIdentityExpanded+$PUT+https://management.azure.com/subscriptions/3846cb0f-4afa-47ee-8ea4-1c8449c8c8d9/resourceGroups/psrg_tytig/providers/Microsoft.Network/networkSecurityPerimeters/tytigt-nsp1/profiles/t-profile1/accessRules/t-ar1?api-version=2021-02-01-preview+3": {
    "Request": {
      "Method": "PUT",
      "RequestUri": "https://management.azure.com/subscriptions/3846cb0f-4afa-47ee-8ea4-1c8449c8c8d9/resourceGroups/psrg_tytig/providers/Microsoft.Network/networkSecurityPerimeters/tytigt-nsp1/profiles/t-profile1/accessRules/t-ar1?api-version=2021-02-01-preview",
      "Content": "{\r\n  \"id\": \"/subscriptions/3846cb0f-4afa-47ee-8ea4-1c8449c8c8d9/resourceGroups/psrg_tytig/providers/Microsoft.Network/networkSecurityPerimeters/tytigt-nsp1/profiles/t-profile1/accessRules/t-ar1\",\r\n  \"properties\": {\r\n    \"direction\": \"Inbound\",\r\n    \"addressPrefixes\": [ \"10.0.0.0/16\" ],\r\n    \"fullyQualifiedDomainNames\": [ ],\r\n    \"subscriptions\": [ ],\r\n    \"emailAddresses\": [ ],\r\n    \"phoneNumbers\": [ ]\r\n  }\r\n}",
      "isContentBase64": false,
      "Headers": {
      },
      "ContentHeaders": {
        "Content-Type": [ "application/json" ],
        "Content-Length": [ "413" ]
      }
    },
    "Response": {
      "StatusCode": 200,
      "Headers": {
        "Cache-Control": [ "no-cache" ],
        "Pragma": [ "no-cache" ],
        "x-ms-ratelimit-remaining-subscription-writes": [ "1190" ],
        "Strict-Transport-Security": [ "max-age=31536000; includeSubDomains" ],
        "Server": [ "Kestrel" ],
        "x-ms-request-id": [ "4d377050-383f-41ed-b949-ca4ce466b7f7" ],
        "x-ms-correlation-request-id": [ "4d377050-383f-41ed-b949-ca4ce466b7f7" ],
        "x-ms-routing-request-id": [ "CENTRALINDIA:20230727T104000Z:4d377050-383f-41ed-b949-ca4ce466b7f7" ],
        "X-Content-Type-Options": [ "nosniff" ],
        "Date": [ "Thu, 27 Jul 2023 10:40:00 GMT" ]
      },
      "ContentHeaders": {
        "Content-Length": [ "501" ],
        "Content-Type": [ "application/json; charset=utf-8" ],
        "Expires": [ "-1" ]
      },
      "Content": "{\"name\":\"t-ar1\",\"id\":\"/subscriptions/3846cb0f-4afa-47ee-8ea4-1c8449c8c8d9/resourceGroups/psrg_tytig/providers/Microsoft.Network/networkSecurityPerimeters/tytigt-nsp1/profiles/t-profile1/accessRules/t-ar1\",\"type\":\"Microsoft.Network/networkSecurityPerimeters/profiles/accessRules\",\"properties\":{\"provisioningState\":\"Succeeded\",\"direction\":\"Inbound\",\"addressPrefixes\":[\"10.0.0.0/16\"],\"fullyQualifiedDomainNames\":[],\"subscriptions\":[],\"networkSecurityPerimeters\":[],\"emailAddresses\":[],\"phoneNumbers\":[]}}",
      "isContentBase64": false
    }
  },
  "Update-AzNetworkSecurityPerimeterAccessRule+[NoContext]+UpdateViaIdentityExpandedFQDN+$GET+https://management.azure.com/subscriptions/3846cb0f-4afa-47ee-8ea4-1c8449c8c8d9/resourceGroups/psrg_tytig/providers/Microsoft.Network/networkSecurityPerimeters/tytigt-nsp1/profiles/t-profile1/accessRules/t-ar2?api-version=2021-02-01-preview+1": {
    "Request": {
      "Method": "GET",
      "RequestUri": "https://management.azure.com/subscriptions/3846cb0f-4afa-47ee-8ea4-1c8449c8c8d9/resourceGroups/psrg_tytig/providers/Microsoft.Network/networkSecurityPerimeters/tytigt-nsp1/profiles/t-profile1/accessRules/t-ar2?api-version=2021-02-01-preview",
      "Content": null,
      "isContentBase64": false,
      "Headers": {
        "x-ms-unique-id": [ "65" ],
        "x-ms-client-request-id": [ "a037264c-71ca-49e7-be6d-683feb3ca326" ],
        "CommandName": [ "Get-AzNetworkSecurityPerimeterAccessRule" ],
        "FullCommandName": [ "Get-AzNetworkSecurityPerimeterAccessRule_Get" ],
        "ParameterSetName": [ "__AllParameterSets" ],
        "User-Agent": [ "AzurePowershell/v0.0.0", "PSVersion/v7.2.13", "Az.NetworkSecurityPerimeter/0.1.0" ],
        "Authorization": [ "[Filtered]" ]
      },
      "ContentHeaders": {
      }
    },
    "Response": {
      "StatusCode": 200,
      "Headers": {
        "Cache-Control": [ "no-cache" ],
        "Pragma": [ "no-cache" ],
        "x-ms-ratelimit-remaining-subscription-reads": [ "11957" ],
        "Strict-Transport-Security": [ "max-age=31536000; includeSubDomains" ],
        "Server": [ "Kestrel" ],
        "x-ms-request-id": [ "a5e2a1a6-fc85-4826-ac39-651c455359aa" ],
        "x-ms-correlation-request-id": [ "a5e2a1a6-fc85-4826-ac39-651c455359aa" ],
        "x-ms-routing-request-id": [ "CENTRALINDIA:20230727T104001Z:a5e2a1a6-fc85-4826-ac39-651c455359aa" ],
        "X-Content-Type-Options": [ "nosniff" ],
        "Date": [ "Thu, 27 Jul 2023 10:40:01 GMT" ]
      },
      "ContentHeaders": {
        "Content-Length": [ "492" ],
        "Content-Type": [ "application/json; charset=utf-8" ],
        "Expires": [ "-1" ]
      },
      "Content": "{\"name\":\"t-ar2\",\"id\":\"/subscriptions/3846cb0f-4afa-47ee-8ea4-1c8449c8c8d9/resourceGroups/psrg_tytig/providers/Microsoft.Network/networkSecurityPerimeters/tytigt-nsp1/profiles/t-profile1/accessRules/t-ar2\",\"type\":\"Microsoft.Network/networkSecurityPerimeters/profiles/accessRules\",\"properties\":{\"provisioningState\":\"Succeeded\",\"direction\":\"Outbound\",\"addressPrefixes\":[],\"fullyQualifiedDomainNames\":[\"*\"],\"subscriptions\":[],\"networkSecurityPerimeters\":[],\"emailAddresses\":[],\"phoneNumbers\":[]}}",
      "isContentBase64": false
    }
  },
  "Update-AzNetworkSecurityPerimeterAccessRule+[NoContext]+UpdateViaIdentityExpandedFQDN+$GET+https://management.azure.com/subscriptions/3846cb0f-4afa-47ee-8ea4-1c8449c8c8d9/resourceGroups/psrg_tytig/providers/Microsoft.Network/networkSecurityPerimeters/tytigt-nsp1/profiles/t-profile1/accessRules/t-ar2?api-version=2021-02-01-preview+2": {
    "Request": {
      "Method": "GET",
      "RequestUri": "https://management.azure.com/subscriptions/3846cb0f-4afa-47ee-8ea4-1c8449c8c8d9/resourceGroups/psrg_tytig/providers/Microsoft.Network/networkSecurityPerimeters/tytigt-nsp1/profiles/t-profile1/accessRules/t-ar2?api-version=2021-02-01-preview",
      "Content": null,
      "isContentBase64": false,
      "Headers": {
        "x-ms-unique-id": [ "66" ],
        "x-ms-client-request-id": [ "34b233fe-c64e-4c37-847d-757a5afcea1a" ],
        "CommandName": [ "Get-AzNetworkSecurityPerimeterAccessRule" ],
        "FullCommandName": [ "Get-AzNetworkSecurityPerimeterAccessRule_GetViaIdentity" ],
        "ParameterSetName": [ "__AllParameterSets" ],
        "User-Agent": [ "AzurePowershell/v0.0.0", "PSVersion/v7.2.13", "Az.NetworkSecurityPerimeter/0.1.0" ],
        "Authorization": [ "[Filtered]" ]
      },
      "ContentHeaders": {
      }
    },
    "Response": {
      "StatusCode": 200,
      "Headers": {
        "Cache-Control": [ "no-cache" ],
        "Pragma": [ "no-cache" ],
        "x-ms-ratelimit-remaining-subscription-reads": [ "11956" ],
        "Strict-Transport-Security": [ "max-age=31536000; includeSubDomains" ],
        "Server": [ "Kestrel" ],
        "x-ms-request-id": [ "35403c24-4eab-4bea-9481-534bafe8780d" ],
        "x-ms-correlation-request-id": [ "35403c24-4eab-4bea-9481-534bafe8780d" ],
        "x-ms-routing-request-id": [ "CENTRALINDIA:20230727T104002Z:35403c24-4eab-4bea-9481-534bafe8780d" ],
        "X-Content-Type-Options": [ "nosniff" ],
        "Date": [ "Thu, 27 Jul 2023 10:40:02 GMT" ]
      },
      "ContentHeaders": {
        "Content-Length": [ "492" ],
        "Content-Type": [ "application/json; charset=utf-8" ],
        "Expires": [ "-1" ]
      },
      "Content": "{\"name\":\"t-ar2\",\"id\":\"/subscriptions/3846cb0f-4afa-47ee-8ea4-1c8449c8c8d9/resourceGroups/psrg_tytig/providers/Microsoft.Network/networkSecurityPerimeters/tytigt-nsp1/profiles/t-profile1/accessRules/t-ar2\",\"type\":\"Microsoft.Network/networkSecurityPerimeters/profiles/accessRules\",\"properties\":{\"provisioningState\":\"Succeeded\",\"direction\":\"Outbound\",\"addressPrefixes\":[],\"fullyQualifiedDomainNames\":[\"*\"],\"subscriptions\":[],\"networkSecurityPerimeters\":[],\"emailAddresses\":[],\"phoneNumbers\":[]}}",
      "isContentBase64": false
    }
  },
  "Update-AzNetworkSecurityPerimeterAccessRule+[NoContext]+UpdateViaIdentityExpandedFQDN+$PUT+https://management.azure.com/subscriptions/3846cb0f-4afa-47ee-8ea4-1c8449c8c8d9/resourceGroups/psrg_tytig/providers/Microsoft.Network/networkSecurityPerimeters/tytigt-nsp1/profiles/t-profile1/accessRules/t-ar2?api-version=2021-02-01-preview+3": {
    "Request": {
      "Method": "PUT",
      "RequestUri": "https://management.azure.com/subscriptions/3846cb0f-4afa-47ee-8ea4-1c8449c8c8d9/resourceGroups/psrg_tytig/providers/Microsoft.Network/networkSecurityPerimeters/tytigt-nsp1/profiles/t-profile1/accessRules/t-ar2?api-version=2021-02-01-preview",
      "Content": "{\r\n  \"id\": \"/subscriptions/3846cb0f-4afa-47ee-8ea4-1c8449c8c8d9/resourceGroups/psrg_tytig/providers/Microsoft.Network/networkSecurityPerimeters/tytigt-nsp1/profiles/t-profile1/accessRules/t-ar2\",\r\n  \"properties\": {\r\n    \"direction\": \"Outbound\",\r\n    \"addressPrefixes\": [ ],\r\n    \"fullyQualifiedDomainNames\": [ \"microsoft.com\", \"nsp.microsoft.com\" ],\r\n    \"subscriptions\": [ ],\r\n    \"emailAddresses\": [ ],\r\n    \"phoneNumbers\": [ ]\r\n  }\r\n}",
      "isContentBase64": false,
      "Headers": {
      },
      "ContentHeaders": {
        "Content-Type": [ "application/json" ],
        "Content-Length": [ "437" ]
      }
    },
    "Response": {
      "StatusCode": 200,
      "Headers": {
        "Cache-Control": [ "no-cache" ],
        "Pragma": [ "no-cache" ],
        "x-ms-ratelimit-remaining-subscription-writes": [ "1189" ],
        "Strict-Transport-Security": [ "max-age=31536000; includeSubDomains" ],
        "Server": [ "Kestrel" ],
        "x-ms-request-id": [ "03ad3993-dc54-47fb-ac8e-da93d72d2ad3" ],
        "x-ms-correlation-request-id": [ "03ad3993-dc54-47fb-ac8e-da93d72d2ad3" ],
        "x-ms-routing-request-id": [ "CENTRALINDIA:20230727T104003Z:03ad3993-dc54-47fb-ac8e-da93d72d2ad3" ],
        "X-Content-Type-Options": [ "nosniff" ],
        "Date": [ "Thu, 27 Jul 2023 10:40:02 GMT" ]
      },
      "ContentHeaders": {
        "Content-Length": [ "524" ],
        "Content-Type": [ "application/json; charset=utf-8" ],
        "Expires": [ "-1" ]
      },
      "Content": "{\"name\":\"t-ar2\",\"id\":\"/subscriptions/3846cb0f-4afa-47ee-8ea4-1c8449c8c8d9/resourceGroups/psrg_tytig/providers/Microsoft.Network/networkSecurityPerimeters/tytigt-nsp1/profiles/t-profile1/accessRules/t-ar2\",\"type\":\"Microsoft.Network/networkSecurityPerimeters/profiles/accessRules\",\"properties\":{\"provisioningState\":\"Succeeded\",\"direction\":\"Outbound\",\"addressPrefixes\":[],\"fullyQualifiedDomainNames\":[\"microsoft.com\",\"nsp.microsoft.com\"],\"subscriptions\":[],\"networkSecurityPerimeters\":[],\"emailAddresses\":[],\"phoneNumbers\":[]}}",
      "isContentBase64": false
    }
  },
  "Update-AzNetworkSecurityPerimeterAccessRule+[NoContext]+UpdateViaIdentityExpandedEmail+$GET+https://management.azure.com/subscriptions/3846cb0f-4afa-47ee-8ea4-1c8449c8c8d9/resourceGroups/psrg_tytig/providers/Microsoft.Network/networkSecurityPerimeters/tytigt-nsp1/profiles/t-profile1/accessRules/t-ar3?api-version=2021-02-01-preview+1": {
    "Request": {
      "Method": "GET",
      "RequestUri": "https://management.azure.com/subscriptions/3846cb0f-4afa-47ee-8ea4-1c8449c8c8d9/resourceGroups/psrg_tytig/providers/Microsoft.Network/networkSecurityPerimeters/tytigt-nsp1/profiles/t-profile1/accessRules/t-ar3?api-version=2021-02-01-preview",
      "Content": null,
      "isContentBase64": false,
      "Headers": {
        "x-ms-unique-id": [ "68" ],
        "x-ms-client-request-id": [ "15d08b8a-873b-44f9-8d31-186aafdfb38c" ],
        "CommandName": [ "Get-AzNetworkSecurityPerimeterAccessRule" ],
        "FullCommandName": [ "Get-AzNetworkSecurityPerimeterAccessRule_Get" ],
        "ParameterSetName": [ "__AllParameterSets" ],
        "User-Agent": [ "AzurePowershell/v0.0.0", "PSVersion/v7.2.13", "Az.NetworkSecurityPerimeter/0.1.0" ],
        "Authorization": [ "[Filtered]" ]
      },
      "ContentHeaders": {
      }
    },
    "Response": {
      "StatusCode": 200,
      "Headers": {
        "Cache-Control": [ "no-cache" ],
        "Pragma": [ "no-cache" ],
        "x-ms-ratelimit-remaining-subscription-reads": [ "11955" ],
        "Strict-Transport-Security": [ "max-age=31536000; includeSubDomains" ],
        "Server": [ "Kestrel" ],
        "x-ms-request-id": [ "6c492983-de3b-4df1-a44e-29ea1d31aa56" ],
        "x-ms-correlation-request-id": [ "6c492983-de3b-4df1-a44e-29ea1d31aa56" ],
        "x-ms-routing-request-id": [ "CENTRALINDIA:20230727T104004Z:6c492983-de3b-4df1-a44e-29ea1d31aa56" ],
        "X-Content-Type-Options": [ "nosniff" ],
        "Date": [ "Thu, 27 Jul 2023 10:40:03 GMT" ]
      },
      "ContentHeaders": {
        "Content-Length": [ "532" ],
        "Content-Type": [ "application/json; charset=utf-8" ],
        "Expires": [ "-1" ]
      },
      "Content": "{\"name\":\"t-ar3\",\"id\":\"/subscriptions/3846cb0f-4afa-47ee-8ea4-1c8449c8c8d9/resourceGroups/psrg_tytig/providers/Microsoft.Network/networkSecurityPerimeters/tytigt-nsp1/profiles/t-profile1/accessRules/t-ar3\",\"type\":\"Microsoft.Network/networkSecurityPerimeters/profiles/accessRules\",\"properties\":{\"provisioningState\":\"Succeeded\",\"direction\":\"Outbound\",\"addressPrefixes\":[],\"fullyQualifiedDomainNames\":[],\"subscriptions\":[],\"networkSecurityPerimeters\":[],\"emailAddresses\":[\"test1@microsoft.com\",\"test2@microsoft.com\"],\"phoneNumbers\":[]}}",
      "isContentBase64": false
    }
  },
  "Update-AzNetworkSecurityPerimeterAccessRule+[NoContext]+UpdateViaIdentityExpandedEmail+$GET+https://management.azure.com/subscriptions/3846cb0f-4afa-47ee-8ea4-1c8449c8c8d9/resourceGroups/psrg_tytig/providers/Microsoft.Network/networkSecurityPerimeters/tytigt-nsp1/profiles/t-profile1/accessRules/t-ar3?api-version=2021-02-01-preview+2": {
    "Request": {
      "Method": "GET",
      "RequestUri": "https://management.azure.com/subscriptions/3846cb0f-4afa-47ee-8ea4-1c8449c8c8d9/resourceGroups/psrg_tytig/providers/Microsoft.Network/networkSecurityPerimeters/tytigt-nsp1/profiles/t-profile1/accessRules/t-ar3?api-version=2021-02-01-preview",
      "Content": null,
      "isContentBase64": false,
      "Headers": {
        "x-ms-unique-id": [ "69" ],
        "x-ms-client-request-id": [ "32fa95d9-b019-45aa-a50a-3a1f03e08a22" ],
        "CommandName": [ "Get-AzNetworkSecurityPerimeterAccessRule" ],
        "FullCommandName": [ "Get-AzNetworkSecurityPerimeterAccessRule_GetViaIdentity" ],
        "ParameterSetName": [ "__AllParameterSets" ],
        "User-Agent": [ "AzurePowershell/v0.0.0", "PSVersion/v7.2.13", "Az.NetworkSecurityPerimeter/0.1.0" ],
        "Authorization": [ "[Filtered]" ]
      },
      "ContentHeaders": {
      }
    },
    "Response": {
      "StatusCode": 200,
      "Headers": {
        "Cache-Control": [ "no-cache" ],
        "Pragma": [ "no-cache" ],
        "x-ms-ratelimit-remaining-subscription-reads": [ "11954" ],
        "Strict-Transport-Security": [ "max-age=31536000; includeSubDomains" ],
        "Server": [ "Kestrel" ],
        "x-ms-request-id": [ "761bff4d-7f46-439d-a3d7-21005f63228f" ],
        "x-ms-correlation-request-id": [ "761bff4d-7f46-439d-a3d7-21005f63228f" ],
        "x-ms-routing-request-id": [ "CENTRALINDIA:20230727T104005Z:761bff4d-7f46-439d-a3d7-21005f63228f" ],
        "X-Content-Type-Options": [ "nosniff" ],
        "Date": [ "Thu, 27 Jul 2023 10:40:04 GMT" ]
      },
      "ContentHeaders": {
        "Content-Length": [ "532" ],
        "Content-Type": [ "application/json; charset=utf-8" ],
        "Expires": [ "-1" ]
      },
      "Content": "{\"name\":\"t-ar3\",\"id\":\"/subscriptions/3846cb0f-4afa-47ee-8ea4-1c8449c8c8d9/resourceGroups/psrg_tytig/providers/Microsoft.Network/networkSecurityPerimeters/tytigt-nsp1/profiles/t-profile1/accessRules/t-ar3\",\"type\":\"Microsoft.Network/networkSecurityPerimeters/profiles/accessRules\",\"properties\":{\"provisioningState\":\"Succeeded\",\"direction\":\"Outbound\",\"addressPrefixes\":[],\"fullyQualifiedDomainNames\":[],\"subscriptions\":[],\"networkSecurityPerimeters\":[],\"emailAddresses\":[\"test1@microsoft.com\",\"test2@microsoft.com\"],\"phoneNumbers\":[]}}",
      "isContentBase64": false
    }
  },
  "Update-AzNetworkSecurityPerimeterAccessRule+[NoContext]+UpdateViaIdentityExpandedEmail+$PUT+https://management.azure.com/subscriptions/3846cb0f-4afa-47ee-8ea4-1c8449c8c8d9/resourceGroups/psrg_tytig/providers/Microsoft.Network/networkSecurityPerimeters/tytigt-nsp1/profiles/t-profile1/accessRules/t-ar3?api-version=2021-02-01-preview+3": {
    "Request": {
      "Method": "PUT",
      "RequestUri": "https://management.azure.com/subscriptions/3846cb0f-4afa-47ee-8ea4-1c8449c8c8d9/resourceGroups/psrg_tytig/providers/Microsoft.Network/networkSecurityPerimeters/tytigt-nsp1/profiles/t-profile1/accessRules/t-ar3?api-version=2021-02-01-preview",
      "Content": "{\r\n  \"id\": \"/subscriptions/3846cb0f-4afa-47ee-8ea4-1c8449c8c8d9/resourceGroups/psrg_tytig/providers/Microsoft.Network/networkSecurityPerimeters/tytigt-nsp1/profiles/t-profile1/accessRules/t-ar3\",\r\n  \"properties\": {\r\n    \"direction\": \"Outbound\",\r\n    \"addressPrefixes\": [ ],\r\n    \"fullyQualifiedDomainNames\": [ ],\r\n    \"subscriptions\": [ ],\r\n    \"emailAddresses\": [ \"update1@microsoft.com\", \"update2@microsoft.com\" ],\r\n    \"phoneNumbers\": [ ]\r\n  }\r\n}",
      "isContentBase64": false,
      "Headers": {
      },
      "ContentHeaders": {
        "Content-Type": [ "application/json" ],
        "Content-Length": [ "449" ]
      }
    },
    "Response": {
      "StatusCode": 200,
      "Headers": {
        "Cache-Control": [ "no-cache" ],
        "Pragma": [ "no-cache" ],
        "x-ms-ratelimit-remaining-subscription-writes": [ "1188" ],
        "Strict-Transport-Security": [ "max-age=31536000; includeSubDomains" ],
        "Server": [ "Kestrel" ],
        "x-ms-request-id": [ "3d588d87-4347-4a83-a90e-2ad1f6a5f179" ],
        "x-ms-correlation-request-id": [ "3d588d87-4347-4a83-a90e-2ad1f6a5f179" ],
        "x-ms-routing-request-id": [ "CENTRALINDIA:20230727T104005Z:3d588d87-4347-4a83-a90e-2ad1f6a5f179" ],
        "X-Content-Type-Options": [ "nosniff" ],
        "Date": [ "Thu, 27 Jul 2023 10:40:05 GMT" ]
      },
      "ContentHeaders": {
        "Content-Length": [ "536" ],
        "Content-Type": [ "application/json; charset=utf-8" ],
        "Expires": [ "-1" ]
      },
      "Content": "{\"name\":\"t-ar3\",\"id\":\"/subscriptions/3846cb0f-4afa-47ee-8ea4-1c8449c8c8d9/resourceGroups/psrg_tytig/providers/Microsoft.Network/networkSecurityPerimeters/tytigt-nsp1/profiles/t-profile1/accessRules/t-ar3\",\"type\":\"Microsoft.Network/networkSecurityPerimeters/profiles/accessRules\",\"properties\":{\"provisioningState\":\"Succeeded\",\"direction\":\"Outbound\",\"addressPrefixes\":[],\"fullyQualifiedDomainNames\":[],\"subscriptions\":[],\"networkSecurityPerimeters\":[],\"emailAddresses\":[\"update1@microsoft.com\",\"update2@microsoft.com\"],\"phoneNumbers\":[]}}",
      "isContentBase64": false
    }
  },
  "Update-AzNetworkSecurityPerimeterAccessRule+[NoContext]+UpdateViaIdentityExpandedSMS+$GET+https://management.azure.com/subscriptions/3846cb0f-4afa-47ee-8ea4-1c8449c8c8d9/resourceGroups/psrg_tytig/providers/Microsoft.Network/networkSecurityPerimeters/tytigt-nsp1/profiles/t-profile1/accessRules/t-ar4?api-version=2021-02-01-preview+1": {
    "Request": {
      "Method": "GET",
      "RequestUri": "https://management.azure.com/subscriptions/3846cb0f-4afa-47ee-8ea4-1c8449c8c8d9/resourceGroups/psrg_tytig/providers/Microsoft.Network/networkSecurityPerimeters/tytigt-nsp1/profiles/t-profile1/accessRules/t-ar4?api-version=2021-02-01-preview",
      "Content": null,
      "isContentBase64": false,
      "Headers": {
        "x-ms-unique-id": [ "71" ],
        "x-ms-client-request-id": [ "cc74d054-fed8-464d-bcc8-75ac4684fc59" ],
        "CommandName": [ "Get-AzNetworkSecurityPerimeterAccessRule" ],
        "FullCommandName": [ "Get-AzNetworkSecurityPerimeterAccessRule_Get" ],
        "ParameterSetName": [ "__AllParameterSets" ],
        "User-Agent": [ "AzurePowershell/v0.0.0", "PSVersion/v7.2.13", "Az.NetworkSecurityPerimeter/0.1.0" ],
        "Authorization": [ "[Filtered]" ]
      },
      "ContentHeaders": {
      }
    },
    "Response": {
      "StatusCode": 200,
      "Headers": {
        "Cache-Control": [ "no-cache" ],
        "Pragma": [ "no-cache" ],
        "x-ms-ratelimit-remaining-subscription-reads": [ "11953" ],
        "Strict-Transport-Security": [ "max-age=31536000; includeSubDomains" ],
        "Server": [ "Kestrel" ],
        "x-ms-request-id": [ "8bc140f7-cfd4-41cc-956b-d16de145bdaa" ],
        "x-ms-correlation-request-id": [ "8bc140f7-cfd4-41cc-956b-d16de145bdaa" ],
        "x-ms-routing-request-id": [ "CENTRALINDIA:20230727T104006Z:8bc140f7-cfd4-41cc-956b-d16de145bdaa" ],
        "X-Content-Type-Options": [ "nosniff" ],
        "Date": [ "Thu, 27 Jul 2023 10:40:06 GMT" ]
      },
      "ContentHeaders": {
        "Content-Length": [ "522" ],
        "Content-Type": [ "application/json; charset=utf-8" ],
        "Expires": [ "-1" ]
      },
      "Content": "{\"name\":\"t-ar4\",\"id\":\"/subscriptions/3846cb0f-4afa-47ee-8ea4-1c8449c8c8d9/resourceGroups/psrg_tytig/providers/Microsoft.Network/networkSecurityPerimeters/tytigt-nsp1/profiles/t-profile1/accessRules/t-ar4\",\"type\":\"Microsoft.Network/networkSecurityPerimeters/profiles/accessRules\",\"properties\":{\"provisioningState\":\"Succeeded\",\"direction\":\"Outbound\",\"addressPrefixes\":[],\"fullyQualifiedDomainNames\":[],\"subscriptions\":[],\"networkSecurityPerimeters\":[],\"emailAddresses\":[],\"phoneNumbers\":[\"+91 7878787878\",\"+91 9898989898\"]}}",
      "isContentBase64": false
    }
  },
  "Update-AzNetworkSecurityPerimeterAccessRule+[NoContext]+UpdateViaIdentityExpandedSMS+$GET+https://management.azure.com/subscriptions/3846cb0f-4afa-47ee-8ea4-1c8449c8c8d9/resourceGroups/psrg_tytig/providers/Microsoft.Network/networkSecurityPerimeters/tytigt-nsp1/profiles/t-profile1/accessRules/t-ar4?api-version=2021-02-01-preview+2": {
    "Request": {
      "Method": "GET",
      "RequestUri": "https://management.azure.com/subscriptions/3846cb0f-4afa-47ee-8ea4-1c8449c8c8d9/resourceGroups/psrg_tytig/providers/Microsoft.Network/networkSecurityPerimeters/tytigt-nsp1/profiles/t-profile1/accessRules/t-ar4?api-version=2021-02-01-preview",
      "Content": null,
      "isContentBase64": false,
      "Headers": {
        "x-ms-unique-id": [ "72" ],
        "x-ms-client-request-id": [ "a49f8d1c-3f19-4642-bcb1-9974e6f50117" ],
        "CommandName": [ "Get-AzNetworkSecurityPerimeterAccessRule" ],
        "FullCommandName": [ "Get-AzNetworkSecurityPerimeterAccessRule_GetViaIdentity" ],
        "ParameterSetName": [ "__AllParameterSets" ],
        "User-Agent": [ "AzurePowershell/v0.0.0", "PSVersion/v7.2.13", "Az.NetworkSecurityPerimeter/0.1.0" ],
        "Authorization": [ "[Filtered]" ]
      },
      "ContentHeaders": {
      }
    },
    "Response": {
      "StatusCode": 200,
      "Headers": {
        "Cache-Control": [ "no-cache" ],
        "Pragma": [ "no-cache" ],
        "x-ms-ratelimit-remaining-subscription-reads": [ "11952" ],
        "Strict-Transport-Security": [ "max-age=31536000; includeSubDomains" ],
        "Server": [ "Kestrel" ],
        "x-ms-request-id": [ "59b8fc53-c21c-4abc-98da-cdba9c6afc74" ],
        "x-ms-correlation-request-id": [ "59b8fc53-c21c-4abc-98da-cdba9c6afc74" ],
        "x-ms-routing-request-id": [ "CENTRALINDIA:20230727T104007Z:59b8fc53-c21c-4abc-98da-cdba9c6afc74" ],
        "X-Content-Type-Options": [ "nosniff" ],
        "Date": [ "Thu, 27 Jul 2023 10:40:07 GMT" ]
      },
      "ContentHeaders": {
        "Content-Length": [ "522" ],
        "Content-Type": [ "application/json; charset=utf-8" ],
        "Expires": [ "-1" ]
      },
      "Content": "{\"name\":\"t-ar4\",\"id\":\"/subscriptions/3846cb0f-4afa-47ee-8ea4-1c8449c8c8d9/resourceGroups/psrg_tytig/providers/Microsoft.Network/networkSecurityPerimeters/tytigt-nsp1/profiles/t-profile1/accessRules/t-ar4\",\"type\":\"Microsoft.Network/networkSecurityPerimeters/profiles/accessRules\",\"properties\":{\"provisioningState\":\"Succeeded\",\"direction\":\"Outbound\",\"addressPrefixes\":[],\"fullyQualifiedDomainNames\":[],\"subscriptions\":[],\"networkSecurityPerimeters\":[],\"emailAddresses\":[],\"phoneNumbers\":[\"+91 7878787878\",\"+91 9898989898\"]}}",
      "isContentBase64": false
    }
  },
  "Update-AzNetworkSecurityPerimeterAccessRule+[NoContext]+UpdateViaIdentityExpandedSMS+$PUT+https://management.azure.com/subscriptions/3846cb0f-4afa-47ee-8ea4-1c8449c8c8d9/resourceGroups/psrg_tytig/providers/Microsoft.Network/networkSecurityPerimeters/tytigt-nsp1/profiles/t-profile1/accessRules/t-ar4?api-version=2021-02-01-preview+3": {
    "Request": {
      "Method": "PUT",
      "RequestUri": "https://management.azure.com/subscriptions/3846cb0f-4afa-47ee-8ea4-1c8449c8c8d9/resourceGroups/psrg_tytig/providers/Microsoft.Network/networkSecurityPerimeters/tytigt-nsp1/profiles/t-profile1/accessRules/t-ar4?api-version=2021-02-01-preview",
      "Content": "{\r\n  \"id\": \"/subscriptions/3846cb0f-4afa-47ee-8ea4-1c8449c8c8d9/resourceGroups/psrg_tytig/providers/Microsoft.Network/networkSecurityPerimeters/tytigt-nsp1/profiles/t-profile1/accessRules/t-ar4\",\r\n  \"properties\": {\r\n    \"direction\": \"Outbound\",\r\n    \"addressPrefixes\": [ ],\r\n    \"fullyQualifiedDomainNames\": [ ],\r\n    \"subscriptions\": [ ],\r\n    \"emailAddresses\": [ ],\r\n    \"phoneNumbers\": [ \"+919876543210\", \"+919876543211\" ]\r\n  }\r\n}",
      "isContentBase64": false,
      "Headers": {
      },
      "ContentHeaders": {
        "Content-Type": [ "application/json" ],
        "Content-Length": [ "433" ]
      }
    },
    "Response": {
      "StatusCode": 200,
      "Headers": {
        "Cache-Control": [ "no-cache" ],
        "Pragma": [ "no-cache" ],
        "x-ms-ratelimit-remaining-subscription-writes": [ "1187" ],
        "Strict-Transport-Security": [ "max-age=31536000; includeSubDomains" ],
        "Server": [ "Kestrel" ],
        "x-ms-request-id": [ "9d5a66cb-28b2-4260-9d29-1c5c65673fd7" ],
        "x-ms-correlation-request-id": [ "9d5a66cb-28b2-4260-9d29-1c5c65673fd7" ],
        "x-ms-routing-request-id": [ "CENTRALINDIA:20230727T104019Z:9d5a66cb-28b2-4260-9d29-1c5c65673fd7" ],
        "X-Content-Type-Options": [ "nosniff" ],
        "Date": [ "Thu, 27 Jul 2023 10:40:18 GMT" ]
      },
      "ContentHeaders": {
        "Content-Length": [ "522" ],
        "Content-Type": [ "application/json; charset=utf-8" ],
        "Expires": [ "-1" ]
      },
      "Content": "{\"name\":\"t-ar4\",\"id\":\"/subscriptions/3846cb0f-4afa-47ee-8ea4-1c8449c8c8d9/resourceGroups/psrg_tytig/providers/Microsoft.Network/networkSecurityPerimeters/tytigt-nsp1/profiles/t-profile1/accessRules/t-ar4\",\"type\":\"Microsoft.Network/networkSecurityPerimeters/profiles/accessRules\",\"properties\":{\"provisioningState\":\"Succeeded\",\"direction\":\"Outbound\",\"addressPrefixes\":[],\"fullyQualifiedDomainNames\":[],\"subscriptions\":[],\"networkSecurityPerimeters\":[],\"emailAddresses\":[],\"phoneNumbers\":[\"+91 9876543210\",\"+91 9876543211\"]}}",
      "isContentBase64": false
    }
  }
}