{
  "Entries": [
    {
      "RequestUri": "/subscriptions/c9cbd920-c00c-427c-852b-8aaf38badaeb/resourceGroups/UAITG123456/providers/Microsoft.Compute/images/Win2016Datacenter?api-version=2017-12-01",
      "EncodedRequestUri": "L3N1YnNjcmlwdGlvbnMvYzljYmQ5MjAtYzAwYy00MjdjLTg1MmItOGFhZjM4YmFkYWViL3Jlc291cmNlR3JvdXBzL1VBSVRHMTIzNDU2L3Byb3ZpZGVycy9NaWNyb3NvZnQuQ29tcHV0ZS9pbWFnZXMvV2luMjAxNkRhdGFjZW50ZXI/YXBpLXZlcnNpb249MjAxNy0xMi0wMQ==",
      "RequestMethod": "GET",
      "RequestBody": "",
      "RequestHeaders": {
        "x-ms-client-request-id": [
          "60c8a184-ada9-464f-a988-d52f47306702"
        ],
        "accept-language": [
          "en-US"
        ],
        "User-Agent": [
          "FxVersion/4.7.2633.0",
          "OSName/Windows10Enterprise",
          "OSVersion/6.3.16299",
          "Microsoft.Azure.Management.Compute.ComputeManagementClient/17.5.0.0"
        ]
      },
      "ResponseBody": "{\r\n  \"error\": {\r\n    \"code\": \"ResourceNotFound\",\r\n    \"message\": \"The Resource 'Microsoft.Compute/images/Win2016Datacenter' under resource group 'UAITG123456' was not found.\"\r\n  }\r\n}",
      "ResponseHeaders": {
        "Content-Length": [
          "157"
        ],
        "Content-Type": [
          "application/json; charset=utf-8"
        ],
        "Expires": [
          "-1"
        ],
        "Pragma": [
          "no-cache"
        ],
        "x-ms-failure-cause": [
          "gateway"
        ],
        "x-ms-request-id": [
          "f9715ec3-449b-44a6-b3f0-85cc91e8e58a"
        ],
        "x-ms-correlation-request-id": [
          "f9715ec3-449b-44a6-b3f0-85cc91e8e58a"
        ],
        "x-ms-routing-request-id": [
          "WESTUS2:20180406T165448Z:f9715ec3-449b-44a6-b3f0-85cc91e8e58a"
        ],
        "Strict-Transport-Security": [
          "max-age=31536000; includeSubDomains"
        ],
        "X-Content-Type-Options": [
          "nosniff"
        ],
        "Cache-Control": [
          "no-cache"
        ],
        "Date": [
          "Fri, 06 Apr 2018 16:54:48 GMT"
        ]
      },
      "StatusCode": 404
    },
    {
      "RequestUri": "/subscriptions/c9cbd920-c00c-427c-852b-8aaf38badaeb/resourceGroups/UAITG123456/providers/Microsoft.Compute/virtualMachineScaleSets/UAITG123456?api-version=2017-12-01",
      "EncodedRequestUri": "L3N1YnNjcmlwdGlvbnMvYzljYmQ5MjAtYzAwYy00MjdjLTg1MmItOGFhZjM4YmFkYWViL3Jlc291cmNlR3JvdXBzL1VBSVRHMTIzNDU2L3Byb3ZpZGVycy9NaWNyb3NvZnQuQ29tcHV0ZS92aXJ0dWFsTWFjaGluZVNjYWxlU2V0cy9VQUlURzEyMzQ1Nj9hcGktdmVyc2lvbj0yMDE3LTEyLTAx",
      "RequestMethod": "GET",
      "RequestBody": "",
      "RequestHeaders": {
        "x-ms-client-request-id": [
          "5648b692-231d-44e6-bdf5-fb58a5f80e28"
        ],
        "accept-language": [
          "en-US"
        ],
        "User-Agent": [
          "FxVersion/4.7.2633.0",
          "OSName/Windows10Enterprise",
          "OSVersion/6.3.16299",
          "Microsoft.Azure.Management.Compute.ComputeManagementClient/17.5.0.0"
        ]
      },
      "ResponseBody": "{\r\n  \"error\": {\r\n    \"code\": \"ResourceNotFound\",\r\n    \"message\": \"The Resource 'Microsoft.Compute/virtualMachineScaleSets/UAITG123456' under resource group 'UAITG123456' was not found.\"\r\n  }\r\n}",
      "ResponseHeaders": {
        "Content-Length": [
          "168"
        ],
        "Content-Type": [
          "application/json; charset=utf-8"
        ],
        "Expires": [
          "-1"
        ],
        "Pragma": [
          "no-cache"
        ],
        "x-ms-failure-cause": [
          "gateway"
        ],
        "x-ms-request-id": [
          "fac91cb7-5f85-41af-90a3-38c176b72ffb"
        ],
        "x-ms-correlation-request-id": [
          "fac91cb7-5f85-41af-90a3-38c176b72ffb"
        ],
        "x-ms-routing-request-id": [
          "WESTUS2:20180406T165448Z:fac91cb7-5f85-41af-90a3-38c176b72ffb"
        ],
        "Strict-Transport-Security": [
          "max-age=31536000; includeSubDomains"
        ],
        "X-Content-Type-Options": [
          "nosniff"
        ],
        "Cache-Control": [
          "no-cache"
        ],
        "Date": [
          "Fri, 06 Apr 2018 16:54:48 GMT"
        ]
      },
      "StatusCode": 404
    },
    {
      "RequestUri": "/subscriptions/c9cbd920-c00c-427c-852b-8aaf38badaeb/resourceGroups/UAITG123456/providers/Microsoft.Compute/virtualMachineScaleSets/UAITG123456?api-version=2017-12-01",
      "EncodedRequestUri": "L3N1YnNjcmlwdGlvbnMvYzljYmQ5MjAtYzAwYy00MjdjLTg1MmItOGFhZjM4YmFkYWViL3Jlc291cmNlR3JvdXBzL1VBSVRHMTIzNDU2L3Byb3ZpZGVycy9NaWNyb3NvZnQuQ29tcHV0ZS92aXJ0dWFsTWFjaGluZVNjYWxlU2V0cy9VQUlURzEyMzQ1Nj9hcGktdmVyc2lvbj0yMDE3LTEyLTAx",
      "RequestMethod": "GET",
      "RequestBody": "",
      "RequestHeaders": {
        "User-Agent": [
          "FxVersion/4.7.2633.0",
          "OSName/Windows10Enterprise",
          "OSVersion/6.3.16299",
          "Microsoft.Azure.Management.Compute.ComputeManagementClient/17.5.0.0"
        ]
      },
      "ResponseBody": "{\r\n  \"sku\": {\r\n    \"name\": \"Standard_DS1_v2\",\r\n    \"tier\": \"Standard\",\r\n    \"capacity\": 2\r\n  },\r\n  \"properties\": {\r\n    \"singlePlacementGroup\": true,\r\n    \"upgradePolicy\": {\r\n      \"mode\": \"Manual\",\r\n      \"automaticOSUpgrade\": false\r\n    },\r\n    \"virtualMachineProfile\": {\r\n      \"osProfile\": {\r\n        \"computerNamePrefix\": \"UAITG1234\",\r\n        \"adminUsername\": \"admin01\",\r\n        \"windowsConfiguration\": {\r\n          \"provisionVMAgent\": true,\r\n          \"enableAutomaticUpdates\": true\r\n        },\r\n        \"secrets\": []\r\n      },\r\n      \"storageProfile\": {\r\n        \"osDisk\": {\r\n          \"createOption\": \"FromImage\",\r\n          \"caching\": \"None\",\r\n          \"managedDisk\": {\r\n            \"storageAccountType\": \"Premium_LRS\"\r\n          }\r\n        },\r\n        \"imageReference\": {\r\n          \"publisher\": \"MicrosoftWindowsServer\",\r\n          \"offer\": \"WindowsServer\",\r\n          \"sku\": \"2016-Datacenter\",\r\n          \"version\": \"latest\"\r\n        }\r\n      },\r\n      \"networkProfile\": {\r\n        \"networkInterfaceConfigurations\": [\r\n          {\r\n            \"name\": \"UAITG123456\",\r\n            \"properties\": {\r\n              \"primary\": true,\r\n              \"enableAcceleratedNetworking\": false,\r\n              \"dnsSettings\": {\r\n                \"dnsServers\": []\r\n              },\r\n              \"enableIPForwarding\": false,\r\n              \"ipConfigurations\": [\r\n                {\r\n                  \"name\": \"UAITG123456\",\r\n                  \"properties\": {\r\n                    \"subnet\": {\r\n                      \"id\": \"/subscriptions/c9cbd920-c00c-427c-852b-8aaf38badaeb/resourceGroups/UAITG123456/providers/Microsoft.Network/virtualNetworks/UAITG123456/subnets/UAITG123456\"\r\n                    },\r\n                    \"privateIPAddressVersion\": \"IPv4\",\r\n                    \"loadBalancerBackendAddressPools\": [\r\n                      {\r\n                        \"id\": \"/subscriptions/c9cbd920-c00c-427c-852b-8aaf38badaeb/resourceGroups/UAITG123456/providers/Microsoft.Network/loadBalancers/UAITG123456/backendAddressPools/UAITG123456\"\r\n                      }\r\n                    ],\r\n                    \"loadBalancerInboundNatPools\": [\r\n                      {\r\n                        \"id\": \"/subscriptions/c9cbd920-c00c-427c-852b-8aaf38badaeb/resourceGroups/UAITG123456/providers/Microsoft.Network/loadBalancers/UAITG123456/inboundNatPools/UAITG1234563389\"\r\n                      },\r\n                      {\r\n                        \"id\": \"/subscriptions/c9cbd920-c00c-427c-852b-8aaf38badaeb/resourceGroups/UAITG123456/providers/Microsoft.Network/loadBalancers/UAITG123456/inboundNatPools/UAITG1234565985\"\r\n                      }\r\n                    ]\r\n                  }\r\n                }\r\n              ]\r\n            }\r\n          }\r\n        ]\r\n      }\r\n    },\r\n    \"provisioningState\": \"Succeeded\",\r\n    \"overprovision\": true,\r\n    \"uniqueId\": \"47871e70-8b94-423a-bede-4ddee371c14e\"\r\n  },\r\n  \"type\": \"Microsoft.Compute/virtualMachineScaleSets\",\r\n  \"location\": \"centralus\",\r\n  \"identity\": {\r\n    \"type\": \"SystemAssigned, UserAssigned\",\r\n    \"principalId\": \"3177c8b9-52b8-4018-bb5d-fcf4ced15781\",\r\n    \"tenantId\": \"72f988bf-86f1-41af-91ab-2d7cd011db47\",\r\n    \"identityIds\": [\r\n      \"/subscriptions/c9cbd920-c00c-427c-852b-8aaf38badaeb/resourcegroups/UAITG123456/providers/Microsoft.ManagedIdentity/userAssignedIdentities/UAITG123456Identity\"\r\n    ]\r\n  },\r\n  \"id\": \"/subscriptions/c9cbd920-c00c-427c-852b-8aaf38badaeb/resourceGroups/UAITG123456/providers/Microsoft.Compute/virtualMachineScaleSets/UAITG123456\",\r\n  \"name\": \"UAITG123456\"\r\n}",
      "ResponseHeaders": {
        "Content-Length": [
          "2810"
        ],
        "Content-Type": [
          "application/json; charset=utf-8"
        ],
        "Expires": [
          "-1"
        ],
        "Pragma": [
          "no-cache"
        ],
        "x-ms-ratelimit-remaining-resource": [
          "Microsoft.Compute/GetVMScaleSet3Min;193,Microsoft.Compute/GetVMScaleSet30Min;1484"
        ],
        "Strict-Transport-Security": [
          "max-age=31536000; includeSubDomains"
        ],
        "x-ms-served-by": [
          "ae3bb822-33c9-4a0e-b3e0-88971a213abb_131671938178650919"
        ],
        "x-ms-request-id": [
          "a9f3e9a6-2195-4765-b954-0194006bd539"
        ],
        "Cache-Control": [
          "no-cache"
        ],
        "Server": [
          "Microsoft-HTTPAPI/2.0",
          "Microsoft-HTTPAPI/2.0"
        ],
        "x-ms-ratelimit-remaining-subscription-reads": [
          "14994"
        ],
        "x-ms-correlation-request-id": [
          "481ce8dc-ce60-4ae5-ad17-f7f2a55ddc69"
        ],
        "x-ms-routing-request-id": [
          "WESTUS2:20180406T165958Z:481ce8dc-ce60-4ae5-ad17-f7f2a55ddc69"
        ],
        "X-Content-Type-Options": [
          "nosniff"
        ],
        "Date": [
          "Fri, 06 Apr 2018 16:59:58 GMT"
        ]
      },
      "StatusCode": 200
    },
    {
      "RequestUri": "/subscriptions/c9cbd920-c00c-427c-852b-8aaf38badaeb/resourcegroups/UAITG123456?api-version=2016-09-01",
      "EncodedRequestUri": "L3N1YnNjcmlwdGlvbnMvYzljYmQ5MjAtYzAwYy00MjdjLTg1MmItOGFhZjM4YmFkYWViL3Jlc291cmNlZ3JvdXBzL1VBSVRHMTIzNDU2P2FwaS12ZXJzaW9uPTIwMTYtMDktMDE=",
      "RequestMethod": "GET",
      "RequestBody": "",
      "RequestHeaders": {
        "x-ms-client-request-id": [
          "905dd1f8-a3f7-4cae-afee-d2b92ec6136c"
        ],
        "accept-language": [
          "en-US"
        ],
        "User-Agent": [
          "FxVersion/4.7.2633.0",
          "OSName/Windows10Enterprise",
          "OSVersion/6.3.16299",
          "Microsoft.Azure.Management.Internal.Resources.ResourceManagementClient/4.1.0"
        ]
      },
      "ResponseBody": "{\r\n  \"id\": \"/subscriptions/c9cbd920-c00c-427c-852b-8aaf38badaeb/resourceGroups/UAITG123456\",\r\n  \"name\": \"UAITG123456\",\r\n  \"location\": \"centralus\",\r\n  \"properties\": {\r\n    \"provisioningState\": \"Succeeded\"\r\n  }\r\n}",
      "ResponseHeaders": {
        "Content-Length": [
          "178"
        ],
        "Content-Type": [
          "application/json; charset=utf-8"
        ],
        "Expires": [
          "-1"
        ],
        "Pragma": [
          "no-cache"
        ],
        "x-ms-ratelimit-remaining-subscription-reads": [
          "14995"
        ],
        "x-ms-request-id": [
          "b0e363ae-54fd-4ca4-913d-0fc3c9385d3f"
        ],
        "x-ms-correlation-request-id": [
          "b0e363ae-54fd-4ca4-913d-0fc3c9385d3f"
        ],
        "x-ms-routing-request-id": [
          "WESTUS2:20180406T165448Z:b0e363ae-54fd-4ca4-913d-0fc3c9385d3f"
        ],
        "Strict-Transport-Security": [
          "max-age=31536000; includeSubDomains"
        ],
        "X-Content-Type-Options": [
          "nosniff"
        ],
        "Cache-Control": [
          "no-cache"
        ],
        "Date": [
          "Fri, 06 Apr 2018 16:54:48 GMT"
        ]
      },
      "StatusCode": 200
    },
    {
      "RequestUri": "/subscriptions/c9cbd920-c00c-427c-852b-8aaf38badaeb/resourceGroups/UAITG123456/providers/Microsoft.Network/virtualNetworks/UAITG123456?api-version=2017-10-01",
      "EncodedRequestUri": "L3N1YnNjcmlwdGlvbnMvYzljYmQ5MjAtYzAwYy00MjdjLTg1MmItOGFhZjM4YmFkYWViL3Jlc291cmNlR3JvdXBzL1VBSVRHMTIzNDU2L3Byb3ZpZGVycy9NaWNyb3NvZnQuTmV0d29yay92aXJ0dWFsTmV0d29ya3MvVUFJVEcxMjM0NTY/YXBpLXZlcnNpb249MjAxNy0xMC0wMQ==",
      "RequestMethod": "GET",
      "RequestBody": "",
      "RequestHeaders": {
        "x-ms-client-request-id": [
          "8108b6c5-7a3e-450d-ba15-b684f481edba"
        ],
        "accept-language": [
          "en-US"
        ],
        "User-Agent": [
          "FxVersion/4.7.2633.0",
          "OSName/Windows10Enterprise",
          "OSVersion/6.3.16299",
          "Microsoft.Azure.Management.Internal.Network.Version2017_10_01.NetworkManagementClient/1.0.0.0"
        ]
      },
      "ResponseBody": "{\r\n  \"error\": {\r\n    \"code\": \"ResourceNotFound\",\r\n    \"message\": \"The Resource 'Microsoft.Network/virtualNetworks/UAITG123456' under resource group 'UAITG123456' was not found.\"\r\n  }\r\n}",
      "ResponseHeaders": {
        "Content-Length": [
          "160"
        ],
        "Content-Type": [
          "application/json; charset=utf-8"
        ],
        "Expires": [
          "-1"
        ],
        "Pragma": [
          "no-cache"
        ],
        "x-ms-failure-cause": [
          "gateway"
        ],
        "x-ms-request-id": [
          "09d54b2b-a582-4b07-aab1-dccb88727e26"
        ],
        "x-ms-correlation-request-id": [
          "09d54b2b-a582-4b07-aab1-dccb88727e26"
        ],
        "x-ms-routing-request-id": [
          "WESTUS2:20180406T165448Z:09d54b2b-a582-4b07-aab1-dccb88727e26"
        ],
        "Strict-Transport-Security": [
          "max-age=31536000; includeSubDomains"
        ],
        "X-Content-Type-Options": [
          "nosniff"
        ],
        "Cache-Control": [
          "no-cache"
        ],
        "Date": [
          "Fri, 06 Apr 2018 16:54:47 GMT"
        ]
      },
      "StatusCode": 404
    },
    {
      "RequestUri": "/subscriptions/c9cbd920-c00c-427c-852b-8aaf38badaeb/resourceGroups/UAITG123456/providers/Microsoft.Network/virtualNetworks/UAITG123456?api-version=2017-10-01",
      "EncodedRequestUri": "L3N1YnNjcmlwdGlvbnMvYzljYmQ5MjAtYzAwYy00MjdjLTg1MmItOGFhZjM4YmFkYWViL3Jlc291cmNlR3JvdXBzL1VBSVRHMTIzNDU2L3Byb3ZpZGVycy9NaWNyb3NvZnQuTmV0d29yay92aXJ0dWFsTmV0d29ya3MvVUFJVEcxMjM0NTY/YXBpLXZlcnNpb249MjAxNy0xMC0wMQ==",
      "RequestMethod": "GET",
      "RequestBody": "",
      "RequestHeaders": {
        "User-Agent": [
          "FxVersion/4.7.2633.0",
          "OSName/Windows10Enterprise",
          "OSVersion/6.3.16299",
          "Microsoft.Azure.Management.Internal.Network.Version2017_10_01.NetworkManagementClient/1.0.0.0"
        ]
      },
      "ResponseBody": "{\r\n  \"name\": \"UAITG123456\",\r\n  \"id\": \"/subscriptions/c9cbd920-c00c-427c-852b-8aaf38badaeb/resourceGroups/UAITG123456/providers/Microsoft.Network/virtualNetworks/UAITG123456\",\r\n  \"etag\": \"W/\\\"4ab0172c-9f6f-4f17-a881-b9f6675eb996\\\"\",\r\n  \"type\": \"Microsoft.Network/virtualNetworks\",\r\n  \"location\": \"centralus\",\r\n  \"properties\": {\r\n    \"provisioningState\": \"Succeeded\",\r\n    \"resourceGuid\": \"1c47303e-1ef5-4a20-8d11-20c53e9baa6f\",\r\n    \"addressSpace\": {\r\n      \"addressPrefixes\": [\r\n        \"192.168.0.0/16\"\r\n      ]\r\n    },\r\n    \"subnets\": [\r\n      {\r\n        \"name\": \"UAITG123456\",\r\n        \"id\": \"/subscriptions/c9cbd920-c00c-427c-852b-8aaf38badaeb/resourceGroups/UAITG123456/providers/Microsoft.Network/virtualNetworks/UAITG123456/subnets/UAITG123456\",\r\n        \"etag\": \"W/\\\"4ab0172c-9f6f-4f17-a881-b9f6675eb996\\\"\",\r\n        \"properties\": {\r\n          \"provisioningState\": \"Succeeded\",\r\n          \"addressPrefix\": \"192.168.1.0/24\"\r\n        }\r\n      }\r\n    ],\r\n    \"virtualNetworkPeerings\": [],\r\n    \"enableDdosProtection\": false,\r\n    \"enableVmProtection\": false\r\n  }\r\n}",
      "ResponseHeaders": {
        "Content-Length": [
          "1070"
        ],
        "Content-Type": [
          "application/json; charset=utf-8"
        ],
        "Expires": [
          "-1"
        ],
        "Pragma": [
          "no-cache"
        ],
        "x-ms-request-id": [
          "dbffd9b3-9346-4832-851e-616411a55778"
        ],
        "Strict-Transport-Security": [
          "max-age=31536000; includeSubDomains"
        ],
        "Cache-Control": [
          "no-cache"
        ],
        "ETag": [
          "W/\"4ab0172c-9f6f-4f17-a881-b9f6675eb996\""
        ],
        "Server": [
          "Microsoft-HTTPAPI/2.0",
          "Microsoft-HTTPAPI/2.0"
        ],
        "x-ms-ratelimit-remaining-subscription-reads": [
          "14997"
        ],
        "x-ms-correlation-request-id": [
          "cd5a960a-5028-4737-a2ab-a143e8910b8d"
        ],
        "x-ms-routing-request-id": [
          "WESTUS2:20180406T165500Z:cd5a960a-5028-4737-a2ab-a143e8910b8d"
        ],
        "X-Content-Type-Options": [
          "nosniff"
        ],
        "Date": [
          "Fri, 06 Apr 2018 16:55:00 GMT"
        ]
      },
      "StatusCode": 200
    },
    {
      "RequestUri": "/subscriptions/c9cbd920-c00c-427c-852b-8aaf38badaeb/resourceGroups/UAITG123456/providers/Microsoft.Network/loadBalancers/UAITG123456?api-version=2017-10-01",
      "EncodedRequestUri": "L3N1YnNjcmlwdGlvbnMvYzljYmQ5MjAtYzAwYy00MjdjLTg1MmItOGFhZjM4YmFkYWViL3Jlc291cmNlR3JvdXBzL1VBSVRHMTIzNDU2L3Byb3ZpZGVycy9NaWNyb3NvZnQuTmV0d29yay9sb2FkQmFsYW5jZXJzL1VBSVRHMTIzNDU2P2FwaS12ZXJzaW9uPTIwMTctMTAtMDE=",
      "RequestMethod": "GET",
      "RequestBody": "",
      "RequestHeaders": {
        "x-ms-client-request-id": [
          "e961ca3b-4366-4979-8c3b-dd05219f5e2f"
        ],
        "accept-language": [
          "en-US"
        ],
        "User-Agent": [
          "FxVersion/4.7.2633.0",
          "OSName/Windows10Enterprise",
          "OSVersion/6.3.16299",
          "Microsoft.Azure.Management.Internal.Network.Version2017_10_01.NetworkManagementClient/1.0.0.0"
        ]
      },
      "ResponseBody": "{\r\n  \"error\": {\r\n    \"code\": \"ResourceNotFound\",\r\n    \"message\": \"The Resource 'Microsoft.Network/loadBalancers/UAITG123456' under resource group 'UAITG123456' was not found.\"\r\n  }\r\n}",
      "ResponseHeaders": {
        "Content-Length": [
          "158"
        ],
        "Content-Type": [
          "application/json; charset=utf-8"
        ],
        "Expires": [
          "-1"
        ],
        "Pragma": [
          "no-cache"
        ],
        "x-ms-failure-cause": [
          "gateway"
        ],
        "x-ms-request-id": [
          "c7b3f2f2-e139-4105-b943-2c8b773f37b1"
        ],
        "x-ms-correlation-request-id": [
          "c7b3f2f2-e139-4105-b943-2c8b773f37b1"
        ],
        "x-ms-routing-request-id": [
          "WESTUS2:20180406T165448Z:c7b3f2f2-e139-4105-b943-2c8b773f37b1"
        ],
        "Strict-Transport-Security": [
          "max-age=31536000; includeSubDomains"
        ],
        "X-Content-Type-Options": [
          "nosniff"
        ],
        "Cache-Control": [
          "no-cache"
        ],
        "Date": [
          "Fri, 06 Apr 2018 16:54:48 GMT"
        ]
      },
      "StatusCode": 404
    },
    {
      "RequestUri": "/subscriptions/c9cbd920-c00c-427c-852b-8aaf38badaeb/resourceGroups/UAITG123456/providers/Microsoft.Network/loadBalancers/UAITG123456?api-version=2017-10-01",
      "EncodedRequestUri": "L3N1YnNjcmlwdGlvbnMvYzljYmQ5MjAtYzAwYy00MjdjLTg1MmItOGFhZjM4YmFkYWViL3Jlc291cmNlR3JvdXBzL1VBSVRHMTIzNDU2L3Byb3ZpZGVycy9NaWNyb3NvZnQuTmV0d29yay9sb2FkQmFsYW5jZXJzL1VBSVRHMTIzNDU2P2FwaS12ZXJzaW9uPTIwMTctMTAtMDE=",
      "RequestMethod": "GET",
      "RequestBody": "",
      "RequestHeaders": {
        "User-Agent": [
          "FxVersion/4.7.2633.0",
          "OSName/Windows10Enterprise",
          "OSVersion/6.3.16299",
          "Microsoft.Azure.Management.Internal.Network.Version2017_10_01.NetworkManagementClient/1.0.0.0"
        ]
      },
      "ResponseBody": "{\r\n  \"name\": \"UAITG123456\",\r\n  \"id\": \"/subscriptions/c9cbd920-c00c-427c-852b-8aaf38badaeb/resourceGroups/UAITG123456/providers/Microsoft.Network/loadBalancers/UAITG123456\",\r\n  \"etag\": \"W/\\\"ee682775-7541-438b-b814-07f99306f334\\\"\",\r\n  \"type\": \"Microsoft.Network/loadBalancers\",\r\n  \"location\": \"centralus\",\r\n  \"properties\": {\r\n    \"provisioningState\": \"Succeeded\",\r\n    \"resourceGuid\": \"5aa4a50e-69bc-4bac-9e49-b301f698a8af\",\r\n    \"frontendIPConfigurations\": [\r\n      {\r\n        \"name\": \"UAITG123456\",\r\n        \"id\": \"/subscriptions/c9cbd920-c00c-427c-852b-8aaf38badaeb/resourceGroups/UAITG123456/providers/Microsoft.Network/loadBalancers/UAITG123456/frontendIPConfigurations/UAITG123456\",\r\n        \"etag\": \"W/\\\"ee682775-7541-438b-b814-07f99306f334\\\"\",\r\n        \"properties\": {\r\n          \"provisioningState\": \"Succeeded\",\r\n          \"privateIPAllocationMethod\": \"Dynamic\",\r\n          \"publicIPAddress\": {\r\n            \"id\": \"/subscriptions/c9cbd920-c00c-427c-852b-8aaf38badaeb/resourceGroups/UAITG123456/providers/Microsoft.Network/publicIPAddresses/UAITG123456\"\r\n          },\r\n          \"loadBalancingRules\": [\r\n            {\r\n              \"id\": \"/subscriptions/c9cbd920-c00c-427c-852b-8aaf38badaeb/resourceGroups/UAITG123456/providers/Microsoft.Network/loadBalancers/UAITG123456/loadBalancingRules/UAITG12345680\"\r\n            }\r\n          ],\r\n          \"inboundNatPools\": [\r\n            {\r\n              \"id\": \"/subscriptions/c9cbd920-c00c-427c-852b-8aaf38badaeb/resourceGroups/UAITG123456/providers/Microsoft.Network/loadBalancers/UAITG123456/inboundNatPools/UAITG1234563389\"\r\n            },\r\n            {\r\n              \"id\": \"/subscriptions/c9cbd920-c00c-427c-852b-8aaf38badaeb/resourceGroups/UAITG123456/providers/Microsoft.Network/loadBalancers/UAITG123456/inboundNatPools/UAITG1234565985\"\r\n            }\r\n          ]\r\n        }\r\n      }\r\n    ],\r\n    \"backendAddressPools\": [\r\n      {\r\n        \"name\": \"UAITG123456\",\r\n        \"id\": \"/subscriptions/c9cbd920-c00c-427c-852b-8aaf38badaeb/resourceGroups/UAITG123456/providers/Microsoft.Network/loadBalancers/UAITG123456/backendAddressPools/UAITG123456\",\r\n        \"etag\": \"W/\\\"ee682775-7541-438b-b814-07f99306f334\\\"\",\r\n        \"properties\": {\r\n          \"provisioningState\": \"Succeeded\",\r\n          \"loadBalancingRules\": [\r\n            {\r\n              \"id\": \"/subscriptions/c9cbd920-c00c-427c-852b-8aaf38badaeb/resourceGroups/UAITG123456/providers/Microsoft.Network/loadBalancers/UAITG123456/loadBalancingRules/UAITG12345680\"\r\n            }\r\n          ]\r\n        }\r\n      }\r\n    ],\r\n    \"loadBalancingRules\": [\r\n      {\r\n        \"name\": \"UAITG12345680\",\r\n        \"id\": \"/subscriptions/c9cbd920-c00c-427c-852b-8aaf38badaeb/resourceGroups/UAITG123456/providers/Microsoft.Network/loadBalancers/UAITG123456/loadBalancingRules/UAITG12345680\",\r\n        \"etag\": \"W/\\\"ee682775-7541-438b-b814-07f99306f334\\\"\",\r\n        \"properties\": {\r\n          \"provisioningState\": \"Succeeded\",\r\n          \"frontendIPConfiguration\": {\r\n            \"id\": \"/subscriptions/c9cbd920-c00c-427c-852b-8aaf38badaeb/resourceGroups/UAITG123456/providers/Microsoft.Network/loadBalancers/UAITG123456/frontendIPConfigurations/UAITG123456\"\r\n          },\r\n          \"frontendPort\": 80,\r\n          \"backendPort\": 80,\r\n          \"enableFloatingIP\": false,\r\n          \"idleTimeoutInMinutes\": 4,\r\n          \"protocol\": \"Tcp\",\r\n          \"loadDistribution\": \"Default\",\r\n          \"backendAddressPool\": {\r\n            \"id\": \"/subscriptions/c9cbd920-c00c-427c-852b-8aaf38badaeb/resourceGroups/UAITG123456/providers/Microsoft.Network/loadBalancers/UAITG123456/backendAddressPools/UAITG123456\"\r\n          }\r\n        }\r\n      }\r\n    ],\r\n    \"probes\": [],\r\n    \"inboundNatRules\": [],\r\n    \"outboundNatRules\": [],\r\n    \"inboundNatPools\": [\r\n      {\r\n        \"name\": \"UAITG1234563389\",\r\n        \"id\": \"/subscriptions/c9cbd920-c00c-427c-852b-8aaf38badaeb/resourceGroups/UAITG123456/providers/Microsoft.Network/loadBalancers/UAITG123456/inboundNatPools/UAITG1234563389\",\r\n        \"etag\": \"W/\\\"ee682775-7541-438b-b814-07f99306f334\\\"\",\r\n        \"properties\": {\r\n          \"provisioningState\": \"Succeeded\",\r\n          \"frontendPortRangeStart\": 50000,\r\n          \"frontendPortRangeEnd\": 50004,\r\n          \"backendPort\": 3389,\r\n          \"protocol\": \"Tcp\",\r\n          \"frontendIPConfiguration\": {\r\n            \"id\": \"/subscriptions/c9cbd920-c00c-427c-852b-8aaf38badaeb/resourceGroups/UAITG123456/providers/Microsoft.Network/loadBalancers/UAITG123456/frontendIPConfigurations/UAITG123456\"\r\n          }\r\n        }\r\n      },\r\n      {\r\n        \"name\": \"UAITG1234565985\",\r\n        \"id\": \"/subscriptions/c9cbd920-c00c-427c-852b-8aaf38badaeb/resourceGroups/UAITG123456/providers/Microsoft.Network/loadBalancers/UAITG123456/inboundNatPools/UAITG1234565985\",\r\n        \"etag\": \"W/\\\"ee682775-7541-438b-b814-07f99306f334\\\"\",\r\n        \"properties\": {\r\n          \"provisioningState\": \"Succeeded\",\r\n          \"frontendPortRangeStart\": 52000,\r\n          \"frontendPortRangeEnd\": 52004,\r\n          \"backendPort\": 5985,\r\n          \"protocol\": \"Tcp\",\r\n          \"frontendIPConfiguration\": {\r\n            \"id\": \"/subscriptions/c9cbd920-c00c-427c-852b-8aaf38badaeb/resourceGroups/UAITG123456/providers/Microsoft.Network/loadBalancers/UAITG123456/frontendIPConfigurations/UAITG123456\"\r\n          }\r\n        }\r\n      }\r\n    ]\r\n  },\r\n  \"sku\": {\r\n    \"name\": \"Basic\",\r\n    \"tier\": \"Regional\"\r\n  }\r\n}",
      "ResponseHeaders": {
        "Content-Length": [
          "5367"
        ],
        "Content-Type": [
          "application/json; charset=utf-8"
        ],
        "Expires": [
          "-1"
        ],
        "Pragma": [
          "no-cache"
        ],
        "x-ms-request-id": [
          "4fa403f9-fb50-4b42-afea-0bb36680353e"
        ],
        "Strict-Transport-Security": [
          "max-age=31536000; includeSubDomains"
        ],
        "Cache-Control": [
          "no-cache"
        ],
        "ETag": [
          "W/\"ee682775-7541-438b-b814-07f99306f334\""
        ],
        "Server": [
          "Microsoft-HTTPAPI/2.0",
          "Microsoft-HTTPAPI/2.0"
        ],
        "x-ms-ratelimit-remaining-subscription-reads": [
          "14995"
        ],
        "x-ms-correlation-request-id": [
          "f06cb677-aa77-48d7-9036-4753290f3894"
        ],
        "x-ms-routing-request-id": [
          "WESTUS2:20180406T165502Z:f06cb677-aa77-48d7-9036-4753290f3894"
        ],
        "X-Content-Type-Options": [
          "nosniff"
        ],
        "Date": [
          "Fri, 06 Apr 2018 16:55:01 GMT"
        ]
      },
      "StatusCode": 200
    },
    {
      "RequestUri": "/subscriptions/c9cbd920-c00c-427c-852b-8aaf38badaeb/resourceGroups/UAITG123456/providers/Microsoft.Network/publicIPAddresses/UAITG123456?api-version=2017-10-01",
      "EncodedRequestUri": "L3N1YnNjcmlwdGlvbnMvYzljYmQ5MjAtYzAwYy00MjdjLTg1MmItOGFhZjM4YmFkYWViL3Jlc291cmNlR3JvdXBzL1VBSVRHMTIzNDU2L3Byb3ZpZGVycy9NaWNyb3NvZnQuTmV0d29yay9wdWJsaWNJUEFkZHJlc3Nlcy9VQUlURzEyMzQ1Nj9hcGktdmVyc2lvbj0yMDE3LTEwLTAx",
      "RequestMethod": "GET",
      "RequestBody": "",
      "RequestHeaders": {
        "x-ms-client-request-id": [
          "503bbc89-ccc9-4695-bbac-1c3d9b776c88"
        ],
        "accept-language": [
          "en-US"
        ],
        "User-Agent": [
          "FxVersion/4.7.2633.0",
          "OSName/Windows10Enterprise",
          "OSVersion/6.3.16299",
          "Microsoft.Azure.Management.Internal.Network.Version2017_10_01.NetworkManagementClient/1.0.0.0"
        ]
      },
      "ResponseBody": "{\r\n  \"error\": {\r\n    \"code\": \"ResourceNotFound\",\r\n    \"message\": \"The Resource 'Microsoft.Network/publicIPAddresses/UAITG123456' under resource group 'UAITG123456' was not found.\"\r\n  }\r\n}",
      "ResponseHeaders": {
        "Content-Length": [
          "162"
        ],
        "Content-Type": [
          "application/json; charset=utf-8"
        ],
        "Expires": [
          "-1"
        ],
        "Pragma": [
          "no-cache"
        ],
        "x-ms-failure-cause": [
          "gateway"
        ],
        "x-ms-request-id": [
          "2c243e14-5145-47e5-b930-39b9b75d313a"
        ],
        "x-ms-correlation-request-id": [
          "2c243e14-5145-47e5-b930-39b9b75d313a"
        ],
        "x-ms-routing-request-id": [
          "WESTUS2:20180406T165448Z:2c243e14-5145-47e5-b930-39b9b75d313a"
        ],
        "Strict-Transport-Security": [
          "max-age=31536000; includeSubDomains"
        ],
        "X-Content-Type-Options": [
          "nosniff"
        ],
        "Cache-Control": [
          "no-cache"
        ],
        "Date": [
          "Fri, 06 Apr 2018 16:54:48 GMT"
        ]
      },
      "StatusCode": 404
    },
    {
      "RequestUri": "/subscriptions/c9cbd920-c00c-427c-852b-8aaf38badaeb/resourceGroups/UAITG123456/providers/Microsoft.Network/publicIPAddresses/UAITG123456?api-version=2017-10-01",
      "EncodedRequestUri": "L3N1YnNjcmlwdGlvbnMvYzljYmQ5MjAtYzAwYy00MjdjLTg1MmItOGFhZjM4YmFkYWViL3Jlc291cmNlR3JvdXBzL1VBSVRHMTIzNDU2L3Byb3ZpZGVycy9NaWNyb3NvZnQuTmV0d29yay9wdWJsaWNJUEFkZHJlc3Nlcy9VQUlURzEyMzQ1Nj9hcGktdmVyc2lvbj0yMDE3LTEwLTAx",
      "RequestMethod": "GET",
      "RequestBody": "",
      "RequestHeaders": {
        "User-Agent": [
          "FxVersion/4.7.2633.0",
          "OSName/Windows10Enterprise",
          "OSVersion/6.3.16299",
          "Microsoft.Azure.Management.Internal.Network.Version2017_10_01.NetworkManagementClient/1.0.0.0"
        ]
      },
      "ResponseBody": "{\r\n  \"name\": \"UAITG123456\",\r\n  \"id\": \"/subscriptions/c9cbd920-c00c-427c-852b-8aaf38badaeb/resourceGroups/UAITG123456/providers/Microsoft.Network/publicIPAddresses/UAITG123456\",\r\n  \"etag\": \"W/\\\"252baa61-807b-4652-84bd-446c26679bb1\\\"\",\r\n  \"location\": \"centralus\",\r\n  \"properties\": {\r\n    \"provisioningState\": \"Succeeded\",\r\n    \"resourceGuid\": \"5682af72-35e3-4a1d-807d-5dc25ee7888a\",\r\n    \"ipAddress\": \"52.176.160.131\",\r\n    \"publicIPAddressVersion\": \"IPv4\",\r\n    \"publicIPAllocationMethod\": \"Static\",\r\n    \"idleTimeoutInMinutes\": 4,\r\n    \"dnsSettings\": {\r\n      \"domainNameLabel\": \"uaitg123456uaitg123456\",\r\n      \"fqdn\": \"uaitg123456uaitg123456.centralus.cloudapp.azure.com\"\r\n    },\r\n    \"ipTags\": []\r\n  },\r\n  \"type\": \"Microsoft.Network/publicIPAddresses\",\r\n  \"sku\": {\r\n    \"name\": \"Basic\",\r\n    \"tier\": \"Regional\"\r\n  }\r\n}",
      "ResponseHeaders": {
        "Content-Length": [
          "821"
        ],
        "Content-Type": [
          "application/json; charset=utf-8"
        ],
        "Expires": [
          "-1"
        ],
        "Pragma": [
          "no-cache"
        ],
        "x-ms-request-id": [
          "0d4376eb-3e28-4fae-860e-86c65ccee138"
        ],
        "Strict-Transport-Security": [
          "max-age=31536000; includeSubDomains"
        ],
        "Cache-Control": [
          "no-cache"
        ],
        "ETag": [
          "W/\"252baa61-807b-4652-84bd-446c26679bb1\""
        ],
        "Server": [
          "Microsoft-HTTPAPI/2.0",
          "Microsoft-HTTPAPI/2.0"
        ],
        "x-ms-ratelimit-remaining-subscription-reads": [
          "14996"
        ],
        "x-ms-correlation-request-id": [
          "eca206e4-5045-4076-9c2b-208b4c84faac"
        ],
        "x-ms-routing-request-id": [
          "WESTUS2:20180406T165501Z:eca206e4-5045-4076-9c2b-208b4c84faac"
        ],
        "X-Content-Type-Options": [
          "nosniff"
        ],
        "Date": [
          "Fri, 06 Apr 2018 16:55:00 GMT"
        ]
      },
      "StatusCode": 200
    },
    {
      "RequestUri": "/subscriptions/c9cbd920-c00c-427c-852b-8aaf38badaeb/resourceGroups/UAITG123456/providers/Microsoft.Network/virtualNetworks/UAITG123456?api-version=2017-10-01",
      "EncodedRequestUri": "L3N1YnNjcmlwdGlvbnMvYzljYmQ5MjAtYzAwYy00MjdjLTg1MmItOGFhZjM4YmFkYWViL3Jlc291cmNlR3JvdXBzL1VBSVRHMTIzNDU2L3Byb3ZpZGVycy9NaWNyb3NvZnQuTmV0d29yay92aXJ0dWFsTmV0d29ya3MvVUFJVEcxMjM0NTY/YXBpLXZlcnNpb249MjAxNy0xMC0wMQ==",
      "RequestMethod": "PUT",
      "RequestBody": "{\r\n  \"properties\": {\r\n    \"addressSpace\": {\r\n      \"addressPrefixes\": [\r\n        \"192.168.0.0/16\"\r\n      ]\r\n    },\r\n    \"subnets\": [\r\n      {\r\n        \"properties\": {\r\n          \"addressPrefix\": \"192.168.1.0/24\"\r\n        },\r\n        \"name\": \"UAITG123456\"\r\n      }\r\n    ]\r\n  },\r\n  \"location\": \"centralus\"\r\n}",
      "RequestHeaders": {
        "Content-Type": [
          "application/json; charset=utf-8"
        ],
        "Content-Length": [
          "306"
        ],
        "x-ms-client-request-id": [
          "8fe0ed53-8985-4a39-989b-f29e19c4021b"
        ],
        "accept-language": [
          "en-US"
        ],
        "User-Agent": [
          "FxVersion/4.7.2633.0",
          "OSName/Windows10Enterprise",
          "OSVersion/6.3.16299",
          "Microsoft.Azure.Management.Internal.Network.Version2017_10_01.NetworkManagementClient/1.0.0.0"
        ]
      },
      "ResponseBody": "{\r\n  \"name\": \"UAITG123456\",\r\n  \"id\": \"/subscriptions/c9cbd920-c00c-427c-852b-8aaf38badaeb/resourceGroups/UAITG123456/providers/Microsoft.Network/virtualNetworks/UAITG123456\",\r\n  \"etag\": \"W/\\\"ae5ded13-c409-4c35-ac7e-bd3e820683ee\\\"\",\r\n  \"type\": \"Microsoft.Network/virtualNetworks\",\r\n  \"location\": \"centralus\",\r\n  \"properties\": {\r\n    \"provisioningState\": \"Updating\",\r\n    \"resourceGuid\": \"1c47303e-1ef5-4a20-8d11-20c53e9baa6f\",\r\n    \"addressSpace\": {\r\n      \"addressPrefixes\": [\r\n        \"192.168.0.0/16\"\r\n      ]\r\n    },\r\n    \"subnets\": [\r\n      {\r\n        \"name\": \"UAITG123456\",\r\n        \"id\": \"/subscriptions/c9cbd920-c00c-427c-852b-8aaf38badaeb/resourceGroups/UAITG123456/providers/Microsoft.Network/virtualNetworks/UAITG123456/subnets/UAITG123456\",\r\n        \"etag\": \"W/\\\"ae5ded13-c409-4c35-ac7e-bd3e820683ee\\\"\",\r\n        \"properties\": {\r\n          \"provisioningState\": \"Updating\",\r\n          \"addressPrefix\": \"192.168.1.0/24\"\r\n        }\r\n      }\r\n    ],\r\n    \"virtualNetworkPeerings\": [],\r\n    \"enableDdosProtection\": false,\r\n    \"enableVmProtection\": false\r\n  }\r\n}",
      "ResponseHeaders": {
        "Content-Length": [
          "1068"
        ],
        "Content-Type": [
          "application/json; charset=utf-8"
        ],
        "Expires": [
          "-1"
        ],
        "Pragma": [
          "no-cache"
        ],
        "Retry-After": [
          "3"
        ],
        "x-ms-request-id": [
          "754d16fd-c130-43cc-90fd-9ed0c9cc35c2"
        ],
        "Azure-AsyncOperation": [
          "https://management.azure.com/subscriptions/c9cbd920-c00c-427c-852b-8aaf38badaeb/providers/Microsoft.Network/locations/centralus/operations/754d16fd-c130-43cc-90fd-9ed0c9cc35c2?api-version=2017-10-01"
        ],
        "Strict-Transport-Security": [
          "max-age=31536000; includeSubDomains"
        ],
        "Cache-Control": [
          "no-cache"
        ],
        "Server": [
          "Microsoft-HTTPAPI/2.0",
          "Microsoft-HTTPAPI/2.0"
        ],
        "x-ms-ratelimit-remaining-subscription-writes": [
          "1199"
        ],
        "x-ms-correlation-request-id": [
          "47c762ac-d01a-442a-833d-ccc86a68d3aa"
        ],
        "x-ms-routing-request-id": [
          "WESTUS2:20180406T165450Z:47c762ac-d01a-442a-833d-ccc86a68d3aa"
        ],
        "X-Content-Type-Options": [
          "nosniff"
        ],
        "Date": [
          "Fri, 06 Apr 2018 16:54:49 GMT"
        ],
        "Connection": [
          "close"
        ]
      },
      "StatusCode": 201
    },
    {
      "RequestUri": "/subscriptions/c9cbd920-c00c-427c-852b-8aaf38badaeb/resourceGroups/UAITG123456/providers/Microsoft.Network/publicIPAddresses/UAITG123456?api-version=2017-10-01",
      "EncodedRequestUri": "L3N1YnNjcmlwdGlvbnMvYzljYmQ5MjAtYzAwYy00MjdjLTg1MmItOGFhZjM4YmFkYWViL3Jlc291cmNlR3JvdXBzL1VBSVRHMTIzNDU2L3Byb3ZpZGVycy9NaWNyb3NvZnQuTmV0d29yay9wdWJsaWNJUEFkZHJlc3Nlcy9VQUlURzEyMzQ1Nj9hcGktdmVyc2lvbj0yMDE3LTEwLTAx",
      "RequestMethod": "PUT",
      "RequestBody": "{\r\n  \"sku\": {\r\n    \"name\": \"Basic\"\r\n  },\r\n  \"properties\": {\r\n    \"publicIPAllocationMethod\": \"Static\",\r\n    \"dnsSettings\": {\r\n      \"domainNameLabel\": \"uaitg123456uaitg123456\"\r\n    }\r\n  },\r\n  \"location\": \"centralus\"\r\n}",
      "RequestHeaders": {
        "Content-Type": [
          "application/json; charset=utf-8"
        ],
        "Content-Length": [
          "218"
        ],
        "x-ms-client-request-id": [
          "001b1cce-3740-4156-aa05-8192661c77f9"
        ],
        "accept-language": [
          "en-US"
        ],
        "User-Agent": [
          "FxVersion/4.7.2633.0",
          "OSName/Windows10Enterprise",
          "OSVersion/6.3.16299",
          "Microsoft.Azure.Management.Internal.Network.Version2017_10_01.NetworkManagementClient/1.0.0.0"
        ]
      },
      "ResponseBody": "{\r\n  \"name\": \"UAITG123456\",\r\n  \"id\": \"/subscriptions/c9cbd920-c00c-427c-852b-8aaf38badaeb/resourceGroups/UAITG123456/providers/Microsoft.Network/publicIPAddresses/UAITG123456\",\r\n  \"etag\": \"W/\\\"a10a4217-ce91-49fb-bf11-80c7a513bb95\\\"\",\r\n  \"location\": \"centralus\",\r\n  \"properties\": {\r\n    \"provisioningState\": \"Updating\",\r\n    \"resourceGuid\": \"5682af72-35e3-4a1d-807d-5dc25ee7888a\",\r\n    \"publicIPAddressVersion\": \"IPv4\",\r\n    \"publicIPAllocationMethod\": \"Static\",\r\n    \"idleTimeoutInMinutes\": 4,\r\n    \"dnsSettings\": {\r\n      \"domainNameLabel\": \"uaitg123456uaitg123456\",\r\n      \"fqdn\": \"uaitg123456uaitg123456.centralus.cloudapp.azure.com\"\r\n    },\r\n    \"ipTags\": []\r\n  },\r\n  \"type\": \"Microsoft.Network/publicIPAddresses\",\r\n  \"sku\": {\r\n    \"name\": \"Basic\",\r\n    \"tier\": \"Regional\"\r\n  }\r\n}",
      "ResponseHeaders": {
        "Content-Length": [
          "784"
        ],
        "Content-Type": [
          "application/json; charset=utf-8"
        ],
        "Expires": [
          "-1"
        ],
        "Pragma": [
          "no-cache"
        ],
        "Retry-After": [
          "3"
        ],
        "x-ms-request-id": [
          "5af55b42-7f2b-47cc-bc4e-aa4953ea653f"
        ],
        "Azure-AsyncOperation": [
          "https://management.azure.com/subscriptions/c9cbd920-c00c-427c-852b-8aaf38badaeb/providers/Microsoft.Network/locations/centralus/operations/5af55b42-7f2b-47cc-bc4e-aa4953ea653f?api-version=2017-10-01"
        ],
        "Strict-Transport-Security": [
          "max-age=31536000; includeSubDomains"
        ],
        "Cache-Control": [
          "no-cache"
        ],
        "Server": [
          "Microsoft-HTTPAPI/2.0",
          "Microsoft-HTTPAPI/2.0"
        ],
        "x-ms-ratelimit-remaining-subscription-writes": [
          "1199"
        ],
        "x-ms-correlation-request-id": [
          "ca3220bb-8b3f-425a-8d77-9ced4eba339a"
        ],
        "x-ms-routing-request-id": [
          "WESTUS2:20180406T165450Z:ca3220bb-8b3f-425a-8d77-9ced4eba339a"
        ],
        "X-Content-Type-Options": [
          "nosniff"
        ],
        "Date": [
          "Fri, 06 Apr 2018 16:54:50 GMT"
        ],
        "Connection": [
          "close"
        ]
      },
      "StatusCode": 201
    },
    {
      "RequestUri": "/subscriptions/c9cbd920-c00c-427c-852b-8aaf38badaeb/providers/Microsoft.Network/locations/centralus/operations/754d16fd-c130-43cc-90fd-9ed0c9cc35c2?api-version=2017-10-01",
      "EncodedRequestUri": "L3N1YnNjcmlwdGlvbnMvYzljYmQ5MjAtYzAwYy00MjdjLTg1MmItOGFhZjM4YmFkYWViL3Byb3ZpZGVycy9NaWNyb3NvZnQuTmV0d29yay9sb2NhdGlvbnMvY2VudHJhbHVzL29wZXJhdGlvbnMvNzU0ZDE2ZmQtYzEzMC00M2NjLTkwZmQtOWVkMGM5Y2MzNWMyP2FwaS12ZXJzaW9uPTIwMTctMTAtMDE=",
      "RequestMethod": "GET",
      "RequestBody": "",
      "RequestHeaders": {
        "User-Agent": [
          "FxVersion/4.7.2633.0",
          "OSName/Windows10Enterprise",
          "OSVersion/6.3.16299",
          "Microsoft.Azure.Management.Internal.Network.Version2017_10_01.NetworkManagementClient/1.0.0.0"
        ]
      },
      "ResponseBody": "{\r\n  \"status\": \"Succeeded\"\r\n}",
      "ResponseHeaders": {
        "Content-Length": [
          "29"
        ],
        "Content-Type": [
          "application/json; charset=utf-8"
        ],
        "Expires": [
          "-1"
        ],
        "Pragma": [
          "no-cache"
        ],
        "x-ms-request-id": [
          "b99b2149-c77d-45f8-9931-74e0015409b7"
        ],
        "Strict-Transport-Security": [
          "max-age=31536000; includeSubDomains"
        ],
        "Cache-Control": [
          "no-cache"
        ],
        "Server": [
          "Microsoft-HTTPAPI/2.0",
          "Microsoft-HTTPAPI/2.0"
        ],
        "x-ms-ratelimit-remaining-subscription-reads": [
          "14998"
        ],
        "x-ms-correlation-request-id": [
          "356b4d2b-6fba-435c-b076-50d2429bd86c"
        ],
        "x-ms-routing-request-id": [
          "WESTUS2:20180406T165500Z:356b4d2b-6fba-435c-b076-50d2429bd86c"
        ],
        "X-Content-Type-Options": [
          "nosniff"
        ],
        "Date": [
          "Fri, 06 Apr 2018 16:54:59 GMT"
        ]
      },
      "StatusCode": 200
    },
    {
      "RequestUri": "/subscriptions/c9cbd920-c00c-427c-852b-8aaf38badaeb/providers/Microsoft.Network/locations/centralus/operations/5af55b42-7f2b-47cc-bc4e-aa4953ea653f?api-version=2017-10-01",
      "EncodedRequestUri": "L3N1YnNjcmlwdGlvbnMvYzljYmQ5MjAtYzAwYy00MjdjLTg1MmItOGFhZjM4YmFkYWViL3Byb3ZpZGVycy9NaWNyb3NvZnQuTmV0d29yay9sb2NhdGlvbnMvY2VudHJhbHVzL29wZXJhdGlvbnMvNWFmNTViNDItN2YyYi00N2NjLWJjNGUtYWE0OTUzZWE2NTNmP2FwaS12ZXJzaW9uPTIwMTctMTAtMDE=",
      "RequestMethod": "GET",
      "RequestBody": "",
      "RequestHeaders": {
        "User-Agent": [
          "FxVersion/4.7.2633.0",
          "OSName/Windows10Enterprise",
          "OSVersion/6.3.16299",
          "Microsoft.Azure.Management.Internal.Network.Version2017_10_01.NetworkManagementClient/1.0.0.0"
        ]
      },
      "ResponseBody": "{\r\n  \"status\": \"Succeeded\"\r\n}",
      "ResponseHeaders": {
        "Content-Length": [
          "29"
        ],
        "Content-Type": [
          "application/json; charset=utf-8"
        ],
        "Expires": [
          "-1"
        ],
        "Pragma": [
          "no-cache"
        ],
        "x-ms-request-id": [
          "606cd718-d1c5-494d-a065-30d798ca39e9"
        ],
        "Strict-Transport-Security": [
          "max-age=31536000; includeSubDomains"
        ],
        "Cache-Control": [
          "no-cache"
        ],
        "Server": [
          "Microsoft-HTTPAPI/2.0",
          "Microsoft-HTTPAPI/2.0"
        ],
        "x-ms-ratelimit-remaining-subscription-reads": [
          "14997"
        ],
        "x-ms-correlation-request-id": [
          "f04e78e0-7033-4ab2-b4fe-b64e5df213b8"
        ],
        "x-ms-routing-request-id": [
          "WESTUS2:20180406T165500Z:f04e78e0-7033-4ab2-b4fe-b64e5df213b8"
        ],
        "X-Content-Type-Options": [
          "nosniff"
        ],
        "Date": [
          "Fri, 06 Apr 2018 16:55:00 GMT"
        ]
      },
      "StatusCode": 200
    },
    {
      "RequestUri": "/subscriptions/c9cbd920-c00c-427c-852b-8aaf38badaeb/resourceGroups/UAITG123456/providers/Microsoft.Network/loadBalancers/UAITG123456?api-version=2017-10-01",
      "EncodedRequestUri": "L3N1YnNjcmlwdGlvbnMvYzljYmQ5MjAtYzAwYy00MjdjLTg1MmItOGFhZjM4YmFkYWViL3Jlc291cmNlR3JvdXBzL1VBSVRHMTIzNDU2L3Byb3ZpZGVycy9NaWNyb3NvZnQuTmV0d29yay9sb2FkQmFsYW5jZXJzL1VBSVRHMTIzNDU2P2FwaS12ZXJzaW9uPTIwMTctMTAtMDE=",
      "RequestMethod": "PUT",
      "RequestBody": "{\r\n  \"sku\": {\r\n    \"name\": \"Basic\"\r\n  },\r\n  \"properties\": {\r\n    \"frontendIPConfigurations\": [\r\n      {\r\n        \"properties\": {\r\n          \"publicIPAddress\": {\r\n            \"id\": \"/subscriptions/c9cbd920-c00c-427c-852b-8aaf38badaeb/resourceGroups/UAITG123456/providers/Microsoft.Network/publicIPAddresses/UAITG123456\"\r\n          }\r\n        },\r\n        \"name\": \"UAITG123456\"\r\n      }\r\n    ],\r\n    \"backendAddressPools\": [\r\n      {\r\n        \"name\": \"UAITG123456\"\r\n      }\r\n    ],\r\n    \"loadBalancingRules\": [\r\n      {\r\n        \"properties\": {\r\n          \"frontendIPConfiguration\": {\r\n            \"id\": \"/subscriptions/c9cbd920-c00c-427c-852b-8aaf38badaeb/resourceGroups/UAITG123456/providers/Microsoft.Network/loadBalancers/UAITG123456/frontendIPConfigurations/UAITG123456\"\r\n          },\r\n          \"backendAddressPool\": {\r\n            \"id\": \"/subscriptions/c9cbd920-c00c-427c-852b-8aaf38badaeb/resourceGroups/UAITG123456/providers/Microsoft.Network/loadBalancers/UAITG123456/backendAddressPools/UAITG123456\"\r\n          },\r\n          \"protocol\": \"Tcp\",\r\n          \"frontendPort\": 80,\r\n          \"backendPort\": 80\r\n        },\r\n        \"name\": \"UAITG12345680\"\r\n      }\r\n    ],\r\n    \"inboundNatPools\": [\r\n      {\r\n        \"properties\": {\r\n          \"frontendIPConfiguration\": {\r\n            \"id\": \"/subscriptions/c9cbd920-c00c-427c-852b-8aaf38badaeb/resourceGroups/UAITG123456/providers/Microsoft.Network/loadBalancers/UAITG123456/frontendIPConfigurations/UAITG123456\"\r\n          },\r\n          \"protocol\": \"Tcp\",\r\n          \"frontendPortRangeStart\": 50000,\r\n          \"frontendPortRangeEnd\": 50004,\r\n          \"backendPort\": 3389\r\n        },\r\n        \"name\": \"UAITG1234563389\"\r\n      },\r\n      {\r\n        \"properties\": {\r\n          \"frontendIPConfiguration\": {\r\n            \"id\": \"/subscriptions/c9cbd920-c00c-427c-852b-8aaf38badaeb/resourceGroups/UAITG123456/providers/Microsoft.Network/loadBalancers/UAITG123456/frontendIPConfigurations/UAITG123456\"\r\n          },\r\n          \"protocol\": \"Tcp\",\r\n          \"frontendPortRangeStart\": 52000,\r\n          \"frontendPortRangeEnd\": 52004,\r\n          \"backendPort\": 5985\r\n        },\r\n        \"name\": \"UAITG1234565985\"\r\n      }\r\n    ]\r\n  },\r\n  \"location\": \"centralus\"\r\n}",
      "RequestHeaders": {
        "Content-Type": [
          "application/json; charset=utf-8"
        ],
        "Content-Length": [
          "2207"
        ],
        "x-ms-client-request-id": [
          "82672b5f-342d-4006-9fac-e1f112ef5746"
        ],
        "accept-language": [
          "en-US"
        ],
        "User-Agent": [
          "FxVersion/4.7.2633.0",
          "OSName/Windows10Enterprise",
          "OSVersion/6.3.16299",
          "Microsoft.Azure.Management.Internal.Network.Version2017_10_01.NetworkManagementClient/1.0.0.0"
        ]
      },
      "ResponseBody": "{\r\n  \"name\": \"UAITG123456\",\r\n  \"id\": \"/subscriptions/c9cbd920-c00c-427c-852b-8aaf38badaeb/resourceGroups/UAITG123456/providers/Microsoft.Network/loadBalancers/UAITG123456\",\r\n  \"etag\": \"W/\\\"ee682775-7541-438b-b814-07f99306f334\\\"\",\r\n  \"type\": \"Microsoft.Network/loadBalancers\",\r\n  \"location\": \"centralus\",\r\n  \"properties\": {\r\n    \"provisioningState\": \"Succeeded\",\r\n    \"resourceGuid\": \"5aa4a50e-69bc-4bac-9e49-b301f698a8af\",\r\n    \"frontendIPConfigurations\": [\r\n      {\r\n        \"name\": \"UAITG123456\",\r\n        \"id\": \"/subscriptions/c9cbd920-c00c-427c-852b-8aaf38badaeb/resourceGroups/UAITG123456/providers/Microsoft.Network/loadBalancers/UAITG123456/frontendIPConfigurations/UAITG123456\",\r\n        \"etag\": \"W/\\\"ee682775-7541-438b-b814-07f99306f334\\\"\",\r\n        \"properties\": {\r\n          \"provisioningState\": \"Succeeded\",\r\n          \"privateIPAllocationMethod\": \"Dynamic\",\r\n          \"publicIPAddress\": {\r\n            \"id\": \"/subscriptions/c9cbd920-c00c-427c-852b-8aaf38badaeb/resourceGroups/UAITG123456/providers/Microsoft.Network/publicIPAddresses/UAITG123456\"\r\n          },\r\n          \"loadBalancingRules\": [\r\n            {\r\n              \"id\": \"/subscriptions/c9cbd920-c00c-427c-852b-8aaf38badaeb/resourceGroups/UAITG123456/providers/Microsoft.Network/loadBalancers/UAITG123456/loadBalancingRules/UAITG12345680\"\r\n            }\r\n          ],\r\n          \"inboundNatPools\": [\r\n            {\r\n              \"id\": \"/subscriptions/c9cbd920-c00c-427c-852b-8aaf38badaeb/resourceGroups/UAITG123456/providers/Microsoft.Network/loadBalancers/UAITG123456/inboundNatPools/UAITG1234563389\"\r\n            },\r\n            {\r\n              \"id\": \"/subscriptions/c9cbd920-c00c-427c-852b-8aaf38badaeb/resourceGroups/UAITG123456/providers/Microsoft.Network/loadBalancers/UAITG123456/inboundNatPools/UAITG1234565985\"\r\n            }\r\n          ]\r\n        }\r\n      }\r\n    ],\r\n    \"backendAddressPools\": [\r\n      {\r\n        \"name\": \"UAITG123456\",\r\n        \"id\": \"/subscriptions/c9cbd920-c00c-427c-852b-8aaf38badaeb/resourceGroups/UAITG123456/providers/Microsoft.Network/loadBalancers/UAITG123456/backendAddressPools/UAITG123456\",\r\n        \"etag\": \"W/\\\"ee682775-7541-438b-b814-07f99306f334\\\"\",\r\n        \"properties\": {\r\n          \"provisioningState\": \"Succeeded\",\r\n          \"loadBalancingRules\": [\r\n            {\r\n              \"id\": \"/subscriptions/c9cbd920-c00c-427c-852b-8aaf38badaeb/resourceGroups/UAITG123456/providers/Microsoft.Network/loadBalancers/UAITG123456/loadBalancingRules/UAITG12345680\"\r\n            }\r\n          ]\r\n        }\r\n      }\r\n    ],\r\n    \"loadBalancingRules\": [\r\n      {\r\n        \"name\": \"UAITG12345680\",\r\n        \"id\": \"/subscriptions/c9cbd920-c00c-427c-852b-8aaf38badaeb/resourceGroups/UAITG123456/providers/Microsoft.Network/loadBalancers/UAITG123456/loadBalancingRules/UAITG12345680\",\r\n        \"etag\": \"W/\\\"ee682775-7541-438b-b814-07f99306f334\\\"\",\r\n        \"properties\": {\r\n          \"provisioningState\": \"Succeeded\",\r\n          \"frontendIPConfiguration\": {\r\n            \"id\": \"/subscriptions/c9cbd920-c00c-427c-852b-8aaf38badaeb/resourceGroups/UAITG123456/providers/Microsoft.Network/loadBalancers/UAITG123456/frontendIPConfigurations/UAITG123456\"\r\n          },\r\n          \"frontendPort\": 80,\r\n          \"backendPort\": 80,\r\n          \"enableFloatingIP\": false,\r\n          \"idleTimeoutInMinutes\": 4,\r\n          \"protocol\": \"Tcp\",\r\n          \"loadDistribution\": \"Default\",\r\n          \"backendAddressPool\": {\r\n            \"id\": \"/subscriptions/c9cbd920-c00c-427c-852b-8aaf38badaeb/resourceGroups/UAITG123456/providers/Microsoft.Network/loadBalancers/UAITG123456/backendAddressPools/UAITG123456\"\r\n          }\r\n        }\r\n      }\r\n    ],\r\n    \"probes\": [],\r\n    \"inboundNatRules\": [],\r\n    \"outboundNatRules\": [],\r\n    \"inboundNatPools\": [\r\n      {\r\n        \"name\": \"UAITG1234563389\",\r\n        \"id\": \"/subscriptions/c9cbd920-c00c-427c-852b-8aaf38badaeb/resourceGroups/UAITG123456/providers/Microsoft.Network/loadBalancers/UAITG123456/inboundNatPools/UAITG1234563389\",\r\n        \"etag\": \"W/\\\"ee682775-7541-438b-b814-07f99306f334\\\"\",\r\n        \"properties\": {\r\n          \"provisioningState\": \"Succeeded\",\r\n          \"frontendPortRangeStart\": 50000,\r\n          \"frontendPortRangeEnd\": 50004,\r\n          \"backendPort\": 3389,\r\n          \"protocol\": \"Tcp\",\r\n          \"frontendIPConfiguration\": {\r\n            \"id\": \"/subscriptions/c9cbd920-c00c-427c-852b-8aaf38badaeb/resourceGroups/UAITG123456/providers/Microsoft.Network/loadBalancers/UAITG123456/frontendIPConfigurations/UAITG123456\"\r\n          }\r\n        }\r\n      },\r\n      {\r\n        \"name\": \"UAITG1234565985\",\r\n        \"id\": \"/subscriptions/c9cbd920-c00c-427c-852b-8aaf38badaeb/resourceGroups/UAITG123456/providers/Microsoft.Network/loadBalancers/UAITG123456/inboundNatPools/UAITG1234565985\",\r\n        \"etag\": \"W/\\\"ee682775-7541-438b-b814-07f99306f334\\\"\",\r\n        \"properties\": {\r\n          \"provisioningState\": \"Succeeded\",\r\n          \"frontendPortRangeStart\": 52000,\r\n          \"frontendPortRangeEnd\": 52004,\r\n          \"backendPort\": 5985,\r\n          \"protocol\": \"Tcp\",\r\n          \"frontendIPConfiguration\": {\r\n            \"id\": \"/subscriptions/c9cbd920-c00c-427c-852b-8aaf38badaeb/resourceGroups/UAITG123456/providers/Microsoft.Network/loadBalancers/UAITG123456/frontendIPConfigurations/UAITG123456\"\r\n          }\r\n        }\r\n      }\r\n    ]\r\n  },\r\n  \"sku\": {\r\n    \"name\": \"Basic\",\r\n    \"tier\": \"Regional\"\r\n  }\r\n}",
      "ResponseHeaders": {
        "Content-Length": [
          "5367"
        ],
        "Content-Type": [
          "application/json; charset=utf-8"
        ],
        "Expires": [
          "-1"
        ],
        "Pragma": [
          "no-cache"
        ],
        "x-ms-request-id": [
          "a9c91ce7-c6f8-4009-86b3-1bff78368471"
        ],
        "Azure-AsyncOperation": [
          "https://management.azure.com/subscriptions/c9cbd920-c00c-427c-852b-8aaf38badaeb/providers/Microsoft.Network/locations/centralus/operations/a9c91ce7-c6f8-4009-86b3-1bff78368471?api-version=2017-10-01"
        ],
        "Strict-Transport-Security": [
          "max-age=31536000; includeSubDomains"
        ],
        "Cache-Control": [
          "no-cache"
        ],
        "Server": [
          "Microsoft-HTTPAPI/2.0",
          "Microsoft-HTTPAPI/2.0"
        ],
        "x-ms-ratelimit-remaining-subscription-writes": [
          "1199"
        ],
        "x-ms-correlation-request-id": [
          "09fb1fd5-75ee-4812-bd5d-2f0fc9b3e0fd"
        ],
        "x-ms-routing-request-id": [
          "WESTUS2:20180406T165502Z:09fb1fd5-75ee-4812-bd5d-2f0fc9b3e0fd"
        ],
        "X-Content-Type-Options": [
          "nosniff"
        ],
        "Date": [
          "Fri, 06 Apr 2018 16:55:01 GMT"
        ]
      },
      "StatusCode": 201
    },
    {
      "RequestUri": "/subscriptions/c9cbd920-c00c-427c-852b-8aaf38badaeb/resourceGroups/UAITG123456/providers/Microsoft.Compute/virtualMachineScaleSets/UAITG123456?api-version=2017-12-01",
      "EncodedRequestUri": "L3N1YnNjcmlwdGlvbnMvYzljYmQ5MjAtYzAwYy00MjdjLTg1MmItOGFhZjM4YmFkYWViL3Jlc291cmNlR3JvdXBzL1VBSVRHMTIzNDU2L3Byb3ZpZGVycy9NaWNyb3NvZnQuQ29tcHV0ZS92aXJ0dWFsTWFjaGluZVNjYWxlU2V0cy9VQUlURzEyMzQ1Nj9hcGktdmVyc2lvbj0yMDE3LTEyLTAx",
      "RequestMethod": "PUT",
      "RequestBody": "{\r\n  \"sku\": {\r\n    \"name\": \"Standard_DS1_v2\",\r\n    \"capacity\": 2\r\n  },\r\n  \"properties\": {\r\n    \"upgradePolicy\": {\r\n      \"mode\": \"Manual\"\r\n    },\r\n    \"virtualMachineProfile\": {\r\n      \"osProfile\": {\r\n        \"computerNamePrefix\": \"UAITG1234\",\r\n        \"adminUsername\": \"admin01\",\r\n        \"adminPassword\": \"ps8292_196Ab!@\",\r\n        \"windowsConfiguration\": {}\r\n      },\r\n      \"storageProfile\": {\r\n        \"imageReference\": {\r\n          \"publisher\": \"MicrosoftWindowsServer\",\r\n          \"offer\": \"WindowsServer\",\r\n          \"sku\": \"2016-Datacenter\",\r\n          \"version\": \"latest\"\r\n        }\r\n      },\r\n      \"networkProfile\": {\r\n        \"networkInterfaceConfigurations\": [\r\n          {\r\n            \"name\": \"UAITG123456\",\r\n            \"properties\": {\r\n              \"primary\": true,\r\n              \"ipConfigurations\": [\r\n                {\r\n                  \"name\": \"UAITG123456\",\r\n                  \"properties\": {\r\n                    \"subnet\": {\r\n                      \"id\": \"/subscriptions/c9cbd920-c00c-427c-852b-8aaf38badaeb/resourceGroups/UAITG123456/providers/Microsoft.Network/virtualNetworks/UAITG123456/subnets/UAITG123456\"\r\n                    },\r\n                    \"loadBalancerBackendAddressPools\": [\r\n                      {\r\n                        \"id\": \"/subscriptions/c9cbd920-c00c-427c-852b-8aaf38badaeb/resourceGroups/UAITG123456/providers/Microsoft.Network/loadBalancers/UAITG123456/backendAddressPools/UAITG123456\"\r\n                      }\r\n                    ],\r\n                    \"loadBalancerInboundNatPools\": [\r\n                      {\r\n                        \"id\": \"/subscriptions/c9cbd920-c00c-427c-852b-8aaf38badaeb/resourceGroups/UAITG123456/providers/Microsoft.Network/loadBalancers/UAITG123456/inboundNatPools/UAITG1234563389\"\r\n                      },\r\n                      {\r\n                        \"id\": \"/subscriptions/c9cbd920-c00c-427c-852b-8aaf38badaeb/resourceGroups/UAITG123456/providers/Microsoft.Network/loadBalancers/UAITG123456/inboundNatPools/UAITG1234565985\"\r\n                      }\r\n                    ]\r\n                  }\r\n                }\r\n              ]\r\n            }\r\n          }\r\n        ]\r\n      }\r\n    }\r\n  },\r\n  \"identity\": {\r\n    \"type\": \"SystemAssigned, UserAssigned\",\r\n    \"identityIds\": [\r\n      \"/subscriptions/c9cbd920-c00c-427c-852b-8aaf38badaeb/resourcegroups/UAITG123456/providers/Microsoft.ManagedIdentity/userAssignedIdentities/UAITG123456Identity\"\r\n    ]\r\n  },\r\n  \"location\": \"centralus\"\r\n}",
      "RequestHeaders": {
        "Content-Type": [
          "application/json; charset=utf-8"
        ],
        "Content-Length": [
          "2476"
        ],
        "x-ms-client-request-id": [
          "39f30a4e-02c5-4081-b1f4-32ead019ec54"
        ],
        "accept-language": [
          "en-US"
        ],
        "User-Agent": [
          "FxVersion/4.7.2633.0",
          "OSName/Windows10Enterprise",
          "OSVersion/6.3.16299",
          "Microsoft.Azure.Management.Compute.ComputeManagementClient/17.5.0.0"
        ]
      },
      "ResponseBody": "{\r\n  \"sku\": {\r\n    \"name\": \"Standard_DS1_v2\",\r\n    \"tier\": \"Standard\",\r\n    \"capacity\": 2\r\n  },\r\n  \"properties\": {\r\n    \"singlePlacementGroup\": true,\r\n    \"upgradePolicy\": {\r\n      \"mode\": \"Manual\",\r\n      \"automaticOSUpgrade\": false\r\n    },\r\n    \"virtualMachineProfile\": {\r\n      \"osProfile\": {\r\n        \"computerNamePrefix\": \"UAITG1234\",\r\n        \"adminUsername\": \"admin01\",\r\n        \"windowsConfiguration\": {\r\n          \"provisionVMAgent\": true,\r\n          \"enableAutomaticUpdates\": true\r\n        },\r\n        \"secrets\": []\r\n      },\r\n      \"storageProfile\": {\r\n        \"osDisk\": {\r\n          \"createOption\": \"FromImage\",\r\n          \"caching\": \"None\",\r\n          \"managedDisk\": {\r\n            \"storageAccountType\": \"Premium_LRS\"\r\n          }\r\n        },\r\n        \"imageReference\": {\r\n          \"publisher\": \"MicrosoftWindowsServer\",\r\n          \"offer\": \"WindowsServer\",\r\n          \"sku\": \"2016-Datacenter\",\r\n          \"version\": \"latest\"\r\n        }\r\n      },\r\n      \"networkProfile\": {\r\n        \"networkInterfaceConfigurations\": [\r\n          {\r\n            \"name\": \"UAITG123456\",\r\n            \"properties\": {\r\n              \"primary\": true,\r\n              \"enableAcceleratedNetworking\": false,\r\n              \"dnsSettings\": {\r\n                \"dnsServers\": []\r\n              },\r\n              \"enableIPForwarding\": false,\r\n              \"ipConfigurations\": [\r\n                {\r\n                  \"name\": \"UAITG123456\",\r\n                  \"properties\": {\r\n                    \"subnet\": {\r\n                      \"id\": \"/subscriptions/c9cbd920-c00c-427c-852b-8aaf38badaeb/resourceGroups/UAITG123456/providers/Microsoft.Network/virtualNetworks/UAITG123456/subnets/UAITG123456\"\r\n                    },\r\n                    \"privateIPAddressVersion\": \"IPv4\",\r\n                    \"loadBalancerBackendAddressPools\": [\r\n                      {\r\n                        \"id\": \"/subscriptions/c9cbd920-c00c-427c-852b-8aaf38badaeb/resourceGroups/UAITG123456/providers/Microsoft.Network/loadBalancers/UAITG123456/backendAddressPools/UAITG123456\"\r\n                      }\r\n                    ],\r\n                    \"loadBalancerInboundNatPools\": [\r\n                      {\r\n                        \"id\": \"/subscriptions/c9cbd920-c00c-427c-852b-8aaf38badaeb/resourceGroups/UAITG123456/providers/Microsoft.Network/loadBalancers/UAITG123456/inboundNatPools/UAITG1234563389\"\r\n                      },\r\n                      {\r\n                        \"id\": \"/subscriptions/c9cbd920-c00c-427c-852b-8aaf38badaeb/resourceGroups/UAITG123456/providers/Microsoft.Network/loadBalancers/UAITG123456/inboundNatPools/UAITG1234565985\"\r\n                      }\r\n                    ]\r\n                  }\r\n                }\r\n              ]\r\n            }\r\n          }\r\n        ]\r\n      }\r\n    },\r\n    \"provisioningState\": \"Creating\",\r\n    \"overprovision\": true,\r\n    \"uniqueId\": \"47871e70-8b94-423a-bede-4ddee371c14e\"\r\n  },\r\n  \"type\": \"Microsoft.Compute/virtualMachineScaleSets\",\r\n  \"location\": \"centralus\",\r\n  \"identity\": {\r\n    \"type\": \"SystemAssigned, UserAssigned\",\r\n    \"principalId\": \"3177c8b9-52b8-4018-bb5d-fcf4ced15781\",\r\n    \"tenantId\": \"72f988bf-86f1-41af-91ab-2d7cd011db47\",\r\n    \"identityIds\": [\r\n      \"/subscriptions/c9cbd920-c00c-427c-852b-8aaf38badaeb/resourcegroups/UAITG123456/providers/Microsoft.ManagedIdentity/userAssignedIdentities/UAITG123456Identity\"\r\n    ]\r\n  },\r\n  \"id\": \"/subscriptions/c9cbd920-c00c-427c-852b-8aaf38badaeb/resourceGroups/UAITG123456/providers/Microsoft.Compute/virtualMachineScaleSets/UAITG123456\",\r\n  \"name\": \"UAITG123456\"\r\n}",
      "ResponseHeaders": {
        "Content-Length": [
          "2809"
        ],
        "Content-Type": [
          "application/json; charset=utf-8"
        ],
        "Expires": [
          "-1"
        ],
        "Pragma": [
          "no-cache"
        ],
        "Azure-AsyncOperation": [
          "https://management.azure.com/subscriptions/c9cbd920-c00c-427c-852b-8aaf38badaeb/providers/Microsoft.Compute/locations/centralus/operations/ba1638b2-c5ee-439c-83a1-526b2f37bd7d?api-version=2017-12-01"
        ],
        "x-ms-ratelimit-remaining-resource": [
          "Microsoft.Compute/CreateVMScaleSet3Min;39,Microsoft.Compute/CreateVMScaleSet30Min;198,Microsoft.Compute/VMScaleSetBatchedVMRequests5Min;1196,Microsoft.Compute/VmssQueuedVMOperations;4796"
        ],
        "x-ms-request-charge": [
          "4"
        ],
        "Strict-Transport-Security": [
          "max-age=31536000; includeSubDomains"
        ],
        "x-ms-served-by": [
          "ae3bb822-33c9-4a0e-b3e0-88971a213abb_131671938178650919"
        ],
        "x-ms-request-id": [
          "ba1638b2-c5ee-439c-83a1-526b2f37bd7d"
        ],
        "Cache-Control": [
          "no-cache"
        ],
        "Server": [
          "Microsoft-HTTPAPI/2.0",
          "Microsoft-HTTPAPI/2.0"
        ],
        "x-ms-ratelimit-remaining-subscription-writes": [
          "1199"
        ],
        "x-ms-correlation-request-id": [
          "53f4c195-6d79-42f9-91b7-bac9215b348c"
        ],
        "x-ms-routing-request-id": [
          "WESTUS2:20180406T165506Z:53f4c195-6d79-42f9-91b7-bac9215b348c"
        ],
        "X-Content-Type-Options": [
          "nosniff"
        ],
        "Date": [
          "Fri, 06 Apr 2018 16:55:05 GMT"
        ]
      },
      "StatusCode": 201
    },
    {
      "RequestUri": "/subscriptions/c9cbd920-c00c-427c-852b-8aaf38badaeb/providers/Microsoft.Compute/locations/centralus/operations/ba1638b2-c5ee-439c-83a1-526b2f37bd7d?api-version=2017-12-01",
      "EncodedRequestUri": "L3N1YnNjcmlwdGlvbnMvYzljYmQ5MjAtYzAwYy00MjdjLTg1MmItOGFhZjM4YmFkYWViL3Byb3ZpZGVycy9NaWNyb3NvZnQuQ29tcHV0ZS9sb2NhdGlvbnMvY2VudHJhbHVzL29wZXJhdGlvbnMvYmExNjM4YjItYzVlZS00MzljLTgzYTEtNTI2YjJmMzdiZDdkP2FwaS12ZXJzaW9uPTIwMTctMTItMDE=",
      "RequestMethod": "GET",
      "RequestBody": "",
      "RequestHeaders": {
        "User-Agent": [
          "FxVersion/4.7.2633.0",
          "OSName/Windows10Enterprise",
          "OSVersion/6.3.16299",
          "Microsoft.Azure.Management.Compute.ComputeManagementClient/17.5.0.0"
        ]
      },
      "ResponseBody": "{\r\n  \"startTime\": \"2018-04-06T09:55:05.7176542-07:00\",\r\n  \"status\": \"InProgress\",\r\n  \"name\": \"ba1638b2-c5ee-439c-83a1-526b2f37bd7d\"\r\n}",
      "ResponseHeaders": {
        "Content-Length": [
          "134"
        ],
        "Content-Type": [
          "application/json; charset=utf-8"
        ],
        "Expires": [
          "-1"
        ],
        "Pragma": [
          "no-cache"
        ],
        "x-ms-ratelimit-remaining-resource": [
          "Microsoft.Compute/GetOperation3Min;14997,Microsoft.Compute/GetOperation30Min;29971"
        ],
        "Strict-Transport-Security": [
          "max-age=31536000; includeSubDomains"
        ],
        "x-ms-served-by": [
          "ae3bb822-33c9-4a0e-b3e0-88971a213abb_131671938178650919"
        ],
        "x-ms-request-id": [
          "fa4caf2f-4ab8-4a83-8e5c-cdc1c05de1cc"
        ],
        "Cache-Control": [
          "no-cache"
        ],
        "Server": [
          "Microsoft-HTTPAPI/2.0",
          "Microsoft-HTTPAPI/2.0"
        ],
        "x-ms-ratelimit-remaining-subscription-reads": [
          "14997"
        ],
        "x-ms-correlation-request-id": [
          "5dfb6568-248e-40ed-8dd5-269e473f846b"
        ],
        "x-ms-routing-request-id": [
          "WESTUS2:20180406T165536Z:5dfb6568-248e-40ed-8dd5-269e473f846b"
        ],
        "X-Content-Type-Options": [
          "nosniff"
        ],
        "Date": [
          "Fri, 06 Apr 2018 16:55:36 GMT"
        ]
      },
      "StatusCode": 200
    },
    {
      "RequestUri": "/subscriptions/c9cbd920-c00c-427c-852b-8aaf38badaeb/providers/Microsoft.Compute/locations/centralus/operations/ba1638b2-c5ee-439c-83a1-526b2f37bd7d?api-version=2017-12-01",
      "EncodedRequestUri": "L3N1YnNjcmlwdGlvbnMvYzljYmQ5MjAtYzAwYy00MjdjLTg1MmItOGFhZjM4YmFkYWViL3Byb3ZpZGVycy9NaWNyb3NvZnQuQ29tcHV0ZS9sb2NhdGlvbnMvY2VudHJhbHVzL29wZXJhdGlvbnMvYmExNjM4YjItYzVlZS00MzljLTgzYTEtNTI2YjJmMzdiZDdkP2FwaS12ZXJzaW9uPTIwMTctMTItMDE=",
      "RequestMethod": "GET",
      "RequestBody": "",
      "RequestHeaders": {
        "User-Agent": [
          "FxVersion/4.7.2633.0",
          "OSName/Windows10Enterprise",
          "OSVersion/6.3.16299",
          "Microsoft.Azure.Management.Compute.ComputeManagementClient/17.5.0.0"
        ]
      },
      "ResponseBody": "{\r\n  \"startTime\": \"2018-04-06T09:55:05.7176542-07:00\",\r\n  \"status\": \"InProgress\",\r\n  \"name\": \"ba1638b2-c5ee-439c-83a1-526b2f37bd7d\"\r\n}",
      "ResponseHeaders": {
        "Content-Length": [
          "134"
        ],
        "Content-Type": [
          "application/json; charset=utf-8"
        ],
        "Expires": [
          "-1"
        ],
        "Pragma": [
          "no-cache"
        ],
        "x-ms-ratelimit-remaining-resource": [
          "Microsoft.Compute/GetOperation3Min;14995,Microsoft.Compute/GetOperation30Min;29968"
        ],
        "Strict-Transport-Security": [
          "max-age=31536000; includeSubDomains"
        ],
        "x-ms-served-by": [
          "ae3bb822-33c9-4a0e-b3e0-88971a213abb_131671938178650919"
        ],
        "x-ms-request-id": [
          "3d5f0ebd-14dd-4c6f-b906-5bb411b88536"
        ],
        "Cache-Control": [
          "no-cache"
        ],
        "Server": [
          "Microsoft-HTTPAPI/2.0",
          "Microsoft-HTTPAPI/2.0"
        ],
        "x-ms-ratelimit-remaining-subscription-reads": [
          "14996"
        ],
        "x-ms-correlation-request-id": [
          "b3b710f7-edd5-4ae3-b3c9-63fc54f2858f"
        ],
        "x-ms-routing-request-id": [
          "WESTUS2:20180406T165607Z:b3b710f7-edd5-4ae3-b3c9-63fc54f2858f"
        ],
        "X-Content-Type-Options": [
          "nosniff"
        ],
        "Date": [
          "Fri, 06 Apr 2018 16:56:06 GMT"
        ]
      },
      "StatusCode": 200
    },
    {
      "RequestUri": "/subscriptions/c9cbd920-c00c-427c-852b-8aaf38badaeb/providers/Microsoft.Compute/locations/centralus/operations/ba1638b2-c5ee-439c-83a1-526b2f37bd7d?api-version=2017-12-01",
      "EncodedRequestUri": "L3N1YnNjcmlwdGlvbnMvYzljYmQ5MjAtYzAwYy00MjdjLTg1MmItOGFhZjM4YmFkYWViL3Byb3ZpZGVycy9NaWNyb3NvZnQuQ29tcHV0ZS9sb2NhdGlvbnMvY2VudHJhbHVzL29wZXJhdGlvbnMvYmExNjM4YjItYzVlZS00MzljLTgzYTEtNTI2YjJmMzdiZDdkP2FwaS12ZXJzaW9uPTIwMTctMTItMDE=",
      "RequestMethod": "GET",
      "RequestBody": "",
      "RequestHeaders": {
        "User-Agent": [
          "FxVersion/4.7.2633.0",
          "OSName/Windows10Enterprise",
          "OSVersion/6.3.16299",
          "Microsoft.Azure.Management.Compute.ComputeManagementClient/17.5.0.0"
        ]
      },
      "ResponseBody": "{\r\n  \"startTime\": \"2018-04-06T09:55:05.7176542-07:00\",\r\n  \"status\": \"InProgress\",\r\n  \"name\": \"ba1638b2-c5ee-439c-83a1-526b2f37bd7d\"\r\n}",
      "ResponseHeaders": {
        "Content-Length": [
          "134"
        ],
        "Content-Type": [
          "application/json; charset=utf-8"
        ],
        "Expires": [
          "-1"
        ],
        "Pragma": [
          "no-cache"
        ],
        "x-ms-ratelimit-remaining-resource": [
          "Microsoft.Compute/GetOperation3Min;14992,Microsoft.Compute/GetOperation30Min;29965"
        ],
        "Strict-Transport-Security": [
          "max-age=31536000; includeSubDomains"
        ],
        "x-ms-served-by": [
          "ae3bb822-33c9-4a0e-b3e0-88971a213abb_131671938178650919"
        ],
        "x-ms-request-id": [
          "3d15e9f3-1959-4ad5-b5c5-61b876e73c67"
        ],
        "Cache-Control": [
          "no-cache"
        ],
        "Server": [
          "Microsoft-HTTPAPI/2.0",
          "Microsoft-HTTPAPI/2.0"
        ],
        "x-ms-ratelimit-remaining-subscription-reads": [
          "14995"
        ],
        "x-ms-correlation-request-id": [
          "105bad1e-4375-4250-82f6-067325230df9"
        ],
        "x-ms-routing-request-id": [
          "WESTUS2:20180406T165639Z:105bad1e-4375-4250-82f6-067325230df9"
        ],
        "X-Content-Type-Options": [
          "nosniff"
        ],
        "Date": [
          "Fri, 06 Apr 2018 16:56:38 GMT"
        ]
      },
      "StatusCode": 200
    },
    {
      "RequestUri": "/subscriptions/c9cbd920-c00c-427c-852b-8aaf38badaeb/providers/Microsoft.Compute/locations/centralus/operations/ba1638b2-c5ee-439c-83a1-526b2f37bd7d?api-version=2017-12-01",
      "EncodedRequestUri": "L3N1YnNjcmlwdGlvbnMvYzljYmQ5MjAtYzAwYy00MjdjLTg1MmItOGFhZjM4YmFkYWViL3Byb3ZpZGVycy9NaWNyb3NvZnQuQ29tcHV0ZS9sb2NhdGlvbnMvY2VudHJhbHVzL29wZXJhdGlvbnMvYmExNjM4YjItYzVlZS00MzljLTgzYTEtNTI2YjJmMzdiZDdkP2FwaS12ZXJzaW9uPTIwMTctMTItMDE=",
      "RequestMethod": "GET",
      "RequestBody": "",
      "RequestHeaders": {
        "User-Agent": [
          "FxVersion/4.7.2633.0",
          "OSName/Windows10Enterprise",
          "OSVersion/6.3.16299",
          "Microsoft.Azure.Management.Compute.ComputeManagementClient/17.5.0.0"
        ]
      },
      "ResponseBody": "{\r\n  \"startTime\": \"2018-04-06T09:55:05.7176542-07:00\",\r\n  \"status\": \"InProgress\",\r\n  \"name\": \"ba1638b2-c5ee-439c-83a1-526b2f37bd7d\"\r\n}",
      "ResponseHeaders": {
        "Content-Length": [
          "134"
        ],
        "Content-Type": [
          "application/json; charset=utf-8"
        ],
        "Expires": [
          "-1"
        ],
        "Pragma": [
          "no-cache"
        ],
        "x-ms-ratelimit-remaining-resource": [
          "Microsoft.Compute/GetOperation3Min;14989,Microsoft.Compute/GetOperation30Min;29962"
        ],
        "Strict-Transport-Security": [
          "max-age=31536000; includeSubDomains"
        ],
        "x-ms-served-by": [
          "ae3bb822-33c9-4a0e-b3e0-88971a213abb_131671938178650919"
        ],
        "x-ms-request-id": [
          "9acacea9-8c95-44e0-9236-7c0f8f9ed4f0"
        ],
        "Cache-Control": [
          "no-cache"
        ],
        "Server": [
          "Microsoft-HTTPAPI/2.0",
          "Microsoft-HTTPAPI/2.0"
        ],
        "x-ms-ratelimit-remaining-subscription-reads": [
          "14994"
        ],
        "x-ms-correlation-request-id": [
          "4191cb44-02b4-4557-8fef-c2daaad4ec05"
        ],
        "x-ms-routing-request-id": [
          "WESTUS2:20180406T165715Z:4191cb44-02b4-4557-8fef-c2daaad4ec05"
        ],
        "X-Content-Type-Options": [
          "nosniff"
        ],
        "Date": [
          "Fri, 06 Apr 2018 16:57:15 GMT"
        ]
      },
      "StatusCode": 200
    },
    {
      "RequestUri": "/subscriptions/c9cbd920-c00c-427c-852b-8aaf38badaeb/providers/Microsoft.Compute/locations/centralus/operations/ba1638b2-c5ee-439c-83a1-526b2f37bd7d?api-version=2017-12-01",
      "EncodedRequestUri": "L3N1YnNjcmlwdGlvbnMvYzljYmQ5MjAtYzAwYy00MjdjLTg1MmItOGFhZjM4YmFkYWViL3Byb3ZpZGVycy9NaWNyb3NvZnQuQ29tcHV0ZS9sb2NhdGlvbnMvY2VudHJhbHVzL29wZXJhdGlvbnMvYmExNjM4YjItYzVlZS00MzljLTgzYTEtNTI2YjJmMzdiZDdkP2FwaS12ZXJzaW9uPTIwMTctMTItMDE=",
      "RequestMethod": "GET",
      "RequestBody": "",
      "RequestHeaders": {
        "User-Agent": [
          "FxVersion/4.7.2633.0",
          "OSName/Windows10Enterprise",
          "OSVersion/6.3.16299",
          "Microsoft.Azure.Management.Compute.ComputeManagementClient/17.5.0.0"
        ]
      },
      "ResponseBody": "{\r\n  \"startTime\": \"2018-04-06T09:55:05.7176542-07:00\",\r\n  \"status\": \"InProgress\",\r\n  \"name\": \"ba1638b2-c5ee-439c-83a1-526b2f37bd7d\"\r\n}",
      "ResponseHeaders": {
        "Content-Length": [
          "134"
        ],
        "Content-Type": [
          "application/json; charset=utf-8"
        ],
        "Expires": [
          "-1"
        ],
        "Pragma": [
          "no-cache"
        ],
        "x-ms-ratelimit-remaining-resource": [
          "Microsoft.Compute/GetOperation3Min;14986,Microsoft.Compute/GetOperation30Min;29959"
        ],
        "Strict-Transport-Security": [
          "max-age=31536000; includeSubDomains"
        ],
        "x-ms-served-by": [
          "ae3bb822-33c9-4a0e-b3e0-88971a213abb_131671938178650919"
        ],
        "x-ms-request-id": [
          "739b1850-f6ba-4793-be0a-49e6a8d0907c"
        ],
        "Cache-Control": [
          "no-cache"
        ],
        "Server": [
          "Microsoft-HTTPAPI/2.0",
          "Microsoft-HTTPAPI/2.0"
        ],
        "x-ms-ratelimit-remaining-subscription-reads": [
          "14993"
        ],
        "x-ms-correlation-request-id": [
          "d57e45d1-c5b1-48d7-a6c6-3aea868ef5a3"
        ],
        "x-ms-routing-request-id": [
          "WESTUS2:20180406T165749Z:d57e45d1-c5b1-48d7-a6c6-3aea868ef5a3"
        ],
        "X-Content-Type-Options": [
          "nosniff"
        ],
        "Date": [
          "Fri, 06 Apr 2018 16:57:49 GMT"
        ],
        "Connection": [
          "close"
        ]
      },
      "StatusCode": 200
    },
    {
      "RequestUri": "/subscriptions/c9cbd920-c00c-427c-852b-8aaf38badaeb/providers/Microsoft.Compute/locations/centralus/operations/ba1638b2-c5ee-439c-83a1-526b2f37bd7d?api-version=2017-12-01",
      "EncodedRequestUri": "L3N1YnNjcmlwdGlvbnMvYzljYmQ5MjAtYzAwYy00MjdjLTg1MmItOGFhZjM4YmFkYWViL3Byb3ZpZGVycy9NaWNyb3NvZnQuQ29tcHV0ZS9sb2NhdGlvbnMvY2VudHJhbHVzL29wZXJhdGlvbnMvYmExNjM4YjItYzVlZS00MzljLTgzYTEtNTI2YjJmMzdiZDdkP2FwaS12ZXJzaW9uPTIwMTctMTItMDE=",
      "RequestMethod": "GET",
      "RequestBody": "",
      "RequestHeaders": {
        "User-Agent": [
          "FxVersion/4.7.2633.0",
          "OSName/Windows10Enterprise",
          "OSVersion/6.3.16299",
          "Microsoft.Azure.Management.Compute.ComputeManagementClient/17.5.0.0"
        ]
      },
      "ResponseBody": "{\r\n  \"startTime\": \"2018-04-06T09:55:05.7176542-07:00\",\r\n  \"status\": \"InProgress\",\r\n  \"name\": \"ba1638b2-c5ee-439c-83a1-526b2f37bd7d\"\r\n}",
      "ResponseHeaders": {
        "Content-Length": [
          "134"
        ],
        "Content-Type": [
          "application/json; charset=utf-8"
        ],
        "Expires": [
          "-1"
        ],
        "Pragma": [
          "no-cache"
        ],
        "x-ms-ratelimit-remaining-resource": [
          "Microsoft.Compute/GetOperation3Min;14984,Microsoft.Compute/GetOperation30Min;29956"
        ],
        "Strict-Transport-Security": [
          "max-age=31536000; includeSubDomains"
        ],
        "x-ms-served-by": [
          "ae3bb822-33c9-4a0e-b3e0-88971a213abb_131671938178650919"
        ],
        "x-ms-request-id": [
          "befa18bf-4000-4c77-9f2b-1654e4aa2cfa"
        ],
        "Cache-Control": [
          "no-cache"
        ],
        "Server": [
          "Microsoft-HTTPAPI/2.0",
          "Microsoft-HTTPAPI/2.0"
        ],
        "x-ms-ratelimit-remaining-subscription-reads": [
          "14998"
        ],
        "x-ms-correlation-request-id": [
          "f15966a2-7ce5-48de-9abe-3cbd8687e528"
        ],
        "x-ms-routing-request-id": [
          "WESTUS2:20180406T165824Z:f15966a2-7ce5-48de-9abe-3cbd8687e528"
        ],
        "X-Content-Type-Options": [
          "nosniff"
        ],
        "Date": [
          "Fri, 06 Apr 2018 16:58:23 GMT"
        ]
      },
      "StatusCode": 200
    },
    {
      "RequestUri": "/subscriptions/c9cbd920-c00c-427c-852b-8aaf38badaeb/providers/Microsoft.Compute/locations/centralus/operations/ba1638b2-c5ee-439c-83a1-526b2f37bd7d?api-version=2017-12-01",
      "EncodedRequestUri": "L3N1YnNjcmlwdGlvbnMvYzljYmQ5MjAtYzAwYy00MjdjLTg1MmItOGFhZjM4YmFkYWViL3Byb3ZpZGVycy9NaWNyb3NvZnQuQ29tcHV0ZS9sb2NhdGlvbnMvY2VudHJhbHVzL29wZXJhdGlvbnMvYmExNjM4YjItYzVlZS00MzljLTgzYTEtNTI2YjJmMzdiZDdkP2FwaS12ZXJzaW9uPTIwMTctMTItMDE=",
      "RequestMethod": "GET",
      "RequestBody": "",
      "RequestHeaders": {
        "User-Agent": [
          "FxVersion/4.7.2633.0",
          "OSName/Windows10Enterprise",
          "OSVersion/6.3.16299",
          "Microsoft.Azure.Management.Compute.ComputeManagementClient/17.5.0.0"
        ]
      },
      "ResponseBody": "{\r\n  \"startTime\": \"2018-04-06T09:55:05.7176542-07:00\",\r\n  \"status\": \"InProgress\",\r\n  \"name\": \"ba1638b2-c5ee-439c-83a1-526b2f37bd7d\"\r\n}",
      "ResponseHeaders": {
        "Content-Length": [
          "134"
        ],
        "Content-Type": [
          "application/json; charset=utf-8"
        ],
        "Expires": [
          "-1"
        ],
        "Pragma": [
          "no-cache"
        ],
        "x-ms-ratelimit-remaining-resource": [
          "Microsoft.Compute/GetOperation3Min;14983,Microsoft.Compute/GetOperation30Min;29953"
        ],
        "Strict-Transport-Security": [
          "max-age=31536000; includeSubDomains"
        ],
        "x-ms-served-by": [
          "ae3bb822-33c9-4a0e-b3e0-88971a213abb_131671938178650919"
        ],
        "x-ms-request-id": [
          "8c540086-1558-4967-a28e-0962b0998a51"
        ],
        "Cache-Control": [
          "no-cache"
        ],
        "Server": [
          "Microsoft-HTTPAPI/2.0",
          "Microsoft-HTTPAPI/2.0"
        ],
        "x-ms-ratelimit-remaining-subscription-reads": [
          "14997"
        ],
        "x-ms-correlation-request-id": [
          "6e9bb034-80fa-4d32-b6e8-cb7748ff43e5"
        ],
        "x-ms-routing-request-id": [
          "WESTUS2:20180406T165855Z:6e9bb034-80fa-4d32-b6e8-cb7748ff43e5"
        ],
        "X-Content-Type-Options": [
          "nosniff"
        ],
        "Date": [
          "Fri, 06 Apr 2018 16:58:54 GMT"
        ]
      },
      "StatusCode": 200
    },
    {
      "RequestUri": "/subscriptions/c9cbd920-c00c-427c-852b-8aaf38badaeb/providers/Microsoft.Compute/locations/centralus/operations/ba1638b2-c5ee-439c-83a1-526b2f37bd7d?api-version=2017-12-01",
      "EncodedRequestUri": "L3N1YnNjcmlwdGlvbnMvYzljYmQ5MjAtYzAwYy00MjdjLTg1MmItOGFhZjM4YmFkYWViL3Byb3ZpZGVycy9NaWNyb3NvZnQuQ29tcHV0ZS9sb2NhdGlvbnMvY2VudHJhbHVzL29wZXJhdGlvbnMvYmExNjM4YjItYzVlZS00MzljLTgzYTEtNTI2YjJmMzdiZDdkP2FwaS12ZXJzaW9uPTIwMTctMTItMDE=",
      "RequestMethod": "GET",
      "RequestBody": "",
      "RequestHeaders": {
        "User-Agent": [
          "FxVersion/4.7.2633.0",
          "OSName/Windows10Enterprise",
          "OSVersion/6.3.16299",
          "Microsoft.Azure.Management.Compute.ComputeManagementClient/17.5.0.0"
        ]
      },
      "ResponseBody": "{\r\n  \"startTime\": \"2018-04-06T09:55:05.7176542-07:00\",\r\n  \"status\": \"InProgress\",\r\n  \"name\": \"ba1638b2-c5ee-439c-83a1-526b2f37bd7d\"\r\n}",
      "ResponseHeaders": {
        "Content-Length": [
          "134"
        ],
        "Content-Type": [
          "application/json; charset=utf-8"
        ],
        "Expires": [
          "-1"
        ],
        "Pragma": [
          "no-cache"
        ],
        "x-ms-ratelimit-remaining-resource": [
          "Microsoft.Compute/GetOperation3Min;14983,Microsoft.Compute/GetOperation30Min;29950"
        ],
        "Strict-Transport-Security": [
          "max-age=31536000; includeSubDomains"
        ],
        "x-ms-served-by": [
          "ae3bb822-33c9-4a0e-b3e0-88971a213abb_131671938178650919"
        ],
        "x-ms-request-id": [
          "1fefe060-3984-4c7e-bfa9-c100f4a45ccd"
        ],
        "Cache-Control": [
          "no-cache"
        ],
        "Server": [
          "Microsoft-HTTPAPI/2.0",
          "Microsoft-HTTPAPI/2.0"
        ],
        "x-ms-ratelimit-remaining-subscription-reads": [
          "14996"
        ],
        "x-ms-correlation-request-id": [
          "0173424c-44f5-431c-8bb0-52bac9b17ed9"
        ],
        "x-ms-routing-request-id": [
          "WESTUS2:20180406T165928Z:0173424c-44f5-431c-8bb0-52bac9b17ed9"
        ],
        "X-Content-Type-Options": [
          "nosniff"
        ],
        "Date": [
          "Fri, 06 Apr 2018 16:59:28 GMT"
        ]
      },
      "StatusCode": 200
    },
    {
      "RequestUri": "/subscriptions/c9cbd920-c00c-427c-852b-8aaf38badaeb/providers/Microsoft.Compute/locations/centralus/operations/ba1638b2-c5ee-439c-83a1-526b2f37bd7d?api-version=2017-12-01",
      "EncodedRequestUri": "L3N1YnNjcmlwdGlvbnMvYzljYmQ5MjAtYzAwYy00MjdjLTg1MmItOGFhZjM4YmFkYWViL3Byb3ZpZGVycy9NaWNyb3NvZnQuQ29tcHV0ZS9sb2NhdGlvbnMvY2VudHJhbHVzL29wZXJhdGlvbnMvYmExNjM4YjItYzVlZS00MzljLTgzYTEtNTI2YjJmMzdiZDdkP2FwaS12ZXJzaW9uPTIwMTctMTItMDE=",
      "RequestMethod": "GET",
      "RequestBody": "",
      "RequestHeaders": {
        "User-Agent": [
          "FxVersion/4.7.2633.0",
          "OSName/Windows10Enterprise",
          "OSVersion/6.3.16299",
          "Microsoft.Azure.Management.Compute.ComputeManagementClient/17.5.0.0"
        ]
      },
      "ResponseBody": "{\r\n  \"startTime\": \"2018-04-06T09:55:05.7176542-07:00\",\r\n  \"endTime\": \"2018-04-06T09:59:32.5472956-07:00\",\r\n  \"status\": \"Succeeded\",\r\n  \"name\": \"ba1638b2-c5ee-439c-83a1-526b2f37bd7d\"\r\n}",
      "ResponseHeaders": {
        "Content-Length": [
          "184"
        ],
        "Content-Type": [
          "application/json; charset=utf-8"
        ],
        "Expires": [
          "-1"
        ],
        "Pragma": [
          "no-cache"
        ],
        "x-ms-ratelimit-remaining-resource": [
          "Microsoft.Compute/GetOperation3Min;14984,Microsoft.Compute/GetOperation30Min;29948"
        ],
        "Strict-Transport-Security": [
          "max-age=31536000; includeSubDomains"
        ],
        "x-ms-served-by": [
          "ae3bb822-33c9-4a0e-b3e0-88971a213abb_131671938178650919"
        ],
        "x-ms-request-id": [
          "556454ef-1c99-4f85-82ee-8fcec9815a21"
        ],
        "Cache-Control": [
          "no-cache"
        ],
        "Server": [
          "Microsoft-HTTPAPI/2.0",
          "Microsoft-HTTPAPI/2.0"
        ],
        "x-ms-ratelimit-remaining-subscription-reads": [
          "14995"
        ],
        "x-ms-correlation-request-id": [
          "153decb9-a2c8-4226-8a6d-9cce9a76929d"
        ],
        "x-ms-routing-request-id": [
          "WESTUS2:20180406T165958Z:153decb9-a2c8-4226-8a6d-9cce9a76929d"
        ],
        "X-Content-Type-Options": [
          "nosniff"
        ],
        "Date": [
          "Fri, 06 Apr 2018 16:59:57 GMT"
        ]
      },
      "StatusCode": 200
    },
    {
      "RequestUri": "/subscriptions/c9cbd920-c00c-427c-852b-8aaf38badaeb/resourcegroups/UAITG123456?api-version=2016-02-01",
      "EncodedRequestUri": "L3N1YnNjcmlwdGlvbnMvYzljYmQ5MjAtYzAwYy00MjdjLTg1MmItOGFhZjM4YmFkYWViL3Jlc291cmNlZ3JvdXBzL1VBSVRHMTIzNDU2P2FwaS12ZXJzaW9uPTIwMTYtMDItMDE=",
      "RequestMethod": "DELETE",
      "RequestBody": "",
      "RequestHeaders": {
        "User-Agent": [
          "Microsoft.Azure.Management.Resources.ResourceManagementClient/2.0.0.0"
        ]
      },
      "ResponseBody": "",
      "ResponseHeaders": {
        "Content-Length": [
          "0"
        ],
        "Expires": [
          "-1"
        ],
        "Pragma": [
          "no-cache"
        ],
        "Retry-After": [
          "15"
        ],
        "x-ms-ratelimit-remaining-subscription-writes": [
          "1199"
        ],
        "x-ms-request-id": [
          "d4a2caf1-abdc-48ab-924d-98b85fdf280b"
        ],
        "x-ms-correlation-request-id": [
          "d4a2caf1-abdc-48ab-924d-98b85fdf280b"
        ],
        "x-ms-routing-request-id": [
          "WESTUS2:20180406T170000Z:d4a2caf1-abdc-48ab-924d-98b85fdf280b"
        ],
        "Strict-Transport-Security": [
          "max-age=31536000; includeSubDomains"
        ],
        "X-Content-Type-Options": [
          "nosniff"
        ],
        "Cache-Control": [
          "no-cache"
        ],
        "Date": [
          "Fri, 06 Apr 2018 16:59:59 GMT"
        ],
        "Location": [
          "https://management.azure.com/subscriptions/c9cbd920-c00c-427c-852b-8aaf38badaeb/operationresults/eyJqb2JJZCI6IlJFU09VUkNFR1JPVVBERUxFVElPTkpPQi1VQUlURzEyMzQ1Ni1DRU5UUkFMVVMiLCJqb2JMb2NhdGlvbiI6ImNlbnRyYWx1cyJ9?api-version=2016-02-01"
        ]
      },
      "StatusCode": 202
    },
    {
      "RequestUri": "/subscriptions/c9cbd920-c00c-427c-852b-8aaf38badaeb/operationresults/eyJqb2JJZCI6IlJFU09VUkNFR1JPVVBERUxFVElPTkpPQi1VQUlURzEyMzQ1Ni1DRU5UUkFMVVMiLCJqb2JMb2NhdGlvbiI6ImNlbnRyYWx1cyJ9?api-version=2016-02-01",
      "EncodedRequestUri": "L3N1YnNjcmlwdGlvbnMvYzljYmQ5MjAtYzAwYy00MjdjLTg1MmItOGFhZjM4YmFkYWViL29wZXJhdGlvbnJlc3VsdHMvZXlKcWIySkpaQ0k2SWxKRlUwOVZVa05GUjFKUFZWQkVSVXhGVkVsUFRrcFBRaTFWUVVsVVJ6RXlNelExTmkxRFJVNVVVa0ZNVlZNaUxDSnFiMkpNYjJOaGRHbHZiaUk2SW1ObGJuUnlZV3gxY3lKOT9hcGktdmVyc2lvbj0yMDE2LTAyLTAx",
      "RequestMethod": "GET",
      "RequestBody": "",
      "RequestHeaders": {
        "x-ms-version": [
          "2016-02-01"
        ],
        "User-Agent": [
          "Microsoft.Azure.Management.Resources.ResourceManagementClient/2.0.0.0"
        ]
      },
      "ResponseBody": "",
      "ResponseHeaders": {
        "Content-Length": [
          "0"
        ],
        "Expires": [
          "-1"
        ],
        "Pragma": [
          "no-cache"
        ],
        "Retry-After": [
          "15"
        ],
        "x-ms-ratelimit-remaining-subscription-reads": [
          "14989"
        ],
        "x-ms-request-id": [
          "32608f14-4481-4173-b6ae-21cc7ef71e53"
        ],
        "x-ms-correlation-request-id": [
          "32608f14-4481-4173-b6ae-21cc7ef71e53"
        ],
        "x-ms-routing-request-id": [
          "WESTUS2:20180406T170000Z:32608f14-4481-4173-b6ae-21cc7ef71e53"
        ],
        "Strict-Transport-Security": [
          "max-age=31536000; includeSubDomains"
        ],
        "X-Content-Type-Options": [
          "nosniff"
        ],
        "Cache-Control": [
          "no-cache"
        ],
        "Date": [
          "Fri, 06 Apr 2018 16:59:59 GMT"
        ],
        "Location": [
          "https://management.azure.com/subscriptions/c9cbd920-c00c-427c-852b-8aaf38badaeb/operationresults/eyJqb2JJZCI6IlJFU09VUkNFR1JPVVBERUxFVElPTkpPQi1VQUlURzEyMzQ1Ni1DRU5UUkFMVVMiLCJqb2JMb2NhdGlvbiI6ImNlbnRyYWx1cyJ9?api-version=2016-02-01"
        ]
      },
      "StatusCode": 202
    },
    {
      "RequestUri": "/subscriptions/c9cbd920-c00c-427c-852b-8aaf38badaeb/operationresults/eyJqb2JJZCI6IlJFU09VUkNFR1JPVVBERUxFVElPTkpPQi1VQUlURzEyMzQ1Ni1DRU5UUkFMVVMiLCJqb2JMb2NhdGlvbiI6ImNlbnRyYWx1cyJ9?api-version=2016-02-01",
      "EncodedRequestUri": "L3N1YnNjcmlwdGlvbnMvYzljYmQ5MjAtYzAwYy00MjdjLTg1MmItOGFhZjM4YmFkYWViL29wZXJhdGlvbnJlc3VsdHMvZXlKcWIySkpaQ0k2SWxKRlUwOVZVa05GUjFKUFZWQkVSVXhGVkVsUFRrcFBRaTFWUVVsVVJ6RXlNelExTmkxRFJVNVVVa0ZNVlZNaUxDSnFiMkpNYjJOaGRHbHZiaUk2SW1ObGJuUnlZV3gxY3lKOT9hcGktdmVyc2lvbj0yMDE2LTAyLTAx",
      "RequestMethod": "GET",
      "RequestBody": "",
      "RequestHeaders": {
        "x-ms-version": [
          "2016-02-01"
        ],
        "User-Agent": [
          "Microsoft.Azure.Management.Resources.ResourceManagementClient/2.0.0.0"
        ]
      },
      "ResponseBody": "",
      "ResponseHeaders": {
        "Content-Length": [
          "0"
        ],
        "Expires": [
          "-1"
        ],
        "Pragma": [
          "no-cache"
        ],
        "Retry-After": [
          "15"
        ],
        "x-ms-ratelimit-remaining-subscription-reads": [
          "14988"
        ],
        "x-ms-request-id": [
          "ea6564b1-53c9-4ed9-b929-40c65c3f5243"
        ],
        "x-ms-correlation-request-id": [
          "ea6564b1-53c9-4ed9-b929-40c65c3f5243"
        ],
        "x-ms-routing-request-id": [
          "WESTUS2:20180406T170015Z:ea6564b1-53c9-4ed9-b929-40c65c3f5243"
        ],
        "Strict-Transport-Security": [
          "max-age=31536000; includeSubDomains"
        ],
        "X-Content-Type-Options": [
          "nosniff"
        ],
        "Cache-Control": [
          "no-cache"
        ],
        "Date": [
          "Fri, 06 Apr 2018 17:00:15 GMT"
        ],
        "Location": [
          "https://management.azure.com/subscriptions/c9cbd920-c00c-427c-852b-8aaf38badaeb/operationresults/eyJqb2JJZCI6IlJFU09VUkNFR1JPVVBERUxFVElPTkpPQi1VQUlURzEyMzQ1Ni1DRU5UUkFMVVMiLCJqb2JMb2NhdGlvbiI6ImNlbnRyYWx1cyJ9?api-version=2016-02-01"
        ]
      },
      "StatusCode": 202
    },
    {
      "RequestUri": "/subscriptions/c9cbd920-c00c-427c-852b-8aaf38badaeb/operationresults/eyJqb2JJZCI6IlJFU09VUkNFR1JPVVBERUxFVElPTkpPQi1VQUlURzEyMzQ1Ni1DRU5UUkFMVVMiLCJqb2JMb2NhdGlvbiI6ImNlbnRyYWx1cyJ9?api-version=2016-02-01",
      "EncodedRequestUri": "L3N1YnNjcmlwdGlvbnMvYzljYmQ5MjAtYzAwYy00MjdjLTg1MmItOGFhZjM4YmFkYWViL29wZXJhdGlvbnJlc3VsdHMvZXlKcWIySkpaQ0k2SWxKRlUwOVZVa05GUjFKUFZWQkVSVXhGVkVsUFRrcFBRaTFWUVVsVVJ6RXlNelExTmkxRFJVNVVVa0ZNVlZNaUxDSnFiMkpNYjJOaGRHbHZiaUk2SW1ObGJuUnlZV3gxY3lKOT9hcGktdmVyc2lvbj0yMDE2LTAyLTAx",
      "RequestMethod": "GET",
      "RequestBody": "",
      "RequestHeaders": {
        "x-ms-version": [
          "2016-02-01"
        ],
        "User-Agent": [
          "Microsoft.Azure.Management.Resources.ResourceManagementClient/2.0.0.0"
        ]
      },
      "ResponseBody": "",
      "ResponseHeaders": {
        "Content-Length": [
          "0"
        ],
        "Expires": [
          "-1"
        ],
        "Pragma": [
          "no-cache"
        ],
        "Retry-After": [
          "15"
        ],
        "x-ms-ratelimit-remaining-subscription-reads": [
          "14987"
        ],
        "x-ms-request-id": [
          "bfb24ac6-00e0-48ad-bdea-fc40427ab270"
        ],
        "x-ms-correlation-request-id": [
          "bfb24ac6-00e0-48ad-bdea-fc40427ab270"
        ],
        "x-ms-routing-request-id": [
          "WESTUS2:20180406T170030Z:bfb24ac6-00e0-48ad-bdea-fc40427ab270"
        ],
        "Strict-Transport-Security": [
          "max-age=31536000; includeSubDomains"
        ],
        "X-Content-Type-Options": [
          "nosniff"
        ],
        "Cache-Control": [
          "no-cache"
        ],
        "Date": [
          "Fri, 06 Apr 2018 17:00:29 GMT"
        ],
        "Location": [
          "https://management.azure.com/subscriptions/c9cbd920-c00c-427c-852b-8aaf38badaeb/operationresults/eyJqb2JJZCI6IlJFU09VUkNFR1JPVVBERUxFVElPTkpPQi1VQUlURzEyMzQ1Ni1DRU5UUkFMVVMiLCJqb2JMb2NhdGlvbiI6ImNlbnRyYWx1cyJ9?api-version=2016-02-01"
        ]
      },
      "StatusCode": 202
    },
    {
      "RequestUri": "/subscriptions/c9cbd920-c00c-427c-852b-8aaf38badaeb/operationresults/eyJqb2JJZCI6IlJFU09VUkNFR1JPVVBERUxFVElPTkpPQi1VQUlURzEyMzQ1Ni1DRU5UUkFMVVMiLCJqb2JMb2NhdGlvbiI6ImNlbnRyYWx1cyJ9?api-version=2016-02-01",
      "EncodedRequestUri": "L3N1YnNjcmlwdGlvbnMvYzljYmQ5MjAtYzAwYy00MjdjLTg1MmItOGFhZjM4YmFkYWViL29wZXJhdGlvbnJlc3VsdHMvZXlKcWIySkpaQ0k2SWxKRlUwOVZVa05GUjFKUFZWQkVSVXhGVkVsUFRrcFBRaTFWUVVsVVJ6RXlNelExTmkxRFJVNVVVa0ZNVlZNaUxDSnFiMkpNYjJOaGRHbHZiaUk2SW1ObGJuUnlZV3gxY3lKOT9hcGktdmVyc2lvbj0yMDE2LTAyLTAx",
      "RequestMethod": "GET",
      "RequestBody": "",
      "RequestHeaders": {
        "x-ms-version": [
          "2016-02-01"
        ],
        "User-Agent": [
          "Microsoft.Azure.Management.Resources.ResourceManagementClient/2.0.0.0"
        ]
      },
      "ResponseBody": "",
      "ResponseHeaders": {
        "Content-Length": [
          "0"
        ],
        "Expires": [
          "-1"
        ],
        "Pragma": [
          "no-cache"
        ],
        "Retry-After": [
          "15"
        ],
        "x-ms-ratelimit-remaining-subscription-reads": [
          "14986"
        ],
        "x-ms-request-id": [
          "93544ffc-cd36-4b63-b103-f3bef7c10e20"
        ],
        "x-ms-correlation-request-id": [
          "93544ffc-cd36-4b63-b103-f3bef7c10e20"
        ],
        "x-ms-routing-request-id": [
          "WESTUS2:20180406T170045Z:93544ffc-cd36-4b63-b103-f3bef7c10e20"
        ],
        "Strict-Transport-Security": [
          "max-age=31536000; includeSubDomains"
        ],
        "X-Content-Type-Options": [
          "nosniff"
        ],
        "Cache-Control": [
          "no-cache"
        ],
        "Date": [
          "Fri, 06 Apr 2018 17:00:45 GMT"
        ],
        "Location": [
          "https://management.azure.com/subscriptions/c9cbd920-c00c-427c-852b-8aaf38badaeb/operationresults/eyJqb2JJZCI6IlJFU09VUkNFR1JPVVBERUxFVElPTkpPQi1VQUlURzEyMzQ1Ni1DRU5UUkFMVVMiLCJqb2JMb2NhdGlvbiI6ImNlbnRyYWx1cyJ9?api-version=2016-02-01"
        ]
      },
      "StatusCode": 202
    },
    {
      "RequestUri": "/subscriptions/c9cbd920-c00c-427c-852b-8aaf38badaeb/operationresults/eyJqb2JJZCI6IlJFU09VUkNFR1JPVVBERUxFVElPTkpPQi1VQUlURzEyMzQ1Ni1DRU5UUkFMVVMiLCJqb2JMb2NhdGlvbiI6ImNlbnRyYWx1cyJ9?api-version=2016-02-01",
      "EncodedRequestUri": "L3N1YnNjcmlwdGlvbnMvYzljYmQ5MjAtYzAwYy00MjdjLTg1MmItOGFhZjM4YmFkYWViL29wZXJhdGlvbnJlc3VsdHMvZXlKcWIySkpaQ0k2SWxKRlUwOVZVa05GUjFKUFZWQkVSVXhGVkVsUFRrcFBRaTFWUVVsVVJ6RXlNelExTmkxRFJVNVVVa0ZNVlZNaUxDSnFiMkpNYjJOaGRHbHZiaUk2SW1ObGJuUnlZV3gxY3lKOT9hcGktdmVyc2lvbj0yMDE2LTAyLTAx",
      "RequestMethod": "GET",
      "RequestBody": "",
      "RequestHeaders": {
        "x-ms-version": [
          "2016-02-01"
        ],
        "User-Agent": [
          "Microsoft.Azure.Management.Resources.ResourceManagementClient/2.0.0.0"
        ]
      },
      "ResponseBody": "",
      "ResponseHeaders": {
        "Content-Length": [
          "0"
        ],
        "Expires": [
          "-1"
        ],
        "Pragma": [
          "no-cache"
        ],
        "Retry-After": [
          "15"
        ],
        "x-ms-ratelimit-remaining-subscription-reads": [
          "14985"
        ],
        "x-ms-request-id": [
          "068527d3-7421-4c85-a3d8-f04e779177a4"
        ],
        "x-ms-correlation-request-id": [
          "068527d3-7421-4c85-a3d8-f04e779177a4"
        ],
        "x-ms-routing-request-id": [
          "WESTUS2:20180406T170101Z:068527d3-7421-4c85-a3d8-f04e779177a4"
        ],
        "Strict-Transport-Security": [
          "max-age=31536000; includeSubDomains"
        ],
        "X-Content-Type-Options": [
          "nosniff"
        ],
        "Cache-Control": [
          "no-cache"
        ],
        "Date": [
          "Fri, 06 Apr 2018 17:01:00 GMT"
        ],
        "Location": [
          "https://management.azure.com/subscriptions/c9cbd920-c00c-427c-852b-8aaf38badaeb/operationresults/eyJqb2JJZCI6IlJFU09VUkNFR1JPVVBERUxFVElPTkpPQi1VQUlURzEyMzQ1Ni1DRU5UUkFMVVMiLCJqb2JMb2NhdGlvbiI6ImNlbnRyYWx1cyJ9?api-version=2016-02-01"
        ]
      },
      "StatusCode": 202
    },
    {
      "RequestUri": "/subscriptions/c9cbd920-c00c-427c-852b-8aaf38badaeb/operationresults/eyJqb2JJZCI6IlJFU09VUkNFR1JPVVBERUxFVElPTkpPQi1VQUlURzEyMzQ1Ni1DRU5UUkFMVVMiLCJqb2JMb2NhdGlvbiI6ImNlbnRyYWx1cyJ9?api-version=2016-02-01",
      "EncodedRequestUri": "L3N1YnNjcmlwdGlvbnMvYzljYmQ5MjAtYzAwYy00MjdjLTg1MmItOGFhZjM4YmFkYWViL29wZXJhdGlvbnJlc3VsdHMvZXlKcWIySkpaQ0k2SWxKRlUwOVZVa05GUjFKUFZWQkVSVXhGVkVsUFRrcFBRaTFWUVVsVVJ6RXlNelExTmkxRFJVNVVVa0ZNVlZNaUxDSnFiMkpNYjJOaGRHbHZiaUk2SW1ObGJuUnlZV3gxY3lKOT9hcGktdmVyc2lvbj0yMDE2LTAyLTAx",
      "RequestMethod": "GET",
      "RequestBody": "",
      "RequestHeaders": {
        "x-ms-version": [
          "2016-02-01"
        ],
        "User-Agent": [
          "Microsoft.Azure.Management.Resources.ResourceManagementClient/2.0.0.0"
        ]
      },
      "ResponseBody": "",
      "ResponseHeaders": {
        "Content-Length": [
          "0"
        ],
        "Expires": [
          "-1"
        ],
        "Pragma": [
          "no-cache"
        ],
        "Retry-After": [
          "15"
        ],
        "x-ms-ratelimit-remaining-subscription-reads": [
          "14984"
        ],
        "x-ms-request-id": [
          "99e85eec-6bee-428d-b8ed-1973481d24b3"
        ],
        "x-ms-correlation-request-id": [
          "99e85eec-6bee-428d-b8ed-1973481d24b3"
        ],
        "x-ms-routing-request-id": [
          "WESTUS2:20180406T170116Z:99e85eec-6bee-428d-b8ed-1973481d24b3"
        ],
        "Strict-Transport-Security": [
          "max-age=31536000; includeSubDomains"
        ],
        "X-Content-Type-Options": [
          "nosniff"
        ],
        "Cache-Control": [
          "no-cache"
        ],
        "Date": [
          "Fri, 06 Apr 2018 17:01:16 GMT"
        ],
        "Location": [
          "https://management.azure.com/subscriptions/c9cbd920-c00c-427c-852b-8aaf38badaeb/operationresults/eyJqb2JJZCI6IlJFU09VUkNFR1JPVVBERUxFVElPTkpPQi1VQUlURzEyMzQ1Ni1DRU5UUkFMVVMiLCJqb2JMb2NhdGlvbiI6ImNlbnRyYWx1cyJ9?api-version=2016-02-01"
        ]
      },
      "StatusCode": 202
    },
    {
      "RequestUri": "/subscriptions/c9cbd920-c00c-427c-852b-8aaf38badaeb/operationresults/eyJqb2JJZCI6IlJFU09VUkNFR1JPVVBERUxFVElPTkpPQi1VQUlURzEyMzQ1Ni1DRU5UUkFMVVMiLCJqb2JMb2NhdGlvbiI6ImNlbnRyYWx1cyJ9?api-version=2016-02-01",
      "EncodedRequestUri": "L3N1YnNjcmlwdGlvbnMvYzljYmQ5MjAtYzAwYy00MjdjLTg1MmItOGFhZjM4YmFkYWViL29wZXJhdGlvbnJlc3VsdHMvZXlKcWIySkpaQ0k2SWxKRlUwOVZVa05GUjFKUFZWQkVSVXhGVkVsUFRrcFBRaTFWUVVsVVJ6RXlNelExTmkxRFJVNVVVa0ZNVlZNaUxDSnFiMkpNYjJOaGRHbHZiaUk2SW1ObGJuUnlZV3gxY3lKOT9hcGktdmVyc2lvbj0yMDE2LTAyLTAx",
      "RequestMethod": "GET",
      "RequestBody": "",
      "RequestHeaders": {
        "x-ms-version": [
          "2016-02-01"
        ],
        "User-Agent": [
          "Microsoft.Azure.Management.Resources.ResourceManagementClient/2.0.0.0"
        ]
      },
      "ResponseBody": "",
      "ResponseHeaders": {
        "Content-Length": [
          "0"
        ],
        "Expires": [
          "-1"
        ],
        "Pragma": [
          "no-cache"
        ],
        "Retry-After": [
          "15"
        ],
        "x-ms-ratelimit-remaining-subscription-reads": [
          "14983"
        ],
        "x-ms-request-id": [
          "7bfcc566-cb53-4a75-b507-ecd2f6dfab14"
        ],
        "x-ms-correlation-request-id": [
          "7bfcc566-cb53-4a75-b507-ecd2f6dfab14"
        ],
        "x-ms-routing-request-id": [
          "WESTUS2:20180406T170131Z:7bfcc566-cb53-4a75-b507-ecd2f6dfab14"
        ],
        "Strict-Transport-Security": [
          "max-age=31536000; includeSubDomains"
        ],
        "X-Content-Type-Options": [
          "nosniff"
        ],
        "Cache-Control": [
          "no-cache"
        ],
        "Date": [
          "Fri, 06 Apr 2018 17:01:30 GMT"
        ],
        "Location": [
          "https://management.azure.com/subscriptions/c9cbd920-c00c-427c-852b-8aaf38badaeb/operationresults/eyJqb2JJZCI6IlJFU09VUkNFR1JPVVBERUxFVElPTkpPQi1VQUlURzEyMzQ1Ni1DRU5UUkFMVVMiLCJqb2JMb2NhdGlvbiI6ImNlbnRyYWx1cyJ9?api-version=2016-02-01"
        ]
      },
      "StatusCode": 202
    },
    {
      "RequestUri": "/subscriptions/c9cbd920-c00c-427c-852b-8aaf38badaeb/operationresults/eyJqb2JJZCI6IlJFU09VUkNFR1JPVVBERUxFVElPTkpPQi1VQUlURzEyMzQ1Ni1DRU5UUkFMVVMiLCJqb2JMb2NhdGlvbiI6ImNlbnRyYWx1cyJ9?api-version=2016-02-01",
      "EncodedRequestUri": "L3N1YnNjcmlwdGlvbnMvYzljYmQ5MjAtYzAwYy00MjdjLTg1MmItOGFhZjM4YmFkYWViL29wZXJhdGlvbnJlc3VsdHMvZXlKcWIySkpaQ0k2SWxKRlUwOVZVa05GUjFKUFZWQkVSVXhGVkVsUFRrcFBRaTFWUVVsVVJ6RXlNelExTmkxRFJVNVVVa0ZNVlZNaUxDSnFiMkpNYjJOaGRHbHZiaUk2SW1ObGJuUnlZV3gxY3lKOT9hcGktdmVyc2lvbj0yMDE2LTAyLTAx",
      "RequestMethod": "GET",
      "RequestBody": "",
      "RequestHeaders": {
        "x-ms-version": [
          "2016-02-01"
        ],
        "User-Agent": [
          "Microsoft.Azure.Management.Resources.ResourceManagementClient/2.0.0.0"
        ]
      },
      "ResponseBody": "",
      "ResponseHeaders": {
        "Content-Length": [
          "0"
        ],
        "Expires": [
          "-1"
        ],
        "Pragma": [
          "no-cache"
        ],
        "Retry-After": [
          "15"
        ],
        "x-ms-ratelimit-remaining-subscription-reads": [
          "14982"
        ],
        "x-ms-request-id": [
          "2462feb3-5100-4890-97f6-b1653a3ababb"
        ],
        "x-ms-correlation-request-id": [
          "2462feb3-5100-4890-97f6-b1653a3ababb"
        ],
        "x-ms-routing-request-id": [
          "WESTUS2:20180406T170146Z:2462feb3-5100-4890-97f6-b1653a3ababb"
        ],
        "Strict-Transport-Security": [
          "max-age=31536000; includeSubDomains"
        ],
        "X-Content-Type-Options": [
          "nosniff"
        ],
        "Cache-Control": [
          "no-cache"
        ],
        "Date": [
          "Fri, 06 Apr 2018 17:01:46 GMT"
        ],
        "Location": [
          "https://management.azure.com/subscriptions/c9cbd920-c00c-427c-852b-8aaf38badaeb/operationresults/eyJqb2JJZCI6IlJFU09VUkNFR1JPVVBERUxFVElPTkpPQi1VQUlURzEyMzQ1Ni1DRU5UUkFMVVMiLCJqb2JMb2NhdGlvbiI6ImNlbnRyYWx1cyJ9?api-version=2016-02-01"
        ]
      },
      "StatusCode": 202
    },
    {
      "RequestUri": "/subscriptions/c9cbd920-c00c-427c-852b-8aaf38badaeb/operationresults/eyJqb2JJZCI6IlJFU09VUkNFR1JPVVBERUxFVElPTkpPQi1VQUlURzEyMzQ1Ni1DRU5UUkFMVVMiLCJqb2JMb2NhdGlvbiI6ImNlbnRyYWx1cyJ9?api-version=2016-02-01",
      "EncodedRequestUri": "L3N1YnNjcmlwdGlvbnMvYzljYmQ5MjAtYzAwYy00MjdjLTg1MmItOGFhZjM4YmFkYWViL29wZXJhdGlvbnJlc3VsdHMvZXlKcWIySkpaQ0k2SWxKRlUwOVZVa05GUjFKUFZWQkVSVXhGVkVsUFRrcFBRaTFWUVVsVVJ6RXlNelExTmkxRFJVNVVVa0ZNVlZNaUxDSnFiMkpNYjJOaGRHbHZiaUk2SW1ObGJuUnlZV3gxY3lKOT9hcGktdmVyc2lvbj0yMDE2LTAyLTAx",
      "RequestMethod": "GET",
      "RequestBody": "",
      "RequestHeaders": {
        "x-ms-version": [
          "2016-02-01"
        ],
        "User-Agent": [
          "Microsoft.Azure.Management.Resources.ResourceManagementClient/2.0.0.0"
        ]
      },
      "ResponseBody": "",
      "ResponseHeaders": {
        "Content-Length": [
          "0"
        ],
        "Expires": [
          "-1"
        ],
        "Pragma": [
          "no-cache"
        ],
        "Retry-After": [
          "15"
        ],
        "x-ms-ratelimit-remaining-subscription-reads": [
          "14981"
        ],
        "x-ms-request-id": [
          "a1a29031-76cc-41d4-b7d4-b672b6860809"
        ],
        "x-ms-correlation-request-id": [
          "a1a29031-76cc-41d4-b7d4-b672b6860809"
        ],
        "x-ms-routing-request-id": [
          "WESTUS2:20180406T170201Z:a1a29031-76cc-41d4-b7d4-b672b6860809"
        ],
        "Strict-Transport-Security": [
          "max-age=31536000; includeSubDomains"
        ],
        "X-Content-Type-Options": [
          "nosniff"
        ],
        "Cache-Control": [
          "no-cache"
        ],
        "Date": [
          "Fri, 06 Apr 2018 17:02:01 GMT"
        ],
        "Location": [
          "https://management.azure.com/subscriptions/c9cbd920-c00c-427c-852b-8aaf38badaeb/operationresults/eyJqb2JJZCI6IlJFU09VUkNFR1JPVVBERUxFVElPTkpPQi1VQUlURzEyMzQ1Ni1DRU5UUkFMVVMiLCJqb2JMb2NhdGlvbiI6ImNlbnRyYWx1cyJ9?api-version=2016-02-01"
        ]
      },
      "StatusCode": 202
    },
    {
      "RequestUri": "/subscriptions/c9cbd920-c00c-427c-852b-8aaf38badaeb/operationresults/eyJqb2JJZCI6IlJFU09VUkNFR1JPVVBERUxFVElPTkpPQi1VQUlURzEyMzQ1Ni1DRU5UUkFMVVMiLCJqb2JMb2NhdGlvbiI6ImNlbnRyYWx1cyJ9?api-version=2016-02-01",
      "EncodedRequestUri": "L3N1YnNjcmlwdGlvbnMvYzljYmQ5MjAtYzAwYy00MjdjLTg1MmItOGFhZjM4YmFkYWViL29wZXJhdGlvbnJlc3VsdHMvZXlKcWIySkpaQ0k2SWxKRlUwOVZVa05GUjFKUFZWQkVSVXhGVkVsUFRrcFBRaTFWUVVsVVJ6RXlNelExTmkxRFJVNVVVa0ZNVlZNaUxDSnFiMkpNYjJOaGRHbHZiaUk2SW1ObGJuUnlZV3gxY3lKOT9hcGktdmVyc2lvbj0yMDE2LTAyLTAx",
      "RequestMethod": "GET",
      "RequestBody": "",
      "RequestHeaders": {
        "x-ms-version": [
          "2016-02-01"
        ],
        "User-Agent": [
          "Microsoft.Azure.Management.Resources.ResourceManagementClient/2.0.0.0"
        ]
      },
      "ResponseBody": "",
      "ResponseHeaders": {
        "Content-Length": [
          "0"
        ],
        "Expires": [
          "-1"
        ],
        "Pragma": [
          "no-cache"
        ],
        "Retry-After": [
          "15"
        ],
        "x-ms-ratelimit-remaining-subscription-reads": [
          "14980"
        ],
        "x-ms-request-id": [
          "bc1855dc-38c1-4715-814e-f9f86307e56c"
        ],
        "x-ms-correlation-request-id": [
          "bc1855dc-38c1-4715-814e-f9f86307e56c"
        ],
        "x-ms-routing-request-id": [
          "WESTUS2:20180406T170216Z:bc1855dc-38c1-4715-814e-f9f86307e56c"
        ],
        "Strict-Transport-Security": [
          "max-age=31536000; includeSubDomains"
        ],
        "X-Content-Type-Options": [
          "nosniff"
        ],
        "Cache-Control": [
          "no-cache"
        ],
        "Date": [
          "Fri, 06 Apr 2018 17:02:16 GMT"
        ],
        "Location": [
          "https://management.azure.com/subscriptions/c9cbd920-c00c-427c-852b-8aaf38badaeb/operationresults/eyJqb2JJZCI6IlJFU09VUkNFR1JPVVBERUxFVElPTkpPQi1VQUlURzEyMzQ1Ni1DRU5UUkFMVVMiLCJqb2JMb2NhdGlvbiI6ImNlbnRyYWx1cyJ9?api-version=2016-02-01"
        ]
      },
      "StatusCode": 202
    },
    {
      "RequestUri": "/subscriptions/c9cbd920-c00c-427c-852b-8aaf38badaeb/operationresults/eyJqb2JJZCI6IlJFU09VUkNFR1JPVVBERUxFVElPTkpPQi1VQUlURzEyMzQ1Ni1DRU5UUkFMVVMiLCJqb2JMb2NhdGlvbiI6ImNlbnRyYWx1cyJ9?api-version=2016-02-01",
      "EncodedRequestUri": "L3N1YnNjcmlwdGlvbnMvYzljYmQ5MjAtYzAwYy00MjdjLTg1MmItOGFhZjM4YmFkYWViL29wZXJhdGlvbnJlc3VsdHMvZXlKcWIySkpaQ0k2SWxKRlUwOVZVa05GUjFKUFZWQkVSVXhGVkVsUFRrcFBRaTFWUVVsVVJ6RXlNelExTmkxRFJVNVVVa0ZNVlZNaUxDSnFiMkpNYjJOaGRHbHZiaUk2SW1ObGJuUnlZV3gxY3lKOT9hcGktdmVyc2lvbj0yMDE2LTAyLTAx",
      "RequestMethod": "GET",
      "RequestBody": "",
      "RequestHeaders": {
        "x-ms-version": [
          "2016-02-01"
        ],
        "User-Agent": [
          "Microsoft.Azure.Management.Resources.ResourceManagementClient/2.0.0.0"
        ]
      },
      "ResponseBody": "",
      "ResponseHeaders": {
        "Content-Length": [
          "0"
        ],
        "Expires": [
          "-1"
        ],
        "Pragma": [
          "no-cache"
        ],
        "Retry-After": [
          "15"
        ],
        "x-ms-ratelimit-remaining-subscription-reads": [
          "14979"
        ],
        "x-ms-request-id": [
          "4f5b9ab1-96f2-4980-86aa-2de764a51eab"
        ],
        "x-ms-correlation-request-id": [
          "4f5b9ab1-96f2-4980-86aa-2de764a51eab"
        ],
        "x-ms-routing-request-id": [
          "WESTUS2:20180406T170231Z:4f5b9ab1-96f2-4980-86aa-2de764a51eab"
        ],
        "Strict-Transport-Security": [
          "max-age=31536000; includeSubDomains"
        ],
        "X-Content-Type-Options": [
          "nosniff"
        ],
        "Cache-Control": [
          "no-cache"
        ],
        "Date": [
          "Fri, 06 Apr 2018 17:02:31 GMT"
        ],
        "Location": [
          "https://management.azure.com/subscriptions/c9cbd920-c00c-427c-852b-8aaf38badaeb/operationresults/eyJqb2JJZCI6IlJFU09VUkNFR1JPVVBERUxFVElPTkpPQi1VQUlURzEyMzQ1Ni1DRU5UUkFMVVMiLCJqb2JMb2NhdGlvbiI6ImNlbnRyYWx1cyJ9?api-version=2016-02-01"
        ]
      },
      "StatusCode": 202
    },
    {
      "RequestUri": "/subscriptions/c9cbd920-c00c-427c-852b-8aaf38badaeb/operationresults/eyJqb2JJZCI6IlJFU09VUkNFR1JPVVBERUxFVElPTkpPQi1VQUlURzEyMzQ1Ni1DRU5UUkFMVVMiLCJqb2JMb2NhdGlvbiI6ImNlbnRyYWx1cyJ9?api-version=2016-02-01",
      "EncodedRequestUri": "L3N1YnNjcmlwdGlvbnMvYzljYmQ5MjAtYzAwYy00MjdjLTg1MmItOGFhZjM4YmFkYWViL29wZXJhdGlvbnJlc3VsdHMvZXlKcWIySkpaQ0k2SWxKRlUwOVZVa05GUjFKUFZWQkVSVXhGVkVsUFRrcFBRaTFWUVVsVVJ6RXlNelExTmkxRFJVNVVVa0ZNVlZNaUxDSnFiMkpNYjJOaGRHbHZiaUk2SW1ObGJuUnlZV3gxY3lKOT9hcGktdmVyc2lvbj0yMDE2LTAyLTAx",
      "RequestMethod": "GET",
      "RequestBody": "",
      "RequestHeaders": {
        "x-ms-version": [
          "2016-02-01"
        ],
        "User-Agent": [
          "Microsoft.Azure.Management.Resources.ResourceManagementClient/2.0.0.0"
        ]
      },
      "ResponseBody": "",
      "ResponseHeaders": {
        "Content-Length": [
          "0"
        ],
        "Expires": [
          "-1"
        ],
        "Pragma": [
          "no-cache"
        ],
        "Retry-After": [
          "15"
        ],
        "x-ms-ratelimit-remaining-subscription-reads": [
          "14978"
        ],
        "x-ms-request-id": [
          "384a1377-4e4e-45bd-82ac-38785bd15a55"
        ],
        "x-ms-correlation-request-id": [
          "384a1377-4e4e-45bd-82ac-38785bd15a55"
        ],
        "x-ms-routing-request-id": [
          "WESTUS2:20180406T170247Z:384a1377-4e4e-45bd-82ac-38785bd15a55"
        ],
        "Strict-Transport-Security": [
          "max-age=31536000; includeSubDomains"
        ],
        "X-Content-Type-Options": [
          "nosniff"
        ],
        "Cache-Control": [
          "no-cache"
        ],
        "Date": [
          "Fri, 06 Apr 2018 17:02:46 GMT"
        ],
        "Location": [
          "https://management.azure.com/subscriptions/c9cbd920-c00c-427c-852b-8aaf38badaeb/operationresults/eyJqb2JJZCI6IlJFU09VUkNFR1JPVVBERUxFVElPTkpPQi1VQUlURzEyMzQ1Ni1DRU5UUkFMVVMiLCJqb2JMb2NhdGlvbiI6ImNlbnRyYWx1cyJ9?api-version=2016-02-01"
        ]
      },
      "StatusCode": 202
    },
    {
      "RequestUri": "/subscriptions/c9cbd920-c00c-427c-852b-8aaf38badaeb/operationresults/eyJqb2JJZCI6IlJFU09VUkNFR1JPVVBERUxFVElPTkpPQi1VQUlURzEyMzQ1Ni1DRU5UUkFMVVMiLCJqb2JMb2NhdGlvbiI6ImNlbnRyYWx1cyJ9?api-version=2016-02-01",
      "EncodedRequestUri": "L3N1YnNjcmlwdGlvbnMvYzljYmQ5MjAtYzAwYy00MjdjLTg1MmItOGFhZjM4YmFkYWViL29wZXJhdGlvbnJlc3VsdHMvZXlKcWIySkpaQ0k2SWxKRlUwOVZVa05GUjFKUFZWQkVSVXhGVkVsUFRrcFBRaTFWUVVsVVJ6RXlNelExTmkxRFJVNVVVa0ZNVlZNaUxDSnFiMkpNYjJOaGRHbHZiaUk2SW1ObGJuUnlZV3gxY3lKOT9hcGktdmVyc2lvbj0yMDE2LTAyLTAx",
      "RequestMethod": "GET",
      "RequestBody": "",
      "RequestHeaders": {
        "x-ms-version": [
          "2016-02-01"
        ],
        "User-Agent": [
          "Microsoft.Azure.Management.Resources.ResourceManagementClient/2.0.0.0"
        ]
      },
      "ResponseBody": "",
      "ResponseHeaders": {
        "Content-Length": [
          "0"
        ],
        "Expires": [
          "-1"
        ],
        "Pragma": [
          "no-cache"
        ],
        "Retry-After": [
          "15"
        ],
        "x-ms-ratelimit-remaining-subscription-reads": [
          "14977"
        ],
        "x-ms-request-id": [
          "05a9069d-73fe-41e1-80db-69df609446fb"
        ],
        "x-ms-correlation-request-id": [
          "05a9069d-73fe-41e1-80db-69df609446fb"
        ],
        "x-ms-routing-request-id": [
          "WESTUS2:20180406T170302Z:05a9069d-73fe-41e1-80db-69df609446fb"
        ],
        "Strict-Transport-Security": [
          "max-age=31536000; includeSubDomains"
        ],
        "X-Content-Type-Options": [
          "nosniff"
        ],
        "Cache-Control": [
          "no-cache"
        ],
        "Date": [
          "Fri, 06 Apr 2018 17:03:01 GMT"
        ],
        "Location": [
          "https://management.azure.com/subscriptions/c9cbd920-c00c-427c-852b-8aaf38badaeb/operationresults/eyJqb2JJZCI6IlJFU09VUkNFR1JPVVBERUxFVElPTkpPQi1VQUlURzEyMzQ1Ni1DRU5UUkFMVVMiLCJqb2JMb2NhdGlvbiI6ImNlbnRyYWx1cyJ9?api-version=2016-02-01"
        ]
      },
      "StatusCode": 202
    },
    {
      "RequestUri": "/subscriptions/c9cbd920-c00c-427c-852b-8aaf38badaeb/operationresults/eyJqb2JJZCI6IlJFU09VUkNFR1JPVVBERUxFVElPTkpPQi1VQUlURzEyMzQ1Ni1DRU5UUkFMVVMiLCJqb2JMb2NhdGlvbiI6ImNlbnRyYWx1cyJ9?api-version=2016-02-01",
      "EncodedRequestUri": "L3N1YnNjcmlwdGlvbnMvYzljYmQ5MjAtYzAwYy00MjdjLTg1MmItOGFhZjM4YmFkYWViL29wZXJhdGlvbnJlc3VsdHMvZXlKcWIySkpaQ0k2SWxKRlUwOVZVa05GUjFKUFZWQkVSVXhGVkVsUFRrcFBRaTFWUVVsVVJ6RXlNelExTmkxRFJVNVVVa0ZNVlZNaUxDSnFiMkpNYjJOaGRHbHZiaUk2SW1ObGJuUnlZV3gxY3lKOT9hcGktdmVyc2lvbj0yMDE2LTAyLTAx",
      "RequestMethod": "GET",
      "RequestBody": "",
      "RequestHeaders": {
        "x-ms-version": [
          "2016-02-01"
        ],
        "User-Agent": [
          "Microsoft.Azure.Management.Resources.ResourceManagementClient/2.0.0.0"
        ]
      },
      "ResponseBody": "",
      "ResponseHeaders": {
        "Content-Length": [
          "0"
        ],
        "Expires": [
          "-1"
        ],
        "Pragma": [
          "no-cache"
        ],
        "Retry-After": [
          "15"
        ],
        "x-ms-ratelimit-remaining-subscription-reads": [
          "14976"
        ],
        "x-ms-request-id": [
          "fde36c6e-5ac0-4e89-8617-57456adaaa39"
        ],
        "x-ms-correlation-request-id": [
          "fde36c6e-5ac0-4e89-8617-57456adaaa39"
        ],
        "x-ms-routing-request-id": [
          "WESTUS2:20180406T170317Z:fde36c6e-5ac0-4e89-8617-57456adaaa39"
        ],
        "Strict-Transport-Security": [
          "max-age=31536000; includeSubDomains"
        ],
        "X-Content-Type-Options": [
          "nosniff"
        ],
        "Cache-Control": [
          "no-cache"
        ],
        "Date": [
          "Fri, 06 Apr 2018 17:03:16 GMT"
        ],
        "Location": [
          "https://management.azure.com/subscriptions/c9cbd920-c00c-427c-852b-8aaf38badaeb/operationresults/eyJqb2JJZCI6IlJFU09VUkNFR1JPVVBERUxFVElPTkpPQi1VQUlURzEyMzQ1Ni1DRU5UUkFMVVMiLCJqb2JMb2NhdGlvbiI6ImNlbnRyYWx1cyJ9?api-version=2016-02-01"
        ]
      },
      "StatusCode": 202
    },
    {
      "RequestUri": "/subscriptions/c9cbd920-c00c-427c-852b-8aaf38badaeb/operationresults/eyJqb2JJZCI6IlJFU09VUkNFR1JPVVBERUxFVElPTkpPQi1VQUlURzEyMzQ1Ni1DRU5UUkFMVVMiLCJqb2JMb2NhdGlvbiI6ImNlbnRyYWx1cyJ9?api-version=2016-02-01",
      "EncodedRequestUri": "L3N1YnNjcmlwdGlvbnMvYzljYmQ5MjAtYzAwYy00MjdjLTg1MmItOGFhZjM4YmFkYWViL29wZXJhdGlvbnJlc3VsdHMvZXlKcWIySkpaQ0k2SWxKRlUwOVZVa05GUjFKUFZWQkVSVXhGVkVsUFRrcFBRaTFWUVVsVVJ6RXlNelExTmkxRFJVNVVVa0ZNVlZNaUxDSnFiMkpNYjJOaGRHbHZiaUk2SW1ObGJuUnlZV3gxY3lKOT9hcGktdmVyc2lvbj0yMDE2LTAyLTAx",
      "RequestMethod": "GET",
      "RequestBody": "",
      "RequestHeaders": {
        "x-ms-version": [
          "2016-02-01"
        ],
        "User-Agent": [
          "Microsoft.Azure.Management.Resources.ResourceManagementClient/2.0.0.0"
        ]
      },
      "ResponseBody": "",
      "ResponseHeaders": {
        "Content-Length": [
          "0"
        ],
        "Expires": [
          "-1"
        ],
        "Pragma": [
          "no-cache"
        ],
        "Retry-After": [
          "15"
        ],
        "x-ms-ratelimit-remaining-subscription-reads": [
          "14974"
        ],
        "x-ms-request-id": [
          "e11c11f7-6288-4ac9-831f-16e59258a772"
        ],
        "x-ms-correlation-request-id": [
          "e11c11f7-6288-4ac9-831f-16e59258a772"
        ],
        "x-ms-routing-request-id": [
          "WESTUS2:20180406T170332Z:e11c11f7-6288-4ac9-831f-16e59258a772"
        ],
        "Strict-Transport-Security": [
          "max-age=31536000; includeSubDomains"
        ],
        "X-Content-Type-Options": [
          "nosniff"
        ],
        "Cache-Control": [
          "no-cache"
        ],
        "Date": [
          "Fri, 06 Apr 2018 17:03:32 GMT"
        ],
        "Location": [
          "https://management.azure.com/subscriptions/c9cbd920-c00c-427c-852b-8aaf38badaeb/operationresults/eyJqb2JJZCI6IlJFU09VUkNFR1JPVVBERUxFVElPTkpPQi1VQUlURzEyMzQ1Ni1DRU5UUkFMVVMiLCJqb2JMb2NhdGlvbiI6ImNlbnRyYWx1cyJ9?api-version=2016-02-01"
        ]
      },
      "StatusCode": 202
    },
    {
      "RequestUri": "/subscriptions/c9cbd920-c00c-427c-852b-8aaf38badaeb/operationresults/eyJqb2JJZCI6IlJFU09VUkNFR1JPVVBERUxFVElPTkpPQi1VQUlURzEyMzQ1Ni1DRU5UUkFMVVMiLCJqb2JMb2NhdGlvbiI6ImNlbnRyYWx1cyJ9?api-version=2016-02-01",
      "EncodedRequestUri": "L3N1YnNjcmlwdGlvbnMvYzljYmQ5MjAtYzAwYy00MjdjLTg1MmItOGFhZjM4YmFkYWViL29wZXJhdGlvbnJlc3VsdHMvZXlKcWIySkpaQ0k2SWxKRlUwOVZVa05GUjFKUFZWQkVSVXhGVkVsUFRrcFBRaTFWUVVsVVJ6RXlNelExTmkxRFJVNVVVa0ZNVlZNaUxDSnFiMkpNYjJOaGRHbHZiaUk2SW1ObGJuUnlZV3gxY3lKOT9hcGktdmVyc2lvbj0yMDE2LTAyLTAx",
      "RequestMethod": "GET",
      "RequestBody": "",
      "RequestHeaders": {
        "x-ms-version": [
          "2016-02-01"
        ],
        "User-Agent": [
          "Microsoft.Azure.Management.Resources.ResourceManagementClient/2.0.0.0"
        ]
      },
      "ResponseBody": "",
      "ResponseHeaders": {
        "Content-Length": [
          "0"
        ],
        "Expires": [
          "-1"
        ],
        "Pragma": [
          "no-cache"
        ],
        "Retry-After": [
          "15"
        ],
        "x-ms-ratelimit-remaining-subscription-reads": [
          "14973"
        ],
        "x-ms-request-id": [
          "e90993fa-59c5-45ba-a949-32550ff64ab9"
        ],
        "x-ms-correlation-request-id": [
          "e90993fa-59c5-45ba-a949-32550ff64ab9"
        ],
        "x-ms-routing-request-id": [
          "WESTUS2:20180406T170347Z:e90993fa-59c5-45ba-a949-32550ff64ab9"
        ],
        "Strict-Transport-Security": [
          "max-age=31536000; includeSubDomains"
        ],
        "X-Content-Type-Options": [
          "nosniff"
        ],
        "Cache-Control": [
          "no-cache"
        ],
        "Date": [
          "Fri, 06 Apr 2018 17:03:46 GMT"
        ],
        "Location": [
          "https://management.azure.com/subscriptions/c9cbd920-c00c-427c-852b-8aaf38badaeb/operationresults/eyJqb2JJZCI6IlJFU09VUkNFR1JPVVBERUxFVElPTkpPQi1VQUlURzEyMzQ1Ni1DRU5UUkFMVVMiLCJqb2JMb2NhdGlvbiI6ImNlbnRyYWx1cyJ9?api-version=2016-02-01"
        ]
      },
      "StatusCode": 202
    },
    {
      "RequestUri": "/subscriptions/c9cbd920-c00c-427c-852b-8aaf38badaeb/operationresults/eyJqb2JJZCI6IlJFU09VUkNFR1JPVVBERUxFVElPTkpPQi1VQUlURzEyMzQ1Ni1DRU5UUkFMVVMiLCJqb2JMb2NhdGlvbiI6ImNlbnRyYWx1cyJ9?api-version=2016-02-01",
      "EncodedRequestUri": "L3N1YnNjcmlwdGlvbnMvYzljYmQ5MjAtYzAwYy00MjdjLTg1MmItOGFhZjM4YmFkYWViL29wZXJhdGlvbnJlc3VsdHMvZXlKcWIySkpaQ0k2SWxKRlUwOVZVa05GUjFKUFZWQkVSVXhGVkVsUFRrcFBRaTFWUVVsVVJ6RXlNelExTmkxRFJVNVVVa0ZNVlZNaUxDSnFiMkpNYjJOaGRHbHZiaUk2SW1ObGJuUnlZV3gxY3lKOT9hcGktdmVyc2lvbj0yMDE2LTAyLTAx",
      "RequestMethod": "GET",
      "RequestBody": "",
      "RequestHeaders": {
        "x-ms-version": [
          "2016-02-01"
        ],
        "User-Agent": [
          "Microsoft.Azure.Management.Resources.ResourceManagementClient/2.0.0.0"
        ]
      },
      "ResponseBody": "",
      "ResponseHeaders": {
        "Content-Length": [
          "0"
        ],
        "Expires": [
          "-1"
        ],
        "Pragma": [
          "no-cache"
        ],
        "Retry-After": [
          "15"
        ],
        "x-ms-ratelimit-remaining-subscription-reads": [
          "14972"
        ],
        "x-ms-request-id": [
          "d9042a26-67f8-4709-9cad-c975a4e90607"
        ],
        "x-ms-correlation-request-id": [
          "d9042a26-67f8-4709-9cad-c975a4e90607"
        ],
        "x-ms-routing-request-id": [
          "WESTUS2:20180406T170402Z:d9042a26-67f8-4709-9cad-c975a4e90607"
        ],
        "Strict-Transport-Security": [
          "max-age=31536000; includeSubDomains"
        ],
        "X-Content-Type-Options": [
          "nosniff"
        ],
        "Cache-Control": [
          "no-cache"
        ],
        "Date": [
          "Fri, 06 Apr 2018 17:04:02 GMT"
        ],
        "Location": [
          "https://management.azure.com/subscriptions/c9cbd920-c00c-427c-852b-8aaf38badaeb/operationresults/eyJqb2JJZCI6IlJFU09VUkNFR1JPVVBERUxFVElPTkpPQi1VQUlURzEyMzQ1Ni1DRU5UUkFMVVMiLCJqb2JMb2NhdGlvbiI6ImNlbnRyYWx1cyJ9?api-version=2016-02-01"
        ]
      },
      "StatusCode": 202
    },
    {
      "RequestUri": "/subscriptions/c9cbd920-c00c-427c-852b-8aaf38badaeb/operationresults/eyJqb2JJZCI6IlJFU09VUkNFR1JPVVBERUxFVElPTkpPQi1VQUlURzEyMzQ1Ni1DRU5UUkFMVVMiLCJqb2JMb2NhdGlvbiI6ImNlbnRyYWx1cyJ9?api-version=2016-02-01",
      "EncodedRequestUri": "L3N1YnNjcmlwdGlvbnMvYzljYmQ5MjAtYzAwYy00MjdjLTg1MmItOGFhZjM4YmFkYWViL29wZXJhdGlvbnJlc3VsdHMvZXlKcWIySkpaQ0k2SWxKRlUwOVZVa05GUjFKUFZWQkVSVXhGVkVsUFRrcFBRaTFWUVVsVVJ6RXlNelExTmkxRFJVNVVVa0ZNVlZNaUxDSnFiMkpNYjJOaGRHbHZiaUk2SW1ObGJuUnlZV3gxY3lKOT9hcGktdmVyc2lvbj0yMDE2LTAyLTAx",
      "RequestMethod": "GET",
      "RequestBody": "",
      "RequestHeaders": {
        "x-ms-version": [
          "2016-02-01"
        ],
        "User-Agent": [
          "Microsoft.Azure.Management.Resources.ResourceManagementClient/2.0.0.0"
        ]
      },
      "ResponseBody": "",
      "ResponseHeaders": {
        "Content-Length": [
          "0"
        ],
        "Expires": [
          "-1"
        ],
        "Pragma": [
          "no-cache"
        ],
        "Retry-After": [
          "15"
        ],
        "x-ms-ratelimit-remaining-subscription-reads": [
          "14971"
        ],
        "x-ms-request-id": [
          "05572d7b-4277-4349-9ebc-a5d51308f02b"
        ],
        "x-ms-correlation-request-id": [
          "05572d7b-4277-4349-9ebc-a5d51308f02b"
        ],
        "x-ms-routing-request-id": [
          "WESTUS2:20180406T170417Z:05572d7b-4277-4349-9ebc-a5d51308f02b"
        ],
        "Strict-Transport-Security": [
          "max-age=31536000; includeSubDomains"
        ],
        "X-Content-Type-Options": [
          "nosniff"
        ],
        "Cache-Control": [
          "no-cache"
        ],
        "Date": [
          "Fri, 06 Apr 2018 17:04:17 GMT"
        ],
        "Location": [
          "https://management.azure.com/subscriptions/c9cbd920-c00c-427c-852b-8aaf38badaeb/operationresults/eyJqb2JJZCI6IlJFU09VUkNFR1JPVVBERUxFVElPTkpPQi1VQUlURzEyMzQ1Ni1DRU5UUkFMVVMiLCJqb2JMb2NhdGlvbiI6ImNlbnRyYWx1cyJ9?api-version=2016-02-01"
        ]
      },
      "StatusCode": 202
    },
    {
      "RequestUri": "/subscriptions/c9cbd920-c00c-427c-852b-8aaf38badaeb/operationresults/eyJqb2JJZCI6IlJFU09VUkNFR1JPVVBERUxFVElPTkpPQi1VQUlURzEyMzQ1Ni1DRU5UUkFMVVMiLCJqb2JMb2NhdGlvbiI6ImNlbnRyYWx1cyJ9?api-version=2016-02-01",
      "EncodedRequestUri": "L3N1YnNjcmlwdGlvbnMvYzljYmQ5MjAtYzAwYy00MjdjLTg1MmItOGFhZjM4YmFkYWViL29wZXJhdGlvbnJlc3VsdHMvZXlKcWIySkpaQ0k2SWxKRlUwOVZVa05GUjFKUFZWQkVSVXhGVkVsUFRrcFBRaTFWUVVsVVJ6RXlNelExTmkxRFJVNVVVa0ZNVlZNaUxDSnFiMkpNYjJOaGRHbHZiaUk2SW1ObGJuUnlZV3gxY3lKOT9hcGktdmVyc2lvbj0yMDE2LTAyLTAx",
      "RequestMethod": "GET",
      "RequestBody": "",
      "RequestHeaders": {
        "x-ms-version": [
          "2016-02-01"
        ],
        "User-Agent": [
          "Microsoft.Azure.Management.Resources.ResourceManagementClient/2.0.0.0"
        ]
      },
      "ResponseBody": "",
      "ResponseHeaders": {
        "Content-Length": [
          "0"
        ],
        "Expires": [
          "-1"
        ],
        "Pragma": [
          "no-cache"
        ],
        "Retry-After": [
          "15"
        ],
        "x-ms-ratelimit-remaining-subscription-reads": [
          "14970"
        ],
        "x-ms-request-id": [
          "7bbc82d7-3f49-427b-821f-fa810bfa9092"
        ],
        "x-ms-correlation-request-id": [
          "7bbc82d7-3f49-427b-821f-fa810bfa9092"
        ],
        "x-ms-routing-request-id": [
          "WESTUS2:20180406T170432Z:7bbc82d7-3f49-427b-821f-fa810bfa9092"
        ],
        "Strict-Transport-Security": [
          "max-age=31536000; includeSubDomains"
        ],
        "X-Content-Type-Options": [
          "nosniff"
        ],
        "Cache-Control": [
          "no-cache"
        ],
        "Date": [
          "Fri, 06 Apr 2018 17:04:32 GMT"
        ],
        "Location": [
          "https://management.azure.com/subscriptions/c9cbd920-c00c-427c-852b-8aaf38badaeb/operationresults/eyJqb2JJZCI6IlJFU09VUkNFR1JPVVBERUxFVElPTkpPQi1VQUlURzEyMzQ1Ni1DRU5UUkFMVVMiLCJqb2JMb2NhdGlvbiI6ImNlbnRyYWx1cyJ9?api-version=2016-02-01"
        ]
      },
      "StatusCode": 202
    },
    {
      "RequestUri": "/subscriptions/c9cbd920-c00c-427c-852b-8aaf38badaeb/operationresults/eyJqb2JJZCI6IlJFU09VUkNFR1JPVVBERUxFVElPTkpPQi1VQUlURzEyMzQ1Ni1DRU5UUkFMVVMiLCJqb2JMb2NhdGlvbiI6ImNlbnRyYWx1cyJ9?api-version=2016-02-01",
      "EncodedRequestUri": "L3N1YnNjcmlwdGlvbnMvYzljYmQ5MjAtYzAwYy00MjdjLTg1MmItOGFhZjM4YmFkYWViL29wZXJhdGlvbnJlc3VsdHMvZXlKcWIySkpaQ0k2SWxKRlUwOVZVa05GUjFKUFZWQkVSVXhGVkVsUFRrcFBRaTFWUVVsVVJ6RXlNelExTmkxRFJVNVVVa0ZNVlZNaUxDSnFiMkpNYjJOaGRHbHZiaUk2SW1ObGJuUnlZV3gxY3lKOT9hcGktdmVyc2lvbj0yMDE2LTAyLTAx",
      "RequestMethod": "GET",
      "RequestBody": "",
      "RequestHeaders": {
        "x-ms-version": [
          "2016-02-01"
        ],
        "User-Agent": [
          "Microsoft.Azure.Management.Resources.ResourceManagementClient/2.0.0.0"
        ]
      },
      "ResponseBody": "",
      "ResponseHeaders": {
        "Content-Length": [
          "0"
        ],
        "Expires": [
          "-1"
        ],
        "Pragma": [
          "no-cache"
        ],
        "Retry-After": [
          "15"
        ],
        "x-ms-ratelimit-remaining-subscription-reads": [
          "14969"
        ],
        "x-ms-request-id": [
          "f4f01e34-be19-4e54-b90d-0f3cc36390ac"
        ],
        "x-ms-correlation-request-id": [
          "f4f01e34-be19-4e54-b90d-0f3cc36390ac"
        ],
        "x-ms-routing-request-id": [
          "WESTUS2:20180406T170448Z:f4f01e34-be19-4e54-b90d-0f3cc36390ac"
        ],
        "Strict-Transport-Security": [
          "max-age=31536000; includeSubDomains"
        ],
        "X-Content-Type-Options": [
          "nosniff"
        ],
        "Cache-Control": [
          "no-cache"
        ],
        "Date": [
          "Fri, 06 Apr 2018 17:04:47 GMT"
        ],
        "Location": [
          "https://management.azure.com/subscriptions/c9cbd920-c00c-427c-852b-8aaf38badaeb/operationresults/eyJqb2JJZCI6IlJFU09VUkNFR1JPVVBERUxFVElPTkpPQi1VQUlURzEyMzQ1Ni1DRU5UUkFMVVMiLCJqb2JMb2NhdGlvbiI6ImNlbnRyYWx1cyJ9?api-version=2016-02-01"
        ]
      },
      "StatusCode": 202
    },
    {
      "RequestUri": "/subscriptions/c9cbd920-c00c-427c-852b-8aaf38badaeb/operationresults/eyJqb2JJZCI6IlJFU09VUkNFR1JPVVBERUxFVElPTkpPQi1VQUlURzEyMzQ1Ni1DRU5UUkFMVVMiLCJqb2JMb2NhdGlvbiI6ImNlbnRyYWx1cyJ9?api-version=2016-02-01",
      "EncodedRequestUri": "L3N1YnNjcmlwdGlvbnMvYzljYmQ5MjAtYzAwYy00MjdjLTg1MmItOGFhZjM4YmFkYWViL29wZXJhdGlvbnJlc3VsdHMvZXlKcWIySkpaQ0k2SWxKRlUwOVZVa05GUjFKUFZWQkVSVXhGVkVsUFRrcFBRaTFWUVVsVVJ6RXlNelExTmkxRFJVNVVVa0ZNVlZNaUxDSnFiMkpNYjJOaGRHbHZiaUk2SW1ObGJuUnlZV3gxY3lKOT9hcGktdmVyc2lvbj0yMDE2LTAyLTAx",
      "RequestMethod": "GET",
      "RequestBody": "",
      "RequestHeaders": {
        "x-ms-version": [
          "2016-02-01"
        ],
        "User-Agent": [
          "Microsoft.Azure.Management.Resources.ResourceManagementClient/2.0.0.0"
        ]
      },
      "ResponseBody": "",
      "ResponseHeaders": {
        "Content-Length": [
          "0"
        ],
        "Expires": [
          "-1"
        ],
        "Pragma": [
          "no-cache"
        ],
        "Retry-After": [
          "15"
        ],
        "x-ms-ratelimit-remaining-subscription-reads": [
          "14968"
        ],
        "x-ms-request-id": [
          "04472295-15e9-436b-bbc4-05d45cb8904f"
        ],
        "x-ms-correlation-request-id": [
          "04472295-15e9-436b-bbc4-05d45cb8904f"
        ],
        "x-ms-routing-request-id": [
          "WESTUS2:20180406T170503Z:04472295-15e9-436b-bbc4-05d45cb8904f"
        ],
        "Strict-Transport-Security": [
          "max-age=31536000; includeSubDomains"
        ],
        "X-Content-Type-Options": [
          "nosniff"
        ],
        "Cache-Control": [
          "no-cache"
        ],
        "Date": [
          "Fri, 06 Apr 2018 17:05:02 GMT"
        ],
        "Location": [
          "https://management.azure.com/subscriptions/c9cbd920-c00c-427c-852b-8aaf38badaeb/operationresults/eyJqb2JJZCI6IlJFU09VUkNFR1JPVVBERUxFVElPTkpPQi1VQUlURzEyMzQ1Ni1DRU5UUkFMVVMiLCJqb2JMb2NhdGlvbiI6ImNlbnRyYWx1cyJ9?api-version=2016-02-01"
        ]
      },
      "StatusCode": 202
    },
    {
      "RequestUri": "/subscriptions/c9cbd920-c00c-427c-852b-8aaf38badaeb/operationresults/eyJqb2JJZCI6IlJFU09VUkNFR1JPVVBERUxFVElPTkpPQi1VQUlURzEyMzQ1Ni1DRU5UUkFMVVMiLCJqb2JMb2NhdGlvbiI6ImNlbnRyYWx1cyJ9?api-version=2016-02-01",
      "EncodedRequestUri": "L3N1YnNjcmlwdGlvbnMvYzljYmQ5MjAtYzAwYy00MjdjLTg1MmItOGFhZjM4YmFkYWViL29wZXJhdGlvbnJlc3VsdHMvZXlKcWIySkpaQ0k2SWxKRlUwOVZVa05GUjFKUFZWQkVSVXhGVkVsUFRrcFBRaTFWUVVsVVJ6RXlNelExTmkxRFJVNVVVa0ZNVlZNaUxDSnFiMkpNYjJOaGRHbHZiaUk2SW1ObGJuUnlZV3gxY3lKOT9hcGktdmVyc2lvbj0yMDE2LTAyLTAx",
      "RequestMethod": "GET",
      "RequestBody": "",
      "RequestHeaders": {
        "x-ms-version": [
          "2016-02-01"
        ],
        "User-Agent": [
          "Microsoft.Azure.Management.Resources.ResourceManagementClient/2.0.0.0"
        ]
      },
      "ResponseBody": "",
      "ResponseHeaders": {
        "Content-Length": [
          "0"
        ],
        "Expires": [
          "-1"
        ],
        "Pragma": [
          "no-cache"
        ],
        "Retry-After": [
          "15"
        ],
        "x-ms-ratelimit-remaining-subscription-reads": [
          "14967"
        ],
        "x-ms-request-id": [
          "1bb96c62-293e-4447-b9d5-700106c688c5"
        ],
        "x-ms-correlation-request-id": [
          "1bb96c62-293e-4447-b9d5-700106c688c5"
        ],
        "x-ms-routing-request-id": [
          "WESTUS2:20180406T170518Z:1bb96c62-293e-4447-b9d5-700106c688c5"
        ],
        "Strict-Transport-Security": [
          "max-age=31536000; includeSubDomains"
        ],
        "X-Content-Type-Options": [
          "nosniff"
        ],
        "Cache-Control": [
          "no-cache"
        ],
        "Date": [
          "Fri, 06 Apr 2018 17:05:17 GMT"
        ],
        "Location": [
          "https://management.azure.com/subscriptions/c9cbd920-c00c-427c-852b-8aaf38badaeb/operationresults/eyJqb2JJZCI6IlJFU09VUkNFR1JPVVBERUxFVElPTkpPQi1VQUlURzEyMzQ1Ni1DRU5UUkFMVVMiLCJqb2JMb2NhdGlvbiI6ImNlbnRyYWx1cyJ9?api-version=2016-02-01"
        ]
      },
      "StatusCode": 202
    },
    {
      "RequestUri": "/subscriptions/c9cbd920-c00c-427c-852b-8aaf38badaeb/operationresults/eyJqb2JJZCI6IlJFU09VUkNFR1JPVVBERUxFVElPTkpPQi1VQUlURzEyMzQ1Ni1DRU5UUkFMVVMiLCJqb2JMb2NhdGlvbiI6ImNlbnRyYWx1cyJ9?api-version=2016-02-01",
      "EncodedRequestUri": "L3N1YnNjcmlwdGlvbnMvYzljYmQ5MjAtYzAwYy00MjdjLTg1MmItOGFhZjM4YmFkYWViL29wZXJhdGlvbnJlc3VsdHMvZXlKcWIySkpaQ0k2SWxKRlUwOVZVa05GUjFKUFZWQkVSVXhGVkVsUFRrcFBRaTFWUVVsVVJ6RXlNelExTmkxRFJVNVVVa0ZNVlZNaUxDSnFiMkpNYjJOaGRHbHZiaUk2SW1ObGJuUnlZV3gxY3lKOT9hcGktdmVyc2lvbj0yMDE2LTAyLTAx",
      "RequestMethod": "GET",
      "RequestBody": "",
      "RequestHeaders": {
        "x-ms-version": [
          "2016-02-01"
        ],
        "User-Agent": [
          "Microsoft.Azure.Management.Resources.ResourceManagementClient/2.0.0.0"
        ]
      },
      "ResponseBody": "",
      "ResponseHeaders": {
        "Content-Length": [
          "0"
        ],
        "Expires": [
          "-1"
        ],
        "Pragma": [
          "no-cache"
        ],
        "Retry-After": [
          "15"
        ],
        "x-ms-ratelimit-remaining-subscription-reads": [
          "14966"
        ],
        "x-ms-request-id": [
          "aa28d28b-02d9-4aa7-9bbb-c1f77674a892"
        ],
        "x-ms-correlation-request-id": [
          "aa28d28b-02d9-4aa7-9bbb-c1f77674a892"
        ],
        "x-ms-routing-request-id": [
          "WESTUS2:20180406T170533Z:aa28d28b-02d9-4aa7-9bbb-c1f77674a892"
        ],
        "Strict-Transport-Security": [
          "max-age=31536000; includeSubDomains"
        ],
        "X-Content-Type-Options": [
          "nosniff"
        ],
        "Cache-Control": [
          "no-cache"
        ],
        "Date": [
          "Fri, 06 Apr 2018 17:05:33 GMT"
        ],
        "Location": [
          "https://management.azure.com/subscriptions/c9cbd920-c00c-427c-852b-8aaf38badaeb/operationresults/eyJqb2JJZCI6IlJFU09VUkNFR1JPVVBERUxFVElPTkpPQi1VQUlURzEyMzQ1Ni1DRU5UUkFMVVMiLCJqb2JMb2NhdGlvbiI6ImNlbnRyYWx1cyJ9?api-version=2016-02-01"
        ]
      },
      "StatusCode": 202
    },
    {
      "RequestUri": "/subscriptions/c9cbd920-c00c-427c-852b-8aaf38badaeb/operationresults/eyJqb2JJZCI6IlJFU09VUkNFR1JPVVBERUxFVElPTkpPQi1VQUlURzEyMzQ1Ni1DRU5UUkFMVVMiLCJqb2JMb2NhdGlvbiI6ImNlbnRyYWx1cyJ9?api-version=2016-02-01",
      "EncodedRequestUri": "L3N1YnNjcmlwdGlvbnMvYzljYmQ5MjAtYzAwYy00MjdjLTg1MmItOGFhZjM4YmFkYWViL29wZXJhdGlvbnJlc3VsdHMvZXlKcWIySkpaQ0k2SWxKRlUwOVZVa05GUjFKUFZWQkVSVXhGVkVsUFRrcFBRaTFWUVVsVVJ6RXlNelExTmkxRFJVNVVVa0ZNVlZNaUxDSnFiMkpNYjJOaGRHbHZiaUk2SW1ObGJuUnlZV3gxY3lKOT9hcGktdmVyc2lvbj0yMDE2LTAyLTAx",
      "RequestMethod": "GET",
      "RequestBody": "",
      "RequestHeaders": {
        "x-ms-version": [
          "2016-02-01"
        ],
        "User-Agent": [
          "Microsoft.Azure.Management.Resources.ResourceManagementClient/2.0.0.0"
        ]
      },
      "ResponseBody": "",
      "ResponseHeaders": {
        "Content-Length": [
          "0"
        ],
        "Expires": [
          "-1"
        ],
        "Pragma": [
          "no-cache"
        ],
        "Retry-After": [
          "15"
        ],
        "x-ms-ratelimit-remaining-subscription-reads": [
          "14964"
        ],
        "x-ms-request-id": [
          "543fce43-851c-4f93-9db2-f038df22a60f"
        ],
        "x-ms-correlation-request-id": [
          "543fce43-851c-4f93-9db2-f038df22a60f"
        ],
        "x-ms-routing-request-id": [
          "WESTUS2:20180406T170548Z:543fce43-851c-4f93-9db2-f038df22a60f"
        ],
        "Strict-Transport-Security": [
          "max-age=31536000; includeSubDomains"
        ],
        "X-Content-Type-Options": [
          "nosniff"
        ],
        "Cache-Control": [
          "no-cache"
        ],
        "Date": [
          "Fri, 06 Apr 2018 17:05:48 GMT"
        ],
        "Location": [
          "https://management.azure.com/subscriptions/c9cbd920-c00c-427c-852b-8aaf38badaeb/operationresults/eyJqb2JJZCI6IlJFU09VUkNFR1JPVVBERUxFVElPTkpPQi1VQUlURzEyMzQ1Ni1DRU5UUkFMVVMiLCJqb2JMb2NhdGlvbiI6ImNlbnRyYWx1cyJ9?api-version=2016-02-01"
        ]
      },
      "StatusCode": 202
    },
    {
      "RequestUri": "/subscriptions/c9cbd920-c00c-427c-852b-8aaf38badaeb/operationresults/eyJqb2JJZCI6IlJFU09VUkNFR1JPVVBERUxFVElPTkpPQi1VQUlURzEyMzQ1Ni1DRU5UUkFMVVMiLCJqb2JMb2NhdGlvbiI6ImNlbnRyYWx1cyJ9?api-version=2016-02-01",
      "EncodedRequestUri": "L3N1YnNjcmlwdGlvbnMvYzljYmQ5MjAtYzAwYy00MjdjLTg1MmItOGFhZjM4YmFkYWViL29wZXJhdGlvbnJlc3VsdHMvZXlKcWIySkpaQ0k2SWxKRlUwOVZVa05GUjFKUFZWQkVSVXhGVkVsUFRrcFBRaTFWUVVsVVJ6RXlNelExTmkxRFJVNVVVa0ZNVlZNaUxDSnFiMkpNYjJOaGRHbHZiaUk2SW1ObGJuUnlZV3gxY3lKOT9hcGktdmVyc2lvbj0yMDE2LTAyLTAx",
      "RequestMethod": "GET",
      "RequestBody": "",
      "RequestHeaders": {
        "x-ms-version": [
          "2016-02-01"
        ],
        "User-Agent": [
          "Microsoft.Azure.Management.Resources.ResourceManagementClient/2.0.0.0"
        ]
      },
      "ResponseBody": "",
      "ResponseHeaders": {
        "Content-Length": [
          "0"
        ],
        "Expires": [
          "-1"
        ],
        "Pragma": [
          "no-cache"
        ],
        "Retry-After": [
          "15"
        ],
        "x-ms-ratelimit-remaining-subscription-reads": [
          "14963"
        ],
        "x-ms-request-id": [
          "78975b57-f4ed-4a91-adaf-64fca53d739f"
        ],
        "x-ms-correlation-request-id": [
          "78975b57-f4ed-4a91-adaf-64fca53d739f"
        ],
        "x-ms-routing-request-id": [
          "WESTUS2:20180406T170603Z:78975b57-f4ed-4a91-adaf-64fca53d739f"
        ],
        "Strict-Transport-Security": [
          "max-age=31536000; includeSubDomains"
        ],
        "X-Content-Type-Options": [
          "nosniff"
        ],
        "Cache-Control": [
          "no-cache"
        ],
        "Date": [
          "Fri, 06 Apr 2018 17:06:03 GMT"
        ],
        "Location": [
          "https://management.azure.com/subscriptions/c9cbd920-c00c-427c-852b-8aaf38badaeb/operationresults/eyJqb2JJZCI6IlJFU09VUkNFR1JPVVBERUxFVElPTkpPQi1VQUlURzEyMzQ1Ni1DRU5UUkFMVVMiLCJqb2JMb2NhdGlvbiI6ImNlbnRyYWx1cyJ9?api-version=2016-02-01"
        ]
      },
      "StatusCode": 202
    },
    {
      "RequestUri": "/subscriptions/c9cbd920-c00c-427c-852b-8aaf38badaeb/operationresults/eyJqb2JJZCI6IlJFU09VUkNFR1JPVVBERUxFVElPTkpPQi1VQUlURzEyMzQ1Ni1DRU5UUkFMVVMiLCJqb2JMb2NhdGlvbiI6ImNlbnRyYWx1cyJ9?api-version=2016-02-01",
      "EncodedRequestUri": "L3N1YnNjcmlwdGlvbnMvYzljYmQ5MjAtYzAwYy00MjdjLTg1MmItOGFhZjM4YmFkYWViL29wZXJhdGlvbnJlc3VsdHMvZXlKcWIySkpaQ0k2SWxKRlUwOVZVa05GUjFKUFZWQkVSVXhGVkVsUFRrcFBRaTFWUVVsVVJ6RXlNelExTmkxRFJVNVVVa0ZNVlZNaUxDSnFiMkpNYjJOaGRHbHZiaUk2SW1ObGJuUnlZV3gxY3lKOT9hcGktdmVyc2lvbj0yMDE2LTAyLTAx",
      "RequestMethod": "GET",
      "RequestBody": "",
      "RequestHeaders": {
        "x-ms-version": [
          "2016-02-01"
        ],
        "User-Agent": [
          "Microsoft.Azure.Management.Resources.ResourceManagementClient/2.0.0.0"
        ]
      },
      "ResponseBody": "",
      "ResponseHeaders": {
        "Content-Length": [
          "0"
        ],
        "Expires": [
          "-1"
        ],
        "Pragma": [
          "no-cache"
        ],
        "Retry-After": [
          "15"
        ],
        "x-ms-ratelimit-remaining-subscription-reads": [
          "14962"
        ],
        "x-ms-request-id": [
          "5e557dd0-1bef-4330-a21a-d7307228d8f7"
        ],
        "x-ms-correlation-request-id": [
          "5e557dd0-1bef-4330-a21a-d7307228d8f7"
        ],
        "x-ms-routing-request-id": [
          "WESTUS2:20180406T170618Z:5e557dd0-1bef-4330-a21a-d7307228d8f7"
        ],
        "Strict-Transport-Security": [
          "max-age=31536000; includeSubDomains"
        ],
        "X-Content-Type-Options": [
          "nosniff"
        ],
        "Cache-Control": [
          "no-cache"
        ],
        "Date": [
          "Fri, 06 Apr 2018 17:06:18 GMT"
        ],
        "Location": [
          "https://management.azure.com/subscriptions/c9cbd920-c00c-427c-852b-8aaf38badaeb/operationresults/eyJqb2JJZCI6IlJFU09VUkNFR1JPVVBERUxFVElPTkpPQi1VQUlURzEyMzQ1Ni1DRU5UUkFMVVMiLCJqb2JMb2NhdGlvbiI6ImNlbnRyYWx1cyJ9?api-version=2016-02-01"
        ]
      },
      "StatusCode": 202
    },
    {
      "RequestUri": "/subscriptions/c9cbd920-c00c-427c-852b-8aaf38badaeb/operationresults/eyJqb2JJZCI6IlJFU09VUkNFR1JPVVBERUxFVElPTkpPQi1VQUlURzEyMzQ1Ni1DRU5UUkFMVVMiLCJqb2JMb2NhdGlvbiI6ImNlbnRyYWx1cyJ9?api-version=2016-02-01",
      "EncodedRequestUri": "L3N1YnNjcmlwdGlvbnMvYzljYmQ5MjAtYzAwYy00MjdjLTg1MmItOGFhZjM4YmFkYWViL29wZXJhdGlvbnJlc3VsdHMvZXlKcWIySkpaQ0k2SWxKRlUwOVZVa05GUjFKUFZWQkVSVXhGVkVsUFRrcFBRaTFWUVVsVVJ6RXlNelExTmkxRFJVNVVVa0ZNVlZNaUxDSnFiMkpNYjJOaGRHbHZiaUk2SW1ObGJuUnlZV3gxY3lKOT9hcGktdmVyc2lvbj0yMDE2LTAyLTAx",
      "RequestMethod": "GET",
      "RequestBody": "",
      "RequestHeaders": {
        "x-ms-version": [
          "2016-02-01"
        ],
        "User-Agent": [
          "Microsoft.Azure.Management.Resources.ResourceManagementClient/2.0.0.0"
        ]
      },
      "ResponseBody": "",
      "ResponseHeaders": {
        "Content-Length": [
          "0"
        ],
        "Expires": [
          "-1"
        ],
        "Pragma": [
          "no-cache"
        ],
        "x-ms-ratelimit-remaining-subscription-reads": [
          "14961"
        ],
        "x-ms-request-id": [
          "5cc976c2-411b-4be0-92cc-16bd8a6e55b8"
        ],
        "x-ms-correlation-request-id": [
          "5cc976c2-411b-4be0-92cc-16bd8a6e55b8"
        ],
        "x-ms-routing-request-id": [
          "WESTUS2:20180406T170634Z:5cc976c2-411b-4be0-92cc-16bd8a6e55b8"
        ],
        "Strict-Transport-Security": [
          "max-age=31536000; includeSubDomains"
        ],
        "X-Content-Type-Options": [
          "nosniff"
        ],
        "Cache-Control": [
          "no-cache"
        ],
        "Date": [
          "Fri, 06 Apr 2018 17:06:33 GMT"
        ]
      },
      "StatusCode": 200
    }
  ],
  "Names": {
    "Test-SimpleNewVmssWithsystemAssignedUserAssignedIdentity": [
      "ps8292"
    ]
  },
  "Variables": {
    "SubscriptionId": "c9cbd920-c00c-427c-852b-8aaf38badaeb"
  }
}