{
  "Entries": [
    {
      "RequestUri": "/subscriptions/47f4bc68-6fe4-43a2-be8b-dfd0e290efa2/providers/Microsoft.Resources?api-version=2016-09-01",
      "EncodedRequestUri": "L3N1YnNjcmlwdGlvbnMvNDdmNGJjNjgtNmZlNC00M2EyLWJlOGItZGZkMGUyOTBlZmEyL3Byb3ZpZGVycy9NaWNyb3NvZnQuUmVzb3VyY2VzP2FwaS12ZXJzaW9uPTIwMTYtMDktMDE=",
      "RequestMethod": "GET",
      "RequestBody": "",
      "RequestHeaders": {
        "x-ms-client-request-id": [
          "2a8076ee-aae3-42fd-876d-bb7d17624382"
        ],
        "Accept-Language": [
          "en-US"
        ],
        "User-Agent": [
          "FxVersion/4.6.27817.01",
          "OSName/Windows",
          "OSVersion/Microsoft.Windows.10.0.18960.",
          "Microsoft.Azure.Management.Internal.Resources.ResourceManagementClient/1.3.2"
        ]
      },
      "ResponseHeaders": {
        "Cache-Control": [
          "no-cache"
        ],
        "Pragma": [
          "no-cache"
        ],
        "x-ms-ratelimit-remaining-subscription-reads": [
          "11999"
        ],
        "x-ms-request-id": [
          "0b7f0015-3a20-45b6-9fa7-bb8de180e479"
        ],
        "x-ms-correlation-request-id": [
          "0b7f0015-3a20-45b6-9fa7-bb8de180e479"
        ],
        "x-ms-routing-request-id": [
          "WESTUS:20191021T183957Z:0b7f0015-3a20-45b6-9fa7-bb8de180e479"
        ],
        "Strict-Transport-Security": [
          "max-age=31536000; includeSubDomains"
        ],
        "X-Content-Type-Options": [
          "nosniff"
        ],
        "Date": [
          "Mon, 21 Oct 2019 18:39:57 GMT"
        ],
        "Content-Type": [
          "application/json; charset=utf-8"
        ],
        "Expires": [
          "-1"
        ],
        "Content-Length": [
          "8844"
        ]
      },
      "ResponseBody": "{\r\n  \"id\": \"/subscriptions/47f4bc68-6fe4-43a2-be8b-dfd0e290efa2/providers/Microsoft.Resources\",\r\n  \"namespace\": \"Microsoft.Resources\",\r\n  \"resourceTypes\": [\r\n    {\r\n      \"resourceType\": \"tenants\",\r\n      \"locations\": [],\r\n      \"apiVersions\": [\r\n        \"2019-05-01\",\r\n        \"2019-04-01\",\r\n        \"2019-03-01\",\r\n        \"2018-11-01\",\r\n        \"2018-09-01\",\r\n        \"2018-08-01\",\r\n        \"2018-07-01\",\r\n        \"2018-05-01\",\r\n        \"2018-02-01\",\r\n        \"2018-01-01\",\r\n        \"2017-08-01\",\r\n        \"2017-06-01\",\r\n        \"2017-05-10\",\r\n        \"2017-05-01\",\r\n        \"2017-03-01\",\r\n        \"2016-09-01\",\r\n        \"2016-07-01\",\r\n        \"2016-06-01\",\r\n        \"2016-02-01\",\r\n        \"2015-11-01\",\r\n        \"2015-01-01\",\r\n        \"2014-04-01-preview\"\r\n      ]\r\n    },\r\n    {\r\n      \"resourceType\": \"locations\",\r\n      \"locations\": [],\r\n      \"apiVersions\": [\r\n        \"2019-05-01\",\r\n        \"2019-04-01\",\r\n        \"2019-03-01\",\r\n        \"2018-11-01\",\r\n        \"2018-09-01\",\r\n        \"2018-08-01\",\r\n        \"2018-07-01\",\r\n        \"2018-05-01\",\r\n        \"2018-02-01\",\r\n        \"2018-01-01\",\r\n        \"2017-08-01\",\r\n        \"2017-06-01\",\r\n        \"2017-05-10\",\r\n        \"2017-05-01\",\r\n        \"2017-03-01\",\r\n        \"2016-09-01\",\r\n        \"2016-07-01\",\r\n        \"2016-06-01\",\r\n        \"2016-02-01\",\r\n        \"2015-11-01\",\r\n        \"2015-01-01\",\r\n        \"2014-04-01-preview\"\r\n      ]\r\n    },\r\n    {\r\n      \"resourceType\": \"operationresults\",\r\n      \"locations\": [],\r\n      \"apiVersions\": [\r\n        \"2019-05-01\",\r\n        \"2019-04-01\",\r\n        \"2019-03-01\",\r\n        \"2018-11-01\",\r\n        \"2018-09-01\",\r\n        \"2018-08-01\",\r\n        \"2018-07-01\",\r\n        \"2018-05-01\",\r\n        \"2018-02-01\",\r\n        \"2018-01-01\",\r\n        \"2017-08-01\",\r\n        \"2017-06-01\",\r\n        \"2017-05-10\",\r\n        \"2017-05-01\",\r\n        \"2017-03-01\",\r\n        \"2016-09-01\",\r\n        \"2016-07-01\",\r\n        \"2016-06-01\",\r\n        \"2016-02-01\",\r\n        \"2015-11-01\",\r\n        \"2015-01-01\",\r\n        \"2014-04-01-preview\"\r\n      ]\r\n    },\r\n    {\r\n      \"resourceType\": \"notifyResourceJobs\",\r\n      \"locations\": [],\r\n      \"apiVersions\": [\r\n        \"2019-05-01\",\r\n        \"2019-04-01\",\r\n        \"2019-03-01\",\r\n        \"2018-11-01\",\r\n        \"2018-09-01\",\r\n        \"2018-08-01\",\r\n        \"2018-07-01\",\r\n        \"2018-05-01\",\r\n        \"2018-02-01\"\r\n      ]\r\n    },\r\n    {\r\n      \"resourceType\": \"tags\",\r\n      \"locations\": [],\r\n      \"apiVersions\": [\r\n        \"2019-05-01\",\r\n        \"2019-04-01\",\r\n        \"2019-03-01\",\r\n        \"2018-11-01\"\r\n      ],\r\n      \"capabilities\": \"SupportsExtension\"\r\n    },\r\n    {\r\n      \"resourceType\": \"checkPolicyCompliance\",\r\n      \"locations\": [],\r\n      \"apiVersions\": [\r\n        \"2019-05-01\",\r\n        \"2019-04-01\",\r\n        \"2019-03-01\",\r\n        \"2018-11-01\",\r\n        \"2018-09-01\",\r\n        \"2018-08-01\",\r\n        \"2018-07-01\",\r\n        \"2018-05-01\",\r\n        \"2018-02-01\",\r\n        \"2018-01-01\",\r\n        \"2017-08-01\",\r\n        \"2017-06-01\",\r\n        \"2017-05-10\",\r\n        \"2017-05-01\",\r\n        \"2017-03-01\",\r\n        \"2016-09-01\",\r\n        \"2016-07-01\",\r\n        \"2016-06-01\",\r\n        \"2016-02-01\",\r\n        \"2015-11-01\",\r\n        \"2015-01-01\",\r\n        \"2014-04-01-preview\"\r\n      ]\r\n    },\r\n    {\r\n      \"resourceType\": \"providers\",\r\n      \"locations\": [],\r\n      \"apiVersions\": [\r\n        \"2019-05-01\",\r\n        \"2019-04-01\",\r\n        \"2019-03-01\",\r\n        \"2018-11-01\",\r\n        \"2018-09-01\",\r\n        \"2018-08-01\",\r\n        \"2018-07-01\",\r\n        \"2018-05-01\",\r\n        \"2018-02-01\",\r\n        \"2018-01-01\",\r\n        \"2017-08-01\",\r\n        \"2017-06-01\",\r\n        \"2017-05-10\",\r\n        \"2017-05-01\",\r\n        \"2017-03-01\",\r\n        \"2016-09-01\",\r\n        \"2016-07-01\",\r\n        \"2016-06-01\",\r\n        \"2016-02-01\",\r\n        \"2015-11-01\",\r\n        \"2015-01-01\",\r\n        \"2014-04-01-preview\"\r\n      ]\r\n    },\r\n    {\r\n      \"resourceType\": \"checkresourcename\",\r\n      \"locations\": [],\r\n      \"apiVersions\": [\r\n        \"2019-05-01\",\r\n        \"2019-04-01\",\r\n        \"2019-03-01\",\r\n        \"2018-11-01\",\r\n        \"2018-09-01\",\r\n        \"2018-08-01\",\r\n        \"2018-07-01\",\r\n        \"2018-05-01\",\r\n        \"2018-02-01\",\r\n        \"2018-01-01\",\r\n        \"2017-08-01\",\r\n        \"2017-06-01\",\r\n        \"2017-05-10\",\r\n        \"2017-05-01\",\r\n        \"2017-03-01\",\r\n        \"2016-09-01\",\r\n        \"2016-07-01\",\r\n        \"2016-06-01\",\r\n        \"2016-02-01\",\r\n        \"2015-11-01\",\r\n        \"2015-01-01\",\r\n        \"2014-04-01-preview\"\r\n      ]\r\n    },\r\n    {\r\n      \"resourceType\": \"resources\",\r\n      \"locations\": [],\r\n      \"apiVersions\": [\r\n        \"2019-05-01\",\r\n        \"2019-04-01\",\r\n        \"2019-03-01\",\r\n        \"2018-11-01\",\r\n        \"2018-09-01\",\r\n        \"2018-08-01\",\r\n        \"2018-07-01\",\r\n        \"2018-05-01\",\r\n        \"2018-02-01\",\r\n        \"2018-01-01\",\r\n        \"2017-08-01\",\r\n        \"2017-06-01\",\r\n        \"2017-05-10\",\r\n        \"2017-05-01\",\r\n        \"2017-03-01\",\r\n        \"2016-09-01\",\r\n        \"2016-07-01\",\r\n        \"2016-06-01\",\r\n        \"2016-02-01\",\r\n        \"2015-11-01\",\r\n        \"2015-01-01\",\r\n        \"2014-04-01-preview\"\r\n      ]\r\n    },\r\n    {\r\n      \"resourceType\": \"subscriptions\",\r\n      \"locations\": [],\r\n      \"apiVersions\": [\r\n        \"2019-05-01\",\r\n        \"2019-04-01\",\r\n        \"2019-03-01\",\r\n        \"2018-11-01\",\r\n        \"2018-09-01\",\r\n        \"2018-08-01\",\r\n        \"2018-07-01\",\r\n        \"2018-05-01\",\r\n        \"2018-02-01\",\r\n        \"2018-01-01\",\r\n        \"2017-08-01\",\r\n        \"2017-06-01\",\r\n        \"2017-05-10\",\r\n        \"2017-05-01\",\r\n        \"2017-03-01\",\r\n        \"2016-09-01\",\r\n        \"2016-07-01\",\r\n        \"2016-06-01\",\r\n        \"2016-02-01\",\r\n        \"2015-11-01\",\r\n        \"2015-01-01\",\r\n        \"2014-04-01-preview\"\r\n      ]\r\n    },\r\n    {\r\n      \"resourceType\": \"subscriptions/resources\",\r\n      \"locations\": [],\r\n      \"apiVersions\": [\r\n        \"2019-05-01\",\r\n        \"2019-04-01\",\r\n        \"2019-03-01\",\r\n        \"2018-11-01\",\r\n        \"2018-09-01\",\r\n        \"2018-08-01\",\r\n        \"2018-07-01\",\r\n        \"2018-05-01\",\r\n        \"2018-02-01\",\r\n        \"2018-01-01\",\r\n        \"2017-08-01\",\r\n        \"2017-06-01\",\r\n        \"2017-05-10\",\r\n        \"2017-05-01\",\r\n        \"2017-03-01\",\r\n        \"2016-09-01\",\r\n        \"2016-07-01\",\r\n        \"2016-06-01\",\r\n        \"2016-02-01\",\r\n        \"2015-11-01\",\r\n        \"2015-01-01\",\r\n        \"2014-04-01-preview\"\r\n      ]\r\n    },\r\n    {\r\n      \"resourceType\": \"subscriptions/providers\",\r\n      \"locations\": [],\r\n      \"apiVersions\": [\r\n        \"2019-05-01\",\r\n        \"2019-04-01\",\r\n        \"2019-03-01\",\r\n        \"2018-11-01\",\r\n        \"2018-09-01\",\r\n        \"2018-08-01\",\r\n        \"2018-07-01\",\r\n        \"2018-05-01\",\r\n        \"2018-02-01\",\r\n        \"2018-01-01\",\r\n        \"2017-08-01\",\r\n        \"2017-06-01\",\r\n        \"2017-05-10\",\r\n        \"2017-05-01\",\r\n        \"2017-03-01\",\r\n        \"2016-09-01\",\r\n        \"2016-07-01\",\r\n        \"2016-06-01\",\r\n        \"2016-02-01\",\r\n        \"2015-11-01\",\r\n        \"2015-01-01\",\r\n        \"2014-04-01-preview\"\r\n      ]\r\n    },\r\n    {\r\n      \"resourceType\": \"subscriptions/operationresults\",\r\n      \"locations\": [],\r\n      \"apiVersions\": [\r\n        \"2019-05-01\",\r\n        \"2019-04-01\",\r\n        \"2019-03-01\",\r\n        \"2018-11-01\",\r\n        \"2018-09-01\",\r\n        \"2018-08-01\",\r\n        \"2018-07-01\",\r\n        \"2018-05-01\",\r\n        \"2018-02-01\",\r\n        \"2018-01-01\",\r\n        \"2017-08-01\",\r\n        \"2017-06-01\",\r\n        \"2017-05-10\",\r\n        \"2017-05-01\",\r\n        \"2017-03-01\",\r\n        \"2016-09-01\",\r\n        \"2016-07-01\",\r\n        \"2016-06-01\",\r\n        \"2016-02-01\",\r\n        \"2015-11-01\",\r\n        \"2015-01-01\",\r\n        \"2014-04-01-preview\"\r\n      ]\r\n    },\r\n    {\r\n      \"resourceType\": \"resourceGroups\",\r\n      \"locations\": [\r\n        \"Central US\",\r\n        \"East Asia\",\r\n        \"Southeast Asia\",\r\n        \"East US\",\r\n        \"East US 2\",\r\n        \"West US\",\r\n        \"West US 2\",\r\n        \"North Central US\",\r\n        \"South Central US\",\r\n        \"West Central US\",\r\n        \"North Europe\",\r\n        \"West Europe\",\r\n        \"Japan East\",\r\n        \"Japan West\",\r\n        \"Brazil South\",\r\n        \"Australia Southeast\",\r\n        \"Australia East\",\r\n        \"West India\",\r\n        \"South India\",\r\n        \"Central India\",\r\n        \"Canada Central\",\r\n        \"Canada East\",\r\n        \"UK South\",\r\n        \"UK West\",\r\n        \"Korea Central\",\r\n        \"Korea South\",\r\n        \"France Central\",\r\n        \"South Africa North\",\r\n        \"UAE North\",\r\n        \"Australia Central\",\r\n        \"East US 2 EUAP\",\r\n        \"Central US EUAP\"\r\n      ],\r\n      \"apiVersions\": [\r\n        \"2019-05-01\",\r\n        \"2019-04-01\",\r\n        \"2019-03-01\",\r\n        \"2018-11-01\",\r\n        \"2018-09-01\",\r\n        \"2018-08-01\",\r\n        \"2018-07-01\",\r\n        \"2018-05-01\",\r\n        \"2018-02-01\",\r\n        \"2018-01-01\",\r\n        \"2017-08-01\",\r\n        \"2017-06-01\",\r\n        \"2017-05-10\",\r\n        \"2017-05-01\",\r\n        \"2017-03-01\",\r\n        \"2016-09-01\",\r\n        \"2016-07-01\",\r\n        \"2016-06-01\",\r\n        \"2016-02-01\",\r\n        \"2015-11-01\",\r\n        \"2015-01-01\",\r\n        \"2014-04-01-preview\"\r\n      ]\r\n    },\r\n    {\r\n      \"resourceType\": \"subscriptions/resourceGroups\",\r\n      \"locations\": [\r\n        \"Central US\",\r\n        \"East Asia\",\r\n        \"Southeast Asia\",\r\n        \"East US\",\r\n        \"East US 2\",\r\n        \"West US\",\r\n        \"West US 2\",\r\n        \"North Central US\",\r\n        \"South Central US\",\r\n        \"West Central US\",\r\n        \"North Europe\",\r\n        \"West Europe\",\r\n        \"Japan East\",\r\n        \"Japan West\",\r\n        \"Brazil South\",\r\n        \"Australia Southeast\",\r\n        \"Australia East\",\r\n        \"West India\",\r\n        \"South India\",\r\n        \"Central India\",\r\n        \"Canada Central\",\r\n        \"Canada East\",\r\n        \"UK South\",\r\n        \"UK West\",\r\n        \"Korea Central\",\r\n        \"Korea South\",\r\n        \"France Central\",\r\n        \"South Africa North\",\r\n        \"UAE North\",\r\n        \"Australia Central\",\r\n        \"East US 2 EUAP\",\r\n        \"Central US EUAP\"\r\n      ],\r\n      \"apiVersions\": [\r\n        \"2019-05-01\",\r\n        \"2019-04-01\",\r\n        \"2019-03-01\",\r\n        \"2018-11-01\",\r\n        \"2018-09-01\",\r\n        \"2018-08-01\",\r\n        \"2018-07-01\",\r\n        \"2018-05-01\",\r\n        \"2018-02-01\",\r\n        \"2018-01-01\",\r\n        \"2017-08-01\",\r\n        \"2017-06-01\",\r\n        \"2017-05-10\",\r\n        \"2017-05-01\",\r\n        \"2017-03-01\",\r\n        \"2016-09-01\",\r\n        \"2016-07-01\",\r\n        \"2016-06-01\",\r\n        \"2016-02-01\",\r\n        \"2015-11-01\",\r\n        \"2015-01-01\",\r\n        \"2014-04-01-preview\"\r\n      ]\r\n    },\r\n    {\r\n      \"resourceType\": \"subscriptions/resourcegroups/resources\",\r\n      \"locations\": [],\r\n      \"apiVersions\": [\r\n        \"2019-05-01\",\r\n        \"2019-04-01\",\r\n        \"2019-03-01\",\r\n        \"2018-11-01\",\r\n        \"2018-09-01\",\r\n        \"2018-08-01\",\r\n        \"2018-07-01\",\r\n        \"2018-05-01\",\r\n        \"2018-02-01\",\r\n        \"2018-01-01\",\r\n        \"2017-08-01\",\r\n        \"2017-06-01\",\r\n        \"2017-05-10\",\r\n        \"2017-05-01\",\r\n        \"2017-03-01\",\r\n        \"2016-09-01\",\r\n        \"2016-07-01\",\r\n        \"2016-06-01\",\r\n        \"2016-02-01\",\r\n        \"2015-11-01\",\r\n        \"2015-01-01\",\r\n        \"2014-04-01-preview\"\r\n      ]\r\n    },\r\n    {\r\n      \"resourceType\": \"subscriptions/locations\",\r\n      \"locations\": [],\r\n      \"apiVersions\": [\r\n        \"2019-05-01\",\r\n        \"2019-04-01\",\r\n        \"2019-03-01\",\r\n        \"2018-11-01\",\r\n        \"2018-09-01\",\r\n        \"2018-08-01\",\r\n        \"2018-07-01\",\r\n        \"2018-05-01\",\r\n        \"2018-02-01\",\r\n        \"2018-01-01\",\r\n        \"2017-08-01\",\r\n        \"2017-06-01\",\r\n        \"2017-05-10\",\r\n        \"2017-05-01\",\r\n        \"2017-03-01\",\r\n        \"2016-09-01\",\r\n        \"2016-07-01\",\r\n        \"2016-06-01\",\r\n        \"2016-02-01\",\r\n        \"2015-11-01\",\r\n        \"2015-01-01\",\r\n        \"2014-04-01-preview\"\r\n      ]\r\n    },\r\n    {\r\n      \"resourceType\": \"subscriptions/tagnames\",\r\n      \"locations\": [],\r\n      \"apiVersions\": [\r\n        \"2019-05-01\",\r\n        \"2019-04-01\",\r\n        \"2019-03-01\",\r\n        \"2018-11-01\",\r\n        \"2018-09-01\",\r\n        \"2018-08-01\",\r\n        \"2018-07-01\",\r\n        \"2018-05-01\",\r\n        \"2018-02-01\",\r\n        \"2018-01-01\",\r\n        \"2017-08-01\",\r\n        \"2017-06-01\",\r\n        \"2017-05-10\",\r\n        \"2017-05-01\",\r\n        \"2017-03-01\",\r\n        \"2016-09-01\",\r\n        \"2016-07-01\",\r\n        \"2016-06-01\",\r\n        \"2016-02-01\",\r\n        \"2015-11-01\",\r\n        \"2015-01-01\",\r\n        \"2014-04-01-preview\"\r\n      ]\r\n    },\r\n    {\r\n      \"resourceType\": \"subscriptions/tagNames/tagValues\",\r\n      \"locations\": [],\r\n      \"apiVersions\": [\r\n        \"2019-05-01\",\r\n        \"2019-04-01\",\r\n        \"2019-03-01\",\r\n        \"2018-11-01\",\r\n        \"2018-09-01\",\r\n        \"2018-08-01\",\r\n        \"2018-07-01\",\r\n        \"2018-05-01\",\r\n        \"2018-02-01\",\r\n        \"2018-01-01\",\r\n        \"2017-08-01\",\r\n        \"2017-06-01\",\r\n        \"2017-05-10\",\r\n        \"2017-05-01\",\r\n        \"2017-03-01\",\r\n        \"2016-09-01\",\r\n        \"2016-07-01\",\r\n        \"2016-06-01\",\r\n        \"2016-02-01\",\r\n        \"2015-11-01\",\r\n        \"2015-01-01\",\r\n        \"2014-04-01-preview\"\r\n      ]\r\n    },\r\n    {\r\n      \"resourceType\": \"deployments\",\r\n      \"locations\": [],\r\n      \"apiVersions\": [\r\n        \"2019-05-01\",\r\n        \"2019-04-01\",\r\n        \"2019-03-01\",\r\n        \"2018-11-01\",\r\n        \"2018-09-01\",\r\n        \"2018-08-01\",\r\n        \"2018-07-01\",\r\n        \"2018-05-01\",\r\n        \"2018-02-01\",\r\n        \"2018-01-01\",\r\n        \"2017-08-01\",\r\n        \"2017-06-01\",\r\n        \"2017-05-10\",\r\n        \"2017-05-01\",\r\n        \"2017-03-01\",\r\n        \"2016-09-01\",\r\n        \"2016-07-01\",\r\n        \"2016-06-01\",\r\n        \"2016-02-01\",\r\n        \"2015-11-01\",\r\n        \"2015-01-01\",\r\n        \"2014-04-01-preview\"\r\n      ]\r\n    },\r\n    {\r\n      \"resourceType\": \"deployments/operations\",\r\n      \"locations\": [],\r\n      \"apiVersions\": [\r\n        \"2019-05-01\",\r\n        \"2019-04-01\",\r\n        \"2019-03-01\",\r\n        \"2018-11-01\",\r\n        \"2018-09-01\",\r\n        \"2018-08-01\",\r\n        \"2018-07-01\",\r\n        \"2018-05-01\",\r\n        \"2018-02-01\",\r\n        \"2018-01-01\",\r\n        \"2017-08-01\",\r\n        \"2017-06-01\",\r\n        \"2017-05-10\",\r\n        \"2017-05-01\",\r\n        \"2017-03-01\",\r\n        \"2016-09-01\",\r\n        \"2016-07-01\",\r\n        \"2016-06-01\",\r\n        \"2016-02-01\",\r\n        \"2015-11-01\",\r\n        \"2015-01-01\",\r\n        \"2014-04-01-preview\"\r\n      ]\r\n    },\r\n    {\r\n      \"resourceType\": \"links\",\r\n      \"locations\": [],\r\n      \"apiVersions\": [\r\n        \"2019-05-01\",\r\n        \"2019-04-01\",\r\n        \"2019-03-01\",\r\n        \"2018-11-01\",\r\n        \"2018-09-01\",\r\n        \"2018-08-01\",\r\n        \"2018-07-01\",\r\n        \"2018-05-01\",\r\n        \"2018-02-01\",\r\n        \"2018-01-01\",\r\n        \"2017-08-01\",\r\n        \"2017-06-01\",\r\n        \"2017-05-10\",\r\n        \"2017-05-01\",\r\n        \"2017-03-01\",\r\n        \"2016-09-01\",\r\n        \"2016-07-01\",\r\n        \"2016-06-01\",\r\n        \"2016-02-01\",\r\n        \"2015-11-01\",\r\n        \"2015-01-01\",\r\n        \"2014-04-01-preview\"\r\n      ],\r\n      \"capabilities\": \"SupportsExtension\"\r\n    },\r\n    {\r\n      \"resourceType\": \"operations\",\r\n      \"locations\": [],\r\n      \"apiVersions\": [\r\n        \"2015-01-01\"\r\n      ]\r\n    }\r\n  ],\r\n  \"registrationState\": \"Registered\"\r\n}",
      "StatusCode": 200
    },
    {
      "RequestUri": "/subscriptions/47f4bc68-6fe4-43a2-be8b-dfd0e290efa2/resourcegroups/ps9760?api-version=2016-09-01",
      "EncodedRequestUri": "L3N1YnNjcmlwdGlvbnMvNDdmNGJjNjgtNmZlNC00M2EyLWJlOGItZGZkMGUyOTBlZmEyL3Jlc291cmNlZ3JvdXBzL3BzOTc2MD9hcGktdmVyc2lvbj0yMDE2LTA5LTAx",
      "RequestMethod": "PUT",
      "RequestBody": "{\r\n  \"location\": \"West US\"\r\n}",
      "RequestHeaders": {
        "x-ms-client-request-id": [
          "7ba7d30a-d412-432f-8e7c-34af3301e5b2"
        ],
        "Accept-Language": [
          "en-US"
        ],
        "User-Agent": [
          "FxVersion/4.6.27817.01",
          "OSName/Windows",
          "OSVersion/Microsoft.Windows.10.0.18960.",
          "Microsoft.Azure.Management.Internal.Resources.ResourceManagementClient/1.3.2"
        ],
        "Content-Type": [
          "application/json; charset=utf-8"
        ],
        "Content-Length": [
          "29"
        ]
      },
      "ResponseHeaders": {
        "Cache-Control": [
          "no-cache"
        ],
        "Pragma": [
          "no-cache"
        ],
        "x-ms-ratelimit-remaining-subscription-writes": [
          "1199"
        ],
        "x-ms-request-id": [
          "21f46ddb-44fe-4aa2-b842-c43c86e9b1b7"
        ],
        "x-ms-correlation-request-id": [
          "21f46ddb-44fe-4aa2-b842-c43c86e9b1b7"
        ],
        "x-ms-routing-request-id": [
          "WESTUS:20191021T183958Z:21f46ddb-44fe-4aa2-b842-c43c86e9b1b7"
        ],
        "Strict-Transport-Security": [
          "max-age=31536000; includeSubDomains"
        ],
        "X-Content-Type-Options": [
          "nosniff"
        ],
        "Date": [
          "Mon, 21 Oct 2019 18:39:58 GMT"
        ],
        "Content-Length": [
          "165"
        ],
        "Content-Type": [
          "application/json; charset=utf-8"
        ],
        "Expires": [
          "-1"
        ]
      },
      "ResponseBody": "{\r\n  \"id\": \"/subscriptions/47f4bc68-6fe4-43a2-be8b-dfd0e290efa2/resourceGroups/ps9760\",\r\n  \"name\": \"ps9760\",\r\n  \"location\": \"westus\",\r\n  \"properties\": {\r\n    \"provisioningState\": \"Succeeded\"\r\n  }\r\n}",
      "StatusCode": 201
    },
    {
      "RequestUri": "/subscriptions/47f4bc68-6fe4-43a2-be8b-dfd0e290efa2/resourceGroups/ps9760/providers/Microsoft.Network/frontDoors?api-version=2019-05-01",
      "EncodedRequestUri": "L3N1YnNjcmlwdGlvbnMvNDdmNGJjNjgtNmZlNC00M2EyLWJlOGItZGZkMGUyOTBlZmEyL3Jlc291cmNlR3JvdXBzL3BzOTc2MC9wcm92aWRlcnMvTWljcm9zb2Z0Lk5ldHdvcmsvZnJvbnREb29ycz9hcGktdmVyc2lvbj0yMDE5LTA1LTAx",
      "RequestMethod": "GET",
      "RequestBody": "",
      "RequestHeaders": {
        "x-ms-client-request-id": [
          "ddebe0f1-33a3-4981-ab10-19e7862a9b48"
        ],
        "Accept-Language": [
          "en-US"
        ],
        "User-Agent": [
          "FxVersion/4.6.27817.01",
          "OSName/Windows",
          "OSVersion/Microsoft.Windows.10.0.18960.",
          "Microsoft.Azure.Management.FrontDoor.FrontDoorManagementClient/1.0.0.0"
        ]
      },
      "ResponseHeaders": {
        "Cache-Control": [
          "no-cache"
        ],
        "Pragma": [
          "no-cache"
        ],
        "x-ms-request-id": [
          "720df101-f4db-4d85-801c-7a61fb635bb1"
        ],
        "x-ms-client-request-id": [
          "ddebe0f1-33a3-4981-ab10-19e7862a9b48"
        ],
        "OData-Version": [
          "4.0"
        ],
        "Strict-Transport-Security": [
          "max-age=31536000; includeSubDomains"
        ],
        "Server": [
          "Microsoft-IIS/8.5"
        ],
        "X-AspNet-Version": [
          "4.0.30319"
        ],
        "X-Powered-By": [
          "ASP.NET"
        ],
        "x-ms-ratelimit-remaining-subscription-reads": [
          "11999"
        ],
        "x-ms-correlation-request-id": [
          "2c922ba1-7017-40bb-bdb0-5161df2bed37"
        ],
        "x-ms-routing-request-id": [
          "WESTUS:20191021T184000Z:2c922ba1-7017-40bb-bdb0-5161df2bed37"
        ],
        "X-Content-Type-Options": [
          "nosniff"
        ],
        "Date": [
          "Mon, 21 Oct 2019 18:39:59 GMT"
        ],
        "Content-Length": [
          "28"
        ],
        "Content-Type": [
          "application/json; odata.metadata=minimal; odata.streaming=true"
        ],
        "Expires": [
          "-1"
        ]
      },
      "ResponseBody": "{\r\n  \"value\": []\r\n}",
      "StatusCode": 200
    },
    {
      "RequestUri": "/subscriptions/47f4bc68-6fe4-43a2-be8b-dfd0e290efa2/resourceGroups/ps9760/providers/Microsoft.Network/frontDoors?api-version=2019-05-01",
      "EncodedRequestUri": "L3N1YnNjcmlwdGlvbnMvNDdmNGJjNjgtNmZlNC00M2EyLWJlOGItZGZkMGUyOTBlZmEyL3Jlc291cmNlR3JvdXBzL3BzOTc2MC9wcm92aWRlcnMvTWljcm9zb2Z0Lk5ldHdvcmsvZnJvbnREb29ycz9hcGktdmVyc2lvbj0yMDE5LTA1LTAx",
      "RequestMethod": "GET",
      "RequestBody": "",
      "RequestHeaders": {
        "x-ms-client-request-id": [
          "44077b91-de63-4be7-a17b-6fc3f1639d9d"
        ],
        "Accept-Language": [
          "en-US"
        ],
        "User-Agent": [
          "FxVersion/4.6.27817.01",
          "OSName/Windows",
          "OSVersion/Microsoft.Windows.10.0.18960.",
          "Microsoft.Azure.Management.FrontDoor.FrontDoorManagementClient/1.0.0.0"
        ]
      },
      "ResponseHeaders": {
        "Cache-Control": [
          "no-cache"
        ],
        "Pragma": [
          "no-cache"
        ],
        "x-ms-request-id": [
          "9a76d383-4bca-4f20-89ef-bffa9ff5f307"
        ],
        "x-ms-client-request-id": [
          "44077b91-de63-4be7-a17b-6fc3f1639d9d"
        ],
        "OData-Version": [
          "4.0"
        ],
        "Strict-Transport-Security": [
          "max-age=31536000; includeSubDomains"
        ],
        "Server": [
          "Microsoft-IIS/8.5"
        ],
        "X-AspNet-Version": [
          "4.0.30319"
        ],
        "X-Powered-By": [
          "ASP.NET"
        ],
        "x-ms-ratelimit-remaining-subscription-reads": [
          "11994"
        ],
        "x-ms-correlation-request-id": [
          "11ac9531-b78a-419c-908b-9ee366515adb"
        ],
        "x-ms-routing-request-id": [
          "WESTUS:20191021T184026Z:11ac9531-b78a-419c-908b-9ee366515adb"
        ],
        "X-Content-Type-Options": [
          "nosniff"
        ],
        "Date": [
          "Mon, 21 Oct 2019 18:40:25 GMT"
        ],
        "Content-Length": [
          "4508"
        ],
        "Content-Type": [
          "application/json; odata.metadata=minimal; odata.streaming=true"
        ],
        "Expires": [
          "-1"
        ]
      },
      "ResponseBody": "{\r\n  \"value\": [\r\n    {\r\n      \"name\": \"ps3438\",\r\n      \"id\": \"/subscriptions/47f4bc68-6fe4-43a2-be8b-dfd0e290efa2/resourcegroups/ps9760/providers/Microsoft.Network/frontdoors/ps3438\",\r\n      \"type\": \"Microsoft.Network/frontdoors\",\r\n      \"tags\": {\r\n        \"tag1\": \"value1\",\r\n        \"tag2\": \"value2\"\r\n      },\r\n      \"location\": \"Global\",\r\n      \"properties\": {\r\n        \"provisioningState\": \"Succeeded\",\r\n        \"resourceState\": \"Enabled\",\r\n        \"backendPools\": [\r\n          {\r\n            \"id\": \"/subscriptions/47f4bc68-6fe4-43a2-be8b-dfd0e290efa2/resourcegroups/ps9760/providers/Microsoft.Network/Frontdoors/ps3438/BackendPools/backendpool1\",\r\n            \"name\": \"backendpool1\",\r\n            \"type\": \"Microsoft.Network/Frontdoors/BackendPools\",\r\n            \"properties\": {\r\n              \"backends\": [\r\n                {\r\n                  \"address\": \"contoso1.azurewebsites.net\",\r\n                  \"httpPort\": 80,\r\n                  \"httpsPort\": 443,\r\n                  \"priority\": 1,\r\n                  \"weight\": 50,\r\n                  \"backendHostHeader\": \"contoso1.azurewebsites.net\",\r\n                  \"enabledState\": \"Enabled\"\r\n                }\r\n              ],\r\n              \"healthProbeSettings\": {\r\n                \"id\": \"/subscriptions/47f4bc68-6fe4-43a2-be8b-dfd0e290efa2/resourceGroups/ps9760/providers/Microsoft.Network/frontDoors/ps3438/HealthProbeSettings/healthProbeSetting1\"\r\n              },\r\n              \"loadBalancingSettings\": {\r\n                \"id\": \"/subscriptions/47f4bc68-6fe4-43a2-be8b-dfd0e290efa2/resourceGroups/ps9760/providers/Microsoft.Network/frontDoors/ps3438/LoadBalancingSettings/loadBalancingSetting1\"\r\n              },\r\n              \"resourceState\": \"Enabled\"\r\n            }\r\n          }\r\n        ],\r\n        \"healthProbeSettings\": [\r\n          {\r\n            \"id\": \"/subscriptions/47f4bc68-6fe4-43a2-be8b-dfd0e290efa2/resourcegroups/ps9760/providers/Microsoft.Network/Frontdoors/ps3438/HealthProbeSettings/healthProbeSetting1\",\r\n            \"name\": \"healthProbeSetting1\",\r\n            \"type\": \"Microsoft.Network/Frontdoors/HealthProbeSettings\",\r\n            \"properties\": {\r\n              \"intervalInSeconds\": 30,\r\n              \"path\": \"/\",\r\n              \"protocol\": \"Http\",\r\n              \"resourceState\": \"Enabled\",\r\n              \"enabledState\": \"Disabled\",\r\n              \"healthProbeMethod\": \"Head\"\r\n            }\r\n          }\r\n        ],\r\n        \"frontendEndpoints\": [\r\n          {\r\n            \"id\": \"/subscriptions/47f4bc68-6fe4-43a2-be8b-dfd0e290efa2/resourcegroups/ps9760/providers/Microsoft.Network/Frontdoors/ps3438/FrontendEndpoints/frontendendpoint1\",\r\n            \"name\": \"frontendendpoint1\",\r\n            \"type\": \"Microsoft.Network/Frontdoors/FrontendEndpoints\",\r\n            \"properties\": {\r\n              \"hostName\": \"ps3438.azurefd.net\",\r\n              \"sessionAffinityEnabledState\": \"Disabled\",\r\n              \"sessionAffinityTtlSeconds\": 0,\r\n              \"webApplicationFirewallPolicyLink\": null,\r\n              \"customHttpsProvisioningState\": null,\r\n              \"customHttpsProvisioningSubstate\": null,\r\n              \"customHttpsConfiguration\": null,\r\n              \"resourceState\": \"Enabled\"\r\n            }\r\n          }\r\n        ],\r\n        \"loadBalancingSettings\": [\r\n          {\r\n            \"id\": \"/subscriptions/47f4bc68-6fe4-43a2-be8b-dfd0e290efa2/resourcegroups/ps9760/providers/Microsoft.Network/Frontdoors/ps3438/LoadBalancingSettings/loadbalancingsetting1\",\r\n            \"name\": \"loadbalancingsetting1\",\r\n            \"type\": \"Microsoft.Network/Frontdoors/LoadBalancingSettings\",\r\n            \"properties\": {\r\n              \"additionalLatencyMilliseconds\": 0,\r\n              \"sampleSize\": 4,\r\n              \"successfulSamplesRequired\": 2,\r\n              \"resourceState\": \"Enabled\"\r\n            }\r\n          }\r\n        ],\r\n        \"routingRules\": [\r\n          {\r\n            \"id\": \"/subscriptions/47f4bc68-6fe4-43a2-be8b-dfd0e290efa2/resourcegroups/ps9760/providers/Microsoft.Network/Frontdoors/ps3438/RoutingRules/routingrule1\",\r\n            \"name\": \"routingrule1\",\r\n            \"type\": \"Microsoft.Network/Frontdoors/RoutingRules\",\r\n            \"properties\": {\r\n              \"frontendEndpoints\": [\r\n                {\r\n                  \"id\": \"/subscriptions/47f4bc68-6fe4-43a2-be8b-dfd0e290efa2/resourceGroups/ps9760/providers/Microsoft.Network/frontDoors/ps3438/FrontendEndpoints/frontendEndpoint1\"\r\n                }\r\n              ],\r\n              \"acceptedProtocols\": [\r\n                \"Http\",\r\n                \"Https\"\r\n              ],\r\n              \"patternsToMatch\": [\r\n                \"/*\"\r\n              ],\r\n              \"enabledState\": \"Enabled\",\r\n              \"resourceState\": \"Enabled\",\r\n              \"routeConfiguration\": {\r\n                \"@odata.type\": \"#Microsoft.Azure.FrontDoor.Models.FrontdoorForwardingConfiguration\",\r\n                \"customForwardingPath\": null,\r\n                \"forwardingProtocol\": \"MatchRequest\",\r\n                \"cacheConfiguration\": null,\r\n                \"backendPool\": {\r\n                  \"id\": \"/subscriptions/47f4bc68-6fe4-43a2-be8b-dfd0e290efa2/resourceGroups/ps9760/providers/Microsoft.Network/frontDoors/ps3438/BackendPools/backendPool1\"\r\n                }\r\n              }\r\n            }\r\n          }\r\n        ],\r\n        \"backendPoolsSettings\": {\r\n          \"enforceCertificateNameCheck\": \"Enabled\",\r\n          \"sendRecvTimeoutSeconds\": 33\r\n        },\r\n        \"enabledState\": \"Enabled\",\r\n        \"cName\": \"ps3438.azurefd.net\",\r\n        \"friendlyName\": \"ps3438\"\r\n      }\r\n    }\r\n  ]\r\n}",
      "StatusCode": 200
    },
    {
      "RequestUri": "/subscriptions/47f4bc68-6fe4-43a2-be8b-dfd0e290efa2/resourceGroups/ps9760/providers/Microsoft.Network/frontDoors?api-version=2019-05-01",
      "EncodedRequestUri": "L3N1YnNjcmlwdGlvbnMvNDdmNGJjNjgtNmZlNC00M2EyLWJlOGItZGZkMGUyOTBlZmEyL3Jlc291cmNlR3JvdXBzL3BzOTc2MC9wcm92aWRlcnMvTWljcm9zb2Z0Lk5ldHdvcmsvZnJvbnREb29ycz9hcGktdmVyc2lvbj0yMDE5LTA1LTAx",
      "RequestMethod": "GET",
      "RequestBody": "",
      "RequestHeaders": {
        "x-ms-client-request-id": [
          "ce1f5ff4-fa2a-4bfe-beeb-1e143e81d47b"
        ],
        "Accept-Language": [
          "en-US"
        ],
        "User-Agent": [
          "FxVersion/4.6.27817.01",
          "OSName/Windows",
          "OSVersion/Microsoft.Windows.10.0.18960.",
          "Microsoft.Azure.Management.FrontDoor.FrontDoorManagementClient/1.0.0.0"
        ]
      },
      "ResponseHeaders": {
        "Cache-Control": [
          "no-cache"
        ],
        "Pragma": [
          "no-cache"
        ],
        "x-ms-request-id": [
          "d691d468-8d37-427a-a5b0-4abf734983f0"
        ],
        "x-ms-client-request-id": [
          "ce1f5ff4-fa2a-4bfe-beeb-1e143e81d47b"
        ],
        "OData-Version": [
          "4.0"
        ],
        "Strict-Transport-Security": [
          "max-age=31536000; includeSubDomains"
        ],
        "Server": [
          "Microsoft-IIS/8.5"
        ],
        "X-AspNet-Version": [
          "4.0.30319"
        ],
        "X-Powered-By": [
          "ASP.NET"
        ],
        "x-ms-ratelimit-remaining-subscription-reads": [
          "11990"
        ],
        "x-ms-correlation-request-id": [
          "b519d3ff-268f-4f5d-b1ae-7f7a8ac5d402"
        ],
        "x-ms-routing-request-id": [
          "WESTUS:20191021T184040Z:b519d3ff-268f-4f5d-b1ae-7f7a8ac5d402"
        ],
        "X-Content-Type-Options": [
          "nosniff"
        ],
        "Date": [
          "Mon, 21 Oct 2019 18:40:40 GMT"
        ],
        "Content-Length": [
          "4508"
        ],
        "Content-Type": [
          "application/json; odata.metadata=minimal; odata.streaming=true"
        ],
        "Expires": [
          "-1"
        ]
      },
      "ResponseBody": "{\r\n  \"value\": [\r\n    {\r\n      \"name\": \"ps3438\",\r\n      \"id\": \"/subscriptions/47f4bc68-6fe4-43a2-be8b-dfd0e290efa2/resourcegroups/ps9760/providers/Microsoft.Network/frontdoors/ps3438\",\r\n      \"type\": \"Microsoft.Network/frontdoors\",\r\n      \"tags\": {\r\n        \"tag1\": \"value3\",\r\n        \"tag2\": \"value4\"\r\n      },\r\n      \"location\": \"Global\",\r\n      \"properties\": {\r\n        \"provisioningState\": \"Succeeded\",\r\n        \"resourceState\": \"Enabled\",\r\n        \"backendPools\": [\r\n          {\r\n            \"id\": \"/subscriptions/47f4bc68-6fe4-43a2-be8b-dfd0e290efa2/resourcegroups/ps9760/providers/Microsoft.Network/Frontdoors/ps3438/BackendPools/backendpool1\",\r\n            \"name\": \"backendpool1\",\r\n            \"type\": \"Microsoft.Network/Frontdoors/BackendPools\",\r\n            \"properties\": {\r\n              \"backends\": [\r\n                {\r\n                  \"address\": \"contoso1.azurewebsites.net\",\r\n                  \"httpPort\": 80,\r\n                  \"httpsPort\": 443,\r\n                  \"priority\": 1,\r\n                  \"weight\": 50,\r\n                  \"backendHostHeader\": \"contoso1.azurewebsites.net\",\r\n                  \"enabledState\": \"Enabled\"\r\n                }\r\n              ],\r\n              \"healthProbeSettings\": {\r\n                \"id\": \"/subscriptions/47f4bc68-6fe4-43a2-be8b-dfd0e290efa2/resourceGroups/ps9760/providers/Microsoft.Network/frontDoors/ps3438/HealthProbeSettings/healthProbeSetting1\"\r\n              },\r\n              \"loadBalancingSettings\": {\r\n                \"id\": \"/subscriptions/47f4bc68-6fe4-43a2-be8b-dfd0e290efa2/resourceGroups/ps9760/providers/Microsoft.Network/frontDoors/ps3438/LoadBalancingSettings/loadBalancingSetting1\"\r\n              },\r\n              \"resourceState\": \"Enabled\"\r\n            }\r\n          }\r\n        ],\r\n        \"healthProbeSettings\": [\r\n          {\r\n            \"id\": \"/subscriptions/47f4bc68-6fe4-43a2-be8b-dfd0e290efa2/resourcegroups/ps9760/providers/Microsoft.Network/Frontdoors/ps3438/HealthProbeSettings/healthProbeSetting1\",\r\n            \"name\": \"healthProbeSetting1\",\r\n            \"type\": \"Microsoft.Network/Frontdoors/HealthProbeSettings\",\r\n            \"properties\": {\r\n              \"intervalInSeconds\": 30,\r\n              \"path\": \"/\",\r\n              \"protocol\": \"Http\",\r\n              \"resourceState\": \"Enabled\",\r\n              \"enabledState\": \"Disabled\",\r\n              \"healthProbeMethod\": \"Head\"\r\n            }\r\n          }\r\n        ],\r\n        \"frontendEndpoints\": [\r\n          {\r\n            \"id\": \"/subscriptions/47f4bc68-6fe4-43a2-be8b-dfd0e290efa2/resourcegroups/ps9760/providers/Microsoft.Network/Frontdoors/ps3438/FrontendEndpoints/frontendendpoint1\",\r\n            \"name\": \"frontendendpoint1\",\r\n            \"type\": \"Microsoft.Network/Frontdoors/FrontendEndpoints\",\r\n            \"properties\": {\r\n              \"hostName\": \"ps3438.azurefd.net\",\r\n              \"sessionAffinityEnabledState\": \"Disabled\",\r\n              \"sessionAffinityTtlSeconds\": 0,\r\n              \"webApplicationFirewallPolicyLink\": null,\r\n              \"customHttpsProvisioningState\": null,\r\n              \"customHttpsProvisioningSubstate\": null,\r\n              \"customHttpsConfiguration\": null,\r\n              \"resourceState\": \"Enabled\"\r\n            }\r\n          }\r\n        ],\r\n        \"loadBalancingSettings\": [\r\n          {\r\n            \"id\": \"/subscriptions/47f4bc68-6fe4-43a2-be8b-dfd0e290efa2/resourcegroups/ps9760/providers/Microsoft.Network/Frontdoors/ps3438/LoadBalancingSettings/loadbalancingsetting1\",\r\n            \"name\": \"loadbalancingsetting1\",\r\n            \"type\": \"Microsoft.Network/Frontdoors/LoadBalancingSettings\",\r\n            \"properties\": {\r\n              \"additionalLatencyMilliseconds\": 0,\r\n              \"sampleSize\": 4,\r\n              \"successfulSamplesRequired\": 2,\r\n              \"resourceState\": \"Enabled\"\r\n            }\r\n          }\r\n        ],\r\n        \"routingRules\": [\r\n          {\r\n            \"id\": \"/subscriptions/47f4bc68-6fe4-43a2-be8b-dfd0e290efa2/resourcegroups/ps9760/providers/Microsoft.Network/Frontdoors/ps3438/RoutingRules/routingrule1\",\r\n            \"name\": \"routingrule1\",\r\n            \"type\": \"Microsoft.Network/Frontdoors/RoutingRules\",\r\n            \"properties\": {\r\n              \"frontendEndpoints\": [\r\n                {\r\n                  \"id\": \"/subscriptions/47f4bc68-6fe4-43a2-be8b-dfd0e290efa2/resourceGroups/ps9760/providers/Microsoft.Network/frontDoors/ps3438/FrontendEndpoints/frontendEndpoint1\"\r\n                }\r\n              ],\r\n              \"acceptedProtocols\": [\r\n                \"Http\",\r\n                \"Https\"\r\n              ],\r\n              \"patternsToMatch\": [\r\n                \"/*\"\r\n              ],\r\n              \"enabledState\": \"Enabled\",\r\n              \"resourceState\": \"Enabled\",\r\n              \"routeConfiguration\": {\r\n                \"@odata.type\": \"#Microsoft.Azure.FrontDoor.Models.FrontdoorForwardingConfiguration\",\r\n                \"customForwardingPath\": null,\r\n                \"forwardingProtocol\": \"MatchRequest\",\r\n                \"cacheConfiguration\": null,\r\n                \"backendPool\": {\r\n                  \"id\": \"/subscriptions/47f4bc68-6fe4-43a2-be8b-dfd0e290efa2/resourceGroups/ps9760/providers/Microsoft.Network/frontDoors/ps3438/BackendPools/backendPool1\"\r\n                }\r\n              }\r\n            }\r\n          }\r\n        ],\r\n        \"backendPoolsSettings\": {\r\n          \"enforceCertificateNameCheck\": \"Enabled\",\r\n          \"sendRecvTimeoutSeconds\": 33\r\n        },\r\n        \"enabledState\": \"Enabled\",\r\n        \"cName\": \"ps3438.azurefd.net\",\r\n        \"friendlyName\": \"ps3438\"\r\n      }\r\n    }\r\n  ]\r\n}",
      "StatusCode": 200
    },
    {
      "RequestUri": "/subscriptions/47f4bc68-6fe4-43a2-be8b-dfd0e290efa2/resourceGroups/ps9760/providers/Microsoft.Network/frontDoors/ps3438?api-version=2019-05-01",
      "EncodedRequestUri": "L3N1YnNjcmlwdGlvbnMvNDdmNGJjNjgtNmZlNC00M2EyLWJlOGItZGZkMGUyOTBlZmEyL3Jlc291cmNlR3JvdXBzL3BzOTc2MC9wcm92aWRlcnMvTWljcm9zb2Z0Lk5ldHdvcmsvZnJvbnREb29ycy9wczM0Mzg/YXBpLXZlcnNpb249MjAxOS0wNS0wMQ==",
      "RequestMethod": "PUT",
      "RequestBody": "{\r\n  \"properties\": {\r\n    \"friendlyName\": \"ps3438\",\r\n    \"routingRules\": [\r\n      {\r\n        \"properties\": {\r\n          \"frontendEndpoints\": [\r\n            {\r\n              \"id\": \"/subscriptions/47f4bc68-6fe4-43a2-be8b-dfd0e290efa2/resourceGroups/ps9760/providers/Microsoft.Network/frontDoors/ps3438/FrontendEndpoints/frontendEndpoint1\"\r\n            }\r\n          ],\r\n          \"acceptedProtocols\": [\r\n            \"Http\",\r\n            \"Https\"\r\n          ],\r\n          \"patternsToMatch\": [\r\n            \"/*\"\r\n          ],\r\n          \"enabledState\": \"Enabled\",\r\n          \"routeConfiguration\": {\r\n            \"@odata.type\": \"#Microsoft.Azure.FrontDoor.Models.FrontdoorForwardingConfiguration\",\r\n            \"forwardingProtocol\": \"MatchRequest\",\r\n            \"backendPool\": {\r\n              \"id\": \"/subscriptions/47f4bc68-6fe4-43a2-be8b-dfd0e290efa2/resourceGroups/ps9760/providers/Microsoft.Network/frontDoors/ps3438/BackendPools/backendPool1\"\r\n            }\r\n          }\r\n        },\r\n        \"name\": \"routingrule1\"\r\n      }\r\n    ],\r\n    \"loadBalancingSettings\": [\r\n      {\r\n        \"properties\": {\r\n          \"sampleSize\": 4,\r\n          \"successfulSamplesRequired\": 2,\r\n          \"additionalLatencyMilliseconds\": 0\r\n        },\r\n        \"name\": \"loadbalancingsetting1\"\r\n      }\r\n    ],\r\n    \"healthProbeSettings\": [\r\n      {\r\n        \"properties\": {\r\n          \"path\": \"/\",\r\n          \"protocol\": \"Http\",\r\n          \"intervalInSeconds\": 30,\r\n          \"healthProbeMethod\": \"Head\",\r\n          \"enabledState\": \"Disabled\"\r\n        },\r\n        \"name\": \"healthProbeSetting1\"\r\n      }\r\n    ],\r\n    \"backendPools\": [\r\n      {\r\n        \"properties\": {\r\n          \"backends\": [\r\n            {\r\n              \"address\": \"contoso1.azurewebsites.net\",\r\n              \"httpPort\": 80,\r\n              \"httpsPort\": 443,\r\n              \"enabledState\": \"Enabled\",\r\n              \"priority\": 1,\r\n              \"weight\": 50,\r\n              \"backendHostHeader\": \"contoso1.azurewebsites.net\"\r\n            }\r\n          ],\r\n          \"loadBalancingSettings\": {\r\n            \"id\": \"/subscriptions/47f4bc68-6fe4-43a2-be8b-dfd0e290efa2/resourceGroups/ps9760/providers/Microsoft.Network/frontDoors/ps3438/LoadBalancingSettings/loadBalancingSetting1\"\r\n          },\r\n          \"healthProbeSettings\": {\r\n            \"id\": \"/subscriptions/47f4bc68-6fe4-43a2-be8b-dfd0e290efa2/resourceGroups/ps9760/providers/Microsoft.Network/frontDoors/ps3438/HealthProbeSettings/healthProbeSetting1\"\r\n          }\r\n        },\r\n        \"name\": \"backendpool1\"\r\n      }\r\n    ],\r\n    \"frontendEndpoints\": [\r\n      {\r\n        \"properties\": {\r\n          \"hostName\": \"ps3438.azurefd.net\",\r\n          \"sessionAffinityEnabledState\": \"Disabled\",\r\n          \"sessionAffinityTtlSeconds\": 0\r\n        },\r\n        \"name\": \"frontendendpoint1\"\r\n      }\r\n    ],\r\n    \"backendPoolsSettings\": {\r\n      \"enforceCertificateNameCheck\": \"Enabled\",\r\n      \"sendRecvTimeoutSeconds\": 33\r\n    },\r\n    \"enabledState\": \"Enabled\"\r\n  },\r\n  \"location\": \"global\",\r\n  \"tags\": {\r\n    \"tag1\": \"value1\",\r\n    \"tag2\": \"value2\"\r\n  }\r\n}",
      "RequestHeaders": {
        "x-ms-client-request-id": [
          "43dca9f9-74d4-4aef-b676-42ffc25a0343"
        ],
        "Accept-Language": [
          "en-US"
        ],
        "User-Agent": [
          "FxVersion/4.6.27817.01",
          "OSName/Windows",
          "OSVersion/Microsoft.Windows.10.0.18960.",
          "Microsoft.Azure.Management.FrontDoor.FrontDoorManagementClient/1.0.0.0"
        ],
        "Content-Type": [
          "application/json; charset=utf-8"
        ],
        "Content-Length": [
          "3044"
        ]
      },
      "ResponseHeaders": {
        "Cache-Control": [
          "no-cache"
        ],
        "Pragma": [
          "no-cache"
        ],
        "Retry-After": [
          "10"
        ],
        "x-ms-request-id": [
          "7d267d2f-b434-47e9-a589-846ae9b3ac91"
        ],
        "x-ms-client-request-id": [
          "43dca9f9-74d4-4aef-b676-42ffc25a0343"
        ],
        "Azure-AsyncOperation": [
          "https://management.azure.com/subscriptions/47f4bc68-6fe4-43a2-be8b-dfd0e290efa2/resourcegroups/ps9760/providers/Microsoft.Network/frontdooroperationresults/604d94c0-0ffe-4e46-90cd-049e4ac7b539?api-version=2019-05-01"
        ],
        "OData-Version": [
          "4.0"
        ],
        "Strict-Transport-Security": [
          "max-age=31536000; includeSubDomains"
        ],
        "Server": [
          "Microsoft-IIS/8.5"
        ],
        "X-AspNet-Version": [
          "4.0.30319"
        ],
        "X-Powered-By": [
          "ASP.NET"
        ],
        "x-ms-ratelimit-remaining-subscription-writes": [
          "1199"
        ],
        "x-ms-correlation-request-id": [
          "8948ab0d-1670-46db-ba8c-cb2ee67b7432"
        ],
        "x-ms-routing-request-id": [
          "WESTUS:20191021T184003Z:8948ab0d-1670-46db-ba8c-cb2ee67b7432"
        ],
        "X-Content-Type-Options": [
          "nosniff"
        ],
        "Date": [
          "Mon, 21 Oct 2019 18:40:03 GMT"
        ],
        "Content-Length": [
          "4253"
        ],
        "Content-Type": [
          "application/json; odata.metadata=minimal"
        ],
        "Expires": [
          "-1"
        ]
      },
      "ResponseBody": "{\r\n  \"name\": \"ps3438\",\r\n  \"id\": \"/subscriptions/47f4bc68-6fe4-43a2-be8b-dfd0e290efa2/resourcegroups/ps9760/providers/Microsoft.Network/frontdoors/ps3438\",\r\n  \"type\": \"Microsoft.Network/frontdoors\",\r\n  \"tags\": {\r\n    \"tag1\": \"value1\",\r\n    \"tag2\": \"value2\"\r\n  },\r\n  \"location\": \"Global\",\r\n  \"properties\": {\r\n    \"provisioningState\": \"Creating\",\r\n    \"resourceState\": \"Creating\",\r\n    \"backendPools\": [\r\n      {\r\n        \"id\": \"/subscriptions/47f4bc68-6fe4-43a2-be8b-dfd0e290efa2/resourcegroups/ps9760/providers/Microsoft.Network/Frontdoors/ps3438/BackendPools/backendpool1\",\r\n        \"name\": \"backendpool1\",\r\n        \"type\": \"Microsoft.Network/Frontdoors/BackendPools\",\r\n        \"properties\": {\r\n          \"backends\": [\r\n            {\r\n              \"address\": \"contoso1.azurewebsites.net\",\r\n              \"httpPort\": 80,\r\n              \"httpsPort\": 443,\r\n              \"priority\": 1,\r\n              \"weight\": 50,\r\n              \"backendHostHeader\": \"contoso1.azurewebsites.net\",\r\n              \"enabledState\": \"Enabled\"\r\n            }\r\n          ],\r\n          \"healthProbeSettings\": {\r\n            \"id\": \"/subscriptions/47f4bc68-6fe4-43a2-be8b-dfd0e290efa2/resourceGroups/ps9760/providers/Microsoft.Network/frontDoors/ps3438/HealthProbeSettings/healthProbeSetting1\"\r\n          },\r\n          \"loadBalancingSettings\": {\r\n            \"id\": \"/subscriptions/47f4bc68-6fe4-43a2-be8b-dfd0e290efa2/resourceGroups/ps9760/providers/Microsoft.Network/frontDoors/ps3438/LoadBalancingSettings/loadBalancingSetting1\"\r\n          },\r\n          \"resourceState\": \"Creating\"\r\n        }\r\n      }\r\n    ],\r\n    \"healthProbeSettings\": [\r\n      {\r\n        \"id\": \"/subscriptions/47f4bc68-6fe4-43a2-be8b-dfd0e290efa2/resourcegroups/ps9760/providers/Microsoft.Network/Frontdoors/ps3438/HealthProbeSettings/healthProbeSetting1\",\r\n        \"name\": \"healthProbeSetting1\",\r\n        \"type\": \"Microsoft.Network/Frontdoors/HealthProbeSettings\",\r\n        \"properties\": {\r\n          \"intervalInSeconds\": 30,\r\n          \"path\": \"/\",\r\n          \"protocol\": \"Http\",\r\n          \"resourceState\": \"Creating\",\r\n          \"enabledState\": \"Disabled\",\r\n          \"healthProbeMethod\": \"Head\"\r\n        }\r\n      }\r\n    ],\r\n    \"frontendEndpoints\": [\r\n      {\r\n        \"id\": \"/subscriptions/47f4bc68-6fe4-43a2-be8b-dfd0e290efa2/resourcegroups/ps9760/providers/Microsoft.Network/Frontdoors/ps3438/FrontendEndpoints/frontendendpoint1\",\r\n        \"name\": \"frontendendpoint1\",\r\n        \"type\": \"Microsoft.Network/Frontdoors/FrontendEndpoints\",\r\n        \"properties\": {\r\n          \"hostName\": \"ps3438.azurefd.net\",\r\n          \"sessionAffinityEnabledState\": \"Disabled\",\r\n          \"sessionAffinityTtlSeconds\": 0,\r\n          \"webApplicationFirewallPolicyLink\": null,\r\n          \"customHttpsProvisioningState\": null,\r\n          \"customHttpsProvisioningSubstate\": null,\r\n          \"customHttpsConfiguration\": null,\r\n          \"resourceState\": \"Creating\"\r\n        }\r\n      }\r\n    ],\r\n    \"loadBalancingSettings\": [\r\n      {\r\n        \"id\": \"/subscriptions/47f4bc68-6fe4-43a2-be8b-dfd0e290efa2/resourcegroups/ps9760/providers/Microsoft.Network/Frontdoors/ps3438/LoadBalancingSettings/loadbalancingsetting1\",\r\n        \"name\": \"loadbalancingsetting1\",\r\n        \"type\": \"Microsoft.Network/Frontdoors/LoadBalancingSettings\",\r\n        \"properties\": {\r\n          \"additionalLatencyMilliseconds\": 0,\r\n          \"sampleSize\": 4,\r\n          \"successfulSamplesRequired\": 2,\r\n          \"resourceState\": \"Creating\"\r\n        }\r\n      }\r\n    ],\r\n    \"routingRules\": [\r\n      {\r\n        \"id\": \"/subscriptions/47f4bc68-6fe4-43a2-be8b-dfd0e290efa2/resourcegroups/ps9760/providers/Microsoft.Network/Frontdoors/ps3438/RoutingRules/routingrule1\",\r\n        \"name\": \"routingrule1\",\r\n        \"type\": \"Microsoft.Network/Frontdoors/RoutingRules\",\r\n        \"properties\": {\r\n          \"frontendEndpoints\": [\r\n            {\r\n              \"id\": \"/subscriptions/47f4bc68-6fe4-43a2-be8b-dfd0e290efa2/resourceGroups/ps9760/providers/Microsoft.Network/frontDoors/ps3438/FrontendEndpoints/frontendEndpoint1\"\r\n            }\r\n          ],\r\n          \"acceptedProtocols\": [\r\n            \"Http\",\r\n            \"Https\"\r\n          ],\r\n          \"patternsToMatch\": [\r\n            \"/*\"\r\n          ],\r\n          \"enabledState\": \"Enabled\",\r\n          \"resourceState\": \"Creating\",\r\n          \"routeConfiguration\": {\r\n            \"@odata.type\": \"#Microsoft.Azure.FrontDoor.Models.FrontdoorForwardingConfiguration\",\r\n            \"customForwardingPath\": null,\r\n            \"forwardingProtocol\": \"MatchRequest\",\r\n            \"cacheConfiguration\": null,\r\n            \"backendPool\": {\r\n              \"id\": \"/subscriptions/47f4bc68-6fe4-43a2-be8b-dfd0e290efa2/resourceGroups/ps9760/providers/Microsoft.Network/frontDoors/ps3438/BackendPools/backendPool1\"\r\n            }\r\n          }\r\n        }\r\n      }\r\n    ],\r\n    \"backendPoolsSettings\": {\r\n      \"enforceCertificateNameCheck\": \"Enabled\",\r\n      \"sendRecvTimeoutSeconds\": 33\r\n    },\r\n    \"enabledState\": \"Enabled\",\r\n    \"cName\": \"ps3438.azurefd.net\",\r\n    \"friendlyName\": \"ps3438\"\r\n  }\r\n}",
      "StatusCode": 201
    },
    {
      "RequestUri": "/subscriptions/47f4bc68-6fe4-43a2-be8b-dfd0e290efa2/resourceGroups/ps9760/providers/Microsoft.Network/frontDoors/ps3438?api-version=2019-05-01",
      "EncodedRequestUri": "L3N1YnNjcmlwdGlvbnMvNDdmNGJjNjgtNmZlNC00M2EyLWJlOGItZGZkMGUyOTBlZmEyL3Jlc291cmNlR3JvdXBzL3BzOTc2MC9wcm92aWRlcnMvTWljcm9zb2Z0Lk5ldHdvcmsvZnJvbnREb29ycy9wczM0Mzg/YXBpLXZlcnNpb249MjAxOS0wNS0wMQ==",
      "RequestMethod": "PUT",
      "RequestBody": "{\r\n  \"properties\": {\r\n    \"friendlyName\": \"ps3438\",\r\n    \"routingRules\": [\r\n      {\r\n        \"properties\": {\r\n          \"frontendEndpoints\": [\r\n            {\r\n              \"id\": \"/subscriptions/47f4bc68-6fe4-43a2-be8b-dfd0e290efa2/resourceGroups/ps9760/providers/Microsoft.Network/frontDoors/ps3438/FrontendEndpoints/frontendEndpoint1\"\r\n            }\r\n          ],\r\n          \"acceptedProtocols\": [\r\n            \"Http\",\r\n            \"Https\"\r\n          ],\r\n          \"patternsToMatch\": [\r\n            \"/*\"\r\n          ],\r\n          \"enabledState\": \"Enabled\",\r\n          \"routeConfiguration\": {\r\n            \"@odata.type\": \"#Microsoft.Azure.FrontDoor.Models.FrontdoorForwardingConfiguration\",\r\n            \"forwardingProtocol\": \"MatchRequest\",\r\n            \"backendPool\": {\r\n              \"id\": \"/subscriptions/47f4bc68-6fe4-43a2-be8b-dfd0e290efa2/resourceGroups/ps9760/providers/Microsoft.Network/frontDoors/ps3438/BackendPools/backendPool1\"\r\n            }\r\n          }\r\n        },\r\n        \"name\": \"routingrule1\"\r\n      }\r\n    ],\r\n    \"loadBalancingSettings\": [\r\n      {\r\n        \"properties\": {\r\n          \"sampleSize\": 4,\r\n          \"successfulSamplesRequired\": 2,\r\n          \"additionalLatencyMilliseconds\": 0\r\n        },\r\n        \"name\": \"loadbalancingsetting1\"\r\n      }\r\n    ],\r\n    \"healthProbeSettings\": [\r\n      {\r\n        \"properties\": {\r\n          \"path\": \"/\",\r\n          \"protocol\": \"Http\",\r\n          \"intervalInSeconds\": 30,\r\n          \"healthProbeMethod\": \"Head\",\r\n          \"enabledState\": \"Disabled\"\r\n        },\r\n        \"name\": \"healthProbeSetting1\"\r\n      }\r\n    ],\r\n    \"backendPools\": [\r\n      {\r\n        \"properties\": {\r\n          \"backends\": [\r\n            {\r\n              \"address\": \"contoso1.azurewebsites.net\",\r\n              \"httpPort\": 80,\r\n              \"httpsPort\": 443,\r\n              \"enabledState\": \"Enabled\",\r\n              \"priority\": 1,\r\n              \"weight\": 50,\r\n              \"backendHostHeader\": \"contoso1.azurewebsites.net\"\r\n            }\r\n          ],\r\n          \"loadBalancingSettings\": {\r\n            \"id\": \"/subscriptions/47f4bc68-6fe4-43a2-be8b-dfd0e290efa2/resourceGroups/ps9760/providers/Microsoft.Network/frontDoors/ps3438/LoadBalancingSettings/loadBalancingSetting1\"\r\n          },\r\n          \"healthProbeSettings\": {\r\n            \"id\": \"/subscriptions/47f4bc68-6fe4-43a2-be8b-dfd0e290efa2/resourceGroups/ps9760/providers/Microsoft.Network/frontDoors/ps3438/HealthProbeSettings/healthProbeSetting1\"\r\n          }\r\n        },\r\n        \"name\": \"backendpool1\"\r\n      }\r\n    ],\r\n    \"frontendEndpoints\": [\r\n      {\r\n        \"properties\": {\r\n          \"hostName\": \"ps3438.azurefd.net\",\r\n          \"sessionAffinityEnabledState\": \"Disabled\",\r\n          \"sessionAffinityTtlSeconds\": 0\r\n        },\r\n        \"name\": \"frontendendpoint1\"\r\n      }\r\n    ],\r\n    \"backendPoolsSettings\": {\r\n      \"enforceCertificateNameCheck\": \"Enabled\",\r\n      \"sendRecvTimeoutSeconds\": 33\r\n    },\r\n    \"enabledState\": \"Enabled\"\r\n  },\r\n  \"location\": \"global\",\r\n  \"tags\": {\r\n    \"tag1\": \"value3\",\r\n    \"tag2\": \"value4\"\r\n  }\r\n}",
      "RequestHeaders": {
        "x-ms-client-request-id": [
          "2a542f4e-43fe-4aeb-8292-106538359adc"
        ],
        "Accept-Language": [
          "en-US"
        ],
        "User-Agent": [
          "FxVersion/4.6.27817.01",
          "OSName/Windows",
          "OSVersion/Microsoft.Windows.10.0.18960.",
          "Microsoft.Azure.Management.FrontDoor.FrontDoorManagementClient/1.0.0.0"
        ],
        "Content-Type": [
          "application/json; charset=utf-8"
        ],
        "Content-Length": [
          "3044"
        ]
      },
      "ResponseHeaders": {
        "Cache-Control": [
          "no-cache"
        ],
        "Pragma": [
          "no-cache"
        ],
        "Location": [
          "https://management.azure.com/subscriptions/47f4bc68-6fe4-43a2-be8b-dfd0e290efa2/resourcegroups/ps9760/providers/Microsoft.Network/frontdooroperationresults/ee090430-a1b7-4396-a66d-8403a2273ba8/frontdoorresults/ps3438?api-version=2019-05-01"
        ],
        "Retry-After": [
          "10"
        ],
        "x-ms-request-id": [
          "3cb054fb-668f-413e-81e0-894b56351fb7"
        ],
        "x-ms-client-request-id": [
          "2a542f4e-43fe-4aeb-8292-106538359adc"
        ],
        "Azure-AsyncOperation": [
          "https://management.azure.com/subscriptions/47f4bc68-6fe4-43a2-be8b-dfd0e290efa2/resourcegroups/ps9760/providers/Microsoft.Network/frontdooroperationresults/ee090430-a1b7-4396-a66d-8403a2273ba8?api-version=2019-05-01"
        ],
        "OData-Version": [
          "4.0"
        ],
        "Strict-Transport-Security": [
          "max-age=31536000; includeSubDomains"
        ],
        "Server": [
          "Microsoft-IIS/8.5"
        ],
        "X-AspNet-Version": [
          "4.0.30319"
        ],
        "X-Powered-By": [
          "ASP.NET"
        ],
        "x-ms-ratelimit-remaining-subscription-writes": [
          "1198"
        ],
        "x-ms-correlation-request-id": [
          "02b29922-2008-4d32-b3c0-a131980050ff"
        ],
        "x-ms-routing-request-id": [
          "WESTUS:20191021T184028Z:02b29922-2008-4d32-b3c0-a131980050ff"
        ],
        "X-Content-Type-Options": [
          "nosniff"
        ],
        "Date": [
          "Mon, 21 Oct 2019 18:40:28 GMT"
        ],
        "Content-Length": [
          "4248"
        ],
        "Content-Type": [
          "application/json; odata.metadata=minimal"
        ],
        "Expires": [
          "-1"
        ]
      },
      "ResponseBody": "{\r\n  \"name\": \"ps3438\",\r\n  \"id\": \"/subscriptions/47f4bc68-6fe4-43a2-be8b-dfd0e290efa2/resourcegroups/ps9760/providers/Microsoft.Network/frontdoors/ps3438\",\r\n  \"type\": \"Microsoft.Network/frontdoors\",\r\n  \"tags\": {\r\n    \"tag1\": \"value3\",\r\n    \"tag2\": \"value4\"\r\n  },\r\n  \"location\": \"Global\",\r\n  \"properties\": {\r\n    \"provisioningState\": \"Succeeded\",\r\n    \"resourceState\": \"Enabled\",\r\n    \"backendPools\": [\r\n      {\r\n        \"id\": \"/subscriptions/47f4bc68-6fe4-43a2-be8b-dfd0e290efa2/resourcegroups/ps9760/providers/Microsoft.Network/Frontdoors/ps3438/BackendPools/backendpool1\",\r\n        \"name\": \"backendpool1\",\r\n        \"type\": \"Microsoft.Network/Frontdoors/BackendPools\",\r\n        \"properties\": {\r\n          \"backends\": [\r\n            {\r\n              \"address\": \"contoso1.azurewebsites.net\",\r\n              \"httpPort\": 80,\r\n              \"httpsPort\": 443,\r\n              \"priority\": 1,\r\n              \"weight\": 50,\r\n              \"backendHostHeader\": \"contoso1.azurewebsites.net\",\r\n              \"enabledState\": \"Enabled\"\r\n            }\r\n          ],\r\n          \"healthProbeSettings\": {\r\n            \"id\": \"/subscriptions/47f4bc68-6fe4-43a2-be8b-dfd0e290efa2/resourceGroups/ps9760/providers/Microsoft.Network/frontDoors/ps3438/HealthProbeSettings/healthProbeSetting1\"\r\n          },\r\n          \"loadBalancingSettings\": {\r\n            \"id\": \"/subscriptions/47f4bc68-6fe4-43a2-be8b-dfd0e290efa2/resourceGroups/ps9760/providers/Microsoft.Network/frontDoors/ps3438/LoadBalancingSettings/loadBalancingSetting1\"\r\n          },\r\n          \"resourceState\": \"Enabled\"\r\n        }\r\n      }\r\n    ],\r\n    \"healthProbeSettings\": [\r\n      {\r\n        \"id\": \"/subscriptions/47f4bc68-6fe4-43a2-be8b-dfd0e290efa2/resourcegroups/ps9760/providers/Microsoft.Network/Frontdoors/ps3438/HealthProbeSettings/healthProbeSetting1\",\r\n        \"name\": \"healthProbeSetting1\",\r\n        \"type\": \"Microsoft.Network/Frontdoors/HealthProbeSettings\",\r\n        \"properties\": {\r\n          \"intervalInSeconds\": 30,\r\n          \"path\": \"/\",\r\n          \"protocol\": \"Http\",\r\n          \"resourceState\": \"Enabled\",\r\n          \"enabledState\": \"Disabled\",\r\n          \"healthProbeMethod\": \"Head\"\r\n        }\r\n      }\r\n    ],\r\n    \"frontendEndpoints\": [\r\n      {\r\n        \"id\": \"/subscriptions/47f4bc68-6fe4-43a2-be8b-dfd0e290efa2/resourcegroups/ps9760/providers/Microsoft.Network/Frontdoors/ps3438/FrontendEndpoints/frontendendpoint1\",\r\n        \"name\": \"frontendendpoint1\",\r\n        \"type\": \"Microsoft.Network/Frontdoors/FrontendEndpoints\",\r\n        \"properties\": {\r\n          \"hostName\": \"ps3438.azurefd.net\",\r\n          \"sessionAffinityEnabledState\": \"Disabled\",\r\n          \"sessionAffinityTtlSeconds\": 0,\r\n          \"webApplicationFirewallPolicyLink\": null,\r\n          \"customHttpsProvisioningState\": null,\r\n          \"customHttpsProvisioningSubstate\": null,\r\n          \"customHttpsConfiguration\": null,\r\n          \"resourceState\": \"Enabled\"\r\n        }\r\n      }\r\n    ],\r\n    \"loadBalancingSettings\": [\r\n      {\r\n        \"id\": \"/subscriptions/47f4bc68-6fe4-43a2-be8b-dfd0e290efa2/resourcegroups/ps9760/providers/Microsoft.Network/Frontdoors/ps3438/LoadBalancingSettings/loadbalancingsetting1\",\r\n        \"name\": \"loadbalancingsetting1\",\r\n        \"type\": \"Microsoft.Network/Frontdoors/LoadBalancingSettings\",\r\n        \"properties\": {\r\n          \"additionalLatencyMilliseconds\": 0,\r\n          \"sampleSize\": 4,\r\n          \"successfulSamplesRequired\": 2,\r\n          \"resourceState\": \"Enabled\"\r\n        }\r\n      }\r\n    ],\r\n    \"routingRules\": [\r\n      {\r\n        \"id\": \"/subscriptions/47f4bc68-6fe4-43a2-be8b-dfd0e290efa2/resourcegroups/ps9760/providers/Microsoft.Network/Frontdoors/ps3438/RoutingRules/routingrule1\",\r\n        \"name\": \"routingrule1\",\r\n        \"type\": \"Microsoft.Network/Frontdoors/RoutingRules\",\r\n        \"properties\": {\r\n          \"frontendEndpoints\": [\r\n            {\r\n              \"id\": \"/subscriptions/47f4bc68-6fe4-43a2-be8b-dfd0e290efa2/resourceGroups/ps9760/providers/Microsoft.Network/frontDoors/ps3438/FrontendEndpoints/frontendEndpoint1\"\r\n            }\r\n          ],\r\n          \"acceptedProtocols\": [\r\n            \"Http\",\r\n            \"Https\"\r\n          ],\r\n          \"patternsToMatch\": [\r\n            \"/*\"\r\n          ],\r\n          \"enabledState\": \"Enabled\",\r\n          \"resourceState\": \"Enabled\",\r\n          \"routeConfiguration\": {\r\n            \"@odata.type\": \"#Microsoft.Azure.FrontDoor.Models.FrontdoorForwardingConfiguration\",\r\n            \"customForwardingPath\": null,\r\n            \"forwardingProtocol\": \"MatchRequest\",\r\n            \"cacheConfiguration\": null,\r\n            \"backendPool\": {\r\n              \"id\": \"/subscriptions/47f4bc68-6fe4-43a2-be8b-dfd0e290efa2/resourceGroups/ps9760/providers/Microsoft.Network/frontDoors/ps3438/BackendPools/backendPool1\"\r\n            }\r\n          }\r\n        }\r\n      }\r\n    ],\r\n    \"backendPoolsSettings\": {\r\n      \"enforceCertificateNameCheck\": \"Enabled\",\r\n      \"sendRecvTimeoutSeconds\": 33\r\n    },\r\n    \"enabledState\": \"Enabled\",\r\n    \"cName\": \"ps3438.azurefd.net\",\r\n    \"friendlyName\": \"ps3438\"\r\n  }\r\n}",
      "StatusCode": 202
    },
    {
      "RequestUri": "/subscriptions/47f4bc68-6fe4-43a2-be8b-dfd0e290efa2/resourcegroups/ps9760/providers/Microsoft.Network/frontdooroperationresults/604d94c0-0ffe-4e46-90cd-049e4ac7b539?api-version=2019-05-01",
      "EncodedRequestUri": "L3N1YnNjcmlwdGlvbnMvNDdmNGJjNjgtNmZlNC00M2EyLWJlOGItZGZkMGUyOTBlZmEyL3Jlc291cmNlZ3JvdXBzL3BzOTc2MC9wcm92aWRlcnMvTWljcm9zb2Z0Lk5ldHdvcmsvZnJvbnRkb29yb3BlcmF0aW9ucmVzdWx0cy82MDRkOTRjMC0wZmZlLTRlNDYtOTBjZC0wNDllNGFjN2I1Mzk/YXBpLXZlcnNpb249MjAxOS0wNS0wMQ==",
      "RequestMethod": "GET",
      "RequestBody": "",
      "RequestHeaders": {
        "User-Agent": [
          "FxVersion/4.6.27817.01",
          "OSName/Windows",
          "OSVersion/Microsoft.Windows.10.0.18960.",
          "Microsoft.Azure.Management.FrontDoor.FrontDoorManagementClient/1.0.0.0"
        ]
      },
      "ResponseHeaders": {
        "Cache-Control": [
          "no-cache"
        ],
        "Pragma": [
          "no-cache"
        ],
        "x-ms-request-id": [
          "b13f32ab-a59a-4ad5-9dbd-7f43c208e1ea"
        ],
        "x-ms-client-request-id": [
          "ba53912a-4105-4985-a91b-c68bb8ab888d"
        ],
        "OData-Version": [
          "4.0"
        ],
        "Strict-Transport-Security": [
          "max-age=31536000; includeSubDomains"
        ],
        "Server": [
          "Microsoft-IIS/8.5"
        ],
        "X-AspNet-Version": [
          "4.0.30319"
        ],
        "X-Powered-By": [
          "ASP.NET"
        ],
        "x-ms-ratelimit-remaining-subscription-reads": [
          "11998"
        ],
        "x-ms-correlation-request-id": [
          "3e2cd72c-81c6-4a9a-9311-8bb3fddb9786"
        ],
        "x-ms-routing-request-id": [
          "WESTUS:20191021T184014Z:3e2cd72c-81c6-4a9a-9311-8bb3fddb9786"
        ],
        "X-Content-Type-Options": [
          "nosniff"
        ],
        "Date": [
          "Mon, 21 Oct 2019 18:40:13 GMT"
        ],
        "Content-Length": [
          "78"
        ],
        "Content-Type": [
          "application/json; odata.metadata=minimal; odata.streaming=true"
        ],
        "Expires": [
          "-1"
        ]
      },
      "ResponseBody": "{\r\n  \"status\": \"InProgress\",\r\n  \"error\": {\r\n    \"code\": \"None\",\r\n    \"message\": null\r\n  }\r\n}",
      "StatusCode": 200
    },
    {
      "RequestUri": "/subscriptions/47f4bc68-6fe4-43a2-be8b-dfd0e290efa2/resourcegroups/ps9760/providers/Microsoft.Network/frontdooroperationresults/604d94c0-0ffe-4e46-90cd-049e4ac7b539?api-version=2019-05-01",
      "EncodedRequestUri": "L3N1YnNjcmlwdGlvbnMvNDdmNGJjNjgtNmZlNC00M2EyLWJlOGItZGZkMGUyOTBlZmEyL3Jlc291cmNlZ3JvdXBzL3BzOTc2MC9wcm92aWRlcnMvTWljcm9zb2Z0Lk5ldHdvcmsvZnJvbnRkb29yb3BlcmF0aW9ucmVzdWx0cy82MDRkOTRjMC0wZmZlLTRlNDYtOTBjZC0wNDllNGFjN2I1Mzk/YXBpLXZlcnNpb249MjAxOS0wNS0wMQ==",
      "RequestMethod": "GET",
      "RequestBody": "",
      "RequestHeaders": {
        "User-Agent": [
          "FxVersion/4.6.27817.01",
          "OSName/Windows",
          "OSVersion/Microsoft.Windows.10.0.18960.",
          "Microsoft.Azure.Management.FrontDoor.FrontDoorManagementClient/1.0.0.0"
        ]
      },
      "ResponseHeaders": {
        "Cache-Control": [
          "no-cache"
        ],
        "Pragma": [
          "no-cache"
        ],
        "x-ms-request-id": [
          "3bbc4583-eec8-4ce5-a4a5-0feafda78bad"
        ],
        "x-ms-client-request-id": [
          "9696328f-94fa-4253-b57d-3e9ece5c139e"
        ],
        "OData-Version": [
          "4.0"
        ],
        "Strict-Transport-Security": [
          "max-age=31536000; includeSubDomains"
        ],
        "Server": [
          "Microsoft-IIS/8.5"
        ],
        "X-AspNet-Version": [
          "4.0.30319"
        ],
        "X-Powered-By": [
          "ASP.NET"
        ],
        "x-ms-ratelimit-remaining-subscription-reads": [
          "11997"
        ],
        "x-ms-correlation-request-id": [
          "bb14f7cb-827d-4126-afce-eab96773aba9"
        ],
        "x-ms-routing-request-id": [
          "WESTUS:20191021T184024Z:bb14f7cb-827d-4126-afce-eab96773aba9"
        ],
        "X-Content-Type-Options": [
          "nosniff"
        ],
        "Date": [
          "Mon, 21 Oct 2019 18:40:23 GMT"
        ],
        "Content-Length": [
          "77"
        ],
        "Content-Type": [
          "application/json; odata.metadata=minimal; odata.streaming=true"
        ],
        "Expires": [
          "-1"
        ]
      },
      "ResponseBody": "{\r\n  \"status\": \"Succeeded\",\r\n  \"error\": {\r\n    \"code\": \"None\",\r\n    \"message\": null\r\n  }\r\n}",
      "StatusCode": 200
    },
    {
      "RequestUri": "/subscriptions/47f4bc68-6fe4-43a2-be8b-dfd0e290efa2/resourceGroups/ps9760/providers/Microsoft.Network/frontDoors/ps3438?api-version=2019-05-01",
      "EncodedRequestUri": "L3N1YnNjcmlwdGlvbnMvNDdmNGJjNjgtNmZlNC00M2EyLWJlOGItZGZkMGUyOTBlZmEyL3Jlc291cmNlR3JvdXBzL3BzOTc2MC9wcm92aWRlcnMvTWljcm9zb2Z0Lk5ldHdvcmsvZnJvbnREb29ycy9wczM0Mzg/YXBpLXZlcnNpb249MjAxOS0wNS0wMQ==",
      "RequestMethod": "GET",
      "RequestBody": "",
      "RequestHeaders": {
        "User-Agent": [
          "FxVersion/4.6.27817.01",
          "OSName/Windows",
          "OSVersion/Microsoft.Windows.10.0.18960.",
          "Microsoft.Azure.Management.FrontDoor.FrontDoorManagementClient/1.0.0.0"
        ]
      },
      "ResponseHeaders": {
        "Cache-Control": [
          "no-cache"
        ],
        "Pragma": [
          "no-cache"
        ],
        "x-ms-request-id": [
          "3d9bd773-a339-4749-84c3-85c29590c481"
        ],
        "x-ms-client-request-id": [
          "fba9d718-22a9-4ba3-acb6-fde2fcfa8db5"
        ],
        "OData-Version": [
          "4.0"
        ],
        "Strict-Transport-Security": [
          "max-age=31536000; includeSubDomains"
        ],
        "Server": [
          "Microsoft-IIS/8.5"
        ],
        "X-AspNet-Version": [
          "4.0.30319"
        ],
        "X-Powered-By": [
          "ASP.NET"
        ],
        "x-ms-ratelimit-remaining-subscription-reads": [
          "11996"
        ],
        "x-ms-correlation-request-id": [
          "29c827d3-0016-41e7-a586-38165fee0d3f"
        ],
        "x-ms-routing-request-id": [
          "WESTUS:20191021T184024Z:29c827d3-0016-41e7-a586-38165fee0d3f"
        ],
        "X-Content-Type-Options": [
          "nosniff"
        ],
        "Date": [
          "Mon, 21 Oct 2019 18:40:24 GMT"
        ],
        "Content-Length": [
          "4248"
        ],
        "Content-Type": [
          "application/json; odata.metadata=minimal; odata.streaming=true"
        ],
        "Expires": [
          "-1"
        ]
      },
      "ResponseBody": "{\r\n  \"name\": \"ps3438\",\r\n  \"id\": \"/subscriptions/47f4bc68-6fe4-43a2-be8b-dfd0e290efa2/resourcegroups/ps9760/providers/Microsoft.Network/frontdoors/ps3438\",\r\n  \"type\": \"Microsoft.Network/frontdoors\",\r\n  \"tags\": {\r\n    \"tag1\": \"value1\",\r\n    \"tag2\": \"value2\"\r\n  },\r\n  \"location\": \"Global\",\r\n  \"properties\": {\r\n    \"provisioningState\": \"Succeeded\",\r\n    \"resourceState\": \"Enabled\",\r\n    \"backendPools\": [\r\n      {\r\n        \"id\": \"/subscriptions/47f4bc68-6fe4-43a2-be8b-dfd0e290efa2/resourcegroups/ps9760/providers/Microsoft.Network/Frontdoors/ps3438/BackendPools/backendpool1\",\r\n        \"name\": \"backendpool1\",\r\n        \"type\": \"Microsoft.Network/Frontdoors/BackendPools\",\r\n        \"properties\": {\r\n          \"backends\": [\r\n            {\r\n              \"address\": \"contoso1.azurewebsites.net\",\r\n              \"httpPort\": 80,\r\n              \"httpsPort\": 443,\r\n              \"priority\": 1,\r\n              \"weight\": 50,\r\n              \"backendHostHeader\": \"contoso1.azurewebsites.net\",\r\n              \"enabledState\": \"Enabled\"\r\n            }\r\n          ],\r\n          \"healthProbeSettings\": {\r\n            \"id\": \"/subscriptions/47f4bc68-6fe4-43a2-be8b-dfd0e290efa2/resourceGroups/ps9760/providers/Microsoft.Network/frontDoors/ps3438/HealthProbeSettings/healthProbeSetting1\"\r\n          },\r\n          \"loadBalancingSettings\": {\r\n            \"id\": \"/subscriptions/47f4bc68-6fe4-43a2-be8b-dfd0e290efa2/resourceGroups/ps9760/providers/Microsoft.Network/frontDoors/ps3438/LoadBalancingSettings/loadBalancingSetting1\"\r\n          },\r\n          \"resourceState\": \"Enabled\"\r\n        }\r\n      }\r\n    ],\r\n    \"healthProbeSettings\": [\r\n      {\r\n        \"id\": \"/subscriptions/47f4bc68-6fe4-43a2-be8b-dfd0e290efa2/resourcegroups/ps9760/providers/Microsoft.Network/Frontdoors/ps3438/HealthProbeSettings/healthProbeSetting1\",\r\n        \"name\": \"healthProbeSetting1\",\r\n        \"type\": \"Microsoft.Network/Frontdoors/HealthProbeSettings\",\r\n        \"properties\": {\r\n          \"intervalInSeconds\": 30,\r\n          \"path\": \"/\",\r\n          \"protocol\": \"Http\",\r\n          \"resourceState\": \"Enabled\",\r\n          \"enabledState\": \"Disabled\",\r\n          \"healthProbeMethod\": \"Head\"\r\n        }\r\n      }\r\n    ],\r\n    \"frontendEndpoints\": [\r\n      {\r\n        \"id\": \"/subscriptions/47f4bc68-6fe4-43a2-be8b-dfd0e290efa2/resourcegroups/ps9760/providers/Microsoft.Network/Frontdoors/ps3438/FrontendEndpoints/frontendendpoint1\",\r\n        \"name\": \"frontendendpoint1\",\r\n        \"type\": \"Microsoft.Network/Frontdoors/FrontendEndpoints\",\r\n        \"properties\": {\r\n          \"hostName\": \"ps3438.azurefd.net\",\r\n          \"sessionAffinityEnabledState\": \"Disabled\",\r\n          \"sessionAffinityTtlSeconds\": 0,\r\n          \"webApplicationFirewallPolicyLink\": null,\r\n          \"customHttpsProvisioningState\": null,\r\n          \"customHttpsProvisioningSubstate\": null,\r\n          \"customHttpsConfiguration\": null,\r\n          \"resourceState\": \"Enabled\"\r\n        }\r\n      }\r\n    ],\r\n    \"loadBalancingSettings\": [\r\n      {\r\n        \"id\": \"/subscriptions/47f4bc68-6fe4-43a2-be8b-dfd0e290efa2/resourcegroups/ps9760/providers/Microsoft.Network/Frontdoors/ps3438/LoadBalancingSettings/loadbalancingsetting1\",\r\n        \"name\": \"loadbalancingsetting1\",\r\n        \"type\": \"Microsoft.Network/Frontdoors/LoadBalancingSettings\",\r\n        \"properties\": {\r\n          \"additionalLatencyMilliseconds\": 0,\r\n          \"sampleSize\": 4,\r\n          \"successfulSamplesRequired\": 2,\r\n          \"resourceState\": \"Enabled\"\r\n        }\r\n      }\r\n    ],\r\n    \"routingRules\": [\r\n      {\r\n        \"id\": \"/subscriptions/47f4bc68-6fe4-43a2-be8b-dfd0e290efa2/resourcegroups/ps9760/providers/Microsoft.Network/Frontdoors/ps3438/RoutingRules/routingrule1\",\r\n        \"name\": \"routingrule1\",\r\n        \"type\": \"Microsoft.Network/Frontdoors/RoutingRules\",\r\n        \"properties\": {\r\n          \"frontendEndpoints\": [\r\n            {\r\n              \"id\": \"/subscriptions/47f4bc68-6fe4-43a2-be8b-dfd0e290efa2/resourceGroups/ps9760/providers/Microsoft.Network/frontDoors/ps3438/FrontendEndpoints/frontendEndpoint1\"\r\n            }\r\n          ],\r\n          \"acceptedProtocols\": [\r\n            \"Http\",\r\n            \"Https\"\r\n          ],\r\n          \"patternsToMatch\": [\r\n            \"/*\"\r\n          ],\r\n          \"enabledState\": \"Enabled\",\r\n          \"resourceState\": \"Enabled\",\r\n          \"routeConfiguration\": {\r\n            \"@odata.type\": \"#Microsoft.Azure.FrontDoor.Models.FrontdoorForwardingConfiguration\",\r\n            \"customForwardingPath\": null,\r\n            \"forwardingProtocol\": \"MatchRequest\",\r\n            \"cacheConfiguration\": null,\r\n            \"backendPool\": {\r\n              \"id\": \"/subscriptions/47f4bc68-6fe4-43a2-be8b-dfd0e290efa2/resourceGroups/ps9760/providers/Microsoft.Network/frontDoors/ps3438/BackendPools/backendPool1\"\r\n            }\r\n          }\r\n        }\r\n      }\r\n    ],\r\n    \"backendPoolsSettings\": {\r\n      \"enforceCertificateNameCheck\": \"Enabled\",\r\n      \"sendRecvTimeoutSeconds\": 33\r\n    },\r\n    \"enabledState\": \"Enabled\",\r\n    \"cName\": \"ps3438.azurefd.net\",\r\n    \"friendlyName\": \"ps3438\"\r\n  }\r\n}",
      "StatusCode": 200
    },
    {
      "RequestUri": "/subscriptions/47f4bc68-6fe4-43a2-be8b-dfd0e290efa2/resourceGroups/ps9760/providers/Microsoft.Network/frontDoors/ps3438?api-version=2019-05-01",
      "EncodedRequestUri": "L3N1YnNjcmlwdGlvbnMvNDdmNGJjNjgtNmZlNC00M2EyLWJlOGItZGZkMGUyOTBlZmEyL3Jlc291cmNlR3JvdXBzL3BzOTc2MC9wcm92aWRlcnMvTWljcm9zb2Z0Lk5ldHdvcmsvZnJvbnREb29ycy9wczM0Mzg/YXBpLXZlcnNpb249MjAxOS0wNS0wMQ==",
      "RequestMethod": "GET",
      "RequestBody": "",
      "RequestHeaders": {
        "x-ms-client-request-id": [
          "d8df63cf-8d81-4bc5-9031-62df648156f1"
        ],
        "Accept-Language": [
          "en-US"
        ],
        "User-Agent": [
          "FxVersion/4.6.27817.01",
          "OSName/Windows",
          "OSVersion/Microsoft.Windows.10.0.18960.",
          "Microsoft.Azure.Management.FrontDoor.FrontDoorManagementClient/1.0.0.0"
        ]
      },
      "ResponseHeaders": {
        "Cache-Control": [
          "no-cache"
        ],
        "Pragma": [
          "no-cache"
        ],
        "x-ms-request-id": [
          "56710637-f16b-46ce-85d2-72e80b26f54c"
        ],
        "x-ms-client-request-id": [
          "d8df63cf-8d81-4bc5-9031-62df648156f1"
        ],
        "OData-Version": [
          "4.0"
        ],
        "Strict-Transport-Security": [
          "max-age=31536000; includeSubDomains"
        ],
        "Server": [
          "Microsoft-IIS/8.5"
        ],
        "X-AspNet-Version": [
          "4.0.30319"
        ],
        "X-Powered-By": [
          "ASP.NET"
        ],
        "x-ms-ratelimit-remaining-subscription-reads": [
          "11995"
        ],
        "x-ms-correlation-request-id": [
          "f78490a4-02dc-477c-82bb-b6f536d8619b"
        ],
        "x-ms-routing-request-id": [
          "WESTUS:20191021T184025Z:f78490a4-02dc-477c-82bb-b6f536d8619b"
        ],
        "X-Content-Type-Options": [
          "nosniff"
        ],
        "Date": [
          "Mon, 21 Oct 2019 18:40:24 GMT"
        ],
        "Content-Length": [
          "4248"
        ],
        "Content-Type": [
          "application/json; odata.metadata=minimal; odata.streaming=true"
        ],
        "Expires": [
          "-1"
        ]
      },
      "ResponseBody": "{\r\n  \"name\": \"ps3438\",\r\n  \"id\": \"/subscriptions/47f4bc68-6fe4-43a2-be8b-dfd0e290efa2/resourcegroups/ps9760/providers/Microsoft.Network/frontdoors/ps3438\",\r\n  \"type\": \"Microsoft.Network/frontdoors\",\r\n  \"tags\": {\r\n    \"tag1\": \"value1\",\r\n    \"tag2\": \"value2\"\r\n  },\r\n  \"location\": \"Global\",\r\n  \"properties\": {\r\n    \"provisioningState\": \"Succeeded\",\r\n    \"resourceState\": \"Enabled\",\r\n    \"backendPools\": [\r\n      {\r\n        \"id\": \"/subscriptions/47f4bc68-6fe4-43a2-be8b-dfd0e290efa2/resourcegroups/ps9760/providers/Microsoft.Network/Frontdoors/ps3438/BackendPools/backendpool1\",\r\n        \"name\": \"backendpool1\",\r\n        \"type\": \"Microsoft.Network/Frontdoors/BackendPools\",\r\n        \"properties\": {\r\n          \"backends\": [\r\n            {\r\n              \"address\": \"contoso1.azurewebsites.net\",\r\n              \"httpPort\": 80,\r\n              \"httpsPort\": 443,\r\n              \"priority\": 1,\r\n              \"weight\": 50,\r\n              \"backendHostHeader\": \"contoso1.azurewebsites.net\",\r\n              \"enabledState\": \"Enabled\"\r\n            }\r\n          ],\r\n          \"healthProbeSettings\": {\r\n            \"id\": \"/subscriptions/47f4bc68-6fe4-43a2-be8b-dfd0e290efa2/resourceGroups/ps9760/providers/Microsoft.Network/frontDoors/ps3438/HealthProbeSettings/healthProbeSetting1\"\r\n          },\r\n          \"loadBalancingSettings\": {\r\n            \"id\": \"/subscriptions/47f4bc68-6fe4-43a2-be8b-dfd0e290efa2/resourceGroups/ps9760/providers/Microsoft.Network/frontDoors/ps3438/LoadBalancingSettings/loadBalancingSetting1\"\r\n          },\r\n          \"resourceState\": \"Enabled\"\r\n        }\r\n      }\r\n    ],\r\n    \"healthProbeSettings\": [\r\n      {\r\n        \"id\": \"/subscriptions/47f4bc68-6fe4-43a2-be8b-dfd0e290efa2/resourcegroups/ps9760/providers/Microsoft.Network/Frontdoors/ps3438/HealthProbeSettings/healthProbeSetting1\",\r\n        \"name\": \"healthProbeSetting1\",\r\n        \"type\": \"Microsoft.Network/Frontdoors/HealthProbeSettings\",\r\n        \"properties\": {\r\n          \"intervalInSeconds\": 30,\r\n          \"path\": \"/\",\r\n          \"protocol\": \"Http\",\r\n          \"resourceState\": \"Enabled\",\r\n          \"enabledState\": \"Disabled\",\r\n          \"healthProbeMethod\": \"Head\"\r\n        }\r\n      }\r\n    ],\r\n    \"frontendEndpoints\": [\r\n      {\r\n        \"id\": \"/subscriptions/47f4bc68-6fe4-43a2-be8b-dfd0e290efa2/resourcegroups/ps9760/providers/Microsoft.Network/Frontdoors/ps3438/FrontendEndpoints/frontendendpoint1\",\r\n        \"name\": \"frontendendpoint1\",\r\n        \"type\": \"Microsoft.Network/Frontdoors/FrontendEndpoints\",\r\n        \"properties\": {\r\n          \"hostName\": \"ps3438.azurefd.net\",\r\n          \"sessionAffinityEnabledState\": \"Disabled\",\r\n          \"sessionAffinityTtlSeconds\": 0,\r\n          \"webApplicationFirewallPolicyLink\": null,\r\n          \"customHttpsProvisioningState\": null,\r\n          \"customHttpsProvisioningSubstate\": null,\r\n          \"customHttpsConfiguration\": null,\r\n          \"resourceState\": \"Enabled\"\r\n        }\r\n      }\r\n    ],\r\n    \"loadBalancingSettings\": [\r\n      {\r\n        \"id\": \"/subscriptions/47f4bc68-6fe4-43a2-be8b-dfd0e290efa2/resourcegroups/ps9760/providers/Microsoft.Network/Frontdoors/ps3438/LoadBalancingSettings/loadbalancingsetting1\",\r\n        \"name\": \"loadbalancingsetting1\",\r\n        \"type\": \"Microsoft.Network/Frontdoors/LoadBalancingSettings\",\r\n        \"properties\": {\r\n          \"additionalLatencyMilliseconds\": 0,\r\n          \"sampleSize\": 4,\r\n          \"successfulSamplesRequired\": 2,\r\n          \"resourceState\": \"Enabled\"\r\n        }\r\n      }\r\n    ],\r\n    \"routingRules\": [\r\n      {\r\n        \"id\": \"/subscriptions/47f4bc68-6fe4-43a2-be8b-dfd0e290efa2/resourcegroups/ps9760/providers/Microsoft.Network/Frontdoors/ps3438/RoutingRules/routingrule1\",\r\n        \"name\": \"routingrule1\",\r\n        \"type\": \"Microsoft.Network/Frontdoors/RoutingRules\",\r\n        \"properties\": {\r\n          \"frontendEndpoints\": [\r\n            {\r\n              \"id\": \"/subscriptions/47f4bc68-6fe4-43a2-be8b-dfd0e290efa2/resourceGroups/ps9760/providers/Microsoft.Network/frontDoors/ps3438/FrontendEndpoints/frontendEndpoint1\"\r\n            }\r\n          ],\r\n          \"acceptedProtocols\": [\r\n            \"Http\",\r\n            \"Https\"\r\n          ],\r\n          \"patternsToMatch\": [\r\n            \"/*\"\r\n          ],\r\n          \"enabledState\": \"Enabled\",\r\n          \"resourceState\": \"Enabled\",\r\n          \"routeConfiguration\": {\r\n            \"@odata.type\": \"#Microsoft.Azure.FrontDoor.Models.FrontdoorForwardingConfiguration\",\r\n            \"customForwardingPath\": null,\r\n            \"forwardingProtocol\": \"MatchRequest\",\r\n            \"cacheConfiguration\": null,\r\n            \"backendPool\": {\r\n              \"id\": \"/subscriptions/47f4bc68-6fe4-43a2-be8b-dfd0e290efa2/resourceGroups/ps9760/providers/Microsoft.Network/frontDoors/ps3438/BackendPools/backendPool1\"\r\n            }\r\n          }\r\n        }\r\n      }\r\n    ],\r\n    \"backendPoolsSettings\": {\r\n      \"enforceCertificateNameCheck\": \"Enabled\",\r\n      \"sendRecvTimeoutSeconds\": 33\r\n    },\r\n    \"enabledState\": \"Enabled\",\r\n    \"cName\": \"ps3438.azurefd.net\",\r\n    \"friendlyName\": \"ps3438\"\r\n  }\r\n}",
      "StatusCode": 200
    },
    {
      "RequestUri": "/subscriptions/47f4bc68-6fe4-43a2-be8b-dfd0e290efa2/resourceGroups/ps9760/providers/Microsoft.Network/frontDoors/ps3438?api-version=2019-05-01",
      "EncodedRequestUri": "L3N1YnNjcmlwdGlvbnMvNDdmNGJjNjgtNmZlNC00M2EyLWJlOGItZGZkMGUyOTBlZmEyL3Jlc291cmNlR3JvdXBzL3BzOTc2MC9wcm92aWRlcnMvTWljcm9zb2Z0Lk5ldHdvcmsvZnJvbnREb29ycy9wczM0Mzg/YXBpLXZlcnNpb249MjAxOS0wNS0wMQ==",
      "RequestMethod": "GET",
      "RequestBody": "",
      "RequestHeaders": {
        "User-Agent": [
          "FxVersion/4.6.27817.01",
          "OSName/Windows",
          "OSVersion/Microsoft.Windows.10.0.18960.",
          "Microsoft.Azure.Management.FrontDoor.FrontDoorManagementClient/1.0.0.0"
        ]
      },
      "ResponseHeaders": {
        "Cache-Control": [
          "no-cache"
        ],
        "Pragma": [
          "no-cache"
        ],
        "x-ms-request-id": [
          "f6bad879-c8f6-474e-8ff3-42ddd01ff278"
        ],
        "x-ms-client-request-id": [
          "e77ebb12-bed6-49f5-b1e4-42f5927d3263"
        ],
        "OData-Version": [
          "4.0"
        ],
        "Strict-Transport-Security": [
          "max-age=31536000; includeSubDomains"
        ],
        "Server": [
          "Microsoft-IIS/8.5"
        ],
        "X-AspNet-Version": [
          "4.0.30319"
        ],
        "X-Powered-By": [
          "ASP.NET"
        ],
        "x-ms-ratelimit-remaining-subscription-reads": [
          "11992"
        ],
        "x-ms-correlation-request-id": [
          "b7b526bb-2631-4141-92e7-073b2353701a"
        ],
        "x-ms-routing-request-id": [
          "WESTUS:20191021T184039Z:b7b526bb-2631-4141-92e7-073b2353701a"
        ],
        "X-Content-Type-Options": [
          "nosniff"
        ],
        "Date": [
          "Mon, 21 Oct 2019 18:40:39 GMT"
        ],
        "Content-Length": [
          "4248"
        ],
        "Content-Type": [
          "application/json; odata.metadata=minimal; odata.streaming=true"
        ],
        "Expires": [
          "-1"
        ]
      },
      "ResponseBody": "{\r\n  \"name\": \"ps3438\",\r\n  \"id\": \"/subscriptions/47f4bc68-6fe4-43a2-be8b-dfd0e290efa2/resourcegroups/ps9760/providers/Microsoft.Network/frontdoors/ps3438\",\r\n  \"type\": \"Microsoft.Network/frontdoors\",\r\n  \"tags\": {\r\n    \"tag1\": \"value3\",\r\n    \"tag2\": \"value4\"\r\n  },\r\n  \"location\": \"Global\",\r\n  \"properties\": {\r\n    \"provisioningState\": \"Succeeded\",\r\n    \"resourceState\": \"Enabled\",\r\n    \"backendPools\": [\r\n      {\r\n        \"id\": \"/subscriptions/47f4bc68-6fe4-43a2-be8b-dfd0e290efa2/resourcegroups/ps9760/providers/Microsoft.Network/Frontdoors/ps3438/BackendPools/backendpool1\",\r\n        \"name\": \"backendpool1\",\r\n        \"type\": \"Microsoft.Network/Frontdoors/BackendPools\",\r\n        \"properties\": {\r\n          \"backends\": [\r\n            {\r\n              \"address\": \"contoso1.azurewebsites.net\",\r\n              \"httpPort\": 80,\r\n              \"httpsPort\": 443,\r\n              \"priority\": 1,\r\n              \"weight\": 50,\r\n              \"backendHostHeader\": \"contoso1.azurewebsites.net\",\r\n              \"enabledState\": \"Enabled\"\r\n            }\r\n          ],\r\n          \"healthProbeSettings\": {\r\n            \"id\": \"/subscriptions/47f4bc68-6fe4-43a2-be8b-dfd0e290efa2/resourceGroups/ps9760/providers/Microsoft.Network/frontDoors/ps3438/HealthProbeSettings/healthProbeSetting1\"\r\n          },\r\n          \"loadBalancingSettings\": {\r\n            \"id\": \"/subscriptions/47f4bc68-6fe4-43a2-be8b-dfd0e290efa2/resourceGroups/ps9760/providers/Microsoft.Network/frontDoors/ps3438/LoadBalancingSettings/loadBalancingSetting1\"\r\n          },\r\n          \"resourceState\": \"Enabled\"\r\n        }\r\n      }\r\n    ],\r\n    \"healthProbeSettings\": [\r\n      {\r\n        \"id\": \"/subscriptions/47f4bc68-6fe4-43a2-be8b-dfd0e290efa2/resourcegroups/ps9760/providers/Microsoft.Network/Frontdoors/ps3438/HealthProbeSettings/healthProbeSetting1\",\r\n        \"name\": \"healthProbeSetting1\",\r\n        \"type\": \"Microsoft.Network/Frontdoors/HealthProbeSettings\",\r\n        \"properties\": {\r\n          \"intervalInSeconds\": 30,\r\n          \"path\": \"/\",\r\n          \"protocol\": \"Http\",\r\n          \"resourceState\": \"Enabled\",\r\n          \"enabledState\": \"Disabled\",\r\n          \"healthProbeMethod\": \"Head\"\r\n        }\r\n      }\r\n    ],\r\n    \"frontendEndpoints\": [\r\n      {\r\n        \"id\": \"/subscriptions/47f4bc68-6fe4-43a2-be8b-dfd0e290efa2/resourcegroups/ps9760/providers/Microsoft.Network/Frontdoors/ps3438/FrontendEndpoints/frontendendpoint1\",\r\n        \"name\": \"frontendendpoint1\",\r\n        \"type\": \"Microsoft.Network/Frontdoors/FrontendEndpoints\",\r\n        \"properties\": {\r\n          \"hostName\": \"ps3438.azurefd.net\",\r\n          \"sessionAffinityEnabledState\": \"Disabled\",\r\n          \"sessionAffinityTtlSeconds\": 0,\r\n          \"webApplicationFirewallPolicyLink\": null,\r\n          \"customHttpsProvisioningState\": null,\r\n          \"customHttpsProvisioningSubstate\": null,\r\n          \"customHttpsConfiguration\": null,\r\n          \"resourceState\": \"Enabled\"\r\n        }\r\n      }\r\n    ],\r\n    \"loadBalancingSettings\": [\r\n      {\r\n        \"id\": \"/subscriptions/47f4bc68-6fe4-43a2-be8b-dfd0e290efa2/resourcegroups/ps9760/providers/Microsoft.Network/Frontdoors/ps3438/LoadBalancingSettings/loadbalancingsetting1\",\r\n        \"name\": \"loadbalancingsetting1\",\r\n        \"type\": \"Microsoft.Network/Frontdoors/LoadBalancingSettings\",\r\n        \"properties\": {\r\n          \"additionalLatencyMilliseconds\": 0,\r\n          \"sampleSize\": 4,\r\n          \"successfulSamplesRequired\": 2,\r\n          \"resourceState\": \"Enabled\"\r\n        }\r\n      }\r\n    ],\r\n    \"routingRules\": [\r\n      {\r\n        \"id\": \"/subscriptions/47f4bc68-6fe4-43a2-be8b-dfd0e290efa2/resourcegroups/ps9760/providers/Microsoft.Network/Frontdoors/ps3438/RoutingRules/routingrule1\",\r\n        \"name\": \"routingrule1\",\r\n        \"type\": \"Microsoft.Network/Frontdoors/RoutingRules\",\r\n        \"properties\": {\r\n          \"frontendEndpoints\": [\r\n            {\r\n              \"id\": \"/subscriptions/47f4bc68-6fe4-43a2-be8b-dfd0e290efa2/resourceGroups/ps9760/providers/Microsoft.Network/frontDoors/ps3438/FrontendEndpoints/frontendEndpoint1\"\r\n            }\r\n          ],\r\n          \"acceptedProtocols\": [\r\n            \"Http\",\r\n            \"Https\"\r\n          ],\r\n          \"patternsToMatch\": [\r\n            \"/*\"\r\n          ],\r\n          \"enabledState\": \"Enabled\",\r\n          \"resourceState\": \"Enabled\",\r\n          \"routeConfiguration\": {\r\n            \"@odata.type\": \"#Microsoft.Azure.FrontDoor.Models.FrontdoorForwardingConfiguration\",\r\n            \"customForwardingPath\": null,\r\n            \"forwardingProtocol\": \"MatchRequest\",\r\n            \"cacheConfiguration\": null,\r\n            \"backendPool\": {\r\n              \"id\": \"/subscriptions/47f4bc68-6fe4-43a2-be8b-dfd0e290efa2/resourceGroups/ps9760/providers/Microsoft.Network/frontDoors/ps3438/BackendPools/backendPool1\"\r\n            }\r\n          }\r\n        }\r\n      }\r\n    ],\r\n    \"backendPoolsSettings\": {\r\n      \"enforceCertificateNameCheck\": \"Enabled\",\r\n      \"sendRecvTimeoutSeconds\": 33\r\n    },\r\n    \"enabledState\": \"Enabled\",\r\n    \"cName\": \"ps3438.azurefd.net\",\r\n    \"friendlyName\": \"ps3438\"\r\n  }\r\n}",
      "StatusCode": 200
    },
    {
      "RequestUri": "/subscriptions/47f4bc68-6fe4-43a2-be8b-dfd0e290efa2/resourceGroups/ps9760/providers/Microsoft.Network/frontDoors/ps3438?api-version=2019-05-01",
      "EncodedRequestUri": "L3N1YnNjcmlwdGlvbnMvNDdmNGJjNjgtNmZlNC00M2EyLWJlOGItZGZkMGUyOTBlZmEyL3Jlc291cmNlR3JvdXBzL3BzOTc2MC9wcm92aWRlcnMvTWljcm9zb2Z0Lk5ldHdvcmsvZnJvbnREb29ycy9wczM0Mzg/YXBpLXZlcnNpb249MjAxOS0wNS0wMQ==",
      "RequestMethod": "GET",
      "RequestBody": "",
      "RequestHeaders": {
        "x-ms-client-request-id": [
          "b527ae54-20c6-485e-b001-e2e083dce0a4"
        ],
        "Accept-Language": [
          "en-US"
        ],
        "User-Agent": [
          "FxVersion/4.6.27817.01",
          "OSName/Windows",
          "OSVersion/Microsoft.Windows.10.0.18960.",
          "Microsoft.Azure.Management.FrontDoor.FrontDoorManagementClient/1.0.0.0"
        ]
      },
      "ResponseHeaders": {
        "Cache-Control": [
          "no-cache"
        ],
        "Pragma": [
          "no-cache"
        ],
        "x-ms-request-id": [
          "81ee33f9-7606-4abf-9c59-3ca780ef0703"
        ],
        "x-ms-client-request-id": [
          "b527ae54-20c6-485e-b001-e2e083dce0a4"
        ],
        "OData-Version": [
          "4.0"
        ],
        "Strict-Transport-Security": [
          "max-age=31536000; includeSubDomains"
        ],
        "Server": [
          "Microsoft-IIS/8.5"
        ],
        "X-AspNet-Version": [
          "4.0.30319"
        ],
        "X-Powered-By": [
          "ASP.NET"
        ],
        "x-ms-ratelimit-remaining-subscription-reads": [
          "11991"
        ],
        "x-ms-correlation-request-id": [
          "e9d9aba4-85ca-48b3-8eeb-360239fa46a8"
        ],
        "x-ms-routing-request-id": [
          "WESTUS:20191021T184040Z:e9d9aba4-85ca-48b3-8eeb-360239fa46a8"
        ],
        "X-Content-Type-Options": [
          "nosniff"
        ],
        "Date": [
          "Mon, 21 Oct 2019 18:40:39 GMT"
        ],
        "Content-Length": [
          "4248"
        ],
        "Content-Type": [
          "application/json; odata.metadata=minimal; odata.streaming=true"
        ],
        "Expires": [
          "-1"
        ]
      },
      "ResponseBody": "{\r\n  \"name\": \"ps3438\",\r\n  \"id\": \"/subscriptions/47f4bc68-6fe4-43a2-be8b-dfd0e290efa2/resourcegroups/ps9760/providers/Microsoft.Network/frontdoors/ps3438\",\r\n  \"type\": \"Microsoft.Network/frontdoors\",\r\n  \"tags\": {\r\n    \"tag1\": \"value3\",\r\n    \"tag2\": \"value4\"\r\n  },\r\n  \"location\": \"Global\",\r\n  \"properties\": {\r\n    \"provisioningState\": \"Succeeded\",\r\n    \"resourceState\": \"Enabled\",\r\n    \"backendPools\": [\r\n      {\r\n        \"id\": \"/subscriptions/47f4bc68-6fe4-43a2-be8b-dfd0e290efa2/resourcegroups/ps9760/providers/Microsoft.Network/Frontdoors/ps3438/BackendPools/backendpool1\",\r\n        \"name\": \"backendpool1\",\r\n        \"type\": \"Microsoft.Network/Frontdoors/BackendPools\",\r\n        \"properties\": {\r\n          \"backends\": [\r\n            {\r\n              \"address\": \"contoso1.azurewebsites.net\",\r\n              \"httpPort\": 80,\r\n              \"httpsPort\": 443,\r\n              \"priority\": 1,\r\n              \"weight\": 50,\r\n              \"backendHostHeader\": \"contoso1.azurewebsites.net\",\r\n              \"enabledState\": \"Enabled\"\r\n            }\r\n          ],\r\n          \"healthProbeSettings\": {\r\n            \"id\": \"/subscriptions/47f4bc68-6fe4-43a2-be8b-dfd0e290efa2/resourceGroups/ps9760/providers/Microsoft.Network/frontDoors/ps3438/HealthProbeSettings/healthProbeSetting1\"\r\n          },\r\n          \"loadBalancingSettings\": {\r\n            \"id\": \"/subscriptions/47f4bc68-6fe4-43a2-be8b-dfd0e290efa2/resourceGroups/ps9760/providers/Microsoft.Network/frontDoors/ps3438/LoadBalancingSettings/loadBalancingSetting1\"\r\n          },\r\n          \"resourceState\": \"Enabled\"\r\n        }\r\n      }\r\n    ],\r\n    \"healthProbeSettings\": [\r\n      {\r\n        \"id\": \"/subscriptions/47f4bc68-6fe4-43a2-be8b-dfd0e290efa2/resourcegroups/ps9760/providers/Microsoft.Network/Frontdoors/ps3438/HealthProbeSettings/healthProbeSetting1\",\r\n        \"name\": \"healthProbeSetting1\",\r\n        \"type\": \"Microsoft.Network/Frontdoors/HealthProbeSettings\",\r\n        \"properties\": {\r\n          \"intervalInSeconds\": 30,\r\n          \"path\": \"/\",\r\n          \"protocol\": \"Http\",\r\n          \"resourceState\": \"Enabled\",\r\n          \"enabledState\": \"Disabled\",\r\n          \"healthProbeMethod\": \"Head\"\r\n        }\r\n      }\r\n    ],\r\n    \"frontendEndpoints\": [\r\n      {\r\n        \"id\": \"/subscriptions/47f4bc68-6fe4-43a2-be8b-dfd0e290efa2/resourcegroups/ps9760/providers/Microsoft.Network/Frontdoors/ps3438/FrontendEndpoints/frontendendpoint1\",\r\n        \"name\": \"frontendendpoint1\",\r\n        \"type\": \"Microsoft.Network/Frontdoors/FrontendEndpoints\",\r\n        \"properties\": {\r\n          \"hostName\": \"ps3438.azurefd.net\",\r\n          \"sessionAffinityEnabledState\": \"Disabled\",\r\n          \"sessionAffinityTtlSeconds\": 0,\r\n          \"webApplicationFirewallPolicyLink\": null,\r\n          \"customHttpsProvisioningState\": null,\r\n          \"customHttpsProvisioningSubstate\": null,\r\n          \"customHttpsConfiguration\": null,\r\n          \"resourceState\": \"Enabled\"\r\n        }\r\n      }\r\n    ],\r\n    \"loadBalancingSettings\": [\r\n      {\r\n        \"id\": \"/subscriptions/47f4bc68-6fe4-43a2-be8b-dfd0e290efa2/resourcegroups/ps9760/providers/Microsoft.Network/Frontdoors/ps3438/LoadBalancingSettings/loadbalancingsetting1\",\r\n        \"name\": \"loadbalancingsetting1\",\r\n        \"type\": \"Microsoft.Network/Frontdoors/LoadBalancingSettings\",\r\n        \"properties\": {\r\n          \"additionalLatencyMilliseconds\": 0,\r\n          \"sampleSize\": 4,\r\n          \"successfulSamplesRequired\": 2,\r\n          \"resourceState\": \"Enabled\"\r\n        }\r\n      }\r\n    ],\r\n    \"routingRules\": [\r\n      {\r\n        \"id\": \"/subscriptions/47f4bc68-6fe4-43a2-be8b-dfd0e290efa2/resourcegroups/ps9760/providers/Microsoft.Network/Frontdoors/ps3438/RoutingRules/routingrule1\",\r\n        \"name\": \"routingrule1\",\r\n        \"type\": \"Microsoft.Network/Frontdoors/RoutingRules\",\r\n        \"properties\": {\r\n          \"frontendEndpoints\": [\r\n            {\r\n              \"id\": \"/subscriptions/47f4bc68-6fe4-43a2-be8b-dfd0e290efa2/resourceGroups/ps9760/providers/Microsoft.Network/frontDoors/ps3438/FrontendEndpoints/frontendEndpoint1\"\r\n            }\r\n          ],\r\n          \"acceptedProtocols\": [\r\n            \"Http\",\r\n            \"Https\"\r\n          ],\r\n          \"patternsToMatch\": [\r\n            \"/*\"\r\n          ],\r\n          \"enabledState\": \"Enabled\",\r\n          \"resourceState\": \"Enabled\",\r\n          \"routeConfiguration\": {\r\n            \"@odata.type\": \"#Microsoft.Azure.FrontDoor.Models.FrontdoorForwardingConfiguration\",\r\n            \"customForwardingPath\": null,\r\n            \"forwardingProtocol\": \"MatchRequest\",\r\n            \"cacheConfiguration\": null,\r\n            \"backendPool\": {\r\n              \"id\": \"/subscriptions/47f4bc68-6fe4-43a2-be8b-dfd0e290efa2/resourceGroups/ps9760/providers/Microsoft.Network/frontDoors/ps3438/BackendPools/backendPool1\"\r\n            }\r\n          }\r\n        }\r\n      }\r\n    ],\r\n    \"backendPoolsSettings\": {\r\n      \"enforceCertificateNameCheck\": \"Enabled\",\r\n      \"sendRecvTimeoutSeconds\": 33\r\n    },\r\n    \"enabledState\": \"Enabled\",\r\n    \"cName\": \"ps3438.azurefd.net\",\r\n    \"friendlyName\": \"ps3438\"\r\n  }\r\n}",
      "StatusCode": 200
    },
    {
      "RequestUri": "/subscriptions/47f4bc68-6fe4-43a2-be8b-dfd0e290efa2/resourceGroups/ps9760/providers/Microsoft.Network/frontDoors/ps3438?api-version=2019-05-01",
      "EncodedRequestUri": "L3N1YnNjcmlwdGlvbnMvNDdmNGJjNjgtNmZlNC00M2EyLWJlOGItZGZkMGUyOTBlZmEyL3Jlc291cmNlR3JvdXBzL3BzOTc2MC9wcm92aWRlcnMvTWljcm9zb2Z0Lk5ldHdvcmsvZnJvbnREb29ycy9wczM0Mzg/YXBpLXZlcnNpb249MjAxOS0wNS0wMQ==",
      "RequestMethod": "GET",
      "RequestBody": "",
      "RequestHeaders": {
        "x-ms-client-request-id": [
          "3b2125e2-9589-43af-a58f-04f371565a94"
        ],
        "Accept-Language": [
          "en-US"
        ],
        "User-Agent": [
          "FxVersion/4.6.27817.01",
          "OSName/Windows",
          "OSVersion/Microsoft.Windows.10.0.18960.",
          "Microsoft.Azure.Management.FrontDoor.FrontDoorManagementClient/1.0.0.0"
        ]
      },
      "ResponseHeaders": {
        "Cache-Control": [
          "no-cache"
        ],
        "Pragma": [
          "no-cache"
        ],
        "x-ms-request-id": [
          "6d4f670c-6ca8-462e-9c07-8e81f03a0ce7"
        ],
        "x-ms-client-request-id": [
          "3b2125e2-9589-43af-a58f-04f371565a94"
        ],
        "Strict-Transport-Security": [
          "max-age=31536000; includeSubDomains"
        ],
        "Server": [
          "Microsoft-IIS/8.5"
        ],
        "X-AspNet-Version": [
          "4.0.30319"
        ],
        "X-Powered-By": [
          "ASP.NET"
        ],
        "x-ms-ratelimit-remaining-subscription-reads": [
          "11987"
        ],
        "x-ms-correlation-request-id": [
          "48113b83-bb58-4dc4-9407-a262da157fa6"
        ],
        "x-ms-routing-request-id": [
          "WESTUS:20191021T184052Z:48113b83-bb58-4dc4-9407-a262da157fa6"
        ],
        "X-Content-Type-Options": [
          "nosniff"
        ],
        "Date": [
          "Mon, 21 Oct 2019 18:40:52 GMT"
        ],
        "Content-Length": [
          "104"
        ],
        "Content-Type": [
          "application/json; charset=utf-8"
        ],
        "Content-Language": [
          "en-US"
        ],
        "Expires": [
          "-1"
        ]
      },
      "ResponseBody": "{\r\n  \"error\": {\r\n    \"code\": \"NotFound\",\r\n    \"message\": \"The requested resource was not found.\"\r\n  }\r\n}",
      "StatusCode": 404
    },
    {
      "RequestUri": "/subscriptions/47f4bc68-6fe4-43a2-be8b-dfd0e290efa2/resourcegroups/ps9760/providers/Microsoft.Network/frontdooroperationresults/ee090430-a1b7-4396-a66d-8403a2273ba8?api-version=2019-05-01",
      "EncodedRequestUri": "L3N1YnNjcmlwdGlvbnMvNDdmNGJjNjgtNmZlNC00M2EyLWJlOGItZGZkMGUyOTBlZmEyL3Jlc291cmNlZ3JvdXBzL3BzOTc2MC9wcm92aWRlcnMvTWljcm9zb2Z0Lk5ldHdvcmsvZnJvbnRkb29yb3BlcmF0aW9ucmVzdWx0cy9lZTA5MDQzMC1hMWI3LTQzOTYtYTY2ZC04NDAzYTIyNzNiYTg/YXBpLXZlcnNpb249MjAxOS0wNS0wMQ==",
      "RequestMethod": "GET",
      "RequestBody": "",
      "RequestHeaders": {
        "User-Agent": [
          "FxVersion/4.6.27817.01",
          "OSName/Windows",
          "OSVersion/Microsoft.Windows.10.0.18960.",
          "Microsoft.Azure.Management.FrontDoor.FrontDoorManagementClient/1.0.0.0"
        ]
      },
      "ResponseHeaders": {
        "Cache-Control": [
          "no-cache"
        ],
        "Pragma": [
          "no-cache"
        ],
        "x-ms-request-id": [
          "40a154f4-728d-4611-a6ee-266590bd50de"
        ],
        "x-ms-client-request-id": [
          "91959d07-42fd-4c80-a9f1-84bbae1b3470"
        ],
        "OData-Version": [
          "4.0"
        ],
        "Strict-Transport-Security": [
          "max-age=31536000; includeSubDomains"
        ],
        "Server": [
          "Microsoft-IIS/8.5"
        ],
        "X-AspNet-Version": [
          "4.0.30319"
        ],
        "X-Powered-By": [
          "ASP.NET"
        ],
        "x-ms-ratelimit-remaining-subscription-reads": [
          "11993"
        ],
        "x-ms-correlation-request-id": [
          "f4107851-396d-412f-9620-c6e8977fb375"
        ],
        "x-ms-routing-request-id": [
          "WESTUS:20191021T184039Z:f4107851-396d-412f-9620-c6e8977fb375"
        ],
        "X-Content-Type-Options": [
          "nosniff"
        ],
        "Date": [
          "Mon, 21 Oct 2019 18:40:38 GMT"
        ],
        "Content-Length": [
          "77"
        ],
        "Content-Type": [
          "application/json; odata.metadata=minimal; odata.streaming=true"
        ],
        "Expires": [
          "-1"
        ]
      },
      "ResponseBody": "{\r\n  \"status\": \"Succeeded\",\r\n  \"error\": {\r\n    \"code\": \"None\",\r\n    \"message\": null\r\n  }\r\n}",
      "StatusCode": 200
    },
    {
      "RequestUri": "/subscriptions/47f4bc68-6fe4-43a2-be8b-dfd0e290efa2/resourceGroups/ps9760/providers/Microsoft.Network/frontDoors/ps3438?api-version=2019-05-01",
      "EncodedRequestUri": "L3N1YnNjcmlwdGlvbnMvNDdmNGJjNjgtNmZlNC00M2EyLWJlOGItZGZkMGUyOTBlZmEyL3Jlc291cmNlR3JvdXBzL3BzOTc2MC9wcm92aWRlcnMvTWljcm9zb2Z0Lk5ldHdvcmsvZnJvbnREb29ycy9wczM0Mzg/YXBpLXZlcnNpb249MjAxOS0wNS0wMQ==",
      "RequestMethod": "DELETE",
      "RequestBody": "",
      "RequestHeaders": {
        "x-ms-client-request-id": [
          "ea937824-5dc5-413e-a65d-2e195a31e3ac"
        ],
        "Accept-Language": [
          "en-US"
        ],
        "User-Agent": [
          "FxVersion/4.6.27817.01",
          "OSName/Windows",
          "OSVersion/Microsoft.Windows.10.0.18960.",
          "Microsoft.Azure.Management.FrontDoor.FrontDoorManagementClient/1.0.0.0"
        ]
      },
      "ResponseHeaders": {
        "Cache-Control": [
          "no-cache"
        ],
        "Pragma": [
          "no-cache"
        ],
        "Location": [
          "https://management.azure.com/subscriptions/47f4bc68-6fe4-43a2-be8b-dfd0e290efa2/resourcegroups/ps9760/providers/Microsoft.Network/frontdooroperationresults/92f17890-8bb1-4864-aa59-bd940c03a5dd/frontdoorresults/ps3438?api-version=2019-05-01"
        ],
        "Retry-After": [
          "10"
        ],
        "x-ms-request-id": [
          "56df7414-f6b2-4859-b410-bccd4664630c"
        ],
        "x-ms-client-request-id": [
          "ea937824-5dc5-413e-a65d-2e195a31e3ac"
        ],
        "Azure-AsyncOperation": [
          "https://management.azure.com/subscriptions/47f4bc68-6fe4-43a2-be8b-dfd0e290efa2/resourcegroups/ps9760/providers/Microsoft.Network/frontdooroperationresults/92f17890-8bb1-4864-aa59-bd940c03a5dd?api-version=2019-05-01"
        ],
        "Strict-Transport-Security": [
          "max-age=31536000; includeSubDomains"
        ],
        "Server": [
          "Microsoft-IIS/8.5"
        ],
        "X-AspNet-Version": [
          "4.0.30319"
        ],
        "X-Powered-By": [
          "ASP.NET"
        ],
        "x-ms-ratelimit-remaining-subscription-deletes": [
          "14999"
        ],
        "x-ms-correlation-request-id": [
          "5b3b7060-1147-4451-8b08-bfd00c9ac9b9"
        ],
        "x-ms-routing-request-id": [
          "WESTUS:20191021T184041Z:5b3b7060-1147-4451-8b08-bfd00c9ac9b9"
        ],
        "X-Content-Type-Options": [
          "nosniff"
        ],
        "Date": [
          "Mon, 21 Oct 2019 18:40:41 GMT"
        ],
        "Expires": [
          "-1"
        ],
        "Content-Length": [
          "0"
        ]
      },
      "ResponseBody": "",
      "StatusCode": 202
    },
    {
      "RequestUri": "/subscriptions/47f4bc68-6fe4-43a2-be8b-dfd0e290efa2/resourcegroups/ps9760/providers/Microsoft.Network/frontdooroperationresults/92f17890-8bb1-4864-aa59-bd940c03a5dd?api-version=2019-05-01",
      "EncodedRequestUri": "L3N1YnNjcmlwdGlvbnMvNDdmNGJjNjgtNmZlNC00M2EyLWJlOGItZGZkMGUyOTBlZmEyL3Jlc291cmNlZ3JvdXBzL3BzOTc2MC9wcm92aWRlcnMvTWljcm9zb2Z0Lk5ldHdvcmsvZnJvbnRkb29yb3BlcmF0aW9ucmVzdWx0cy85MmYxNzg5MC04YmIxLTQ4NjQtYWE1OS1iZDk0MGMwM2E1ZGQ/YXBpLXZlcnNpb249MjAxOS0wNS0wMQ==",
      "RequestMethod": "GET",
      "RequestBody": "",
      "RequestHeaders": {
        "User-Agent": [
          "FxVersion/4.6.27817.01",
          "OSName/Windows",
          "OSVersion/Microsoft.Windows.10.0.18960.",
          "Microsoft.Azure.Management.FrontDoor.FrontDoorManagementClient/1.0.0.0"
        ]
      },
      "ResponseHeaders": {
        "Cache-Control": [
          "no-cache"
        ],
        "Pragma": [
          "no-cache"
        ],
        "x-ms-request-id": [
          "0d80fc88-dd99-401c-b11d-55a2a704e058"
        ],
        "x-ms-client-request-id": [
          "24f4a993-cd67-4f68-be7a-30de6853daed"
        ],
        "OData-Version": [
          "4.0"
        ],
        "Strict-Transport-Security": [
          "max-age=31536000; includeSubDomains"
        ],
        "Server": [
          "Microsoft-IIS/8.5"
        ],
        "X-AspNet-Version": [
          "4.0.30319"
        ],
        "X-Powered-By": [
          "ASP.NET"
        ],
        "x-ms-ratelimit-remaining-subscription-reads": [
          "11989"
        ],
        "x-ms-correlation-request-id": [
          "80dadc7c-ce3a-4a1f-9542-428bdd12aa45"
        ],
        "x-ms-routing-request-id": [
          "WESTUS:20191021T184051Z:80dadc7c-ce3a-4a1f-9542-428bdd12aa45"
        ],
        "X-Content-Type-Options": [
          "nosniff"
        ],
        "Date": [
          "Mon, 21 Oct 2019 18:40:51 GMT"
        ],
        "Content-Length": [
          "77"
        ],
        "Content-Type": [
          "application/json; odata.metadata=minimal; odata.streaming=true"
        ],
        "Expires": [
          "-1"
        ]
      },
      "ResponseBody": "{\r\n  \"status\": \"Succeeded\",\r\n  \"error\": {\r\n    \"code\": \"None\",\r\n    \"message\": null\r\n  }\r\n}",
      "StatusCode": 200
    },
    {
      "RequestUri": "/subscriptions/47f4bc68-6fe4-43a2-be8b-dfd0e290efa2/resourcegroups/ps9760/providers/Microsoft.Network/frontdooroperationresults/92f17890-8bb1-4864-aa59-bd940c03a5dd/frontdoorresults/ps3438?api-version=2019-05-01",
      "EncodedRequestUri": "L3N1YnNjcmlwdGlvbnMvNDdmNGJjNjgtNmZlNC00M2EyLWJlOGItZGZkMGUyOTBlZmEyL3Jlc291cmNlZ3JvdXBzL3BzOTc2MC9wcm92aWRlcnMvTWljcm9zb2Z0Lk5ldHdvcmsvZnJvbnRkb29yb3BlcmF0aW9ucmVzdWx0cy85MmYxNzg5MC04YmIxLTQ4NjQtYWE1OS1iZDk0MGMwM2E1ZGQvZnJvbnRkb29ycmVzdWx0cy9wczM0Mzg/YXBpLXZlcnNpb249MjAxOS0wNS0wMQ==",
      "RequestMethod": "GET",
      "RequestBody": "",
      "RequestHeaders": {
        "User-Agent": [
          "FxVersion/4.6.27817.01",
          "OSName/Windows",
          "OSVersion/Microsoft.Windows.10.0.18960.",
          "Microsoft.Azure.Management.FrontDoor.FrontDoorManagementClient/1.0.0.0"
        ]
      },
      "ResponseHeaders": {
        "Cache-Control": [
          "no-cache"
        ],
        "Pragma": [
          "no-cache"
        ],
        "x-ms-request-id": [
          "23ef4756-6909-44a0-a0f8-220c142a3160"
        ],
        "x-ms-client-request-id": [
          "f16ba401-62b6-4d07-9ec3-d8ed836b5273"
        ],
        "Strict-Transport-Security": [
          "max-age=31536000; includeSubDomains"
        ],
        "Server": [
          "Microsoft-IIS/8.5"
        ],
        "X-AspNet-Version": [
          "4.0.30319"
        ],
        "X-Powered-By": [
          "ASP.NET"
        ],
        "x-ms-ratelimit-remaining-subscription-reads": [
          "11988"
        ],
        "x-ms-correlation-request-id": [
          "ddc80d5c-8989-48f6-a59a-0641cbfeda68"
        ],
        "x-ms-routing-request-id": [
          "WESTUS:20191021T184052Z:ddc80d5c-8989-48f6-a59a-0641cbfeda68"
        ],
        "X-Content-Type-Options": [
          "nosniff"
        ],
        "Date": [
          "Mon, 21 Oct 2019 18:40:51 GMT"
        ],
        "Expires": [
          "-1"
        ]
      },
      "ResponseBody": "",
      "StatusCode": 204
    }
  ],
  "Names": {
    "Test-FrontDoorCrudWithPiping": [
      "ps3438",
      "ps9760"
    ]
  },
  "Variables": {
    "SubscriptionId": "47f4bc68-6fe4-43a2-be8b-dfd0e290efa2"
  }
}