{
  "Entries": [
    {
      "RequestUri": "//subscriptions/4004a9fd-d58e-48dc-aeb2-4a4aec58606f/providers/Microsoft.Authorization/roleDefinitions/032f61d2-ed09-40c9-8657-26a273da7bae?api-version=2015-07-01",
      "EncodedRequestUri": "Ly9zdWJzY3JpcHRpb25zLzQwMDRhOWZkLWQ1OGUtNDhkYy1hZWIyLTRhNGFlYzU4NjA2Zi9wcm92aWRlcnMvTWljcm9zb2Z0LkF1dGhvcml6YXRpb24vcm9sZURlZmluaXRpb25zLzAzMmY2MWQyLWVkMDktNDBjOS04NjU3LTI2YTI3M2RhN2JhZT9hcGktdmVyc2lvbj0yMDE1LTA3LTAx",
      "RequestMethod": "PUT",
      "RequestBody": "{\r\n  \"properties\": {\r\n    \"roleName\": \"Another tests role\",\r\n    \"description\": \"Test role\",\r\n    \"type\": \"CustomRole\",\r\n    \"permissions\": [\r\n      {\r\n        \"actions\": [\r\n          \"Microsoft.Authorization/*/read\",\r\n          \"Microsoft.Support/*\"\r\n        ],\r\n        \"notActions\": []\r\n      }\r\n    ],\r\n    \"assignableScopes\": [\r\n      \"/subscriptions/4004a9fd-d58e-48dc-aeb2-4a4aec58606f\",\r\n      \"/subscriptions/4004a9fd-d58e-48dc-aeb2-4a4aec58606f/ResourceGroups/rbactest\"\r\n    ]\r\n  }\r\n}",
      "RequestHeaders": {
        "Content-Type": [
          "application/json; charset=utf-8"
        ],
        "Content-Length": [
          "494"
        ],
        "x-ms-client-request-id": [
          "07ee64a9-3760-46af-869d-9ff4c399b155"
        ],
        "accept-language": [
          "en-US"
        ],
        "User-Agent": [
          "FxVersion/4.7.2556.0",
          "OSName/Windows10Enterprise",
          "OSVersion/6.3.16299",
          "Microsoft.Azure.Management.Authorization.AuthorizationManagementClient/1.0.0.0"
        ]
      },
      "ResponseBody": "{\r\n  \"properties\": {\r\n    \"roleName\": \"Another tests role\",\r\n    \"type\": \"CustomRole\",\r\n    \"description\": \"Test role\",\r\n    \"assignableScopes\": [\r\n      \"/subscriptions/4004a9fd-d58e-48dc-aeb2-4a4aec58606f\",\r\n      \"/subscriptions/4004a9fd-d58e-48dc-aeb2-4a4aec58606f/ResourceGroups/rbactest\"\r\n    ],\r\n    \"permissions\": [\r\n      {\r\n        \"actions\": [\r\n          \"Microsoft.Authorization/*/read\",\r\n          \"Microsoft.Support/*\"\r\n        ],\r\n        \"notActions\": []\r\n      }\r\n    ],\r\n    \"createdOn\": \"2017-11-30T17:57:04.851061Z\",\r\n    \"updatedOn\": \"2017-11-30T17:57:04.851061Z\",\r\n    \"createdBy\": \"f8d526a0-54eb-4941-ae69-ebf4a334d0f0\",\r\n    \"updatedBy\": \"f8d526a0-54eb-4941-ae69-ebf4a334d0f0\"\r\n  },\r\n  \"id\": \"/subscriptions/4004a9fd-d58e-48dc-aeb2-4a4aec58606f/providers/Microsoft.Authorization/roleDefinitions/032f61d2-ed09-40c9-8657-26a273da7bae\",\r\n  \"type\": \"Microsoft.Authorization/roleDefinitions\",\r\n  \"name\": \"032f61d2-ed09-40c9-8657-26a273da7bae\"\r\n}",
      "ResponseHeaders": {
        "Content-Length": [
          "777"
        ],
        "Content-Type": [
          "application/json; charset=utf-8"
        ],
        "Expires": [
          "-1"
        ],
        "Pragma": [
          "no-cache"
        ],
        "x-ms-request-id": [
          "5d91d244-0274-4323-85fc-fb98aaf775ea"
        ],
        "X-Content-Type-Options": [
          "nosniff"
        ],
        "Strict-Transport-Security": [
          "max-age=31536000; includeSubDomains"
        ],
        "x-ms-ratelimit-remaining-subscription-writes": [
          "1199"
        ],
        "x-ms-correlation-request-id": [
          "366d4538-eaef-4d23-8f89-54877fb42127"
        ],
        "x-ms-routing-request-id": [
          "WESTUS2:20171130T175706Z:366d4538-eaef-4d23-8f89-54877fb42127"
        ],
        "Cache-Control": [
          "no-cache"
        ],
        "Date": [
          "Thu, 30 Nov 2017 17:57:05 GMT"
        ],
        "Set-Cookie": [
          "x-ms-gateway-slice=productionb; path=/; secure; HttpOnly"
        ],
        "Server": [
          "Microsoft-IIS/8.5"
        ],
        "X-Powered-By": [
          "ASP.NET"
        ]
      },
      "StatusCode": 201
    },
    {
      "RequestUri": "//subscriptions/4004a9fd-d58e-48dc-aeb2-4a4aec58606f/providers/Microsoft.Authorization/roleDefinitions?$filter=roleName%20eq%20'Another%20tests%20role'&api-version=2015-07-01",
      "EncodedRequestUri": "Ly9zdWJzY3JpcHRpb25zLzQwMDRhOWZkLWQ1OGUtNDhkYy1hZWIyLTRhNGFlYzU4NjA2Zi9wcm92aWRlcnMvTWljcm9zb2Z0LkF1dGhvcml6YXRpb24vcm9sZURlZmluaXRpb25zPyRmaWx0ZXI9cm9sZU5hbWUlMjBlcSUyMCdBbm90aGVyJTIwdGVzdHMlMjByb2xlJyZhcGktdmVyc2lvbj0yMDE1LTA3LTAx",
      "RequestMethod": "GET",
      "RequestBody": "",
      "RequestHeaders": {
        "x-ms-client-request-id": [
          "a2218440-524b-4048-8e8f-6308736c37d3"
        ],
        "accept-language": [
          "en-US"
        ],
        "User-Agent": [
          "FxVersion/4.7.2556.0",
          "OSName/Windows10Enterprise",
          "OSVersion/6.3.16299",
          "Microsoft.Azure.Management.Authorization.AuthorizationManagementClient/1.0.0.0"
        ]
      },
      "ResponseBody": "{\r\n  \"value\": [\r\n    {\r\n      \"properties\": {\r\n        \"roleName\": \"Another tests role\",\r\n        \"type\": \"CustomRole\",\r\n        \"description\": \"Test role\",\r\n        \"assignableScopes\": [\r\n          \"/subscriptions/4004a9fd-d58e-48dc-aeb2-4a4aec58606f\",\r\n          \"/subscriptions/4004a9fd-d58e-48dc-aeb2-4a4aec58606f/ResourceGroups/rbactest\"\r\n        ],\r\n        \"permissions\": [\r\n          {\r\n            \"actions\": [\r\n              \"Microsoft.Authorization/*/read\",\r\n              \"Microsoft.Support/*\"\r\n            ],\r\n            \"notActions\": []\r\n          }\r\n        ],\r\n        \"createdOn\": \"2017-11-30T17:57:04.851061Z\",\r\n        \"updatedOn\": \"2017-11-30T17:57:04.851061Z\",\r\n        \"createdBy\": \"f8d526a0-54eb-4941-ae69-ebf4a334d0f0\",\r\n        \"updatedBy\": \"f8d526a0-54eb-4941-ae69-ebf4a334d0f0\"\r\n      },\r\n      \"id\": \"/subscriptions/4004a9fd-d58e-48dc-aeb2-4a4aec58606f/providers/Microsoft.Authorization/roleDefinitions/032f61d2-ed09-40c9-8657-26a273da7bae\",\r\n      \"type\": \"Microsoft.Authorization/roleDefinitions\",\r\n      \"name\": \"032f61d2-ed09-40c9-8657-26a273da7bae\"\r\n    }\r\n  ]\r\n}",
      "ResponseHeaders": {
        "Content-Length": [
          "789"
        ],
        "Content-Type": [
          "application/json; charset=utf-8"
        ],
        "Expires": [
          "-1"
        ],
        "Pragma": [
          "no-cache"
        ],
        "x-ms-request-id": [
          "faf81e69-bfa7-41f2-b523-60fc59acfffc"
        ],
        "X-Content-Type-Options": [
          "nosniff"
        ],
        "Strict-Transport-Security": [
          "max-age=31536000; includeSubDomains"
        ],
        "x-ms-ratelimit-remaining-subscription-reads": [
          "14999"
        ],
        "x-ms-correlation-request-id": [
          "e063e539-d857-4d33-8ef6-bdcbd9625b48"
        ],
        "x-ms-routing-request-id": [
          "WESTUS2:20171130T175706Z:e063e539-d857-4d33-8ef6-bdcbd9625b48"
        ],
        "Cache-Control": [
          "no-cache"
        ],
        "Date": [
          "Thu, 30 Nov 2017 17:57:06 GMT"
        ],
        "Set-Cookie": [
          "x-ms-gateway-slice=productionb; path=/; secure; HttpOnly"
        ],
        "Server": [
          "Microsoft-IIS/8.5"
        ],
        "X-Powered-By": [
          "ASP.NET"
        ]
      },
      "StatusCode": 200
    },
    {
      "RequestUri": "//subscriptions/4004a9fd-d58e-48dc-aeb2-4a4aec58606f/resourcegroups/AzureStackSDK/providers/Microsoft.Authorization/roleDefinitions/032f61d2-ed09-40c9-8657-26a273da7bae?api-version=2015-07-01",
      "EncodedRequestUri": "Ly9zdWJzY3JpcHRpb25zLzQwMDRhOWZkLWQ1OGUtNDhkYy1hZWIyLTRhNGFlYzU4NjA2Zi9yZXNvdXJjZWdyb3Vwcy9BenVyZVN0YWNrU0RLL3Byb3ZpZGVycy9NaWNyb3NvZnQuQXV0aG9yaXphdGlvbi9yb2xlRGVmaW5pdGlvbnMvMDMyZjYxZDItZWQwOS00MGM5LTg2NTctMjZhMjczZGE3YmFlP2FwaS12ZXJzaW9uPTIwMTUtMDctMDE=",
      "RequestMethod": "GET",
      "RequestBody": "",
      "RequestHeaders": {
        "x-ms-client-request-id": [
          "c97cd38f-bb59-42d2-ad13-d6d33c0fac47"
        ],
        "accept-language": [
          "en-US"
        ],
        "User-Agent": [
          "FxVersion/4.7.2556.0",
          "OSName/Windows10Enterprise",
          "OSVersion/6.3.16299",
          "Microsoft.Azure.Management.Authorization.AuthorizationManagementClient/1.0.0.0"
        ]
      },
      "ResponseBody": "{\r\n  \"properties\": {\r\n    \"roleName\": \"Another tests role\",\r\n    \"type\": \"CustomRole\",\r\n    \"description\": \"Test role\",\r\n    \"assignableScopes\": [\r\n      \"/subscriptions/4004a9fd-d58e-48dc-aeb2-4a4aec58606f\",\r\n      \"/subscriptions/4004a9fd-d58e-48dc-aeb2-4a4aec58606f/ResourceGroups/rbactest\"\r\n    ],\r\n    \"permissions\": [\r\n      {\r\n        \"actions\": [\r\n          \"Microsoft.Authorization/*/read\",\r\n          \"Microsoft.Support/*\"\r\n        ],\r\n        \"notActions\": []\r\n      }\r\n    ],\r\n    \"createdOn\": \"2017-11-30T17:57:04.851061Z\",\r\n    \"updatedOn\": \"2017-11-30T17:57:04.851061Z\",\r\n    \"createdBy\": \"f8d526a0-54eb-4941-ae69-ebf4a334d0f0\",\r\n    \"updatedBy\": \"f8d526a0-54eb-4941-ae69-ebf4a334d0f0\"\r\n  },\r\n  \"id\": \"/subscriptions/4004a9fd-d58e-48dc-aeb2-4a4aec58606f/providers/Microsoft.Authorization/roleDefinitions/032f61d2-ed09-40c9-8657-26a273da7bae\",\r\n  \"type\": \"Microsoft.Authorization/roleDefinitions\",\r\n  \"name\": \"032f61d2-ed09-40c9-8657-26a273da7bae\"\r\n}",
      "ResponseHeaders": {
        "Content-Length": [
          "777"
        ],
        "Content-Type": [
          "application/json; charset=utf-8"
        ],
        "Expires": [
          "-1"
        ],
        "Pragma": [
          "no-cache"
        ],
        "x-ms-request-id": [
          "9d08c524-c98b-4f69-b4e6-6a7cc35e1571"
        ],
        "X-Content-Type-Options": [
          "nosniff"
        ],
        "Strict-Transport-Security": [
          "max-age=31536000; includeSubDomains"
        ],
        "x-ms-ratelimit-remaining-subscription-reads": [
          "14998"
        ],
        "x-ms-correlation-request-id": [
          "51ea2d2c-b1f6-4278-a5ed-b065e3436071"
        ],
        "x-ms-routing-request-id": [
          "WESTUS2:20171130T175707Z:51ea2d2c-b1f6-4278-a5ed-b065e3436071"
        ],
        "Cache-Control": [
          "no-cache"
        ],
        "Date": [
          "Thu, 30 Nov 2017 17:57:06 GMT"
        ],
        "Set-Cookie": [
          "x-ms-gateway-slice=productionb; path=/; secure; HttpOnly"
        ],
        "Server": [
          "Microsoft-IIS/8.5"
        ],
        "X-Powered-By": [
          "ASP.NET"
        ]
      },
      "StatusCode": 200
    },
    {
      "RequestUri": "//subscriptions/4004a9fd-d58e-48dc-aeb2-4a4aec58606f/resourcegroups/AzureStackSDK/providers/Microsoft.Authorization/roleDefinitions/032f61d2-ed09-40c9-8657-26a273da7bae?api-version=2015-07-01",
      "EncodedRequestUri": "Ly9zdWJzY3JpcHRpb25zLzQwMDRhOWZkLWQ1OGUtNDhkYy1hZWIyLTRhNGFlYzU4NjA2Zi9yZXNvdXJjZWdyb3Vwcy9BenVyZVN0YWNrU0RLL3Byb3ZpZGVycy9NaWNyb3NvZnQuQXV0aG9yaXphdGlvbi9yb2xlRGVmaW5pdGlvbnMvMDMyZjYxZDItZWQwOS00MGM5LTg2NTctMjZhMjczZGE3YmFlP2FwaS12ZXJzaW9uPTIwMTUtMDctMDE=",
      "RequestMethod": "PUT",
      "RequestBody": "{\r\n  \"properties\": {\r\n    \"roleName\": \"Another tests role\",\r\n    \"description\": \"Test role\",\r\n    \"type\": \"CustomRole\",\r\n    \"permissions\": [\r\n      {\r\n        \"actions\": [\r\n          \"Microsoft.Authorization/*/read\",\r\n          \"Microsoft.Support/*\"\r\n        ],\r\n        \"notActions\": []\r\n      }\r\n    ],\r\n    \"assignableScopes\": [\r\n      \"/subscriptions/4004a9fd-d58e-48dc-aeb2-4a4aec58606f/resourcegroups/AzureStackSDK\",\r\n      \"/subscriptions/4004a9fd-d58e-48dc-aeb2-4a4aec58606f/ResourceGroups/rbactest\",\r\n      \"/subscriptions/4004a9fd-d58e-48dc-aeb2-4a4aec58606f\"\r\n    ]\r\n  }\r\n}",
      "RequestHeaders": {
        "Content-Type": [
          "application/json; charset=utf-8"
        ],
        "Content-Length": [
          "585"
        ],
        "x-ms-client-request-id": [
          "c5e3d2b3-258b-4e84-b7b0-ca4f3ec80f92"
        ],
        "accept-language": [
          "en-US"
        ],
        "User-Agent": [
          "FxVersion/4.7.2556.0",
          "OSName/Windows10Enterprise",
          "OSVersion/6.3.16299",
          "Microsoft.Azure.Management.Authorization.AuthorizationManagementClient/1.0.0.0"
        ]
      },
      "ResponseBody": "{\r\n  \"properties\": {\r\n    \"roleName\": \"Another tests role\",\r\n    \"type\": \"CustomRole\",\r\n    \"description\": \"Test role\",\r\n    \"assignableScopes\": [\r\n      \"/subscriptions/4004a9fd-d58e-48dc-aeb2-4a4aec58606f/resourcegroups/AzureStackSDK\",\r\n      \"/subscriptions/4004a9fd-d58e-48dc-aeb2-4a4aec58606f/ResourceGroups/rbactest\",\r\n      \"/subscriptions/4004a9fd-d58e-48dc-aeb2-4a4aec58606f\"\r\n    ],\r\n    \"permissions\": [\r\n      {\r\n        \"actions\": [\r\n          \"Microsoft.Authorization/*/read\",\r\n          \"Microsoft.Support/*\"\r\n        ],\r\n        \"notActions\": []\r\n      }\r\n    ],\r\n    \"createdOn\": \"2017-11-30T17:57:07.3334517Z\",\r\n    \"updatedOn\": \"2017-11-30T17:57:07.3334517Z\",\r\n    \"createdBy\": null,\r\n    \"updatedBy\": \"f8d526a0-54eb-4941-ae69-ebf4a334d0f0\"\r\n  },\r\n  \"id\": \"/subscriptions/4004a9fd-d58e-48dc-aeb2-4a4aec58606f/providers/Microsoft.Authorization/roleDefinitions/032f61d2-ed09-40c9-8657-26a273da7bae\",\r\n  \"type\": \"Microsoft.Authorization/roleDefinitions\",\r\n  \"name\": \"032f61d2-ed09-40c9-8657-26a273da7bae\"\r\n}",
      "ResponseHeaders": {
        "Content-Length": [
          "826"
        ],
        "Content-Type": [
          "application/json; charset=utf-8"
        ],
        "Expires": [
          "-1"
        ],
        "Pragma": [
          "no-cache"
        ],
        "x-ms-request-id": [
          "87874662-083b-4ed7-b6f4-beb369928a25"
        ],
        "X-Content-Type-Options": [
          "nosniff"
        ],
        "Strict-Transport-Security": [
          "max-age=31536000; includeSubDomains"
        ],
        "x-ms-ratelimit-remaining-subscription-writes": [
          "1198"
        ],
        "x-ms-correlation-request-id": [
          "605686b7-fddd-4d72-abc6-d12d3a7154e0"
        ],
        "x-ms-routing-request-id": [
          "WESTUS2:20171130T175708Z:605686b7-fddd-4d72-abc6-d12d3a7154e0"
        ],
        "Cache-Control": [
          "no-cache"
        ],
        "Date": [
          "Thu, 30 Nov 2017 17:57:08 GMT"
        ],
        "Set-Cookie": [
          "x-ms-gateway-slice=productionb; path=/; secure; HttpOnly"
        ],
        "Server": [
          "Microsoft-IIS/8.5"
        ],
        "X-Powered-By": [
          "ASP.NET"
        ]
      },
      "StatusCode": 201
    },
    {
      "RequestUri": "//subscriptions/4004a9fd-d58e-48dc-aeb2-4a4aec58606f/providers/Microsoft.Authorization/roleDefinitions/032f61d2-ed09-40c9-8657-26a273da7bae?api-version=2015-07-01",
      "EncodedRequestUri": "Ly9zdWJzY3JpcHRpb25zLzQwMDRhOWZkLWQ1OGUtNDhkYy1hZWIyLTRhNGFlYzU4NjA2Zi9wcm92aWRlcnMvTWljcm9zb2Z0LkF1dGhvcml6YXRpb24vcm9sZURlZmluaXRpb25zLzAzMmY2MWQyLWVkMDktNDBjOS04NjU3LTI2YTI3M2RhN2JhZT9hcGktdmVyc2lvbj0yMDE1LTA3LTAx",
      "RequestMethod": "GET",
      "RequestBody": "",
      "RequestHeaders": {
        "x-ms-client-request-id": [
          "f0826d90-f017-4426-9c52-33b26eb662c0"
        ],
        "accept-language": [
          "en-US"
        ],
        "User-Agent": [
          "FxVersion/4.7.2556.0",
          "OSName/Windows10Enterprise",
          "OSVersion/6.3.16299",
          "Microsoft.Azure.Management.Authorization.AuthorizationManagementClient/1.0.0.0"
        ]
      },
      "ResponseBody": "{\r\n  \"properties\": {\r\n    \"roleName\": \"Another tests role\",\r\n    \"type\": \"CustomRole\",\r\n    \"description\": \"Test role\",\r\n    \"assignableScopes\": [\r\n      \"/subscriptions/4004a9fd-d58e-48dc-aeb2-4a4aec58606f\",\r\n      \"/subscriptions/4004a9fd-d58e-48dc-aeb2-4a4aec58606f/ResourceGroups/rbactest\"\r\n    ],\r\n    \"permissions\": [\r\n      {\r\n        \"actions\": [\r\n          \"Microsoft.Authorization/*/read\",\r\n          \"Microsoft.Support/*\",\r\n          \"Microsoft.Authorization/*/read\"\r\n        ],\r\n        \"notActions\": []\r\n      }\r\n    ],\r\n    \"createdOn\": \"2017-11-30T17:56:33.2150849Z\",\r\n    \"updatedOn\": \"2017-11-30T17:56:35.4523118Z\",\r\n    \"createdBy\": \"f8d526a0-54eb-4941-ae69-ebf4a334d0f0\",\r\n    \"updatedBy\": \"f8d526a0-54eb-4941-ae69-ebf4a334d0f0\"\r\n  },\r\n  \"id\": \"/subscriptions/4004a9fd-d58e-48dc-aeb2-4a4aec58606f/providers/Microsoft.Authorization/roleDefinitions/032f61d2-ed09-40c9-8657-26a273da7bae\",\r\n  \"type\": \"Microsoft.Authorization/roleDefinitions\",\r\n  \"name\": \"032f61d2-ed09-40c9-8657-26a273da7bae\"\r\n}",
      "ResponseHeaders": {
        "Content-Length": [
          "810"
        ],
        "Content-Type": [
          "application/json; charset=utf-8"
        ],
        "Expires": [
          "-1"
        ],
        "Pragma": [
          "no-cache"
        ],
        "x-ms-request-id": [
          "0544343b-5b26-433a-aa34-081b7b9385dc"
        ],
        "X-Content-Type-Options": [
          "nosniff"
        ],
        "Strict-Transport-Security": [
          "max-age=31536000; includeSubDomains"
        ],
        "x-ms-ratelimit-remaining-subscription-reads": [
          "14997"
        ],
        "x-ms-correlation-request-id": [
          "572bd1ed-d974-4567-83c8-08896a5d7194"
        ],
        "x-ms-routing-request-id": [
          "WESTUS2:20171130T175709Z:572bd1ed-d974-4567-83c8-08896a5d7194"
        ],
        "Cache-Control": [
          "no-cache"
        ],
        "Date": [
          "Thu, 30 Nov 2017 17:57:08 GMT"
        ],
        "Set-Cookie": [
          "x-ms-gateway-slice=productionb; path=/; secure; HttpOnly"
        ],
        "Server": [
          "Microsoft-IIS/8.5"
        ],
        "X-Powered-By": [
          "ASP.NET"
        ]
      },
      "StatusCode": 200
    },
    {
      "RequestUri": "//subscriptions/4004a9fd-d58e-48dc-aeb2-4a4aec58606f/providers/Microsoft.Authorization/roleDefinitions/032f61d2-ed09-40c9-8657-26a273da7bae?api-version=2015-07-01",
      "EncodedRequestUri": "Ly9zdWJzY3JpcHRpb25zLzQwMDRhOWZkLWQ1OGUtNDhkYy1hZWIyLTRhNGFlYzU4NjA2Zi9wcm92aWRlcnMvTWljcm9zb2Z0LkF1dGhvcml6YXRpb24vcm9sZURlZmluaXRpb25zLzAzMmY2MWQyLWVkMDktNDBjOS04NjU3LTI2YTI3M2RhN2JhZT9hcGktdmVyc2lvbj0yMDE1LTA3LTAx",
      "RequestMethod": "DELETE",
      "RequestBody": "",
      "RequestHeaders": {
        "x-ms-client-request-id": [
          "07319df4-1885-433e-bcbd-d5b50c3a04fe"
        ],
        "accept-language": [
          "en-US"
        ],
        "User-Agent": [
          "FxVersion/4.7.2556.0",
          "OSName/Windows10Enterprise",
          "OSVersion/6.3.16299",
          "Microsoft.Azure.Management.Authorization.AuthorizationManagementClient/1.0.0.0"
        ]
      },
      "ResponseBody": "{\r\n  \"properties\": {\r\n    \"roleName\": \"Another tests role\",\r\n    \"type\": \"CustomRole\",\r\n    \"description\": \"Test role\",\r\n    \"assignableScopes\": [\r\n      \"/subscriptions/4004a9fd-d58e-48dc-aeb2-4a4aec58606f/resourcegroups/AzureStackSDK\",\r\n      \"/subscriptions/4004a9fd-d58e-48dc-aeb2-4a4aec58606f/ResourceGroups/rbactest\",\r\n      \"/subscriptions/4004a9fd-d58e-48dc-aeb2-4a4aec58606f\"\r\n    ],\r\n    \"permissions\": [\r\n      {\r\n        \"actions\": [\r\n          \"Microsoft.Authorization/*/read\",\r\n          \"Microsoft.Support/*\"\r\n        ],\r\n        \"notActions\": []\r\n      }\r\n    ],\r\n    \"createdOn\": \"2017-11-30T17:57:04.851061Z\",\r\n    \"updatedOn\": \"2017-11-30T17:57:07.3334517Z\",\r\n    \"createdBy\": \"f8d526a0-54eb-4941-ae69-ebf4a334d0f0\",\r\n    \"updatedBy\": \"f8d526a0-54eb-4941-ae69-ebf4a334d0f0\"\r\n  },\r\n  \"id\": \"/subscriptions/4004a9fd-d58e-48dc-aeb2-4a4aec58606f/providers/Microsoft.Authorization/roleDefinitions/032f61d2-ed09-40c9-8657-26a273da7bae\",\r\n  \"type\": \"Microsoft.Authorization/roleDefinitions\",\r\n  \"name\": \"032f61d2-ed09-40c9-8657-26a273da7bae\"\r\n}",
      "ResponseHeaders": {
        "Content-Length": [
          "860"
        ],
        "Content-Type": [
          "application/json; charset=utf-8"
        ],
        "Expires": [
          "-1"
        ],
        "Pragma": [
          "no-cache"
        ],
        "x-ms-request-id": [
          "fb31bb83-a5c7-4f47-ba8f-52a00f168486"
        ],
        "X-Content-Type-Options": [
          "nosniff"
        ],
        "Strict-Transport-Security": [
          "max-age=31536000; includeSubDomains"
        ],
        "x-ms-ratelimit-remaining-subscription-writes": [
          "1197"
        ],
        "x-ms-correlation-request-id": [
          "6ec7bd91-a4a7-45e7-8fef-918a2a7fb479"
        ],
        "x-ms-routing-request-id": [
          "WESTUS2:20171130T175710Z:6ec7bd91-a4a7-45e7-8fef-918a2a7fb479"
        ],
        "Cache-Control": [
          "no-cache"
        ],
        "Date": [
          "Thu, 30 Nov 2017 17:57:09 GMT"
        ],
        "Set-Cookie": [
          "x-ms-gateway-slice=productionb; path=/; secure; HttpOnly"
        ],
        "Server": [
          "Microsoft-IIS/8.5"
        ],
        "X-Powered-By": [
          "ASP.NET"
        ]
      },
      "StatusCode": 200
    }
  ],
  "Names": {},
  "Variables": {
    "SubscriptionId": "4004a9fd-d58e-48dc-aeb2-4a4aec58606f",
    "TenantId": "1273adef-00a3-4086-a51a-dbcce1857d36",
    "Domain": "rbacclitest.onmicrosoft.com"
  }
}