{
  "Entries": [
    {
      "RequestUri": "//subscriptions/4004a9fd-d58e-48dc-aeb2-4a4aec58606f/providers/Microsoft.Authorization/roleDefinitions/8d7dd69e-9ae2-44a1-94d8-f7bc8e12645e?api-version=2015-07-01",
      "EncodedRequestUri": "Ly9zdWJzY3JpcHRpb25zLzQwMDRhOWZkLWQ1OGUtNDhkYy1hZWIyLTRhNGFlYzU4NjA2Zi9wcm92aWRlcnMvTWljcm9zb2Z0LkF1dGhvcml6YXRpb24vcm9sZURlZmluaXRpb25zLzhkN2RkNjllLTlhZTItNDRhMS05NGQ4LWY3YmM4ZTEyNjQ1ZT9hcGktdmVyc2lvbj0yMDE1LTA3LTAx",
      "RequestMethod": "PUT",
      "RequestBody": "{\r\n  \"properties\": {\r\n    \"roleName\": \"CustomRole Tests Role\",\r\n    \"description\": \"Test role\",\r\n    \"type\": \"CustomRole\",\r\n    \"permissions\": [\r\n      {\r\n        \"actions\": [\r\n          \"Microsoft.Authorization/*/read\",\r\n          \"Microsoft.Support/*\"\r\n        ],\r\n        \"notActions\": []\r\n      }\r\n    ],\r\n    \"assignableScopes\": [\r\n      \"/subscriptions/4004a9fd-d58e-48dc-aeb2-4a4aec58606f\"\r\n    ]\r\n  }\r\n}",
      "RequestHeaders": {
        "Content-Type": [
          "application/json; charset=utf-8"
        ],
        "Content-Length": [
          "411"
        ],
        "x-ms-client-request-id": [
          "58f54621-051a-4505-bb68-9ba7c931c9fb"
        ],
        "accept-language": [
          "en-US"
        ],
        "User-Agent": [
          "FxVersion/4.7.2556.0",
          "OSName/Windows10Enterprise",
          "OSVersion/6.3.16299",
          "Microsoft.Azure.Management.Authorization.AuthorizationManagementClient/1.0.0.0"
        ]
      },
      "ResponseBody": "{\r\n  \"properties\": {\r\n    \"roleName\": \"CustomRole Tests Role\",\r\n    \"type\": \"CustomRole\",\r\n    \"description\": \"Test role\",\r\n    \"assignableScopes\": [\r\n      \"/subscriptions/4004a9fd-d58e-48dc-aeb2-4a4aec58606f\"\r\n    ],\r\n    \"permissions\": [\r\n      {\r\n        \"actions\": [\r\n          \"Microsoft.Authorization/*/read\",\r\n          \"Microsoft.Support/*\"\r\n        ],\r\n        \"notActions\": []\r\n      }\r\n    ],\r\n    \"createdOn\": \"2017-11-30T00:42:28.7539209Z\",\r\n    \"updatedOn\": \"2017-11-30T00:42:28.7539209Z\",\r\n    \"createdBy\": \"f8d526a0-54eb-4941-ae69-ebf4a334d0f0\",\r\n    \"updatedBy\": \"f8d526a0-54eb-4941-ae69-ebf4a334d0f0\"\r\n  },\r\n  \"id\": \"/subscriptions/4004a9fd-d58e-48dc-aeb2-4a4aec58606f/providers/Microsoft.Authorization/roleDefinitions/8d7dd69e-9ae2-44a1-94d8-f7bc8e12645e\",\r\n  \"type\": \"Microsoft.Authorization/roleDefinitions\",\r\n  \"name\": \"8d7dd69e-9ae2-44a1-94d8-f7bc8e12645e\"\r\n}",
      "ResponseHeaders": {
        "Content-Length": [
          "702"
        ],
        "Content-Type": [
          "application/json; charset=utf-8"
        ],
        "Expires": [
          "-1"
        ],
        "Pragma": [
          "no-cache"
        ],
        "x-ms-request-charge": [
          "2"
        ],
        "x-ms-request-id": [
          "57aaf411-8971-4b55-b3bd-0d9954deb197"
        ],
        "X-Content-Type-Options": [
          "nosniff"
        ],
        "Strict-Transport-Security": [
          "max-age=31536000; includeSubDomains"
        ],
        "x-ms-ratelimit-remaining-subscription-writes": [
          "1191"
        ],
        "x-ms-correlation-request-id": [
          "65de038e-7fa8-4cab-9803-71ce237def9c"
        ],
        "x-ms-routing-request-id": [
          "CENTRALUSEUAP:20171130T004230Z:65de038e-7fa8-4cab-9803-71ce237def9c"
        ],
        "Cache-Control": [
          "no-cache"
        ],
        "Date": [
          "Thu, 30 Nov 2017 00:42:30 GMT"
        ],
        "Set-Cookie": [
          "x-ms-gateway-slice=productionb; path=/; secure; HttpOnly"
        ],
        "Server": [
          "Microsoft-IIS/8.5"
        ],
        "X-Powered-By": [
          "ASP.NET"
        ]
      },
      "StatusCode": 201
    },
    {
      "RequestUri": "//subscriptions/4004a9fd-d58e-48dc-aeb2-4a4aec58606f/providers/Microsoft.Authorization/roleDefinitions?$filter=roleName%20eq%20'CustomRole%20Tests%20Role'&api-version=2015-07-01",
      "EncodedRequestUri": "Ly9zdWJzY3JpcHRpb25zLzQwMDRhOWZkLWQ1OGUtNDhkYy1hZWIyLTRhNGFlYzU4NjA2Zi9wcm92aWRlcnMvTWljcm9zb2Z0LkF1dGhvcml6YXRpb24vcm9sZURlZmluaXRpb25zPyRmaWx0ZXI9cm9sZU5hbWUlMjBlcSUyMCdDdXN0b21Sb2xlJTIwVGVzdHMlMjBSb2xlJyZhcGktdmVyc2lvbj0yMDE1LTA3LTAx",
      "RequestMethod": "GET",
      "RequestBody": "",
      "RequestHeaders": {
        "x-ms-client-request-id": [
          "fa16f651-ea6b-4be3-8cf7-20ad1ca78261"
        ],
        "accept-language": [
          "en-US"
        ],
        "User-Agent": [
          "FxVersion/4.7.2556.0",
          "OSName/Windows10Enterprise",
          "OSVersion/6.3.16299",
          "Microsoft.Azure.Management.Authorization.AuthorizationManagementClient/1.0.0.0"
        ]
      },
      "ResponseBody": "{\r\n  \"value\": [\r\n    {\r\n      \"properties\": {\r\n        \"roleName\": \"CustomRole Tests Role\",\r\n        \"type\": \"CustomRole\",\r\n        \"description\": \"Test role\",\r\n        \"assignableScopes\": [\r\n          \"/subscriptions/4004a9fd-d58e-48dc-aeb2-4a4aec58606f\"\r\n        ],\r\n        \"permissions\": [\r\n          {\r\n            \"actions\": [\r\n              \"Microsoft.Authorization/*/read\",\r\n              \"Microsoft.Support/*\"\r\n            ],\r\n            \"notActions\": []\r\n          }\r\n        ],\r\n        \"createdOn\": \"2017-11-30T00:42:28.7539209Z\",\r\n        \"updatedOn\": \"2017-11-30T00:42:28.7539209Z\",\r\n        \"createdBy\": \"f8d526a0-54eb-4941-ae69-ebf4a334d0f0\",\r\n        \"updatedBy\": \"f8d526a0-54eb-4941-ae69-ebf4a334d0f0\"\r\n      },\r\n      \"id\": \"/subscriptions/4004a9fd-d58e-48dc-aeb2-4a4aec58606f/providers/Microsoft.Authorization/roleDefinitions/8d7dd69e-9ae2-44a1-94d8-f7bc8e12645e\",\r\n      \"type\": \"Microsoft.Authorization/roleDefinitions\",\r\n      \"name\": \"8d7dd69e-9ae2-44a1-94d8-f7bc8e12645e\"\r\n    }\r\n  ]\r\n}",
      "ResponseHeaders": {
        "Content-Length": [
          "714"
        ],
        "Content-Type": [
          "application/json; charset=utf-8"
        ],
        "Expires": [
          "-1"
        ],
        "Pragma": [
          "no-cache"
        ],
        "x-ms-request-charge": [
          "1"
        ],
        "x-ms-request-id": [
          "8dbecd8a-3a6b-49e7-bc45-5305a874c6e2"
        ],
        "X-Content-Type-Options": [
          "nosniff"
        ],
        "Strict-Transport-Security": [
          "max-age=31536000; includeSubDomains"
        ],
        "x-ms-ratelimit-remaining-subscription-reads": [
          "14971"
        ],
        "x-ms-correlation-request-id": [
          "f2581d76-3f28-4de6-9dab-7b37b9ace806"
        ],
        "x-ms-routing-request-id": [
          "CENTRALUSEUAP:20171130T004230Z:f2581d76-3f28-4de6-9dab-7b37b9ace806"
        ],
        "Cache-Control": [
          "no-cache"
        ],
        "Date": [
          "Thu, 30 Nov 2017 00:42:30 GMT"
        ],
        "Set-Cookie": [
          "x-ms-gateway-slice=productionb; path=/; secure; HttpOnly"
        ],
        "Server": [
          "Microsoft-IIS/8.5"
        ],
        "X-Powered-By": [
          "ASP.NET"
        ]
      },
      "StatusCode": 200
    },
    {
      "RequestUri": "//subscriptions/4004a9fd-d58e-48dc-aeb2-4a4aec58606f/providers/Microsoft.Authorization/roleDefinitions?$filter=roleName%20eq%20'Reader'&api-version=2015-07-01",
      "EncodedRequestUri": "Ly9zdWJzY3JpcHRpb25zLzQwMDRhOWZkLWQ1OGUtNDhkYy1hZWIyLTRhNGFlYzU4NjA2Zi9wcm92aWRlcnMvTWljcm9zb2Z0LkF1dGhvcml6YXRpb24vcm9sZURlZmluaXRpb25zPyRmaWx0ZXI9cm9sZU5hbWUlMjBlcSUyMCdSZWFkZXInJmFwaS12ZXJzaW9uPTIwMTUtMDctMDE=",
      "RequestMethod": "GET",
      "RequestBody": "",
      "RequestHeaders": {
        "x-ms-client-request-id": [
          "22276423-e96e-4fee-a15c-b7d89c39c7cf"
        ],
        "accept-language": [
          "en-US"
        ],
        "User-Agent": [
          "FxVersion/4.7.2556.0",
          "OSName/Windows10Enterprise",
          "OSVersion/6.3.16299",
          "Microsoft.Azure.Management.Authorization.AuthorizationManagementClient/1.0.0.0"
        ]
      },
      "ResponseBody": "{\r\n  \"value\": [\r\n    {\r\n      \"properties\": {\r\n        \"roleName\": \"Reader\",\r\n        \"type\": \"BuiltInRole\",\r\n        \"description\": \"Lets you view everything, but not make any changes.\",\r\n        \"assignableScopes\": [\r\n          \"/\"\r\n        ],\r\n        \"permissions\": [\r\n          {\r\n            \"actions\": [\r\n              \"*/read\"\r\n            ],\r\n            \"notActions\": []\r\n          }\r\n        ],\r\n        \"createdOn\": \"0001-01-01T08:00:00Z\",\r\n        \"updatedOn\": \"2016-08-19T00:03:56.0652623Z\",\r\n        \"createdBy\": null,\r\n        \"updatedBy\": null\r\n      },\r\n      \"id\": \"/subscriptions/4004a9fd-d58e-48dc-aeb2-4a4aec58606f/providers/Microsoft.Authorization/roleDefinitions/acdd72a7-3385-48ef-bd42-f606fba81ae7\",\r\n      \"type\": \"Microsoft.Authorization/roleDefinitions\",\r\n      \"name\": \"acdd72a7-3385-48ef-bd42-f606fba81ae7\"\r\n    }\r\n  ]\r\n}",
      "ResponseHeaders": {
        "Content-Length": [
          "578"
        ],
        "Content-Type": [
          "application/json; charset=utf-8"
        ],
        "Expires": [
          "-1"
        ],
        "Pragma": [
          "no-cache"
        ],
        "x-ms-request-charge": [
          "1"
        ],
        "x-ms-request-id": [
          "ddd189f2-469e-4c60-ba48-c5dd8e4237f8"
        ],
        "X-Content-Type-Options": [
          "nosniff"
        ],
        "Strict-Transport-Security": [
          "max-age=31536000; includeSubDomains"
        ],
        "x-ms-ratelimit-remaining-subscription-reads": [
          "14970"
        ],
        "x-ms-correlation-request-id": [
          "25fa5460-6c3e-4744-9067-efe17545e5a6"
        ],
        "x-ms-routing-request-id": [
          "CENTRALUSEUAP:20171130T004230Z:25fa5460-6c3e-4744-9067-efe17545e5a6"
        ],
        "Cache-Control": [
          "no-cache"
        ],
        "Date": [
          "Thu, 30 Nov 2017 00:42:30 GMT"
        ],
        "Set-Cookie": [
          "x-ms-gateway-slice=productionb; path=/; secure; HttpOnly"
        ],
        "Server": [
          "Microsoft-IIS/8.5"
        ],
        "X-Powered-By": [
          "ASP.NET"
        ]
      },
      "StatusCode": 200
    },
    {
      "RequestUri": "//subscriptions/4004a9fd-d58e-48dc-aeb2-4a4aec58606f/providers/Microsoft.Authorization/roleDefinitions/032f61d2-ed09-40c9-8657-26a273da7bae?api-version=2015-07-01",
      "EncodedRequestUri": "Ly9zdWJzY3JpcHRpb25zLzQwMDRhOWZkLWQ1OGUtNDhkYy1hZWIyLTRhNGFlYzU4NjA2Zi9wcm92aWRlcnMvTWljcm9zb2Z0LkF1dGhvcml6YXRpb24vcm9sZURlZmluaXRpb25zLzAzMmY2MWQyLWVkMDktNDBjOS04NjU3LTI2YTI3M2RhN2JhZT9hcGktdmVyc2lvbj0yMDE1LTA3LTAx",
      "RequestMethod": "PUT",
      "RequestBody": "{\r\n  \"properties\": {\r\n    \"roleName\": \"New Custom Reader\",\r\n    \"description\": \"Read, monitor and restart virtual machines\",\r\n    \"type\": \"CustomRole\",\r\n    \"permissions\": [\r\n      {\r\n        \"actions\": [\r\n          \"*/read\",\r\n          \"Microsoft.ClassicCompute/virtualMachines/restart/action\"\r\n        ],\r\n        \"notActions\": []\r\n      }\r\n    ],\r\n    \"assignableScopes\": [\r\n      \"/subscriptions/4004a9fd-d58e-48dc-aeb2-4a4aec58606f\"\r\n    ]\r\n  }\r\n}",
      "RequestHeaders": {
        "Content-Type": [
          "application/json; charset=utf-8"
        ],
        "Content-Length": [
          "452"
        ],
        "x-ms-client-request-id": [
          "71e44c73-52dd-4a5d-8e68-7c470f8db19d"
        ],
        "accept-language": [
          "en-US"
        ],
        "User-Agent": [
          "FxVersion/4.7.2556.0",
          "OSName/Windows10Enterprise",
          "OSVersion/6.3.16299",
          "Microsoft.Azure.Management.Authorization.AuthorizationManagementClient/1.0.0.0"
        ]
      },
      "ResponseBody": "{\r\n  \"properties\": {\r\n    \"roleName\": \"New Custom Reader\",\r\n    \"type\": \"CustomRole\",\r\n    \"description\": \"Read, monitor and restart virtual machines\",\r\n    \"assignableScopes\": [\r\n      \"/subscriptions/4004a9fd-d58e-48dc-aeb2-4a4aec58606f\"\r\n    ],\r\n    \"permissions\": [\r\n      {\r\n        \"actions\": [\r\n          \"*/read\",\r\n          \"Microsoft.ClassicCompute/virtualMachines/restart/action\"\r\n        ],\r\n        \"notActions\": []\r\n      }\r\n    ],\r\n    \"createdOn\": \"2017-11-30T00:42:30.9339329Z\",\r\n    \"updatedOn\": \"2017-11-30T00:42:30.9339329Z\",\r\n    \"createdBy\": \"f8d526a0-54eb-4941-ae69-ebf4a334d0f0\",\r\n    \"updatedBy\": \"f8d526a0-54eb-4941-ae69-ebf4a334d0f0\"\r\n  },\r\n  \"id\": \"/subscriptions/4004a9fd-d58e-48dc-aeb2-4a4aec58606f/providers/Microsoft.Authorization/roleDefinitions/032f61d2-ed09-40c9-8657-26a273da7bae\",\r\n  \"type\": \"Microsoft.Authorization/roleDefinitions\",\r\n  \"name\": \"032f61d2-ed09-40c9-8657-26a273da7bae\"\r\n}",
      "ResponseHeaders": {
        "Content-Length": [
          "743"
        ],
        "Content-Type": [
          "application/json; charset=utf-8"
        ],
        "Expires": [
          "-1"
        ],
        "Pragma": [
          "no-cache"
        ],
        "x-ms-request-charge": [
          "2"
        ],
        "x-ms-request-id": [
          "9656b836-7c98-484d-8ebc-ae35ba8a0840"
        ],
        "X-Content-Type-Options": [
          "nosniff"
        ],
        "Strict-Transport-Security": [
          "max-age=31536000; includeSubDomains"
        ],
        "x-ms-ratelimit-remaining-subscription-writes": [
          "1190"
        ],
        "x-ms-correlation-request-id": [
          "b79abe9b-eaea-4173-aa4e-69eb21dc0fb7"
        ],
        "x-ms-routing-request-id": [
          "CENTRALUSEUAP:20171130T004232Z:b79abe9b-eaea-4173-aa4e-69eb21dc0fb7"
        ],
        "Cache-Control": [
          "no-cache"
        ],
        "Date": [
          "Thu, 30 Nov 2017 00:42:31 GMT"
        ],
        "Set-Cookie": [
          "x-ms-gateway-slice=productionb; path=/; secure; HttpOnly"
        ],
        "Server": [
          "Microsoft-IIS/8.5"
        ],
        "X-Powered-By": [
          "ASP.NET"
        ]
      },
      "StatusCode": 201
    },
    {
      "RequestUri": "//subscriptions/4004a9fd-d58e-48dc-aeb2-4a4aec58606f/providers/Microsoft.Authorization/roleDefinitions?$filter=roleName%20eq%20'New%20Custom%20Reader'&api-version=2015-07-01",
      "EncodedRequestUri": "Ly9zdWJzY3JpcHRpb25zLzQwMDRhOWZkLWQ1OGUtNDhkYy1hZWIyLTRhNGFlYzU4NjA2Zi9wcm92aWRlcnMvTWljcm9zb2Z0LkF1dGhvcml6YXRpb24vcm9sZURlZmluaXRpb25zPyRmaWx0ZXI9cm9sZU5hbWUlMjBlcSUyMCdOZXclMjBDdXN0b20lMjBSZWFkZXInJmFwaS12ZXJzaW9uPTIwMTUtMDctMDE=",
      "RequestMethod": "GET",
      "RequestBody": "",
      "RequestHeaders": {
        "x-ms-client-request-id": [
          "4eff48b5-0b24-4f3f-80e6-6978a08e119d"
        ],
        "accept-language": [
          "en-US"
        ],
        "User-Agent": [
          "FxVersion/4.7.2556.0",
          "OSName/Windows10Enterprise",
          "OSVersion/6.3.16299",
          "Microsoft.Azure.Management.Authorization.AuthorizationManagementClient/1.0.0.0"
        ]
      },
      "ResponseBody": "{\r\n  \"value\": [\r\n    {\r\n      \"properties\": {\r\n        \"roleName\": \"New Custom Reader\",\r\n        \"type\": \"CustomRole\",\r\n        \"description\": \"Read, monitor and restart virtual machines\",\r\n        \"assignableScopes\": [\r\n          \"/subscriptions/4004a9fd-d58e-48dc-aeb2-4a4aec58606f\"\r\n        ],\r\n        \"permissions\": [\r\n          {\r\n            \"actions\": [\r\n              \"*/read\",\r\n              \"Microsoft.ClassicCompute/virtualMachines/restart/action\"\r\n            ],\r\n            \"notActions\": []\r\n          }\r\n        ],\r\n        \"createdOn\": \"2017-11-30T00:42:30.9339329Z\",\r\n        \"updatedOn\": \"2017-11-30T00:42:30.9339329Z\",\r\n        \"createdBy\": \"f8d526a0-54eb-4941-ae69-ebf4a334d0f0\",\r\n        \"updatedBy\": \"f8d526a0-54eb-4941-ae69-ebf4a334d0f0\"\r\n      },\r\n      \"id\": \"/subscriptions/4004a9fd-d58e-48dc-aeb2-4a4aec58606f/providers/Microsoft.Authorization/roleDefinitions/032f61d2-ed09-40c9-8657-26a273da7bae\",\r\n      \"type\": \"Microsoft.Authorization/roleDefinitions\",\r\n      \"name\": \"032f61d2-ed09-40c9-8657-26a273da7bae\"\r\n    }\r\n  ]\r\n}",
      "ResponseHeaders": {
        "Content-Length": [
          "755"
        ],
        "Content-Type": [
          "application/json; charset=utf-8"
        ],
        "Expires": [
          "-1"
        ],
        "Pragma": [
          "no-cache"
        ],
        "x-ms-request-charge": [
          "1"
        ],
        "x-ms-request-id": [
          "5765f897-2240-4a2a-b0de-cd2c05945bf7"
        ],
        "X-Content-Type-Options": [
          "nosniff"
        ],
        "Strict-Transport-Security": [
          "max-age=31536000; includeSubDomains"
        ],
        "x-ms-ratelimit-remaining-subscription-reads": [
          "14969"
        ],
        "x-ms-correlation-request-id": [
          "8acdf00a-f06e-4c88-a3a7-87b14b2cacfc"
        ],
        "x-ms-routing-request-id": [
          "CENTRALUSEUAP:20171130T004232Z:8acdf00a-f06e-4c88-a3a7-87b14b2cacfc"
        ],
        "Cache-Control": [
          "no-cache"
        ],
        "Date": [
          "Thu, 30 Nov 2017 00:42:31 GMT"
        ],
        "Set-Cookie": [
          "x-ms-gateway-slice=productionb; path=/; secure; HttpOnly"
        ],
        "Server": [
          "Microsoft-IIS/8.5"
        ],
        "X-Powered-By": [
          "ASP.NET"
        ]
      },
      "StatusCode": 200
    },
    {
      "RequestUri": "//subscriptions/4004a9fd-d58e-48dc-aeb2-4a4aec58606f/providers/Microsoft.Authorization/roleDefinitions/032f61d2-ed09-40c9-8657-26a273da7bae?api-version=2015-07-01",
      "EncodedRequestUri": "Ly9zdWJzY3JpcHRpb25zLzQwMDRhOWZkLWQ1OGUtNDhkYy1hZWIyLTRhNGFlYzU4NjA2Zi9wcm92aWRlcnMvTWljcm9zb2Z0LkF1dGhvcml6YXRpb24vcm9sZURlZmluaXRpb25zLzAzMmY2MWQyLWVkMDktNDBjOS04NjU3LTI2YTI3M2RhN2JhZT9hcGktdmVyc2lvbj0yMDE1LTA3LTAx",
      "RequestMethod": "GET",
      "RequestBody": "",
      "RequestHeaders": {
        "x-ms-client-request-id": [
          "26b75cae-acb8-4bc8-b9d8-5c7b4848a095"
        ],
        "accept-language": [
          "en-US"
        ],
        "User-Agent": [
          "FxVersion/4.7.2556.0",
          "OSName/Windows10Enterprise",
          "OSVersion/6.3.16299",
          "Microsoft.Azure.Management.Authorization.AuthorizationManagementClient/1.0.0.0"
        ]
      },
      "ResponseBody": "{\r\n  \"properties\": {\r\n    \"roleName\": \"Custom Reader Test\",\r\n    \"type\": \"CustomRole\",\r\n    \"description\": \"Read, monitor and restart virtual machines\",\r\n    \"assignableScopes\": [\r\n      \"/subscriptions/4004a9fd-d58e-48dc-aeb2-4a4aec58606f\"\r\n    ],\r\n    \"permissions\": [\r\n      {\r\n        \"actions\": [\r\n          \"*/read\",\r\n          \"Microsoft.ClassicCompute/virtualMachines/restart/action\"\r\n        ],\r\n        \"notActions\": []\r\n      }\r\n    ],\r\n    \"createdOn\": \"2017-11-29T20:47:03.9222518Z\",\r\n    \"updatedOn\": \"2017-11-29T21:07:49.4500373Z\",\r\n    \"createdBy\": \"f8d526a0-54eb-4941-ae69-ebf4a334d0f0\",\r\n    \"updatedBy\": \"f8d526a0-54eb-4941-ae69-ebf4a334d0f0\"\r\n  },\r\n  \"id\": \"/subscriptions/4004a9fd-d58e-48dc-aeb2-4a4aec58606f/providers/Microsoft.Authorization/roleDefinitions/032f61d2-ed09-40c9-8657-26a273da7bae\",\r\n  \"type\": \"Microsoft.Authorization/roleDefinitions\",\r\n  \"name\": \"032f61d2-ed09-40c9-8657-26a273da7bae\"\r\n}",
      "ResponseHeaders": {
        "Content-Length": [
          "744"
        ],
        "Content-Type": [
          "application/json; charset=utf-8"
        ],
        "Expires": [
          "-1"
        ],
        "Pragma": [
          "no-cache"
        ],
        "x-ms-request-charge": [
          "1"
        ],
        "x-ms-request-id": [
          "3f8fcee2-22c1-499f-8e46-4edc4224f14e"
        ],
        "X-Content-Type-Options": [
          "nosniff"
        ],
        "Strict-Transport-Security": [
          "max-age=31536000; includeSubDomains"
        ],
        "x-ms-ratelimit-remaining-subscription-reads": [
          "14968"
        ],
        "x-ms-correlation-request-id": [
          "065fae14-fefe-4f48-85e6-f3926b0b7544"
        ],
        "x-ms-routing-request-id": [
          "CENTRALUSEUAP:20171130T004232Z:065fae14-fefe-4f48-85e6-f3926b0b7544"
        ],
        "Cache-Control": [
          "no-cache"
        ],
        "Date": [
          "Thu, 30 Nov 2017 00:42:31 GMT"
        ],
        "Set-Cookie": [
          "x-ms-gateway-slice=productionb; path=/; secure; HttpOnly"
        ],
        "Server": [
          "Microsoft-IIS/8.5"
        ],
        "X-Powered-By": [
          "ASP.NET"
        ]
      },
      "StatusCode": 200
    },
    {
      "RequestUri": "//subscriptions/4004a9fd-d58e-48dc-aeb2-4a4aec58606f/providers/Microsoft.Authorization/roleDefinitions/032f61d2-ed09-40c9-8657-26a273da7bae?api-version=2015-07-01",
      "EncodedRequestUri": "Ly9zdWJzY3JpcHRpb25zLzQwMDRhOWZkLWQ1OGUtNDhkYy1hZWIyLTRhNGFlYzU4NjA2Zi9wcm92aWRlcnMvTWljcm9zb2Z0LkF1dGhvcml6YXRpb24vcm9sZURlZmluaXRpb25zLzAzMmY2MWQyLWVkMDktNDBjOS04NjU3LTI2YTI3M2RhN2JhZT9hcGktdmVyc2lvbj0yMDE1LTA3LTAx",
      "RequestMethod": "DELETE",
      "RequestBody": "",
      "RequestHeaders": {
        "x-ms-client-request-id": [
          "ee845882-6bf7-4572-95f3-2e994c96a60b"
        ],
        "accept-language": [
          "en-US"
        ],
        "User-Agent": [
          "FxVersion/4.7.2556.0",
          "OSName/Windows10Enterprise",
          "OSVersion/6.3.16299",
          "Microsoft.Azure.Management.Authorization.AuthorizationManagementClient/1.0.0.0"
        ]
      },
      "ResponseBody": "{\r\n  \"properties\": {\r\n    \"roleName\": \"New Custom Reader\",\r\n    \"type\": \"CustomRole\",\r\n    \"description\": \"Read, monitor and restart virtual machines\",\r\n    \"assignableScopes\": [\r\n      \"/subscriptions/4004a9fd-d58e-48dc-aeb2-4a4aec58606f\"\r\n    ],\r\n    \"permissions\": [\r\n      {\r\n        \"actions\": [\r\n          \"*/read\",\r\n          \"Microsoft.ClassicCompute/virtualMachines/restart/action\"\r\n        ],\r\n        \"notActions\": []\r\n      }\r\n    ],\r\n    \"createdOn\": \"2017-11-30T00:42:30.9339329Z\",\r\n    \"updatedOn\": \"2017-11-30T00:42:30.9339329Z\",\r\n    \"createdBy\": \"f8d526a0-54eb-4941-ae69-ebf4a334d0f0\",\r\n    \"updatedBy\": \"f8d526a0-54eb-4941-ae69-ebf4a334d0f0\"\r\n  },\r\n  \"id\": \"/subscriptions/4004a9fd-d58e-48dc-aeb2-4a4aec58606f/providers/Microsoft.Authorization/roleDefinitions/032f61d2-ed09-40c9-8657-26a273da7bae\",\r\n  \"type\": \"Microsoft.Authorization/roleDefinitions\",\r\n  \"name\": \"032f61d2-ed09-40c9-8657-26a273da7bae\"\r\n}",
      "ResponseHeaders": {
        "Content-Length": [
          "743"
        ],
        "Content-Type": [
          "application/json; charset=utf-8"
        ],
        "Expires": [
          "-1"
        ],
        "Pragma": [
          "no-cache"
        ],
        "x-ms-request-charge": [
          "1"
        ],
        "x-ms-request-id": [
          "c52ab6ac-69c0-4bee-ac34-f3dda0336f7b"
        ],
        "X-Content-Type-Options": [
          "nosniff"
        ],
        "Strict-Transport-Security": [
          "max-age=31536000; includeSubDomains"
        ],
        "x-ms-ratelimit-remaining-subscription-writes": [
          "1189"
        ],
        "x-ms-correlation-request-id": [
          "6edbe033-af57-4789-b29f-98d6cdea6d93"
        ],
        "x-ms-routing-request-id": [
          "CENTRALUSEUAP:20171130T004233Z:6edbe033-af57-4789-b29f-98d6cdea6d93"
        ],
        "Cache-Control": [
          "no-cache"
        ],
        "Date": [
          "Thu, 30 Nov 2017 00:42:32 GMT"
        ],
        "Set-Cookie": [
          "x-ms-gateway-slice=productionb; path=/; secure; HttpOnly"
        ],
        "Server": [
          "Microsoft-IIS/8.5"
        ],
        "X-Powered-By": [
          "ASP.NET"
        ]
      },
      "StatusCode": 200
    },
    {
      "RequestUri": "//subscriptions/4004a9fd-d58e-48dc-aeb2-4a4aec58606f/providers/Microsoft.Authorization/roleDefinitions/8d7dd69e-9ae2-44a1-94d8-f7bc8e12645e?api-version=2015-07-01",
      "EncodedRequestUri": "Ly9zdWJzY3JpcHRpb25zLzQwMDRhOWZkLWQ1OGUtNDhkYy1hZWIyLTRhNGFlYzU4NjA2Zi9wcm92aWRlcnMvTWljcm9zb2Z0LkF1dGhvcml6YXRpb24vcm9sZURlZmluaXRpb25zLzhkN2RkNjllLTlhZTItNDRhMS05NGQ4LWY3YmM4ZTEyNjQ1ZT9hcGktdmVyc2lvbj0yMDE1LTA3LTAx",
      "RequestMethod": "GET",
      "RequestBody": "",
      "RequestHeaders": {
        "x-ms-client-request-id": [
          "4b3bea1e-85b8-4744-b012-8c0561a0ff7a"
        ],
        "accept-language": [
          "en-US"
        ],
        "User-Agent": [
          "FxVersion/4.7.2556.0",
          "OSName/Windows10Enterprise",
          "OSVersion/6.3.16299",
          "Microsoft.Azure.Management.Authorization.AuthorizationManagementClient/1.0.0.0"
        ]
      },
      "ResponseBody": "{\r\n  \"properties\": {\r\n    \"roleName\": \"CustomRole Tests Role\",\r\n    \"type\": \"CustomRole\",\r\n    \"description\": \"Test role\",\r\n    \"assignableScopes\": [\r\n      \"/subscriptions/4004a9fd-d58e-48dc-aeb2-4a4aec58606f\"\r\n    ],\r\n    \"permissions\": [\r\n      {\r\n        \"actions\": [\r\n          \"Microsoft.Authorization/*/read\",\r\n          \"Microsoft.Support/*\"\r\n        ],\r\n        \"notActions\": []\r\n      }\r\n    ],\r\n    \"createdOn\": \"2017-11-30T00:42:28.7539209Z\",\r\n    \"updatedOn\": \"2017-11-30T00:42:28.7539209Z\",\r\n    \"createdBy\": \"f8d526a0-54eb-4941-ae69-ebf4a334d0f0\",\r\n    \"updatedBy\": \"f8d526a0-54eb-4941-ae69-ebf4a334d0f0\"\r\n  },\r\n  \"id\": \"/subscriptions/4004a9fd-d58e-48dc-aeb2-4a4aec58606f/providers/Microsoft.Authorization/roleDefinitions/8d7dd69e-9ae2-44a1-94d8-f7bc8e12645e\",\r\n  \"type\": \"Microsoft.Authorization/roleDefinitions\",\r\n  \"name\": \"8d7dd69e-9ae2-44a1-94d8-f7bc8e12645e\"\r\n}",
      "ResponseHeaders": {
        "Content-Length": [
          "702"
        ],
        "Content-Type": [
          "application/json; charset=utf-8"
        ],
        "Expires": [
          "-1"
        ],
        "Pragma": [
          "no-cache"
        ],
        "x-ms-request-charge": [
          "1"
        ],
        "x-ms-request-id": [
          "ead750f0-ed0a-4960-aa21-caa60a782fed"
        ],
        "X-Content-Type-Options": [
          "nosniff"
        ],
        "Strict-Transport-Security": [
          "max-age=31536000; includeSubDomains"
        ],
        "x-ms-ratelimit-remaining-subscription-reads": [
          "14967"
        ],
        "x-ms-correlation-request-id": [
          "a97e95cb-6cb0-4410-acc4-d2a8d2a86553"
        ],
        "x-ms-routing-request-id": [
          "CENTRALUSEUAP:20171130T004233Z:a97e95cb-6cb0-4410-acc4-d2a8d2a86553"
        ],
        "Cache-Control": [
          "no-cache"
        ],
        "Date": [
          "Thu, 30 Nov 2017 00:42:32 GMT"
        ],
        "Set-Cookie": [
          "x-ms-gateway-slice=productionb; path=/; secure; HttpOnly"
        ],
        "Server": [
          "Microsoft-IIS/8.5"
        ],
        "X-Powered-By": [
          "ASP.NET"
        ]
      },
      "StatusCode": 200
    },
    {
      "RequestUri": "//subscriptions/4004a9fd-d58e-48dc-aeb2-4a4aec58606f/providers/Microsoft.Authorization/roleDefinitions/8d7dd69e-9ae2-44a1-94d8-f7bc8e12645e?api-version=2015-07-01",
      "EncodedRequestUri": "Ly9zdWJzY3JpcHRpb25zLzQwMDRhOWZkLWQ1OGUtNDhkYy1hZWIyLTRhNGFlYzU4NjA2Zi9wcm92aWRlcnMvTWljcm9zb2Z0LkF1dGhvcml6YXRpb24vcm9sZURlZmluaXRpb25zLzhkN2RkNjllLTlhZTItNDRhMS05NGQ4LWY3YmM4ZTEyNjQ1ZT9hcGktdmVyc2lvbj0yMDE1LTA3LTAx",
      "RequestMethod": "DELETE",
      "RequestBody": "",
      "RequestHeaders": {
        "x-ms-client-request-id": [
          "7be5d0f5-cce3-4e2a-8748-413c875a4b15"
        ],
        "accept-language": [
          "en-US"
        ],
        "User-Agent": [
          "FxVersion/4.7.2556.0",
          "OSName/Windows10Enterprise",
          "OSVersion/6.3.16299",
          "Microsoft.Azure.Management.Authorization.AuthorizationManagementClient/1.0.0.0"
        ]
      },
      "ResponseBody": "{\r\n  \"properties\": {\r\n    \"roleName\": \"CustomRole Tests Role\",\r\n    \"type\": \"CustomRole\",\r\n    \"description\": \"Test role\",\r\n    \"assignableScopes\": [\r\n      \"/subscriptions/4004a9fd-d58e-48dc-aeb2-4a4aec58606f\"\r\n    ],\r\n    \"permissions\": [\r\n      {\r\n        \"actions\": [\r\n          \"Microsoft.Authorization/*/read\",\r\n          \"Microsoft.Support/*\"\r\n        ],\r\n        \"notActions\": []\r\n      }\r\n    ],\r\n    \"createdOn\": \"2017-11-30T00:42:28.7539209Z\",\r\n    \"updatedOn\": \"2017-11-30T00:42:28.7539209Z\",\r\n    \"createdBy\": \"f8d526a0-54eb-4941-ae69-ebf4a334d0f0\",\r\n    \"updatedBy\": \"f8d526a0-54eb-4941-ae69-ebf4a334d0f0\"\r\n  },\r\n  \"id\": \"/subscriptions/4004a9fd-d58e-48dc-aeb2-4a4aec58606f/providers/Microsoft.Authorization/roleDefinitions/8d7dd69e-9ae2-44a1-94d8-f7bc8e12645e\",\r\n  \"type\": \"Microsoft.Authorization/roleDefinitions\",\r\n  \"name\": \"8d7dd69e-9ae2-44a1-94d8-f7bc8e12645e\"\r\n}",
      "ResponseHeaders": {
        "Content-Length": [
          "702"
        ],
        "Content-Type": [
          "application/json; charset=utf-8"
        ],
        "Expires": [
          "-1"
        ],
        "Pragma": [
          "no-cache"
        ],
        "x-ms-request-charge": [
          "2"
        ],
        "x-ms-request-id": [
          "c611c77f-cdd7-40cd-ac1d-196bbae93d65"
        ],
        "X-Content-Type-Options": [
          "nosniff"
        ],
        "Strict-Transport-Security": [
          "max-age=31536000; includeSubDomains"
        ],
        "x-ms-ratelimit-remaining-subscription-writes": [
          "1188"
        ],
        "x-ms-correlation-request-id": [
          "12262417-7e23-4c2a-98f7-390b66ea65cd"
        ],
        "x-ms-routing-request-id": [
          "CENTRALUSEUAP:20171130T004235Z:12262417-7e23-4c2a-98f7-390b66ea65cd"
        ],
        "Cache-Control": [
          "no-cache"
        ],
        "Date": [
          "Thu, 30 Nov 2017 00:42:34 GMT"
        ],
        "Set-Cookie": [
          "x-ms-gateway-slice=productionb; path=/; secure; HttpOnly"
        ],
        "Server": [
          "Microsoft-IIS/8.5"
        ],
        "X-Powered-By": [
          "ASP.NET"
        ]
      },
      "StatusCode": 200
    }
  ],
  "Names": {},
  "Variables": {
    "SubscriptionId": "4004a9fd-d58e-48dc-aeb2-4a4aec58606f",
    "TenantId": "1273adef-00a3-4086-a51a-dbcce1857d36",
    "Domain": "rbacclitest.onmicrosoft.com"
  }
}