{
  "Entries": [
    {
      "RequestUri": "/subscriptions/cca24ec8-99b5-4aa7-9ff6-486e886f304c/resourcegroups/sql-audit-cmdlet-test-rg261883?api-version=2016-02-01",
      "EncodedRequestUri": "L3N1YnNjcmlwdGlvbnMvY2NhMjRlYzgtOTliNS00YWE3LTlmZjYtNDg2ZTg4NmYzMDRjL3Jlc291cmNlZ3JvdXBzL3NxbC1hdWRpdC1jbWRsZXQtdGVzdC1yZzI2MTg4Mz9hcGktdmVyc2lvbj0yMDE2LTAyLTAx",
      "RequestMethod": "PUT",
      "RequestBody": "{\r\n  \"location\": \"West US\"\r\n}",
      "RequestHeaders": {
        "Content-Type": [
          "application/json; charset=utf-8"
        ],
        "Content-Length": [
          "29"
        ],
        "User-Agent": [
          "Microsoft.Azure.Management.Resources.ResourceManagementClient/2.0.0.0"
        ]
      },
      "ResponseBody": "{\r\n  \"id\": \"/subscriptions/cca24ec8-99b5-4aa7-9ff6-486e886f304c/resourceGroups/sql-audit-cmdlet-test-rg261883\",\r\n  \"name\": \"sql-audit-cmdlet-test-rg261883\",\r\n  \"location\": \"westus\",\r\n  \"properties\": {\r\n    \"provisioningState\": \"Succeeded\"\r\n  }\r\n}",
      "ResponseHeaders": {
        "Content-Length": [
          "213"
        ],
        "Content-Type": [
          "application/json; charset=utf-8"
        ],
        "Expires": [
          "-1"
        ],
        "Pragma": [
          "no-cache"
        ],
        "x-ms-ratelimit-remaining-subscription-writes": [
          "1197"
        ],
        "x-ms-request-id": [
          "9df89ca8-127c-40b1-9c4c-72084d267787"
        ],
        "x-ms-correlation-request-id": [
          "9df89ca8-127c-40b1-9c4c-72084d267787"
        ],
        "x-ms-routing-request-id": [
          "WESTEUROPE:20160824T093237Z:9df89ca8-127c-40b1-9c4c-72084d267787"
        ],
        "Strict-Transport-Security": [
          "max-age=31536000; includeSubDomains"
        ],
        "Cache-Control": [
          "no-cache"
        ],
        "Date": [
          "Wed, 24 Aug 2016 09:32:37 GMT"
        ]
      },
      "StatusCode": 201
    },
    {
      "RequestUri": "/subscriptions/cca24ec8-99b5-4aa7-9ff6-486e886f304c/resourceGroups/sql-audit-cmdlet-test-rg261883/providers/Microsoft.Storage/storageAccounts/auditcmdlets261883?api-version=2015-05-01-preview",
      "EncodedRequestUri": "L3N1YnNjcmlwdGlvbnMvY2NhMjRlYzgtOTliNS00YWE3LTlmZjYtNDg2ZTg4NmYzMDRjL3Jlc291cmNlR3JvdXBzL3NxbC1hdWRpdC1jbWRsZXQtdGVzdC1yZzI2MTg4My9wcm92aWRlcnMvTWljcm9zb2Z0LlN0b3JhZ2Uvc3RvcmFnZUFjY291bnRzL2F1ZGl0Y21kbGV0czI2MTg4Mz9hcGktdmVyc2lvbj0yMDE1LTA1LTAxLXByZXZpZXc=",
      "RequestMethod": "PUT",
      "RequestBody": "{\r\n  \"location\": \"West US\",\r\n  \"properties\": {\r\n    \"accountType\": \"Standard_GRS\"\r\n  }\r\n}",
      "RequestHeaders": {
        "Content-Type": [
          "application/json"
        ],
        "Content-Length": [
          "89"
        ],
        "x-ms-client-request-id": [
          "2f9484b0-968a-4e6d-bed2-efa305ac05e8"
        ],
        "User-Agent": [
          "Microsoft.Azure.Management.Storage.StorageManagementClient/2.0.0.0"
        ]
      },
      "ResponseBody": "",
      "ResponseHeaders": {
        "Content-Length": [
          "0"
        ],
        "Expires": [
          "-1"
        ],
        "Pragma": [
          "no-cache"
        ],
        "Retry-After": [
          "25"
        ],
        "x-ms-ratelimit-remaining-subscription-writes": [
          "1195"
        ],
        "x-ms-request-id": [
          "a3bb798d-6827-4096-9f6a-8e5e39c655a9"
        ],
        "x-ms-correlation-request-id": [
          "a3bb798d-6827-4096-9f6a-8e5e39c655a9"
        ],
        "x-ms-routing-request-id": [
          "WESTEUROPE:20160824T093241Z:a3bb798d-6827-4096-9f6a-8e5e39c655a9"
        ],
        "Strict-Transport-Security": [
          "max-age=31536000; includeSubDomains"
        ],
        "Cache-Control": [
          "no-cache"
        ],
        "Date": [
          "Wed, 24 Aug 2016 09:32:40 GMT"
        ],
        "Location": [
          "https://management.azure.com/subscriptions/cca24ec8-99b5-4aa7-9ff6-486e886f304c/providers/Microsoft.Storage/operations/ede75ccc-310b-40b3-bf97-e7e6c0c63e79?monitor=true&api-version=2015-05-01-preview"
        ],
        "Server": [
          "Microsoft-HTTPAPI/2.0"
        ]
      },
      "StatusCode": 202
    },
    {
      "RequestUri": "/subscriptions/cca24ec8-99b5-4aa7-9ff6-486e886f304c/providers/Microsoft.Storage/operations/ede75ccc-310b-40b3-bf97-e7e6c0c63e79?monitor=true&api-version=2015-05-01-preview",
      "EncodedRequestUri": "L3N1YnNjcmlwdGlvbnMvY2NhMjRlYzgtOTliNS00YWE3LTlmZjYtNDg2ZTg4NmYzMDRjL3Byb3ZpZGVycy9NaWNyb3NvZnQuU3RvcmFnZS9vcGVyYXRpb25zL2VkZTc1Y2NjLTMxMGItNDBiMy1iZjk3LWU3ZTZjMGM2M2U3OT9tb25pdG9yPXRydWUmYXBpLXZlcnNpb249MjAxNS0wNS0wMS1wcmV2aWV3",
      "RequestMethod": "GET",
      "RequestBody": "",
      "RequestHeaders": {
        "x-ms-client-request-id": [
          "1621f38e-c6ef-4499-bc52-687846a69de9"
        ],
        "User-Agent": [
          "Microsoft.Azure.Management.Storage.StorageManagementClient/2.0.0.0"
        ]
      },
      "ResponseBody": "",
      "ResponseHeaders": {
        "Content-Length": [
          "0"
        ],
        "Expires": [
          "-1"
        ],
        "Pragma": [
          "no-cache"
        ],
        "Retry-After": [
          "25"
        ],
        "x-ms-ratelimit-remaining-subscription-reads": [
          "14562"
        ],
        "x-ms-request-id": [
          "f97d81f1-82da-430b-ab6e-84d3670c7a84"
        ],
        "x-ms-correlation-request-id": [
          "f97d81f1-82da-430b-ab6e-84d3670c7a84"
        ],
        "x-ms-routing-request-id": [
          "WESTEUROPE:20160824T093241Z:f97d81f1-82da-430b-ab6e-84d3670c7a84"
        ],
        "Strict-Transport-Security": [
          "max-age=31536000; includeSubDomains"
        ],
        "Cache-Control": [
          "no-cache"
        ],
        "Date": [
          "Wed, 24 Aug 2016 09:32:41 GMT"
        ],
        "Location": [
          "https://management.azure.com/subscriptions/cca24ec8-99b5-4aa7-9ff6-486e886f304c/providers/Microsoft.Storage/operations/ede75ccc-310b-40b3-bf97-e7e6c0c63e79?monitor=true&api-version=2015-05-01-preview"
        ],
        "Server": [
          "Microsoft-HTTPAPI/2.0"
        ]
      },
      "StatusCode": 202
    },
    {
      "RequestUri": "/subscriptions/cca24ec8-99b5-4aa7-9ff6-486e886f304c/providers/Microsoft.Storage/operations/ede75ccc-310b-40b3-bf97-e7e6c0c63e79?monitor=true&api-version=2015-05-01-preview",
      "EncodedRequestUri": "L3N1YnNjcmlwdGlvbnMvY2NhMjRlYzgtOTliNS00YWE3LTlmZjYtNDg2ZTg4NmYzMDRjL3Byb3ZpZGVycy9NaWNyb3NvZnQuU3RvcmFnZS9vcGVyYXRpb25zL2VkZTc1Y2NjLTMxMGItNDBiMy1iZjk3LWU3ZTZjMGM2M2U3OT9tb25pdG9yPXRydWUmYXBpLXZlcnNpb249MjAxNS0wNS0wMS1wcmV2aWV3",
      "RequestMethod": "GET",
      "RequestBody": "",
      "RequestHeaders": {
        "x-ms-client-request-id": [
          "51f7eec7-fccb-4488-ab7e-e568f4771078"
        ],
        "User-Agent": [
          "Microsoft.Azure.Management.Storage.StorageManagementClient/2.0.0.0"
        ]
      },
      "ResponseBody": "{\r\n  \"location\": \"West US\",\r\n  \"properties\": {\r\n    \"accountType\": \"Standard_GRS\"\r\n  }\r\n}",
      "ResponseHeaders": {
        "Content-Length": [
          "66"
        ],
        "Content-Type": [
          "application/json"
        ],
        "Expires": [
          "-1"
        ],
        "Pragma": [
          "no-cache"
        ],
        "x-ms-request-id": [
          "b5600362-ae3b-44e9-9bbc-6e255b5c1319"
        ],
        "x-ms-ratelimit-remaining-subscription-reads": [
          "14557"
        ],
        "x-ms-correlation-request-id": [
          "b5600362-ae3b-44e9-9bbc-6e255b5c1319"
        ],
        "x-ms-routing-request-id": [
          "WESTEUROPE:20160824T093307Z:b5600362-ae3b-44e9-9bbc-6e255b5c1319"
        ],
        "Strict-Transport-Security": [
          "max-age=31536000; includeSubDomains"
        ],
        "Cache-Control": [
          "no-cache"
        ],
        "Date": [
          "Wed, 24 Aug 2016 09:33:06 GMT"
        ],
        "Server": [
          "Microsoft-HTTPAPI/2.0"
        ]
      },
      "StatusCode": 200
    },
    {
      "RequestUri": "/subscriptions/cca24ec8-99b5-4aa7-9ff6-486e886f304c/resourceGroups/sql-audit-cmdlet-test-rg261883/providers/Microsoft.Sql/servers/sql-audit-cmdlet-server261883?api-version=2014-04-01",
      "EncodedRequestUri": "L3N1YnNjcmlwdGlvbnMvY2NhMjRlYzgtOTliNS00YWE3LTlmZjYtNDg2ZTg4NmYzMDRjL3Jlc291cmNlR3JvdXBzL3NxbC1hdWRpdC1jbWRsZXQtdGVzdC1yZzI2MTg4My9wcm92aWRlcnMvTWljcm9zb2Z0LlNxbC9zZXJ2ZXJzL3NxbC1hdWRpdC1jbWRsZXQtc2VydmVyMjYxODgzP2FwaS12ZXJzaW9uPTIwMTQtMDQtMDE=",
      "RequestMethod": "GET",
      "RequestBody": "",
      "RequestHeaders": {
        "User-Agent": [
          "Microsoft.Azure.Management.Sql.SqlManagementClient/0.9.0.0"
        ],
        "x-ms-client-request-id": [
          "7bc620da-a3f5-48de-b6c4-6cc57657837e"
        ]
      },
      "ResponseBody": "{\r\n  \"error\": {\r\n    \"code\": \"ResourceNotFound\",\r\n    \"message\": \"The Resource 'Microsoft.Sql/servers/sql-audit-cmdlet-server261883' under resource group 'sql-audit-cmdlet-test-rg261883' was not found.\"\r\n  }\r\n}",
      "ResponseHeaders": {
        "Content-Length": [
          "185"
        ],
        "Content-Type": [
          "application/json; charset=utf-8"
        ],
        "Expires": [
          "-1"
        ],
        "Pragma": [
          "no-cache"
        ],
        "x-ms-failure-cause": [
          "gateway"
        ],
        "x-ms-request-id": [
          "94439640-5cc2-4639-8cba-2344df8aa168"
        ],
        "x-ms-correlation-request-id": [
          "94439640-5cc2-4639-8cba-2344df8aa168"
        ],
        "x-ms-routing-request-id": [
          "WESTEUROPE:20160824T093308Z:94439640-5cc2-4639-8cba-2344df8aa168"
        ],
        "Strict-Transport-Security": [
          "max-age=31536000; includeSubDomains"
        ],
        "Cache-Control": [
          "no-cache"
        ],
        "Date": [
          "Wed, 24 Aug 2016 09:33:08 GMT"
        ]
      },
      "StatusCode": 404
    },
    {
      "RequestUri": "/subscriptions/cca24ec8-99b5-4aa7-9ff6-486e886f304c/resourceGroups/sql-audit-cmdlet-test-rg261883/providers/Microsoft.Sql/servers/sql-audit-cmdlet-server261883?api-version=2014-04-01",
      "EncodedRequestUri": "L3N1YnNjcmlwdGlvbnMvY2NhMjRlYzgtOTliNS00YWE3LTlmZjYtNDg2ZTg4NmYzMDRjL3Jlc291cmNlR3JvdXBzL3NxbC1hdWRpdC1jbWRsZXQtdGVzdC1yZzI2MTg4My9wcm92aWRlcnMvTWljcm9zb2Z0LlNxbC9zZXJ2ZXJzL3NxbC1hdWRpdC1jbWRsZXQtc2VydmVyMjYxODgzP2FwaS12ZXJzaW9uPTIwMTQtMDQtMDE=",
      "RequestMethod": "GET",
      "RequestBody": "",
      "RequestHeaders": {
        "User-Agent": [
          "Microsoft.Azure.Management.Sql.SqlManagementClient/0.9.0.0"
        ],
        "x-ms-client-request-id": [
          "79f1e5e6-a19d-412f-94b9-15da44e2cbd8"
        ]
      },
      "ResponseBody": "{\r\n  \"id\": \"/subscriptions/cca24ec8-99b5-4aa7-9ff6-486e886f304c/resourceGroups/sql-audit-cmdlet-test-rg261883/providers/Microsoft.Sql/servers/sql-audit-cmdlet-server261883\",\r\n  \"name\": \"sql-audit-cmdlet-server261883\",\r\n  \"type\": \"Microsoft.Sql/servers\",\r\n  \"location\": \"West US\",\r\n  \"kind\": \"v12.0\",\r\n  \"properties\": {\r\n    \"fullyQualifiedDomainName\": \"sql-audit-cmdlet-server261883.database.windows.net\",\r\n    \"administratorLogin\": \"audittestusername\",\r\n    \"administratorLoginPassword\": null,\r\n    \"externalAdministratorLogin\": null,\r\n    \"externalAdministratorSid\": null,\r\n    \"version\": \"12.0\",\r\n    \"state\": \"Ready\"\r\n  }\r\n}",
      "ResponseHeaders": {
        "Content-Length": [
          "543"
        ],
        "Content-Type": [
          "application/json; odata=minimalmetadata; streaming=true; charset=utf-8"
        ],
        "x-ms-request-id": [
          "47a74422-18f3-4b48-8e35-3ab8c242c27a"
        ],
        "X-Content-Type-Options": [
          "nosniff"
        ],
        "DataServiceVersion": [
          "3.0;"
        ],
        "x-ms-ratelimit-remaining-subscription-reads": [
          "14838"
        ],
        "x-ms-correlation-request-id": [
          "d03b1094-09e0-4843-ba72-6c31fa5eafa6"
        ],
        "x-ms-routing-request-id": [
          "WESTEUROPE:20160824T093335Z:d03b1094-09e0-4843-ba72-6c31fa5eafa6"
        ],
        "Strict-Transport-Security": [
          "max-age=31536000; includeSubDomains"
        ],
        "Cache-Control": [
          "no-store, no-cache"
        ],
        "Date": [
          "Wed, 24 Aug 2016 09:33:35 GMT"
        ],
        "Server": [
          "Microsoft-HTTPAPI/2.0"
        ]
      },
      "StatusCode": 200
    },
    {
      "RequestUri": "/subscriptions/cca24ec8-99b5-4aa7-9ff6-486e886f304c/resourceGroups/sql-audit-cmdlet-test-rg261883/providers/Microsoft.Sql/servers/sql-audit-cmdlet-server261883?api-version=2014-04-01",
      "EncodedRequestUri": "L3N1YnNjcmlwdGlvbnMvY2NhMjRlYzgtOTliNS00YWE3LTlmZjYtNDg2ZTg4NmYzMDRjL3Jlc291cmNlR3JvdXBzL3NxbC1hdWRpdC1jbWRsZXQtdGVzdC1yZzI2MTg4My9wcm92aWRlcnMvTWljcm9zb2Z0LlNxbC9zZXJ2ZXJzL3NxbC1hdWRpdC1jbWRsZXQtc2VydmVyMjYxODgzP2FwaS12ZXJzaW9uPTIwMTQtMDQtMDE=",
      "RequestMethod": "PUT",
      "RequestBody": "{\r\n  \"properties\": {\r\n    \"version\": \"12.0\",\r\n    \"administratorLogin\": \"audittestusername\",\r\n    \"administratorLoginPassword\": \"t357ingP@s5w0rd!Audit\"\r\n  },\r\n  \"location\": \"West US\"\r\n}",
      "RequestHeaders": {
        "Content-Type": [
          "application/json; charset=utf-8"
        ],
        "Content-Length": [
          "185"
        ],
        "User-Agent": [
          "Microsoft.Azure.Management.Sql.SqlManagementClient/0.9.0.0"
        ],
        "x-ms-client-request-id": [
          "df6518ec-a07b-4dfa-83c6-e17e3dd21b7a"
        ]
      },
      "ResponseBody": "{\r\n  \"id\": \"/subscriptions/cca24ec8-99b5-4aa7-9ff6-486e886f304c/resourceGroups/sql-audit-cmdlet-test-rg261883/providers/Microsoft.Sql/servers/sql-audit-cmdlet-server261883\",\r\n  \"name\": \"sql-audit-cmdlet-server261883\",\r\n  \"type\": \"Microsoft.Sql/servers\",\r\n  \"location\": \"West US\",\r\n  \"kind\": \"v12.0\",\r\n  \"properties\": {\r\n    \"fullyQualifiedDomainName\": \"sql-audit-cmdlet-server261883.database.windows.net\",\r\n    \"administratorLogin\": \"audittestusername\",\r\n    \"administratorLoginPassword\": \"t357ingP@s5w0rd!Audit\",\r\n    \"externalAdministratorLogin\": null,\r\n    \"externalAdministratorSid\": null,\r\n    \"version\": \"12.0\",\r\n    \"state\": \"Ready\"\r\n  }\r\n}",
      "ResponseHeaders": {
        "Content-Length": [
          "562"
        ],
        "Content-Type": [
          "application/json; odata=minimalmetadata; streaming=true; charset=utf-8"
        ],
        "x-ms-request-id": [
          "28f657dc-9b0f-41d7-8385-067c4e348bf9"
        ],
        "X-Content-Type-Options": [
          "nosniff"
        ],
        "Preference-Applied": [
          "return-content"
        ],
        "DataServiceVersion": [
          "3.0;"
        ],
        "x-ms-ratelimit-remaining-subscription-writes": [
          "1198"
        ],
        "x-ms-correlation-request-id": [
          "22dd2484-51f8-43a3-a841-9da77bf1ec30"
        ],
        "x-ms-routing-request-id": [
          "WESTEUROPE:20160824T093335Z:22dd2484-51f8-43a3-a841-9da77bf1ec30"
        ],
        "Strict-Transport-Security": [
          "max-age=31536000; includeSubDomains"
        ],
        "Cache-Control": [
          "no-store, no-cache"
        ],
        "Date": [
          "Wed, 24 Aug 2016 09:33:34 GMT"
        ],
        "Server": [
          "Microsoft-HTTPAPI/2.0"
        ]
      },
      "StatusCode": 201
    },
    {
      "RequestUri": "/subscriptions/cca24ec8-99b5-4aa7-9ff6-486e886f304c/resourceGroups/sql-audit-cmdlet-test-rg261883/providers/Microsoft.Sql/servers/sql-audit-cmdlet-server261883/databases/sql-audit-cmdlet-db261883?api-version=2014-04-01",
      "EncodedRequestUri": "L3N1YnNjcmlwdGlvbnMvY2NhMjRlYzgtOTliNS00YWE3LTlmZjYtNDg2ZTg4NmYzMDRjL3Jlc291cmNlR3JvdXBzL3NxbC1hdWRpdC1jbWRsZXQtdGVzdC1yZzI2MTg4My9wcm92aWRlcnMvTWljcm9zb2Z0LlNxbC9zZXJ2ZXJzL3NxbC1hdWRpdC1jbWRsZXQtc2VydmVyMjYxODgzL2RhdGFiYXNlcy9zcWwtYXVkaXQtY21kbGV0LWRiMjYxODgzP2FwaS12ZXJzaW9uPTIwMTQtMDQtMDE=",
      "RequestMethod": "GET",
      "RequestBody": "",
      "RequestHeaders": {
        "User-Agent": [
          "Microsoft.Azure.Management.Sql.SqlManagementClient/0.9.0.0"
        ],
        "x-ms-client-request-id": [
          "f298d50a-6231-4550-b7d7-10e30765154a"
        ]
      },
      "ResponseBody": "{\r\n  \"error\": {\r\n    \"code\": \"ResourceNotFound\",\r\n    \"message\": \"The Resource 'Microsoft.Sql/servers/sql-audit-cmdlet-server261883/databases/sql-audit-cmdlet-db261883' under resource group 'sql-audit-cmdlet-test-rg261883' was not found.\"\r\n  }\r\n}",
      "ResponseHeaders": {
        "Content-Length": [
          "221"
        ],
        "Content-Type": [
          "application/json; charset=utf-8"
        ],
        "Expires": [
          "-1"
        ],
        "Pragma": [
          "no-cache"
        ],
        "x-ms-failure-cause": [
          "gateway"
        ],
        "x-ms-request-id": [
          "aa2cd211-f839-45cb-9304-05156a57321f"
        ],
        "x-ms-correlation-request-id": [
          "aa2cd211-f839-45cb-9304-05156a57321f"
        ],
        "x-ms-routing-request-id": [
          "WESTEUROPE:20160824T093335Z:aa2cd211-f839-45cb-9304-05156a57321f"
        ],
        "Strict-Transport-Security": [
          "max-age=31536000; includeSubDomains"
        ],
        "Cache-Control": [
          "no-cache"
        ],
        "Date": [
          "Wed, 24 Aug 2016 09:33:35 GMT"
        ]
      },
      "StatusCode": 404
    },
    {
      "RequestUri": "/subscriptions/cca24ec8-99b5-4aa7-9ff6-486e886f304c/resourceGroups/sql-audit-cmdlet-test-rg261883/providers/Microsoft.Sql/servers/sql-audit-cmdlet-server261883/databases/sql-audit-cmdlet-db261883?api-version=2014-04-01",
      "EncodedRequestUri": "L3N1YnNjcmlwdGlvbnMvY2NhMjRlYzgtOTliNS00YWE3LTlmZjYtNDg2ZTg4NmYzMDRjL3Jlc291cmNlR3JvdXBzL3NxbC1hdWRpdC1jbWRsZXQtdGVzdC1yZzI2MTg4My9wcm92aWRlcnMvTWljcm9zb2Z0LlNxbC9zZXJ2ZXJzL3NxbC1hdWRpdC1jbWRsZXQtc2VydmVyMjYxODgzL2RhdGFiYXNlcy9zcWwtYXVkaXQtY21kbGV0LWRiMjYxODgzP2FwaS12ZXJzaW9uPTIwMTQtMDQtMDE=",
      "RequestMethod": "PUT",
      "RequestBody": "{\r\n  \"properties\": {\r\n    \"edition\": \"Basic\",\r\n    \"maxSizeBytes\": \"0\"\r\n  },\r\n  \"location\": \"West US\",\r\n  \"tags\": {}\r\n}",
      "RequestHeaders": {
        "Content-Type": [
          "application/json; charset=utf-8"
        ],
        "Content-Length": [
          "119"
        ],
        "User-Agent": [
          "Microsoft.Azure.Management.Sql.SqlManagementClient/0.9.0.0"
        ],
        "x-ms-client-request-id": [
          "ba99c34b-a440-4b0e-9c57-34d86085b7ed"
        ]
      },
      "ResponseBody": "{\r\n  \"operation\": \"CreateLogicalDatabase\",\r\n  \"startTime\": \"2016-08-24T12:33:36.449+03:00\"\r\n}",
      "ResponseHeaders": {
        "Content-Length": [
          "80"
        ],
        "Content-Type": [
          "application/json; odata=minimalmetadata; streaming=true; charset=utf-8"
        ],
        "Retry-After": [
          "30"
        ],
        "x-ms-request-id": [
          "704e2712-969a-4eb0-a4a5-07f67b77d2ee"
        ],
        "X-Content-Type-Options": [
          "nosniff"
        ],
        "Preference-Applied": [
          "return-content"
        ],
        "DataServiceVersion": [
          "3.0;"
        ],
        "Strict-Transport-Security": [
          "max-age=31536000; includeSubDomains"
        ],
        "Azure-AsyncOperation": [
          "https://management.azure.com/subscriptions/cca24ec8-99b5-4aa7-9ff6-486e886f304c/resourceGroups/sql-audit-cmdlet-test-rg261883/providers/Microsoft.Sql/servers/sql-audit-cmdlet-server261883/databases/sql-audit-cmdlet-db261883/azureAsyncOperation/704e2712-969a-4eb0-a4a5-07f67b77d2ee?api-version=2014-04-01-Preview"
        ],
        "x-ms-ratelimit-remaining-subscription-writes": [
          "1197"
        ],
        "x-ms-correlation-request-id": [
          "1991d61a-3afa-4d90-81a5-c5318ec669e1"
        ],
        "x-ms-routing-request-id": [
          "WESTEUROPE:20160824T093337Z:1991d61a-3afa-4d90-81a5-c5318ec669e1"
        ],
        "Cache-Control": [
          "no-store, no-cache"
        ],
        "Date": [
          "Wed, 24 Aug 2016 09:33:37 GMT"
        ],
        "Location": [
          "https://management.azure.com/subscriptions/cca24ec8-99b5-4aa7-9ff6-486e886f304c/resourceGroups/sql-audit-cmdlet-test-rg261883/providers/Microsoft.Sql/servers/sql-audit-cmdlet-server261883/databases/sql-audit-cmdlet-db261883/operationResults/704e2712-969a-4eb0-a4a5-07f67b77d2ee?api-version=2014-04-01-Preview"
        ],
        "Server": [
          "Microsoft-HTTPAPI/2.0"
        ]
      },
      "StatusCode": 202
    },
    {
      "RequestUri": "/subscriptions/cca24ec8-99b5-4aa7-9ff6-486e886f304c/resourceGroups/sql-audit-cmdlet-test-rg261883/providers/Microsoft.Sql/servers/sql-audit-cmdlet-server261883/databases/sql-audit-cmdlet-db261883/operationResults/704e2712-969a-4eb0-a4a5-07f67b77d2ee?api-version=2014-04-01-Preview",
      "EncodedRequestUri": "L3N1YnNjcmlwdGlvbnMvY2NhMjRlYzgtOTliNS00YWE3LTlmZjYtNDg2ZTg4NmYzMDRjL3Jlc291cmNlR3JvdXBzL3NxbC1hdWRpdC1jbWRsZXQtdGVzdC1yZzI2MTg4My9wcm92aWRlcnMvTWljcm9zb2Z0LlNxbC9zZXJ2ZXJzL3NxbC1hdWRpdC1jbWRsZXQtc2VydmVyMjYxODgzL2RhdGFiYXNlcy9zcWwtYXVkaXQtY21kbGV0LWRiMjYxODgzL29wZXJhdGlvblJlc3VsdHMvNzA0ZTI3MTItOTY5YS00ZWIwLWE0YTUtMDdmNjdiNzdkMmVlP2FwaS12ZXJzaW9uPTIwMTQtMDQtMDEtUHJldmlldw==",
      "RequestMethod": "GET",
      "RequestBody": "",
      "RequestHeaders": {
        "User-Agent": [
          "Microsoft.Azure.Management.Sql.SqlManagementClient/0.9.0.0"
        ],
        "x-ms-client-request-id": [
          "ba99c34b-a440-4b0e-9c57-34d86085b7ed"
        ]
      },
      "ResponseBody": "{\r\n  \"operation\": \"CreateLogicalDatabase\",\r\n  \"startTime\": \"2016-08-24T09:33:36.433Z\"\r\n}",
      "ResponseHeaders": {
        "Content-Length": [
          "75"
        ],
        "Content-Type": [
          "application/json"
        ],
        "Retry-After": [
          "30"
        ],
        "x-ms-request-id": [
          "b108c733-7269-4302-b011-d6c3c07830da"
        ],
        "X-Content-Type-Options": [
          "nosniff"
        ],
        "DataServiceVersion": [
          "3.0;"
        ],
        "Strict-Transport-Security": [
          "max-age=31536000; includeSubDomains"
        ],
        "Azure-AsyncOperation": [
          "https://management.azure.com/subscriptions/cca24ec8-99b5-4aa7-9ff6-486e886f304c/resourceGroups/sql-audit-cmdlet-test-rg261883/providers/Microsoft.Sql/servers/sql-audit-cmdlet-server261883/databases/sql-audit-cmdlet-db261883/azureAsyncOperation/704e2712-969a-4eb0-a4a5-07f67b77d2ee?api-version=2014-04-01-Preview"
        ],
        "x-ms-ratelimit-remaining-subscription-reads": [
          "14837"
        ],
        "x-ms-correlation-request-id": [
          "1cd0a08a-f4c7-4bfe-9fd9-e55943f924f4"
        ],
        "x-ms-routing-request-id": [
          "WESTEUROPE:20160824T093338Z:1cd0a08a-f4c7-4bfe-9fd9-e55943f924f4"
        ],
        "Cache-Control": [
          "no-store, no-cache"
        ],
        "Date": [
          "Wed, 24 Aug 2016 09:33:38 GMT"
        ],
        "Location": [
          "https://management.azure.com/subscriptions/cca24ec8-99b5-4aa7-9ff6-486e886f304c/resourceGroups/sql-audit-cmdlet-test-rg261883/providers/Microsoft.Sql/servers/sql-audit-cmdlet-server261883/databases/sql-audit-cmdlet-db261883/operationResults/704e2712-969a-4eb0-a4a5-07f67b77d2ee?api-version=2014-04-01-Preview"
        ],
        "Server": [
          "Microsoft-HTTPAPI/2.0"
        ]
      },
      "StatusCode": 202
    },
    {
      "RequestUri": "/subscriptions/cca24ec8-99b5-4aa7-9ff6-486e886f304c/resourceGroups/sql-audit-cmdlet-test-rg261883/providers/Microsoft.Sql/servers/sql-audit-cmdlet-server261883/databases/sql-audit-cmdlet-db261883/operationResults/704e2712-969a-4eb0-a4a5-07f67b77d2ee?api-version=2014-04-01-Preview",
      "EncodedRequestUri": "L3N1YnNjcmlwdGlvbnMvY2NhMjRlYzgtOTliNS00YWE3LTlmZjYtNDg2ZTg4NmYzMDRjL3Jlc291cmNlR3JvdXBzL3NxbC1hdWRpdC1jbWRsZXQtdGVzdC1yZzI2MTg4My9wcm92aWRlcnMvTWljcm9zb2Z0LlNxbC9zZXJ2ZXJzL3NxbC1hdWRpdC1jbWRsZXQtc2VydmVyMjYxODgzL2RhdGFiYXNlcy9zcWwtYXVkaXQtY21kbGV0LWRiMjYxODgzL29wZXJhdGlvblJlc3VsdHMvNzA0ZTI3MTItOTY5YS00ZWIwLWE0YTUtMDdmNjdiNzdkMmVlP2FwaS12ZXJzaW9uPTIwMTQtMDQtMDEtUHJldmlldw==",
      "RequestMethod": "GET",
      "RequestBody": "",
      "RequestHeaders": {
        "User-Agent": [
          "Microsoft.Azure.Management.Sql.SqlManagementClient/0.9.0.0"
        ],
        "x-ms-client-request-id": [
          "ba99c34b-a440-4b0e-9c57-34d86085b7ed"
        ]
      },
      "ResponseBody": "{\r\n  \"operation\": \"CreateLogicalDatabase\",\r\n  \"startTime\": \"2016-08-24T09:33:36.433Z\"\r\n}",
      "ResponseHeaders": {
        "Content-Length": [
          "75"
        ],
        "Content-Type": [
          "application/json"
        ],
        "Retry-After": [
          "30"
        ],
        "x-ms-request-id": [
          "6c65443b-bc9f-45e7-bebb-176e2157a1d0"
        ],
        "X-Content-Type-Options": [
          "nosniff"
        ],
        "DataServiceVersion": [
          "3.0;"
        ],
        "Strict-Transport-Security": [
          "max-age=31536000; includeSubDomains"
        ],
        "Azure-AsyncOperation": [
          "https://management.azure.com/subscriptions/cca24ec8-99b5-4aa7-9ff6-486e886f304c/resourceGroups/sql-audit-cmdlet-test-rg261883/providers/Microsoft.Sql/servers/sql-audit-cmdlet-server261883/databases/sql-audit-cmdlet-db261883/azureAsyncOperation/704e2712-969a-4eb0-a4a5-07f67b77d2ee?api-version=2014-04-01-Preview"
        ],
        "x-ms-ratelimit-remaining-subscription-reads": [
          "14831"
        ],
        "x-ms-correlation-request-id": [
          "f83cbb77-544e-49dd-ba1c-632aa286b706"
        ],
        "x-ms-routing-request-id": [
          "WESTEUROPE:20160824T093409Z:f83cbb77-544e-49dd-ba1c-632aa286b706"
        ],
        "Cache-Control": [
          "no-store, no-cache"
        ],
        "Date": [
          "Wed, 24 Aug 2016 09:34:09 GMT"
        ],
        "Location": [
          "https://management.azure.com/subscriptions/cca24ec8-99b5-4aa7-9ff6-486e886f304c/resourceGroups/sql-audit-cmdlet-test-rg261883/providers/Microsoft.Sql/servers/sql-audit-cmdlet-server261883/databases/sql-audit-cmdlet-db261883/operationResults/704e2712-969a-4eb0-a4a5-07f67b77d2ee?api-version=2014-04-01-Preview"
        ],
        "Server": [
          "Microsoft-HTTPAPI/2.0"
        ]
      },
      "StatusCode": 202
    },
    {
      "RequestUri": "/subscriptions/cca24ec8-99b5-4aa7-9ff6-486e886f304c/resourceGroups/sql-audit-cmdlet-test-rg261883/providers/Microsoft.Sql/servers/sql-audit-cmdlet-server261883/databases/sql-audit-cmdlet-db261883/operationResults/704e2712-969a-4eb0-a4a5-07f67b77d2ee?api-version=2014-04-01-Preview",
      "EncodedRequestUri": "L3N1YnNjcmlwdGlvbnMvY2NhMjRlYzgtOTliNS00YWE3LTlmZjYtNDg2ZTg4NmYzMDRjL3Jlc291cmNlR3JvdXBzL3NxbC1hdWRpdC1jbWRsZXQtdGVzdC1yZzI2MTg4My9wcm92aWRlcnMvTWljcm9zb2Z0LlNxbC9zZXJ2ZXJzL3NxbC1hdWRpdC1jbWRsZXQtc2VydmVyMjYxODgzL2RhdGFiYXNlcy9zcWwtYXVkaXQtY21kbGV0LWRiMjYxODgzL29wZXJhdGlvblJlc3VsdHMvNzA0ZTI3MTItOTY5YS00ZWIwLWE0YTUtMDdmNjdiNzdkMmVlP2FwaS12ZXJzaW9uPTIwMTQtMDQtMDEtUHJldmlldw==",
      "RequestMethod": "GET",
      "RequestBody": "",
      "RequestHeaders": {
        "User-Agent": [
          "Microsoft.Azure.Management.Sql.SqlManagementClient/0.9.0.0"
        ],
        "x-ms-client-request-id": [
          "ba99c34b-a440-4b0e-9c57-34d86085b7ed"
        ]
      },
      "ResponseBody": "{\r\n  \"tags\": {},\r\n  \"id\": \"/subscriptions/cca24ec8-99b5-4aa7-9ff6-486e886f304c/resourceGroups/sql-audit-cmdlet-test-rg261883/providers/Microsoft.Sql/servers/sql-audit-cmdlet-server261883/databases/sql-audit-cmdlet-db261883\",\r\n  \"name\": \"sql-audit-cmdlet-db261883\",\r\n  \"type\": \"Microsoft.Sql/servers/databases\",\r\n  \"location\": \"West US\",\r\n  \"kind\": \"v12.0,user\",\r\n  \"properties\": {\r\n    \"databaseId\": \"50bcf710-dc4b-49d4-a5b8-cfbd279df99e\",\r\n    \"edition\": \"Basic\",\r\n    \"status\": \"Online\",\r\n    \"serviceLevelObjective\": \"Basic\",\r\n    \"collation\": \"SQL_Latin1_General_CP1_CI_AS\",\r\n    \"maxSizeBytes\": \"2147483648\",\r\n    \"creationDate\": \"2016-08-24T09:33:36.84Z\",\r\n    \"currentServiceObjectiveId\": \"dd6d99bb-f193-4ec1-86f2-43d3bccbc49c\",\r\n    \"requestedServiceObjectiveId\": \"dd6d99bb-f193-4ec1-86f2-43d3bccbc49c\",\r\n    \"requestedServiceObjectiveName\": \"Basic\",\r\n    \"defaultSecondaryLocation\": \"East US\",\r\n    \"earliestRestoreDate\": \"2016-08-24T09:44:15.453Z\",\r\n    \"elasticPoolName\": null,\r\n    \"containmentState\": 2\r\n  }\r\n}",
      "ResponseHeaders": {
        "Content-Length": [
          "884"
        ],
        "Content-Type": [
          "application/json; odata=minimalmetadata; streaming=true; charset=utf-8"
        ],
        "x-ms-request-id": [
          "48793e4f-aad2-4635-adf1-db2e16fc8807"
        ],
        "X-Content-Type-Options": [
          "nosniff"
        ],
        "DataServiceVersion": [
          "3.0;"
        ],
        "Strict-Transport-Security": [
          "max-age=31536000; includeSubDomains"
        ],
        "x-ms-ratelimit-remaining-subscription-reads": [
          "14830"
        ],
        "x-ms-correlation-request-id": [
          "1482cc2d-6272-47c7-8e1e-dcecc206cec2"
        ],
        "x-ms-routing-request-id": [
          "WESTEUROPE:20160824T093426Z:1482cc2d-6272-47c7-8e1e-dcecc206cec2"
        ],
        "Cache-Control": [
          "no-store, no-cache"
        ],
        "Date": [
          "Wed, 24 Aug 2016 09:34:25 GMT"
        ],
        "Server": [
          "Microsoft-HTTPAPI/2.0"
        ]
      },
      "StatusCode": 201
    },
    {
      "RequestUri": "/subscriptions/cca24ec8-99b5-4aa7-9ff6-486e886f304c/resourceGroups/sql-audit-cmdlet-test-rg261883/providers/Microsoft.Sql/servers/sql-audit-cmdlet-server261883/auditingPolicies/Default?api-version=2014-04-01",
      "EncodedRequestUri": "L3N1YnNjcmlwdGlvbnMvY2NhMjRlYzgtOTliNS00YWE3LTlmZjYtNDg2ZTg4NmYzMDRjL3Jlc291cmNlR3JvdXBzL3NxbC1hdWRpdC1jbWRsZXQtdGVzdC1yZzI2MTg4My9wcm92aWRlcnMvTWljcm9zb2Z0LlNxbC9zZXJ2ZXJzL3NxbC1hdWRpdC1jbWRsZXQtc2VydmVyMjYxODgzL2F1ZGl0aW5nUG9saWNpZXMvRGVmYXVsdD9hcGktdmVyc2lvbj0yMDE0LTA0LTAx",
      "RequestMethod": "GET",
      "RequestBody": "",
      "RequestHeaders": {
        "User-Agent": [
          "Microsoft.Azure.Management.Sql.SqlManagementClient/0.9.0.0"
        ],
        "x-ms-client-request-id": [
          "f2ba2745-c083-45c2-b0d8-dc738d7cac76"
        ]
      },
      "ResponseBody": "{\r\n  \"id\": \"/subscriptions/cca24ec8-99b5-4aa7-9ff6-486e886f304c/resourceGroups/sql-audit-cmdlet-test-rg261883/providers/Microsoft.Sql/servers/sql-audit-cmdlet-server261883/auditingPolicies/Default\",\r\n  \"name\": \"Default\",\r\n  \"type\": \"Microsoft.Sql/servers/auditingPolicies\",\r\n  \"location\": \"West US\",\r\n  \"kind\": null,\r\n  \"properties\": {\r\n    \"auditingState\": \"New\",\r\n    \"eventTypesToAudit\": \"PlainSQL_Success,PlainSQL_Failure,ParameterizedSQL_Success,ParameterizedSQL_Failure,StoredProcedure_Success,StoredProcedure_Failure,Login_Success,Login_Failure,TransactionManagement_Success,TransactionManagement_Failure\",\r\n    \"storageAccountName\": null,\r\n    \"storageAccountKey\": null,\r\n    \"storageAccountSecondaryKey\": null,\r\n    \"storageTableEndpoint\": null,\r\n    \"storageAccountResourceGroupName\": null,\r\n    \"storageAccountSubscriptionId\": null,\r\n    \"fullAuditLogsTableName\": \"SQLDBAuditLogsSqlauditcmdletserver261883\",\r\n    \"auditLogsTableName\": \"Sqlauditcmdletserver261883\",\r\n    \"retentionDays\": \"0\"\r\n  }\r\n}",
      "ResponseHeaders": {
        "Content-Length": [
          "896"
        ],
        "Content-Type": [
          "application/json; odata=minimalmetadata; streaming=true; charset=utf-8"
        ],
        "x-ms-request-id": [
          "6e608dfb-2ef9-47f0-8ac6-93409efed079"
        ],
        "X-Content-Type-Options": [
          "nosniff"
        ],
        "DataServiceVersion": [
          "3.0;"
        ],
        "Strict-Transport-Security": [
          "max-age=31536000; includeSubDomains"
        ],
        "x-ms-ratelimit-remaining-subscription-reads": [
          "14829"
        ],
        "x-ms-correlation-request-id": [
          "07397aa2-ab06-4698-a232-2b301ba51e6d"
        ],
        "x-ms-routing-request-id": [
          "WESTEUROPE:20160824T093427Z:07397aa2-ab06-4698-a232-2b301ba51e6d"
        ],
        "Cache-Control": [
          "no-store, no-cache"
        ],
        "Date": [
          "Wed, 24 Aug 2016 09:34:26 GMT"
        ],
        "Server": [
          "Microsoft-HTTPAPI/2.0"
        ]
      },
      "StatusCode": 200
    },
    {
      "RequestUri": "/subscriptions/cca24ec8-99b5-4aa7-9ff6-486e886f304c/resourceGroups/sql-audit-cmdlet-test-rg261883/providers/Microsoft.Sql/servers/sql-audit-cmdlet-server261883/auditingPolicies/Default?api-version=2014-04-01",
      "EncodedRequestUri": "L3N1YnNjcmlwdGlvbnMvY2NhMjRlYzgtOTliNS00YWE3LTlmZjYtNDg2ZTg4NmYzMDRjL3Jlc291cmNlR3JvdXBzL3NxbC1hdWRpdC1jbWRsZXQtdGVzdC1yZzI2MTg4My9wcm92aWRlcnMvTWljcm9zb2Z0LlNxbC9zZXJ2ZXJzL3NxbC1hdWRpdC1jbWRsZXQtc2VydmVyMjYxODgzL2F1ZGl0aW5nUG9saWNpZXMvRGVmYXVsdD9hcGktdmVyc2lvbj0yMDE0LTA0LTAx",
      "RequestMethod": "GET",
      "RequestBody": "",
      "RequestHeaders": {
        "User-Agent": [
          "Microsoft.Azure.Management.Sql.SqlManagementClient/0.9.0.0"
        ],
        "x-ms-client-request-id": [
          "129f7707-2a04-4f25-9084-d88a4e43e74c"
        ]
      },
      "ResponseBody": "{\r\n  \"id\": \"/subscriptions/cca24ec8-99b5-4aa7-9ff6-486e886f304c/resourceGroups/sql-audit-cmdlet-test-rg261883/providers/Microsoft.Sql/servers/sql-audit-cmdlet-server261883/auditingPolicies/Default\",\r\n  \"name\": \"Default\",\r\n  \"type\": \"Microsoft.Sql/servers/auditingPolicies\",\r\n  \"location\": \"West US\",\r\n  \"kind\": null,\r\n  \"properties\": {\r\n    \"auditingState\": \"Enabled\",\r\n    \"eventTypesToAudit\": \"PlainSQL_Success;PlainSQL_Failure;ParameterizedSQL_Success;ParameterizedSQL_Failure;StoredProcedure_Success;StoredProcedure_Failure;Login_Success;Login_Failure;TransactionManagement_Success;TransactionManagement_Failure\",\r\n    \"storageAccountName\": \"auditcmdlets261883\",\r\n    \"storageAccountKey\": \"********\",\r\n    \"storageAccountSecondaryKey\": null,\r\n    \"storageTableEndpoint\": \"https://auditcmdlets261883.table.core.windows.net\",\r\n    \"storageAccountResourceGroupName\": \"sql-audit-cmdlet-test-rg261883\",\r\n    \"storageAccountSubscriptionId\": \"cca24ec8-99b5-4aa7-9ff6-486e886f304c\",\r\n    \"fullAuditLogsTableName\": \"SQLDBAuditLogsSqlauditcmdletserver261883\",\r\n    \"auditLogsTableName\": \"Sqlauditcmdletserver261883\",\r\n    \"retentionDays\": \"0\"\r\n  }\r\n}",
      "ResponseHeaders": {
        "Content-Length": [
          "1031"
        ],
        "Content-Type": [
          "application/json; odata=minimalmetadata; streaming=true; charset=utf-8"
        ],
        "x-ms-request-id": [
          "e6d5b08a-4be6-4eca-a8e2-1e616a5826be"
        ],
        "X-Content-Type-Options": [
          "nosniff"
        ],
        "DataServiceVersion": [
          "3.0;"
        ],
        "Strict-Transport-Security": [
          "max-age=31536000; includeSubDomains"
        ],
        "x-ms-ratelimit-remaining-subscription-reads": [
          "14828"
        ],
        "x-ms-correlation-request-id": [
          "6e840866-ab94-449e-b9d7-ff09784d1fed"
        ],
        "x-ms-routing-request-id": [
          "WESTEUROPE:20160824T093433Z:6e840866-ab94-449e-b9d7-ff09784d1fed"
        ],
        "Cache-Control": [
          "no-store, no-cache"
        ],
        "Date": [
          "Wed, 24 Aug 2016 09:34:32 GMT"
        ],
        "Server": [
          "Microsoft-HTTPAPI/2.0"
        ]
      },
      "StatusCode": 200
    },
    {
      "RequestUri": "/subscriptions/cca24ec8-99b5-4aa7-9ff6-486e886f304c/resources?$filter=resourceType%20eq%20'Microsoft.ClassicStorage%2FstorageAccounts'&api-version=2016-02-01",
      "EncodedRequestUri": "L3N1YnNjcmlwdGlvbnMvY2NhMjRlYzgtOTliNS00YWE3LTlmZjYtNDg2ZTg4NmYzMDRjL3Jlc291cmNlcz8kZmlsdGVyPXJlc291cmNlVHlwZSUyMGVxJTIwJ01pY3Jvc29mdC5DbGFzc2ljU3RvcmFnZSUyRnN0b3JhZ2VBY2NvdW50cycmYXBpLXZlcnNpb249MjAxNi0wMi0wMQ==",
      "RequestMethod": "GET",
      "RequestBody": "",
      "RequestHeaders": {
        "User-Agent": [
          "Microsoft.Azure.Management.Resources.ResourceManagementClient/2.0.0.0"
        ]
      },
      "ResponseBody": "{\r\n  \"value\": [\r\n    {\r\n      \"id\": \"/subscriptions/cca24ec8-99b5-4aa7-9ff6-486e886f304c/resourceGroups/__ElasticDatabaseJob/providers/Microsoft.ClassicStorage/storageAccounts/edj15b904a0c70144178c151\",\r\n      \"name\": \"edj15b904a0c70144178c151\",\r\n      \"type\": \"Microsoft.ClassicStorage/storageAccounts\",\r\n      \"location\": \"westus\"\r\n    },\r\n    {\r\n      \"id\": \"/subscriptions/cca24ec8-99b5-4aa7-9ff6-486e886f304c/resourceGroups/Default-SQL-AustraliaEast/providers/Microsoft.ClassicStorage/storageAccounts/inherittest\",\r\n      \"name\": \"inherittest\",\r\n      \"type\": \"Microsoft.ClassicStorage/storageAccounts\",\r\n      \"location\": \"southeastasia\"\r\n    },\r\n    {\r\n      \"id\": \"/subscriptions/cca24ec8-99b5-4aa7-9ff6-486e886f304c/resourceGroups/Default-SQL-EastAsia/providers/Microsoft.ClassicStorage/storageAccounts/alexumauditlogsstorage2\",\r\n      \"name\": \"alexumauditlogsstorage2\",\r\n      \"type\": \"Microsoft.ClassicStorage/storageAccounts\",\r\n      \"location\": \"eastasia\"\r\n    },\r\n    {\r\n      \"id\": \"/subscriptions/cca24ec8-99b5-4aa7-9ff6-486e886f304c/resourceGroups/Default-Storage-CentralUS/providers/Microsoft.ClassicStorage/storageAccounts/tomerl10\",\r\n      \"name\": \"tomerl10\",\r\n      \"type\": \"Microsoft.ClassicStorage/storageAccounts\",\r\n      \"location\": \"centralus\"\r\n    },\r\n    {\r\n      \"id\": \"/subscriptions/cca24ec8-99b5-4aa7-9ff6-486e886f304c/resourceGroups/Default-Storage-CentralUS/providers/Microsoft.ClassicStorage/storageAccounts/yoavf\",\r\n      \"name\": \"yoavf\",\r\n      \"type\": \"Microsoft.ClassicStorage/storageAccounts\",\r\n      \"location\": \"centralus\"\r\n    },\r\n    {\r\n      \"id\": \"/subscriptions/cca24ec8-99b5-4aa7-9ff6-486e886f304c/resourceGroups/Default-Storage-EastAsia/providers/Microsoft.ClassicStorage/storageAccounts/portalvhdsq8lmr4qtzkxb5\",\r\n      \"name\": \"portalvhdsq8lmr4qtzkxb5\",\r\n      \"type\": \"Microsoft.ClassicStorage/storageAccounts\",\r\n      \"location\": \"eastasia\"\r\n    },\r\n    {\r\n      \"id\": \"/subscriptions/cca24ec8-99b5-4aa7-9ff6-486e886f304c/resourceGroups/Default-Storage-EastUS/providers/Microsoft.ClassicStorage/storageAccounts/esamstorage\",\r\n      \"name\": \"esamstorage\",\r\n      \"type\": \"Microsoft.ClassicStorage/storageAccounts\",\r\n      \"location\": \"eastus\"\r\n    },\r\n    {\r\n      \"id\": \"/subscriptions/cca24ec8-99b5-4aa7-9ff6-486e886f304c/resourceGroups/Default-Storage-EastUS/providers/Microsoft.ClassicStorage/storageAccounts/lianastorage2\",\r\n      \"name\": \"lianastorage2\",\r\n      \"type\": \"Microsoft.ClassicStorage/storageAccounts\",\r\n      \"location\": \"eastus\"\r\n    },\r\n    {\r\n      \"id\": \"/subscriptions/cca24ec8-99b5-4aa7-9ff6-486e886f304c/resourceGroups/Default-Storage-EastUS/providers/Microsoft.ClassicStorage/storageAccounts/portalvhdsb85hb194sjzz\",\r\n      \"name\": \"portalvhdsb85hb194sjzz\",\r\n      \"type\": \"Microsoft.ClassicStorage/storageAccounts\",\r\n      \"location\": \"eastus\"\r\n    },\r\n    {\r\n      \"id\": \"/subscriptions/cca24ec8-99b5-4aa7-9ff6-486e886f304c/resourceGroups/Default-Storage-EastUS/providers/Microsoft.ClassicStorage/storageAccounts/yoavfpowerbi2\",\r\n      \"name\": \"yoavfpowerbi2\",\r\n      \"type\": \"Microsoft.ClassicStorage/storageAccounts\",\r\n      \"location\": \"eastus\"\r\n    },\r\n    {\r\n      \"id\": \"/subscriptions/cca24ec8-99b5-4aa7-9ff6-486e886f304c/resourceGroups/Default-Storage-EastUS/providers/Microsoft.ClassicStorage/storageAccounts/yoavfpowerbismall\",\r\n      \"name\": \"yoavfpowerbismall\",\r\n      \"type\": \"Microsoft.ClassicStorage/storageAccounts\",\r\n      \"location\": \"eastus\"\r\n    },\r\n    {\r\n      \"id\": \"/subscriptions/cca24ec8-99b5-4aa7-9ff6-486e886f304c/resourceGroups/Default-Storage-EastUS2/providers/Microsoft.ClassicStorage/storageAccounts/portalvhdsv934j7szk9sg7\",\r\n      \"name\": \"portalvhdsv934j7szk9sg7\",\r\n      \"type\": \"Microsoft.ClassicStorage/storageAccounts\",\r\n      \"location\": \"eastus2\"\r\n    },\r\n    {\r\n      \"id\": \"/subscriptions/cca24ec8-99b5-4aa7-9ff6-486e886f304c/resourceGroups/Default-Storage-NorthEurope/providers/Microsoft.ClassicStorage/storageAccounts/alexumperfteststorage1\",\r\n      \"name\": \"alexumperfteststorage1\",\r\n      \"type\": \"Microsoft.ClassicStorage/storageAccounts\",\r\n      \"location\": \"northeurope\"\r\n    },\r\n    {\r\n      \"id\": \"/subscriptions/cca24ec8-99b5-4aa7-9ff6-486e886f304c/resourceGroups/Default-Storage-NorthEurope/providers/Microsoft.ClassicStorage/storageAccounts/db5kalistorage\",\r\n      \"name\": \"db5kalistorage\",\r\n      \"type\": \"Microsoft.ClassicStorage/storageAccounts\",\r\n      \"location\": \"northeurope\"\r\n    },\r\n    {\r\n      \"id\": \"/subscriptions/cca24ec8-99b5-4aa7-9ff6-486e886f304c/resourceGroups/Default-Storage-NorthEurope/providers/Microsoft.ClassicStorage/storageAccounts/tomerrstorage\",\r\n      \"name\": \"tomerrstorage\",\r\n      \"type\": \"Microsoft.ClassicStorage/storageAccounts\",\r\n      \"location\": \"northeurope\"\r\n    },\r\n    {\r\n      \"id\": \"/subscriptions/cca24ec8-99b5-4aa7-9ff6-486e886f304c/resourceGroups/Default-Storage-SouthCentralUS/providers/Microsoft.ClassicStorage/storageAccounts/mlstr\",\r\n      \"name\": \"mlstr\",\r\n      \"type\": \"Microsoft.ClassicStorage/storageAccounts\",\r\n      \"location\": \"southcentralus\"\r\n    },\r\n    {\r\n      \"id\": \"/subscriptions/cca24ec8-99b5-4aa7-9ff6-486e886f304c/resourceGroups/Default-Storage-WestEurope/providers/Microsoft.ClassicStorage/storageAccounts/alexumauditlogsstorage\",\r\n      \"name\": \"alexumauditlogsstorage\",\r\n      \"type\": \"Microsoft.ClassicStorage/storageAccounts\",\r\n      \"location\": \"westeurope\"\r\n    },\r\n    {\r\n      \"id\": \"/subscriptions/cca24ec8-99b5-4aa7-9ff6-486e886f304c/resourceGroups/Default-Storage-WestEurope/providers/Microsoft.ClassicStorage/storageAccounts/nadavhauditlogsstorage\",\r\n      \"name\": \"nadavhauditlogsstorage\",\r\n      \"type\": \"Microsoft.ClassicStorage/storageAccounts\",\r\n      \"location\": \"westeurope\"\r\n    },\r\n    {\r\n      \"id\": \"/subscriptions/cca24ec8-99b5-4aa7-9ff6-486e886f304c/resourceGroups/Default-Storage-WestEurope/providers/Microsoft.ClassicStorage/storageAccounts/ofirtest\",\r\n      \"name\": \"ofirtest\",\r\n      \"type\": \"Microsoft.ClassicStorage/storageAccounts\",\r\n      \"location\": \"westeurope\"\r\n    },\r\n    {\r\n      \"id\": \"/subscriptions/cca24ec8-99b5-4aa7-9ff6-486e886f304c/resourceGroups/Default-Storage-WestEurope/providers/Microsoft.ClassicStorage/storageAccounts/portalvhdsy8wcm73x2bh2j\",\r\n      \"name\": \"portalvhdsy8wcm73x2bh2j\",\r\n      \"type\": \"Microsoft.ClassicStorage/storageAccounts\",\r\n      \"location\": \"westeurope\"\r\n    },\r\n    {\r\n      \"id\": \"/subscriptions/cca24ec8-99b5-4aa7-9ff6-486e886f304c/resourceGroups/Default-Storage-WestEurope/providers/Microsoft.ClassicStorage/storageAccounts/rambrachteststorage\",\r\n      \"name\": \"rambrachteststorage\",\r\n      \"type\": \"Microsoft.ClassicStorage/storageAccounts\",\r\n      \"location\": \"westeurope\"\r\n    },\r\n    {\r\n      \"id\": \"/subscriptions/cca24ec8-99b5-4aa7-9ff6-486e886f304c/resourceGroups/Default-Storage-WestEurope/providers/Microsoft.ClassicStorage/storageAccounts/tdml\",\r\n      \"name\": \"tdml\",\r\n      \"type\": \"Microsoft.ClassicStorage/storageAccounts\",\r\n      \"location\": \"westeurope\"\r\n    },\r\n    {\r\n      \"id\": \"/subscriptions/cca24ec8-99b5-4aa7-9ff6-486e886f304c/resourceGroups/Default-Storage-WestEurope/providers/Microsoft.ClassicStorage/storageAccounts/tomerlschema1\",\r\n      \"name\": \"tomerlschema1\",\r\n      \"type\": \"Microsoft.ClassicStorage/storageAccounts\",\r\n      \"location\": \"westeurope\"\r\n    },\r\n    {\r\n      \"id\": \"/subscriptions/cca24ec8-99b5-4aa7-9ff6-486e886f304c/resourceGroups/Default-Storage-WestEurope/providers/Microsoft.ClassicStorage/storageAccounts/tomerlschema2\",\r\n      \"name\": \"tomerlschema2\",\r\n      \"type\": \"Microsoft.ClassicStorage/storageAccounts\",\r\n      \"location\": \"westeurope\"\r\n    },\r\n    {\r\n      \"id\": \"/subscriptions/cca24ec8-99b5-4aa7-9ff6-486e886f304c/resourceGroups/Default-Storage-WestUS/providers/Microsoft.ClassicStorage/storageAccounts/galmtest\",\r\n      \"name\": \"galmtest\",\r\n      \"type\": \"Microsoft.ClassicStorage/storageAccounts\",\r\n      \"location\": \"westus\"\r\n    },\r\n    {\r\n      \"id\": \"/subscriptions/cca24ec8-99b5-4aa7-9ff6-486e886f304c/resourceGroups/Default-Storage-WestUS/providers/Microsoft.ClassicStorage/storageAccounts/portalvhdsf7kj9rfzv9wn7\",\r\n      \"name\": \"portalvhdsf7kj9rfzv9wn7\",\r\n      \"type\": \"Microsoft.ClassicStorage/storageAccounts\",\r\n      \"location\": \"westus\"\r\n    },\r\n    {\r\n      \"id\": \"/subscriptions/cca24ec8-99b5-4aa7-9ff6-486e886f304c/resourceGroups/Default-Storage-WestUS/providers/Microsoft.ClassicStorage/storageAccounts/yrubincmdletstest\",\r\n      \"name\": \"yrubincmdletstest\",\r\n      \"type\": \"Microsoft.ClassicStorage/storageAccounts\",\r\n      \"location\": \"westus\"\r\n    },\r\n    {\r\n      \"id\": \"/subscriptions/cca24ec8-99b5-4aa7-9ff6-486e886f304c/resourceGroups/Group-1/providers/Microsoft.ClassicStorage/storageAccounts/tgagrinctp23\",\r\n      \"name\": \"tgagrinctp23\",\r\n      \"type\": \"Microsoft.ClassicStorage/storageAccounts\",\r\n      \"location\": \"northeurope\"\r\n    },\r\n    {\r\n      \"id\": \"/subscriptions/cca24ec8-99b5-4aa7-9ff6-486e886f304c/resourceGroups/Group-10/providers/Microsoft.ClassicStorage/storageAccounts/ofirhavidumps\",\r\n      \"name\": \"ofirhavidumps\",\r\n      \"type\": \"Microsoft.ClassicStorage/storageAccounts\",\r\n      \"location\": \"northeurope\"\r\n    },\r\n    {\r\n      \"id\": \"/subscriptions/cca24ec8-99b5-4aa7-9ff6-486e886f304c/resourceGroups/Group-7/providers/Microsoft.ClassicStorage/storageAccounts/alexumtestvmcdb\",\r\n      \"name\": \"alexumtestvmcdb\",\r\n      \"type\": \"Microsoft.ClassicStorage/storageAccounts\",\r\n      \"location\": \"northeurope\"\r\n    },\r\n    {\r\n      \"id\": \"/subscriptions/cca24ec8-99b5-4aa7-9ff6-486e886f304c/resourceGroups/MemoryInvestigations/providers/Microsoft.ClassicStorage/storageAccounts/assafakmemdump\",\r\n      \"name\": \"assafakmemdump\",\r\n      \"type\": \"Microsoft.ClassicStorage/storageAccounts\",\r\n      \"location\": \"westeurope\"\r\n    },\r\n    {\r\n      \"id\": \"/subscriptions/cca24ec8-99b5-4aa7-9ff6-486e886f304c/resourceGroups/ResourceGroup/providers/Microsoft.ClassicStorage/storageAccounts/ranishateststorage22\",\r\n      \"name\": \"ranishateststorage22\",\r\n      \"type\": \"Microsoft.ClassicStorage/storageAccounts\",\r\n      \"location\": \"eastasia\"\r\n    },\r\n    {\r\n      \"id\": \"/subscriptions/cca24ec8-99b5-4aa7-9ff6-486e886f304c/resourceGroups/t-dadror/providers/Microsoft.ClassicStorage/storageAccounts/danielstorageaccount\",\r\n      \"name\": \"danielstorageaccount\",\r\n      \"type\": \"Microsoft.ClassicStorage/storageAccounts\",\r\n      \"location\": \"westeurope\"\r\n    }\r\n  ]\r\n}",
      "ResponseHeaders": {
        "Content-Length": [
          "8752"
        ],
        "Content-Type": [
          "application/json; charset=utf-8"
        ],
        "Expires": [
          "-1"
        ],
        "Pragma": [
          "no-cache"
        ],
        "x-ms-ratelimit-remaining-subscription-reads": [
          "14495"
        ],
        "x-ms-request-id": [
          "11305a58-713e-41d3-8394-e623b4215984"
        ],
        "x-ms-correlation-request-id": [
          "11305a58-713e-41d3-8394-e623b4215984"
        ],
        "x-ms-routing-request-id": [
          "WESTEUROPE:20160824T093428Z:11305a58-713e-41d3-8394-e623b4215984"
        ],
        "Strict-Transport-Security": [
          "max-age=31536000; includeSubDomains"
        ],
        "Cache-Control": [
          "no-cache"
        ],
        "Date": [
          "Wed, 24 Aug 2016 09:34:27 GMT"
        ]
      },
      "StatusCode": 200
    },
    {
      "RequestUri": "/subscriptions/cca24ec8-99b5-4aa7-9ff6-486e886f304c/resources?$filter=resourceType%20eq%20'Microsoft.Storage%2FstorageAccounts'&api-version=2016-02-01",
      "EncodedRequestUri": "L3N1YnNjcmlwdGlvbnMvY2NhMjRlYzgtOTliNS00YWE3LTlmZjYtNDg2ZTg4NmYzMDRjL3Jlc291cmNlcz8kZmlsdGVyPXJlc291cmNlVHlwZSUyMGVxJTIwJ01pY3Jvc29mdC5TdG9yYWdlJTJGc3RvcmFnZUFjY291bnRzJyZhcGktdmVyc2lvbj0yMDE2LTAyLTAx",
      "RequestMethod": "GET",
      "RequestBody": "",
      "RequestHeaders": {
        "User-Agent": [
          "Microsoft.Azure.Management.Resources.ResourceManagementClient/2.0.0.0"
        ]
      },
      "ResponseBody": "{\r\n  \"value\": [\r\n    {\r\n      \"id\": \"/subscriptions/cca24ec8-99b5-4aa7-9ff6-486e886f304c/resourceGroups/andml/providers/Microsoft.Storage/storageAccounts/alexumgeoredundant\",\r\n      \"name\": \"alexumgeoredundant\",\r\n      \"type\": \"Microsoft.Storage/storageAccounts\",\r\n      \"sku\": {\r\n        \"name\": \"Standard_RAGRS\",\r\n        \"tier\": \"Standard\"\r\n      },\r\n      \"kind\": \"Storage\",\r\n      \"location\": \"eastasia\",\r\n      \"tags\": {}\r\n    },\r\n    {\r\n      \"id\": \"/subscriptions/cca24ec8-99b5-4aa7-9ff6-486e886f304c/resourceGroups/assafaktest/providers/Microsoft.Storage/storageAccounts/assafaktest5593\",\r\n      \"name\": \"assafaktest5593\",\r\n      \"type\": \"Microsoft.Storage/storageAccounts\",\r\n      \"location\": \"eastus2\",\r\n      \"tags\": {}\r\n    },\r\n    {\r\n      \"id\": \"/subscriptions/cca24ec8-99b5-4aa7-9ff6-486e886f304c/resourceGroups/assafaktest/providers/Microsoft.Storage/storageAccounts/assafaktest6245\",\r\n      \"name\": \"assafaktest6245\",\r\n      \"type\": \"Microsoft.Storage/storageAccounts\",\r\n      \"sku\": {\r\n        \"name\": \"Premium_LRS\",\r\n        \"tier\": \"Premium\"\r\n      },\r\n      \"kind\": \"Storage\",\r\n      \"location\": \"japaneast\",\r\n      \"tags\": {}\r\n    },\r\n    {\r\n      \"id\": \"/subscriptions/cca24ec8-99b5-4aa7-9ff6-486e886f304c/resourceGroups/assafaktest/providers/Microsoft.Storage/storageAccounts/assafakteststorage\",\r\n      \"name\": \"assafakteststorage\",\r\n      \"type\": \"Microsoft.Storage/storageAccounts\",\r\n      \"sku\": {\r\n        \"name\": \"Standard_LRS\",\r\n        \"tier\": \"Standard\"\r\n      },\r\n      \"kind\": \"Storage\",\r\n      \"location\": \"japaneast\",\r\n      \"tags\": {}\r\n    },\r\n    {\r\n      \"id\": \"/subscriptions/cca24ec8-99b5-4aa7-9ff6-486e886f304c/resourceGroups/assafaktest/providers/Microsoft.Storage/storageAccounts/db5drfiredrill\",\r\n      \"name\": \"db5drfiredrill\",\r\n      \"type\": \"Microsoft.Storage/storageAccounts\",\r\n      \"sku\": {\r\n        \"name\": \"Standard_RAGRS\",\r\n        \"tier\": \"Standard\"\r\n      },\r\n      \"kind\": \"Storage\",\r\n      \"location\": \"westeurope\",\r\n      \"tags\": {}\r\n    },\r\n    {\r\n      \"id\": \"/subscriptions/cca24ec8-99b5-4aa7-9ff6-486e886f304c/resourceGroups/assafaktest/providers/Microsoft.Storage/storageAccounts/japaneaststorage1\",\r\n      \"name\": \"japaneaststorage1\",\r\n      \"type\": \"Microsoft.Storage/storageAccounts\",\r\n      \"sku\": {\r\n        \"name\": \"Standard_LRS\",\r\n        \"tier\": \"Standard\"\r\n      },\r\n      \"kind\": \"Storage\",\r\n      \"location\": \"japaneast\",\r\n      \"tags\": {}\r\n    },\r\n    {\r\n      \"id\": \"/subscriptions/cca24ec8-99b5-4aa7-9ff6-486e886f304c/resourceGroups/assafaktest/providers/Microsoft.Storage/storageAccounts/yaiyunne1\",\r\n      \"name\": \"yaiyunne1\",\r\n      \"type\": \"Microsoft.Storage/storageAccounts\",\r\n      \"sku\": {\r\n        \"name\": \"Standard_LRS\",\r\n        \"tier\": \"Standard\"\r\n      },\r\n      \"kind\": \"Storage\",\r\n      \"location\": \"japaneast\",\r\n      \"tags\": {}\r\n    },\r\n    {\r\n      \"id\": \"/subscriptions/cca24ec8-99b5-4aa7-9ff6-486e886f304c/resourceGroups/assafaktest/providers/Microsoft.Storage/storageAccounts/yaiyunzr\",\r\n      \"name\": \"yaiyunzr\",\r\n      \"type\": \"Microsoft.Storage/storageAccounts\",\r\n      \"sku\": {\r\n        \"name\": \"Standard_ZRS\",\r\n        \"tier\": \"Standard\"\r\n      },\r\n      \"kind\": \"Storage\",\r\n      \"location\": \"australiaeast\",\r\n      \"tags\": {}\r\n    },\r\n    {\r\n      \"id\": \"/subscriptions/cca24ec8-99b5-4aa7-9ff6-486e886f304c/resourceGroups/australiaeast/providers/Microsoft.Storage/storageAccounts/yaiyunblobstorage\",\r\n      \"name\": \"yaiyunblobstorage\",\r\n      \"type\": \"Microsoft.Storage/storageAccounts\",\r\n      \"sku\": {\r\n        \"name\": \"Standard_RAGRS\",\r\n        \"tier\": \"Standard\"\r\n      },\r\n      \"kind\": \"BlobStorage\",\r\n      \"location\": \"japaneast\",\r\n      \"tags\": {}\r\n    },\r\n    {\r\n      \"id\": \"/subscriptions/cca24ec8-99b5-4aa7-9ff6-486e886f304c/resourceGroups/AzureFunctions-WestEurope/providers/Microsoft.Storage/storageAccounts/azurefunctionsc8631628\",\r\n      \"name\": \"azurefunctionsc8631628\",\r\n      \"type\": \"Microsoft.Storage/storageAccounts\",\r\n      \"sku\": {\r\n        \"name\": \"Standard_GRS\",\r\n        \"tier\": \"Standard\"\r\n      },\r\n      \"kind\": \"Storage\",\r\n      \"location\": \"westeurope\",\r\n      \"tags\": {}\r\n    },\r\n    {\r\n      \"id\": \"/subscriptions/cca24ec8-99b5-4aa7-9ff6-486e886f304c/resourceGroups/cmdletssignoffgroup1/providers/Microsoft.Storage/storageAccounts/raniblobstoragetest\",\r\n      \"name\": \"raniblobstoragetest\",\r\n      \"type\": \"Microsoft.Storage/storageAccounts\",\r\n      \"sku\": {\r\n        \"name\": \"Standard_RAGRS\",\r\n        \"tier\": \"Standard\"\r\n      },\r\n      \"kind\": \"BlobStorage\",\r\n      \"location\": \"westeurope\",\r\n      \"tags\": {}\r\n    },\r\n    {\r\n      \"id\": \"/subscriptions/cca24ec8-99b5-4aa7-9ff6-486e886f304c/resourceGroups/Default-SQL-AustraliaEast/providers/Microsoft.Storage/storageAccounts/canarystorgae\",\r\n      \"name\": \"canarystorgae\",\r\n      \"type\": \"Microsoft.Storage/storageAccounts\",\r\n      \"sku\": {\r\n        \"name\": \"Standard_GRS\",\r\n        \"tier\": \"Standard\"\r\n      },\r\n      \"kind\": \"Storage\",\r\n      \"location\": \"australiaeast\",\r\n      \"tags\": {}\r\n    },\r\n    {\r\n      \"id\": \"/subscriptions/cca24ec8-99b5-4aa7-9ff6-486e886f304c/resourceGroups/Default-SQL-AustraliaEast/providers/Microsoft.Storage/storageAccounts/newyaiyun\",\r\n      \"name\": \"newyaiyun\",\r\n      \"type\": \"Microsoft.Storage/storageAccounts\",\r\n      \"sku\": {\r\n        \"name\": \"Standard_LRS\",\r\n        \"tier\": \"Standard\"\r\n      },\r\n      \"kind\": \"Storage\",\r\n      \"location\": \"australiaeast\",\r\n      \"tags\": {}\r\n    },\r\n    {\r\n      \"id\": \"/subscriptions/cca24ec8-99b5-4aa7-9ff6-486e886f304c/resourceGroups/Default-SQL-AustraliaEast/providers/Microsoft.Storage/storageAccounts/yaiyunstorage1s\",\r\n      \"name\": \"yaiyunstorage1s\",\r\n      \"type\": \"Microsoft.Storage/storageAccounts\",\r\n      \"sku\": {\r\n        \"name\": \"Standard_LRS\",\r\n        \"tier\": \"Standard\"\r\n      },\r\n      \"kind\": \"Storage\",\r\n      \"location\": \"australiaeast\",\r\n      \"tags\": {}\r\n    },\r\n    {\r\n      \"id\": \"/subscriptions/cca24ec8-99b5-4aa7-9ff6-486e886f304c/resourceGroups/Default-SQL-CentralUS/providers/Microsoft.Storage/storageAccounts/testesam\",\r\n      \"name\": \"testesam\",\r\n      \"type\": \"Microsoft.Storage/storageAccounts\",\r\n      \"location\": \"westeurope\",\r\n      \"tags\": {}\r\n    },\r\n    {\r\n      \"id\": \"/subscriptions/cca24ec8-99b5-4aa7-9ff6-486e886f304c/resourceGroups/Default-SQL-EastUS/providers/Microsoft.Storage/storageAccounts/deleteme12\",\r\n      \"name\": \"deleteme12\",\r\n      \"type\": \"Microsoft.Storage/storageAccounts\",\r\n      \"sku\": {\r\n        \"name\": \"Standard_LRS\",\r\n        \"tier\": \"Standard\"\r\n      },\r\n      \"kind\": \"Storage\",\r\n      \"location\": \"japanwest\",\r\n      \"tags\": {}\r\n    },\r\n    {\r\n      \"id\": \"/subscriptions/cca24ec8-99b5-4aa7-9ff6-486e886f304c/resourceGroups/Default-SQL-NorthEurope/providers/Microsoft.Storage/storageAccounts/yrubinv2storage\",\r\n      \"name\": \"yrubinv2storage\",\r\n      \"type\": \"Microsoft.Storage/storageAccounts\",\r\n      \"sku\": {\r\n        \"name\": \"Standard_LRS\",\r\n        \"tier\": \"Standard\"\r\n      },\r\n      \"kind\": \"Storage\",\r\n      \"location\": \"northeurope\",\r\n      \"tags\": {}\r\n    },\r\n    {\r\n      \"id\": \"/subscriptions/cca24ec8-99b5-4aa7-9ff6-486e886f304c/resourceGroups/EsamTest/providers/Microsoft.Storage/storageAccounts/eswatadstorage\",\r\n      \"name\": \"eswatadstorage\",\r\n      \"type\": \"Microsoft.Storage/storageAccounts\",\r\n      \"sku\": {\r\n        \"name\": \"Standard_LRS\",\r\n        \"tier\": \"Standard\"\r\n      },\r\n      \"kind\": \"Storage\",\r\n      \"location\": \"japaneast\",\r\n      \"tags\": {}\r\n    },\r\n    {\r\n      \"id\": \"/subscriptions/cca24ec8-99b5-4aa7-9ff6-486e886f304c/resourceGroups/galm/providers/Microsoft.Storage/storageAccounts/galmdiag667\",\r\n      \"name\": \"galmdiag667\",\r\n      \"type\": \"Microsoft.Storage/storageAccounts\",\r\n      \"sku\": {\r\n        \"name\": \"Standard_LRS\",\r\n        \"tier\": \"Standard\"\r\n      },\r\n      \"kind\": \"Storage\",\r\n      \"location\": \"westeurope\",\r\n      \"tags\": {}\r\n    },\r\n    {\r\n      \"id\": \"/subscriptions/cca24ec8-99b5-4aa7-9ff6-486e886f304c/resourceGroups/galm/providers/Microsoft.Storage/storageAccounts/galmdisks908\",\r\n      \"name\": \"galmdisks908\",\r\n      \"type\": \"Microsoft.Storage/storageAccounts\",\r\n      \"sku\": {\r\n        \"name\": \"Premium_LRS\",\r\n        \"tier\": \"Premium\"\r\n      },\r\n      \"kind\": \"Storage\",\r\n      \"location\": \"westeurope\",\r\n      \"tags\": {}\r\n    },\r\n    {\r\n      \"id\": \"/subscriptions/cca24ec8-99b5-4aa7-9ff6-486e886f304c/resourceGroups/GiladRG/providers/Microsoft.Storage/storageAccounts/contosostorqoo22mtmenhau\",\r\n      \"name\": \"contosostorqoo22mtmenhau\",\r\n      \"type\": \"Microsoft.Storage/storageAccounts\",\r\n      \"sku\": {\r\n        \"name\": \"Standard_LRS\",\r\n        \"tier\": \"Standard\"\r\n      },\r\n      \"kind\": \"Storage\",\r\n      \"location\": \"eastus\",\r\n      \"tags\": {}\r\n    },\r\n    {\r\n      \"id\": \"/subscriptions/cca24ec8-99b5-4aa7-9ff6-486e886f304c/resourceGroups/GiladRG/providers/Microsoft.Storage/storageAccounts/giladrg4448\",\r\n      \"name\": \"giladrg4448\",\r\n      \"type\": \"Microsoft.Storage/storageAccounts\",\r\n      \"sku\": {\r\n        \"name\": \"Standard_LRS\",\r\n        \"tier\": \"Standard\"\r\n      },\r\n      \"kind\": \"Storage\",\r\n      \"location\": \"westeurope\",\r\n      \"tags\": {}\r\n    },\r\n    {\r\n      \"id\": \"/subscriptions/cca24ec8-99b5-4aa7-9ff6-486e886f304c/resourceGroups/Group-1/providers/Microsoft.Storage/storageAccounts/raniteststorage1122\",\r\n      \"name\": \"raniteststorage1122\",\r\n      \"type\": \"Microsoft.Storage/storageAccounts\",\r\n      \"sku\": {\r\n        \"name\": \"Standard_GRS\",\r\n        \"tier\": \"Standard\"\r\n      },\r\n      \"kind\": \"Storage\",\r\n      \"location\": \"westus\",\r\n      \"tags\": {}\r\n    },\r\n    {\r\n      \"id\": \"/subscriptions/cca24ec8-99b5-4aa7-9ff6-486e886f304c/resourceGroups/Group-12345/providers/Microsoft.Storage/storageAccounts/group123459057\",\r\n      \"name\": \"group123459057\",\r\n      \"type\": \"Microsoft.Storage/storageAccounts\",\r\n      \"sku\": {\r\n        \"name\": \"Premium_LRS\",\r\n        \"tier\": \"Premium\"\r\n      },\r\n      \"kind\": \"Storage\",\r\n      \"location\": \"northeurope\",\r\n      \"tags\": {}\r\n    },\r\n    {\r\n      \"id\": \"/subscriptions/cca24ec8-99b5-4aa7-9ff6-486e886f304c/resourceGroups/Group-166/providers/Microsoft.Storage/storageAccounts/tomerwstorage\",\r\n      \"name\": \"tomerwstorage\",\r\n      \"type\": \"Microsoft.Storage/storageAccounts\",\r\n      \"sku\": {\r\n        \"name\": \"Standard_LRS\",\r\n        \"tier\": \"Standard\"\r\n      },\r\n      \"kind\": \"Storage\",\r\n      \"location\": \"westeurope\",\r\n      \"tags\": {}\r\n    },\r\n    {\r\n      \"id\": \"/subscriptions/cca24ec8-99b5-4aa7-9ff6-486e886f304c/resourceGroups/Group-189/providers/Microsoft.Storage/storageAccounts/esamteststorage\",\r\n      \"name\": \"esamteststorage\",\r\n      \"type\": \"Microsoft.Storage/storageAccounts\",\r\n      \"sku\": {\r\n        \"name\": \"Standard_LRS\",\r\n        \"tier\": \"Standard\"\r\n      },\r\n      \"kind\": \"Storage\",\r\n      \"location\": \"australiaeast\",\r\n      \"tags\": {}\r\n    },\r\n    {\r\n      \"id\": \"/subscriptions/cca24ec8-99b5-4aa7-9ff6-486e886f304c/resourceGroups/Group-189/providers/Microsoft.Storage/storageAccounts/group1897419\",\r\n      \"name\": \"group1897419\",\r\n      \"type\": \"Microsoft.Storage/storageAccounts\",\r\n      \"sku\": {\r\n        \"name\": \"Standard_LRS\",\r\n        \"tier\": \"Standard\"\r\n      },\r\n      \"kind\": \"Storage\",\r\n      \"location\": \"australiaeast\",\r\n      \"tags\": {}\r\n    },\r\n    {\r\n      \"id\": \"/subscriptions/cca24ec8-99b5-4aa7-9ff6-486e886f304c/resourceGroups/Group-189/providers/Microsoft.Storage/storageAccounts/storageesam1\",\r\n      \"name\": \"storageesam1\",\r\n      \"type\": \"Microsoft.Storage/storageAccounts\",\r\n      \"sku\": {\r\n        \"name\": \"Standard_LRS\",\r\n        \"tier\": \"Standard\"\r\n      },\r\n      \"kind\": \"Storage\",\r\n      \"location\": \"australiaeast\",\r\n      \"tags\": {}\r\n    },\r\n    {\r\n      \"id\": \"/subscriptions/cca24ec8-99b5-4aa7-9ff6-486e886f304c/resourceGroups/Group-250/providers/Microsoft.Storage/storageAccounts/teststoragerani2\",\r\n      \"name\": \"teststoragerani2\",\r\n      \"type\": \"Microsoft.Storage/storageAccounts\",\r\n      \"sku\": {\r\n        \"name\": \"Standard_LRS\",\r\n        \"tier\": \"Standard\"\r\n      },\r\n      \"kind\": \"Storage\",\r\n      \"location\": \"eastus\",\r\n      \"tags\": {}\r\n    },\r\n    {\r\n      \"id\": \"/subscriptions/cca24ec8-99b5-4aa7-9ff6-486e886f304c/resourceGroups/Group-250/providers/Microsoft.Storage/storageAccounts/tomerlstorage\",\r\n      \"name\": \"tomerlstorage\",\r\n      \"type\": \"Microsoft.Storage/storageAccounts\",\r\n      \"sku\": {\r\n        \"name\": \"Standard_LRS\",\r\n        \"tier\": \"Standard\"\r\n      },\r\n      \"kind\": \"Storage\",\r\n      \"location\": \"westcentralus\",\r\n      \"tags\": {}\r\n    },\r\n    {\r\n      \"id\": \"/subscriptions/cca24ec8-99b5-4aa7-9ff6-486e886f304c/resourceGroups/Group-251/providers/Microsoft.Storage/storageAccounts/daamarstorageeus\",\r\n      \"name\": \"daamarstorageeus\",\r\n      \"type\": \"Microsoft.Storage/storageAccounts\",\r\n      \"sku\": {\r\n        \"name\": \"Standard_LRS\",\r\n        \"tier\": \"Standard\"\r\n      },\r\n      \"kind\": \"Storage\",\r\n      \"location\": \"eastus\",\r\n      \"tags\": {}\r\n    },\r\n    {\r\n      \"id\": \"/subscriptions/cca24ec8-99b5-4aa7-9ff6-486e886f304c/resourceGroups/Group-63/providers/Microsoft.Storage/storageAccounts/esamstoragetest02\",\r\n      \"name\": \"esamstoragetest02\",\r\n      \"type\": \"Microsoft.Storage/storageAccounts\",\r\n      \"sku\": {\r\n        \"name\": \"Standard_LRS\",\r\n        \"tier\": \"Standard\"\r\n      },\r\n      \"kind\": \"Storage\",\r\n      \"location\": \"eastasia\",\r\n      \"tags\": {}\r\n    },\r\n    {\r\n      \"id\": \"/subscriptions/cca24ec8-99b5-4aa7-9ff6-486e886f304c/resourceGroups/rambrachtestgroup/providers/Microsoft.Storage/storageAccounts/yoavfperftest\",\r\n      \"name\": \"yoavfperftest\",\r\n      \"type\": \"Microsoft.Storage/storageAccounts\",\r\n      \"sku\": {\r\n        \"name\": \"Standard_LRS\",\r\n        \"tier\": \"Standard\"\r\n      },\r\n      \"kind\": \"Storage\",\r\n      \"location\": \"westeurope\",\r\n      \"tags\": {}\r\n    },\r\n    {\r\n      \"id\": \"/subscriptions/cca24ec8-99b5-4aa7-9ff6-486e886f304c/resourceGroups/securitydata/providers/Microsoft.Storage/storageAccounts/cc2177australiaeast\",\r\n      \"name\": \"cc2177australiaeast\",\r\n      \"type\": \"Microsoft.Storage/storageAccounts\",\r\n      \"sku\": {\r\n        \"name\": \"Standard_LRS\",\r\n        \"tier\": \"Standard\"\r\n      },\r\n      \"kind\": \"Storage\",\r\n      \"location\": \"australiaeast\",\r\n      \"tags\": {}\r\n    },\r\n    {\r\n      \"id\": \"/subscriptions/cca24ec8-99b5-4aa7-9ff6-486e886f304c/resourceGroups/securitydata/providers/Microsoft.Storage/storageAccounts/cc2177eastasia\",\r\n      \"name\": \"cc2177eastasia\",\r\n      \"type\": \"Microsoft.Storage/storageAccounts\",\r\n      \"sku\": {\r\n        \"name\": \"Standard_LRS\",\r\n        \"tier\": \"Standard\"\r\n      },\r\n      \"kind\": \"Storage\",\r\n      \"location\": \"eastasia\",\r\n      \"tags\": {}\r\n    },\r\n    {\r\n      \"id\": \"/subscriptions/cca24ec8-99b5-4aa7-9ff6-486e886f304c/resourceGroups/securitydata/providers/Microsoft.Storage/storageAccounts/cc2177eastus2\",\r\n      \"name\": \"cc2177eastus2\",\r\n      \"type\": \"Microsoft.Storage/storageAccounts\",\r\n      \"location\": \"eastus2\",\r\n      \"tags\": {}\r\n    },\r\n    {\r\n      \"id\": \"/subscriptions/cca24ec8-99b5-4aa7-9ff6-486e886f304c/resourceGroups/securitydata/providers/Microsoft.Storage/storageAccounts/cc2177japaneast\",\r\n      \"name\": \"cc2177japaneast\",\r\n      \"type\": \"Microsoft.Storage/storageAccounts\",\r\n      \"sku\": {\r\n        \"name\": \"Standard_LRS\",\r\n        \"tier\": \"Standard\"\r\n      },\r\n      \"kind\": \"Storage\",\r\n      \"location\": \"japaneast\",\r\n      \"tags\": {}\r\n    },\r\n    {\r\n      \"id\": \"/subscriptions/cca24ec8-99b5-4aa7-9ff6-486e886f304c/resourceGroups/securitydata/providers/Microsoft.Storage/storageAccounts/cc2177japanwest\",\r\n      \"name\": \"cc2177japanwest\",\r\n      \"type\": \"Microsoft.Storage/storageAccounts\",\r\n      \"sku\": {\r\n        \"name\": \"Standard_LRS\",\r\n        \"tier\": \"Standard\"\r\n      },\r\n      \"kind\": \"Storage\",\r\n      \"location\": \"japanwest\",\r\n      \"tags\": {}\r\n    },\r\n    {\r\n      \"id\": \"/subscriptions/cca24ec8-99b5-4aa7-9ff6-486e886f304c/resourceGroups/securitydata/providers/Microsoft.Storage/storageAccounts/cc2177northeurope\",\r\n      \"name\": \"cc2177northeurope\",\r\n      \"type\": \"Microsoft.Storage/storageAccounts\",\r\n      \"sku\": {\r\n        \"name\": \"Standard_LRS\",\r\n        \"tier\": \"Standard\"\r\n      },\r\n      \"kind\": \"Storage\",\r\n      \"location\": \"northeurope\",\r\n      \"tags\": {}\r\n    },\r\n    {\r\n      \"id\": \"/subscriptions/cca24ec8-99b5-4aa7-9ff6-486e886f304c/resourceGroups/securitydata/providers/Microsoft.Storage/storageAccounts/cc2177westeurope\",\r\n      \"name\": \"cc2177westeurope\",\r\n      \"type\": \"Microsoft.Storage/storageAccounts\",\r\n      \"sku\": {\r\n        \"name\": \"Standard_LRS\",\r\n        \"tier\": \"Standard\"\r\n      },\r\n      \"kind\": \"Storage\",\r\n      \"location\": \"westeurope\",\r\n      \"tags\": {}\r\n    },\r\n    {\r\n      \"id\": \"/subscriptions/cca24ec8-99b5-4aa7-9ff6-486e886f304c/resourceGroups/sql-audit-cmdlet-test-rg261883/providers/Microsoft.Storage/storageAccounts/auditcmdlets261883\",\r\n      \"name\": \"auditcmdlets261883\",\r\n      \"type\": \"Microsoft.Storage/storageAccounts\",\r\n      \"location\": \"westus\",\r\n      \"tags\": {}\r\n    },\r\n    {\r\n      \"id\": \"/subscriptions/cca24ec8-99b5-4aa7-9ff6-486e886f304c/resourceGroups/squtest/providers/Microsoft.Storage/storageAccounts/gagrinsquentrtmstorage\",\r\n      \"name\": \"gagrinsquentrtmstorage\",\r\n      \"type\": \"Microsoft.Storage/storageAccounts\",\r\n      \"sku\": {\r\n        \"name\": \"Standard_LRS\",\r\n        \"tier\": \"Standard\"\r\n      },\r\n      \"kind\": \"Storage\",\r\n      \"location\": \"westeurope\",\r\n      \"tags\": {}\r\n    },\r\n    {\r\n      \"id\": \"/subscriptions/cca24ec8-99b5-4aa7-9ff6-486e886f304c/resourceGroups/squtest/providers/Microsoft.Storage/storageAccounts/gagrinsquentstorage\",\r\n      \"name\": \"gagrinsquentstorage\",\r\n      \"type\": \"Microsoft.Storage/storageAccounts\",\r\n      \"sku\": {\r\n        \"name\": \"Standard_LRS\",\r\n        \"tier\": \"Standard\"\r\n      },\r\n      \"kind\": \"Storage\",\r\n      \"location\": \"westeurope\",\r\n      \"tags\": {}\r\n    },\r\n    {\r\n      \"id\": \"/subscriptions/cca24ec8-99b5-4aa7-9ff6-486e886f304c/resourceGroups/squtest/providers/Microsoft.Storage/storageAccounts/gagrinsquexprtmstorage\",\r\n      \"name\": \"gagrinsquexprtmstorage\",\r\n      \"type\": \"Microsoft.Storage/storageAccounts\",\r\n      \"sku\": {\r\n        \"name\": \"Standard_LRS\",\r\n        \"tier\": \"Standard\"\r\n      },\r\n      \"kind\": \"Storage\",\r\n      \"location\": \"westeurope\",\r\n      \"tags\": {}\r\n    },\r\n    {\r\n      \"id\": \"/subscriptions/cca24ec8-99b5-4aa7-9ff6-486e886f304c/resourceGroups/squtest/providers/Microsoft.Storage/storageAccounts/gagrinsquexpstorage\",\r\n      \"name\": \"gagrinsquexpstorage\",\r\n      \"type\": \"Microsoft.Storage/storageAccounts\",\r\n      \"sku\": {\r\n        \"name\": \"Standard_LRS\",\r\n        \"tier\": \"Standard\"\r\n      },\r\n      \"kind\": \"Storage\",\r\n      \"location\": \"westeurope\",\r\n      \"tags\": {}\r\n    },\r\n    {\r\n      \"id\": \"/subscriptions/cca24ec8-99b5-4aa7-9ff6-486e886f304c/resourceGroups/squtest/providers/Microsoft.Storage/storageAccounts/gagrinsqustdrtmstorage\",\r\n      \"name\": \"gagrinsqustdrtmstorage\",\r\n      \"type\": \"Microsoft.Storage/storageAccounts\",\r\n      \"sku\": {\r\n        \"name\": \"Standard_LRS\",\r\n        \"tier\": \"Standard\"\r\n      },\r\n      \"kind\": \"Storage\",\r\n      \"location\": \"westeurope\",\r\n      \"tags\": {}\r\n    },\r\n    {\r\n      \"id\": \"/subscriptions/cca24ec8-99b5-4aa7-9ff6-486e886f304c/resourceGroups/squtest/providers/Microsoft.Storage/storageAccounts/gagrinsqustdstorage\",\r\n      \"name\": \"gagrinsqustdstorage\",\r\n      \"type\": \"Microsoft.Storage/storageAccounts\",\r\n      \"sku\": {\r\n        \"name\": \"Standard_LRS\",\r\n        \"tier\": \"Standard\"\r\n      },\r\n      \"kind\": \"Storage\",\r\n      \"location\": \"westeurope\",\r\n      \"tags\": {}\r\n    },\r\n    {\r\n      \"id\": \"/subscriptions/cca24ec8-99b5-4aa7-9ff6-486e886f304c/resourceGroups/squtest/providers/Microsoft.Storage/storageAccounts/gagrinsquwebrtmstorage\",\r\n      \"name\": \"gagrinsquwebrtmstorage\",\r\n      \"type\": \"Microsoft.Storage/storageAccounts\",\r\n      \"sku\": {\r\n        \"name\": \"Standard_LRS\",\r\n        \"tier\": \"Standard\"\r\n      },\r\n      \"kind\": \"Storage\",\r\n      \"location\": \"westeurope\",\r\n      \"tags\": {}\r\n    },\r\n    {\r\n      \"id\": \"/subscriptions/cca24ec8-99b5-4aa7-9ff6-486e886f304c/resourceGroups/squtest/providers/Microsoft.Storage/storageAccounts/gagrinsquwebsp1storage\",\r\n      \"name\": \"gagrinsquwebsp1storage\",\r\n      \"type\": \"Microsoft.Storage/storageAccounts\",\r\n      \"sku\": {\r\n        \"name\": \"Standard_LRS\",\r\n        \"tier\": \"Standard\"\r\n      },\r\n      \"kind\": \"Storage\",\r\n      \"location\": \"westeurope\",\r\n      \"tags\": {}\r\n    },\r\n    {\r\n      \"id\": \"/subscriptions/cca24ec8-99b5-4aa7-9ff6-486e886f304c/resourceGroups/t-gagrin/providers/Microsoft.Storage/storageAccounts/gagrinteststorage\",\r\n      \"name\": \"gagrinteststorage\",\r\n      \"type\": \"Microsoft.Storage/storageAccounts\",\r\n      \"sku\": {\r\n        \"name\": \"Standard_LRS\",\r\n        \"tier\": \"Standard\"\r\n      },\r\n      \"kind\": \"Storage\",\r\n      \"location\": \"westeurope\",\r\n      \"tags\": {}\r\n    },\r\n    {\r\n      \"id\": \"/subscriptions/cca24ec8-99b5-4aa7-9ff6-486e886f304c/resourceGroups/tomerlgroup1234/providers/Microsoft.Storage/storageAccounts/tomerlgroup1234diag353\",\r\n      \"name\": \"tomerlgroup1234diag353\",\r\n      \"type\": \"Microsoft.Storage/storageAccounts\",\r\n      \"sku\": {\r\n        \"name\": \"Standard_LRS\",\r\n        \"tier\": \"Standard\"\r\n      },\r\n      \"kind\": \"Storage\",\r\n      \"location\": \"northeurope\",\r\n      \"tags\": {}\r\n    },\r\n    {\r\n      \"id\": \"/subscriptions/cca24ec8-99b5-4aa7-9ff6-486e886f304c/resourceGroups/tomerlgroup1234/providers/Microsoft.Storage/storageAccounts/tomerlgroup1234disks821\",\r\n      \"name\": \"tomerlgroup1234disks821\",\r\n      \"type\": \"Microsoft.Storage/storageAccounts\",\r\n      \"sku\": {\r\n        \"name\": \"Premium_LRS\",\r\n        \"tier\": \"Premium\"\r\n      },\r\n      \"kind\": \"Storage\",\r\n      \"location\": \"northeurope\",\r\n      \"tags\": {}\r\n    },\r\n    {\r\n      \"id\": \"/subscriptions/cca24ec8-99b5-4aa7-9ff6-486e886f304c/resourceGroups/tomerweis/providers/Microsoft.Storage/storageAccounts/contosostor2r7hgi7r4qvtw\",\r\n      \"name\": \"contosostor2r7hgi7r4qvtw\",\r\n      \"type\": \"Microsoft.Storage/storageAccounts\",\r\n      \"sku\": {\r\n        \"name\": \"Standard_LRS\",\r\n        \"tier\": \"Standard\"\r\n      },\r\n      \"kind\": \"Storage\",\r\n      \"location\": \"westus\",\r\n      \"tags\": {}\r\n    },\r\n    {\r\n      \"id\": \"/subscriptions/cca24ec8-99b5-4aa7-9ff6-486e886f304c/resourceGroups/TomerWSQLi/providers/Microsoft.Storage/storageAccounts/sqlidemoapp\",\r\n      \"name\": \"sqlidemoapp\",\r\n      \"type\": \"Microsoft.Storage/storageAccounts\",\r\n      \"sku\": {\r\n        \"name\": \"Standard_LRS\",\r\n        \"tier\": \"Standard\"\r\n      },\r\n      \"kind\": \"Storage\",\r\n      \"location\": \"westeurope\",\r\n      \"tags\": {}\r\n    },\r\n    {\r\n      \"id\": \"/subscriptions/cca24ec8-99b5-4aa7-9ff6-486e886f304c/resourceGroups/yosefdrg1/providers/Microsoft.Storage/storageAccounts/yosefdrg14349\",\r\n      \"name\": \"yosefdrg14349\",\r\n      \"type\": \"Microsoft.Storage/storageAccounts\",\r\n      \"sku\": {\r\n        \"name\": \"Standard_LRS\",\r\n        \"tier\": \"Standard\"\r\n      },\r\n      \"kind\": \"Storage\",\r\n      \"location\": \"japanwest\",\r\n      \"tags\": {}\r\n    }\r\n  ]\r\n}",
      "ResponseHeaders": {
        "Content-Length": [
          "17220"
        ],
        "Content-Type": [
          "application/json; charset=utf-8"
        ],
        "Expires": [
          "-1"
        ],
        "Pragma": [
          "no-cache"
        ],
        "x-ms-ratelimit-remaining-subscription-reads": [
          "14494"
        ],
        "x-ms-request-id": [
          "1f7f6406-7bc1-4cf5-90e4-e00966988383"
        ],
        "x-ms-correlation-request-id": [
          "1f7f6406-7bc1-4cf5-90e4-e00966988383"
        ],
        "x-ms-routing-request-id": [
          "WESTEUROPE:20160824T093428Z:1f7f6406-7bc1-4cf5-90e4-e00966988383"
        ],
        "Strict-Transport-Security": [
          "max-age=31536000; includeSubDomains"
        ],
        "Cache-Control": [
          "no-cache"
        ],
        "Date": [
          "Wed, 24 Aug 2016 09:34:28 GMT"
        ]
      },
      "StatusCode": 200
    },
    {
      "RequestUri": "/subscriptions/cca24ec8-99b5-4aa7-9ff6-486e886f304c/resourceGroups/sql-audit-cmdlet-test-rg261883/providers/Microsoft.ClassicStorage/storageAccounts/auditcmdlets261883/listKeys?api-version=2014-06-01",
      "EncodedRequestUri": "L3N1YnNjcmlwdGlvbnMvY2NhMjRlYzgtOTliNS00YWE3LTlmZjYtNDg2ZTg4NmYzMDRjL3Jlc291cmNlR3JvdXBzL3NxbC1hdWRpdC1jbWRsZXQtdGVzdC1yZzI2MTg4My9wcm92aWRlcnMvTWljcm9zb2Z0LkNsYXNzaWNTdG9yYWdlL3N0b3JhZ2VBY2NvdW50cy9hdWRpdGNtZGxldHMyNjE4ODMvbGlzdEtleXM/YXBpLXZlcnNpb249MjAxNC0wNi0wMQ==",
      "RequestMethod": "POST",
      "RequestBody": "",
      "RequestHeaders": {
        "User-Agent": [
          "Microsoft.Azure.Management.Sql.SqlManagementClient/0.9.0.0"
        ],
        "x-ms-client-request-id": [
          "none"
        ]
      },
      "ResponseBody": "{\r\n  \"error\": {\r\n    \"code\": \"ResourceNotFound\",\r\n    \"message\": \"The Resource 'Microsoft.ClassicStorage/storageAccounts/auditcmdlets261883' under resource group 'sql-audit-cmdlet-test-rg261883' was not found.\"\r\n  }\r\n}",
      "ResponseHeaders": {
        "Content-Length": [
          "193"
        ],
        "Content-Type": [
          "application/json; charset=utf-8"
        ],
        "Expires": [
          "-1"
        ],
        "Pragma": [
          "no-cache"
        ],
        "x-ms-failure-cause": [
          "gateway"
        ],
        "x-ms-request-id": [
          "68b67048-7bd1-4c3a-b882-56259bda0f4c"
        ],
        "x-ms-correlation-request-id": [
          "68b67048-7bd1-4c3a-b882-56259bda0f4c"
        ],
        "x-ms-routing-request-id": [
          "WESTEUROPE:20160824T093428Z:68b67048-7bd1-4c3a-b882-56259bda0f4c"
        ],
        "Strict-Transport-Security": [
          "max-age=31536000; includeSubDomains"
        ],
        "Cache-Control": [
          "no-cache"
        ],
        "Date": [
          "Wed, 24 Aug 2016 09:34:28 GMT"
        ]
      },
      "StatusCode": 404
    },
    {
      "RequestUri": "/subscriptions/cca24ec8-99b5-4aa7-9ff6-486e886f304c/resourceGroups/sql-audit-cmdlet-test-rg261883/providers/Microsoft.Storage/storageAccounts/auditcmdlets261883/listKeys?api-version=2015-05-01-preview",
      "EncodedRequestUri": "L3N1YnNjcmlwdGlvbnMvY2NhMjRlYzgtOTliNS00YWE3LTlmZjYtNDg2ZTg4NmYzMDRjL3Jlc291cmNlR3JvdXBzL3NxbC1hdWRpdC1jbWRsZXQtdGVzdC1yZzI2MTg4My9wcm92aWRlcnMvTWljcm9zb2Z0LlN0b3JhZ2Uvc3RvcmFnZUFjY291bnRzL2F1ZGl0Y21kbGV0czI2MTg4My9saXN0S2V5cz9hcGktdmVyc2lvbj0yMDE1LTA1LTAxLXByZXZpZXc=",
      "RequestMethod": "POST",
      "RequestBody": "",
      "RequestHeaders": {
        "x-ms-client-request-id": [
          "cc72451d-673d-4f88-8b8a-f08e2853cf95"
        ],
        "User-Agent": [
          "Microsoft.Azure.Management.Storage.StorageManagementClient/2.0.0.0"
        ]
      },
      "ResponseBody": "{\r\n  \"key1\": \"I2r0A6DyrNnw/+4K4aMsjxyBOTCy908WhJ4FJWyW/iTV7cjGHyvGhhh/LzxuoMqaeV6No9kb0L4lR0uMOBpdIw==\",\r\n  \"key2\": \"X4a4w7iAwJZOMJ2riHeGJs+YUyf22fNCcGRPz4YlTzkDHanfxcxT97D2QWRd9/znIxRhf+uqMkTTjRuNndFz4g==\"\r\n}",
      "ResponseHeaders": {
        "Content-Length": [
          "198"
        ],
        "Content-Type": [
          "application/json"
        ],
        "Expires": [
          "-1"
        ],
        "Pragma": [
          "no-cache"
        ],
        "x-ms-request-id": [
          "c7a67404-9888-4939-93ca-d73132b66a57"
        ],
        "x-ms-ratelimit-remaining-subscription-writes": [
          "1194"
        ],
        "x-ms-correlation-request-id": [
          "c7a67404-9888-4939-93ca-d73132b66a57"
        ],
        "x-ms-routing-request-id": [
          "WESTEUROPE:20160824T093429Z:c7a67404-9888-4939-93ca-d73132b66a57"
        ],
        "Strict-Transport-Security": [
          "max-age=31536000; includeSubDomains"
        ],
        "Cache-Control": [
          "no-cache"
        ],
        "Date": [
          "Wed, 24 Aug 2016 09:34:28 GMT"
        ],
        "Server": [
          "Microsoft-HTTPAPI/2.0"
        ]
      },
      "StatusCode": 200
    },
    {
      "RequestUri": "/subscriptions/cca24ec8-99b5-4aa7-9ff6-486e886f304c/resourceGroups/sql-audit-cmdlet-test-rg261883/providers/Microsoft.Sql/servers/sql-audit-cmdlet-server261883/auditingPolicies/Default?api-version=2014-04-01",
      "EncodedRequestUri": "L3N1YnNjcmlwdGlvbnMvY2NhMjRlYzgtOTliNS00YWE3LTlmZjYtNDg2ZTg4NmYzMDRjL3Jlc291cmNlR3JvdXBzL3NxbC1hdWRpdC1jbWRsZXQtdGVzdC1yZzI2MTg4My9wcm92aWRlcnMvTWljcm9zb2Z0LlNxbC9zZXJ2ZXJzL3NxbC1hdWRpdC1jbWRsZXQtc2VydmVyMjYxODgzL2F1ZGl0aW5nUG9saWNpZXMvRGVmYXVsdD9hcGktdmVyc2lvbj0yMDE0LTA0LTAx",
      "RequestMethod": "PUT",
      "RequestBody": "{\r\n  \"properties\": {\r\n    \"auditingState\": \"Enabled\",\r\n    \"eventTypesToAudit\": \"PlainSQL_Success;PlainSQL_Failure;ParameterizedSQL_Success;ParameterizedSQL_Failure;StoredProcedure_Success;StoredProcedure_Failure;Login_Success;Login_Failure;TransactionManagement_Success;TransactionManagement_Failure\",\r\n    \"storageAccountName\": \"auditcmdlets261883\",\r\n    \"storageAccountKey\": \"I2r0A6DyrNnw/+4K4aMsjxyBOTCy908WhJ4FJWyW/iTV7cjGHyvGhhh/LzxuoMqaeV6No9kb0L4lR0uMOBpdIw==\",\r\n    \"storageTableEndpoint\": \"https://auditcmdlets261883.table.core.windows.net\",\r\n    \"storageAccountResourceGroupName\": \"sql-audit-cmdlet-test-rg261883\",\r\n    \"storageAccountSubscriptionId\": \"cca24ec8-99b5-4aa7-9ff6-486e886f304c\",\r\n    \"retentionDays\": \"0\",\r\n    \"auditLogsTableName\": \"Sqlauditcmdletserver261883\"\r\n  }\r\n}",
      "RequestHeaders": {
        "Content-Type": [
          "application/json; charset=utf-8"
        ],
        "Content-Length": [
          "793"
        ],
        "User-Agent": [
          "Microsoft.Azure.Management.Sql.SqlManagementClient/0.9.0.0"
        ],
        "x-ms-client-request-id": [
          "f2ba2745-c083-45c2-b0d8-dc738d7cac76"
        ]
      },
      "ResponseBody": "{\r\n  \"id\": \"/subscriptions/cca24ec8-99b5-4aa7-9ff6-486e886f304c/resourceGroups/sql-audit-cmdlet-test-rg261883/providers/Microsoft.Sql/servers/sql-audit-cmdlet-server261883/auditingPolicies/Default\",\r\n  \"name\": \"Default\",\r\n  \"type\": \"Microsoft.Sql/servers/auditingPolicies\",\r\n  \"location\": null,\r\n  \"kind\": null,\r\n  \"properties\": {\r\n    \"auditingState\": \"Enabled\",\r\n    \"eventTypesToAudit\": \"PlainSQL_Success;PlainSQL_Failure;ParameterizedSQL_Success;ParameterizedSQL_Failure;StoredProcedure_Success;StoredProcedure_Failure;Login_Success;Login_Failure;TransactionManagement_Success;TransactionManagement_Failure\",\r\n    \"storageAccountName\": \"auditcmdlets261883\",\r\n    \"storageAccountKey\": \"I2r0A6DyrNnw/+4K4aMsjxyBOTCy908WhJ4FJWyW/iTV7cjGHyvGhhh/LzxuoMqaeV6No9kb0L4lR0uMOBpdIw==\",\r\n    \"storageAccountSecondaryKey\": null,\r\n    \"storageTableEndpoint\": \"https://auditcmdlets261883.table.core.windows.net\",\r\n    \"storageAccountResourceGroupName\": \"sql-audit-cmdlet-test-rg261883\",\r\n    \"storageAccountSubscriptionId\": \"cca24ec8-99b5-4aa7-9ff6-486e886f304c\",\r\n    \"fullAuditLogsTableName\": null,\r\n    \"auditLogsTableName\": \"Sqlauditcmdletserver261883\",\r\n    \"retentionDays\": \"0\"\r\n  }\r\n}",
      "ResponseHeaders": {
        "Content-Length": [
          "1068"
        ],
        "Content-Type": [
          "application/json; odata=minimalmetadata; streaming=true; charset=utf-8"
        ],
        "x-ms-request-id": [
          "c1caa393-4ff4-4f0c-8298-f965dc8e01b9"
        ],
        "X-Content-Type-Options": [
          "nosniff"
        ],
        "Preference-Applied": [
          "return-content"
        ],
        "DataServiceVersion": [
          "3.0;"
        ],
        "Strict-Transport-Security": [
          "max-age=31536000; includeSubDomains"
        ],
        "x-ms-ratelimit-remaining-subscription-writes": [
          "1195"
        ],
        "x-ms-correlation-request-id": [
          "10f755c0-6977-4acb-8e5b-5e3a7f760111"
        ],
        "x-ms-routing-request-id": [
          "WESTEUROPE:20160824T093432Z:10f755c0-6977-4acb-8e5b-5e3a7f760111"
        ],
        "Cache-Control": [
          "no-store, no-cache"
        ],
        "Date": [
          "Wed, 24 Aug 2016 09:34:31 GMT"
        ],
        "Server": [
          "Microsoft-HTTPAPI/2.0"
        ]
      },
      "StatusCode": 200
    }
  ],
  "Names": {},
  "Variables": {
    "SubscriptionId": "cca24ec8-99b5-4aa7-9ff6-486e886f304c",
    "User": "yrubin@microsoft.com",
    "TenantId": "72f988bf-86f1-41af-91ab-2d7cd011db47"
  }
}