{
  "Entries": [
    {
      "RequestUri": "/subscriptions/cca24ec8-99b5-4aa7-9ff6-486e886f304c/resourcegroups/sql-audit-cmdlet-test-rg2015?api-version=2014-04-01-preview",
      "EncodedRequestUri": "L3N1YnNjcmlwdGlvbnMvY2NhMjRlYzgtOTliNS00YWE3LTlmZjYtNDg2ZTg4NmYzMDRjL3Jlc291cmNlZ3JvdXBzL3NxbC1hdWRpdC1jbWRsZXQtdGVzdC1yZzIwMTU/YXBpLXZlcnNpb249MjAxNC0wNC0wMS1wcmV2aWV3",
      "RequestMethod": "HEAD",
      "RequestBody": "",
      "RequestHeaders": {
        "User-Agent": [
          "Microsoft.Azure.Management.Resources.ResourceManagementClient/2.0.0.0"
        ]
      },
      "ResponseBody": "",
      "ResponseHeaders": {
        "Content-Length": [
          "120"
        ],
        "Content-Type": [
          "application/json; charset=utf-8"
        ],
        "Expires": [
          "-1"
        ],
        "Pragma": [
          "no-cache"
        ],
        "x-ms-failure-cause": [
          "gateway"
        ],
        "x-ms-ratelimit-remaining-subscription-reads": [
          "14966"
        ],
        "x-ms-request-id": [
          "dc6c05e2-7277-463e-ae0d-20ee5a20a244"
        ],
        "x-ms-correlation-request-id": [
          "dc6c05e2-7277-463e-ae0d-20ee5a20a244"
        ],
        "x-ms-routing-request-id": [
          "WESTEUROPE:20151206T121021Z:dc6c05e2-7277-463e-ae0d-20ee5a20a244"
        ],
        "Strict-Transport-Security": [
          "max-age=31536000; includeSubDomains"
        ],
        "Cache-Control": [
          "no-cache"
        ],
        "Date": [
          "Sun, 06 Dec 2015 12:10:20 GMT"
        ]
      },
      "StatusCode": 404
    },
    {
      "RequestUri": "/subscriptions/cca24ec8-99b5-4aa7-9ff6-486e886f304c/resourcegroups/sql-audit-cmdlet-test-rg2015?api-version=2014-04-01-preview",
      "EncodedRequestUri": "L3N1YnNjcmlwdGlvbnMvY2NhMjRlYzgtOTliNS00YWE3LTlmZjYtNDg2ZTg4NmYzMDRjL3Jlc291cmNlZ3JvdXBzL3NxbC1hdWRpdC1jbWRsZXQtdGVzdC1yZzIwMTU/YXBpLXZlcnNpb249MjAxNC0wNC0wMS1wcmV2aWV3",
      "RequestMethod": "PUT",
      "RequestBody": "{\r\n  \"location\": \"West US\"\r\n}",
      "RequestHeaders": {
        "Content-Type": [
          "application/json; charset=utf-8"
        ],
        "Content-Length": [
          "29"
        ],
        "User-Agent": [
          "Microsoft.Azure.Management.Resources.ResourceManagementClient/2.0.0.0"
        ]
      },
      "ResponseBody": "{\r\n  \"id\": \"/subscriptions/cca24ec8-99b5-4aa7-9ff6-486e886f304c/resourceGroups/sql-audit-cmdlet-test-rg2015\",\r\n  \"name\": \"sql-audit-cmdlet-test-rg2015\",\r\n  \"location\": \"westus\",\r\n  \"properties\": {\r\n    \"provisioningState\": \"Succeeded\"\r\n  }\r\n}",
      "ResponseHeaders": {
        "Content-Length": [
          "209"
        ],
        "Content-Type": [
          "application/json; charset=utf-8"
        ],
        "Expires": [
          "-1"
        ],
        "Pragma": [
          "no-cache"
        ],
        "x-ms-ratelimit-remaining-subscription-writes": [
          "1199"
        ],
        "x-ms-request-id": [
          "12850f66-794c-46a3-be76-0ae91260bd80"
        ],
        "x-ms-correlation-request-id": [
          "12850f66-794c-46a3-be76-0ae91260bd80"
        ],
        "x-ms-routing-request-id": [
          "WESTEUROPE:20151206T121023Z:12850f66-794c-46a3-be76-0ae91260bd80"
        ],
        "Strict-Transport-Security": [
          "max-age=31536000; includeSubDomains"
        ],
        "Cache-Control": [
          "no-cache"
        ],
        "Date": [
          "Sun, 06 Dec 2015 12:10:23 GMT"
        ]
      },
      "StatusCode": 201
    },
    {
      "RequestUri": "/subscriptions/cca24ec8-99b5-4aa7-9ff6-486e886f304c/resourceGroups/sql-audit-cmdlet-test-rg2015/resources?api-version=2014-04-01-preview",
      "EncodedRequestUri": "L3N1YnNjcmlwdGlvbnMvY2NhMjRlYzgtOTliNS00YWE3LTlmZjYtNDg2ZTg4NmYzMDRjL3Jlc291cmNlR3JvdXBzL3NxbC1hdWRpdC1jbWRsZXQtdGVzdC1yZzIwMTUvcmVzb3VyY2VzP2FwaS12ZXJzaW9uPTIwMTQtMDQtMDEtcHJldmlldw==",
      "RequestMethod": "GET",
      "RequestBody": "",
      "RequestHeaders": {
        "User-Agent": [
          "Microsoft.Azure.Management.Resources.ResourceManagementClient/2.0.0.0"
        ]
      },
      "ResponseBody": "{\r\n  \"value\": []\r\n}",
      "ResponseHeaders": {
        "Content-Length": [
          "12"
        ],
        "Content-Type": [
          "application/json; charset=utf-8"
        ],
        "Expires": [
          "-1"
        ],
        "Pragma": [
          "no-cache"
        ],
        "x-ms-ratelimit-remaining-subscription-reads": [
          "14965"
        ],
        "x-ms-request-id": [
          "6052da30-e928-4e1a-b77b-95f06e67fbdf"
        ],
        "x-ms-correlation-request-id": [
          "6052da30-e928-4e1a-b77b-95f06e67fbdf"
        ],
        "x-ms-routing-request-id": [
          "WESTEUROPE:20151206T121024Z:6052da30-e928-4e1a-b77b-95f06e67fbdf"
        ],
        "Strict-Transport-Security": [
          "max-age=31536000; includeSubDomains"
        ],
        "Cache-Control": [
          "no-cache"
        ],
        "Date": [
          "Sun, 06 Dec 2015 12:10:23 GMT"
        ]
      },
      "StatusCode": 200
    },
    {
      "RequestUri": "/subscriptions/cca24ec8-99b5-4aa7-9ff6-486e886f304c/resourcegroups/sql-audit-cmdlet-test-rg2015/deployments/sql-audit-test-env-setup-classic-storage?api-version=2014-04-01-preview",
      "EncodedRequestUri": "L3N1YnNjcmlwdGlvbnMvY2NhMjRlYzgtOTliNS00YWE3LTlmZjYtNDg2ZTg4NmYzMDRjL3Jlc291cmNlZ3JvdXBzL3NxbC1hdWRpdC1jbWRsZXQtdGVzdC1yZzIwMTUvZGVwbG95bWVudHMvc3FsLWF1ZGl0LXRlc3QtZW52LXNldHVwLWNsYXNzaWMtc3RvcmFnZT9hcGktdmVyc2lvbj0yMDE0LTA0LTAxLXByZXZpZXc=",
      "RequestMethod": "PUT",
      "RequestBody": "{\r\n  \"properties\": {\r\n    \"template\": {\r\n      \"$schema\": \"http://schemas.management.azure.com/deploymentTemplate?api-version=2014-04-01-preview\",\r\n      \"contentVersion\": \"1.0.0.0\",\r\n      \"parameters\": {\r\n        \"administratorLogin\": {\r\n          \"type\": \"string\",\r\n          \"defaultValue\": \"testlogin\"\r\n        },\r\n        \"administratorLoginPassword\": {\r\n          \"type\": \"securestring\",\r\n          \"defaultValue\": \"testp@ssMakingIt1007Longer\"\r\n        },\r\n        \"collation\": {\r\n          \"type\": \"string\",\r\n          \"defaultValue\": \"SQL_Latin1_General_CP1_CI_AS\"\r\n        },\r\n        \"databaseName\": {\r\n          \"type\": \"string\"\r\n        },\r\n        \"edition\": {\r\n          \"type\": \"string\",\r\n          \"defaultValue\": \"Basic\"\r\n        },\r\n        \"configuredServiceLevelObjectiveId\": {\r\n          \"type\": \"string\",\r\n          \"defaultValue\": \"910b4fcb-8a29-4c3e-958f-f7ba794388b2\"\r\n        },\r\n        \"serverName\": {\r\n          \"type\": \"string\"\r\n        },\r\n        \"storageName\": {\r\n          \"type\": \"string\"\r\n        }\r\n      },\r\n      \"resources\": [\r\n        {\r\n          \"apiVersion\": \"2014-04-01-preview\",\r\n          \"location\": \"[resourceGroup().location]\",\r\n          \"name\": \"[parameters('serverName')]\",\r\n          \"properties\": {\r\n            \"administratorLogin\": \"[parameters('administratorLogin')]\",\r\n            \"administratorLoginPassword\": \"[parameters('administratorLoginPassword')]\"\r\n          },\r\n          \"resources\": [\r\n            {\r\n              \"apiVersion\": \"2014-04-01-preview\",\r\n              \"dependsOn\": [\r\n                \"[concat('Microsoft.Sql/servers/', parameters('serverName'))]\"\r\n              ],\r\n              \"location\": \"[resourceGroup().location]\",\r\n              \"name\": \"[parameters('databaseName')]\",\r\n              \"properties\": {\r\n                \"collation\": \"[parameters('collation')]\",\r\n                \"edition\": \"[parameters('edition')]\",\r\n                \"maxSizeBytes\": \"1073741824\"\r\n              },\r\n              \"type\": \"databases\"\r\n            }\r\n          ],\r\n          \"type\": \"Microsoft.Sql/servers\"\r\n        },\r\n        {\r\n          \"type\": \"Microsoft.ClassicStorage/storageAccounts\",\r\n          \"name\": \"[parameters('storageName')]\",\r\n          \"apiVersion\": \"2015-06-01\",\r\n          \"location\": \"[resourceGroup().location]\",\r\n          \"properties\": {\r\n            \"accountType\": \"Standard_GRS\"\r\n          }\r\n        }\r\n      ]\r\n    },\r\n    \"parameters\": {\r\n      \"databaseName\": {\r\n        \"value\": \"sql-audit-cmdlet-db2015\"\r\n      },\r\n      \"serverName\": {\r\n        \"value\": \"sql-audit-cmdlet-server2015\"\r\n      },\r\n      \"storageName\": {\r\n        \"value\": \"auditcmdlets2015\"\r\n      }\r\n    },\r\n    \"mode\": \"Incremental\"\r\n  }\r\n}",
      "RequestHeaders": {
        "Content-Type": [
          "application/json; charset=utf-8"
        ],
        "Content-Length": [
          "2710"
        ],
        "User-Agent": [
          "Microsoft.Azure.Management.Resources.ResourceManagementClient/2.0.0.0"
        ]
      },
      "ResponseBody": "{\r\n  \"id\": \"/subscriptions/cca24ec8-99b5-4aa7-9ff6-486e886f304c/resourceGroups/sql-audit-cmdlet-test-rg2015/deployments/sql-audit-test-env-setup-classic-storage\",\r\n  \"name\": \"sql-audit-test-env-setup-classic-storage\",\r\n  \"properties\": {\r\n    \"parameters\": {\r\n      \"administratorLogin\": {\r\n        \"type\": \"String\",\r\n        \"value\": \"testlogin\"\r\n      },\r\n      \"administratorLoginPassword\": {\r\n        \"type\": \"SecureString\"\r\n      },\r\n      \"collation\": {\r\n        \"type\": \"String\",\r\n        \"value\": \"SQL_Latin1_General_CP1_CI_AS\"\r\n      },\r\n      \"databaseName\": {\r\n        \"type\": \"String\",\r\n        \"value\": \"sql-audit-cmdlet-db2015\"\r\n      },\r\n      \"edition\": {\r\n        \"type\": \"String\",\r\n        \"value\": \"Basic\"\r\n      },\r\n      \"configuredServiceLevelObjectiveId\": {\r\n        \"type\": \"String\",\r\n        \"value\": \"910b4fcb-8a29-4c3e-958f-f7ba794388b2\"\r\n      },\r\n      \"serverName\": {\r\n        \"type\": \"String\",\r\n        \"value\": \"sql-audit-cmdlet-server2015\"\r\n      },\r\n      \"storageName\": {\r\n        \"type\": \"String\",\r\n        \"value\": \"auditcmdlets2015\"\r\n      }\r\n    },\r\n    \"mode\": \"Incremental\",\r\n    \"provisioningState\": \"Accepted\",\r\n    \"timestamp\": \"2015-12-06T12:10:26.4138618Z\",\r\n    \"duration\": \"PT1.4624105S\",\r\n    \"correlationId\": \"af0c9808-a0d2-456a-b1fd-944947e06a92\",\r\n    \"providers\": [\r\n      {\r\n        \"namespace\": \"Microsoft.Sql\",\r\n        \"resourceTypes\": [\r\n          {\r\n            \"resourceType\": \"servers\",\r\n            \"locations\": [\r\n              \"westus\"\r\n            ]\r\n          },\r\n          {\r\n            \"resourceType\": \"servers/databases\",\r\n            \"locations\": [\r\n              \"westus\"\r\n            ]\r\n          }\r\n        ]\r\n      },\r\n      {\r\n        \"namespace\": \"Microsoft.ClassicStorage\",\r\n        \"resourceTypes\": [\r\n          {\r\n            \"resourceType\": \"storageAccounts\",\r\n            \"locations\": [\r\n              \"westus\"\r\n            ]\r\n          }\r\n        ]\r\n      }\r\n    ],\r\n    \"dependencies\": [\r\n      {\r\n        \"dependsOn\": [\r\n          {\r\n            \"id\": \"/subscriptions/cca24ec8-99b5-4aa7-9ff6-486e886f304c/resourceGroups/sql-audit-cmdlet-test-rg2015/providers/Microsoft.Sql/servers/sql-audit-cmdlet-server2015\",\r\n            \"resourceType\": \"Microsoft.Sql/servers\",\r\n            \"resourceName\": \"sql-audit-cmdlet-server2015\"\r\n          }\r\n        ],\r\n        \"id\": \"/subscriptions/cca24ec8-99b5-4aa7-9ff6-486e886f304c/resourceGroups/sql-audit-cmdlet-test-rg2015/providers/Microsoft.Sql/servers/sql-audit-cmdlet-server2015/databases/sql-audit-cmdlet-db2015\",\r\n        \"resourceType\": \"Microsoft.Sql/servers/databases\",\r\n        \"resourceName\": \"sql-audit-cmdlet-server2015/sql-audit-cmdlet-db2015\"\r\n      }\r\n    ]\r\n  }\r\n}",
      "ResponseHeaders": {
        "Content-Length": [
          "1820"
        ],
        "Content-Type": [
          "application/json; charset=utf-8"
        ],
        "Expires": [
          "-1"
        ],
        "Pragma": [
          "no-cache"
        ],
        "Azure-AsyncOperation": [
          "https://management.azure.com/subscriptions/cca24ec8-99b5-4aa7-9ff6-486e886f304c/resourcegroups/sql-audit-cmdlet-test-rg2015/providers/Microsoft.Resources/deployments/sql-audit-test-env-setup-classic-storage/operationStatuses/08587522030605262388?api-version=2014-04-01-preview"
        ],
        "x-ms-ratelimit-remaining-subscription-writes": [
          "1198"
        ],
        "x-ms-request-id": [
          "af0c9808-a0d2-456a-b1fd-944947e06a92"
        ],
        "x-ms-correlation-request-id": [
          "af0c9808-a0d2-456a-b1fd-944947e06a92"
        ],
        "x-ms-routing-request-id": [
          "WESTEUROPE:20151206T121026Z:af0c9808-a0d2-456a-b1fd-944947e06a92"
        ],
        "Strict-Transport-Security": [
          "max-age=31536000; includeSubDomains"
        ],
        "Cache-Control": [
          "no-cache"
        ],
        "Date": [
          "Sun, 06 Dec 2015 12:10:25 GMT"
        ]
      },
      "StatusCode": 201
    },
    {
      "RequestUri": "/subscriptions/cca24ec8-99b5-4aa7-9ff6-486e886f304c/resourcegroups/sql-audit-cmdlet-test-rg2015/deployments/sql-audit-test-env-setup-classic-storage/operations?api-version=2014-04-01-preview",
      "EncodedRequestUri": "L3N1YnNjcmlwdGlvbnMvY2NhMjRlYzgtOTliNS00YWE3LTlmZjYtNDg2ZTg4NmYzMDRjL3Jlc291cmNlZ3JvdXBzL3NxbC1hdWRpdC1jbWRsZXQtdGVzdC1yZzIwMTUvZGVwbG95bWVudHMvc3FsLWF1ZGl0LXRlc3QtZW52LXNldHVwLWNsYXNzaWMtc3RvcmFnZS9vcGVyYXRpb25zP2FwaS12ZXJzaW9uPTIwMTQtMDQtMDEtcHJldmlldw==",
      "RequestMethod": "GET",
      "RequestBody": "",
      "RequestHeaders": {
        "User-Agent": [
          "Microsoft.Azure.Management.Resources.ResourceManagementClient/2.0.0.0"
        ]
      },
      "ResponseBody": "{\r\n  \"value\": []\r\n}",
      "ResponseHeaders": {
        "Content-Length": [
          "12"
        ],
        "Content-Type": [
          "application/json; charset=utf-8"
        ],
        "Expires": [
          "-1"
        ],
        "Pragma": [
          "no-cache"
        ],
        "x-ms-ratelimit-remaining-subscription-reads": [
          "14964"
        ],
        "x-ms-request-id": [
          "4acb06b0-97d9-471d-a3a4-b756b7ae1d62"
        ],
        "x-ms-correlation-request-id": [
          "4acb06b0-97d9-471d-a3a4-b756b7ae1d62"
        ],
        "x-ms-routing-request-id": [
          "WESTEUROPE:20151206T121027Z:4acb06b0-97d9-471d-a3a4-b756b7ae1d62"
        ],
        "Strict-Transport-Security": [
          "max-age=31536000; includeSubDomains"
        ],
        "Cache-Control": [
          "no-cache"
        ],
        "Date": [
          "Sun, 06 Dec 2015 12:10:27 GMT"
        ]
      },
      "StatusCode": 200
    },
    {
      "RequestUri": "/subscriptions/cca24ec8-99b5-4aa7-9ff6-486e886f304c/resourcegroups/sql-audit-cmdlet-test-rg2015/deployments/sql-audit-test-env-setup-classic-storage/operations?api-version=2014-04-01-preview",
      "EncodedRequestUri": "L3N1YnNjcmlwdGlvbnMvY2NhMjRlYzgtOTliNS00YWE3LTlmZjYtNDg2ZTg4NmYzMDRjL3Jlc291cmNlZ3JvdXBzL3NxbC1hdWRpdC1jbWRsZXQtdGVzdC1yZzIwMTUvZGVwbG95bWVudHMvc3FsLWF1ZGl0LXRlc3QtZW52LXNldHVwLWNsYXNzaWMtc3RvcmFnZS9vcGVyYXRpb25zP2FwaS12ZXJzaW9uPTIwMTQtMDQtMDEtcHJldmlldw==",
      "RequestMethod": "GET",
      "RequestBody": "",
      "RequestHeaders": {
        "User-Agent": [
          "Microsoft.Azure.Management.Resources.ResourceManagementClient/2.0.0.0"
        ]
      },
      "ResponseBody": "{\r\n  \"value\": []\r\n}",
      "ResponseHeaders": {
        "Content-Length": [
          "12"
        ],
        "Content-Type": [
          "application/json; charset=utf-8"
        ],
        "Expires": [
          "-1"
        ],
        "Pragma": [
          "no-cache"
        ],
        "x-ms-ratelimit-remaining-subscription-reads": [
          "14962"
        ],
        "x-ms-request-id": [
          "bb5374f6-ea50-4184-80d0-2e26884a9f83"
        ],
        "x-ms-correlation-request-id": [
          "bb5374f6-ea50-4184-80d0-2e26884a9f83"
        ],
        "x-ms-routing-request-id": [
          "WESTEUROPE:20151206T121030Z:bb5374f6-ea50-4184-80d0-2e26884a9f83"
        ],
        "Strict-Transport-Security": [
          "max-age=31536000; includeSubDomains"
        ],
        "Cache-Control": [
          "no-cache"
        ],
        "Date": [
          "Sun, 06 Dec 2015 12:10:30 GMT"
        ]
      },
      "StatusCode": 200
    },
    {
      "RequestUri": "/subscriptions/cca24ec8-99b5-4aa7-9ff6-486e886f304c/resourcegroups/sql-audit-cmdlet-test-rg2015/deployments/sql-audit-test-env-setup-classic-storage/operations?api-version=2014-04-01-preview",
      "EncodedRequestUri": "L3N1YnNjcmlwdGlvbnMvY2NhMjRlYzgtOTliNS00YWE3LTlmZjYtNDg2ZTg4NmYzMDRjL3Jlc291cmNlZ3JvdXBzL3NxbC1hdWRpdC1jbWRsZXQtdGVzdC1yZzIwMTUvZGVwbG95bWVudHMvc3FsLWF1ZGl0LXRlc3QtZW52LXNldHVwLWNsYXNzaWMtc3RvcmFnZS9vcGVyYXRpb25zP2FwaS12ZXJzaW9uPTIwMTQtMDQtMDEtcHJldmlldw==",
      "RequestMethod": "GET",
      "RequestBody": "",
      "RequestHeaders": {
        "User-Agent": [
          "Microsoft.Azure.Management.Resources.ResourceManagementClient/2.0.0.0"
        ]
      },
      "ResponseBody": "{\r\n  \"value\": []\r\n}",
      "ResponseHeaders": {
        "Content-Length": [
          "12"
        ],
        "Content-Type": [
          "application/json; charset=utf-8"
        ],
        "Expires": [
          "-1"
        ],
        "Pragma": [
          "no-cache"
        ],
        "x-ms-ratelimit-remaining-subscription-reads": [
          "14960"
        ],
        "x-ms-request-id": [
          "8665b773-b231-498e-ba6f-e7a4d7e4cda4"
        ],
        "x-ms-correlation-request-id": [
          "8665b773-b231-498e-ba6f-e7a4d7e4cda4"
        ],
        "x-ms-routing-request-id": [
          "WESTEUROPE:20151206T121033Z:8665b773-b231-498e-ba6f-e7a4d7e4cda4"
        ],
        "Strict-Transport-Security": [
          "max-age=31536000; includeSubDomains"
        ],
        "Cache-Control": [
          "no-cache"
        ],
        "Date": [
          "Sun, 06 Dec 2015 12:10:33 GMT"
        ]
      },
      "StatusCode": 200
    },
    {
      "RequestUri": "/subscriptions/cca24ec8-99b5-4aa7-9ff6-486e886f304c/resourcegroups/sql-audit-cmdlet-test-rg2015/deployments/sql-audit-test-env-setup-classic-storage/operations?api-version=2014-04-01-preview",
      "EncodedRequestUri": "L3N1YnNjcmlwdGlvbnMvY2NhMjRlYzgtOTliNS00YWE3LTlmZjYtNDg2ZTg4NmYzMDRjL3Jlc291cmNlZ3JvdXBzL3NxbC1hdWRpdC1jbWRsZXQtdGVzdC1yZzIwMTUvZGVwbG95bWVudHMvc3FsLWF1ZGl0LXRlc3QtZW52LXNldHVwLWNsYXNzaWMtc3RvcmFnZS9vcGVyYXRpb25zP2FwaS12ZXJzaW9uPTIwMTQtMDQtMDEtcHJldmlldw==",
      "RequestMethod": "GET",
      "RequestBody": "",
      "RequestHeaders": {
        "User-Agent": [
          "Microsoft.Azure.Management.Resources.ResourceManagementClient/2.0.0.0"
        ]
      },
      "ResponseBody": "{\r\n  \"value\": [\r\n    {\r\n      \"id\": \"/subscriptions/cca24ec8-99b5-4aa7-9ff6-486e886f304c/resourceGroups/sql-audit-cmdlet-test-rg2015/deployments/sql-audit-test-env-setup-classic-storage/operations/7C3579A7ACA290C8\",\r\n      \"operationId\": \"7C3579A7ACA290C8\",\r\n      \"properties\": {\r\n        \"provisioningState\": \"Succeeded\",\r\n        \"timestamp\": \"2015-12-06T12:10:36.6162572Z\",\r\n        \"duration\": \"PT9.376788S\",\r\n        \"trackingId\": \"11eefaee-ce40-4f17-8fbc-22cc9c8ed552\",\r\n        \"statusCode\": \"Created\",\r\n        \"targetResource\": {\r\n          \"id\": \"/subscriptions/cca24ec8-99b5-4aa7-9ff6-486e886f304c/resourceGroups/sql-audit-cmdlet-test-rg2015/providers/Microsoft.Sql/servers/sql-audit-cmdlet-server2015\",\r\n          \"resourceType\": \"Microsoft.Sql/servers\",\r\n          \"resourceName\": \"sql-audit-cmdlet-server2015\"\r\n        }\r\n      }\r\n    }\r\n  ]\r\n}",
      "ResponseHeaders": {
        "Content-Length": [
          "686"
        ],
        "Content-Type": [
          "application/json; charset=utf-8"
        ],
        "Expires": [
          "-1"
        ],
        "Pragma": [
          "no-cache"
        ],
        "x-ms-ratelimit-remaining-subscription-reads": [
          "14958"
        ],
        "x-ms-request-id": [
          "ba8dd509-c9df-4673-8f20-42d4bcd38309"
        ],
        "x-ms-correlation-request-id": [
          "ba8dd509-c9df-4673-8f20-42d4bcd38309"
        ],
        "x-ms-routing-request-id": [
          "WESTEUROPE:20151206T121036Z:ba8dd509-c9df-4673-8f20-42d4bcd38309"
        ],
        "Strict-Transport-Security": [
          "max-age=31536000; includeSubDomains"
        ],
        "Cache-Control": [
          "no-cache"
        ],
        "Date": [
          "Sun, 06 Dec 2015 12:10:36 GMT"
        ]
      },
      "StatusCode": 200
    },
    {
      "RequestUri": "/subscriptions/cca24ec8-99b5-4aa7-9ff6-486e886f304c/resourcegroups/sql-audit-cmdlet-test-rg2015/deployments/sql-audit-test-env-setup-classic-storage/operations?api-version=2014-04-01-preview",
      "EncodedRequestUri": "L3N1YnNjcmlwdGlvbnMvY2NhMjRlYzgtOTliNS00YWE3LTlmZjYtNDg2ZTg4NmYzMDRjL3Jlc291cmNlZ3JvdXBzL3NxbC1hdWRpdC1jbWRsZXQtdGVzdC1yZzIwMTUvZGVwbG95bWVudHMvc3FsLWF1ZGl0LXRlc3QtZW52LXNldHVwLWNsYXNzaWMtc3RvcmFnZS9vcGVyYXRpb25zP2FwaS12ZXJzaW9uPTIwMTQtMDQtMDEtcHJldmlldw==",
      "RequestMethod": "GET",
      "RequestBody": "",
      "RequestHeaders": {
        "User-Agent": [
          "Microsoft.Azure.Management.Resources.ResourceManagementClient/2.0.0.0"
        ]
      },
      "ResponseBody": "{\r\n  \"value\": [\r\n    {\r\n      \"id\": \"/subscriptions/cca24ec8-99b5-4aa7-9ff6-486e886f304c/resourceGroups/sql-audit-cmdlet-test-rg2015/deployments/sql-audit-test-env-setup-classic-storage/operations/66CACA6D9322D0CF\",\r\n      \"operationId\": \"66CACA6D9322D0CF\",\r\n      \"properties\": {\r\n        \"provisioningState\": \"Running\",\r\n        \"timestamp\": \"2015-12-06T12:10:37.1914656Z\",\r\n        \"duration\": \"PT10.0301121S\",\r\n        \"trackingId\": \"d8e1c4f9-5d5e-437f-bbbc-a561ea5b0334\",\r\n        \"statusCode\": \"Accepted\",\r\n        \"targetResource\": {\r\n          \"id\": \"/subscriptions/cca24ec8-99b5-4aa7-9ff6-486e886f304c/resourceGroups/sql-audit-cmdlet-test-rg2015/providers/Microsoft.ClassicStorage/storageAccounts/auditcmdlets2015\",\r\n          \"resourceType\": \"Microsoft.ClassicStorage/storageAccounts\",\r\n          \"resourceName\": \"auditcmdlets2015\"\r\n        }\r\n      }\r\n    },\r\n    {\r\n      \"id\": \"/subscriptions/cca24ec8-99b5-4aa7-9ff6-486e886f304c/resourceGroups/sql-audit-cmdlet-test-rg2015/deployments/sql-audit-test-env-setup-classic-storage/operations/7C3579A7ACA290C8\",\r\n      \"operationId\": \"7C3579A7ACA290C8\",\r\n      \"properties\": {\r\n        \"provisioningState\": \"Succeeded\",\r\n        \"timestamp\": \"2015-12-06T12:10:36.6162572Z\",\r\n        \"duration\": \"PT9.376788S\",\r\n        \"trackingId\": \"11eefaee-ce40-4f17-8fbc-22cc9c8ed552\",\r\n        \"statusCode\": \"Created\",\r\n        \"targetResource\": {\r\n          \"id\": \"/subscriptions/cca24ec8-99b5-4aa7-9ff6-486e886f304c/resourceGroups/sql-audit-cmdlet-test-rg2015/providers/Microsoft.Sql/servers/sql-audit-cmdlet-server2015\",\r\n          \"resourceType\": \"Microsoft.Sql/servers\",\r\n          \"resourceName\": \"sql-audit-cmdlet-server2015\"\r\n        }\r\n      }\r\n    }\r\n  ]\r\n}",
      "ResponseHeaders": {
        "Content-Length": [
          "1378"
        ],
        "Content-Type": [
          "application/json; charset=utf-8"
        ],
        "Expires": [
          "-1"
        ],
        "Pragma": [
          "no-cache"
        ],
        "x-ms-ratelimit-remaining-subscription-reads": [
          "14956"
        ],
        "x-ms-request-id": [
          "326838e6-cbc7-4f82-9d0a-718661f18840"
        ],
        "x-ms-correlation-request-id": [
          "326838e6-cbc7-4f82-9d0a-718661f18840"
        ],
        "x-ms-routing-request-id": [
          "WESTEUROPE:20151206T121040Z:326838e6-cbc7-4f82-9d0a-718661f18840"
        ],
        "Strict-Transport-Security": [
          "max-age=31536000; includeSubDomains"
        ],
        "Cache-Control": [
          "no-cache"
        ],
        "Date": [
          "Sun, 06 Dec 2015 12:10:39 GMT"
        ]
      },
      "StatusCode": 200
    },
    {
      "RequestUri": "/subscriptions/cca24ec8-99b5-4aa7-9ff6-486e886f304c/resourcegroups/sql-audit-cmdlet-test-rg2015/deployments/sql-audit-test-env-setup-classic-storage/operations?api-version=2014-04-01-preview",
      "EncodedRequestUri": "L3N1YnNjcmlwdGlvbnMvY2NhMjRlYzgtOTliNS00YWE3LTlmZjYtNDg2ZTg4NmYzMDRjL3Jlc291cmNlZ3JvdXBzL3NxbC1hdWRpdC1jbWRsZXQtdGVzdC1yZzIwMTUvZGVwbG95bWVudHMvc3FsLWF1ZGl0LXRlc3QtZW52LXNldHVwLWNsYXNzaWMtc3RvcmFnZS9vcGVyYXRpb25zP2FwaS12ZXJzaW9uPTIwMTQtMDQtMDEtcHJldmlldw==",
      "RequestMethod": "GET",
      "RequestBody": "",
      "RequestHeaders": {
        "User-Agent": [
          "Microsoft.Azure.Management.Resources.ResourceManagementClient/2.0.0.0"
        ]
      },
      "ResponseBody": "{\r\n  \"value\": [\r\n    {\r\n      \"id\": \"/subscriptions/cca24ec8-99b5-4aa7-9ff6-486e886f304c/resourceGroups/sql-audit-cmdlet-test-rg2015/deployments/sql-audit-test-env-setup-classic-storage/operations/66CACA6D9322D0CF\",\r\n      \"operationId\": \"66CACA6D9322D0CF\",\r\n      \"properties\": {\r\n        \"provisioningState\": \"Running\",\r\n        \"timestamp\": \"2015-12-06T12:10:37.1914656Z\",\r\n        \"duration\": \"PT10.0301121S\",\r\n        \"trackingId\": \"d8e1c4f9-5d5e-437f-bbbc-a561ea5b0334\",\r\n        \"statusCode\": \"Accepted\",\r\n        \"targetResource\": {\r\n          \"id\": \"/subscriptions/cca24ec8-99b5-4aa7-9ff6-486e886f304c/resourceGroups/sql-audit-cmdlet-test-rg2015/providers/Microsoft.ClassicStorage/storageAccounts/auditcmdlets2015\",\r\n          \"resourceType\": \"Microsoft.ClassicStorage/storageAccounts\",\r\n          \"resourceName\": \"auditcmdlets2015\"\r\n        }\r\n      }\r\n    },\r\n    {\r\n      \"id\": \"/subscriptions/cca24ec8-99b5-4aa7-9ff6-486e886f304c/resourceGroups/sql-audit-cmdlet-test-rg2015/deployments/sql-audit-test-env-setup-classic-storage/operations/7C3579A7ACA290C8\",\r\n      \"operationId\": \"7C3579A7ACA290C8\",\r\n      \"properties\": {\r\n        \"provisioningState\": \"Succeeded\",\r\n        \"timestamp\": \"2015-12-06T12:10:36.6162572Z\",\r\n        \"duration\": \"PT9.376788S\",\r\n        \"trackingId\": \"11eefaee-ce40-4f17-8fbc-22cc9c8ed552\",\r\n        \"statusCode\": \"Created\",\r\n        \"targetResource\": {\r\n          \"id\": \"/subscriptions/cca24ec8-99b5-4aa7-9ff6-486e886f304c/resourceGroups/sql-audit-cmdlet-test-rg2015/providers/Microsoft.Sql/servers/sql-audit-cmdlet-server2015\",\r\n          \"resourceType\": \"Microsoft.Sql/servers\",\r\n          \"resourceName\": \"sql-audit-cmdlet-server2015\"\r\n        }\r\n      }\r\n    }\r\n  ]\r\n}",
      "ResponseHeaders": {
        "Content-Length": [
          "1378"
        ],
        "Content-Type": [
          "application/json; charset=utf-8"
        ],
        "Expires": [
          "-1"
        ],
        "Pragma": [
          "no-cache"
        ],
        "x-ms-ratelimit-remaining-subscription-reads": [
          "14954"
        ],
        "x-ms-request-id": [
          "1a6171da-1be1-4964-823d-1305e239a4ec"
        ],
        "x-ms-correlation-request-id": [
          "1a6171da-1be1-4964-823d-1305e239a4ec"
        ],
        "x-ms-routing-request-id": [
          "WESTEUROPE:20151206T121043Z:1a6171da-1be1-4964-823d-1305e239a4ec"
        ],
        "Strict-Transport-Security": [
          "max-age=31536000; includeSubDomains"
        ],
        "Cache-Control": [
          "no-cache"
        ],
        "Date": [
          "Sun, 06 Dec 2015 12:10:42 GMT"
        ]
      },
      "StatusCode": 200
    },
    {
      "RequestUri": "/subscriptions/cca24ec8-99b5-4aa7-9ff6-486e886f304c/resourcegroups/sql-audit-cmdlet-test-rg2015/deployments/sql-audit-test-env-setup-classic-storage/operations?api-version=2014-04-01-preview",
      "EncodedRequestUri": "L3N1YnNjcmlwdGlvbnMvY2NhMjRlYzgtOTliNS00YWE3LTlmZjYtNDg2ZTg4NmYzMDRjL3Jlc291cmNlZ3JvdXBzL3NxbC1hdWRpdC1jbWRsZXQtdGVzdC1yZzIwMTUvZGVwbG95bWVudHMvc3FsLWF1ZGl0LXRlc3QtZW52LXNldHVwLWNsYXNzaWMtc3RvcmFnZS9vcGVyYXRpb25zP2FwaS12ZXJzaW9uPTIwMTQtMDQtMDEtcHJldmlldw==",
      "RequestMethod": "GET",
      "RequestBody": "",
      "RequestHeaders": {
        "User-Agent": [
          "Microsoft.Azure.Management.Resources.ResourceManagementClient/2.0.0.0"
        ]
      },
      "ResponseBody": "{\r\n  \"value\": [\r\n    {\r\n      \"id\": \"/subscriptions/cca24ec8-99b5-4aa7-9ff6-486e886f304c/resourceGroups/sql-audit-cmdlet-test-rg2015/deployments/sql-audit-test-env-setup-classic-storage/operations/1BE22C79A62ECA5F\",\r\n      \"operationId\": \"1BE22C79A62ECA5F\",\r\n      \"properties\": {\r\n        \"provisioningState\": \"Succeeded\",\r\n        \"timestamp\": \"2015-12-06T12:10:44.2205308Z\",\r\n        \"duration\": \"PT6.9095466S\",\r\n        \"trackingId\": \"c91faa5f-3f47-474a-8495-57d74bd80c56\",\r\n        \"statusCode\": \"Created\",\r\n        \"targetResource\": {\r\n          \"id\": \"/subscriptions/cca24ec8-99b5-4aa7-9ff6-486e886f304c/resourceGroups/sql-audit-cmdlet-test-rg2015/providers/Microsoft.Sql/servers/sql-audit-cmdlet-server2015/databases/sql-audit-cmdlet-db2015\",\r\n          \"resourceType\": \"Microsoft.Sql/servers/databases\",\r\n          \"resourceName\": \"sql-audit-cmdlet-server2015/sql-audit-cmdlet-db2015\"\r\n        }\r\n      }\r\n    },\r\n    {\r\n      \"id\": \"/subscriptions/cca24ec8-99b5-4aa7-9ff6-486e886f304c/resourceGroups/sql-audit-cmdlet-test-rg2015/deployments/sql-audit-test-env-setup-classic-storage/operations/66CACA6D9322D0CF\",\r\n      \"operationId\": \"66CACA6D9322D0CF\",\r\n      \"properties\": {\r\n        \"provisioningState\": \"Running\",\r\n        \"timestamp\": \"2015-12-06T12:10:37.1914656Z\",\r\n        \"duration\": \"PT10.0301121S\",\r\n        \"trackingId\": \"d8e1c4f9-5d5e-437f-bbbc-a561ea5b0334\",\r\n        \"statusCode\": \"Accepted\",\r\n        \"targetResource\": {\r\n          \"id\": \"/subscriptions/cca24ec8-99b5-4aa7-9ff6-486e886f304c/resourceGroups/sql-audit-cmdlet-test-rg2015/providers/Microsoft.ClassicStorage/storageAccounts/auditcmdlets2015\",\r\n          \"resourceType\": \"Microsoft.ClassicStorage/storageAccounts\",\r\n          \"resourceName\": \"auditcmdlets2015\"\r\n        }\r\n      }\r\n    },\r\n    {\r\n      \"id\": \"/subscriptions/cca24ec8-99b5-4aa7-9ff6-486e886f304c/resourceGroups/sql-audit-cmdlet-test-rg2015/deployments/sql-audit-test-env-setup-classic-storage/operations/7C3579A7ACA290C8\",\r\n      \"operationId\": \"7C3579A7ACA290C8\",\r\n      \"properties\": {\r\n        \"provisioningState\": \"Succeeded\",\r\n        \"timestamp\": \"2015-12-06T12:10:36.6162572Z\",\r\n        \"duration\": \"PT9.376788S\",\r\n        \"trackingId\": \"11eefaee-ce40-4f17-8fbc-22cc9c8ed552\",\r\n        \"statusCode\": \"Created\",\r\n        \"targetResource\": {\r\n          \"id\": \"/subscriptions/cca24ec8-99b5-4aa7-9ff6-486e886f304c/resourceGroups/sql-audit-cmdlet-test-rg2015/providers/Microsoft.Sql/servers/sql-audit-cmdlet-server2015\",\r\n          \"resourceType\": \"Microsoft.Sql/servers\",\r\n          \"resourceName\": \"sql-audit-cmdlet-server2015\"\r\n        }\r\n      }\r\n    }\r\n  ]\r\n}",
      "ResponseHeaders": {
        "Content-Length": [
          "2122"
        ],
        "Content-Type": [
          "application/json; charset=utf-8"
        ],
        "Expires": [
          "-1"
        ],
        "Pragma": [
          "no-cache"
        ],
        "x-ms-ratelimit-remaining-subscription-reads": [
          "14952"
        ],
        "x-ms-request-id": [
          "d70baf01-b51a-4153-8446-dfb4b7d94150"
        ],
        "x-ms-correlation-request-id": [
          "d70baf01-b51a-4153-8446-dfb4b7d94150"
        ],
        "x-ms-routing-request-id": [
          "WESTEUROPE:20151206T121046Z:d70baf01-b51a-4153-8446-dfb4b7d94150"
        ],
        "Strict-Transport-Security": [
          "max-age=31536000; includeSubDomains"
        ],
        "Cache-Control": [
          "no-cache"
        ],
        "Date": [
          "Sun, 06 Dec 2015 12:10:45 GMT"
        ]
      },
      "StatusCode": 200
    },
    {
      "RequestUri": "/subscriptions/cca24ec8-99b5-4aa7-9ff6-486e886f304c/resourcegroups/sql-audit-cmdlet-test-rg2015/deployments/sql-audit-test-env-setup-classic-storage/operations?api-version=2014-04-01-preview",
      "EncodedRequestUri": "L3N1YnNjcmlwdGlvbnMvY2NhMjRlYzgtOTliNS00YWE3LTlmZjYtNDg2ZTg4NmYzMDRjL3Jlc291cmNlZ3JvdXBzL3NxbC1hdWRpdC1jbWRsZXQtdGVzdC1yZzIwMTUvZGVwbG95bWVudHMvc3FsLWF1ZGl0LXRlc3QtZW52LXNldHVwLWNsYXNzaWMtc3RvcmFnZS9vcGVyYXRpb25zP2FwaS12ZXJzaW9uPTIwMTQtMDQtMDEtcHJldmlldw==",
      "RequestMethod": "GET",
      "RequestBody": "",
      "RequestHeaders": {
        "User-Agent": [
          "Microsoft.Azure.Management.Resources.ResourceManagementClient/2.0.0.0"
        ]
      },
      "ResponseBody": "{\r\n  \"value\": [\r\n    {\r\n      \"id\": \"/subscriptions/cca24ec8-99b5-4aa7-9ff6-486e886f304c/resourceGroups/sql-audit-cmdlet-test-rg2015/deployments/sql-audit-test-env-setup-classic-storage/operations/1BE22C79A62ECA5F\",\r\n      \"operationId\": \"1BE22C79A62ECA5F\",\r\n      \"properties\": {\r\n        \"provisioningState\": \"Succeeded\",\r\n        \"timestamp\": \"2015-12-06T12:10:44.2205308Z\",\r\n        \"duration\": \"PT6.9095466S\",\r\n        \"trackingId\": \"c91faa5f-3f47-474a-8495-57d74bd80c56\",\r\n        \"statusCode\": \"Created\",\r\n        \"targetResource\": {\r\n          \"id\": \"/subscriptions/cca24ec8-99b5-4aa7-9ff6-486e886f304c/resourceGroups/sql-audit-cmdlet-test-rg2015/providers/Microsoft.Sql/servers/sql-audit-cmdlet-server2015/databases/sql-audit-cmdlet-db2015\",\r\n          \"resourceType\": \"Microsoft.Sql/servers/databases\",\r\n          \"resourceName\": \"sql-audit-cmdlet-server2015/sql-audit-cmdlet-db2015\"\r\n        }\r\n      }\r\n    },\r\n    {\r\n      \"id\": \"/subscriptions/cca24ec8-99b5-4aa7-9ff6-486e886f304c/resourceGroups/sql-audit-cmdlet-test-rg2015/deployments/sql-audit-test-env-setup-classic-storage/operations/66CACA6D9322D0CF\",\r\n      \"operationId\": \"66CACA6D9322D0CF\",\r\n      \"properties\": {\r\n        \"provisioningState\": \"Running\",\r\n        \"timestamp\": \"2015-12-06T12:10:37.1914656Z\",\r\n        \"duration\": \"PT10.0301121S\",\r\n        \"trackingId\": \"d8e1c4f9-5d5e-437f-bbbc-a561ea5b0334\",\r\n        \"statusCode\": \"Accepted\",\r\n        \"targetResource\": {\r\n          \"id\": \"/subscriptions/cca24ec8-99b5-4aa7-9ff6-486e886f304c/resourceGroups/sql-audit-cmdlet-test-rg2015/providers/Microsoft.ClassicStorage/storageAccounts/auditcmdlets2015\",\r\n          \"resourceType\": \"Microsoft.ClassicStorage/storageAccounts\",\r\n          \"resourceName\": \"auditcmdlets2015\"\r\n        }\r\n      }\r\n    },\r\n    {\r\n      \"id\": \"/subscriptions/cca24ec8-99b5-4aa7-9ff6-486e886f304c/resourceGroups/sql-audit-cmdlet-test-rg2015/deployments/sql-audit-test-env-setup-classic-storage/operations/7C3579A7ACA290C8\",\r\n      \"operationId\": \"7C3579A7ACA290C8\",\r\n      \"properties\": {\r\n        \"provisioningState\": \"Succeeded\",\r\n        \"timestamp\": \"2015-12-06T12:10:36.6162572Z\",\r\n        \"duration\": \"PT9.376788S\",\r\n        \"trackingId\": \"11eefaee-ce40-4f17-8fbc-22cc9c8ed552\",\r\n        \"statusCode\": \"Created\",\r\n        \"targetResource\": {\r\n          \"id\": \"/subscriptions/cca24ec8-99b5-4aa7-9ff6-486e886f304c/resourceGroups/sql-audit-cmdlet-test-rg2015/providers/Microsoft.Sql/servers/sql-audit-cmdlet-server2015\",\r\n          \"resourceType\": \"Microsoft.Sql/servers\",\r\n          \"resourceName\": \"sql-audit-cmdlet-server2015\"\r\n        }\r\n      }\r\n    }\r\n  ]\r\n}",
      "ResponseHeaders": {
        "Content-Length": [
          "2122"
        ],
        "Content-Type": [
          "application/json; charset=utf-8"
        ],
        "Expires": [
          "-1"
        ],
        "Pragma": [
          "no-cache"
        ],
        "x-ms-ratelimit-remaining-subscription-reads": [
          "14950"
        ],
        "x-ms-request-id": [
          "0e824d42-e5fa-488e-b7a8-770ed17eb463"
        ],
        "x-ms-correlation-request-id": [
          "0e824d42-e5fa-488e-b7a8-770ed17eb463"
        ],
        "x-ms-routing-request-id": [
          "WESTEUROPE:20151206T121049Z:0e824d42-e5fa-488e-b7a8-770ed17eb463"
        ],
        "Strict-Transport-Security": [
          "max-age=31536000; includeSubDomains"
        ],
        "Cache-Control": [
          "no-cache"
        ],
        "Date": [
          "Sun, 06 Dec 2015 12:10:48 GMT"
        ]
      },
      "StatusCode": 200
    },
    {
      "RequestUri": "/subscriptions/cca24ec8-99b5-4aa7-9ff6-486e886f304c/resourcegroups/sql-audit-cmdlet-test-rg2015/deployments/sql-audit-test-env-setup-classic-storage/operations?api-version=2014-04-01-preview",
      "EncodedRequestUri": "L3N1YnNjcmlwdGlvbnMvY2NhMjRlYzgtOTliNS00YWE3LTlmZjYtNDg2ZTg4NmYzMDRjL3Jlc291cmNlZ3JvdXBzL3NxbC1hdWRpdC1jbWRsZXQtdGVzdC1yZzIwMTUvZGVwbG95bWVudHMvc3FsLWF1ZGl0LXRlc3QtZW52LXNldHVwLWNsYXNzaWMtc3RvcmFnZS9vcGVyYXRpb25zP2FwaS12ZXJzaW9uPTIwMTQtMDQtMDEtcHJldmlldw==",
      "RequestMethod": "GET",
      "RequestBody": "",
      "RequestHeaders": {
        "User-Agent": [
          "Microsoft.Azure.Management.Resources.ResourceManagementClient/2.0.0.0"
        ]
      },
      "ResponseBody": "{\r\n  \"value\": [\r\n    {\r\n      \"id\": \"/subscriptions/cca24ec8-99b5-4aa7-9ff6-486e886f304c/resourceGroups/sql-audit-cmdlet-test-rg2015/deployments/sql-audit-test-env-setup-classic-storage/operations/1BE22C79A62ECA5F\",\r\n      \"operationId\": \"1BE22C79A62ECA5F\",\r\n      \"properties\": {\r\n        \"provisioningState\": \"Succeeded\",\r\n        \"timestamp\": \"2015-12-06T12:10:44.2205308Z\",\r\n        \"duration\": \"PT6.9095466S\",\r\n        \"trackingId\": \"c91faa5f-3f47-474a-8495-57d74bd80c56\",\r\n        \"statusCode\": \"Created\",\r\n        \"targetResource\": {\r\n          \"id\": \"/subscriptions/cca24ec8-99b5-4aa7-9ff6-486e886f304c/resourceGroups/sql-audit-cmdlet-test-rg2015/providers/Microsoft.Sql/servers/sql-audit-cmdlet-server2015/databases/sql-audit-cmdlet-db2015\",\r\n          \"resourceType\": \"Microsoft.Sql/servers/databases\",\r\n          \"resourceName\": \"sql-audit-cmdlet-server2015/sql-audit-cmdlet-db2015\"\r\n        }\r\n      }\r\n    },\r\n    {\r\n      \"id\": \"/subscriptions/cca24ec8-99b5-4aa7-9ff6-486e886f304c/resourceGroups/sql-audit-cmdlet-test-rg2015/deployments/sql-audit-test-env-setup-classic-storage/operations/66CACA6D9322D0CF\",\r\n      \"operationId\": \"66CACA6D9322D0CF\",\r\n      \"properties\": {\r\n        \"provisioningState\": \"Running\",\r\n        \"timestamp\": \"2015-12-06T12:10:37.1914656Z\",\r\n        \"duration\": \"PT10.0301121S\",\r\n        \"trackingId\": \"d8e1c4f9-5d5e-437f-bbbc-a561ea5b0334\",\r\n        \"statusCode\": \"Accepted\",\r\n        \"targetResource\": {\r\n          \"id\": \"/subscriptions/cca24ec8-99b5-4aa7-9ff6-486e886f304c/resourceGroups/sql-audit-cmdlet-test-rg2015/providers/Microsoft.ClassicStorage/storageAccounts/auditcmdlets2015\",\r\n          \"resourceType\": \"Microsoft.ClassicStorage/storageAccounts\",\r\n          \"resourceName\": \"auditcmdlets2015\"\r\n        }\r\n      }\r\n    },\r\n    {\r\n      \"id\": \"/subscriptions/cca24ec8-99b5-4aa7-9ff6-486e886f304c/resourceGroups/sql-audit-cmdlet-test-rg2015/deployments/sql-audit-test-env-setup-classic-storage/operations/7C3579A7ACA290C8\",\r\n      \"operationId\": \"7C3579A7ACA290C8\",\r\n      \"properties\": {\r\n        \"provisioningState\": \"Succeeded\",\r\n        \"timestamp\": \"2015-12-06T12:10:36.6162572Z\",\r\n        \"duration\": \"PT9.376788S\",\r\n        \"trackingId\": \"11eefaee-ce40-4f17-8fbc-22cc9c8ed552\",\r\n        \"statusCode\": \"Created\",\r\n        \"targetResource\": {\r\n          \"id\": \"/subscriptions/cca24ec8-99b5-4aa7-9ff6-486e886f304c/resourceGroups/sql-audit-cmdlet-test-rg2015/providers/Microsoft.Sql/servers/sql-audit-cmdlet-server2015\",\r\n          \"resourceType\": \"Microsoft.Sql/servers\",\r\n          \"resourceName\": \"sql-audit-cmdlet-server2015\"\r\n        }\r\n      }\r\n    }\r\n  ]\r\n}",
      "ResponseHeaders": {
        "Content-Length": [
          "2122"
        ],
        "Content-Type": [
          "application/json; charset=utf-8"
        ],
        "Expires": [
          "-1"
        ],
        "Pragma": [
          "no-cache"
        ],
        "x-ms-ratelimit-remaining-subscription-reads": [
          "14948"
        ],
        "x-ms-request-id": [
          "da9cac6f-be27-45f5-97c0-1cfea4b508cc"
        ],
        "x-ms-correlation-request-id": [
          "da9cac6f-be27-45f5-97c0-1cfea4b508cc"
        ],
        "x-ms-routing-request-id": [
          "WESTEUROPE:20151206T121052Z:da9cac6f-be27-45f5-97c0-1cfea4b508cc"
        ],
        "Strict-Transport-Security": [
          "max-age=31536000; includeSubDomains"
        ],
        "Cache-Control": [
          "no-cache"
        ],
        "Date": [
          "Sun, 06 Dec 2015 12:10:51 GMT"
        ]
      },
      "StatusCode": 200
    },
    {
      "RequestUri": "/subscriptions/cca24ec8-99b5-4aa7-9ff6-486e886f304c/resourcegroups/sql-audit-cmdlet-test-rg2015/deployments/sql-audit-test-env-setup-classic-storage/operations?api-version=2014-04-01-preview",
      "EncodedRequestUri": "L3N1YnNjcmlwdGlvbnMvY2NhMjRlYzgtOTliNS00YWE3LTlmZjYtNDg2ZTg4NmYzMDRjL3Jlc291cmNlZ3JvdXBzL3NxbC1hdWRpdC1jbWRsZXQtdGVzdC1yZzIwMTUvZGVwbG95bWVudHMvc3FsLWF1ZGl0LXRlc3QtZW52LXNldHVwLWNsYXNzaWMtc3RvcmFnZS9vcGVyYXRpb25zP2FwaS12ZXJzaW9uPTIwMTQtMDQtMDEtcHJldmlldw==",
      "RequestMethod": "GET",
      "RequestBody": "",
      "RequestHeaders": {
        "User-Agent": [
          "Microsoft.Azure.Management.Resources.ResourceManagementClient/2.0.0.0"
        ]
      },
      "ResponseBody": "{\r\n  \"value\": [\r\n    {\r\n      \"id\": \"/subscriptions/cca24ec8-99b5-4aa7-9ff6-486e886f304c/resourceGroups/sql-audit-cmdlet-test-rg2015/deployments/sql-audit-test-env-setup-classic-storage/operations/1BE22C79A62ECA5F\",\r\n      \"operationId\": \"1BE22C79A62ECA5F\",\r\n      \"properties\": {\r\n        \"provisioningState\": \"Succeeded\",\r\n        \"timestamp\": \"2015-12-06T12:10:44.2205308Z\",\r\n        \"duration\": \"PT6.9095466S\",\r\n        \"trackingId\": \"c91faa5f-3f47-474a-8495-57d74bd80c56\",\r\n        \"statusCode\": \"Created\",\r\n        \"targetResource\": {\r\n          \"id\": \"/subscriptions/cca24ec8-99b5-4aa7-9ff6-486e886f304c/resourceGroups/sql-audit-cmdlet-test-rg2015/providers/Microsoft.Sql/servers/sql-audit-cmdlet-server2015/databases/sql-audit-cmdlet-db2015\",\r\n          \"resourceType\": \"Microsoft.Sql/servers/databases\",\r\n          \"resourceName\": \"sql-audit-cmdlet-server2015/sql-audit-cmdlet-db2015\"\r\n        }\r\n      }\r\n    },\r\n    {\r\n      \"id\": \"/subscriptions/cca24ec8-99b5-4aa7-9ff6-486e886f304c/resourceGroups/sql-audit-cmdlet-test-rg2015/deployments/sql-audit-test-env-setup-classic-storage/operations/66CACA6D9322D0CF\",\r\n      \"operationId\": \"66CACA6D9322D0CF\",\r\n      \"properties\": {\r\n        \"provisioningState\": \"Running\",\r\n        \"timestamp\": \"2015-12-06T12:10:37.1914656Z\",\r\n        \"duration\": \"PT10.0301121S\",\r\n        \"trackingId\": \"d8e1c4f9-5d5e-437f-bbbc-a561ea5b0334\",\r\n        \"statusCode\": \"Accepted\",\r\n        \"targetResource\": {\r\n          \"id\": \"/subscriptions/cca24ec8-99b5-4aa7-9ff6-486e886f304c/resourceGroups/sql-audit-cmdlet-test-rg2015/providers/Microsoft.ClassicStorage/storageAccounts/auditcmdlets2015\",\r\n          \"resourceType\": \"Microsoft.ClassicStorage/storageAccounts\",\r\n          \"resourceName\": \"auditcmdlets2015\"\r\n        }\r\n      }\r\n    },\r\n    {\r\n      \"id\": \"/subscriptions/cca24ec8-99b5-4aa7-9ff6-486e886f304c/resourceGroups/sql-audit-cmdlet-test-rg2015/deployments/sql-audit-test-env-setup-classic-storage/operations/7C3579A7ACA290C8\",\r\n      \"operationId\": \"7C3579A7ACA290C8\",\r\n      \"properties\": {\r\n        \"provisioningState\": \"Succeeded\",\r\n        \"timestamp\": \"2015-12-06T12:10:36.6162572Z\",\r\n        \"duration\": \"PT9.376788S\",\r\n        \"trackingId\": \"11eefaee-ce40-4f17-8fbc-22cc9c8ed552\",\r\n        \"statusCode\": \"Created\",\r\n        \"targetResource\": {\r\n          \"id\": \"/subscriptions/cca24ec8-99b5-4aa7-9ff6-486e886f304c/resourceGroups/sql-audit-cmdlet-test-rg2015/providers/Microsoft.Sql/servers/sql-audit-cmdlet-server2015\",\r\n          \"resourceType\": \"Microsoft.Sql/servers\",\r\n          \"resourceName\": \"sql-audit-cmdlet-server2015\"\r\n        }\r\n      }\r\n    }\r\n  ]\r\n}",
      "ResponseHeaders": {
        "Content-Length": [
          "2122"
        ],
        "Content-Type": [
          "application/json; charset=utf-8"
        ],
        "Expires": [
          "-1"
        ],
        "Pragma": [
          "no-cache"
        ],
        "x-ms-ratelimit-remaining-subscription-reads": [
          "14946"
        ],
        "x-ms-request-id": [
          "9258b7ee-e8a7-459e-a674-72f24ef4939f"
        ],
        "x-ms-correlation-request-id": [
          "9258b7ee-e8a7-459e-a674-72f24ef4939f"
        ],
        "x-ms-routing-request-id": [
          "WESTEUROPE:20151206T121056Z:9258b7ee-e8a7-459e-a674-72f24ef4939f"
        ],
        "Strict-Transport-Security": [
          "max-age=31536000; includeSubDomains"
        ],
        "Cache-Control": [
          "no-cache"
        ],
        "Date": [
          "Sun, 06 Dec 2015 12:10:55 GMT"
        ]
      },
      "StatusCode": 200
    },
    {
      "RequestUri": "/subscriptions/cca24ec8-99b5-4aa7-9ff6-486e886f304c/resourcegroups/sql-audit-cmdlet-test-rg2015/deployments/sql-audit-test-env-setup-classic-storage/operations?api-version=2014-04-01-preview",
      "EncodedRequestUri": "L3N1YnNjcmlwdGlvbnMvY2NhMjRlYzgtOTliNS00YWE3LTlmZjYtNDg2ZTg4NmYzMDRjL3Jlc291cmNlZ3JvdXBzL3NxbC1hdWRpdC1jbWRsZXQtdGVzdC1yZzIwMTUvZGVwbG95bWVudHMvc3FsLWF1ZGl0LXRlc3QtZW52LXNldHVwLWNsYXNzaWMtc3RvcmFnZS9vcGVyYXRpb25zP2FwaS12ZXJzaW9uPTIwMTQtMDQtMDEtcHJldmlldw==",
      "RequestMethod": "GET",
      "RequestBody": "",
      "RequestHeaders": {
        "User-Agent": [
          "Microsoft.Azure.Management.Resources.ResourceManagementClient/2.0.0.0"
        ]
      },
      "ResponseBody": "{\r\n  \"value\": [\r\n    {\r\n      \"id\": \"/subscriptions/cca24ec8-99b5-4aa7-9ff6-486e886f304c/resourceGroups/sql-audit-cmdlet-test-rg2015/deployments/sql-audit-test-env-setup-classic-storage/operations/1BE22C79A62ECA5F\",\r\n      \"operationId\": \"1BE22C79A62ECA5F\",\r\n      \"properties\": {\r\n        \"provisioningState\": \"Succeeded\",\r\n        \"timestamp\": \"2015-12-06T12:10:44.2205308Z\",\r\n        \"duration\": \"PT6.9095466S\",\r\n        \"trackingId\": \"c91faa5f-3f47-474a-8495-57d74bd80c56\",\r\n        \"statusCode\": \"Created\",\r\n        \"targetResource\": {\r\n          \"id\": \"/subscriptions/cca24ec8-99b5-4aa7-9ff6-486e886f304c/resourceGroups/sql-audit-cmdlet-test-rg2015/providers/Microsoft.Sql/servers/sql-audit-cmdlet-server2015/databases/sql-audit-cmdlet-db2015\",\r\n          \"resourceType\": \"Microsoft.Sql/servers/databases\",\r\n          \"resourceName\": \"sql-audit-cmdlet-server2015/sql-audit-cmdlet-db2015\"\r\n        }\r\n      }\r\n    },\r\n    {\r\n      \"id\": \"/subscriptions/cca24ec8-99b5-4aa7-9ff6-486e886f304c/resourceGroups/sql-audit-cmdlet-test-rg2015/deployments/sql-audit-test-env-setup-classic-storage/operations/66CACA6D9322D0CF\",\r\n      \"operationId\": \"66CACA6D9322D0CF\",\r\n      \"properties\": {\r\n        \"provisioningState\": \"Running\",\r\n        \"timestamp\": \"2015-12-06T12:10:37.1914656Z\",\r\n        \"duration\": \"PT10.0301121S\",\r\n        \"trackingId\": \"d8e1c4f9-5d5e-437f-bbbc-a561ea5b0334\",\r\n        \"statusCode\": \"Accepted\",\r\n        \"targetResource\": {\r\n          \"id\": \"/subscriptions/cca24ec8-99b5-4aa7-9ff6-486e886f304c/resourceGroups/sql-audit-cmdlet-test-rg2015/providers/Microsoft.ClassicStorage/storageAccounts/auditcmdlets2015\",\r\n          \"resourceType\": \"Microsoft.ClassicStorage/storageAccounts\",\r\n          \"resourceName\": \"auditcmdlets2015\"\r\n        }\r\n      }\r\n    },\r\n    {\r\n      \"id\": \"/subscriptions/cca24ec8-99b5-4aa7-9ff6-486e886f304c/resourceGroups/sql-audit-cmdlet-test-rg2015/deployments/sql-audit-test-env-setup-classic-storage/operations/7C3579A7ACA290C8\",\r\n      \"operationId\": \"7C3579A7ACA290C8\",\r\n      \"properties\": {\r\n        \"provisioningState\": \"Succeeded\",\r\n        \"timestamp\": \"2015-12-06T12:10:36.6162572Z\",\r\n        \"duration\": \"PT9.376788S\",\r\n        \"trackingId\": \"11eefaee-ce40-4f17-8fbc-22cc9c8ed552\",\r\n        \"statusCode\": \"Created\",\r\n        \"targetResource\": {\r\n          \"id\": \"/subscriptions/cca24ec8-99b5-4aa7-9ff6-486e886f304c/resourceGroups/sql-audit-cmdlet-test-rg2015/providers/Microsoft.Sql/servers/sql-audit-cmdlet-server2015\",\r\n          \"resourceType\": \"Microsoft.Sql/servers\",\r\n          \"resourceName\": \"sql-audit-cmdlet-server2015\"\r\n        }\r\n      }\r\n    }\r\n  ]\r\n}",
      "ResponseHeaders": {
        "Content-Length": [
          "2122"
        ],
        "Content-Type": [
          "application/json; charset=utf-8"
        ],
        "Expires": [
          "-1"
        ],
        "Pragma": [
          "no-cache"
        ],
        "x-ms-ratelimit-remaining-subscription-reads": [
          "14944"
        ],
        "x-ms-request-id": [
          "5d604be3-9502-45c6-bb55-1293feccb6ab"
        ],
        "x-ms-correlation-request-id": [
          "5d604be3-9502-45c6-bb55-1293feccb6ab"
        ],
        "x-ms-routing-request-id": [
          "WESTEUROPE:20151206T121059Z:5d604be3-9502-45c6-bb55-1293feccb6ab"
        ],
        "Strict-Transport-Security": [
          "max-age=31536000; includeSubDomains"
        ],
        "Cache-Control": [
          "no-cache"
        ],
        "Date": [
          "Sun, 06 Dec 2015 12:10:59 GMT"
        ]
      },
      "StatusCode": 200
    },
    {
      "RequestUri": "/subscriptions/cca24ec8-99b5-4aa7-9ff6-486e886f304c/resourcegroups/sql-audit-cmdlet-test-rg2015/deployments/sql-audit-test-env-setup-classic-storage/operations?api-version=2014-04-01-preview",
      "EncodedRequestUri": "L3N1YnNjcmlwdGlvbnMvY2NhMjRlYzgtOTliNS00YWE3LTlmZjYtNDg2ZTg4NmYzMDRjL3Jlc291cmNlZ3JvdXBzL3NxbC1hdWRpdC1jbWRsZXQtdGVzdC1yZzIwMTUvZGVwbG95bWVudHMvc3FsLWF1ZGl0LXRlc3QtZW52LXNldHVwLWNsYXNzaWMtc3RvcmFnZS9vcGVyYXRpb25zP2FwaS12ZXJzaW9uPTIwMTQtMDQtMDEtcHJldmlldw==",
      "RequestMethod": "GET",
      "RequestBody": "",
      "RequestHeaders": {
        "User-Agent": [
          "Microsoft.Azure.Management.Resources.ResourceManagementClient/2.0.0.0"
        ]
      },
      "ResponseBody": "{\r\n  \"value\": [\r\n    {\r\n      \"id\": \"/subscriptions/cca24ec8-99b5-4aa7-9ff6-486e886f304c/resourceGroups/sql-audit-cmdlet-test-rg2015/deployments/sql-audit-test-env-setup-classic-storage/operations/1BE22C79A62ECA5F\",\r\n      \"operationId\": \"1BE22C79A62ECA5F\",\r\n      \"properties\": {\r\n        \"provisioningState\": \"Succeeded\",\r\n        \"timestamp\": \"2015-12-06T12:10:44.2205308Z\",\r\n        \"duration\": \"PT6.9095466S\",\r\n        \"trackingId\": \"c91faa5f-3f47-474a-8495-57d74bd80c56\",\r\n        \"statusCode\": \"Created\",\r\n        \"targetResource\": {\r\n          \"id\": \"/subscriptions/cca24ec8-99b5-4aa7-9ff6-486e886f304c/resourceGroups/sql-audit-cmdlet-test-rg2015/providers/Microsoft.Sql/servers/sql-audit-cmdlet-server2015/databases/sql-audit-cmdlet-db2015\",\r\n          \"resourceType\": \"Microsoft.Sql/servers/databases\",\r\n          \"resourceName\": \"sql-audit-cmdlet-server2015/sql-audit-cmdlet-db2015\"\r\n        }\r\n      }\r\n    },\r\n    {\r\n      \"id\": \"/subscriptions/cca24ec8-99b5-4aa7-9ff6-486e886f304c/resourceGroups/sql-audit-cmdlet-test-rg2015/deployments/sql-audit-test-env-setup-classic-storage/operations/66CACA6D9322D0CF\",\r\n      \"operationId\": \"66CACA6D9322D0CF\",\r\n      \"properties\": {\r\n        \"provisioningState\": \"Running\",\r\n        \"timestamp\": \"2015-12-06T12:10:59.1019933Z\",\r\n        \"duration\": \"PT31.9406398S\",\r\n        \"trackingId\": \"8da28956-e676-4c4a-b70a-ef47a8fa443f\",\r\n        \"statusCode\": \"Accepted\",\r\n        \"targetResource\": {\r\n          \"id\": \"/subscriptions/cca24ec8-99b5-4aa7-9ff6-486e886f304c/resourceGroups/sql-audit-cmdlet-test-rg2015/providers/Microsoft.ClassicStorage/storageAccounts/auditcmdlets2015\",\r\n          \"resourceType\": \"Microsoft.ClassicStorage/storageAccounts\",\r\n          \"resourceName\": \"auditcmdlets2015\"\r\n        }\r\n      }\r\n    },\r\n    {\r\n      \"id\": \"/subscriptions/cca24ec8-99b5-4aa7-9ff6-486e886f304c/resourceGroups/sql-audit-cmdlet-test-rg2015/deployments/sql-audit-test-env-setup-classic-storage/operations/7C3579A7ACA290C8\",\r\n      \"operationId\": \"7C3579A7ACA290C8\",\r\n      \"properties\": {\r\n        \"provisioningState\": \"Succeeded\",\r\n        \"timestamp\": \"2015-12-06T12:10:36.6162572Z\",\r\n        \"duration\": \"PT9.376788S\",\r\n        \"trackingId\": \"11eefaee-ce40-4f17-8fbc-22cc9c8ed552\",\r\n        \"statusCode\": \"Created\",\r\n        \"targetResource\": {\r\n          \"id\": \"/subscriptions/cca24ec8-99b5-4aa7-9ff6-486e886f304c/resourceGroups/sql-audit-cmdlet-test-rg2015/providers/Microsoft.Sql/servers/sql-audit-cmdlet-server2015\",\r\n          \"resourceType\": \"Microsoft.Sql/servers\",\r\n          \"resourceName\": \"sql-audit-cmdlet-server2015\"\r\n        }\r\n      }\r\n    }\r\n  ]\r\n}",
      "ResponseHeaders": {
        "Content-Length": [
          "2122"
        ],
        "Content-Type": [
          "application/json; charset=utf-8"
        ],
        "Expires": [
          "-1"
        ],
        "Pragma": [
          "no-cache"
        ],
        "x-ms-ratelimit-remaining-subscription-reads": [
          "14942"
        ],
        "x-ms-request-id": [
          "84be94dd-d09e-4763-8265-cf028abca648"
        ],
        "x-ms-correlation-request-id": [
          "84be94dd-d09e-4763-8265-cf028abca648"
        ],
        "x-ms-routing-request-id": [
          "WESTEUROPE:20151206T121102Z:84be94dd-d09e-4763-8265-cf028abca648"
        ],
        "Strict-Transport-Security": [
          "max-age=31536000; includeSubDomains"
        ],
        "Cache-Control": [
          "no-cache"
        ],
        "Date": [
          "Sun, 06 Dec 2015 12:11:02 GMT"
        ]
      },
      "StatusCode": 200
    },
    {
      "RequestUri": "/subscriptions/cca24ec8-99b5-4aa7-9ff6-486e886f304c/resourcegroups/sql-audit-cmdlet-test-rg2015/deployments/sql-audit-test-env-setup-classic-storage/operations?api-version=2014-04-01-preview",
      "EncodedRequestUri": "L3N1YnNjcmlwdGlvbnMvY2NhMjRlYzgtOTliNS00YWE3LTlmZjYtNDg2ZTg4NmYzMDRjL3Jlc291cmNlZ3JvdXBzL3NxbC1hdWRpdC1jbWRsZXQtdGVzdC1yZzIwMTUvZGVwbG95bWVudHMvc3FsLWF1ZGl0LXRlc3QtZW52LXNldHVwLWNsYXNzaWMtc3RvcmFnZS9vcGVyYXRpb25zP2FwaS12ZXJzaW9uPTIwMTQtMDQtMDEtcHJldmlldw==",
      "RequestMethod": "GET",
      "RequestBody": "",
      "RequestHeaders": {
        "User-Agent": [
          "Microsoft.Azure.Management.Resources.ResourceManagementClient/2.0.0.0"
        ]
      },
      "ResponseBody": "{\r\n  \"value\": [\r\n    {\r\n      \"id\": \"/subscriptions/cca24ec8-99b5-4aa7-9ff6-486e886f304c/resourceGroups/sql-audit-cmdlet-test-rg2015/deployments/sql-audit-test-env-setup-classic-storage/operations/1BE22C79A62ECA5F\",\r\n      \"operationId\": \"1BE22C79A62ECA5F\",\r\n      \"properties\": {\r\n        \"provisioningState\": \"Succeeded\",\r\n        \"timestamp\": \"2015-12-06T12:10:44.2205308Z\",\r\n        \"duration\": \"PT6.9095466S\",\r\n        \"trackingId\": \"c91faa5f-3f47-474a-8495-57d74bd80c56\",\r\n        \"statusCode\": \"Created\",\r\n        \"targetResource\": {\r\n          \"id\": \"/subscriptions/cca24ec8-99b5-4aa7-9ff6-486e886f304c/resourceGroups/sql-audit-cmdlet-test-rg2015/providers/Microsoft.Sql/servers/sql-audit-cmdlet-server2015/databases/sql-audit-cmdlet-db2015\",\r\n          \"resourceType\": \"Microsoft.Sql/servers/databases\",\r\n          \"resourceName\": \"sql-audit-cmdlet-server2015/sql-audit-cmdlet-db2015\"\r\n        }\r\n      }\r\n    },\r\n    {\r\n      \"id\": \"/subscriptions/cca24ec8-99b5-4aa7-9ff6-486e886f304c/resourceGroups/sql-audit-cmdlet-test-rg2015/deployments/sql-audit-test-env-setup-classic-storage/operations/66CACA6D9322D0CF\",\r\n      \"operationId\": \"66CACA6D9322D0CF\",\r\n      \"properties\": {\r\n        \"provisioningState\": \"Running\",\r\n        \"timestamp\": \"2015-12-06T12:10:59.1019933Z\",\r\n        \"duration\": \"PT31.9406398S\",\r\n        \"trackingId\": \"8da28956-e676-4c4a-b70a-ef47a8fa443f\",\r\n        \"statusCode\": \"Accepted\",\r\n        \"targetResource\": {\r\n          \"id\": \"/subscriptions/cca24ec8-99b5-4aa7-9ff6-486e886f304c/resourceGroups/sql-audit-cmdlet-test-rg2015/providers/Microsoft.ClassicStorage/storageAccounts/auditcmdlets2015\",\r\n          \"resourceType\": \"Microsoft.ClassicStorage/storageAccounts\",\r\n          \"resourceName\": \"auditcmdlets2015\"\r\n        }\r\n      }\r\n    },\r\n    {\r\n      \"id\": \"/subscriptions/cca24ec8-99b5-4aa7-9ff6-486e886f304c/resourceGroups/sql-audit-cmdlet-test-rg2015/deployments/sql-audit-test-env-setup-classic-storage/operations/7C3579A7ACA290C8\",\r\n      \"operationId\": \"7C3579A7ACA290C8\",\r\n      \"properties\": {\r\n        \"provisioningState\": \"Succeeded\",\r\n        \"timestamp\": \"2015-12-06T12:10:36.6162572Z\",\r\n        \"duration\": \"PT9.376788S\",\r\n        \"trackingId\": \"11eefaee-ce40-4f17-8fbc-22cc9c8ed552\",\r\n        \"statusCode\": \"Created\",\r\n        \"targetResource\": {\r\n          \"id\": \"/subscriptions/cca24ec8-99b5-4aa7-9ff6-486e886f304c/resourceGroups/sql-audit-cmdlet-test-rg2015/providers/Microsoft.Sql/servers/sql-audit-cmdlet-server2015\",\r\n          \"resourceType\": \"Microsoft.Sql/servers\",\r\n          \"resourceName\": \"sql-audit-cmdlet-server2015\"\r\n        }\r\n      }\r\n    }\r\n  ]\r\n}",
      "ResponseHeaders": {
        "Content-Length": [
          "2122"
        ],
        "Content-Type": [
          "application/json; charset=utf-8"
        ],
        "Expires": [
          "-1"
        ],
        "Pragma": [
          "no-cache"
        ],
        "x-ms-ratelimit-remaining-subscription-reads": [
          "14940"
        ],
        "x-ms-request-id": [
          "7a9b2114-30e1-4db7-86e3-72c1c82a54cb"
        ],
        "x-ms-correlation-request-id": [
          "7a9b2114-30e1-4db7-86e3-72c1c82a54cb"
        ],
        "x-ms-routing-request-id": [
          "WESTEUROPE:20151206T121105Z:7a9b2114-30e1-4db7-86e3-72c1c82a54cb"
        ],
        "Strict-Transport-Security": [
          "max-age=31536000; includeSubDomains"
        ],
        "Cache-Control": [
          "no-cache"
        ],
        "Date": [
          "Sun, 06 Dec 2015 12:11:05 GMT"
        ]
      },
      "StatusCode": 200
    },
    {
      "RequestUri": "/subscriptions/cca24ec8-99b5-4aa7-9ff6-486e886f304c/resourcegroups/sql-audit-cmdlet-test-rg2015/deployments/sql-audit-test-env-setup-classic-storage/operations?api-version=2014-04-01-preview",
      "EncodedRequestUri": "L3N1YnNjcmlwdGlvbnMvY2NhMjRlYzgtOTliNS00YWE3LTlmZjYtNDg2ZTg4NmYzMDRjL3Jlc291cmNlZ3JvdXBzL3NxbC1hdWRpdC1jbWRsZXQtdGVzdC1yZzIwMTUvZGVwbG95bWVudHMvc3FsLWF1ZGl0LXRlc3QtZW52LXNldHVwLWNsYXNzaWMtc3RvcmFnZS9vcGVyYXRpb25zP2FwaS12ZXJzaW9uPTIwMTQtMDQtMDEtcHJldmlldw==",
      "RequestMethod": "GET",
      "RequestBody": "",
      "RequestHeaders": {
        "User-Agent": [
          "Microsoft.Azure.Management.Resources.ResourceManagementClient/2.0.0.0"
        ]
      },
      "ResponseBody": "{\r\n  \"value\": [\r\n    {\r\n      \"id\": \"/subscriptions/cca24ec8-99b5-4aa7-9ff6-486e886f304c/resourceGroups/sql-audit-cmdlet-test-rg2015/deployments/sql-audit-test-env-setup-classic-storage/operations/1BE22C79A62ECA5F\",\r\n      \"operationId\": \"1BE22C79A62ECA5F\",\r\n      \"properties\": {\r\n        \"provisioningState\": \"Succeeded\",\r\n        \"timestamp\": \"2015-12-06T12:10:44.2205308Z\",\r\n        \"duration\": \"PT6.9095466S\",\r\n        \"trackingId\": \"c91faa5f-3f47-474a-8495-57d74bd80c56\",\r\n        \"statusCode\": \"Created\",\r\n        \"targetResource\": {\r\n          \"id\": \"/subscriptions/cca24ec8-99b5-4aa7-9ff6-486e886f304c/resourceGroups/sql-audit-cmdlet-test-rg2015/providers/Microsoft.Sql/servers/sql-audit-cmdlet-server2015/databases/sql-audit-cmdlet-db2015\",\r\n          \"resourceType\": \"Microsoft.Sql/servers/databases\",\r\n          \"resourceName\": \"sql-audit-cmdlet-server2015/sql-audit-cmdlet-db2015\"\r\n        }\r\n      }\r\n    },\r\n    {\r\n      \"id\": \"/subscriptions/cca24ec8-99b5-4aa7-9ff6-486e886f304c/resourceGroups/sql-audit-cmdlet-test-rg2015/deployments/sql-audit-test-env-setup-classic-storage/operations/66CACA6D9322D0CF\",\r\n      \"operationId\": \"66CACA6D9322D0CF\",\r\n      \"properties\": {\r\n        \"provisioningState\": \"Running\",\r\n        \"timestamp\": \"2015-12-06T12:10:59.1019933Z\",\r\n        \"duration\": \"PT31.9406398S\",\r\n        \"trackingId\": \"8da28956-e676-4c4a-b70a-ef47a8fa443f\",\r\n        \"statusCode\": \"Accepted\",\r\n        \"targetResource\": {\r\n          \"id\": \"/subscriptions/cca24ec8-99b5-4aa7-9ff6-486e886f304c/resourceGroups/sql-audit-cmdlet-test-rg2015/providers/Microsoft.ClassicStorage/storageAccounts/auditcmdlets2015\",\r\n          \"resourceType\": \"Microsoft.ClassicStorage/storageAccounts\",\r\n          \"resourceName\": \"auditcmdlets2015\"\r\n        }\r\n      }\r\n    },\r\n    {\r\n      \"id\": \"/subscriptions/cca24ec8-99b5-4aa7-9ff6-486e886f304c/resourceGroups/sql-audit-cmdlet-test-rg2015/deployments/sql-audit-test-env-setup-classic-storage/operations/7C3579A7ACA290C8\",\r\n      \"operationId\": \"7C3579A7ACA290C8\",\r\n      \"properties\": {\r\n        \"provisioningState\": \"Succeeded\",\r\n        \"timestamp\": \"2015-12-06T12:10:36.6162572Z\",\r\n        \"duration\": \"PT9.376788S\",\r\n        \"trackingId\": \"11eefaee-ce40-4f17-8fbc-22cc9c8ed552\",\r\n        \"statusCode\": \"Created\",\r\n        \"targetResource\": {\r\n          \"id\": \"/subscriptions/cca24ec8-99b5-4aa7-9ff6-486e886f304c/resourceGroups/sql-audit-cmdlet-test-rg2015/providers/Microsoft.Sql/servers/sql-audit-cmdlet-server2015\",\r\n          \"resourceType\": \"Microsoft.Sql/servers\",\r\n          \"resourceName\": \"sql-audit-cmdlet-server2015\"\r\n        }\r\n      }\r\n    }\r\n  ]\r\n}",
      "ResponseHeaders": {
        "Content-Length": [
          "2122"
        ],
        "Content-Type": [
          "application/json; charset=utf-8"
        ],
        "Expires": [
          "-1"
        ],
        "Pragma": [
          "no-cache"
        ],
        "x-ms-ratelimit-remaining-subscription-reads": [
          "14938"
        ],
        "x-ms-request-id": [
          "7ecc0b33-ef3e-4386-971f-b6da4614a2da"
        ],
        "x-ms-correlation-request-id": [
          "7ecc0b33-ef3e-4386-971f-b6da4614a2da"
        ],
        "x-ms-routing-request-id": [
          "WESTEUROPE:20151206T121108Z:7ecc0b33-ef3e-4386-971f-b6da4614a2da"
        ],
        "Strict-Transport-Security": [
          "max-age=31536000; includeSubDomains"
        ],
        "Cache-Control": [
          "no-cache"
        ],
        "Date": [
          "Sun, 06 Dec 2015 12:11:08 GMT"
        ]
      },
      "StatusCode": 200
    },
    {
      "RequestUri": "/subscriptions/cca24ec8-99b5-4aa7-9ff6-486e886f304c/resourcegroups/sql-audit-cmdlet-test-rg2015/deployments/sql-audit-test-env-setup-classic-storage/operations?api-version=2014-04-01-preview",
      "EncodedRequestUri": "L3N1YnNjcmlwdGlvbnMvY2NhMjRlYzgtOTliNS00YWE3LTlmZjYtNDg2ZTg4NmYzMDRjL3Jlc291cmNlZ3JvdXBzL3NxbC1hdWRpdC1jbWRsZXQtdGVzdC1yZzIwMTUvZGVwbG95bWVudHMvc3FsLWF1ZGl0LXRlc3QtZW52LXNldHVwLWNsYXNzaWMtc3RvcmFnZS9vcGVyYXRpb25zP2FwaS12ZXJzaW9uPTIwMTQtMDQtMDEtcHJldmlldw==",
      "RequestMethod": "GET",
      "RequestBody": "",
      "RequestHeaders": {
        "User-Agent": [
          "Microsoft.Azure.Management.Resources.ResourceManagementClient/2.0.0.0"
        ]
      },
      "ResponseBody": "{\r\n  \"value\": [\r\n    {\r\n      \"id\": \"/subscriptions/cca24ec8-99b5-4aa7-9ff6-486e886f304c/resourceGroups/sql-audit-cmdlet-test-rg2015/deployments/sql-audit-test-env-setup-classic-storage/operations/1BE22C79A62ECA5F\",\r\n      \"operationId\": \"1BE22C79A62ECA5F\",\r\n      \"properties\": {\r\n        \"provisioningState\": \"Succeeded\",\r\n        \"timestamp\": \"2015-12-06T12:10:44.2205308Z\",\r\n        \"duration\": \"PT6.9095466S\",\r\n        \"trackingId\": \"c91faa5f-3f47-474a-8495-57d74bd80c56\",\r\n        \"statusCode\": \"Created\",\r\n        \"targetResource\": {\r\n          \"id\": \"/subscriptions/cca24ec8-99b5-4aa7-9ff6-486e886f304c/resourceGroups/sql-audit-cmdlet-test-rg2015/providers/Microsoft.Sql/servers/sql-audit-cmdlet-server2015/databases/sql-audit-cmdlet-db2015\",\r\n          \"resourceType\": \"Microsoft.Sql/servers/databases\",\r\n          \"resourceName\": \"sql-audit-cmdlet-server2015/sql-audit-cmdlet-db2015\"\r\n        }\r\n      }\r\n    },\r\n    {\r\n      \"id\": \"/subscriptions/cca24ec8-99b5-4aa7-9ff6-486e886f304c/resourceGroups/sql-audit-cmdlet-test-rg2015/deployments/sql-audit-test-env-setup-classic-storage/operations/66CACA6D9322D0CF\",\r\n      \"operationId\": \"66CACA6D9322D0CF\",\r\n      \"properties\": {\r\n        \"provisioningState\": \"Running\",\r\n        \"timestamp\": \"2015-12-06T12:10:59.1019933Z\",\r\n        \"duration\": \"PT31.9406398S\",\r\n        \"trackingId\": \"8da28956-e676-4c4a-b70a-ef47a8fa443f\",\r\n        \"statusCode\": \"Accepted\",\r\n        \"targetResource\": {\r\n          \"id\": \"/subscriptions/cca24ec8-99b5-4aa7-9ff6-486e886f304c/resourceGroups/sql-audit-cmdlet-test-rg2015/providers/Microsoft.ClassicStorage/storageAccounts/auditcmdlets2015\",\r\n          \"resourceType\": \"Microsoft.ClassicStorage/storageAccounts\",\r\n          \"resourceName\": \"auditcmdlets2015\"\r\n        }\r\n      }\r\n    },\r\n    {\r\n      \"id\": \"/subscriptions/cca24ec8-99b5-4aa7-9ff6-486e886f304c/resourceGroups/sql-audit-cmdlet-test-rg2015/deployments/sql-audit-test-env-setup-classic-storage/operations/7C3579A7ACA290C8\",\r\n      \"operationId\": \"7C3579A7ACA290C8\",\r\n      \"properties\": {\r\n        \"provisioningState\": \"Succeeded\",\r\n        \"timestamp\": \"2015-12-06T12:10:36.6162572Z\",\r\n        \"duration\": \"PT9.376788S\",\r\n        \"trackingId\": \"11eefaee-ce40-4f17-8fbc-22cc9c8ed552\",\r\n        \"statusCode\": \"Created\",\r\n        \"targetResource\": {\r\n          \"id\": \"/subscriptions/cca24ec8-99b5-4aa7-9ff6-486e886f304c/resourceGroups/sql-audit-cmdlet-test-rg2015/providers/Microsoft.Sql/servers/sql-audit-cmdlet-server2015\",\r\n          \"resourceType\": \"Microsoft.Sql/servers\",\r\n          \"resourceName\": \"sql-audit-cmdlet-server2015\"\r\n        }\r\n      }\r\n    }\r\n  ]\r\n}",
      "ResponseHeaders": {
        "Content-Length": [
          "2122"
        ],
        "Content-Type": [
          "application/json; charset=utf-8"
        ],
        "Expires": [
          "-1"
        ],
        "Pragma": [
          "no-cache"
        ],
        "x-ms-ratelimit-remaining-subscription-reads": [
          "14936"
        ],
        "x-ms-request-id": [
          "4eba2fcc-60ca-4b09-a313-6e2f10160209"
        ],
        "x-ms-correlation-request-id": [
          "4eba2fcc-60ca-4b09-a313-6e2f10160209"
        ],
        "x-ms-routing-request-id": [
          "WESTEUROPE:20151206T121111Z:4eba2fcc-60ca-4b09-a313-6e2f10160209"
        ],
        "Strict-Transport-Security": [
          "max-age=31536000; includeSubDomains"
        ],
        "Cache-Control": [
          "no-cache"
        ],
        "Date": [
          "Sun, 06 Dec 2015 12:11:11 GMT"
        ]
      },
      "StatusCode": 200
    },
    {
      "RequestUri": "/subscriptions/cca24ec8-99b5-4aa7-9ff6-486e886f304c/resourcegroups/sql-audit-cmdlet-test-rg2015/deployments/sql-audit-test-env-setup-classic-storage/operations?api-version=2014-04-01-preview",
      "EncodedRequestUri": "L3N1YnNjcmlwdGlvbnMvY2NhMjRlYzgtOTliNS00YWE3LTlmZjYtNDg2ZTg4NmYzMDRjL3Jlc291cmNlZ3JvdXBzL3NxbC1hdWRpdC1jbWRsZXQtdGVzdC1yZzIwMTUvZGVwbG95bWVudHMvc3FsLWF1ZGl0LXRlc3QtZW52LXNldHVwLWNsYXNzaWMtc3RvcmFnZS9vcGVyYXRpb25zP2FwaS12ZXJzaW9uPTIwMTQtMDQtMDEtcHJldmlldw==",
      "RequestMethod": "GET",
      "RequestBody": "",
      "RequestHeaders": {
        "User-Agent": [
          "Microsoft.Azure.Management.Resources.ResourceManagementClient/2.0.0.0"
        ]
      },
      "ResponseBody": "{\r\n  \"value\": [\r\n    {\r\n      \"id\": \"/subscriptions/cca24ec8-99b5-4aa7-9ff6-486e886f304c/resourceGroups/sql-audit-cmdlet-test-rg2015/deployments/sql-audit-test-env-setup-classic-storage/operations/1BE22C79A62ECA5F\",\r\n      \"operationId\": \"1BE22C79A62ECA5F\",\r\n      \"properties\": {\r\n        \"provisioningState\": \"Succeeded\",\r\n        \"timestamp\": \"2015-12-06T12:10:44.2205308Z\",\r\n        \"duration\": \"PT6.9095466S\",\r\n        \"trackingId\": \"c91faa5f-3f47-474a-8495-57d74bd80c56\",\r\n        \"statusCode\": \"Created\",\r\n        \"targetResource\": {\r\n          \"id\": \"/subscriptions/cca24ec8-99b5-4aa7-9ff6-486e886f304c/resourceGroups/sql-audit-cmdlet-test-rg2015/providers/Microsoft.Sql/servers/sql-audit-cmdlet-server2015/databases/sql-audit-cmdlet-db2015\",\r\n          \"resourceType\": \"Microsoft.Sql/servers/databases\",\r\n          \"resourceName\": \"sql-audit-cmdlet-server2015/sql-audit-cmdlet-db2015\"\r\n        }\r\n      }\r\n    },\r\n    {\r\n      \"id\": \"/subscriptions/cca24ec8-99b5-4aa7-9ff6-486e886f304c/resourceGroups/sql-audit-cmdlet-test-rg2015/deployments/sql-audit-test-env-setup-classic-storage/operations/66CACA6D9322D0CF\",\r\n      \"operationId\": \"66CACA6D9322D0CF\",\r\n      \"properties\": {\r\n        \"provisioningState\": \"Running\",\r\n        \"timestamp\": \"2015-12-06T12:10:59.1019933Z\",\r\n        \"duration\": \"PT31.9406398S\",\r\n        \"trackingId\": \"8da28956-e676-4c4a-b70a-ef47a8fa443f\",\r\n        \"statusCode\": \"Accepted\",\r\n        \"targetResource\": {\r\n          \"id\": \"/subscriptions/cca24ec8-99b5-4aa7-9ff6-486e886f304c/resourceGroups/sql-audit-cmdlet-test-rg2015/providers/Microsoft.ClassicStorage/storageAccounts/auditcmdlets2015\",\r\n          \"resourceType\": \"Microsoft.ClassicStorage/storageAccounts\",\r\n          \"resourceName\": \"auditcmdlets2015\"\r\n        }\r\n      }\r\n    },\r\n    {\r\n      \"id\": \"/subscriptions/cca24ec8-99b5-4aa7-9ff6-486e886f304c/resourceGroups/sql-audit-cmdlet-test-rg2015/deployments/sql-audit-test-env-setup-classic-storage/operations/7C3579A7ACA290C8\",\r\n      \"operationId\": \"7C3579A7ACA290C8\",\r\n      \"properties\": {\r\n        \"provisioningState\": \"Succeeded\",\r\n        \"timestamp\": \"2015-12-06T12:10:36.6162572Z\",\r\n        \"duration\": \"PT9.376788S\",\r\n        \"trackingId\": \"11eefaee-ce40-4f17-8fbc-22cc9c8ed552\",\r\n        \"statusCode\": \"Created\",\r\n        \"targetResource\": {\r\n          \"id\": \"/subscriptions/cca24ec8-99b5-4aa7-9ff6-486e886f304c/resourceGroups/sql-audit-cmdlet-test-rg2015/providers/Microsoft.Sql/servers/sql-audit-cmdlet-server2015\",\r\n          \"resourceType\": \"Microsoft.Sql/servers\",\r\n          \"resourceName\": \"sql-audit-cmdlet-server2015\"\r\n        }\r\n      }\r\n    }\r\n  ]\r\n}",
      "ResponseHeaders": {
        "Content-Length": [
          "2122"
        ],
        "Content-Type": [
          "application/json; charset=utf-8"
        ],
        "Expires": [
          "-1"
        ],
        "Pragma": [
          "no-cache"
        ],
        "x-ms-ratelimit-remaining-subscription-reads": [
          "14934"
        ],
        "x-ms-request-id": [
          "cb7c4398-47fe-424d-bd46-99d6d14925e6"
        ],
        "x-ms-correlation-request-id": [
          "cb7c4398-47fe-424d-bd46-99d6d14925e6"
        ],
        "x-ms-routing-request-id": [
          "WESTEUROPE:20151206T121115Z:cb7c4398-47fe-424d-bd46-99d6d14925e6"
        ],
        "Strict-Transport-Security": [
          "max-age=31536000; includeSubDomains"
        ],
        "Cache-Control": [
          "no-cache"
        ],
        "Date": [
          "Sun, 06 Dec 2015 12:11:14 GMT"
        ]
      },
      "StatusCode": 200
    },
    {
      "RequestUri": "/subscriptions/cca24ec8-99b5-4aa7-9ff6-486e886f304c/resourcegroups/sql-audit-cmdlet-test-rg2015/deployments/sql-audit-test-env-setup-classic-storage/operations?api-version=2014-04-01-preview",
      "EncodedRequestUri": "L3N1YnNjcmlwdGlvbnMvY2NhMjRlYzgtOTliNS00YWE3LTlmZjYtNDg2ZTg4NmYzMDRjL3Jlc291cmNlZ3JvdXBzL3NxbC1hdWRpdC1jbWRsZXQtdGVzdC1yZzIwMTUvZGVwbG95bWVudHMvc3FsLWF1ZGl0LXRlc3QtZW52LXNldHVwLWNsYXNzaWMtc3RvcmFnZS9vcGVyYXRpb25zP2FwaS12ZXJzaW9uPTIwMTQtMDQtMDEtcHJldmlldw==",
      "RequestMethod": "GET",
      "RequestBody": "",
      "RequestHeaders": {
        "User-Agent": [
          "Microsoft.Azure.Management.Resources.ResourceManagementClient/2.0.0.0"
        ]
      },
      "ResponseBody": "{\r\n  \"value\": [\r\n    {\r\n      \"id\": \"/subscriptions/cca24ec8-99b5-4aa7-9ff6-486e886f304c/resourceGroups/sql-audit-cmdlet-test-rg2015/deployments/sql-audit-test-env-setup-classic-storage/operations/1BE22C79A62ECA5F\",\r\n      \"operationId\": \"1BE22C79A62ECA5F\",\r\n      \"properties\": {\r\n        \"provisioningState\": \"Succeeded\",\r\n        \"timestamp\": \"2015-12-06T12:10:44.2205308Z\",\r\n        \"duration\": \"PT6.9095466S\",\r\n        \"trackingId\": \"c91faa5f-3f47-474a-8495-57d74bd80c56\",\r\n        \"statusCode\": \"Created\",\r\n        \"targetResource\": {\r\n          \"id\": \"/subscriptions/cca24ec8-99b5-4aa7-9ff6-486e886f304c/resourceGroups/sql-audit-cmdlet-test-rg2015/providers/Microsoft.Sql/servers/sql-audit-cmdlet-server2015/databases/sql-audit-cmdlet-db2015\",\r\n          \"resourceType\": \"Microsoft.Sql/servers/databases\",\r\n          \"resourceName\": \"sql-audit-cmdlet-server2015/sql-audit-cmdlet-db2015\"\r\n        }\r\n      }\r\n    },\r\n    {\r\n      \"id\": \"/subscriptions/cca24ec8-99b5-4aa7-9ff6-486e886f304c/resourceGroups/sql-audit-cmdlet-test-rg2015/deployments/sql-audit-test-env-setup-classic-storage/operations/66CACA6D9322D0CF\",\r\n      \"operationId\": \"66CACA6D9322D0CF\",\r\n      \"properties\": {\r\n        \"provisioningState\": \"Running\",\r\n        \"timestamp\": \"2015-12-06T12:10:59.1019933Z\",\r\n        \"duration\": \"PT31.9406398S\",\r\n        \"trackingId\": \"8da28956-e676-4c4a-b70a-ef47a8fa443f\",\r\n        \"statusCode\": \"Accepted\",\r\n        \"targetResource\": {\r\n          \"id\": \"/subscriptions/cca24ec8-99b5-4aa7-9ff6-486e886f304c/resourceGroups/sql-audit-cmdlet-test-rg2015/providers/Microsoft.ClassicStorage/storageAccounts/auditcmdlets2015\",\r\n          \"resourceType\": \"Microsoft.ClassicStorage/storageAccounts\",\r\n          \"resourceName\": \"auditcmdlets2015\"\r\n        }\r\n      }\r\n    },\r\n    {\r\n      \"id\": \"/subscriptions/cca24ec8-99b5-4aa7-9ff6-486e886f304c/resourceGroups/sql-audit-cmdlet-test-rg2015/deployments/sql-audit-test-env-setup-classic-storage/operations/7C3579A7ACA290C8\",\r\n      \"operationId\": \"7C3579A7ACA290C8\",\r\n      \"properties\": {\r\n        \"provisioningState\": \"Succeeded\",\r\n        \"timestamp\": \"2015-12-06T12:10:36.6162572Z\",\r\n        \"duration\": \"PT9.376788S\",\r\n        \"trackingId\": \"11eefaee-ce40-4f17-8fbc-22cc9c8ed552\",\r\n        \"statusCode\": \"Created\",\r\n        \"targetResource\": {\r\n          \"id\": \"/subscriptions/cca24ec8-99b5-4aa7-9ff6-486e886f304c/resourceGroups/sql-audit-cmdlet-test-rg2015/providers/Microsoft.Sql/servers/sql-audit-cmdlet-server2015\",\r\n          \"resourceType\": \"Microsoft.Sql/servers\",\r\n          \"resourceName\": \"sql-audit-cmdlet-server2015\"\r\n        }\r\n      }\r\n    }\r\n  ]\r\n}",
      "ResponseHeaders": {
        "Content-Length": [
          "2122"
        ],
        "Content-Type": [
          "application/json; charset=utf-8"
        ],
        "Expires": [
          "-1"
        ],
        "Pragma": [
          "no-cache"
        ],
        "x-ms-ratelimit-remaining-subscription-reads": [
          "14932"
        ],
        "x-ms-request-id": [
          "062201c5-81b8-4c57-b318-edd5bff9bddf"
        ],
        "x-ms-correlation-request-id": [
          "062201c5-81b8-4c57-b318-edd5bff9bddf"
        ],
        "x-ms-routing-request-id": [
          "WESTEUROPE:20151206T121118Z:062201c5-81b8-4c57-b318-edd5bff9bddf"
        ],
        "Strict-Transport-Security": [
          "max-age=31536000; includeSubDomains"
        ],
        "Cache-Control": [
          "no-cache"
        ],
        "Date": [
          "Sun, 06 Dec 2015 12:11:17 GMT"
        ]
      },
      "StatusCode": 200
    },
    {
      "RequestUri": "/subscriptions/cca24ec8-99b5-4aa7-9ff6-486e886f304c/resourcegroups/sql-audit-cmdlet-test-rg2015/deployments/sql-audit-test-env-setup-classic-storage/operations?api-version=2014-04-01-preview",
      "EncodedRequestUri": "L3N1YnNjcmlwdGlvbnMvY2NhMjRlYzgtOTliNS00YWE3LTlmZjYtNDg2ZTg4NmYzMDRjL3Jlc291cmNlZ3JvdXBzL3NxbC1hdWRpdC1jbWRsZXQtdGVzdC1yZzIwMTUvZGVwbG95bWVudHMvc3FsLWF1ZGl0LXRlc3QtZW52LXNldHVwLWNsYXNzaWMtc3RvcmFnZS9vcGVyYXRpb25zP2FwaS12ZXJzaW9uPTIwMTQtMDQtMDEtcHJldmlldw==",
      "RequestMethod": "GET",
      "RequestBody": "",
      "RequestHeaders": {
        "User-Agent": [
          "Microsoft.Azure.Management.Resources.ResourceManagementClient/2.0.0.0"
        ]
      },
      "ResponseBody": "{\r\n  \"value\": [\r\n    {\r\n      \"id\": \"/subscriptions/cca24ec8-99b5-4aa7-9ff6-486e886f304c/resourceGroups/sql-audit-cmdlet-test-rg2015/deployments/sql-audit-test-env-setup-classic-storage/operations/1BE22C79A62ECA5F\",\r\n      \"operationId\": \"1BE22C79A62ECA5F\",\r\n      \"properties\": {\r\n        \"provisioningState\": \"Succeeded\",\r\n        \"timestamp\": \"2015-12-06T12:10:44.2205308Z\",\r\n        \"duration\": \"PT6.9095466S\",\r\n        \"trackingId\": \"c91faa5f-3f47-474a-8495-57d74bd80c56\",\r\n        \"statusCode\": \"Created\",\r\n        \"targetResource\": {\r\n          \"id\": \"/subscriptions/cca24ec8-99b5-4aa7-9ff6-486e886f304c/resourceGroups/sql-audit-cmdlet-test-rg2015/providers/Microsoft.Sql/servers/sql-audit-cmdlet-server2015/databases/sql-audit-cmdlet-db2015\",\r\n          \"resourceType\": \"Microsoft.Sql/servers/databases\",\r\n          \"resourceName\": \"sql-audit-cmdlet-server2015/sql-audit-cmdlet-db2015\"\r\n        }\r\n      }\r\n    },\r\n    {\r\n      \"id\": \"/subscriptions/cca24ec8-99b5-4aa7-9ff6-486e886f304c/resourceGroups/sql-audit-cmdlet-test-rg2015/deployments/sql-audit-test-env-setup-classic-storage/operations/66CACA6D9322D0CF\",\r\n      \"operationId\": \"66CACA6D9322D0CF\",\r\n      \"properties\": {\r\n        \"provisioningState\": \"Succeeded\",\r\n        \"timestamp\": \"2015-12-06T12:11:18.3505925Z\",\r\n        \"duration\": \"PT51.189239S\",\r\n        \"trackingId\": \"012ba53f-c328-455c-92ff-538b351a8cbf\",\r\n        \"statusCode\": \"OK\",\r\n        \"targetResource\": {\r\n          \"id\": \"/subscriptions/cca24ec8-99b5-4aa7-9ff6-486e886f304c/resourceGroups/sql-audit-cmdlet-test-rg2015/providers/Microsoft.ClassicStorage/storageAccounts/auditcmdlets2015\",\r\n          \"resourceType\": \"Microsoft.ClassicStorage/storageAccounts\",\r\n          \"resourceName\": \"auditcmdlets2015\"\r\n        }\r\n      }\r\n    },\r\n    {\r\n      \"id\": \"/subscriptions/cca24ec8-99b5-4aa7-9ff6-486e886f304c/resourceGroups/sql-audit-cmdlet-test-rg2015/deployments/sql-audit-test-env-setup-classic-storage/operations/7C3579A7ACA290C8\",\r\n      \"operationId\": \"7C3579A7ACA290C8\",\r\n      \"properties\": {\r\n        \"provisioningState\": \"Succeeded\",\r\n        \"timestamp\": \"2015-12-06T12:10:36.6162572Z\",\r\n        \"duration\": \"PT9.376788S\",\r\n        \"trackingId\": \"11eefaee-ce40-4f17-8fbc-22cc9c8ed552\",\r\n        \"statusCode\": \"Created\",\r\n        \"targetResource\": {\r\n          \"id\": \"/subscriptions/cca24ec8-99b5-4aa7-9ff6-486e886f304c/resourceGroups/sql-audit-cmdlet-test-rg2015/providers/Microsoft.Sql/servers/sql-audit-cmdlet-server2015\",\r\n          \"resourceType\": \"Microsoft.Sql/servers\",\r\n          \"resourceName\": \"sql-audit-cmdlet-server2015\"\r\n        }\r\n      }\r\n    }\r\n  ]\r\n}",
      "ResponseHeaders": {
        "Content-Length": [
          "2117"
        ],
        "Content-Type": [
          "application/json; charset=utf-8"
        ],
        "Expires": [
          "-1"
        ],
        "Pragma": [
          "no-cache"
        ],
        "x-ms-ratelimit-remaining-subscription-reads": [
          "14930"
        ],
        "x-ms-request-id": [
          "329386c4-f598-49e3-8afe-8486b0cecc4e"
        ],
        "x-ms-correlation-request-id": [
          "329386c4-f598-49e3-8afe-8486b0cecc4e"
        ],
        "x-ms-routing-request-id": [
          "WESTEUROPE:20151206T121121Z:329386c4-f598-49e3-8afe-8486b0cecc4e"
        ],
        "Strict-Transport-Security": [
          "max-age=31536000; includeSubDomains"
        ],
        "Cache-Control": [
          "no-cache"
        ],
        "Date": [
          "Sun, 06 Dec 2015 12:11:20 GMT"
        ]
      },
      "StatusCode": 200
    },
    {
      "RequestUri": "/subscriptions/cca24ec8-99b5-4aa7-9ff6-486e886f304c/resourcegroups/sql-audit-cmdlet-test-rg2015/deployments/sql-audit-test-env-setup-classic-storage?api-version=2014-04-01-preview",
      "EncodedRequestUri": "L3N1YnNjcmlwdGlvbnMvY2NhMjRlYzgtOTliNS00YWE3LTlmZjYtNDg2ZTg4NmYzMDRjL3Jlc291cmNlZ3JvdXBzL3NxbC1hdWRpdC1jbWRsZXQtdGVzdC1yZzIwMTUvZGVwbG95bWVudHMvc3FsLWF1ZGl0LXRlc3QtZW52LXNldHVwLWNsYXNzaWMtc3RvcmFnZT9hcGktdmVyc2lvbj0yMDE0LTA0LTAxLXByZXZpZXc=",
      "RequestMethod": "GET",
      "RequestBody": "",
      "RequestHeaders": {
        "User-Agent": [
          "Microsoft.Azure.Management.Resources.ResourceManagementClient/2.0.0.0"
        ]
      },
      "ResponseBody": "{\r\n  \"id\": \"/subscriptions/cca24ec8-99b5-4aa7-9ff6-486e886f304c/resourceGroups/sql-audit-cmdlet-test-rg2015/deployments/sql-audit-test-env-setup-classic-storage\",\r\n  \"name\": \"sql-audit-test-env-setup-classic-storage\",\r\n  \"properties\": {\r\n    \"parameters\": {\r\n      \"administratorLogin\": {\r\n        \"type\": \"String\",\r\n        \"value\": \"testlogin\"\r\n      },\r\n      \"administratorLoginPassword\": {\r\n        \"type\": \"SecureString\"\r\n      },\r\n      \"collation\": {\r\n        \"type\": \"String\",\r\n        \"value\": \"SQL_Latin1_General_CP1_CI_AS\"\r\n      },\r\n      \"databaseName\": {\r\n        \"type\": \"String\",\r\n        \"value\": \"sql-audit-cmdlet-db2015\"\r\n      },\r\n      \"edition\": {\r\n        \"type\": \"String\",\r\n        \"value\": \"Basic\"\r\n      },\r\n      \"configuredServiceLevelObjectiveId\": {\r\n        \"type\": \"String\",\r\n        \"value\": \"910b4fcb-8a29-4c3e-958f-f7ba794388b2\"\r\n      },\r\n      \"serverName\": {\r\n        \"type\": \"String\",\r\n        \"value\": \"sql-audit-cmdlet-server2015\"\r\n      },\r\n      \"storageName\": {\r\n        \"type\": \"String\",\r\n        \"value\": \"auditcmdlets2015\"\r\n      }\r\n    },\r\n    \"mode\": \"Incremental\",\r\n    \"provisioningState\": \"Running\",\r\n    \"timestamp\": \"2015-12-06T12:10:26.9580167Z\",\r\n    \"duration\": \"PT2.0065654S\",\r\n    \"correlationId\": \"af0c9808-a0d2-456a-b1fd-944947e06a92\",\r\n    \"providers\": [\r\n      {\r\n        \"namespace\": \"Microsoft.Sql\",\r\n        \"resourceTypes\": [\r\n          {\r\n            \"resourceType\": \"servers\",\r\n            \"locations\": [\r\n              \"westus\"\r\n            ]\r\n          },\r\n          {\r\n            \"resourceType\": \"servers/databases\",\r\n            \"locations\": [\r\n              \"westus\"\r\n            ]\r\n          }\r\n        ]\r\n      },\r\n      {\r\n        \"namespace\": \"Microsoft.ClassicStorage\",\r\n        \"resourceTypes\": [\r\n          {\r\n            \"resourceType\": \"storageAccounts\",\r\n            \"locations\": [\r\n              \"westus\"\r\n            ]\r\n          }\r\n        ]\r\n      }\r\n    ],\r\n    \"dependencies\": [\r\n      {\r\n        \"dependsOn\": [\r\n          {\r\n            \"id\": \"/subscriptions/cca24ec8-99b5-4aa7-9ff6-486e886f304c/resourceGroups/sql-audit-cmdlet-test-rg2015/providers/Microsoft.Sql/servers/sql-audit-cmdlet-server2015\",\r\n            \"resourceType\": \"Microsoft.Sql/servers\",\r\n            \"resourceName\": \"sql-audit-cmdlet-server2015\"\r\n          }\r\n        ],\r\n        \"id\": \"/subscriptions/cca24ec8-99b5-4aa7-9ff6-486e886f304c/resourceGroups/sql-audit-cmdlet-test-rg2015/providers/Microsoft.Sql/servers/sql-audit-cmdlet-server2015/databases/sql-audit-cmdlet-db2015\",\r\n        \"resourceType\": \"Microsoft.Sql/servers/databases\",\r\n        \"resourceName\": \"sql-audit-cmdlet-server2015/sql-audit-cmdlet-db2015\"\r\n      }\r\n    ]\r\n  }\r\n}",
      "ResponseHeaders": {
        "Content-Length": [
          "1819"
        ],
        "Content-Type": [
          "application/json; charset=utf-8"
        ],
        "Expires": [
          "-1"
        ],
        "Pragma": [
          "no-cache"
        ],
        "x-ms-ratelimit-remaining-subscription-reads": [
          "14963"
        ],
        "x-ms-request-id": [
          "c086a93d-e8a6-4d06-b02f-bf2f7903cd84"
        ],
        "x-ms-correlation-request-id": [
          "c086a93d-e8a6-4d06-b02f-bf2f7903cd84"
        ],
        "x-ms-routing-request-id": [
          "WESTEUROPE:20151206T121028Z:c086a93d-e8a6-4d06-b02f-bf2f7903cd84"
        ],
        "Strict-Transport-Security": [
          "max-age=31536000; includeSubDomains"
        ],
        "Cache-Control": [
          "no-cache"
        ],
        "Date": [
          "Sun, 06 Dec 2015 12:10:28 GMT"
        ]
      },
      "StatusCode": 200
    },
    {
      "RequestUri": "/subscriptions/cca24ec8-99b5-4aa7-9ff6-486e886f304c/resourcegroups/sql-audit-cmdlet-test-rg2015/deployments/sql-audit-test-env-setup-classic-storage?api-version=2014-04-01-preview",
      "EncodedRequestUri": "L3N1YnNjcmlwdGlvbnMvY2NhMjRlYzgtOTliNS00YWE3LTlmZjYtNDg2ZTg4NmYzMDRjL3Jlc291cmNlZ3JvdXBzL3NxbC1hdWRpdC1jbWRsZXQtdGVzdC1yZzIwMTUvZGVwbG95bWVudHMvc3FsLWF1ZGl0LXRlc3QtZW52LXNldHVwLWNsYXNzaWMtc3RvcmFnZT9hcGktdmVyc2lvbj0yMDE0LTA0LTAxLXByZXZpZXc=",
      "RequestMethod": "GET",
      "RequestBody": "",
      "RequestHeaders": {
        "User-Agent": [
          "Microsoft.Azure.Management.Resources.ResourceManagementClient/2.0.0.0"
        ]
      },
      "ResponseBody": "{\r\n  \"id\": \"/subscriptions/cca24ec8-99b5-4aa7-9ff6-486e886f304c/resourceGroups/sql-audit-cmdlet-test-rg2015/deployments/sql-audit-test-env-setup-classic-storage\",\r\n  \"name\": \"sql-audit-test-env-setup-classic-storage\",\r\n  \"properties\": {\r\n    \"parameters\": {\r\n      \"administratorLogin\": {\r\n        \"type\": \"String\",\r\n        \"value\": \"testlogin\"\r\n      },\r\n      \"administratorLoginPassword\": {\r\n        \"type\": \"SecureString\"\r\n      },\r\n      \"collation\": {\r\n        \"type\": \"String\",\r\n        \"value\": \"SQL_Latin1_General_CP1_CI_AS\"\r\n      },\r\n      \"databaseName\": {\r\n        \"type\": \"String\",\r\n        \"value\": \"sql-audit-cmdlet-db2015\"\r\n      },\r\n      \"edition\": {\r\n        \"type\": \"String\",\r\n        \"value\": \"Basic\"\r\n      },\r\n      \"configuredServiceLevelObjectiveId\": {\r\n        \"type\": \"String\",\r\n        \"value\": \"910b4fcb-8a29-4c3e-958f-f7ba794388b2\"\r\n      },\r\n      \"serverName\": {\r\n        \"type\": \"String\",\r\n        \"value\": \"sql-audit-cmdlet-server2015\"\r\n      },\r\n      \"storageName\": {\r\n        \"type\": \"String\",\r\n        \"value\": \"auditcmdlets2015\"\r\n      }\r\n    },\r\n    \"mode\": \"Incremental\",\r\n    \"provisioningState\": \"Running\",\r\n    \"timestamp\": \"2015-12-06T12:10:26.9580167Z\",\r\n    \"duration\": \"PT2.0065654S\",\r\n    \"correlationId\": \"af0c9808-a0d2-456a-b1fd-944947e06a92\",\r\n    \"providers\": [\r\n      {\r\n        \"namespace\": \"Microsoft.Sql\",\r\n        \"resourceTypes\": [\r\n          {\r\n            \"resourceType\": \"servers\",\r\n            \"locations\": [\r\n              \"westus\"\r\n            ]\r\n          },\r\n          {\r\n            \"resourceType\": \"servers/databases\",\r\n            \"locations\": [\r\n              \"westus\"\r\n            ]\r\n          }\r\n        ]\r\n      },\r\n      {\r\n        \"namespace\": \"Microsoft.ClassicStorage\",\r\n        \"resourceTypes\": [\r\n          {\r\n            \"resourceType\": \"storageAccounts\",\r\n            \"locations\": [\r\n              \"westus\"\r\n            ]\r\n          }\r\n        ]\r\n      }\r\n    ],\r\n    \"dependencies\": [\r\n      {\r\n        \"dependsOn\": [\r\n          {\r\n            \"id\": \"/subscriptions/cca24ec8-99b5-4aa7-9ff6-486e886f304c/resourceGroups/sql-audit-cmdlet-test-rg2015/providers/Microsoft.Sql/servers/sql-audit-cmdlet-server2015\",\r\n            \"resourceType\": \"Microsoft.Sql/servers\",\r\n            \"resourceName\": \"sql-audit-cmdlet-server2015\"\r\n          }\r\n        ],\r\n        \"id\": \"/subscriptions/cca24ec8-99b5-4aa7-9ff6-486e886f304c/resourceGroups/sql-audit-cmdlet-test-rg2015/providers/Microsoft.Sql/servers/sql-audit-cmdlet-server2015/databases/sql-audit-cmdlet-db2015\",\r\n        \"resourceType\": \"Microsoft.Sql/servers/databases\",\r\n        \"resourceName\": \"sql-audit-cmdlet-server2015/sql-audit-cmdlet-db2015\"\r\n      }\r\n    ]\r\n  }\r\n}",
      "ResponseHeaders": {
        "Content-Length": [
          "1819"
        ],
        "Content-Type": [
          "application/json; charset=utf-8"
        ],
        "Expires": [
          "-1"
        ],
        "Pragma": [
          "no-cache"
        ],
        "x-ms-ratelimit-remaining-subscription-reads": [
          "14961"
        ],
        "x-ms-request-id": [
          "1f70c0ea-257b-438b-a929-0c319b6d1d1f"
        ],
        "x-ms-correlation-request-id": [
          "1f70c0ea-257b-438b-a929-0c319b6d1d1f"
        ],
        "x-ms-routing-request-id": [
          "WESTEUROPE:20151206T121031Z:1f70c0ea-257b-438b-a929-0c319b6d1d1f"
        ],
        "Strict-Transport-Security": [
          "max-age=31536000; includeSubDomains"
        ],
        "Cache-Control": [
          "no-cache"
        ],
        "Date": [
          "Sun, 06 Dec 2015 12:10:31 GMT"
        ]
      },
      "StatusCode": 200
    },
    {
      "RequestUri": "/subscriptions/cca24ec8-99b5-4aa7-9ff6-486e886f304c/resourcegroups/sql-audit-cmdlet-test-rg2015/deployments/sql-audit-test-env-setup-classic-storage?api-version=2014-04-01-preview",
      "EncodedRequestUri": "L3N1YnNjcmlwdGlvbnMvY2NhMjRlYzgtOTliNS00YWE3LTlmZjYtNDg2ZTg4NmYzMDRjL3Jlc291cmNlZ3JvdXBzL3NxbC1hdWRpdC1jbWRsZXQtdGVzdC1yZzIwMTUvZGVwbG95bWVudHMvc3FsLWF1ZGl0LXRlc3QtZW52LXNldHVwLWNsYXNzaWMtc3RvcmFnZT9hcGktdmVyc2lvbj0yMDE0LTA0LTAxLXByZXZpZXc=",
      "RequestMethod": "GET",
      "RequestBody": "",
      "RequestHeaders": {
        "User-Agent": [
          "Microsoft.Azure.Management.Resources.ResourceManagementClient/2.0.0.0"
        ]
      },
      "ResponseBody": "{\r\n  \"id\": \"/subscriptions/cca24ec8-99b5-4aa7-9ff6-486e886f304c/resourceGroups/sql-audit-cmdlet-test-rg2015/deployments/sql-audit-test-env-setup-classic-storage\",\r\n  \"name\": \"sql-audit-test-env-setup-classic-storage\",\r\n  \"properties\": {\r\n    \"parameters\": {\r\n      \"administratorLogin\": {\r\n        \"type\": \"String\",\r\n        \"value\": \"testlogin\"\r\n      },\r\n      \"administratorLoginPassword\": {\r\n        \"type\": \"SecureString\"\r\n      },\r\n      \"collation\": {\r\n        \"type\": \"String\",\r\n        \"value\": \"SQL_Latin1_General_CP1_CI_AS\"\r\n      },\r\n      \"databaseName\": {\r\n        \"type\": \"String\",\r\n        \"value\": \"sql-audit-cmdlet-db2015\"\r\n      },\r\n      \"edition\": {\r\n        \"type\": \"String\",\r\n        \"value\": \"Basic\"\r\n      },\r\n      \"configuredServiceLevelObjectiveId\": {\r\n        \"type\": \"String\",\r\n        \"value\": \"910b4fcb-8a29-4c3e-958f-f7ba794388b2\"\r\n      },\r\n      \"serverName\": {\r\n        \"type\": \"String\",\r\n        \"value\": \"sql-audit-cmdlet-server2015\"\r\n      },\r\n      \"storageName\": {\r\n        \"type\": \"String\",\r\n        \"value\": \"auditcmdlets2015\"\r\n      }\r\n    },\r\n    \"mode\": \"Incremental\",\r\n    \"provisioningState\": \"Running\",\r\n    \"timestamp\": \"2015-12-06T12:10:26.9580167Z\",\r\n    \"duration\": \"PT2.0065654S\",\r\n    \"correlationId\": \"af0c9808-a0d2-456a-b1fd-944947e06a92\",\r\n    \"providers\": [\r\n      {\r\n        \"namespace\": \"Microsoft.Sql\",\r\n        \"resourceTypes\": [\r\n          {\r\n            \"resourceType\": \"servers\",\r\n            \"locations\": [\r\n              \"westus\"\r\n            ]\r\n          },\r\n          {\r\n            \"resourceType\": \"servers/databases\",\r\n            \"locations\": [\r\n              \"westus\"\r\n            ]\r\n          }\r\n        ]\r\n      },\r\n      {\r\n        \"namespace\": \"Microsoft.ClassicStorage\",\r\n        \"resourceTypes\": [\r\n          {\r\n            \"resourceType\": \"storageAccounts\",\r\n            \"locations\": [\r\n              \"westus\"\r\n            ]\r\n          }\r\n        ]\r\n      }\r\n    ],\r\n    \"dependencies\": [\r\n      {\r\n        \"dependsOn\": [\r\n          {\r\n            \"id\": \"/subscriptions/cca24ec8-99b5-4aa7-9ff6-486e886f304c/resourceGroups/sql-audit-cmdlet-test-rg2015/providers/Microsoft.Sql/servers/sql-audit-cmdlet-server2015\",\r\n            \"resourceType\": \"Microsoft.Sql/servers\",\r\n            \"resourceName\": \"sql-audit-cmdlet-server2015\"\r\n          }\r\n        ],\r\n        \"id\": \"/subscriptions/cca24ec8-99b5-4aa7-9ff6-486e886f304c/resourceGroups/sql-audit-cmdlet-test-rg2015/providers/Microsoft.Sql/servers/sql-audit-cmdlet-server2015/databases/sql-audit-cmdlet-db2015\",\r\n        \"resourceType\": \"Microsoft.Sql/servers/databases\",\r\n        \"resourceName\": \"sql-audit-cmdlet-server2015/sql-audit-cmdlet-db2015\"\r\n      }\r\n    ]\r\n  }\r\n}",
      "ResponseHeaders": {
        "Content-Length": [
          "1819"
        ],
        "Content-Type": [
          "application/json; charset=utf-8"
        ],
        "Expires": [
          "-1"
        ],
        "Pragma": [
          "no-cache"
        ],
        "x-ms-ratelimit-remaining-subscription-reads": [
          "14959"
        ],
        "x-ms-request-id": [
          "85e8da97-1c18-4936-9cbc-539516a67888"
        ],
        "x-ms-correlation-request-id": [
          "85e8da97-1c18-4936-9cbc-539516a67888"
        ],
        "x-ms-routing-request-id": [
          "WESTEUROPE:20151206T121034Z:85e8da97-1c18-4936-9cbc-539516a67888"
        ],
        "Strict-Transport-Security": [
          "max-age=31536000; includeSubDomains"
        ],
        "Cache-Control": [
          "no-cache"
        ],
        "Date": [
          "Sun, 06 Dec 2015 12:10:34 GMT"
        ]
      },
      "StatusCode": 200
    },
    {
      "RequestUri": "/subscriptions/cca24ec8-99b5-4aa7-9ff6-486e886f304c/resourcegroups/sql-audit-cmdlet-test-rg2015/deployments/sql-audit-test-env-setup-classic-storage?api-version=2014-04-01-preview",
      "EncodedRequestUri": "L3N1YnNjcmlwdGlvbnMvY2NhMjRlYzgtOTliNS00YWE3LTlmZjYtNDg2ZTg4NmYzMDRjL3Jlc291cmNlZ3JvdXBzL3NxbC1hdWRpdC1jbWRsZXQtdGVzdC1yZzIwMTUvZGVwbG95bWVudHMvc3FsLWF1ZGl0LXRlc3QtZW52LXNldHVwLWNsYXNzaWMtc3RvcmFnZT9hcGktdmVyc2lvbj0yMDE0LTA0LTAxLXByZXZpZXc=",
      "RequestMethod": "GET",
      "RequestBody": "",
      "RequestHeaders": {
        "User-Agent": [
          "Microsoft.Azure.Management.Resources.ResourceManagementClient/2.0.0.0"
        ]
      },
      "ResponseBody": "{\r\n  \"id\": \"/subscriptions/cca24ec8-99b5-4aa7-9ff6-486e886f304c/resourceGroups/sql-audit-cmdlet-test-rg2015/deployments/sql-audit-test-env-setup-classic-storage\",\r\n  \"name\": \"sql-audit-test-env-setup-classic-storage\",\r\n  \"properties\": {\r\n    \"parameters\": {\r\n      \"administratorLogin\": {\r\n        \"type\": \"String\",\r\n        \"value\": \"testlogin\"\r\n      },\r\n      \"administratorLoginPassword\": {\r\n        \"type\": \"SecureString\"\r\n      },\r\n      \"collation\": {\r\n        \"type\": \"String\",\r\n        \"value\": \"SQL_Latin1_General_CP1_CI_AS\"\r\n      },\r\n      \"databaseName\": {\r\n        \"type\": \"String\",\r\n        \"value\": \"sql-audit-cmdlet-db2015\"\r\n      },\r\n      \"edition\": {\r\n        \"type\": \"String\",\r\n        \"value\": \"Basic\"\r\n      },\r\n      \"configuredServiceLevelObjectiveId\": {\r\n        \"type\": \"String\",\r\n        \"value\": \"910b4fcb-8a29-4c3e-958f-f7ba794388b2\"\r\n      },\r\n      \"serverName\": {\r\n        \"type\": \"String\",\r\n        \"value\": \"sql-audit-cmdlet-server2015\"\r\n      },\r\n      \"storageName\": {\r\n        \"type\": \"String\",\r\n        \"value\": \"auditcmdlets2015\"\r\n      }\r\n    },\r\n    \"mode\": \"Incremental\",\r\n    \"provisioningState\": \"Running\",\r\n    \"timestamp\": \"2015-12-06T12:10:26.9580167Z\",\r\n    \"duration\": \"PT2.0065654S\",\r\n    \"correlationId\": \"af0c9808-a0d2-456a-b1fd-944947e06a92\",\r\n    \"providers\": [\r\n      {\r\n        \"namespace\": \"Microsoft.Sql\",\r\n        \"resourceTypes\": [\r\n          {\r\n            \"resourceType\": \"servers\",\r\n            \"locations\": [\r\n              \"westus\"\r\n            ]\r\n          },\r\n          {\r\n            \"resourceType\": \"servers/databases\",\r\n            \"locations\": [\r\n              \"westus\"\r\n            ]\r\n          }\r\n        ]\r\n      },\r\n      {\r\n        \"namespace\": \"Microsoft.ClassicStorage\",\r\n        \"resourceTypes\": [\r\n          {\r\n            \"resourceType\": \"storageAccounts\",\r\n            \"locations\": [\r\n              \"westus\"\r\n            ]\r\n          }\r\n        ]\r\n      }\r\n    ],\r\n    \"dependencies\": [\r\n      {\r\n        \"dependsOn\": [\r\n          {\r\n            \"id\": \"/subscriptions/cca24ec8-99b5-4aa7-9ff6-486e886f304c/resourceGroups/sql-audit-cmdlet-test-rg2015/providers/Microsoft.Sql/servers/sql-audit-cmdlet-server2015\",\r\n            \"resourceType\": \"Microsoft.Sql/servers\",\r\n            \"resourceName\": \"sql-audit-cmdlet-server2015\"\r\n          }\r\n        ],\r\n        \"id\": \"/subscriptions/cca24ec8-99b5-4aa7-9ff6-486e886f304c/resourceGroups/sql-audit-cmdlet-test-rg2015/providers/Microsoft.Sql/servers/sql-audit-cmdlet-server2015/databases/sql-audit-cmdlet-db2015\",\r\n        \"resourceType\": \"Microsoft.Sql/servers/databases\",\r\n        \"resourceName\": \"sql-audit-cmdlet-server2015/sql-audit-cmdlet-db2015\"\r\n      }\r\n    ]\r\n  }\r\n}",
      "ResponseHeaders": {
        "Content-Length": [
          "1819"
        ],
        "Content-Type": [
          "application/json; charset=utf-8"
        ],
        "Expires": [
          "-1"
        ],
        "Pragma": [
          "no-cache"
        ],
        "x-ms-ratelimit-remaining-subscription-reads": [
          "14957"
        ],
        "x-ms-request-id": [
          "6065e0a0-044a-4f62-b851-4e47596f6979"
        ],
        "x-ms-correlation-request-id": [
          "6065e0a0-044a-4f62-b851-4e47596f6979"
        ],
        "x-ms-routing-request-id": [
          "WESTEUROPE:20151206T121037Z:6065e0a0-044a-4f62-b851-4e47596f6979"
        ],
        "Strict-Transport-Security": [
          "max-age=31536000; includeSubDomains"
        ],
        "Cache-Control": [
          "no-cache"
        ],
        "Date": [
          "Sun, 06 Dec 2015 12:10:37 GMT"
        ]
      },
      "StatusCode": 200
    },
    {
      "RequestUri": "/subscriptions/cca24ec8-99b5-4aa7-9ff6-486e886f304c/resourcegroups/sql-audit-cmdlet-test-rg2015/deployments/sql-audit-test-env-setup-classic-storage?api-version=2014-04-01-preview",
      "EncodedRequestUri": "L3N1YnNjcmlwdGlvbnMvY2NhMjRlYzgtOTliNS00YWE3LTlmZjYtNDg2ZTg4NmYzMDRjL3Jlc291cmNlZ3JvdXBzL3NxbC1hdWRpdC1jbWRsZXQtdGVzdC1yZzIwMTUvZGVwbG95bWVudHMvc3FsLWF1ZGl0LXRlc3QtZW52LXNldHVwLWNsYXNzaWMtc3RvcmFnZT9hcGktdmVyc2lvbj0yMDE0LTA0LTAxLXByZXZpZXc=",
      "RequestMethod": "GET",
      "RequestBody": "",
      "RequestHeaders": {
        "User-Agent": [
          "Microsoft.Azure.Management.Resources.ResourceManagementClient/2.0.0.0"
        ]
      },
      "ResponseBody": "{\r\n  \"id\": \"/subscriptions/cca24ec8-99b5-4aa7-9ff6-486e886f304c/resourceGroups/sql-audit-cmdlet-test-rg2015/deployments/sql-audit-test-env-setup-classic-storage\",\r\n  \"name\": \"sql-audit-test-env-setup-classic-storage\",\r\n  \"properties\": {\r\n    \"parameters\": {\r\n      \"administratorLogin\": {\r\n        \"type\": \"String\",\r\n        \"value\": \"testlogin\"\r\n      },\r\n      \"administratorLoginPassword\": {\r\n        \"type\": \"SecureString\"\r\n      },\r\n      \"collation\": {\r\n        \"type\": \"String\",\r\n        \"value\": \"SQL_Latin1_General_CP1_CI_AS\"\r\n      },\r\n      \"databaseName\": {\r\n        \"type\": \"String\",\r\n        \"value\": \"sql-audit-cmdlet-db2015\"\r\n      },\r\n      \"edition\": {\r\n        \"type\": \"String\",\r\n        \"value\": \"Basic\"\r\n      },\r\n      \"configuredServiceLevelObjectiveId\": {\r\n        \"type\": \"String\",\r\n        \"value\": \"910b4fcb-8a29-4c3e-958f-f7ba794388b2\"\r\n      },\r\n      \"serverName\": {\r\n        \"type\": \"String\",\r\n        \"value\": \"sql-audit-cmdlet-server2015\"\r\n      },\r\n      \"storageName\": {\r\n        \"type\": \"String\",\r\n        \"value\": \"auditcmdlets2015\"\r\n      }\r\n    },\r\n    \"mode\": \"Incremental\",\r\n    \"provisioningState\": \"Running\",\r\n    \"timestamp\": \"2015-12-06T12:10:26.9580167Z\",\r\n    \"duration\": \"PT2.0065654S\",\r\n    \"correlationId\": \"af0c9808-a0d2-456a-b1fd-944947e06a92\",\r\n    \"providers\": [\r\n      {\r\n        \"namespace\": \"Microsoft.Sql\",\r\n        \"resourceTypes\": [\r\n          {\r\n            \"resourceType\": \"servers\",\r\n            \"locations\": [\r\n              \"westus\"\r\n            ]\r\n          },\r\n          {\r\n            \"resourceType\": \"servers/databases\",\r\n            \"locations\": [\r\n              \"westus\"\r\n            ]\r\n          }\r\n        ]\r\n      },\r\n      {\r\n        \"namespace\": \"Microsoft.ClassicStorage\",\r\n        \"resourceTypes\": [\r\n          {\r\n            \"resourceType\": \"storageAccounts\",\r\n            \"locations\": [\r\n              \"westus\"\r\n            ]\r\n          }\r\n        ]\r\n      }\r\n    ],\r\n    \"dependencies\": [\r\n      {\r\n        \"dependsOn\": [\r\n          {\r\n            \"id\": \"/subscriptions/cca24ec8-99b5-4aa7-9ff6-486e886f304c/resourceGroups/sql-audit-cmdlet-test-rg2015/providers/Microsoft.Sql/servers/sql-audit-cmdlet-server2015\",\r\n            \"resourceType\": \"Microsoft.Sql/servers\",\r\n            \"resourceName\": \"sql-audit-cmdlet-server2015\"\r\n          }\r\n        ],\r\n        \"id\": \"/subscriptions/cca24ec8-99b5-4aa7-9ff6-486e886f304c/resourceGroups/sql-audit-cmdlet-test-rg2015/providers/Microsoft.Sql/servers/sql-audit-cmdlet-server2015/databases/sql-audit-cmdlet-db2015\",\r\n        \"resourceType\": \"Microsoft.Sql/servers/databases\",\r\n        \"resourceName\": \"sql-audit-cmdlet-server2015/sql-audit-cmdlet-db2015\"\r\n      }\r\n    ]\r\n  }\r\n}",
      "ResponseHeaders": {
        "Content-Length": [
          "1819"
        ],
        "Content-Type": [
          "application/json; charset=utf-8"
        ],
        "Expires": [
          "-1"
        ],
        "Pragma": [
          "no-cache"
        ],
        "x-ms-ratelimit-remaining-subscription-reads": [
          "14955"
        ],
        "x-ms-request-id": [
          "c1f6c7b4-615f-4379-a53e-570e847fba8a"
        ],
        "x-ms-correlation-request-id": [
          "c1f6c7b4-615f-4379-a53e-570e847fba8a"
        ],
        "x-ms-routing-request-id": [
          "WESTEUROPE:20151206T121040Z:c1f6c7b4-615f-4379-a53e-570e847fba8a"
        ],
        "Strict-Transport-Security": [
          "max-age=31536000; includeSubDomains"
        ],
        "Cache-Control": [
          "no-cache"
        ],
        "Date": [
          "Sun, 06 Dec 2015 12:10:40 GMT"
        ]
      },
      "StatusCode": 200
    },
    {
      "RequestUri": "/subscriptions/cca24ec8-99b5-4aa7-9ff6-486e886f304c/resourcegroups/sql-audit-cmdlet-test-rg2015/deployments/sql-audit-test-env-setup-classic-storage?api-version=2014-04-01-preview",
      "EncodedRequestUri": "L3N1YnNjcmlwdGlvbnMvY2NhMjRlYzgtOTliNS00YWE3LTlmZjYtNDg2ZTg4NmYzMDRjL3Jlc291cmNlZ3JvdXBzL3NxbC1hdWRpdC1jbWRsZXQtdGVzdC1yZzIwMTUvZGVwbG95bWVudHMvc3FsLWF1ZGl0LXRlc3QtZW52LXNldHVwLWNsYXNzaWMtc3RvcmFnZT9hcGktdmVyc2lvbj0yMDE0LTA0LTAxLXByZXZpZXc=",
      "RequestMethod": "GET",
      "RequestBody": "",
      "RequestHeaders": {
        "User-Agent": [
          "Microsoft.Azure.Management.Resources.ResourceManagementClient/2.0.0.0"
        ]
      },
      "ResponseBody": "{\r\n  \"id\": \"/subscriptions/cca24ec8-99b5-4aa7-9ff6-486e886f304c/resourceGroups/sql-audit-cmdlet-test-rg2015/deployments/sql-audit-test-env-setup-classic-storage\",\r\n  \"name\": \"sql-audit-test-env-setup-classic-storage\",\r\n  \"properties\": {\r\n    \"parameters\": {\r\n      \"administratorLogin\": {\r\n        \"type\": \"String\",\r\n        \"value\": \"testlogin\"\r\n      },\r\n      \"administratorLoginPassword\": {\r\n        \"type\": \"SecureString\"\r\n      },\r\n      \"collation\": {\r\n        \"type\": \"String\",\r\n        \"value\": \"SQL_Latin1_General_CP1_CI_AS\"\r\n      },\r\n      \"databaseName\": {\r\n        \"type\": \"String\",\r\n        \"value\": \"sql-audit-cmdlet-db2015\"\r\n      },\r\n      \"edition\": {\r\n        \"type\": \"String\",\r\n        \"value\": \"Basic\"\r\n      },\r\n      \"configuredServiceLevelObjectiveId\": {\r\n        \"type\": \"String\",\r\n        \"value\": \"910b4fcb-8a29-4c3e-958f-f7ba794388b2\"\r\n      },\r\n      \"serverName\": {\r\n        \"type\": \"String\",\r\n        \"value\": \"sql-audit-cmdlet-server2015\"\r\n      },\r\n      \"storageName\": {\r\n        \"type\": \"String\",\r\n        \"value\": \"auditcmdlets2015\"\r\n      }\r\n    },\r\n    \"mode\": \"Incremental\",\r\n    \"provisioningState\": \"Running\",\r\n    \"timestamp\": \"2015-12-06T12:10:26.9580167Z\",\r\n    \"duration\": \"PT2.0065654S\",\r\n    \"correlationId\": \"af0c9808-a0d2-456a-b1fd-944947e06a92\",\r\n    \"providers\": [\r\n      {\r\n        \"namespace\": \"Microsoft.Sql\",\r\n        \"resourceTypes\": [\r\n          {\r\n            \"resourceType\": \"servers\",\r\n            \"locations\": [\r\n              \"westus\"\r\n            ]\r\n          },\r\n          {\r\n            \"resourceType\": \"servers/databases\",\r\n            \"locations\": [\r\n              \"westus\"\r\n            ]\r\n          }\r\n        ]\r\n      },\r\n      {\r\n        \"namespace\": \"Microsoft.ClassicStorage\",\r\n        \"resourceTypes\": [\r\n          {\r\n            \"resourceType\": \"storageAccounts\",\r\n            \"locations\": [\r\n              \"westus\"\r\n            ]\r\n          }\r\n        ]\r\n      }\r\n    ],\r\n    \"dependencies\": [\r\n      {\r\n        \"dependsOn\": [\r\n          {\r\n            \"id\": \"/subscriptions/cca24ec8-99b5-4aa7-9ff6-486e886f304c/resourceGroups/sql-audit-cmdlet-test-rg2015/providers/Microsoft.Sql/servers/sql-audit-cmdlet-server2015\",\r\n            \"resourceType\": \"Microsoft.Sql/servers\",\r\n            \"resourceName\": \"sql-audit-cmdlet-server2015\"\r\n          }\r\n        ],\r\n        \"id\": \"/subscriptions/cca24ec8-99b5-4aa7-9ff6-486e886f304c/resourceGroups/sql-audit-cmdlet-test-rg2015/providers/Microsoft.Sql/servers/sql-audit-cmdlet-server2015/databases/sql-audit-cmdlet-db2015\",\r\n        \"resourceType\": \"Microsoft.Sql/servers/databases\",\r\n        \"resourceName\": \"sql-audit-cmdlet-server2015/sql-audit-cmdlet-db2015\"\r\n      }\r\n    ]\r\n  }\r\n}",
      "ResponseHeaders": {
        "Content-Length": [
          "1819"
        ],
        "Content-Type": [
          "application/json; charset=utf-8"
        ],
        "Expires": [
          "-1"
        ],
        "Pragma": [
          "no-cache"
        ],
        "x-ms-ratelimit-remaining-subscription-reads": [
          "14953"
        ],
        "x-ms-request-id": [
          "8cef5821-1db0-4509-a85b-25637bc3c875"
        ],
        "x-ms-correlation-request-id": [
          "8cef5821-1db0-4509-a85b-25637bc3c875"
        ],
        "x-ms-routing-request-id": [
          "WESTEUROPE:20151206T121043Z:8cef5821-1db0-4509-a85b-25637bc3c875"
        ],
        "Strict-Transport-Security": [
          "max-age=31536000; includeSubDomains"
        ],
        "Cache-Control": [
          "no-cache"
        ],
        "Date": [
          "Sun, 06 Dec 2015 12:10:43 GMT"
        ]
      },
      "StatusCode": 200
    },
    {
      "RequestUri": "/subscriptions/cca24ec8-99b5-4aa7-9ff6-486e886f304c/resourcegroups/sql-audit-cmdlet-test-rg2015/deployments/sql-audit-test-env-setup-classic-storage?api-version=2014-04-01-preview",
      "EncodedRequestUri": "L3N1YnNjcmlwdGlvbnMvY2NhMjRlYzgtOTliNS00YWE3LTlmZjYtNDg2ZTg4NmYzMDRjL3Jlc291cmNlZ3JvdXBzL3NxbC1hdWRpdC1jbWRsZXQtdGVzdC1yZzIwMTUvZGVwbG95bWVudHMvc3FsLWF1ZGl0LXRlc3QtZW52LXNldHVwLWNsYXNzaWMtc3RvcmFnZT9hcGktdmVyc2lvbj0yMDE0LTA0LTAxLXByZXZpZXc=",
      "RequestMethod": "GET",
      "RequestBody": "",
      "RequestHeaders": {
        "User-Agent": [
          "Microsoft.Azure.Management.Resources.ResourceManagementClient/2.0.0.0"
        ]
      },
      "ResponseBody": "{\r\n  \"id\": \"/subscriptions/cca24ec8-99b5-4aa7-9ff6-486e886f304c/resourceGroups/sql-audit-cmdlet-test-rg2015/deployments/sql-audit-test-env-setup-classic-storage\",\r\n  \"name\": \"sql-audit-test-env-setup-classic-storage\",\r\n  \"properties\": {\r\n    \"parameters\": {\r\n      \"administratorLogin\": {\r\n        \"type\": \"String\",\r\n        \"value\": \"testlogin\"\r\n      },\r\n      \"administratorLoginPassword\": {\r\n        \"type\": \"SecureString\"\r\n      },\r\n      \"collation\": {\r\n        \"type\": \"String\",\r\n        \"value\": \"SQL_Latin1_General_CP1_CI_AS\"\r\n      },\r\n      \"databaseName\": {\r\n        \"type\": \"String\",\r\n        \"value\": \"sql-audit-cmdlet-db2015\"\r\n      },\r\n      \"edition\": {\r\n        \"type\": \"String\",\r\n        \"value\": \"Basic\"\r\n      },\r\n      \"configuredServiceLevelObjectiveId\": {\r\n        \"type\": \"String\",\r\n        \"value\": \"910b4fcb-8a29-4c3e-958f-f7ba794388b2\"\r\n      },\r\n      \"serverName\": {\r\n        \"type\": \"String\",\r\n        \"value\": \"sql-audit-cmdlet-server2015\"\r\n      },\r\n      \"storageName\": {\r\n        \"type\": \"String\",\r\n        \"value\": \"auditcmdlets2015\"\r\n      }\r\n    },\r\n    \"mode\": \"Incremental\",\r\n    \"provisioningState\": \"Running\",\r\n    \"timestamp\": \"2015-12-06T12:10:26.9580167Z\",\r\n    \"duration\": \"PT2.0065654S\",\r\n    \"correlationId\": \"af0c9808-a0d2-456a-b1fd-944947e06a92\",\r\n    \"providers\": [\r\n      {\r\n        \"namespace\": \"Microsoft.Sql\",\r\n        \"resourceTypes\": [\r\n          {\r\n            \"resourceType\": \"servers\",\r\n            \"locations\": [\r\n              \"westus\"\r\n            ]\r\n          },\r\n          {\r\n            \"resourceType\": \"servers/databases\",\r\n            \"locations\": [\r\n              \"westus\"\r\n            ]\r\n          }\r\n        ]\r\n      },\r\n      {\r\n        \"namespace\": \"Microsoft.ClassicStorage\",\r\n        \"resourceTypes\": [\r\n          {\r\n            \"resourceType\": \"storageAccounts\",\r\n            \"locations\": [\r\n              \"westus\"\r\n            ]\r\n          }\r\n        ]\r\n      }\r\n    ],\r\n    \"dependencies\": [\r\n      {\r\n        \"dependsOn\": [\r\n          {\r\n            \"id\": \"/subscriptions/cca24ec8-99b5-4aa7-9ff6-486e886f304c/resourceGroups/sql-audit-cmdlet-test-rg2015/providers/Microsoft.Sql/servers/sql-audit-cmdlet-server2015\",\r\n            \"resourceType\": \"Microsoft.Sql/servers\",\r\n            \"resourceName\": \"sql-audit-cmdlet-server2015\"\r\n          }\r\n        ],\r\n        \"id\": \"/subscriptions/cca24ec8-99b5-4aa7-9ff6-486e886f304c/resourceGroups/sql-audit-cmdlet-test-rg2015/providers/Microsoft.Sql/servers/sql-audit-cmdlet-server2015/databases/sql-audit-cmdlet-db2015\",\r\n        \"resourceType\": \"Microsoft.Sql/servers/databases\",\r\n        \"resourceName\": \"sql-audit-cmdlet-server2015/sql-audit-cmdlet-db2015\"\r\n      }\r\n    ]\r\n  }\r\n}",
      "ResponseHeaders": {
        "Content-Length": [
          "1819"
        ],
        "Content-Type": [
          "application/json; charset=utf-8"
        ],
        "Expires": [
          "-1"
        ],
        "Pragma": [
          "no-cache"
        ],
        "x-ms-ratelimit-remaining-subscription-reads": [
          "14951"
        ],
        "x-ms-request-id": [
          "088f3814-8d6b-4a95-b14b-78580228d59f"
        ],
        "x-ms-correlation-request-id": [
          "088f3814-8d6b-4a95-b14b-78580228d59f"
        ],
        "x-ms-routing-request-id": [
          "WESTEUROPE:20151206T121046Z:088f3814-8d6b-4a95-b14b-78580228d59f"
        ],
        "Strict-Transport-Security": [
          "max-age=31536000; includeSubDomains"
        ],
        "Cache-Control": [
          "no-cache"
        ],
        "Date": [
          "Sun, 06 Dec 2015 12:10:46 GMT"
        ]
      },
      "StatusCode": 200
    },
    {
      "RequestUri": "/subscriptions/cca24ec8-99b5-4aa7-9ff6-486e886f304c/resourcegroups/sql-audit-cmdlet-test-rg2015/deployments/sql-audit-test-env-setup-classic-storage?api-version=2014-04-01-preview",
      "EncodedRequestUri": "L3N1YnNjcmlwdGlvbnMvY2NhMjRlYzgtOTliNS00YWE3LTlmZjYtNDg2ZTg4NmYzMDRjL3Jlc291cmNlZ3JvdXBzL3NxbC1hdWRpdC1jbWRsZXQtdGVzdC1yZzIwMTUvZGVwbG95bWVudHMvc3FsLWF1ZGl0LXRlc3QtZW52LXNldHVwLWNsYXNzaWMtc3RvcmFnZT9hcGktdmVyc2lvbj0yMDE0LTA0LTAxLXByZXZpZXc=",
      "RequestMethod": "GET",
      "RequestBody": "",
      "RequestHeaders": {
        "User-Agent": [
          "Microsoft.Azure.Management.Resources.ResourceManagementClient/2.0.0.0"
        ]
      },
      "ResponseBody": "{\r\n  \"id\": \"/subscriptions/cca24ec8-99b5-4aa7-9ff6-486e886f304c/resourceGroups/sql-audit-cmdlet-test-rg2015/deployments/sql-audit-test-env-setup-classic-storage\",\r\n  \"name\": \"sql-audit-test-env-setup-classic-storage\",\r\n  \"properties\": {\r\n    \"parameters\": {\r\n      \"administratorLogin\": {\r\n        \"type\": \"String\",\r\n        \"value\": \"testlogin\"\r\n      },\r\n      \"administratorLoginPassword\": {\r\n        \"type\": \"SecureString\"\r\n      },\r\n      \"collation\": {\r\n        \"type\": \"String\",\r\n        \"value\": \"SQL_Latin1_General_CP1_CI_AS\"\r\n      },\r\n      \"databaseName\": {\r\n        \"type\": \"String\",\r\n        \"value\": \"sql-audit-cmdlet-db2015\"\r\n      },\r\n      \"edition\": {\r\n        \"type\": \"String\",\r\n        \"value\": \"Basic\"\r\n      },\r\n      \"configuredServiceLevelObjectiveId\": {\r\n        \"type\": \"String\",\r\n        \"value\": \"910b4fcb-8a29-4c3e-958f-f7ba794388b2\"\r\n      },\r\n      \"serverName\": {\r\n        \"type\": \"String\",\r\n        \"value\": \"sql-audit-cmdlet-server2015\"\r\n      },\r\n      \"storageName\": {\r\n        \"type\": \"String\",\r\n        \"value\": \"auditcmdlets2015\"\r\n      }\r\n    },\r\n    \"mode\": \"Incremental\",\r\n    \"provisioningState\": \"Running\",\r\n    \"timestamp\": \"2015-12-06T12:10:26.9580167Z\",\r\n    \"duration\": \"PT2.0065654S\",\r\n    \"correlationId\": \"af0c9808-a0d2-456a-b1fd-944947e06a92\",\r\n    \"providers\": [\r\n      {\r\n        \"namespace\": \"Microsoft.Sql\",\r\n        \"resourceTypes\": [\r\n          {\r\n            \"resourceType\": \"servers\",\r\n            \"locations\": [\r\n              \"westus\"\r\n            ]\r\n          },\r\n          {\r\n            \"resourceType\": \"servers/databases\",\r\n            \"locations\": [\r\n              \"westus\"\r\n            ]\r\n          }\r\n        ]\r\n      },\r\n      {\r\n        \"namespace\": \"Microsoft.ClassicStorage\",\r\n        \"resourceTypes\": [\r\n          {\r\n            \"resourceType\": \"storageAccounts\",\r\n            \"locations\": [\r\n              \"westus\"\r\n            ]\r\n          }\r\n        ]\r\n      }\r\n    ],\r\n    \"dependencies\": [\r\n      {\r\n        \"dependsOn\": [\r\n          {\r\n            \"id\": \"/subscriptions/cca24ec8-99b5-4aa7-9ff6-486e886f304c/resourceGroups/sql-audit-cmdlet-test-rg2015/providers/Microsoft.Sql/servers/sql-audit-cmdlet-server2015\",\r\n            \"resourceType\": \"Microsoft.Sql/servers\",\r\n            \"resourceName\": \"sql-audit-cmdlet-server2015\"\r\n          }\r\n        ],\r\n        \"id\": \"/subscriptions/cca24ec8-99b5-4aa7-9ff6-486e886f304c/resourceGroups/sql-audit-cmdlet-test-rg2015/providers/Microsoft.Sql/servers/sql-audit-cmdlet-server2015/databases/sql-audit-cmdlet-db2015\",\r\n        \"resourceType\": \"Microsoft.Sql/servers/databases\",\r\n        \"resourceName\": \"sql-audit-cmdlet-server2015/sql-audit-cmdlet-db2015\"\r\n      }\r\n    ]\r\n  }\r\n}",
      "ResponseHeaders": {
        "Content-Length": [
          "1819"
        ],
        "Content-Type": [
          "application/json; charset=utf-8"
        ],
        "Expires": [
          "-1"
        ],
        "Pragma": [
          "no-cache"
        ],
        "x-ms-ratelimit-remaining-subscription-reads": [
          "14949"
        ],
        "x-ms-request-id": [
          "42ee3d3c-f0c9-487c-847a-c716db057389"
        ],
        "x-ms-correlation-request-id": [
          "42ee3d3c-f0c9-487c-847a-c716db057389"
        ],
        "x-ms-routing-request-id": [
          "WESTEUROPE:20151206T121050Z:42ee3d3c-f0c9-487c-847a-c716db057389"
        ],
        "Strict-Transport-Security": [
          "max-age=31536000; includeSubDomains"
        ],
        "Cache-Control": [
          "no-cache"
        ],
        "Date": [
          "Sun, 06 Dec 2015 12:10:49 GMT"
        ]
      },
      "StatusCode": 200
    },
    {
      "RequestUri": "/subscriptions/cca24ec8-99b5-4aa7-9ff6-486e886f304c/resourcegroups/sql-audit-cmdlet-test-rg2015/deployments/sql-audit-test-env-setup-classic-storage?api-version=2014-04-01-preview",
      "EncodedRequestUri": "L3N1YnNjcmlwdGlvbnMvY2NhMjRlYzgtOTliNS00YWE3LTlmZjYtNDg2ZTg4NmYzMDRjL3Jlc291cmNlZ3JvdXBzL3NxbC1hdWRpdC1jbWRsZXQtdGVzdC1yZzIwMTUvZGVwbG95bWVudHMvc3FsLWF1ZGl0LXRlc3QtZW52LXNldHVwLWNsYXNzaWMtc3RvcmFnZT9hcGktdmVyc2lvbj0yMDE0LTA0LTAxLXByZXZpZXc=",
      "RequestMethod": "GET",
      "RequestBody": "",
      "RequestHeaders": {
        "User-Agent": [
          "Microsoft.Azure.Management.Resources.ResourceManagementClient/2.0.0.0"
        ]
      },
      "ResponseBody": "{\r\n  \"id\": \"/subscriptions/cca24ec8-99b5-4aa7-9ff6-486e886f304c/resourceGroups/sql-audit-cmdlet-test-rg2015/deployments/sql-audit-test-env-setup-classic-storage\",\r\n  \"name\": \"sql-audit-test-env-setup-classic-storage\",\r\n  \"properties\": {\r\n    \"parameters\": {\r\n      \"administratorLogin\": {\r\n        \"type\": \"String\",\r\n        \"value\": \"testlogin\"\r\n      },\r\n      \"administratorLoginPassword\": {\r\n        \"type\": \"SecureString\"\r\n      },\r\n      \"collation\": {\r\n        \"type\": \"String\",\r\n        \"value\": \"SQL_Latin1_General_CP1_CI_AS\"\r\n      },\r\n      \"databaseName\": {\r\n        \"type\": \"String\",\r\n        \"value\": \"sql-audit-cmdlet-db2015\"\r\n      },\r\n      \"edition\": {\r\n        \"type\": \"String\",\r\n        \"value\": \"Basic\"\r\n      },\r\n      \"configuredServiceLevelObjectiveId\": {\r\n        \"type\": \"String\",\r\n        \"value\": \"910b4fcb-8a29-4c3e-958f-f7ba794388b2\"\r\n      },\r\n      \"serverName\": {\r\n        \"type\": \"String\",\r\n        \"value\": \"sql-audit-cmdlet-server2015\"\r\n      },\r\n      \"storageName\": {\r\n        \"type\": \"String\",\r\n        \"value\": \"auditcmdlets2015\"\r\n      }\r\n    },\r\n    \"mode\": \"Incremental\",\r\n    \"provisioningState\": \"Running\",\r\n    \"timestamp\": \"2015-12-06T12:10:26.9580167Z\",\r\n    \"duration\": \"PT2.0065654S\",\r\n    \"correlationId\": \"af0c9808-a0d2-456a-b1fd-944947e06a92\",\r\n    \"providers\": [\r\n      {\r\n        \"namespace\": \"Microsoft.Sql\",\r\n        \"resourceTypes\": [\r\n          {\r\n            \"resourceType\": \"servers\",\r\n            \"locations\": [\r\n              \"westus\"\r\n            ]\r\n          },\r\n          {\r\n            \"resourceType\": \"servers/databases\",\r\n            \"locations\": [\r\n              \"westus\"\r\n            ]\r\n          }\r\n        ]\r\n      },\r\n      {\r\n        \"namespace\": \"Microsoft.ClassicStorage\",\r\n        \"resourceTypes\": [\r\n          {\r\n            \"resourceType\": \"storageAccounts\",\r\n            \"locations\": [\r\n              \"westus\"\r\n            ]\r\n          }\r\n        ]\r\n      }\r\n    ],\r\n    \"dependencies\": [\r\n      {\r\n        \"dependsOn\": [\r\n          {\r\n            \"id\": \"/subscriptions/cca24ec8-99b5-4aa7-9ff6-486e886f304c/resourceGroups/sql-audit-cmdlet-test-rg2015/providers/Microsoft.Sql/servers/sql-audit-cmdlet-server2015\",\r\n            \"resourceType\": \"Microsoft.Sql/servers\",\r\n            \"resourceName\": \"sql-audit-cmdlet-server2015\"\r\n          }\r\n        ],\r\n        \"id\": \"/subscriptions/cca24ec8-99b5-4aa7-9ff6-486e886f304c/resourceGroups/sql-audit-cmdlet-test-rg2015/providers/Microsoft.Sql/servers/sql-audit-cmdlet-server2015/databases/sql-audit-cmdlet-db2015\",\r\n        \"resourceType\": \"Microsoft.Sql/servers/databases\",\r\n        \"resourceName\": \"sql-audit-cmdlet-server2015/sql-audit-cmdlet-db2015\"\r\n      }\r\n    ]\r\n  }\r\n}",
      "ResponseHeaders": {
        "Content-Length": [
          "1819"
        ],
        "Content-Type": [
          "application/json; charset=utf-8"
        ],
        "Expires": [
          "-1"
        ],
        "Pragma": [
          "no-cache"
        ],
        "x-ms-ratelimit-remaining-subscription-reads": [
          "14947"
        ],
        "x-ms-request-id": [
          "6507237a-5fd8-4f77-9102-da80504bbbc5"
        ],
        "x-ms-correlation-request-id": [
          "6507237a-5fd8-4f77-9102-da80504bbbc5"
        ],
        "x-ms-routing-request-id": [
          "WESTEUROPE:20151206T121053Z:6507237a-5fd8-4f77-9102-da80504bbbc5"
        ],
        "Strict-Transport-Security": [
          "max-age=31536000; includeSubDomains"
        ],
        "Cache-Control": [
          "no-cache"
        ],
        "Date": [
          "Sun, 06 Dec 2015 12:10:52 GMT"
        ]
      },
      "StatusCode": 200
    },
    {
      "RequestUri": "/subscriptions/cca24ec8-99b5-4aa7-9ff6-486e886f304c/resourcegroups/sql-audit-cmdlet-test-rg2015/deployments/sql-audit-test-env-setup-classic-storage?api-version=2014-04-01-preview",
      "EncodedRequestUri": "L3N1YnNjcmlwdGlvbnMvY2NhMjRlYzgtOTliNS00YWE3LTlmZjYtNDg2ZTg4NmYzMDRjL3Jlc291cmNlZ3JvdXBzL3NxbC1hdWRpdC1jbWRsZXQtdGVzdC1yZzIwMTUvZGVwbG95bWVudHMvc3FsLWF1ZGl0LXRlc3QtZW52LXNldHVwLWNsYXNzaWMtc3RvcmFnZT9hcGktdmVyc2lvbj0yMDE0LTA0LTAxLXByZXZpZXc=",
      "RequestMethod": "GET",
      "RequestBody": "",
      "RequestHeaders": {
        "User-Agent": [
          "Microsoft.Azure.Management.Resources.ResourceManagementClient/2.0.0.0"
        ]
      },
      "ResponseBody": "{\r\n  \"id\": \"/subscriptions/cca24ec8-99b5-4aa7-9ff6-486e886f304c/resourceGroups/sql-audit-cmdlet-test-rg2015/deployments/sql-audit-test-env-setup-classic-storage\",\r\n  \"name\": \"sql-audit-test-env-setup-classic-storage\",\r\n  \"properties\": {\r\n    \"parameters\": {\r\n      \"administratorLogin\": {\r\n        \"type\": \"String\",\r\n        \"value\": \"testlogin\"\r\n      },\r\n      \"administratorLoginPassword\": {\r\n        \"type\": \"SecureString\"\r\n      },\r\n      \"collation\": {\r\n        \"type\": \"String\",\r\n        \"value\": \"SQL_Latin1_General_CP1_CI_AS\"\r\n      },\r\n      \"databaseName\": {\r\n        \"type\": \"String\",\r\n        \"value\": \"sql-audit-cmdlet-db2015\"\r\n      },\r\n      \"edition\": {\r\n        \"type\": \"String\",\r\n        \"value\": \"Basic\"\r\n      },\r\n      \"configuredServiceLevelObjectiveId\": {\r\n        \"type\": \"String\",\r\n        \"value\": \"910b4fcb-8a29-4c3e-958f-f7ba794388b2\"\r\n      },\r\n      \"serverName\": {\r\n        \"type\": \"String\",\r\n        \"value\": \"sql-audit-cmdlet-server2015\"\r\n      },\r\n      \"storageName\": {\r\n        \"type\": \"String\",\r\n        \"value\": \"auditcmdlets2015\"\r\n      }\r\n    },\r\n    \"mode\": \"Incremental\",\r\n    \"provisioningState\": \"Running\",\r\n    \"timestamp\": \"2015-12-06T12:10:26.9580167Z\",\r\n    \"duration\": \"PT2.0065654S\",\r\n    \"correlationId\": \"af0c9808-a0d2-456a-b1fd-944947e06a92\",\r\n    \"providers\": [\r\n      {\r\n        \"namespace\": \"Microsoft.Sql\",\r\n        \"resourceTypes\": [\r\n          {\r\n            \"resourceType\": \"servers\",\r\n            \"locations\": [\r\n              \"westus\"\r\n            ]\r\n          },\r\n          {\r\n            \"resourceType\": \"servers/databases\",\r\n            \"locations\": [\r\n              \"westus\"\r\n            ]\r\n          }\r\n        ]\r\n      },\r\n      {\r\n        \"namespace\": \"Microsoft.ClassicStorage\",\r\n        \"resourceTypes\": [\r\n          {\r\n            \"resourceType\": \"storageAccounts\",\r\n            \"locations\": [\r\n              \"westus\"\r\n            ]\r\n          }\r\n        ]\r\n      }\r\n    ],\r\n    \"dependencies\": [\r\n      {\r\n        \"dependsOn\": [\r\n          {\r\n            \"id\": \"/subscriptions/cca24ec8-99b5-4aa7-9ff6-486e886f304c/resourceGroups/sql-audit-cmdlet-test-rg2015/providers/Microsoft.Sql/servers/sql-audit-cmdlet-server2015\",\r\n            \"resourceType\": \"Microsoft.Sql/servers\",\r\n            \"resourceName\": \"sql-audit-cmdlet-server2015\"\r\n          }\r\n        ],\r\n        \"id\": \"/subscriptions/cca24ec8-99b5-4aa7-9ff6-486e886f304c/resourceGroups/sql-audit-cmdlet-test-rg2015/providers/Microsoft.Sql/servers/sql-audit-cmdlet-server2015/databases/sql-audit-cmdlet-db2015\",\r\n        \"resourceType\": \"Microsoft.Sql/servers/databases\",\r\n        \"resourceName\": \"sql-audit-cmdlet-server2015/sql-audit-cmdlet-db2015\"\r\n      }\r\n    ]\r\n  }\r\n}",
      "ResponseHeaders": {
        "Content-Length": [
          "1819"
        ],
        "Content-Type": [
          "application/json; charset=utf-8"
        ],
        "Expires": [
          "-1"
        ],
        "Pragma": [
          "no-cache"
        ],
        "x-ms-ratelimit-remaining-subscription-reads": [
          "14945"
        ],
        "x-ms-request-id": [
          "4654fe65-7b69-41f2-ac36-8c2e86e75060"
        ],
        "x-ms-correlation-request-id": [
          "4654fe65-7b69-41f2-ac36-8c2e86e75060"
        ],
        "x-ms-routing-request-id": [
          "WESTEUROPE:20151206T121056Z:4654fe65-7b69-41f2-ac36-8c2e86e75060"
        ],
        "Strict-Transport-Security": [
          "max-age=31536000; includeSubDomains"
        ],
        "Cache-Control": [
          "no-cache"
        ],
        "Date": [
          "Sun, 06 Dec 2015 12:10:56 GMT"
        ]
      },
      "StatusCode": 200
    },
    {
      "RequestUri": "/subscriptions/cca24ec8-99b5-4aa7-9ff6-486e886f304c/resourcegroups/sql-audit-cmdlet-test-rg2015/deployments/sql-audit-test-env-setup-classic-storage?api-version=2014-04-01-preview",
      "EncodedRequestUri": "L3N1YnNjcmlwdGlvbnMvY2NhMjRlYzgtOTliNS00YWE3LTlmZjYtNDg2ZTg4NmYzMDRjL3Jlc291cmNlZ3JvdXBzL3NxbC1hdWRpdC1jbWRsZXQtdGVzdC1yZzIwMTUvZGVwbG95bWVudHMvc3FsLWF1ZGl0LXRlc3QtZW52LXNldHVwLWNsYXNzaWMtc3RvcmFnZT9hcGktdmVyc2lvbj0yMDE0LTA0LTAxLXByZXZpZXc=",
      "RequestMethod": "GET",
      "RequestBody": "",
      "RequestHeaders": {
        "User-Agent": [
          "Microsoft.Azure.Management.Resources.ResourceManagementClient/2.0.0.0"
        ]
      },
      "ResponseBody": "{\r\n  \"id\": \"/subscriptions/cca24ec8-99b5-4aa7-9ff6-486e886f304c/resourceGroups/sql-audit-cmdlet-test-rg2015/deployments/sql-audit-test-env-setup-classic-storage\",\r\n  \"name\": \"sql-audit-test-env-setup-classic-storage\",\r\n  \"properties\": {\r\n    \"parameters\": {\r\n      \"administratorLogin\": {\r\n        \"type\": \"String\",\r\n        \"value\": \"testlogin\"\r\n      },\r\n      \"administratorLoginPassword\": {\r\n        \"type\": \"SecureString\"\r\n      },\r\n      \"collation\": {\r\n        \"type\": \"String\",\r\n        \"value\": \"SQL_Latin1_General_CP1_CI_AS\"\r\n      },\r\n      \"databaseName\": {\r\n        \"type\": \"String\",\r\n        \"value\": \"sql-audit-cmdlet-db2015\"\r\n      },\r\n      \"edition\": {\r\n        \"type\": \"String\",\r\n        \"value\": \"Basic\"\r\n      },\r\n      \"configuredServiceLevelObjectiveId\": {\r\n        \"type\": \"String\",\r\n        \"value\": \"910b4fcb-8a29-4c3e-958f-f7ba794388b2\"\r\n      },\r\n      \"serverName\": {\r\n        \"type\": \"String\",\r\n        \"value\": \"sql-audit-cmdlet-server2015\"\r\n      },\r\n      \"storageName\": {\r\n        \"type\": \"String\",\r\n        \"value\": \"auditcmdlets2015\"\r\n      }\r\n    },\r\n    \"mode\": \"Incremental\",\r\n    \"provisioningState\": \"Running\",\r\n    \"timestamp\": \"2015-12-06T12:10:26.9580167Z\",\r\n    \"duration\": \"PT2.0065654S\",\r\n    \"correlationId\": \"af0c9808-a0d2-456a-b1fd-944947e06a92\",\r\n    \"providers\": [\r\n      {\r\n        \"namespace\": \"Microsoft.Sql\",\r\n        \"resourceTypes\": [\r\n          {\r\n            \"resourceType\": \"servers\",\r\n            \"locations\": [\r\n              \"westus\"\r\n            ]\r\n          },\r\n          {\r\n            \"resourceType\": \"servers/databases\",\r\n            \"locations\": [\r\n              \"westus\"\r\n            ]\r\n          }\r\n        ]\r\n      },\r\n      {\r\n        \"namespace\": \"Microsoft.ClassicStorage\",\r\n        \"resourceTypes\": [\r\n          {\r\n            \"resourceType\": \"storageAccounts\",\r\n            \"locations\": [\r\n              \"westus\"\r\n            ]\r\n          }\r\n        ]\r\n      }\r\n    ],\r\n    \"dependencies\": [\r\n      {\r\n        \"dependsOn\": [\r\n          {\r\n            \"id\": \"/subscriptions/cca24ec8-99b5-4aa7-9ff6-486e886f304c/resourceGroups/sql-audit-cmdlet-test-rg2015/providers/Microsoft.Sql/servers/sql-audit-cmdlet-server2015\",\r\n            \"resourceType\": \"Microsoft.Sql/servers\",\r\n            \"resourceName\": \"sql-audit-cmdlet-server2015\"\r\n          }\r\n        ],\r\n        \"id\": \"/subscriptions/cca24ec8-99b5-4aa7-9ff6-486e886f304c/resourceGroups/sql-audit-cmdlet-test-rg2015/providers/Microsoft.Sql/servers/sql-audit-cmdlet-server2015/databases/sql-audit-cmdlet-db2015\",\r\n        \"resourceType\": \"Microsoft.Sql/servers/databases\",\r\n        \"resourceName\": \"sql-audit-cmdlet-server2015/sql-audit-cmdlet-db2015\"\r\n      }\r\n    ]\r\n  }\r\n}",
      "ResponseHeaders": {
        "Content-Length": [
          "1819"
        ],
        "Content-Type": [
          "application/json; charset=utf-8"
        ],
        "Expires": [
          "-1"
        ],
        "Pragma": [
          "no-cache"
        ],
        "x-ms-ratelimit-remaining-subscription-reads": [
          "14943"
        ],
        "x-ms-request-id": [
          "6b25ae70-d910-4a02-a06d-c2472aba9343"
        ],
        "x-ms-correlation-request-id": [
          "6b25ae70-d910-4a02-a06d-c2472aba9343"
        ],
        "x-ms-routing-request-id": [
          "WESTEUROPE:20151206T121059Z:6b25ae70-d910-4a02-a06d-c2472aba9343"
        ],
        "Strict-Transport-Security": [
          "max-age=31536000; includeSubDomains"
        ],
        "Cache-Control": [
          "no-cache"
        ],
        "Date": [
          "Sun, 06 Dec 2015 12:10:59 GMT"
        ]
      },
      "StatusCode": 200
    },
    {
      "RequestUri": "/subscriptions/cca24ec8-99b5-4aa7-9ff6-486e886f304c/resourcegroups/sql-audit-cmdlet-test-rg2015/deployments/sql-audit-test-env-setup-classic-storage?api-version=2014-04-01-preview",
      "EncodedRequestUri": "L3N1YnNjcmlwdGlvbnMvY2NhMjRlYzgtOTliNS00YWE3LTlmZjYtNDg2ZTg4NmYzMDRjL3Jlc291cmNlZ3JvdXBzL3NxbC1hdWRpdC1jbWRsZXQtdGVzdC1yZzIwMTUvZGVwbG95bWVudHMvc3FsLWF1ZGl0LXRlc3QtZW52LXNldHVwLWNsYXNzaWMtc3RvcmFnZT9hcGktdmVyc2lvbj0yMDE0LTA0LTAxLXByZXZpZXc=",
      "RequestMethod": "GET",
      "RequestBody": "",
      "RequestHeaders": {
        "User-Agent": [
          "Microsoft.Azure.Management.Resources.ResourceManagementClient/2.0.0.0"
        ]
      },
      "ResponseBody": "{\r\n  \"id\": \"/subscriptions/cca24ec8-99b5-4aa7-9ff6-486e886f304c/resourceGroups/sql-audit-cmdlet-test-rg2015/deployments/sql-audit-test-env-setup-classic-storage\",\r\n  \"name\": \"sql-audit-test-env-setup-classic-storage\",\r\n  \"properties\": {\r\n    \"parameters\": {\r\n      \"administratorLogin\": {\r\n        \"type\": \"String\",\r\n        \"value\": \"testlogin\"\r\n      },\r\n      \"administratorLoginPassword\": {\r\n        \"type\": \"SecureString\"\r\n      },\r\n      \"collation\": {\r\n        \"type\": \"String\",\r\n        \"value\": \"SQL_Latin1_General_CP1_CI_AS\"\r\n      },\r\n      \"databaseName\": {\r\n        \"type\": \"String\",\r\n        \"value\": \"sql-audit-cmdlet-db2015\"\r\n      },\r\n      \"edition\": {\r\n        \"type\": \"String\",\r\n        \"value\": \"Basic\"\r\n      },\r\n      \"configuredServiceLevelObjectiveId\": {\r\n        \"type\": \"String\",\r\n        \"value\": \"910b4fcb-8a29-4c3e-958f-f7ba794388b2\"\r\n      },\r\n      \"serverName\": {\r\n        \"type\": \"String\",\r\n        \"value\": \"sql-audit-cmdlet-server2015\"\r\n      },\r\n      \"storageName\": {\r\n        \"type\": \"String\",\r\n        \"value\": \"auditcmdlets2015\"\r\n      }\r\n    },\r\n    \"mode\": \"Incremental\",\r\n    \"provisioningState\": \"Running\",\r\n    \"timestamp\": \"2015-12-06T12:10:26.9580167Z\",\r\n    \"duration\": \"PT2.0065654S\",\r\n    \"correlationId\": \"af0c9808-a0d2-456a-b1fd-944947e06a92\",\r\n    \"providers\": [\r\n      {\r\n        \"namespace\": \"Microsoft.Sql\",\r\n        \"resourceTypes\": [\r\n          {\r\n            \"resourceType\": \"servers\",\r\n            \"locations\": [\r\n              \"westus\"\r\n            ]\r\n          },\r\n          {\r\n            \"resourceType\": \"servers/databases\",\r\n            \"locations\": [\r\n              \"westus\"\r\n            ]\r\n          }\r\n        ]\r\n      },\r\n      {\r\n        \"namespace\": \"Microsoft.ClassicStorage\",\r\n        \"resourceTypes\": [\r\n          {\r\n            \"resourceType\": \"storageAccounts\",\r\n            \"locations\": [\r\n              \"westus\"\r\n            ]\r\n          }\r\n        ]\r\n      }\r\n    ],\r\n    \"dependencies\": [\r\n      {\r\n        \"dependsOn\": [\r\n          {\r\n            \"id\": \"/subscriptions/cca24ec8-99b5-4aa7-9ff6-486e886f304c/resourceGroups/sql-audit-cmdlet-test-rg2015/providers/Microsoft.Sql/servers/sql-audit-cmdlet-server2015\",\r\n            \"resourceType\": \"Microsoft.Sql/servers\",\r\n            \"resourceName\": \"sql-audit-cmdlet-server2015\"\r\n          }\r\n        ],\r\n        \"id\": \"/subscriptions/cca24ec8-99b5-4aa7-9ff6-486e886f304c/resourceGroups/sql-audit-cmdlet-test-rg2015/providers/Microsoft.Sql/servers/sql-audit-cmdlet-server2015/databases/sql-audit-cmdlet-db2015\",\r\n        \"resourceType\": \"Microsoft.Sql/servers/databases\",\r\n        \"resourceName\": \"sql-audit-cmdlet-server2015/sql-audit-cmdlet-db2015\"\r\n      }\r\n    ]\r\n  }\r\n}",
      "ResponseHeaders": {
        "Content-Length": [
          "1819"
        ],
        "Content-Type": [
          "application/json; charset=utf-8"
        ],
        "Expires": [
          "-1"
        ],
        "Pragma": [
          "no-cache"
        ],
        "x-ms-ratelimit-remaining-subscription-reads": [
          "14941"
        ],
        "x-ms-request-id": [
          "1e97dba5-ae1e-4d0d-be69-5a2667eee80f"
        ],
        "x-ms-correlation-request-id": [
          "1e97dba5-ae1e-4d0d-be69-5a2667eee80f"
        ],
        "x-ms-routing-request-id": [
          "WESTEUROPE:20151206T121102Z:1e97dba5-ae1e-4d0d-be69-5a2667eee80f"
        ],
        "Strict-Transport-Security": [
          "max-age=31536000; includeSubDomains"
        ],
        "Cache-Control": [
          "no-cache"
        ],
        "Date": [
          "Sun, 06 Dec 2015 12:11:02 GMT"
        ]
      },
      "StatusCode": 200
    },
    {
      "RequestUri": "/subscriptions/cca24ec8-99b5-4aa7-9ff6-486e886f304c/resourcegroups/sql-audit-cmdlet-test-rg2015/deployments/sql-audit-test-env-setup-classic-storage?api-version=2014-04-01-preview",
      "EncodedRequestUri": "L3N1YnNjcmlwdGlvbnMvY2NhMjRlYzgtOTliNS00YWE3LTlmZjYtNDg2ZTg4NmYzMDRjL3Jlc291cmNlZ3JvdXBzL3NxbC1hdWRpdC1jbWRsZXQtdGVzdC1yZzIwMTUvZGVwbG95bWVudHMvc3FsLWF1ZGl0LXRlc3QtZW52LXNldHVwLWNsYXNzaWMtc3RvcmFnZT9hcGktdmVyc2lvbj0yMDE0LTA0LTAxLXByZXZpZXc=",
      "RequestMethod": "GET",
      "RequestBody": "",
      "RequestHeaders": {
        "User-Agent": [
          "Microsoft.Azure.Management.Resources.ResourceManagementClient/2.0.0.0"
        ]
      },
      "ResponseBody": "{\r\n  \"id\": \"/subscriptions/cca24ec8-99b5-4aa7-9ff6-486e886f304c/resourceGroups/sql-audit-cmdlet-test-rg2015/deployments/sql-audit-test-env-setup-classic-storage\",\r\n  \"name\": \"sql-audit-test-env-setup-classic-storage\",\r\n  \"properties\": {\r\n    \"parameters\": {\r\n      \"administratorLogin\": {\r\n        \"type\": \"String\",\r\n        \"value\": \"testlogin\"\r\n      },\r\n      \"administratorLoginPassword\": {\r\n        \"type\": \"SecureString\"\r\n      },\r\n      \"collation\": {\r\n        \"type\": \"String\",\r\n        \"value\": \"SQL_Latin1_General_CP1_CI_AS\"\r\n      },\r\n      \"databaseName\": {\r\n        \"type\": \"String\",\r\n        \"value\": \"sql-audit-cmdlet-db2015\"\r\n      },\r\n      \"edition\": {\r\n        \"type\": \"String\",\r\n        \"value\": \"Basic\"\r\n      },\r\n      \"configuredServiceLevelObjectiveId\": {\r\n        \"type\": \"String\",\r\n        \"value\": \"910b4fcb-8a29-4c3e-958f-f7ba794388b2\"\r\n      },\r\n      \"serverName\": {\r\n        \"type\": \"String\",\r\n        \"value\": \"sql-audit-cmdlet-server2015\"\r\n      },\r\n      \"storageName\": {\r\n        \"type\": \"String\",\r\n        \"value\": \"auditcmdlets2015\"\r\n      }\r\n    },\r\n    \"mode\": \"Incremental\",\r\n    \"provisioningState\": \"Running\",\r\n    \"timestamp\": \"2015-12-06T12:10:26.9580167Z\",\r\n    \"duration\": \"PT2.0065654S\",\r\n    \"correlationId\": \"af0c9808-a0d2-456a-b1fd-944947e06a92\",\r\n    \"providers\": [\r\n      {\r\n        \"namespace\": \"Microsoft.Sql\",\r\n        \"resourceTypes\": [\r\n          {\r\n            \"resourceType\": \"servers\",\r\n            \"locations\": [\r\n              \"westus\"\r\n            ]\r\n          },\r\n          {\r\n            \"resourceType\": \"servers/databases\",\r\n            \"locations\": [\r\n              \"westus\"\r\n            ]\r\n          }\r\n        ]\r\n      },\r\n      {\r\n        \"namespace\": \"Microsoft.ClassicStorage\",\r\n        \"resourceTypes\": [\r\n          {\r\n            \"resourceType\": \"storageAccounts\",\r\n            \"locations\": [\r\n              \"westus\"\r\n            ]\r\n          }\r\n        ]\r\n      }\r\n    ],\r\n    \"dependencies\": [\r\n      {\r\n        \"dependsOn\": [\r\n          {\r\n            \"id\": \"/subscriptions/cca24ec8-99b5-4aa7-9ff6-486e886f304c/resourceGroups/sql-audit-cmdlet-test-rg2015/providers/Microsoft.Sql/servers/sql-audit-cmdlet-server2015\",\r\n            \"resourceType\": \"Microsoft.Sql/servers\",\r\n            \"resourceName\": \"sql-audit-cmdlet-server2015\"\r\n          }\r\n        ],\r\n        \"id\": \"/subscriptions/cca24ec8-99b5-4aa7-9ff6-486e886f304c/resourceGroups/sql-audit-cmdlet-test-rg2015/providers/Microsoft.Sql/servers/sql-audit-cmdlet-server2015/databases/sql-audit-cmdlet-db2015\",\r\n        \"resourceType\": \"Microsoft.Sql/servers/databases\",\r\n        \"resourceName\": \"sql-audit-cmdlet-server2015/sql-audit-cmdlet-db2015\"\r\n      }\r\n    ]\r\n  }\r\n}",
      "ResponseHeaders": {
        "Content-Length": [
          "1819"
        ],
        "Content-Type": [
          "application/json; charset=utf-8"
        ],
        "Expires": [
          "-1"
        ],
        "Pragma": [
          "no-cache"
        ],
        "x-ms-ratelimit-remaining-subscription-reads": [
          "14939"
        ],
        "x-ms-request-id": [
          "27507e48-fe75-4614-8ec2-c8905f39d248"
        ],
        "x-ms-correlation-request-id": [
          "27507e48-fe75-4614-8ec2-c8905f39d248"
        ],
        "x-ms-routing-request-id": [
          "WESTEUROPE:20151206T121105Z:27507e48-fe75-4614-8ec2-c8905f39d248"
        ],
        "Strict-Transport-Security": [
          "max-age=31536000; includeSubDomains"
        ],
        "Cache-Control": [
          "no-cache"
        ],
        "Date": [
          "Sun, 06 Dec 2015 12:11:05 GMT"
        ]
      },
      "StatusCode": 200
    },
    {
      "RequestUri": "/subscriptions/cca24ec8-99b5-4aa7-9ff6-486e886f304c/resourcegroups/sql-audit-cmdlet-test-rg2015/deployments/sql-audit-test-env-setup-classic-storage?api-version=2014-04-01-preview",
      "EncodedRequestUri": "L3N1YnNjcmlwdGlvbnMvY2NhMjRlYzgtOTliNS00YWE3LTlmZjYtNDg2ZTg4NmYzMDRjL3Jlc291cmNlZ3JvdXBzL3NxbC1hdWRpdC1jbWRsZXQtdGVzdC1yZzIwMTUvZGVwbG95bWVudHMvc3FsLWF1ZGl0LXRlc3QtZW52LXNldHVwLWNsYXNzaWMtc3RvcmFnZT9hcGktdmVyc2lvbj0yMDE0LTA0LTAxLXByZXZpZXc=",
      "RequestMethod": "GET",
      "RequestBody": "",
      "RequestHeaders": {
        "User-Agent": [
          "Microsoft.Azure.Management.Resources.ResourceManagementClient/2.0.0.0"
        ]
      },
      "ResponseBody": "{\r\n  \"id\": \"/subscriptions/cca24ec8-99b5-4aa7-9ff6-486e886f304c/resourceGroups/sql-audit-cmdlet-test-rg2015/deployments/sql-audit-test-env-setup-classic-storage\",\r\n  \"name\": \"sql-audit-test-env-setup-classic-storage\",\r\n  \"properties\": {\r\n    \"parameters\": {\r\n      \"administratorLogin\": {\r\n        \"type\": \"String\",\r\n        \"value\": \"testlogin\"\r\n      },\r\n      \"administratorLoginPassword\": {\r\n        \"type\": \"SecureString\"\r\n      },\r\n      \"collation\": {\r\n        \"type\": \"String\",\r\n        \"value\": \"SQL_Latin1_General_CP1_CI_AS\"\r\n      },\r\n      \"databaseName\": {\r\n        \"type\": \"String\",\r\n        \"value\": \"sql-audit-cmdlet-db2015\"\r\n      },\r\n      \"edition\": {\r\n        \"type\": \"String\",\r\n        \"value\": \"Basic\"\r\n      },\r\n      \"configuredServiceLevelObjectiveId\": {\r\n        \"type\": \"String\",\r\n        \"value\": \"910b4fcb-8a29-4c3e-958f-f7ba794388b2\"\r\n      },\r\n      \"serverName\": {\r\n        \"type\": \"String\",\r\n        \"value\": \"sql-audit-cmdlet-server2015\"\r\n      },\r\n      \"storageName\": {\r\n        \"type\": \"String\",\r\n        \"value\": \"auditcmdlets2015\"\r\n      }\r\n    },\r\n    \"mode\": \"Incremental\",\r\n    \"provisioningState\": \"Running\",\r\n    \"timestamp\": \"2015-12-06T12:10:26.9580167Z\",\r\n    \"duration\": \"PT2.0065654S\",\r\n    \"correlationId\": \"af0c9808-a0d2-456a-b1fd-944947e06a92\",\r\n    \"providers\": [\r\n      {\r\n        \"namespace\": \"Microsoft.Sql\",\r\n        \"resourceTypes\": [\r\n          {\r\n            \"resourceType\": \"servers\",\r\n            \"locations\": [\r\n              \"westus\"\r\n            ]\r\n          },\r\n          {\r\n            \"resourceType\": \"servers/databases\",\r\n            \"locations\": [\r\n              \"westus\"\r\n            ]\r\n          }\r\n        ]\r\n      },\r\n      {\r\n        \"namespace\": \"Microsoft.ClassicStorage\",\r\n        \"resourceTypes\": [\r\n          {\r\n            \"resourceType\": \"storageAccounts\",\r\n            \"locations\": [\r\n              \"westus\"\r\n            ]\r\n          }\r\n        ]\r\n      }\r\n    ],\r\n    \"dependencies\": [\r\n      {\r\n        \"dependsOn\": [\r\n          {\r\n            \"id\": \"/subscriptions/cca24ec8-99b5-4aa7-9ff6-486e886f304c/resourceGroups/sql-audit-cmdlet-test-rg2015/providers/Microsoft.Sql/servers/sql-audit-cmdlet-server2015\",\r\n            \"resourceType\": \"Microsoft.Sql/servers\",\r\n            \"resourceName\": \"sql-audit-cmdlet-server2015\"\r\n          }\r\n        ],\r\n        \"id\": \"/subscriptions/cca24ec8-99b5-4aa7-9ff6-486e886f304c/resourceGroups/sql-audit-cmdlet-test-rg2015/providers/Microsoft.Sql/servers/sql-audit-cmdlet-server2015/databases/sql-audit-cmdlet-db2015\",\r\n        \"resourceType\": \"Microsoft.Sql/servers/databases\",\r\n        \"resourceName\": \"sql-audit-cmdlet-server2015/sql-audit-cmdlet-db2015\"\r\n      }\r\n    ]\r\n  }\r\n}",
      "ResponseHeaders": {
        "Content-Length": [
          "1819"
        ],
        "Content-Type": [
          "application/json; charset=utf-8"
        ],
        "Expires": [
          "-1"
        ],
        "Pragma": [
          "no-cache"
        ],
        "x-ms-ratelimit-remaining-subscription-reads": [
          "14937"
        ],
        "x-ms-request-id": [
          "d6b660ee-0ef8-43b6-9856-a28aa1942b48"
        ],
        "x-ms-correlation-request-id": [
          "d6b660ee-0ef8-43b6-9856-a28aa1942b48"
        ],
        "x-ms-routing-request-id": [
          "WESTEUROPE:20151206T121109Z:d6b660ee-0ef8-43b6-9856-a28aa1942b48"
        ],
        "Strict-Transport-Security": [
          "max-age=31536000; includeSubDomains"
        ],
        "Cache-Control": [
          "no-cache"
        ],
        "Date": [
          "Sun, 06 Dec 2015 12:11:08 GMT"
        ]
      },
      "StatusCode": 200
    },
    {
      "RequestUri": "/subscriptions/cca24ec8-99b5-4aa7-9ff6-486e886f304c/resourcegroups/sql-audit-cmdlet-test-rg2015/deployments/sql-audit-test-env-setup-classic-storage?api-version=2014-04-01-preview",
      "EncodedRequestUri": "L3N1YnNjcmlwdGlvbnMvY2NhMjRlYzgtOTliNS00YWE3LTlmZjYtNDg2ZTg4NmYzMDRjL3Jlc291cmNlZ3JvdXBzL3NxbC1hdWRpdC1jbWRsZXQtdGVzdC1yZzIwMTUvZGVwbG95bWVudHMvc3FsLWF1ZGl0LXRlc3QtZW52LXNldHVwLWNsYXNzaWMtc3RvcmFnZT9hcGktdmVyc2lvbj0yMDE0LTA0LTAxLXByZXZpZXc=",
      "RequestMethod": "GET",
      "RequestBody": "",
      "RequestHeaders": {
        "User-Agent": [
          "Microsoft.Azure.Management.Resources.ResourceManagementClient/2.0.0.0"
        ]
      },
      "ResponseBody": "{\r\n  \"id\": \"/subscriptions/cca24ec8-99b5-4aa7-9ff6-486e886f304c/resourceGroups/sql-audit-cmdlet-test-rg2015/deployments/sql-audit-test-env-setup-classic-storage\",\r\n  \"name\": \"sql-audit-test-env-setup-classic-storage\",\r\n  \"properties\": {\r\n    \"parameters\": {\r\n      \"administratorLogin\": {\r\n        \"type\": \"String\",\r\n        \"value\": \"testlogin\"\r\n      },\r\n      \"administratorLoginPassword\": {\r\n        \"type\": \"SecureString\"\r\n      },\r\n      \"collation\": {\r\n        \"type\": \"String\",\r\n        \"value\": \"SQL_Latin1_General_CP1_CI_AS\"\r\n      },\r\n      \"databaseName\": {\r\n        \"type\": \"String\",\r\n        \"value\": \"sql-audit-cmdlet-db2015\"\r\n      },\r\n      \"edition\": {\r\n        \"type\": \"String\",\r\n        \"value\": \"Basic\"\r\n      },\r\n      \"configuredServiceLevelObjectiveId\": {\r\n        \"type\": \"String\",\r\n        \"value\": \"910b4fcb-8a29-4c3e-958f-f7ba794388b2\"\r\n      },\r\n      \"serverName\": {\r\n        \"type\": \"String\",\r\n        \"value\": \"sql-audit-cmdlet-server2015\"\r\n      },\r\n      \"storageName\": {\r\n        \"type\": \"String\",\r\n        \"value\": \"auditcmdlets2015\"\r\n      }\r\n    },\r\n    \"mode\": \"Incremental\",\r\n    \"provisioningState\": \"Running\",\r\n    \"timestamp\": \"2015-12-06T12:10:26.9580167Z\",\r\n    \"duration\": \"PT2.0065654S\",\r\n    \"correlationId\": \"af0c9808-a0d2-456a-b1fd-944947e06a92\",\r\n    \"providers\": [\r\n      {\r\n        \"namespace\": \"Microsoft.Sql\",\r\n        \"resourceTypes\": [\r\n          {\r\n            \"resourceType\": \"servers\",\r\n            \"locations\": [\r\n              \"westus\"\r\n            ]\r\n          },\r\n          {\r\n            \"resourceType\": \"servers/databases\",\r\n            \"locations\": [\r\n              \"westus\"\r\n            ]\r\n          }\r\n        ]\r\n      },\r\n      {\r\n        \"namespace\": \"Microsoft.ClassicStorage\",\r\n        \"resourceTypes\": [\r\n          {\r\n            \"resourceType\": \"storageAccounts\",\r\n            \"locations\": [\r\n              \"westus\"\r\n            ]\r\n          }\r\n        ]\r\n      }\r\n    ],\r\n    \"dependencies\": [\r\n      {\r\n        \"dependsOn\": [\r\n          {\r\n            \"id\": \"/subscriptions/cca24ec8-99b5-4aa7-9ff6-486e886f304c/resourceGroups/sql-audit-cmdlet-test-rg2015/providers/Microsoft.Sql/servers/sql-audit-cmdlet-server2015\",\r\n            \"resourceType\": \"Microsoft.Sql/servers\",\r\n            \"resourceName\": \"sql-audit-cmdlet-server2015\"\r\n          }\r\n        ],\r\n        \"id\": \"/subscriptions/cca24ec8-99b5-4aa7-9ff6-486e886f304c/resourceGroups/sql-audit-cmdlet-test-rg2015/providers/Microsoft.Sql/servers/sql-audit-cmdlet-server2015/databases/sql-audit-cmdlet-db2015\",\r\n        \"resourceType\": \"Microsoft.Sql/servers/databases\",\r\n        \"resourceName\": \"sql-audit-cmdlet-server2015/sql-audit-cmdlet-db2015\"\r\n      }\r\n    ]\r\n  }\r\n}",
      "ResponseHeaders": {
        "Content-Length": [
          "1819"
        ],
        "Content-Type": [
          "application/json; charset=utf-8"
        ],
        "Expires": [
          "-1"
        ],
        "Pragma": [
          "no-cache"
        ],
        "x-ms-ratelimit-remaining-subscription-reads": [
          "14935"
        ],
        "x-ms-request-id": [
          "47f97242-f1f4-44ea-8284-accd50629c71"
        ],
        "x-ms-correlation-request-id": [
          "47f97242-f1f4-44ea-8284-accd50629c71"
        ],
        "x-ms-routing-request-id": [
          "WESTEUROPE:20151206T121112Z:47f97242-f1f4-44ea-8284-accd50629c71"
        ],
        "Strict-Transport-Security": [
          "max-age=31536000; includeSubDomains"
        ],
        "Cache-Control": [
          "no-cache"
        ],
        "Date": [
          "Sun, 06 Dec 2015 12:11:11 GMT"
        ]
      },
      "StatusCode": 200
    },
    {
      "RequestUri": "/subscriptions/cca24ec8-99b5-4aa7-9ff6-486e886f304c/resourcegroups/sql-audit-cmdlet-test-rg2015/deployments/sql-audit-test-env-setup-classic-storage?api-version=2014-04-01-preview",
      "EncodedRequestUri": "L3N1YnNjcmlwdGlvbnMvY2NhMjRlYzgtOTliNS00YWE3LTlmZjYtNDg2ZTg4NmYzMDRjL3Jlc291cmNlZ3JvdXBzL3NxbC1hdWRpdC1jbWRsZXQtdGVzdC1yZzIwMTUvZGVwbG95bWVudHMvc3FsLWF1ZGl0LXRlc3QtZW52LXNldHVwLWNsYXNzaWMtc3RvcmFnZT9hcGktdmVyc2lvbj0yMDE0LTA0LTAxLXByZXZpZXc=",
      "RequestMethod": "GET",
      "RequestBody": "",
      "RequestHeaders": {
        "User-Agent": [
          "Microsoft.Azure.Management.Resources.ResourceManagementClient/2.0.0.0"
        ]
      },
      "ResponseBody": "{\r\n  \"id\": \"/subscriptions/cca24ec8-99b5-4aa7-9ff6-486e886f304c/resourceGroups/sql-audit-cmdlet-test-rg2015/deployments/sql-audit-test-env-setup-classic-storage\",\r\n  \"name\": \"sql-audit-test-env-setup-classic-storage\",\r\n  \"properties\": {\r\n    \"parameters\": {\r\n      \"administratorLogin\": {\r\n        \"type\": \"String\",\r\n        \"value\": \"testlogin\"\r\n      },\r\n      \"administratorLoginPassword\": {\r\n        \"type\": \"SecureString\"\r\n      },\r\n      \"collation\": {\r\n        \"type\": \"String\",\r\n        \"value\": \"SQL_Latin1_General_CP1_CI_AS\"\r\n      },\r\n      \"databaseName\": {\r\n        \"type\": \"String\",\r\n        \"value\": \"sql-audit-cmdlet-db2015\"\r\n      },\r\n      \"edition\": {\r\n        \"type\": \"String\",\r\n        \"value\": \"Basic\"\r\n      },\r\n      \"configuredServiceLevelObjectiveId\": {\r\n        \"type\": \"String\",\r\n        \"value\": \"910b4fcb-8a29-4c3e-958f-f7ba794388b2\"\r\n      },\r\n      \"serverName\": {\r\n        \"type\": \"String\",\r\n        \"value\": \"sql-audit-cmdlet-server2015\"\r\n      },\r\n      \"storageName\": {\r\n        \"type\": \"String\",\r\n        \"value\": \"auditcmdlets2015\"\r\n      }\r\n    },\r\n    \"mode\": \"Incremental\",\r\n    \"provisioningState\": \"Running\",\r\n    \"timestamp\": \"2015-12-06T12:10:26.9580167Z\",\r\n    \"duration\": \"PT2.0065654S\",\r\n    \"correlationId\": \"af0c9808-a0d2-456a-b1fd-944947e06a92\",\r\n    \"providers\": [\r\n      {\r\n        \"namespace\": \"Microsoft.Sql\",\r\n        \"resourceTypes\": [\r\n          {\r\n            \"resourceType\": \"servers\",\r\n            \"locations\": [\r\n              \"westus\"\r\n            ]\r\n          },\r\n          {\r\n            \"resourceType\": \"servers/databases\",\r\n            \"locations\": [\r\n              \"westus\"\r\n            ]\r\n          }\r\n        ]\r\n      },\r\n      {\r\n        \"namespace\": \"Microsoft.ClassicStorage\",\r\n        \"resourceTypes\": [\r\n          {\r\n            \"resourceType\": \"storageAccounts\",\r\n            \"locations\": [\r\n              \"westus\"\r\n            ]\r\n          }\r\n        ]\r\n      }\r\n    ],\r\n    \"dependencies\": [\r\n      {\r\n        \"dependsOn\": [\r\n          {\r\n            \"id\": \"/subscriptions/cca24ec8-99b5-4aa7-9ff6-486e886f304c/resourceGroups/sql-audit-cmdlet-test-rg2015/providers/Microsoft.Sql/servers/sql-audit-cmdlet-server2015\",\r\n            \"resourceType\": \"Microsoft.Sql/servers\",\r\n            \"resourceName\": \"sql-audit-cmdlet-server2015\"\r\n          }\r\n        ],\r\n        \"id\": \"/subscriptions/cca24ec8-99b5-4aa7-9ff6-486e886f304c/resourceGroups/sql-audit-cmdlet-test-rg2015/providers/Microsoft.Sql/servers/sql-audit-cmdlet-server2015/databases/sql-audit-cmdlet-db2015\",\r\n        \"resourceType\": \"Microsoft.Sql/servers/databases\",\r\n        \"resourceName\": \"sql-audit-cmdlet-server2015/sql-audit-cmdlet-db2015\"\r\n      }\r\n    ]\r\n  }\r\n}",
      "ResponseHeaders": {
        "Content-Length": [
          "1819"
        ],
        "Content-Type": [
          "application/json; charset=utf-8"
        ],
        "Expires": [
          "-1"
        ],
        "Pragma": [
          "no-cache"
        ],
        "x-ms-ratelimit-remaining-subscription-reads": [
          "14933"
        ],
        "x-ms-request-id": [
          "6f3e3b99-c9f8-4261-9277-563d3cc0705c"
        ],
        "x-ms-correlation-request-id": [
          "6f3e3b99-c9f8-4261-9277-563d3cc0705c"
        ],
        "x-ms-routing-request-id": [
          "WESTEUROPE:20151206T121115Z:6f3e3b99-c9f8-4261-9277-563d3cc0705c"
        ],
        "Strict-Transport-Security": [
          "max-age=31536000; includeSubDomains"
        ],
        "Cache-Control": [
          "no-cache"
        ],
        "Date": [
          "Sun, 06 Dec 2015 12:11:14 GMT"
        ]
      },
      "StatusCode": 200
    },
    {
      "RequestUri": "/subscriptions/cca24ec8-99b5-4aa7-9ff6-486e886f304c/resourcegroups/sql-audit-cmdlet-test-rg2015/deployments/sql-audit-test-env-setup-classic-storage?api-version=2014-04-01-preview",
      "EncodedRequestUri": "L3N1YnNjcmlwdGlvbnMvY2NhMjRlYzgtOTliNS00YWE3LTlmZjYtNDg2ZTg4NmYzMDRjL3Jlc291cmNlZ3JvdXBzL3NxbC1hdWRpdC1jbWRsZXQtdGVzdC1yZzIwMTUvZGVwbG95bWVudHMvc3FsLWF1ZGl0LXRlc3QtZW52LXNldHVwLWNsYXNzaWMtc3RvcmFnZT9hcGktdmVyc2lvbj0yMDE0LTA0LTAxLXByZXZpZXc=",
      "RequestMethod": "GET",
      "RequestBody": "",
      "RequestHeaders": {
        "User-Agent": [
          "Microsoft.Azure.Management.Resources.ResourceManagementClient/2.0.0.0"
        ]
      },
      "ResponseBody": "{\r\n  \"id\": \"/subscriptions/cca24ec8-99b5-4aa7-9ff6-486e886f304c/resourceGroups/sql-audit-cmdlet-test-rg2015/deployments/sql-audit-test-env-setup-classic-storage\",\r\n  \"name\": \"sql-audit-test-env-setup-classic-storage\",\r\n  \"properties\": {\r\n    \"parameters\": {\r\n      \"administratorLogin\": {\r\n        \"type\": \"String\",\r\n        \"value\": \"testlogin\"\r\n      },\r\n      \"administratorLoginPassword\": {\r\n        \"type\": \"SecureString\"\r\n      },\r\n      \"collation\": {\r\n        \"type\": \"String\",\r\n        \"value\": \"SQL_Latin1_General_CP1_CI_AS\"\r\n      },\r\n      \"databaseName\": {\r\n        \"type\": \"String\",\r\n        \"value\": \"sql-audit-cmdlet-db2015\"\r\n      },\r\n      \"edition\": {\r\n        \"type\": \"String\",\r\n        \"value\": \"Basic\"\r\n      },\r\n      \"configuredServiceLevelObjectiveId\": {\r\n        \"type\": \"String\",\r\n        \"value\": \"910b4fcb-8a29-4c3e-958f-f7ba794388b2\"\r\n      },\r\n      \"serverName\": {\r\n        \"type\": \"String\",\r\n        \"value\": \"sql-audit-cmdlet-server2015\"\r\n      },\r\n      \"storageName\": {\r\n        \"type\": \"String\",\r\n        \"value\": \"auditcmdlets2015\"\r\n      }\r\n    },\r\n    \"mode\": \"Incremental\",\r\n    \"provisioningState\": \"Running\",\r\n    \"timestamp\": \"2015-12-06T12:10:26.9580167Z\",\r\n    \"duration\": \"PT2.0065654S\",\r\n    \"correlationId\": \"af0c9808-a0d2-456a-b1fd-944947e06a92\",\r\n    \"providers\": [\r\n      {\r\n        \"namespace\": \"Microsoft.Sql\",\r\n        \"resourceTypes\": [\r\n          {\r\n            \"resourceType\": \"servers\",\r\n            \"locations\": [\r\n              \"westus\"\r\n            ]\r\n          },\r\n          {\r\n            \"resourceType\": \"servers/databases\",\r\n            \"locations\": [\r\n              \"westus\"\r\n            ]\r\n          }\r\n        ]\r\n      },\r\n      {\r\n        \"namespace\": \"Microsoft.ClassicStorage\",\r\n        \"resourceTypes\": [\r\n          {\r\n            \"resourceType\": \"storageAccounts\",\r\n            \"locations\": [\r\n              \"westus\"\r\n            ]\r\n          }\r\n        ]\r\n      }\r\n    ],\r\n    \"dependencies\": [\r\n      {\r\n        \"dependsOn\": [\r\n          {\r\n            \"id\": \"/subscriptions/cca24ec8-99b5-4aa7-9ff6-486e886f304c/resourceGroups/sql-audit-cmdlet-test-rg2015/providers/Microsoft.Sql/servers/sql-audit-cmdlet-server2015\",\r\n            \"resourceType\": \"Microsoft.Sql/servers\",\r\n            \"resourceName\": \"sql-audit-cmdlet-server2015\"\r\n          }\r\n        ],\r\n        \"id\": \"/subscriptions/cca24ec8-99b5-4aa7-9ff6-486e886f304c/resourceGroups/sql-audit-cmdlet-test-rg2015/providers/Microsoft.Sql/servers/sql-audit-cmdlet-server2015/databases/sql-audit-cmdlet-db2015\",\r\n        \"resourceType\": \"Microsoft.Sql/servers/databases\",\r\n        \"resourceName\": \"sql-audit-cmdlet-server2015/sql-audit-cmdlet-db2015\"\r\n      }\r\n    ]\r\n  }\r\n}",
      "ResponseHeaders": {
        "Content-Length": [
          "1819"
        ],
        "Content-Type": [
          "application/json; charset=utf-8"
        ],
        "Expires": [
          "-1"
        ],
        "Pragma": [
          "no-cache"
        ],
        "x-ms-ratelimit-remaining-subscription-reads": [
          "14931"
        ],
        "x-ms-request-id": [
          "af174040-c15c-4052-aecb-2c0ac6213acb"
        ],
        "x-ms-correlation-request-id": [
          "af174040-c15c-4052-aecb-2c0ac6213acb"
        ],
        "x-ms-routing-request-id": [
          "WESTEUROPE:20151206T121118Z:af174040-c15c-4052-aecb-2c0ac6213acb"
        ],
        "Strict-Transport-Security": [
          "max-age=31536000; includeSubDomains"
        ],
        "Cache-Control": [
          "no-cache"
        ],
        "Date": [
          "Sun, 06 Dec 2015 12:11:18 GMT"
        ]
      },
      "StatusCode": 200
    },
    {
      "RequestUri": "/subscriptions/cca24ec8-99b5-4aa7-9ff6-486e886f304c/resourcegroups/sql-audit-cmdlet-test-rg2015/deployments/sql-audit-test-env-setup-classic-storage?api-version=2014-04-01-preview",
      "EncodedRequestUri": "L3N1YnNjcmlwdGlvbnMvY2NhMjRlYzgtOTliNS00YWE3LTlmZjYtNDg2ZTg4NmYzMDRjL3Jlc291cmNlZ3JvdXBzL3NxbC1hdWRpdC1jbWRsZXQtdGVzdC1yZzIwMTUvZGVwbG95bWVudHMvc3FsLWF1ZGl0LXRlc3QtZW52LXNldHVwLWNsYXNzaWMtc3RvcmFnZT9hcGktdmVyc2lvbj0yMDE0LTA0LTAxLXByZXZpZXc=",
      "RequestMethod": "GET",
      "RequestBody": "",
      "RequestHeaders": {
        "User-Agent": [
          "Microsoft.Azure.Management.Resources.ResourceManagementClient/2.0.0.0"
        ]
      },
      "ResponseBody": "{\r\n  \"id\": \"/subscriptions/cca24ec8-99b5-4aa7-9ff6-486e886f304c/resourceGroups/sql-audit-cmdlet-test-rg2015/deployments/sql-audit-test-env-setup-classic-storage\",\r\n  \"name\": \"sql-audit-test-env-setup-classic-storage\",\r\n  \"properties\": {\r\n    \"parameters\": {\r\n      \"administratorLogin\": {\r\n        \"type\": \"String\",\r\n        \"value\": \"testlogin\"\r\n      },\r\n      \"administratorLoginPassword\": {\r\n        \"type\": \"SecureString\"\r\n      },\r\n      \"collation\": {\r\n        \"type\": \"String\",\r\n        \"value\": \"SQL_Latin1_General_CP1_CI_AS\"\r\n      },\r\n      \"databaseName\": {\r\n        \"type\": \"String\",\r\n        \"value\": \"sql-audit-cmdlet-db2015\"\r\n      },\r\n      \"edition\": {\r\n        \"type\": \"String\",\r\n        \"value\": \"Basic\"\r\n      },\r\n      \"configuredServiceLevelObjectiveId\": {\r\n        \"type\": \"String\",\r\n        \"value\": \"910b4fcb-8a29-4c3e-958f-f7ba794388b2\"\r\n      },\r\n      \"serverName\": {\r\n        \"type\": \"String\",\r\n        \"value\": \"sql-audit-cmdlet-server2015\"\r\n      },\r\n      \"storageName\": {\r\n        \"type\": \"String\",\r\n        \"value\": \"auditcmdlets2015\"\r\n      }\r\n    },\r\n    \"mode\": \"Incremental\",\r\n    \"provisioningState\": \"Succeeded\",\r\n    \"timestamp\": \"2015-12-06T12:11:20.9573292Z\",\r\n    \"duration\": \"PT56.0058779S\",\r\n    \"correlationId\": \"af0c9808-a0d2-456a-b1fd-944947e06a92\",\r\n    \"providers\": [\r\n      {\r\n        \"namespace\": \"Microsoft.Sql\",\r\n        \"resourceTypes\": [\r\n          {\r\n            \"resourceType\": \"servers\",\r\n            \"locations\": [\r\n              \"westus\"\r\n            ]\r\n          },\r\n          {\r\n            \"resourceType\": \"servers/databases\",\r\n            \"locations\": [\r\n              \"westus\"\r\n            ]\r\n          }\r\n        ]\r\n      },\r\n      {\r\n        \"namespace\": \"Microsoft.ClassicStorage\",\r\n        \"resourceTypes\": [\r\n          {\r\n            \"resourceType\": \"storageAccounts\",\r\n            \"locations\": [\r\n              \"westus\"\r\n            ]\r\n          }\r\n        ]\r\n      }\r\n    ],\r\n    \"dependencies\": [\r\n      {\r\n        \"dependsOn\": [\r\n          {\r\n            \"id\": \"/subscriptions/cca24ec8-99b5-4aa7-9ff6-486e886f304c/resourceGroups/sql-audit-cmdlet-test-rg2015/providers/Microsoft.Sql/servers/sql-audit-cmdlet-server2015\",\r\n            \"resourceType\": \"Microsoft.Sql/servers\",\r\n            \"resourceName\": \"sql-audit-cmdlet-server2015\"\r\n          }\r\n        ],\r\n        \"id\": \"/subscriptions/cca24ec8-99b5-4aa7-9ff6-486e886f304c/resourceGroups/sql-audit-cmdlet-test-rg2015/providers/Microsoft.Sql/servers/sql-audit-cmdlet-server2015/databases/sql-audit-cmdlet-db2015\",\r\n        \"resourceType\": \"Microsoft.Sql/servers/databases\",\r\n        \"resourceName\": \"sql-audit-cmdlet-server2015/sql-audit-cmdlet-db2015\"\r\n      }\r\n    ],\r\n    \"outputResources\": [\r\n      {\r\n        \"id\": \"Microsoft.ClassicStorage/storageAccounts/auditcmdlets2015\"\r\n      },\r\n      {\r\n        \"id\": \"Microsoft.Sql/servers/sql-audit-cmdlet-server2015\"\r\n      },\r\n      {\r\n        \"id\": \"Microsoft.Sql/servers/sql-audit-cmdlet-server2015/databases/sql-audit-cmdlet-db2015\"\r\n      }\r\n    ]\r\n  }\r\n}",
      "ResponseHeaders": {
        "Content-Length": [
          "2061"
        ],
        "Content-Type": [
          "application/json; charset=utf-8"
        ],
        "Expires": [
          "-1"
        ],
        "Pragma": [
          "no-cache"
        ],
        "x-ms-ratelimit-remaining-subscription-reads": [
          "14929"
        ],
        "x-ms-request-id": [
          "6ed682ff-e609-48bd-a26d-82a57a89e333"
        ],
        "x-ms-correlation-request-id": [
          "6ed682ff-e609-48bd-a26d-82a57a89e333"
        ],
        "x-ms-routing-request-id": [
          "WESTEUROPE:20151206T121121Z:6ed682ff-e609-48bd-a26d-82a57a89e333"
        ],
        "Strict-Transport-Security": [
          "max-age=31536000; includeSubDomains"
        ],
        "Cache-Control": [
          "no-cache"
        ],
        "Date": [
          "Sun, 06 Dec 2015 12:11:21 GMT"
        ]
      },
      "StatusCode": 200
    },
    {
      "RequestUri": "/subscriptions/cca24ec8-99b5-4aa7-9ff6-486e886f304c/resourceGroups/sql-audit-cmdlet-test-rg2015/providers/Microsoft.Sql/servers/sql-audit-cmdlet-server2015/auditingPolicies/Default?api-version=2014-04-01",
      "EncodedRequestUri": "L3N1YnNjcmlwdGlvbnMvY2NhMjRlYzgtOTliNS00YWE3LTlmZjYtNDg2ZTg4NmYzMDRjL3Jlc291cmNlR3JvdXBzL3NxbC1hdWRpdC1jbWRsZXQtdGVzdC1yZzIwMTUvcHJvdmlkZXJzL01pY3Jvc29mdC5TcWwvc2VydmVycy9zcWwtYXVkaXQtY21kbGV0LXNlcnZlcjIwMTUvYXVkaXRpbmdQb2xpY2llcy9EZWZhdWx0P2FwaS12ZXJzaW9uPTIwMTQtMDQtMDE=",
      "RequestMethod": "GET",
      "RequestBody": "",
      "RequestHeaders": {
        "User-Agent": [
          "Microsoft.Azure.Management.Sql.SqlManagementClient/0.9.0.0"
        ],
        "x-ms-client-request-id": [
          "5e3aca15-f54a-41cc-b02d-82b7e733d343"
        ]
      },
      "ResponseBody": "{\r\n  \"id\": \"/subscriptions/cca24ec8-99b5-4aa7-9ff6-486e886f304c/resourceGroups/sql-audit-cmdlet-test-rg2015/providers/Microsoft.Sql/servers/sql-audit-cmdlet-server2015/auditingPolicies/Default\",\r\n  \"name\": \"Default\",\r\n  \"type\": \"Microsoft.Sql/servers/auditingPolicies\",\r\n  \"location\": \"West US\",\r\n  \"properties\": {\r\n    \"auditingState\": \"Enabled\",\r\n    \"eventTypesToAudit\": \"PlainSQL_Success,PlainSQL_Failure,ParameterizedSQL_Success,ParameterizedSQL_Failure,StoredProcedure_Success,StoredProcedure_Failure,Login_Success,Login_Failure,TransactionManagement_Success,TransactionManagement_Failure\",\r\n    \"storageAccountName\": \"auditcmdlets2015\",\r\n    \"auditLogsTableName\": \"Sqlauditcmdletserver2015\",\r\n    \"storageAccountKey\": \"********\",\r\n    \"storageAccountSecondaryKey\": null,\r\n    \"storageTableEndpoint\": \"https://auditcmdlets2015.table.core.windows.net\",\r\n    \"storageAccountResourceGroupName\": \"sql-audit-cmdlet-test-rg2015\",\r\n    \"storageAccountSubscriptionId\": \"cca24ec8-99b5-4aa7-9ff6-486e886f304c\",\r\n    \"retentionDays\": \"0\"\r\n  }\r\n}",
      "ResponseHeaders": {
        "Content-Length": [
          "939"
        ],
        "Content-Type": [
          "application/json; odata=minimalmetadata; streaming=true; charset=utf-8"
        ],
        "x-ms-request-id": [
          "b2f5e2ea-e734-4643-b728-c4489f2aa7b7"
        ],
        "X-Content-Type-Options": [
          "nosniff"
        ],
        "DataServiceVersion": [
          "3.0;"
        ],
        "x-ms-ratelimit-remaining-subscription-reads": [
          "14869"
        ],
        "x-ms-correlation-request-id": [
          "d44380a3-05dc-42a8-8a64-626ff04fb873"
        ],
        "x-ms-routing-request-id": [
          "WESTEUROPE:20151206T121125Z:d44380a3-05dc-42a8-8a64-626ff04fb873"
        ],
        "Strict-Transport-Security": [
          "max-age=31536000; includeSubDomains"
        ],
        "Cache-Control": [
          "no-store, no-cache"
        ],
        "Date": [
          "Sun, 06 Dec 2015 12:11:25 GMT"
        ],
        "Server": [
          "Microsoft-HTTPAPI/2.0"
        ]
      },
      "StatusCode": 200
    },
    {
      "RequestUri": "/subscriptions/cca24ec8-99b5-4aa7-9ff6-486e886f304c/resourceGroups/sql-audit-cmdlet-test-rg2015/providers/Microsoft.Sql/servers/sql-audit-cmdlet-server2015/auditingPolicies/Default?api-version=2014-04-01",
      "EncodedRequestUri": "L3N1YnNjcmlwdGlvbnMvY2NhMjRlYzgtOTliNS00YWE3LTlmZjYtNDg2ZTg4NmYzMDRjL3Jlc291cmNlR3JvdXBzL3NxbC1hdWRpdC1jbWRsZXQtdGVzdC1yZzIwMTUvcHJvdmlkZXJzL01pY3Jvc29mdC5TcWwvc2VydmVycy9zcWwtYXVkaXQtY21kbGV0LXNlcnZlcjIwMTUvYXVkaXRpbmdQb2xpY2llcy9EZWZhdWx0P2FwaS12ZXJzaW9uPTIwMTQtMDQtMDE=",
      "RequestMethod": "GET",
      "RequestBody": "",
      "RequestHeaders": {
        "User-Agent": [
          "Microsoft.Azure.Management.Sql.SqlManagementClient/0.9.0.0"
        ],
        "x-ms-client-request-id": [
          "03b6fa4d-ede2-4c8a-9136-5eab38ee7e72"
        ]
      },
      "ResponseBody": "{\r\n  \"id\": \"/subscriptions/cca24ec8-99b5-4aa7-9ff6-486e886f304c/resourceGroups/sql-audit-cmdlet-test-rg2015/providers/Microsoft.Sql/servers/sql-audit-cmdlet-server2015/auditingPolicies/Default\",\r\n  \"name\": \"Default\",\r\n  \"type\": \"Microsoft.Sql/servers/auditingPolicies\",\r\n  \"location\": \"West US\",\r\n  \"properties\": {\r\n    \"auditingState\": \"Enabled\",\r\n    \"eventTypesToAudit\": \"PlainSQL_Success,PlainSQL_Failure,ParameterizedSQL_Success,ParameterizedSQL_Failure,StoredProcedure_Success,StoredProcedure_Failure,Login_Success,Login_Failure,TransactionManagement_Success,TransactionManagement_Failure\",\r\n    \"storageAccountName\": \"auditcmdlets2015\",\r\n    \"auditLogsTableName\": \"Sqlauditcmdletserver2015\",\r\n    \"storageAccountKey\": \"********\",\r\n    \"storageAccountSecondaryKey\": null,\r\n    \"storageTableEndpoint\": \"https://auditcmdlets2015.table.core.windows.net\",\r\n    \"storageAccountResourceGroupName\": \"sql-audit-cmdlet-test-rg2015\",\r\n    \"storageAccountSubscriptionId\": \"cca24ec8-99b5-4aa7-9ff6-486e886f304c\",\r\n    \"retentionDays\": \"0\"\r\n  }\r\n}",
      "ResponseHeaders": {
        "Content-Length": [
          "939"
        ],
        "Content-Type": [
          "application/json; odata=minimalmetadata; streaming=true; charset=utf-8"
        ],
        "x-ms-request-id": [
          "985aa74f-a330-484a-aebb-e8d56ce1044a"
        ],
        "X-Content-Type-Options": [
          "nosniff"
        ],
        "DataServiceVersion": [
          "3.0;"
        ],
        "x-ms-ratelimit-remaining-subscription-reads": [
          "14868"
        ],
        "x-ms-correlation-request-id": [
          "18bed78a-86a4-4fd6-8070-5aed1d799f26"
        ],
        "x-ms-routing-request-id": [
          "WESTEUROPE:20151206T121130Z:18bed78a-86a4-4fd6-8070-5aed1d799f26"
        ],
        "Strict-Transport-Security": [
          "max-age=31536000; includeSubDomains"
        ],
        "Cache-Control": [
          "no-store, no-cache"
        ],
        "Date": [
          "Sun, 06 Dec 2015 12:11:30 GMT"
        ],
        "Server": [
          "Microsoft-HTTPAPI/2.0"
        ]
      },
      "StatusCode": 200
    },
    {
      "RequestUri": "/subscriptions/cca24ec8-99b5-4aa7-9ff6-486e886f304c/resources?$filter=resourceType%20eq%20'Microsoft.ClassicStorage%2FstorageAccounts'&api-version=2014-04-01-preview",
      "EncodedRequestUri": "L3N1YnNjcmlwdGlvbnMvY2NhMjRlYzgtOTliNS00YWE3LTlmZjYtNDg2ZTg4NmYzMDRjL3Jlc291cmNlcz8kZmlsdGVyPXJlc291cmNlVHlwZSUyMGVxJTIwJ01pY3Jvc29mdC5DbGFzc2ljU3RvcmFnZSUyRnN0b3JhZ2VBY2NvdW50cycmYXBpLXZlcnNpb249MjAxNC0wNC0wMS1wcmV2aWV3",
      "RequestMethod": "GET",
      "RequestBody": "",
      "RequestHeaders": {
        "User-Agent": [
          "Microsoft.Azure.Management.Resources.ResourceManagementClient/2.0.0.0"
        ]
      },
      "ResponseBody": "{\r\n  \"value\": [\r\n    {\r\n      \"id\": \"/subscriptions/cca24ec8-99b5-4aa7-9ff6-486e886f304c/resourceGroups/andml/providers/Microsoft.ClassicStorage/storageAccounts/rambrachtd\",\r\n      \"name\": \"rambrachtd\",\r\n      \"type\": \"Microsoft.ClassicStorage/storageAccounts\",\r\n      \"location\": \"westeurope\"\r\n    },\r\n    {\r\n      \"id\": \"/subscriptions/cca24ec8-99b5-4aa7-9ff6-486e886f304c/resourceGroups/assafaktest/providers/Microsoft.ClassicStorage/storageAccounts/alexumauditlogsstorage1\",\r\n      \"name\": \"alexumauditlogsstorage1\",\r\n      \"type\": \"Microsoft.ClassicStorage/storageAccounts\",\r\n      \"location\": \"southeastasia\"\r\n    },\r\n    {\r\n      \"id\": \"/subscriptions/cca24ec8-99b5-4aa7-9ff6-486e886f304c/resourceGroups/Default-SQL-AustraliaEast/providers/Microsoft.ClassicStorage/storageAccounts/inherittest\",\r\n      \"name\": \"inherittest\",\r\n      \"type\": \"Microsoft.ClassicStorage/storageAccounts\",\r\n      \"location\": \"southeastasia\"\r\n    },\r\n    {\r\n      \"id\": \"/subscriptions/cca24ec8-99b5-4aa7-9ff6-486e886f304c/resourceGroups/Default-SQL-NorthEurope/providers/Microsoft.ClassicStorage/storageAccounts/yoavfadfsample\",\r\n      \"name\": \"yoavfadfsample\",\r\n      \"type\": \"Microsoft.ClassicStorage/storageAccounts\",\r\n      \"location\": \"northeurope\"\r\n    },\r\n    {\r\n      \"id\": \"/subscriptions/cca24ec8-99b5-4aa7-9ff6-486e886f304c/resourceGroups/Default-Storage-CentralUS/providers/Microsoft.ClassicStorage/storageAccounts/tomerl10\",\r\n      \"name\": \"tomerl10\",\r\n      \"type\": \"Microsoft.ClassicStorage/storageAccounts\",\r\n      \"location\": \"centralus\"\r\n    },\r\n    {\r\n      \"id\": \"/subscriptions/cca24ec8-99b5-4aa7-9ff6-486e886f304c/resourceGroups/Default-Storage-CentralUS/providers/Microsoft.ClassicStorage/storageAccounts/yoavf\",\r\n      \"name\": \"yoavf\",\r\n      \"type\": \"Microsoft.ClassicStorage/storageAccounts\",\r\n      \"location\": \"centralus\"\r\n    },\r\n    {\r\n      \"id\": \"/subscriptions/cca24ec8-99b5-4aa7-9ff6-486e886f304c/resourceGroups/Default-Storage-EastAsia/providers/Microsoft.ClassicStorage/storageAccounts/portalvhdsq8lmr4qtzkxb5\",\r\n      \"name\": \"portalvhdsq8lmr4qtzkxb5\",\r\n      \"type\": \"Microsoft.ClassicStorage/storageAccounts\",\r\n      \"location\": \"eastasia\"\r\n    },\r\n    {\r\n      \"id\": \"/subscriptions/cca24ec8-99b5-4aa7-9ff6-486e886f304c/resourceGroups/Default-Storage-EastUS/providers/Microsoft.ClassicStorage/storageAccounts/lianastorage2\",\r\n      \"name\": \"lianastorage2\",\r\n      \"type\": \"Microsoft.ClassicStorage/storageAccounts\",\r\n      \"location\": \"eastus\"\r\n    },\r\n    {\r\n      \"id\": \"/subscriptions/cca24ec8-99b5-4aa7-9ff6-486e886f304c/resourceGroups/Default-Storage-EastUS/providers/Microsoft.ClassicStorage/storageAccounts/portalvhdsb85hb194sjzz\",\r\n      \"name\": \"portalvhdsb85hb194sjzz\",\r\n      \"type\": \"Microsoft.ClassicStorage/storageAccounts\",\r\n      \"location\": \"eastus\"\r\n    },\r\n    {\r\n      \"id\": \"/subscriptions/cca24ec8-99b5-4aa7-9ff6-486e886f304c/resourceGroups/Default-Storage-EastUS/providers/Microsoft.ClassicStorage/storageAccounts/yoavfpowerbi2\",\r\n      \"name\": \"yoavfpowerbi2\",\r\n      \"type\": \"Microsoft.ClassicStorage/storageAccounts\",\r\n      \"location\": \"eastus\"\r\n    },\r\n    {\r\n      \"id\": \"/subscriptions/cca24ec8-99b5-4aa7-9ff6-486e886f304c/resourceGroups/Default-Storage-EastUS/providers/Microsoft.ClassicStorage/storageAccounts/yoavfpowerbismall\",\r\n      \"name\": \"yoavfpowerbismall\",\r\n      \"type\": \"Microsoft.ClassicStorage/storageAccounts\",\r\n      \"location\": \"eastus\"\r\n    },\r\n    {\r\n      \"id\": \"/subscriptions/cca24ec8-99b5-4aa7-9ff6-486e886f304c/resourceGroups/Default-Storage-EastUS2/providers/Microsoft.ClassicStorage/storageAccounts/portalvhdsv934j7szk9sg7\",\r\n      \"name\": \"portalvhdsv934j7szk9sg7\",\r\n      \"type\": \"Microsoft.ClassicStorage/storageAccounts\",\r\n      \"location\": \"eastus2\"\r\n    },\r\n    {\r\n      \"id\": \"/subscriptions/cca24ec8-99b5-4aa7-9ff6-486e886f304c/resourceGroups/Default-Storage-NorthEurope/providers/Microsoft.ClassicStorage/storageAccounts/db5kalistorage\",\r\n      \"name\": \"db5kalistorage\",\r\n      \"type\": \"Microsoft.ClassicStorage/storageAccounts\",\r\n      \"location\": \"northeurope\"\r\n    },\r\n    {\r\n      \"id\": \"/subscriptions/cca24ec8-99b5-4aa7-9ff6-486e886f304c/resourceGroups/Default-Storage-NorthEurope/providers/Microsoft.ClassicStorage/storageAccounts/tomerrstorage\",\r\n      \"name\": \"tomerrstorage\",\r\n      \"type\": \"Microsoft.ClassicStorage/storageAccounts\",\r\n      \"location\": \"northeurope\"\r\n    },\r\n    {\r\n      \"id\": \"/subscriptions/cca24ec8-99b5-4aa7-9ff6-486e886f304c/resourceGroups/Default-Storage-WestEurope/providers/Microsoft.ClassicStorage/storageAccounts/alexumauditlogsstorage\",\r\n      \"name\": \"alexumauditlogsstorage\",\r\n      \"type\": \"Microsoft.ClassicStorage/storageAccounts\",\r\n      \"location\": \"westeurope\"\r\n    },\r\n    {\r\n      \"id\": \"/subscriptions/cca24ec8-99b5-4aa7-9ff6-486e886f304c/resourceGroups/Default-Storage-WestEurope/providers/Microsoft.ClassicStorage/storageAccounts/nadavhauditlogsstorage\",\r\n      \"name\": \"nadavhauditlogsstorage\",\r\n      \"type\": \"Microsoft.ClassicStorage/storageAccounts\",\r\n      \"location\": \"westeurope\"\r\n    },\r\n    {\r\n      \"id\": \"/subscriptions/cca24ec8-99b5-4aa7-9ff6-486e886f304c/resourceGroups/Default-Storage-WestEurope/providers/Microsoft.ClassicStorage/storageAccounts/ofirtest\",\r\n      \"name\": \"ofirtest\",\r\n      \"type\": \"Microsoft.ClassicStorage/storageAccounts\",\r\n      \"location\": \"westeurope\"\r\n    },\r\n    {\r\n      \"id\": \"/subscriptions/cca24ec8-99b5-4aa7-9ff6-486e886f304c/resourceGroups/Default-Storage-WestEurope/providers/Microsoft.ClassicStorage/storageAccounts/portalvhdsy8wcm73x2bh2j\",\r\n      \"name\": \"portalvhdsy8wcm73x2bh2j\",\r\n      \"type\": \"Microsoft.ClassicStorage/storageAccounts\",\r\n      \"location\": \"westeurope\"\r\n    },\r\n    {\r\n      \"id\": \"/subscriptions/cca24ec8-99b5-4aa7-9ff6-486e886f304c/resourceGroups/Default-Storage-WestEurope/providers/Microsoft.ClassicStorage/storageAccounts/rambrachteststorage\",\r\n      \"name\": \"rambrachteststorage\",\r\n      \"type\": \"Microsoft.ClassicStorage/storageAccounts\",\r\n      \"location\": \"westeurope\"\r\n    },\r\n    {\r\n      \"id\": \"/subscriptions/cca24ec8-99b5-4aa7-9ff6-486e886f304c/resourceGroups/Default-Storage-WestEurope/providers/Microsoft.ClassicStorage/storageAccounts/tdml\",\r\n      \"name\": \"tdml\",\r\n      \"type\": \"Microsoft.ClassicStorage/storageAccounts\",\r\n      \"location\": \"westeurope\"\r\n    },\r\n    {\r\n      \"id\": \"/subscriptions/cca24ec8-99b5-4aa7-9ff6-486e886f304c/resourceGroups/Default-Storage-WestUS/providers/Microsoft.ClassicStorage/storageAccounts/galmtest\",\r\n      \"name\": \"galmtest\",\r\n      \"type\": \"Microsoft.ClassicStorage/storageAccounts\",\r\n      \"location\": \"westus\"\r\n    },\r\n    {\r\n      \"id\": \"/subscriptions/cca24ec8-99b5-4aa7-9ff6-486e886f304c/resourceGroups/Default-Storage-WestUS/providers/Microsoft.ClassicStorage/storageAccounts/portalvhdsf7kj9rfzv9wn7\",\r\n      \"name\": \"portalvhdsf7kj9rfzv9wn7\",\r\n      \"type\": \"Microsoft.ClassicStorage/storageAccounts\",\r\n      \"location\": \"westus\"\r\n    },\r\n    {\r\n      \"id\": \"/subscriptions/cca24ec8-99b5-4aa7-9ff6-486e886f304c/resourceGroups/Default-Storage-WestUS/providers/Microsoft.ClassicStorage/storageAccounts/yrubincmdletstest\",\r\n      \"name\": \"yrubincmdletstest\",\r\n      \"type\": \"Microsoft.ClassicStorage/storageAccounts\",\r\n      \"location\": \"westus\"\r\n    },\r\n    {\r\n      \"id\": \"/subscriptions/cca24ec8-99b5-4aa7-9ff6-486e886f304c/resourceGroups/Group-1/providers/Microsoft.ClassicStorage/storageAccounts/tgagrinctp23\",\r\n      \"name\": \"tgagrinctp23\",\r\n      \"type\": \"Microsoft.ClassicStorage/storageAccounts\",\r\n      \"location\": \"northeurope\"\r\n    },\r\n    {\r\n      \"id\": \"/subscriptions/cca24ec8-99b5-4aa7-9ff6-486e886f304c/resourceGroups/MemoryInvestigations/providers/Microsoft.ClassicStorage/storageAccounts/assafakmemdump\",\r\n      \"name\": \"assafakmemdump\",\r\n      \"type\": \"Microsoft.ClassicStorage/storageAccounts\",\r\n      \"location\": \"westeurope\"\r\n    },\r\n    {\r\n      \"id\": \"/subscriptions/cca24ec8-99b5-4aa7-9ff6-486e886f304c/resourceGroups/ResourceGroup/providers/Microsoft.ClassicStorage/storageAccounts/ranishateststorage22\",\r\n      \"name\": \"ranishateststorage22\",\r\n      \"type\": \"Microsoft.ClassicStorage/storageAccounts\",\r\n      \"location\": \"eastasia\"\r\n    },\r\n    {\r\n      \"id\": \"/subscriptions/cca24ec8-99b5-4aa7-9ff6-486e886f304c/resourceGroups/sql-audit-cmdlet-test-rg2015/providers/Microsoft.ClassicStorage/storageAccounts/auditcmdlets2015\",\r\n      \"name\": \"auditcmdlets2015\",\r\n      \"type\": \"Microsoft.ClassicStorage/storageAccounts\",\r\n      \"location\": \"westus\"\r\n    },\r\n    {\r\n      \"id\": \"/subscriptions/cca24ec8-99b5-4aa7-9ff6-486e886f304c/resourceGroups/yoavfhd/providers/Microsoft.ClassicStorage/storageAccounts/yoavfhd\",\r\n      \"name\": \"yoavfhd\",\r\n      \"type\": \"Microsoft.ClassicStorage/storageAccounts\",\r\n      \"location\": \"northeurope\"\r\n    }\r\n  ]\r\n}",
      "ResponseHeaders": {
        "Content-Length": [
          "7393"
        ],
        "Content-Type": [
          "application/json; charset=utf-8"
        ],
        "Expires": [
          "-1"
        ],
        "Pragma": [
          "no-cache"
        ],
        "x-ms-ratelimit-remaining-subscription-reads": [
          "14928"
        ],
        "x-ms-request-id": [
          "95eb4e10-1dd7-4491-a155-2f7d51ec7922"
        ],
        "x-ms-correlation-request-id": [
          "95eb4e10-1dd7-4491-a155-2f7d51ec7922"
        ],
        "x-ms-routing-request-id": [
          "WESTEUROPE:20151206T121125Z:95eb4e10-1dd7-4491-a155-2f7d51ec7922"
        ],
        "Strict-Transport-Security": [
          "max-age=31536000; includeSubDomains"
        ],
        "Cache-Control": [
          "no-cache"
        ],
        "Date": [
          "Sun, 06 Dec 2015 12:11:25 GMT"
        ]
      },
      "StatusCode": 200
    },
    {
      "RequestUri": "/subscriptions/cca24ec8-99b5-4aa7-9ff6-486e886f304c/resourceGroups/sql-audit-cmdlet-test-rg2015/providers/Microsoft.ClassicStorage/storageAccounts/auditcmdlets2015/listKeys?api-version=2014-06-01",
      "EncodedRequestUri": "L3N1YnNjcmlwdGlvbnMvY2NhMjRlYzgtOTliNS00YWE3LTlmZjYtNDg2ZTg4NmYzMDRjL3Jlc291cmNlR3JvdXBzL3NxbC1hdWRpdC1jbWRsZXQtdGVzdC1yZzIwMTUvcHJvdmlkZXJzL01pY3Jvc29mdC5DbGFzc2ljU3RvcmFnZS9zdG9yYWdlQWNjb3VudHMvYXVkaXRjbWRsZXRzMjAxNS9saXN0S2V5cz9hcGktdmVyc2lvbj0yMDE0LTA2LTAx",
      "RequestMethod": "POST",
      "RequestBody": "",
      "RequestHeaders": {
        "User-Agent": [
          "Microsoft.Azure.Management.Sql.SqlManagementClient/0.9.0.0"
        ],
        "x-ms-client-request-id": [
          "none"
        ]
      },
      "ResponseBody": "{\r\n  \"primaryKey\": \"KZgo/ACbHY0/FAadadkvqy+HAhfPigRus30FHS/58X2WENposegaw5dHx4e5oAhNgSRdHkqDy3S9ggHqWS4g4g==\",\r\n  \"secondaryKey\": \"qzHJW1VO7+iCvxMf/fZUprH2hmBZ4+mQXMHx56ef1bDRa2FOUj+l6RyVX0h4EWqRCXXKOpVLcKNcDhUATxLEJg==\"\r\n}",
      "ResponseHeaders": {
        "Content-Length": [
          "211"
        ],
        "Content-Type": [
          "application/json; charset=utf-8"
        ],
        "Expires": [
          "-1"
        ],
        "Pragma": [
          "no-cache"
        ],
        "Vary": [
          "Accept-Encoding"
        ],
        "x-ms-request-id": [
          "southcentralus:511c1597-9095-4a69-982d-d29f2ef345f9"
        ],
        "x-ms-ratelimit-remaining-subscription-writes": [
          "1199"
        ],
        "x-ms-correlation-request-id": [
          "3effcb5f-812a-47fa-832b-95677543ee34"
        ],
        "x-ms-routing-request-id": [
          "WESTEUROPE:20151206T121127Z:3effcb5f-812a-47fa-832b-95677543ee34"
        ],
        "Strict-Transport-Security": [
          "max-age=31536000; includeSubDomains"
        ],
        "Cache-Control": [
          "no-cache"
        ],
        "Date": [
          "Sun, 06 Dec 2015 12:11:26 GMT"
        ]
      },
      "StatusCode": 200
    },
    {
      "RequestUri": "/subscriptions/cca24ec8-99b5-4aa7-9ff6-486e886f304c/resourceGroups/sql-audit-cmdlet-test-rg2015/providers/Microsoft.Sql/servers/sql-audit-cmdlet-server2015/auditingPolicies/Default?api-version=2014-04-01",
      "EncodedRequestUri": "L3N1YnNjcmlwdGlvbnMvY2NhMjRlYzgtOTliNS00YWE3LTlmZjYtNDg2ZTg4NmYzMDRjL3Jlc291cmNlR3JvdXBzL3NxbC1hdWRpdC1jbWRsZXQtdGVzdC1yZzIwMTUvcHJvdmlkZXJzL01pY3Jvc29mdC5TcWwvc2VydmVycy9zcWwtYXVkaXQtY21kbGV0LXNlcnZlcjIwMTUvYXVkaXRpbmdQb2xpY2llcy9EZWZhdWx0P2FwaS12ZXJzaW9uPTIwMTQtMDQtMDE=",
      "RequestMethod": "PUT",
      "RequestBody": "{\r\n  \"properties\": {\r\n    \"auditingState\": \"Enabled\",\r\n    \"eventTypesToAudit\": \"PlainSQL_Success,PlainSQL_Failure,ParameterizedSQL_Success,ParameterizedSQL_Failure,StoredProcedure_Success,StoredProcedure_Failure,Login_Success,Login_Failure,TransactionManagement_Success,TransactionManagement_Failure\",\r\n    \"storageAccountName\": \"auditcmdlets2015\",\r\n    \"storageAccountKey\": \"KZgo/ACbHY0/FAadadkvqy+HAhfPigRus30FHS/58X2WENposegaw5dHx4e5oAhNgSRdHkqDy3S9ggHqWS4g4g==\",\r\n    \"storageTableEndpoint\": \"https://auditcmdlets2015.table.core.windows.net\",\r\n    \"storageAccountResourceGroupName\": \"sql-audit-cmdlet-test-rg2015\",\r\n    \"storageAccountSubscriptionId\": \"cca24ec8-99b5-4aa7-9ff6-486e886f304c\",\r\n    \"retentionDays\": \"0\",\r\n    \"auditLogsTableName\": \"Sqlauditcmdletserver2015\"\r\n  }\r\n}",
      "RequestHeaders": {
        "Content-Type": [
          "application/json; charset=utf-8"
        ],
        "Content-Length": [
          "785"
        ],
        "User-Agent": [
          "Microsoft.Azure.Management.Sql.SqlManagementClient/0.9.0.0"
        ],
        "x-ms-client-request-id": [
          "5e3aca15-f54a-41cc-b02d-82b7e733d343"
        ]
      },
      "ResponseBody": "{\r\n  \"id\": \"/subscriptions/cca24ec8-99b5-4aa7-9ff6-486e886f304c/resourceGroups/sql-audit-cmdlet-test-rg2015/providers/Microsoft.Sql/servers/sql-audit-cmdlet-server2015/auditingPolicies/Default\",\r\n  \"name\": \"Default\",\r\n  \"type\": \"Microsoft.Sql/servers/auditingPolicies\",\r\n  \"location\": null,\r\n  \"properties\": {\r\n    \"auditingState\": \"Enabled\",\r\n    \"eventTypesToAudit\": \"PlainSQL_Success,PlainSQL_Failure,ParameterizedSQL_Success,ParameterizedSQL_Failure,StoredProcedure_Success,StoredProcedure_Failure,Login_Success,Login_Failure,TransactionManagement_Success,TransactionManagement_Failure\",\r\n    \"storageAccountName\": \"auditcmdlets2015\",\r\n    \"auditLogsTableName\": \"Sqlauditcmdletserver2015\",\r\n    \"storageAccountKey\": \"KZgo/ACbHY0/FAadadkvqy+HAhfPigRus30FHS/58X2WENposegaw5dHx4e5oAhNgSRdHkqDy3S9ggHqWS4g4g==\",\r\n    \"storageAccountSecondaryKey\": null,\r\n    \"storageTableEndpoint\": \"https://auditcmdlets2015.table.core.windows.net\",\r\n    \"storageAccountResourceGroupName\": \"sql-audit-cmdlet-test-rg2015\",\r\n    \"storageAccountSubscriptionId\": \"cca24ec8-99b5-4aa7-9ff6-486e886f304c\",\r\n    \"retentionDays\": \"0\"\r\n  }\r\n}",
      "ResponseHeaders": {
        "Content-Length": [
          "1014"
        ],
        "Content-Type": [
          "application/json; odata=minimalmetadata; streaming=true; charset=utf-8"
        ],
        "x-ms-request-id": [
          "3b2f24bd-7fdc-4bc6-ae15-189b8df5b7c2"
        ],
        "X-Content-Type-Options": [
          "nosniff"
        ],
        "Preference-Applied": [
          "return-content"
        ],
        "DataServiceVersion": [
          "3.0;"
        ],
        "x-ms-ratelimit-remaining-subscription-writes": [
          "1198"
        ],
        "x-ms-correlation-request-id": [
          "1071f160-e170-47b7-b7ac-2e3d90448c53"
        ],
        "x-ms-routing-request-id": [
          "WESTEUROPE:20151206T121129Z:1071f160-e170-47b7-b7ac-2e3d90448c53"
        ],
        "Strict-Transport-Security": [
          "max-age=31536000; includeSubDomains"
        ],
        "Cache-Control": [
          "no-store, no-cache"
        ],
        "Date": [
          "Sun, 06 Dec 2015 12:11:28 GMT"
        ],
        "Server": [
          "Microsoft-HTTPAPI/2.0"
        ]
      },
      "StatusCode": 200
    }
  ],
  "Names": {},
  "Variables": {
    "SubscriptionId": "cca24ec8-99b5-4aa7-9ff6-486e886f304c",
    "User": "yaiyun@microsoft.com",
    "TenantId": "72f988bf-86f1-41af-91ab-2d7cd011db47"
  }
}