{
  "Entries": [
    {
      "RequestUri": "/subscriptions/cca24ec8-99b5-4aa7-9ff6-486e886f304c/resourcegroups/sql-audit-cmdlet-test-rg81152?api-version=2016-02-01",
      "EncodedRequestUri": "L3N1YnNjcmlwdGlvbnMvY2NhMjRlYzgtOTliNS00YWE3LTlmZjYtNDg2ZTg4NmYzMDRjL3Jlc291cmNlZ3JvdXBzL3NxbC1hdWRpdC1jbWRsZXQtdGVzdC1yZzgxMTUyP2FwaS12ZXJzaW9uPTIwMTYtMDItMDE=",
      "RequestMethod": "PUT",
      "RequestBody": "{\r\n  \"location\": \"West Central US\"\r\n}",
      "RequestHeaders": {
        "Content-Type": [
          "application/json; charset=utf-8"
        ],
        "Content-Length": [
          "37"
        ],
        "User-Agent": [
          "Microsoft.Azure.Management.Resources.ResourceManagementClient/2.0.0.0"
        ]
      },
      "ResponseBody": "{\r\n  \"id\": \"/subscriptions/cca24ec8-99b5-4aa7-9ff6-486e886f304c/resourceGroups/sql-audit-cmdlet-test-rg81152\",\r\n  \"name\": \"sql-audit-cmdlet-test-rg81152\",\r\n  \"location\": \"westcentralus\",\r\n  \"properties\": {\r\n    \"provisioningState\": \"Succeeded\"\r\n  }\r\n}",
      "ResponseHeaders": {
        "Content-Length": [
          "218"
        ],
        "Content-Type": [
          "application/json; charset=utf-8"
        ],
        "Expires": [
          "-1"
        ],
        "Pragma": [
          "no-cache"
        ],
        "x-ms-ratelimit-remaining-subscription-writes": [
          "1191"
        ],
        "x-ms-request-id": [
          "f2f00a2c-3e2a-4545-9e53-3e5403fcd603"
        ],
        "x-ms-correlation-request-id": [
          "f2f00a2c-3e2a-4545-9e53-3e5403fcd603"
        ],
        "x-ms-routing-request-id": [
          "WESTEUROPE:20161214T105058Z:f2f00a2c-3e2a-4545-9e53-3e5403fcd603"
        ],
        "Strict-Transport-Security": [
          "max-age=31536000; includeSubDomains"
        ],
        "Cache-Control": [
          "no-cache"
        ],
        "Date": [
          "Wed, 14 Dec 2016 10:50:57 GMT"
        ]
      },
      "StatusCode": 201
    },
    {
      "RequestUri": "/subscriptions/cca24ec8-99b5-4aa7-9ff6-486e886f304c/resourceGroups/sql-audit-cmdlet-test-rg81152/providers/Microsoft.Storage/storageAccounts/auditcmdlets81152?api-version=2015-05-01-preview",
      "EncodedRequestUri": "L3N1YnNjcmlwdGlvbnMvY2NhMjRlYzgtOTliNS00YWE3LTlmZjYtNDg2ZTg4NmYzMDRjL3Jlc291cmNlR3JvdXBzL3NxbC1hdWRpdC1jbWRsZXQtdGVzdC1yZzgxMTUyL3Byb3ZpZGVycy9NaWNyb3NvZnQuU3RvcmFnZS9zdG9yYWdlQWNjb3VudHMvYXVkaXRjbWRsZXRzODExNTI/YXBpLXZlcnNpb249MjAxNS0wNS0wMS1wcmV2aWV3",
      "RequestMethod": "PUT",
      "RequestBody": "{\r\n  \"location\": \"West Central US\",\r\n  \"properties\": {\r\n    \"accountType\": \"Standard_GRS\"\r\n  }\r\n}",
      "RequestHeaders": {
        "Content-Type": [
          "application/json"
        ],
        "Content-Length": [
          "97"
        ],
        "x-ms-client-request-id": [
          "4778a13c-2258-47b2-a3ac-f66f69e37149"
        ],
        "User-Agent": [
          "Microsoft.Azure.Management.Storage.StorageManagementClient/2.0.0.0"
        ]
      },
      "ResponseBody": "",
      "ResponseHeaders": {
        "Content-Length": [
          "0"
        ],
        "Expires": [
          "-1"
        ],
        "Pragma": [
          "no-cache"
        ],
        "Retry-After": [
          "17"
        ],
        "x-ms-ratelimit-remaining-subscription-writes": [
          "1196"
        ],
        "x-ms-request-id": [
          "67156bf2-236e-492d-a4ac-504d9e73a5ca"
        ],
        "x-ms-correlation-request-id": [
          "67156bf2-236e-492d-a4ac-504d9e73a5ca"
        ],
        "x-ms-routing-request-id": [
          "WESTEUROPE:20161214T105101Z:67156bf2-236e-492d-a4ac-504d9e73a5ca"
        ],
        "Strict-Transport-Security": [
          "max-age=31536000; includeSubDomains"
        ],
        "Cache-Control": [
          "no-cache"
        ],
        "Date": [
          "Wed, 14 Dec 2016 10:51:00 GMT"
        ],
        "Location": [
          "https://management.azure.com/subscriptions/cca24ec8-99b5-4aa7-9ff6-486e886f304c/providers/Microsoft.Storage/operations/692f2056-cb86-452e-9f49-bda2a0d05406?monitor=true&api-version=2015-05-01-preview"
        ],
        "Server": [
          "Microsoft-HTTPAPI/2.0"
        ]
      },
      "StatusCode": 202
    },
    {
      "RequestUri": "/subscriptions/cca24ec8-99b5-4aa7-9ff6-486e886f304c/providers/Microsoft.Storage/operations/692f2056-cb86-452e-9f49-bda2a0d05406?monitor=true&api-version=2015-05-01-preview",
      "EncodedRequestUri": "L3N1YnNjcmlwdGlvbnMvY2NhMjRlYzgtOTliNS00YWE3LTlmZjYtNDg2ZTg4NmYzMDRjL3Byb3ZpZGVycy9NaWNyb3NvZnQuU3RvcmFnZS9vcGVyYXRpb25zLzY5MmYyMDU2LWNiODYtNDUyZS05ZjQ5LWJkYTJhMGQwNTQwNj9tb25pdG9yPXRydWUmYXBpLXZlcnNpb249MjAxNS0wNS0wMS1wcmV2aWV3",
      "RequestMethod": "GET",
      "RequestBody": "",
      "RequestHeaders": {
        "x-ms-client-request-id": [
          "c803c51f-4cce-4439-8297-0773231b9a38"
        ],
        "User-Agent": [
          "Microsoft.Azure.Management.Storage.StorageManagementClient/2.0.0.0"
        ]
      },
      "ResponseBody": "",
      "ResponseHeaders": {
        "Content-Length": [
          "0"
        ],
        "Expires": [
          "-1"
        ],
        "Pragma": [
          "no-cache"
        ],
        "Retry-After": [
          "17"
        ],
        "x-ms-ratelimit-remaining-subscription-reads": [
          "14469"
        ],
        "x-ms-request-id": [
          "f49c3cff-b8db-412a-a075-77f5adf05986"
        ],
        "x-ms-correlation-request-id": [
          "f49c3cff-b8db-412a-a075-77f5adf05986"
        ],
        "x-ms-routing-request-id": [
          "WESTEUROPE:20161214T105102Z:f49c3cff-b8db-412a-a075-77f5adf05986"
        ],
        "Strict-Transport-Security": [
          "max-age=31536000; includeSubDomains"
        ],
        "Cache-Control": [
          "no-cache"
        ],
        "Date": [
          "Wed, 14 Dec 2016 10:51:01 GMT"
        ],
        "Location": [
          "https://management.azure.com/subscriptions/cca24ec8-99b5-4aa7-9ff6-486e886f304c/providers/Microsoft.Storage/operations/692f2056-cb86-452e-9f49-bda2a0d05406?monitor=true&api-version=2015-05-01-preview"
        ],
        "Server": [
          "Microsoft-HTTPAPI/2.0"
        ]
      },
      "StatusCode": 202
    },
    {
      "RequestUri": "/subscriptions/cca24ec8-99b5-4aa7-9ff6-486e886f304c/providers/Microsoft.Storage/operations/692f2056-cb86-452e-9f49-bda2a0d05406?monitor=true&api-version=2015-05-01-preview",
      "EncodedRequestUri": "L3N1YnNjcmlwdGlvbnMvY2NhMjRlYzgtOTliNS00YWE3LTlmZjYtNDg2ZTg4NmYzMDRjL3Byb3ZpZGVycy9NaWNyb3NvZnQuU3RvcmFnZS9vcGVyYXRpb25zLzY5MmYyMDU2LWNiODYtNDUyZS05ZjQ5LWJkYTJhMGQwNTQwNj9tb25pdG9yPXRydWUmYXBpLXZlcnNpb249MjAxNS0wNS0wMS1wcmV2aWV3",
      "RequestMethod": "GET",
      "RequestBody": "",
      "RequestHeaders": {
        "x-ms-client-request-id": [
          "fb38f1be-266d-464e-8484-448f0444b759"
        ],
        "User-Agent": [
          "Microsoft.Azure.Management.Storage.StorageManagementClient/2.0.0.0"
        ]
      },
      "ResponseBody": "{\r\n  \"location\": \"West Central US\",\r\n  \"properties\": {\r\n    \"accountType\": \"Standard_GRS\"\r\n  }\r\n}",
      "ResponseHeaders": {
        "Content-Length": [
          "74"
        ],
        "Content-Type": [
          "application/json"
        ],
        "Expires": [
          "-1"
        ],
        "Pragma": [
          "no-cache"
        ],
        "x-ms-request-id": [
          "cba0e37e-54f7-4b56-a84a-25195bf91c03"
        ],
        "x-ms-ratelimit-remaining-subscription-reads": [
          "14467"
        ],
        "x-ms-correlation-request-id": [
          "cba0e37e-54f7-4b56-a84a-25195bf91c03"
        ],
        "x-ms-routing-request-id": [
          "WESTEUROPE:20161214T105127Z:cba0e37e-54f7-4b56-a84a-25195bf91c03"
        ],
        "Strict-Transport-Security": [
          "max-age=31536000; includeSubDomains"
        ],
        "Cache-Control": [
          "no-cache"
        ],
        "Date": [
          "Wed, 14 Dec 2016 10:51:26 GMT"
        ],
        "Server": [
          "Microsoft-HTTPAPI/2.0"
        ]
      },
      "StatusCode": 200
    },
    {
      "RequestUri": "/subscriptions/cca24ec8-99b5-4aa7-9ff6-486e886f304c/resourceGroups/sql-audit-cmdlet-test-rg81152/providers/Microsoft.Sql/servers/sql-audit-cmdlet-server81152?api-version=2014-04-01",
      "EncodedRequestUri": "L3N1YnNjcmlwdGlvbnMvY2NhMjRlYzgtOTliNS00YWE3LTlmZjYtNDg2ZTg4NmYzMDRjL3Jlc291cmNlR3JvdXBzL3NxbC1hdWRpdC1jbWRsZXQtdGVzdC1yZzgxMTUyL3Byb3ZpZGVycy9NaWNyb3NvZnQuU3FsL3NlcnZlcnMvc3FsLWF1ZGl0LWNtZGxldC1zZXJ2ZXI4MTE1Mj9hcGktdmVyc2lvbj0yMDE0LTA0LTAx",
      "RequestMethod": "GET",
      "RequestBody": "",
      "RequestHeaders": {
        "User-Agent": [
          "Microsoft.Azure.Management.Sql.SqlManagementClient/0.51.0.0"
        ],
        "x-ms-client-request-id": [
          "778ef62d-2972-4d3b-9dae-3ad6ac9b30b9"
        ]
      },
      "ResponseBody": "{\r\n  \"error\": {\r\n    \"code\": \"ResourceNotFound\",\r\n    \"message\": \"The Resource 'Microsoft.Sql/servers/sql-audit-cmdlet-server81152' under resource group 'sql-audit-cmdlet-test-rg81152' was not found.\"\r\n  }\r\n}",
      "ResponseHeaders": {
        "Content-Length": [
          "183"
        ],
        "Content-Type": [
          "application/json; charset=utf-8"
        ],
        "Expires": [
          "-1"
        ],
        "Pragma": [
          "no-cache"
        ],
        "x-ms-failure-cause": [
          "gateway"
        ],
        "x-ms-request-id": [
          "18582fcd-5021-4094-abb2-b73ac02c0a8e"
        ],
        "x-ms-correlation-request-id": [
          "18582fcd-5021-4094-abb2-b73ac02c0a8e"
        ],
        "x-ms-routing-request-id": [
          "WESTEUROPE:20161214T105129Z:18582fcd-5021-4094-abb2-b73ac02c0a8e"
        ],
        "Strict-Transport-Security": [
          "max-age=31536000; includeSubDomains"
        ],
        "Cache-Control": [
          "no-cache"
        ],
        "Date": [
          "Wed, 14 Dec 2016 10:51:28 GMT"
        ]
      },
      "StatusCode": 404
    },
    {
      "RequestUri": "/subscriptions/cca24ec8-99b5-4aa7-9ff6-486e886f304c/resourceGroups/sql-audit-cmdlet-test-rg81152/providers/Microsoft.Sql/servers/sql-audit-cmdlet-server81152?api-version=2014-04-01",
      "EncodedRequestUri": "L3N1YnNjcmlwdGlvbnMvY2NhMjRlYzgtOTliNS00YWE3LTlmZjYtNDg2ZTg4NmYzMDRjL3Jlc291cmNlR3JvdXBzL3NxbC1hdWRpdC1jbWRsZXQtdGVzdC1yZzgxMTUyL3Byb3ZpZGVycy9NaWNyb3NvZnQuU3FsL3NlcnZlcnMvc3FsLWF1ZGl0LWNtZGxldC1zZXJ2ZXI4MTE1Mj9hcGktdmVyc2lvbj0yMDE0LTA0LTAx",
      "RequestMethod": "GET",
      "RequestBody": "",
      "RequestHeaders": {
        "User-Agent": [
          "Microsoft.Azure.Management.Sql.SqlManagementClient/0.51.0.0"
        ],
        "x-ms-client-request-id": [
          "a7fd560c-ff0c-456f-ada1-70899e909858"
        ]
      },
      "ResponseBody": "{\r\n  \"id\": \"/subscriptions/cca24ec8-99b5-4aa7-9ff6-486e886f304c/resourceGroups/sql-audit-cmdlet-test-rg81152/providers/Microsoft.Sql/servers/sql-audit-cmdlet-server81152\",\r\n  \"name\": \"sql-audit-cmdlet-server81152\",\r\n  \"type\": \"Microsoft.Sql/servers\",\r\n  \"location\": \"West Central US\",\r\n  \"kind\": \"v12.0\",\r\n  \"properties\": {\r\n    \"fullyQualifiedDomainName\": \"sql-audit-cmdlet-server81152.database.windows.net\",\r\n    \"administratorLogin\": \"testusername\",\r\n    \"administratorLoginPassword\": null,\r\n    \"externalAdministratorLogin\": null,\r\n    \"externalAdministratorSid\": null,\r\n    \"version\": \"12.0\",\r\n    \"state\": \"Ready\"\r\n  }\r\n}",
      "ResponseHeaders": {
        "Content-Length": [
          "542"
        ],
        "Content-Type": [
          "application/json; odata=minimalmetadata; streaming=true; charset=utf-8"
        ],
        "x-ms-request-id": [
          "25d6ab3d-2473-4c05-917a-47984a8739d9"
        ],
        "X-Content-Type-Options": [
          "nosniff"
        ],
        "DataServiceVersion": [
          "3.0;"
        ],
        "x-ms-ratelimit-remaining-subscription-reads": [
          "13787"
        ],
        "x-ms-correlation-request-id": [
          "0d2f84cb-02d0-4bfd-9cfb-f2b2aa4c1a3a"
        ],
        "x-ms-routing-request-id": [
          "WESTEUROPE:20161214T105202Z:0d2f84cb-02d0-4bfd-9cfb-f2b2aa4c1a3a"
        ],
        "Strict-Transport-Security": [
          "max-age=31536000; includeSubDomains"
        ],
        "Cache-Control": [
          "no-store, no-cache"
        ],
        "Date": [
          "Wed, 14 Dec 2016 10:52:01 GMT"
        ],
        "Server": [
          "Microsoft-HTTPAPI/2.0"
        ]
      },
      "StatusCode": 200
    },
    {
      "RequestUri": "/subscriptions/cca24ec8-99b5-4aa7-9ff6-486e886f304c/resourceGroups/sql-audit-cmdlet-test-rg81152/providers/Microsoft.Sql/servers/sql-audit-cmdlet-server81152?api-version=2014-04-01",
      "EncodedRequestUri": "L3N1YnNjcmlwdGlvbnMvY2NhMjRlYzgtOTliNS00YWE3LTlmZjYtNDg2ZTg4NmYzMDRjL3Jlc291cmNlR3JvdXBzL3NxbC1hdWRpdC1jbWRsZXQtdGVzdC1yZzgxMTUyL3Byb3ZpZGVycy9NaWNyb3NvZnQuU3FsL3NlcnZlcnMvc3FsLWF1ZGl0LWNtZGxldC1zZXJ2ZXI4MTE1Mj9hcGktdmVyc2lvbj0yMDE0LTA0LTAx",
      "RequestMethod": "PUT",
      "RequestBody": "{\r\n  \"properties\": {\r\n    \"version\": \"12.0\",\r\n    \"administratorLogin\": \"testusername\",\r\n    \"administratorLoginPassword\": \"t357ingP@s5w0rd!Sec\"\r\n  },\r\n  \"location\": \"West Central US\"\r\n}",
      "RequestHeaders": {
        "Content-Type": [
          "application/json; charset=utf-8"
        ],
        "Content-Length": [
          "186"
        ],
        "User-Agent": [
          "Microsoft.Azure.Management.Sql.SqlManagementClient/0.51.0.0"
        ],
        "x-ms-client-request-id": [
          "7e82bd92-d68f-4c3a-8988-5b00810f20db"
        ]
      },
      "ResponseBody": "{\r\n  \"id\": \"/subscriptions/cca24ec8-99b5-4aa7-9ff6-486e886f304c/resourceGroups/sql-audit-cmdlet-test-rg81152/providers/Microsoft.Sql/servers/sql-audit-cmdlet-server81152\",\r\n  \"name\": \"sql-audit-cmdlet-server81152\",\r\n  \"type\": \"Microsoft.Sql/servers\",\r\n  \"location\": \"West Central US\",\r\n  \"kind\": \"v12.0\",\r\n  \"properties\": {\r\n    \"fullyQualifiedDomainName\": \"sql-audit-cmdlet-server81152.database.windows.net\",\r\n    \"administratorLogin\": \"testusername\",\r\n    \"administratorLoginPassword\": \"t357ingP@s5w0rd!Sec\",\r\n    \"externalAdministratorLogin\": null,\r\n    \"externalAdministratorSid\": null,\r\n    \"version\": \"12.0\",\r\n    \"state\": \"Ready\"\r\n  }\r\n}",
      "ResponseHeaders": {
        "Content-Length": [
          "559"
        ],
        "Content-Type": [
          "application/json; odata=minimalmetadata; streaming=true; charset=utf-8"
        ],
        "x-ms-request-id": [
          "c65d9186-7f28-46eb-9d98-554cc360fe4e"
        ],
        "X-Content-Type-Options": [
          "nosniff"
        ],
        "Preference-Applied": [
          "return-content"
        ],
        "DataServiceVersion": [
          "3.0;"
        ],
        "x-ms-ratelimit-remaining-subscription-writes": [
          "1198"
        ],
        "x-ms-correlation-request-id": [
          "ff7dac48-5d1a-4360-adb4-acb220664d06"
        ],
        "x-ms-routing-request-id": [
          "WESTEUROPE:20161214T105201Z:ff7dac48-5d1a-4360-adb4-acb220664d06"
        ],
        "Strict-Transport-Security": [
          "max-age=31536000; includeSubDomains"
        ],
        "Cache-Control": [
          "no-store, no-cache"
        ],
        "Date": [
          "Wed, 14 Dec 2016 10:52:00 GMT"
        ],
        "Server": [
          "Microsoft-HTTPAPI/2.0"
        ]
      },
      "StatusCode": 201
    },
    {
      "RequestUri": "/subscriptions/cca24ec8-99b5-4aa7-9ff6-486e886f304c/resourceGroups/sql-audit-cmdlet-test-rg81152/providers/Microsoft.Sql/servers/sql-audit-cmdlet-server81152/databases/sql-audit-cmdlet-db81152?api-version=2014-04-01",
      "EncodedRequestUri": "L3N1YnNjcmlwdGlvbnMvY2NhMjRlYzgtOTliNS00YWE3LTlmZjYtNDg2ZTg4NmYzMDRjL3Jlc291cmNlR3JvdXBzL3NxbC1hdWRpdC1jbWRsZXQtdGVzdC1yZzgxMTUyL3Byb3ZpZGVycy9NaWNyb3NvZnQuU3FsL3NlcnZlcnMvc3FsLWF1ZGl0LWNtZGxldC1zZXJ2ZXI4MTE1Mi9kYXRhYmFzZXMvc3FsLWF1ZGl0LWNtZGxldC1kYjgxMTUyP2FwaS12ZXJzaW9uPTIwMTQtMDQtMDE=",
      "RequestMethod": "GET",
      "RequestBody": "",
      "RequestHeaders": {
        "User-Agent": [
          "Microsoft.Azure.Management.Sql.SqlManagementClient/0.51.0.0"
        ],
        "x-ms-client-request-id": [
          "23ed8ab7-ca77-45c2-b5a7-46da39ba31a6"
        ]
      },
      "ResponseBody": "{\r\n  \"error\": {\r\n    \"code\": \"ResourceNotFound\",\r\n    \"message\": \"The Resource 'Microsoft.Sql/servers/sql-audit-cmdlet-server81152/databases/sql-audit-cmdlet-db81152' under resource group 'sql-audit-cmdlet-test-rg81152' was not found.\"\r\n  }\r\n}",
      "ResponseHeaders": {
        "Content-Length": [
          "218"
        ],
        "Content-Type": [
          "application/json; charset=utf-8"
        ],
        "Expires": [
          "-1"
        ],
        "Pragma": [
          "no-cache"
        ],
        "x-ms-failure-cause": [
          "gateway"
        ],
        "x-ms-request-id": [
          "ee4d3e2a-6cd2-4a91-9f45-908acbf1545d"
        ],
        "x-ms-correlation-request-id": [
          "ee4d3e2a-6cd2-4a91-9f45-908acbf1545d"
        ],
        "x-ms-routing-request-id": [
          "WESTEUROPE:20161214T105201Z:ee4d3e2a-6cd2-4a91-9f45-908acbf1545d"
        ],
        "Strict-Transport-Security": [
          "max-age=31536000; includeSubDomains"
        ],
        "Cache-Control": [
          "no-cache"
        ],
        "Date": [
          "Wed, 14 Dec 2016 10:52:01 GMT"
        ]
      },
      "StatusCode": 404
    },
    {
      "RequestUri": "/subscriptions/cca24ec8-99b5-4aa7-9ff6-486e886f304c/resourceGroups/sql-audit-cmdlet-test-rg81152/providers/Microsoft.Sql/servers/sql-audit-cmdlet-server81152/databases/sql-audit-cmdlet-db81152?api-version=2014-04-01",
      "EncodedRequestUri": "L3N1YnNjcmlwdGlvbnMvY2NhMjRlYzgtOTliNS00YWE3LTlmZjYtNDg2ZTg4NmYzMDRjL3Jlc291cmNlR3JvdXBzL3NxbC1hdWRpdC1jbWRsZXQtdGVzdC1yZzgxMTUyL3Byb3ZpZGVycy9NaWNyb3NvZnQuU3FsL3NlcnZlcnMvc3FsLWF1ZGl0LWNtZGxldC1zZXJ2ZXI4MTE1Mi9kYXRhYmFzZXMvc3FsLWF1ZGl0LWNtZGxldC1kYjgxMTUyP2FwaS12ZXJzaW9uPTIwMTQtMDQtMDE=",
      "RequestMethod": "PUT",
      "RequestBody": "{\r\n  \"properties\": {\r\n    \"edition\": \"Basic\",\r\n    \"maxSizeBytes\": \"0\",\r\n    \"readScale\": \"Disabled\"\r\n  },\r\n  \"location\": \"West Central US\"\r\n}",
      "RequestHeaders": {
        "Content-Type": [
          "application/json; charset=utf-8"
        ],
        "Content-Length": [
          "142"
        ],
        "User-Agent": [
          "Microsoft.Azure.Management.Sql.SqlManagementClient/0.51.0.0"
        ],
        "x-ms-client-request-id": [
          "79377341-c85c-4d65-95cc-228d99762ce3"
        ]
      },
      "ResponseBody": "{\r\n  \"operation\": \"CreateLogicalDatabase\",\r\n  \"startTime\": \"2016-12-14T12:52:05.164+02:00\"\r\n}",
      "ResponseHeaders": {
        "Content-Length": [
          "80"
        ],
        "Content-Type": [
          "application/json; odata=minimalmetadata; streaming=true; charset=utf-8"
        ],
        "Retry-After": [
          "30"
        ],
        "x-ms-request-id": [
          "7457b754-923c-4472-b86c-908d570ac953"
        ],
        "X-Content-Type-Options": [
          "nosniff"
        ],
        "Preference-Applied": [
          "return-content"
        ],
        "DataServiceVersion": [
          "3.0;"
        ],
        "Strict-Transport-Security": [
          "max-age=31536000; includeSubDomains"
        ],
        "Azure-AsyncOperation": [
          "https://management.azure.com/subscriptions/cca24ec8-99b5-4aa7-9ff6-486e886f304c/resourceGroups/sql-audit-cmdlet-test-rg81152/providers/Microsoft.Sql/servers/sql-audit-cmdlet-server81152/databases/sql-audit-cmdlet-db81152/azureAsyncOperation/7457b754-923c-4472-b86c-908d570ac953?api-version=2014-04-01-Preview"
        ],
        "x-ms-ratelimit-remaining-subscription-writes": [
          "1197"
        ],
        "x-ms-correlation-request-id": [
          "613198b7-095c-4e75-9ecb-578cbd43e937"
        ],
        "x-ms-routing-request-id": [
          "WESTEUROPE:20161214T105204Z:613198b7-095c-4e75-9ecb-578cbd43e937"
        ],
        "Cache-Control": [
          "no-store, no-cache"
        ],
        "Date": [
          "Wed, 14 Dec 2016 10:52:03 GMT"
        ],
        "Location": [
          "https://management.azure.com/subscriptions/cca24ec8-99b5-4aa7-9ff6-486e886f304c/resourceGroups/sql-audit-cmdlet-test-rg81152/providers/Microsoft.Sql/servers/sql-audit-cmdlet-server81152/databases/sql-audit-cmdlet-db81152/operationResults/7457b754-923c-4472-b86c-908d570ac953?api-version=2014-04-01-Preview"
        ],
        "Server": [
          "Microsoft-HTTPAPI/2.0"
        ]
      },
      "StatusCode": 202
    },
    {
      "RequestUri": "/subscriptions/cca24ec8-99b5-4aa7-9ff6-486e886f304c/resourceGroups/sql-audit-cmdlet-test-rg81152/providers/Microsoft.Sql/servers/sql-audit-cmdlet-server81152/databases/sql-audit-cmdlet-db81152/operationResults/7457b754-923c-4472-b86c-908d570ac953?api-version=2014-04-01-Preview",
      "EncodedRequestUri": "L3N1YnNjcmlwdGlvbnMvY2NhMjRlYzgtOTliNS00YWE3LTlmZjYtNDg2ZTg4NmYzMDRjL3Jlc291cmNlR3JvdXBzL3NxbC1hdWRpdC1jbWRsZXQtdGVzdC1yZzgxMTUyL3Byb3ZpZGVycy9NaWNyb3NvZnQuU3FsL3NlcnZlcnMvc3FsLWF1ZGl0LWNtZGxldC1zZXJ2ZXI4MTE1Mi9kYXRhYmFzZXMvc3FsLWF1ZGl0LWNtZGxldC1kYjgxMTUyL29wZXJhdGlvblJlc3VsdHMvNzQ1N2I3NTQtOTIzYy00NDcyLWI4NmMtOTA4ZDU3MGFjOTUzP2FwaS12ZXJzaW9uPTIwMTQtMDQtMDEtUHJldmlldw==",
      "RequestMethod": "GET",
      "RequestBody": "",
      "RequestHeaders": {
        "User-Agent": [
          "Microsoft.Azure.Management.Sql.SqlManagementClient/0.51.0.0"
        ],
        "x-ms-client-request-id": [
          "79377341-c85c-4d65-95cc-228d99762ce3"
        ]
      },
      "ResponseBody": "{\r\n  \"operation\": \"CreateLogicalDatabase\",\r\n  \"startTime\": \"2016-12-14T10:52:05.15Z\"\r\n}",
      "ResponseHeaders": {
        "Content-Length": [
          "75"
        ],
        "Content-Type": [
          "application/json"
        ],
        "Retry-After": [
          "30"
        ],
        "x-ms-request-id": [
          "6fe2848d-206f-4852-a632-0f4e7e2afa39"
        ],
        "X-Content-Type-Options": [
          "nosniff"
        ],
        "DataServiceVersion": [
          "3.0;"
        ],
        "Strict-Transport-Security": [
          "max-age=31536000; includeSubDomains"
        ],
        "Azure-AsyncOperation": [
          "https://management.azure.com/subscriptions/cca24ec8-99b5-4aa7-9ff6-486e886f304c/resourceGroups/sql-audit-cmdlet-test-rg81152/providers/Microsoft.Sql/servers/sql-audit-cmdlet-server81152/databases/sql-audit-cmdlet-db81152/azureAsyncOperation/7457b754-923c-4472-b86c-908d570ac953?api-version=2014-04-01-Preview"
        ],
        "x-ms-ratelimit-remaining-subscription-reads": [
          "13786"
        ],
        "x-ms-correlation-request-id": [
          "6c786f87-47ca-424f-b563-a02484f4a004"
        ],
        "x-ms-routing-request-id": [
          "WESTEUROPE:20161214T105205Z:6c786f87-47ca-424f-b563-a02484f4a004"
        ],
        "Cache-Control": [
          "no-store, no-cache"
        ],
        "Date": [
          "Wed, 14 Dec 2016 10:52:04 GMT"
        ],
        "Location": [
          "https://management.azure.com/subscriptions/cca24ec8-99b5-4aa7-9ff6-486e886f304c/resourceGroups/sql-audit-cmdlet-test-rg81152/providers/Microsoft.Sql/servers/sql-audit-cmdlet-server81152/databases/sql-audit-cmdlet-db81152/operationResults/7457b754-923c-4472-b86c-908d570ac953?api-version=2014-04-01-Preview"
        ],
        "Server": [
          "Microsoft-HTTPAPI/2.0"
        ]
      },
      "StatusCode": 202
    },
    {
      "RequestUri": "/subscriptions/cca24ec8-99b5-4aa7-9ff6-486e886f304c/resourceGroups/sql-audit-cmdlet-test-rg81152/providers/Microsoft.Sql/servers/sql-audit-cmdlet-server81152/databases/sql-audit-cmdlet-db81152/operationResults/7457b754-923c-4472-b86c-908d570ac953?api-version=2014-04-01-Preview",
      "EncodedRequestUri": "L3N1YnNjcmlwdGlvbnMvY2NhMjRlYzgtOTliNS00YWE3LTlmZjYtNDg2ZTg4NmYzMDRjL3Jlc291cmNlR3JvdXBzL3NxbC1hdWRpdC1jbWRsZXQtdGVzdC1yZzgxMTUyL3Byb3ZpZGVycy9NaWNyb3NvZnQuU3FsL3NlcnZlcnMvc3FsLWF1ZGl0LWNtZGxldC1zZXJ2ZXI4MTE1Mi9kYXRhYmFzZXMvc3FsLWF1ZGl0LWNtZGxldC1kYjgxMTUyL29wZXJhdGlvblJlc3VsdHMvNzQ1N2I3NTQtOTIzYy00NDcyLWI4NmMtOTA4ZDU3MGFjOTUzP2FwaS12ZXJzaW9uPTIwMTQtMDQtMDEtUHJldmlldw==",
      "RequestMethod": "GET",
      "RequestBody": "",
      "RequestHeaders": {
        "User-Agent": [
          "Microsoft.Azure.Management.Sql.SqlManagementClient/0.51.0.0"
        ],
        "x-ms-client-request-id": [
          "79377341-c85c-4d65-95cc-228d99762ce3"
        ]
      },
      "ResponseBody": "{\r\n  \"id\": \"/subscriptions/cca24ec8-99b5-4aa7-9ff6-486e886f304c/resourceGroups/sql-audit-cmdlet-test-rg81152/providers/Microsoft.Sql/servers/sql-audit-cmdlet-server81152/databases/sql-audit-cmdlet-db81152\",\r\n  \"name\": \"sql-audit-cmdlet-db81152\",\r\n  \"type\": \"Microsoft.Sql/servers/databases\",\r\n  \"location\": \"West Central US\",\r\n  \"kind\": \"v12.0,user\",\r\n  \"properties\": {\r\n    \"databaseId\": \"88840f56-c904-4d68-bdeb-f6545758e736\",\r\n    \"edition\": \"Basic\",\r\n    \"status\": \"Online\",\r\n    \"serviceLevelObjective\": \"Basic\",\r\n    \"collation\": \"SQL_Latin1_General_CP1_CI_AS\",\r\n    \"maxSizeBytes\": \"2147483648\",\r\n    \"creationDate\": \"2016-12-14T10:52:05.413Z\",\r\n    \"currentServiceObjectiveId\": \"dd6d99bb-f193-4ec1-86f2-43d3bccbc49c\",\r\n    \"requestedServiceObjectiveId\": \"dd6d99bb-f193-4ec1-86f2-43d3bccbc49c\",\r\n    \"requestedServiceObjectiveName\": \"Basic\",\r\n    \"sampleName\": null,\r\n    \"defaultSecondaryLocation\": \"West US 2\",\r\n    \"earliestRestoreDate\": \"2016-12-14T11:02:33.24Z\",\r\n    \"elasticPoolName\": null,\r\n    \"containmentState\": 2,\r\n    \"readScale\": \"Disabled\"\r\n  }\r\n}",
      "ResponseHeaders": {
        "Content-Length": [
          "921"
        ],
        "Content-Type": [
          "application/json; odata=minimalmetadata; streaming=true; charset=utf-8"
        ],
        "x-ms-request-id": [
          "5586bbb1-4c99-4406-9a34-3ec17f0aee04"
        ],
        "X-Content-Type-Options": [
          "nosniff"
        ],
        "DataServiceVersion": [
          "3.0;"
        ],
        "Strict-Transport-Security": [
          "max-age=31536000; includeSubDomains"
        ],
        "x-ms-ratelimit-remaining-subscription-reads": [
          "13781"
        ],
        "x-ms-correlation-request-id": [
          "52b9605b-51ed-493b-80e2-a16ada5f8a85"
        ],
        "x-ms-routing-request-id": [
          "WESTEUROPE:20161214T105236Z:52b9605b-51ed-493b-80e2-a16ada5f8a85"
        ],
        "Cache-Control": [
          "no-store, no-cache"
        ],
        "Date": [
          "Wed, 14 Dec 2016 10:52:36 GMT"
        ],
        "Server": [
          "Microsoft-HTTPAPI/2.0"
        ]
      },
      "StatusCode": 201
    },
    {
      "RequestUri": "/subscriptions/cca24ec8-99b5-4aa7-9ff6-486e886f304c/resourceGroups/sql-audit-cmdlet-test-rg81152/providers/Microsoft.Sql/servers/sql-audit-cmdlet-server81152/auditingPolicies/Default?api-version=2014-04-01",
      "EncodedRequestUri": "L3N1YnNjcmlwdGlvbnMvY2NhMjRlYzgtOTliNS00YWE3LTlmZjYtNDg2ZTg4NmYzMDRjL3Jlc291cmNlR3JvdXBzL3NxbC1hdWRpdC1jbWRsZXQtdGVzdC1yZzgxMTUyL3Byb3ZpZGVycy9NaWNyb3NvZnQuU3FsL3NlcnZlcnMvc3FsLWF1ZGl0LWNtZGxldC1zZXJ2ZXI4MTE1Mi9hdWRpdGluZ1BvbGljaWVzL0RlZmF1bHQ/YXBpLXZlcnNpb249MjAxNC0wNC0wMQ==",
      "RequestMethod": "GET",
      "RequestBody": "",
      "RequestHeaders": {
        "User-Agent": [
          "Microsoft.Azure.Management.Sql.SqlManagementClient/0.51.0.0"
        ],
        "x-ms-client-request-id": [
          "cc541f0e-ba44-4570-b726-aae80ff26652"
        ]
      },
      "ResponseBody": "{\r\n  \"id\": \"/subscriptions/cca24ec8-99b5-4aa7-9ff6-486e886f304c/resourceGroups/sql-audit-cmdlet-test-rg81152/providers/Microsoft.Sql/servers/sql-audit-cmdlet-server81152/auditingPolicies/Default\",\r\n  \"name\": \"Default\",\r\n  \"type\": \"Microsoft.Sql/servers/auditingPolicies\",\r\n  \"location\": \"West Central US\",\r\n  \"kind\": null,\r\n  \"properties\": {\r\n    \"auditingState\": \"New\",\r\n    \"eventTypesToAudit\": \"PlainSQL_Success,PlainSQL_Failure,ParameterizedSQL_Success,ParameterizedSQL_Failure,StoredProcedure_Success,StoredProcedure_Failure,Login_Success,Login_Failure,TransactionManagement_Success,TransactionManagement_Failure\",\r\n    \"storageAccountName\": null,\r\n    \"storageAccountKey\": null,\r\n    \"storageAccountSecondaryKey\": null,\r\n    \"storageTableEndpoint\": null,\r\n    \"storageAccountResourceGroupName\": null,\r\n    \"storageAccountSubscriptionId\": null,\r\n    \"fullAuditLogsTableName\": \"SQLDBAuditLogsSqlauditcmdletserver81152\",\r\n    \"auditLogsTableName\": \"Sqlauditcmdletserver81152\",\r\n    \"retentionDays\": \"0\"\r\n  }\r\n}",
      "ResponseHeaders": {
        "Content-Length": [
          "900"
        ],
        "Content-Type": [
          "application/json; odata=minimalmetadata; streaming=true; charset=utf-8"
        ],
        "x-ms-request-id": [
          "e8d85889-9a0d-4cb3-bfaf-4971bc15d698"
        ],
        "X-Content-Type-Options": [
          "nosniff"
        ],
        "DataServiceVersion": [
          "3.0;"
        ],
        "Strict-Transport-Security": [
          "max-age=31536000; includeSubDomains"
        ],
        "x-ms-ratelimit-remaining-subscription-reads": [
          "13780"
        ],
        "x-ms-correlation-request-id": [
          "ac7dd785-4671-4874-9680-b876940e62ff"
        ],
        "x-ms-routing-request-id": [
          "WESTEUROPE:20161214T105237Z:ac7dd785-4671-4874-9680-b876940e62ff"
        ],
        "Cache-Control": [
          "no-store, no-cache"
        ],
        "Date": [
          "Wed, 14 Dec 2016 10:52:37 GMT"
        ],
        "Server": [
          "Microsoft-HTTPAPI/2.0"
        ]
      },
      "StatusCode": 200
    },
    {
      "RequestUri": "/subscriptions/cca24ec8-99b5-4aa7-9ff6-486e886f304c/resourceGroups/sql-audit-cmdlet-test-rg81152/providers/Microsoft.Sql/servers/sql-audit-cmdlet-server81152/auditingPolicies/Default?api-version=2014-04-01",
      "EncodedRequestUri": "L3N1YnNjcmlwdGlvbnMvY2NhMjRlYzgtOTliNS00YWE3LTlmZjYtNDg2ZTg4NmYzMDRjL3Jlc291cmNlR3JvdXBzL3NxbC1hdWRpdC1jbWRsZXQtdGVzdC1yZzgxMTUyL3Byb3ZpZGVycy9NaWNyb3NvZnQuU3FsL3NlcnZlcnMvc3FsLWF1ZGl0LWNtZGxldC1zZXJ2ZXI4MTE1Mi9hdWRpdGluZ1BvbGljaWVzL0RlZmF1bHQ/YXBpLXZlcnNpb249MjAxNC0wNC0wMQ==",
      "RequestMethod": "GET",
      "RequestBody": "",
      "RequestHeaders": {
        "User-Agent": [
          "Microsoft.Azure.Management.Sql.SqlManagementClient/0.51.0.0"
        ],
        "x-ms-client-request-id": [
          "48b307d7-580a-43f8-bb70-a6691831678a"
        ]
      },
      "ResponseBody": "{\r\n  \"id\": \"/subscriptions/cca24ec8-99b5-4aa7-9ff6-486e886f304c/resourceGroups/sql-audit-cmdlet-test-rg81152/providers/Microsoft.Sql/servers/sql-audit-cmdlet-server81152/auditingPolicies/Default\",\r\n  \"name\": \"Default\",\r\n  \"type\": \"Microsoft.Sql/servers/auditingPolicies\",\r\n  \"location\": \"West Central US\",\r\n  \"kind\": null,\r\n  \"properties\": {\r\n    \"auditingState\": \"Enabled\",\r\n    \"eventTypesToAudit\": \"PlainSQL_Success,PlainSQL_Failure,ParameterizedSQL_Success,ParameterizedSQL_Failure,StoredProcedure_Success,StoredProcedure_Failure,Login_Success,Login_Failure,TransactionManagement_Success,TransactionManagement_Failure\",\r\n    \"storageAccountName\": \"auditcmdlets81152\",\r\n    \"storageAccountKey\": \"********\",\r\n    \"storageAccountSecondaryKey\": null,\r\n    \"storageTableEndpoint\": \"https://auditcmdlets81152.table.core.windows.net\",\r\n    \"storageAccountResourceGroupName\": \"sql-audit-cmdlet-test-rg81152\",\r\n    \"storageAccountSubscriptionId\": \"cca24ec8-99b5-4aa7-9ff6-486e886f304c\",\r\n    \"fullAuditLogsTableName\": \"SQLDBAuditLogsSqlauditcmdletserver81152\",\r\n    \"auditLogsTableName\": \"Sqlauditcmdletserver81152\",\r\n    \"retentionDays\": \"0\"\r\n  }\r\n}",
      "ResponseHeaders": {
        "Content-Length": [
          "1032"
        ],
        "Content-Type": [
          "application/json; odata=minimalmetadata; streaming=true; charset=utf-8"
        ],
        "x-ms-request-id": [
          "a7f146c8-b3c0-4941-8de8-ee88477d96ee"
        ],
        "X-Content-Type-Options": [
          "nosniff"
        ],
        "DataServiceVersion": [
          "3.0;"
        ],
        "Strict-Transport-Security": [
          "max-age=31536000; includeSubDomains"
        ],
        "x-ms-ratelimit-remaining-subscription-reads": [
          "13777"
        ],
        "x-ms-correlation-request-id": [
          "2a03b888-e7de-4749-98ae-09b3b57a7136"
        ],
        "x-ms-routing-request-id": [
          "WESTEUROPE:20161214T105245Z:2a03b888-e7de-4749-98ae-09b3b57a7136"
        ],
        "Cache-Control": [
          "no-store, no-cache"
        ],
        "Date": [
          "Wed, 14 Dec 2016 10:52:45 GMT"
        ],
        "Server": [
          "Microsoft-HTTPAPI/2.0"
        ]
      },
      "StatusCode": 200
    },
    {
      "RequestUri": "/subscriptions/cca24ec8-99b5-4aa7-9ff6-486e886f304c/resourceGroups/sql-audit-cmdlet-test-rg81152/providers/Microsoft.Sql/servers/sql-audit-cmdlet-server81152/auditingPolicies/Default?api-version=2014-04-01",
      "EncodedRequestUri": "L3N1YnNjcmlwdGlvbnMvY2NhMjRlYzgtOTliNS00YWE3LTlmZjYtNDg2ZTg4NmYzMDRjL3Jlc291cmNlR3JvdXBzL3NxbC1hdWRpdC1jbWRsZXQtdGVzdC1yZzgxMTUyL3Byb3ZpZGVycy9NaWNyb3NvZnQuU3FsL3NlcnZlcnMvc3FsLWF1ZGl0LWNtZGxldC1zZXJ2ZXI4MTE1Mi9hdWRpdGluZ1BvbGljaWVzL0RlZmF1bHQ/YXBpLXZlcnNpb249MjAxNC0wNC0wMQ==",
      "RequestMethod": "GET",
      "RequestBody": "",
      "RequestHeaders": {
        "User-Agent": [
          "Microsoft.Azure.Management.Sql.SqlManagementClient/0.51.0.0"
        ],
        "x-ms-client-request-id": [
          "75ac6599-ed06-4dc2-ace6-f84fa712c791"
        ]
      },
      "ResponseBody": "{\r\n  \"id\": \"/subscriptions/cca24ec8-99b5-4aa7-9ff6-486e886f304c/resourceGroups/sql-audit-cmdlet-test-rg81152/providers/Microsoft.Sql/servers/sql-audit-cmdlet-server81152/auditingPolicies/Default\",\r\n  \"name\": \"Default\",\r\n  \"type\": \"Microsoft.Sql/servers/auditingPolicies\",\r\n  \"location\": \"West Central US\",\r\n  \"kind\": null,\r\n  \"properties\": {\r\n    \"auditingState\": \"Disabled\",\r\n    \"eventTypesToAudit\": \"PlainSQL_Success,PlainSQL_Failure,ParameterizedSQL_Success,ParameterizedSQL_Failure,StoredProcedure_Success,StoredProcedure_Failure,Login_Success,Login_Failure,TransactionManagement_Success,TransactionManagement_Failure\",\r\n    \"storageAccountName\": \"auditcmdlets81152\",\r\n    \"storageAccountKey\": null,\r\n    \"storageAccountSecondaryKey\": null,\r\n    \"storageTableEndpoint\": \"https://auditcmdlets81152.table.core.windows.net\",\r\n    \"storageAccountResourceGroupName\": \"sql-audit-cmdlet-test-rg81152\",\r\n    \"storageAccountSubscriptionId\": \"cca24ec8-99b5-4aa7-9ff6-486e886f304c\",\r\n    \"fullAuditLogsTableName\": \"SQLDBAuditLogsSqlauditcmdletserver81152\",\r\n    \"auditLogsTableName\": \"Sqlauditcmdletserver81152\",\r\n    \"retentionDays\": \"0\"\r\n  }\r\n}",
      "ResponseHeaders": {
        "Content-Length": [
          "1027"
        ],
        "Content-Type": [
          "application/json; odata=minimalmetadata; streaming=true; charset=utf-8"
        ],
        "x-ms-request-id": [
          "2f47d1d1-03e8-4fd8-abfd-02150ee6631b"
        ],
        "X-Content-Type-Options": [
          "nosniff"
        ],
        "DataServiceVersion": [
          "3.0;"
        ],
        "Strict-Transport-Security": [
          "max-age=31536000; includeSubDomains"
        ],
        "x-ms-ratelimit-remaining-subscription-reads": [
          "13774"
        ],
        "x-ms-correlation-request-id": [
          "54901dab-5651-4cad-bb26-f90c87100247"
        ],
        "x-ms-routing-request-id": [
          "WESTEUROPE:20161214T105251Z:54901dab-5651-4cad-bb26-f90c87100247"
        ],
        "Cache-Control": [
          "no-store, no-cache"
        ],
        "Date": [
          "Wed, 14 Dec 2016 10:52:51 GMT"
        ],
        "Server": [
          "Microsoft-HTTPAPI/2.0"
        ]
      },
      "StatusCode": 200
    },
    {
      "RequestUri": "/subscriptions/cca24ec8-99b5-4aa7-9ff6-486e886f304c/resources?$filter=resourceType%20eq%20'Microsoft.ClassicStorage%2FstorageAccounts'&api-version=2016-02-01",
      "EncodedRequestUri": "L3N1YnNjcmlwdGlvbnMvY2NhMjRlYzgtOTliNS00YWE3LTlmZjYtNDg2ZTg4NmYzMDRjL3Jlc291cmNlcz8kZmlsdGVyPXJlc291cmNlVHlwZSUyMGVxJTIwJ01pY3Jvc29mdC5DbGFzc2ljU3RvcmFnZSUyRnN0b3JhZ2VBY2NvdW50cycmYXBpLXZlcnNpb249MjAxNi0wMi0wMQ==",
      "RequestMethod": "GET",
      "RequestBody": "",
      "RequestHeaders": {
        "User-Agent": [
          "Microsoft.Azure.Management.Resources.ResourceManagementClient/2.0.0.0"
        ]
      },
      "ResponseBody": "{\r\n  \"value\": [\r\n    {\r\n      \"id\": \"/subscriptions/cca24ec8-99b5-4aa7-9ff6-486e886f304c/resourceGroups/__ElasticDatabaseJob/providers/Microsoft.ClassicStorage/storageAccounts/edj15b904a0c70144178c151\",\r\n      \"name\": \"edj15b904a0c70144178c151\",\r\n      \"type\": \"Microsoft.ClassicStorage/storageAccounts\",\r\n      \"location\": \"westus\"\r\n    },\r\n    {\r\n      \"id\": \"/subscriptions/cca24ec8-99b5-4aa7-9ff6-486e886f304c/resourceGroups/Default-SQL-AustraliaEast/providers/Microsoft.ClassicStorage/storageAccounts/inherittest\",\r\n      \"name\": \"inherittest\",\r\n      \"type\": \"Microsoft.ClassicStorage/storageAccounts\",\r\n      \"location\": \"southeastasia\"\r\n    },\r\n    {\r\n      \"id\": \"/subscriptions/cca24ec8-99b5-4aa7-9ff6-486e886f304c/resourceGroups/Default-SQL-EastAsia/providers/Microsoft.ClassicStorage/storageAccounts/alexumauditlogsstorage2\",\r\n      \"name\": \"alexumauditlogsstorage2\",\r\n      \"type\": \"Microsoft.ClassicStorage/storageAccounts\",\r\n      \"location\": \"eastasia\"\r\n    },\r\n    {\r\n      \"id\": \"/subscriptions/cca24ec8-99b5-4aa7-9ff6-486e886f304c/resourceGroups/Default-Storage-CentralUS/providers/Microsoft.ClassicStorage/storageAccounts/tomerl10\",\r\n      \"name\": \"tomerl10\",\r\n      \"type\": \"Microsoft.ClassicStorage/storageAccounts\",\r\n      \"location\": \"centralus\"\r\n    },\r\n    {\r\n      \"id\": \"/subscriptions/cca24ec8-99b5-4aa7-9ff6-486e886f304c/resourceGroups/Default-Storage-CentralUS/providers/Microsoft.ClassicStorage/storageAccounts/yoavf\",\r\n      \"name\": \"yoavf\",\r\n      \"type\": \"Microsoft.ClassicStorage/storageAccounts\",\r\n      \"location\": \"centralus\"\r\n    },\r\n    {\r\n      \"id\": \"/subscriptions/cca24ec8-99b5-4aa7-9ff6-486e886f304c/resourceGroups/Default-Storage-EastAsia/providers/Microsoft.ClassicStorage/storageAccounts/portalvhdsq8lmr4qtzkxb5\",\r\n      \"name\": \"portalvhdsq8lmr4qtzkxb5\",\r\n      \"type\": \"Microsoft.ClassicStorage/storageAccounts\",\r\n      \"location\": \"eastasia\"\r\n    },\r\n    {\r\n      \"id\": \"/subscriptions/cca24ec8-99b5-4aa7-9ff6-486e886f304c/resourceGroups/Default-Storage-EastUS/providers/Microsoft.ClassicStorage/storageAccounts/esamstorage\",\r\n      \"name\": \"esamstorage\",\r\n      \"type\": \"Microsoft.ClassicStorage/storageAccounts\",\r\n      \"location\": \"eastus\"\r\n    },\r\n    {\r\n      \"id\": \"/subscriptions/cca24ec8-99b5-4aa7-9ff6-486e886f304c/resourceGroups/Default-Storage-EastUS/providers/Microsoft.ClassicStorage/storageAccounts/portalvhdsb85hb194sjzz\",\r\n      \"name\": \"portalvhdsb85hb194sjzz\",\r\n      \"type\": \"Microsoft.ClassicStorage/storageAccounts\",\r\n      \"location\": \"eastus\"\r\n    },\r\n    {\r\n      \"id\": \"/subscriptions/cca24ec8-99b5-4aa7-9ff6-486e886f304c/resourceGroups/Default-Storage-EastUS/providers/Microsoft.ClassicStorage/storageAccounts/yoavfpowerbi2\",\r\n      \"name\": \"yoavfpowerbi2\",\r\n      \"type\": \"Microsoft.ClassicStorage/storageAccounts\",\r\n      \"location\": \"eastus\"\r\n    },\r\n    {\r\n      \"id\": \"/subscriptions/cca24ec8-99b5-4aa7-9ff6-486e886f304c/resourceGroups/Default-Storage-EastUS/providers/Microsoft.ClassicStorage/storageAccounts/yoavfpowerbismall\",\r\n      \"name\": \"yoavfpowerbismall\",\r\n      \"type\": \"Microsoft.ClassicStorage/storageAccounts\",\r\n      \"location\": \"eastus\"\r\n    },\r\n    {\r\n      \"id\": \"/subscriptions/cca24ec8-99b5-4aa7-9ff6-486e886f304c/resourceGroups/Default-Storage-EastUS2/providers/Microsoft.ClassicStorage/storageAccounts/portalvhdsv934j7szk9sg7\",\r\n      \"name\": \"portalvhdsv934j7szk9sg7\",\r\n      \"type\": \"Microsoft.ClassicStorage/storageAccounts\",\r\n      \"location\": \"eastus2\"\r\n    },\r\n    {\r\n      \"id\": \"/subscriptions/cca24ec8-99b5-4aa7-9ff6-486e886f304c/resourceGroups/Default-Storage-NorthEurope/providers/Microsoft.ClassicStorage/storageAccounts/alexumperfteststorage1\",\r\n      \"name\": \"alexumperfteststorage1\",\r\n      \"type\": \"Microsoft.ClassicStorage/storageAccounts\",\r\n      \"location\": \"northeurope\"\r\n    },\r\n    {\r\n      \"id\": \"/subscriptions/cca24ec8-99b5-4aa7-9ff6-486e886f304c/resourceGroups/Default-Storage-NorthEurope/providers/Microsoft.ClassicStorage/storageAccounts/tomerrstorage\",\r\n      \"name\": \"tomerrstorage\",\r\n      \"type\": \"Microsoft.ClassicStorage/storageAccounts\",\r\n      \"location\": \"northeurope\"\r\n    },\r\n    {\r\n      \"id\": \"/subscriptions/cca24ec8-99b5-4aa7-9ff6-486e886f304c/resourceGroups/Default-Storage-SouthCentralUS/providers/Microsoft.ClassicStorage/storageAccounts/mlstr\",\r\n      \"name\": \"mlstr\",\r\n      \"type\": \"Microsoft.ClassicStorage/storageAccounts\",\r\n      \"location\": \"southcentralus\"\r\n    },\r\n    {\r\n      \"id\": \"/subscriptions/cca24ec8-99b5-4aa7-9ff6-486e886f304c/resourceGroups/Default-Storage-WestEurope/providers/Microsoft.ClassicStorage/storageAccounts/alexumauditlogsstorage\",\r\n      \"name\": \"alexumauditlogsstorage\",\r\n      \"type\": \"Microsoft.ClassicStorage/storageAccounts\",\r\n      \"location\": \"westeurope\"\r\n    },\r\n    {\r\n      \"id\": \"/subscriptions/cca24ec8-99b5-4aa7-9ff6-486e886f304c/resourceGroups/Default-Storage-WestEurope/providers/Microsoft.ClassicStorage/storageAccounts/nadavhauditlogsstorage\",\r\n      \"name\": \"nadavhauditlogsstorage\",\r\n      \"type\": \"Microsoft.ClassicStorage/storageAccounts\",\r\n      \"location\": \"westeurope\"\r\n    },\r\n    {\r\n      \"id\": \"/subscriptions/cca24ec8-99b5-4aa7-9ff6-486e886f304c/resourceGroups/Default-Storage-WestEurope/providers/Microsoft.ClassicStorage/storageAccounts/ofirtest\",\r\n      \"name\": \"ofirtest\",\r\n      \"type\": \"Microsoft.ClassicStorage/storageAccounts\",\r\n      \"location\": \"westeurope\"\r\n    },\r\n    {\r\n      \"id\": \"/subscriptions/cca24ec8-99b5-4aa7-9ff6-486e886f304c/resourceGroups/Default-Storage-WestEurope/providers/Microsoft.ClassicStorage/storageAccounts/portalvhdsy8wcm73x2bh2j\",\r\n      \"name\": \"portalvhdsy8wcm73x2bh2j\",\r\n      \"type\": \"Microsoft.ClassicStorage/storageAccounts\",\r\n      \"location\": \"westeurope\"\r\n    },\r\n    {\r\n      \"id\": \"/subscriptions/cca24ec8-99b5-4aa7-9ff6-486e886f304c/resourceGroups/Default-Storage-WestEurope/providers/Microsoft.ClassicStorage/storageAccounts/tdml\",\r\n      \"name\": \"tdml\",\r\n      \"type\": \"Microsoft.ClassicStorage/storageAccounts\",\r\n      \"location\": \"westeurope\"\r\n    },\r\n    {\r\n      \"id\": \"/subscriptions/cca24ec8-99b5-4aa7-9ff6-486e886f304c/resourceGroups/Default-Storage-WestEurope/providers/Microsoft.ClassicStorage/storageAccounts/tomerlschema1\",\r\n      \"name\": \"tomerlschema1\",\r\n      \"type\": \"Microsoft.ClassicStorage/storageAccounts\",\r\n      \"location\": \"westeurope\"\r\n    },\r\n    {\r\n      \"id\": \"/subscriptions/cca24ec8-99b5-4aa7-9ff6-486e886f304c/resourceGroups/Default-Storage-WestEurope/providers/Microsoft.ClassicStorage/storageAccounts/tomerlschema2\",\r\n      \"name\": \"tomerlschema2\",\r\n      \"type\": \"Microsoft.ClassicStorage/storageAccounts\",\r\n      \"location\": \"westeurope\"\r\n    },\r\n    {\r\n      \"id\": \"/subscriptions/cca24ec8-99b5-4aa7-9ff6-486e886f304c/resourceGroups/Default-Storage-WestUS/providers/Microsoft.ClassicStorage/storageAccounts/galmtest\",\r\n      \"name\": \"galmtest\",\r\n      \"type\": \"Microsoft.ClassicStorage/storageAccounts\",\r\n      \"location\": \"westus\"\r\n    },\r\n    {\r\n      \"id\": \"/subscriptions/cca24ec8-99b5-4aa7-9ff6-486e886f304c/resourceGroups/Default-Storage-WestUS/providers/Microsoft.ClassicStorage/storageAccounts/portalvhdsf7kj9rfzv9wn7\",\r\n      \"name\": \"portalvhdsf7kj9rfzv9wn7\",\r\n      \"type\": \"Microsoft.ClassicStorage/storageAccounts\",\r\n      \"location\": \"westus\"\r\n    },\r\n    {\r\n      \"id\": \"/subscriptions/cca24ec8-99b5-4aa7-9ff6-486e886f304c/resourceGroups/Default-Storage-WestUS/providers/Microsoft.ClassicStorage/storageAccounts/yrubincmdletstest\",\r\n      \"name\": \"yrubincmdletstest\",\r\n      \"type\": \"Microsoft.ClassicStorage/storageAccounts\",\r\n      \"location\": \"westus\"\r\n    },\r\n    {\r\n      \"id\": \"/subscriptions/cca24ec8-99b5-4aa7-9ff6-486e886f304c/resourceGroups/Group-1/providers/Microsoft.ClassicStorage/storageAccounts/tgagrinctp23\",\r\n      \"name\": \"tgagrinctp23\",\r\n      \"type\": \"Microsoft.ClassicStorage/storageAccounts\",\r\n      \"location\": \"northeurope\"\r\n    },\r\n    {\r\n      \"id\": \"/subscriptions/cca24ec8-99b5-4aa7-9ff6-486e886f304c/resourceGroups/Group-10/providers/Microsoft.ClassicStorage/storageAccounts/ofirhavidumps\",\r\n      \"name\": \"ofirhavidumps\",\r\n      \"type\": \"Microsoft.ClassicStorage/storageAccounts\",\r\n      \"location\": \"northeurope\"\r\n    },\r\n    {\r\n      \"id\": \"/subscriptions/cca24ec8-99b5-4aa7-9ff6-486e886f304c/resourceGroups/Group-7/providers/Microsoft.ClassicStorage/storageAccounts/alexumtestvmcdb\",\r\n      \"name\": \"alexumtestvmcdb\",\r\n      \"type\": \"Microsoft.ClassicStorage/storageAccounts\",\r\n      \"location\": \"northeurope\"\r\n    },\r\n    {\r\n      \"id\": \"/subscriptions/cca24ec8-99b5-4aa7-9ff6-486e886f304c/resourceGroups/MemoryInvestigations/providers/Microsoft.ClassicStorage/storageAccounts/assafakmemdump\",\r\n      \"name\": \"assafakmemdump\",\r\n      \"type\": \"Microsoft.ClassicStorage/storageAccounts\",\r\n      \"location\": \"westeurope\"\r\n    },\r\n    {\r\n      \"id\": \"/subscriptions/cca24ec8-99b5-4aa7-9ff6-486e886f304c/resourceGroups/ResourceGroup/providers/Microsoft.ClassicStorage/storageAccounts/ranishateststorage22\",\r\n      \"name\": \"ranishateststorage22\",\r\n      \"type\": \"Microsoft.ClassicStorage/storageAccounts\",\r\n      \"location\": \"eastasia\"\r\n    },\r\n    {\r\n      \"id\": \"/subscriptions/cca24ec8-99b5-4aa7-9ff6-486e886f304c/resourceGroups/t-dadror/providers/Microsoft.ClassicStorage/storageAccounts/danielstorageaccount\",\r\n      \"name\": \"danielstorageaccount\",\r\n      \"type\": \"Microsoft.ClassicStorage/storageAccounts\",\r\n      \"location\": \"westeurope\"\r\n    },\r\n    {\r\n      \"id\": \"/subscriptions/cca24ec8-99b5-4aa7-9ff6-486e886f304c/resourceGroups/t-gagrin/providers/Microsoft.ClassicStorage/storageAccounts/gagrintestclassicstorage\",\r\n      \"name\": \"gagrintestclassicstorage\",\r\n      \"type\": \"Microsoft.ClassicStorage/storageAccounts\",\r\n      \"location\": \"westeurope\"\r\n    },\r\n    {\r\n      \"id\": \"/subscriptions/cca24ec8-99b5-4aa7-9ff6-486e886f304c/resourceGroups/tomerlprodgroup/providers/Microsoft.ClassicStorage/storageAccounts/tomerlpremiumperfstorage\",\r\n      \"name\": \"tomerlpremiumperfstorage\",\r\n      \"type\": \"Microsoft.ClassicStorage/storageAccounts\",\r\n      \"location\": \"northeurope\"\r\n    }\r\n  ]\r\n}",
      "ResponseHeaders": {
        "Content-Length": [
          "8495"
        ],
        "Content-Type": [
          "application/json; charset=utf-8"
        ],
        "Expires": [
          "-1"
        ],
        "Pragma": [
          "no-cache"
        ],
        "x-ms-ratelimit-remaining-subscription-reads": [
          "14132"
        ],
        "x-ms-request-id": [
          "0262b366-bf2d-4788-b33c-934259e3a43a"
        ],
        "x-ms-correlation-request-id": [
          "0262b366-bf2d-4788-b33c-934259e3a43a"
        ],
        "x-ms-routing-request-id": [
          "WESTEUROPE:20161214T105237Z:0262b366-bf2d-4788-b33c-934259e3a43a"
        ],
        "Strict-Transport-Security": [
          "max-age=31536000; includeSubDomains"
        ],
        "Cache-Control": [
          "no-cache"
        ],
        "Date": [
          "Wed, 14 Dec 2016 10:52:37 GMT"
        ]
      },
      "StatusCode": 200
    },
    {
      "RequestUri": "/subscriptions/cca24ec8-99b5-4aa7-9ff6-486e886f304c/resources?$filter=resourceType%20eq%20'Microsoft.Storage%2FstorageAccounts'&api-version=2016-02-01",
      "EncodedRequestUri": "L3N1YnNjcmlwdGlvbnMvY2NhMjRlYzgtOTliNS00YWE3LTlmZjYtNDg2ZTg4NmYzMDRjL3Jlc291cmNlcz8kZmlsdGVyPXJlc291cmNlVHlwZSUyMGVxJTIwJ01pY3Jvc29mdC5TdG9yYWdlJTJGc3RvcmFnZUFjY291bnRzJyZhcGktdmVyc2lvbj0yMDE2LTAyLTAx",
      "RequestMethod": "GET",
      "RequestBody": "",
      "RequestHeaders": {
        "User-Agent": [
          "Microsoft.Azure.Management.Resources.ResourceManagementClient/2.0.0.0"
        ]
      },
      "ResponseBody": "{\r\n  \"value\": [\r\n    {\r\n      \"id\": \"/subscriptions/cca24ec8-99b5-4aa7-9ff6-486e886f304c/resourceGroups/a/providers/Microsoft.Storage/storageAccounts/ayelettest\",\r\n      \"name\": \"ayelettest\",\r\n      \"type\": \"Microsoft.Storage/storageAccounts\",\r\n      \"sku\": {\r\n        \"name\": \"Standard_LRS\",\r\n        \"tier\": \"Standard\"\r\n      },\r\n      \"kind\": \"Storage\",\r\n      \"location\": \"westeurope\",\r\n      \"tags\": {}\r\n    },\r\n    {\r\n      \"id\": \"/subscriptions/cca24ec8-99b5-4aa7-9ff6-486e886f304c/resourceGroups/alex/providers/Microsoft.Storage/storageAccounts/alexumteststoragesea\",\r\n      \"name\": \"alexumteststoragesea\",\r\n      \"type\": \"Microsoft.Storage/storageAccounts\",\r\n      \"sku\": {\r\n        \"name\": \"Standard_LRS\",\r\n        \"tier\": \"Standard\"\r\n      },\r\n      \"kind\": \"Storage\",\r\n      \"location\": \"southeastasia\",\r\n      \"tags\": {}\r\n    },\r\n    {\r\n      \"id\": \"/subscriptions/cca24ec8-99b5-4aa7-9ff6-486e886f304c/resourceGroups/alex/providers/Microsoft.Storage/storageAccounts/ofirhavipilot\",\r\n      \"name\": \"ofirhavipilot\",\r\n      \"type\": \"Microsoft.Storage/storageAccounts\",\r\n      \"sku\": {\r\n        \"name\": \"Standard_LRS\",\r\n        \"tier\": \"Standard\"\r\n      },\r\n      \"kind\": \"Storage\",\r\n      \"location\": \"westcentralus\",\r\n      \"tags\": {}\r\n    },\r\n    {\r\n      \"id\": \"/subscriptions/cca24ec8-99b5-4aa7-9ff6-486e886f304c/resourceGroups/analyticstest/providers/Microsoft.Storage/storageAccounts/yyrubin1\",\r\n      \"name\": \"yyrubin1\",\r\n      \"type\": \"Microsoft.Storage/storageAccounts\",\r\n      \"sku\": {\r\n        \"name\": \"Standard_RAGRS\",\r\n        \"tier\": \"Standard\"\r\n      },\r\n      \"kind\": \"Storage\",\r\n      \"location\": \"westeurope\",\r\n      \"tags\": {}\r\n    },\r\n    {\r\n      \"id\": \"/subscriptions/cca24ec8-99b5-4aa7-9ff6-486e886f304c/resourceGroups/analyticstest/providers/Microsoft.Storage/storageAccounts/yyrubin2\",\r\n      \"name\": \"yyrubin2\",\r\n      \"type\": \"Microsoft.Storage/storageAccounts\",\r\n      \"sku\": {\r\n        \"name\": \"Standard_RAGRS\",\r\n        \"tier\": \"Standard\"\r\n      },\r\n      \"kind\": \"Storage\",\r\n      \"location\": \"westeurope\",\r\n      \"tags\": {}\r\n    },\r\n    {\r\n      \"id\": \"/subscriptions/cca24ec8-99b5-4aa7-9ff6-486e886f304c/resourceGroups/andml/providers/Microsoft.Storage/storageAccounts/alexumgeoredundant\",\r\n      \"name\": \"alexumgeoredundant\",\r\n      \"type\": \"Microsoft.Storage/storageAccounts\",\r\n      \"sku\": {\r\n        \"name\": \"Standard_RAGRS\",\r\n        \"tier\": \"Standard\"\r\n      },\r\n      \"kind\": \"Storage\",\r\n      \"location\": \"eastasia\",\r\n      \"tags\": {}\r\n    },\r\n    {\r\n      \"id\": \"/subscriptions/cca24ec8-99b5-4aa7-9ff6-486e886f304c/resourceGroups/andml/providers/Microsoft.Storage/storageAccounts/teststorageweu12\",\r\n      \"name\": \"teststorageweu12\",\r\n      \"type\": \"Microsoft.Storage/storageAccounts\",\r\n      \"sku\": {\r\n        \"name\": \"Standard_LRS\",\r\n        \"tier\": \"Standard\"\r\n      },\r\n      \"kind\": \"Storage\",\r\n      \"location\": \"westeurope\",\r\n      \"tags\": {}\r\n    },\r\n    {\r\n      \"id\": \"/subscriptions/cca24ec8-99b5-4aa7-9ff6-486e886f304c/resourceGroups/andml/providers/Microsoft.Storage/storageAccounts/teststorageweu22\",\r\n      \"name\": \"teststorageweu22\",\r\n      \"type\": \"Microsoft.Storage/storageAccounts\",\r\n      \"sku\": {\r\n        \"name\": \"Standard_LRS\",\r\n        \"tier\": \"Standard\"\r\n      },\r\n      \"kind\": \"Storage\",\r\n      \"location\": \"westeurope\",\r\n      \"tags\": {}\r\n    },\r\n    {\r\n      \"id\": \"/subscriptions/cca24ec8-99b5-4aa7-9ff6-486e886f304c/resourceGroups/assafaktest/providers/Microsoft.Storage/storageAccounts/assafaktest5593\",\r\n      \"name\": \"assafaktest5593\",\r\n      \"type\": \"Microsoft.Storage/storageAccounts\",\r\n      \"location\": \"eastus2\",\r\n      \"tags\": {}\r\n    },\r\n    {\r\n      \"id\": \"/subscriptions/cca24ec8-99b5-4aa7-9ff6-486e886f304c/resourceGroups/assafaktest/providers/Microsoft.Storage/storageAccounts/assafaktest6245\",\r\n      \"name\": \"assafaktest6245\",\r\n      \"type\": \"Microsoft.Storage/storageAccounts\",\r\n      \"sku\": {\r\n        \"name\": \"Premium_LRS\",\r\n        \"tier\": \"Premium\"\r\n      },\r\n      \"kind\": \"Storage\",\r\n      \"location\": \"japaneast\",\r\n      \"tags\": {}\r\n    },\r\n    {\r\n      \"id\": \"/subscriptions/cca24ec8-99b5-4aa7-9ff6-486e886f304c/resourceGroups/assafaktest/providers/Microsoft.Storage/storageAccounts/assafakteststorage\",\r\n      \"name\": \"assafakteststorage\",\r\n      \"type\": \"Microsoft.Storage/storageAccounts\",\r\n      \"sku\": {\r\n        \"name\": \"Standard_LRS\",\r\n        \"tier\": \"Standard\"\r\n      },\r\n      \"kind\": \"Storage\",\r\n      \"location\": \"japaneast\",\r\n      \"tags\": {}\r\n    },\r\n    {\r\n      \"id\": \"/subscriptions/cca24ec8-99b5-4aa7-9ff6-486e886f304c/resourceGroups/assafaktest/providers/Microsoft.Storage/storageAccounts/db5drfiredrill\",\r\n      \"name\": \"db5drfiredrill\",\r\n      \"type\": \"Microsoft.Storage/storageAccounts\",\r\n      \"sku\": {\r\n        \"name\": \"Standard_RAGRS\",\r\n        \"tier\": \"Standard\"\r\n      },\r\n      \"kind\": \"Storage\",\r\n      \"location\": \"westeurope\",\r\n      \"tags\": {}\r\n    },\r\n    {\r\n      \"id\": \"/subscriptions/cca24ec8-99b5-4aa7-9ff6-486e886f304c/resourceGroups/assafaktest/providers/Microsoft.Storage/storageAccounts/japaneaststorage1\",\r\n      \"name\": \"japaneaststorage1\",\r\n      \"type\": \"Microsoft.Storage/storageAccounts\",\r\n      \"sku\": {\r\n        \"name\": \"Standard_LRS\",\r\n        \"tier\": \"Standard\"\r\n      },\r\n      \"kind\": \"Storage\",\r\n      \"location\": \"japaneast\",\r\n      \"tags\": {}\r\n    },\r\n    {\r\n      \"id\": \"/subscriptions/cca24ec8-99b5-4aa7-9ff6-486e886f304c/resourceGroups/assafaktest/providers/Microsoft.Storage/storageAccounts/yaiyunzr\",\r\n      \"name\": \"yaiyunzr\",\r\n      \"type\": \"Microsoft.Storage/storageAccounts\",\r\n      \"sku\": {\r\n        \"name\": \"Standard_ZRS\",\r\n        \"tier\": \"Standard\"\r\n      },\r\n      \"kind\": \"Storage\",\r\n      \"location\": \"australiaeast\",\r\n      \"tags\": {}\r\n    },\r\n    {\r\n      \"id\": \"/subscriptions/cca24ec8-99b5-4aa7-9ff6-486e886f304c/resourceGroups/australiaeast/providers/Microsoft.Storage/storageAccounts/yaiyunblobstorage\",\r\n      \"name\": \"yaiyunblobstorage\",\r\n      \"type\": \"Microsoft.Storage/storageAccounts\",\r\n      \"sku\": {\r\n        \"name\": \"Standard_RAGRS\",\r\n        \"tier\": \"Standard\"\r\n      },\r\n      \"kind\": \"BlobStorage\",\r\n      \"location\": \"japaneast\",\r\n      \"tags\": {}\r\n    },\r\n    {\r\n      \"id\": \"/subscriptions/cca24ec8-99b5-4aa7-9ff6-486e886f304c/resourceGroups/AzureFunctions-WestEurope/providers/Microsoft.Storage/storageAccounts/azurefunctionsc8631628\",\r\n      \"name\": \"azurefunctionsc8631628\",\r\n      \"type\": \"Microsoft.Storage/storageAccounts\",\r\n      \"sku\": {\r\n        \"name\": \"Standard_GRS\",\r\n        \"tier\": \"Standard\"\r\n      },\r\n      \"kind\": \"Storage\",\r\n      \"location\": \"westeurope\",\r\n      \"tags\": {}\r\n    },\r\n    {\r\n      \"id\": \"/subscriptions/cca24ec8-99b5-4aa7-9ff6-486e886f304c/resourceGroups/cmdletssignoffgroup1/providers/Microsoft.Storage/storageAccounts/raniblobstoragetest\",\r\n      \"name\": \"raniblobstoragetest\",\r\n      \"type\": \"Microsoft.Storage/storageAccounts\",\r\n      \"sku\": {\r\n        \"name\": \"Standard_RAGRS\",\r\n        \"tier\": \"Standard\"\r\n      },\r\n      \"kind\": \"BlobStorage\",\r\n      \"location\": \"westeurope\",\r\n      \"tags\": {}\r\n    },\r\n    {\r\n      \"id\": \"/subscriptions/cca24ec8-99b5-4aa7-9ff6-486e886f304c/resourceGroups/Default-SQL-AustraliaEast/providers/Microsoft.Storage/storageAccounts/canarystorgae\",\r\n      \"name\": \"canarystorgae\",\r\n      \"type\": \"Microsoft.Storage/storageAccounts\",\r\n      \"sku\": {\r\n        \"name\": \"Standard_GRS\",\r\n        \"tier\": \"Standard\"\r\n      },\r\n      \"kind\": \"Storage\",\r\n      \"location\": \"australiaeast\",\r\n      \"tags\": {}\r\n    },\r\n    {\r\n      \"id\": \"/subscriptions/cca24ec8-99b5-4aa7-9ff6-486e886f304c/resourceGroups/Default-SQL-AustraliaEast/providers/Microsoft.Storage/storageAccounts/newyaiyun\",\r\n      \"name\": \"newyaiyun\",\r\n      \"type\": \"Microsoft.Storage/storageAccounts\",\r\n      \"sku\": {\r\n        \"name\": \"Standard_LRS\",\r\n        \"tier\": \"Standard\"\r\n      },\r\n      \"kind\": \"Storage\",\r\n      \"location\": \"australiaeast\",\r\n      \"tags\": {}\r\n    },\r\n    {\r\n      \"id\": \"/subscriptions/cca24ec8-99b5-4aa7-9ff6-486e886f304c/resourceGroups/Default-SQL-AustraliaEast/providers/Microsoft.Storage/storageAccounts/yaiyunstorage1s\",\r\n      \"name\": \"yaiyunstorage1s\",\r\n      \"type\": \"Microsoft.Storage/storageAccounts\",\r\n      \"sku\": {\r\n        \"name\": \"Standard_LRS\",\r\n        \"tier\": \"Standard\"\r\n      },\r\n      \"kind\": \"Storage\",\r\n      \"location\": \"australiaeast\",\r\n      \"tags\": {}\r\n    },\r\n    {\r\n      \"id\": \"/subscriptions/cca24ec8-99b5-4aa7-9ff6-486e886f304c/resourceGroups/Default-SQL-CentralUS/providers/Microsoft.Storage/storageAccounts/testesam\",\r\n      \"name\": \"testesam\",\r\n      \"type\": \"Microsoft.Storage/storageAccounts\",\r\n      \"location\": \"westeurope\",\r\n      \"tags\": {}\r\n    },\r\n    {\r\n      \"id\": \"/subscriptions/cca24ec8-99b5-4aa7-9ff6-486e886f304c/resourceGroups/Default-SQL-EastUS/providers/Microsoft.Storage/storageAccounts/defaultsqleastusdisks599\",\r\n      \"name\": \"defaultsqleastusdisks599\",\r\n      \"type\": \"Microsoft.Storage/storageAccounts\",\r\n      \"sku\": {\r\n        \"name\": \"Premium_LRS\",\r\n        \"tier\": \"Premium\"\r\n      },\r\n      \"kind\": \"Storage\",\r\n      \"location\": \"eastus\",\r\n      \"tags\": {}\r\n    },\r\n    {\r\n      \"id\": \"/subscriptions/cca24ec8-99b5-4aa7-9ff6-486e886f304c/resourceGroups/Default-SQL-EastUS/providers/Microsoft.Storage/storageAccounts/deleteme12\",\r\n      \"name\": \"deleteme12\",\r\n      \"type\": \"Microsoft.Storage/storageAccounts\",\r\n      \"sku\": {\r\n        \"name\": \"Standard_LRS\",\r\n        \"tier\": \"Standard\"\r\n      },\r\n      \"kind\": \"Storage\",\r\n      \"location\": \"japanwest\",\r\n      \"tags\": {}\r\n    },\r\n    {\r\n      \"id\": \"/subscriptions/cca24ec8-99b5-4aa7-9ff6-486e886f304c/resourceGroups/Default-SQL-NorthEurope/providers/Microsoft.Storage/storageAccounts/yrubinv2storage\",\r\n      \"name\": \"yrubinv2storage\",\r\n      \"type\": \"Microsoft.Storage/storageAccounts\",\r\n      \"sku\": {\r\n        \"name\": \"Standard_LRS\",\r\n        \"tier\": \"Standard\"\r\n      },\r\n      \"kind\": \"Storage\",\r\n      \"location\": \"northeurope\",\r\n      \"tags\": {}\r\n    },\r\n    {\r\n      \"id\": \"/subscriptions/cca24ec8-99b5-4aa7-9ff6-486e886f304c/resourceGroups/EsamTest/providers/Microsoft.Storage/storageAccounts/eswatadstorage\",\r\n      \"name\": \"eswatadstorage\",\r\n      \"type\": \"Microsoft.Storage/storageAccounts\",\r\n      \"sku\": {\r\n        \"name\": \"Standard_LRS\",\r\n        \"tier\": \"Standard\"\r\n      },\r\n      \"kind\": \"Storage\",\r\n      \"location\": \"japaneast\",\r\n      \"tags\": {}\r\n    },\r\n    {\r\n      \"id\": \"/subscriptions/cca24ec8-99b5-4aa7-9ff6-486e886f304c/resourceGroups/galm/providers/Microsoft.Storage/storageAccounts/galmdiag667\",\r\n      \"name\": \"galmdiag667\",\r\n      \"type\": \"Microsoft.Storage/storageAccounts\",\r\n      \"sku\": {\r\n        \"name\": \"Standard_LRS\",\r\n        \"tier\": \"Standard\"\r\n      },\r\n      \"kind\": \"Storage\",\r\n      \"location\": \"westeurope\",\r\n      \"tags\": {}\r\n    },\r\n    {\r\n      \"id\": \"/subscriptions/cca24ec8-99b5-4aa7-9ff6-486e886f304c/resourceGroups/galm/providers/Microsoft.Storage/storageAccounts/galmdisks908\",\r\n      \"name\": \"galmdisks908\",\r\n      \"type\": \"Microsoft.Storage/storageAccounts\",\r\n      \"sku\": {\r\n        \"name\": \"Premium_LRS\",\r\n        \"tier\": \"Premium\"\r\n      },\r\n      \"kind\": \"Storage\",\r\n      \"location\": \"westeurope\",\r\n      \"tags\": {}\r\n    },\r\n    {\r\n      \"id\": \"/subscriptions/cca24ec8-99b5-4aa7-9ff6-486e886f304c/resourceGroups/ggildincri1/providers/Microsoft.Storage/storageAccounts/ggildincri1\",\r\n      \"name\": \"ggildincri1\",\r\n      \"type\": \"Microsoft.Storage/storageAccounts\",\r\n      \"sku\": {\r\n        \"name\": \"Standard_LRS\",\r\n        \"tier\": \"Standard\"\r\n      },\r\n      \"kind\": \"Storage\",\r\n      \"location\": \"westeurope\",\r\n      \"tags\": {}\r\n    },\r\n    {\r\n      \"id\": \"/subscriptions/cca24ec8-99b5-4aa7-9ff6-486e886f304c/resourceGroups/GiladRG/providers/Microsoft.Storage/storageAccounts/contosostorqoo22mtmenhau\",\r\n      \"name\": \"contosostorqoo22mtmenhau\",\r\n      \"type\": \"Microsoft.Storage/storageAccounts\",\r\n      \"sku\": {\r\n        \"name\": \"Standard_LRS\",\r\n        \"tier\": \"Standard\"\r\n      },\r\n      \"kind\": \"Storage\",\r\n      \"location\": \"eastus\",\r\n      \"tags\": {}\r\n    },\r\n    {\r\n      \"id\": \"/subscriptions/cca24ec8-99b5-4aa7-9ff6-486e886f304c/resourceGroups/GiladRG/providers/Microsoft.Storage/storageAccounts/giladrg4448\",\r\n      \"name\": \"giladrg4448\",\r\n      \"type\": \"Microsoft.Storage/storageAccounts\",\r\n      \"sku\": {\r\n        \"name\": \"Standard_LRS\",\r\n        \"tier\": \"Standard\"\r\n      },\r\n      \"kind\": \"Storage\",\r\n      \"location\": \"westeurope\",\r\n      \"tags\": {}\r\n    },\r\n    {\r\n      \"id\": \"/subscriptions/cca24ec8-99b5-4aa7-9ff6-486e886f304c/resourceGroups/GiladRG/providers/Microsoft.Storage/storageAccounts/giladstorageencrypted\",\r\n      \"name\": \"giladstorageencrypted\",\r\n      \"type\": \"Microsoft.Storage/storageAccounts\",\r\n      \"sku\": {\r\n        \"name\": \"Standard_LRS\",\r\n        \"tier\": \"Standard\"\r\n      },\r\n      \"kind\": \"Storage\",\r\n      \"location\": \"westeurope\",\r\n      \"tags\": {}\r\n    },\r\n    {\r\n      \"id\": \"/subscriptions/cca24ec8-99b5-4aa7-9ff6-486e886f304c/resourceGroups/Group-1/providers/Microsoft.Storage/storageAccounts/raniteststorage1122\",\r\n      \"name\": \"raniteststorage1122\",\r\n      \"type\": \"Microsoft.Storage/storageAccounts\",\r\n      \"sku\": {\r\n        \"name\": \"Standard_GRS\",\r\n        \"tier\": \"Standard\"\r\n      },\r\n      \"kind\": \"Storage\",\r\n      \"location\": \"westus\",\r\n      \"tags\": {}\r\n    },\r\n    {\r\n      \"id\": \"/subscriptions/cca24ec8-99b5-4aa7-9ff6-486e886f304c/resourceGroups/Group-12345/providers/Microsoft.Storage/storageAccounts/group123459057\",\r\n      \"name\": \"group123459057\",\r\n      \"type\": \"Microsoft.Storage/storageAccounts\",\r\n      \"sku\": {\r\n        \"name\": \"Premium_LRS\",\r\n        \"tier\": \"Premium\"\r\n      },\r\n      \"kind\": \"Storage\",\r\n      \"location\": \"northeurope\",\r\n      \"tags\": {}\r\n    },\r\n    {\r\n      \"id\": \"/subscriptions/cca24ec8-99b5-4aa7-9ff6-486e886f304c/resourceGroups/Group-166/providers/Microsoft.Storage/storageAccounts/tomerwstorage\",\r\n      \"name\": \"tomerwstorage\",\r\n      \"type\": \"Microsoft.Storage/storageAccounts\",\r\n      \"sku\": {\r\n        \"name\": \"Standard_LRS\",\r\n        \"tier\": \"Standard\"\r\n      },\r\n      \"kind\": \"Storage\",\r\n      \"location\": \"westeurope\",\r\n      \"tags\": {}\r\n    },\r\n    {\r\n      \"id\": \"/subscriptions/cca24ec8-99b5-4aa7-9ff6-486e886f304c/resourceGroups/Group-189/providers/Microsoft.Storage/storageAccounts/esamteststorage\",\r\n      \"name\": \"esamteststorage\",\r\n      \"type\": \"Microsoft.Storage/storageAccounts\",\r\n      \"sku\": {\r\n        \"name\": \"Standard_LRS\",\r\n        \"tier\": \"Standard\"\r\n      },\r\n      \"kind\": \"Storage\",\r\n      \"location\": \"australiaeast\",\r\n      \"tags\": {}\r\n    },\r\n    {\r\n      \"id\": \"/subscriptions/cca24ec8-99b5-4aa7-9ff6-486e886f304c/resourceGroups/Group-189/providers/Microsoft.Storage/storageAccounts/group1897419\",\r\n      \"name\": \"group1897419\",\r\n      \"type\": \"Microsoft.Storage/storageAccounts\",\r\n      \"sku\": {\r\n        \"name\": \"Standard_LRS\",\r\n        \"tier\": \"Standard\"\r\n      },\r\n      \"kind\": \"Storage\",\r\n      \"location\": \"australiaeast\",\r\n      \"tags\": {}\r\n    },\r\n    {\r\n      \"id\": \"/subscriptions/cca24ec8-99b5-4aa7-9ff6-486e886f304c/resourceGroups/Group-189/providers/Microsoft.Storage/storageAccounts/storageesam1\",\r\n      \"name\": \"storageesam1\",\r\n      \"type\": \"Microsoft.Storage/storageAccounts\",\r\n      \"sku\": {\r\n        \"name\": \"Standard_LRS\",\r\n        \"tier\": \"Standard\"\r\n      },\r\n      \"kind\": \"Storage\",\r\n      \"location\": \"australiaeast\",\r\n      \"tags\": {}\r\n    },\r\n    {\r\n      \"id\": \"/subscriptions/cca24ec8-99b5-4aa7-9ff6-486e886f304c/resourceGroups/Group-250/providers/Microsoft.Storage/storageAccounts/teststoragerani2\",\r\n      \"name\": \"teststoragerani2\",\r\n      \"type\": \"Microsoft.Storage/storageAccounts\",\r\n      \"sku\": {\r\n        \"name\": \"Standard_LRS\",\r\n        \"tier\": \"Standard\"\r\n      },\r\n      \"kind\": \"Storage\",\r\n      \"location\": \"eastus\",\r\n      \"tags\": {}\r\n    },\r\n    {\r\n      \"id\": \"/subscriptions/cca24ec8-99b5-4aa7-9ff6-486e886f304c/resourceGroups/Group-250/providers/Microsoft.Storage/storageAccounts/tomerlstorage\",\r\n      \"name\": \"tomerlstorage\",\r\n      \"type\": \"Microsoft.Storage/storageAccounts\",\r\n      \"sku\": {\r\n        \"name\": \"Standard_LRS\",\r\n        \"tier\": \"Standard\"\r\n      },\r\n      \"kind\": \"Storage\",\r\n      \"location\": \"westcentralus\",\r\n      \"tags\": {}\r\n    },\r\n    {\r\n      \"id\": \"/subscriptions/cca24ec8-99b5-4aa7-9ff6-486e886f304c/resourceGroups/Group-251/providers/Microsoft.Storage/storageAccounts/daamarstorageeus\",\r\n      \"name\": \"daamarstorageeus\",\r\n      \"type\": \"Microsoft.Storage/storageAccounts\",\r\n      \"sku\": {\r\n        \"name\": \"Standard_LRS\",\r\n        \"tier\": \"Standard\"\r\n      },\r\n      \"kind\": \"Storage\",\r\n      \"location\": \"eastus\",\r\n      \"tags\": {}\r\n    },\r\n    {\r\n      \"id\": \"/subscriptions/cca24ec8-99b5-4aa7-9ff6-486e886f304c/resourceGroups/Group-63/providers/Microsoft.Storage/storageAccounts/esamstoragetest02\",\r\n      \"name\": \"esamstoragetest02\",\r\n      \"type\": \"Microsoft.Storage/storageAccounts\",\r\n      \"sku\": {\r\n        \"name\": \"Standard_LRS\",\r\n        \"tier\": \"Standard\"\r\n      },\r\n      \"kind\": \"Storage\",\r\n      \"location\": \"eastasia\",\r\n      \"tags\": {}\r\n    },\r\n    {\r\n      \"id\": \"/subscriptions/cca24ec8-99b5-4aa7-9ff6-486e886f304c/resourceGroups/lubaRG/providers/Microsoft.Storage/storageAccounts/k6akbp53vjk6kstandardsa\",\r\n      \"name\": \"k6akbp53vjk6kstandardsa\",\r\n      \"type\": \"Microsoft.Storage/storageAccounts\",\r\n      \"sku\": {\r\n        \"name\": \"Standard_LRS\",\r\n        \"tier\": \"Standard\"\r\n      },\r\n      \"kind\": \"Storage\",\r\n      \"location\": \"westeurope\",\r\n      \"tags\": {\r\n        \"ApplicationName\": \"AppName\",\r\n        \"CostCenter\": \"V0640333\"\r\n      }\r\n    },\r\n    {\r\n      \"id\": \"/subscriptions/cca24ec8-99b5-4aa7-9ff6-486e886f304c/resourceGroups/rambrachtestgroup/providers/Microsoft.Storage/storageAccounts/yoavfperftest\",\r\n      \"name\": \"yoavfperftest\",\r\n      \"type\": \"Microsoft.Storage/storageAccounts\",\r\n      \"sku\": {\r\n        \"name\": \"Standard_LRS\",\r\n        \"tier\": \"Standard\"\r\n      },\r\n      \"kind\": \"Storage\",\r\n      \"location\": \"westeurope\",\r\n      \"tags\": {}\r\n    },\r\n    {\r\n      \"id\": \"/subscriptions/cca24ec8-99b5-4aa7-9ff6-486e886f304c/resourceGroups/rampilot/providers/Microsoft.Storage/storageAccounts/alexumpilotstorage\",\r\n      \"name\": \"alexumpilotstorage\",\r\n      \"type\": \"Microsoft.Storage/storageAccounts\",\r\n      \"sku\": {\r\n        \"name\": \"Standard_LRS\",\r\n        \"tier\": \"Standard\"\r\n      },\r\n      \"kind\": \"Storage\",\r\n      \"location\": \"westcentralus\",\r\n      \"tags\": {}\r\n    },\r\n    {\r\n      \"id\": \"/subscriptions/cca24ec8-99b5-4aa7-9ff6-486e886f304c/resourceGroups/rampilot/providers/Microsoft.Storage/storageAccounts/lubatodelete\",\r\n      \"name\": \"lubatodelete\",\r\n      \"type\": \"Microsoft.Storage/storageAccounts\",\r\n      \"sku\": {\r\n        \"name\": \"Standard_RAGRS\",\r\n        \"tier\": \"Standard\"\r\n      },\r\n      \"kind\": \"Storage\",\r\n      \"location\": \"westeurope\",\r\n      \"tags\": {}\r\n    },\r\n    {\r\n      \"id\": \"/subscriptions/cca24ec8-99b5-4aa7-9ff6-486e886f304c/resourceGroups/rg/providers/Microsoft.Storage/storageAccounts/rgdiag860\",\r\n      \"name\": \"rgdiag860\",\r\n      \"type\": \"Microsoft.Storage/storageAccounts\",\r\n      \"sku\": {\r\n        \"name\": \"Standard_LRS\",\r\n        \"tier\": \"Standard\"\r\n      },\r\n      \"kind\": \"Storage\",\r\n      \"location\": \"japaneast\",\r\n      \"tags\": {}\r\n    },\r\n    {\r\n      \"id\": \"/subscriptions/cca24ec8-99b5-4aa7-9ff6-486e886f304c/resourceGroups/rg/providers/Microsoft.Storage/storageAccounts/rgdisks108\",\r\n      \"name\": \"rgdisks108\",\r\n      \"type\": \"Microsoft.Storage/storageAccounts\",\r\n      \"sku\": {\r\n        \"name\": \"Premium_LRS\",\r\n        \"tier\": \"Premium\"\r\n      },\r\n      \"kind\": \"Storage\",\r\n      \"location\": \"japaneast\",\r\n      \"tags\": {}\r\n    },\r\n    {\r\n      \"id\": \"/subscriptions/cca24ec8-99b5-4aa7-9ff6-486e886f304c/resourceGroups/securitydata/providers/Microsoft.Storage/storageAccounts/cc2177australiaeast\",\r\n      \"name\": \"cc2177australiaeast\",\r\n      \"type\": \"Microsoft.Storage/storageAccounts\",\r\n      \"sku\": {\r\n        \"name\": \"Standard_LRS\",\r\n        \"tier\": \"Standard\"\r\n      },\r\n      \"kind\": \"Storage\",\r\n      \"location\": \"australiaeast\",\r\n      \"tags\": {}\r\n    },\r\n    {\r\n      \"id\": \"/subscriptions/cca24ec8-99b5-4aa7-9ff6-486e886f304c/resourceGroups/securitydata/providers/Microsoft.Storage/storageAccounts/cc2177eastasia\",\r\n      \"name\": \"cc2177eastasia\",\r\n      \"type\": \"Microsoft.Storage/storageAccounts\",\r\n      \"sku\": {\r\n        \"name\": \"Standard_LRS\",\r\n        \"tier\": \"Standard\"\r\n      },\r\n      \"kind\": \"Storage\",\r\n      \"location\": \"eastasia\",\r\n      \"tags\": {}\r\n    },\r\n    {\r\n      \"id\": \"/subscriptions/cca24ec8-99b5-4aa7-9ff6-486e886f304c/resourceGroups/securitydata/providers/Microsoft.Storage/storageAccounts/cc2177eastus\",\r\n      \"name\": \"cc2177eastus\",\r\n      \"type\": \"Microsoft.Storage/storageAccounts\",\r\n      \"sku\": {\r\n        \"name\": \"Standard_LRS\",\r\n        \"tier\": \"Standard\"\r\n      },\r\n      \"kind\": \"Storage\",\r\n      \"location\": \"eastus\",\r\n      \"tags\": {}\r\n    },\r\n    {\r\n      \"id\": \"/subscriptions/cca24ec8-99b5-4aa7-9ff6-486e886f304c/resourceGroups/securitydata/providers/Microsoft.Storage/storageAccounts/cc2177eastus2\",\r\n      \"name\": \"cc2177eastus2\",\r\n      \"type\": \"Microsoft.Storage/storageAccounts\",\r\n      \"location\": \"eastus2\",\r\n      \"tags\": {}\r\n    },\r\n    {\r\n      \"id\": \"/subscriptions/cca24ec8-99b5-4aa7-9ff6-486e886f304c/resourceGroups/securitydata/providers/Microsoft.Storage/storageAccounts/cc2177japaneast\",\r\n      \"name\": \"cc2177japaneast\",\r\n      \"type\": \"Microsoft.Storage/storageAccounts\",\r\n      \"sku\": {\r\n        \"name\": \"Standard_LRS\",\r\n        \"tier\": \"Standard\"\r\n      },\r\n      \"kind\": \"Storage\",\r\n      \"location\": \"japaneast\",\r\n      \"tags\": {}\r\n    },\r\n    {\r\n      \"id\": \"/subscriptions/cca24ec8-99b5-4aa7-9ff6-486e886f304c/resourceGroups/securitydata/providers/Microsoft.Storage/storageAccounts/cc2177japanwest\",\r\n      \"name\": \"cc2177japanwest\",\r\n      \"type\": \"Microsoft.Storage/storageAccounts\",\r\n      \"sku\": {\r\n        \"name\": \"Standard_LRS\",\r\n        \"tier\": \"Standard\"\r\n      },\r\n      \"kind\": \"Storage\",\r\n      \"location\": \"japanwest\",\r\n      \"tags\": {}\r\n    },\r\n    {\r\n      \"id\": \"/subscriptions/cca24ec8-99b5-4aa7-9ff6-486e886f304c/resourceGroups/securitydata/providers/Microsoft.Storage/storageAccounts/cc2177northeurope\",\r\n      \"name\": \"cc2177northeurope\",\r\n      \"type\": \"Microsoft.Storage/storageAccounts\",\r\n      \"sku\": {\r\n        \"name\": \"Standard_LRS\",\r\n        \"tier\": \"Standard\"\r\n      },\r\n      \"kind\": \"Storage\",\r\n      \"location\": \"northeurope\",\r\n      \"tags\": {}\r\n    },\r\n    {\r\n      \"id\": \"/subscriptions/cca24ec8-99b5-4aa7-9ff6-486e886f304c/resourceGroups/securitydata/providers/Microsoft.Storage/storageAccounts/cc2177westeurope\",\r\n      \"name\": \"cc2177westeurope\",\r\n      \"type\": \"Microsoft.Storage/storageAccounts\",\r\n      \"sku\": {\r\n        \"name\": \"Standard_LRS\",\r\n        \"tier\": \"Standard\"\r\n      },\r\n      \"kind\": \"Storage\",\r\n      \"location\": \"westeurope\",\r\n      \"tags\": {}\r\n    },\r\n    {\r\n      \"id\": \"/subscriptions/cca24ec8-99b5-4aa7-9ff6-486e886f304c/resourceGroups/securitydata/providers/Microsoft.Storage/storageAccounts/cc2177westus\",\r\n      \"name\": \"cc2177westus\",\r\n      \"type\": \"Microsoft.Storage/storageAccounts\",\r\n      \"sku\": {\r\n        \"name\": \"Standard_LRS\",\r\n        \"tier\": \"Standard\"\r\n      },\r\n      \"kind\": \"Storage\",\r\n      \"location\": \"westus\",\r\n      \"tags\": {}\r\n    },\r\n    {\r\n      \"id\": \"/subscriptions/cca24ec8-99b5-4aa7-9ff6-486e886f304c/resourceGroups/sql-audit-cmdlet-test-rg81152/providers/Microsoft.Storage/storageAccounts/auditcmdlets81152\",\r\n      \"name\": \"auditcmdlets81152\",\r\n      \"type\": \"Microsoft.Storage/storageAccounts\",\r\n      \"location\": \"westcentralus\",\r\n      \"tags\": {}\r\n    },\r\n    {\r\n      \"id\": \"/subscriptions/cca24ec8-99b5-4aa7-9ff6-486e886f304c/resourceGroups/t-gagrin/providers/Microsoft.Storage/storageAccounts/gagrinteststorage\",\r\n      \"name\": \"gagrinteststorage\",\r\n      \"type\": \"Microsoft.Storage/storageAccounts\",\r\n      \"sku\": {\r\n        \"name\": \"Standard_LRS\",\r\n        \"tier\": \"Standard\"\r\n      },\r\n      \"kind\": \"Storage\",\r\n      \"location\": \"westeurope\",\r\n      \"tags\": {}\r\n    },\r\n    {\r\n      \"id\": \"/subscriptions/cca24ec8-99b5-4aa7-9ff6-486e886f304c/resourceGroups/t-gagrin/providers/Microsoft.Storage/storageAccounts/gagrinteststorageweu\",\r\n      \"name\": \"gagrinteststorageweu\",\r\n      \"type\": \"Microsoft.Storage/storageAccounts\",\r\n      \"sku\": {\r\n        \"name\": \"Standard_LRS\",\r\n        \"tier\": \"Standard\"\r\n      },\r\n      \"kind\": \"Storage\",\r\n      \"location\": \"westeurope\",\r\n      \"tags\": {}\r\n    },\r\n    {\r\n      \"id\": \"/subscriptions/cca24ec8-99b5-4aa7-9ff6-486e886f304c/resourceGroups/tomerlgroup1234/providers/Microsoft.Storage/storageAccounts/tomerlgeodrteststorage\",\r\n      \"name\": \"tomerlgeodrteststorage\",\r\n      \"type\": \"Microsoft.Storage/storageAccounts\",\r\n      \"sku\": {\r\n        \"name\": \"Standard_LRS\",\r\n        \"tier\": \"Standard\"\r\n      },\r\n      \"kind\": \"Storage\",\r\n      \"location\": \"westcentralus\",\r\n      \"tags\": {}\r\n    },\r\n    {\r\n      \"id\": \"/subscriptions/cca24ec8-99b5-4aa7-9ff6-486e886f304c/resourceGroups/tomerlgroup1234/providers/Microsoft.Storage/storageAccounts/tomerlgroup1234diag353\",\r\n      \"name\": \"tomerlgroup1234diag353\",\r\n      \"type\": \"Microsoft.Storage/storageAccounts\",\r\n      \"sku\": {\r\n        \"name\": \"Standard_LRS\",\r\n        \"tier\": \"Standard\"\r\n      },\r\n      \"kind\": \"Storage\",\r\n      \"location\": \"northeurope\",\r\n      \"tags\": {}\r\n    },\r\n    {\r\n      \"id\": \"/subscriptions/cca24ec8-99b5-4aa7-9ff6-486e886f304c/resourceGroups/tomerlgroup1234/providers/Microsoft.Storage/storageAccounts/tomerlgroup1234disks821\",\r\n      \"name\": \"tomerlgroup1234disks821\",\r\n      \"type\": \"Microsoft.Storage/storageAccounts\",\r\n      \"sku\": {\r\n        \"name\": \"Premium_LRS\",\r\n        \"tier\": \"Premium\"\r\n      },\r\n      \"kind\": \"Storage\",\r\n      \"location\": \"northeurope\",\r\n      \"tags\": {}\r\n    },\r\n    {\r\n      \"id\": \"/subscriptions/cca24ec8-99b5-4aa7-9ff6-486e886f304c/resourceGroups/tomerlprodgroup/providers/Microsoft.Storage/storageAccounts/tomerlperfstoragermgp\",\r\n      \"name\": \"tomerlperfstoragermgp\",\r\n      \"type\": \"Microsoft.Storage/storageAccounts\",\r\n      \"sku\": {\r\n        \"name\": \"Standard_RAGRS\",\r\n        \"tier\": \"Standard\"\r\n      },\r\n      \"kind\": \"Storage\",\r\n      \"location\": \"westcentralus\",\r\n      \"tags\": {}\r\n    },\r\n    {\r\n      \"id\": \"/subscriptions/cca24ec8-99b5-4aa7-9ff6-486e886f304c/resourceGroups/tomerrresourcegroupbugbash12347/providers/Microsoft.Storage/storageAccounts/bugbashtomerr12347\",\r\n      \"name\": \"bugbashtomerr12347\",\r\n      \"type\": \"Microsoft.Storage/storageAccounts\",\r\n      \"sku\": {\r\n        \"name\": \"Standard_LRS\",\r\n        \"tier\": \"Standard\"\r\n      },\r\n      \"kind\": \"Storage\",\r\n      \"location\": \"westcentralus\",\r\n      \"tags\": {}\r\n    },\r\n    {\r\n      \"id\": \"/subscriptions/cca24ec8-99b5-4aa7-9ff6-486e886f304c/resourceGroups/tomerweis/providers/Microsoft.Storage/storageAccounts/contosostor2r7hgi7r4qvtw\",\r\n      \"name\": \"contosostor2r7hgi7r4qvtw\",\r\n      \"type\": \"Microsoft.Storage/storageAccounts\",\r\n      \"sku\": {\r\n        \"name\": \"Standard_LRS\",\r\n        \"tier\": \"Standard\"\r\n      },\r\n      \"kind\": \"Storage\",\r\n      \"location\": \"westus\",\r\n      \"tags\": {}\r\n    },\r\n    {\r\n      \"id\": \"/subscriptions/cca24ec8-99b5-4aa7-9ff6-486e886f304c/resourceGroups/TomerWSQLi/providers/Microsoft.Storage/storageAccounts/sqlidemoapp\",\r\n      \"name\": \"sqlidemoapp\",\r\n      \"type\": \"Microsoft.Storage/storageAccounts\",\r\n      \"sku\": {\r\n        \"name\": \"Standard_LRS\",\r\n        \"tier\": \"Standard\"\r\n      },\r\n      \"kind\": \"Storage\",\r\n      \"location\": \"westeurope\",\r\n      \"tags\": {}\r\n    },\r\n    {\r\n      \"id\": \"/subscriptions/cca24ec8-99b5-4aa7-9ff6-486e886f304c/resourceGroups/WEU/providers/Microsoft.Storage/storageAccounts/weudiag996\",\r\n      \"name\": \"weudiag996\",\r\n      \"type\": \"Microsoft.Storage/storageAccounts\",\r\n      \"sku\": {\r\n        \"name\": \"Standard_LRS\",\r\n        \"tier\": \"Standard\"\r\n      },\r\n      \"kind\": \"Storage\",\r\n      \"location\": \"westeurope\",\r\n      \"tags\": {}\r\n    },\r\n    {\r\n      \"id\": \"/subscriptions/cca24ec8-99b5-4aa7-9ff6-486e886f304c/resourceGroups/WEU/providers/Microsoft.Storage/storageAccounts/weudisks643\",\r\n      \"name\": \"weudisks643\",\r\n      \"type\": \"Microsoft.Storage/storageAccounts\",\r\n      \"sku\": {\r\n        \"name\": \"Premium_LRS\",\r\n        \"tier\": \"Premium\"\r\n      },\r\n      \"kind\": \"Storage\",\r\n      \"location\": \"westeurope\",\r\n      \"tags\": {}\r\n    }\r\n  ]\r\n}",
      "ResponseHeaders": {
        "Content-Length": [
          "21287"
        ],
        "Content-Type": [
          "application/json; charset=utf-8"
        ],
        "Expires": [
          "-1"
        ],
        "Pragma": [
          "no-cache"
        ],
        "x-ms-ratelimit-remaining-subscription-reads": [
          "14131"
        ],
        "x-ms-request-id": [
          "cc988d74-bb00-4d8a-84fa-85802167f516"
        ],
        "x-ms-correlation-request-id": [
          "cc988d74-bb00-4d8a-84fa-85802167f516"
        ],
        "x-ms-routing-request-id": [
          "WESTEUROPE:20161214T105238Z:cc988d74-bb00-4d8a-84fa-85802167f516"
        ],
        "Strict-Transport-Security": [
          "max-age=31536000; includeSubDomains"
        ],
        "Cache-Control": [
          "no-cache"
        ],
        "Date": [
          "Wed, 14 Dec 2016 10:52:37 GMT"
        ]
      },
      "StatusCode": 200
    },
    {
      "RequestUri": "/subscriptions/cca24ec8-99b5-4aa7-9ff6-486e886f304c/resourceGroups/sql-audit-cmdlet-test-rg81152/providers/Microsoft.ClassicStorage/storageAccounts/auditcmdlets81152/listKeys?api-version=2014-06-01",
      "EncodedRequestUri": "L3N1YnNjcmlwdGlvbnMvY2NhMjRlYzgtOTliNS00YWE3LTlmZjYtNDg2ZTg4NmYzMDRjL3Jlc291cmNlR3JvdXBzL3NxbC1hdWRpdC1jbWRsZXQtdGVzdC1yZzgxMTUyL3Byb3ZpZGVycy9NaWNyb3NvZnQuQ2xhc3NpY1N0b3JhZ2Uvc3RvcmFnZUFjY291bnRzL2F1ZGl0Y21kbGV0czgxMTUyL2xpc3RLZXlzP2FwaS12ZXJzaW9uPTIwMTQtMDYtMDE=",
      "RequestMethod": "POST",
      "RequestBody": "",
      "RequestHeaders": {
        "User-Agent": [
          "Microsoft.Azure.Management.Sql.SqlManagementClient/0.51.0.0"
        ],
        "x-ms-client-request-id": [
          "none"
        ]
      },
      "ResponseBody": "{\r\n  \"error\": {\r\n    \"code\": \"ResourceNotFound\",\r\n    \"message\": \"The Resource 'Microsoft.ClassicStorage/storageAccounts/auditcmdlets81152' under resource group 'sql-audit-cmdlet-test-rg81152' was not found.\"\r\n  }\r\n}",
      "ResponseHeaders": {
        "Content-Length": [
          "191"
        ],
        "Content-Type": [
          "application/json; charset=utf-8"
        ],
        "Expires": [
          "-1"
        ],
        "Pragma": [
          "no-cache"
        ],
        "x-ms-failure-cause": [
          "gateway"
        ],
        "x-ms-request-id": [
          "37e0c418-9790-4ed3-8de0-08724661fa8f"
        ],
        "x-ms-correlation-request-id": [
          "37e0c418-9790-4ed3-8de0-08724661fa8f"
        ],
        "x-ms-routing-request-id": [
          "WESTEUROPE:20161214T105238Z:37e0c418-9790-4ed3-8de0-08724661fa8f"
        ],
        "Strict-Transport-Security": [
          "max-age=31536000; includeSubDomains"
        ],
        "Cache-Control": [
          "no-cache"
        ],
        "Date": [
          "Wed, 14 Dec 2016 10:52:38 GMT"
        ]
      },
      "StatusCode": 404
    },
    {
      "RequestUri": "/subscriptions/cca24ec8-99b5-4aa7-9ff6-486e886f304c/resourceGroups/sql-audit-cmdlet-test-rg81152/providers/Microsoft.Storage/storageAccounts/auditcmdlets81152/listKeys?api-version=2015-05-01-preview",
      "EncodedRequestUri": "L3N1YnNjcmlwdGlvbnMvY2NhMjRlYzgtOTliNS00YWE3LTlmZjYtNDg2ZTg4NmYzMDRjL3Jlc291cmNlR3JvdXBzL3NxbC1hdWRpdC1jbWRsZXQtdGVzdC1yZzgxMTUyL3Byb3ZpZGVycy9NaWNyb3NvZnQuU3RvcmFnZS9zdG9yYWdlQWNjb3VudHMvYXVkaXRjbWRsZXRzODExNTIvbGlzdEtleXM/YXBpLXZlcnNpb249MjAxNS0wNS0wMS1wcmV2aWV3",
      "RequestMethod": "POST",
      "RequestBody": "",
      "RequestHeaders": {
        "x-ms-client-request-id": [
          "8e664318-1538-4057-8999-d9f9661fdbe6"
        ],
        "User-Agent": [
          "Microsoft.Azure.Management.Storage.StorageManagementClient/2.0.0.0"
        ]
      },
      "ResponseBody": "{\r\n  \"key1\": \"GqnuuC0EyRpu5QwRGuf/gNvzuPYRb0/7DnB+2kVuNC4fZSfgjFJDXksEr6IAknZVpx+NHs6YnpWvcJZxk7nXmg==\",\r\n  \"key2\": \"9p/yGq2m9wFys7iABsb8Ab9OAnSRQDVJ2k9yyyPvr/5AK6poE+bPX0ZRPPtb1D5yEYLge5FjR8Ptc6l+GSJnqQ==\"\r\n}",
      "ResponseHeaders": {
        "Content-Length": [
          "198"
        ],
        "Content-Type": [
          "application/json"
        ],
        "Expires": [
          "-1"
        ],
        "Pragma": [
          "no-cache"
        ],
        "x-ms-request-id": [
          "8babbadc-0862-4409-9a43-d36fdf8398ed"
        ],
        "x-ms-ratelimit-remaining-subscription-writes": [
          "1195"
        ],
        "x-ms-correlation-request-id": [
          "8babbadc-0862-4409-9a43-d36fdf8398ed"
        ],
        "x-ms-routing-request-id": [
          "WESTEUROPE:20161214T105239Z:8babbadc-0862-4409-9a43-d36fdf8398ed"
        ],
        "Strict-Transport-Security": [
          "max-age=31536000; includeSubDomains"
        ],
        "Cache-Control": [
          "no-cache"
        ],
        "Date": [
          "Wed, 14 Dec 2016 10:52:38 GMT"
        ],
        "Server": [
          "Microsoft-HTTPAPI/2.0"
        ]
      },
      "StatusCode": 200
    },
    {
      "RequestUri": "/subscriptions/cca24ec8-99b5-4aa7-9ff6-486e886f304c/resourceGroups/sql-audit-cmdlet-test-rg81152/providers/Microsoft.Sql/servers/sql-audit-cmdlet-server81152/auditingPolicies/Default?api-version=2014-04-01",
      "EncodedRequestUri": "L3N1YnNjcmlwdGlvbnMvY2NhMjRlYzgtOTliNS00YWE3LTlmZjYtNDg2ZTg4NmYzMDRjL3Jlc291cmNlR3JvdXBzL3NxbC1hdWRpdC1jbWRsZXQtdGVzdC1yZzgxMTUyL3Byb3ZpZGVycy9NaWNyb3NvZnQuU3FsL3NlcnZlcnMvc3FsLWF1ZGl0LWNtZGxldC1zZXJ2ZXI4MTE1Mi9hdWRpdGluZ1BvbGljaWVzL0RlZmF1bHQ/YXBpLXZlcnNpb249MjAxNC0wNC0wMQ==",
      "RequestMethod": "PUT",
      "RequestBody": "{\r\n  \"properties\": {\r\n    \"auditingState\": \"Enabled\",\r\n    \"eventTypesToAudit\": \"PlainSQL_Success,PlainSQL_Failure,ParameterizedSQL_Success,ParameterizedSQL_Failure,StoredProcedure_Success,StoredProcedure_Failure,Login_Success,Login_Failure,TransactionManagement_Success,TransactionManagement_Failure\",\r\n    \"storageAccountName\": \"auditcmdlets81152\",\r\n    \"storageAccountKey\": \"GqnuuC0EyRpu5QwRGuf/gNvzuPYRb0/7DnB+2kVuNC4fZSfgjFJDXksEr6IAknZVpx+NHs6YnpWvcJZxk7nXmg==\",\r\n    \"storageTableEndpoint\": \"https://auditcmdlets81152.table.core.windows.net\",\r\n    \"storageAccountResourceGroupName\": \"sql-audit-cmdlet-test-rg81152\",\r\n    \"storageAccountSubscriptionId\": \"cca24ec8-99b5-4aa7-9ff6-486e886f304c\",\r\n    \"retentionDays\": \"0\",\r\n    \"auditLogsTableName\": \"Sqlauditcmdletserver81152\"\r\n  }\r\n}",
      "RequestHeaders": {
        "Content-Type": [
          "application/json; charset=utf-8"
        ],
        "Content-Length": [
          "789"
        ],
        "User-Agent": [
          "Microsoft.Azure.Management.Sql.SqlManagementClient/0.51.0.0"
        ],
        "x-ms-client-request-id": [
          "cc541f0e-ba44-4570-b726-aae80ff26652"
        ]
      },
      "ResponseBody": "{\r\n  \"id\": \"/subscriptions/cca24ec8-99b5-4aa7-9ff6-486e886f304c/resourceGroups/sql-audit-cmdlet-test-rg81152/providers/Microsoft.Sql/servers/sql-audit-cmdlet-server81152/auditingPolicies/Default\",\r\n  \"name\": \"Default\",\r\n  \"type\": \"Microsoft.Sql/servers/auditingPolicies\",\r\n  \"location\": null,\r\n  \"kind\": null,\r\n  \"properties\": {\r\n    \"auditingState\": \"Enabled\",\r\n    \"eventTypesToAudit\": \"PlainSQL_Success,PlainSQL_Failure,ParameterizedSQL_Success,ParameterizedSQL_Failure,StoredProcedure_Success,StoredProcedure_Failure,Login_Success,Login_Failure,TransactionManagement_Success,TransactionManagement_Failure\",\r\n    \"storageAccountName\": \"auditcmdlets81152\",\r\n    \"storageAccountKey\": \"GqnuuC0EyRpu5QwRGuf/gNvzuPYRb0/7DnB+2kVuNC4fZSfgjFJDXksEr6IAknZVpx+NHs6YnpWvcJZxk7nXmg==\",\r\n    \"storageAccountSecondaryKey\": null,\r\n    \"storageTableEndpoint\": \"https://auditcmdlets81152.table.core.windows.net\",\r\n    \"storageAccountResourceGroupName\": \"sql-audit-cmdlet-test-rg81152\",\r\n    \"storageAccountSubscriptionId\": \"cca24ec8-99b5-4aa7-9ff6-486e886f304c\",\r\n    \"fullAuditLogsTableName\": null,\r\n    \"auditLogsTableName\": \"Sqlauditcmdletserver81152\",\r\n    \"retentionDays\": \"0\"\r\n  }\r\n}",
      "ResponseHeaders": {
        "Content-Length": [
          "1062"
        ],
        "Content-Type": [
          "application/json; odata=minimalmetadata; streaming=true; charset=utf-8"
        ],
        "x-ms-request-id": [
          "203290c0-b083-4eee-a67b-40a645a53d38"
        ],
        "X-Content-Type-Options": [
          "nosniff"
        ],
        "Preference-Applied": [
          "return-content"
        ],
        "DataServiceVersion": [
          "3.0;"
        ],
        "Strict-Transport-Security": [
          "max-age=31536000; includeSubDomains"
        ],
        "x-ms-ratelimit-remaining-subscription-writes": [
          "1195"
        ],
        "x-ms-correlation-request-id": [
          "7644c64d-0b1b-4d47-9fc8-52934c293d66"
        ],
        "x-ms-routing-request-id": [
          "WESTEUROPE:20161214T105241Z:7644c64d-0b1b-4d47-9fc8-52934c293d66"
        ],
        "Cache-Control": [
          "no-store, no-cache"
        ],
        "Date": [
          "Wed, 14 Dec 2016 10:52:41 GMT"
        ],
        "Server": [
          "Microsoft-HTTPAPI/2.0"
        ]
      },
      "StatusCode": 200
    },
    {
      "RequestUri": "/subscriptions/cca24ec8-99b5-4aa7-9ff6-486e886f304c/resourceGroups/sql-audit-cmdlet-test-rg81152/providers/Microsoft.Sql/servers/sql-audit-cmdlet-server81152/auditingPolicies/Default?api-version=2014-04-01",
      "EncodedRequestUri": "L3N1YnNjcmlwdGlvbnMvY2NhMjRlYzgtOTliNS00YWE3LTlmZjYtNDg2ZTg4NmYzMDRjL3Jlc291cmNlR3JvdXBzL3NxbC1hdWRpdC1jbWRsZXQtdGVzdC1yZzgxMTUyL3Byb3ZpZGVycy9NaWNyb3NvZnQuU3FsL3NlcnZlcnMvc3FsLWF1ZGl0LWNtZGxldC1zZXJ2ZXI4MTE1Mi9hdWRpdGluZ1BvbGljaWVzL0RlZmF1bHQ/YXBpLXZlcnNpb249MjAxNC0wNC0wMQ==",
      "RequestMethod": "PUT",
      "RequestBody": "{\r\n  \"properties\": {\r\n    \"auditingState\": \"Disabled\",\r\n    \"eventTypesToAudit\": \"PlainSQL_Success,PlainSQL_Failure,ParameterizedSQL_Success,ParameterizedSQL_Failure,StoredProcedure_Success,StoredProcedure_Failure,Login_Success,Login_Failure,TransactionManagement_Success,TransactionManagement_Failure\",\r\n    \"storageAccountName\": \"auditcmdlets81152\",\r\n    \"storageTableEndpoint\": \"https://auditcmdlets81152.table.core.windows.net\",\r\n    \"storageAccountResourceGroupName\": \"sql-audit-cmdlet-test-rg81152\",\r\n    \"storageAccountSubscriptionId\": \"cca24ec8-99b5-4aa7-9ff6-486e886f304c\",\r\n    \"retentionDays\": \"0\",\r\n    \"auditLogsTableName\": \"Sqlauditcmdletserver81152\"\r\n  }\r\n}",
      "RequestHeaders": {
        "Content-Type": [
          "application/json; charset=utf-8"
        ],
        "Content-Length": [
          "672"
        ],
        "User-Agent": [
          "Microsoft.Azure.Management.Sql.SqlManagementClient/0.51.0.0"
        ],
        "x-ms-client-request-id": [
          "48b307d7-580a-43f8-bb70-a6691831678a"
        ]
      },
      "ResponseBody": "{\r\n  \"id\": \"/subscriptions/cca24ec8-99b5-4aa7-9ff6-486e886f304c/resourceGroups/sql-audit-cmdlet-test-rg81152/providers/Microsoft.Sql/servers/sql-audit-cmdlet-server81152/auditingPolicies/Default\",\r\n  \"name\": \"Default\",\r\n  \"type\": \"Microsoft.Sql/servers/auditingPolicies\",\r\n  \"location\": null,\r\n  \"kind\": null,\r\n  \"properties\": {\r\n    \"auditingState\": \"Disabled\",\r\n    \"eventTypesToAudit\": \"PlainSQL_Success,PlainSQL_Failure,ParameterizedSQL_Success,ParameterizedSQL_Failure,StoredProcedure_Success,StoredProcedure_Failure,Login_Success,Login_Failure,TransactionManagement_Success,TransactionManagement_Failure\",\r\n    \"storageAccountName\": \"auditcmdlets81152\",\r\n    \"storageAccountKey\": null,\r\n    \"storageAccountSecondaryKey\": null,\r\n    \"storageTableEndpoint\": \"https://auditcmdlets81152.table.core.windows.net\",\r\n    \"storageAccountResourceGroupName\": \"sql-audit-cmdlet-test-rg81152\",\r\n    \"storageAccountSubscriptionId\": \"cca24ec8-99b5-4aa7-9ff6-486e886f304c\",\r\n    \"fullAuditLogsTableName\": null,\r\n    \"auditLogsTableName\": \"Sqlauditcmdletserver81152\",\r\n    \"retentionDays\": \"0\"\r\n  }\r\n}",
      "ResponseHeaders": {
        "Content-Length": [
          "977"
        ],
        "Content-Type": [
          "application/json; odata=minimalmetadata; streaming=true; charset=utf-8"
        ],
        "x-ms-request-id": [
          "2045b01a-c044-48bd-824c-3dbe771dc678"
        ],
        "X-Content-Type-Options": [
          "nosniff"
        ],
        "Preference-Applied": [
          "return-content"
        ],
        "DataServiceVersion": [
          "3.0;"
        ],
        "Strict-Transport-Security": [
          "max-age=31536000; includeSubDomains"
        ],
        "x-ms-ratelimit-remaining-subscription-writes": [
          "1193"
        ],
        "x-ms-correlation-request-id": [
          "4f54bdbf-926c-40c6-b6a0-52d4c9e6588f"
        ],
        "x-ms-routing-request-id": [
          "WESTEUROPE:20161214T105247Z:4f54bdbf-926c-40c6-b6a0-52d4c9e6588f"
        ],
        "Cache-Control": [
          "no-store, no-cache"
        ],
        "Date": [
          "Wed, 14 Dec 2016 10:52:46 GMT"
        ],
        "Server": [
          "Microsoft-HTTPAPI/2.0"
        ]
      },
      "StatusCode": 200
    },
    {
      "RequestUri": "/subscriptions/cca24ec8-99b5-4aa7-9ff6-486e886f304c/resourceGroups/sql-audit-cmdlet-test-rg81152/providers/Microsoft.Sql/servers/sql-audit-cmdlet-server81152/auditingSettings/Default?api-version=2015-05-01-preview",
      "EncodedRequestUri": "L3N1YnNjcmlwdGlvbnMvY2NhMjRlYzgtOTliNS00YWE3LTlmZjYtNDg2ZTg4NmYzMDRjL3Jlc291cmNlR3JvdXBzL3NxbC1hdWRpdC1jbWRsZXQtdGVzdC1yZzgxMTUyL3Byb3ZpZGVycy9NaWNyb3NvZnQuU3FsL3NlcnZlcnMvc3FsLWF1ZGl0LWNtZGxldC1zZXJ2ZXI4MTE1Mi9hdWRpdGluZ1NldHRpbmdzL0RlZmF1bHQ/YXBpLXZlcnNpb249MjAxNS0wNS0wMS1wcmV2aWV3",
      "RequestMethod": "GET",
      "RequestBody": "",
      "RequestHeaders": {
        "User-Agent": [
          "Microsoft.Azure.Management.Sql.SqlManagementClient/0.51.0.0"
        ],
        "x-ms-client-request-id": [
          "cc541f0e-ba44-4570-b726-aae80ff26652"
        ]
      },
      "ResponseBody": "{\r\n  \"id\": \"/subscriptions/cca24ec8-99b5-4aa7-9ff6-486e886f304c/resourceGroups/sql-audit-cmdlet-test-rg81152/providers/Microsoft.Sql/servers/sql-audit-cmdlet-server81152/auditingSettings/Default\",\r\n  \"name\": \"Default\",\r\n  \"type\": \"Microsoft.Sql/servers/auditingSettings\",\r\n  \"kind\": \"\",\r\n  \"properties\": {\r\n    \"state\": \"Disabled\",\r\n    \"storageEndpoint\": \"\",\r\n    \"storageAccountAccessKey\": \"\",\r\n    \"retentionDays\": 0,\r\n    \"auditActionsAndGroups\": [],\r\n    \"storageAccountSubscriptionId\": \"00000000-0000-0000-0000-000000000000\",\r\n    \"isStorageSecondaryKeyInUse\": false\r\n  }\r\n}",
      "ResponseHeaders": {
        "Content-Length": [
          "500"
        ],
        "Content-Type": [
          "application/json; charset=utf-8"
        ],
        "Expires": [
          "-1"
        ],
        "Pragma": [
          "no-cache"
        ],
        "x-ms-request-id": [
          "0b52f60d-691e-45e5-9ff7-6f364822c28a"
        ],
        "x-ms-ratelimit-remaining-subscription-reads": [
          "13779"
        ],
        "x-ms-correlation-request-id": [
          "58f7fd9d-fd4b-4f8e-a986-95f8b897bc20"
        ],
        "x-ms-routing-request-id": [
          "WESTEUROPE:20161214T105242Z:58f7fd9d-fd4b-4f8e-a986-95f8b897bc20"
        ],
        "Strict-Transport-Security": [
          "max-age=31536000; includeSubDomains"
        ],
        "Cache-Control": [
          "no-cache"
        ],
        "Date": [
          "Wed, 14 Dec 2016 10:52:42 GMT"
        ],
        "Server": [
          "Microsoft-HTTPAPI/2.0"
        ]
      },
      "StatusCode": 200
    },
    {
      "RequestUri": "/subscriptions/cca24ec8-99b5-4aa7-9ff6-486e886f304c/resourceGroups/sql-audit-cmdlet-test-rg81152/providers/Microsoft.Sql/servers/sql-audit-cmdlet-server81152/auditingSettings/Default?api-version=2015-05-01-preview",
      "EncodedRequestUri": "L3N1YnNjcmlwdGlvbnMvY2NhMjRlYzgtOTliNS00YWE3LTlmZjYtNDg2ZTg4NmYzMDRjL3Jlc291cmNlR3JvdXBzL3NxbC1hdWRpdC1jbWRsZXQtdGVzdC1yZzgxMTUyL3Byb3ZpZGVycy9NaWNyb3NvZnQuU3FsL3NlcnZlcnMvc3FsLWF1ZGl0LWNtZGxldC1zZXJ2ZXI4MTE1Mi9hdWRpdGluZ1NldHRpbmdzL0RlZmF1bHQ/YXBpLXZlcnNpb249MjAxNS0wNS0wMS1wcmV2aWV3",
      "RequestMethod": "GET",
      "RequestBody": "",
      "RequestHeaders": {
        "User-Agent": [
          "Microsoft.Azure.Management.Sql.SqlManagementClient/0.51.0.0"
        ],
        "x-ms-client-request-id": [
          "48b307d7-580a-43f8-bb70-a6691831678a"
        ]
      },
      "ResponseBody": "{\r\n  \"id\": \"/subscriptions/cca24ec8-99b5-4aa7-9ff6-486e886f304c/resourceGroups/sql-audit-cmdlet-test-rg81152/providers/Microsoft.Sql/servers/sql-audit-cmdlet-server81152/auditingSettings/Default\",\r\n  \"name\": \"Default\",\r\n  \"type\": \"Microsoft.Sql/servers/auditingSettings\",\r\n  \"kind\": \"\",\r\n  \"properties\": {\r\n    \"state\": \"Disabled\",\r\n    \"storageEndpoint\": \"\",\r\n    \"storageAccountAccessKey\": \"\",\r\n    \"retentionDays\": 0,\r\n    \"auditActionsAndGroups\": [\r\n      \"SUCCESSFUL_DATABASE_AUTHENTICATION_GROUP\",\r\n      \"FAILED_DATABASE_AUTHENTICATION_GROUP\",\r\n      \"BATCH_COMPLETED_GROUP\"\r\n    ],\r\n    \"storageAccountSubscriptionId\": \"00000000-0000-0000-0000-000000000000\",\r\n    \"isStorageSecondaryKeyInUse\": false\r\n  }\r\n}",
      "ResponseHeaders": {
        "Content-Length": [
          "605"
        ],
        "Content-Type": [
          "application/json; charset=utf-8"
        ],
        "Expires": [
          "-1"
        ],
        "Pragma": [
          "no-cache"
        ],
        "x-ms-request-id": [
          "14588d45-f642-434f-87c8-dae8c34d8386"
        ],
        "x-ms-ratelimit-remaining-subscription-reads": [
          "13776"
        ],
        "x-ms-correlation-request-id": [
          "feb5d222-4aa7-4e78-92c0-cd37eb7d9248"
        ],
        "x-ms-routing-request-id": [
          "WESTEUROPE:20161214T105248Z:feb5d222-4aa7-4e78-92c0-cd37eb7d9248"
        ],
        "Strict-Transport-Security": [
          "max-age=31536000; includeSubDomains"
        ],
        "Cache-Control": [
          "no-cache"
        ],
        "Date": [
          "Wed, 14 Dec 2016 10:52:47 GMT"
        ],
        "Server": [
          "Microsoft-HTTPAPI/2.0"
        ]
      },
      "StatusCode": 200
    },
    {
      "RequestUri": "/subscriptions/cca24ec8-99b5-4aa7-9ff6-486e886f304c/resourceGroups/sql-audit-cmdlet-test-rg81152/providers/Microsoft.Sql/servers/sql-audit-cmdlet-server81152/auditingSettings/Default?api-version=2015-05-01-preview",
      "EncodedRequestUri": "L3N1YnNjcmlwdGlvbnMvY2NhMjRlYzgtOTliNS00YWE3LTlmZjYtNDg2ZTg4NmYzMDRjL3Jlc291cmNlR3JvdXBzL3NxbC1hdWRpdC1jbWRsZXQtdGVzdC1yZzgxMTUyL3Byb3ZpZGVycy9NaWNyb3NvZnQuU3FsL3NlcnZlcnMvc3FsLWF1ZGl0LWNtZGxldC1zZXJ2ZXI4MTE1Mi9hdWRpdGluZ1NldHRpbmdzL0RlZmF1bHQ/YXBpLXZlcnNpb249MjAxNS0wNS0wMS1wcmV2aWV3",
      "RequestMethod": "GET",
      "RequestBody": "",
      "RequestHeaders": {
        "User-Agent": [
          "Microsoft.Azure.Management.Sql.SqlManagementClient/0.51.0.0"
        ],
        "x-ms-client-request-id": [
          "75ac6599-ed06-4dc2-ace6-f84fa712c791"
        ]
      },
      "ResponseBody": "{\r\n  \"id\": \"/subscriptions/cca24ec8-99b5-4aa7-9ff6-486e886f304c/resourceGroups/sql-audit-cmdlet-test-rg81152/providers/Microsoft.Sql/servers/sql-audit-cmdlet-server81152/auditingSettings/Default\",\r\n  \"name\": \"Default\",\r\n  \"type\": \"Microsoft.Sql/servers/auditingSettings\",\r\n  \"kind\": \"\",\r\n  \"properties\": {\r\n    \"state\": \"Disabled\",\r\n    \"storageEndpoint\": \"\",\r\n    \"storageAccountAccessKey\": \"\",\r\n    \"retentionDays\": 0,\r\n    \"auditActionsAndGroups\": [\r\n      \"SUCCESSFUL_DATABASE_AUTHENTICATION_GROUP\",\r\n      \"FAILED_DATABASE_AUTHENTICATION_GROUP\",\r\n      \"BATCH_COMPLETED_GROUP\"\r\n    ],\r\n    \"storageAccountSubscriptionId\": \"00000000-0000-0000-0000-000000000000\",\r\n    \"isStorageSecondaryKeyInUse\": false\r\n  }\r\n}",
      "ResponseHeaders": {
        "Content-Length": [
          "605"
        ],
        "Content-Type": [
          "application/json; charset=utf-8"
        ],
        "Expires": [
          "-1"
        ],
        "Pragma": [
          "no-cache"
        ],
        "x-ms-request-id": [
          "f4861aa5-70be-4525-a9d1-cdeac6bac6a5"
        ],
        "x-ms-ratelimit-remaining-subscription-reads": [
          "13773"
        ],
        "x-ms-correlation-request-id": [
          "a93bd2cf-ef48-411c-9382-e8f6416b5543"
        ],
        "x-ms-routing-request-id": [
          "WESTEUROPE:20161214T105252Z:a93bd2cf-ef48-411c-9382-e8f6416b5543"
        ],
        "Strict-Transport-Security": [
          "max-age=31536000; includeSubDomains"
        ],
        "Cache-Control": [
          "no-cache"
        ],
        "Date": [
          "Wed, 14 Dec 2016 10:52:51 GMT"
        ],
        "Server": [
          "Microsoft-HTTPAPI/2.0"
        ]
      },
      "StatusCode": 200
    },
    {
      "RequestUri": "/subscriptions/cca24ec8-99b5-4aa7-9ff6-486e886f304c/resourceGroups/sql-audit-cmdlet-test-rg81152/providers/Microsoft.Sql/servers/sql-audit-cmdlet-server81152/auditingSettings/Default?api-version=2015-05-01-preview",
      "EncodedRequestUri": "L3N1YnNjcmlwdGlvbnMvY2NhMjRlYzgtOTliNS00YWE3LTlmZjYtNDg2ZTg4NmYzMDRjL3Jlc291cmNlR3JvdXBzL3NxbC1hdWRpdC1jbWRsZXQtdGVzdC1yZzgxMTUyL3Byb3ZpZGVycy9NaWNyb3NvZnQuU3FsL3NlcnZlcnMvc3FsLWF1ZGl0LWNtZGxldC1zZXJ2ZXI4MTE1Mi9hdWRpdGluZ1NldHRpbmdzL0RlZmF1bHQ/YXBpLXZlcnNpb249MjAxNS0wNS0wMS1wcmV2aWV3",
      "RequestMethod": "PUT",
      "RequestBody": "{\r\n  \"properties\": {\r\n    \"state\": \"Disabled\",\r\n    \"retentionDays\": 0,\r\n    \"auditActionsAndGroups\": [\r\n      \"SUCCESSFUL_DATABASE_AUTHENTICATION_GROUP\",\r\n      \"FAILED_DATABASE_AUTHENTICATION_GROUP\",\r\n      \"BATCH_COMPLETED_GROUP\"\r\n    ],\r\n    \"isStorageSecondaryKeyInUse\": false\r\n  }\r\n}",
      "RequestHeaders": {
        "Content-Type": [
          "application/json; charset=utf-8"
        ],
        "Content-Length": [
          "289"
        ],
        "User-Agent": [
          "Microsoft.Azure.Management.Sql.SqlManagementClient/0.51.0.0"
        ],
        "x-ms-client-request-id": [
          "cc541f0e-ba44-4570-b726-aae80ff26652"
        ]
      },
      "ResponseBody": "",
      "ResponseHeaders": {
        "Content-Length": [
          "0"
        ],
        "Expires": [
          "-1"
        ],
        "Pragma": [
          "no-cache"
        ],
        "x-ms-request-id": [
          "e17f6a9e-403b-4ad9-9d15-6c016a07d9b9"
        ],
        "x-ms-ratelimit-remaining-subscription-writes": [
          "1194"
        ],
        "x-ms-correlation-request-id": [
          "41d8ee51-2f74-453b-a816-d78d7f4a6e9f"
        ],
        "x-ms-routing-request-id": [
          "WESTEUROPE:20161214T105243Z:41d8ee51-2f74-453b-a816-d78d7f4a6e9f"
        ],
        "Strict-Transport-Security": [
          "max-age=31536000; includeSubDomains"
        ],
        "Cache-Control": [
          "no-cache"
        ],
        "Date": [
          "Wed, 14 Dec 2016 10:52:43 GMT"
        ],
        "Location": [
          "https://management.azure.com/subscriptions/cca24ec8-99b5-4aa7-9ff6-486e886f304c/resourceGroups/sql-audit-cmdlet-test-rg81152/providers/Microsoft.Sql/servers/sql-audit-cmdlet-server81152/auditingSettings/Default/operationResults/56b86c24-9952-4731-adaf-612ffdf5c86f?api-version=2015-05-01-preview"
        ],
        "Server": [
          "Microsoft-HTTPAPI/2.0"
        ]
      },
      "StatusCode": 202
    },
    {
      "RequestUri": "/subscriptions/cca24ec8-99b5-4aa7-9ff6-486e886f304c/resourceGroups/sql-audit-cmdlet-test-rg81152/providers/Microsoft.Sql/servers/sql-audit-cmdlet-server81152/auditingSettings/Default?api-version=2015-05-01-preview",
      "EncodedRequestUri": "L3N1YnNjcmlwdGlvbnMvY2NhMjRlYzgtOTliNS00YWE3LTlmZjYtNDg2ZTg4NmYzMDRjL3Jlc291cmNlR3JvdXBzL3NxbC1hdWRpdC1jbWRsZXQtdGVzdC1yZzgxMTUyL3Byb3ZpZGVycy9NaWNyb3NvZnQuU3FsL3NlcnZlcnMvc3FsLWF1ZGl0LWNtZGxldC1zZXJ2ZXI4MTE1Mi9hdWRpdGluZ1NldHRpbmdzL0RlZmF1bHQ/YXBpLXZlcnNpb249MjAxNS0wNS0wMS1wcmV2aWV3",
      "RequestMethod": "PUT",
      "RequestBody": "{\r\n  \"properties\": {\r\n    \"state\": \"Disabled\",\r\n    \"retentionDays\": 0,\r\n    \"auditActionsAndGroups\": [\r\n      \"SUCCESSFUL_DATABASE_AUTHENTICATION_GROUP\",\r\n      \"FAILED_DATABASE_AUTHENTICATION_GROUP\",\r\n      \"BATCH_COMPLETED_GROUP\"\r\n    ],\r\n    \"isStorageSecondaryKeyInUse\": false\r\n  }\r\n}",
      "RequestHeaders": {
        "Content-Type": [
          "application/json; charset=utf-8"
        ],
        "Content-Length": [
          "289"
        ],
        "User-Agent": [
          "Microsoft.Azure.Management.Sql.SqlManagementClient/0.51.0.0"
        ],
        "x-ms-client-request-id": [
          "48b307d7-580a-43f8-bb70-a6691831678a"
        ]
      },
      "ResponseBody": "",
      "ResponseHeaders": {
        "Content-Length": [
          "0"
        ],
        "Expires": [
          "-1"
        ],
        "Pragma": [
          "no-cache"
        ],
        "x-ms-request-id": [
          "aadaa6f9-d008-43f8-b922-1ae7a1962561"
        ],
        "x-ms-ratelimit-remaining-subscription-writes": [
          "1192"
        ],
        "x-ms-correlation-request-id": [
          "1cbcac2f-fb75-4e99-a0f1-f07de37c422b"
        ],
        "x-ms-routing-request-id": [
          "WESTEUROPE:20161214T105249Z:1cbcac2f-fb75-4e99-a0f1-f07de37c422b"
        ],
        "Strict-Transport-Security": [
          "max-age=31536000; includeSubDomains"
        ],
        "Cache-Control": [
          "no-cache"
        ],
        "Date": [
          "Wed, 14 Dec 2016 10:52:49 GMT"
        ],
        "Location": [
          "https://management.azure.com/subscriptions/cca24ec8-99b5-4aa7-9ff6-486e886f304c/resourceGroups/sql-audit-cmdlet-test-rg81152/providers/Microsoft.Sql/servers/sql-audit-cmdlet-server81152/auditingSettings/Default/operationResults/f5cbc4b9-89e1-49d0-8899-401fe9dc1c23?api-version=2015-05-01-preview"
        ],
        "Server": [
          "Microsoft-HTTPAPI/2.0"
        ]
      },
      "StatusCode": 202
    },
    {
      "RequestUri": "/subscriptions/cca24ec8-99b5-4aa7-9ff6-486e886f304c/resourceGroups/sql-audit-cmdlet-test-rg81152/providers/Microsoft.Sql/servers/sql-audit-cmdlet-server81152/auditingSettings/Default/operationResults/56b86c24-9952-4731-adaf-612ffdf5c86f?api-version=2015-05-01-preview",
      "EncodedRequestUri": "L3N1YnNjcmlwdGlvbnMvY2NhMjRlYzgtOTliNS00YWE3LTlmZjYtNDg2ZTg4NmYzMDRjL3Jlc291cmNlR3JvdXBzL3NxbC1hdWRpdC1jbWRsZXQtdGVzdC1yZzgxMTUyL3Byb3ZpZGVycy9NaWNyb3NvZnQuU3FsL3NlcnZlcnMvc3FsLWF1ZGl0LWNtZGxldC1zZXJ2ZXI4MTE1Mi9hdWRpdGluZ1NldHRpbmdzL0RlZmF1bHQvb3BlcmF0aW9uUmVzdWx0cy81NmI4NmMyNC05OTUyLTQ3MzEtYWRhZi02MTJmZmRmNWM4NmY/YXBpLXZlcnNpb249MjAxNS0wNS0wMS1wcmV2aWV3",
      "RequestMethod": "GET",
      "RequestBody": "",
      "RequestHeaders": {
        "User-Agent": [
          "Microsoft.Azure.Management.Sql.SqlManagementClient/0.51.0.0"
        ],
        "x-ms-client-request-id": [
          "cc541f0e-ba44-4570-b726-aae80ff26652"
        ]
      },
      "ResponseBody": "{\r\n  \"id\": \"/subscriptions/cca24ec8-99b5-4aa7-9ff6-486e886f304c/resourceGroups/sql-audit-cmdlet-test-rg81152/providers/Microsoft.Sql/servers/sql-audit-cmdlet-server81152/auditingSettings/Default/operationResults/56b86c24-9952-4731-adaf-612ffdf5c86f\",\r\n  \"name\": \"Default\",\r\n  \"type\": \"Microsoft.Sql/servers/auditingSettings\",\r\n  \"kind\": \"\",\r\n  \"properties\": {\r\n    \"operationId\": \"56b86c24-9952-4731-adaf-612ffdf5c86f\",\r\n    \"state\": \"Succeeded\",\r\n    \"startTime\": \"12/14/2016 10:52:44 AM\"\r\n  }\r\n}",
      "ResponseHeaders": {
        "Content-Length": [
          "445"
        ],
        "Content-Type": [
          "application/json; charset=utf-8"
        ],
        "Expires": [
          "-1"
        ],
        "Pragma": [
          "no-cache"
        ],
        "x-ms-request-id": [
          "a4c08489-dd01-44d2-a513-8ed275386c46"
        ],
        "x-ms-ratelimit-remaining-subscription-reads": [
          "13778"
        ],
        "x-ms-correlation-request-id": [
          "edfa8f20-7d68-44a1-a619-ad381f498326"
        ],
        "x-ms-routing-request-id": [
          "WESTEUROPE:20161214T105244Z:edfa8f20-7d68-44a1-a619-ad381f498326"
        ],
        "Strict-Transport-Security": [
          "max-age=31536000; includeSubDomains"
        ],
        "Cache-Control": [
          "no-cache"
        ],
        "Date": [
          "Wed, 14 Dec 2016 10:52:44 GMT"
        ],
        "Server": [
          "Microsoft-HTTPAPI/2.0"
        ]
      },
      "StatusCode": 200
    },
    {
      "RequestUri": "/subscriptions/cca24ec8-99b5-4aa7-9ff6-486e886f304c/resourceGroups/sql-audit-cmdlet-test-rg81152/providers/Microsoft.Sql/servers/sql-audit-cmdlet-server81152/auditingSettings/Default/operationResults/f5cbc4b9-89e1-49d0-8899-401fe9dc1c23?api-version=2015-05-01-preview",
      "EncodedRequestUri": "L3N1YnNjcmlwdGlvbnMvY2NhMjRlYzgtOTliNS00YWE3LTlmZjYtNDg2ZTg4NmYzMDRjL3Jlc291cmNlR3JvdXBzL3NxbC1hdWRpdC1jbWRsZXQtdGVzdC1yZzgxMTUyL3Byb3ZpZGVycy9NaWNyb3NvZnQuU3FsL3NlcnZlcnMvc3FsLWF1ZGl0LWNtZGxldC1zZXJ2ZXI4MTE1Mi9hdWRpdGluZ1NldHRpbmdzL0RlZmF1bHQvb3BlcmF0aW9uUmVzdWx0cy9mNWNiYzRiOS04OWUxLTQ5ZDAtODg5OS00MDFmZTlkYzFjMjM/YXBpLXZlcnNpb249MjAxNS0wNS0wMS1wcmV2aWV3",
      "RequestMethod": "GET",
      "RequestBody": "",
      "RequestHeaders": {
        "User-Agent": [
          "Microsoft.Azure.Management.Sql.SqlManagementClient/0.51.0.0"
        ],
        "x-ms-client-request-id": [
          "48b307d7-580a-43f8-bb70-a6691831678a"
        ]
      },
      "ResponseBody": "{\r\n  \"id\": \"/subscriptions/cca24ec8-99b5-4aa7-9ff6-486e886f304c/resourceGroups/sql-audit-cmdlet-test-rg81152/providers/Microsoft.Sql/servers/sql-audit-cmdlet-server81152/auditingSettings/Default/operationResults/f5cbc4b9-89e1-49d0-8899-401fe9dc1c23\",\r\n  \"name\": \"Default\",\r\n  \"type\": \"Microsoft.Sql/servers/auditingSettings\",\r\n  \"kind\": \"\",\r\n  \"properties\": {\r\n    \"operationId\": \"f5cbc4b9-89e1-49d0-8899-401fe9dc1c23\",\r\n    \"state\": \"Succeeded\",\r\n    \"startTime\": \"12/14/2016 10:52:49 AM\"\r\n  }\r\n}",
      "ResponseHeaders": {
        "Content-Length": [
          "445"
        ],
        "Content-Type": [
          "application/json; charset=utf-8"
        ],
        "Expires": [
          "-1"
        ],
        "Pragma": [
          "no-cache"
        ],
        "x-ms-request-id": [
          "b865ee21-c39b-484f-b3b2-cc8bdca4dc96"
        ],
        "x-ms-ratelimit-remaining-subscription-reads": [
          "13775"
        ],
        "x-ms-correlation-request-id": [
          "b7d16536-4396-4ae2-832b-540b461ef584"
        ],
        "x-ms-routing-request-id": [
          "WESTEUROPE:20161214T105250Z:b7d16536-4396-4ae2-832b-540b461ef584"
        ],
        "Strict-Transport-Security": [
          "max-age=31536000; includeSubDomains"
        ],
        "Cache-Control": [
          "no-cache"
        ],
        "Date": [
          "Wed, 14 Dec 2016 10:52:50 GMT"
        ],
        "Server": [
          "Microsoft-HTTPAPI/2.0"
        ]
      },
      "StatusCode": 200
    },
    {
      "RequestUri": "/subscriptions/cca24ec8-99b5-4aa7-9ff6-486e886f304c/resourcegroups/sql-audit-cmdlet-test-rg81152?api-version=2016-02-01",
      "EncodedRequestUri": "L3N1YnNjcmlwdGlvbnMvY2NhMjRlYzgtOTliNS00YWE3LTlmZjYtNDg2ZTg4NmYzMDRjL3Jlc291cmNlZ3JvdXBzL3NxbC1hdWRpdC1jbWRsZXQtdGVzdC1yZzgxMTUyP2FwaS12ZXJzaW9uPTIwMTYtMDItMDE=",
      "RequestMethod": "DELETE",
      "RequestBody": "",
      "RequestHeaders": {
        "User-Agent": [
          "Microsoft.Azure.Management.Resources.ResourceManagementClient/2.0.0.0"
        ]
      },
      "ResponseBody": "",
      "ResponseHeaders": {
        "Content-Length": [
          "0"
        ],
        "Expires": [
          "-1"
        ],
        "Pragma": [
          "no-cache"
        ],
        "Retry-After": [
          "15"
        ],
        "x-ms-ratelimit-remaining-subscription-writes": [
          "1190"
        ],
        "x-ms-request-id": [
          "40c7670f-df4e-4ee6-a652-853da0d80142"
        ],
        "x-ms-correlation-request-id": [
          "40c7670f-df4e-4ee6-a652-853da0d80142"
        ],
        "x-ms-routing-request-id": [
          "WESTEUROPE:20161214T105255Z:40c7670f-df4e-4ee6-a652-853da0d80142"
        ],
        "Strict-Transport-Security": [
          "max-age=31536000; includeSubDomains"
        ],
        "Cache-Control": [
          "no-cache"
        ],
        "Date": [
          "Wed, 14 Dec 2016 10:52:54 GMT"
        ],
        "Location": [
          "https://management.azure.com/subscriptions/cca24ec8-99b5-4aa7-9ff6-486e886f304c/operationresults/eyJqb2JJZCI6IlJFU09VUkNFR1JPVVBERUxFVElPTkpPQi1TUUw6MkRBVURJVDoyRENNRExFVDoyRFRFU1Q6MkRSRzgxMTUyLVdFU1RDRU5UUkFMVVMiLCJqb2JMb2NhdGlvbiI6Indlc3RjZW50cmFsdXMifQ?api-version=2016-02-01"
        ]
      },
      "StatusCode": 202
    },
    {
      "RequestUri": "/subscriptions/cca24ec8-99b5-4aa7-9ff6-486e886f304c/operationresults/eyJqb2JJZCI6IlJFU09VUkNFR1JPVVBERUxFVElPTkpPQi1TUUw6MkRBVURJVDoyRENNRExFVDoyRFRFU1Q6MkRSRzgxMTUyLVdFU1RDRU5UUkFMVVMiLCJqb2JMb2NhdGlvbiI6Indlc3RjZW50cmFsdXMifQ?api-version=2016-02-01",
      "EncodedRequestUri": "L3N1YnNjcmlwdGlvbnMvY2NhMjRlYzgtOTliNS00YWE3LTlmZjYtNDg2ZTg4NmYzMDRjL29wZXJhdGlvbnJlc3VsdHMvZXlKcWIySkpaQ0k2SWxKRlUwOVZVa05GUjFKUFZWQkVSVXhGVkVsUFRrcFBRaTFUVVV3Nk1rUkJWVVJKVkRveVJFTk5SRXhGVkRveVJGUkZVMVE2TWtSU1J6Z3hNVFV5TFZkRlUxUkRSVTVVVWtGTVZWTWlMQ0pxYjJKTWIyTmhkR2x2YmlJNkluZGxjM1JqWlc1MGNtRnNkWE1pZlE/YXBpLXZlcnNpb249MjAxNi0wMi0wMQ==",
      "RequestMethod": "GET",
      "RequestBody": "",
      "RequestHeaders": {
        "x-ms-version": [
          "2016-02-01"
        ],
        "User-Agent": [
          "Microsoft.Azure.Management.Resources.ResourceManagementClient/2.0.0.0"
        ]
      },
      "ResponseBody": "",
      "ResponseHeaders": {
        "Content-Length": [
          "0"
        ],
        "Expires": [
          "-1"
        ],
        "Pragma": [
          "no-cache"
        ],
        "Retry-After": [
          "15"
        ],
        "x-ms-ratelimit-remaining-subscription-reads": [
          "14130"
        ],
        "x-ms-request-id": [
          "091ce5b0-ca11-43b8-b80a-6b908d863028"
        ],
        "x-ms-correlation-request-id": [
          "091ce5b0-ca11-43b8-b80a-6b908d863028"
        ],
        "x-ms-routing-request-id": [
          "WESTEUROPE:20161214T105255Z:091ce5b0-ca11-43b8-b80a-6b908d863028"
        ],
        "Strict-Transport-Security": [
          "max-age=31536000; includeSubDomains"
        ],
        "Cache-Control": [
          "no-cache"
        ],
        "Date": [
          "Wed, 14 Dec 2016 10:52:54 GMT"
        ],
        "Location": [
          "https://management.azure.com/subscriptions/cca24ec8-99b5-4aa7-9ff6-486e886f304c/operationresults/eyJqb2JJZCI6IlJFU09VUkNFR1JPVVBERUxFVElPTkpPQi1TUUw6MkRBVURJVDoyRENNRExFVDoyRFRFU1Q6MkRSRzgxMTUyLVdFU1RDRU5UUkFMVVMiLCJqb2JMb2NhdGlvbiI6Indlc3RjZW50cmFsdXMifQ?api-version=2016-02-01"
        ]
      },
      "StatusCode": 202
    },
    {
      "RequestUri": "/subscriptions/cca24ec8-99b5-4aa7-9ff6-486e886f304c/operationresults/eyJqb2JJZCI6IlJFU09VUkNFR1JPVVBERUxFVElPTkpPQi1TUUw6MkRBVURJVDoyRENNRExFVDoyRFRFU1Q6MkRSRzgxMTUyLVdFU1RDRU5UUkFMVVMiLCJqb2JMb2NhdGlvbiI6Indlc3RjZW50cmFsdXMifQ?api-version=2016-02-01",
      "EncodedRequestUri": "L3N1YnNjcmlwdGlvbnMvY2NhMjRlYzgtOTliNS00YWE3LTlmZjYtNDg2ZTg4NmYzMDRjL29wZXJhdGlvbnJlc3VsdHMvZXlKcWIySkpaQ0k2SWxKRlUwOVZVa05GUjFKUFZWQkVSVXhGVkVsUFRrcFBRaTFUVVV3Nk1rUkJWVVJKVkRveVJFTk5SRXhGVkRveVJGUkZVMVE2TWtSU1J6Z3hNVFV5TFZkRlUxUkRSVTVVVWtGTVZWTWlMQ0pxYjJKTWIyTmhkR2x2YmlJNkluZGxjM1JqWlc1MGNtRnNkWE1pZlE/YXBpLXZlcnNpb249MjAxNi0wMi0wMQ==",
      "RequestMethod": "GET",
      "RequestBody": "",
      "RequestHeaders": {
        "x-ms-version": [
          "2016-02-01"
        ],
        "User-Agent": [
          "Microsoft.Azure.Management.Resources.ResourceManagementClient/2.0.0.0"
        ]
      },
      "ResponseBody": "",
      "ResponseHeaders": {
        "Content-Length": [
          "0"
        ],
        "Expires": [
          "-1"
        ],
        "Pragma": [
          "no-cache"
        ],
        "Retry-After": [
          "15"
        ],
        "x-ms-ratelimit-remaining-subscription-reads": [
          "14126"
        ],
        "x-ms-request-id": [
          "6177794f-89a9-45fa-bb32-ee088dd865a2"
        ],
        "x-ms-correlation-request-id": [
          "6177794f-89a9-45fa-bb32-ee088dd865a2"
        ],
        "x-ms-routing-request-id": [
          "WESTEUROPE:20161214T105311Z:6177794f-89a9-45fa-bb32-ee088dd865a2"
        ],
        "Strict-Transport-Security": [
          "max-age=31536000; includeSubDomains"
        ],
        "Cache-Control": [
          "no-cache"
        ],
        "Date": [
          "Wed, 14 Dec 2016 10:53:10 GMT"
        ],
        "Location": [
          "https://management.azure.com/subscriptions/cca24ec8-99b5-4aa7-9ff6-486e886f304c/operationresults/eyJqb2JJZCI6IlJFU09VUkNFR1JPVVBERUxFVElPTkpPQi1TUUw6MkRBVURJVDoyRENNRExFVDoyRFRFU1Q6MkRSRzgxMTUyLVdFU1RDRU5UUkFMVVMiLCJqb2JMb2NhdGlvbiI6Indlc3RjZW50cmFsdXMifQ?api-version=2016-02-01"
        ]
      },
      "StatusCode": 202
    },
    {
      "RequestUri": "/subscriptions/cca24ec8-99b5-4aa7-9ff6-486e886f304c/operationresults/eyJqb2JJZCI6IlJFU09VUkNFR1JPVVBERUxFVElPTkpPQi1TUUw6MkRBVURJVDoyRENNRExFVDoyRFRFU1Q6MkRSRzgxMTUyLVdFU1RDRU5UUkFMVVMiLCJqb2JMb2NhdGlvbiI6Indlc3RjZW50cmFsdXMifQ?api-version=2016-02-01",
      "EncodedRequestUri": "L3N1YnNjcmlwdGlvbnMvY2NhMjRlYzgtOTliNS00YWE3LTlmZjYtNDg2ZTg4NmYzMDRjL29wZXJhdGlvbnJlc3VsdHMvZXlKcWIySkpaQ0k2SWxKRlUwOVZVa05GUjFKUFZWQkVSVXhGVkVsUFRrcFBRaTFUVVV3Nk1rUkJWVVJKVkRveVJFTk5SRXhGVkRveVJGUkZVMVE2TWtSU1J6Z3hNVFV5TFZkRlUxUkRSVTVVVWtGTVZWTWlMQ0pxYjJKTWIyTmhkR2x2YmlJNkluZGxjM1JqWlc1MGNtRnNkWE1pZlE/YXBpLXZlcnNpb249MjAxNi0wMi0wMQ==",
      "RequestMethod": "GET",
      "RequestBody": "",
      "RequestHeaders": {
        "x-ms-version": [
          "2016-02-01"
        ],
        "User-Agent": [
          "Microsoft.Azure.Management.Resources.ResourceManagementClient/2.0.0.0"
        ]
      },
      "ResponseBody": "",
      "ResponseHeaders": {
        "Content-Length": [
          "0"
        ],
        "Expires": [
          "-1"
        ],
        "Pragma": [
          "no-cache"
        ],
        "Retry-After": [
          "15"
        ],
        "x-ms-ratelimit-remaining-subscription-reads": [
          "14118"
        ],
        "x-ms-request-id": [
          "5580a7a2-b6fc-4d1d-a26e-acdb884646d0"
        ],
        "x-ms-correlation-request-id": [
          "5580a7a2-b6fc-4d1d-a26e-acdb884646d0"
        ],
        "x-ms-routing-request-id": [
          "WESTEUROPE:20161214T105326Z:5580a7a2-b6fc-4d1d-a26e-acdb884646d0"
        ],
        "Strict-Transport-Security": [
          "max-age=31536000; includeSubDomains"
        ],
        "Cache-Control": [
          "no-cache"
        ],
        "Date": [
          "Wed, 14 Dec 2016 10:53:26 GMT"
        ],
        "Location": [
          "https://management.azure.com/subscriptions/cca24ec8-99b5-4aa7-9ff6-486e886f304c/operationresults/eyJqb2JJZCI6IlJFU09VUkNFR1JPVVBERUxFVElPTkpPQi1TUUw6MkRBVURJVDoyRENNRExFVDoyRFRFU1Q6MkRSRzgxMTUyLVdFU1RDRU5UUkFMVVMiLCJqb2JMb2NhdGlvbiI6Indlc3RjZW50cmFsdXMifQ?api-version=2016-02-01"
        ]
      },
      "StatusCode": 202
    },
    {
      "RequestUri": "/subscriptions/cca24ec8-99b5-4aa7-9ff6-486e886f304c/operationresults/eyJqb2JJZCI6IlJFU09VUkNFR1JPVVBERUxFVElPTkpPQi1TUUw6MkRBVURJVDoyRENNRExFVDoyRFRFU1Q6MkRSRzgxMTUyLVdFU1RDRU5UUkFMVVMiLCJqb2JMb2NhdGlvbiI6Indlc3RjZW50cmFsdXMifQ?api-version=2016-02-01",
      "EncodedRequestUri": "L3N1YnNjcmlwdGlvbnMvY2NhMjRlYzgtOTliNS00YWE3LTlmZjYtNDg2ZTg4NmYzMDRjL29wZXJhdGlvbnJlc3VsdHMvZXlKcWIySkpaQ0k2SWxKRlUwOVZVa05GUjFKUFZWQkVSVXhGVkVsUFRrcFBRaTFUVVV3Nk1rUkJWVVJKVkRveVJFTk5SRXhGVkRveVJGUkZVMVE2TWtSU1J6Z3hNVFV5TFZkRlUxUkRSVTVVVWtGTVZWTWlMQ0pxYjJKTWIyTmhkR2x2YmlJNkluZGxjM1JqWlc1MGNtRnNkWE1pZlE/YXBpLXZlcnNpb249MjAxNi0wMi0wMQ==",
      "RequestMethod": "GET",
      "RequestBody": "",
      "RequestHeaders": {
        "x-ms-version": [
          "2016-02-01"
        ],
        "User-Agent": [
          "Microsoft.Azure.Management.Resources.ResourceManagementClient/2.0.0.0"
        ]
      },
      "ResponseBody": "",
      "ResponseHeaders": {
        "Content-Length": [
          "0"
        ],
        "Expires": [
          "-1"
        ],
        "Pragma": [
          "no-cache"
        ],
        "Retry-After": [
          "15"
        ],
        "x-ms-ratelimit-remaining-subscription-reads": [
          "14109"
        ],
        "x-ms-request-id": [
          "b8341230-aace-419f-bf1e-0f6bbfb0d096"
        ],
        "x-ms-correlation-request-id": [
          "b8341230-aace-419f-bf1e-0f6bbfb0d096"
        ],
        "x-ms-routing-request-id": [
          "WESTEUROPE:20161214T105341Z:b8341230-aace-419f-bf1e-0f6bbfb0d096"
        ],
        "Strict-Transport-Security": [
          "max-age=31536000; includeSubDomains"
        ],
        "Cache-Control": [
          "no-cache"
        ],
        "Date": [
          "Wed, 14 Dec 2016 10:53:41 GMT"
        ],
        "Location": [
          "https://management.azure.com/subscriptions/cca24ec8-99b5-4aa7-9ff6-486e886f304c/operationresults/eyJqb2JJZCI6IlJFU09VUkNFR1JPVVBERUxFVElPTkpPQi1TUUw6MkRBVURJVDoyRENNRExFVDoyRFRFU1Q6MkRSRzgxMTUyLVdFU1RDRU5UUkFMVVMiLCJqb2JMb2NhdGlvbiI6Indlc3RjZW50cmFsdXMifQ?api-version=2016-02-01"
        ]
      },
      "StatusCode": 202
    },
    {
      "RequestUri": "/subscriptions/cca24ec8-99b5-4aa7-9ff6-486e886f304c/operationresults/eyJqb2JJZCI6IlJFU09VUkNFR1JPVVBERUxFVElPTkpPQi1TUUw6MkRBVURJVDoyRENNRExFVDoyRFRFU1Q6MkRSRzgxMTUyLVdFU1RDRU5UUkFMVVMiLCJqb2JMb2NhdGlvbiI6Indlc3RjZW50cmFsdXMifQ?api-version=2016-02-01",
      "EncodedRequestUri": "L3N1YnNjcmlwdGlvbnMvY2NhMjRlYzgtOTliNS00YWE3LTlmZjYtNDg2ZTg4NmYzMDRjL29wZXJhdGlvbnJlc3VsdHMvZXlKcWIySkpaQ0k2SWxKRlUwOVZVa05GUjFKUFZWQkVSVXhGVkVsUFRrcFBRaTFUVVV3Nk1rUkJWVVJKVkRveVJFTk5SRXhGVkRveVJGUkZVMVE2TWtSU1J6Z3hNVFV5TFZkRlUxUkRSVTVVVWtGTVZWTWlMQ0pxYjJKTWIyTmhkR2x2YmlJNkluZGxjM1JqWlc1MGNtRnNkWE1pZlE/YXBpLXZlcnNpb249MjAxNi0wMi0wMQ==",
      "RequestMethod": "GET",
      "RequestBody": "",
      "RequestHeaders": {
        "x-ms-version": [
          "2016-02-01"
        ],
        "User-Agent": [
          "Microsoft.Azure.Management.Resources.ResourceManagementClient/2.0.0.0"
        ]
      },
      "ResponseBody": "",
      "ResponseHeaders": {
        "Content-Length": [
          "0"
        ],
        "Expires": [
          "-1"
        ],
        "Pragma": [
          "no-cache"
        ],
        "Retry-After": [
          "15"
        ],
        "x-ms-ratelimit-remaining-subscription-reads": [
          "14105"
        ],
        "x-ms-request-id": [
          "7dfadbd5-5e34-4acb-aad1-e689e9642032"
        ],
        "x-ms-correlation-request-id": [
          "7dfadbd5-5e34-4acb-aad1-e689e9642032"
        ],
        "x-ms-routing-request-id": [
          "WESTEUROPE:20161214T105357Z:7dfadbd5-5e34-4acb-aad1-e689e9642032"
        ],
        "Strict-Transport-Security": [
          "max-age=31536000; includeSubDomains"
        ],
        "Cache-Control": [
          "no-cache"
        ],
        "Date": [
          "Wed, 14 Dec 2016 10:53:56 GMT"
        ],
        "Location": [
          "https://management.azure.com/subscriptions/cca24ec8-99b5-4aa7-9ff6-486e886f304c/operationresults/eyJqb2JJZCI6IlJFU09VUkNFR1JPVVBERUxFVElPTkpPQi1TUUw6MkRBVURJVDoyRENNRExFVDoyRFRFU1Q6MkRSRzgxMTUyLVdFU1RDRU5UUkFMVVMiLCJqb2JMb2NhdGlvbiI6Indlc3RjZW50cmFsdXMifQ?api-version=2016-02-01"
        ]
      },
      "StatusCode": 202
    },
    {
      "RequestUri": "/subscriptions/cca24ec8-99b5-4aa7-9ff6-486e886f304c/operationresults/eyJqb2JJZCI6IlJFU09VUkNFR1JPVVBERUxFVElPTkpPQi1TUUw6MkRBVURJVDoyRENNRExFVDoyRFRFU1Q6MkRSRzgxMTUyLVdFU1RDRU5UUkFMVVMiLCJqb2JMb2NhdGlvbiI6Indlc3RjZW50cmFsdXMifQ?api-version=2016-02-01",
      "EncodedRequestUri": "L3N1YnNjcmlwdGlvbnMvY2NhMjRlYzgtOTliNS00YWE3LTlmZjYtNDg2ZTg4NmYzMDRjL29wZXJhdGlvbnJlc3VsdHMvZXlKcWIySkpaQ0k2SWxKRlUwOVZVa05GUjFKUFZWQkVSVXhGVkVsUFRrcFBRaTFUVVV3Nk1rUkJWVVJKVkRveVJFTk5SRXhGVkRveVJGUkZVMVE2TWtSU1J6Z3hNVFV5TFZkRlUxUkRSVTVVVWtGTVZWTWlMQ0pxYjJKTWIyTmhkR2x2YmlJNkluZGxjM1JqWlc1MGNtRnNkWE1pZlE/YXBpLXZlcnNpb249MjAxNi0wMi0wMQ==",
      "RequestMethod": "GET",
      "RequestBody": "",
      "RequestHeaders": {
        "x-ms-version": [
          "2016-02-01"
        ],
        "User-Agent": [
          "Microsoft.Azure.Management.Resources.ResourceManagementClient/2.0.0.0"
        ]
      },
      "ResponseBody": "",
      "ResponseHeaders": {
        "Content-Length": [
          "0"
        ],
        "Expires": [
          "-1"
        ],
        "Pragma": [
          "no-cache"
        ],
        "Retry-After": [
          "15"
        ],
        "x-ms-ratelimit-remaining-subscription-reads": [
          "14104"
        ],
        "x-ms-request-id": [
          "4d6ac6b4-fa22-41d0-827c-92666a553d3c"
        ],
        "x-ms-correlation-request-id": [
          "4d6ac6b4-fa22-41d0-827c-92666a553d3c"
        ],
        "x-ms-routing-request-id": [
          "WESTEUROPE:20161214T105412Z:4d6ac6b4-fa22-41d0-827c-92666a553d3c"
        ],
        "Strict-Transport-Security": [
          "max-age=31536000; includeSubDomains"
        ],
        "Cache-Control": [
          "no-cache"
        ],
        "Date": [
          "Wed, 14 Dec 2016 10:54:12 GMT"
        ],
        "Location": [
          "https://management.azure.com/subscriptions/cca24ec8-99b5-4aa7-9ff6-486e886f304c/operationresults/eyJqb2JJZCI6IlJFU09VUkNFR1JPVVBERUxFVElPTkpPQi1TUUw6MkRBVURJVDoyRENNRExFVDoyRFRFU1Q6MkRSRzgxMTUyLVdFU1RDRU5UUkFMVVMiLCJqb2JMb2NhdGlvbiI6Indlc3RjZW50cmFsdXMifQ?api-version=2016-02-01"
        ]
      },
      "StatusCode": 202
    },
    {
      "RequestUri": "/subscriptions/cca24ec8-99b5-4aa7-9ff6-486e886f304c/operationresults/eyJqb2JJZCI6IlJFU09VUkNFR1JPVVBERUxFVElPTkpPQi1TUUw6MkRBVURJVDoyRENNRExFVDoyRFRFU1Q6MkRSRzgxMTUyLVdFU1RDRU5UUkFMVVMiLCJqb2JMb2NhdGlvbiI6Indlc3RjZW50cmFsdXMifQ?api-version=2016-02-01",
      "EncodedRequestUri": "L3N1YnNjcmlwdGlvbnMvY2NhMjRlYzgtOTliNS00YWE3LTlmZjYtNDg2ZTg4NmYzMDRjL29wZXJhdGlvbnJlc3VsdHMvZXlKcWIySkpaQ0k2SWxKRlUwOVZVa05GUjFKUFZWQkVSVXhGVkVsUFRrcFBRaTFUVVV3Nk1rUkJWVVJKVkRveVJFTk5SRXhGVkRveVJGUkZVMVE2TWtSU1J6Z3hNVFV5TFZkRlUxUkRSVTVVVWtGTVZWTWlMQ0pxYjJKTWIyTmhkR2x2YmlJNkluZGxjM1JqWlc1MGNtRnNkWE1pZlE/YXBpLXZlcnNpb249MjAxNi0wMi0wMQ==",
      "RequestMethod": "GET",
      "RequestBody": "",
      "RequestHeaders": {
        "x-ms-version": [
          "2016-02-01"
        ],
        "User-Agent": [
          "Microsoft.Azure.Management.Resources.ResourceManagementClient/2.0.0.0"
        ]
      },
      "ResponseBody": "",
      "ResponseHeaders": {
        "Content-Length": [
          "0"
        ],
        "Expires": [
          "-1"
        ],
        "Pragma": [
          "no-cache"
        ],
        "Retry-After": [
          "15"
        ],
        "x-ms-ratelimit-remaining-subscription-reads": [
          "14100"
        ],
        "x-ms-request-id": [
          "fe30a664-df09-41a6-adad-c8e89dac0e0b"
        ],
        "x-ms-correlation-request-id": [
          "fe30a664-df09-41a6-adad-c8e89dac0e0b"
        ],
        "x-ms-routing-request-id": [
          "WESTEUROPE:20161214T105428Z:fe30a664-df09-41a6-adad-c8e89dac0e0b"
        ],
        "Strict-Transport-Security": [
          "max-age=31536000; includeSubDomains"
        ],
        "Cache-Control": [
          "no-cache"
        ],
        "Date": [
          "Wed, 14 Dec 2016 10:54:27 GMT"
        ],
        "Location": [
          "https://management.azure.com/subscriptions/cca24ec8-99b5-4aa7-9ff6-486e886f304c/operationresults/eyJqb2JJZCI6IlJFU09VUkNFR1JPVVBERUxFVElPTkpPQi1TUUw6MkRBVURJVDoyRENNRExFVDoyRFRFU1Q6MkRSRzgxMTUyLVdFU1RDRU5UUkFMVVMiLCJqb2JMb2NhdGlvbiI6Indlc3RjZW50cmFsdXMifQ?api-version=2016-02-01"
        ]
      },
      "StatusCode": 202
    },
    {
      "RequestUri": "/subscriptions/cca24ec8-99b5-4aa7-9ff6-486e886f304c/operationresults/eyJqb2JJZCI6IlJFU09VUkNFR1JPVVBERUxFVElPTkpPQi1TUUw6MkRBVURJVDoyRENNRExFVDoyRFRFU1Q6MkRSRzgxMTUyLVdFU1RDRU5UUkFMVVMiLCJqb2JMb2NhdGlvbiI6Indlc3RjZW50cmFsdXMifQ?api-version=2016-02-01",
      "EncodedRequestUri": "L3N1YnNjcmlwdGlvbnMvY2NhMjRlYzgtOTliNS00YWE3LTlmZjYtNDg2ZTg4NmYzMDRjL29wZXJhdGlvbnJlc3VsdHMvZXlKcWIySkpaQ0k2SWxKRlUwOVZVa05GUjFKUFZWQkVSVXhGVkVsUFRrcFBRaTFUVVV3Nk1rUkJWVVJKVkRveVJFTk5SRXhGVkRveVJGUkZVMVE2TWtSU1J6Z3hNVFV5TFZkRlUxUkRSVTVVVWtGTVZWTWlMQ0pxYjJKTWIyTmhkR2x2YmlJNkluZGxjM1JqWlc1MGNtRnNkWE1pZlE/YXBpLXZlcnNpb249MjAxNi0wMi0wMQ==",
      "RequestMethod": "GET",
      "RequestBody": "",
      "RequestHeaders": {
        "x-ms-version": [
          "2016-02-01"
        ],
        "User-Agent": [
          "Microsoft.Azure.Management.Resources.ResourceManagementClient/2.0.0.0"
        ]
      },
      "ResponseBody": "",
      "ResponseHeaders": {
        "Content-Length": [
          "0"
        ],
        "Expires": [
          "-1"
        ],
        "Pragma": [
          "no-cache"
        ],
        "x-ms-ratelimit-remaining-subscription-reads": [
          "14099"
        ],
        "x-ms-request-id": [
          "3644be03-bf2d-45a1-b5fe-5a42d45b9e8e"
        ],
        "x-ms-correlation-request-id": [
          "3644be03-bf2d-45a1-b5fe-5a42d45b9e8e"
        ],
        "x-ms-routing-request-id": [
          "WESTEUROPE:20161214T105443Z:3644be03-bf2d-45a1-b5fe-5a42d45b9e8e"
        ],
        "Strict-Transport-Security": [
          "max-age=31536000; includeSubDomains"
        ],
        "Cache-Control": [
          "no-cache"
        ],
        "Date": [
          "Wed, 14 Dec 2016 10:54:42 GMT"
        ]
      },
      "StatusCode": 200
    }
  ],
  "Names": {},
  "Variables": {
    "SubscriptionId": "cca24ec8-99b5-4aa7-9ff6-486e886f304c",
    "User": "yaiyun@microsoft.com",
    "TenantId": "72f988bf-86f1-41af-91ab-2d7cd011db47"
  }
}