{
  "Entries": [
    {
      "RequestUri": "/subscriptions/cca24ec8-99b5-4aa7-9ff6-486e886f304c/resourcegroups/sql-audit-cmdlet-test-rg1915?api-version=2014-04-01-preview",
      "EncodedRequestUri": "L3N1YnNjcmlwdGlvbnMvY2NhMjRlYzgtOTliNS00YWE3LTlmZjYtNDg2ZTg4NmYzMDRjL3Jlc291cmNlZ3JvdXBzL3NxbC1hdWRpdC1jbWRsZXQtdGVzdC1yZzE5MTU/YXBpLXZlcnNpb249MjAxNC0wNC0wMS1wcmV2aWV3",
      "RequestMethod": "HEAD",
      "RequestBody": "",
      "RequestHeaders": {
        "User-Agent": [
          "Microsoft.Azure.Management.Resources.ResourceManagementClient/2.0.0.0"
        ]
      },
      "ResponseBody": "",
      "ResponseHeaders": {
        "Content-Length": [
          "120"
        ],
        "Content-Type": [
          "application/json; charset=utf-8"
        ],
        "Expires": [
          "-1"
        ],
        "Pragma": [
          "no-cache"
        ],
        "x-ms-failure-cause": [
          "gateway"
        ],
        "x-ms-ratelimit-remaining-subscription-reads": [
          "14630"
        ],
        "x-ms-request-id": [
          "870fbf70-dfcf-424c-9a3b-14ff7727efb4"
        ],
        "x-ms-correlation-request-id": [
          "870fbf70-dfcf-424c-9a3b-14ff7727efb4"
        ],
        "x-ms-routing-request-id": [
          "WESTEUROPE:20151206T094017Z:870fbf70-dfcf-424c-9a3b-14ff7727efb4"
        ],
        "Strict-Transport-Security": [
          "max-age=31536000; includeSubDomains"
        ],
        "Cache-Control": [
          "no-cache"
        ],
        "Date": [
          "Sun, 06 Dec 2015 09:40:17 GMT"
        ]
      },
      "StatusCode": 404
    },
    {
      "RequestUri": "/subscriptions/cca24ec8-99b5-4aa7-9ff6-486e886f304c/resourcegroups/sql-audit-cmdlet-test-rg1915?api-version=2014-04-01-preview",
      "EncodedRequestUri": "L3N1YnNjcmlwdGlvbnMvY2NhMjRlYzgtOTliNS00YWE3LTlmZjYtNDg2ZTg4NmYzMDRjL3Jlc291cmNlZ3JvdXBzL3NxbC1hdWRpdC1jbWRsZXQtdGVzdC1yZzE5MTU/YXBpLXZlcnNpb249MjAxNC0wNC0wMS1wcmV2aWV3",
      "RequestMethod": "PUT",
      "RequestBody": "{\r\n  \"location\": \"West US\"\r\n}",
      "RequestHeaders": {
        "Content-Type": [
          "application/json; charset=utf-8"
        ],
        "Content-Length": [
          "29"
        ],
        "User-Agent": [
          "Microsoft.Azure.Management.Resources.ResourceManagementClient/2.0.0.0"
        ]
      },
      "ResponseBody": "{\r\n  \"id\": \"/subscriptions/cca24ec8-99b5-4aa7-9ff6-486e886f304c/resourceGroups/sql-audit-cmdlet-test-rg1915\",\r\n  \"name\": \"sql-audit-cmdlet-test-rg1915\",\r\n  \"location\": \"westus\",\r\n  \"properties\": {\r\n    \"provisioningState\": \"Succeeded\"\r\n  }\r\n}",
      "ResponseHeaders": {
        "Content-Length": [
          "209"
        ],
        "Content-Type": [
          "application/json; charset=utf-8"
        ],
        "Expires": [
          "-1"
        ],
        "Pragma": [
          "no-cache"
        ],
        "x-ms-ratelimit-remaining-subscription-writes": [
          "1180"
        ],
        "x-ms-request-id": [
          "7df4ccfe-04ca-4a1e-9c28-fef064b9cac4"
        ],
        "x-ms-correlation-request-id": [
          "7df4ccfe-04ca-4a1e-9c28-fef064b9cac4"
        ],
        "x-ms-routing-request-id": [
          "WESTEUROPE:20151206T094019Z:7df4ccfe-04ca-4a1e-9c28-fef064b9cac4"
        ],
        "Strict-Transport-Security": [
          "max-age=31536000; includeSubDomains"
        ],
        "Cache-Control": [
          "no-cache"
        ],
        "Date": [
          "Sun, 06 Dec 2015 09:40:18 GMT"
        ]
      },
      "StatusCode": 201
    },
    {
      "RequestUri": "/subscriptions/cca24ec8-99b5-4aa7-9ff6-486e886f304c/resourceGroups/sql-audit-cmdlet-test-rg1915/resources?api-version=2014-04-01-preview",
      "EncodedRequestUri": "L3N1YnNjcmlwdGlvbnMvY2NhMjRlYzgtOTliNS00YWE3LTlmZjYtNDg2ZTg4NmYzMDRjL3Jlc291cmNlR3JvdXBzL3NxbC1hdWRpdC1jbWRsZXQtdGVzdC1yZzE5MTUvcmVzb3VyY2VzP2FwaS12ZXJzaW9uPTIwMTQtMDQtMDEtcHJldmlldw==",
      "RequestMethod": "GET",
      "RequestBody": "",
      "RequestHeaders": {
        "User-Agent": [
          "Microsoft.Azure.Management.Resources.ResourceManagementClient/2.0.0.0"
        ]
      },
      "ResponseBody": "{\r\n  \"value\": []\r\n}",
      "ResponseHeaders": {
        "Content-Length": [
          "12"
        ],
        "Content-Type": [
          "application/json; charset=utf-8"
        ],
        "Expires": [
          "-1"
        ],
        "Pragma": [
          "no-cache"
        ],
        "x-ms-ratelimit-remaining-subscription-reads": [
          "14629"
        ],
        "x-ms-request-id": [
          "788a60de-09ef-4734-b279-dd762e335492"
        ],
        "x-ms-correlation-request-id": [
          "788a60de-09ef-4734-b279-dd762e335492"
        ],
        "x-ms-routing-request-id": [
          "WESTEUROPE:20151206T094019Z:788a60de-09ef-4734-b279-dd762e335492"
        ],
        "Strict-Transport-Security": [
          "max-age=31536000; includeSubDomains"
        ],
        "Cache-Control": [
          "no-cache"
        ],
        "Date": [
          "Sun, 06 Dec 2015 09:40:19 GMT"
        ]
      },
      "StatusCode": 200
    },
    {
      "RequestUri": "/subscriptions/cca24ec8-99b5-4aa7-9ff6-486e886f304c/resourcegroups/sql-audit-cmdlet-test-rg1915/deployments/sql-audit-test-env-setup-classic-storage?api-version=2014-04-01-preview",
      "EncodedRequestUri": "L3N1YnNjcmlwdGlvbnMvY2NhMjRlYzgtOTliNS00YWE3LTlmZjYtNDg2ZTg4NmYzMDRjL3Jlc291cmNlZ3JvdXBzL3NxbC1hdWRpdC1jbWRsZXQtdGVzdC1yZzE5MTUvZGVwbG95bWVudHMvc3FsLWF1ZGl0LXRlc3QtZW52LXNldHVwLWNsYXNzaWMtc3RvcmFnZT9hcGktdmVyc2lvbj0yMDE0LTA0LTAxLXByZXZpZXc=",
      "RequestMethod": "PUT",
      "RequestBody": "{\r\n  \"properties\": {\r\n    \"template\": {\r\n      \"$schema\": \"http://schemas.management.azure.com/deploymentTemplate?api-version=2014-04-01-preview\",\r\n      \"contentVersion\": \"1.0.0.0\",\r\n      \"parameters\": {\r\n        \"administratorLogin\": {\r\n          \"type\": \"string\",\r\n          \"defaultValue\": \"testlogin\"\r\n        },\r\n        \"administratorLoginPassword\": {\r\n          \"type\": \"securestring\",\r\n          \"defaultValue\": \"testp@ssMakingIt1007Longer\"\r\n        },\r\n        \"collation\": {\r\n          \"type\": \"string\",\r\n          \"defaultValue\": \"SQL_Latin1_General_CP1_CI_AS\"\r\n        },\r\n        \"databaseName\": {\r\n          \"type\": \"string\"\r\n        },\r\n        \"edition\": {\r\n          \"type\": \"string\",\r\n          \"defaultValue\": \"Basic\"\r\n        },\r\n        \"configuredServiceLevelObjectiveId\": {\r\n          \"type\": \"string\",\r\n          \"defaultValue\": \"910b4fcb-8a29-4c3e-958f-f7ba794388b2\"\r\n        },\r\n        \"serverName\": {\r\n          \"type\": \"string\"\r\n        },\r\n        \"storageName\": {\r\n          \"type\": \"string\"\r\n        }\r\n      },\r\n      \"resources\": [\r\n        {\r\n          \"apiVersion\": \"2014-04-01-preview\",\r\n          \"location\": \"[resourceGroup().location]\",\r\n          \"name\": \"[parameters('serverName')]\",\r\n          \"properties\": {\r\n            \"administratorLogin\": \"[parameters('administratorLogin')]\",\r\n            \"administratorLoginPassword\": \"[parameters('administratorLoginPassword')]\"\r\n          },\r\n          \"resources\": [\r\n            {\r\n              \"apiVersion\": \"2014-04-01-preview\",\r\n              \"dependsOn\": [\r\n                \"[concat('Microsoft.Sql/servers/', parameters('serverName'))]\"\r\n              ],\r\n              \"location\": \"[resourceGroup().location]\",\r\n              \"name\": \"[parameters('databaseName')]\",\r\n              \"properties\": {\r\n                \"collation\": \"[parameters('collation')]\",\r\n                \"edition\": \"[parameters('edition')]\",\r\n                \"maxSizeBytes\": \"1073741824\"\r\n              },\r\n              \"type\": \"databases\"\r\n            }\r\n          ],\r\n          \"type\": \"Microsoft.Sql/servers\"\r\n        },\r\n        {\r\n          \"type\": \"Microsoft.ClassicStorage/storageAccounts\",\r\n          \"name\": \"[parameters('storageName')]\",\r\n          \"apiVersion\": \"2015-06-01\",\r\n          \"location\": \"[resourceGroup().location]\",\r\n          \"properties\": {\r\n            \"accountType\": \"Standard_GRS\"\r\n          }\r\n        }\r\n      ]\r\n    },\r\n    \"parameters\": {\r\n      \"databaseName\": {\r\n        \"value\": \"sql-audit-cmdlet-db1915\"\r\n      },\r\n      \"serverName\": {\r\n        \"value\": \"sql-audit-cmdlet-server1915\"\r\n      },\r\n      \"storageName\": {\r\n        \"value\": \"auditcmdlets1915\"\r\n      }\r\n    },\r\n    \"mode\": \"Incremental\"\r\n  }\r\n}",
      "RequestHeaders": {
        "Content-Type": [
          "application/json; charset=utf-8"
        ],
        "Content-Length": [
          "2710"
        ],
        "User-Agent": [
          "Microsoft.Azure.Management.Resources.ResourceManagementClient/2.0.0.0"
        ]
      },
      "ResponseBody": "{\r\n  \"id\": \"/subscriptions/cca24ec8-99b5-4aa7-9ff6-486e886f304c/resourceGroups/sql-audit-cmdlet-test-rg1915/deployments/sql-audit-test-env-setup-classic-storage\",\r\n  \"name\": \"sql-audit-test-env-setup-classic-storage\",\r\n  \"properties\": {\r\n    \"parameters\": {\r\n      \"administratorLogin\": {\r\n        \"type\": \"String\",\r\n        \"value\": \"testlogin\"\r\n      },\r\n      \"administratorLoginPassword\": {\r\n        \"type\": \"SecureString\"\r\n      },\r\n      \"collation\": {\r\n        \"type\": \"String\",\r\n        \"value\": \"SQL_Latin1_General_CP1_CI_AS\"\r\n      },\r\n      \"databaseName\": {\r\n        \"type\": \"String\",\r\n        \"value\": \"sql-audit-cmdlet-db1915\"\r\n      },\r\n      \"edition\": {\r\n        \"type\": \"String\",\r\n        \"value\": \"Basic\"\r\n      },\r\n      \"configuredServiceLevelObjectiveId\": {\r\n        \"type\": \"String\",\r\n        \"value\": \"910b4fcb-8a29-4c3e-958f-f7ba794388b2\"\r\n      },\r\n      \"serverName\": {\r\n        \"type\": \"String\",\r\n        \"value\": \"sql-audit-cmdlet-server1915\"\r\n      },\r\n      \"storageName\": {\r\n        \"type\": \"String\",\r\n        \"value\": \"auditcmdlets1915\"\r\n      }\r\n    },\r\n    \"mode\": \"Incremental\",\r\n    \"provisioningState\": \"Accepted\",\r\n    \"timestamp\": \"2015-12-06T09:40:22.6059923Z\",\r\n    \"duration\": \"PT1.9285964S\",\r\n    \"correlationId\": \"1f3cf708-74d1-4ec2-9dab-4b7bdbf83d13\",\r\n    \"providers\": [\r\n      {\r\n        \"namespace\": \"Microsoft.Sql\",\r\n        \"resourceTypes\": [\r\n          {\r\n            \"resourceType\": \"servers\",\r\n            \"locations\": [\r\n              \"westus\"\r\n            ]\r\n          },\r\n          {\r\n            \"resourceType\": \"servers/databases\",\r\n            \"locations\": [\r\n              \"westus\"\r\n            ]\r\n          }\r\n        ]\r\n      },\r\n      {\r\n        \"namespace\": \"Microsoft.ClassicStorage\",\r\n        \"resourceTypes\": [\r\n          {\r\n            \"resourceType\": \"storageAccounts\",\r\n            \"locations\": [\r\n              \"westus\"\r\n            ]\r\n          }\r\n        ]\r\n      }\r\n    ],\r\n    \"dependencies\": [\r\n      {\r\n        \"dependsOn\": [\r\n          {\r\n            \"id\": \"/subscriptions/cca24ec8-99b5-4aa7-9ff6-486e886f304c/resourceGroups/sql-audit-cmdlet-test-rg1915/providers/Microsoft.Sql/servers/sql-audit-cmdlet-server1915\",\r\n            \"resourceType\": \"Microsoft.Sql/servers\",\r\n            \"resourceName\": \"sql-audit-cmdlet-server1915\"\r\n          }\r\n        ],\r\n        \"id\": \"/subscriptions/cca24ec8-99b5-4aa7-9ff6-486e886f304c/resourceGroups/sql-audit-cmdlet-test-rg1915/providers/Microsoft.Sql/servers/sql-audit-cmdlet-server1915/databases/sql-audit-cmdlet-db1915\",\r\n        \"resourceType\": \"Microsoft.Sql/servers/databases\",\r\n        \"resourceName\": \"sql-audit-cmdlet-server1915/sql-audit-cmdlet-db1915\"\r\n      }\r\n    ]\r\n  }\r\n}",
      "ResponseHeaders": {
        "Content-Length": [
          "1820"
        ],
        "Content-Type": [
          "application/json; charset=utf-8"
        ],
        "Expires": [
          "-1"
        ],
        "Pragma": [
          "no-cache"
        ],
        "Azure-AsyncOperation": [
          "https://management.azure.com/subscriptions/cca24ec8-99b5-4aa7-9ff6-486e886f304c/resourcegroups/sql-audit-cmdlet-test-rg1915/providers/Microsoft.Resources/deployments/sql-audit-test-env-setup-classic-storage/operationStatuses/08587522120648003107?api-version=2014-04-01-preview"
        ],
        "x-ms-ratelimit-remaining-subscription-writes": [
          "1179"
        ],
        "x-ms-request-id": [
          "1f3cf708-74d1-4ec2-9dab-4b7bdbf83d13"
        ],
        "x-ms-correlation-request-id": [
          "1f3cf708-74d1-4ec2-9dab-4b7bdbf83d13"
        ],
        "x-ms-routing-request-id": [
          "WESTEUROPE:20151206T094023Z:1f3cf708-74d1-4ec2-9dab-4b7bdbf83d13"
        ],
        "Strict-Transport-Security": [
          "max-age=31536000; includeSubDomains"
        ],
        "Cache-Control": [
          "no-cache"
        ],
        "Date": [
          "Sun, 06 Dec 2015 09:40:22 GMT"
        ]
      },
      "StatusCode": 201
    },
    {
      "RequestUri": "/subscriptions/cca24ec8-99b5-4aa7-9ff6-486e886f304c/resourcegroups/sql-audit-cmdlet-test-rg1915/deployments/sql-audit-test-env-setup-classic-storage/operations?api-version=2014-04-01-preview",
      "EncodedRequestUri": "L3N1YnNjcmlwdGlvbnMvY2NhMjRlYzgtOTliNS00YWE3LTlmZjYtNDg2ZTg4NmYzMDRjL3Jlc291cmNlZ3JvdXBzL3NxbC1hdWRpdC1jbWRsZXQtdGVzdC1yZzE5MTUvZGVwbG95bWVudHMvc3FsLWF1ZGl0LXRlc3QtZW52LXNldHVwLWNsYXNzaWMtc3RvcmFnZS9vcGVyYXRpb25zP2FwaS12ZXJzaW9uPTIwMTQtMDQtMDEtcHJldmlldw==",
      "RequestMethod": "GET",
      "RequestBody": "",
      "RequestHeaders": {
        "User-Agent": [
          "Microsoft.Azure.Management.Resources.ResourceManagementClient/2.0.0.0"
        ]
      },
      "ResponseBody": "{\r\n  \"value\": []\r\n}",
      "ResponseHeaders": {
        "Content-Length": [
          "12"
        ],
        "Content-Type": [
          "application/json; charset=utf-8"
        ],
        "Expires": [
          "-1"
        ],
        "Pragma": [
          "no-cache"
        ],
        "x-ms-ratelimit-remaining-subscription-reads": [
          "14628"
        ],
        "x-ms-request-id": [
          "f799944a-fd5d-4606-9fe2-9f677ee46f1e"
        ],
        "x-ms-correlation-request-id": [
          "f799944a-fd5d-4606-9fe2-9f677ee46f1e"
        ],
        "x-ms-routing-request-id": [
          "WESTEUROPE:20151206T094024Z:f799944a-fd5d-4606-9fe2-9f677ee46f1e"
        ],
        "Strict-Transport-Security": [
          "max-age=31536000; includeSubDomains"
        ],
        "Cache-Control": [
          "no-cache"
        ],
        "Date": [
          "Sun, 06 Dec 2015 09:40:23 GMT"
        ]
      },
      "StatusCode": 200
    },
    {
      "RequestUri": "/subscriptions/cca24ec8-99b5-4aa7-9ff6-486e886f304c/resourcegroups/sql-audit-cmdlet-test-rg1915/deployments/sql-audit-test-env-setup-classic-storage/operations?api-version=2014-04-01-preview",
      "EncodedRequestUri": "L3N1YnNjcmlwdGlvbnMvY2NhMjRlYzgtOTliNS00YWE3LTlmZjYtNDg2ZTg4NmYzMDRjL3Jlc291cmNlZ3JvdXBzL3NxbC1hdWRpdC1jbWRsZXQtdGVzdC1yZzE5MTUvZGVwbG95bWVudHMvc3FsLWF1ZGl0LXRlc3QtZW52LXNldHVwLWNsYXNzaWMtc3RvcmFnZS9vcGVyYXRpb25zP2FwaS12ZXJzaW9uPTIwMTQtMDQtMDEtcHJldmlldw==",
      "RequestMethod": "GET",
      "RequestBody": "",
      "RequestHeaders": {
        "User-Agent": [
          "Microsoft.Azure.Management.Resources.ResourceManagementClient/2.0.0.0"
        ]
      },
      "ResponseBody": "{\r\n  \"value\": []\r\n}",
      "ResponseHeaders": {
        "Content-Length": [
          "12"
        ],
        "Content-Type": [
          "application/json; charset=utf-8"
        ],
        "Expires": [
          "-1"
        ],
        "Pragma": [
          "no-cache"
        ],
        "x-ms-ratelimit-remaining-subscription-reads": [
          "14626"
        ],
        "x-ms-request-id": [
          "bb452dac-6d74-4bd7-b132-07d89b940122"
        ],
        "x-ms-correlation-request-id": [
          "bb452dac-6d74-4bd7-b132-07d89b940122"
        ],
        "x-ms-routing-request-id": [
          "WESTEUROPE:20151206T094027Z:bb452dac-6d74-4bd7-b132-07d89b940122"
        ],
        "Strict-Transport-Security": [
          "max-age=31536000; includeSubDomains"
        ],
        "Cache-Control": [
          "no-cache"
        ],
        "Date": [
          "Sun, 06 Dec 2015 09:40:27 GMT"
        ]
      },
      "StatusCode": 200
    },
    {
      "RequestUri": "/subscriptions/cca24ec8-99b5-4aa7-9ff6-486e886f304c/resourcegroups/sql-audit-cmdlet-test-rg1915/deployments/sql-audit-test-env-setup-classic-storage/operations?api-version=2014-04-01-preview",
      "EncodedRequestUri": "L3N1YnNjcmlwdGlvbnMvY2NhMjRlYzgtOTliNS00YWE3LTlmZjYtNDg2ZTg4NmYzMDRjL3Jlc291cmNlZ3JvdXBzL3NxbC1hdWRpdC1jbWRsZXQtdGVzdC1yZzE5MTUvZGVwbG95bWVudHMvc3FsLWF1ZGl0LXRlc3QtZW52LXNldHVwLWNsYXNzaWMtc3RvcmFnZS9vcGVyYXRpb25zP2FwaS12ZXJzaW9uPTIwMTQtMDQtMDEtcHJldmlldw==",
      "RequestMethod": "GET",
      "RequestBody": "",
      "RequestHeaders": {
        "User-Agent": [
          "Microsoft.Azure.Management.Resources.ResourceManagementClient/2.0.0.0"
        ]
      },
      "ResponseBody": "{\r\n  \"value\": []\r\n}",
      "ResponseHeaders": {
        "Content-Length": [
          "12"
        ],
        "Content-Type": [
          "application/json; charset=utf-8"
        ],
        "Expires": [
          "-1"
        ],
        "Pragma": [
          "no-cache"
        ],
        "x-ms-ratelimit-remaining-subscription-reads": [
          "14624"
        ],
        "x-ms-request-id": [
          "28276c71-c7d7-4da7-913a-6450bab97778"
        ],
        "x-ms-correlation-request-id": [
          "28276c71-c7d7-4da7-913a-6450bab97778"
        ],
        "x-ms-routing-request-id": [
          "WESTEUROPE:20151206T094030Z:28276c71-c7d7-4da7-913a-6450bab97778"
        ],
        "Strict-Transport-Security": [
          "max-age=31536000; includeSubDomains"
        ],
        "Cache-Control": [
          "no-cache"
        ],
        "Date": [
          "Sun, 06 Dec 2015 09:40:30 GMT"
        ]
      },
      "StatusCode": 200
    },
    {
      "RequestUri": "/subscriptions/cca24ec8-99b5-4aa7-9ff6-486e886f304c/resourcegroups/sql-audit-cmdlet-test-rg1915/deployments/sql-audit-test-env-setup-classic-storage/operations?api-version=2014-04-01-preview",
      "EncodedRequestUri": "L3N1YnNjcmlwdGlvbnMvY2NhMjRlYzgtOTliNS00YWE3LTlmZjYtNDg2ZTg4NmYzMDRjL3Jlc291cmNlZ3JvdXBzL3NxbC1hdWRpdC1jbWRsZXQtdGVzdC1yZzE5MTUvZGVwbG95bWVudHMvc3FsLWF1ZGl0LXRlc3QtZW52LXNldHVwLWNsYXNzaWMtc3RvcmFnZS9vcGVyYXRpb25zP2FwaS12ZXJzaW9uPTIwMTQtMDQtMDEtcHJldmlldw==",
      "RequestMethod": "GET",
      "RequestBody": "",
      "RequestHeaders": {
        "User-Agent": [
          "Microsoft.Azure.Management.Resources.ResourceManagementClient/2.0.0.0"
        ]
      },
      "ResponseBody": "{\r\n  \"value\": [\r\n    {\r\n      \"id\": \"/subscriptions/cca24ec8-99b5-4aa7-9ff6-486e886f304c/resourceGroups/sql-audit-cmdlet-test-rg1915/deployments/sql-audit-test-env-setup-classic-storage/operations/0C922A678E5924E0\",\r\n      \"operationId\": \"0C922A678E5924E0\",\r\n      \"properties\": {\r\n        \"provisioningState\": \"Running\",\r\n        \"timestamp\": \"2015-12-06T09:40:32.7604877Z\",\r\n        \"duration\": \"PT9.3423002S\",\r\n        \"trackingId\": \"4d3d6c05-0f1d-433a-bbe5-40af0d0dcd0a\",\r\n        \"statusCode\": \"Accepted\",\r\n        \"targetResource\": {\r\n          \"id\": \"/subscriptions/cca24ec8-99b5-4aa7-9ff6-486e886f304c/resourceGroups/sql-audit-cmdlet-test-rg1915/providers/Microsoft.ClassicStorage/storageAccounts/auditcmdlets1915\",\r\n          \"resourceType\": \"Microsoft.ClassicStorage/storageAccounts\",\r\n          \"resourceName\": \"auditcmdlets1915\"\r\n        }\r\n      }\r\n    }\r\n  ]\r\n}",
      "ResponseHeaders": {
        "Content-Length": [
          "702"
        ],
        "Content-Type": [
          "application/json; charset=utf-8"
        ],
        "Expires": [
          "-1"
        ],
        "Pragma": [
          "no-cache"
        ],
        "x-ms-ratelimit-remaining-subscription-reads": [
          "14622"
        ],
        "x-ms-request-id": [
          "23972403-1a89-4156-8cbe-28ac3229c9aa"
        ],
        "x-ms-correlation-request-id": [
          "23972403-1a89-4156-8cbe-28ac3229c9aa"
        ],
        "x-ms-routing-request-id": [
          "WESTEUROPE:20151206T094033Z:23972403-1a89-4156-8cbe-28ac3229c9aa"
        ],
        "Strict-Transport-Security": [
          "max-age=31536000; includeSubDomains"
        ],
        "Cache-Control": [
          "no-cache"
        ],
        "Date": [
          "Sun, 06 Dec 2015 09:40:32 GMT"
        ]
      },
      "StatusCode": 200
    },
    {
      "RequestUri": "/subscriptions/cca24ec8-99b5-4aa7-9ff6-486e886f304c/resourcegroups/sql-audit-cmdlet-test-rg1915/deployments/sql-audit-test-env-setup-classic-storage/operations?api-version=2014-04-01-preview",
      "EncodedRequestUri": "L3N1YnNjcmlwdGlvbnMvY2NhMjRlYzgtOTliNS00YWE3LTlmZjYtNDg2ZTg4NmYzMDRjL3Jlc291cmNlZ3JvdXBzL3NxbC1hdWRpdC1jbWRsZXQtdGVzdC1yZzE5MTUvZGVwbG95bWVudHMvc3FsLWF1ZGl0LXRlc3QtZW52LXNldHVwLWNsYXNzaWMtc3RvcmFnZS9vcGVyYXRpb25zP2FwaS12ZXJzaW9uPTIwMTQtMDQtMDEtcHJldmlldw==",
      "RequestMethod": "GET",
      "RequestBody": "",
      "RequestHeaders": {
        "User-Agent": [
          "Microsoft.Azure.Management.Resources.ResourceManagementClient/2.0.0.0"
        ]
      },
      "ResponseBody": "{\r\n  \"value\": [\r\n    {\r\n      \"id\": \"/subscriptions/cca24ec8-99b5-4aa7-9ff6-486e886f304c/resourceGroups/sql-audit-cmdlet-test-rg1915/deployments/sql-audit-test-env-setup-classic-storage/operations/3006560B08384DBD\",\r\n      \"operationId\": \"3006560B08384DBD\",\r\n      \"properties\": {\r\n        \"provisioningState\": \"Succeeded\",\r\n        \"timestamp\": \"2015-12-06T09:40:32.9776338Z\",\r\n        \"duration\": \"PT9.4932248S\",\r\n        \"trackingId\": \"82e72a19-d5a4-4785-bddb-7641fe3709b5\",\r\n        \"statusCode\": \"Created\",\r\n        \"targetResource\": {\r\n          \"id\": \"/subscriptions/cca24ec8-99b5-4aa7-9ff6-486e886f304c/resourceGroups/sql-audit-cmdlet-test-rg1915/providers/Microsoft.Sql/servers/sql-audit-cmdlet-server1915\",\r\n          \"resourceType\": \"Microsoft.Sql/servers\",\r\n          \"resourceName\": \"sql-audit-cmdlet-server1915\"\r\n        }\r\n      }\r\n    },\r\n    {\r\n      \"id\": \"/subscriptions/cca24ec8-99b5-4aa7-9ff6-486e886f304c/resourceGroups/sql-audit-cmdlet-test-rg1915/deployments/sql-audit-test-env-setup-classic-storage/operations/0C922A678E5924E0\",\r\n      \"operationId\": \"0C922A678E5924E0\",\r\n      \"properties\": {\r\n        \"provisioningState\": \"Running\",\r\n        \"timestamp\": \"2015-12-06T09:40:32.7604877Z\",\r\n        \"duration\": \"PT9.3423002S\",\r\n        \"trackingId\": \"4d3d6c05-0f1d-433a-bbe5-40af0d0dcd0a\",\r\n        \"statusCode\": \"Accepted\",\r\n        \"targetResource\": {\r\n          \"id\": \"/subscriptions/cca24ec8-99b5-4aa7-9ff6-486e886f304c/resourceGroups/sql-audit-cmdlet-test-rg1915/providers/Microsoft.ClassicStorage/storageAccounts/auditcmdlets1915\",\r\n          \"resourceType\": \"Microsoft.ClassicStorage/storageAccounts\",\r\n          \"resourceName\": \"auditcmdlets1915\"\r\n        }\r\n      }\r\n    }\r\n  ]\r\n}",
      "ResponseHeaders": {
        "Content-Length": [
          "1378"
        ],
        "Content-Type": [
          "application/json; charset=utf-8"
        ],
        "Expires": [
          "-1"
        ],
        "Pragma": [
          "no-cache"
        ],
        "x-ms-ratelimit-remaining-subscription-reads": [
          "14620"
        ],
        "x-ms-request-id": [
          "9cb56806-2e6b-419c-9186-361f4736b2b9"
        ],
        "x-ms-correlation-request-id": [
          "9cb56806-2e6b-419c-9186-361f4736b2b9"
        ],
        "x-ms-routing-request-id": [
          "WESTEUROPE:20151206T094036Z:9cb56806-2e6b-419c-9186-361f4736b2b9"
        ],
        "Strict-Transport-Security": [
          "max-age=31536000; includeSubDomains"
        ],
        "Cache-Control": [
          "no-cache"
        ],
        "Date": [
          "Sun, 06 Dec 2015 09:40:35 GMT"
        ]
      },
      "StatusCode": 200
    },
    {
      "RequestUri": "/subscriptions/cca24ec8-99b5-4aa7-9ff6-486e886f304c/resourcegroups/sql-audit-cmdlet-test-rg1915/deployments/sql-audit-test-env-setup-classic-storage/operations?api-version=2014-04-01-preview",
      "EncodedRequestUri": "L3N1YnNjcmlwdGlvbnMvY2NhMjRlYzgtOTliNS00YWE3LTlmZjYtNDg2ZTg4NmYzMDRjL3Jlc291cmNlZ3JvdXBzL3NxbC1hdWRpdC1jbWRsZXQtdGVzdC1yZzE5MTUvZGVwbG95bWVudHMvc3FsLWF1ZGl0LXRlc3QtZW52LXNldHVwLWNsYXNzaWMtc3RvcmFnZS9vcGVyYXRpb25zP2FwaS12ZXJzaW9uPTIwMTQtMDQtMDEtcHJldmlldw==",
      "RequestMethod": "GET",
      "RequestBody": "",
      "RequestHeaders": {
        "User-Agent": [
          "Microsoft.Azure.Management.Resources.ResourceManagementClient/2.0.0.0"
        ]
      },
      "ResponseBody": "{\r\n  \"value\": [\r\n    {\r\n      \"id\": \"/subscriptions/cca24ec8-99b5-4aa7-9ff6-486e886f304c/resourceGroups/sql-audit-cmdlet-test-rg1915/deployments/sql-audit-test-env-setup-classic-storage/operations/3006560B08384DBD\",\r\n      \"operationId\": \"3006560B08384DBD\",\r\n      \"properties\": {\r\n        \"provisioningState\": \"Succeeded\",\r\n        \"timestamp\": \"2015-12-06T09:40:32.9776338Z\",\r\n        \"duration\": \"PT9.4932248S\",\r\n        \"trackingId\": \"82e72a19-d5a4-4785-bddb-7641fe3709b5\",\r\n        \"statusCode\": \"Created\",\r\n        \"targetResource\": {\r\n          \"id\": \"/subscriptions/cca24ec8-99b5-4aa7-9ff6-486e886f304c/resourceGroups/sql-audit-cmdlet-test-rg1915/providers/Microsoft.Sql/servers/sql-audit-cmdlet-server1915\",\r\n          \"resourceType\": \"Microsoft.Sql/servers\",\r\n          \"resourceName\": \"sql-audit-cmdlet-server1915\"\r\n        }\r\n      }\r\n    },\r\n    {\r\n      \"id\": \"/subscriptions/cca24ec8-99b5-4aa7-9ff6-486e886f304c/resourceGroups/sql-audit-cmdlet-test-rg1915/deployments/sql-audit-test-env-setup-classic-storage/operations/0C922A678E5924E0\",\r\n      \"operationId\": \"0C922A678E5924E0\",\r\n      \"properties\": {\r\n        \"provisioningState\": \"Running\",\r\n        \"timestamp\": \"2015-12-06T09:40:32.7604877Z\",\r\n        \"duration\": \"PT9.3423002S\",\r\n        \"trackingId\": \"4d3d6c05-0f1d-433a-bbe5-40af0d0dcd0a\",\r\n        \"statusCode\": \"Accepted\",\r\n        \"targetResource\": {\r\n          \"id\": \"/subscriptions/cca24ec8-99b5-4aa7-9ff6-486e886f304c/resourceGroups/sql-audit-cmdlet-test-rg1915/providers/Microsoft.ClassicStorage/storageAccounts/auditcmdlets1915\",\r\n          \"resourceType\": \"Microsoft.ClassicStorage/storageAccounts\",\r\n          \"resourceName\": \"auditcmdlets1915\"\r\n        }\r\n      }\r\n    }\r\n  ]\r\n}",
      "ResponseHeaders": {
        "Content-Length": [
          "1378"
        ],
        "Content-Type": [
          "application/json; charset=utf-8"
        ],
        "Expires": [
          "-1"
        ],
        "Pragma": [
          "no-cache"
        ],
        "x-ms-ratelimit-remaining-subscription-reads": [
          "14618"
        ],
        "x-ms-request-id": [
          "e3874c1a-20b4-4f7e-8bff-928064130dd2"
        ],
        "x-ms-correlation-request-id": [
          "e3874c1a-20b4-4f7e-8bff-928064130dd2"
        ],
        "x-ms-routing-request-id": [
          "WESTEUROPE:20151206T094039Z:e3874c1a-20b4-4f7e-8bff-928064130dd2"
        ],
        "Strict-Transport-Security": [
          "max-age=31536000; includeSubDomains"
        ],
        "Cache-Control": [
          "no-cache"
        ],
        "Date": [
          "Sun, 06 Dec 2015 09:40:38 GMT"
        ]
      },
      "StatusCode": 200
    },
    {
      "RequestUri": "/subscriptions/cca24ec8-99b5-4aa7-9ff6-486e886f304c/resourcegroups/sql-audit-cmdlet-test-rg1915/deployments/sql-audit-test-env-setup-classic-storage/operations?api-version=2014-04-01-preview",
      "EncodedRequestUri": "L3N1YnNjcmlwdGlvbnMvY2NhMjRlYzgtOTliNS00YWE3LTlmZjYtNDg2ZTg4NmYzMDRjL3Jlc291cmNlZ3JvdXBzL3NxbC1hdWRpdC1jbWRsZXQtdGVzdC1yZzE5MTUvZGVwbG95bWVudHMvc3FsLWF1ZGl0LXRlc3QtZW52LXNldHVwLWNsYXNzaWMtc3RvcmFnZS9vcGVyYXRpb25zP2FwaS12ZXJzaW9uPTIwMTQtMDQtMDEtcHJldmlldw==",
      "RequestMethod": "GET",
      "RequestBody": "",
      "RequestHeaders": {
        "User-Agent": [
          "Microsoft.Azure.Management.Resources.ResourceManagementClient/2.0.0.0"
        ]
      },
      "ResponseBody": "{\r\n  \"value\": [\r\n    {\r\n      \"id\": \"/subscriptions/cca24ec8-99b5-4aa7-9ff6-486e886f304c/resourceGroups/sql-audit-cmdlet-test-rg1915/deployments/sql-audit-test-env-setup-classic-storage/operations/64EF1F31733779F3\",\r\n      \"operationId\": \"64EF1F31733779F3\",\r\n      \"properties\": {\r\n        \"provisioningState\": \"Succeeded\",\r\n        \"timestamp\": \"2015-12-06T09:40:41.9093184Z\",\r\n        \"duration\": \"PT7.9737819S\",\r\n        \"trackingId\": \"6654c1ac-c833-49f7-a87d-e0fe618dab6e\",\r\n        \"statusCode\": \"Created\",\r\n        \"targetResource\": {\r\n          \"id\": \"/subscriptions/cca24ec8-99b5-4aa7-9ff6-486e886f304c/resourceGroups/sql-audit-cmdlet-test-rg1915/providers/Microsoft.Sql/servers/sql-audit-cmdlet-server1915/databases/sql-audit-cmdlet-db1915\",\r\n          \"resourceType\": \"Microsoft.Sql/servers/databases\",\r\n          \"resourceName\": \"sql-audit-cmdlet-server1915/sql-audit-cmdlet-db1915\"\r\n        }\r\n      }\r\n    },\r\n    {\r\n      \"id\": \"/subscriptions/cca24ec8-99b5-4aa7-9ff6-486e886f304c/resourceGroups/sql-audit-cmdlet-test-rg1915/deployments/sql-audit-test-env-setup-classic-storage/operations/3006560B08384DBD\",\r\n      \"operationId\": \"3006560B08384DBD\",\r\n      \"properties\": {\r\n        \"provisioningState\": \"Succeeded\",\r\n        \"timestamp\": \"2015-12-06T09:40:32.9776338Z\",\r\n        \"duration\": \"PT9.4932248S\",\r\n        \"trackingId\": \"82e72a19-d5a4-4785-bddb-7641fe3709b5\",\r\n        \"statusCode\": \"Created\",\r\n        \"targetResource\": {\r\n          \"id\": \"/subscriptions/cca24ec8-99b5-4aa7-9ff6-486e886f304c/resourceGroups/sql-audit-cmdlet-test-rg1915/providers/Microsoft.Sql/servers/sql-audit-cmdlet-server1915\",\r\n          \"resourceType\": \"Microsoft.Sql/servers\",\r\n          \"resourceName\": \"sql-audit-cmdlet-server1915\"\r\n        }\r\n      }\r\n    },\r\n    {\r\n      \"id\": \"/subscriptions/cca24ec8-99b5-4aa7-9ff6-486e886f304c/resourceGroups/sql-audit-cmdlet-test-rg1915/deployments/sql-audit-test-env-setup-classic-storage/operations/0C922A678E5924E0\",\r\n      \"operationId\": \"0C922A678E5924E0\",\r\n      \"properties\": {\r\n        \"provisioningState\": \"Running\",\r\n        \"timestamp\": \"2015-12-06T09:40:32.7604877Z\",\r\n        \"duration\": \"PT9.3423002S\",\r\n        \"trackingId\": \"4d3d6c05-0f1d-433a-bbe5-40af0d0dcd0a\",\r\n        \"statusCode\": \"Accepted\",\r\n        \"targetResource\": {\r\n          \"id\": \"/subscriptions/cca24ec8-99b5-4aa7-9ff6-486e886f304c/resourceGroups/sql-audit-cmdlet-test-rg1915/providers/Microsoft.ClassicStorage/storageAccounts/auditcmdlets1915\",\r\n          \"resourceType\": \"Microsoft.ClassicStorage/storageAccounts\",\r\n          \"resourceName\": \"auditcmdlets1915\"\r\n        }\r\n      }\r\n    }\r\n  ]\r\n}",
      "ResponseHeaders": {
        "Content-Length": [
          "2122"
        ],
        "Content-Type": [
          "application/json; charset=utf-8"
        ],
        "Expires": [
          "-1"
        ],
        "Pragma": [
          "no-cache"
        ],
        "x-ms-ratelimit-remaining-subscription-reads": [
          "14616"
        ],
        "x-ms-request-id": [
          "0b782de5-2668-4171-a3e8-107ee34b09c0"
        ],
        "x-ms-correlation-request-id": [
          "0b782de5-2668-4171-a3e8-107ee34b09c0"
        ],
        "x-ms-routing-request-id": [
          "WESTEUROPE:20151206T094042Z:0b782de5-2668-4171-a3e8-107ee34b09c0"
        ],
        "Strict-Transport-Security": [
          "max-age=31536000; includeSubDomains"
        ],
        "Cache-Control": [
          "no-cache"
        ],
        "Date": [
          "Sun, 06 Dec 2015 09:40:41 GMT"
        ]
      },
      "StatusCode": 200
    },
    {
      "RequestUri": "/subscriptions/cca24ec8-99b5-4aa7-9ff6-486e886f304c/resourcegroups/sql-audit-cmdlet-test-rg1915/deployments/sql-audit-test-env-setup-classic-storage/operations?api-version=2014-04-01-preview",
      "EncodedRequestUri": "L3N1YnNjcmlwdGlvbnMvY2NhMjRlYzgtOTliNS00YWE3LTlmZjYtNDg2ZTg4NmYzMDRjL3Jlc291cmNlZ3JvdXBzL3NxbC1hdWRpdC1jbWRsZXQtdGVzdC1yZzE5MTUvZGVwbG95bWVudHMvc3FsLWF1ZGl0LXRlc3QtZW52LXNldHVwLWNsYXNzaWMtc3RvcmFnZS9vcGVyYXRpb25zP2FwaS12ZXJzaW9uPTIwMTQtMDQtMDEtcHJldmlldw==",
      "RequestMethod": "GET",
      "RequestBody": "",
      "RequestHeaders": {
        "User-Agent": [
          "Microsoft.Azure.Management.Resources.ResourceManagementClient/2.0.0.0"
        ]
      },
      "ResponseBody": "{\r\n  \"value\": [\r\n    {\r\n      \"id\": \"/subscriptions/cca24ec8-99b5-4aa7-9ff6-486e886f304c/resourceGroups/sql-audit-cmdlet-test-rg1915/deployments/sql-audit-test-env-setup-classic-storage/operations/64EF1F31733779F3\",\r\n      \"operationId\": \"64EF1F31733779F3\",\r\n      \"properties\": {\r\n        \"provisioningState\": \"Succeeded\",\r\n        \"timestamp\": \"2015-12-06T09:40:41.9093184Z\",\r\n        \"duration\": \"PT7.9737819S\",\r\n        \"trackingId\": \"6654c1ac-c833-49f7-a87d-e0fe618dab6e\",\r\n        \"statusCode\": \"Created\",\r\n        \"targetResource\": {\r\n          \"id\": \"/subscriptions/cca24ec8-99b5-4aa7-9ff6-486e886f304c/resourceGroups/sql-audit-cmdlet-test-rg1915/providers/Microsoft.Sql/servers/sql-audit-cmdlet-server1915/databases/sql-audit-cmdlet-db1915\",\r\n          \"resourceType\": \"Microsoft.Sql/servers/databases\",\r\n          \"resourceName\": \"sql-audit-cmdlet-server1915/sql-audit-cmdlet-db1915\"\r\n        }\r\n      }\r\n    },\r\n    {\r\n      \"id\": \"/subscriptions/cca24ec8-99b5-4aa7-9ff6-486e886f304c/resourceGroups/sql-audit-cmdlet-test-rg1915/deployments/sql-audit-test-env-setup-classic-storage/operations/3006560B08384DBD\",\r\n      \"operationId\": \"3006560B08384DBD\",\r\n      \"properties\": {\r\n        \"provisioningState\": \"Succeeded\",\r\n        \"timestamp\": \"2015-12-06T09:40:32.9776338Z\",\r\n        \"duration\": \"PT9.4932248S\",\r\n        \"trackingId\": \"82e72a19-d5a4-4785-bddb-7641fe3709b5\",\r\n        \"statusCode\": \"Created\",\r\n        \"targetResource\": {\r\n          \"id\": \"/subscriptions/cca24ec8-99b5-4aa7-9ff6-486e886f304c/resourceGroups/sql-audit-cmdlet-test-rg1915/providers/Microsoft.Sql/servers/sql-audit-cmdlet-server1915\",\r\n          \"resourceType\": \"Microsoft.Sql/servers\",\r\n          \"resourceName\": \"sql-audit-cmdlet-server1915\"\r\n        }\r\n      }\r\n    },\r\n    {\r\n      \"id\": \"/subscriptions/cca24ec8-99b5-4aa7-9ff6-486e886f304c/resourceGroups/sql-audit-cmdlet-test-rg1915/deployments/sql-audit-test-env-setup-classic-storage/operations/0C922A678E5924E0\",\r\n      \"operationId\": \"0C922A678E5924E0\",\r\n      \"properties\": {\r\n        \"provisioningState\": \"Running\",\r\n        \"timestamp\": \"2015-12-06T09:40:32.7604877Z\",\r\n        \"duration\": \"PT9.3423002S\",\r\n        \"trackingId\": \"4d3d6c05-0f1d-433a-bbe5-40af0d0dcd0a\",\r\n        \"statusCode\": \"Accepted\",\r\n        \"targetResource\": {\r\n          \"id\": \"/subscriptions/cca24ec8-99b5-4aa7-9ff6-486e886f304c/resourceGroups/sql-audit-cmdlet-test-rg1915/providers/Microsoft.ClassicStorage/storageAccounts/auditcmdlets1915\",\r\n          \"resourceType\": \"Microsoft.ClassicStorage/storageAccounts\",\r\n          \"resourceName\": \"auditcmdlets1915\"\r\n        }\r\n      }\r\n    }\r\n  ]\r\n}",
      "ResponseHeaders": {
        "Content-Length": [
          "2122"
        ],
        "Content-Type": [
          "application/json; charset=utf-8"
        ],
        "Expires": [
          "-1"
        ],
        "Pragma": [
          "no-cache"
        ],
        "x-ms-ratelimit-remaining-subscription-reads": [
          "14614"
        ],
        "x-ms-request-id": [
          "c92c0e16-7792-4e97-bee6-7c77ee73934d"
        ],
        "x-ms-correlation-request-id": [
          "c92c0e16-7792-4e97-bee6-7c77ee73934d"
        ],
        "x-ms-routing-request-id": [
          "WESTEUROPE:20151206T094045Z:c92c0e16-7792-4e97-bee6-7c77ee73934d"
        ],
        "Strict-Transport-Security": [
          "max-age=31536000; includeSubDomains"
        ],
        "Cache-Control": [
          "no-cache"
        ],
        "Date": [
          "Sun, 06 Dec 2015 09:40:44 GMT"
        ]
      },
      "StatusCode": 200
    },
    {
      "RequestUri": "/subscriptions/cca24ec8-99b5-4aa7-9ff6-486e886f304c/resourcegroups/sql-audit-cmdlet-test-rg1915/deployments/sql-audit-test-env-setup-classic-storage/operations?api-version=2014-04-01-preview",
      "EncodedRequestUri": "L3N1YnNjcmlwdGlvbnMvY2NhMjRlYzgtOTliNS00YWE3LTlmZjYtNDg2ZTg4NmYzMDRjL3Jlc291cmNlZ3JvdXBzL3NxbC1hdWRpdC1jbWRsZXQtdGVzdC1yZzE5MTUvZGVwbG95bWVudHMvc3FsLWF1ZGl0LXRlc3QtZW52LXNldHVwLWNsYXNzaWMtc3RvcmFnZS9vcGVyYXRpb25zP2FwaS12ZXJzaW9uPTIwMTQtMDQtMDEtcHJldmlldw==",
      "RequestMethod": "GET",
      "RequestBody": "",
      "RequestHeaders": {
        "User-Agent": [
          "Microsoft.Azure.Management.Resources.ResourceManagementClient/2.0.0.0"
        ]
      },
      "ResponseBody": "{\r\n  \"value\": [\r\n    {\r\n      \"id\": \"/subscriptions/cca24ec8-99b5-4aa7-9ff6-486e886f304c/resourceGroups/sql-audit-cmdlet-test-rg1915/deployments/sql-audit-test-env-setup-classic-storage/operations/64EF1F31733779F3\",\r\n      \"operationId\": \"64EF1F31733779F3\",\r\n      \"properties\": {\r\n        \"provisioningState\": \"Succeeded\",\r\n        \"timestamp\": \"2015-12-06T09:40:41.9093184Z\",\r\n        \"duration\": \"PT7.9737819S\",\r\n        \"trackingId\": \"6654c1ac-c833-49f7-a87d-e0fe618dab6e\",\r\n        \"statusCode\": \"Created\",\r\n        \"targetResource\": {\r\n          \"id\": \"/subscriptions/cca24ec8-99b5-4aa7-9ff6-486e886f304c/resourceGroups/sql-audit-cmdlet-test-rg1915/providers/Microsoft.Sql/servers/sql-audit-cmdlet-server1915/databases/sql-audit-cmdlet-db1915\",\r\n          \"resourceType\": \"Microsoft.Sql/servers/databases\",\r\n          \"resourceName\": \"sql-audit-cmdlet-server1915/sql-audit-cmdlet-db1915\"\r\n        }\r\n      }\r\n    },\r\n    {\r\n      \"id\": \"/subscriptions/cca24ec8-99b5-4aa7-9ff6-486e886f304c/resourceGroups/sql-audit-cmdlet-test-rg1915/deployments/sql-audit-test-env-setup-classic-storage/operations/3006560B08384DBD\",\r\n      \"operationId\": \"3006560B08384DBD\",\r\n      \"properties\": {\r\n        \"provisioningState\": \"Succeeded\",\r\n        \"timestamp\": \"2015-12-06T09:40:32.9776338Z\",\r\n        \"duration\": \"PT9.4932248S\",\r\n        \"trackingId\": \"82e72a19-d5a4-4785-bddb-7641fe3709b5\",\r\n        \"statusCode\": \"Created\",\r\n        \"targetResource\": {\r\n          \"id\": \"/subscriptions/cca24ec8-99b5-4aa7-9ff6-486e886f304c/resourceGroups/sql-audit-cmdlet-test-rg1915/providers/Microsoft.Sql/servers/sql-audit-cmdlet-server1915\",\r\n          \"resourceType\": \"Microsoft.Sql/servers\",\r\n          \"resourceName\": \"sql-audit-cmdlet-server1915\"\r\n        }\r\n      }\r\n    },\r\n    {\r\n      \"id\": \"/subscriptions/cca24ec8-99b5-4aa7-9ff6-486e886f304c/resourceGroups/sql-audit-cmdlet-test-rg1915/deployments/sql-audit-test-env-setup-classic-storage/operations/0C922A678E5924E0\",\r\n      \"operationId\": \"0C922A678E5924E0\",\r\n      \"properties\": {\r\n        \"provisioningState\": \"Running\",\r\n        \"timestamp\": \"2015-12-06T09:40:32.7604877Z\",\r\n        \"duration\": \"PT9.3423002S\",\r\n        \"trackingId\": \"4d3d6c05-0f1d-433a-bbe5-40af0d0dcd0a\",\r\n        \"statusCode\": \"Accepted\",\r\n        \"targetResource\": {\r\n          \"id\": \"/subscriptions/cca24ec8-99b5-4aa7-9ff6-486e886f304c/resourceGroups/sql-audit-cmdlet-test-rg1915/providers/Microsoft.ClassicStorage/storageAccounts/auditcmdlets1915\",\r\n          \"resourceType\": \"Microsoft.ClassicStorage/storageAccounts\",\r\n          \"resourceName\": \"auditcmdlets1915\"\r\n        }\r\n      }\r\n    }\r\n  ]\r\n}",
      "ResponseHeaders": {
        "Content-Length": [
          "2122"
        ],
        "Content-Type": [
          "application/json; charset=utf-8"
        ],
        "Expires": [
          "-1"
        ],
        "Pragma": [
          "no-cache"
        ],
        "x-ms-ratelimit-remaining-subscription-reads": [
          "14612"
        ],
        "x-ms-request-id": [
          "65fd3fd3-d387-4ec9-a5aa-f4ea28d5f1a3"
        ],
        "x-ms-correlation-request-id": [
          "65fd3fd3-d387-4ec9-a5aa-f4ea28d5f1a3"
        ],
        "x-ms-routing-request-id": [
          "WESTEUROPE:20151206T094048Z:65fd3fd3-d387-4ec9-a5aa-f4ea28d5f1a3"
        ],
        "Strict-Transport-Security": [
          "max-age=31536000; includeSubDomains"
        ],
        "Cache-Control": [
          "no-cache"
        ],
        "Date": [
          "Sun, 06 Dec 2015 09:40:47 GMT"
        ]
      },
      "StatusCode": 200
    },
    {
      "RequestUri": "/subscriptions/cca24ec8-99b5-4aa7-9ff6-486e886f304c/resourcegroups/sql-audit-cmdlet-test-rg1915/deployments/sql-audit-test-env-setup-classic-storage/operations?api-version=2014-04-01-preview",
      "EncodedRequestUri": "L3N1YnNjcmlwdGlvbnMvY2NhMjRlYzgtOTliNS00YWE3LTlmZjYtNDg2ZTg4NmYzMDRjL3Jlc291cmNlZ3JvdXBzL3NxbC1hdWRpdC1jbWRsZXQtdGVzdC1yZzE5MTUvZGVwbG95bWVudHMvc3FsLWF1ZGl0LXRlc3QtZW52LXNldHVwLWNsYXNzaWMtc3RvcmFnZS9vcGVyYXRpb25zP2FwaS12ZXJzaW9uPTIwMTQtMDQtMDEtcHJldmlldw==",
      "RequestMethod": "GET",
      "RequestBody": "",
      "RequestHeaders": {
        "User-Agent": [
          "Microsoft.Azure.Management.Resources.ResourceManagementClient/2.0.0.0"
        ]
      },
      "ResponseBody": "{\r\n  \"value\": [\r\n    {\r\n      \"id\": \"/subscriptions/cca24ec8-99b5-4aa7-9ff6-486e886f304c/resourceGroups/sql-audit-cmdlet-test-rg1915/deployments/sql-audit-test-env-setup-classic-storage/operations/64EF1F31733779F3\",\r\n      \"operationId\": \"64EF1F31733779F3\",\r\n      \"properties\": {\r\n        \"provisioningState\": \"Succeeded\",\r\n        \"timestamp\": \"2015-12-06T09:40:41.9093184Z\",\r\n        \"duration\": \"PT7.9737819S\",\r\n        \"trackingId\": \"6654c1ac-c833-49f7-a87d-e0fe618dab6e\",\r\n        \"statusCode\": \"Created\",\r\n        \"targetResource\": {\r\n          \"id\": \"/subscriptions/cca24ec8-99b5-4aa7-9ff6-486e886f304c/resourceGroups/sql-audit-cmdlet-test-rg1915/providers/Microsoft.Sql/servers/sql-audit-cmdlet-server1915/databases/sql-audit-cmdlet-db1915\",\r\n          \"resourceType\": \"Microsoft.Sql/servers/databases\",\r\n          \"resourceName\": \"sql-audit-cmdlet-server1915/sql-audit-cmdlet-db1915\"\r\n        }\r\n      }\r\n    },\r\n    {\r\n      \"id\": \"/subscriptions/cca24ec8-99b5-4aa7-9ff6-486e886f304c/resourceGroups/sql-audit-cmdlet-test-rg1915/deployments/sql-audit-test-env-setup-classic-storage/operations/3006560B08384DBD\",\r\n      \"operationId\": \"3006560B08384DBD\",\r\n      \"properties\": {\r\n        \"provisioningState\": \"Succeeded\",\r\n        \"timestamp\": \"2015-12-06T09:40:32.9776338Z\",\r\n        \"duration\": \"PT9.4932248S\",\r\n        \"trackingId\": \"82e72a19-d5a4-4785-bddb-7641fe3709b5\",\r\n        \"statusCode\": \"Created\",\r\n        \"targetResource\": {\r\n          \"id\": \"/subscriptions/cca24ec8-99b5-4aa7-9ff6-486e886f304c/resourceGroups/sql-audit-cmdlet-test-rg1915/providers/Microsoft.Sql/servers/sql-audit-cmdlet-server1915\",\r\n          \"resourceType\": \"Microsoft.Sql/servers\",\r\n          \"resourceName\": \"sql-audit-cmdlet-server1915\"\r\n        }\r\n      }\r\n    },\r\n    {\r\n      \"id\": \"/subscriptions/cca24ec8-99b5-4aa7-9ff6-486e886f304c/resourceGroups/sql-audit-cmdlet-test-rg1915/deployments/sql-audit-test-env-setup-classic-storage/operations/0C922A678E5924E0\",\r\n      \"operationId\": \"0C922A678E5924E0\",\r\n      \"properties\": {\r\n        \"provisioningState\": \"Running\",\r\n        \"timestamp\": \"2015-12-06T09:40:51.4992459Z\",\r\n        \"duration\": \"PT28.0810584S\",\r\n        \"trackingId\": \"e96a42a1-15e2-4c09-912e-01c5bcc890d5\",\r\n        \"statusCode\": \"Accepted\",\r\n        \"targetResource\": {\r\n          \"id\": \"/subscriptions/cca24ec8-99b5-4aa7-9ff6-486e886f304c/resourceGroups/sql-audit-cmdlet-test-rg1915/providers/Microsoft.ClassicStorage/storageAccounts/auditcmdlets1915\",\r\n          \"resourceType\": \"Microsoft.ClassicStorage/storageAccounts\",\r\n          \"resourceName\": \"auditcmdlets1915\"\r\n        }\r\n      }\r\n    }\r\n  ]\r\n}",
      "ResponseHeaders": {
        "Content-Length": [
          "2123"
        ],
        "Content-Type": [
          "application/json; charset=utf-8"
        ],
        "Expires": [
          "-1"
        ],
        "Pragma": [
          "no-cache"
        ],
        "x-ms-ratelimit-remaining-subscription-reads": [
          "14610"
        ],
        "x-ms-request-id": [
          "a3e9b16c-7f98-47ac-9921-3ca7df09e11c"
        ],
        "x-ms-correlation-request-id": [
          "a3e9b16c-7f98-47ac-9921-3ca7df09e11c"
        ],
        "x-ms-routing-request-id": [
          "WESTEUROPE:20151206T094052Z:a3e9b16c-7f98-47ac-9921-3ca7df09e11c"
        ],
        "Strict-Transport-Security": [
          "max-age=31536000; includeSubDomains"
        ],
        "Cache-Control": [
          "no-cache"
        ],
        "Date": [
          "Sun, 06 Dec 2015 09:40:51 GMT"
        ]
      },
      "StatusCode": 200
    },
    {
      "RequestUri": "/subscriptions/cca24ec8-99b5-4aa7-9ff6-486e886f304c/resourcegroups/sql-audit-cmdlet-test-rg1915/deployments/sql-audit-test-env-setup-classic-storage/operations?api-version=2014-04-01-preview",
      "EncodedRequestUri": "L3N1YnNjcmlwdGlvbnMvY2NhMjRlYzgtOTliNS00YWE3LTlmZjYtNDg2ZTg4NmYzMDRjL3Jlc291cmNlZ3JvdXBzL3NxbC1hdWRpdC1jbWRsZXQtdGVzdC1yZzE5MTUvZGVwbG95bWVudHMvc3FsLWF1ZGl0LXRlc3QtZW52LXNldHVwLWNsYXNzaWMtc3RvcmFnZS9vcGVyYXRpb25zP2FwaS12ZXJzaW9uPTIwMTQtMDQtMDEtcHJldmlldw==",
      "RequestMethod": "GET",
      "RequestBody": "",
      "RequestHeaders": {
        "User-Agent": [
          "Microsoft.Azure.Management.Resources.ResourceManagementClient/2.0.0.0"
        ]
      },
      "ResponseBody": "{\r\n  \"value\": [\r\n    {\r\n      \"id\": \"/subscriptions/cca24ec8-99b5-4aa7-9ff6-486e886f304c/resourceGroups/sql-audit-cmdlet-test-rg1915/deployments/sql-audit-test-env-setup-classic-storage/operations/64EF1F31733779F3\",\r\n      \"operationId\": \"64EF1F31733779F3\",\r\n      \"properties\": {\r\n        \"provisioningState\": \"Succeeded\",\r\n        \"timestamp\": \"2015-12-06T09:40:41.9093184Z\",\r\n        \"duration\": \"PT7.9737819S\",\r\n        \"trackingId\": \"6654c1ac-c833-49f7-a87d-e0fe618dab6e\",\r\n        \"statusCode\": \"Created\",\r\n        \"targetResource\": {\r\n          \"id\": \"/subscriptions/cca24ec8-99b5-4aa7-9ff6-486e886f304c/resourceGroups/sql-audit-cmdlet-test-rg1915/providers/Microsoft.Sql/servers/sql-audit-cmdlet-server1915/databases/sql-audit-cmdlet-db1915\",\r\n          \"resourceType\": \"Microsoft.Sql/servers/databases\",\r\n          \"resourceName\": \"sql-audit-cmdlet-server1915/sql-audit-cmdlet-db1915\"\r\n        }\r\n      }\r\n    },\r\n    {\r\n      \"id\": \"/subscriptions/cca24ec8-99b5-4aa7-9ff6-486e886f304c/resourceGroups/sql-audit-cmdlet-test-rg1915/deployments/sql-audit-test-env-setup-classic-storage/operations/3006560B08384DBD\",\r\n      \"operationId\": \"3006560B08384DBD\",\r\n      \"properties\": {\r\n        \"provisioningState\": \"Succeeded\",\r\n        \"timestamp\": \"2015-12-06T09:40:32.9776338Z\",\r\n        \"duration\": \"PT9.4932248S\",\r\n        \"trackingId\": \"82e72a19-d5a4-4785-bddb-7641fe3709b5\",\r\n        \"statusCode\": \"Created\",\r\n        \"targetResource\": {\r\n          \"id\": \"/subscriptions/cca24ec8-99b5-4aa7-9ff6-486e886f304c/resourceGroups/sql-audit-cmdlet-test-rg1915/providers/Microsoft.Sql/servers/sql-audit-cmdlet-server1915\",\r\n          \"resourceType\": \"Microsoft.Sql/servers\",\r\n          \"resourceName\": \"sql-audit-cmdlet-server1915\"\r\n        }\r\n      }\r\n    },\r\n    {\r\n      \"id\": \"/subscriptions/cca24ec8-99b5-4aa7-9ff6-486e886f304c/resourceGroups/sql-audit-cmdlet-test-rg1915/deployments/sql-audit-test-env-setup-classic-storage/operations/0C922A678E5924E0\",\r\n      \"operationId\": \"0C922A678E5924E0\",\r\n      \"properties\": {\r\n        \"provisioningState\": \"Running\",\r\n        \"timestamp\": \"2015-12-06T09:40:51.4992459Z\",\r\n        \"duration\": \"PT28.0810584S\",\r\n        \"trackingId\": \"e96a42a1-15e2-4c09-912e-01c5bcc890d5\",\r\n        \"statusCode\": \"Accepted\",\r\n        \"targetResource\": {\r\n          \"id\": \"/subscriptions/cca24ec8-99b5-4aa7-9ff6-486e886f304c/resourceGroups/sql-audit-cmdlet-test-rg1915/providers/Microsoft.ClassicStorage/storageAccounts/auditcmdlets1915\",\r\n          \"resourceType\": \"Microsoft.ClassicStorage/storageAccounts\",\r\n          \"resourceName\": \"auditcmdlets1915\"\r\n        }\r\n      }\r\n    }\r\n  ]\r\n}",
      "ResponseHeaders": {
        "Content-Length": [
          "2123"
        ],
        "Content-Type": [
          "application/json; charset=utf-8"
        ],
        "Expires": [
          "-1"
        ],
        "Pragma": [
          "no-cache"
        ],
        "x-ms-ratelimit-remaining-subscription-reads": [
          "14608"
        ],
        "x-ms-request-id": [
          "c357ab17-2513-4e79-820b-16678056e9f9"
        ],
        "x-ms-correlation-request-id": [
          "c357ab17-2513-4e79-820b-16678056e9f9"
        ],
        "x-ms-routing-request-id": [
          "WESTEUROPE:20151206T094055Z:c357ab17-2513-4e79-820b-16678056e9f9"
        ],
        "Strict-Transport-Security": [
          "max-age=31536000; includeSubDomains"
        ],
        "Cache-Control": [
          "no-cache"
        ],
        "Date": [
          "Sun, 06 Dec 2015 09:40:54 GMT"
        ]
      },
      "StatusCode": 200
    },
    {
      "RequestUri": "/subscriptions/cca24ec8-99b5-4aa7-9ff6-486e886f304c/resourcegroups/sql-audit-cmdlet-test-rg1915/deployments/sql-audit-test-env-setup-classic-storage/operations?api-version=2014-04-01-preview",
      "EncodedRequestUri": "L3N1YnNjcmlwdGlvbnMvY2NhMjRlYzgtOTliNS00YWE3LTlmZjYtNDg2ZTg4NmYzMDRjL3Jlc291cmNlZ3JvdXBzL3NxbC1hdWRpdC1jbWRsZXQtdGVzdC1yZzE5MTUvZGVwbG95bWVudHMvc3FsLWF1ZGl0LXRlc3QtZW52LXNldHVwLWNsYXNzaWMtc3RvcmFnZS9vcGVyYXRpb25zP2FwaS12ZXJzaW9uPTIwMTQtMDQtMDEtcHJldmlldw==",
      "RequestMethod": "GET",
      "RequestBody": "",
      "RequestHeaders": {
        "User-Agent": [
          "Microsoft.Azure.Management.Resources.ResourceManagementClient/2.0.0.0"
        ]
      },
      "ResponseBody": "{\r\n  \"value\": [\r\n    {\r\n      \"id\": \"/subscriptions/cca24ec8-99b5-4aa7-9ff6-486e886f304c/resourceGroups/sql-audit-cmdlet-test-rg1915/deployments/sql-audit-test-env-setup-classic-storage/operations/64EF1F31733779F3\",\r\n      \"operationId\": \"64EF1F31733779F3\",\r\n      \"properties\": {\r\n        \"provisioningState\": \"Succeeded\",\r\n        \"timestamp\": \"2015-12-06T09:40:41.9093184Z\",\r\n        \"duration\": \"PT7.9737819S\",\r\n        \"trackingId\": \"6654c1ac-c833-49f7-a87d-e0fe618dab6e\",\r\n        \"statusCode\": \"Created\",\r\n        \"targetResource\": {\r\n          \"id\": \"/subscriptions/cca24ec8-99b5-4aa7-9ff6-486e886f304c/resourceGroups/sql-audit-cmdlet-test-rg1915/providers/Microsoft.Sql/servers/sql-audit-cmdlet-server1915/databases/sql-audit-cmdlet-db1915\",\r\n          \"resourceType\": \"Microsoft.Sql/servers/databases\",\r\n          \"resourceName\": \"sql-audit-cmdlet-server1915/sql-audit-cmdlet-db1915\"\r\n        }\r\n      }\r\n    },\r\n    {\r\n      \"id\": \"/subscriptions/cca24ec8-99b5-4aa7-9ff6-486e886f304c/resourceGroups/sql-audit-cmdlet-test-rg1915/deployments/sql-audit-test-env-setup-classic-storage/operations/3006560B08384DBD\",\r\n      \"operationId\": \"3006560B08384DBD\",\r\n      \"properties\": {\r\n        \"provisioningState\": \"Succeeded\",\r\n        \"timestamp\": \"2015-12-06T09:40:32.9776338Z\",\r\n        \"duration\": \"PT9.4932248S\",\r\n        \"trackingId\": \"82e72a19-d5a4-4785-bddb-7641fe3709b5\",\r\n        \"statusCode\": \"Created\",\r\n        \"targetResource\": {\r\n          \"id\": \"/subscriptions/cca24ec8-99b5-4aa7-9ff6-486e886f304c/resourceGroups/sql-audit-cmdlet-test-rg1915/providers/Microsoft.Sql/servers/sql-audit-cmdlet-server1915\",\r\n          \"resourceType\": \"Microsoft.Sql/servers\",\r\n          \"resourceName\": \"sql-audit-cmdlet-server1915\"\r\n        }\r\n      }\r\n    },\r\n    {\r\n      \"id\": \"/subscriptions/cca24ec8-99b5-4aa7-9ff6-486e886f304c/resourceGroups/sql-audit-cmdlet-test-rg1915/deployments/sql-audit-test-env-setup-classic-storage/operations/0C922A678E5924E0\",\r\n      \"operationId\": \"0C922A678E5924E0\",\r\n      \"properties\": {\r\n        \"provisioningState\": \"Running\",\r\n        \"timestamp\": \"2015-12-06T09:40:51.4992459Z\",\r\n        \"duration\": \"PT28.0810584S\",\r\n        \"trackingId\": \"e96a42a1-15e2-4c09-912e-01c5bcc890d5\",\r\n        \"statusCode\": \"Accepted\",\r\n        \"targetResource\": {\r\n          \"id\": \"/subscriptions/cca24ec8-99b5-4aa7-9ff6-486e886f304c/resourceGroups/sql-audit-cmdlet-test-rg1915/providers/Microsoft.ClassicStorage/storageAccounts/auditcmdlets1915\",\r\n          \"resourceType\": \"Microsoft.ClassicStorage/storageAccounts\",\r\n          \"resourceName\": \"auditcmdlets1915\"\r\n        }\r\n      }\r\n    }\r\n  ]\r\n}",
      "ResponseHeaders": {
        "Content-Length": [
          "2123"
        ],
        "Content-Type": [
          "application/json; charset=utf-8"
        ],
        "Expires": [
          "-1"
        ],
        "Pragma": [
          "no-cache"
        ],
        "x-ms-ratelimit-remaining-subscription-reads": [
          "14606"
        ],
        "x-ms-request-id": [
          "01c3c72a-5f0e-4482-998e-2bd2e8795286"
        ],
        "x-ms-correlation-request-id": [
          "01c3c72a-5f0e-4482-998e-2bd2e8795286"
        ],
        "x-ms-routing-request-id": [
          "WESTEUROPE:20151206T094058Z:01c3c72a-5f0e-4482-998e-2bd2e8795286"
        ],
        "Strict-Transport-Security": [
          "max-age=31536000; includeSubDomains"
        ],
        "Cache-Control": [
          "no-cache"
        ],
        "Date": [
          "Sun, 06 Dec 2015 09:40:57 GMT"
        ]
      },
      "StatusCode": 200
    },
    {
      "RequestUri": "/subscriptions/cca24ec8-99b5-4aa7-9ff6-486e886f304c/resourcegroups/sql-audit-cmdlet-test-rg1915/deployments/sql-audit-test-env-setup-classic-storage/operations?api-version=2014-04-01-preview",
      "EncodedRequestUri": "L3N1YnNjcmlwdGlvbnMvY2NhMjRlYzgtOTliNS00YWE3LTlmZjYtNDg2ZTg4NmYzMDRjL3Jlc291cmNlZ3JvdXBzL3NxbC1hdWRpdC1jbWRsZXQtdGVzdC1yZzE5MTUvZGVwbG95bWVudHMvc3FsLWF1ZGl0LXRlc3QtZW52LXNldHVwLWNsYXNzaWMtc3RvcmFnZS9vcGVyYXRpb25zP2FwaS12ZXJzaW9uPTIwMTQtMDQtMDEtcHJldmlldw==",
      "RequestMethod": "GET",
      "RequestBody": "",
      "RequestHeaders": {
        "User-Agent": [
          "Microsoft.Azure.Management.Resources.ResourceManagementClient/2.0.0.0"
        ]
      },
      "ResponseBody": "{\r\n  \"value\": [\r\n    {\r\n      \"id\": \"/subscriptions/cca24ec8-99b5-4aa7-9ff6-486e886f304c/resourceGroups/sql-audit-cmdlet-test-rg1915/deployments/sql-audit-test-env-setup-classic-storage/operations/64EF1F31733779F3\",\r\n      \"operationId\": \"64EF1F31733779F3\",\r\n      \"properties\": {\r\n        \"provisioningState\": \"Succeeded\",\r\n        \"timestamp\": \"2015-12-06T09:40:41.9093184Z\",\r\n        \"duration\": \"PT7.9737819S\",\r\n        \"trackingId\": \"6654c1ac-c833-49f7-a87d-e0fe618dab6e\",\r\n        \"statusCode\": \"Created\",\r\n        \"targetResource\": {\r\n          \"id\": \"/subscriptions/cca24ec8-99b5-4aa7-9ff6-486e886f304c/resourceGroups/sql-audit-cmdlet-test-rg1915/providers/Microsoft.Sql/servers/sql-audit-cmdlet-server1915/databases/sql-audit-cmdlet-db1915\",\r\n          \"resourceType\": \"Microsoft.Sql/servers/databases\",\r\n          \"resourceName\": \"sql-audit-cmdlet-server1915/sql-audit-cmdlet-db1915\"\r\n        }\r\n      }\r\n    },\r\n    {\r\n      \"id\": \"/subscriptions/cca24ec8-99b5-4aa7-9ff6-486e886f304c/resourceGroups/sql-audit-cmdlet-test-rg1915/deployments/sql-audit-test-env-setup-classic-storage/operations/3006560B08384DBD\",\r\n      \"operationId\": \"3006560B08384DBD\",\r\n      \"properties\": {\r\n        \"provisioningState\": \"Succeeded\",\r\n        \"timestamp\": \"2015-12-06T09:40:32.9776338Z\",\r\n        \"duration\": \"PT9.4932248S\",\r\n        \"trackingId\": \"82e72a19-d5a4-4785-bddb-7641fe3709b5\",\r\n        \"statusCode\": \"Created\",\r\n        \"targetResource\": {\r\n          \"id\": \"/subscriptions/cca24ec8-99b5-4aa7-9ff6-486e886f304c/resourceGroups/sql-audit-cmdlet-test-rg1915/providers/Microsoft.Sql/servers/sql-audit-cmdlet-server1915\",\r\n          \"resourceType\": \"Microsoft.Sql/servers\",\r\n          \"resourceName\": \"sql-audit-cmdlet-server1915\"\r\n        }\r\n      }\r\n    },\r\n    {\r\n      \"id\": \"/subscriptions/cca24ec8-99b5-4aa7-9ff6-486e886f304c/resourceGroups/sql-audit-cmdlet-test-rg1915/deployments/sql-audit-test-env-setup-classic-storage/operations/0C922A678E5924E0\",\r\n      \"operationId\": \"0C922A678E5924E0\",\r\n      \"properties\": {\r\n        \"provisioningState\": \"Running\",\r\n        \"timestamp\": \"2015-12-06T09:40:51.4992459Z\",\r\n        \"duration\": \"PT28.0810584S\",\r\n        \"trackingId\": \"e96a42a1-15e2-4c09-912e-01c5bcc890d5\",\r\n        \"statusCode\": \"Accepted\",\r\n        \"targetResource\": {\r\n          \"id\": \"/subscriptions/cca24ec8-99b5-4aa7-9ff6-486e886f304c/resourceGroups/sql-audit-cmdlet-test-rg1915/providers/Microsoft.ClassicStorage/storageAccounts/auditcmdlets1915\",\r\n          \"resourceType\": \"Microsoft.ClassicStorage/storageAccounts\",\r\n          \"resourceName\": \"auditcmdlets1915\"\r\n        }\r\n      }\r\n    }\r\n  ]\r\n}",
      "ResponseHeaders": {
        "Content-Length": [
          "2123"
        ],
        "Content-Type": [
          "application/json; charset=utf-8"
        ],
        "Expires": [
          "-1"
        ],
        "Pragma": [
          "no-cache"
        ],
        "x-ms-ratelimit-remaining-subscription-reads": [
          "14604"
        ],
        "x-ms-request-id": [
          "5d4ef92f-771c-4b43-b6fc-3420efa42635"
        ],
        "x-ms-correlation-request-id": [
          "5d4ef92f-771c-4b43-b6fc-3420efa42635"
        ],
        "x-ms-routing-request-id": [
          "WESTEUROPE:20151206T094101Z:5d4ef92f-771c-4b43-b6fc-3420efa42635"
        ],
        "Strict-Transport-Security": [
          "max-age=31536000; includeSubDomains"
        ],
        "Cache-Control": [
          "no-cache"
        ],
        "Date": [
          "Sun, 06 Dec 2015 09:41:00 GMT"
        ]
      },
      "StatusCode": 200
    },
    {
      "RequestUri": "/subscriptions/cca24ec8-99b5-4aa7-9ff6-486e886f304c/resourcegroups/sql-audit-cmdlet-test-rg1915/deployments/sql-audit-test-env-setup-classic-storage/operations?api-version=2014-04-01-preview",
      "EncodedRequestUri": "L3N1YnNjcmlwdGlvbnMvY2NhMjRlYzgtOTliNS00YWE3LTlmZjYtNDg2ZTg4NmYzMDRjL3Jlc291cmNlZ3JvdXBzL3NxbC1hdWRpdC1jbWRsZXQtdGVzdC1yZzE5MTUvZGVwbG95bWVudHMvc3FsLWF1ZGl0LXRlc3QtZW52LXNldHVwLWNsYXNzaWMtc3RvcmFnZS9vcGVyYXRpb25zP2FwaS12ZXJzaW9uPTIwMTQtMDQtMDEtcHJldmlldw==",
      "RequestMethod": "GET",
      "RequestBody": "",
      "RequestHeaders": {
        "User-Agent": [
          "Microsoft.Azure.Management.Resources.ResourceManagementClient/2.0.0.0"
        ]
      },
      "ResponseBody": "{\r\n  \"value\": [\r\n    {\r\n      \"id\": \"/subscriptions/cca24ec8-99b5-4aa7-9ff6-486e886f304c/resourceGroups/sql-audit-cmdlet-test-rg1915/deployments/sql-audit-test-env-setup-classic-storage/operations/64EF1F31733779F3\",\r\n      \"operationId\": \"64EF1F31733779F3\",\r\n      \"properties\": {\r\n        \"provisioningState\": \"Succeeded\",\r\n        \"timestamp\": \"2015-12-06T09:40:41.9093184Z\",\r\n        \"duration\": \"PT7.9737819S\",\r\n        \"trackingId\": \"6654c1ac-c833-49f7-a87d-e0fe618dab6e\",\r\n        \"statusCode\": \"Created\",\r\n        \"targetResource\": {\r\n          \"id\": \"/subscriptions/cca24ec8-99b5-4aa7-9ff6-486e886f304c/resourceGroups/sql-audit-cmdlet-test-rg1915/providers/Microsoft.Sql/servers/sql-audit-cmdlet-server1915/databases/sql-audit-cmdlet-db1915\",\r\n          \"resourceType\": \"Microsoft.Sql/servers/databases\",\r\n          \"resourceName\": \"sql-audit-cmdlet-server1915/sql-audit-cmdlet-db1915\"\r\n        }\r\n      }\r\n    },\r\n    {\r\n      \"id\": \"/subscriptions/cca24ec8-99b5-4aa7-9ff6-486e886f304c/resourceGroups/sql-audit-cmdlet-test-rg1915/deployments/sql-audit-test-env-setup-classic-storage/operations/3006560B08384DBD\",\r\n      \"operationId\": \"3006560B08384DBD\",\r\n      \"properties\": {\r\n        \"provisioningState\": \"Succeeded\",\r\n        \"timestamp\": \"2015-12-06T09:40:32.9776338Z\",\r\n        \"duration\": \"PT9.4932248S\",\r\n        \"trackingId\": \"82e72a19-d5a4-4785-bddb-7641fe3709b5\",\r\n        \"statusCode\": \"Created\",\r\n        \"targetResource\": {\r\n          \"id\": \"/subscriptions/cca24ec8-99b5-4aa7-9ff6-486e886f304c/resourceGroups/sql-audit-cmdlet-test-rg1915/providers/Microsoft.Sql/servers/sql-audit-cmdlet-server1915\",\r\n          \"resourceType\": \"Microsoft.Sql/servers\",\r\n          \"resourceName\": \"sql-audit-cmdlet-server1915\"\r\n        }\r\n      }\r\n    },\r\n    {\r\n      \"id\": \"/subscriptions/cca24ec8-99b5-4aa7-9ff6-486e886f304c/resourceGroups/sql-audit-cmdlet-test-rg1915/deployments/sql-audit-test-env-setup-classic-storage/operations/0C922A678E5924E0\",\r\n      \"operationId\": \"0C922A678E5924E0\",\r\n      \"properties\": {\r\n        \"provisioningState\": \"Running\",\r\n        \"timestamp\": \"2015-12-06T09:40:51.4992459Z\",\r\n        \"duration\": \"PT28.0810584S\",\r\n        \"trackingId\": \"e96a42a1-15e2-4c09-912e-01c5bcc890d5\",\r\n        \"statusCode\": \"Accepted\",\r\n        \"targetResource\": {\r\n          \"id\": \"/subscriptions/cca24ec8-99b5-4aa7-9ff6-486e886f304c/resourceGroups/sql-audit-cmdlet-test-rg1915/providers/Microsoft.ClassicStorage/storageAccounts/auditcmdlets1915\",\r\n          \"resourceType\": \"Microsoft.ClassicStorage/storageAccounts\",\r\n          \"resourceName\": \"auditcmdlets1915\"\r\n        }\r\n      }\r\n    }\r\n  ]\r\n}",
      "ResponseHeaders": {
        "Content-Length": [
          "2123"
        ],
        "Content-Type": [
          "application/json; charset=utf-8"
        ],
        "Expires": [
          "-1"
        ],
        "Pragma": [
          "no-cache"
        ],
        "x-ms-ratelimit-remaining-subscription-reads": [
          "14602"
        ],
        "x-ms-request-id": [
          "00cf6ff5-7cb5-4f7c-8d0f-cfd9c378fbca"
        ],
        "x-ms-correlation-request-id": [
          "00cf6ff5-7cb5-4f7c-8d0f-cfd9c378fbca"
        ],
        "x-ms-routing-request-id": [
          "WESTEUROPE:20151206T094104Z:00cf6ff5-7cb5-4f7c-8d0f-cfd9c378fbca"
        ],
        "Strict-Transport-Security": [
          "max-age=31536000; includeSubDomains"
        ],
        "Cache-Control": [
          "no-cache"
        ],
        "Date": [
          "Sun, 06 Dec 2015 09:41:03 GMT"
        ]
      },
      "StatusCode": 200
    },
    {
      "RequestUri": "/subscriptions/cca24ec8-99b5-4aa7-9ff6-486e886f304c/resourcegroups/sql-audit-cmdlet-test-rg1915/deployments/sql-audit-test-env-setup-classic-storage/operations?api-version=2014-04-01-preview",
      "EncodedRequestUri": "L3N1YnNjcmlwdGlvbnMvY2NhMjRlYzgtOTliNS00YWE3LTlmZjYtNDg2ZTg4NmYzMDRjL3Jlc291cmNlZ3JvdXBzL3NxbC1hdWRpdC1jbWRsZXQtdGVzdC1yZzE5MTUvZGVwbG95bWVudHMvc3FsLWF1ZGl0LXRlc3QtZW52LXNldHVwLWNsYXNzaWMtc3RvcmFnZS9vcGVyYXRpb25zP2FwaS12ZXJzaW9uPTIwMTQtMDQtMDEtcHJldmlldw==",
      "RequestMethod": "GET",
      "RequestBody": "",
      "RequestHeaders": {
        "User-Agent": [
          "Microsoft.Azure.Management.Resources.ResourceManagementClient/2.0.0.0"
        ]
      },
      "ResponseBody": "{\r\n  \"value\": [\r\n    {\r\n      \"id\": \"/subscriptions/cca24ec8-99b5-4aa7-9ff6-486e886f304c/resourceGroups/sql-audit-cmdlet-test-rg1915/deployments/sql-audit-test-env-setup-classic-storage/operations/64EF1F31733779F3\",\r\n      \"operationId\": \"64EF1F31733779F3\",\r\n      \"properties\": {\r\n        \"provisioningState\": \"Succeeded\",\r\n        \"timestamp\": \"2015-12-06T09:40:41.9093184Z\",\r\n        \"duration\": \"PT7.9737819S\",\r\n        \"trackingId\": \"6654c1ac-c833-49f7-a87d-e0fe618dab6e\",\r\n        \"statusCode\": \"Created\",\r\n        \"targetResource\": {\r\n          \"id\": \"/subscriptions/cca24ec8-99b5-4aa7-9ff6-486e886f304c/resourceGroups/sql-audit-cmdlet-test-rg1915/providers/Microsoft.Sql/servers/sql-audit-cmdlet-server1915/databases/sql-audit-cmdlet-db1915\",\r\n          \"resourceType\": \"Microsoft.Sql/servers/databases\",\r\n          \"resourceName\": \"sql-audit-cmdlet-server1915/sql-audit-cmdlet-db1915\"\r\n        }\r\n      }\r\n    },\r\n    {\r\n      \"id\": \"/subscriptions/cca24ec8-99b5-4aa7-9ff6-486e886f304c/resourceGroups/sql-audit-cmdlet-test-rg1915/deployments/sql-audit-test-env-setup-classic-storage/operations/3006560B08384DBD\",\r\n      \"operationId\": \"3006560B08384DBD\",\r\n      \"properties\": {\r\n        \"provisioningState\": \"Succeeded\",\r\n        \"timestamp\": \"2015-12-06T09:40:32.9776338Z\",\r\n        \"duration\": \"PT9.4932248S\",\r\n        \"trackingId\": \"82e72a19-d5a4-4785-bddb-7641fe3709b5\",\r\n        \"statusCode\": \"Created\",\r\n        \"targetResource\": {\r\n          \"id\": \"/subscriptions/cca24ec8-99b5-4aa7-9ff6-486e886f304c/resourceGroups/sql-audit-cmdlet-test-rg1915/providers/Microsoft.Sql/servers/sql-audit-cmdlet-server1915\",\r\n          \"resourceType\": \"Microsoft.Sql/servers\",\r\n          \"resourceName\": \"sql-audit-cmdlet-server1915\"\r\n        }\r\n      }\r\n    },\r\n    {\r\n      \"id\": \"/subscriptions/cca24ec8-99b5-4aa7-9ff6-486e886f304c/resourceGroups/sql-audit-cmdlet-test-rg1915/deployments/sql-audit-test-env-setup-classic-storage/operations/0C922A678E5924E0\",\r\n      \"operationId\": \"0C922A678E5924E0\",\r\n      \"properties\": {\r\n        \"provisioningState\": \"Running\",\r\n        \"timestamp\": \"2015-12-06T09:40:51.4992459Z\",\r\n        \"duration\": \"PT28.0810584S\",\r\n        \"trackingId\": \"e96a42a1-15e2-4c09-912e-01c5bcc890d5\",\r\n        \"statusCode\": \"Accepted\",\r\n        \"targetResource\": {\r\n          \"id\": \"/subscriptions/cca24ec8-99b5-4aa7-9ff6-486e886f304c/resourceGroups/sql-audit-cmdlet-test-rg1915/providers/Microsoft.ClassicStorage/storageAccounts/auditcmdlets1915\",\r\n          \"resourceType\": \"Microsoft.ClassicStorage/storageAccounts\",\r\n          \"resourceName\": \"auditcmdlets1915\"\r\n        }\r\n      }\r\n    }\r\n  ]\r\n}",
      "ResponseHeaders": {
        "Content-Length": [
          "2123"
        ],
        "Content-Type": [
          "application/json; charset=utf-8"
        ],
        "Expires": [
          "-1"
        ],
        "Pragma": [
          "no-cache"
        ],
        "x-ms-ratelimit-remaining-subscription-reads": [
          "14600"
        ],
        "x-ms-request-id": [
          "a6404202-f237-4534-8d7f-e3f50317c25c"
        ],
        "x-ms-correlation-request-id": [
          "a6404202-f237-4534-8d7f-e3f50317c25c"
        ],
        "x-ms-routing-request-id": [
          "WESTEUROPE:20151206T094107Z:a6404202-f237-4534-8d7f-e3f50317c25c"
        ],
        "Strict-Transport-Security": [
          "max-age=31536000; includeSubDomains"
        ],
        "Cache-Control": [
          "no-cache"
        ],
        "Date": [
          "Sun, 06 Dec 2015 09:41:06 GMT"
        ]
      },
      "StatusCode": 200
    },
    {
      "RequestUri": "/subscriptions/cca24ec8-99b5-4aa7-9ff6-486e886f304c/resourcegroups/sql-audit-cmdlet-test-rg1915/deployments/sql-audit-test-env-setup-classic-storage/operations?api-version=2014-04-01-preview",
      "EncodedRequestUri": "L3N1YnNjcmlwdGlvbnMvY2NhMjRlYzgtOTliNS00YWE3LTlmZjYtNDg2ZTg4NmYzMDRjL3Jlc291cmNlZ3JvdXBzL3NxbC1hdWRpdC1jbWRsZXQtdGVzdC1yZzE5MTUvZGVwbG95bWVudHMvc3FsLWF1ZGl0LXRlc3QtZW52LXNldHVwLWNsYXNzaWMtc3RvcmFnZS9vcGVyYXRpb25zP2FwaS12ZXJzaW9uPTIwMTQtMDQtMDEtcHJldmlldw==",
      "RequestMethod": "GET",
      "RequestBody": "",
      "RequestHeaders": {
        "User-Agent": [
          "Microsoft.Azure.Management.Resources.ResourceManagementClient/2.0.0.0"
        ]
      },
      "ResponseBody": "{\r\n  \"value\": [\r\n    {\r\n      \"id\": \"/subscriptions/cca24ec8-99b5-4aa7-9ff6-486e886f304c/resourceGroups/sql-audit-cmdlet-test-rg1915/deployments/sql-audit-test-env-setup-classic-storage/operations/64EF1F31733779F3\",\r\n      \"operationId\": \"64EF1F31733779F3\",\r\n      \"properties\": {\r\n        \"provisioningState\": \"Succeeded\",\r\n        \"timestamp\": \"2015-12-06T09:40:41.9093184Z\",\r\n        \"duration\": \"PT7.9737819S\",\r\n        \"trackingId\": \"6654c1ac-c833-49f7-a87d-e0fe618dab6e\",\r\n        \"statusCode\": \"Created\",\r\n        \"targetResource\": {\r\n          \"id\": \"/subscriptions/cca24ec8-99b5-4aa7-9ff6-486e886f304c/resourceGroups/sql-audit-cmdlet-test-rg1915/providers/Microsoft.Sql/servers/sql-audit-cmdlet-server1915/databases/sql-audit-cmdlet-db1915\",\r\n          \"resourceType\": \"Microsoft.Sql/servers/databases\",\r\n          \"resourceName\": \"sql-audit-cmdlet-server1915/sql-audit-cmdlet-db1915\"\r\n        }\r\n      }\r\n    },\r\n    {\r\n      \"id\": \"/subscriptions/cca24ec8-99b5-4aa7-9ff6-486e886f304c/resourceGroups/sql-audit-cmdlet-test-rg1915/deployments/sql-audit-test-env-setup-classic-storage/operations/3006560B08384DBD\",\r\n      \"operationId\": \"3006560B08384DBD\",\r\n      \"properties\": {\r\n        \"provisioningState\": \"Succeeded\",\r\n        \"timestamp\": \"2015-12-06T09:40:32.9776338Z\",\r\n        \"duration\": \"PT9.4932248S\",\r\n        \"trackingId\": \"82e72a19-d5a4-4785-bddb-7641fe3709b5\",\r\n        \"statusCode\": \"Created\",\r\n        \"targetResource\": {\r\n          \"id\": \"/subscriptions/cca24ec8-99b5-4aa7-9ff6-486e886f304c/resourceGroups/sql-audit-cmdlet-test-rg1915/providers/Microsoft.Sql/servers/sql-audit-cmdlet-server1915\",\r\n          \"resourceType\": \"Microsoft.Sql/servers\",\r\n          \"resourceName\": \"sql-audit-cmdlet-server1915\"\r\n        }\r\n      }\r\n    },\r\n    {\r\n      \"id\": \"/subscriptions/cca24ec8-99b5-4aa7-9ff6-486e886f304c/resourceGroups/sql-audit-cmdlet-test-rg1915/deployments/sql-audit-test-env-setup-classic-storage/operations/0C922A678E5924E0\",\r\n      \"operationId\": \"0C922A678E5924E0\",\r\n      \"properties\": {\r\n        \"provisioningState\": \"Running\",\r\n        \"timestamp\": \"2015-12-06T09:41:08.4686431Z\",\r\n        \"duration\": \"PT45.0504556S\",\r\n        \"trackingId\": \"00def77b-50ec-4417-bab5-73888cc8b7cd\",\r\n        \"statusCode\": \"OK\",\r\n        \"targetResource\": {\r\n          \"id\": \"/subscriptions/cca24ec8-99b5-4aa7-9ff6-486e886f304c/resourceGroups/sql-audit-cmdlet-test-rg1915/providers/Microsoft.ClassicStorage/storageAccounts/auditcmdlets1915\",\r\n          \"resourceType\": \"Microsoft.ClassicStorage/storageAccounts\",\r\n          \"resourceName\": \"auditcmdlets1915\"\r\n        }\r\n      }\r\n    }\r\n  ]\r\n}",
      "ResponseHeaders": {
        "Content-Length": [
          "2117"
        ],
        "Content-Type": [
          "application/json; charset=utf-8"
        ],
        "Expires": [
          "-1"
        ],
        "Pragma": [
          "no-cache"
        ],
        "x-ms-ratelimit-remaining-subscription-reads": [
          "14598"
        ],
        "x-ms-request-id": [
          "ae1361ff-981c-4e7f-8c6e-14f746b8fad1"
        ],
        "x-ms-correlation-request-id": [
          "ae1361ff-981c-4e7f-8c6e-14f746b8fad1"
        ],
        "x-ms-routing-request-id": [
          "WESTEUROPE:20151206T094110Z:ae1361ff-981c-4e7f-8c6e-14f746b8fad1"
        ],
        "Strict-Transport-Security": [
          "max-age=31536000; includeSubDomains"
        ],
        "Cache-Control": [
          "no-cache"
        ],
        "Date": [
          "Sun, 06 Dec 2015 09:41:09 GMT"
        ]
      },
      "StatusCode": 200
    },
    {
      "RequestUri": "/subscriptions/cca24ec8-99b5-4aa7-9ff6-486e886f304c/resourcegroups/sql-audit-cmdlet-test-rg1915/deployments/sql-audit-test-env-setup-classic-storage/operations?api-version=2014-04-01-preview",
      "EncodedRequestUri": "L3N1YnNjcmlwdGlvbnMvY2NhMjRlYzgtOTliNS00YWE3LTlmZjYtNDg2ZTg4NmYzMDRjL3Jlc291cmNlZ3JvdXBzL3NxbC1hdWRpdC1jbWRsZXQtdGVzdC1yZzE5MTUvZGVwbG95bWVudHMvc3FsLWF1ZGl0LXRlc3QtZW52LXNldHVwLWNsYXNzaWMtc3RvcmFnZS9vcGVyYXRpb25zP2FwaS12ZXJzaW9uPTIwMTQtMDQtMDEtcHJldmlldw==",
      "RequestMethod": "GET",
      "RequestBody": "",
      "RequestHeaders": {
        "User-Agent": [
          "Microsoft.Azure.Management.Resources.ResourceManagementClient/2.0.0.0"
        ]
      },
      "ResponseBody": "{\r\n  \"value\": [\r\n    {\r\n      \"id\": \"/subscriptions/cca24ec8-99b5-4aa7-9ff6-486e886f304c/resourceGroups/sql-audit-cmdlet-test-rg1915/deployments/sql-audit-test-env-setup-classic-storage/operations/64EF1F31733779F3\",\r\n      \"operationId\": \"64EF1F31733779F3\",\r\n      \"properties\": {\r\n        \"provisioningState\": \"Succeeded\",\r\n        \"timestamp\": \"2015-12-06T09:40:41.9093184Z\",\r\n        \"duration\": \"PT7.9737819S\",\r\n        \"trackingId\": \"6654c1ac-c833-49f7-a87d-e0fe618dab6e\",\r\n        \"statusCode\": \"Created\",\r\n        \"targetResource\": {\r\n          \"id\": \"/subscriptions/cca24ec8-99b5-4aa7-9ff6-486e886f304c/resourceGroups/sql-audit-cmdlet-test-rg1915/providers/Microsoft.Sql/servers/sql-audit-cmdlet-server1915/databases/sql-audit-cmdlet-db1915\",\r\n          \"resourceType\": \"Microsoft.Sql/servers/databases\",\r\n          \"resourceName\": \"sql-audit-cmdlet-server1915/sql-audit-cmdlet-db1915\"\r\n        }\r\n      }\r\n    },\r\n    {\r\n      \"id\": \"/subscriptions/cca24ec8-99b5-4aa7-9ff6-486e886f304c/resourceGroups/sql-audit-cmdlet-test-rg1915/deployments/sql-audit-test-env-setup-classic-storage/operations/3006560B08384DBD\",\r\n      \"operationId\": \"3006560B08384DBD\",\r\n      \"properties\": {\r\n        \"provisioningState\": \"Succeeded\",\r\n        \"timestamp\": \"2015-12-06T09:40:32.9776338Z\",\r\n        \"duration\": \"PT9.4932248S\",\r\n        \"trackingId\": \"82e72a19-d5a4-4785-bddb-7641fe3709b5\",\r\n        \"statusCode\": \"Created\",\r\n        \"targetResource\": {\r\n          \"id\": \"/subscriptions/cca24ec8-99b5-4aa7-9ff6-486e886f304c/resourceGroups/sql-audit-cmdlet-test-rg1915/providers/Microsoft.Sql/servers/sql-audit-cmdlet-server1915\",\r\n          \"resourceType\": \"Microsoft.Sql/servers\",\r\n          \"resourceName\": \"sql-audit-cmdlet-server1915\"\r\n        }\r\n      }\r\n    },\r\n    {\r\n      \"id\": \"/subscriptions/cca24ec8-99b5-4aa7-9ff6-486e886f304c/resourceGroups/sql-audit-cmdlet-test-rg1915/deployments/sql-audit-test-env-setup-classic-storage/operations/0C922A678E5924E0\",\r\n      \"operationId\": \"0C922A678E5924E0\",\r\n      \"properties\": {\r\n        \"provisioningState\": \"Running\",\r\n        \"timestamp\": \"2015-12-06T09:41:08.4686431Z\",\r\n        \"duration\": \"PT45.0504556S\",\r\n        \"trackingId\": \"00def77b-50ec-4417-bab5-73888cc8b7cd\",\r\n        \"statusCode\": \"OK\",\r\n        \"targetResource\": {\r\n          \"id\": \"/subscriptions/cca24ec8-99b5-4aa7-9ff6-486e886f304c/resourceGroups/sql-audit-cmdlet-test-rg1915/providers/Microsoft.ClassicStorage/storageAccounts/auditcmdlets1915\",\r\n          \"resourceType\": \"Microsoft.ClassicStorage/storageAccounts\",\r\n          \"resourceName\": \"auditcmdlets1915\"\r\n        }\r\n      }\r\n    }\r\n  ]\r\n}",
      "ResponseHeaders": {
        "Content-Length": [
          "2117"
        ],
        "Content-Type": [
          "application/json; charset=utf-8"
        ],
        "Expires": [
          "-1"
        ],
        "Pragma": [
          "no-cache"
        ],
        "x-ms-ratelimit-remaining-subscription-reads": [
          "14596"
        ],
        "x-ms-request-id": [
          "ba775885-0143-4e9d-a41e-5f72abb4de31"
        ],
        "x-ms-correlation-request-id": [
          "ba775885-0143-4e9d-a41e-5f72abb4de31"
        ],
        "x-ms-routing-request-id": [
          "WESTEUROPE:20151206T094113Z:ba775885-0143-4e9d-a41e-5f72abb4de31"
        ],
        "Strict-Transport-Security": [
          "max-age=31536000; includeSubDomains"
        ],
        "Cache-Control": [
          "no-cache"
        ],
        "Date": [
          "Sun, 06 Dec 2015 09:41:13 GMT"
        ]
      },
      "StatusCode": 200
    },
    {
      "RequestUri": "/subscriptions/cca24ec8-99b5-4aa7-9ff6-486e886f304c/resourcegroups/sql-audit-cmdlet-test-rg1915/deployments/sql-audit-test-env-setup-classic-storage/operations?api-version=2014-04-01-preview",
      "EncodedRequestUri": "L3N1YnNjcmlwdGlvbnMvY2NhMjRlYzgtOTliNS00YWE3LTlmZjYtNDg2ZTg4NmYzMDRjL3Jlc291cmNlZ3JvdXBzL3NxbC1hdWRpdC1jbWRsZXQtdGVzdC1yZzE5MTUvZGVwbG95bWVudHMvc3FsLWF1ZGl0LXRlc3QtZW52LXNldHVwLWNsYXNzaWMtc3RvcmFnZS9vcGVyYXRpb25zP2FwaS12ZXJzaW9uPTIwMTQtMDQtMDEtcHJldmlldw==",
      "RequestMethod": "GET",
      "RequestBody": "",
      "RequestHeaders": {
        "User-Agent": [
          "Microsoft.Azure.Management.Resources.ResourceManagementClient/2.0.0.0"
        ]
      },
      "ResponseBody": "{\r\n  \"value\": [\r\n    {\r\n      \"id\": \"/subscriptions/cca24ec8-99b5-4aa7-9ff6-486e886f304c/resourceGroups/sql-audit-cmdlet-test-rg1915/deployments/sql-audit-test-env-setup-classic-storage/operations/64EF1F31733779F3\",\r\n      \"operationId\": \"64EF1F31733779F3\",\r\n      \"properties\": {\r\n        \"provisioningState\": \"Succeeded\",\r\n        \"timestamp\": \"2015-12-06T09:40:41.9093184Z\",\r\n        \"duration\": \"PT7.9737819S\",\r\n        \"trackingId\": \"6654c1ac-c833-49f7-a87d-e0fe618dab6e\",\r\n        \"statusCode\": \"Created\",\r\n        \"targetResource\": {\r\n          \"id\": \"/subscriptions/cca24ec8-99b5-4aa7-9ff6-486e886f304c/resourceGroups/sql-audit-cmdlet-test-rg1915/providers/Microsoft.Sql/servers/sql-audit-cmdlet-server1915/databases/sql-audit-cmdlet-db1915\",\r\n          \"resourceType\": \"Microsoft.Sql/servers/databases\",\r\n          \"resourceName\": \"sql-audit-cmdlet-server1915/sql-audit-cmdlet-db1915\"\r\n        }\r\n      }\r\n    },\r\n    {\r\n      \"id\": \"/subscriptions/cca24ec8-99b5-4aa7-9ff6-486e886f304c/resourceGroups/sql-audit-cmdlet-test-rg1915/deployments/sql-audit-test-env-setup-classic-storage/operations/3006560B08384DBD\",\r\n      \"operationId\": \"3006560B08384DBD\",\r\n      \"properties\": {\r\n        \"provisioningState\": \"Succeeded\",\r\n        \"timestamp\": \"2015-12-06T09:40:32.9776338Z\",\r\n        \"duration\": \"PT9.4932248S\",\r\n        \"trackingId\": \"82e72a19-d5a4-4785-bddb-7641fe3709b5\",\r\n        \"statusCode\": \"Created\",\r\n        \"targetResource\": {\r\n          \"id\": \"/subscriptions/cca24ec8-99b5-4aa7-9ff6-486e886f304c/resourceGroups/sql-audit-cmdlet-test-rg1915/providers/Microsoft.Sql/servers/sql-audit-cmdlet-server1915\",\r\n          \"resourceType\": \"Microsoft.Sql/servers\",\r\n          \"resourceName\": \"sql-audit-cmdlet-server1915\"\r\n        }\r\n      }\r\n    },\r\n    {\r\n      \"id\": \"/subscriptions/cca24ec8-99b5-4aa7-9ff6-486e886f304c/resourceGroups/sql-audit-cmdlet-test-rg1915/deployments/sql-audit-test-env-setup-classic-storage/operations/0C922A678E5924E0\",\r\n      \"operationId\": \"0C922A678E5924E0\",\r\n      \"properties\": {\r\n        \"provisioningState\": \"Succeeded\",\r\n        \"timestamp\": \"2015-12-06T09:41:15.0100062Z\",\r\n        \"duration\": \"PT51.5918187S\",\r\n        \"trackingId\": \"6442fe89-dd2a-45d7-8880-fa824492ce44\",\r\n        \"statusCode\": \"OK\",\r\n        \"targetResource\": {\r\n          \"id\": \"/subscriptions/cca24ec8-99b5-4aa7-9ff6-486e886f304c/resourceGroups/sql-audit-cmdlet-test-rg1915/providers/Microsoft.ClassicStorage/storageAccounts/auditcmdlets1915\",\r\n          \"resourceType\": \"Microsoft.ClassicStorage/storageAccounts\",\r\n          \"resourceName\": \"auditcmdlets1915\"\r\n        }\r\n      }\r\n    }\r\n  ]\r\n}",
      "ResponseHeaders": {
        "Content-Length": [
          "2119"
        ],
        "Content-Type": [
          "application/json; charset=utf-8"
        ],
        "Expires": [
          "-1"
        ],
        "Pragma": [
          "no-cache"
        ],
        "x-ms-ratelimit-remaining-subscription-reads": [
          "14594"
        ],
        "x-ms-request-id": [
          "5fa4baa5-e476-49ac-b5ec-46cba389bbc2"
        ],
        "x-ms-correlation-request-id": [
          "5fa4baa5-e476-49ac-b5ec-46cba389bbc2"
        ],
        "x-ms-routing-request-id": [
          "WESTEUROPE:20151206T094117Z:5fa4baa5-e476-49ac-b5ec-46cba389bbc2"
        ],
        "Strict-Transport-Security": [
          "max-age=31536000; includeSubDomains"
        ],
        "Cache-Control": [
          "no-cache"
        ],
        "Date": [
          "Sun, 06 Dec 2015 09:41:16 GMT"
        ]
      },
      "StatusCode": 200
    },
    {
      "RequestUri": "/subscriptions/cca24ec8-99b5-4aa7-9ff6-486e886f304c/resourcegroups/sql-audit-cmdlet-test-rg1915/deployments/sql-audit-test-env-setup-classic-storage/operations?api-version=2014-04-01-preview",
      "EncodedRequestUri": "L3N1YnNjcmlwdGlvbnMvY2NhMjRlYzgtOTliNS00YWE3LTlmZjYtNDg2ZTg4NmYzMDRjL3Jlc291cmNlZ3JvdXBzL3NxbC1hdWRpdC1jbWRsZXQtdGVzdC1yZzE5MTUvZGVwbG95bWVudHMvc3FsLWF1ZGl0LXRlc3QtZW52LXNldHVwLWNsYXNzaWMtc3RvcmFnZS9vcGVyYXRpb25zP2FwaS12ZXJzaW9uPTIwMTQtMDQtMDEtcHJldmlldw==",
      "RequestMethod": "GET",
      "RequestBody": "",
      "RequestHeaders": {
        "User-Agent": [
          "Microsoft.Azure.Management.Resources.ResourceManagementClient/2.0.0.0"
        ]
      },
      "ResponseBody": "{\r\n  \"value\": [\r\n    {\r\n      \"id\": \"/subscriptions/cca24ec8-99b5-4aa7-9ff6-486e886f304c/resourceGroups/sql-audit-cmdlet-test-rg1915/deployments/sql-audit-test-env-setup-classic-storage/operations/64EF1F31733779F3\",\r\n      \"operationId\": \"64EF1F31733779F3\",\r\n      \"properties\": {\r\n        \"provisioningState\": \"Succeeded\",\r\n        \"timestamp\": \"2015-12-06T09:40:41.9093184Z\",\r\n        \"duration\": \"PT7.9737819S\",\r\n        \"trackingId\": \"6654c1ac-c833-49f7-a87d-e0fe618dab6e\",\r\n        \"statusCode\": \"Created\",\r\n        \"targetResource\": {\r\n          \"id\": \"/subscriptions/cca24ec8-99b5-4aa7-9ff6-486e886f304c/resourceGroups/sql-audit-cmdlet-test-rg1915/providers/Microsoft.Sql/servers/sql-audit-cmdlet-server1915/databases/sql-audit-cmdlet-db1915\",\r\n          \"resourceType\": \"Microsoft.Sql/servers/databases\",\r\n          \"resourceName\": \"sql-audit-cmdlet-server1915/sql-audit-cmdlet-db1915\"\r\n        }\r\n      }\r\n    },\r\n    {\r\n      \"id\": \"/subscriptions/cca24ec8-99b5-4aa7-9ff6-486e886f304c/resourceGroups/sql-audit-cmdlet-test-rg1915/deployments/sql-audit-test-env-setup-classic-storage/operations/3006560B08384DBD\",\r\n      \"operationId\": \"3006560B08384DBD\",\r\n      \"properties\": {\r\n        \"provisioningState\": \"Succeeded\",\r\n        \"timestamp\": \"2015-12-06T09:40:32.9776338Z\",\r\n        \"duration\": \"PT9.4932248S\",\r\n        \"trackingId\": \"82e72a19-d5a4-4785-bddb-7641fe3709b5\",\r\n        \"statusCode\": \"Created\",\r\n        \"targetResource\": {\r\n          \"id\": \"/subscriptions/cca24ec8-99b5-4aa7-9ff6-486e886f304c/resourceGroups/sql-audit-cmdlet-test-rg1915/providers/Microsoft.Sql/servers/sql-audit-cmdlet-server1915\",\r\n          \"resourceType\": \"Microsoft.Sql/servers\",\r\n          \"resourceName\": \"sql-audit-cmdlet-server1915\"\r\n        }\r\n      }\r\n    },\r\n    {\r\n      \"id\": \"/subscriptions/cca24ec8-99b5-4aa7-9ff6-486e886f304c/resourceGroups/sql-audit-cmdlet-test-rg1915/deployments/sql-audit-test-env-setup-classic-storage/operations/0C922A678E5924E0\",\r\n      \"operationId\": \"0C922A678E5924E0\",\r\n      \"properties\": {\r\n        \"provisioningState\": \"Succeeded\",\r\n        \"timestamp\": \"2015-12-06T09:41:15.0100062Z\",\r\n        \"duration\": \"PT51.5918187S\",\r\n        \"trackingId\": \"6442fe89-dd2a-45d7-8880-fa824492ce44\",\r\n        \"statusCode\": \"OK\",\r\n        \"targetResource\": {\r\n          \"id\": \"/subscriptions/cca24ec8-99b5-4aa7-9ff6-486e886f304c/resourceGroups/sql-audit-cmdlet-test-rg1915/providers/Microsoft.ClassicStorage/storageAccounts/auditcmdlets1915\",\r\n          \"resourceType\": \"Microsoft.ClassicStorage/storageAccounts\",\r\n          \"resourceName\": \"auditcmdlets1915\"\r\n        }\r\n      }\r\n    }\r\n  ]\r\n}",
      "ResponseHeaders": {
        "Content-Length": [
          "2119"
        ],
        "Content-Type": [
          "application/json; charset=utf-8"
        ],
        "Expires": [
          "-1"
        ],
        "Pragma": [
          "no-cache"
        ],
        "x-ms-ratelimit-remaining-subscription-reads": [
          "14592"
        ],
        "x-ms-request-id": [
          "3a5a9565-e1b3-4c6f-985d-ac5783c03087"
        ],
        "x-ms-correlation-request-id": [
          "3a5a9565-e1b3-4c6f-985d-ac5783c03087"
        ],
        "x-ms-routing-request-id": [
          "WESTEUROPE:20151206T094120Z:3a5a9565-e1b3-4c6f-985d-ac5783c03087"
        ],
        "Strict-Transport-Security": [
          "max-age=31536000; includeSubDomains"
        ],
        "Cache-Control": [
          "no-cache"
        ],
        "Date": [
          "Sun, 06 Dec 2015 09:41:19 GMT"
        ]
      },
      "StatusCode": 200
    },
    {
      "RequestUri": "/subscriptions/cca24ec8-99b5-4aa7-9ff6-486e886f304c/resourcegroups/sql-audit-cmdlet-test-rg1915/deployments/sql-audit-test-env-setup-classic-storage/operations?api-version=2014-04-01-preview",
      "EncodedRequestUri": "L3N1YnNjcmlwdGlvbnMvY2NhMjRlYzgtOTliNS00YWE3LTlmZjYtNDg2ZTg4NmYzMDRjL3Jlc291cmNlZ3JvdXBzL3NxbC1hdWRpdC1jbWRsZXQtdGVzdC1yZzE5MTUvZGVwbG95bWVudHMvc3FsLWF1ZGl0LXRlc3QtZW52LXNldHVwLWNsYXNzaWMtc3RvcmFnZS9vcGVyYXRpb25zP2FwaS12ZXJzaW9uPTIwMTQtMDQtMDEtcHJldmlldw==",
      "RequestMethod": "GET",
      "RequestBody": "",
      "RequestHeaders": {
        "User-Agent": [
          "Microsoft.Azure.Management.Resources.ResourceManagementClient/2.0.0.0"
        ]
      },
      "ResponseBody": "{\r\n  \"value\": [\r\n    {\r\n      \"id\": \"/subscriptions/cca24ec8-99b5-4aa7-9ff6-486e886f304c/resourceGroups/sql-audit-cmdlet-test-rg1915/deployments/sql-audit-test-env-setup-classic-storage/operations/64EF1F31733779F3\",\r\n      \"operationId\": \"64EF1F31733779F3\",\r\n      \"properties\": {\r\n        \"provisioningState\": \"Succeeded\",\r\n        \"timestamp\": \"2015-12-06T09:40:41.9093184Z\",\r\n        \"duration\": \"PT7.9737819S\",\r\n        \"trackingId\": \"6654c1ac-c833-49f7-a87d-e0fe618dab6e\",\r\n        \"statusCode\": \"Created\",\r\n        \"targetResource\": {\r\n          \"id\": \"/subscriptions/cca24ec8-99b5-4aa7-9ff6-486e886f304c/resourceGroups/sql-audit-cmdlet-test-rg1915/providers/Microsoft.Sql/servers/sql-audit-cmdlet-server1915/databases/sql-audit-cmdlet-db1915\",\r\n          \"resourceType\": \"Microsoft.Sql/servers/databases\",\r\n          \"resourceName\": \"sql-audit-cmdlet-server1915/sql-audit-cmdlet-db1915\"\r\n        }\r\n      }\r\n    },\r\n    {\r\n      \"id\": \"/subscriptions/cca24ec8-99b5-4aa7-9ff6-486e886f304c/resourceGroups/sql-audit-cmdlet-test-rg1915/deployments/sql-audit-test-env-setup-classic-storage/operations/3006560B08384DBD\",\r\n      \"operationId\": \"3006560B08384DBD\",\r\n      \"properties\": {\r\n        \"provisioningState\": \"Succeeded\",\r\n        \"timestamp\": \"2015-12-06T09:40:32.9776338Z\",\r\n        \"duration\": \"PT9.4932248S\",\r\n        \"trackingId\": \"82e72a19-d5a4-4785-bddb-7641fe3709b5\",\r\n        \"statusCode\": \"Created\",\r\n        \"targetResource\": {\r\n          \"id\": \"/subscriptions/cca24ec8-99b5-4aa7-9ff6-486e886f304c/resourceGroups/sql-audit-cmdlet-test-rg1915/providers/Microsoft.Sql/servers/sql-audit-cmdlet-server1915\",\r\n          \"resourceType\": \"Microsoft.Sql/servers\",\r\n          \"resourceName\": \"sql-audit-cmdlet-server1915\"\r\n        }\r\n      }\r\n    },\r\n    {\r\n      \"id\": \"/subscriptions/cca24ec8-99b5-4aa7-9ff6-486e886f304c/resourceGroups/sql-audit-cmdlet-test-rg1915/deployments/sql-audit-test-env-setup-classic-storage/operations/0C922A678E5924E0\",\r\n      \"operationId\": \"0C922A678E5924E0\",\r\n      \"properties\": {\r\n        \"provisioningState\": \"Succeeded\",\r\n        \"timestamp\": \"2015-12-06T09:41:15.0100062Z\",\r\n        \"duration\": \"PT51.5918187S\",\r\n        \"trackingId\": \"6442fe89-dd2a-45d7-8880-fa824492ce44\",\r\n        \"statusCode\": \"OK\",\r\n        \"targetResource\": {\r\n          \"id\": \"/subscriptions/cca24ec8-99b5-4aa7-9ff6-486e886f304c/resourceGroups/sql-audit-cmdlet-test-rg1915/providers/Microsoft.ClassicStorage/storageAccounts/auditcmdlets1915\",\r\n          \"resourceType\": \"Microsoft.ClassicStorage/storageAccounts\",\r\n          \"resourceName\": \"auditcmdlets1915\"\r\n        }\r\n      }\r\n    }\r\n  ]\r\n}",
      "ResponseHeaders": {
        "Content-Length": [
          "2119"
        ],
        "Content-Type": [
          "application/json; charset=utf-8"
        ],
        "Expires": [
          "-1"
        ],
        "Pragma": [
          "no-cache"
        ],
        "x-ms-ratelimit-remaining-subscription-reads": [
          "14590"
        ],
        "x-ms-request-id": [
          "5095c8c0-e701-4520-aa4c-c34a344551d6"
        ],
        "x-ms-correlation-request-id": [
          "5095c8c0-e701-4520-aa4c-c34a344551d6"
        ],
        "x-ms-routing-request-id": [
          "WESTEUROPE:20151206T094123Z:5095c8c0-e701-4520-aa4c-c34a344551d6"
        ],
        "Strict-Transport-Security": [
          "max-age=31536000; includeSubDomains"
        ],
        "Cache-Control": [
          "no-cache"
        ],
        "Date": [
          "Sun, 06 Dec 2015 09:41:22 GMT"
        ]
      },
      "StatusCode": 200
    },
    {
      "RequestUri": "/subscriptions/cca24ec8-99b5-4aa7-9ff6-486e886f304c/resourcegroups/sql-audit-cmdlet-test-rg1915/deployments/sql-audit-test-env-setup-classic-storage?api-version=2014-04-01-preview",
      "EncodedRequestUri": "L3N1YnNjcmlwdGlvbnMvY2NhMjRlYzgtOTliNS00YWE3LTlmZjYtNDg2ZTg4NmYzMDRjL3Jlc291cmNlZ3JvdXBzL3NxbC1hdWRpdC1jbWRsZXQtdGVzdC1yZzE5MTUvZGVwbG95bWVudHMvc3FsLWF1ZGl0LXRlc3QtZW52LXNldHVwLWNsYXNzaWMtc3RvcmFnZT9hcGktdmVyc2lvbj0yMDE0LTA0LTAxLXByZXZpZXc=",
      "RequestMethod": "GET",
      "RequestBody": "",
      "RequestHeaders": {
        "User-Agent": [
          "Microsoft.Azure.Management.Resources.ResourceManagementClient/2.0.0.0"
        ]
      },
      "ResponseBody": "{\r\n  \"id\": \"/subscriptions/cca24ec8-99b5-4aa7-9ff6-486e886f304c/resourceGroups/sql-audit-cmdlet-test-rg1915/deployments/sql-audit-test-env-setup-classic-storage\",\r\n  \"name\": \"sql-audit-test-env-setup-classic-storage\",\r\n  \"properties\": {\r\n    \"parameters\": {\r\n      \"administratorLogin\": {\r\n        \"type\": \"String\",\r\n        \"value\": \"testlogin\"\r\n      },\r\n      \"administratorLoginPassword\": {\r\n        \"type\": \"SecureString\"\r\n      },\r\n      \"collation\": {\r\n        \"type\": \"String\",\r\n        \"value\": \"SQL_Latin1_General_CP1_CI_AS\"\r\n      },\r\n      \"databaseName\": {\r\n        \"type\": \"String\",\r\n        \"value\": \"sql-audit-cmdlet-db1915\"\r\n      },\r\n      \"edition\": {\r\n        \"type\": \"String\",\r\n        \"value\": \"Basic\"\r\n      },\r\n      \"configuredServiceLevelObjectiveId\": {\r\n        \"type\": \"String\",\r\n        \"value\": \"910b4fcb-8a29-4c3e-958f-f7ba794388b2\"\r\n      },\r\n      \"serverName\": {\r\n        \"type\": \"String\",\r\n        \"value\": \"sql-audit-cmdlet-server1915\"\r\n      },\r\n      \"storageName\": {\r\n        \"type\": \"String\",\r\n        \"value\": \"auditcmdlets1915\"\r\n      }\r\n    },\r\n    \"mode\": \"Incremental\",\r\n    \"provisioningState\": \"Running\",\r\n    \"timestamp\": \"2015-12-06T09:40:23.2367034Z\",\r\n    \"duration\": \"PT2.5593075S\",\r\n    \"correlationId\": \"1f3cf708-74d1-4ec2-9dab-4b7bdbf83d13\",\r\n    \"providers\": [\r\n      {\r\n        \"namespace\": \"Microsoft.Sql\",\r\n        \"resourceTypes\": [\r\n          {\r\n            \"resourceType\": \"servers\",\r\n            \"locations\": [\r\n              \"westus\"\r\n            ]\r\n          },\r\n          {\r\n            \"resourceType\": \"servers/databases\",\r\n            \"locations\": [\r\n              \"westus\"\r\n            ]\r\n          }\r\n        ]\r\n      },\r\n      {\r\n        \"namespace\": \"Microsoft.ClassicStorage\",\r\n        \"resourceTypes\": [\r\n          {\r\n            \"resourceType\": \"storageAccounts\",\r\n            \"locations\": [\r\n              \"westus\"\r\n            ]\r\n          }\r\n        ]\r\n      }\r\n    ],\r\n    \"dependencies\": [\r\n      {\r\n        \"dependsOn\": [\r\n          {\r\n            \"id\": \"/subscriptions/cca24ec8-99b5-4aa7-9ff6-486e886f304c/resourceGroups/sql-audit-cmdlet-test-rg1915/providers/Microsoft.Sql/servers/sql-audit-cmdlet-server1915\",\r\n            \"resourceType\": \"Microsoft.Sql/servers\",\r\n            \"resourceName\": \"sql-audit-cmdlet-server1915\"\r\n          }\r\n        ],\r\n        \"id\": \"/subscriptions/cca24ec8-99b5-4aa7-9ff6-486e886f304c/resourceGroups/sql-audit-cmdlet-test-rg1915/providers/Microsoft.Sql/servers/sql-audit-cmdlet-server1915/databases/sql-audit-cmdlet-db1915\",\r\n        \"resourceType\": \"Microsoft.Sql/servers/databases\",\r\n        \"resourceName\": \"sql-audit-cmdlet-server1915/sql-audit-cmdlet-db1915\"\r\n      }\r\n    ]\r\n  }\r\n}",
      "ResponseHeaders": {
        "Content-Length": [
          "1819"
        ],
        "Content-Type": [
          "application/json; charset=utf-8"
        ],
        "Expires": [
          "-1"
        ],
        "Pragma": [
          "no-cache"
        ],
        "x-ms-ratelimit-remaining-subscription-reads": [
          "14627"
        ],
        "x-ms-request-id": [
          "b06c9a6e-2165-4fc8-a9dd-72f00bd2d467"
        ],
        "x-ms-correlation-request-id": [
          "b06c9a6e-2165-4fc8-a9dd-72f00bd2d467"
        ],
        "x-ms-routing-request-id": [
          "WESTEUROPE:20151206T094024Z:b06c9a6e-2165-4fc8-a9dd-72f00bd2d467"
        ],
        "Strict-Transport-Security": [
          "max-age=31536000; includeSubDomains"
        ],
        "Cache-Control": [
          "no-cache"
        ],
        "Date": [
          "Sun, 06 Dec 2015 09:40:23 GMT"
        ]
      },
      "StatusCode": 200
    },
    {
      "RequestUri": "/subscriptions/cca24ec8-99b5-4aa7-9ff6-486e886f304c/resourcegroups/sql-audit-cmdlet-test-rg1915/deployments/sql-audit-test-env-setup-classic-storage?api-version=2014-04-01-preview",
      "EncodedRequestUri": "L3N1YnNjcmlwdGlvbnMvY2NhMjRlYzgtOTliNS00YWE3LTlmZjYtNDg2ZTg4NmYzMDRjL3Jlc291cmNlZ3JvdXBzL3NxbC1hdWRpdC1jbWRsZXQtdGVzdC1yZzE5MTUvZGVwbG95bWVudHMvc3FsLWF1ZGl0LXRlc3QtZW52LXNldHVwLWNsYXNzaWMtc3RvcmFnZT9hcGktdmVyc2lvbj0yMDE0LTA0LTAxLXByZXZpZXc=",
      "RequestMethod": "GET",
      "RequestBody": "",
      "RequestHeaders": {
        "User-Agent": [
          "Microsoft.Azure.Management.Resources.ResourceManagementClient/2.0.0.0"
        ]
      },
      "ResponseBody": "{\r\n  \"id\": \"/subscriptions/cca24ec8-99b5-4aa7-9ff6-486e886f304c/resourceGroups/sql-audit-cmdlet-test-rg1915/deployments/sql-audit-test-env-setup-classic-storage\",\r\n  \"name\": \"sql-audit-test-env-setup-classic-storage\",\r\n  \"properties\": {\r\n    \"parameters\": {\r\n      \"administratorLogin\": {\r\n        \"type\": \"String\",\r\n        \"value\": \"testlogin\"\r\n      },\r\n      \"administratorLoginPassword\": {\r\n        \"type\": \"SecureString\"\r\n      },\r\n      \"collation\": {\r\n        \"type\": \"String\",\r\n        \"value\": \"SQL_Latin1_General_CP1_CI_AS\"\r\n      },\r\n      \"databaseName\": {\r\n        \"type\": \"String\",\r\n        \"value\": \"sql-audit-cmdlet-db1915\"\r\n      },\r\n      \"edition\": {\r\n        \"type\": \"String\",\r\n        \"value\": \"Basic\"\r\n      },\r\n      \"configuredServiceLevelObjectiveId\": {\r\n        \"type\": \"String\",\r\n        \"value\": \"910b4fcb-8a29-4c3e-958f-f7ba794388b2\"\r\n      },\r\n      \"serverName\": {\r\n        \"type\": \"String\",\r\n        \"value\": \"sql-audit-cmdlet-server1915\"\r\n      },\r\n      \"storageName\": {\r\n        \"type\": \"String\",\r\n        \"value\": \"auditcmdlets1915\"\r\n      }\r\n    },\r\n    \"mode\": \"Incremental\",\r\n    \"provisioningState\": \"Running\",\r\n    \"timestamp\": \"2015-12-06T09:40:23.2367034Z\",\r\n    \"duration\": \"PT2.5593075S\",\r\n    \"correlationId\": \"1f3cf708-74d1-4ec2-9dab-4b7bdbf83d13\",\r\n    \"providers\": [\r\n      {\r\n        \"namespace\": \"Microsoft.Sql\",\r\n        \"resourceTypes\": [\r\n          {\r\n            \"resourceType\": \"servers\",\r\n            \"locations\": [\r\n              \"westus\"\r\n            ]\r\n          },\r\n          {\r\n            \"resourceType\": \"servers/databases\",\r\n            \"locations\": [\r\n              \"westus\"\r\n            ]\r\n          }\r\n        ]\r\n      },\r\n      {\r\n        \"namespace\": \"Microsoft.ClassicStorage\",\r\n        \"resourceTypes\": [\r\n          {\r\n            \"resourceType\": \"storageAccounts\",\r\n            \"locations\": [\r\n              \"westus\"\r\n            ]\r\n          }\r\n        ]\r\n      }\r\n    ],\r\n    \"dependencies\": [\r\n      {\r\n        \"dependsOn\": [\r\n          {\r\n            \"id\": \"/subscriptions/cca24ec8-99b5-4aa7-9ff6-486e886f304c/resourceGroups/sql-audit-cmdlet-test-rg1915/providers/Microsoft.Sql/servers/sql-audit-cmdlet-server1915\",\r\n            \"resourceType\": \"Microsoft.Sql/servers\",\r\n            \"resourceName\": \"sql-audit-cmdlet-server1915\"\r\n          }\r\n        ],\r\n        \"id\": \"/subscriptions/cca24ec8-99b5-4aa7-9ff6-486e886f304c/resourceGroups/sql-audit-cmdlet-test-rg1915/providers/Microsoft.Sql/servers/sql-audit-cmdlet-server1915/databases/sql-audit-cmdlet-db1915\",\r\n        \"resourceType\": \"Microsoft.Sql/servers/databases\",\r\n        \"resourceName\": \"sql-audit-cmdlet-server1915/sql-audit-cmdlet-db1915\"\r\n      }\r\n    ]\r\n  }\r\n}",
      "ResponseHeaders": {
        "Content-Length": [
          "1819"
        ],
        "Content-Type": [
          "application/json; charset=utf-8"
        ],
        "Expires": [
          "-1"
        ],
        "Pragma": [
          "no-cache"
        ],
        "x-ms-ratelimit-remaining-subscription-reads": [
          "14625"
        ],
        "x-ms-request-id": [
          "cfa30b6e-c0b6-451f-a791-42ca1ee6c409"
        ],
        "x-ms-correlation-request-id": [
          "cfa30b6e-c0b6-451f-a791-42ca1ee6c409"
        ],
        "x-ms-routing-request-id": [
          "WESTEUROPE:20151206T094027Z:cfa30b6e-c0b6-451f-a791-42ca1ee6c409"
        ],
        "Strict-Transport-Security": [
          "max-age=31536000; includeSubDomains"
        ],
        "Cache-Control": [
          "no-cache"
        ],
        "Date": [
          "Sun, 06 Dec 2015 09:40:27 GMT"
        ]
      },
      "StatusCode": 200
    },
    {
      "RequestUri": "/subscriptions/cca24ec8-99b5-4aa7-9ff6-486e886f304c/resourcegroups/sql-audit-cmdlet-test-rg1915/deployments/sql-audit-test-env-setup-classic-storage?api-version=2014-04-01-preview",
      "EncodedRequestUri": "L3N1YnNjcmlwdGlvbnMvY2NhMjRlYzgtOTliNS00YWE3LTlmZjYtNDg2ZTg4NmYzMDRjL3Jlc291cmNlZ3JvdXBzL3NxbC1hdWRpdC1jbWRsZXQtdGVzdC1yZzE5MTUvZGVwbG95bWVudHMvc3FsLWF1ZGl0LXRlc3QtZW52LXNldHVwLWNsYXNzaWMtc3RvcmFnZT9hcGktdmVyc2lvbj0yMDE0LTA0LTAxLXByZXZpZXc=",
      "RequestMethod": "GET",
      "RequestBody": "",
      "RequestHeaders": {
        "User-Agent": [
          "Microsoft.Azure.Management.Resources.ResourceManagementClient/2.0.0.0"
        ]
      },
      "ResponseBody": "{\r\n  \"id\": \"/subscriptions/cca24ec8-99b5-4aa7-9ff6-486e886f304c/resourceGroups/sql-audit-cmdlet-test-rg1915/deployments/sql-audit-test-env-setup-classic-storage\",\r\n  \"name\": \"sql-audit-test-env-setup-classic-storage\",\r\n  \"properties\": {\r\n    \"parameters\": {\r\n      \"administratorLogin\": {\r\n        \"type\": \"String\",\r\n        \"value\": \"testlogin\"\r\n      },\r\n      \"administratorLoginPassword\": {\r\n        \"type\": \"SecureString\"\r\n      },\r\n      \"collation\": {\r\n        \"type\": \"String\",\r\n        \"value\": \"SQL_Latin1_General_CP1_CI_AS\"\r\n      },\r\n      \"databaseName\": {\r\n        \"type\": \"String\",\r\n        \"value\": \"sql-audit-cmdlet-db1915\"\r\n      },\r\n      \"edition\": {\r\n        \"type\": \"String\",\r\n        \"value\": \"Basic\"\r\n      },\r\n      \"configuredServiceLevelObjectiveId\": {\r\n        \"type\": \"String\",\r\n        \"value\": \"910b4fcb-8a29-4c3e-958f-f7ba794388b2\"\r\n      },\r\n      \"serverName\": {\r\n        \"type\": \"String\",\r\n        \"value\": \"sql-audit-cmdlet-server1915\"\r\n      },\r\n      \"storageName\": {\r\n        \"type\": \"String\",\r\n        \"value\": \"auditcmdlets1915\"\r\n      }\r\n    },\r\n    \"mode\": \"Incremental\",\r\n    \"provisioningState\": \"Running\",\r\n    \"timestamp\": \"2015-12-06T09:40:23.2367034Z\",\r\n    \"duration\": \"PT2.5593075S\",\r\n    \"correlationId\": \"1f3cf708-74d1-4ec2-9dab-4b7bdbf83d13\",\r\n    \"providers\": [\r\n      {\r\n        \"namespace\": \"Microsoft.Sql\",\r\n        \"resourceTypes\": [\r\n          {\r\n            \"resourceType\": \"servers\",\r\n            \"locations\": [\r\n              \"westus\"\r\n            ]\r\n          },\r\n          {\r\n            \"resourceType\": \"servers/databases\",\r\n            \"locations\": [\r\n              \"westus\"\r\n            ]\r\n          }\r\n        ]\r\n      },\r\n      {\r\n        \"namespace\": \"Microsoft.ClassicStorage\",\r\n        \"resourceTypes\": [\r\n          {\r\n            \"resourceType\": \"storageAccounts\",\r\n            \"locations\": [\r\n              \"westus\"\r\n            ]\r\n          }\r\n        ]\r\n      }\r\n    ],\r\n    \"dependencies\": [\r\n      {\r\n        \"dependsOn\": [\r\n          {\r\n            \"id\": \"/subscriptions/cca24ec8-99b5-4aa7-9ff6-486e886f304c/resourceGroups/sql-audit-cmdlet-test-rg1915/providers/Microsoft.Sql/servers/sql-audit-cmdlet-server1915\",\r\n            \"resourceType\": \"Microsoft.Sql/servers\",\r\n            \"resourceName\": \"sql-audit-cmdlet-server1915\"\r\n          }\r\n        ],\r\n        \"id\": \"/subscriptions/cca24ec8-99b5-4aa7-9ff6-486e886f304c/resourceGroups/sql-audit-cmdlet-test-rg1915/providers/Microsoft.Sql/servers/sql-audit-cmdlet-server1915/databases/sql-audit-cmdlet-db1915\",\r\n        \"resourceType\": \"Microsoft.Sql/servers/databases\",\r\n        \"resourceName\": \"sql-audit-cmdlet-server1915/sql-audit-cmdlet-db1915\"\r\n      }\r\n    ]\r\n  }\r\n}",
      "ResponseHeaders": {
        "Content-Length": [
          "1819"
        ],
        "Content-Type": [
          "application/json; charset=utf-8"
        ],
        "Expires": [
          "-1"
        ],
        "Pragma": [
          "no-cache"
        ],
        "x-ms-ratelimit-remaining-subscription-reads": [
          "14623"
        ],
        "x-ms-request-id": [
          "334cb331-16bc-4699-98ac-9a4bf54e9131"
        ],
        "x-ms-correlation-request-id": [
          "334cb331-16bc-4699-98ac-9a4bf54e9131"
        ],
        "x-ms-routing-request-id": [
          "WESTEUROPE:20151206T094030Z:334cb331-16bc-4699-98ac-9a4bf54e9131"
        ],
        "Strict-Transport-Security": [
          "max-age=31536000; includeSubDomains"
        ],
        "Cache-Control": [
          "no-cache"
        ],
        "Date": [
          "Sun, 06 Dec 2015 09:40:30 GMT"
        ]
      },
      "StatusCode": 200
    },
    {
      "RequestUri": "/subscriptions/cca24ec8-99b5-4aa7-9ff6-486e886f304c/resourcegroups/sql-audit-cmdlet-test-rg1915/deployments/sql-audit-test-env-setup-classic-storage?api-version=2014-04-01-preview",
      "EncodedRequestUri": "L3N1YnNjcmlwdGlvbnMvY2NhMjRlYzgtOTliNS00YWE3LTlmZjYtNDg2ZTg4NmYzMDRjL3Jlc291cmNlZ3JvdXBzL3NxbC1hdWRpdC1jbWRsZXQtdGVzdC1yZzE5MTUvZGVwbG95bWVudHMvc3FsLWF1ZGl0LXRlc3QtZW52LXNldHVwLWNsYXNzaWMtc3RvcmFnZT9hcGktdmVyc2lvbj0yMDE0LTA0LTAxLXByZXZpZXc=",
      "RequestMethod": "GET",
      "RequestBody": "",
      "RequestHeaders": {
        "User-Agent": [
          "Microsoft.Azure.Management.Resources.ResourceManagementClient/2.0.0.0"
        ]
      },
      "ResponseBody": "{\r\n  \"id\": \"/subscriptions/cca24ec8-99b5-4aa7-9ff6-486e886f304c/resourceGroups/sql-audit-cmdlet-test-rg1915/deployments/sql-audit-test-env-setup-classic-storage\",\r\n  \"name\": \"sql-audit-test-env-setup-classic-storage\",\r\n  \"properties\": {\r\n    \"parameters\": {\r\n      \"administratorLogin\": {\r\n        \"type\": \"String\",\r\n        \"value\": \"testlogin\"\r\n      },\r\n      \"administratorLoginPassword\": {\r\n        \"type\": \"SecureString\"\r\n      },\r\n      \"collation\": {\r\n        \"type\": \"String\",\r\n        \"value\": \"SQL_Latin1_General_CP1_CI_AS\"\r\n      },\r\n      \"databaseName\": {\r\n        \"type\": \"String\",\r\n        \"value\": \"sql-audit-cmdlet-db1915\"\r\n      },\r\n      \"edition\": {\r\n        \"type\": \"String\",\r\n        \"value\": \"Basic\"\r\n      },\r\n      \"configuredServiceLevelObjectiveId\": {\r\n        \"type\": \"String\",\r\n        \"value\": \"910b4fcb-8a29-4c3e-958f-f7ba794388b2\"\r\n      },\r\n      \"serverName\": {\r\n        \"type\": \"String\",\r\n        \"value\": \"sql-audit-cmdlet-server1915\"\r\n      },\r\n      \"storageName\": {\r\n        \"type\": \"String\",\r\n        \"value\": \"auditcmdlets1915\"\r\n      }\r\n    },\r\n    \"mode\": \"Incremental\",\r\n    \"provisioningState\": \"Running\",\r\n    \"timestamp\": \"2015-12-06T09:40:23.2367034Z\",\r\n    \"duration\": \"PT2.5593075S\",\r\n    \"correlationId\": \"1f3cf708-74d1-4ec2-9dab-4b7bdbf83d13\",\r\n    \"providers\": [\r\n      {\r\n        \"namespace\": \"Microsoft.Sql\",\r\n        \"resourceTypes\": [\r\n          {\r\n            \"resourceType\": \"servers\",\r\n            \"locations\": [\r\n              \"westus\"\r\n            ]\r\n          },\r\n          {\r\n            \"resourceType\": \"servers/databases\",\r\n            \"locations\": [\r\n              \"westus\"\r\n            ]\r\n          }\r\n        ]\r\n      },\r\n      {\r\n        \"namespace\": \"Microsoft.ClassicStorage\",\r\n        \"resourceTypes\": [\r\n          {\r\n            \"resourceType\": \"storageAccounts\",\r\n            \"locations\": [\r\n              \"westus\"\r\n            ]\r\n          }\r\n        ]\r\n      }\r\n    ],\r\n    \"dependencies\": [\r\n      {\r\n        \"dependsOn\": [\r\n          {\r\n            \"id\": \"/subscriptions/cca24ec8-99b5-4aa7-9ff6-486e886f304c/resourceGroups/sql-audit-cmdlet-test-rg1915/providers/Microsoft.Sql/servers/sql-audit-cmdlet-server1915\",\r\n            \"resourceType\": \"Microsoft.Sql/servers\",\r\n            \"resourceName\": \"sql-audit-cmdlet-server1915\"\r\n          }\r\n        ],\r\n        \"id\": \"/subscriptions/cca24ec8-99b5-4aa7-9ff6-486e886f304c/resourceGroups/sql-audit-cmdlet-test-rg1915/providers/Microsoft.Sql/servers/sql-audit-cmdlet-server1915/databases/sql-audit-cmdlet-db1915\",\r\n        \"resourceType\": \"Microsoft.Sql/servers/databases\",\r\n        \"resourceName\": \"sql-audit-cmdlet-server1915/sql-audit-cmdlet-db1915\"\r\n      }\r\n    ]\r\n  }\r\n}",
      "ResponseHeaders": {
        "Content-Length": [
          "1819"
        ],
        "Content-Type": [
          "application/json; charset=utf-8"
        ],
        "Expires": [
          "-1"
        ],
        "Pragma": [
          "no-cache"
        ],
        "x-ms-ratelimit-remaining-subscription-reads": [
          "14621"
        ],
        "x-ms-request-id": [
          "b725e5d8-8823-48ac-bb02-5b04b6651d47"
        ],
        "x-ms-correlation-request-id": [
          "b725e5d8-8823-48ac-bb02-5b04b6651d47"
        ],
        "x-ms-routing-request-id": [
          "WESTEUROPE:20151206T094033Z:b725e5d8-8823-48ac-bb02-5b04b6651d47"
        ],
        "Strict-Transport-Security": [
          "max-age=31536000; includeSubDomains"
        ],
        "Cache-Control": [
          "no-cache"
        ],
        "Date": [
          "Sun, 06 Dec 2015 09:40:33 GMT"
        ]
      },
      "StatusCode": 200
    },
    {
      "RequestUri": "/subscriptions/cca24ec8-99b5-4aa7-9ff6-486e886f304c/resourcegroups/sql-audit-cmdlet-test-rg1915/deployments/sql-audit-test-env-setup-classic-storage?api-version=2014-04-01-preview",
      "EncodedRequestUri": "L3N1YnNjcmlwdGlvbnMvY2NhMjRlYzgtOTliNS00YWE3LTlmZjYtNDg2ZTg4NmYzMDRjL3Jlc291cmNlZ3JvdXBzL3NxbC1hdWRpdC1jbWRsZXQtdGVzdC1yZzE5MTUvZGVwbG95bWVudHMvc3FsLWF1ZGl0LXRlc3QtZW52LXNldHVwLWNsYXNzaWMtc3RvcmFnZT9hcGktdmVyc2lvbj0yMDE0LTA0LTAxLXByZXZpZXc=",
      "RequestMethod": "GET",
      "RequestBody": "",
      "RequestHeaders": {
        "User-Agent": [
          "Microsoft.Azure.Management.Resources.ResourceManagementClient/2.0.0.0"
        ]
      },
      "ResponseBody": "{\r\n  \"id\": \"/subscriptions/cca24ec8-99b5-4aa7-9ff6-486e886f304c/resourceGroups/sql-audit-cmdlet-test-rg1915/deployments/sql-audit-test-env-setup-classic-storage\",\r\n  \"name\": \"sql-audit-test-env-setup-classic-storage\",\r\n  \"properties\": {\r\n    \"parameters\": {\r\n      \"administratorLogin\": {\r\n        \"type\": \"String\",\r\n        \"value\": \"testlogin\"\r\n      },\r\n      \"administratorLoginPassword\": {\r\n        \"type\": \"SecureString\"\r\n      },\r\n      \"collation\": {\r\n        \"type\": \"String\",\r\n        \"value\": \"SQL_Latin1_General_CP1_CI_AS\"\r\n      },\r\n      \"databaseName\": {\r\n        \"type\": \"String\",\r\n        \"value\": \"sql-audit-cmdlet-db1915\"\r\n      },\r\n      \"edition\": {\r\n        \"type\": \"String\",\r\n        \"value\": \"Basic\"\r\n      },\r\n      \"configuredServiceLevelObjectiveId\": {\r\n        \"type\": \"String\",\r\n        \"value\": \"910b4fcb-8a29-4c3e-958f-f7ba794388b2\"\r\n      },\r\n      \"serverName\": {\r\n        \"type\": \"String\",\r\n        \"value\": \"sql-audit-cmdlet-server1915\"\r\n      },\r\n      \"storageName\": {\r\n        \"type\": \"String\",\r\n        \"value\": \"auditcmdlets1915\"\r\n      }\r\n    },\r\n    \"mode\": \"Incremental\",\r\n    \"provisioningState\": \"Running\",\r\n    \"timestamp\": \"2015-12-06T09:40:23.2367034Z\",\r\n    \"duration\": \"PT2.5593075S\",\r\n    \"correlationId\": \"1f3cf708-74d1-4ec2-9dab-4b7bdbf83d13\",\r\n    \"providers\": [\r\n      {\r\n        \"namespace\": \"Microsoft.Sql\",\r\n        \"resourceTypes\": [\r\n          {\r\n            \"resourceType\": \"servers\",\r\n            \"locations\": [\r\n              \"westus\"\r\n            ]\r\n          },\r\n          {\r\n            \"resourceType\": \"servers/databases\",\r\n            \"locations\": [\r\n              \"westus\"\r\n            ]\r\n          }\r\n        ]\r\n      },\r\n      {\r\n        \"namespace\": \"Microsoft.ClassicStorage\",\r\n        \"resourceTypes\": [\r\n          {\r\n            \"resourceType\": \"storageAccounts\",\r\n            \"locations\": [\r\n              \"westus\"\r\n            ]\r\n          }\r\n        ]\r\n      }\r\n    ],\r\n    \"dependencies\": [\r\n      {\r\n        \"dependsOn\": [\r\n          {\r\n            \"id\": \"/subscriptions/cca24ec8-99b5-4aa7-9ff6-486e886f304c/resourceGroups/sql-audit-cmdlet-test-rg1915/providers/Microsoft.Sql/servers/sql-audit-cmdlet-server1915\",\r\n            \"resourceType\": \"Microsoft.Sql/servers\",\r\n            \"resourceName\": \"sql-audit-cmdlet-server1915\"\r\n          }\r\n        ],\r\n        \"id\": \"/subscriptions/cca24ec8-99b5-4aa7-9ff6-486e886f304c/resourceGroups/sql-audit-cmdlet-test-rg1915/providers/Microsoft.Sql/servers/sql-audit-cmdlet-server1915/databases/sql-audit-cmdlet-db1915\",\r\n        \"resourceType\": \"Microsoft.Sql/servers/databases\",\r\n        \"resourceName\": \"sql-audit-cmdlet-server1915/sql-audit-cmdlet-db1915\"\r\n      }\r\n    ]\r\n  }\r\n}",
      "ResponseHeaders": {
        "Content-Length": [
          "1819"
        ],
        "Content-Type": [
          "application/json; charset=utf-8"
        ],
        "Expires": [
          "-1"
        ],
        "Pragma": [
          "no-cache"
        ],
        "x-ms-ratelimit-remaining-subscription-reads": [
          "14619"
        ],
        "x-ms-request-id": [
          "b8aded1c-93f2-4846-9871-d097c67ceebe"
        ],
        "x-ms-correlation-request-id": [
          "b8aded1c-93f2-4846-9871-d097c67ceebe"
        ],
        "x-ms-routing-request-id": [
          "WESTEUROPE:20151206T094036Z:b8aded1c-93f2-4846-9871-d097c67ceebe"
        ],
        "Strict-Transport-Security": [
          "max-age=31536000; includeSubDomains"
        ],
        "Cache-Control": [
          "no-cache"
        ],
        "Date": [
          "Sun, 06 Dec 2015 09:40:36 GMT"
        ]
      },
      "StatusCode": 200
    },
    {
      "RequestUri": "/subscriptions/cca24ec8-99b5-4aa7-9ff6-486e886f304c/resourcegroups/sql-audit-cmdlet-test-rg1915/deployments/sql-audit-test-env-setup-classic-storage?api-version=2014-04-01-preview",
      "EncodedRequestUri": "L3N1YnNjcmlwdGlvbnMvY2NhMjRlYzgtOTliNS00YWE3LTlmZjYtNDg2ZTg4NmYzMDRjL3Jlc291cmNlZ3JvdXBzL3NxbC1hdWRpdC1jbWRsZXQtdGVzdC1yZzE5MTUvZGVwbG95bWVudHMvc3FsLWF1ZGl0LXRlc3QtZW52LXNldHVwLWNsYXNzaWMtc3RvcmFnZT9hcGktdmVyc2lvbj0yMDE0LTA0LTAxLXByZXZpZXc=",
      "RequestMethod": "GET",
      "RequestBody": "",
      "RequestHeaders": {
        "User-Agent": [
          "Microsoft.Azure.Management.Resources.ResourceManagementClient/2.0.0.0"
        ]
      },
      "ResponseBody": "{\r\n  \"id\": \"/subscriptions/cca24ec8-99b5-4aa7-9ff6-486e886f304c/resourceGroups/sql-audit-cmdlet-test-rg1915/deployments/sql-audit-test-env-setup-classic-storage\",\r\n  \"name\": \"sql-audit-test-env-setup-classic-storage\",\r\n  \"properties\": {\r\n    \"parameters\": {\r\n      \"administratorLogin\": {\r\n        \"type\": \"String\",\r\n        \"value\": \"testlogin\"\r\n      },\r\n      \"administratorLoginPassword\": {\r\n        \"type\": \"SecureString\"\r\n      },\r\n      \"collation\": {\r\n        \"type\": \"String\",\r\n        \"value\": \"SQL_Latin1_General_CP1_CI_AS\"\r\n      },\r\n      \"databaseName\": {\r\n        \"type\": \"String\",\r\n        \"value\": \"sql-audit-cmdlet-db1915\"\r\n      },\r\n      \"edition\": {\r\n        \"type\": \"String\",\r\n        \"value\": \"Basic\"\r\n      },\r\n      \"configuredServiceLevelObjectiveId\": {\r\n        \"type\": \"String\",\r\n        \"value\": \"910b4fcb-8a29-4c3e-958f-f7ba794388b2\"\r\n      },\r\n      \"serverName\": {\r\n        \"type\": \"String\",\r\n        \"value\": \"sql-audit-cmdlet-server1915\"\r\n      },\r\n      \"storageName\": {\r\n        \"type\": \"String\",\r\n        \"value\": \"auditcmdlets1915\"\r\n      }\r\n    },\r\n    \"mode\": \"Incremental\",\r\n    \"provisioningState\": \"Running\",\r\n    \"timestamp\": \"2015-12-06T09:40:23.2367034Z\",\r\n    \"duration\": \"PT2.5593075S\",\r\n    \"correlationId\": \"1f3cf708-74d1-4ec2-9dab-4b7bdbf83d13\",\r\n    \"providers\": [\r\n      {\r\n        \"namespace\": \"Microsoft.Sql\",\r\n        \"resourceTypes\": [\r\n          {\r\n            \"resourceType\": \"servers\",\r\n            \"locations\": [\r\n              \"westus\"\r\n            ]\r\n          },\r\n          {\r\n            \"resourceType\": \"servers/databases\",\r\n            \"locations\": [\r\n              \"westus\"\r\n            ]\r\n          }\r\n        ]\r\n      },\r\n      {\r\n        \"namespace\": \"Microsoft.ClassicStorage\",\r\n        \"resourceTypes\": [\r\n          {\r\n            \"resourceType\": \"storageAccounts\",\r\n            \"locations\": [\r\n              \"westus\"\r\n            ]\r\n          }\r\n        ]\r\n      }\r\n    ],\r\n    \"dependencies\": [\r\n      {\r\n        \"dependsOn\": [\r\n          {\r\n            \"id\": \"/subscriptions/cca24ec8-99b5-4aa7-9ff6-486e886f304c/resourceGroups/sql-audit-cmdlet-test-rg1915/providers/Microsoft.Sql/servers/sql-audit-cmdlet-server1915\",\r\n            \"resourceType\": \"Microsoft.Sql/servers\",\r\n            \"resourceName\": \"sql-audit-cmdlet-server1915\"\r\n          }\r\n        ],\r\n        \"id\": \"/subscriptions/cca24ec8-99b5-4aa7-9ff6-486e886f304c/resourceGroups/sql-audit-cmdlet-test-rg1915/providers/Microsoft.Sql/servers/sql-audit-cmdlet-server1915/databases/sql-audit-cmdlet-db1915\",\r\n        \"resourceType\": \"Microsoft.Sql/servers/databases\",\r\n        \"resourceName\": \"sql-audit-cmdlet-server1915/sql-audit-cmdlet-db1915\"\r\n      }\r\n    ]\r\n  }\r\n}",
      "ResponseHeaders": {
        "Content-Length": [
          "1819"
        ],
        "Content-Type": [
          "application/json; charset=utf-8"
        ],
        "Expires": [
          "-1"
        ],
        "Pragma": [
          "no-cache"
        ],
        "x-ms-ratelimit-remaining-subscription-reads": [
          "14617"
        ],
        "x-ms-request-id": [
          "7fd77a8b-f2aa-43b9-99ad-e39ff1bd288a"
        ],
        "x-ms-correlation-request-id": [
          "7fd77a8b-f2aa-43b9-99ad-e39ff1bd288a"
        ],
        "x-ms-routing-request-id": [
          "WESTEUROPE:20151206T094039Z:7fd77a8b-f2aa-43b9-99ad-e39ff1bd288a"
        ],
        "Strict-Transport-Security": [
          "max-age=31536000; includeSubDomains"
        ],
        "Cache-Control": [
          "no-cache"
        ],
        "Date": [
          "Sun, 06 Dec 2015 09:40:39 GMT"
        ]
      },
      "StatusCode": 200
    },
    {
      "RequestUri": "/subscriptions/cca24ec8-99b5-4aa7-9ff6-486e886f304c/resourcegroups/sql-audit-cmdlet-test-rg1915/deployments/sql-audit-test-env-setup-classic-storage?api-version=2014-04-01-preview",
      "EncodedRequestUri": "L3N1YnNjcmlwdGlvbnMvY2NhMjRlYzgtOTliNS00YWE3LTlmZjYtNDg2ZTg4NmYzMDRjL3Jlc291cmNlZ3JvdXBzL3NxbC1hdWRpdC1jbWRsZXQtdGVzdC1yZzE5MTUvZGVwbG95bWVudHMvc3FsLWF1ZGl0LXRlc3QtZW52LXNldHVwLWNsYXNzaWMtc3RvcmFnZT9hcGktdmVyc2lvbj0yMDE0LTA0LTAxLXByZXZpZXc=",
      "RequestMethod": "GET",
      "RequestBody": "",
      "RequestHeaders": {
        "User-Agent": [
          "Microsoft.Azure.Management.Resources.ResourceManagementClient/2.0.0.0"
        ]
      },
      "ResponseBody": "{\r\n  \"id\": \"/subscriptions/cca24ec8-99b5-4aa7-9ff6-486e886f304c/resourceGroups/sql-audit-cmdlet-test-rg1915/deployments/sql-audit-test-env-setup-classic-storage\",\r\n  \"name\": \"sql-audit-test-env-setup-classic-storage\",\r\n  \"properties\": {\r\n    \"parameters\": {\r\n      \"administratorLogin\": {\r\n        \"type\": \"String\",\r\n        \"value\": \"testlogin\"\r\n      },\r\n      \"administratorLoginPassword\": {\r\n        \"type\": \"SecureString\"\r\n      },\r\n      \"collation\": {\r\n        \"type\": \"String\",\r\n        \"value\": \"SQL_Latin1_General_CP1_CI_AS\"\r\n      },\r\n      \"databaseName\": {\r\n        \"type\": \"String\",\r\n        \"value\": \"sql-audit-cmdlet-db1915\"\r\n      },\r\n      \"edition\": {\r\n        \"type\": \"String\",\r\n        \"value\": \"Basic\"\r\n      },\r\n      \"configuredServiceLevelObjectiveId\": {\r\n        \"type\": \"String\",\r\n        \"value\": \"910b4fcb-8a29-4c3e-958f-f7ba794388b2\"\r\n      },\r\n      \"serverName\": {\r\n        \"type\": \"String\",\r\n        \"value\": \"sql-audit-cmdlet-server1915\"\r\n      },\r\n      \"storageName\": {\r\n        \"type\": \"String\",\r\n        \"value\": \"auditcmdlets1915\"\r\n      }\r\n    },\r\n    \"mode\": \"Incremental\",\r\n    \"provisioningState\": \"Running\",\r\n    \"timestamp\": \"2015-12-06T09:40:23.2367034Z\",\r\n    \"duration\": \"PT2.5593075S\",\r\n    \"correlationId\": \"1f3cf708-74d1-4ec2-9dab-4b7bdbf83d13\",\r\n    \"providers\": [\r\n      {\r\n        \"namespace\": \"Microsoft.Sql\",\r\n        \"resourceTypes\": [\r\n          {\r\n            \"resourceType\": \"servers\",\r\n            \"locations\": [\r\n              \"westus\"\r\n            ]\r\n          },\r\n          {\r\n            \"resourceType\": \"servers/databases\",\r\n            \"locations\": [\r\n              \"westus\"\r\n            ]\r\n          }\r\n        ]\r\n      },\r\n      {\r\n        \"namespace\": \"Microsoft.ClassicStorage\",\r\n        \"resourceTypes\": [\r\n          {\r\n            \"resourceType\": \"storageAccounts\",\r\n            \"locations\": [\r\n              \"westus\"\r\n            ]\r\n          }\r\n        ]\r\n      }\r\n    ],\r\n    \"dependencies\": [\r\n      {\r\n        \"dependsOn\": [\r\n          {\r\n            \"id\": \"/subscriptions/cca24ec8-99b5-4aa7-9ff6-486e886f304c/resourceGroups/sql-audit-cmdlet-test-rg1915/providers/Microsoft.Sql/servers/sql-audit-cmdlet-server1915\",\r\n            \"resourceType\": \"Microsoft.Sql/servers\",\r\n            \"resourceName\": \"sql-audit-cmdlet-server1915\"\r\n          }\r\n        ],\r\n        \"id\": \"/subscriptions/cca24ec8-99b5-4aa7-9ff6-486e886f304c/resourceGroups/sql-audit-cmdlet-test-rg1915/providers/Microsoft.Sql/servers/sql-audit-cmdlet-server1915/databases/sql-audit-cmdlet-db1915\",\r\n        \"resourceType\": \"Microsoft.Sql/servers/databases\",\r\n        \"resourceName\": \"sql-audit-cmdlet-server1915/sql-audit-cmdlet-db1915\"\r\n      }\r\n    ]\r\n  }\r\n}",
      "ResponseHeaders": {
        "Content-Length": [
          "1819"
        ],
        "Content-Type": [
          "application/json; charset=utf-8"
        ],
        "Expires": [
          "-1"
        ],
        "Pragma": [
          "no-cache"
        ],
        "x-ms-ratelimit-remaining-subscription-reads": [
          "14615"
        ],
        "x-ms-request-id": [
          "71d0b0ad-018e-4e5a-8273-61e05916f214"
        ],
        "x-ms-correlation-request-id": [
          "71d0b0ad-018e-4e5a-8273-61e05916f214"
        ],
        "x-ms-routing-request-id": [
          "WESTEUROPE:20151206T094042Z:71d0b0ad-018e-4e5a-8273-61e05916f214"
        ],
        "Strict-Transport-Security": [
          "max-age=31536000; includeSubDomains"
        ],
        "Cache-Control": [
          "no-cache"
        ],
        "Date": [
          "Sun, 06 Dec 2015 09:40:42 GMT"
        ]
      },
      "StatusCode": 200
    },
    {
      "RequestUri": "/subscriptions/cca24ec8-99b5-4aa7-9ff6-486e886f304c/resourcegroups/sql-audit-cmdlet-test-rg1915/deployments/sql-audit-test-env-setup-classic-storage?api-version=2014-04-01-preview",
      "EncodedRequestUri": "L3N1YnNjcmlwdGlvbnMvY2NhMjRlYzgtOTliNS00YWE3LTlmZjYtNDg2ZTg4NmYzMDRjL3Jlc291cmNlZ3JvdXBzL3NxbC1hdWRpdC1jbWRsZXQtdGVzdC1yZzE5MTUvZGVwbG95bWVudHMvc3FsLWF1ZGl0LXRlc3QtZW52LXNldHVwLWNsYXNzaWMtc3RvcmFnZT9hcGktdmVyc2lvbj0yMDE0LTA0LTAxLXByZXZpZXc=",
      "RequestMethod": "GET",
      "RequestBody": "",
      "RequestHeaders": {
        "User-Agent": [
          "Microsoft.Azure.Management.Resources.ResourceManagementClient/2.0.0.0"
        ]
      },
      "ResponseBody": "{\r\n  \"id\": \"/subscriptions/cca24ec8-99b5-4aa7-9ff6-486e886f304c/resourceGroups/sql-audit-cmdlet-test-rg1915/deployments/sql-audit-test-env-setup-classic-storage\",\r\n  \"name\": \"sql-audit-test-env-setup-classic-storage\",\r\n  \"properties\": {\r\n    \"parameters\": {\r\n      \"administratorLogin\": {\r\n        \"type\": \"String\",\r\n        \"value\": \"testlogin\"\r\n      },\r\n      \"administratorLoginPassword\": {\r\n        \"type\": \"SecureString\"\r\n      },\r\n      \"collation\": {\r\n        \"type\": \"String\",\r\n        \"value\": \"SQL_Latin1_General_CP1_CI_AS\"\r\n      },\r\n      \"databaseName\": {\r\n        \"type\": \"String\",\r\n        \"value\": \"sql-audit-cmdlet-db1915\"\r\n      },\r\n      \"edition\": {\r\n        \"type\": \"String\",\r\n        \"value\": \"Basic\"\r\n      },\r\n      \"configuredServiceLevelObjectiveId\": {\r\n        \"type\": \"String\",\r\n        \"value\": \"910b4fcb-8a29-4c3e-958f-f7ba794388b2\"\r\n      },\r\n      \"serverName\": {\r\n        \"type\": \"String\",\r\n        \"value\": \"sql-audit-cmdlet-server1915\"\r\n      },\r\n      \"storageName\": {\r\n        \"type\": \"String\",\r\n        \"value\": \"auditcmdlets1915\"\r\n      }\r\n    },\r\n    \"mode\": \"Incremental\",\r\n    \"provisioningState\": \"Running\",\r\n    \"timestamp\": \"2015-12-06T09:40:23.2367034Z\",\r\n    \"duration\": \"PT2.5593075S\",\r\n    \"correlationId\": \"1f3cf708-74d1-4ec2-9dab-4b7bdbf83d13\",\r\n    \"providers\": [\r\n      {\r\n        \"namespace\": \"Microsoft.Sql\",\r\n        \"resourceTypes\": [\r\n          {\r\n            \"resourceType\": \"servers\",\r\n            \"locations\": [\r\n              \"westus\"\r\n            ]\r\n          },\r\n          {\r\n            \"resourceType\": \"servers/databases\",\r\n            \"locations\": [\r\n              \"westus\"\r\n            ]\r\n          }\r\n        ]\r\n      },\r\n      {\r\n        \"namespace\": \"Microsoft.ClassicStorage\",\r\n        \"resourceTypes\": [\r\n          {\r\n            \"resourceType\": \"storageAccounts\",\r\n            \"locations\": [\r\n              \"westus\"\r\n            ]\r\n          }\r\n        ]\r\n      }\r\n    ],\r\n    \"dependencies\": [\r\n      {\r\n        \"dependsOn\": [\r\n          {\r\n            \"id\": \"/subscriptions/cca24ec8-99b5-4aa7-9ff6-486e886f304c/resourceGroups/sql-audit-cmdlet-test-rg1915/providers/Microsoft.Sql/servers/sql-audit-cmdlet-server1915\",\r\n            \"resourceType\": \"Microsoft.Sql/servers\",\r\n            \"resourceName\": \"sql-audit-cmdlet-server1915\"\r\n          }\r\n        ],\r\n        \"id\": \"/subscriptions/cca24ec8-99b5-4aa7-9ff6-486e886f304c/resourceGroups/sql-audit-cmdlet-test-rg1915/providers/Microsoft.Sql/servers/sql-audit-cmdlet-server1915/databases/sql-audit-cmdlet-db1915\",\r\n        \"resourceType\": \"Microsoft.Sql/servers/databases\",\r\n        \"resourceName\": \"sql-audit-cmdlet-server1915/sql-audit-cmdlet-db1915\"\r\n      }\r\n    ]\r\n  }\r\n}",
      "ResponseHeaders": {
        "Content-Length": [
          "1819"
        ],
        "Content-Type": [
          "application/json; charset=utf-8"
        ],
        "Expires": [
          "-1"
        ],
        "Pragma": [
          "no-cache"
        ],
        "x-ms-ratelimit-remaining-subscription-reads": [
          "14613"
        ],
        "x-ms-request-id": [
          "d167d054-b587-4d3e-9228-d08ecd742a45"
        ],
        "x-ms-correlation-request-id": [
          "d167d054-b587-4d3e-9228-d08ecd742a45"
        ],
        "x-ms-routing-request-id": [
          "WESTEUROPE:20151206T094046Z:d167d054-b587-4d3e-9228-d08ecd742a45"
        ],
        "Strict-Transport-Security": [
          "max-age=31536000; includeSubDomains"
        ],
        "Cache-Control": [
          "no-cache"
        ],
        "Date": [
          "Sun, 06 Dec 2015 09:40:45 GMT"
        ]
      },
      "StatusCode": 200
    },
    {
      "RequestUri": "/subscriptions/cca24ec8-99b5-4aa7-9ff6-486e886f304c/resourcegroups/sql-audit-cmdlet-test-rg1915/deployments/sql-audit-test-env-setup-classic-storage?api-version=2014-04-01-preview",
      "EncodedRequestUri": "L3N1YnNjcmlwdGlvbnMvY2NhMjRlYzgtOTliNS00YWE3LTlmZjYtNDg2ZTg4NmYzMDRjL3Jlc291cmNlZ3JvdXBzL3NxbC1hdWRpdC1jbWRsZXQtdGVzdC1yZzE5MTUvZGVwbG95bWVudHMvc3FsLWF1ZGl0LXRlc3QtZW52LXNldHVwLWNsYXNzaWMtc3RvcmFnZT9hcGktdmVyc2lvbj0yMDE0LTA0LTAxLXByZXZpZXc=",
      "RequestMethod": "GET",
      "RequestBody": "",
      "RequestHeaders": {
        "User-Agent": [
          "Microsoft.Azure.Management.Resources.ResourceManagementClient/2.0.0.0"
        ]
      },
      "ResponseBody": "{\r\n  \"id\": \"/subscriptions/cca24ec8-99b5-4aa7-9ff6-486e886f304c/resourceGroups/sql-audit-cmdlet-test-rg1915/deployments/sql-audit-test-env-setup-classic-storage\",\r\n  \"name\": \"sql-audit-test-env-setup-classic-storage\",\r\n  \"properties\": {\r\n    \"parameters\": {\r\n      \"administratorLogin\": {\r\n        \"type\": \"String\",\r\n        \"value\": \"testlogin\"\r\n      },\r\n      \"administratorLoginPassword\": {\r\n        \"type\": \"SecureString\"\r\n      },\r\n      \"collation\": {\r\n        \"type\": \"String\",\r\n        \"value\": \"SQL_Latin1_General_CP1_CI_AS\"\r\n      },\r\n      \"databaseName\": {\r\n        \"type\": \"String\",\r\n        \"value\": \"sql-audit-cmdlet-db1915\"\r\n      },\r\n      \"edition\": {\r\n        \"type\": \"String\",\r\n        \"value\": \"Basic\"\r\n      },\r\n      \"configuredServiceLevelObjectiveId\": {\r\n        \"type\": \"String\",\r\n        \"value\": \"910b4fcb-8a29-4c3e-958f-f7ba794388b2\"\r\n      },\r\n      \"serverName\": {\r\n        \"type\": \"String\",\r\n        \"value\": \"sql-audit-cmdlet-server1915\"\r\n      },\r\n      \"storageName\": {\r\n        \"type\": \"String\",\r\n        \"value\": \"auditcmdlets1915\"\r\n      }\r\n    },\r\n    \"mode\": \"Incremental\",\r\n    \"provisioningState\": \"Running\",\r\n    \"timestamp\": \"2015-12-06T09:40:23.2367034Z\",\r\n    \"duration\": \"PT2.5593075S\",\r\n    \"correlationId\": \"1f3cf708-74d1-4ec2-9dab-4b7bdbf83d13\",\r\n    \"providers\": [\r\n      {\r\n        \"namespace\": \"Microsoft.Sql\",\r\n        \"resourceTypes\": [\r\n          {\r\n            \"resourceType\": \"servers\",\r\n            \"locations\": [\r\n              \"westus\"\r\n            ]\r\n          },\r\n          {\r\n            \"resourceType\": \"servers/databases\",\r\n            \"locations\": [\r\n              \"westus\"\r\n            ]\r\n          }\r\n        ]\r\n      },\r\n      {\r\n        \"namespace\": \"Microsoft.ClassicStorage\",\r\n        \"resourceTypes\": [\r\n          {\r\n            \"resourceType\": \"storageAccounts\",\r\n            \"locations\": [\r\n              \"westus\"\r\n            ]\r\n          }\r\n        ]\r\n      }\r\n    ],\r\n    \"dependencies\": [\r\n      {\r\n        \"dependsOn\": [\r\n          {\r\n            \"id\": \"/subscriptions/cca24ec8-99b5-4aa7-9ff6-486e886f304c/resourceGroups/sql-audit-cmdlet-test-rg1915/providers/Microsoft.Sql/servers/sql-audit-cmdlet-server1915\",\r\n            \"resourceType\": \"Microsoft.Sql/servers\",\r\n            \"resourceName\": \"sql-audit-cmdlet-server1915\"\r\n          }\r\n        ],\r\n        \"id\": \"/subscriptions/cca24ec8-99b5-4aa7-9ff6-486e886f304c/resourceGroups/sql-audit-cmdlet-test-rg1915/providers/Microsoft.Sql/servers/sql-audit-cmdlet-server1915/databases/sql-audit-cmdlet-db1915\",\r\n        \"resourceType\": \"Microsoft.Sql/servers/databases\",\r\n        \"resourceName\": \"sql-audit-cmdlet-server1915/sql-audit-cmdlet-db1915\"\r\n      }\r\n    ]\r\n  }\r\n}",
      "ResponseHeaders": {
        "Content-Length": [
          "1819"
        ],
        "Content-Type": [
          "application/json; charset=utf-8"
        ],
        "Expires": [
          "-1"
        ],
        "Pragma": [
          "no-cache"
        ],
        "x-ms-ratelimit-remaining-subscription-reads": [
          "14611"
        ],
        "x-ms-request-id": [
          "40b35f9f-7dba-486e-a869-78d0ab212124"
        ],
        "x-ms-correlation-request-id": [
          "40b35f9f-7dba-486e-a869-78d0ab212124"
        ],
        "x-ms-routing-request-id": [
          "WESTEUROPE:20151206T094049Z:40b35f9f-7dba-486e-a869-78d0ab212124"
        ],
        "Strict-Transport-Security": [
          "max-age=31536000; includeSubDomains"
        ],
        "Cache-Control": [
          "no-cache"
        ],
        "Date": [
          "Sun, 06 Dec 2015 09:40:48 GMT"
        ]
      },
      "StatusCode": 200
    },
    {
      "RequestUri": "/subscriptions/cca24ec8-99b5-4aa7-9ff6-486e886f304c/resourcegroups/sql-audit-cmdlet-test-rg1915/deployments/sql-audit-test-env-setup-classic-storage?api-version=2014-04-01-preview",
      "EncodedRequestUri": "L3N1YnNjcmlwdGlvbnMvY2NhMjRlYzgtOTliNS00YWE3LTlmZjYtNDg2ZTg4NmYzMDRjL3Jlc291cmNlZ3JvdXBzL3NxbC1hdWRpdC1jbWRsZXQtdGVzdC1yZzE5MTUvZGVwbG95bWVudHMvc3FsLWF1ZGl0LXRlc3QtZW52LXNldHVwLWNsYXNzaWMtc3RvcmFnZT9hcGktdmVyc2lvbj0yMDE0LTA0LTAxLXByZXZpZXc=",
      "RequestMethod": "GET",
      "RequestBody": "",
      "RequestHeaders": {
        "User-Agent": [
          "Microsoft.Azure.Management.Resources.ResourceManagementClient/2.0.0.0"
        ]
      },
      "ResponseBody": "{\r\n  \"id\": \"/subscriptions/cca24ec8-99b5-4aa7-9ff6-486e886f304c/resourceGroups/sql-audit-cmdlet-test-rg1915/deployments/sql-audit-test-env-setup-classic-storage\",\r\n  \"name\": \"sql-audit-test-env-setup-classic-storage\",\r\n  \"properties\": {\r\n    \"parameters\": {\r\n      \"administratorLogin\": {\r\n        \"type\": \"String\",\r\n        \"value\": \"testlogin\"\r\n      },\r\n      \"administratorLoginPassword\": {\r\n        \"type\": \"SecureString\"\r\n      },\r\n      \"collation\": {\r\n        \"type\": \"String\",\r\n        \"value\": \"SQL_Latin1_General_CP1_CI_AS\"\r\n      },\r\n      \"databaseName\": {\r\n        \"type\": \"String\",\r\n        \"value\": \"sql-audit-cmdlet-db1915\"\r\n      },\r\n      \"edition\": {\r\n        \"type\": \"String\",\r\n        \"value\": \"Basic\"\r\n      },\r\n      \"configuredServiceLevelObjectiveId\": {\r\n        \"type\": \"String\",\r\n        \"value\": \"910b4fcb-8a29-4c3e-958f-f7ba794388b2\"\r\n      },\r\n      \"serverName\": {\r\n        \"type\": \"String\",\r\n        \"value\": \"sql-audit-cmdlet-server1915\"\r\n      },\r\n      \"storageName\": {\r\n        \"type\": \"String\",\r\n        \"value\": \"auditcmdlets1915\"\r\n      }\r\n    },\r\n    \"mode\": \"Incremental\",\r\n    \"provisioningState\": \"Running\",\r\n    \"timestamp\": \"2015-12-06T09:40:23.2367034Z\",\r\n    \"duration\": \"PT2.5593075S\",\r\n    \"correlationId\": \"1f3cf708-74d1-4ec2-9dab-4b7bdbf83d13\",\r\n    \"providers\": [\r\n      {\r\n        \"namespace\": \"Microsoft.Sql\",\r\n        \"resourceTypes\": [\r\n          {\r\n            \"resourceType\": \"servers\",\r\n            \"locations\": [\r\n              \"westus\"\r\n            ]\r\n          },\r\n          {\r\n            \"resourceType\": \"servers/databases\",\r\n            \"locations\": [\r\n              \"westus\"\r\n            ]\r\n          }\r\n        ]\r\n      },\r\n      {\r\n        \"namespace\": \"Microsoft.ClassicStorage\",\r\n        \"resourceTypes\": [\r\n          {\r\n            \"resourceType\": \"storageAccounts\",\r\n            \"locations\": [\r\n              \"westus\"\r\n            ]\r\n          }\r\n        ]\r\n      }\r\n    ],\r\n    \"dependencies\": [\r\n      {\r\n        \"dependsOn\": [\r\n          {\r\n            \"id\": \"/subscriptions/cca24ec8-99b5-4aa7-9ff6-486e886f304c/resourceGroups/sql-audit-cmdlet-test-rg1915/providers/Microsoft.Sql/servers/sql-audit-cmdlet-server1915\",\r\n            \"resourceType\": \"Microsoft.Sql/servers\",\r\n            \"resourceName\": \"sql-audit-cmdlet-server1915\"\r\n          }\r\n        ],\r\n        \"id\": \"/subscriptions/cca24ec8-99b5-4aa7-9ff6-486e886f304c/resourceGroups/sql-audit-cmdlet-test-rg1915/providers/Microsoft.Sql/servers/sql-audit-cmdlet-server1915/databases/sql-audit-cmdlet-db1915\",\r\n        \"resourceType\": \"Microsoft.Sql/servers/databases\",\r\n        \"resourceName\": \"sql-audit-cmdlet-server1915/sql-audit-cmdlet-db1915\"\r\n      }\r\n    ]\r\n  }\r\n}",
      "ResponseHeaders": {
        "Content-Length": [
          "1819"
        ],
        "Content-Type": [
          "application/json; charset=utf-8"
        ],
        "Expires": [
          "-1"
        ],
        "Pragma": [
          "no-cache"
        ],
        "x-ms-ratelimit-remaining-subscription-reads": [
          "14609"
        ],
        "x-ms-request-id": [
          "d6aa024c-03d7-4223-b1fa-e316347b1b3c"
        ],
        "x-ms-correlation-request-id": [
          "d6aa024c-03d7-4223-b1fa-e316347b1b3c"
        ],
        "x-ms-routing-request-id": [
          "WESTEUROPE:20151206T094052Z:d6aa024c-03d7-4223-b1fa-e316347b1b3c"
        ],
        "Strict-Transport-Security": [
          "max-age=31536000; includeSubDomains"
        ],
        "Cache-Control": [
          "no-cache"
        ],
        "Date": [
          "Sun, 06 Dec 2015 09:40:52 GMT"
        ]
      },
      "StatusCode": 200
    },
    {
      "RequestUri": "/subscriptions/cca24ec8-99b5-4aa7-9ff6-486e886f304c/resourcegroups/sql-audit-cmdlet-test-rg1915/deployments/sql-audit-test-env-setup-classic-storage?api-version=2014-04-01-preview",
      "EncodedRequestUri": "L3N1YnNjcmlwdGlvbnMvY2NhMjRlYzgtOTliNS00YWE3LTlmZjYtNDg2ZTg4NmYzMDRjL3Jlc291cmNlZ3JvdXBzL3NxbC1hdWRpdC1jbWRsZXQtdGVzdC1yZzE5MTUvZGVwbG95bWVudHMvc3FsLWF1ZGl0LXRlc3QtZW52LXNldHVwLWNsYXNzaWMtc3RvcmFnZT9hcGktdmVyc2lvbj0yMDE0LTA0LTAxLXByZXZpZXc=",
      "RequestMethod": "GET",
      "RequestBody": "",
      "RequestHeaders": {
        "User-Agent": [
          "Microsoft.Azure.Management.Resources.ResourceManagementClient/2.0.0.0"
        ]
      },
      "ResponseBody": "{\r\n  \"id\": \"/subscriptions/cca24ec8-99b5-4aa7-9ff6-486e886f304c/resourceGroups/sql-audit-cmdlet-test-rg1915/deployments/sql-audit-test-env-setup-classic-storage\",\r\n  \"name\": \"sql-audit-test-env-setup-classic-storage\",\r\n  \"properties\": {\r\n    \"parameters\": {\r\n      \"administratorLogin\": {\r\n        \"type\": \"String\",\r\n        \"value\": \"testlogin\"\r\n      },\r\n      \"administratorLoginPassword\": {\r\n        \"type\": \"SecureString\"\r\n      },\r\n      \"collation\": {\r\n        \"type\": \"String\",\r\n        \"value\": \"SQL_Latin1_General_CP1_CI_AS\"\r\n      },\r\n      \"databaseName\": {\r\n        \"type\": \"String\",\r\n        \"value\": \"sql-audit-cmdlet-db1915\"\r\n      },\r\n      \"edition\": {\r\n        \"type\": \"String\",\r\n        \"value\": \"Basic\"\r\n      },\r\n      \"configuredServiceLevelObjectiveId\": {\r\n        \"type\": \"String\",\r\n        \"value\": \"910b4fcb-8a29-4c3e-958f-f7ba794388b2\"\r\n      },\r\n      \"serverName\": {\r\n        \"type\": \"String\",\r\n        \"value\": \"sql-audit-cmdlet-server1915\"\r\n      },\r\n      \"storageName\": {\r\n        \"type\": \"String\",\r\n        \"value\": \"auditcmdlets1915\"\r\n      }\r\n    },\r\n    \"mode\": \"Incremental\",\r\n    \"provisioningState\": \"Running\",\r\n    \"timestamp\": \"2015-12-06T09:40:23.2367034Z\",\r\n    \"duration\": \"PT2.5593075S\",\r\n    \"correlationId\": \"1f3cf708-74d1-4ec2-9dab-4b7bdbf83d13\",\r\n    \"providers\": [\r\n      {\r\n        \"namespace\": \"Microsoft.Sql\",\r\n        \"resourceTypes\": [\r\n          {\r\n            \"resourceType\": \"servers\",\r\n            \"locations\": [\r\n              \"westus\"\r\n            ]\r\n          },\r\n          {\r\n            \"resourceType\": \"servers/databases\",\r\n            \"locations\": [\r\n              \"westus\"\r\n            ]\r\n          }\r\n        ]\r\n      },\r\n      {\r\n        \"namespace\": \"Microsoft.ClassicStorage\",\r\n        \"resourceTypes\": [\r\n          {\r\n            \"resourceType\": \"storageAccounts\",\r\n            \"locations\": [\r\n              \"westus\"\r\n            ]\r\n          }\r\n        ]\r\n      }\r\n    ],\r\n    \"dependencies\": [\r\n      {\r\n        \"dependsOn\": [\r\n          {\r\n            \"id\": \"/subscriptions/cca24ec8-99b5-4aa7-9ff6-486e886f304c/resourceGroups/sql-audit-cmdlet-test-rg1915/providers/Microsoft.Sql/servers/sql-audit-cmdlet-server1915\",\r\n            \"resourceType\": \"Microsoft.Sql/servers\",\r\n            \"resourceName\": \"sql-audit-cmdlet-server1915\"\r\n          }\r\n        ],\r\n        \"id\": \"/subscriptions/cca24ec8-99b5-4aa7-9ff6-486e886f304c/resourceGroups/sql-audit-cmdlet-test-rg1915/providers/Microsoft.Sql/servers/sql-audit-cmdlet-server1915/databases/sql-audit-cmdlet-db1915\",\r\n        \"resourceType\": \"Microsoft.Sql/servers/databases\",\r\n        \"resourceName\": \"sql-audit-cmdlet-server1915/sql-audit-cmdlet-db1915\"\r\n      }\r\n    ]\r\n  }\r\n}",
      "ResponseHeaders": {
        "Content-Length": [
          "1819"
        ],
        "Content-Type": [
          "application/json; charset=utf-8"
        ],
        "Expires": [
          "-1"
        ],
        "Pragma": [
          "no-cache"
        ],
        "x-ms-ratelimit-remaining-subscription-reads": [
          "14607"
        ],
        "x-ms-request-id": [
          "021c3eb7-db10-41df-9ca8-78f8a9e0fd8d"
        ],
        "x-ms-correlation-request-id": [
          "021c3eb7-db10-41df-9ca8-78f8a9e0fd8d"
        ],
        "x-ms-routing-request-id": [
          "WESTEUROPE:20151206T094055Z:021c3eb7-db10-41df-9ca8-78f8a9e0fd8d"
        ],
        "Strict-Transport-Security": [
          "max-age=31536000; includeSubDomains"
        ],
        "Cache-Control": [
          "no-cache"
        ],
        "Date": [
          "Sun, 06 Dec 2015 09:40:55 GMT"
        ]
      },
      "StatusCode": 200
    },
    {
      "RequestUri": "/subscriptions/cca24ec8-99b5-4aa7-9ff6-486e886f304c/resourcegroups/sql-audit-cmdlet-test-rg1915/deployments/sql-audit-test-env-setup-classic-storage?api-version=2014-04-01-preview",
      "EncodedRequestUri": "L3N1YnNjcmlwdGlvbnMvY2NhMjRlYzgtOTliNS00YWE3LTlmZjYtNDg2ZTg4NmYzMDRjL3Jlc291cmNlZ3JvdXBzL3NxbC1hdWRpdC1jbWRsZXQtdGVzdC1yZzE5MTUvZGVwbG95bWVudHMvc3FsLWF1ZGl0LXRlc3QtZW52LXNldHVwLWNsYXNzaWMtc3RvcmFnZT9hcGktdmVyc2lvbj0yMDE0LTA0LTAxLXByZXZpZXc=",
      "RequestMethod": "GET",
      "RequestBody": "",
      "RequestHeaders": {
        "User-Agent": [
          "Microsoft.Azure.Management.Resources.ResourceManagementClient/2.0.0.0"
        ]
      },
      "ResponseBody": "{\r\n  \"id\": \"/subscriptions/cca24ec8-99b5-4aa7-9ff6-486e886f304c/resourceGroups/sql-audit-cmdlet-test-rg1915/deployments/sql-audit-test-env-setup-classic-storage\",\r\n  \"name\": \"sql-audit-test-env-setup-classic-storage\",\r\n  \"properties\": {\r\n    \"parameters\": {\r\n      \"administratorLogin\": {\r\n        \"type\": \"String\",\r\n        \"value\": \"testlogin\"\r\n      },\r\n      \"administratorLoginPassword\": {\r\n        \"type\": \"SecureString\"\r\n      },\r\n      \"collation\": {\r\n        \"type\": \"String\",\r\n        \"value\": \"SQL_Latin1_General_CP1_CI_AS\"\r\n      },\r\n      \"databaseName\": {\r\n        \"type\": \"String\",\r\n        \"value\": \"sql-audit-cmdlet-db1915\"\r\n      },\r\n      \"edition\": {\r\n        \"type\": \"String\",\r\n        \"value\": \"Basic\"\r\n      },\r\n      \"configuredServiceLevelObjectiveId\": {\r\n        \"type\": \"String\",\r\n        \"value\": \"910b4fcb-8a29-4c3e-958f-f7ba794388b2\"\r\n      },\r\n      \"serverName\": {\r\n        \"type\": \"String\",\r\n        \"value\": \"sql-audit-cmdlet-server1915\"\r\n      },\r\n      \"storageName\": {\r\n        \"type\": \"String\",\r\n        \"value\": \"auditcmdlets1915\"\r\n      }\r\n    },\r\n    \"mode\": \"Incremental\",\r\n    \"provisioningState\": \"Running\",\r\n    \"timestamp\": \"2015-12-06T09:40:23.2367034Z\",\r\n    \"duration\": \"PT2.5593075S\",\r\n    \"correlationId\": \"1f3cf708-74d1-4ec2-9dab-4b7bdbf83d13\",\r\n    \"providers\": [\r\n      {\r\n        \"namespace\": \"Microsoft.Sql\",\r\n        \"resourceTypes\": [\r\n          {\r\n            \"resourceType\": \"servers\",\r\n            \"locations\": [\r\n              \"westus\"\r\n            ]\r\n          },\r\n          {\r\n            \"resourceType\": \"servers/databases\",\r\n            \"locations\": [\r\n              \"westus\"\r\n            ]\r\n          }\r\n        ]\r\n      },\r\n      {\r\n        \"namespace\": \"Microsoft.ClassicStorage\",\r\n        \"resourceTypes\": [\r\n          {\r\n            \"resourceType\": \"storageAccounts\",\r\n            \"locations\": [\r\n              \"westus\"\r\n            ]\r\n          }\r\n        ]\r\n      }\r\n    ],\r\n    \"dependencies\": [\r\n      {\r\n        \"dependsOn\": [\r\n          {\r\n            \"id\": \"/subscriptions/cca24ec8-99b5-4aa7-9ff6-486e886f304c/resourceGroups/sql-audit-cmdlet-test-rg1915/providers/Microsoft.Sql/servers/sql-audit-cmdlet-server1915\",\r\n            \"resourceType\": \"Microsoft.Sql/servers\",\r\n            \"resourceName\": \"sql-audit-cmdlet-server1915\"\r\n          }\r\n        ],\r\n        \"id\": \"/subscriptions/cca24ec8-99b5-4aa7-9ff6-486e886f304c/resourceGroups/sql-audit-cmdlet-test-rg1915/providers/Microsoft.Sql/servers/sql-audit-cmdlet-server1915/databases/sql-audit-cmdlet-db1915\",\r\n        \"resourceType\": \"Microsoft.Sql/servers/databases\",\r\n        \"resourceName\": \"sql-audit-cmdlet-server1915/sql-audit-cmdlet-db1915\"\r\n      }\r\n    ]\r\n  }\r\n}",
      "ResponseHeaders": {
        "Content-Length": [
          "1819"
        ],
        "Content-Type": [
          "application/json; charset=utf-8"
        ],
        "Expires": [
          "-1"
        ],
        "Pragma": [
          "no-cache"
        ],
        "x-ms-ratelimit-remaining-subscription-reads": [
          "14605"
        ],
        "x-ms-request-id": [
          "e743de4f-af0f-42a4-ace3-765d7d5b5682"
        ],
        "x-ms-correlation-request-id": [
          "e743de4f-af0f-42a4-ace3-765d7d5b5682"
        ],
        "x-ms-routing-request-id": [
          "WESTEUROPE:20151206T094058Z:e743de4f-af0f-42a4-ace3-765d7d5b5682"
        ],
        "Strict-Transport-Security": [
          "max-age=31536000; includeSubDomains"
        ],
        "Cache-Control": [
          "no-cache"
        ],
        "Date": [
          "Sun, 06 Dec 2015 09:40:58 GMT"
        ]
      },
      "StatusCode": 200
    },
    {
      "RequestUri": "/subscriptions/cca24ec8-99b5-4aa7-9ff6-486e886f304c/resourcegroups/sql-audit-cmdlet-test-rg1915/deployments/sql-audit-test-env-setup-classic-storage?api-version=2014-04-01-preview",
      "EncodedRequestUri": "L3N1YnNjcmlwdGlvbnMvY2NhMjRlYzgtOTliNS00YWE3LTlmZjYtNDg2ZTg4NmYzMDRjL3Jlc291cmNlZ3JvdXBzL3NxbC1hdWRpdC1jbWRsZXQtdGVzdC1yZzE5MTUvZGVwbG95bWVudHMvc3FsLWF1ZGl0LXRlc3QtZW52LXNldHVwLWNsYXNzaWMtc3RvcmFnZT9hcGktdmVyc2lvbj0yMDE0LTA0LTAxLXByZXZpZXc=",
      "RequestMethod": "GET",
      "RequestBody": "",
      "RequestHeaders": {
        "User-Agent": [
          "Microsoft.Azure.Management.Resources.ResourceManagementClient/2.0.0.0"
        ]
      },
      "ResponseBody": "{\r\n  \"id\": \"/subscriptions/cca24ec8-99b5-4aa7-9ff6-486e886f304c/resourceGroups/sql-audit-cmdlet-test-rg1915/deployments/sql-audit-test-env-setup-classic-storage\",\r\n  \"name\": \"sql-audit-test-env-setup-classic-storage\",\r\n  \"properties\": {\r\n    \"parameters\": {\r\n      \"administratorLogin\": {\r\n        \"type\": \"String\",\r\n        \"value\": \"testlogin\"\r\n      },\r\n      \"administratorLoginPassword\": {\r\n        \"type\": \"SecureString\"\r\n      },\r\n      \"collation\": {\r\n        \"type\": \"String\",\r\n        \"value\": \"SQL_Latin1_General_CP1_CI_AS\"\r\n      },\r\n      \"databaseName\": {\r\n        \"type\": \"String\",\r\n        \"value\": \"sql-audit-cmdlet-db1915\"\r\n      },\r\n      \"edition\": {\r\n        \"type\": \"String\",\r\n        \"value\": \"Basic\"\r\n      },\r\n      \"configuredServiceLevelObjectiveId\": {\r\n        \"type\": \"String\",\r\n        \"value\": \"910b4fcb-8a29-4c3e-958f-f7ba794388b2\"\r\n      },\r\n      \"serverName\": {\r\n        \"type\": \"String\",\r\n        \"value\": \"sql-audit-cmdlet-server1915\"\r\n      },\r\n      \"storageName\": {\r\n        \"type\": \"String\",\r\n        \"value\": \"auditcmdlets1915\"\r\n      }\r\n    },\r\n    \"mode\": \"Incremental\",\r\n    \"provisioningState\": \"Running\",\r\n    \"timestamp\": \"2015-12-06T09:40:23.2367034Z\",\r\n    \"duration\": \"PT2.5593075S\",\r\n    \"correlationId\": \"1f3cf708-74d1-4ec2-9dab-4b7bdbf83d13\",\r\n    \"providers\": [\r\n      {\r\n        \"namespace\": \"Microsoft.Sql\",\r\n        \"resourceTypes\": [\r\n          {\r\n            \"resourceType\": \"servers\",\r\n            \"locations\": [\r\n              \"westus\"\r\n            ]\r\n          },\r\n          {\r\n            \"resourceType\": \"servers/databases\",\r\n            \"locations\": [\r\n              \"westus\"\r\n            ]\r\n          }\r\n        ]\r\n      },\r\n      {\r\n        \"namespace\": \"Microsoft.ClassicStorage\",\r\n        \"resourceTypes\": [\r\n          {\r\n            \"resourceType\": \"storageAccounts\",\r\n            \"locations\": [\r\n              \"westus\"\r\n            ]\r\n          }\r\n        ]\r\n      }\r\n    ],\r\n    \"dependencies\": [\r\n      {\r\n        \"dependsOn\": [\r\n          {\r\n            \"id\": \"/subscriptions/cca24ec8-99b5-4aa7-9ff6-486e886f304c/resourceGroups/sql-audit-cmdlet-test-rg1915/providers/Microsoft.Sql/servers/sql-audit-cmdlet-server1915\",\r\n            \"resourceType\": \"Microsoft.Sql/servers\",\r\n            \"resourceName\": \"sql-audit-cmdlet-server1915\"\r\n          }\r\n        ],\r\n        \"id\": \"/subscriptions/cca24ec8-99b5-4aa7-9ff6-486e886f304c/resourceGroups/sql-audit-cmdlet-test-rg1915/providers/Microsoft.Sql/servers/sql-audit-cmdlet-server1915/databases/sql-audit-cmdlet-db1915\",\r\n        \"resourceType\": \"Microsoft.Sql/servers/databases\",\r\n        \"resourceName\": \"sql-audit-cmdlet-server1915/sql-audit-cmdlet-db1915\"\r\n      }\r\n    ]\r\n  }\r\n}",
      "ResponseHeaders": {
        "Content-Length": [
          "1819"
        ],
        "Content-Type": [
          "application/json; charset=utf-8"
        ],
        "Expires": [
          "-1"
        ],
        "Pragma": [
          "no-cache"
        ],
        "x-ms-ratelimit-remaining-subscription-reads": [
          "14603"
        ],
        "x-ms-request-id": [
          "05f9c765-b037-4a8b-8c14-1841a9c92b70"
        ],
        "x-ms-correlation-request-id": [
          "05f9c765-b037-4a8b-8c14-1841a9c92b70"
        ],
        "x-ms-routing-request-id": [
          "WESTEUROPE:20151206T094101Z:05f9c765-b037-4a8b-8c14-1841a9c92b70"
        ],
        "Strict-Transport-Security": [
          "max-age=31536000; includeSubDomains"
        ],
        "Cache-Control": [
          "no-cache"
        ],
        "Date": [
          "Sun, 06 Dec 2015 09:41:01 GMT"
        ]
      },
      "StatusCode": 200
    },
    {
      "RequestUri": "/subscriptions/cca24ec8-99b5-4aa7-9ff6-486e886f304c/resourcegroups/sql-audit-cmdlet-test-rg1915/deployments/sql-audit-test-env-setup-classic-storage?api-version=2014-04-01-preview",
      "EncodedRequestUri": "L3N1YnNjcmlwdGlvbnMvY2NhMjRlYzgtOTliNS00YWE3LTlmZjYtNDg2ZTg4NmYzMDRjL3Jlc291cmNlZ3JvdXBzL3NxbC1hdWRpdC1jbWRsZXQtdGVzdC1yZzE5MTUvZGVwbG95bWVudHMvc3FsLWF1ZGl0LXRlc3QtZW52LXNldHVwLWNsYXNzaWMtc3RvcmFnZT9hcGktdmVyc2lvbj0yMDE0LTA0LTAxLXByZXZpZXc=",
      "RequestMethod": "GET",
      "RequestBody": "",
      "RequestHeaders": {
        "User-Agent": [
          "Microsoft.Azure.Management.Resources.ResourceManagementClient/2.0.0.0"
        ]
      },
      "ResponseBody": "{\r\n  \"id\": \"/subscriptions/cca24ec8-99b5-4aa7-9ff6-486e886f304c/resourceGroups/sql-audit-cmdlet-test-rg1915/deployments/sql-audit-test-env-setup-classic-storage\",\r\n  \"name\": \"sql-audit-test-env-setup-classic-storage\",\r\n  \"properties\": {\r\n    \"parameters\": {\r\n      \"administratorLogin\": {\r\n        \"type\": \"String\",\r\n        \"value\": \"testlogin\"\r\n      },\r\n      \"administratorLoginPassword\": {\r\n        \"type\": \"SecureString\"\r\n      },\r\n      \"collation\": {\r\n        \"type\": \"String\",\r\n        \"value\": \"SQL_Latin1_General_CP1_CI_AS\"\r\n      },\r\n      \"databaseName\": {\r\n        \"type\": \"String\",\r\n        \"value\": \"sql-audit-cmdlet-db1915\"\r\n      },\r\n      \"edition\": {\r\n        \"type\": \"String\",\r\n        \"value\": \"Basic\"\r\n      },\r\n      \"configuredServiceLevelObjectiveId\": {\r\n        \"type\": \"String\",\r\n        \"value\": \"910b4fcb-8a29-4c3e-958f-f7ba794388b2\"\r\n      },\r\n      \"serverName\": {\r\n        \"type\": \"String\",\r\n        \"value\": \"sql-audit-cmdlet-server1915\"\r\n      },\r\n      \"storageName\": {\r\n        \"type\": \"String\",\r\n        \"value\": \"auditcmdlets1915\"\r\n      }\r\n    },\r\n    \"mode\": \"Incremental\",\r\n    \"provisioningState\": \"Running\",\r\n    \"timestamp\": \"2015-12-06T09:40:23.2367034Z\",\r\n    \"duration\": \"PT2.5593075S\",\r\n    \"correlationId\": \"1f3cf708-74d1-4ec2-9dab-4b7bdbf83d13\",\r\n    \"providers\": [\r\n      {\r\n        \"namespace\": \"Microsoft.Sql\",\r\n        \"resourceTypes\": [\r\n          {\r\n            \"resourceType\": \"servers\",\r\n            \"locations\": [\r\n              \"westus\"\r\n            ]\r\n          },\r\n          {\r\n            \"resourceType\": \"servers/databases\",\r\n            \"locations\": [\r\n              \"westus\"\r\n            ]\r\n          }\r\n        ]\r\n      },\r\n      {\r\n        \"namespace\": \"Microsoft.ClassicStorage\",\r\n        \"resourceTypes\": [\r\n          {\r\n            \"resourceType\": \"storageAccounts\",\r\n            \"locations\": [\r\n              \"westus\"\r\n            ]\r\n          }\r\n        ]\r\n      }\r\n    ],\r\n    \"dependencies\": [\r\n      {\r\n        \"dependsOn\": [\r\n          {\r\n            \"id\": \"/subscriptions/cca24ec8-99b5-4aa7-9ff6-486e886f304c/resourceGroups/sql-audit-cmdlet-test-rg1915/providers/Microsoft.Sql/servers/sql-audit-cmdlet-server1915\",\r\n            \"resourceType\": \"Microsoft.Sql/servers\",\r\n            \"resourceName\": \"sql-audit-cmdlet-server1915\"\r\n          }\r\n        ],\r\n        \"id\": \"/subscriptions/cca24ec8-99b5-4aa7-9ff6-486e886f304c/resourceGroups/sql-audit-cmdlet-test-rg1915/providers/Microsoft.Sql/servers/sql-audit-cmdlet-server1915/databases/sql-audit-cmdlet-db1915\",\r\n        \"resourceType\": \"Microsoft.Sql/servers/databases\",\r\n        \"resourceName\": \"sql-audit-cmdlet-server1915/sql-audit-cmdlet-db1915\"\r\n      }\r\n    ]\r\n  }\r\n}",
      "ResponseHeaders": {
        "Content-Length": [
          "1819"
        ],
        "Content-Type": [
          "application/json; charset=utf-8"
        ],
        "Expires": [
          "-1"
        ],
        "Pragma": [
          "no-cache"
        ],
        "x-ms-ratelimit-remaining-subscription-reads": [
          "14601"
        ],
        "x-ms-request-id": [
          "6326ad0c-b00c-4289-b20e-c029c4a1311e"
        ],
        "x-ms-correlation-request-id": [
          "6326ad0c-b00c-4289-b20e-c029c4a1311e"
        ],
        "x-ms-routing-request-id": [
          "WESTEUROPE:20151206T094104Z:6326ad0c-b00c-4289-b20e-c029c4a1311e"
        ],
        "Strict-Transport-Security": [
          "max-age=31536000; includeSubDomains"
        ],
        "Cache-Control": [
          "no-cache"
        ],
        "Date": [
          "Sun, 06 Dec 2015 09:41:04 GMT"
        ]
      },
      "StatusCode": 200
    },
    {
      "RequestUri": "/subscriptions/cca24ec8-99b5-4aa7-9ff6-486e886f304c/resourcegroups/sql-audit-cmdlet-test-rg1915/deployments/sql-audit-test-env-setup-classic-storage?api-version=2014-04-01-preview",
      "EncodedRequestUri": "L3N1YnNjcmlwdGlvbnMvY2NhMjRlYzgtOTliNS00YWE3LTlmZjYtNDg2ZTg4NmYzMDRjL3Jlc291cmNlZ3JvdXBzL3NxbC1hdWRpdC1jbWRsZXQtdGVzdC1yZzE5MTUvZGVwbG95bWVudHMvc3FsLWF1ZGl0LXRlc3QtZW52LXNldHVwLWNsYXNzaWMtc3RvcmFnZT9hcGktdmVyc2lvbj0yMDE0LTA0LTAxLXByZXZpZXc=",
      "RequestMethod": "GET",
      "RequestBody": "",
      "RequestHeaders": {
        "User-Agent": [
          "Microsoft.Azure.Management.Resources.ResourceManagementClient/2.0.0.0"
        ]
      },
      "ResponseBody": "{\r\n  \"id\": \"/subscriptions/cca24ec8-99b5-4aa7-9ff6-486e886f304c/resourceGroups/sql-audit-cmdlet-test-rg1915/deployments/sql-audit-test-env-setup-classic-storage\",\r\n  \"name\": \"sql-audit-test-env-setup-classic-storage\",\r\n  \"properties\": {\r\n    \"parameters\": {\r\n      \"administratorLogin\": {\r\n        \"type\": \"String\",\r\n        \"value\": \"testlogin\"\r\n      },\r\n      \"administratorLoginPassword\": {\r\n        \"type\": \"SecureString\"\r\n      },\r\n      \"collation\": {\r\n        \"type\": \"String\",\r\n        \"value\": \"SQL_Latin1_General_CP1_CI_AS\"\r\n      },\r\n      \"databaseName\": {\r\n        \"type\": \"String\",\r\n        \"value\": \"sql-audit-cmdlet-db1915\"\r\n      },\r\n      \"edition\": {\r\n        \"type\": \"String\",\r\n        \"value\": \"Basic\"\r\n      },\r\n      \"configuredServiceLevelObjectiveId\": {\r\n        \"type\": \"String\",\r\n        \"value\": \"910b4fcb-8a29-4c3e-958f-f7ba794388b2\"\r\n      },\r\n      \"serverName\": {\r\n        \"type\": \"String\",\r\n        \"value\": \"sql-audit-cmdlet-server1915\"\r\n      },\r\n      \"storageName\": {\r\n        \"type\": \"String\",\r\n        \"value\": \"auditcmdlets1915\"\r\n      }\r\n    },\r\n    \"mode\": \"Incremental\",\r\n    \"provisioningState\": \"Running\",\r\n    \"timestamp\": \"2015-12-06T09:40:23.2367034Z\",\r\n    \"duration\": \"PT2.5593075S\",\r\n    \"correlationId\": \"1f3cf708-74d1-4ec2-9dab-4b7bdbf83d13\",\r\n    \"providers\": [\r\n      {\r\n        \"namespace\": \"Microsoft.Sql\",\r\n        \"resourceTypes\": [\r\n          {\r\n            \"resourceType\": \"servers\",\r\n            \"locations\": [\r\n              \"westus\"\r\n            ]\r\n          },\r\n          {\r\n            \"resourceType\": \"servers/databases\",\r\n            \"locations\": [\r\n              \"westus\"\r\n            ]\r\n          }\r\n        ]\r\n      },\r\n      {\r\n        \"namespace\": \"Microsoft.ClassicStorage\",\r\n        \"resourceTypes\": [\r\n          {\r\n            \"resourceType\": \"storageAccounts\",\r\n            \"locations\": [\r\n              \"westus\"\r\n            ]\r\n          }\r\n        ]\r\n      }\r\n    ],\r\n    \"dependencies\": [\r\n      {\r\n        \"dependsOn\": [\r\n          {\r\n            \"id\": \"/subscriptions/cca24ec8-99b5-4aa7-9ff6-486e886f304c/resourceGroups/sql-audit-cmdlet-test-rg1915/providers/Microsoft.Sql/servers/sql-audit-cmdlet-server1915\",\r\n            \"resourceType\": \"Microsoft.Sql/servers\",\r\n            \"resourceName\": \"sql-audit-cmdlet-server1915\"\r\n          }\r\n        ],\r\n        \"id\": \"/subscriptions/cca24ec8-99b5-4aa7-9ff6-486e886f304c/resourceGroups/sql-audit-cmdlet-test-rg1915/providers/Microsoft.Sql/servers/sql-audit-cmdlet-server1915/databases/sql-audit-cmdlet-db1915\",\r\n        \"resourceType\": \"Microsoft.Sql/servers/databases\",\r\n        \"resourceName\": \"sql-audit-cmdlet-server1915/sql-audit-cmdlet-db1915\"\r\n      }\r\n    ]\r\n  }\r\n}",
      "ResponseHeaders": {
        "Content-Length": [
          "1819"
        ],
        "Content-Type": [
          "application/json; charset=utf-8"
        ],
        "Expires": [
          "-1"
        ],
        "Pragma": [
          "no-cache"
        ],
        "x-ms-ratelimit-remaining-subscription-reads": [
          "14599"
        ],
        "x-ms-request-id": [
          "3e258772-c34e-4eeb-ae38-0357d45352c9"
        ],
        "x-ms-correlation-request-id": [
          "3e258772-c34e-4eeb-ae38-0357d45352c9"
        ],
        "x-ms-routing-request-id": [
          "WESTEUROPE:20151206T094108Z:3e258772-c34e-4eeb-ae38-0357d45352c9"
        ],
        "Strict-Transport-Security": [
          "max-age=31536000; includeSubDomains"
        ],
        "Cache-Control": [
          "no-cache"
        ],
        "Date": [
          "Sun, 06 Dec 2015 09:41:07 GMT"
        ]
      },
      "StatusCode": 200
    },
    {
      "RequestUri": "/subscriptions/cca24ec8-99b5-4aa7-9ff6-486e886f304c/resourcegroups/sql-audit-cmdlet-test-rg1915/deployments/sql-audit-test-env-setup-classic-storage?api-version=2014-04-01-preview",
      "EncodedRequestUri": "L3N1YnNjcmlwdGlvbnMvY2NhMjRlYzgtOTliNS00YWE3LTlmZjYtNDg2ZTg4NmYzMDRjL3Jlc291cmNlZ3JvdXBzL3NxbC1hdWRpdC1jbWRsZXQtdGVzdC1yZzE5MTUvZGVwbG95bWVudHMvc3FsLWF1ZGl0LXRlc3QtZW52LXNldHVwLWNsYXNzaWMtc3RvcmFnZT9hcGktdmVyc2lvbj0yMDE0LTA0LTAxLXByZXZpZXc=",
      "RequestMethod": "GET",
      "RequestBody": "",
      "RequestHeaders": {
        "User-Agent": [
          "Microsoft.Azure.Management.Resources.ResourceManagementClient/2.0.0.0"
        ]
      },
      "ResponseBody": "{\r\n  \"id\": \"/subscriptions/cca24ec8-99b5-4aa7-9ff6-486e886f304c/resourceGroups/sql-audit-cmdlet-test-rg1915/deployments/sql-audit-test-env-setup-classic-storage\",\r\n  \"name\": \"sql-audit-test-env-setup-classic-storage\",\r\n  \"properties\": {\r\n    \"parameters\": {\r\n      \"administratorLogin\": {\r\n        \"type\": \"String\",\r\n        \"value\": \"testlogin\"\r\n      },\r\n      \"administratorLoginPassword\": {\r\n        \"type\": \"SecureString\"\r\n      },\r\n      \"collation\": {\r\n        \"type\": \"String\",\r\n        \"value\": \"SQL_Latin1_General_CP1_CI_AS\"\r\n      },\r\n      \"databaseName\": {\r\n        \"type\": \"String\",\r\n        \"value\": \"sql-audit-cmdlet-db1915\"\r\n      },\r\n      \"edition\": {\r\n        \"type\": \"String\",\r\n        \"value\": \"Basic\"\r\n      },\r\n      \"configuredServiceLevelObjectiveId\": {\r\n        \"type\": \"String\",\r\n        \"value\": \"910b4fcb-8a29-4c3e-958f-f7ba794388b2\"\r\n      },\r\n      \"serverName\": {\r\n        \"type\": \"String\",\r\n        \"value\": \"sql-audit-cmdlet-server1915\"\r\n      },\r\n      \"storageName\": {\r\n        \"type\": \"String\",\r\n        \"value\": \"auditcmdlets1915\"\r\n      }\r\n    },\r\n    \"mode\": \"Incremental\",\r\n    \"provisioningState\": \"Running\",\r\n    \"timestamp\": \"2015-12-06T09:40:23.2367034Z\",\r\n    \"duration\": \"PT2.5593075S\",\r\n    \"correlationId\": \"1f3cf708-74d1-4ec2-9dab-4b7bdbf83d13\",\r\n    \"providers\": [\r\n      {\r\n        \"namespace\": \"Microsoft.Sql\",\r\n        \"resourceTypes\": [\r\n          {\r\n            \"resourceType\": \"servers\",\r\n            \"locations\": [\r\n              \"westus\"\r\n            ]\r\n          },\r\n          {\r\n            \"resourceType\": \"servers/databases\",\r\n            \"locations\": [\r\n              \"westus\"\r\n            ]\r\n          }\r\n        ]\r\n      },\r\n      {\r\n        \"namespace\": \"Microsoft.ClassicStorage\",\r\n        \"resourceTypes\": [\r\n          {\r\n            \"resourceType\": \"storageAccounts\",\r\n            \"locations\": [\r\n              \"westus\"\r\n            ]\r\n          }\r\n        ]\r\n      }\r\n    ],\r\n    \"dependencies\": [\r\n      {\r\n        \"dependsOn\": [\r\n          {\r\n            \"id\": \"/subscriptions/cca24ec8-99b5-4aa7-9ff6-486e886f304c/resourceGroups/sql-audit-cmdlet-test-rg1915/providers/Microsoft.Sql/servers/sql-audit-cmdlet-server1915\",\r\n            \"resourceType\": \"Microsoft.Sql/servers\",\r\n            \"resourceName\": \"sql-audit-cmdlet-server1915\"\r\n          }\r\n        ],\r\n        \"id\": \"/subscriptions/cca24ec8-99b5-4aa7-9ff6-486e886f304c/resourceGroups/sql-audit-cmdlet-test-rg1915/providers/Microsoft.Sql/servers/sql-audit-cmdlet-server1915/databases/sql-audit-cmdlet-db1915\",\r\n        \"resourceType\": \"Microsoft.Sql/servers/databases\",\r\n        \"resourceName\": \"sql-audit-cmdlet-server1915/sql-audit-cmdlet-db1915\"\r\n      }\r\n    ]\r\n  }\r\n}",
      "ResponseHeaders": {
        "Content-Length": [
          "1819"
        ],
        "Content-Type": [
          "application/json; charset=utf-8"
        ],
        "Expires": [
          "-1"
        ],
        "Pragma": [
          "no-cache"
        ],
        "x-ms-ratelimit-remaining-subscription-reads": [
          "14597"
        ],
        "x-ms-request-id": [
          "96e22604-b217-4830-b40f-05b8f5ef0f3d"
        ],
        "x-ms-correlation-request-id": [
          "96e22604-b217-4830-b40f-05b8f5ef0f3d"
        ],
        "x-ms-routing-request-id": [
          "WESTEUROPE:20151206T094111Z:96e22604-b217-4830-b40f-05b8f5ef0f3d"
        ],
        "Strict-Transport-Security": [
          "max-age=31536000; includeSubDomains"
        ],
        "Cache-Control": [
          "no-cache"
        ],
        "Date": [
          "Sun, 06 Dec 2015 09:41:11 GMT"
        ]
      },
      "StatusCode": 200
    },
    {
      "RequestUri": "/subscriptions/cca24ec8-99b5-4aa7-9ff6-486e886f304c/resourcegroups/sql-audit-cmdlet-test-rg1915/deployments/sql-audit-test-env-setup-classic-storage?api-version=2014-04-01-preview",
      "EncodedRequestUri": "L3N1YnNjcmlwdGlvbnMvY2NhMjRlYzgtOTliNS00YWE3LTlmZjYtNDg2ZTg4NmYzMDRjL3Jlc291cmNlZ3JvdXBzL3NxbC1hdWRpdC1jbWRsZXQtdGVzdC1yZzE5MTUvZGVwbG95bWVudHMvc3FsLWF1ZGl0LXRlc3QtZW52LXNldHVwLWNsYXNzaWMtc3RvcmFnZT9hcGktdmVyc2lvbj0yMDE0LTA0LTAxLXByZXZpZXc=",
      "RequestMethod": "GET",
      "RequestBody": "",
      "RequestHeaders": {
        "User-Agent": [
          "Microsoft.Azure.Management.Resources.ResourceManagementClient/2.0.0.0"
        ]
      },
      "ResponseBody": "{\r\n  \"id\": \"/subscriptions/cca24ec8-99b5-4aa7-9ff6-486e886f304c/resourceGroups/sql-audit-cmdlet-test-rg1915/deployments/sql-audit-test-env-setup-classic-storage\",\r\n  \"name\": \"sql-audit-test-env-setup-classic-storage\",\r\n  \"properties\": {\r\n    \"parameters\": {\r\n      \"administratorLogin\": {\r\n        \"type\": \"String\",\r\n        \"value\": \"testlogin\"\r\n      },\r\n      \"administratorLoginPassword\": {\r\n        \"type\": \"SecureString\"\r\n      },\r\n      \"collation\": {\r\n        \"type\": \"String\",\r\n        \"value\": \"SQL_Latin1_General_CP1_CI_AS\"\r\n      },\r\n      \"databaseName\": {\r\n        \"type\": \"String\",\r\n        \"value\": \"sql-audit-cmdlet-db1915\"\r\n      },\r\n      \"edition\": {\r\n        \"type\": \"String\",\r\n        \"value\": \"Basic\"\r\n      },\r\n      \"configuredServiceLevelObjectiveId\": {\r\n        \"type\": \"String\",\r\n        \"value\": \"910b4fcb-8a29-4c3e-958f-f7ba794388b2\"\r\n      },\r\n      \"serverName\": {\r\n        \"type\": \"String\",\r\n        \"value\": \"sql-audit-cmdlet-server1915\"\r\n      },\r\n      \"storageName\": {\r\n        \"type\": \"String\",\r\n        \"value\": \"auditcmdlets1915\"\r\n      }\r\n    },\r\n    \"mode\": \"Incremental\",\r\n    \"provisioningState\": \"Running\",\r\n    \"timestamp\": \"2015-12-06T09:40:23.2367034Z\",\r\n    \"duration\": \"PT2.5593075S\",\r\n    \"correlationId\": \"1f3cf708-74d1-4ec2-9dab-4b7bdbf83d13\",\r\n    \"providers\": [\r\n      {\r\n        \"namespace\": \"Microsoft.Sql\",\r\n        \"resourceTypes\": [\r\n          {\r\n            \"resourceType\": \"servers\",\r\n            \"locations\": [\r\n              \"westus\"\r\n            ]\r\n          },\r\n          {\r\n            \"resourceType\": \"servers/databases\",\r\n            \"locations\": [\r\n              \"westus\"\r\n            ]\r\n          }\r\n        ]\r\n      },\r\n      {\r\n        \"namespace\": \"Microsoft.ClassicStorage\",\r\n        \"resourceTypes\": [\r\n          {\r\n            \"resourceType\": \"storageAccounts\",\r\n            \"locations\": [\r\n              \"westus\"\r\n            ]\r\n          }\r\n        ]\r\n      }\r\n    ],\r\n    \"dependencies\": [\r\n      {\r\n        \"dependsOn\": [\r\n          {\r\n            \"id\": \"/subscriptions/cca24ec8-99b5-4aa7-9ff6-486e886f304c/resourceGroups/sql-audit-cmdlet-test-rg1915/providers/Microsoft.Sql/servers/sql-audit-cmdlet-server1915\",\r\n            \"resourceType\": \"Microsoft.Sql/servers\",\r\n            \"resourceName\": \"sql-audit-cmdlet-server1915\"\r\n          }\r\n        ],\r\n        \"id\": \"/subscriptions/cca24ec8-99b5-4aa7-9ff6-486e886f304c/resourceGroups/sql-audit-cmdlet-test-rg1915/providers/Microsoft.Sql/servers/sql-audit-cmdlet-server1915/databases/sql-audit-cmdlet-db1915\",\r\n        \"resourceType\": \"Microsoft.Sql/servers/databases\",\r\n        \"resourceName\": \"sql-audit-cmdlet-server1915/sql-audit-cmdlet-db1915\"\r\n      }\r\n    ]\r\n  }\r\n}",
      "ResponseHeaders": {
        "Content-Length": [
          "1819"
        ],
        "Content-Type": [
          "application/json; charset=utf-8"
        ],
        "Expires": [
          "-1"
        ],
        "Pragma": [
          "no-cache"
        ],
        "x-ms-ratelimit-remaining-subscription-reads": [
          "14595"
        ],
        "x-ms-request-id": [
          "9a31eace-c29b-4767-b356-15643fbbe8d8"
        ],
        "x-ms-correlation-request-id": [
          "9a31eace-c29b-4767-b356-15643fbbe8d8"
        ],
        "x-ms-routing-request-id": [
          "WESTEUROPE:20151206T094114Z:9a31eace-c29b-4767-b356-15643fbbe8d8"
        ],
        "Strict-Transport-Security": [
          "max-age=31536000; includeSubDomains"
        ],
        "Cache-Control": [
          "no-cache"
        ],
        "Date": [
          "Sun, 06 Dec 2015 09:41:14 GMT"
        ]
      },
      "StatusCode": 200
    },
    {
      "RequestUri": "/subscriptions/cca24ec8-99b5-4aa7-9ff6-486e886f304c/resourcegroups/sql-audit-cmdlet-test-rg1915/deployments/sql-audit-test-env-setup-classic-storage?api-version=2014-04-01-preview",
      "EncodedRequestUri": "L3N1YnNjcmlwdGlvbnMvY2NhMjRlYzgtOTliNS00YWE3LTlmZjYtNDg2ZTg4NmYzMDRjL3Jlc291cmNlZ3JvdXBzL3NxbC1hdWRpdC1jbWRsZXQtdGVzdC1yZzE5MTUvZGVwbG95bWVudHMvc3FsLWF1ZGl0LXRlc3QtZW52LXNldHVwLWNsYXNzaWMtc3RvcmFnZT9hcGktdmVyc2lvbj0yMDE0LTA0LTAxLXByZXZpZXc=",
      "RequestMethod": "GET",
      "RequestBody": "",
      "RequestHeaders": {
        "User-Agent": [
          "Microsoft.Azure.Management.Resources.ResourceManagementClient/2.0.0.0"
        ]
      },
      "ResponseBody": "{\r\n  \"id\": \"/subscriptions/cca24ec8-99b5-4aa7-9ff6-486e886f304c/resourceGroups/sql-audit-cmdlet-test-rg1915/deployments/sql-audit-test-env-setup-classic-storage\",\r\n  \"name\": \"sql-audit-test-env-setup-classic-storage\",\r\n  \"properties\": {\r\n    \"parameters\": {\r\n      \"administratorLogin\": {\r\n        \"type\": \"String\",\r\n        \"value\": \"testlogin\"\r\n      },\r\n      \"administratorLoginPassword\": {\r\n        \"type\": \"SecureString\"\r\n      },\r\n      \"collation\": {\r\n        \"type\": \"String\",\r\n        \"value\": \"SQL_Latin1_General_CP1_CI_AS\"\r\n      },\r\n      \"databaseName\": {\r\n        \"type\": \"String\",\r\n        \"value\": \"sql-audit-cmdlet-db1915\"\r\n      },\r\n      \"edition\": {\r\n        \"type\": \"String\",\r\n        \"value\": \"Basic\"\r\n      },\r\n      \"configuredServiceLevelObjectiveId\": {\r\n        \"type\": \"String\",\r\n        \"value\": \"910b4fcb-8a29-4c3e-958f-f7ba794388b2\"\r\n      },\r\n      \"serverName\": {\r\n        \"type\": \"String\",\r\n        \"value\": \"sql-audit-cmdlet-server1915\"\r\n      },\r\n      \"storageName\": {\r\n        \"type\": \"String\",\r\n        \"value\": \"auditcmdlets1915\"\r\n      }\r\n    },\r\n    \"mode\": \"Incremental\",\r\n    \"provisioningState\": \"Running\",\r\n    \"timestamp\": \"2015-12-06T09:40:23.2367034Z\",\r\n    \"duration\": \"PT2.5593075S\",\r\n    \"correlationId\": \"1f3cf708-74d1-4ec2-9dab-4b7bdbf83d13\",\r\n    \"providers\": [\r\n      {\r\n        \"namespace\": \"Microsoft.Sql\",\r\n        \"resourceTypes\": [\r\n          {\r\n            \"resourceType\": \"servers\",\r\n            \"locations\": [\r\n              \"westus\"\r\n            ]\r\n          },\r\n          {\r\n            \"resourceType\": \"servers/databases\",\r\n            \"locations\": [\r\n              \"westus\"\r\n            ]\r\n          }\r\n        ]\r\n      },\r\n      {\r\n        \"namespace\": \"Microsoft.ClassicStorage\",\r\n        \"resourceTypes\": [\r\n          {\r\n            \"resourceType\": \"storageAccounts\",\r\n            \"locations\": [\r\n              \"westus\"\r\n            ]\r\n          }\r\n        ]\r\n      }\r\n    ],\r\n    \"dependencies\": [\r\n      {\r\n        \"dependsOn\": [\r\n          {\r\n            \"id\": \"/subscriptions/cca24ec8-99b5-4aa7-9ff6-486e886f304c/resourceGroups/sql-audit-cmdlet-test-rg1915/providers/Microsoft.Sql/servers/sql-audit-cmdlet-server1915\",\r\n            \"resourceType\": \"Microsoft.Sql/servers\",\r\n            \"resourceName\": \"sql-audit-cmdlet-server1915\"\r\n          }\r\n        ],\r\n        \"id\": \"/subscriptions/cca24ec8-99b5-4aa7-9ff6-486e886f304c/resourceGroups/sql-audit-cmdlet-test-rg1915/providers/Microsoft.Sql/servers/sql-audit-cmdlet-server1915/databases/sql-audit-cmdlet-db1915\",\r\n        \"resourceType\": \"Microsoft.Sql/servers/databases\",\r\n        \"resourceName\": \"sql-audit-cmdlet-server1915/sql-audit-cmdlet-db1915\"\r\n      }\r\n    ]\r\n  }\r\n}",
      "ResponseHeaders": {
        "Content-Length": [
          "1819"
        ],
        "Content-Type": [
          "application/json; charset=utf-8"
        ],
        "Expires": [
          "-1"
        ],
        "Pragma": [
          "no-cache"
        ],
        "x-ms-ratelimit-remaining-subscription-reads": [
          "14593"
        ],
        "x-ms-request-id": [
          "bb0fc0c3-584a-47a6-9a7c-86cc98b67179"
        ],
        "x-ms-correlation-request-id": [
          "bb0fc0c3-584a-47a6-9a7c-86cc98b67179"
        ],
        "x-ms-routing-request-id": [
          "WESTEUROPE:20151206T094117Z:bb0fc0c3-584a-47a6-9a7c-86cc98b67179"
        ],
        "Strict-Transport-Security": [
          "max-age=31536000; includeSubDomains"
        ],
        "Cache-Control": [
          "no-cache"
        ],
        "Date": [
          "Sun, 06 Dec 2015 09:41:17 GMT"
        ]
      },
      "StatusCode": 200
    },
    {
      "RequestUri": "/subscriptions/cca24ec8-99b5-4aa7-9ff6-486e886f304c/resourcegroups/sql-audit-cmdlet-test-rg1915/deployments/sql-audit-test-env-setup-classic-storage?api-version=2014-04-01-preview",
      "EncodedRequestUri": "L3N1YnNjcmlwdGlvbnMvY2NhMjRlYzgtOTliNS00YWE3LTlmZjYtNDg2ZTg4NmYzMDRjL3Jlc291cmNlZ3JvdXBzL3NxbC1hdWRpdC1jbWRsZXQtdGVzdC1yZzE5MTUvZGVwbG95bWVudHMvc3FsLWF1ZGl0LXRlc3QtZW52LXNldHVwLWNsYXNzaWMtc3RvcmFnZT9hcGktdmVyc2lvbj0yMDE0LTA0LTAxLXByZXZpZXc=",
      "RequestMethod": "GET",
      "RequestBody": "",
      "RequestHeaders": {
        "User-Agent": [
          "Microsoft.Azure.Management.Resources.ResourceManagementClient/2.0.0.0"
        ]
      },
      "ResponseBody": "{\r\n  \"id\": \"/subscriptions/cca24ec8-99b5-4aa7-9ff6-486e886f304c/resourceGroups/sql-audit-cmdlet-test-rg1915/deployments/sql-audit-test-env-setup-classic-storage\",\r\n  \"name\": \"sql-audit-test-env-setup-classic-storage\",\r\n  \"properties\": {\r\n    \"parameters\": {\r\n      \"administratorLogin\": {\r\n        \"type\": \"String\",\r\n        \"value\": \"testlogin\"\r\n      },\r\n      \"administratorLoginPassword\": {\r\n        \"type\": \"SecureString\"\r\n      },\r\n      \"collation\": {\r\n        \"type\": \"String\",\r\n        \"value\": \"SQL_Latin1_General_CP1_CI_AS\"\r\n      },\r\n      \"databaseName\": {\r\n        \"type\": \"String\",\r\n        \"value\": \"sql-audit-cmdlet-db1915\"\r\n      },\r\n      \"edition\": {\r\n        \"type\": \"String\",\r\n        \"value\": \"Basic\"\r\n      },\r\n      \"configuredServiceLevelObjectiveId\": {\r\n        \"type\": \"String\",\r\n        \"value\": \"910b4fcb-8a29-4c3e-958f-f7ba794388b2\"\r\n      },\r\n      \"serverName\": {\r\n        \"type\": \"String\",\r\n        \"value\": \"sql-audit-cmdlet-server1915\"\r\n      },\r\n      \"storageName\": {\r\n        \"type\": \"String\",\r\n        \"value\": \"auditcmdlets1915\"\r\n      }\r\n    },\r\n    \"mode\": \"Incremental\",\r\n    \"provisioningState\": \"Running\",\r\n    \"timestamp\": \"2015-12-06T09:40:23.2367034Z\",\r\n    \"duration\": \"PT2.5593075S\",\r\n    \"correlationId\": \"1f3cf708-74d1-4ec2-9dab-4b7bdbf83d13\",\r\n    \"providers\": [\r\n      {\r\n        \"namespace\": \"Microsoft.Sql\",\r\n        \"resourceTypes\": [\r\n          {\r\n            \"resourceType\": \"servers\",\r\n            \"locations\": [\r\n              \"westus\"\r\n            ]\r\n          },\r\n          {\r\n            \"resourceType\": \"servers/databases\",\r\n            \"locations\": [\r\n              \"westus\"\r\n            ]\r\n          }\r\n        ]\r\n      },\r\n      {\r\n        \"namespace\": \"Microsoft.ClassicStorage\",\r\n        \"resourceTypes\": [\r\n          {\r\n            \"resourceType\": \"storageAccounts\",\r\n            \"locations\": [\r\n              \"westus\"\r\n            ]\r\n          }\r\n        ]\r\n      }\r\n    ],\r\n    \"dependencies\": [\r\n      {\r\n        \"dependsOn\": [\r\n          {\r\n            \"id\": \"/subscriptions/cca24ec8-99b5-4aa7-9ff6-486e886f304c/resourceGroups/sql-audit-cmdlet-test-rg1915/providers/Microsoft.Sql/servers/sql-audit-cmdlet-server1915\",\r\n            \"resourceType\": \"Microsoft.Sql/servers\",\r\n            \"resourceName\": \"sql-audit-cmdlet-server1915\"\r\n          }\r\n        ],\r\n        \"id\": \"/subscriptions/cca24ec8-99b5-4aa7-9ff6-486e886f304c/resourceGroups/sql-audit-cmdlet-test-rg1915/providers/Microsoft.Sql/servers/sql-audit-cmdlet-server1915/databases/sql-audit-cmdlet-db1915\",\r\n        \"resourceType\": \"Microsoft.Sql/servers/databases\",\r\n        \"resourceName\": \"sql-audit-cmdlet-server1915/sql-audit-cmdlet-db1915\"\r\n      }\r\n    ]\r\n  }\r\n}",
      "ResponseHeaders": {
        "Content-Length": [
          "1819"
        ],
        "Content-Type": [
          "application/json; charset=utf-8"
        ],
        "Expires": [
          "-1"
        ],
        "Pragma": [
          "no-cache"
        ],
        "x-ms-ratelimit-remaining-subscription-reads": [
          "14591"
        ],
        "x-ms-request-id": [
          "dbfc387f-4b03-410c-be3f-02bc54aa53f2"
        ],
        "x-ms-correlation-request-id": [
          "dbfc387f-4b03-410c-be3f-02bc54aa53f2"
        ],
        "x-ms-routing-request-id": [
          "WESTEUROPE:20151206T094120Z:dbfc387f-4b03-410c-be3f-02bc54aa53f2"
        ],
        "Strict-Transport-Security": [
          "max-age=31536000; includeSubDomains"
        ],
        "Cache-Control": [
          "no-cache"
        ],
        "Date": [
          "Sun, 06 Dec 2015 09:41:20 GMT"
        ]
      },
      "StatusCode": 200
    },
    {
      "RequestUri": "/subscriptions/cca24ec8-99b5-4aa7-9ff6-486e886f304c/resourcegroups/sql-audit-cmdlet-test-rg1915/deployments/sql-audit-test-env-setup-classic-storage?api-version=2014-04-01-preview",
      "EncodedRequestUri": "L3N1YnNjcmlwdGlvbnMvY2NhMjRlYzgtOTliNS00YWE3LTlmZjYtNDg2ZTg4NmYzMDRjL3Jlc291cmNlZ3JvdXBzL3NxbC1hdWRpdC1jbWRsZXQtdGVzdC1yZzE5MTUvZGVwbG95bWVudHMvc3FsLWF1ZGl0LXRlc3QtZW52LXNldHVwLWNsYXNzaWMtc3RvcmFnZT9hcGktdmVyc2lvbj0yMDE0LTA0LTAxLXByZXZpZXc=",
      "RequestMethod": "GET",
      "RequestBody": "",
      "RequestHeaders": {
        "User-Agent": [
          "Microsoft.Azure.Management.Resources.ResourceManagementClient/2.0.0.0"
        ]
      },
      "ResponseBody": "{\r\n  \"id\": \"/subscriptions/cca24ec8-99b5-4aa7-9ff6-486e886f304c/resourceGroups/sql-audit-cmdlet-test-rg1915/deployments/sql-audit-test-env-setup-classic-storage\",\r\n  \"name\": \"sql-audit-test-env-setup-classic-storage\",\r\n  \"properties\": {\r\n    \"parameters\": {\r\n      \"administratorLogin\": {\r\n        \"type\": \"String\",\r\n        \"value\": \"testlogin\"\r\n      },\r\n      \"administratorLoginPassword\": {\r\n        \"type\": \"SecureString\"\r\n      },\r\n      \"collation\": {\r\n        \"type\": \"String\",\r\n        \"value\": \"SQL_Latin1_General_CP1_CI_AS\"\r\n      },\r\n      \"databaseName\": {\r\n        \"type\": \"String\",\r\n        \"value\": \"sql-audit-cmdlet-db1915\"\r\n      },\r\n      \"edition\": {\r\n        \"type\": \"String\",\r\n        \"value\": \"Basic\"\r\n      },\r\n      \"configuredServiceLevelObjectiveId\": {\r\n        \"type\": \"String\",\r\n        \"value\": \"910b4fcb-8a29-4c3e-958f-f7ba794388b2\"\r\n      },\r\n      \"serverName\": {\r\n        \"type\": \"String\",\r\n        \"value\": \"sql-audit-cmdlet-server1915\"\r\n      },\r\n      \"storageName\": {\r\n        \"type\": \"String\",\r\n        \"value\": \"auditcmdlets1915\"\r\n      }\r\n    },\r\n    \"mode\": \"Incremental\",\r\n    \"provisioningState\": \"Succeeded\",\r\n    \"timestamp\": \"2015-12-06T09:41:20.6083839Z\",\r\n    \"duration\": \"PT59.930988S\",\r\n    \"correlationId\": \"1f3cf708-74d1-4ec2-9dab-4b7bdbf83d13\",\r\n    \"providers\": [\r\n      {\r\n        \"namespace\": \"Microsoft.Sql\",\r\n        \"resourceTypes\": [\r\n          {\r\n            \"resourceType\": \"servers\",\r\n            \"locations\": [\r\n              \"westus\"\r\n            ]\r\n          },\r\n          {\r\n            \"resourceType\": \"servers/databases\",\r\n            \"locations\": [\r\n              \"westus\"\r\n            ]\r\n          }\r\n        ]\r\n      },\r\n      {\r\n        \"namespace\": \"Microsoft.ClassicStorage\",\r\n        \"resourceTypes\": [\r\n          {\r\n            \"resourceType\": \"storageAccounts\",\r\n            \"locations\": [\r\n              \"westus\"\r\n            ]\r\n          }\r\n        ]\r\n      }\r\n    ],\r\n    \"dependencies\": [\r\n      {\r\n        \"dependsOn\": [\r\n          {\r\n            \"id\": \"/subscriptions/cca24ec8-99b5-4aa7-9ff6-486e886f304c/resourceGroups/sql-audit-cmdlet-test-rg1915/providers/Microsoft.Sql/servers/sql-audit-cmdlet-server1915\",\r\n            \"resourceType\": \"Microsoft.Sql/servers\",\r\n            \"resourceName\": \"sql-audit-cmdlet-server1915\"\r\n          }\r\n        ],\r\n        \"id\": \"/subscriptions/cca24ec8-99b5-4aa7-9ff6-486e886f304c/resourceGroups/sql-audit-cmdlet-test-rg1915/providers/Microsoft.Sql/servers/sql-audit-cmdlet-server1915/databases/sql-audit-cmdlet-db1915\",\r\n        \"resourceType\": \"Microsoft.Sql/servers/databases\",\r\n        \"resourceName\": \"sql-audit-cmdlet-server1915/sql-audit-cmdlet-db1915\"\r\n      }\r\n    ],\r\n    \"outputResources\": [\r\n      {\r\n        \"id\": \"Microsoft.ClassicStorage/storageAccounts/auditcmdlets1915\"\r\n      },\r\n      {\r\n        \"id\": \"Microsoft.Sql/servers/sql-audit-cmdlet-server1915\"\r\n      },\r\n      {\r\n        \"id\": \"Microsoft.Sql/servers/sql-audit-cmdlet-server1915/databases/sql-audit-cmdlet-db1915\"\r\n      }\r\n    ]\r\n  }\r\n}",
      "ResponseHeaders": {
        "Content-Length": [
          "2060"
        ],
        "Content-Type": [
          "application/json; charset=utf-8"
        ],
        "Expires": [
          "-1"
        ],
        "Pragma": [
          "no-cache"
        ],
        "x-ms-ratelimit-remaining-subscription-reads": [
          "14589"
        ],
        "x-ms-request-id": [
          "77ba9b21-2fa7-4510-90d8-2e263585626f"
        ],
        "x-ms-correlation-request-id": [
          "77ba9b21-2fa7-4510-90d8-2e263585626f"
        ],
        "x-ms-routing-request-id": [
          "WESTEUROPE:20151206T094123Z:77ba9b21-2fa7-4510-90d8-2e263585626f"
        ],
        "Strict-Transport-Security": [
          "max-age=31536000; includeSubDomains"
        ],
        "Cache-Control": [
          "no-cache"
        ],
        "Date": [
          "Sun, 06 Dec 2015 09:41:23 GMT"
        ]
      },
      "StatusCode": 200
    },
    {
      "RequestUri": "/subscriptions/cca24ec8-99b5-4aa7-9ff6-486e886f304c/resourceGroups/NONEXISTING-RG/providers/Microsoft.Sql/servers/sql-audit-cmdlet-server1915/auditingPolicies/Default?api-version=2014-04-01",
      "EncodedRequestUri": "L3N1YnNjcmlwdGlvbnMvY2NhMjRlYzgtOTliNS00YWE3LTlmZjYtNDg2ZTg4NmYzMDRjL3Jlc291cmNlR3JvdXBzL05PTkVYSVNUSU5HLVJHL3Byb3ZpZGVycy9NaWNyb3NvZnQuU3FsL3NlcnZlcnMvc3FsLWF1ZGl0LWNtZGxldC1zZXJ2ZXIxOTE1L2F1ZGl0aW5nUG9saWNpZXMvRGVmYXVsdD9hcGktdmVyc2lvbj0yMDE0LTA0LTAx",
      "RequestMethod": "GET",
      "RequestBody": "",
      "RequestHeaders": {
        "User-Agent": [
          "Microsoft.Azure.Management.Sql.SqlManagementClient/0.9.0.0"
        ],
        "x-ms-client-request-id": [
          "67f05274-3844-4768-8c11-9776efe8e608"
        ]
      },
      "ResponseBody": "{\r\n  \"error\": {\r\n    \"code\": \"ResourceGroupNotFound\",\r\n    \"message\": \"Resource group 'NONEXISTING-RG' could not be found.\"\r\n  }\r\n}",
      "ResponseHeaders": {
        "Content-Length": [
          "106"
        ],
        "Content-Type": [
          "application/json; charset=utf-8"
        ],
        "Expires": [
          "-1"
        ],
        "Pragma": [
          "no-cache"
        ],
        "x-ms-failure-cause": [
          "gateway"
        ],
        "x-ms-request-id": [
          "ea5dbcbb-f014-4f00-87fc-56eeed339d3b"
        ],
        "x-ms-correlation-request-id": [
          "ea5dbcbb-f014-4f00-87fc-56eeed339d3b"
        ],
        "x-ms-routing-request-id": [
          "WESTEUROPE:20151206T094126Z:ea5dbcbb-f014-4f00-87fc-56eeed339d3b"
        ],
        "Strict-Transport-Security": [
          "max-age=31536000; includeSubDomains"
        ],
        "Cache-Control": [
          "no-cache"
        ],
        "Date": [
          "Sun, 06 Dec 2015 09:41:26 GMT"
        ]
      },
      "StatusCode": 404
    },
    {
      "RequestUri": "/subscriptions/cca24ec8-99b5-4aa7-9ff6-486e886f304c/resourceGroups/NONEXISTING-RG/providers/Microsoft.Sql/servers/sql-audit-cmdlet-server1915/auditingPolicies/Default?api-version=2014-04-01",
      "EncodedRequestUri": "L3N1YnNjcmlwdGlvbnMvY2NhMjRlYzgtOTliNS00YWE3LTlmZjYtNDg2ZTg4NmYzMDRjL3Jlc291cmNlR3JvdXBzL05PTkVYSVNUSU5HLVJHL3Byb3ZpZGVycy9NaWNyb3NvZnQuU3FsL3NlcnZlcnMvc3FsLWF1ZGl0LWNtZGxldC1zZXJ2ZXIxOTE1L2F1ZGl0aW5nUG9saWNpZXMvRGVmYXVsdD9hcGktdmVyc2lvbj0yMDE0LTA0LTAx",
      "RequestMethod": "GET",
      "RequestBody": "",
      "RequestHeaders": {
        "User-Agent": [
          "Microsoft.Azure.Management.Sql.SqlManagementClient/0.9.0.0"
        ],
        "x-ms-client-request-id": [
          "8a94dadd-f454-411f-bfc4-24ac6332bf23"
        ]
      },
      "ResponseBody": "{\r\n  \"error\": {\r\n    \"code\": \"ResourceGroupNotFound\",\r\n    \"message\": \"Resource group 'NONEXISTING-RG' could not be found.\"\r\n  }\r\n}",
      "ResponseHeaders": {
        "Content-Length": [
          "106"
        ],
        "Content-Type": [
          "application/json; charset=utf-8"
        ],
        "Expires": [
          "-1"
        ],
        "Pragma": [
          "no-cache"
        ],
        "x-ms-failure-cause": [
          "gateway"
        ],
        "x-ms-request-id": [
          "32b07388-389d-42e8-b2e3-9ca4865cc3ed"
        ],
        "x-ms-correlation-request-id": [
          "32b07388-389d-42e8-b2e3-9ca4865cc3ed"
        ],
        "x-ms-routing-request-id": [
          "WESTEUROPE:20151206T094127Z:32b07388-389d-42e8-b2e3-9ca4865cc3ed"
        ],
        "Strict-Transport-Security": [
          "max-age=31536000; includeSubDomains"
        ],
        "Cache-Control": [
          "no-cache"
        ],
        "Date": [
          "Sun, 06 Dec 2015 09:41:27 GMT"
        ]
      },
      "StatusCode": 404
    },
    {
      "RequestUri": "/subscriptions/cca24ec8-99b5-4aa7-9ff6-486e886f304c/resourceGroups/sql-audit-cmdlet-test-rg1915/providers/Microsoft.Sql/servers/NONEXISTING-SERVER/auditingPolicies/Default?api-version=2014-04-01",
      "EncodedRequestUri": "L3N1YnNjcmlwdGlvbnMvY2NhMjRlYzgtOTliNS00YWE3LTlmZjYtNDg2ZTg4NmYzMDRjL3Jlc291cmNlR3JvdXBzL3NxbC1hdWRpdC1jbWRsZXQtdGVzdC1yZzE5MTUvcHJvdmlkZXJzL01pY3Jvc29mdC5TcWwvc2VydmVycy9OT05FWElTVElORy1TRVJWRVIvYXVkaXRpbmdQb2xpY2llcy9EZWZhdWx0P2FwaS12ZXJzaW9uPTIwMTQtMDQtMDE=",
      "RequestMethod": "GET",
      "RequestBody": "",
      "RequestHeaders": {
        "User-Agent": [
          "Microsoft.Azure.Management.Sql.SqlManagementClient/0.9.0.0"
        ],
        "x-ms-client-request-id": [
          "75fad66f-a39b-411f-aea9-ffe39655efc6"
        ]
      },
      "ResponseBody": "{\r\n  \"error\": {\r\n    \"code\": \"ParentResourceNotFound\",\r\n    \"message\": \"Can not perform requested operation on nested resource. Parent resource 'NONEXISTING-SERVER' not found.\"\r\n  }\r\n}",
      "ResponseHeaders": {
        "Content-Length": [
          "159"
        ],
        "Content-Type": [
          "application/json; charset=utf-8"
        ],
        "Expires": [
          "-1"
        ],
        "Pragma": [
          "no-cache"
        ],
        "x-ms-failure-cause": [
          "gateway"
        ],
        "x-ms-request-id": [
          "adb77238-4d05-47ce-8271-5ace2d460d01"
        ],
        "x-ms-correlation-request-id": [
          "adb77238-4d05-47ce-8271-5ace2d460d01"
        ],
        "x-ms-routing-request-id": [
          "WESTEUROPE:20151206T094127Z:adb77238-4d05-47ce-8271-5ace2d460d01"
        ],
        "Strict-Transport-Security": [
          "max-age=31536000; includeSubDomains"
        ],
        "Cache-Control": [
          "no-cache"
        ],
        "Date": [
          "Sun, 06 Dec 2015 09:41:27 GMT"
        ]
      },
      "StatusCode": 404
    },
    {
      "RequestUri": "/subscriptions/cca24ec8-99b5-4aa7-9ff6-486e886f304c/resourceGroups/sql-audit-cmdlet-test-rg1915/providers/Microsoft.Sql/servers/NONEXISTING-SERVER/auditingPolicies/Default?api-version=2014-04-01",
      "EncodedRequestUri": "L3N1YnNjcmlwdGlvbnMvY2NhMjRlYzgtOTliNS00YWE3LTlmZjYtNDg2ZTg4NmYzMDRjL3Jlc291cmNlR3JvdXBzL3NxbC1hdWRpdC1jbWRsZXQtdGVzdC1yZzE5MTUvcHJvdmlkZXJzL01pY3Jvc29mdC5TcWwvc2VydmVycy9OT05FWElTVElORy1TRVJWRVIvYXVkaXRpbmdQb2xpY2llcy9EZWZhdWx0P2FwaS12ZXJzaW9uPTIwMTQtMDQtMDE=",
      "RequestMethod": "GET",
      "RequestBody": "",
      "RequestHeaders": {
        "User-Agent": [
          "Microsoft.Azure.Management.Sql.SqlManagementClient/0.9.0.0"
        ],
        "x-ms-client-request-id": [
          "7141f05c-e326-450f-9b71-5b26c38c4185"
        ]
      },
      "ResponseBody": "{\r\n  \"error\": {\r\n    \"code\": \"ParentResourceNotFound\",\r\n    \"message\": \"Can not perform requested operation on nested resource. Parent resource 'NONEXISTING-SERVER' not found.\"\r\n  }\r\n}",
      "ResponseHeaders": {
        "Content-Length": [
          "159"
        ],
        "Content-Type": [
          "application/json; charset=utf-8"
        ],
        "Expires": [
          "-1"
        ],
        "Pragma": [
          "no-cache"
        ],
        "x-ms-failure-cause": [
          "gateway"
        ],
        "x-ms-request-id": [
          "1ef838b2-f93b-4d05-b502-9bb78fd4bd9c"
        ],
        "x-ms-correlation-request-id": [
          "1ef838b2-f93b-4d05-b502-9bb78fd4bd9c"
        ],
        "x-ms-routing-request-id": [
          "WESTEUROPE:20151206T094128Z:1ef838b2-f93b-4d05-b502-9bb78fd4bd9c"
        ],
        "Strict-Transport-Security": [
          "max-age=31536000; includeSubDomains"
        ],
        "Cache-Control": [
          "no-cache"
        ],
        "Date": [
          "Sun, 06 Dec 2015 09:41:27 GMT"
        ]
      },
      "StatusCode": 404
    }
  ],
  "Names": {},
  "Variables": {
    "SubscriptionId": "cca24ec8-99b5-4aa7-9ff6-486e886f304c",
    "User": "yaiyun@microsoft.com",
    "TenantId": "72f988bf-86f1-41af-91ab-2d7cd011db47"
  }
}