{
  "Entries": [
    {
      "RequestUri": "/subscriptions/91d12660-3dec-467a-be2a-213b5544ddc0/providers/Microsoft.Devices?api-version=2016-09-01",
      "EncodedRequestUri": "L3N1YnNjcmlwdGlvbnMvOTFkMTI2NjAtM2RlYy00NjdhLWJlMmEtMjEzYjU1NDRkZGMwL3Byb3ZpZGVycy9NaWNyb3NvZnQuRGV2aWNlcz9hcGktdmVyc2lvbj0yMDE2LTA5LTAx",
      "RequestMethod": "GET",
      "RequestBody": "",
      "RequestHeaders": {
        "x-ms-client-request-id": [
          "8021736a-b81c-4024-95f5-384a9b1f5270"
        ],
        "Accept-Language": [
          "en-US"
        ],
        "User-Agent": [
          "FxVersion/4.6.27817.01",
          "OSName/Windows",
          "OSVersion/Microsoft.Windows.10.0.18362.",
          "Microsoft.Azure.Management.Internal.Resources.ResourceManagementClient/1.3.2"
        ]
      },
      "ResponseHeaders": {
        "Cache-Control": [
          "no-cache"
        ],
        "Pragma": [
          "no-cache"
        ],
        "x-ms-ratelimit-remaining-subscription-reads": [
          "11994"
        ],
        "x-ms-request-id": [
          "d6892879-f1e5-4dcf-83ff-13c0211cc513"
        ],
        "x-ms-correlation-request-id": [
          "d6892879-f1e5-4dcf-83ff-13c0211cc513"
        ],
        "x-ms-routing-request-id": [
          "WESTUS:20190930T223238Z:d6892879-f1e5-4dcf-83ff-13c0211cc513"
        ],
        "Strict-Transport-Security": [
          "max-age=31536000; includeSubDomains"
        ],
        "X-Content-Type-Options": [
          "nosniff"
        ],
        "Date": [
          "Mon, 30 Sep 2019 22:32:38 GMT"
        ],
        "Content-Type": [
          "application/json; charset=utf-8"
        ],
        "Expires": [
          "-1"
        ],
        "Content-Length": [
          "4349"
        ]
      },
      "ResponseBody": "{\r\n  \"id\": \"/subscriptions/91d12660-3dec-467a-be2a-213b5544ddc0/providers/Microsoft.Devices\",\r\n  \"namespace\": \"Microsoft.Devices\",\r\n  \"authorizations\": [\r\n    {\r\n      \"applicationId\": \"0cd79364-7a90-4354-9984-6e36c841418d\",\r\n      \"roleDefinitionId\": \"C121DF10-FE58-4BC4-97F9-8296879F7BBB\"\r\n    }\r\n  ],\r\n  \"resourceTypes\": [\r\n    {\r\n      \"resourceType\": \"checkNameAvailability\",\r\n      \"locations\": [],\r\n      \"apiVersions\": [\r\n        \"2019-07-01-preview\",\r\n        \"2019-03-22-preview\",\r\n        \"2019-03-22\",\r\n        \"2018-12-01-preview\",\r\n        \"2018-04-01\",\r\n        \"2018-01-22\",\r\n        \"2017-07-01\",\r\n        \"2017-01-19\",\r\n        \"2016-02-03\",\r\n        \"2015-08-15-preview\"\r\n      ]\r\n    },\r\n    {\r\n      \"resourceType\": \"checkProvisioningServiceNameAvailability\",\r\n      \"locations\": [],\r\n      \"apiVersions\": [\r\n        \"2018-01-22\",\r\n        \"2017-11-15\",\r\n        \"2017-08-21-preview\"\r\n      ]\r\n    },\r\n    {\r\n      \"resourceType\": \"usages\",\r\n      \"locations\": [],\r\n      \"apiVersions\": [\r\n        \"2019-07-01-preview\",\r\n        \"2019-03-22-preview\",\r\n        \"2019-03-22\",\r\n        \"2018-12-01-preview\",\r\n        \"2018-04-01\",\r\n        \"2018-01-22\",\r\n        \"2017-07-01\",\r\n        \"2017-01-19\",\r\n        \"2016-02-03\",\r\n        \"2015-08-15-preview\"\r\n      ]\r\n    },\r\n    {\r\n      \"resourceType\": \"operations\",\r\n      \"locations\": [],\r\n      \"apiVersions\": [\r\n        \"2019-07-01-preview\",\r\n        \"2019-03-22-preview\",\r\n        \"2019-03-22\",\r\n        \"2018-12-01-preview\",\r\n        \"2018-04-01\",\r\n        \"2018-01-22\",\r\n        \"2017-07-01\",\r\n        \"2017-01-19\",\r\n        \"2016-02-03\",\r\n        \"2015-08-15-preview\"\r\n      ]\r\n    },\r\n    {\r\n      \"resourceType\": \"operationResults\",\r\n      \"locations\": [],\r\n      \"apiVersions\": [\r\n        \"2019-07-01-preview\",\r\n        \"2019-03-22-preview\",\r\n        \"2019-03-22\",\r\n        \"2018-12-01-preview\",\r\n        \"2018-04-01-preview\",\r\n        \"2018-04-01\",\r\n        \"2018-01-22-preview\",\r\n        \"2018-01-22\",\r\n        \"2017-11-15\",\r\n        \"2017-09-25-preview\",\r\n        \"2017-08-21-preview\",\r\n        \"2017-07-01\",\r\n        \"2017-01-19\",\r\n        \"2016-02-03\",\r\n        \"2015-08-15-preview\"\r\n      ]\r\n    },\r\n    {\r\n      \"resourceType\": \"IotHubs\",\r\n      \"locations\": [\r\n        \"West US\",\r\n        \"North Europe\",\r\n        \"East Asia\",\r\n        \"East US\",\r\n        \"West Europe\",\r\n        \"Southeast Asia\",\r\n        \"Japan East\",\r\n        \"Japan West\",\r\n        \"Australia East\",\r\n        \"Australia Southeast\",\r\n        \"West US 2\",\r\n        \"West Central US\",\r\n        \"East US 2\",\r\n        \"Central US\",\r\n        \"UK South\",\r\n        \"UK West\",\r\n        \"South India\",\r\n        \"Central India\",\r\n        \"Canada Central\",\r\n        \"Canada East\",\r\n        \"Brazil South\",\r\n        \"South Central US\",\r\n        \"Korea South\",\r\n        \"Korea Central\",\r\n        \"France Central\",\r\n        \"North Central US\",\r\n        \"Central US EUAP\",\r\n        \"East US 2 EUAP\"\r\n      ],\r\n      \"apiVersions\": [\r\n        \"2019-07-01-preview\",\r\n        \"2019-03-22-preview\",\r\n        \"2019-03-22\",\r\n        \"2018-12-01-preview\",\r\n        \"2018-04-01\",\r\n        \"2018-01-22\",\r\n        \"2017-07-01\",\r\n        \"2017-01-19\",\r\n        \"2016-02-03\",\r\n        \"2015-08-15-preview\"\r\n      ],\r\n      \"capabilities\": \"CrossResourceGroupResourceMove, CrossSubscriptionResourceMove\"\r\n    },\r\n    {\r\n      \"resourceType\": \"IotHubs/eventGridFilters\",\r\n      \"locations\": [\r\n        \"West US\",\r\n        \"East US\",\r\n        \"West US 2\",\r\n        \"West Central US\",\r\n        \"East US 2\",\r\n        \"Central US\",\r\n        \"North Europe\",\r\n        \"West Europe\",\r\n        \"East Asia\",\r\n        \"Southeast Asia\",\r\n        \"Japan East\",\r\n        \"Japan West\",\r\n        \"Australia East\",\r\n        \"Australia Southeast\",\r\n        \"UK South\",\r\n        \"UK West\",\r\n        \"South India\",\r\n        \"Central India\",\r\n        \"Canada Central\",\r\n        \"Canada East\",\r\n        \"Brazil South\",\r\n        \"South Central US\",\r\n        \"Korea South\",\r\n        \"Korea Central\",\r\n        \"France Central\",\r\n        \"North Central US\",\r\n        \"Central US EUAP\",\r\n        \"East US 2 EUAP\"\r\n      ],\r\n      \"apiVersions\": [\r\n        \"2018-07-31\",\r\n        \"2018-01-15-preview\"\r\n      ]\r\n    },\r\n    {\r\n      \"resourceType\": \"ProvisioningServices\",\r\n      \"locations\": [\r\n        \"East US\",\r\n        \"West US\",\r\n        \"West Europe\",\r\n        \"North Europe\",\r\n        \"Southeast Asia\",\r\n        \"East Asia\",\r\n        \"Australia East\",\r\n        \"Australia Southeast\",\r\n        \"East US 2 EUAP\",\r\n        \"Central US EUAP\"\r\n      ],\r\n      \"apiVersions\": [\r\n        \"2018-01-22\",\r\n        \"2017-11-15\",\r\n        \"2017-08-21-preview\"\r\n      ],\r\n      \"capabilities\": \"CrossResourceGroupResourceMove, CrossSubscriptionResourceMove\"\r\n    },\r\n    {\r\n      \"resourceType\": \"ElasticPools\",\r\n      \"locations\": [\r\n        \"Central US EUAP\",\r\n        \"East US 2 EUAP\",\r\n        \"West US\",\r\n        \"North Europe\",\r\n        \"East Asia\",\r\n        \"East US\",\r\n        \"West Europe\",\r\n        \"Southeast Asia\",\r\n        \"Japan East\",\r\n        \"Japan West\",\r\n        \"Australia East\",\r\n        \"Australia Southeast\",\r\n        \"West US 2\",\r\n        \"West Central US\",\r\n        \"East US 2\",\r\n        \"Central US\",\r\n        \"UK South\",\r\n        \"UK West\",\r\n        \"South India\",\r\n        \"Central India\",\r\n        \"Canada Central\",\r\n        \"Canada East\",\r\n        \"Brazil South\",\r\n        \"South Central US\",\r\n        \"Korea South\",\r\n        \"Korea Central\",\r\n        \"France Central\",\r\n        \"North Central US\"\r\n      ],\r\n      \"apiVersions\": [\r\n        \"2019-07-01-preview\",\r\n        \"2019-03-22-preview\",\r\n        \"2018-01-22-preview\",\r\n        \"2017-09-25-preview\",\r\n        \"2017-07-01\"\r\n      ],\r\n      \"capabilities\": \"CrossResourceGroupResourceMove, CrossSubscriptionResourceMove\"\r\n    },\r\n    {\r\n      \"resourceType\": \"ElasticPools/IotHubTenants\",\r\n      \"locations\": [\r\n        \"Central US EUAP\",\r\n        \"East US 2 EUAP\",\r\n        \"West US\",\r\n        \"North Europe\",\r\n        \"East Asia\",\r\n        \"East US\",\r\n        \"West Europe\",\r\n        \"Southeast Asia\",\r\n        \"Japan East\",\r\n        \"Japan West\",\r\n        \"Australia East\",\r\n        \"Australia Southeast\",\r\n        \"West US 2\",\r\n        \"West Central US\",\r\n        \"East US 2\",\r\n        \"Central US\",\r\n        \"UK South\",\r\n        \"UK West\",\r\n        \"South India\",\r\n        \"Central India\",\r\n        \"Canada Central\",\r\n        \"Canada East\",\r\n        \"Brazil South\",\r\n        \"South Central US\",\r\n        \"Korea South\",\r\n        \"Korea Central\",\r\n        \"France Central\",\r\n        \"North Central US\"\r\n      ],\r\n      \"apiVersions\": [\r\n        \"2019-07-01-preview\",\r\n        \"2019-03-22-preview\",\r\n        \"2018-01-22-preview\",\r\n        \"2017-09-25-preview\",\r\n        \"2017-07-01\"\r\n      ],\r\n      \"capabilities\": \"CrossResourceGroupResourceMove, CrossSubscriptionResourceMove\"\r\n    }\r\n  ],\r\n  \"registrationState\": \"Registered\"\r\n}",
      "StatusCode": 200
    },
    {
      "RequestUri": "/subscriptions/91d12660-3dec-467a-be2a-213b5544ddc0/resourcegroups/ps7077?api-version=2016-09-01",
      "EncodedRequestUri": "L3N1YnNjcmlwdGlvbnMvOTFkMTI2NjAtM2RlYy00NjdhLWJlMmEtMjEzYjU1NDRkZGMwL3Jlc291cmNlZ3JvdXBzL3BzNzA3Nz9hcGktdmVyc2lvbj0yMDE2LTA5LTAx",
      "RequestMethod": "PUT",
      "RequestBody": "{\r\n  \"location\": \"West US\"\r\n}",
      "RequestHeaders": {
        "x-ms-client-request-id": [
          "9b8a5a3c-09b1-4c7e-aee1-434cdccfb1ad"
        ],
        "Accept-Language": [
          "en-US"
        ],
        "User-Agent": [
          "FxVersion/4.6.27817.01",
          "OSName/Windows",
          "OSVersion/Microsoft.Windows.10.0.18362.",
          "Microsoft.Azure.Management.Internal.Resources.ResourceManagementClient/1.3.2"
        ],
        "Content-Type": [
          "application/json; charset=utf-8"
        ],
        "Content-Length": [
          "29"
        ]
      },
      "ResponseHeaders": {
        "Cache-Control": [
          "no-cache"
        ],
        "Pragma": [
          "no-cache"
        ],
        "x-ms-ratelimit-remaining-subscription-writes": [
          "1198"
        ],
        "x-ms-request-id": [
          "03d6c82d-0c3d-4304-ba6a-79fe864389c4"
        ],
        "x-ms-correlation-request-id": [
          "03d6c82d-0c3d-4304-ba6a-79fe864389c4"
        ],
        "x-ms-routing-request-id": [
          "WESTUS:20190930T223239Z:03d6c82d-0c3d-4304-ba6a-79fe864389c4"
        ],
        "Strict-Transport-Security": [
          "max-age=31536000; includeSubDomains"
        ],
        "X-Content-Type-Options": [
          "nosniff"
        ],
        "Date": [
          "Mon, 30 Sep 2019 22:32:39 GMT"
        ],
        "Content-Length": [
          "165"
        ],
        "Content-Type": [
          "application/json; charset=utf-8"
        ],
        "Expires": [
          "-1"
        ]
      },
      "ResponseBody": "{\r\n  \"id\": \"/subscriptions/91d12660-3dec-467a-be2a-213b5544ddc0/resourceGroups/ps7077\",\r\n  \"name\": \"ps7077\",\r\n  \"location\": \"westus\",\r\n  \"properties\": {\r\n    \"provisioningState\": \"Succeeded\"\r\n  }\r\n}",
      "StatusCode": 201
    },
    {
      "RequestUri": "/subscriptions/91d12660-3dec-467a-be2a-213b5544ddc0/resourceGroups/ps7077/providers/Microsoft.Devices/provisioningServices/ps2799?api-version=2017-11-15",
      "EncodedRequestUri": "L3N1YnNjcmlwdGlvbnMvOTFkMTI2NjAtM2RlYy00NjdhLWJlMmEtMjEzYjU1NDRkZGMwL3Jlc291cmNlR3JvdXBzL3BzNzA3Ny9wcm92aWRlcnMvTWljcm9zb2Z0LkRldmljZXMvcHJvdmlzaW9uaW5nU2VydmljZXMvcHMyNzk5P2FwaS12ZXJzaW9uPTIwMTctMTEtMTU=",
      "RequestMethod": "PUT",
      "RequestBody": "{\r\n  \"properties\": {},\r\n  \"sku\": {\r\n    \"name\": \"S1\"\r\n  },\r\n  \"location\": \"West US\"\r\n}",
      "RequestHeaders": {
        "x-ms-client-request-id": [
          "f30fe9d8-28d9-4fe8-9da5-128231cb5082"
        ],
        "Accept-Language": [
          "en-US"
        ],
        "User-Agent": [
          "FxVersion/4.6.27817.01",
          "OSName/Windows",
          "OSVersion/Microsoft.Windows.10.0.18362.",
          "Microsoft.Azure.Management.DeviceProvisioningServices.IotDpsClient/0.10.0.0"
        ],
        "Content-Type": [
          "application/json; charset=utf-8"
        ],
        "Content-Length": [
          "86"
        ]
      },
      "ResponseHeaders": {
        "Cache-Control": [
          "no-cache"
        ],
        "Pragma": [
          "no-cache"
        ],
        "Azure-AsyncOperation": [
          "https://management.azure.com/subscriptions/91d12660-3dec-467a-be2a-213b5544ddc0/resourceGroups/ps7077/providers/Microsoft.Devices/provisioningServices/ps2799/operationResults/b3NfaWRfMmZkYTYyNDctNzY1MC00NDdmLTkyYzktN2JhNzhmNDk2ZDQ2?api-version=2017-11-15&asyncinfo"
        ],
        "Server": [
          "Microsoft-HTTPAPI/2.0"
        ],
        "x-ms-ratelimit-remaining-subscription-resource-requests": [
          "4999"
        ],
        "x-ms-request-id": [
          "dc9d23f1-c36f-4483-8a40-5cb947672b52"
        ],
        "x-ms-correlation-request-id": [
          "dc9d23f1-c36f-4483-8a40-5cb947672b52"
        ],
        "x-ms-routing-request-id": [
          "WESTUS:20190930T223241Z:dc9d23f1-c36f-4483-8a40-5cb947672b52"
        ],
        "Strict-Transport-Security": [
          "max-age=31536000; includeSubDomains"
        ],
        "X-Content-Type-Options": [
          "nosniff"
        ],
        "Date": [
          "Mon, 30 Sep 2019 22:32:41 GMT"
        ],
        "Content-Length": [
          "462"
        ],
        "Content-Type": [
          "application/json; charset=utf-8"
        ],
        "Expires": [
          "-1"
        ]
      },
      "ResponseBody": "{\r\n  \"name\": \"ps2799\",\r\n  \"location\": \"West US\",\r\n  \"properties\": {\r\n    \"state\": \"Activating\",\r\n    \"provisioningState\": \"Accepted\",\r\n    \"allocationPolicy\": \"Hashed\",\r\n    \"idScope\": null\r\n  },\r\n  \"resourcegroup\": \"ps7077\",\r\n  \"type\": \"Microsoft.Devices/provisioningServices\",\r\n  \"id\": \"/subscriptions/91d12660-3dec-467a-be2a-213b5544ddc0/resourceGroups/ps7077/providers/Microsoft.Devices/provisioningServices/ps2799\",\r\n  \"subscriptionid\": \"91d12660-3dec-467a-be2a-213b5544ddc0\",\r\n  \"tags\": {},\r\n  \"sku\": {\r\n    \"name\": \"S1\",\r\n    \"tier\": \"Standard\"\r\n  }\r\n}",
      "StatusCode": 201
    },
    {
      "RequestUri": "/subscriptions/91d12660-3dec-467a-be2a-213b5544ddc0/resourceGroups/ps7077/providers/Microsoft.Devices/provisioningServices/ps2799?api-version=2017-11-15",
      "EncodedRequestUri": "L3N1YnNjcmlwdGlvbnMvOTFkMTI2NjAtM2RlYy00NjdhLWJlMmEtMjEzYjU1NDRkZGMwL3Jlc291cmNlR3JvdXBzL3BzNzA3Ny9wcm92aWRlcnMvTWljcm9zb2Z0LkRldmljZXMvcHJvdmlzaW9uaW5nU2VydmljZXMvcHMyNzk5P2FwaS12ZXJzaW9uPTIwMTctMTEtMTU=",
      "RequestMethod": "PUT",
      "RequestBody": "{\r\n  \"etag\": \"AAAAAAFNcjE=\",\r\n  \"properties\": {\r\n    \"state\": \"Active\",\r\n    \"iotHubs\": [],\r\n    \"allocationPolicy\": \"Hashed\",\r\n    \"authorizationPolicies\": [\r\n      {\r\n        \"keyName\": \"provisioningserviceowner\",\r\n        \"primaryKey\": \"L3Z3HkO6PSAx40HPGfDUsVqliyxTK4ExAiS8LjWYrX0=\",\r\n        \"secondaryKey\": \"bkw/f1/v5b2tUCt/rZD0uSAvDukRylfrCoGwGJG8O3I=\",\r\n        \"rights\": \"ServiceConfig, DeviceConnect, EnrollmentWrite\"\r\n      },\r\n      {\r\n        \"keyName\": \"Access1\",\r\n        \"rights\": \"ServiceConfig\"\r\n      }\r\n    ]\r\n  },\r\n  \"sku\": {\r\n    \"name\": \"S1\"\r\n  },\r\n  \"location\": \"West US\",\r\n  \"tags\": {}\r\n}",
      "RequestHeaders": {
        "x-ms-client-request-id": [
          "1dd22aa6-b312-4bce-beb6-37919bb45a51"
        ],
        "Accept-Language": [
          "en-US"
        ],
        "User-Agent": [
          "FxVersion/4.6.27817.01",
          "OSName/Windows",
          "OSVersion/Microsoft.Windows.10.0.18362.",
          "Microsoft.Azure.Management.DeviceProvisioningServices.IotDpsClient/0.10.0.0"
        ],
        "Content-Type": [
          "application/json; charset=utf-8"
        ],
        "Content-Length": [
          "612"
        ]
      },
      "ResponseHeaders": {
        "Cache-Control": [
          "no-cache"
        ],
        "Pragma": [
          "no-cache"
        ],
        "Azure-AsyncOperation": [
          "https://management.azure.com/subscriptions/91d12660-3dec-467a-be2a-213b5544ddc0/resourceGroups/ps7077/providers/Microsoft.Devices/provisioningServices/ps2799/operationResults/b3NfaWRfYWM0M2IyMzMtNDg5Yy00YTMyLWE2YjItYzM1NTRlMDZlZTI0?api-version=2017-11-15&asyncinfo"
        ],
        "Server": [
          "Microsoft-HTTPAPI/2.0"
        ],
        "x-ms-ratelimit-remaining-subscription-resource-requests": [
          "4998"
        ],
        "x-ms-request-id": [
          "6b66b524-761c-4683-84a3-d1fab3df1781"
        ],
        "x-ms-correlation-request-id": [
          "6b66b524-761c-4683-84a3-d1fab3df1781"
        ],
        "x-ms-routing-request-id": [
          "WESTUS:20190930T223314Z:6b66b524-761c-4683-84a3-d1fab3df1781"
        ],
        "Strict-Transport-Security": [
          "max-age=31536000; includeSubDomains"
        ],
        "X-Content-Type-Options": [
          "nosniff"
        ],
        "Date": [
          "Mon, 30 Sep 2019 22:33:13 GMT"
        ],
        "Content-Length": [
          "913"
        ],
        "Content-Type": [
          "application/json; charset=utf-8"
        ],
        "Expires": [
          "-1"
        ]
      },
      "ResponseBody": "{\r\n  \"etag\": \"AAAAAAFNcjE=\",\r\n  \"name\": \"ps2799\",\r\n  \"location\": \"West US\",\r\n  \"properties\": {\r\n    \"state\": \"Transitioning\",\r\n    \"provisioningState\": \"Accepted\",\r\n    \"iotHubs\": [],\r\n    \"allocationPolicy\": \"Hashed\",\r\n    \"idScope\": null,\r\n    \"authorizationPolicies\": [\r\n      {\r\n        \"keyName\": \"provisioningserviceowner\",\r\n        \"primaryKey\": \"L3Z3HkO6PSAx40HPGfDUsVqliyxTK4ExAiS8LjWYrX0=\",\r\n        \"secondaryKey\": \"bkw/f1/v5b2tUCt/rZD0uSAvDukRylfrCoGwGJG8O3I=\",\r\n        \"rights\": \"ServiceConfig, DeviceConnect, EnrollmentWrite\"\r\n      },\r\n      {\r\n        \"keyName\": \"Access1\",\r\n        \"primaryKey\": \"OXPKGiycZVtz3cdQvbh7vgUWObXA68j6l6l8iCZfkK4=\",\r\n        \"secondaryKey\": \"GePOURgPpwlJyf50BZ0GseSC767LTldmE/fJtuNGVGA=\",\r\n        \"rights\": \"ServiceConfig\"\r\n      }\r\n    ]\r\n  },\r\n  \"resourcegroup\": \"ps7077\",\r\n  \"type\": \"Microsoft.Devices/provisioningServices\",\r\n  \"id\": \"/subscriptions/91d12660-3dec-467a-be2a-213b5544ddc0/resourceGroups/ps7077/providers/Microsoft.Devices/provisioningServices/ps2799\",\r\n  \"subscriptionid\": \"91d12660-3dec-467a-be2a-213b5544ddc0\",\r\n  \"tags\": {},\r\n  \"sku\": {\r\n    \"name\": \"S1\",\r\n    \"tier\": \"Standard\"\r\n  }\r\n}",
      "StatusCode": 201
    },
    {
      "RequestUri": "/subscriptions/91d12660-3dec-467a-be2a-213b5544ddc0/resourceGroups/ps7077/providers/Microsoft.Devices/provisioningServices/ps2799?api-version=2017-11-15",
      "EncodedRequestUri": "L3N1YnNjcmlwdGlvbnMvOTFkMTI2NjAtM2RlYy00NjdhLWJlMmEtMjEzYjU1NDRkZGMwL3Jlc291cmNlR3JvdXBzL3BzNzA3Ny9wcm92aWRlcnMvTWljcm9zb2Z0LkRldmljZXMvcHJvdmlzaW9uaW5nU2VydmljZXMvcHMyNzk5P2FwaS12ZXJzaW9uPTIwMTctMTEtMTU=",
      "RequestMethod": "PUT",
      "RequestBody": "{\r\n  \"etag\": \"AAAAAAFNcj8=\",\r\n  \"properties\": {\r\n    \"state\": \"Active\",\r\n    \"iotHubs\": [],\r\n    \"allocationPolicy\": \"Hashed\",\r\n    \"authorizationPolicies\": [\r\n      {\r\n        \"keyName\": \"provisioningserviceowner\",\r\n        \"primaryKey\": \"L3Z3HkO6PSAx40HPGfDUsVqliyxTK4ExAiS8LjWYrX0=\",\r\n        \"secondaryKey\": \"bkw/f1/v5b2tUCt/rZD0uSAvDukRylfrCoGwGJG8O3I=\",\r\n        \"rights\": \"ServiceConfig, DeviceConnect, EnrollmentWrite\"\r\n      }\r\n    ]\r\n  },\r\n  \"sku\": {\r\n    \"name\": \"S1\"\r\n  },\r\n  \"location\": \"West US\",\r\n  \"tags\": {}\r\n}",
      "RequestHeaders": {
        "x-ms-client-request-id": [
          "2cc27f1d-bae6-4820-ae16-f6217b089028"
        ],
        "Accept-Language": [
          "en-US"
        ],
        "User-Agent": [
          "FxVersion/4.6.27817.01",
          "OSName/Windows",
          "OSVersion/Microsoft.Windows.10.0.18362.",
          "Microsoft.Azure.Management.DeviceProvisioningServices.IotDpsClient/0.10.0.0"
        ],
        "Content-Type": [
          "application/json; charset=utf-8"
        ],
        "Content-Length": [
          "527"
        ]
      },
      "ResponseHeaders": {
        "Cache-Control": [
          "no-cache"
        ],
        "Pragma": [
          "no-cache"
        ],
        "Azure-AsyncOperation": [
          "https://management.azure.com/subscriptions/91d12660-3dec-467a-be2a-213b5544ddc0/resourceGroups/ps7077/providers/Microsoft.Devices/provisioningServices/ps2799/operationResults/b3NfaWRfMjkxODUwMzYtZGQ1MS00OTUwLWI4Y2UtOWY2YTJhOWEyMjZi?api-version=2017-11-15&asyncinfo"
        ],
        "Server": [
          "Microsoft-HTTPAPI/2.0"
        ],
        "x-ms-ratelimit-remaining-subscription-resource-requests": [
          "4997"
        ],
        "x-ms-request-id": [
          "894f0939-c979-4730-b4de-74e59dbffa5f"
        ],
        "x-ms-correlation-request-id": [
          "894f0939-c979-4730-b4de-74e59dbffa5f"
        ],
        "x-ms-routing-request-id": [
          "WESTUS:20190930T223346Z:894f0939-c979-4730-b4de-74e59dbffa5f"
        ],
        "Strict-Transport-Security": [
          "max-age=31536000; includeSubDomains"
        ],
        "X-Content-Type-Options": [
          "nosniff"
        ],
        "Date": [
          "Mon, 30 Sep 2019 22:33:46 GMT"
        ],
        "Content-Length": [
          "744"
        ],
        "Content-Type": [
          "application/json; charset=utf-8"
        ],
        "Expires": [
          "-1"
        ]
      },
      "ResponseBody": "{\r\n  \"etag\": \"AAAAAAFNcj8=\",\r\n  \"name\": \"ps2799\",\r\n  \"location\": \"West US\",\r\n  \"properties\": {\r\n    \"state\": \"Transitioning\",\r\n    \"provisioningState\": \"Accepted\",\r\n    \"iotHubs\": [],\r\n    \"allocationPolicy\": \"Hashed\",\r\n    \"idScope\": null,\r\n    \"authorizationPolicies\": [\r\n      {\r\n        \"keyName\": \"provisioningserviceowner\",\r\n        \"primaryKey\": \"L3Z3HkO6PSAx40HPGfDUsVqliyxTK4ExAiS8LjWYrX0=\",\r\n        \"secondaryKey\": \"bkw/f1/v5b2tUCt/rZD0uSAvDukRylfrCoGwGJG8O3I=\",\r\n        \"rights\": \"ServiceConfig, DeviceConnect, EnrollmentWrite\"\r\n      }\r\n    ]\r\n  },\r\n  \"resourcegroup\": \"ps7077\",\r\n  \"type\": \"Microsoft.Devices/provisioningServices\",\r\n  \"id\": \"/subscriptions/91d12660-3dec-467a-be2a-213b5544ddc0/resourceGroups/ps7077/providers/Microsoft.Devices/provisioningServices/ps2799\",\r\n  \"subscriptionid\": \"91d12660-3dec-467a-be2a-213b5544ddc0\",\r\n  \"tags\": {},\r\n  \"sku\": {\r\n    \"name\": \"S1\",\r\n    \"tier\": \"Standard\"\r\n  }\r\n}",
      "StatusCode": 201
    },
    {
      "RequestUri": "/subscriptions/91d12660-3dec-467a-be2a-213b5544ddc0/resourceGroups/ps7077/providers/Microsoft.Devices/provisioningServices/ps2799?api-version=2017-11-15",
      "EncodedRequestUri": "L3N1YnNjcmlwdGlvbnMvOTFkMTI2NjAtM2RlYy00NjdhLWJlMmEtMjEzYjU1NDRkZGMwL3Jlc291cmNlR3JvdXBzL3BzNzA3Ny9wcm92aWRlcnMvTWljcm9zb2Z0LkRldmljZXMvcHJvdmlzaW9uaW5nU2VydmljZXMvcHMyNzk5P2FwaS12ZXJzaW9uPTIwMTctMTEtMTU=",
      "RequestMethod": "PUT",
      "RequestBody": "{\r\n  \"etag\": \"AAAAAAFNcl4=\",\r\n  \"properties\": {\r\n    \"state\": \"Active\",\r\n    \"iotHubs\": [],\r\n    \"allocationPolicy\": \"Hashed\",\r\n    \"authorizationPolicies\": [\r\n      {\r\n        \"keyName\": \"provisioningserviceowner\",\r\n        \"primaryKey\": \"L3Z3HkO6PSAx40HPGfDUsVqliyxTK4ExAiS8LjWYrX0=\",\r\n        \"secondaryKey\": \"bkw/f1/v5b2tUCt/rZD0uSAvDukRylfrCoGwGJG8O3I=\",\r\n        \"rights\": \"ServiceConfig\"\r\n      }\r\n    ]\r\n  },\r\n  \"sku\": {\r\n    \"name\": \"S1\"\r\n  },\r\n  \"location\": \"West US\",\r\n  \"tags\": {}\r\n}",
      "RequestHeaders": {
        "x-ms-client-request-id": [
          "04465fb8-2f40-48f6-89e6-73f18656bce9"
        ],
        "Accept-Language": [
          "en-US"
        ],
        "User-Agent": [
          "FxVersion/4.6.27817.01",
          "OSName/Windows",
          "OSVersion/Microsoft.Windows.10.0.18362.",
          "Microsoft.Azure.Management.DeviceProvisioningServices.IotDpsClient/0.10.0.0"
        ],
        "Content-Type": [
          "application/json; charset=utf-8"
        ],
        "Content-Length": [
          "495"
        ]
      },
      "ResponseHeaders": {
        "Cache-Control": [
          "no-cache"
        ],
        "Pragma": [
          "no-cache"
        ],
        "Azure-AsyncOperation": [
          "https://management.azure.com/subscriptions/91d12660-3dec-467a-be2a-213b5544ddc0/resourceGroups/ps7077/providers/Microsoft.Devices/provisioningServices/ps2799/operationResults/b3NfaWRfYTU3NTkwMTMtMDI2My00ZTU2LWI2M2MtOTBiNzgyNjg5OWY4?api-version=2017-11-15&asyncinfo"
        ],
        "Server": [
          "Microsoft-HTTPAPI/2.0"
        ],
        "x-ms-ratelimit-remaining-subscription-resource-requests": [
          "4996"
        ],
        "x-ms-request-id": [
          "0ada82b4-e881-4163-8187-6432792cb09a"
        ],
        "x-ms-correlation-request-id": [
          "0ada82b4-e881-4163-8187-6432792cb09a"
        ],
        "x-ms-routing-request-id": [
          "WESTUS:20190930T223427Z:0ada82b4-e881-4163-8187-6432792cb09a"
        ],
        "Strict-Transport-Security": [
          "max-age=31536000; includeSubDomains"
        ],
        "X-Content-Type-Options": [
          "nosniff"
        ],
        "Date": [
          "Mon, 30 Sep 2019 22:34:26 GMT"
        ],
        "Content-Length": [
          "712"
        ],
        "Content-Type": [
          "application/json; charset=utf-8"
        ],
        "Expires": [
          "-1"
        ]
      },
      "ResponseBody": "{\r\n  \"etag\": \"AAAAAAFNcl4=\",\r\n  \"name\": \"ps2799\",\r\n  \"location\": \"West US\",\r\n  \"properties\": {\r\n    \"state\": \"Transitioning\",\r\n    \"provisioningState\": \"Accepted\",\r\n    \"iotHubs\": [],\r\n    \"allocationPolicy\": \"Hashed\",\r\n    \"idScope\": null,\r\n    \"authorizationPolicies\": [\r\n      {\r\n        \"keyName\": \"provisioningserviceowner\",\r\n        \"primaryKey\": \"L3Z3HkO6PSAx40HPGfDUsVqliyxTK4ExAiS8LjWYrX0=\",\r\n        \"secondaryKey\": \"bkw/f1/v5b2tUCt/rZD0uSAvDukRylfrCoGwGJG8O3I=\",\r\n        \"rights\": \"ServiceConfig\"\r\n      }\r\n    ]\r\n  },\r\n  \"resourcegroup\": \"ps7077\",\r\n  \"type\": \"Microsoft.Devices/provisioningServices\",\r\n  \"id\": \"/subscriptions/91d12660-3dec-467a-be2a-213b5544ddc0/resourceGroups/ps7077/providers/Microsoft.Devices/provisioningServices/ps2799\",\r\n  \"subscriptionid\": \"91d12660-3dec-467a-be2a-213b5544ddc0\",\r\n  \"tags\": {},\r\n  \"sku\": {\r\n    \"name\": \"S1\",\r\n    \"tier\": \"Standard\"\r\n  }\r\n}",
      "StatusCode": 201
    },
    {
      "RequestUri": "/subscriptions/91d12660-3dec-467a-be2a-213b5544ddc0/resourceGroups/ps7077/providers/Microsoft.Devices/provisioningServices/ps2799/operationResults/b3NfaWRfMmZkYTYyNDctNzY1MC00NDdmLTkyYzktN2JhNzhmNDk2ZDQ2?api-version=2017-11-15&asyncinfo",
      "EncodedRequestUri": "L3N1YnNjcmlwdGlvbnMvOTFkMTI2NjAtM2RlYy00NjdhLWJlMmEtMjEzYjU1NDRkZGMwL3Jlc291cmNlR3JvdXBzL3BzNzA3Ny9wcm92aWRlcnMvTWljcm9zb2Z0LkRldmljZXMvcHJvdmlzaW9uaW5nU2VydmljZXMvcHMyNzk5L29wZXJhdGlvblJlc3VsdHMvYjNOZmFXUmZNbVprWVRZeU5EY3ROelkxTUMwME5EZG1MVGt5WXprdE4ySmhOemhtTkRrMlpEUTI/YXBpLXZlcnNpb249MjAxNy0xMS0xNSZhc3luY2luZm8=",
      "RequestMethod": "GET",
      "RequestBody": "",
      "RequestHeaders": {
        "User-Agent": [
          "FxVersion/4.6.27817.01",
          "OSName/Windows",
          "OSVersion/Microsoft.Windows.10.0.18362.",
          "Microsoft.Azure.Management.DeviceProvisioningServices.IotDpsClient/0.10.0.0"
        ]
      },
      "ResponseHeaders": {
        "Cache-Control": [
          "no-cache"
        ],
        "Pragma": [
          "no-cache"
        ],
        "Server": [
          "Microsoft-HTTPAPI/2.0"
        ],
        "x-ms-ratelimit-remaining-subscription-reads": [
          "11993"
        ],
        "x-ms-request-id": [
          "dcc926d7-0900-4c08-8ac3-1a25148859f7"
        ],
        "x-ms-correlation-request-id": [
          "dcc926d7-0900-4c08-8ac3-1a25148859f7"
        ],
        "x-ms-routing-request-id": [
          "WESTUS:20190930T223312Z:dcc926d7-0900-4c08-8ac3-1a25148859f7"
        ],
        "Strict-Transport-Security": [
          "max-age=31536000; includeSubDomains"
        ],
        "X-Content-Type-Options": [
          "nosniff"
        ],
        "Date": [
          "Mon, 30 Sep 2019 22:33:11 GMT"
        ],
        "Content-Length": [
          "22"
        ],
        "Content-Type": [
          "application/json; charset=utf-8"
        ],
        "Expires": [
          "-1"
        ]
      },
      "ResponseBody": "{\r\n  \"status\": \"Succeeded\"\r\n}",
      "StatusCode": 200
    },
    {
      "RequestUri": "/subscriptions/91d12660-3dec-467a-be2a-213b5544ddc0/resourceGroups/ps7077/providers/Microsoft.Devices/provisioningServices/ps2799?api-version=2017-11-15",
      "EncodedRequestUri": "L3N1YnNjcmlwdGlvbnMvOTFkMTI2NjAtM2RlYy00NjdhLWJlMmEtMjEzYjU1NDRkZGMwL3Jlc291cmNlR3JvdXBzL3BzNzA3Ny9wcm92aWRlcnMvTWljcm9zb2Z0LkRldmljZXMvcHJvdmlzaW9uaW5nU2VydmljZXMvcHMyNzk5P2FwaS12ZXJzaW9uPTIwMTctMTEtMTU=",
      "RequestMethod": "GET",
      "RequestBody": "",
      "RequestHeaders": {
        "User-Agent": [
          "FxVersion/4.6.27817.01",
          "OSName/Windows",
          "OSVersion/Microsoft.Windows.10.0.18362.",
          "Microsoft.Azure.Management.DeviceProvisioningServices.IotDpsClient/0.10.0.0"
        ]
      },
      "ResponseHeaders": {
        "Cache-Control": [
          "no-cache"
        ],
        "Pragma": [
          "no-cache"
        ],
        "Server": [
          "Microsoft-HTTPAPI/2.0"
        ],
        "x-ms-ratelimit-remaining-subscription-reads": [
          "11992"
        ],
        "x-ms-request-id": [
          "62b44c9d-f8ca-41aa-942c-cc33b8524954"
        ],
        "x-ms-correlation-request-id": [
          "62b44c9d-f8ca-41aa-942c-cc33b8524954"
        ],
        "x-ms-routing-request-id": [
          "WESTUS:20190930T223312Z:62b44c9d-f8ca-41aa-942c-cc33b8524954"
        ],
        "Strict-Transport-Security": [
          "max-age=31536000; includeSubDomains"
        ],
        "X-Content-Type-Options": [
          "nosniff"
        ],
        "Date": [
          "Mon, 30 Sep 2019 22:33:11 GMT"
        ],
        "Content-Length": [
          "608"
        ],
        "Content-Type": [
          "application/json; charset=utf-8"
        ],
        "Expires": [
          "-1"
        ]
      },
      "ResponseBody": "{\r\n  \"etag\": \"AAAAAAFNcjE=\",\r\n  \"name\": \"ps2799\",\r\n  \"location\": \"West US\",\r\n  \"properties\": {\r\n    \"state\": \"Active\",\r\n    \"iotHubs\": [],\r\n    \"allocationPolicy\": \"Hashed\",\r\n    \"serviceOperationsHostName\": \"ps2799.azure-devices-provisioning.net\",\r\n    \"deviceProvisioningHostName\": \"global.azure-devices-provisioning.net\",\r\n    \"idScope\": \"0ne00081547\"\r\n  },\r\n  \"resourcegroup\": \"ps7077\",\r\n  \"type\": \"Microsoft.Devices/provisioningServices\",\r\n  \"id\": \"/subscriptions/91d12660-3dec-467a-be2a-213b5544ddc0/resourceGroups/ps7077/providers/Microsoft.Devices/provisioningServices/ps2799\",\r\n  \"subscriptionid\": \"91d12660-3dec-467a-be2a-213b5544ddc0\",\r\n  \"tags\": {},\r\n  \"sku\": {\r\n    \"name\": \"S1\",\r\n    \"tier\": \"Standard\"\r\n  }\r\n}",
      "StatusCode": 200
    },
    {
      "RequestUri": "/subscriptions/91d12660-3dec-467a-be2a-213b5544ddc0/resourceGroups/ps7077/providers/Microsoft.Devices/provisioningServices/ps2799?api-version=2017-11-15",
      "EncodedRequestUri": "L3N1YnNjcmlwdGlvbnMvOTFkMTI2NjAtM2RlYy00NjdhLWJlMmEtMjEzYjU1NDRkZGMwL3Jlc291cmNlR3JvdXBzL3BzNzA3Ny9wcm92aWRlcnMvTWljcm9zb2Z0LkRldmljZXMvcHJvdmlzaW9uaW5nU2VydmljZXMvcHMyNzk5P2FwaS12ZXJzaW9uPTIwMTctMTEtMTU=",
      "RequestMethod": "GET",
      "RequestBody": "",
      "RequestHeaders": {
        "x-ms-client-request-id": [
          "b362ab5b-32a4-4a50-b0e5-f3151f7bc49d"
        ],
        "Accept-Language": [
          "en-US"
        ],
        "User-Agent": [
          "FxVersion/4.6.27817.01",
          "OSName/Windows",
          "OSVersion/Microsoft.Windows.10.0.18362.",
          "Microsoft.Azure.Management.DeviceProvisioningServices.IotDpsClient/0.10.0.0"
        ]
      },
      "ResponseHeaders": {
        "Cache-Control": [
          "no-cache"
        ],
        "Pragma": [
          "no-cache"
        ],
        "Server": [
          "Microsoft-HTTPAPI/2.0"
        ],
        "x-ms-ratelimit-remaining-subscription-reads": [
          "11991"
        ],
        "x-ms-request-id": [
          "2c3d228d-7b70-4093-b1f7-9e14dc8fb7d9"
        ],
        "x-ms-correlation-request-id": [
          "2c3d228d-7b70-4093-b1f7-9e14dc8fb7d9"
        ],
        "x-ms-routing-request-id": [
          "WESTUS:20190930T223312Z:2c3d228d-7b70-4093-b1f7-9e14dc8fb7d9"
        ],
        "Strict-Transport-Security": [
          "max-age=31536000; includeSubDomains"
        ],
        "X-Content-Type-Options": [
          "nosniff"
        ],
        "Date": [
          "Mon, 30 Sep 2019 22:33:11 GMT"
        ],
        "Content-Length": [
          "608"
        ],
        "Content-Type": [
          "application/json; charset=utf-8"
        ],
        "Expires": [
          "-1"
        ]
      },
      "ResponseBody": "{\r\n  \"etag\": \"AAAAAAFNcjE=\",\r\n  \"name\": \"ps2799\",\r\n  \"location\": \"West US\",\r\n  \"properties\": {\r\n    \"state\": \"Active\",\r\n    \"iotHubs\": [],\r\n    \"allocationPolicy\": \"Hashed\",\r\n    \"serviceOperationsHostName\": \"ps2799.azure-devices-provisioning.net\",\r\n    \"deviceProvisioningHostName\": \"global.azure-devices-provisioning.net\",\r\n    \"idScope\": \"0ne00081547\"\r\n  },\r\n  \"resourcegroup\": \"ps7077\",\r\n  \"type\": \"Microsoft.Devices/provisioningServices\",\r\n  \"id\": \"/subscriptions/91d12660-3dec-467a-be2a-213b5544ddc0/resourceGroups/ps7077/providers/Microsoft.Devices/provisioningServices/ps2799\",\r\n  \"subscriptionid\": \"91d12660-3dec-467a-be2a-213b5544ddc0\",\r\n  \"tags\": {},\r\n  \"sku\": {\r\n    \"name\": \"S1\",\r\n    \"tier\": \"Standard\"\r\n  }\r\n}",
      "StatusCode": 200
    },
    {
      "RequestUri": "/subscriptions/91d12660-3dec-467a-be2a-213b5544ddc0/resourceGroups/ps7077/providers/Microsoft.Devices/provisioningServices/ps2799?api-version=2017-11-15",
      "EncodedRequestUri": "L3N1YnNjcmlwdGlvbnMvOTFkMTI2NjAtM2RlYy00NjdhLWJlMmEtMjEzYjU1NDRkZGMwL3Jlc291cmNlR3JvdXBzL3BzNzA3Ny9wcm92aWRlcnMvTWljcm9zb2Z0LkRldmljZXMvcHJvdmlzaW9uaW5nU2VydmljZXMvcHMyNzk5P2FwaS12ZXJzaW9uPTIwMTctMTEtMTU=",
      "RequestMethod": "GET",
      "RequestBody": "",
      "RequestHeaders": {
        "x-ms-client-request-id": [
          "e4a6a10b-965d-424d-8898-c37c5b30f6fc"
        ],
        "Accept-Language": [
          "en-US"
        ],
        "User-Agent": [
          "FxVersion/4.6.27817.01",
          "OSName/Windows",
          "OSVersion/Microsoft.Windows.10.0.18362.",
          "Microsoft.Azure.Management.DeviceProvisioningServices.IotDpsClient/0.10.0.0"
        ]
      },
      "ResponseHeaders": {
        "Cache-Control": [
          "no-cache"
        ],
        "Pragma": [
          "no-cache"
        ],
        "Server": [
          "Microsoft-HTTPAPI/2.0"
        ],
        "x-ms-ratelimit-remaining-subscription-reads": [
          "11990"
        ],
        "x-ms-request-id": [
          "16e1a19f-f1eb-405d-9432-e401fdd8845b"
        ],
        "x-ms-correlation-request-id": [
          "16e1a19f-f1eb-405d-9432-e401fdd8845b"
        ],
        "x-ms-routing-request-id": [
          "WESTUS:20190930T223312Z:16e1a19f-f1eb-405d-9432-e401fdd8845b"
        ],
        "Strict-Transport-Security": [
          "max-age=31536000; includeSubDomains"
        ],
        "X-Content-Type-Options": [
          "nosniff"
        ],
        "Date": [
          "Mon, 30 Sep 2019 22:33:12 GMT"
        ],
        "Content-Length": [
          "608"
        ],
        "Content-Type": [
          "application/json; charset=utf-8"
        ],
        "Expires": [
          "-1"
        ]
      },
      "ResponseBody": "{\r\n  \"etag\": \"AAAAAAFNcjE=\",\r\n  \"name\": \"ps2799\",\r\n  \"location\": \"West US\",\r\n  \"properties\": {\r\n    \"state\": \"Active\",\r\n    \"iotHubs\": [],\r\n    \"allocationPolicy\": \"Hashed\",\r\n    \"serviceOperationsHostName\": \"ps2799.azure-devices-provisioning.net\",\r\n    \"deviceProvisioningHostName\": \"global.azure-devices-provisioning.net\",\r\n    \"idScope\": \"0ne00081547\"\r\n  },\r\n  \"resourcegroup\": \"ps7077\",\r\n  \"type\": \"Microsoft.Devices/provisioningServices\",\r\n  \"id\": \"/subscriptions/91d12660-3dec-467a-be2a-213b5544ddc0/resourceGroups/ps7077/providers/Microsoft.Devices/provisioningServices/ps2799\",\r\n  \"subscriptionid\": \"91d12660-3dec-467a-be2a-213b5544ddc0\",\r\n  \"tags\": {},\r\n  \"sku\": {\r\n    \"name\": \"S1\",\r\n    \"tier\": \"Standard\"\r\n  }\r\n}",
      "StatusCode": 200
    },
    {
      "RequestUri": "/subscriptions/91d12660-3dec-467a-be2a-213b5544ddc0/resourceGroups/ps7077/providers/Microsoft.Devices/provisioningServices/ps2799?api-version=2017-11-15",
      "EncodedRequestUri": "L3N1YnNjcmlwdGlvbnMvOTFkMTI2NjAtM2RlYy00NjdhLWJlMmEtMjEzYjU1NDRkZGMwL3Jlc291cmNlR3JvdXBzL3BzNzA3Ny9wcm92aWRlcnMvTWljcm9zb2Z0LkRldmljZXMvcHJvdmlzaW9uaW5nU2VydmljZXMvcHMyNzk5P2FwaS12ZXJzaW9uPTIwMTctMTEtMTU=",
      "RequestMethod": "GET",
      "RequestBody": "",
      "RequestHeaders": {
        "User-Agent": [
          "FxVersion/4.6.27817.01",
          "OSName/Windows",
          "OSVersion/Microsoft.Windows.10.0.18362.",
          "Microsoft.Azure.Management.DeviceProvisioningServices.IotDpsClient/0.10.0.0"
        ]
      },
      "ResponseHeaders": {
        "Cache-Control": [
          "no-cache"
        ],
        "Pragma": [
          "no-cache"
        ],
        "x-ms-ratelimit-remaining-subscription-reads": [
          "11988"
        ],
        "Server": [
          "Microsoft-HTTPAPI/2.0"
        ],
        "x-ms-request-id": [
          "bc1bed23-7657-487f-bf06-181b345be036"
        ],
        "x-ms-correlation-request-id": [
          "bc1bed23-7657-487f-bf06-181b345be036"
        ],
        "x-ms-routing-request-id": [
          "WESTUS:20190930T223344Z:bc1bed23-7657-487f-bf06-181b345be036"
        ],
        "Strict-Transport-Security": [
          "max-age=31536000; includeSubDomains"
        ],
        "X-Content-Type-Options": [
          "nosniff"
        ],
        "Date": [
          "Mon, 30 Sep 2019 22:33:44 GMT"
        ],
        "Content-Length": [
          "608"
        ],
        "Content-Type": [
          "application/json; charset=utf-8"
        ],
        "Expires": [
          "-1"
        ]
      },
      "ResponseBody": "{\r\n  \"etag\": \"AAAAAAFNcj8=\",\r\n  \"name\": \"ps2799\",\r\n  \"location\": \"West US\",\r\n  \"properties\": {\r\n    \"state\": \"Active\",\r\n    \"iotHubs\": [],\r\n    \"allocationPolicy\": \"Hashed\",\r\n    \"serviceOperationsHostName\": \"ps2799.azure-devices-provisioning.net\",\r\n    \"deviceProvisioningHostName\": \"global.azure-devices-provisioning.net\",\r\n    \"idScope\": \"0ne00081547\"\r\n  },\r\n  \"resourcegroup\": \"ps7077\",\r\n  \"type\": \"Microsoft.Devices/provisioningServices\",\r\n  \"id\": \"/subscriptions/91d12660-3dec-467a-be2a-213b5544ddc0/resourceGroups/ps7077/providers/Microsoft.Devices/provisioningServices/ps2799\",\r\n  \"subscriptionid\": \"91d12660-3dec-467a-be2a-213b5544ddc0\",\r\n  \"tags\": {},\r\n  \"sku\": {\r\n    \"name\": \"S1\",\r\n    \"tier\": \"Standard\"\r\n  }\r\n}",
      "StatusCode": 200
    },
    {
      "RequestUri": "/subscriptions/91d12660-3dec-467a-be2a-213b5544ddc0/resourceGroups/ps7077/providers/Microsoft.Devices/provisioningServices/ps2799?api-version=2017-11-15",
      "EncodedRequestUri": "L3N1YnNjcmlwdGlvbnMvOTFkMTI2NjAtM2RlYy00NjdhLWJlMmEtMjEzYjU1NDRkZGMwL3Jlc291cmNlR3JvdXBzL3BzNzA3Ny9wcm92aWRlcnMvTWljcm9zb2Z0LkRldmljZXMvcHJvdmlzaW9uaW5nU2VydmljZXMvcHMyNzk5P2FwaS12ZXJzaW9uPTIwMTctMTEtMTU=",
      "RequestMethod": "GET",
      "RequestBody": "",
      "RequestHeaders": {
        "x-ms-client-request-id": [
          "60fce7b2-d8d7-4abe-9d85-fa2771a70090"
        ],
        "Accept-Language": [
          "en-US"
        ],
        "User-Agent": [
          "FxVersion/4.6.27817.01",
          "OSName/Windows",
          "OSVersion/Microsoft.Windows.10.0.18362.",
          "Microsoft.Azure.Management.DeviceProvisioningServices.IotDpsClient/0.10.0.0"
        ]
      },
      "ResponseHeaders": {
        "Cache-Control": [
          "no-cache"
        ],
        "Pragma": [
          "no-cache"
        ],
        "Server": [
          "Microsoft-HTTPAPI/2.0"
        ],
        "x-ms-ratelimit-remaining-subscription-reads": [
          "11987"
        ],
        "x-ms-request-id": [
          "53b2995d-cb52-4646-b5a8-0b8dc1d02bf1"
        ],
        "x-ms-correlation-request-id": [
          "53b2995d-cb52-4646-b5a8-0b8dc1d02bf1"
        ],
        "x-ms-routing-request-id": [
          "WESTUS:20190930T223345Z:53b2995d-cb52-4646-b5a8-0b8dc1d02bf1"
        ],
        "Strict-Transport-Security": [
          "max-age=31536000; includeSubDomains"
        ],
        "X-Content-Type-Options": [
          "nosniff"
        ],
        "Date": [
          "Mon, 30 Sep 2019 22:33:44 GMT"
        ],
        "Content-Length": [
          "608"
        ],
        "Content-Type": [
          "application/json; charset=utf-8"
        ],
        "Expires": [
          "-1"
        ]
      },
      "ResponseBody": "{\r\n  \"etag\": \"AAAAAAFNcj8=\",\r\n  \"name\": \"ps2799\",\r\n  \"location\": \"West US\",\r\n  \"properties\": {\r\n    \"state\": \"Active\",\r\n    \"iotHubs\": [],\r\n    \"allocationPolicy\": \"Hashed\",\r\n    \"serviceOperationsHostName\": \"ps2799.azure-devices-provisioning.net\",\r\n    \"deviceProvisioningHostName\": \"global.azure-devices-provisioning.net\",\r\n    \"idScope\": \"0ne00081547\"\r\n  },\r\n  \"resourcegroup\": \"ps7077\",\r\n  \"type\": \"Microsoft.Devices/provisioningServices\",\r\n  \"id\": \"/subscriptions/91d12660-3dec-467a-be2a-213b5544ddc0/resourceGroups/ps7077/providers/Microsoft.Devices/provisioningServices/ps2799\",\r\n  \"subscriptionid\": \"91d12660-3dec-467a-be2a-213b5544ddc0\",\r\n  \"tags\": {},\r\n  \"sku\": {\r\n    \"name\": \"S1\",\r\n    \"tier\": \"Standard\"\r\n  }\r\n}",
      "StatusCode": 200
    },
    {
      "RequestUri": "/subscriptions/91d12660-3dec-467a-be2a-213b5544ddc0/resourceGroups/ps7077/providers/Microsoft.Devices/provisioningServices/ps2799?api-version=2017-11-15",
      "EncodedRequestUri": "L3N1YnNjcmlwdGlvbnMvOTFkMTI2NjAtM2RlYy00NjdhLWJlMmEtMjEzYjU1NDRkZGMwL3Jlc291cmNlR3JvdXBzL3BzNzA3Ny9wcm92aWRlcnMvTWljcm9zb2Z0LkRldmljZXMvcHJvdmlzaW9uaW5nU2VydmljZXMvcHMyNzk5P2FwaS12ZXJzaW9uPTIwMTctMTEtMTU=",
      "RequestMethod": "GET",
      "RequestBody": "",
      "RequestHeaders": {
        "User-Agent": [
          "FxVersion/4.6.27817.01",
          "OSName/Windows",
          "OSVersion/Microsoft.Windows.10.0.18362.",
          "Microsoft.Azure.Management.DeviceProvisioningServices.IotDpsClient/0.10.0.0"
        ]
      },
      "ResponseHeaders": {
        "Cache-Control": [
          "no-cache"
        ],
        "Pragma": [
          "no-cache"
        ],
        "Server": [
          "Microsoft-HTTPAPI/2.0"
        ],
        "x-ms-ratelimit-remaining-subscription-reads": [
          "11985"
        ],
        "x-ms-request-id": [
          "5800fcf2-88a4-426b-ad10-be910eddd166"
        ],
        "x-ms-correlation-request-id": [
          "5800fcf2-88a4-426b-ad10-be910eddd166"
        ],
        "x-ms-routing-request-id": [
          "WESTUS:20190930T223425Z:5800fcf2-88a4-426b-ad10-be910eddd166"
        ],
        "Strict-Transport-Security": [
          "max-age=31536000; includeSubDomains"
        ],
        "X-Content-Type-Options": [
          "nosniff"
        ],
        "Date": [
          "Mon, 30 Sep 2019 22:34:25 GMT"
        ],
        "Content-Length": [
          "608"
        ],
        "Content-Type": [
          "application/json; charset=utf-8"
        ],
        "Expires": [
          "-1"
        ]
      },
      "ResponseBody": "{\r\n  \"etag\": \"AAAAAAFNcl4=\",\r\n  \"name\": \"ps2799\",\r\n  \"location\": \"West US\",\r\n  \"properties\": {\r\n    \"state\": \"Active\",\r\n    \"iotHubs\": [],\r\n    \"allocationPolicy\": \"Hashed\",\r\n    \"serviceOperationsHostName\": \"ps2799.azure-devices-provisioning.net\",\r\n    \"deviceProvisioningHostName\": \"global.azure-devices-provisioning.net\",\r\n    \"idScope\": \"0ne00081547\"\r\n  },\r\n  \"resourcegroup\": \"ps7077\",\r\n  \"type\": \"Microsoft.Devices/provisioningServices\",\r\n  \"id\": \"/subscriptions/91d12660-3dec-467a-be2a-213b5544ddc0/resourceGroups/ps7077/providers/Microsoft.Devices/provisioningServices/ps2799\",\r\n  \"subscriptionid\": \"91d12660-3dec-467a-be2a-213b5544ddc0\",\r\n  \"tags\": {},\r\n  \"sku\": {\r\n    \"name\": \"S1\",\r\n    \"tier\": \"Standard\"\r\n  }\r\n}",
      "StatusCode": 200
    },
    {
      "RequestUri": "/subscriptions/91d12660-3dec-467a-be2a-213b5544ddc0/resourceGroups/ps7077/providers/Microsoft.Devices/provisioningServices/ps2799?api-version=2017-11-15",
      "EncodedRequestUri": "L3N1YnNjcmlwdGlvbnMvOTFkMTI2NjAtM2RlYy00NjdhLWJlMmEtMjEzYjU1NDRkZGMwL3Jlc291cmNlR3JvdXBzL3BzNzA3Ny9wcm92aWRlcnMvTWljcm9zb2Z0LkRldmljZXMvcHJvdmlzaW9uaW5nU2VydmljZXMvcHMyNzk5P2FwaS12ZXJzaW9uPTIwMTctMTEtMTU=",
      "RequestMethod": "GET",
      "RequestBody": "",
      "RequestHeaders": {
        "x-ms-client-request-id": [
          "f0496d88-ad59-452c-8ae5-f9b656c9ee5d"
        ],
        "Accept-Language": [
          "en-US"
        ],
        "User-Agent": [
          "FxVersion/4.6.27817.01",
          "OSName/Windows",
          "OSVersion/Microsoft.Windows.10.0.18362.",
          "Microsoft.Azure.Management.DeviceProvisioningServices.IotDpsClient/0.10.0.0"
        ]
      },
      "ResponseHeaders": {
        "Cache-Control": [
          "no-cache"
        ],
        "Pragma": [
          "no-cache"
        ],
        "Server": [
          "Microsoft-HTTPAPI/2.0"
        ],
        "x-ms-ratelimit-remaining-subscription-reads": [
          "11984"
        ],
        "x-ms-request-id": [
          "f2cc5dcd-a451-4fc3-818d-218bd478c7fc"
        ],
        "x-ms-correlation-request-id": [
          "f2cc5dcd-a451-4fc3-818d-218bd478c7fc"
        ],
        "x-ms-routing-request-id": [
          "WESTUS:20190930T223425Z:f2cc5dcd-a451-4fc3-818d-218bd478c7fc"
        ],
        "Strict-Transport-Security": [
          "max-age=31536000; includeSubDomains"
        ],
        "X-Content-Type-Options": [
          "nosniff"
        ],
        "Date": [
          "Mon, 30 Sep 2019 22:34:25 GMT"
        ],
        "Content-Length": [
          "608"
        ],
        "Content-Type": [
          "application/json; charset=utf-8"
        ],
        "Expires": [
          "-1"
        ]
      },
      "ResponseBody": "{\r\n  \"etag\": \"AAAAAAFNcl4=\",\r\n  \"name\": \"ps2799\",\r\n  \"location\": \"West US\",\r\n  \"properties\": {\r\n    \"state\": \"Active\",\r\n    \"iotHubs\": [],\r\n    \"allocationPolicy\": \"Hashed\",\r\n    \"serviceOperationsHostName\": \"ps2799.azure-devices-provisioning.net\",\r\n    \"deviceProvisioningHostName\": \"global.azure-devices-provisioning.net\",\r\n    \"idScope\": \"0ne00081547\"\r\n  },\r\n  \"resourcegroup\": \"ps7077\",\r\n  \"type\": \"Microsoft.Devices/provisioningServices\",\r\n  \"id\": \"/subscriptions/91d12660-3dec-467a-be2a-213b5544ddc0/resourceGroups/ps7077/providers/Microsoft.Devices/provisioningServices/ps2799\",\r\n  \"subscriptionid\": \"91d12660-3dec-467a-be2a-213b5544ddc0\",\r\n  \"tags\": {},\r\n  \"sku\": {\r\n    \"name\": \"S1\",\r\n    \"tier\": \"Standard\"\r\n  }\r\n}",
      "StatusCode": 200
    },
    {
      "RequestUri": "/subscriptions/91d12660-3dec-467a-be2a-213b5544ddc0/resourceGroups/ps7077/providers/Microsoft.Devices/provisioningServices/ps2799?api-version=2017-11-15",
      "EncodedRequestUri": "L3N1YnNjcmlwdGlvbnMvOTFkMTI2NjAtM2RlYy00NjdhLWJlMmEtMjEzYjU1NDRkZGMwL3Jlc291cmNlR3JvdXBzL3BzNzA3Ny9wcm92aWRlcnMvTWljcm9zb2Z0LkRldmljZXMvcHJvdmlzaW9uaW5nU2VydmljZXMvcHMyNzk5P2FwaS12ZXJzaW9uPTIwMTctMTEtMTU=",
      "RequestMethod": "GET",
      "RequestBody": "",
      "RequestHeaders": {
        "User-Agent": [
          "FxVersion/4.6.27817.01",
          "OSName/Windows",
          "OSVersion/Microsoft.Windows.10.0.18362.",
          "Microsoft.Azure.Management.DeviceProvisioningServices.IotDpsClient/0.10.0.0"
        ]
      },
      "ResponseHeaders": {
        "Cache-Control": [
          "no-cache"
        ],
        "Pragma": [
          "no-cache"
        ],
        "Server": [
          "Microsoft-HTTPAPI/2.0"
        ],
        "x-ms-ratelimit-remaining-subscription-reads": [
          "11982"
        ],
        "x-ms-request-id": [
          "8c67a881-6f3a-415b-9855-ab5d60fa53e5"
        ],
        "x-ms-correlation-request-id": [
          "8c67a881-6f3a-415b-9855-ab5d60fa53e5"
        ],
        "x-ms-routing-request-id": [
          "WESTUS:20190930T223458Z:8c67a881-6f3a-415b-9855-ab5d60fa53e5"
        ],
        "Strict-Transport-Security": [
          "max-age=31536000; includeSubDomains"
        ],
        "X-Content-Type-Options": [
          "nosniff"
        ],
        "Date": [
          "Mon, 30 Sep 2019 22:34:58 GMT"
        ],
        "Content-Length": [
          "608"
        ],
        "Content-Type": [
          "application/json; charset=utf-8"
        ],
        "Expires": [
          "-1"
        ]
      },
      "ResponseBody": "{\r\n  \"etag\": \"AAAAAAFNcpE=\",\r\n  \"name\": \"ps2799\",\r\n  \"location\": \"West US\",\r\n  \"properties\": {\r\n    \"state\": \"Active\",\r\n    \"iotHubs\": [],\r\n    \"allocationPolicy\": \"Hashed\",\r\n    \"serviceOperationsHostName\": \"ps2799.azure-devices-provisioning.net\",\r\n    \"deviceProvisioningHostName\": \"global.azure-devices-provisioning.net\",\r\n    \"idScope\": \"0ne00081547\"\r\n  },\r\n  \"resourcegroup\": \"ps7077\",\r\n  \"type\": \"Microsoft.Devices/provisioningServices\",\r\n  \"id\": \"/subscriptions/91d12660-3dec-467a-be2a-213b5544ddc0/resourceGroups/ps7077/providers/Microsoft.Devices/provisioningServices/ps2799\",\r\n  \"subscriptionid\": \"91d12660-3dec-467a-be2a-213b5544ddc0\",\r\n  \"tags\": {},\r\n  \"sku\": {\r\n    \"name\": \"S1\",\r\n    \"tier\": \"Standard\"\r\n  }\r\n}",
      "StatusCode": 200
    },
    {
      "RequestUri": "/subscriptions/91d12660-3dec-467a-be2a-213b5544ddc0/resourceGroups/ps7077/providers/Microsoft.Devices/provisioningServices/ps2799/listkeys?api-version=2017-11-15",
      "EncodedRequestUri": "L3N1YnNjcmlwdGlvbnMvOTFkMTI2NjAtM2RlYy00NjdhLWJlMmEtMjEzYjU1NDRkZGMwL3Jlc291cmNlR3JvdXBzL3BzNzA3Ny9wcm92aWRlcnMvTWljcm9zb2Z0LkRldmljZXMvcHJvdmlzaW9uaW5nU2VydmljZXMvcHMyNzk5L2xpc3RrZXlzP2FwaS12ZXJzaW9uPTIwMTctMTEtMTU=",
      "RequestMethod": "POST",
      "RequestBody": "",
      "RequestHeaders": {
        "x-ms-client-request-id": [
          "5b6ee820-3fa4-4859-abc9-bb2ffb7733f5"
        ],
        "Accept-Language": [
          "en-US"
        ],
        "User-Agent": [
          "FxVersion/4.6.27817.01",
          "OSName/Windows",
          "OSVersion/Microsoft.Windows.10.0.18362.",
          "Microsoft.Azure.Management.DeviceProvisioningServices.IotDpsClient/0.10.0.0"
        ]
      },
      "ResponseHeaders": {
        "Cache-Control": [
          "no-cache"
        ],
        "Pragma": [
          "no-cache"
        ],
        "Server": [
          "Microsoft-HTTPAPI/2.0"
        ],
        "x-ms-ratelimit-remaining-subscription-writes": [
          "1199"
        ],
        "x-ms-request-id": [
          "8d74ab31-6dc1-4b9f-b42f-758a90d3c8aa"
        ],
        "x-ms-correlation-request-id": [
          "8d74ab31-6dc1-4b9f-b42f-758a90d3c8aa"
        ],
        "x-ms-routing-request-id": [
          "WESTUS:20190930T223312Z:8d74ab31-6dc1-4b9f-b42f-758a90d3c8aa"
        ],
        "Strict-Transport-Security": [
          "max-age=31536000; includeSubDomains"
        ],
        "X-Content-Type-Options": [
          "nosniff"
        ],
        "Date": [
          "Mon, 30 Sep 2019 22:33:12 GMT"
        ],
        "Content-Length": [
          "229"
        ],
        "Content-Type": [
          "application/json; charset=utf-8"
        ],
        "Expires": [
          "-1"
        ]
      },
      "ResponseBody": "{\r\n  \"value\": [\r\n    {\r\n      \"keyName\": \"provisioningserviceowner\",\r\n      \"primaryKey\": \"L3Z3HkO6PSAx40HPGfDUsVqliyxTK4ExAiS8LjWYrX0=\",\r\n      \"secondaryKey\": \"bkw/f1/v5b2tUCt/rZD0uSAvDukRylfrCoGwGJG8O3I=\",\r\n      \"rights\": \"ServiceConfig, DeviceConnect, EnrollmentWrite\"\r\n    }\r\n  ]\r\n}",
      "StatusCode": 200
    },
    {
      "RequestUri": "/subscriptions/91d12660-3dec-467a-be2a-213b5544ddc0/resourceGroups/ps7077/providers/Microsoft.Devices/provisioningServices/ps2799/listkeys?api-version=2017-11-15",
      "EncodedRequestUri": "L3N1YnNjcmlwdGlvbnMvOTFkMTI2NjAtM2RlYy00NjdhLWJlMmEtMjEzYjU1NDRkZGMwL3Jlc291cmNlR3JvdXBzL3BzNzA3Ny9wcm92aWRlcnMvTWljcm9zb2Z0LkRldmljZXMvcHJvdmlzaW9uaW5nU2VydmljZXMvcHMyNzk5L2xpc3RrZXlzP2FwaS12ZXJzaW9uPTIwMTctMTEtMTU=",
      "RequestMethod": "POST",
      "RequestBody": "",
      "RequestHeaders": {
        "x-ms-client-request-id": [
          "eb01f8db-22c8-42aa-a876-cdd2ecfd9a17"
        ],
        "Accept-Language": [
          "en-US"
        ],
        "User-Agent": [
          "FxVersion/4.6.27817.01",
          "OSName/Windows",
          "OSVersion/Microsoft.Windows.10.0.18362.",
          "Microsoft.Azure.Management.DeviceProvisioningServices.IotDpsClient/0.10.0.0"
        ]
      },
      "ResponseHeaders": {
        "Cache-Control": [
          "no-cache"
        ],
        "Pragma": [
          "no-cache"
        ],
        "Server": [
          "Microsoft-HTTPAPI/2.0"
        ],
        "x-ms-ratelimit-remaining-subscription-writes": [
          "1198"
        ],
        "x-ms-request-id": [
          "e20a9f08-c5bc-4067-9e15-cbd605ce8fe7"
        ],
        "x-ms-correlation-request-id": [
          "e20a9f08-c5bc-4067-9e15-cbd605ce8fe7"
        ],
        "x-ms-routing-request-id": [
          "WESTUS:20190930T223313Z:e20a9f08-c5bc-4067-9e15-cbd605ce8fe7"
        ],
        "Strict-Transport-Security": [
          "max-age=31536000; includeSubDomains"
        ],
        "X-Content-Type-Options": [
          "nosniff"
        ],
        "Date": [
          "Mon, 30 Sep 2019 22:33:12 GMT"
        ],
        "Content-Length": [
          "229"
        ],
        "Content-Type": [
          "application/json; charset=utf-8"
        ],
        "Expires": [
          "-1"
        ]
      },
      "ResponseBody": "{\r\n  \"value\": [\r\n    {\r\n      \"keyName\": \"provisioningserviceowner\",\r\n      \"primaryKey\": \"L3Z3HkO6PSAx40HPGfDUsVqliyxTK4ExAiS8LjWYrX0=\",\r\n      \"secondaryKey\": \"bkw/f1/v5b2tUCt/rZD0uSAvDukRylfrCoGwGJG8O3I=\",\r\n      \"rights\": \"ServiceConfig, DeviceConnect, EnrollmentWrite\"\r\n    }\r\n  ]\r\n}",
      "StatusCode": 200
    },
    {
      "RequestUri": "/subscriptions/91d12660-3dec-467a-be2a-213b5544ddc0/resourceGroups/ps7077/providers/Microsoft.Devices/provisioningServices/ps2799/listkeys?api-version=2017-11-15",
      "EncodedRequestUri": "L3N1YnNjcmlwdGlvbnMvOTFkMTI2NjAtM2RlYy00NjdhLWJlMmEtMjEzYjU1NDRkZGMwL3Jlc291cmNlR3JvdXBzL3BzNzA3Ny9wcm92aWRlcnMvTWljcm9zb2Z0LkRldmljZXMvcHJvdmlzaW9uaW5nU2VydmljZXMvcHMyNzk5L2xpc3RrZXlzP2FwaS12ZXJzaW9uPTIwMTctMTEtMTU=",
      "RequestMethod": "POST",
      "RequestBody": "",
      "RequestHeaders": {
        "x-ms-client-request-id": [
          "09de3d9a-9a3c-471f-9ac7-11d3be05f4a9"
        ],
        "Accept-Language": [
          "en-US"
        ],
        "User-Agent": [
          "FxVersion/4.6.27817.01",
          "OSName/Windows",
          "OSVersion/Microsoft.Windows.10.0.18362.",
          "Microsoft.Azure.Management.DeviceProvisioningServices.IotDpsClient/0.10.0.0"
        ]
      },
      "ResponseHeaders": {
        "Cache-Control": [
          "no-cache"
        ],
        "Pragma": [
          "no-cache"
        ],
        "Server": [
          "Microsoft-HTTPAPI/2.0"
        ],
        "x-ms-ratelimit-remaining-subscription-writes": [
          "1197"
        ],
        "x-ms-request-id": [
          "9a8fecc5-1ef8-4231-87eb-32312f42e10f"
        ],
        "x-ms-correlation-request-id": [
          "9a8fecc5-1ef8-4231-87eb-32312f42e10f"
        ],
        "x-ms-routing-request-id": [
          "WESTUS:20190930T223344Z:9a8fecc5-1ef8-4231-87eb-32312f42e10f"
        ],
        "Strict-Transport-Security": [
          "max-age=31536000; includeSubDomains"
        ],
        "X-Content-Type-Options": [
          "nosniff"
        ],
        "Date": [
          "Mon, 30 Sep 2019 22:33:44 GMT"
        ],
        "Content-Length": [
          "398"
        ],
        "Content-Type": [
          "application/json; charset=utf-8"
        ],
        "Expires": [
          "-1"
        ]
      },
      "ResponseBody": "{\r\n  \"value\": [\r\n    {\r\n      \"keyName\": \"provisioningserviceowner\",\r\n      \"primaryKey\": \"L3Z3HkO6PSAx40HPGfDUsVqliyxTK4ExAiS8LjWYrX0=\",\r\n      \"secondaryKey\": \"bkw/f1/v5b2tUCt/rZD0uSAvDukRylfrCoGwGJG8O3I=\",\r\n      \"rights\": \"ServiceConfig, DeviceConnect, EnrollmentWrite\"\r\n    },\r\n    {\r\n      \"keyName\": \"Access1\",\r\n      \"primaryKey\": \"OXPKGiycZVtz3cdQvbh7vgUWObXA68j6l6l8iCZfkK4=\",\r\n      \"secondaryKey\": \"GePOURgPpwlJyf50BZ0GseSC767LTldmE/fJtuNGVGA=\",\r\n      \"rights\": \"ServiceConfig\"\r\n    }\r\n  ]\r\n}",
      "StatusCode": 200
    },
    {
      "RequestUri": "/subscriptions/91d12660-3dec-467a-be2a-213b5544ddc0/resourceGroups/ps7077/providers/Microsoft.Devices/provisioningServices/ps2799/listkeys?api-version=2017-11-15",
      "EncodedRequestUri": "L3N1YnNjcmlwdGlvbnMvOTFkMTI2NjAtM2RlYy00NjdhLWJlMmEtMjEzYjU1NDRkZGMwL3Jlc291cmNlR3JvdXBzL3BzNzA3Ny9wcm92aWRlcnMvTWljcm9zb2Z0LkRldmljZXMvcHJvdmlzaW9uaW5nU2VydmljZXMvcHMyNzk5L2xpc3RrZXlzP2FwaS12ZXJzaW9uPTIwMTctMTEtMTU=",
      "RequestMethod": "POST",
      "RequestBody": "",
      "RequestHeaders": {
        "x-ms-client-request-id": [
          "d3a7b742-6e34-4c77-9b9b-be471cc05ada"
        ],
        "Accept-Language": [
          "en-US"
        ],
        "User-Agent": [
          "FxVersion/4.6.27817.01",
          "OSName/Windows",
          "OSVersion/Microsoft.Windows.10.0.18362.",
          "Microsoft.Azure.Management.DeviceProvisioningServices.IotDpsClient/0.10.0.0"
        ]
      },
      "ResponseHeaders": {
        "Cache-Control": [
          "no-cache"
        ],
        "Pragma": [
          "no-cache"
        ],
        "Server": [
          "Microsoft-HTTPAPI/2.0"
        ],
        "x-ms-ratelimit-remaining-subscription-writes": [
          "1196"
        ],
        "x-ms-request-id": [
          "d6ae1aae-edd2-4740-adce-3422163a8378"
        ],
        "x-ms-correlation-request-id": [
          "d6ae1aae-edd2-4740-adce-3422163a8378"
        ],
        "x-ms-routing-request-id": [
          "WESTUS:20190930T223345Z:d6ae1aae-edd2-4740-adce-3422163a8378"
        ],
        "Strict-Transport-Security": [
          "max-age=31536000; includeSubDomains"
        ],
        "X-Content-Type-Options": [
          "nosniff"
        ],
        "Date": [
          "Mon, 30 Sep 2019 22:33:45 GMT"
        ],
        "Content-Length": [
          "398"
        ],
        "Content-Type": [
          "application/json; charset=utf-8"
        ],
        "Expires": [
          "-1"
        ]
      },
      "ResponseBody": "{\r\n  \"value\": [\r\n    {\r\n      \"keyName\": \"provisioningserviceowner\",\r\n      \"primaryKey\": \"L3Z3HkO6PSAx40HPGfDUsVqliyxTK4ExAiS8LjWYrX0=\",\r\n      \"secondaryKey\": \"bkw/f1/v5b2tUCt/rZD0uSAvDukRylfrCoGwGJG8O3I=\",\r\n      \"rights\": \"ServiceConfig, DeviceConnect, EnrollmentWrite\"\r\n    },\r\n    {\r\n      \"keyName\": \"Access1\",\r\n      \"primaryKey\": \"OXPKGiycZVtz3cdQvbh7vgUWObXA68j6l6l8iCZfkK4=\",\r\n      \"secondaryKey\": \"GePOURgPpwlJyf50BZ0GseSC767LTldmE/fJtuNGVGA=\",\r\n      \"rights\": \"ServiceConfig\"\r\n    }\r\n  ]\r\n}",
      "StatusCode": 200
    },
    {
      "RequestUri": "/subscriptions/91d12660-3dec-467a-be2a-213b5544ddc0/resourceGroups/ps7077/providers/Microsoft.Devices/provisioningServices/ps2799/listkeys?api-version=2017-11-15",
      "EncodedRequestUri": "L3N1YnNjcmlwdGlvbnMvOTFkMTI2NjAtM2RlYy00NjdhLWJlMmEtMjEzYjU1NDRkZGMwL3Jlc291cmNlR3JvdXBzL3BzNzA3Ny9wcm92aWRlcnMvTWljcm9zb2Z0LkRldmljZXMvcHJvdmlzaW9uaW5nU2VydmljZXMvcHMyNzk5L2xpc3RrZXlzP2FwaS12ZXJzaW9uPTIwMTctMTEtMTU=",
      "RequestMethod": "POST",
      "RequestBody": "",
      "RequestHeaders": {
        "x-ms-client-request-id": [
          "3f0773e7-a67d-456e-a0a3-da6e1e805541"
        ],
        "Accept-Language": [
          "en-US"
        ],
        "User-Agent": [
          "FxVersion/4.6.27817.01",
          "OSName/Windows",
          "OSVersion/Microsoft.Windows.10.0.18362.",
          "Microsoft.Azure.Management.DeviceProvisioningServices.IotDpsClient/0.10.0.0"
        ]
      },
      "ResponseHeaders": {
        "Cache-Control": [
          "no-cache"
        ],
        "Pragma": [
          "no-cache"
        ],
        "Server": [
          "Microsoft-HTTPAPI/2.0"
        ],
        "x-ms-ratelimit-remaining-subscription-writes": [
          "1194"
        ],
        "x-ms-request-id": [
          "fa0617ba-de95-4225-bcd5-0e3a44e3ed26"
        ],
        "x-ms-correlation-request-id": [
          "fa0617ba-de95-4225-bcd5-0e3a44e3ed26"
        ],
        "x-ms-routing-request-id": [
          "WESTUS:20190930T223426Z:fa0617ba-de95-4225-bcd5-0e3a44e3ed26"
        ],
        "Strict-Transport-Security": [
          "max-age=31536000; includeSubDomains"
        ],
        "X-Content-Type-Options": [
          "nosniff"
        ],
        "Date": [
          "Mon, 30 Sep 2019 22:34:25 GMT"
        ],
        "Content-Length": [
          "229"
        ],
        "Content-Type": [
          "application/json; charset=utf-8"
        ],
        "Expires": [
          "-1"
        ]
      },
      "ResponseBody": "{\r\n  \"value\": [\r\n    {\r\n      \"keyName\": \"provisioningserviceowner\",\r\n      \"primaryKey\": \"L3Z3HkO6PSAx40HPGfDUsVqliyxTK4ExAiS8LjWYrX0=\",\r\n      \"secondaryKey\": \"bkw/f1/v5b2tUCt/rZD0uSAvDukRylfrCoGwGJG8O3I=\",\r\n      \"rights\": \"ServiceConfig, DeviceConnect, EnrollmentWrite\"\r\n    }\r\n  ]\r\n}",
      "StatusCode": 200
    },
    {
      "RequestUri": "/subscriptions/91d12660-3dec-467a-be2a-213b5544ddc0/resourceGroups/ps7077/providers/Microsoft.Devices/provisioningServices/ps2799/operationResults/b3NfaWRfYWM0M2IyMzMtNDg5Yy00YTMyLWE2YjItYzM1NTRlMDZlZTI0?api-version=2017-11-15&asyncinfo",
      "EncodedRequestUri": "L3N1YnNjcmlwdGlvbnMvOTFkMTI2NjAtM2RlYy00NjdhLWJlMmEtMjEzYjU1NDRkZGMwL3Jlc291cmNlR3JvdXBzL3BzNzA3Ny9wcm92aWRlcnMvTWljcm9zb2Z0LkRldmljZXMvcHJvdmlzaW9uaW5nU2VydmljZXMvcHMyNzk5L29wZXJhdGlvblJlc3VsdHMvYjNOZmFXUmZZV00wTTJJeU16TXRORGc1WXkwMFlUTXlMV0UyWWpJdFl6TTFOVFJsTURabFpUSTA/YXBpLXZlcnNpb249MjAxNy0xMS0xNSZhc3luY2luZm8=",
      "RequestMethod": "GET",
      "RequestBody": "",
      "RequestHeaders": {
        "User-Agent": [
          "FxVersion/4.6.27817.01",
          "OSName/Windows",
          "OSVersion/Microsoft.Windows.10.0.18362.",
          "Microsoft.Azure.Management.DeviceProvisioningServices.IotDpsClient/0.10.0.0"
        ]
      },
      "ResponseHeaders": {
        "Cache-Control": [
          "no-cache"
        ],
        "Pragma": [
          "no-cache"
        ],
        "Server": [
          "Microsoft-HTTPAPI/2.0"
        ],
        "x-ms-ratelimit-remaining-subscription-reads": [
          "11989"
        ],
        "x-ms-request-id": [
          "047ed746-349e-4a6b-bf0e-d22494daf533"
        ],
        "x-ms-correlation-request-id": [
          "047ed746-349e-4a6b-bf0e-d22494daf533"
        ],
        "x-ms-routing-request-id": [
          "WESTUS:20190930T223344Z:047ed746-349e-4a6b-bf0e-d22494daf533"
        ],
        "Strict-Transport-Security": [
          "max-age=31536000; includeSubDomains"
        ],
        "X-Content-Type-Options": [
          "nosniff"
        ],
        "Date": [
          "Mon, 30 Sep 2019 22:33:44 GMT"
        ],
        "Content-Length": [
          "22"
        ],
        "Content-Type": [
          "application/json; charset=utf-8"
        ],
        "Expires": [
          "-1"
        ]
      },
      "ResponseBody": "{\r\n  \"status\": \"Succeeded\"\r\n}",
      "StatusCode": 200
    },
    {
      "RequestUri": "/subscriptions/91d12660-3dec-467a-be2a-213b5544ddc0/resourceGroups/ps7077/providers/Microsoft.Devices/provisioningServices/ps2799/keys/Access1/listkeys?api-version=2017-11-15",
      "EncodedRequestUri": "L3N1YnNjcmlwdGlvbnMvOTFkMTI2NjAtM2RlYy00NjdhLWJlMmEtMjEzYjU1NDRkZGMwL3Jlc291cmNlR3JvdXBzL3BzNzA3Ny9wcm92aWRlcnMvTWljcm9zb2Z0LkRldmljZXMvcHJvdmlzaW9uaW5nU2VydmljZXMvcHMyNzk5L2tleXMvQWNjZXNzMS9saXN0a2V5cz9hcGktdmVyc2lvbj0yMDE3LTExLTE1",
      "RequestMethod": "POST",
      "RequestBody": "",
      "RequestHeaders": {
        "x-ms-client-request-id": [
          "749d21cc-3cc9-430e-830c-80c966e4f7fe"
        ],
        "Accept-Language": [
          "en-US"
        ],
        "User-Agent": [
          "FxVersion/4.6.27817.01",
          "OSName/Windows",
          "OSVersion/Microsoft.Windows.10.0.18362.",
          "Microsoft.Azure.Management.DeviceProvisioningServices.IotDpsClient/0.10.0.0"
        ]
      },
      "ResponseHeaders": {
        "Cache-Control": [
          "no-cache"
        ],
        "Pragma": [
          "no-cache"
        ],
        "Server": [
          "Microsoft-HTTPAPI/2.0"
        ],
        "x-ms-ratelimit-remaining-subscription-writes": [
          "1195"
        ],
        "x-ms-request-id": [
          "8a495f86-8021-430a-bdd0-aee2ab7a0b35"
        ],
        "x-ms-correlation-request-id": [
          "8a495f86-8021-430a-bdd0-aee2ab7a0b35"
        ],
        "x-ms-routing-request-id": [
          "WESTUS:20190930T223345Z:8a495f86-8021-430a-bdd0-aee2ab7a0b35"
        ],
        "Strict-Transport-Security": [
          "max-age=31536000; includeSubDomains"
        ],
        "X-Content-Type-Options": [
          "nosniff"
        ],
        "Date": [
          "Mon, 30 Sep 2019 22:33:45 GMT"
        ],
        "Content-Length": [
          "168"
        ],
        "Content-Type": [
          "application/json; charset=utf-8"
        ],
        "Expires": [
          "-1"
        ]
      },
      "ResponseBody": "{\r\n  \"keyName\": \"Access1\",\r\n  \"primaryKey\": \"OXPKGiycZVtz3cdQvbh7vgUWObXA68j6l6l8iCZfkK4=\",\r\n  \"secondaryKey\": \"GePOURgPpwlJyf50BZ0GseSC767LTldmE/fJtuNGVGA=\",\r\n  \"rights\": \"ServiceConfig\"\r\n}",
      "StatusCode": 200
    },
    {
      "RequestUri": "/subscriptions/91d12660-3dec-467a-be2a-213b5544ddc0/resourceGroups/ps7077/providers/Microsoft.Devices/provisioningServices/ps2799/operationResults/b3NfaWRfMjkxODUwMzYtZGQ1MS00OTUwLWI4Y2UtOWY2YTJhOWEyMjZi?api-version=2017-11-15&asyncinfo",
      "EncodedRequestUri": "L3N1YnNjcmlwdGlvbnMvOTFkMTI2NjAtM2RlYy00NjdhLWJlMmEtMjEzYjU1NDRkZGMwL3Jlc291cmNlR3JvdXBzL3BzNzA3Ny9wcm92aWRlcnMvTWljcm9zb2Z0LkRldmljZXMvcHJvdmlzaW9uaW5nU2VydmljZXMvcHMyNzk5L29wZXJhdGlvblJlc3VsdHMvYjNOZmFXUmZNamt4T0RVd016WXRaR1ExTVMwME9UVXdMV0k0WTJVdE9XWTJZVEpoT1dFeU1qWmk/YXBpLXZlcnNpb249MjAxNy0xMS0xNSZhc3luY2luZm8=",
      "RequestMethod": "GET",
      "RequestBody": "",
      "RequestHeaders": {
        "User-Agent": [
          "FxVersion/4.6.27817.01",
          "OSName/Windows",
          "OSVersion/Microsoft.Windows.10.0.18362.",
          "Microsoft.Azure.Management.DeviceProvisioningServices.IotDpsClient/0.10.0.0"
        ]
      },
      "ResponseHeaders": {
        "Cache-Control": [
          "no-cache"
        ],
        "Pragma": [
          "no-cache"
        ],
        "Server": [
          "Microsoft-HTTPAPI/2.0"
        ],
        "x-ms-ratelimit-remaining-subscription-reads": [
          "11986"
        ],
        "x-ms-request-id": [
          "3009e690-3395-4cd9-a144-02f367efa98b"
        ],
        "x-ms-correlation-request-id": [
          "3009e690-3395-4cd9-a144-02f367efa98b"
        ],
        "x-ms-routing-request-id": [
          "WESTUS:20190930T223422Z:3009e690-3395-4cd9-a144-02f367efa98b"
        ],
        "Strict-Transport-Security": [
          "max-age=31536000; includeSubDomains"
        ],
        "X-Content-Type-Options": [
          "nosniff"
        ],
        "Date": [
          "Mon, 30 Sep 2019 22:34:22 GMT"
        ],
        "Content-Length": [
          "22"
        ],
        "Content-Type": [
          "application/json; charset=utf-8"
        ],
        "Expires": [
          "-1"
        ]
      },
      "ResponseBody": "{\r\n  \"status\": \"Succeeded\"\r\n}",
      "StatusCode": 200
    },
    {
      "RequestUri": "/subscriptions/91d12660-3dec-467a-be2a-213b5544ddc0/resourceGroups/ps7077/providers/Microsoft.Devices/provisioningServices/ps2799/keys/provisioningserviceowner/listkeys?api-version=2017-11-15",
      "EncodedRequestUri": "L3N1YnNjcmlwdGlvbnMvOTFkMTI2NjAtM2RlYy00NjdhLWJlMmEtMjEzYjU1NDRkZGMwL3Jlc291cmNlR3JvdXBzL3BzNzA3Ny9wcm92aWRlcnMvTWljcm9zb2Z0LkRldmljZXMvcHJvdmlzaW9uaW5nU2VydmljZXMvcHMyNzk5L2tleXMvcHJvdmlzaW9uaW5nc2VydmljZW93bmVyL2xpc3RrZXlzP2FwaS12ZXJzaW9uPTIwMTctMTEtMTU=",
      "RequestMethod": "POST",
      "RequestBody": "",
      "RequestHeaders": {
        "x-ms-client-request-id": [
          "6e510af4-5514-441b-a250-420fa9c50921"
        ],
        "Accept-Language": [
          "en-US"
        ],
        "User-Agent": [
          "FxVersion/4.6.27817.01",
          "OSName/Windows",
          "OSVersion/Microsoft.Windows.10.0.18362.",
          "Microsoft.Azure.Management.DeviceProvisioningServices.IotDpsClient/0.10.0.0"
        ]
      },
      "ResponseHeaders": {
        "Cache-Control": [
          "no-cache"
        ],
        "Pragma": [
          "no-cache"
        ],
        "Server": [
          "Microsoft-HTTPAPI/2.0"
        ],
        "x-ms-ratelimit-remaining-subscription-writes": [
          "1193"
        ],
        "x-ms-request-id": [
          "aa14be2b-9fe3-43df-8811-f91ee59dc0f7"
        ],
        "x-ms-correlation-request-id": [
          "aa14be2b-9fe3-43df-8811-f91ee59dc0f7"
        ],
        "x-ms-routing-request-id": [
          "WESTUS:20190930T223426Z:aa14be2b-9fe3-43df-8811-f91ee59dc0f7"
        ],
        "Strict-Transport-Security": [
          "max-age=31536000; includeSubDomains"
        ],
        "X-Content-Type-Options": [
          "nosniff"
        ],
        "Date": [
          "Mon, 30 Sep 2019 22:34:25 GMT"
        ],
        "Content-Length": [
          "217"
        ],
        "Content-Type": [
          "application/json; charset=utf-8"
        ],
        "Expires": [
          "-1"
        ]
      },
      "ResponseBody": "{\r\n  \"keyName\": \"provisioningserviceowner\",\r\n  \"primaryKey\": \"L3Z3HkO6PSAx40HPGfDUsVqliyxTK4ExAiS8LjWYrX0=\",\r\n  \"secondaryKey\": \"bkw/f1/v5b2tUCt/rZD0uSAvDukRylfrCoGwGJG8O3I=\",\r\n  \"rights\": \"ServiceConfig, DeviceConnect, EnrollmentWrite\"\r\n}",
      "StatusCode": 200
    },
    {
      "RequestUri": "/subscriptions/91d12660-3dec-467a-be2a-213b5544ddc0/resourceGroups/ps7077/providers/Microsoft.Devices/provisioningServices/ps2799/keys/provisioningserviceowner/listkeys?api-version=2017-11-15",
      "EncodedRequestUri": "L3N1YnNjcmlwdGlvbnMvOTFkMTI2NjAtM2RlYy00NjdhLWJlMmEtMjEzYjU1NDRkZGMwL3Jlc291cmNlR3JvdXBzL3BzNzA3Ny9wcm92aWRlcnMvTWljcm9zb2Z0LkRldmljZXMvcHJvdmlzaW9uaW5nU2VydmljZXMvcHMyNzk5L2tleXMvcHJvdmlzaW9uaW5nc2VydmljZW93bmVyL2xpc3RrZXlzP2FwaS12ZXJzaW9uPTIwMTctMTEtMTU=",
      "RequestMethod": "POST",
      "RequestBody": "",
      "RequestHeaders": {
        "x-ms-client-request-id": [
          "26128d5b-00af-49bd-a2dd-a1039e150947"
        ],
        "Accept-Language": [
          "en-US"
        ],
        "User-Agent": [
          "FxVersion/4.6.27817.01",
          "OSName/Windows",
          "OSVersion/Microsoft.Windows.10.0.18362.",
          "Microsoft.Azure.Management.DeviceProvisioningServices.IotDpsClient/0.10.0.0"
        ]
      },
      "ResponseHeaders": {
        "Cache-Control": [
          "no-cache"
        ],
        "Pragma": [
          "no-cache"
        ],
        "Server": [
          "Microsoft-HTTPAPI/2.0"
        ],
        "x-ms-ratelimit-remaining-subscription-writes": [
          "1192"
        ],
        "x-ms-request-id": [
          "f757bee5-1b9a-4041-a268-12ea724e0c1b"
        ],
        "x-ms-correlation-request-id": [
          "f757bee5-1b9a-4041-a268-12ea724e0c1b"
        ],
        "x-ms-routing-request-id": [
          "WESTUS:20190930T223458Z:f757bee5-1b9a-4041-a268-12ea724e0c1b"
        ],
        "Strict-Transport-Security": [
          "max-age=31536000; includeSubDomains"
        ],
        "X-Content-Type-Options": [
          "nosniff"
        ],
        "Date": [
          "Mon, 30 Sep 2019 22:34:58 GMT"
        ],
        "Content-Length": [
          "185"
        ],
        "Content-Type": [
          "application/json; charset=utf-8"
        ],
        "Expires": [
          "-1"
        ]
      },
      "ResponseBody": "{\r\n  \"keyName\": \"provisioningserviceowner\",\r\n  \"primaryKey\": \"L3Z3HkO6PSAx40HPGfDUsVqliyxTK4ExAiS8LjWYrX0=\",\r\n  \"secondaryKey\": \"bkw/f1/v5b2tUCt/rZD0uSAvDukRylfrCoGwGJG8O3I=\",\r\n  \"rights\": \"ServiceConfig\"\r\n}",
      "StatusCode": 200
    },
    {
      "RequestUri": "/subscriptions/91d12660-3dec-467a-be2a-213b5544ddc0/resourceGroups/ps7077/providers/Microsoft.Devices/provisioningServices/ps2799/operationResults/b3NfaWRfYTU3NTkwMTMtMDI2My00ZTU2LWI2M2MtOTBiNzgyNjg5OWY4?api-version=2017-11-15&asyncinfo",
      "EncodedRequestUri": "L3N1YnNjcmlwdGlvbnMvOTFkMTI2NjAtM2RlYy00NjdhLWJlMmEtMjEzYjU1NDRkZGMwL3Jlc291cmNlR3JvdXBzL3BzNzA3Ny9wcm92aWRlcnMvTWljcm9zb2Z0LkRldmljZXMvcHJvdmlzaW9uaW5nU2VydmljZXMvcHMyNzk5L29wZXJhdGlvblJlc3VsdHMvYjNOZmFXUmZZVFUzTlRrd01UTXRNREkyTXkwMFpUVTJMV0kyTTJNdE9UQmlOemd5TmpnNU9XWTQ/YXBpLXZlcnNpb249MjAxNy0xMS0xNSZhc3luY2luZm8=",
      "RequestMethod": "GET",
      "RequestBody": "",
      "RequestHeaders": {
        "User-Agent": [
          "FxVersion/4.6.27817.01",
          "OSName/Windows",
          "OSVersion/Microsoft.Windows.10.0.18362.",
          "Microsoft.Azure.Management.DeviceProvisioningServices.IotDpsClient/0.10.0.0"
        ]
      },
      "ResponseHeaders": {
        "Cache-Control": [
          "no-cache"
        ],
        "Pragma": [
          "no-cache"
        ],
        "x-ms-ratelimit-remaining-subscription-reads": [
          "11983"
        ],
        "Server": [
          "Microsoft-HTTPAPI/2.0"
        ],
        "x-ms-request-id": [
          "b859fccd-77e5-4abd-9ccd-e8834d351efc"
        ],
        "x-ms-correlation-request-id": [
          "b859fccd-77e5-4abd-9ccd-e8834d351efc"
        ],
        "x-ms-routing-request-id": [
          "WESTUS:20190930T223458Z:b859fccd-77e5-4abd-9ccd-e8834d351efc"
        ],
        "Strict-Transport-Security": [
          "max-age=31536000; includeSubDomains"
        ],
        "X-Content-Type-Options": [
          "nosniff"
        ],
        "Date": [
          "Mon, 30 Sep 2019 22:34:58 GMT"
        ],
        "Content-Length": [
          "22"
        ],
        "Content-Type": [
          "application/json; charset=utf-8"
        ],
        "Expires": [
          "-1"
        ]
      },
      "ResponseBody": "{\r\n  \"status\": \"Succeeded\"\r\n}",
      "StatusCode": 200
    },
    {
      "RequestUri": "/subscriptions/91d12660-3dec-467a-be2a-213b5544ddc0/resourceGroups/ps7077/providers/Microsoft.Devices/provisioningServices/ps2799?api-version=2017-11-15",
      "EncodedRequestUri": "L3N1YnNjcmlwdGlvbnMvOTFkMTI2NjAtM2RlYy00NjdhLWJlMmEtMjEzYjU1NDRkZGMwL3Jlc291cmNlR3JvdXBzL3BzNzA3Ny9wcm92aWRlcnMvTWljcm9zb2Z0LkRldmljZXMvcHJvdmlzaW9uaW5nU2VydmljZXMvcHMyNzk5P2FwaS12ZXJzaW9uPTIwMTctMTEtMTU=",
      "RequestMethod": "DELETE",
      "RequestBody": "",
      "RequestHeaders": {
        "x-ms-client-request-id": [
          "f940a128-8f49-4f7f-8ec0-64beae306881"
        ],
        "Accept-Language": [
          "en-US"
        ],
        "User-Agent": [
          "FxVersion/4.6.27817.01",
          "OSName/Windows",
          "OSVersion/Microsoft.Windows.10.0.18362.",
          "Microsoft.Azure.Management.DeviceProvisioningServices.IotDpsClient/0.10.0.0"
        ]
      },
      "ResponseHeaders": {
        "Cache-Control": [
          "no-cache"
        ],
        "Pragma": [
          "no-cache"
        ],
        "Location": [
          "https://management.azure.com/subscriptions/91d12660-3dec-467a-be2a-213b5544ddc0/resourceGroups/ps7077/providers/Microsoft.Devices/provisioningServices/ps2799/operationResults/b3NfaWRfODYzZjM4MmYtMTQxOS00YThhLTliYzYtZDcwZDJiZWFjNzYx?api-version=2017-11-15"
        ],
        "Retry-After": [
          "15"
        ],
        "Azure-AsyncOperation": [
          "https://management.azure.com/subscriptions/91d12660-3dec-467a-be2a-213b5544ddc0/resourceGroups/ps7077/providers/Microsoft.Devices/provisioningServices/ps2799/operationResults/b3NfaWRfODYzZjM4MmYtMTQxOS00YThhLTliYzYtZDcwZDJiZWFjNzYx?api-version=2017-11-15&asyncinfo"
        ],
        "Server": [
          "Microsoft-HTTPAPI/2.0"
        ],
        "x-ms-ratelimit-remaining-subscription-deletes": [
          "14999"
        ],
        "x-ms-request-id": [
          "837f7872-8c3b-4293-acf9-82e90c0f5dc9"
        ],
        "x-ms-correlation-request-id": [
          "837f7872-8c3b-4293-acf9-82e90c0f5dc9"
        ],
        "x-ms-routing-request-id": [
          "WESTUS:20190930T223459Z:837f7872-8c3b-4293-acf9-82e90c0f5dc9"
        ],
        "Strict-Transport-Security": [
          "max-age=31536000; includeSubDomains"
        ],
        "X-Content-Type-Options": [
          "nosniff"
        ],
        "Date": [
          "Mon, 30 Sep 2019 22:34:59 GMT"
        ],
        "Content-Length": [
          "4"
        ],
        "Content-Type": [
          "application/json; charset=utf-8"
        ],
        "Expires": [
          "-1"
        ]
      },
      "ResponseBody": "null",
      "StatusCode": 202
    },
    {
      "RequestUri": "/subscriptions/91d12660-3dec-467a-be2a-213b5544ddc0/resourceGroups/ps7077/providers/Microsoft.Devices/provisioningServices/ps2799/operationResults/b3NfaWRfODYzZjM4MmYtMTQxOS00YThhLTliYzYtZDcwZDJiZWFjNzYx?api-version=2017-11-15&asyncinfo",
      "EncodedRequestUri": "L3N1YnNjcmlwdGlvbnMvOTFkMTI2NjAtM2RlYy00NjdhLWJlMmEtMjEzYjU1NDRkZGMwL3Jlc291cmNlR3JvdXBzL3BzNzA3Ny9wcm92aWRlcnMvTWljcm9zb2Z0LkRldmljZXMvcHJvdmlzaW9uaW5nU2VydmljZXMvcHMyNzk5L29wZXJhdGlvblJlc3VsdHMvYjNOZmFXUmZPRFl6WmpNNE1tWXRNVFF4T1MwMFlUaGhMVGxpWXpZdFpEY3daREppWldGak56WXg/YXBpLXZlcnNpb249MjAxNy0xMS0xNSZhc3luY2luZm8=",
      "RequestMethod": "GET",
      "RequestBody": "",
      "RequestHeaders": {
        "User-Agent": [
          "FxVersion/4.6.27817.01",
          "OSName/Windows",
          "OSVersion/Microsoft.Windows.10.0.18362.",
          "Microsoft.Azure.Management.DeviceProvisioningServices.IotDpsClient/0.10.0.0"
        ]
      },
      "ResponseHeaders": {
        "Cache-Control": [
          "no-cache"
        ],
        "Pragma": [
          "no-cache"
        ],
        "Server": [
          "Microsoft-HTTPAPI/2.0"
        ],
        "x-ms-ratelimit-remaining-subscription-reads": [
          "11982"
        ],
        "x-ms-request-id": [
          "bd2e80b2-12da-43aa-a62b-ce84263e8725"
        ],
        "x-ms-correlation-request-id": [
          "bd2e80b2-12da-43aa-a62b-ce84263e8725"
        ],
        "x-ms-routing-request-id": [
          "WESTUS:20190930T223518Z:bd2e80b2-12da-43aa-a62b-ce84263e8725"
        ],
        "Strict-Transport-Security": [
          "max-age=31536000; includeSubDomains"
        ],
        "X-Content-Type-Options": [
          "nosniff"
        ],
        "Date": [
          "Mon, 30 Sep 2019 22:35:17 GMT"
        ],
        "Content-Length": [
          "22"
        ],
        "Content-Type": [
          "application/json; charset=utf-8"
        ],
        "Expires": [
          "-1"
        ]
      },
      "ResponseBody": "{\r\n  \"status\": \"Succeeded\"\r\n}",
      "StatusCode": 200
    },
    {
      "RequestUri": "/subscriptions/91d12660-3dec-467a-be2a-213b5544ddc0/resourceGroups/ps7077/providers/Microsoft.Devices/provisioningServices/ps2799/operationResults/b3NfaWRfODYzZjM4MmYtMTQxOS00YThhLTliYzYtZDcwZDJiZWFjNzYx?api-version=2017-11-15",
      "EncodedRequestUri": "L3N1YnNjcmlwdGlvbnMvOTFkMTI2NjAtM2RlYy00NjdhLWJlMmEtMjEzYjU1NDRkZGMwL3Jlc291cmNlR3JvdXBzL3BzNzA3Ny9wcm92aWRlcnMvTWljcm9zb2Z0LkRldmljZXMvcHJvdmlzaW9uaW5nU2VydmljZXMvcHMyNzk5L29wZXJhdGlvblJlc3VsdHMvYjNOZmFXUmZPRFl6WmpNNE1tWXRNVFF4T1MwMFlUaGhMVGxpWXpZdFpEY3daREppWldGak56WXg/YXBpLXZlcnNpb249MjAxNy0xMS0xNQ==",
      "RequestMethod": "GET",
      "RequestBody": "",
      "RequestHeaders": {
        "User-Agent": [
          "FxVersion/4.6.27817.01",
          "OSName/Windows",
          "OSVersion/Microsoft.Windows.10.0.18362.",
          "Microsoft.Azure.Management.DeviceProvisioningServices.IotDpsClient/0.10.0.0"
        ]
      },
      "ResponseHeaders": {
        "Cache-Control": [
          "no-cache"
        ],
        "Pragma": [
          "no-cache"
        ],
        "Location": [
          "https://management.azure.com/subscriptions/91d12660-3dec-467a-be2a-213b5544ddc0/resourceGroups/ps7077/providers/Microsoft.Devices/provisioningServices/ps2799/operationResults/b3NfaWRfODYzZjM4MmYtMTQxOS00YThhLTliYzYtZDcwZDJiZWFjNzYx/operationResults/b3NfaWRfODYzZjM4MmYtMTQxOS00YThhLTliYzYtZDcwZDJiZWFjNzYx?api-version=2017-11-15"
        ],
        "Retry-After": [
          "15"
        ],
        "Server": [
          "Microsoft-HTTPAPI/2.0"
        ],
        "x-ms-ratelimit-remaining-subscription-reads": [
          "11981"
        ],
        "x-ms-request-id": [
          "75e004da-5f9a-4ec1-b276-6c26a93044d3"
        ],
        "x-ms-correlation-request-id": [
          "75e004da-5f9a-4ec1-b276-6c26a93044d3"
        ],
        "x-ms-routing-request-id": [
          "WESTUS:20190930T223519Z:75e004da-5f9a-4ec1-b276-6c26a93044d3"
        ],
        "Strict-Transport-Security": [
          "max-age=31536000; includeSubDomains"
        ],
        "X-Content-Type-Options": [
          "nosniff"
        ],
        "Date": [
          "Mon, 30 Sep 2019 22:35:18 GMT"
        ],
        "Expires": [
          "-1"
        ],
        "Content-Length": [
          "0"
        ]
      },
      "ResponseBody": "",
      "StatusCode": 200
    },
    {
      "RequestUri": "/subscriptions/91d12660-3dec-467a-be2a-213b5544ddc0/resourcegroups/ps7077?api-version=2016-09-01",
      "EncodedRequestUri": "L3N1YnNjcmlwdGlvbnMvOTFkMTI2NjAtM2RlYy00NjdhLWJlMmEtMjEzYjU1NDRkZGMwL3Jlc291cmNlZ3JvdXBzL3BzNzA3Nz9hcGktdmVyc2lvbj0yMDE2LTA5LTAx",
      "RequestMethod": "DELETE",
      "RequestBody": "",
      "RequestHeaders": {
        "x-ms-client-request-id": [
          "bf024e28-2fc3-4585-b12e-bdb902997634"
        ],
        "Accept-Language": [
          "en-US"
        ],
        "User-Agent": [
          "FxVersion/4.6.27817.01",
          "OSName/Windows",
          "OSVersion/Microsoft.Windows.10.0.18362.",
          "Microsoft.Azure.Management.Internal.Resources.ResourceManagementClient/1.3.2"
        ]
      },
      "ResponseHeaders": {
        "Cache-Control": [
          "no-cache"
        ],
        "Pragma": [
          "no-cache"
        ],
        "x-ms-failure-cause": [
          "gateway"
        ],
        "x-ms-ratelimit-remaining-subscription-deletes": [
          "14999"
        ],
        "x-ms-request-id": [
          "5479f891-1905-462a-8ce3-f09e8ed9cf40"
        ],
        "x-ms-correlation-request-id": [
          "5479f891-1905-462a-8ce3-f09e8ed9cf40"
        ],
        "x-ms-routing-request-id": [
          "WESTUS2:20190930T223519Z:5479f891-1905-462a-8ce3-f09e8ed9cf40"
        ],
        "Strict-Transport-Security": [
          "max-age=31536000; includeSubDomains"
        ],
        "X-Content-Type-Options": [
          "nosniff"
        ],
        "Date": [
          "Mon, 30 Sep 2019 22:35:18 GMT"
        ],
        "Content-Type": [
          "application/json; charset=utf-8"
        ],
        "Expires": [
          "-1"
        ],
        "Content-Length": [
          "98"
        ]
      },
      "ResponseBody": "{\r\n  \"error\": {\r\n    \"code\": \"ResourceGroupNotFound\",\r\n    \"message\": \"Resource group 'ps7077' could not be found.\"\r\n  }\r\n}",
      "StatusCode": 404
    }
  ],
  "Names": {
    "Test-AzureIotDpsAccessPolicyLifeCycle": [
      "ps2799",
      "ps7077"
    ]
  },
  "Variables": {
    "SubscriptionId": "91d12660-3dec-467a-be2a-213b5544ddc0"
  }
}