{
  "Get-AzWvdWorkspace+[NoContext]+Get+$PUT+https://management.azure.com/subscriptions/8689a73d-b2fd-4fcc-84e8-1ebb0a5a61fd/resourceGroups/alecbUserSessionTests/providers/Microsoft.DesktopVirtualization/workspaces/WorkspacePowershell1?api-version=2025-04-01-preview+1": {
    "Request": {
      "Method": "PUT",
      "RequestUri": "https://management.azure.com/subscriptions/8689a73d-b2fd-4fcc-84e8-1ebb0a5a61fd/resourceGroups/alecbUserSessionTests/providers/Microsoft.DesktopVirtualization/workspaces/WorkspacePowershell1?api-version=2025-04-01-preview",
      "Content": "{\r\n  \"location\": \"westus2\",\r\n  \"properties\": {\r\n    \"description\": \"des\",\r\n    \"friendlyName\": \"fri\"\r\n  }\r\n}",
      "isContentBase64": false,
      "Headers": {
      },
      "ContentHeaders": {
        "Content-Type": [ "application/json" ],
        "Content-Length": [ "108" ]
      }
    },
    "Response": {
      "StatusCode": 404,
      "Headers": {
        "Cache-Control": [ "no-cache" ],
        "Pragma": [ "no-cache" ],
        "x-ms-failure-cause": [ "gateway" ],
        "x-ms-request-id": [ "73831555-c313-4767-b66d-047f37713032" ],
        "x-ms-correlation-request-id": [ "73831555-c313-4767-b66d-047f37713032" ],
        "x-ms-routing-request-id": [ "SOUTHEASTASIA:20251013T061416Z:73831555-c313-4767-b66d-047f37713032" ],
        "Strict-Transport-Security": [ "max-age=31536000; includeSubDomains" ],
        "X-Content-Type-Options": [ "nosniff" ],
        "X-Cache": [ "CONFIG_NOCACHE" ],
        "X-MSEdge-Ref": [ "Ref A: 47878850298848AC85C3AC7B589F0FB0 Ref B: JKT201051406060 Ref C: 2025-10-13T06:14:15Z" ],
        "Date": [ "Mon, 13 Oct 2025 06:14:15 GMT" ]
      },
      "ContentHeaders": {
        "Content-Length": [ "113" ],
        "Content-Type": [ "application/json; charset=utf-8" ],
        "Expires": [ "-1" ]
      },
      "Content": "{\"error\":{\"code\":\"ResourceGroupNotFound\",\"message\":\"Resource group \u0027alecbUserSessionTests\u0027 could not be found.\"}}",
      "isContentBase64": false
    }
  },
  "Get-AzWvdWorkspace+[NoContext]+Get+$DELETE+https://management.azure.com/subscriptions/8689a73d-b2fd-4fcc-84e8-1ebb0a5a61fd/resourceGroups/alecbUserSessionTests/providers/Microsoft.DesktopVirtualization/workspaces/WorkspacePowershell1?api-version=2025-04-01-preview+2": {
    "Request": {
      "Method": "DELETE",
      "RequestUri": "https://management.azure.com/subscriptions/8689a73d-b2fd-4fcc-84e8-1ebb0a5a61fd/resourceGroups/alecbUserSessionTests/providers/Microsoft.DesktopVirtualization/workspaces/WorkspacePowershell1?api-version=2025-04-01-preview",
      "Content": null,
      "isContentBase64": false,
      "Headers": {
        "x-ms-unique-id": [ "75" ],
        "x-ms-client-request-id": [ "30b4b78f-c863-4a23-aeb7-0a001383955b" ],
        "CommandName": [ "Remove-AzWvdWorkspace" ],
        "FullCommandName": [ "Remove-AzWvdWorkspace_Delete" ],
        "ParameterSetName": [ "__AllParameterSets" ],
        "User-Agent": [ "AzurePowershell/v8.2.0", "PSVersion/v7.5.3", "Az.DesktopVirtualization/5.4.2" ],
        "Authorization": [ "[Filtered]" ]
      },
      "ContentHeaders": {
      }
    },
    "Response": {
      "StatusCode": 404,
      "Headers": {
        "Cache-Control": [ "no-cache" ],
        "Pragma": [ "no-cache" ],
        "x-ms-failure-cause": [ "gateway" ],
        "x-ms-request-id": [ "380e6588-9dd6-40c8-ac97-dc179786ae00" ],
        "x-ms-correlation-request-id": [ "380e6588-9dd6-40c8-ac97-dc179786ae00" ],
        "x-ms-routing-request-id": [ "SOUTHEASTASIA:20251013T061417Z:380e6588-9dd6-40c8-ac97-dc179786ae00" ],
        "Strict-Transport-Security": [ "max-age=31536000; includeSubDomains" ],
        "X-Content-Type-Options": [ "nosniff" ],
        "X-Cache": [ "CONFIG_NOCACHE" ],
        "X-MSEdge-Ref": [ "Ref A: CE2BD1A946A64191933711A943251CE5 Ref B: JKT201051406060 Ref C: 2025-10-13T06:14:17Z" ],
        "Date": [ "Mon, 13 Oct 2025 06:14:16 GMT" ]
      },
      "ContentHeaders": {
        "Content-Length": [ "113" ],
        "Content-Type": [ "application/json; charset=utf-8" ],
        "Expires": [ "-1" ]
      },
      "Content": "{\"error\":{\"code\":\"ResourceGroupNotFound\",\"message\":\"Resource group \u0027alecbUserSessionTests\u0027 could not be found.\"}}",
      "isContentBase64": false
    }
  },
  "Get-AzWvdWorkspace+[NoContext]+List+$PUT+https://management.azure.com/subscriptions/8689a73d-b2fd-4fcc-84e8-1ebb0a5a61fd/resourceGroups/alecbUserSessionTests/providers/Microsoft.DesktopVirtualization/workspaces/WorkspacePowershell1?api-version=2025-04-01-preview+1": {
    "Request": {
      "Method": "PUT",
      "RequestUri": "https://management.azure.com/subscriptions/8689a73d-b2fd-4fcc-84e8-1ebb0a5a61fd/resourceGroups/alecbUserSessionTests/providers/Microsoft.DesktopVirtualization/workspaces/WorkspacePowershell1?api-version=2025-04-01-preview",
      "Content": "{\r\n  \"location\": \"westus2\",\r\n  \"properties\": {\r\n    \"description\": \"des\",\r\n    \"friendlyName\": \"fri\"\r\n  }\r\n}",
      "isContentBase64": false,
      "Headers": {
      },
      "ContentHeaders": {
        "Content-Type": [ "application/json" ],
        "Content-Length": [ "108" ]
      }
    },
    "Response": {
      "StatusCode": 404,
      "Headers": {
        "Cache-Control": [ "no-cache" ],
        "Pragma": [ "no-cache" ],
        "x-ms-failure-cause": [ "gateway" ],
        "x-ms-request-id": [ "720dbc1a-c8d8-46f2-8773-fe05005888cd" ],
        "x-ms-correlation-request-id": [ "720dbc1a-c8d8-46f2-8773-fe05005888cd" ],
        "x-ms-routing-request-id": [ "SOUTHEASTASIA:20251013T061418Z:720dbc1a-c8d8-46f2-8773-fe05005888cd" ],
        "Strict-Transport-Security": [ "max-age=31536000; includeSubDomains" ],
        "X-Content-Type-Options": [ "nosniff" ],
        "X-Cache": [ "CONFIG_NOCACHE" ],
        "X-MSEdge-Ref": [ "Ref A: 9FC114421F864567B91206B767629348 Ref B: JKT201051406060 Ref C: 2025-10-13T06:14:18Z" ],
        "Date": [ "Mon, 13 Oct 2025 06:14:17 GMT" ]
      },
      "ContentHeaders": {
        "Content-Length": [ "113" ],
        "Content-Type": [ "application/json; charset=utf-8" ],
        "Expires": [ "-1" ]
      },
      "Content": "{\"error\":{\"code\":\"ResourceGroupNotFound\",\"message\":\"Resource group \u0027alecbUserSessionTests\u0027 could not be found.\"}}",
      "isContentBase64": false
    }
  },
  "Get-AzWvdWorkspace+[NoContext]+List+$DELETE+https://management.azure.com/subscriptions/8689a73d-b2fd-4fcc-84e8-1ebb0a5a61fd/resourceGroups/alecbUserSessionTests/providers/Microsoft.DesktopVirtualization/workspaces/WorkspacePowershell1?api-version=2025-04-01-preview+2": {
    "Request": {
      "Method": "DELETE",
      "RequestUri": "https://management.azure.com/subscriptions/8689a73d-b2fd-4fcc-84e8-1ebb0a5a61fd/resourceGroups/alecbUserSessionTests/providers/Microsoft.DesktopVirtualization/workspaces/WorkspacePowershell1?api-version=2025-04-01-preview",
      "Content": null,
      "isContentBase64": false,
      "Headers": {
        "x-ms-unique-id": [ "77" ],
        "x-ms-client-request-id": [ "7cb1ef50-907b-46fe-8801-0bd3a04f8376" ],
        "CommandName": [ "Remove-AzWvdWorkspace" ],
        "FullCommandName": [ "Remove-AzWvdWorkspace_Delete" ],
        "ParameterSetName": [ "__AllParameterSets" ],
        "User-Agent": [ "AzurePowershell/v8.2.0", "PSVersion/v7.5.3", "Az.DesktopVirtualization/5.4.2" ],
        "Authorization": [ "[Filtered]" ]
      },
      "ContentHeaders": {
      }
    },
    "Response": {
      "StatusCode": 404,
      "Headers": {
        "Cache-Control": [ "no-cache" ],
        "Pragma": [ "no-cache" ],
        "x-ms-failure-cause": [ "gateway" ],
        "x-ms-request-id": [ "12f4f649-caa1-465b-b864-0b72fc50ecd0" ],
        "x-ms-correlation-request-id": [ "12f4f649-caa1-465b-b864-0b72fc50ecd0" ],
        "x-ms-routing-request-id": [ "SOUTHEASTASIA:20251013T061419Z:12f4f649-caa1-465b-b864-0b72fc50ecd0" ],
        "Strict-Transport-Security": [ "max-age=31536000; includeSubDomains" ],
        "X-Content-Type-Options": [ "nosniff" ],
        "X-Cache": [ "CONFIG_NOCACHE" ],
        "X-MSEdge-Ref": [ "Ref A: 5C11EC17D8FE4BFA97010ACAFED5E3B9 Ref B: JKT201051406060 Ref C: 2025-10-13T06:14:19Z" ],
        "Date": [ "Mon, 13 Oct 2025 06:14:18 GMT" ]
      },
      "ContentHeaders": {
        "Content-Length": [ "113" ],
        "Content-Type": [ "application/json; charset=utf-8" ],
        "Expires": [ "-1" ]
      },
      "Content": "{\"error\":{\"code\":\"ResourceGroupNotFound\",\"message\":\"Resource group \u0027alecbUserSessionTests\u0027 could not be found.\"}}",
      "isContentBase64": false
    }
  },
  "Get-AzWvdWorkspace+[NoContext]+List Subscription Level+$PUT+https://management.azure.com/subscriptions/8689a73d-b2fd-4fcc-84e8-1ebb0a5a61fd/resourceGroups/alecbUserSessionTests/providers/Microsoft.DesktopVirtualization/workspaces/WorkspacePowershell1?api-version=2025-04-01-preview+1": {
    "Request": {
      "Method": "PUT",
      "RequestUri": "https://management.azure.com/subscriptions/8689a73d-b2fd-4fcc-84e8-1ebb0a5a61fd/resourceGroups/alecbUserSessionTests/providers/Microsoft.DesktopVirtualization/workspaces/WorkspacePowershell1?api-version=2025-04-01-preview",
      "Content": "{\r\n  \"location\": \"westus2\",\r\n  \"properties\": {\r\n    \"description\": \"des\",\r\n    \"friendlyName\": \"fri\"\r\n  }\r\n}",
      "isContentBase64": false,
      "Headers": {
      },
      "ContentHeaders": {
        "Content-Type": [ "application/json" ],
        "Content-Length": [ "108" ]
      }
    },
    "Response": {
      "StatusCode": 404,
      "Headers": {
        "Cache-Control": [ "no-cache" ],
        "Pragma": [ "no-cache" ],
        "x-ms-failure-cause": [ "gateway" ],
        "x-ms-request-id": [ "59d42387-9d8d-4a2a-8eda-22530f3534c3" ],
        "x-ms-correlation-request-id": [ "59d42387-9d8d-4a2a-8eda-22530f3534c3" ],
        "x-ms-routing-request-id": [ "SOUTHEASTASIA:20251013T061420Z:59d42387-9d8d-4a2a-8eda-22530f3534c3" ],
        "Strict-Transport-Security": [ "max-age=31536000; includeSubDomains" ],
        "X-Content-Type-Options": [ "nosniff" ],
        "X-Cache": [ "CONFIG_NOCACHE" ],
        "X-MSEdge-Ref": [ "Ref A: 3F90DBFB06154D8BA1BC772F269BED3B Ref B: JKT201051406060 Ref C: 2025-10-13T06:14:20Z" ],
        "Date": [ "Mon, 13 Oct 2025 06:14:20 GMT" ]
      },
      "ContentHeaders": {
        "Content-Length": [ "113" ],
        "Content-Type": [ "application/json; charset=utf-8" ],
        "Expires": [ "-1" ]
      },
      "Content": "{\"error\":{\"code\":\"ResourceGroupNotFound\",\"message\":\"Resource group \u0027alecbUserSessionTests\u0027 could not be found.\"}}",
      "isContentBase64": false
    }
  },
  "Get-AzWvdWorkspace+[NoContext]+List Subscription Level+$DELETE+https://management.azure.com/subscriptions/8689a73d-b2fd-4fcc-84e8-1ebb0a5a61fd/resourceGroups/alecbUserSessionTests/providers/Microsoft.DesktopVirtualization/workspaces/WorkspacePowershell1?api-version=2025-04-01-preview+2": {
    "Request": {
      "Method": "DELETE",
      "RequestUri": "https://management.azure.com/subscriptions/8689a73d-b2fd-4fcc-84e8-1ebb0a5a61fd/resourceGroups/alecbUserSessionTests/providers/Microsoft.DesktopVirtualization/workspaces/WorkspacePowershell1?api-version=2025-04-01-preview",
      "Content": null,
      "isContentBase64": false,
      "Headers": {
        "x-ms-unique-id": [ "79" ],
        "x-ms-client-request-id": [ "126e99d8-ae2a-4c90-a387-12dd66051f49" ],
        "CommandName": [ "Remove-AzWvdWorkspace" ],
        "FullCommandName": [ "Remove-AzWvdWorkspace_Delete" ],
        "ParameterSetName": [ "__AllParameterSets" ],
        "User-Agent": [ "AzurePowershell/v8.2.0", "PSVersion/v7.5.3", "Az.DesktopVirtualization/5.4.2" ],
        "Authorization": [ "[Filtered]" ]
      },
      "ContentHeaders": {
      }
    },
    "Response": {
      "StatusCode": 404,
      "Headers": {
        "Cache-Control": [ "no-cache" ],
        "Pragma": [ "no-cache" ],
        "x-ms-failure-cause": [ "gateway" ],
        "x-ms-request-id": [ "bb73bc01-416b-4f43-bd34-3df2cb0ff54e" ],
        "x-ms-correlation-request-id": [ "bb73bc01-416b-4f43-bd34-3df2cb0ff54e" ],
        "x-ms-routing-request-id": [ "SOUTHEASTASIA:20251013T061422Z:bb73bc01-416b-4f43-bd34-3df2cb0ff54e" ],
        "Strict-Transport-Security": [ "max-age=31536000; includeSubDomains" ],
        "X-Content-Type-Options": [ "nosniff" ],
        "X-Cache": [ "CONFIG_NOCACHE" ],
        "X-MSEdge-Ref": [ "Ref A: 05DF5A13770146C2919DBCE4B691C456 Ref B: JKT201051406060 Ref C: 2025-10-13T06:14:22Z" ],
        "Date": [ "Mon, 13 Oct 2025 06:14:21 GMT" ]
      },
      "ContentHeaders": {
        "Content-Length": [ "113" ],
        "Content-Type": [ "application/json; charset=utf-8" ],
        "Expires": [ "-1" ]
      },
      "Content": "{\"error\":{\"code\":\"ResourceGroupNotFound\",\"message\":\"Resource group \u0027alecbUserSessionTests\u0027 could not be found.\"}}",
      "isContentBase64": false
    }
  }
}