{
  "Get-AzWvdMsixPackage+[NoContext]+List+$PUT+https://management.azure.com/subscriptions/dbedef25-184c-430f-b383-0eeb87c3205d/resourceGroups/alecbUserSessionTests/providers/Microsoft.DesktopVirtualization/hostPools/HostPoolPowershellContained1?api-version=2024-04-08-preview+1": {
    "Request": {
      "Method": "PUT",
      "RequestUri": "https://management.azure.com/subscriptions/dbedef25-184c-430f-b383-0eeb87c3205d/resourceGroups/alecbUserSessionTests/providers/Microsoft.DesktopVirtualization/hostPools/HostPoolPowershellContained1?api-version=2024-04-08-preview",
      "Content": "{\r\n  \"location\": \"westus2\",\r\n  \"properties\": {\r\n    \"registrationInfo\": {\r\n      \"expirationTime\": \"2024-09-25T15:07:56.5417903-07:00\",\r\n      \"registrationTokenOperation\": \"Update\"\r\n    },\r\n    \"friendlyName\": \"fri\",\r\n    \"description\": \"des\",\r\n    \"hostPoolType\": \"Shared\",\r\n    \"customRdpProperty\": \"\",\r\n    \"maxSessionLimit\": 5,\r\n    \"loadBalancerType\": \"DepthFirst\",\r\n    \"ring\": 0,\r\n    \"validationEnvironment\": false,\r\n    \"vmTemplate\": \"\",\r\n    \"managementType\": \"Standard\",\r\n    \"preferredAppGroupType\": \"Desktop\"\r\n  }\r\n}",
      "isContentBase64": false,
      "Headers": {
      },
      "ContentHeaders": {
        "Content-Type": [ "application/json" ],
        "Content-Length": [ "530" ]
      }
    },
    "Response": {
      "StatusCode": 201,
      "Headers": {
        "Cache-Control": [ "no-cache" ],
        "Pragma": [ "no-cache" ],
        "Location": [ "/subscriptions/dbedef25-184c-430f-b383-0eeb87c3205d/resourcegroups/alecbUserSessionTests/providers/Microsoft.DesktopVirtualization/hostpools/HostPoolPowershellContained1" ],
        "Set-Cookie": [ "ARRAffinity=f0cf6515b964ed71a3330b30673731d75ad3321adfb3448f8fe843b9868e0497;Path=/;HttpOnly;Secure;Domain=rdarmprovider-g-us-r0.wvdselfhost.microsoft.com", "ARRAffinitySameSite=f0cf6515b964ed71a3330b30673731d75ad3321adfb3448f8fe843b9868e0497;Path=/;HttpOnly;SameSite=None;Secure;Domain=rdarmprovider-g-us-r0.wvdselfhost.microsoft.com" ],
        "X-Rate-Limit-Limit": [ "0" ],
        "X-Rate-Limit-Remaining": [ "9223372036854775807" ],
        "X-Rate-Limit-Reset": [ "0" ],
        "x-ms-opsarmpath64": [ "L3N1YnNjcmlwdGlvbnMvZGJlZGVmMjUtMTg0Yy00MzBmLWIzODMtMGVlYjg3YzMyMDVkL3Jlc291cmNlR3JvdXBzL2FsZWNiVXNlclNlc3Npb25UZXN0cy9wcm92aWRlcnMvTWljcm9zb2Z0LkRlc2t0b3BWaXJ0dWFsaXphdGlvbi9ob3N0UG9vbHMvSG9zdFBvb2xQb3dlcnNoZWxsQ29udGFpbmVkMQ==" ],
        "x-ms-lamport-ts": [ "179534365" ],
        "x-ms-correlation-id": [ "f6a4ab92-3e2c-48a6-b391-e7737f21b8b7" ],
        "x-ms-request-id": [ "249639b6-2422-489a-96dd-b50c5fdd87f6" ],
        "X-Powered-By": [ "ASP.NET" ],
        "X-Content-Type-Options": [ "nosniff" ],
        "x-ms-ratelimit-remaining-subscription-writes": [ "199" ],
        "x-ms-ratelimit-remaining-subscription-global-writes": [ "2999" ],
        "x-ms-correlation-request-id": [ "e17c4b6c-d74d-4c97-8125-00d29cda87f1" ],
        "x-ms-routing-request-id": [ "EASTUS2:20240924T220759Z:e17c4b6c-d74d-4c97-8125-00d29cda87f1" ],
        "Strict-Transport-Security": [ "max-age=31536000; includeSubDomains" ],
        "X-Cache": [ "CONFIG_NOCACHE" ],
        "X-MSEdge-Ref": [ "Ref A: 1B8758AFC75B43F2A455FC079E2F78E8 Ref B: MNZ221060618031 Ref C: 2024-09-24T22:07:56Z" ],
        "Date": [ "Tue, 24 Sep 2024 22:07:59 GMT" ]
      },
      "ContentHeaders": {
        "Content-Length": [ "3071" ],
        "Content-Type": [ "application/json; charset=utf-8" ],
        "Expires": [ "-1" ]
      },
      "Content": "{\"identity\":{\"type\":\"None\",\"tenantId\":null,\"principalId\":null},\"name\":\"HostPoolPowershellContained1\",\"id\":\"/subscriptions/dbedef25-184c-430f-b383-0eeb87c3205d/resourcegroups/alecbUserSessionTests/providers/Microsoft.DesktopVirtualization/hostpools/HostPoolPowershellContained1\",\"type\":\"Microsoft.DesktopVirtualization/hostpools\",\"location\":\"westus2\",\"tags\":null,\"kind\":null,\"systemData\":{\"createdBy\":\"ryanoshinsky@wvdtesttenant.onmicrosoft.com\",\"createdByType\":\"User\",\"createdAt\":\"2024-09-24T22:07:58.97Z\",\"lastModifiedBy\":\"ryanoshinsky@wvdtesttenant.onmicrosoft.com\",\"lastModifiedByType\":\"User\",\"lastModifiedAt\":\"2024-09-24T22:07:58.97Z\"},\"properties\":{\"managedPrivateUDP\":\"Default\",\"directUDP\":\"Default\",\"publicUDP\":\"Default\",\"relayUDP\":\"Default\",\"managementType\":\"Standard\",\"appAttachPackageReferences\":[],\"agentUpdate\":null,\"privateEndpointConnections\":null,\"publicNetworkAccess\":\"Enabled\",\"friendlyName\":\"fri\",\"description\":\"des\",\"hostPoolType\":\"Pooled\",\"personalDesktopAssignmentType\":null,\"applicationGroupReferences\":[],\"customRdpProperty\":\"\",\"maxSessionLimit\":5,\"loadBalancerType\":\"DepthFirst\",\"validationEnvironment\":false,\"ring\":null,\"registrationInfo\":{\"expirationTime\":\"2024-09-25T22:07:56.5417903+00:00\",\"token\":\"eyJhbGciOiJSUzI1NiIsImtpZCI6IjZEQTlDNDhCQTcxRkJEMzREQkQ4RTQ2MEI3Q0U4MUVFMjM4Q0E0MTAiLCJ0eXAiOiJKV1QifQ.eyJSZWdpc3RyYXRpb25JZCI6IjEzODE0ZTc2LWY3NjItNGJiYy1iM2FiLTY2ZjU5N2I2YWMxNCIsIkJyb2tlclVyaSI6Imh0dHBzOi8vcmRicm9rZXItZy11cy1yMC53dmRzZWxmaG9zdC5taWNyb3NvZnQuY29tLyIsIkRpYWdub3N0aWNzVXJpIjoiaHR0cHM6Ly9yZGRpYWdub3N0aWNzLWctdXMtcjAud3Zkc2VsZmhvc3QubWljcm9zb2Z0LmNvbS8iLCJFbmRwb2ludFBvb2xJZCI6ImNmNDAwNGExLTg4OGYtNDcyOS05N2U5LWQ5ZjBlNDkyNmYzYSIsIkdsb2JhbEJyb2tlclVyaSI6Imh0dHBzOi8vcmRicm9rZXIud3Zkc2VsZmhvc3QubWljcm9zb2Z0LmNvbS8iLCJHZW9ncmFwaHkiOiJVUyIsIkdsb2JhbEJyb2tlclJlc291cmNlSWRVcmkiOiJodHRwczovL2NmNDAwNGExLTg4OGYtNDcyOS05N2U5LWQ5ZjBlNDkyNmYzYS5yZGJyb2tlci53dmRzZWxmaG9zdC5taWNyb3NvZnQuY29tLyIsIkJyb2tlclJlc291cmNlSWRVcmkiOiJodHRwczovL2NmNDAwNGExLTg4OGYtNDcyOS05N2U5LWQ5ZjBlNDkyNmYzYS5yZGJyb2tlci1nLXVzLXIwLnd2ZHNlbGZob3N0Lm1pY3Jvc29mdC5jb20vIiwiRGlhZ25vc3RpY3NSZXNvdXJjZUlkVXJpIjoiaHR0cHM6Ly9jZjQwMDRhMS04ODhmLTQ3MjktOTdlOS1kOWYwZTQ5MjZmM2EucmRkaWFnbm9zdGljcy1nLXVzLXIwLnd2ZHNlbGZob3N0Lm1pY3Jvc29mdC5jb20vIiwiQUFEVGVuYW50SWQiOiI3NGJjMmRmMC1mYzU3LTQzNjEtYjE1MC0yZDZkZDUxY2I2NjMiLCJuYmYiOjE3MjcyMTU2NzksImV4cCI6MTcyNzMwMjA3NiwiaXNzIjoiUkRJbmZyYVRva2VuTWFuYWdlciIsImF1ZCI6IlJEbWkifQ.qcpQu5A6vjMceqNzpTKy0gatKHzJBKdMGCISrsCs0ptGlmro2fmgz0OBfm7dAWlm320B3kDmdw7tJSH90XqO8RhUSC2qZ6mlB8B6zDmllzD0h8Xs36gMEAQryKgWrfpWx-LR0wSC_IdmxUj63x2bzbL0hf07F5vVC3SDjT8rvjqUVQKW1pAjADGL4m2YV6CMLyvUfHsDQpu7nGAaV8BwY6QcZlq248CYjSQmc8QxggnPC29hFHYl86M44LY2qxY4esVpadlze4K4AjsSsTzUewKCqUkztGkvlpy_Gtfs31evdtAjyoke_CesFha85nuMxy-r-YNFKHiOAfwYXOycQg\",\"registrationTokenOperation\":\"Update\"},\"vmTemplate\":null,\"preferredAppGroupType\":\"Desktop\",\"migrationRequest\":null,\"cloudPcResource\":false,\"startVMOnConnect\":false,\"ssoadfsAuthority\":null,\"ssoClientId\":null,\"ssoClientSecretKeyVaultPath\":null,\"ssoSecretType\":null,\"objectId\":\"cf4004a1-888f-4729-97e9-d9f0e4926f3a\"}}",
      "isContentBase64": false
    }
  },
  "Get-AzWvdMsixPackage+[NoContext]+List+$PUT+https://management.azure.com/subscriptions/dbedef25-184c-430f-b383-0eeb87c3205d/resourcegroups/alecbUserSessionTests/providers/Microsoft.DesktopVirtualization/hostPools/HostPoolPowershellContained1/msixPackages/MsixTest_FullName_UnitTest?api-version=2024-04-08-preview+2": {
    "Request": {
      "Method": "PUT",
      "RequestUri": "https://management.azure.com/subscriptions/dbedef25-184c-430f-b383-0eeb87c3205d/resourcegroups/alecbUserSessionTests/providers/Microsoft.DesktopVirtualization/hostPools/HostPoolPowershellContained1/msixPackages/MsixTest_FullName_UnitTest?api-version=2024-04-08-preview",
      "Content": "{\r\n  \"properties\": {\r\n    \"imagePath\": \"C:\\\\\\\\msix\\\\SingleMsix.vhd\",\r\n    \"packageName\": \"MsixUnitTest_Name\",\r\n    \"packageFamilyName\": \"MsixUnitTest_FamilyName\",\r\n    \"displayName\": \"UnitTest-MSIXPackage\",\r\n    \"packageRelativePath\": \"MsixUnitTest_RelativePackageRoot\",\r\n    \"isRegularRegistration\": true,\r\n    \"isActive\": true,\r\n    \"packageDependencies\": [\r\n      {\r\n        \"dependencyName\": \"MsixTest_Dependency_Name\",\r\n        \"publisher\": \"MsixTest_Dependency_Publisher\",\r\n        \"minVersion\": \"0.0.0.42\"\r\n      }\r\n    ],\r\n    \"version\": \"0.0.18838.722\",\r\n    \"lastUpdated\": \"0001-01-01T00:00:00.0000000\",\r\n    \"packageApplications\": [\r\n      {\r\n        \"appId\": \"MsixTest_Application_Id\",\r\n        \"description\": \"testing from ps\",\r\n        \"appUserModelID\": \"MsixTest_Application_ModelID\",\r\n        \"friendlyName\": \"some name\",\r\n        \"iconImageName\": \"Apptile\",\r\n        \"rawIcon\": \"c29tZSBpbWFnZQ==\",\r\n        \"rawPng\": \"c29tZSBpbWFnZQ==\"\r\n      }\r\n    ]\r\n  }\r\n}",
      "isContentBase64": false,
      "Headers": {
      },
      "ContentHeaders": {
        "Content-Type": [ "application/json" ],
        "Content-Length": [ "976" ]
      }
    },
    "Response": {
      "StatusCode": 201,
      "Headers": {
        "Cache-Control": [ "no-cache" ],
        "Pragma": [ "no-cache" ],
        "Location": [ "/subscriptions/dbedef25-184c-430f-b383-0eeb87c3205d/resourcegroups/alecbUserSessionTests/providers/Microsoft.DesktopVirtualization/hostpools/HostPoolPowershellContained1/msixpackages/MsixTest_FullName_UnitTest" ],
        "Set-Cookie": [ "ARRAffinity=6ed70d129f929e9c0dc1324370ea99cd733e8f3cb78772a9b8793f4f636e0cf7;Path=/;HttpOnly;Secure;Domain=rdarmprovider-g-us-r0.wvdselfhost.microsoft.com", "ARRAffinitySameSite=6ed70d129f929e9c0dc1324370ea99cd733e8f3cb78772a9b8793f4f636e0cf7;Path=/;HttpOnly;SameSite=None;Secure;Domain=rdarmprovider-g-us-r0.wvdselfhost.microsoft.com" ],
        "X-Rate-Limit-Limit": [ "0" ],
        "X-Rate-Limit-Remaining": [ "9223372036854775807" ],
        "X-Rate-Limit-Reset": [ "0" ],
        "x-ms-opsarmpath64": [ "L3N1YnNjcmlwdGlvbnMvZGJlZGVmMjUtMTg0Yy00MzBmLWIzODMtMGVlYjg3YzMyMDVkL3Jlc291cmNlZ3JvdXBzL2FsZWNiVXNlclNlc3Npb25UZXN0cy9wcm92aWRlcnMvTWljcm9zb2Z0LkRlc2t0b3BWaXJ0dWFsaXphdGlvbi9ob3N0UG9vbHMvSG9zdFBvb2xQb3dlcnNoZWxsQ29udGFpbmVkMS9tc2l4UGFja2FnZXMvTXNpeFRlc3RfRnVsbE5hbWVfVW5pdFRlc3Q=" ],
        "x-ms-lamport-ts": [ "179534370" ],
        "x-ms-correlation-id": [ "4be1eb68-439a-4876-a3cc-9523b196368c" ],
        "x-ms-request-id": [ "f7b1cae9-922b-4414-80c1-b22a675a57f1" ],
        "X-Powered-By": [ "ASP.NET" ],
        "X-Content-Type-Options": [ "nosniff" ],
        "x-ms-ratelimit-remaining-subscription-writes": [ "199" ],
        "x-ms-ratelimit-remaining-subscription-global-writes": [ "2999" ],
        "x-ms-correlation-request-id": [ "42c636da-77ba-471d-883e-3a939825c6af" ],
        "x-ms-routing-request-id": [ "EASTUS2:20240924T220800Z:42c636da-77ba-471d-883e-3a939825c6af" ],
        "Strict-Transport-Security": [ "max-age=31536000; includeSubDomains" ],
        "X-Cache": [ "CONFIG_NOCACHE" ],
        "X-MSEdge-Ref": [ "Ref A: 4DD50309BD874E8DAE463AF169260470 Ref B: MNZ221060618031 Ref C: 2024-09-24T22:07:59Z" ],
        "Date": [ "Tue, 24 Sep 2024 22:08:00 GMT" ]
      },
      "ContentHeaders": {
        "Content-Length": [ "1338" ],
        "Content-Type": [ "application/json; charset=utf-8" ],
        "Expires": [ "-1" ]
      },
      "Content": "{\"name\":\"HostPoolPowershellContained1/MsixTest_FullName_UnitTest\",\"id\":\"/subscriptions/dbedef25-184c-430f-b383-0eeb87c3205d/resourcegroups/alecbUserSessionTests/providers/Microsoft.DesktopVirtualization/hostpools/HostPoolPowershellContained1/msixpackages/MsixTest_FullName_UnitTest\",\"type\":\"Microsoft.DesktopVirtualization/hostpools/msixpackages\",\"properties\":{\"imagePath\":\"C:\\\\\\\\msix\\\\SingleMsix.vhd\",\"packageName\":\"MsixUnitTest_Name\",\"packageFamilyName\":\"MsixUnitTest_FamilyName\",\"displayName\":\"UnitTest-MSIXPackage\",\"packageRelativePath\":\"MsixUnitTest_RelativePackageRoot\",\"isRegularRegistration\":true,\"isActive\":true,\"packageDependencies\":[{\"dependencyName\":\"MsixTest_Dependency_Name\",\"publisher\":\"MsixTest_Dependency_Publisher\",\"minVersion\":\"0.0.0.42\"}],\"version\":\"0.0.18838.722\",\"lastUpdated\":\"0001-01-01T00:00:00\",\"packageApplications\":[{\"appUserModelID\":\"MsixTest_Application_ModelID\",\"appId\":\"MsixTest_Application_Id\",\"description\":\"testing from ps\",\"friendlyName\":\"some name\",\"iconImageName\":\"Apptile\",\"rawIcon\":\"c29tZSBpbWFnZQ==\",\"rawPng\":\"c29tZSBpbWFnZQ==\"}]},\"systemData\":{\"createdBy\":\"ryanoshinsky@wvdtesttenant.onmicrosoft.com\",\"createdByType\":\"User\",\"createdAt\":\"2024-09-24T22:07:59.83Z\",\"lastModifiedBy\":\"ryanoshinsky@wvdtesttenant.onmicrosoft.com\",\"lastModifiedByType\":\"User\",\"lastModifiedAt\":\"2024-09-24T22:07:59.83Z\"}}",
      "isContentBase64": false
    }
  },
  "Get-AzWvdMsixPackage+[NoContext]+List+$PUT+https://management.azure.com/subscriptions/dbedef25-184c-430f-b383-0eeb87c3205d/resourcegroups/alecbUserSessionTests/providers/Microsoft.DesktopVirtualization/hostPools/HostPoolPowershellContained1/msixPackages/MsixTest_FullName_UnitTest2?api-version=2024-04-08-preview+3": {
    "Request": {
      "Method": "PUT",
      "RequestUri": "https://management.azure.com/subscriptions/dbedef25-184c-430f-b383-0eeb87c3205d/resourcegroups/alecbUserSessionTests/providers/Microsoft.DesktopVirtualization/hostPools/HostPoolPowershellContained1/msixPackages/MsixTest_FullName_UnitTest2?api-version=2024-04-08-preview",
      "Content": "{\r\n  \"properties\": {\r\n    \"imagePath\": \"C:\\\\\\\\msix\\\\SingleMsix.vhd\",\r\n    \"packageName\": \"MsixUnitTest_Name2\",\r\n    \"packageFamilyName\": \"MsixUnitTest_FamilyName2\",\r\n    \"displayName\": \"UnitTest-MSIXPackage2\",\r\n    \"packageRelativePath\": \"MsixUnitTest_RelativePackageRoot2\",\r\n    \"isRegularRegistration\": true,\r\n    \"isActive\": true,\r\n    \"packageDependencies\": [\r\n      {\r\n        \"dependencyName\": \"MsixTest_Dependency_Name\",\r\n        \"publisher\": \"MsixTest_Dependency_Publisher\",\r\n        \"minVersion\": \"0.0.0.42\"\r\n      }\r\n    ],\r\n    \"version\": \"0.0.18838.722\",\r\n    \"lastUpdated\": \"0001-01-01T00:00:00.0000000\",\r\n    \"packageApplications\": [\r\n      {\r\n        \"appId\": \"MsixTest_Application_Id\",\r\n        \"description\": \"testing from ps\",\r\n        \"appUserModelID\": \"MsixTest_Application_ModelID\",\r\n        \"friendlyName\": \"some name\",\r\n        \"iconImageName\": \"Apptile\",\r\n        \"rawIcon\": \"c29tZSBpbWFnZQ==\",\r\n        \"rawPng\": \"c29tZSBpbWFnZQ==\"\r\n      }\r\n    ]\r\n  }\r\n}",
      "isContentBase64": false,
      "Headers": {
      },
      "ContentHeaders": {
        "Content-Type": [ "application/json" ],
        "Content-Length": [ "980" ]
      }
    },
    "Response": {
      "StatusCode": 201,
      "Headers": {
        "Cache-Control": [ "no-cache" ],
        "Pragma": [ "no-cache" ],
        "Location": [ "/subscriptions/dbedef25-184c-430f-b383-0eeb87c3205d/resourcegroups/alecbUserSessionTests/providers/Microsoft.DesktopVirtualization/hostpools/HostPoolPowershellContained1/msixpackages/MsixTest_FullName_UnitTest2" ],
        "Set-Cookie": [ "ARRAffinity=f0cf6515b964ed71a3330b30673731d75ad3321adfb3448f8fe843b9868e0497;Path=/;HttpOnly;Secure;Domain=rdarmprovider-g-us-r0.wvdselfhost.microsoft.com", "ARRAffinitySameSite=f0cf6515b964ed71a3330b30673731d75ad3321adfb3448f8fe843b9868e0497;Path=/;HttpOnly;SameSite=None;Secure;Domain=rdarmprovider-g-us-r0.wvdselfhost.microsoft.com" ],
        "X-Rate-Limit-Limit": [ "0" ],
        "X-Rate-Limit-Remaining": [ "9223372036854775807" ],
        "X-Rate-Limit-Reset": [ "0" ],
        "x-ms-opsarmpath64": [ "L3N1YnNjcmlwdGlvbnMvZGJlZGVmMjUtMTg0Yy00MzBmLWIzODMtMGVlYjg3YzMyMDVkL3Jlc291cmNlZ3JvdXBzL2FsZWNiVXNlclNlc3Npb25UZXN0cy9wcm92aWRlcnMvTWljcm9zb2Z0LkRlc2t0b3BWaXJ0dWFsaXphdGlvbi9ob3N0UG9vbHMvSG9zdFBvb2xQb3dlcnNoZWxsQ29udGFpbmVkMS9tc2l4UGFja2FnZXMvTXNpeFRlc3RfRnVsbE5hbWVfVW5pdFRlc3Qy" ],
        "x-ms-lamport-ts": [ "179534368" ],
        "x-ms-correlation-id": [ "0030a60b-4af4-49d2-83fb-efc10854d60f" ],
        "x-ms-request-id": [ "4aafc9d2-691a-403d-948c-37b1db66bdb3" ],
        "X-Powered-By": [ "ASP.NET" ],
        "X-Content-Type-Options": [ "nosniff" ],
        "x-ms-ratelimit-remaining-subscription-writes": [ "199" ],
        "x-ms-ratelimit-remaining-subscription-global-writes": [ "2999" ],
        "x-ms-correlation-request-id": [ "c9e8f8d0-1106-4fa9-b06e-fb6b1bf0ce47" ],
        "x-ms-routing-request-id": [ "EASTUS2:20240924T220801Z:c9e8f8d0-1106-4fa9-b06e-fb6b1bf0ce47" ],
        "Strict-Transport-Security": [ "max-age=31536000; includeSubDomains" ],
        "X-Cache": [ "CONFIG_NOCACHE" ],
        "X-MSEdge-Ref": [ "Ref A: 3F942F1A1230454A93F6AC3E4CDC80DA Ref B: MNZ221060618031 Ref C: 2024-09-24T22:08:00Z" ],
        "Date": [ "Tue, 24 Sep 2024 22:08:00 GMT" ]
      },
      "ContentHeaders": {
        "Content-Length": [ "1344" ],
        "Content-Type": [ "application/json; charset=utf-8" ],
        "Expires": [ "-1" ]
      },
      "Content": "{\"name\":\"HostPoolPowershellContained1/MsixTest_FullName_UnitTest2\",\"id\":\"/subscriptions/dbedef25-184c-430f-b383-0eeb87c3205d/resourcegroups/alecbUserSessionTests/providers/Microsoft.DesktopVirtualization/hostpools/HostPoolPowershellContained1/msixpackages/MsixTest_FullName_UnitTest2\",\"type\":\"Microsoft.DesktopVirtualization/hostpools/msixpackages\",\"properties\":{\"imagePath\":\"C:\\\\\\\\msix\\\\SingleMsix.vhd\",\"packageName\":\"MsixUnitTest_Name2\",\"packageFamilyName\":\"MsixUnitTest_FamilyName2\",\"displayName\":\"UnitTest-MSIXPackage2\",\"packageRelativePath\":\"MsixUnitTest_RelativePackageRoot2\",\"isRegularRegistration\":true,\"isActive\":true,\"packageDependencies\":[{\"dependencyName\":\"MsixTest_Dependency_Name\",\"publisher\":\"MsixTest_Dependency_Publisher\",\"minVersion\":\"0.0.0.42\"}],\"version\":\"0.0.18838.722\",\"lastUpdated\":\"0001-01-01T00:00:00\",\"packageApplications\":[{\"appUserModelID\":\"MsixTest_Application_ModelID\",\"appId\":\"MsixTest_Application_Id\",\"description\":\"testing from ps\",\"friendlyName\":\"some name\",\"iconImageName\":\"Apptile\",\"rawIcon\":\"c29tZSBpbWFnZQ==\",\"rawPng\":\"c29tZSBpbWFnZQ==\"}]},\"systemData\":{\"createdBy\":\"ryanoshinsky@wvdtesttenant.onmicrosoft.com\",\"createdByType\":\"User\",\"createdAt\":\"2024-09-24T22:08:00.54Z\",\"lastModifiedBy\":\"ryanoshinsky@wvdtesttenant.onmicrosoft.com\",\"lastModifiedByType\":\"User\",\"lastModifiedAt\":\"2024-09-24T22:08:00.54Z\"}}",
      "isContentBase64": false
    }
  },
  "Get-AzWvdMsixPackage+[NoContext]+List+$GET+https://management.azure.com/subscriptions/dbedef25-184c-430f-b383-0eeb87c3205d/resourcegroups/alecbUserSessionTests/providers/Microsoft.DesktopVirtualization/hostPools/HostPoolPowershellContained1/msixPackages?api-version=2024-04-08-preview+4": {
    "Request": {
      "Method": "GET",
      "RequestUri": "https://management.azure.com/subscriptions/dbedef25-184c-430f-b383-0eeb87c3205d/resourcegroups/alecbUserSessionTests/providers/Microsoft.DesktopVirtualization/hostPools/HostPoolPowershellContained1/msixPackages?api-version=2024-04-08-preview",
      "Content": null,
      "isContentBase64": false,
      "Headers": {
        "x-ms-unique-id": [ "104" ],
        "x-ms-client-request-id": [ "20f57a23-2e1d-4f13-8476-240d3fae872a" ],
        "CommandName": [ "Get-AzWvdMsixPackage" ],
        "FullCommandName": [ "Get-AzWvdMsixPackage_List" ],
        "ParameterSetName": [ "__AllParameterSets" ],
        "User-Agent": [ "AzurePowershell/v8.2.0", "PSVersion/v7.4.5", "Az.DesktopVirtualization/2.1.0" ],
        "Authorization": [ "[Filtered]" ]
      },
      "ContentHeaders": {
      }
    },
    "Response": {
      "StatusCode": 200,
      "Headers": {
        "Cache-Control": [ "no-cache" ],
        "Pragma": [ "no-cache" ],
        "Vary": [ "Accept-Encoding" ],
        "Set-Cookie": [ "ARRAffinity=6ed70d129f929e9c0dc1324370ea99cd733e8f3cb78772a9b8793f4f636e0cf7;Path=/;HttpOnly;Secure;Domain=rdarmprovider-g-us-r0.wvdselfhost.microsoft.com", "ARRAffinitySameSite=6ed70d129f929e9c0dc1324370ea99cd733e8f3cb78772a9b8793f4f636e0cf7;Path=/;HttpOnly;SameSite=None;Secure;Domain=rdarmprovider-g-us-r0.wvdselfhost.microsoft.com" ],
        "x-ms-ratelimit-remaining-subscription-reads": [ "249" ],
        "X-Rate-Limit-Limit": [ "0" ],
        "X-Rate-Limit-Remaining": [ "9223372036854775807" ],
        "X-Rate-Limit-Reset": [ "0" ],
        "x-ms-opsarmpath64": [ "L3N1YnNjcmlwdGlvbnMvZGJlZGVmMjUtMTg0Yy00MzBmLWIzODMtMGVlYjg3YzMyMDVkL3Jlc291cmNlZ3JvdXBzL2FsZWNiVXNlclNlc3Npb25UZXN0cy9wcm92aWRlcnMvTWljcm9zb2Z0LkRlc2t0b3BWaXJ0dWFsaXphdGlvbi9ob3N0UG9vbHMvSG9zdFBvb2xQb3dlcnNoZWxsQ29udGFpbmVkMQ==" ],
        "x-ms-lamport-ts": [ "179534373" ],
        "x-ms-correlation-id": [ "b06d1e41-2631-4011-b103-c24ec8896079" ],
        "x-ms-request-id": [ "20f57a23-2e1d-4f13-8476-240d3fae872a" ],
        "X-Powered-By": [ "ASP.NET" ],
        "X-Content-Type-Options": [ "nosniff" ],
        "x-ms-ratelimit-remaining-subscription-global-reads": [ "3749" ],
        "x-ms-correlation-request-id": [ "7f0f94c4-1df6-4c19-994f-5571a4eba5d0" ],
        "x-ms-routing-request-id": [ "EASTUS2:20240924T220802Z:7f0f94c4-1df6-4c19-994f-5571a4eba5d0" ],
        "Strict-Transport-Security": [ "max-age=31536000; includeSubDomains" ],
        "X-Cache": [ "CONFIG_NOCACHE" ],
        "X-MSEdge-Ref": [ "Ref A: D070CA0E68FC4AE88B11CA91F28AE1E6 Ref B: MNZ221060618031 Ref C: 2024-09-24T22:08:01Z" ],
        "Date": [ "Tue, 24 Sep 2024 22:08:02 GMT" ]
      },
      "ContentHeaders": {
        "Content-Length": [ "2711" ],
        "Content-Type": [ "application/json; charset=utf-8" ],
        "Expires": [ "-1" ]
      },
      "Content": "{\"value\":[{\"name\":\"HostPoolPowershellContained1/MsixTest_FullName_UnitTest\",\"id\":\"/subscriptions/dbedef25-184c-430f-b383-0eeb87c3205d/resourcegroups/alecbUserSessionTests/providers/Microsoft.DesktopVirtualization/hostpools/HostPoolPowershellContained1/msixpackages/MsixTest_FullName_UnitTest\",\"type\":\"Microsoft.DesktopVirtualization/hostpools/msixpackages\",\"properties\":{\"imagePath\":\"C:\\\\\\\\msix\\\\SingleMsix.vhd\",\"packageName\":\"MsixUnitTest_Name\",\"packageFamilyName\":\"MsixUnitTest_FamilyName\",\"displayName\":\"UnitTest-MSIXPackage\",\"packageRelativePath\":\"MsixUnitTest_RelativePackageRoot\",\"isRegularRegistration\":true,\"isActive\":true,\"packageDependencies\":[{\"dependencyName\":\"MsixTest_Dependency_Name\",\"publisher\":\"MsixTest_Dependency_Publisher\",\"minVersion\":\"0.0.0.42\"}],\"version\":\"0.0.18838.722\",\"lastUpdated\":\"0001-01-01T00:00:00\",\"packageApplications\":[{\"appUserModelID\":\"MsixTest_Application_ModelID\",\"appId\":\"MsixTest_Application_Id\",\"description\":\"testing from ps\",\"friendlyName\":\"some name\",\"iconImageName\":\"Apptile\",\"rawIcon\":\"c29tZSBpbWFnZQ==\",\"rawPng\":\"c29tZSBpbWFnZQ==\"}]},\"systemData\":{\"createdBy\":\"ryanoshinsky@wvdtesttenant.onmicrosoft.com\",\"createdByType\":\"User\",\"createdAt\":\"2024-09-24T22:07:59.83Z\",\"lastModifiedBy\":\"ryanoshinsky@wvdtesttenant.onmicrosoft.com\",\"lastModifiedByType\":\"User\",\"lastModifiedAt\":\"2024-09-24T22:07:59.83Z\"}},{\"name\":\"HostPoolPowershellContained1/MsixTest_FullName_UnitTest2\",\"id\":\"/subscriptions/dbedef25-184c-430f-b383-0eeb87c3205d/resourcegroups/alecbUserSessionTests/providers/Microsoft.DesktopVirtualization/hostpools/HostPoolPowershellContained1/msixpackages/MsixTest_FullName_UnitTest2\",\"type\":\"Microsoft.DesktopVirtualization/hostpools/msixpackages\",\"properties\":{\"imagePath\":\"C:\\\\\\\\msix\\\\SingleMsix.vhd\",\"packageName\":\"MsixUnitTest_Name2\",\"packageFamilyName\":\"MsixUnitTest_FamilyName2\",\"displayName\":\"UnitTest-MSIXPackage2\",\"packageRelativePath\":\"MsixUnitTest_RelativePackageRoot2\",\"isRegularRegistration\":true,\"isActive\":true,\"packageDependencies\":[{\"dependencyName\":\"MsixTest_Dependency_Name\",\"publisher\":\"MsixTest_Dependency_Publisher\",\"minVersion\":\"0.0.0.42\"}],\"version\":\"0.0.18838.722\",\"lastUpdated\":\"0001-01-01T00:00:00\",\"packageApplications\":[{\"appUserModelID\":\"MsixTest_Application_ModelID\",\"appId\":\"MsixTest_Application_Id\",\"description\":\"testing from ps\",\"friendlyName\":\"some name\",\"iconImageName\":\"Apptile\",\"rawIcon\":\"c29tZSBpbWFnZQ==\",\"rawPng\":\"c29tZSBpbWFnZQ==\"}]},\"systemData\":{\"createdBy\":\"ryanoshinsky@wvdtesttenant.onmicrosoft.com\",\"createdByType\":\"User\",\"createdAt\":\"2024-09-24T22:08:00.54Z\",\"lastModifiedBy\":\"ryanoshinsky@wvdtesttenant.onmicrosoft.com\",\"lastModifiedByType\":\"User\",\"lastModifiedAt\":\"2024-09-24T22:08:00.54Z\"}}],\"nextLink\":null}",
      "isContentBase64": false
    }
  },
  "Get-AzWvdMsixPackage+[NoContext]+List+$DELETE+https://management.azure.com/subscriptions/dbedef25-184c-430f-b383-0eeb87c3205d/resourcegroups/alecbUserSessionTests/providers/Microsoft.DesktopVirtualization/hostPools/HostPoolPowershellContained1/msixPackages/MsixTest_FullName_UnitTest?api-version=2024-04-08-preview+5": {
    "Request": {
      "Method": "DELETE",
      "RequestUri": "https://management.azure.com/subscriptions/dbedef25-184c-430f-b383-0eeb87c3205d/resourcegroups/alecbUserSessionTests/providers/Microsoft.DesktopVirtualization/hostPools/HostPoolPowershellContained1/msixPackages/MsixTest_FullName_UnitTest?api-version=2024-04-08-preview",
      "Content": null,
      "isContentBase64": false,
      "Headers": {
        "x-ms-unique-id": [ "105" ],
        "x-ms-client-request-id": [ "dbe62311-cc41-4021-864a-d1c7fc6faf37" ],
        "CommandName": [ "Remove-AzWvdMsixPackage" ],
        "FullCommandName": [ "Remove-AzWvdMsixPackage_Delete" ],
        "ParameterSetName": [ "__AllParameterSets" ],
        "User-Agent": [ "AzurePowershell/v8.2.0", "PSVersion/v7.4.5", "Az.DesktopVirtualization/2.1.0" ],
        "Authorization": [ "[Filtered]" ]
      },
      "ContentHeaders": {
      }
    },
    "Response": {
      "StatusCode": 200,
      "Headers": {
        "Cache-Control": [ "no-cache" ],
        "Pragma": [ "no-cache" ],
        "Vary": [ "Accept-Encoding" ],
        "Set-Cookie": [ "ARRAffinity=f0cf6515b964ed71a3330b30673731d75ad3321adfb3448f8fe843b9868e0497;Path=/;HttpOnly;Secure;Domain=rdarmprovider-g-us-r0.wvdselfhost.microsoft.com", "ARRAffinitySameSite=f0cf6515b964ed71a3330b30673731d75ad3321adfb3448f8fe843b9868e0497;Path=/;HttpOnly;SameSite=None;Secure;Domain=rdarmprovider-g-us-r0.wvdselfhost.microsoft.com" ],
        "x-ms-ratelimit-remaining-subscription-deletes": [ "199" ],
        "X-Rate-Limit-Limit": [ "0" ],
        "X-Rate-Limit-Remaining": [ "9223372036854775807" ],
        "X-Rate-Limit-Reset": [ "0" ],
        "x-ms-opsarmpath64": [ "L3N1YnNjcmlwdGlvbnMvZGJlZGVmMjUtMTg0Yy00MzBmLWIzODMtMGVlYjg3YzMyMDVkL3Jlc291cmNlZ3JvdXBzL2FsZWNiVXNlclNlc3Npb25UZXN0cy9wcm92aWRlcnMvTWljcm9zb2Z0LkRlc2t0b3BWaXJ0dWFsaXphdGlvbi9ob3N0UG9vbHMvSG9zdFBvb2xQb3dlcnNoZWxsQ29udGFpbmVkMS9tc2l4UGFja2FnZXMvTXNpeFRlc3RfRnVsbE5hbWVfVW5pdFRlc3Q=" ],
        "x-ms-lamport-ts": [ "179534373" ],
        "x-ms-correlation-id": [ "89f40b7f-d004-4712-8442-0c55048fdb2f" ],
        "x-ms-request-id": [ "dbe62311-cc41-4021-864a-d1c7fc6faf37" ],
        "X-Powered-By": [ "ASP.NET" ],
        "X-Content-Type-Options": [ "nosniff" ],
        "x-ms-ratelimit-remaining-subscription-global-deletes": [ "2999" ],
        "x-ms-correlation-request-id": [ "67e4f3b7-70ad-4ef7-9f93-ce40a40125a2" ],
        "x-ms-routing-request-id": [ "EASTUS2:20240924T220804Z:67e4f3b7-70ad-4ef7-9f93-ce40a40125a2" ],
        "Strict-Transport-Security": [ "max-age=31536000; includeSubDomains" ],
        "X-Cache": [ "CONFIG_NOCACHE" ],
        "X-MSEdge-Ref": [ "Ref A: 90C6F46E74EC48BEBD12058963FF6191 Ref B: MNZ221060618031 Ref C: 2024-09-24T22:08:02Z" ],
        "Date": [ "Tue, 24 Sep 2024 22:08:04 GMT" ]
      },
      "ContentHeaders": {
        "Content-Length": [ "1338" ],
        "Content-Type": [ "application/json; charset=utf-8" ],
        "Expires": [ "-1" ]
      },
      "Content": "{\"name\":\"HostPoolPowershellContained1/MsixTest_FullName_UnitTest\",\"id\":\"/subscriptions/dbedef25-184c-430f-b383-0eeb87c3205d/resourcegroups/alecbUserSessionTests/providers/Microsoft.DesktopVirtualization/hostpools/HostPoolPowershellContained1/msixpackages/MsixTest_FullName_UnitTest\",\"type\":\"Microsoft.DesktopVirtualization/hostpools/msixpackages\",\"properties\":{\"imagePath\":\"C:\\\\\\\\msix\\\\SingleMsix.vhd\",\"packageName\":\"MsixUnitTest_Name\",\"packageFamilyName\":\"MsixUnitTest_FamilyName\",\"displayName\":\"UnitTest-MSIXPackage\",\"packageRelativePath\":\"MsixUnitTest_RelativePackageRoot\",\"isRegularRegistration\":true,\"isActive\":true,\"packageDependencies\":[{\"dependencyName\":\"MsixTest_Dependency_Name\",\"publisher\":\"MsixTest_Dependency_Publisher\",\"minVersion\":\"0.0.0.42\"}],\"version\":\"0.0.18838.722\",\"lastUpdated\":\"0001-01-01T00:00:00\",\"packageApplications\":[{\"appUserModelID\":\"MsixTest_Application_ModelID\",\"appId\":\"MsixTest_Application_Id\",\"description\":\"testing from ps\",\"friendlyName\":\"some name\",\"iconImageName\":\"Apptile\",\"rawIcon\":\"c29tZSBpbWFnZQ==\",\"rawPng\":\"c29tZSBpbWFnZQ==\"}]},\"systemData\":{\"createdBy\":\"ryanoshinsky@wvdtesttenant.onmicrosoft.com\",\"createdByType\":\"User\",\"createdAt\":\"2024-09-24T22:07:59.83Z\",\"lastModifiedBy\":\"ryanoshinsky@wvdtesttenant.onmicrosoft.com\",\"lastModifiedByType\":\"User\",\"lastModifiedAt\":\"2024-09-24T22:07:59.83Z\"}}",
      "isContentBase64": false
    }
  },
  "Get-AzWvdMsixPackage+[NoContext]+List+$DELETE+https://management.azure.com/subscriptions/dbedef25-184c-430f-b383-0eeb87c3205d/resourcegroups/alecbUserSessionTests/providers/Microsoft.DesktopVirtualization/hostPools/HostPoolPowershellContained1/msixPackages/MsixTest_FullName_UnitTest2?api-version=2024-04-08-preview+6": {
    "Request": {
      "Method": "DELETE",
      "RequestUri": "https://management.azure.com/subscriptions/dbedef25-184c-430f-b383-0eeb87c3205d/resourcegroups/alecbUserSessionTests/providers/Microsoft.DesktopVirtualization/hostPools/HostPoolPowershellContained1/msixPackages/MsixTest_FullName_UnitTest2?api-version=2024-04-08-preview",
      "Content": null,
      "isContentBase64": false,
      "Headers": {
        "x-ms-unique-id": [ "106" ],
        "x-ms-client-request-id": [ "bb0e391a-ee4e-43a0-8fe9-9eba17b5bc0b" ],
        "CommandName": [ "Remove-AzWvdMsixPackage" ],
        "FullCommandName": [ "Remove-AzWvdMsixPackage_Delete" ],
        "ParameterSetName": [ "__AllParameterSets" ],
        "User-Agent": [ "AzurePowershell/v8.2.0", "PSVersion/v7.4.5", "Az.DesktopVirtualization/2.1.0" ],
        "Authorization": [ "[Filtered]" ]
      },
      "ContentHeaders": {
      }
    },
    "Response": {
      "StatusCode": 200,
      "Headers": {
        "Cache-Control": [ "no-cache" ],
        "Pragma": [ "no-cache" ],
        "Vary": [ "Accept-Encoding" ],
        "Set-Cookie": [ "ARRAffinity=6ed70d129f929e9c0dc1324370ea99cd733e8f3cb78772a9b8793f4f636e0cf7;Path=/;HttpOnly;Secure;Domain=rdarmprovider-g-us-r0.wvdselfhost.microsoft.com", "ARRAffinitySameSite=6ed70d129f929e9c0dc1324370ea99cd733e8f3cb78772a9b8793f4f636e0cf7;Path=/;HttpOnly;SameSite=None;Secure;Domain=rdarmprovider-g-us-r0.wvdselfhost.microsoft.com" ],
        "x-ms-ratelimit-remaining-subscription-deletes": [ "199" ],
        "X-Rate-Limit-Limit": [ "0" ],
        "X-Rate-Limit-Remaining": [ "9223372036854775807" ],
        "X-Rate-Limit-Reset": [ "0" ],
        "x-ms-opsarmpath64": [ "L3N1YnNjcmlwdGlvbnMvZGJlZGVmMjUtMTg0Yy00MzBmLWIzODMtMGVlYjg3YzMyMDVkL3Jlc291cmNlZ3JvdXBzL2FsZWNiVXNlclNlc3Npb25UZXN0cy9wcm92aWRlcnMvTWljcm9zb2Z0LkRlc2t0b3BWaXJ0dWFsaXphdGlvbi9ob3N0UG9vbHMvSG9zdFBvb2xQb3dlcnNoZWxsQ29udGFpbmVkMS9tc2l4UGFja2FnZXMvTXNpeFRlc3RfRnVsbE5hbWVfVW5pdFRlc3Qy" ],
        "x-ms-lamport-ts": [ "179534378" ],
        "x-ms-correlation-id": [ "6046ac3f-65fa-4690-9ae1-0d9a83948070" ],
        "x-ms-request-id": [ "bb0e391a-ee4e-43a0-8fe9-9eba17b5bc0b" ],
        "X-Powered-By": [ "ASP.NET" ],
        "X-Content-Type-Options": [ "nosniff" ],
        "x-ms-ratelimit-remaining-subscription-global-deletes": [ "2999" ],
        "x-ms-correlation-request-id": [ "999ee34c-3b8e-46be-947b-94eddd7ef9dc" ],
        "x-ms-routing-request-id": [ "EASTUS2:20240924T220806Z:999ee34c-3b8e-46be-947b-94eddd7ef9dc" ],
        "Strict-Transport-Security": [ "max-age=31536000; includeSubDomains" ],
        "X-Cache": [ "CONFIG_NOCACHE" ],
        "X-MSEdge-Ref": [ "Ref A: 55EAC14B48B144DCB383853CA25D3367 Ref B: MNZ221060618031 Ref C: 2024-09-24T22:08:04Z" ],
        "Date": [ "Tue, 24 Sep 2024 22:08:06 GMT" ]
      },
      "ContentHeaders": {
        "Content-Length": [ "1344" ],
        "Content-Type": [ "application/json; charset=utf-8" ],
        "Expires": [ "-1" ]
      },
      "Content": "{\"name\":\"HostPoolPowershellContained1/MsixTest_FullName_UnitTest2\",\"id\":\"/subscriptions/dbedef25-184c-430f-b383-0eeb87c3205d/resourcegroups/alecbUserSessionTests/providers/Microsoft.DesktopVirtualization/hostpools/HostPoolPowershellContained1/msixpackages/MsixTest_FullName_UnitTest2\",\"type\":\"Microsoft.DesktopVirtualization/hostpools/msixpackages\",\"properties\":{\"imagePath\":\"C:\\\\\\\\msix\\\\SingleMsix.vhd\",\"packageName\":\"MsixUnitTest_Name2\",\"packageFamilyName\":\"MsixUnitTest_FamilyName2\",\"displayName\":\"UnitTest-MSIXPackage2\",\"packageRelativePath\":\"MsixUnitTest_RelativePackageRoot2\",\"isRegularRegistration\":true,\"isActive\":true,\"packageDependencies\":[{\"dependencyName\":\"MsixTest_Dependency_Name\",\"publisher\":\"MsixTest_Dependency_Publisher\",\"minVersion\":\"0.0.0.42\"}],\"version\":\"0.0.18838.722\",\"lastUpdated\":\"0001-01-01T00:00:00\",\"packageApplications\":[{\"appUserModelID\":\"MsixTest_Application_ModelID\",\"appId\":\"MsixTest_Application_Id\",\"description\":\"testing from ps\",\"friendlyName\":\"some name\",\"iconImageName\":\"Apptile\",\"rawIcon\":\"c29tZSBpbWFnZQ==\",\"rawPng\":\"c29tZSBpbWFnZQ==\"}]},\"systemData\":{\"createdBy\":\"ryanoshinsky@wvdtesttenant.onmicrosoft.com\",\"createdByType\":\"User\",\"createdAt\":\"2024-09-24T22:08:00.54Z\",\"lastModifiedBy\":\"ryanoshinsky@wvdtesttenant.onmicrosoft.com\",\"lastModifiedByType\":\"User\",\"lastModifiedAt\":\"2024-09-24T22:08:00.54Z\"}}",
      "isContentBase64": false
    }
  },
  "Get-AzWvdMsixPackage+[NoContext]+Get+$PUT+https://management.azure.com/subscriptions/dbedef25-184c-430f-b383-0eeb87c3205d/resourcegroups/alecbUserSessionTests/providers/Microsoft.DesktopVirtualization/hostPools/HostPoolPowershellContained1/msixPackages/MsixTest_FullName_UnitTest?api-version=2024-04-08-preview+1": {
    "Request": {
      "Method": "PUT",
      "RequestUri": "https://management.azure.com/subscriptions/dbedef25-184c-430f-b383-0eeb87c3205d/resourcegroups/alecbUserSessionTests/providers/Microsoft.DesktopVirtualization/hostPools/HostPoolPowershellContained1/msixPackages/MsixTest_FullName_UnitTest?api-version=2024-04-08-preview",
      "Content": "{\r\n  \"properties\": {\r\n    \"imagePath\": \"C:\\\\\\\\msix\\\\SingleMsix.vhd\",\r\n    \"packageName\": \"MsixUnitTest_Name\",\r\n    \"packageFamilyName\": \"MsixUnitTest_FamilyName\",\r\n    \"displayName\": \"UnitTest-MSIXPackage\",\r\n    \"packageRelativePath\": \"MsixUnitTest_RelativePackageRoot\",\r\n    \"isRegularRegistration\": true,\r\n    \"isActive\": true,\r\n    \"packageDependencies\": [\r\n      {\r\n        \"dependencyName\": \"MsixTest_Dependency_Name\",\r\n        \"publisher\": \"MsixTest_Dependency_Publisher\",\r\n        \"minVersion\": \"0.0.0.42\"\r\n      }\r\n    ],\r\n    \"version\": \"0.0.18838.722\",\r\n    \"lastUpdated\": \"0001-01-01T00:00:00.0000000\",\r\n    \"packageApplications\": [\r\n      {\r\n        \"appId\": \"MsixTest_Application_Id\",\r\n        \"description\": \"testing from ps\",\r\n        \"appUserModelID\": \"MsixTest_Application_ModelID\",\r\n        \"friendlyName\": \"some name\",\r\n        \"iconImageName\": \"Apptile\",\r\n        \"rawIcon\": \"c29tZSBpbWFnZQ==\",\r\n        \"rawPng\": \"c29tZSBpbWFnZQ==\"\r\n      }\r\n    ]\r\n  }\r\n}",
      "isContentBase64": false,
      "Headers": {
      },
      "ContentHeaders": {
        "Content-Type": [ "application/json" ],
        "Content-Length": [ "976" ]
      }
    },
    "Response": {
      "StatusCode": 201,
      "Headers": {
        "Cache-Control": [ "no-cache" ],
        "Pragma": [ "no-cache" ],
        "Location": [ "/subscriptions/dbedef25-184c-430f-b383-0eeb87c3205d/resourcegroups/alecbUserSessionTests/providers/Microsoft.DesktopVirtualization/hostpools/HostPoolPowershellContained1/msixpackages/MsixTest_FullName_UnitTest" ],
        "Set-Cookie": [ "ARRAffinity=6ed70d129f929e9c0dc1324370ea99cd733e8f3cb78772a9b8793f4f636e0cf7;Path=/;HttpOnly;Secure;Domain=rdarmprovider-g-us-r0.wvdselfhost.microsoft.com", "ARRAffinitySameSite=6ed70d129f929e9c0dc1324370ea99cd733e8f3cb78772a9b8793f4f636e0cf7;Path=/;HttpOnly;SameSite=None;Secure;Domain=rdarmprovider-g-us-r0.wvdselfhost.microsoft.com" ],
        "X-Rate-Limit-Limit": [ "0" ],
        "X-Rate-Limit-Remaining": [ "9223372036854775807" ],
        "X-Rate-Limit-Reset": [ "0" ],
        "x-ms-opsarmpath64": [ "L3N1YnNjcmlwdGlvbnMvZGJlZGVmMjUtMTg0Yy00MzBmLWIzODMtMGVlYjg3YzMyMDVkL3Jlc291cmNlZ3JvdXBzL2FsZWNiVXNlclNlc3Npb25UZXN0cy9wcm92aWRlcnMvTWljcm9zb2Z0LkRlc2t0b3BWaXJ0dWFsaXphdGlvbi9ob3N0UG9vbHMvSG9zdFBvb2xQb3dlcnNoZWxsQ29udGFpbmVkMS9tc2l4UGFja2FnZXMvTXNpeFRlc3RfRnVsbE5hbWVfVW5pdFRlc3Q=" ],
        "x-ms-lamport-ts": [ "179534383" ],
        "x-ms-correlation-id": [ "a50a04b6-ee10-4e8e-b852-60fe4ab6606e" ],
        "x-ms-request-id": [ "1989b300-67ab-4180-83fe-80ff176a47cf" ],
        "X-Powered-By": [ "ASP.NET" ],
        "X-Content-Type-Options": [ "nosniff" ],
        "x-ms-ratelimit-remaining-subscription-writes": [ "199" ],
        "x-ms-ratelimit-remaining-subscription-global-writes": [ "2999" ],
        "x-ms-correlation-request-id": [ "cffad019-57fa-431f-9616-d95a696c929f" ],
        "x-ms-routing-request-id": [ "EASTUS2:20240924T220808Z:cffad019-57fa-431f-9616-d95a696c929f" ],
        "Strict-Transport-Security": [ "max-age=31536000; includeSubDomains" ],
        "X-Cache": [ "CONFIG_NOCACHE" ],
        "X-MSEdge-Ref": [ "Ref A: 2CC8A6F3080C4BE1998CD7F1DB5F470D Ref B: MNZ221060618031 Ref C: 2024-09-24T22:08:06Z" ],
        "Date": [ "Tue, 24 Sep 2024 22:08:08 GMT" ]
      },
      "ContentHeaders": {
        "Content-Length": [ "1338" ],
        "Content-Type": [ "application/json; charset=utf-8" ],
        "Expires": [ "-1" ]
      },
      "Content": "{\"name\":\"HostPoolPowershellContained1/MsixTest_FullName_UnitTest\",\"id\":\"/subscriptions/dbedef25-184c-430f-b383-0eeb87c3205d/resourcegroups/alecbUserSessionTests/providers/Microsoft.DesktopVirtualization/hostpools/HostPoolPowershellContained1/msixpackages/MsixTest_FullName_UnitTest\",\"type\":\"Microsoft.DesktopVirtualization/hostpools/msixpackages\",\"properties\":{\"imagePath\":\"C:\\\\\\\\msix\\\\SingleMsix.vhd\",\"packageName\":\"MsixUnitTest_Name\",\"packageFamilyName\":\"MsixUnitTest_FamilyName\",\"displayName\":\"UnitTest-MSIXPackage\",\"packageRelativePath\":\"MsixUnitTest_RelativePackageRoot\",\"isRegularRegistration\":true,\"isActive\":true,\"packageDependencies\":[{\"dependencyName\":\"MsixTest_Dependency_Name\",\"publisher\":\"MsixTest_Dependency_Publisher\",\"minVersion\":\"0.0.0.42\"}],\"version\":\"0.0.18838.722\",\"lastUpdated\":\"0001-01-01T00:00:00\",\"packageApplications\":[{\"appUserModelID\":\"MsixTest_Application_ModelID\",\"appId\":\"MsixTest_Application_Id\",\"description\":\"testing from ps\",\"friendlyName\":\"some name\",\"iconImageName\":\"Apptile\",\"rawIcon\":\"c29tZSBpbWFnZQ==\",\"rawPng\":\"c29tZSBpbWFnZQ==\"}]},\"systemData\":{\"createdBy\":\"ryanoshinsky@wvdtesttenant.onmicrosoft.com\",\"createdByType\":\"User\",\"createdAt\":\"2024-09-24T22:08:08.40Z\",\"lastModifiedBy\":\"ryanoshinsky@wvdtesttenant.onmicrosoft.com\",\"lastModifiedByType\":\"User\",\"lastModifiedAt\":\"2024-09-24T22:08:08.40Z\"}}",
      "isContentBase64": false
    }
  },
  "Get-AzWvdMsixPackage+[NoContext]+Get+$GET+https://management.azure.com/subscriptions/dbedef25-184c-430f-b383-0eeb87c3205d/resourcegroups/alecbUserSessionTests/providers/Microsoft.DesktopVirtualization/hostPools/HostPoolPowershellContained1/msixPackages/MsixTest_FullName_UnitTest?api-version=2024-04-08-preview+2": {
    "Request": {
      "Method": "GET",
      "RequestUri": "https://management.azure.com/subscriptions/dbedef25-184c-430f-b383-0eeb87c3205d/resourcegroups/alecbUserSessionTests/providers/Microsoft.DesktopVirtualization/hostPools/HostPoolPowershellContained1/msixPackages/MsixTest_FullName_UnitTest?api-version=2024-04-08-preview",
      "Content": null,
      "isContentBase64": false,
      "Headers": {
        "x-ms-unique-id": [ "108" ],
        "x-ms-client-request-id": [ "74aa5a27-0160-4375-b4a6-e4e45e06e66c" ],
        "CommandName": [ "Get-AzWvdMsixPackage" ],
        "FullCommandName": [ "Get-AzWvdMsixPackage_Get" ],
        "ParameterSetName": [ "__AllParameterSets" ],
        "User-Agent": [ "AzurePowershell/v8.2.0", "PSVersion/v7.4.5", "Az.DesktopVirtualization/2.1.0" ],
        "Authorization": [ "[Filtered]" ]
      },
      "ContentHeaders": {
      }
    },
    "Response": {
      "StatusCode": 200,
      "Headers": {
        "Cache-Control": [ "no-cache" ],
        "Pragma": [ "no-cache" ],
        "Vary": [ "Accept-Encoding" ],
        "Set-Cookie": [ "ARRAffinity=68684045b6f67894fddd7c62f3ba5f363c3d53ed896664c0df0e95751fa52bff;Path=/;HttpOnly;Secure;Domain=rdarmprovider-g-us-r0.wvdselfhost.microsoft.com", "ARRAffinitySameSite=68684045b6f67894fddd7c62f3ba5f363c3d53ed896664c0df0e95751fa52bff;Path=/;HttpOnly;SameSite=None;Secure;Domain=rdarmprovider-g-us-r0.wvdselfhost.microsoft.com" ],
        "x-ms-ratelimit-remaining-subscription-reads": [ "249" ],
        "X-Rate-Limit-Limit": [ "0" ],
        "X-Rate-Limit-Remaining": [ "9223372036854775807" ],
        "X-Rate-Limit-Reset": [ "0" ],
        "x-ms-opsarmpath64": [ "L3N1YnNjcmlwdGlvbnMvZGJlZGVmMjUtMTg0Yy00MzBmLWIzODMtMGVlYjg3YzMyMDVkL3Jlc291cmNlZ3JvdXBzL2FsZWNiVXNlclNlc3Npb25UZXN0cy9wcm92aWRlcnMvTWljcm9zb2Z0LkRlc2t0b3BWaXJ0dWFsaXphdGlvbi9ob3N0UG9vbHMvSG9zdFBvb2xQb3dlcnNoZWxsQ29udGFpbmVkMS9tc2l4UGFja2FnZXMvTXNpeFRlc3RfRnVsbE5hbWVfVW5pdFRlc3Q=" ],
        "x-ms-lamport-ts": [ "179534379" ],
        "x-ms-correlation-id": [ "3a830044-4e6f-49b6-8ba5-7db9a359a654" ],
        "x-ms-request-id": [ "74aa5a27-0160-4375-b4a6-e4e45e06e66c" ],
        "X-Powered-By": [ "ASP.NET" ],
        "X-Content-Type-Options": [ "nosniff" ],
        "x-ms-ratelimit-remaining-subscription-global-reads": [ "3749" ],
        "x-ms-correlation-request-id": [ "db1791df-32e8-4e3a-a367-3f917916c487" ],
        "x-ms-routing-request-id": [ "EASTUS2:20240924T220809Z:db1791df-32e8-4e3a-a367-3f917916c487" ],
        "Strict-Transport-Security": [ "max-age=31536000; includeSubDomains" ],
        "X-Cache": [ "CONFIG_NOCACHE" ],
        "X-MSEdge-Ref": [ "Ref A: D767BC95FF474E8CA5F20B5D90083DB4 Ref B: MNZ221060618031 Ref C: 2024-09-24T22:08:08Z" ],
        "Date": [ "Tue, 24 Sep 2024 22:08:08 GMT" ]
      },
      "ContentHeaders": {
        "Content-Length": [ "1338" ],
        "Content-Type": [ "application/json; charset=utf-8" ],
        "Expires": [ "-1" ]
      },
      "Content": "{\"name\":\"HostPoolPowershellContained1/MsixTest_FullName_UnitTest\",\"id\":\"/subscriptions/dbedef25-184c-430f-b383-0eeb87c3205d/resourcegroups/alecbUserSessionTests/providers/Microsoft.DesktopVirtualization/hostpools/HostPoolPowershellContained1/msixpackages/MsixTest_FullName_UnitTest\",\"type\":\"Microsoft.DesktopVirtualization/hostpools/msixpackages\",\"properties\":{\"imagePath\":\"C:\\\\\\\\msix\\\\SingleMsix.vhd\",\"packageName\":\"MsixUnitTest_Name\",\"packageFamilyName\":\"MsixUnitTest_FamilyName\",\"displayName\":\"UnitTest-MSIXPackage\",\"packageRelativePath\":\"MsixUnitTest_RelativePackageRoot\",\"isRegularRegistration\":true,\"isActive\":true,\"packageDependencies\":[{\"dependencyName\":\"MsixTest_Dependency_Name\",\"publisher\":\"MsixTest_Dependency_Publisher\",\"minVersion\":\"0.0.0.42\"}],\"version\":\"0.0.18838.722\",\"lastUpdated\":\"0001-01-01T00:00:00\",\"packageApplications\":[{\"appUserModelID\":\"MsixTest_Application_ModelID\",\"appId\":\"MsixTest_Application_Id\",\"description\":\"testing from ps\",\"friendlyName\":\"some name\",\"iconImageName\":\"Apptile\",\"rawIcon\":\"c29tZSBpbWFnZQ==\",\"rawPng\":\"c29tZSBpbWFnZQ==\"}]},\"systemData\":{\"createdBy\":\"ryanoshinsky@wvdtesttenant.onmicrosoft.com\",\"createdByType\":\"User\",\"createdAt\":\"2024-09-24T22:08:08.40Z\",\"lastModifiedBy\":\"ryanoshinsky@wvdtesttenant.onmicrosoft.com\",\"lastModifiedByType\":\"User\",\"lastModifiedAt\":\"2024-09-24T22:08:08.40Z\"}}",
      "isContentBase64": false
    }
  },
  "Get-AzWvdMsixPackage+[NoContext]+Get+$DELETE+https://management.azure.com/subscriptions/dbedef25-184c-430f-b383-0eeb87c3205d/resourcegroups/alecbUserSessionTests/providers/Microsoft.DesktopVirtualization/hostPools/HostPoolPowershellContained1/msixPackages/MsixTest_FullName_UnitTest?api-version=2024-04-08-preview+3": {
    "Request": {
      "Method": "DELETE",
      "RequestUri": "https://management.azure.com/subscriptions/dbedef25-184c-430f-b383-0eeb87c3205d/resourcegroups/alecbUserSessionTests/providers/Microsoft.DesktopVirtualization/hostPools/HostPoolPowershellContained1/msixPackages/MsixTest_FullName_UnitTest?api-version=2024-04-08-preview",
      "Content": null,
      "isContentBase64": false,
      "Headers": {
        "x-ms-unique-id": [ "109" ],
        "x-ms-client-request-id": [ "06ad4142-6e02-450e-a43f-fc48c37b8461" ],
        "CommandName": [ "Remove-AzWvdMsixPackage" ],
        "FullCommandName": [ "Remove-AzWvdMsixPackage_Delete" ],
        "ParameterSetName": [ "__AllParameterSets" ],
        "User-Agent": [ "AzurePowershell/v8.2.0", "PSVersion/v7.4.5", "Az.DesktopVirtualization/2.1.0" ],
        "Authorization": [ "[Filtered]" ]
      },
      "ContentHeaders": {
      }
    },
    "Response": {
      "StatusCode": 200,
      "Headers": {
        "Cache-Control": [ "no-cache" ],
        "Pragma": [ "no-cache" ],
        "Vary": [ "Accept-Encoding" ],
        "Set-Cookie": [ "ARRAffinity=68684045b6f67894fddd7c62f3ba5f363c3d53ed896664c0df0e95751fa52bff;Path=/;HttpOnly;Secure;Domain=rdarmprovider-g-us-r0.wvdselfhost.microsoft.com", "ARRAffinitySameSite=68684045b6f67894fddd7c62f3ba5f363c3d53ed896664c0df0e95751fa52bff;Path=/;HttpOnly;SameSite=None;Secure;Domain=rdarmprovider-g-us-r0.wvdselfhost.microsoft.com" ],
        "x-ms-ratelimit-remaining-subscription-deletes": [ "199" ],
        "X-Rate-Limit-Limit": [ "0" ],
        "X-Rate-Limit-Remaining": [ "9223372036854775807" ],
        "X-Rate-Limit-Reset": [ "0" ],
        "x-ms-opsarmpath64": [ "L3N1YnNjcmlwdGlvbnMvZGJlZGVmMjUtMTg0Yy00MzBmLWIzODMtMGVlYjg3YzMyMDVkL3Jlc291cmNlZ3JvdXBzL2FsZWNiVXNlclNlc3Npb25UZXN0cy9wcm92aWRlcnMvTWljcm9zb2Z0LkRlc2t0b3BWaXJ0dWFsaXphdGlvbi9ob3N0UG9vbHMvSG9zdFBvb2xQb3dlcnNoZWxsQ29udGFpbmVkMS9tc2l4UGFja2FnZXMvTXNpeFRlc3RfRnVsbE5hbWVfVW5pdFRlc3Q=" ],
        "x-ms-lamport-ts": [ "179534385" ],
        "x-ms-correlation-id": [ "a41ff70b-be6c-4237-a08c-b46711208ad6" ],
        "x-ms-request-id": [ "06ad4142-6e02-450e-a43f-fc48c37b8461" ],
        "X-Powered-By": [ "ASP.NET" ],
        "X-Content-Type-Options": [ "nosniff" ],
        "x-ms-ratelimit-remaining-subscription-global-deletes": [ "2999" ],
        "x-ms-correlation-request-id": [ "7c353a3e-29cf-43ce-8578-dfe60d9d1b3e" ],
        "x-ms-routing-request-id": [ "EASTUS2:20240924T220811Z:7c353a3e-29cf-43ce-8578-dfe60d9d1b3e" ],
        "Strict-Transport-Security": [ "max-age=31536000; includeSubDomains" ],
        "X-Cache": [ "CONFIG_NOCACHE" ],
        "X-MSEdge-Ref": [ "Ref A: FDE3844A51034DC29C1B982B2FCAFB75 Ref B: MNZ221060618031 Ref C: 2024-09-24T22:08:09Z" ],
        "Date": [ "Tue, 24 Sep 2024 22:08:11 GMT" ]
      },
      "ContentHeaders": {
        "Content-Length": [ "1338" ],
        "Content-Type": [ "application/json; charset=utf-8" ],
        "Expires": [ "-1" ]
      },
      "Content": "{\"name\":\"HostPoolPowershellContained1/MsixTest_FullName_UnitTest\",\"id\":\"/subscriptions/dbedef25-184c-430f-b383-0eeb87c3205d/resourcegroups/alecbUserSessionTests/providers/Microsoft.DesktopVirtualization/hostpools/HostPoolPowershellContained1/msixpackages/MsixTest_FullName_UnitTest\",\"type\":\"Microsoft.DesktopVirtualization/hostpools/msixpackages\",\"properties\":{\"imagePath\":\"C:\\\\\\\\msix\\\\SingleMsix.vhd\",\"packageName\":\"MsixUnitTest_Name\",\"packageFamilyName\":\"MsixUnitTest_FamilyName\",\"displayName\":\"UnitTest-MSIXPackage\",\"packageRelativePath\":\"MsixUnitTest_RelativePackageRoot\",\"isRegularRegistration\":true,\"isActive\":true,\"packageDependencies\":[{\"dependencyName\":\"MsixTest_Dependency_Name\",\"publisher\":\"MsixTest_Dependency_Publisher\",\"minVersion\":\"0.0.0.42\"}],\"version\":\"0.0.18838.722\",\"lastUpdated\":\"0001-01-01T00:00:00\",\"packageApplications\":[{\"appUserModelID\":\"MsixTest_Application_ModelID\",\"appId\":\"MsixTest_Application_Id\",\"description\":\"testing from ps\",\"friendlyName\":\"some name\",\"iconImageName\":\"Apptile\",\"rawIcon\":\"c29tZSBpbWFnZQ==\",\"rawPng\":\"c29tZSBpbWFnZQ==\"}]},\"systemData\":{\"createdBy\":\"ryanoshinsky@wvdtesttenant.onmicrosoft.com\",\"createdByType\":\"User\",\"createdAt\":\"2024-09-24T22:08:08.40Z\",\"lastModifiedBy\":\"ryanoshinsky@wvdtesttenant.onmicrosoft.com\",\"lastModifiedByType\":\"User\",\"lastModifiedAt\":\"2024-09-24T22:08:08.40Z\"}}",
      "isContentBase64": false
    }
  },
  "Get-AzWvdMsixPackage+[NoContext]+Get+$DELETE+https://management.azure.com/subscriptions/dbedef25-184c-430f-b383-0eeb87c3205d/resourceGroups/alecbUserSessionTests/providers/Microsoft.DesktopVirtualization/hostPools/HostPoolPowershellContained1?api-version=2024-04-08-preview+4": {
    "Request": {
      "Method": "DELETE",
      "RequestUri": "https://management.azure.com/subscriptions/dbedef25-184c-430f-b383-0eeb87c3205d/resourceGroups/alecbUserSessionTests/providers/Microsoft.DesktopVirtualization/hostPools/HostPoolPowershellContained1?api-version=2024-04-08-preview",
      "Content": null,
      "isContentBase64": false,
      "Headers": {
        "x-ms-unique-id": [ "110" ],
        "x-ms-client-request-id": [ "f243cb3b-100c-4b05-9dd1-0807ed3594ea" ],
        "CommandName": [ "Remove-AzWvdHostPool" ],
        "FullCommandName": [ "Remove-AzWvdHostPool_Delete" ],
        "ParameterSetName": [ "__AllParameterSets" ],
        "User-Agent": [ "AzurePowershell/v8.2.0", "PSVersion/v7.4.5", "Az.DesktopVirtualization/2.1.0" ],
        "Authorization": [ "[Filtered]" ]
      },
      "ContentHeaders": {
      }
    },
    "Response": {
      "StatusCode": 200,
      "Headers": {
        "Cache-Control": [ "no-cache" ],
        "Pragma": [ "no-cache" ],
        "Vary": [ "Accept-Encoding" ],
        "Set-Cookie": [ "ARRAffinity=6ed70d129f929e9c0dc1324370ea99cd733e8f3cb78772a9b8793f4f636e0cf7;Path=/;HttpOnly;Secure;Domain=rdarmprovider-g-us-r0.wvdselfhost.microsoft.com", "ARRAffinitySameSite=6ed70d129f929e9c0dc1324370ea99cd733e8f3cb78772a9b8793f4f636e0cf7;Path=/;HttpOnly;SameSite=None;Secure;Domain=rdarmprovider-g-us-r0.wvdselfhost.microsoft.com" ],
        "x-ms-ratelimit-remaining-subscription-deletes": [ "199" ],
        "X-Rate-Limit-Limit": [ "0" ],
        "X-Rate-Limit-Remaining": [ "9223372036854775807" ],
        "X-Rate-Limit-Reset": [ "0" ],
        "x-ms-opsarmpath64": [ "L3N1YnNjcmlwdGlvbnMvZGJlZGVmMjUtMTg0Yy00MzBmLWIzODMtMGVlYjg3YzMyMDVkL3Jlc291cmNlR3JvdXBzL2FsZWNiVXNlclNlc3Npb25UZXN0cy9wcm92aWRlcnMvTWljcm9zb2Z0LkRlc2t0b3BWaXJ0dWFsaXphdGlvbi9ob3N0UG9vbHMvSG9zdFBvb2xQb3dlcnNoZWxsQ29udGFpbmVkMQ==" ],
        "x-ms-lamport-ts": [ "179534388" ],
        "x-ms-correlation-id": [ "8c317eec-5a46-48d1-8228-d40995eb74ef" ],
        "x-ms-request-id": [ "f243cb3b-100c-4b05-9dd1-0807ed3594ea" ],
        "X-Powered-By": [ "ASP.NET" ],
        "X-Content-Type-Options": [ "nosniff" ],
        "x-ms-ratelimit-remaining-subscription-global-deletes": [ "2999" ],
        "x-ms-correlation-request-id": [ "cde7457e-5931-4255-b0d9-8aa8f0b8d5e8" ],
        "x-ms-routing-request-id": [ "EASTUS2:20240924T220815Z:cde7457e-5931-4255-b0d9-8aa8f0b8d5e8" ],
        "Strict-Transport-Security": [ "max-age=31536000; includeSubDomains" ],
        "X-Cache": [ "CONFIG_NOCACHE" ],
        "X-MSEdge-Ref": [ "Ref A: B5621BFD6B9643519D5907D997BF2803 Ref B: MNZ221060618031 Ref C: 2024-09-24T22:08:11Z" ],
        "Date": [ "Tue, 24 Sep 2024 22:08:15 GMT" ]
      },
      "ContentHeaders": {
        "Content-Length": [ "3062" ],
        "Content-Type": [ "application/json; charset=utf-8" ],
        "Expires": [ "-1" ]
      },
      "Content": "{\"identity\":{\"type\":\"None\",\"tenantId\":null,\"principalId\":null},\"name\":\"HostPoolPowershellContained1\",\"id\":\"/subscriptions/dbedef25-184c-430f-b383-0eeb87c3205d/resourcegroups/alecbUserSessionTests/providers/Microsoft.DesktopVirtualization/hostpools/HostPoolPowershellContained1\",\"type\":\"Microsoft.DesktopVirtualization/hostpools\",\"location\":\"westus2\",\"tags\":null,\"kind\":null,\"systemData\":{\"createdBy\":\"ryanoshinsky@wvdtesttenant.onmicrosoft.com\",\"createdByType\":\"User\",\"createdAt\":\"2024-09-24T22:07:58.97Z\",\"lastModifiedBy\":\"ryanoshinsky@wvdtesttenant.onmicrosoft.com\",\"lastModifiedByType\":\"User\",\"lastModifiedAt\":\"2024-09-24T22:07:58.97Z\"},\"properties\":{\"managedPrivateUDP\":\"Default\",\"directUDP\":\"Default\",\"publicUDP\":\"Default\",\"relayUDP\":\"Default\",\"managementType\":\"Standard\",\"appAttachPackageReferences\":[],\"agentUpdate\":null,\"privateEndpointConnections\":[],\"publicNetworkAccess\":\"Enabled\",\"friendlyName\":\"fri\",\"description\":\"des\",\"hostPoolType\":\"Pooled\",\"personalDesktopAssignmentType\":null,\"applicationGroupReferences\":[],\"customRdpProperty\":\"\",\"maxSessionLimit\":5,\"loadBalancerType\":\"DepthFirst\",\"validationEnvironment\":false,\"ring\":null,\"registrationInfo\":{\"expirationTime\":\"2024-09-25T22:07:56.5417903Z\",\"token\":\"eyJhbGciOiJSUzI1NiIsImtpZCI6IjZEQTlDNDhCQTcxRkJEMzREQkQ4RTQ2MEI3Q0U4MUVFMjM4Q0E0MTAiLCJ0eXAiOiJKV1QifQ.eyJSZWdpc3RyYXRpb25JZCI6IjEzODE0ZTc2LWY3NjItNGJiYy1iM2FiLTY2ZjU5N2I2YWMxNCIsIkJyb2tlclVyaSI6Imh0dHBzOi8vcmRicm9rZXItZy11cy1yMC53dmRzZWxmaG9zdC5taWNyb3NvZnQuY29tLyIsIkRpYWdub3N0aWNzVXJpIjoiaHR0cHM6Ly9yZGRpYWdub3N0aWNzLWctdXMtcjAud3Zkc2VsZmhvc3QubWljcm9zb2Z0LmNvbS8iLCJFbmRwb2ludFBvb2xJZCI6ImNmNDAwNGExLTg4OGYtNDcyOS05N2U5LWQ5ZjBlNDkyNmYzYSIsIkdsb2JhbEJyb2tlclVyaSI6Imh0dHBzOi8vcmRicm9rZXIud3Zkc2VsZmhvc3QubWljcm9zb2Z0LmNvbS8iLCJHZW9ncmFwaHkiOiJVUyIsIkdsb2JhbEJyb2tlclJlc291cmNlSWRVcmkiOiJodHRwczovL2NmNDAwNGExLTg4OGYtNDcyOS05N2U5LWQ5ZjBlNDkyNmYzYS5yZGJyb2tlci53dmRzZWxmaG9zdC5taWNyb3NvZnQuY29tLyIsIkJyb2tlclJlc291cmNlSWRVcmkiOiJodHRwczovL2NmNDAwNGExLTg4OGYtNDcyOS05N2U5LWQ5ZjBlNDkyNmYzYS5yZGJyb2tlci1nLXVzLXIwLnd2ZHNlbGZob3N0Lm1pY3Jvc29mdC5jb20vIiwiRGlhZ25vc3RpY3NSZXNvdXJjZUlkVXJpIjoiaHR0cHM6Ly9jZjQwMDRhMS04ODhmLTQ3MjktOTdlOS1kOWYwZTQ5MjZmM2EucmRkaWFnbm9zdGljcy1nLXVzLXIwLnd2ZHNlbGZob3N0Lm1pY3Jvc29mdC5jb20vIiwiQUFEVGVuYW50SWQiOiI3NGJjMmRmMC1mYzU3LTQzNjEtYjE1MC0yZDZkZDUxY2I2NjMiLCJuYmYiOjE3MjcyMTU2NzksImV4cCI6MTcyNzMwMjA3NiwiaXNzIjoiUkRJbmZyYVRva2VuTWFuYWdlciIsImF1ZCI6IlJEbWkifQ.qcpQu5A6vjMceqNzpTKy0gatKHzJBKdMGCISrsCs0ptGlmro2fmgz0OBfm7dAWlm320B3kDmdw7tJSH90XqO8RhUSC2qZ6mlB8B6zDmllzD0h8Xs36gMEAQryKgWrfpWx-LR0wSC_IdmxUj63x2bzbL0hf07F5vVC3SDjT8rvjqUVQKW1pAjADGL4m2YV6CMLyvUfHsDQpu7nGAaV8BwY6QcZlq248CYjSQmc8QxggnPC29hFHYl86M44LY2qxY4esVpadlze4K4AjsSsTzUewKCqUkztGkvlpy_Gtfs31evdtAjyoke_CesFha85nuMxy-r-YNFKHiOAfwYXOycQg\",\"registrationTokenOperation\":\"None\"},\"vmTemplate\":null,\"preferredAppGroupType\":\"Desktop\",\"migrationRequest\":null,\"cloudPcResource\":false,\"startVMOnConnect\":false,\"ssoadfsAuthority\":null,\"ssoClientId\":null,\"ssoClientSecretKeyVaultPath\":null,\"ssoSecretType\":null,\"objectId\":\"cf4004a1-888f-4729-97e9-d9f0e4926f3a\"}}",
      "isContentBase64": false
    }
  }
}