{
  "Get-AzWvdWorkspace+[NoContext]+Get+$PUT+https://management.azure.com/subscriptions/6738509d-84ed-4ad6-974a-7dc4e3c34146/resourceGroups/zhongjie-rg-wus/providers/Microsoft.DesktopVirtualization/workspaces/WorkspacePowershell1?api-version=2025-11-01-preview+1": {
    "Request": {
      "Method": "PUT",
      "RequestUri": "https://management.azure.com/subscriptions/6738509d-84ed-4ad6-974a-7dc4e3c34146/resourceGroups/zhongjie-rg-wus/providers/Microsoft.DesktopVirtualization/workspaces/WorkspacePowershell1?api-version=2025-11-01-preview",
      "Content": "{\r\n  \"location\": \"westus2\",\r\n  \"properties\": {\r\n    \"description\": \"des\",\r\n    \"friendlyName\": \"fri\"\r\n  }\r\n}",
      "isContentBase64": false,
      "Headers": {
      },
      "ContentHeaders": {
        "Content-Type": [ "application/json" ],
        "Content-Length": [ "108" ]
      }
    },
    "Response": {
      "StatusCode": 201,
      "Headers": {
        "Cache-Control": [ "no-cache" ],
        "Pragma": [ "no-cache" ],
        "Location": [ "/subscriptions/6738509d-84ed-4ad6-974a-7dc4e3c34146/resourcegroups/zhongjie-rg-wus/providers/Microsoft.DesktopVirtualization/workspaces/WorkspacePowershell1" ],
        "Set-Cookie": [ "ARRAffinity=1765aa7e776c46fe88544aefdc71136b6fd74885900be8ef9b6e16168ba26421;Path=/;HttpOnly;Secure;Domain=rdarmprovider-g-us-r0.wvd.microsoft.com", "ARRAffinitySameSite=1765aa7e776c46fe88544aefdc71136b6fd74885900be8ef9b6e16168ba26421;Path=/;HttpOnly;SameSite=None;Secure;Domain=rdarmprovider-g-us-r0.wvd.microsoft.com" ],
        "X-Rate-Limit-Limit": [ "0" ],
        "X-Rate-Limit-Remaining": [ "9223372036854775807" ],
        "X-Rate-Limit-Reset": [ "0" ],
        "x-ms-opsarmpath64": [ "L3N1YnNjcmlwdGlvbnMvNjczODUwOWQtODRlZC00YWQ2LTk3NGEtN2RjNGUzYzM0MTQ2L3Jlc291cmNlR3JvdXBzL3pob25namllLXJnLXd1cy9wcm92aWRlcnMvTWljcm9zb2Z0LkRlc2t0b3BWaXJ0dWFsaXphdGlvbi93b3Jrc3BhY2VzL1dvcmtzcGFjZVBvd2Vyc2hlbGwx" ],
        "x-ms-lamport-ts": [ "10329986091" ],
        "x-ms-correlation-id": [ "5cdf09bf-d00a-48cd-b796-351a155fd84d" ],
        "x-ms-request-id": [ "d26f5b44-6d70-4630-9449-266e1b5a915f" ],
        "X-Powered-By": [ "ASP.NET" ],
        "X-Content-Type-Options": [ "nosniff" ],
        "x-ms-operation-identifier": [ "tenantId=715492f1-ef6e-4eea-9176-7c81e765c3c8,objectId=20778267-e9a4-46ba-97d7-7b7e5b321864/southeastasia/f3d3c598-08e6-4387-a3b7-c675775edfec" ],
        "x-ms-ratelimit-remaining-subscription-writes": [ "199" ],
        "x-ms-ratelimit-remaining-subscription-global-writes": [ "2999" ],
        "x-ms-correlation-request-id": [ "690024e0-7c6b-4e1c-9308-f67b80ab908b" ],
        "x-ms-routing-request-id": [ "SOUTHEASTASIA:20251118T081750Z:690024e0-7c6b-4e1c-9308-f67b80ab908b" ],
        "Strict-Transport-Security": [ "max-age=31536000; includeSubDomains" ],
        "X-Cache": [ "CONFIG_NOCACHE" ],
        "X-MSEdge-Ref": [ "Ref A: 1308D87A222C4412B395C2FC92362345 Ref B: SG2AA1070301042 Ref C: 2025-11-18T08:17:47Z" ],
        "Date": [ "Tue, 18 Nov 2025 08:17:49 GMT" ]
      },
      "ContentHeaders": {
        "Content-Length": [ "707" ],
        "Content-Type": [ "application/json; charset=utf-8" ],
        "Expires": [ "-1" ]
      },
      "Content": "{\"name\":\"WorkspacePowershell1\",\"id\":\"/subscriptions/6738509d-84ed-4ad6-974a-7dc4e3c34146/resourcegroups/zhongjie-rg-wus/providers/Microsoft.DesktopVirtualization/workspaces/WorkspacePowershell1\",\"type\":\"Microsoft.DesktopVirtualization/workspaces\",\"location\":\"westus2\",\"tags\":{},\"kind\":null,\"systemData\":{\"createdBy\":\"guorui@microsoft.com\",\"createdByType\":\"User\",\"createdAt\":\"2025-11-18T08:17:49.39Z\",\"lastModifiedBy\":\"guorui@microsoft.com\",\"lastModifiedByType\":\"User\",\"lastModifiedAt\":\"2025-11-18T08:17:49.39Z\"},\"properties\":{\"deploymentScope\":\"Geographical\",\"description\":\"des\",\"friendlyName\":\"fri\",\"applicationGroupReferences\":[],\"cloudPcResource\":false,\"objectId\":\"62c75e9b-c88e-4b87-8e6c-705eff9d07e4\"}}",
      "isContentBase64": false
    }
  },
  "Get-AzWvdWorkspace+[NoContext]+Get+$GET+https://management.azure.com/subscriptions/6738509d-84ed-4ad6-974a-7dc4e3c34146/resourceGroups/zhongjie-rg-wus/providers/Microsoft.DesktopVirtualization/workspaces/WorkspacePowershell1?api-version=2025-11-01-preview+2": {
    "Request": {
      "Method": "GET",
      "RequestUri": "https://management.azure.com/subscriptions/6738509d-84ed-4ad6-974a-7dc4e3c34146/resourceGroups/zhongjie-rg-wus/providers/Microsoft.DesktopVirtualization/workspaces/WorkspacePowershell1?api-version=2025-11-01-preview",
      "Content": null,
      "isContentBase64": false,
      "Headers": {
        "x-ms-unique-id": [ "4" ],
        "x-ms-client-request-id": [ "b5e4a7b9-1b61-4a73-bca3-000ac37ed3d8" ],
        "CommandName": [ "Get-AzWvdWorkspace" ],
        "FullCommandName": [ "Get-AzWvdWorkspace_Get" ],
        "ParameterSetName": [ "__AllParameterSets" ],
        "User-Agent": [ "AzurePowershell/v14.2.0", "PSVersion/v7.5.4", "Az.DesktopVirtualization/0.1.0" ],
        "Authorization": [ "[Filtered]" ]
      },
      "ContentHeaders": {
      }
    },
    "Response": {
      "StatusCode": 200,
      "Headers": {
        "Cache-Control": [ "no-cache" ],
        "Pragma": [ "no-cache" ],
        "Vary": [ "Accept-Encoding" ],
        "Set-Cookie": [ "ARRAffinity=7c11fa440eea07a6403d9fd6100f87b8402bcda0faab2ae6f3961ac9351302a4;Path=/;HttpOnly;Secure;Domain=rdarmprovider-g-us-r0.wvd.microsoft.com", "ARRAffinitySameSite=7c11fa440eea07a6403d9fd6100f87b8402bcda0faab2ae6f3961ac9351302a4;Path=/;HttpOnly;SameSite=None;Secure;Domain=rdarmprovider-g-us-r0.wvd.microsoft.com" ],
        "x-ms-ratelimit-remaining-subscription-reads": [ "249" ],
        "X-Rate-Limit-Limit": [ "0" ],
        "X-Rate-Limit-Remaining": [ "9223372036854775807" ],
        "X-Rate-Limit-Reset": [ "0" ],
        "x-ms-opsarmpath64": [ "L3N1YnNjcmlwdGlvbnMvNjczODUwOWQtODRlZC00YWQ2LTk3NGEtN2RjNGUzYzM0MTQ2L3Jlc291cmNlR3JvdXBzL3pob25namllLXJnLXd1cy9wcm92aWRlcnMvTWljcm9zb2Z0LkRlc2t0b3BWaXJ0dWFsaXphdGlvbi93b3Jrc3BhY2VzL1dvcmtzcGFjZVBvd2Vyc2hlbGwx" ],
        "x-ms-lamport-ts": [ "10329986337" ],
        "x-ms-correlation-id": [ "c4f9fd02-ab09-4764-abec-5f6d54d1028c" ],
        "x-ms-request-id": [ "b5e4a7b9-1b61-4a73-bca3-000ac37ed3d8" ],
        "X-Powered-By": [ "ASP.NET" ],
        "X-Content-Type-Options": [ "nosniff" ],
        "x-ms-ratelimit-remaining-subscription-global-reads": [ "3749" ],
        "x-ms-correlation-request-id": [ "882cdb6b-defe-4430-8d07-acc3d52d9498" ],
        "x-ms-routing-request-id": [ "WESTUS2:20251118T081750Z:882cdb6b-defe-4430-8d07-acc3d52d9498" ],
        "Strict-Transport-Security": [ "max-age=31536000; includeSubDomains" ],
        "X-Cache": [ "CONFIG_NOCACHE" ],
        "X-MSEdge-Ref": [ "Ref A: 5E2FA56F47F545C8B391128DB021E541 Ref B: SG2AA1070301042 Ref C: 2025-11-18T08:17:50Z" ],
        "Date": [ "Tue, 18 Nov 2025 08:17:49 GMT" ]
      },
      "ContentHeaders": {
        "Content-Length": [ "707" ],
        "Content-Type": [ "application/json; charset=utf-8" ],
        "Expires": [ "-1" ]
      },
      "Content": "{\"name\":\"WorkspacePowershell1\",\"id\":\"/subscriptions/6738509d-84ed-4ad6-974a-7dc4e3c34146/resourcegroups/zhongjie-rg-wus/providers/Microsoft.DesktopVirtualization/workspaces/WorkspacePowershell1\",\"type\":\"Microsoft.DesktopVirtualization/workspaces\",\"location\":\"westus2\",\"tags\":{},\"kind\":null,\"systemData\":{\"createdBy\":\"guorui@microsoft.com\",\"createdByType\":\"User\",\"createdAt\":\"2025-11-18T08:17:49.39Z\",\"lastModifiedBy\":\"guorui@microsoft.com\",\"lastModifiedByType\":\"User\",\"lastModifiedAt\":\"2025-11-18T08:17:49.39Z\"},\"properties\":{\"deploymentScope\":\"Geographical\",\"description\":\"des\",\"friendlyName\":\"fri\",\"applicationGroupReferences\":[],\"cloudPcResource\":false,\"objectId\":\"62c75e9b-c88e-4b87-8e6c-705eff9d07e4\"}}",
      "isContentBase64": false
    }
  },
  "Get-AzWvdWorkspace+[NoContext]+Get+$DELETE+https://management.azure.com/subscriptions/6738509d-84ed-4ad6-974a-7dc4e3c34146/resourceGroups/zhongjie-rg-wus/providers/Microsoft.DesktopVirtualization/workspaces/WorkspacePowershell1?api-version=2025-11-01-preview+3": {
    "Request": {
      "Method": "DELETE",
      "RequestUri": "https://management.azure.com/subscriptions/6738509d-84ed-4ad6-974a-7dc4e3c34146/resourceGroups/zhongjie-rg-wus/providers/Microsoft.DesktopVirtualization/workspaces/WorkspacePowershell1?api-version=2025-11-01-preview",
      "Content": null,
      "isContentBase64": false,
      "Headers": {
        "x-ms-unique-id": [ "5" ],
        "x-ms-client-request-id": [ "e65c3c25-239f-41d3-8979-80db841c5ad7" ],
        "CommandName": [ "Remove-AzWvdWorkspace" ],
        "FullCommandName": [ "Remove-AzWvdWorkspace_Delete" ],
        "ParameterSetName": [ "__AllParameterSets" ],
        "User-Agent": [ "AzurePowershell/v14.2.0", "PSVersion/v7.5.4", "Az.DesktopVirtualization/0.1.0" ],
        "Authorization": [ "[Filtered]" ]
      },
      "ContentHeaders": {
      }
    },
    "Response": {
      "StatusCode": 200,
      "Headers": {
        "Cache-Control": [ "no-cache" ],
        "Pragma": [ "no-cache" ],
        "Vary": [ "Accept-Encoding" ],
        "Set-Cookie": [ "ARRAffinity=39eae58dae3e9ce3daa32a653411adeefc8bac631df7d8341ac09f4a2566b7ae;Path=/;HttpOnly;Secure;Domain=rdarmprovider-g-us-r0.wvd.microsoft.com", "ARRAffinitySameSite=39eae58dae3e9ce3daa32a653411adeefc8bac631df7d8341ac09f4a2566b7ae;Path=/;HttpOnly;SameSite=None;Secure;Domain=rdarmprovider-g-us-r0.wvd.microsoft.com" ],
        "x-ms-operation-identifier": [ "tenantId=715492f1-ef6e-4eea-9176-7c81e765c3c8,objectId=20778267-e9a4-46ba-97d7-7b7e5b321864/westus2/149a8a54-a9b6-4936-9f4c-0a19bd969b9f" ],
        "X-Rate-Limit-Limit": [ "0" ],
        "X-Rate-Limit-Remaining": [ "9223372036854775807" ],
        "X-Rate-Limit-Reset": [ "0" ],
        "x-ms-opsarmpath64": [ "L3N1YnNjcmlwdGlvbnMvNjczODUwOWQtODRlZC00YWQ2LTk3NGEtN2RjNGUzYzM0MTQ2L3Jlc291cmNlR3JvdXBzL3pob25namllLXJnLXd1cy9wcm92aWRlcnMvTWljcm9zb2Z0LkRlc2t0b3BWaXJ0dWFsaXphdGlvbi93b3Jrc3BhY2VzL1dvcmtzcGFjZVBvd2Vyc2hlbGwx" ],
        "x-ms-lamport-ts": [ "10329987503" ],
        "x-ms-correlation-id": [ "507e45db-2caa-4724-93a7-4d69895a3b75" ],
        "x-ms-request-id": [ "e65c3c25-239f-41d3-8979-80db841c5ad7" ],
        "X-Powered-By": [ "ASP.NET" ],
        "X-Content-Type-Options": [ "nosniff" ],
        "x-ms-ratelimit-remaining-subscription-deletes": [ "199" ],
        "x-ms-ratelimit-remaining-subscription-global-deletes": [ "2999" ],
        "x-ms-correlation-request-id": [ "316e6901-4e0c-402e-baf7-18c655527d39" ],
        "x-ms-routing-request-id": [ "WESTUS2:20251118T081752Z:316e6901-4e0c-402e-baf7-18c655527d39" ],
        "Strict-Transport-Security": [ "max-age=31536000; includeSubDomains" ],
        "X-Cache": [ "CONFIG_NOCACHE" ],
        "X-MSEdge-Ref": [ "Ref A: C25B60CBDCC54EBB8C1F2DFEE700DBF1 Ref B: SG2AA1070301042 Ref C: 2025-11-18T08:17:51Z" ],
        "Date": [ "Tue, 18 Nov 2025 08:17:51 GMT" ]
      },
      "ContentHeaders": {
        "Content-Length": [ "503" ],
        "Content-Type": [ "application/json; charset=utf-8" ],
        "Expires": [ "-1" ]
      },
      "Content": "{\"name\":\"WorkspacePowershell1\",\"id\":\"/subscriptions/6738509d-84ed-4ad6-974a-7dc4e3c34146/resourcegroups/zhongjie-rg-wus/providers/Microsoft.DesktopVirtualization/workspaces/WorkspacePowershell1\",\"type\":\"Microsoft.DesktopVirtualization/workspaces\",\"location\":\"westus2\",\"tags\":{},\"kind\":null,\"systemData\":null,\"properties\":{\"deploymentScope\":\"Geographical\",\"description\":\"des\",\"friendlyName\":\"fri\",\"applicationGroupReferences\":[],\"cloudPcResource\":false,\"objectId\":\"62c75e9b-c88e-4b87-8e6c-705eff9d07e4\"}}",
      "isContentBase64": false
    }
  },
  "Get-AzWvdWorkspace+[NoContext]+List+$PUT+https://management.azure.com/subscriptions/6738509d-84ed-4ad6-974a-7dc4e3c34146/resourceGroups/zhongjie-rg-wus/providers/Microsoft.DesktopVirtualization/workspaces/WorkspacePowershell1?api-version=2025-11-01-preview+1": {
    "Request": {
      "Method": "PUT",
      "RequestUri": "https://management.azure.com/subscriptions/6738509d-84ed-4ad6-974a-7dc4e3c34146/resourceGroups/zhongjie-rg-wus/providers/Microsoft.DesktopVirtualization/workspaces/WorkspacePowershell1?api-version=2025-11-01-preview",
      "Content": "{\r\n  \"location\": \"westus2\",\r\n  \"properties\": {\r\n    \"description\": \"des\",\r\n    \"friendlyName\": \"fri\"\r\n  }\r\n}",
      "isContentBase64": false,
      "Headers": {
      },
      "ContentHeaders": {
        "Content-Type": [ "application/json" ],
        "Content-Length": [ "108" ]
      }
    },
    "Response": {
      "StatusCode": 201,
      "Headers": {
        "Cache-Control": [ "no-cache" ],
        "Pragma": [ "no-cache" ],
        "Location": [ "/subscriptions/6738509d-84ed-4ad6-974a-7dc4e3c34146/resourcegroups/zhongjie-rg-wus/providers/Microsoft.DesktopVirtualization/workspaces/WorkspacePowershell1" ],
        "Set-Cookie": [ "ARRAffinity=1765aa7e776c46fe88544aefdc71136b6fd74885900be8ef9b6e16168ba26421;Path=/;HttpOnly;Secure;Domain=rdarmprovider-g-us-r0.wvd.microsoft.com", "ARRAffinitySameSite=1765aa7e776c46fe88544aefdc71136b6fd74885900be8ef9b6e16168ba26421;Path=/;HttpOnly;SameSite=None;Secure;Domain=rdarmprovider-g-us-r0.wvd.microsoft.com" ],
        "X-Rate-Limit-Limit": [ "0" ],
        "X-Rate-Limit-Remaining": [ "9223372036854775807" ],
        "X-Rate-Limit-Reset": [ "0" ],
        "x-ms-opsarmpath64": [ "L3N1YnNjcmlwdGlvbnMvNjczODUwOWQtODRlZC00YWQ2LTk3NGEtN2RjNGUzYzM0MTQ2L3Jlc291cmNlR3JvdXBzL3pob25namllLXJnLXd1cy9wcm92aWRlcnMvTWljcm9zb2Z0LkRlc2t0b3BWaXJ0dWFsaXphdGlvbi93b3Jrc3BhY2VzL1dvcmtzcGFjZVBvd2Vyc2hlbGwx" ],
        "x-ms-lamport-ts": [ "10329986224" ],
        "x-ms-correlation-id": [ "acc97a09-2bd7-43b6-a608-deb9b27fac95" ],
        "x-ms-request-id": [ "dee6c490-6e0b-454e-b78f-0eb72b1d160b" ],
        "X-Powered-By": [ "ASP.NET" ],
        "X-Content-Type-Options": [ "nosniff" ],
        "x-ms-operation-identifier": [ "tenantId=715492f1-ef6e-4eea-9176-7c81e765c3c8,objectId=20778267-e9a4-46ba-97d7-7b7e5b321864/westus2/59dca382-f8cb-4785-89f1-459bacdb05ca" ],
        "x-ms-ratelimit-remaining-subscription-writes": [ "199" ],
        "x-ms-ratelimit-remaining-subscription-global-writes": [ "2999" ],
        "x-ms-correlation-request-id": [ "6e2a9a11-0865-45bf-84e3-10b518b14309" ],
        "x-ms-routing-request-id": [ "WESTUS2:20251118T081753Z:6e2a9a11-0865-45bf-84e3-10b518b14309" ],
        "Strict-Transport-Security": [ "max-age=31536000; includeSubDomains" ],
        "X-Cache": [ "CONFIG_NOCACHE" ],
        "X-MSEdge-Ref": [ "Ref A: 82D1E309D94C4245A77EFAD151E8BF2F Ref B: SG2AA1070301042 Ref C: 2025-11-18T08:17:52Z" ],
        "Date": [ "Tue, 18 Nov 2025 08:17:52 GMT" ]
      },
      "ContentHeaders": {
        "Content-Length": [ "707" ],
        "Content-Type": [ "application/json; charset=utf-8" ],
        "Expires": [ "-1" ]
      },
      "Content": "{\"name\":\"WorkspacePowershell1\",\"id\":\"/subscriptions/6738509d-84ed-4ad6-974a-7dc4e3c34146/resourcegroups/zhongjie-rg-wus/providers/Microsoft.DesktopVirtualization/workspaces/WorkspacePowershell1\",\"type\":\"Microsoft.DesktopVirtualization/workspaces\",\"location\":\"westus2\",\"tags\":{},\"kind\":null,\"systemData\":{\"createdBy\":\"guorui@microsoft.com\",\"createdByType\":\"User\",\"createdAt\":\"2025-11-18T08:17:53.02Z\",\"lastModifiedBy\":\"guorui@microsoft.com\",\"lastModifiedByType\":\"User\",\"lastModifiedAt\":\"2025-11-18T08:17:53.02Z\"},\"properties\":{\"deploymentScope\":\"Geographical\",\"description\":\"des\",\"friendlyName\":\"fri\",\"applicationGroupReferences\":[],\"cloudPcResource\":false,\"objectId\":\"1225fb68-1bed-4ddd-86f6-51f9322a17ba\"}}",
      "isContentBase64": false
    }
  },
  "Get-AzWvdWorkspace+[NoContext]+List+$PUT+https://management.azure.com/subscriptions/6738509d-84ed-4ad6-974a-7dc4e3c34146/resourceGroups/zhongjie-rg-wus/providers/Microsoft.DesktopVirtualization/workspaces/WorkspacePowershell2?api-version=2025-11-01-preview+2": {
    "Request": {
      "Method": "PUT",
      "RequestUri": "https://management.azure.com/subscriptions/6738509d-84ed-4ad6-974a-7dc4e3c34146/resourceGroups/zhongjie-rg-wus/providers/Microsoft.DesktopVirtualization/workspaces/WorkspacePowershell2?api-version=2025-11-01-preview",
      "Content": "{\r\n  \"location\": \"westus2\",\r\n  \"properties\": {\r\n    \"description\": \"des\",\r\n    \"friendlyName\": \"fri\"\r\n  }\r\n}",
      "isContentBase64": false,
      "Headers": {
      },
      "ContentHeaders": {
        "Content-Type": [ "application/json" ],
        "Content-Length": [ "108" ]
      }
    },
    "Response": {
      "StatusCode": 201,
      "Headers": {
        "Cache-Control": [ "no-cache" ],
        "Pragma": [ "no-cache" ],
        "Location": [ "/subscriptions/6738509d-84ed-4ad6-974a-7dc4e3c34146/resourcegroups/zhongjie-rg-wus/providers/Microsoft.DesktopVirtualization/workspaces/WorkspacePowershell2" ],
        "Set-Cookie": [ "ARRAffinity=002717a29815ff744b05157baa9d789df3b9d7d103205437d23e4b6d5ec59051;Path=/;HttpOnly;Secure;Domain=rdarmprovider-g-us-r0.wvd.microsoft.com", "ARRAffinitySameSite=002717a29815ff744b05157baa9d789df3b9d7d103205437d23e4b6d5ec59051;Path=/;HttpOnly;SameSite=None;Secure;Domain=rdarmprovider-g-us-r0.wvd.microsoft.com" ],
        "X-Rate-Limit-Limit": [ "0" ],
        "X-Rate-Limit-Remaining": [ "9223372036854775807" ],
        "X-Rate-Limit-Reset": [ "0" ],
        "x-ms-opsarmpath64": [ "L3N1YnNjcmlwdGlvbnMvNjczODUwOWQtODRlZC00YWQ2LTk3NGEtN2RjNGUzYzM0MTQ2L3Jlc291cmNlR3JvdXBzL3pob25namllLXJnLXd1cy9wcm92aWRlcnMvTWljcm9zb2Z0LkRlc2t0b3BWaXJ0dWFsaXphdGlvbi93b3Jrc3BhY2VzL1dvcmtzcGFjZVBvd2Vyc2hlbGwy" ],
        "x-ms-lamport-ts": [ "10329986885" ],
        "x-ms-correlation-id": [ "71d604d4-e56a-49a8-ae06-1345ab0d28cc" ],
        "x-ms-request-id": [ "ac42d1bd-0355-4f02-8a87-d9291706ebfe" ],
        "X-Powered-By": [ "ASP.NET" ],
        "X-Content-Type-Options": [ "nosniff" ],
        "x-ms-operation-identifier": [ "tenantId=715492f1-ef6e-4eea-9176-7c81e765c3c8,objectId=20778267-e9a4-46ba-97d7-7b7e5b321864/westus2/b25429a7-517a-44c0-b6d7-a2061f66dcc0" ],
        "x-ms-ratelimit-remaining-subscription-writes": [ "199" ],
        "x-ms-ratelimit-remaining-subscription-global-writes": [ "2999" ],
        "x-ms-correlation-request-id": [ "0e250e8c-e045-4b37-a04f-72d22085f242" ],
        "x-ms-routing-request-id": [ "WESTUS2:20251118T081754Z:0e250e8c-e045-4b37-a04f-72d22085f242" ],
        "Strict-Transport-Security": [ "max-age=31536000; includeSubDomains" ],
        "X-Cache": [ "CONFIG_NOCACHE" ],
        "X-MSEdge-Ref": [ "Ref A: AF7762DBD99F446092B4D3F7E09823A6 Ref B: SG2AA1070301042 Ref C: 2025-11-18T08:17:53Z" ],
        "Date": [ "Tue, 18 Nov 2025 08:17:53 GMT" ]
      },
      "ContentHeaders": {
        "Content-Length": [ "707" ],
        "Content-Type": [ "application/json; charset=utf-8" ],
        "Expires": [ "-1" ]
      },
      "Content": "{\"name\":\"WorkspacePowershell2\",\"id\":\"/subscriptions/6738509d-84ed-4ad6-974a-7dc4e3c34146/resourcegroups/zhongjie-rg-wus/providers/Microsoft.DesktopVirtualization/workspaces/WorkspacePowershell2\",\"type\":\"Microsoft.DesktopVirtualization/workspaces\",\"location\":\"westus2\",\"tags\":{},\"kind\":null,\"systemData\":{\"createdBy\":\"guorui@microsoft.com\",\"createdByType\":\"User\",\"createdAt\":\"2025-11-18T08:17:54.18Z\",\"lastModifiedBy\":\"guorui@microsoft.com\",\"lastModifiedByType\":\"User\",\"lastModifiedAt\":\"2025-11-18T08:17:54.18Z\"},\"properties\":{\"deploymentScope\":\"Geographical\",\"description\":\"des\",\"friendlyName\":\"fri\",\"applicationGroupReferences\":[],\"cloudPcResource\":false,\"objectId\":\"3f9432e4-4e9e-45b6-bc3d-c351b4cbc591\"}}",
      "isContentBase64": false
    }
  },
  "Get-AzWvdWorkspace+[NoContext]+List+$GET+https://management.azure.com/subscriptions/6738509d-84ed-4ad6-974a-7dc4e3c34146/resourceGroups/zhongjie-rg-wus/providers/Microsoft.DesktopVirtualization/workspaces?api-version=2025-11-01-preview+3": {
    "Request": {
      "Method": "GET",
      "RequestUri": "https://management.azure.com/subscriptions/6738509d-84ed-4ad6-974a-7dc4e3c34146/resourceGroups/zhongjie-rg-wus/providers/Microsoft.DesktopVirtualization/workspaces?api-version=2025-11-01-preview",
      "Content": null,
      "isContentBase64": false,
      "Headers": {
        "x-ms-unique-id": [ "8" ],
        "x-ms-client-request-id": [ "23737e94-354a-46bb-9d20-63b7f341b556" ],
        "CommandName": [ "Get-AzWvdWorkspace" ],
        "FullCommandName": [ "Get-AzWvdWorkspace_List1" ],
        "ParameterSetName": [ "__AllParameterSets" ],
        "User-Agent": [ "AzurePowershell/v14.2.0", "PSVersion/v7.5.4", "Az.DesktopVirtualization/0.1.0" ],
        "Authorization": [ "[Filtered]" ]
      },
      "ContentHeaders": {
      }
    },
    "Response": {
      "StatusCode": 200,
      "Headers": {
        "Cache-Control": [ "no-cache" ],
        "Pragma": [ "no-cache" ],
        "Vary": [ "Accept-Encoding" ],
        "Set-Cookie": [ "ARRAffinity=f08099ddc6d1b5b480ee26565f489b862c28fda9abd95391f75b0cea107d6318;Path=/;HttpOnly;Secure;Domain=rdarmprovider-g-us-r0.wvd.microsoft.com", "ARRAffinitySameSite=f08099ddc6d1b5b480ee26565f489b862c28fda9abd95391f75b0cea107d6318;Path=/;HttpOnly;SameSite=None;Secure;Domain=rdarmprovider-g-us-r0.wvd.microsoft.com" ],
        "x-ms-original-request-ids": [ "23737e94-354a-46bb-9d20-63b7f341b556" ],
        "X-Rate-Limit-Limit": [ "0" ],
        "X-Rate-Limit-Remaining": [ "9223372036854775807" ],
        "X-Rate-Limit-Reset": [ "0" ],
        "x-ms-opsarmpath64": [ "L3N1YnNjcmlwdGlvbnMvNjczODUwOWQtODRlZC00YWQ2LTk3NGEtN2RjNGUzYzM0MTQ2L3Jlc291cmNlR3JvdXBzL3pob25namllLXJnLXd1cw==" ],
        "x-ms-lamport-ts": [ "10329987752" ],
        "x-ms-correlation-id": [ "79ae954a-f4da-4a4b-bc7f-f0691b375cfa" ],
        "X-Powered-By": [ "ASP.NET" ],
        "X-Content-Type-Options": [ "nosniff" ],
        "x-ms-ratelimit-remaining-subscription-reads": [ "249" ],
        "x-ms-ratelimit-remaining-subscription-global-reads": [ "3749" ],
        "x-ms-request-id": [ "bfb549f8-4407-4646-bd33-bbe0b459c485" ],
        "x-ms-correlation-request-id": [ "bfb549f8-4407-4646-bd33-bbe0b459c485" ],
        "x-ms-routing-request-id": [ "WESTUS2:20251118T081755Z:bfb549f8-4407-4646-bd33-bbe0b459c485" ],
        "Strict-Transport-Security": [ "max-age=31536000; includeSubDomains" ],
        "X-Cache": [ "CONFIG_NOCACHE" ],
        "X-MSEdge-Ref": [ "Ref A: 6C76105448CB4167A8AD81DD3B3B9727 Ref B: SG2AA1070301042 Ref C: 2025-11-18T08:17:55Z" ],
        "Date": [ "Tue, 18 Nov 2025 08:17:54 GMT" ]
      },
      "ContentHeaders": {
        "Content-Length": [ "2354" ],
        "Content-Type": [ "application/json; charset=utf-8" ],
        "Expires": [ "-1" ]
      },
      "Content": "{\"value\":[{\"name\":\"PrivateLinkWorkspace\",\"id\":\"/subscriptions/6738509d-84ed-4ad6-974a-7dc4e3c34146/resourcegroups/zhongjie-rg-wus/providers/Microsoft.DesktopVirtualization/workspaces/PrivateLinkWorkspace\",\"type\":\"Microsoft.DesktopVirtualization/workspaces\",\"location\":\"westus2\",\"tags\":{},\"kind\":null,\"systemData\":{\"createdBy\":\"guorui@microsoft.com\",\"createdByType\":\"User\",\"createdAt\":\"2025-11-18T08:14:29.14Z\",\"lastModifiedBy\":\"guorui@microsoft.com\",\"lastModifiedByType\":\"User\",\"lastModifiedAt\":\"2025-11-18T08:14:29.14Z\"},\"properties\":{\"deploymentScope\":\"Geographical\",\"description\":\"des\",\"friendlyName\":\"fri\",\"applicationGroupReferences\":[],\"cloudPcResource\":false,\"objectId\":\"04215b69-7e39-454e-b884-ac4630bc122b\"}},{\"name\":\"WorkspacePowershell1\",\"id\":\"/subscriptions/6738509d-84ed-4ad6-974a-7dc4e3c34146/resourcegroups/zhongjie-rg-wus/providers/Microsoft.DesktopVirtualization/workspaces/WorkspacePowershell1\",\"type\":\"Microsoft.DesktopVirtualization/workspaces\",\"location\":\"westus2\",\"tags\":{},\"kind\":null,\"systemData\":{\"createdBy\":\"guorui@microsoft.com\",\"createdByType\":\"User\",\"createdAt\":\"2025-11-18T08:17:49.39Z\",\"lastModifiedBy\":\"guorui@microsoft.com\",\"lastModifiedByType\":\"User\",\"lastModifiedAt\":\"2025-11-18T08:17:49.39Z\"},\"properties\":{\"deploymentScope\":\"Geographical\",\"description\":\"des\",\"friendlyName\":\"fri\",\"applicationGroupReferences\":[],\"cloudPcResource\":false,\"objectId\":\"62c75e9b-c88e-4b87-8e6c-705eff9d07e4\"}},{\"name\":\"zhongjieworkspacewus\",\"id\":\"/subscriptions/6738509d-84ed-4ad6-974a-7dc4e3c34146/resourcegroups/zhongjie-rg-wus/providers/Microsoft.DesktopVirtualization/workspaces/zhongjieworkspacewus\",\"type\":\"Microsoft.DesktopVirtualization/workspaces\",\"location\":\"westus2\",\"tags\":{},\"kind\":null,\"systemData\":{\"createdBy\":\"TestWin365@w365runner250520sh01.onmicrosoft.com\",\"createdByType\":\"User\",\"createdAt\":\"2025-06-27T05:33:22.21Z\",\"lastModifiedBy\":\"zhongjieli@w365runner250520sh01.onmicrosoft.com\",\"lastModifiedByType\":\"User\",\"lastModifiedAt\":\"2025-11-06T06:36:04.89Z\"},\"properties\":{\"deploymentScope\":\"Geographical\",\"description\":null,\"friendlyName\":null,\"applicationGroupReferences\":[\"/subscriptions/6738509d-84ed-4ad6-974a-7dc4e3c34146/resourcegroups/zhongjie-rg-wus/providers/Microsoft.DesktopVirtualization/applicationgroups/zhongjie-automated-DAG\"],\"cloudPcResource\":false,\"objectId\":\"fc07fbc0-85ac-4e02-9990-564f92f88817\"}}]}",
      "isContentBase64": false
    }
  },
  "Get-AzWvdWorkspace+[NoContext]+List+$DELETE+https://management.azure.com/subscriptions/6738509d-84ed-4ad6-974a-7dc4e3c34146/resourceGroups/zhongjie-rg-wus/providers/Microsoft.DesktopVirtualization/workspaces/WorkspacePowershell1?api-version=2025-11-01-preview+4": {
    "Request": {
      "Method": "DELETE",
      "RequestUri": "https://management.azure.com/subscriptions/6738509d-84ed-4ad6-974a-7dc4e3c34146/resourceGroups/zhongjie-rg-wus/providers/Microsoft.DesktopVirtualization/workspaces/WorkspacePowershell1?api-version=2025-11-01-preview",
      "Content": null,
      "isContentBase64": false,
      "Headers": {
        "x-ms-unique-id": [ "9" ],
        "x-ms-client-request-id": [ "763bb26f-4b44-4a9c-89ae-51c03ec118de" ],
        "CommandName": [ "Remove-AzWvdWorkspace" ],
        "FullCommandName": [ "Remove-AzWvdWorkspace_Delete" ],
        "ParameterSetName": [ "__AllParameterSets" ],
        "User-Agent": [ "AzurePowershell/v14.2.0", "PSVersion/v7.5.4", "Az.DesktopVirtualization/0.1.0" ],
        "Authorization": [ "[Filtered]" ]
      },
      "ContentHeaders": {
      }
    },
    "Response": {
      "StatusCode": 200,
      "Headers": {
        "Cache-Control": [ "no-cache" ],
        "Pragma": [ "no-cache" ],
        "Vary": [ "Accept-Encoding" ],
        "Set-Cookie": [ "ARRAffinity=1765aa7e776c46fe88544aefdc71136b6fd74885900be8ef9b6e16168ba26421;Path=/;HttpOnly;Secure;Domain=rdarmprovider-g-us-r0.wvd.microsoft.com", "ARRAffinitySameSite=1765aa7e776c46fe88544aefdc71136b6fd74885900be8ef9b6e16168ba26421;Path=/;HttpOnly;SameSite=None;Secure;Domain=rdarmprovider-g-us-r0.wvd.microsoft.com" ],
        "x-ms-operation-identifier": [ "tenantId=715492f1-ef6e-4eea-9176-7c81e765c3c8,objectId=20778267-e9a4-46ba-97d7-7b7e5b321864/westus2/33c8396d-9ce2-4475-b3c4-7d0b1c3f311f" ],
        "X-Rate-Limit-Limit": [ "0" ],
        "X-Rate-Limit-Remaining": [ "9223372036854775807" ],
        "X-Rate-Limit-Reset": [ "0" ],
        "x-ms-opsarmpath64": [ "L3N1YnNjcmlwdGlvbnMvNjczODUwOWQtODRlZC00YWQ2LTk3NGEtN2RjNGUzYzM0MTQ2L3Jlc291cmNlR3JvdXBzL3pob25namllLXJnLXd1cy9wcm92aWRlcnMvTWljcm9zb2Z0LkRlc2t0b3BWaXJ0dWFsaXphdGlvbi93b3Jrc3BhY2VzL1dvcmtzcGFjZVBvd2Vyc2hlbGwx" ],
        "x-ms-lamport-ts": [ "10329986383" ],
        "x-ms-correlation-id": [ "8e80306b-df4b-43b5-b463-a94bdb305e73" ],
        "x-ms-request-id": [ "763bb26f-4b44-4a9c-89ae-51c03ec118de" ],
        "X-Powered-By": [ "ASP.NET" ],
        "X-Content-Type-Options": [ "nosniff" ],
        "x-ms-ratelimit-remaining-subscription-deletes": [ "199" ],
        "x-ms-ratelimit-remaining-subscription-global-deletes": [ "2999" ],
        "x-ms-correlation-request-id": [ "cd152893-9d18-4153-b1eb-8a50857d172e" ],
        "x-ms-routing-request-id": [ "WESTUS2:20251118T081757Z:cd152893-9d18-4153-b1eb-8a50857d172e" ],
        "Strict-Transport-Security": [ "max-age=31536000; includeSubDomains" ],
        "X-Cache": [ "CONFIG_NOCACHE" ],
        "X-MSEdge-Ref": [ "Ref A: C5F14FE2EEE34A9884BEE062C5FFE7B6 Ref B: SG2AA1070301042 Ref C: 2025-11-18T08:17:56Z" ],
        "Date": [ "Tue, 18 Nov 2025 08:17:56 GMT" ]
      },
      "ContentHeaders": {
        "Content-Length": [ "503" ],
        "Content-Type": [ "application/json; charset=utf-8" ],
        "Expires": [ "-1" ]
      },
      "Content": "{\"name\":\"WorkspacePowershell1\",\"id\":\"/subscriptions/6738509d-84ed-4ad6-974a-7dc4e3c34146/resourcegroups/zhongjie-rg-wus/providers/Microsoft.DesktopVirtualization/workspaces/WorkspacePowershell1\",\"type\":\"Microsoft.DesktopVirtualization/workspaces\",\"location\":\"westus2\",\"tags\":{},\"kind\":null,\"systemData\":null,\"properties\":{\"deploymentScope\":\"Geographical\",\"description\":\"des\",\"friendlyName\":\"fri\",\"applicationGroupReferences\":[],\"cloudPcResource\":false,\"objectId\":\"1225fb68-1bed-4ddd-86f6-51f9322a17ba\"}}",
      "isContentBase64": false
    }
  },
  "Get-AzWvdWorkspace+[NoContext]+List+$DELETE+https://management.azure.com/subscriptions/6738509d-84ed-4ad6-974a-7dc4e3c34146/resourceGroups/zhongjie-rg-wus/providers/Microsoft.DesktopVirtualization/workspaces/WorkspacePowershell2?api-version=2025-11-01-preview+5": {
    "Request": {
      "Method": "DELETE",
      "RequestUri": "https://management.azure.com/subscriptions/6738509d-84ed-4ad6-974a-7dc4e3c34146/resourceGroups/zhongjie-rg-wus/providers/Microsoft.DesktopVirtualization/workspaces/WorkspacePowershell2?api-version=2025-11-01-preview",
      "Content": null,
      "isContentBase64": false,
      "Headers": {
        "x-ms-unique-id": [ "10" ],
        "x-ms-client-request-id": [ "eadb7f7a-2d71-46b7-9216-19ca2d07fdc9" ],
        "CommandName": [ "Remove-AzWvdWorkspace" ],
        "FullCommandName": [ "Remove-AzWvdWorkspace_Delete" ],
        "ParameterSetName": [ "__AllParameterSets" ],
        "User-Agent": [ "AzurePowershell/v14.2.0", "PSVersion/v7.5.4", "Az.DesktopVirtualization/0.1.0" ],
        "Authorization": [ "[Filtered]" ]
      },
      "ContentHeaders": {
      }
    },
    "Response": {
      "StatusCode": 200,
      "Headers": {
        "Cache-Control": [ "no-cache" ],
        "Pragma": [ "no-cache" ],
        "Vary": [ "Accept-Encoding" ],
        "Set-Cookie": [ "ARRAffinity=f5a17254951e5cf9c5b38779db50e2bfcb7bdbef0315c86a85e59a1c7e1471bf;Path=/;HttpOnly;Secure;Domain=rdarmprovider-g-us-r0.wvd.microsoft.com", "ARRAffinitySameSite=f5a17254951e5cf9c5b38779db50e2bfcb7bdbef0315c86a85e59a1c7e1471bf;Path=/;HttpOnly;SameSite=None;Secure;Domain=rdarmprovider-g-us-r0.wvd.microsoft.com" ],
        "x-ms-operation-identifier": [ "tenantId=715492f1-ef6e-4eea-9176-7c81e765c3c8,objectId=20778267-e9a4-46ba-97d7-7b7e5b321864/westus2/ff79e5d7-c2f7-448f-9cae-fa3220026d19" ],
        "X-Rate-Limit-Limit": [ "0" ],
        "X-Rate-Limit-Remaining": [ "9223372036854775807" ],
        "X-Rate-Limit-Reset": [ "0" ],
        "x-ms-opsarmpath64": [ "L3N1YnNjcmlwdGlvbnMvNjczODUwOWQtODRlZC00YWQ2LTk3NGEtN2RjNGUzYzM0MTQ2L3Jlc291cmNlR3JvdXBzL3pob25namllLXJnLXd1cy9wcm92aWRlcnMvTWljcm9zb2Z0LkRlc2t0b3BWaXJ0dWFsaXphdGlvbi93b3Jrc3BhY2VzL1dvcmtzcGFjZVBvd2Vyc2hlbGwy" ],
        "x-ms-lamport-ts": [ "10329985529" ],
        "x-ms-correlation-id": [ "8a1ff2b6-8af9-44d6-9255-a284b888f44e" ],
        "x-ms-request-id": [ "eadb7f7a-2d71-46b7-9216-19ca2d07fdc9" ],
        "X-Powered-By": [ "ASP.NET" ],
        "X-Content-Type-Options": [ "nosniff" ],
        "x-ms-ratelimit-remaining-subscription-deletes": [ "199" ],
        "x-ms-ratelimit-remaining-subscription-global-deletes": [ "2999" ],
        "x-ms-correlation-request-id": [ "7a670e01-6cb2-49fc-9383-cde747fc75ed" ],
        "x-ms-routing-request-id": [ "WESTUS2:20251118T081758Z:7a670e01-6cb2-49fc-9383-cde747fc75ed" ],
        "Strict-Transport-Security": [ "max-age=31536000; includeSubDomains" ],
        "X-Cache": [ "CONFIG_NOCACHE" ],
        "X-MSEdge-Ref": [ "Ref A: CB25E5E93ED34D00998FFAAD71B128E4 Ref B: SG2AA1070301042 Ref C: 2025-11-18T08:17:57Z" ],
        "Date": [ "Tue, 18 Nov 2025 08:17:57 GMT" ]
      },
      "ContentHeaders": {
        "Content-Length": [ "503" ],
        "Content-Type": [ "application/json; charset=utf-8" ],
        "Expires": [ "-1" ]
      },
      "Content": "{\"name\":\"WorkspacePowershell2\",\"id\":\"/subscriptions/6738509d-84ed-4ad6-974a-7dc4e3c34146/resourcegroups/zhongjie-rg-wus/providers/Microsoft.DesktopVirtualization/workspaces/WorkspacePowershell2\",\"type\":\"Microsoft.DesktopVirtualization/workspaces\",\"location\":\"westus2\",\"tags\":{},\"kind\":null,\"systemData\":null,\"properties\":{\"deploymentScope\":\"Geographical\",\"description\":\"des\",\"friendlyName\":\"fri\",\"applicationGroupReferences\":[],\"cloudPcResource\":false,\"objectId\":\"3f9432e4-4e9e-45b6-bc3d-c351b4cbc591\"}}",
      "isContentBase64": false
    }
  },
  "Get-AzWvdWorkspace+[NoContext]+List Subscription Level+$PUT+https://management.azure.com/subscriptions/6738509d-84ed-4ad6-974a-7dc4e3c34146/resourceGroups/zhongjie-rg-wus/providers/Microsoft.DesktopVirtualization/workspaces/WorkspacePowershell1?api-version=2025-11-01-preview+1": {
    "Request": {
      "Method": "PUT",
      "RequestUri": "https://management.azure.com/subscriptions/6738509d-84ed-4ad6-974a-7dc4e3c34146/resourceGroups/zhongjie-rg-wus/providers/Microsoft.DesktopVirtualization/workspaces/WorkspacePowershell1?api-version=2025-11-01-preview",
      "Content": "{\r\n  \"location\": \"westus2\",\r\n  \"properties\": {\r\n    \"description\": \"des\",\r\n    \"friendlyName\": \"fri\"\r\n  }\r\n}",
      "isContentBase64": false,
      "Headers": {
      },
      "ContentHeaders": {
        "Content-Type": [ "application/json" ],
        "Content-Length": [ "108" ]
      }
    },
    "Response": {
      "StatusCode": 201,
      "Headers": {
        "Cache-Control": [ "no-cache" ],
        "Pragma": [ "no-cache" ],
        "Location": [ "/subscriptions/6738509d-84ed-4ad6-974a-7dc4e3c34146/resourcegroups/zhongjie-rg-wus/providers/Microsoft.DesktopVirtualization/workspaces/WorkspacePowershell1" ],
        "Set-Cookie": [ "ARRAffinity=78cc7ed2e16cd9d0de735360d27b2d80c6dbba9425ecf0dbe0884f7517a0ca11;Path=/;HttpOnly;Secure;Domain=rdarmprovider-g-us-r0.wvd.microsoft.com", "ARRAffinitySameSite=78cc7ed2e16cd9d0de735360d27b2d80c6dbba9425ecf0dbe0884f7517a0ca11;Path=/;HttpOnly;SameSite=None;Secure;Domain=rdarmprovider-g-us-r0.wvd.microsoft.com" ],
        "X-Rate-Limit-Limit": [ "0" ],
        "X-Rate-Limit-Remaining": [ "9223372036854775807" ],
        "X-Rate-Limit-Reset": [ "0" ],
        "x-ms-opsarmpath64": [ "L3N1YnNjcmlwdGlvbnMvNjczODUwOWQtODRlZC00YWQ2LTk3NGEtN2RjNGUzYzM0MTQ2L3Jlc291cmNlR3JvdXBzL3pob25namllLXJnLXd1cy9wcm92aWRlcnMvTWljcm9zb2Z0LkRlc2t0b3BWaXJ0dWFsaXphdGlvbi93b3Jrc3BhY2VzL1dvcmtzcGFjZVBvd2Vyc2hlbGwx" ],
        "x-ms-lamport-ts": [ "10329986716" ],
        "x-ms-correlation-id": [ "5331de51-5b36-44a4-b4d1-efc3f82f8b20" ],
        "x-ms-request-id": [ "1fd39042-0acd-4044-8f08-b8901dc22c78" ],
        "X-Powered-By": [ "ASP.NET" ],
        "X-Content-Type-Options": [ "nosniff" ],
        "x-ms-operation-identifier": [ "tenantId=715492f1-ef6e-4eea-9176-7c81e765c3c8,objectId=20778267-e9a4-46ba-97d7-7b7e5b321864/westus2/fe30873e-f694-48f0-8948-3e37c600efc2" ],
        "x-ms-ratelimit-remaining-subscription-writes": [ "199" ],
        "x-ms-ratelimit-remaining-subscription-global-writes": [ "2999" ],
        "x-ms-correlation-request-id": [ "4a3ac992-f28f-415f-8227-9f6215eb99ea" ],
        "x-ms-routing-request-id": [ "WESTUS2:20251118T081759Z:4a3ac992-f28f-415f-8227-9f6215eb99ea" ],
        "Strict-Transport-Security": [ "max-age=31536000; includeSubDomains" ],
        "X-Cache": [ "CONFIG_NOCACHE" ],
        "X-MSEdge-Ref": [ "Ref A: 0935776BC55D465E9918B7547A586CD8 Ref B: SG2AA1070301042 Ref C: 2025-11-18T08:17:59Z" ],
        "Date": [ "Tue, 18 Nov 2025 08:17:58 GMT" ]
      },
      "ContentHeaders": {
        "Content-Length": [ "707" ],
        "Content-Type": [ "application/json; charset=utf-8" ],
        "Expires": [ "-1" ]
      },
      "Content": "{\"name\":\"WorkspacePowershell1\",\"id\":\"/subscriptions/6738509d-84ed-4ad6-974a-7dc4e3c34146/resourcegroups/zhongjie-rg-wus/providers/Microsoft.DesktopVirtualization/workspaces/WorkspacePowershell1\",\"type\":\"Microsoft.DesktopVirtualization/workspaces\",\"location\":\"westus2\",\"tags\":{},\"kind\":null,\"systemData\":{\"createdBy\":\"guorui@microsoft.com\",\"createdByType\":\"User\",\"createdAt\":\"2025-11-18T08:17:59.25Z\",\"lastModifiedBy\":\"guorui@microsoft.com\",\"lastModifiedByType\":\"User\",\"lastModifiedAt\":\"2025-11-18T08:17:59.25Z\"},\"properties\":{\"deploymentScope\":\"Geographical\",\"description\":\"des\",\"friendlyName\":\"fri\",\"applicationGroupReferences\":[],\"cloudPcResource\":false,\"objectId\":\"bda36bed-c3c1-461a-bc77-1803fa9a5707\"}}",
      "isContentBase64": false
    }
  },
  "Get-AzWvdWorkspace+[NoContext]+List Subscription Level+$PUT+https://management.azure.com/subscriptions/6738509d-84ed-4ad6-974a-7dc4e3c34146/resourceGroups/zhongjie-rg-wus/providers/Microsoft.DesktopVirtualization/workspaces/WorkspacePowershell2?api-version=2025-11-01-preview+2": {
    "Request": {
      "Method": "PUT",
      "RequestUri": "https://management.azure.com/subscriptions/6738509d-84ed-4ad6-974a-7dc4e3c34146/resourceGroups/zhongjie-rg-wus/providers/Microsoft.DesktopVirtualization/workspaces/WorkspacePowershell2?api-version=2025-11-01-preview",
      "Content": "{\r\n  \"location\": \"westus2\",\r\n  \"properties\": {\r\n    \"description\": \"des\",\r\n    \"friendlyName\": \"fri\"\r\n  }\r\n}",
      "isContentBase64": false,
      "Headers": {
      },
      "ContentHeaders": {
        "Content-Type": [ "application/json" ],
        "Content-Length": [ "108" ]
      }
    },
    "Response": {
      "StatusCode": 201,
      "Headers": {
        "Cache-Control": [ "no-cache" ],
        "Pragma": [ "no-cache" ],
        "Location": [ "/subscriptions/6738509d-84ed-4ad6-974a-7dc4e3c34146/resourcegroups/zhongjie-rg-wus/providers/Microsoft.DesktopVirtualization/workspaces/WorkspacePowershell2" ],
        "Set-Cookie": [ "ARRAffinity=002717a29815ff744b05157baa9d789df3b9d7d103205437d23e4b6d5ec59051;Path=/;HttpOnly;Secure;Domain=rdarmprovider-g-us-r0.wvd.microsoft.com", "ARRAffinitySameSite=002717a29815ff744b05157baa9d789df3b9d7d103205437d23e4b6d5ec59051;Path=/;HttpOnly;SameSite=None;Secure;Domain=rdarmprovider-g-us-r0.wvd.microsoft.com" ],
        "X-Rate-Limit-Limit": [ "0" ],
        "X-Rate-Limit-Remaining": [ "9223372036854775807" ],
        "X-Rate-Limit-Reset": [ "0" ],
        "x-ms-opsarmpath64": [ "L3N1YnNjcmlwdGlvbnMvNjczODUwOWQtODRlZC00YWQ2LTk3NGEtN2RjNGUzYzM0MTQ2L3Jlc291cmNlR3JvdXBzL3pob25namllLXJnLXd1cy9wcm92aWRlcnMvTWljcm9zb2Z0LkRlc2t0b3BWaXJ0dWFsaXphdGlvbi93b3Jrc3BhY2VzL1dvcmtzcGFjZVBvd2Vyc2hlbGwy" ],
        "x-ms-lamport-ts": [ "10329987180" ],
        "x-ms-correlation-id": [ "48a78a47-890b-410b-a604-6935e27ef4da" ],
        "x-ms-request-id": [ "5beb6606-bdcc-4fc0-9026-200992aa063a" ],
        "X-Powered-By": [ "ASP.NET" ],
        "X-Content-Type-Options": [ "nosniff" ],
        "x-ms-operation-identifier": [ "tenantId=715492f1-ef6e-4eea-9176-7c81e765c3c8,objectId=20778267-e9a4-46ba-97d7-7b7e5b321864/westus2/518a4195-eba3-4f8f-8fd2-1c0a9c1fc147" ],
        "x-ms-ratelimit-remaining-subscription-writes": [ "199" ],
        "x-ms-ratelimit-remaining-subscription-global-writes": [ "2999" ],
        "x-ms-correlation-request-id": [ "7b3b4223-a803-4d6d-b4e5-3e9aff4e3b18" ],
        "x-ms-routing-request-id": [ "WESTUS2:20251118T081800Z:7b3b4223-a803-4d6d-b4e5-3e9aff4e3b18" ],
        "Strict-Transport-Security": [ "max-age=31536000; includeSubDomains" ],
        "X-Cache": [ "CONFIG_NOCACHE" ],
        "X-MSEdge-Ref": [ "Ref A: D30129D5A4424476ADB51D81322233C0 Ref B: SG2AA1070301042 Ref C: 2025-11-18T08:17:59Z" ],
        "Date": [ "Tue, 18 Nov 2025 08:17:59 GMT" ]
      },
      "ContentHeaders": {
        "Content-Length": [ "707" ],
        "Content-Type": [ "application/json; charset=utf-8" ],
        "Expires": [ "-1" ]
      },
      "Content": "{\"name\":\"WorkspacePowershell2\",\"id\":\"/subscriptions/6738509d-84ed-4ad6-974a-7dc4e3c34146/resourcegroups/zhongjie-rg-wus/providers/Microsoft.DesktopVirtualization/workspaces/WorkspacePowershell2\",\"type\":\"Microsoft.DesktopVirtualization/workspaces\",\"location\":\"westus2\",\"tags\":{},\"kind\":null,\"systemData\":{\"createdBy\":\"guorui@microsoft.com\",\"createdByType\":\"User\",\"createdAt\":\"2025-11-18T08:18:00.19Z\",\"lastModifiedBy\":\"guorui@microsoft.com\",\"lastModifiedByType\":\"User\",\"lastModifiedAt\":\"2025-11-18T08:18:00.19Z\"},\"properties\":{\"deploymentScope\":\"Geographical\",\"description\":\"des\",\"friendlyName\":\"fri\",\"applicationGroupReferences\":[],\"cloudPcResource\":false,\"objectId\":\"e2573ddc-ac62-4d0c-b97d-dcc27c169175\"}}",
      "isContentBase64": false
    }
  },
  "Get-AzWvdWorkspace+[NoContext]+List Subscription Level+$GET+https://management.azure.com/subscriptions/6738509d-84ed-4ad6-974a-7dc4e3c34146/providers/Microsoft.DesktopVirtualization/workspaces?api-version=2025-11-01-preview+3": {
    "Request": {
      "Method": "GET",
      "RequestUri": "https://management.azure.com/subscriptions/6738509d-84ed-4ad6-974a-7dc4e3c34146/providers/Microsoft.DesktopVirtualization/workspaces?api-version=2025-11-01-preview",
      "Content": null,
      "isContentBase64": false,
      "Headers": {
        "x-ms-unique-id": [ "13" ],
        "x-ms-client-request-id": [ "725cd288-282b-4182-b770-559d7caac417" ],
        "CommandName": [ "Get-AzWvdWorkspace" ],
        "FullCommandName": [ "Get-AzWvdWorkspace_List" ],
        "ParameterSetName": [ "__AllParameterSets" ],
        "User-Agent": [ "AzurePowershell/v14.2.0", "PSVersion/v7.5.4", "Az.DesktopVirtualization/0.1.0" ],
        "Authorization": [ "[Filtered]" ]
      },
      "ContentHeaders": {
      }
    },
    "Response": {
      "StatusCode": 200,
      "Headers": {
        "Cache-Control": [ "no-cache" ],
        "Pragma": [ "no-cache" ],
        "x-ms-original-request-ids": [ "725cd288-282b-4182-b770-559d7caac417", "725cd288-282b-4182-b770-559d7caac417", "725cd288-282b-4182-b770-559d7caac417", "725cd288-282b-4182-b770-559d7caac417", "725cd288-282b-4182-b770-559d7caac417", "725cd288-282b-4182-b770-559d7caac417", "725cd288-282b-4182-b770-559d7caac417" ],
        "x-ms-ratelimit-remaining-subscription-reads": [ "249" ],
        "x-ms-ratelimit-remaining-subscription-global-reads": [ "3749" ],
        "x-ms-request-id": [ "f86d062f-a57c-4904-89d9-cd6638afb47a" ],
        "x-ms-correlation-request-id": [ "f86d062f-a57c-4904-89d9-cd6638afb47a" ],
        "x-ms-routing-request-id": [ "WESTUS2:20251118T081803Z:f86d062f-a57c-4904-89d9-cd6638afb47a" ],
        "Strict-Transport-Security": [ "max-age=31536000; includeSubDomains" ],
        "X-Content-Type-Options": [ "nosniff" ],
        "X-Cache": [ "CONFIG_NOCACHE" ],
        "X-MSEdge-Ref": [ "Ref A: 2643572BF73B43FDBD4710F3F672F416 Ref B: SG2AA1070301042 Ref C: 2025-11-18T08:18:00Z" ],
        "Date": [ "Tue, 18 Nov 2025 08:18:02 GMT" ]
      },
      "ContentHeaders": {
        "Content-Length": [ "39542" ],
        "Content-Type": [ "application/json; charset=utf-8" ],
        "Expires": [ "-1" ]
      },
      "Content": "{\"value\":[{\"name\":\"binru-workspace\",\"id\":\"/subscriptions/6738509d-84ed-4ad6-974a-7dc4e3c34146/resourcegroups/binru-resource-group/providers/Microsoft.DesktopVirtualization/workspaces/binru-workspace\",\"type\":\"Microsoft.DesktopVirtualization/workspaces\",\"location\":\"eastasia\",\"tags\":{},\"kind\":null,\"systemData\":{\"createdBy\":\"TestWin365@w365runner250520sh01.onmicrosoft.com\",\"createdByType\":\"User\",\"createdAt\":\"2025-06-10T08:20:41.94Z\",\"lastModifiedBy\":\"TestWin365@w365runner250520sh01.onmicrosoft.com\",\"lastModifiedByType\":\"User\",\"lastModifiedAt\":\"2025-06-10T08:20:41.94Z\"},\"properties\":{\"deploymentScope\":\"Geographical\",\"description\":null,\"friendlyName\":null,\"applicationGroupReferences\":[\"/subscriptions/6738509d-84ed-4ad6-974a-7dc4e3c34146/resourcegroups/binru-resource-group/providers/Microsoft.DesktopVirtualization/applicationgroups/binru-host-pool-DAG\"],\"cloudPcResource\":false,\"objectId\":\"5be5616c-fb50-4722-bde8-f829407715c9\"}},{\"name\":\"qiahaWP\",\"id\":\"/subscriptions/6738509d-84ed-4ad6-974a-7dc4e3c34146/resourcegroups/qiahaRG/providers/Microsoft.DesktopVirtualization/workspaces/qiahaWP\",\"type\":\"Microsoft.DesktopVirtualization/workspaces\",\"location\":\"eastasia\",\"tags\":{},\"kind\":null,\"systemData\":{\"createdBy\":\"TestWin365@w365runner250520sh01.onmicrosoft.com\",\"createdByType\":\"User\",\"createdAt\":\"2025-06-11T07:10:55.68Z\",\"lastModifiedBy\":\"TestWin365@w365runner250520sh01.onmicrosoft.com\",\"lastModifiedByType\":\"User\",\"lastModifiedAt\":\"2025-06-11T07:10:55.68Z\"},\"properties\":{\"deploymentScope\":\"Geographical\",\"description\":null,\"friendlyName\":null,\"applicationGroupReferences\":[\"/subscriptions/6738509d-84ed-4ad6-974a-7dc4e3c34146/resourcegroups/qiahaRG/providers/Microsoft.DesktopVirtualization/applicationgroups/qiahaHP-DAG\"],\"cloudPcResource\":false,\"objectId\":\"a9f6a8e9-bbc1-42c8-9ed5-8d5d930bcc85\"}},{\"name\":\"yunyewu_workspace\",\"id\":\"/subscriptions/6738509d-84ed-4ad6-974a-7dc4e3c34146/resourcegroups/yunye_ResourceGroup-japanwest/providers/Microsoft.DesktopVirtualization/workspaces/yunyewu_workspace\",\"type\":\"Microsoft.DesktopVirtualization/workspaces\",\"location\":\"japanwest\",\"tags\":{},\"kind\":null,\"systemData\":{\"createdBy\":\"TestWin365@w365runner250520sh01.onmicrosoft.com\",\"createdByType\":\"User\",\"createdAt\":\"2025-06-25T08:51:48.99Z\",\"lastModifiedBy\":\"TestWin365@w365runner250520sh01.onmicrosoft.com\",\"lastModifiedByType\":\"User\",\"lastModifiedAt\":\"2025-06-25T08:51:48.99Z\"},\"properties\":{\"deploymentScope\":\"Geographical\",\"description\":null,\"friendlyName\":null,\"applicationGroupReferences\":[\"/subscriptions/6738509d-84ed-4ad6-974a-7dc4e3c34146/resourcegroups/yunye_ResourceGroup-japanwest/providers/Microsoft.DesktopVirtualization/applicationgroups/yunye_hostpool_personal-DAG\"],\"cloudPcResource\":false,\"objectId\":\"fe773593-68ef-4e86-a226-71fd2b977e86\"}},{\"name\":\"McTestWorkspace1\",\"id\":\"/subscriptions/6738509d-84ed-4ad6-974a-7dc4e3c34146/resourcegroups/muchen-test/providers/Microsoft.DesktopVirtualization/workspaces/McTestWorkspace1\",\"type\":\"Microsoft.DesktopVirtualization/workspaces\",\"location\":\"canadacentral\",\"tags\":{},\"kind\":null,\"systemData\":{\"createdBy\":\"TestWin365@w365runner250520sh01.onmicrosoft.com\",\"createdByType\":\"User\",\"createdAt\":\"2025-06-27T09:08:21.29Z\",\"lastModifiedBy\":\"TestWin365@w365runner250520sh01.onmicrosoft.com\",\"lastModifiedByType\":\"User\",\"lastModifiedAt\":\"2025-06-27T09:08:21.29Z\"},\"properties\":{\"deploymentScope\":\"Geographical\",\"description\":null,\"friendlyName\":null,\"applicationGroupReferences\":[],\"cloudPcResource\":false,\"objectId\":\"2fd24164-f919-47ce-8267-7ed0664c629c\"}},{\"name\":\"fanliuWSNE\",\"id\":\"/subscriptions/6738509d-84ed-4ad6-974a-7dc4e3c34146/resourcegroups/fanliu-test/providers/Microsoft.DesktopVirtualization/workspaces/fanliuWSNE\",\"type\":\"Microsoft.DesktopVirtualization/workspaces\",\"location\":\"northeurope\",\"tags\":{},\"kind\":null,\"systemData\":{\"createdBy\":\"TestWin365@w365runner250520sh01.onmicrosoft.com\",\"createdByType\":\"User\",\"createdAt\":\"2025-06-26T10:49:10.08Z\",\"lastModifiedBy\":\"TestWin365@w365runner250520sh01.onmicrosoft.com\",\"lastModifiedByType\":\"User\",\"lastModifiedAt\":\"2025-08-13T09:27:30.88Z\"},\"properties\":{\"deploymentScope\":\"Geographical\",\"description\":\"\",\"friendlyName\":\"\",\"applicationGroupReferences\":[\"/subscriptions/6738509d-84ed-4ad6-974a-7dc4e3c34146/resourcegroups/fanliu-test/providers/Microsoft.DesktopVirtualization/applicationgroups/fanliu813-DAG\"],\"cloudPcResource\":false,\"objectId\":\"91b22049-33f1-41a9-b5db-b709a7aa75ab\"}},{\"name\":\"liu-test2\",\"id\":\"/subscriptions/6738509d-84ed-4ad6-974a-7dc4e3c34146/resourcegroups/liu-test/providers/Microsoft.DesktopVirtualization/workspaces/liu-test2\",\"type\":\"Microsoft.DesktopVirtualization/workspaces\",\"location\":\"northeurope\",\"tags\":{},\"kind\":null,\"systemData\":{\"createdBy\":\"TestWin365@w365runner250520sh01.onmicrosoft.com\",\"createdByType\":\"User\",\"createdAt\":\"2025-06-26T07:37:03.13Z\",\"lastModifiedBy\":\"liwei@w365runner250520sh01.onmicrosoft.com\",\"lastModifiedByType\":\"User\",\"lastModifiedAt\":\"2025-10-28T08:55:44.10Z\"},\"properties\":{\"deploymentScope\":\"Geographical\",\"description\":null,\"friendlyName\":null,\"applicationGroupReferences\":[],\"cloudPcResource\":false,\"objectId\":\"c3951fb1-25b8-49d1-a241-1922f91f696b\"}},{\"name\":\"lucy-workspace\",\"id\":\"/subscriptions/6738509d-84ed-4ad6-974a-7dc4e3c34146/resourcegroups/lucy-resource-group/providers/Microsoft.DesktopVirtualization/workspaces/lucy-workspace\",\"type\":\"Microsoft.DesktopVirtualization/workspaces\",\"location\":\"westeurope\",\"tags\":{},\"kind\":null,\"systemData\":{\"createdBy\":\"TestWin365@w365runner250520sh01.onmicrosoft.com\",\"createdByType\":\"User\",\"createdAt\":\"2025-06-26T02:59:02.99Z\",\"lastModifiedBy\":\"TestWin365@w365runner250520sh01.onmicrosoft.com\",\"lastModifiedByType\":\"User\",\"lastModifiedAt\":\"2025-06-26T04:06:30.84Z\"},\"properties\":{\"deploymentScope\":\"Geographical\",\"description\":null,\"friendlyName\":null,\"applicationGroupReferences\":[\"/subscriptions/6738509d-84ed-4ad6-974a-7dc4e3c34146/resourcegroups/lucy-resource-group/providers/Microsoft.DesktopVirtualization/applicationgroups/lucy-hostpool-DAG\"],\"cloudPcResource\":false,\"objectId\":\"72034e29-e11f-4d12-b9b7-7b4a2635cb2a\"}},{\"name\":\"rui-neu-workspace\",\"id\":\"/subscriptions/6738509d-84ed-4ad6-974a-7dc4e3c34146/resourcegroups/rui-neu-rg/providers/Microsoft.DesktopVirtualization/workspaces/rui-neu-workspace\",\"type\":\"Microsoft.DesktopVirtualization/workspaces\",\"location\":\"northeurope\",\"tags\":{},\"kind\":null,\"systemData\":{\"createdBy\":\"TestWin365@w365runner250520sh01.onmicrosoft.com\",\"createdByType\":\"User\",\"createdAt\":\"2025-10-31T07:47:12.43Z\",\"lastModifiedBy\":\"TestWin365@w365runner250520sh01.onmicrosoft.com\",\"lastModifiedByType\":\"User\",\"lastModifiedAt\":\"2025-10-31T07:47:12.43Z\"},\"properties\":{\"deploymentScope\":\"Geographical\",\"description\":null,\"friendlyName\":null,\"applicationGroupReferences\":[\"/subscriptions/6738509d-84ed-4ad6-974a-7dc4e3c34146/resourcegroups/rui-neu-rg/providers/Microsoft.DesktopVirtualization/applicationgroups/rui-neu-app-hp-DAG\"],\"cloudPcResource\":false,\"objectId\":\"13930ed7-5bea-43b2-8c6f-08434d0f1abb\"}},{\"name\":\"123123\",\"id\":\"/subscriptions/6738509d-84ed-4ad6-974a-7dc4e3c34146/resourcegroups/liwei-rg/providers/Microsoft.DesktopVirtualization/workspaces/123123\",\"type\":\"Microsoft.DesktopVirtualization/workspaces\",\"location\":\"eastus\",\"tags\":{},\"kind\":null,\"systemData\":{\"createdBy\":\"liwei@w365runner250520sh01.onmicrosoft.com\",\"createdByType\":\"User\",\"createdAt\":\"2025-09-18T08:51:44.97Z\",\"lastModifiedBy\":\"liwei@w365runner250520sh01.onmicrosoft.com\",\"lastModifiedByType\":\"User\",\"lastModifiedAt\":\"2025-09-19T00:58:32.19Z\"},\"properties\":{\"deploymentScope\":\"Geographical\",\"description\":\"\",\"friendlyName\":\"\",\"applicationGroupReferences\":[],\"cloudPcResource\":false,\"objectId\":\"2ffc6c14-ff3e-4e19-afcd-aeeb5c38a77d\"}},{\"name\":\"33333\",\"id\":\"/subscriptions/6738509d-84ed-4ad6-974a-7dc4e3c34146/resourcegroups/liwei-rg/providers/Microsoft.DesktopVirtualization/workspaces/33333\",\"type\":\"Microsoft.DesktopVirtualization/workspaces\",\"location\":\"eastus\",\"tags\":{},\"kind\":null,\"systemData\":{\"createdBy\":\"liwei@w365runner250520sh01.onmicrosoft.com\",\"createdByType\":\"User\",\"createdAt\":\"2025-09-19T00:53:21.85Z\",\"lastModifiedBy\":\"liwei@w365runner250520sh01.onmicrosoft.com\",\"lastModifiedByType\":\"User\",\"lastModifiedAt\":\"2025-09-19T00:57:40.14Z\"},\"properties\":{\"deploymentScope\":\"Geographical\",\"description\":\"\",\"friendlyName\":\"\",\"applicationGroupReferences\":[],\"cloudPcResource\":false,\"objectId\":\"e9b0b106-249e-47f7-a789-85fda882d961\"}},{\"name\":\"andyCentralUSSpace\",\"id\":\"/subscriptions/6738509d-84ed-4ad6-974a-7dc4e3c34146/resourcegroups/andyResourceGroup/providers/Microsoft.DesktopVirtualization/workspaces/andyCentralUSSpace\",\"type\":\"Microsoft.DesktopVirtualization/workspaces\",\"location\":\"centralus\",\"tags\":{},\"kind\":null,\"systemData\":{\"createdBy\":\"v-andywang@microsoft.com\",\"createdByType\":\"User\",\"createdAt\":\"2025-11-12T07:20:20.78Z\",\"lastModifiedBy\":\"hh@w365runner250520sh01.onmicrosoft.com\",\"lastModifiedByType\":\"User\",\"lastModifiedAt\":\"2025-11-13T22:34:15.78Z\"},\"properties\":{\"deploymentScope\":\"Geographical\",\"description\":\"\",\"friendlyName\":\"\",\"applicationGroupReferences\":[\"/subscriptions/6738509d-84ed-4ad6-974a-7dc4e3c34146/resourcegroups/andyResourceGroup/providers/Microsoft.DesktopVirtualization/applicationgroups/EOSD_Public_Preview_02-DAG\",\"/subscriptions/6738509d-84ed-4ad6-974a-7dc4e3c34146/resourcegroups/andyResourceGroup/providers/Microsoft.DesktopVirtualization/applicationgroups/EOSD_Public_Preview_01-DAG\",\"/subscriptions/6738509d-84ed-4ad6-974a-7dc4e3c34146/resourcegroups/andyResourceGroup/providers/Microsoft.DesktopVirtualization/applicationgroups/andy22PooledAutoHp-DAG\"],\"cloudPcResource\":false,\"objectId\":\"32bedc55-cf0e-46ea-bf86-22ce6b0fc800\"}},{\"name\":\"ddddd1\",\"id\":\"/subscriptions/6738509d-84ed-4ad6-974a-7dc4e3c34146/resourcegroups/liwei-rg/providers/Microsoft.DesktopVirtualization/workspaces/ddddd1\",\"type\":\"Microsoft.DesktopVirtualization/workspaces\",\"location\":\"eastus\",\"tags\":{},\"kind\":null,\"systemData\":{\"createdBy\":\"liwei@w365runner250520sh01.onmicrosoft.com\",\"createdByType\":\"User\",\"createdAt\":\"2025-09-19T01:16:58.80Z\",\"lastModifiedBy\":\"liwei@w365runner250520sh01.onmicrosoft.com\",\"lastModifiedByType\":\"User\",\"lastModifiedAt\":\"2025-09-19T01:16:58.80Z\"},\"properties\":{\"deploymentScope\":\"Geographical\",\"description\":null,\"friendlyName\":null,\"applicationGroupReferences\":[\"/subscriptions/6738509d-84ed-4ad6-974a-7dc4e3c34146/resourcegroups/liwei-rg/providers/Microsoft.DesktopVirtualization/applicationgroups/dgwstest11-DAG\"],\"cloudPcResource\":false,\"objectId\":\"713a6f2a-1ac4-4062-875e-54fc4503caf0\"}},{\"name\":\"fanliuWS\",\"id\":\"/subscriptions/6738509d-84ed-4ad6-974a-7dc4e3c34146/resourcegroups/fanliu-test/providers/Microsoft.DesktopVirtualization/workspaces/fanliuWS\",\"type\":\"Microsoft.DesktopVirtualization/workspaces\",\"location\":\"westus3\",\"tags\":{},\"kind\":null,\"systemData\":{\"createdBy\":\"TestWin365@w365runner250520sh01.onmicrosoft.com\",\"createdByType\":\"User\",\"createdAt\":\"2025-06-26T10:32:14.26Z\",\"lastModifiedBy\":\"TestWin365@w365runner250520sh01.onmicrosoft.com\",\"lastModifiedByType\":\"User\",\"lastModifiedAt\":\"2025-06-26T10:32:14.26Z\"},\"properties\":{\"deploymentScope\":\"Geographical\",\"description\":null,\"friendlyName\":null,\"applicationGroupReferences\":[],\"cloudPcResource\":false,\"objectId\":\"d3e33e7e-6a95-4209-9aaa-3c3c0c25d3a6\"}},{\"name\":\"hjz-workspace\",\"id\":\"/subscriptions/6738509d-84ed-4ad6-974a-7dc4e3c34146/resourcegroups/huajieTest/providers/Microsoft.DesktopVirtualization/workspaces/hjz-workspace\",\"type\":\"Microsoft.DesktopVirtualization/workspaces\",\"location\":\"eastus\",\"tags\":{},\"kind\":null,\"systemData\":{\"createdBy\":\"TestWin365@w365runner250520sh01.onmicrosoft.com\",\"createdByType\":\"User\",\"createdAt\":\"2025-06-24T07:05:25.00Z\",\"lastModifiedBy\":\"TestWin365@w365runner250520sh01.onmicrosoft.com\",\"lastModifiedByType\":\"User\",\"lastModifiedAt\":\"2025-06-27T05:51:58.91Z\"},\"properties\":{\"deploymentScope\":\"Geographical\",\"description\":\"\",\"friendlyName\":\"\",\"applicationGroupReferences\":[],\"cloudPcResource\":false,\"objectId\":\"08967be0-2d86-45a1-98e6-e96573a4200c\"}},{\"name\":\"hongsi-workspace1\",\"id\":\"/subscriptions/6738509d-84ed-4ad6-974a-7dc4e3c34146/resourcegroups/hongsi-avgtest-rg/providers/Microsoft.DesktopVirtualization/workspaces/hongsi-workspace1\",\"type\":\"Microsoft.DesktopVirtualization/workspaces\",\"location\":\"eastus\",\"tags\":{},\"kind\":null,\"systemData\":{\"createdBy\":\"TestWin365@w365runner250520sh01.onmicrosoft.com\",\"createdByType\":\"User\",\"createdAt\":\"2025-05-30T09:19:52.19Z\",\"lastModifiedBy\":\"TestWin365@w365runner250520sh01.onmicrosoft.com\",\"lastModifiedByType\":\"User\",\"lastModifiedAt\":\"2025-05-30T09:19:52.19Z\"},\"properties\":{\"deploymentScope\":\"Geographical\",\"description\":\"\",\"friendlyName\":\"\",\"applicationGroupReferences\":[],\"cloudPcResource\":false,\"objectId\":\"2444802e-1ebc-4d7a-828b-97f6b73b4f1f\"}},{\"name\":\"hunworkspace\",\"id\":\"/subscriptions/6738509d-84ed-4ad6-974a-7dc4e3c34146/resourcegroups/hun-ag/providers/Microsoft.DesktopVirtualization/workspaces/hunworkspace\",\"type\":\"Microsoft.DesktopVirtualization/workspaces\",\"location\":\"eastus\",\"tags\":{},\"kind\":null,\"systemData\":{\"createdBy\":\"TestWin365@w365runner250520sh01.onmicrosoft.com\",\"createdByType\":\"User\",\"createdAt\":\"2025-06-04T06:32:12.89Z\",\"lastModifiedBy\":\"TestWin365@w365runner250520sh01.onmicrosoft.com\",\"lastModifiedByType\":\"User\",\"lastModifiedAt\":\"2025-06-04T06:32:12.89Z\"},\"properties\":{\"deploymentScope\":\"Geographical\",\"description\":null,\"friendlyName\":null,\"applicationGroupReferences\":[\"/subscriptions/6738509d-84ed-4ad6-974a-7dc4e3c34146/resourcegroups/hun-ag/providers/Microsoft.DesktopVirtualization/applicationgroups/hunpool-DAG\"],\"cloudPcResource\":false,\"objectId\":\"90718a52-5de6-4e85-9250-160c78ed4de5\"}},{\"name\":\"liu-test\",\"id\":\"/subscriptions/6738509d-84ed-4ad6-974a-7dc4e3c34146/resourcegroups/liu-test/providers/Microsoft.DesktopVirtualization/workspaces/liu-test\",\"type\":\"Microsoft.DesktopVirtualization/workspaces\",\"location\":\"eastus\",\"tags\":{},\"kind\":null,\"systemData\":{\"createdBy\":\"TestWin365@w365runner250520sh01.onmicrosoft.com\",\"createdByType\":\"User\",\"createdAt\":\"2025-06-24T04:29:13.85Z\",\"lastModifiedBy\":\"TestWin365@w365runner250520sh01.onmicrosoft.com\",\"lastModifiedByType\":\"User\",\"lastModifiedAt\":\"2025-06-24T05:00:56.58Z\"},\"properties\":{\"deploymentScope\":\"Geographical\",\"description\":\"\",\"friendlyName\":\"\",\"applicationGroupReferences\":[],\"cloudPcResource\":false,\"objectId\":\"bc1a10d2-4fd3-4d39-beb6-ffaae0da7e43\"}},{\"name\":\"liwei-desktop-workspace\",\"id\":\"/subscriptions/6738509d-84ed-4ad6-974a-7dc4e3c34146/resourcegroups/liwei-rg/providers/Microsoft.DesktopVirtualization/workspaces/liwei-desktop-workspace\",\"type\":\"Microsoft.DesktopVirtualization/workspaces\",\"location\":\"eastus\",\"tags\":{},\"kind\":null,\"systemData\":{\"createdBy\":\"liwei@w365runner250520sh01.onmicrosoft.com\",\"createdByType\":\"User\",\"createdAt\":\"2025-06-19T02:06:44.26Z\",\"lastModifiedBy\":\"liwei@w365runner250520sh01.onmicrosoft.com\",\"lastModifiedByType\":\"User\",\"lastModifiedAt\":\"2025-06-19T02:06:44.26Z\"},\"properties\":{\"deploymentScope\":\"Geographical\",\"description\":\"\",\"friendlyName\":\"\",\"applicationGroupReferences\":[\"/subscriptions/6738509d-84ed-4ad6-974a-7dc4e3c34146/resourcegroups/liwei-rg/providers/Microsoft.DesktopVirtualization/applicationgroups/liwei-avd-pool-DAG\"],\"cloudPcResource\":false,\"objectId\":\"92887a15-13a1-4a96-9ff6-f949e70a0c4a\"}},{\"name\":\"liweiws\",\"id\":\"/subscriptions/6738509d-84ed-4ad6-974a-7dc4e3c34146/resourcegroups/liwei-rg/providers/Microsoft.DesktopVirtualization/workspaces/liweiws\",\"type\":\"Microsoft.DesktopVirtualization/workspaces\",\"location\":\"eastus\",\"tags\":{},\"kind\":null,\"systemData\":{\"createdBy\":\"liwei@w365runner250520sh01.onmicrosoft.com\",\"createdByType\":\"User\",\"createdAt\":\"2025-07-04T05:36:40.61Z\",\"lastModifiedBy\":\"liwei@w365runner250520sh01.onmicrosoft.com\",\"lastModifiedByType\":\"User\",\"lastModifiedAt\":\"2025-07-04T05:36:40.61Z\"},\"properties\":{\"deploymentScope\":\"Geographical\",\"description\":null,\"friendlyName\":null,\"applicationGroupReferences\":[\"/subscriptions/6738509d-84ed-4ad6-974a-7dc4e3c34146/resourcegroups/liwei-rg/providers/Microsoft.DesktopVirtualization/applicationgroups/liweidiagtest-DAG\"],\"cloudPcResource\":false,\"objectId\":\"fd80f75c-e4e1-4187-a70f-66156bf058de\"}},{\"name\":\"liweiws1\",\"id\":\"/subscriptions/6738509d-84ed-4ad6-974a-7dc4e3c34146/resourcegroups/liwei-rg/providers/Microsoft.DesktopVirtualization/workspaces/liweiws1\",\"type\":\"Microsoft.DesktopVirtualization/workspaces\",\"location\":\"eastus\",\"tags\":{},\"kind\":null,\"systemData\":{\"createdBy\":\"liwei@w365runner250520sh01.onmicrosoft.com\",\"createdByType\":\"User\",\"createdAt\":\"2025-07-04T05:50:16.71Z\",\"lastModifiedBy\":\"liwei@w365runner250520sh01.onmicrosoft.com\",\"lastModifiedByType\":\"User\",\"lastModifiedAt\":\"2025-10-28T08:48:51.71Z\"},\"properties\":{\"deploymentScope\":\"Geographical\",\"description\":null,\"friendlyName\":null,\"applicationGroupReferences\":[\"/subscriptions/6738509d-84ed-4ad6-974a-7dc4e3c34146/resourcegroups/liwei-rg/providers/Microsoft.DesktopVirtualization/applicationgroups/liweidiagtest4-DAG\",\"/subscriptions/6738509d-84ed-4ad6-974a-7dc4e3c34146/resourcegroups/liwei-rg/providers/Microsoft.DesktopVirtualization/applicationgroups/liweidiagtest8-DAG\",\"/subscriptions/6738509d-84ed-4ad6-974a-7dc4e3c34146/resourcegroups/liwei-rg/providers/Microsoft.DesktopVirtualization/applicationgroups/liweidiagtest3-DAG\",\"/subscriptions/6738509d-84ed-4ad6-974a-7dc4e3c34146/resourcegroups/liwei-rg/providers/Microsoft.DesktopVirtualization/applicationgroups/liweidiagtest6-DAG\",\"/subscriptions/6738509d-84ed-4ad6-974a-7dc4e3c34146/resourcegroups/liwei-rg/providers/Microsoft.DesktopVirtualization/applicationgroups/liweidiagtest7-DAG\"],\"cloudPcResource\":false,\"objectId\":\"f9f7a6e7-0f70-444c-84fe-447baa203833\"}},{\"name\":\"liweiws4\",\"id\":\"/subscriptions/6738509d-84ed-4ad6-974a-7dc4e3c34146/resourcegroups/liwei-rg/providers/Microsoft.DesktopVirtualization/workspaces/liweiws4\",\"type\":\"Microsoft.DesktopVirtualization/workspaces\",\"location\":\"eastus\",\"tags\":{},\"kind\":null,\"systemData\":{\"createdBy\":\"liwei@w365runner250520sh01.onmicrosoft.com\",\"createdByType\":\"User\",\"createdAt\":\"2025-07-04T06:12:26.16Z\",\"lastModifiedBy\":\"liwei@w365runner250520sh01.onmicrosoft.com\",\"lastModifiedByType\":\"User\",\"lastModifiedAt\":\"2025-07-04T06:16:32.53Z\"},\"properties\":{\"deploymentScope\":\"Geographical\",\"description\":null,\"friendlyName\":null,\"applicationGroupReferences\":[\"/subscriptions/6738509d-84ed-4ad6-974a-7dc4e3c34146/resourcegroups/liwei-rg/providers/Microsoft.DesktopVirtualization/applicationgroups/liweiapg1\",\"/subscriptions/6738509d-84ed-4ad6-974a-7dc4e3c34146/resourcegroups/liwei-rg/providers/Microsoft.DesktopVirtualization/applicationgroups/liweidiagtest5-DAG\"],\"cloudPcResource\":false,\"objectId\":\"7e1daba0-ba29-4d15-b11e-dec652371a4b\"}},{\"name\":\"liwei-ws-test123\",\"id\":\"/subscriptions/6738509d-84ed-4ad6-974a-7dc4e3c34146/resourcegroups/liwei-rg/providers/Microsoft.DesktopVirtualization/workspaces/liwei-ws-test123\",\"type\":\"Microsoft.DesktopVirtualization/workspaces\",\"location\":\"eastus\",\"tags\":{},\"kind\":null,\"systemData\":{\"createdBy\":\"liwei@w365runner250520sh01.onmicrosoft.com\",\"createdByType\":\"User\",\"createdAt\":\"2025-09-16T05:10:27.42Z\",\"lastModifiedBy\":\"liwei@w365runner250520sh01.onmicrosoft.com\",\"lastModifiedByType\":\"User\",\"lastModifiedAt\":\"2025-10-10T07:45:57.71Z\"},\"properties\":{\"deploymentScope\":\"Geographical\",\"description\":\"\",\"friendlyName\":\"\",\"applicationGroupReferences\":[\"/subscriptions/6738509d-84ed-4ad6-974a-7dc4e3c34146/resourcegroups/liwei-rg/providers/Microsoft.DesktopVirtualization/applicationgroups/liweitesthp111-DAG\"],\"cloudPcResource\":false,\"objectId\":\"3a5d81e7-64c2-4b42-9559-8fa912888c38\"}},{\"name\":\"liwe-remote-app-ws\",\"id\":\"/subscriptions/6738509d-84ed-4ad6-974a-7dc4e3c34146/resourcegroups/liwei-rg/providers/Microsoft.DesktopVirtualization/workspaces/liwe-remote-app-ws\",\"type\":\"Microsoft.DesktopVirtualization/workspaces\",\"location\":\"eastus2\",\"tags\":{},\"kind\":null,\"systemData\":{\"createdBy\":\"liwei@w365runner250520sh01.onmicrosoft.com\",\"createdByType\":\"User\",\"createdAt\":\"2025-06-23T03:03:13.01Z\",\"lastModifiedBy\":\"ximeng@w365runner250520sh01.onmicrosoft.com\",\"lastModifiedByType\":\"User\",\"lastModifiedAt\":\"2025-10-28T06:38:17.40Z\"},\"properties\":{\"deploymentScope\":\"Geographical\",\"description\":\"\",\"friendlyName\":\"\",\"applicationGroupReferences\":[\"/subscriptions/6738509d-84ed-4ad6-974a-7dc4e3c34146/resourcegroups/andyResourceGroup/providers/Microsoft.DesktopVirtualization/applicationgroups/deploymentscope_flight_off-DAG\",\"/subscriptions/6738509d-84ed-4ad6-974a-7dc4e3c34146/resourcegroups/liwei-rg/providers/Microsoft.DesktopVirtualization/applicationgroups/liwei-remote-app-group\"],\"cloudPcResource\":false,\"objectId\":\"e6ad26cb-1f5c-47c2-8453-04fe147d43bf\"}},{\"name\":\"PrivateLinkWorkspace\",\"id\":\"/subscriptions/6738509d-84ed-4ad6-974a-7dc4e3c34146/resourcegroups/zhongjie-rg-wus/providers/Microsoft.DesktopVirtualization/workspaces/PrivateLinkWorkspace\",\"type\":\"Microsoft.DesktopVirtualization/workspaces\",\"location\":\"westus2\",\"tags\":{},\"kind\":null,\"systemData\":{\"createdBy\":\"guorui@microsoft.com\",\"createdByType\":\"User\",\"createdAt\":\"2025-11-18T08:14:29.14Z\",\"lastModifiedBy\":\"guorui@microsoft.com\",\"lastModifiedByType\":\"User\",\"lastModifiedAt\":\"2025-11-18T08:14:29.14Z\"},\"properties\":{\"deploymentScope\":\"Geographical\",\"description\":\"des\",\"friendlyName\":\"fri\",\"applicationGroupReferences\":[],\"cloudPcResource\":false,\"objectId\":\"04215b69-7e39-454e-b884-ac4630bc122b\"}},{\"name\":\"rui-eus-workspace\",\"id\":\"/subscriptions/6738509d-84ed-4ad6-974a-7dc4e3c34146/resourcegroups/rui-eus-rg/providers/Microsoft.DesktopVirtualization/workspaces/rui-eus-workspace\",\"type\":\"Microsoft.DesktopVirtualization/workspaces\",\"location\":\"eastus\",\"tags\":{},\"kind\":null,\"systemData\":{\"createdBy\":\"guorui@microsoft.com\",\"createdByType\":\"User\",\"createdAt\":\"2025-11-05T10:09:39.06Z\",\"lastModifiedBy\":\"guorui@microsoft.com\",\"lastModifiedByType\":\"User\",\"lastModifiedAt\":\"2025-11-05T10:09:39.06Z\"},\"properties\":{\"deploymentScope\":\"Geographical\",\"description\":null,\"friendlyName\":null,\"applicationGroupReferences\":[],\"cloudPcResource\":false,\"objectId\":\"25c60076-561d-40c4-9376-27e4a7a76e5c\"}},{\"name\":\"shanglinli_test_workspace\",\"id\":\"/subscriptions/6738509d-84ed-4ad6-974a-7dc4e3c34146/resourcegroups/shanglinli_test_rg/providers/Microsoft.DesktopVirtualization/workspaces/shanglinli_test_workspace\",\"type\":\"Microsoft.DesktopVirtualization/workspaces\",\"location\":\"eastus\",\"tags\":{},\"kind\":null,\"systemData\":{\"createdBy\":\"shanglinli@w365runner250520sh01.onmicrosoft.com\",\"createdByType\":\"User\",\"createdAt\":\"2025-06-19T07:01:35.45Z\",\"lastModifiedBy\":\"shanglinli@w365runner250520sh01.onmicrosoft.com\",\"lastModifiedByType\":\"User\",\"lastModifiedAt\":\"2025-06-19T07:01:35.45Z\"},\"properties\":{\"deploymentScope\":\"Geographical\",\"description\":\"\",\"friendlyName\":\"\",\"applicationGroupReferences\":[\"/subscriptions/6738509d-84ed-4ad6-974a-7dc4e3c34146/resourcegroups/shanglinli_test_rg/providers/Microsoft.DesktopVirtualization/applicationgroups/shanglinli_host_pool-DAG\"],\"cloudPcResource\":false,\"objectId\":\"71ea4e95-9ccd-436e-b49b-4262b77a44a5\"}},{\"name\":\"test\",\"id\":\"/subscriptions/6738509d-84ed-4ad6-974a-7dc4e3c34146/resourcegroups/test/providers/Microsoft.DesktopVirtualization/workspaces/test\",\"type\":\"Microsoft.DesktopVirtualization/workspaces\",\"location\":\"eastus\",\"tags\":{},\"kind\":null,\"systemData\":{\"createdBy\":\"TestWin365@w365runner250520sh01.onmicrosoft.com\",\"createdByType\":\"User\",\"createdAt\":\"2025-06-03T08:44:37.08Z\",\"lastModifiedBy\":\"TestWin365@w365runner250520sh01.onmicrosoft.com\",\"lastModifiedByType\":\"User\",\"lastModifiedAt\":\"2025-06-03T08:44:37.08Z\"},\"properties\":{\"deploymentScope\":\"Geographical\",\"description\":\"\",\"friendlyName\":\"\",\"applicationGroupReferences\":[\"/subscriptions/6738509d-84ed-4ad6-974a-7dc4e3c34146/resourcegroups/test/providers/Microsoft.DesktopVirtualization/applicationgroups/TestHostPool-DAG\"],\"cloudPcResource\":false,\"objectId\":\"4c1ba5cc-8431-45c8-9b23-7de3990b0177\"}},{\"name\":\"vdws-avd-quickstart-471ab962-5865-4b30-9355-968d6cba2015\",\"id\":\"/subscriptions/6738509d-84ed-4ad6-974a-7dc4e3c34146/resourcegroups/rg-avd-quickstart-471ab962-5865-4b30-9355-968d6cba2015/providers/Microsoft.DesktopVirtualization/workspaces/vdws-avd-quickstart-471ab962-5865-4b30-9355-968d6cba2015\",\"type\":\"Microsoft.DesktopVirtualization/workspaces\",\"location\":\"eastus\",\"tags\":{},\"kind\":null,\"systemData\":{\"createdBy\":\"hh@w365runner250520sh01.onmicrosoft.com\",\"createdByType\":\"User\",\"createdAt\":\"2025-09-04T07:03:10.95Z\",\"lastModifiedBy\":\"hh@w365runner250520sh01.onmicrosoft.com\",\"lastModifiedByType\":\"User\",\"lastModifiedAt\":\"2025-09-04T07:03:10.95Z\"},\"properties\":{\"deploymentScope\":\"Geographical\",\"description\":null,\"friendlyName\":null,\"applicationGroupReferences\":[\"/subscriptions/6738509d-84ed-4ad6-974a-7dc4e3c34146/resourcegroups/rg-avd-quickstart-471ab962-5865-4b30-9355-968d6cba2015/providers/Microsoft.DesktopVirtualization/applicationgroups/vdag-avd-quickstart-471ab962-5865-4b30-9355-968d6cba2015\"],\"cloudPcResource\":false,\"objectId\":\"d182d23e-65e8-4069-a8db-59b5a8e83424\"}},{\"name\":\"vdws-avd-quickstart-4b5748e7-ceec-4e41-badc-78465e352016\",\"id\":\"/subscriptions/6738509d-84ed-4ad6-974a-7dc4e3c34146/resourcegroups/rg-avd-quickstart-4b5748e7-ceec-4e41-badc-78465e352016/providers/Microsoft.DesktopVirtualization/workspaces/vdws-avd-quickstart-4b5748e7-ceec-4e41-badc-78465e352016\",\"type\":\"Microsoft.DesktopVirtualization/workspaces\",\"location\":\"eastus\",\"tags\":{},\"kind\":null,\"systemData\":{\"createdBy\":\"hh@w365runner250520sh01.onmicrosoft.com\",\"createdByType\":\"User\",\"createdAt\":\"2025-09-04T06:56:10.23Z\",\"lastModifiedBy\":\"hh@w365runner250520sh01.onmicrosoft.com\",\"lastModifiedByType\":\"User\",\"lastModifiedAt\":\"2025-09-04T06:56:10.23Z\"},\"properties\":{\"deploymentScope\":\"Geographical\",\"description\":null,\"friendlyName\":null,\"applicationGroupReferences\":[\"/subscriptions/6738509d-84ed-4ad6-974a-7dc4e3c34146/resourcegroups/rg-avd-quickstart-4b5748e7-ceec-4e41-badc-78465e352016/providers/Microsoft.DesktopVirtualization/applicationgroups/vdag-avd-quickstart-4b5748e7-ceec-4e41-badc-78465e352016\"],\"cloudPcResource\":false,\"objectId\":\"f261c97d-3e1c-4cfe-97cd-93c9ada465be\"}},{\"name\":\"vdws-avd-quickstart-4ecd2c29-c64b-4cd2-be0c-9c113ef9e027\",\"id\":\"/subscriptions/6738509d-84ed-4ad6-974a-7dc4e3c34146/resourcegroups/rg-avd-quickstart-4ecd2c29-c64b-4cd2-be0c-9c113ef9e027/providers/Microsoft.DesktopVirtualization/workspaces/vdws-avd-quickstart-4ecd2c29-c64b-4cd2-be0c-9c113ef9e027\",\"type\":\"Microsoft.DesktopVirtualization/workspaces\",\"location\":\"eastus\",\"tags\":{},\"kind\":null,\"systemData\":{\"createdBy\":\"hh@w365runner250520sh01.onmicrosoft.com\",\"createdByType\":\"User\",\"createdAt\":\"2025-09-23T04:55:38.54Z\",\"lastModifiedBy\":\"hh@w365runner250520sh01.onmicrosoft.com\",\"lastModifiedByType\":\"User\",\"lastModifiedAt\":\"2025-09-23T04:55:38.54Z\"},\"properties\":{\"deploymentScope\":\"Geographical\",\"description\":null,\"friendlyName\":null,\"applicationGroupReferences\":[\"/subscriptions/6738509d-84ed-4ad6-974a-7dc4e3c34146/resourcegroups/rg-avd-quickstart-4ecd2c29-c64b-4cd2-be0c-9c113ef9e027/providers/Microsoft.DesktopVirtualization/applicationgroups/vdag-avd-quickstart-4ecd2c29-c64b-4cd2-be0c-9c113ef9e027\"],\"cloudPcResource\":false,\"objectId\":\"9e6dff2f-a5cf-4f59-a2b1-1a7de97479cf\"}},{\"name\":\"vdws-avd-quickstart-58d5d790-eca6-4388-9a7d-8a65bd63d015\",\"id\":\"/subscriptions/6738509d-84ed-4ad6-974a-7dc4e3c34146/resourcegroups/rg-avd-quickstart-58d5d790-eca6-4388-9a7d-8a65bd63d015/providers/Microsoft.DesktopVirtualization/workspaces/vdws-avd-quickstart-58d5d790-eca6-4388-9a7d-8a65bd63d015\",\"type\":\"Microsoft.DesktopVirtualization/workspaces\",\"location\":\"eastus\",\"tags\":{},\"kind\":null,\"systemData\":{\"createdBy\":\"hh@w365runner250520sh01.onmicrosoft.com\",\"createdByType\":\"User\",\"createdAt\":\"2025-09-04T09:37:03.44Z\",\"lastModifiedBy\":\"hh@w365runner250520sh01.onmicrosoft.com\",\"lastModifiedByType\":\"User\",\"lastModifiedAt\":\"2025-09-04T09:37:03.44Z\"},\"properties\":{\"deploymentScope\":\"Geographical\",\"description\":null,\"friendlyName\":null,\"applicationGroupReferences\":[\"/subscriptions/6738509d-84ed-4ad6-974a-7dc4e3c34146/resourcegroups/rg-avd-quickstart-58d5d790-eca6-4388-9a7d-8a65bd63d015/providers/Microsoft.DesktopVirtualization/applicationgroups/vdag-avd-quickstart-58d5d790-eca6-4388-9a7d-8a65bd63d015\"],\"cloudPcResource\":false,\"objectId\":\"73fdf20e-94d3-4a55-b139-2094760fb264\"}},{\"name\":\"vdws-avd-quickstart-73a83c06-205b-4651-9e50-dc2621c7401f\",\"id\":\"/subscriptions/6738509d-84ed-4ad6-974a-7dc4e3c34146/resourcegroups/rg-avd-quickstart-73a83c06-205b-4651-9e50-dc2621c7401f/providers/Microsoft.DesktopVirtualization/workspaces/vdws-avd-quickstart-73a83c06-205b-4651-9e50-dc2621c7401f\",\"type\":\"Microsoft.DesktopVirtualization/workspaces\",\"location\":\"centralus\",\"tags\":{},\"kind\":null,\"systemData\":{\"createdBy\":\"TestWin365@w365runner250520sh01.onmicrosoft.com\",\"createdByType\":\"User\",\"createdAt\":\"2025-11-11T08:44:18.70Z\",\"lastModifiedBy\":\"TestWin365@w365runner250520sh01.onmicrosoft.com\",\"lastModifiedByType\":\"User\",\"lastModifiedAt\":\"2025-11-11T08:44:18.70Z\"},\"properties\":{\"deploymentScope\":\"Geographical\",\"description\":null,\"friendlyName\":null,\"applicationGroupReferences\":[\"/subscriptions/6738509d-84ed-4ad6-974a-7dc4e3c34146/resourcegroups/rg-avd-quickstart-73a83c06-205b-4651-9e50-dc2621c7401f/providers/Microsoft.DesktopVirtualization/applicationgroups/vdag-avd-quickstart-73a83c06-205b-4651-9e50-dc2621c7401f\"],\"cloudPcResource\":false,\"objectId\":\"f7387e64-a571-4633-981e-90ec6ec0844e\"}},{\"name\":\"vdws-avd-quickstart-e8f4d878-f1c2-4bd2-8158-2e5869dfb015\",\"id\":\"/subscriptions/6738509d-84ed-4ad6-974a-7dc4e3c34146/resourcegroups/rg-avd-quickstart-e8f4d878-f1c2-4bd2-8158-2e5869dfb015/providers/Microsoft.DesktopVirtualization/workspaces/vdws-avd-quickstart-e8f4d878-f1c2-4bd2-8158-2e5869dfb015\",\"type\":\"Microsoft.DesktopVirtualization/workspaces\",\"location\":\"eastus\",\"tags\":{},\"kind\":null,\"systemData\":{\"createdBy\":\"hh@w365runner250520sh01.onmicrosoft.com\",\"createdByType\":\"User\",\"createdAt\":\"2025-09-18T03:01:04.45Z\",\"lastModifiedBy\":\"hh@w365runner250520sh01.onmicrosoft.com\",\"lastModifiedByType\":\"User\",\"lastModifiedAt\":\"2025-09-18T03:01:04.45Z\"},\"properties\":{\"deploymentScope\":\"Geographical\",\"description\":null,\"friendlyName\":null,\"applicationGroupReferences\":[\"/subscriptions/6738509d-84ed-4ad6-974a-7dc4e3c34146/resourcegroups/rg-avd-quickstart-e8f4d878-f1c2-4bd2-8158-2e5869dfb015/providers/Microsoft.DesktopVirtualization/applicationgroups/vdag-avd-quickstart-e8f4d878-f1c2-4bd2-8158-2e5869dfb015\"],\"cloudPcResource\":false,\"objectId\":\"443581d5-bba4-442b-8e69-451e7ac524c8\"}},{\"name\":\"vdws-avd-quickstart-ffe15715-dee3-4819-a753-79c9d4b1c015\",\"id\":\"/subscriptions/6738509d-84ed-4ad6-974a-7dc4e3c34146/resourcegroups/rg-avd-quickstart-ffe15715-dee3-4819-a753-79c9d4b1c015/providers/Microsoft.DesktopVirtualization/workspaces/vdws-avd-quickstart-ffe15715-dee3-4819-a753-79c9d4b1c015\",\"type\":\"Microsoft.DesktopVirtualization/workspaces\",\"location\":\"westus2\",\"tags\":{},\"kind\":null,\"systemData\":{\"createdBy\":\"hh@w365runner250520sh01.onmicrosoft.com\",\"createdByType\":\"User\",\"createdAt\":\"2025-09-18T07:11:17.87Z\",\"lastModifiedBy\":\"hh@w365runner250520sh01.onmicrosoft.com\",\"lastModifiedByType\":\"User\",\"lastModifiedAt\":\"2025-09-18T07:11:17.87Z\"},\"properties\":{\"deploymentScope\":\"Geographical\",\"description\":null,\"friendlyName\":null,\"applicationGroupReferences\":[\"/subscriptions/6738509d-84ed-4ad6-974a-7dc4e3c34146/resourcegroups/rg-avd-quickstart-ffe15715-dee3-4819-a753-79c9d4b1c015/providers/Microsoft.DesktopVirtualization/applicationgroups/vdag-avd-quickstart-ffe15715-dee3-4819-a753-79c9d4b1c015\"],\"cloudPcResource\":false,\"objectId\":\"b595a0c3-170b-402a-a85c-b02309f4f2b5\"}},{\"name\":\"WenqiTestWS\",\"id\":\"/subscriptions/6738509d-84ed-4ad6-974a-7dc4e3c34146/resourcegroups/WenqiTestRG/providers/Microsoft.DesktopVirtualization/workspaces/WenqiTestWS\",\"type\":\"Microsoft.DesktopVirtualization/workspaces\",\"location\":\"westus2\",\"tags\":{},\"kind\":null,\"systemData\":{\"createdBy\":\"TestWin365@w365runner250520sh01.onmicrosoft.com\",\"createdByType\":\"User\",\"createdAt\":\"2025-05-28T02:53:34.46Z\",\"lastModifiedBy\":\"TestWin365@w365runner250520sh01.onmicrosoft.com\",\"lastModifiedByType\":\"User\",\"lastModifiedAt\":\"2025-05-28T02:53:34.46Z\"},\"properties\":{\"deploymentScope\":\"Geographical\",\"description\":null,\"friendlyName\":null,\"applicationGroupReferences\":[\"/subscriptions/6738509d-84ed-4ad6-974a-7dc4e3c34146/resourcegroups/WenqiTestRG/providers/Microsoft.DesktopVirtualization/applicationgroups/WenqiTestHP-DAG\"],\"cloudPcResource\":false,\"objectId\":\"93da0267-15ee-4a2b-bfd3-b521568eec2c\"}},{\"name\":\"WorkspacePowershell1\",\"id\":\"/subscriptions/6738509d-84ed-4ad6-974a-7dc4e3c34146/resourcegroups/zhongjie-rg-wus/providers/Microsoft.DesktopVirtualization/workspaces/WorkspacePowershell1\",\"type\":\"Microsoft.DesktopVirtualization/workspaces\",\"location\":\"westus2\",\"tags\":{},\"kind\":null,\"systemData\":{\"createdBy\":\"guorui@microsoft.com\",\"createdByType\":\"User\",\"createdAt\":\"2025-11-18T08:17:59.25Z\",\"lastModifiedBy\":\"guorui@microsoft.com\",\"lastModifiedByType\":\"User\",\"lastModifiedAt\":\"2025-11-18T08:17:59.25Z\"},\"properties\":{\"deploymentScope\":\"Geographical\",\"description\":\"des\",\"friendlyName\":\"fri\",\"applicationGroupReferences\":[],\"cloudPcResource\":false,\"objectId\":\"bda36bed-c3c1-461a-bc77-1803fa9a5707\"}},{\"name\":\"WorkspacePowershell2\",\"id\":\"/subscriptions/6738509d-84ed-4ad6-974a-7dc4e3c34146/resourcegroups/zhongjie-rg-wus/providers/Microsoft.DesktopVirtualization/workspaces/WorkspacePowershell2\",\"type\":\"Microsoft.DesktopVirtualization/workspaces\",\"location\":\"westus2\",\"tags\":{},\"kind\":null,\"systemData\":{\"createdBy\":\"guorui@microsoft.com\",\"createdByType\":\"User\",\"createdAt\":\"2025-11-18T08:18:00.19Z\",\"lastModifiedBy\":\"guorui@microsoft.com\",\"lastModifiedByType\":\"User\",\"lastModifiedAt\":\"2025-11-18T08:18:00.19Z\"},\"properties\":{\"deploymentScope\":\"Geographical\",\"description\":\"des\",\"friendlyName\":\"fri\",\"applicationGroupReferences\":[],\"cloudPcResource\":false,\"objectId\":\"e2573ddc-ac62-4d0c-b97d-dcc27c169175\"}},{\"name\":\"WS\",\"id\":\"/subscriptions/6738509d-84ed-4ad6-974a-7dc4e3c34146/resourcegroups/RGTest/providers/Microsoft.DesktopVirtualization/workspaces/WS\",\"type\":\"Microsoft.DesktopVirtualization/workspaces\",\"location\":\"eastus\",\"tags\":{},\"kind\":null,\"systemData\":{\"createdBy\":\"v-barrybu@microsoft.com\",\"createdByType\":\"User\",\"createdAt\":\"2025-06-10T09:52:22.57Z\",\"lastModifiedBy\":\"v-barrybu@microsoft.com\",\"lastModifiedByType\":\"User\",\"lastModifiedAt\":\"2025-06-10T09:52:22.57Z\"},\"properties\":{\"deploymentScope\":\"Geographical\",\"description\":null,\"friendlyName\":null,\"applicationGroupReferences\":[\"/subscriptions/6738509d-84ed-4ad6-974a-7dc4e3c34146/resourcegroups/RGTest/providers/Microsoft.DesktopVirtualization/applicationgroups/HP-DAG\"],\"cloudPcResource\":false,\"objectId\":\"e9a4fdee-620d-4181-bc59-016bd3cd2356\"}},{\"name\":\"yilia-ws\",\"id\":\"/subscriptions/6738509d-84ed-4ad6-974a-7dc4e3c34146/resourcegroups/yilia-rg/providers/Microsoft.DesktopVirtualization/workspaces/yilia-ws\",\"type\":\"Microsoft.DesktopVirtualization/workspaces\",\"location\":\"eastus\",\"tags\":{},\"kind\":null,\"systemData\":{\"createdBy\":\"TestWin365@w365runner250520sh01.onmicrosoft.com\",\"createdByType\":\"User\",\"createdAt\":\"2025-06-24T07:00:59.51Z\",\"lastModifiedBy\":\"TestWin365@w365runner250520sh01.onmicrosoft.com\",\"lastModifiedByType\":\"User\",\"lastModifiedAt\":\"2025-06-24T07:00:59.51Z\"},\"properties\":{\"deploymentScope\":\"Geographical\",\"description\":\"\",\"friendlyName\":\"\",\"applicationGroupReferences\":[\"/subscriptions/6738509d-84ed-4ad6-974a-7dc4e3c34146/resourcegroups/yilia-rg/providers/Microsoft.DesktopVirtualization/applicationgroups/yilia-host-poll-DAG\"],\"cloudPcResource\":false,\"objectId\":\"3ae417d4-9a01-4924-bfdd-d78c1d33bd98\"}},{\"name\":\"zhongjieworkspacewus\",\"id\":\"/subscriptions/6738509d-84ed-4ad6-974a-7dc4e3c34146/resourcegroups/zhongjie-rg-wus/providers/Microsoft.DesktopVirtualization/workspaces/zhongjieworkspacewus\",\"type\":\"Microsoft.DesktopVirtualization/workspaces\",\"location\":\"westus2\",\"tags\":{},\"kind\":null,\"systemData\":{\"createdBy\":\"TestWin365@w365runner250520sh01.onmicrosoft.com\",\"createdByType\":\"User\",\"createdAt\":\"2025-06-27T05:33:22.21Z\",\"lastModifiedBy\":\"zhongjieli@w365runner250520sh01.onmicrosoft.com\",\"lastModifiedByType\":\"User\",\"lastModifiedAt\":\"2025-11-06T06:36:04.89Z\"},\"properties\":{\"deploymentScope\":\"Geographical\",\"description\":null,\"friendlyName\":null,\"applicationGroupReferences\":[\"/subscriptions/6738509d-84ed-4ad6-974a-7dc4e3c34146/resourcegroups/zhongjie-rg-wus/providers/Microsoft.DesktopVirtualization/applicationgroups/zhongjie-automated-DAG\"],\"cloudPcResource\":false,\"objectId\":\"fc07fbc0-85ac-4e02-9990-564f92f88817\"}},{\"name\":\"ziwen-workspace\",\"id\":\"/subscriptions/6738509d-84ed-4ad6-974a-7dc4e3c34146/resourcegroups/ziwen-rg/providers/Microsoft.DesktopVirtualization/workspaces/ziwen-workspace\",\"type\":\"Microsoft.DesktopVirtualization/workspaces\",\"location\":\"eastus\",\"tags\":{},\"kind\":null,\"systemData\":{\"createdBy\":\"TestWin365@w365runner250520sh01.onmicrosoft.com\",\"createdByType\":\"User\",\"createdAt\":\"2025-06-25T08:41:11.74Z\",\"lastModifiedBy\":\"TestWin365@w365runner250520sh01.onmicrosoft.com\",\"lastModifiedByType\":\"User\",\"lastModifiedAt\":\"2025-11-06T15:31:02.70Z\"},\"properties\":{\"deploymentScope\":\"Geographical\",\"description\":null,\"friendlyName\":null,\"applicationGroupReferences\":[\"/subscriptions/6738509d-84ed-4ad6-974a-7dc4e3c34146/resourcegroups/ziwen-rg/providers/Microsoft.DesktopVirtualization/applicationgroups/ziwen-hp-personal-DAG\",\"/subscriptions/6738509d-84ed-4ad6-974a-7dc4e3c34146/resourcegroups/qgongtest/providers/Microsoft.DesktopVirtualization/applicationgroups/HSPqgong-DAG\"],\"cloudPcResource\":false,\"objectId\":\"e65f7d2c-0336-4b8d-be6f-ba965060645a\"}},{\"name\":\"regional_eastus2_wp\",\"id\":\"/subscriptions/6738509d-84ed-4ad6-974a-7dc4e3c34146/resourcegroups/andyResourceGroup/providers/Microsoft.DesktopVirtualization/workspaces/regional_eastus2_wp\",\"type\":\"Microsoft.DesktopVirtualization/workspaces\",\"location\":\"eastus2\",\"tags\":{},\"kind\":null,\"systemData\":{\"createdBy\":\"ximeng@w365runner250520sh01.onmicrosoft.com\",\"createdByType\":\"User\",\"createdAt\":\"2025-11-18T05:28:00.86Z\",\"lastModifiedBy\":\"ximeng@w365runner250520sh01.onmicrosoft.com\",\"lastModifiedByType\":\"User\",\"lastModifiedAt\":\"2025-11-18T05:28:00.86Z\"},\"properties\":{\"deploymentScope\":\"Regional\",\"description\":\"\",\"friendlyName\":\"\",\"applicationGroupReferences\":[],\"cloudPcResource\":false,\"objectId\":\"9ad1b21c-1db3-4413-b783-70aee0b8d8e4\"}},{\"name\":\"regional_eastus2_wp01\",\"id\":\"/subscriptions/6738509d-84ed-4ad6-974a-7dc4e3c34146/resourcegroups/andyResourceGroup/providers/Microsoft.DesktopVirtualization/workspaces/regional_eastus2_wp01\",\"type\":\"Microsoft.DesktopVirtualization/workspaces\",\"location\":\"eastus2\",\"tags\":{},\"kind\":null,\"systemData\":{\"createdBy\":\"ximeng@w365runner250520sh01.onmicrosoft.com\",\"createdByType\":\"User\",\"createdAt\":\"2025-11-18T07:49:57.68Z\",\"lastModifiedBy\":\"ximeng@w365runner250520sh01.onmicrosoft.com\",\"lastModifiedByType\":\"User\",\"lastModifiedAt\":\"2025-11-18T07:49:57.68Z\"},\"properties\":{\"deploymentScope\":\"Regional\",\"description\":null,\"friendlyName\":null,\"applicationGroupReferences\":[],\"cloudPcResource\":false,\"objectId\":\"21e0cb10-f684-46bf-b50e-1c72e86e3b36\"}}],\"nextLink\":\"https://management.azure.com/subscriptions/6738509d-84ed-4ad6-974a-7dc4e3c34146/providers/Microsoft.DesktopVirtualization/workspaces?api-version=2025-11-01-preview\u0026%24skiptoken=5ZJBbsIwEEXv4kVWGDsQoESKqqjQCgmqikBX2bj2NB0lsS3bQAvi7jWLqodg%2b6X5%2bm%2f0LkTDd1ijbj3JL%2bRp%2bbrblut9RXLyFYL1OWO90KKBHnQYivPBwVCanvnDh5cObUCjPZvOxg8TPlf0IQNFM6GmdD7LBJ0pmcFYjrM0mzLrzBEVOM82KJ3x5jMMF%2bDbYOw7unAQHZ7FrY%2bdjGu9FRL8o7BIj%2fEmxsWIjyY0TSlPqXVwRDglK40BRVe1aAuerHzsk6AV6qZ4Fp2H5C1Or%2fAMRco5TxZgO%2fNzQ6mksVC8gCEDsiyr3b4a3Q%2fydUCE68umcdCIAGpnWtARv9xu4jtuQmyEa8HF6FL%2fO1GTvL4TK2oyqP%2b8uCvsK7n%2bAg%3d%3d\"}",
      "isContentBase64": false
    }
  },
  "Get-AzWvdWorkspace+[NoContext]+List Subscription Level+$GET+https://management.azure.com/subscriptions/6738509d-84ed-4ad6-974a-7dc4e3c34146/providers/Microsoft.DesktopVirtualization/workspaces?api-version=2025-11-01-preview\u0026%24skiptoken=5ZJBbsIwEEXv4kVWGDsQoESKqqjQCgmqikBX2bj2NB0lsS3bQAvi7jWLqodg%2b6X5%2bm%2f0LkTDd1ijbj3JL%2bRp%2bbrblut9RXLyFYL1OWO90KKBHnQYivPBwVCanvnDh5cObUCjPZvOxg8TPlf0IQNFM6GmdD7LBJ0pmcFYjrM0mzLrzBEVOM82KJ3x5jMMF%2bDbYOw7unAQHZ7FrY%2bdjGu9FRL8o7BIj%2fEmxsWIjyY0TSlPqXVwRDglK40BRVe1aAuerHzsk6AV6qZ4Fp2H5C1Or%2fAMRco5TxZgO%2fNzQ6mksVC8gCEDsiyr3b4a3Q%2fydUCE68umcdCIAGpnWtARv9xu4jtuQmyEa8HF6FL%2fO1GTvL4TK2oyqP%2b8uCvsK7n%2bAg%3d%3d+4": {
    "Request": {
      "Method": "GET",
      "RequestUri": "https://management.azure.com/subscriptions/6738509d-84ed-4ad6-974a-7dc4e3c34146/providers/Microsoft.DesktopVirtualization/workspaces?api-version=2025-11-01-preview\u0026%24skiptoken=5ZJBbsIwEEXv4kVWGDsQoESKqqjQCgmqikBX2bj2NB0lsS3bQAvi7jWLqodg%2b6X5%2bm%2f0LkTDd1ijbj3JL%2bRp%2bbrblut9RXLyFYL1OWO90KKBHnQYivPBwVCanvnDh5cObUCjPZvOxg8TPlf0IQNFM6GmdD7LBJ0pmcFYjrM0mzLrzBEVOM82KJ3x5jMMF%2bDbYOw7unAQHZ7FrY%2bdjGu9FRL8o7BIj%2fEmxsWIjyY0TSlPqXVwRDglK40BRVe1aAuerHzsk6AV6qZ4Fp2H5C1Or%2fAMRco5TxZgO%2fNzQ6mksVC8gCEDsiyr3b4a3Q%2fydUCE68umcdCIAGpnWtARv9xu4jtuQmyEa8HF6FL%2fO1GTvL4TK2oyqP%2b8uCvsK7n%2bAg%3d%3d",
      "Content": null,
      "isContentBase64": false,
      "Headers": {
        "Authorization": [ "[Filtered]" ],
        "x-ms-unique-id": [ "14" ],
        "x-ms-client-request-id": [ "725cd288-282b-4182-b770-559d7caac417" ],
        "CommandName": [ "Get-AzWvdWorkspace" ],
        "FullCommandName": [ "Get-AzWvdWorkspace_List" ],
        "ParameterSetName": [ "__AllParameterSets" ],
        "User-Agent": [ "AzurePowershell/v14.2.0", "PSVersion/v7.5.4", "Az.DesktopVirtualization/0.1.0" ]
      },
      "ContentHeaders": {
      }
    },
    "Response": {
      "StatusCode": 200,
      "Headers": {
        "Cache-Control": [ "no-cache" ],
        "Pragma": [ "no-cache" ],
        "x-ms-original-request-ids": [ "6ba5cff9-8dcf-4f6e-8733-eaf32bd3d2c6", "d32075cf-73a5-4e81-aaab-96598d1b08ed" ],
        "x-ms-ratelimit-remaining-subscription-reads": [ "249" ],
        "x-ms-ratelimit-remaining-subscription-global-reads": [ "3749" ],
        "x-ms-request-id": [ "d87458a4-8733-4190-9239-5c8c25f1c21c" ],
        "x-ms-correlation-request-id": [ "d87458a4-8733-4190-9239-5c8c25f1c21c" ],
        "x-ms-routing-request-id": [ "SOUTHEASTASIA:20251118T081807Z:d87458a4-8733-4190-9239-5c8c25f1c21c" ],
        "Strict-Transport-Security": [ "max-age=31536000; includeSubDomains" ],
        "X-Content-Type-Options": [ "nosniff" ],
        "X-Cache": [ "CONFIG_NOCACHE" ],
        "X-MSEdge-Ref": [ "Ref A: 4B892DF0358A4C04AA4DB367C3886177 Ref B: SG2AA1070301042 Ref C: 2025-11-18T08:18:03Z" ],
        "Date": [ "Tue, 18 Nov 2025 08:18:06 GMT" ]
      },
      "ContentHeaders": {
        "Content-Length": [ "60943" ],
        "Content-Type": [ "application/json; charset=utf-8" ],
        "Expires": [ "-1" ]
      },
      "Content": "{\"value\":[{\"name\":\"123123\",\"id\":\"/subscriptions/6738509d-84ed-4ad6-974a-7dc4e3c34146/resourcegroups/liwei-rg/providers/Microsoft.DesktopVirtualization/workspaces/123123\",\"type\":\"Microsoft.DesktopVirtualization/workspaces\",\"location\":\"eastus\",\"tags\":{},\"kind\":null,\"systemData\":{\"createdBy\":\"liwei@w365runner250520sh01.onmicrosoft.com\",\"createdByType\":\"User\",\"createdAt\":\"2025-09-18T08:51:44.97Z\",\"lastModifiedBy\":\"liwei@w365runner250520sh01.onmicrosoft.com\",\"lastModifiedByType\":\"User\",\"lastModifiedAt\":\"2025-09-19T00:58:32.19Z\"},\"properties\":{\"deploymentScope\":\"Geographical\",\"description\":\"\",\"friendlyName\":\"\",\"applicationGroupReferences\":[],\"cloudPcResource\":false,\"objectId\":\"2ffc6c14-ff3e-4e19-afcd-aeeb5c38a77d\"}},{\"name\":\"33333\",\"id\":\"/subscriptions/6738509d-84ed-4ad6-974a-7dc4e3c34146/resourcegroups/liwei-rg/providers/Microsoft.DesktopVirtualization/workspaces/33333\",\"type\":\"Microsoft.DesktopVirtualization/workspaces\",\"location\":\"eastus\",\"tags\":{},\"kind\":null,\"systemData\":{\"createdBy\":\"liwei@w365runner250520sh01.onmicrosoft.com\",\"createdByType\":\"User\",\"createdAt\":\"2025-09-19T00:53:21.85Z\",\"lastModifiedBy\":\"liwei@w365runner250520sh01.onmicrosoft.com\",\"lastModifiedByType\":\"User\",\"lastModifiedAt\":\"2025-09-19T00:57:40.14Z\"},\"properties\":{\"deploymentScope\":\"Geographical\",\"description\":\"\",\"friendlyName\":\"\",\"applicationGroupReferences\":[],\"cloudPcResource\":false,\"objectId\":\"e9b0b106-249e-47f7-a789-85fda882d961\"}},{\"name\":\"andyCentralUSSpace\",\"id\":\"/subscriptions/6738509d-84ed-4ad6-974a-7dc4e3c34146/resourcegroups/andyResourceGroup/providers/Microsoft.DesktopVirtualization/workspaces/andyCentralUSSpace\",\"type\":\"Microsoft.DesktopVirtualization/workspaces\",\"location\":\"centralus\",\"tags\":{},\"kind\":null,\"systemData\":{\"createdBy\":\"v-andywang@microsoft.com\",\"createdByType\":\"User\",\"createdAt\":\"2025-11-12T07:20:20.78Z\",\"lastModifiedBy\":\"hh@w365runner250520sh01.onmicrosoft.com\",\"lastModifiedByType\":\"User\",\"lastModifiedAt\":\"2025-11-13T22:34:15.78Z\"},\"properties\":{\"deploymentScope\":\"Geographical\",\"description\":\"\",\"friendlyName\":\"\",\"applicationGroupReferences\":[\"/subscriptions/6738509d-84ed-4ad6-974a-7dc4e3c34146/resourcegroups/andyResourceGroup/providers/Microsoft.DesktopVirtualization/applicationgroups/EOSD_Public_Preview_02-DAG\",\"/subscriptions/6738509d-84ed-4ad6-974a-7dc4e3c34146/resourcegroups/andyResourceGroup/providers/Microsoft.DesktopVirtualization/applicationgroups/EOSD_Public_Preview_01-DAG\",\"/subscriptions/6738509d-84ed-4ad6-974a-7dc4e3c34146/resourcegroups/andyResourceGroup/providers/Microsoft.DesktopVirtualization/applicationgroups/andy22PooledAutoHp-DAG\"],\"cloudPcResource\":false,\"objectId\":\"32bedc55-cf0e-46ea-bf86-22ce6b0fc800\"}},{\"name\":\"ddddd1\",\"id\":\"/subscriptions/6738509d-84ed-4ad6-974a-7dc4e3c34146/resourcegroups/liwei-rg/providers/Microsoft.DesktopVirtualization/workspaces/ddddd1\",\"type\":\"Microsoft.DesktopVirtualization/workspaces\",\"location\":\"eastus\",\"tags\":{},\"kind\":null,\"systemData\":{\"createdBy\":\"liwei@w365runner250520sh01.onmicrosoft.com\",\"createdByType\":\"User\",\"createdAt\":\"2025-09-19T01:16:58.80Z\",\"lastModifiedBy\":\"liwei@w365runner250520sh01.onmicrosoft.com\",\"lastModifiedByType\":\"User\",\"lastModifiedAt\":\"2025-09-19T01:16:58.80Z\"},\"properties\":{\"deploymentScope\":\"Geographical\",\"description\":null,\"friendlyName\":null,\"applicationGroupReferences\":[\"/subscriptions/6738509d-84ed-4ad6-974a-7dc4e3c34146/resourcegroups/liwei-rg/providers/Microsoft.DesktopVirtualization/applicationgroups/dgwstest11-DAG\"],\"cloudPcResource\":false,\"objectId\":\"713a6f2a-1ac4-4062-875e-54fc4503caf0\"}},{\"name\":\"fanliuWS\",\"id\":\"/subscriptions/6738509d-84ed-4ad6-974a-7dc4e3c34146/resourcegroups/fanliu-test/providers/Microsoft.DesktopVirtualization/workspaces/fanliuWS\",\"type\":\"Microsoft.DesktopVirtualization/workspaces\",\"location\":\"westus3\",\"tags\":{},\"kind\":null,\"systemData\":{\"createdBy\":\"TestWin365@w365runner250520sh01.onmicrosoft.com\",\"createdByType\":\"User\",\"createdAt\":\"2025-06-26T10:32:14.26Z\",\"lastModifiedBy\":\"TestWin365@w365runner250520sh01.onmicrosoft.com\",\"lastModifiedByType\":\"User\",\"lastModifiedAt\":\"2025-06-26T10:32:14.26Z\"},\"properties\":{\"deploymentScope\":\"Geographical\",\"description\":null,\"friendlyName\":null,\"applicationGroupReferences\":[],\"cloudPcResource\":false,\"objectId\":\"d3e33e7e-6a95-4209-9aaa-3c3c0c25d3a6\"}},{\"name\":\"hjz-workspace\",\"id\":\"/subscriptions/6738509d-84ed-4ad6-974a-7dc4e3c34146/resourcegroups/huajieTest/providers/Microsoft.DesktopVirtualization/workspaces/hjz-workspace\",\"type\":\"Microsoft.DesktopVirtualization/workspaces\",\"location\":\"eastus\",\"tags\":{},\"kind\":null,\"systemData\":{\"createdBy\":\"TestWin365@w365runner250520sh01.onmicrosoft.com\",\"createdByType\":\"User\",\"createdAt\":\"2025-06-24T07:05:25.00Z\",\"lastModifiedBy\":\"TestWin365@w365runner250520sh01.onmicrosoft.com\",\"lastModifiedByType\":\"User\",\"lastModifiedAt\":\"2025-06-27T05:51:58.91Z\"},\"properties\":{\"deploymentScope\":\"Geographical\",\"description\":\"\",\"friendlyName\":\"\",\"applicationGroupReferences\":[],\"cloudPcResource\":false,\"objectId\":\"08967be0-2d86-45a1-98e6-e96573a4200c\"}},{\"name\":\"hongsi-workspace1\",\"id\":\"/subscriptions/6738509d-84ed-4ad6-974a-7dc4e3c34146/resourcegroups/hongsi-avgtest-rg/providers/Microsoft.DesktopVirtualization/workspaces/hongsi-workspace1\",\"type\":\"Microsoft.DesktopVirtualization/workspaces\",\"location\":\"eastus\",\"tags\":{},\"kind\":null,\"systemData\":{\"createdBy\":\"TestWin365@w365runner250520sh01.onmicrosoft.com\",\"createdByType\":\"User\",\"createdAt\":\"2025-05-30T09:19:52.19Z\",\"lastModifiedBy\":\"TestWin365@w365runner250520sh01.onmicrosoft.com\",\"lastModifiedByType\":\"User\",\"lastModifiedAt\":\"2025-05-30T09:19:52.19Z\"},\"properties\":{\"deploymentScope\":\"Geographical\",\"description\":\"\",\"friendlyName\":\"\",\"applicationGroupReferences\":[],\"cloudPcResource\":false,\"objectId\":\"2444802e-1ebc-4d7a-828b-97f6b73b4f1f\"}},{\"name\":\"hunworkspace\",\"id\":\"/subscriptions/6738509d-84ed-4ad6-974a-7dc4e3c34146/resourcegroups/hun-ag/providers/Microsoft.DesktopVirtualization/workspaces/hunworkspace\",\"type\":\"Microsoft.DesktopVirtualization/workspaces\",\"location\":\"eastus\",\"tags\":{},\"kind\":null,\"systemData\":{\"createdBy\":\"TestWin365@w365runner250520sh01.onmicrosoft.com\",\"createdByType\":\"User\",\"createdAt\":\"2025-06-04T06:32:12.89Z\",\"lastModifiedBy\":\"TestWin365@w365runner250520sh01.onmicrosoft.com\",\"lastModifiedByType\":\"User\",\"lastModifiedAt\":\"2025-06-04T06:32:12.89Z\"},\"properties\":{\"deploymentScope\":\"Geographical\",\"description\":null,\"friendlyName\":null,\"applicationGroupReferences\":[\"/subscriptions/6738509d-84ed-4ad6-974a-7dc4e3c34146/resourcegroups/hun-ag/providers/Microsoft.DesktopVirtualization/applicationgroups/hunpool-DAG\"],\"cloudPcResource\":false,\"objectId\":\"90718a52-5de6-4e85-9250-160c78ed4de5\"}},{\"name\":\"liu-test\",\"id\":\"/subscriptions/6738509d-84ed-4ad6-974a-7dc4e3c34146/resourcegroups/liu-test/providers/Microsoft.DesktopVirtualization/workspaces/liu-test\",\"type\":\"Microsoft.DesktopVirtualization/workspaces\",\"location\":\"eastus\",\"tags\":{},\"kind\":null,\"systemData\":{\"createdBy\":\"TestWin365@w365runner250520sh01.onmicrosoft.com\",\"createdByType\":\"User\",\"createdAt\":\"2025-06-24T04:29:13.85Z\",\"lastModifiedBy\":\"TestWin365@w365runner250520sh01.onmicrosoft.com\",\"lastModifiedByType\":\"User\",\"lastModifiedAt\":\"2025-06-24T05:00:56.58Z\"},\"properties\":{\"deploymentScope\":\"Geographical\",\"description\":\"\",\"friendlyName\":\"\",\"applicationGroupReferences\":[],\"cloudPcResource\":false,\"objectId\":\"bc1a10d2-4fd3-4d39-beb6-ffaae0da7e43\"}},{\"name\":\"liwei-desktop-workspace\",\"id\":\"/subscriptions/6738509d-84ed-4ad6-974a-7dc4e3c34146/resourcegroups/liwei-rg/providers/Microsoft.DesktopVirtualization/workspaces/liwei-desktop-workspace\",\"type\":\"Microsoft.DesktopVirtualization/workspaces\",\"location\":\"eastus\",\"tags\":{},\"kind\":null,\"systemData\":{\"createdBy\":\"liwei@w365runner250520sh01.onmicrosoft.com\",\"createdByType\":\"User\",\"createdAt\":\"2025-06-19T02:06:44.26Z\",\"lastModifiedBy\":\"liwei@w365runner250520sh01.onmicrosoft.com\",\"lastModifiedByType\":\"User\",\"lastModifiedAt\":\"2025-06-19T02:06:44.26Z\"},\"properties\":{\"deploymentScope\":\"Geographical\",\"description\":\"\",\"friendlyName\":\"\",\"applicationGroupReferences\":[\"/subscriptions/6738509d-84ed-4ad6-974a-7dc4e3c34146/resourcegroups/liwei-rg/providers/Microsoft.DesktopVirtualization/applicationgroups/liwei-avd-pool-DAG\"],\"cloudPcResource\":false,\"objectId\":\"92887a15-13a1-4a96-9ff6-f949e70a0c4a\"}},{\"name\":\"liweiws\",\"id\":\"/subscriptions/6738509d-84ed-4ad6-974a-7dc4e3c34146/resourcegroups/liwei-rg/providers/Microsoft.DesktopVirtualization/workspaces/liweiws\",\"type\":\"Microsoft.DesktopVirtualization/workspaces\",\"location\":\"eastus\",\"tags\":{},\"kind\":null,\"systemData\":{\"createdBy\":\"liwei@w365runner250520sh01.onmicrosoft.com\",\"createdByType\":\"User\",\"createdAt\":\"2025-07-04T05:36:40.61Z\",\"lastModifiedBy\":\"liwei@w365runner250520sh01.onmicrosoft.com\",\"lastModifiedByType\":\"User\",\"lastModifiedAt\":\"2025-07-04T05:36:40.61Z\"},\"properties\":{\"deploymentScope\":\"Geographical\",\"description\":null,\"friendlyName\":null,\"applicationGroupReferences\":[\"/subscriptions/6738509d-84ed-4ad6-974a-7dc4e3c34146/resourcegroups/liwei-rg/providers/Microsoft.DesktopVirtualization/applicationgroups/liweidiagtest-DAG\"],\"cloudPcResource\":false,\"objectId\":\"fd80f75c-e4e1-4187-a70f-66156bf058de\"}},{\"name\":\"liweiws1\",\"id\":\"/subscriptions/6738509d-84ed-4ad6-974a-7dc4e3c34146/resourcegroups/liwei-rg/providers/Microsoft.DesktopVirtualization/workspaces/liweiws1\",\"type\":\"Microsoft.DesktopVirtualization/workspaces\",\"location\":\"eastus\",\"tags\":{},\"kind\":null,\"systemData\":{\"createdBy\":\"liwei@w365runner250520sh01.onmicrosoft.com\",\"createdByType\":\"User\",\"createdAt\":\"2025-07-04T05:50:16.71Z\",\"lastModifiedBy\":\"liwei@w365runner250520sh01.onmicrosoft.com\",\"lastModifiedByType\":\"User\",\"lastModifiedAt\":\"2025-10-28T08:48:51.71Z\"},\"properties\":{\"deploymentScope\":\"Geographical\",\"description\":null,\"friendlyName\":null,\"applicationGroupReferences\":[\"/subscriptions/6738509d-84ed-4ad6-974a-7dc4e3c34146/resourcegroups/liwei-rg/providers/Microsoft.DesktopVirtualization/applicationgroups/liweidiagtest4-DAG\",\"/subscriptions/6738509d-84ed-4ad6-974a-7dc4e3c34146/resourcegroups/liwei-rg/providers/Microsoft.DesktopVirtualization/applicationgroups/liweidiagtest8-DAG\",\"/subscriptions/6738509d-84ed-4ad6-974a-7dc4e3c34146/resourcegroups/liwei-rg/providers/Microsoft.DesktopVirtualization/applicationgroups/liweidiagtest3-DAG\",\"/subscriptions/6738509d-84ed-4ad6-974a-7dc4e3c34146/resourcegroups/liwei-rg/providers/Microsoft.DesktopVirtualization/applicationgroups/liweidiagtest6-DAG\",\"/subscriptions/6738509d-84ed-4ad6-974a-7dc4e3c34146/resourcegroups/liwei-rg/providers/Microsoft.DesktopVirtualization/applicationgroups/liweidiagtest7-DAG\"],\"cloudPcResource\":false,\"objectId\":\"f9f7a6e7-0f70-444c-84fe-447baa203833\"}},{\"name\":\"liweiws4\",\"id\":\"/subscriptions/6738509d-84ed-4ad6-974a-7dc4e3c34146/resourcegroups/liwei-rg/providers/Microsoft.DesktopVirtualization/workspaces/liweiws4\",\"type\":\"Microsoft.DesktopVirtualization/workspaces\",\"location\":\"eastus\",\"tags\":{},\"kind\":null,\"systemData\":{\"createdBy\":\"liwei@w365runner250520sh01.onmicrosoft.com\",\"createdByType\":\"User\",\"createdAt\":\"2025-07-04T06:12:26.16Z\",\"lastModifiedBy\":\"liwei@w365runner250520sh01.onmicrosoft.com\",\"lastModifiedByType\":\"User\",\"lastModifiedAt\":\"2025-07-04T06:16:32.53Z\"},\"properties\":{\"deploymentScope\":\"Geographical\",\"description\":null,\"friendlyName\":null,\"applicationGroupReferences\":[\"/subscriptions/6738509d-84ed-4ad6-974a-7dc4e3c34146/resourcegroups/liwei-rg/providers/Microsoft.DesktopVirtualization/applicationgroups/liweiapg1\",\"/subscriptions/6738509d-84ed-4ad6-974a-7dc4e3c34146/resourcegroups/liwei-rg/providers/Microsoft.DesktopVirtualization/applicationgroups/liweidiagtest5-DAG\"],\"cloudPcResource\":false,\"objectId\":\"7e1daba0-ba29-4d15-b11e-dec652371a4b\"}},{\"name\":\"liwei-ws-test123\",\"id\":\"/subscriptions/6738509d-84ed-4ad6-974a-7dc4e3c34146/resourcegroups/liwei-rg/providers/Microsoft.DesktopVirtualization/workspaces/liwei-ws-test123\",\"type\":\"Microsoft.DesktopVirtualization/workspaces\",\"location\":\"eastus\",\"tags\":{},\"kind\":null,\"systemData\":{\"createdBy\":\"liwei@w365runner250520sh01.onmicrosoft.com\",\"createdByType\":\"User\",\"createdAt\":\"2025-09-16T05:10:27.42Z\",\"lastModifiedBy\":\"liwei@w365runner250520sh01.onmicrosoft.com\",\"lastModifiedByType\":\"User\",\"lastModifiedAt\":\"2025-10-10T07:45:57.71Z\"},\"properties\":{\"deploymentScope\":\"Geographical\",\"description\":\"\",\"friendlyName\":\"\",\"applicationGroupReferences\":[\"/subscriptions/6738509d-84ed-4ad6-974a-7dc4e3c34146/resourcegroups/liwei-rg/providers/Microsoft.DesktopVirtualization/applicationgroups/liweitesthp111-DAG\"],\"cloudPcResource\":false,\"objectId\":\"3a5d81e7-64c2-4b42-9559-8fa912888c38\"}},{\"name\":\"liwe-remote-app-ws\",\"id\":\"/subscriptions/6738509d-84ed-4ad6-974a-7dc4e3c34146/resourcegroups/liwei-rg/providers/Microsoft.DesktopVirtualization/workspaces/liwe-remote-app-ws\",\"type\":\"Microsoft.DesktopVirtualization/workspaces\",\"location\":\"eastus2\",\"tags\":{},\"kind\":null,\"systemData\":{\"createdBy\":\"liwei@w365runner250520sh01.onmicrosoft.com\",\"createdByType\":\"User\",\"createdAt\":\"2025-06-23T03:03:13.01Z\",\"lastModifiedBy\":\"ximeng@w365runner250520sh01.onmicrosoft.com\",\"lastModifiedByType\":\"User\",\"lastModifiedAt\":\"2025-10-28T06:38:17.40Z\"},\"properties\":{\"deploymentScope\":\"Geographical\",\"description\":\"\",\"friendlyName\":\"\",\"applicationGroupReferences\":[\"/subscriptions/6738509d-84ed-4ad6-974a-7dc4e3c34146/resourcegroups/andyResourceGroup/providers/Microsoft.DesktopVirtualization/applicationgroups/deploymentscope_flight_off-DAG\",\"/subscriptions/6738509d-84ed-4ad6-974a-7dc4e3c34146/resourcegroups/liwei-rg/providers/Microsoft.DesktopVirtualization/applicationgroups/liwei-remote-app-group\"],\"cloudPcResource\":false,\"objectId\":\"e6ad26cb-1f5c-47c2-8453-04fe147d43bf\"}},{\"name\":\"PrivateLinkWorkspace\",\"id\":\"/subscriptions/6738509d-84ed-4ad6-974a-7dc4e3c34146/resourcegroups/zhongjie-rg-wus/providers/Microsoft.DesktopVirtualization/workspaces/PrivateLinkWorkspace\",\"type\":\"Microsoft.DesktopVirtualization/workspaces\",\"location\":\"westus2\",\"tags\":{},\"kind\":null,\"systemData\":{\"createdBy\":\"guorui@microsoft.com\",\"createdByType\":\"User\",\"createdAt\":\"2025-11-18T08:14:29.14Z\",\"lastModifiedBy\":\"guorui@microsoft.com\",\"lastModifiedByType\":\"User\",\"lastModifiedAt\":\"2025-11-18T08:14:29.14Z\"},\"properties\":{\"deploymentScope\":\"Geographical\",\"description\":\"des\",\"friendlyName\":\"fri\",\"applicationGroupReferences\":[],\"cloudPcResource\":false,\"objectId\":\"04215b69-7e39-454e-b884-ac4630bc122b\"}},{\"name\":\"rui-eus-workspace\",\"id\":\"/subscriptions/6738509d-84ed-4ad6-974a-7dc4e3c34146/resourcegroups/rui-eus-rg/providers/Microsoft.DesktopVirtualization/workspaces/rui-eus-workspace\",\"type\":\"Microsoft.DesktopVirtualization/workspaces\",\"location\":\"eastus\",\"tags\":{},\"kind\":null,\"systemData\":{\"createdBy\":\"guorui@microsoft.com\",\"createdByType\":\"User\",\"createdAt\":\"2025-11-05T10:09:39.06Z\",\"lastModifiedBy\":\"guorui@microsoft.com\",\"lastModifiedByType\":\"User\",\"lastModifiedAt\":\"2025-11-05T10:09:39.06Z\"},\"properties\":{\"deploymentScope\":\"Geographical\",\"description\":null,\"friendlyName\":null,\"applicationGroupReferences\":[],\"cloudPcResource\":false,\"objectId\":\"25c60076-561d-40c4-9376-27e4a7a76e5c\"}},{\"name\":\"shanglinli_test_workspace\",\"id\":\"/subscriptions/6738509d-84ed-4ad6-974a-7dc4e3c34146/resourcegroups/shanglinli_test_rg/providers/Microsoft.DesktopVirtualization/workspaces/shanglinli_test_workspace\",\"type\":\"Microsoft.DesktopVirtualization/workspaces\",\"location\":\"eastus\",\"tags\":{},\"kind\":null,\"systemData\":{\"createdBy\":\"shanglinli@w365runner250520sh01.onmicrosoft.com\",\"createdByType\":\"User\",\"createdAt\":\"2025-06-19T07:01:35.45Z\",\"lastModifiedBy\":\"shanglinli@w365runner250520sh01.onmicrosoft.com\",\"lastModifiedByType\":\"User\",\"lastModifiedAt\":\"2025-06-19T07:01:35.45Z\"},\"properties\":{\"deploymentScope\":\"Geographical\",\"description\":\"\",\"friendlyName\":\"\",\"applicationGroupReferences\":[\"/subscriptions/6738509d-84ed-4ad6-974a-7dc4e3c34146/resourcegroups/shanglinli_test_rg/providers/Microsoft.DesktopVirtualization/applicationgroups/shanglinli_host_pool-DAG\"],\"cloudPcResource\":false,\"objectId\":\"71ea4e95-9ccd-436e-b49b-4262b77a44a5\"}},{\"name\":\"test\",\"id\":\"/subscriptions/6738509d-84ed-4ad6-974a-7dc4e3c34146/resourcegroups/test/providers/Microsoft.DesktopVirtualization/workspaces/test\",\"type\":\"Microsoft.DesktopVirtualization/workspaces\",\"location\":\"eastus\",\"tags\":{},\"kind\":null,\"systemData\":{\"createdBy\":\"TestWin365@w365runner250520sh01.onmicrosoft.com\",\"createdByType\":\"User\",\"createdAt\":\"2025-06-03T08:44:37.08Z\",\"lastModifiedBy\":\"TestWin365@w365runner250520sh01.onmicrosoft.com\",\"lastModifiedByType\":\"User\",\"lastModifiedAt\":\"2025-06-03T08:44:37.08Z\"},\"properties\":{\"deploymentScope\":\"Geographical\",\"description\":\"\",\"friendlyName\":\"\",\"applicationGroupReferences\":[\"/subscriptions/6738509d-84ed-4ad6-974a-7dc4e3c34146/resourcegroups/test/providers/Microsoft.DesktopVirtualization/applicationgroups/TestHostPool-DAG\"],\"cloudPcResource\":false,\"objectId\":\"4c1ba5cc-8431-45c8-9b23-7de3990b0177\"}},{\"name\":\"vdws-avd-quickstart-471ab962-5865-4b30-9355-968d6cba2015\",\"id\":\"/subscriptions/6738509d-84ed-4ad6-974a-7dc4e3c34146/resourcegroups/rg-avd-quickstart-471ab962-5865-4b30-9355-968d6cba2015/providers/Microsoft.DesktopVirtualization/workspaces/vdws-avd-quickstart-471ab962-5865-4b30-9355-968d6cba2015\",\"type\":\"Microsoft.DesktopVirtualization/workspaces\",\"location\":\"eastus\",\"tags\":{},\"kind\":null,\"systemData\":{\"createdBy\":\"hh@w365runner250520sh01.onmicrosoft.com\",\"createdByType\":\"User\",\"createdAt\":\"2025-09-04T07:03:10.95Z\",\"lastModifiedBy\":\"hh@w365runner250520sh01.onmicrosoft.com\",\"lastModifiedByType\":\"User\",\"lastModifiedAt\":\"2025-09-04T07:03:10.95Z\"},\"properties\":{\"deploymentScope\":\"Geographical\",\"description\":null,\"friendlyName\":null,\"applicationGroupReferences\":[\"/subscriptions/6738509d-84ed-4ad6-974a-7dc4e3c34146/resourcegroups/rg-avd-quickstart-471ab962-5865-4b30-9355-968d6cba2015/providers/Microsoft.DesktopVirtualization/applicationgroups/vdag-avd-quickstart-471ab962-5865-4b30-9355-968d6cba2015\"],\"cloudPcResource\":false,\"objectId\":\"d182d23e-65e8-4069-a8db-59b5a8e83424\"}},{\"name\":\"vdws-avd-quickstart-4b5748e7-ceec-4e41-badc-78465e352016\",\"id\":\"/subscriptions/6738509d-84ed-4ad6-974a-7dc4e3c34146/resourcegroups/rg-avd-quickstart-4b5748e7-ceec-4e41-badc-78465e352016/providers/Microsoft.DesktopVirtualization/workspaces/vdws-avd-quickstart-4b5748e7-ceec-4e41-badc-78465e352016\",\"type\":\"Microsoft.DesktopVirtualization/workspaces\",\"location\":\"eastus\",\"tags\":{},\"kind\":null,\"systemData\":{\"createdBy\":\"hh@w365runner250520sh01.onmicrosoft.com\",\"createdByType\":\"User\",\"createdAt\":\"2025-09-04T06:56:10.23Z\",\"lastModifiedBy\":\"hh@w365runner250520sh01.onmicrosoft.com\",\"lastModifiedByType\":\"User\",\"lastModifiedAt\":\"2025-09-04T06:56:10.23Z\"},\"properties\":{\"deploymentScope\":\"Geographical\",\"description\":null,\"friendlyName\":null,\"applicationGroupReferences\":[\"/subscriptions/6738509d-84ed-4ad6-974a-7dc4e3c34146/resourcegroups/rg-avd-quickstart-4b5748e7-ceec-4e41-badc-78465e352016/providers/Microsoft.DesktopVirtualization/applicationgroups/vdag-avd-quickstart-4b5748e7-ceec-4e41-badc-78465e352016\"],\"cloudPcResource\":false,\"objectId\":\"f261c97d-3e1c-4cfe-97cd-93c9ada465be\"}},{\"name\":\"vdws-avd-quickstart-4ecd2c29-c64b-4cd2-be0c-9c113ef9e027\",\"id\":\"/subscriptions/6738509d-84ed-4ad6-974a-7dc4e3c34146/resourcegroups/rg-avd-quickstart-4ecd2c29-c64b-4cd2-be0c-9c113ef9e027/providers/Microsoft.DesktopVirtualization/workspaces/vdws-avd-quickstart-4ecd2c29-c64b-4cd2-be0c-9c113ef9e027\",\"type\":\"Microsoft.DesktopVirtualization/workspaces\",\"location\":\"eastus\",\"tags\":{},\"kind\":null,\"systemData\":{\"createdBy\":\"hh@w365runner250520sh01.onmicrosoft.com\",\"createdByType\":\"User\",\"createdAt\":\"2025-09-23T04:55:38.54Z\",\"lastModifiedBy\":\"hh@w365runner250520sh01.onmicrosoft.com\",\"lastModifiedByType\":\"User\",\"lastModifiedAt\":\"2025-09-23T04:55:38.54Z\"},\"properties\":{\"deploymentScope\":\"Geographical\",\"description\":null,\"friendlyName\":null,\"applicationGroupReferences\":[\"/subscriptions/6738509d-84ed-4ad6-974a-7dc4e3c34146/resourcegroups/rg-avd-quickstart-4ecd2c29-c64b-4cd2-be0c-9c113ef9e027/providers/Microsoft.DesktopVirtualization/applicationgroups/vdag-avd-quickstart-4ecd2c29-c64b-4cd2-be0c-9c113ef9e027\"],\"cloudPcResource\":false,\"objectId\":\"9e6dff2f-a5cf-4f59-a2b1-1a7de97479cf\"}},{\"name\":\"vdws-avd-quickstart-58d5d790-eca6-4388-9a7d-8a65bd63d015\",\"id\":\"/subscriptions/6738509d-84ed-4ad6-974a-7dc4e3c34146/resourcegroups/rg-avd-quickstart-58d5d790-eca6-4388-9a7d-8a65bd63d015/providers/Microsoft.DesktopVirtualization/workspaces/vdws-avd-quickstart-58d5d790-eca6-4388-9a7d-8a65bd63d015\",\"type\":\"Microsoft.DesktopVirtualization/workspaces\",\"location\":\"eastus\",\"tags\":{},\"kind\":null,\"systemData\":{\"createdBy\":\"hh@w365runner250520sh01.onmicrosoft.com\",\"createdByType\":\"User\",\"createdAt\":\"2025-09-04T09:37:03.44Z\",\"lastModifiedBy\":\"hh@w365runner250520sh01.onmicrosoft.com\",\"lastModifiedByType\":\"User\",\"lastModifiedAt\":\"2025-09-04T09:37:03.44Z\"},\"properties\":{\"deploymentScope\":\"Geographical\",\"description\":null,\"friendlyName\":null,\"applicationGroupReferences\":[\"/subscriptions/6738509d-84ed-4ad6-974a-7dc4e3c34146/resourcegroups/rg-avd-quickstart-58d5d790-eca6-4388-9a7d-8a65bd63d015/providers/Microsoft.DesktopVirtualization/applicationgroups/vdag-avd-quickstart-58d5d790-eca6-4388-9a7d-8a65bd63d015\"],\"cloudPcResource\":false,\"objectId\":\"73fdf20e-94d3-4a55-b139-2094760fb264\"}},{\"name\":\"vdws-avd-quickstart-73a83c06-205b-4651-9e50-dc2621c7401f\",\"id\":\"/subscriptions/6738509d-84ed-4ad6-974a-7dc4e3c34146/resourcegroups/rg-avd-quickstart-73a83c06-205b-4651-9e50-dc2621c7401f/providers/Microsoft.DesktopVirtualization/workspaces/vdws-avd-quickstart-73a83c06-205b-4651-9e50-dc2621c7401f\",\"type\":\"Microsoft.DesktopVirtualization/workspaces\",\"location\":\"centralus\",\"tags\":{},\"kind\":null,\"systemData\":{\"createdBy\":\"TestWin365@w365runner250520sh01.onmicrosoft.com\",\"createdByType\":\"User\",\"createdAt\":\"2025-11-11T08:44:18.70Z\",\"lastModifiedBy\":\"TestWin365@w365runner250520sh01.onmicrosoft.com\",\"lastModifiedByType\":\"User\",\"lastModifiedAt\":\"2025-11-11T08:44:18.70Z\"},\"properties\":{\"deploymentScope\":\"Geographical\",\"description\":null,\"friendlyName\":null,\"applicationGroupReferences\":[\"/subscriptions/6738509d-84ed-4ad6-974a-7dc4e3c34146/resourcegroups/rg-avd-quickstart-73a83c06-205b-4651-9e50-dc2621c7401f/providers/Microsoft.DesktopVirtualization/applicationgroups/vdag-avd-quickstart-73a83c06-205b-4651-9e50-dc2621c7401f\"],\"cloudPcResource\":false,\"objectId\":\"f7387e64-a571-4633-981e-90ec6ec0844e\"}},{\"name\":\"vdws-avd-quickstart-e8f4d878-f1c2-4bd2-8158-2e5869dfb015\",\"id\":\"/subscriptions/6738509d-84ed-4ad6-974a-7dc4e3c34146/resourcegroups/rg-avd-quickstart-e8f4d878-f1c2-4bd2-8158-2e5869dfb015/providers/Microsoft.DesktopVirtualization/workspaces/vdws-avd-quickstart-e8f4d878-f1c2-4bd2-8158-2e5869dfb015\",\"type\":\"Microsoft.DesktopVirtualization/workspaces\",\"location\":\"eastus\",\"tags\":{},\"kind\":null,\"systemData\":{\"createdBy\":\"hh@w365runner250520sh01.onmicrosoft.com\",\"createdByType\":\"User\",\"createdAt\":\"2025-09-18T03:01:04.45Z\",\"lastModifiedBy\":\"hh@w365runner250520sh01.onmicrosoft.com\",\"lastModifiedByType\":\"User\",\"lastModifiedAt\":\"2025-09-18T03:01:04.45Z\"},\"properties\":{\"deploymentScope\":\"Geographical\",\"description\":null,\"friendlyName\":null,\"applicationGroupReferences\":[\"/subscriptions/6738509d-84ed-4ad6-974a-7dc4e3c34146/resourcegroups/rg-avd-quickstart-e8f4d878-f1c2-4bd2-8158-2e5869dfb015/providers/Microsoft.DesktopVirtualization/applicationgroups/vdag-avd-quickstart-e8f4d878-f1c2-4bd2-8158-2e5869dfb015\"],\"cloudPcResource\":false,\"objectId\":\"443581d5-bba4-442b-8e69-451e7ac524c8\"}},{\"name\":\"vdws-avd-quickstart-ffe15715-dee3-4819-a753-79c9d4b1c015\",\"id\":\"/subscriptions/6738509d-84ed-4ad6-974a-7dc4e3c34146/resourcegroups/rg-avd-quickstart-ffe15715-dee3-4819-a753-79c9d4b1c015/providers/Microsoft.DesktopVirtualization/workspaces/vdws-avd-quickstart-ffe15715-dee3-4819-a753-79c9d4b1c015\",\"type\":\"Microsoft.DesktopVirtualization/workspaces\",\"location\":\"westus2\",\"tags\":{},\"kind\":null,\"systemData\":{\"createdBy\":\"hh@w365runner250520sh01.onmicrosoft.com\",\"createdByType\":\"User\",\"createdAt\":\"2025-09-18T07:11:17.87Z\",\"lastModifiedBy\":\"hh@w365runner250520sh01.onmicrosoft.com\",\"lastModifiedByType\":\"User\",\"lastModifiedAt\":\"2025-09-18T07:11:17.87Z\"},\"properties\":{\"deploymentScope\":\"Geographical\",\"description\":null,\"friendlyName\":null,\"applicationGroupReferences\":[\"/subscriptions/6738509d-84ed-4ad6-974a-7dc4e3c34146/resourcegroups/rg-avd-quickstart-ffe15715-dee3-4819-a753-79c9d4b1c015/providers/Microsoft.DesktopVirtualization/applicationgroups/vdag-avd-quickstart-ffe15715-dee3-4819-a753-79c9d4b1c015\"],\"cloudPcResource\":false,\"objectId\":\"b595a0c3-170b-402a-a85c-b02309f4f2b5\"}},{\"name\":\"WenqiTestWS\",\"id\":\"/subscriptions/6738509d-84ed-4ad6-974a-7dc4e3c34146/resourcegroups/WenqiTestRG/providers/Microsoft.DesktopVirtualization/workspaces/WenqiTestWS\",\"type\":\"Microsoft.DesktopVirtualization/workspaces\",\"location\":\"westus2\",\"tags\":{},\"kind\":null,\"systemData\":{\"createdBy\":\"TestWin365@w365runner250520sh01.onmicrosoft.com\",\"createdByType\":\"User\",\"createdAt\":\"2025-05-28T02:53:34.46Z\",\"lastModifiedBy\":\"TestWin365@w365runner250520sh01.onmicrosoft.com\",\"lastModifiedByType\":\"User\",\"lastModifiedAt\":\"2025-05-28T02:53:34.46Z\"},\"properties\":{\"deploymentScope\":\"Geographical\",\"description\":null,\"friendlyName\":null,\"applicationGroupReferences\":[\"/subscriptions/6738509d-84ed-4ad6-974a-7dc4e3c34146/resourcegroups/WenqiTestRG/providers/Microsoft.DesktopVirtualization/applicationgroups/WenqiTestHP-DAG\"],\"cloudPcResource\":false,\"objectId\":\"93da0267-15ee-4a2b-bfd3-b521568eec2c\"}},{\"name\":\"WorkspacePowershell1\",\"id\":\"/subscriptions/6738509d-84ed-4ad6-974a-7dc4e3c34146/resourcegroups/zhongjie-rg-wus/providers/Microsoft.DesktopVirtualization/workspaces/WorkspacePowershell1\",\"type\":\"Microsoft.DesktopVirtualization/workspaces\",\"location\":\"westus2\",\"tags\":{},\"kind\":null,\"systemData\":{\"createdBy\":\"guorui@microsoft.com\",\"createdByType\":\"User\",\"createdAt\":\"2025-11-18T08:17:59.25Z\",\"lastModifiedBy\":\"guorui@microsoft.com\",\"lastModifiedByType\":\"User\",\"lastModifiedAt\":\"2025-11-18T08:17:59.25Z\"},\"properties\":{\"deploymentScope\":\"Geographical\",\"description\":\"des\",\"friendlyName\":\"fri\",\"applicationGroupReferences\":[],\"cloudPcResource\":false,\"objectId\":\"bda36bed-c3c1-461a-bc77-1803fa9a5707\"}},{\"name\":\"WorkspacePowershell2\",\"id\":\"/subscriptions/6738509d-84ed-4ad6-974a-7dc4e3c34146/resourcegroups/zhongjie-rg-wus/providers/Microsoft.DesktopVirtualization/workspaces/WorkspacePowershell2\",\"type\":\"Microsoft.DesktopVirtualization/workspaces\",\"location\":\"westus2\",\"tags\":{},\"kind\":null,\"systemData\":{\"createdBy\":\"guorui@microsoft.com\",\"createdByType\":\"User\",\"createdAt\":\"2025-11-18T08:18:00.19Z\",\"lastModifiedBy\":\"guorui@microsoft.com\",\"lastModifiedByType\":\"User\",\"lastModifiedAt\":\"2025-11-18T08:18:00.19Z\"},\"properties\":{\"deploymentScope\":\"Geographical\",\"description\":\"des\",\"friendlyName\":\"fri\",\"applicationGroupReferences\":[],\"cloudPcResource\":false,\"objectId\":\"e2573ddc-ac62-4d0c-b97d-dcc27c169175\"}},{\"name\":\"WS\",\"id\":\"/subscriptions/6738509d-84ed-4ad6-974a-7dc4e3c34146/resourcegroups/RGTest/providers/Microsoft.DesktopVirtualization/workspaces/WS\",\"type\":\"Microsoft.DesktopVirtualization/workspaces\",\"location\":\"eastus\",\"tags\":{},\"kind\":null,\"systemData\":{\"createdBy\":\"v-barrybu@microsoft.com\",\"createdByType\":\"User\",\"createdAt\":\"2025-06-10T09:52:22.57Z\",\"lastModifiedBy\":\"v-barrybu@microsoft.com\",\"lastModifiedByType\":\"User\",\"lastModifiedAt\":\"2025-06-10T09:52:22.57Z\"},\"properties\":{\"deploymentScope\":\"Geographical\",\"description\":null,\"friendlyName\":null,\"applicationGroupReferences\":[\"/subscriptions/6738509d-84ed-4ad6-974a-7dc4e3c34146/resourcegroups/RGTest/providers/Microsoft.DesktopVirtualization/applicationgroups/HP-DAG\"],\"cloudPcResource\":false,\"objectId\":\"e9a4fdee-620d-4181-bc59-016bd3cd2356\"}},{\"name\":\"yilia-ws\",\"id\":\"/subscriptions/6738509d-84ed-4ad6-974a-7dc4e3c34146/resourcegroups/yilia-rg/providers/Microsoft.DesktopVirtualization/workspaces/yilia-ws\",\"type\":\"Microsoft.DesktopVirtualization/workspaces\",\"location\":\"eastus\",\"tags\":{},\"kind\":null,\"systemData\":{\"createdBy\":\"TestWin365@w365runner250520sh01.onmicrosoft.com\",\"createdByType\":\"User\",\"createdAt\":\"2025-06-24T07:00:59.51Z\",\"lastModifiedBy\":\"TestWin365@w365runner250520sh01.onmicrosoft.com\",\"lastModifiedByType\":\"User\",\"lastModifiedAt\":\"2025-06-24T07:00:59.51Z\"},\"properties\":{\"deploymentScope\":\"Geographical\",\"description\":\"\",\"friendlyName\":\"\",\"applicationGroupReferences\":[\"/subscriptions/6738509d-84ed-4ad6-974a-7dc4e3c34146/resourcegroups/yilia-rg/providers/Microsoft.DesktopVirtualization/applicationgroups/yilia-host-poll-DAG\"],\"cloudPcResource\":false,\"objectId\":\"3ae417d4-9a01-4924-bfdd-d78c1d33bd98\"}},{\"name\":\"zhongjieworkspacewus\",\"id\":\"/subscriptions/6738509d-84ed-4ad6-974a-7dc4e3c34146/resourcegroups/zhongjie-rg-wus/providers/Microsoft.DesktopVirtualization/workspaces/zhongjieworkspacewus\",\"type\":\"Microsoft.DesktopVirtualization/workspaces\",\"location\":\"westus2\",\"tags\":{},\"kind\":null,\"systemData\":{\"createdBy\":\"TestWin365@w365runner250520sh01.onmicrosoft.com\",\"createdByType\":\"User\",\"createdAt\":\"2025-06-27T05:33:22.21Z\",\"lastModifiedBy\":\"zhongjieli@w365runner250520sh01.onmicrosoft.com\",\"lastModifiedByType\":\"User\",\"lastModifiedAt\":\"2025-11-06T06:36:04.89Z\"},\"properties\":{\"deploymentScope\":\"Geographical\",\"description\":null,\"friendlyName\":null,\"applicationGroupReferences\":[\"/subscriptions/6738509d-84ed-4ad6-974a-7dc4e3c34146/resourcegroups/zhongjie-rg-wus/providers/Microsoft.DesktopVirtualization/applicationgroups/zhongjie-automated-DAG\"],\"cloudPcResource\":false,\"objectId\":\"fc07fbc0-85ac-4e02-9990-564f92f88817\"}},{\"name\":\"ziwen-workspace\",\"id\":\"/subscriptions/6738509d-84ed-4ad6-974a-7dc4e3c34146/resourcegroups/ziwen-rg/providers/Microsoft.DesktopVirtualization/workspaces/ziwen-workspace\",\"type\":\"Microsoft.DesktopVirtualization/workspaces\",\"location\":\"eastus\",\"tags\":{},\"kind\":null,\"systemData\":{\"createdBy\":\"TestWin365@w365runner250520sh01.onmicrosoft.com\",\"createdByType\":\"User\",\"createdAt\":\"2025-06-25T08:41:11.74Z\",\"lastModifiedBy\":\"TestWin365@w365runner250520sh01.onmicrosoft.com\",\"lastModifiedByType\":\"User\",\"lastModifiedAt\":\"2025-11-06T15:31:02.70Z\"},\"properties\":{\"deploymentScope\":\"Geographical\",\"description\":null,\"friendlyName\":null,\"applicationGroupReferences\":[\"/subscriptions/6738509d-84ed-4ad6-974a-7dc4e3c34146/resourcegroups/ziwen-rg/providers/Microsoft.DesktopVirtualization/applicationgroups/ziwen-hp-personal-DAG\",\"/subscriptions/6738509d-84ed-4ad6-974a-7dc4e3c34146/resourcegroups/qgongtest/providers/Microsoft.DesktopVirtualization/applicationgroups/HSPqgong-DAG\"],\"cloudPcResource\":false,\"objectId\":\"e65f7d2c-0336-4b8d-be6f-ba965060645a\"}},{\"name\":\"123123\",\"id\":\"/subscriptions/6738509d-84ed-4ad6-974a-7dc4e3c34146/resourcegroups/liwei-rg/providers/Microsoft.DesktopVirtualization/workspaces/123123\",\"type\":\"Microsoft.DesktopVirtualization/workspaces\",\"location\":\"eastus\",\"tags\":{},\"kind\":null,\"systemData\":{\"createdBy\":\"liwei@w365runner250520sh01.onmicrosoft.com\",\"createdByType\":\"User\",\"createdAt\":\"2025-09-18T08:51:44.97Z\",\"lastModifiedBy\":\"liwei@w365runner250520sh01.onmicrosoft.com\",\"lastModifiedByType\":\"User\",\"lastModifiedAt\":\"2025-09-19T00:58:32.19Z\"},\"properties\":{\"deploymentScope\":\"Geographical\",\"description\":\"\",\"friendlyName\":\"\",\"applicationGroupReferences\":[],\"cloudPcResource\":false,\"objectId\":\"2ffc6c14-ff3e-4e19-afcd-aeeb5c38a77d\"}},{\"name\":\"33333\",\"id\":\"/subscriptions/6738509d-84ed-4ad6-974a-7dc4e3c34146/resourcegroups/liwei-rg/providers/Microsoft.DesktopVirtualization/workspaces/33333\",\"type\":\"Microsoft.DesktopVirtualization/workspaces\",\"location\":\"eastus\",\"tags\":{},\"kind\":null,\"systemData\":{\"createdBy\":\"liwei@w365runner250520sh01.onmicrosoft.com\",\"createdByType\":\"User\",\"createdAt\":\"2025-09-19T00:53:21.85Z\",\"lastModifiedBy\":\"liwei@w365runner250520sh01.onmicrosoft.com\",\"lastModifiedByType\":\"User\",\"lastModifiedAt\":\"2025-09-19T00:57:40.14Z\"},\"properties\":{\"deploymentScope\":\"Geographical\",\"description\":\"\",\"friendlyName\":\"\",\"applicationGroupReferences\":[],\"cloudPcResource\":false,\"objectId\":\"e9b0b106-249e-47f7-a789-85fda882d961\"}},{\"name\":\"andyCentralUSSpace\",\"id\":\"/subscriptions/6738509d-84ed-4ad6-974a-7dc4e3c34146/resourcegroups/andyResourceGroup/providers/Microsoft.DesktopVirtualization/workspaces/andyCentralUSSpace\",\"type\":\"Microsoft.DesktopVirtualization/workspaces\",\"location\":\"centralus\",\"tags\":{},\"kind\":null,\"systemData\":{\"createdBy\":\"v-andywang@microsoft.com\",\"createdByType\":\"User\",\"createdAt\":\"2025-11-12T07:20:20.78Z\",\"lastModifiedBy\":\"hh@w365runner250520sh01.onmicrosoft.com\",\"lastModifiedByType\":\"User\",\"lastModifiedAt\":\"2025-11-13T22:34:15.78Z\"},\"properties\":{\"deploymentScope\":\"Geographical\",\"description\":\"\",\"friendlyName\":\"\",\"applicationGroupReferences\":[\"/subscriptions/6738509d-84ed-4ad6-974a-7dc4e3c34146/resourcegroups/andyResourceGroup/providers/Microsoft.DesktopVirtualization/applicationgroups/EOSD_Public_Preview_02-DAG\",\"/subscriptions/6738509d-84ed-4ad6-974a-7dc4e3c34146/resourcegroups/andyResourceGroup/providers/Microsoft.DesktopVirtualization/applicationgroups/EOSD_Public_Preview_01-DAG\",\"/subscriptions/6738509d-84ed-4ad6-974a-7dc4e3c34146/resourcegroups/andyResourceGroup/providers/Microsoft.DesktopVirtualization/applicationgroups/andy22PooledAutoHp-DAG\"],\"cloudPcResource\":false,\"objectId\":\"32bedc55-cf0e-46ea-bf86-22ce6b0fc800\"}},{\"name\":\"ddddd1\",\"id\":\"/subscriptions/6738509d-84ed-4ad6-974a-7dc4e3c34146/resourcegroups/liwei-rg/providers/Microsoft.DesktopVirtualization/workspaces/ddddd1\",\"type\":\"Microsoft.DesktopVirtualization/workspaces\",\"location\":\"eastus\",\"tags\":{},\"kind\":null,\"systemData\":{\"createdBy\":\"liwei@w365runner250520sh01.onmicrosoft.com\",\"createdByType\":\"User\",\"createdAt\":\"2025-09-19T01:16:58.80Z\",\"lastModifiedBy\":\"liwei@w365runner250520sh01.onmicrosoft.com\",\"lastModifiedByType\":\"User\",\"lastModifiedAt\":\"2025-09-19T01:16:58.80Z\"},\"properties\":{\"deploymentScope\":\"Geographical\",\"description\":null,\"friendlyName\":null,\"applicationGroupReferences\":[\"/subscriptions/6738509d-84ed-4ad6-974a-7dc4e3c34146/resourcegroups/liwei-rg/providers/Microsoft.DesktopVirtualization/applicationgroups/dgwstest11-DAG\"],\"cloudPcResource\":false,\"objectId\":\"713a6f2a-1ac4-4062-875e-54fc4503caf0\"}},{\"name\":\"fanliuWS\",\"id\":\"/subscriptions/6738509d-84ed-4ad6-974a-7dc4e3c34146/resourcegroups/fanliu-test/providers/Microsoft.DesktopVirtualization/workspaces/fanliuWS\",\"type\":\"Microsoft.DesktopVirtualization/workspaces\",\"location\":\"westus3\",\"tags\":{},\"kind\":null,\"systemData\":{\"createdBy\":\"TestWin365@w365runner250520sh01.onmicrosoft.com\",\"createdByType\":\"User\",\"createdAt\":\"2025-06-26T10:32:14.26Z\",\"lastModifiedBy\":\"TestWin365@w365runner250520sh01.onmicrosoft.com\",\"lastModifiedByType\":\"User\",\"lastModifiedAt\":\"2025-06-26T10:32:14.26Z\"},\"properties\":{\"deploymentScope\":\"Geographical\",\"description\":null,\"friendlyName\":null,\"applicationGroupReferences\":[],\"cloudPcResource\":false,\"objectId\":\"d3e33e7e-6a95-4209-9aaa-3c3c0c25d3a6\"}},{\"name\":\"hjz-workspace\",\"id\":\"/subscriptions/6738509d-84ed-4ad6-974a-7dc4e3c34146/resourcegroups/huajieTest/providers/Microsoft.DesktopVirtualization/workspaces/hjz-workspace\",\"type\":\"Microsoft.DesktopVirtualization/workspaces\",\"location\":\"eastus\",\"tags\":{},\"kind\":null,\"systemData\":{\"createdBy\":\"TestWin365@w365runner250520sh01.onmicrosoft.com\",\"createdByType\":\"User\",\"createdAt\":\"2025-06-24T07:05:25.00Z\",\"lastModifiedBy\":\"TestWin365@w365runner250520sh01.onmicrosoft.com\",\"lastModifiedByType\":\"User\",\"lastModifiedAt\":\"2025-06-27T05:51:58.91Z\"},\"properties\":{\"deploymentScope\":\"Geographical\",\"description\":\"\",\"friendlyName\":\"\",\"applicationGroupReferences\":[],\"cloudPcResource\":false,\"objectId\":\"08967be0-2d86-45a1-98e6-e96573a4200c\"}},{\"name\":\"hongsi-workspace1\",\"id\":\"/subscriptions/6738509d-84ed-4ad6-974a-7dc4e3c34146/resourcegroups/hongsi-avgtest-rg/providers/Microsoft.DesktopVirtualization/workspaces/hongsi-workspace1\",\"type\":\"Microsoft.DesktopVirtualization/workspaces\",\"location\":\"eastus\",\"tags\":{},\"kind\":null,\"systemData\":{\"createdBy\":\"TestWin365@w365runner250520sh01.onmicrosoft.com\",\"createdByType\":\"User\",\"createdAt\":\"2025-05-30T09:19:52.19Z\",\"lastModifiedBy\":\"TestWin365@w365runner250520sh01.onmicrosoft.com\",\"lastModifiedByType\":\"User\",\"lastModifiedAt\":\"2025-05-30T09:19:52.19Z\"},\"properties\":{\"deploymentScope\":\"Geographical\",\"description\":\"\",\"friendlyName\":\"\",\"applicationGroupReferences\":[],\"cloudPcResource\":false,\"objectId\":\"2444802e-1ebc-4d7a-828b-97f6b73b4f1f\"}},{\"name\":\"hunworkspace\",\"id\":\"/subscriptions/6738509d-84ed-4ad6-974a-7dc4e3c34146/resourcegroups/hun-ag/providers/Microsoft.DesktopVirtualization/workspaces/hunworkspace\",\"type\":\"Microsoft.DesktopVirtualization/workspaces\",\"location\":\"eastus\",\"tags\":{},\"kind\":null,\"systemData\":{\"createdBy\":\"TestWin365@w365runner250520sh01.onmicrosoft.com\",\"createdByType\":\"User\",\"createdAt\":\"2025-06-04T06:32:12.89Z\",\"lastModifiedBy\":\"TestWin365@w365runner250520sh01.onmicrosoft.com\",\"lastModifiedByType\":\"User\",\"lastModifiedAt\":\"2025-06-04T06:32:12.89Z\"},\"properties\":{\"deploymentScope\":\"Geographical\",\"description\":null,\"friendlyName\":null,\"applicationGroupReferences\":[\"/subscriptions/6738509d-84ed-4ad6-974a-7dc4e3c34146/resourcegroups/hun-ag/providers/Microsoft.DesktopVirtualization/applicationgroups/hunpool-DAG\"],\"cloudPcResource\":false,\"objectId\":\"90718a52-5de6-4e85-9250-160c78ed4de5\"}},{\"name\":\"liu-test\",\"id\":\"/subscriptions/6738509d-84ed-4ad6-974a-7dc4e3c34146/resourcegroups/liu-test/providers/Microsoft.DesktopVirtualization/workspaces/liu-test\",\"type\":\"Microsoft.DesktopVirtualization/workspaces\",\"location\":\"eastus\",\"tags\":{},\"kind\":null,\"systemData\":{\"createdBy\":\"TestWin365@w365runner250520sh01.onmicrosoft.com\",\"createdByType\":\"User\",\"createdAt\":\"2025-06-24T04:29:13.85Z\",\"lastModifiedBy\":\"TestWin365@w365runner250520sh01.onmicrosoft.com\",\"lastModifiedByType\":\"User\",\"lastModifiedAt\":\"2025-06-24T05:00:56.58Z\"},\"properties\":{\"deploymentScope\":\"Geographical\",\"description\":\"\",\"friendlyName\":\"\",\"applicationGroupReferences\":[],\"cloudPcResource\":false,\"objectId\":\"bc1a10d2-4fd3-4d39-beb6-ffaae0da7e43\"}},{\"name\":\"liwei-desktop-workspace\",\"id\":\"/subscriptions/6738509d-84ed-4ad6-974a-7dc4e3c34146/resourcegroups/liwei-rg/providers/Microsoft.DesktopVirtualization/workspaces/liwei-desktop-workspace\",\"type\":\"Microsoft.DesktopVirtualization/workspaces\",\"location\":\"eastus\",\"tags\":{},\"kind\":null,\"systemData\":{\"createdBy\":\"liwei@w365runner250520sh01.onmicrosoft.com\",\"createdByType\":\"User\",\"createdAt\":\"2025-06-19T02:06:44.26Z\",\"lastModifiedBy\":\"liwei@w365runner250520sh01.onmicrosoft.com\",\"lastModifiedByType\":\"User\",\"lastModifiedAt\":\"2025-06-19T02:06:44.26Z\"},\"properties\":{\"deploymentScope\":\"Geographical\",\"description\":\"\",\"friendlyName\":\"\",\"applicationGroupReferences\":[\"/subscriptions/6738509d-84ed-4ad6-974a-7dc4e3c34146/resourcegroups/liwei-rg/providers/Microsoft.DesktopVirtualization/applicationgroups/liwei-avd-pool-DAG\"],\"cloudPcResource\":false,\"objectId\":\"92887a15-13a1-4a96-9ff6-f949e70a0c4a\"}},{\"name\":\"liweiws\",\"id\":\"/subscriptions/6738509d-84ed-4ad6-974a-7dc4e3c34146/resourcegroups/liwei-rg/providers/Microsoft.DesktopVirtualization/workspaces/liweiws\",\"type\":\"Microsoft.DesktopVirtualization/workspaces\",\"location\":\"eastus\",\"tags\":{},\"kind\":null,\"systemData\":{\"createdBy\":\"liwei@w365runner250520sh01.onmicrosoft.com\",\"createdByType\":\"User\",\"createdAt\":\"2025-07-04T05:36:40.61Z\",\"lastModifiedBy\":\"liwei@w365runner250520sh01.onmicrosoft.com\",\"lastModifiedByType\":\"User\",\"lastModifiedAt\":\"2025-07-04T05:36:40.61Z\"},\"properties\":{\"deploymentScope\":\"Geographical\",\"description\":null,\"friendlyName\":null,\"applicationGroupReferences\":[\"/subscriptions/6738509d-84ed-4ad6-974a-7dc4e3c34146/resourcegroups/liwei-rg/providers/Microsoft.DesktopVirtualization/applicationgroups/liweidiagtest-DAG\"],\"cloudPcResource\":false,\"objectId\":\"fd80f75c-e4e1-4187-a70f-66156bf058de\"}},{\"name\":\"liweiws1\",\"id\":\"/subscriptions/6738509d-84ed-4ad6-974a-7dc4e3c34146/resourcegroups/liwei-rg/providers/Microsoft.DesktopVirtualization/workspaces/liweiws1\",\"type\":\"Microsoft.DesktopVirtualization/workspaces\",\"location\":\"eastus\",\"tags\":{},\"kind\":null,\"systemData\":{\"createdBy\":\"liwei@w365runner250520sh01.onmicrosoft.com\",\"createdByType\":\"User\",\"createdAt\":\"2025-07-04T05:50:16.71Z\",\"lastModifiedBy\":\"liwei@w365runner250520sh01.onmicrosoft.com\",\"lastModifiedByType\":\"User\",\"lastModifiedAt\":\"2025-10-28T08:48:51.71Z\"},\"properties\":{\"deploymentScope\":\"Geographical\",\"description\":null,\"friendlyName\":null,\"applicationGroupReferences\":[\"/subscriptions/6738509d-84ed-4ad6-974a-7dc4e3c34146/resourcegroups/liwei-rg/providers/Microsoft.DesktopVirtualization/applicationgroups/liweidiagtest4-DAG\",\"/subscriptions/6738509d-84ed-4ad6-974a-7dc4e3c34146/resourcegroups/liwei-rg/providers/Microsoft.DesktopVirtualization/applicationgroups/liweidiagtest8-DAG\",\"/subscriptions/6738509d-84ed-4ad6-974a-7dc4e3c34146/resourcegroups/liwei-rg/providers/Microsoft.DesktopVirtualization/applicationgroups/liweidiagtest3-DAG\",\"/subscriptions/6738509d-84ed-4ad6-974a-7dc4e3c34146/resourcegroups/liwei-rg/providers/Microsoft.DesktopVirtualization/applicationgroups/liweidiagtest6-DAG\",\"/subscriptions/6738509d-84ed-4ad6-974a-7dc4e3c34146/resourcegroups/liwei-rg/providers/Microsoft.DesktopVirtualization/applicationgroups/liweidiagtest7-DAG\"],\"cloudPcResource\":false,\"objectId\":\"f9f7a6e7-0f70-444c-84fe-447baa203833\"}},{\"name\":\"liweiws4\",\"id\":\"/subscriptions/6738509d-84ed-4ad6-974a-7dc4e3c34146/resourcegroups/liwei-rg/providers/Microsoft.DesktopVirtualization/workspaces/liweiws4\",\"type\":\"Microsoft.DesktopVirtualization/workspaces\",\"location\":\"eastus\",\"tags\":{},\"kind\":null,\"systemData\":{\"createdBy\":\"liwei@w365runner250520sh01.onmicrosoft.com\",\"createdByType\":\"User\",\"createdAt\":\"2025-07-04T06:12:26.16Z\",\"lastModifiedBy\":\"liwei@w365runner250520sh01.onmicrosoft.com\",\"lastModifiedByType\":\"User\",\"lastModifiedAt\":\"2025-07-04T06:16:32.53Z\"},\"properties\":{\"deploymentScope\":\"Geographical\",\"description\":null,\"friendlyName\":null,\"applicationGroupReferences\":[\"/subscriptions/6738509d-84ed-4ad6-974a-7dc4e3c34146/resourcegroups/liwei-rg/providers/Microsoft.DesktopVirtualization/applicationgroups/liweiapg1\",\"/subscriptions/6738509d-84ed-4ad6-974a-7dc4e3c34146/resourcegroups/liwei-rg/providers/Microsoft.DesktopVirtualization/applicationgroups/liweidiagtest5-DAG\"],\"cloudPcResource\":false,\"objectId\":\"7e1daba0-ba29-4d15-b11e-dec652371a4b\"}},{\"name\":\"liwei-ws-test123\",\"id\":\"/subscriptions/6738509d-84ed-4ad6-974a-7dc4e3c34146/resourcegroups/liwei-rg/providers/Microsoft.DesktopVirtualization/workspaces/liwei-ws-test123\",\"type\":\"Microsoft.DesktopVirtualization/workspaces\",\"location\":\"eastus\",\"tags\":{},\"kind\":null,\"systemData\":{\"createdBy\":\"liwei@w365runner250520sh01.onmicrosoft.com\",\"createdByType\":\"User\",\"createdAt\":\"2025-09-16T05:10:27.42Z\",\"lastModifiedBy\":\"liwei@w365runner250520sh01.onmicrosoft.com\",\"lastModifiedByType\":\"User\",\"lastModifiedAt\":\"2025-10-10T07:45:57.71Z\"},\"properties\":{\"deploymentScope\":\"Geographical\",\"description\":\"\",\"friendlyName\":\"\",\"applicationGroupReferences\":[\"/subscriptions/6738509d-84ed-4ad6-974a-7dc4e3c34146/resourcegroups/liwei-rg/providers/Microsoft.DesktopVirtualization/applicationgroups/liweitesthp111-DAG\"],\"cloudPcResource\":false,\"objectId\":\"3a5d81e7-64c2-4b42-9559-8fa912888c38\"}},{\"name\":\"liwe-remote-app-ws\",\"id\":\"/subscriptions/6738509d-84ed-4ad6-974a-7dc4e3c34146/resourcegroups/liwei-rg/providers/Microsoft.DesktopVirtualization/workspaces/liwe-remote-app-ws\",\"type\":\"Microsoft.DesktopVirtualization/workspaces\",\"location\":\"eastus2\",\"tags\":{},\"kind\":null,\"systemData\":{\"createdBy\":\"liwei@w365runner250520sh01.onmicrosoft.com\",\"createdByType\":\"User\",\"createdAt\":\"2025-06-23T03:03:13.01Z\",\"lastModifiedBy\":\"ximeng@w365runner250520sh01.onmicrosoft.com\",\"lastModifiedByType\":\"User\",\"lastModifiedAt\":\"2025-10-28T06:38:17.40Z\"},\"properties\":{\"deploymentScope\":\"Geographical\",\"description\":\"\",\"friendlyName\":\"\",\"applicationGroupReferences\":[\"/subscriptions/6738509d-84ed-4ad6-974a-7dc4e3c34146/resourcegroups/andyResourceGroup/providers/Microsoft.DesktopVirtualization/applicationgroups/deploymentscope_flight_off-DAG\",\"/subscriptions/6738509d-84ed-4ad6-974a-7dc4e3c34146/resourcegroups/liwei-rg/providers/Microsoft.DesktopVirtualization/applicationgroups/liwei-remote-app-group\"],\"cloudPcResource\":false,\"objectId\":\"e6ad26cb-1f5c-47c2-8453-04fe147d43bf\"}},{\"name\":\"PrivateLinkWorkspace\",\"id\":\"/subscriptions/6738509d-84ed-4ad6-974a-7dc4e3c34146/resourcegroups/zhongjie-rg-wus/providers/Microsoft.DesktopVirtualization/workspaces/PrivateLinkWorkspace\",\"type\":\"Microsoft.DesktopVirtualization/workspaces\",\"location\":\"westus2\",\"tags\":{},\"kind\":null,\"systemData\":{\"createdBy\":\"guorui@microsoft.com\",\"createdByType\":\"User\",\"createdAt\":\"2025-11-18T08:14:29.14Z\",\"lastModifiedBy\":\"guorui@microsoft.com\",\"lastModifiedByType\":\"User\",\"lastModifiedAt\":\"2025-11-18T08:14:29.14Z\"},\"properties\":{\"deploymentScope\":\"Geographical\",\"description\":\"des\",\"friendlyName\":\"fri\",\"applicationGroupReferences\":[],\"cloudPcResource\":false,\"objectId\":\"04215b69-7e39-454e-b884-ac4630bc122b\"}},{\"name\":\"rui-eus-workspace\",\"id\":\"/subscriptions/6738509d-84ed-4ad6-974a-7dc4e3c34146/resourcegroups/rui-eus-rg/providers/Microsoft.DesktopVirtualization/workspaces/rui-eus-workspace\",\"type\":\"Microsoft.DesktopVirtualization/workspaces\",\"location\":\"eastus\",\"tags\":{},\"kind\":null,\"systemData\":{\"createdBy\":\"guorui@microsoft.com\",\"createdByType\":\"User\",\"createdAt\":\"2025-11-05T10:09:39.06Z\",\"lastModifiedBy\":\"guorui@microsoft.com\",\"lastModifiedByType\":\"User\",\"lastModifiedAt\":\"2025-11-05T10:09:39.06Z\"},\"properties\":{\"deploymentScope\":\"Geographical\",\"description\":null,\"friendlyName\":null,\"applicationGroupReferences\":[],\"cloudPcResource\":false,\"objectId\":\"25c60076-561d-40c4-9376-27e4a7a76e5c\"}},{\"name\":\"shanglinli_test_workspace\",\"id\":\"/subscriptions/6738509d-84ed-4ad6-974a-7dc4e3c34146/resourcegroups/shanglinli_test_rg/providers/Microsoft.DesktopVirtualization/workspaces/shanglinli_test_workspace\",\"type\":\"Microsoft.DesktopVirtualization/workspaces\",\"location\":\"eastus\",\"tags\":{},\"kind\":null,\"systemData\":{\"createdBy\":\"shanglinli@w365runner250520sh01.onmicrosoft.com\",\"createdByType\":\"User\",\"createdAt\":\"2025-06-19T07:01:35.45Z\",\"lastModifiedBy\":\"shanglinli@w365runner250520sh01.onmicrosoft.com\",\"lastModifiedByType\":\"User\",\"lastModifiedAt\":\"2025-06-19T07:01:35.45Z\"},\"properties\":{\"deploymentScope\":\"Geographical\",\"description\":\"\",\"friendlyName\":\"\",\"applicationGroupReferences\":[\"/subscriptions/6738509d-84ed-4ad6-974a-7dc4e3c34146/resourcegroups/shanglinli_test_rg/providers/Microsoft.DesktopVirtualization/applicationgroups/shanglinli_host_pool-DAG\"],\"cloudPcResource\":false,\"objectId\":\"71ea4e95-9ccd-436e-b49b-4262b77a44a5\"}},{\"name\":\"test\",\"id\":\"/subscriptions/6738509d-84ed-4ad6-974a-7dc4e3c34146/resourcegroups/test/providers/Microsoft.DesktopVirtualization/workspaces/test\",\"type\":\"Microsoft.DesktopVirtualization/workspaces\",\"location\":\"eastus\",\"tags\":{},\"kind\":null,\"systemData\":{\"createdBy\":\"TestWin365@w365runner250520sh01.onmicrosoft.com\",\"createdByType\":\"User\",\"createdAt\":\"2025-06-03T08:44:37.08Z\",\"lastModifiedBy\":\"TestWin365@w365runner250520sh01.onmicrosoft.com\",\"lastModifiedByType\":\"User\",\"lastModifiedAt\":\"2025-06-03T08:44:37.08Z\"},\"properties\":{\"deploymentScope\":\"Geographical\",\"description\":\"\",\"friendlyName\":\"\",\"applicationGroupReferences\":[\"/subscriptions/6738509d-84ed-4ad6-974a-7dc4e3c34146/resourcegroups/test/providers/Microsoft.DesktopVirtualization/applicationgroups/TestHostPool-DAG\"],\"cloudPcResource\":false,\"objectId\":\"4c1ba5cc-8431-45c8-9b23-7de3990b0177\"}},{\"name\":\"vdws-avd-quickstart-471ab962-5865-4b30-9355-968d6cba2015\",\"id\":\"/subscriptions/6738509d-84ed-4ad6-974a-7dc4e3c34146/resourcegroups/rg-avd-quickstart-471ab962-5865-4b30-9355-968d6cba2015/providers/Microsoft.DesktopVirtualization/workspaces/vdws-avd-quickstart-471ab962-5865-4b30-9355-968d6cba2015\",\"type\":\"Microsoft.DesktopVirtualization/workspaces\",\"location\":\"eastus\",\"tags\":{},\"kind\":null,\"systemData\":{\"createdBy\":\"hh@w365runner250520sh01.onmicrosoft.com\",\"createdByType\":\"User\",\"createdAt\":\"2025-09-04T07:03:10.95Z\",\"lastModifiedBy\":\"hh@w365runner250520sh01.onmicrosoft.com\",\"lastModifiedByType\":\"User\",\"lastModifiedAt\":\"2025-09-04T07:03:10.95Z\"},\"properties\":{\"deploymentScope\":\"Geographical\",\"description\":null,\"friendlyName\":null,\"applicationGroupReferences\":[\"/subscriptions/6738509d-84ed-4ad6-974a-7dc4e3c34146/resourcegroups/rg-avd-quickstart-471ab962-5865-4b30-9355-968d6cba2015/providers/Microsoft.DesktopVirtualization/applicationgroups/vdag-avd-quickstart-471ab962-5865-4b30-9355-968d6cba2015\"],\"cloudPcResource\":false,\"objectId\":\"d182d23e-65e8-4069-a8db-59b5a8e83424\"}},{\"name\":\"vdws-avd-quickstart-4b5748e7-ceec-4e41-badc-78465e352016\",\"id\":\"/subscriptions/6738509d-84ed-4ad6-974a-7dc4e3c34146/resourcegroups/rg-avd-quickstart-4b5748e7-ceec-4e41-badc-78465e352016/providers/Microsoft.DesktopVirtualization/workspaces/vdws-avd-quickstart-4b5748e7-ceec-4e41-badc-78465e352016\",\"type\":\"Microsoft.DesktopVirtualization/workspaces\",\"location\":\"eastus\",\"tags\":{},\"kind\":null,\"systemData\":{\"createdBy\":\"hh@w365runner250520sh01.onmicrosoft.com\",\"createdByType\":\"User\",\"createdAt\":\"2025-09-04T06:56:10.23Z\",\"lastModifiedBy\":\"hh@w365runner250520sh01.onmicrosoft.com\",\"lastModifiedByType\":\"User\",\"lastModifiedAt\":\"2025-09-04T06:56:10.23Z\"},\"properties\":{\"deploymentScope\":\"Geographical\",\"description\":null,\"friendlyName\":null,\"applicationGroupReferences\":[\"/subscriptions/6738509d-84ed-4ad6-974a-7dc4e3c34146/resourcegroups/rg-avd-quickstart-4b5748e7-ceec-4e41-badc-78465e352016/providers/Microsoft.DesktopVirtualization/applicationgroups/vdag-avd-quickstart-4b5748e7-ceec-4e41-badc-78465e352016\"],\"cloudPcResource\":false,\"objectId\":\"f261c97d-3e1c-4cfe-97cd-93c9ada465be\"}},{\"name\":\"vdws-avd-quickstart-4ecd2c29-c64b-4cd2-be0c-9c113ef9e027\",\"id\":\"/subscriptions/6738509d-84ed-4ad6-974a-7dc4e3c34146/resourcegroups/rg-avd-quickstart-4ecd2c29-c64b-4cd2-be0c-9c113ef9e027/providers/Microsoft.DesktopVirtualization/workspaces/vdws-avd-quickstart-4ecd2c29-c64b-4cd2-be0c-9c113ef9e027\",\"type\":\"Microsoft.DesktopVirtualization/workspaces\",\"location\":\"eastus\",\"tags\":{},\"kind\":null,\"systemData\":{\"createdBy\":\"hh@w365runner250520sh01.onmicrosoft.com\",\"createdByType\":\"User\",\"createdAt\":\"2025-09-23T04:55:38.54Z\",\"lastModifiedBy\":\"hh@w365runner250520sh01.onmicrosoft.com\",\"lastModifiedByType\":\"User\",\"lastModifiedAt\":\"2025-09-23T04:55:38.54Z\"},\"properties\":{\"deploymentScope\":\"Geographical\",\"description\":null,\"friendlyName\":null,\"applicationGroupReferences\":[\"/subscriptions/6738509d-84ed-4ad6-974a-7dc4e3c34146/resourcegroups/rg-avd-quickstart-4ecd2c29-c64b-4cd2-be0c-9c113ef9e027/providers/Microsoft.DesktopVirtualization/applicationgroups/vdag-avd-quickstart-4ecd2c29-c64b-4cd2-be0c-9c113ef9e027\"],\"cloudPcResource\":false,\"objectId\":\"9e6dff2f-a5cf-4f59-a2b1-1a7de97479cf\"}},{\"name\":\"vdws-avd-quickstart-58d5d790-eca6-4388-9a7d-8a65bd63d015\",\"id\":\"/subscriptions/6738509d-84ed-4ad6-974a-7dc4e3c34146/resourcegroups/rg-avd-quickstart-58d5d790-eca6-4388-9a7d-8a65bd63d015/providers/Microsoft.DesktopVirtualization/workspaces/vdws-avd-quickstart-58d5d790-eca6-4388-9a7d-8a65bd63d015\",\"type\":\"Microsoft.DesktopVirtualization/workspaces\",\"location\":\"eastus\",\"tags\":{},\"kind\":null,\"systemData\":{\"createdBy\":\"hh@w365runner250520sh01.onmicrosoft.com\",\"createdByType\":\"User\",\"createdAt\":\"2025-09-04T09:37:03.44Z\",\"lastModifiedBy\":\"hh@w365runner250520sh01.onmicrosoft.com\",\"lastModifiedByType\":\"User\",\"lastModifiedAt\":\"2025-09-04T09:37:03.44Z\"},\"properties\":{\"deploymentScope\":\"Geographical\",\"description\":null,\"friendlyName\":null,\"applicationGroupReferences\":[\"/subscriptions/6738509d-84ed-4ad6-974a-7dc4e3c34146/resourcegroups/rg-avd-quickstart-58d5d790-eca6-4388-9a7d-8a65bd63d015/providers/Microsoft.DesktopVirtualization/applicationgroups/vdag-avd-quickstart-58d5d790-eca6-4388-9a7d-8a65bd63d015\"],\"cloudPcResource\":false,\"objectId\":\"73fdf20e-94d3-4a55-b139-2094760fb264\"}},{\"name\":\"vdws-avd-quickstart-73a83c06-205b-4651-9e50-dc2621c7401f\",\"id\":\"/subscriptions/6738509d-84ed-4ad6-974a-7dc4e3c34146/resourcegroups/rg-avd-quickstart-73a83c06-205b-4651-9e50-dc2621c7401f/providers/Microsoft.DesktopVirtualization/workspaces/vdws-avd-quickstart-73a83c06-205b-4651-9e50-dc2621c7401f\",\"type\":\"Microsoft.DesktopVirtualization/workspaces\",\"location\":\"centralus\",\"tags\":{},\"kind\":null,\"systemData\":{\"createdBy\":\"TestWin365@w365runner250520sh01.onmicrosoft.com\",\"createdByType\":\"User\",\"createdAt\":\"2025-11-11T08:44:18.70Z\",\"lastModifiedBy\":\"TestWin365@w365runner250520sh01.onmicrosoft.com\",\"lastModifiedByType\":\"User\",\"lastModifiedAt\":\"2025-11-11T08:44:18.70Z\"},\"properties\":{\"deploymentScope\":\"Geographical\",\"description\":null,\"friendlyName\":null,\"applicationGroupReferences\":[\"/subscriptions/6738509d-84ed-4ad6-974a-7dc4e3c34146/resourcegroups/rg-avd-quickstart-73a83c06-205b-4651-9e50-dc2621c7401f/providers/Microsoft.DesktopVirtualization/applicationgroups/vdag-avd-quickstart-73a83c06-205b-4651-9e50-dc2621c7401f\"],\"cloudPcResource\":false,\"objectId\":\"f7387e64-a571-4633-981e-90ec6ec0844e\"}},{\"name\":\"vdws-avd-quickstart-e8f4d878-f1c2-4bd2-8158-2e5869dfb015\",\"id\":\"/subscriptions/6738509d-84ed-4ad6-974a-7dc4e3c34146/resourcegroups/rg-avd-quickstart-e8f4d878-f1c2-4bd2-8158-2e5869dfb015/providers/Microsoft.DesktopVirtualization/workspaces/vdws-avd-quickstart-e8f4d878-f1c2-4bd2-8158-2e5869dfb015\",\"type\":\"Microsoft.DesktopVirtualization/workspaces\",\"location\":\"eastus\",\"tags\":{},\"kind\":null,\"systemData\":{\"createdBy\":\"hh@w365runner250520sh01.onmicrosoft.com\",\"createdByType\":\"User\",\"createdAt\":\"2025-09-18T03:01:04.45Z\",\"lastModifiedBy\":\"hh@w365runner250520sh01.onmicrosoft.com\",\"lastModifiedByType\":\"User\",\"lastModifiedAt\":\"2025-09-18T03:01:04.45Z\"},\"properties\":{\"deploymentScope\":\"Geographical\",\"description\":null,\"friendlyName\":null,\"applicationGroupReferences\":[\"/subscriptions/6738509d-84ed-4ad6-974a-7dc4e3c34146/resourcegroups/rg-avd-quickstart-e8f4d878-f1c2-4bd2-8158-2e5869dfb015/providers/Microsoft.DesktopVirtualization/applicationgroups/vdag-avd-quickstart-e8f4d878-f1c2-4bd2-8158-2e5869dfb015\"],\"cloudPcResource\":false,\"objectId\":\"443581d5-bba4-442b-8e69-451e7ac524c8\"}},{\"name\":\"vdws-avd-quickstart-ffe15715-dee3-4819-a753-79c9d4b1c015\",\"id\":\"/subscriptions/6738509d-84ed-4ad6-974a-7dc4e3c34146/resourcegroups/rg-avd-quickstart-ffe15715-dee3-4819-a753-79c9d4b1c015/providers/Microsoft.DesktopVirtualization/workspaces/vdws-avd-quickstart-ffe15715-dee3-4819-a753-79c9d4b1c015\",\"type\":\"Microsoft.DesktopVirtualization/workspaces\",\"location\":\"westus2\",\"tags\":{},\"kind\":null,\"systemData\":{\"createdBy\":\"hh@w365runner250520sh01.onmicrosoft.com\",\"createdByType\":\"User\",\"createdAt\":\"2025-09-18T07:11:17.87Z\",\"lastModifiedBy\":\"hh@w365runner250520sh01.onmicrosoft.com\",\"lastModifiedByType\":\"User\",\"lastModifiedAt\":\"2025-09-18T07:11:17.87Z\"},\"properties\":{\"deploymentScope\":\"Geographical\",\"description\":null,\"friendlyName\":null,\"applicationGroupReferences\":[\"/subscriptions/6738509d-84ed-4ad6-974a-7dc4e3c34146/resourcegroups/rg-avd-quickstart-ffe15715-dee3-4819-a753-79c9d4b1c015/providers/Microsoft.DesktopVirtualization/applicationgroups/vdag-avd-quickstart-ffe15715-dee3-4819-a753-79c9d4b1c015\"],\"cloudPcResource\":false,\"objectId\":\"b595a0c3-170b-402a-a85c-b02309f4f2b5\"}},{\"name\":\"WenqiTestWS\",\"id\":\"/subscriptions/6738509d-84ed-4ad6-974a-7dc4e3c34146/resourcegroups/WenqiTestRG/providers/Microsoft.DesktopVirtualization/workspaces/WenqiTestWS\",\"type\":\"Microsoft.DesktopVirtualization/workspaces\",\"location\":\"westus2\",\"tags\":{},\"kind\":null,\"systemData\":{\"createdBy\":\"TestWin365@w365runner250520sh01.onmicrosoft.com\",\"createdByType\":\"User\",\"createdAt\":\"2025-05-28T02:53:34.46Z\",\"lastModifiedBy\":\"TestWin365@w365runner250520sh01.onmicrosoft.com\",\"lastModifiedByType\":\"User\",\"lastModifiedAt\":\"2025-05-28T02:53:34.46Z\"},\"properties\":{\"deploymentScope\":\"Geographical\",\"description\":null,\"friendlyName\":null,\"applicationGroupReferences\":[\"/subscriptions/6738509d-84ed-4ad6-974a-7dc4e3c34146/resourcegroups/WenqiTestRG/providers/Microsoft.DesktopVirtualization/applicationgroups/WenqiTestHP-DAG\"],\"cloudPcResource\":false,\"objectId\":\"93da0267-15ee-4a2b-bfd3-b521568eec2c\"}},{\"name\":\"WorkspacePowershell1\",\"id\":\"/subscriptions/6738509d-84ed-4ad6-974a-7dc4e3c34146/resourcegroups/zhongjie-rg-wus/providers/Microsoft.DesktopVirtualization/workspaces/WorkspacePowershell1\",\"type\":\"Microsoft.DesktopVirtualization/workspaces\",\"location\":\"westus2\",\"tags\":{},\"kind\":null,\"systemData\":{\"createdBy\":\"guorui@microsoft.com\",\"createdByType\":\"User\",\"createdAt\":\"2025-11-18T08:17:59.25Z\",\"lastModifiedBy\":\"guorui@microsoft.com\",\"lastModifiedByType\":\"User\",\"lastModifiedAt\":\"2025-11-18T08:17:59.25Z\"},\"properties\":{\"deploymentScope\":\"Geographical\",\"description\":\"des\",\"friendlyName\":\"fri\",\"applicationGroupReferences\":[],\"cloudPcResource\":false,\"objectId\":\"bda36bed-c3c1-461a-bc77-1803fa9a5707\"}},{\"name\":\"WorkspacePowershell2\",\"id\":\"/subscriptions/6738509d-84ed-4ad6-974a-7dc4e3c34146/resourcegroups/zhongjie-rg-wus/providers/Microsoft.DesktopVirtualization/workspaces/WorkspacePowershell2\",\"type\":\"Microsoft.DesktopVirtualization/workspaces\",\"location\":\"westus2\",\"tags\":{},\"kind\":null,\"systemData\":{\"createdBy\":\"guorui@microsoft.com\",\"createdByType\":\"User\",\"createdAt\":\"2025-11-18T08:18:00.19Z\",\"lastModifiedBy\":\"guorui@microsoft.com\",\"lastModifiedByType\":\"User\",\"lastModifiedAt\":\"2025-11-18T08:18:00.19Z\"},\"properties\":{\"deploymentScope\":\"Geographical\",\"description\":\"des\",\"friendlyName\":\"fri\",\"applicationGroupReferences\":[],\"cloudPcResource\":false,\"objectId\":\"e2573ddc-ac62-4d0c-b97d-dcc27c169175\"}},{\"name\":\"WS\",\"id\":\"/subscriptions/6738509d-84ed-4ad6-974a-7dc4e3c34146/resourcegroups/RGTest/providers/Microsoft.DesktopVirtualization/workspaces/WS\",\"type\":\"Microsoft.DesktopVirtualization/workspaces\",\"location\":\"eastus\",\"tags\":{},\"kind\":null,\"systemData\":{\"createdBy\":\"v-barrybu@microsoft.com\",\"createdByType\":\"User\",\"createdAt\":\"2025-06-10T09:52:22.57Z\",\"lastModifiedBy\":\"v-barrybu@microsoft.com\",\"lastModifiedByType\":\"User\",\"lastModifiedAt\":\"2025-06-10T09:52:22.57Z\"},\"properties\":{\"deploymentScope\":\"Geographical\",\"description\":null,\"friendlyName\":null,\"applicationGroupReferences\":[\"/subscriptions/6738509d-84ed-4ad6-974a-7dc4e3c34146/resourcegroups/RGTest/providers/Microsoft.DesktopVirtualization/applicationgroups/HP-DAG\"],\"cloudPcResource\":false,\"objectId\":\"e9a4fdee-620d-4181-bc59-016bd3cd2356\"}},{\"name\":\"yilia-ws\",\"id\":\"/subscriptions/6738509d-84ed-4ad6-974a-7dc4e3c34146/resourcegroups/yilia-rg/providers/Microsoft.DesktopVirtualization/workspaces/yilia-ws\",\"type\":\"Microsoft.DesktopVirtualization/workspaces\",\"location\":\"eastus\",\"tags\":{},\"kind\":null,\"systemData\":{\"createdBy\":\"TestWin365@w365runner250520sh01.onmicrosoft.com\",\"createdByType\":\"User\",\"createdAt\":\"2025-06-24T07:00:59.51Z\",\"lastModifiedBy\":\"TestWin365@w365runner250520sh01.onmicrosoft.com\",\"lastModifiedByType\":\"User\",\"lastModifiedAt\":\"2025-06-24T07:00:59.51Z\"},\"properties\":{\"deploymentScope\":\"Geographical\",\"description\":\"\",\"friendlyName\":\"\",\"applicationGroupReferences\":[\"/subscriptions/6738509d-84ed-4ad6-974a-7dc4e3c34146/resourcegroups/yilia-rg/providers/Microsoft.DesktopVirtualization/applicationgroups/yilia-host-poll-DAG\"],\"cloudPcResource\":false,\"objectId\":\"3ae417d4-9a01-4924-bfdd-d78c1d33bd98\"}},{\"name\":\"zhongjieworkspacewus\",\"id\":\"/subscriptions/6738509d-84ed-4ad6-974a-7dc4e3c34146/resourcegroups/zhongjie-rg-wus/providers/Microsoft.DesktopVirtualization/workspaces/zhongjieworkspacewus\",\"type\":\"Microsoft.DesktopVirtualization/workspaces\",\"location\":\"westus2\",\"tags\":{},\"kind\":null,\"systemData\":{\"createdBy\":\"TestWin365@w365runner250520sh01.onmicrosoft.com\",\"createdByType\":\"User\",\"createdAt\":\"2025-06-27T05:33:22.21Z\",\"lastModifiedBy\":\"zhongjieli@w365runner250520sh01.onmicrosoft.com\",\"lastModifiedByType\":\"User\",\"lastModifiedAt\":\"2025-11-06T06:36:04.89Z\"},\"properties\":{\"deploymentScope\":\"Geographical\",\"description\":null,\"friendlyName\":null,\"applicationGroupReferences\":[\"/subscriptions/6738509d-84ed-4ad6-974a-7dc4e3c34146/resourcegroups/zhongjie-rg-wus/providers/Microsoft.DesktopVirtualization/applicationgroups/zhongjie-automated-DAG\"],\"cloudPcResource\":false,\"objectId\":\"fc07fbc0-85ac-4e02-9990-564f92f88817\"}},{\"name\":\"ziwen-workspace\",\"id\":\"/subscriptions/6738509d-84ed-4ad6-974a-7dc4e3c34146/resourcegroups/ziwen-rg/providers/Microsoft.DesktopVirtualization/workspaces/ziwen-workspace\",\"type\":\"Microsoft.DesktopVirtualization/workspaces\",\"location\":\"eastus\",\"tags\":{},\"kind\":null,\"systemData\":{\"createdBy\":\"TestWin365@w365runner250520sh01.onmicrosoft.com\",\"createdByType\":\"User\",\"createdAt\":\"2025-06-25T08:41:11.74Z\",\"lastModifiedBy\":\"TestWin365@w365runner250520sh01.onmicrosoft.com\",\"lastModifiedByType\":\"User\",\"lastModifiedAt\":\"2025-11-06T15:31:02.70Z\"},\"properties\":{\"deploymentScope\":\"Geographical\",\"description\":null,\"friendlyName\":null,\"applicationGroupReferences\":[\"/subscriptions/6738509d-84ed-4ad6-974a-7dc4e3c34146/resourcegroups/ziwen-rg/providers/Microsoft.DesktopVirtualization/applicationgroups/ziwen-hp-personal-DAG\",\"/subscriptions/6738509d-84ed-4ad6-974a-7dc4e3c34146/resourcegroups/qgongtest/providers/Microsoft.DesktopVirtualization/applicationgroups/HSPqgong-DAG\"],\"cloudPcResource\":false,\"objectId\":\"e65f7d2c-0336-4b8d-be6f-ba965060645a\"}}]}",
      "isContentBase64": false
    }
  },
  "Get-AzWvdWorkspace+[NoContext]+List Subscription Level+$DELETE+https://management.azure.com/subscriptions/6738509d-84ed-4ad6-974a-7dc4e3c34146/resourceGroups/zhongjie-rg-wus/providers/Microsoft.DesktopVirtualization/workspaces/WorkspacePowershell1?api-version=2025-11-01-preview+5": {
    "Request": {
      "Method": "DELETE",
      "RequestUri": "https://management.azure.com/subscriptions/6738509d-84ed-4ad6-974a-7dc4e3c34146/resourceGroups/zhongjie-rg-wus/providers/Microsoft.DesktopVirtualization/workspaces/WorkspacePowershell1?api-version=2025-11-01-preview",
      "Content": null,
      "isContentBase64": false,
      "Headers": {
        "x-ms-unique-id": [ "15" ],
        "x-ms-client-request-id": [ "64f089e8-ffb2-48c5-8a81-aecd4d3d51a0" ],
        "CommandName": [ "Remove-AzWvdWorkspace" ],
        "FullCommandName": [ "Remove-AzWvdWorkspace_Delete" ],
        "ParameterSetName": [ "__AllParameterSets" ],
        "User-Agent": [ "AzurePowershell/v14.2.0", "PSVersion/v7.5.4", "Az.DesktopVirtualization/0.1.0" ],
        "Authorization": [ "[Filtered]" ]
      },
      "ContentHeaders": {
      }
    },
    "Response": {
      "StatusCode": 200,
      "Headers": {
        "Cache-Control": [ "no-cache" ],
        "Pragma": [ "no-cache" ],
        "Vary": [ "Accept-Encoding" ],
        "Set-Cookie": [ "ARRAffinity=b9821e690af9852610f8eeeca3309b727f1b53f90b47715d212bd0be30459022;Path=/;HttpOnly;Secure;Domain=rdarmprovider-g-us-r0.wvd.microsoft.com", "ARRAffinitySameSite=b9821e690af9852610f8eeeca3309b727f1b53f90b47715d212bd0be30459022;Path=/;HttpOnly;SameSite=None;Secure;Domain=rdarmprovider-g-us-r0.wvd.microsoft.com" ],
        "x-ms-operation-identifier": [ "tenantId=715492f1-ef6e-4eea-9176-7c81e765c3c8,objectId=20778267-e9a4-46ba-97d7-7b7e5b321864/westus2/a2a32997-8e50-429a-a60d-ac9ef85920bb" ],
        "X-Rate-Limit-Limit": [ "0" ],
        "X-Rate-Limit-Remaining": [ "9223372036854775807" ],
        "X-Rate-Limit-Reset": [ "0" ],
        "x-ms-opsarmpath64": [ "L3N1YnNjcmlwdGlvbnMvNjczODUwOWQtODRlZC00YWQ2LTk3NGEtN2RjNGUzYzM0MTQ2L3Jlc291cmNlR3JvdXBzL3pob25namllLXJnLXd1cy9wcm92aWRlcnMvTWljcm9zb2Z0LkRlc2t0b3BWaXJ0dWFsaXphdGlvbi93b3Jrc3BhY2VzL1dvcmtzcGFjZVBvd2Vyc2hlbGwx" ],
        "x-ms-lamport-ts": [ "10329990452" ],
        "x-ms-correlation-id": [ "68c3b8b7-b1f1-49d1-abe8-0f39198c7a92" ],
        "x-ms-request-id": [ "64f089e8-ffb2-48c5-8a81-aecd4d3d51a0" ],
        "X-Powered-By": [ "ASP.NET" ],
        "X-Content-Type-Options": [ "nosniff" ],
        "x-ms-ratelimit-remaining-subscription-deletes": [ "199" ],
        "x-ms-ratelimit-remaining-subscription-global-deletes": [ "2999" ],
        "x-ms-correlation-request-id": [ "9da8b012-1555-4247-8ec1-55be0971cb3b" ],
        "x-ms-routing-request-id": [ "WESTUS2:20251118T081809Z:9da8b012-1555-4247-8ec1-55be0971cb3b" ],
        "Strict-Transport-Security": [ "max-age=31536000; includeSubDomains" ],
        "X-Cache": [ "CONFIG_NOCACHE" ],
        "X-MSEdge-Ref": [ "Ref A: 126D937622EF477A91446B94C46582BA Ref B: SG2AA1070301042 Ref C: 2025-11-18T08:18:07Z" ],
        "Date": [ "Tue, 18 Nov 2025 08:18:08 GMT" ]
      },
      "ContentHeaders": {
        "Content-Length": [ "503" ],
        "Content-Type": [ "application/json; charset=utf-8" ],
        "Expires": [ "-1" ]
      },
      "Content": "{\"name\":\"WorkspacePowershell1\",\"id\":\"/subscriptions/6738509d-84ed-4ad6-974a-7dc4e3c34146/resourcegroups/zhongjie-rg-wus/providers/Microsoft.DesktopVirtualization/workspaces/WorkspacePowershell1\",\"type\":\"Microsoft.DesktopVirtualization/workspaces\",\"location\":\"westus2\",\"tags\":{},\"kind\":null,\"systemData\":null,\"properties\":{\"deploymentScope\":\"Geographical\",\"description\":\"des\",\"friendlyName\":\"fri\",\"applicationGroupReferences\":[],\"cloudPcResource\":false,\"objectId\":\"bda36bed-c3c1-461a-bc77-1803fa9a5707\"}}",
      "isContentBase64": false
    }
  },
  "Get-AzWvdWorkspace+[NoContext]+List Subscription Level+$DELETE+https://management.azure.com/subscriptions/6738509d-84ed-4ad6-974a-7dc4e3c34146/resourceGroups/zhongjie-rg-wus/providers/Microsoft.DesktopVirtualization/workspaces/WorkspacePowershell2?api-version=2025-11-01-preview+6": {
    "Request": {
      "Method": "DELETE",
      "RequestUri": "https://management.azure.com/subscriptions/6738509d-84ed-4ad6-974a-7dc4e3c34146/resourceGroups/zhongjie-rg-wus/providers/Microsoft.DesktopVirtualization/workspaces/WorkspacePowershell2?api-version=2025-11-01-preview",
      "Content": null,
      "isContentBase64": false,
      "Headers": {
        "x-ms-unique-id": [ "16" ],
        "x-ms-client-request-id": [ "09867fae-ad99-4123-ae33-e344325a66e8" ],
        "CommandName": [ "Remove-AzWvdWorkspace" ],
        "FullCommandName": [ "Remove-AzWvdWorkspace_Delete" ],
        "ParameterSetName": [ "__AllParameterSets" ],
        "User-Agent": [ "AzurePowershell/v14.2.0", "PSVersion/v7.5.4", "Az.DesktopVirtualization/0.1.0" ],
        "Authorization": [ "[Filtered]" ]
      },
      "ContentHeaders": {
      }
    },
    "Response": {
      "StatusCode": 200,
      "Headers": {
        "Cache-Control": [ "no-cache" ],
        "Pragma": [ "no-cache" ],
        "Vary": [ "Accept-Encoding" ],
        "Set-Cookie": [ "ARRAffinity=cd63f6909a0bc09b1cf5c6b60912c30183ee7d873ab75c3549292a404b49274a;Path=/;HttpOnly;Secure;Domain=rdarmprovider-g-us-r0.wvd.microsoft.com", "ARRAffinitySameSite=cd63f6909a0bc09b1cf5c6b60912c30183ee7d873ab75c3549292a404b49274a;Path=/;HttpOnly;SameSite=None;Secure;Domain=rdarmprovider-g-us-r0.wvd.microsoft.com" ],
        "x-ms-operation-identifier": [ "tenantId=715492f1-ef6e-4eea-9176-7c81e765c3c8,objectId=20778267-e9a4-46ba-97d7-7b7e5b321864/westus2/483dc3a1-c641-43c0-ab65-afc4845abf8f" ],
        "X-Rate-Limit-Limit": [ "0" ],
        "X-Rate-Limit-Remaining": [ "9223372036854775807" ],
        "X-Rate-Limit-Reset": [ "0" ],
        "x-ms-opsarmpath64": [ "L3N1YnNjcmlwdGlvbnMvNjczODUwOWQtODRlZC00YWQ2LTk3NGEtN2RjNGUzYzM0MTQ2L3Jlc291cmNlR3JvdXBzL3pob25namllLXJnLXd1cy9wcm92aWRlcnMvTWljcm9zb2Z0LkRlc2t0b3BWaXJ0dWFsaXphdGlvbi93b3Jrc3BhY2VzL1dvcmtzcGFjZVBvd2Vyc2hlbGwy" ],
        "x-ms-lamport-ts": [ "10329990412" ],
        "x-ms-correlation-id": [ "3cad6d5f-8480-4ee1-bd38-5a14990a1ba7" ],
        "x-ms-request-id": [ "09867fae-ad99-4123-ae33-e344325a66e8" ],
        "X-Powered-By": [ "ASP.NET" ],
        "X-Content-Type-Options": [ "nosniff" ],
        "x-ms-ratelimit-remaining-subscription-deletes": [ "199" ],
        "x-ms-ratelimit-remaining-subscription-global-deletes": [ "2999" ],
        "x-ms-correlation-request-id": [ "963379f8-a7c8-476b-a783-d693367b08ec" ],
        "x-ms-routing-request-id": [ "WESTUS2:20251118T081810Z:963379f8-a7c8-476b-a783-d693367b08ec" ],
        "Strict-Transport-Security": [ "max-age=31536000; includeSubDomains" ],
        "X-Cache": [ "CONFIG_NOCACHE" ],
        "X-MSEdge-Ref": [ "Ref A: 249BB5DA5971413486DD1304C50CCDD7 Ref B: SG2AA1070301042 Ref C: 2025-11-18T08:18:09Z" ],
        "Date": [ "Tue, 18 Nov 2025 08:18:09 GMT" ]
      },
      "ContentHeaders": {
        "Content-Length": [ "503" ],
        "Content-Type": [ "application/json; charset=utf-8" ],
        "Expires": [ "-1" ]
      },
      "Content": "{\"name\":\"WorkspacePowershell2\",\"id\":\"/subscriptions/6738509d-84ed-4ad6-974a-7dc4e3c34146/resourcegroups/zhongjie-rg-wus/providers/Microsoft.DesktopVirtualization/workspaces/WorkspacePowershell2\",\"type\":\"Microsoft.DesktopVirtualization/workspaces\",\"location\":\"westus2\",\"tags\":{},\"kind\":null,\"systemData\":null,\"properties\":{\"deploymentScope\":\"Geographical\",\"description\":\"des\",\"friendlyName\":\"fri\",\"applicationGroupReferences\":[],\"cloudPcResource\":false,\"objectId\":\"e2573ddc-ac62-4d0c-b97d-dcc27c169175\"}}",
      "isContentBase64": false
    }
  }
}