{
  "Get-AzWvdPrivateEndpointConnection+[NoContext]+GetWorkspace+$GET+https://management.azure.com/subscriptions/dbedef25-184c-430f-b383-0eeb87c3205d/resourceGroups/alecbUserSessionTests/providers/Microsoft.DesktopVirtualization/workspaces/PrivateLinkWorkspace/privateEndpointConnections?api-version=2023-10-04-preview+1": {
    "Request": {
      "Method": "GET",
      "RequestUri": "https://management.azure.com/subscriptions/dbedef25-184c-430f-b383-0eeb87c3205d/resourceGroups/alecbUserSessionTests/providers/Microsoft.DesktopVirtualization/workspaces/PrivateLinkWorkspace/privateEndpointConnections?api-version=2023-10-04-preview",
      "Content": null,
      "isContentBase64": false,
      "Headers": {
        "x-ms-unique-id": [ "107" ],
        "x-ms-client-request-id": [ "3b92c47d-15a9-4870-ab87-45a83fd10713" ],
        "CommandName": [ "Get-AzWvdPrivateEndpointConnection" ],
        "FullCommandName": [ "Get-AzWvdPrivateEndpointConnection_List" ],
        "ParameterSetName": [ "__AllParameterSets" ],
        "User-Agent": [ "AzurePowershell/v0.0.0", "PSVersion/v7.2.16", "Az.DesktopVirtualization/2.1.0" ],
        "Authorization": [ "[Filtered]" ]
      },
      "ContentHeaders": {
      }
    },
    "Response": {
      "StatusCode": 200,
      "Headers": {
        "Cache-Control": [ "no-cache" ],
        "Pragma": [ "no-cache" ],
        "Vary": [ "Accept-Encoding" ],
        "x-ms-ratelimit-remaining-subscription-reads": [ "11981" ],
        "X-Rate-Limit-Limit": [ "0" ],
        "X-Rate-Limit-Remaining": [ "9223372036854775807" ],
        "X-Rate-Limit-Reset": [ "0" ],
        "x-ms-opsarmpath64": [ "L3N1YnNjcmlwdGlvbnMvZGJlZGVmMjUtMTg0Yy00MzBmLWIzODMtMGVlYjg3YzMyMDVkL3Jlc291cmNlR3JvdXBzL2FsZWNiVXNlclNlc3Npb25UZXN0cy9wcm92aWRlcnMvTWljcm9zb2Z0LkRlc2t0b3BWaXJ0dWFsaXphdGlvbi93b3Jrc3BhY2VzL1ByaXZhdGVMaW5rV29ya3NwYWNl" ],
        "x-ms-lamport-ts": [ "134340404" ],
        "x-ms-correlation-id": [ "c1866410-a873-49f7-be34-bdbf7b5561b3" ],
        "x-ms-request-id": [ "3b92c47d-15a9-4870-ab87-45a83fd10713" ],
        "X-Content-Type-Options": [ "nosniff" ],
        "Set-Cookie": [ "ARRAffinity=f0ee6f21aa7c58c32dab1b39eddd97e2640f8772649e883d33a25aaa012e3a21;Path=/;HttpOnly;Secure;Domain=rdarmprovider-g-us-r0.wvdselfhost.microsoft.com", "ARRAffinitySameSite=f0ee6f21aa7c58c32dab1b39eddd97e2640f8772649e883d33a25aaa012e3a21;Path=/;HttpOnly;SameSite=None;Secure;Domain=rdarmprovider-g-us-r0.wvdselfhost.microsoft.com" ],
        "Server": [ "Microsoft-IIS/10.0" ],
        "X-Powered-By": [ "ASP.NET" ],
        "x-ms-correlation-request-id": [ "df477748-861b-454a-bbfb-7cb1c34efa07" ],
        "x-ms-routing-request-id": [ "WESTCENTRALUS:20231102T222208Z:df477748-861b-454a-bbfb-7cb1c34efa07" ],
        "Strict-Transport-Security": [ "max-age=31536000; includeSubDomains" ],
        "Date": [ "Thu, 02 Nov 2023 22:22:08 GMT" ]
      },
      "ContentHeaders": {
        "Content-Length": [ "1538" ],
        "Content-Type": [ "application/json; charset=utf-8" ],
        "Expires": [ "-1" ]
      },
      "Content": "{\"value\":[{\"name\":\"pwshTestPECWS1.36852845-66b2-4f3e-8bfc-45cbff4e90c7\",\"id\":\"/subscriptions/dbedef25-184c-430f-b383-0eeb87c3205d/resourcegroups/alecbUserSessionTests/providers/Microsoft.DesktopVirtualization/workspaces/PrivateLinkWorkspace/privateendpointconnections/pwshTestPECWS1.36852845-66b2-4f3e-8bfc-45cbff4e90c7\",\"type\":\"Microsoft.DesktopVirtualization/workspaces/privateendpointconnections\",\"properties\":{\"provisioningState\":\"Succeeded\",\"privateEndpoint\":{\"id\":\"/subscriptions/dbedef25-184c-430f-b383-0eeb87c3205d/resourcegroups/alecbusersessiontests/providers/microsoft.network/privateendpoints/pwshtestprivateendpointws1\"},\"privateLinkServiceConnectionState\":{\"status\":\"Approved\",\"description\":\"Auto-approved\",\"actionsRequired\":\"None\"}},\"systemData\":null},{\"name\":\"pwshTestPECWS.96bdfb9a-9f59-416b-be60-eb66f309ce16\",\"id\":\"/subscriptions/dbedef25-184c-430f-b383-0eeb87c3205d/resourcegroups/alecbUserSessionTests/providers/Microsoft.DesktopVirtualization/workspaces/PrivateLinkWorkspace/privateendpointconnections/pwshTestPECWS.96bdfb9a-9f59-416b-be60-eb66f309ce16\",\"type\":\"Microsoft.DesktopVirtualization/workspaces/privateendpointconnections\",\"properties\":{\"provisioningState\":\"Succeeded\",\"privateEndpoint\":{\"id\":\"/subscriptions/dbedef25-184c-430f-b383-0eeb87c3205d/resourcegroups/alecbusersessiontests/providers/microsoft.network/privateendpoints/pwshtestprivateendpointws\"},\"privateLinkServiceConnectionState\":{\"status\":\"Approved\",\"description\":\"Auto-approved\",\"actionsRequired\":\"None\"}},\"systemData\":null}],\"nextLink\":null}",
      "isContentBase64": false
    }
  },
  "Get-AzWvdPrivateEndpointConnection+[NoContext]+ListWorkspace+$GET+https://management.azure.com/subscriptions/dbedef25-184c-430f-b383-0eeb87c3205d/resourceGroups/alecbUserSessionTests/providers/Microsoft.DesktopVirtualization/workspaces/PrivateLinkWorkspace/privateEndpointConnections?api-version=2023-10-04-preview+1": {
    "Request": {
      "Method": "GET",
      "RequestUri": "https://management.azure.com/subscriptions/dbedef25-184c-430f-b383-0eeb87c3205d/resourceGroups/alecbUserSessionTests/providers/Microsoft.DesktopVirtualization/workspaces/PrivateLinkWorkspace/privateEndpointConnections?api-version=2023-10-04-preview",
      "Content": null,
      "isContentBase64": false,
      "Headers": {
        "x-ms-unique-id": [ "108" ],
        "x-ms-client-request-id": [ "c461a5ec-1b77-4fcc-9ec7-53cc360753e5" ],
        "CommandName": [ "Get-AzWvdPrivateEndpointConnection" ],
        "FullCommandName": [ "Get-AzWvdPrivateEndpointConnection_List" ],
        "ParameterSetName": [ "__AllParameterSets" ],
        "User-Agent": [ "AzurePowershell/v0.0.0", "PSVersion/v7.2.16", "Az.DesktopVirtualization/2.1.0" ],
        "Authorization": [ "[Filtered]" ]
      },
      "ContentHeaders": {
      }
    },
    "Response": {
      "StatusCode": 200,
      "Headers": {
        "Cache-Control": [ "no-cache" ],
        "Pragma": [ "no-cache" ],
        "Vary": [ "Accept-Encoding" ],
        "x-ms-ratelimit-remaining-subscription-reads": [ "11980" ],
        "X-Rate-Limit-Limit": [ "0" ],
        "X-Rate-Limit-Remaining": [ "9223372036854775807" ],
        "X-Rate-Limit-Reset": [ "0" ],
        "x-ms-opsarmpath64": [ "L3N1YnNjcmlwdGlvbnMvZGJlZGVmMjUtMTg0Yy00MzBmLWIzODMtMGVlYjg3YzMyMDVkL3Jlc291cmNlR3JvdXBzL2FsZWNiVXNlclNlc3Npb25UZXN0cy9wcm92aWRlcnMvTWljcm9zb2Z0LkRlc2t0b3BWaXJ0dWFsaXphdGlvbi93b3Jrc3BhY2VzL1ByaXZhdGVMaW5rV29ya3NwYWNl" ],
        "x-ms-lamport-ts": [ "134340374" ],
        "x-ms-correlation-id": [ "c9dbc4e6-d480-4b9f-8f38-515f76f54408" ],
        "x-ms-request-id": [ "c461a5ec-1b77-4fcc-9ec7-53cc360753e5" ],
        "X-Content-Type-Options": [ "nosniff" ],
        "Set-Cookie": [ "ARRAffinity=7bf5a65c9ab6652b7e960fdced88dd5501d933c0715fe792714d5d958b2e56fd;Path=/;HttpOnly;Secure;Domain=rdarmprovider-g-us-r0.wvdselfhost.microsoft.com", "ARRAffinitySameSite=7bf5a65c9ab6652b7e960fdced88dd5501d933c0715fe792714d5d958b2e56fd;Path=/;HttpOnly;SameSite=None;Secure;Domain=rdarmprovider-g-us-r0.wvdselfhost.microsoft.com" ],
        "Server": [ "Microsoft-IIS/10.0" ],
        "X-Powered-By": [ "ASP.NET" ],
        "x-ms-correlation-request-id": [ "c950ab9a-c4d2-4247-83b4-aeac4fa2c4f5" ],
        "x-ms-routing-request-id": [ "WESTCENTRALUS:20231102T222209Z:c950ab9a-c4d2-4247-83b4-aeac4fa2c4f5" ],
        "Strict-Transport-Security": [ "max-age=31536000; includeSubDomains" ],
        "Date": [ "Thu, 02 Nov 2023 22:22:08 GMT" ]
      },
      "ContentHeaders": {
        "Content-Length": [ "1538" ],
        "Content-Type": [ "application/json; charset=utf-8" ],
        "Expires": [ "-1" ]
      },
      "Content": "{\"value\":[{\"name\":\"pwshTestPECWS1.36852845-66b2-4f3e-8bfc-45cbff4e90c7\",\"id\":\"/subscriptions/dbedef25-184c-430f-b383-0eeb87c3205d/resourcegroups/alecbUserSessionTests/providers/Microsoft.DesktopVirtualization/workspaces/PrivateLinkWorkspace/privateendpointconnections/pwshTestPECWS1.36852845-66b2-4f3e-8bfc-45cbff4e90c7\",\"type\":\"Microsoft.DesktopVirtualization/workspaces/privateendpointconnections\",\"properties\":{\"provisioningState\":\"Succeeded\",\"privateEndpoint\":{\"id\":\"/subscriptions/dbedef25-184c-430f-b383-0eeb87c3205d/resourcegroups/alecbusersessiontests/providers/microsoft.network/privateendpoints/pwshtestprivateendpointws1\"},\"privateLinkServiceConnectionState\":{\"status\":\"Approved\",\"description\":\"Auto-approved\",\"actionsRequired\":\"None\"}},\"systemData\":null},{\"name\":\"pwshTestPECWS.96bdfb9a-9f59-416b-be60-eb66f309ce16\",\"id\":\"/subscriptions/dbedef25-184c-430f-b383-0eeb87c3205d/resourcegroups/alecbUserSessionTests/providers/Microsoft.DesktopVirtualization/workspaces/PrivateLinkWorkspace/privateendpointconnections/pwshTestPECWS.96bdfb9a-9f59-416b-be60-eb66f309ce16\",\"type\":\"Microsoft.DesktopVirtualization/workspaces/privateendpointconnections\",\"properties\":{\"provisioningState\":\"Succeeded\",\"privateEndpoint\":{\"id\":\"/subscriptions/dbedef25-184c-430f-b383-0eeb87c3205d/resourcegroups/alecbusersessiontests/providers/microsoft.network/privateendpoints/pwshtestprivateendpointws\"},\"privateLinkServiceConnectionState\":{\"status\":\"Approved\",\"description\":\"Auto-approved\",\"actionsRequired\":\"None\"}},\"systemData\":null}],\"nextLink\":null}",
      "isContentBase64": false
    }
  },
  "Get-AzWvdPrivateEndpointConnection+[NoContext]+GetHostPool+$GET+https://management.azure.com/subscriptions/dbedef25-184c-430f-b383-0eeb87c3205d/resourceGroups/alecbUserSessionTests/providers/Microsoft.DesktopVirtualization/hostPools/PrivateLinkHostPool/privateEndpointConnections?api-version=2023-10-04-preview+1": {
    "Request": {
      "Method": "GET",
      "RequestUri": "https://management.azure.com/subscriptions/dbedef25-184c-430f-b383-0eeb87c3205d/resourceGroups/alecbUserSessionTests/providers/Microsoft.DesktopVirtualization/hostPools/PrivateLinkHostPool/privateEndpointConnections?api-version=2023-10-04-preview",
      "Content": null,
      "isContentBase64": false,
      "Headers": {
        "x-ms-unique-id": [ "109" ],
        "x-ms-client-request-id": [ "db4f6dde-d164-42b8-8d37-583f5b81e6cf" ],
        "CommandName": [ "Get-AzWvdPrivateEndpointConnection" ],
        "FullCommandName": [ "Get-AzWvdPrivateEndpointConnection_List1" ],
        "ParameterSetName": [ "__AllParameterSets" ],
        "User-Agent": [ "AzurePowershell/v0.0.0", "PSVersion/v7.2.16", "Az.DesktopVirtualization/2.1.0" ],
        "Authorization": [ "[Filtered]" ]
      },
      "ContentHeaders": {
      }
    },
    "Response": {
      "StatusCode": 200,
      "Headers": {
        "Cache-Control": [ "no-cache" ],
        "Pragma": [ "no-cache" ],
        "Vary": [ "Accept-Encoding" ],
        "x-ms-ratelimit-remaining-subscription-reads": [ "11979" ],
        "X-Rate-Limit-Limit": [ "0" ],
        "X-Rate-Limit-Remaining": [ "9223372036854775807" ],
        "X-Rate-Limit-Reset": [ "0" ],
        "x-ms-opsarmpath64": [ "L3N1YnNjcmlwdGlvbnMvZGJlZGVmMjUtMTg0Yy00MzBmLWIzODMtMGVlYjg3YzMyMDVkL3Jlc291cmNlR3JvdXBzL2FsZWNiVXNlclNlc3Npb25UZXN0cy9wcm92aWRlcnMvTWljcm9zb2Z0LkRlc2t0b3BWaXJ0dWFsaXphdGlvbi9ob3N0UG9vbHMvUHJpdmF0ZUxpbmtIb3N0UG9vbA==" ],
        "x-ms-lamport-ts": [ "134340358" ],
        "x-ms-correlation-id": [ "4ce02e50-69ae-4d1d-86d3-e29b946d9491" ],
        "x-ms-request-id": [ "db4f6dde-d164-42b8-8d37-583f5b81e6cf" ],
        "X-Content-Type-Options": [ "nosniff" ],
        "Set-Cookie": [ "ARRAffinity=a31eb62e8fa5fccc488f1b764e015b7c6918a5a68c6d31b38f885e3c06338b76;Path=/;HttpOnly;Secure;Domain=rdarmprovider-g-us-r0.wvdselfhost.microsoft.com", "ARRAffinitySameSite=a31eb62e8fa5fccc488f1b764e015b7c6918a5a68c6d31b38f885e3c06338b76;Path=/;HttpOnly;SameSite=None;Secure;Domain=rdarmprovider-g-us-r0.wvdselfhost.microsoft.com" ],
        "Server": [ "Microsoft-IIS/10.0" ],
        "X-Powered-By": [ "ASP.NET" ],
        "x-ms-correlation-request-id": [ "f5d0777d-bf31-4ae4-a401-8db8e9450907" ],
        "x-ms-routing-request-id": [ "WESTCENTRALUS:20231102T222209Z:f5d0777d-bf31-4ae4-a401-8db8e9450907" ],
        "Strict-Transport-Security": [ "max-age=31536000; includeSubDomains" ],
        "Date": [ "Thu, 02 Nov 2023 22:22:09 GMT" ]
      },
      "ContentHeaders": {
        "Content-Length": [ "1532" ],
        "Content-Type": [ "application/json; charset=utf-8" ],
        "Expires": [ "-1" ]
      },
      "Content": "{\"value\":[{\"name\":\"pwshTestPECHP1.c349b2cf-cddf-4d95-b9d3-3acebb551f5a\",\"id\":\"/subscriptions/dbedef25-184c-430f-b383-0eeb87c3205d/resourcegroups/alecbUserSessionTests/providers/Microsoft.DesktopVirtualization/hostpools/PrivateLinkHostPool/privateendpointconnections/pwshTestPECHP1.c349b2cf-cddf-4d95-b9d3-3acebb551f5a\",\"type\":\"Microsoft.DesktopVirtualization/hostpools/privateendpointconnections\",\"properties\":{\"provisioningState\":\"Succeeded\",\"privateEndpoint\":{\"id\":\"/subscriptions/dbedef25-184c-430f-b383-0eeb87c3205d/resourcegroups/alecbusersessiontests/providers/microsoft.network/privateendpoints/pwshtestprivateendpointhp1\"},\"privateLinkServiceConnectionState\":{\"status\":\"Approved\",\"description\":\"Auto-approved\",\"actionsRequired\":\"None\"}},\"systemData\":null},{\"name\":\"pwshTestPECHP.375bef94-fbea-4a8c-a115-b0f85bd84d36\",\"id\":\"/subscriptions/dbedef25-184c-430f-b383-0eeb87c3205d/resourcegroups/alecbUserSessionTests/providers/Microsoft.DesktopVirtualization/hostpools/PrivateLinkHostPool/privateendpointconnections/pwshTestPECHP.375bef94-fbea-4a8c-a115-b0f85bd84d36\",\"type\":\"Microsoft.DesktopVirtualization/hostpools/privateendpointconnections\",\"properties\":{\"provisioningState\":\"Succeeded\",\"privateEndpoint\":{\"id\":\"/subscriptions/dbedef25-184c-430f-b383-0eeb87c3205d/resourcegroups/alecbusersessiontests/providers/microsoft.network/privateendpoints/pwshtestprivateendpointhp\"},\"privateLinkServiceConnectionState\":{\"status\":\"Approved\",\"description\":\"Auto-approved\",\"actionsRequired\":\"None\"}},\"systemData\":null}],\"nextLink\":null}",
      "isContentBase64": false
    }
  },
  "Get-AzWvdPrivateEndpointConnection+[NoContext]+ListHostPool+$GET+https://management.azure.com/subscriptions/dbedef25-184c-430f-b383-0eeb87c3205d/resourceGroups/alecbUserSessionTests/providers/Microsoft.DesktopVirtualization/hostPools/PrivateLinkHostPool/privateEndpointConnections?api-version=2023-10-04-preview+1": {
    "Request": {
      "Method": "GET",
      "RequestUri": "https://management.azure.com/subscriptions/dbedef25-184c-430f-b383-0eeb87c3205d/resourceGroups/alecbUserSessionTests/providers/Microsoft.DesktopVirtualization/hostPools/PrivateLinkHostPool/privateEndpointConnections?api-version=2023-10-04-preview",
      "Content": null,
      "isContentBase64": false,
      "Headers": {
        "x-ms-unique-id": [ "110" ],
        "x-ms-client-request-id": [ "6472b292-e03c-4151-9b5f-1dafd318224f" ],
        "CommandName": [ "Get-AzWvdPrivateEndpointConnection" ],
        "FullCommandName": [ "Get-AzWvdPrivateEndpointConnection_List1" ],
        "ParameterSetName": [ "__AllParameterSets" ],
        "User-Agent": [ "AzurePowershell/v0.0.0", "PSVersion/v7.2.16", "Az.DesktopVirtualization/2.1.0" ],
        "Authorization": [ "[Filtered]" ]
      },
      "ContentHeaders": {
      }
    },
    "Response": {
      "StatusCode": 200,
      "Headers": {
        "Cache-Control": [ "no-cache" ],
        "Pragma": [ "no-cache" ],
        "Vary": [ "Accept-Encoding" ],
        "x-ms-ratelimit-remaining-subscription-reads": [ "11978" ],
        "X-Rate-Limit-Limit": [ "0" ],
        "X-Rate-Limit-Remaining": [ "9223372036854775807" ],
        "X-Rate-Limit-Reset": [ "0" ],
        "x-ms-opsarmpath64": [ "L3N1YnNjcmlwdGlvbnMvZGJlZGVmMjUtMTg0Yy00MzBmLWIzODMtMGVlYjg3YzMyMDVkL3Jlc291cmNlR3JvdXBzL2FsZWNiVXNlclNlc3Npb25UZXN0cy9wcm92aWRlcnMvTWljcm9zb2Z0LkRlc2t0b3BWaXJ0dWFsaXphdGlvbi9ob3N0UG9vbHMvUHJpdmF0ZUxpbmtIb3N0UG9vbA==" ],
        "x-ms-lamport-ts": [ "134340410" ],
        "x-ms-correlation-id": [ "d6fa912f-6644-4fe6-bf58-83fbaed2200a" ],
        "x-ms-request-id": [ "6472b292-e03c-4151-9b5f-1dafd318224f" ],
        "X-Content-Type-Options": [ "nosniff" ],
        "Set-Cookie": [ "ARRAffinity=f0ee6f21aa7c58c32dab1b39eddd97e2640f8772649e883d33a25aaa012e3a21;Path=/;HttpOnly;Secure;Domain=rdarmprovider-g-us-r0.wvdselfhost.microsoft.com", "ARRAffinitySameSite=f0ee6f21aa7c58c32dab1b39eddd97e2640f8772649e883d33a25aaa012e3a21;Path=/;HttpOnly;SameSite=None;Secure;Domain=rdarmprovider-g-us-r0.wvdselfhost.microsoft.com" ],
        "Server": [ "Microsoft-IIS/10.0" ],
        "X-Powered-By": [ "ASP.NET" ],
        "x-ms-correlation-request-id": [ "40fec9e5-0f8f-4338-b8a7-2d49cb91cfdb" ],
        "x-ms-routing-request-id": [ "WESTCENTRALUS:20231102T222209Z:40fec9e5-0f8f-4338-b8a7-2d49cb91cfdb" ],
        "Strict-Transport-Security": [ "max-age=31536000; includeSubDomains" ],
        "Date": [ "Thu, 02 Nov 2023 22:22:09 GMT" ]
      },
      "ContentHeaders": {
        "Content-Length": [ "1532" ],
        "Content-Type": [ "application/json; charset=utf-8" ],
        "Expires": [ "-1" ]
      },
      "Content": "{\"value\":[{\"name\":\"pwshTestPECHP1.c349b2cf-cddf-4d95-b9d3-3acebb551f5a\",\"id\":\"/subscriptions/dbedef25-184c-430f-b383-0eeb87c3205d/resourcegroups/alecbUserSessionTests/providers/Microsoft.DesktopVirtualization/hostpools/PrivateLinkHostPool/privateendpointconnections/pwshTestPECHP1.c349b2cf-cddf-4d95-b9d3-3acebb551f5a\",\"type\":\"Microsoft.DesktopVirtualization/hostpools/privateendpointconnections\",\"properties\":{\"provisioningState\":\"Succeeded\",\"privateEndpoint\":{\"id\":\"/subscriptions/dbedef25-184c-430f-b383-0eeb87c3205d/resourcegroups/alecbusersessiontests/providers/microsoft.network/privateendpoints/pwshtestprivateendpointhp1\"},\"privateLinkServiceConnectionState\":{\"status\":\"Approved\",\"description\":\"Auto-approved\",\"actionsRequired\":\"None\"}},\"systemData\":null},{\"name\":\"pwshTestPECHP.375bef94-fbea-4a8c-a115-b0f85bd84d36\",\"id\":\"/subscriptions/dbedef25-184c-430f-b383-0eeb87c3205d/resourcegroups/alecbUserSessionTests/providers/Microsoft.DesktopVirtualization/hostpools/PrivateLinkHostPool/privateendpointconnections/pwshTestPECHP.375bef94-fbea-4a8c-a115-b0f85bd84d36\",\"type\":\"Microsoft.DesktopVirtualization/hostpools/privateendpointconnections\",\"properties\":{\"provisioningState\":\"Succeeded\",\"privateEndpoint\":{\"id\":\"/subscriptions/dbedef25-184c-430f-b383-0eeb87c3205d/resourcegroups/alecbusersessiontests/providers/microsoft.network/privateendpoints/pwshtestprivateendpointhp\"},\"privateLinkServiceConnectionState\":{\"status\":\"Approved\",\"description\":\"Auto-approved\",\"actionsRequired\":\"None\"}},\"systemData\":null}],\"nextLink\":null}",
      "isContentBase64": false
    }
  }
}