{
  "Get-AzWvdScalingPlan+[NoContext]+Get+$PUT+https://management.azure.com/subscriptions/6738509d-84ed-4ad6-974a-7dc4e3c34146/resourceGroups/zhongjie-rg-wus/providers/Microsoft.DesktopVirtualization/scalingPlans/ScalingPlanPowershellContained1?api-version=2025-09-01-preview+1": {
    "Request": {
      "Method": "PUT",
      "RequestUri": "https://management.azure.com/subscriptions/6738509d-84ed-4ad6-974a-7dc4e3c34146/resourceGroups/zhongjie-rg-wus/providers/Microsoft.DesktopVirtualization/scalingPlans/ScalingPlanPowershellContained1?api-version=2025-09-01-preview",
      "Content": "{\r\n  \"location\": \"westus2\",\r\n  \"properties\": {\r\n    \"description\": \"desc\",\r\n    \"friendlyName\": \"fri\",\r\n    \"timeZone\": \"Pacific Standard Time\",\r\n    \"hostPoolType\": \"Pooled\",\r\n    \"schedules\": [ ],\r\n    \"hostPoolReferences\": [ ]\r\n  }\r\n}",
      "isContentBase64": false,
      "Headers": {
      },
      "ContentHeaders": {
        "Content-Type": [ "application/json" ],
        "Content-Length": [ "237" ]
      }
    },
    "Response": {
      "StatusCode": 201,
      "Headers": {
        "Cache-Control": [ "no-cache" ],
        "Pragma": [ "no-cache" ],
        "Location": [ "/subscriptions/6738509d-84ed-4ad6-974a-7dc4e3c34146/resourcegroups/zhongjie-rg-wus/providers/Microsoft.DesktopVirtualization/scalingplans/ScalingPlanPowershellContained1" ],
        "Set-Cookie": [ "ARRAffinity=78cc7ed2e16cd9d0de735360d27b2d80c6dbba9425ecf0dbe0884f7517a0ca11;Path=/;HttpOnly;Secure;Domain=rdarmprovider-g-us-r0.wvd.microsoft.com", "ARRAffinitySameSite=78cc7ed2e16cd9d0de735360d27b2d80c6dbba9425ecf0dbe0884f7517a0ca11;Path=/;HttpOnly;SameSite=None;Secure;Domain=rdarmprovider-g-us-r0.wvd.microsoft.com" ],
        "X-Rate-Limit-Limit": [ "0" ],
        "X-Rate-Limit-Remaining": [ "9223372036854775807" ],
        "X-Rate-Limit-Reset": [ "0" ],
        "x-ms-opsarmpath64": [ "L3N1YnNjcmlwdGlvbnMvNjczODUwOWQtODRlZC00YWQ2LTk3NGEtN2RjNGUzYzM0MTQ2L3Jlc291cmNlR3JvdXBzL3pob25namllLXJnLXd1cy9wcm92aWRlcnMvTWljcm9zb2Z0LkRlc2t0b3BWaXJ0dWFsaXphdGlvbi9zY2FsaW5nUGxhbnMvU2NhbGluZ1BsYW5Qb3dlcnNoZWxsQ29udGFpbmVkMQ==" ],
        "x-ms-lamport-ts": [ "10262774559" ],
        "x-ms-correlation-id": [ "f582cbae-f6ce-4ae0-aee5-f7c4932029ff" ],
        "x-ms-request-id": [ "18c27797-de3e-4b84-bab3-6a97b5671834" ],
        "X-Powered-By": [ "ASP.NET" ],
        "X-Content-Type-Options": [ "nosniff" ],
        "x-ms-operation-identifier": [ "tenantId=715492f1-ef6e-4eea-9176-7c81e765c3c8,objectId=da374578-2a5b-438e-8ca6-d35069c8c1c1/westus2/d1537beb-4e0c-41a6-9270-437e06b9bc93" ],
        "x-ms-ratelimit-remaining-subscription-writes": [ "199" ],
        "x-ms-ratelimit-remaining-subscription-global-writes": [ "2999" ],
        "x-ms-correlation-request-id": [ "cc5036dc-ce10-499a-8e57-51fa9a3c0b25" ],
        "x-ms-routing-request-id": [ "WESTUS2:20251112T050510Z:cc5036dc-ce10-499a-8e57-51fa9a3c0b25" ],
        "Strict-Transport-Security": [ "max-age=31536000; includeSubDomains" ],
        "X-Cache": [ "CONFIG_NOCACHE" ],
        "X-MSEdge-Ref": [ "Ref A: 3AED8F3A52A64CDC987C4B125C3DB04F Ref B: JKT201051407060 Ref C: 2025-11-12T05:05:09Z" ],
        "Date": [ "Wed, 12 Nov 2025 05:05:10 GMT" ]
      },
      "ContentHeaders": {
        "Content-Length": [ "807" ],
        "Content-Type": [ "application/json; charset=utf-8" ],
        "Expires": [ "-1" ]
      },
      "Content": "{\"name\":\"ScalingPlanPowershellContained1\",\"id\":\"/subscriptions/6738509d-84ed-4ad6-974a-7dc4e3c34146/resourcegroups/zhongjie-rg-wus/providers/Microsoft.DesktopVirtualization/scalingplans/ScalingPlanPowershellContained1\",\"type\":\"Microsoft.DesktopVirtualization/scalingplans\",\"location\":\"westus2\",\"tags\":null,\"kind\":null,\"systemData\":{\"createdBy\":\"liwei@w365runner250520sh01.onmicrosoft.com\",\"createdByType\":\"User\",\"createdAt\":\"2025-11-12T05:05:10.03Z\",\"lastModifiedBy\":\"liwei@w365runner250520sh01.onmicrosoft.com\",\"lastModifiedByType\":\"User\",\"lastModifiedAt\":\"2025-11-12T05:05:10.03Z\"},\"properties\":{\"description\":\"desc\",\"friendlyName\":\"fri\",\"timeZone\":\"Pacific Standard Time\",\"hostPoolType\":\"Pooled\",\"exclusionTag\":\"\",\"schedules\":[],\"hostPoolReferences\":[],\"objectId\":\"7ea15792-ad09-4dc7-93e6-da980c437fcd\"}}",
      "isContentBase64": false
    }
  },
  "Get-AzWvdScalingPlan+[NoContext]+Get+$GET+https://management.azure.com/subscriptions/6738509d-84ed-4ad6-974a-7dc4e3c34146/resourceGroups/zhongjie-rg-wus/providers/Microsoft.DesktopVirtualization/scalingPlans/ScalingPlanPowershellContained1?api-version=2025-09-01-preview+2": {
    "Request": {
      "Method": "GET",
      "RequestUri": "https://management.azure.com/subscriptions/6738509d-84ed-4ad6-974a-7dc4e3c34146/resourceGroups/zhongjie-rg-wus/providers/Microsoft.DesktopVirtualization/scalingPlans/ScalingPlanPowershellContained1?api-version=2025-09-01-preview",
      "Content": null,
      "isContentBase64": false,
      "Headers": {
        "x-ms-unique-id": [ "121" ],
        "x-ms-client-request-id": [ "8447926a-2a38-4206-aba5-8937cc6d3ce0" ],
        "CommandName": [ "Get-AzWvdScalingPlan" ],
        "FullCommandName": [ "Get-AzWvdScalingPlan_Get" ],
        "ParameterSetName": [ "__AllParameterSets" ],
        "User-Agent": [ "AzurePowershell/v14.3.0", "PSVersion/v7.5.4", "Az.DesktopVirtualization/0.1.0" ],
        "Authorization": [ "[Filtered]" ]
      },
      "ContentHeaders": {
      }
    },
    "Response": {
      "StatusCode": 200,
      "Headers": {
        "Cache-Control": [ "no-cache" ],
        "Pragma": [ "no-cache" ],
        "Vary": [ "Accept-Encoding" ],
        "Set-Cookie": [ "ARRAffinity=f08099ddc6d1b5b480ee26565f489b862c28fda9abd95391f75b0cea107d6318;Path=/;HttpOnly;Secure;Domain=rdarmprovider-g-us-r0.wvd.microsoft.com", "ARRAffinitySameSite=f08099ddc6d1b5b480ee26565f489b862c28fda9abd95391f75b0cea107d6318;Path=/;HttpOnly;SameSite=None;Secure;Domain=rdarmprovider-g-us-r0.wvd.microsoft.com" ],
        "x-ms-ratelimit-remaining-subscription-reads": [ "249" ],
        "X-Rate-Limit-Limit": [ "0" ],
        "X-Rate-Limit-Remaining": [ "9223372036854775807" ],
        "X-Rate-Limit-Reset": [ "0" ],
        "x-ms-opsarmpath64": [ "L3N1YnNjcmlwdGlvbnMvNjczODUwOWQtODRlZC00YWQ2LTk3NGEtN2RjNGUzYzM0MTQ2L3Jlc291cmNlR3JvdXBzL3pob25namllLXJnLXd1cy9wcm92aWRlcnMvTWljcm9zb2Z0LkRlc2t0b3BWaXJ0dWFsaXphdGlvbi9zY2FsaW5nUGxhbnMvU2NhbGluZ1BsYW5Qb3dlcnNoZWxsQ29udGFpbmVkMQ==" ],
        "x-ms-lamport-ts": [ "10262774762" ],
        "x-ms-correlation-id": [ "640bf930-f786-4dad-9aa4-1099b0eb9a09" ],
        "x-ms-request-id": [ "8447926a-2a38-4206-aba5-8937cc6d3ce0" ],
        "X-Powered-By": [ "ASP.NET" ],
        "X-Content-Type-Options": [ "nosniff" ],
        "x-ms-ratelimit-remaining-subscription-global-reads": [ "3749" ],
        "x-ms-correlation-request-id": [ "dfa6f6c3-68bc-47c2-af14-44ca460938d8" ],
        "x-ms-routing-request-id": [ "WESTUS2:20251112T050510Z:dfa6f6c3-68bc-47c2-af14-44ca460938d8" ],
        "Strict-Transport-Security": [ "max-age=31536000; includeSubDomains" ],
        "X-Cache": [ "CONFIG_NOCACHE" ],
        "X-MSEdge-Ref": [ "Ref A: C8457BD07F694269947E7B1CC97BA774 Ref B: JKT201051407060 Ref C: 2025-11-12T05:05:10Z" ],
        "Date": [ "Wed, 12 Nov 2025 05:05:10 GMT" ]
      },
      "ContentHeaders": {
        "Content-Length": [ "807" ],
        "Content-Type": [ "application/json; charset=utf-8" ],
        "Expires": [ "-1" ]
      },
      "Content": "{\"name\":\"ScalingPlanPowershellContained1\",\"id\":\"/subscriptions/6738509d-84ed-4ad6-974a-7dc4e3c34146/resourcegroups/zhongjie-rg-wus/providers/Microsoft.DesktopVirtualization/scalingplans/ScalingPlanPowershellContained1\",\"type\":\"Microsoft.DesktopVirtualization/scalingplans\",\"location\":\"westus2\",\"tags\":null,\"kind\":null,\"systemData\":{\"createdBy\":\"liwei@w365runner250520sh01.onmicrosoft.com\",\"createdByType\":\"User\",\"createdAt\":\"2025-11-12T05:05:10.03Z\",\"lastModifiedBy\":\"liwei@w365runner250520sh01.onmicrosoft.com\",\"lastModifiedByType\":\"User\",\"lastModifiedAt\":\"2025-11-12T05:05:10.03Z\"},\"properties\":{\"description\":\"desc\",\"friendlyName\":\"fri\",\"timeZone\":\"Pacific Standard Time\",\"hostPoolType\":\"Pooled\",\"exclusionTag\":\"\",\"schedules\":[],\"hostPoolReferences\":[],\"objectId\":\"7ea15792-ad09-4dc7-93e6-da980c437fcd\"}}",
      "isContentBase64": false
    }
  },
  "Get-AzWvdScalingPlan+[NoContext]+Get+$DELETE+https://management.azure.com/subscriptions/6738509d-84ed-4ad6-974a-7dc4e3c34146/resourceGroups/zhongjie-rg-wus/providers/Microsoft.DesktopVirtualization/scalingPlans/ScalingPlanPowershellContained1?api-version=2025-09-01-preview+3": {
    "Request": {
      "Method": "DELETE",
      "RequestUri": "https://management.azure.com/subscriptions/6738509d-84ed-4ad6-974a-7dc4e3c34146/resourceGroups/zhongjie-rg-wus/providers/Microsoft.DesktopVirtualization/scalingPlans/ScalingPlanPowershellContained1?api-version=2025-09-01-preview",
      "Content": null,
      "isContentBase64": false,
      "Headers": {
        "x-ms-unique-id": [ "122" ],
        "x-ms-client-request-id": [ "e9e20882-7894-45d4-90f0-49ae4967ad0f" ],
        "CommandName": [ "Remove-AzWvdScalingPlan" ],
        "FullCommandName": [ "Remove-AzWvdScalingPlan_Delete" ],
        "ParameterSetName": [ "__AllParameterSets" ],
        "User-Agent": [ "AzurePowershell/v14.3.0", "PSVersion/v7.5.4", "Az.DesktopVirtualization/0.1.0" ],
        "Authorization": [ "[Filtered]" ]
      },
      "ContentHeaders": {
      }
    },
    "Response": {
      "StatusCode": 200,
      "Headers": {
        "Cache-Control": [ "no-cache" ],
        "Pragma": [ "no-cache" ],
        "Vary": [ "Accept-Encoding" ],
        "Set-Cookie": [ "ARRAffinity=661c99a4607f0f1509a8fc17a2de09435d1812023412b626924db0f401d0c2a7;Path=/;HttpOnly;Secure;Domain=rdarmprovider-g-us-r0.wvd.microsoft.com", "ARRAffinitySameSite=661c99a4607f0f1509a8fc17a2de09435d1812023412b626924db0f401d0c2a7;Path=/;HttpOnly;SameSite=None;Secure;Domain=rdarmprovider-g-us-r0.wvd.microsoft.com" ],
        "x-ms-operation-identifier": [ "tenantId=715492f1-ef6e-4eea-9176-7c81e765c3c8,objectId=da374578-2a5b-438e-8ca6-d35069c8c1c1/westus2/e0721b1d-ca9e-402e-8257-62fba62779a1" ],
        "X-Rate-Limit-Limit": [ "0" ],
        "X-Rate-Limit-Remaining": [ "9223372036854775807" ],
        "X-Rate-Limit-Reset": [ "0" ],
        "x-ms-opsarmpath64": [ "L3N1YnNjcmlwdGlvbnMvNjczODUwOWQtODRlZC00YWQ2LTk3NGEtN2RjNGUzYzM0MTQ2L3Jlc291cmNlR3JvdXBzL3pob25namllLXJnLXd1cy9wcm92aWRlcnMvTWljcm9zb2Z0LkRlc2t0b3BWaXJ0dWFsaXphdGlvbi9zY2FsaW5nUGxhbnMvU2NhbGluZ1BsYW5Qb3dlcnNoZWxsQ29udGFpbmVkMQ==" ],
        "x-ms-lamport-ts": [ "10262774673" ],
        "x-ms-correlation-id": [ "a1fb1fc9-630b-433a-8a1a-32d5cb839611" ],
        "x-ms-request-id": [ "e9e20882-7894-45d4-90f0-49ae4967ad0f" ],
        "X-Powered-By": [ "ASP.NET" ],
        "X-Content-Type-Options": [ "nosniff" ],
        "x-ms-ratelimit-remaining-subscription-deletes": [ "199" ],
        "x-ms-ratelimit-remaining-subscription-global-deletes": [ "2999" ],
        "x-ms-correlation-request-id": [ "bed878e9-a96c-4e76-859b-bced1d5de078" ],
        "x-ms-routing-request-id": [ "WESTUS2:20251112T050511Z:bed878e9-a96c-4e76-859b-bced1d5de078" ],
        "Strict-Transport-Security": [ "max-age=31536000; includeSubDomains" ],
        "X-Cache": [ "CONFIG_NOCACHE" ],
        "X-MSEdge-Ref": [ "Ref A: 9A6EF534A6A94B1393B0A2335DBDE19B Ref B: JKT201051407060 Ref C: 2025-11-12T05:05:11Z" ],
        "Date": [ "Wed, 12 Nov 2025 05:05:11 GMT" ]
      },
      "ContentHeaders": {
        "Content-Length": [ "807" ],
        "Content-Type": [ "application/json; charset=utf-8" ],
        "Expires": [ "-1" ]
      },
      "Content": "{\"name\":\"ScalingPlanPowershellContained1\",\"id\":\"/subscriptions/6738509d-84ed-4ad6-974a-7dc4e3c34146/resourcegroups/zhongjie-rg-wus/providers/Microsoft.DesktopVirtualization/scalingplans/ScalingPlanPowershellContained1\",\"type\":\"Microsoft.DesktopVirtualization/scalingplans\",\"location\":\"westus2\",\"tags\":null,\"kind\":null,\"systemData\":{\"createdBy\":\"liwei@w365runner250520sh01.onmicrosoft.com\",\"createdByType\":\"User\",\"createdAt\":\"2025-11-12T05:05:10.03Z\",\"lastModifiedBy\":\"liwei@w365runner250520sh01.onmicrosoft.com\",\"lastModifiedByType\":\"User\",\"lastModifiedAt\":\"2025-11-12T05:05:10.03Z\"},\"properties\":{\"description\":\"desc\",\"friendlyName\":\"fri\",\"timeZone\":\"Pacific Standard Time\",\"hostPoolType\":\"Pooled\",\"exclusionTag\":\"\",\"schedules\":[],\"hostPoolReferences\":[],\"objectId\":\"7ea15792-ad09-4dc7-93e6-da980c437fcd\"}}",
      "isContentBase64": false
    }
  },
  "Get-AzWvdScalingPlan+[NoContext]+List+$PUT+https://management.azure.com/subscriptions/6738509d-84ed-4ad6-974a-7dc4e3c34146/resourceGroups/zhongjie-rg-wus/providers/Microsoft.DesktopVirtualization/scalingPlans/ScalingPlanPowershellContained1?api-version=2025-09-01-preview+1": {
    "Request": {
      "Method": "PUT",
      "RequestUri": "https://management.azure.com/subscriptions/6738509d-84ed-4ad6-974a-7dc4e3c34146/resourceGroups/zhongjie-rg-wus/providers/Microsoft.DesktopVirtualization/scalingPlans/ScalingPlanPowershellContained1?api-version=2025-09-01-preview",
      "Content": "{\r\n  \"location\": \"westus2\",\r\n  \"properties\": {\r\n    \"description\": \"desc\",\r\n    \"friendlyName\": \"fri\",\r\n    \"timeZone\": \"Pacific Standard Time\",\r\n    \"hostPoolType\": \"Pooled\",\r\n    \"schedules\": [ ],\r\n    \"hostPoolReferences\": [ ]\r\n  }\r\n}",
      "isContentBase64": false,
      "Headers": {
      },
      "ContentHeaders": {
        "Content-Type": [ "application/json" ],
        "Content-Length": [ "237" ]
      }
    },
    "Response": {
      "StatusCode": 201,
      "Headers": {
        "Cache-Control": [ "no-cache" ],
        "Pragma": [ "no-cache" ],
        "Location": [ "/subscriptions/6738509d-84ed-4ad6-974a-7dc4e3c34146/resourcegroups/zhongjie-rg-wus/providers/Microsoft.DesktopVirtualization/scalingplans/ScalingPlanPowershellContained1" ],
        "Set-Cookie": [ "ARRAffinity=002717a29815ff744b05157baa9d789df3b9d7d103205437d23e4b6d5ec59051;Path=/;HttpOnly;Secure;Domain=rdarmprovider-g-us-r0.wvd.microsoft.com", "ARRAffinitySameSite=002717a29815ff744b05157baa9d789df3b9d7d103205437d23e4b6d5ec59051;Path=/;HttpOnly;SameSite=None;Secure;Domain=rdarmprovider-g-us-r0.wvd.microsoft.com" ],
        "X-Rate-Limit-Limit": [ "0" ],
        "X-Rate-Limit-Remaining": [ "9223372036854775807" ],
        "X-Rate-Limit-Reset": [ "0" ],
        "x-ms-opsarmpath64": [ "L3N1YnNjcmlwdGlvbnMvNjczODUwOWQtODRlZC00YWQ2LTk3NGEtN2RjNGUzYzM0MTQ2L3Jlc291cmNlR3JvdXBzL3pob25namllLXJnLXd1cy9wcm92aWRlcnMvTWljcm9zb2Z0LkRlc2t0b3BWaXJ0dWFsaXphdGlvbi9zY2FsaW5nUGxhbnMvU2NhbGluZ1BsYW5Qb3dlcnNoZWxsQ29udGFpbmVkMQ==" ],
        "x-ms-lamport-ts": [ "10262774900" ],
        "x-ms-correlation-id": [ "895e05b9-6578-48ce-bedd-a53e6e9ac00d" ],
        "x-ms-request-id": [ "645c8dc1-6c41-4af7-b993-0d42fb5ab53c" ],
        "X-Powered-By": [ "ASP.NET" ],
        "X-Content-Type-Options": [ "nosniff" ],
        "x-ms-operation-identifier": [ "tenantId=715492f1-ef6e-4eea-9176-7c81e765c3c8,objectId=da374578-2a5b-438e-8ca6-d35069c8c1c1/westus2/06ff142b-a732-4ab7-93ad-dbe6477e39de" ],
        "x-ms-ratelimit-remaining-subscription-writes": [ "198" ],
        "x-ms-ratelimit-remaining-subscription-global-writes": [ "2998" ],
        "x-ms-correlation-request-id": [ "ce6f6dc2-2b41-4a70-8dca-172f63cd61aa" ],
        "x-ms-routing-request-id": [ "WESTUS2:20251112T050512Z:ce6f6dc2-2b41-4a70-8dca-172f63cd61aa" ],
        "Strict-Transport-Security": [ "max-age=31536000; includeSubDomains" ],
        "X-Cache": [ "CONFIG_NOCACHE" ],
        "X-MSEdge-Ref": [ "Ref A: 6F206F0A3C584CA38DC2130E0E3D541C Ref B: JKT201051407060 Ref C: 2025-11-12T05:05:12Z" ],
        "Date": [ "Wed, 12 Nov 2025 05:05:12 GMT" ]
      },
      "ContentHeaders": {
        "Content-Length": [ "807" ],
        "Content-Type": [ "application/json; charset=utf-8" ],
        "Expires": [ "-1" ]
      },
      "Content": "{\"name\":\"ScalingPlanPowershellContained1\",\"id\":\"/subscriptions/6738509d-84ed-4ad6-974a-7dc4e3c34146/resourcegroups/zhongjie-rg-wus/providers/Microsoft.DesktopVirtualization/scalingplans/ScalingPlanPowershellContained1\",\"type\":\"Microsoft.DesktopVirtualization/scalingplans\",\"location\":\"westus2\",\"tags\":null,\"kind\":null,\"systemData\":{\"createdBy\":\"liwei@w365runner250520sh01.onmicrosoft.com\",\"createdByType\":\"User\",\"createdAt\":\"2025-11-12T05:05:12.34Z\",\"lastModifiedBy\":\"liwei@w365runner250520sh01.onmicrosoft.com\",\"lastModifiedByType\":\"User\",\"lastModifiedAt\":\"2025-11-12T05:05:12.34Z\"},\"properties\":{\"description\":\"desc\",\"friendlyName\":\"fri\",\"timeZone\":\"Pacific Standard Time\",\"hostPoolType\":\"Pooled\",\"exclusionTag\":\"\",\"schedules\":[],\"hostPoolReferences\":[],\"objectId\":\"25972476-80cb-4ec5-a3a2-b287cdb243cc\"}}",
      "isContentBase64": false
    }
  },
  "Get-AzWvdScalingPlan+[NoContext]+List+$PUT+https://management.azure.com/subscriptions/6738509d-84ed-4ad6-974a-7dc4e3c34146/resourceGroups/zhongjie-rg-wus/providers/Microsoft.DesktopVirtualization/scalingPlans/ScalingPlanPowershellContained2?api-version=2025-09-01-preview+2": {
    "Request": {
      "Method": "PUT",
      "RequestUri": "https://management.azure.com/subscriptions/6738509d-84ed-4ad6-974a-7dc4e3c34146/resourceGroups/zhongjie-rg-wus/providers/Microsoft.DesktopVirtualization/scalingPlans/ScalingPlanPowershellContained2?api-version=2025-09-01-preview",
      "Content": "{\r\n  \"location\": \"westus2\",\r\n  \"properties\": {\r\n    \"description\": \"desc\",\r\n    \"friendlyName\": \"fri\",\r\n    \"timeZone\": \"Pacific Standard Time\",\r\n    \"hostPoolType\": \"Pooled\",\r\n    \"schedules\": [ ],\r\n    \"hostPoolReferences\": [ ]\r\n  }\r\n}",
      "isContentBase64": false,
      "Headers": {
      },
      "ContentHeaders": {
        "Content-Type": [ "application/json" ],
        "Content-Length": [ "237" ]
      }
    },
    "Response": {
      "StatusCode": 201,
      "Headers": {
        "Cache-Control": [ "no-cache" ],
        "Pragma": [ "no-cache" ],
        "Location": [ "/subscriptions/6738509d-84ed-4ad6-974a-7dc4e3c34146/resourcegroups/zhongjie-rg-wus/providers/Microsoft.DesktopVirtualization/scalingplans/ScalingPlanPowershellContained2" ],
        "Set-Cookie": [ "ARRAffinity=57e795ac3cef8931649c13ca7a5c1a198ee489be7c635bb6f31a7e1aefb39eec;Path=/;HttpOnly;Secure;Domain=rdarmprovider-g-us-r0.wvd.microsoft.com", "ARRAffinitySameSite=57e795ac3cef8931649c13ca7a5c1a198ee489be7c635bb6f31a7e1aefb39eec;Path=/;HttpOnly;SameSite=None;Secure;Domain=rdarmprovider-g-us-r0.wvd.microsoft.com" ],
        "x-ms-operation-identifier": [ "tenantId=715492f1-ef6e-4eea-9176-7c81e765c3c8,objectId=da374578-2a5b-438e-8ca6-d35069c8c1c1/westus2/ecdc6073-8c45-4047-aa1a-9805ac40b067" ],
        "X-Rate-Limit-Limit": [ "0" ],
        "X-Rate-Limit-Remaining": [ "9223372036854775807" ],
        "X-Rate-Limit-Reset": [ "0" ],
        "x-ms-opsarmpath64": [ "L3N1YnNjcmlwdGlvbnMvNjczODUwOWQtODRlZC00YWQ2LTk3NGEtN2RjNGUzYzM0MTQ2L3Jlc291cmNlR3JvdXBzL3pob25namllLXJnLXd1cy9wcm92aWRlcnMvTWljcm9zb2Z0LkRlc2t0b3BWaXJ0dWFsaXphdGlvbi9zY2FsaW5nUGxhbnMvU2NhbGluZ1BsYW5Qb3dlcnNoZWxsQ29udGFpbmVkMg==" ],
        "x-ms-lamport-ts": [ "10262774861" ],
        "x-ms-correlation-id": [ "f385c7be-5605-4551-8553-a0a7b070d194" ],
        "x-ms-request-id": [ "7c02b64c-55b9-4d8f-87b4-3e0f1abd929b" ],
        "X-Powered-By": [ "ASP.NET" ],
        "X-Content-Type-Options": [ "nosniff" ],
        "x-ms-ratelimit-remaining-subscription-writes": [ "199" ],
        "x-ms-ratelimit-remaining-subscription-global-writes": [ "2999" ],
        "x-ms-correlation-request-id": [ "12eb4299-022b-4034-b131-538d35242ea3" ],
        "x-ms-routing-request-id": [ "WESTUS2:20251112T050513Z:12eb4299-022b-4034-b131-538d35242ea3" ],
        "Strict-Transport-Security": [ "max-age=31536000; includeSubDomains" ],
        "X-Cache": [ "CONFIG_NOCACHE" ],
        "X-MSEdge-Ref": [ "Ref A: 8B2F6D2E99354F28868A902C1E090254 Ref B: JKT201051407060 Ref C: 2025-11-12T05:05:12Z" ],
        "Date": [ "Wed, 12 Nov 2025 05:05:13 GMT" ]
      },
      "ContentHeaders": {
        "Content-Length": [ "807" ],
        "Content-Type": [ "application/json; charset=utf-8" ],
        "Expires": [ "-1" ]
      },
      "Content": "{\"name\":\"ScalingPlanPowershellContained2\",\"id\":\"/subscriptions/6738509d-84ed-4ad6-974a-7dc4e3c34146/resourcegroups/zhongjie-rg-wus/providers/Microsoft.DesktopVirtualization/scalingplans/ScalingPlanPowershellContained2\",\"type\":\"Microsoft.DesktopVirtualization/scalingplans\",\"location\":\"westus2\",\"tags\":null,\"kind\":null,\"systemData\":{\"createdBy\":\"liwei@w365runner250520sh01.onmicrosoft.com\",\"createdByType\":\"User\",\"createdAt\":\"2025-11-12T05:05:13.10Z\",\"lastModifiedBy\":\"liwei@w365runner250520sh01.onmicrosoft.com\",\"lastModifiedByType\":\"User\",\"lastModifiedAt\":\"2025-11-12T05:05:13.10Z\"},\"properties\":{\"description\":\"desc\",\"friendlyName\":\"fri\",\"timeZone\":\"Pacific Standard Time\",\"hostPoolType\":\"Pooled\",\"exclusionTag\":\"\",\"schedules\":[],\"hostPoolReferences\":[],\"objectId\":\"9ff20489-e762-4e1f-8530-3205e8d254ec\"}}",
      "isContentBase64": false
    }
  },
  "Get-AzWvdScalingPlan+[NoContext]+List+$GET+https://management.azure.com/subscriptions/6738509d-84ed-4ad6-974a-7dc4e3c34146/resourceGroups/zhongjie-rg-wus/providers/Microsoft.DesktopVirtualization/scalingPlans?api-version=2025-09-01-preview+3": {
    "Request": {
      "Method": "GET",
      "RequestUri": "https://management.azure.com/subscriptions/6738509d-84ed-4ad6-974a-7dc4e3c34146/resourceGroups/zhongjie-rg-wus/providers/Microsoft.DesktopVirtualization/scalingPlans?api-version=2025-09-01-preview",
      "Content": null,
      "isContentBase64": false,
      "Headers": {
        "x-ms-unique-id": [ "125" ],
        "x-ms-client-request-id": [ "c52cab56-8a35-460b-b2a4-be2208f16957" ],
        "CommandName": [ "Get-AzWvdScalingPlan" ],
        "FullCommandName": [ "Get-AzWvdScalingPlan_List2" ],
        "ParameterSetName": [ "__AllParameterSets" ],
        "User-Agent": [ "AzurePowershell/v14.3.0", "PSVersion/v7.5.4", "Az.DesktopVirtualization/0.1.0" ],
        "Authorization": [ "[Filtered]" ]
      },
      "ContentHeaders": {
      }
    },
    "Response": {
      "StatusCode": 200,
      "Headers": {
        "Cache-Control": [ "no-cache" ],
        "Pragma": [ "no-cache" ],
        "Vary": [ "Accept-Encoding" ],
        "Set-Cookie": [ "ARRAffinity=f08099ddc6d1b5b480ee26565f489b862c28fda9abd95391f75b0cea107d6318;Path=/;HttpOnly;Secure;Domain=rdarmprovider-g-us-r0.wvd.microsoft.com", "ARRAffinitySameSite=f08099ddc6d1b5b480ee26565f489b862c28fda9abd95391f75b0cea107d6318;Path=/;HttpOnly;SameSite=None;Secure;Domain=rdarmprovider-g-us-r0.wvd.microsoft.com" ],
        "x-ms-original-request-ids": [ "c52cab56-8a35-460b-b2a4-be2208f16957" ],
        "X-Rate-Limit-Limit": [ "0" ],
        "X-Rate-Limit-Remaining": [ "9223372036854775807" ],
        "X-Rate-Limit-Reset": [ "0" ],
        "x-ms-opsarmpath64": [ "L3N1YnNjcmlwdGlvbnMvNjczODUwOWQtODRlZC00YWQ2LTk3NGEtN2RjNGUzYzM0MTQ2L3Jlc291cmNlR3JvdXBzL3pob25namllLXJnLXd1cw==" ],
        "x-ms-lamport-ts": [ "10262774882" ],
        "x-ms-correlation-id": [ "108c4269-4b76-45c3-bf72-626fb4dd865a" ],
        "X-Powered-By": [ "ASP.NET" ],
        "X-Content-Type-Options": [ "nosniff" ],
        "x-ms-ratelimit-remaining-subscription-reads": [ "249" ],
        "x-ms-ratelimit-remaining-subscription-global-reads": [ "3749" ],
        "x-ms-request-id": [ "c69ee693-3603-4ab9-a407-df3f07d103db" ],
        "x-ms-correlation-request-id": [ "c69ee693-3603-4ab9-a407-df3f07d103db" ],
        "x-ms-routing-request-id": [ "WESTUS2:20251112T050513Z:c69ee693-3603-4ab9-a407-df3f07d103db" ],
        "Strict-Transport-Security": [ "max-age=31536000; includeSubDomains" ],
        "X-Cache": [ "CONFIG_NOCACHE" ],
        "X-MSEdge-Ref": [ "Ref A: E325E98220834D5CA95FC355E618F628 Ref B: JKT201051407060 Ref C: 2025-11-12T05:05:13Z" ],
        "Date": [ "Wed, 12 Nov 2025 05:05:13 GMT" ]
      },
      "ContentHeaders": {
        "Content-Length": [ "1627" ],
        "Content-Type": [ "application/json; charset=utf-8" ],
        "Expires": [ "-1" ]
      },
      "Content": "{\"value\":[{\"name\":\"ScalingPlanPowershellContained1\",\"id\":\"/subscriptions/6738509d-84ed-4ad6-974a-7dc4e3c34146/resourcegroups/zhongjie-rg-wus/providers/Microsoft.DesktopVirtualization/scalingplans/ScalingPlanPowershellContained1\",\"type\":\"Microsoft.DesktopVirtualization/scalingplans\",\"location\":\"westus2\",\"tags\":null,\"kind\":null,\"systemData\":{\"createdBy\":\"liwei@w365runner250520sh01.onmicrosoft.com\",\"createdByType\":\"User\",\"createdAt\":\"2025-11-12T05:05:12.34Z\",\"lastModifiedBy\":\"liwei@w365runner250520sh01.onmicrosoft.com\",\"lastModifiedByType\":\"User\",\"lastModifiedAt\":\"2025-11-12T05:05:12.34Z\"},\"properties\":{\"description\":\"desc\",\"friendlyName\":\"fri\",\"timeZone\":\"Pacific Standard Time\",\"hostPoolType\":\"Pooled\",\"exclusionTag\":\"\",\"schedules\":[],\"hostPoolReferences\":[],\"objectId\":\"25972476-80cb-4ec5-a3a2-b287cdb243cc\"}},{\"name\":\"ScalingPlanPowershellContained2\",\"id\":\"/subscriptions/6738509d-84ed-4ad6-974a-7dc4e3c34146/resourcegroups/zhongjie-rg-wus/providers/Microsoft.DesktopVirtualization/scalingplans/ScalingPlanPowershellContained2\",\"type\":\"Microsoft.DesktopVirtualization/scalingplans\",\"location\":\"westus2\",\"tags\":null,\"kind\":null,\"systemData\":{\"createdBy\":\"liwei@w365runner250520sh01.onmicrosoft.com\",\"createdByType\":\"User\",\"createdAt\":\"2025-11-12T05:05:13.10Z\",\"lastModifiedBy\":\"liwei@w365runner250520sh01.onmicrosoft.com\",\"lastModifiedByType\":\"User\",\"lastModifiedAt\":\"2025-11-12T05:05:13.10Z\"},\"properties\":{\"description\":\"desc\",\"friendlyName\":\"fri\",\"timeZone\":\"Pacific Standard Time\",\"hostPoolType\":\"Pooled\",\"exclusionTag\":\"\",\"schedules\":[],\"hostPoolReferences\":[],\"objectId\":\"9ff20489-e762-4e1f-8530-3205e8d254ec\"}}]}",
      "isContentBase64": false
    }
  },
  "Get-AzWvdScalingPlan+[NoContext]+List+$DELETE+https://management.azure.com/subscriptions/6738509d-84ed-4ad6-974a-7dc4e3c34146/resourceGroups/zhongjie-rg-wus/providers/Microsoft.DesktopVirtualization/scalingPlans/ScalingPlanPowershellContained1?api-version=2025-09-01-preview+4": {
    "Request": {
      "Method": "DELETE",
      "RequestUri": "https://management.azure.com/subscriptions/6738509d-84ed-4ad6-974a-7dc4e3c34146/resourceGroups/zhongjie-rg-wus/providers/Microsoft.DesktopVirtualization/scalingPlans/ScalingPlanPowershellContained1?api-version=2025-09-01-preview",
      "Content": null,
      "isContentBase64": false,
      "Headers": {
        "x-ms-unique-id": [ "126" ],
        "x-ms-client-request-id": [ "c372c180-7e8e-476e-8f40-05c26c9026a9" ],
        "CommandName": [ "Remove-AzWvdScalingPlan" ],
        "FullCommandName": [ "Remove-AzWvdScalingPlan_Delete" ],
        "ParameterSetName": [ "__AllParameterSets" ],
        "User-Agent": [ "AzurePowershell/v14.3.0", "PSVersion/v7.5.4", "Az.DesktopVirtualization/0.1.0" ],
        "Authorization": [ "[Filtered]" ]
      },
      "ContentHeaders": {
      }
    },
    "Response": {
      "StatusCode": 200,
      "Headers": {
        "Cache-Control": [ "no-cache" ],
        "Pragma": [ "no-cache" ],
        "Vary": [ "Accept-Encoding" ],
        "Set-Cookie": [ "ARRAffinity=f08099ddc6d1b5b480ee26565f489b862c28fda9abd95391f75b0cea107d6318;Path=/;HttpOnly;Secure;Domain=rdarmprovider-g-us-r0.wvd.microsoft.com", "ARRAffinitySameSite=f08099ddc6d1b5b480ee26565f489b862c28fda9abd95391f75b0cea107d6318;Path=/;HttpOnly;SameSite=None;Secure;Domain=rdarmprovider-g-us-r0.wvd.microsoft.com" ],
        "x-ms-operation-identifier": [ "tenantId=715492f1-ef6e-4eea-9176-7c81e765c3c8,objectId=da374578-2a5b-438e-8ca6-d35069c8c1c1/westus2/09d5a6f2-9f1b-4284-acac-4f60389a9cea" ],
        "X-Rate-Limit-Limit": [ "0" ],
        "X-Rate-Limit-Remaining": [ "9223372036854775807" ],
        "X-Rate-Limit-Reset": [ "0" ],
        "x-ms-opsarmpath64": [ "L3N1YnNjcmlwdGlvbnMvNjczODUwOWQtODRlZC00YWQ2LTk3NGEtN2RjNGUzYzM0MTQ2L3Jlc291cmNlR3JvdXBzL3pob25namllLXJnLXd1cy9wcm92aWRlcnMvTWljcm9zb2Z0LkRlc2t0b3BWaXJ0dWFsaXphdGlvbi9zY2FsaW5nUGxhbnMvU2NhbGluZ1BsYW5Qb3dlcnNoZWxsQ29udGFpbmVkMQ==" ],
        "x-ms-lamport-ts": [ "10262774911" ],
        "x-ms-correlation-id": [ "485d9961-76f4-4f2e-a129-acb11004836c" ],
        "x-ms-request-id": [ "c372c180-7e8e-476e-8f40-05c26c9026a9" ],
        "X-Powered-By": [ "ASP.NET" ],
        "X-Content-Type-Options": [ "nosniff" ],
        "x-ms-ratelimit-remaining-subscription-deletes": [ "199" ],
        "x-ms-ratelimit-remaining-subscription-global-deletes": [ "2999" ],
        "x-ms-correlation-request-id": [ "41d4c485-1bec-4f42-ba20-b78971bd231a" ],
        "x-ms-routing-request-id": [ "WESTUS2:20251112T050514Z:41d4c485-1bec-4f42-ba20-b78971bd231a" ],
        "Strict-Transport-Security": [ "max-age=31536000; includeSubDomains" ],
        "X-Cache": [ "CONFIG_NOCACHE" ],
        "X-MSEdge-Ref": [ "Ref A: F0DAFC5950D94CAD8263F06747F02AB2 Ref B: JKT201051407060 Ref C: 2025-11-12T05:05:14Z" ],
        "Date": [ "Wed, 12 Nov 2025 05:05:14 GMT" ]
      },
      "ContentHeaders": {
        "Content-Length": [ "807" ],
        "Content-Type": [ "application/json; charset=utf-8" ],
        "Expires": [ "-1" ]
      },
      "Content": "{\"name\":\"ScalingPlanPowershellContained1\",\"id\":\"/subscriptions/6738509d-84ed-4ad6-974a-7dc4e3c34146/resourcegroups/zhongjie-rg-wus/providers/Microsoft.DesktopVirtualization/scalingplans/ScalingPlanPowershellContained1\",\"type\":\"Microsoft.DesktopVirtualization/scalingplans\",\"location\":\"westus2\",\"tags\":null,\"kind\":null,\"systemData\":{\"createdBy\":\"liwei@w365runner250520sh01.onmicrosoft.com\",\"createdByType\":\"User\",\"createdAt\":\"2025-11-12T05:05:12.34Z\",\"lastModifiedBy\":\"liwei@w365runner250520sh01.onmicrosoft.com\",\"lastModifiedByType\":\"User\",\"lastModifiedAt\":\"2025-11-12T05:05:12.34Z\"},\"properties\":{\"description\":\"desc\",\"friendlyName\":\"fri\",\"timeZone\":\"Pacific Standard Time\",\"hostPoolType\":\"Pooled\",\"exclusionTag\":\"\",\"schedules\":[],\"hostPoolReferences\":[],\"objectId\":\"25972476-80cb-4ec5-a3a2-b287cdb243cc\"}}",
      "isContentBase64": false
    }
  },
  "Get-AzWvdScalingPlan+[NoContext]+List+$DELETE+https://management.azure.com/subscriptions/6738509d-84ed-4ad6-974a-7dc4e3c34146/resourceGroups/zhongjie-rg-wus/providers/Microsoft.DesktopVirtualization/scalingPlans/ScalingPlanPowershellContained2?api-version=2025-09-01-preview+5": {
    "Request": {
      "Method": "DELETE",
      "RequestUri": "https://management.azure.com/subscriptions/6738509d-84ed-4ad6-974a-7dc4e3c34146/resourceGroups/zhongjie-rg-wus/providers/Microsoft.DesktopVirtualization/scalingPlans/ScalingPlanPowershellContained2?api-version=2025-09-01-preview",
      "Content": null,
      "isContentBase64": false,
      "Headers": {
        "x-ms-unique-id": [ "127" ],
        "x-ms-client-request-id": [ "3c090cfc-152d-4111-80ea-559a149159b1" ],
        "CommandName": [ "Remove-AzWvdScalingPlan" ],
        "FullCommandName": [ "Remove-AzWvdScalingPlan_Delete" ],
        "ParameterSetName": [ "__AllParameterSets" ],
        "User-Agent": [ "AzurePowershell/v14.3.0", "PSVersion/v7.5.4", "Az.DesktopVirtualization/0.1.0" ],
        "Authorization": [ "[Filtered]" ]
      },
      "ContentHeaders": {
      }
    },
    "Response": {
      "StatusCode": 200,
      "Headers": {
        "Cache-Control": [ "no-cache" ],
        "Pragma": [ "no-cache" ],
        "Vary": [ "Accept-Encoding" ],
        "Set-Cookie": [ "ARRAffinity=f5a17254951e5cf9c5b38779db50e2bfcb7bdbef0315c86a85e59a1c7e1471bf;Path=/;HttpOnly;Secure;Domain=rdarmprovider-g-us-r0.wvd.microsoft.com", "ARRAffinitySameSite=f5a17254951e5cf9c5b38779db50e2bfcb7bdbef0315c86a85e59a1c7e1471bf;Path=/;HttpOnly;SameSite=None;Secure;Domain=rdarmprovider-g-us-r0.wvd.microsoft.com" ],
        "x-ms-operation-identifier": [ "tenantId=715492f1-ef6e-4eea-9176-7c81e765c3c8,objectId=da374578-2a5b-438e-8ca6-d35069c8c1c1/westus2/b3a8f6fb-203c-408b-b8d3-0a49dd792487" ],
        "X-Rate-Limit-Limit": [ "0" ],
        "X-Rate-Limit-Remaining": [ "9223372036854775807" ],
        "X-Rate-Limit-Reset": [ "0" ],
        "x-ms-opsarmpath64": [ "L3N1YnNjcmlwdGlvbnMvNjczODUwOWQtODRlZC00YWQ2LTk3NGEtN2RjNGUzYzM0MTQ2L3Jlc291cmNlR3JvdXBzL3pob25namllLXJnLXd1cy9wcm92aWRlcnMvTWljcm9zb2Z0LkRlc2t0b3BWaXJ0dWFsaXphdGlvbi9zY2FsaW5nUGxhbnMvU2NhbGluZ1BsYW5Qb3dlcnNoZWxsQ29udGFpbmVkMg==" ],
        "x-ms-lamport-ts": [ "10262774795" ],
        "x-ms-correlation-id": [ "63448b90-0155-4f88-87a9-06970e358afb" ],
        "x-ms-request-id": [ "3c090cfc-152d-4111-80ea-559a149159b1" ],
        "X-Powered-By": [ "ASP.NET" ],
        "X-Content-Type-Options": [ "nosniff" ],
        "x-ms-ratelimit-remaining-subscription-deletes": [ "198" ],
        "x-ms-ratelimit-remaining-subscription-global-deletes": [ "2998" ],
        "x-ms-correlation-request-id": [ "b8336329-54fd-49e7-aac2-511e99486c75" ],
        "x-ms-routing-request-id": [ "WESTUS2:20251112T050515Z:b8336329-54fd-49e7-aac2-511e99486c75" ],
        "Strict-Transport-Security": [ "max-age=31536000; includeSubDomains" ],
        "X-Cache": [ "CONFIG_NOCACHE" ],
        "X-MSEdge-Ref": [ "Ref A: C36F84EEE65D44AEADEF6718857FB806 Ref B: JKT201051407060 Ref C: 2025-11-12T05:05:14Z" ],
        "Date": [ "Wed, 12 Nov 2025 05:05:15 GMT" ]
      },
      "ContentHeaders": {
        "Content-Length": [ "807" ],
        "Content-Type": [ "application/json; charset=utf-8" ],
        "Expires": [ "-1" ]
      },
      "Content": "{\"name\":\"ScalingPlanPowershellContained2\",\"id\":\"/subscriptions/6738509d-84ed-4ad6-974a-7dc4e3c34146/resourcegroups/zhongjie-rg-wus/providers/Microsoft.DesktopVirtualization/scalingplans/ScalingPlanPowershellContained2\",\"type\":\"Microsoft.DesktopVirtualization/scalingplans\",\"location\":\"westus2\",\"tags\":null,\"kind\":null,\"systemData\":{\"createdBy\":\"liwei@w365runner250520sh01.onmicrosoft.com\",\"createdByType\":\"User\",\"createdAt\":\"2025-11-12T05:05:13.10Z\",\"lastModifiedBy\":\"liwei@w365runner250520sh01.onmicrosoft.com\",\"lastModifiedByType\":\"User\",\"lastModifiedAt\":\"2025-11-12T05:05:13.10Z\"},\"properties\":{\"description\":\"desc\",\"friendlyName\":\"fri\",\"timeZone\":\"Pacific Standard Time\",\"hostPoolType\":\"Pooled\",\"exclusionTag\":\"\",\"schedules\":[],\"hostPoolReferences\":[],\"objectId\":\"9ff20489-e762-4e1f-8530-3205e8d254ec\"}}",
      "isContentBase64": false
    }
  },
  "Get-AzWvdScalingPlan+[NoContext]+List By Subscription+$PUT+https://management.azure.com/subscriptions/6738509d-84ed-4ad6-974a-7dc4e3c34146/resourceGroups/zhongjie-rg-wus/providers/Microsoft.DesktopVirtualization/scalingPlans/ScalingPlanPowershellContained1?api-version=2025-09-01-preview+1": {
    "Request": {
      "Method": "PUT",
      "RequestUri": "https://management.azure.com/subscriptions/6738509d-84ed-4ad6-974a-7dc4e3c34146/resourceGroups/zhongjie-rg-wus/providers/Microsoft.DesktopVirtualization/scalingPlans/ScalingPlanPowershellContained1?api-version=2025-09-01-preview",
      "Content": "{\r\n  \"location\": \"westus2\",\r\n  \"properties\": {\r\n    \"description\": \"desc\",\r\n    \"friendlyName\": \"fri\",\r\n    \"timeZone\": \"Pacific Standard Time\",\r\n    \"hostPoolType\": \"Pooled\",\r\n    \"schedules\": [ ],\r\n    \"hostPoolReferences\": [ ]\r\n  }\r\n}",
      "isContentBase64": false,
      "Headers": {
      },
      "ContentHeaders": {
        "Content-Type": [ "application/json" ],
        "Content-Length": [ "237" ]
      }
    },
    "Response": {
      "StatusCode": 201,
      "Headers": {
        "Cache-Control": [ "no-cache" ],
        "Pragma": [ "no-cache" ],
        "Location": [ "/subscriptions/6738509d-84ed-4ad6-974a-7dc4e3c34146/resourcegroups/zhongjie-rg-wus/providers/Microsoft.DesktopVirtualization/scalingplans/ScalingPlanPowershellContained1" ],
        "Set-Cookie": [ "ARRAffinity=cd63f6909a0bc09b1cf5c6b60912c30183ee7d873ab75c3549292a404b49274a;Path=/;HttpOnly;Secure;Domain=rdarmprovider-g-us-r0.wvd.microsoft.com", "ARRAffinitySameSite=cd63f6909a0bc09b1cf5c6b60912c30183ee7d873ab75c3549292a404b49274a;Path=/;HttpOnly;SameSite=None;Secure;Domain=rdarmprovider-g-us-r0.wvd.microsoft.com" ],
        "X-Rate-Limit-Limit": [ "0" ],
        "X-Rate-Limit-Remaining": [ "9223372036854775807" ],
        "X-Rate-Limit-Reset": [ "0" ],
        "x-ms-opsarmpath64": [ "L3N1YnNjcmlwdGlvbnMvNjczODUwOWQtODRlZC00YWQ2LTk3NGEtN2RjNGUzYzM0MTQ2L3Jlc291cmNlR3JvdXBzL3pob25namllLXJnLXd1cy9wcm92aWRlcnMvTWljcm9zb2Z0LkRlc2t0b3BWaXJ0dWFsaXphdGlvbi9zY2FsaW5nUGxhbnMvU2NhbGluZ1BsYW5Qb3dlcnNoZWxsQ29udGFpbmVkMQ==" ],
        "x-ms-lamport-ts": [ "10262774905" ],
        "x-ms-correlation-id": [ "04e3c1ae-ac49-40ed-ba15-176a39b2338e" ],
        "x-ms-request-id": [ "91c3f38b-ba7f-4e3c-86df-410f07f2c96b" ],
        "X-Powered-By": [ "ASP.NET" ],
        "X-Content-Type-Options": [ "nosniff" ],
        "x-ms-operation-identifier": [ "tenantId=715492f1-ef6e-4eea-9176-7c81e765c3c8,objectId=da374578-2a5b-438e-8ca6-d35069c8c1c1/westus2/da96ab3a-b074-4c15-bb17-e1c61f5d51b7" ],
        "x-ms-ratelimit-remaining-subscription-writes": [ "199" ],
        "x-ms-ratelimit-remaining-subscription-global-writes": [ "2999" ],
        "x-ms-correlation-request-id": [ "12b41c2e-51ea-42c5-8fea-28e8bf21f804" ],
        "x-ms-routing-request-id": [ "WESTUS2:20251112T050516Z:12b41c2e-51ea-42c5-8fea-28e8bf21f804" ],
        "Strict-Transport-Security": [ "max-age=31536000; includeSubDomains" ],
        "X-Cache": [ "CONFIG_NOCACHE" ],
        "X-MSEdge-Ref": [ "Ref A: 5201B9D78E564DD9921882898C6228EF Ref B: JKT201051407060 Ref C: 2025-11-12T05:05:16Z" ],
        "Date": [ "Wed, 12 Nov 2025 05:05:16 GMT" ]
      },
      "ContentHeaders": {
        "Content-Length": [ "807" ],
        "Content-Type": [ "application/json; charset=utf-8" ],
        "Expires": [ "-1" ]
      },
      "Content": "{\"name\":\"ScalingPlanPowershellContained1\",\"id\":\"/subscriptions/6738509d-84ed-4ad6-974a-7dc4e3c34146/resourcegroups/zhongjie-rg-wus/providers/Microsoft.DesktopVirtualization/scalingplans/ScalingPlanPowershellContained1\",\"type\":\"Microsoft.DesktopVirtualization/scalingplans\",\"location\":\"westus2\",\"tags\":null,\"kind\":null,\"systemData\":{\"createdBy\":\"liwei@w365runner250520sh01.onmicrosoft.com\",\"createdByType\":\"User\",\"createdAt\":\"2025-11-12T05:05:16.37Z\",\"lastModifiedBy\":\"liwei@w365runner250520sh01.onmicrosoft.com\",\"lastModifiedByType\":\"User\",\"lastModifiedAt\":\"2025-11-12T05:05:16.37Z\"},\"properties\":{\"description\":\"desc\",\"friendlyName\":\"fri\",\"timeZone\":\"Pacific Standard Time\",\"hostPoolType\":\"Pooled\",\"exclusionTag\":\"\",\"schedules\":[],\"hostPoolReferences\":[],\"objectId\":\"1b35b8c7-9707-4bdf-a04e-fa983d8c9af7\"}}",
      "isContentBase64": false
    }
  },
  "Get-AzWvdScalingPlan+[NoContext]+List By Subscription+$PUT+https://management.azure.com/subscriptions/6738509d-84ed-4ad6-974a-7dc4e3c34146/resourceGroups/zhongjie-rg-wus/providers/Microsoft.DesktopVirtualization/scalingPlans/ScalingPlanPowershellContained2?api-version=2025-09-01-preview+2": {
    "Request": {
      "Method": "PUT",
      "RequestUri": "https://management.azure.com/subscriptions/6738509d-84ed-4ad6-974a-7dc4e3c34146/resourceGroups/zhongjie-rg-wus/providers/Microsoft.DesktopVirtualization/scalingPlans/ScalingPlanPowershellContained2?api-version=2025-09-01-preview",
      "Content": "{\r\n  \"location\": \"westus2\",\r\n  \"properties\": {\r\n    \"description\": \"desc\",\r\n    \"friendlyName\": \"fri\",\r\n    \"timeZone\": \"Pacific Standard Time\",\r\n    \"hostPoolType\": \"Pooled\",\r\n    \"schedules\": [ ],\r\n    \"hostPoolReferences\": [ ]\r\n  }\r\n}",
      "isContentBase64": false,
      "Headers": {
      },
      "ContentHeaders": {
        "Content-Type": [ "application/json" ],
        "Content-Length": [ "237" ]
      }
    },
    "Response": {
      "StatusCode": 201,
      "Headers": {
        "Cache-Control": [ "no-cache" ],
        "Pragma": [ "no-cache" ],
        "Location": [ "/subscriptions/6738509d-84ed-4ad6-974a-7dc4e3c34146/resourcegroups/zhongjie-rg-wus/providers/Microsoft.DesktopVirtualization/scalingplans/ScalingPlanPowershellContained2" ],
        "Set-Cookie": [ "ARRAffinity=9fa6c0b82e1d7da4a533be6bd9bc598a7378a1d1d9fd035b439a7dee1d6cddf7;Path=/;HttpOnly;Secure;Domain=rdarmprovider-g-us-r0.wvd.microsoft.com", "ARRAffinitySameSite=9fa6c0b82e1d7da4a533be6bd9bc598a7378a1d1d9fd035b439a7dee1d6cddf7;Path=/;HttpOnly;SameSite=None;Secure;Domain=rdarmprovider-g-us-r0.wvd.microsoft.com" ],
        "X-Rate-Limit-Limit": [ "0" ],
        "X-Rate-Limit-Remaining": [ "9223372036854775807" ],
        "X-Rate-Limit-Reset": [ "0" ],
        "x-ms-opsarmpath64": [ "L3N1YnNjcmlwdGlvbnMvNjczODUwOWQtODRlZC00YWQ2LTk3NGEtN2RjNGUzYzM0MTQ2L3Jlc291cmNlR3JvdXBzL3pob25namllLXJnLXd1cy9wcm92aWRlcnMvTWljcm9zb2Z0LkRlc2t0b3BWaXJ0dWFsaXphdGlvbi9zY2FsaW5nUGxhbnMvU2NhbGluZ1BsYW5Qb3dlcnNoZWxsQ29udGFpbmVkMg==" ],
        "x-ms-lamport-ts": [ "10262776128" ],
        "x-ms-correlation-id": [ "5283f3f1-f23c-4dfc-9d91-8e7e3d9ce2ee" ],
        "x-ms-request-id": [ "05b79802-e4ab-4557-a8af-e33858eea0f4" ],
        "X-Powered-By": [ "ASP.NET" ],
        "X-Content-Type-Options": [ "nosniff" ],
        "x-ms-operation-identifier": [ "tenantId=715492f1-ef6e-4eea-9176-7c81e765c3c8,objectId=da374578-2a5b-438e-8ca6-d35069c8c1c1/westus2/5cefabdd-2bff-4fb8-99c9-ccd83550402c" ],
        "x-ms-ratelimit-remaining-subscription-writes": [ "197" ],
        "x-ms-ratelimit-remaining-subscription-global-writes": [ "2997" ],
        "x-ms-correlation-request-id": [ "ea408ea5-8265-46b8-8150-ad468e777490" ],
        "x-ms-routing-request-id": [ "WESTUS2:20251112T050517Z:ea408ea5-8265-46b8-8150-ad468e777490" ],
        "Strict-Transport-Security": [ "max-age=31536000; includeSubDomains" ],
        "X-Cache": [ "CONFIG_NOCACHE" ],
        "X-MSEdge-Ref": [ "Ref A: 80350ED34A4B4AC4921F2A52A1D8C9B2 Ref B: JKT201051407060 Ref C: 2025-11-12T05:05:16Z" ],
        "Date": [ "Wed, 12 Nov 2025 05:05:17 GMT" ]
      },
      "ContentHeaders": {
        "Content-Length": [ "807" ],
        "Content-Type": [ "application/json; charset=utf-8" ],
        "Expires": [ "-1" ]
      },
      "Content": "{\"name\":\"ScalingPlanPowershellContained2\",\"id\":\"/subscriptions/6738509d-84ed-4ad6-974a-7dc4e3c34146/resourcegroups/zhongjie-rg-wus/providers/Microsoft.DesktopVirtualization/scalingplans/ScalingPlanPowershellContained2\",\"type\":\"Microsoft.DesktopVirtualization/scalingplans\",\"location\":\"westus2\",\"tags\":null,\"kind\":null,\"systemData\":{\"createdBy\":\"liwei@w365runner250520sh01.onmicrosoft.com\",\"createdByType\":\"User\",\"createdAt\":\"2025-11-12T05:05:17.06Z\",\"lastModifiedBy\":\"liwei@w365runner250520sh01.onmicrosoft.com\",\"lastModifiedByType\":\"User\",\"lastModifiedAt\":\"2025-11-12T05:05:17.06Z\"},\"properties\":{\"description\":\"desc\",\"friendlyName\":\"fri\",\"timeZone\":\"Pacific Standard Time\",\"hostPoolType\":\"Pooled\",\"exclusionTag\":\"\",\"schedules\":[],\"hostPoolReferences\":[],\"objectId\":\"0bbfc407-ee00-43d9-bb32-88d8a947f929\"}}",
      "isContentBase64": false
    }
  },
  "Get-AzWvdScalingPlan+[NoContext]+List By Subscription+$GET+https://management.azure.com/subscriptions/6738509d-84ed-4ad6-974a-7dc4e3c34146/providers/Microsoft.DesktopVirtualization/scalingPlans?api-version=2025-09-01-preview+3": {
    "Request": {
      "Method": "GET",
      "RequestUri": "https://management.azure.com/subscriptions/6738509d-84ed-4ad6-974a-7dc4e3c34146/providers/Microsoft.DesktopVirtualization/scalingPlans?api-version=2025-09-01-preview",
      "Content": null,
      "isContentBase64": false,
      "Headers": {
        "x-ms-unique-id": [ "130" ],
        "x-ms-client-request-id": [ "b94a4945-4dcc-4550-ad4e-9e2874ac4436" ],
        "CommandName": [ "Get-AzWvdScalingPlan" ],
        "FullCommandName": [ "Get-AzWvdScalingPlan_List" ],
        "ParameterSetName": [ "__AllParameterSets" ],
        "User-Agent": [ "AzurePowershell/v14.3.0", "PSVersion/v7.5.4", "Az.DesktopVirtualization/0.1.0" ],
        "Authorization": [ "[Filtered]" ]
      },
      "ContentHeaders": {
      }
    },
    "Response": {
      "StatusCode": 200,
      "Headers": {
        "Cache-Control": [ "no-cache" ],
        "Pragma": [ "no-cache" ],
        "Vary": [ "Accept-Encoding" ],
        "Set-Cookie": [ "ARRAffinity=d444998a4bc0da52c434be928891669169a7156a3b68ee4831b43914f0d62ebb;Path=/;HttpOnly;Secure;Domain=rdarmprovider-g-us-r0.wvd.microsoft.com", "ARRAffinitySameSite=d444998a4bc0da52c434be928891669169a7156a3b68ee4831b43914f0d62ebb;Path=/;HttpOnly;SameSite=None;Secure;Domain=rdarmprovider-g-us-r0.wvd.microsoft.com" ],
        "x-ms-original-request-ids": [ "b94a4945-4dcc-4550-ad4e-9e2874ac4436" ],
        "X-Rate-Limit-Limit": [ "0" ],
        "X-Rate-Limit-Remaining": [ "9223372036854775807" ],
        "X-Rate-Limit-Reset": [ "0" ],
        "x-ms-opsarmpath64": [ "L3N1YnNjcmlwdGlvbnMvNjczODUwOWQtODRlZC00YWQ2LTk3NGEtN2RjNGUzYzM0MTQ2" ],
        "x-ms-lamport-ts": [ "10262775432" ],
        "x-ms-correlation-id": [ "898f9b15-8ce4-41f4-a34a-962332ebe6c7" ],
        "X-Powered-By": [ "ASP.NET" ],
        "X-Content-Type-Options": [ "nosniff" ],
        "x-ms-ratelimit-remaining-subscription-reads": [ "249" ],
        "x-ms-ratelimit-remaining-subscription-global-reads": [ "3749" ],
        "x-ms-request-id": [ "a0386575-c3df-4ec4-9b67-c8665283ae74" ],
        "x-ms-correlation-request-id": [ "a0386575-c3df-4ec4-9b67-c8665283ae74" ],
        "x-ms-routing-request-id": [ "WESTUS2:20251112T050518Z:a0386575-c3df-4ec4-9b67-c8665283ae74" ],
        "Strict-Transport-Security": [ "max-age=31536000; includeSubDomains" ],
        "X-Cache": [ "CONFIG_NOCACHE" ],
        "X-MSEdge-Ref": [ "Ref A: 6897B71C7A644BC88221235C6D1BD543 Ref B: JKT201051407060 Ref C: 2025-11-12T05:05:17Z" ],
        "Date": [ "Wed, 12 Nov 2025 05:05:17 GMT" ]
      },
      "ContentHeaders": {
        "Content-Length": [ "1627" ],
        "Content-Type": [ "application/json; charset=utf-8" ],
        "Expires": [ "-1" ]
      },
      "Content": "{\"value\":[{\"name\":\"ScalingPlanPowershellContained1\",\"id\":\"/subscriptions/6738509d-84ed-4ad6-974a-7dc4e3c34146/resourcegroups/zhongjie-rg-wus/providers/Microsoft.DesktopVirtualization/scalingplans/ScalingPlanPowershellContained1\",\"type\":\"Microsoft.DesktopVirtualization/scalingplans\",\"location\":\"westus2\",\"tags\":null,\"kind\":null,\"systemData\":{\"createdBy\":\"liwei@w365runner250520sh01.onmicrosoft.com\",\"createdByType\":\"User\",\"createdAt\":\"2025-11-12T05:05:16.37Z\",\"lastModifiedBy\":\"liwei@w365runner250520sh01.onmicrosoft.com\",\"lastModifiedByType\":\"User\",\"lastModifiedAt\":\"2025-11-12T05:05:16.37Z\"},\"properties\":{\"description\":\"desc\",\"friendlyName\":\"fri\",\"timeZone\":\"Pacific Standard Time\",\"hostPoolType\":\"Pooled\",\"exclusionTag\":\"\",\"schedules\":[],\"hostPoolReferences\":[],\"objectId\":\"1b35b8c7-9707-4bdf-a04e-fa983d8c9af7\"}},{\"name\":\"ScalingPlanPowershellContained2\",\"id\":\"/subscriptions/6738509d-84ed-4ad6-974a-7dc4e3c34146/resourcegroups/zhongjie-rg-wus/providers/Microsoft.DesktopVirtualization/scalingplans/ScalingPlanPowershellContained2\",\"type\":\"Microsoft.DesktopVirtualization/scalingplans\",\"location\":\"westus2\",\"tags\":null,\"kind\":null,\"systemData\":{\"createdBy\":\"liwei@w365runner250520sh01.onmicrosoft.com\",\"createdByType\":\"User\",\"createdAt\":\"2025-11-12T05:05:17.06Z\",\"lastModifiedBy\":\"liwei@w365runner250520sh01.onmicrosoft.com\",\"lastModifiedByType\":\"User\",\"lastModifiedAt\":\"2025-11-12T05:05:17.06Z\"},\"properties\":{\"description\":\"desc\",\"friendlyName\":\"fri\",\"timeZone\":\"Pacific Standard Time\",\"hostPoolType\":\"Pooled\",\"exclusionTag\":\"\",\"schedules\":[],\"hostPoolReferences\":[],\"objectId\":\"0bbfc407-ee00-43d9-bb32-88d8a947f929\"}}]}",
      "isContentBase64": false
    }
  },
  "Get-AzWvdScalingPlan+[NoContext]+List By Subscription+$DELETE+https://management.azure.com/subscriptions/6738509d-84ed-4ad6-974a-7dc4e3c34146/resourceGroups/zhongjie-rg-wus/providers/Microsoft.DesktopVirtualization/scalingPlans/ScalingPlanPowershellContained1?api-version=2025-09-01-preview+4": {
    "Request": {
      "Method": "DELETE",
      "RequestUri": "https://management.azure.com/subscriptions/6738509d-84ed-4ad6-974a-7dc4e3c34146/resourceGroups/zhongjie-rg-wus/providers/Microsoft.DesktopVirtualization/scalingPlans/ScalingPlanPowershellContained1?api-version=2025-09-01-preview",
      "Content": null,
      "isContentBase64": false,
      "Headers": {
        "x-ms-unique-id": [ "131" ],
        "x-ms-client-request-id": [ "87264201-7f3b-4c47-837f-927ed6d44ac3" ],
        "CommandName": [ "Remove-AzWvdScalingPlan" ],
        "FullCommandName": [ "Remove-AzWvdScalingPlan_Delete" ],
        "ParameterSetName": [ "__AllParameterSets" ],
        "User-Agent": [ "AzurePowershell/v14.3.0", "PSVersion/v7.5.4", "Az.DesktopVirtualization/0.1.0" ],
        "Authorization": [ "[Filtered]" ]
      },
      "ContentHeaders": {
      }
    },
    "Response": {
      "StatusCode": 200,
      "Headers": {
        "Cache-Control": [ "no-cache" ],
        "Pragma": [ "no-cache" ],
        "Vary": [ "Accept-Encoding" ],
        "Set-Cookie": [ "ARRAffinity=1765aa7e776c46fe88544aefdc71136b6fd74885900be8ef9b6e16168ba26421;Path=/;HttpOnly;Secure;Domain=rdarmprovider-g-us-r0.wvd.microsoft.com", "ARRAffinitySameSite=1765aa7e776c46fe88544aefdc71136b6fd74885900be8ef9b6e16168ba26421;Path=/;HttpOnly;SameSite=None;Secure;Domain=rdarmprovider-g-us-r0.wvd.microsoft.com" ],
        "x-ms-operation-identifier": [ "tenantId=715492f1-ef6e-4eea-9176-7c81e765c3c8,objectId=da374578-2a5b-438e-8ca6-d35069c8c1c1/indonesiacentral/a15870b0-a748-4174-91df-883db48f6c4d" ],
        "X-Rate-Limit-Limit": [ "0" ],
        "X-Rate-Limit-Remaining": [ "9223372036854775807" ],
        "X-Rate-Limit-Reset": [ "0" ],
        "x-ms-opsarmpath64": [ "L3N1YnNjcmlwdGlvbnMvNjczODUwOWQtODRlZC00YWQ2LTk3NGEtN2RjNGUzYzM0MTQ2L3Jlc291cmNlR3JvdXBzL3pob25namllLXJnLXd1cy9wcm92aWRlcnMvTWljcm9zb2Z0LkRlc2t0b3BWaXJ0dWFsaXphdGlvbi9zY2FsaW5nUGxhbnMvU2NhbGluZ1BsYW5Qb3dlcnNoZWxsQ29udGFpbmVkMQ==" ],
        "x-ms-lamport-ts": [ "10262776736" ],
        "x-ms-correlation-id": [ "6dea022b-b9ed-44f6-b6a2-1dd0bb797c75" ],
        "x-ms-request-id": [ "87264201-7f3b-4c47-837f-927ed6d44ac3" ],
        "X-Powered-By": [ "ASP.NET" ],
        "X-Content-Type-Options": [ "nosniff" ],
        "x-ms-ratelimit-remaining-subscription-deletes": [ "199" ],
        "x-ms-ratelimit-remaining-subscription-global-deletes": [ "2999" ],
        "x-ms-correlation-request-id": [ "86ebcf32-2f2a-4051-8e62-7a18ac1fed51" ],
        "x-ms-routing-request-id": [ "INDONESIACENTRAL:20251112T050524Z:86ebcf32-2f2a-4051-8e62-7a18ac1fed51" ],
        "Strict-Transport-Security": [ "max-age=31536000; includeSubDomains" ],
        "X-Cache": [ "CONFIG_NOCACHE" ],
        "X-MSEdge-Ref": [ "Ref A: 0C54CAC8C4C8446AB78E4431F1D112F1 Ref B: JKT201051407060 Ref C: 2025-11-12T05:05:18Z" ],
        "Date": [ "Wed, 12 Nov 2025 05:05:24 GMT" ]
      },
      "ContentHeaders": {
        "Content-Length": [ "807" ],
        "Content-Type": [ "application/json; charset=utf-8" ],
        "Expires": [ "-1" ]
      },
      "Content": "{\"name\":\"ScalingPlanPowershellContained1\",\"id\":\"/subscriptions/6738509d-84ed-4ad6-974a-7dc4e3c34146/resourcegroups/zhongjie-rg-wus/providers/Microsoft.DesktopVirtualization/scalingplans/ScalingPlanPowershellContained1\",\"type\":\"Microsoft.DesktopVirtualization/scalingplans\",\"location\":\"westus2\",\"tags\":null,\"kind\":null,\"systemData\":{\"createdBy\":\"liwei@w365runner250520sh01.onmicrosoft.com\",\"createdByType\":\"User\",\"createdAt\":\"2025-11-12T05:05:16.37Z\",\"lastModifiedBy\":\"liwei@w365runner250520sh01.onmicrosoft.com\",\"lastModifiedByType\":\"User\",\"lastModifiedAt\":\"2025-11-12T05:05:16.37Z\"},\"properties\":{\"description\":\"desc\",\"friendlyName\":\"fri\",\"timeZone\":\"Pacific Standard Time\",\"hostPoolType\":\"Pooled\",\"exclusionTag\":\"\",\"schedules\":[],\"hostPoolReferences\":[],\"objectId\":\"1b35b8c7-9707-4bdf-a04e-fa983d8c9af7\"}}",
      "isContentBase64": false
    }
  },
  "Get-AzWvdScalingPlan+[NoContext]+List By Subscription+$DELETE+https://management.azure.com/subscriptions/6738509d-84ed-4ad6-974a-7dc4e3c34146/resourceGroups/zhongjie-rg-wus/providers/Microsoft.DesktopVirtualization/scalingPlans/ScalingPlanPowershellContained2?api-version=2025-09-01-preview+5": {
    "Request": {
      "Method": "DELETE",
      "RequestUri": "https://management.azure.com/subscriptions/6738509d-84ed-4ad6-974a-7dc4e3c34146/resourceGroups/zhongjie-rg-wus/providers/Microsoft.DesktopVirtualization/scalingPlans/ScalingPlanPowershellContained2?api-version=2025-09-01-preview",
      "Content": null,
      "isContentBase64": false,
      "Headers": {
        "x-ms-unique-id": [ "132" ],
        "x-ms-client-request-id": [ "ae21d1c6-03a2-4252-8a29-93ed8a3762f3" ],
        "CommandName": [ "Remove-AzWvdScalingPlan" ],
        "FullCommandName": [ "Remove-AzWvdScalingPlan_Delete" ],
        "ParameterSetName": [ "__AllParameterSets" ],
        "User-Agent": [ "AzurePowershell/v14.3.0", "PSVersion/v7.5.4", "Az.DesktopVirtualization/0.1.0" ],
        "Authorization": [ "[Filtered]" ]
      },
      "ContentHeaders": {
      }
    },
    "Response": {
      "StatusCode": 200,
      "Headers": {
        "Cache-Control": [ "no-cache" ],
        "Pragma": [ "no-cache" ],
        "Vary": [ "Accept-Encoding" ],
        "Set-Cookie": [ "ARRAffinity=fa5ce4b13622b0d3617b4398e823c470b20f49c8905d33671c1e72b454b4c01b;Path=/;HttpOnly;Secure;Domain=rdarmprovider-g-us-r0.wvd.microsoft.com", "ARRAffinitySameSite=fa5ce4b13622b0d3617b4398e823c470b20f49c8905d33671c1e72b454b4c01b;Path=/;HttpOnly;SameSite=None;Secure;Domain=rdarmprovider-g-us-r0.wvd.microsoft.com" ],
        "x-ms-operation-identifier": [ "tenantId=715492f1-ef6e-4eea-9176-7c81e765c3c8,objectId=da374578-2a5b-438e-8ca6-d35069c8c1c1/westus2/db073c87-4c77-47ee-8cbc-98fff1ad1692" ],
        "X-Rate-Limit-Limit": [ "0" ],
        "X-Rate-Limit-Remaining": [ "9223372036854775807" ],
        "X-Rate-Limit-Reset": [ "0" ],
        "x-ms-opsarmpath64": [ "L3N1YnNjcmlwdGlvbnMvNjczODUwOWQtODRlZC00YWQ2LTk3NGEtN2RjNGUzYzM0MTQ2L3Jlc291cmNlR3JvdXBzL3pob25namllLXJnLXd1cy9wcm92aWRlcnMvTWljcm9zb2Z0LkRlc2t0b3BWaXJ0dWFsaXphdGlvbi9zY2FsaW5nUGxhbnMvU2NhbGluZ1BsYW5Qb3dlcnNoZWxsQ29udGFpbmVkMg==" ],
        "x-ms-lamport-ts": [ "10262777748" ],
        "x-ms-correlation-id": [ "998dab2c-0a1a-41e5-81e1-239ffbd1da69" ],
        "x-ms-request-id": [ "ae21d1c6-03a2-4252-8a29-93ed8a3762f3" ],
        "X-Powered-By": [ "ASP.NET" ],
        "X-Content-Type-Options": [ "nosniff" ],
        "x-ms-ratelimit-remaining-subscription-deletes": [ "199" ],
        "x-ms-ratelimit-remaining-subscription-global-deletes": [ "2999" ],
        "x-ms-correlation-request-id": [ "3af39012-0447-420a-8707-181312d37752" ],
        "x-ms-routing-request-id": [ "WESTUS2:20251112T050525Z:3af39012-0447-420a-8707-181312d37752" ],
        "Strict-Transport-Security": [ "max-age=31536000; includeSubDomains" ],
        "X-Cache": [ "CONFIG_NOCACHE" ],
        "X-MSEdge-Ref": [ "Ref A: 23BCF97B182B440EB1F023DAAA7431B2 Ref B: JKT201051407060 Ref C: 2025-11-12T05:05:24Z" ],
        "Date": [ "Wed, 12 Nov 2025 05:05:24 GMT" ]
      },
      "ContentHeaders": {
        "Content-Length": [ "807" ],
        "Content-Type": [ "application/json; charset=utf-8" ],
        "Expires": [ "-1" ]
      },
      "Content": "{\"name\":\"ScalingPlanPowershellContained2\",\"id\":\"/subscriptions/6738509d-84ed-4ad6-974a-7dc4e3c34146/resourcegroups/zhongjie-rg-wus/providers/Microsoft.DesktopVirtualization/scalingplans/ScalingPlanPowershellContained2\",\"type\":\"Microsoft.DesktopVirtualization/scalingplans\",\"location\":\"westus2\",\"tags\":null,\"kind\":null,\"systemData\":{\"createdBy\":\"liwei@w365runner250520sh01.onmicrosoft.com\",\"createdByType\":\"User\",\"createdAt\":\"2025-11-12T05:05:17.06Z\",\"lastModifiedBy\":\"liwei@w365runner250520sh01.onmicrosoft.com\",\"lastModifiedByType\":\"User\",\"lastModifiedAt\":\"2025-11-12T05:05:17.06Z\"},\"properties\":{\"description\":\"desc\",\"friendlyName\":\"fri\",\"timeZone\":\"Pacific Standard Time\",\"hostPoolType\":\"Pooled\",\"exclusionTag\":\"\",\"schedules\":[],\"hostPoolReferences\":[],\"objectId\":\"0bbfc407-ee00-43d9-bb32-88d8a947f929\"}}",
      "isContentBase64": false
    }
  }
}