{
  "Get-AzWvdScalingPlanPersonalSchedule+[NoContext]+Get+$PUT+https://management.azure.com/subscriptions/dbedef25-184c-430f-b383-0eeb87c3205d/resourceGroups/alecbUserSessionTests/providers/Microsoft.DesktopVirtualization/scalingPlans/ScalingPlanPowershellContained1?api-version=2024-04-03+1": {
    "Request": {
      "Method": "PUT",
      "RequestUri": "https://management.azure.com/subscriptions/dbedef25-184c-430f-b383-0eeb87c3205d/resourceGroups/alecbUserSessionTests/providers/Microsoft.DesktopVirtualization/scalingPlans/ScalingPlanPowershellContained1?api-version=2024-04-03",
      "Content": "{\r\n  \"location\": \"westus2\",\r\n  \"properties\": {\r\n    \"description\": \"desc\",\r\n    \"friendlyName\": \"fri\",\r\n    \"timeZone\": \"Pacific Standard Time\",\r\n    \"hostPoolType\": \"Personal\",\r\n    \"schedules\": [ ],\r\n    \"hostPoolReferences\": [ ]\r\n  }\r\n}",
      "isContentBase64": false,
      "Headers": {
      },
      "ContentHeaders": {
        "Content-Type": [ "application/json" ],
        "Content-Length": [ "239" ]
      }
    },
    "Response": {
      "StatusCode": 201,
      "Headers": {
        "Cache-Control": [ "no-cache" ],
        "Pragma": [ "no-cache" ],
        "Location": [ "/subscriptions/dbedef25-184c-430f-b383-0eeb87c3205d/resourcegroups/alecbUserSessionTests/providers/Microsoft.DesktopVirtualization/scalingplans/ScalingPlanPowershellContained1" ],
        "Set-Cookie": [ "ARRAffinity=68684045b6f67894fddd7c62f3ba5f363c3d53ed896664c0df0e95751fa52bff;Path=/;HttpOnly;Secure;Domain=rdarmprovider-g-us-r0.wvdselfhost.microsoft.com", "ARRAffinitySameSite=68684045b6f67894fddd7c62f3ba5f363c3d53ed896664c0df0e95751fa52bff;Path=/;HttpOnly;SameSite=None;Secure;Domain=rdarmprovider-g-us-r0.wvdselfhost.microsoft.com" ],
        "X-Rate-Limit-Limit": [ "0" ],
        "X-Rate-Limit-Remaining": [ "9223372036854775807" ],
        "X-Rate-Limit-Reset": [ "0" ],
        "x-ms-opsarmpath64": [ "L3N1YnNjcmlwdGlvbnMvZGJlZGVmMjUtMTg0Yy00MzBmLWIzODMtMGVlYjg3YzMyMDVkL3Jlc291cmNlR3JvdXBzL2FsZWNiVXNlclNlc3Npb25UZXN0cy9wcm92aWRlcnMvTWljcm9zb2Z0LkRlc2t0b3BWaXJ0dWFsaXphdGlvbi9zY2FsaW5nUGxhbnMvU2NhbGluZ1BsYW5Qb3dlcnNoZWxsQ29udGFpbmVkMQ==" ],
        "x-ms-lamport-ts": [ "177777187" ],
        "x-ms-correlation-id": [ "86e3263d-3a58-448b-a03e-39199cc70db1" ],
        "x-ms-request-id": [ "ac9a4f71-fc49-4905-84de-9144dcfe1e7c" ],
        "X-Powered-By": [ "ASP.NET" ],
        "X-Content-Type-Options": [ "nosniff" ],
        "x-ms-ratelimit-remaining-subscription-writes": [ "397" ],
        "x-ms-ratelimit-remaining-subscription-global-writes": [ "5997" ],
        "x-ms-correlation-request-id": [ "ea47cbe2-b322-493b-bda8-daaef877b551" ],
        "x-ms-routing-request-id": [ "WESTUS2:20240909T192129Z:ea47cbe2-b322-493b-bda8-daaef877b551" ],
        "Strict-Transport-Security": [ "max-age=31536000; includeSubDomains" ],
        "X-Cache": [ "CONFIG_NOCACHE" ],
        "X-MSEdge-Ref": [ "Ref A: 1CD11E1ACF91489FB841567325BBED7F Ref B: CO1EDGE2518 Ref C: 2024-09-09T19:21:28Z" ],
        "Date": [ "Mon, 09 Sep 2024 19:21:29 GMT" ]
      },
      "ContentHeaders": {
        "Content-Length": [ "809" ],
        "Content-Type": [ "application/json; charset=utf-8" ],
        "Expires": [ "-1" ]
      },
      "Content": "{\"name\":\"ScalingPlanPowershellContained1\",\"id\":\"/subscriptions/dbedef25-184c-430f-b383-0eeb87c3205d/resourcegroups/alecbUserSessionTests/providers/Microsoft.DesktopVirtualization/scalingplans/ScalingPlanPowershellContained1\",\"type\":\"Microsoft.DesktopVirtualization/scalingplans\",\"location\":\"westus2\",\"tags\":null,\"kind\":null,\"systemData\":{\"createdBy\":\"alecbaird@wvdtesttenant.onmicrosoft.com\",\"createdByType\":\"User\",\"createdAt\":\"2024-09-09T19:21:29.06Z\",\"lastModifiedBy\":\"alecbaird@wvdtesttenant.onmicrosoft.com\",\"lastModifiedByType\":\"User\",\"lastModifiedAt\":\"2024-09-09T19:21:29.06Z\"},\"properties\":{\"description\":\"desc\",\"friendlyName\":\"fri\",\"timeZone\":\"Pacific Standard Time\",\"hostPoolType\":\"Personal\",\"exclusionTag\":\"\",\"schedules\":[],\"hostPoolReferences\":[],\"objectId\":\"4fca763c-3da5-4be1-95fd-eff9bed0203f\"}}",
      "isContentBase64": false
    }
  },
  "Get-AzWvdScalingPlanPersonalSchedule+[NoContext]+Get+$PUT+https://management.azure.com/subscriptions/dbedef25-184c-430f-b383-0eeb87c3205d/resourceGroups/alecbUserSessionTests/providers/Microsoft.DesktopVirtualization/scalingPlans/ScalingPlanPowershellContained1/personalSchedules/PersonalSchedule1?api-version=2024-04-03+2": {
    "Request": {
      "Method": "PUT",
      "RequestUri": "https://management.azure.com/subscriptions/dbedef25-184c-430f-b383-0eeb87c3205d/resourceGroups/alecbUserSessionTests/providers/Microsoft.DesktopVirtualization/scalingPlans/ScalingPlanPowershellContained1/personalSchedules/PersonalSchedule1?api-version=2024-04-03",
      "Content": "{\r\n  \"properties\": {\r\n    \"rampUpStartTime\": {\r\n      \"hour\": 6,\r\n      \"minute\": 30\r\n    },\r\n    \"peakStartTime\": {\r\n      \"hour\": 8,\r\n      \"minute\": 30\r\n    },\r\n    \"rampDownStartTime\": {\r\n      \"hour\": 16,\r\n      \"minute\": 0\r\n    },\r\n    \"offPeakStartTime\": {\r\n      \"hour\": 22,\r\n      \"minute\": 45\r\n    },\r\n    \"daysOfWeek\": [ \"Monday\", \"Tuesday\", \"Wednesday\", \"Thursday\", \"Friday\" ],\r\n    \"rampUpAutoStartHosts\": \"All\",\r\n    \"rampUpStartVMOnConnect\": \"Enable\",\r\n    \"rampUpActionOnDisconnect\": \"None\",\r\n    \"rampUpMinutesToWaitOnDisconnect\": 10,\r\n    \"rampUpActionOnLogoff\": \"None\",\r\n    \"rampUpMinutesToWaitOnLogoff\": 10,\r\n    \"peakStartVMOnConnect\": \"Enable\",\r\n    \"peakActionOnDisconnect\": \"None\",\r\n    \"peakMinutesToWaitOnDisconnect\": 10,\r\n    \"peakMinutesToWaitOnLogoff\": 10,\r\n    \"rampDownStartVMOnConnect\": \"Enable\",\r\n    \"rampDownActionOnDisconnect\": \"None\",\r\n    \"rampDownMinutesToWaitOnDisconnect\": 10,\r\n    \"rampDownActionOnLogoff\": \"None\",\r\n    \"rampDownMinutesToWaitOnLogoff\": 10,\r\n    \"offPeakStartVMOnConnect\": \"Enable\",\r\n    \"offPeakActionOnDisconnect\": \"None\",\r\n    \"offPeakMinutesToWaitOnDisconnect\": 10,\r\n    \"offPeakActionOnLogoff\": \"Deallocate\",\r\n    \"offPeakMinutesToWaitOnLogoff\": 10\r\n  }\r\n}",
      "isContentBase64": false,
      "Headers": {
      },
      "ContentHeaders": {
        "Content-Type": [ "application/json" ],
        "Content-Length": [ "1220" ]
      }
    },
    "Response": {
      "StatusCode": 200,
      "Headers": {
        "Cache-Control": [ "no-cache" ],
        "Pragma": [ "no-cache" ],
        "Vary": [ "Accept-Encoding" ],
        "Set-Cookie": [ "ARRAffinity=f0cf6515b964ed71a3330b30673731d75ad3321adfb3448f8fe843b9868e0497;Path=/;HttpOnly;Secure;Domain=rdarmprovider-g-us-r0.wvdselfhost.microsoft.com", "ARRAffinitySameSite=f0cf6515b964ed71a3330b30673731d75ad3321adfb3448f8fe843b9868e0497;Path=/;HttpOnly;SameSite=None;Secure;Domain=rdarmprovider-g-us-r0.wvdselfhost.microsoft.com" ],
        "x-ms-ratelimit-remaining-subscription-writes": [ "396" ],
        "X-Rate-Limit-Limit": [ "0" ],
        "X-Rate-Limit-Remaining": [ "9223372036854775807" ],
        "X-Rate-Limit-Reset": [ "0" ],
        "x-ms-opsarmpath64": [ "L3N1YnNjcmlwdGlvbnMvZGJlZGVmMjUtMTg0Yy00MzBmLWIzODMtMGVlYjg3YzMyMDVkL3Jlc291cmNlR3JvdXBzL2FsZWNiVXNlclNlc3Npb25UZXN0cy9wcm92aWRlcnMvTWljcm9zb2Z0LkRlc2t0b3BWaXJ0dWFsaXphdGlvbi9zY2FsaW5nUGxhbnMvU2NhbGluZ1BsYW5Qb3dlcnNoZWxsQ29udGFpbmVkMS9wZXJzb25hbFNjaGVkdWxlcy9QZXJzb25hbFNjaGVkdWxlMQ==" ],
        "x-ms-lamport-ts": [ "177777198" ],
        "x-ms-correlation-id": [ "b9b5afd0-a61a-49d8-9237-5a9a19652342" ],
        "x-ms-request-id": [ "cb073c23-df16-45a9-998b-201bf60cd5b4" ],
        "X-Powered-By": [ "ASP.NET" ],
        "X-Content-Type-Options": [ "nosniff" ],
        "x-ms-ratelimit-remaining-subscription-global-writes": [ "5996" ],
        "x-ms-correlation-request-id": [ "cb45a6ed-cfc8-4c39-9090-0e5aeeb0fe13" ],
        "x-ms-routing-request-id": [ "WESTUS2:20240909T192129Z:cb45a6ed-cfc8-4c39-9090-0e5aeeb0fe13" ],
        "Strict-Transport-Security": [ "max-age=31536000; includeSubDomains" ],
        "X-Cache": [ "CONFIG_NOCACHE" ],
        "X-MSEdge-Ref": [ "Ref A: B52552E7361643659CB60DB21F93A07C Ref B: CO1EDGE2518 Ref C: 2024-09-09T19:21:29Z" ],
        "Date": [ "Mon, 09 Sep 2024 19:21:29 GMT" ]
      },
      "ContentHeaders": {
        "Content-Length": [ "1863" ],
        "Content-Type": [ "application/json; charset=utf-8" ],
        "Expires": [ "-1" ]
      },
      "Content": "{\"name\":\"ScalingPlanPowershellContained1/PersonalSchedule1\",\"id\":\"/subscriptions/dbedef25-184c-430f-b383-0eeb87c3205d/resourcegroups/alecbUserSessionTests/providers/Microsoft.DesktopVirtualization/scalingplans/ScalingPlanPowershellContained1/personalSchedules/PersonalSchedule1\",\"type\":\"Microsoft.DesktopVirtualization/scalingplans/personalSchedules\",\"properties\":{\"rampUpStartTime\":{\"hour\":6,\"minute\":30},\"rampUpAutoStartHosts\":\"All\",\"rampUpStartVMOnConnect\":\"Enable\",\"rampUpMinutesToWaitOnDisconnect\":10,\"rampUpActionOnDisconnect\":\"None\",\"rampUpMinutesToWaitOnLogoff\":10,\"rampUpActionOnLogoff\":\"None\",\"peakStartTime\":{\"hour\":8,\"minute\":30},\"peakStartVMOnConnect\":\"Enable\",\"peakMinutesToWaitOnDisconnect\":10,\"peakActionOnDisconnect\":\"None\",\"peakMinutesToWaitOnLogoff\":10,\"peakActionOnLogoff\":\"None\",\"rampDownStartTime\":{\"hour\":16,\"minute\":0},\"rampDownStartVMOnConnect\":\"Enable\",\"rampDownMinutesToWaitOnDisconnect\":10,\"rampDownActionOnDisconnect\":\"None\",\"rampDownMinutesToWaitOnLogoff\":10,\"rampDownActionOnLogoff\":\"None\",\"offPeakStartTime\":{\"hour\":22,\"minute\":45},\"offPeakStartVMOnConnect\":\"Enable\",\"offPeakMinutesToWaitOnDisconnect\":10,\"offPeakActionOnDisconnect\":\"None\",\"offPeakMinutesToWaitOnLogoff\":10,\"offPeakActionOnLogoff\":\"Deallocate\",\"name\":\"PersonalSchedule1\",\"systemData\":{\"createdBy\":\"alecbaird@wvdtesttenant.onmicrosoft.com\",\"createdByType\":\"User\",\"createdAt\":\"2024-09-09T19:21:29.84899Z\",\"lastModifiedBy\":\"alecbaird@wvdtesttenant.onmicrosoft.com\",\"lastModifiedByType\":\"User\",\"lastModifiedAt\":\"2024-09-09T19:21:29.84899Z\"},\"daysOfWeek\":[\"Monday\",\"Tuesday\",\"Wednesday\",\"Thursday\",\"Friday\"]},\"systemData\":{\"createdBy\":\"alecbaird@wvdtesttenant.onmicrosoft.com\",\"createdByType\":\"User\",\"createdAt\":\"2024-09-09T19:21:29.84Z\",\"lastModifiedBy\":\"alecbaird@wvdtesttenant.onmicrosoft.com\",\"lastModifiedByType\":\"User\",\"lastModifiedAt\":\"2024-09-09T19:21:29.84Z\"}}",
      "isContentBase64": false
    }
  },
  "Get-AzWvdScalingPlanPersonalSchedule+[NoContext]+Get+$GET+https://management.azure.com/subscriptions/dbedef25-184c-430f-b383-0eeb87c3205d/resourceGroups/alecbUserSessionTests/providers/Microsoft.DesktopVirtualization/scalingPlans/ScalingPlanPowershellContained1/personalSchedules/PersonalSchedule1?api-version=2024-04-03+3": {
    "Request": {
      "Method": "GET",
      "RequestUri": "https://management.azure.com/subscriptions/dbedef25-184c-430f-b383-0eeb87c3205d/resourceGroups/alecbUserSessionTests/providers/Microsoft.DesktopVirtualization/scalingPlans/ScalingPlanPowershellContained1/personalSchedules/PersonalSchedule1?api-version=2024-04-03",
      "Content": null,
      "isContentBase64": false,
      "Headers": {
        "x-ms-unique-id": [ "136" ],
        "x-ms-client-request-id": [ "0ce5f0f3-ad7e-4e98-b4a8-58130c929caf" ],
        "CommandName": [ "Get-AzWvdScalingPlanPersonalSchedule" ],
        "FullCommandName": [ "Get-AzWvdScalingPlanPersonalSchedule_Get" ],
        "ParameterSetName": [ "__AllParameterSets" ],
        "User-Agent": [ "AzurePowershell/v12.3.0", "PSVersion/v7.2.23", "Az.DesktopVirtualization/6.0.0" ],
        "Authorization": [ "[Filtered]" ]
      },
      "ContentHeaders": {
      }
    },
    "Response": {
      "StatusCode": 200,
      "Headers": {
        "Cache-Control": [ "no-cache" ],
        "Pragma": [ "no-cache" ],
        "Vary": [ "Accept-Encoding" ],
        "Set-Cookie": [ "ARRAffinity=6ed70d129f929e9c0dc1324370ea99cd733e8f3cb78772a9b8793f4f636e0cf7;Path=/;HttpOnly;Secure;Domain=rdarmprovider-g-us-r0.wvdselfhost.microsoft.com", "ARRAffinitySameSite=6ed70d129f929e9c0dc1324370ea99cd733e8f3cb78772a9b8793f4f636e0cf7;Path=/;HttpOnly;SameSite=None;Secure;Domain=rdarmprovider-g-us-r0.wvdselfhost.microsoft.com" ],
        "x-ms-ratelimit-remaining-subscription-reads": [ "498" ],
        "X-Rate-Limit-Limit": [ "0" ],
        "X-Rate-Limit-Remaining": [ "9223372036854775807" ],
        "X-Rate-Limit-Reset": [ "0" ],
        "x-ms-opsarmpath64": [ "L3N1YnNjcmlwdGlvbnMvZGJlZGVmMjUtMTg0Yy00MzBmLWIzODMtMGVlYjg3YzMyMDVkL3Jlc291cmNlR3JvdXBzL2FsZWNiVXNlclNlc3Npb25UZXN0cy9wcm92aWRlcnMvTWljcm9zb2Z0LkRlc2t0b3BWaXJ0dWFsaXphdGlvbi9zY2FsaW5nUGxhbnMvU2NhbGluZ1BsYW5Qb3dlcnNoZWxsQ29udGFpbmVkMS9wZXJzb25hbFNjaGVkdWxlcy9QZXJzb25hbFNjaGVkdWxlMQ==" ],
        "x-ms-lamport-ts": [ "177777203" ],
        "x-ms-correlation-id": [ "567f5ffc-b7f4-4189-a597-fab1d4fb8851" ],
        "x-ms-request-id": [ "0ce5f0f3-ad7e-4e98-b4a8-58130c929caf" ],
        "X-Powered-By": [ "ASP.NET" ],
        "X-Content-Type-Options": [ "nosniff" ],
        "x-ms-ratelimit-remaining-subscription-global-reads": [ "7498" ],
        "x-ms-correlation-request-id": [ "63451345-ee66-4528-b568-ee4a465c0987" ],
        "x-ms-routing-request-id": [ "WESTUS2:20240909T192130Z:63451345-ee66-4528-b568-ee4a465c0987" ],
        "Strict-Transport-Security": [ "max-age=31536000; includeSubDomains" ],
        "X-Cache": [ "CONFIG_NOCACHE" ],
        "X-MSEdge-Ref": [ "Ref A: 3CFAFFE8EB9E401F82091FC78095B2B4 Ref B: CO1EDGE2518 Ref C: 2024-09-09T19:21:30Z" ],
        "Date": [ "Mon, 09 Sep 2024 19:21:29 GMT" ]
      },
      "ContentHeaders": {
        "Content-Length": [ "1863" ],
        "Content-Type": [ "application/json; charset=utf-8" ],
        "Expires": [ "-1" ]
      },
      "Content": "{\"name\":\"ScalingPlanPowershellContained1/PersonalSchedule1\",\"id\":\"/subscriptions/dbedef25-184c-430f-b383-0eeb87c3205d/resourcegroups/alecbUserSessionTests/providers/Microsoft.DesktopVirtualization/scalingplans/ScalingPlanPowershellContained1/personalSchedules/PersonalSchedule1\",\"type\":\"Microsoft.DesktopVirtualization/scalingplans/personalSchedules\",\"properties\":{\"rampUpStartTime\":{\"hour\":6,\"minute\":30},\"rampUpAutoStartHosts\":\"All\",\"rampUpStartVMOnConnect\":\"Enable\",\"rampUpMinutesToWaitOnDisconnect\":10,\"rampUpActionOnDisconnect\":\"None\",\"rampUpMinutesToWaitOnLogoff\":10,\"rampUpActionOnLogoff\":\"None\",\"peakStartTime\":{\"hour\":8,\"minute\":30},\"peakStartVMOnConnect\":\"Enable\",\"peakMinutesToWaitOnDisconnect\":10,\"peakActionOnDisconnect\":\"None\",\"peakMinutesToWaitOnLogoff\":10,\"peakActionOnLogoff\":\"None\",\"rampDownStartTime\":{\"hour\":16,\"minute\":0},\"rampDownStartVMOnConnect\":\"Enable\",\"rampDownMinutesToWaitOnDisconnect\":10,\"rampDownActionOnDisconnect\":\"None\",\"rampDownMinutesToWaitOnLogoff\":10,\"rampDownActionOnLogoff\":\"None\",\"offPeakStartTime\":{\"hour\":22,\"minute\":45},\"offPeakStartVMOnConnect\":\"Enable\",\"offPeakMinutesToWaitOnDisconnect\":10,\"offPeakActionOnDisconnect\":\"None\",\"offPeakMinutesToWaitOnLogoff\":10,\"offPeakActionOnLogoff\":\"Deallocate\",\"name\":\"PersonalSchedule1\",\"systemData\":{\"createdBy\":\"alecbaird@wvdtesttenant.onmicrosoft.com\",\"createdByType\":\"User\",\"createdAt\":\"2024-09-09T19:21:29.84899Z\",\"lastModifiedBy\":\"alecbaird@wvdtesttenant.onmicrosoft.com\",\"lastModifiedByType\":\"User\",\"lastModifiedAt\":\"2024-09-09T19:21:29.84899Z\"},\"daysOfWeek\":[\"Monday\",\"Tuesday\",\"Wednesday\",\"Thursday\",\"Friday\"]},\"systemData\":{\"createdBy\":\"alecbaird@wvdtesttenant.onmicrosoft.com\",\"createdByType\":\"User\",\"createdAt\":\"2024-09-09T19:21:29.84Z\",\"lastModifiedBy\":\"alecbaird@wvdtesttenant.onmicrosoft.com\",\"lastModifiedByType\":\"User\",\"lastModifiedAt\":\"2024-09-09T19:21:29.84Z\"}}",
      "isContentBase64": false
    }
  },
  "Get-AzWvdScalingPlanPersonalSchedule+[NoContext]+Get+$DELETE+https://management.azure.com/subscriptions/dbedef25-184c-430f-b383-0eeb87c3205d/resourceGroups/alecbUserSessionTests/providers/Microsoft.DesktopVirtualization/scalingPlans/ScalingPlanPowershellContained1?api-version=2024-04-03+4": {
    "Request": {
      "Method": "DELETE",
      "RequestUri": "https://management.azure.com/subscriptions/dbedef25-184c-430f-b383-0eeb87c3205d/resourceGroups/alecbUserSessionTests/providers/Microsoft.DesktopVirtualization/scalingPlans/ScalingPlanPowershellContained1?api-version=2024-04-03",
      "Content": null,
      "isContentBase64": false,
      "Headers": {
        "x-ms-unique-id": [ "137" ],
        "x-ms-client-request-id": [ "d7c38359-6e8d-438b-a40d-ff8a7a162c49" ],
        "CommandName": [ "Remove-AzWvdScalingPlan" ],
        "FullCommandName": [ "Remove-AzWvdScalingPlan_Delete" ],
        "ParameterSetName": [ "__AllParameterSets" ],
        "User-Agent": [ "AzurePowershell/v12.3.0", "PSVersion/v7.2.23", "Az.DesktopVirtualization/6.0.0" ],
        "Authorization": [ "[Filtered]" ]
      },
      "ContentHeaders": {
      }
    },
    "Response": {
      "StatusCode": 200,
      "Headers": {
        "Cache-Control": [ "no-cache" ],
        "Pragma": [ "no-cache" ],
        "Vary": [ "Accept-Encoding" ],
        "Set-Cookie": [ "ARRAffinity=6ed70d129f929e9c0dc1324370ea99cd733e8f3cb78772a9b8793f4f636e0cf7;Path=/;HttpOnly;Secure;Domain=rdarmprovider-g-us-r0.wvdselfhost.microsoft.com", "ARRAffinitySameSite=6ed70d129f929e9c0dc1324370ea99cd733e8f3cb78772a9b8793f4f636e0cf7;Path=/;HttpOnly;SameSite=None;Secure;Domain=rdarmprovider-g-us-r0.wvdselfhost.microsoft.com" ],
        "x-ms-ratelimit-remaining-subscription-deletes": [ "399" ],
        "X-Rate-Limit-Limit": [ "0" ],
        "X-Rate-Limit-Remaining": [ "9223372036854775807" ],
        "X-Rate-Limit-Reset": [ "0" ],
        "x-ms-opsarmpath64": [ "L3N1YnNjcmlwdGlvbnMvZGJlZGVmMjUtMTg0Yy00MzBmLWIzODMtMGVlYjg3YzMyMDVkL3Jlc291cmNlR3JvdXBzL2FsZWNiVXNlclNlc3Npb25UZXN0cy9wcm92aWRlcnMvTWljcm9zb2Z0LkRlc2t0b3BWaXJ0dWFsaXphdGlvbi9zY2FsaW5nUGxhbnMvU2NhbGluZ1BsYW5Qb3dlcnNoZWxsQ29udGFpbmVkMQ==" ],
        "x-ms-lamport-ts": [ "177777206" ],
        "x-ms-correlation-id": [ "be2e19e3-33b5-4900-b897-9a6f63d745bf" ],
        "x-ms-request-id": [ "d7c38359-6e8d-438b-a40d-ff8a7a162c49" ],
        "X-Powered-By": [ "ASP.NET" ],
        "X-Content-Type-Options": [ "nosniff" ],
        "x-ms-ratelimit-remaining-subscription-global-deletes": [ "5999" ],
        "x-ms-correlation-request-id": [ "6ea0ffbb-8330-4e73-a035-579f4f469ab0" ],
        "x-ms-routing-request-id": [ "WESTUS2:20240909T192130Z:6ea0ffbb-8330-4e73-a035-579f4f469ab0" ],
        "Strict-Transport-Security": [ "max-age=31536000; includeSubDomains" ],
        "X-Cache": [ "CONFIG_NOCACHE" ],
        "X-MSEdge-Ref": [ "Ref A: 45983D91545E4867A43964FA32C56B50 Ref B: CO1EDGE2518 Ref C: 2024-09-09T19:21:30Z" ],
        "Date": [ "Mon, 09 Sep 2024 19:21:30 GMT" ]
      },
      "ContentHeaders": {
        "Content-Length": [ "809" ],
        "Content-Type": [ "application/json; charset=utf-8" ],
        "Expires": [ "-1" ]
      },
      "Content": "{\"name\":\"ScalingPlanPowershellContained1\",\"id\":\"/subscriptions/dbedef25-184c-430f-b383-0eeb87c3205d/resourcegroups/alecbUserSessionTests/providers/Microsoft.DesktopVirtualization/scalingplans/ScalingPlanPowershellContained1\",\"type\":\"Microsoft.DesktopVirtualization/scalingplans\",\"location\":\"westus2\",\"tags\":null,\"kind\":null,\"systemData\":{\"createdBy\":\"alecbaird@wvdtesttenant.onmicrosoft.com\",\"createdByType\":\"User\",\"createdAt\":\"2024-09-09T19:21:29.06Z\",\"lastModifiedBy\":\"alecbaird@wvdtesttenant.onmicrosoft.com\",\"lastModifiedByType\":\"User\",\"lastModifiedAt\":\"2024-09-09T19:21:29.06Z\"},\"properties\":{\"description\":\"desc\",\"friendlyName\":\"fri\",\"timeZone\":\"Pacific Standard Time\",\"hostPoolType\":\"Personal\",\"exclusionTag\":\"\",\"schedules\":[],\"hostPoolReferences\":[],\"objectId\":\"4fca763c-3da5-4be1-95fd-eff9bed0203f\"}}",
      "isContentBase64": false
    }
  },
  "Get-AzWvdScalingPlanPersonalSchedule+[NoContext]+List+$PUT+https://management.azure.com/subscriptions/dbedef25-184c-430f-b383-0eeb87c3205d/resourceGroups/alecbUserSessionTests/providers/Microsoft.DesktopVirtualization/scalingPlans/ScalingPlanPowershellContained1?api-version=2024-04-03+1": {
    "Request": {
      "Method": "PUT",
      "RequestUri": "https://management.azure.com/subscriptions/dbedef25-184c-430f-b383-0eeb87c3205d/resourceGroups/alecbUserSessionTests/providers/Microsoft.DesktopVirtualization/scalingPlans/ScalingPlanPowershellContained1?api-version=2024-04-03",
      "Content": "{\r\n  \"location\": \"westus2\",\r\n  \"properties\": {\r\n    \"description\": \"desc\",\r\n    \"friendlyName\": \"fri\",\r\n    \"timeZone\": \"Pacific Standard Time\",\r\n    \"hostPoolType\": \"Personal\",\r\n    \"schedules\": [ ],\r\n    \"hostPoolReferences\": [ ]\r\n  }\r\n}",
      "isContentBase64": false,
      "Headers": {
      },
      "ContentHeaders": {
        "Content-Type": [ "application/json" ],
        "Content-Length": [ "239" ]
      }
    },
    "Response": {
      "StatusCode": 201,
      "Headers": {
        "Cache-Control": [ "no-cache" ],
        "Pragma": [ "no-cache" ],
        "Location": [ "/subscriptions/dbedef25-184c-430f-b383-0eeb87c3205d/resourcegroups/alecbUserSessionTests/providers/Microsoft.DesktopVirtualization/scalingplans/ScalingPlanPowershellContained1" ],
        "Set-Cookie": [ "ARRAffinity=68684045b6f67894fddd7c62f3ba5f363c3d53ed896664c0df0e95751fa52bff;Path=/;HttpOnly;Secure;Domain=rdarmprovider-g-us-r0.wvdselfhost.microsoft.com", "ARRAffinitySameSite=68684045b6f67894fddd7c62f3ba5f363c3d53ed896664c0df0e95751fa52bff;Path=/;HttpOnly;SameSite=None;Secure;Domain=rdarmprovider-g-us-r0.wvdselfhost.microsoft.com" ],
        "X-Rate-Limit-Limit": [ "0" ],
        "X-Rate-Limit-Remaining": [ "9223372036854775807" ],
        "X-Rate-Limit-Reset": [ "0" ],
        "x-ms-opsarmpath64": [ "L3N1YnNjcmlwdGlvbnMvZGJlZGVmMjUtMTg0Yy00MzBmLWIzODMtMGVlYjg3YzMyMDVkL3Jlc291cmNlR3JvdXBzL2FsZWNiVXNlclNlc3Npb25UZXN0cy9wcm92aWRlcnMvTWljcm9zb2Z0LkRlc2t0b3BWaXJ0dWFsaXphdGlvbi9zY2FsaW5nUGxhbnMvU2NhbGluZ1BsYW5Qb3dlcnNoZWxsQ29udGFpbmVkMQ==" ],
        "x-ms-lamport-ts": [ "177777190" ],
        "x-ms-correlation-id": [ "f728c90a-aeb7-4a48-a190-f733d16c11ee" ],
        "x-ms-request-id": [ "88296710-7c3d-45f3-acc2-48cd351dc340" ],
        "X-Powered-By": [ "ASP.NET" ],
        "X-Content-Type-Options": [ "nosniff" ],
        "x-ms-ratelimit-remaining-subscription-writes": [ "399" ],
        "x-ms-ratelimit-remaining-subscription-global-writes": [ "5999" ],
        "x-ms-correlation-request-id": [ "264e44db-b129-4725-b9be-7e837a57cf9d" ],
        "x-ms-routing-request-id": [ "WESTUS2:20240909T192133Z:264e44db-b129-4725-b9be-7e837a57cf9d" ],
        "Strict-Transport-Security": [ "max-age=31536000; includeSubDomains" ],
        "X-Cache": [ "CONFIG_NOCACHE" ],
        "X-MSEdge-Ref": [ "Ref A: C7074CC7D558496188D95728BEEEDC57 Ref B: CO1EDGE2518 Ref C: 2024-09-09T19:21:30Z" ],
        "Date": [ "Mon, 09 Sep 2024 19:21:32 GMT" ]
      },
      "ContentHeaders": {
        "Content-Length": [ "809" ],
        "Content-Type": [ "application/json; charset=utf-8" ],
        "Expires": [ "-1" ]
      },
      "Content": "{\"name\":\"ScalingPlanPowershellContained1\",\"id\":\"/subscriptions/dbedef25-184c-430f-b383-0eeb87c3205d/resourcegroups/alecbUserSessionTests/providers/Microsoft.DesktopVirtualization/scalingplans/ScalingPlanPowershellContained1\",\"type\":\"Microsoft.DesktopVirtualization/scalingplans\",\"location\":\"westus2\",\"tags\":null,\"kind\":null,\"systemData\":{\"createdBy\":\"alecbaird@wvdtesttenant.onmicrosoft.com\",\"createdByType\":\"User\",\"createdAt\":\"2024-09-09T19:21:32.48Z\",\"lastModifiedBy\":\"alecbaird@wvdtesttenant.onmicrosoft.com\",\"lastModifiedByType\":\"User\",\"lastModifiedAt\":\"2024-09-09T19:21:32.48Z\"},\"properties\":{\"description\":\"desc\",\"friendlyName\":\"fri\",\"timeZone\":\"Pacific Standard Time\",\"hostPoolType\":\"Personal\",\"exclusionTag\":\"\",\"schedules\":[],\"hostPoolReferences\":[],\"objectId\":\"70441ba2-c70a-45be-9121-879bfc2ad558\"}}",
      "isContentBase64": false
    }
  },
  "Get-AzWvdScalingPlanPersonalSchedule+[NoContext]+List+$PUT+https://management.azure.com/subscriptions/dbedef25-184c-430f-b383-0eeb87c3205d/resourceGroups/alecbUserSessionTests/providers/Microsoft.DesktopVirtualization/scalingPlans/ScalingPlanPowershellContained1/personalSchedules/PersonalSchedule1?api-version=2024-04-03+2": {
    "Request": {
      "Method": "PUT",
      "RequestUri": "https://management.azure.com/subscriptions/dbedef25-184c-430f-b383-0eeb87c3205d/resourceGroups/alecbUserSessionTests/providers/Microsoft.DesktopVirtualization/scalingPlans/ScalingPlanPowershellContained1/personalSchedules/PersonalSchedule1?api-version=2024-04-03",
      "Content": "{\r\n  \"properties\": {\r\n    \"rampUpStartTime\": {\r\n      \"hour\": 6,\r\n      \"minute\": 30\r\n    },\r\n    \"peakStartTime\": {\r\n      \"hour\": 8,\r\n      \"minute\": 30\r\n    },\r\n    \"rampDownStartTime\": {\r\n      \"hour\": 16,\r\n      \"minute\": 0\r\n    },\r\n    \"offPeakStartTime\": {\r\n      \"hour\": 22,\r\n      \"minute\": 45\r\n    },\r\n    \"daysOfWeek\": [ \"Monday\", \"Tuesday\" ],\r\n    \"rampUpAutoStartHosts\": \"All\",\r\n    \"rampUpStartVMOnConnect\": \"Enable\",\r\n    \"rampUpActionOnDisconnect\": \"None\",\r\n    \"rampUpMinutesToWaitOnDisconnect\": 10,\r\n    \"rampUpActionOnLogoff\": \"None\",\r\n    \"rampUpMinutesToWaitOnLogoff\": 10,\r\n    \"peakStartVMOnConnect\": \"Enable\",\r\n    \"peakActionOnDisconnect\": \"None\",\r\n    \"peakMinutesToWaitOnDisconnect\": 10,\r\n    \"peakMinutesToWaitOnLogoff\": 10,\r\n    \"rampDownStartVMOnConnect\": \"Enable\",\r\n    \"rampDownActionOnDisconnect\": \"None\",\r\n    \"rampDownMinutesToWaitOnDisconnect\": 10,\r\n    \"rampDownActionOnLogoff\": \"None\",\r\n    \"rampDownMinutesToWaitOnLogoff\": 10,\r\n    \"offPeakStartVMOnConnect\": \"Enable\",\r\n    \"offPeakActionOnDisconnect\": \"None\",\r\n    \"offPeakMinutesToWaitOnDisconnect\": 10,\r\n    \"offPeakActionOnLogoff\": \"Deallocate\",\r\n    \"offPeakMinutesToWaitOnLogoff\": 10\r\n  }\r\n}",
      "isContentBase64": false,
      "Headers": {
      },
      "ContentHeaders": {
        "Content-Type": [ "application/json" ],
        "Content-Length": [ "1185" ]
      }
    },
    "Response": {
      "StatusCode": 200,
      "Headers": {
        "Cache-Control": [ "no-cache" ],
        "Pragma": [ "no-cache" ],
        "Vary": [ "Accept-Encoding" ],
        "Set-Cookie": [ "ARRAffinity=f0cf6515b964ed71a3330b30673731d75ad3321adfb3448f8fe843b9868e0497;Path=/;HttpOnly;Secure;Domain=rdarmprovider-g-us-r0.wvdselfhost.microsoft.com", "ARRAffinitySameSite=f0cf6515b964ed71a3330b30673731d75ad3321adfb3448f8fe843b9868e0497;Path=/;HttpOnly;SameSite=None;Secure;Domain=rdarmprovider-g-us-r0.wvdselfhost.microsoft.com" ],
        "x-ms-ratelimit-remaining-subscription-writes": [ "398" ],
        "X-Rate-Limit-Limit": [ "0" ],
        "X-Rate-Limit-Remaining": [ "9223372036854775807" ],
        "X-Rate-Limit-Reset": [ "0" ],
        "x-ms-opsarmpath64": [ "L3N1YnNjcmlwdGlvbnMvZGJlZGVmMjUtMTg0Yy00MzBmLWIzODMtMGVlYjg3YzMyMDVkL3Jlc291cmNlR3JvdXBzL2FsZWNiVXNlclNlc3Npb25UZXN0cy9wcm92aWRlcnMvTWljcm9zb2Z0LkRlc2t0b3BWaXJ0dWFsaXphdGlvbi9zY2FsaW5nUGxhbnMvU2NhbGluZ1BsYW5Qb3dlcnNoZWxsQ29udGFpbmVkMS9wZXJzb25hbFNjaGVkdWxlcy9QZXJzb25hbFNjaGVkdWxlMQ==" ],
        "x-ms-lamport-ts": [ "177777206" ],
        "x-ms-correlation-id": [ "da3be762-5f53-439f-a20c-f350a6f7bed5" ],
        "x-ms-request-id": [ "52ecc6a7-96a2-4fb3-8f53-4afca35a291d" ],
        "X-Powered-By": [ "ASP.NET" ],
        "X-Content-Type-Options": [ "nosniff" ],
        "x-ms-ratelimit-remaining-subscription-global-writes": [ "5998" ],
        "x-ms-correlation-request-id": [ "d8dbcadc-1f63-4d31-8ccb-f89cacd73322" ],
        "x-ms-routing-request-id": [ "WESTUS2:20240909T192133Z:d8dbcadc-1f63-4d31-8ccb-f89cacd73322" ],
        "Strict-Transport-Security": [ "max-age=31536000; includeSubDomains" ],
        "X-Cache": [ "CONFIG_NOCACHE" ],
        "X-MSEdge-Ref": [ "Ref A: 924268ED19934A84B477CEFB68A280C5 Ref B: CO1EDGE2518 Ref C: 2024-09-09T19:21:33Z" ],
        "Date": [ "Mon, 09 Sep 2024 19:21:32 GMT" ]
      },
      "ContentHeaders": {
        "Content-Length": [ "1835" ],
        "Content-Type": [ "application/json; charset=utf-8" ],
        "Expires": [ "-1" ]
      },
      "Content": "{\"name\":\"ScalingPlanPowershellContained1/PersonalSchedule1\",\"id\":\"/subscriptions/dbedef25-184c-430f-b383-0eeb87c3205d/resourcegroups/alecbUserSessionTests/providers/Microsoft.DesktopVirtualization/scalingplans/ScalingPlanPowershellContained1/personalSchedules/PersonalSchedule1\",\"type\":\"Microsoft.DesktopVirtualization/scalingplans/personalSchedules\",\"properties\":{\"rampUpStartTime\":{\"hour\":6,\"minute\":30},\"rampUpAutoStartHosts\":\"All\",\"rampUpStartVMOnConnect\":\"Enable\",\"rampUpMinutesToWaitOnDisconnect\":10,\"rampUpActionOnDisconnect\":\"None\",\"rampUpMinutesToWaitOnLogoff\":10,\"rampUpActionOnLogoff\":\"None\",\"peakStartTime\":{\"hour\":8,\"minute\":30},\"peakStartVMOnConnect\":\"Enable\",\"peakMinutesToWaitOnDisconnect\":10,\"peakActionOnDisconnect\":\"None\",\"peakMinutesToWaitOnLogoff\":10,\"peakActionOnLogoff\":\"None\",\"rampDownStartTime\":{\"hour\":16,\"minute\":0},\"rampDownStartVMOnConnect\":\"Enable\",\"rampDownMinutesToWaitOnDisconnect\":10,\"rampDownActionOnDisconnect\":\"None\",\"rampDownMinutesToWaitOnLogoff\":10,\"rampDownActionOnLogoff\":\"None\",\"offPeakStartTime\":{\"hour\":22,\"minute\":45},\"offPeakStartVMOnConnect\":\"Enable\",\"offPeakMinutesToWaitOnDisconnect\":10,\"offPeakActionOnDisconnect\":\"None\",\"offPeakMinutesToWaitOnLogoff\":10,\"offPeakActionOnLogoff\":\"Deallocate\",\"name\":\"PersonalSchedule1\",\"systemData\":{\"createdBy\":\"alecbaird@wvdtesttenant.onmicrosoft.com\",\"createdByType\":\"User\",\"createdAt\":\"2024-09-09T19:21:33.2036364Z\",\"lastModifiedBy\":\"alecbaird@wvdtesttenant.onmicrosoft.com\",\"lastModifiedByType\":\"User\",\"lastModifiedAt\":\"2024-09-09T19:21:33.2036364Z\"},\"daysOfWeek\":[\"Monday\",\"Tuesday\"]},\"systemData\":{\"createdBy\":\"alecbaird@wvdtesttenant.onmicrosoft.com\",\"createdByType\":\"User\",\"createdAt\":\"2024-09-09T19:21:33.20Z\",\"lastModifiedBy\":\"alecbaird@wvdtesttenant.onmicrosoft.com\",\"lastModifiedByType\":\"User\",\"lastModifiedAt\":\"2024-09-09T19:21:33.20Z\"}}",
      "isContentBase64": false
    }
  },
  "Get-AzWvdScalingPlanPersonalSchedule+[NoContext]+List+$PUT+https://management.azure.com/subscriptions/dbedef25-184c-430f-b383-0eeb87c3205d/resourceGroups/alecbUserSessionTests/providers/Microsoft.DesktopVirtualization/scalingPlans/ScalingPlanPowershellContained1/personalSchedules/PersonalSchedule2?api-version=2024-04-03+3": {
    "Request": {
      "Method": "PUT",
      "RequestUri": "https://management.azure.com/subscriptions/dbedef25-184c-430f-b383-0eeb87c3205d/resourceGroups/alecbUserSessionTests/providers/Microsoft.DesktopVirtualization/scalingPlans/ScalingPlanPowershellContained1/personalSchedules/PersonalSchedule2?api-version=2024-04-03",
      "Content": "{\r\n  \"properties\": {\r\n    \"rampUpStartTime\": {\r\n      \"hour\": 6,\r\n      \"minute\": 30\r\n    },\r\n    \"peakStartTime\": {\r\n      \"hour\": 8,\r\n      \"minute\": 30\r\n    },\r\n    \"rampDownStartTime\": {\r\n      \"hour\": 16,\r\n      \"minute\": 0\r\n    },\r\n    \"offPeakStartTime\": {\r\n      \"hour\": 22,\r\n      \"minute\": 45\r\n    },\r\n    \"daysOfWeek\": [ \"Wednesday\", \"Thursday\", \"Friday\" ],\r\n    \"rampUpAutoStartHosts\": \"All\",\r\n    \"rampUpStartVMOnConnect\": \"Enable\",\r\n    \"rampUpActionOnDisconnect\": \"None\",\r\n    \"rampUpMinutesToWaitOnDisconnect\": 10,\r\n    \"rampUpActionOnLogoff\": \"None\",\r\n    \"rampUpMinutesToWaitOnLogoff\": 10,\r\n    \"peakStartVMOnConnect\": \"Enable\",\r\n    \"peakActionOnDisconnect\": \"None\",\r\n    \"peakMinutesToWaitOnDisconnect\": 10,\r\n    \"peakMinutesToWaitOnLogoff\": 10,\r\n    \"rampDownStartVMOnConnect\": \"Enable\",\r\n    \"rampDownActionOnDisconnect\": \"None\",\r\n    \"rampDownMinutesToWaitOnDisconnect\": 10,\r\n    \"rampDownActionOnLogoff\": \"None\",\r\n    \"rampDownMinutesToWaitOnLogoff\": 10,\r\n    \"offPeakStartVMOnConnect\": \"Enable\",\r\n    \"offPeakActionOnDisconnect\": \"None\",\r\n    \"offPeakMinutesToWaitOnDisconnect\": 10,\r\n    \"offPeakActionOnLogoff\": \"Deallocate\",\r\n    \"offPeakMinutesToWaitOnLogoff\": 10\r\n  }\r\n}",
      "isContentBase64": false,
      "Headers": {
      },
      "ContentHeaders": {
        "Content-Type": [ "application/json" ],
        "Content-Length": [ "1199" ]
      }
    },
    "Response": {
      "StatusCode": 200,
      "Headers": {
        "Cache-Control": [ "no-cache" ],
        "Pragma": [ "no-cache" ],
        "Vary": [ "Accept-Encoding" ],
        "Set-Cookie": [ "ARRAffinity=6ed70d129f929e9c0dc1324370ea99cd733e8f3cb78772a9b8793f4f636e0cf7;Path=/;HttpOnly;Secure;Domain=rdarmprovider-g-us-r0.wvdselfhost.microsoft.com", "ARRAffinitySameSite=6ed70d129f929e9c0dc1324370ea99cd733e8f3cb78772a9b8793f4f636e0cf7;Path=/;HttpOnly;SameSite=None;Secure;Domain=rdarmprovider-g-us-r0.wvdselfhost.microsoft.com" ],
        "x-ms-ratelimit-remaining-subscription-writes": [ "397" ],
        "X-Rate-Limit-Limit": [ "0" ],
        "X-Rate-Limit-Remaining": [ "9223372036854775807" ],
        "X-Rate-Limit-Reset": [ "0" ],
        "x-ms-opsarmpath64": [ "L3N1YnNjcmlwdGlvbnMvZGJlZGVmMjUtMTg0Yy00MzBmLWIzODMtMGVlYjg3YzMyMDVkL3Jlc291cmNlR3JvdXBzL2FsZWNiVXNlclNlc3Npb25UZXN0cy9wcm92aWRlcnMvTWljcm9zb2Z0LkRlc2t0b3BWaXJ0dWFsaXphdGlvbi9zY2FsaW5nUGxhbnMvU2NhbGluZ1BsYW5Qb3dlcnNoZWxsQ29udGFpbmVkMS9wZXJzb25hbFNjaGVkdWxlcy9QZXJzb25hbFNjaGVkdWxlMg==" ],
        "x-ms-lamport-ts": [ "177777209" ],
        "x-ms-correlation-id": [ "ceb090aa-05f9-469d-85b2-388588077fe5" ],
        "x-ms-request-id": [ "3a94e1ab-23a4-4128-b0f9-3133ca9f1f80" ],
        "X-Powered-By": [ "ASP.NET" ],
        "X-Content-Type-Options": [ "nosniff" ],
        "x-ms-ratelimit-remaining-subscription-global-writes": [ "5997" ],
        "x-ms-correlation-request-id": [ "ac512047-7274-443d-a992-713ae75f0c62" ],
        "x-ms-routing-request-id": [ "WESTUS2:20240909T192133Z:ac512047-7274-443d-a992-713ae75f0c62" ],
        "Strict-Transport-Security": [ "max-age=31536000; includeSubDomains" ],
        "X-Cache": [ "CONFIG_NOCACHE" ],
        "X-MSEdge-Ref": [ "Ref A: 2B4D4C31A6194517A01C794EEEE89726 Ref B: CO1EDGE2518 Ref C: 2024-09-09T19:21:33Z" ],
        "Date": [ "Mon, 09 Sep 2024 19:21:33 GMT" ]
      },
      "ContentHeaders": {
        "Content-Length": [ "1848" ],
        "Content-Type": [ "application/json; charset=utf-8" ],
        "Expires": [ "-1" ]
      },
      "Content": "{\"name\":\"ScalingPlanPowershellContained1/PersonalSchedule2\",\"id\":\"/subscriptions/dbedef25-184c-430f-b383-0eeb87c3205d/resourcegroups/alecbUserSessionTests/providers/Microsoft.DesktopVirtualization/scalingplans/ScalingPlanPowershellContained1/personalSchedules/PersonalSchedule2\",\"type\":\"Microsoft.DesktopVirtualization/scalingplans/personalSchedules\",\"properties\":{\"rampUpStartTime\":{\"hour\":6,\"minute\":30},\"rampUpAutoStartHosts\":\"All\",\"rampUpStartVMOnConnect\":\"Enable\",\"rampUpMinutesToWaitOnDisconnect\":10,\"rampUpActionOnDisconnect\":\"None\",\"rampUpMinutesToWaitOnLogoff\":10,\"rampUpActionOnLogoff\":\"None\",\"peakStartTime\":{\"hour\":8,\"minute\":30},\"peakStartVMOnConnect\":\"Enable\",\"peakMinutesToWaitOnDisconnect\":10,\"peakActionOnDisconnect\":\"None\",\"peakMinutesToWaitOnLogoff\":10,\"peakActionOnLogoff\":\"None\",\"rampDownStartTime\":{\"hour\":16,\"minute\":0},\"rampDownStartVMOnConnect\":\"Enable\",\"rampDownMinutesToWaitOnDisconnect\":10,\"rampDownActionOnDisconnect\":\"None\",\"rampDownMinutesToWaitOnLogoff\":10,\"rampDownActionOnLogoff\":\"None\",\"offPeakStartTime\":{\"hour\":22,\"minute\":45},\"offPeakStartVMOnConnect\":\"Enable\",\"offPeakMinutesToWaitOnDisconnect\":10,\"offPeakActionOnDisconnect\":\"None\",\"offPeakMinutesToWaitOnLogoff\":10,\"offPeakActionOnLogoff\":\"Deallocate\",\"name\":\"PersonalSchedule2\",\"systemData\":{\"createdBy\":\"alecbaird@wvdtesttenant.onmicrosoft.com\",\"createdByType\":\"User\",\"createdAt\":\"2024-09-09T19:21:33.4848913Z\",\"lastModifiedBy\":\"alecbaird@wvdtesttenant.onmicrosoft.com\",\"lastModifiedByType\":\"User\",\"lastModifiedAt\":\"2024-09-09T19:21:33.4848913Z\"},\"daysOfWeek\":[\"Wednesday\",\"Thursday\",\"Friday\"]},\"systemData\":{\"createdBy\":\"alecbaird@wvdtesttenant.onmicrosoft.com\",\"createdByType\":\"User\",\"createdAt\":\"2024-09-09T19:21:33.48Z\",\"lastModifiedBy\":\"alecbaird@wvdtesttenant.onmicrosoft.com\",\"lastModifiedByType\":\"User\",\"lastModifiedAt\":\"2024-09-09T19:21:33.48Z\"}}",
      "isContentBase64": false
    }
  },
  "Get-AzWvdScalingPlanPersonalSchedule+[NoContext]+List+$GET+https://management.azure.com/subscriptions/dbedef25-184c-430f-b383-0eeb87c3205d/resourceGroups/alecbUserSessionTests/providers/Microsoft.DesktopVirtualization/scalingPlans/ScalingPlanPowershellContained1/personalSchedules?api-version=2024-04-03+4": {
    "Request": {
      "Method": "GET",
      "RequestUri": "https://management.azure.com/subscriptions/dbedef25-184c-430f-b383-0eeb87c3205d/resourceGroups/alecbUserSessionTests/providers/Microsoft.DesktopVirtualization/scalingPlans/ScalingPlanPowershellContained1/personalSchedules?api-version=2024-04-03",
      "Content": null,
      "isContentBase64": false,
      "Headers": {
        "x-ms-unique-id": [ "141" ],
        "x-ms-client-request-id": [ "6d867f3c-3ef1-48e3-af09-8758108d669f" ],
        "CommandName": [ "Get-AzWvdScalingPlanPersonalSchedule" ],
        "FullCommandName": [ "Get-AzWvdScalingPlanPersonalSchedule_List" ],
        "ParameterSetName": [ "__AllParameterSets" ],
        "User-Agent": [ "AzurePowershell/v12.3.0", "PSVersion/v7.2.23", "Az.DesktopVirtualization/6.0.0" ],
        "Authorization": [ "[Filtered]" ]
      },
      "ContentHeaders": {
      }
    },
    "Response": {
      "StatusCode": 200,
      "Headers": {
        "Cache-Control": [ "no-cache" ],
        "Pragma": [ "no-cache" ],
        "Vary": [ "Accept-Encoding" ],
        "Set-Cookie": [ "ARRAffinity=68684045b6f67894fddd7c62f3ba5f363c3d53ed896664c0df0e95751fa52bff;Path=/;HttpOnly;Secure;Domain=rdarmprovider-g-us-r0.wvdselfhost.microsoft.com", "ARRAffinitySameSite=68684045b6f67894fddd7c62f3ba5f363c3d53ed896664c0df0e95751fa52bff;Path=/;HttpOnly;SameSite=None;Secure;Domain=rdarmprovider-g-us-r0.wvdselfhost.microsoft.com" ],
        "x-ms-ratelimit-remaining-subscription-reads": [ "499" ],
        "X-Rate-Limit-Limit": [ "0" ],
        "X-Rate-Limit-Remaining": [ "9223372036854775807" ],
        "X-Rate-Limit-Reset": [ "0" ],
        "x-ms-opsarmpath64": [ "L3N1YnNjcmlwdGlvbnMvZGJlZGVmMjUtMTg0Yy00MzBmLWIzODMtMGVlYjg3YzMyMDVkL3Jlc291cmNlR3JvdXBzL2FsZWNiVXNlclNlc3Npb25UZXN0cy9wcm92aWRlcnMvTWljcm9zb2Z0LkRlc2t0b3BWaXJ0dWFsaXphdGlvbi9zY2FsaW5nUGxhbnMvU2NhbGluZ1BsYW5Qb3dlcnNoZWxsQ29udGFpbmVkMQ==" ],
        "x-ms-lamport-ts": [ "177777193" ],
        "x-ms-correlation-id": [ "abe74b54-c9c9-451d-97a7-0c964dbdb066" ],
        "x-ms-request-id": [ "6d867f3c-3ef1-48e3-af09-8758108d669f" ],
        "X-Powered-By": [ "ASP.NET" ],
        "X-Content-Type-Options": [ "nosniff" ],
        "x-ms-ratelimit-remaining-subscription-global-reads": [ "7499" ],
        "x-ms-correlation-request-id": [ "7c666369-5c3a-4885-8b34-5edd6c1fa344" ],
        "x-ms-routing-request-id": [ "WESTUS2:20240909T192133Z:7c666369-5c3a-4885-8b34-5edd6c1fa344" ],
        "Strict-Transport-Security": [ "max-age=31536000; includeSubDomains" ],
        "X-Cache": [ "CONFIG_NOCACHE" ],
        "X-MSEdge-Ref": [ "Ref A: 14DC2F14200040358B2F374F8010D0A7 Ref B: CO1EDGE2518 Ref C: 2024-09-09T19:21:33Z" ],
        "Date": [ "Mon, 09 Sep 2024 19:21:33 GMT" ]
      },
      "ContentHeaders": {
        "Content-Length": [ "3712" ],
        "Content-Type": [ "application/json; charset=utf-8" ],
        "Expires": [ "-1" ]
      },
      "Content": "{\"value\":[{\"name\":\"ScalingPlanPowershellContained1/PersonalSchedule1\",\"id\":\"/subscriptions/dbedef25-184c-430f-b383-0eeb87c3205d/resourcegroups/alecbUserSessionTests/providers/Microsoft.DesktopVirtualization/scalingplans/ScalingPlanPowershellContained1/personalSchedules/PersonalSchedule1\",\"type\":\"Microsoft.DesktopVirtualization/scalingplans/personalSchedules\",\"properties\":{\"rampUpStartTime\":{\"hour\":6,\"minute\":30},\"rampUpAutoStartHosts\":\"All\",\"rampUpStartVMOnConnect\":\"Enable\",\"rampUpMinutesToWaitOnDisconnect\":10,\"rampUpActionOnDisconnect\":\"None\",\"rampUpMinutesToWaitOnLogoff\":10,\"rampUpActionOnLogoff\":\"None\",\"peakStartTime\":{\"hour\":8,\"minute\":30},\"peakStartVMOnConnect\":\"Enable\",\"peakMinutesToWaitOnDisconnect\":10,\"peakActionOnDisconnect\":\"None\",\"peakMinutesToWaitOnLogoff\":10,\"peakActionOnLogoff\":\"None\",\"rampDownStartTime\":{\"hour\":16,\"minute\":0},\"rampDownStartVMOnConnect\":\"Enable\",\"rampDownMinutesToWaitOnDisconnect\":10,\"rampDownActionOnDisconnect\":\"None\",\"rampDownMinutesToWaitOnLogoff\":10,\"rampDownActionOnLogoff\":\"None\",\"offPeakStartTime\":{\"hour\":22,\"minute\":45},\"offPeakStartVMOnConnect\":\"Enable\",\"offPeakMinutesToWaitOnDisconnect\":10,\"offPeakActionOnDisconnect\":\"None\",\"offPeakMinutesToWaitOnLogoff\":10,\"offPeakActionOnLogoff\":\"Deallocate\",\"name\":\"PersonalSchedule1\",\"systemData\":{\"createdBy\":\"alecbaird@wvdtesttenant.onmicrosoft.com\",\"createdByType\":\"User\",\"createdAt\":\"2024-09-09T19:21:33.2036364Z\",\"lastModifiedBy\":\"alecbaird@wvdtesttenant.onmicrosoft.com\",\"lastModifiedByType\":\"User\",\"lastModifiedAt\":\"2024-09-09T19:21:33.2036364Z\"},\"daysOfWeek\":[\"Monday\",\"Tuesday\"]},\"systemData\":{\"createdBy\":\"alecbaird@wvdtesttenant.onmicrosoft.com\",\"createdByType\":\"User\",\"createdAt\":\"2024-09-09T19:21:33.20Z\",\"lastModifiedBy\":\"alecbaird@wvdtesttenant.onmicrosoft.com\",\"lastModifiedByType\":\"User\",\"lastModifiedAt\":\"2024-09-09T19:21:33.20Z\"}},{\"name\":\"ScalingPlanPowershellContained1/PersonalSchedule2\",\"id\":\"/subscriptions/dbedef25-184c-430f-b383-0eeb87c3205d/resourcegroups/alecbUserSessionTests/providers/Microsoft.DesktopVirtualization/scalingplans/ScalingPlanPowershellContained1/personalSchedules/PersonalSchedule2\",\"type\":\"Microsoft.DesktopVirtualization/scalingplans/personalSchedules\",\"properties\":{\"rampUpStartTime\":{\"hour\":6,\"minute\":30},\"rampUpAutoStartHosts\":\"All\",\"rampUpStartVMOnConnect\":\"Enable\",\"rampUpMinutesToWaitOnDisconnect\":10,\"rampUpActionOnDisconnect\":\"None\",\"rampUpMinutesToWaitOnLogoff\":10,\"rampUpActionOnLogoff\":\"None\",\"peakStartTime\":{\"hour\":8,\"minute\":30},\"peakStartVMOnConnect\":\"Enable\",\"peakMinutesToWaitOnDisconnect\":10,\"peakActionOnDisconnect\":\"None\",\"peakMinutesToWaitOnLogoff\":10,\"peakActionOnLogoff\":\"None\",\"rampDownStartTime\":{\"hour\":16,\"minute\":0},\"rampDownStartVMOnConnect\":\"Enable\",\"rampDownMinutesToWaitOnDisconnect\":10,\"rampDownActionOnDisconnect\":\"None\",\"rampDownMinutesToWaitOnLogoff\":10,\"rampDownActionOnLogoff\":\"None\",\"offPeakStartTime\":{\"hour\":22,\"minute\":45},\"offPeakStartVMOnConnect\":\"Enable\",\"offPeakMinutesToWaitOnDisconnect\":10,\"offPeakActionOnDisconnect\":\"None\",\"offPeakMinutesToWaitOnLogoff\":10,\"offPeakActionOnLogoff\":\"Deallocate\",\"name\":\"PersonalSchedule2\",\"systemData\":{\"createdBy\":\"alecbaird@wvdtesttenant.onmicrosoft.com\",\"createdByType\":\"User\",\"createdAt\":\"2024-09-09T19:21:33.4848913Z\",\"lastModifiedBy\":\"alecbaird@wvdtesttenant.onmicrosoft.com\",\"lastModifiedByType\":\"User\",\"lastModifiedAt\":\"2024-09-09T19:21:33.4848913Z\"},\"daysOfWeek\":[\"Wednesday\",\"Thursday\",\"Friday\"]},\"systemData\":{\"createdBy\":\"alecbaird@wvdtesttenant.onmicrosoft.com\",\"createdByType\":\"User\",\"createdAt\":\"2024-09-09T19:21:33.48Z\",\"lastModifiedBy\":\"alecbaird@wvdtesttenant.onmicrosoft.com\",\"lastModifiedByType\":\"User\",\"lastModifiedAt\":\"2024-09-09T19:21:33.48Z\"}}],\"nextLink\":null}",
      "isContentBase64": false
    }
  },
  "Get-AzWvdScalingPlanPersonalSchedule+[NoContext]+List+$DELETE+https://management.azure.com/subscriptions/dbedef25-184c-430f-b383-0eeb87c3205d/resourceGroups/alecbUserSessionTests/providers/Microsoft.DesktopVirtualization/scalingPlans/ScalingPlanPowershellContained1?api-version=2024-04-03+5": {
    "Request": {
      "Method": "DELETE",
      "RequestUri": "https://management.azure.com/subscriptions/dbedef25-184c-430f-b383-0eeb87c3205d/resourceGroups/alecbUserSessionTests/providers/Microsoft.DesktopVirtualization/scalingPlans/ScalingPlanPowershellContained1?api-version=2024-04-03",
      "Content": null,
      "isContentBase64": false,
      "Headers": {
        "x-ms-unique-id": [ "142" ],
        "x-ms-client-request-id": [ "9ba2284d-e1c1-4202-8e2d-92388fdd244e" ],
        "CommandName": [ "Remove-AzWvdScalingPlan" ],
        "FullCommandName": [ "Remove-AzWvdScalingPlan_Delete" ],
        "ParameterSetName": [ "__AllParameterSets" ],
        "User-Agent": [ "AzurePowershell/v12.3.0", "PSVersion/v7.2.23", "Az.DesktopVirtualization/6.0.0" ],
        "Authorization": [ "[Filtered]" ]
      },
      "ContentHeaders": {
      }
    },
    "Response": {
      "StatusCode": 200,
      "Headers": {
        "Cache-Control": [ "no-cache" ],
        "Pragma": [ "no-cache" ],
        "Vary": [ "Accept-Encoding" ],
        "Set-Cookie": [ "ARRAffinity=f0cf6515b964ed71a3330b30673731d75ad3321adfb3448f8fe843b9868e0497;Path=/;HttpOnly;Secure;Domain=rdarmprovider-g-us-r0.wvdselfhost.microsoft.com", "ARRAffinitySameSite=f0cf6515b964ed71a3330b30673731d75ad3321adfb3448f8fe843b9868e0497;Path=/;HttpOnly;SameSite=None;Secure;Domain=rdarmprovider-g-us-r0.wvdselfhost.microsoft.com" ],
        "x-ms-ratelimit-remaining-subscription-deletes": [ "398" ],
        "X-Rate-Limit-Limit": [ "0" ],
        "X-Rate-Limit-Remaining": [ "9223372036854775807" ],
        "X-Rate-Limit-Reset": [ "0" ],
        "x-ms-opsarmpath64": [ "L3N1YnNjcmlwdGlvbnMvZGJlZGVmMjUtMTg0Yy00MzBmLWIzODMtMGVlYjg3YzMyMDVkL3Jlc291cmNlR3JvdXBzL2FsZWNiVXNlclNlc3Npb25UZXN0cy9wcm92aWRlcnMvTWljcm9zb2Z0LkRlc2t0b3BWaXJ0dWFsaXphdGlvbi9zY2FsaW5nUGxhbnMvU2NhbGluZ1BsYW5Qb3dlcnNoZWxsQ29udGFpbmVkMQ==" ],
        "x-ms-lamport-ts": [ "177777209" ],
        "x-ms-correlation-id": [ "0297fb49-eebf-4524-94fa-e9eeff17ae4b" ],
        "x-ms-request-id": [ "9ba2284d-e1c1-4202-8e2d-92388fdd244e" ],
        "X-Powered-By": [ "ASP.NET" ],
        "X-Content-Type-Options": [ "nosniff" ],
        "x-ms-ratelimit-remaining-subscription-global-deletes": [ "5998" ],
        "x-ms-correlation-request-id": [ "576ab0fc-c7cf-48d1-bf39-3e5844a14b61" ],
        "x-ms-routing-request-id": [ "WESTUS2:20240909T192134Z:576ab0fc-c7cf-48d1-bf39-3e5844a14b61" ],
        "Strict-Transport-Security": [ "max-age=31536000; includeSubDomains" ],
        "X-Cache": [ "CONFIG_NOCACHE" ],
        "X-MSEdge-Ref": [ "Ref A: 1D77DE3346BD4D408CCFC0A1F1FC70E0 Ref B: CO1EDGE2518 Ref C: 2024-09-09T19:21:34Z" ],
        "Date": [ "Mon, 09 Sep 2024 19:21:33 GMT" ]
      },
      "ContentHeaders": {
        "Content-Length": [ "809" ],
        "Content-Type": [ "application/json; charset=utf-8" ],
        "Expires": [ "-1" ]
      },
      "Content": "{\"name\":\"ScalingPlanPowershellContained1\",\"id\":\"/subscriptions/dbedef25-184c-430f-b383-0eeb87c3205d/resourcegroups/alecbUserSessionTests/providers/Microsoft.DesktopVirtualization/scalingplans/ScalingPlanPowershellContained1\",\"type\":\"Microsoft.DesktopVirtualization/scalingplans\",\"location\":\"westus2\",\"tags\":null,\"kind\":null,\"systemData\":{\"createdBy\":\"alecbaird@wvdtesttenant.onmicrosoft.com\",\"createdByType\":\"User\",\"createdAt\":\"2024-09-09T19:21:32.48Z\",\"lastModifiedBy\":\"alecbaird@wvdtesttenant.onmicrosoft.com\",\"lastModifiedByType\":\"User\",\"lastModifiedAt\":\"2024-09-09T19:21:32.48Z\"},\"properties\":{\"description\":\"desc\",\"friendlyName\":\"fri\",\"timeZone\":\"Pacific Standard Time\",\"hostPoolType\":\"Personal\",\"exclusionTag\":\"\",\"schedules\":[],\"hostPoolReferences\":[],\"objectId\":\"70441ba2-c70a-45be-9121-879bfc2ad558\"}}",
      "isContentBase64": false
    }
  }
}