{
  "Get-AzWvdApplicationGroup+[NoContext]+Get+$PUT+https://management.azure.com/subscriptions/6738509d-84ed-4ad6-974a-7dc4e3c34146/resourceGroups/zhongjie-rg-wus/providers/Microsoft.DesktopVirtualization/hostPools/HostPoolPowershellContained1?api-version=2025-04-01-preview+1": {
    "Request": {
      "Method": "PUT",
      "RequestUri": "https://management.azure.com/subscriptions/6738509d-84ed-4ad6-974a-7dc4e3c34146/resourceGroups/zhongjie-rg-wus/providers/Microsoft.DesktopVirtualization/hostPools/HostPoolPowershellContained1?api-version=2025-04-01-preview",
      "Content": "{\r\n  \"location\": \"westus2\",\r\n  \"properties\": {\r\n    \"registrationInfo\": {\r\n      \"expirationTime\": \"2025-10-30T10:22:27.9293368+08:00\",\r\n      \"registrationTokenOperation\": \"Update\"\r\n    },\r\n    \"friendlyName\": \"fri\",\r\n    \"description\": \"des\",\r\n    \"hostPoolType\": \"Shared\",\r\n    \"customRdpProperty\": \"\",\r\n    \"maxSessionLimit\": 5,\r\n    \"loadBalancerType\": \"DepthFirst\",\r\n    \"ring\": 0,\r\n    \"validationEnvironment\": false,\r\n    \"vmTemplate\": \"\",\r\n    \"preferredAppGroupType\": \"Desktop\",\r\n    \"managementType\": \"Standard\"\r\n  }\r\n}",
      "isContentBase64": false,
      "Headers": {
      },
      "ContentHeaders": {
        "Content-Type": [ "application/json" ],
        "Content-Length": [ "530" ]
      }
    },
    "Response": {
      "StatusCode": 201,
      "Headers": {
        "Cache-Control": [ "no-cache" ],
        "Pragma": [ "no-cache" ],
        "Location": [ "/subscriptions/6738509d-84ed-4ad6-974a-7dc4e3c34146/resourcegroups/zhongjie-rg-wus/providers/Microsoft.DesktopVirtualization/hostpools/HostPoolPowershellContained1" ],
        "Set-Cookie": [ "ARRAffinity=ba8769d5d8f61043baf2042b0775d1ad6f711b9d9f4342819ff8fb726a0ac209;Path=/;HttpOnly;Secure;Domain=rdarmprovider-g-us-r0.wvd.microsoft.com", "ARRAffinitySameSite=ba8769d5d8f61043baf2042b0775d1ad6f711b9d9f4342819ff8fb726a0ac209;Path=/;HttpOnly;SameSite=None;Secure;Domain=rdarmprovider-g-us-r0.wvd.microsoft.com" ],
        "Server": [ "Microsoft-IIS/10.0" ],
        "X-Rate-Limit-Limit": [ "0" ],
        "X-Rate-Limit-Remaining": [ "9223372036854775807" ],
        "X-Rate-Limit-Reset": [ "0" ],
        "x-ms-opsarmpath64": [ "L3N1YnNjcmlwdGlvbnMvNjczODUwOWQtODRlZC00YWQ2LTk3NGEtN2RjNGUzYzM0MTQ2L3Jlc291cmNlR3JvdXBzL3pob25namllLXJnLXd1cy9wcm92aWRlcnMvTWljcm9zb2Z0LkRlc2t0b3BWaXJ0dWFsaXphdGlvbi9ob3N0UG9vbHMvSG9zdFBvb2xQb3dlcnNoZWxsQ29udGFpbmVkMQ==" ],
        "x-ms-lamport-ts": [ "10114338560" ],
        "x-ms-correlation-id": [ "3e73912e-2eec-40dd-88aa-496b866991a8" ],
        "x-ms-request-id": [ "794b7150-f38f-45be-803a-67cdb57fee9b" ],
        "X-Powered-By": [ "ASP.NET" ],
        "X-Content-Type-Options": [ "nosniff" ],
        "x-ms-operation-identifier": [ "tenantId=715492f1-ef6e-4eea-9176-7c81e765c3c8,objectId=1db230a9-e046-46ab-912b-9cea769323a2/japaneast/116ca73d-015b-4bab-8993-b2f77137fd0f" ],
        "x-ms-ratelimit-remaining-subscription-writes": [ "196" ],
        "x-ms-ratelimit-remaining-subscription-global-writes": [ "2996" ],
        "x-ms-correlation-request-id": [ "55865a76-d519-4abe-ba47-1961d887e775" ],
        "x-ms-routing-request-id": [ "JAPANEAST:20251029T022230Z:55865a76-d519-4abe-ba47-1961d887e775" ],
        "Strict-Transport-Security": [ "max-age=31536000; includeSubDomains" ],
        "Date": [ "Wed, 29 Oct 2025 02:22:30 GMT" ]
      },
      "ContentHeaders": {
        "Content-Length": [ "3008" ],
        "Content-Type": [ "application/json; charset=utf-8" ],
        "Expires": [ "-1" ]
      },
      "Content": "{\"identity\":{\"type\":\"None\",\"tenantId\":null,\"principalId\":null},\"name\":\"HostPoolPowershellContained1\",\"id\":\"/subscriptions/6738509d-84ed-4ad6-974a-7dc4e3c34146/resourcegroups/zhongjie-rg-wus/providers/Microsoft.DesktopVirtualization/hostpools/HostPoolPowershellContained1\",\"type\":\"Microsoft.DesktopVirtualization/hostpools\",\"location\":\"westus2\",\"tags\":null,\"kind\":null,\"systemData\":{\"createdBy\":\"zhongjieli@w365runner250520sh01.onmicrosoft.com\",\"createdByType\":\"User\",\"createdAt\":\"2025-10-29T02:22:29.01Z\",\"lastModifiedBy\":\"zhongjieli@w365runner250520sh01.onmicrosoft.com\",\"lastModifiedByType\":\"User\",\"lastModifiedAt\":\"2025-10-29T02:22:29.01Z\"},\"properties\":{\"managedPrivateUDP\":\"Default\",\"directUDP\":\"Default\",\"publicUDP\":\"Default\",\"relayUDP\":\"Default\",\"managementType\":\"Standard\",\"appAttachPackageReferences\":[],\"agentUpdate\":null,\"privateEndpointConnections\":null,\"publicNetworkAccess\":\"Enabled\",\"friendlyName\":\"fri\",\"description\":\"des\",\"hostPoolType\":\"Pooled\",\"personalDesktopAssignmentType\":null,\"applicationGroupReferences\":[],\"customRdpProperty\":\"\",\"maxSessionLimit\":5,\"loadBalancerType\":\"DepthFirst\",\"validationEnvironment\":false,\"ring\":1,\"registrationInfo\":{\"expirationTime\":\"2025-10-30T02:22:27.9293368+00:00\",\"token\":\"eyJhbGciOiJSUzI1NiIsImtpZCI6Ijk0RDQxQUY3MjUyMDFDQzg2MDcwRDQwODI1MkQzMzk2OUEyOEQ0RTciLCJ0eXAiOiJKV1QifQ.eyJSZWdpc3RyYXRpb25JZCI6IjI2YjQ2OTA3LWNlOTAtNDFiMC1hZTY3LTQ5ZGZkZWE1ODMyNyIsIkJyb2tlclVyaSI6Imh0dHBzOi8vcmRicm9rZXItZy11cy1yMS53dmQubWljcm9zb2Z0LmNvbS8iLCJEaWFnbm9zdGljc1VyaSI6Imh0dHBzOi8vcmRkaWFnbm9zdGljcy1nLXVzLXIxLnd2ZC5taWNyb3NvZnQuY29tLyIsIkVuZHBvaW50UG9vbElkIjoiOTU5NzFiMmQtY2QwYS00YTQwLWEzNjEtYTY3ZmFlNTY0NDJhIiwiR2xvYmFsQnJva2VyVXJpIjoiaHR0cHM6Ly9yZGJyb2tlci53dmQubWljcm9zb2Z0LmNvbS8iLCJHZW9ncmFwaHkiOiJVUyIsIkdsb2JhbEJyb2tlclJlc291cmNlSWRVcmkiOiJodHRwczovLzk1OTcxYjJkLWNkMGEtNGE0MC1hMzYxLWE2N2ZhZTU2NDQyYS5yZGJyb2tlci53dmQubWljcm9zb2Z0LmNvbS8iLCJCcm9rZXJSZXNvdXJjZUlkVXJpIjoiaHR0cHM6Ly85NTk3MWIyZC1jZDBhLTRhNDAtYTM2MS1hNjdmYWU1NjQ0MmEucmRicm9rZXItZy11cy1yMS53dmQubWljcm9zb2Z0LmNvbS8iLCJEaWFnbm9zdGljc1Jlc291cmNlSWRVcmkiOiJodHRwczovLzk1OTcxYjJkLWNkMGEtNGE0MC1hMzYxLWE2N2ZhZTU2NDQyYS5yZGRpYWdub3N0aWNzLWctdXMtcjEud3ZkLm1pY3Jvc29mdC5jb20vIiwiQUFEVGVuYW50SWQiOiI3MTU0OTJmMS1lZjZlLTRlZWEtOTE3Ni03YzgxZTc2NWMzYzgiLCJuYmYiOjE3NjE3MDQ1NDksImV4cCI6MTc2MTc5MDk0NywiaXNzIjoiUkRJbmZyYVRva2VuTWFuYWdlciIsImF1ZCI6IlJEbWkifQ.igfYlmJNzZ4s0JwIf-jJr8BKRl3rOK3FiMfuwwZ--VwHNkGyPxEfm0ImqCVA51r6_u36neuy3FO10V5tEzCfNhqpoe14Gkz38EZZLPjGbQjemE1DkaKVqWiTvD8nc9TOP5i9VnWXa3pOMtr-x_yZBndVhpUAdZBfKTnIPsI86sq0OCTwkNEBC16CO72MPSLf-0BiBAVquQ-aWyR_r0Rn5qtIbirYI90joe5JdjNbmx11965bYQ4T8zh0uUiM2J46vJivzS_I3BYcqgX7CHZVZ8n47Z2n6fbTS9aeF5PhSnIpmQ2D7eqUhcDgwQnjaxh88dnq41nWHsI-2PDLMRmu7Q\",\"registrationTokenOperation\":\"Update\"},\"vmTemplate\":null,\"preferredAppGroupType\":\"Desktop\",\"migrationRequest\":null,\"cloudPcResource\":false,\"startVMOnConnect\":false,\"ssoadfsAuthority\":null,\"ssoClientId\":null,\"ssoClientSecretKeyVaultPath\":null,\"ssoSecretType\":null,\"objectId\":\"95971b2d-cd0a-4a40-a361-a67fae56442a\"}}",
      "isContentBase64": false
    }
  },
  "Get-AzWvdApplicationGroup+[NoContext]+Get+$PUT+https://management.azure.com/subscriptions/6738509d-84ed-4ad6-974a-7dc4e3c34146/resourceGroups/zhongjie-rg-wus/providers/Microsoft.DesktopVirtualization/applicationGroups/ApplicationGroupPowershell1?api-version=2025-04-01-preview+2": {
    "Request": {
      "Method": "PUT",
      "RequestUri": "https://management.azure.com/subscriptions/6738509d-84ed-4ad6-974a-7dc4e3c34146/resourceGroups/zhongjie-rg-wus/providers/Microsoft.DesktopVirtualization/applicationGroups/ApplicationGroupPowershell1?api-version=2025-04-01-preview",
      "Content": "{\r\n  \"location\": \"westus2\",\r\n  \"properties\": {\r\n    \"description\": \"des\",\r\n    \"friendlyName\": \"fri\",\r\n    \"hostPoolArmPath\": \"/subscriptions/6738509d-84ed-4ad6-974a-7dc4e3c34146/resourcegroups/zhongjie-rg-wus/providers/Microsoft.DesktopVirtualization/hostpools/HostPoolPowershellContained1\",\r\n    \"applicationGroupType\": \"Desktop\"\r\n  }\r\n}",
      "isContentBase64": false,
      "Headers": {
      },
      "ContentHeaders": {
        "Content-Type": [ "application/json" ],
        "Content-Length": [ "339" ]
      }
    },
    "Response": {
      "StatusCode": 201,
      "Headers": {
        "Cache-Control": [ "no-cache" ],
        "Pragma": [ "no-cache" ],
        "Location": [ "/subscriptions/6738509d-84ed-4ad6-974a-7dc4e3c34146/resourcegroups/zhongjie-rg-wus/providers/Microsoft.DesktopVirtualization/applicationgroups/ApplicationGroupPowershell1" ],
        "Set-Cookie": [ "ARRAffinity=661c99a4607f0f1509a8fc17a2de09435d1812023412b626924db0f401d0c2a7;Path=/;HttpOnly;Secure;Domain=rdarmprovider-g-us-r0.wvd.microsoft.com", "ARRAffinitySameSite=661c99a4607f0f1509a8fc17a2de09435d1812023412b626924db0f401d0c2a7;Path=/;HttpOnly;SameSite=None;Secure;Domain=rdarmprovider-g-us-r0.wvd.microsoft.com" ],
        "Server": [ "Microsoft-IIS/10.0" ],
        "X-Rate-Limit-Limit": [ "0" ],
        "X-Rate-Limit-Remaining": [ "9223372036854775807" ],
        "X-Rate-Limit-Reset": [ "0" ],
        "x-ms-opsarmpath64": [ "L3N1YnNjcmlwdGlvbnMvNjczODUwOWQtODRlZC00YWQ2LTk3NGEtN2RjNGUzYzM0MTQ2L3Jlc291cmNlR3JvdXBzL3pob25namllLXJnLXd1cy9wcm92aWRlcnMvTWljcm9zb2Z0LkRlc2t0b3BWaXJ0dWFsaXphdGlvbi9hcHBsaWNhdGlvbkdyb3Vwcy9BcHBsaWNhdGlvbkdyb3VwUG93ZXJzaGVsbDE=" ],
        "x-ms-lamport-ts": [ "10114339862" ],
        "x-ms-correlation-id": [ "48aa9a5e-b869-43d6-940c-83b9240b34c3" ],
        "x-ms-request-id": [ "12c5fb1b-ec46-4cf7-beb9-69e4efce8f2a" ],
        "X-Powered-By": [ "ASP.NET" ],
        "X-Content-Type-Options": [ "nosniff" ],
        "x-ms-operation-identifier": [ "tenantId=715492f1-ef6e-4eea-9176-7c81e765c3c8,objectId=1db230a9-e046-46ab-912b-9cea769323a2/japaneast/9983e6b1-fc17-4c25-94a6-a33a496e01d2" ],
        "x-ms-ratelimit-remaining-subscription-writes": [ "195" ],
        "x-ms-ratelimit-remaining-subscription-global-writes": [ "2995" ],
        "x-ms-correlation-request-id": [ "3c3f1c30-0e15-410e-8812-39d66bbab7ff" ],
        "x-ms-routing-request-id": [ "JAPANEAST:20251029T022232Z:3c3f1c30-0e15-410e-8812-39d66bbab7ff" ],
        "Strict-Transport-Security": [ "max-age=31536000; includeSubDomains" ],
        "Date": [ "Wed, 29 Oct 2025 02:22:32 GMT" ]
      },
      "ContentHeaders": {
        "Content-Length": [ "1014" ],
        "Content-Type": [ "application/json; charset=utf-8" ],
        "Expires": [ "-1" ]
      },
      "Content": "{\"name\":\"ApplicationGroupPowershell1\",\"id\":\"/subscriptions/6738509d-84ed-4ad6-974a-7dc4e3c34146/resourcegroups/zhongjie-rg-wus/providers/Microsoft.DesktopVirtualization/applicationgroups/ApplicationGroupPowershell1\",\"type\":\"Microsoft.DesktopVirtualization/applicationgroups\",\"location\":\"westus2\",\"tags\":null,\"kind\":\"Desktop\",\"systemData\":{\"createdBy\":\"zhongjieli@w365runner250520sh01.onmicrosoft.com\",\"createdByType\":\"User\",\"createdAt\":\"2025-10-29T02:22:31.20Z\",\"lastModifiedBy\":\"zhongjieli@w365runner250520sh01.onmicrosoft.com\",\"lastModifiedByType\":\"User\",\"lastModifiedAt\":\"2025-10-29T02:22:31.20Z\"},\"properties\":{\"showInFeed\":null,\"hostPoolArmPath\":\"/subscriptions/6738509d-84ed-4ad6-974a-7dc4e3c34146/resourcegroups/zhongjie-rg-wus/providers/Microsoft.DesktopVirtualization/hostpools/HostPoolPowershellContained1\",\"workspaceArmPath\":null,\"description\":\"des\",\"friendlyName\":\"fri\",\"applicationGroupType\":\"Desktop\",\"migrationRequest\":null,\"cloudPcResource\":false,\"objectId\":\"76b0eafc-e7a9-4e55-9fa4-ce67f9c1cfbc\"}}",
      "isContentBase64": false
    }
  },
  "Get-AzWvdApplicationGroup+[NoContext]+Get+$GET+https://management.azure.com/subscriptions/6738509d-84ed-4ad6-974a-7dc4e3c34146/resourceGroups/zhongjie-rg-wus/providers/Microsoft.DesktopVirtualization/applicationGroups/ApplicationGroupPowershell1?api-version=2025-04-01-preview+3": {
    "Request": {
      "Method": "GET",
      "RequestUri": "https://management.azure.com/subscriptions/6738509d-84ed-4ad6-974a-7dc4e3c34146/resourceGroups/zhongjie-rg-wus/providers/Microsoft.DesktopVirtualization/applicationGroups/ApplicationGroupPowershell1?api-version=2025-04-01-preview",
      "Content": null,
      "isContentBase64": false,
      "Headers": {
        "x-ms-unique-id": [ "55" ],
        "x-ms-client-request-id": [ "0f0f3f0e-a5c0-4c31-afc8-13bff1f56a15" ],
        "CommandName": [ "Get-AzWvdApplicationGroup" ],
        "FullCommandName": [ "Get-AzWvdApplicationGroup_Get" ],
        "ParameterSetName": [ "__AllParameterSets" ],
        "User-Agent": [ "AzurePowershell/v8.2.0", "PSVersion/v7.5.3", "Az.DesktopVirtualization/0.1.0" ],
        "Authorization": [ "[Filtered]" ]
      },
      "ContentHeaders": {
      }
    },
    "Response": {
      "StatusCode": 200,
      "Headers": {
        "Cache-Control": [ "no-cache" ],
        "Pragma": [ "no-cache" ],
        "Vary": [ "Accept-Encoding" ],
        "Set-Cookie": [ "ARRAffinity=ef9bdbeebd9e8fd1c371cb72cf507422b060ba0c9a7456117efdf038b6c44eb6;Path=/;HttpOnly;Secure;Domain=rdarmprovider-g-us-r0.wvd.microsoft.com", "ARRAffinitySameSite=ef9bdbeebd9e8fd1c371cb72cf507422b060ba0c9a7456117efdf038b6c44eb6;Path=/;HttpOnly;SameSite=None;Secure;Domain=rdarmprovider-g-us-r0.wvd.microsoft.com" ],
        "Server": [ "Microsoft-IIS/10.0" ],
        "x-ms-ratelimit-remaining-subscription-reads": [ "249" ],
        "X-Rate-Limit-Limit": [ "0" ],
        "X-Rate-Limit-Remaining": [ "9223372036854775807" ],
        "X-Rate-Limit-Reset": [ "0" ],
        "x-ms-opsarmpath64": [ "L3N1YnNjcmlwdGlvbnMvNjczODUwOWQtODRlZC00YWQ2LTk3NGEtN2RjNGUzYzM0MTQ2L3Jlc291cmNlR3JvdXBzL3pob25namllLXJnLXd1cy9wcm92aWRlcnMvTWljcm9zb2Z0LkRlc2t0b3BWaXJ0dWFsaXphdGlvbi9hcHBsaWNhdGlvbkdyb3Vwcy9BcHBsaWNhdGlvbkdyb3VwUG93ZXJzaGVsbDE=" ],
        "x-ms-lamport-ts": [ "10114338951" ],
        "x-ms-correlation-id": [ "e0b8974e-8fea-45b7-b4e7-606b827d8131" ],
        "x-ms-request-id": [ "0f0f3f0e-a5c0-4c31-afc8-13bff1f56a15" ],
        "X-Powered-By": [ "ASP.NET" ],
        "X-Content-Type-Options": [ "nosniff" ],
        "x-ms-ratelimit-remaining-subscription-global-reads": [ "3749" ],
        "x-ms-correlation-request-id": [ "74833472-8126-47cd-bef7-320934990845" ],
        "x-ms-routing-request-id": [ "JAPANEAST:20251029T022233Z:74833472-8126-47cd-bef7-320934990845" ],
        "Strict-Transport-Security": [ "max-age=31536000; includeSubDomains" ],
        "Date": [ "Wed, 29 Oct 2025 02:22:32 GMT" ]
      },
      "ContentHeaders": {
        "Content-Length": [ "1014" ],
        "Content-Type": [ "application/json; charset=utf-8" ],
        "Expires": [ "-1" ]
      },
      "Content": "{\"name\":\"ApplicationGroupPowershell1\",\"id\":\"/subscriptions/6738509d-84ed-4ad6-974a-7dc4e3c34146/resourcegroups/zhongjie-rg-wus/providers/Microsoft.DesktopVirtualization/applicationgroups/ApplicationGroupPowershell1\",\"type\":\"Microsoft.DesktopVirtualization/applicationgroups\",\"location\":\"westus2\",\"tags\":null,\"kind\":\"Desktop\",\"systemData\":{\"createdBy\":\"zhongjieli@w365runner250520sh01.onmicrosoft.com\",\"createdByType\":\"User\",\"createdAt\":\"2025-10-29T02:22:31.20Z\",\"lastModifiedBy\":\"zhongjieli@w365runner250520sh01.onmicrosoft.com\",\"lastModifiedByType\":\"User\",\"lastModifiedAt\":\"2025-10-29T02:22:31.20Z\"},\"properties\":{\"showInFeed\":null,\"hostPoolArmPath\":\"/subscriptions/6738509d-84ed-4ad6-974a-7dc4e3c34146/resourcegroups/zhongjie-rg-wus/providers/Microsoft.DesktopVirtualization/hostpools/HostPoolPowershellContained1\",\"workspaceArmPath\":null,\"description\":\"des\",\"friendlyName\":\"fri\",\"applicationGroupType\":\"Desktop\",\"migrationRequest\":null,\"cloudPcResource\":false,\"objectId\":\"76b0eafc-e7a9-4e55-9fa4-ce67f9c1cfbc\"}}",
      "isContentBase64": false
    }
  },
  "Get-AzWvdApplicationGroup+[NoContext]+Get+$DELETE+https://management.azure.com/subscriptions/6738509d-84ed-4ad6-974a-7dc4e3c34146/resourceGroups/zhongjie-rg-wus/providers/Microsoft.DesktopVirtualization/applicationGroups/ApplicationGroupPowershell1?api-version=2025-04-01-preview+4": {
    "Request": {
      "Method": "DELETE",
      "RequestUri": "https://management.azure.com/subscriptions/6738509d-84ed-4ad6-974a-7dc4e3c34146/resourceGroups/zhongjie-rg-wus/providers/Microsoft.DesktopVirtualization/applicationGroups/ApplicationGroupPowershell1?api-version=2025-04-01-preview",
      "Content": null,
      "isContentBase64": false,
      "Headers": {
        "x-ms-unique-id": [ "56" ],
        "x-ms-client-request-id": [ "c82958f2-fbb1-462e-9b76-c834b964d20a" ],
        "CommandName": [ "Remove-AzWvdApplicationGroup" ],
        "FullCommandName": [ "Remove-AzWvdApplicationGroup_Delete" ],
        "ParameterSetName": [ "__AllParameterSets" ],
        "User-Agent": [ "AzurePowershell/v8.2.0", "PSVersion/v7.5.3", "Az.DesktopVirtualization/0.1.0" ],
        "Authorization": [ "[Filtered]" ]
      },
      "ContentHeaders": {
      }
    },
    "Response": {
      "StatusCode": 200,
      "Headers": {
        "Cache-Control": [ "no-cache" ],
        "Pragma": [ "no-cache" ],
        "Vary": [ "Accept-Encoding" ],
        "Set-Cookie": [ "ARRAffinity=57e795ac3cef8931649c13ca7a5c1a198ee489be7c635bb6f31a7e1aefb39eec;Path=/;HttpOnly;Secure;Domain=rdarmprovider-g-us-r0.wvd.microsoft.com", "ARRAffinitySameSite=57e795ac3cef8931649c13ca7a5c1a198ee489be7c635bb6f31a7e1aefb39eec;Path=/;HttpOnly;SameSite=None;Secure;Domain=rdarmprovider-g-us-r0.wvd.microsoft.com" ],
        "Server": [ "Microsoft-IIS/10.0" ],
        "x-ms-operation-identifier": [ "tenantId=715492f1-ef6e-4eea-9176-7c81e765c3c8,objectId=1db230a9-e046-46ab-912b-9cea769323a2/japaneast/77ed046f-e392-4741-9cfd-5bb31601b58b" ],
        "X-Rate-Limit-Limit": [ "0" ],
        "X-Rate-Limit-Remaining": [ "9223372036854775807" ],
        "X-Rate-Limit-Reset": [ "0" ],
        "x-ms-opsarmpath64": [ "L3N1YnNjcmlwdGlvbnMvNjczODUwOWQtODRlZC00YWQ2LTk3NGEtN2RjNGUzYzM0MTQ2L3Jlc291cmNlR3JvdXBzL3pob25namllLXJnLXd1cy9wcm92aWRlcnMvTWljcm9zb2Z0LkRlc2t0b3BWaXJ0dWFsaXphdGlvbi9hcHBsaWNhdGlvbkdyb3Vwcy9BcHBsaWNhdGlvbkdyb3VwUG93ZXJzaGVsbDE=" ],
        "x-ms-lamport-ts": [ "10114340082" ],
        "x-ms-correlation-id": [ "514ef84a-e6c3-4bd6-aa14-1fbbb6b51559" ],
        "x-ms-request-id": [ "c82958f2-fbb1-462e-9b76-c834b964d20a" ],
        "X-Powered-By": [ "ASP.NET" ],
        "X-Content-Type-Options": [ "nosniff" ],
        "x-ms-ratelimit-remaining-subscription-deletes": [ "194" ],
        "x-ms-ratelimit-remaining-subscription-global-deletes": [ "2994" ],
        "x-ms-correlation-request-id": [ "10ba02f2-4656-4c0d-86f6-64b3b40acb62" ],
        "x-ms-routing-request-id": [ "JAPANEAST:20251029T022235Z:10ba02f2-4656-4c0d-86f6-64b3b40acb62" ],
        "Strict-Transport-Security": [ "max-age=31536000; includeSubDomains" ],
        "Date": [ "Wed, 29 Oct 2025 02:22:34 GMT" ]
      },
      "ContentHeaders": {
        "Content-Length": [ "1014" ],
        "Content-Type": [ "application/json; charset=utf-8" ],
        "Expires": [ "-1" ]
      },
      "Content": "{\"name\":\"ApplicationGroupPowershell1\",\"id\":\"/subscriptions/6738509d-84ed-4ad6-974a-7dc4e3c34146/resourcegroups/zhongjie-rg-wus/providers/Microsoft.DesktopVirtualization/applicationgroups/ApplicationGroupPowershell1\",\"type\":\"Microsoft.DesktopVirtualization/applicationgroups\",\"location\":\"westus2\",\"tags\":null,\"kind\":\"Desktop\",\"systemData\":{\"createdBy\":\"zhongjieli@w365runner250520sh01.onmicrosoft.com\",\"createdByType\":\"User\",\"createdAt\":\"2025-10-29T02:22:31.20Z\",\"lastModifiedBy\":\"zhongjieli@w365runner250520sh01.onmicrosoft.com\",\"lastModifiedByType\":\"User\",\"lastModifiedAt\":\"2025-10-29T02:22:31.20Z\"},\"properties\":{\"showInFeed\":null,\"hostPoolArmPath\":\"/subscriptions/6738509d-84ed-4ad6-974a-7dc4e3c34146/resourcegroups/zhongjie-rg-wus/providers/Microsoft.DesktopVirtualization/hostpools/HostPoolPowershellContained1\",\"workspaceArmPath\":null,\"description\":\"des\",\"friendlyName\":\"fri\",\"applicationGroupType\":\"Desktop\",\"migrationRequest\":null,\"cloudPcResource\":false,\"objectId\":\"76b0eafc-e7a9-4e55-9fa4-ce67f9c1cfbc\"}}",
      "isContentBase64": false
    }
  },
  "Get-AzWvdApplicationGroup+[NoContext]+Get+$DELETE+https://management.azure.com/subscriptions/6738509d-84ed-4ad6-974a-7dc4e3c34146/resourceGroups/zhongjie-rg-wus/providers/Microsoft.DesktopVirtualization/applicationGroups/ApplicationGroupPowershell2?api-version=2025-04-01-preview+5": {
    "Request": {
      "Method": "DELETE",
      "RequestUri": "https://management.azure.com/subscriptions/6738509d-84ed-4ad6-974a-7dc4e3c34146/resourceGroups/zhongjie-rg-wus/providers/Microsoft.DesktopVirtualization/applicationGroups/ApplicationGroupPowershell2?api-version=2025-04-01-preview",
      "Content": null,
      "isContentBase64": false,
      "Headers": {
        "x-ms-unique-id": [ "57" ],
        "x-ms-client-request-id": [ "b991c1af-3157-4a82-a813-046eee39cfa8" ],
        "CommandName": [ "Remove-AzWvdApplicationGroup" ],
        "FullCommandName": [ "Remove-AzWvdApplicationGroup_Delete" ],
        "ParameterSetName": [ "__AllParameterSets" ],
        "User-Agent": [ "AzurePowershell/v8.2.0", "PSVersion/v7.5.3", "Az.DesktopVirtualization/0.1.0" ],
        "Authorization": [ "[Filtered]" ]
      },
      "ContentHeaders": {
      }
    },
    "Response": {
      "StatusCode": 204,
      "Headers": {
        "Cache-Control": [ "no-cache" ],
        "Pragma": [ "no-cache" ],
        "x-ms-ratelimit-remaining-subscription-deletes": [ "193" ],
        "x-ms-ratelimit-remaining-subscription-global-deletes": [ "2993" ],
        "x-ms-request-id": [ "40c96ce9-139a-4d94-87d6-79182cc02c49" ],
        "x-ms-correlation-request-id": [ "40c96ce9-139a-4d94-87d6-79182cc02c49" ],
        "x-ms-routing-request-id": [ "JAPANEAST:20251029T022235Z:40c96ce9-139a-4d94-87d6-79182cc02c49" ],
        "Strict-Transport-Security": [ "max-age=31536000; includeSubDomains" ],
        "X-Content-Type-Options": [ "nosniff" ],
        "Date": [ "Wed, 29 Oct 2025 02:22:35 GMT" ]
      },
      "ContentHeaders": {
        "Expires": [ "-1" ]
      },
      "Content": null,
      "isContentBase64": false
    }
  },
  "Get-AzWvdApplicationGroup+[NoContext]+Get+$DELETE+https://management.azure.com/subscriptions/6738509d-84ed-4ad6-974a-7dc4e3c34146/resourceGroups/zhongjie-rg-wus/providers/Microsoft.DesktopVirtualization/hostPools/HostPool?api-version=2025-04-01-preview+6": {
    "Request": {
      "Method": "DELETE",
      "RequestUri": "https://management.azure.com/subscriptions/6738509d-84ed-4ad6-974a-7dc4e3c34146/resourceGroups/zhongjie-rg-wus/providers/Microsoft.DesktopVirtualization/hostPools/HostPool?api-version=2025-04-01-preview",
      "Content": null,
      "isContentBase64": false,
      "Headers": {
        "x-ms-unique-id": [ "58" ],
        "x-ms-client-request-id": [ "558c9a32-6607-4136-8c10-e2babc4d30d7" ],
        "CommandName": [ "Remove-AzWvdHostPool" ],
        "FullCommandName": [ "Remove-AzWvdHostPool_Delete" ],
        "ParameterSetName": [ "__AllParameterSets" ],
        "User-Agent": [ "AzurePowershell/v8.2.0", "PSVersion/v7.5.3", "Az.DesktopVirtualization/0.1.0" ],
        "Authorization": [ "[Filtered]" ]
      },
      "ContentHeaders": {
      }
    },
    "Response": {
      "StatusCode": 204,
      "Headers": {
        "Cache-Control": [ "no-cache" ],
        "Pragma": [ "no-cache" ],
        "x-ms-ratelimit-remaining-subscription-deletes": [ "192" ],
        "x-ms-ratelimit-remaining-subscription-global-deletes": [ "2992" ],
        "x-ms-request-id": [ "9df6e5a8-c1d9-40ce-bea6-7835dfbbd59f" ],
        "x-ms-correlation-request-id": [ "9df6e5a8-c1d9-40ce-bea6-7835dfbbd59f" ],
        "x-ms-routing-request-id": [ "JAPANEAST:20251029T022236Z:9df6e5a8-c1d9-40ce-bea6-7835dfbbd59f" ],
        "Strict-Transport-Security": [ "max-age=31536000; includeSubDomains" ],
        "X-Content-Type-Options": [ "nosniff" ],
        "Date": [ "Wed, 29 Oct 2025 02:22:35 GMT" ]
      },
      "ContentHeaders": {
        "Expires": [ "-1" ]
      },
      "Content": null,
      "isContentBase64": false
    }
  },
  "Get-AzWvdApplicationGroup+[NoContext]+List+$PUT+https://management.azure.com/subscriptions/6738509d-84ed-4ad6-974a-7dc4e3c34146/resourceGroups/zhongjie-rg-wus/providers/Microsoft.DesktopVirtualization/hostPools/HostPoolPowershellContained1?api-version=2025-04-01-preview+1": {
    "Request": {
      "Method": "PUT",
      "RequestUri": "https://management.azure.com/subscriptions/6738509d-84ed-4ad6-974a-7dc4e3c34146/resourceGroups/zhongjie-rg-wus/providers/Microsoft.DesktopVirtualization/hostPools/HostPoolPowershellContained1?api-version=2025-04-01-preview",
      "Content": "{\r\n  \"location\": \"westus2\",\r\n  \"properties\": {\r\n    \"registrationInfo\": {\r\n      \"expirationTime\": \"2025-10-30T10:22:36.0807656+08:00\",\r\n      \"registrationTokenOperation\": \"Update\"\r\n    },\r\n    \"friendlyName\": \"fri\",\r\n    \"description\": \"des\",\r\n    \"hostPoolType\": \"Shared\",\r\n    \"customRdpProperty\": \"\",\r\n    \"maxSessionLimit\": 5,\r\n    \"loadBalancerType\": \"DepthFirst\",\r\n    \"ring\": 0,\r\n    \"validationEnvironment\": false,\r\n    \"vmTemplate\": \"\",\r\n    \"preferredAppGroupType\": \"Desktop\",\r\n    \"managementType\": \"Standard\"\r\n  }\r\n}",
      "isContentBase64": false,
      "Headers": {
      },
      "ContentHeaders": {
        "Content-Type": [ "application/json" ],
        "Content-Length": [ "530" ]
      }
    },
    "Response": {
      "StatusCode": 200,
      "Headers": {
        "Cache-Control": [ "no-cache" ],
        "Pragma": [ "no-cache" ],
        "Vary": [ "Accept-Encoding" ],
        "Set-Cookie": [ "ARRAffinity=b93345dc5e5a7f8e1da616a54f07d1c29116f985c6d6c7cd4d4c8789bc1d3f68;Path=/;HttpOnly;Secure;Domain=rdarmprovider-g-us-r0.wvd.microsoft.com", "ARRAffinitySameSite=b93345dc5e5a7f8e1da616a54f07d1c29116f985c6d6c7cd4d4c8789bc1d3f68;Path=/;HttpOnly;SameSite=None;Secure;Domain=rdarmprovider-g-us-r0.wvd.microsoft.com" ],
        "Server": [ "Microsoft-IIS/10.0" ],
        "x-ms-operation-identifier": [ "tenantId=715492f1-ef6e-4eea-9176-7c81e765c3c8,objectId=1db230a9-e046-46ab-912b-9cea769323a2/japaneast/8af3b9de-546b-4fdd-a8bf-41ec4134582b" ],
        "X-Rate-Limit-Limit": [ "0" ],
        "X-Rate-Limit-Remaining": [ "9223372036854775807" ],
        "X-Rate-Limit-Reset": [ "0" ],
        "x-ms-opsarmpath64": [ "L3N1YnNjcmlwdGlvbnMvNjczODUwOWQtODRlZC00YWQ2LTk3NGEtN2RjNGUzYzM0MTQ2L3Jlc291cmNlR3JvdXBzL3pob25namllLXJnLXd1cy9wcm92aWRlcnMvTWljcm9zb2Z0LkRlc2t0b3BWaXJ0dWFsaXphdGlvbi9ob3N0UG9vbHMvSG9zdFBvb2xQb3dlcnNoZWxsQ29udGFpbmVkMQ==" ],
        "x-ms-lamport-ts": [ "10114338836" ],
        "x-ms-correlation-id": [ "eff9a641-f3fa-498f-93d8-1fd88f2e298b" ],
        "x-ms-request-id": [ "d0254749-c0f5-450d-8110-99c6ff699f2c" ],
        "X-Powered-By": [ "ASP.NET" ],
        "X-Content-Type-Options": [ "nosniff" ],
        "x-ms-ratelimit-remaining-subscription-writes": [ "195" ],
        "x-ms-ratelimit-remaining-subscription-global-writes": [ "2995" ],
        "x-ms-correlation-request-id": [ "4cce5dfc-d17c-48ed-9ca0-ee0b40842947" ],
        "x-ms-routing-request-id": [ "JAPANEAST:20251029T022237Z:4cce5dfc-d17c-48ed-9ca0-ee0b40842947" ],
        "Strict-Transport-Security": [ "max-age=31536000; includeSubDomains" ],
        "Date": [ "Wed, 29 Oct 2025 02:22:37 GMT" ]
      },
      "ContentHeaders": {
        "Content-Length": [ "3008" ],
        "Content-Type": [ "application/json; charset=utf-8" ],
        "Expires": [ "-1" ]
      },
      "Content": "{\"identity\":{\"type\":\"None\",\"tenantId\":null,\"principalId\":null},\"name\":\"HostPoolPowershellContained1\",\"id\":\"/subscriptions/6738509d-84ed-4ad6-974a-7dc4e3c34146/resourcegroups/zhongjie-rg-wus/providers/Microsoft.DesktopVirtualization/hostpools/HostPoolPowershellContained1\",\"type\":\"Microsoft.DesktopVirtualization/hostpools\",\"location\":\"westus2\",\"tags\":null,\"kind\":null,\"systemData\":{\"createdBy\":\"zhongjieli@w365runner250520sh01.onmicrosoft.com\",\"createdByType\":\"User\",\"createdAt\":\"2025-10-29T02:22:29.01Z\",\"lastModifiedBy\":\"zhongjieli@w365runner250520sh01.onmicrosoft.com\",\"lastModifiedByType\":\"User\",\"lastModifiedAt\":\"2025-10-29T02:22:36.89Z\"},\"properties\":{\"managedPrivateUDP\":\"Default\",\"directUDP\":\"Default\",\"publicUDP\":\"Default\",\"relayUDP\":\"Default\",\"managementType\":\"Standard\",\"appAttachPackageReferences\":[],\"agentUpdate\":null,\"privateEndpointConnections\":null,\"publicNetworkAccess\":\"Enabled\",\"friendlyName\":\"fri\",\"description\":\"des\",\"hostPoolType\":\"Pooled\",\"personalDesktopAssignmentType\":null,\"applicationGroupReferences\":[],\"customRdpProperty\":\"\",\"maxSessionLimit\":5,\"loadBalancerType\":\"DepthFirst\",\"validationEnvironment\":false,\"ring\":1,\"registrationInfo\":{\"expirationTime\":\"2025-10-30T02:22:36.0807656+00:00\",\"token\":\"eyJhbGciOiJSUzI1NiIsImtpZCI6Ijk0RDQxQUY3MjUyMDFDQzg2MDcwRDQwODI1MkQzMzk2OUEyOEQ0RTciLCJ0eXAiOiJKV1QifQ.eyJSZWdpc3RyYXRpb25JZCI6IjIyNDE4M2EyLWY5ZDQtNDQ5OS05MmVjLTFlYjFkOWNmNWQwMiIsIkJyb2tlclVyaSI6Imh0dHBzOi8vcmRicm9rZXItZy11cy1yMS53dmQubWljcm9zb2Z0LmNvbS8iLCJEaWFnbm9zdGljc1VyaSI6Imh0dHBzOi8vcmRkaWFnbm9zdGljcy1nLXVzLXIxLnd2ZC5taWNyb3NvZnQuY29tLyIsIkVuZHBvaW50UG9vbElkIjoiOTU5NzFiMmQtY2QwYS00YTQwLWEzNjEtYTY3ZmFlNTY0NDJhIiwiR2xvYmFsQnJva2VyVXJpIjoiaHR0cHM6Ly9yZGJyb2tlci53dmQubWljcm9zb2Z0LmNvbS8iLCJHZW9ncmFwaHkiOiJVUyIsIkdsb2JhbEJyb2tlclJlc291cmNlSWRVcmkiOiJodHRwczovLzk1OTcxYjJkLWNkMGEtNGE0MC1hMzYxLWE2N2ZhZTU2NDQyYS5yZGJyb2tlci53dmQubWljcm9zb2Z0LmNvbS8iLCJCcm9rZXJSZXNvdXJjZUlkVXJpIjoiaHR0cHM6Ly85NTk3MWIyZC1jZDBhLTRhNDAtYTM2MS1hNjdmYWU1NjQ0MmEucmRicm9rZXItZy11cy1yMS53dmQubWljcm9zb2Z0LmNvbS8iLCJEaWFnbm9zdGljc1Jlc291cmNlSWRVcmkiOiJodHRwczovLzk1OTcxYjJkLWNkMGEtNGE0MC1hMzYxLWE2N2ZhZTU2NDQyYS5yZGRpYWdub3N0aWNzLWctdXMtcjEud3ZkLm1pY3Jvc29mdC5jb20vIiwiQUFEVGVuYW50SWQiOiI3MTU0OTJmMS1lZjZlLTRlZWEtOTE3Ni03YzgxZTc2NWMzYzgiLCJuYmYiOjE3NjE3MDQ1NTcsImV4cCI6MTc2MTc5MDk1NiwiaXNzIjoiUkRJbmZyYVRva2VuTWFuYWdlciIsImF1ZCI6IlJEbWkifQ.icyThr6L0UNOMqlZjZZVgb4ZrT-buqsruW5Q6o66wAAk21TaxjDVqjCzVUTtuHpjTO1Y2mZzcjpVGNFlTtm4Wv1e_Fp7W8X0HMadcVlk8CyFkBSBLmNT81gJSmTy3luPi20_-T2De5eofv0pfEjK3LSgk3AO2CixuQKG57Q_K5ZEZOxUIw5iqN0NPHIELltpTg-b78BZF2EdgH1G4P18YCtsaHw-flREv-uy9E17FGLibs0VEMf1dpgsjweHVeKsluxTmWWh0ERIupbO-FGqJTbvgddzMaVDo-sWlY_OIfOfYJaugjI6tgl0xXN6AW-IfaVdqHGdP7BWCE3xM8_QyA\",\"registrationTokenOperation\":\"Update\"},\"vmTemplate\":null,\"preferredAppGroupType\":\"Desktop\",\"migrationRequest\":null,\"cloudPcResource\":false,\"startVMOnConnect\":false,\"ssoadfsAuthority\":null,\"ssoClientId\":null,\"ssoClientSecretKeyVaultPath\":null,\"ssoSecretType\":null,\"objectId\":\"95971b2d-cd0a-4a40-a361-a67fae56442a\"}}",
      "isContentBase64": false
    }
  },
  "Get-AzWvdApplicationGroup+[NoContext]+List+$PUT+https://management.azure.com/subscriptions/6738509d-84ed-4ad6-974a-7dc4e3c34146/resourceGroups/zhongjie-rg-wus/providers/Microsoft.DesktopVirtualization/applicationGroups/ApplicationGroupPowershell1?api-version=2025-04-01-preview+2": {
    "Request": {
      "Method": "PUT",
      "RequestUri": "https://management.azure.com/subscriptions/6738509d-84ed-4ad6-974a-7dc4e3c34146/resourceGroups/zhongjie-rg-wus/providers/Microsoft.DesktopVirtualization/applicationGroups/ApplicationGroupPowershell1?api-version=2025-04-01-preview",
      "Content": "{\r\n  \"location\": \"westus2\",\r\n  \"properties\": {\r\n    \"description\": \"des\",\r\n    \"friendlyName\": \"fri\",\r\n    \"hostPoolArmPath\": \"/subscriptions/6738509d-84ed-4ad6-974a-7dc4e3c34146/resourcegroups/zhongjie-rg-wus/providers/Microsoft.DesktopVirtualization/hostpools/HostPoolPowershellContained1\",\r\n    \"applicationGroupType\": \"Desktop\"\r\n  }\r\n}",
      "isContentBase64": false,
      "Headers": {
      },
      "ContentHeaders": {
        "Content-Type": [ "application/json" ],
        "Content-Length": [ "339" ]
      }
    },
    "Response": {
      "StatusCode": 201,
      "Headers": {
        "Cache-Control": [ "no-cache" ],
        "Pragma": [ "no-cache" ],
        "Location": [ "/subscriptions/6738509d-84ed-4ad6-974a-7dc4e3c34146/resourcegroups/zhongjie-rg-wus/providers/Microsoft.DesktopVirtualization/applicationgroups/ApplicationGroupPowershell1" ],
        "Set-Cookie": [ "ARRAffinity=002717a29815ff744b05157baa9d789df3b9d7d103205437d23e4b6d5ec59051;Path=/;HttpOnly;Secure;Domain=rdarmprovider-g-us-r0.wvd.microsoft.com", "ARRAffinitySameSite=002717a29815ff744b05157baa9d789df3b9d7d103205437d23e4b6d5ec59051;Path=/;HttpOnly;SameSite=None;Secure;Domain=rdarmprovider-g-us-r0.wvd.microsoft.com" ],
        "Server": [ "Microsoft-IIS/10.0" ],
        "X-Rate-Limit-Limit": [ "0" ],
        "X-Rate-Limit-Remaining": [ "9223372036854775807" ],
        "X-Rate-Limit-Reset": [ "0" ],
        "x-ms-opsarmpath64": [ "L3N1YnNjcmlwdGlvbnMvNjczODUwOWQtODRlZC00YWQ2LTk3NGEtN2RjNGUzYzM0MTQ2L3Jlc291cmNlR3JvdXBzL3pob25namllLXJnLXd1cy9wcm92aWRlcnMvTWljcm9zb2Z0LkRlc2t0b3BWaXJ0dWFsaXphdGlvbi9hcHBsaWNhdGlvbkdyb3Vwcy9BcHBsaWNhdGlvbkdyb3VwUG93ZXJzaGVsbDE=" ],
        "x-ms-lamport-ts": [ "10114340346" ],
        "x-ms-correlation-id": [ "e9088b30-7960-4eb6-a9d4-257d4a41feea" ],
        "x-ms-request-id": [ "a0ab9ca5-9ccc-45c2-aed1-e841104d4ad7" ],
        "X-Powered-By": [ "ASP.NET" ],
        "X-Content-Type-Options": [ "nosniff" ],
        "x-ms-operation-identifier": [ "tenantId=715492f1-ef6e-4eea-9176-7c81e765c3c8,objectId=1db230a9-e046-46ab-912b-9cea769323a2/japaneast/1fda38ec-c77d-492f-ae02-f39f093683a4" ],
        "x-ms-ratelimit-remaining-subscription-writes": [ "196" ],
        "x-ms-ratelimit-remaining-subscription-global-writes": [ "2996" ],
        "x-ms-correlation-request-id": [ "29e26cbc-d97d-4561-b72a-342cbe2aa366" ],
        "x-ms-routing-request-id": [ "JAPANEAST:20251029T022239Z:29e26cbc-d97d-4561-b72a-342cbe2aa366" ],
        "Strict-Transport-Security": [ "max-age=31536000; includeSubDomains" ],
        "Date": [ "Wed, 29 Oct 2025 02:22:39 GMT" ]
      },
      "ContentHeaders": {
        "Content-Length": [ "1014" ],
        "Content-Type": [ "application/json; charset=utf-8" ],
        "Expires": [ "-1" ]
      },
      "Content": "{\"name\":\"ApplicationGroupPowershell1\",\"id\":\"/subscriptions/6738509d-84ed-4ad6-974a-7dc4e3c34146/resourcegroups/zhongjie-rg-wus/providers/Microsoft.DesktopVirtualization/applicationgroups/ApplicationGroupPowershell1\",\"type\":\"Microsoft.DesktopVirtualization/applicationgroups\",\"location\":\"westus2\",\"tags\":null,\"kind\":\"Desktop\",\"systemData\":{\"createdBy\":\"zhongjieli@w365runner250520sh01.onmicrosoft.com\",\"createdByType\":\"User\",\"createdAt\":\"2025-10-29T02:22:38.86Z\",\"lastModifiedBy\":\"zhongjieli@w365runner250520sh01.onmicrosoft.com\",\"lastModifiedByType\":\"User\",\"lastModifiedAt\":\"2025-10-29T02:22:38.86Z\"},\"properties\":{\"showInFeed\":null,\"hostPoolArmPath\":\"/subscriptions/6738509d-84ed-4ad6-974a-7dc4e3c34146/resourcegroups/zhongjie-rg-wus/providers/Microsoft.DesktopVirtualization/hostpools/HostPoolPowershellContained1\",\"workspaceArmPath\":null,\"description\":\"des\",\"friendlyName\":\"fri\",\"applicationGroupType\":\"Desktop\",\"migrationRequest\":null,\"cloudPcResource\":false,\"objectId\":\"ffabd233-6445-44f5-8d09-3101effddc1d\"}}",
      "isContentBase64": false
    }
  },
  "Get-AzWvdApplicationGroup+[NoContext]+List+$PUT+https://management.azure.com/subscriptions/6738509d-84ed-4ad6-974a-7dc4e3c34146/resourceGroups/zhongjie-rg-wus/providers/Microsoft.DesktopVirtualization/applicationGroups/ApplicationGroupPowershell2?api-version=2025-04-01-preview+3": {
    "Request": {
      "Method": "PUT",
      "RequestUri": "https://management.azure.com/subscriptions/6738509d-84ed-4ad6-974a-7dc4e3c34146/resourceGroups/zhongjie-rg-wus/providers/Microsoft.DesktopVirtualization/applicationGroups/ApplicationGroupPowershell2?api-version=2025-04-01-preview",
      "Content": "{\r\n  \"location\": \"westus2\",\r\n  \"properties\": {\r\n    \"description\": \"des\",\r\n    \"friendlyName\": \"fri\",\r\n    \"hostPoolArmPath\": \"/subscriptions/6738509d-84ed-4ad6-974a-7dc4e3c34146/resourcegroups/zhongjie-rg-wus/providers/Microsoft.DesktopVirtualization/hostpools/HostPoolPowershellContained1\",\r\n    \"applicationGroupType\": \"RemoteApp\"\r\n  }\r\n}",
      "isContentBase64": false,
      "Headers": {
      },
      "ContentHeaders": {
        "Content-Type": [ "application/json" ],
        "Content-Length": [ "341" ]
      }
    },
    "Response": {
      "StatusCode": 201,
      "Headers": {
        "Cache-Control": [ "no-cache" ],
        "Pragma": [ "no-cache" ],
        "Location": [ "/subscriptions/6738509d-84ed-4ad6-974a-7dc4e3c34146/resourcegroups/zhongjie-rg-wus/providers/Microsoft.DesktopVirtualization/applicationgroups/ApplicationGroupPowershell2" ],
        "Set-Cookie": [ "ARRAffinity=ef9bdbeebd9e8fd1c371cb72cf507422b060ba0c9a7456117efdf038b6c44eb6;Path=/;HttpOnly;Secure;Domain=rdarmprovider-g-us-r0.wvd.microsoft.com", "ARRAffinitySameSite=ef9bdbeebd9e8fd1c371cb72cf507422b060ba0c9a7456117efdf038b6c44eb6;Path=/;HttpOnly;SameSite=None;Secure;Domain=rdarmprovider-g-us-r0.wvd.microsoft.com" ],
        "Server": [ "Microsoft-IIS/10.0" ],
        "X-Rate-Limit-Limit": [ "0" ],
        "X-Rate-Limit-Remaining": [ "9223372036854775807" ],
        "X-Rate-Limit-Reset": [ "0" ],
        "x-ms-opsarmpath64": [ "L3N1YnNjcmlwdGlvbnMvNjczODUwOWQtODRlZC00YWQ2LTk3NGEtN2RjNGUzYzM0MTQ2L3Jlc291cmNlR3JvdXBzL3pob25namllLXJnLXd1cy9wcm92aWRlcnMvTWljcm9zb2Z0LkRlc2t0b3BWaXJ0dWFsaXphdGlvbi9hcHBsaWNhdGlvbkdyb3Vwcy9BcHBsaWNhdGlvbkdyb3VwUG93ZXJzaGVsbDI=" ],
        "x-ms-lamport-ts": [ "10114339252" ],
        "x-ms-correlation-id": [ "1ecbae53-3b5b-401f-b59d-3397111a6767" ],
        "x-ms-request-id": [ "71e3e2be-fe42-42b2-b08e-59063b21ff02" ],
        "X-Powered-By": [ "ASP.NET" ],
        "X-Content-Type-Options": [ "nosniff" ],
        "x-ms-operation-identifier": [ "tenantId=715492f1-ef6e-4eea-9176-7c81e765c3c8,objectId=1db230a9-e046-46ab-912b-9cea769323a2/japaneast/f1e35dc0-8efc-429e-bcce-2c5eb0c550c9" ],
        "x-ms-ratelimit-remaining-subscription-writes": [ "195" ],
        "x-ms-ratelimit-remaining-subscription-global-writes": [ "2995" ],
        "x-ms-correlation-request-id": [ "c0a6c17f-fac5-49b8-a6bb-0652a4a0cc78" ],
        "x-ms-routing-request-id": [ "JAPANEAST:20251029T022241Z:c0a6c17f-fac5-49b8-a6bb-0652a4a0cc78" ],
        "Strict-Transport-Security": [ "max-age=31536000; includeSubDomains" ],
        "Date": [ "Wed, 29 Oct 2025 02:22:41 GMT" ]
      },
      "ContentHeaders": {
        "Content-Length": [ "1018" ],
        "Content-Type": [ "application/json; charset=utf-8" ],
        "Expires": [ "-1" ]
      },
      "Content": "{\"name\":\"ApplicationGroupPowershell2\",\"id\":\"/subscriptions/6738509d-84ed-4ad6-974a-7dc4e3c34146/resourcegroups/zhongjie-rg-wus/providers/Microsoft.DesktopVirtualization/applicationgroups/ApplicationGroupPowershell2\",\"type\":\"Microsoft.DesktopVirtualization/applicationgroups\",\"location\":\"westus2\",\"tags\":null,\"kind\":\"RemoteApp\",\"systemData\":{\"createdBy\":\"zhongjieli@w365runner250520sh01.onmicrosoft.com\",\"createdByType\":\"User\",\"createdAt\":\"2025-10-29T02:22:40.86Z\",\"lastModifiedBy\":\"zhongjieli@w365runner250520sh01.onmicrosoft.com\",\"lastModifiedByType\":\"User\",\"lastModifiedAt\":\"2025-10-29T02:22:40.86Z\"},\"properties\":{\"showInFeed\":null,\"hostPoolArmPath\":\"/subscriptions/6738509d-84ed-4ad6-974a-7dc4e3c34146/resourcegroups/zhongjie-rg-wus/providers/Microsoft.DesktopVirtualization/hostpools/HostPoolPowershellContained1\",\"workspaceArmPath\":null,\"description\":\"des\",\"friendlyName\":\"fri\",\"applicationGroupType\":\"RemoteApp\",\"migrationRequest\":null,\"cloudPcResource\":false,\"objectId\":\"a64da55a-24d8-4d74-8f22-0fe974c2ee34\"}}",
      "isContentBase64": false
    }
  },
  "Get-AzWvdApplicationGroup+[NoContext]+List+$GET+https://management.azure.com/subscriptions/6738509d-84ed-4ad6-974a-7dc4e3c34146/resourceGroups/zhongjie-rg-wus/providers/Microsoft.DesktopVirtualization/applicationGroups?api-version=2025-04-01-preview+4": {
    "Request": {
      "Method": "GET",
      "RequestUri": "https://management.azure.com/subscriptions/6738509d-84ed-4ad6-974a-7dc4e3c34146/resourceGroups/zhongjie-rg-wus/providers/Microsoft.DesktopVirtualization/applicationGroups?api-version=2025-04-01-preview",
      "Content": null,
      "isContentBase64": false,
      "Headers": {
        "x-ms-unique-id": [ "62" ],
        "x-ms-client-request-id": [ "38540422-5295-40d2-96ed-2e63b9e6f85a" ],
        "CommandName": [ "Get-AzWvdApplicationGroup" ],
        "FullCommandName": [ "Get-AzWvdApplicationGroup_List1" ],
        "ParameterSetName": [ "__AllParameterSets" ],
        "User-Agent": [ "AzurePowershell/v8.2.0", "PSVersion/v7.5.3", "Az.DesktopVirtualization/0.1.0" ],
        "Authorization": [ "[Filtered]" ]
      },
      "ContentHeaders": {
      }
    },
    "Response": {
      "StatusCode": 200,
      "Headers": {
        "Cache-Control": [ "no-cache" ],
        "Pragma": [ "no-cache" ],
        "Vary": [ "Accept-Encoding" ],
        "x-ms-original-request-ids": [ "38540422-5295-40d2-96ed-2e63b9e6f85a" ],
        "Set-Cookie": [ "ARRAffinity=f08099ddc6d1b5b480ee26565f489b862c28fda9abd95391f75b0cea107d6318;Path=/;HttpOnly;Secure;Domain=rdarmprovider-g-us-r0.wvd.microsoft.com", "ARRAffinitySameSite=f08099ddc6d1b5b480ee26565f489b862c28fda9abd95391f75b0cea107d6318;Path=/;HttpOnly;SameSite=None;Secure;Domain=rdarmprovider-g-us-r0.wvd.microsoft.com" ],
        "Server": [ "Microsoft-IIS/10.0" ],
        "X-Rate-Limit-Limit": [ "0" ],
        "X-Rate-Limit-Remaining": [ "9223372036854775807" ],
        "X-Rate-Limit-Reset": [ "0" ],
        "x-ms-opsarmpath64": [ "L3N1YnNjcmlwdGlvbnMvNjczODUwOWQtODRlZC00YWQ2LTk3NGEtN2RjNGUzYzM0MTQ2L3Jlc291cmNlR3JvdXBzL3pob25namllLXJnLXd1cw==" ],
        "x-ms-lamport-ts": [ "10114339041" ],
        "x-ms-correlation-id": [ "3e50880e-f47e-4f1b-a671-9a19ff01ebf4" ],
        "X-Powered-By": [ "ASP.NET" ],
        "X-Content-Type-Options": [ "nosniff" ],
        "x-ms-ratelimit-remaining-subscription-reads": [ "248" ],
        "x-ms-ratelimit-remaining-subscription-global-reads": [ "3748" ],
        "x-ms-request-id": [ "4947c636-a99b-4a26-8061-86cefed6e86f" ],
        "x-ms-correlation-request-id": [ "4947c636-a99b-4a26-8061-86cefed6e86f" ],
        "x-ms-routing-request-id": [ "JAPANEAST:20251029T022242Z:4947c636-a99b-4a26-8061-86cefed6e86f" ],
        "Strict-Transport-Security": [ "max-age=31536000; includeSubDomains" ],
        "Date": [ "Wed, 29 Oct 2025 02:22:42 GMT" ]
      },
      "ContentHeaders": {
        "Content-Type": [ "application/json; charset=utf-8" ],
        "Expires": [ "-1" ],
        "Content-Length": [ "6787" ]
      },
      "Content": "{\"value\":[{\"name\":\"ApplicationGroupPowershell1\",\"id\":\"/subscriptions/6738509d-84ed-4ad6-974a-7dc4e3c34146/resourcegroups/zhongjie-rg-wus/providers/Microsoft.DesktopVirtualization/applicationgroups/ApplicationGroupPowershell1\",\"type\":\"Microsoft.DesktopVirtualization/applicationgroups\",\"location\":\"westus2\",\"tags\":null,\"kind\":\"Desktop\",\"systemData\":{\"createdBy\":\"zhongjieli@w365runner250520sh01.onmicrosoft.com\",\"createdByType\":\"User\",\"createdAt\":\"2025-10-29T02:22:38.86Z\",\"lastModifiedBy\":\"zhongjieli@w365runner250520sh01.onmicrosoft.com\",\"lastModifiedByType\":\"User\",\"lastModifiedAt\":\"2025-10-29T02:22:38.86Z\"},\"properties\":{\"showInFeed\":null,\"hostPoolArmPath\":\"/subscriptions/6738509d-84ed-4ad6-974a-7dc4e3c34146/resourcegroups/zhongjie-rg-wus/providers/Microsoft.DesktopVirtualization/hostpools/HostPoolPowershellContained1\",\"workspaceArmPath\":null,\"description\":\"des\",\"friendlyName\":\"fri\",\"applicationGroupType\":\"Desktop\",\"migrationRequest\":null,\"cloudPcResource\":false,\"objectId\":\"ffabd233-6445-44f5-8d09-3101effddc1d\"}},{\"name\":\"ApplicationGroupPowershell2\",\"id\":\"/subscriptions/6738509d-84ed-4ad6-974a-7dc4e3c34146/resourcegroups/zhongjie-rg-wus/providers/Microsoft.DesktopVirtualization/applicationgroups/ApplicationGroupPowershell2\",\"type\":\"Microsoft.DesktopVirtualization/applicationgroups\",\"location\":\"westus2\",\"tags\":null,\"kind\":\"RemoteApp\",\"systemData\":{\"createdBy\":\"zhongjieli@w365runner250520sh01.onmicrosoft.com\",\"createdByType\":\"User\",\"createdAt\":\"2025-10-29T02:22:40.86Z\",\"lastModifiedBy\":\"zhongjieli@w365runner250520sh01.onmicrosoft.com\",\"lastModifiedByType\":\"User\",\"lastModifiedAt\":\"2025-10-29T02:22:40.86Z\"},\"properties\":{\"showInFeed\":null,\"hostPoolArmPath\":\"/subscriptions/6738509d-84ed-4ad6-974a-7dc4e3c34146/resourcegroups/zhongjie-rg-wus/providers/Microsoft.DesktopVirtualization/hostpools/HostPoolPowershellContained1\",\"workspaceArmPath\":null,\"description\":\"des\",\"friendlyName\":\"fri\",\"applicationGroupType\":\"RemoteApp\",\"migrationRequest\":null,\"cloudPcResource\":false,\"objectId\":\"a64da55a-24d8-4d74-8f22-0fe974c2ee34\"}},{\"name\":\"zhongjie-automated-DAG\",\"id\":\"/subscriptions/6738509d-84ed-4ad6-974a-7dc4e3c34146/resourcegroups/zhongjie-rg-wus/providers/Microsoft.DesktopVirtualization/applicationgroups/zhongjie-automated-DAG\",\"type\":\"Microsoft.DesktopVirtualization/applicationgroups\",\"location\":\"westus2\",\"tags\":null,\"kind\":\"Desktop\",\"systemData\":{\"createdBy\":\"zhongjieli@w365runner250520sh01.onmicrosoft.com\",\"createdByType\":\"User\",\"createdAt\":\"2025-10-16T09:49:36.94Z\",\"lastModifiedBy\":\"zhongjieli@w365runner250520sh01.onmicrosoft.com\",\"lastModifiedByType\":\"User\",\"lastModifiedAt\":\"2025-10-16T09:49:36.94Z\"},\"properties\":{\"showInFeed\":null,\"hostPoolArmPath\":\"/subscriptions/6738509d-84ed-4ad6-974a-7dc4e3c34146/resourcegroups/zhongjie-rg-wus/providers/Microsoft.DesktopVirtualization/hostpools/zhongjie-automated\",\"workspaceArmPath\":\"/subscriptions/6738509d-84ed-4ad6-974a-7dc4e3c34146/resourcegroups/zhongjie-rg-wus/providers/Microsoft.DesktopVirtualization/workspaces/zhongjieworkspacewus\",\"description\":\"Desktop Application Group created through the Hostpool Wizard\",\"friendlyName\":\"Default Desktop\",\"applicationGroupType\":\"Desktop\",\"migrationRequest\":null,\"cloudPcResource\":false,\"objectId\":\"f36c4362-7831-4c5b-bf95-b9a0c703ffaa\"}},{\"name\":\"zhongjie-automated-RAG\",\"id\":\"/subscriptions/6738509d-84ed-4ad6-974a-7dc4e3c34146/resourcegroups/zhongjie-rg-wus/providers/Microsoft.DesktopVirtualization/applicationgroups/zhongjie-automated-RAG\",\"type\":\"Microsoft.DesktopVirtualization/applicationgroups\",\"location\":\"westus2\",\"tags\":{},\"kind\":\"RemoteApp\",\"systemData\":{\"createdBy\":\"zhongjieli@w365runner250520sh01.onmicrosoft.com\",\"createdByType\":\"User\",\"createdAt\":\"2025-10-17T06:38:39.50Z\",\"lastModifiedBy\":\"zhongjieli@w365runner250520sh01.onmicrosoft.com\",\"lastModifiedByType\":\"User\",\"lastModifiedAt\":\"2025-10-17T06:38:47.43Z\"},\"properties\":{\"showInFeed\":null,\"hostPoolArmPath\":\"/subscriptions/6738509d-84ed-4ad6-974a-7dc4e3c34146/resourcegroups/zhongjie-rg-wus/providers/Microsoft.DesktopVirtualization/hostpools/zhongjie-automated\",\"workspaceArmPath\":null,\"description\":\"\",\"friendlyName\":\"zhongjie-automated-RAG\",\"applicationGroupType\":\"RemoteApp\",\"migrationRequest\":null,\"cloudPcResource\":false,\"objectId\":\"38eeb61c-7da3-4eda-a307-378dc6c73598\"}},{\"name\":\"zhongjie-hostpool-test-log-DAG\",\"id\":\"/subscriptions/6738509d-84ed-4ad6-974a-7dc4e3c34146/resourcegroups/zhongjie-rg-wus/providers/Microsoft.DesktopVirtualization/applicationgroups/zhongjie-hostpool-test-log-DAG\",\"type\":\"Microsoft.DesktopVirtualization/applicationgroups\",\"location\":\"westus2\",\"tags\":{\"cm-resource-parent\":\"/subscriptions/6738509d-84ed-4ad6-974a-7dc4e3c34146/resourceGroups/zhongjie-rg-wus/providers/Microsoft.DesktopVirtualization/zhongjie-hostpool-test-log\"},\"kind\":\"Desktop\",\"systemData\":{\"createdBy\":\"zhongjieli@w365runner250520sh01.onmicrosoft.com\",\"createdByType\":\"User\",\"createdAt\":\"2025-07-21T08:57:05.05Z\",\"lastModifiedBy\":\"zhongjieli@w365runner250520sh01.onmicrosoft.com\",\"lastModifiedByType\":\"User\",\"lastModifiedAt\":\"2025-07-21T08:57:05.05Z\"},\"properties\":{\"showInFeed\":null,\"hostPoolArmPath\":\"/subscriptions/6738509d-84ed-4ad6-974a-7dc4e3c34146/resourcegroups/zhongjie-rg-wus/providers/Microsoft.DesktopVirtualization/hostpools/zhongjie-hostpool-test-log\",\"workspaceArmPath\":null,\"description\":\"Desktop Application Group created through the Hostpool Wizard\",\"friendlyName\":\"Default Desktop\",\"applicationGroupType\":\"Desktop\",\"migrationRequest\":null,\"cloudPcResource\":false,\"objectId\":\"4a091e33-fa01-4c96-98a1-ebf2d733676b\"}},{\"name\":\"zhongjietesthostpoolwus-DAG\",\"id\":\"/subscriptions/6738509d-84ed-4ad6-974a-7dc4e3c34146/resourcegroups/zhongjie-rg-wus/providers/Microsoft.DesktopVirtualization/applicationgroups/zhongjietesthostpoolwus-DAG\",\"type\":\"Microsoft.DesktopVirtualization/applicationgroups\",\"location\":\"westus2\",\"tags\":{\"cm-resource-parent\":\"/subscriptions/6738509d-84ed-4ad6-974a-7dc4e3c34146/resourceGroups/zhongjie-rg-wus/providers/Microsoft.DesktopVirtualization/zhongjietesthostpoolwus\"},\"kind\":\"Desktop\",\"systemData\":{\"createdBy\":\"TestWin365@w365runner250520sh01.onmicrosoft.com\",\"createdByType\":\"User\",\"createdAt\":\"2025-06-27T05:33:16.58Z\",\"lastModifiedBy\":\"TestWin365@w365runner250520sh01.onmicrosoft.com\",\"lastModifiedByType\":\"User\",\"lastModifiedAt\":\"2025-06-27T05:33:16.58Z\"},\"properties\":{\"showInFeed\":null,\"hostPoolArmPath\":\"/subscriptions/6738509d-84ed-4ad6-974a-7dc4e3c34146/resourcegroups/zhongjie-rg-wus/providers/Microsoft.DesktopVirtualization/hostpools/zhongjietesthostpoolwus\",\"workspaceArmPath\":null,\"description\":\"Desktop Application Group created through the Hostpool Wizard\",\"friendlyName\":\"Default Desktop\",\"applicationGroupType\":\"Desktop\",\"migrationRequest\":null,\"cloudPcResource\":false,\"objectId\":\"04834764-fb1e-4c24-b9b3-49c0ba7302ae\"}}]}",
      "isContentBase64": false
    }
  },
  "Get-AzWvdApplicationGroup+[NoContext]+List+$DELETE+https://management.azure.com/subscriptions/6738509d-84ed-4ad6-974a-7dc4e3c34146/resourceGroups/zhongjie-rg-wus/providers/Microsoft.DesktopVirtualization/applicationGroups/ApplicationGroupPowershell1?api-version=2025-04-01-preview+5": {
    "Request": {
      "Method": "DELETE",
      "RequestUri": "https://management.azure.com/subscriptions/6738509d-84ed-4ad6-974a-7dc4e3c34146/resourceGroups/zhongjie-rg-wus/providers/Microsoft.DesktopVirtualization/applicationGroups/ApplicationGroupPowershell1?api-version=2025-04-01-preview",
      "Content": null,
      "isContentBase64": false,
      "Headers": {
        "x-ms-unique-id": [ "63" ],
        "x-ms-client-request-id": [ "c8142e6e-ad86-4594-b18a-ea2869fc6827" ],
        "CommandName": [ "Remove-AzWvdApplicationGroup" ],
        "FullCommandName": [ "Remove-AzWvdApplicationGroup_Delete" ],
        "ParameterSetName": [ "__AllParameterSets" ],
        "User-Agent": [ "AzurePowershell/v8.2.0", "PSVersion/v7.5.3", "Az.DesktopVirtualization/0.1.0" ],
        "Authorization": [ "[Filtered]" ]
      },
      "ContentHeaders": {
      }
    },
    "Response": {
      "StatusCode": 200,
      "Headers": {
        "Cache-Control": [ "no-cache" ],
        "Pragma": [ "no-cache" ],
        "Vary": [ "Accept-Encoding" ],
        "Set-Cookie": [ "ARRAffinity=fca55a869ff17da08ab50c4d6192444d330b01fa3b3d53e394fd71eb7362934e;Path=/;HttpOnly;Secure;Domain=rdarmprovider-g-us-r0.wvd.microsoft.com", "ARRAffinitySameSite=fca55a869ff17da08ab50c4d6192444d330b01fa3b3d53e394fd71eb7362934e;Path=/;HttpOnly;SameSite=None;Secure;Domain=rdarmprovider-g-us-r0.wvd.microsoft.com" ],
        "Server": [ "Microsoft-IIS/10.0" ],
        "x-ms-operation-identifier": [ "tenantId=715492f1-ef6e-4eea-9176-7c81e765c3c8,objectId=1db230a9-e046-46ab-912b-9cea769323a2/japaneast/5d3c35bf-8c38-418d-8eb7-ca6811d82c68" ],
        "X-Rate-Limit-Limit": [ "0" ],
        "X-Rate-Limit-Remaining": [ "9223372036854775807" ],
        "X-Rate-Limit-Reset": [ "0" ],
        "x-ms-opsarmpath64": [ "L3N1YnNjcmlwdGlvbnMvNjczODUwOWQtODRlZC00YWQ2LTk3NGEtN2RjNGUzYzM0MTQ2L3Jlc291cmNlR3JvdXBzL3pob25namllLXJnLXd1cy9wcm92aWRlcnMvTWljcm9zb2Z0LkRlc2t0b3BWaXJ0dWFsaXphdGlvbi9hcHBsaWNhdGlvbkdyb3Vwcy9BcHBsaWNhdGlvbkdyb3VwUG93ZXJzaGVsbDE=" ],
        "x-ms-lamport-ts": [ "10114340099" ],
        "x-ms-correlation-id": [ "c10e186f-4619-4880-a9bb-777919b69cc5" ],
        "x-ms-request-id": [ "c8142e6e-ad86-4594-b18a-ea2869fc6827" ],
        "X-Powered-By": [ "ASP.NET" ],
        "X-Content-Type-Options": [ "nosniff" ],
        "x-ms-ratelimit-remaining-subscription-deletes": [ "193" ],
        "x-ms-ratelimit-remaining-subscription-global-deletes": [ "2993" ],
        "x-ms-correlation-request-id": [ "6395f4d8-b0b1-482f-8bf0-8afd83eb7520" ],
        "x-ms-routing-request-id": [ "JAPANEAST:20251029T022244Z:6395f4d8-b0b1-482f-8bf0-8afd83eb7520" ],
        "Strict-Transport-Security": [ "max-age=31536000; includeSubDomains" ],
        "Date": [ "Wed, 29 Oct 2025 02:22:44 GMT" ]
      },
      "ContentHeaders": {
        "Content-Length": [ "1014" ],
        "Content-Type": [ "application/json; charset=utf-8" ],
        "Expires": [ "-1" ]
      },
      "Content": "{\"name\":\"ApplicationGroupPowershell1\",\"id\":\"/subscriptions/6738509d-84ed-4ad6-974a-7dc4e3c34146/resourcegroups/zhongjie-rg-wus/providers/Microsoft.DesktopVirtualization/applicationgroups/ApplicationGroupPowershell1\",\"type\":\"Microsoft.DesktopVirtualization/applicationgroups\",\"location\":\"westus2\",\"tags\":null,\"kind\":\"Desktop\",\"systemData\":{\"createdBy\":\"zhongjieli@w365runner250520sh01.onmicrosoft.com\",\"createdByType\":\"User\",\"createdAt\":\"2025-10-29T02:22:38.86Z\",\"lastModifiedBy\":\"zhongjieli@w365runner250520sh01.onmicrosoft.com\",\"lastModifiedByType\":\"User\",\"lastModifiedAt\":\"2025-10-29T02:22:38.86Z\"},\"properties\":{\"showInFeed\":null,\"hostPoolArmPath\":\"/subscriptions/6738509d-84ed-4ad6-974a-7dc4e3c34146/resourcegroups/zhongjie-rg-wus/providers/Microsoft.DesktopVirtualization/hostpools/HostPoolPowershellContained1\",\"workspaceArmPath\":null,\"description\":\"des\",\"friendlyName\":\"fri\",\"applicationGroupType\":\"Desktop\",\"migrationRequest\":null,\"cloudPcResource\":false,\"objectId\":\"ffabd233-6445-44f5-8d09-3101effddc1d\"}}",
      "isContentBase64": false
    }
  },
  "Get-AzWvdApplicationGroup+[NoContext]+List+$DELETE+https://management.azure.com/subscriptions/6738509d-84ed-4ad6-974a-7dc4e3c34146/resourceGroups/zhongjie-rg-wus/providers/Microsoft.DesktopVirtualization/applicationGroups/ApplicationGroupPowershell2?api-version=2025-04-01-preview+6": {
    "Request": {
      "Method": "DELETE",
      "RequestUri": "https://management.azure.com/subscriptions/6738509d-84ed-4ad6-974a-7dc4e3c34146/resourceGroups/zhongjie-rg-wus/providers/Microsoft.DesktopVirtualization/applicationGroups/ApplicationGroupPowershell2?api-version=2025-04-01-preview",
      "Content": null,
      "isContentBase64": false,
      "Headers": {
        "x-ms-unique-id": [ "64" ],
        "x-ms-client-request-id": [ "ac54cb6a-32fe-4244-9638-b561fa826624" ],
        "CommandName": [ "Remove-AzWvdApplicationGroup" ],
        "FullCommandName": [ "Remove-AzWvdApplicationGroup_Delete" ],
        "ParameterSetName": [ "__AllParameterSets" ],
        "User-Agent": [ "AzurePowershell/v8.2.0", "PSVersion/v7.5.3", "Az.DesktopVirtualization/0.1.0" ],
        "Authorization": [ "[Filtered]" ]
      },
      "ContentHeaders": {
      }
    },
    "Response": {
      "StatusCode": 200,
      "Headers": {
        "Cache-Control": [ "no-cache" ],
        "Pragma": [ "no-cache" ],
        "Vary": [ "Accept-Encoding" ],
        "Set-Cookie": [ "ARRAffinity=57e795ac3cef8931649c13ca7a5c1a198ee489be7c635bb6f31a7e1aefb39eec;Path=/;HttpOnly;Secure;Domain=rdarmprovider-g-us-r0.wvd.microsoft.com", "ARRAffinitySameSite=57e795ac3cef8931649c13ca7a5c1a198ee489be7c635bb6f31a7e1aefb39eec;Path=/;HttpOnly;SameSite=None;Secure;Domain=rdarmprovider-g-us-r0.wvd.microsoft.com" ],
        "Server": [ "Microsoft-IIS/10.0" ],
        "x-ms-operation-identifier": [ "tenantId=715492f1-ef6e-4eea-9176-7c81e765c3c8,objectId=1db230a9-e046-46ab-912b-9cea769323a2/japaneast/4e912dab-5f7c-439e-9774-956d1999ab68" ],
        "X-Rate-Limit-Limit": [ "0" ],
        "X-Rate-Limit-Remaining": [ "9223372036854775807" ],
        "X-Rate-Limit-Reset": [ "0" ],
        "x-ms-opsarmpath64": [ "L3N1YnNjcmlwdGlvbnMvNjczODUwOWQtODRlZC00YWQ2LTk3NGEtN2RjNGUzYzM0MTQ2L3Jlc291cmNlR3JvdXBzL3pob25namllLXJnLXd1cy9wcm92aWRlcnMvTWljcm9zb2Z0LkRlc2t0b3BWaXJ0dWFsaXphdGlvbi9hcHBsaWNhdGlvbkdyb3Vwcy9BcHBsaWNhdGlvbkdyb3VwUG93ZXJzaGVsbDI=" ],
        "x-ms-lamport-ts": [ "10114340601" ],
        "x-ms-correlation-id": [ "dbd6acbf-ee64-4c98-b995-67a5950d0f1a" ],
        "x-ms-request-id": [ "ac54cb6a-32fe-4244-9638-b561fa826624" ],
        "X-Powered-By": [ "ASP.NET" ],
        "X-Content-Type-Options": [ "nosniff" ],
        "x-ms-ratelimit-remaining-subscription-deletes": [ "194" ],
        "x-ms-ratelimit-remaining-subscription-global-deletes": [ "2994" ],
        "x-ms-correlation-request-id": [ "9eee037b-62e5-479f-a7aa-7a9657e456e8" ],
        "x-ms-routing-request-id": [ "JAPANEAST:20251029T022246Z:9eee037b-62e5-479f-a7aa-7a9657e456e8" ],
        "Strict-Transport-Security": [ "max-age=31536000; includeSubDomains" ],
        "Date": [ "Wed, 29 Oct 2025 02:22:46 GMT" ]
      },
      "ContentHeaders": {
        "Content-Length": [ "1018" ],
        "Content-Type": [ "application/json; charset=utf-8" ],
        "Expires": [ "-1" ]
      },
      "Content": "{\"name\":\"ApplicationGroupPowershell2\",\"id\":\"/subscriptions/6738509d-84ed-4ad6-974a-7dc4e3c34146/resourcegroups/zhongjie-rg-wus/providers/Microsoft.DesktopVirtualization/applicationgroups/ApplicationGroupPowershell2\",\"type\":\"Microsoft.DesktopVirtualization/applicationgroups\",\"location\":\"westus2\",\"tags\":null,\"kind\":\"RemoteApp\",\"systemData\":{\"createdBy\":\"zhongjieli@w365runner250520sh01.onmicrosoft.com\",\"createdByType\":\"User\",\"createdAt\":\"2025-10-29T02:22:40.86Z\",\"lastModifiedBy\":\"zhongjieli@w365runner250520sh01.onmicrosoft.com\",\"lastModifiedByType\":\"User\",\"lastModifiedAt\":\"2025-10-29T02:22:40.86Z\"},\"properties\":{\"showInFeed\":null,\"hostPoolArmPath\":\"/subscriptions/6738509d-84ed-4ad6-974a-7dc4e3c34146/resourcegroups/zhongjie-rg-wus/providers/Microsoft.DesktopVirtualization/hostpools/HostPoolPowershellContained1\",\"workspaceArmPath\":null,\"description\":\"des\",\"friendlyName\":\"fri\",\"applicationGroupType\":\"RemoteApp\",\"migrationRequest\":null,\"cloudPcResource\":false,\"objectId\":\"a64da55a-24d8-4d74-8f22-0fe974c2ee34\"}}",
      "isContentBase64": false
    }
  },
  "Get-AzWvdApplicationGroup+[NoContext]+List+$DELETE+https://management.azure.com/subscriptions/6738509d-84ed-4ad6-974a-7dc4e3c34146/resourceGroups/zhongjie-rg-wus/providers/Microsoft.DesktopVirtualization/hostPools/HostPoolPowershellContained1?api-version=2025-04-01-preview+7": {
    "Request": {
      "Method": "DELETE",
      "RequestUri": "https://management.azure.com/subscriptions/6738509d-84ed-4ad6-974a-7dc4e3c34146/resourceGroups/zhongjie-rg-wus/providers/Microsoft.DesktopVirtualization/hostPools/HostPoolPowershellContained1?api-version=2025-04-01-preview",
      "Content": null,
      "isContentBase64": false,
      "Headers": {
        "x-ms-unique-id": [ "65" ],
        "x-ms-client-request-id": [ "3a5f1d74-fd29-431e-93ca-f4ad4a80d2ae" ],
        "CommandName": [ "Remove-AzWvdHostPool" ],
        "FullCommandName": [ "Remove-AzWvdHostPool_Delete" ],
        "ParameterSetName": [ "__AllParameterSets" ],
        "User-Agent": [ "AzurePowershell/v8.2.0", "PSVersion/v7.5.3", "Az.DesktopVirtualization/0.1.0" ],
        "Authorization": [ "[Filtered]" ]
      },
      "ContentHeaders": {
      }
    },
    "Response": {
      "StatusCode": 200,
      "Headers": {
        "Cache-Control": [ "no-cache" ],
        "Pragma": [ "no-cache" ],
        "Vary": [ "Accept-Encoding" ],
        "Set-Cookie": [ "ARRAffinity=002717a29815ff744b05157baa9d789df3b9d7d103205437d23e4b6d5ec59051;Path=/;HttpOnly;Secure;Domain=rdarmprovider-g-us-r0.wvd.microsoft.com", "ARRAffinitySameSite=002717a29815ff744b05157baa9d789df3b9d7d103205437d23e4b6d5ec59051;Path=/;HttpOnly;SameSite=None;Secure;Domain=rdarmprovider-g-us-r0.wvd.microsoft.com" ],
        "Server": [ "Microsoft-IIS/10.0" ],
        "x-ms-operation-identifier": [ "tenantId=715492f1-ef6e-4eea-9176-7c81e765c3c8,objectId=1db230a9-e046-46ab-912b-9cea769323a2/japaneast/d02abe94-2ef2-4c28-84c9-3747b3efde22" ],
        "X-Rate-Limit-Limit": [ "0" ],
        "X-Rate-Limit-Remaining": [ "9223372036854775807" ],
        "X-Rate-Limit-Reset": [ "0" ],
        "x-ms-opsarmpath64": [ "L3N1YnNjcmlwdGlvbnMvNjczODUwOWQtODRlZC00YWQ2LTk3NGEtN2RjNGUzYzM0MTQ2L3Jlc291cmNlR3JvdXBzL3pob25namllLXJnLXd1cy9wcm92aWRlcnMvTWljcm9zb2Z0LkRlc2t0b3BWaXJ0dWFsaXphdGlvbi9ob3N0UG9vbHMvSG9zdFBvb2xQb3dlcnNoZWxsQ29udGFpbmVkMQ==" ],
        "x-ms-lamport-ts": [ "10114341054" ],
        "x-ms-correlation-id": [ "856e0264-d640-407f-9f67-9924958460ad" ],
        "x-ms-request-id": [ "3a5f1d74-fd29-431e-93ca-f4ad4a80d2ae" ],
        "X-Powered-By": [ "ASP.NET" ],
        "X-Content-Type-Options": [ "nosniff" ],
        "x-ms-ratelimit-remaining-subscription-deletes": [ "194" ],
        "x-ms-ratelimit-remaining-subscription-global-deletes": [ "2994" ],
        "x-ms-correlation-request-id": [ "deffa997-c2ff-4be6-9372-704ddd07f088" ],
        "x-ms-routing-request-id": [ "JAPANEAST:20251029T022248Z:deffa997-c2ff-4be6-9372-704ddd07f088" ],
        "Strict-Transport-Security": [ "max-age=31536000; includeSubDomains" ],
        "Date": [ "Wed, 29 Oct 2025 02:22:48 GMT" ]
      },
      "ContentHeaders": {
        "Content-Length": [ "2999" ],
        "Content-Type": [ "application/json; charset=utf-8" ],
        "Expires": [ "-1" ]
      },
      "Content": "{\"identity\":{\"type\":\"None\",\"tenantId\":null,\"principalId\":null},\"name\":\"HostPoolPowershellContained1\",\"id\":\"/subscriptions/6738509d-84ed-4ad6-974a-7dc4e3c34146/resourcegroups/zhongjie-rg-wus/providers/Microsoft.DesktopVirtualization/hostpools/HostPoolPowershellContained1\",\"type\":\"Microsoft.DesktopVirtualization/hostpools\",\"location\":\"westus2\",\"tags\":null,\"kind\":null,\"systemData\":{\"createdBy\":\"zhongjieli@w365runner250520sh01.onmicrosoft.com\",\"createdByType\":\"User\",\"createdAt\":\"2025-10-29T02:22:29.01Z\",\"lastModifiedBy\":\"zhongjieli@w365runner250520sh01.onmicrosoft.com\",\"lastModifiedByType\":\"User\",\"lastModifiedAt\":\"2025-10-29T02:22:36.89Z\"},\"properties\":{\"managedPrivateUDP\":\"Default\",\"directUDP\":\"Default\",\"publicUDP\":\"Default\",\"relayUDP\":\"Default\",\"managementType\":\"Standard\",\"appAttachPackageReferences\":[],\"agentUpdate\":null,\"privateEndpointConnections\":[],\"publicNetworkAccess\":\"Enabled\",\"friendlyName\":\"fri\",\"description\":\"des\",\"hostPoolType\":\"Pooled\",\"personalDesktopAssignmentType\":null,\"applicationGroupReferences\":[],\"customRdpProperty\":\"\",\"maxSessionLimit\":5,\"loadBalancerType\":\"DepthFirst\",\"validationEnvironment\":false,\"ring\":1,\"registrationInfo\":{\"expirationTime\":\"2025-10-30T02:22:36.0807656Z\",\"token\":\"eyJhbGciOiJSUzI1NiIsImtpZCI6Ijk0RDQxQUY3MjUyMDFDQzg2MDcwRDQwODI1MkQzMzk2OUEyOEQ0RTciLCJ0eXAiOiJKV1QifQ.eyJSZWdpc3RyYXRpb25JZCI6IjIyNDE4M2EyLWY5ZDQtNDQ5OS05MmVjLTFlYjFkOWNmNWQwMiIsIkJyb2tlclVyaSI6Imh0dHBzOi8vcmRicm9rZXItZy11cy1yMS53dmQubWljcm9zb2Z0LmNvbS8iLCJEaWFnbm9zdGljc1VyaSI6Imh0dHBzOi8vcmRkaWFnbm9zdGljcy1nLXVzLXIxLnd2ZC5taWNyb3NvZnQuY29tLyIsIkVuZHBvaW50UG9vbElkIjoiOTU5NzFiMmQtY2QwYS00YTQwLWEzNjEtYTY3ZmFlNTY0NDJhIiwiR2xvYmFsQnJva2VyVXJpIjoiaHR0cHM6Ly9yZGJyb2tlci53dmQubWljcm9zb2Z0LmNvbS8iLCJHZW9ncmFwaHkiOiJVUyIsIkdsb2JhbEJyb2tlclJlc291cmNlSWRVcmkiOiJodHRwczovLzk1OTcxYjJkLWNkMGEtNGE0MC1hMzYxLWE2N2ZhZTU2NDQyYS5yZGJyb2tlci53dmQubWljcm9zb2Z0LmNvbS8iLCJCcm9rZXJSZXNvdXJjZUlkVXJpIjoiaHR0cHM6Ly85NTk3MWIyZC1jZDBhLTRhNDAtYTM2MS1hNjdmYWU1NjQ0MmEucmRicm9rZXItZy11cy1yMS53dmQubWljcm9zb2Z0LmNvbS8iLCJEaWFnbm9zdGljc1Jlc291cmNlSWRVcmkiOiJodHRwczovLzk1OTcxYjJkLWNkMGEtNGE0MC1hMzYxLWE2N2ZhZTU2NDQyYS5yZGRpYWdub3N0aWNzLWctdXMtcjEud3ZkLm1pY3Jvc29mdC5jb20vIiwiQUFEVGVuYW50SWQiOiI3MTU0OTJmMS1lZjZlLTRlZWEtOTE3Ni03YzgxZTc2NWMzYzgiLCJuYmYiOjE3NjE3MDQ1NTcsImV4cCI6MTc2MTc5MDk1NiwiaXNzIjoiUkRJbmZyYVRva2VuTWFuYWdlciIsImF1ZCI6IlJEbWkifQ.icyThr6L0UNOMqlZjZZVgb4ZrT-buqsruW5Q6o66wAAk21TaxjDVqjCzVUTtuHpjTO1Y2mZzcjpVGNFlTtm4Wv1e_Fp7W8X0HMadcVlk8CyFkBSBLmNT81gJSmTy3luPi20_-T2De5eofv0pfEjK3LSgk3AO2CixuQKG57Q_K5ZEZOxUIw5iqN0NPHIELltpTg-b78BZF2EdgH1G4P18YCtsaHw-flREv-uy9E17FGLibs0VEMf1dpgsjweHVeKsluxTmWWh0ERIupbO-FGqJTbvgddzMaVDo-sWlY_OIfOfYJaugjI6tgl0xXN6AW-IfaVdqHGdP7BWCE3xM8_QyA\",\"registrationTokenOperation\":\"None\"},\"vmTemplate\":null,\"preferredAppGroupType\":\"Desktop\",\"migrationRequest\":null,\"cloudPcResource\":false,\"startVMOnConnect\":false,\"ssoadfsAuthority\":null,\"ssoClientId\":null,\"ssoClientSecretKeyVaultPath\":null,\"ssoSecretType\":null,\"objectId\":\"95971b2d-cd0a-4a40-a361-a67fae56442a\"}}",
      "isContentBase64": false
    }
  },
  "Get-AzWvdApplicationGroup+[NoContext]+List Subscription Level+$PUT+https://management.azure.com/subscriptions/6738509d-84ed-4ad6-974a-7dc4e3c34146/resourceGroups/zhongjie-rg-wus/providers/Microsoft.DesktopVirtualization/hostPools/HostPoolPowershellContained1?api-version=2025-04-01-preview+1": {
    "Request": {
      "Method": "PUT",
      "RequestUri": "https://management.azure.com/subscriptions/6738509d-84ed-4ad6-974a-7dc4e3c34146/resourceGroups/zhongjie-rg-wus/providers/Microsoft.DesktopVirtualization/hostPools/HostPoolPowershellContained1?api-version=2025-04-01-preview",
      "Content": "{\r\n  \"location\": \"westus2\",\r\n  \"properties\": {\r\n    \"registrationInfo\": {\r\n      \"expirationTime\": \"2025-10-30T10:22:48.8983528+08:00\",\r\n      \"registrationTokenOperation\": \"Update\"\r\n    },\r\n    \"friendlyName\": \"fri\",\r\n    \"description\": \"des\",\r\n    \"hostPoolType\": \"Shared\",\r\n    \"customRdpProperty\": \"\",\r\n    \"maxSessionLimit\": 5,\r\n    \"loadBalancerType\": \"DepthFirst\",\r\n    \"ring\": 0,\r\n    \"validationEnvironment\": false,\r\n    \"vmTemplate\": \"\",\r\n    \"preferredAppGroupType\": \"Desktop\",\r\n    \"managementType\": \"Standard\"\r\n  }\r\n}",
      "isContentBase64": false,
      "Headers": {
      },
      "ContentHeaders": {
        "Content-Type": [ "application/json" ],
        "Content-Length": [ "530" ]
      }
    },
    "Response": {
      "StatusCode": 201,
      "Headers": {
        "Cache-Control": [ "no-cache" ],
        "Pragma": [ "no-cache" ],
        "Location": [ "/subscriptions/6738509d-84ed-4ad6-974a-7dc4e3c34146/resourcegroups/zhongjie-rg-wus/providers/Microsoft.DesktopVirtualization/hostpools/HostPoolPowershellContained1" ],
        "Set-Cookie": [ "ARRAffinity=fca55a869ff17da08ab50c4d6192444d330b01fa3b3d53e394fd71eb7362934e;Path=/;HttpOnly;Secure;Domain=rdarmprovider-g-us-r0.wvd.microsoft.com", "ARRAffinitySameSite=fca55a869ff17da08ab50c4d6192444d330b01fa3b3d53e394fd71eb7362934e;Path=/;HttpOnly;SameSite=None;Secure;Domain=rdarmprovider-g-us-r0.wvd.microsoft.com" ],
        "Server": [ "Microsoft-IIS/10.0" ],
        "X-Rate-Limit-Limit": [ "0" ],
        "X-Rate-Limit-Remaining": [ "9223372036854775807" ],
        "X-Rate-Limit-Reset": [ "0" ],
        "x-ms-opsarmpath64": [ "L3N1YnNjcmlwdGlvbnMvNjczODUwOWQtODRlZC00YWQ2LTk3NGEtN2RjNGUzYzM0MTQ2L3Jlc291cmNlR3JvdXBzL3pob25namllLXJnLXd1cy9wcm92aWRlcnMvTWljcm9zb2Z0LkRlc2t0b3BWaXJ0dWFsaXphdGlvbi9ob3N0UG9vbHMvSG9zdFBvb2xQb3dlcnNoZWxsQ29udGFpbmVkMQ==" ],
        "x-ms-lamport-ts": [ "10114341115" ],
        "x-ms-correlation-id": [ "db456747-0017-42c5-ba4e-eaa5d4ea462a" ],
        "x-ms-request-id": [ "c6bcbcd8-96fc-45a6-8b84-1eb536e023c9" ],
        "X-Powered-By": [ "ASP.NET" ],
        "X-Content-Type-Options": [ "nosniff" ],
        "x-ms-operation-identifier": [ "tenantId=715492f1-ef6e-4eea-9176-7c81e765c3c8,objectId=1db230a9-e046-46ab-912b-9cea769323a2/japaneast/99646b19-a956-459c-ae4e-e474cd963b9d" ],
        "x-ms-ratelimit-remaining-subscription-writes": [ "195" ],
        "x-ms-ratelimit-remaining-subscription-global-writes": [ "2995" ],
        "x-ms-correlation-request-id": [ "16f4fe9d-f29e-40d8-a0ef-d67e88c50acc" ],
        "x-ms-routing-request-id": [ "JAPANEAST:20251029T022251Z:16f4fe9d-f29e-40d8-a0ef-d67e88c50acc" ],
        "Strict-Transport-Security": [ "max-age=31536000; includeSubDomains" ],
        "Date": [ "Wed, 29 Oct 2025 02:22:50 GMT" ]
      },
      "ContentHeaders": {
        "Content-Length": [ "3008" ],
        "Content-Type": [ "application/json; charset=utf-8" ],
        "Expires": [ "-1" ]
      },
      "Content": "{\"identity\":{\"type\":\"None\",\"tenantId\":null,\"principalId\":null},\"name\":\"HostPoolPowershellContained1\",\"id\":\"/subscriptions/6738509d-84ed-4ad6-974a-7dc4e3c34146/resourcegroups/zhongjie-rg-wus/providers/Microsoft.DesktopVirtualization/hostpools/HostPoolPowershellContained1\",\"type\":\"Microsoft.DesktopVirtualization/hostpools\",\"location\":\"westus2\",\"tags\":null,\"kind\":null,\"systemData\":{\"createdBy\":\"zhongjieli@w365runner250520sh01.onmicrosoft.com\",\"createdByType\":\"User\",\"createdAt\":\"2025-10-29T02:22:49.95Z\",\"lastModifiedBy\":\"zhongjieli@w365runner250520sh01.onmicrosoft.com\",\"lastModifiedByType\":\"User\",\"lastModifiedAt\":\"2025-10-29T02:22:49.95Z\"},\"properties\":{\"managedPrivateUDP\":\"Default\",\"directUDP\":\"Default\",\"publicUDP\":\"Default\",\"relayUDP\":\"Default\",\"managementType\":\"Standard\",\"appAttachPackageReferences\":[],\"agentUpdate\":null,\"privateEndpointConnections\":null,\"publicNetworkAccess\":\"Enabled\",\"friendlyName\":\"fri\",\"description\":\"des\",\"hostPoolType\":\"Pooled\",\"personalDesktopAssignmentType\":null,\"applicationGroupReferences\":[],\"customRdpProperty\":\"\",\"maxSessionLimit\":5,\"loadBalancerType\":\"DepthFirst\",\"validationEnvironment\":false,\"ring\":1,\"registrationInfo\":{\"expirationTime\":\"2025-10-30T02:22:48.8983528+00:00\",\"token\":\"eyJhbGciOiJSUzI1NiIsImtpZCI6Ijk0RDQxQUY3MjUyMDFDQzg2MDcwRDQwODI1MkQzMzk2OUEyOEQ0RTciLCJ0eXAiOiJKV1QifQ.eyJSZWdpc3RyYXRpb25JZCI6IjVhODc4M2IyLTM3MTMtNDVlNi05ZDdmLTZjMmIxYzlhMDVhYSIsIkJyb2tlclVyaSI6Imh0dHBzOi8vcmRicm9rZXItZy11cy1yMS53dmQubWljcm9zb2Z0LmNvbS8iLCJEaWFnbm9zdGljc1VyaSI6Imh0dHBzOi8vcmRkaWFnbm9zdGljcy1nLXVzLXIxLnd2ZC5taWNyb3NvZnQuY29tLyIsIkVuZHBvaW50UG9vbElkIjoiODMyODM1MGMtOWQzMi00NmYxLWIwYzktMTZhZjI4M2M5ZmRiIiwiR2xvYmFsQnJva2VyVXJpIjoiaHR0cHM6Ly9yZGJyb2tlci53dmQubWljcm9zb2Z0LmNvbS8iLCJHZW9ncmFwaHkiOiJVUyIsIkdsb2JhbEJyb2tlclJlc291cmNlSWRVcmkiOiJodHRwczovLzgzMjgzNTBjLTlkMzItNDZmMS1iMGM5LTE2YWYyODNjOWZkYi5yZGJyb2tlci53dmQubWljcm9zb2Z0LmNvbS8iLCJCcm9rZXJSZXNvdXJjZUlkVXJpIjoiaHR0cHM6Ly84MzI4MzUwYy05ZDMyLTQ2ZjEtYjBjOS0xNmFmMjgzYzlmZGIucmRicm9rZXItZy11cy1yMS53dmQubWljcm9zb2Z0LmNvbS8iLCJEaWFnbm9zdGljc1Jlc291cmNlSWRVcmkiOiJodHRwczovLzgzMjgzNTBjLTlkMzItNDZmMS1iMGM5LTE2YWYyODNjOWZkYi5yZGRpYWdub3N0aWNzLWctdXMtcjEud3ZkLm1pY3Jvc29mdC5jb20vIiwiQUFEVGVuYW50SWQiOiI3MTU0OTJmMS1lZjZlLTRlZWEtOTE3Ni03YzgxZTc2NWMzYzgiLCJuYmYiOjE3NjE3MDQ1NzAsImV4cCI6MTc2MTc5MDk2OCwiaXNzIjoiUkRJbmZyYVRva2VuTWFuYWdlciIsImF1ZCI6IlJEbWkifQ.fbmYlWSPcqKr6CHstjzRuNChGDf5zrR_lCGOVdF9oCiDlfIfFQWD8QN8O2YM9lmKO6fr3J0sEFrkzvhJ209DioTyQ25gsZp9GWnyhEloAFi6PYtgW6l-MTbbQ99f7peDASXyxq-_15eBFQJkNrALaZWhv5fMRDJJwGFg0JuqW-3yWUly1vl8JWY8UrrZCQNJ8kRFZhKCJqMYNh_1fbqoBTj9w8mjSTGZuFIxmu1UdZ7ZgJN1IhHnPOpJH-bPc0_wzkyabSKO9DJgnb-KGp7_Qy05ruuwuR5AnBkEsSCf-1v6sAKC4Udk7lMe8qQiZuep_luQ2_eg_e1887CjLNt0pQ\",\"registrationTokenOperation\":\"Update\"},\"vmTemplate\":null,\"preferredAppGroupType\":\"Desktop\",\"migrationRequest\":null,\"cloudPcResource\":false,\"startVMOnConnect\":false,\"ssoadfsAuthority\":null,\"ssoClientId\":null,\"ssoClientSecretKeyVaultPath\":null,\"ssoSecretType\":null,\"objectId\":\"8328350c-9d32-46f1-b0c9-16af283c9fdb\"}}",
      "isContentBase64": false
    }
  },
  "Get-AzWvdApplicationGroup+[NoContext]+List Subscription Level+$PUT+https://management.azure.com/subscriptions/6738509d-84ed-4ad6-974a-7dc4e3c34146/resourceGroups/zhongjie-rg-wus/providers/Microsoft.DesktopVirtualization/applicationGroups/ApplicationGroupPowershell1?api-version=2025-04-01-preview+2": {
    "Request": {
      "Method": "PUT",
      "RequestUri": "https://management.azure.com/subscriptions/6738509d-84ed-4ad6-974a-7dc4e3c34146/resourceGroups/zhongjie-rg-wus/providers/Microsoft.DesktopVirtualization/applicationGroups/ApplicationGroupPowershell1?api-version=2025-04-01-preview",
      "Content": "{\r\n  \"location\": \"westus2\",\r\n  \"properties\": {\r\n    \"description\": \"des\",\r\n    \"friendlyName\": \"fri\",\r\n    \"hostPoolArmPath\": \"/subscriptions/6738509d-84ed-4ad6-974a-7dc4e3c34146/resourcegroups/zhongjie-rg-wus/providers/Microsoft.DesktopVirtualization/hostpools/HostPoolPowershellContained1\",\r\n    \"applicationGroupType\": \"Desktop\"\r\n  }\r\n}",
      "isContentBase64": false,
      "Headers": {
      },
      "ContentHeaders": {
        "Content-Type": [ "application/json" ],
        "Content-Length": [ "339" ]
      }
    },
    "Response": {
      "StatusCode": 201,
      "Headers": {
        "Cache-Control": [ "no-cache" ],
        "Pragma": [ "no-cache" ],
        "Location": [ "/subscriptions/6738509d-84ed-4ad6-974a-7dc4e3c34146/resourcegroups/zhongjie-rg-wus/providers/Microsoft.DesktopVirtualization/applicationgroups/ApplicationGroupPowershell1" ],
        "Set-Cookie": [ "ARRAffinity=57e795ac3cef8931649c13ca7a5c1a198ee489be7c635bb6f31a7e1aefb39eec;Path=/;HttpOnly;Secure;Domain=rdarmprovider-g-us-r0.wvd.microsoft.com", "ARRAffinitySameSite=57e795ac3cef8931649c13ca7a5c1a198ee489be7c635bb6f31a7e1aefb39eec;Path=/;HttpOnly;SameSite=None;Secure;Domain=rdarmprovider-g-us-r0.wvd.microsoft.com" ],
        "Server": [ "Microsoft-IIS/10.0" ],
        "X-Rate-Limit-Limit": [ "0" ],
        "X-Rate-Limit-Remaining": [ "9223372036854775807" ],
        "X-Rate-Limit-Reset": [ "0" ],
        "x-ms-opsarmpath64": [ "L3N1YnNjcmlwdGlvbnMvNjczODUwOWQtODRlZC00YWQ2LTk3NGEtN2RjNGUzYzM0MTQ2L3Jlc291cmNlR3JvdXBzL3pob25namllLXJnLXd1cy9wcm92aWRlcnMvTWljcm9zb2Z0LkRlc2t0b3BWaXJ0dWFsaXphdGlvbi9hcHBsaWNhdGlvbkdyb3Vwcy9BcHBsaWNhdGlvbkdyb3VwUG93ZXJzaGVsbDE=" ],
        "x-ms-lamport-ts": [ "10114341181" ],
        "x-ms-correlation-id": [ "4cf27d61-ca4e-4690-bd55-bd61af3f7f1a" ],
        "x-ms-request-id": [ "57f6836c-1650-4ad3-9c97-2a25f3df1779" ],
        "X-Powered-By": [ "ASP.NET" ],
        "X-Content-Type-Options": [ "nosniff" ],
        "x-ms-operation-identifier": [ "tenantId=715492f1-ef6e-4eea-9176-7c81e765c3c8,objectId=1db230a9-e046-46ab-912b-9cea769323a2/japaneast/983b51da-41c3-4c23-840c-1d36fca37730" ],
        "x-ms-ratelimit-remaining-subscription-writes": [ "195" ],
        "x-ms-ratelimit-remaining-subscription-global-writes": [ "2995" ],
        "x-ms-correlation-request-id": [ "55c0ca59-68d0-4f02-b428-8bdb9d4e5bf3" ],
        "x-ms-routing-request-id": [ "JAPANEAST:20251029T022253Z:55c0ca59-68d0-4f02-b428-8bdb9d4e5bf3" ],
        "Strict-Transport-Security": [ "max-age=31536000; includeSubDomains" ],
        "Date": [ "Wed, 29 Oct 2025 02:22:52 GMT" ]
      },
      "ContentHeaders": {
        "Content-Length": [ "1014" ],
        "Content-Type": [ "application/json; charset=utf-8" ],
        "Expires": [ "-1" ]
      },
      "Content": "{\"name\":\"ApplicationGroupPowershell1\",\"id\":\"/subscriptions/6738509d-84ed-4ad6-974a-7dc4e3c34146/resourcegroups/zhongjie-rg-wus/providers/Microsoft.DesktopVirtualization/applicationgroups/ApplicationGroupPowershell1\",\"type\":\"Microsoft.DesktopVirtualization/applicationgroups\",\"location\":\"westus2\",\"tags\":null,\"kind\":\"Desktop\",\"systemData\":{\"createdBy\":\"zhongjieli@w365runner250520sh01.onmicrosoft.com\",\"createdByType\":\"User\",\"createdAt\":\"2025-10-29T02:22:52.18Z\",\"lastModifiedBy\":\"zhongjieli@w365runner250520sh01.onmicrosoft.com\",\"lastModifiedByType\":\"User\",\"lastModifiedAt\":\"2025-10-29T02:22:52.18Z\"},\"properties\":{\"showInFeed\":null,\"hostPoolArmPath\":\"/subscriptions/6738509d-84ed-4ad6-974a-7dc4e3c34146/resourcegroups/zhongjie-rg-wus/providers/Microsoft.DesktopVirtualization/hostpools/HostPoolPowershellContained1\",\"workspaceArmPath\":null,\"description\":\"des\",\"friendlyName\":\"fri\",\"applicationGroupType\":\"Desktop\",\"migrationRequest\":null,\"cloudPcResource\":false,\"objectId\":\"0766fd71-cf30-48e6-9080-1a9b5c353c38\"}}",
      "isContentBase64": false
    }
  },
  "Get-AzWvdApplicationGroup+[NoContext]+List Subscription Level+$PUT+https://management.azure.com/subscriptions/6738509d-84ed-4ad6-974a-7dc4e3c34146/resourceGroups/zhongjie-rg-wus/providers/Microsoft.DesktopVirtualization/applicationGroups/ApplicationGroupPowershell2?api-version=2025-04-01-preview+3": {
    "Request": {
      "Method": "PUT",
      "RequestUri": "https://management.azure.com/subscriptions/6738509d-84ed-4ad6-974a-7dc4e3c34146/resourceGroups/zhongjie-rg-wus/providers/Microsoft.DesktopVirtualization/applicationGroups/ApplicationGroupPowershell2?api-version=2025-04-01-preview",
      "Content": "{\r\n  \"location\": \"westus2\",\r\n  \"properties\": {\r\n    \"description\": \"des\",\r\n    \"friendlyName\": \"fri\",\r\n    \"hostPoolArmPath\": \"/subscriptions/6738509d-84ed-4ad6-974a-7dc4e3c34146/resourcegroups/zhongjie-rg-wus/providers/Microsoft.DesktopVirtualization/hostpools/HostPoolPowershellContained1\",\r\n    \"applicationGroupType\": \"RemoteApp\"\r\n  }\r\n}",
      "isContentBase64": false,
      "Headers": {
      },
      "ContentHeaders": {
        "Content-Type": [ "application/json" ],
        "Content-Length": [ "341" ]
      }
    },
    "Response": {
      "StatusCode": 201,
      "Headers": {
        "Cache-Control": [ "no-cache" ],
        "Pragma": [ "no-cache" ],
        "Location": [ "/subscriptions/6738509d-84ed-4ad6-974a-7dc4e3c34146/resourcegroups/zhongjie-rg-wus/providers/Microsoft.DesktopVirtualization/applicationgroups/ApplicationGroupPowershell2" ],
        "Set-Cookie": [ "ARRAffinity=ba8769d5d8f61043baf2042b0775d1ad6f711b9d9f4342819ff8fb726a0ac209;Path=/;HttpOnly;Secure;Domain=rdarmprovider-g-us-r0.wvd.microsoft.com", "ARRAffinitySameSite=ba8769d5d8f61043baf2042b0775d1ad6f711b9d9f4342819ff8fb726a0ac209;Path=/;HttpOnly;SameSite=None;Secure;Domain=rdarmprovider-g-us-r0.wvd.microsoft.com" ],
        "Server": [ "Microsoft-IIS/10.0" ],
        "X-Rate-Limit-Limit": [ "0" ],
        "X-Rate-Limit-Remaining": [ "9223372036854775807" ],
        "X-Rate-Limit-Reset": [ "0" ],
        "x-ms-opsarmpath64": [ "L3N1YnNjcmlwdGlvbnMvNjczODUwOWQtODRlZC00YWQ2LTk3NGEtN2RjNGUzYzM0MTQ2L3Jlc291cmNlR3JvdXBzL3pob25namllLXJnLXd1cy9wcm92aWRlcnMvTWljcm9zb2Z0LkRlc2t0b3BWaXJ0dWFsaXphdGlvbi9hcHBsaWNhdGlvbkdyb3Vwcy9BcHBsaWNhdGlvbkdyb3VwUG93ZXJzaGVsbDI=" ],
        "x-ms-lamport-ts": [ "10114341265" ],
        "x-ms-correlation-id": [ "529f6b14-2f51-46d4-bc90-6beea4ffb0b5" ],
        "x-ms-request-id": [ "3c7a35d6-f1c8-4daf-8d82-8583b55fa52f" ],
        "X-Powered-By": [ "ASP.NET" ],
        "X-Content-Type-Options": [ "nosniff" ],
        "x-ms-operation-identifier": [ "tenantId=715492f1-ef6e-4eea-9176-7c81e765c3c8,objectId=1db230a9-e046-46ab-912b-9cea769323a2/japaneast/e85204b4-e526-4114-9c55-bf2cd21d5743" ],
        "x-ms-ratelimit-remaining-subscription-writes": [ "194" ],
        "x-ms-ratelimit-remaining-subscription-global-writes": [ "2994" ],
        "x-ms-correlation-request-id": [ "7e3fc746-112b-4cc2-8d53-c95d34f963d9" ],
        "x-ms-routing-request-id": [ "JAPANEAST:20251029T022255Z:7e3fc746-112b-4cc2-8d53-c95d34f963d9" ],
        "Strict-Transport-Security": [ "max-age=31536000; includeSubDomains" ],
        "Date": [ "Wed, 29 Oct 2025 02:22:54 GMT" ]
      },
      "ContentHeaders": {
        "Content-Length": [ "1018" ],
        "Content-Type": [ "application/json; charset=utf-8" ],
        "Expires": [ "-1" ]
      },
      "Content": "{\"name\":\"ApplicationGroupPowershell2\",\"id\":\"/subscriptions/6738509d-84ed-4ad6-974a-7dc4e3c34146/resourcegroups/zhongjie-rg-wus/providers/Microsoft.DesktopVirtualization/applicationgroups/ApplicationGroupPowershell2\",\"type\":\"Microsoft.DesktopVirtualization/applicationgroups\",\"location\":\"westus2\",\"tags\":null,\"kind\":\"RemoteApp\",\"systemData\":{\"createdBy\":\"zhongjieli@w365runner250520sh01.onmicrosoft.com\",\"createdByType\":\"User\",\"createdAt\":\"2025-10-29T02:22:54.15Z\",\"lastModifiedBy\":\"zhongjieli@w365runner250520sh01.onmicrosoft.com\",\"lastModifiedByType\":\"User\",\"lastModifiedAt\":\"2025-10-29T02:22:54.15Z\"},\"properties\":{\"showInFeed\":null,\"hostPoolArmPath\":\"/subscriptions/6738509d-84ed-4ad6-974a-7dc4e3c34146/resourcegroups/zhongjie-rg-wus/providers/Microsoft.DesktopVirtualization/hostpools/HostPoolPowershellContained1\",\"workspaceArmPath\":null,\"description\":\"des\",\"friendlyName\":\"fri\",\"applicationGroupType\":\"RemoteApp\",\"migrationRequest\":null,\"cloudPcResource\":false,\"objectId\":\"13400f42-586c-4605-9c59-a79c2a22df71\"}}",
      "isContentBase64": false
    }
  },
  "Get-AzWvdApplicationGroup+[NoContext]+List Subscription Level+$GET+https://management.azure.com/subscriptions/6738509d-84ed-4ad6-974a-7dc4e3c34146/providers/Microsoft.DesktopVirtualization/applicationGroups?api-version=2025-04-01-preview+4": {
    "Request": {
      "Method": "GET",
      "RequestUri": "https://management.azure.com/subscriptions/6738509d-84ed-4ad6-974a-7dc4e3c34146/providers/Microsoft.DesktopVirtualization/applicationGroups?api-version=2025-04-01-preview",
      "Content": null,
      "isContentBase64": false,
      "Headers": {
        "x-ms-unique-id": [ "69" ],
        "x-ms-client-request-id": [ "f9caf471-8347-4ca8-b3ef-9cfe888adffb" ],
        "CommandName": [ "Get-AzWvdApplicationGroup" ],
        "FullCommandName": [ "Get-AzWvdApplicationGroup_List" ],
        "ParameterSetName": [ "__AllParameterSets" ],
        "User-Agent": [ "AzurePowershell/v8.2.0", "PSVersion/v7.5.3", "Az.DesktopVirtualization/0.1.0" ],
        "Authorization": [ "[Filtered]" ]
      },
      "ContentHeaders": {
      }
    },
    "Response": {
      "StatusCode": 200,
      "Headers": {
        "Cache-Control": [ "no-cache" ],
        "Pragma": [ "no-cache" ],
        "x-ms-original-request-ids": [ "f9caf471-8347-4ca8-b3ef-9cfe888adffb", "f9caf471-8347-4ca8-b3ef-9cfe888adffb", "f9caf471-8347-4ca8-b3ef-9cfe888adffb", "f9caf471-8347-4ca8-b3ef-9cfe888adffb", "f9caf471-8347-4ca8-b3ef-9cfe888adffb" ],
        "x-ms-ratelimit-remaining-subscription-reads": [ "249" ],
        "x-ms-ratelimit-remaining-subscription-global-reads": [ "3749" ],
        "x-ms-request-id": [ "751e278f-4511-48ef-b246-4ff14c884f15" ],
        "x-ms-correlation-request-id": [ "751e278f-4511-48ef-b246-4ff14c884f15" ],
        "x-ms-routing-request-id": [ "JAPANEAST:20251029T022256Z:751e278f-4511-48ef-b246-4ff14c884f15" ],
        "Strict-Transport-Security": [ "max-age=31536000; includeSubDomains" ],
        "X-Content-Type-Options": [ "nosniff" ],
        "Date": [ "Wed, 29 Oct 2025 02:22:55 GMT" ]
      },
      "ContentHeaders": {
        "Content-Type": [ "application/json; charset=utf-8" ],
        "Expires": [ "-1" ],
        "Content-Length": [ "75749" ]
      },
      "Content": "{\"value\":[{\"name\":\"RD5-DAG\",\"id\":\"/subscriptions/6738509d-84ed-4ad6-974a-7dc4e3c34146/resourcegroups/DefaultResourceGroup-CCAN/providers/Microsoft.DesktopVirtualization/applicationgroups/RD5-DAG\",\"type\":\"Microsoft.DesktopVirtualization/applicationgroups\",\"location\":\"ukwest\",\"tags\":{\"cm-resource-parent\":\"/subscriptions/6738509d-84ed-4ad6-974a-7dc4e3c34146/resourceGroups/DefaultResourceGroup-CCAN/providers/Microsoft.DesktopVirtualization/RD5\"},\"kind\":\"Desktop\",\"systemData\":{\"createdBy\":\"hh@w365runner250520sh01.onmicrosoft.com\",\"createdByType\":\"User\",\"createdAt\":\"2025-08-14T09:50:01.91Z\",\"lastModifiedBy\":\"hh@w365runner250520sh01.onmicrosoft.com\",\"lastModifiedByType\":\"User\",\"lastModifiedAt\":\"2025-08-14T09:50:01.91Z\"},\"properties\":{\"showInFeed\":null,\"hostPoolArmPath\":\"/subscriptions/6738509d-84ed-4ad6-974a-7dc4e3c34146/resourcegroups/DefaultResourceGroup-CCAN/providers/Microsoft.DesktopVirtualization/hostpools/RD5\",\"workspaceArmPath\":null,\"description\":\"Desktop Application Group created through the Hostpool Wizard\",\"friendlyName\":\"Default Desktop\",\"applicationGroupType\":\"Desktop\",\"migrationRequest\":null,\"cloudPcResource\":false,\"objectId\":\"84b32533-b6e5-4652-80a2-62144f641da1\"}},{\"name\":\"ApplicationGroup.Teams\",\"id\":\"/subscriptions/6738509d-84ed-4ad6-974a-7dc4e3c34146/resourcegroups/binru-resource-group/providers/Microsoft.DesktopVirtualization/applicationgroups/ApplicationGroup.Teams\",\"type\":\"Microsoft.DesktopVirtualization/applicationgroups\",\"location\":\"eastasia\",\"tags\":{},\"kind\":\"RemoteApp\",\"systemData\":{\"createdBy\":\"TestWin365@w365runner250520sh01.onmicrosoft.com\",\"createdByType\":\"User\",\"createdAt\":\"2025-06-16T06:27:21.91Z\",\"lastModifiedBy\":\"TestWin365@w365runner250520sh01.onmicrosoft.com\",\"lastModifiedByType\":\"User\",\"lastModifiedAt\":\"2025-06-16T06:27:44.72Z\"},\"properties\":{\"showInFeed\":null,\"hostPoolArmPath\":\"/subscriptions/6738509d-84ed-4ad6-974a-7dc4e3c34146/resourcegroups/binru-resource-group/providers/Microsoft.DesktopVirtualization/hostpools/binru-host-pool\",\"workspaceArmPath\":null,\"description\":\"\",\"friendlyName\":\"ApplicationGroup.Teams\",\"applicationGroupType\":\"RemoteApp\",\"migrationRequest\":null,\"cloudPcResource\":false,\"objectId\":\"335eaced-ebb8-48ed-986c-e5768df372ba\"}},{\"name\":\"binru-host-pool-DAG\",\"id\":\"/subscriptions/6738509d-84ed-4ad6-974a-7dc4e3c34146/resourcegroups/binru-resource-group/providers/Microsoft.DesktopVirtualization/applicationgroups/binru-host-pool-DAG\",\"type\":\"Microsoft.DesktopVirtualization/applicationgroups\",\"location\":\"eastasia\",\"tags\":{\"cm-resource-parent\":\"/subscriptions/6738509d-84ed-4ad6-974a-7dc4e3c34146/resourceGroups/binru-resource-group/providers/Microsoft.DesktopVirtualization/binru-host-pool\"},\"kind\":\"Desktop\",\"systemData\":{\"createdBy\":\"TestWin365@w365runner250520sh01.onmicrosoft.com\",\"createdByType\":\"User\",\"createdAt\":\"2025-06-10T08:20:37.25Z\",\"lastModifiedBy\":\"TestWin365@w365runner250520sh01.onmicrosoft.com\",\"lastModifiedByType\":\"User\",\"lastModifiedAt\":\"2025-06-10T08:20:37.25Z\"},\"properties\":{\"showInFeed\":null,\"hostPoolArmPath\":\"/subscriptions/6738509d-84ed-4ad6-974a-7dc4e3c34146/resourcegroups/binru-resource-group/providers/Microsoft.DesktopVirtualization/hostpools/binru-host-pool\",\"workspaceArmPath\":\"/subscriptions/6738509d-84ed-4ad6-974a-7dc4e3c34146/resourcegroups/binru-resource-group/providers/Microsoft.DesktopVirtualization/workspaces/binru-workspace\",\"description\":\"Desktop Application Group created through the Hostpool Wizard\",\"friendlyName\":\"Default Desktop\",\"applicationGroupType\":\"Desktop\",\"migrationRequest\":null,\"cloudPcResource\":false,\"objectId\":\"550d97e4-d933-4a15-9f96-a040126e5ca8\"}},{\"name\":\"qiahaHP-DAG\",\"id\":\"/subscriptions/6738509d-84ed-4ad6-974a-7dc4e3c34146/resourcegroups/qiahaRG/providers/Microsoft.DesktopVirtualization/applicationgroups/qiahaHP-DAG\",\"type\":\"Microsoft.DesktopVirtualization/applicationgroups\",\"location\":\"eastasia\",\"tags\":{\"cm-resource-parent\":\"/subscriptions/6738509d-84ed-4ad6-974a-7dc4e3c34146/resourceGroups/qiahaRG/providers/Microsoft.DesktopVirtualization/qiahaHP\"},\"kind\":\"Desktop\",\"systemData\":{\"createdBy\":\"TestWin365@w365runner250520sh01.onmicrosoft.com\",\"createdByType\":\"User\",\"createdAt\":\"2025-06-11T07:10:49.60Z\",\"lastModifiedBy\":\"TestWin365@w365runner250520sh01.onmicrosoft.com\",\"lastModifiedByType\":\"User\",\"lastModifiedAt\":\"2025-06-11T07:10:49.60Z\"},\"properties\":{\"showInFeed\":null,\"hostPoolArmPath\":\"/subscriptions/6738509d-84ed-4ad6-974a-7dc4e3c34146/resourcegroups/qiahaRG/providers/Microsoft.DesktopVirtualization/hostpools/qiahaHP\",\"workspaceArmPath\":\"/subscriptions/6738509d-84ed-4ad6-974a-7dc4e3c34146/resourcegroups/qiahaRG/providers/Microsoft.DesktopVirtualization/workspaces/qiahaWP\",\"description\":\"Desktop Application Group created through the Hostpool Wizard\",\"friendlyName\":\"Default Desktop\",\"applicationGroupType\":\"Desktop\",\"migrationRequest\":null,\"cloudPcResource\":false,\"objectId\":\"1cec5310-d799-40cf-b8c1-9975dbce80cb\"}},{\"name\":\"yunye_hostpool-DAG\",\"id\":\"/subscriptions/6738509d-84ed-4ad6-974a-7dc4e3c34146/resourcegroups/yunye_ResourceGroup/providers/Microsoft.DesktopVirtualization/applicationgroups/yunye_hostpool-DAG\",\"type\":\"Microsoft.DesktopVirtualization/applicationgroups\",\"location\":\"eastasia\",\"tags\":{\"cm-resource-parent\":\"/subscriptions/6738509d-84ed-4ad6-974a-7dc4e3c34146/resourceGroups/yunye_ResourceGroup/providers/Microsoft.DesktopVirtualization/yunye_hostpool\"},\"kind\":\"Desktop\",\"systemData\":{\"createdBy\":\"TestWin365@w365runner250520sh01.onmicrosoft.com\",\"createdByType\":\"User\",\"createdAt\":\"2025-06-25T08:26:01.23Z\",\"lastModifiedBy\":\"TestWin365@w365runner250520sh01.onmicrosoft.com\",\"lastModifiedByType\":\"User\",\"lastModifiedAt\":\"2025-06-25T08:30:22.69Z\"},\"properties\":{\"showInFeed\":null,\"hostPoolArmPath\":\"/subscriptions/6738509d-84ed-4ad6-974a-7dc4e3c34146/resourcegroups/yunye_ResourceGroup/providers/Microsoft.DesktopVirtualization/hostpools/yunye_hostpool\",\"workspaceArmPath\":\"/subscriptions/6738509d-84ed-4ad6-974a-7dc4e3c34146/resourcegroups/yunye_ResourceGroup/providers/Microsoft.DesktopVirtualization/workspaces/yunyewu_workspace\",\"description\":\"Desktop Application Group created through the Hostpool Wizard\",\"friendlyName\":\"Default Desktop\",\"applicationGroupType\":\"Desktop\",\"migrationRequest\":null,\"cloudPcResource\":false,\"objectId\":\"3c14eec1-eb59-4460-92b4-a0958db9bb76\"}},{\"name\":\"yunye_hostpool_personal-DAG\",\"id\":\"/subscriptions/6738509d-84ed-4ad6-974a-7dc4e3c34146/resourcegroups/yunye_ResourceGroup-japanwest/providers/Microsoft.DesktopVirtualization/applicationgroups/yunye_hostpool_personal-DAG\",\"type\":\"Microsoft.DesktopVirtualization/applicationgroups\",\"location\":\"japanwest\",\"tags\":{\"cm-resource-parent\":\"/subscriptions/6738509d-84ed-4ad6-974a-7dc4e3c34146/resourceGroups/yunye_ResourceGroup-japanwest/providers/Microsoft.DesktopVirtualization/yunye_hostpool_personal\"},\"kind\":\"Desktop\",\"systemData\":{\"createdBy\":\"TestWin365@w365runner250520sh01.onmicrosoft.com\",\"createdByType\":\"User\",\"createdAt\":\"2025-06-25T08:51:44.39Z\",\"lastModifiedBy\":\"TestWin365@w365runner250520sh01.onmicrosoft.com\",\"lastModifiedByType\":\"User\",\"lastModifiedAt\":\"2025-06-25T08:51:44.39Z\"},\"properties\":{\"showInFeed\":null,\"hostPoolArmPath\":\"/subscriptions/6738509d-84ed-4ad6-974a-7dc4e3c34146/resourcegroups/yunye_ResourceGroup-japanwest/providers/Microsoft.DesktopVirtualization/hostpools/yunye_hostpool_personal\",\"workspaceArmPath\":\"/subscriptions/6738509d-84ed-4ad6-974a-7dc4e3c34146/resourcegroups/yunye_ResourceGroup-japanwest/providers/Microsoft.DesktopVirtualization/workspaces/yunyewu_workspace\",\"description\":\"Desktop Application Group created through the Hostpool Wizard\",\"friendlyName\":\"Default Desktop\",\"applicationGroupType\":\"Desktop\",\"migrationRequest\":null,\"cloudPcResource\":false,\"objectId\":\"3f8e5966-37ee-488a-9444-eeccb7341dd9\"}},{\"name\":\"AP813N2\",\"id\":\"/subscriptions/6738509d-84ed-4ad6-974a-7dc4e3c34146/resourcegroups/fanliu-test/providers/Microsoft.DesktopVirtualization/applicationgroups/AP813N2\",\"type\":\"Microsoft.DesktopVirtualization/applicationgroups\",\"location\":\"northeurope\",\"tags\":{},\"kind\":\"RemoteApp\",\"systemData\":{\"createdBy\":\"TestWin365@w365runner250520sh01.onmicrosoft.com\",\"createdByType\":\"User\",\"createdAt\":\"2025-08-13T09:31:20.87Z\",\"lastModifiedBy\":\"TestWin365@w365runner250520sh01.onmicrosoft.com\",\"lastModifiedByType\":\"User\",\"lastModifiedAt\":\"2025-08-13T09:31:27.15Z\"},\"properties\":{\"showInFeed\":null,\"hostPoolArmPath\":\"/subscriptions/6738509d-84ed-4ad6-974a-7dc4e3c34146/resourcegroups/fanliu-test/providers/Microsoft.DesktopVirtualization/hostpools/fanliu813\",\"workspaceArmPath\":null,\"description\":\"\",\"friendlyName\":\"AP813N2\",\"applicationGroupType\":\"RemoteApp\",\"migrationRequest\":null,\"cloudPcResource\":false,\"objectId\":\"481398dc-62f2-4420-82bf-61c42968f6ed\"}},{\"name\":\"AP813RA\",\"id\":\"/subscriptions/6738509d-84ed-4ad6-974a-7dc4e3c34146/resourcegroups/fanliu-test/providers/Microsoft.DesktopVirtualization/applicationgroups/AP813RA\",\"type\":\"Microsoft.DesktopVirtualization/applicationgroups\",\"location\":\"northeurope\",\"tags\":{},\"kind\":\"RemoteApp\",\"systemData\":{\"createdBy\":\"TestWin365@w365runner250520sh01.onmicrosoft.com\",\"createdByType\":\"User\",\"createdAt\":\"2025-08-13T09:29:40.83Z\",\"lastModifiedBy\":\"TestWin365@w365runner250520sh01.onmicrosoft.com\",\"lastModifiedByType\":\"User\",\"lastModifiedAt\":\"2025-08-13T09:29:46.81Z\"},\"properties\":{\"showInFeed\":null,\"hostPoolArmPath\":\"/subscriptions/6738509d-84ed-4ad6-974a-7dc4e3c34146/resourcegroups/fanliu-test/providers/Microsoft.DesktopVirtualization/hostpools/fanliu813\",\"workspaceArmPath\":null,\"description\":\"\",\"friendlyName\":\"AP813RA\",\"applicationGroupType\":\"RemoteApp\",\"migrationRequest\":null,\"cloudPcResource\":false,\"objectId\":\"d917dea1-303a-4a15-89da-2e09455fe1d5\"}},{\"name\":\"fanliu813-DAG\",\"id\":\"/subscriptions/6738509d-84ed-4ad6-974a-7dc4e3c34146/resourcegroups/fanliu-test/providers/Microsoft.DesktopVirtualization/applicationgroups/fanliu813-DAG\",\"type\":\"Microsoft.DesktopVirtualization/applicationgroups\",\"location\":\"northeurope\",\"tags\":null,\"kind\":\"Desktop\",\"systemData\":{\"createdBy\":\"TestWin365@w365runner250520sh01.onmicrosoft.com\",\"createdByType\":\"User\",\"createdAt\":\"2025-08-13T09:27:27.65Z\",\"lastModifiedBy\":\"TestWin365@w365runner250520sh01.onmicrosoft.com\",\"lastModifiedByType\":\"User\",\"lastModifiedAt\":\"2025-08-13T09:27:27.65Z\"},\"properties\":{\"showInFeed\":null,\"hostPoolArmPath\":\"/subscriptions/6738509d-84ed-4ad6-974a-7dc4e3c34146/resourcegroups/fanliu-test/providers/Microsoft.DesktopVirtualization/hostpools/fanliu813\",\"workspaceArmPath\":\"/subscriptions/6738509d-84ed-4ad6-974a-7dc4e3c34146/resourcegroups/fanliu-test/providers/Microsoft.DesktopVirtualization/workspaces/fanliuWSNE\",\"description\":\"Desktop Application Group created through the Hostpool Wizard\",\"friendlyName\":\"Default Desktop\",\"applicationGroupType\":\"Desktop\",\"migrationRequest\":null,\"cloudPcResource\":false,\"objectId\":\"c6f371f5-f82d-46e3-8e5f-294b3aaa4183\"}},{\"name\":\"fanliu819-DAG\",\"id\":\"/subscriptions/6738509d-84ed-4ad6-974a-7dc4e3c34146/resourcegroups/fanliu-test/providers/Microsoft.DesktopVirtualization/applicationgroups/fanliu819-DAG\",\"type\":\"Microsoft.DesktopVirtualization/applicationgroups\",\"location\":\"northeurope\",\"tags\":{\"cm-resource-parent\":\"/subscriptions/6738509d-84ed-4ad6-974a-7dc4e3c34146/resourceGroups/fanliu-test/providers/Microsoft.DesktopVirtualization/fanliu819\"},\"kind\":\"Desktop\",\"systemData\":{\"createdBy\":\"TestWin365@w365runner250520sh01.onmicrosoft.com\",\"createdByType\":\"User\",\"createdAt\":\"2025-08-19T02:19:13.70Z\",\"lastModifiedBy\":\"TestWin365@w365runner250520sh01.onmicrosoft.com\",\"lastModifiedByType\":\"User\",\"lastModifiedAt\":\"2025-08-19T02:19:13.70Z\"},\"properties\":{\"showInFeed\":null,\"hostPoolArmPath\":\"/subscriptions/6738509d-84ed-4ad6-974a-7dc4e3c34146/resourcegroups/fanliu-test/providers/Microsoft.DesktopVirtualization/hostpools/fanliu819\",\"workspaceArmPath\":null,\"description\":\"Desktop Application Group created through the Hostpool Wizard\",\"friendlyName\":\"Default Desktop\",\"applicationGroupType\":\"Desktop\",\"migrationRequest\":null,\"cloudPcResource\":false,\"objectId\":\"33f6d521-9065-4075-b15d-c797bb5590ed\"}},{\"name\":\"liu-test2-DAG\",\"id\":\"/subscriptions/6738509d-84ed-4ad6-974a-7dc4e3c34146/resourcegroups/liu-test/providers/Microsoft.DesktopVirtualization/applicationgroups/liu-test2-DAG\",\"type\":\"Microsoft.DesktopVirtualization/applicationgroups\",\"location\":\"northeurope\",\"tags\":{\"cm-resource-parent\":\"/subscriptions/6738509d-84ed-4ad6-974a-7dc4e3c34146/resourceGroups/liu-test/providers/Microsoft.DesktopVirtualization/liu-test2\"},\"kind\":\"Desktop\",\"systemData\":{\"createdBy\":\"TestWin365@w365runner250520sh01.onmicrosoft.com\",\"createdByType\":\"User\",\"createdAt\":\"2025-06-26T07:37:00.33Z\",\"lastModifiedBy\":\"TestWin365@w365runner250520sh01.onmicrosoft.com\",\"lastModifiedByType\":\"User\",\"lastModifiedAt\":\"2025-06-26T07:37:00.33Z\"},\"properties\":{\"showInFeed\":null,\"hostPoolArmPath\":\"/subscriptions/6738509d-84ed-4ad6-974a-7dc4e3c34146/resourcegroups/liu-test/providers/Microsoft.DesktopVirtualization/hostpools/liu-test2\",\"workspaceArmPath\":null,\"description\":\"Desktop Application Group created through the Hostpool Wizard\",\"friendlyName\":\"Default Desktop\",\"applicationGroupType\":\"Desktop\",\"migrationRequest\":null,\"cloudPcResource\":false,\"objectId\":\"c905fa65-77f8-4d1d-a21e-0f8b9638688f\"}},{\"name\":\"lucy-hostpool-DAG\",\"id\":\"/subscriptions/6738509d-84ed-4ad6-974a-7dc4e3c34146/resourcegroups/lucy-resource-group/providers/Microsoft.DesktopVirtualization/applicationgroups/lucy-hostpool-DAG\",\"type\":\"Microsoft.DesktopVirtualization/applicationgroups\",\"location\":\"westeurope\",\"tags\":{\"cm-resource-parent\":\"/subscriptions/6738509d-84ed-4ad6-974a-7dc4e3c34146/resourceGroups/lucy-resource-group/providers/Microsoft.DesktopVirtualization/lucy-hostpool\"},\"kind\":\"Desktop\",\"systemData\":{\"createdBy\":\"TestWin365@w365runner250520sh01.onmicrosoft.com\",\"createdByType\":\"User\",\"createdAt\":\"2025-06-26T02:58:58.05Z\",\"lastModifiedBy\":\"TestWin365@w365runner250520sh01.onmicrosoft.com\",\"lastModifiedByType\":\"User\",\"lastModifiedAt\":\"2025-06-26T02:58:58.05Z\"},\"properties\":{\"showInFeed\":null,\"hostPoolArmPath\":\"/subscriptions/6738509d-84ed-4ad6-974a-7dc4e3c34146/resourcegroups/lucy-resource-group/providers/Microsoft.DesktopVirtualization/hostpools/lucy-hostpool\",\"workspaceArmPath\":\"/subscriptions/6738509d-84ed-4ad6-974a-7dc4e3c34146/resourcegroups/lucy-resource-group/providers/Microsoft.DesktopVirtualization/workspaces/lucy-workspace\",\"description\":\"Desktop Application Group created through the Hostpool Wizard\",\"friendlyName\":\"Default Desktop\",\"applicationGroupType\":\"Desktop\",\"migrationRequest\":null,\"cloudPcResource\":false,\"objectId\":\"fc909fc1-dac6-42d3-b950-c0819db730e3\"}},{\"name\":\"test2\",\"id\":\"/subscriptions/6738509d-84ed-4ad6-974a-7dc4e3c34146/resourcegroups/fanliu-test/providers/Microsoft.DesktopVirtualization/applicationgroups/test2\",\"type\":\"Microsoft.DesktopVirtualization/applicationgroups\",\"location\":\"northeurope\",\"tags\":{},\"kind\":\"RemoteApp\",\"systemData\":{\"createdBy\":\"TestWin365@w365runner250520sh01.onmicrosoft.com\",\"createdByType\":\"User\",\"createdAt\":\"2025-08-19T09:49:42.31Z\",\"lastModifiedBy\":\"TestWin365@w365runner250520sh01.onmicrosoft.com\",\"lastModifiedByType\":\"User\",\"lastModifiedAt\":\"2025-08-19T09:49:48.55Z\"},\"properties\":{\"showInFeed\":null,\"hostPoolArmPath\":\"/subscriptions/6738509d-84ed-4ad6-974a-7dc4e3c34146/resourcegroups/fanliu-test/providers/Microsoft.DesktopVirtualization/hostpools/fanliu813\",\"workspaceArmPath\":null,\"description\":\"\",\"friendlyName\":\"test2\",\"applicationGroupType\":\"RemoteApp\",\"migrationRequest\":null,\"cloudPcResource\":false,\"objectId\":\"fa6a1870-806a-437c-bf58-43a152db32ad\"}},{\"name\":\"000-DAG\",\"id\":\"/subscriptions/6738509d-84ed-4ad6-974a-7dc4e3c34146/resourcegroups/ivy-rg/providers/Microsoft.DesktopVirtualization/applicationgroups/000-DAG\",\"type\":\"Microsoft.DesktopVirtualization/applicationgroups\",\"location\":\"eastus\",\"tags\":{\"cm-resource-parent\":\"/subscriptions/6738509d-84ed-4ad6-974a-7dc4e3c34146/resourceGroups/ivy-rg/providers/Microsoft.DesktopVirtualization/000\"},\"kind\":\"Desktop\",\"systemData\":{\"createdBy\":\"yixizh@w365runner250520sh01.onmicrosoft.com\",\"createdByType\":\"User\",\"createdAt\":\"2025-06-10T05:52:15.55Z\",\"lastModifiedBy\":\"yixizh@w365runner250520sh01.onmicrosoft.com\",\"lastModifiedByType\":\"User\",\"lastModifiedAt\":\"2025-06-10T05:52:15.55Z\"},\"properties\":{\"showInFeed\":null,\"hostPoolArmPath\":\"/subscriptions/6738509d-84ed-4ad6-974a-7dc4e3c34146/resourcegroups/ivy-rg/providers/Microsoft.DesktopVirtualization/hostpools/000\",\"workspaceArmPath\":null,\"description\":\"Desktop Application Group created through the Hostpool Wizard\",\"friendlyName\":\"Default Desktop\",\"applicationGroupType\":\"Desktop\",\"migrationRequest\":null,\"cloudPcResource\":false,\"objectId\":\"4a52666d-2b01-445b-aac6-d4be4ec14333\"}},{\"name\":\"ahp1-DAG\",\"id\":\"/subscriptions/6738509d-84ed-4ad6-974a-7dc4e3c34146/resourcegroups/RGTest/providers/Microsoft.DesktopVirtualization/applicationgroups/ahp1-DAG\",\"type\":\"Microsoft.DesktopVirtualization/applicationgroups\",\"location\":\"eastus\",\"tags\":null,\"kind\":\"Desktop\",\"systemData\":{\"createdBy\":\"v-barrybu@microsoft.com\",\"createdByType\":\"User\",\"createdAt\":\"2025-09-22T05:09:47.69Z\",\"lastModifiedBy\":\"v-barrybu@microsoft.com\",\"lastModifiedByType\":\"User\",\"lastModifiedAt\":\"2025-09-22T05:09:47.69Z\"},\"properties\":{\"showInFeed\":null,\"hostPoolArmPath\":\"/subscriptions/6738509d-84ed-4ad6-974a-7dc4e3c34146/resourcegroups/RGTest/providers/Microsoft.DesktopVirtualization/hostpools/ahp1\",\"workspaceArmPath\":null,\"description\":\"Desktop Application Group created through the Hostpool Wizard\",\"friendlyName\":\"Default Desktop\",\"applicationGroupType\":\"Desktop\",\"migrationRequest\":null,\"cloudPcResource\":false,\"objectId\":\"67616394-ca4e-42df-9d38-4df8d0305537\"}},{\"name\":\"andy22PooledAutoHp-DAG\",\"id\":\"/subscriptions/6738509d-84ed-4ad6-974a-7dc4e3c34146/resourcegroups/andyResourceGroup/providers/Microsoft.DesktopVirtualization/applicationgroups/andy22PooledAutoHp-DAG\",\"type\":\"Microsoft.DesktopVirtualization/applicationgroups\",\"location\":\"centralus\",\"tags\":null,\"kind\":\"Desktop\",\"systemData\":{\"createdBy\":\"v-andywang@microsoft.com\",\"createdByType\":\"User\",\"createdAt\":\"2025-09-22T05:12:27.61Z\",\"lastModifiedBy\":\"v-andywang@microsoft.com\",\"lastModifiedByType\":\"User\",\"lastModifiedAt\":\"2025-09-22T05:12:27.61Z\"},\"properties\":{\"showInFeed\":null,\"hostPoolArmPath\":\"/subscriptions/6738509d-84ed-4ad6-974a-7dc4e3c34146/resourcegroups/andyResourceGroup/providers/Microsoft.DesktopVirtualization/hostpools/andy22PooledAutoHp\",\"workspaceArmPath\":null,\"description\":\"Desktop Application Group created through the Hostpool Wizard\",\"friendlyName\":\"Default Desktop\",\"applicationGroupType\":\"Desktop\",\"migrationRequest\":null,\"cloudPcResource\":false,\"objectId\":\"dd24cec2-b6a0-49d9-8829-e54958c44993\"}},{\"name\":\"ApplicationGroupPowershell1\",\"id\":\"/subscriptions/6738509d-84ed-4ad6-974a-7dc4e3c34146/resourcegroups/zhongjie-rg-wus/providers/Microsoft.DesktopVirtualization/applicationgroups/ApplicationGroupPowershell1\",\"type\":\"Microsoft.DesktopVirtualization/applicationgroups\",\"location\":\"westus2\",\"tags\":null,\"kind\":\"Desktop\",\"systemData\":{\"createdBy\":\"zhongjieli@w365runner250520sh01.onmicrosoft.com\",\"createdByType\":\"User\",\"createdAt\":\"2025-10-29T02:22:52.18Z\",\"lastModifiedBy\":\"zhongjieli@w365runner250520sh01.onmicrosoft.com\",\"lastModifiedByType\":\"User\",\"lastModifiedAt\":\"2025-10-29T02:22:52.18Z\"},\"properties\":{\"showInFeed\":null,\"hostPoolArmPath\":\"/subscriptions/6738509d-84ed-4ad6-974a-7dc4e3c34146/resourcegroups/zhongjie-rg-wus/providers/Microsoft.DesktopVirtualization/hostpools/HostPoolPowershellContained1\",\"workspaceArmPath\":null,\"description\":\"des\",\"friendlyName\":\"fri\",\"applicationGroupType\":\"Desktop\",\"migrationRequest\":null,\"cloudPcResource\":false,\"objectId\":\"0766fd71-cf30-48e6-9080-1a9b5c353c38\"}},{\"name\":\"ApplicationGroupPowershell2\",\"id\":\"/subscriptions/6738509d-84ed-4ad6-974a-7dc4e3c34146/resourcegroups/zhongjie-rg-wus/providers/Microsoft.DesktopVirtualization/applicationgroups/ApplicationGroupPowershell2\",\"type\":\"Microsoft.DesktopVirtualization/applicationgroups\",\"location\":\"westus2\",\"tags\":null,\"kind\":\"RemoteApp\",\"systemData\":{\"createdBy\":\"zhongjieli@w365runner250520sh01.onmicrosoft.com\",\"createdByType\":\"User\",\"createdAt\":\"2025-10-29T02:22:54.15Z\",\"lastModifiedBy\":\"zhongjieli@w365runner250520sh01.onmicrosoft.com\",\"lastModifiedByType\":\"User\",\"lastModifiedAt\":\"2025-10-29T02:22:54.15Z\"},\"properties\":{\"showInFeed\":null,\"hostPoolArmPath\":\"/subscriptions/6738509d-84ed-4ad6-974a-7dc4e3c34146/resourcegroups/zhongjie-rg-wus/providers/Microsoft.DesktopVirtualization/hostpools/HostPoolPowershellContained1\",\"workspaceArmPath\":null,\"description\":\"des\",\"friendlyName\":\"fri\",\"applicationGroupType\":\"RemoteApp\",\"migrationRequest\":null,\"cloudPcResource\":false,\"objectId\":\"13400f42-586c-4605-9c59-a79c2a22df71\"}},{\"name\":\"deploymentscope_flight_off-DAG\",\"id\":\"/subscriptions/6738509d-84ed-4ad6-974a-7dc4e3c34146/resourcegroups/andyResourceGroup/providers/Microsoft.DesktopVirtualization/applicationgroups/deploymentscope_flight_off-DAG\",\"type\":\"Microsoft.DesktopVirtualization/applicationgroups\",\"location\":\"eastus2\",\"tags\":{\"cm-resource-parent\":\"/subscriptions/6738509d-84ed-4ad6-974a-7dc4e3c34146/resourceGroups/andyResourceGroup/providers/Microsoft.DesktopVirtualization/deploymentscope_flight_off\"},\"kind\":\"Desktop\",\"systemData\":{\"createdBy\":\"ximeng@w365runner250520sh01.onmicrosoft.com\",\"createdByType\":\"User\",\"createdAt\":\"2025-10-28T06:38:10.60Z\",\"lastModifiedBy\":\"ximeng@w365runner250520sh01.onmicrosoft.com\",\"lastModifiedByType\":\"User\",\"lastModifiedAt\":\"2025-10-28T06:38:10.60Z\"},\"properties\":{\"showInFeed\":null,\"hostPoolArmPath\":\"/subscriptions/6738509d-84ed-4ad6-974a-7dc4e3c34146/resourcegroups/andyResourceGroup/providers/Microsoft.DesktopVirtualization/hostpools/deploymentscope_flight_off\",\"workspaceArmPath\":\"/subscriptions/6738509d-84ed-4ad6-974a-7dc4e3c34146/resourcegroups/liwei-rg/providers/Microsoft.DesktopVirtualization/workspaces/liwe-remote-app-ws\",\"description\":\"Desktop Application Group created through the Hostpool Wizard\",\"friendlyName\":\"Default Desktop\",\"applicationGroupType\":\"Desktop\",\"migrationRequest\":null,\"cloudPcResource\":false,\"objectId\":\"a3c4a293-29f5-4560-b01e-d0cfba2cae46\"}},{\"name\":\"dgattest111-DAG\",\"id\":\"/subscriptions/6738509d-84ed-4ad6-974a-7dc4e3c34146/resourcegroups/liwei-rg/providers/Microsoft.DesktopVirtualization/applicationgroups/dgattest111-DAG\",\"type\":\"Microsoft.DesktopVirtualization/applicationgroups\",\"location\":\"eastus\",\"tags\":null,\"kind\":\"Desktop\",\"systemData\":{\"createdBy\":\"liwei@w365runner250520sh01.onmicrosoft.com\",\"createdByType\":\"User\",\"createdAt\":\"2025-09-19T01:13:36.49Z\",\"lastModifiedBy\":\"liwei@w365runner250520sh01.onmicrosoft.com\",\"lastModifiedByType\":\"User\",\"lastModifiedAt\":\"2025-09-19T01:13:36.49Z\"},\"properties\":{\"showInFeed\":null,\"hostPoolArmPath\":\"/subscriptions/6738509d-84ed-4ad6-974a-7dc4e3c34146/resourcegroups/liwei-rg/providers/Microsoft.DesktopVirtualization/hostpools/dgattest111\",\"workspaceArmPath\":null,\"description\":\"Desktop Application Group created through the Hostpool Wizard\",\"friendlyName\":\"Default Desktop\",\"applicationGroupType\":\"Desktop\",\"migrationRequest\":null,\"cloudPcResource\":false,\"objectId\":\"2d49b01d-7957-4302-8d25-35a7a89be57e\"}},{\"name\":\"dgtest111134\",\"id\":\"/subscriptions/6738509d-84ed-4ad6-974a-7dc4e3c34146/resourcegroups/liwei-rg/providers/Microsoft.DesktopVirtualization/applicationgroups/dgtest111134\",\"type\":\"Microsoft.DesktopVirtualization/applicationgroups\",\"location\":\"eastus2\",\"tags\":{},\"kind\":\"RemoteApp\",\"systemData\":{\"createdBy\":\"liwei@w365runner250520sh01.onmicrosoft.com\",\"createdByType\":\"User\",\"createdAt\":\"2025-09-19T01:19:06.73Z\",\"lastModifiedBy\":\"liwei@w365runner250520sh01.onmicrosoft.com\",\"lastModifiedByType\":\"User\",\"lastModifiedAt\":\"2025-09-19T01:19:19.48Z\"},\"properties\":{\"showInFeed\":null,\"hostPoolArmPath\":\"/subscriptions/6738509d-84ed-4ad6-974a-7dc4e3c34146/resourcegroups/liwei-rg/providers/Microsoft.DesktopVirtualization/hostpools/liwei-avd-app-pool\",\"workspaceArmPath\":null,\"description\":\"\",\"friendlyName\":\"dgtest111134\",\"applicationGroupType\":\"RemoteApp\",\"migrationRequest\":null,\"cloudPcResource\":false,\"objectId\":\"5b230bb7-995e-44ae-8a5e-a31cdf0f7015\"}},{\"name\":\"dgtest111-DAG\",\"id\":\"/subscriptions/6738509d-84ed-4ad6-974a-7dc4e3c34146/resourcegroups/liwei-rg/providers/Microsoft.DesktopVirtualization/applicationgroups/dgtest111-DAG\",\"type\":\"Microsoft.DesktopVirtualization/applicationgroups\",\"location\":\"eastus\",\"tags\":{\"cm-resource-parent\":\"/subscriptions/6738509d-84ed-4ad6-974a-7dc4e3c34146/resourceGroups/liwei-rg/providers/Microsoft.DesktopVirtualization/dgtest111\"},\"kind\":\"Desktop\",\"systemData\":{\"createdBy\":\"liwei@w365runner250520sh01.onmicrosoft.com\",\"createdByType\":\"User\",\"createdAt\":\"2025-09-19T01:10:05.09Z\",\"lastModifiedBy\":\"liwei@w365runner250520sh01.onmicrosoft.com\",\"lastModifiedByType\":\"User\",\"lastModifiedAt\":\"2025-09-19T01:10:05.09Z\"},\"properties\":{\"showInFeed\":null,\"hostPoolArmPath\":\"/subscriptions/6738509d-84ed-4ad6-974a-7dc4e3c34146/resourcegroups/liwei-rg/providers/Microsoft.DesktopVirtualization/hostpools/dgtest111\",\"workspaceArmPath\":null,\"description\":\"Desktop Application Group created through the Hostpool Wizard\",\"friendlyName\":\"Default Desktop\",\"applicationGroupType\":\"Desktop\",\"migrationRequest\":null,\"cloudPcResource\":false,\"objectId\":\"b75715b3-d91e-4853-8e0e-ff466c18aaab\"}},{\"name\":\"dgwstest11-DAG\",\"id\":\"/subscriptions/6738509d-84ed-4ad6-974a-7dc4e3c34146/resourcegroups/liwei-rg/providers/Microsoft.DesktopVirtualization/applicationgroups/dgwstest11-DAG\",\"type\":\"Microsoft.DesktopVirtualization/applicationgroups\",\"location\":\"eastus\",\"tags\":{\"cm-resource-parent\":\"/subscriptions/6738509d-84ed-4ad6-974a-7dc4e3c34146/resourceGroups/liwei-rg/providers/Microsoft.DesktopVirtualization/dgwstest11\"},\"kind\":\"Desktop\",\"systemData\":{\"createdBy\":\"liwei@w365runner250520sh01.onmicrosoft.com\",\"createdByType\":\"User\",\"createdAt\":\"2025-09-19T01:16:52.81Z\",\"lastModifiedBy\":\"liwei@w365runner250520sh01.onmicrosoft.com\",\"lastModifiedByType\":\"User\",\"lastModifiedAt\":\"2025-09-19T01:16:52.81Z\"},\"properties\":{\"showInFeed\":null,\"hostPoolArmPath\":\"/subscriptions/6738509d-84ed-4ad6-974a-7dc4e3c34146/resourcegroups/liwei-rg/providers/Microsoft.DesktopVirtualization/hostpools/dgwstest11\",\"workspaceArmPath\":\"/subscriptions/6738509d-84ed-4ad6-974a-7dc4e3c34146/resourcegroups/liwei-rg/providers/Microsoft.DesktopVirtualization/workspaces/ddddd1\",\"description\":\"Desktop Application Group created through the Hostpool Wizard\",\"friendlyName\":\"Default Desktop\",\"applicationGroupType\":\"Desktop\",\"migrationRequest\":null,\"cloudPcResource\":false,\"objectId\":\"fa09a081-d715-41a7-a59b-efcf6c7d988f\"}},{\"name\":\"EOSD_Public_Preview_01-DAG\",\"id\":\"/subscriptions/6738509d-84ed-4ad6-974a-7dc4e3c34146/resourcegroups/andyResourceGroup/providers/Microsoft.DesktopVirtualization/applicationgroups/EOSD_Public_Preview_01-DAG\",\"type\":\"Microsoft.DesktopVirtualization/applicationgroups\",\"location\":\"centralus\",\"tags\":null,\"kind\":\"Desktop\",\"systemData\":{\"createdBy\":\"ximeng@w365runner250520sh01.onmicrosoft.com\",\"createdByType\":\"User\",\"createdAt\":\"2025-09-25T07:33:08.34Z\",\"lastModifiedBy\":\"ximeng@w365runner250520sh01.onmicrosoft.com\",\"lastModifiedByType\":\"User\",\"lastModifiedAt\":\"2025-09-25T07:33:08.34Z\"},\"properties\":{\"showInFeed\":null,\"hostPoolArmPath\":\"/subscriptions/6738509d-84ed-4ad6-974a-7dc4e3c34146/resourcegroups/andyResourceGroup/providers/Microsoft.DesktopVirtualization/hostpools/EOSD_Public_Preview_01\",\"workspaceArmPath\":null,\"description\":\"Desktop Application Group created through the Hostpool Wizard\",\"friendlyName\":\"Default Desktop\",\"applicationGroupType\":\"Desktop\",\"migrationRequest\":null,\"cloudPcResource\":false,\"objectId\":\"00a66100-6231-49b3-8f59-70fba0343e89\"}},{\"name\":\"EOSD_Public_Preview_02-DAG\",\"id\":\"/subscriptions/6738509d-84ed-4ad6-974a-7dc4e3c34146/resourcegroups/andyResourceGroup/providers/Microsoft.DesktopVirtualization/applicationgroups/EOSD_Public_Preview_02-DAG\",\"type\":\"Microsoft.DesktopVirtualization/applicationgroups\",\"location\":\"centralus\",\"tags\":null,\"kind\":\"Desktop\",\"systemData\":{\"createdBy\":\"ximeng@w365runner250520sh01.onmicrosoft.com\",\"createdByType\":\"User\",\"createdAt\":\"2025-09-25T07:38:33.88Z\",\"lastModifiedBy\":\"ximeng@w365runner250520sh01.onmicrosoft.com\",\"lastModifiedByType\":\"User\",\"lastModifiedAt\":\"2025-09-25T07:38:33.88Z\"},\"properties\":{\"showInFeed\":null,\"hostPoolArmPath\":\"/subscriptions/6738509d-84ed-4ad6-974a-7dc4e3c34146/resourcegroups/andyResourceGroup/providers/Microsoft.DesktopVirtualization/hostpools/EOSD_Public_Preview_02\",\"workspaceArmPath\":null,\"description\":\"Desktop Application Group created through the Hostpool Wizard\",\"friendlyName\":\"Default Desktop\",\"applicationGroupType\":\"Desktop\",\"migrationRequest\":null,\"cloudPcResource\":false,\"objectId\":\"715b5c14-c0da-4849-a442-43171c3fd327\"}},{\"name\":\"EOSD_Public_Preview_03-DAG\",\"id\":\"/subscriptions/6738509d-84ed-4ad6-974a-7dc4e3c34146/resourcegroups/andyResourceGroup/providers/Microsoft.DesktopVirtualization/applicationgroups/EOSD_Public_Preview_03-DAG\",\"type\":\"Microsoft.DesktopVirtualization/applicationgroups\",\"location\":\"centralus\",\"tags\":null,\"kind\":\"Desktop\",\"systemData\":{\"createdBy\":\"ximeng@w365runner250520sh01.onmicrosoft.com\",\"createdByType\":\"User\",\"createdAt\":\"2025-09-25T07:43:53.01Z\",\"lastModifiedBy\":\"ximeng@w365runner250520sh01.onmicrosoft.com\",\"lastModifiedByType\":\"User\",\"lastModifiedAt\":\"2025-09-25T07:43:53.01Z\"},\"properties\":{\"showInFeed\":null,\"hostPoolArmPath\":\"/subscriptions/6738509d-84ed-4ad6-974a-7dc4e3c34146/resourcegroups/andyResourceGroup/providers/Microsoft.DesktopVirtualization/hostpools/EOSD_Public_Preview_03\",\"workspaceArmPath\":null,\"description\":\"Desktop Application Group created through the Hostpool Wizard\",\"friendlyName\":\"Default Desktop\",\"applicationGroupType\":\"Desktop\",\"migrationRequest\":null,\"cloudPcResource\":false,\"objectId\":\"524bfe90-a4b8-494a-a031-c2e431dd6ae9\"}},{\"name\":\"hjz-DAG\",\"id\":\"/subscriptions/6738509d-84ed-4ad6-974a-7dc4e3c34146/resourcegroups/huajieTest/providers/Microsoft.DesktopVirtualization/applicationgroups/hjz-DAG\",\"type\":\"Microsoft.DesktopVirtualization/applicationgroups\",\"location\":\"eastus\",\"tags\":{\"cm-resource-parent\":\"/subscriptions/6738509d-84ed-4ad6-974a-7dc4e3c34146/resourceGroups/huajieTest/providers/Microsoft.DesktopVirtualization/hjz\"},\"kind\":\"Desktop\",\"systemData\":{\"createdBy\":\"TestWin365@w365runner250520sh01.onmicrosoft.com\",\"createdByType\":\"User\",\"createdAt\":\"2025-06-27T05:51:54.78Z\",\"lastModifiedBy\":\"TestWin365@w365runner250520sh01.onmicrosoft.com\",\"lastModifiedByType\":\"User\",\"lastModifiedAt\":\"2025-06-27T05:51:54.78Z\"},\"properties\":{\"showInFeed\":null,\"hostPoolArmPath\":\"/subscriptions/6738509d-84ed-4ad6-974a-7dc4e3c34146/resourcegroups/huajieTest/providers/Microsoft.DesktopVirtualization/hostpools/hjz\",\"workspaceArmPath\":\"/subscriptions/6738509d-84ed-4ad6-974a-7dc4e3c34146/resourcegroups/huajieTest/providers/Microsoft.DesktopVirtualization/workspaces/hjz-workspace\",\"description\":\"Desktop Application Group created through the Hostpool Wizard\",\"friendlyName\":\"Default Desktop\",\"applicationGroupType\":\"Desktop\",\"migrationRequest\":null,\"cloudPcResource\":false,\"objectId\":\"d3cafea6-4c9a-46c0-948c-d17c219ca8be\"}},{\"name\":\"hongsi-avgtest-hp-DAG\",\"id\":\"/subscriptions/6738509d-84ed-4ad6-974a-7dc4e3c34146/resourcegroups/hongsi-avgtest-rg/providers/Microsoft.DesktopVirtualization/applicationgroups/hongsi-avgtest-hp-DAG\",\"type\":\"Microsoft.DesktopVirtualization/applicationgroups\",\"location\":\"eastus\",\"tags\":{\"cm-resource-parent\":\"/subscriptions/6738509d-84ed-4ad6-974a-7dc4e3c34146/resourceGroups/hongsi-avgtest-rg/providers/Microsoft.DesktopVirtualization/hongsi-avgtest-hp\"},\"kind\":\"Desktop\",\"systemData\":{\"createdBy\":\"TestWin365@w365runner250520sh01.onmicrosoft.com\",\"createdByType\":\"User\",\"createdAt\":\"2025-05-30T08:25:34.92Z\",\"lastModifiedBy\":\"TestWin365@w365runner250520sh01.onmicrosoft.com\",\"lastModifiedByType\":\"User\",\"lastModifiedAt\":\"2025-05-30T08:25:34.92Z\"},\"properties\":{\"showInFeed\":null,\"hostPoolArmPath\":\"/subscriptions/6738509d-84ed-4ad6-974a-7dc4e3c34146/resourcegroups/hongsi-avgtest-rg/providers/Microsoft.DesktopVirtualization/hostpools/hongsi-avgtest-hp\",\"workspaceArmPath\":\"/subscriptions/6738509d-84ed-4ad6-974a-7dc4e3c34146/resourcegroups/hongsi-avgtest-rg/providers/Microsoft.DesktopVirtualization/workspaces/hongsi-workspace1\",\"description\":\"Desktop Application Group created through the Hostpool Wizard\",\"friendlyName\":\"Default Desktop\",\"applicationGroupType\":\"Desktop\",\"migrationRequest\":null,\"cloudPcResource\":false,\"objectId\":\"cef8eeab-8e56-4baa-b631-9adee4d9c6a8\"}},{\"name\":\"HP-DAG\",\"id\":\"/subscriptions/6738509d-84ed-4ad6-974a-7dc4e3c34146/resourcegroups/RGTest/providers/Microsoft.DesktopVirtualization/applicationgroups/HP-DAG\",\"type\":\"Microsoft.DesktopVirtualization/applicationgroups\",\"location\":\"eastus\",\"tags\":{\"cm-resource-parent\":\"/subscriptions/6738509d-84ed-4ad6-974a-7dc4e3c34146/resourceGroups/RGTest/providers/Microsoft.DesktopVirtualization/HP\"},\"kind\":\"Desktop\",\"systemData\":{\"createdBy\":\"v-barrybu@microsoft.com\",\"createdByType\":\"User\",\"createdAt\":\"2025-06-10T09:52:16.70Z\",\"lastModifiedBy\":\"v-barrybu@microsoft.com\",\"lastModifiedByType\":\"User\",\"lastModifiedAt\":\"2025-06-10T09:52:16.70Z\"},\"properties\":{\"showInFeed\":null,\"hostPoolArmPath\":\"/subscriptions/6738509d-84ed-4ad6-974a-7dc4e3c34146/resourcegroups/RGTest/providers/Microsoft.DesktopVirtualization/hostpools/HP\",\"workspaceArmPath\":\"/subscriptions/6738509d-84ed-4ad6-974a-7dc4e3c34146/resourcegroups/RGTest/providers/Microsoft.DesktopVirtualization/workspaces/WS\",\"description\":\"Desktop Application Group created through the Hostpool Wizard\",\"friendlyName\":\"Default Desktop\",\"applicationGroupType\":\"Desktop\",\"migrationRequest\":null,\"cloudPcResource\":false,\"objectId\":\"fd2350ad-3451-40d1-a99b-7bf31452458d\"}},{\"name\":\"HSPqgong-DAG\",\"id\":\"/subscriptions/6738509d-84ed-4ad6-974a-7dc4e3c34146/resourcegroups/qgongtest/providers/Microsoft.DesktopVirtualization/applicationgroups/HSPqgong-DAG\",\"type\":\"Microsoft.DesktopVirtualization/applicationgroups\",\"location\":\"eastus\",\"tags\":{\"cm-resource-parent\":\"/subscriptions/6738509d-84ed-4ad6-974a-7dc4e3c34146/resourceGroups/qgongtest/providers/Microsoft.DesktopVirtualization/HSPqgong\"},\"kind\":\"Desktop\",\"systemData\":{\"createdBy\":\"TestWin365@w365runner250520sh01.onmicrosoft.com\",\"createdByType\":\"User\",\"createdAt\":\"2025-06-24T08:28:24.42Z\",\"lastModifiedBy\":\"TestWin365@w365runner250520sh01.onmicrosoft.com\",\"lastModifiedByType\":\"User\",\"lastModifiedAt\":\"2025-06-24T08:28:24.42Z\"},\"properties\":{\"showInFeed\":null,\"hostPoolArmPath\":\"/subscriptions/6738509d-84ed-4ad6-974a-7dc4e3c34146/resourcegroups/qgongtest/providers/Microsoft.DesktopVirtualization/hostpools/HSPqgong\",\"workspaceArmPath\":null,\"description\":\"Desktop Application Group created through the Hostpool Wizard\",\"friendlyName\":\"Default Desktop\",\"applicationGroupType\":\"Desktop\",\"migrationRequest\":null,\"cloudPcResource\":false,\"objectId\":\"1c440800-739d-4f0d-bdb7-b9a7b923e3b7\"}},{\"name\":\"huajieTest-DAG\",\"id\":\"/subscriptions/6738509d-84ed-4ad6-974a-7dc4e3c34146/resourcegroups/huajieTest/providers/Microsoft.DesktopVirtualization/applicationgroups/huajieTest-DAG\",\"type\":\"Microsoft.DesktopVirtualization/applicationgroups\",\"location\":\"eastus\",\"tags\":{\"cm-resource-parent\":\"/subscriptions/6738509d-84ed-4ad6-974a-7dc4e3c34146/resourceGroups/huajieTest/providers/Microsoft.DesktopVirtualization/huajieTest\"},\"kind\":\"Desktop\",\"systemData\":{\"createdBy\":\"TestWin365@w365runner250520sh01.onmicrosoft.com\",\"createdByType\":\"User\",\"createdAt\":\"2025-06-23T07:32:29.96Z\",\"lastModifiedBy\":\"TestWin365@w365runner250520sh01.onmicrosoft.com\",\"lastModifiedByType\":\"User\",\"lastModifiedAt\":\"2025-06-23T07:32:29.96Z\"},\"properties\":{\"showInFeed\":null,\"hostPoolArmPath\":\"/subscriptions/6738509d-84ed-4ad6-974a-7dc4e3c34146/resourcegroups/huajieTest/providers/Microsoft.DesktopVirtualization/hostpools/huajieTest\",\"workspaceArmPath\":\"/subscriptions/6738509d-84ed-4ad6-974a-7dc4e3c34146/resourcegroups/huajieTest/providers/Microsoft.DesktopVirtualization/workspaces/hjz-workspace\",\"description\":\"Desktop Application Group created through the Hostpool Wizard\",\"friendlyName\":\"Default Desktop\",\"applicationGroupType\":\"Desktop\",\"migrationRequest\":null,\"cloudPcResource\":false,\"objectId\":\"bc52e843-2b10-448f-a93e-f9aed90da50e\"}},{\"name\":\"hunpool-DAG\",\"id\":\"/subscriptions/6738509d-84ed-4ad6-974a-7dc4e3c34146/resourcegroups/hun-ag/providers/Microsoft.DesktopVirtualization/applicationgroups/hunpool-DAG\",\"type\":\"Microsoft.DesktopVirtualization/applicationgroups\",\"location\":\"eastus\",\"tags\":{\"cm-resource-parent\":\"/subscriptions/6738509d-84ed-4ad6-974a-7dc4e3c34146/resourceGroups/hun-ag/providers/Microsoft.DesktopVirtualization/hunpool\"},\"kind\":\"Desktop\",\"systemData\":{\"createdBy\":\"TestWin365@w365runner250520sh01.onmicrosoft.com\",\"createdByType\":\"User\",\"createdAt\":\"2025-06-04T06:32:09.11Z\",\"lastModifiedBy\":\"TestWin365@w365runner250520sh01.onmicrosoft.com\",\"lastModifiedByType\":\"User\",\"lastModifiedAt\":\"2025-06-04T06:32:09.11Z\"},\"properties\":{\"showInFeed\":null,\"hostPoolArmPath\":\"/subscriptions/6738509d-84ed-4ad6-974a-7dc4e3c34146/resourcegroups/hun-ag/providers/Microsoft.DesktopVirtualization/hostpools/hunpool\",\"workspaceArmPath\":\"/subscriptions/6738509d-84ed-4ad6-974a-7dc4e3c34146/resourcegroups/hun-ag/providers/Microsoft.DesktopVirtualization/workspaces/hunworkspace\",\"description\":\"Desktop Application Group created through the Hostpool Wizard\",\"friendlyName\":\"Default Desktop\",\"applicationGroupType\":\"Desktop\",\"migrationRequest\":null,\"cloudPcResource\":false,\"objectId\":\"b166f17c-8e91-4628-b107-bea7bdb6c192\"}},{\"name\":\"liu-test-avd-DAG\",\"id\":\"/subscriptions/6738509d-84ed-4ad6-974a-7dc4e3c34146/resourcegroups/liu-test/providers/Microsoft.DesktopVirtualization/applicationgroups/liu-test-avd-DAG\",\"type\":\"Microsoft.DesktopVirtualization/applicationgroups\",\"location\":\"eastus\",\"tags\":{\"cm-resource-parent\":\"/subscriptions/6738509d-84ed-4ad6-974a-7dc4e3c34146/resourceGroups/liu-test/providers/Microsoft.DesktopVirtualization/liu-test-avd\"},\"kind\":\"Desktop\",\"systemData\":{\"createdBy\":\"TestWin365@w365runner250520sh01.onmicrosoft.com\",\"createdByType\":\"User\",\"createdAt\":\"2025-06-24T04:17:15.44Z\",\"lastModifiedBy\":\"TestWin365@w365runner250520sh01.onmicrosoft.com\",\"lastModifiedByType\":\"User\",\"lastModifiedAt\":\"2025-06-24T04:17:15.44Z\"},\"properties\":{\"showInFeed\":null,\"hostPoolArmPath\":\"/subscriptions/6738509d-84ed-4ad6-974a-7dc4e3c34146/resourcegroups/liu-test/providers/Microsoft.DesktopVirtualization/hostpools/liu-test-avd\",\"workspaceArmPath\":\"/subscriptions/6738509d-84ed-4ad6-974a-7dc4e3c34146/resourcegroups/liu-test/providers/Microsoft.DesktopVirtualization/workspaces/liu-test\",\"description\":\"Desktop Application Group created through the Hostpool Wizard\",\"friendlyName\":\"Default Desktop\",\"applicationGroupType\":\"Desktop\",\"migrationRequest\":null,\"cloudPcResource\":false,\"objectId\":\"52ceb7fa-4076-4995-9243-7ec554ada473\"}},{\"name\":\"liweiapg1\",\"id\":\"/subscriptions/6738509d-84ed-4ad6-974a-7dc4e3c34146/resourcegroups/liwei-rg/providers/Microsoft.DesktopVirtualization/applicationgroups/liweiapg1\",\"type\":\"Microsoft.DesktopVirtualization/applicationgroups\",\"location\":\"eastus\",\"tags\":{},\"kind\":\"RemoteApp\",\"systemData\":{\"createdBy\":\"liwei@w365runner250520sh01.onmicrosoft.com\",\"createdByType\":\"User\",\"createdAt\":\"2025-07-04T06:16:28.40Z\",\"lastModifiedBy\":\"liwei@w365runner250520sh01.onmicrosoft.com\",\"lastModifiedByType\":\"User\",\"lastModifiedAt\":\"2025-07-04T06:16:41.25Z\"},\"properties\":{\"showInFeed\":null,\"hostPoolArmPath\":\"/subscriptions/6738509d-84ed-4ad6-974a-7dc4e3c34146/resourcegroups/liwei-rg/providers/Microsoft.DesktopVirtualization/hostpools/liweidiagtest5\",\"workspaceArmPath\":\"/subscriptions/6738509d-84ed-4ad6-974a-7dc4e3c34146/resourcegroups/liwei-rg/providers/Microsoft.DesktopVirtualization/workspaces/liweiws4\",\"description\":\"\",\"friendlyName\":\"liweiapg1\",\"applicationGroupType\":\"RemoteApp\",\"migrationRequest\":null,\"cloudPcResource\":false,\"objectId\":\"dfd8b1b3-458e-4596-9c86-1b7979c37052\"}},{\"name\":\"liwei-avd-pool-DAG\",\"id\":\"/subscriptions/6738509d-84ed-4ad6-974a-7dc4e3c34146/resourcegroups/liwei-rg/providers/Microsoft.DesktopVirtualization/applicationgroups/liwei-avd-pool-DAG\",\"type\":\"Microsoft.DesktopVirtualization/applicationgroups\",\"location\":\"eastus\",\"tags\":{\"cm-resource-parent\":\"/subscriptions/6738509d-84ed-4ad6-974a-7dc4e3c34146/resourceGroups/liwei-rg/providers/Microsoft.DesktopVirtualization/liwei-avd-pool\"},\"kind\":\"Desktop\",\"systemData\":{\"createdBy\":\"liwei@w365runner250520sh01.onmicrosoft.com\",\"createdByType\":\"User\",\"createdAt\":\"2025-06-18T04:09:59.90Z\",\"lastModifiedBy\":\"liwei@w365runner250520sh01.onmicrosoft.com\",\"lastModifiedByType\":\"User\",\"lastModifiedAt\":\"2025-06-18T04:09:59.90Z\"},\"properties\":{\"showInFeed\":null,\"hostPoolArmPath\":\"/subscriptions/6738509d-84ed-4ad6-974a-7dc4e3c34146/resourcegroups/liwei-rg/providers/Microsoft.DesktopVirtualization/hostpools/liwei-avd-pool\",\"workspaceArmPath\":\"/subscriptions/6738509d-84ed-4ad6-974a-7dc4e3c34146/resourcegroups/liwei-rg/providers/Microsoft.DesktopVirtualization/workspaces/liwei-desktop-workspace\",\"description\":\"Desktop Application Group created through the Hostpool Wizard\",\"friendlyName\":\"Default Desktop\",\"applicationGroupType\":\"Desktop\",\"migrationRequest\":null,\"cloudPcResource\":false,\"objectId\":\"4f2a03bf-4de1-405a-a911-c024e0c53ff2\"}},{\"name\":\"liweidiagtest1-DAG\",\"id\":\"/subscriptions/6738509d-84ed-4ad6-974a-7dc4e3c34146/resourcegroups/liwei-rg/providers/Microsoft.DesktopVirtualization/applicationgroups/liweidiagtest1-DAG\",\"type\":\"Microsoft.DesktopVirtualization/applicationgroups\",\"location\":\"eastus\",\"tags\":null,\"kind\":\"Desktop\",\"systemData\":{\"createdBy\":\"liwei@w365runner250520sh01.onmicrosoft.com\",\"createdByType\":\"User\",\"createdAt\":\"2025-07-04T05:50:14.47Z\",\"lastModifiedBy\":\"liwei@w365runner250520sh01.onmicrosoft.com\",\"lastModifiedByType\":\"User\",\"lastModifiedAt\":\"2025-07-04T05:50:14.47Z\"},\"properties\":{\"showInFeed\":null,\"hostPoolArmPath\":\"/subscriptions/6738509d-84ed-4ad6-974a-7dc4e3c34146/resourcegroups/liwei-rg/providers/Microsoft.DesktopVirtualization/hostpools/liweidiagtest1\",\"workspaceArmPath\":null,\"description\":\"Desktop Application Group created through the Hostpool Wizard\",\"friendlyName\":\"Default Desktop\",\"applicationGroupType\":\"Desktop\",\"migrationRequest\":null,\"cloudPcResource\":false,\"objectId\":\"3972afc0-3afc-4156-b82c-2393b8365155\"}},{\"name\":\"liweidiagtest3-DAG\",\"id\":\"/subscriptions/6738509d-84ed-4ad6-974a-7dc4e3c34146/resourcegroups/liwei-rg/providers/Microsoft.DesktopVirtualization/applicationgroups/liweidiagtest3-DAG\",\"type\":\"Microsoft.DesktopVirtualization/applicationgroups\",\"location\":\"eastus\",\"tags\":{\"cm-resource-parent\":\"/subscriptions/6738509d-84ed-4ad6-974a-7dc4e3c34146/resourceGroups/liwei-rg/providers/Microsoft.DesktopVirtualization/liweidiagtest3\"},\"kind\":\"Desktop\",\"systemData\":{\"createdBy\":\"liwei@w365runner250520sh01.onmicrosoft.com\",\"createdByType\":\"User\",\"createdAt\":\"2025-07-04T06:05:27.18Z\",\"lastModifiedBy\":\"liwei@w365runner250520sh01.onmicrosoft.com\",\"lastModifiedByType\":\"User\",\"lastModifiedAt\":\"2025-07-04T06:05:27.18Z\"},\"properties\":{\"showInFeed\":null,\"hostPoolArmPath\":\"/subscriptions/6738509d-84ed-4ad6-974a-7dc4e3c34146/resourcegroups/liwei-rg/providers/Microsoft.DesktopVirtualization/hostpools/liweidiagtest3\",\"workspaceArmPath\":\"/subscriptions/6738509d-84ed-4ad6-974a-7dc4e3c34146/resourcegroups/liwei-rg/providers/Microsoft.DesktopVirtualization/workspaces/liweiws1\",\"description\":\"Desktop Application Group created through the Hostpool Wizard\",\"friendlyName\":\"Default Desktop\",\"applicationGroupType\":\"Desktop\",\"migrationRequest\":null,\"cloudPcResource\":false,\"objectId\":\"4ac70d59-19d2-4fc2-9577-2ed9972afcc5\"}},{\"name\":\"liweidiagtest4-DAG\",\"id\":\"/subscriptions/6738509d-84ed-4ad6-974a-7dc4e3c34146/resourcegroups/liwei-rg/providers/Microsoft.DesktopVirtualization/applicationgroups/liweidiagtest4-DAG\",\"type\":\"Microsoft.DesktopVirtualization/applicationgroups\",\"location\":\"eastus\",\"tags\":null,\"kind\":\"Desktop\",\"systemData\":{\"createdBy\":\"liwei@w365runner250520sh01.onmicrosoft.com\",\"createdByType\":\"User\",\"createdAt\":\"2025-07-04T06:10:12.25Z\",\"lastModifiedBy\":\"liwei@w365runner250520sh01.onmicrosoft.com\",\"lastModifiedByType\":\"User\",\"lastModifiedAt\":\"2025-07-04T06:10:12.25Z\"},\"properties\":{\"showInFeed\":null,\"hostPoolArmPath\":\"/subscriptions/6738509d-84ed-4ad6-974a-7dc4e3c34146/resourcegroups/liwei-rg/providers/Microsoft.DesktopVirtualization/hostpools/liweidiagtest4\",\"workspaceArmPath\":\"/subscriptions/6738509d-84ed-4ad6-974a-7dc4e3c34146/resourcegroups/liwei-rg/providers/Microsoft.DesktopVirtualization/workspaces/liweiws1\",\"description\":\"Desktop Application Group created through the Hostpool Wizard\",\"friendlyName\":\"Default Desktop\",\"applicationGroupType\":\"Desktop\",\"migrationRequest\":null,\"cloudPcResource\":false,\"objectId\":\"d402f02e-dd7f-4d3e-b009-0c890b015687\"}},{\"name\":\"liweidiagtest5-DAG\",\"id\":\"/subscriptions/6738509d-84ed-4ad6-974a-7dc4e3c34146/resourcegroups/liwei-rg/providers/Microsoft.DesktopVirtualization/applicationgroups/liweidiagtest5-DAG\",\"type\":\"Microsoft.DesktopVirtualization/applicationgroups\",\"location\":\"eastus\",\"tags\":{\"cm-resource-parent\":\"/subscriptions/6738509d-84ed-4ad6-974a-7dc4e3c34146/resourceGroups/liwei-rg/providers/Microsoft.DesktopVirtualization/liweidiagtest5\"},\"kind\":\"Desktop\",\"systemData\":{\"createdBy\":\"liwei@w365runner250520sh01.onmicrosoft.com\",\"createdByType\":\"User\",\"createdAt\":\"2025-07-04T06:12:21.79Z\",\"lastModifiedBy\":\"liwei@w365runner250520sh01.onmicrosoft.com\",\"lastModifiedByType\":\"User\",\"lastModifiedAt\":\"2025-07-04T06:12:21.79Z\"},\"properties\":{\"showInFeed\":null,\"hostPoolArmPath\":\"/subscriptions/6738509d-84ed-4ad6-974a-7dc4e3c34146/resourcegroups/liwei-rg/providers/Microsoft.DesktopVirtualization/hostpools/liweidiagtest5\",\"workspaceArmPath\":\"/subscriptions/6738509d-84ed-4ad6-974a-7dc4e3c34146/resourcegroups/liwei-rg/providers/Microsoft.DesktopVirtualization/workspaces/liweiws4\",\"description\":\"Desktop Application Group created through the Hostpool Wizard\",\"friendlyName\":\"Default Desktop\",\"applicationGroupType\":\"Desktop\",\"migrationRequest\":null,\"cloudPcResource\":false,\"objectId\":\"47b025d3-c3da-4b60-9183-93beac6a6ffe\"}},{\"name\":\"liweidiagtest6-DAG\",\"id\":\"/subscriptions/6738509d-84ed-4ad6-974a-7dc4e3c34146/resourcegroups/liwei-rg/providers/Microsoft.DesktopVirtualization/applicationgroups/liweidiagtest6-DAG\",\"type\":\"Microsoft.DesktopVirtualization/applicationgroups\",\"location\":\"eastus\",\"tags\":{\"cm-resource-parent\":\"/subscriptions/6738509d-84ed-4ad6-974a-7dc4e3c34146/resourceGroups/liwei-rg/providers/Microsoft.DesktopVirtualization/liweidiagtest6\"},\"kind\":\"Desktop\",\"systemData\":{\"createdBy\":\"liwei@w365runner250520sh01.onmicrosoft.com\",\"createdByType\":\"User\",\"createdAt\":\"2025-07-04T06:38:46.61Z\",\"lastModifiedBy\":\"liwei@w365runner250520sh01.onmicrosoft.com\",\"lastModifiedByType\":\"User\",\"lastModifiedAt\":\"2025-07-04T06:38:46.61Z\"},\"properties\":{\"showInFeed\":null,\"hostPoolArmPath\":\"/subscriptions/6738509d-84ed-4ad6-974a-7dc4e3c34146/resourcegroups/liwei-rg/providers/Microsoft.DesktopVirtualization/hostpools/liweidiagtest6\",\"workspaceArmPath\":\"/subscriptions/6738509d-84ed-4ad6-974a-7dc4e3c34146/resourcegroups/liwei-rg/providers/Microsoft.DesktopVirtualization/workspaces/liweiws1\",\"description\":\"Desktop Application Group created through the Hostpool Wizard\",\"friendlyName\":\"Default Desktop\",\"applicationGroupType\":\"Desktop\",\"migrationRequest\":null,\"cloudPcResource\":false,\"objectId\":\"c3579c05-e272-49da-a05d-b42b2c17457b\"}},{\"name\":\"liweidiagtest7-DAG\",\"id\":\"/subscriptions/6738509d-84ed-4ad6-974a-7dc4e3c34146/resourcegroups/liwei-rg/providers/Microsoft.DesktopVirtualization/applicationgroups/liweidiagtest7-DAG\",\"type\":\"Microsoft.DesktopVirtualization/applicationgroups\",\"location\":\"eastus\",\"tags\":null,\"kind\":\"Desktop\",\"systemData\":{\"createdBy\":\"liwei@w365runner250520sh01.onmicrosoft.com\",\"createdByType\":\"User\",\"createdAt\":\"2025-07-04T06:42:11.11Z\",\"lastModifiedBy\":\"liwei@w365runner250520sh01.onmicrosoft.com\",\"lastModifiedByType\":\"User\",\"lastModifiedAt\":\"2025-07-04T06:42:11.11Z\"},\"properties\":{\"showInFeed\":null,\"hostPoolArmPath\":\"/subscriptions/6738509d-84ed-4ad6-974a-7dc4e3c34146/resourcegroups/liwei-rg/providers/Microsoft.DesktopVirtualization/hostpools/liweidiagtest7\",\"workspaceArmPath\":\"/subscriptions/6738509d-84ed-4ad6-974a-7dc4e3c34146/resourcegroups/liwei-rg/providers/Microsoft.DesktopVirtualization/workspaces/liweiws1\",\"description\":\"Desktop Application Group created through the Hostpool Wizard\",\"friendlyName\":\"Default Desktop\",\"applicationGroupType\":\"Desktop\",\"migrationRequest\":null,\"cloudPcResource\":false,\"objectId\":\"76381667-0e2f-46f5-bfcc-d4964c660809\"}},{\"name\":\"liweidiagtest8-DAG\",\"id\":\"/subscriptions/6738509d-84ed-4ad6-974a-7dc4e3c34146/resourcegroups/liwei-rg/providers/Microsoft.DesktopVirtualization/applicationgroups/liweidiagtest8-DAG\",\"type\":\"Microsoft.DesktopVirtualization/applicationgroups\",\"location\":\"eastus\",\"tags\":{\"cm-resource-parent\":\"/subscriptions/6738509d-84ed-4ad6-974a-7dc4e3c34146/resourceGroups/liwei-rg/providers/Microsoft.DesktopVirtualization/liweidiagtest8\"},\"kind\":\"Desktop\",\"systemData\":{\"createdBy\":\"liwei@w365runner250520sh01.onmicrosoft.com\",\"createdByType\":\"User\",\"createdAt\":\"2025-07-04T08:12:16.67Z\",\"lastModifiedBy\":\"liwei@w365runner250520sh01.onmicrosoft.com\",\"lastModifiedByType\":\"User\",\"lastModifiedAt\":\"2025-07-04T08:12:16.67Z\"},\"properties\":{\"showInFeed\":null,\"hostPoolArmPath\":\"/subscriptions/6738509d-84ed-4ad6-974a-7dc4e3c34146/resourcegroups/liwei-rg/providers/Microsoft.DesktopVirtualization/hostpools/liweidiagtest8\",\"workspaceArmPath\":\"/subscriptions/6738509d-84ed-4ad6-974a-7dc4e3c34146/resourcegroups/liwei-rg/providers/Microsoft.DesktopVirtualization/workspaces/liweiws1\",\"description\":\"Desktop Application Group created through the Hostpool Wizard\",\"friendlyName\":\"Default Desktop\",\"applicationGroupType\":\"Desktop\",\"migrationRequest\":null,\"cloudPcResource\":false,\"objectId\":\"6aa6355b-1f72-415d-b250-0f0a996291e1\"}},{\"name\":\"liweidiagtest-DAG\",\"id\":\"/subscriptions/6738509d-84ed-4ad6-974a-7dc4e3c34146/resourcegroups/liwei-rg/providers/Microsoft.DesktopVirtualization/applicationgroups/liweidiagtest-DAG\",\"type\":\"Microsoft.DesktopVirtualization/applicationgroups\",\"location\":\"eastus\",\"tags\":null,\"kind\":\"Desktop\",\"systemData\":{\"createdBy\":\"liwei@w365runner250520sh01.onmicrosoft.com\",\"createdByType\":\"User\",\"createdAt\":\"2025-07-04T05:36:34.62Z\",\"lastModifiedBy\":\"liwei@w365runner250520sh01.onmicrosoft.com\",\"lastModifiedByType\":\"User\",\"lastModifiedAt\":\"2025-07-04T05:36:34.62Z\"},\"properties\":{\"showInFeed\":null,\"hostPoolArmPath\":\"/subscriptions/6738509d-84ed-4ad6-974a-7dc4e3c34146/resourcegroups/liwei-rg/providers/Microsoft.DesktopVirtualization/hostpools/liweidiagtest\",\"workspaceArmPath\":\"/subscriptions/6738509d-84ed-4ad6-974a-7dc4e3c34146/resourcegroups/liwei-rg/providers/Microsoft.DesktopVirtualization/workspaces/liweiws\",\"description\":\"Desktop Application Group created through the Hostpool Wizard\",\"friendlyName\":\"Default Desktop\",\"applicationGroupType\":\"Desktop\",\"migrationRequest\":null,\"cloudPcResource\":false,\"objectId\":\"e691721b-53a9-4de1-b882-4e1e3d598121\"}},{\"name\":\"liweihpmtest-DAG\",\"id\":\"/subscriptions/6738509d-84ed-4ad6-974a-7dc4e3c34146/resourcegroups/liwei-rg/providers/Microsoft.DesktopVirtualization/applicationgroups/liweihpmtest-DAG\",\"type\":\"Microsoft.DesktopVirtualization/applicationgroups\",\"location\":\"eastus2\",\"tags\":null,\"kind\":\"Desktop\",\"systemData\":{\"createdBy\":\"liwei@w365runner250520sh01.onmicrosoft.com\",\"createdByType\":\"User\",\"createdAt\":\"2025-09-02T06:00:20.13Z\",\"lastModifiedBy\":\"liwei@w365runner250520sh01.onmicrosoft.com\",\"lastModifiedByType\":\"User\",\"lastModifiedAt\":\"2025-09-02T06:00:20.13Z\"},\"properties\":{\"showInFeed\":null,\"hostPoolArmPath\":\"/subscriptions/6738509d-84ed-4ad6-974a-7dc4e3c34146/resourcegroups/liwei-rg/providers/Microsoft.DesktopVirtualization/hostpools/liweihpmtest\",\"workspaceArmPath\":null,\"description\":\"Desktop Application Group created through the Hostpool Wizard\",\"friendlyName\":\"Default Desktop\",\"applicationGroupType\":\"Desktop\",\"migrationRequest\":null,\"cloudPcResource\":false,\"objectId\":\"973c8715-f2af-425c-bcc6-1df7d4b821c7\"}},{\"name\":\"liwei-remote-app-group\",\"id\":\"/subscriptions/6738509d-84ed-4ad6-974a-7dc4e3c34146/resourcegroups/liwei-rg/providers/Microsoft.DesktopVirtualization/applicationgroups/liwei-remote-app-group\",\"type\":\"Microsoft.DesktopVirtualization/applicationgroups\",\"location\":\"eastus2\",\"tags\":{},\"kind\":\"RemoteApp\",\"systemData\":{\"createdBy\":\"liwei@w365runner250520sh01.onmicrosoft.com\",\"createdByType\":\"User\",\"createdAt\":\"2025-06-23T03:08:14.43Z\",\"lastModifiedBy\":\"liwei@w365runner250520sh01.onmicrosoft.com\",\"lastModifiedByType\":\"User\",\"lastModifiedAt\":\"2025-06-23T03:08:37.35Z\"},\"properties\":{\"showInFeed\":null,\"hostPoolArmPath\":\"/subscriptions/6738509d-84ed-4ad6-974a-7dc4e3c34146/resourcegroups/liwei-rg/providers/Microsoft.DesktopVirtualization/hostpools/liwei-avd-app-pool\",\"workspaceArmPath\":\"/subscriptions/6738509d-84ed-4ad6-974a-7dc4e3c34146/resourcegroups/liwei-rg/providers/Microsoft.DesktopVirtualization/workspaces/liwe-remote-app-ws\",\"description\":\"\",\"friendlyName\":\"liwei-remote-app-group\",\"applicationGroupType\":\"RemoteApp\",\"migrationRequest\":null,\"cloudPcResource\":false,\"objectId\":\"60819833-dbf7-4686-a1b0-ff413fad946c\"}},{\"name\":\"liweitesthp111-DAG\",\"id\":\"/subscriptions/6738509d-84ed-4ad6-974a-7dc4e3c34146/resourcegroups/liwei-rg/providers/Microsoft.DesktopVirtualization/applicationgroups/liweitesthp111-DAG\",\"type\":\"Microsoft.DesktopVirtualization/applicationgroups\",\"location\":\"eastus\",\"tags\":{\"cm-resource-parent\":\"/subscriptions/6738509d-84ed-4ad6-974a-7dc4e3c34146/resourceGroups/liwei-rg/providers/Microsoft.DesktopVirtualization/liweitesthp111\"},\"kind\":\"Desktop\",\"systemData\":{\"createdBy\":\"liwei@w365runner250520sh01.onmicrosoft.com\",\"createdByType\":\"User\",\"createdAt\":\"2025-10-10T07:45:52.11Z\",\"lastModifiedBy\":\"liwei@w365runner250520sh01.onmicrosoft.com\",\"lastModifiedByType\":\"User\",\"lastModifiedAt\":\"2025-10-10T07:45:52.11Z\"},\"properties\":{\"showInFeed\":null,\"hostPoolArmPath\":\"/subscriptions/6738509d-84ed-4ad6-974a-7dc4e3c34146/resourcegroups/liwei-rg/providers/Microsoft.DesktopVirtualization/hostpools/liweitesthp111\",\"workspaceArmPath\":\"/subscriptions/6738509d-84ed-4ad6-974a-7dc4e3c34146/resourcegroups/liwei-rg/providers/Microsoft.DesktopVirtualization/workspaces/liwei-ws-test123\",\"description\":\"Desktop Application Group created through the Hostpool Wizard\",\"friendlyName\":\"Default Desktop\",\"applicationGroupType\":\"Desktop\",\"migrationRequest\":null,\"cloudPcResource\":false,\"objectId\":\"302a7e72-80cd-43be-a1ff-5377577ffeff\"}},{\"name\":\"shanglinli_host_pool-DAG\",\"id\":\"/subscriptions/6738509d-84ed-4ad6-974a-7dc4e3c34146/resourcegroups/shanglinli_test_rg/providers/Microsoft.DesktopVirtualization/applicationgroups/shanglinli_host_pool-DAG\",\"type\":\"Microsoft.DesktopVirtualization/applicationgroups\",\"location\":\"eastus\",\"tags\":{\"cm-resource-parent\":\"/subscriptions/6738509d-84ed-4ad6-974a-7dc4e3c34146/resourceGroups/shanglinli_test_rg/providers/Microsoft.DesktopVirtualization/shanglinli_host_pool\"},\"kind\":\"Desktop\",\"systemData\":{\"createdBy\":\"shanglinli@w365runner250520sh01.onmicrosoft.com\",\"createdByType\":\"User\",\"createdAt\":\"2025-06-19T06:44:25.59Z\",\"lastModifiedBy\":\"shanglinli@w365runner250520sh01.onmicrosoft.com\",\"lastModifiedByType\":\"User\",\"lastModifiedAt\":\"2025-06-19T06:44:25.59Z\"},\"properties\":{\"showInFeed\":null,\"hostPoolArmPath\":\"/subscriptions/6738509d-84ed-4ad6-974a-7dc4e3c34146/resourcegroups/shanglinli_test_rg/providers/Microsoft.DesktopVirtualization/hostpools/shanglinli_host_pool\",\"workspaceArmPath\":\"/subscriptions/6738509d-84ed-4ad6-974a-7dc4e3c34146/resourcegroups/shanglinli_test_rg/providers/Microsoft.DesktopVirtualization/workspaces/shanglinli_test_workspace\",\"description\":\"Desktop Application Group created through the Hostpool Wizard\",\"friendlyName\":\"Default Desktop\",\"applicationGroupType\":\"Desktop\",\"migrationRequest\":null,\"cloudPcResource\":false,\"objectId\":\"d2c7b323-e9a4-4ca1-8f19-4dcd1268c641\"}},{\"name\":\"TestHostPool-DAG\",\"id\":\"/subscriptions/6738509d-84ed-4ad6-974a-7dc4e3c34146/resourcegroups/test/providers/Microsoft.DesktopVirtualization/applicationgroups/TestHostPool-DAG\",\"type\":\"Microsoft.DesktopVirtualization/applicationgroups\",\"location\":\"eastus\",\"tags\":{\"cm-resource-parent\":\"/subscriptions/6738509d-84ed-4ad6-974a-7dc4e3c34146/resourceGroups/test/providers/Microsoft.DesktopVirtualization/TestHostPool\"},\"kind\":\"Desktop\",\"systemData\":{\"createdBy\":\"TestWin365@w365runner250520sh01.onmicrosoft.com\",\"createdByType\":\"User\",\"createdAt\":\"2025-05-28T06:28:21.18Z\",\"lastModifiedBy\":\"TestWin365@w365runner250520sh01.onmicrosoft.com\",\"lastModifiedByType\":\"User\",\"lastModifiedAt\":\"2025-05-28T06:28:21.18Z\"},\"properties\":{\"showInFeed\":null,\"hostPoolArmPath\":\"/subscriptions/6738509d-84ed-4ad6-974a-7dc4e3c34146/resourcegroups/test/providers/Microsoft.DesktopVirtualization/hostpools/TestHostPool\",\"workspaceArmPath\":\"/subscriptions/6738509d-84ed-4ad6-974a-7dc4e3c34146/resourcegroups/test/providers/Microsoft.DesktopVirtualization/workspaces/test\",\"description\":\"Desktop Application Group created through the Hostpool Wizard\",\"friendlyName\":\"Default Desktop\",\"applicationGroupType\":\"Desktop\",\"migrationRequest\":null,\"cloudPcResource\":false,\"objectId\":\"88375b69-0019-4927-9b72-cf91a74c0c24\"}},{\"name\":\"validation-DAG\",\"id\":\"/subscriptions/6738509d-84ed-4ad6-974a-7dc4e3c34146/resourcegroups/ivy-rg/providers/Microsoft.DesktopVirtualization/applicationgroups/validation-DAG\",\"type\":\"Microsoft.DesktopVirtualization/applicationgroups\",\"location\":\"eastus\",\"tags\":{\"cm-resource-parent\":\"/subscriptions/6738509d-84ed-4ad6-974a-7dc4e3c34146/resourceGroups/ivy-rg/providers/Microsoft.DesktopVirtualization/validation\"},\"kind\":\"Desktop\",\"systemData\":{\"createdBy\":\"yixizh@w365runner250520sh01.onmicrosoft.com\",\"createdByType\":\"User\",\"createdAt\":\"2025-06-10T06:39:51.74Z\",\"lastModifiedBy\":\"yixizh@w365runner250520sh01.onmicrosoft.com\",\"lastModifiedByType\":\"User\",\"lastModifiedAt\":\"2025-06-10T06:39:51.74Z\"},\"properties\":{\"showInFeed\":null,\"hostPoolArmPath\":\"/subscriptions/6738509d-84ed-4ad6-974a-7dc4e3c34146/resourcegroups/ivy-rg/providers/Microsoft.DesktopVirtualization/hostpools/validation\",\"workspaceArmPath\":null,\"description\":\"Desktop Application Group created through the Hostpool Wizard\",\"friendlyName\":\"Default Desktop\",\"applicationGroupType\":\"Desktop\",\"migrationRequest\":null,\"cloudPcResource\":false,\"objectId\":\"e6e32bbb-d784-4559-9fa5-2f6317b9d06d\"}},{\"name\":\"vdag-avd-quickstart-471ab962-5865-4b30-9355-968d6cba2015\",\"id\":\"/subscriptions/6738509d-84ed-4ad6-974a-7dc4e3c34146/resourcegroups/rg-avd-quickstart-471ab962-5865-4b30-9355-968d6cba2015/providers/Microsoft.DesktopVirtualization/applicationgroups/vdag-avd-quickstart-471ab962-5865-4b30-9355-968d6cba2015\",\"type\":\"Microsoft.DesktopVirtualization/applicationgroups\",\"location\":\"eastus\",\"tags\":null,\"kind\":\"Desktop\",\"systemData\":{\"createdBy\":\"hh@w365runner250520sh01.onmicrosoft.com\",\"createdByType\":\"User\",\"createdAt\":\"2025-09-04T07:03:09.44Z\",\"lastModifiedBy\":\"hh@w365runner250520sh01.onmicrosoft.com\",\"lastModifiedByType\":\"User\",\"lastModifiedAt\":\"2025-09-04T07:03:09.44Z\"},\"properties\":{\"showInFeed\":null,\"hostPoolArmPath\":\"/subscriptions/6738509d-84ed-4ad6-974a-7dc4e3c34146/resourcegroups/rg-avd-quickstart-471ab962-5865-4b30-9355-968d6cba2015/providers/Microsoft.DesktopVirtualization/hostpools/vdpool-avd-quickstart-471ab962-5865-4b30-9355-968d6cba2015\",\"workspaceArmPath\":\"/subscriptions/6738509d-84ed-4ad6-974a-7dc4e3c34146/resourcegroups/rg-avd-quickstart-471ab962-5865-4b30-9355-968d6cba2015/providers/Microsoft.DesktopVirtualization/workspaces/vdws-avd-quickstart-471ab962-5865-4b30-9355-968d6cba2015\",\"description\":\"Desktop Application Group created through the QuickStart\",\"friendlyName\":\"Default Desktop\",\"applicationGroupType\":\"Desktop\",\"migrationRequest\":null,\"cloudPcResource\":false,\"objectId\":\"9aa71f6f-3418-468b-9f99-06c1ffd20e85\"}},{\"name\":\"vdag-avd-quickstart-4b5748e7-ceec-4e41-badc-78465e352016\",\"id\":\"/subscriptions/6738509d-84ed-4ad6-974a-7dc4e3c34146/resourcegroups/rg-avd-quickstart-4b5748e7-ceec-4e41-badc-78465e352016/providers/Microsoft.DesktopVirtualization/applicationgroups/vdag-avd-quickstart-4b5748e7-ceec-4e41-badc-78465e352016\",\"type\":\"Microsoft.DesktopVirtualization/applicationgroups\",\"location\":\"eastus\",\"tags\":null,\"kind\":\"Desktop\",\"systemData\":{\"createdBy\":\"hh@w365runner250520sh01.onmicrosoft.com\",\"createdByType\":\"User\",\"createdAt\":\"2025-09-04T06:56:09.02Z\",\"lastModifiedBy\":\"hh@w365runner250520sh01.onmicrosoft.com\",\"lastModifiedByType\":\"User\",\"lastModifiedAt\":\"2025-09-04T06:56:09.02Z\"},\"properties\":{\"showInFeed\":null,\"hostPoolArmPath\":\"/subscriptions/6738509d-84ed-4ad6-974a-7dc4e3c34146/resourcegroups/rg-avd-quickstart-4b5748e7-ceec-4e41-badc-78465e352016/providers/Microsoft.DesktopVirtualization/hostpools/vdpool-avd-quickstart-4b5748e7-ceec-4e41-badc-78465e352016\",\"workspaceArmPath\":\"/subscriptions/6738509d-84ed-4ad6-974a-7dc4e3c34146/resourcegroups/rg-avd-quickstart-4b5748e7-ceec-4e41-badc-78465e352016/providers/Microsoft.DesktopVirtualization/workspaces/vdws-avd-quickstart-4b5748e7-ceec-4e41-badc-78465e352016\",\"description\":\"Desktop Application Group created through the QuickStart\",\"friendlyName\":\"Default Desktop\",\"applicationGroupType\":\"Desktop\",\"migrationRequest\":null,\"cloudPcResource\":false,\"objectId\":\"3a9a17d0-731e-4c7d-88ea-d30e7d3936e0\"}},{\"name\":\"vdag-avd-quickstart-4ecd2c29-c64b-4cd2-be0c-9c113ef9e027\",\"id\":\"/subscriptions/6738509d-84ed-4ad6-974a-7dc4e3c34146/resourcegroups/rg-avd-quickstart-4ecd2c29-c64b-4cd2-be0c-9c113ef9e027/providers/Microsoft.DesktopVirtualization/applicationgroups/vdag-avd-quickstart-4ecd2c29-c64b-4cd2-be0c-9c113ef9e027\",\"type\":\"Microsoft.DesktopVirtualization/applicationgroups\",\"location\":\"eastus\",\"tags\":null,\"kind\":\"Desktop\",\"systemData\":{\"createdBy\":\"hh@w365runner250520sh01.onmicrosoft.com\",\"createdByType\":\"User\",\"createdAt\":\"2025-09-23T04:55:36.86Z\",\"lastModifiedBy\":\"hh@w365runner250520sh01.onmicrosoft.com\",\"lastModifiedByType\":\"User\",\"lastModifiedAt\":\"2025-09-23T04:55:36.86Z\"},\"properties\":{\"showInFeed\":null,\"hostPoolArmPath\":\"/subscriptions/6738509d-84ed-4ad6-974a-7dc4e3c34146/resourcegroups/rg-avd-quickstart-4ecd2c29-c64b-4cd2-be0c-9c113ef9e027/providers/Microsoft.DesktopVirtualization/hostpools/vdpool-avd-quickstart-4ecd2c29-c64b-4cd2-be0c-9c113ef9e027\",\"workspaceArmPath\":\"/subscriptions/6738509d-84ed-4ad6-974a-7dc4e3c34146/resourcegroups/rg-avd-quickstart-4ecd2c29-c64b-4cd2-be0c-9c113ef9e027/providers/Microsoft.DesktopVirtualization/workspaces/vdws-avd-quickstart-4ecd2c29-c64b-4cd2-be0c-9c113ef9e027\",\"description\":\"Desktop Application Group created through the QuickStart\",\"friendlyName\":\"Default Desktop\",\"applicationGroupType\":\"Desktop\",\"migrationRequest\":null,\"cloudPcResource\":false,\"objectId\":\"0e8ce3af-cc2c-4a54-b49b-2f5832508874\"}},{\"name\":\"vdag-avd-quickstart-58d5d790-eca6-4388-9a7d-8a65bd63d015\",\"id\":\"/subscriptions/6738509d-84ed-4ad6-974a-7dc4e3c34146/resourcegroups/rg-avd-quickstart-58d5d790-eca6-4388-9a7d-8a65bd63d015/providers/Microsoft.DesktopVirtualization/applicationgroups/vdag-avd-quickstart-58d5d790-eca6-4388-9a7d-8a65bd63d015\",\"type\":\"Microsoft.DesktopVirtualization/applicationgroups\",\"location\":\"eastus\",\"tags\":null,\"kind\":\"Desktop\",\"systemData\":{\"createdBy\":\"hh@w365runner250520sh01.onmicrosoft.com\",\"createdByType\":\"User\",\"createdAt\":\"2025-09-04T09:37:02.32Z\",\"lastModifiedBy\":\"hh@w365runner250520sh01.onmicrosoft.com\",\"lastModifiedByType\":\"User\",\"lastModifiedAt\":\"2025-09-04T09:37:02.32Z\"},\"properties\":{\"showInFeed\":null,\"hostPoolArmPath\":\"/subscriptions/6738509d-84ed-4ad6-974a-7dc4e3c34146/resourcegroups/rg-avd-quickstart-58d5d790-eca6-4388-9a7d-8a65bd63d015/providers/Microsoft.DesktopVirtualization/hostpools/vdpool-avd-quickstart-58d5d790-eca6-4388-9a7d-8a65bd63d015\",\"workspaceArmPath\":\"/subscriptions/6738509d-84ed-4ad6-974a-7dc4e3c34146/resourcegroups/rg-avd-quickstart-58d5d790-eca6-4388-9a7d-8a65bd63d015/providers/Microsoft.DesktopVirtualization/workspaces/vdws-avd-quickstart-58d5d790-eca6-4388-9a7d-8a65bd63d015\",\"description\":\"Desktop Application Group created through the QuickStart\",\"friendlyName\":\"Default Desktop\",\"applicationGroupType\":\"Desktop\",\"migrationRequest\":null,\"cloudPcResource\":false,\"objectId\":\"d23c7e0a-3e39-44bb-b136-8eb187c2ff61\"}},{\"name\":\"vdag-avd-quickstart-e8f4d878-f1c2-4bd2-8158-2e5869dfb015\",\"id\":\"/subscriptions/6738509d-84ed-4ad6-974a-7dc4e3c34146/resourcegroups/rg-avd-quickstart-e8f4d878-f1c2-4bd2-8158-2e5869dfb015/providers/Microsoft.DesktopVirtualization/applicationgroups/vdag-avd-quickstart-e8f4d878-f1c2-4bd2-8158-2e5869dfb015\",\"type\":\"Microsoft.DesktopVirtualization/applicationgroups\",\"location\":\"eastus\",\"tags\":null,\"kind\":\"Desktop\",\"systemData\":{\"createdBy\":\"hh@w365runner250520sh01.onmicrosoft.com\",\"createdByType\":\"User\",\"createdAt\":\"2025-09-18T03:01:03.87Z\",\"lastModifiedBy\":\"hh@w365runner250520sh01.onmicrosoft.com\",\"lastModifiedByType\":\"User\",\"lastModifiedAt\":\"2025-09-18T03:01:03.87Z\"},\"properties\":{\"showInFeed\":null,\"hostPoolArmPath\":\"/subscriptions/6738509d-84ed-4ad6-974a-7dc4e3c34146/resourcegroups/rg-avd-quickstart-e8f4d878-f1c2-4bd2-8158-2e5869dfb015/providers/Microsoft.DesktopVirtualization/hostpools/vdpool-avd-quickstart-e8f4d878-f1c2-4bd2-8158-2e5869dfb015\",\"workspaceArmPath\":\"/subscriptions/6738509d-84ed-4ad6-974a-7dc4e3c34146/resourcegroups/rg-avd-quickstart-e8f4d878-f1c2-4bd2-8158-2e5869dfb015/providers/Microsoft.DesktopVirtualization/workspaces/vdws-avd-quickstart-e8f4d878-f1c2-4bd2-8158-2e5869dfb015\",\"description\":\"Desktop Application Group created through the QuickStart\",\"friendlyName\":\"Default Desktop\",\"applicationGroupType\":\"Desktop\",\"migrationRequest\":null,\"cloudPcResource\":false,\"objectId\":\"dc6ebdfd-c327-4e16-96d5-403a476e0613\"}},{\"name\":\"vdag-avd-quickstart-ffe15715-dee3-4819-a753-79c9d4b1c015\",\"id\":\"/subscriptions/6738509d-84ed-4ad6-974a-7dc4e3c34146/resourcegroups/rg-avd-quickstart-ffe15715-dee3-4819-a753-79c9d4b1c015/providers/Microsoft.DesktopVirtualization/applicationgroups/vdag-avd-quickstart-ffe15715-dee3-4819-a753-79c9d4b1c015\",\"type\":\"Microsoft.DesktopVirtualization/applicationgroups\",\"location\":\"westus2\",\"tags\":null,\"kind\":\"Desktop\",\"systemData\":{\"createdBy\":\"hh@w365runner250520sh01.onmicrosoft.com\",\"createdByType\":\"User\",\"createdAt\":\"2025-09-18T07:11:15.96Z\",\"lastModifiedBy\":\"hh@w365runner250520sh01.onmicrosoft.com\",\"lastModifiedByType\":\"User\",\"lastModifiedAt\":\"2025-09-18T07:11:15.96Z\"},\"properties\":{\"showInFeed\":null,\"hostPoolArmPath\":\"/subscriptions/6738509d-84ed-4ad6-974a-7dc4e3c34146/resourcegroups/rg-avd-quickstart-ffe15715-dee3-4819-a753-79c9d4b1c015/providers/Microsoft.DesktopVirtualization/hostpools/vdpool-avd-quickstart-ffe15715-dee3-4819-a753-79c9d4b1c015\",\"workspaceArmPath\":\"/subscriptions/6738509d-84ed-4ad6-974a-7dc4e3c34146/resourcegroups/rg-avd-quickstart-ffe15715-dee3-4819-a753-79c9d4b1c015/providers/Microsoft.DesktopVirtualization/workspaces/vdws-avd-quickstart-ffe15715-dee3-4819-a753-79c9d4b1c015\",\"description\":\"Desktop Application Group created through the QuickStart\",\"friendlyName\":\"Default Desktop\",\"applicationGroupType\":\"Desktop\",\"migrationRequest\":null,\"cloudPcResource\":false,\"objectId\":\"8f652c6b-1c73-403c-928c-e93c6d24d1c5\"}},{\"name\":\"WenqiTestHP-DAG\",\"id\":\"/subscriptions/6738509d-84ed-4ad6-974a-7dc4e3c34146/resourcegroups/WenqiTestRG/providers/Microsoft.DesktopVirtualization/applicationgroups/WenqiTestHP-DAG\",\"type\":\"Microsoft.DesktopVirtualization/applicationgroups\",\"location\":\"westus2\",\"tags\":{\"cm-resource-parent\":\"/subscriptions/6738509d-84ed-4ad6-974a-7dc4e3c34146/resourceGroups/WenqiTestRG/providers/Microsoft.DesktopVirtualization/WenqiTestHP\"},\"kind\":\"Desktop\",\"systemData\":{\"createdBy\":\"TestWin365@w365runner250520sh01.onmicrosoft.com\",\"createdByType\":\"User\",\"createdAt\":\"2025-05-28T02:53:29.43Z\",\"lastModifiedBy\":\"TestWin365@w365runner250520sh01.onmicrosoft.com\",\"lastModifiedByType\":\"User\",\"lastModifiedAt\":\"2025-05-28T02:53:29.43Z\"},\"properties\":{\"showInFeed\":null,\"hostPoolArmPath\":\"/subscriptions/6738509d-84ed-4ad6-974a-7dc4e3c34146/resourcegroups/WenqiTestRG/providers/Microsoft.DesktopVirtualization/hostpools/WenqiTestHP\",\"workspaceArmPath\":\"/subscriptions/6738509d-84ed-4ad6-974a-7dc4e3c34146/resourcegroups/WenqiTestRG/providers/Microsoft.DesktopVirtualization/workspaces/WenqiTestWS\",\"description\":\"Desktop Application Group created through the Hostpool Wizard\",\"friendlyName\":\"Default Desktop\",\"applicationGroupType\":\"Desktop\",\"migrationRequest\":null,\"cloudPcResource\":false,\"objectId\":\"ade21686-0eb3-4d26-8b01-57bbc9fc1d39\"}},{\"name\":\"yilia-host-poll-DAG\",\"id\":\"/subscriptions/6738509d-84ed-4ad6-974a-7dc4e3c34146/resourcegroups/yilia-rg/providers/Microsoft.DesktopVirtualization/applicationgroups/yilia-host-poll-DAG\",\"type\":\"Microsoft.DesktopVirtualization/applicationgroups\",\"location\":\"eastus\",\"tags\":{\"cm-resource-parent\":\"/subscriptions/6738509d-84ed-4ad6-974a-7dc4e3c34146/resourceGroups/yilia-rg/providers/Microsoft.DesktopVirtualization/yilia-host-poll\"},\"kind\":\"Desktop\",\"systemData\":{\"createdBy\":\"TestWin365@w365runner250520sh01.onmicrosoft.com\",\"createdByType\":\"User\",\"createdAt\":\"2025-06-24T06:57:44.39Z\",\"lastModifiedBy\":\"TestWin365@w365runner250520sh01.onmicrosoft.com\",\"lastModifiedByType\":\"User\",\"lastModifiedAt\":\"2025-06-24T06:57:44.39Z\"},\"properties\":{\"showInFeed\":null,\"hostPoolArmPath\":\"/subscriptions/6738509d-84ed-4ad6-974a-7dc4e3c34146/resourcegroups/yilia-rg/providers/Microsoft.DesktopVirtualization/hostpools/yilia-host-poll\",\"workspaceArmPath\":\"/subscriptions/6738509d-84ed-4ad6-974a-7dc4e3c34146/resourcegroups/yilia-rg/providers/Microsoft.DesktopVirtualization/workspaces/yilia-ws\",\"description\":\"Desktop Application Group created through the Hostpool Wizard\",\"friendlyName\":\"Default Desktop\",\"applicationGroupType\":\"Desktop\",\"migrationRequest\":null,\"cloudPcResource\":false,\"objectId\":\"abd43fd9-ece2-4962-bcfa-593422d65486\"}},{\"name\":\"zhongjie-automated-DAG\",\"id\":\"/subscriptions/6738509d-84ed-4ad6-974a-7dc4e3c34146/resourcegroups/zhongjie-rg-wus/providers/Microsoft.DesktopVirtualization/applicationgroups/zhongjie-automated-DAG\",\"type\":\"Microsoft.DesktopVirtualization/applicationgroups\",\"location\":\"westus2\",\"tags\":null,\"kind\":\"Desktop\",\"systemData\":{\"createdBy\":\"zhongjieli@w365runner250520sh01.onmicrosoft.com\",\"createdByType\":\"User\",\"createdAt\":\"2025-10-16T09:49:36.94Z\",\"lastModifiedBy\":\"zhongjieli@w365runner250520sh01.onmicrosoft.com\",\"lastModifiedByType\":\"User\",\"lastModifiedAt\":\"2025-10-16T09:49:36.94Z\"},\"properties\":{\"showInFeed\":null,\"hostPoolArmPath\":\"/subscriptions/6738509d-84ed-4ad6-974a-7dc4e3c34146/resourcegroups/zhongjie-rg-wus/providers/Microsoft.DesktopVirtualization/hostpools/zhongjie-automated\",\"workspaceArmPath\":\"/subscriptions/6738509d-84ed-4ad6-974a-7dc4e3c34146/resourcegroups/zhongjie-rg-wus/providers/Microsoft.DesktopVirtualization/workspaces/zhongjieworkspacewus\",\"description\":\"Desktop Application Group created through the Hostpool Wizard\",\"friendlyName\":\"Default Desktop\",\"applicationGroupType\":\"Desktop\",\"migrationRequest\":null,\"cloudPcResource\":false,\"objectId\":\"f36c4362-7831-4c5b-bf95-b9a0c703ffaa\"}},{\"name\":\"zhongjie-automated-RAG\",\"id\":\"/subscriptions/6738509d-84ed-4ad6-974a-7dc4e3c34146/resourcegroups/zhongjie-rg-wus/providers/Microsoft.DesktopVirtualization/applicationgroups/zhongjie-automated-RAG\",\"type\":\"Microsoft.DesktopVirtualization/applicationgroups\",\"location\":\"westus2\",\"tags\":{},\"kind\":\"RemoteApp\",\"systemData\":{\"createdBy\":\"zhongjieli@w365runner250520sh01.onmicrosoft.com\",\"createdByType\":\"User\",\"createdAt\":\"2025-10-17T06:38:39.50Z\",\"lastModifiedBy\":\"zhongjieli@w365runner250520sh01.onmicrosoft.com\",\"lastModifiedByType\":\"User\",\"lastModifiedAt\":\"2025-10-17T06:38:47.43Z\"},\"properties\":{\"showInFeed\":null,\"hostPoolArmPath\":\"/subscriptions/6738509d-84ed-4ad6-974a-7dc4e3c34146/resourcegroups/zhongjie-rg-wus/providers/Microsoft.DesktopVirtualization/hostpools/zhongjie-automated\",\"workspaceArmPath\":null,\"description\":\"\",\"friendlyName\":\"zhongjie-automated-RAG\",\"applicationGroupType\":\"RemoteApp\",\"migrationRequest\":null,\"cloudPcResource\":false,\"objectId\":\"38eeb61c-7da3-4eda-a307-378dc6c73598\"}},{\"name\":\"zhongjie-hostpool-test-log-DAG\",\"id\":\"/subscriptions/6738509d-84ed-4ad6-974a-7dc4e3c34146/resourcegroups/zhongjie-rg-wus/providers/Microsoft.DesktopVirtualization/applicationgroups/zhongjie-hostpool-test-log-DAG\",\"type\":\"Microsoft.DesktopVirtualization/applicationgroups\",\"location\":\"westus2\",\"tags\":{\"cm-resource-parent\":\"/subscriptions/6738509d-84ed-4ad6-974a-7dc4e3c34146/resourceGroups/zhongjie-rg-wus/providers/Microsoft.DesktopVirtualization/zhongjie-hostpool-test-log\"},\"kind\":\"Desktop\",\"systemData\":{\"createdBy\":\"zhongjieli@w365runner250520sh01.onmicrosoft.com\",\"createdByType\":\"User\",\"createdAt\":\"2025-07-21T08:57:05.05Z\",\"lastModifiedBy\":\"zhongjieli@w365runner250520sh01.onmicrosoft.com\",\"lastModifiedByType\":\"User\",\"lastModifiedAt\":\"2025-07-21T08:57:05.05Z\"},\"properties\":{\"showInFeed\":null,\"hostPoolArmPath\":\"/subscriptions/6738509d-84ed-4ad6-974a-7dc4e3c34146/resourcegroups/zhongjie-rg-wus/providers/Microsoft.DesktopVirtualization/hostpools/zhongjie-hostpool-test-log\",\"workspaceArmPath\":null,\"description\":\"Desktop Application Group created through the Hostpool Wizard\",\"friendlyName\":\"Default Desktop\",\"applicationGroupType\":\"Desktop\",\"migrationRequest\":null,\"cloudPcResource\":false,\"objectId\":\"4a091e33-fa01-4c96-98a1-ebf2d733676b\"}},{\"name\":\"zhongjietesthostpoolwus-DAG\",\"id\":\"/subscriptions/6738509d-84ed-4ad6-974a-7dc4e3c34146/resourcegroups/zhongjie-rg-wus/providers/Microsoft.DesktopVirtualization/applicationgroups/zhongjietesthostpoolwus-DAG\",\"type\":\"Microsoft.DesktopVirtualization/applicationgroups\",\"location\":\"westus2\",\"tags\":{\"cm-resource-parent\":\"/subscriptions/6738509d-84ed-4ad6-974a-7dc4e3c34146/resourceGroups/zhongjie-rg-wus/providers/Microsoft.DesktopVirtualization/zhongjietesthostpoolwus\"},\"kind\":\"Desktop\",\"systemData\":{\"createdBy\":\"TestWin365@w365runner250520sh01.onmicrosoft.com\",\"createdByType\":\"User\",\"createdAt\":\"2025-06-27T05:33:16.58Z\",\"lastModifiedBy\":\"TestWin365@w365runner250520sh01.onmicrosoft.com\",\"lastModifiedByType\":\"User\",\"lastModifiedAt\":\"2025-06-27T05:33:16.58Z\"},\"properties\":{\"showInFeed\":null,\"hostPoolArmPath\":\"/subscriptions/6738509d-84ed-4ad6-974a-7dc4e3c34146/resourcegroups/zhongjie-rg-wus/providers/Microsoft.DesktopVirtualization/hostpools/zhongjietesthostpoolwus\",\"workspaceArmPath\":null,\"description\":\"Desktop Application Group created through the Hostpool Wizard\",\"friendlyName\":\"Default Desktop\",\"applicationGroupType\":\"Desktop\",\"migrationRequest\":null,\"cloudPcResource\":false,\"objectId\":\"04834764-fb1e-4c24-b9b3-49c0ba7302ae\"}},{\"name\":\"ziwen-hp-personal-DAG\",\"id\":\"/subscriptions/6738509d-84ed-4ad6-974a-7dc4e3c34146/resourcegroups/ziwen-rg/providers/Microsoft.DesktopVirtualization/applicationgroups/ziwen-hp-personal-DAG\",\"type\":\"Microsoft.DesktopVirtualization/applicationgroups\",\"location\":\"eastus\",\"tags\":{\"cm-resource-parent\":\"/subscriptions/6738509d-84ed-4ad6-974a-7dc4e3c34146/resourceGroups/ziwen-rg/providers/Microsoft.DesktopVirtualization/ziwen-hp-personal\"},\"kind\":\"Desktop\",\"systemData\":{\"createdBy\":\"TestWin365@w365runner250520sh01.onmicrosoft.com\",\"createdByType\":\"User\",\"createdAt\":\"2025-06-25T08:41:07.40Z\",\"lastModifiedBy\":\"TestWin365@w365runner250520sh01.onmicrosoft.com\",\"lastModifiedByType\":\"User\",\"lastModifiedAt\":\"2025-06-25T08:41:07.40Z\"},\"properties\":{\"showInFeed\":null,\"hostPoolArmPath\":\"/subscriptions/6738509d-84ed-4ad6-974a-7dc4e3c34146/resourcegroups/ziwen-rg/providers/Microsoft.DesktopVirtualization/hostpools/ziwen-hp-personal\",\"workspaceArmPath\":\"/subscriptions/6738509d-84ed-4ad6-974a-7dc4e3c34146/resourcegroups/ziwen-rg/providers/Microsoft.DesktopVirtualization/workspaces/ziwen-workspace\",\"description\":\"Desktop Application Group created through the Hostpool Wizard\",\"friendlyName\":\"Default Desktop\",\"applicationGroupType\":\"Desktop\",\"migrationRequest\":null,\"cloudPcResource\":false,\"objectId\":\"d48684ef-daae-4763-a3cd-74ab15711487\"}}]}",
      "isContentBase64": false
    }
  },
  "Get-AzWvdApplicationGroup+[NoContext]+List Subscription Level+$DELETE+https://management.azure.com/subscriptions/6738509d-84ed-4ad6-974a-7dc4e3c34146/resourceGroups/zhongjie-rg-wus/providers/Microsoft.DesktopVirtualization/applicationGroups/ApplicationGroupPowershell1?api-version=2025-04-01-preview+5": {
    "Request": {
      "Method": "DELETE",
      "RequestUri": "https://management.azure.com/subscriptions/6738509d-84ed-4ad6-974a-7dc4e3c34146/resourceGroups/zhongjie-rg-wus/providers/Microsoft.DesktopVirtualization/applicationGroups/ApplicationGroupPowershell1?api-version=2025-04-01-preview",
      "Content": null,
      "isContentBase64": false,
      "Headers": {
        "x-ms-unique-id": [ "70" ],
        "x-ms-client-request-id": [ "c225b4aa-1851-4f88-a847-2fae482425c0" ],
        "CommandName": [ "Remove-AzWvdApplicationGroup" ],
        "FullCommandName": [ "Remove-AzWvdApplicationGroup_Delete" ],
        "ParameterSetName": [ "__AllParameterSets" ],
        "User-Agent": [ "AzurePowershell/v8.2.0", "PSVersion/v7.5.3", "Az.DesktopVirtualization/0.1.0" ],
        "Authorization": [ "[Filtered]" ]
      },
      "ContentHeaders": {
      }
    },
    "Response": {
      "StatusCode": 200,
      "Headers": {
        "Cache-Control": [ "no-cache" ],
        "Pragma": [ "no-cache" ],
        "Vary": [ "Accept-Encoding" ],
        "Set-Cookie": [ "ARRAffinity=9fa6c0b82e1d7da4a533be6bd9bc598a7378a1d1d9fd035b439a7dee1d6cddf7;Path=/;HttpOnly;Secure;Domain=rdarmprovider-g-us-r0.wvd.microsoft.com", "ARRAffinitySameSite=9fa6c0b82e1d7da4a533be6bd9bc598a7378a1d1d9fd035b439a7dee1d6cddf7;Path=/;HttpOnly;SameSite=None;Secure;Domain=rdarmprovider-g-us-r0.wvd.microsoft.com" ],
        "Server": [ "Microsoft-IIS/10.0" ],
        "x-ms-operation-identifier": [ "tenantId=715492f1-ef6e-4eea-9176-7c81e765c3c8,objectId=1db230a9-e046-46ab-912b-9cea769323a2/japaneast/d1b9aa96-f909-40ad-ac76-237d3cbce6e8" ],
        "X-Rate-Limit-Limit": [ "0" ],
        "X-Rate-Limit-Remaining": [ "9223372036854775807" ],
        "X-Rate-Limit-Reset": [ "0" ],
        "x-ms-opsarmpath64": [ "L3N1YnNjcmlwdGlvbnMvNjczODUwOWQtODRlZC00YWQ2LTk3NGEtN2RjNGUzYzM0MTQ2L3Jlc291cmNlR3JvdXBzL3pob25namllLXJnLXd1cy9wcm92aWRlcnMvTWljcm9zb2Z0LkRlc2t0b3BWaXJ0dWFsaXphdGlvbi9hcHBsaWNhdGlvbkdyb3Vwcy9BcHBsaWNhdGlvbkdyb3VwUG93ZXJzaGVsbDE=" ],
        "x-ms-lamport-ts": [ "10114341271" ],
        "x-ms-correlation-id": [ "d5aee791-808b-4b19-ac08-3779fea723d1" ],
        "x-ms-request-id": [ "c225b4aa-1851-4f88-a847-2fae482425c0" ],
        "X-Powered-By": [ "ASP.NET" ],
        "X-Content-Type-Options": [ "nosniff" ],
        "x-ms-ratelimit-remaining-subscription-deletes": [ "195" ],
        "x-ms-ratelimit-remaining-subscription-global-deletes": [ "2995" ],
        "x-ms-correlation-request-id": [ "5671c686-2166-469e-9395-8bbc81366dc7" ],
        "x-ms-routing-request-id": [ "JAPANEAST:20251029T022258Z:5671c686-2166-469e-9395-8bbc81366dc7" ],
        "Strict-Transport-Security": [ "max-age=31536000; includeSubDomains" ],
        "Date": [ "Wed, 29 Oct 2025 02:22:57 GMT" ]
      },
      "ContentHeaders": {
        "Content-Length": [ "1014" ],
        "Content-Type": [ "application/json; charset=utf-8" ],
        "Expires": [ "-1" ]
      },
      "Content": "{\"name\":\"ApplicationGroupPowershell1\",\"id\":\"/subscriptions/6738509d-84ed-4ad6-974a-7dc4e3c34146/resourcegroups/zhongjie-rg-wus/providers/Microsoft.DesktopVirtualization/applicationgroups/ApplicationGroupPowershell1\",\"type\":\"Microsoft.DesktopVirtualization/applicationgroups\",\"location\":\"westus2\",\"tags\":null,\"kind\":\"Desktop\",\"systemData\":{\"createdBy\":\"zhongjieli@w365runner250520sh01.onmicrosoft.com\",\"createdByType\":\"User\",\"createdAt\":\"2025-10-29T02:22:52.18Z\",\"lastModifiedBy\":\"zhongjieli@w365runner250520sh01.onmicrosoft.com\",\"lastModifiedByType\":\"User\",\"lastModifiedAt\":\"2025-10-29T02:22:52.18Z\"},\"properties\":{\"showInFeed\":null,\"hostPoolArmPath\":\"/subscriptions/6738509d-84ed-4ad6-974a-7dc4e3c34146/resourcegroups/zhongjie-rg-wus/providers/Microsoft.DesktopVirtualization/hostpools/HostPoolPowershellContained1\",\"workspaceArmPath\":null,\"description\":\"des\",\"friendlyName\":\"fri\",\"applicationGroupType\":\"Desktop\",\"migrationRequest\":null,\"cloudPcResource\":false,\"objectId\":\"0766fd71-cf30-48e6-9080-1a9b5c353c38\"}}",
      "isContentBase64": false
    }
  },
  "Get-AzWvdApplicationGroup+[NoContext]+List Subscription Level+$DELETE+https://management.azure.com/subscriptions/6738509d-84ed-4ad6-974a-7dc4e3c34146/resourceGroups/zhongjie-rg-wus/providers/Microsoft.DesktopVirtualization/applicationGroups/ApplicationGroupPowershell2?api-version=2025-04-01-preview+6": {
    "Request": {
      "Method": "DELETE",
      "RequestUri": "https://management.azure.com/subscriptions/6738509d-84ed-4ad6-974a-7dc4e3c34146/resourceGroups/zhongjie-rg-wus/providers/Microsoft.DesktopVirtualization/applicationGroups/ApplicationGroupPowershell2?api-version=2025-04-01-preview",
      "Content": null,
      "isContentBase64": false,
      "Headers": {
        "x-ms-unique-id": [ "71" ],
        "x-ms-client-request-id": [ "109b35fa-f945-4f9b-a496-a10ccf97ec64" ],
        "CommandName": [ "Remove-AzWvdApplicationGroup" ],
        "FullCommandName": [ "Remove-AzWvdApplicationGroup_Delete" ],
        "ParameterSetName": [ "__AllParameterSets" ],
        "User-Agent": [ "AzurePowershell/v8.2.0", "PSVersion/v7.5.3", "Az.DesktopVirtualization/0.1.0" ],
        "Authorization": [ "[Filtered]" ]
      },
      "ContentHeaders": {
      }
    },
    "Response": {
      "StatusCode": 200,
      "Headers": {
        "Cache-Control": [ "no-cache" ],
        "Pragma": [ "no-cache" ],
        "Vary": [ "Accept-Encoding" ],
        "Set-Cookie": [ "ARRAffinity=fca55a869ff17da08ab50c4d6192444d330b01fa3b3d53e394fd71eb7362934e;Path=/;HttpOnly;Secure;Domain=rdarmprovider-g-us-r0.wvd.microsoft.com", "ARRAffinitySameSite=fca55a869ff17da08ab50c4d6192444d330b01fa3b3d53e394fd71eb7362934e;Path=/;HttpOnly;SameSite=None;Secure;Domain=rdarmprovider-g-us-r0.wvd.microsoft.com" ],
        "Server": [ "Microsoft-IIS/10.0" ],
        "x-ms-operation-identifier": [ "tenantId=715492f1-ef6e-4eea-9176-7c81e765c3c8,objectId=1db230a9-e046-46ab-912b-9cea769323a2/japaneast/340f5d6f-362f-4358-8034-ee822553bbc0" ],
        "X-Rate-Limit-Limit": [ "0" ],
        "X-Rate-Limit-Remaining": [ "9223372036854775807" ],
        "X-Rate-Limit-Reset": [ "0" ],
        "x-ms-opsarmpath64": [ "L3N1YnNjcmlwdGlvbnMvNjczODUwOWQtODRlZC00YWQ2LTk3NGEtN2RjNGUzYzM0MTQ2L3Jlc291cmNlR3JvdXBzL3pob25namllLXJnLXd1cy9wcm92aWRlcnMvTWljcm9zb2Z0LkRlc2t0b3BWaXJ0dWFsaXphdGlvbi9hcHBsaWNhdGlvbkdyb3Vwcy9BcHBsaWNhdGlvbkdyb3VwUG93ZXJzaGVsbDI=" ],
        "x-ms-lamport-ts": [ "10114341401" ],
        "x-ms-correlation-id": [ "52589a33-723c-4905-9d43-83a00d42376b" ],
        "x-ms-request-id": [ "109b35fa-f945-4f9b-a496-a10ccf97ec64" ],
        "X-Powered-By": [ "ASP.NET" ],
        "X-Content-Type-Options": [ "nosniff" ],
        "x-ms-ratelimit-remaining-subscription-deletes": [ "195" ],
        "x-ms-ratelimit-remaining-subscription-global-deletes": [ "2995" ],
        "x-ms-correlation-request-id": [ "97f8a534-b698-4ec1-a46c-99a6f1808cf6" ],
        "x-ms-routing-request-id": [ "JAPANEAST:20251029T022300Z:97f8a534-b698-4ec1-a46c-99a6f1808cf6" ],
        "Strict-Transport-Security": [ "max-age=31536000; includeSubDomains" ],
        "Date": [ "Wed, 29 Oct 2025 02:22:59 GMT" ]
      },
      "ContentHeaders": {
        "Content-Length": [ "1018" ],
        "Content-Type": [ "application/json; charset=utf-8" ],
        "Expires": [ "-1" ]
      },
      "Content": "{\"name\":\"ApplicationGroupPowershell2\",\"id\":\"/subscriptions/6738509d-84ed-4ad6-974a-7dc4e3c34146/resourcegroups/zhongjie-rg-wus/providers/Microsoft.DesktopVirtualization/applicationgroups/ApplicationGroupPowershell2\",\"type\":\"Microsoft.DesktopVirtualization/applicationgroups\",\"location\":\"westus2\",\"tags\":null,\"kind\":\"RemoteApp\",\"systemData\":{\"createdBy\":\"zhongjieli@w365runner250520sh01.onmicrosoft.com\",\"createdByType\":\"User\",\"createdAt\":\"2025-10-29T02:22:54.15Z\",\"lastModifiedBy\":\"zhongjieli@w365runner250520sh01.onmicrosoft.com\",\"lastModifiedByType\":\"User\",\"lastModifiedAt\":\"2025-10-29T02:22:54.15Z\"},\"properties\":{\"showInFeed\":null,\"hostPoolArmPath\":\"/subscriptions/6738509d-84ed-4ad6-974a-7dc4e3c34146/resourcegroups/zhongjie-rg-wus/providers/Microsoft.DesktopVirtualization/hostpools/HostPoolPowershellContained1\",\"workspaceArmPath\":null,\"description\":\"des\",\"friendlyName\":\"fri\",\"applicationGroupType\":\"RemoteApp\",\"migrationRequest\":null,\"cloudPcResource\":false,\"objectId\":\"13400f42-586c-4605-9c59-a79c2a22df71\"}}",
      "isContentBase64": false
    }
  },
  "Get-AzWvdApplicationGroup+[NoContext]+List Subscription Level+$DELETE+https://management.azure.com/subscriptions/6738509d-84ed-4ad6-974a-7dc4e3c34146/resourceGroups/zhongjie-rg-wus/providers/Microsoft.DesktopVirtualization/hostPools/HostPoolPowershellContained1?api-version=2025-04-01-preview+7": {
    "Request": {
      "Method": "DELETE",
      "RequestUri": "https://management.azure.com/subscriptions/6738509d-84ed-4ad6-974a-7dc4e3c34146/resourceGroups/zhongjie-rg-wus/providers/Microsoft.DesktopVirtualization/hostPools/HostPoolPowershellContained1?api-version=2025-04-01-preview",
      "Content": null,
      "isContentBase64": false,
      "Headers": {
        "x-ms-unique-id": [ "72" ],
        "x-ms-client-request-id": [ "460f068b-adb3-4e3f-a761-e5560f0375d2" ],
        "CommandName": [ "Remove-AzWvdHostPool" ],
        "FullCommandName": [ "Remove-AzWvdHostPool_Delete" ],
        "ParameterSetName": [ "__AllParameterSets" ],
        "User-Agent": [ "AzurePowershell/v8.2.0", "PSVersion/v7.5.3", "Az.DesktopVirtualization/0.1.0" ],
        "Authorization": [ "[Filtered]" ]
      },
      "ContentHeaders": {
      }
    },
    "Response": {
      "StatusCode": 200,
      "Headers": {
        "Cache-Control": [ "no-cache" ],
        "Pragma": [ "no-cache" ],
        "Vary": [ "Accept-Encoding" ],
        "Set-Cookie": [ "ARRAffinity=9fa6c0b82e1d7da4a533be6bd9bc598a7378a1d1d9fd035b439a7dee1d6cddf7;Path=/;HttpOnly;Secure;Domain=rdarmprovider-g-us-r0.wvd.microsoft.com", "ARRAffinitySameSite=9fa6c0b82e1d7da4a533be6bd9bc598a7378a1d1d9fd035b439a7dee1d6cddf7;Path=/;HttpOnly;SameSite=None;Secure;Domain=rdarmprovider-g-us-r0.wvd.microsoft.com" ],
        "Server": [ "Microsoft-IIS/10.0" ],
        "x-ms-operation-identifier": [ "tenantId=715492f1-ef6e-4eea-9176-7c81e765c3c8,objectId=1db230a9-e046-46ab-912b-9cea769323a2/japaneast/3823e7e8-60b4-4808-87d7-ea536c81da7f" ],
        "X-Rate-Limit-Limit": [ "0" ],
        "X-Rate-Limit-Remaining": [ "9223372036854775807" ],
        "X-Rate-Limit-Reset": [ "0" ],
        "x-ms-opsarmpath64": [ "L3N1YnNjcmlwdGlvbnMvNjczODUwOWQtODRlZC00YWQ2LTk3NGEtN2RjNGUzYzM0MTQ2L3Jlc291cmNlR3JvdXBzL3pob25namllLXJnLXd1cy9wcm92aWRlcnMvTWljcm9zb2Z0LkRlc2t0b3BWaXJ0dWFsaXphdGlvbi9ob3N0UG9vbHMvSG9zdFBvb2xQb3dlcnNoZWxsQ29udGFpbmVkMQ==" ],
        "x-ms-lamport-ts": [ "10114341436" ],
        "x-ms-correlation-id": [ "95d7a2e5-9951-4429-8516-4fb352a5cc0e" ],
        "x-ms-request-id": [ "460f068b-adb3-4e3f-a761-e5560f0375d2" ],
        "X-Powered-By": [ "ASP.NET" ],
        "X-Content-Type-Options": [ "nosniff" ],
        "x-ms-ratelimit-remaining-subscription-deletes": [ "194" ],
        "x-ms-ratelimit-remaining-subscription-global-deletes": [ "2994" ],
        "x-ms-correlation-request-id": [ "019b3a24-6638-4dfa-97a1-fd55a1f82c25" ],
        "x-ms-routing-request-id": [ "JAPANEAST:20251029T022302Z:019b3a24-6638-4dfa-97a1-fd55a1f82c25" ],
        "Strict-Transport-Security": [ "max-age=31536000; includeSubDomains" ],
        "Date": [ "Wed, 29 Oct 2025 02:23:02 GMT" ]
      },
      "ContentHeaders": {
        "Content-Length": [ "2999" ],
        "Content-Type": [ "application/json; charset=utf-8" ],
        "Expires": [ "-1" ]
      },
      "Content": "{\"identity\":{\"type\":\"None\",\"tenantId\":null,\"principalId\":null},\"name\":\"HostPoolPowershellContained1\",\"id\":\"/subscriptions/6738509d-84ed-4ad6-974a-7dc4e3c34146/resourcegroups/zhongjie-rg-wus/providers/Microsoft.DesktopVirtualization/hostpools/HostPoolPowershellContained1\",\"type\":\"Microsoft.DesktopVirtualization/hostpools\",\"location\":\"westus2\",\"tags\":null,\"kind\":null,\"systemData\":{\"createdBy\":\"zhongjieli@w365runner250520sh01.onmicrosoft.com\",\"createdByType\":\"User\",\"createdAt\":\"2025-10-29T02:22:49.95Z\",\"lastModifiedBy\":\"zhongjieli@w365runner250520sh01.onmicrosoft.com\",\"lastModifiedByType\":\"User\",\"lastModifiedAt\":\"2025-10-29T02:22:49.95Z\"},\"properties\":{\"managedPrivateUDP\":\"Default\",\"directUDP\":\"Default\",\"publicUDP\":\"Default\",\"relayUDP\":\"Default\",\"managementType\":\"Standard\",\"appAttachPackageReferences\":[],\"agentUpdate\":null,\"privateEndpointConnections\":[],\"publicNetworkAccess\":\"Enabled\",\"friendlyName\":\"fri\",\"description\":\"des\",\"hostPoolType\":\"Pooled\",\"personalDesktopAssignmentType\":null,\"applicationGroupReferences\":[],\"customRdpProperty\":\"\",\"maxSessionLimit\":5,\"loadBalancerType\":\"DepthFirst\",\"validationEnvironment\":false,\"ring\":1,\"registrationInfo\":{\"expirationTime\":\"2025-10-30T02:22:48.8983528Z\",\"token\":\"eyJhbGciOiJSUzI1NiIsImtpZCI6Ijk0RDQxQUY3MjUyMDFDQzg2MDcwRDQwODI1MkQzMzk2OUEyOEQ0RTciLCJ0eXAiOiJKV1QifQ.eyJSZWdpc3RyYXRpb25JZCI6IjVhODc4M2IyLTM3MTMtNDVlNi05ZDdmLTZjMmIxYzlhMDVhYSIsIkJyb2tlclVyaSI6Imh0dHBzOi8vcmRicm9rZXItZy11cy1yMS53dmQubWljcm9zb2Z0LmNvbS8iLCJEaWFnbm9zdGljc1VyaSI6Imh0dHBzOi8vcmRkaWFnbm9zdGljcy1nLXVzLXIxLnd2ZC5taWNyb3NvZnQuY29tLyIsIkVuZHBvaW50UG9vbElkIjoiODMyODM1MGMtOWQzMi00NmYxLWIwYzktMTZhZjI4M2M5ZmRiIiwiR2xvYmFsQnJva2VyVXJpIjoiaHR0cHM6Ly9yZGJyb2tlci53dmQubWljcm9zb2Z0LmNvbS8iLCJHZW9ncmFwaHkiOiJVUyIsIkdsb2JhbEJyb2tlclJlc291cmNlSWRVcmkiOiJodHRwczovLzgzMjgzNTBjLTlkMzItNDZmMS1iMGM5LTE2YWYyODNjOWZkYi5yZGJyb2tlci53dmQubWljcm9zb2Z0LmNvbS8iLCJCcm9rZXJSZXNvdXJjZUlkVXJpIjoiaHR0cHM6Ly84MzI4MzUwYy05ZDMyLTQ2ZjEtYjBjOS0xNmFmMjgzYzlmZGIucmRicm9rZXItZy11cy1yMS53dmQubWljcm9zb2Z0LmNvbS8iLCJEaWFnbm9zdGljc1Jlc291cmNlSWRVcmkiOiJodHRwczovLzgzMjgzNTBjLTlkMzItNDZmMS1iMGM5LTE2YWYyODNjOWZkYi5yZGRpYWdub3N0aWNzLWctdXMtcjEud3ZkLm1pY3Jvc29mdC5jb20vIiwiQUFEVGVuYW50SWQiOiI3MTU0OTJmMS1lZjZlLTRlZWEtOTE3Ni03YzgxZTc2NWMzYzgiLCJuYmYiOjE3NjE3MDQ1NzAsImV4cCI6MTc2MTc5MDk2OCwiaXNzIjoiUkRJbmZyYVRva2VuTWFuYWdlciIsImF1ZCI6IlJEbWkifQ.fbmYlWSPcqKr6CHstjzRuNChGDf5zrR_lCGOVdF9oCiDlfIfFQWD8QN8O2YM9lmKO6fr3J0sEFrkzvhJ209DioTyQ25gsZp9GWnyhEloAFi6PYtgW6l-MTbbQ99f7peDASXyxq-_15eBFQJkNrALaZWhv5fMRDJJwGFg0JuqW-3yWUly1vl8JWY8UrrZCQNJ8kRFZhKCJqMYNh_1fbqoBTj9w8mjSTGZuFIxmu1UdZ7ZgJN1IhHnPOpJH-bPc0_wzkyabSKO9DJgnb-KGp7_Qy05ruuwuR5AnBkEsSCf-1v6sAKC4Udk7lMe8qQiZuep_luQ2_eg_e1887CjLNt0pQ\",\"registrationTokenOperation\":\"None\"},\"vmTemplate\":null,\"preferredAppGroupType\":\"Desktop\",\"migrationRequest\":null,\"cloudPcResource\":false,\"startVMOnConnect\":false,\"ssoadfsAuthority\":null,\"ssoClientId\":null,\"ssoClientSecretKeyVaultPath\":null,\"ssoSecretType\":null,\"objectId\":\"8328350c-9d32-46f1-b0c9-16af283c9fdb\"}}",
      "isContentBase64": false
    }
  }
}