{
  "Get-AzWvdMsixPackage+[NoContext]+List+$PUT+https://management.azure.com/subscriptions/dbedef25-184c-430f-b383-0eeb87c3205d/resourceGroups/alecbUserSessionTests/providers/Microsoft.DesktopVirtualization/hostPools/HostPoolPowershellContained1?api-version=2024-04-08-preview+1": {
    "Request": {
      "Method": "PUT",
      "RequestUri": "https://management.azure.com/subscriptions/dbedef25-184c-430f-b383-0eeb87c3205d/resourceGroups/alecbUserSessionTests/providers/Microsoft.DesktopVirtualization/hostPools/HostPoolPowershellContained1?api-version=2024-04-08-preview",
      "Content": "{\r\n  \"location\": \"westus2\",\r\n  \"properties\": {\r\n    \"registrationInfo\": {\r\n      \"expirationTime\": \"2024-10-17T13:53:01.7882902-07:00\",\r\n      \"registrationTokenOperation\": \"Update\"\r\n    },\r\n    \"friendlyName\": \"fri\",\r\n    \"description\": \"des\",\r\n    \"hostPoolType\": \"Shared\",\r\n    \"customRdpProperty\": \"\",\r\n    \"maxSessionLimit\": 5,\r\n    \"loadBalancerType\": \"DepthFirst\",\r\n    \"ring\": 0,\r\n    \"validationEnvironment\": false,\r\n    \"vmTemplate\": \"\",\r\n    \"managementType\": \"Standard\",\r\n    \"preferredAppGroupType\": \"Desktop\"\r\n  }\r\n}",
      "isContentBase64": false,
      "Headers": {
      },
      "ContentHeaders": {
        "Content-Type": [ "application/json" ],
        "Content-Length": [ "530" ]
      }
    },
    "Response": {
      "StatusCode": 201,
      "Headers": {
        "Cache-Control": [ "no-cache" ],
        "Pragma": [ "no-cache" ],
        "Location": [ "/subscriptions/dbedef25-184c-430f-b383-0eeb87c3205d/resourcegroups/alecbUserSessionTests/providers/Microsoft.DesktopVirtualization/hostpools/HostPoolPowershellContained1" ],
        "Set-Cookie": [ "ARRAffinity=68684045b6f67894fddd7c62f3ba5f363c3d53ed896664c0df0e95751fa52bff;Path=/;HttpOnly;Secure;Domain=rdarmprovider-g-us-r0.wvdselfhost.microsoft.com", "ARRAffinitySameSite=68684045b6f67894fddd7c62f3ba5f363c3d53ed896664c0df0e95751fa52bff;Path=/;HttpOnly;SameSite=None;Secure;Domain=rdarmprovider-g-us-r0.wvdselfhost.microsoft.com" ],
        "X-Rate-Limit-Limit": [ "0" ],
        "X-Rate-Limit-Remaining": [ "9223372036854775807" ],
        "X-Rate-Limit-Reset": [ "0" ],
        "x-ms-opsarmpath64": [ "L3N1YnNjcmlwdGlvbnMvZGJlZGVmMjUtMTg0Yy00MzBmLWIzODMtMGVlYjg3YzMyMDVkL3Jlc291cmNlR3JvdXBzL2FsZWNiVXNlclNlc3Npb25UZXN0cy9wcm92aWRlcnMvTWljcm9zb2Z0LkRlc2t0b3BWaXJ0dWFsaXphdGlvbi9ob3N0UG9vbHMvSG9zdFBvb2xQb3dlcnNoZWxsQ29udGFpbmVkMQ==" ],
        "x-ms-lamport-ts": [ "182497283" ],
        "x-ms-correlation-id": [ "e81c6c64-0b55-4c20-a59d-4b4ea3e16a69" ],
        "x-ms-request-id": [ "8a5c88ac-e3f5-4efd-b634-84e3b532a581" ],
        "X-Powered-By": [ "ASP.NET" ],
        "X-Content-Type-Options": [ "nosniff" ],
        "x-ms-ratelimit-remaining-subscription-writes": [ "199" ],
        "x-ms-ratelimit-remaining-subscription-global-writes": [ "2999" ],
        "x-ms-correlation-request-id": [ "5a12b410-1979-4f97-a261-49d67c10329b" ],
        "x-ms-routing-request-id": [ "EASTUS:20241016T205304Z:5a12b410-1979-4f97-a261-49d67c10329b" ],
        "Strict-Transport-Security": [ "max-age=31536000; includeSubDomains" ],
        "X-Cache": [ "CONFIG_NOCACHE" ],
        "X-MSEdge-Ref": [ "Ref A: DE66348D1DB64ED8A83870073C769113 Ref B: MNZ221060619049 Ref C: 2024-10-16T20:53:01Z" ],
        "Date": [ "Wed, 16 Oct 2024 20:53:03 GMT" ]
      },
      "ContentHeaders": {
        "Content-Length": [ "3068" ],
        "Content-Type": [ "application/json; charset=utf-8" ],
        "Expires": [ "-1" ]
      },
      "Content": "{\"identity\":{\"type\":\"None\",\"tenantId\":null,\"principalId\":null},\"name\":\"HostPoolPowershellContained1\",\"id\":\"/subscriptions/dbedef25-184c-430f-b383-0eeb87c3205d/resourcegroups/alecbUserSessionTests/providers/Microsoft.DesktopVirtualization/hostpools/HostPoolPowershellContained1\",\"type\":\"Microsoft.DesktopVirtualization/hostpools\",\"location\":\"westus2\",\"tags\":null,\"kind\":null,\"systemData\":{\"createdBy\":\"ryanoshinsky@wvdtesttenant.onmicrosoft.com\",\"createdByType\":\"User\",\"createdAt\":\"2024-10-16T20:53:03.99Z\",\"lastModifiedBy\":\"ryanoshinsky@wvdtesttenant.onmicrosoft.com\",\"lastModifiedByType\":\"User\",\"lastModifiedAt\":\"2024-10-16T20:53:03.99Z\"},\"properties\":{\"managedPrivateUDP\":\"Default\",\"directUDP\":\"Default\",\"publicUDP\":\"Default\",\"relayUDP\":\"Default\",\"managementType\":\"Standard\",\"appAttachPackageReferences\":[],\"agentUpdate\":null,\"privateEndpointConnections\":null,\"publicNetworkAccess\":\"Enabled\",\"friendlyName\":\"fri\",\"description\":\"des\",\"hostPoolType\":\"Pooled\",\"personalDesktopAssignmentType\":null,\"applicationGroupReferences\":[],\"customRdpProperty\":\"\",\"maxSessionLimit\":5,\"loadBalancerType\":\"DepthFirst\",\"validationEnvironment\":false,\"ring\":1,\"registrationInfo\":{\"expirationTime\":\"2024-10-17T20:53:01.7882902+00:00\",\"token\":\"This-is-a-sas-token\",\"registrationTokenOperation\":\"Update\"},\"vmTemplate\":null,\"preferredAppGroupType\":\"Desktop\",\"migrationRequest\":null,\"cloudPcResource\":false,\"startVMOnConnect\":false,\"ssoadfsAuthority\":null,\"ssoClientId\":null,\"ssoClientSecretKeyVaultPath\":null,\"ssoSecretType\":null,\"objectId\":\"3d0fb852-31ee-44c8-957d-838d6ff933bb\"}}",
      "isContentBase64": false
    }
  },
  "Get-AzWvdMsixPackage+[NoContext]+List+$PUT+https://management.azure.com/subscriptions/dbedef25-184c-430f-b383-0eeb87c3205d/resourcegroups/alecbUserSessionTests/providers/Microsoft.DesktopVirtualization/hostPools/HostPoolPowershellContained1/msixPackages/MsixTest_FullName_UnitTest?api-version=2024-04-08-preview+2": {
    "Request": {
      "Method": "PUT",
      "RequestUri": "https://management.azure.com/subscriptions/dbedef25-184c-430f-b383-0eeb87c3205d/resourcegroups/alecbUserSessionTests/providers/Microsoft.DesktopVirtualization/hostPools/HostPoolPowershellContained1/msixPackages/MsixTest_FullName_UnitTest?api-version=2024-04-08-preview",
      "Content": "{\r\n  \"properties\": {\r\n    \"imagePath\": \"C:\\\\\\\\msix\\\\SingleMsix.vhd\",\r\n    \"packageName\": \"MsixUnitTest_Name\",\r\n    \"packageFamilyName\": \"MsixUnitTest_FamilyName\",\r\n    \"displayName\": \"UnitTest-MSIXPackage\",\r\n    \"packageRelativePath\": \"MsixUnitTest_RelativePackageRoot\",\r\n    \"isRegularRegistration\": true,\r\n    \"isActive\": true,\r\n    \"packageDependencies\": [\r\n      {\r\n        \"dependencyName\": \"MsixTest_Dependency_Name\",\r\n        \"publisher\": \"MsixTest_Dependency_Publisher\",\r\n        \"minVersion\": \"0.0.0.42\"\r\n      }\r\n    ],\r\n    \"version\": \"0.0.18838.722\",\r\n    \"lastUpdated\": \"0001-01-01T00:00:00.0000000\",\r\n    \"packageApplications\": [\r\n      {\r\n        \"appId\": \"MsixTest_Application_Id\",\r\n        \"description\": \"testing from ps\",\r\n        \"appUserModelID\": \"MsixTest_Application_ModelID\",\r\n        \"friendlyName\": \"some name\",\r\n        \"iconImageName\": \"Apptile\",\r\n        \"rawIcon\": \"c29tZSBpbWFnZQ==\",\r\n        \"rawPng\": \"c29tZSBpbWFnZQ==\"\r\n      }\r\n    ]\r\n  }\r\n}",
      "isContentBase64": false,
      "Headers": {
      },
      "ContentHeaders": {
        "Content-Type": [ "application/json" ],
        "Content-Length": [ "976" ]
      }
    },
    "Response": {
      "StatusCode": 201,
      "Headers": {
        "Cache-Control": [ "no-cache" ],
        "Pragma": [ "no-cache" ],
        "Location": [ "/subscriptions/dbedef25-184c-430f-b383-0eeb87c3205d/resourcegroups/alecbUserSessionTests/providers/Microsoft.DesktopVirtualization/hostpools/HostPoolPowershellContained1/msixpackages/MsixTest_FullName_UnitTest" ],
        "Set-Cookie": [ "ARRAffinity=f0cf6515b964ed71a3330b30673731d75ad3321adfb3448f8fe843b9868e0497;Path=/;HttpOnly;Secure;Domain=rdarmprovider-g-us-r0.wvdselfhost.microsoft.com", "ARRAffinitySameSite=f0cf6515b964ed71a3330b30673731d75ad3321adfb3448f8fe843b9868e0497;Path=/;HttpOnly;SameSite=None;Secure;Domain=rdarmprovider-g-us-r0.wvdselfhost.microsoft.com" ],
        "X-Rate-Limit-Limit": [ "0" ],
        "X-Rate-Limit-Remaining": [ "9223372036854775807" ],
        "X-Rate-Limit-Reset": [ "0" ],
        "x-ms-opsarmpath64": [ "L3N1YnNjcmlwdGlvbnMvZGJlZGVmMjUtMTg0Yy00MzBmLWIzODMtMGVlYjg3YzMyMDVkL3Jlc291cmNlZ3JvdXBzL2FsZWNiVXNlclNlc3Npb25UZXN0cy9wcm92aWRlcnMvTWljcm9zb2Z0LkRlc2t0b3BWaXJ0dWFsaXphdGlvbi9ob3N0UG9vbHMvSG9zdFBvb2xQb3dlcnNoZWxsQ29udGFpbmVkMS9tc2l4UGFja2FnZXMvTXNpeFRlc3RfRnVsbE5hbWVfVW5pdFRlc3Q=" ],
        "x-ms-lamport-ts": [ "182497267" ],
        "x-ms-correlation-id": [ "dba61775-1eac-434e-af6e-15e636e74092" ],
        "x-ms-request-id": [ "a489eb55-da79-41a8-a810-b7c8c530a47f" ],
        "X-Powered-By": [ "ASP.NET" ],
        "X-Content-Type-Options": [ "nosniff" ],
        "x-ms-ratelimit-remaining-subscription-writes": [ "199" ],
        "x-ms-ratelimit-remaining-subscription-global-writes": [ "2999" ],
        "x-ms-correlation-request-id": [ "728bdf24-6f93-497b-b512-78ab0d357120" ],
        "x-ms-routing-request-id": [ "EASTUS:20241016T205305Z:728bdf24-6f93-497b-b512-78ab0d357120" ],
        "Strict-Transport-Security": [ "max-age=31536000; includeSubDomains" ],
        "X-Cache": [ "CONFIG_NOCACHE" ],
        "X-MSEdge-Ref": [ "Ref A: 18371B8840CA4728B14A4544F812AA1A Ref B: MNZ221060619049 Ref C: 2024-10-16T20:53:04Z" ],
        "Date": [ "Wed, 16 Oct 2024 20:53:04 GMT" ]
      },
      "ContentHeaders": {
        "Content-Length": [ "1338" ],
        "Content-Type": [ "application/json; charset=utf-8" ],
        "Expires": [ "-1" ]
      },
      "Content": "{\"name\":\"HostPoolPowershellContained1/MsixTest_FullName_UnitTest\",\"id\":\"/subscriptions/dbedef25-184c-430f-b383-0eeb87c3205d/resourcegroups/alecbUserSessionTests/providers/Microsoft.DesktopVirtualization/hostpools/HostPoolPowershellContained1/msixpackages/MsixTest_FullName_UnitTest\",\"type\":\"Microsoft.DesktopVirtualization/hostpools/msixpackages\",\"properties\":{\"imagePath\":\"C:\\\\\\\\msix\\\\SingleMsix.vhd\",\"packageName\":\"MsixUnitTest_Name\",\"packageFamilyName\":\"MsixUnitTest_FamilyName\",\"displayName\":\"UnitTest-MSIXPackage\",\"packageRelativePath\":\"MsixUnitTest_RelativePackageRoot\",\"isRegularRegistration\":true,\"isActive\":true,\"packageDependencies\":[{\"dependencyName\":\"MsixTest_Dependency_Name\",\"publisher\":\"MsixTest_Dependency_Publisher\",\"minVersion\":\"0.0.0.42\"}],\"version\":\"0.0.18838.722\",\"lastUpdated\":\"0001-01-01T00:00:00\",\"packageApplications\":[{\"appUserModelID\":\"MsixTest_Application_ModelID\",\"appId\":\"MsixTest_Application_Id\",\"description\":\"testing from ps\",\"friendlyName\":\"some name\",\"iconImageName\":\"Apptile\",\"rawIcon\":\"c29tZSBpbWFnZQ==\",\"rawPng\":\"c29tZSBpbWFnZQ==\"}]},\"systemData\":{\"createdBy\":\"ryanoshinsky@wvdtesttenant.onmicrosoft.com\",\"createdByType\":\"User\",\"createdAt\":\"2024-10-16T20:53:04.76Z\",\"lastModifiedBy\":\"ryanoshinsky@wvdtesttenant.onmicrosoft.com\",\"lastModifiedByType\":\"User\",\"lastModifiedAt\":\"2024-10-16T20:53:04.76Z\"}}",
      "isContentBase64": false
    }
  },
  "Get-AzWvdMsixPackage+[NoContext]+List+$PUT+https://management.azure.com/subscriptions/dbedef25-184c-430f-b383-0eeb87c3205d/resourcegroups/alecbUserSessionTests/providers/Microsoft.DesktopVirtualization/hostPools/HostPoolPowershellContained1/msixPackages/MsixTest_FullName_UnitTest2?api-version=2024-04-08-preview+3": {
    "Request": {
      "Method": "PUT",
      "RequestUri": "https://management.azure.com/subscriptions/dbedef25-184c-430f-b383-0eeb87c3205d/resourcegroups/alecbUserSessionTests/providers/Microsoft.DesktopVirtualization/hostPools/HostPoolPowershellContained1/msixPackages/MsixTest_FullName_UnitTest2?api-version=2024-04-08-preview",
      "Content": "{\r\n  \"properties\": {\r\n    \"imagePath\": \"C:\\\\\\\\msix\\\\SingleMsix.vhd\",\r\n    \"packageName\": \"MsixUnitTest_Name2\",\r\n    \"packageFamilyName\": \"MsixUnitTest_FamilyName2\",\r\n    \"displayName\": \"UnitTest-MSIXPackage2\",\r\n    \"packageRelativePath\": \"MsixUnitTest_RelativePackageRoot2\",\r\n    \"isRegularRegistration\": true,\r\n    \"isActive\": true,\r\n    \"packageDependencies\": [\r\n      {\r\n        \"dependencyName\": \"MsixTest_Dependency_Name\",\r\n        \"publisher\": \"MsixTest_Dependency_Publisher\",\r\n        \"minVersion\": \"0.0.0.42\"\r\n      }\r\n    ],\r\n    \"version\": \"0.0.18838.722\",\r\n    \"lastUpdated\": \"0001-01-01T00:00:00.0000000\",\r\n    \"packageApplications\": [\r\n      {\r\n        \"appId\": \"MsixTest_Application_Id\",\r\n        \"description\": \"testing from ps\",\r\n        \"appUserModelID\": \"MsixTest_Application_ModelID\",\r\n        \"friendlyName\": \"some name\",\r\n        \"iconImageName\": \"Apptile\",\r\n        \"rawIcon\": \"c29tZSBpbWFnZQ==\",\r\n        \"rawPng\": \"c29tZSBpbWFnZQ==\"\r\n      }\r\n    ]\r\n  }\r\n}",
      "isContentBase64": false,
      "Headers": {
      },
      "ContentHeaders": {
        "Content-Type": [ "application/json" ],
        "Content-Length": [ "980" ]
      }
    },
    "Response": {
      "StatusCode": 201,
      "Headers": {
        "Cache-Control": [ "no-cache" ],
        "Pragma": [ "no-cache" ],
        "Location": [ "/subscriptions/dbedef25-184c-430f-b383-0eeb87c3205d/resourcegroups/alecbUserSessionTests/providers/Microsoft.DesktopVirtualization/hostpools/HostPoolPowershellContained1/msixpackages/MsixTest_FullName_UnitTest2" ],
        "Set-Cookie": [ "ARRAffinity=f0cf6515b964ed71a3330b30673731d75ad3321adfb3448f8fe843b9868e0497;Path=/;HttpOnly;Secure;Domain=rdarmprovider-g-us-r0.wvdselfhost.microsoft.com", "ARRAffinitySameSite=f0cf6515b964ed71a3330b30673731d75ad3321adfb3448f8fe843b9868e0497;Path=/;HttpOnly;SameSite=None;Secure;Domain=rdarmprovider-g-us-r0.wvdselfhost.microsoft.com" ],
        "X-Rate-Limit-Limit": [ "0" ],
        "X-Rate-Limit-Remaining": [ "9223372036854775807" ],
        "X-Rate-Limit-Reset": [ "0" ],
        "x-ms-opsarmpath64": [ "L3N1YnNjcmlwdGlvbnMvZGJlZGVmMjUtMTg0Yy00MzBmLWIzODMtMGVlYjg3YzMyMDVkL3Jlc291cmNlZ3JvdXBzL2FsZWNiVXNlclNlc3Npb25UZXN0cy9wcm92aWRlcnMvTWljcm9zb2Z0LkRlc2t0b3BWaXJ0dWFsaXphdGlvbi9ob3N0UG9vbHMvSG9zdFBvb2xQb3dlcnNoZWxsQ29udGFpbmVkMS9tc2l4UGFja2FnZXMvTXNpeFRlc3RfRnVsbE5hbWVfVW5pdFRlc3Qy" ],
        "x-ms-lamport-ts": [ "182497270" ],
        "x-ms-correlation-id": [ "6fca0e2f-a695-4837-8ded-72bd1a5cde19" ],
        "x-ms-request-id": [ "065fb76d-2220-49b1-a706-6d03b65c671e" ],
        "X-Powered-By": [ "ASP.NET" ],
        "X-Content-Type-Options": [ "nosniff" ],
        "x-ms-ratelimit-remaining-subscription-writes": [ "199" ],
        "x-ms-ratelimit-remaining-subscription-global-writes": [ "2999" ],
        "x-ms-correlation-request-id": [ "3157b38b-8e8b-41ee-b731-93f2168eb36d" ],
        "x-ms-routing-request-id": [ "EASTUS:20241016T205307Z:3157b38b-8e8b-41ee-b731-93f2168eb36d" ],
        "Strict-Transport-Security": [ "max-age=31536000; includeSubDomains" ],
        "X-Cache": [ "CONFIG_NOCACHE" ],
        "X-MSEdge-Ref": [ "Ref A: 74BD3E364938489FAA4E18424F00AE07 Ref B: MNZ221060619049 Ref C: 2024-10-16T20:53:05Z" ],
        "Date": [ "Wed, 16 Oct 2024 20:53:06 GMT" ]
      },
      "ContentHeaders": {
        "Content-Length": [ "1344" ],
        "Content-Type": [ "application/json; charset=utf-8" ],
        "Expires": [ "-1" ]
      },
      "Content": "{\"name\":\"HostPoolPowershellContained1/MsixTest_FullName_UnitTest2\",\"id\":\"/subscriptions/dbedef25-184c-430f-b383-0eeb87c3205d/resourcegroups/alecbUserSessionTests/providers/Microsoft.DesktopVirtualization/hostpools/HostPoolPowershellContained1/msixpackages/MsixTest_FullName_UnitTest2\",\"type\":\"Microsoft.DesktopVirtualization/hostpools/msixpackages\",\"properties\":{\"imagePath\":\"C:\\\\\\\\msix\\\\SingleMsix.vhd\",\"packageName\":\"MsixUnitTest_Name2\",\"packageFamilyName\":\"MsixUnitTest_FamilyName2\",\"displayName\":\"UnitTest-MSIXPackage2\",\"packageRelativePath\":\"MsixUnitTest_RelativePackageRoot2\",\"isRegularRegistration\":true,\"isActive\":true,\"packageDependencies\":[{\"dependencyName\":\"MsixTest_Dependency_Name\",\"publisher\":\"MsixTest_Dependency_Publisher\",\"minVersion\":\"0.0.0.42\"}],\"version\":\"0.0.18838.722\",\"lastUpdated\":\"0001-01-01T00:00:00\",\"packageApplications\":[{\"appUserModelID\":\"MsixTest_Application_ModelID\",\"appId\":\"MsixTest_Application_Id\",\"description\":\"testing from ps\",\"friendlyName\":\"some name\",\"iconImageName\":\"Apptile\",\"rawIcon\":\"c29tZSBpbWFnZQ==\",\"rawPng\":\"c29tZSBpbWFnZQ==\"}]},\"systemData\":{\"createdBy\":\"ryanoshinsky@wvdtesttenant.onmicrosoft.com\",\"createdByType\":\"User\",\"createdAt\":\"2024-10-16T20:53:07.25Z\",\"lastModifiedBy\":\"ryanoshinsky@wvdtesttenant.onmicrosoft.com\",\"lastModifiedByType\":\"User\",\"lastModifiedAt\":\"2024-10-16T20:53:07.25Z\"}}",
      "isContentBase64": false
    }
  },
  "Get-AzWvdMsixPackage+[NoContext]+List+$GET+https://management.azure.com/subscriptions/dbedef25-184c-430f-b383-0eeb87c3205d/resourcegroups/alecbUserSessionTests/providers/Microsoft.DesktopVirtualization/hostPools/HostPoolPowershellContained1/msixPackages?api-version=2024-04-08-preview+4": {
    "Request": {
      "Method": "GET",
      "RequestUri": "https://management.azure.com/subscriptions/dbedef25-184c-430f-b383-0eeb87c3205d/resourcegroups/alecbUserSessionTests/providers/Microsoft.DesktopVirtualization/hostPools/HostPoolPowershellContained1/msixPackages?api-version=2024-04-08-preview",
      "Content": null,
      "isContentBase64": false,
      "Headers": {
        "x-ms-unique-id": [ "104" ],
        "x-ms-client-request-id": [ "0fde97f6-7fcd-4565-9bd6-ef9f1ed54048" ],
        "CommandName": [ "Get-AzWvdMsixPackage" ],
        "FullCommandName": [ "Get-AzWvdMsixPackage_List" ],
        "ParameterSetName": [ "__AllParameterSets" ],
        "User-Agent": [ "AzurePowershell/v8.2.0", "PSVersion/v7.4.5", "Az.DesktopVirtualization/0.0.0" ],
        "Authorization": [ "[Filtered]" ]
      },
      "ContentHeaders": {
      }
    },
    "Response": {
      "StatusCode": 200,
      "Headers": {
        "Cache-Control": [ "no-cache" ],
        "Pragma": [ "no-cache" ],
        "Vary": [ "Accept-Encoding" ],
        "Set-Cookie": [ "ARRAffinity=6ed70d129f929e9c0dc1324370ea99cd733e8f3cb78772a9b8793f4f636e0cf7;Path=/;HttpOnly;Secure;Domain=rdarmprovider-g-us-r0.wvdselfhost.microsoft.com", "ARRAffinitySameSite=6ed70d129f929e9c0dc1324370ea99cd733e8f3cb78772a9b8793f4f636e0cf7;Path=/;HttpOnly;SameSite=None;Secure;Domain=rdarmprovider-g-us-r0.wvdselfhost.microsoft.com" ],
        "x-ms-ratelimit-remaining-subscription-reads": [ "249" ],
        "X-Rate-Limit-Limit": [ "0" ],
        "X-Rate-Limit-Remaining": [ "9223372036854775807" ],
        "X-Rate-Limit-Reset": [ "0" ],
        "x-ms-opsarmpath64": [ "L3N1YnNjcmlwdGlvbnMvZGJlZGVmMjUtMTg0Yy00MzBmLWIzODMtMGVlYjg3YzMyMDVkL3Jlc291cmNlZ3JvdXBzL2FsZWNiVXNlclNlc3Npb25UZXN0cy9wcm92aWRlcnMvTWljcm9zb2Z0LkRlc2t0b3BWaXJ0dWFsaXphdGlvbi9ob3N0UG9vbHMvSG9zdFBvb2xQb3dlcnNoZWxsQ29udGFpbmVkMQ==" ],
        "x-ms-lamport-ts": [ "182497290" ],
        "x-ms-correlation-id": [ "2e5447f8-d042-41b4-8a2d-f74ff19cf9d9" ],
        "x-ms-request-id": [ "0fde97f6-7fcd-4565-9bd6-ef9f1ed54048" ],
        "X-Powered-By": [ "ASP.NET" ],
        "X-Content-Type-Options": [ "nosniff" ],
        "x-ms-ratelimit-remaining-subscription-global-reads": [ "3749" ],
        "x-ms-correlation-request-id": [ "7c49b5ab-16f6-4c0f-a0a2-126c0545efb8" ],
        "x-ms-routing-request-id": [ "EASTUS:20241016T205307Z:7c49b5ab-16f6-4c0f-a0a2-126c0545efb8" ],
        "Strict-Transport-Security": [ "max-age=31536000; includeSubDomains" ],
        "X-Cache": [ "CONFIG_NOCACHE" ],
        "X-MSEdge-Ref": [ "Ref A: 5FF6BEB083494B37A6A6A05451D26A9A Ref B: MNZ221060619049 Ref C: 2024-10-16T20:53:07Z" ],
        "Date": [ "Wed, 16 Oct 2024 20:53:07 GMT" ]
      },
      "ContentHeaders": {
        "Content-Length": [ "2711" ],
        "Content-Type": [ "application/json; charset=utf-8" ],
        "Expires": [ "-1" ]
      },
      "Content": "{\"value\":[{\"name\":\"HostPoolPowershellContained1/MsixTest_FullName_UnitTest\",\"id\":\"/subscriptions/dbedef25-184c-430f-b383-0eeb87c3205d/resourcegroups/alecbUserSessionTests/providers/Microsoft.DesktopVirtualization/hostpools/HostPoolPowershellContained1/msixpackages/MsixTest_FullName_UnitTest\",\"type\":\"Microsoft.DesktopVirtualization/hostpools/msixpackages\",\"properties\":{\"imagePath\":\"C:\\\\\\\\msix\\\\SingleMsix.vhd\",\"packageName\":\"MsixUnitTest_Name\",\"packageFamilyName\":\"MsixUnitTest_FamilyName\",\"displayName\":\"UnitTest-MSIXPackage\",\"packageRelativePath\":\"MsixUnitTest_RelativePackageRoot\",\"isRegularRegistration\":true,\"isActive\":true,\"packageDependencies\":[{\"dependencyName\":\"MsixTest_Dependency_Name\",\"publisher\":\"MsixTest_Dependency_Publisher\",\"minVersion\":\"0.0.0.42\"}],\"version\":\"0.0.18838.722\",\"lastUpdated\":\"0001-01-01T00:00:00\",\"packageApplications\":[{\"appUserModelID\":\"MsixTest_Application_ModelID\",\"appId\":\"MsixTest_Application_Id\",\"description\":\"testing from ps\",\"friendlyName\":\"some name\",\"iconImageName\":\"Apptile\",\"rawIcon\":\"c29tZSBpbWFnZQ==\",\"rawPng\":\"c29tZSBpbWFnZQ==\"}]},\"systemData\":{\"createdBy\":\"ryanoshinsky@wvdtesttenant.onmicrosoft.com\",\"createdByType\":\"User\",\"createdAt\":\"2024-10-16T20:53:04.76Z\",\"lastModifiedBy\":\"ryanoshinsky@wvdtesttenant.onmicrosoft.com\",\"lastModifiedByType\":\"User\",\"lastModifiedAt\":\"2024-10-16T20:53:04.76Z\"}},{\"name\":\"HostPoolPowershellContained1/MsixTest_FullName_UnitTest2\",\"id\":\"/subscriptions/dbedef25-184c-430f-b383-0eeb87c3205d/resourcegroups/alecbUserSessionTests/providers/Microsoft.DesktopVirtualization/hostpools/HostPoolPowershellContained1/msixpackages/MsixTest_FullName_UnitTest2\",\"type\":\"Microsoft.DesktopVirtualization/hostpools/msixpackages\",\"properties\":{\"imagePath\":\"C:\\\\\\\\msix\\\\SingleMsix.vhd\",\"packageName\":\"MsixUnitTest_Name2\",\"packageFamilyName\":\"MsixUnitTest_FamilyName2\",\"displayName\":\"UnitTest-MSIXPackage2\",\"packageRelativePath\":\"MsixUnitTest_RelativePackageRoot2\",\"isRegularRegistration\":true,\"isActive\":true,\"packageDependencies\":[{\"dependencyName\":\"MsixTest_Dependency_Name\",\"publisher\":\"MsixTest_Dependency_Publisher\",\"minVersion\":\"0.0.0.42\"}],\"version\":\"0.0.18838.722\",\"lastUpdated\":\"0001-01-01T00:00:00\",\"packageApplications\":[{\"appUserModelID\":\"MsixTest_Application_ModelID\",\"appId\":\"MsixTest_Application_Id\",\"description\":\"testing from ps\",\"friendlyName\":\"some name\",\"iconImageName\":\"Apptile\",\"rawIcon\":\"c29tZSBpbWFnZQ==\",\"rawPng\":\"c29tZSBpbWFnZQ==\"}]},\"systemData\":{\"createdBy\":\"ryanoshinsky@wvdtesttenant.onmicrosoft.com\",\"createdByType\":\"User\",\"createdAt\":\"2024-10-16T20:53:07.25Z\",\"lastModifiedBy\":\"ryanoshinsky@wvdtesttenant.onmicrosoft.com\",\"lastModifiedByType\":\"User\",\"lastModifiedAt\":\"2024-10-16T20:53:07.25Z\"}}],\"nextLink\":null}",
      "isContentBase64": false
    }
  },
  "Get-AzWvdMsixPackage+[NoContext]+List+$DELETE+https://management.azure.com/subscriptions/dbedef25-184c-430f-b383-0eeb87c3205d/resourcegroups/alecbUserSessionTests/providers/Microsoft.DesktopVirtualization/hostPools/HostPoolPowershellContained1/msixPackages/MsixTest_FullName_UnitTest?api-version=2024-04-08-preview+5": {
    "Request": {
      "Method": "DELETE",
      "RequestUri": "https://management.azure.com/subscriptions/dbedef25-184c-430f-b383-0eeb87c3205d/resourcegroups/alecbUserSessionTests/providers/Microsoft.DesktopVirtualization/hostPools/HostPoolPowershellContained1/msixPackages/MsixTest_FullName_UnitTest?api-version=2024-04-08-preview",
      "Content": null,
      "isContentBase64": false,
      "Headers": {
        "x-ms-unique-id": [ "105" ],
        "x-ms-client-request-id": [ "194b37a8-3906-4c2c-9b4a-c969657c3948" ],
        "CommandName": [ "Remove-AzWvdMsixPackage" ],
        "FullCommandName": [ "Remove-AzWvdMsixPackage_Delete" ],
        "ParameterSetName": [ "__AllParameterSets" ],
        "User-Agent": [ "AzurePowershell/v8.2.0", "PSVersion/v7.4.5", "Az.DesktopVirtualization/0.0.0" ],
        "Authorization": [ "[Filtered]" ]
      },
      "ContentHeaders": {
      }
    },
    "Response": {
      "StatusCode": 200,
      "Headers": {
        "Cache-Control": [ "no-cache" ],
        "Pragma": [ "no-cache" ],
        "Vary": [ "Accept-Encoding" ],
        "Set-Cookie": [ "ARRAffinity=6ed70d129f929e9c0dc1324370ea99cd733e8f3cb78772a9b8793f4f636e0cf7;Path=/;HttpOnly;Secure;Domain=rdarmprovider-g-us-r0.wvdselfhost.microsoft.com", "ARRAffinitySameSite=6ed70d129f929e9c0dc1324370ea99cd733e8f3cb78772a9b8793f4f636e0cf7;Path=/;HttpOnly;SameSite=None;Secure;Domain=rdarmprovider-g-us-r0.wvdselfhost.microsoft.com" ],
        "x-ms-ratelimit-remaining-subscription-deletes": [ "199" ],
        "X-Rate-Limit-Limit": [ "0" ],
        "X-Rate-Limit-Remaining": [ "9223372036854775807" ],
        "X-Rate-Limit-Reset": [ "0" ],
        "x-ms-opsarmpath64": [ "L3N1YnNjcmlwdGlvbnMvZGJlZGVmMjUtMTg0Yy00MzBmLWIzODMtMGVlYjg3YzMyMDVkL3Jlc291cmNlZ3JvdXBzL2FsZWNiVXNlclNlc3Npb25UZXN0cy9wcm92aWRlcnMvTWljcm9zb2Z0LkRlc2t0b3BWaXJ0dWFsaXphdGlvbi9ob3N0UG9vbHMvSG9zdFBvb2xQb3dlcnNoZWxsQ29udGFpbmVkMS9tc2l4UGFja2FnZXMvTXNpeFRlc3RfRnVsbE5hbWVfVW5pdFRlc3Q=" ],
        "x-ms-lamport-ts": [ "182497295" ],
        "x-ms-correlation-id": [ "87ba56bf-9dca-45d3-88d9-5f39eccb6ed2" ],
        "x-ms-request-id": [ "194b37a8-3906-4c2c-9b4a-c969657c3948" ],
        "X-Powered-By": [ "ASP.NET" ],
        "X-Content-Type-Options": [ "nosniff" ],
        "x-ms-ratelimit-remaining-subscription-global-deletes": [ "2999" ],
        "x-ms-correlation-request-id": [ "b54995d4-9941-4b6b-a9e8-ea67f8249945" ],
        "x-ms-routing-request-id": [ "EASTUS:20241016T205310Z:b54995d4-9941-4b6b-a9e8-ea67f8249945" ],
        "Strict-Transport-Security": [ "max-age=31536000; includeSubDomains" ],
        "X-Cache": [ "CONFIG_NOCACHE" ],
        "X-MSEdge-Ref": [ "Ref A: 36DA73010DD746FE9597B0964B4BADE0 Ref B: MNZ221060619049 Ref C: 2024-10-16T20:53:08Z" ],
        "Date": [ "Wed, 16 Oct 2024 20:53:09 GMT" ]
      },
      "ContentHeaders": {
        "Content-Length": [ "1338" ],
        "Content-Type": [ "application/json; charset=utf-8" ],
        "Expires": [ "-1" ]
      },
      "Content": "{\"name\":\"HostPoolPowershellContained1/MsixTest_FullName_UnitTest\",\"id\":\"/subscriptions/dbedef25-184c-430f-b383-0eeb87c3205d/resourcegroups/alecbUserSessionTests/providers/Microsoft.DesktopVirtualization/hostpools/HostPoolPowershellContained1/msixpackages/MsixTest_FullName_UnitTest\",\"type\":\"Microsoft.DesktopVirtualization/hostpools/msixpackages\",\"properties\":{\"imagePath\":\"C:\\\\\\\\msix\\\\SingleMsix.vhd\",\"packageName\":\"MsixUnitTest_Name\",\"packageFamilyName\":\"MsixUnitTest_FamilyName\",\"displayName\":\"UnitTest-MSIXPackage\",\"packageRelativePath\":\"MsixUnitTest_RelativePackageRoot\",\"isRegularRegistration\":true,\"isActive\":true,\"packageDependencies\":[{\"dependencyName\":\"MsixTest_Dependency_Name\",\"publisher\":\"MsixTest_Dependency_Publisher\",\"minVersion\":\"0.0.0.42\"}],\"version\":\"0.0.18838.722\",\"lastUpdated\":\"0001-01-01T00:00:00\",\"packageApplications\":[{\"appUserModelID\":\"MsixTest_Application_ModelID\",\"appId\":\"MsixTest_Application_Id\",\"description\":\"testing from ps\",\"friendlyName\":\"some name\",\"iconImageName\":\"Apptile\",\"rawIcon\":\"c29tZSBpbWFnZQ==\",\"rawPng\":\"c29tZSBpbWFnZQ==\"}]},\"systemData\":{\"createdBy\":\"ryanoshinsky@wvdtesttenant.onmicrosoft.com\",\"createdByType\":\"User\",\"createdAt\":\"2024-10-16T20:53:04.76Z\",\"lastModifiedBy\":\"ryanoshinsky@wvdtesttenant.onmicrosoft.com\",\"lastModifiedByType\":\"User\",\"lastModifiedAt\":\"2024-10-16T20:53:04.76Z\"}}",
      "isContentBase64": false
    }
  },
  "Get-AzWvdMsixPackage+[NoContext]+List+$DELETE+https://management.azure.com/subscriptions/dbedef25-184c-430f-b383-0eeb87c3205d/resourcegroups/alecbUserSessionTests/providers/Microsoft.DesktopVirtualization/hostPools/HostPoolPowershellContained1/msixPackages/MsixTest_FullName_UnitTest2?api-version=2024-04-08-preview+6": {
    "Request": {
      "Method": "DELETE",
      "RequestUri": "https://management.azure.com/subscriptions/dbedef25-184c-430f-b383-0eeb87c3205d/resourcegroups/alecbUserSessionTests/providers/Microsoft.DesktopVirtualization/hostPools/HostPoolPowershellContained1/msixPackages/MsixTest_FullName_UnitTest2?api-version=2024-04-08-preview",
      "Content": null,
      "isContentBase64": false,
      "Headers": {
        "x-ms-unique-id": [ "106" ],
        "x-ms-client-request-id": [ "4d4aa191-c526-4d68-9889-ff1e4743396d" ],
        "CommandName": [ "Remove-AzWvdMsixPackage" ],
        "FullCommandName": [ "Remove-AzWvdMsixPackage_Delete" ],
        "ParameterSetName": [ "__AllParameterSets" ],
        "User-Agent": [ "AzurePowershell/v8.2.0", "PSVersion/v7.4.5", "Az.DesktopVirtualization/0.0.0" ],
        "Authorization": [ "[Filtered]" ]
      },
      "ContentHeaders": {
      }
    },
    "Response": {
      "StatusCode": 200,
      "Headers": {
        "Cache-Control": [ "no-cache" ],
        "Pragma": [ "no-cache" ],
        "Vary": [ "Accept-Encoding" ],
        "Set-Cookie": [ "ARRAffinity=68684045b6f67894fddd7c62f3ba5f363c3d53ed896664c0df0e95751fa52bff;Path=/;HttpOnly;Secure;Domain=rdarmprovider-g-us-r0.wvdselfhost.microsoft.com", "ARRAffinitySameSite=68684045b6f67894fddd7c62f3ba5f363c3d53ed896664c0df0e95751fa52bff;Path=/;HttpOnly;SameSite=None;Secure;Domain=rdarmprovider-g-us-r0.wvdselfhost.microsoft.com" ],
        "x-ms-ratelimit-remaining-subscription-deletes": [ "199" ],
        "X-Rate-Limit-Limit": [ "0" ],
        "X-Rate-Limit-Remaining": [ "9223372036854775807" ],
        "X-Rate-Limit-Reset": [ "0" ],
        "x-ms-opsarmpath64": [ "L3N1YnNjcmlwdGlvbnMvZGJlZGVmMjUtMTg0Yy00MzBmLWIzODMtMGVlYjg3YzMyMDVkL3Jlc291cmNlZ3JvdXBzL2FsZWNiVXNlclNlc3Npb25UZXN0cy9wcm92aWRlcnMvTWljcm9zb2Z0LkRlc2t0b3BWaXJ0dWFsaXphdGlvbi9ob3N0UG9vbHMvSG9zdFBvb2xQb3dlcnNoZWxsQ29udGFpbmVkMS9tc2l4UGFja2FnZXMvTXNpeFRlc3RfRnVsbE5hbWVfVW5pdFRlc3Qy" ],
        "x-ms-lamport-ts": [ "182497290" ],
        "x-ms-correlation-id": [ "657e5369-10b0-44f0-a239-1fa72feaa825" ],
        "x-ms-request-id": [ "4d4aa191-c526-4d68-9889-ff1e4743396d" ],
        "X-Powered-By": [ "ASP.NET" ],
        "X-Content-Type-Options": [ "nosniff" ],
        "x-ms-ratelimit-remaining-subscription-global-deletes": [ "2999" ],
        "x-ms-correlation-request-id": [ "4649681b-4383-4b81-8cc0-8f1e98836077" ],
        "x-ms-routing-request-id": [ "EASTUS:20241016T205312Z:4649681b-4383-4b81-8cc0-8f1e98836077" ],
        "Strict-Transport-Security": [ "max-age=31536000; includeSubDomains" ],
        "X-Cache": [ "CONFIG_NOCACHE" ],
        "X-MSEdge-Ref": [ "Ref A: 9DA0AB9D1D4A4A8986C1FA98D018704E Ref B: MNZ221060619049 Ref C: 2024-10-16T20:53:10Z" ],
        "Date": [ "Wed, 16 Oct 2024 20:53:12 GMT" ]
      },
      "ContentHeaders": {
        "Content-Length": [ "1344" ],
        "Content-Type": [ "application/json; charset=utf-8" ],
        "Expires": [ "-1" ]
      },
      "Content": "{\"name\":\"HostPoolPowershellContained1/MsixTest_FullName_UnitTest2\",\"id\":\"/subscriptions/dbedef25-184c-430f-b383-0eeb87c3205d/resourcegroups/alecbUserSessionTests/providers/Microsoft.DesktopVirtualization/hostpools/HostPoolPowershellContained1/msixpackages/MsixTest_FullName_UnitTest2\",\"type\":\"Microsoft.DesktopVirtualization/hostpools/msixpackages\",\"properties\":{\"imagePath\":\"C:\\\\\\\\msix\\\\SingleMsix.vhd\",\"packageName\":\"MsixUnitTest_Name2\",\"packageFamilyName\":\"MsixUnitTest_FamilyName2\",\"displayName\":\"UnitTest-MSIXPackage2\",\"packageRelativePath\":\"MsixUnitTest_RelativePackageRoot2\",\"isRegularRegistration\":true,\"isActive\":true,\"packageDependencies\":[{\"dependencyName\":\"MsixTest_Dependency_Name\",\"publisher\":\"MsixTest_Dependency_Publisher\",\"minVersion\":\"0.0.0.42\"}],\"version\":\"0.0.18838.722\",\"lastUpdated\":\"0001-01-01T00:00:00\",\"packageApplications\":[{\"appUserModelID\":\"MsixTest_Application_ModelID\",\"appId\":\"MsixTest_Application_Id\",\"description\":\"testing from ps\",\"friendlyName\":\"some name\",\"iconImageName\":\"Apptile\",\"rawIcon\":\"c29tZSBpbWFnZQ==\",\"rawPng\":\"c29tZSBpbWFnZQ==\"}]},\"systemData\":{\"createdBy\":\"ryanoshinsky@wvdtesttenant.onmicrosoft.com\",\"createdByType\":\"User\",\"createdAt\":\"2024-10-16T20:53:07.25Z\",\"lastModifiedBy\":\"ryanoshinsky@wvdtesttenant.onmicrosoft.com\",\"lastModifiedByType\":\"User\",\"lastModifiedAt\":\"2024-10-16T20:53:07.25Z\"}}",
      "isContentBase64": false
    }
  },
  "Get-AzWvdMsixPackage+[NoContext]+Get+$PUT+https://management.azure.com/subscriptions/dbedef25-184c-430f-b383-0eeb87c3205d/resourcegroups/alecbUserSessionTests/providers/Microsoft.DesktopVirtualization/hostPools/HostPoolPowershellContained1/msixPackages/MsixTest_FullName_UnitTest?api-version=2024-04-08-preview+1": {
    "Request": {
      "Method": "PUT",
      "RequestUri": "https://management.azure.com/subscriptions/dbedef25-184c-430f-b383-0eeb87c3205d/resourcegroups/alecbUserSessionTests/providers/Microsoft.DesktopVirtualization/hostPools/HostPoolPowershellContained1/msixPackages/MsixTest_FullName_UnitTest?api-version=2024-04-08-preview",
      "Content": "{\r\n  \"properties\": {\r\n    \"imagePath\": \"C:\\\\\\\\msix\\\\SingleMsix.vhd\",\r\n    \"packageName\": \"MsixUnitTest_Name\",\r\n    \"packageFamilyName\": \"MsixUnitTest_FamilyName\",\r\n    \"displayName\": \"UnitTest-MSIXPackage\",\r\n    \"packageRelativePath\": \"MsixUnitTest_RelativePackageRoot\",\r\n    \"isRegularRegistration\": true,\r\n    \"isActive\": true,\r\n    \"packageDependencies\": [\r\n      {\r\n        \"dependencyName\": \"MsixTest_Dependency_Name\",\r\n        \"publisher\": \"MsixTest_Dependency_Publisher\",\r\n        \"minVersion\": \"0.0.0.42\"\r\n      }\r\n    ],\r\n    \"version\": \"0.0.18838.722\",\r\n    \"lastUpdated\": \"0001-01-01T00:00:00.0000000\",\r\n    \"packageApplications\": [\r\n      {\r\n        \"appId\": \"MsixTest_Application_Id\",\r\n        \"description\": \"testing from ps\",\r\n        \"appUserModelID\": \"MsixTest_Application_ModelID\",\r\n        \"friendlyName\": \"some name\",\r\n        \"iconImageName\": \"Apptile\",\r\n        \"rawIcon\": \"c29tZSBpbWFnZQ==\",\r\n        \"rawPng\": \"c29tZSBpbWFnZQ==\"\r\n      }\r\n    ]\r\n  }\r\n}",
      "isContentBase64": false,
      "Headers": {
      },
      "ContentHeaders": {
        "Content-Type": [ "application/json" ],
        "Content-Length": [ "976" ]
      }
    },
    "Response": {
      "StatusCode": 201,
      "Headers": {
        "Cache-Control": [ "no-cache" ],
        "Pragma": [ "no-cache" ],
        "Location": [ "/subscriptions/dbedef25-184c-430f-b383-0eeb87c3205d/resourcegroups/alecbUserSessionTests/providers/Microsoft.DesktopVirtualization/hostpools/HostPoolPowershellContained1/msixpackages/MsixTest_FullName_UnitTest" ],
        "Set-Cookie": [ "ARRAffinity=68684045b6f67894fddd7c62f3ba5f363c3d53ed896664c0df0e95751fa52bff;Path=/;HttpOnly;Secure;Domain=rdarmprovider-g-us-r0.wvdselfhost.microsoft.com", "ARRAffinitySameSite=68684045b6f67894fddd7c62f3ba5f363c3d53ed896664c0df0e95751fa52bff;Path=/;HttpOnly;SameSite=None;Secure;Domain=rdarmprovider-g-us-r0.wvdselfhost.microsoft.com" ],
        "X-Rate-Limit-Limit": [ "0" ],
        "X-Rate-Limit-Remaining": [ "9223372036854775807" ],
        "X-Rate-Limit-Reset": [ "0" ],
        "x-ms-opsarmpath64": [ "L3N1YnNjcmlwdGlvbnMvZGJlZGVmMjUtMTg0Yy00MzBmLWIzODMtMGVlYjg3YzMyMDVkL3Jlc291cmNlZ3JvdXBzL2FsZWNiVXNlclNlc3Npb25UZXN0cy9wcm92aWRlcnMvTWljcm9zb2Z0LkRlc2t0b3BWaXJ0dWFsaXphdGlvbi9ob3N0UG9vbHMvSG9zdFBvb2xQb3dlcnNoZWxsQ29udGFpbmVkMS9tc2l4UGFja2FnZXMvTXNpeFRlc3RfRnVsbE5hbWVfVW5pdFRlc3Q=" ],
        "x-ms-lamport-ts": [ "182497293" ],
        "x-ms-correlation-id": [ "95b2c57e-ed7c-43b8-aa22-8763dfb89f3a" ],
        "x-ms-request-id": [ "56bba1f1-b8f0-4fb1-ba62-667b25767800" ],
        "X-Powered-By": [ "ASP.NET" ],
        "X-Content-Type-Options": [ "nosniff" ],
        "x-ms-ratelimit-remaining-subscription-writes": [ "199" ],
        "x-ms-ratelimit-remaining-subscription-global-writes": [ "2999" ],
        "x-ms-correlation-request-id": [ "9adb04c3-7dd5-4800-96cf-95cc74edc314" ],
        "x-ms-routing-request-id": [ "EASTUS:20241016T205315Z:9adb04c3-7dd5-4800-96cf-95cc74edc314" ],
        "Strict-Transport-Security": [ "max-age=31536000; includeSubDomains" ],
        "X-Cache": [ "CONFIG_NOCACHE" ],
        "X-MSEdge-Ref": [ "Ref A: 1C1361438F9E4C73B92C744F9F4F37BA Ref B: MNZ221060619049 Ref C: 2024-10-16T20:53:13Z" ],
        "Date": [ "Wed, 16 Oct 2024 20:53:14 GMT" ]
      },
      "ContentHeaders": {
        "Content-Length": [ "1338" ],
        "Content-Type": [ "application/json; charset=utf-8" ],
        "Expires": [ "-1" ]
      },
      "Content": "{\"name\":\"HostPoolPowershellContained1/MsixTest_FullName_UnitTest\",\"id\":\"/subscriptions/dbedef25-184c-430f-b383-0eeb87c3205d/resourcegroups/alecbUserSessionTests/providers/Microsoft.DesktopVirtualization/hostpools/HostPoolPowershellContained1/msixpackages/MsixTest_FullName_UnitTest\",\"type\":\"Microsoft.DesktopVirtualization/hostpools/msixpackages\",\"properties\":{\"imagePath\":\"C:\\\\\\\\msix\\\\SingleMsix.vhd\",\"packageName\":\"MsixUnitTest_Name\",\"packageFamilyName\":\"MsixUnitTest_FamilyName\",\"displayName\":\"UnitTest-MSIXPackage\",\"packageRelativePath\":\"MsixUnitTest_RelativePackageRoot\",\"isRegularRegistration\":true,\"isActive\":true,\"packageDependencies\":[{\"dependencyName\":\"MsixTest_Dependency_Name\",\"publisher\":\"MsixTest_Dependency_Publisher\",\"minVersion\":\"0.0.0.42\"}],\"version\":\"0.0.18838.722\",\"lastUpdated\":\"0001-01-01T00:00:00\",\"packageApplications\":[{\"appUserModelID\":\"MsixTest_Application_ModelID\",\"appId\":\"MsixTest_Application_Id\",\"description\":\"testing from ps\",\"friendlyName\":\"some name\",\"iconImageName\":\"Apptile\",\"rawIcon\":\"c29tZSBpbWFnZQ==\",\"rawPng\":\"c29tZSBpbWFnZQ==\"}]},\"systemData\":{\"createdBy\":\"ryanoshinsky@wvdtesttenant.onmicrosoft.com\",\"createdByType\":\"User\",\"createdAt\":\"2024-10-16T20:53:14.68Z\",\"lastModifiedBy\":\"ryanoshinsky@wvdtesttenant.onmicrosoft.com\",\"lastModifiedByType\":\"User\",\"lastModifiedAt\":\"2024-10-16T20:53:14.68Z\"}}",
      "isContentBase64": false
    }
  },
  "Get-AzWvdMsixPackage+[NoContext]+Get+$GET+https://management.azure.com/subscriptions/dbedef25-184c-430f-b383-0eeb87c3205d/resourcegroups/alecbUserSessionTests/providers/Microsoft.DesktopVirtualization/hostPools/HostPoolPowershellContained1/msixPackages/MsixTest_FullName_UnitTest?api-version=2024-04-08-preview+2": {
    "Request": {
      "Method": "GET",
      "RequestUri": "https://management.azure.com/subscriptions/dbedef25-184c-430f-b383-0eeb87c3205d/resourcegroups/alecbUserSessionTests/providers/Microsoft.DesktopVirtualization/hostPools/HostPoolPowershellContained1/msixPackages/MsixTest_FullName_UnitTest?api-version=2024-04-08-preview",
      "Content": null,
      "isContentBase64": false,
      "Headers": {
        "x-ms-unique-id": [ "108" ],
        "x-ms-client-request-id": [ "72385acb-8a25-4122-8439-b56fbe7eb370" ],
        "CommandName": [ "Get-AzWvdMsixPackage" ],
        "FullCommandName": [ "Get-AzWvdMsixPackage_Get" ],
        "ParameterSetName": [ "__AllParameterSets" ],
        "User-Agent": [ "AzurePowershell/v8.2.0", "PSVersion/v7.4.5", "Az.DesktopVirtualization/0.0.0" ],
        "Authorization": [ "[Filtered]" ]
      },
      "ContentHeaders": {
      }
    },
    "Response": {
      "StatusCode": 200,
      "Headers": {
        "Cache-Control": [ "no-cache" ],
        "Pragma": [ "no-cache" ],
        "Vary": [ "Accept-Encoding" ],
        "Set-Cookie": [ "ARRAffinity=68684045b6f67894fddd7c62f3ba5f363c3d53ed896664c0df0e95751fa52bff;Path=/;HttpOnly;Secure;Domain=rdarmprovider-g-us-r0.wvdselfhost.microsoft.com", "ARRAffinitySameSite=68684045b6f67894fddd7c62f3ba5f363c3d53ed896664c0df0e95751fa52bff;Path=/;HttpOnly;SameSite=None;Secure;Domain=rdarmprovider-g-us-r0.wvdselfhost.microsoft.com" ],
        "x-ms-ratelimit-remaining-subscription-reads": [ "249" ],
        "X-Rate-Limit-Limit": [ "0" ],
        "X-Rate-Limit-Remaining": [ "9223372036854775807" ],
        "X-Rate-Limit-Reset": [ "0" ],
        "x-ms-opsarmpath64": [ "L3N1YnNjcmlwdGlvbnMvZGJlZGVmMjUtMTg0Yy00MzBmLWIzODMtMGVlYjg3YzMyMDVkL3Jlc291cmNlZ3JvdXBzL2FsZWNiVXNlclNlc3Npb25UZXN0cy9wcm92aWRlcnMvTWljcm9zb2Z0LkRlc2t0b3BWaXJ0dWFsaXphdGlvbi9ob3N0UG9vbHMvSG9zdFBvb2xQb3dlcnNoZWxsQ29udGFpbmVkMS9tc2l4UGFja2FnZXMvTXNpeFRlc3RfRnVsbE5hbWVfVW5pdFRlc3Q=" ],
        "x-ms-lamport-ts": [ "182497298" ],
        "x-ms-correlation-id": [ "3193db04-7b3f-4e7f-b525-86a01b1a6923" ],
        "x-ms-request-id": [ "72385acb-8a25-4122-8439-b56fbe7eb370" ],
        "X-Powered-By": [ "ASP.NET" ],
        "X-Content-Type-Options": [ "nosniff" ],
        "x-ms-ratelimit-remaining-subscription-global-reads": [ "3749" ],
        "x-ms-correlation-request-id": [ "8b28f1d8-8e3e-4931-a552-f965126f4f6f" ],
        "x-ms-routing-request-id": [ "EASTUS:20241016T205317Z:8b28f1d8-8e3e-4931-a552-f965126f4f6f" ],
        "Strict-Transport-Security": [ "max-age=31536000; includeSubDomains" ],
        "X-Cache": [ "CONFIG_NOCACHE" ],
        "X-MSEdge-Ref": [ "Ref A: 1FE4677AE5674C7D8661C8C9E8DF92DD Ref B: MNZ221060619049 Ref C: 2024-10-16T20:53:15Z" ],
        "Date": [ "Wed, 16 Oct 2024 20:53:16 GMT" ]
      },
      "ContentHeaders": {
        "Content-Length": [ "1338" ],
        "Content-Type": [ "application/json; charset=utf-8" ],
        "Expires": [ "-1" ]
      },
      "Content": "{\"name\":\"HostPoolPowershellContained1/MsixTest_FullName_UnitTest\",\"id\":\"/subscriptions/dbedef25-184c-430f-b383-0eeb87c3205d/resourcegroups/alecbUserSessionTests/providers/Microsoft.DesktopVirtualization/hostpools/HostPoolPowershellContained1/msixpackages/MsixTest_FullName_UnitTest\",\"type\":\"Microsoft.DesktopVirtualization/hostpools/msixpackages\",\"properties\":{\"imagePath\":\"C:\\\\\\\\msix\\\\SingleMsix.vhd\",\"packageName\":\"MsixUnitTest_Name\",\"packageFamilyName\":\"MsixUnitTest_FamilyName\",\"displayName\":\"UnitTest-MSIXPackage\",\"packageRelativePath\":\"MsixUnitTest_RelativePackageRoot\",\"isRegularRegistration\":true,\"isActive\":true,\"packageDependencies\":[{\"dependencyName\":\"MsixTest_Dependency_Name\",\"publisher\":\"MsixTest_Dependency_Publisher\",\"minVersion\":\"0.0.0.42\"}],\"version\":\"0.0.18838.722\",\"lastUpdated\":\"0001-01-01T00:00:00\",\"packageApplications\":[{\"appUserModelID\":\"MsixTest_Application_ModelID\",\"appId\":\"MsixTest_Application_Id\",\"description\":\"testing from ps\",\"friendlyName\":\"some name\",\"iconImageName\":\"Apptile\",\"rawIcon\":\"c29tZSBpbWFnZQ==\",\"rawPng\":\"c29tZSBpbWFnZQ==\"}]},\"systemData\":{\"createdBy\":\"ryanoshinsky@wvdtesttenant.onmicrosoft.com\",\"createdByType\":\"User\",\"createdAt\":\"2024-10-16T20:53:14.68Z\",\"lastModifiedBy\":\"ryanoshinsky@wvdtesttenant.onmicrosoft.com\",\"lastModifiedByType\":\"User\",\"lastModifiedAt\":\"2024-10-16T20:53:14.68Z\"}}",
      "isContentBase64": false
    }
  },
  "Get-AzWvdMsixPackage+[NoContext]+Get+$DELETE+https://management.azure.com/subscriptions/dbedef25-184c-430f-b383-0eeb87c3205d/resourcegroups/alecbUserSessionTests/providers/Microsoft.DesktopVirtualization/hostPools/HostPoolPowershellContained1/msixPackages/MsixTest_FullName_UnitTest?api-version=2024-04-08-preview+3": {
    "Request": {
      "Method": "DELETE",
      "RequestUri": "https://management.azure.com/subscriptions/dbedef25-184c-430f-b383-0eeb87c3205d/resourcegroups/alecbUserSessionTests/providers/Microsoft.DesktopVirtualization/hostPools/HostPoolPowershellContained1/msixPackages/MsixTest_FullName_UnitTest?api-version=2024-04-08-preview",
      "Content": null,
      "isContentBase64": false,
      "Headers": {
        "x-ms-unique-id": [ "109" ],
        "x-ms-client-request-id": [ "80712c93-c141-49ad-9b87-3adcdd518535" ],
        "CommandName": [ "Remove-AzWvdMsixPackage" ],
        "FullCommandName": [ "Remove-AzWvdMsixPackage_Delete" ],
        "ParameterSetName": [ "__AllParameterSets" ],
        "User-Agent": [ "AzurePowershell/v8.2.0", "PSVersion/v7.4.5", "Az.DesktopVirtualization/0.0.0" ],
        "Authorization": [ "[Filtered]" ]
      },
      "ContentHeaders": {
      }
    },
    "Response": {
      "StatusCode": 200,
      "Headers": {
        "Cache-Control": [ "no-cache" ],
        "Pragma": [ "no-cache" ],
        "Vary": [ "Accept-Encoding" ],
        "Set-Cookie": [ "ARRAffinity=68684045b6f67894fddd7c62f3ba5f363c3d53ed896664c0df0e95751fa52bff;Path=/;HttpOnly;Secure;Domain=rdarmprovider-g-us-r0.wvdselfhost.microsoft.com", "ARRAffinitySameSite=68684045b6f67894fddd7c62f3ba5f363c3d53ed896664c0df0e95751fa52bff;Path=/;HttpOnly;SameSite=None;Secure;Domain=rdarmprovider-g-us-r0.wvdselfhost.microsoft.com" ],
        "x-ms-ratelimit-remaining-subscription-deletes": [ "199" ],
        "X-Rate-Limit-Limit": [ "0" ],
        "X-Rate-Limit-Remaining": [ "9223372036854775807" ],
        "X-Rate-Limit-Reset": [ "0" ],
        "x-ms-opsarmpath64": [ "L3N1YnNjcmlwdGlvbnMvZGJlZGVmMjUtMTg0Yy00MzBmLWIzODMtMGVlYjg3YzMyMDVkL3Jlc291cmNlZ3JvdXBzL2FsZWNiVXNlclNlc3Npb25UZXN0cy9wcm92aWRlcnMvTWljcm9zb2Z0LkRlc2t0b3BWaXJ0dWFsaXphdGlvbi9ob3N0UG9vbHMvSG9zdFBvb2xQb3dlcnNoZWxsQ29udGFpbmVkMS9tc2l4UGFja2FnZXMvTXNpeFRlc3RfRnVsbE5hbWVfVW5pdFRlc3Q=" ],
        "x-ms-lamport-ts": [ "182497301" ],
        "x-ms-correlation-id": [ "e3a6c070-5375-473e-b29d-f54054f2a4ff" ],
        "x-ms-request-id": [ "80712c93-c141-49ad-9b87-3adcdd518535" ],
        "X-Powered-By": [ "ASP.NET" ],
        "X-Content-Type-Options": [ "nosniff" ],
        "x-ms-ratelimit-remaining-subscription-global-deletes": [ "2999" ],
        "x-ms-correlation-request-id": [ "3bb04e0c-7878-4d5a-9ebd-18b2d76e0da2" ],
        "x-ms-routing-request-id": [ "EASTUS:20241016T205319Z:3bb04e0c-7878-4d5a-9ebd-18b2d76e0da2" ],
        "Strict-Transport-Security": [ "max-age=31536000; includeSubDomains" ],
        "X-Cache": [ "CONFIG_NOCACHE" ],
        "X-MSEdge-Ref": [ "Ref A: A64D0A8679B849FE90CA5362B0D88980 Ref B: MNZ221060619049 Ref C: 2024-10-16T20:53:17Z" ],
        "Date": [ "Wed, 16 Oct 2024 20:53:18 GMT" ]
      },
      "ContentHeaders": {
        "Content-Length": [ "1338" ],
        "Content-Type": [ "application/json; charset=utf-8" ],
        "Expires": [ "-1" ]
      },
      "Content": "{\"name\":\"HostPoolPowershellContained1/MsixTest_FullName_UnitTest\",\"id\":\"/subscriptions/dbedef25-184c-430f-b383-0eeb87c3205d/resourcegroups/alecbUserSessionTests/providers/Microsoft.DesktopVirtualization/hostpools/HostPoolPowershellContained1/msixpackages/MsixTest_FullName_UnitTest\",\"type\":\"Microsoft.DesktopVirtualization/hostpools/msixpackages\",\"properties\":{\"imagePath\":\"C:\\\\\\\\msix\\\\SingleMsix.vhd\",\"packageName\":\"MsixUnitTest_Name\",\"packageFamilyName\":\"MsixUnitTest_FamilyName\",\"displayName\":\"UnitTest-MSIXPackage\",\"packageRelativePath\":\"MsixUnitTest_RelativePackageRoot\",\"isRegularRegistration\":true,\"isActive\":true,\"packageDependencies\":[{\"dependencyName\":\"MsixTest_Dependency_Name\",\"publisher\":\"MsixTest_Dependency_Publisher\",\"minVersion\":\"0.0.0.42\"}],\"version\":\"0.0.18838.722\",\"lastUpdated\":\"0001-01-01T00:00:00\",\"packageApplications\":[{\"appUserModelID\":\"MsixTest_Application_ModelID\",\"appId\":\"MsixTest_Application_Id\",\"description\":\"testing from ps\",\"friendlyName\":\"some name\",\"iconImageName\":\"Apptile\",\"rawIcon\":\"c29tZSBpbWFnZQ==\",\"rawPng\":\"c29tZSBpbWFnZQ==\"}]},\"systemData\":{\"createdBy\":\"ryanoshinsky@wvdtesttenant.onmicrosoft.com\",\"createdByType\":\"User\",\"createdAt\":\"2024-10-16T20:53:14.68Z\",\"lastModifiedBy\":\"ryanoshinsky@wvdtesttenant.onmicrosoft.com\",\"lastModifiedByType\":\"User\",\"lastModifiedAt\":\"2024-10-16T20:53:14.68Z\"}}",
      "isContentBase64": false
    }
  },
  "Get-AzWvdMsixPackage+[NoContext]+Get+$DELETE+https://management.azure.com/subscriptions/dbedef25-184c-430f-b383-0eeb87c3205d/resourceGroups/alecbUserSessionTests/providers/Microsoft.DesktopVirtualization/hostPools/HostPoolPowershellContained1?api-version=2024-04-08-preview+4": {
    "Request": {
      "Method": "DELETE",
      "RequestUri": "https://management.azure.com/subscriptions/dbedef25-184c-430f-b383-0eeb87c3205d/resourceGroups/alecbUserSessionTests/providers/Microsoft.DesktopVirtualization/hostPools/HostPoolPowershellContained1?api-version=2024-04-08-preview",
      "Content": null,
      "isContentBase64": false,
      "Headers": {
        "x-ms-unique-id": [ "110" ],
        "x-ms-client-request-id": [ "bb3fc00e-365e-4055-ac70-383d2987faa4" ],
        "CommandName": [ "Remove-AzWvdHostPool" ],
        "FullCommandName": [ "Remove-AzWvdHostPool_Delete" ],
        "ParameterSetName": [ "__AllParameterSets" ],
        "User-Agent": [ "AzurePowershell/v8.2.0", "PSVersion/v7.4.5", "Az.DesktopVirtualization/0.0.0" ],
        "Authorization": [ "[Filtered]" ]
      },
      "ContentHeaders": {
      }
    },
    "Response": {
      "StatusCode": 200,
      "Headers": {
        "Cache-Control": [ "no-cache" ],
        "Pragma": [ "no-cache" ],
        "Vary": [ "Accept-Encoding" ],
        "Set-Cookie": [ "ARRAffinity=68684045b6f67894fddd7c62f3ba5f363c3d53ed896664c0df0e95751fa52bff;Path=/;HttpOnly;Secure;Domain=rdarmprovider-g-us-r0.wvdselfhost.microsoft.com", "ARRAffinitySameSite=68684045b6f67894fddd7c62f3ba5f363c3d53ed896664c0df0e95751fa52bff;Path=/;HttpOnly;SameSite=None;Secure;Domain=rdarmprovider-g-us-r0.wvdselfhost.microsoft.com" ],
        "x-ms-ratelimit-remaining-subscription-deletes": [ "199" ],
        "X-Rate-Limit-Limit": [ "0" ],
        "X-Rate-Limit-Remaining": [ "9223372036854775807" ],
        "X-Rate-Limit-Reset": [ "0" ],
        "x-ms-opsarmpath64": [ "L3N1YnNjcmlwdGlvbnMvZGJlZGVmMjUtMTg0Yy00MzBmLWIzODMtMGVlYjg3YzMyMDVkL3Jlc291cmNlR3JvdXBzL2FsZWNiVXNlclNlc3Npb25UZXN0cy9wcm92aWRlcnMvTWljcm9zb2Z0LkRlc2t0b3BWaXJ0dWFsaXphdGlvbi9ob3N0UG9vbHMvSG9zdFBvb2xQb3dlcnNoZWxsQ29udGFpbmVkMQ==" ],
        "x-ms-lamport-ts": [ "182497304" ],
        "x-ms-correlation-id": [ "c991f9d2-ff32-4008-9c59-adc7470ed21e" ],
        "x-ms-request-id": [ "bb3fc00e-365e-4055-ac70-383d2987faa4" ],
        "X-Powered-By": [ "ASP.NET" ],
        "X-Content-Type-Options": [ "nosniff" ],
        "x-ms-ratelimit-remaining-subscription-global-deletes": [ "2999" ],
        "x-ms-correlation-request-id": [ "5f6a6122-796f-4ebf-846c-73f82d355897" ],
        "x-ms-routing-request-id": [ "EASTUS:20241016T205323Z:5f6a6122-796f-4ebf-846c-73f82d355897" ],
        "Strict-Transport-Security": [ "max-age=31536000; includeSubDomains" ],
        "X-Cache": [ "CONFIG_NOCACHE" ],
        "X-MSEdge-Ref": [ "Ref A: 4E6C26BA28E14255B9A4DC8BE47A4479 Ref B: MNZ221060619049 Ref C: 2024-10-16T20:53:19Z" ],
        "Date": [ "Wed, 16 Oct 2024 20:53:22 GMT" ]
      },
      "ContentHeaders": {
        "Content-Length": [ "3059" ],
        "Content-Type": [ "application/json; charset=utf-8" ],
        "Expires": [ "-1" ]
      },
      "Content": "{\"identity\":{\"type\":\"None\",\"tenantId\":null,\"principalId\":null},\"name\":\"HostPoolPowershellContained1\",\"id\":\"/subscriptions/dbedef25-184c-430f-b383-0eeb87c3205d/resourcegroups/alecbUserSessionTests/providers/Microsoft.DesktopVirtualization/hostpools/HostPoolPowershellContained1\",\"type\":\"Microsoft.DesktopVirtualization/hostpools\",\"location\":\"westus2\",\"tags\":null,\"kind\":null,\"systemData\":{\"createdBy\":\"ryanoshinsky@wvdtesttenant.onmicrosoft.com\",\"createdByType\":\"User\",\"createdAt\":\"2024-10-16T20:53:03.99Z\",\"lastModifiedBy\":\"ryanoshinsky@wvdtesttenant.onmicrosoft.com\",\"lastModifiedByType\":\"User\",\"lastModifiedAt\":\"2024-10-16T20:53:03.99Z\"},\"properties\":{\"managedPrivateUDP\":\"Default\",\"directUDP\":\"Default\",\"publicUDP\":\"Default\",\"relayUDP\":\"Default\",\"managementType\":\"Standard\",\"appAttachPackageReferences\":[],\"agentUpdate\":null,\"privateEndpointConnections\":[],\"publicNetworkAccess\":\"Enabled\",\"friendlyName\":\"fri\",\"description\":\"des\",\"hostPoolType\":\"Pooled\",\"personalDesktopAssignmentType\":null,\"applicationGroupReferences\":[],\"customRdpProperty\":\"\",\"maxSessionLimit\":5,\"loadBalancerType\":\"DepthFirst\",\"validationEnvironment\":false,\"ring\":1,\"registrationInfo\":{\"expirationTime\":\"2024-10-17T20:53:01.7882902Z\",\"token\":\"This-is-a-sas-token\",\"registrationTokenOperation\":\"None\"},\"vmTemplate\":null,\"preferredAppGroupType\":\"Desktop\",\"migrationRequest\":null,\"cloudPcResource\":false,\"startVMOnConnect\":false,\"ssoadfsAuthority\":null,\"ssoClientId\":null,\"ssoClientSecretKeyVaultPath\":null,\"ssoSecretType\":null,\"objectId\":\"3d0fb852-31ee-44c8-957d-838d6ff933bb\"}}",
      "isContentBase64": false
    }
  }
}