{
  "New-AzWvdHostPool+[NoContext]+FullScenarioCreate+$PUT+https://management.azure.com/subscriptions/6738509d-84ed-4ad6-974a-7dc4e3c34146/resourceGroups/zhongjie-rg-wus/providers/Microsoft.DesktopVirtualization/hostPools/HostPoolPowershellContained1?api-version=2025-09-01-preview+1": {
    "Request": {
      "Method": "PUT",
      "RequestUri": "https://management.azure.com/subscriptions/6738509d-84ed-4ad6-974a-7dc4e3c34146/resourceGroups/zhongjie-rg-wus/providers/Microsoft.DesktopVirtualization/hostPools/HostPoolPowershellContained1?api-version=2025-09-01-preview",
      "Content": "{\r\n  \"location\": \"westus2\",\r\n  \"properties\": {\r\n    \"hostPoolType\": \"Pooled\",\r\n    \"loadBalancerType\": \"DepthFirst\",\r\n    \"preferredAppGroupType\": \"Desktop\"\r\n  }\r\n}",
      "isContentBase64": false,
      "Headers": {
      },
      "ContentHeaders": {
        "Content-Type": [ "application/json" ],
        "Content-Length": [ "164" ]
      }
    },
    "Response": {
      "StatusCode": 201,
      "Headers": {
        "Cache-Control": [ "no-cache" ],
        "Pragma": [ "no-cache" ],
        "Location": [ "/subscriptions/6738509d-84ed-4ad6-974a-7dc4e3c34146/resourcegroups/zhongjie-rg-wus/providers/Microsoft.DesktopVirtualization/hostpools/HostPoolPowershellContained1" ],
        "Set-Cookie": [ "ARRAffinity=18ffbb6bc42e6a8947719b4904cdb240a479c70cd565ecfce265809dd3032f9a;Path=/;HttpOnly;Secure;Domain=rdarmprovider-g-us-r0.wvd.microsoft.com", "ARRAffinitySameSite=18ffbb6bc42e6a8947719b4904cdb240a479c70cd565ecfce265809dd3032f9a;Path=/;HttpOnly;SameSite=None;Secure;Domain=rdarmprovider-g-us-r0.wvd.microsoft.com" ],
        "X-Rate-Limit-Limit": [ "0" ],
        "X-Rate-Limit-Remaining": [ "9223372036854775807" ],
        "X-Rate-Limit-Reset": [ "0" ],
        "x-ms-opsarmpath64": [ "L3N1YnNjcmlwdGlvbnMvNjczODUwOWQtODRlZC00YWQ2LTk3NGEtN2RjNGUzYzM0MTQ2L3Jlc291cmNlR3JvdXBzL3pob25namllLXJnLXd1cy9wcm92aWRlcnMvTWljcm9zb2Z0LkRlc2t0b3BWaXJ0dWFsaXphdGlvbi9ob3N0UG9vbHMvSG9zdFBvb2xQb3dlcnNoZWxsQ29udGFpbmVkMQ==" ],
        "x-ms-lamport-ts": [ "10262792264" ],
        "x-ms-correlation-id": [ "04f23832-2de3-448c-a545-ff614fae067e" ],
        "x-ms-request-id": [ "3643c058-2f29-4b50-962d-f17d19bee089" ],
        "X-Powered-By": [ "ASP.NET" ],
        "X-Content-Type-Options": [ "nosniff" ],
        "x-ms-operation-identifier": [ "tenantId=715492f1-ef6e-4eea-9176-7c81e765c3c8,objectId=da374578-2a5b-438e-8ca6-d35069c8c1c1/westus2/5635b8fd-b1c9-4cc0-a711-4a06d4078e3c" ],
        "x-ms-ratelimit-remaining-subscription-writes": [ "198" ],
        "x-ms-ratelimit-remaining-subscription-global-writes": [ "2998" ],
        "x-ms-correlation-request-id": [ "318c08d9-9725-4ff6-8847-5d46dc7e66d7" ],
        "x-ms-routing-request-id": [ "WESTUS2:20251112T050750Z:318c08d9-9725-4ff6-8847-5d46dc7e66d7" ],
        "Strict-Transport-Security": [ "max-age=31536000; includeSubDomains" ],
        "X-Cache": [ "CONFIG_NOCACHE" ],
        "X-MSEdge-Ref": [ "Ref A: 2EE372A4C464437485F8CF7BD3483DFD Ref B: JKT201051407060 Ref C: 2025-11-12T05:07:48Z" ],
        "Date": [ "Wed, 12 Nov 2025 05:07:49 GMT" ]
      },
      "ContentHeaders": {
        "Content-Length": [ "1776" ],
        "Content-Type": [ "application/json; charset=utf-8" ],
        "Expires": [ "-1" ]
      },
      "Content": "{\"identity\":{\"type\":\"None\",\"tenantId\":null,\"principalId\":null},\"name\":\"HostPoolPowershellContained1\",\"id\":\"/subscriptions/6738509d-84ed-4ad6-974a-7dc4e3c34146/resourcegroups/zhongjie-rg-wus/providers/Microsoft.DesktopVirtualization/hostpools/HostPoolPowershellContained1\",\"type\":\"Microsoft.DesktopVirtualization/hostpools\",\"location\":\"westus2\",\"tags\":null,\"kind\":null,\"systemData\":{\"createdBy\":\"liwei@w365runner250520sh01.onmicrosoft.com\",\"createdByType\":\"User\",\"createdAt\":\"2025-11-12T05:07:49.16Z\",\"lastModifiedBy\":\"liwei@w365runner250520sh01.onmicrosoft.com\",\"lastModifiedByType\":\"User\",\"lastModifiedAt\":\"2025-11-12T05:07:49.16Z\"},\"properties\":{\"allowRDPShortPathWithPrivateLink\":\"Disabled\",\"managedPrivateUDP\":\"Default\",\"directUDP\":\"Default\",\"publicUDP\":\"Default\",\"relayUDP\":\"Default\",\"appAttachPackageReferences\":[],\"privateEndpointConnections\":null,\"publicNetworkAccess\":\"Enabled\",\"agentUpdate\":null,\"friendlyName\":null,\"description\":null,\"hostPoolType\":\"Pooled\",\"personalDesktopAssignmentType\":null,\"applicationGroupReferences\":[],\"customRdpProperty\":\"drivestoredirect:s:;usbdevicestoredirect:s:;redirectclipboard:i:0;redirectprinters:i:0;audiomode:i:0;videoplaybackmode:i:1;devicestoredirect:s:*;redirectcomports:i:1;redirectsmartcards:i:1;enablecredsspsupport:i:1;redirectwebauthn:i:1;use multimon:i:1;\",\"maxSessionLimit\":999999,\"loadBalancerType\":\"DepthFirst\",\"validationEnvironment\":false,\"ring\":1,\"registrationInfo\":{\"expirationTime\":null,\"token\":null,\"registrationTokenOperation\":\"None\"},\"vmTemplate\":null,\"preferredAppGroupType\":\"Desktop\",\"migrationRequest\":null,\"cloudPcResource\":false,\"startVMOnConnect\":false,\"ssoadfsAuthority\":null,\"ssoClientId\":null,\"ssoClientSecretKeyVaultPath\":null,\"ssoSecretType\":null,\"objectId\":\"960706c7-42be-4f75-ba41-56a13bcacafd\"}}",
      "isContentBase64": false
    }
  },
  "New-AzWvdHostPool+[NoContext]+FullScenarioCreate+$PUT+https://management.azure.com/subscriptions/6738509d-84ed-4ad6-974a-7dc4e3c34146/resourceGroups/zhongjie-rg-wus/providers/Microsoft.DesktopVirtualization/applicationGroups/FullSenerioCreateAG?api-version=2025-09-01-preview+2": {
    "Request": {
      "Method": "PUT",
      "RequestUri": "https://management.azure.com/subscriptions/6738509d-84ed-4ad6-974a-7dc4e3c34146/resourceGroups/zhongjie-rg-wus/providers/Microsoft.DesktopVirtualization/applicationGroups/FullSenerioCreateAG?api-version=2025-09-01-preview",
      "Content": "{\r\n  \"location\": \"westus2\",\r\n  \"properties\": {\r\n    \"hostPoolArmPath\": \"/subscriptions/6738509d-84ed-4ad6-974a-7dc4e3c34146/resourcegroups/zhongjie-rg-wus/providers/Microsoft.DesktopVirtualization/hostpools/HostPoolPowershellContained1\",\r\n    \"applicationGroupType\": \"Desktop\"\r\n  }\r\n}",
      "isContentBase64": false,
      "Headers": {
      },
      "ContentHeaders": {
        "Content-Type": [ "application/json" ],
        "Content-Length": [ "284" ]
      }
    },
    "Response": {
      "StatusCode": 201,
      "Headers": {
        "Cache-Control": [ "no-cache" ],
        "Pragma": [ "no-cache" ],
        "Location": [ "/subscriptions/6738509d-84ed-4ad6-974a-7dc4e3c34146/resourcegroups/zhongjie-rg-wus/providers/Microsoft.DesktopVirtualization/applicationgroups/FullSenerioCreateAG" ],
        "Set-Cookie": [ "ARRAffinity=39aef68927a16531bfda688eaee8df38e210fd8e6c7863f4a7341adf0add289b;Path=/;HttpOnly;Secure;Domain=rdarmprovider-g-us-r0.wvd.microsoft.com", "ARRAffinitySameSite=39aef68927a16531bfda688eaee8df38e210fd8e6c7863f4a7341adf0add289b;Path=/;HttpOnly;SameSite=None;Secure;Domain=rdarmprovider-g-us-r0.wvd.microsoft.com" ],
        "X-Rate-Limit-Limit": [ "0" ],
        "X-Rate-Limit-Remaining": [ "9223372036854775807" ],
        "X-Rate-Limit-Reset": [ "0" ],
        "x-ms-opsarmpath64": [ "L3N1YnNjcmlwdGlvbnMvNjczODUwOWQtODRlZC00YWQ2LTk3NGEtN2RjNGUzYzM0MTQ2L3Jlc291cmNlR3JvdXBzL3pob25namllLXJnLXd1cy9wcm92aWRlcnMvTWljcm9zb2Z0LkRlc2t0b3BWaXJ0dWFsaXphdGlvbi9hcHBsaWNhdGlvbkdyb3Vwcy9GdWxsU2VuZXJpb0NyZWF0ZUFH" ],
        "x-ms-lamport-ts": [ "10262794953" ],
        "x-ms-correlation-id": [ "6f40c97a-0f9c-4b44-a37d-bd03634bc7c8" ],
        "x-ms-request-id": [ "0910018e-a7c5-4398-b50d-b71934a92d83" ],
        "X-Powered-By": [ "ASP.NET" ],
        "X-Content-Type-Options": [ "nosniff" ],
        "x-ms-operation-identifier": [ "tenantId=715492f1-ef6e-4eea-9176-7c81e765c3c8,objectId=da374578-2a5b-438e-8ca6-d35069c8c1c1/westus2/2956ab54-ca58-493d-a0fb-716276a4a423" ],
        "x-ms-ratelimit-remaining-subscription-writes": [ "198" ],
        "x-ms-ratelimit-remaining-subscription-global-writes": [ "2998" ],
        "x-ms-correlation-request-id": [ "a2ab50a0-9dbc-46fe-8ae8-885521bb372d" ],
        "x-ms-routing-request-id": [ "WESTUS2:20251112T050751Z:a2ab50a0-9dbc-46fe-8ae8-885521bb372d" ],
        "Strict-Transport-Security": [ "max-age=31536000; includeSubDomains" ],
        "X-Cache": [ "CONFIG_NOCACHE" ],
        "X-MSEdge-Ref": [ "Ref A: 4DE357AFD61F493FB189B971853F56DF Ref B: JKT201051407060 Ref C: 2025-11-12T05:07:50Z" ],
        "Date": [ "Wed, 12 Nov 2025 05:07:51 GMT" ]
      },
      "ContentHeaders": {
        "Content-Length": [ "986" ],
        "Content-Type": [ "application/json; charset=utf-8" ],
        "Expires": [ "-1" ]
      },
      "Content": "{\"name\":\"FullSenerioCreateAG\",\"id\":\"/subscriptions/6738509d-84ed-4ad6-974a-7dc4e3c34146/resourcegroups/zhongjie-rg-wus/providers/Microsoft.DesktopVirtualization/applicationgroups/FullSenerioCreateAG\",\"type\":\"Microsoft.DesktopVirtualization/applicationgroups\",\"location\":\"westus2\",\"tags\":null,\"kind\":\"Desktop\",\"systemData\":{\"createdBy\":\"liwei@w365runner250520sh01.onmicrosoft.com\",\"createdByType\":\"User\",\"createdAt\":\"2025-11-12T05:07:50.50Z\",\"lastModifiedBy\":\"liwei@w365runner250520sh01.onmicrosoft.com\",\"lastModifiedByType\":\"User\",\"lastModifiedAt\":\"2025-11-12T05:07:50.50Z\"},\"properties\":{\"showInFeed\":null,\"hostPoolArmPath\":\"/subscriptions/6738509d-84ed-4ad6-974a-7dc4e3c34146/resourcegroups/zhongjie-rg-wus/providers/Microsoft.DesktopVirtualization/hostpools/HostPoolPowershellContained1\",\"workspaceArmPath\":null,\"description\":null,\"friendlyName\":null,\"applicationGroupType\":\"Desktop\",\"migrationRequest\":null,\"cloudPcResource\":false,\"objectId\":\"dca8b334-7f5b-4b33-b3be-e9381407a467\"}}",
      "isContentBase64": false
    }
  },
  "New-AzWvdHostPool+[NoContext]+FullScenarioCreate+$PUT+https://management.azure.com/subscriptions/6738509d-84ed-4ad6-974a-7dc4e3c34146/resourceGroups/zhongjie-rg-wus/providers/Microsoft.DesktopVirtualization/workspaces/FullSenerioCreateWS?api-version=2025-09-01-preview+3": {
    "Request": {
      "Method": "PUT",
      "RequestUri": "https://management.azure.com/subscriptions/6738509d-84ed-4ad6-974a-7dc4e3c34146/resourceGroups/zhongjie-rg-wus/providers/Microsoft.DesktopVirtualization/workspaces/FullSenerioCreateWS?api-version=2025-09-01-preview",
      "Content": "{\r\n  \"location\": \"westus2\",\r\n  \"properties\": {\r\n    \"applicationGroupReferences\": [ \"/subscriptions/6738509d-84ed-4ad6-974a-7dc4e3c34146/resourcegroups/zhongjie-rg-wus/providers/Microsoft.DesktopVirtualization/applicationgroups/FullSenerioCreateAG\" ]\r\n  }\r\n}",
      "isContentBase64": false,
      "Headers": {
      },
      "ContentHeaders": {
        "Content-Type": [ "application/json" ],
        "Content-Length": [ "258" ]
      }
    },
    "Response": {
      "StatusCode": 201,
      "Headers": {
        "Cache-Control": [ "no-cache" ],
        "Pragma": [ "no-cache" ],
        "Location": [ "/subscriptions/6738509d-84ed-4ad6-974a-7dc4e3c34146/resourcegroups/zhongjie-rg-wus/providers/Microsoft.DesktopVirtualization/workspaces/FullSenerioCreateWS" ],
        "Set-Cookie": [ "ARRAffinity=b93345dc5e5a7f8e1da616a54f07d1c29116f985c6d6c7cd4d4c8789bc1d3f68;Path=/;HttpOnly;Secure;Domain=rdarmprovider-g-us-r0.wvd.microsoft.com", "ARRAffinitySameSite=b93345dc5e5a7f8e1da616a54f07d1c29116f985c6d6c7cd4d4c8789bc1d3f68;Path=/;HttpOnly;SameSite=None;Secure;Domain=rdarmprovider-g-us-r0.wvd.microsoft.com" ],
        "X-Rate-Limit-Limit": [ "0" ],
        "X-Rate-Limit-Remaining": [ "9223372036854775807" ],
        "X-Rate-Limit-Reset": [ "0" ],
        "x-ms-opsarmpath64": [ "L3N1YnNjcmlwdGlvbnMvNjczODUwOWQtODRlZC00YWQ2LTk3NGEtN2RjNGUzYzM0MTQ2L3Jlc291cmNlR3JvdXBzL3pob25namllLXJnLXd1cy9wcm92aWRlcnMvTWljcm9zb2Z0LkRlc2t0b3BWaXJ0dWFsaXphdGlvbi93b3Jrc3BhY2VzL0Z1bGxTZW5lcmlvQ3JlYXRlV1M=" ],
        "x-ms-lamport-ts": [ "10262794317" ],
        "x-ms-correlation-id": [ "84454d51-3a07-4b16-adb5-b887513a8ea8" ],
        "x-ms-request-id": [ "b50c59cb-2040-477e-b755-e9ddce62bfcd" ],
        "X-Powered-By": [ "ASP.NET" ],
        "X-Content-Type-Options": [ "nosniff" ],
        "x-ms-operation-identifier": [ "tenantId=715492f1-ef6e-4eea-9176-7c81e765c3c8,objectId=da374578-2a5b-438e-8ca6-d35069c8c1c1/westus2/b4c7db56-23e6-42c6-bafe-da6b0d7d1e9d" ],
        "x-ms-ratelimit-remaining-subscription-writes": [ "199" ],
        "x-ms-ratelimit-remaining-subscription-global-writes": [ "2999" ],
        "x-ms-correlation-request-id": [ "a3436200-13fb-40cf-a0f0-3c052a2e0613" ],
        "x-ms-routing-request-id": [ "WESTUS2:20251112T050752Z:a3436200-13fb-40cf-a0f0-3c052a2e0613" ],
        "Strict-Transport-Security": [ "max-age=31536000; includeSubDomains" ],
        "X-Cache": [ "CONFIG_NOCACHE" ],
        "X-MSEdge-Ref": [ "Ref A: 064777EE8F1C42789FF26ED9B3B8D2BE Ref B: JKT201051407060 Ref C: 2025-11-12T05:07:51Z" ],
        "Date": [ "Wed, 12 Nov 2025 05:07:52 GMT" ]
      },
      "ContentHeaders": {
        "Content-Length": [ "944" ],
        "Content-Type": [ "application/json; charset=utf-8" ],
        "Expires": [ "-1" ]
      },
      "Content": "{\"name\":\"FullSenerioCreateWS\",\"id\":\"/subscriptions/6738509d-84ed-4ad6-974a-7dc4e3c34146/resourcegroups/zhongjie-rg-wus/providers/Microsoft.DesktopVirtualization/workspaces/FullSenerioCreateWS\",\"type\":\"Microsoft.DesktopVirtualization/workspaces\",\"location\":\"westus2\",\"tags\":{},\"kind\":null,\"systemData\":{\"createdBy\":\"liwei@w365runner250520sh01.onmicrosoft.com\",\"createdByType\":\"User\",\"createdAt\":\"2025-11-12T05:07:51.80Z\",\"lastModifiedBy\":\"liwei@w365runner250520sh01.onmicrosoft.com\",\"lastModifiedByType\":\"User\",\"lastModifiedAt\":\"2025-11-12T05:07:51.80Z\"},\"properties\":{\"privateEndpointConnections\":null,\"publicNetworkAccess\":\"Enabled\",\"description\":null,\"friendlyName\":null,\"applicationGroupReferences\":[\"/subscriptions/6738509d-84ed-4ad6-974a-7dc4e3c34146/resourcegroups/zhongjie-rg-wus/providers/Microsoft.DesktopVirtualization/applicationgroups/FullSenerioCreateAG\"],\"cloudPcResource\":false,\"objectId\":\"74a19b8e-be62-42d1-a6f1-a2f9b7a8a8a1\"}}",
      "isContentBase64": false
    }
  },
  "New-AzWvdHostPool+[NoContext]+FullScenarioCreate+$DELETE+https://management.azure.com/subscriptions/6738509d-84ed-4ad6-974a-7dc4e3c34146/resourceGroups/zhongjie-rg-wus/providers/Microsoft.DesktopVirtualization/applicationGroups/FullSenerioCreateAG?api-version=2025-09-01-preview+4": {
    "Request": {
      "Method": "DELETE",
      "RequestUri": "https://management.azure.com/subscriptions/6738509d-84ed-4ad6-974a-7dc4e3c34146/resourceGroups/zhongjie-rg-wus/providers/Microsoft.DesktopVirtualization/applicationGroups/FullSenerioCreateAG?api-version=2025-09-01-preview",
      "Content": null,
      "isContentBase64": false,
      "Headers": {
        "x-ms-unique-id": [ "227" ],
        "x-ms-client-request-id": [ "ea58edb0-67dd-4f53-b653-548c8c8706c7" ],
        "CommandName": [ "Remove-AzWvdApplicationGroup" ],
        "FullCommandName": [ "Remove-AzWvdApplicationGroup_Delete" ],
        "ParameterSetName": [ "__AllParameterSets" ],
        "User-Agent": [ "AzurePowershell/v14.3.0", "PSVersion/v7.5.4", "Az.DesktopVirtualization/0.1.0" ],
        "Authorization": [ "[Filtered]" ]
      },
      "ContentHeaders": {
      }
    },
    "Response": {
      "StatusCode": 200,
      "Headers": {
        "Cache-Control": [ "no-cache" ],
        "Pragma": [ "no-cache" ],
        "Vary": [ "Accept-Encoding" ],
        "Set-Cookie": [ "ARRAffinity=57e795ac3cef8931649c13ca7a5c1a198ee489be7c635bb6f31a7e1aefb39eec;Path=/;HttpOnly;Secure;Domain=rdarmprovider-g-us-r0.wvd.microsoft.com", "ARRAffinitySameSite=57e795ac3cef8931649c13ca7a5c1a198ee489be7c635bb6f31a7e1aefb39eec;Path=/;HttpOnly;SameSite=None;Secure;Domain=rdarmprovider-g-us-r0.wvd.microsoft.com" ],
        "x-ms-operation-identifier": [ "tenantId=715492f1-ef6e-4eea-9176-7c81e765c3c8,objectId=da374578-2a5b-438e-8ca6-d35069c8c1c1/westus2/05bee8ce-0a1e-4c75-8d80-099fd08f5d4e" ],
        "X-Rate-Limit-Limit": [ "0" ],
        "X-Rate-Limit-Remaining": [ "9223372036854775807" ],
        "X-Rate-Limit-Reset": [ "0" ],
        "x-ms-opsarmpath64": [ "L3N1YnNjcmlwdGlvbnMvNjczODUwOWQtODRlZC00YWQ2LTk3NGEtN2RjNGUzYzM0MTQ2L3Jlc291cmNlR3JvdXBzL3pob25namllLXJnLXd1cy9wcm92aWRlcnMvTWljcm9zb2Z0LkRlc2t0b3BWaXJ0dWFsaXphdGlvbi9hcHBsaWNhdGlvbkdyb3Vwcy9GdWxsU2VuZXJpb0NyZWF0ZUFH" ],
        "x-ms-lamport-ts": [ "10262794760" ],
        "x-ms-correlation-id": [ "2e47515c-3c5c-40f7-bbcc-db3d59c47493" ],
        "x-ms-request-id": [ "ea58edb0-67dd-4f53-b653-548c8c8706c7" ],
        "X-Powered-By": [ "ASP.NET" ],
        "X-Content-Type-Options": [ "nosniff" ],
        "x-ms-ratelimit-remaining-subscription-deletes": [ "199" ],
        "x-ms-ratelimit-remaining-subscription-global-deletes": [ "2999" ],
        "x-ms-correlation-request-id": [ "f21fc782-9001-4c46-814b-a0fadb64eb33" ],
        "x-ms-routing-request-id": [ "WESTUS2:20251112T050754Z:f21fc782-9001-4c46-814b-a0fadb64eb33" ],
        "Strict-Transport-Security": [ "max-age=31536000; includeSubDomains" ],
        "X-Cache": [ "CONFIG_NOCACHE" ],
        "X-MSEdge-Ref": [ "Ref A: 5AF91CF8B029463BB76C284745CEAEE1 Ref B: JKT201051407060 Ref C: 2025-11-12T05:07:53Z" ],
        "Date": [ "Wed, 12 Nov 2025 05:07:53 GMT" ]
      },
      "ContentHeaders": {
        "Content-Length": [ "1139" ],
        "Content-Type": [ "application/json; charset=utf-8" ],
        "Expires": [ "-1" ]
      },
      "Content": "{\"name\":\"FullSenerioCreateAG\",\"id\":\"/subscriptions/6738509d-84ed-4ad6-974a-7dc4e3c34146/resourcegroups/zhongjie-rg-wus/providers/Microsoft.DesktopVirtualization/applicationgroups/FullSenerioCreateAG\",\"type\":\"Microsoft.DesktopVirtualization/applicationgroups\",\"location\":\"westus2\",\"tags\":null,\"kind\":\"Desktop\",\"systemData\":{\"createdBy\":\"liwei@w365runner250520sh01.onmicrosoft.com\",\"createdByType\":\"User\",\"createdAt\":\"2025-11-12T05:07:50.50Z\",\"lastModifiedBy\":\"liwei@w365runner250520sh01.onmicrosoft.com\",\"lastModifiedByType\":\"User\",\"lastModifiedAt\":\"2025-11-12T05:07:50.50Z\"},\"properties\":{\"showInFeed\":null,\"hostPoolArmPath\":\"/subscriptions/6738509d-84ed-4ad6-974a-7dc4e3c34146/resourcegroups/zhongjie-rg-wus/providers/Microsoft.DesktopVirtualization/hostpools/HostPoolPowershellContained1\",\"workspaceArmPath\":\"/subscriptions/6738509d-84ed-4ad6-974a-7dc4e3c34146/resourcegroups/zhongjie-rg-wus/providers/Microsoft.DesktopVirtualization/workspaces/FullSenerioCreateWS\",\"description\":null,\"friendlyName\":null,\"applicationGroupType\":\"Desktop\",\"migrationRequest\":null,\"cloudPcResource\":false,\"objectId\":\"dca8b334-7f5b-4b33-b3be-e9381407a467\"}}",
      "isContentBase64": false
    }
  },
  "New-AzWvdHostPool+[NoContext]+FullScenarioCreate+$DELETE+https://management.azure.com/subscriptions/6738509d-84ed-4ad6-974a-7dc4e3c34146/resourceGroups/zhongjie-rg-wus/providers/Microsoft.DesktopVirtualization/hostPools/HostPoolPowershellContained1?api-version=2025-09-01-preview+5": {
    "Request": {
      "Method": "DELETE",
      "RequestUri": "https://management.azure.com/subscriptions/6738509d-84ed-4ad6-974a-7dc4e3c34146/resourceGroups/zhongjie-rg-wus/providers/Microsoft.DesktopVirtualization/hostPools/HostPoolPowershellContained1?api-version=2025-09-01-preview",
      "Content": null,
      "isContentBase64": false,
      "Headers": {
        "x-ms-unique-id": [ "228" ],
        "x-ms-client-request-id": [ "c9a68415-e4e7-4018-8103-4a13f05e94d1" ],
        "CommandName": [ "Remove-AzWvdHostPool" ],
        "FullCommandName": [ "Remove-AzWvdHostPool_Delete" ],
        "ParameterSetName": [ "__AllParameterSets" ],
        "User-Agent": [ "AzurePowershell/v14.3.0", "PSVersion/v7.5.4", "Az.DesktopVirtualization/0.1.0" ],
        "Authorization": [ "[Filtered]" ]
      },
      "ContentHeaders": {
      }
    },
    "Response": {
      "StatusCode": 200,
      "Headers": {
        "Cache-Control": [ "no-cache" ],
        "Pragma": [ "no-cache" ],
        "Vary": [ "Accept-Encoding" ],
        "Set-Cookie": [ "ARRAffinity=b93345dc5e5a7f8e1da616a54f07d1c29116f985c6d6c7cd4d4c8789bc1d3f68;Path=/;HttpOnly;Secure;Domain=rdarmprovider-g-us-r0.wvd.microsoft.com", "ARRAffinitySameSite=b93345dc5e5a7f8e1da616a54f07d1c29116f985c6d6c7cd4d4c8789bc1d3f68;Path=/;HttpOnly;SameSite=None;Secure;Domain=rdarmprovider-g-us-r0.wvd.microsoft.com" ],
        "x-ms-operation-identifier": [ "tenantId=715492f1-ef6e-4eea-9176-7c81e765c3c8,objectId=da374578-2a5b-438e-8ca6-d35069c8c1c1/westus2/66b54da4-df33-4b34-9b0d-09450a578e0b" ],
        "X-Rate-Limit-Limit": [ "0" ],
        "X-Rate-Limit-Remaining": [ "9223372036854775807" ],
        "X-Rate-Limit-Reset": [ "0" ],
        "x-ms-opsarmpath64": [ "L3N1YnNjcmlwdGlvbnMvNjczODUwOWQtODRlZC00YWQ2LTk3NGEtN2RjNGUzYzM0MTQ2L3Jlc291cmNlR3JvdXBzL3pob25namllLXJnLXd1cy9wcm92aWRlcnMvTWljcm9zb2Z0LkRlc2t0b3BWaXJ0dWFsaXphdGlvbi9ob3N0UG9vbHMvSG9zdFBvb2xQb3dlcnNoZWxsQ29udGFpbmVkMQ==" ],
        "x-ms-lamport-ts": [ "10262794821" ],
        "x-ms-correlation-id": [ "ae3e3943-cc99-42d6-87cc-a80931362e88" ],
        "x-ms-request-id": [ "c9a68415-e4e7-4018-8103-4a13f05e94d1" ],
        "X-Powered-By": [ "ASP.NET" ],
        "X-Content-Type-Options": [ "nosniff" ],
        "x-ms-ratelimit-remaining-subscription-deletes": [ "199" ],
        "x-ms-ratelimit-remaining-subscription-global-deletes": [ "2999" ],
        "x-ms-correlation-request-id": [ "afd484a3-92f4-4405-bb92-99c541dd9ca0" ],
        "x-ms-routing-request-id": [ "WESTUS2:20251112T050755Z:afd484a3-92f4-4405-bb92-99c541dd9ca0" ],
        "Strict-Transport-Security": [ "max-age=31536000; includeSubDomains" ],
        "X-Cache": [ "CONFIG_NOCACHE" ],
        "X-MSEdge-Ref": [ "Ref A: 4A3B5EB0B1BB41F9841B7F9FD0C1F78C Ref B: JKT201051407060 Ref C: 2025-11-12T05:07:54Z" ],
        "Date": [ "Wed, 12 Nov 2025 05:07:55 GMT" ]
      },
      "ContentHeaders": {
        "Content-Length": [ "1774" ],
        "Content-Type": [ "application/json; charset=utf-8" ],
        "Expires": [ "-1" ]
      },
      "Content": "{\"identity\":{\"type\":\"None\",\"tenantId\":null,\"principalId\":null},\"name\":\"HostPoolPowershellContained1\",\"id\":\"/subscriptions/6738509d-84ed-4ad6-974a-7dc4e3c34146/resourcegroups/zhongjie-rg-wus/providers/Microsoft.DesktopVirtualization/hostpools/HostPoolPowershellContained1\",\"type\":\"Microsoft.DesktopVirtualization/hostpools\",\"location\":\"westus2\",\"tags\":null,\"kind\":null,\"systemData\":{\"createdBy\":\"liwei@w365runner250520sh01.onmicrosoft.com\",\"createdByType\":\"User\",\"createdAt\":\"2025-11-12T05:07:49.16Z\",\"lastModifiedBy\":\"liwei@w365runner250520sh01.onmicrosoft.com\",\"lastModifiedByType\":\"User\",\"lastModifiedAt\":\"2025-11-12T05:07:49.16Z\"},\"properties\":{\"allowRDPShortPathWithPrivateLink\":\"Disabled\",\"managedPrivateUDP\":\"Default\",\"directUDP\":\"Default\",\"publicUDP\":\"Default\",\"relayUDP\":\"Default\",\"appAttachPackageReferences\":[],\"privateEndpointConnections\":[],\"publicNetworkAccess\":\"Enabled\",\"agentUpdate\":null,\"friendlyName\":null,\"description\":null,\"hostPoolType\":\"Pooled\",\"personalDesktopAssignmentType\":null,\"applicationGroupReferences\":[],\"customRdpProperty\":\"drivestoredirect:s:;usbdevicestoredirect:s:;redirectclipboard:i:0;redirectprinters:i:0;audiomode:i:0;videoplaybackmode:i:1;devicestoredirect:s:*;redirectcomports:i:1;redirectsmartcards:i:1;enablecredsspsupport:i:1;redirectwebauthn:i:1;use multimon:i:1;\",\"maxSessionLimit\":999999,\"loadBalancerType\":\"DepthFirst\",\"validationEnvironment\":false,\"ring\":1,\"registrationInfo\":{\"expirationTime\":null,\"token\":null,\"registrationTokenOperation\":\"None\"},\"vmTemplate\":null,\"preferredAppGroupType\":\"Desktop\",\"migrationRequest\":null,\"cloudPcResource\":false,\"startVMOnConnect\":false,\"ssoadfsAuthority\":null,\"ssoClientId\":null,\"ssoClientSecretKeyVaultPath\":null,\"ssoSecretType\":null,\"objectId\":\"960706c7-42be-4f75-ba41-56a13bcacafd\"}}",
      "isContentBase64": false
    }
  },
  "New-AzWvdHostPool+[NoContext]+FullScenarioCreate+$DELETE+https://management.azure.com/subscriptions/6738509d-84ed-4ad6-974a-7dc4e3c34146/resourceGroups/zhongjie-rg-wus/providers/Microsoft.DesktopVirtualization/workspaces/FullSenerioCreateWS?api-version=2025-09-01-preview+6": {
    "Request": {
      "Method": "DELETE",
      "RequestUri": "https://management.azure.com/subscriptions/6738509d-84ed-4ad6-974a-7dc4e3c34146/resourceGroups/zhongjie-rg-wus/providers/Microsoft.DesktopVirtualization/workspaces/FullSenerioCreateWS?api-version=2025-09-01-preview",
      "Content": null,
      "isContentBase64": false,
      "Headers": {
        "x-ms-unique-id": [ "229" ],
        "x-ms-client-request-id": [ "5e99e8c9-e4bb-491f-a62c-af2a8884c19a" ],
        "CommandName": [ "Remove-AzWvdWorkspace" ],
        "FullCommandName": [ "Remove-AzWvdWorkspace_Delete" ],
        "ParameterSetName": [ "__AllParameterSets" ],
        "User-Agent": [ "AzurePowershell/v14.3.0", "PSVersion/v7.5.4", "Az.DesktopVirtualization/0.1.0" ],
        "Authorization": [ "[Filtered]" ]
      },
      "ContentHeaders": {
      }
    },
    "Response": {
      "StatusCode": 200,
      "Headers": {
        "Cache-Control": [ "no-cache" ],
        "Pragma": [ "no-cache" ],
        "Vary": [ "Accept-Encoding" ],
        "Set-Cookie": [ "ARRAffinity=ad3439a4f2c0c907d7a080410bccadc37aa1399bf79fb2f0fe7dbd9e0b8b9d8b;Path=/;HttpOnly;Secure;Domain=rdarmprovider-g-us-r0.wvd.microsoft.com", "ARRAffinitySameSite=ad3439a4f2c0c907d7a080410bccadc37aa1399bf79fb2f0fe7dbd9e0b8b9d8b;Path=/;HttpOnly;SameSite=None;Secure;Domain=rdarmprovider-g-us-r0.wvd.microsoft.com" ],
        "x-ms-operation-identifier": [ "tenantId=715492f1-ef6e-4eea-9176-7c81e765c3c8,objectId=da374578-2a5b-438e-8ca6-d35069c8c1c1/westus2/c1b34438-9862-4294-9c22-9dd1a474f765" ],
        "X-Rate-Limit-Limit": [ "0" ],
        "X-Rate-Limit-Remaining": [ "9223372036854775807" ],
        "X-Rate-Limit-Reset": [ "0" ],
        "x-ms-opsarmpath64": [ "L3N1YnNjcmlwdGlvbnMvNjczODUwOWQtODRlZC00YWQ2LTk3NGEtN2RjNGUzYzM0MTQ2L3Jlc291cmNlR3JvdXBzL3pob25namllLXJnLXd1cy9wcm92aWRlcnMvTWljcm9zb2Z0LkRlc2t0b3BWaXJ0dWFsaXphdGlvbi93b3Jrc3BhY2VzL0Z1bGxTZW5lcmlvQ3JlYXRlV1M=" ],
        "x-ms-lamport-ts": [ "10262795182" ],
        "x-ms-correlation-id": [ "f4b6290e-1827-4b12-9fd4-bff19fdc18fe" ],
        "x-ms-request-id": [ "5e99e8c9-e4bb-491f-a62c-af2a8884c19a" ],
        "X-Powered-By": [ "ASP.NET" ],
        "X-Content-Type-Options": [ "nosniff" ],
        "x-ms-ratelimit-remaining-subscription-deletes": [ "199" ],
        "x-ms-ratelimit-remaining-subscription-global-deletes": [ "2999" ],
        "x-ms-correlation-request-id": [ "625ccd8d-3981-46f0-8c8b-95b2fd62320e" ],
        "x-ms-routing-request-id": [ "WESTUS2:20251112T050756Z:625ccd8d-3981-46f0-8c8b-95b2fd62320e" ],
        "Strict-Transport-Security": [ "max-age=31536000; includeSubDomains" ],
        "X-Cache": [ "CONFIG_NOCACHE" ],
        "X-MSEdge-Ref": [ "Ref A: 60C4920EF4194C3FAD85B6023BA1AF42 Ref B: JKT201051407060 Ref C: 2025-11-12T05:07:56Z" ],
        "Date": [ "Wed, 12 Nov 2025 05:07:56 GMT" ]
      },
      "ContentHeaders": {
        "Content-Length": [ "530" ],
        "Content-Type": [ "application/json; charset=utf-8" ],
        "Expires": [ "-1" ]
      },
      "Content": "{\"name\":\"FullSenerioCreateWS\",\"id\":\"/subscriptions/6738509d-84ed-4ad6-974a-7dc4e3c34146/resourcegroups/zhongjie-rg-wus/providers/Microsoft.DesktopVirtualization/workspaces/FullSenerioCreateWS\",\"type\":\"Microsoft.DesktopVirtualization/workspaces\",\"location\":\"westus2\",\"tags\":{},\"kind\":null,\"systemData\":null,\"properties\":{\"privateEndpointConnections\":[],\"publicNetworkAccess\":\"Enabled\",\"description\":null,\"friendlyName\":null,\"applicationGroupReferences\":[],\"cloudPcResource\":false,\"objectId\":\"74a19b8e-be62-42d1-a6f1-a2f9b7a8a8a1\"}}",
      "isContentBase64": false
    }
  },
  "New-AzWvdHostPool+[NoContext]+Create+$PUT+https://management.azure.com/subscriptions/6738509d-84ed-4ad6-974a-7dc4e3c34146/resourceGroups/zhongjie-rg-wus/providers/Microsoft.DesktopVirtualization/hostPools/HostPoolPowershellContained1?api-version=2025-09-01-preview+1": {
    "Request": {
      "Method": "PUT",
      "RequestUri": "https://management.azure.com/subscriptions/6738509d-84ed-4ad6-974a-7dc4e3c34146/resourceGroups/zhongjie-rg-wus/providers/Microsoft.DesktopVirtualization/hostPools/HostPoolPowershellContained1?api-version=2025-09-01-preview",
      "Content": "{\r\n  \"location\": \"westus2\",\r\n  \"properties\": {\r\n    \"registrationInfo\": {\r\n      \"expirationTime\": \"2025-11-13T13:07:57.0362311+08:00\",\r\n      \"registrationTokenOperation\": \"Update\"\r\n    },\r\n    \"friendlyName\": \"fri\",\r\n    \"description\": \"des\",\r\n    \"hostPoolType\": \"Pooled\",\r\n    \"customRdpProperty\": \"\",\r\n    \"maxSessionLimit\": 5,\r\n    \"loadBalancerType\": \"DepthFirst\",\r\n    \"ring\": 0,\r\n    \"validationEnvironment\": false,\r\n    \"vmTemplate\": \"{option1}\",\r\n    \"preferredAppGroupType\": \"Desktop\",\r\n    \"startVMOnConnect\": false,\r\n    \"managementType\": \"Standard\"\r\n  }\r\n}",
      "isContentBase64": false,
      "Headers": {
      },
      "ContentHeaders": {
        "Content-Type": [ "application/json" ],
        "Content-Length": [ "571" ]
      }
    },
    "Response": {
      "StatusCode": 201,
      "Headers": {
        "Cache-Control": [ "no-cache" ],
        "Pragma": [ "no-cache" ],
        "Location": [ "/subscriptions/6738509d-84ed-4ad6-974a-7dc4e3c34146/resourcegroups/zhongjie-rg-wus/providers/Microsoft.DesktopVirtualization/hostpools/HostPoolPowershellContained1" ],
        "Set-Cookie": [ "ARRAffinity=78cc7ed2e16cd9d0de735360d27b2d80c6dbba9425ecf0dbe0884f7517a0ca11;Path=/;HttpOnly;Secure;Domain=rdarmprovider-g-us-r0.wvd.microsoft.com", "ARRAffinitySameSite=78cc7ed2e16cd9d0de735360d27b2d80c6dbba9425ecf0dbe0884f7517a0ca11;Path=/;HttpOnly;SameSite=None;Secure;Domain=rdarmprovider-g-us-r0.wvd.microsoft.com" ],
        "X-Rate-Limit-Limit": [ "0" ],
        "X-Rate-Limit-Remaining": [ "9223372036854775807" ],
        "X-Rate-Limit-Reset": [ "0" ],
        "x-ms-opsarmpath64": [ "L3N1YnNjcmlwdGlvbnMvNjczODUwOWQtODRlZC00YWQ2LTk3NGEtN2RjNGUzYzM0MTQ2L3Jlc291cmNlR3JvdXBzL3pob25namllLXJnLXd1cy9wcm92aWRlcnMvTWljcm9zb2Z0LkRlc2t0b3BWaXJ0dWFsaXphdGlvbi9ob3N0UG9vbHMvSG9zdFBvb2xQb3dlcnNoZWxsQ29udGFpbmVkMQ==" ],
        "x-ms-lamport-ts": [ "10262796621" ],
        "x-ms-correlation-id": [ "33687d91-b468-49cf-80e1-6c1dbebcc794" ],
        "x-ms-request-id": [ "0fe62d50-171c-4976-9ee7-d612f7c9d931" ],
        "X-Powered-By": [ "ASP.NET" ],
        "X-Content-Type-Options": [ "nosniff" ],
        "x-ms-operation-identifier": [ "tenantId=715492f1-ef6e-4eea-9176-7c81e765c3c8,objectId=da374578-2a5b-438e-8ca6-d35069c8c1c1/westus2/cbf94b50-f8d4-4469-8322-5d9a37c68fa4" ],
        "x-ms-ratelimit-remaining-subscription-writes": [ "199" ],
        "x-ms-ratelimit-remaining-subscription-global-writes": [ "2999" ],
        "x-ms-correlation-request-id": [ "e9e671f3-46b9-48ef-86c6-bbbd594656b2" ],
        "x-ms-routing-request-id": [ "WESTUS2:20251112T050758Z:e9e671f3-46b9-48ef-86c6-bbbd594656b2" ],
        "Strict-Transport-Security": [ "max-age=31536000; includeSubDomains" ],
        "X-Cache": [ "CONFIG_NOCACHE" ],
        "X-MSEdge-Ref": [ "Ref A: 80367D7EBD4541F096FA10E26620E339 Ref B: JKT201051407060 Ref C: 2025-11-12T05:07:57Z" ],
        "Date": [ "Wed, 12 Nov 2025 05:07:58 GMT" ]
      },
      "ContentHeaders": {
        "Content-Length": [ "3023" ],
        "Content-Type": [ "application/json; charset=utf-8" ],
        "Expires": [ "-1" ]
      },
      "Content": "{\"identity\":{\"type\":\"None\",\"tenantId\":null,\"principalId\":null},\"name\":\"HostPoolPowershellContained1\",\"id\":\"/subscriptions/6738509d-84ed-4ad6-974a-7dc4e3c34146/resourcegroups/zhongjie-rg-wus/providers/Microsoft.DesktopVirtualization/hostpools/HostPoolPowershellContained1\",\"type\":\"Microsoft.DesktopVirtualization/hostpools\",\"location\":\"westus2\",\"tags\":null,\"kind\":null,\"systemData\":{\"createdBy\":\"liwei@w365runner250520sh01.onmicrosoft.com\",\"createdByType\":\"User\",\"createdAt\":\"2025-11-12T05:07:57.37Z\",\"lastModifiedBy\":\"liwei@w365runner250520sh01.onmicrosoft.com\",\"lastModifiedByType\":\"User\",\"lastModifiedAt\":\"2025-11-12T05:07:57.37Z\"},\"properties\":{\"allowRDPShortPathWithPrivateLink\":\"Disabled\",\"managedPrivateUDP\":\"Default\",\"directUDP\":\"Default\",\"publicUDP\":\"Default\",\"relayUDP\":\"Default\",\"appAttachPackageReferences\":[],\"privateEndpointConnections\":null,\"publicNetworkAccess\":\"Enabled\",\"agentUpdate\":null,\"friendlyName\":\"fri\",\"description\":\"des\",\"hostPoolType\":\"Pooled\",\"personalDesktopAssignmentType\":null,\"applicationGroupReferences\":[],\"customRdpProperty\":\"\",\"maxSessionLimit\":5,\"loadBalancerType\":\"DepthFirst\",\"validationEnvironment\":false,\"ring\":1,\"registrationInfo\":{\"expirationTime\":\"2025-11-13T05:07:57.0362311+00:00\",\"token\":\"eyJhbGciOiJSUzI1NiIsImtpZCI6Ijk0RDQxQUY3MjUyMDFDQzg2MDcwRDQwODI1MkQzMzk2OUEyOEQ0RTciLCJ0eXAiOiJKV1QifQ.eyJSZWdpc3RyYXRpb25JZCI6IjUzNDU1NDJhLTI5NzEtNDI3ZC1iNDUwLTJhYWMwMjQ1OTQyOSIsIkJyb2tlclVyaSI6Imh0dHBzOi8vcmRicm9rZXItZy11cy1yMS53dmQubWljcm9zb2Z0LmNvbS8iLCJEaWFnbm9zdGljc1VyaSI6Imh0dHBzOi8vcmRkaWFnbm9zdGljcy1nLXVzLXIxLnd2ZC5taWNyb3NvZnQuY29tLyIsIkVuZHBvaW50UG9vbElkIjoiNWJhNWEwNGEtOTRiYS00MzcwLWJlYWItY2ZkNmYyODNmYTBkIiwiR2xvYmFsQnJva2VyVXJpIjoiaHR0cHM6Ly9yZGJyb2tlci53dmQubWljcm9zb2Z0LmNvbS8iLCJHZW9ncmFwaHkiOiJVUyIsIkdsb2JhbEJyb2tlclJlc291cmNlSWRVcmkiOiJodHRwczovLzViYTVhMDRhLTk0YmEtNDM3MC1iZWFiLWNmZDZmMjgzZmEwZC5yZGJyb2tlci53dmQubWljcm9zb2Z0LmNvbS8iLCJCcm9rZXJSZXNvdXJjZUlkVXJpIjoiaHR0cHM6Ly81YmE1YTA0YS05NGJhLTQzNzAtYmVhYi1jZmQ2ZjI4M2ZhMGQucmRicm9rZXItZy11cy1yMS53dmQubWljcm9zb2Z0LmNvbS8iLCJEaWFnbm9zdGljc1Jlc291cmNlSWRVcmkiOiJodHRwczovLzViYTVhMDRhLTk0YmEtNDM3MC1iZWFiLWNmZDZmMjgzZmEwZC5yZGRpYWdub3N0aWNzLWctdXMtcjEud3ZkLm1pY3Jvc29mdC5jb20vIiwiQUFEVGVuYW50SWQiOiI3MTU0OTJmMS1lZjZlLTRlZWEtOTE3Ni03YzgxZTc2NWMzYzgiLCJuYmYiOjE3NjI5MjQwNzgsImV4cCI6MTc2MzAxMDQ3NywiaXNzIjoiUkRJbmZyYVRva2VuTWFuYWdlciIsImF1ZCI6IlJEbWkifQ.NYywUYIzESLaTsJhzzLCJsVSvsCxqNm-QeQme5W6f-bSvEFr8XkXQ6Gk5VZYDGPBzwa6aGnQiDe4rXuIed3a3MEK7dXei5iVzH95vVRgUXOPCPh-Ihb-NpveacbrLhVtSTSm2cqjhZjWZqY3LGuu96lx6bUwjFysewKVzgxUzRylwfTy71xiRf8QgCHQHr7Qla7Si__AS9Wc51xd9BQpMc6DoH9LJp74xKrBWeXk_eDq0AUHCRvzARuxI0rJx2hDeAYX57YwbcfsGvsCWZSIBLl8_R_UqAKpSUpHketR1XIEOJS5metUqWppfwgw98J2FCBo0Yyjj6fxCKS1q6nxcQ\",\"registrationTokenOperation\":\"Update\"},\"vmTemplate\":\"{option1}\",\"preferredAppGroupType\":\"Desktop\",\"migrationRequest\":null,\"cloudPcResource\":false,\"startVMOnConnect\":false,\"ssoadfsAuthority\":null,\"ssoClientId\":null,\"ssoClientSecretKeyVaultPath\":null,\"ssoSecretType\":null,\"objectId\":\"5ba5a04a-94ba-4370-beab-cfd6f283fa0d\"}}",
      "isContentBase64": false
    }
  },
  "New-AzWvdHostPool+[NoContext]+Create+$GET+https://management.azure.com/subscriptions/6738509d-84ed-4ad6-974a-7dc4e3c34146/resourceGroups/zhongjie-rg-wus/providers/Microsoft.DesktopVirtualization/hostPools/HostPoolPowershellContained1?api-version=2025-09-01-preview+2": {
    "Request": {
      "Method": "GET",
      "RequestUri": "https://management.azure.com/subscriptions/6738509d-84ed-4ad6-974a-7dc4e3c34146/resourceGroups/zhongjie-rg-wus/providers/Microsoft.DesktopVirtualization/hostPools/HostPoolPowershellContained1?api-version=2025-09-01-preview",
      "Content": null,
      "isContentBase64": false,
      "Headers": {
        "x-ms-unique-id": [ "231" ],
        "x-ms-client-request-id": [ "3e8b3042-c15e-4e39-8e49-a19b19f71ac9" ],
        "CommandName": [ "Get-AzWvdHostPool" ],
        "FullCommandName": [ "Get-AzWvdHostPool_Get" ],
        "ParameterSetName": [ "__AllParameterSets" ],
        "User-Agent": [ "AzurePowershell/v14.3.0", "PSVersion/v7.5.4", "Az.DesktopVirtualization/0.1.0" ],
        "Authorization": [ "[Filtered]" ]
      },
      "ContentHeaders": {
      }
    },
    "Response": {
      "StatusCode": 200,
      "Headers": {
        "Cache-Control": [ "no-cache" ],
        "Pragma": [ "no-cache" ],
        "Vary": [ "Accept-Encoding" ],
        "Set-Cookie": [ "ARRAffinity=ef9bdbeebd9e8fd1c371cb72cf507422b060ba0c9a7456117efdf038b6c44eb6;Path=/;HttpOnly;Secure;Domain=rdarmprovider-g-us-r0.wvd.microsoft.com", "ARRAffinitySameSite=ef9bdbeebd9e8fd1c371cb72cf507422b060ba0c9a7456117efdf038b6c44eb6;Path=/;HttpOnly;SameSite=None;Secure;Domain=rdarmprovider-g-us-r0.wvd.microsoft.com" ],
        "x-ms-ratelimit-remaining-subscription-reads": [ "249" ],
        "X-Rate-Limit-Limit": [ "0" ],
        "X-Rate-Limit-Remaining": [ "9223372036854775807" ],
        "X-Rate-Limit-Reset": [ "0" ],
        "x-ms-opsarmpath64": [ "L3N1YnNjcmlwdGlvbnMvNjczODUwOWQtODRlZC00YWQ2LTk3NGEtN2RjNGUzYzM0MTQ2L3Jlc291cmNlR3JvdXBzL3pob25namllLXJnLXd1cy9wcm92aWRlcnMvTWljcm9zb2Z0LkRlc2t0b3BWaXJ0dWFsaXphdGlvbi9ob3N0UG9vbHMvSG9zdFBvb2xQb3dlcnNoZWxsQ29udGFpbmVkMQ==" ],
        "x-ms-lamport-ts": [ "10262797172" ],
        "x-ms-correlation-id": [ "693601f0-341f-48be-9325-bf2d328eed26" ],
        "x-ms-request-id": [ "3e8b3042-c15e-4e39-8e49-a19b19f71ac9" ],
        "X-Powered-By": [ "ASP.NET" ],
        "X-Content-Type-Options": [ "nosniff" ],
        "x-ms-ratelimit-remaining-subscription-global-reads": [ "3749" ],
        "x-ms-correlation-request-id": [ "48ed4966-8717-45dd-972c-23c5370b45c0" ],
        "x-ms-routing-request-id": [ "WESTUS2:20251112T050759Z:48ed4966-8717-45dd-972c-23c5370b45c0" ],
        "Strict-Transport-Security": [ "max-age=31536000; includeSubDomains" ],
        "X-Cache": [ "CONFIG_NOCACHE" ],
        "X-MSEdge-Ref": [ "Ref A: 9087C49CBBF04518AA482928C1E5871C Ref B: JKT201051407060 Ref C: 2025-11-12T05:07:58Z" ],
        "Date": [ "Wed, 12 Nov 2025 05:07:58 GMT" ]
      },
      "ContentHeaders": {
        "Content-Length": [ "1458" ],
        "Content-Type": [ "application/json; charset=utf-8" ],
        "Expires": [ "-1" ]
      },
      "Content": "{\"identity\":{\"type\":\"None\",\"tenantId\":null,\"principalId\":null},\"name\":\"HostPoolPowershellContained1\",\"id\":\"/subscriptions/6738509d-84ed-4ad6-974a-7dc4e3c34146/resourcegroups/zhongjie-rg-wus/providers/Microsoft.DesktopVirtualization/hostpools/HostPoolPowershellContained1\",\"type\":\"Microsoft.DesktopVirtualization/hostpools\",\"location\":\"westus2\",\"tags\":null,\"kind\":null,\"systemData\":{\"createdBy\":\"liwei@w365runner250520sh01.onmicrosoft.com\",\"createdByType\":\"User\",\"createdAt\":\"2025-11-12T05:07:57.37Z\",\"lastModifiedBy\":\"liwei@w365runner250520sh01.onmicrosoft.com\",\"lastModifiedByType\":\"User\",\"lastModifiedAt\":\"2025-11-12T05:07:57.37Z\"},\"properties\":{\"allowRDPShortPathWithPrivateLink\":\"Disabled\",\"managedPrivateUDP\":\"Default\",\"directUDP\":\"Default\",\"publicUDP\":\"Default\",\"relayUDP\":\"Default\",\"appAttachPackageReferences\":[],\"privateEndpointConnections\":[],\"publicNetworkAccess\":\"Enabled\",\"agentUpdate\":null,\"friendlyName\":\"fri\",\"description\":\"des\",\"hostPoolType\":\"Pooled\",\"personalDesktopAssignmentType\":null,\"applicationGroupReferences\":[],\"customRdpProperty\":\"\",\"maxSessionLimit\":5,\"loadBalancerType\":\"DepthFirst\",\"validationEnvironment\":false,\"ring\":1,\"registrationInfo\":null,\"vmTemplate\":\"{option1}\",\"preferredAppGroupType\":\"Desktop\",\"migrationRequest\":null,\"cloudPcResource\":false,\"startVMOnConnect\":false,\"ssoadfsAuthority\":null,\"ssoClientId\":null,\"ssoClientSecretKeyVaultPath\":null,\"ssoSecretType\":null,\"objectId\":\"5ba5a04a-94ba-4370-beab-cfd6f283fa0d\"}}",
      "isContentBase64": false
    }
  },
  "New-AzWvdHostPool+[NoContext]+Create+$DELETE+https://management.azure.com/subscriptions/6738509d-84ed-4ad6-974a-7dc4e3c34146/resourceGroups/zhongjie-rg-wus/providers/Microsoft.DesktopVirtualization/hostPools/HostPoolPowershellContained1?api-version=2025-09-01-preview+3": {
    "Request": {
      "Method": "DELETE",
      "RequestUri": "https://management.azure.com/subscriptions/6738509d-84ed-4ad6-974a-7dc4e3c34146/resourceGroups/zhongjie-rg-wus/providers/Microsoft.DesktopVirtualization/hostPools/HostPoolPowershellContained1?api-version=2025-09-01-preview",
      "Content": null,
      "isContentBase64": false,
      "Headers": {
        "x-ms-unique-id": [ "232" ],
        "x-ms-client-request-id": [ "a12015c8-e622-4df4-97f4-68a662d0bfb0" ],
        "CommandName": [ "Remove-AzWvdHostPool" ],
        "FullCommandName": [ "Remove-AzWvdHostPool_Delete" ],
        "ParameterSetName": [ "__AllParameterSets" ],
        "User-Agent": [ "AzurePowershell/v14.3.0", "PSVersion/v7.5.4", "Az.DesktopVirtualization/0.1.0" ],
        "Authorization": [ "[Filtered]" ]
      },
      "ContentHeaders": {
      }
    },
    "Response": {
      "StatusCode": 200,
      "Headers": {
        "Cache-Control": [ "no-cache" ],
        "Pragma": [ "no-cache" ],
        "Vary": [ "Accept-Encoding" ],
        "Set-Cookie": [ "ARRAffinity=57e795ac3cef8931649c13ca7a5c1a198ee489be7c635bb6f31a7e1aefb39eec;Path=/;HttpOnly;Secure;Domain=rdarmprovider-g-us-r0.wvd.microsoft.com", "ARRAffinitySameSite=57e795ac3cef8931649c13ca7a5c1a198ee489be7c635bb6f31a7e1aefb39eec;Path=/;HttpOnly;SameSite=None;Secure;Domain=rdarmprovider-g-us-r0.wvd.microsoft.com" ],
        "x-ms-operation-identifier": [ "tenantId=715492f1-ef6e-4eea-9176-7c81e765c3c8,objectId=da374578-2a5b-438e-8ca6-d35069c8c1c1/westus2/479bcf9d-5185-4bbc-9b26-3d5fcc164e2d" ],
        "X-Rate-Limit-Limit": [ "0" ],
        "X-Rate-Limit-Remaining": [ "9223372036854775807" ],
        "X-Rate-Limit-Reset": [ "0" ],
        "x-ms-opsarmpath64": [ "L3N1YnNjcmlwdGlvbnMvNjczODUwOWQtODRlZC00YWQ2LTk3NGEtN2RjNGUzYzM0MTQ2L3Jlc291cmNlR3JvdXBzL3pob25namllLXJnLXd1cy9wcm92aWRlcnMvTWljcm9zb2Z0LkRlc2t0b3BWaXJ0dWFsaXphdGlvbi9ob3N0UG9vbHMvSG9zdFBvb2xQb3dlcnNoZWxsQ29udGFpbmVkMQ==" ],
        "x-ms-lamport-ts": [ "10262796959" ],
        "x-ms-correlation-id": [ "a30184cb-1579-4b54-8e3c-147ad2466208" ],
        "x-ms-request-id": [ "a12015c8-e622-4df4-97f4-68a662d0bfb0" ],
        "X-Powered-By": [ "ASP.NET" ],
        "X-Content-Type-Options": [ "nosniff" ],
        "x-ms-ratelimit-remaining-subscription-deletes": [ "199" ],
        "x-ms-ratelimit-remaining-subscription-global-deletes": [ "2999" ],
        "x-ms-correlation-request-id": [ "3047d113-771b-4959-97d8-79bfe40684d3" ],
        "x-ms-routing-request-id": [ "WESTUS2:20251112T050800Z:3047d113-771b-4959-97d8-79bfe40684d3" ],
        "Strict-Transport-Security": [ "max-age=31536000; includeSubDomains" ],
        "X-Cache": [ "CONFIG_NOCACHE" ],
        "X-MSEdge-Ref": [ "Ref A: 2D96DC5ED4AC475B99CB3D63888E9730 Ref B: JKT201051407060 Ref C: 2025-11-12T05:07:59Z" ],
        "Date": [ "Wed, 12 Nov 2025 05:08:00 GMT" ]
      },
      "ContentHeaders": {
        "Content-Length": [ "3014" ],
        "Content-Type": [ "application/json; charset=utf-8" ],
        "Expires": [ "-1" ]
      },
      "Content": "{\"identity\":{\"type\":\"None\",\"tenantId\":null,\"principalId\":null},\"name\":\"HostPoolPowershellContained1\",\"id\":\"/subscriptions/6738509d-84ed-4ad6-974a-7dc4e3c34146/resourcegroups/zhongjie-rg-wus/providers/Microsoft.DesktopVirtualization/hostpools/HostPoolPowershellContained1\",\"type\":\"Microsoft.DesktopVirtualization/hostpools\",\"location\":\"westus2\",\"tags\":null,\"kind\":null,\"systemData\":{\"createdBy\":\"liwei@w365runner250520sh01.onmicrosoft.com\",\"createdByType\":\"User\",\"createdAt\":\"2025-11-12T05:07:57.37Z\",\"lastModifiedBy\":\"liwei@w365runner250520sh01.onmicrosoft.com\",\"lastModifiedByType\":\"User\",\"lastModifiedAt\":\"2025-11-12T05:07:57.37Z\"},\"properties\":{\"allowRDPShortPathWithPrivateLink\":\"Disabled\",\"managedPrivateUDP\":\"Default\",\"directUDP\":\"Default\",\"publicUDP\":\"Default\",\"relayUDP\":\"Default\",\"appAttachPackageReferences\":[],\"privateEndpointConnections\":[],\"publicNetworkAccess\":\"Enabled\",\"agentUpdate\":null,\"friendlyName\":\"fri\",\"description\":\"des\",\"hostPoolType\":\"Pooled\",\"personalDesktopAssignmentType\":null,\"applicationGroupReferences\":[],\"customRdpProperty\":\"\",\"maxSessionLimit\":5,\"loadBalancerType\":\"DepthFirst\",\"validationEnvironment\":false,\"ring\":1,\"registrationInfo\":{\"expirationTime\":\"2025-11-13T05:07:57.0362311Z\",\"token\":\"eyJhbGciOiJSUzI1NiIsImtpZCI6Ijk0RDQxQUY3MjUyMDFDQzg2MDcwRDQwODI1MkQzMzk2OUEyOEQ0RTciLCJ0eXAiOiJKV1QifQ.eyJSZWdpc3RyYXRpb25JZCI6IjUzNDU1NDJhLTI5NzEtNDI3ZC1iNDUwLTJhYWMwMjQ1OTQyOSIsIkJyb2tlclVyaSI6Imh0dHBzOi8vcmRicm9rZXItZy11cy1yMS53dmQubWljcm9zb2Z0LmNvbS8iLCJEaWFnbm9zdGljc1VyaSI6Imh0dHBzOi8vcmRkaWFnbm9zdGljcy1nLXVzLXIxLnd2ZC5taWNyb3NvZnQuY29tLyIsIkVuZHBvaW50UG9vbElkIjoiNWJhNWEwNGEtOTRiYS00MzcwLWJlYWItY2ZkNmYyODNmYTBkIiwiR2xvYmFsQnJva2VyVXJpIjoiaHR0cHM6Ly9yZGJyb2tlci53dmQubWljcm9zb2Z0LmNvbS8iLCJHZW9ncmFwaHkiOiJVUyIsIkdsb2JhbEJyb2tlclJlc291cmNlSWRVcmkiOiJodHRwczovLzViYTVhMDRhLTk0YmEtNDM3MC1iZWFiLWNmZDZmMjgzZmEwZC5yZGJyb2tlci53dmQubWljcm9zb2Z0LmNvbS8iLCJCcm9rZXJSZXNvdXJjZUlkVXJpIjoiaHR0cHM6Ly81YmE1YTA0YS05NGJhLTQzNzAtYmVhYi1jZmQ2ZjI4M2ZhMGQucmRicm9rZXItZy11cy1yMS53dmQubWljcm9zb2Z0LmNvbS8iLCJEaWFnbm9zdGljc1Jlc291cmNlSWRVcmkiOiJodHRwczovLzViYTVhMDRhLTk0YmEtNDM3MC1iZWFiLWNmZDZmMjgzZmEwZC5yZGRpYWdub3N0aWNzLWctdXMtcjEud3ZkLm1pY3Jvc29mdC5jb20vIiwiQUFEVGVuYW50SWQiOiI3MTU0OTJmMS1lZjZlLTRlZWEtOTE3Ni03YzgxZTc2NWMzYzgiLCJuYmYiOjE3NjI5MjQwNzgsImV4cCI6MTc2MzAxMDQ3NywiaXNzIjoiUkRJbmZyYVRva2VuTWFuYWdlciIsImF1ZCI6IlJEbWkifQ.NYywUYIzESLaTsJhzzLCJsVSvsCxqNm-QeQme5W6f-bSvEFr8XkXQ6Gk5VZYDGPBzwa6aGnQiDe4rXuIed3a3MEK7dXei5iVzH95vVRgUXOPCPh-Ihb-NpveacbrLhVtSTSm2cqjhZjWZqY3LGuu96lx6bUwjFysewKVzgxUzRylwfTy71xiRf8QgCHQHr7Qla7Si__AS9Wc51xd9BQpMc6DoH9LJp74xKrBWeXk_eDq0AUHCRvzARuxI0rJx2hDeAYX57YwbcfsGvsCWZSIBLl8_R_UqAKpSUpHketR1XIEOJS5metUqWppfwgw98J2FCBo0Yyjj6fxCKS1q6nxcQ\",\"registrationTokenOperation\":\"None\"},\"vmTemplate\":\"{option1}\",\"preferredAppGroupType\":\"Desktop\",\"migrationRequest\":null,\"cloudPcResource\":false,\"startVMOnConnect\":false,\"ssoadfsAuthority\":null,\"ssoClientId\":null,\"ssoClientSecretKeyVaultPath\":null,\"ssoSecretType\":null,\"objectId\":\"5ba5a04a-94ba-4370-beab-cfd6f283fa0d\"}}",
      "isContentBase64": false
    }
  }
}