{
  "New-AzWvdScalingPlanPooledSchedule+[NoContext]+New+$PUT+https://management.azure.com/subscriptions/dbedef25-184c-430f-b383-0eeb87c3205d/resourceGroups/alecbUserSessionTests/providers/Microsoft.DesktopVirtualization/scalingPlans/ScalingPlanPowershellContained1?api-version=2023-10-04-preview+1": {
    "Request": {
      "Method": "PUT",
      "RequestUri": "https://management.azure.com/subscriptions/dbedef25-184c-430f-b383-0eeb87c3205d/resourceGroups/alecbUserSessionTests/providers/Microsoft.DesktopVirtualization/scalingPlans/ScalingPlanPowershellContained1?api-version=2023-10-04-preview",
      "Content": "{\r\n  \"location\": \"westus2\",\r\n  \"properties\": {\r\n    \"description\": \"desc\",\r\n    \"friendlyName\": \"fri\",\r\n    \"timeZone\": \"Pacific Standard Time\",\r\n    \"hostPoolType\": \"Pooled\",\r\n    \"schedules\": [ ],\r\n    \"hostPoolReferences\": [ ]\r\n  }\r\n}",
      "isContentBase64": false,
      "Headers": {
      },
      "ContentHeaders": {
        "Content-Type": [ "application/json" ],
        "Content-Length": [ "237" ]
      }
    },
    "Response": {
      "StatusCode": 201,
      "Headers": {
        "Cache-Control": [ "no-cache" ],
        "Pragma": [ "no-cache" ],
        "Location": [ "/subscriptions/dbedef25-184c-430f-b383-0eeb87c3205d/resourcegroups/alecbUserSessionTests/providers/Microsoft.DesktopVirtualization/scalingplans/ScalingPlanPowershellContained1" ],
        "X-Rate-Limit-Limit": [ "0" ],
        "X-Rate-Limit-Remaining": [ "9223372036854775807" ],
        "X-Rate-Limit-Reset": [ "0" ],
        "x-ms-opsarmpath64": [ "L3N1YnNjcmlwdGlvbnMvZGJlZGVmMjUtMTg0Yy00MzBmLWIzODMtMGVlYjg3YzMyMDVkL3Jlc291cmNlR3JvdXBzL2FsZWNiVXNlclNlc3Npb25UZXN0cy9wcm92aWRlcnMvTWljcm9zb2Z0LkRlc2t0b3BWaXJ0dWFsaXphdGlvbi9zY2FsaW5nUGxhbnMvU2NhbGluZ1BsYW5Qb3dlcnNoZWxsQ29udGFpbmVkMQ==" ],
        "x-ms-lamport-ts": [ "134340625" ],
        "x-ms-correlation-id": [ "7927efa8-2238-4306-838d-465b4157ac95" ],
        "x-ms-request-id": [ "fa620448-763f-47fe-b5ea-11bc3f088f9f" ],
        "X-Content-Type-Options": [ "nosniff" ],
        "Set-Cookie": [ "ARRAffinity=f0ee6f21aa7c58c32dab1b39eddd97e2640f8772649e883d33a25aaa012e3a21;Path=/;HttpOnly;Secure;Domain=rdarmprovider-g-us-r0.wvdselfhost.microsoft.com", "ARRAffinitySameSite=f0ee6f21aa7c58c32dab1b39eddd97e2640f8772649e883d33a25aaa012e3a21;Path=/;HttpOnly;SameSite=None;Secure;Domain=rdarmprovider-g-us-r0.wvdselfhost.microsoft.com" ],
        "Server": [ "Microsoft-IIS/10.0" ],
        "X-Powered-By": [ "ASP.NET" ],
        "x-ms-ratelimit-remaining-subscription-writes": [ "1112" ],
        "x-ms-correlation-request-id": [ "65afd5ee-f8cd-4a71-9eb1-526c2d3b5bb1" ],
        "x-ms-routing-request-id": [ "WESTCENTRALUS:20231102T222345Z:65afd5ee-f8cd-4a71-9eb1-526c2d3b5bb1" ],
        "Strict-Transport-Security": [ "max-age=31536000; includeSubDomains" ],
        "Date": [ "Thu, 02 Nov 2023 22:23:44 GMT" ]
      },
      "ContentHeaders": {
        "Content-Length": [ "799" ],
        "Content-Type": [ "application/json; charset=utf-8" ],
        "Expires": [ "-1" ]
      },
      "Content": "{\"name\":\"ScalingPlanPowershellContained1\",\"id\":\"/subscriptions/dbedef25-184c-430f-b383-0eeb87c3205d/resourcegroups/alecbUserSessionTests/providers/Microsoft.DesktopVirtualization/scalingplans/ScalingPlanPowershellContained1\",\"type\":\"Microsoft.DesktopVirtualization/scalingplans\",\"location\":\"westus2\",\"tags\":null,\"kind\":null,\"systemData\":{\"createdBy\":\"admin@wvdtesttenant.onmicrosoft.com\",\"createdByType\":\"User\",\"createdAt\":\"2023-11-02T22:23:44.68Z\",\"lastModifiedBy\":\"admin@wvdtesttenant.onmicrosoft.com\",\"lastModifiedByType\":\"User\",\"lastModifiedAt\":\"2023-11-02T22:23:44.68Z\"},\"properties\":{\"description\":\"desc\",\"friendlyName\":\"fri\",\"timeZone\":\"Pacific Standard Time\",\"hostPoolType\":\"Pooled\",\"exclusionTag\":\"\",\"schedules\":[],\"hostPoolReferences\":[],\"objectId\":\"70c8c538-1757-464f-8c87-59b9e7bc6ddc\"}}",
      "isContentBase64": false
    }
  },
  "New-AzWvdScalingPlanPooledSchedule+[NoContext]+New+$PUT+https://management.azure.com/subscriptions/dbedef25-184c-430f-b383-0eeb87c3205d/resourceGroups/alecbUserSessionTests/providers/Microsoft.DesktopVirtualization/scalingPlans/ScalingPlanPowershellContained1/pooledSchedules/PooledSchedule1?api-version=2023-10-04-preview+2": {
    "Request": {
      "Method": "PUT",
      "RequestUri": "https://management.azure.com/subscriptions/dbedef25-184c-430f-b383-0eeb87c3205d/resourceGroups/alecbUserSessionTests/providers/Microsoft.DesktopVirtualization/scalingPlans/ScalingPlanPowershellContained1/pooledSchedules/PooledSchedule1?api-version=2023-10-04-preview",
      "Content": "{\r\n  \"properties\": {\r\n    \"rampUpStartTime\": {\r\n      \"hour\": 6,\r\n      \"minute\": 0\r\n    },\r\n    \"peakStartTime\": {\r\n      \"hour\": 8,\r\n      \"minute\": 15\r\n    },\r\n    \"rampDownStartTime\": {\r\n      \"hour\": 16,\r\n      \"minute\": 30\r\n    },\r\n    \"offPeakStartTime\": {\r\n      \"hour\": 18,\r\n      \"minute\": 45\r\n    },\r\n    \"daysOfWeek\": [ \"Monday\", \"Tuesday\", \"Wednesday\" ],\r\n    \"rampUpLoadBalancingAlgorithm\": \"BreadthFirst\",\r\n    \"rampUpMinimumHostsPct\": 1,\r\n    \"rampUpCapacityThresholdPct\": 10,\r\n    \"peakLoadBalancingAlgorithm\": \"BreadthFirst\",\r\n    \"rampDownLoadBalancingAlgorithm\": \"BreadthFirst\",\r\n    \"rampDownCapacityThresholdPct\": 10,\r\n    \"offPeakLoadBalancingAlgorithm\": \"BreadthFirst\"\r\n  }\r\n}",
      "isContentBase64": false,
      "Headers": {
      },
      "ContentHeaders": {
        "Content-Type": [ "application/json" ],
        "Content-Length": [ "700" ]
      }
    },
    "Response": {
      "StatusCode": 200,
      "Headers": {
        "Cache-Control": [ "no-cache" ],
        "Pragma": [ "no-cache" ],
        "Vary": [ "Accept-Encoding" ],
        "x-ms-ratelimit-remaining-subscription-writes": [ "1111" ],
        "X-Rate-Limit-Limit": [ "0" ],
        "X-Rate-Limit-Remaining": [ "9223372036854775807" ],
        "X-Rate-Limit-Reset": [ "0" ],
        "x-ms-opsarmpath64": [ "L3N1YnNjcmlwdGlvbnMvZGJlZGVmMjUtMTg0Yy00MzBmLWIzODMtMGVlYjg3YzMyMDVkL3Jlc291cmNlR3JvdXBzL2FsZWNiVXNlclNlc3Npb25UZXN0cy9wcm92aWRlcnMvTWljcm9zb2Z0LkRlc2t0b3BWaXJ0dWFsaXphdGlvbi9zY2FsaW5nUGxhbnMvU2NhbGluZ1BsYW5Qb3dlcnNoZWxsQ29udGFpbmVkMS9wb29sZWRTY2hlZHVsZXMvUG9vbGVkU2NoZWR1bGUx" ],
        "x-ms-lamport-ts": [ "134340625" ],
        "x-ms-correlation-id": [ "04166e77-1681-4da6-80cb-c8ff9a6caf73" ],
        "x-ms-request-id": [ "e793b209-3ca3-44cb-bd2d-3bd3d7418e90" ],
        "X-Content-Type-Options": [ "nosniff" ],
        "Set-Cookie": [ "ARRAffinity=7bf5a65c9ab6652b7e960fdced88dd5501d933c0715fe792714d5d958b2e56fd;Path=/;HttpOnly;Secure;Domain=rdarmprovider-g-us-r0.wvdselfhost.microsoft.com", "ARRAffinitySameSite=7bf5a65c9ab6652b7e960fdced88dd5501d933c0715fe792714d5d958b2e56fd;Path=/;HttpOnly;SameSite=None;Secure;Domain=rdarmprovider-g-us-r0.wvdselfhost.microsoft.com" ],
        "Server": [ "Microsoft-IIS/10.0" ],
        "X-Powered-By": [ "ASP.NET" ],
        "x-ms-correlation-request-id": [ "de4e610b-d195-4362-9188-b3d37ba6395b" ],
        "x-ms-routing-request-id": [ "WESTCENTRALUS:20231102T222345Z:de4e610b-d195-4362-9188-b3d37ba6395b" ],
        "Strict-Transport-Security": [ "max-age=31536000; includeSubDomains" ],
        "Date": [ "Thu, 02 Nov 2023 22:23:45 GMT" ]
      },
      "ContentHeaders": {
        "Content-Length": [ "1285" ],
        "Content-Type": [ "application/json; charset=utf-8" ],
        "Expires": [ "-1" ]
      },
      "Content": "{\"name\":\"ScalingPlanPowershellContained1/PooledSchedule1\",\"id\":\"/subscriptions/dbedef25-184c-430f-b383-0eeb87c3205d/resourcegroups/alecbUserSessionTests/providers/Microsoft.DesktopVirtualization/scalingplans/ScalingPlanPowershellContained1/pooledSchedules/PooledSchedule1\",\"type\":\"Microsoft.DesktopVirtualization/scalingplans/pooledSchedules\",\"properties\":{\"rampUpStartTime\":{\"hour\":6,\"minute\":0},\"peakStartTime\":{\"hour\":8,\"minute\":15},\"rampDownStartTime\":{\"hour\":16,\"minute\":30},\"offPeakStartTime\":{\"hour\":18,\"minute\":45},\"name\":\"PooledSchedule1\",\"daysOfWeek\":[\"Monday\",\"Tuesday\",\"Wednesday\"],\"rampUpLoadBalancingAlgorithm\":\"BreadthFirst\",\"rampUpMinimumHostsPct\":1,\"rampUpCapacityThresholdPct\":10,\"peakLoadBalancingAlgorithm\":\"BreadthFirst\",\"rampDownLoadBalancingAlgorithm\":\"BreadthFirst\",\"rampDownMinimumHostsPct\":0,\"rampDownCapacityThresholdPct\":10,\"rampDownForceLogoffUsers\":false,\"rampDownWaitTimeMinutes\":0,\"rampDownNotificationMessage\":\"\",\"rampDownStopHostsWhen\":\"ZeroSessions\",\"offPeakLoadBalancingAlgorithm\":\"BreadthFirst\"},\"systemData\":{\"createdBy\":\"admin@wvdtesttenant.onmicrosoft.com\",\"createdByType\":\"User\",\"createdAt\":\"2023-11-02T22:23:45.43Z\",\"lastModifiedBy\":\"admin@wvdtesttenant.onmicrosoft.com\",\"lastModifiedByType\":\"User\",\"lastModifiedAt\":\"2023-11-02T22:23:45.43Z\"}}",
      "isContentBase64": false
    }
  },
  "New-AzWvdScalingPlanPooledSchedule+[NoContext]+New+$GET+https://management.azure.com/subscriptions/dbedef25-184c-430f-b383-0eeb87c3205d/resourceGroups/alecbUserSessionTests/providers/Microsoft.DesktopVirtualization/scalingPlans/ScalingPlanPowershellContained1/pooledSchedules/PooledSchedule1?api-version=2023-10-04-preview+3": {
    "Request": {
      "Method": "GET",
      "RequestUri": "https://management.azure.com/subscriptions/dbedef25-184c-430f-b383-0eeb87c3205d/resourceGroups/alecbUserSessionTests/providers/Microsoft.DesktopVirtualization/scalingPlans/ScalingPlanPowershellContained1/pooledSchedules/PooledSchedule1?api-version=2023-10-04-preview",
      "Content": null,
      "isContentBase64": false,
      "Headers": {
        "x-ms-unique-id": [ "242" ],
        "x-ms-client-request-id": [ "67352c45-6f6d-4ed9-b968-6050a017c685" ],
        "CommandName": [ "Get-AzWvdScalingPlanPooledSchedule" ],
        "FullCommandName": [ "Get-AzWvdScalingPlanPooledSchedule_Get" ],
        "ParameterSetName": [ "__AllParameterSets" ],
        "User-Agent": [ "AzurePowershell/v0.0.0", "PSVersion/v7.2.16", "Az.DesktopVirtualization/2.1.0" ],
        "Authorization": [ "[Filtered]" ]
      },
      "ContentHeaders": {
      }
    },
    "Response": {
      "StatusCode": 200,
      "Headers": {
        "Cache-Control": [ "no-cache" ],
        "Pragma": [ "no-cache" ],
        "Vary": [ "Accept-Encoding" ],
        "x-ms-ratelimit-remaining-subscription-reads": [ "11945" ],
        "X-Rate-Limit-Limit": [ "0" ],
        "X-Rate-Limit-Remaining": [ "9223372036854775807" ],
        "X-Rate-Limit-Reset": [ "0" ],
        "x-ms-opsarmpath64": [ "L3N1YnNjcmlwdGlvbnMvZGJlZGVmMjUtMTg0Yy00MzBmLWIzODMtMGVlYjg3YzMyMDVkL3Jlc291cmNlR3JvdXBzL2FsZWNiVXNlclNlc3Npb25UZXN0cy9wcm92aWRlcnMvTWljcm9zb2Z0LkRlc2t0b3BWaXJ0dWFsaXphdGlvbi9zY2FsaW5nUGxhbnMvU2NhbGluZ1BsYW5Qb3dlcnNoZWxsQ29udGFpbmVkMS9wb29sZWRTY2hlZHVsZXMvUG9vbGVkU2NoZWR1bGUx" ],
        "x-ms-lamport-ts": [ "134340610" ],
        "x-ms-correlation-id": [ "4d46f456-880e-45b3-8871-0e54b8222bb6" ],
        "x-ms-request-id": [ "67352c45-6f6d-4ed9-b968-6050a017c685" ],
        "X-Content-Type-Options": [ "nosniff" ],
        "Set-Cookie": [ "ARRAffinity=a31eb62e8fa5fccc488f1b764e015b7c6918a5a68c6d31b38f885e3c06338b76;Path=/;HttpOnly;Secure;Domain=rdarmprovider-g-us-r0.wvdselfhost.microsoft.com", "ARRAffinitySameSite=a31eb62e8fa5fccc488f1b764e015b7c6918a5a68c6d31b38f885e3c06338b76;Path=/;HttpOnly;SameSite=None;Secure;Domain=rdarmprovider-g-us-r0.wvdselfhost.microsoft.com" ],
        "Server": [ "Microsoft-IIS/10.0" ],
        "X-Powered-By": [ "ASP.NET" ],
        "x-ms-correlation-request-id": [ "d7b9ae0a-730e-4713-9911-ee1e7f316b69" ],
        "x-ms-routing-request-id": [ "WESTCENTRALUS:20231102T222345Z:d7b9ae0a-730e-4713-9911-ee1e7f316b69" ],
        "Strict-Transport-Security": [ "max-age=31536000; includeSubDomains" ],
        "Date": [ "Thu, 02 Nov 2023 22:23:45 GMT" ]
      },
      "ContentHeaders": {
        "Content-Length": [ "1285" ],
        "Content-Type": [ "application/json; charset=utf-8" ],
        "Expires": [ "-1" ]
      },
      "Content": "{\"name\":\"ScalingPlanPowershellContained1/PooledSchedule1\",\"id\":\"/subscriptions/dbedef25-184c-430f-b383-0eeb87c3205d/resourcegroups/alecbUserSessionTests/providers/Microsoft.DesktopVirtualization/scalingplans/ScalingPlanPowershellContained1/pooledSchedules/PooledSchedule1\",\"type\":\"Microsoft.DesktopVirtualization/scalingplans/pooledSchedules\",\"properties\":{\"rampUpStartTime\":{\"hour\":6,\"minute\":0},\"peakStartTime\":{\"hour\":8,\"minute\":15},\"rampDownStartTime\":{\"hour\":16,\"minute\":30},\"offPeakStartTime\":{\"hour\":18,\"minute\":45},\"name\":\"PooledSchedule1\",\"daysOfWeek\":[\"Monday\",\"Tuesday\",\"Wednesday\"],\"rampUpLoadBalancingAlgorithm\":\"BreadthFirst\",\"rampUpMinimumHostsPct\":1,\"rampUpCapacityThresholdPct\":10,\"peakLoadBalancingAlgorithm\":\"BreadthFirst\",\"rampDownLoadBalancingAlgorithm\":\"BreadthFirst\",\"rampDownMinimumHostsPct\":0,\"rampDownCapacityThresholdPct\":10,\"rampDownForceLogoffUsers\":false,\"rampDownWaitTimeMinutes\":0,\"rampDownNotificationMessage\":\"\",\"rampDownStopHostsWhen\":\"ZeroSessions\",\"offPeakLoadBalancingAlgorithm\":\"BreadthFirst\"},\"systemData\":{\"createdBy\":\"admin@wvdtesttenant.onmicrosoft.com\",\"createdByType\":\"User\",\"createdAt\":\"2023-11-02T22:23:45.43Z\",\"lastModifiedBy\":\"admin@wvdtesttenant.onmicrosoft.com\",\"lastModifiedByType\":\"User\",\"lastModifiedAt\":\"2023-11-02T22:23:45.43Z\"}}",
      "isContentBase64": false
    }
  },
  "New-AzWvdScalingPlanPooledSchedule+[NoContext]+New+$DELETE+https://management.azure.com/subscriptions/dbedef25-184c-430f-b383-0eeb87c3205d/resourceGroups/alecbUserSessionTests/providers/Microsoft.DesktopVirtualization/scalingPlans/ScalingPlanPowershellContained1?api-version=2023-10-04-preview+4": {
    "Request": {
      "Method": "DELETE",
      "RequestUri": "https://management.azure.com/subscriptions/dbedef25-184c-430f-b383-0eeb87c3205d/resourceGroups/alecbUserSessionTests/providers/Microsoft.DesktopVirtualization/scalingPlans/ScalingPlanPowershellContained1?api-version=2023-10-04-preview",
      "Content": null,
      "isContentBase64": false,
      "Headers": {
        "x-ms-unique-id": [ "243" ],
        "x-ms-client-request-id": [ "0a2d14ec-afd2-419b-9bd7-f1a4841a3d0c" ],
        "CommandName": [ "Remove-AzWvdScalingPlan" ],
        "FullCommandName": [ "Remove-AzWvdScalingPlan_Delete" ],
        "ParameterSetName": [ "__AllParameterSets" ],
        "User-Agent": [ "AzurePowershell/v0.0.0", "PSVersion/v7.2.16", "Az.DesktopVirtualization/2.1.0" ],
        "Authorization": [ "[Filtered]" ]
      },
      "ContentHeaders": {
      }
    },
    "Response": {
      "StatusCode": 200,
      "Headers": {
        "Cache-Control": [ "no-cache" ],
        "Pragma": [ "no-cache" ],
        "Vary": [ "Accept-Encoding" ],
        "x-ms-ratelimit-remaining-subscription-deletes": [ "14911" ],
        "X-Rate-Limit-Limit": [ "0" ],
        "X-Rate-Limit-Remaining": [ "9223372036854775807" ],
        "X-Rate-Limit-Reset": [ "0" ],
        "x-ms-opsarmpath64": [ "L3N1YnNjcmlwdGlvbnMvZGJlZGVmMjUtMTg0Yy00MzBmLWIzODMtMGVlYjg3YzMyMDVkL3Jlc291cmNlR3JvdXBzL2FsZWNiVXNlclNlc3Npb25UZXN0cy9wcm92aWRlcnMvTWljcm9zb2Z0LkRlc2t0b3BWaXJ0dWFsaXphdGlvbi9zY2FsaW5nUGxhbnMvU2NhbGluZ1BsYW5Qb3dlcnNoZWxsQ29udGFpbmVkMQ==" ],
        "x-ms-lamport-ts": [ "134340631" ],
        "x-ms-correlation-id": [ "ec3d582d-26ee-4cde-b045-39fcacb58669" ],
        "x-ms-request-id": [ "0a2d14ec-afd2-419b-9bd7-f1a4841a3d0c" ],
        "X-Content-Type-Options": [ "nosniff" ],
        "Set-Cookie": [ "ARRAffinity=f0ee6f21aa7c58c32dab1b39eddd97e2640f8772649e883d33a25aaa012e3a21;Path=/;HttpOnly;Secure;Domain=rdarmprovider-g-us-r0.wvdselfhost.microsoft.com", "ARRAffinitySameSite=f0ee6f21aa7c58c32dab1b39eddd97e2640f8772649e883d33a25aaa012e3a21;Path=/;HttpOnly;SameSite=None;Secure;Domain=rdarmprovider-g-us-r0.wvdselfhost.microsoft.com" ],
        "Server": [ "Microsoft-IIS/10.0" ],
        "X-Powered-By": [ "ASP.NET" ],
        "x-ms-correlation-request-id": [ "bfc302d2-d26e-4ac5-935e-3fab979e9985" ],
        "x-ms-routing-request-id": [ "WESTCENTRALUS:20231102T222346Z:bfc302d2-d26e-4ac5-935e-3fab979e9985" ],
        "Strict-Transport-Security": [ "max-age=31536000; includeSubDomains" ],
        "Date": [ "Thu, 02 Nov 2023 22:23:46 GMT" ]
      },
      "ContentHeaders": {
        "Content-Length": [ "1475" ],
        "Content-Type": [ "application/json; charset=utf-8" ],
        "Expires": [ "-1" ]
      },
      "Content": "{\"name\":\"ScalingPlanPowershellContained1\",\"id\":\"/subscriptions/dbedef25-184c-430f-b383-0eeb87c3205d/resourcegroups/alecbUserSessionTests/providers/Microsoft.DesktopVirtualization/scalingplans/ScalingPlanPowershellContained1\",\"type\":\"Microsoft.DesktopVirtualization/scalingplans\",\"location\":\"westus2\",\"tags\":null,\"kind\":null,\"systemData\":{\"createdBy\":\"admin@wvdtesttenant.onmicrosoft.com\",\"createdByType\":\"User\",\"createdAt\":\"2023-11-02T22:23:44.68Z\",\"lastModifiedBy\":\"admin@wvdtesttenant.onmicrosoft.com\",\"lastModifiedByType\":\"User\",\"lastModifiedAt\":\"2023-11-02T22:23:44.68Z\"},\"properties\":{\"description\":\"desc\",\"friendlyName\":\"fri\",\"timeZone\":\"Pacific Standard Time\",\"hostPoolType\":\"Pooled\",\"exclusionTag\":\"\",\"schedules\":[{\"rampUpStartTime\":{\"hour\":6,\"minute\":0},\"peakStartTime\":{\"hour\":8,\"minute\":15},\"rampDownStartTime\":{\"hour\":16,\"minute\":30},\"offPeakStartTime\":{\"hour\":18,\"minute\":45},\"name\":\"PooledSchedule1\",\"daysOfWeek\":[\"Monday\",\"Tuesday\",\"Wednesday\"],\"rampUpLoadBalancingAlgorithm\":\"BreadthFirst\",\"rampUpMinimumHostsPct\":1,\"rampUpCapacityThresholdPct\":10,\"peakLoadBalancingAlgorithm\":\"BreadthFirst\",\"rampDownLoadBalancingAlgorithm\":\"BreadthFirst\",\"rampDownMinimumHostsPct\":0,\"rampDownCapacityThresholdPct\":10,\"rampDownForceLogoffUsers\":false,\"rampDownWaitTimeMinutes\":0,\"rampDownNotificationMessage\":\"\",\"rampDownStopHostsWhen\":\"ZeroSessions\",\"offPeakLoadBalancingAlgorithm\":\"BreadthFirst\"}],\"hostPoolReferences\":[],\"objectId\":\"70c8c538-1757-464f-8c87-59b9e7bc6ddc\"}}",
      "isContentBase64": false
    }
  }
}