{
  "Register-AzWvdApplicationGroup+[NoContext]+Register ApplicationGroup+$PUT+https://management.azure.com/subscriptions/dbedef25-184c-430f-b383-0eeb87c3205d/resourceGroups/alecbUserSessionTests/providers/Microsoft.DesktopVirtualization/workspaces/WorkspacePowershell1?api-version=2024-04-08-preview+1": {
    "Request": {
      "Method": "PUT",
      "RequestUri": "https://management.azure.com/subscriptions/dbedef25-184c-430f-b383-0eeb87c3205d/resourceGroups/alecbUserSessionTests/providers/Microsoft.DesktopVirtualization/workspaces/WorkspacePowershell1?api-version=2024-04-08-preview",
      "Content": "{\r\n  \"location\": \"westus2\",\r\n  \"properties\": {\r\n    \"description\": \"des\",\r\n    \"friendlyName\": \"fri\"\r\n  }\r\n}",
      "isContentBase64": false,
      "Headers": {
      },
      "ContentHeaders": {
        "Content-Type": [ "application/json" ],
        "Content-Length": [ "108" ]
      }
    },
    "Response": {
      "StatusCode": 201,
      "Headers": {
        "Cache-Control": [ "no-cache" ],
        "Pragma": [ "no-cache" ],
        "Location": [ "/subscriptions/dbedef25-184c-430f-b383-0eeb87c3205d/resourcegroups/alecbUserSessionTests/providers/Microsoft.DesktopVirtualization/workspaces/WorkspacePowershell1" ],
        "Set-Cookie": [ "ARRAffinity=68684045b6f67894fddd7c62f3ba5f363c3d53ed896664c0df0e95751fa52bff;Path=/;HttpOnly;Secure;Domain=rdarmprovider-g-us-r0.wvdselfhost.microsoft.com", "ARRAffinitySameSite=68684045b6f67894fddd7c62f3ba5f363c3d53ed896664c0df0e95751fa52bff;Path=/;HttpOnly;SameSite=None;Secure;Domain=rdarmprovider-g-us-r0.wvdselfhost.microsoft.com" ],
        "X-Rate-Limit-Limit": [ "0" ],
        "X-Rate-Limit-Remaining": [ "9223372036854775807" ],
        "X-Rate-Limit-Reset": [ "0" ],
        "x-ms-opsarmpath64": [ "L3N1YnNjcmlwdGlvbnMvZGJlZGVmMjUtMTg0Yy00MzBmLWIzODMtMGVlYjg3YzMyMDVkL3Jlc291cmNlR3JvdXBzL2FsZWNiVXNlclNlc3Npb25UZXN0cy9wcm92aWRlcnMvTWljcm9zb2Z0LkRlc2t0b3BWaXJ0dWFsaXphdGlvbi93b3Jrc3BhY2VzL1dvcmtzcGFjZVBvd2Vyc2hlbGwx" ],
        "x-ms-lamport-ts": [ "179536078" ],
        "x-ms-correlation-id": [ "d52de81f-b5d1-4514-9328-4abe901a2994" ],
        "x-ms-request-id": [ "db998d55-d92b-43e2-b94b-b14854459baf" ],
        "X-Powered-By": [ "ASP.NET" ],
        "X-Content-Type-Options": [ "nosniff" ],
        "x-ms-ratelimit-remaining-subscription-writes": [ "199" ],
        "x-ms-ratelimit-remaining-subscription-global-writes": [ "2999" ],
        "x-ms-correlation-request-id": [ "30cf6c02-61ed-4358-870e-1246ffdd18f0" ],
        "x-ms-routing-request-id": [ "EASTUS2:20240924T221454Z:30cf6c02-61ed-4358-870e-1246ffdd18f0" ],
        "Strict-Transport-Security": [ "max-age=31536000; includeSubDomains" ],
        "X-Cache": [ "CONFIG_NOCACHE" ],
        "X-MSEdge-Ref": [ "Ref A: 1BE088FEEE8D4B93B3690146D00C27C6 Ref B: MNZ221060618031 Ref C: 2024-09-24T22:14:52Z" ],
        "Date": [ "Tue, 24 Sep 2024 22:14:54 GMT" ]
      },
      "ContentHeaders": {
        "Content-Length": [ "790" ],
        "Content-Type": [ "application/json; charset=utf-8" ],
        "Expires": [ "-1" ]
      },
      "Content": "{\"name\":\"WorkspacePowershell1\",\"id\":\"/subscriptions/dbedef25-184c-430f-b383-0eeb87c3205d/resourcegroups/alecbUserSessionTests/providers/Microsoft.DesktopVirtualization/workspaces/WorkspacePowershell1\",\"type\":\"Microsoft.DesktopVirtualization/workspaces\",\"location\":\"westus2\",\"tags\":{},\"kind\":null,\"systemData\":{\"createdBy\":\"ryanoshinsky@wvdtesttenant.onmicrosoft.com\",\"createdByType\":\"User\",\"createdAt\":\"2024-09-24T22:14:54.35Z\",\"lastModifiedBy\":\"ryanoshinsky@wvdtesttenant.onmicrosoft.com\",\"lastModifiedByType\":\"User\",\"lastModifiedAt\":\"2024-09-24T22:14:54.35Z\"},\"properties\":{\"privateEndpointConnections\":null,\"publicNetworkAccess\":\"Enabled\",\"description\":\"des\",\"friendlyName\":\"fri\",\"applicationGroupReferences\":[],\"cloudPcResource\":false,\"objectId\":\"c76a10ff-528b-4eaa-9ca2-6d83e2990a64\"}}",
      "isContentBase64": false
    }
  },
  "Register-AzWvdApplicationGroup+[NoContext]+Register ApplicationGroup+$PUT+https://management.azure.com/subscriptions/dbedef25-184c-430f-b383-0eeb87c3205d/resourceGroups/alecbUserSessionTests/providers/Microsoft.DesktopVirtualization/hostPools/HostPoolPowershellContained1?api-version=2024-04-08-preview+2": {
    "Request": {
      "Method": "PUT",
      "RequestUri": "https://management.azure.com/subscriptions/dbedef25-184c-430f-b383-0eeb87c3205d/resourceGroups/alecbUserSessionTests/providers/Microsoft.DesktopVirtualization/hostPools/HostPoolPowershellContained1?api-version=2024-04-08-preview",
      "Content": "{\r\n  \"location\": \"westus2\",\r\n  \"properties\": {\r\n    \"registrationInfo\": {\r\n      \"expirationTime\": \"2024-09-25T15:14:54.8632296-07:00\",\r\n      \"registrationTokenOperation\": \"Update\"\r\n    },\r\n    \"friendlyName\": \"fri\",\r\n    \"description\": \"des\",\r\n    \"hostPoolType\": \"Shared\",\r\n    \"customRdpProperty\": \"\",\r\n    \"maxSessionLimit\": 5,\r\n    \"loadBalancerType\": \"DepthFirst\",\r\n    \"ring\": 0,\r\n    \"validationEnvironment\": false,\r\n    \"vmTemplate\": \"\",\r\n    \"managementType\": \"Standard\",\r\n    \"preferredAppGroupType\": \"Desktop\"\r\n  }\r\n}",
      "isContentBase64": false,
      "Headers": {
      },
      "ContentHeaders": {
        "Content-Type": [ "application/json" ],
        "Content-Length": [ "530" ]
      }
    },
    "Response": {
      "StatusCode": 201,
      "Headers": {
        "Cache-Control": [ "no-cache" ],
        "Pragma": [ "no-cache" ],
        "Location": [ "/subscriptions/dbedef25-184c-430f-b383-0eeb87c3205d/resourcegroups/alecbUserSessionTests/providers/Microsoft.DesktopVirtualization/hostpools/HostPoolPowershellContained1" ],
        "Set-Cookie": [ "ARRAffinity=6ed70d129f929e9c0dc1324370ea99cd733e8f3cb78772a9b8793f4f636e0cf7;Path=/;HttpOnly;Secure;Domain=rdarmprovider-g-us-r0.wvdselfhost.microsoft.com", "ARRAffinitySameSite=6ed70d129f929e9c0dc1324370ea99cd733e8f3cb78772a9b8793f4f636e0cf7;Path=/;HttpOnly;SameSite=None;Secure;Domain=rdarmprovider-g-us-r0.wvdselfhost.microsoft.com" ],
        "X-Rate-Limit-Limit": [ "0" ],
        "X-Rate-Limit-Remaining": [ "9223372036854775807" ],
        "X-Rate-Limit-Reset": [ "0" ],
        "x-ms-opsarmpath64": [ "L3N1YnNjcmlwdGlvbnMvZGJlZGVmMjUtMTg0Yy00MzBmLWIzODMtMGVlYjg3YzMyMDVkL3Jlc291cmNlR3JvdXBzL2FsZWNiVXNlclNlc3Npb25UZXN0cy9wcm92aWRlcnMvTWljcm9zb2Z0LkRlc2t0b3BWaXJ0dWFsaXphdGlvbi9ob3N0UG9vbHMvSG9zdFBvb2xQb3dlcnNoZWxsQ29udGFpbmVkMQ==" ],
        "x-ms-lamport-ts": [ "179536096" ],
        "x-ms-correlation-id": [ "67f3a948-52a1-4499-b1c6-b64754bb05d8" ],
        "x-ms-request-id": [ "326aba74-f833-4b39-a451-64b0ba852fb4" ],
        "X-Powered-By": [ "ASP.NET" ],
        "X-Content-Type-Options": [ "nosniff" ],
        "x-ms-ratelimit-remaining-subscription-writes": [ "199" ],
        "x-ms-ratelimit-remaining-subscription-global-writes": [ "2999" ],
        "x-ms-correlation-request-id": [ "28ef3232-f908-4ae2-b99f-be6a1f63a12b" ],
        "x-ms-routing-request-id": [ "EASTUS2:20240924T221456Z:28ef3232-f908-4ae2-b99f-be6a1f63a12b" ],
        "Strict-Transport-Security": [ "max-age=31536000; includeSubDomains" ],
        "X-Cache": [ "CONFIG_NOCACHE" ],
        "X-MSEdge-Ref": [ "Ref A: 3CFBB91070E549FB84175879AAE07894 Ref B: MNZ221060618031 Ref C: 2024-09-24T22:14:54Z" ],
        "Date": [ "Tue, 24 Sep 2024 22:14:55 GMT" ]
      },
      "ContentHeaders": {
        "Content-Length": [ "3071" ],
        "Content-Type": [ "application/json; charset=utf-8" ],
        "Expires": [ "-1" ]
      },
      "Content": "{\"identity\":{\"type\":\"None\",\"tenantId\":null,\"principalId\":null},\"name\":\"HostPoolPowershellContained1\",\"id\":\"/subscriptions/dbedef25-184c-430f-b383-0eeb87c3205d/resourcegroups/alecbUserSessionTests/providers/Microsoft.DesktopVirtualization/hostpools/HostPoolPowershellContained1\",\"type\":\"Microsoft.DesktopVirtualization/hostpools\",\"location\":\"westus2\",\"tags\":null,\"kind\":null,\"systemData\":{\"createdBy\":\"ryanoshinsky@wvdtesttenant.onmicrosoft.com\",\"createdByType\":\"User\",\"createdAt\":\"2024-09-24T22:14:55.64Z\",\"lastModifiedBy\":\"ryanoshinsky@wvdtesttenant.onmicrosoft.com\",\"lastModifiedByType\":\"User\",\"lastModifiedAt\":\"2024-09-24T22:14:55.64Z\"},\"properties\":{\"managedPrivateUDP\":\"Default\",\"directUDP\":\"Default\",\"publicUDP\":\"Default\",\"relayUDP\":\"Default\",\"managementType\":\"Standard\",\"appAttachPackageReferences\":[],\"agentUpdate\":null,\"privateEndpointConnections\":null,\"publicNetworkAccess\":\"Enabled\",\"friendlyName\":\"fri\",\"description\":\"des\",\"hostPoolType\":\"Pooled\",\"personalDesktopAssignmentType\":null,\"applicationGroupReferences\":[],\"customRdpProperty\":\"\",\"maxSessionLimit\":5,\"loadBalancerType\":\"DepthFirst\",\"validationEnvironment\":false,\"ring\":null,\"registrationInfo\":{\"expirationTime\":\"2024-09-25T22:14:54.8632296+00:00\",\"token\":\"eyJhbGciOiJSUzI1NiIsImtpZCI6IjZEQTlDNDhCQTcxRkJEMzREQkQ4RTQ2MEI3Q0U4MUVFMjM4Q0E0MTAiLCJ0eXAiOiJKV1QifQ.eyJSZWdpc3RyYXRpb25JZCI6ImNkNmMwNTZlLTJmNTQtNDdjMy1iMmY1LWE2ZjU0YzZkODQzMSIsIkJyb2tlclVyaSI6Imh0dHBzOi8vcmRicm9rZXItZy11cy1yMC53dmRzZWxmaG9zdC5taWNyb3NvZnQuY29tLyIsIkRpYWdub3N0aWNzVXJpIjoiaHR0cHM6Ly9yZGRpYWdub3N0aWNzLWctdXMtcjAud3Zkc2VsZmhvc3QubWljcm9zb2Z0LmNvbS8iLCJFbmRwb2ludFBvb2xJZCI6ImQ4MjM3Yzc3LTFhMTQtNDRjZC05NGQ2LTkzMTJiMjhmYWZhMSIsIkdsb2JhbEJyb2tlclVyaSI6Imh0dHBzOi8vcmRicm9rZXIud3Zkc2VsZmhvc3QubWljcm9zb2Z0LmNvbS8iLCJHZW9ncmFwaHkiOiJVUyIsIkdsb2JhbEJyb2tlclJlc291cmNlSWRVcmkiOiJodHRwczovL2Q4MjM3Yzc3LTFhMTQtNDRjZC05NGQ2LTkzMTJiMjhmYWZhMS5yZGJyb2tlci53dmRzZWxmaG9zdC5taWNyb3NvZnQuY29tLyIsIkJyb2tlclJlc291cmNlSWRVcmkiOiJodHRwczovL2Q4MjM3Yzc3LTFhMTQtNDRjZC05NGQ2LTkzMTJiMjhmYWZhMS5yZGJyb2tlci1nLXVzLXIwLnd2ZHNlbGZob3N0Lm1pY3Jvc29mdC5jb20vIiwiRGlhZ25vc3RpY3NSZXNvdXJjZUlkVXJpIjoiaHR0cHM6Ly9kODIzN2M3Ny0xYTE0LTQ0Y2QtOTRkNi05MzEyYjI4ZmFmYTEucmRkaWFnbm9zdGljcy1nLXVzLXIwLnd2ZHNlbGZob3N0Lm1pY3Jvc29mdC5jb20vIiwiQUFEVGVuYW50SWQiOiI3NGJjMmRmMC1mYzU3LTQzNjEtYjE1MC0yZDZkZDUxY2I2NjMiLCJuYmYiOjE3MjcyMTYwOTYsImV4cCI6MTcyNzMwMjQ5NCwiaXNzIjoiUkRJbmZyYVRva2VuTWFuYWdlciIsImF1ZCI6IlJEbWkifQ.GzwKR9PF3OsGxzBGg_0hN6sC3pj0W6VEnAm7MsjPC4ngsZyKakS2uiIKyemStC_taxPDM_5z5WT8yfbis1s8DqDsIxGKUySpkd5izCBTnWoXKE6w4m6gN3f7rozfVrLSe0obwk0oWy79zxwAQDUrtzNmgmtOsbh2mO-MZzdc2PoAw2XqemHJhmbNVHO9wW0X9QUdAX1EFSoPDvZBsbWOUpL0fAR9mv36QY_J28wLtvgMmwt36TXA6CDmuDeabNw9q2c8GP7zV1Nw_IuLytXA3ARqc5_sAsS2rNjQ3maZo8kqYlGhzr2PUrxZvSsFkkU-OhJ5WKXrQyJiJHcY4B49jw\",\"registrationTokenOperation\":\"Update\"},\"vmTemplate\":null,\"preferredAppGroupType\":\"Desktop\",\"migrationRequest\":null,\"cloudPcResource\":false,\"startVMOnConnect\":false,\"ssoadfsAuthority\":null,\"ssoClientId\":null,\"ssoClientSecretKeyVaultPath\":null,\"ssoSecretType\":null,\"objectId\":\"d8237c77-1a14-44cd-94d6-9312b28fafa1\"}}",
      "isContentBase64": false
    }
  },
  "Register-AzWvdApplicationGroup+[NoContext]+Register ApplicationGroup+$PUT+https://management.azure.com/subscriptions/dbedef25-184c-430f-b383-0eeb87c3205d/resourceGroups/alecbUserSessionTests/providers/Microsoft.DesktopVirtualization/applicationGroups/ApplicationGroupPowershell1?api-version=2024-04-08-preview+3": {
    "Request": {
      "Method": "PUT",
      "RequestUri": "https://management.azure.com/subscriptions/dbedef25-184c-430f-b383-0eeb87c3205d/resourceGroups/alecbUserSessionTests/providers/Microsoft.DesktopVirtualization/applicationGroups/ApplicationGroupPowershell1?api-version=2024-04-08-preview",
      "Content": "{\r\n  \"location\": \"westus2\",\r\n  \"properties\": {\r\n    \"description\": \"des\",\r\n    \"friendlyName\": \"fri\",\r\n    \"hostPoolArmPath\": \"/subscriptions/dbedef25-184c-430f-b383-0eeb87c3205d/resourcegroups/alecbUserSessionTests/providers/Microsoft.DesktopVirtualization/hostpools/HostPoolPowershellContained1\",\r\n    \"applicationGroupType\": \"Desktop\"\r\n  }\r\n}",
      "isContentBase64": false,
      "Headers": {
      },
      "ContentHeaders": {
        "Content-Type": [ "application/json" ],
        "Content-Length": [ "345" ]
      }
    },
    "Response": {
      "StatusCode": 201,
      "Headers": {
        "Cache-Control": [ "no-cache" ],
        "Pragma": [ "no-cache" ],
        "Location": [ "/subscriptions/dbedef25-184c-430f-b383-0eeb87c3205d/resourcegroups/alecbUserSessionTests/providers/Microsoft.DesktopVirtualization/applicationgroups/ApplicationGroupPowershell1" ],
        "Set-Cookie": [ "ARRAffinity=68684045b6f67894fddd7c62f3ba5f363c3d53ed896664c0df0e95751fa52bff;Path=/;HttpOnly;Secure;Domain=rdarmprovider-g-us-r0.wvdselfhost.microsoft.com", "ARRAffinitySameSite=68684045b6f67894fddd7c62f3ba5f363c3d53ed896664c0df0e95751fa52bff;Path=/;HttpOnly;SameSite=None;Secure;Domain=rdarmprovider-g-us-r0.wvdselfhost.microsoft.com" ],
        "X-Rate-Limit-Limit": [ "0" ],
        "X-Rate-Limit-Remaining": [ "9223372036854775807" ],
        "X-Rate-Limit-Reset": [ "0" ],
        "x-ms-opsarmpath64": [ "L3N1YnNjcmlwdGlvbnMvZGJlZGVmMjUtMTg0Yy00MzBmLWIzODMtMGVlYjg3YzMyMDVkL3Jlc291cmNlR3JvdXBzL2FsZWNiVXNlclNlc3Npb25UZXN0cy9wcm92aWRlcnMvTWljcm9zb2Z0LkRlc2t0b3BWaXJ0dWFsaXphdGlvbi9hcHBsaWNhdGlvbkdyb3Vwcy9BcHBsaWNhdGlvbkdyb3VwUG93ZXJzaGVsbDE=" ],
        "x-ms-lamport-ts": [ "179536081" ],
        "x-ms-correlation-id": [ "8ef26d43-9c65-4c6d-9278-a058318b7d14" ],
        "x-ms-request-id": [ "4c2cc330-036a-454c-bc6b-f30ef81bfd14" ],
        "X-Powered-By": [ "ASP.NET" ],
        "X-Content-Type-Options": [ "nosniff" ],
        "x-ms-ratelimit-remaining-subscription-writes": [ "199" ],
        "x-ms-ratelimit-remaining-subscription-global-writes": [ "2999" ],
        "x-ms-correlation-request-id": [ "4caad404-dd5e-46a7-90f4-961276d2ac93" ],
        "x-ms-routing-request-id": [ "EASTUS2:20240924T221457Z:4caad404-dd5e-46a7-90f4-961276d2ac93" ],
        "Strict-Transport-Security": [ "max-age=31536000; includeSubDomains" ],
        "X-Cache": [ "CONFIG_NOCACHE" ],
        "X-MSEdge-Ref": [ "Ref A: 8FD263CFF172401AB8C8E17E336B369E Ref B: MNZ221060618031 Ref C: 2024-09-24T22:14:56Z" ],
        "Date": [ "Tue, 24 Sep 2024 22:14:57 GMT" ]
      },
      "ContentHeaders": {
        "Content-Length": [ "1016" ],
        "Content-Type": [ "application/json; charset=utf-8" ],
        "Expires": [ "-1" ]
      },
      "Content": "{\"name\":\"ApplicationGroupPowershell1\",\"id\":\"/subscriptions/dbedef25-184c-430f-b383-0eeb87c3205d/resourcegroups/alecbUserSessionTests/providers/Microsoft.DesktopVirtualization/applicationgroups/ApplicationGroupPowershell1\",\"type\":\"Microsoft.DesktopVirtualization/applicationgroups\",\"location\":\"westus2\",\"tags\":null,\"kind\":\"Desktop\",\"systemData\":{\"createdBy\":\"ryanoshinsky@wvdtesttenant.onmicrosoft.com\",\"createdByType\":\"User\",\"createdAt\":\"2024-09-24T22:14:56.96Z\",\"lastModifiedBy\":\"ryanoshinsky@wvdtesttenant.onmicrosoft.com\",\"lastModifiedByType\":\"User\",\"lastModifiedAt\":\"2024-09-24T22:14:56.96Z\"},\"properties\":{\"showInFeed\":null,\"hostPoolArmPath\":\"/subscriptions/dbedef25-184c-430f-b383-0eeb87c3205d/resourcegroups/alecbUserSessionTests/providers/Microsoft.DesktopVirtualization/hostpools/HostPoolPowershellContained1\",\"workspaceArmPath\":null,\"description\":\"des\",\"friendlyName\":\"fri\",\"applicationGroupType\":\"Desktop\",\"migrationRequest\":null,\"cloudPcResource\":false,\"objectId\":\"1c3aa29e-eedb-472e-806a-56a2c4dcc2db\"}}",
      "isContentBase64": false
    }
  },
  "Register-AzWvdApplicationGroup+[NoContext]+Register ApplicationGroup+$GET+https://management.azure.com/subscriptions/dbedef25-184c-430f-b383-0eeb87c3205d/resourceGroups/alecbUserSessionTests/providers/Microsoft.DesktopVirtualization/workspaces/WorkspacePowershell1?api-version=2024-04-08-preview+4": {
    "Request": {
      "Method": "GET",
      "RequestUri": "https://management.azure.com/subscriptions/dbedef25-184c-430f-b383-0eeb87c3205d/resourceGroups/alecbUserSessionTests/providers/Microsoft.DesktopVirtualization/workspaces/WorkspacePowershell1?api-version=2024-04-08-preview",
      "Content": null,
      "isContentBase64": false,
      "Headers": {
        "x-ms-unique-id": [ "271" ],
        "x-ms-client-request-id": [ "e013b037-3f14-4d81-b787-69e82efe296d" ],
        "CommandName": [ "Az.DesktopVirtualization\\Get-AzWvdWorkspace" ],
        "FullCommandName": [ "Get-AzWvdWorkspace_Get" ],
        "ParameterSetName": [ "__AllParameterSets" ],
        "User-Agent": [ "AzurePowershell/v8.2.0", "PSVersion/v7.4.5", "Az.DesktopVirtualization/2.1.0" ],
        "Authorization": [ "[Filtered]" ]
      },
      "ContentHeaders": {
      }
    },
    "Response": {
      "StatusCode": 200,
      "Headers": {
        "Cache-Control": [ "no-cache" ],
        "Pragma": [ "no-cache" ],
        "Vary": [ "Accept-Encoding" ],
        "Set-Cookie": [ "ARRAffinity=6ed70d129f929e9c0dc1324370ea99cd733e8f3cb78772a9b8793f4f636e0cf7;Path=/;HttpOnly;Secure;Domain=rdarmprovider-g-us-r0.wvdselfhost.microsoft.com", "ARRAffinitySameSite=6ed70d129f929e9c0dc1324370ea99cd733e8f3cb78772a9b8793f4f636e0cf7;Path=/;HttpOnly;SameSite=None;Secure;Domain=rdarmprovider-g-us-r0.wvdselfhost.microsoft.com" ],
        "x-ms-ratelimit-remaining-subscription-reads": [ "249" ],
        "X-Rate-Limit-Limit": [ "0" ],
        "X-Rate-Limit-Remaining": [ "9223372036854775807" ],
        "X-Rate-Limit-Reset": [ "0" ],
        "x-ms-opsarmpath64": [ "L3N1YnNjcmlwdGlvbnMvZGJlZGVmMjUtMTg0Yy00MzBmLWIzODMtMGVlYjg3YzMyMDVkL3Jlc291cmNlR3JvdXBzL2FsZWNiVXNlclNlc3Npb25UZXN0cy9wcm92aWRlcnMvTWljcm9zb2Z0LkRlc2t0b3BWaXJ0dWFsaXphdGlvbi93b3Jrc3BhY2VzL1dvcmtzcGFjZVBvd2Vyc2hlbGwx" ],
        "x-ms-lamport-ts": [ "179536099" ],
        "x-ms-correlation-id": [ "8ba3c472-504a-4c1f-b201-8ccac5b6cfeb" ],
        "x-ms-request-id": [ "e013b037-3f14-4d81-b787-69e82efe296d" ],
        "X-Powered-By": [ "ASP.NET" ],
        "X-Content-Type-Options": [ "nosniff" ],
        "x-ms-ratelimit-remaining-subscription-global-reads": [ "3749" ],
        "x-ms-correlation-request-id": [ "38240b67-a5d8-4c9e-a955-069ab760225b" ],
        "x-ms-routing-request-id": [ "EASTUS2:20240924T221458Z:38240b67-a5d8-4c9e-a955-069ab760225b" ],
        "Strict-Transport-Security": [ "max-age=31536000; includeSubDomains" ],
        "X-Cache": [ "CONFIG_NOCACHE" ],
        "X-MSEdge-Ref": [ "Ref A: A046E696440A48B4BFC3A0ECE141D8B5 Ref B: MNZ221060618031 Ref C: 2024-09-24T22:14:57Z" ],
        "Date": [ "Tue, 24 Sep 2024 22:14:57 GMT" ]
      },
      "ContentHeaders": {
        "Content-Length": [ "788" ],
        "Content-Type": [ "application/json; charset=utf-8" ],
        "Expires": [ "-1" ]
      },
      "Content": "{\"name\":\"WorkspacePowershell1\",\"id\":\"/subscriptions/dbedef25-184c-430f-b383-0eeb87c3205d/resourcegroups/alecbUserSessionTests/providers/Microsoft.DesktopVirtualization/workspaces/WorkspacePowershell1\",\"type\":\"Microsoft.DesktopVirtualization/workspaces\",\"location\":\"westus2\",\"tags\":{},\"kind\":null,\"systemData\":{\"createdBy\":\"ryanoshinsky@wvdtesttenant.onmicrosoft.com\",\"createdByType\":\"User\",\"createdAt\":\"2024-09-24T22:14:54.35Z\",\"lastModifiedBy\":\"ryanoshinsky@wvdtesttenant.onmicrosoft.com\",\"lastModifiedByType\":\"User\",\"lastModifiedAt\":\"2024-09-24T22:14:54.35Z\"},\"properties\":{\"privateEndpointConnections\":[],\"publicNetworkAccess\":\"Enabled\",\"description\":\"des\",\"friendlyName\":\"fri\",\"applicationGroupReferences\":[],\"cloudPcResource\":false,\"objectId\":\"c76a10ff-528b-4eaa-9ca2-6d83e2990a64\"}}",
      "isContentBase64": false
    }
  },
  "Register-AzWvdApplicationGroup+[NoContext]+Register ApplicationGroup+$PATCH+https://management.azure.com/subscriptions/dbedef25-184c-430f-b383-0eeb87c3205d/resourceGroups/alecbUserSessionTests/providers/Microsoft.DesktopVirtualization/workspaces/WorkspacePowershell1?api-version=2024-04-08-preview+5": {
    "Request": {
      "Method": "PATCH",
      "RequestUri": "https://management.azure.com/subscriptions/dbedef25-184c-430f-b383-0eeb87c3205d/resourceGroups/alecbUserSessionTests/providers/Microsoft.DesktopVirtualization/workspaces/WorkspacePowershell1?api-version=2024-04-08-preview",
      "Content": "{\r\n  \"properties\": {\r\n    \"applicationGroupReferences\": [ \"/subscriptions/dbedef25-184c-430f-b383-0eeb87c3205d/resourcegroups/alecbUserSessionTests/providers/Microsoft.DesktopVirtualization/applicationgroups/ApplicationGroupPowershell1\" ]\r\n  }\r\n}",
      "isContentBase64": false,
      "Headers": {
      },
      "ContentHeaders": {
        "Content-Type": [ "application/json" ],
        "Content-Length": [ "246" ]
      }
    },
    "Response": {
      "StatusCode": 200,
      "Headers": {
        "Cache-Control": [ "no-cache" ],
        "Pragma": [ "no-cache" ],
        "Vary": [ "Accept-Encoding" ],
        "Set-Cookie": [ "ARRAffinity=68684045b6f67894fddd7c62f3ba5f363c3d53ed896664c0df0e95751fa52bff;Path=/;HttpOnly;Secure;Domain=rdarmprovider-g-us-r0.wvdselfhost.microsoft.com", "ARRAffinitySameSite=68684045b6f67894fddd7c62f3ba5f363c3d53ed896664c0df0e95751fa52bff;Path=/;HttpOnly;SameSite=None;Secure;Domain=rdarmprovider-g-us-r0.wvdselfhost.microsoft.com" ],
        "x-ms-ratelimit-remaining-subscription-writes": [ "199" ],
        "X-Rate-Limit-Limit": [ "0" ],
        "X-Rate-Limit-Remaining": [ "9223372036854775807" ],
        "X-Rate-Limit-Reset": [ "0" ],
        "x-ms-opsarmpath64": [ "L3N1YnNjcmlwdGlvbnMvZGJlZGVmMjUtMTg0Yy00MzBmLWIzODMtMGVlYjg3YzMyMDVkL3Jlc291cmNlR3JvdXBzL2FsZWNiVXNlclNlc3Npb25UZXN0cy9wcm92aWRlcnMvTWljcm9zb2Z0LkRlc2t0b3BWaXJ0dWFsaXphdGlvbi93b3Jrc3BhY2VzL1dvcmtzcGFjZVBvd2Vyc2hlbGwx" ],
        "x-ms-lamport-ts": [ "179536084" ],
        "x-ms-correlation-id": [ "8644dc32-4810-42e8-a3c3-c9e015eea364" ],
        "x-ms-request-id": [ "f3acf62d-241a-43e3-8139-76c818324ff7" ],
        "X-Powered-By": [ "ASP.NET" ],
        "X-Content-Type-Options": [ "nosniff" ],
        "x-ms-ratelimit-remaining-subscription-global-writes": [ "2999" ],
        "x-ms-correlation-request-id": [ "1a93e0e0-1063-4d0f-b26a-243b0595d1b8" ],
        "x-ms-routing-request-id": [ "EASTUS2:20240924T221459Z:1a93e0e0-1063-4d0f-b26a-243b0595d1b8" ],
        "Strict-Transport-Security": [ "max-age=31536000; includeSubDomains" ],
        "X-Cache": [ "CONFIG_NOCACHE" ],
        "X-MSEdge-Ref": [ "Ref A: C19CC00988EF443C9BFF3B7E8586D5BA Ref B: MNZ221060618031 Ref C: 2024-09-24T22:14:58Z" ],
        "Date": [ "Tue, 24 Sep 2024 22:14:58 GMT" ]
      },
      "ContentHeaders": {
        "Content-Length": [ "968" ],
        "Content-Type": [ "application/json; charset=utf-8" ],
        "Expires": [ "-1" ]
      },
      "Content": "{\"name\":\"WorkspacePowershell1\",\"id\":\"/subscriptions/dbedef25-184c-430f-b383-0eeb87c3205d/resourcegroups/alecbUserSessionTests/providers/Microsoft.DesktopVirtualization/workspaces/WorkspacePowershell1\",\"type\":\"Microsoft.DesktopVirtualization/workspaces\",\"location\":\"westus2\",\"tags\":{},\"kind\":null,\"systemData\":{\"createdBy\":\"ryanoshinsky@wvdtesttenant.onmicrosoft.com\",\"createdByType\":\"User\",\"createdAt\":\"2024-09-24T22:14:54.35Z\",\"lastModifiedBy\":\"ryanoshinsky@wvdtesttenant.onmicrosoft.com\",\"lastModifiedByType\":\"User\",\"lastModifiedAt\":\"2024-09-24T22:14:58.45Z\"},\"properties\":{\"privateEndpointConnections\":null,\"publicNetworkAccess\":\"Enabled\",\"description\":\"des\",\"friendlyName\":\"fri\",\"applicationGroupReferences\":[\"/subscriptions/dbedef25-184c-430f-b383-0eeb87c3205d/resourcegroups/alecbUserSessionTests/providers/Microsoft.DesktopVirtualization/applicationgroups/ApplicationGroupPowershell1\"],\"cloudPcResource\":false,\"objectId\":\"c76a10ff-528b-4eaa-9ca2-6d83e2990a64\"}}",
      "isContentBase64": false
    }
  },
  "Register-AzWvdApplicationGroup+[NoContext]+Register ApplicationGroup+$GET+https://management.azure.com/subscriptions/dbedef25-184c-430f-b383-0eeb87c3205d/resourceGroups/alecbUserSessionTests/providers/Microsoft.DesktopVirtualization/workspaces/WorkspacePowershell1?api-version=2024-04-08-preview+6": {
    "Request": {
      "Method": "GET",
      "RequestUri": "https://management.azure.com/subscriptions/dbedef25-184c-430f-b383-0eeb87c3205d/resourceGroups/alecbUserSessionTests/providers/Microsoft.DesktopVirtualization/workspaces/WorkspacePowershell1?api-version=2024-04-08-preview",
      "Content": null,
      "isContentBase64": false,
      "Headers": {
        "x-ms-unique-id": [ "273" ],
        "x-ms-client-request-id": [ "a5edc281-27dc-492e-8084-edb4feea1208" ],
        "CommandName": [ "Get-AzWvdWorkspace" ],
        "FullCommandName": [ "Get-AzWvdWorkspace_Get" ],
        "ParameterSetName": [ "__AllParameterSets" ],
        "User-Agent": [ "AzurePowershell/v8.2.0", "PSVersion/v7.4.5", "Az.DesktopVirtualization/2.1.0" ],
        "Authorization": [ "[Filtered]" ]
      },
      "ContentHeaders": {
      }
    },
    "Response": {
      "StatusCode": 200,
      "Headers": {
        "Cache-Control": [ "no-cache" ],
        "Pragma": [ "no-cache" ],
        "Vary": [ "Accept-Encoding" ],
        "Set-Cookie": [ "ARRAffinity=f0cf6515b964ed71a3330b30673731d75ad3321adfb3448f8fe843b9868e0497;Path=/;HttpOnly;Secure;Domain=rdarmprovider-g-us-r0.wvdselfhost.microsoft.com", "ARRAffinitySameSite=f0cf6515b964ed71a3330b30673731d75ad3321adfb3448f8fe843b9868e0497;Path=/;HttpOnly;SameSite=None;Secure;Domain=rdarmprovider-g-us-r0.wvdselfhost.microsoft.com" ],
        "x-ms-ratelimit-remaining-subscription-reads": [ "249" ],
        "X-Rate-Limit-Limit": [ "0" ],
        "X-Rate-Limit-Remaining": [ "9223372036854775807" ],
        "X-Rate-Limit-Reset": [ "0" ],
        "x-ms-opsarmpath64": [ "L3N1YnNjcmlwdGlvbnMvZGJlZGVmMjUtMTg0Yy00MzBmLWIzODMtMGVlYjg3YzMyMDVkL3Jlc291cmNlR3JvdXBzL2FsZWNiVXNlclNlc3Npb25UZXN0cy9wcm92aWRlcnMvTWljcm9zb2Z0LkRlc2t0b3BWaXJ0dWFsaXphdGlvbi93b3Jrc3BhY2VzL1dvcmtzcGFjZVBvd2Vyc2hlbGwx" ],
        "x-ms-lamport-ts": [ "179536064" ],
        "x-ms-correlation-id": [ "11ccccb1-13ae-42fe-8bbd-94788b65fc3e" ],
        "x-ms-request-id": [ "a5edc281-27dc-492e-8084-edb4feea1208" ],
        "X-Powered-By": [ "ASP.NET" ],
        "X-Content-Type-Options": [ "nosniff" ],
        "x-ms-ratelimit-remaining-subscription-global-reads": [ "3749" ],
        "x-ms-correlation-request-id": [ "ec93b576-ea98-40c0-89b1-0d0d6e52d82a" ],
        "x-ms-routing-request-id": [ "EASTUS2:20240924T221500Z:ec93b576-ea98-40c0-89b1-0d0d6e52d82a" ],
        "Strict-Transport-Security": [ "max-age=31536000; includeSubDomains" ],
        "X-Cache": [ "CONFIG_NOCACHE" ],
        "X-MSEdge-Ref": [ "Ref A: 15801BF13DE54B73AB5762AAD033EA0D Ref B: MNZ221060618031 Ref C: 2024-09-24T22:14:59Z" ],
        "Date": [ "Tue, 24 Sep 2024 22:15:00 GMT" ]
      },
      "ContentHeaders": {
        "Content-Length": [ "966" ],
        "Content-Type": [ "application/json; charset=utf-8" ],
        "Expires": [ "-1" ]
      },
      "Content": "{\"name\":\"WorkspacePowershell1\",\"id\":\"/subscriptions/dbedef25-184c-430f-b383-0eeb87c3205d/resourcegroups/alecbUserSessionTests/providers/Microsoft.DesktopVirtualization/workspaces/WorkspacePowershell1\",\"type\":\"Microsoft.DesktopVirtualization/workspaces\",\"location\":\"westus2\",\"tags\":{},\"kind\":null,\"systemData\":{\"createdBy\":\"ryanoshinsky@wvdtesttenant.onmicrosoft.com\",\"createdByType\":\"User\",\"createdAt\":\"2024-09-24T22:14:54.35Z\",\"lastModifiedBy\":\"ryanoshinsky@wvdtesttenant.onmicrosoft.com\",\"lastModifiedByType\":\"User\",\"lastModifiedAt\":\"2024-09-24T22:14:58.45Z\"},\"properties\":{\"privateEndpointConnections\":[],\"publicNetworkAccess\":\"Enabled\",\"description\":\"des\",\"friendlyName\":\"fri\",\"applicationGroupReferences\":[\"/subscriptions/dbedef25-184c-430f-b383-0eeb87c3205d/resourcegroups/alecbUserSessionTests/providers/Microsoft.DesktopVirtualization/applicationgroups/ApplicationGroupPowershell1\"],\"cloudPcResource\":false,\"objectId\":\"c76a10ff-528b-4eaa-9ca2-6d83e2990a64\"}}",
      "isContentBase64": false
    }
  },
  "Register-AzWvdApplicationGroup+[NoContext]+Register ApplicationGroup+$DELETE+https://management.azure.com/subscriptions/dbedef25-184c-430f-b383-0eeb87c3205d/resourceGroups/alecbUserSessionTests/providers/Microsoft.DesktopVirtualization/applicationGroups/ApplicationGroupPowershell1?api-version=2024-04-08-preview+7": {
    "Request": {
      "Method": "DELETE",
      "RequestUri": "https://management.azure.com/subscriptions/dbedef25-184c-430f-b383-0eeb87c3205d/resourceGroups/alecbUserSessionTests/providers/Microsoft.DesktopVirtualization/applicationGroups/ApplicationGroupPowershell1?api-version=2024-04-08-preview",
      "Content": null,
      "isContentBase64": false,
      "Headers": {
        "x-ms-unique-id": [ "274" ],
        "x-ms-client-request-id": [ "8ba1ff71-e215-46c2-a05e-f30a9a3f391b" ],
        "CommandName": [ "Remove-AzWvdApplicationGroup" ],
        "FullCommandName": [ "Remove-AzWvdApplicationGroup_Delete" ],
        "ParameterSetName": [ "__AllParameterSets" ],
        "User-Agent": [ "AzurePowershell/v8.2.0", "PSVersion/v7.4.5", "Az.DesktopVirtualization/2.1.0" ],
        "Authorization": [ "[Filtered]" ]
      },
      "ContentHeaders": {
      }
    },
    "Response": {
      "StatusCode": 200,
      "Headers": {
        "Cache-Control": [ "no-cache" ],
        "Pragma": [ "no-cache" ],
        "Vary": [ "Accept-Encoding" ],
        "Set-Cookie": [ "ARRAffinity=68684045b6f67894fddd7c62f3ba5f363c3d53ed896664c0df0e95751fa52bff;Path=/;HttpOnly;Secure;Domain=rdarmprovider-g-us-r0.wvdselfhost.microsoft.com", "ARRAffinitySameSite=68684045b6f67894fddd7c62f3ba5f363c3d53ed896664c0df0e95751fa52bff;Path=/;HttpOnly;SameSite=None;Secure;Domain=rdarmprovider-g-us-r0.wvdselfhost.microsoft.com" ],
        "x-ms-ratelimit-remaining-subscription-deletes": [ "199" ],
        "X-Rate-Limit-Limit": [ "0" ],
        "X-Rate-Limit-Remaining": [ "9223372036854775807" ],
        "X-Rate-Limit-Reset": [ "0" ],
        "x-ms-opsarmpath64": [ "L3N1YnNjcmlwdGlvbnMvZGJlZGVmMjUtMTg0Yy00MzBmLWIzODMtMGVlYjg3YzMyMDVkL3Jlc291cmNlR3JvdXBzL2FsZWNiVXNlclNlc3Npb25UZXN0cy9wcm92aWRlcnMvTWljcm9zb2Z0LkRlc2t0b3BWaXJ0dWFsaXphdGlvbi9hcHBsaWNhdGlvbkdyb3Vwcy9BcHBsaWNhdGlvbkdyb3VwUG93ZXJzaGVsbDE=" ],
        "x-ms-lamport-ts": [ "179536087" ],
        "x-ms-correlation-id": [ "d6091212-e229-4df4-bbd1-7f0631dcf84e" ],
        "x-ms-request-id": [ "8ba1ff71-e215-46c2-a05e-f30a9a3f391b" ],
        "X-Powered-By": [ "ASP.NET" ],
        "X-Content-Type-Options": [ "nosniff" ],
        "x-ms-ratelimit-remaining-subscription-global-deletes": [ "2999" ],
        "x-ms-correlation-request-id": [ "548684c9-f785-417c-90b6-34452df40404" ],
        "x-ms-routing-request-id": [ "EASTUS2:20240924T221501Z:548684c9-f785-417c-90b6-34452df40404" ],
        "Strict-Transport-Security": [ "max-age=31536000; includeSubDomains" ],
        "X-Cache": [ "CONFIG_NOCACHE" ],
        "X-MSEdge-Ref": [ "Ref A: E4E025ADCF244CFA9E3494B34DC5ED5E Ref B: MNZ221060618031 Ref C: 2024-09-24T22:15:00Z" ],
        "Date": [ "Tue, 24 Sep 2024 22:15:01 GMT" ]
      },
      "ContentHeaders": {
        "Content-Length": [ "1176" ],
        "Content-Type": [ "application/json; charset=utf-8" ],
        "Expires": [ "-1" ]
      },
      "Content": "{\"name\":\"ApplicationGroupPowershell1\",\"id\":\"/subscriptions/dbedef25-184c-430f-b383-0eeb87c3205d/resourcegroups/alecbUserSessionTests/providers/Microsoft.DesktopVirtualization/applicationgroups/ApplicationGroupPowershell1\",\"type\":\"Microsoft.DesktopVirtualization/applicationgroups\",\"location\":\"westus2\",\"tags\":null,\"kind\":\"Desktop\",\"systemData\":{\"createdBy\":\"ryanoshinsky@wvdtesttenant.onmicrosoft.com\",\"createdByType\":\"User\",\"createdAt\":\"2024-09-24T22:14:56.96Z\",\"lastModifiedBy\":\"ryanoshinsky@wvdtesttenant.onmicrosoft.com\",\"lastModifiedByType\":\"User\",\"lastModifiedAt\":\"2024-09-24T22:14:56.96Z\"},\"properties\":{\"showInFeed\":null,\"hostPoolArmPath\":\"/subscriptions/dbedef25-184c-430f-b383-0eeb87c3205d/resourcegroups/alecbUserSessionTests/providers/Microsoft.DesktopVirtualization/hostpools/HostPoolPowershellContained1\",\"workspaceArmPath\":\"/subscriptions/dbedef25-184c-430f-b383-0eeb87c3205d/resourcegroups/alecbUserSessionTests/providers/Microsoft.DesktopVirtualization/workspaces/WorkspacePowershell1\",\"description\":\"des\",\"friendlyName\":\"fri\",\"applicationGroupType\":\"Desktop\",\"migrationRequest\":null,\"cloudPcResource\":false,\"objectId\":\"1c3aa29e-eedb-472e-806a-56a2c4dcc2db\"}}",
      "isContentBase64": false
    }
  },
  "Register-AzWvdApplicationGroup+[NoContext]+Register ApplicationGroup+$DELETE+https://management.azure.com/subscriptions/dbedef25-184c-430f-b383-0eeb87c3205d/resourceGroups/alecbUserSessionTests/providers/Microsoft.DesktopVirtualization/hostPools/HostPoolPowershellContained1?api-version=2024-04-08-preview+8": {
    "Request": {
      "Method": "DELETE",
      "RequestUri": "https://management.azure.com/subscriptions/dbedef25-184c-430f-b383-0eeb87c3205d/resourceGroups/alecbUserSessionTests/providers/Microsoft.DesktopVirtualization/hostPools/HostPoolPowershellContained1?api-version=2024-04-08-preview",
      "Content": null,
      "isContentBase64": false,
      "Headers": {
        "x-ms-unique-id": [ "275" ],
        "x-ms-client-request-id": [ "58550c1c-a3d0-4aeb-adcb-edbb9c8ead85" ],
        "CommandName": [ "Remove-AzWvdHostPool" ],
        "FullCommandName": [ "Remove-AzWvdHostPool_Delete" ],
        "ParameterSetName": [ "__AllParameterSets" ],
        "User-Agent": [ "AzurePowershell/v8.2.0", "PSVersion/v7.4.5", "Az.DesktopVirtualization/2.1.0" ],
        "Authorization": [ "[Filtered]" ]
      },
      "ContentHeaders": {
      }
    },
    "Response": {
      "StatusCode": 200,
      "Headers": {
        "Cache-Control": [ "no-cache" ],
        "Pragma": [ "no-cache" ],
        "Vary": [ "Accept-Encoding" ],
        "Set-Cookie": [ "ARRAffinity=6ed70d129f929e9c0dc1324370ea99cd733e8f3cb78772a9b8793f4f636e0cf7;Path=/;HttpOnly;Secure;Domain=rdarmprovider-g-us-r0.wvdselfhost.microsoft.com", "ARRAffinitySameSite=6ed70d129f929e9c0dc1324370ea99cd733e8f3cb78772a9b8793f4f636e0cf7;Path=/;HttpOnly;SameSite=None;Secure;Domain=rdarmprovider-g-us-r0.wvdselfhost.microsoft.com" ],
        "x-ms-ratelimit-remaining-subscription-deletes": [ "199" ],
        "X-Rate-Limit-Limit": [ "0" ],
        "X-Rate-Limit-Remaining": [ "9223372036854775807" ],
        "X-Rate-Limit-Reset": [ "0" ],
        "x-ms-opsarmpath64": [ "L3N1YnNjcmlwdGlvbnMvZGJlZGVmMjUtMTg0Yy00MzBmLWIzODMtMGVlYjg3YzMyMDVkL3Jlc291cmNlR3JvdXBzL2FsZWNiVXNlclNlc3Npb25UZXN0cy9wcm92aWRlcnMvTWljcm9zb2Z0LkRlc2t0b3BWaXJ0dWFsaXphdGlvbi9ob3N0UG9vbHMvSG9zdFBvb2xQb3dlcnNoZWxsQ29udGFpbmVkMQ==" ],
        "x-ms-lamport-ts": [ "179536108" ],
        "x-ms-correlation-id": [ "745a6daf-c79e-4416-bc21-c84683689bef" ],
        "x-ms-request-id": [ "58550c1c-a3d0-4aeb-adcb-edbb9c8ead85" ],
        "X-Powered-By": [ "ASP.NET" ],
        "X-Content-Type-Options": [ "nosniff" ],
        "x-ms-ratelimit-remaining-subscription-global-deletes": [ "2999" ],
        "x-ms-correlation-request-id": [ "e754c9b8-541d-4d27-9a6b-c2bf49525426" ],
        "x-ms-routing-request-id": [ "EASTUS2:20240924T221505Z:e754c9b8-541d-4d27-9a6b-c2bf49525426" ],
        "Strict-Transport-Security": [ "max-age=31536000; includeSubDomains" ],
        "X-Cache": [ "CONFIG_NOCACHE" ],
        "X-MSEdge-Ref": [ "Ref A: 1576B75B5AE84348B87804134F881B62 Ref B: MNZ221060618031 Ref C: 2024-09-24T22:15:02Z" ],
        "Date": [ "Tue, 24 Sep 2024 22:15:05 GMT" ]
      },
      "ContentHeaders": {
        "Content-Length": [ "3062" ],
        "Content-Type": [ "application/json; charset=utf-8" ],
        "Expires": [ "-1" ]
      },
      "Content": "{\"identity\":{\"type\":\"None\",\"tenantId\":null,\"principalId\":null},\"name\":\"HostPoolPowershellContained1\",\"id\":\"/subscriptions/dbedef25-184c-430f-b383-0eeb87c3205d/resourcegroups/alecbUserSessionTests/providers/Microsoft.DesktopVirtualization/hostpools/HostPoolPowershellContained1\",\"type\":\"Microsoft.DesktopVirtualization/hostpools\",\"location\":\"westus2\",\"tags\":null,\"kind\":null,\"systemData\":{\"createdBy\":\"ryanoshinsky@wvdtesttenant.onmicrosoft.com\",\"createdByType\":\"User\",\"createdAt\":\"2024-09-24T22:14:55.64Z\",\"lastModifiedBy\":\"ryanoshinsky@wvdtesttenant.onmicrosoft.com\",\"lastModifiedByType\":\"User\",\"lastModifiedAt\":\"2024-09-24T22:14:55.64Z\"},\"properties\":{\"managedPrivateUDP\":\"Default\",\"directUDP\":\"Default\",\"publicUDP\":\"Default\",\"relayUDP\":\"Default\",\"managementType\":\"Standard\",\"appAttachPackageReferences\":[],\"agentUpdate\":null,\"privateEndpointConnections\":[],\"publicNetworkAccess\":\"Enabled\",\"friendlyName\":\"fri\",\"description\":\"des\",\"hostPoolType\":\"Pooled\",\"personalDesktopAssignmentType\":null,\"applicationGroupReferences\":[],\"customRdpProperty\":\"\",\"maxSessionLimit\":5,\"loadBalancerType\":\"DepthFirst\",\"validationEnvironment\":false,\"ring\":null,\"registrationInfo\":{\"expirationTime\":\"2024-09-25T22:14:54.8632296Z\",\"token\":\"eyJhbGciOiJSUzI1NiIsImtpZCI6IjZEQTlDNDhCQTcxRkJEMzREQkQ4RTQ2MEI3Q0U4MUVFMjM4Q0E0MTAiLCJ0eXAiOiJKV1QifQ.eyJSZWdpc3RyYXRpb25JZCI6ImNkNmMwNTZlLTJmNTQtNDdjMy1iMmY1LWE2ZjU0YzZkODQzMSIsIkJyb2tlclVyaSI6Imh0dHBzOi8vcmRicm9rZXItZy11cy1yMC53dmRzZWxmaG9zdC5taWNyb3NvZnQuY29tLyIsIkRpYWdub3N0aWNzVXJpIjoiaHR0cHM6Ly9yZGRpYWdub3N0aWNzLWctdXMtcjAud3Zkc2VsZmhvc3QubWljcm9zb2Z0LmNvbS8iLCJFbmRwb2ludFBvb2xJZCI6ImQ4MjM3Yzc3LTFhMTQtNDRjZC05NGQ2LTkzMTJiMjhmYWZhMSIsIkdsb2JhbEJyb2tlclVyaSI6Imh0dHBzOi8vcmRicm9rZXIud3Zkc2VsZmhvc3QubWljcm9zb2Z0LmNvbS8iLCJHZW9ncmFwaHkiOiJVUyIsIkdsb2JhbEJyb2tlclJlc291cmNlSWRVcmkiOiJodHRwczovL2Q4MjM3Yzc3LTFhMTQtNDRjZC05NGQ2LTkzMTJiMjhmYWZhMS5yZGJyb2tlci53dmRzZWxmaG9zdC5taWNyb3NvZnQuY29tLyIsIkJyb2tlclJlc291cmNlSWRVcmkiOiJodHRwczovL2Q4MjM3Yzc3LTFhMTQtNDRjZC05NGQ2LTkzMTJiMjhmYWZhMS5yZGJyb2tlci1nLXVzLXIwLnd2ZHNlbGZob3N0Lm1pY3Jvc29mdC5jb20vIiwiRGlhZ25vc3RpY3NSZXNvdXJjZUlkVXJpIjoiaHR0cHM6Ly9kODIzN2M3Ny0xYTE0LTQ0Y2QtOTRkNi05MzEyYjI4ZmFmYTEucmRkaWFnbm9zdGljcy1nLXVzLXIwLnd2ZHNlbGZob3N0Lm1pY3Jvc29mdC5jb20vIiwiQUFEVGVuYW50SWQiOiI3NGJjMmRmMC1mYzU3LTQzNjEtYjE1MC0yZDZkZDUxY2I2NjMiLCJuYmYiOjE3MjcyMTYwOTYsImV4cCI6MTcyNzMwMjQ5NCwiaXNzIjoiUkRJbmZyYVRva2VuTWFuYWdlciIsImF1ZCI6IlJEbWkifQ.GzwKR9PF3OsGxzBGg_0hN6sC3pj0W6VEnAm7MsjPC4ngsZyKakS2uiIKyemStC_taxPDM_5z5WT8yfbis1s8DqDsIxGKUySpkd5izCBTnWoXKE6w4m6gN3f7rozfVrLSe0obwk0oWy79zxwAQDUrtzNmgmtOsbh2mO-MZzdc2PoAw2XqemHJhmbNVHO9wW0X9QUdAX1EFSoPDvZBsbWOUpL0fAR9mv36QY_J28wLtvgMmwt36TXA6CDmuDeabNw9q2c8GP7zV1Nw_IuLytXA3ARqc5_sAsS2rNjQ3maZo8kqYlGhzr2PUrxZvSsFkkU-OhJ5WKXrQyJiJHcY4B49jw\",\"registrationTokenOperation\":\"None\"},\"vmTemplate\":null,\"preferredAppGroupType\":\"Desktop\",\"migrationRequest\":null,\"cloudPcResource\":false,\"startVMOnConnect\":false,\"ssoadfsAuthority\":null,\"ssoClientId\":null,\"ssoClientSecretKeyVaultPath\":null,\"ssoSecretType\":null,\"objectId\":\"d8237c77-1a14-44cd-94d6-9312b28fafa1\"}}",
      "isContentBase64": false
    }
  },
  "Register-AzWvdApplicationGroup+[NoContext]+Register ApplicationGroup+$DELETE+https://management.azure.com/subscriptions/dbedef25-184c-430f-b383-0eeb87c3205d/resourceGroups/alecbUserSessionTests/providers/Microsoft.DesktopVirtualization/workspaces/WorkspacePowershell1?api-version=2024-04-08-preview+9": {
    "Request": {
      "Method": "DELETE",
      "RequestUri": "https://management.azure.com/subscriptions/dbedef25-184c-430f-b383-0eeb87c3205d/resourceGroups/alecbUserSessionTests/providers/Microsoft.DesktopVirtualization/workspaces/WorkspacePowershell1?api-version=2024-04-08-preview",
      "Content": null,
      "isContentBase64": false,
      "Headers": {
        "x-ms-unique-id": [ "276" ],
        "x-ms-client-request-id": [ "876cba3a-7971-4a3c-b59c-c4c631384a68" ],
        "CommandName": [ "Remove-AzWvdWorkspace" ],
        "FullCommandName": [ "Remove-AzWvdWorkspace_Delete" ],
        "ParameterSetName": [ "__AllParameterSets" ],
        "User-Agent": [ "AzurePowershell/v8.2.0", "PSVersion/v7.4.5", "Az.DesktopVirtualization/2.1.0" ],
        "Authorization": [ "[Filtered]" ]
      },
      "ContentHeaders": {
      }
    },
    "Response": {
      "StatusCode": 200,
      "Headers": {
        "Cache-Control": [ "no-cache" ],
        "Pragma": [ "no-cache" ],
        "Vary": [ "Accept-Encoding" ],
        "Set-Cookie": [ "ARRAffinity=f0cf6515b964ed71a3330b30673731d75ad3321adfb3448f8fe843b9868e0497;Path=/;HttpOnly;Secure;Domain=rdarmprovider-g-us-r0.wvdselfhost.microsoft.com", "ARRAffinitySameSite=f0cf6515b964ed71a3330b30673731d75ad3321adfb3448f8fe843b9868e0497;Path=/;HttpOnly;SameSite=None;Secure;Domain=rdarmprovider-g-us-r0.wvdselfhost.microsoft.com" ],
        "x-ms-ratelimit-remaining-subscription-deletes": [ "199" ],
        "X-Rate-Limit-Limit": [ "0" ],
        "X-Rate-Limit-Remaining": [ "9223372036854775807" ],
        "X-Rate-Limit-Reset": [ "0" ],
        "x-ms-opsarmpath64": [ "L3N1YnNjcmlwdGlvbnMvZGJlZGVmMjUtMTg0Yy00MzBmLWIzODMtMGVlYjg3YzMyMDVkL3Jlc291cmNlR3JvdXBzL2FsZWNiVXNlclNlc3Npb25UZXN0cy9wcm92aWRlcnMvTWljcm9zb2Z0LkRlc2t0b3BWaXJ0dWFsaXphdGlvbi93b3Jrc3BhY2VzL1dvcmtzcGFjZVBvd2Vyc2hlbGwx" ],
        "x-ms-lamport-ts": [ "179536073" ],
        "x-ms-correlation-id": [ "2ae62c57-7a84-4ba5-96bb-4702803e7df6" ],
        "x-ms-request-id": [ "876cba3a-7971-4a3c-b59c-c4c631384a68" ],
        "X-Powered-By": [ "ASP.NET" ],
        "X-Content-Type-Options": [ "nosniff" ],
        "x-ms-ratelimit-remaining-subscription-global-deletes": [ "2999" ],
        "x-ms-correlation-request-id": [ "37906f0c-14fe-4139-b068-b933f38ff56c" ],
        "x-ms-routing-request-id": [ "EASTUS2:20240924T221507Z:37906f0c-14fe-4139-b068-b933f38ff56c" ],
        "Strict-Transport-Security": [ "max-age=31536000; includeSubDomains" ],
        "X-Cache": [ "CONFIG_NOCACHE" ],
        "X-MSEdge-Ref": [ "Ref A: 652816F072EC4CA686CDFA514DF67AA7 Ref B: MNZ221060618031 Ref C: 2024-09-24T22:15:05Z" ],
        "Date": [ "Tue, 24 Sep 2024 22:15:06 GMT" ]
      },
      "ContentHeaders": {
        "Content-Length": [ "540" ],
        "Content-Type": [ "application/json; charset=utf-8" ],
        "Expires": [ "-1" ]
      },
      "Content": "{\"name\":\"WorkspacePowershell1\",\"id\":\"/subscriptions/dbedef25-184c-430f-b383-0eeb87c3205d/resourcegroups/alecbUserSessionTests/providers/Microsoft.DesktopVirtualization/workspaces/WorkspacePowershell1\",\"type\":\"Microsoft.DesktopVirtualization/workspaces\",\"location\":\"westus2\",\"tags\":{},\"kind\":null,\"systemData\":null,\"properties\":{\"privateEndpointConnections\":[],\"publicNetworkAccess\":\"Enabled\",\"description\":\"des\",\"friendlyName\":\"fri\",\"applicationGroupReferences\":[],\"cloudPcResource\":false,\"objectId\":\"c76a10ff-528b-4eaa-9ca2-6d83e2990a64\"}}",
      "isContentBase64": false
    }
  }
}