{
  "Remove-AzWvdScalingPlanPersonalSchedule+[NoContext]+Delete+$PUT+https://management.azure.com/subscriptions/dbedef25-184c-430f-b383-0eeb87c3205d/resourceGroups/alecbUserSessionTests/providers/Microsoft.DesktopVirtualization/scalingPlans/ScalingPlanPowershellContained1?api-version=2023-09-05+1": {
    "Request": {
      "Method": "PUT",
      "RequestUri": "https://management.azure.com/subscriptions/dbedef25-184c-430f-b383-0eeb87c3205d/resourceGroups/alecbUserSessionTests/providers/Microsoft.DesktopVirtualization/scalingPlans/ScalingPlanPowershellContained1?api-version=2023-09-05",
      "Content": "{\r\n  \"location\": \"westus2\",\r\n  \"properties\": {\r\n    \"description\": \"desc\",\r\n    \"friendlyName\": \"fri\",\r\n    \"timeZone\": \"Pacific Standard Time\",\r\n    \"hostPoolType\": \"Personal\",\r\n    \"schedules\": [ ],\r\n    \"hostPoolReferences\": [ ]\r\n  }\r\n}",
      "isContentBase64": false,
      "Headers": {
      },
      "ContentHeaders": {
        "Content-Type": [ "application/json" ],
        "Content-Length": [ "239" ]
      }
    },
    "Response": {
      "StatusCode": 201,
      "Headers": {
        "Cache-Control": [ "no-cache" ],
        "Pragma": [ "no-cache" ],
        "Location": [ "/subscriptions/dbedef25-184c-430f-b383-0eeb87c3205d/resourcegroups/alecbUserSessionTests/providers/Microsoft.DesktopVirtualization/scalingplans/ScalingPlanPowershellContained1" ],
        "X-Rate-Limit-Limit": [ "0" ],
        "X-Rate-Limit-Remaining": [ "9223372036854775807" ],
        "X-Rate-Limit-Reset": [ "0" ],
        "x-ms-opsarmpath64": [ "L3N1YnNjcmlwdGlvbnMvZGJlZGVmMjUtMTg0Yy00MzBmLWIzODMtMGVlYjg3YzMyMDVkL3Jlc291cmNlR3JvdXBzL2FsZWNiVXNlclNlc3Npb25UZXN0cy9wcm92aWRlcnMvTWljcm9zb2Z0LkRlc2t0b3BWaXJ0dWFsaXphdGlvbi9zY2FsaW5nUGxhbnMvU2NhbGluZ1BsYW5Qb3dlcnNoZWxsQ29udGFpbmVkMQ==" ],
        "x-ms-lamport-ts": [ "139427213" ],
        "x-ms-correlation-id": [ "8b7460c9-fe81-474e-b8c4-8fd4e2afe388" ],
        "x-ms-request-id": [ "f52f7e83-4b22-42db-9183-23a7397e7813" ],
        "X-Content-Type-Options": [ "nosniff" ],
        "Set-Cookie": [ "ARRAffinity=47e899d5dc0547d5646e3c2c0081ae2cb7fddd55609bf4af48732c4283928a51;Path=/;HttpOnly;Secure;Domain=rdarmprovider-g-us-r0.wvdselfhost.microsoft.com", "ARRAffinitySameSite=47e899d5dc0547d5646e3c2c0081ae2cb7fddd55609bf4af48732c4283928a51;Path=/;HttpOnly;SameSite=None;Secure;Domain=rdarmprovider-g-us-r0.wvdselfhost.microsoft.com" ],
        "Server": [ "Microsoft-IIS/10.0" ],
        "X-Powered-By": [ "ASP.NET" ],
        "x-ms-ratelimit-remaining-subscription-writes": [ "1096" ],
        "x-ms-correlation-request-id": [ "7968b989-5c98-41d1-a4c3-e1df316b5803" ],
        "x-ms-routing-request-id": [ "WESTUS:20231222T043719Z:7968b989-5c98-41d1-a4c3-e1df316b5803" ],
        "Strict-Transport-Security": [ "max-age=31536000; includeSubDomains" ],
        "Date": [ "Fri, 22 Dec 2023 04:37:19 GMT" ]
      },
      "ContentHeaders": {
        "Content-Length": [ "801" ],
        "Content-Type": [ "application/json; charset=utf-8" ],
        "Expires": [ "-1" ]
      },
      "Content": "{\"name\":\"ScalingPlanPowershellContained1\",\"id\":\"/subscriptions/dbedef25-184c-430f-b383-0eeb87c3205d/resourcegroups/alecbUserSessionTests/providers/Microsoft.DesktopVirtualization/scalingplans/ScalingPlanPowershellContained1\",\"type\":\"Microsoft.DesktopVirtualization/scalingplans\",\"location\":\"westus2\",\"tags\":null,\"kind\":null,\"systemData\":{\"createdBy\":\"admin@wvdtesttenant.onmicrosoft.com\",\"createdByType\":\"User\",\"createdAt\":\"2023-12-22T04:37:19.60Z\",\"lastModifiedBy\":\"admin@wvdtesttenant.onmicrosoft.com\",\"lastModifiedByType\":\"User\",\"lastModifiedAt\":\"2023-12-22T04:37:19.60Z\"},\"properties\":{\"description\":\"desc\",\"friendlyName\":\"fri\",\"timeZone\":\"Pacific Standard Time\",\"hostPoolType\":\"Personal\",\"exclusionTag\":\"\",\"schedules\":[],\"hostPoolReferences\":[],\"objectId\":\"2f922443-c669-4be5-9c16-bd9226da2ab4\"}}",
      "isContentBase64": false
    }
  },
  "Remove-AzWvdScalingPlanPersonalSchedule+[NoContext]+Delete+$PUT+https://management.azure.com/subscriptions/dbedef25-184c-430f-b383-0eeb87c3205d/resourceGroups/alecbUserSessionTests/providers/Microsoft.DesktopVirtualization/scalingPlans/ScalingPlanPowershellContained1/personalSchedules/PersonalSchedule1?api-version=2023-09-05+2": {
    "Request": {
      "Method": "PUT",
      "RequestUri": "https://management.azure.com/subscriptions/dbedef25-184c-430f-b383-0eeb87c3205d/resourceGroups/alecbUserSessionTests/providers/Microsoft.DesktopVirtualization/scalingPlans/ScalingPlanPowershellContained1/personalSchedules/PersonalSchedule1?api-version=2023-09-05",
      "Content": "{\r\n  \"properties\": {\r\n    \"rampUpStartTime\": {\r\n      \"hour\": 6,\r\n      \"minute\": 30\r\n    },\r\n    \"peakStartTime\": {\r\n      \"hour\": 8,\r\n      \"minute\": 30\r\n    },\r\n    \"rampDownStartTime\": {\r\n      \"hour\": 16,\r\n      \"minute\": 0\r\n    },\r\n    \"offPeakStartTime\": {\r\n      \"hour\": 22,\r\n      \"minute\": 45\r\n    },\r\n    \"daysOfWeek\": [ \"Monday\", \"Tuesday\", \"Wednesday\", \"Thursday\", \"Friday\" ],\r\n    \"rampUpAutoStartHosts\": \"All\",\r\n    \"rampUpStartVMOnConnect\": \"Enable\",\r\n    \"rampUpActionOnDisconnect\": \"None\",\r\n    \"rampUpMinutesToWaitOnDisconnect\": 10,\r\n    \"rampUpActionOnLogoff\": \"None\",\r\n    \"rampUpMinutesToWaitOnLogoff\": 10,\r\n    \"peakStartVMOnConnect\": \"Enable\",\r\n    \"peakActionOnDisconnect\": \"None\",\r\n    \"peakMinutesToWaitOnDisconnect\": 10,\r\n    \"peakMinutesToWaitOnLogoff\": 10,\r\n    \"rampDownStartVMOnConnect\": \"Enable\",\r\n    \"rampDownActionOnDisconnect\": \"None\",\r\n    \"rampDownMinutesToWaitOnDisconnect\": 10,\r\n    \"rampDownActionOnLogoff\": \"None\",\r\n    \"rampDownMinutesToWaitOnLogoff\": 10,\r\n    \"offPeakStartVMOnConnect\": \"Enable\",\r\n    \"offPeakActionOnDisconnect\": \"None\",\r\n    \"offPeakMinutesToWaitOnDisconnect\": 10,\r\n    \"offPeakActionOnLogoff\": \"Deallocate\",\r\n    \"offPeakMinutesToWaitOnLogoff\": 10\r\n  }\r\n}",
      "isContentBase64": false,
      "Headers": {
      },
      "ContentHeaders": {
        "Content-Type": [ "application/json" ],
        "Content-Length": [ "1220" ]
      }
    },
    "Response": {
      "StatusCode": 200,
      "Headers": {
        "Cache-Control": [ "no-cache" ],
        "Pragma": [ "no-cache" ],
        "Vary": [ "Accept-Encoding" ],
        "x-ms-ratelimit-remaining-subscription-writes": [ "1095" ],
        "X-Rate-Limit-Limit": [ "0" ],
        "X-Rate-Limit-Remaining": [ "9223372036854775807" ],
        "X-Rate-Limit-Reset": [ "0" ],
        "x-ms-opsarmpath64": [ "L3N1YnNjcmlwdGlvbnMvZGJlZGVmMjUtMTg0Yy00MzBmLWIzODMtMGVlYjg3YzMyMDVkL3Jlc291cmNlR3JvdXBzL2FsZWNiVXNlclNlc3Npb25UZXN0cy9wcm92aWRlcnMvTWljcm9zb2Z0LkRlc2t0b3BWaXJ0dWFsaXphdGlvbi9zY2FsaW5nUGxhbnMvU2NhbGluZ1BsYW5Qb3dlcnNoZWxsQ29udGFpbmVkMS9wZXJzb25hbFNjaGVkdWxlcy9QZXJzb25hbFNjaGVkdWxlMQ==" ],
        "x-ms-lamport-ts": [ "139427222" ],
        "x-ms-correlation-id": [ "4dd8b9a7-e2fd-40fa-a60b-e0c315bafc47" ],
        "x-ms-request-id": [ "698113f3-210c-4128-8d22-c5527f368a15" ],
        "X-Content-Type-Options": [ "nosniff" ],
        "Set-Cookie": [ "ARRAffinity=5dd88b1b095b0bace916bbff8b6816e0a442269c15efc1ddf244384e7f96a14f;Path=/;HttpOnly;Secure;Domain=rdarmprovider-g-us-r0.wvdselfhost.microsoft.com", "ARRAffinitySameSite=5dd88b1b095b0bace916bbff8b6816e0a442269c15efc1ddf244384e7f96a14f;Path=/;HttpOnly;SameSite=None;Secure;Domain=rdarmprovider-g-us-r0.wvdselfhost.microsoft.com" ],
        "Server": [ "Microsoft-IIS/10.0" ],
        "X-Powered-By": [ "ASP.NET" ],
        "x-ms-correlation-request-id": [ "1dd6f9ae-a0b4-44ae-953a-554dc19256d5" ],
        "x-ms-routing-request-id": [ "WESTUS:20231222T043720Z:1dd6f9ae-a0b4-44ae-953a-554dc19256d5" ],
        "Strict-Transport-Security": [ "max-age=31536000; includeSubDomains" ],
        "Date": [ "Fri, 22 Dec 2023 04:37:19 GMT" ]
      },
      "ContentHeaders": {
        "Content-Length": [ "1851" ],
        "Content-Type": [ "application/json; charset=utf-8" ],
        "Expires": [ "-1" ]
      },
      "Content": "{\"name\":\"ScalingPlanPowershellContained1/PersonalSchedule1\",\"id\":\"/subscriptions/dbedef25-184c-430f-b383-0eeb87c3205d/resourcegroups/alecbUserSessionTests/providers/Microsoft.DesktopVirtualization/scalingplans/ScalingPlanPowershellContained1/personalSchedules/PersonalSchedule1\",\"type\":\"Microsoft.DesktopVirtualization/scalingplans/personalSchedules\",\"properties\":{\"rampUpStartTime\":{\"hour\":6,\"minute\":30},\"rampUpAutoStartHosts\":\"All\",\"rampUpStartVMOnConnect\":\"Enable\",\"rampUpMinutesToWaitOnDisconnect\":10,\"rampUpActionOnDisconnect\":\"None\",\"rampUpMinutesToWaitOnLogoff\":10,\"rampUpActionOnLogoff\":\"None\",\"peakStartTime\":{\"hour\":8,\"minute\":30},\"peakStartVMOnConnect\":\"Enable\",\"peakMinutesToWaitOnDisconnect\":10,\"peakActionOnDisconnect\":\"None\",\"peakMinutesToWaitOnLogoff\":10,\"peakActionOnLogoff\":\"None\",\"rampDownStartTime\":{\"hour\":16,\"minute\":0},\"rampDownStartVMOnConnect\":\"Enable\",\"rampDownMinutesToWaitOnDisconnect\":10,\"rampDownActionOnDisconnect\":\"None\",\"rampDownMinutesToWaitOnLogoff\":10,\"rampDownActionOnLogoff\":\"None\",\"offPeakStartTime\":{\"hour\":22,\"minute\":45},\"offPeakStartVMOnConnect\":\"Enable\",\"offPeakMinutesToWaitOnDisconnect\":10,\"offPeakActionOnDisconnect\":\"None\",\"offPeakMinutesToWaitOnLogoff\":10,\"offPeakActionOnLogoff\":\"Deallocate\",\"name\":\"PersonalSchedule1\",\"systemData\":{\"createdBy\":\"admin@wvdtesttenant.onmicrosoft.com\",\"createdByType\":\"User\",\"createdAt\":\"2023-12-22T04:37:19.9468236Z\",\"lastModifiedBy\":\"admin@wvdtesttenant.onmicrosoft.com\",\"lastModifiedByType\":\"User\",\"lastModifiedAt\":\"2023-12-22T04:37:19.9468236Z\"},\"daysOfWeek\":[\"Monday\",\"Tuesday\",\"Wednesday\",\"Thursday\",\"Friday\"]},\"systemData\":{\"createdBy\":\"admin@wvdtesttenant.onmicrosoft.com\",\"createdByType\":\"User\",\"createdAt\":\"2023-12-22T04:37:19.94Z\",\"lastModifiedBy\":\"admin@wvdtesttenant.onmicrosoft.com\",\"lastModifiedByType\":\"User\",\"lastModifiedAt\":\"2023-12-22T04:37:19.94Z\"}}",
      "isContentBase64": false
    }
  },
  "Remove-AzWvdScalingPlanPersonalSchedule+[NoContext]+Delete+$DELETE+https://management.azure.com/subscriptions/dbedef25-184c-430f-b383-0eeb87c3205d/resourceGroups/alecbUserSessionTests/providers/Microsoft.DesktopVirtualization/scalingPlans/ScalingPlanPowershellContained1/personalSchedules/PersonalSchedule1?api-version=2023-09-05+3": {
    "Request": {
      "Method": "DELETE",
      "RequestUri": "https://management.azure.com/subscriptions/dbedef25-184c-430f-b383-0eeb87c3205d/resourceGroups/alecbUserSessionTests/providers/Microsoft.DesktopVirtualization/scalingPlans/ScalingPlanPowershellContained1/personalSchedules/PersonalSchedule1?api-version=2023-09-05",
      "Content": null,
      "isContentBase64": false,
      "Headers": {
        "x-ms-unique-id": [ "296" ],
        "x-ms-client-request-id": [ "1e8df031-bae8-4c13-8b07-f771d57b37ce" ],
        "CommandName": [ "Remove-AzWvdScalingPlanPersonalSchedule" ],
        "FullCommandName": [ "Remove-AzWvdScalingPlanPersonalSchedule_Delete" ],
        "ParameterSetName": [ "__AllParameterSets" ],
        "User-Agent": [ "AzurePowershell/v0.0.0", "PSVersion/v7.2.17", "Az.DesktopVirtualization/2.1.0" ],
        "Authorization": [ "[Filtered]" ]
      },
      "ContentHeaders": {
      }
    },
    "Response": {
      "StatusCode": 200,
      "Headers": {
        "Cache-Control": [ "no-cache" ],
        "Pragma": [ "no-cache" ],
        "Vary": [ "Accept-Encoding" ],
        "x-ms-ratelimit-remaining-subscription-deletes": [ "14890" ],
        "X-Rate-Limit-Limit": [ "0" ],
        "X-Rate-Limit-Remaining": [ "9223372036854775807" ],
        "X-Rate-Limit-Reset": [ "0" ],
        "x-ms-opsarmpath64": [ "L3N1YnNjcmlwdGlvbnMvZGJlZGVmMjUtMTg0Yy00MzBmLWIzODMtMGVlYjg3YzMyMDVkL3Jlc291cmNlR3JvdXBzL2FsZWNiVXNlclNlc3Npb25UZXN0cy9wcm92aWRlcnMvTWljcm9zb2Z0LkRlc2t0b3BWaXJ0dWFsaXphdGlvbi9zY2FsaW5nUGxhbnMvU2NhbGluZ1BsYW5Qb3dlcnNoZWxsQ29udGFpbmVkMS9wZXJzb25hbFNjaGVkdWxlcy9QZXJzb25hbFNjaGVkdWxlMQ==" ],
        "x-ms-lamport-ts": [ "139427279" ],
        "x-ms-correlation-id": [ "3464e0be-3112-419a-8e4b-ebc0d86c3018" ],
        "x-ms-request-id": [ "1e8df031-bae8-4c13-8b07-f771d57b37ce" ],
        "X-Content-Type-Options": [ "nosniff" ],
        "Set-Cookie": [ "ARRAffinity=bd0dfb948b4e67ff60a11cd6e169712e6848609ad034c4789ebdf993fcec41fb;Path=/;HttpOnly;Secure;Domain=rdarmprovider-g-us-r0.wvdselfhost.microsoft.com", "ARRAffinitySameSite=bd0dfb948b4e67ff60a11cd6e169712e6848609ad034c4789ebdf993fcec41fb;Path=/;HttpOnly;SameSite=None;Secure;Domain=rdarmprovider-g-us-r0.wvdselfhost.microsoft.com" ],
        "Server": [ "Microsoft-IIS/10.0" ],
        "X-Powered-By": [ "ASP.NET" ],
        "x-ms-correlation-request-id": [ "cdeeef30-49ad-49be-b471-ae552ddcbee1" ],
        "x-ms-routing-request-id": [ "WESTUS:20231222T043720Z:cdeeef30-49ad-49be-b471-ae552ddcbee1" ],
        "Strict-Transport-Security": [ "max-age=31536000; includeSubDomains" ],
        "Date": [ "Fri, 22 Dec 2023 04:37:19 GMT" ]
      },
      "ContentHeaders": {
        "Content-Length": [ "1851" ],
        "Content-Type": [ "application/json; charset=utf-8" ],
        "Expires": [ "-1" ]
      },
      "Content": "{\"name\":\"ScalingPlanPowershellContained1/PersonalSchedule1\",\"id\":\"/subscriptions/dbedef25-184c-430f-b383-0eeb87c3205d/resourcegroups/alecbUserSessionTests/providers/Microsoft.DesktopVirtualization/scalingplans/ScalingPlanPowershellContained1/personalSchedules/PersonalSchedule1\",\"type\":\"Microsoft.DesktopVirtualization/scalingplans/personalSchedules\",\"properties\":{\"rampUpStartTime\":{\"hour\":6,\"minute\":30},\"rampUpAutoStartHosts\":\"All\",\"rampUpStartVMOnConnect\":\"Enable\",\"rampUpMinutesToWaitOnDisconnect\":10,\"rampUpActionOnDisconnect\":\"None\",\"rampUpMinutesToWaitOnLogoff\":10,\"rampUpActionOnLogoff\":\"None\",\"peakStartTime\":{\"hour\":8,\"minute\":30},\"peakStartVMOnConnect\":\"Enable\",\"peakMinutesToWaitOnDisconnect\":10,\"peakActionOnDisconnect\":\"None\",\"peakMinutesToWaitOnLogoff\":10,\"peakActionOnLogoff\":\"None\",\"rampDownStartTime\":{\"hour\":16,\"minute\":0},\"rampDownStartVMOnConnect\":\"Enable\",\"rampDownMinutesToWaitOnDisconnect\":10,\"rampDownActionOnDisconnect\":\"None\",\"rampDownMinutesToWaitOnLogoff\":10,\"rampDownActionOnLogoff\":\"None\",\"offPeakStartTime\":{\"hour\":22,\"minute\":45},\"offPeakStartVMOnConnect\":\"Enable\",\"offPeakMinutesToWaitOnDisconnect\":10,\"offPeakActionOnDisconnect\":\"None\",\"offPeakMinutesToWaitOnLogoff\":10,\"offPeakActionOnLogoff\":\"Deallocate\",\"name\":\"PersonalSchedule1\",\"systemData\":{\"createdBy\":\"admin@wvdtesttenant.onmicrosoft.com\",\"createdByType\":\"User\",\"createdAt\":\"2023-12-22T04:37:19.9468236Z\",\"lastModifiedBy\":\"admin@wvdtesttenant.onmicrosoft.com\",\"lastModifiedByType\":\"User\",\"lastModifiedAt\":\"2023-12-22T04:37:19.9468236Z\"},\"daysOfWeek\":[\"Monday\",\"Tuesday\",\"Wednesday\",\"Thursday\",\"Friday\"]},\"systemData\":{\"createdBy\":\"admin@wvdtesttenant.onmicrosoft.com\",\"createdByType\":\"User\",\"createdAt\":\"2023-12-22T04:37:19.94Z\",\"lastModifiedBy\":\"admin@wvdtesttenant.onmicrosoft.com\",\"lastModifiedByType\":\"User\",\"lastModifiedAt\":\"2023-12-22T04:37:19.94Z\"}}",
      "isContentBase64": false
    }
  },
  "Remove-AzWvdScalingPlanPersonalSchedule+[NoContext]+Delete+$GET+https://management.azure.com/subscriptions/dbedef25-184c-430f-b383-0eeb87c3205d/resourceGroups/alecbUserSessionTests/providers/Microsoft.DesktopVirtualization/scalingPlans/ScalingPlanPowershellContained1/personalSchedules?api-version=2023-09-05+4": {
    "Request": {
      "Method": "GET",
      "RequestUri": "https://management.azure.com/subscriptions/dbedef25-184c-430f-b383-0eeb87c3205d/resourceGroups/alecbUserSessionTests/providers/Microsoft.DesktopVirtualization/scalingPlans/ScalingPlanPowershellContained1/personalSchedules?api-version=2023-09-05",
      "Content": null,
      "isContentBase64": false,
      "Headers": {
        "x-ms-unique-id": [ "297" ],
        "x-ms-client-request-id": [ "81e4e46c-fa53-4669-a010-a2e27515f45f" ],
        "CommandName": [ "Get-AzWvdScalingPlanPersonalSchedule" ],
        "FullCommandName": [ "Get-AzWvdScalingPlanPersonalSchedule_List" ],
        "ParameterSetName": [ "__AllParameterSets" ],
        "User-Agent": [ "AzurePowershell/v0.0.0", "PSVersion/v7.2.17", "Az.DesktopVirtualization/2.1.0" ],
        "Authorization": [ "[Filtered]" ]
      },
      "ContentHeaders": {
      }
    },
    "Response": {
      "StatusCode": 200,
      "Headers": {
        "Cache-Control": [ "no-cache" ],
        "Pragma": [ "no-cache" ],
        "Vary": [ "Accept-Encoding" ],
        "x-ms-ratelimit-remaining-subscription-reads": [ "11926" ],
        "X-Rate-Limit-Limit": [ "0" ],
        "X-Rate-Limit-Remaining": [ "9223372036854775807" ],
        "X-Rate-Limit-Reset": [ "0" ],
        "x-ms-opsarmpath64": [ "L3N1YnNjcmlwdGlvbnMvZGJlZGVmMjUtMTg0Yy00MzBmLWIzODMtMGVlYjg3YzMyMDVkL3Jlc291cmNlR3JvdXBzL2FsZWNiVXNlclNlc3Npb25UZXN0cy9wcm92aWRlcnMvTWljcm9zb2Z0LkRlc2t0b3BWaXJ0dWFsaXphdGlvbi9zY2FsaW5nUGxhbnMvU2NhbGluZ1BsYW5Qb3dlcnNoZWxsQ29udGFpbmVkMQ==" ],
        "x-ms-lamport-ts": [ "139427216" ],
        "x-ms-correlation-id": [ "91b5340c-deac-4515-90c6-2fce85b2734c" ],
        "x-ms-request-id": [ "81e4e46c-fa53-4669-a010-a2e27515f45f" ],
        "X-Content-Type-Options": [ "nosniff" ],
        "Set-Cookie": [ "ARRAffinity=47e899d5dc0547d5646e3c2c0081ae2cb7fddd55609bf4af48732c4283928a51;Path=/;HttpOnly;Secure;Domain=rdarmprovider-g-us-r0.wvdselfhost.microsoft.com", "ARRAffinitySameSite=47e899d5dc0547d5646e3c2c0081ae2cb7fddd55609bf4af48732c4283928a51;Path=/;HttpOnly;SameSite=None;Secure;Domain=rdarmprovider-g-us-r0.wvdselfhost.microsoft.com" ],
        "Server": [ "Microsoft-IIS/10.0" ],
        "X-Powered-By": [ "ASP.NET" ],
        "x-ms-correlation-request-id": [ "836364df-68ce-4504-be61-3a6d8f36e935" ],
        "x-ms-routing-request-id": [ "WESTUS:20231222T043720Z:836364df-68ce-4504-be61-3a6d8f36e935" ],
        "Strict-Transport-Security": [ "max-age=31536000; includeSubDomains" ],
        "Date": [ "Fri, 22 Dec 2023 04:37:19 GMT" ]
      },
      "ContentHeaders": {
        "Content-Length": [ "28" ],
        "Content-Type": [ "application/json; charset=utf-8" ],
        "Expires": [ "-1" ]
      },
      "Content": "{\"value\":[],\"nextLink\":null}",
      "isContentBase64": false
    }
  },
  "Remove-AzWvdScalingPlanPersonalSchedule+[NoContext]+Delete+$DELETE+https://management.azure.com/subscriptions/dbedef25-184c-430f-b383-0eeb87c3205d/resourceGroups/alecbUserSessionTests/providers/Microsoft.DesktopVirtualization/scalingPlans/ScalingPlanPowershellContained1?api-version=2023-09-05+5": {
    "Request": {
      "Method": "DELETE",
      "RequestUri": "https://management.azure.com/subscriptions/dbedef25-184c-430f-b383-0eeb87c3205d/resourceGroups/alecbUserSessionTests/providers/Microsoft.DesktopVirtualization/scalingPlans/ScalingPlanPowershellContained1?api-version=2023-09-05",
      "Content": null,
      "isContentBase64": false,
      "Headers": {
        "x-ms-unique-id": [ "298" ],
        "x-ms-client-request-id": [ "5c8190dd-5bc0-43ab-9a78-89c07987c093" ],
        "CommandName": [ "Remove-AzWvdScalingPlan" ],
        "FullCommandName": [ "Remove-AzWvdScalingPlan_Delete" ],
        "ParameterSetName": [ "__AllParameterSets" ],
        "User-Agent": [ "AzurePowershell/v0.0.0", "PSVersion/v7.2.17", "Az.DesktopVirtualization/2.1.0" ],
        "Authorization": [ "[Filtered]" ]
      },
      "ContentHeaders": {
      }
    },
    "Response": {
      "StatusCode": 200,
      "Headers": {
        "Cache-Control": [ "no-cache" ],
        "Pragma": [ "no-cache" ],
        "Vary": [ "Accept-Encoding" ],
        "x-ms-ratelimit-remaining-subscription-deletes": [ "14889" ],
        "X-Rate-Limit-Limit": [ "0" ],
        "X-Rate-Limit-Remaining": [ "9223372036854775807" ],
        "X-Rate-Limit-Reset": [ "0" ],
        "x-ms-opsarmpath64": [ "L3N1YnNjcmlwdGlvbnMvZGJlZGVmMjUtMTg0Yy00MzBmLWIzODMtMGVlYjg3YzMyMDVkL3Jlc291cmNlR3JvdXBzL2FsZWNiVXNlclNlc3Npb25UZXN0cy9wcm92aWRlcnMvTWljcm9zb2Z0LkRlc2t0b3BWaXJ0dWFsaXphdGlvbi9zY2FsaW5nUGxhbnMvU2NhbGluZ1BsYW5Qb3dlcnNoZWxsQ29udGFpbmVkMQ==" ],
        "x-ms-lamport-ts": [ "139427225" ],
        "x-ms-correlation-id": [ "d1d613b4-2649-4fc1-b6e0-1b4b13424743" ],
        "x-ms-request-id": [ "5c8190dd-5bc0-43ab-9a78-89c07987c093" ],
        "X-Content-Type-Options": [ "nosniff" ],
        "Set-Cookie": [ "ARRAffinity=5dd88b1b095b0bace916bbff8b6816e0a442269c15efc1ddf244384e7f96a14f;Path=/;HttpOnly;Secure;Domain=rdarmprovider-g-us-r0.wvdselfhost.microsoft.com", "ARRAffinitySameSite=5dd88b1b095b0bace916bbff8b6816e0a442269c15efc1ddf244384e7f96a14f;Path=/;HttpOnly;SameSite=None;Secure;Domain=rdarmprovider-g-us-r0.wvdselfhost.microsoft.com" ],
        "Server": [ "Microsoft-IIS/10.0" ],
        "X-Powered-By": [ "ASP.NET" ],
        "x-ms-correlation-request-id": [ "90b01d91-d7a6-4203-81b5-204e3ed79720" ],
        "x-ms-routing-request-id": [ "WESTUS:20231222T043721Z:90b01d91-d7a6-4203-81b5-204e3ed79720" ],
        "Strict-Transport-Security": [ "max-age=31536000; includeSubDomains" ],
        "Date": [ "Fri, 22 Dec 2023 04:37:20 GMT" ]
      },
      "ContentHeaders": {
        "Content-Length": [ "801" ],
        "Content-Type": [ "application/json; charset=utf-8" ],
        "Expires": [ "-1" ]
      },
      "Content": "{\"name\":\"ScalingPlanPowershellContained1\",\"id\":\"/subscriptions/dbedef25-184c-430f-b383-0eeb87c3205d/resourcegroups/alecbUserSessionTests/providers/Microsoft.DesktopVirtualization/scalingplans/ScalingPlanPowershellContained1\",\"type\":\"Microsoft.DesktopVirtualization/scalingplans\",\"location\":\"westus2\",\"tags\":null,\"kind\":null,\"systemData\":{\"createdBy\":\"admin@wvdtesttenant.onmicrosoft.com\",\"createdByType\":\"User\",\"createdAt\":\"2023-12-22T04:37:19.60Z\",\"lastModifiedBy\":\"admin@wvdtesttenant.onmicrosoft.com\",\"lastModifiedByType\":\"User\",\"lastModifiedAt\":\"2023-12-22T04:37:19.60Z\"},\"properties\":{\"description\":\"desc\",\"friendlyName\":\"fri\",\"timeZone\":\"Pacific Standard Time\",\"hostPoolType\":\"Personal\",\"exclusionTag\":\"\",\"schedules\":[],\"hostPoolReferences\":[],\"objectId\":\"2f922443-c669-4be5-9c16-bd9226da2ab4\"}}",
      "isContentBase64": false
    }
  }
}