{
  "Remove-AzWvdPrivateEndpointConnection+[NoContext]+DeleteWorkspace+$GET+https://management.azure.com/subscriptions/dbedef25-184c-430f-b383-0eeb87c3205d/resourceGroups/alecbUserSessionTests/providers/Microsoft.DesktopVirtualization/workspaces/PrivateLinkWorkspace/privateEndpointConnections?api-version=2023-09-05+1": {
    "Request": {
      "Method": "GET",
      "RequestUri": "https://management.azure.com/subscriptions/dbedef25-184c-430f-b383-0eeb87c3205d/resourceGroups/alecbUserSessionTests/providers/Microsoft.DesktopVirtualization/workspaces/PrivateLinkWorkspace/privateEndpointConnections?api-version=2023-09-05",
      "Content": null,
      "isContentBase64": false,
      "Headers": {
        "x-ms-unique-id": [ "277" ],
        "x-ms-client-request-id": [ "3c337912-e4ce-4c76-94f0-91a78e27bba3" ],
        "CommandName": [ "Get-AzWvdPrivateEndpointConnection" ],
        "FullCommandName": [ "Get-AzWvdPrivateEndpointConnection_List" ],
        "ParameterSetName": [ "__AllParameterSets" ],
        "User-Agent": [ "AzurePowershell/v0.0.0", "PSVersion/v7.2.17", "Az.DesktopVirtualization/2.1.0" ],
        "Authorization": [ "[Filtered]" ]
      },
      "ContentHeaders": {
      }
    },
    "Response": {
      "StatusCode": 200,
      "Headers": {
        "Cache-Control": [ "no-cache" ],
        "Pragma": [ "no-cache" ],
        "Vary": [ "Accept-Encoding" ],
        "x-ms-ratelimit-remaining-subscription-reads": [ "11932" ],
        "X-Rate-Limit-Limit": [ "0" ],
        "X-Rate-Limit-Remaining": [ "9223372036854775807" ],
        "X-Rate-Limit-Reset": [ "0" ],
        "x-ms-opsarmpath64": [ "L3N1YnNjcmlwdGlvbnMvZGJlZGVmMjUtMTg0Yy00MzBmLWIzODMtMGVlYjg3YzMyMDVkL3Jlc291cmNlR3JvdXBzL2FsZWNiVXNlclNlc3Npb25UZXN0cy9wcm92aWRlcnMvTWljcm9zb2Z0LkRlc2t0b3BWaXJ0dWFsaXphdGlvbi93b3Jrc3BhY2VzL1ByaXZhdGVMaW5rV29ya3NwYWNl" ],
        "x-ms-lamport-ts": [ "139427207" ],
        "x-ms-correlation-id": [ "195776aa-3c1f-4a6f-80f7-4b29aacd7cc8" ],
        "x-ms-request-id": [ "3c337912-e4ce-4c76-94f0-91a78e27bba3" ],
        "X-Content-Type-Options": [ "nosniff" ],
        "Set-Cookie": [ "ARRAffinity=5dd88b1b095b0bace916bbff8b6816e0a442269c15efc1ddf244384e7f96a14f;Path=/;HttpOnly;Secure;Domain=rdarmprovider-g-us-r0.wvdselfhost.microsoft.com", "ARRAffinitySameSite=5dd88b1b095b0bace916bbff8b6816e0a442269c15efc1ddf244384e7f96a14f;Path=/;HttpOnly;SameSite=None;Secure;Domain=rdarmprovider-g-us-r0.wvdselfhost.microsoft.com" ],
        "Server": [ "Microsoft-IIS/10.0" ],
        "X-Powered-By": [ "ASP.NET" ],
        "x-ms-correlation-request-id": [ "25ebf49c-bcc7-414e-b719-48feb5c4289a" ],
        "x-ms-routing-request-id": [ "WESTUS:20231222T043657Z:25ebf49c-bcc7-414e-b719-48feb5c4289a" ],
        "Strict-Transport-Security": [ "max-age=31536000; includeSubDomains" ],
        "Date": [ "Fri, 22 Dec 2023 04:36:57 GMT" ]
      },
      "ContentHeaders": {
        "Content-Length": [ "1538" ],
        "Content-Type": [ "application/json; charset=utf-8" ],
        "Expires": [ "-1" ]
      },
      "Content": "{\"value\":[{\"name\":\"pwshTestPECWS1.32c42b83-95f6-4f91-b896-6f83d95d0480\",\"id\":\"/subscriptions/dbedef25-184c-430f-b383-0eeb87c3205d/resourcegroups/alecbUserSessionTests/providers/Microsoft.DesktopVirtualization/workspaces/PrivateLinkWorkspace/privateendpointconnections/pwshTestPECWS1.32c42b83-95f6-4f91-b896-6f83d95d0480\",\"type\":\"Microsoft.DesktopVirtualization/workspaces/privateendpointconnections\",\"properties\":{\"provisioningState\":\"Succeeded\",\"privateEndpoint\":{\"id\":\"/subscriptions/dbedef25-184c-430f-b383-0eeb87c3205d/resourcegroups/alecbusersessiontests/providers/microsoft.network/privateendpoints/pwshtestprivateendpointws1\"},\"privateLinkServiceConnectionState\":{\"status\":\"Approved\",\"description\":\"Auto-approved\",\"actionsRequired\":\"None\"}},\"systemData\":null},{\"name\":\"pwshTestPECWS.751729b1-6f41-4a9a-9dff-95f702d0d93a\",\"id\":\"/subscriptions/dbedef25-184c-430f-b383-0eeb87c3205d/resourcegroups/alecbUserSessionTests/providers/Microsoft.DesktopVirtualization/workspaces/PrivateLinkWorkspace/privateendpointconnections/pwshTestPECWS.751729b1-6f41-4a9a-9dff-95f702d0d93a\",\"type\":\"Microsoft.DesktopVirtualization/workspaces/privateendpointconnections\",\"properties\":{\"provisioningState\":\"Succeeded\",\"privateEndpoint\":{\"id\":\"/subscriptions/dbedef25-184c-430f-b383-0eeb87c3205d/resourcegroups/alecbusersessiontests/providers/microsoft.network/privateendpoints/pwshtestprivateendpointws\"},\"privateLinkServiceConnectionState\":{\"status\":\"Approved\",\"description\":\"Auto-approved\",\"actionsRequired\":\"None\"}},\"systemData\":null}],\"nextLink\":null}",
      "isContentBase64": false
    }
  },
  "Remove-AzWvdPrivateEndpointConnection+[NoContext]+DeleteWorkspace+$DELETE+https://management.azure.com/subscriptions/dbedef25-184c-430f-b383-0eeb87c3205d/resourceGroups/alecbUserSessionTests/providers/Microsoft.DesktopVirtualization/workspaces/PrivateLinkWorkspace/privateEndpointConnections/pwshTestPECWS.751729b1-6f41-4a9a-9dff-95f702d0d93a?api-version=2023-09-05+2": {
    "Request": {
      "Method": "DELETE",
      "RequestUri": "https://management.azure.com/subscriptions/dbedef25-184c-430f-b383-0eeb87c3205d/resourceGroups/alecbUserSessionTests/providers/Microsoft.DesktopVirtualization/workspaces/PrivateLinkWorkspace/privateEndpointConnections/pwshTestPECWS.751729b1-6f41-4a9a-9dff-95f702d0d93a?api-version=2023-09-05",
      "Content": null,
      "isContentBase64": false,
      "Headers": {
        "x-ms-unique-id": [ "278" ],
        "x-ms-client-request-id": [ "32fe71ba-7603-41b0-bd71-ed160eb8dbfe" ],
        "CommandName": [ "Remove-AzWvdPrivateEndpointConnection" ],
        "FullCommandName": [ "Remove-AzWvdPrivateEndpointConnection_Delete" ],
        "ParameterSetName": [ "__AllParameterSets" ],
        "User-Agent": [ "AzurePowershell/v0.0.0", "PSVersion/v7.2.17", "Az.DesktopVirtualization/2.1.0" ],
        "Authorization": [ "[Filtered]" ]
      },
      "ContentHeaders": {
      }
    },
    "Response": {
      "StatusCode": 200,
      "Headers": {
        "Cache-Control": [ "no-cache" ],
        "Pragma": [ "no-cache" ],
        "Vary": [ "Accept-Encoding" ],
        "x-ms-ratelimit-remaining-subscription-deletes": [ "14897" ],
        "X-Rate-Limit-Limit": [ "0" ],
        "X-Rate-Limit-Remaining": [ "9223372036854775807" ],
        "X-Rate-Limit-Reset": [ "0" ],
        "x-ms-opsarmpath64": [ "L3N1YnNjcmlwdGlvbnMvZGJlZGVmMjUtMTg0Yy00MzBmLWIzODMtMGVlYjg3YzMyMDVkL3Jlc291cmNlR3JvdXBzL2FsZWNiVXNlclNlc3Npb25UZXN0cy9wcm92aWRlcnMvTWljcm9zb2Z0LkRlc2t0b3BWaXJ0dWFsaXphdGlvbi93b3Jrc3BhY2VzL1ByaXZhdGVMaW5rV29ya3NwYWNlL3ByaXZhdGVFbmRwb2ludENvbm5lY3Rpb25zL3B3c2hUZXN0UEVDV1MuNzUxNzI5YjEtNmY0MS00YTlhLTlkZmYtOTVmNzAyZDBkOTNh" ],
        "x-ms-lamport-ts": [ "139427261" ],
        "x-ms-correlation-id": [ "0f445716-0228-43c9-b1fc-1c0bdaef8fdd" ],
        "x-ms-request-id": [ "32fe71ba-7603-41b0-bd71-ed160eb8dbfe" ],
        "X-Content-Type-Options": [ "nosniff" ],
        "Set-Cookie": [ "ARRAffinity=bd0dfb948b4e67ff60a11cd6e169712e6848609ad034c4789ebdf993fcec41fb;Path=/;HttpOnly;Secure;Domain=rdarmprovider-g-us-r0.wvdselfhost.microsoft.com", "ARRAffinitySameSite=bd0dfb948b4e67ff60a11cd6e169712e6848609ad034c4789ebdf993fcec41fb;Path=/;HttpOnly;SameSite=None;Secure;Domain=rdarmprovider-g-us-r0.wvdselfhost.microsoft.com" ],
        "Server": [ "Microsoft-IIS/10.0" ],
        "X-Powered-By": [ "ASP.NET" ],
        "x-ms-correlation-request-id": [ "6a30d573-7709-4e57-afee-df0fedd9f15f" ],
        "x-ms-routing-request-id": [ "WESTUS:20231222T043659Z:6a30d573-7709-4e57-afee-df0fedd9f15f" ],
        "Strict-Transport-Security": [ "max-age=31536000; includeSubDomains" ],
        "Date": [ "Fri, 22 Dec 2023 04:36:59 GMT" ]
      },
      "ContentHeaders": {
        "Content-Length": [ "757" ],
        "Content-Type": [ "application/json; charset=utf-8" ],
        "Expires": [ "-1" ]
      },
      "Content": "{\"name\":\"pwshTestPECWS.751729b1-6f41-4a9a-9dff-95f702d0d93a\",\"id\":\"/subscriptions/dbedef25-184c-430f-b383-0eeb87c3205d/resourcegroups/alecbUserSessionTests/providers/Microsoft.DesktopVirtualization/workspaces/PrivateLinkWorkspace/privateendpointconnections/pwshTestPECWS.751729b1-6f41-4a9a-9dff-95f702d0d93a\",\"type\":\"Microsoft.DesktopVirtualization/workspaces/privateendpointconnections\",\"properties\":{\"provisioningState\":\"Succeeded\",\"privateEndpoint\":{\"id\":\"/subscriptions/dbedef25-184c-430f-b383-0eeb87c3205d/resourcegroups/alecbusersessiontests/providers/microsoft.network/privateendpoints/pwshtestprivateendpointws\"},\"privateLinkServiceConnectionState\":{\"status\":\"Disconnected\",\"description\":\"Auto-approved\",\"actionsRequired\":\"None\"}},\"systemData\":null}",
      "isContentBase64": false
    }
  },
  "Remove-AzWvdPrivateEndpointConnection+[NoContext]+DeleteWorkspace+$DELETE+https://management.azure.com/subscriptions/dbedef25-184c-430f-b383-0eeb87c3205d/resourceGroups/alecbUserSessionTests/providers/Microsoft.DesktopVirtualization/workspaces/PrivateLinkWorkspace/privateEndpointConnections/pwshTestPECWS1.32c42b83-95f6-4f91-b896-6f83d95d0480?api-version=2023-09-05+3": {
    "Request": {
      "Method": "DELETE",
      "RequestUri": "https://management.azure.com/subscriptions/dbedef25-184c-430f-b383-0eeb87c3205d/resourceGroups/alecbUserSessionTests/providers/Microsoft.DesktopVirtualization/workspaces/PrivateLinkWorkspace/privateEndpointConnections/pwshTestPECWS1.32c42b83-95f6-4f91-b896-6f83d95d0480?api-version=2023-09-05",
      "Content": null,
      "isContentBase64": false,
      "Headers": {
        "x-ms-unique-id": [ "279" ],
        "x-ms-client-request-id": [ "74eba2cd-e239-4e49-888d-feffb6b10eda" ],
        "CommandName": [ "Remove-AzWvdPrivateEndpointConnection" ],
        "FullCommandName": [ "Remove-AzWvdPrivateEndpointConnection_Delete" ],
        "ParameterSetName": [ "__AllParameterSets" ],
        "User-Agent": [ "AzurePowershell/v0.0.0", "PSVersion/v7.2.17", "Az.DesktopVirtualization/2.1.0" ],
        "Authorization": [ "[Filtered]" ]
      },
      "ContentHeaders": {
      }
    },
    "Response": {
      "StatusCode": 200,
      "Headers": {
        "Cache-Control": [ "no-cache" ],
        "Pragma": [ "no-cache" ],
        "Vary": [ "Accept-Encoding" ],
        "x-ms-ratelimit-remaining-subscription-deletes": [ "14896" ],
        "X-Rate-Limit-Limit": [ "0" ],
        "X-Rate-Limit-Remaining": [ "9223372036854775807" ],
        "X-Rate-Limit-Reset": [ "0" ],
        "x-ms-opsarmpath64": [ "L3N1YnNjcmlwdGlvbnMvZGJlZGVmMjUtMTg0Yy00MzBmLWIzODMtMGVlYjg3YzMyMDVkL3Jlc291cmNlR3JvdXBzL2FsZWNiVXNlclNlc3Npb25UZXN0cy9wcm92aWRlcnMvTWljcm9zb2Z0LkRlc2t0b3BWaXJ0dWFsaXphdGlvbi93b3Jrc3BhY2VzL1ByaXZhdGVMaW5rV29ya3NwYWNlL3ByaXZhdGVFbmRwb2ludENvbm5lY3Rpb25zL3B3c2hUZXN0UEVDV1MxLjMyYzQyYjgzLTk1ZjYtNGY5MS1iODk2LTZmODNkOTVkMDQ4MA==" ],
        "x-ms-lamport-ts": [ "139427201" ],
        "x-ms-correlation-id": [ "f89b0286-3d11-42c2-8601-a74af4339705" ],
        "x-ms-request-id": [ "74eba2cd-e239-4e49-888d-feffb6b10eda" ],
        "X-Content-Type-Options": [ "nosniff" ],
        "Set-Cookie": [ "ARRAffinity=47e899d5dc0547d5646e3c2c0081ae2cb7fddd55609bf4af48732c4283928a51;Path=/;HttpOnly;Secure;Domain=rdarmprovider-g-us-r0.wvdselfhost.microsoft.com", "ARRAffinitySameSite=47e899d5dc0547d5646e3c2c0081ae2cb7fddd55609bf4af48732c4283928a51;Path=/;HttpOnly;SameSite=None;Secure;Domain=rdarmprovider-g-us-r0.wvdselfhost.microsoft.com" ],
        "Server": [ "Microsoft-IIS/10.0" ],
        "X-Powered-By": [ "ASP.NET" ],
        "x-ms-correlation-request-id": [ "29ff373e-fba1-4d1f-b904-4feeb19a406f" ],
        "x-ms-routing-request-id": [ "WESTUS:20231222T043703Z:29ff373e-fba1-4d1f-b904-4feeb19a406f" ],
        "Strict-Transport-Security": [ "max-age=31536000; includeSubDomains" ],
        "Date": [ "Fri, 22 Dec 2023 04:37:02 GMT" ]
      },
      "ContentHeaders": {
        "Content-Length": [ "760" ],
        "Content-Type": [ "application/json; charset=utf-8" ],
        "Expires": [ "-1" ]
      },
      "Content": "{\"name\":\"pwshTestPECWS1.32c42b83-95f6-4f91-b896-6f83d95d0480\",\"id\":\"/subscriptions/dbedef25-184c-430f-b383-0eeb87c3205d/resourcegroups/alecbUserSessionTests/providers/Microsoft.DesktopVirtualization/workspaces/PrivateLinkWorkspace/privateendpointconnections/pwshTestPECWS1.32c42b83-95f6-4f91-b896-6f83d95d0480\",\"type\":\"Microsoft.DesktopVirtualization/workspaces/privateendpointconnections\",\"properties\":{\"provisioningState\":\"Succeeded\",\"privateEndpoint\":{\"id\":\"/subscriptions/dbedef25-184c-430f-b383-0eeb87c3205d/resourcegroups/alecbusersessiontests/providers/microsoft.network/privateendpoints/pwshtestprivateendpointws1\"},\"privateLinkServiceConnectionState\":{\"status\":\"Disconnected\",\"description\":\"Auto-approved\",\"actionsRequired\":\"None\"}},\"systemData\":null}",
      "isContentBase64": false
    }
  },
  "Remove-AzWvdPrivateEndpointConnection+[NoContext]+DeleteWorkspace+$GET+https://management.azure.com/subscriptions/dbedef25-184c-430f-b383-0eeb87c3205d/resourceGroups/alecbUserSessionTests/providers/Microsoft.DesktopVirtualization/workspaces/PrivateLinkWorkspace/privateEndpointConnections?api-version=2023-09-05+4": {
    "Request": {
      "Method": "GET",
      "RequestUri": "https://management.azure.com/subscriptions/dbedef25-184c-430f-b383-0eeb87c3205d/resourceGroups/alecbUserSessionTests/providers/Microsoft.DesktopVirtualization/workspaces/PrivateLinkWorkspace/privateEndpointConnections?api-version=2023-09-05",
      "Content": null,
      "isContentBase64": false,
      "Headers": {
        "x-ms-unique-id": [ "280" ],
        "x-ms-client-request-id": [ "03a3fa1f-42e2-41de-8966-f7ad040eaf68" ],
        "CommandName": [ "Get-AzWvdPrivateEndpointConnection" ],
        "FullCommandName": [ "Get-AzWvdPrivateEndpointConnection_List" ],
        "ParameterSetName": [ "__AllParameterSets" ],
        "User-Agent": [ "AzurePowershell/v0.0.0", "PSVersion/v7.2.17", "Az.DesktopVirtualization/2.1.0" ],
        "Authorization": [ "[Filtered]" ]
      },
      "ContentHeaders": {
      }
    },
    "Response": {
      "StatusCode": 200,
      "Headers": {
        "Cache-Control": [ "no-cache" ],
        "Pragma": [ "no-cache" ],
        "Vary": [ "Accept-Encoding" ],
        "x-ms-ratelimit-remaining-subscription-reads": [ "11931" ],
        "X-Rate-Limit-Limit": [ "0" ],
        "X-Rate-Limit-Remaining": [ "9223372036854775807" ],
        "X-Rate-Limit-Reset": [ "0" ],
        "x-ms-opsarmpath64": [ "L3N1YnNjcmlwdGlvbnMvZGJlZGVmMjUtMTg0Yy00MzBmLWIzODMtMGVlYjg3YzMyMDVkL3Jlc291cmNlR3JvdXBzL2FsZWNiVXNlclNlc3Npb25UZXN0cy9wcm92aWRlcnMvTWljcm9zb2Z0LkRlc2t0b3BWaXJ0dWFsaXphdGlvbi93b3Jrc3BhY2VzL1ByaXZhdGVMaW5rV29ya3NwYWNl" ],
        "x-ms-lamport-ts": [ "139427264" ],
        "x-ms-correlation-id": [ "e5ceaf1f-da4b-455f-93c9-0cc4f67db9cb" ],
        "x-ms-request-id": [ "03a3fa1f-42e2-41de-8966-f7ad040eaf68" ],
        "X-Content-Type-Options": [ "nosniff" ],
        "Set-Cookie": [ "ARRAffinity=bd0dfb948b4e67ff60a11cd6e169712e6848609ad034c4789ebdf993fcec41fb;Path=/;HttpOnly;Secure;Domain=rdarmprovider-g-us-r0.wvdselfhost.microsoft.com", "ARRAffinitySameSite=bd0dfb948b4e67ff60a11cd6e169712e6848609ad034c4789ebdf993fcec41fb;Path=/;HttpOnly;SameSite=None;Secure;Domain=rdarmprovider-g-us-r0.wvdselfhost.microsoft.com" ],
        "Server": [ "Microsoft-IIS/10.0" ],
        "X-Powered-By": [ "ASP.NET" ],
        "x-ms-correlation-request-id": [ "cbe43961-9466-4684-8f72-adf0ae65542e" ],
        "x-ms-routing-request-id": [ "WESTUS:20231222T043703Z:cbe43961-9466-4684-8f72-adf0ae65542e" ],
        "Strict-Transport-Security": [ "max-age=31536000; includeSubDomains" ],
        "Date": [ "Fri, 22 Dec 2023 04:37:03 GMT" ]
      },
      "ContentHeaders": {
        "Content-Length": [ "28" ],
        "Content-Type": [ "application/json; charset=utf-8" ],
        "Expires": [ "-1" ]
      },
      "Content": "{\"value\":[],\"nextLink\":null}",
      "isContentBase64": false
    }
  },
  "Remove-AzWvdPrivateEndpointConnection+[NoContext]+DeleteHostpool+$GET+https://management.azure.com/subscriptions/dbedef25-184c-430f-b383-0eeb87c3205d/resourceGroups/alecbUserSessionTests/providers/Microsoft.DesktopVirtualization/hostPools/PrivateLinkHostPool/privateEndpointConnections?api-version=2023-09-05+1": {
    "Request": {
      "Method": "GET",
      "RequestUri": "https://management.azure.com/subscriptions/dbedef25-184c-430f-b383-0eeb87c3205d/resourceGroups/alecbUserSessionTests/providers/Microsoft.DesktopVirtualization/hostPools/PrivateLinkHostPool/privateEndpointConnections?api-version=2023-09-05",
      "Content": null,
      "isContentBase64": false,
      "Headers": {
        "x-ms-unique-id": [ "281" ],
        "x-ms-client-request-id": [ "f55a8654-1a54-4cca-ba7e-413ced700145" ],
        "CommandName": [ "Get-AzWvdPrivateEndpointConnection" ],
        "FullCommandName": [ "Get-AzWvdPrivateEndpointConnection_List1" ],
        "ParameterSetName": [ "__AllParameterSets" ],
        "User-Agent": [ "AzurePowershell/v0.0.0", "PSVersion/v7.2.17", "Az.DesktopVirtualization/2.1.0" ],
        "Authorization": [ "[Filtered]" ]
      },
      "ContentHeaders": {
      }
    },
    "Response": {
      "StatusCode": 200,
      "Headers": {
        "Cache-Control": [ "no-cache" ],
        "Pragma": [ "no-cache" ],
        "Vary": [ "Accept-Encoding" ],
        "x-ms-ratelimit-remaining-subscription-reads": [ "11930" ],
        "X-Rate-Limit-Limit": [ "0" ],
        "X-Rate-Limit-Remaining": [ "9223372036854775807" ],
        "X-Rate-Limit-Reset": [ "0" ],
        "x-ms-opsarmpath64": [ "L3N1YnNjcmlwdGlvbnMvZGJlZGVmMjUtMTg0Yy00MzBmLWIzODMtMGVlYjg3YzMyMDVkL3Jlc291cmNlR3JvdXBzL2FsZWNiVXNlclNlc3Npb25UZXN0cy9wcm92aWRlcnMvTWljcm9zb2Z0LkRlc2t0b3BWaXJ0dWFsaXphdGlvbi9ob3N0UG9vbHMvUHJpdmF0ZUxpbmtIb3N0UG9vbA==" ],
        "x-ms-lamport-ts": [ "139427204" ],
        "x-ms-correlation-id": [ "6dc6be58-1c6d-4e48-af50-a2a2a2732866" ],
        "x-ms-request-id": [ "f55a8654-1a54-4cca-ba7e-413ced700145" ],
        "X-Content-Type-Options": [ "nosniff" ],
        "Set-Cookie": [ "ARRAffinity=47e899d5dc0547d5646e3c2c0081ae2cb7fddd55609bf4af48732c4283928a51;Path=/;HttpOnly;Secure;Domain=rdarmprovider-g-us-r0.wvdselfhost.microsoft.com", "ARRAffinitySameSite=47e899d5dc0547d5646e3c2c0081ae2cb7fddd55609bf4af48732c4283928a51;Path=/;HttpOnly;SameSite=None;Secure;Domain=rdarmprovider-g-us-r0.wvdselfhost.microsoft.com" ],
        "Server": [ "Microsoft-IIS/10.0" ],
        "X-Powered-By": [ "ASP.NET" ],
        "x-ms-correlation-request-id": [ "7c28979b-3243-473e-9a05-c7bc74a4d686" ],
        "x-ms-routing-request-id": [ "WESTUS:20231222T043703Z:7c28979b-3243-473e-9a05-c7bc74a4d686" ],
        "Strict-Transport-Security": [ "max-age=31536000; includeSubDomains" ],
        "Date": [ "Fri, 22 Dec 2023 04:37:03 GMT" ]
      },
      "ContentHeaders": {
        "Content-Length": [ "1532" ],
        "Content-Type": [ "application/json; charset=utf-8" ],
        "Expires": [ "-1" ]
      },
      "Content": "{\"value\":[{\"name\":\"pwshTestPECHP.d635d51b-8121-4313-8a55-4abf52654b8e\",\"id\":\"/subscriptions/dbedef25-184c-430f-b383-0eeb87c3205d/resourcegroups/alecbUserSessionTests/providers/Microsoft.DesktopVirtualization/hostpools/PrivateLinkHostPool/privateendpointconnections/pwshTestPECHP.d635d51b-8121-4313-8a55-4abf52654b8e\",\"type\":\"Microsoft.DesktopVirtualization/hostpools/privateendpointconnections\",\"properties\":{\"provisioningState\":\"Succeeded\",\"privateEndpoint\":{\"id\":\"/subscriptions/dbedef25-184c-430f-b383-0eeb87c3205d/resourcegroups/alecbusersessiontests/providers/microsoft.network/privateendpoints/pwshtestprivateendpointhp\"},\"privateLinkServiceConnectionState\":{\"status\":\"Approved\",\"description\":\"Auto-approved\",\"actionsRequired\":\"None\"}},\"systemData\":null},{\"name\":\"pwshTestPECHP1.ceb959d5-deb5-4d38-902e-9d37a5df5a3e\",\"id\":\"/subscriptions/dbedef25-184c-430f-b383-0eeb87c3205d/resourcegroups/alecbUserSessionTests/providers/Microsoft.DesktopVirtualization/hostpools/PrivateLinkHostPool/privateendpointconnections/pwshTestPECHP1.ceb959d5-deb5-4d38-902e-9d37a5df5a3e\",\"type\":\"Microsoft.DesktopVirtualization/hostpools/privateendpointconnections\",\"properties\":{\"provisioningState\":\"Succeeded\",\"privateEndpoint\":{\"id\":\"/subscriptions/dbedef25-184c-430f-b383-0eeb87c3205d/resourcegroups/alecbusersessiontests/providers/microsoft.network/privateendpoints/pwshtestprivateendpointhp1\"},\"privateLinkServiceConnectionState\":{\"status\":\"Approved\",\"description\":\"Auto-approved\",\"actionsRequired\":\"None\"}},\"systemData\":null}],\"nextLink\":null}",
      "isContentBase64": false
    }
  },
  "Remove-AzWvdPrivateEndpointConnection+[NoContext]+DeleteHostpool+$DELETE+https://management.azure.com/subscriptions/dbedef25-184c-430f-b383-0eeb87c3205d/resourceGroups/alecbUserSessionTests/providers/Microsoft.DesktopVirtualization/hostPools/PrivateLinkHostPool/privateEndpointConnections/pwshTestPECHP.d635d51b-8121-4313-8a55-4abf52654b8e?api-version=2023-09-05+2": {
    "Request": {
      "Method": "DELETE",
      "RequestUri": "https://management.azure.com/subscriptions/dbedef25-184c-430f-b383-0eeb87c3205d/resourceGroups/alecbUserSessionTests/providers/Microsoft.DesktopVirtualization/hostPools/PrivateLinkHostPool/privateEndpointConnections/pwshTestPECHP.d635d51b-8121-4313-8a55-4abf52654b8e?api-version=2023-09-05",
      "Content": null,
      "isContentBase64": false,
      "Headers": {
        "x-ms-unique-id": [ "282" ],
        "x-ms-client-request-id": [ "e5d2905a-66d1-4b61-aa73-a5ea6a872e04" ],
        "CommandName": [ "Remove-AzWvdPrivateEndpointConnection" ],
        "FullCommandName": [ "Remove-AzWvdPrivateEndpointConnection_Delete1" ],
        "ParameterSetName": [ "__AllParameterSets" ],
        "User-Agent": [ "AzurePowershell/v0.0.0", "PSVersion/v7.2.17", "Az.DesktopVirtualization/2.1.0" ],
        "Authorization": [ "[Filtered]" ]
      },
      "ContentHeaders": {
      }
    },
    "Response": {
      "StatusCode": 200,
      "Headers": {
        "Cache-Control": [ "no-cache" ],
        "Pragma": [ "no-cache" ],
        "Vary": [ "Accept-Encoding" ],
        "x-ms-ratelimit-remaining-subscription-deletes": [ "14895" ],
        "X-Rate-Limit-Limit": [ "0" ],
        "X-Rate-Limit-Remaining": [ "9223372036854775807" ],
        "X-Rate-Limit-Reset": [ "0" ],
        "x-ms-opsarmpath64": [ "L3N1YnNjcmlwdGlvbnMvZGJlZGVmMjUtMTg0Yy00MzBmLWIzODMtMGVlYjg3YzMyMDVkL3Jlc291cmNlR3JvdXBzL2FsZWNiVXNlclNlc3Npb25UZXN0cy9wcm92aWRlcnMvTWljcm9zb2Z0LkRlc2t0b3BWaXJ0dWFsaXphdGlvbi9ob3N0UG9vbHMvUHJpdmF0ZUxpbmtIb3N0UG9vbC9wcml2YXRlRW5kcG9pbnRDb25uZWN0aW9ucy9wd3NoVGVzdFBFQ0hQLmQ2MzVkNTFiLTgxMjEtNDMxMy04YTU1LTRhYmY1MjY1NGI4ZQ==" ],
        "x-ms-lamport-ts": [ "139427210" ],
        "x-ms-correlation-id": [ "0b12d74f-778f-42be-868d-a7a4802dd373" ],
        "x-ms-request-id": [ "e5d2905a-66d1-4b61-aa73-a5ea6a872e04" ],
        "X-Content-Type-Options": [ "nosniff" ],
        "Set-Cookie": [ "ARRAffinity=5dd88b1b095b0bace916bbff8b6816e0a442269c15efc1ddf244384e7f96a14f;Path=/;HttpOnly;Secure;Domain=rdarmprovider-g-us-r0.wvdselfhost.microsoft.com", "ARRAffinitySameSite=5dd88b1b095b0bace916bbff8b6816e0a442269c15efc1ddf244384e7f96a14f;Path=/;HttpOnly;SameSite=None;Secure;Domain=rdarmprovider-g-us-r0.wvdselfhost.microsoft.com" ],
        "Server": [ "Microsoft-IIS/10.0" ],
        "X-Powered-By": [ "ASP.NET" ],
        "x-ms-correlation-request-id": [ "8e9cf201-258a-40d2-8d80-a4e4907ac954" ],
        "x-ms-routing-request-id": [ "WESTUS:20231222T043705Z:8e9cf201-258a-40d2-8d80-a4e4907ac954" ],
        "Strict-Transport-Security": [ "max-age=31536000; includeSubDomains" ],
        "Date": [ "Fri, 22 Dec 2023 04:37:05 GMT" ]
      },
      "ContentHeaders": {
        "Content-Length": [ "754" ],
        "Content-Type": [ "application/json; charset=utf-8" ],
        "Expires": [ "-1" ]
      },
      "Content": "{\"name\":\"pwshTestPECHP.d635d51b-8121-4313-8a55-4abf52654b8e\",\"id\":\"/subscriptions/dbedef25-184c-430f-b383-0eeb87c3205d/resourcegroups/alecbUserSessionTests/providers/Microsoft.DesktopVirtualization/hostpools/PrivateLinkHostPool/privateendpointconnections/pwshTestPECHP.d635d51b-8121-4313-8a55-4abf52654b8e\",\"type\":\"Microsoft.DesktopVirtualization/hostpools/privateendpointconnections\",\"properties\":{\"provisioningState\":\"Succeeded\",\"privateEndpoint\":{\"id\":\"/subscriptions/dbedef25-184c-430f-b383-0eeb87c3205d/resourcegroups/alecbusersessiontests/providers/microsoft.network/privateendpoints/pwshtestprivateendpointhp\"},\"privateLinkServiceConnectionState\":{\"status\":\"Disconnected\",\"description\":\"Auto-approved\",\"actionsRequired\":\"None\"}},\"systemData\":null}",
      "isContentBase64": false
    }
  },
  "Remove-AzWvdPrivateEndpointConnection+[NoContext]+DeleteHostpool+$DELETE+https://management.azure.com/subscriptions/dbedef25-184c-430f-b383-0eeb87c3205d/resourceGroups/alecbUserSessionTests/providers/Microsoft.DesktopVirtualization/hostPools/PrivateLinkHostPool/privateEndpointConnections/pwshTestPECHP1.ceb959d5-deb5-4d38-902e-9d37a5df5a3e?api-version=2023-09-05+3": {
    "Request": {
      "Method": "DELETE",
      "RequestUri": "https://management.azure.com/subscriptions/dbedef25-184c-430f-b383-0eeb87c3205d/resourceGroups/alecbUserSessionTests/providers/Microsoft.DesktopVirtualization/hostPools/PrivateLinkHostPool/privateEndpointConnections/pwshTestPECHP1.ceb959d5-deb5-4d38-902e-9d37a5df5a3e?api-version=2023-09-05",
      "Content": null,
      "isContentBase64": false,
      "Headers": {
        "x-ms-unique-id": [ "283" ],
        "x-ms-client-request-id": [ "7fa8175f-f09f-4b88-94fe-7de1fb75e8d5" ],
        "CommandName": [ "Remove-AzWvdPrivateEndpointConnection" ],
        "FullCommandName": [ "Remove-AzWvdPrivateEndpointConnection_Delete1" ],
        "ParameterSetName": [ "__AllParameterSets" ],
        "User-Agent": [ "AzurePowershell/v0.0.0", "PSVersion/v7.2.17", "Az.DesktopVirtualization/2.1.0" ],
        "Authorization": [ "[Filtered]" ]
      },
      "ContentHeaders": {
      }
    },
    "Response": {
      "StatusCode": 200,
      "Headers": {
        "Cache-Control": [ "no-cache" ],
        "Pragma": [ "no-cache" ],
        "Vary": [ "Accept-Encoding" ],
        "x-ms-ratelimit-remaining-subscription-deletes": [ "14894" ],
        "X-Rate-Limit-Limit": [ "0" ],
        "X-Rate-Limit-Remaining": [ "9223372036854775807" ],
        "X-Rate-Limit-Reset": [ "0" ],
        "x-ms-opsarmpath64": [ "L3N1YnNjcmlwdGlvbnMvZGJlZGVmMjUtMTg0Yy00MzBmLWIzODMtMGVlYjg3YzMyMDVkL3Jlc291cmNlR3JvdXBzL2FsZWNiVXNlclNlc3Npb25UZXN0cy9wcm92aWRlcnMvTWljcm9zb2Z0LkRlc2t0b3BWaXJ0dWFsaXphdGlvbi9ob3N0UG9vbHMvUHJpdmF0ZUxpbmtIb3N0UG9vbC9wcml2YXRlRW5kcG9pbnRDb25uZWN0aW9ucy9wd3NoVGVzdFBFQ0hQMS5jZWI5NTlkNS1kZWI1LTRkMzgtOTAyZS05ZDM3YTVkZjVhM2U=" ],
        "x-ms-lamport-ts": [ "139427267" ],
        "x-ms-correlation-id": [ "a0a565a9-30dc-4cf4-a185-9259f91a86be" ],
        "x-ms-request-id": [ "7fa8175f-f09f-4b88-94fe-7de1fb75e8d5" ],
        "X-Content-Type-Options": [ "nosniff" ],
        "Set-Cookie": [ "ARRAffinity=bd0dfb948b4e67ff60a11cd6e169712e6848609ad034c4789ebdf993fcec41fb;Path=/;HttpOnly;Secure;Domain=rdarmprovider-g-us-r0.wvdselfhost.microsoft.com", "ARRAffinitySameSite=bd0dfb948b4e67ff60a11cd6e169712e6848609ad034c4789ebdf993fcec41fb;Path=/;HttpOnly;SameSite=None;Secure;Domain=rdarmprovider-g-us-r0.wvdselfhost.microsoft.com" ],
        "Server": [ "Microsoft-IIS/10.0" ],
        "X-Powered-By": [ "ASP.NET" ],
        "x-ms-correlation-request-id": [ "d2e1037c-0444-4bef-a265-2d0cd3cafdbe" ],
        "x-ms-routing-request-id": [ "WESTUS:20231222T043711Z:d2e1037c-0444-4bef-a265-2d0cd3cafdbe" ],
        "Strict-Transport-Security": [ "max-age=31536000; includeSubDomains" ],
        "Date": [ "Fri, 22 Dec 2023 04:37:10 GMT" ]
      },
      "ContentHeaders": {
        "Content-Length": [ "757" ],
        "Content-Type": [ "application/json; charset=utf-8" ],
        "Expires": [ "-1" ]
      },
      "Content": "{\"name\":\"pwshTestPECHP1.ceb959d5-deb5-4d38-902e-9d37a5df5a3e\",\"id\":\"/subscriptions/dbedef25-184c-430f-b383-0eeb87c3205d/resourcegroups/alecbUserSessionTests/providers/Microsoft.DesktopVirtualization/hostpools/PrivateLinkHostPool/privateendpointconnections/pwshTestPECHP1.ceb959d5-deb5-4d38-902e-9d37a5df5a3e\",\"type\":\"Microsoft.DesktopVirtualization/hostpools/privateendpointconnections\",\"properties\":{\"provisioningState\":\"Succeeded\",\"privateEndpoint\":{\"id\":\"/subscriptions/dbedef25-184c-430f-b383-0eeb87c3205d/resourcegroups/alecbusersessiontests/providers/microsoft.network/privateendpoints/pwshtestprivateendpointhp1\"},\"privateLinkServiceConnectionState\":{\"status\":\"Disconnected\",\"description\":\"Auto-approved\",\"actionsRequired\":\"None\"}},\"systemData\":null}",
      "isContentBase64": false
    }
  },
  "Remove-AzWvdPrivateEndpointConnection+[NoContext]+DeleteHostpool+$GET+https://management.azure.com/subscriptions/dbedef25-184c-430f-b383-0eeb87c3205d/resourceGroups/alecbUserSessionTests/providers/Microsoft.DesktopVirtualization/hostPools/PrivateLinkHostPool/privateEndpointConnections?api-version=2023-09-05+4": {
    "Request": {
      "Method": "GET",
      "RequestUri": "https://management.azure.com/subscriptions/dbedef25-184c-430f-b383-0eeb87c3205d/resourceGroups/alecbUserSessionTests/providers/Microsoft.DesktopVirtualization/hostPools/PrivateLinkHostPool/privateEndpointConnections?api-version=2023-09-05",
      "Content": null,
      "isContentBase64": false,
      "Headers": {
        "x-ms-unique-id": [ "284" ],
        "x-ms-client-request-id": [ "707f4476-e90c-4e41-9482-1fa9fcb245bf" ],
        "CommandName": [ "Get-AzWvdPrivateEndpointConnection" ],
        "FullCommandName": [ "Get-AzWvdPrivateEndpointConnection_List1" ],
        "ParameterSetName": [ "__AllParameterSets" ],
        "User-Agent": [ "AzurePowershell/v0.0.0", "PSVersion/v7.2.17", "Az.DesktopVirtualization/2.1.0" ],
        "Authorization": [ "[Filtered]" ]
      },
      "ContentHeaders": {
      }
    },
    "Response": {
      "StatusCode": 200,
      "Headers": {
        "Cache-Control": [ "no-cache" ],
        "Pragma": [ "no-cache" ],
        "Vary": [ "Accept-Encoding" ],
        "x-ms-ratelimit-remaining-subscription-reads": [ "11929" ],
        "X-Rate-Limit-Limit": [ "0" ],
        "X-Rate-Limit-Remaining": [ "9223372036854775807" ],
        "X-Rate-Limit-Reset": [ "0" ],
        "x-ms-opsarmpath64": [ "L3N1YnNjcmlwdGlvbnMvZGJlZGVmMjUtMTg0Yy00MzBmLWIzODMtMGVlYjg3YzMyMDVkL3Jlc291cmNlR3JvdXBzL2FsZWNiVXNlclNlc3Npb25UZXN0cy9wcm92aWRlcnMvTWljcm9zb2Z0LkRlc2t0b3BWaXJ0dWFsaXphdGlvbi9ob3N0UG9vbHMvUHJpdmF0ZUxpbmtIb3N0UG9vbA==" ],
        "x-ms-lamport-ts": [ "139427213" ],
        "x-ms-correlation-id": [ "abbbd4bb-1a73-438f-97a7-ea9197c104a9" ],
        "x-ms-request-id": [ "707f4476-e90c-4e41-9482-1fa9fcb245bf" ],
        "X-Content-Type-Options": [ "nosniff" ],
        "Set-Cookie": [ "ARRAffinity=5dd88b1b095b0bace916bbff8b6816e0a442269c15efc1ddf244384e7f96a14f;Path=/;HttpOnly;Secure;Domain=rdarmprovider-g-us-r0.wvdselfhost.microsoft.com", "ARRAffinitySameSite=5dd88b1b095b0bace916bbff8b6816e0a442269c15efc1ddf244384e7f96a14f;Path=/;HttpOnly;SameSite=None;Secure;Domain=rdarmprovider-g-us-r0.wvdselfhost.microsoft.com" ],
        "Server": [ "Microsoft-IIS/10.0" ],
        "X-Powered-By": [ "ASP.NET" ],
        "x-ms-correlation-request-id": [ "0078d1d3-b39a-4985-a7f2-d7a8eca08099" ],
        "x-ms-routing-request-id": [ "WESTUS:20231222T043711Z:0078d1d3-b39a-4985-a7f2-d7a8eca08099" ],
        "Strict-Transport-Security": [ "max-age=31536000; includeSubDomains" ],
        "Date": [ "Fri, 22 Dec 2023 04:37:10 GMT" ]
      },
      "ContentHeaders": {
        "Content-Length": [ "28" ],
        "Content-Type": [ "application/json; charset=utf-8" ],
        "Expires": [ "-1" ]
      },
      "Content": "{\"value\":[],\"nextLink\":null}",
      "isContentBase64": false
    }
  }
}