{
  "Remove-AzWvdScalingPlanPersonalSchedule+[NoContext]+Delete+$PUT+https://management.azure.com/subscriptions/dbedef25-184c-430f-b383-0eeb87c3205d/resourceGroups/alecbUserSessionTests/providers/Microsoft.DesktopVirtualization/scalingPlans/ScalingPlanPowershellContained1?api-version=2024-04-08-preview+1": {
    "Request": {
      "Method": "PUT",
      "RequestUri": "https://management.azure.com/subscriptions/dbedef25-184c-430f-b383-0eeb87c3205d/resourceGroups/alecbUserSessionTests/providers/Microsoft.DesktopVirtualization/scalingPlans/ScalingPlanPowershellContained1?api-version=2024-04-08-preview",
      "Content": "{\r\n  \"location\": \"westus2\",\r\n  \"properties\": {\r\n    \"description\": \"desc\",\r\n    \"friendlyName\": \"fri\",\r\n    \"timeZone\": \"Pacific Standard Time\",\r\n    \"hostPoolType\": \"Personal\",\r\n    \"schedules\": [ ],\r\n    \"hostPoolReferences\": [ ]\r\n  }\r\n}",
      "isContentBase64": false,
      "Headers": {
      },
      "ContentHeaders": {
        "Content-Type": [ "application/json" ],
        "Content-Length": [ "239" ]
      }
    },
    "Response": {
      "StatusCode": 201,
      "Headers": {
        "Cache-Control": [ "no-cache" ],
        "Pragma": [ "no-cache" ],
        "Location": [ "/subscriptions/dbedef25-184c-430f-b383-0eeb87c3205d/resourcegroups/alecbUserSessionTests/providers/Microsoft.DesktopVirtualization/scalingplans/ScalingPlanPowershellContained1" ],
        "Set-Cookie": [ "ARRAffinity=6ed70d129f929e9c0dc1324370ea99cd733e8f3cb78772a9b8793f4f636e0cf7;Path=/;HttpOnly;Secure;Domain=rdarmprovider-g-us-r0.wvdselfhost.microsoft.com", "ARRAffinitySameSite=6ed70d129f929e9c0dc1324370ea99cd733e8f3cb78772a9b8793f4f636e0cf7;Path=/;HttpOnly;SameSite=None;Secure;Domain=rdarmprovider-g-us-r0.wvdselfhost.microsoft.com" ],
        "X-Rate-Limit-Limit": [ "0" ],
        "X-Rate-Limit-Remaining": [ "9223372036854775807" ],
        "X-Rate-Limit-Reset": [ "0" ],
        "x-ms-opsarmpath64": [ "L3N1YnNjcmlwdGlvbnMvZGJlZGVmMjUtMTg0Yy00MzBmLWIzODMtMGVlYjg3YzMyMDVkL3Jlc291cmNlR3JvdXBzL2FsZWNiVXNlclNlc3Npb25UZXN0cy9wcm92aWRlcnMvTWljcm9zb2Z0LkRlc2t0b3BWaXJ0dWFsaXphdGlvbi9zY2FsaW5nUGxhbnMvU2NhbGluZ1BsYW5Qb3dlcnNoZWxsQ29udGFpbmVkMQ==" ],
        "x-ms-lamport-ts": [ "179536166" ],
        "x-ms-correlation-id": [ "2e6a4701-e3f3-49d6-8389-c3b387f2cd4c" ],
        "x-ms-request-id": [ "790fc852-1d8c-4764-b5fa-ce8be9cc9f72" ],
        "X-Powered-By": [ "ASP.NET" ],
        "X-Content-Type-Options": [ "nosniff" ],
        "x-ms-ratelimit-remaining-subscription-writes": [ "199" ],
        "x-ms-ratelimit-remaining-subscription-global-writes": [ "2999" ],
        "x-ms-correlation-request-id": [ "6c217cb6-86f3-4fd7-b3fb-3a20b1194db4" ],
        "x-ms-routing-request-id": [ "EASTUS2:20240924T221724Z:6c217cb6-86f3-4fd7-b3fb-3a20b1194db4" ],
        "Strict-Transport-Security": [ "max-age=31536000; includeSubDomains" ],
        "X-Cache": [ "CONFIG_NOCACHE" ],
        "X-MSEdge-Ref": [ "Ref A: 2D9E8AD060E7495F84E810C84D7410F6 Ref B: MNZ221060618031 Ref C: 2024-09-24T22:17:21Z" ],
        "Date": [ "Tue, 24 Sep 2024 22:17:23 GMT" ]
      },
      "ContentHeaders": {
        "Content-Length": [ "815" ],
        "Content-Type": [ "application/json; charset=utf-8" ],
        "Expires": [ "-1" ]
      },
      "Content": "{\"name\":\"ScalingPlanPowershellContained1\",\"id\":\"/subscriptions/dbedef25-184c-430f-b383-0eeb87c3205d/resourcegroups/alecbUserSessionTests/providers/Microsoft.DesktopVirtualization/scalingplans/ScalingPlanPowershellContained1\",\"type\":\"Microsoft.DesktopVirtualization/scalingplans\",\"location\":\"westus2\",\"tags\":null,\"kind\":null,\"systemData\":{\"createdBy\":\"ryanoshinsky@wvdtesttenant.onmicrosoft.com\",\"createdByType\":\"User\",\"createdAt\":\"2024-09-24T22:17:22.71Z\",\"lastModifiedBy\":\"ryanoshinsky@wvdtesttenant.onmicrosoft.com\",\"lastModifiedByType\":\"User\",\"lastModifiedAt\":\"2024-09-24T22:17:22.71Z\"},\"properties\":{\"description\":\"desc\",\"friendlyName\":\"fri\",\"timeZone\":\"Pacific Standard Time\",\"hostPoolType\":\"Personal\",\"exclusionTag\":\"\",\"schedules\":[],\"hostPoolReferences\":[],\"objectId\":\"c69c54e1-b674-4658-903f-82d16cfbdd44\"}}",
      "isContentBase64": false
    }
  },
  "Remove-AzWvdScalingPlanPersonalSchedule+[NoContext]+Delete+$PUT+https://management.azure.com/subscriptions/dbedef25-184c-430f-b383-0eeb87c3205d/resourceGroups/alecbUserSessionTests/providers/Microsoft.DesktopVirtualization/scalingPlans/ScalingPlanPowershellContained1/personalSchedules/PersonalSchedule1?api-version=2024-04-08-preview+2": {
    "Request": {
      "Method": "PUT",
      "RequestUri": "https://management.azure.com/subscriptions/dbedef25-184c-430f-b383-0eeb87c3205d/resourceGroups/alecbUserSessionTests/providers/Microsoft.DesktopVirtualization/scalingPlans/ScalingPlanPowershellContained1/personalSchedules/PersonalSchedule1?api-version=2024-04-08-preview",
      "Content": "{\r\n  \"properties\": {\r\n    \"rampUpStartTime\": {\r\n      \"hour\": 6,\r\n      \"minute\": 30\r\n    },\r\n    \"peakStartTime\": {\r\n      \"hour\": 8,\r\n      \"minute\": 30\r\n    },\r\n    \"rampDownStartTime\": {\r\n      \"hour\": 16,\r\n      \"minute\": 0\r\n    },\r\n    \"offPeakStartTime\": {\r\n      \"hour\": 22,\r\n      \"minute\": 45\r\n    },\r\n    \"daysOfWeek\": [ \"Monday\", \"Tuesday\", \"Wednesday\", \"Thursday\", \"Friday\" ],\r\n    \"rampUpAutoStartHosts\": \"All\",\r\n    \"rampUpStartVMOnConnect\": \"Enable\",\r\n    \"rampUpActionOnDisconnect\": \"None\",\r\n    \"rampUpMinutesToWaitOnDisconnect\": 10,\r\n    \"rampUpActionOnLogoff\": \"None\",\r\n    \"rampUpMinutesToWaitOnLogoff\": 10,\r\n    \"peakStartVMOnConnect\": \"Enable\",\r\n    \"peakActionOnDisconnect\": \"None\",\r\n    \"peakMinutesToWaitOnDisconnect\": 10,\r\n    \"peakMinutesToWaitOnLogoff\": 10,\r\n    \"rampDownStartVMOnConnect\": \"Enable\",\r\n    \"rampDownActionOnDisconnect\": \"None\",\r\n    \"rampDownMinutesToWaitOnDisconnect\": 10,\r\n    \"rampDownActionOnLogoff\": \"None\",\r\n    \"rampDownMinutesToWaitOnLogoff\": 10,\r\n    \"offPeakStartVMOnConnect\": \"Enable\",\r\n    \"offPeakActionOnDisconnect\": \"None\",\r\n    \"offPeakMinutesToWaitOnDisconnect\": 10,\r\n    \"offPeakActionOnLogoff\": \"Deallocate\",\r\n    \"offPeakMinutesToWaitOnLogoff\": 10\r\n  }\r\n}",
      "isContentBase64": false,
      "Headers": {
      },
      "ContentHeaders": {
        "Content-Type": [ "application/json" ],
        "Content-Length": [ "1220" ]
      }
    },
    "Response": {
      "StatusCode": 200,
      "Headers": {
        "Cache-Control": [ "no-cache" ],
        "Pragma": [ "no-cache" ],
        "Vary": [ "Accept-Encoding" ],
        "Set-Cookie": [ "ARRAffinity=68684045b6f67894fddd7c62f3ba5f363c3d53ed896664c0df0e95751fa52bff;Path=/;HttpOnly;Secure;Domain=rdarmprovider-g-us-r0.wvdselfhost.microsoft.com", "ARRAffinitySameSite=68684045b6f67894fddd7c62f3ba5f363c3d53ed896664c0df0e95751fa52bff;Path=/;HttpOnly;SameSite=None;Secure;Domain=rdarmprovider-g-us-r0.wvdselfhost.microsoft.com" ],
        "x-ms-ratelimit-remaining-subscription-writes": [ "199" ],
        "X-Rate-Limit-Limit": [ "0" ],
        "X-Rate-Limit-Remaining": [ "9223372036854775807" ],
        "X-Rate-Limit-Reset": [ "0" ],
        "x-ms-opsarmpath64": [ "L3N1YnNjcmlwdGlvbnMvZGJlZGVmMjUtMTg0Yy00MzBmLWIzODMtMGVlYjg3YzMyMDVkL3Jlc291cmNlR3JvdXBzL2FsZWNiVXNlclNlc3Npb25UZXN0cy9wcm92aWRlcnMvTWljcm9zb2Z0LkRlc2t0b3BWaXJ0dWFsaXphdGlvbi9zY2FsaW5nUGxhbnMvU2NhbGluZ1BsYW5Qb3dlcnNoZWxsQ29udGFpbmVkMS9wZXJzb25hbFNjaGVkdWxlcy9QZXJzb25hbFNjaGVkdWxlMQ==" ],
        "x-ms-lamport-ts": [ "179536328" ],
        "x-ms-correlation-id": [ "b03fba87-e293-4aa2-a784-444284e83b38" ],
        "x-ms-request-id": [ "f67cd114-e1f9-4228-8781-c3008d28ca8a" ],
        "X-Powered-By": [ "ASP.NET" ],
        "X-Content-Type-Options": [ "nosniff" ],
        "x-ms-ratelimit-remaining-subscription-global-writes": [ "2999" ],
        "x-ms-correlation-request-id": [ "a8ea2764-5f95-4013-95ea-9ed72f59c0bf" ],
        "x-ms-routing-request-id": [ "EASTUS2:20240924T221726Z:a8ea2764-5f95-4013-95ea-9ed72f59c0bf" ],
        "Strict-Transport-Security": [ "max-age=31536000; includeSubDomains" ],
        "X-Cache": [ "CONFIG_NOCACHE" ],
        "X-MSEdge-Ref": [ "Ref A: 66C75FEFC48948A79BD022CBFC87A83E Ref B: MNZ221060618031 Ref C: 2024-09-24T22:17:24Z" ],
        "Date": [ "Tue, 24 Sep 2024 22:17:26 GMT" ]
      },
      "ContentHeaders": {
        "Content-Length": [ "1879" ],
        "Content-Type": [ "application/json; charset=utf-8" ],
        "Expires": [ "-1" ]
      },
      "Content": "{\"name\":\"ScalingPlanPowershellContained1/PersonalSchedule1\",\"id\":\"/subscriptions/dbedef25-184c-430f-b383-0eeb87c3205d/resourcegroups/alecbUserSessionTests/providers/Microsoft.DesktopVirtualization/scalingplans/ScalingPlanPowershellContained1/personalSchedules/PersonalSchedule1\",\"type\":\"Microsoft.DesktopVirtualization/scalingplans/personalSchedules\",\"properties\":{\"rampUpStartTime\":{\"hour\":6,\"minute\":30},\"rampUpAutoStartHosts\":\"All\",\"rampUpStartVMOnConnect\":\"Enable\",\"rampUpMinutesToWaitOnDisconnect\":10,\"rampUpActionOnDisconnect\":\"None\",\"rampUpMinutesToWaitOnLogoff\":10,\"rampUpActionOnLogoff\":\"None\",\"peakStartTime\":{\"hour\":8,\"minute\":30},\"peakStartVMOnConnect\":\"Enable\",\"peakMinutesToWaitOnDisconnect\":10,\"peakActionOnDisconnect\":\"None\",\"peakMinutesToWaitOnLogoff\":10,\"peakActionOnLogoff\":\"None\",\"rampDownStartTime\":{\"hour\":16,\"minute\":0},\"rampDownStartVMOnConnect\":\"Enable\",\"rampDownMinutesToWaitOnDisconnect\":10,\"rampDownActionOnDisconnect\":\"None\",\"rampDownMinutesToWaitOnLogoff\":10,\"rampDownActionOnLogoff\":\"None\",\"offPeakStartTime\":{\"hour\":22,\"minute\":45},\"offPeakStartVMOnConnect\":\"Enable\",\"offPeakMinutesToWaitOnDisconnect\":10,\"offPeakActionOnDisconnect\":\"None\",\"offPeakMinutesToWaitOnLogoff\":10,\"offPeakActionOnLogoff\":\"Deallocate\",\"name\":\"PersonalSchedule1\",\"systemData\":{\"createdBy\":\"ryanoshinsky@wvdtesttenant.onmicrosoft.com\",\"createdByType\":\"User\",\"createdAt\":\"2024-09-24T22:17:26.2707621Z\",\"lastModifiedBy\":\"ryanoshinsky@wvdtesttenant.onmicrosoft.com\",\"lastModifiedByType\":\"User\",\"lastModifiedAt\":\"2024-09-24T22:17:26.2707621Z\"},\"daysOfWeek\":[\"Monday\",\"Tuesday\",\"Wednesday\",\"Thursday\",\"Friday\"]},\"systemData\":{\"createdBy\":\"ryanoshinsky@wvdtesttenant.onmicrosoft.com\",\"createdByType\":\"User\",\"createdAt\":\"2024-09-24T22:17:26.27Z\",\"lastModifiedBy\":\"ryanoshinsky@wvdtesttenant.onmicrosoft.com\",\"lastModifiedByType\":\"User\",\"lastModifiedAt\":\"2024-09-24T22:17:26.27Z\"}}",
      "isContentBase64": false
    }
  },
  "Remove-AzWvdScalingPlanPersonalSchedule+[NoContext]+Delete+$DELETE+https://management.azure.com/subscriptions/dbedef25-184c-430f-b383-0eeb87c3205d/resourceGroups/alecbUserSessionTests/providers/Microsoft.DesktopVirtualization/scalingPlans/ScalingPlanPowershellContained1/personalSchedules/PersonalSchedule1?api-version=2024-04-08-preview+3": {
    "Request": {
      "Method": "DELETE",
      "RequestUri": "https://management.azure.com/subscriptions/dbedef25-184c-430f-b383-0eeb87c3205d/resourceGroups/alecbUserSessionTests/providers/Microsoft.DesktopVirtualization/scalingPlans/ScalingPlanPowershellContained1/personalSchedules/PersonalSchedule1?api-version=2024-04-08-preview",
      "Content": null,
      "isContentBase64": false,
      "Headers": {
        "x-ms-unique-id": [ "343" ],
        "x-ms-client-request-id": [ "2d2385d4-5f10-4184-9ff3-39a238fad1d2" ],
        "CommandName": [ "Remove-AzWvdScalingPlanPersonalSchedule" ],
        "FullCommandName": [ "Remove-AzWvdScalingPlanPersonalSchedule_Delete" ],
        "ParameterSetName": [ "__AllParameterSets" ],
        "User-Agent": [ "AzurePowershell/v8.2.0", "PSVersion/v7.4.5", "Az.DesktopVirtualization/2.1.0" ],
        "Authorization": [ "[Filtered]" ]
      },
      "ContentHeaders": {
      }
    },
    "Response": {
      "StatusCode": 200,
      "Headers": {
        "Cache-Control": [ "no-cache" ],
        "Pragma": [ "no-cache" ],
        "Vary": [ "Accept-Encoding" ],
        "Set-Cookie": [ "ARRAffinity=68684045b6f67894fddd7c62f3ba5f363c3d53ed896664c0df0e95751fa52bff;Path=/;HttpOnly;Secure;Domain=rdarmprovider-g-us-r0.wvdselfhost.microsoft.com", "ARRAffinitySameSite=68684045b6f67894fddd7c62f3ba5f363c3d53ed896664c0df0e95751fa52bff;Path=/;HttpOnly;SameSite=None;Secure;Domain=rdarmprovider-g-us-r0.wvdselfhost.microsoft.com" ],
        "x-ms-ratelimit-remaining-subscription-deletes": [ "199" ],
        "X-Rate-Limit-Limit": [ "0" ],
        "X-Rate-Limit-Remaining": [ "9223372036854775807" ],
        "X-Rate-Limit-Reset": [ "0" ],
        "x-ms-opsarmpath64": [ "L3N1YnNjcmlwdGlvbnMvZGJlZGVmMjUtMTg0Yy00MzBmLWIzODMtMGVlYjg3YzMyMDVkL3Jlc291cmNlR3JvdXBzL2FsZWNiVXNlclNlc3Npb25UZXN0cy9wcm92aWRlcnMvTWljcm9zb2Z0LkRlc2t0b3BWaXJ0dWFsaXphdGlvbi9zY2FsaW5nUGxhbnMvU2NhbGluZ1BsYW5Qb3dlcnNoZWxsQ29udGFpbmVkMS9wZXJzb25hbFNjaGVkdWxlcy9QZXJzb25hbFNjaGVkdWxlMQ==" ],
        "x-ms-lamport-ts": [ "179536331" ],
        "x-ms-correlation-id": [ "3e65fa68-e1df-471b-9d62-ff046feb14c2" ],
        "x-ms-request-id": [ "2d2385d4-5f10-4184-9ff3-39a238fad1d2" ],
        "X-Powered-By": [ "ASP.NET" ],
        "X-Content-Type-Options": [ "nosniff" ],
        "x-ms-ratelimit-remaining-subscription-global-deletes": [ "2999" ],
        "x-ms-correlation-request-id": [ "a53e2a83-b89b-4ed9-b142-91d8fb849375" ],
        "x-ms-routing-request-id": [ "EASTUS2:20240924T221727Z:a53e2a83-b89b-4ed9-b142-91d8fb849375" ],
        "Strict-Transport-Security": [ "max-age=31536000; includeSubDomains" ],
        "X-Cache": [ "CONFIG_NOCACHE" ],
        "X-MSEdge-Ref": [ "Ref A: F0A5829B0ACD4CF8AE3D49D02E678F28 Ref B: MNZ221060618031 Ref C: 2024-09-24T22:17:26Z" ],
        "Date": [ "Tue, 24 Sep 2024 22:17:27 GMT" ]
      },
      "ContentHeaders": {
        "Content-Length": [ "1879" ],
        "Content-Type": [ "application/json; charset=utf-8" ],
        "Expires": [ "-1" ]
      },
      "Content": "{\"name\":\"ScalingPlanPowershellContained1/PersonalSchedule1\",\"id\":\"/subscriptions/dbedef25-184c-430f-b383-0eeb87c3205d/resourcegroups/alecbUserSessionTests/providers/Microsoft.DesktopVirtualization/scalingplans/ScalingPlanPowershellContained1/personalSchedules/PersonalSchedule1\",\"type\":\"Microsoft.DesktopVirtualization/scalingplans/personalSchedules\",\"properties\":{\"rampUpStartTime\":{\"hour\":6,\"minute\":30},\"rampUpAutoStartHosts\":\"All\",\"rampUpStartVMOnConnect\":\"Enable\",\"rampUpMinutesToWaitOnDisconnect\":10,\"rampUpActionOnDisconnect\":\"None\",\"rampUpMinutesToWaitOnLogoff\":10,\"rampUpActionOnLogoff\":\"None\",\"peakStartTime\":{\"hour\":8,\"minute\":30},\"peakStartVMOnConnect\":\"Enable\",\"peakMinutesToWaitOnDisconnect\":10,\"peakActionOnDisconnect\":\"None\",\"peakMinutesToWaitOnLogoff\":10,\"peakActionOnLogoff\":\"None\",\"rampDownStartTime\":{\"hour\":16,\"minute\":0},\"rampDownStartVMOnConnect\":\"Enable\",\"rampDownMinutesToWaitOnDisconnect\":10,\"rampDownActionOnDisconnect\":\"None\",\"rampDownMinutesToWaitOnLogoff\":10,\"rampDownActionOnLogoff\":\"None\",\"offPeakStartTime\":{\"hour\":22,\"minute\":45},\"offPeakStartVMOnConnect\":\"Enable\",\"offPeakMinutesToWaitOnDisconnect\":10,\"offPeakActionOnDisconnect\":\"None\",\"offPeakMinutesToWaitOnLogoff\":10,\"offPeakActionOnLogoff\":\"Deallocate\",\"name\":\"PersonalSchedule1\",\"systemData\":{\"createdBy\":\"ryanoshinsky@wvdtesttenant.onmicrosoft.com\",\"createdByType\":\"User\",\"createdAt\":\"2024-09-24T22:17:26.2707621Z\",\"lastModifiedBy\":\"ryanoshinsky@wvdtesttenant.onmicrosoft.com\",\"lastModifiedByType\":\"User\",\"lastModifiedAt\":\"2024-09-24T22:17:26.2707621Z\"},\"daysOfWeek\":[\"Monday\",\"Tuesday\",\"Wednesday\",\"Thursday\",\"Friday\"]},\"systemData\":{\"createdBy\":\"ryanoshinsky@wvdtesttenant.onmicrosoft.com\",\"createdByType\":\"User\",\"createdAt\":\"2024-09-24T22:17:26.27Z\",\"lastModifiedBy\":\"ryanoshinsky@wvdtesttenant.onmicrosoft.com\",\"lastModifiedByType\":\"User\",\"lastModifiedAt\":\"2024-09-24T22:17:26.27Z\"}}",
      "isContentBase64": false
    }
  },
  "Remove-AzWvdScalingPlanPersonalSchedule+[NoContext]+Delete+$GET+https://management.azure.com/subscriptions/dbedef25-184c-430f-b383-0eeb87c3205d/resourceGroups/alecbUserSessionTests/providers/Microsoft.DesktopVirtualization/scalingPlans/ScalingPlanPowershellContained1/personalSchedules?api-version=2024-04-08-preview+4": {
    "Request": {
      "Method": "GET",
      "RequestUri": "https://management.azure.com/subscriptions/dbedef25-184c-430f-b383-0eeb87c3205d/resourceGroups/alecbUserSessionTests/providers/Microsoft.DesktopVirtualization/scalingPlans/ScalingPlanPowershellContained1/personalSchedules?api-version=2024-04-08-preview",
      "Content": null,
      "isContentBase64": false,
      "Headers": {
        "x-ms-unique-id": [ "344" ],
        "x-ms-client-request-id": [ "204748a6-11b8-4e28-a89b-100e6eed09a1" ],
        "CommandName": [ "Get-AzWvdScalingPlanPersonalSchedule" ],
        "FullCommandName": [ "Get-AzWvdScalingPlanPersonalSchedule_List" ],
        "ParameterSetName": [ "__AllParameterSets" ],
        "User-Agent": [ "AzurePowershell/v8.2.0", "PSVersion/v7.4.5", "Az.DesktopVirtualization/2.1.0" ],
        "Authorization": [ "[Filtered]" ]
      },
      "ContentHeaders": {
      }
    },
    "Response": {
      "StatusCode": 200,
      "Headers": {
        "Cache-Control": [ "no-cache" ],
        "Pragma": [ "no-cache" ],
        "Vary": [ "Accept-Encoding" ],
        "Set-Cookie": [ "ARRAffinity=6ed70d129f929e9c0dc1324370ea99cd733e8f3cb78772a9b8793f4f636e0cf7;Path=/;HttpOnly;Secure;Domain=rdarmprovider-g-us-r0.wvdselfhost.microsoft.com", "ARRAffinitySameSite=6ed70d129f929e9c0dc1324370ea99cd733e8f3cb78772a9b8793f4f636e0cf7;Path=/;HttpOnly;SameSite=None;Secure;Domain=rdarmprovider-g-us-r0.wvdselfhost.microsoft.com" ],
        "x-ms-ratelimit-remaining-subscription-reads": [ "249" ],
        "X-Rate-Limit-Limit": [ "0" ],
        "X-Rate-Limit-Remaining": [ "9223372036854775807" ],
        "X-Rate-Limit-Reset": [ "0" ],
        "x-ms-opsarmpath64": [ "L3N1YnNjcmlwdGlvbnMvZGJlZGVmMjUtMTg0Yy00MzBmLWIzODMtMGVlYjg3YzMyMDVkL3Jlc291cmNlR3JvdXBzL2FsZWNiVXNlclNlc3Npb25UZXN0cy9wcm92aWRlcnMvTWljcm9zb2Z0LkRlc2t0b3BWaXJ0dWFsaXphdGlvbi9zY2FsaW5nUGxhbnMvU2NhbGluZ1BsYW5Qb3dlcnNoZWxsQ29udGFpbmVkMQ==" ],
        "x-ms-lamport-ts": [ "179536176" ],
        "x-ms-correlation-id": [ "c15747dc-b6ae-418f-9e3f-f0351a961273" ],
        "x-ms-request-id": [ "204748a6-11b8-4e28-a89b-100e6eed09a1" ],
        "X-Powered-By": [ "ASP.NET" ],
        "X-Content-Type-Options": [ "nosniff" ],
        "x-ms-ratelimit-remaining-subscription-global-reads": [ "3749" ],
        "x-ms-correlation-request-id": [ "3e9a0672-6d27-4ec3-8b2d-8265ce63e471" ],
        "x-ms-routing-request-id": [ "EASTUS2:20240924T221730Z:3e9a0672-6d27-4ec3-8b2d-8265ce63e471" ],
        "Strict-Transport-Security": [ "max-age=31536000; includeSubDomains" ],
        "X-Cache": [ "CONFIG_NOCACHE" ],
        "X-MSEdge-Ref": [ "Ref A: D785CEB60C6E411182A713AC40423B96 Ref B: MNZ221060618031 Ref C: 2024-09-24T22:17:27Z" ],
        "Date": [ "Tue, 24 Sep 2024 22:17:29 GMT" ]
      },
      "ContentHeaders": {
        "Content-Length": [ "28" ],
        "Content-Type": [ "application/json; charset=utf-8" ],
        "Expires": [ "-1" ]
      },
      "Content": "{\"value\":[],\"nextLink\":null}",
      "isContentBase64": false
    }
  },
  "Remove-AzWvdScalingPlanPersonalSchedule+[NoContext]+Delete+$DELETE+https://management.azure.com/subscriptions/dbedef25-184c-430f-b383-0eeb87c3205d/resourceGroups/alecbUserSessionTests/providers/Microsoft.DesktopVirtualization/scalingPlans/ScalingPlanPowershellContained1?api-version=2024-04-08-preview+5": {
    "Request": {
      "Method": "DELETE",
      "RequestUri": "https://management.azure.com/subscriptions/dbedef25-184c-430f-b383-0eeb87c3205d/resourceGroups/alecbUserSessionTests/providers/Microsoft.DesktopVirtualization/scalingPlans/ScalingPlanPowershellContained1?api-version=2024-04-08-preview",
      "Content": null,
      "isContentBase64": false,
      "Headers": {
        "x-ms-unique-id": [ "345" ],
        "x-ms-client-request-id": [ "b893731d-2801-44c9-9a31-a9fe62eb63a9" ],
        "CommandName": [ "Remove-AzWvdScalingPlan" ],
        "FullCommandName": [ "Remove-AzWvdScalingPlan_Delete" ],
        "ParameterSetName": [ "__AllParameterSets" ],
        "User-Agent": [ "AzurePowershell/v8.2.0", "PSVersion/v7.4.5", "Az.DesktopVirtualization/2.1.0" ],
        "Authorization": [ "[Filtered]" ]
      },
      "ContentHeaders": {
      }
    },
    "Response": {
      "StatusCode": 200,
      "Headers": {
        "Cache-Control": [ "no-cache" ],
        "Pragma": [ "no-cache" ],
        "Vary": [ "Accept-Encoding" ],
        "Set-Cookie": [ "ARRAffinity=6ed70d129f929e9c0dc1324370ea99cd733e8f3cb78772a9b8793f4f636e0cf7;Path=/;HttpOnly;Secure;Domain=rdarmprovider-g-us-r0.wvdselfhost.microsoft.com", "ARRAffinitySameSite=6ed70d129f929e9c0dc1324370ea99cd733e8f3cb78772a9b8793f4f636e0cf7;Path=/;HttpOnly;SameSite=None;Secure;Domain=rdarmprovider-g-us-r0.wvdselfhost.microsoft.com" ],
        "x-ms-ratelimit-remaining-subscription-deletes": [ "199" ],
        "X-Rate-Limit-Limit": [ "0" ],
        "X-Rate-Limit-Remaining": [ "9223372036854775807" ],
        "X-Rate-Limit-Reset": [ "0" ],
        "x-ms-opsarmpath64": [ "L3N1YnNjcmlwdGlvbnMvZGJlZGVmMjUtMTg0Yy00MzBmLWIzODMtMGVlYjg3YzMyMDVkL3Jlc291cmNlR3JvdXBzL2FsZWNiVXNlclNlc3Npb25UZXN0cy9wcm92aWRlcnMvTWljcm9zb2Z0LkRlc2t0b3BWaXJ0dWFsaXphdGlvbi9zY2FsaW5nUGxhbnMvU2NhbGluZ1BsYW5Qb3dlcnNoZWxsQ29udGFpbmVkMQ==" ],
        "x-ms-lamport-ts": [ "179536179" ],
        "x-ms-correlation-id": [ "02e14701-49a4-4935-b972-833277bb5ae1" ],
        "x-ms-request-id": [ "b893731d-2801-44c9-9a31-a9fe62eb63a9" ],
        "X-Powered-By": [ "ASP.NET" ],
        "X-Content-Type-Options": [ "nosniff" ],
        "x-ms-ratelimit-remaining-subscription-global-deletes": [ "2999" ],
        "x-ms-correlation-request-id": [ "9d0381c3-157b-4559-b4bf-e0094462f933" ],
        "x-ms-routing-request-id": [ "EASTUS2:20240924T221731Z:9d0381c3-157b-4559-b4bf-e0094462f933" ],
        "Strict-Transport-Security": [ "max-age=31536000; includeSubDomains" ],
        "X-Cache": [ "CONFIG_NOCACHE" ],
        "X-MSEdge-Ref": [ "Ref A: 110A089CF0D04344B78BFAC1A5BD7DF3 Ref B: MNZ221060618031 Ref C: 2024-09-24T22:17:30Z" ],
        "Date": [ "Tue, 24 Sep 2024 22:17:30 GMT" ]
      },
      "ContentHeaders": {
        "Content-Length": [ "815" ],
        "Content-Type": [ "application/json; charset=utf-8" ],
        "Expires": [ "-1" ]
      },
      "Content": "{\"name\":\"ScalingPlanPowershellContained1\",\"id\":\"/subscriptions/dbedef25-184c-430f-b383-0eeb87c3205d/resourcegroups/alecbUserSessionTests/providers/Microsoft.DesktopVirtualization/scalingplans/ScalingPlanPowershellContained1\",\"type\":\"Microsoft.DesktopVirtualization/scalingplans\",\"location\":\"westus2\",\"tags\":null,\"kind\":null,\"systemData\":{\"createdBy\":\"ryanoshinsky@wvdtesttenant.onmicrosoft.com\",\"createdByType\":\"User\",\"createdAt\":\"2024-09-24T22:17:22.71Z\",\"lastModifiedBy\":\"ryanoshinsky@wvdtesttenant.onmicrosoft.com\",\"lastModifiedByType\":\"User\",\"lastModifiedAt\":\"2024-09-24T22:17:22.71Z\"},\"properties\":{\"description\":\"desc\",\"friendlyName\":\"fri\",\"timeZone\":\"Pacific Standard Time\",\"hostPoolType\":\"Personal\",\"exclusionTag\":\"\",\"schedules\":[],\"hostPoolReferences\":[],\"objectId\":\"c69c54e1-b674-4658-903f-82d16cfbdd44\"}}",
      "isContentBase64": false
    }
  }
}