{
  "Remove-AzWvdAppAttachPackage+[NoContext]+Delete+$PUT+https://management.azure.com/subscriptions/6738509d-84ed-4ad6-974a-7dc4e3c34146/resourceGroups/zhongjie-rg-wus/providers/Microsoft.DesktopVirtualization/appAttachPackages/TestPackage?api-version=2025-11-01-preview+1": {
    "Request": {
      "Method": "PUT",
      "RequestUri": "https://management.azure.com/subscriptions/6738509d-84ed-4ad6-974a-7dc4e3c34146/resourceGroups/zhongjie-rg-wus/providers/Microsoft.DesktopVirtualization/appAttachPackages/TestPackage?api-version=2025-11-01-preview",
      "Content": "{\r\n  \"location\": \"westus2\",\r\n  \"properties\": {\r\n    \"image\": {\r\n      \"imagePath\": \"C:\\\\\\\\msix\\\\SingleMsix.vhd\",\r\n      \"packageName\": \"MsixUnitTest_Name\",\r\n      \"packageFamilyName\": \"MsixUnitTest_FamilyName\",\r\n      \"packageFullName\": \"AATest_FullName_UnitTest\",\r\n      \"displayName\": \"UnitTest-MSIXPackage\",\r\n      \"packageRelativePath\": \"MsixUnitTest_RelativePackageRoot\",\r\n      \"isRegularRegistration\": true,\r\n      \"isActive\": true,\r\n      \"packageDependencies\": [\r\n        {\r\n          \"dependencyName\": \"MsixTest_Dependency_Name\",\r\n          \"publisher\": \"MsixTest_Dependency_Publisher\",\r\n          \"minVersion\": \"0.0.0.42\"\r\n        }\r\n      ],\r\n      \"version\": \"0.0.18838.722\",\r\n      \"lastUpdated\": \"0001-01-01T00:00:00.0000000\",\r\n      \"packageApplications\": [\r\n        {\r\n          \"appId\": \"MsixTest_Application_Id\",\r\n          \"description\": \"testing from ps\",\r\n          \"appUserModelID\": \"MsixTest_Application_ModelID\",\r\n          \"friendlyName\": \"some name\",\r\n          \"iconImageName\": \"Apptile\",\r\n          \"rawIcon\": \"c29tZSBpbWFnZQ==\",\r\n          \"rawPng\": \"c29tZSBpbWFnZQ==\"\r\n        }\r\n      ]\r\n    },\r\n    \"failHealthCheckOnStagingFailure\": \"Unhealthy\"\r\n  }\r\n}",
      "isContentBase64": false,
      "Headers": {
      },
      "ContentHeaders": {
        "Content-Type": [ "application/json" ],
        "Content-Length": [ "1186" ]
      }
    },
    "Response": {
      "StatusCode": 201,
      "Headers": {
        "Cache-Control": [ "no-cache" ],
        "Pragma": [ "no-cache" ],
        "Location": [ "/subscriptions/6738509d-84ed-4ad6-974a-7dc4e3c34146/resourcegroups/zhongjie-rg-wus/providers/Microsoft.DesktopVirtualization/appattachpackages/TestPackage" ],
        "Set-Cookie": [ "ARRAffinity=ef9bdbeebd9e8fd1c371cb72cf507422b060ba0c9a7456117efdf038b6c44eb6;Path=/;HttpOnly;Secure;Domain=rdarmprovider-g-us-r0.wvd.microsoft.com", "ARRAffinitySameSite=ef9bdbeebd9e8fd1c371cb72cf507422b060ba0c9a7456117efdf038b6c44eb6;Path=/;HttpOnly;SameSite=None;Secure;Domain=rdarmprovider-g-us-r0.wvd.microsoft.com" ],
        "X-Rate-Limit-Limit": [ "0" ],
        "X-Rate-Limit-Remaining": [ "9223372036854775807" ],
        "X-Rate-Limit-Reset": [ "0" ],
        "x-ms-opsarmpath64": [ "L3N1YnNjcmlwdGlvbnMvNjczODUwOWQtODRlZC00YWQ2LTk3NGEtN2RjNGUzYzM0MTQ2L3Jlc291cmNlR3JvdXBzL3pob25namllLXJnLXd1cy9wcm92aWRlcnMvTWljcm9zb2Z0LkRlc2t0b3BWaXJ0dWFsaXphdGlvbi9hcHBBdHRhY2hQYWNrYWdlcy9UZXN0UGFja2FnZQ==" ],
        "x-ms-lamport-ts": [ "10339998361" ],
        "x-ms-correlation-id": [ "b2c4ba50-30e8-4f1a-b812-86acd7521210" ],
        "x-ms-request-id": [ "2bfbf784-9c62-460f-8b4a-0f4d4cf08559" ],
        "X-Powered-By": [ "ASP.NET" ],
        "X-Content-Type-Options": [ "nosniff" ],
        "x-ms-operation-identifier": [ "tenantId=715492f1-ef6e-4eea-9176-7c81e765c3c8,objectId=20778267-e9a4-46ba-97d7-7b7e5b321864/westus2/35b10a9b-5170-4f35-b4f4-193a9b14f384" ],
        "x-ms-ratelimit-remaining-subscription-writes": [ "199" ],
        "x-ms-ratelimit-remaining-subscription-global-writes": [ "2999" ],
        "x-ms-correlation-request-id": [ "684786c5-0b5d-40d1-bb30-07508e2bf91a" ],
        "x-ms-routing-request-id": [ "WESTUS2:20251119T054657Z:684786c5-0b5d-40d1-bb30-07508e2bf91a" ],
        "Strict-Transport-Security": [ "max-age=31536000; includeSubDomains" ],
        "X-Cache": [ "CONFIG_NOCACHE" ],
        "X-MSEdge-Ref": [ "Ref A: 5CE7DCED3A1740D7B77EBBD99A44AC37 Ref B: SG2AA1070305052 Ref C: 2025-11-19T05:46:57Z" ],
        "Date": [ "Wed, 19 Nov 2025 05:46:58 GMT" ]
      },
      "ContentHeaders": {
        "Content-Length": [ "1669" ],
        "Content-Type": [ "application/json; charset=utf-8" ],
        "Expires": [ "-1" ]
      },
      "Content": "{\"name\":\"TestPackage\",\"id\":\"/subscriptions/6738509d-84ed-4ad6-974a-7dc4e3c34146/resourcegroups/zhongjie-rg-wus/providers/Microsoft.DesktopVirtualization/appattachpackages/TestPackage\",\"type\":\"Microsoft.DesktopVirtualization/appattachpackages\",\"location\":\"westus2\",\"tags\":{},\"kind\":null,\"systemData\":{\"createdBy\":\"guorui@microsoft.com\",\"createdByType\":\"User\",\"createdAt\":\"2025-11-19T05:46:57.33Z\",\"lastModifiedBy\":\"guorui@microsoft.com\",\"lastModifiedByType\":\"User\",\"lastModifiedAt\":\"2025-11-19T05:46:57.33Z\"},\"properties\":{\"deploymentScope\":\"Geographical\",\"repositoryResourceId\":null,\"repositoryApplicationId\":null,\"customData\":null,\"packageOwnerName\":\"AppAttach\",\"packageLookbackUrl\":null,\"image\":{\"packageAlias\":null,\"imagePath\":\"C:\\\\\\\\msix\\\\SingleMsix.vhd\",\"packageName\":\"MsixUnitTest_Name\",\"packageFamilyName\":\"MsixUnitTest_FamilyName\",\"packageFullName\":\"AATest_FullName_UnitTest\",\"displayName\":\"UnitTest-MSIXPackage\",\"packageRelativePath\":\"MsixUnitTest_RelativePackageRoot\",\"isRegularRegistration\":true,\"isActive\":true,\"packageDependencies\":[{\"dependencyName\":\"MsixTest_Dependency_Name\",\"publisher\":\"MsixTest_Dependency_Publisher\",\"minVersion\":\"0.0.0.42\"}],\"version\":\"0.0.18838.722\",\"lastUpdated\":\"0001-01-01T00:00:00\",\"packageApplications\":[{\"appUserModelID\":\"MsixTest_Application_ModelID\",\"appId\":\"MsixTest_Application_Id\",\"description\":\"testing from ps\",\"friendlyName\":\"some name\",\"iconImageName\":\"Apptile\",\"rawIcon\":\"c29tZSBpbWFnZQ==\",\"rawPng\":\"c29tZSBpbWFnZQ==\"}],\"certificateExpiry\":\"0001-01-01T00:00:00\",\"certificateName\":null,\"isPackageTimestamped\":\"NotTimestamped\"},\"hostPoolReferences\":[],\"failHealthCheckOnStagingFailure\":\"Unhealthy\",\"keyVaultURL\":null}}",
      "isContentBase64": false
    }
  },
  "Remove-AzWvdAppAttachPackage+[NoContext]+Delete+$GET+https://management.azure.com/subscriptions/6738509d-84ed-4ad6-974a-7dc4e3c34146/resourceGroups/zhongjie-rg-wus/providers/Microsoft.DesktopVirtualization/appAttachPackages/TestPackage?api-version=2025-11-01-preview+2": {
    "Request": {
      "Method": "GET",
      "RequestUri": "https://management.azure.com/subscriptions/6738509d-84ed-4ad6-974a-7dc4e3c34146/resourceGroups/zhongjie-rg-wus/providers/Microsoft.DesktopVirtualization/appAttachPackages/TestPackage?api-version=2025-11-01-preview",
      "Content": null,
      "isContentBase64": false,
      "Headers": {
        "x-ms-unique-id": [ "278" ],
        "x-ms-client-request-id": [ "7dbadad0-4de6-4543-a739-7bb867d1c351" ],
        "CommandName": [ "Get-AzWvdAppAttachPackage" ],
        "FullCommandName": [ "Get-AzWvdAppAttachPackage_Get" ],
        "ParameterSetName": [ "__AllParameterSets" ],
        "User-Agent": [ "AzurePowershell/v14.2.0", "PSVersion/v7.5.4", "Az.DesktopVirtualization/0.1.0" ],
        "Authorization": [ "[Filtered]" ]
      },
      "ContentHeaders": {
      }
    },
    "Response": {
      "StatusCode": 200,
      "Headers": {
        "Cache-Control": [ "no-cache" ],
        "Pragma": [ "no-cache" ],
        "Vary": [ "Accept-Encoding" ],
        "Set-Cookie": [ "ARRAffinity=cd63f6909a0bc09b1cf5c6b60912c30183ee7d873ab75c3549292a404b49274a;Path=/;HttpOnly;Secure;Domain=rdarmprovider-g-us-r0.wvd.microsoft.com", "ARRAffinitySameSite=cd63f6909a0bc09b1cf5c6b60912c30183ee7d873ab75c3549292a404b49274a;Path=/;HttpOnly;SameSite=None;Secure;Domain=rdarmprovider-g-us-r0.wvd.microsoft.com" ],
        "x-ms-ratelimit-remaining-subscription-reads": [ "248" ],
        "X-Rate-Limit-Limit": [ "0" ],
        "X-Rate-Limit-Remaining": [ "9223372036854775807" ],
        "X-Rate-Limit-Reset": [ "0" ],
        "x-ms-opsarmpath64": [ "L3N1YnNjcmlwdGlvbnMvNjczODUwOWQtODRlZC00YWQ2LTk3NGEtN2RjNGUzYzM0MTQ2L3Jlc291cmNlR3JvdXBzL3pob25namllLXJnLXd1cy9wcm92aWRlcnMvTWljcm9zb2Z0LkRlc2t0b3BWaXJ0dWFsaXphdGlvbi9hcHBBdHRhY2hQYWNrYWdlcy9UZXN0UGFja2FnZQ==" ],
        "x-ms-lamport-ts": [ "10340001046" ],
        "x-ms-correlation-id": [ "f82da352-482d-4455-ae28-aeddf1727233" ],
        "x-ms-request-id": [ "7dbadad0-4de6-4543-a739-7bb867d1c351" ],
        "X-Powered-By": [ "ASP.NET" ],
        "X-Content-Type-Options": [ "nosniff" ],
        "x-ms-ratelimit-remaining-subscription-global-reads": [ "3748" ],
        "x-ms-correlation-request-id": [ "172af926-0f00-469a-b421-0462287198eb" ],
        "x-ms-routing-request-id": [ "WESTUS2:20251119T054658Z:172af926-0f00-469a-b421-0462287198eb" ],
        "Strict-Transport-Security": [ "max-age=31536000; includeSubDomains" ],
        "X-Cache": [ "CONFIG_NOCACHE" ],
        "X-MSEdge-Ref": [ "Ref A: B2B7333618F2431BAC2067F113B297C5 Ref B: SG2AA1070305052 Ref C: 2025-11-19T05:46:58Z" ],
        "Date": [ "Wed, 19 Nov 2025 05:46:58 GMT" ]
      },
      "ContentHeaders": {
        "Content-Length": [ "1669" ],
        "Content-Type": [ "application/json; charset=utf-8" ],
        "Expires": [ "-1" ]
      },
      "Content": "{\"name\":\"TestPackage\",\"id\":\"/subscriptions/6738509d-84ed-4ad6-974a-7dc4e3c34146/resourcegroups/zhongjie-rg-wus/providers/Microsoft.DesktopVirtualization/appattachpackages/TestPackage\",\"type\":\"Microsoft.DesktopVirtualization/appattachpackages\",\"location\":\"westus2\",\"tags\":{},\"kind\":null,\"systemData\":{\"createdBy\":\"guorui@microsoft.com\",\"createdByType\":\"User\",\"createdAt\":\"2025-11-19T05:46:57.33Z\",\"lastModifiedBy\":\"guorui@microsoft.com\",\"lastModifiedByType\":\"User\",\"lastModifiedAt\":\"2025-11-19T05:46:57.33Z\"},\"properties\":{\"deploymentScope\":\"Geographical\",\"repositoryResourceId\":null,\"repositoryApplicationId\":null,\"customData\":null,\"packageOwnerName\":\"AppAttach\",\"packageLookbackUrl\":null,\"image\":{\"packageAlias\":null,\"imagePath\":\"C:\\\\\\\\msix\\\\SingleMsix.vhd\",\"packageName\":\"MsixUnitTest_Name\",\"packageFamilyName\":\"MsixUnitTest_FamilyName\",\"packageFullName\":\"AATest_FullName_UnitTest\",\"displayName\":\"UnitTest-MSIXPackage\",\"packageRelativePath\":\"MsixUnitTest_RelativePackageRoot\",\"isRegularRegistration\":true,\"isActive\":true,\"packageDependencies\":[{\"dependencyName\":\"MsixTest_Dependency_Name\",\"publisher\":\"MsixTest_Dependency_Publisher\",\"minVersion\":\"0.0.0.42\"}],\"version\":\"0.0.18838.722\",\"lastUpdated\":\"0001-01-01T00:00:00\",\"packageApplications\":[{\"appUserModelID\":\"MsixTest_Application_ModelID\",\"appId\":\"MsixTest_Application_Id\",\"description\":\"testing from ps\",\"friendlyName\":\"some name\",\"iconImageName\":\"Apptile\",\"rawIcon\":\"c29tZSBpbWFnZQ==\",\"rawPng\":\"c29tZSBpbWFnZQ==\"}],\"certificateExpiry\":\"0001-01-01T00:00:00\",\"certificateName\":null,\"isPackageTimestamped\":\"NotTimestamped\"},\"hostPoolReferences\":[],\"failHealthCheckOnStagingFailure\":\"Unhealthy\",\"keyVaultURL\":null}}",
      "isContentBase64": false
    }
  },
  "Remove-AzWvdAppAttachPackage+[NoContext]+Delete+$DELETE+https://management.azure.com/subscriptions/6738509d-84ed-4ad6-974a-7dc4e3c34146/resourceGroups/zhongjie-rg-wus/providers/Microsoft.DesktopVirtualization/appAttachPackages/TestPackage?api-version=2025-11-01-preview+3": {
    "Request": {
      "Method": "DELETE",
      "RequestUri": "https://management.azure.com/subscriptions/6738509d-84ed-4ad6-974a-7dc4e3c34146/resourceGroups/zhongjie-rg-wus/providers/Microsoft.DesktopVirtualization/appAttachPackages/TestPackage?api-version=2025-11-01-preview",
      "Content": null,
      "isContentBase64": false,
      "Headers": {
        "x-ms-unique-id": [ "279" ],
        "x-ms-client-request-id": [ "009c7a6e-346e-4433-8fa2-3eeb805c07f5" ],
        "CommandName": [ "Remove-AzWvdAppAttachPackage" ],
        "FullCommandName": [ "Remove-AzWvdAppAttachPackage_Delete" ],
        "ParameterSetName": [ "__AllParameterSets" ],
        "User-Agent": [ "AzurePowershell/v14.2.0", "PSVersion/v7.5.4", "Az.DesktopVirtualization/0.1.0" ],
        "Authorization": [ "[Filtered]" ]
      },
      "ContentHeaders": {
      }
    },
    "Response": {
      "StatusCode": 200,
      "Headers": {
        "Cache-Control": [ "no-cache" ],
        "Pragma": [ "no-cache" ],
        "Vary": [ "Accept-Encoding" ],
        "Set-Cookie": [ "ARRAffinity=57e795ac3cef8931649c13ca7a5c1a198ee489be7c635bb6f31a7e1aefb39eec;Path=/;HttpOnly;Secure;Domain=rdarmprovider-g-us-r0.wvd.microsoft.com", "ARRAffinitySameSite=57e795ac3cef8931649c13ca7a5c1a198ee489be7c635bb6f31a7e1aefb39eec;Path=/;HttpOnly;SameSite=None;Secure;Domain=rdarmprovider-g-us-r0.wvd.microsoft.com" ],
        "x-ms-operation-identifier": [ "tenantId=715492f1-ef6e-4eea-9176-7c81e765c3c8,objectId=20778267-e9a4-46ba-97d7-7b7e5b321864/westus2/84f120b9-f239-4a15-b684-d8e987c0649b" ],
        "X-Rate-Limit-Limit": [ "0" ],
        "X-Rate-Limit-Remaining": [ "9223372036854775807" ],
        "X-Rate-Limit-Reset": [ "0" ],
        "x-ms-opsarmpath64": [ "L3N1YnNjcmlwdGlvbnMvNjczODUwOWQtODRlZC00YWQ2LTk3NGEtN2RjNGUzYzM0MTQ2L3Jlc291cmNlR3JvdXBzL3pob25namllLXJnLXd1cy9wcm92aWRlcnMvTWljcm9zb2Z0LkRlc2t0b3BWaXJ0dWFsaXphdGlvbi9hcHBBdHRhY2hQYWNrYWdlcy9UZXN0UGFja2FnZQ==" ],
        "x-ms-lamport-ts": [ "10340001447" ],
        "x-ms-correlation-id": [ "6e76eb06-1480-4e83-8f7a-515c4bb62709" ],
        "x-ms-request-id": [ "009c7a6e-346e-4433-8fa2-3eeb805c07f5" ],
        "X-Powered-By": [ "ASP.NET" ],
        "X-Content-Type-Options": [ "nosniff" ],
        "x-ms-ratelimit-remaining-subscription-deletes": [ "198" ],
        "x-ms-ratelimit-remaining-subscription-global-deletes": [ "2998" ],
        "x-ms-correlation-request-id": [ "f0c0232c-dafa-4f53-b85d-b9d9178378da" ],
        "x-ms-routing-request-id": [ "WESTUS2:20251119T054659Z:f0c0232c-dafa-4f53-b85d-b9d9178378da" ],
        "Strict-Transport-Security": [ "max-age=31536000; includeSubDomains" ],
        "X-Cache": [ "CONFIG_NOCACHE" ],
        "X-MSEdge-Ref": [ "Ref A: 8F46C45502004FAA8D0ED5CA2D26C45E Ref B: SG2AA1070305052 Ref C: 2025-11-19T05:46:58Z" ],
        "Date": [ "Wed, 19 Nov 2025 05:46:59 GMT" ]
      },
      "ContentHeaders": {
        "Content-Length": [ "1669" ],
        "Content-Type": [ "application/json; charset=utf-8" ],
        "Expires": [ "-1" ]
      },
      "Content": "{\"name\":\"TestPackage\",\"id\":\"/subscriptions/6738509d-84ed-4ad6-974a-7dc4e3c34146/resourcegroups/zhongjie-rg-wus/providers/Microsoft.DesktopVirtualization/appattachpackages/TestPackage\",\"type\":\"Microsoft.DesktopVirtualization/appattachpackages\",\"location\":\"westus2\",\"tags\":{},\"kind\":null,\"systemData\":{\"createdBy\":\"guorui@microsoft.com\",\"createdByType\":\"User\",\"createdAt\":\"2025-11-19T05:46:57.33Z\",\"lastModifiedBy\":\"guorui@microsoft.com\",\"lastModifiedByType\":\"User\",\"lastModifiedAt\":\"2025-11-19T05:46:57.33Z\"},\"properties\":{\"deploymentScope\":\"Geographical\",\"repositoryResourceId\":null,\"repositoryApplicationId\":null,\"customData\":null,\"packageOwnerName\":\"AppAttach\",\"packageLookbackUrl\":null,\"image\":{\"packageAlias\":null,\"imagePath\":\"C:\\\\\\\\msix\\\\SingleMsix.vhd\",\"packageName\":\"MsixUnitTest_Name\",\"packageFamilyName\":\"MsixUnitTest_FamilyName\",\"packageFullName\":\"AATest_FullName_UnitTest\",\"displayName\":\"UnitTest-MSIXPackage\",\"packageRelativePath\":\"MsixUnitTest_RelativePackageRoot\",\"isRegularRegistration\":true,\"isActive\":true,\"packageDependencies\":[{\"dependencyName\":\"MsixTest_Dependency_Name\",\"publisher\":\"MsixTest_Dependency_Publisher\",\"minVersion\":\"0.0.0.42\"}],\"version\":\"0.0.18838.722\",\"lastUpdated\":\"0001-01-01T00:00:00\",\"packageApplications\":[{\"appUserModelID\":\"MsixTest_Application_ModelID\",\"appId\":\"MsixTest_Application_Id\",\"description\":\"testing from ps\",\"friendlyName\":\"some name\",\"iconImageName\":\"Apptile\",\"rawIcon\":\"c29tZSBpbWFnZQ==\",\"rawPng\":\"c29tZSBpbWFnZQ==\"}],\"certificateExpiry\":\"0001-01-01T00:00:00\",\"certificateName\":null,\"isPackageTimestamped\":\"NotTimestamped\"},\"hostPoolReferences\":[],\"failHealthCheckOnStagingFailure\":\"Unhealthy\",\"keyVaultURL\":null}}",
      "isContentBase64": false
    }
  },
  "Remove-AzWvdAppAttachPackage+[NoContext]+Delete+$GET+https://management.azure.com/subscriptions/6738509d-84ed-4ad6-974a-7dc4e3c34146/resourceGroups/zhongjie-rg-wus/providers/Microsoft.DesktopVirtualization/appAttachPackages?api-version=2025-11-01-preview+4": {
    "Request": {
      "Method": "GET",
      "RequestUri": "https://management.azure.com/subscriptions/6738509d-84ed-4ad6-974a-7dc4e3c34146/resourceGroups/zhongjie-rg-wus/providers/Microsoft.DesktopVirtualization/appAttachPackages?api-version=2025-11-01-preview",
      "Content": null,
      "isContentBase64": false,
      "Headers": {
        "x-ms-unique-id": [ "280" ],
        "x-ms-client-request-id": [ "30a6989d-cf4a-4f66-9c2c-14029a90d310" ],
        "CommandName": [ "Get-AzWvdAppAttachPackage" ],
        "FullCommandName": [ "Get-AzWvdAppAttachPackage_List1" ],
        "ParameterSetName": [ "__AllParameterSets" ],
        "User-Agent": [ "AzurePowershell/v14.2.0", "PSVersion/v7.5.4", "Az.DesktopVirtualization/0.1.0" ],
        "Authorization": [ "[Filtered]" ]
      },
      "ContentHeaders": {
      }
    },
    "Response": {
      "StatusCode": 200,
      "Headers": {
        "Cache-Control": [ "no-cache" ],
        "Pragma": [ "no-cache" ],
        "x-ms-ratelimit-remaining-subscription-reads": [ "247" ],
        "x-ms-ratelimit-remaining-subscription-global-reads": [ "3747" ],
        "x-ms-request-id": [ "4f815884-9526-4b26-b92d-17e081590739" ],
        "x-ms-correlation-request-id": [ "4f815884-9526-4b26-b92d-17e081590739" ],
        "x-ms-routing-request-id": [ "WESTUS2:20251119T054659Z:4f815884-9526-4b26-b92d-17e081590739" ],
        "Strict-Transport-Security": [ "max-age=31536000; includeSubDomains" ],
        "X-Content-Type-Options": [ "nosniff" ],
        "X-Cache": [ "CONFIG_NOCACHE" ],
        "X-MSEdge-Ref": [ "Ref A: E011E8ACBDB343F9B408BEE75E999140 Ref B: SG2AA1070305052 Ref C: 2025-11-19T05:46:59Z" ],
        "Date": [ "Wed, 19 Nov 2025 05:46:59 GMT" ]
      },
      "ContentHeaders": {
        "Content-Length": [ "12" ],
        "Content-Type": [ "application/json; charset=utf-8" ],
        "Expires": [ "-1" ]
      },
      "Content": "{\"value\":[]}",
      "isContentBase64": false
    }
  }
}