{
  "Entries": [
    {
      "RequestUri": "/subscriptions/1c61ccbf-70b3-45a3-a1fb-848ce46d70a6/resourceGroups/ndicola-azsposh/providers/Microsoft.OperationalInsights/workspaces/azsposh/providers/Microsoft.SecurityInsights/alertRules/3fefb3df-b5af-4bae-b3b9-2b32e7bb9fa9?api-version=2020-01-01",
      "EncodedRequestUri": "L3N1YnNjcmlwdGlvbnMvMWM2MWNjYmYtNzBiMy00NWEzLWExZmItODQ4Y2U0NmQ3MGE2L3Jlc291cmNlR3JvdXBzL25kaWNvbGEtYXpzcG9zaC9wcm92aWRlcnMvTWljcm9zb2Z0Lk9wZXJhdGlvbmFsSW5zaWdodHMvd29ya3NwYWNlcy9henNwb3NoL3Byb3ZpZGVycy9NaWNyb3NvZnQuU2VjdXJpdHlJbnNpZ2h0cy9hbGVydFJ1bGVzLzNmZWZiM2RmLWI1YWYtNGJhZS1iM2I5LTJiMzJlN2JiOWZhOT9hcGktdmVyc2lvbj0yMDIwLTAxLTAx",
      "RequestMethod": "PUT",
      "RequestBody": "{\r\n  \"kind\": \"Scheduled\",\r\n  \"properties\": {\r\n    \"query\": \"SecurityAlert | take 1\",\r\n    \"queryFrequency\": \"PT5H\",\r\n    \"queryPeriod\": \"PT5H\",\r\n    \"severity\": \"Low\",\r\n    \"triggerOperator\": \"GreaterThan\",\r\n    \"triggerThreshold\": 10,\r\n    \"displayName\": \"PoshModuleTest\",\r\n    \"enabled\": true,\r\n    \"suppressionDuration\": \"PT1H\",\r\n    \"suppressionEnabled\": false\r\n  }\r\n}",
      "RequestHeaders": {
        "x-ms-client-request-id": [
          "e7c20042-e532-4e7a-9831-3bdaea3e2fc5"
        ],
        "Accept-Language": [
          "en-US"
        ],
        "User-Agent": [
          "FxVersion/4.6.29812.02",
          "OSName/Windows",
          "OSVersion/Microsoft.Windows.10.0.19042.",
          "Microsoft.Azure.Management.SecurityInsights.SecurityInsightsClient/1.0.0"
        ],
        "Content-Type": [
          "application/json; charset=utf-8"
        ],
        "Content-Length": [
          "372"
        ]
      },
      "ResponseHeaders": {
        "Cache-Control": [
          "no-cache"
        ],
        "Pragma": [
          "no-cache"
        ],
        "Server": [
          "Kestrel"
        ],
        "x-ms-ratelimit-remaining-subscription-writes": [
          "1199"
        ],
        "x-ms-request-id": [
          "95181470-3cac-46b1-9965-b6721d10bb73"
        ],
        "x-ms-correlation-request-id": [
          "95181470-3cac-46b1-9965-b6721d10bb73"
        ],
        "x-ms-routing-request-id": [
          "WESTUS2:20210413T222720Z:95181470-3cac-46b1-9965-b6721d10bb73"
        ],
        "Strict-Transport-Security": [
          "max-age=31536000; includeSubDomains"
        ],
        "X-Content-Type-Options": [
          "nosniff"
        ],
        "Date": [
          "Tue, 13 Apr 2021 22:27:20 GMT"
        ],
        "Content-Length": [
          "972"
        ],
        "Content-Type": [
          "application/json; charset=utf-8"
        ],
        "Expires": [
          "-1"
        ]
      },
      "ResponseBody": "{\r\n  \"id\": \"/subscriptions/1c61ccbf-70b3-45a3-a1fb-848ce46d70a6/resourceGroups/ndicola-azsposh/providers/Microsoft.OperationalInsights/workspaces/azsposh/providers/Microsoft.SecurityInsights/alertRules/3fefb3df-b5af-4bae-b3b9-2b32e7bb9fa9\",\r\n  \"name\": \"3fefb3df-b5af-4bae-b3b9-2b32e7bb9fa9\",\r\n  \"etag\": \"\\\"7f033024-0000-0100-0000-60761ac80000\\\"\",\r\n  \"type\": \"Microsoft.SecurityInsights/alertRules\",\r\n  \"kind\": \"Scheduled\",\r\n  \"properties\": {\r\n    \"incidentConfiguration\": {\r\n      \"createIncident\": true,\r\n      \"groupingConfiguration\": {\r\n        \"enabled\": false,\r\n        \"reopenClosedIncident\": false,\r\n        \"lookbackDuration\": \"PT5M\",\r\n        \"entitiesMatchingMethod\": \"All\",\r\n        \"groupByEntities\": []\r\n      }\r\n    },\r\n    \"severity\": \"Low\",\r\n    \"query\": \"SecurityAlert | take 1\",\r\n    \"queryFrequency\": \"PT5H\",\r\n    \"queryPeriod\": \"PT5H\",\r\n    \"triggerOperator\": \"GreaterThan\",\r\n    \"triggerThreshold\": 10,\r\n    \"suppressionDuration\": \"PT1H\",\r\n    \"suppressionEnabled\": false,\r\n    \"displayName\": \"PoshModuleTest\",\r\n    \"enabled\": true,\r\n    \"description\": null,\r\n    \"tactics\": null,\r\n    \"alertRuleTemplateName\": null,\r\n    \"lastModifiedUtc\": \"2021-04-13T22:27:19.2574414Z\"\r\n  }\r\n}",
      "StatusCode": 200
    },
    {
      "RequestUri": "/subscriptions/1c61ccbf-70b3-45a3-a1fb-848ce46d70a6/resourceGroups/ndicola-azsposh/providers/Microsoft.OperationalInsights/workspaces/azsposh/providers/Microsoft.SecurityInsights/alertRules/3a516217-ec98-4bbf-8d00-c6d7d60095ff?api-version=2020-01-01",
      "EncodedRequestUri": "L3N1YnNjcmlwdGlvbnMvMWM2MWNjYmYtNzBiMy00NWEzLWExZmItODQ4Y2U0NmQ3MGE2L3Jlc291cmNlR3JvdXBzL25kaWNvbGEtYXpzcG9zaC9wcm92aWRlcnMvTWljcm9zb2Z0Lk9wZXJhdGlvbmFsSW5zaWdodHMvd29ya3NwYWNlcy9henNwb3NoL3Byb3ZpZGVycy9NaWNyb3NvZnQuU2VjdXJpdHlJbnNpZ2h0cy9hbGVydFJ1bGVzLzNhNTE2MjE3LWVjOTgtNGJiZi04ZDAwLWM2ZDdkNjAwOTVmZj9hcGktdmVyc2lvbj0yMDIwLTAxLTAx",
      "RequestMethod": "PUT",
      "RequestBody": "{\r\n  \"kind\": \"Scheduled\",\r\n  \"properties\": {\r\n    \"query\": \"SecurityAlert | take 1\",\r\n    \"queryFrequency\": \"PT5H\",\r\n    \"queryPeriod\": \"PT5H\",\r\n    \"severity\": \"Low\",\r\n    \"triggerOperator\": \"GreaterThan\",\r\n    \"triggerThreshold\": 10,\r\n    \"displayName\": \"PoshModuleTest2\",\r\n    \"enabled\": true,\r\n    \"suppressionDuration\": \"PT1H\",\r\n    \"suppressionEnabled\": false\r\n  }\r\n}",
      "RequestHeaders": {
        "x-ms-client-request-id": [
          "06aedbab-3138-4476-8de6-77fd0d7f7e0d"
        ],
        "Accept-Language": [
          "en-US"
        ],
        "User-Agent": [
          "FxVersion/4.6.29812.02",
          "OSName/Windows",
          "OSVersion/Microsoft.Windows.10.0.19042.",
          "Microsoft.Azure.Management.SecurityInsights.SecurityInsightsClient/1.0.0"
        ],
        "Content-Type": [
          "application/json; charset=utf-8"
        ],
        "Content-Length": [
          "373"
        ]
      },
      "ResponseHeaders": {
        "Cache-Control": [
          "no-cache"
        ],
        "Pragma": [
          "no-cache"
        ],
        "Server": [
          "Kestrel"
        ],
        "x-ms-ratelimit-remaining-subscription-writes": [
          "1198"
        ],
        "x-ms-request-id": [
          "3f004cd5-d43e-4153-8003-bf62c4493fb8"
        ],
        "x-ms-correlation-request-id": [
          "3f004cd5-d43e-4153-8003-bf62c4493fb8"
        ],
        "x-ms-routing-request-id": [
          "WESTUS2:20210413T222721Z:3f004cd5-d43e-4153-8003-bf62c4493fb8"
        ],
        "Strict-Transport-Security": [
          "max-age=31536000; includeSubDomains"
        ],
        "X-Content-Type-Options": [
          "nosniff"
        ],
        "Date": [
          "Tue, 13 Apr 2021 22:27:20 GMT"
        ],
        "Content-Length": [
          "973"
        ],
        "Content-Type": [
          "application/json; charset=utf-8"
        ],
        "Expires": [
          "-1"
        ]
      },
      "ResponseBody": "{\r\n  \"id\": \"/subscriptions/1c61ccbf-70b3-45a3-a1fb-848ce46d70a6/resourceGroups/ndicola-azsposh/providers/Microsoft.OperationalInsights/workspaces/azsposh/providers/Microsoft.SecurityInsights/alertRules/3a516217-ec98-4bbf-8d00-c6d7d60095ff\",\r\n  \"name\": \"3a516217-ec98-4bbf-8d00-c6d7d60095ff\",\r\n  \"etag\": \"\\\"7f033624-0000-0100-0000-60761ac90000\\\"\",\r\n  \"type\": \"Microsoft.SecurityInsights/alertRules\",\r\n  \"kind\": \"Scheduled\",\r\n  \"properties\": {\r\n    \"incidentConfiguration\": {\r\n      \"createIncident\": true,\r\n      \"groupingConfiguration\": {\r\n        \"enabled\": false,\r\n        \"reopenClosedIncident\": false,\r\n        \"lookbackDuration\": \"PT5M\",\r\n        \"entitiesMatchingMethod\": \"All\",\r\n        \"groupByEntities\": []\r\n      }\r\n    },\r\n    \"severity\": \"Low\",\r\n    \"query\": \"SecurityAlert | take 1\",\r\n    \"queryFrequency\": \"PT5H\",\r\n    \"queryPeriod\": \"PT5H\",\r\n    \"triggerOperator\": \"GreaterThan\",\r\n    \"triggerThreshold\": 10,\r\n    \"suppressionDuration\": \"PT1H\",\r\n    \"suppressionEnabled\": false,\r\n    \"displayName\": \"PoshModuleTest2\",\r\n    \"enabled\": true,\r\n    \"description\": null,\r\n    \"tactics\": null,\r\n    \"alertRuleTemplateName\": null,\r\n    \"lastModifiedUtc\": \"2021-04-13T22:27:20.9913232Z\"\r\n  }\r\n}",
      "StatusCode": 200
    },
    {
      "RequestUri": "/subscriptions/1c61ccbf-70b3-45a3-a1fb-848ce46d70a6/resourceGroups/ndicola-azsposh/providers/Microsoft.OperationalInsights/workspaces/azsposh/providers/Microsoft.SecurityInsights/alertRules?api-version=2020-01-01",
      "EncodedRequestUri": "L3N1YnNjcmlwdGlvbnMvMWM2MWNjYmYtNzBiMy00NWEzLWExZmItODQ4Y2U0NmQ3MGE2L3Jlc291cmNlR3JvdXBzL25kaWNvbGEtYXpzcG9zaC9wcm92aWRlcnMvTWljcm9zb2Z0Lk9wZXJhdGlvbmFsSW5zaWdodHMvd29ya3NwYWNlcy9henNwb3NoL3Byb3ZpZGVycy9NaWNyb3NvZnQuU2VjdXJpdHlJbnNpZ2h0cy9hbGVydFJ1bGVzP2FwaS12ZXJzaW9uPTIwMjAtMDEtMDE=",
      "RequestMethod": "GET",
      "RequestBody": "",
      "RequestHeaders": {
        "x-ms-client-request-id": [
          "996ca440-3c80-43ea-877c-1c093ea829ba"
        ],
        "Accept-Language": [
          "en-US"
        ],
        "User-Agent": [
          "FxVersion/4.6.29812.02",
          "OSName/Windows",
          "OSVersion/Microsoft.Windows.10.0.19042.",
          "Microsoft.Azure.Management.SecurityInsights.SecurityInsightsClient/1.0.0"
        ]
      },
      "ResponseHeaders": {
        "Cache-Control": [
          "no-cache"
        ],
        "Pragma": [
          "no-cache"
        ],
        "Server": [
          "Kestrel"
        ],
        "x-ms-ratelimit-remaining-subscription-reads": [
          "11999"
        ],
        "x-ms-request-id": [
          "3a9cf456-e027-49f4-a199-70666d01bbd7"
        ],
        "x-ms-correlation-request-id": [
          "3a9cf456-e027-49f4-a199-70666d01bbd7"
        ],
        "x-ms-routing-request-id": [
          "WESTUS2:20210413T222721Z:3a9cf456-e027-49f4-a199-70666d01bbd7"
        ],
        "Strict-Transport-Security": [
          "max-age=31536000; includeSubDomains"
        ],
        "X-Content-Type-Options": [
          "nosniff"
        ],
        "Date": [
          "Tue, 13 Apr 2021 22:27:20 GMT"
        ],
        "Content-Length": [
          "1958"
        ],
        "Content-Type": [
          "application/json; charset=utf-8"
        ],
        "Expires": [
          "-1"
        ]
      },
      "ResponseBody": "{\r\n  \"value\": [\r\n    {\r\n      \"id\": \"/subscriptions/1c61ccbf-70b3-45a3-a1fb-848ce46d70a6/resourceGroups/ndicola-azsposh/providers/Microsoft.OperationalInsights/workspaces/azsposh/providers/Microsoft.SecurityInsights/alertRules/3fefb3df-b5af-4bae-b3b9-2b32e7bb9fa9\",\r\n      \"name\": \"3fefb3df-b5af-4bae-b3b9-2b32e7bb9fa9\",\r\n      \"etag\": \"\\\"7f033024-0000-0100-0000-60761ac80000\\\"\",\r\n      \"type\": \"Microsoft.SecurityInsights/alertRules\",\r\n      \"kind\": \"Scheduled\",\r\n      \"properties\": {\r\n        \"incidentConfiguration\": {\r\n          \"createIncident\": true,\r\n          \"groupingConfiguration\": {\r\n            \"enabled\": false,\r\n            \"reopenClosedIncident\": false,\r\n            \"lookbackDuration\": \"PT5M\",\r\n            \"entitiesMatchingMethod\": \"All\",\r\n            \"groupByEntities\": []\r\n          }\r\n        },\r\n        \"severity\": \"Low\",\r\n        \"query\": \"SecurityAlert | take 1\",\r\n        \"queryFrequency\": \"PT5H\",\r\n        \"queryPeriod\": \"PT5H\",\r\n        \"triggerOperator\": \"GreaterThan\",\r\n        \"triggerThreshold\": 10,\r\n        \"suppressionDuration\": \"PT1H\",\r\n        \"suppressionEnabled\": false,\r\n        \"displayName\": \"PoshModuleTest\",\r\n        \"enabled\": true,\r\n        \"description\": null,\r\n        \"tactics\": null,\r\n        \"alertRuleTemplateName\": null,\r\n        \"lastModifiedUtc\": \"2021-04-13T22:27:19.2574414Z\"\r\n      }\r\n    },\r\n    {\r\n      \"id\": \"/subscriptions/1c61ccbf-70b3-45a3-a1fb-848ce46d70a6/resourceGroups/ndicola-azsposh/providers/Microsoft.OperationalInsights/workspaces/azsposh/providers/Microsoft.SecurityInsights/alertRules/3a516217-ec98-4bbf-8d00-c6d7d60095ff\",\r\n      \"name\": \"3a516217-ec98-4bbf-8d00-c6d7d60095ff\",\r\n      \"etag\": \"\\\"7f033624-0000-0100-0000-60761ac90000\\\"\",\r\n      \"type\": \"Microsoft.SecurityInsights/alertRules\",\r\n      \"kind\": \"Scheduled\",\r\n      \"properties\": {\r\n        \"incidentConfiguration\": {\r\n          \"createIncident\": true,\r\n          \"groupingConfiguration\": {\r\n            \"enabled\": false,\r\n            \"reopenClosedIncident\": false,\r\n            \"lookbackDuration\": \"PT5M\",\r\n            \"entitiesMatchingMethod\": \"All\",\r\n            \"groupByEntities\": []\r\n          }\r\n        },\r\n        \"severity\": \"Low\",\r\n        \"query\": \"SecurityAlert | take 1\",\r\n        \"queryFrequency\": \"PT5H\",\r\n        \"queryPeriod\": \"PT5H\",\r\n        \"triggerOperator\": \"GreaterThan\",\r\n        \"triggerThreshold\": 10,\r\n        \"suppressionDuration\": \"PT1H\",\r\n        \"suppressionEnabled\": false,\r\n        \"displayName\": \"PoshModuleTest2\",\r\n        \"enabled\": true,\r\n        \"description\": null,\r\n        \"tactics\": null,\r\n        \"alertRuleTemplateName\": null,\r\n        \"lastModifiedUtc\": \"2021-04-13T22:27:20.9913232Z\"\r\n      }\r\n    }\r\n  ]\r\n}",
      "StatusCode": 200
    },
    {
      "RequestUri": "/subscriptions/1c61ccbf-70b3-45a3-a1fb-848ce46d70a6/resourceGroups/ndicola-azsposh/providers/Microsoft.OperationalInsights/workspaces/azsposh/providers/Microsoft.SecurityInsights/alertRules/3fefb3df-b5af-4bae-b3b9-2b32e7bb9fa9?api-version=2020-01-01",
      "EncodedRequestUri": "L3N1YnNjcmlwdGlvbnMvMWM2MWNjYmYtNzBiMy00NWEzLWExZmItODQ4Y2U0NmQ3MGE2L3Jlc291cmNlR3JvdXBzL25kaWNvbGEtYXpzcG9zaC9wcm92aWRlcnMvTWljcm9zb2Z0Lk9wZXJhdGlvbmFsSW5zaWdodHMvd29ya3NwYWNlcy9henNwb3NoL3Byb3ZpZGVycy9NaWNyb3NvZnQuU2VjdXJpdHlJbnNpZ2h0cy9hbGVydFJ1bGVzLzNmZWZiM2RmLWI1YWYtNGJhZS1iM2I5LTJiMzJlN2JiOWZhOT9hcGktdmVyc2lvbj0yMDIwLTAxLTAx",
      "RequestMethod": "DELETE",
      "RequestBody": "",
      "RequestHeaders": {
        "x-ms-client-request-id": [
          "6762c583-c8ce-4657-b8d0-696ce15abfb5"
        ],
        "Accept-Language": [
          "en-US"
        ],
        "User-Agent": [
          "FxVersion/4.6.29812.02",
          "OSName/Windows",
          "OSVersion/Microsoft.Windows.10.0.19042.",
          "Microsoft.Azure.Management.SecurityInsights.SecurityInsightsClient/1.0.0"
        ]
      },
      "ResponseHeaders": {
        "Cache-Control": [
          "no-cache"
        ],
        "Pragma": [
          "no-cache"
        ],
        "Server": [
          "Kestrel"
        ],
        "x-ms-ratelimit-remaining-subscription-deletes": [
          "14999"
        ],
        "x-ms-request-id": [
          "0e1016f8-99b5-4908-81f8-979deacfe305"
        ],
        "x-ms-correlation-request-id": [
          "0e1016f8-99b5-4908-81f8-979deacfe305"
        ],
        "x-ms-routing-request-id": [
          "WESTUS2:20210413T222721Z:0e1016f8-99b5-4908-81f8-979deacfe305"
        ],
        "Strict-Transport-Security": [
          "max-age=31536000; includeSubDomains"
        ],
        "X-Content-Type-Options": [
          "nosniff"
        ],
        "Date": [
          "Tue, 13 Apr 2021 22:27:21 GMT"
        ],
        "Content-Length": [
          "2"
        ],
        "Content-Type": [
          "application/json; charset=utf-8"
        ],
        "Expires": [
          "-1"
        ]
      },
      "ResponseBody": "{}",
      "StatusCode": 200
    },
    {
      "RequestUri": "/subscriptions/1c61ccbf-70b3-45a3-a1fb-848ce46d70a6/resourceGroups/ndicola-azsposh/providers/Microsoft.OperationalInsights/workspaces/azsposh/providers/Microsoft.SecurityInsights/alertRules/3a516217-ec98-4bbf-8d00-c6d7d60095ff?api-version=2020-01-01",
      "EncodedRequestUri": "L3N1YnNjcmlwdGlvbnMvMWM2MWNjYmYtNzBiMy00NWEzLWExZmItODQ4Y2U0NmQ3MGE2L3Jlc291cmNlR3JvdXBzL25kaWNvbGEtYXpzcG9zaC9wcm92aWRlcnMvTWljcm9zb2Z0Lk9wZXJhdGlvbmFsSW5zaWdodHMvd29ya3NwYWNlcy9henNwb3NoL3Byb3ZpZGVycy9NaWNyb3NvZnQuU2VjdXJpdHlJbnNpZ2h0cy9hbGVydFJ1bGVzLzNhNTE2MjE3LWVjOTgtNGJiZi04ZDAwLWM2ZDdkNjAwOTVmZj9hcGktdmVyc2lvbj0yMDIwLTAxLTAx",
      "RequestMethod": "DELETE",
      "RequestBody": "",
      "RequestHeaders": {
        "x-ms-client-request-id": [
          "99c7f295-05d2-4c16-a3ee-88d115cd90a1"
        ],
        "Accept-Language": [
          "en-US"
        ],
        "User-Agent": [
          "FxVersion/4.6.29812.02",
          "OSName/Windows",
          "OSVersion/Microsoft.Windows.10.0.19042.",
          "Microsoft.Azure.Management.SecurityInsights.SecurityInsightsClient/1.0.0"
        ]
      },
      "ResponseHeaders": {
        "Cache-Control": [
          "no-cache"
        ],
        "Pragma": [
          "no-cache"
        ],
        "Server": [
          "Kestrel"
        ],
        "x-ms-ratelimit-remaining-subscription-deletes": [
          "14998"
        ],
        "x-ms-request-id": [
          "b9f39266-ef89-4457-8aac-c9173a3c27c2"
        ],
        "x-ms-correlation-request-id": [
          "b9f39266-ef89-4457-8aac-c9173a3c27c2"
        ],
        "x-ms-routing-request-id": [
          "WESTUS2:20210413T222721Z:b9f39266-ef89-4457-8aac-c9173a3c27c2"
        ],
        "Strict-Transport-Security": [
          "max-age=31536000; includeSubDomains"
        ],
        "X-Content-Type-Options": [
          "nosniff"
        ],
        "Date": [
          "Tue, 13 Apr 2021 22:27:21 GMT"
        ],
        "Content-Length": [
          "2"
        ],
        "Content-Type": [
          "application/json; charset=utf-8"
        ],
        "Expires": [
          "-1"
        ]
      },
      "ResponseBody": "{}",
      "StatusCode": 200
    }
  ],
  "Names": {},
  "Variables": {
    "SubscriptionId": "1c61ccbf-70b3-45a3-a1fb-848ce46d70a6"
  }
}