{
  "Get-AzFunctionAppAvailableLocation+[NoContext]+Validate set default parameters for -PlanType and -OSType+$GET+https://management.azure.com/subscriptions/26cfabf6-eb15-4de5-ae51-f2218958bd5f/providers/Microsoft.Web/geoRegions?sku=ElasticPremium\u0026api-version=2019-08-01+1": {
    "Request": {
      "Method": "GET",
      "RequestUri": "https://management.azure.com/subscriptions/26cfabf6-eb15-4de5-ae51-f2218958bd5f/providers/Microsoft.Web/geoRegions?sku=ElasticPremium\u0026api-version=2019-08-01",
      "Content": null,
      "isContentBase64": false,
      "Headers": {
        "x-ms-unique-id": [ "78" ],
        "x-ms-client-request-id": [ "115c3c1a-7b70-4d60-aa7d-6fe88a94dbb4" ],
        "CommandName": [ "Az.Functions.internal\\Get-AzFunctionAppAvailableLocation" ],
        "FullCommandName": [ "Get-AzFunctionAppAvailableLocation_List" ],
        "ParameterSetName": [ "__AllParameterSets" ],
        "User-Agent": [ "AzurePowershell/v6.6.0", "PSVersion/v7.0.6" ],
        "Authorization": [ "[Filtered]" ]
      },
      "ContentHeaders": {
      }
    },
    "Response": {
      "StatusCode": 200,
      "Headers": {
        "Cache-Control": [ "no-cache" ],
        "Pragma": [ "no-cache" ],
        "Strict-Transport-Security": [ "max-age=31536000; includeSubDomains" ],
        "x-ms-request-id": [ "7ff2dc48-4467-45d1-9a73-2a3a93c188c8" ],
        "Server": [ "Microsoft-IIS/10.0" ],
        "X-AspNet-Version": [ "4.0.30319" ],
        "X-Powered-By": [ "ASP.NET" ],
        "x-ms-ratelimit-remaining-subscription-reads": [ "11953" ],
        "x-ms-correlation-request-id": [ "ffaddf5f-8b02-431c-934f-b9d1faae5b09" ],
        "x-ms-routing-request-id": [ "WESTUS:20211125T032754Z:ffaddf5f-8b02-431c-934f-b9d1faae5b09" ],
        "X-Content-Type-Options": [ "nosniff" ],
        "Date": [ "Thu, 25 Nov 2021 03:27:53 GMT" ]
      },
      "ContentHeaders": {
        "Content-Length": [ "16508" ],
        "Content-Type": [ "application/json" ],
        "Expires": [ "-1" ]
      },
      "Content": "{\"value\":[{\"id\":\"/subscriptions/26cfabf6-eb15-4de5-ae51-f2218958bd5f/providers/Microsoft.Web/geoRegions/Central US\",\"name\":\"Central US\",\"type\":\"Microsoft.Web/geoRegions\",\"properties\":{\"name\":\"Central US\",\"description\":null,\"sortOrder\":0,\"displayName\":\"Central US\",\"orgDomain\":\"PUBLIC;DREAMSPARK;MSFTPUBLIC;FUNCTIONS;DYNAMIC;DSERIES;LINUX;LINUXDSERIES;ELASTICPREMIUM;LINUXFREE;LINUXDYNAMIC;ELASTICLINUX;XENON;XENONV3;WINDOWSV3;LINUXV3\"}},{\"id\":\"/subscriptions/26cfabf6-eb15-4de5-ae51-f2218958bd5f/providers/Microsoft.Web/geoRegions/North Europe\",\"name\":\"North Europe\",\"type\":\"Microsoft.Web/geoRegions\",\"properties\":{\"name\":\"North Europe\",\"description\":null,\"sortOrder\":1,\"displayName\":\"North Europe\",\"orgDomain\":\"PUBLIC;DREAMSPARK;MSFTPUBLIC;FUNCTIONS;DYNAMIC;DSERIES;LINUX;LINUXDSERIES;XENON;ELASTICPREMIUM;LINUXFREE;ELASTICLINUX;LINUXDYNAMIC;XENON;XENONV3;WINDOWSV3;LINUXV3\"}},{\"id\":\"/subscriptions/26cfabf6-eb15-4de5-ae51-f2218958bd5f/providers/Microsoft.Web/geoRegions/West Europe\",\"name\":\"West Europe\",\"type\":\"Microsoft.Web/geoRegions\",\"properties\":{\"name\":\"West Europe\",\"description\":null,\"sortOrder\":2,\"displayName\":\"West Europe\",\"orgDomain\":\"PUBLIC;DREAMSPARK;MSFTPUBLIC;FUNCTIONS;DYNAMIC;LINUX;DSERIES;LINUXDSERIES;XENON;SFCONTAINERS;LINUXDYNAMIC;ELASTICPREMIUM;ELASTICLINUX;LINUXFREE;XENON;XENONV3;WINDOWSV3;LINUXV3\"}},{\"id\":\"/subscriptions/26cfabf6-eb15-4de5-ae51-f2218958bd5f/providers/Microsoft.Web/geoRegions/Southeast Asia\",\"name\":\"Southeast Asia\",\"type\":\"Microsoft.Web/geoRegions\",\"properties\":{\"name\":\"Southeast Asia\",\"description\":null,\"sortOrder\":3,\"displayName\":\"Southeast Asia\",\"orgDomain\":\"PUBLIC;DREAMSPARK;MSFTPUBLIC;FUNCTIONS;DYNAMIC;LINUX;DSERIES;LINUXDSERIES;XENON;ELASTICPREMIUM;LINUXFREE;ELASTICLINUX;LINUXDYNAMIC;XENON;XENONV3;WINDOWSV3;LINUXV3\"}},{\"id\":\"/subscriptions/26cfabf6-eb15-4de5-ae51-f2218958bd5f/providers/Microsoft.Web/geoRegions/East Asia\",\"name\":\"East Asia\",\"type\":\"Microsoft.Web/geoRegions\",\"properties\":{\"name\":\"East Asia\",\"description\":null,\"sortOrder\":4,\"displayName\":\"East Asia\",\"orgDomain\":\"PUBLIC;DREAMSPARK;MSFTPUBLIC;FUNCTIONS;DYNAMIC;LINUX;DSERIES;LINUXDSERIES;SFCONTAINERS;LINUXDYNAMIC;ELASTICPREMIUM;LINUXFREE;ELASTICLINUX;XENON;XENONV3;WINDOWSV3;LINUXV3\"}},{\"id\":\"/subscriptions/26cfabf6-eb15-4de5-ae51-f2218958bd5f/providers/Microsoft.Web/geoRegions/West US\",\"name\":\"West US\",\"type\":\"Microsoft.Web/geoRegions\",\"properties\":{\"name\":\"West US\",\"description\":null,\"sortOrder\":5,\"displayName\":\"West US\",\"orgDomain\":\"PUBLIC;DREAMSPARK;MSFTPUBLIC;FUNCTIONS;DYNAMIC;LINUX;DSERIES;LINUXDSERIES;XENON;ELASTICPREMIUM;LINUXFREE;ELASTICLINUX;LINUXDYNAMIC;XENON;XENONV3;WINDOWSV3;LINUXV3\"}},{\"id\":\"/subscriptions/26cfabf6-eb15-4de5-ae51-f2218958bd5f/providers/Microsoft.Web/geoRegions/East US\",\"name\":\"East US\",\"type\":\"Microsoft.Web/geoRegions\",\"properties\":{\"name\":\"East US\",\"description\":null,\"sortOrder\":6,\"displayName\":\"East US\",\"orgDomain\":\"PUBLIC;DREAMSPARK;MSFTPUBLIC;FUNCTIONS;DYNAMIC;LINUX;DSERIES;FAKEORG;LINUXDSERIES;XENON;SFCONTAINERS;LINUXDYNAMIC;LINUXFREE;ELASTICLINUX;ELASTICPREMIUM;XENON;XENONV3;WINDOWSV3;LINUXV3\"}},{\"id\":\"/subscriptions/26cfabf6-eb15-4de5-ae51-f2218958bd5f/providers/Microsoft.Web/geoRegions/Japan West\",\"name\":\"Japan West\",\"type\":\"Microsoft.Web/geoRegions\",\"properties\":{\"name\":\"Japan West\",\"description\":null,\"sortOrder\":7,\"displayName\":\"Japan West\",\"orgDomain\":\"PUBLIC;DREAMSPARK;MSFTPUBLIC;FUNCTIONS;DYNAMIC;LINUX;DSERIES;LINUXDSERIES;ELASTICPREMIUM;LINUXFREE;ELASTICLINUX;LINUXDYNAMIC\"}},{\"id\":\"/subscriptions/26cfabf6-eb15-4de5-ae51-f2218958bd5f/providers/Microsoft.Web/geoRegions/Japan East\",\"name\":\"Japan East\",\"type\":\"Microsoft.Web/geoRegions\",\"properties\":{\"name\":\"Japan East\",\"description\":null,\"sortOrder\":8,\"displayName\":\"Japan East\",\"orgDomain\":\"PUBLIC;DREAMSPARK;MSFTPUBLIC;FUNCTIONS;DYNAMIC;LINUX;DSERIES;LINUXDSERIES;LINUXFREE;ELASTICLINUX;ELASTICPREMIUM;LINUXDYNAMIC;XENON;XENONV3;WINDOWSV3;LINUXV3\"}},{\"id\":\"/subscriptions/26cfabf6-eb15-4de5-ae51-f2218958bd5f/providers/Microsoft.Web/geoRegions/East US 2\",\"name\":\"East US 2\",\"type\":\"Microsoft.Web/geoRegions\",\"properties\":{\"name\":\"East US 2\",\"description\":null,\"sortOrder\":9,\"displayName\":\"East US 2\",\"orgDomain\":\"PUBLIC;DREAMSPARK;MSFTPUBLIC;FUNCTIONS;DYNAMIC;DSERIES;LINUX;LINUXDSERIES;ELASTICPREMIUM;LINUXFREE;LINUXDYNAMIC;ELASTICLINUX;XENON;XENONV3;WINDOWSV3;LINUXV3\"}},{\"id\":\"/subscriptions/26cfabf6-eb15-4de5-ae51-f2218958bd5f/providers/Microsoft.Web/geoRegions/North Central US\",\"name\":\"North Central US\",\"type\":\"Microsoft.Web/geoRegions\",\"properties\":{\"name\":\"North Central US\",\"description\":null,\"sortOrder\":10,\"displayName\":\"North Central US\",\"orgDomain\":\"PUBLIC;DREAMSPARK;MSFTPUBLIC;FUNCTIONS;DYNAMIC;LINUX;DSERIES;LINUXDSERIES;LINUXFREE;ELASTICPREMIUM;ELASTICLINUX;LINUXDYNAMIC;XENON;XENONV3;WINDOWSV3;LINUXV3\"}},{\"id\":\"/subscriptions/26cfabf6-eb15-4de5-ae51-f2218958bd5f/providers/Microsoft.Web/geoRegions/South Central US\",\"name\":\"South Central US\",\"type\":\"Microsoft.Web/geoRegions\",\"properties\":{\"name\":\"South Central US\",\"description\":null,\"sortOrder\":11,\"displayName\":\"South Central US\",\"orgDomain\":\"PUBLIC;DREAMSPARK;MSFTPUBLIC;FUNCTIONS;DYNAMIC;DSERIES;LINUX;LINUXDSERIES;ELASTICPREMIUM;LINUXFREE;LINUXDYNAMIC;ELASTICLINUX;XENON;XENONV3;WINDOWSV3;LINUXV3\"}},{\"id\":\"/subscriptions/26cfabf6-eb15-4de5-ae51-f2218958bd5f/providers/Microsoft.Web/geoRegions/Brazil South\",\"name\":\"Brazil South\",\"type\":\"Microsoft.Web/geoRegions\",\"properties\":{\"name\":\"Brazil South\",\"description\":null,\"sortOrder\":12,\"displayName\":\"Brazil South\",\"orgDomain\":\"PUBLIC;DREAMSPARK;MSFTPUBLIC;FUNCTIONS;DYNAMIC;LINUX;DSERIES;LINUXDSERIES;LINUXFREE;ELASTICPREMIUM;LINUXDYNAMIC;ELASTICLINUX;XENON;XENONV3;WINDOWSV3;LINUXV3\"}},{\"id\":\"/subscriptions/26cfabf6-eb15-4de5-ae51-f2218958bd5f/providers/Microsoft.Web/geoRegions/Australia East\",\"name\":\"Australia East\",\"type\":\"Microsoft.Web/geoRegions\",\"properties\":{\"name\":\"Australia East\",\"description\":null,\"sortOrder\":13,\"displayName\":\"Australia East\",\"orgDomain\":\"PUBLIC;DREAMSPARK;MSFTPUBLIC;FUNCTIONS;DYNAMIC;LINUX;DSERIES;LINUXDSERIES;XENON;ELASTICPREMIUM;LINUXFREE;LINUXDYNAMIC;ELASTICLINUX;XENON;XENONV3;WINDOWSV3;LINUXV3\"}},{\"id\":\"/subscriptions/26cfabf6-eb15-4de5-ae51-f2218958bd5f/providers/Microsoft.Web/geoRegions/Australia Southeast\",\"name\":\"Australia Southeast\",\"type\":\"Microsoft.Web/geoRegions\",\"properties\":{\"name\":\"Australia Southeast\",\"description\":null,\"sortOrder\":14,\"displayName\":\"Australia Southeast\",\"orgDomain\":\"PUBLIC;DREAMSPARK;MSFTPUBLIC;FUNCTIONS;DYNAMIC;DSERIES;LINUX;LINUXDSERIES;ELASTICPREMIUM;LINUXFREE;ELASTICLINUX;XENON;XENONV3;WINDOWSV3;LINUXV3;LINUXDYNAMIC\"}},{\"id\":\"/subscriptions/26cfabf6-eb15-4de5-ae51-f2218958bd5f/providers/Microsoft.Web/geoRegions/East Asia (Stage)\",\"name\":\"East Asia (Stage)\",\"type\":\"Microsoft.Web/geoRegions\",\"properties\":{\"name\":\"East Asia (Stage)\",\"description\":null,\"sortOrder\":2147483647,\"displayName\":\"East Asia (Stage)\",\"orgDomain\":\"MSFTINT;DSERIES;ELASTICPREMIUM;FUNCTIONS;DYNAMIC;XENON;LINUX;LINUXFREE;LINUXDYNAMIC;XENONV3;WINDOWSV3;LINUXV3\"}},{\"id\":\"/subscriptions/26cfabf6-eb15-4de5-ae51-f2218958bd5f/providers/Microsoft.Web/geoRegions/North Central US (Stage)\",\"name\":\"North Central US (Stage)\",\"type\":\"Microsoft.Web/geoRegions\",\"properties\":{\"name\":\"North Central US (Stage)\",\"description\":null,\"sortOrder\":2147483647,\"displayName\":\"North Central US (Stage)\",\"orgDomain\":\"MSFTINT;LINUX;LINUXFREE;LINUXDYNAMIC;DSERIES;ELASTICPREMIUM;ELASTICLINUX;LINUXV3\"}},{\"id\":\"/subscriptions/26cfabf6-eb15-4de5-ae51-f2218958bd5f/providers/Microsoft.Web/geoRegions/Central India\",\"name\":\"Central India\",\"type\":\"Microsoft.Web/geoRegions\",\"properties\":{\"name\":\"Central India\",\"description\":null,\"sortOrder\":2147483647,\"displayName\":\"Central India\",\"orgDomain\":\"PUBLIC;DREAMSPARK;MSFTPUBLIC;FUNCTIONS;DYNAMIC;LINUX;DSERIES;LINUXDSERIES;LINUXDYNAMIC;ELASTICPREMIUM;ELASTICLINUX;XENON;XENONV3;WINDOWSV3;LINUXV3\"}},{\"id\":\"/subscriptions/26cfabf6-eb15-4de5-ae51-f2218958bd5f/providers/Microsoft.Web/geoRegions/West India\",\"name\":\"West India\",\"type\":\"Microsoft.Web/geoRegions\",\"properties\":{\"name\":\"West India\",\"description\":null,\"sortOrder\":2147483647,\"displayName\":\"West India\",\"orgDomain\":\"PUBLIC;DREAMSPARK;MSFTPUBLIC;FUNCTIONS;DYNAMIC;LINUX;DSERIES;LINUXDSERIES;ELASTICPREMIUM;LINUXDYNAMIC;ELASTICLINUX\"}},{\"id\":\"/subscriptions/26cfabf6-eb15-4de5-ae51-f2218958bd5f/providers/Microsoft.Web/geoRegions/South India\",\"name\":\"South India\",\"type\":\"Microsoft.Web/geoRegions\",\"properties\":{\"name\":\"South India\",\"description\":null,\"sortOrder\":2147483647,\"displayName\":\"South India\",\"orgDomain\":\"PUBLIC;DREAMSPARK;MSFTPUBLIC;FUNCTIONS;DYNAMIC;DSERIES;LINUX;LINUXDSERIES;ELASTICPREMIUM\"}},{\"id\":\"/subscriptions/26cfabf6-eb15-4de5-ae51-f2218958bd5f/providers/Microsoft.Web/geoRegions/Canada Central\",\"name\":\"Canada Central\",\"type\":\"Microsoft.Web/geoRegions\",\"properties\":{\"name\":\"Canada Central\",\"description\":null,\"sortOrder\":2147483647,\"displayName\":\"Canada Central\",\"orgDomain\":\"PUBLIC;DREAMSPARK;MSFTPUBLIC;FUNCTIONS;DYNAMIC;DSERIES;LINUX;LINUXDSERIES;ELASTICPREMIUM;LINUXFREE;ELASTICLINUX;XENON;XENONV3;WINDOWSV3;LINUXV3\"}},{\"id\":\"/subscriptions/26cfabf6-eb15-4de5-ae51-f2218958bd5f/providers/Microsoft.Web/geoRegions/West Central US\",\"name\":\"West Central US\",\"type\":\"Microsoft.Web/geoRegions\",\"properties\":{\"name\":\"West Central US\",\"description\":null,\"sortOrder\":2147483647,\"displayName\":\"West Central US\",\"orgDomain\":\"PUBLIC;FUNCTIONS;DYNAMIC;LINUX;DSERIES;LINUXDSERIES;ELASTICLINUX;ELASTICPREMIUM;MSFTPUBLIC;XENON;XENONV3;WINDOWSV3;LINUXV3\"}},{\"id\":\"/subscriptions/26cfabf6-eb15-4de5-ae51-f2218958bd5f/providers/Microsoft.Web/geoRegions/West US 2\",\"name\":\"West US 2\",\"type\":\"Microsoft.Web/geoRegions\",\"properties\":{\"name\":\"West US 2\",\"description\":null,\"sortOrder\":2147483647,\"displayName\":\"West US 2\",\"orgDomain\":\"PUBLIC;DREAMSPARK;MSFTPUBLIC;FUNCTIONS;DYNAMIC;LINUX;DSERIES;LINUXDSERIES;LINUXFREE;LINUXDYNAMIC;ELASTICPREMIUM;ELASTICLINUX;XENON;XENONV3;WINDOWSV3;LINUXV3\"}},{\"id\":\"/subscriptions/26cfabf6-eb15-4de5-ae51-f2218958bd5f/providers/Microsoft.Web/geoRegions/UK West\",\"name\":\"UK West\",\"type\":\"Microsoft.Web/geoRegions\",\"properties\":{\"name\":\"UK West\",\"description\":null,\"sortOrder\":2147483647,\"displayName\":\"UK West\",\"orgDomain\":\"PUBLIC;MSFTPUBLIC;FUNCTIONS;DYNAMIC;DSERIES;LINUX;LINUXDSERIES;ELASTICPREMIUM;LINUXDYNAMIC;ELASTICLINUX;XENON;XENONV3;WINDOWSV3;LINUXV3\"}},{\"id\":\"/subscriptions/26cfabf6-eb15-4de5-ae51-f2218958bd5f/providers/Microsoft.Web/geoRegions/UK South\",\"name\":\"UK South\",\"type\":\"Microsoft.Web/geoRegions\",\"properties\":{\"name\":\"UK South\",\"description\":null,\"sortOrder\":2147483647,\"displayName\":\"UK South\",\"orgDomain\":\"PUBLIC;MSFTPUBLIC;DYNAMIC;DSERIES;LINUX;LINUXDSERIES;LINUXFREE;LINUXDYNAMIC;ELASTICPREMIUM;ELASTICLINUX;XENON;XENONV3;WINDOWSV3;LINUXV3\"}},{\"id\":\"/subscriptions/26cfabf6-eb15-4de5-ae51-f2218958bd5f/providers/Microsoft.Web/geoRegions/East US 2 EUAP\",\"name\":\"East US 2 EUAP\",\"type\":\"Microsoft.Web/geoRegions\",\"properties\":{\"name\":\"East US 2 EUAP\",\"description\":null,\"sortOrder\":2147483647,\"displayName\":\"East US 2 EUAP\",\"orgDomain\":\"EUAP;XENON;DSERIES;LINUXDSERIES;ELASTICPREMIUM;FUNCTIONS;DYNAMIC;LINUX;LINUXFREE;ELASTICLINUX;WINDOWSV3;XENONV3;LINUXV3;LINUXDYNAMIC\"}},{\"id\":\"/subscriptions/26cfabf6-eb15-4de5-ae51-f2218958bd5f/providers/Microsoft.Web/geoRegions/Central US EUAP\",\"name\":\"Central US EUAP\",\"type\":\"Microsoft.Web/geoRegions\",\"properties\":{\"name\":\"Central US EUAP\",\"description\":null,\"sortOrder\":2147483647,\"displayName\":\"Central US EUAP\",\"orgDomain\":\"EUAP;LINUX;DSERIES;LINUXDSERIES;ELASTICPREMIUM;LINUXFREE;ELASTICLINUX;LINUXDYNAMIC;DYNAMIC\"}},{\"id\":\"/subscriptions/26cfabf6-eb15-4de5-ae51-f2218958bd5f/providers/Microsoft.Web/geoRegions/Korea Central\",\"name\":\"Korea Central\",\"type\":\"Microsoft.Web/geoRegions\",\"properties\":{\"name\":\"Korea Central\",\"description\":null,\"sortOrder\":2147483647,\"displayName\":\"Korea Central\",\"orgDomain\":\"PUBLIC;DREAMSPARK;MSFTPUBLIC;FUNCTIONS;DYNAMIC;LINUX;LINUXDSERIES;ELASTICPREMIUM;LINUXFREE;DSERIES;LINUXDYNAMIC;ELASTICLINUX;XENON;XENONV3;WINDOWSV3;LINUXV3\"}},{\"id\":\"/subscriptions/26cfabf6-eb15-4de5-ae51-f2218958bd5f/providers/Microsoft.Web/geoRegions/France Central\",\"name\":\"France Central\",\"type\":\"Microsoft.Web/geoRegions\",\"properties\":{\"name\":\"France Central\",\"description\":null,\"sortOrder\":2147483647,\"displayName\":\"France Central\",\"orgDomain\":\"PUBLIC;MSFTPUBLIC;DSERIES;DYNAMIC;LINUX;LINUXDSERIES;ELASTICPREMIUM;LINUXFREE;LINUXDYNAMIC;ELASTICLINUX;XENON;XENONV3;WINDOWSV3;LINUXV3\"}},{\"id\":\"/subscriptions/26cfabf6-eb15-4de5-ae51-f2218958bd5f/providers/Microsoft.Web/geoRegions/Australia Central 2\",\"name\":\"Australia Central 2\",\"type\":\"Microsoft.Web/geoRegions\",\"properties\":{\"name\":\"Australia Central 2\",\"description\":null,\"sortOrder\":2147483647,\"displayName\":\"Australia Central 2\",\"orgDomain\":\"PUBLIC;FUNCTIONS;DYNAMIC;DSERIES;LINUX;LINUXDSERIES;LINUXFREE;ELASTICPREMIUM\"}},{\"id\":\"/subscriptions/26cfabf6-eb15-4de5-ae51-f2218958bd5f/providers/Microsoft.Web/geoRegions/Australia Central\",\"name\":\"Australia Central\",\"type\":\"Microsoft.Web/geoRegions\",\"properties\":{\"name\":\"Australia Central\",\"description\":null,\"sortOrder\":2147483647,\"displayName\":\"Australia Central\",\"orgDomain\":\"PUBLIC;FUNCTIONS;DYNAMIC;DSERIES;LINUX;LINUXDSERIES;LINUXFREE;ELASTICPREMIUM;ELASTICLINUX\"}},{\"id\":\"/subscriptions/26cfabf6-eb15-4de5-ae51-f2218958bd5f/providers/Microsoft.Web/geoRegions/South Africa North\",\"name\":\"South Africa North\",\"type\":\"Microsoft.Web/geoRegions\",\"properties\":{\"name\":\"South Africa North\",\"description\":null,\"sortOrder\":2147483647,\"displayName\":\"South Africa North\",\"orgDomain\":\"PUBLIC;MSFTPUBLIC;FUNCTIONS;DYNAMIC;LINUX;LINUXDSERIES;DSERIES;ELASTICPREMIUM;ELASTICLINUX;XENON;XENONV3;WINDOWSV3;LINUXV3\"}},{\"id\":\"/subscriptions/26cfabf6-eb15-4de5-ae51-f2218958bd5f/providers/Microsoft.Web/geoRegions/Switzerland North\",\"name\":\"Switzerland North\",\"type\":\"Microsoft.Web/geoRegions\",\"properties\":{\"name\":\"Switzerland North\",\"description\":null,\"sortOrder\":2147483647,\"displayName\":\"Switzerland North\",\"orgDomain\":\"PUBLIC;DSERIES;LINUX;LINUXDSERIES;LINUXFREE;FUNCTIONS;DYNAMIC;LINUXDYNAMIC;ELASTICPREMIUM;ELASTICLINUX;XENON;XENONV3;WINDOWSV3;LINUXV3\"}},{\"id\":\"/subscriptions/26cfabf6-eb15-4de5-ae51-f2218958bd5f/providers/Microsoft.Web/geoRegions/Germany West Central\",\"name\":\"Germany West Central\",\"type\":\"Microsoft.Web/geoRegions\",\"properties\":{\"name\":\"Germany West Central\",\"description\":null,\"sortOrder\":2147483647,\"displayName\":\"Germany West Central\",\"orgDomain\":\"PUBLIC;DSERIES;LINUX;LINUXDSERIES;ELASTICPREMIUM;FUNCTIONS;DYNAMIC;ELASTICLINUX;LINUXDYNAMIC;XENON;XENONV3;WINDOWSV3;LINUXV3\"}},{\"id\":\"/subscriptions/26cfabf6-eb15-4de5-ae51-f2218958bd5f/providers/Microsoft.Web/geoRegions/Switzerland West\",\"name\":\"Switzerland West\",\"type\":\"Microsoft.Web/geoRegions\",\"properties\":{\"name\":\"Switzerland West\",\"description\":null,\"sortOrder\":2147483647,\"displayName\":\"Switzerland West\",\"orgDomain\":\"PUBLIC;DSERIES;LINUX;LINUXDSERIES;LINUXFREE;FUNCTIONS;DYNAMIC;ELASTICPREMIUM;ELASTICLINUX\"}},{\"id\":\"/subscriptions/26cfabf6-eb15-4de5-ae51-f2218958bd5f/providers/Microsoft.Web/geoRegions/UAE North\",\"name\":\"UAE North\",\"type\":\"Microsoft.Web/geoRegions\",\"properties\":{\"name\":\"UAE North\",\"description\":null,\"sortOrder\":2147483647,\"displayName\":\"UAE North\",\"orgDomain\":\"PUBLIC;DSERIES;LINUX;LINUXDSERIES;LINUXFREE;FUNCTIONS;DYNAMIC;LINUXDYNAMIC;ELASTICPREMIUM;ELASTICLINUX;XENON;XENONV3;WINDOWSV3;LINUXV3\"}},{\"id\":\"/subscriptions/26cfabf6-eb15-4de5-ae51-f2218958bd5f/providers/Microsoft.Web/geoRegions/Norway East\",\"name\":\"Norway East\",\"type\":\"Microsoft.Web/geoRegions\",\"properties\":{\"name\":\"Norway East\",\"description\":null,\"sortOrder\":2147483647,\"displayName\":\"Norway East\",\"orgDomain\":\"PUBLIC;LINUX;LINUXDSERIES;DSERIES;ELASTICLINUX;ELASTICPREMIUM;FUNCTIONS;DYNAMIC;XENON;XENONV3;WINDOWSV3;LINUXV3\"}},{\"id\":\"/subscriptions/26cfabf6-eb15-4de5-ae51-f2218958bd5f/providers/Microsoft.Web/geoRegions/West US 3\",\"name\":\"West US 3\",\"type\":\"Microsoft.Web/geoRegions\",\"properties\":{\"name\":\"West US 3\",\"description\":null,\"sortOrder\":2147483647,\"displayName\":\"West US 3\",\"orgDomain\":\"PUBLIC;DSERIES;LINUX;LINUXDSERIES;XENON;XENONV3;WINDOWSV3;LINUXV3;ELASTICPREMIUM;ELASTICLINUX;FUNCTIONS;DYNAMIC\"}},{\"id\":\"/subscriptions/26cfabf6-eb15-4de5-ae51-f2218958bd5f/providers/Microsoft.Web/geoRegions/Jio India West\",\"name\":\"Jio India West\",\"type\":\"Microsoft.Web/geoRegions\",\"properties\":{\"name\":\"Jio India West\",\"description\":null,\"sortOrder\":2147483647,\"displayName\":\"Jio India West\",\"orgDomain\":\"PUBLIC;DSERIES;LINUX;LINUXDSERIES;ELASTICPREMIUM;ELASTICLINUX;FUNCTIONS;DYNAMIC\"}}],\"nextLink\":null,\"id\":null}",
      "isContentBase64": false
    }
  },
  "Get-AzFunctionAppAvailableLocation+[NoContext]+Validate output for -PlanType Premium -OSType Linux+$GET+https://management.azure.com/subscriptions/26cfabf6-eb15-4de5-ae51-f2218958bd5f/providers/Microsoft.Web/geoRegions?sku=ElasticPremium\u0026linuxWorkersEnabled=True\u0026api-version=2019-08-01+1": {
    "Request": {
      "Method": "GET",
      "RequestUri": "https://management.azure.com/subscriptions/26cfabf6-eb15-4de5-ae51-f2218958bd5f/providers/Microsoft.Web/geoRegions?sku=ElasticPremium\u0026linuxWorkersEnabled=True\u0026api-version=2019-08-01",
      "Content": null,
      "isContentBase64": false,
      "Headers": {
        "x-ms-unique-id": [ "79" ],
        "x-ms-client-request-id": [ "e19d8d8c-477c-4edc-bd84-f18ba1c9f865" ],
        "CommandName": [ "Az.Functions.internal\\Get-AzFunctionAppAvailableLocation" ],
        "FullCommandName": [ "Get-AzFunctionAppAvailableLocation_List" ],
        "ParameterSetName": [ "__AllParameterSets" ],
        "User-Agent": [ "AzurePowershell/v6.6.0", "PSVersion/v7.0.6" ],
        "Authorization": [ "[Filtered]" ]
      },
      "ContentHeaders": {
      }
    },
    "Response": {
      "StatusCode": 200,
      "Headers": {
        "Cache-Control": [ "no-cache" ],
        "Pragma": [ "no-cache" ],
        "Strict-Transport-Security": [ "max-age=31536000; includeSubDomains" ],
        "x-ms-request-id": [ "55b1d49a-85d0-4a51-b8fd-95047928238d" ],
        "Server": [ "Microsoft-IIS/10.0" ],
        "X-AspNet-Version": [ "4.0.30319" ],
        "X-Powered-By": [ "ASP.NET" ],
        "x-ms-ratelimit-remaining-subscription-reads": [ "11952" ],
        "x-ms-correlation-request-id": [ "efa7607d-c434-4b0b-af68-05b21424f390" ],
        "x-ms-routing-request-id": [ "WESTUS:20211125T032754Z:efa7607d-c434-4b0b-af68-05b21424f390" ],
        "X-Content-Type-Options": [ "nosniff" ],
        "Date": [ "Thu, 25 Nov 2021 03:27:53 GMT" ]
      },
      "ContentHeaders": {
        "Content-Length": [ "15327" ],
        "Content-Type": [ "application/json" ],
        "Expires": [ "-1" ]
      },
      "Content": "{\"value\":[{\"id\":\"/subscriptions/26cfabf6-eb15-4de5-ae51-f2218958bd5f/providers/Microsoft.Web/geoRegions/Central US\",\"name\":\"Central US\",\"type\":\"Microsoft.Web/geoRegions\",\"properties\":{\"name\":\"Central US\",\"description\":null,\"sortOrder\":0,\"displayName\":\"Central US\",\"orgDomain\":\"PUBLIC;DREAMSPARK;MSFTPUBLIC;FUNCTIONS;DYNAMIC;DSERIES;LINUX;LINUXDSERIES;ELASTICPREMIUM;LINUXFREE;LINUXDYNAMIC;ELASTICLINUX;XENON;XENONV3;WINDOWSV3;LINUXV3\"}},{\"id\":\"/subscriptions/26cfabf6-eb15-4de5-ae51-f2218958bd5f/providers/Microsoft.Web/geoRegions/North Europe\",\"name\":\"North Europe\",\"type\":\"Microsoft.Web/geoRegions\",\"properties\":{\"name\":\"North Europe\",\"description\":null,\"sortOrder\":1,\"displayName\":\"North Europe\",\"orgDomain\":\"PUBLIC;DREAMSPARK;MSFTPUBLIC;FUNCTIONS;DYNAMIC;DSERIES;LINUX;LINUXDSERIES;XENON;ELASTICPREMIUM;LINUXFREE;ELASTICLINUX;LINUXDYNAMIC;XENON;XENONV3;WINDOWSV3;LINUXV3\"}},{\"id\":\"/subscriptions/26cfabf6-eb15-4de5-ae51-f2218958bd5f/providers/Microsoft.Web/geoRegions/West Europe\",\"name\":\"West Europe\",\"type\":\"Microsoft.Web/geoRegions\",\"properties\":{\"name\":\"West Europe\",\"description\":null,\"sortOrder\":2,\"displayName\":\"West Europe\",\"orgDomain\":\"PUBLIC;DREAMSPARK;MSFTPUBLIC;FUNCTIONS;DYNAMIC;LINUX;DSERIES;LINUXDSERIES;XENON;SFCONTAINERS;LINUXDYNAMIC;ELASTICPREMIUM;ELASTICLINUX;LINUXFREE;XENON;XENONV3;WINDOWSV3;LINUXV3\"}},{\"id\":\"/subscriptions/26cfabf6-eb15-4de5-ae51-f2218958bd5f/providers/Microsoft.Web/geoRegions/Southeast Asia\",\"name\":\"Southeast Asia\",\"type\":\"Microsoft.Web/geoRegions\",\"properties\":{\"name\":\"Southeast Asia\",\"description\":null,\"sortOrder\":3,\"displayName\":\"Southeast Asia\",\"orgDomain\":\"PUBLIC;DREAMSPARK;MSFTPUBLIC;FUNCTIONS;DYNAMIC;LINUX;DSERIES;LINUXDSERIES;XENON;ELASTICPREMIUM;LINUXFREE;ELASTICLINUX;LINUXDYNAMIC;XENON;XENONV3;WINDOWSV3;LINUXV3\"}},{\"id\":\"/subscriptions/26cfabf6-eb15-4de5-ae51-f2218958bd5f/providers/Microsoft.Web/geoRegions/East Asia\",\"name\":\"East Asia\",\"type\":\"Microsoft.Web/geoRegions\",\"properties\":{\"name\":\"East Asia\",\"description\":null,\"sortOrder\":4,\"displayName\":\"East Asia\",\"orgDomain\":\"PUBLIC;DREAMSPARK;MSFTPUBLIC;FUNCTIONS;DYNAMIC;LINUX;DSERIES;LINUXDSERIES;SFCONTAINERS;LINUXDYNAMIC;ELASTICPREMIUM;LINUXFREE;ELASTICLINUX;XENON;XENONV3;WINDOWSV3;LINUXV3\"}},{\"id\":\"/subscriptions/26cfabf6-eb15-4de5-ae51-f2218958bd5f/providers/Microsoft.Web/geoRegions/West US\",\"name\":\"West US\",\"type\":\"Microsoft.Web/geoRegions\",\"properties\":{\"name\":\"West US\",\"description\":null,\"sortOrder\":5,\"displayName\":\"West US\",\"orgDomain\":\"PUBLIC;DREAMSPARK;MSFTPUBLIC;FUNCTIONS;DYNAMIC;LINUX;DSERIES;LINUXDSERIES;XENON;ELASTICPREMIUM;LINUXFREE;ELASTICLINUX;LINUXDYNAMIC;XENON;XENONV3;WINDOWSV3;LINUXV3\"}},{\"id\":\"/subscriptions/26cfabf6-eb15-4de5-ae51-f2218958bd5f/providers/Microsoft.Web/geoRegions/East US\",\"name\":\"East US\",\"type\":\"Microsoft.Web/geoRegions\",\"properties\":{\"name\":\"East US\",\"description\":null,\"sortOrder\":6,\"displayName\":\"East US\",\"orgDomain\":\"PUBLIC;DREAMSPARK;MSFTPUBLIC;FUNCTIONS;DYNAMIC;LINUX;DSERIES;FAKEORG;LINUXDSERIES;XENON;SFCONTAINERS;LINUXDYNAMIC;LINUXFREE;ELASTICLINUX;ELASTICPREMIUM;XENON;XENONV3;WINDOWSV3;LINUXV3\"}},{\"id\":\"/subscriptions/26cfabf6-eb15-4de5-ae51-f2218958bd5f/providers/Microsoft.Web/geoRegions/Japan West\",\"name\":\"Japan West\",\"type\":\"Microsoft.Web/geoRegions\",\"properties\":{\"name\":\"Japan West\",\"description\":null,\"sortOrder\":7,\"displayName\":\"Japan West\",\"orgDomain\":\"PUBLIC;DREAMSPARK;MSFTPUBLIC;FUNCTIONS;DYNAMIC;LINUX;DSERIES;LINUXDSERIES;ELASTICPREMIUM;LINUXFREE;ELASTICLINUX;LINUXDYNAMIC\"}},{\"id\":\"/subscriptions/26cfabf6-eb15-4de5-ae51-f2218958bd5f/providers/Microsoft.Web/geoRegions/Japan East\",\"name\":\"Japan East\",\"type\":\"Microsoft.Web/geoRegions\",\"properties\":{\"name\":\"Japan East\",\"description\":null,\"sortOrder\":8,\"displayName\":\"Japan East\",\"orgDomain\":\"PUBLIC;DREAMSPARK;MSFTPUBLIC;FUNCTIONS;DYNAMIC;LINUX;DSERIES;LINUXDSERIES;LINUXFREE;ELASTICLINUX;ELASTICPREMIUM;LINUXDYNAMIC;XENON;XENONV3;WINDOWSV3;LINUXV3\"}},{\"id\":\"/subscriptions/26cfabf6-eb15-4de5-ae51-f2218958bd5f/providers/Microsoft.Web/geoRegions/East US 2\",\"name\":\"East US 2\",\"type\":\"Microsoft.Web/geoRegions\",\"properties\":{\"name\":\"East US 2\",\"description\":null,\"sortOrder\":9,\"displayName\":\"East US 2\",\"orgDomain\":\"PUBLIC;DREAMSPARK;MSFTPUBLIC;FUNCTIONS;DYNAMIC;DSERIES;LINUX;LINUXDSERIES;ELASTICPREMIUM;LINUXFREE;LINUXDYNAMIC;ELASTICLINUX;XENON;XENONV3;WINDOWSV3;LINUXV3\"}},{\"id\":\"/subscriptions/26cfabf6-eb15-4de5-ae51-f2218958bd5f/providers/Microsoft.Web/geoRegions/North Central US\",\"name\":\"North Central US\",\"type\":\"Microsoft.Web/geoRegions\",\"properties\":{\"name\":\"North Central US\",\"description\":null,\"sortOrder\":10,\"displayName\":\"North Central US\",\"orgDomain\":\"PUBLIC;DREAMSPARK;MSFTPUBLIC;FUNCTIONS;DYNAMIC;LINUX;DSERIES;LINUXDSERIES;LINUXFREE;ELASTICPREMIUM;ELASTICLINUX;LINUXDYNAMIC;XENON;XENONV3;WINDOWSV3;LINUXV3\"}},{\"id\":\"/subscriptions/26cfabf6-eb15-4de5-ae51-f2218958bd5f/providers/Microsoft.Web/geoRegions/South Central US\",\"name\":\"South Central US\",\"type\":\"Microsoft.Web/geoRegions\",\"properties\":{\"name\":\"South Central US\",\"description\":null,\"sortOrder\":11,\"displayName\":\"South Central US\",\"orgDomain\":\"PUBLIC;DREAMSPARK;MSFTPUBLIC;FUNCTIONS;DYNAMIC;DSERIES;LINUX;LINUXDSERIES;ELASTICPREMIUM;LINUXFREE;LINUXDYNAMIC;ELASTICLINUX;XENON;XENONV3;WINDOWSV3;LINUXV3\"}},{\"id\":\"/subscriptions/26cfabf6-eb15-4de5-ae51-f2218958bd5f/providers/Microsoft.Web/geoRegions/Brazil South\",\"name\":\"Brazil South\",\"type\":\"Microsoft.Web/geoRegions\",\"properties\":{\"name\":\"Brazil South\",\"description\":null,\"sortOrder\":12,\"displayName\":\"Brazil South\",\"orgDomain\":\"PUBLIC;DREAMSPARK;MSFTPUBLIC;FUNCTIONS;DYNAMIC;LINUX;DSERIES;LINUXDSERIES;LINUXFREE;ELASTICPREMIUM;LINUXDYNAMIC;ELASTICLINUX;XENON;XENONV3;WINDOWSV3;LINUXV3\"}},{\"id\":\"/subscriptions/26cfabf6-eb15-4de5-ae51-f2218958bd5f/providers/Microsoft.Web/geoRegions/Australia East\",\"name\":\"Australia East\",\"type\":\"Microsoft.Web/geoRegions\",\"properties\":{\"name\":\"Australia East\",\"description\":null,\"sortOrder\":13,\"displayName\":\"Australia East\",\"orgDomain\":\"PUBLIC;DREAMSPARK;MSFTPUBLIC;FUNCTIONS;DYNAMIC;LINUX;DSERIES;LINUXDSERIES;XENON;ELASTICPREMIUM;LINUXFREE;LINUXDYNAMIC;ELASTICLINUX;XENON;XENONV3;WINDOWSV3;LINUXV3\"}},{\"id\":\"/subscriptions/26cfabf6-eb15-4de5-ae51-f2218958bd5f/providers/Microsoft.Web/geoRegions/Australia Southeast\",\"name\":\"Australia Southeast\",\"type\":\"Microsoft.Web/geoRegions\",\"properties\":{\"name\":\"Australia Southeast\",\"description\":null,\"sortOrder\":14,\"displayName\":\"Australia Southeast\",\"orgDomain\":\"PUBLIC;DREAMSPARK;MSFTPUBLIC;FUNCTIONS;DYNAMIC;DSERIES;LINUX;LINUXDSERIES;ELASTICPREMIUM;LINUXFREE;ELASTICLINUX;XENON;XENONV3;WINDOWSV3;LINUXV3;LINUXDYNAMIC\"}},{\"id\":\"/subscriptions/26cfabf6-eb15-4de5-ae51-f2218958bd5f/providers/Microsoft.Web/geoRegions/North Central US (Stage)\",\"name\":\"North Central US (Stage)\",\"type\":\"Microsoft.Web/geoRegions\",\"properties\":{\"name\":\"North Central US (Stage)\",\"description\":null,\"sortOrder\":2147483647,\"displayName\":\"North Central US (Stage)\",\"orgDomain\":\"MSFTINT;LINUX;LINUXFREE;LINUXDYNAMIC;DSERIES;ELASTICPREMIUM;ELASTICLINUX;LINUXV3\"}},{\"id\":\"/subscriptions/26cfabf6-eb15-4de5-ae51-f2218958bd5f/providers/Microsoft.Web/geoRegions/Central India\",\"name\":\"Central India\",\"type\":\"Microsoft.Web/geoRegions\",\"properties\":{\"name\":\"Central India\",\"description\":null,\"sortOrder\":2147483647,\"displayName\":\"Central India\",\"orgDomain\":\"PUBLIC;DREAMSPARK;MSFTPUBLIC;FUNCTIONS;DYNAMIC;LINUX;DSERIES;LINUXDSERIES;LINUXDYNAMIC;ELASTICPREMIUM;ELASTICLINUX;XENON;XENONV3;WINDOWSV3;LINUXV3\"}},{\"id\":\"/subscriptions/26cfabf6-eb15-4de5-ae51-f2218958bd5f/providers/Microsoft.Web/geoRegions/West India\",\"name\":\"West India\",\"type\":\"Microsoft.Web/geoRegions\",\"properties\":{\"name\":\"West India\",\"description\":null,\"sortOrder\":2147483647,\"displayName\":\"West India\",\"orgDomain\":\"PUBLIC;DREAMSPARK;MSFTPUBLIC;FUNCTIONS;DYNAMIC;LINUX;DSERIES;LINUXDSERIES;ELASTICPREMIUM;LINUXDYNAMIC;ELASTICLINUX\"}},{\"id\":\"/subscriptions/26cfabf6-eb15-4de5-ae51-f2218958bd5f/providers/Microsoft.Web/geoRegions/Canada Central\",\"name\":\"Canada Central\",\"type\":\"Microsoft.Web/geoRegions\",\"properties\":{\"name\":\"Canada Central\",\"description\":null,\"sortOrder\":2147483647,\"displayName\":\"Canada Central\",\"orgDomain\":\"PUBLIC;DREAMSPARK;MSFTPUBLIC;FUNCTIONS;DYNAMIC;DSERIES;LINUX;LINUXDSERIES;ELASTICPREMIUM;LINUXFREE;ELASTICLINUX;XENON;XENONV3;WINDOWSV3;LINUXV3\"}},{\"id\":\"/subscriptions/26cfabf6-eb15-4de5-ae51-f2218958bd5f/providers/Microsoft.Web/geoRegions/West Central US\",\"name\":\"West Central US\",\"type\":\"Microsoft.Web/geoRegions\",\"properties\":{\"name\":\"West Central US\",\"description\":null,\"sortOrder\":2147483647,\"displayName\":\"West Central US\",\"orgDomain\":\"PUBLIC;FUNCTIONS;DYNAMIC;LINUX;DSERIES;LINUXDSERIES;ELASTICLINUX;ELASTICPREMIUM;MSFTPUBLIC;XENON;XENONV3;WINDOWSV3;LINUXV3\"}},{\"id\":\"/subscriptions/26cfabf6-eb15-4de5-ae51-f2218958bd5f/providers/Microsoft.Web/geoRegions/West US 2\",\"name\":\"West US 2\",\"type\":\"Microsoft.Web/geoRegions\",\"properties\":{\"name\":\"West US 2\",\"description\":null,\"sortOrder\":2147483647,\"displayName\":\"West US 2\",\"orgDomain\":\"PUBLIC;DREAMSPARK;MSFTPUBLIC;FUNCTIONS;DYNAMIC;LINUX;DSERIES;LINUXDSERIES;LINUXFREE;LINUXDYNAMIC;ELASTICPREMIUM;ELASTICLINUX;XENON;XENONV3;WINDOWSV3;LINUXV3\"}},{\"id\":\"/subscriptions/26cfabf6-eb15-4de5-ae51-f2218958bd5f/providers/Microsoft.Web/geoRegions/UK West\",\"name\":\"UK West\",\"type\":\"Microsoft.Web/geoRegions\",\"properties\":{\"name\":\"UK West\",\"description\":null,\"sortOrder\":2147483647,\"displayName\":\"UK West\",\"orgDomain\":\"PUBLIC;MSFTPUBLIC;FUNCTIONS;DYNAMIC;DSERIES;LINUX;LINUXDSERIES;ELASTICPREMIUM;LINUXDYNAMIC;ELASTICLINUX;XENON;XENONV3;WINDOWSV3;LINUXV3\"}},{\"id\":\"/subscriptions/26cfabf6-eb15-4de5-ae51-f2218958bd5f/providers/Microsoft.Web/geoRegions/UK South\",\"name\":\"UK South\",\"type\":\"Microsoft.Web/geoRegions\",\"properties\":{\"name\":\"UK South\",\"description\":null,\"sortOrder\":2147483647,\"displayName\":\"UK South\",\"orgDomain\":\"PUBLIC;MSFTPUBLIC;DYNAMIC;DSERIES;LINUX;LINUXDSERIES;LINUXFREE;LINUXDYNAMIC;ELASTICPREMIUM;ELASTICLINUX;XENON;XENONV3;WINDOWSV3;LINUXV3\"}},{\"id\":\"/subscriptions/26cfabf6-eb15-4de5-ae51-f2218958bd5f/providers/Microsoft.Web/geoRegions/East US 2 EUAP\",\"name\":\"East US 2 EUAP\",\"type\":\"Microsoft.Web/geoRegions\",\"properties\":{\"name\":\"East US 2 EUAP\",\"description\":null,\"sortOrder\":2147483647,\"displayName\":\"East US 2 EUAP\",\"orgDomain\":\"EUAP;XENON;DSERIES;LINUXDSERIES;ELASTICPREMIUM;FUNCTIONS;DYNAMIC;LINUX;LINUXFREE;ELASTICLINUX;WINDOWSV3;XENONV3;LINUXV3;LINUXDYNAMIC\"}},{\"id\":\"/subscriptions/26cfabf6-eb15-4de5-ae51-f2218958bd5f/providers/Microsoft.Web/geoRegions/Central US EUAP\",\"name\":\"Central US EUAP\",\"type\":\"Microsoft.Web/geoRegions\",\"properties\":{\"name\":\"Central US EUAP\",\"description\":null,\"sortOrder\":2147483647,\"displayName\":\"Central US EUAP\",\"orgDomain\":\"EUAP;LINUX;DSERIES;LINUXDSERIES;ELASTICPREMIUM;LINUXFREE;ELASTICLINUX;LINUXDYNAMIC;DYNAMIC\"}},{\"id\":\"/subscriptions/26cfabf6-eb15-4de5-ae51-f2218958bd5f/providers/Microsoft.Web/geoRegions/Korea Central\",\"name\":\"Korea Central\",\"type\":\"Microsoft.Web/geoRegions\",\"properties\":{\"name\":\"Korea Central\",\"description\":null,\"sortOrder\":2147483647,\"displayName\":\"Korea Central\",\"orgDomain\":\"PUBLIC;DREAMSPARK;MSFTPUBLIC;FUNCTIONS;DYNAMIC;LINUX;LINUXDSERIES;ELASTICPREMIUM;LINUXFREE;DSERIES;LINUXDYNAMIC;ELASTICLINUX;XENON;XENONV3;WINDOWSV3;LINUXV3\"}},{\"id\":\"/subscriptions/26cfabf6-eb15-4de5-ae51-f2218958bd5f/providers/Microsoft.Web/geoRegions/France Central\",\"name\":\"France Central\",\"type\":\"Microsoft.Web/geoRegions\",\"properties\":{\"name\":\"France Central\",\"description\":null,\"sortOrder\":2147483647,\"displayName\":\"France Central\",\"orgDomain\":\"PUBLIC;MSFTPUBLIC;DSERIES;DYNAMIC;LINUX;LINUXDSERIES;ELASTICPREMIUM;LINUXFREE;LINUXDYNAMIC;ELASTICLINUX;XENON;XENONV3;WINDOWSV3;LINUXV3\"}},{\"id\":\"/subscriptions/26cfabf6-eb15-4de5-ae51-f2218958bd5f/providers/Microsoft.Web/geoRegions/Australia Central\",\"name\":\"Australia Central\",\"type\":\"Microsoft.Web/geoRegions\",\"properties\":{\"name\":\"Australia Central\",\"description\":null,\"sortOrder\":2147483647,\"displayName\":\"Australia Central\",\"orgDomain\":\"PUBLIC;FUNCTIONS;DYNAMIC;DSERIES;LINUX;LINUXDSERIES;LINUXFREE;ELASTICPREMIUM;ELASTICLINUX\"}},{\"id\":\"/subscriptions/26cfabf6-eb15-4de5-ae51-f2218958bd5f/providers/Microsoft.Web/geoRegions/South Africa North\",\"name\":\"South Africa North\",\"type\":\"Microsoft.Web/geoRegions\",\"properties\":{\"name\":\"South Africa North\",\"description\":null,\"sortOrder\":2147483647,\"displayName\":\"South Africa North\",\"orgDomain\":\"PUBLIC;MSFTPUBLIC;FUNCTIONS;DYNAMIC;LINUX;LINUXDSERIES;DSERIES;ELASTICPREMIUM;ELASTICLINUX;XENON;XENONV3;WINDOWSV3;LINUXV3\"}},{\"id\":\"/subscriptions/26cfabf6-eb15-4de5-ae51-f2218958bd5f/providers/Microsoft.Web/geoRegions/Switzerland North\",\"name\":\"Switzerland North\",\"type\":\"Microsoft.Web/geoRegions\",\"properties\":{\"name\":\"Switzerland North\",\"description\":null,\"sortOrder\":2147483647,\"displayName\":\"Switzerland North\",\"orgDomain\":\"PUBLIC;DSERIES;LINUX;LINUXDSERIES;LINUXFREE;FUNCTIONS;DYNAMIC;LINUXDYNAMIC;ELASTICPREMIUM;ELASTICLINUX;XENON;XENONV3;WINDOWSV3;LINUXV3\"}},{\"id\":\"/subscriptions/26cfabf6-eb15-4de5-ae51-f2218958bd5f/providers/Microsoft.Web/geoRegions/Germany West Central\",\"name\":\"Germany West Central\",\"type\":\"Microsoft.Web/geoRegions\",\"properties\":{\"name\":\"Germany West Central\",\"description\":null,\"sortOrder\":2147483647,\"displayName\":\"Germany West Central\",\"orgDomain\":\"PUBLIC;DSERIES;LINUX;LINUXDSERIES;ELASTICPREMIUM;FUNCTIONS;DYNAMIC;ELASTICLINUX;LINUXDYNAMIC;XENON;XENONV3;WINDOWSV3;LINUXV3\"}},{\"id\":\"/subscriptions/26cfabf6-eb15-4de5-ae51-f2218958bd5f/providers/Microsoft.Web/geoRegions/Switzerland West\",\"name\":\"Switzerland West\",\"type\":\"Microsoft.Web/geoRegions\",\"properties\":{\"name\":\"Switzerland West\",\"description\":null,\"sortOrder\":2147483647,\"displayName\":\"Switzerland West\",\"orgDomain\":\"PUBLIC;DSERIES;LINUX;LINUXDSERIES;LINUXFREE;FUNCTIONS;DYNAMIC;ELASTICPREMIUM;ELASTICLINUX\"}},{\"id\":\"/subscriptions/26cfabf6-eb15-4de5-ae51-f2218958bd5f/providers/Microsoft.Web/geoRegions/UAE North\",\"name\":\"UAE North\",\"type\":\"Microsoft.Web/geoRegions\",\"properties\":{\"name\":\"UAE North\",\"description\":null,\"sortOrder\":2147483647,\"displayName\":\"UAE North\",\"orgDomain\":\"PUBLIC;DSERIES;LINUX;LINUXDSERIES;LINUXFREE;FUNCTIONS;DYNAMIC;LINUXDYNAMIC;ELASTICPREMIUM;ELASTICLINUX;XENON;XENONV3;WINDOWSV3;LINUXV3\"}},{\"id\":\"/subscriptions/26cfabf6-eb15-4de5-ae51-f2218958bd5f/providers/Microsoft.Web/geoRegions/Norway East\",\"name\":\"Norway East\",\"type\":\"Microsoft.Web/geoRegions\",\"properties\":{\"name\":\"Norway East\",\"description\":null,\"sortOrder\":2147483647,\"displayName\":\"Norway East\",\"orgDomain\":\"PUBLIC;LINUX;LINUXDSERIES;DSERIES;ELASTICLINUX;ELASTICPREMIUM;FUNCTIONS;DYNAMIC;XENON;XENONV3;WINDOWSV3;LINUXV3\"}},{\"id\":\"/subscriptions/26cfabf6-eb15-4de5-ae51-f2218958bd5f/providers/Microsoft.Web/geoRegions/West US 3\",\"name\":\"West US 3\",\"type\":\"Microsoft.Web/geoRegions\",\"properties\":{\"name\":\"West US 3\",\"description\":null,\"sortOrder\":2147483647,\"displayName\":\"West US 3\",\"orgDomain\":\"PUBLIC;DSERIES;LINUX;LINUXDSERIES;XENON;XENONV3;WINDOWSV3;LINUXV3;ELASTICPREMIUM;ELASTICLINUX;FUNCTIONS;DYNAMIC\"}},{\"id\":\"/subscriptions/26cfabf6-eb15-4de5-ae51-f2218958bd5f/providers/Microsoft.Web/geoRegions/Jio India West\",\"name\":\"Jio India West\",\"type\":\"Microsoft.Web/geoRegions\",\"properties\":{\"name\":\"Jio India West\",\"description\":null,\"sortOrder\":2147483647,\"displayName\":\"Jio India West\",\"orgDomain\":\"PUBLIC;DSERIES;LINUX;LINUXDSERIES;ELASTICPREMIUM;ELASTICLINUX;FUNCTIONS;DYNAMIC\"}}],\"nextLink\":null,\"id\":null}",
      "isContentBase64": false
    }
  },
  "Get-AzFunctionAppAvailableLocation+[NoContext]+Validate output for -PlanType Premium -OSType Windows+$GET+https://management.azure.com/subscriptions/26cfabf6-eb15-4de5-ae51-f2218958bd5f/providers/Microsoft.Web/geoRegions?sku=ElasticPremium\u0026api-version=2019-08-01+1": {
    "Request": {
      "Method": "GET",
      "RequestUri": "https://management.azure.com/subscriptions/26cfabf6-eb15-4de5-ae51-f2218958bd5f/providers/Microsoft.Web/geoRegions?sku=ElasticPremium\u0026api-version=2019-08-01",
      "Content": null,
      "isContentBase64": false,
      "Headers": {
        "x-ms-unique-id": [ "80" ],
        "x-ms-client-request-id": [ "d0a0e32d-4697-4439-97ab-5f89dc856768" ],
        "CommandName": [ "Az.Functions.internal\\Get-AzFunctionAppAvailableLocation" ],
        "FullCommandName": [ "Get-AzFunctionAppAvailableLocation_List" ],
        "ParameterSetName": [ "__AllParameterSets" ],
        "User-Agent": [ "AzurePowershell/v6.6.0", "PSVersion/v7.0.6" ],
        "Authorization": [ "[Filtered]" ]
      },
      "ContentHeaders": {
      }
    },
    "Response": {
      "StatusCode": 200,
      "Headers": {
        "Cache-Control": [ "no-cache" ],
        "Pragma": [ "no-cache" ],
        "Strict-Transport-Security": [ "max-age=31536000; includeSubDomains" ],
        "x-ms-request-id": [ "15cb6ec3-68a4-4659-a718-8e6617d637d2" ],
        "Server": [ "Microsoft-IIS/10.0" ],
        "X-AspNet-Version": [ "4.0.30319" ],
        "X-Powered-By": [ "ASP.NET" ],
        "x-ms-ratelimit-remaining-subscription-reads": [ "11951" ],
        "x-ms-correlation-request-id": [ "603ee49d-0de2-430e-995b-73c04d3950ea" ],
        "x-ms-routing-request-id": [ "WESTUS:20211125T032754Z:603ee49d-0de2-430e-995b-73c04d3950ea" ],
        "X-Content-Type-Options": [ "nosniff" ],
        "Date": [ "Thu, 25 Nov 2021 03:27:53 GMT" ]
      },
      "ContentHeaders": {
        "Content-Length": [ "16508" ],
        "Content-Type": [ "application/json" ],
        "Expires": [ "-1" ]
      },
      "Content": "{\"value\":[{\"id\":\"/subscriptions/26cfabf6-eb15-4de5-ae51-f2218958bd5f/providers/Microsoft.Web/geoRegions/Central US\",\"name\":\"Central US\",\"type\":\"Microsoft.Web/geoRegions\",\"properties\":{\"name\":\"Central US\",\"description\":null,\"sortOrder\":0,\"displayName\":\"Central US\",\"orgDomain\":\"PUBLIC;DREAMSPARK;MSFTPUBLIC;FUNCTIONS;DYNAMIC;DSERIES;LINUX;LINUXDSERIES;ELASTICPREMIUM;LINUXFREE;LINUXDYNAMIC;ELASTICLINUX;XENON;XENONV3;WINDOWSV3;LINUXV3\"}},{\"id\":\"/subscriptions/26cfabf6-eb15-4de5-ae51-f2218958bd5f/providers/Microsoft.Web/geoRegions/North Europe\",\"name\":\"North Europe\",\"type\":\"Microsoft.Web/geoRegions\",\"properties\":{\"name\":\"North Europe\",\"description\":null,\"sortOrder\":1,\"displayName\":\"North Europe\",\"orgDomain\":\"PUBLIC;DREAMSPARK;MSFTPUBLIC;FUNCTIONS;DYNAMIC;DSERIES;LINUX;LINUXDSERIES;XENON;ELASTICPREMIUM;LINUXFREE;ELASTICLINUX;LINUXDYNAMIC;XENON;XENONV3;WINDOWSV3;LINUXV3\"}},{\"id\":\"/subscriptions/26cfabf6-eb15-4de5-ae51-f2218958bd5f/providers/Microsoft.Web/geoRegions/West Europe\",\"name\":\"West Europe\",\"type\":\"Microsoft.Web/geoRegions\",\"properties\":{\"name\":\"West Europe\",\"description\":null,\"sortOrder\":2,\"displayName\":\"West Europe\",\"orgDomain\":\"PUBLIC;DREAMSPARK;MSFTPUBLIC;FUNCTIONS;DYNAMIC;LINUX;DSERIES;LINUXDSERIES;XENON;SFCONTAINERS;LINUXDYNAMIC;ELASTICPREMIUM;ELASTICLINUX;LINUXFREE;XENON;XENONV3;WINDOWSV3;LINUXV3\"}},{\"id\":\"/subscriptions/26cfabf6-eb15-4de5-ae51-f2218958bd5f/providers/Microsoft.Web/geoRegions/Southeast Asia\",\"name\":\"Southeast Asia\",\"type\":\"Microsoft.Web/geoRegions\",\"properties\":{\"name\":\"Southeast Asia\",\"description\":null,\"sortOrder\":3,\"displayName\":\"Southeast Asia\",\"orgDomain\":\"PUBLIC;DREAMSPARK;MSFTPUBLIC;FUNCTIONS;DYNAMIC;LINUX;DSERIES;LINUXDSERIES;XENON;ELASTICPREMIUM;LINUXFREE;ELASTICLINUX;LINUXDYNAMIC;XENON;XENONV3;WINDOWSV3;LINUXV3\"}},{\"id\":\"/subscriptions/26cfabf6-eb15-4de5-ae51-f2218958bd5f/providers/Microsoft.Web/geoRegions/East Asia\",\"name\":\"East Asia\",\"type\":\"Microsoft.Web/geoRegions\",\"properties\":{\"name\":\"East Asia\",\"description\":null,\"sortOrder\":4,\"displayName\":\"East Asia\",\"orgDomain\":\"PUBLIC;DREAMSPARK;MSFTPUBLIC;FUNCTIONS;DYNAMIC;LINUX;DSERIES;LINUXDSERIES;SFCONTAINERS;LINUXDYNAMIC;ELASTICPREMIUM;LINUXFREE;ELASTICLINUX;XENON;XENONV3;WINDOWSV3;LINUXV3\"}},{\"id\":\"/subscriptions/26cfabf6-eb15-4de5-ae51-f2218958bd5f/providers/Microsoft.Web/geoRegions/West US\",\"name\":\"West US\",\"type\":\"Microsoft.Web/geoRegions\",\"properties\":{\"name\":\"West US\",\"description\":null,\"sortOrder\":5,\"displayName\":\"West US\",\"orgDomain\":\"PUBLIC;DREAMSPARK;MSFTPUBLIC;FUNCTIONS;DYNAMIC;LINUX;DSERIES;LINUXDSERIES;XENON;ELASTICPREMIUM;LINUXFREE;ELASTICLINUX;LINUXDYNAMIC;XENON;XENONV3;WINDOWSV3;LINUXV3\"}},{\"id\":\"/subscriptions/26cfabf6-eb15-4de5-ae51-f2218958bd5f/providers/Microsoft.Web/geoRegions/East US\",\"name\":\"East US\",\"type\":\"Microsoft.Web/geoRegions\",\"properties\":{\"name\":\"East US\",\"description\":null,\"sortOrder\":6,\"displayName\":\"East US\",\"orgDomain\":\"PUBLIC;DREAMSPARK;MSFTPUBLIC;FUNCTIONS;DYNAMIC;LINUX;DSERIES;FAKEORG;LINUXDSERIES;XENON;SFCONTAINERS;LINUXDYNAMIC;LINUXFREE;ELASTICLINUX;ELASTICPREMIUM;XENON;XENONV3;WINDOWSV3;LINUXV3\"}},{\"id\":\"/subscriptions/26cfabf6-eb15-4de5-ae51-f2218958bd5f/providers/Microsoft.Web/geoRegions/Japan West\",\"name\":\"Japan West\",\"type\":\"Microsoft.Web/geoRegions\",\"properties\":{\"name\":\"Japan West\",\"description\":null,\"sortOrder\":7,\"displayName\":\"Japan West\",\"orgDomain\":\"PUBLIC;DREAMSPARK;MSFTPUBLIC;FUNCTIONS;DYNAMIC;LINUX;DSERIES;LINUXDSERIES;ELASTICPREMIUM;LINUXFREE;ELASTICLINUX;LINUXDYNAMIC\"}},{\"id\":\"/subscriptions/26cfabf6-eb15-4de5-ae51-f2218958bd5f/providers/Microsoft.Web/geoRegions/Japan East\",\"name\":\"Japan East\",\"type\":\"Microsoft.Web/geoRegions\",\"properties\":{\"name\":\"Japan East\",\"description\":null,\"sortOrder\":8,\"displayName\":\"Japan East\",\"orgDomain\":\"PUBLIC;DREAMSPARK;MSFTPUBLIC;FUNCTIONS;DYNAMIC;LINUX;DSERIES;LINUXDSERIES;LINUXFREE;ELASTICLINUX;ELASTICPREMIUM;LINUXDYNAMIC;XENON;XENONV3;WINDOWSV3;LINUXV3\"}},{\"id\":\"/subscriptions/26cfabf6-eb15-4de5-ae51-f2218958bd5f/providers/Microsoft.Web/geoRegions/East US 2\",\"name\":\"East US 2\",\"type\":\"Microsoft.Web/geoRegions\",\"properties\":{\"name\":\"East US 2\",\"description\":null,\"sortOrder\":9,\"displayName\":\"East US 2\",\"orgDomain\":\"PUBLIC;DREAMSPARK;MSFTPUBLIC;FUNCTIONS;DYNAMIC;DSERIES;LINUX;LINUXDSERIES;ELASTICPREMIUM;LINUXFREE;LINUXDYNAMIC;ELASTICLINUX;XENON;XENONV3;WINDOWSV3;LINUXV3\"}},{\"id\":\"/subscriptions/26cfabf6-eb15-4de5-ae51-f2218958bd5f/providers/Microsoft.Web/geoRegions/North Central US\",\"name\":\"North Central US\",\"type\":\"Microsoft.Web/geoRegions\",\"properties\":{\"name\":\"North Central US\",\"description\":null,\"sortOrder\":10,\"displayName\":\"North Central US\",\"orgDomain\":\"PUBLIC;DREAMSPARK;MSFTPUBLIC;FUNCTIONS;DYNAMIC;LINUX;DSERIES;LINUXDSERIES;LINUXFREE;ELASTICPREMIUM;ELASTICLINUX;LINUXDYNAMIC;XENON;XENONV3;WINDOWSV3;LINUXV3\"}},{\"id\":\"/subscriptions/26cfabf6-eb15-4de5-ae51-f2218958bd5f/providers/Microsoft.Web/geoRegions/South Central US\",\"name\":\"South Central US\",\"type\":\"Microsoft.Web/geoRegions\",\"properties\":{\"name\":\"South Central US\",\"description\":null,\"sortOrder\":11,\"displayName\":\"South Central US\",\"orgDomain\":\"PUBLIC;DREAMSPARK;MSFTPUBLIC;FUNCTIONS;DYNAMIC;DSERIES;LINUX;LINUXDSERIES;ELASTICPREMIUM;LINUXFREE;LINUXDYNAMIC;ELASTICLINUX;XENON;XENONV3;WINDOWSV3;LINUXV3\"}},{\"id\":\"/subscriptions/26cfabf6-eb15-4de5-ae51-f2218958bd5f/providers/Microsoft.Web/geoRegions/Brazil South\",\"name\":\"Brazil South\",\"type\":\"Microsoft.Web/geoRegions\",\"properties\":{\"name\":\"Brazil South\",\"description\":null,\"sortOrder\":12,\"displayName\":\"Brazil South\",\"orgDomain\":\"PUBLIC;DREAMSPARK;MSFTPUBLIC;FUNCTIONS;DYNAMIC;LINUX;DSERIES;LINUXDSERIES;LINUXFREE;ELASTICPREMIUM;LINUXDYNAMIC;ELASTICLINUX;XENON;XENONV3;WINDOWSV3;LINUXV3\"}},{\"id\":\"/subscriptions/26cfabf6-eb15-4de5-ae51-f2218958bd5f/providers/Microsoft.Web/geoRegions/Australia East\",\"name\":\"Australia East\",\"type\":\"Microsoft.Web/geoRegions\",\"properties\":{\"name\":\"Australia East\",\"description\":null,\"sortOrder\":13,\"displayName\":\"Australia East\",\"orgDomain\":\"PUBLIC;DREAMSPARK;MSFTPUBLIC;FUNCTIONS;DYNAMIC;LINUX;DSERIES;LINUXDSERIES;XENON;ELASTICPREMIUM;LINUXFREE;LINUXDYNAMIC;ELASTICLINUX;XENON;XENONV3;WINDOWSV3;LINUXV3\"}},{\"id\":\"/subscriptions/26cfabf6-eb15-4de5-ae51-f2218958bd5f/providers/Microsoft.Web/geoRegions/Australia Southeast\",\"name\":\"Australia Southeast\",\"type\":\"Microsoft.Web/geoRegions\",\"properties\":{\"name\":\"Australia Southeast\",\"description\":null,\"sortOrder\":14,\"displayName\":\"Australia Southeast\",\"orgDomain\":\"PUBLIC;DREAMSPARK;MSFTPUBLIC;FUNCTIONS;DYNAMIC;DSERIES;LINUX;LINUXDSERIES;ELASTICPREMIUM;LINUXFREE;ELASTICLINUX;XENON;XENONV3;WINDOWSV3;LINUXV3;LINUXDYNAMIC\"}},{\"id\":\"/subscriptions/26cfabf6-eb15-4de5-ae51-f2218958bd5f/providers/Microsoft.Web/geoRegions/East Asia (Stage)\",\"name\":\"East Asia (Stage)\",\"type\":\"Microsoft.Web/geoRegions\",\"properties\":{\"name\":\"East Asia (Stage)\",\"description\":null,\"sortOrder\":2147483647,\"displayName\":\"East Asia (Stage)\",\"orgDomain\":\"MSFTINT;DSERIES;ELASTICPREMIUM;FUNCTIONS;DYNAMIC;XENON;LINUX;LINUXFREE;LINUXDYNAMIC;XENONV3;WINDOWSV3;LINUXV3\"}},{\"id\":\"/subscriptions/26cfabf6-eb15-4de5-ae51-f2218958bd5f/providers/Microsoft.Web/geoRegions/North Central US (Stage)\",\"name\":\"North Central US (Stage)\",\"type\":\"Microsoft.Web/geoRegions\",\"properties\":{\"name\":\"North Central US (Stage)\",\"description\":null,\"sortOrder\":2147483647,\"displayName\":\"North Central US (Stage)\",\"orgDomain\":\"MSFTINT;LINUX;LINUXFREE;LINUXDYNAMIC;DSERIES;ELASTICPREMIUM;ELASTICLINUX;LINUXV3\"}},{\"id\":\"/subscriptions/26cfabf6-eb15-4de5-ae51-f2218958bd5f/providers/Microsoft.Web/geoRegions/Central India\",\"name\":\"Central India\",\"type\":\"Microsoft.Web/geoRegions\",\"properties\":{\"name\":\"Central India\",\"description\":null,\"sortOrder\":2147483647,\"displayName\":\"Central India\",\"orgDomain\":\"PUBLIC;DREAMSPARK;MSFTPUBLIC;FUNCTIONS;DYNAMIC;LINUX;DSERIES;LINUXDSERIES;LINUXDYNAMIC;ELASTICPREMIUM;ELASTICLINUX;XENON;XENONV3;WINDOWSV3;LINUXV3\"}},{\"id\":\"/subscriptions/26cfabf6-eb15-4de5-ae51-f2218958bd5f/providers/Microsoft.Web/geoRegions/West India\",\"name\":\"West India\",\"type\":\"Microsoft.Web/geoRegions\",\"properties\":{\"name\":\"West India\",\"description\":null,\"sortOrder\":2147483647,\"displayName\":\"West India\",\"orgDomain\":\"PUBLIC;DREAMSPARK;MSFTPUBLIC;FUNCTIONS;DYNAMIC;LINUX;DSERIES;LINUXDSERIES;ELASTICPREMIUM;LINUXDYNAMIC;ELASTICLINUX\"}},{\"id\":\"/subscriptions/26cfabf6-eb15-4de5-ae51-f2218958bd5f/providers/Microsoft.Web/geoRegions/South India\",\"name\":\"South India\",\"type\":\"Microsoft.Web/geoRegions\",\"properties\":{\"name\":\"South India\",\"description\":null,\"sortOrder\":2147483647,\"displayName\":\"South India\",\"orgDomain\":\"PUBLIC;DREAMSPARK;MSFTPUBLIC;FUNCTIONS;DYNAMIC;DSERIES;LINUX;LINUXDSERIES;ELASTICPREMIUM\"}},{\"id\":\"/subscriptions/26cfabf6-eb15-4de5-ae51-f2218958bd5f/providers/Microsoft.Web/geoRegions/Canada Central\",\"name\":\"Canada Central\",\"type\":\"Microsoft.Web/geoRegions\",\"properties\":{\"name\":\"Canada Central\",\"description\":null,\"sortOrder\":2147483647,\"displayName\":\"Canada Central\",\"orgDomain\":\"PUBLIC;DREAMSPARK;MSFTPUBLIC;FUNCTIONS;DYNAMIC;DSERIES;LINUX;LINUXDSERIES;ELASTICPREMIUM;LINUXFREE;ELASTICLINUX;XENON;XENONV3;WINDOWSV3;LINUXV3\"}},{\"id\":\"/subscriptions/26cfabf6-eb15-4de5-ae51-f2218958bd5f/providers/Microsoft.Web/geoRegions/West Central US\",\"name\":\"West Central US\",\"type\":\"Microsoft.Web/geoRegions\",\"properties\":{\"name\":\"West Central US\",\"description\":null,\"sortOrder\":2147483647,\"displayName\":\"West Central US\",\"orgDomain\":\"PUBLIC;FUNCTIONS;DYNAMIC;LINUX;DSERIES;LINUXDSERIES;ELASTICLINUX;ELASTICPREMIUM;MSFTPUBLIC;XENON;XENONV3;WINDOWSV3;LINUXV3\"}},{\"id\":\"/subscriptions/26cfabf6-eb15-4de5-ae51-f2218958bd5f/providers/Microsoft.Web/geoRegions/West US 2\",\"name\":\"West US 2\",\"type\":\"Microsoft.Web/geoRegions\",\"properties\":{\"name\":\"West US 2\",\"description\":null,\"sortOrder\":2147483647,\"displayName\":\"West US 2\",\"orgDomain\":\"PUBLIC;DREAMSPARK;MSFTPUBLIC;FUNCTIONS;DYNAMIC;LINUX;DSERIES;LINUXDSERIES;LINUXFREE;LINUXDYNAMIC;ELASTICPREMIUM;ELASTICLINUX;XENON;XENONV3;WINDOWSV3;LINUXV3\"}},{\"id\":\"/subscriptions/26cfabf6-eb15-4de5-ae51-f2218958bd5f/providers/Microsoft.Web/geoRegions/UK West\",\"name\":\"UK West\",\"type\":\"Microsoft.Web/geoRegions\",\"properties\":{\"name\":\"UK West\",\"description\":null,\"sortOrder\":2147483647,\"displayName\":\"UK West\",\"orgDomain\":\"PUBLIC;MSFTPUBLIC;FUNCTIONS;DYNAMIC;DSERIES;LINUX;LINUXDSERIES;ELASTICPREMIUM;LINUXDYNAMIC;ELASTICLINUX;XENON;XENONV3;WINDOWSV3;LINUXV3\"}},{\"id\":\"/subscriptions/26cfabf6-eb15-4de5-ae51-f2218958bd5f/providers/Microsoft.Web/geoRegions/UK South\",\"name\":\"UK South\",\"type\":\"Microsoft.Web/geoRegions\",\"properties\":{\"name\":\"UK South\",\"description\":null,\"sortOrder\":2147483647,\"displayName\":\"UK South\",\"orgDomain\":\"PUBLIC;MSFTPUBLIC;DYNAMIC;DSERIES;LINUX;LINUXDSERIES;LINUXFREE;LINUXDYNAMIC;ELASTICPREMIUM;ELASTICLINUX;XENON;XENONV3;WINDOWSV3;LINUXV3\"}},{\"id\":\"/subscriptions/26cfabf6-eb15-4de5-ae51-f2218958bd5f/providers/Microsoft.Web/geoRegions/East US 2 EUAP\",\"name\":\"East US 2 EUAP\",\"type\":\"Microsoft.Web/geoRegions\",\"properties\":{\"name\":\"East US 2 EUAP\",\"description\":null,\"sortOrder\":2147483647,\"displayName\":\"East US 2 EUAP\",\"orgDomain\":\"EUAP;XENON;DSERIES;LINUXDSERIES;ELASTICPREMIUM;FUNCTIONS;DYNAMIC;LINUX;LINUXFREE;ELASTICLINUX;WINDOWSV3;XENONV3;LINUXV3;LINUXDYNAMIC\"}},{\"id\":\"/subscriptions/26cfabf6-eb15-4de5-ae51-f2218958bd5f/providers/Microsoft.Web/geoRegions/Central US EUAP\",\"name\":\"Central US EUAP\",\"type\":\"Microsoft.Web/geoRegions\",\"properties\":{\"name\":\"Central US EUAP\",\"description\":null,\"sortOrder\":2147483647,\"displayName\":\"Central US EUAP\",\"orgDomain\":\"EUAP;LINUX;DSERIES;LINUXDSERIES;ELASTICPREMIUM;LINUXFREE;ELASTICLINUX;LINUXDYNAMIC;DYNAMIC\"}},{\"id\":\"/subscriptions/26cfabf6-eb15-4de5-ae51-f2218958bd5f/providers/Microsoft.Web/geoRegions/Korea Central\",\"name\":\"Korea Central\",\"type\":\"Microsoft.Web/geoRegions\",\"properties\":{\"name\":\"Korea Central\",\"description\":null,\"sortOrder\":2147483647,\"displayName\":\"Korea Central\",\"orgDomain\":\"PUBLIC;DREAMSPARK;MSFTPUBLIC;FUNCTIONS;DYNAMIC;LINUX;LINUXDSERIES;ELASTICPREMIUM;LINUXFREE;DSERIES;LINUXDYNAMIC;ELASTICLINUX;XENON;XENONV3;WINDOWSV3;LINUXV3\"}},{\"id\":\"/subscriptions/26cfabf6-eb15-4de5-ae51-f2218958bd5f/providers/Microsoft.Web/geoRegions/France Central\",\"name\":\"France Central\",\"type\":\"Microsoft.Web/geoRegions\",\"properties\":{\"name\":\"France Central\",\"description\":null,\"sortOrder\":2147483647,\"displayName\":\"France Central\",\"orgDomain\":\"PUBLIC;MSFTPUBLIC;DSERIES;DYNAMIC;LINUX;LINUXDSERIES;ELASTICPREMIUM;LINUXFREE;LINUXDYNAMIC;ELASTICLINUX;XENON;XENONV3;WINDOWSV3;LINUXV3\"}},{\"id\":\"/subscriptions/26cfabf6-eb15-4de5-ae51-f2218958bd5f/providers/Microsoft.Web/geoRegions/Australia Central 2\",\"name\":\"Australia Central 2\",\"type\":\"Microsoft.Web/geoRegions\",\"properties\":{\"name\":\"Australia Central 2\",\"description\":null,\"sortOrder\":2147483647,\"displayName\":\"Australia Central 2\",\"orgDomain\":\"PUBLIC;FUNCTIONS;DYNAMIC;DSERIES;LINUX;LINUXDSERIES;LINUXFREE;ELASTICPREMIUM\"}},{\"id\":\"/subscriptions/26cfabf6-eb15-4de5-ae51-f2218958bd5f/providers/Microsoft.Web/geoRegions/Australia Central\",\"name\":\"Australia Central\",\"type\":\"Microsoft.Web/geoRegions\",\"properties\":{\"name\":\"Australia Central\",\"description\":null,\"sortOrder\":2147483647,\"displayName\":\"Australia Central\",\"orgDomain\":\"PUBLIC;FUNCTIONS;DYNAMIC;DSERIES;LINUX;LINUXDSERIES;LINUXFREE;ELASTICPREMIUM;ELASTICLINUX\"}},{\"id\":\"/subscriptions/26cfabf6-eb15-4de5-ae51-f2218958bd5f/providers/Microsoft.Web/geoRegions/South Africa North\",\"name\":\"South Africa North\",\"type\":\"Microsoft.Web/geoRegions\",\"properties\":{\"name\":\"South Africa North\",\"description\":null,\"sortOrder\":2147483647,\"displayName\":\"South Africa North\",\"orgDomain\":\"PUBLIC;MSFTPUBLIC;FUNCTIONS;DYNAMIC;LINUX;LINUXDSERIES;DSERIES;ELASTICPREMIUM;ELASTICLINUX;XENON;XENONV3;WINDOWSV3;LINUXV3\"}},{\"id\":\"/subscriptions/26cfabf6-eb15-4de5-ae51-f2218958bd5f/providers/Microsoft.Web/geoRegions/Switzerland North\",\"name\":\"Switzerland North\",\"type\":\"Microsoft.Web/geoRegions\",\"properties\":{\"name\":\"Switzerland North\",\"description\":null,\"sortOrder\":2147483647,\"displayName\":\"Switzerland North\",\"orgDomain\":\"PUBLIC;DSERIES;LINUX;LINUXDSERIES;LINUXFREE;FUNCTIONS;DYNAMIC;LINUXDYNAMIC;ELASTICPREMIUM;ELASTICLINUX;XENON;XENONV3;WINDOWSV3;LINUXV3\"}},{\"id\":\"/subscriptions/26cfabf6-eb15-4de5-ae51-f2218958bd5f/providers/Microsoft.Web/geoRegions/Germany West Central\",\"name\":\"Germany West Central\",\"type\":\"Microsoft.Web/geoRegions\",\"properties\":{\"name\":\"Germany West Central\",\"description\":null,\"sortOrder\":2147483647,\"displayName\":\"Germany West Central\",\"orgDomain\":\"PUBLIC;DSERIES;LINUX;LINUXDSERIES;ELASTICPREMIUM;FUNCTIONS;DYNAMIC;ELASTICLINUX;LINUXDYNAMIC;XENON;XENONV3;WINDOWSV3;LINUXV3\"}},{\"id\":\"/subscriptions/26cfabf6-eb15-4de5-ae51-f2218958bd5f/providers/Microsoft.Web/geoRegions/Switzerland West\",\"name\":\"Switzerland West\",\"type\":\"Microsoft.Web/geoRegions\",\"properties\":{\"name\":\"Switzerland West\",\"description\":null,\"sortOrder\":2147483647,\"displayName\":\"Switzerland West\",\"orgDomain\":\"PUBLIC;DSERIES;LINUX;LINUXDSERIES;LINUXFREE;FUNCTIONS;DYNAMIC;ELASTICPREMIUM;ELASTICLINUX\"}},{\"id\":\"/subscriptions/26cfabf6-eb15-4de5-ae51-f2218958bd5f/providers/Microsoft.Web/geoRegions/UAE North\",\"name\":\"UAE North\",\"type\":\"Microsoft.Web/geoRegions\",\"properties\":{\"name\":\"UAE North\",\"description\":null,\"sortOrder\":2147483647,\"displayName\":\"UAE North\",\"orgDomain\":\"PUBLIC;DSERIES;LINUX;LINUXDSERIES;LINUXFREE;FUNCTIONS;DYNAMIC;LINUXDYNAMIC;ELASTICPREMIUM;ELASTICLINUX;XENON;XENONV3;WINDOWSV3;LINUXV3\"}},{\"id\":\"/subscriptions/26cfabf6-eb15-4de5-ae51-f2218958bd5f/providers/Microsoft.Web/geoRegions/Norway East\",\"name\":\"Norway East\",\"type\":\"Microsoft.Web/geoRegions\",\"properties\":{\"name\":\"Norway East\",\"description\":null,\"sortOrder\":2147483647,\"displayName\":\"Norway East\",\"orgDomain\":\"PUBLIC;LINUX;LINUXDSERIES;DSERIES;ELASTICLINUX;ELASTICPREMIUM;FUNCTIONS;DYNAMIC;XENON;XENONV3;WINDOWSV3;LINUXV3\"}},{\"id\":\"/subscriptions/26cfabf6-eb15-4de5-ae51-f2218958bd5f/providers/Microsoft.Web/geoRegions/West US 3\",\"name\":\"West US 3\",\"type\":\"Microsoft.Web/geoRegions\",\"properties\":{\"name\":\"West US 3\",\"description\":null,\"sortOrder\":2147483647,\"displayName\":\"West US 3\",\"orgDomain\":\"PUBLIC;DSERIES;LINUX;LINUXDSERIES;XENON;XENONV3;WINDOWSV3;LINUXV3;ELASTICPREMIUM;ELASTICLINUX;FUNCTIONS;DYNAMIC\"}},{\"id\":\"/subscriptions/26cfabf6-eb15-4de5-ae51-f2218958bd5f/providers/Microsoft.Web/geoRegions/Jio India West\",\"name\":\"Jio India West\",\"type\":\"Microsoft.Web/geoRegions\",\"properties\":{\"name\":\"Jio India West\",\"description\":null,\"sortOrder\":2147483647,\"displayName\":\"Jio India West\",\"orgDomain\":\"PUBLIC;DSERIES;LINUX;LINUXDSERIES;ELASTICPREMIUM;ELASTICLINUX;FUNCTIONS;DYNAMIC\"}}],\"nextLink\":null,\"id\":null}",
      "isContentBase64": false
    }
  },
  "Get-AzFunctionAppAvailableLocation+[NoContext]+Validate output for -PlanType Consumption -OSType Linux+$GET+https://management.azure.com/subscriptions/26cfabf6-eb15-4de5-ae51-f2218958bd5f/providers/Microsoft.Web/geoRegions?sku=Dynamic\u0026linuxWorkersEnabled=True\u0026api-version=2019-08-01+1": {
    "Request": {
      "Method": "GET",
      "RequestUri": "https://management.azure.com/subscriptions/26cfabf6-eb15-4de5-ae51-f2218958bd5f/providers/Microsoft.Web/geoRegions?sku=Dynamic\u0026linuxWorkersEnabled=True\u0026api-version=2019-08-01",
      "Content": null,
      "isContentBase64": false,
      "Headers": {
        "x-ms-unique-id": [ "81" ],
        "x-ms-client-request-id": [ "11502a80-6ca8-4752-b989-593d0add1497" ],
        "CommandName": [ "Az.Functions.internal\\Get-AzFunctionAppAvailableLocation" ],
        "FullCommandName": [ "Get-AzFunctionAppAvailableLocation_List" ],
        "ParameterSetName": [ "__AllParameterSets" ],
        "User-Agent": [ "AzurePowershell/v6.6.0", "PSVersion/v7.0.6" ],
        "Authorization": [ "[Filtered]" ]
      },
      "ContentHeaders": {
      }
    },
    "Response": {
      "StatusCode": 200,
      "Headers": {
        "Cache-Control": [ "no-cache" ],
        "Pragma": [ "no-cache" ],
        "Strict-Transport-Security": [ "max-age=31536000; includeSubDomains" ],
        "x-ms-request-id": [ "3ba099f6-06f2-4eba-8aa5-94f5eb84a689" ],
        "Server": [ "Microsoft-IIS/10.0" ],
        "X-AspNet-Version": [ "4.0.30319" ],
        "X-Powered-By": [ "ASP.NET" ],
        "x-ms-ratelimit-remaining-subscription-reads": [ "11950" ],
        "x-ms-correlation-request-id": [ "a384face-db78-4572-9004-8d0fd3c044e3" ],
        "x-ms-routing-request-id": [ "WESTUS:20211125T032754Z:a384face-db78-4572-9004-8d0fd3c044e3" ],
        "X-Content-Type-Options": [ "nosniff" ],
        "Date": [ "Thu, 25 Nov 2021 03:27:53 GMT" ]
      },
      "ContentHeaders": {
        "Content-Length": [ "19268" ],
        "Content-Type": [ "application/json" ],
        "Expires": [ "-1" ]
      },
      "Content": "{\"value\":[{\"id\":\"/subscriptions/26cfabf6-eb15-4de5-ae51-f2218958bd5f/providers/Microsoft.Web/geoRegions/Central US\",\"name\":\"Central US\",\"type\":\"Microsoft.Web/geoRegions\",\"properties\":{\"name\":\"Central US\",\"description\":null,\"sortOrder\":0,\"displayName\":\"Central US\",\"orgDomain\":\"PUBLIC;DREAMSPARK;MSFTPUBLIC;FUNCTIONS;DYNAMIC;DSERIES;LINUX;LINUXDSERIES;ELASTICPREMIUM;LINUXFREE;LINUXDYNAMIC;ELASTICLINUX;XENON;XENONV3;WINDOWSV3;LINUXV3\"}},{\"id\":\"/subscriptions/26cfabf6-eb15-4de5-ae51-f2218958bd5f/providers/Microsoft.Web/geoRegions/North Europe\",\"name\":\"North Europe\",\"type\":\"Microsoft.Web/geoRegions\",\"properties\":{\"name\":\"North Europe\",\"description\":null,\"sortOrder\":1,\"displayName\":\"North Europe\",\"orgDomain\":\"PUBLIC;DREAMSPARK;MSFTPUBLIC;FUNCTIONS;DYNAMIC;DSERIES;LINUX;LINUXDSERIES;XENON;ELASTICPREMIUM;LINUXFREE;ELASTICLINUX;LINUXDYNAMIC;XENON;XENONV3;WINDOWSV3;LINUXV3\"}},{\"id\":\"/subscriptions/26cfabf6-eb15-4de5-ae51-f2218958bd5f/providers/Microsoft.Web/geoRegions/West Europe\",\"name\":\"West Europe\",\"type\":\"Microsoft.Web/geoRegions\",\"properties\":{\"name\":\"West Europe\",\"description\":null,\"sortOrder\":2,\"displayName\":\"West Europe\",\"orgDomain\":\"PUBLIC;DREAMSPARK;MSFTPUBLIC;FUNCTIONS;DYNAMIC;LINUX;DSERIES;LINUXDSERIES;XENON;SFCONTAINERS;LINUXDYNAMIC;ELASTICPREMIUM;ELASTICLINUX;LINUXFREE;XENON;XENONV3;WINDOWSV3;LINUXV3\"}},{\"id\":\"/subscriptions/26cfabf6-eb15-4de5-ae51-f2218958bd5f/providers/Microsoft.Web/geoRegions/Southeast Asia\",\"name\":\"Southeast Asia\",\"type\":\"Microsoft.Web/geoRegions\",\"properties\":{\"name\":\"Southeast Asia\",\"description\":null,\"sortOrder\":3,\"displayName\":\"Southeast Asia\",\"orgDomain\":\"PUBLIC;DREAMSPARK;MSFTPUBLIC;FUNCTIONS;DYNAMIC;LINUX;DSERIES;LINUXDSERIES;XENON;ELASTICPREMIUM;LINUXFREE;ELASTICLINUX;LINUXDYNAMIC;XENON;XENONV3;WINDOWSV3;LINUXV3\"}},{\"id\":\"/subscriptions/26cfabf6-eb15-4de5-ae51-f2218958bd5f/providers/Microsoft.Web/geoRegions/East Asia\",\"name\":\"East Asia\",\"type\":\"Microsoft.Web/geoRegions\",\"properties\":{\"name\":\"East Asia\",\"description\":null,\"sortOrder\":4,\"displayName\":\"East Asia\",\"orgDomain\":\"PUBLIC;DREAMSPARK;MSFTPUBLIC;FUNCTIONS;DYNAMIC;LINUX;DSERIES;LINUXDSERIES;SFCONTAINERS;LINUXDYNAMIC;ELASTICPREMIUM;LINUXFREE;ELASTICLINUX;XENON;XENONV3;WINDOWSV3;LINUXV3\"}},{\"id\":\"/subscriptions/26cfabf6-eb15-4de5-ae51-f2218958bd5f/providers/Microsoft.Web/geoRegions/West US\",\"name\":\"West US\",\"type\":\"Microsoft.Web/geoRegions\",\"properties\":{\"name\":\"West US\",\"description\":null,\"sortOrder\":5,\"displayName\":\"West US\",\"orgDomain\":\"PUBLIC;DREAMSPARK;MSFTPUBLIC;FUNCTIONS;DYNAMIC;LINUX;DSERIES;LINUXDSERIES;XENON;ELASTICPREMIUM;LINUXFREE;ELASTICLINUX;LINUXDYNAMIC;XENON;XENONV3;WINDOWSV3;LINUXV3\"}},{\"id\":\"/subscriptions/26cfabf6-eb15-4de5-ae51-f2218958bd5f/providers/Microsoft.Web/geoRegions/East US\",\"name\":\"East US\",\"type\":\"Microsoft.Web/geoRegions\",\"properties\":{\"name\":\"East US\",\"description\":null,\"sortOrder\":6,\"displayName\":\"East US\",\"orgDomain\":\"PUBLIC;DREAMSPARK;MSFTPUBLIC;FUNCTIONS;DYNAMIC;LINUX;DSERIES;FAKEORG;LINUXDSERIES;XENON;SFCONTAINERS;LINUXDYNAMIC;LINUXFREE;ELASTICLINUX;ELASTICPREMIUM;XENON;XENONV3;WINDOWSV3;LINUXV3\"}},{\"id\":\"/subscriptions/26cfabf6-eb15-4de5-ae51-f2218958bd5f/providers/Microsoft.Web/geoRegions/Japan West\",\"name\":\"Japan West\",\"type\":\"Microsoft.Web/geoRegions\",\"properties\":{\"name\":\"Japan West\",\"description\":null,\"sortOrder\":7,\"displayName\":\"Japan West\",\"orgDomain\":\"PUBLIC;DREAMSPARK;MSFTPUBLIC;FUNCTIONS;DYNAMIC;LINUX;DSERIES;LINUXDSERIES;ELASTICPREMIUM;LINUXFREE;ELASTICLINUX;LINUXDYNAMIC\"}},{\"id\":\"/subscriptions/26cfabf6-eb15-4de5-ae51-f2218958bd5f/providers/Microsoft.Web/geoRegions/Japan East\",\"name\":\"Japan East\",\"type\":\"Microsoft.Web/geoRegions\",\"properties\":{\"name\":\"Japan East\",\"description\":null,\"sortOrder\":8,\"displayName\":\"Japan East\",\"orgDomain\":\"PUBLIC;DREAMSPARK;MSFTPUBLIC;FUNCTIONS;DYNAMIC;LINUX;DSERIES;LINUXDSERIES;LINUXFREE;ELASTICLINUX;ELASTICPREMIUM;LINUXDYNAMIC;XENON;XENONV3;WINDOWSV3;LINUXV3\"}},{\"id\":\"/subscriptions/26cfabf6-eb15-4de5-ae51-f2218958bd5f/providers/Microsoft.Web/geoRegions/East US 2\",\"name\":\"East US 2\",\"type\":\"Microsoft.Web/geoRegions\",\"properties\":{\"name\":\"East US 2\",\"description\":null,\"sortOrder\":9,\"displayName\":\"East US 2\",\"orgDomain\":\"PUBLIC;DREAMSPARK;MSFTPUBLIC;FUNCTIONS;DYNAMIC;DSERIES;LINUX;LINUXDSERIES;ELASTICPREMIUM;LINUXFREE;LINUXDYNAMIC;ELASTICLINUX;XENON;XENONV3;WINDOWSV3;LINUXV3\"}},{\"id\":\"/subscriptions/26cfabf6-eb15-4de5-ae51-f2218958bd5f/providers/Microsoft.Web/geoRegions/North Central US\",\"name\":\"North Central US\",\"type\":\"Microsoft.Web/geoRegions\",\"properties\":{\"name\":\"North Central US\",\"description\":null,\"sortOrder\":10,\"displayName\":\"North Central US\",\"orgDomain\":\"PUBLIC;DREAMSPARK;MSFTPUBLIC;FUNCTIONS;DYNAMIC;LINUX;DSERIES;LINUXDSERIES;LINUXFREE;ELASTICPREMIUM;ELASTICLINUX;LINUXDYNAMIC;XENON;XENONV3;WINDOWSV3;LINUXV3\"}},{\"id\":\"/subscriptions/26cfabf6-eb15-4de5-ae51-f2218958bd5f/providers/Microsoft.Web/geoRegions/South Central US\",\"name\":\"South Central US\",\"type\":\"Microsoft.Web/geoRegions\",\"properties\":{\"name\":\"South Central US\",\"description\":null,\"sortOrder\":11,\"displayName\":\"South Central US\",\"orgDomain\":\"PUBLIC;DREAMSPARK;MSFTPUBLIC;FUNCTIONS;DYNAMIC;DSERIES;LINUX;LINUXDSERIES;ELASTICPREMIUM;LINUXFREE;LINUXDYNAMIC;ELASTICLINUX;XENON;XENONV3;WINDOWSV3;LINUXV3\"}},{\"id\":\"/subscriptions/26cfabf6-eb15-4de5-ae51-f2218958bd5f/providers/Microsoft.Web/geoRegions/Brazil South\",\"name\":\"Brazil South\",\"type\":\"Microsoft.Web/geoRegions\",\"properties\":{\"name\":\"Brazil South\",\"description\":null,\"sortOrder\":12,\"displayName\":\"Brazil South\",\"orgDomain\":\"PUBLIC;DREAMSPARK;MSFTPUBLIC;FUNCTIONS;DYNAMIC;LINUX;DSERIES;LINUXDSERIES;LINUXFREE;ELASTICPREMIUM;LINUXDYNAMIC;ELASTICLINUX;XENON;XENONV3;WINDOWSV3;LINUXV3\"}},{\"id\":\"/subscriptions/26cfabf6-eb15-4de5-ae51-f2218958bd5f/providers/Microsoft.Web/geoRegions/Australia East\",\"name\":\"Australia East\",\"type\":\"Microsoft.Web/geoRegions\",\"properties\":{\"name\":\"Australia East\",\"description\":null,\"sortOrder\":13,\"displayName\":\"Australia East\",\"orgDomain\":\"PUBLIC;DREAMSPARK;MSFTPUBLIC;FUNCTIONS;DYNAMIC;LINUX;DSERIES;LINUXDSERIES;XENON;ELASTICPREMIUM;LINUXFREE;LINUXDYNAMIC;ELASTICLINUX;XENON;XENONV3;WINDOWSV3;LINUXV3\"}},{\"id\":\"/subscriptions/26cfabf6-eb15-4de5-ae51-f2218958bd5f/providers/Microsoft.Web/geoRegions/Australia Southeast\",\"name\":\"Australia Southeast\",\"type\":\"Microsoft.Web/geoRegions\",\"properties\":{\"name\":\"Australia Southeast\",\"description\":null,\"sortOrder\":14,\"displayName\":\"Australia Southeast\",\"orgDomain\":\"PUBLIC;DREAMSPARK;MSFTPUBLIC;FUNCTIONS;DYNAMIC;DSERIES;LINUX;LINUXDSERIES;ELASTICPREMIUM;LINUXFREE;ELASTICLINUX;XENON;XENONV3;WINDOWSV3;LINUXV3;LINUXDYNAMIC\"}},{\"id\":\"/subscriptions/26cfabf6-eb15-4de5-ae51-f2218958bd5f/providers/Microsoft.Web/geoRegions/East Asia (Stage)\",\"name\":\"East Asia (Stage)\",\"type\":\"Microsoft.Web/geoRegions\",\"properties\":{\"name\":\"East Asia (Stage)\",\"description\":null,\"sortOrder\":2147483647,\"displayName\":\"East Asia (Stage)\",\"orgDomain\":\"MSFTINT;DSERIES;ELASTICPREMIUM;FUNCTIONS;DYNAMIC;XENON;LINUX;LINUXFREE;LINUXDYNAMIC;XENONV3;WINDOWSV3;LINUXV3\"}},{\"id\":\"/subscriptions/26cfabf6-eb15-4de5-ae51-f2218958bd5f/providers/Microsoft.Web/geoRegions/North Central US (Stage)\",\"name\":\"North Central US (Stage)\",\"type\":\"Microsoft.Web/geoRegions\",\"properties\":{\"name\":\"North Central US (Stage)\",\"description\":null,\"sortOrder\":2147483647,\"displayName\":\"North Central US (Stage)\",\"orgDomain\":\"MSFTINT;LINUX;LINUXFREE;LINUXDYNAMIC;DSERIES;ELASTICPREMIUM;ELASTICLINUX;LINUXV3\"}},{\"id\":\"/subscriptions/26cfabf6-eb15-4de5-ae51-f2218958bd5f/providers/Microsoft.Web/geoRegions/Central India\",\"name\":\"Central India\",\"type\":\"Microsoft.Web/geoRegions\",\"properties\":{\"name\":\"Central India\",\"description\":null,\"sortOrder\":2147483647,\"displayName\":\"Central India\",\"orgDomain\":\"PUBLIC;DREAMSPARK;MSFTPUBLIC;FUNCTIONS;DYNAMIC;LINUX;DSERIES;LINUXDSERIES;LINUXDYNAMIC;ELASTICPREMIUM;ELASTICLINUX;XENON;XENONV3;WINDOWSV3;LINUXV3\"}},{\"id\":\"/subscriptions/26cfabf6-eb15-4de5-ae51-f2218958bd5f/providers/Microsoft.Web/geoRegions/West India\",\"name\":\"West India\",\"type\":\"Microsoft.Web/geoRegions\",\"properties\":{\"name\":\"West India\",\"description\":null,\"sortOrder\":2147483647,\"displayName\":\"West India\",\"orgDomain\":\"PUBLIC;DREAMSPARK;MSFTPUBLIC;FUNCTIONS;DYNAMIC;LINUX;DSERIES;LINUXDSERIES;ELASTICPREMIUM;LINUXDYNAMIC;ELASTICLINUX\"}},{\"id\":\"/subscriptions/26cfabf6-eb15-4de5-ae51-f2218958bd5f/providers/Microsoft.Web/geoRegions/South India\",\"name\":\"South India\",\"type\":\"Microsoft.Web/geoRegions\",\"properties\":{\"name\":\"South India\",\"description\":null,\"sortOrder\":2147483647,\"displayName\":\"South India\",\"orgDomain\":\"PUBLIC;DREAMSPARK;MSFTPUBLIC;FUNCTIONS;DYNAMIC;DSERIES;LINUX;LINUXDSERIES;ELASTICPREMIUM\"}},{\"id\":\"/subscriptions/26cfabf6-eb15-4de5-ae51-f2218958bd5f/providers/Microsoft.Web/geoRegions/Canada Central\",\"name\":\"Canada Central\",\"type\":\"Microsoft.Web/geoRegions\",\"properties\":{\"name\":\"Canada Central\",\"description\":null,\"sortOrder\":2147483647,\"displayName\":\"Canada Central\",\"orgDomain\":\"PUBLIC;DREAMSPARK;MSFTPUBLIC;FUNCTIONS;DYNAMIC;DSERIES;LINUX;LINUXDSERIES;ELASTICPREMIUM;LINUXFREE;ELASTICLINUX;XENON;XENONV3;WINDOWSV3;LINUXV3\"}},{\"id\":\"/subscriptions/26cfabf6-eb15-4de5-ae51-f2218958bd5f/providers/Microsoft.Web/geoRegions/Canada East\",\"name\":\"Canada East\",\"type\":\"Microsoft.Web/geoRegions\",\"properties\":{\"name\":\"Canada East\",\"description\":null,\"sortOrder\":2147483647,\"displayName\":\"Canada East\",\"orgDomain\":\"PUBLIC;DREAMSPARK;MSFTPUBLIC;FUNCTIONS;DYNAMIC;LINUX;DSERIES;LINUXDSERIES;LINUXDYNAMIC\"}},{\"id\":\"/subscriptions/26cfabf6-eb15-4de5-ae51-f2218958bd5f/providers/Microsoft.Web/geoRegions/West Central US\",\"name\":\"West Central US\",\"type\":\"Microsoft.Web/geoRegions\",\"properties\":{\"name\":\"West Central US\",\"description\":null,\"sortOrder\":2147483647,\"displayName\":\"West Central US\",\"orgDomain\":\"PUBLIC;FUNCTIONS;DYNAMIC;LINUX;DSERIES;LINUXDSERIES;ELASTICLINUX;ELASTICPREMIUM;MSFTPUBLIC;XENON;XENONV3;WINDOWSV3;LINUXV3\"}},{\"id\":\"/subscriptions/26cfabf6-eb15-4de5-ae51-f2218958bd5f/providers/Microsoft.Web/geoRegions/West US 2\",\"name\":\"West US 2\",\"type\":\"Microsoft.Web/geoRegions\",\"properties\":{\"name\":\"West US 2\",\"description\":null,\"sortOrder\":2147483647,\"displayName\":\"West US 2\",\"orgDomain\":\"PUBLIC;DREAMSPARK;MSFTPUBLIC;FUNCTIONS;DYNAMIC;LINUX;DSERIES;LINUXDSERIES;LINUXFREE;LINUXDYNAMIC;ELASTICPREMIUM;ELASTICLINUX;XENON;XENONV3;WINDOWSV3;LINUXV3\"}},{\"id\":\"/subscriptions/26cfabf6-eb15-4de5-ae51-f2218958bd5f/providers/Microsoft.Web/geoRegions/UK West\",\"name\":\"UK West\",\"type\":\"Microsoft.Web/geoRegions\",\"properties\":{\"name\":\"UK West\",\"description\":null,\"sortOrder\":2147483647,\"displayName\":\"UK West\",\"orgDomain\":\"PUBLIC;MSFTPUBLIC;FUNCTIONS;DYNAMIC;DSERIES;LINUX;LINUXDSERIES;ELASTICPREMIUM;LINUXDYNAMIC;ELASTICLINUX;XENON;XENONV3;WINDOWSV3;LINUXV3\"}},{\"id\":\"/subscriptions/26cfabf6-eb15-4de5-ae51-f2218958bd5f/providers/Microsoft.Web/geoRegions/UK South\",\"name\":\"UK South\",\"type\":\"Microsoft.Web/geoRegions\",\"properties\":{\"name\":\"UK South\",\"description\":null,\"sortOrder\":2147483647,\"displayName\":\"UK South\",\"orgDomain\":\"PUBLIC;MSFTPUBLIC;DYNAMIC;DSERIES;LINUX;LINUXDSERIES;LINUXFREE;LINUXDYNAMIC;ELASTICPREMIUM;ELASTICLINUX;XENON;XENONV3;WINDOWSV3;LINUXV3\"}},{\"id\":\"/subscriptions/26cfabf6-eb15-4de5-ae51-f2218958bd5f/providers/Microsoft.Web/geoRegions/East US 2 EUAP\",\"name\":\"East US 2 EUAP\",\"type\":\"Microsoft.Web/geoRegions\",\"properties\":{\"name\":\"East US 2 EUAP\",\"description\":null,\"sortOrder\":2147483647,\"displayName\":\"East US 2 EUAP\",\"orgDomain\":\"EUAP;XENON;DSERIES;LINUXDSERIES;ELASTICPREMIUM;FUNCTIONS;DYNAMIC;LINUX;LINUXFREE;ELASTICLINUX;WINDOWSV3;XENONV3;LINUXV3;LINUXDYNAMIC\"}},{\"id\":\"/subscriptions/26cfabf6-eb15-4de5-ae51-f2218958bd5f/providers/Microsoft.Web/geoRegions/Central US EUAP\",\"name\":\"Central US EUAP\",\"type\":\"Microsoft.Web/geoRegions\",\"properties\":{\"name\":\"Central US EUAP\",\"description\":null,\"sortOrder\":2147483647,\"displayName\":\"Central US EUAP\",\"orgDomain\":\"EUAP;LINUX;DSERIES;LINUXDSERIES;ELASTICPREMIUM;LINUXFREE;ELASTICLINUX;LINUXDYNAMIC;DYNAMIC\"}},{\"id\":\"/subscriptions/26cfabf6-eb15-4de5-ae51-f2218958bd5f/providers/Microsoft.Web/geoRegions/Korea South\",\"name\":\"Korea South\",\"type\":\"Microsoft.Web/geoRegions\",\"properties\":{\"name\":\"Korea South\",\"description\":null,\"sortOrder\":2147483647,\"displayName\":\"Korea South\",\"orgDomain\":\"PUBLIC;DREAMSPARK;MSFTPUBLIC;LINUX;LINUXDSERIES;LINUXFREE;DSERIES\"}},{\"id\":\"/subscriptions/26cfabf6-eb15-4de5-ae51-f2218958bd5f/providers/Microsoft.Web/geoRegions/Korea Central\",\"name\":\"Korea Central\",\"type\":\"Microsoft.Web/geoRegions\",\"properties\":{\"name\":\"Korea Central\",\"description\":null,\"sortOrder\":2147483647,\"displayName\":\"Korea Central\",\"orgDomain\":\"PUBLIC;DREAMSPARK;MSFTPUBLIC;FUNCTIONS;DYNAMIC;LINUX;LINUXDSERIES;ELASTICPREMIUM;LINUXFREE;DSERIES;LINUXDYNAMIC;ELASTICLINUX;XENON;XENONV3;WINDOWSV3;LINUXV3\"}},{\"id\":\"/subscriptions/26cfabf6-eb15-4de5-ae51-f2218958bd5f/providers/Microsoft.Web/geoRegions/France South\",\"name\":\"France South\",\"type\":\"Microsoft.Web/geoRegions\",\"properties\":{\"name\":\"France South\",\"description\":null,\"sortOrder\":2147483647,\"displayName\":\"France South\",\"orgDomain\":\"PUBLIC;LINUX;LINUXDSERIES;DSERIES\"}},{\"id\":\"/subscriptions/26cfabf6-eb15-4de5-ae51-f2218958bd5f/providers/Microsoft.Web/geoRegions/France Central\",\"name\":\"France Central\",\"type\":\"Microsoft.Web/geoRegions\",\"properties\":{\"name\":\"France Central\",\"description\":null,\"sortOrder\":2147483647,\"displayName\":\"France Central\",\"orgDomain\":\"PUBLIC;MSFTPUBLIC;DSERIES;DYNAMIC;LINUX;LINUXDSERIES;ELASTICPREMIUM;LINUXFREE;LINUXDYNAMIC;ELASTICLINUX;XENON;XENONV3;WINDOWSV3;LINUXV3\"}},{\"id\":\"/subscriptions/26cfabf6-eb15-4de5-ae51-f2218958bd5f/providers/Microsoft.Web/geoRegions/Australia Central 2\",\"name\":\"Australia Central 2\",\"type\":\"Microsoft.Web/geoRegions\",\"properties\":{\"name\":\"Australia Central 2\",\"description\":null,\"sortOrder\":2147483647,\"displayName\":\"Australia Central 2\",\"orgDomain\":\"PUBLIC;FUNCTIONS;DYNAMIC;DSERIES;LINUX;LINUXDSERIES;LINUXFREE;ELASTICPREMIUM\"}},{\"id\":\"/subscriptions/26cfabf6-eb15-4de5-ae51-f2218958bd5f/providers/Microsoft.Web/geoRegions/Australia Central\",\"name\":\"Australia Central\",\"type\":\"Microsoft.Web/geoRegions\",\"properties\":{\"name\":\"Australia Central\",\"description\":null,\"sortOrder\":2147483647,\"displayName\":\"Australia Central\",\"orgDomain\":\"PUBLIC;FUNCTIONS;DYNAMIC;DSERIES;LINUX;LINUXDSERIES;LINUXFREE;ELASTICPREMIUM;ELASTICLINUX\"}},{\"id\":\"/subscriptions/26cfabf6-eb15-4de5-ae51-f2218958bd5f/providers/Microsoft.Web/geoRegions/South Africa North\",\"name\":\"South Africa North\",\"type\":\"Microsoft.Web/geoRegions\",\"properties\":{\"name\":\"South Africa North\",\"description\":null,\"sortOrder\":2147483647,\"displayName\":\"South Africa North\",\"orgDomain\":\"PUBLIC;MSFTPUBLIC;FUNCTIONS;DYNAMIC;LINUX;LINUXDSERIES;DSERIES;ELASTICPREMIUM;ELASTICLINUX;XENON;XENONV3;WINDOWSV3;LINUXV3\"}},{\"id\":\"/subscriptions/26cfabf6-eb15-4de5-ae51-f2218958bd5f/providers/Microsoft.Web/geoRegions/South Africa West\",\"name\":\"South Africa West\",\"type\":\"Microsoft.Web/geoRegions\",\"properties\":{\"name\":\"South Africa West\",\"description\":null,\"sortOrder\":2147483647,\"displayName\":\"South Africa West\",\"orgDomain\":\"PUBLIC;LINUX;LINUXDSERIES;DSERIES\"}},{\"id\":\"/subscriptions/26cfabf6-eb15-4de5-ae51-f2218958bd5f/providers/Microsoft.Web/geoRegions/Switzerland North\",\"name\":\"Switzerland North\",\"type\":\"Microsoft.Web/geoRegions\",\"properties\":{\"name\":\"Switzerland North\",\"description\":null,\"sortOrder\":2147483647,\"displayName\":\"Switzerland North\",\"orgDomain\":\"PUBLIC;DSERIES;LINUX;LINUXDSERIES;LINUXFREE;FUNCTIONS;DYNAMIC;LINUXDYNAMIC;ELASTICPREMIUM;ELASTICLINUX;XENON;XENONV3;WINDOWSV3;LINUXV3\"}},{\"id\":\"/subscriptions/26cfabf6-eb15-4de5-ae51-f2218958bd5f/providers/Microsoft.Web/geoRegions/Germany West Central\",\"name\":\"Germany West Central\",\"type\":\"Microsoft.Web/geoRegions\",\"properties\":{\"name\":\"Germany West Central\",\"description\":null,\"sortOrder\":2147483647,\"displayName\":\"Germany West Central\",\"orgDomain\":\"PUBLIC;DSERIES;LINUX;LINUXDSERIES;ELASTICPREMIUM;FUNCTIONS;DYNAMIC;ELASTICLINUX;LINUXDYNAMIC;XENON;XENONV3;WINDOWSV3;LINUXV3\"}},{\"id\":\"/subscriptions/26cfabf6-eb15-4de5-ae51-f2218958bd5f/providers/Microsoft.Web/geoRegions/Switzerland West\",\"name\":\"Switzerland West\",\"type\":\"Microsoft.Web/geoRegions\",\"properties\":{\"name\":\"Switzerland West\",\"description\":null,\"sortOrder\":2147483647,\"displayName\":\"Switzerland West\",\"orgDomain\":\"PUBLIC;DSERIES;LINUX;LINUXDSERIES;LINUXFREE;FUNCTIONS;DYNAMIC;ELASTICPREMIUM;ELASTICLINUX\"}},{\"id\":\"/subscriptions/26cfabf6-eb15-4de5-ae51-f2218958bd5f/providers/Microsoft.Web/geoRegions/UAE Central\",\"name\":\"UAE Central\",\"type\":\"Microsoft.Web/geoRegions\",\"properties\":{\"name\":\"UAE Central\",\"description\":null,\"sortOrder\":2147483647,\"displayName\":\"UAE Central\",\"orgDomain\":\"PUBLIC;DSERIES;LINUX;LINUXDSERIES;LINUXFREE\"}},{\"id\":\"/subscriptions/26cfabf6-eb15-4de5-ae51-f2218958bd5f/providers/Microsoft.Web/geoRegions/UAE North\",\"name\":\"UAE North\",\"type\":\"Microsoft.Web/geoRegions\",\"properties\":{\"name\":\"UAE North\",\"description\":null,\"sortOrder\":2147483647,\"displayName\":\"UAE North\",\"orgDomain\":\"PUBLIC;DSERIES;LINUX;LINUXDSERIES;LINUXFREE;FUNCTIONS;DYNAMIC;LINUXDYNAMIC;ELASTICPREMIUM;ELASTICLINUX;XENON;XENONV3;WINDOWSV3;LINUXV3\"}},{\"id\":\"/subscriptions/26cfabf6-eb15-4de5-ae51-f2218958bd5f/providers/Microsoft.Web/geoRegions/Norway West\",\"name\":\"Norway West\",\"type\":\"Microsoft.Web/geoRegions\",\"properties\":{\"name\":\"Norway West\",\"description\":null,\"sortOrder\":2147483647,\"displayName\":\"Norway West\",\"orgDomain\":\"PUBLIC;DSERIES;MSFTPUBLIC;LINUX;LINUXDSERIES;FUNCTIONS;DYNAMIC\"}},{\"id\":\"/subscriptions/26cfabf6-eb15-4de5-ae51-f2218958bd5f/providers/Microsoft.Web/geoRegions/Norway East\",\"name\":\"Norway East\",\"type\":\"Microsoft.Web/geoRegions\",\"properties\":{\"name\":\"Norway East\",\"description\":null,\"sortOrder\":2147483647,\"displayName\":\"Norway East\",\"orgDomain\":\"PUBLIC;LINUX;LINUXDSERIES;DSERIES;ELASTICLINUX;ELASTICPREMIUM;FUNCTIONS;DYNAMIC;XENON;XENONV3;WINDOWSV3;LINUXV3\"}},{\"id\":\"/subscriptions/26cfabf6-eb15-4de5-ae51-f2218958bd5f/providers/Microsoft.Web/geoRegions/Brazil Southeast\",\"name\":\"Brazil Southeast\",\"type\":\"Microsoft.Web/geoRegions\",\"properties\":{\"name\":\"Brazil Southeast\",\"description\":null,\"sortOrder\":2147483647,\"displayName\":\"Brazil Southeast\",\"orgDomain\":\"PUBLIC;LINUX;LINUXDSERIES;DSERIES;LINUXFREE;FUNCTIONS;DYNAMIC\"}},{\"id\":\"/subscriptions/26cfabf6-eb15-4de5-ae51-f2218958bd5f/providers/Microsoft.Web/geoRegions/West US 3\",\"name\":\"West US 3\",\"type\":\"Microsoft.Web/geoRegions\",\"properties\":{\"name\":\"West US 3\",\"description\":null,\"sortOrder\":2147483647,\"displayName\":\"West US 3\",\"orgDomain\":\"PUBLIC;DSERIES;LINUX;LINUXDSERIES;XENON;XENONV3;WINDOWSV3;LINUXV3;ELASTICPREMIUM;ELASTICLINUX;FUNCTIONS;DYNAMIC\"}},{\"id\":\"/subscriptions/26cfabf6-eb15-4de5-ae51-f2218958bd5f/providers/Microsoft.Web/geoRegions/Jio India West\",\"name\":\"Jio India West\",\"type\":\"Microsoft.Web/geoRegions\",\"properties\":{\"name\":\"Jio India West\",\"description\":null,\"sortOrder\":2147483647,\"displayName\":\"Jio India West\",\"orgDomain\":\"PUBLIC;DSERIES;LINUX;LINUXDSERIES;ELASTICPREMIUM;ELASTICLINUX;FUNCTIONS;DYNAMIC\"}},{\"id\":\"/subscriptions/26cfabf6-eb15-4de5-ae51-f2218958bd5f/providers/Microsoft.Web/geoRegions/Jio India Central\",\"name\":\"Jio India Central\",\"type\":\"Microsoft.Web/geoRegions\",\"properties\":{\"name\":\"Jio India Central\",\"description\":null,\"sortOrder\":2147483647,\"displayName\":\"Jio India Central\",\"orgDomain\":\"PUBLIC;DSERIES;LINUX;LINUXDSERIES\"}}],\"nextLink\":null,\"id\":null}",
      "isContentBase64": false
    }
  },
  "Get-AzFunctionAppAvailableLocation+[NoContext]+Validate output for -PlanType Consumption -OSType Windows+$GET+https://management.azure.com/subscriptions/26cfabf6-eb15-4de5-ae51-f2218958bd5f/providers/Microsoft.Web/geoRegions?sku=Dynamic\u0026api-version=2019-08-01+1": {
    "Request": {
      "Method": "GET",
      "RequestUri": "https://management.azure.com/subscriptions/26cfabf6-eb15-4de5-ae51-f2218958bd5f/providers/Microsoft.Web/geoRegions?sku=Dynamic\u0026api-version=2019-08-01",
      "Content": null,
      "isContentBase64": false,
      "Headers": {
        "x-ms-unique-id": [ "82" ],
        "x-ms-client-request-id": [ "dc6e7b03-fbb0-4959-8311-f3bca7a7a222" ],
        "CommandName": [ "Az.Functions.internal\\Get-AzFunctionAppAvailableLocation" ],
        "FullCommandName": [ "Get-AzFunctionAppAvailableLocation_List" ],
        "ParameterSetName": [ "__AllParameterSets" ],
        "User-Agent": [ "AzurePowershell/v6.6.0", "PSVersion/v7.0.6" ],
        "Authorization": [ "[Filtered]" ]
      },
      "ContentHeaders": {
      }
    },
    "Response": {
      "StatusCode": 200,
      "Headers": {
        "Cache-Control": [ "no-cache" ],
        "Pragma": [ "no-cache" ],
        "Strict-Transport-Security": [ "max-age=31536000; includeSubDomains" ],
        "x-ms-request-id": [ "71b03a72-0b38-4d83-8063-dd2d888cf7b5" ],
        "Server": [ "Microsoft-IIS/10.0" ],
        "X-AspNet-Version": [ "4.0.30319" ],
        "X-Powered-By": [ "ASP.NET" ],
        "x-ms-ratelimit-remaining-subscription-reads": [ "11949" ],
        "x-ms-correlation-request-id": [ "4b3b0f92-04eb-4975-a027-3e4115d204bd" ],
        "x-ms-routing-request-id": [ "WESTUS:20211125T032754Z:4b3b0f92-04eb-4975-a027-3e4115d204bd" ],
        "X-Content-Type-Options": [ "nosniff" ],
        "Date": [ "Thu, 25 Nov 2021 03:27:54 GMT" ]
      },
      "ContentHeaders": {
        "Content-Length": [ "17173" ],
        "Content-Type": [ "application/json" ],
        "Expires": [ "-1" ]
      },
      "Content": "{\"value\":[{\"id\":\"/subscriptions/26cfabf6-eb15-4de5-ae51-f2218958bd5f/providers/Microsoft.Web/geoRegions/Central US\",\"name\":\"Central US\",\"type\":\"Microsoft.Web/geoRegions\",\"properties\":{\"name\":\"Central US\",\"description\":null,\"sortOrder\":0,\"displayName\":\"Central US\",\"orgDomain\":\"PUBLIC;DREAMSPARK;MSFTPUBLIC;FUNCTIONS;DYNAMIC;DSERIES;LINUX;LINUXDSERIES;ELASTICPREMIUM;LINUXFREE;LINUXDYNAMIC;ELASTICLINUX;XENON;XENONV3;WINDOWSV3;LINUXV3\"}},{\"id\":\"/subscriptions/26cfabf6-eb15-4de5-ae51-f2218958bd5f/providers/Microsoft.Web/geoRegions/North Europe\",\"name\":\"North Europe\",\"type\":\"Microsoft.Web/geoRegions\",\"properties\":{\"name\":\"North Europe\",\"description\":null,\"sortOrder\":1,\"displayName\":\"North Europe\",\"orgDomain\":\"PUBLIC;DREAMSPARK;MSFTPUBLIC;FUNCTIONS;DYNAMIC;DSERIES;LINUX;LINUXDSERIES;XENON;ELASTICPREMIUM;LINUXFREE;ELASTICLINUX;LINUXDYNAMIC;XENON;XENONV3;WINDOWSV3;LINUXV3\"}},{\"id\":\"/subscriptions/26cfabf6-eb15-4de5-ae51-f2218958bd5f/providers/Microsoft.Web/geoRegions/West Europe\",\"name\":\"West Europe\",\"type\":\"Microsoft.Web/geoRegions\",\"properties\":{\"name\":\"West Europe\",\"description\":null,\"sortOrder\":2,\"displayName\":\"West Europe\",\"orgDomain\":\"PUBLIC;DREAMSPARK;MSFTPUBLIC;FUNCTIONS;DYNAMIC;LINUX;DSERIES;LINUXDSERIES;XENON;SFCONTAINERS;LINUXDYNAMIC;ELASTICPREMIUM;ELASTICLINUX;LINUXFREE;XENON;XENONV3;WINDOWSV3;LINUXV3\"}},{\"id\":\"/subscriptions/26cfabf6-eb15-4de5-ae51-f2218958bd5f/providers/Microsoft.Web/geoRegions/Southeast Asia\",\"name\":\"Southeast Asia\",\"type\":\"Microsoft.Web/geoRegions\",\"properties\":{\"name\":\"Southeast Asia\",\"description\":null,\"sortOrder\":3,\"displayName\":\"Southeast Asia\",\"orgDomain\":\"PUBLIC;DREAMSPARK;MSFTPUBLIC;FUNCTIONS;DYNAMIC;LINUX;DSERIES;LINUXDSERIES;XENON;ELASTICPREMIUM;LINUXFREE;ELASTICLINUX;LINUXDYNAMIC;XENON;XENONV3;WINDOWSV3;LINUXV3\"}},{\"id\":\"/subscriptions/26cfabf6-eb15-4de5-ae51-f2218958bd5f/providers/Microsoft.Web/geoRegions/East Asia\",\"name\":\"East Asia\",\"type\":\"Microsoft.Web/geoRegions\",\"properties\":{\"name\":\"East Asia\",\"description\":null,\"sortOrder\":4,\"displayName\":\"East Asia\",\"orgDomain\":\"PUBLIC;DREAMSPARK;MSFTPUBLIC;FUNCTIONS;DYNAMIC;LINUX;DSERIES;LINUXDSERIES;SFCONTAINERS;LINUXDYNAMIC;ELASTICPREMIUM;LINUXFREE;ELASTICLINUX;XENON;XENONV3;WINDOWSV3;LINUXV3\"}},{\"id\":\"/subscriptions/26cfabf6-eb15-4de5-ae51-f2218958bd5f/providers/Microsoft.Web/geoRegions/West US\",\"name\":\"West US\",\"type\":\"Microsoft.Web/geoRegions\",\"properties\":{\"name\":\"West US\",\"description\":null,\"sortOrder\":5,\"displayName\":\"West US\",\"orgDomain\":\"PUBLIC;DREAMSPARK;MSFTPUBLIC;FUNCTIONS;DYNAMIC;LINUX;DSERIES;LINUXDSERIES;XENON;ELASTICPREMIUM;LINUXFREE;ELASTICLINUX;LINUXDYNAMIC;XENON;XENONV3;WINDOWSV3;LINUXV3\"}},{\"id\":\"/subscriptions/26cfabf6-eb15-4de5-ae51-f2218958bd5f/providers/Microsoft.Web/geoRegions/East US\",\"name\":\"East US\",\"type\":\"Microsoft.Web/geoRegions\",\"properties\":{\"name\":\"East US\",\"description\":null,\"sortOrder\":6,\"displayName\":\"East US\",\"orgDomain\":\"PUBLIC;DREAMSPARK;MSFTPUBLIC;FUNCTIONS;DYNAMIC;LINUX;DSERIES;FAKEORG;LINUXDSERIES;XENON;SFCONTAINERS;LINUXDYNAMIC;LINUXFREE;ELASTICLINUX;ELASTICPREMIUM;XENON;XENONV3;WINDOWSV3;LINUXV3\"}},{\"id\":\"/subscriptions/26cfabf6-eb15-4de5-ae51-f2218958bd5f/providers/Microsoft.Web/geoRegions/Japan West\",\"name\":\"Japan West\",\"type\":\"Microsoft.Web/geoRegions\",\"properties\":{\"name\":\"Japan West\",\"description\":null,\"sortOrder\":7,\"displayName\":\"Japan West\",\"orgDomain\":\"PUBLIC;DREAMSPARK;MSFTPUBLIC;FUNCTIONS;DYNAMIC;LINUX;DSERIES;LINUXDSERIES;ELASTICPREMIUM;LINUXFREE;ELASTICLINUX;LINUXDYNAMIC\"}},{\"id\":\"/subscriptions/26cfabf6-eb15-4de5-ae51-f2218958bd5f/providers/Microsoft.Web/geoRegions/Japan East\",\"name\":\"Japan East\",\"type\":\"Microsoft.Web/geoRegions\",\"properties\":{\"name\":\"Japan East\",\"description\":null,\"sortOrder\":8,\"displayName\":\"Japan East\",\"orgDomain\":\"PUBLIC;DREAMSPARK;MSFTPUBLIC;FUNCTIONS;DYNAMIC;LINUX;DSERIES;LINUXDSERIES;LINUXFREE;ELASTICLINUX;ELASTICPREMIUM;LINUXDYNAMIC;XENON;XENONV3;WINDOWSV3;LINUXV3\"}},{\"id\":\"/subscriptions/26cfabf6-eb15-4de5-ae51-f2218958bd5f/providers/Microsoft.Web/geoRegions/East US 2\",\"name\":\"East US 2\",\"type\":\"Microsoft.Web/geoRegions\",\"properties\":{\"name\":\"East US 2\",\"description\":null,\"sortOrder\":9,\"displayName\":\"East US 2\",\"orgDomain\":\"PUBLIC;DREAMSPARK;MSFTPUBLIC;FUNCTIONS;DYNAMIC;DSERIES;LINUX;LINUXDSERIES;ELASTICPREMIUM;LINUXFREE;LINUXDYNAMIC;ELASTICLINUX;XENON;XENONV3;WINDOWSV3;LINUXV3\"}},{\"id\":\"/subscriptions/26cfabf6-eb15-4de5-ae51-f2218958bd5f/providers/Microsoft.Web/geoRegions/North Central US\",\"name\":\"North Central US\",\"type\":\"Microsoft.Web/geoRegions\",\"properties\":{\"name\":\"North Central US\",\"description\":null,\"sortOrder\":10,\"displayName\":\"North Central US\",\"orgDomain\":\"PUBLIC;DREAMSPARK;MSFTPUBLIC;FUNCTIONS;DYNAMIC;LINUX;DSERIES;LINUXDSERIES;LINUXFREE;ELASTICPREMIUM;ELASTICLINUX;LINUXDYNAMIC;XENON;XENONV3;WINDOWSV3;LINUXV3\"}},{\"id\":\"/subscriptions/26cfabf6-eb15-4de5-ae51-f2218958bd5f/providers/Microsoft.Web/geoRegions/South Central US\",\"name\":\"South Central US\",\"type\":\"Microsoft.Web/geoRegions\",\"properties\":{\"name\":\"South Central US\",\"description\":null,\"sortOrder\":11,\"displayName\":\"South Central US\",\"orgDomain\":\"PUBLIC;DREAMSPARK;MSFTPUBLIC;FUNCTIONS;DYNAMIC;DSERIES;LINUX;LINUXDSERIES;ELASTICPREMIUM;LINUXFREE;LINUXDYNAMIC;ELASTICLINUX;XENON;XENONV3;WINDOWSV3;LINUXV3\"}},{\"id\":\"/subscriptions/26cfabf6-eb15-4de5-ae51-f2218958bd5f/providers/Microsoft.Web/geoRegions/Brazil South\",\"name\":\"Brazil South\",\"type\":\"Microsoft.Web/geoRegions\",\"properties\":{\"name\":\"Brazil South\",\"description\":null,\"sortOrder\":12,\"displayName\":\"Brazil South\",\"orgDomain\":\"PUBLIC;DREAMSPARK;MSFTPUBLIC;FUNCTIONS;DYNAMIC;LINUX;DSERIES;LINUXDSERIES;LINUXFREE;ELASTICPREMIUM;LINUXDYNAMIC;ELASTICLINUX;XENON;XENONV3;WINDOWSV3;LINUXV3\"}},{\"id\":\"/subscriptions/26cfabf6-eb15-4de5-ae51-f2218958bd5f/providers/Microsoft.Web/geoRegions/Australia East\",\"name\":\"Australia East\",\"type\":\"Microsoft.Web/geoRegions\",\"properties\":{\"name\":\"Australia East\",\"description\":null,\"sortOrder\":13,\"displayName\":\"Australia East\",\"orgDomain\":\"PUBLIC;DREAMSPARK;MSFTPUBLIC;FUNCTIONS;DYNAMIC;LINUX;DSERIES;LINUXDSERIES;XENON;ELASTICPREMIUM;LINUXFREE;LINUXDYNAMIC;ELASTICLINUX;XENON;XENONV3;WINDOWSV3;LINUXV3\"}},{\"id\":\"/subscriptions/26cfabf6-eb15-4de5-ae51-f2218958bd5f/providers/Microsoft.Web/geoRegions/Australia Southeast\",\"name\":\"Australia Southeast\",\"type\":\"Microsoft.Web/geoRegions\",\"properties\":{\"name\":\"Australia Southeast\",\"description\":null,\"sortOrder\":14,\"displayName\":\"Australia Southeast\",\"orgDomain\":\"PUBLIC;DREAMSPARK;MSFTPUBLIC;FUNCTIONS;DYNAMIC;DSERIES;LINUX;LINUXDSERIES;ELASTICPREMIUM;LINUXFREE;ELASTICLINUX;XENON;XENONV3;WINDOWSV3;LINUXV3;LINUXDYNAMIC\"}},{\"id\":\"/subscriptions/26cfabf6-eb15-4de5-ae51-f2218958bd5f/providers/Microsoft.Web/geoRegions/East Asia (Stage)\",\"name\":\"East Asia (Stage)\",\"type\":\"Microsoft.Web/geoRegions\",\"properties\":{\"name\":\"East Asia (Stage)\",\"description\":null,\"sortOrder\":2147483647,\"displayName\":\"East Asia (Stage)\",\"orgDomain\":\"MSFTINT;DSERIES;ELASTICPREMIUM;FUNCTIONS;DYNAMIC;XENON;LINUX;LINUXFREE;LINUXDYNAMIC;XENONV3;WINDOWSV3;LINUXV3\"}},{\"id\":\"/subscriptions/26cfabf6-eb15-4de5-ae51-f2218958bd5f/providers/Microsoft.Web/geoRegions/Central India\",\"name\":\"Central India\",\"type\":\"Microsoft.Web/geoRegions\",\"properties\":{\"name\":\"Central India\",\"description\":null,\"sortOrder\":2147483647,\"displayName\":\"Central India\",\"orgDomain\":\"PUBLIC;DREAMSPARK;MSFTPUBLIC;FUNCTIONS;DYNAMIC;LINUX;DSERIES;LINUXDSERIES;LINUXDYNAMIC;ELASTICPREMIUM;ELASTICLINUX;XENON;XENONV3;WINDOWSV3;LINUXV3\"}},{\"id\":\"/subscriptions/26cfabf6-eb15-4de5-ae51-f2218958bd5f/providers/Microsoft.Web/geoRegions/West India\",\"name\":\"West India\",\"type\":\"Microsoft.Web/geoRegions\",\"properties\":{\"name\":\"West India\",\"description\":null,\"sortOrder\":2147483647,\"displayName\":\"West India\",\"orgDomain\":\"PUBLIC;DREAMSPARK;MSFTPUBLIC;FUNCTIONS;DYNAMIC;LINUX;DSERIES;LINUXDSERIES;ELASTICPREMIUM;LINUXDYNAMIC;ELASTICLINUX\"}},{\"id\":\"/subscriptions/26cfabf6-eb15-4de5-ae51-f2218958bd5f/providers/Microsoft.Web/geoRegions/South India\",\"name\":\"South India\",\"type\":\"Microsoft.Web/geoRegions\",\"properties\":{\"name\":\"South India\",\"description\":null,\"sortOrder\":2147483647,\"displayName\":\"South India\",\"orgDomain\":\"PUBLIC;DREAMSPARK;MSFTPUBLIC;FUNCTIONS;DYNAMIC;DSERIES;LINUX;LINUXDSERIES;ELASTICPREMIUM\"}},{\"id\":\"/subscriptions/26cfabf6-eb15-4de5-ae51-f2218958bd5f/providers/Microsoft.Web/geoRegions/Canada Central\",\"name\":\"Canada Central\",\"type\":\"Microsoft.Web/geoRegions\",\"properties\":{\"name\":\"Canada Central\",\"description\":null,\"sortOrder\":2147483647,\"displayName\":\"Canada Central\",\"orgDomain\":\"PUBLIC;DREAMSPARK;MSFTPUBLIC;FUNCTIONS;DYNAMIC;DSERIES;LINUX;LINUXDSERIES;ELASTICPREMIUM;LINUXFREE;ELASTICLINUX;XENON;XENONV3;WINDOWSV3;LINUXV3\"}},{\"id\":\"/subscriptions/26cfabf6-eb15-4de5-ae51-f2218958bd5f/providers/Microsoft.Web/geoRegions/Canada East\",\"name\":\"Canada East\",\"type\":\"Microsoft.Web/geoRegions\",\"properties\":{\"name\":\"Canada East\",\"description\":null,\"sortOrder\":2147483647,\"displayName\":\"Canada East\",\"orgDomain\":\"PUBLIC;DREAMSPARK;MSFTPUBLIC;FUNCTIONS;DYNAMIC;LINUX;DSERIES;LINUXDSERIES;LINUXDYNAMIC\"}},{\"id\":\"/subscriptions/26cfabf6-eb15-4de5-ae51-f2218958bd5f/providers/Microsoft.Web/geoRegions/West Central US\",\"name\":\"West Central US\",\"type\":\"Microsoft.Web/geoRegions\",\"properties\":{\"name\":\"West Central US\",\"description\":null,\"sortOrder\":2147483647,\"displayName\":\"West Central US\",\"orgDomain\":\"PUBLIC;FUNCTIONS;DYNAMIC;LINUX;DSERIES;LINUXDSERIES;ELASTICLINUX;ELASTICPREMIUM;MSFTPUBLIC;XENON;XENONV3;WINDOWSV3;LINUXV3\"}},{\"id\":\"/subscriptions/26cfabf6-eb15-4de5-ae51-f2218958bd5f/providers/Microsoft.Web/geoRegions/West US 2\",\"name\":\"West US 2\",\"type\":\"Microsoft.Web/geoRegions\",\"properties\":{\"name\":\"West US 2\",\"description\":null,\"sortOrder\":2147483647,\"displayName\":\"West US 2\",\"orgDomain\":\"PUBLIC;DREAMSPARK;MSFTPUBLIC;FUNCTIONS;DYNAMIC;LINUX;DSERIES;LINUXDSERIES;LINUXFREE;LINUXDYNAMIC;ELASTICPREMIUM;ELASTICLINUX;XENON;XENONV3;WINDOWSV3;LINUXV3\"}},{\"id\":\"/subscriptions/26cfabf6-eb15-4de5-ae51-f2218958bd5f/providers/Microsoft.Web/geoRegions/UK West\",\"name\":\"UK West\",\"type\":\"Microsoft.Web/geoRegions\",\"properties\":{\"name\":\"UK West\",\"description\":null,\"sortOrder\":2147483647,\"displayName\":\"UK West\",\"orgDomain\":\"PUBLIC;MSFTPUBLIC;FUNCTIONS;DYNAMIC;DSERIES;LINUX;LINUXDSERIES;ELASTICPREMIUM;LINUXDYNAMIC;ELASTICLINUX;XENON;XENONV3;WINDOWSV3;LINUXV3\"}},{\"id\":\"/subscriptions/26cfabf6-eb15-4de5-ae51-f2218958bd5f/providers/Microsoft.Web/geoRegions/UK South\",\"name\":\"UK South\",\"type\":\"Microsoft.Web/geoRegions\",\"properties\":{\"name\":\"UK South\",\"description\":null,\"sortOrder\":2147483647,\"displayName\":\"UK South\",\"orgDomain\":\"PUBLIC;MSFTPUBLIC;DYNAMIC;DSERIES;LINUX;LINUXDSERIES;LINUXFREE;LINUXDYNAMIC;ELASTICPREMIUM;ELASTICLINUX;XENON;XENONV3;WINDOWSV3;LINUXV3\"}},{\"id\":\"/subscriptions/26cfabf6-eb15-4de5-ae51-f2218958bd5f/providers/Microsoft.Web/geoRegions/East US 2 EUAP\",\"name\":\"East US 2 EUAP\",\"type\":\"Microsoft.Web/geoRegions\",\"properties\":{\"name\":\"East US 2 EUAP\",\"description\":null,\"sortOrder\":2147483647,\"displayName\":\"East US 2 EUAP\",\"orgDomain\":\"EUAP;XENON;DSERIES;LINUXDSERIES;ELASTICPREMIUM;FUNCTIONS;DYNAMIC;LINUX;LINUXFREE;ELASTICLINUX;WINDOWSV3;XENONV3;LINUXV3;LINUXDYNAMIC\"}},{\"id\":\"/subscriptions/26cfabf6-eb15-4de5-ae51-f2218958bd5f/providers/Microsoft.Web/geoRegions/Central US EUAP\",\"name\":\"Central US EUAP\",\"type\":\"Microsoft.Web/geoRegions\",\"properties\":{\"name\":\"Central US EUAP\",\"description\":null,\"sortOrder\":2147483647,\"displayName\":\"Central US EUAP\",\"orgDomain\":\"EUAP;LINUX;DSERIES;LINUXDSERIES;ELASTICPREMIUM;LINUXFREE;ELASTICLINUX;LINUXDYNAMIC;DYNAMIC\"}},{\"id\":\"/subscriptions/26cfabf6-eb15-4de5-ae51-f2218958bd5f/providers/Microsoft.Web/geoRegions/Korea Central\",\"name\":\"Korea Central\",\"type\":\"Microsoft.Web/geoRegions\",\"properties\":{\"name\":\"Korea Central\",\"description\":null,\"sortOrder\":2147483647,\"displayName\":\"Korea Central\",\"orgDomain\":\"PUBLIC;DREAMSPARK;MSFTPUBLIC;FUNCTIONS;DYNAMIC;LINUX;LINUXDSERIES;ELASTICPREMIUM;LINUXFREE;DSERIES;LINUXDYNAMIC;ELASTICLINUX;XENON;XENONV3;WINDOWSV3;LINUXV3\"}},{\"id\":\"/subscriptions/26cfabf6-eb15-4de5-ae51-f2218958bd5f/providers/Microsoft.Web/geoRegions/France Central\",\"name\":\"France Central\",\"type\":\"Microsoft.Web/geoRegions\",\"properties\":{\"name\":\"France Central\",\"description\":null,\"sortOrder\":2147483647,\"displayName\":\"France Central\",\"orgDomain\":\"PUBLIC;MSFTPUBLIC;DSERIES;DYNAMIC;LINUX;LINUXDSERIES;ELASTICPREMIUM;LINUXFREE;LINUXDYNAMIC;ELASTICLINUX;XENON;XENONV3;WINDOWSV3;LINUXV3\"}},{\"id\":\"/subscriptions/26cfabf6-eb15-4de5-ae51-f2218958bd5f/providers/Microsoft.Web/geoRegions/Australia Central 2\",\"name\":\"Australia Central 2\",\"type\":\"Microsoft.Web/geoRegions\",\"properties\":{\"name\":\"Australia Central 2\",\"description\":null,\"sortOrder\":2147483647,\"displayName\":\"Australia Central 2\",\"orgDomain\":\"PUBLIC;FUNCTIONS;DYNAMIC;DSERIES;LINUX;LINUXDSERIES;LINUXFREE;ELASTICPREMIUM\"}},{\"id\":\"/subscriptions/26cfabf6-eb15-4de5-ae51-f2218958bd5f/providers/Microsoft.Web/geoRegions/Australia Central\",\"name\":\"Australia Central\",\"type\":\"Microsoft.Web/geoRegions\",\"properties\":{\"name\":\"Australia Central\",\"description\":null,\"sortOrder\":2147483647,\"displayName\":\"Australia Central\",\"orgDomain\":\"PUBLIC;FUNCTIONS;DYNAMIC;DSERIES;LINUX;LINUXDSERIES;LINUXFREE;ELASTICPREMIUM;ELASTICLINUX\"}},{\"id\":\"/subscriptions/26cfabf6-eb15-4de5-ae51-f2218958bd5f/providers/Microsoft.Web/geoRegions/South Africa North\",\"name\":\"South Africa North\",\"type\":\"Microsoft.Web/geoRegions\",\"properties\":{\"name\":\"South Africa North\",\"description\":null,\"sortOrder\":2147483647,\"displayName\":\"South Africa North\",\"orgDomain\":\"PUBLIC;MSFTPUBLIC;FUNCTIONS;DYNAMIC;LINUX;LINUXDSERIES;DSERIES;ELASTICPREMIUM;ELASTICLINUX;XENON;XENONV3;WINDOWSV3;LINUXV3\"}},{\"id\":\"/subscriptions/26cfabf6-eb15-4de5-ae51-f2218958bd5f/providers/Microsoft.Web/geoRegions/Switzerland North\",\"name\":\"Switzerland North\",\"type\":\"Microsoft.Web/geoRegions\",\"properties\":{\"name\":\"Switzerland North\",\"description\":null,\"sortOrder\":2147483647,\"displayName\":\"Switzerland North\",\"orgDomain\":\"PUBLIC;DSERIES;LINUX;LINUXDSERIES;LINUXFREE;FUNCTIONS;DYNAMIC;LINUXDYNAMIC;ELASTICPREMIUM;ELASTICLINUX;XENON;XENONV3;WINDOWSV3;LINUXV3\"}},{\"id\":\"/subscriptions/26cfabf6-eb15-4de5-ae51-f2218958bd5f/providers/Microsoft.Web/geoRegions/Germany West Central\",\"name\":\"Germany West Central\",\"type\":\"Microsoft.Web/geoRegions\",\"properties\":{\"name\":\"Germany West Central\",\"description\":null,\"sortOrder\":2147483647,\"displayName\":\"Germany West Central\",\"orgDomain\":\"PUBLIC;DSERIES;LINUX;LINUXDSERIES;ELASTICPREMIUM;FUNCTIONS;DYNAMIC;ELASTICLINUX;LINUXDYNAMIC;XENON;XENONV3;WINDOWSV3;LINUXV3\"}},{\"id\":\"/subscriptions/26cfabf6-eb15-4de5-ae51-f2218958bd5f/providers/Microsoft.Web/geoRegions/Switzerland West\",\"name\":\"Switzerland West\",\"type\":\"Microsoft.Web/geoRegions\",\"properties\":{\"name\":\"Switzerland West\",\"description\":null,\"sortOrder\":2147483647,\"displayName\":\"Switzerland West\",\"orgDomain\":\"PUBLIC;DSERIES;LINUX;LINUXDSERIES;LINUXFREE;FUNCTIONS;DYNAMIC;ELASTICPREMIUM;ELASTICLINUX\"}},{\"id\":\"/subscriptions/26cfabf6-eb15-4de5-ae51-f2218958bd5f/providers/Microsoft.Web/geoRegions/UAE North\",\"name\":\"UAE North\",\"type\":\"Microsoft.Web/geoRegions\",\"properties\":{\"name\":\"UAE North\",\"description\":null,\"sortOrder\":2147483647,\"displayName\":\"UAE North\",\"orgDomain\":\"PUBLIC;DSERIES;LINUX;LINUXDSERIES;LINUXFREE;FUNCTIONS;DYNAMIC;LINUXDYNAMIC;ELASTICPREMIUM;ELASTICLINUX;XENON;XENONV3;WINDOWSV3;LINUXV3\"}},{\"id\":\"/subscriptions/26cfabf6-eb15-4de5-ae51-f2218958bd5f/providers/Microsoft.Web/geoRegions/Norway West\",\"name\":\"Norway West\",\"type\":\"Microsoft.Web/geoRegions\",\"properties\":{\"name\":\"Norway West\",\"description\":null,\"sortOrder\":2147483647,\"displayName\":\"Norway West\",\"orgDomain\":\"PUBLIC;DSERIES;MSFTPUBLIC;LINUX;LINUXDSERIES;FUNCTIONS;DYNAMIC\"}},{\"id\":\"/subscriptions/26cfabf6-eb15-4de5-ae51-f2218958bd5f/providers/Microsoft.Web/geoRegions/Norway East\",\"name\":\"Norway East\",\"type\":\"Microsoft.Web/geoRegions\",\"properties\":{\"name\":\"Norway East\",\"description\":null,\"sortOrder\":2147483647,\"displayName\":\"Norway East\",\"orgDomain\":\"PUBLIC;LINUX;LINUXDSERIES;DSERIES;ELASTICLINUX;ELASTICPREMIUM;FUNCTIONS;DYNAMIC;XENON;XENONV3;WINDOWSV3;LINUXV3\"}},{\"id\":\"/subscriptions/26cfabf6-eb15-4de5-ae51-f2218958bd5f/providers/Microsoft.Web/geoRegions/Brazil Southeast\",\"name\":\"Brazil Southeast\",\"type\":\"Microsoft.Web/geoRegions\",\"properties\":{\"name\":\"Brazil Southeast\",\"description\":null,\"sortOrder\":2147483647,\"displayName\":\"Brazil Southeast\",\"orgDomain\":\"PUBLIC;LINUX;LINUXDSERIES;DSERIES;LINUXFREE;FUNCTIONS;DYNAMIC\"}},{\"id\":\"/subscriptions/26cfabf6-eb15-4de5-ae51-f2218958bd5f/providers/Microsoft.Web/geoRegions/West US 3\",\"name\":\"West US 3\",\"type\":\"Microsoft.Web/geoRegions\",\"properties\":{\"name\":\"West US 3\",\"description\":null,\"sortOrder\":2147483647,\"displayName\":\"West US 3\",\"orgDomain\":\"PUBLIC;DSERIES;LINUX;LINUXDSERIES;XENON;XENONV3;WINDOWSV3;LINUXV3;ELASTICPREMIUM;ELASTICLINUX;FUNCTIONS;DYNAMIC\"}},{\"id\":\"/subscriptions/26cfabf6-eb15-4de5-ae51-f2218958bd5f/providers/Microsoft.Web/geoRegions/Jio India West\",\"name\":\"Jio India West\",\"type\":\"Microsoft.Web/geoRegions\",\"properties\":{\"name\":\"Jio India West\",\"description\":null,\"sortOrder\":2147483647,\"displayName\":\"Jio India West\",\"orgDomain\":\"PUBLIC;DSERIES;LINUX;LINUXDSERIES;ELASTICPREMIUM;ELASTICLINUX;FUNCTIONS;DYNAMIC\"}}],\"nextLink\":null,\"id\":null}",
      "isContentBase64": false
    }
  }
}