{
  "Get-AzFunctionAppAvailableLocation+[NoContext]+Validate set default parameters for -PlanType and -OSType+$GET+https://management.azure.com/subscriptions/26cfabf6-eb15-4de5-ae51-f2218958bd5f/providers/Microsoft.Web/geoRegions?sku=ElasticPremium\u0026api-version=2019-08-01+1": {
    "Request": {
      "Method": "GET",
      "RequestUri": "https://management.azure.com/subscriptions/26cfabf6-eb15-4de5-ae51-f2218958bd5f/providers/Microsoft.Web/geoRegions?sku=ElasticPremium\u0026api-version=2019-08-01",
      "Content": null,
      "isContentBase64": false,
      "Headers": {
        "x-ms-unique-id": [ "77" ],
        "x-ms-client-request-id": [ "dd544e41-a59c-4f89-83df-5d4218996889" ],
        "CommandName": [ "Az.Functions.internal\\Get-AzFunctionAppAvailableLocation" ],
        "FullCommandName": [ "Get-AzFunctionAppAvailableLocation_List" ],
        "ParameterSetName": [ "__AllParameterSets" ],
        "User-Agent": [ "AzurePowershell/v6.5.0", "PSVersion/v7.0.6" ],
        "Authorization": [ "[Filtered]" ]
      },
      "ContentHeaders": {
      }
    },
    "Response": {
      "StatusCode": 200,
      "Headers": {
        "Cache-Control": [ "no-cache" ],
        "Pragma": [ "no-cache" ],
        "Strict-Transport-Security": [ "max-age=31536000; includeSubDomains" ],
        "x-ms-request-id": [ "25903a5b-8b3c-47e3-ac75-fff9d95aa669" ],
        "Server": [ "Microsoft-IIS/10.0" ],
        "X-AspNet-Version": [ "4.0.30319" ],
        "X-Powered-By": [ "ASP.NET" ],
        "x-ms-ratelimit-remaining-subscription-reads": [ "11952" ],
        "x-ms-correlation-request-id": [ "eb0b1d53-5772-4b4d-954c-c6218c6424af" ],
        "x-ms-routing-request-id": [ "WESTUS:20211029T035450Z:eb0b1d53-5772-4b4d-954c-c6218c6424af" ],
        "X-Content-Type-Options": [ "nosniff" ],
        "Date": [ "Fri, 29 Oct 2021 03:54:50 GMT" ]
      },
      "ContentHeaders": {
        "Content-Length": [ "16508" ],
        "Content-Type": [ "application/json" ],
        "Expires": [ "-1" ]
      },
      "Content": "{\"value\":[{\"id\":\"/subscriptions/26cfabf6-eb15-4de5-ae51-f2218958bd5f/providers/Microsoft.Web/geoRegions/Central US\",\"name\":\"Central US\",\"type\":\"Microsoft.Web/geoRegions\",\"properties\":{\"name\":\"Central US\",\"description\":null,\"sortOrder\":0,\"displayName\":\"Central US\",\"orgDomain\":\"PUBLIC;DREAMSPARK;MSFTPUBLIC;FUNCTIONS;DYNAMIC;DSERIES;LINUX;LINUXDSERIES;ELASTICPREMIUM;LINUXFREE;LINUXDYNAMIC;ELASTICLINUX;XENON;XENONV3;WINDOWSV3;LINUXV3\"}},{\"id\":\"/subscriptions/26cfabf6-eb15-4de5-ae51-f2218958bd5f/providers/Microsoft.Web/geoRegions/North Europe\",\"name\":\"North Europe\",\"type\":\"Microsoft.Web/geoRegions\",\"properties\":{\"name\":\"North Europe\",\"description\":null,\"sortOrder\":1,\"displayName\":\"North Europe\",\"orgDomain\":\"PUBLIC;DREAMSPARK;MSFTPUBLIC;FUNCTIONS;DYNAMIC;DSERIES;LINUX;LINUXDSERIES;XENON;ELASTICPREMIUM;LINUXFREE;ELASTICLINUX;LINUXDYNAMIC;XENON;XENONV3;WINDOWSV3;LINUXV3\"}},{\"id\":\"/subscriptions/26cfabf6-eb15-4de5-ae51-f2218958bd5f/providers/Microsoft.Web/geoRegions/West Europe\",\"name\":\"West Europe\",\"type\":\"Microsoft.Web/geoRegions\",\"properties\":{\"name\":\"West Europe\",\"description\":null,\"sortOrder\":2,\"displayName\":\"West Europe\",\"orgDomain\":\"PUBLIC;DREAMSPARK;MSFTPUBLIC;FUNCTIONS;DYNAMIC;LINUX;DSERIES;LINUXDSERIES;XENON;SFCONTAINERS;LINUXDYNAMIC;ELASTICPREMIUM;ELASTICLINUX;LINUXFREE;XENON;XENONV3;WINDOWSV3;LINUXV3\"}},{\"id\":\"/subscriptions/26cfabf6-eb15-4de5-ae51-f2218958bd5f/providers/Microsoft.Web/geoRegions/Southeast Asia\",\"name\":\"Southeast Asia\",\"type\":\"Microsoft.Web/geoRegions\",\"properties\":{\"name\":\"Southeast Asia\",\"description\":null,\"sortOrder\":3,\"displayName\":\"Southeast Asia\",\"orgDomain\":\"PUBLIC;DREAMSPARK;MSFTPUBLIC;FUNCTIONS;DYNAMIC;LINUX;DSERIES;LINUXDSERIES;XENON;ELASTICPREMIUM;LINUXFREE;ELASTICLINUX;LINUXDYNAMIC;XENON;XENONV3;WINDOWSV3;LINUXV3\"}},{\"id\":\"/subscriptions/26cfabf6-eb15-4de5-ae51-f2218958bd5f/providers/Microsoft.Web/geoRegions/East Asia\",\"name\":\"East Asia\",\"type\":\"Microsoft.Web/geoRegions\",\"properties\":{\"name\":\"East Asia\",\"description\":null,\"sortOrder\":4,\"displayName\":\"East Asia\",\"orgDomain\":\"PUBLIC;DREAMSPARK;MSFTPUBLIC;FUNCTIONS;DYNAMIC;LINUX;DSERIES;LINUXDSERIES;SFCONTAINERS;LINUXDYNAMIC;ELASTICPREMIUM;LINUXFREE;ELASTICLINUX;XENON;XENONV3;WINDOWSV3;LINUXV3\"}},{\"id\":\"/subscriptions/26cfabf6-eb15-4de5-ae51-f2218958bd5f/providers/Microsoft.Web/geoRegions/West US\",\"name\":\"West US\",\"type\":\"Microsoft.Web/geoRegions\",\"properties\":{\"name\":\"West US\",\"description\":null,\"sortOrder\":5,\"displayName\":\"West US\",\"orgDomain\":\"PUBLIC;DREAMSPARK;MSFTPUBLIC;FUNCTIONS;DYNAMIC;LINUX;DSERIES;LINUXDSERIES;XENON;ELASTICPREMIUM;LINUXFREE;ELASTICLINUX;LINUXDYNAMIC;XENON;XENONV3;WINDOWSV3;LINUXV3\"}},{\"id\":\"/subscriptions/26cfabf6-eb15-4de5-ae51-f2218958bd5f/providers/Microsoft.Web/geoRegions/East US\",\"name\":\"East US\",\"type\":\"Microsoft.Web/geoRegions\",\"properties\":{\"name\":\"East US\",\"description\":null,\"sortOrder\":6,\"displayName\":\"East US\",\"orgDomain\":\"PUBLIC;DREAMSPARK;MSFTPUBLIC;FUNCTIONS;DYNAMIC;LINUX;DSERIES;FAKEORG;LINUXDSERIES;XENON;SFCONTAINERS;LINUXDYNAMIC;LINUXFREE;ELASTICLINUX;ELASTICPREMIUM;XENON;XENONV3;WINDOWSV3;LINUXV3\"}},{\"id\":\"/subscriptions/26cfabf6-eb15-4de5-ae51-f2218958bd5f/providers/Microsoft.Web/geoRegions/Japan West\",\"name\":\"Japan West\",\"type\":\"Microsoft.Web/geoRegions\",\"properties\":{\"name\":\"Japan West\",\"description\":null,\"sortOrder\":7,\"displayName\":\"Japan West\",\"orgDomain\":\"PUBLIC;DREAMSPARK;MSFTPUBLIC;FUNCTIONS;DYNAMIC;LINUX;DSERIES;LINUXDSERIES;ELASTICPREMIUM;LINUXFREE;ELASTICLINUX;LINUXDYNAMIC\"}},{\"id\":\"/subscriptions/26cfabf6-eb15-4de5-ae51-f2218958bd5f/providers/Microsoft.Web/geoRegions/Japan East\",\"name\":\"Japan East\",\"type\":\"Microsoft.Web/geoRegions\",\"properties\":{\"name\":\"Japan East\",\"description\":null,\"sortOrder\":8,\"displayName\":\"Japan East\",\"orgDomain\":\"PUBLIC;DREAMSPARK;MSFTPUBLIC;FUNCTIONS;DYNAMIC;LINUX;DSERIES;LINUXDSERIES;LINUXFREE;ELASTICLINUX;ELASTICPREMIUM;LINUXDYNAMIC;XENON;XENONV3;WINDOWSV3;LINUXV3\"}},{\"id\":\"/subscriptions/26cfabf6-eb15-4de5-ae51-f2218958bd5f/providers/Microsoft.Web/geoRegions/East US 2\",\"name\":\"East US 2\",\"type\":\"Microsoft.Web/geoRegions\",\"properties\":{\"name\":\"East US 2\",\"description\":null,\"sortOrder\":9,\"displayName\":\"East US 2\",\"orgDomain\":\"PUBLIC;DREAMSPARK;MSFTPUBLIC;FUNCTIONS;DYNAMIC;DSERIES;LINUX;LINUXDSERIES;ELASTICPREMIUM;LINUXFREE;LINUXDYNAMIC;ELASTICLINUX;XENON;XENONV3;WINDOWSV3;LINUXV3\"}},{\"id\":\"/subscriptions/26cfabf6-eb15-4de5-ae51-f2218958bd5f/providers/Microsoft.Web/geoRegions/North Central US\",\"name\":\"North Central US\",\"type\":\"Microsoft.Web/geoRegions\",\"properties\":{\"name\":\"North Central US\",\"description\":null,\"sortOrder\":10,\"displayName\":\"North Central US\",\"orgDomain\":\"PUBLIC;DREAMSPARK;MSFTPUBLIC;FUNCTIONS;DYNAMIC;LINUX;DSERIES;LINUXDSERIES;LINUXFREE;ELASTICPREMIUM;ELASTICLINUX;LINUXDYNAMIC;XENON;XENONV3;WINDOWSV3;LINUXV3\"}},{\"id\":\"/subscriptions/26cfabf6-eb15-4de5-ae51-f2218958bd5f/providers/Microsoft.Web/geoRegions/South Central US\",\"name\":\"South Central US\",\"type\":\"Microsoft.Web/geoRegions\",\"properties\":{\"name\":\"South Central US\",\"description\":null,\"sortOrder\":11,\"displayName\":\"South Central US\",\"orgDomain\":\"PUBLIC;DREAMSPARK;MSFTPUBLIC;FUNCTIONS;DYNAMIC;DSERIES;LINUX;LINUXDSERIES;ELASTICPREMIUM;LINUXFREE;LINUXDYNAMIC;ELASTICLINUX;XENON;XENONV3;WINDOWSV3;LINUXV3\"}},{\"id\":\"/subscriptions/26cfabf6-eb15-4de5-ae51-f2218958bd5f/providers/Microsoft.Web/geoRegions/Brazil South\",\"name\":\"Brazil South\",\"type\":\"Microsoft.Web/geoRegions\",\"properties\":{\"name\":\"Brazil South\",\"description\":null,\"sortOrder\":12,\"displayName\":\"Brazil South\",\"orgDomain\":\"PUBLIC;DREAMSPARK;MSFTPUBLIC;FUNCTIONS;DYNAMIC;LINUX;DSERIES;LINUXDSERIES;LINUXFREE;ELASTICPREMIUM;LINUXDYNAMIC;ELASTICLINUX;XENON;XENONV3;WINDOWSV3;LINUXV3\"}},{\"id\":\"/subscriptions/26cfabf6-eb15-4de5-ae51-f2218958bd5f/providers/Microsoft.Web/geoRegions/Australia East\",\"name\":\"Australia East\",\"type\":\"Microsoft.Web/geoRegions\",\"properties\":{\"name\":\"Australia East\",\"description\":null,\"sortOrder\":13,\"displayName\":\"Australia East\",\"orgDomain\":\"PUBLIC;DREAMSPARK;MSFTPUBLIC;FUNCTIONS;DYNAMIC;LINUX;DSERIES;LINUXDSERIES;XENON;ELASTICPREMIUM;LINUXFREE;LINUXDYNAMIC;ELASTICLINUX;XENON;XENONV3;WINDOWSV3;LINUXV3\"}},{\"id\":\"/subscriptions/26cfabf6-eb15-4de5-ae51-f2218958bd5f/providers/Microsoft.Web/geoRegions/Australia Southeast\",\"name\":\"Australia Southeast\",\"type\":\"Microsoft.Web/geoRegions\",\"properties\":{\"name\":\"Australia Southeast\",\"description\":null,\"sortOrder\":14,\"displayName\":\"Australia Southeast\",\"orgDomain\":\"PUBLIC;DREAMSPARK;MSFTPUBLIC;FUNCTIONS;DYNAMIC;DSERIES;LINUX;LINUXDSERIES;ELASTICPREMIUM;LINUXFREE;ELASTICLINUX;XENON;XENONV3;WINDOWSV3;LINUXV3;LINUXDYNAMIC\"}},{\"id\":\"/subscriptions/26cfabf6-eb15-4de5-ae51-f2218958bd5f/providers/Microsoft.Web/geoRegions/East Asia (Stage)\",\"name\":\"East Asia (Stage)\",\"type\":\"Microsoft.Web/geoRegions\",\"properties\":{\"name\":\"East Asia (Stage)\",\"description\":null,\"sortOrder\":2147483647,\"displayName\":\"East Asia (Stage)\",\"orgDomain\":\"MSFTINT;DSERIES;ELASTICPREMIUM;FUNCTIONS;DYNAMIC;XENON;LINUX;LINUXFREE;LINUXDYNAMIC;XENONV3;WINDOWSV3;LINUXV3\"}},{\"id\":\"/subscriptions/26cfabf6-eb15-4de5-ae51-f2218958bd5f/providers/Microsoft.Web/geoRegions/North Central US (Stage)\",\"name\":\"North Central US (Stage)\",\"type\":\"Microsoft.Web/geoRegions\",\"properties\":{\"name\":\"North Central US (Stage)\",\"description\":null,\"sortOrder\":2147483647,\"displayName\":\"North Central US (Stage)\",\"orgDomain\":\"MSFTINT;LINUX;LINUXFREE;LINUXDYNAMIC;DSERIES;ELASTICPREMIUM;ELASTICLINUX;LINUXV3\"}},{\"id\":\"/subscriptions/26cfabf6-eb15-4de5-ae51-f2218958bd5f/providers/Microsoft.Web/geoRegions/Central India\",\"name\":\"Central India\",\"type\":\"Microsoft.Web/geoRegions\",\"properties\":{\"name\":\"Central India\",\"description\":null,\"sortOrder\":2147483647,\"displayName\":\"Central India\",\"orgDomain\":\"PUBLIC;DREAMSPARK;MSFTPUBLIC;FUNCTIONS;DYNAMIC;LINUX;DSERIES;LINUXDSERIES;LINUXDYNAMIC;ELASTICPREMIUM;ELASTICLINUX;XENON;XENONV3;WINDOWSV3;LINUXV3\"}},{\"id\":\"/subscriptions/26cfabf6-eb15-4de5-ae51-f2218958bd5f/providers/Microsoft.Web/geoRegions/West India\",\"name\":\"West India\",\"type\":\"Microsoft.Web/geoRegions\",\"properties\":{\"name\":\"West India\",\"description\":null,\"sortOrder\":2147483647,\"displayName\":\"West India\",\"orgDomain\":\"PUBLIC;DREAMSPARK;MSFTPUBLIC;FUNCTIONS;DYNAMIC;LINUX;DSERIES;LINUXDSERIES;ELASTICPREMIUM;LINUXDYNAMIC;ELASTICLINUX\"}},{\"id\":\"/subscriptions/26cfabf6-eb15-4de5-ae51-f2218958bd5f/providers/Microsoft.Web/geoRegions/South India\",\"name\":\"South India\",\"type\":\"Microsoft.Web/geoRegions\",\"properties\":{\"name\":\"South India\",\"description\":null,\"sortOrder\":2147483647,\"displayName\":\"South India\",\"orgDomain\":\"PUBLIC;DREAMSPARK;MSFTPUBLIC;FUNCTIONS;DYNAMIC;DSERIES;LINUX;LINUXDSERIES;ELASTICPREMIUM\"}},{\"id\":\"/subscriptions/26cfabf6-eb15-4de5-ae51-f2218958bd5f/providers/Microsoft.Web/geoRegions/Canada Central\",\"name\":\"Canada Central\",\"type\":\"Microsoft.Web/geoRegions\",\"properties\":{\"name\":\"Canada Central\",\"description\":null,\"sortOrder\":2147483647,\"displayName\":\"Canada Central\",\"orgDomain\":\"PUBLIC;DREAMSPARK;MSFTPUBLIC;FUNCTIONS;DYNAMIC;DSERIES;LINUX;LINUXDSERIES;ELASTICPREMIUM;LINUXFREE;ELASTICLINUX;XENON;XENONV3;WINDOWSV3;LINUXV3\"}},{\"id\":\"/subscriptions/26cfabf6-eb15-4de5-ae51-f2218958bd5f/providers/Microsoft.Web/geoRegions/West Central US\",\"name\":\"West Central US\",\"type\":\"Microsoft.Web/geoRegions\",\"properties\":{\"name\":\"West Central US\",\"description\":null,\"sortOrder\":2147483647,\"displayName\":\"West Central US\",\"orgDomain\":\"PUBLIC;FUNCTIONS;DYNAMIC;LINUX;DSERIES;LINUXDSERIES;ELASTICLINUX;ELASTICPREMIUM;MSFTPUBLIC;XENON;XENONV3;WINDOWSV3;LINUXV3\"}},{\"id\":\"/subscriptions/26cfabf6-eb15-4de5-ae51-f2218958bd5f/providers/Microsoft.Web/geoRegions/West US 2\",\"name\":\"West US 2\",\"type\":\"Microsoft.Web/geoRegions\",\"properties\":{\"name\":\"West US 2\",\"description\":null,\"sortOrder\":2147483647,\"displayName\":\"West US 2\",\"orgDomain\":\"PUBLIC;DREAMSPARK;MSFTPUBLIC;FUNCTIONS;DYNAMIC;LINUX;DSERIES;LINUXDSERIES;LINUXFREE;LINUXDYNAMIC;ELASTICPREMIUM;ELASTICLINUX;XENON;XENONV3;WINDOWSV3;LINUXV3\"}},{\"id\":\"/subscriptions/26cfabf6-eb15-4de5-ae51-f2218958bd5f/providers/Microsoft.Web/geoRegions/UK West\",\"name\":\"UK West\",\"type\":\"Microsoft.Web/geoRegions\",\"properties\":{\"name\":\"UK West\",\"description\":null,\"sortOrder\":2147483647,\"displayName\":\"UK West\",\"orgDomain\":\"PUBLIC;MSFTPUBLIC;FUNCTIONS;DYNAMIC;DSERIES;LINUX;LINUXDSERIES;ELASTICPREMIUM;LINUXDYNAMIC;ELASTICLINUX;XENON;XENONV3;WINDOWSV3;LINUXV3\"}},{\"id\":\"/subscriptions/26cfabf6-eb15-4de5-ae51-f2218958bd5f/providers/Microsoft.Web/geoRegions/UK South\",\"name\":\"UK South\",\"type\":\"Microsoft.Web/geoRegions\",\"properties\":{\"name\":\"UK South\",\"description\":null,\"sortOrder\":2147483647,\"displayName\":\"UK South\",\"orgDomain\":\"PUBLIC;MSFTPUBLIC;DYNAMIC;DSERIES;LINUX;LINUXDSERIES;LINUXFREE;LINUXDYNAMIC;ELASTICPREMIUM;ELASTICLINUX;XENON;XENONV3;WINDOWSV3;LINUXV3\"}},{\"id\":\"/subscriptions/26cfabf6-eb15-4de5-ae51-f2218958bd5f/providers/Microsoft.Web/geoRegions/East US 2 EUAP\",\"name\":\"East US 2 EUAP\",\"type\":\"Microsoft.Web/geoRegions\",\"properties\":{\"name\":\"East US 2 EUAP\",\"description\":null,\"sortOrder\":2147483647,\"displayName\":\"East US 2 EUAP\",\"orgDomain\":\"EUAP;XENON;DSERIES;LINUXDSERIES;ELASTICPREMIUM;FUNCTIONS;DYNAMIC;LINUX;LINUXFREE;ELASTICLINUX;WINDOWSV3;XENONV3;LINUXV3;LINUXDYNAMIC\"}},{\"id\":\"/subscriptions/26cfabf6-eb15-4de5-ae51-f2218958bd5f/providers/Microsoft.Web/geoRegions/Central US EUAP\",\"name\":\"Central US EUAP\",\"type\":\"Microsoft.Web/geoRegions\",\"properties\":{\"name\":\"Central US EUAP\",\"description\":null,\"sortOrder\":2147483647,\"displayName\":\"Central US EUAP\",\"orgDomain\":\"EUAP;LINUX;DSERIES;LINUXDSERIES;ELASTICPREMIUM;LINUXFREE;ELASTICLINUX;LINUXDYNAMIC;DYNAMIC\"}},{\"id\":\"/subscriptions/26cfabf6-eb15-4de5-ae51-f2218958bd5f/providers/Microsoft.Web/geoRegions/Korea Central\",\"name\":\"Korea Central\",\"type\":\"Microsoft.Web/geoRegions\",\"properties\":{\"name\":\"Korea Central\",\"description\":null,\"sortOrder\":2147483647,\"displayName\":\"Korea Central\",\"orgDomain\":\"PUBLIC;DREAMSPARK;MSFTPUBLIC;FUNCTIONS;DYNAMIC;LINUX;LINUXDSERIES;ELASTICPREMIUM;LINUXFREE;DSERIES;LINUXDYNAMIC;ELASTICLINUX;XENON;XENONV3;WINDOWSV3;LINUXV3\"}},{\"id\":\"/subscriptions/26cfabf6-eb15-4de5-ae51-f2218958bd5f/providers/Microsoft.Web/geoRegions/France Central\",\"name\":\"France Central\",\"type\":\"Microsoft.Web/geoRegions\",\"properties\":{\"name\":\"France Central\",\"description\":null,\"sortOrder\":2147483647,\"displayName\":\"France Central\",\"orgDomain\":\"PUBLIC;MSFTPUBLIC;DSERIES;DYNAMIC;LINUX;LINUXDSERIES;ELASTICPREMIUM;LINUXFREE;LINUXDYNAMIC;ELASTICLINUX;XENON;XENONV3;WINDOWSV3;LINUXV3\"}},{\"id\":\"/subscriptions/26cfabf6-eb15-4de5-ae51-f2218958bd5f/providers/Microsoft.Web/geoRegions/Australia Central 2\",\"name\":\"Australia Central 2\",\"type\":\"Microsoft.Web/geoRegions\",\"properties\":{\"name\":\"Australia Central 2\",\"description\":null,\"sortOrder\":2147483647,\"displayName\":\"Australia Central 2\",\"orgDomain\":\"PUBLIC;FUNCTIONS;DYNAMIC;DSERIES;LINUX;LINUXDSERIES;LINUXFREE;ELASTICPREMIUM\"}},{\"id\":\"/subscriptions/26cfabf6-eb15-4de5-ae51-f2218958bd5f/providers/Microsoft.Web/geoRegions/Australia Central\",\"name\":\"Australia Central\",\"type\":\"Microsoft.Web/geoRegions\",\"properties\":{\"name\":\"Australia Central\",\"description\":null,\"sortOrder\":2147483647,\"displayName\":\"Australia Central\",\"orgDomain\":\"PUBLIC;FUNCTIONS;DYNAMIC;DSERIES;LINUX;LINUXDSERIES;LINUXFREE;ELASTICPREMIUM;ELASTICLINUX\"}},{\"id\":\"/subscriptions/26cfabf6-eb15-4de5-ae51-f2218958bd5f/providers/Microsoft.Web/geoRegions/South Africa North\",\"name\":\"South Africa North\",\"type\":\"Microsoft.Web/geoRegions\",\"properties\":{\"name\":\"South Africa North\",\"description\":null,\"sortOrder\":2147483647,\"displayName\":\"South Africa North\",\"orgDomain\":\"PUBLIC;MSFTPUBLIC;FUNCTIONS;DYNAMIC;LINUX;LINUXDSERIES;DSERIES;ELASTICPREMIUM;ELASTICLINUX;XENON;XENONV3;WINDOWSV3;LINUXV3\"}},{\"id\":\"/subscriptions/26cfabf6-eb15-4de5-ae51-f2218958bd5f/providers/Microsoft.Web/geoRegions/Switzerland North\",\"name\":\"Switzerland North\",\"type\":\"Microsoft.Web/geoRegions\",\"properties\":{\"name\":\"Switzerland North\",\"description\":null,\"sortOrder\":2147483647,\"displayName\":\"Switzerland North\",\"orgDomain\":\"PUBLIC;DSERIES;LINUX;LINUXDSERIES;LINUXFREE;FUNCTIONS;DYNAMIC;LINUXDYNAMIC;ELASTICPREMIUM;ELASTICLINUX;XENON;XENONV3;WINDOWSV3;LINUXV3\"}},{\"id\":\"/subscriptions/26cfabf6-eb15-4de5-ae51-f2218958bd5f/providers/Microsoft.Web/geoRegions/Germany West Central\",\"name\":\"Germany West Central\",\"type\":\"Microsoft.Web/geoRegions\",\"properties\":{\"name\":\"Germany West Central\",\"description\":null,\"sortOrder\":2147483647,\"displayName\":\"Germany West Central\",\"orgDomain\":\"PUBLIC;DSERIES;LINUX;LINUXDSERIES;ELASTICPREMIUM;FUNCTIONS;DYNAMIC;ELASTICLINUX;LINUXDYNAMIC;XENON;XENONV3;WINDOWSV3;LINUXV3\"}},{\"id\":\"/subscriptions/26cfabf6-eb15-4de5-ae51-f2218958bd5f/providers/Microsoft.Web/geoRegions/Switzerland West\",\"name\":\"Switzerland West\",\"type\":\"Microsoft.Web/geoRegions\",\"properties\":{\"name\":\"Switzerland West\",\"description\":null,\"sortOrder\":2147483647,\"displayName\":\"Switzerland West\",\"orgDomain\":\"PUBLIC;DSERIES;LINUX;LINUXDSERIES;LINUXFREE;FUNCTIONS;DYNAMIC;ELASTICPREMIUM;ELASTICLINUX\"}},{\"id\":\"/subscriptions/26cfabf6-eb15-4de5-ae51-f2218958bd5f/providers/Microsoft.Web/geoRegions/UAE North\",\"name\":\"UAE North\",\"type\":\"Microsoft.Web/geoRegions\",\"properties\":{\"name\":\"UAE North\",\"description\":null,\"sortOrder\":2147483647,\"displayName\":\"UAE North\",\"orgDomain\":\"PUBLIC;DSERIES;LINUX;LINUXDSERIES;LINUXFREE;FUNCTIONS;DYNAMIC;LINUXDYNAMIC;ELASTICPREMIUM;ELASTICLINUX;XENON;XENONV3;WINDOWSV3;LINUXV3\"}},{\"id\":\"/subscriptions/26cfabf6-eb15-4de5-ae51-f2218958bd5f/providers/Microsoft.Web/geoRegions/Norway East\",\"name\":\"Norway East\",\"type\":\"Microsoft.Web/geoRegions\",\"properties\":{\"name\":\"Norway East\",\"description\":null,\"sortOrder\":2147483647,\"displayName\":\"Norway East\",\"orgDomain\":\"PUBLIC;LINUX;LINUXDSERIES;DSERIES;ELASTICLINUX;ELASTICPREMIUM;FUNCTIONS;DYNAMIC;XENON;XENONV3;WINDOWSV3;LINUXV3\"}},{\"id\":\"/subscriptions/26cfabf6-eb15-4de5-ae51-f2218958bd5f/providers/Microsoft.Web/geoRegions/West US 3\",\"name\":\"West US 3\",\"type\":\"Microsoft.Web/geoRegions\",\"properties\":{\"name\":\"West US 3\",\"description\":null,\"sortOrder\":2147483647,\"displayName\":\"West US 3\",\"orgDomain\":\"PUBLIC;DSERIES;LINUX;LINUXDSERIES;XENON;XENONV3;WINDOWSV3;LINUXV3;ELASTICPREMIUM;ELASTICLINUX;FUNCTIONS;DYNAMIC\"}},{\"id\":\"/subscriptions/26cfabf6-eb15-4de5-ae51-f2218958bd5f/providers/Microsoft.Web/geoRegions/Jio India West\",\"name\":\"Jio India West\",\"type\":\"Microsoft.Web/geoRegions\",\"properties\":{\"name\":\"Jio India West\",\"description\":null,\"sortOrder\":2147483647,\"displayName\":\"Jio India West\",\"orgDomain\":\"PUBLIC;DSERIES;LINUX;LINUXDSERIES;ELASTICPREMIUM;ELASTICLINUX;FUNCTIONS;DYNAMIC\"}}],\"nextLink\":null,\"id\":null}",
      "isContentBase64": false
    }
  },
  "Get-AzFunctionAppAvailableLocation+[NoContext]+Validate output for -PlanType Premium -OSType Linux+$GET+https://management.azure.com/subscriptions/26cfabf6-eb15-4de5-ae51-f2218958bd5f/providers/Microsoft.Web/geoRegions?sku=ElasticPremium\u0026linuxWorkersEnabled=True\u0026api-version=2019-08-01+1": {
    "Request": {
      "Method": "GET",
      "RequestUri": "https://management.azure.com/subscriptions/26cfabf6-eb15-4de5-ae51-f2218958bd5f/providers/Microsoft.Web/geoRegions?sku=ElasticPremium\u0026linuxWorkersEnabled=True\u0026api-version=2019-08-01",
      "Content": null,
      "isContentBase64": false,
      "Headers": {
        "x-ms-unique-id": [ "78" ],
        "x-ms-client-request-id": [ "82eb3a9f-51db-4f77-9d6e-c66e8a6d58db" ],
        "CommandName": [ "Az.Functions.internal\\Get-AzFunctionAppAvailableLocation" ],
        "FullCommandName": [ "Get-AzFunctionAppAvailableLocation_List" ],
        "ParameterSetName": [ "__AllParameterSets" ],
        "User-Agent": [ "AzurePowershell/v6.5.0", "PSVersion/v7.0.6" ],
        "Authorization": [ "[Filtered]" ]
      },
      "ContentHeaders": {
      }
    },
    "Response": {
      "StatusCode": 200,
      "Headers": {
        "Cache-Control": [ "no-cache" ],
        "Pragma": [ "no-cache" ],
        "Strict-Transport-Security": [ "max-age=31536000; includeSubDomains" ],
        "x-ms-request-id": [ "2b3edd89-a7bb-48e4-8840-483e03967018" ],
        "Server": [ "Microsoft-IIS/10.0" ],
        "X-AspNet-Version": [ "4.0.30319" ],
        "X-Powered-By": [ "ASP.NET" ],
        "x-ms-ratelimit-remaining-subscription-reads": [ "11951" ],
        "x-ms-correlation-request-id": [ "04bfefd7-d094-445d-a602-bcf51d1ecd62" ],
        "x-ms-routing-request-id": [ "WESTUS:20211029T035450Z:04bfefd7-d094-445d-a602-bcf51d1ecd62" ],
        "X-Content-Type-Options": [ "nosniff" ],
        "Date": [ "Fri, 29 Oct 2021 03:54:50 GMT" ]
      },
      "ContentHeaders": {
        "Content-Length": [ "15327" ],
        "Content-Type": [ "application/json" ],
        "Expires": [ "-1" ]
      },
      "Content": "{\"value\":[{\"id\":\"/subscriptions/26cfabf6-eb15-4de5-ae51-f2218958bd5f/providers/Microsoft.Web/geoRegions/Central US\",\"name\":\"Central US\",\"type\":\"Microsoft.Web/geoRegions\",\"properties\":{\"name\":\"Central US\",\"description\":null,\"sortOrder\":0,\"displayName\":\"Central US\",\"orgDomain\":\"PUBLIC;DREAMSPARK;MSFTPUBLIC;FUNCTIONS;DYNAMIC;DSERIES;LINUX;LINUXDSERIES;ELASTICPREMIUM;LINUXFREE;LINUXDYNAMIC;ELASTICLINUX;XENON;XENONV3;WINDOWSV3;LINUXV3\"}},{\"id\":\"/subscriptions/26cfabf6-eb15-4de5-ae51-f2218958bd5f/providers/Microsoft.Web/geoRegions/North Europe\",\"name\":\"North Europe\",\"type\":\"Microsoft.Web/geoRegions\",\"properties\":{\"name\":\"North Europe\",\"description\":null,\"sortOrder\":1,\"displayName\":\"North Europe\",\"orgDomain\":\"PUBLIC;DREAMSPARK;MSFTPUBLIC;FUNCTIONS;DYNAMIC;DSERIES;LINUX;LINUXDSERIES;XENON;ELASTICPREMIUM;LINUXFREE;ELASTICLINUX;LINUXDYNAMIC;XENON;XENONV3;WINDOWSV3;LINUXV3\"}},{\"id\":\"/subscriptions/26cfabf6-eb15-4de5-ae51-f2218958bd5f/providers/Microsoft.Web/geoRegions/West Europe\",\"name\":\"West Europe\",\"type\":\"Microsoft.Web/geoRegions\",\"properties\":{\"name\":\"West Europe\",\"description\":null,\"sortOrder\":2,\"displayName\":\"West Europe\",\"orgDomain\":\"PUBLIC;DREAMSPARK;MSFTPUBLIC;FUNCTIONS;DYNAMIC;LINUX;DSERIES;LINUXDSERIES;XENON;SFCONTAINERS;LINUXDYNAMIC;ELASTICPREMIUM;ELASTICLINUX;LINUXFREE;XENON;XENONV3;WINDOWSV3;LINUXV3\"}},{\"id\":\"/subscriptions/26cfabf6-eb15-4de5-ae51-f2218958bd5f/providers/Microsoft.Web/geoRegions/Southeast Asia\",\"name\":\"Southeast Asia\",\"type\":\"Microsoft.Web/geoRegions\",\"properties\":{\"name\":\"Southeast Asia\",\"description\":null,\"sortOrder\":3,\"displayName\":\"Southeast Asia\",\"orgDomain\":\"PUBLIC;DREAMSPARK;MSFTPUBLIC;FUNCTIONS;DYNAMIC;LINUX;DSERIES;LINUXDSERIES;XENON;ELASTICPREMIUM;LINUXFREE;ELASTICLINUX;LINUXDYNAMIC;XENON;XENONV3;WINDOWSV3;LINUXV3\"}},{\"id\":\"/subscriptions/26cfabf6-eb15-4de5-ae51-f2218958bd5f/providers/Microsoft.Web/geoRegions/East Asia\",\"name\":\"East Asia\",\"type\":\"Microsoft.Web/geoRegions\",\"properties\":{\"name\":\"East Asia\",\"description\":null,\"sortOrder\":4,\"displayName\":\"East Asia\",\"orgDomain\":\"PUBLIC;DREAMSPARK;MSFTPUBLIC;FUNCTIONS;DYNAMIC;LINUX;DSERIES;LINUXDSERIES;SFCONTAINERS;LINUXDYNAMIC;ELASTICPREMIUM;LINUXFREE;ELASTICLINUX;XENON;XENONV3;WINDOWSV3;LINUXV3\"}},{\"id\":\"/subscriptions/26cfabf6-eb15-4de5-ae51-f2218958bd5f/providers/Microsoft.Web/geoRegions/West US\",\"name\":\"West US\",\"type\":\"Microsoft.Web/geoRegions\",\"properties\":{\"name\":\"West US\",\"description\":null,\"sortOrder\":5,\"displayName\":\"West US\",\"orgDomain\":\"PUBLIC;DREAMSPARK;MSFTPUBLIC;FUNCTIONS;DYNAMIC;LINUX;DSERIES;LINUXDSERIES;XENON;ELASTICPREMIUM;LINUXFREE;ELASTICLINUX;LINUXDYNAMIC;XENON;XENONV3;WINDOWSV3;LINUXV3\"}},{\"id\":\"/subscriptions/26cfabf6-eb15-4de5-ae51-f2218958bd5f/providers/Microsoft.Web/geoRegions/East US\",\"name\":\"East US\",\"type\":\"Microsoft.Web/geoRegions\",\"properties\":{\"name\":\"East US\",\"description\":null,\"sortOrder\":6,\"displayName\":\"East US\",\"orgDomain\":\"PUBLIC;DREAMSPARK;MSFTPUBLIC;FUNCTIONS;DYNAMIC;LINUX;DSERIES;FAKEORG;LINUXDSERIES;XENON;SFCONTAINERS;LINUXDYNAMIC;LINUXFREE;ELASTICLINUX;ELASTICPREMIUM;XENON;XENONV3;WINDOWSV3;LINUXV3\"}},{\"id\":\"/subscriptions/26cfabf6-eb15-4de5-ae51-f2218958bd5f/providers/Microsoft.Web/geoRegions/Japan West\",\"name\":\"Japan West\",\"type\":\"Microsoft.Web/geoRegions\",\"properties\":{\"name\":\"Japan West\",\"description\":null,\"sortOrder\":7,\"displayName\":\"Japan West\",\"orgDomain\":\"PUBLIC;DREAMSPARK;MSFTPUBLIC;FUNCTIONS;DYNAMIC;LINUX;DSERIES;LINUXDSERIES;ELASTICPREMIUM;LINUXFREE;ELASTICLINUX;LINUXDYNAMIC\"}},{\"id\":\"/subscriptions/26cfabf6-eb15-4de5-ae51-f2218958bd5f/providers/Microsoft.Web/geoRegions/Japan East\",\"name\":\"Japan East\",\"type\":\"Microsoft.Web/geoRegions\",\"properties\":{\"name\":\"Japan East\",\"description\":null,\"sortOrder\":8,\"displayName\":\"Japan East\",\"orgDomain\":\"PUBLIC;DREAMSPARK;MSFTPUBLIC;FUNCTIONS;DYNAMIC;LINUX;DSERIES;LINUXDSERIES;LINUXFREE;ELASTICLINUX;ELASTICPREMIUM;LINUXDYNAMIC;XENON;XENONV3;WINDOWSV3;LINUXV3\"}},{\"id\":\"/subscriptions/26cfabf6-eb15-4de5-ae51-f2218958bd5f/providers/Microsoft.Web/geoRegions/East US 2\",\"name\":\"East US 2\",\"type\":\"Microsoft.Web/geoRegions\",\"properties\":{\"name\":\"East US 2\",\"description\":null,\"sortOrder\":9,\"displayName\":\"East US 2\",\"orgDomain\":\"PUBLIC;DREAMSPARK;MSFTPUBLIC;FUNCTIONS;DYNAMIC;DSERIES;LINUX;LINUXDSERIES;ELASTICPREMIUM;LINUXFREE;LINUXDYNAMIC;ELASTICLINUX;XENON;XENONV3;WINDOWSV3;LINUXV3\"}},{\"id\":\"/subscriptions/26cfabf6-eb15-4de5-ae51-f2218958bd5f/providers/Microsoft.Web/geoRegions/North Central US\",\"name\":\"North Central US\",\"type\":\"Microsoft.Web/geoRegions\",\"properties\":{\"name\":\"North Central US\",\"description\":null,\"sortOrder\":10,\"displayName\":\"North Central US\",\"orgDomain\":\"PUBLIC;DREAMSPARK;MSFTPUBLIC;FUNCTIONS;DYNAMIC;LINUX;DSERIES;LINUXDSERIES;LINUXFREE;ELASTICPREMIUM;ELASTICLINUX;LINUXDYNAMIC;XENON;XENONV3;WINDOWSV3;LINUXV3\"}},{\"id\":\"/subscriptions/26cfabf6-eb15-4de5-ae51-f2218958bd5f/providers/Microsoft.Web/geoRegions/South Central US\",\"name\":\"South Central US\",\"type\":\"Microsoft.Web/geoRegions\",\"properties\":{\"name\":\"South Central US\",\"description\":null,\"sortOrder\":11,\"displayName\":\"South Central US\",\"orgDomain\":\"PUBLIC;DREAMSPARK;MSFTPUBLIC;FUNCTIONS;DYNAMIC;DSERIES;LINUX;LINUXDSERIES;ELASTICPREMIUM;LINUXFREE;LINUXDYNAMIC;ELASTICLINUX;XENON;XENONV3;WINDOWSV3;LINUXV3\"}},{\"id\":\"/subscriptions/26cfabf6-eb15-4de5-ae51-f2218958bd5f/providers/Microsoft.Web/geoRegions/Brazil South\",\"name\":\"Brazil South\",\"type\":\"Microsoft.Web/geoRegions\",\"properties\":{\"name\":\"Brazil South\",\"description\":null,\"sortOrder\":12,\"displayName\":\"Brazil South\",\"orgDomain\":\"PUBLIC;DREAMSPARK;MSFTPUBLIC;FUNCTIONS;DYNAMIC;LINUX;DSERIES;LINUXDSERIES;LINUXFREE;ELASTICPREMIUM;LINUXDYNAMIC;ELASTICLINUX;XENON;XENONV3;WINDOWSV3;LINUXV3\"}},{\"id\":\"/subscriptions/26cfabf6-eb15-4de5-ae51-f2218958bd5f/providers/Microsoft.Web/geoRegions/Australia East\",\"name\":\"Australia East\",\"type\":\"Microsoft.Web/geoRegions\",\"properties\":{\"name\":\"Australia East\",\"description\":null,\"sortOrder\":13,\"displayName\":\"Australia East\",\"orgDomain\":\"PUBLIC;DREAMSPARK;MSFTPUBLIC;FUNCTIONS;DYNAMIC;LINUX;DSERIES;LINUXDSERIES;XENON;ELASTICPREMIUM;LINUXFREE;LINUXDYNAMIC;ELASTICLINUX;XENON;XENONV3;WINDOWSV3;LINUXV3\"}},{\"id\":\"/subscriptions/26cfabf6-eb15-4de5-ae51-f2218958bd5f/providers/Microsoft.Web/geoRegions/Australia Southeast\",\"name\":\"Australia Southeast\",\"type\":\"Microsoft.Web/geoRegions\",\"properties\":{\"name\":\"Australia Southeast\",\"description\":null,\"sortOrder\":14,\"displayName\":\"Australia Southeast\",\"orgDomain\":\"PUBLIC;DREAMSPARK;MSFTPUBLIC;FUNCTIONS;DYNAMIC;DSERIES;LINUX;LINUXDSERIES;ELASTICPREMIUM;LINUXFREE;ELASTICLINUX;XENON;XENONV3;WINDOWSV3;LINUXV3;LINUXDYNAMIC\"}},{\"id\":\"/subscriptions/26cfabf6-eb15-4de5-ae51-f2218958bd5f/providers/Microsoft.Web/geoRegions/North Central US (Stage)\",\"name\":\"North Central US (Stage)\",\"type\":\"Microsoft.Web/geoRegions\",\"properties\":{\"name\":\"North Central US (Stage)\",\"description\":null,\"sortOrder\":2147483647,\"displayName\":\"North Central US (Stage)\",\"orgDomain\":\"MSFTINT;LINUX;LINUXFREE;LINUXDYNAMIC;DSERIES;ELASTICPREMIUM;ELASTICLINUX;LINUXV3\"}},{\"id\":\"/subscriptions/26cfabf6-eb15-4de5-ae51-f2218958bd5f/providers/Microsoft.Web/geoRegions/Central India\",\"name\":\"Central India\",\"type\":\"Microsoft.Web/geoRegions\",\"properties\":{\"name\":\"Central India\",\"description\":null,\"sortOrder\":2147483647,\"displayName\":\"Central India\",\"orgDomain\":\"PUBLIC;DREAMSPARK;MSFTPUBLIC;FUNCTIONS;DYNAMIC;LINUX;DSERIES;LINUXDSERIES;LINUXDYNAMIC;ELASTICPREMIUM;ELASTICLINUX;XENON;XENONV3;WINDOWSV3;LINUXV3\"}},{\"id\":\"/subscriptions/26cfabf6-eb15-4de5-ae51-f2218958bd5f/providers/Microsoft.Web/geoRegions/West India\",\"name\":\"West India\",\"type\":\"Microsoft.Web/geoRegions\",\"properties\":{\"name\":\"West India\",\"description\":null,\"sortOrder\":2147483647,\"displayName\":\"West India\",\"orgDomain\":\"PUBLIC;DREAMSPARK;MSFTPUBLIC;FUNCTIONS;DYNAMIC;LINUX;DSERIES;LINUXDSERIES;ELASTICPREMIUM;LINUXDYNAMIC;ELASTICLINUX\"}},{\"id\":\"/subscriptions/26cfabf6-eb15-4de5-ae51-f2218958bd5f/providers/Microsoft.Web/geoRegions/Canada Central\",\"name\":\"Canada Central\",\"type\":\"Microsoft.Web/geoRegions\",\"properties\":{\"name\":\"Canada Central\",\"description\":null,\"sortOrder\":2147483647,\"displayName\":\"Canada Central\",\"orgDomain\":\"PUBLIC;DREAMSPARK;MSFTPUBLIC;FUNCTIONS;DYNAMIC;DSERIES;LINUX;LINUXDSERIES;ELASTICPREMIUM;LINUXFREE;ELASTICLINUX;XENON;XENONV3;WINDOWSV3;LINUXV3\"}},{\"id\":\"/subscriptions/26cfabf6-eb15-4de5-ae51-f2218958bd5f/providers/Microsoft.Web/geoRegions/West Central US\",\"name\":\"West Central US\",\"type\":\"Microsoft.Web/geoRegions\",\"properties\":{\"name\":\"West Central US\",\"description\":null,\"sortOrder\":2147483647,\"displayName\":\"West Central US\",\"orgDomain\":\"PUBLIC;FUNCTIONS;DYNAMIC;LINUX;DSERIES;LINUXDSERIES;ELASTICLINUX;ELASTICPREMIUM;MSFTPUBLIC;XENON;XENONV3;WINDOWSV3;LINUXV3\"}},{\"id\":\"/subscriptions/26cfabf6-eb15-4de5-ae51-f2218958bd5f/providers/Microsoft.Web/geoRegions/West US 2\",\"name\":\"West US 2\",\"type\":\"Microsoft.Web/geoRegions\",\"properties\":{\"name\":\"West US 2\",\"description\":null,\"sortOrder\":2147483647,\"displayName\":\"West US 2\",\"orgDomain\":\"PUBLIC;DREAMSPARK;MSFTPUBLIC;FUNCTIONS;DYNAMIC;LINUX;DSERIES;LINUXDSERIES;LINUXFREE;LINUXDYNAMIC;ELASTICPREMIUM;ELASTICLINUX;XENON;XENONV3;WINDOWSV3;LINUXV3\"}},{\"id\":\"/subscriptions/26cfabf6-eb15-4de5-ae51-f2218958bd5f/providers/Microsoft.Web/geoRegions/UK West\",\"name\":\"UK West\",\"type\":\"Microsoft.Web/geoRegions\",\"properties\":{\"name\":\"UK West\",\"description\":null,\"sortOrder\":2147483647,\"displayName\":\"UK West\",\"orgDomain\":\"PUBLIC;MSFTPUBLIC;FUNCTIONS;DYNAMIC;DSERIES;LINUX;LINUXDSERIES;ELASTICPREMIUM;LINUXDYNAMIC;ELASTICLINUX;XENON;XENONV3;WINDOWSV3;LINUXV3\"}},{\"id\":\"/subscriptions/26cfabf6-eb15-4de5-ae51-f2218958bd5f/providers/Microsoft.Web/geoRegions/UK South\",\"name\":\"UK South\",\"type\":\"Microsoft.Web/geoRegions\",\"properties\":{\"name\":\"UK South\",\"description\":null,\"sortOrder\":2147483647,\"displayName\":\"UK South\",\"orgDomain\":\"PUBLIC;MSFTPUBLIC;DYNAMIC;DSERIES;LINUX;LINUXDSERIES;LINUXFREE;LINUXDYNAMIC;ELASTICPREMIUM;ELASTICLINUX;XENON;XENONV3;WINDOWSV3;LINUXV3\"}},{\"id\":\"/subscriptions/26cfabf6-eb15-4de5-ae51-f2218958bd5f/providers/Microsoft.Web/geoRegions/East US 2 EUAP\",\"name\":\"East US 2 EUAP\",\"type\":\"Microsoft.Web/geoRegions\",\"properties\":{\"name\":\"East US 2 EUAP\",\"description\":null,\"sortOrder\":2147483647,\"displayName\":\"East US 2 EUAP\",\"orgDomain\":\"EUAP;XENON;DSERIES;LINUXDSERIES;ELASTICPREMIUM;FUNCTIONS;DYNAMIC;LINUX;LINUXFREE;ELASTICLINUX;WINDOWSV3;XENONV3;LINUXV3;LINUXDYNAMIC\"}},{\"id\":\"/subscriptions/26cfabf6-eb15-4de5-ae51-f2218958bd5f/providers/Microsoft.Web/geoRegions/Central US EUAP\",\"name\":\"Central US EUAP\",\"type\":\"Microsoft.Web/geoRegions\",\"properties\":{\"name\":\"Central US EUAP\",\"description\":null,\"sortOrder\":2147483647,\"displayName\":\"Central US EUAP\",\"orgDomain\":\"EUAP;LINUX;DSERIES;LINUXDSERIES;ELASTICPREMIUM;LINUXFREE;ELASTICLINUX;LINUXDYNAMIC;DYNAMIC\"}},{\"id\":\"/subscriptions/26cfabf6-eb15-4de5-ae51-f2218958bd5f/providers/Microsoft.Web/geoRegions/Korea Central\",\"name\":\"Korea Central\",\"type\":\"Microsoft.Web/geoRegions\",\"properties\":{\"name\":\"Korea Central\",\"description\":null,\"sortOrder\":2147483647,\"displayName\":\"Korea Central\",\"orgDomain\":\"PUBLIC;DREAMSPARK;MSFTPUBLIC;FUNCTIONS;DYNAMIC;LINUX;LINUXDSERIES;ELASTICPREMIUM;LINUXFREE;DSERIES;LINUXDYNAMIC;ELASTICLINUX;XENON;XENONV3;WINDOWSV3;LINUXV3\"}},{\"id\":\"/subscriptions/26cfabf6-eb15-4de5-ae51-f2218958bd5f/providers/Microsoft.Web/geoRegions/France Central\",\"name\":\"France Central\",\"type\":\"Microsoft.Web/geoRegions\",\"properties\":{\"name\":\"France Central\",\"description\":null,\"sortOrder\":2147483647,\"displayName\":\"France Central\",\"orgDomain\":\"PUBLIC;MSFTPUBLIC;DSERIES;DYNAMIC;LINUX;LINUXDSERIES;ELASTICPREMIUM;LINUXFREE;LINUXDYNAMIC;ELASTICLINUX;XENON;XENONV3;WINDOWSV3;LINUXV3\"}},{\"id\":\"/subscriptions/26cfabf6-eb15-4de5-ae51-f2218958bd5f/providers/Microsoft.Web/geoRegions/Australia Central\",\"name\":\"Australia Central\",\"type\":\"Microsoft.Web/geoRegions\",\"properties\":{\"name\":\"Australia Central\",\"description\":null,\"sortOrder\":2147483647,\"displayName\":\"Australia Central\",\"orgDomain\":\"PUBLIC;FUNCTIONS;DYNAMIC;DSERIES;LINUX;LINUXDSERIES;LINUXFREE;ELASTICPREMIUM;ELASTICLINUX\"}},{\"id\":\"/subscriptions/26cfabf6-eb15-4de5-ae51-f2218958bd5f/providers/Microsoft.Web/geoRegions/South Africa North\",\"name\":\"South Africa North\",\"type\":\"Microsoft.Web/geoRegions\",\"properties\":{\"name\":\"South Africa North\",\"description\":null,\"sortOrder\":2147483647,\"displayName\":\"South Africa North\",\"orgDomain\":\"PUBLIC;MSFTPUBLIC;FUNCTIONS;DYNAMIC;LINUX;LINUXDSERIES;DSERIES;ELASTICPREMIUM;ELASTICLINUX;XENON;XENONV3;WINDOWSV3;LINUXV3\"}},{\"id\":\"/subscriptions/26cfabf6-eb15-4de5-ae51-f2218958bd5f/providers/Microsoft.Web/geoRegions/Switzerland North\",\"name\":\"Switzerland North\",\"type\":\"Microsoft.Web/geoRegions\",\"properties\":{\"name\":\"Switzerland North\",\"description\":null,\"sortOrder\":2147483647,\"displayName\":\"Switzerland North\",\"orgDomain\":\"PUBLIC;DSERIES;LINUX;LINUXDSERIES;LINUXFREE;FUNCTIONS;DYNAMIC;LINUXDYNAMIC;ELASTICPREMIUM;ELASTICLINUX;XENON;XENONV3;WINDOWSV3;LINUXV3\"}},{\"id\":\"/subscriptions/26cfabf6-eb15-4de5-ae51-f2218958bd5f/providers/Microsoft.Web/geoRegions/Germany West Central\",\"name\":\"Germany West Central\",\"type\":\"Microsoft.Web/geoRegions\",\"properties\":{\"name\":\"Germany West Central\",\"description\":null,\"sortOrder\":2147483647,\"displayName\":\"Germany West Central\",\"orgDomain\":\"PUBLIC;DSERIES;LINUX;LINUXDSERIES;ELASTICPREMIUM;FUNCTIONS;DYNAMIC;ELASTICLINUX;LINUXDYNAMIC;XENON;XENONV3;WINDOWSV3;LINUXV3\"}},{\"id\":\"/subscriptions/26cfabf6-eb15-4de5-ae51-f2218958bd5f/providers/Microsoft.Web/geoRegions/Switzerland West\",\"name\":\"Switzerland West\",\"type\":\"Microsoft.Web/geoRegions\",\"properties\":{\"name\":\"Switzerland West\",\"description\":null,\"sortOrder\":2147483647,\"displayName\":\"Switzerland West\",\"orgDomain\":\"PUBLIC;DSERIES;LINUX;LINUXDSERIES;LINUXFREE;FUNCTIONS;DYNAMIC;ELASTICPREMIUM;ELASTICLINUX\"}},{\"id\":\"/subscriptions/26cfabf6-eb15-4de5-ae51-f2218958bd5f/providers/Microsoft.Web/geoRegions/UAE North\",\"name\":\"UAE North\",\"type\":\"Microsoft.Web/geoRegions\",\"properties\":{\"name\":\"UAE North\",\"description\":null,\"sortOrder\":2147483647,\"displayName\":\"UAE North\",\"orgDomain\":\"PUBLIC;DSERIES;LINUX;LINUXDSERIES;LINUXFREE;FUNCTIONS;DYNAMIC;LINUXDYNAMIC;ELASTICPREMIUM;ELASTICLINUX;XENON;XENONV3;WINDOWSV3;LINUXV3\"}},{\"id\":\"/subscriptions/26cfabf6-eb15-4de5-ae51-f2218958bd5f/providers/Microsoft.Web/geoRegions/Norway East\",\"name\":\"Norway East\",\"type\":\"Microsoft.Web/geoRegions\",\"properties\":{\"name\":\"Norway East\",\"description\":null,\"sortOrder\":2147483647,\"displayName\":\"Norway East\",\"orgDomain\":\"PUBLIC;LINUX;LINUXDSERIES;DSERIES;ELASTICLINUX;ELASTICPREMIUM;FUNCTIONS;DYNAMIC;XENON;XENONV3;WINDOWSV3;LINUXV3\"}},{\"id\":\"/subscriptions/26cfabf6-eb15-4de5-ae51-f2218958bd5f/providers/Microsoft.Web/geoRegions/West US 3\",\"name\":\"West US 3\",\"type\":\"Microsoft.Web/geoRegions\",\"properties\":{\"name\":\"West US 3\",\"description\":null,\"sortOrder\":2147483647,\"displayName\":\"West US 3\",\"orgDomain\":\"PUBLIC;DSERIES;LINUX;LINUXDSERIES;XENON;XENONV3;WINDOWSV3;LINUXV3;ELASTICPREMIUM;ELASTICLINUX;FUNCTIONS;DYNAMIC\"}},{\"id\":\"/subscriptions/26cfabf6-eb15-4de5-ae51-f2218958bd5f/providers/Microsoft.Web/geoRegions/Jio India West\",\"name\":\"Jio India West\",\"type\":\"Microsoft.Web/geoRegions\",\"properties\":{\"name\":\"Jio India West\",\"description\":null,\"sortOrder\":2147483647,\"displayName\":\"Jio India West\",\"orgDomain\":\"PUBLIC;DSERIES;LINUX;LINUXDSERIES;ELASTICPREMIUM;ELASTICLINUX;FUNCTIONS;DYNAMIC\"}}],\"nextLink\":null,\"id\":null}",
      "isContentBase64": false
    }
  },
  "Get-AzFunctionAppAvailableLocation+[NoContext]+Validate output for -PlanType Premium -OSType Windows+$GET+https://management.azure.com/subscriptions/26cfabf6-eb15-4de5-ae51-f2218958bd5f/providers/Microsoft.Web/geoRegions?sku=ElasticPremium\u0026api-version=2019-08-01+1": {
    "Request": {
      "Method": "GET",
      "RequestUri": "https://management.azure.com/subscriptions/26cfabf6-eb15-4de5-ae51-f2218958bd5f/providers/Microsoft.Web/geoRegions?sku=ElasticPremium\u0026api-version=2019-08-01",
      "Content": null,
      "isContentBase64": false,
      "Headers": {
        "x-ms-unique-id": [ "79" ],
        "x-ms-client-request-id": [ "568abf50-b83d-4d5c-930a-891ae5421128" ],
        "CommandName": [ "Az.Functions.internal\\Get-AzFunctionAppAvailableLocation" ],
        "FullCommandName": [ "Get-AzFunctionAppAvailableLocation_List" ],
        "ParameterSetName": [ "__AllParameterSets" ],
        "User-Agent": [ "AzurePowershell/v6.5.0", "PSVersion/v7.0.6" ],
        "Authorization": [ "[Filtered]" ]
      },
      "ContentHeaders": {
      }
    },
    "Response": {
      "StatusCode": 200,
      "Headers": {
        "Cache-Control": [ "no-cache" ],
        "Pragma": [ "no-cache" ],
        "Strict-Transport-Security": [ "max-age=31536000; includeSubDomains" ],
        "x-ms-request-id": [ "bf732224-2f63-478f-a3cd-20b779cb8510" ],
        "Server": [ "Microsoft-IIS/10.0" ],
        "X-AspNet-Version": [ "4.0.30319" ],
        "X-Powered-By": [ "ASP.NET" ],
        "x-ms-ratelimit-remaining-subscription-reads": [ "11950" ],
        "x-ms-correlation-request-id": [ "4f03ab70-4174-4cf1-a6f7-9c4b3f8f78f4" ],
        "x-ms-routing-request-id": [ "WESTUS:20211029T035451Z:4f03ab70-4174-4cf1-a6f7-9c4b3f8f78f4" ],
        "X-Content-Type-Options": [ "nosniff" ],
        "Date": [ "Fri, 29 Oct 2021 03:54:50 GMT" ]
      },
      "ContentHeaders": {
        "Content-Length": [ "16508" ],
        "Content-Type": [ "application/json" ],
        "Expires": [ "-1" ]
      },
      "Content": "{\"value\":[{\"id\":\"/subscriptions/26cfabf6-eb15-4de5-ae51-f2218958bd5f/providers/Microsoft.Web/geoRegions/Central US\",\"name\":\"Central US\",\"type\":\"Microsoft.Web/geoRegions\",\"properties\":{\"name\":\"Central US\",\"description\":null,\"sortOrder\":0,\"displayName\":\"Central US\",\"orgDomain\":\"PUBLIC;DREAMSPARK;MSFTPUBLIC;FUNCTIONS;DYNAMIC;DSERIES;LINUX;LINUXDSERIES;ELASTICPREMIUM;LINUXFREE;LINUXDYNAMIC;ELASTICLINUX;XENON;XENONV3;WINDOWSV3;LINUXV3\"}},{\"id\":\"/subscriptions/26cfabf6-eb15-4de5-ae51-f2218958bd5f/providers/Microsoft.Web/geoRegions/North Europe\",\"name\":\"North Europe\",\"type\":\"Microsoft.Web/geoRegions\",\"properties\":{\"name\":\"North Europe\",\"description\":null,\"sortOrder\":1,\"displayName\":\"North Europe\",\"orgDomain\":\"PUBLIC;DREAMSPARK;MSFTPUBLIC;FUNCTIONS;DYNAMIC;DSERIES;LINUX;LINUXDSERIES;XENON;ELASTICPREMIUM;LINUXFREE;ELASTICLINUX;LINUXDYNAMIC;XENON;XENONV3;WINDOWSV3;LINUXV3\"}},{\"id\":\"/subscriptions/26cfabf6-eb15-4de5-ae51-f2218958bd5f/providers/Microsoft.Web/geoRegions/West Europe\",\"name\":\"West Europe\",\"type\":\"Microsoft.Web/geoRegions\",\"properties\":{\"name\":\"West Europe\",\"description\":null,\"sortOrder\":2,\"displayName\":\"West Europe\",\"orgDomain\":\"PUBLIC;DREAMSPARK;MSFTPUBLIC;FUNCTIONS;DYNAMIC;LINUX;DSERIES;LINUXDSERIES;XENON;SFCONTAINERS;LINUXDYNAMIC;ELASTICPREMIUM;ELASTICLINUX;LINUXFREE;XENON;XENONV3;WINDOWSV3;LINUXV3\"}},{\"id\":\"/subscriptions/26cfabf6-eb15-4de5-ae51-f2218958bd5f/providers/Microsoft.Web/geoRegions/Southeast Asia\",\"name\":\"Southeast Asia\",\"type\":\"Microsoft.Web/geoRegions\",\"properties\":{\"name\":\"Southeast Asia\",\"description\":null,\"sortOrder\":3,\"displayName\":\"Southeast Asia\",\"orgDomain\":\"PUBLIC;DREAMSPARK;MSFTPUBLIC;FUNCTIONS;DYNAMIC;LINUX;DSERIES;LINUXDSERIES;XENON;ELASTICPREMIUM;LINUXFREE;ELASTICLINUX;LINUXDYNAMIC;XENON;XENONV3;WINDOWSV3;LINUXV3\"}},{\"id\":\"/subscriptions/26cfabf6-eb15-4de5-ae51-f2218958bd5f/providers/Microsoft.Web/geoRegions/East Asia\",\"name\":\"East Asia\",\"type\":\"Microsoft.Web/geoRegions\",\"properties\":{\"name\":\"East Asia\",\"description\":null,\"sortOrder\":4,\"displayName\":\"East Asia\",\"orgDomain\":\"PUBLIC;DREAMSPARK;MSFTPUBLIC;FUNCTIONS;DYNAMIC;LINUX;DSERIES;LINUXDSERIES;SFCONTAINERS;LINUXDYNAMIC;ELASTICPREMIUM;LINUXFREE;ELASTICLINUX;XENON;XENONV3;WINDOWSV3;LINUXV3\"}},{\"id\":\"/subscriptions/26cfabf6-eb15-4de5-ae51-f2218958bd5f/providers/Microsoft.Web/geoRegions/West US\",\"name\":\"West US\",\"type\":\"Microsoft.Web/geoRegions\",\"properties\":{\"name\":\"West US\",\"description\":null,\"sortOrder\":5,\"displayName\":\"West US\",\"orgDomain\":\"PUBLIC;DREAMSPARK;MSFTPUBLIC;FUNCTIONS;DYNAMIC;LINUX;DSERIES;LINUXDSERIES;XENON;ELASTICPREMIUM;LINUXFREE;ELASTICLINUX;LINUXDYNAMIC;XENON;XENONV3;WINDOWSV3;LINUXV3\"}},{\"id\":\"/subscriptions/26cfabf6-eb15-4de5-ae51-f2218958bd5f/providers/Microsoft.Web/geoRegions/East US\",\"name\":\"East US\",\"type\":\"Microsoft.Web/geoRegions\",\"properties\":{\"name\":\"East US\",\"description\":null,\"sortOrder\":6,\"displayName\":\"East US\",\"orgDomain\":\"PUBLIC;DREAMSPARK;MSFTPUBLIC;FUNCTIONS;DYNAMIC;LINUX;DSERIES;FAKEORG;LINUXDSERIES;XENON;SFCONTAINERS;LINUXDYNAMIC;LINUXFREE;ELASTICLINUX;ELASTICPREMIUM;XENON;XENONV3;WINDOWSV3;LINUXV3\"}},{\"id\":\"/subscriptions/26cfabf6-eb15-4de5-ae51-f2218958bd5f/providers/Microsoft.Web/geoRegions/Japan West\",\"name\":\"Japan West\",\"type\":\"Microsoft.Web/geoRegions\",\"properties\":{\"name\":\"Japan West\",\"description\":null,\"sortOrder\":7,\"displayName\":\"Japan West\",\"orgDomain\":\"PUBLIC;DREAMSPARK;MSFTPUBLIC;FUNCTIONS;DYNAMIC;LINUX;DSERIES;LINUXDSERIES;ELASTICPREMIUM;LINUXFREE;ELASTICLINUX;LINUXDYNAMIC\"}},{\"id\":\"/subscriptions/26cfabf6-eb15-4de5-ae51-f2218958bd5f/providers/Microsoft.Web/geoRegions/Japan East\",\"name\":\"Japan East\",\"type\":\"Microsoft.Web/geoRegions\",\"properties\":{\"name\":\"Japan East\",\"description\":null,\"sortOrder\":8,\"displayName\":\"Japan East\",\"orgDomain\":\"PUBLIC;DREAMSPARK;MSFTPUBLIC;FUNCTIONS;DYNAMIC;LINUX;DSERIES;LINUXDSERIES;LINUXFREE;ELASTICLINUX;ELASTICPREMIUM;LINUXDYNAMIC;XENON;XENONV3;WINDOWSV3;LINUXV3\"}},{\"id\":\"/subscriptions/26cfabf6-eb15-4de5-ae51-f2218958bd5f/providers/Microsoft.Web/geoRegions/East US 2\",\"name\":\"East US 2\",\"type\":\"Microsoft.Web/geoRegions\",\"properties\":{\"name\":\"East US 2\",\"description\":null,\"sortOrder\":9,\"displayName\":\"East US 2\",\"orgDomain\":\"PUBLIC;DREAMSPARK;MSFTPUBLIC;FUNCTIONS;DYNAMIC;DSERIES;LINUX;LINUXDSERIES;ELASTICPREMIUM;LINUXFREE;LINUXDYNAMIC;ELASTICLINUX;XENON;XENONV3;WINDOWSV3;LINUXV3\"}},{\"id\":\"/subscriptions/26cfabf6-eb15-4de5-ae51-f2218958bd5f/providers/Microsoft.Web/geoRegions/North Central US\",\"name\":\"North Central US\",\"type\":\"Microsoft.Web/geoRegions\",\"properties\":{\"name\":\"North Central US\",\"description\":null,\"sortOrder\":10,\"displayName\":\"North Central US\",\"orgDomain\":\"PUBLIC;DREAMSPARK;MSFTPUBLIC;FUNCTIONS;DYNAMIC;LINUX;DSERIES;LINUXDSERIES;LINUXFREE;ELASTICPREMIUM;ELASTICLINUX;LINUXDYNAMIC;XENON;XENONV3;WINDOWSV3;LINUXV3\"}},{\"id\":\"/subscriptions/26cfabf6-eb15-4de5-ae51-f2218958bd5f/providers/Microsoft.Web/geoRegions/South Central US\",\"name\":\"South Central US\",\"type\":\"Microsoft.Web/geoRegions\",\"properties\":{\"name\":\"South Central US\",\"description\":null,\"sortOrder\":11,\"displayName\":\"South Central US\",\"orgDomain\":\"PUBLIC;DREAMSPARK;MSFTPUBLIC;FUNCTIONS;DYNAMIC;DSERIES;LINUX;LINUXDSERIES;ELASTICPREMIUM;LINUXFREE;LINUXDYNAMIC;ELASTICLINUX;XENON;XENONV3;WINDOWSV3;LINUXV3\"}},{\"id\":\"/subscriptions/26cfabf6-eb15-4de5-ae51-f2218958bd5f/providers/Microsoft.Web/geoRegions/Brazil South\",\"name\":\"Brazil South\",\"type\":\"Microsoft.Web/geoRegions\",\"properties\":{\"name\":\"Brazil South\",\"description\":null,\"sortOrder\":12,\"displayName\":\"Brazil South\",\"orgDomain\":\"PUBLIC;DREAMSPARK;MSFTPUBLIC;FUNCTIONS;DYNAMIC;LINUX;DSERIES;LINUXDSERIES;LINUXFREE;ELASTICPREMIUM;LINUXDYNAMIC;ELASTICLINUX;XENON;XENONV3;WINDOWSV3;LINUXV3\"}},{\"id\":\"/subscriptions/26cfabf6-eb15-4de5-ae51-f2218958bd5f/providers/Microsoft.Web/geoRegions/Australia East\",\"name\":\"Australia East\",\"type\":\"Microsoft.Web/geoRegions\",\"properties\":{\"name\":\"Australia East\",\"description\":null,\"sortOrder\":13,\"displayName\":\"Australia East\",\"orgDomain\":\"PUBLIC;DREAMSPARK;MSFTPUBLIC;FUNCTIONS;DYNAMIC;LINUX;DSERIES;LINUXDSERIES;XENON;ELASTICPREMIUM;LINUXFREE;LINUXDYNAMIC;ELASTICLINUX;XENON;XENONV3;WINDOWSV3;LINUXV3\"}},{\"id\":\"/subscriptions/26cfabf6-eb15-4de5-ae51-f2218958bd5f/providers/Microsoft.Web/geoRegions/Australia Southeast\",\"name\":\"Australia Southeast\",\"type\":\"Microsoft.Web/geoRegions\",\"properties\":{\"name\":\"Australia Southeast\",\"description\":null,\"sortOrder\":14,\"displayName\":\"Australia Southeast\",\"orgDomain\":\"PUBLIC;DREAMSPARK;MSFTPUBLIC;FUNCTIONS;DYNAMIC;DSERIES;LINUX;LINUXDSERIES;ELASTICPREMIUM;LINUXFREE;ELASTICLINUX;XENON;XENONV3;WINDOWSV3;LINUXV3;LINUXDYNAMIC\"}},{\"id\":\"/subscriptions/26cfabf6-eb15-4de5-ae51-f2218958bd5f/providers/Microsoft.Web/geoRegions/East Asia (Stage)\",\"name\":\"East Asia (Stage)\",\"type\":\"Microsoft.Web/geoRegions\",\"properties\":{\"name\":\"East Asia (Stage)\",\"description\":null,\"sortOrder\":2147483647,\"displayName\":\"East Asia (Stage)\",\"orgDomain\":\"MSFTINT;DSERIES;ELASTICPREMIUM;FUNCTIONS;DYNAMIC;XENON;LINUX;LINUXFREE;LINUXDYNAMIC;XENONV3;WINDOWSV3;LINUXV3\"}},{\"id\":\"/subscriptions/26cfabf6-eb15-4de5-ae51-f2218958bd5f/providers/Microsoft.Web/geoRegions/North Central US (Stage)\",\"name\":\"North Central US (Stage)\",\"type\":\"Microsoft.Web/geoRegions\",\"properties\":{\"name\":\"North Central US (Stage)\",\"description\":null,\"sortOrder\":2147483647,\"displayName\":\"North Central US (Stage)\",\"orgDomain\":\"MSFTINT;LINUX;LINUXFREE;LINUXDYNAMIC;DSERIES;ELASTICPREMIUM;ELASTICLINUX;LINUXV3\"}},{\"id\":\"/subscriptions/26cfabf6-eb15-4de5-ae51-f2218958bd5f/providers/Microsoft.Web/geoRegions/Central India\",\"name\":\"Central India\",\"type\":\"Microsoft.Web/geoRegions\",\"properties\":{\"name\":\"Central India\",\"description\":null,\"sortOrder\":2147483647,\"displayName\":\"Central India\",\"orgDomain\":\"PUBLIC;DREAMSPARK;MSFTPUBLIC;FUNCTIONS;DYNAMIC;LINUX;DSERIES;LINUXDSERIES;LINUXDYNAMIC;ELASTICPREMIUM;ELASTICLINUX;XENON;XENONV3;WINDOWSV3;LINUXV3\"}},{\"id\":\"/subscriptions/26cfabf6-eb15-4de5-ae51-f2218958bd5f/providers/Microsoft.Web/geoRegions/West India\",\"name\":\"West India\",\"type\":\"Microsoft.Web/geoRegions\",\"properties\":{\"name\":\"West India\",\"description\":null,\"sortOrder\":2147483647,\"displayName\":\"West India\",\"orgDomain\":\"PUBLIC;DREAMSPARK;MSFTPUBLIC;FUNCTIONS;DYNAMIC;LINUX;DSERIES;LINUXDSERIES;ELASTICPREMIUM;LINUXDYNAMIC;ELASTICLINUX\"}},{\"id\":\"/subscriptions/26cfabf6-eb15-4de5-ae51-f2218958bd5f/providers/Microsoft.Web/geoRegions/South India\",\"name\":\"South India\",\"type\":\"Microsoft.Web/geoRegions\",\"properties\":{\"name\":\"South India\",\"description\":null,\"sortOrder\":2147483647,\"displayName\":\"South India\",\"orgDomain\":\"PUBLIC;DREAMSPARK;MSFTPUBLIC;FUNCTIONS;DYNAMIC;DSERIES;LINUX;LINUXDSERIES;ELASTICPREMIUM\"}},{\"id\":\"/subscriptions/26cfabf6-eb15-4de5-ae51-f2218958bd5f/providers/Microsoft.Web/geoRegions/Canada Central\",\"name\":\"Canada Central\",\"type\":\"Microsoft.Web/geoRegions\",\"properties\":{\"name\":\"Canada Central\",\"description\":null,\"sortOrder\":2147483647,\"displayName\":\"Canada Central\",\"orgDomain\":\"PUBLIC;DREAMSPARK;MSFTPUBLIC;FUNCTIONS;DYNAMIC;DSERIES;LINUX;LINUXDSERIES;ELASTICPREMIUM;LINUXFREE;ELASTICLINUX;XENON;XENONV3;WINDOWSV3;LINUXV3\"}},{\"id\":\"/subscriptions/26cfabf6-eb15-4de5-ae51-f2218958bd5f/providers/Microsoft.Web/geoRegions/West Central US\",\"name\":\"West Central US\",\"type\":\"Microsoft.Web/geoRegions\",\"properties\":{\"name\":\"West Central US\",\"description\":null,\"sortOrder\":2147483647,\"displayName\":\"West Central US\",\"orgDomain\":\"PUBLIC;FUNCTIONS;DYNAMIC;LINUX;DSERIES;LINUXDSERIES;ELASTICLINUX;ELASTICPREMIUM;MSFTPUBLIC;XENON;XENONV3;WINDOWSV3;LINUXV3\"}},{\"id\":\"/subscriptions/26cfabf6-eb15-4de5-ae51-f2218958bd5f/providers/Microsoft.Web/geoRegions/West US 2\",\"name\":\"West US 2\",\"type\":\"Microsoft.Web/geoRegions\",\"properties\":{\"name\":\"West US 2\",\"description\":null,\"sortOrder\":2147483647,\"displayName\":\"West US 2\",\"orgDomain\":\"PUBLIC;DREAMSPARK;MSFTPUBLIC;FUNCTIONS;DYNAMIC;LINUX;DSERIES;LINUXDSERIES;LINUXFREE;LINUXDYNAMIC;ELASTICPREMIUM;ELASTICLINUX;XENON;XENONV3;WINDOWSV3;LINUXV3\"}},{\"id\":\"/subscriptions/26cfabf6-eb15-4de5-ae51-f2218958bd5f/providers/Microsoft.Web/geoRegions/UK West\",\"name\":\"UK West\",\"type\":\"Microsoft.Web/geoRegions\",\"properties\":{\"name\":\"UK West\",\"description\":null,\"sortOrder\":2147483647,\"displayName\":\"UK West\",\"orgDomain\":\"PUBLIC;MSFTPUBLIC;FUNCTIONS;DYNAMIC;DSERIES;LINUX;LINUXDSERIES;ELASTICPREMIUM;LINUXDYNAMIC;ELASTICLINUX;XENON;XENONV3;WINDOWSV3;LINUXV3\"}},{\"id\":\"/subscriptions/26cfabf6-eb15-4de5-ae51-f2218958bd5f/providers/Microsoft.Web/geoRegions/UK South\",\"name\":\"UK South\",\"type\":\"Microsoft.Web/geoRegions\",\"properties\":{\"name\":\"UK South\",\"description\":null,\"sortOrder\":2147483647,\"displayName\":\"UK South\",\"orgDomain\":\"PUBLIC;MSFTPUBLIC;DYNAMIC;DSERIES;LINUX;LINUXDSERIES;LINUXFREE;LINUXDYNAMIC;ELASTICPREMIUM;ELASTICLINUX;XENON;XENONV3;WINDOWSV3;LINUXV3\"}},{\"id\":\"/subscriptions/26cfabf6-eb15-4de5-ae51-f2218958bd5f/providers/Microsoft.Web/geoRegions/East US 2 EUAP\",\"name\":\"East US 2 EUAP\",\"type\":\"Microsoft.Web/geoRegions\",\"properties\":{\"name\":\"East US 2 EUAP\",\"description\":null,\"sortOrder\":2147483647,\"displayName\":\"East US 2 EUAP\",\"orgDomain\":\"EUAP;XENON;DSERIES;LINUXDSERIES;ELASTICPREMIUM;FUNCTIONS;DYNAMIC;LINUX;LINUXFREE;ELASTICLINUX;WINDOWSV3;XENONV3;LINUXV3;LINUXDYNAMIC\"}},{\"id\":\"/subscriptions/26cfabf6-eb15-4de5-ae51-f2218958bd5f/providers/Microsoft.Web/geoRegions/Central US EUAP\",\"name\":\"Central US EUAP\",\"type\":\"Microsoft.Web/geoRegions\",\"properties\":{\"name\":\"Central US EUAP\",\"description\":null,\"sortOrder\":2147483647,\"displayName\":\"Central US EUAP\",\"orgDomain\":\"EUAP;LINUX;DSERIES;LINUXDSERIES;ELASTICPREMIUM;LINUXFREE;ELASTICLINUX;LINUXDYNAMIC;DYNAMIC\"}},{\"id\":\"/subscriptions/26cfabf6-eb15-4de5-ae51-f2218958bd5f/providers/Microsoft.Web/geoRegions/Korea Central\",\"name\":\"Korea Central\",\"type\":\"Microsoft.Web/geoRegions\",\"properties\":{\"name\":\"Korea Central\",\"description\":null,\"sortOrder\":2147483647,\"displayName\":\"Korea Central\",\"orgDomain\":\"PUBLIC;DREAMSPARK;MSFTPUBLIC;FUNCTIONS;DYNAMIC;LINUX;LINUXDSERIES;ELASTICPREMIUM;LINUXFREE;DSERIES;LINUXDYNAMIC;ELASTICLINUX;XENON;XENONV3;WINDOWSV3;LINUXV3\"}},{\"id\":\"/subscriptions/26cfabf6-eb15-4de5-ae51-f2218958bd5f/providers/Microsoft.Web/geoRegions/France Central\",\"name\":\"France Central\",\"type\":\"Microsoft.Web/geoRegions\",\"properties\":{\"name\":\"France Central\",\"description\":null,\"sortOrder\":2147483647,\"displayName\":\"France Central\",\"orgDomain\":\"PUBLIC;MSFTPUBLIC;DSERIES;DYNAMIC;LINUX;LINUXDSERIES;ELASTICPREMIUM;LINUXFREE;LINUXDYNAMIC;ELASTICLINUX;XENON;XENONV3;WINDOWSV3;LINUXV3\"}},{\"id\":\"/subscriptions/26cfabf6-eb15-4de5-ae51-f2218958bd5f/providers/Microsoft.Web/geoRegions/Australia Central 2\",\"name\":\"Australia Central 2\",\"type\":\"Microsoft.Web/geoRegions\",\"properties\":{\"name\":\"Australia Central 2\",\"description\":null,\"sortOrder\":2147483647,\"displayName\":\"Australia Central 2\",\"orgDomain\":\"PUBLIC;FUNCTIONS;DYNAMIC;DSERIES;LINUX;LINUXDSERIES;LINUXFREE;ELASTICPREMIUM\"}},{\"id\":\"/subscriptions/26cfabf6-eb15-4de5-ae51-f2218958bd5f/providers/Microsoft.Web/geoRegions/Australia Central\",\"name\":\"Australia Central\",\"type\":\"Microsoft.Web/geoRegions\",\"properties\":{\"name\":\"Australia Central\",\"description\":null,\"sortOrder\":2147483647,\"displayName\":\"Australia Central\",\"orgDomain\":\"PUBLIC;FUNCTIONS;DYNAMIC;DSERIES;LINUX;LINUXDSERIES;LINUXFREE;ELASTICPREMIUM;ELASTICLINUX\"}},{\"id\":\"/subscriptions/26cfabf6-eb15-4de5-ae51-f2218958bd5f/providers/Microsoft.Web/geoRegions/South Africa North\",\"name\":\"South Africa North\",\"type\":\"Microsoft.Web/geoRegions\",\"properties\":{\"name\":\"South Africa North\",\"description\":null,\"sortOrder\":2147483647,\"displayName\":\"South Africa North\",\"orgDomain\":\"PUBLIC;MSFTPUBLIC;FUNCTIONS;DYNAMIC;LINUX;LINUXDSERIES;DSERIES;ELASTICPREMIUM;ELASTICLINUX;XENON;XENONV3;WINDOWSV3;LINUXV3\"}},{\"id\":\"/subscriptions/26cfabf6-eb15-4de5-ae51-f2218958bd5f/providers/Microsoft.Web/geoRegions/Switzerland North\",\"name\":\"Switzerland North\",\"type\":\"Microsoft.Web/geoRegions\",\"properties\":{\"name\":\"Switzerland North\",\"description\":null,\"sortOrder\":2147483647,\"displayName\":\"Switzerland North\",\"orgDomain\":\"PUBLIC;DSERIES;LINUX;LINUXDSERIES;LINUXFREE;FUNCTIONS;DYNAMIC;LINUXDYNAMIC;ELASTICPREMIUM;ELASTICLINUX;XENON;XENONV3;WINDOWSV3;LINUXV3\"}},{\"id\":\"/subscriptions/26cfabf6-eb15-4de5-ae51-f2218958bd5f/providers/Microsoft.Web/geoRegions/Germany West Central\",\"name\":\"Germany West Central\",\"type\":\"Microsoft.Web/geoRegions\",\"properties\":{\"name\":\"Germany West Central\",\"description\":null,\"sortOrder\":2147483647,\"displayName\":\"Germany West Central\",\"orgDomain\":\"PUBLIC;DSERIES;LINUX;LINUXDSERIES;ELASTICPREMIUM;FUNCTIONS;DYNAMIC;ELASTICLINUX;LINUXDYNAMIC;XENON;XENONV3;WINDOWSV3;LINUXV3\"}},{\"id\":\"/subscriptions/26cfabf6-eb15-4de5-ae51-f2218958bd5f/providers/Microsoft.Web/geoRegions/Switzerland West\",\"name\":\"Switzerland West\",\"type\":\"Microsoft.Web/geoRegions\",\"properties\":{\"name\":\"Switzerland West\",\"description\":null,\"sortOrder\":2147483647,\"displayName\":\"Switzerland West\",\"orgDomain\":\"PUBLIC;DSERIES;LINUX;LINUXDSERIES;LINUXFREE;FUNCTIONS;DYNAMIC;ELASTICPREMIUM;ELASTICLINUX\"}},{\"id\":\"/subscriptions/26cfabf6-eb15-4de5-ae51-f2218958bd5f/providers/Microsoft.Web/geoRegions/UAE North\",\"name\":\"UAE North\",\"type\":\"Microsoft.Web/geoRegions\",\"properties\":{\"name\":\"UAE North\",\"description\":null,\"sortOrder\":2147483647,\"displayName\":\"UAE North\",\"orgDomain\":\"PUBLIC;DSERIES;LINUX;LINUXDSERIES;LINUXFREE;FUNCTIONS;DYNAMIC;LINUXDYNAMIC;ELASTICPREMIUM;ELASTICLINUX;XENON;XENONV3;WINDOWSV3;LINUXV3\"}},{\"id\":\"/subscriptions/26cfabf6-eb15-4de5-ae51-f2218958bd5f/providers/Microsoft.Web/geoRegions/Norway East\",\"name\":\"Norway East\",\"type\":\"Microsoft.Web/geoRegions\",\"properties\":{\"name\":\"Norway East\",\"description\":null,\"sortOrder\":2147483647,\"displayName\":\"Norway East\",\"orgDomain\":\"PUBLIC;LINUX;LINUXDSERIES;DSERIES;ELASTICLINUX;ELASTICPREMIUM;FUNCTIONS;DYNAMIC;XENON;XENONV3;WINDOWSV3;LINUXV3\"}},{\"id\":\"/subscriptions/26cfabf6-eb15-4de5-ae51-f2218958bd5f/providers/Microsoft.Web/geoRegions/West US 3\",\"name\":\"West US 3\",\"type\":\"Microsoft.Web/geoRegions\",\"properties\":{\"name\":\"West US 3\",\"description\":null,\"sortOrder\":2147483647,\"displayName\":\"West US 3\",\"orgDomain\":\"PUBLIC;DSERIES;LINUX;LINUXDSERIES;XENON;XENONV3;WINDOWSV3;LINUXV3;ELASTICPREMIUM;ELASTICLINUX;FUNCTIONS;DYNAMIC\"}},{\"id\":\"/subscriptions/26cfabf6-eb15-4de5-ae51-f2218958bd5f/providers/Microsoft.Web/geoRegions/Jio India West\",\"name\":\"Jio India West\",\"type\":\"Microsoft.Web/geoRegions\",\"properties\":{\"name\":\"Jio India West\",\"description\":null,\"sortOrder\":2147483647,\"displayName\":\"Jio India West\",\"orgDomain\":\"PUBLIC;DSERIES;LINUX;LINUXDSERIES;ELASTICPREMIUM;ELASTICLINUX;FUNCTIONS;DYNAMIC\"}}],\"nextLink\":null,\"id\":null}",
      "isContentBase64": false
    }
  },
  "Get-AzFunctionAppAvailableLocation+[NoContext]+Validate output for -PlanType Consumption -OSType Linux+$GET+https://management.azure.com/subscriptions/26cfabf6-eb15-4de5-ae51-f2218958bd5f/providers/Microsoft.Web/geoRegions?sku=Dynamic\u0026linuxWorkersEnabled=True\u0026api-version=2019-08-01+1": {
    "Request": {
      "Method": "GET",
      "RequestUri": "https://management.azure.com/subscriptions/26cfabf6-eb15-4de5-ae51-f2218958bd5f/providers/Microsoft.Web/geoRegions?sku=Dynamic\u0026linuxWorkersEnabled=True\u0026api-version=2019-08-01",
      "Content": null,
      "isContentBase64": false,
      "Headers": {
        "x-ms-unique-id": [ "80" ],
        "x-ms-client-request-id": [ "7455b2c7-4a98-4c57-a6bb-ec7ab5481063" ],
        "CommandName": [ "Az.Functions.internal\\Get-AzFunctionAppAvailableLocation" ],
        "FullCommandName": [ "Get-AzFunctionAppAvailableLocation_List" ],
        "ParameterSetName": [ "__AllParameterSets" ],
        "User-Agent": [ "AzurePowershell/v6.5.0", "PSVersion/v7.0.6" ],
        "Authorization": [ "[Filtered]" ]
      },
      "ContentHeaders": {
      }
    },
    "Response": {
      "StatusCode": 200,
      "Headers": {
        "Cache-Control": [ "no-cache" ],
        "Pragma": [ "no-cache" ],
        "Strict-Transport-Security": [ "max-age=31536000; includeSubDomains" ],
        "x-ms-request-id": [ "df696444-f402-4f10-a208-2a8d2bc5ab5f" ],
        "Server": [ "Microsoft-IIS/10.0" ],
        "X-AspNet-Version": [ "4.0.30319" ],
        "X-Powered-By": [ "ASP.NET" ],
        "x-ms-ratelimit-remaining-subscription-reads": [ "11949" ],
        "x-ms-correlation-request-id": [ "a9297ee9-ce98-43e3-9241-b911f58c6201" ],
        "x-ms-routing-request-id": [ "WESTUS:20211029T035451Z:a9297ee9-ce98-43e3-9241-b911f58c6201" ],
        "X-Content-Type-Options": [ "nosniff" ],
        "Date": [ "Fri, 29 Oct 2021 03:54:51 GMT" ]
      },
      "ContentHeaders": {
        "Content-Length": [ "19268" ],
        "Content-Type": [ "application/json" ],
        "Expires": [ "-1" ]
      },
      "Content": "{\"value\":[{\"id\":\"/subscriptions/26cfabf6-eb15-4de5-ae51-f2218958bd5f/providers/Microsoft.Web/geoRegions/Central US\",\"name\":\"Central US\",\"type\":\"Microsoft.Web/geoRegions\",\"properties\":{\"name\":\"Central US\",\"description\":null,\"sortOrder\":0,\"displayName\":\"Central US\",\"orgDomain\":\"PUBLIC;DREAMSPARK;MSFTPUBLIC;FUNCTIONS;DYNAMIC;DSERIES;LINUX;LINUXDSERIES;ELASTICPREMIUM;LINUXFREE;LINUXDYNAMIC;ELASTICLINUX;XENON;XENONV3;WINDOWSV3;LINUXV3\"}},{\"id\":\"/subscriptions/26cfabf6-eb15-4de5-ae51-f2218958bd5f/providers/Microsoft.Web/geoRegions/North Europe\",\"name\":\"North Europe\",\"type\":\"Microsoft.Web/geoRegions\",\"properties\":{\"name\":\"North Europe\",\"description\":null,\"sortOrder\":1,\"displayName\":\"North Europe\",\"orgDomain\":\"PUBLIC;DREAMSPARK;MSFTPUBLIC;FUNCTIONS;DYNAMIC;DSERIES;LINUX;LINUXDSERIES;XENON;ELASTICPREMIUM;LINUXFREE;ELASTICLINUX;LINUXDYNAMIC;XENON;XENONV3;WINDOWSV3;LINUXV3\"}},{\"id\":\"/subscriptions/26cfabf6-eb15-4de5-ae51-f2218958bd5f/providers/Microsoft.Web/geoRegions/West Europe\",\"name\":\"West Europe\",\"type\":\"Microsoft.Web/geoRegions\",\"properties\":{\"name\":\"West Europe\",\"description\":null,\"sortOrder\":2,\"displayName\":\"West Europe\",\"orgDomain\":\"PUBLIC;DREAMSPARK;MSFTPUBLIC;FUNCTIONS;DYNAMIC;LINUX;DSERIES;LINUXDSERIES;XENON;SFCONTAINERS;LINUXDYNAMIC;ELASTICPREMIUM;ELASTICLINUX;LINUXFREE;XENON;XENONV3;WINDOWSV3;LINUXV3\"}},{\"id\":\"/subscriptions/26cfabf6-eb15-4de5-ae51-f2218958bd5f/providers/Microsoft.Web/geoRegions/Southeast Asia\",\"name\":\"Southeast Asia\",\"type\":\"Microsoft.Web/geoRegions\",\"properties\":{\"name\":\"Southeast Asia\",\"description\":null,\"sortOrder\":3,\"displayName\":\"Southeast Asia\",\"orgDomain\":\"PUBLIC;DREAMSPARK;MSFTPUBLIC;FUNCTIONS;DYNAMIC;LINUX;DSERIES;LINUXDSERIES;XENON;ELASTICPREMIUM;LINUXFREE;ELASTICLINUX;LINUXDYNAMIC;XENON;XENONV3;WINDOWSV3;LINUXV3\"}},{\"id\":\"/subscriptions/26cfabf6-eb15-4de5-ae51-f2218958bd5f/providers/Microsoft.Web/geoRegions/East Asia\",\"name\":\"East Asia\",\"type\":\"Microsoft.Web/geoRegions\",\"properties\":{\"name\":\"East Asia\",\"description\":null,\"sortOrder\":4,\"displayName\":\"East Asia\",\"orgDomain\":\"PUBLIC;DREAMSPARK;MSFTPUBLIC;FUNCTIONS;DYNAMIC;LINUX;DSERIES;LINUXDSERIES;SFCONTAINERS;LINUXDYNAMIC;ELASTICPREMIUM;LINUXFREE;ELASTICLINUX;XENON;XENONV3;WINDOWSV3;LINUXV3\"}},{\"id\":\"/subscriptions/26cfabf6-eb15-4de5-ae51-f2218958bd5f/providers/Microsoft.Web/geoRegions/West US\",\"name\":\"West US\",\"type\":\"Microsoft.Web/geoRegions\",\"properties\":{\"name\":\"West US\",\"description\":null,\"sortOrder\":5,\"displayName\":\"West US\",\"orgDomain\":\"PUBLIC;DREAMSPARK;MSFTPUBLIC;FUNCTIONS;DYNAMIC;LINUX;DSERIES;LINUXDSERIES;XENON;ELASTICPREMIUM;LINUXFREE;ELASTICLINUX;LINUXDYNAMIC;XENON;XENONV3;WINDOWSV3;LINUXV3\"}},{\"id\":\"/subscriptions/26cfabf6-eb15-4de5-ae51-f2218958bd5f/providers/Microsoft.Web/geoRegions/East US\",\"name\":\"East US\",\"type\":\"Microsoft.Web/geoRegions\",\"properties\":{\"name\":\"East US\",\"description\":null,\"sortOrder\":6,\"displayName\":\"East US\",\"orgDomain\":\"PUBLIC;DREAMSPARK;MSFTPUBLIC;FUNCTIONS;DYNAMIC;LINUX;DSERIES;FAKEORG;LINUXDSERIES;XENON;SFCONTAINERS;LINUXDYNAMIC;LINUXFREE;ELASTICLINUX;ELASTICPREMIUM;XENON;XENONV3;WINDOWSV3;LINUXV3\"}},{\"id\":\"/subscriptions/26cfabf6-eb15-4de5-ae51-f2218958bd5f/providers/Microsoft.Web/geoRegions/Japan West\",\"name\":\"Japan West\",\"type\":\"Microsoft.Web/geoRegions\",\"properties\":{\"name\":\"Japan West\",\"description\":null,\"sortOrder\":7,\"displayName\":\"Japan West\",\"orgDomain\":\"PUBLIC;DREAMSPARK;MSFTPUBLIC;FUNCTIONS;DYNAMIC;LINUX;DSERIES;LINUXDSERIES;ELASTICPREMIUM;LINUXFREE;ELASTICLINUX;LINUXDYNAMIC\"}},{\"id\":\"/subscriptions/26cfabf6-eb15-4de5-ae51-f2218958bd5f/providers/Microsoft.Web/geoRegions/Japan East\",\"name\":\"Japan East\",\"type\":\"Microsoft.Web/geoRegions\",\"properties\":{\"name\":\"Japan East\",\"description\":null,\"sortOrder\":8,\"displayName\":\"Japan East\",\"orgDomain\":\"PUBLIC;DREAMSPARK;MSFTPUBLIC;FUNCTIONS;DYNAMIC;LINUX;DSERIES;LINUXDSERIES;LINUXFREE;ELASTICLINUX;ELASTICPREMIUM;LINUXDYNAMIC;XENON;XENONV3;WINDOWSV3;LINUXV3\"}},{\"id\":\"/subscriptions/26cfabf6-eb15-4de5-ae51-f2218958bd5f/providers/Microsoft.Web/geoRegions/East US 2\",\"name\":\"East US 2\",\"type\":\"Microsoft.Web/geoRegions\",\"properties\":{\"name\":\"East US 2\",\"description\":null,\"sortOrder\":9,\"displayName\":\"East US 2\",\"orgDomain\":\"PUBLIC;DREAMSPARK;MSFTPUBLIC;FUNCTIONS;DYNAMIC;DSERIES;LINUX;LINUXDSERIES;ELASTICPREMIUM;LINUXFREE;LINUXDYNAMIC;ELASTICLINUX;XENON;XENONV3;WINDOWSV3;LINUXV3\"}},{\"id\":\"/subscriptions/26cfabf6-eb15-4de5-ae51-f2218958bd5f/providers/Microsoft.Web/geoRegions/North Central US\",\"name\":\"North Central US\",\"type\":\"Microsoft.Web/geoRegions\",\"properties\":{\"name\":\"North Central US\",\"description\":null,\"sortOrder\":10,\"displayName\":\"North Central US\",\"orgDomain\":\"PUBLIC;DREAMSPARK;MSFTPUBLIC;FUNCTIONS;DYNAMIC;LINUX;DSERIES;LINUXDSERIES;LINUXFREE;ELASTICPREMIUM;ELASTICLINUX;LINUXDYNAMIC;XENON;XENONV3;WINDOWSV3;LINUXV3\"}},{\"id\":\"/subscriptions/26cfabf6-eb15-4de5-ae51-f2218958bd5f/providers/Microsoft.Web/geoRegions/South Central US\",\"name\":\"South Central US\",\"type\":\"Microsoft.Web/geoRegions\",\"properties\":{\"name\":\"South Central US\",\"description\":null,\"sortOrder\":11,\"displayName\":\"South Central US\",\"orgDomain\":\"PUBLIC;DREAMSPARK;MSFTPUBLIC;FUNCTIONS;DYNAMIC;DSERIES;LINUX;LINUXDSERIES;ELASTICPREMIUM;LINUXFREE;LINUXDYNAMIC;ELASTICLINUX;XENON;XENONV3;WINDOWSV3;LINUXV3\"}},{\"id\":\"/subscriptions/26cfabf6-eb15-4de5-ae51-f2218958bd5f/providers/Microsoft.Web/geoRegions/Brazil South\",\"name\":\"Brazil South\",\"type\":\"Microsoft.Web/geoRegions\",\"properties\":{\"name\":\"Brazil South\",\"description\":null,\"sortOrder\":12,\"displayName\":\"Brazil South\",\"orgDomain\":\"PUBLIC;DREAMSPARK;MSFTPUBLIC;FUNCTIONS;DYNAMIC;LINUX;DSERIES;LINUXDSERIES;LINUXFREE;ELASTICPREMIUM;LINUXDYNAMIC;ELASTICLINUX;XENON;XENONV3;WINDOWSV3;LINUXV3\"}},{\"id\":\"/subscriptions/26cfabf6-eb15-4de5-ae51-f2218958bd5f/providers/Microsoft.Web/geoRegions/Australia East\",\"name\":\"Australia East\",\"type\":\"Microsoft.Web/geoRegions\",\"properties\":{\"name\":\"Australia East\",\"description\":null,\"sortOrder\":13,\"displayName\":\"Australia East\",\"orgDomain\":\"PUBLIC;DREAMSPARK;MSFTPUBLIC;FUNCTIONS;DYNAMIC;LINUX;DSERIES;LINUXDSERIES;XENON;ELASTICPREMIUM;LINUXFREE;LINUXDYNAMIC;ELASTICLINUX;XENON;XENONV3;WINDOWSV3;LINUXV3\"}},{\"id\":\"/subscriptions/26cfabf6-eb15-4de5-ae51-f2218958bd5f/providers/Microsoft.Web/geoRegions/Australia Southeast\",\"name\":\"Australia Southeast\",\"type\":\"Microsoft.Web/geoRegions\",\"properties\":{\"name\":\"Australia Southeast\",\"description\":null,\"sortOrder\":14,\"displayName\":\"Australia Southeast\",\"orgDomain\":\"PUBLIC;DREAMSPARK;MSFTPUBLIC;FUNCTIONS;DYNAMIC;DSERIES;LINUX;LINUXDSERIES;ELASTICPREMIUM;LINUXFREE;ELASTICLINUX;XENON;XENONV3;WINDOWSV3;LINUXV3;LINUXDYNAMIC\"}},{\"id\":\"/subscriptions/26cfabf6-eb15-4de5-ae51-f2218958bd5f/providers/Microsoft.Web/geoRegions/East Asia (Stage)\",\"name\":\"East Asia (Stage)\",\"type\":\"Microsoft.Web/geoRegions\",\"properties\":{\"name\":\"East Asia (Stage)\",\"description\":null,\"sortOrder\":2147483647,\"displayName\":\"East Asia (Stage)\",\"orgDomain\":\"MSFTINT;DSERIES;ELASTICPREMIUM;FUNCTIONS;DYNAMIC;XENON;LINUX;LINUXFREE;LINUXDYNAMIC;XENONV3;WINDOWSV3;LINUXV3\"}},{\"id\":\"/subscriptions/26cfabf6-eb15-4de5-ae51-f2218958bd5f/providers/Microsoft.Web/geoRegions/North Central US (Stage)\",\"name\":\"North Central US (Stage)\",\"type\":\"Microsoft.Web/geoRegions\",\"properties\":{\"name\":\"North Central US (Stage)\",\"description\":null,\"sortOrder\":2147483647,\"displayName\":\"North Central US (Stage)\",\"orgDomain\":\"MSFTINT;LINUX;LINUXFREE;LINUXDYNAMIC;DSERIES;ELASTICPREMIUM;ELASTICLINUX;LINUXV3\"}},{\"id\":\"/subscriptions/26cfabf6-eb15-4de5-ae51-f2218958bd5f/providers/Microsoft.Web/geoRegions/Central India\",\"name\":\"Central India\",\"type\":\"Microsoft.Web/geoRegions\",\"properties\":{\"name\":\"Central India\",\"description\":null,\"sortOrder\":2147483647,\"displayName\":\"Central India\",\"orgDomain\":\"PUBLIC;DREAMSPARK;MSFTPUBLIC;FUNCTIONS;DYNAMIC;LINUX;DSERIES;LINUXDSERIES;LINUXDYNAMIC;ELASTICPREMIUM;ELASTICLINUX;XENON;XENONV3;WINDOWSV3;LINUXV3\"}},{\"id\":\"/subscriptions/26cfabf6-eb15-4de5-ae51-f2218958bd5f/providers/Microsoft.Web/geoRegions/West India\",\"name\":\"West India\",\"type\":\"Microsoft.Web/geoRegions\",\"properties\":{\"name\":\"West India\",\"description\":null,\"sortOrder\":2147483647,\"displayName\":\"West India\",\"orgDomain\":\"PUBLIC;DREAMSPARK;MSFTPUBLIC;FUNCTIONS;DYNAMIC;LINUX;DSERIES;LINUXDSERIES;ELASTICPREMIUM;LINUXDYNAMIC;ELASTICLINUX\"}},{\"id\":\"/subscriptions/26cfabf6-eb15-4de5-ae51-f2218958bd5f/providers/Microsoft.Web/geoRegions/South India\",\"name\":\"South India\",\"type\":\"Microsoft.Web/geoRegions\",\"properties\":{\"name\":\"South India\",\"description\":null,\"sortOrder\":2147483647,\"displayName\":\"South India\",\"orgDomain\":\"PUBLIC;DREAMSPARK;MSFTPUBLIC;FUNCTIONS;DYNAMIC;DSERIES;LINUX;LINUXDSERIES;ELASTICPREMIUM\"}},{\"id\":\"/subscriptions/26cfabf6-eb15-4de5-ae51-f2218958bd5f/providers/Microsoft.Web/geoRegions/Canada Central\",\"name\":\"Canada Central\",\"type\":\"Microsoft.Web/geoRegions\",\"properties\":{\"name\":\"Canada Central\",\"description\":null,\"sortOrder\":2147483647,\"displayName\":\"Canada Central\",\"orgDomain\":\"PUBLIC;DREAMSPARK;MSFTPUBLIC;FUNCTIONS;DYNAMIC;DSERIES;LINUX;LINUXDSERIES;ELASTICPREMIUM;LINUXFREE;ELASTICLINUX;XENON;XENONV3;WINDOWSV3;LINUXV3\"}},{\"id\":\"/subscriptions/26cfabf6-eb15-4de5-ae51-f2218958bd5f/providers/Microsoft.Web/geoRegions/Canada East\",\"name\":\"Canada East\",\"type\":\"Microsoft.Web/geoRegions\",\"properties\":{\"name\":\"Canada East\",\"description\":null,\"sortOrder\":2147483647,\"displayName\":\"Canada East\",\"orgDomain\":\"PUBLIC;DREAMSPARK;MSFTPUBLIC;FUNCTIONS;DYNAMIC;LINUX;DSERIES;LINUXDSERIES;LINUXDYNAMIC\"}},{\"id\":\"/subscriptions/26cfabf6-eb15-4de5-ae51-f2218958bd5f/providers/Microsoft.Web/geoRegions/West Central US\",\"name\":\"West Central US\",\"type\":\"Microsoft.Web/geoRegions\",\"properties\":{\"name\":\"West Central US\",\"description\":null,\"sortOrder\":2147483647,\"displayName\":\"West Central US\",\"orgDomain\":\"PUBLIC;FUNCTIONS;DYNAMIC;LINUX;DSERIES;LINUXDSERIES;ELASTICLINUX;ELASTICPREMIUM;MSFTPUBLIC;XENON;XENONV3;WINDOWSV3;LINUXV3\"}},{\"id\":\"/subscriptions/26cfabf6-eb15-4de5-ae51-f2218958bd5f/providers/Microsoft.Web/geoRegions/West US 2\",\"name\":\"West US 2\",\"type\":\"Microsoft.Web/geoRegions\",\"properties\":{\"name\":\"West US 2\",\"description\":null,\"sortOrder\":2147483647,\"displayName\":\"West US 2\",\"orgDomain\":\"PUBLIC;DREAMSPARK;MSFTPUBLIC;FUNCTIONS;DYNAMIC;LINUX;DSERIES;LINUXDSERIES;LINUXFREE;LINUXDYNAMIC;ELASTICPREMIUM;ELASTICLINUX;XENON;XENONV3;WINDOWSV3;LINUXV3\"}},{\"id\":\"/subscriptions/26cfabf6-eb15-4de5-ae51-f2218958bd5f/providers/Microsoft.Web/geoRegions/UK West\",\"name\":\"UK West\",\"type\":\"Microsoft.Web/geoRegions\",\"properties\":{\"name\":\"UK West\",\"description\":null,\"sortOrder\":2147483647,\"displayName\":\"UK West\",\"orgDomain\":\"PUBLIC;MSFTPUBLIC;FUNCTIONS;DYNAMIC;DSERIES;LINUX;LINUXDSERIES;ELASTICPREMIUM;LINUXDYNAMIC;ELASTICLINUX;XENON;XENONV3;WINDOWSV3;LINUXV3\"}},{\"id\":\"/subscriptions/26cfabf6-eb15-4de5-ae51-f2218958bd5f/providers/Microsoft.Web/geoRegions/UK South\",\"name\":\"UK South\",\"type\":\"Microsoft.Web/geoRegions\",\"properties\":{\"name\":\"UK South\",\"description\":null,\"sortOrder\":2147483647,\"displayName\":\"UK South\",\"orgDomain\":\"PUBLIC;MSFTPUBLIC;DYNAMIC;DSERIES;LINUX;LINUXDSERIES;LINUXFREE;LINUXDYNAMIC;ELASTICPREMIUM;ELASTICLINUX;XENON;XENONV3;WINDOWSV3;LINUXV3\"}},{\"id\":\"/subscriptions/26cfabf6-eb15-4de5-ae51-f2218958bd5f/providers/Microsoft.Web/geoRegions/East US 2 EUAP\",\"name\":\"East US 2 EUAP\",\"type\":\"Microsoft.Web/geoRegions\",\"properties\":{\"name\":\"East US 2 EUAP\",\"description\":null,\"sortOrder\":2147483647,\"displayName\":\"East US 2 EUAP\",\"orgDomain\":\"EUAP;XENON;DSERIES;LINUXDSERIES;ELASTICPREMIUM;FUNCTIONS;DYNAMIC;LINUX;LINUXFREE;ELASTICLINUX;WINDOWSV3;XENONV3;LINUXV3;LINUXDYNAMIC\"}},{\"id\":\"/subscriptions/26cfabf6-eb15-4de5-ae51-f2218958bd5f/providers/Microsoft.Web/geoRegions/Central US EUAP\",\"name\":\"Central US EUAP\",\"type\":\"Microsoft.Web/geoRegions\",\"properties\":{\"name\":\"Central US EUAP\",\"description\":null,\"sortOrder\":2147483647,\"displayName\":\"Central US EUAP\",\"orgDomain\":\"EUAP;LINUX;DSERIES;LINUXDSERIES;ELASTICPREMIUM;LINUXFREE;ELASTICLINUX;LINUXDYNAMIC;DYNAMIC\"}},{\"id\":\"/subscriptions/26cfabf6-eb15-4de5-ae51-f2218958bd5f/providers/Microsoft.Web/geoRegions/Korea South\",\"name\":\"Korea South\",\"type\":\"Microsoft.Web/geoRegions\",\"properties\":{\"name\":\"Korea South\",\"description\":null,\"sortOrder\":2147483647,\"displayName\":\"Korea South\",\"orgDomain\":\"PUBLIC;DREAMSPARK;MSFTPUBLIC;LINUX;LINUXDSERIES;LINUXFREE;DSERIES\"}},{\"id\":\"/subscriptions/26cfabf6-eb15-4de5-ae51-f2218958bd5f/providers/Microsoft.Web/geoRegions/Korea Central\",\"name\":\"Korea Central\",\"type\":\"Microsoft.Web/geoRegions\",\"properties\":{\"name\":\"Korea Central\",\"description\":null,\"sortOrder\":2147483647,\"displayName\":\"Korea Central\",\"orgDomain\":\"PUBLIC;DREAMSPARK;MSFTPUBLIC;FUNCTIONS;DYNAMIC;LINUX;LINUXDSERIES;ELASTICPREMIUM;LINUXFREE;DSERIES;LINUXDYNAMIC;ELASTICLINUX;XENON;XENONV3;WINDOWSV3;LINUXV3\"}},{\"id\":\"/subscriptions/26cfabf6-eb15-4de5-ae51-f2218958bd5f/providers/Microsoft.Web/geoRegions/France South\",\"name\":\"France South\",\"type\":\"Microsoft.Web/geoRegions\",\"properties\":{\"name\":\"France South\",\"description\":null,\"sortOrder\":2147483647,\"displayName\":\"France South\",\"orgDomain\":\"PUBLIC;LINUX;LINUXDSERIES;DSERIES\"}},{\"id\":\"/subscriptions/26cfabf6-eb15-4de5-ae51-f2218958bd5f/providers/Microsoft.Web/geoRegions/France Central\",\"name\":\"France Central\",\"type\":\"Microsoft.Web/geoRegions\",\"properties\":{\"name\":\"France Central\",\"description\":null,\"sortOrder\":2147483647,\"displayName\":\"France Central\",\"orgDomain\":\"PUBLIC;MSFTPUBLIC;DSERIES;DYNAMIC;LINUX;LINUXDSERIES;ELASTICPREMIUM;LINUXFREE;LINUXDYNAMIC;ELASTICLINUX;XENON;XENONV3;WINDOWSV3;LINUXV3\"}},{\"id\":\"/subscriptions/26cfabf6-eb15-4de5-ae51-f2218958bd5f/providers/Microsoft.Web/geoRegions/Australia Central 2\",\"name\":\"Australia Central 2\",\"type\":\"Microsoft.Web/geoRegions\",\"properties\":{\"name\":\"Australia Central 2\",\"description\":null,\"sortOrder\":2147483647,\"displayName\":\"Australia Central 2\",\"orgDomain\":\"PUBLIC;FUNCTIONS;DYNAMIC;DSERIES;LINUX;LINUXDSERIES;LINUXFREE;ELASTICPREMIUM\"}},{\"id\":\"/subscriptions/26cfabf6-eb15-4de5-ae51-f2218958bd5f/providers/Microsoft.Web/geoRegions/Australia Central\",\"name\":\"Australia Central\",\"type\":\"Microsoft.Web/geoRegions\",\"properties\":{\"name\":\"Australia Central\",\"description\":null,\"sortOrder\":2147483647,\"displayName\":\"Australia Central\",\"orgDomain\":\"PUBLIC;FUNCTIONS;DYNAMIC;DSERIES;LINUX;LINUXDSERIES;LINUXFREE;ELASTICPREMIUM;ELASTICLINUX\"}},{\"id\":\"/subscriptions/26cfabf6-eb15-4de5-ae51-f2218958bd5f/providers/Microsoft.Web/geoRegions/South Africa North\",\"name\":\"South Africa North\",\"type\":\"Microsoft.Web/geoRegions\",\"properties\":{\"name\":\"South Africa North\",\"description\":null,\"sortOrder\":2147483647,\"displayName\":\"South Africa North\",\"orgDomain\":\"PUBLIC;MSFTPUBLIC;FUNCTIONS;DYNAMIC;LINUX;LINUXDSERIES;DSERIES;ELASTICPREMIUM;ELASTICLINUX;XENON;XENONV3;WINDOWSV3;LINUXV3\"}},{\"id\":\"/subscriptions/26cfabf6-eb15-4de5-ae51-f2218958bd5f/providers/Microsoft.Web/geoRegions/South Africa West\",\"name\":\"South Africa West\",\"type\":\"Microsoft.Web/geoRegions\",\"properties\":{\"name\":\"South Africa West\",\"description\":null,\"sortOrder\":2147483647,\"displayName\":\"South Africa West\",\"orgDomain\":\"PUBLIC;LINUX;LINUXDSERIES;DSERIES\"}},{\"id\":\"/subscriptions/26cfabf6-eb15-4de5-ae51-f2218958bd5f/providers/Microsoft.Web/geoRegions/Switzerland North\",\"name\":\"Switzerland North\",\"type\":\"Microsoft.Web/geoRegions\",\"properties\":{\"name\":\"Switzerland North\",\"description\":null,\"sortOrder\":2147483647,\"displayName\":\"Switzerland North\",\"orgDomain\":\"PUBLIC;DSERIES;LINUX;LINUXDSERIES;LINUXFREE;FUNCTIONS;DYNAMIC;LINUXDYNAMIC;ELASTICPREMIUM;ELASTICLINUX;XENON;XENONV3;WINDOWSV3;LINUXV3\"}},{\"id\":\"/subscriptions/26cfabf6-eb15-4de5-ae51-f2218958bd5f/providers/Microsoft.Web/geoRegions/Germany West Central\",\"name\":\"Germany West Central\",\"type\":\"Microsoft.Web/geoRegions\",\"properties\":{\"name\":\"Germany West Central\",\"description\":null,\"sortOrder\":2147483647,\"displayName\":\"Germany West Central\",\"orgDomain\":\"PUBLIC;DSERIES;LINUX;LINUXDSERIES;ELASTICPREMIUM;FUNCTIONS;DYNAMIC;ELASTICLINUX;LINUXDYNAMIC;XENON;XENONV3;WINDOWSV3;LINUXV3\"}},{\"id\":\"/subscriptions/26cfabf6-eb15-4de5-ae51-f2218958bd5f/providers/Microsoft.Web/geoRegions/Switzerland West\",\"name\":\"Switzerland West\",\"type\":\"Microsoft.Web/geoRegions\",\"properties\":{\"name\":\"Switzerland West\",\"description\":null,\"sortOrder\":2147483647,\"displayName\":\"Switzerland West\",\"orgDomain\":\"PUBLIC;DSERIES;LINUX;LINUXDSERIES;LINUXFREE;FUNCTIONS;DYNAMIC;ELASTICPREMIUM;ELASTICLINUX\"}},{\"id\":\"/subscriptions/26cfabf6-eb15-4de5-ae51-f2218958bd5f/providers/Microsoft.Web/geoRegions/UAE Central\",\"name\":\"UAE Central\",\"type\":\"Microsoft.Web/geoRegions\",\"properties\":{\"name\":\"UAE Central\",\"description\":null,\"sortOrder\":2147483647,\"displayName\":\"UAE Central\",\"orgDomain\":\"PUBLIC;DSERIES;LINUX;LINUXDSERIES;LINUXFREE\"}},{\"id\":\"/subscriptions/26cfabf6-eb15-4de5-ae51-f2218958bd5f/providers/Microsoft.Web/geoRegions/UAE North\",\"name\":\"UAE North\",\"type\":\"Microsoft.Web/geoRegions\",\"properties\":{\"name\":\"UAE North\",\"description\":null,\"sortOrder\":2147483647,\"displayName\":\"UAE North\",\"orgDomain\":\"PUBLIC;DSERIES;LINUX;LINUXDSERIES;LINUXFREE;FUNCTIONS;DYNAMIC;LINUXDYNAMIC;ELASTICPREMIUM;ELASTICLINUX;XENON;XENONV3;WINDOWSV3;LINUXV3\"}},{\"id\":\"/subscriptions/26cfabf6-eb15-4de5-ae51-f2218958bd5f/providers/Microsoft.Web/geoRegions/Norway West\",\"name\":\"Norway West\",\"type\":\"Microsoft.Web/geoRegions\",\"properties\":{\"name\":\"Norway West\",\"description\":null,\"sortOrder\":2147483647,\"displayName\":\"Norway West\",\"orgDomain\":\"PUBLIC;DSERIES;MSFTPUBLIC;LINUX;LINUXDSERIES;FUNCTIONS;DYNAMIC\"}},{\"id\":\"/subscriptions/26cfabf6-eb15-4de5-ae51-f2218958bd5f/providers/Microsoft.Web/geoRegions/Norway East\",\"name\":\"Norway East\",\"type\":\"Microsoft.Web/geoRegions\",\"properties\":{\"name\":\"Norway East\",\"description\":null,\"sortOrder\":2147483647,\"displayName\":\"Norway East\",\"orgDomain\":\"PUBLIC;LINUX;LINUXDSERIES;DSERIES;ELASTICLINUX;ELASTICPREMIUM;FUNCTIONS;DYNAMIC;XENON;XENONV3;WINDOWSV3;LINUXV3\"}},{\"id\":\"/subscriptions/26cfabf6-eb15-4de5-ae51-f2218958bd5f/providers/Microsoft.Web/geoRegions/Brazil Southeast\",\"name\":\"Brazil Southeast\",\"type\":\"Microsoft.Web/geoRegions\",\"properties\":{\"name\":\"Brazil Southeast\",\"description\":null,\"sortOrder\":2147483647,\"displayName\":\"Brazil Southeast\",\"orgDomain\":\"PUBLIC;LINUX;LINUXDSERIES;DSERIES;LINUXFREE;FUNCTIONS;DYNAMIC\"}},{\"id\":\"/subscriptions/26cfabf6-eb15-4de5-ae51-f2218958bd5f/providers/Microsoft.Web/geoRegions/West US 3\",\"name\":\"West US 3\",\"type\":\"Microsoft.Web/geoRegions\",\"properties\":{\"name\":\"West US 3\",\"description\":null,\"sortOrder\":2147483647,\"displayName\":\"West US 3\",\"orgDomain\":\"PUBLIC;DSERIES;LINUX;LINUXDSERIES;XENON;XENONV3;WINDOWSV3;LINUXV3;ELASTICPREMIUM;ELASTICLINUX;FUNCTIONS;DYNAMIC\"}},{\"id\":\"/subscriptions/26cfabf6-eb15-4de5-ae51-f2218958bd5f/providers/Microsoft.Web/geoRegions/Jio India West\",\"name\":\"Jio India West\",\"type\":\"Microsoft.Web/geoRegions\",\"properties\":{\"name\":\"Jio India West\",\"description\":null,\"sortOrder\":2147483647,\"displayName\":\"Jio India West\",\"orgDomain\":\"PUBLIC;DSERIES;LINUX;LINUXDSERIES;ELASTICPREMIUM;ELASTICLINUX;FUNCTIONS;DYNAMIC\"}},{\"id\":\"/subscriptions/26cfabf6-eb15-4de5-ae51-f2218958bd5f/providers/Microsoft.Web/geoRegions/Jio India Central\",\"name\":\"Jio India Central\",\"type\":\"Microsoft.Web/geoRegions\",\"properties\":{\"name\":\"Jio India Central\",\"description\":null,\"sortOrder\":2147483647,\"displayName\":\"Jio India Central\",\"orgDomain\":\"PUBLIC;DSERIES;LINUX;LINUXDSERIES\"}}],\"nextLink\":null,\"id\":null}",
      "isContentBase64": false
    }
  },
  "Get-AzFunctionAppAvailableLocation+[NoContext]+Validate output for -PlanType Consumption -OSType Windows+$GET+https://management.azure.com/subscriptions/26cfabf6-eb15-4de5-ae51-f2218958bd5f/providers/Microsoft.Web/geoRegions?sku=Dynamic\u0026api-version=2019-08-01+1": {
    "Request": {
      "Method": "GET",
      "RequestUri": "https://management.azure.com/subscriptions/26cfabf6-eb15-4de5-ae51-f2218958bd5f/providers/Microsoft.Web/geoRegions?sku=Dynamic\u0026api-version=2019-08-01",
      "Content": null,
      "isContentBase64": false,
      "Headers": {
        "x-ms-unique-id": [ "81" ],
        "x-ms-client-request-id": [ "0b949e0c-143e-4b9b-91e6-84e154646b4b" ],
        "CommandName": [ "Az.Functions.internal\\Get-AzFunctionAppAvailableLocation" ],
        "FullCommandName": [ "Get-AzFunctionAppAvailableLocation_List" ],
        "ParameterSetName": [ "__AllParameterSets" ],
        "User-Agent": [ "AzurePowershell/v6.5.0", "PSVersion/v7.0.6" ],
        "Authorization": [ "[Filtered]" ]
      },
      "ContentHeaders": {
      }
    },
    "Response": {
      "StatusCode": 200,
      "Headers": {
        "Cache-Control": [ "no-cache" ],
        "Pragma": [ "no-cache" ],
        "Strict-Transport-Security": [ "max-age=31536000; includeSubDomains" ],
        "x-ms-request-id": [ "5618b6f5-a383-408b-aefc-6d48e38cd537" ],
        "Server": [ "Microsoft-IIS/10.0" ],
        "X-AspNet-Version": [ "4.0.30319" ],
        "X-Powered-By": [ "ASP.NET" ],
        "x-ms-ratelimit-remaining-subscription-reads": [ "11948" ],
        "x-ms-correlation-request-id": [ "555c1610-e9dc-48ae-b9bc-6ffef9fa336f" ],
        "x-ms-routing-request-id": [ "WESTUS:20211029T035451Z:555c1610-e9dc-48ae-b9bc-6ffef9fa336f" ],
        "X-Content-Type-Options": [ "nosniff" ],
        "Date": [ "Fri, 29 Oct 2021 03:54:51 GMT" ]
      },
      "ContentHeaders": {
        "Content-Length": [ "17173" ],
        "Content-Type": [ "application/json" ],
        "Expires": [ "-1" ]
      },
      "Content": "{\"value\":[{\"id\":\"/subscriptions/26cfabf6-eb15-4de5-ae51-f2218958bd5f/providers/Microsoft.Web/geoRegions/Central US\",\"name\":\"Central US\",\"type\":\"Microsoft.Web/geoRegions\",\"properties\":{\"name\":\"Central US\",\"description\":null,\"sortOrder\":0,\"displayName\":\"Central US\",\"orgDomain\":\"PUBLIC;DREAMSPARK;MSFTPUBLIC;FUNCTIONS;DYNAMIC;DSERIES;LINUX;LINUXDSERIES;ELASTICPREMIUM;LINUXFREE;LINUXDYNAMIC;ELASTICLINUX;XENON;XENONV3;WINDOWSV3;LINUXV3\"}},{\"id\":\"/subscriptions/26cfabf6-eb15-4de5-ae51-f2218958bd5f/providers/Microsoft.Web/geoRegions/North Europe\",\"name\":\"North Europe\",\"type\":\"Microsoft.Web/geoRegions\",\"properties\":{\"name\":\"North Europe\",\"description\":null,\"sortOrder\":1,\"displayName\":\"North Europe\",\"orgDomain\":\"PUBLIC;DREAMSPARK;MSFTPUBLIC;FUNCTIONS;DYNAMIC;DSERIES;LINUX;LINUXDSERIES;XENON;ELASTICPREMIUM;LINUXFREE;ELASTICLINUX;LINUXDYNAMIC;XENON;XENONV3;WINDOWSV3;LINUXV3\"}},{\"id\":\"/subscriptions/26cfabf6-eb15-4de5-ae51-f2218958bd5f/providers/Microsoft.Web/geoRegions/West Europe\",\"name\":\"West Europe\",\"type\":\"Microsoft.Web/geoRegions\",\"properties\":{\"name\":\"West Europe\",\"description\":null,\"sortOrder\":2,\"displayName\":\"West Europe\",\"orgDomain\":\"PUBLIC;DREAMSPARK;MSFTPUBLIC;FUNCTIONS;DYNAMIC;LINUX;DSERIES;LINUXDSERIES;XENON;SFCONTAINERS;LINUXDYNAMIC;ELASTICPREMIUM;ELASTICLINUX;LINUXFREE;XENON;XENONV3;WINDOWSV3;LINUXV3\"}},{\"id\":\"/subscriptions/26cfabf6-eb15-4de5-ae51-f2218958bd5f/providers/Microsoft.Web/geoRegions/Southeast Asia\",\"name\":\"Southeast Asia\",\"type\":\"Microsoft.Web/geoRegions\",\"properties\":{\"name\":\"Southeast Asia\",\"description\":null,\"sortOrder\":3,\"displayName\":\"Southeast Asia\",\"orgDomain\":\"PUBLIC;DREAMSPARK;MSFTPUBLIC;FUNCTIONS;DYNAMIC;LINUX;DSERIES;LINUXDSERIES;XENON;ELASTICPREMIUM;LINUXFREE;ELASTICLINUX;LINUXDYNAMIC;XENON;XENONV3;WINDOWSV3;LINUXV3\"}},{\"id\":\"/subscriptions/26cfabf6-eb15-4de5-ae51-f2218958bd5f/providers/Microsoft.Web/geoRegions/East Asia\",\"name\":\"East Asia\",\"type\":\"Microsoft.Web/geoRegions\",\"properties\":{\"name\":\"East Asia\",\"description\":null,\"sortOrder\":4,\"displayName\":\"East Asia\",\"orgDomain\":\"PUBLIC;DREAMSPARK;MSFTPUBLIC;FUNCTIONS;DYNAMIC;LINUX;DSERIES;LINUXDSERIES;SFCONTAINERS;LINUXDYNAMIC;ELASTICPREMIUM;LINUXFREE;ELASTICLINUX;XENON;XENONV3;WINDOWSV3;LINUXV3\"}},{\"id\":\"/subscriptions/26cfabf6-eb15-4de5-ae51-f2218958bd5f/providers/Microsoft.Web/geoRegions/West US\",\"name\":\"West US\",\"type\":\"Microsoft.Web/geoRegions\",\"properties\":{\"name\":\"West US\",\"description\":null,\"sortOrder\":5,\"displayName\":\"West US\",\"orgDomain\":\"PUBLIC;DREAMSPARK;MSFTPUBLIC;FUNCTIONS;DYNAMIC;LINUX;DSERIES;LINUXDSERIES;XENON;ELASTICPREMIUM;LINUXFREE;ELASTICLINUX;LINUXDYNAMIC;XENON;XENONV3;WINDOWSV3;LINUXV3\"}},{\"id\":\"/subscriptions/26cfabf6-eb15-4de5-ae51-f2218958bd5f/providers/Microsoft.Web/geoRegions/East US\",\"name\":\"East US\",\"type\":\"Microsoft.Web/geoRegions\",\"properties\":{\"name\":\"East US\",\"description\":null,\"sortOrder\":6,\"displayName\":\"East US\",\"orgDomain\":\"PUBLIC;DREAMSPARK;MSFTPUBLIC;FUNCTIONS;DYNAMIC;LINUX;DSERIES;FAKEORG;LINUXDSERIES;XENON;SFCONTAINERS;LINUXDYNAMIC;LINUXFREE;ELASTICLINUX;ELASTICPREMIUM;XENON;XENONV3;WINDOWSV3;LINUXV3\"}},{\"id\":\"/subscriptions/26cfabf6-eb15-4de5-ae51-f2218958bd5f/providers/Microsoft.Web/geoRegions/Japan West\",\"name\":\"Japan West\",\"type\":\"Microsoft.Web/geoRegions\",\"properties\":{\"name\":\"Japan West\",\"description\":null,\"sortOrder\":7,\"displayName\":\"Japan West\",\"orgDomain\":\"PUBLIC;DREAMSPARK;MSFTPUBLIC;FUNCTIONS;DYNAMIC;LINUX;DSERIES;LINUXDSERIES;ELASTICPREMIUM;LINUXFREE;ELASTICLINUX;LINUXDYNAMIC\"}},{\"id\":\"/subscriptions/26cfabf6-eb15-4de5-ae51-f2218958bd5f/providers/Microsoft.Web/geoRegions/Japan East\",\"name\":\"Japan East\",\"type\":\"Microsoft.Web/geoRegions\",\"properties\":{\"name\":\"Japan East\",\"description\":null,\"sortOrder\":8,\"displayName\":\"Japan East\",\"orgDomain\":\"PUBLIC;DREAMSPARK;MSFTPUBLIC;FUNCTIONS;DYNAMIC;LINUX;DSERIES;LINUXDSERIES;LINUXFREE;ELASTICLINUX;ELASTICPREMIUM;LINUXDYNAMIC;XENON;XENONV3;WINDOWSV3;LINUXV3\"}},{\"id\":\"/subscriptions/26cfabf6-eb15-4de5-ae51-f2218958bd5f/providers/Microsoft.Web/geoRegions/East US 2\",\"name\":\"East US 2\",\"type\":\"Microsoft.Web/geoRegions\",\"properties\":{\"name\":\"East US 2\",\"description\":null,\"sortOrder\":9,\"displayName\":\"East US 2\",\"orgDomain\":\"PUBLIC;DREAMSPARK;MSFTPUBLIC;FUNCTIONS;DYNAMIC;DSERIES;LINUX;LINUXDSERIES;ELASTICPREMIUM;LINUXFREE;LINUXDYNAMIC;ELASTICLINUX;XENON;XENONV3;WINDOWSV3;LINUXV3\"}},{\"id\":\"/subscriptions/26cfabf6-eb15-4de5-ae51-f2218958bd5f/providers/Microsoft.Web/geoRegions/North Central US\",\"name\":\"North Central US\",\"type\":\"Microsoft.Web/geoRegions\",\"properties\":{\"name\":\"North Central US\",\"description\":null,\"sortOrder\":10,\"displayName\":\"North Central US\",\"orgDomain\":\"PUBLIC;DREAMSPARK;MSFTPUBLIC;FUNCTIONS;DYNAMIC;LINUX;DSERIES;LINUXDSERIES;LINUXFREE;ELASTICPREMIUM;ELASTICLINUX;LINUXDYNAMIC;XENON;XENONV3;WINDOWSV3;LINUXV3\"}},{\"id\":\"/subscriptions/26cfabf6-eb15-4de5-ae51-f2218958bd5f/providers/Microsoft.Web/geoRegions/South Central US\",\"name\":\"South Central US\",\"type\":\"Microsoft.Web/geoRegions\",\"properties\":{\"name\":\"South Central US\",\"description\":null,\"sortOrder\":11,\"displayName\":\"South Central US\",\"orgDomain\":\"PUBLIC;DREAMSPARK;MSFTPUBLIC;FUNCTIONS;DYNAMIC;DSERIES;LINUX;LINUXDSERIES;ELASTICPREMIUM;LINUXFREE;LINUXDYNAMIC;ELASTICLINUX;XENON;XENONV3;WINDOWSV3;LINUXV3\"}},{\"id\":\"/subscriptions/26cfabf6-eb15-4de5-ae51-f2218958bd5f/providers/Microsoft.Web/geoRegions/Brazil South\",\"name\":\"Brazil South\",\"type\":\"Microsoft.Web/geoRegions\",\"properties\":{\"name\":\"Brazil South\",\"description\":null,\"sortOrder\":12,\"displayName\":\"Brazil South\",\"orgDomain\":\"PUBLIC;DREAMSPARK;MSFTPUBLIC;FUNCTIONS;DYNAMIC;LINUX;DSERIES;LINUXDSERIES;LINUXFREE;ELASTICPREMIUM;LINUXDYNAMIC;ELASTICLINUX;XENON;XENONV3;WINDOWSV3;LINUXV3\"}},{\"id\":\"/subscriptions/26cfabf6-eb15-4de5-ae51-f2218958bd5f/providers/Microsoft.Web/geoRegions/Australia East\",\"name\":\"Australia East\",\"type\":\"Microsoft.Web/geoRegions\",\"properties\":{\"name\":\"Australia East\",\"description\":null,\"sortOrder\":13,\"displayName\":\"Australia East\",\"orgDomain\":\"PUBLIC;DREAMSPARK;MSFTPUBLIC;FUNCTIONS;DYNAMIC;LINUX;DSERIES;LINUXDSERIES;XENON;ELASTICPREMIUM;LINUXFREE;LINUXDYNAMIC;ELASTICLINUX;XENON;XENONV3;WINDOWSV3;LINUXV3\"}},{\"id\":\"/subscriptions/26cfabf6-eb15-4de5-ae51-f2218958bd5f/providers/Microsoft.Web/geoRegions/Australia Southeast\",\"name\":\"Australia Southeast\",\"type\":\"Microsoft.Web/geoRegions\",\"properties\":{\"name\":\"Australia Southeast\",\"description\":null,\"sortOrder\":14,\"displayName\":\"Australia Southeast\",\"orgDomain\":\"PUBLIC;DREAMSPARK;MSFTPUBLIC;FUNCTIONS;DYNAMIC;DSERIES;LINUX;LINUXDSERIES;ELASTICPREMIUM;LINUXFREE;ELASTICLINUX;XENON;XENONV3;WINDOWSV3;LINUXV3;LINUXDYNAMIC\"}},{\"id\":\"/subscriptions/26cfabf6-eb15-4de5-ae51-f2218958bd5f/providers/Microsoft.Web/geoRegions/East Asia (Stage)\",\"name\":\"East Asia (Stage)\",\"type\":\"Microsoft.Web/geoRegions\",\"properties\":{\"name\":\"East Asia (Stage)\",\"description\":null,\"sortOrder\":2147483647,\"displayName\":\"East Asia (Stage)\",\"orgDomain\":\"MSFTINT;DSERIES;ELASTICPREMIUM;FUNCTIONS;DYNAMIC;XENON;LINUX;LINUXFREE;LINUXDYNAMIC;XENONV3;WINDOWSV3;LINUXV3\"}},{\"id\":\"/subscriptions/26cfabf6-eb15-4de5-ae51-f2218958bd5f/providers/Microsoft.Web/geoRegions/Central India\",\"name\":\"Central India\",\"type\":\"Microsoft.Web/geoRegions\",\"properties\":{\"name\":\"Central India\",\"description\":null,\"sortOrder\":2147483647,\"displayName\":\"Central India\",\"orgDomain\":\"PUBLIC;DREAMSPARK;MSFTPUBLIC;FUNCTIONS;DYNAMIC;LINUX;DSERIES;LINUXDSERIES;LINUXDYNAMIC;ELASTICPREMIUM;ELASTICLINUX;XENON;XENONV3;WINDOWSV3;LINUXV3\"}},{\"id\":\"/subscriptions/26cfabf6-eb15-4de5-ae51-f2218958bd5f/providers/Microsoft.Web/geoRegions/West India\",\"name\":\"West India\",\"type\":\"Microsoft.Web/geoRegions\",\"properties\":{\"name\":\"West India\",\"description\":null,\"sortOrder\":2147483647,\"displayName\":\"West India\",\"orgDomain\":\"PUBLIC;DREAMSPARK;MSFTPUBLIC;FUNCTIONS;DYNAMIC;LINUX;DSERIES;LINUXDSERIES;ELASTICPREMIUM;LINUXDYNAMIC;ELASTICLINUX\"}},{\"id\":\"/subscriptions/26cfabf6-eb15-4de5-ae51-f2218958bd5f/providers/Microsoft.Web/geoRegions/South India\",\"name\":\"South India\",\"type\":\"Microsoft.Web/geoRegions\",\"properties\":{\"name\":\"South India\",\"description\":null,\"sortOrder\":2147483647,\"displayName\":\"South India\",\"orgDomain\":\"PUBLIC;DREAMSPARK;MSFTPUBLIC;FUNCTIONS;DYNAMIC;DSERIES;LINUX;LINUXDSERIES;ELASTICPREMIUM\"}},{\"id\":\"/subscriptions/26cfabf6-eb15-4de5-ae51-f2218958bd5f/providers/Microsoft.Web/geoRegions/Canada Central\",\"name\":\"Canada Central\",\"type\":\"Microsoft.Web/geoRegions\",\"properties\":{\"name\":\"Canada Central\",\"description\":null,\"sortOrder\":2147483647,\"displayName\":\"Canada Central\",\"orgDomain\":\"PUBLIC;DREAMSPARK;MSFTPUBLIC;FUNCTIONS;DYNAMIC;DSERIES;LINUX;LINUXDSERIES;ELASTICPREMIUM;LINUXFREE;ELASTICLINUX;XENON;XENONV3;WINDOWSV3;LINUXV3\"}},{\"id\":\"/subscriptions/26cfabf6-eb15-4de5-ae51-f2218958bd5f/providers/Microsoft.Web/geoRegions/Canada East\",\"name\":\"Canada East\",\"type\":\"Microsoft.Web/geoRegions\",\"properties\":{\"name\":\"Canada East\",\"description\":null,\"sortOrder\":2147483647,\"displayName\":\"Canada East\",\"orgDomain\":\"PUBLIC;DREAMSPARK;MSFTPUBLIC;FUNCTIONS;DYNAMIC;LINUX;DSERIES;LINUXDSERIES;LINUXDYNAMIC\"}},{\"id\":\"/subscriptions/26cfabf6-eb15-4de5-ae51-f2218958bd5f/providers/Microsoft.Web/geoRegions/West Central US\",\"name\":\"West Central US\",\"type\":\"Microsoft.Web/geoRegions\",\"properties\":{\"name\":\"West Central US\",\"description\":null,\"sortOrder\":2147483647,\"displayName\":\"West Central US\",\"orgDomain\":\"PUBLIC;FUNCTIONS;DYNAMIC;LINUX;DSERIES;LINUXDSERIES;ELASTICLINUX;ELASTICPREMIUM;MSFTPUBLIC;XENON;XENONV3;WINDOWSV3;LINUXV3\"}},{\"id\":\"/subscriptions/26cfabf6-eb15-4de5-ae51-f2218958bd5f/providers/Microsoft.Web/geoRegions/West US 2\",\"name\":\"West US 2\",\"type\":\"Microsoft.Web/geoRegions\",\"properties\":{\"name\":\"West US 2\",\"description\":null,\"sortOrder\":2147483647,\"displayName\":\"West US 2\",\"orgDomain\":\"PUBLIC;DREAMSPARK;MSFTPUBLIC;FUNCTIONS;DYNAMIC;LINUX;DSERIES;LINUXDSERIES;LINUXFREE;LINUXDYNAMIC;ELASTICPREMIUM;ELASTICLINUX;XENON;XENONV3;WINDOWSV3;LINUXV3\"}},{\"id\":\"/subscriptions/26cfabf6-eb15-4de5-ae51-f2218958bd5f/providers/Microsoft.Web/geoRegions/UK West\",\"name\":\"UK West\",\"type\":\"Microsoft.Web/geoRegions\",\"properties\":{\"name\":\"UK West\",\"description\":null,\"sortOrder\":2147483647,\"displayName\":\"UK West\",\"orgDomain\":\"PUBLIC;MSFTPUBLIC;FUNCTIONS;DYNAMIC;DSERIES;LINUX;LINUXDSERIES;ELASTICPREMIUM;LINUXDYNAMIC;ELASTICLINUX;XENON;XENONV3;WINDOWSV3;LINUXV3\"}},{\"id\":\"/subscriptions/26cfabf6-eb15-4de5-ae51-f2218958bd5f/providers/Microsoft.Web/geoRegions/UK South\",\"name\":\"UK South\",\"type\":\"Microsoft.Web/geoRegions\",\"properties\":{\"name\":\"UK South\",\"description\":null,\"sortOrder\":2147483647,\"displayName\":\"UK South\",\"orgDomain\":\"PUBLIC;MSFTPUBLIC;DYNAMIC;DSERIES;LINUX;LINUXDSERIES;LINUXFREE;LINUXDYNAMIC;ELASTICPREMIUM;ELASTICLINUX;XENON;XENONV3;WINDOWSV3;LINUXV3\"}},{\"id\":\"/subscriptions/26cfabf6-eb15-4de5-ae51-f2218958bd5f/providers/Microsoft.Web/geoRegions/East US 2 EUAP\",\"name\":\"East US 2 EUAP\",\"type\":\"Microsoft.Web/geoRegions\",\"properties\":{\"name\":\"East US 2 EUAP\",\"description\":null,\"sortOrder\":2147483647,\"displayName\":\"East US 2 EUAP\",\"orgDomain\":\"EUAP;XENON;DSERIES;LINUXDSERIES;ELASTICPREMIUM;FUNCTIONS;DYNAMIC;LINUX;LINUXFREE;ELASTICLINUX;WINDOWSV3;XENONV3;LINUXV3;LINUXDYNAMIC\"}},{\"id\":\"/subscriptions/26cfabf6-eb15-4de5-ae51-f2218958bd5f/providers/Microsoft.Web/geoRegions/Central US EUAP\",\"name\":\"Central US EUAP\",\"type\":\"Microsoft.Web/geoRegions\",\"properties\":{\"name\":\"Central US EUAP\",\"description\":null,\"sortOrder\":2147483647,\"displayName\":\"Central US EUAP\",\"orgDomain\":\"EUAP;LINUX;DSERIES;LINUXDSERIES;ELASTICPREMIUM;LINUXFREE;ELASTICLINUX;LINUXDYNAMIC;DYNAMIC\"}},{\"id\":\"/subscriptions/26cfabf6-eb15-4de5-ae51-f2218958bd5f/providers/Microsoft.Web/geoRegions/Korea Central\",\"name\":\"Korea Central\",\"type\":\"Microsoft.Web/geoRegions\",\"properties\":{\"name\":\"Korea Central\",\"description\":null,\"sortOrder\":2147483647,\"displayName\":\"Korea Central\",\"orgDomain\":\"PUBLIC;DREAMSPARK;MSFTPUBLIC;FUNCTIONS;DYNAMIC;LINUX;LINUXDSERIES;ELASTICPREMIUM;LINUXFREE;DSERIES;LINUXDYNAMIC;ELASTICLINUX;XENON;XENONV3;WINDOWSV3;LINUXV3\"}},{\"id\":\"/subscriptions/26cfabf6-eb15-4de5-ae51-f2218958bd5f/providers/Microsoft.Web/geoRegions/France Central\",\"name\":\"France Central\",\"type\":\"Microsoft.Web/geoRegions\",\"properties\":{\"name\":\"France Central\",\"description\":null,\"sortOrder\":2147483647,\"displayName\":\"France Central\",\"orgDomain\":\"PUBLIC;MSFTPUBLIC;DSERIES;DYNAMIC;LINUX;LINUXDSERIES;ELASTICPREMIUM;LINUXFREE;LINUXDYNAMIC;ELASTICLINUX;XENON;XENONV3;WINDOWSV3;LINUXV3\"}},{\"id\":\"/subscriptions/26cfabf6-eb15-4de5-ae51-f2218958bd5f/providers/Microsoft.Web/geoRegions/Australia Central 2\",\"name\":\"Australia Central 2\",\"type\":\"Microsoft.Web/geoRegions\",\"properties\":{\"name\":\"Australia Central 2\",\"description\":null,\"sortOrder\":2147483647,\"displayName\":\"Australia Central 2\",\"orgDomain\":\"PUBLIC;FUNCTIONS;DYNAMIC;DSERIES;LINUX;LINUXDSERIES;LINUXFREE;ELASTICPREMIUM\"}},{\"id\":\"/subscriptions/26cfabf6-eb15-4de5-ae51-f2218958bd5f/providers/Microsoft.Web/geoRegions/Australia Central\",\"name\":\"Australia Central\",\"type\":\"Microsoft.Web/geoRegions\",\"properties\":{\"name\":\"Australia Central\",\"description\":null,\"sortOrder\":2147483647,\"displayName\":\"Australia Central\",\"orgDomain\":\"PUBLIC;FUNCTIONS;DYNAMIC;DSERIES;LINUX;LINUXDSERIES;LINUXFREE;ELASTICPREMIUM;ELASTICLINUX\"}},{\"id\":\"/subscriptions/26cfabf6-eb15-4de5-ae51-f2218958bd5f/providers/Microsoft.Web/geoRegions/South Africa North\",\"name\":\"South Africa North\",\"type\":\"Microsoft.Web/geoRegions\",\"properties\":{\"name\":\"South Africa North\",\"description\":null,\"sortOrder\":2147483647,\"displayName\":\"South Africa North\",\"orgDomain\":\"PUBLIC;MSFTPUBLIC;FUNCTIONS;DYNAMIC;LINUX;LINUXDSERIES;DSERIES;ELASTICPREMIUM;ELASTICLINUX;XENON;XENONV3;WINDOWSV3;LINUXV3\"}},{\"id\":\"/subscriptions/26cfabf6-eb15-4de5-ae51-f2218958bd5f/providers/Microsoft.Web/geoRegions/Switzerland North\",\"name\":\"Switzerland North\",\"type\":\"Microsoft.Web/geoRegions\",\"properties\":{\"name\":\"Switzerland North\",\"description\":null,\"sortOrder\":2147483647,\"displayName\":\"Switzerland North\",\"orgDomain\":\"PUBLIC;DSERIES;LINUX;LINUXDSERIES;LINUXFREE;FUNCTIONS;DYNAMIC;LINUXDYNAMIC;ELASTICPREMIUM;ELASTICLINUX;XENON;XENONV3;WINDOWSV3;LINUXV3\"}},{\"id\":\"/subscriptions/26cfabf6-eb15-4de5-ae51-f2218958bd5f/providers/Microsoft.Web/geoRegions/Germany West Central\",\"name\":\"Germany West Central\",\"type\":\"Microsoft.Web/geoRegions\",\"properties\":{\"name\":\"Germany West Central\",\"description\":null,\"sortOrder\":2147483647,\"displayName\":\"Germany West Central\",\"orgDomain\":\"PUBLIC;DSERIES;LINUX;LINUXDSERIES;ELASTICPREMIUM;FUNCTIONS;DYNAMIC;ELASTICLINUX;LINUXDYNAMIC;XENON;XENONV3;WINDOWSV3;LINUXV3\"}},{\"id\":\"/subscriptions/26cfabf6-eb15-4de5-ae51-f2218958bd5f/providers/Microsoft.Web/geoRegions/Switzerland West\",\"name\":\"Switzerland West\",\"type\":\"Microsoft.Web/geoRegions\",\"properties\":{\"name\":\"Switzerland West\",\"description\":null,\"sortOrder\":2147483647,\"displayName\":\"Switzerland West\",\"orgDomain\":\"PUBLIC;DSERIES;LINUX;LINUXDSERIES;LINUXFREE;FUNCTIONS;DYNAMIC;ELASTICPREMIUM;ELASTICLINUX\"}},{\"id\":\"/subscriptions/26cfabf6-eb15-4de5-ae51-f2218958bd5f/providers/Microsoft.Web/geoRegions/UAE North\",\"name\":\"UAE North\",\"type\":\"Microsoft.Web/geoRegions\",\"properties\":{\"name\":\"UAE North\",\"description\":null,\"sortOrder\":2147483647,\"displayName\":\"UAE North\",\"orgDomain\":\"PUBLIC;DSERIES;LINUX;LINUXDSERIES;LINUXFREE;FUNCTIONS;DYNAMIC;LINUXDYNAMIC;ELASTICPREMIUM;ELASTICLINUX;XENON;XENONV3;WINDOWSV3;LINUXV3\"}},{\"id\":\"/subscriptions/26cfabf6-eb15-4de5-ae51-f2218958bd5f/providers/Microsoft.Web/geoRegions/Norway West\",\"name\":\"Norway West\",\"type\":\"Microsoft.Web/geoRegions\",\"properties\":{\"name\":\"Norway West\",\"description\":null,\"sortOrder\":2147483647,\"displayName\":\"Norway West\",\"orgDomain\":\"PUBLIC;DSERIES;MSFTPUBLIC;LINUX;LINUXDSERIES;FUNCTIONS;DYNAMIC\"}},{\"id\":\"/subscriptions/26cfabf6-eb15-4de5-ae51-f2218958bd5f/providers/Microsoft.Web/geoRegions/Norway East\",\"name\":\"Norway East\",\"type\":\"Microsoft.Web/geoRegions\",\"properties\":{\"name\":\"Norway East\",\"description\":null,\"sortOrder\":2147483647,\"displayName\":\"Norway East\",\"orgDomain\":\"PUBLIC;LINUX;LINUXDSERIES;DSERIES;ELASTICLINUX;ELASTICPREMIUM;FUNCTIONS;DYNAMIC;XENON;XENONV3;WINDOWSV3;LINUXV3\"}},{\"id\":\"/subscriptions/26cfabf6-eb15-4de5-ae51-f2218958bd5f/providers/Microsoft.Web/geoRegions/Brazil Southeast\",\"name\":\"Brazil Southeast\",\"type\":\"Microsoft.Web/geoRegions\",\"properties\":{\"name\":\"Brazil Southeast\",\"description\":null,\"sortOrder\":2147483647,\"displayName\":\"Brazil Southeast\",\"orgDomain\":\"PUBLIC;LINUX;LINUXDSERIES;DSERIES;LINUXFREE;FUNCTIONS;DYNAMIC\"}},{\"id\":\"/subscriptions/26cfabf6-eb15-4de5-ae51-f2218958bd5f/providers/Microsoft.Web/geoRegions/West US 3\",\"name\":\"West US 3\",\"type\":\"Microsoft.Web/geoRegions\",\"properties\":{\"name\":\"West US 3\",\"description\":null,\"sortOrder\":2147483647,\"displayName\":\"West US 3\",\"orgDomain\":\"PUBLIC;DSERIES;LINUX;LINUXDSERIES;XENON;XENONV3;WINDOWSV3;LINUXV3;ELASTICPREMIUM;ELASTICLINUX;FUNCTIONS;DYNAMIC\"}},{\"id\":\"/subscriptions/26cfabf6-eb15-4de5-ae51-f2218958bd5f/providers/Microsoft.Web/geoRegions/Jio India West\",\"name\":\"Jio India West\",\"type\":\"Microsoft.Web/geoRegions\",\"properties\":{\"name\":\"Jio India West\",\"description\":null,\"sortOrder\":2147483647,\"displayName\":\"Jio India West\",\"orgDomain\":\"PUBLIC;DSERIES;LINUX;LINUXDSERIES;ELASTICPREMIUM;ELASTICLINUX;FUNCTIONS;DYNAMIC\"}}],\"nextLink\":null,\"id\":null}",
      "isContentBase64": false
    }
  }
}