{
  "New-AzFunctionAppPlan, Update-AzFunctionAppPlan, and Remove-AzFunctionAppPlan E2E+[NoContext]+Validate New-AzFunctionAppPlan, Update-AzFunctionAppPlan and Remove-AzFunctionAppPlan+$GET+https://management.azure.com/subscriptions/3c4c30a8-1259-4f75-b267-fc4d7a7855eb/providers/Microsoft.Web/geoRegions?sku=ElasticPremium\u0026linuxWorkersEnabled=False\u0026api-version=2019-08-01+1": {
    "Request": {
      "Method": "GET",
      "RequestUri": "https://management.azure.com/subscriptions/3c4c30a8-1259-4f75-b267-fc4d7a7855eb/providers/Microsoft.Web/geoRegions?sku=ElasticPremium\u0026linuxWorkersEnabled=False\u0026api-version=2019-08-01",
      "Content": null,
      "Headers": {
        "x-ms-unique-id": [ "471" ],
        "x-ms-client-request-id": [ "17c90a5b-4484-4287-8f16-f6310cef2fa7" ],
        "CommandName": [ "Az.Functions.internal\\Get-AzFunctionAppAvailableLocation" ],
        "FullCommandName": [ "Get-AzFunctionAppAvailableLocation_List" ],
        "ParameterSetName": [ "__AllParameterSets" ],
        "User-Agent": [ "AzurePowershell/Az4.0.0-preview" ],
        "Authorization": [ "[Filtered]" ]
      },
      "ContentHeaders": {
      }
    },
    "Response": {
      "StatusCode": 200,
      "Headers": {
        "Cache-Control": [ "no-cache" ],
        "Pragma": [ "no-cache" ],
        "Strict-Transport-Security": [ "max-age=31536000; includeSubDomains" ],
        "x-ms-request-id": [ "c5a5417c-d662-428a-b36d-0d730fd74bee" ],
        "Server": [ "Microsoft-IIS/10.0" ],
        "X-AspNet-Version": [ "4.0.30319" ],
        "X-Powered-By": [ "ASP.NET" ],
        "x-ms-ratelimit-remaining-subscription-reads": [ "11706" ],
        "x-ms-correlation-request-id": [ "ade441bd-e950-4425-8712-6639823dc022" ],
        "x-ms-routing-request-id": [ "WESTUS:20200616T004215Z:ade441bd-e950-4425-8712-6639823dc022" ],
        "X-Content-Type-Options": [ "nosniff" ],
        "Date": [ "Tue, 16 Jun 2020 00:42:14 GMT" ]
      },
      "ContentHeaders": {
        "Content-Length": [ "11835" ],
        "Content-Type": [ "application/json" ],
        "Expires": [ "-1" ]
      },
      "Content": "{\"value\":[{\"id\":\"/subscriptions/3c4c30a8-1259-4f75-b267-fc4d7a7855eb/providers/Microsoft.Web/geoRegions/Central US\",\"name\":\"Central US\",\"type\":\"Microsoft.Web/geoRegions\",\"properties\":{\"name\":\"Central US\",\"description\":null,\"sortOrder\":0,\"displayName\":\"Central US\",\"orgDomain\":\"PUBLIC;DREAMSPARK;MSFTPUBLIC;FUNCTIONS;DYNAMIC;DSERIES;LINUX;LINUXDSERIES;ELASTICPREMIUM;LINUXFREE;LINUXDYNAMIC;ELASTICLINUX\"}},{\"id\":\"/subscriptions/3c4c30a8-1259-4f75-b267-fc4d7a7855eb/providers/Microsoft.Web/geoRegions/North Europe\",\"name\":\"North Europe\",\"type\":\"Microsoft.Web/geoRegions\",\"properties\":{\"name\":\"North Europe\",\"description\":\"\",\"sortOrder\":1,\"displayName\":\"North Europe\",\"orgDomain\":\"PUBLIC;DREAMSPARK;MSFTPUBLIC;FUNCTIONS;DYNAMIC;DSERIES;LINUX;LINUXDSERIES;XENON;ELASTICPREMIUM;LINUXFREE;ELASTICLINUX;LINUXDYNAMIC\"}},{\"id\":\"/subscriptions/3c4c30a8-1259-4f75-b267-fc4d7a7855eb/providers/Microsoft.Web/geoRegions/West Europe\",\"name\":\"West Europe\",\"type\":\"Microsoft.Web/geoRegions\",\"properties\":{\"name\":\"West Europe\",\"description\":null,\"sortOrder\":2,\"displayName\":\"West Europe\",\"orgDomain\":\"PUBLIC;DREAMSPARK;MSFTPUBLIC;FUNCTIONS;DYNAMIC;LINUX;DSERIES;LINUXDSERIES;XENON;SFCONTAINERS;LINUXDYNAMIC;ELASTICPREMIUM;ELASTICLINUX;LINUXFREE\"}},{\"id\":\"/subscriptions/3c4c30a8-1259-4f75-b267-fc4d7a7855eb/providers/Microsoft.Web/geoRegions/Southeast Asia\",\"name\":\"Southeast Asia\",\"type\":\"Microsoft.Web/geoRegions\",\"properties\":{\"name\":\"Southeast Asia\",\"description\":\"\",\"sortOrder\":3,\"displayName\":\"Southeast Asia\",\"orgDomain\":\"PUBLIC;DREAMSPARK;MSFTPUBLIC;FUNCTIONS;DYNAMIC;LINUX;DSERIES;LINUXDSERIES;XENON;ELASTICPREMIUM;LINUXFREE;ELASTICLINUX;LINUXDYNAMIC\"}},{\"id\":\"/subscriptions/3c4c30a8-1259-4f75-b267-fc4d7a7855eb/providers/Microsoft.Web/geoRegions/East Asia\",\"name\":\"East Asia\",\"type\":\"Microsoft.Web/geoRegions\",\"properties\":{\"name\":\"East Asia\",\"description\":null,\"sortOrder\":4,\"displayName\":\"East Asia\",\"orgDomain\":\"PUBLIC;DREAMSPARK;MSFTPUBLIC;FUNCTIONS;DYNAMIC;LINUX;DSERIES;LINUXDSERIES;SFCONTAINERS;LINUXDYNAMIC;ELASTICPREMIUM;LINUXFREE;ELASTICLINUX\"}},{\"id\":\"/subscriptions/3c4c30a8-1259-4f75-b267-fc4d7a7855eb/providers/Microsoft.Web/geoRegions/West US\",\"name\":\"West US\",\"type\":\"Microsoft.Web/geoRegions\",\"properties\":{\"name\":\"West US\",\"description\":null,\"sortOrder\":5,\"displayName\":\"West US\",\"orgDomain\":\"PUBLIC;DREAMSPARK;MSFTPUBLIC;FUNCTIONS;DYNAMIC;LINUX;DSERIES;LINUXDSERIES;XENON;ELASTICPREMIUM;LINUXFREE;ELASTICLINUX;LINUXDYNAMIC\"}},{\"id\":\"/subscriptions/3c4c30a8-1259-4f75-b267-fc4d7a7855eb/providers/Microsoft.Web/geoRegions/East US\",\"name\":\"East US\",\"type\":\"Microsoft.Web/geoRegions\",\"properties\":{\"name\":\"East US\",\"description\":null,\"sortOrder\":6,\"displayName\":\"East US\",\"orgDomain\":\"PUBLIC;DREAMSPARK;MSFTPUBLIC;FUNCTIONS;DYNAMIC;LINUX;DSERIES;FAKEORG;LINUXDSERIES;XENON;SFCONTAINERS;LINUXDYNAMIC;LINUXFREE;ELASTICLINUX;ELASTICPREMIUM\"}},{\"id\":\"/subscriptions/3c4c30a8-1259-4f75-b267-fc4d7a7855eb/providers/Microsoft.Web/geoRegions/Japan West\",\"name\":\"Japan West\",\"type\":\"Microsoft.Web/geoRegions\",\"properties\":{\"name\":\"Japan West\",\"description\":null,\"sortOrder\":7,\"displayName\":\"Japan West\",\"orgDomain\":\"PUBLIC;DREAMSPARK;MSFTPUBLIC;FUNCTIONS;DYNAMIC;LINUX;DSERIES;LINUXDSERIES;ELASTICPREMIUM;LINUXFREE;ELASTICLINUX\"}},{\"id\":\"/subscriptions/3c4c30a8-1259-4f75-b267-fc4d7a7855eb/providers/Microsoft.Web/geoRegions/Japan East\",\"name\":\"Japan East\",\"type\":\"Microsoft.Web/geoRegions\",\"properties\":{\"name\":\"Japan East\",\"description\":null,\"sortOrder\":8,\"displayName\":\"Japan East\",\"orgDomain\":\"PUBLIC;DREAMSPARK;MSFTPUBLIC;FUNCTIONS;DYNAMIC;LINUX;DSERIES;LINUXDSERIES;LINUXFREE;ELASTICLINUX;ELASTICPREMIUM\"}},{\"id\":\"/subscriptions/3c4c30a8-1259-4f75-b267-fc4d7a7855eb/providers/Microsoft.Web/geoRegions/East US 2\",\"name\":\"East US 2\",\"type\":\"Microsoft.Web/geoRegions\",\"properties\":{\"name\":\"East US 2\",\"description\":null,\"sortOrder\":9,\"displayName\":\"East US 2\",\"orgDomain\":\"PUBLIC;DREAMSPARK;MSFTPUBLIC;FUNCTIONS;DYNAMIC;DSERIES;LINUX;LINUXDSERIES;ELASTICPREMIUM;LINUXFREE;LINUXDYNAMIC;ELASTICLINUX\"}},{\"id\":\"/subscriptions/3c4c30a8-1259-4f75-b267-fc4d7a7855eb/providers/Microsoft.Web/geoRegions/North Central US\",\"name\":\"North Central US\",\"type\":\"Microsoft.Web/geoRegions\",\"properties\":{\"name\":\"North Central US\",\"description\":null,\"sortOrder\":10,\"displayName\":\"North Central US\",\"orgDomain\":\"PUBLIC;DREAMSPARK;MSFTPUBLIC;FUNCTIONS;DYNAMIC;LINUX;DSERIES;LINUXDSERIES;LINUXFREE;ELASTICPREMIUM;ELASTICLINUX\"}},{\"id\":\"/subscriptions/3c4c30a8-1259-4f75-b267-fc4d7a7855eb/providers/Microsoft.Web/geoRegions/South Central US\",\"name\":\"South Central US\",\"type\":\"Microsoft.Web/geoRegions\",\"properties\":{\"name\":\"South Central US\",\"description\":null,\"sortOrder\":11,\"displayName\":\"South Central US\",\"orgDomain\":\"PUBLIC;DREAMSPARK;MSFTPUBLIC;FUNCTIONS;DYNAMIC;DSERIES;LINUX;LINUXDSERIES;ELASTICPREMIUM;LINUXFREE;LINUXDYNAMIC;ELASTICLINUX\"}},{\"id\":\"/subscriptions/3c4c30a8-1259-4f75-b267-fc4d7a7855eb/providers/Microsoft.Web/geoRegions/Brazil South\",\"name\":\"Brazil South\",\"type\":\"Microsoft.Web/geoRegions\",\"properties\":{\"name\":\"Brazil South\",\"description\":null,\"sortOrder\":12,\"displayName\":\"Brazil South\",\"orgDomain\":\"PUBLIC;DREAMSPARK;MSFTPUBLIC;FUNCTIONS;DYNAMIC;LINUX;DSERIES;LINUXDSERIES;LINUXFREE;ELASTICPREMIUM;LINUXDYNAMIC;ELASTICLINUX\"}},{\"id\":\"/subscriptions/3c4c30a8-1259-4f75-b267-fc4d7a7855eb/providers/Microsoft.Web/geoRegions/Australia East\",\"name\":\"Australia East\",\"type\":\"Microsoft.Web/geoRegions\",\"properties\":{\"name\":\"Australia East\",\"description\":null,\"sortOrder\":13,\"displayName\":\"Australia East\",\"orgDomain\":\"PUBLIC;DREAMSPARK;MSFTPUBLIC;FUNCTIONS;DYNAMIC;LINUX;DSERIES;LINUXDSERIES;XENON;ELASTICPREMIUM;LINUXFREE;LINUXDYNAMIC;ELASTICLINUX\"}},{\"id\":\"/subscriptions/3c4c30a8-1259-4f75-b267-fc4d7a7855eb/providers/Microsoft.Web/geoRegions/Australia Southeast\",\"name\":\"Australia Southeast\",\"type\":\"Microsoft.Web/geoRegions\",\"properties\":{\"name\":\"Australia Southeast\",\"description\":null,\"sortOrder\":14,\"displayName\":\"Australia Southeast\",\"orgDomain\":\"PUBLIC;DREAMSPARK;MSFTPUBLIC;FUNCTIONS;DYNAMIC;DSERIES;LINUX;LINUXDSERIES;ELASTICPREMIUM;LINUXFREE;ELASTICLINUX\"}},{\"id\":\"/subscriptions/3c4c30a8-1259-4f75-b267-fc4d7a7855eb/providers/Microsoft.Web/geoRegions/East Asia (Stage)\",\"name\":\"East Asia (Stage)\",\"type\":\"Microsoft.Web/geoRegions\",\"properties\":{\"name\":\"East Asia (Stage)\",\"description\":null,\"sortOrder\":2147483647,\"displayName\":\"East Asia (Stage)\",\"orgDomain\":\"MSFTINT;DSERIES;ELASTICPREMIUM;FUNCTIONS;DYNAMIC;XENON;LINUX;LINUXFREE;LINUXDYNAMIC\"}},{\"id\":\"/subscriptions/3c4c30a8-1259-4f75-b267-fc4d7a7855eb/providers/Microsoft.Web/geoRegions/West India\",\"name\":\"West India\",\"type\":\"Microsoft.Web/geoRegions\",\"properties\":{\"name\":\"West India\",\"description\":null,\"sortOrder\":2147483647,\"displayName\":\"West India\",\"orgDomain\":\"PUBLIC;DREAMSPARK;MSFTPUBLIC;FUNCTIONS;DYNAMIC;LINUX;DSERIES;LINUXDSERIES;ELASTICPREMIUM;LINUXDYNAMIC;ELASTICLINUX\"}},{\"id\":\"/subscriptions/3c4c30a8-1259-4f75-b267-fc4d7a7855eb/providers/Microsoft.Web/geoRegions/South India\",\"name\":\"South India\",\"type\":\"Microsoft.Web/geoRegions\",\"properties\":{\"name\":\"South India\",\"description\":null,\"sortOrder\":2147483647,\"displayName\":\"South India\",\"orgDomain\":\"PUBLIC;DREAMSPARK;MSFTPUBLIC;FUNCTIONS;DYNAMIC;DSERIES;LINUX;LINUXDSERIES;ELASTICPREMIUM\"}},{\"id\":\"/subscriptions/3c4c30a8-1259-4f75-b267-fc4d7a7855eb/providers/Microsoft.Web/geoRegions/Canada Central\",\"name\":\"Canada Central\",\"type\":\"Microsoft.Web/geoRegions\",\"properties\":{\"name\":\"Canada Central\",\"description\":null,\"sortOrder\":2147483647,\"displayName\":\"Canada Central\",\"orgDomain\":\"PUBLIC;DREAMSPARK;MSFTPUBLIC;FUNCTIONS;DYNAMIC;DSERIES;LINUX;LINUXDSERIES;ELASTICPREMIUM;LINUXFREE;ELASTICLINUX\"}},{\"id\":\"/subscriptions/3c4c30a8-1259-4f75-b267-fc4d7a7855eb/providers/Microsoft.Web/geoRegions/West US 2\",\"name\":\"West US 2\",\"type\":\"Microsoft.Web/geoRegions\",\"properties\":{\"name\":\"West US 2\",\"description\":null,\"sortOrder\":2147483647,\"displayName\":\"West US 2\",\"orgDomain\":\"PUBLIC;DREAMSPARK;MSFTPUBLIC;FUNCTIONS;DYNAMIC;LINUX;DSERIES;LINUXDSERIES;LINUXFREE;LINUXDYNAMIC;ELASTICPREMIUM;ELASTICLINUX\"}},{\"id\":\"/subscriptions/3c4c30a8-1259-4f75-b267-fc4d7a7855eb/providers/Microsoft.Web/geoRegions/UK West\",\"name\":\"UK West\",\"type\":\"Microsoft.Web/geoRegions\",\"properties\":{\"name\":\"UK West\",\"description\":null,\"sortOrder\":2147483647,\"displayName\":\"UK West\",\"orgDomain\":\"PUBLIC;MSFTPUBLIC;FUNCTIONS;DYNAMIC;DSERIES;LINUX;LINUXDSERIES;ELASTICPREMIUM;LINUXDYNAMIC;ELASTICLINUX\"}},{\"id\":\"/subscriptions/3c4c30a8-1259-4f75-b267-fc4d7a7855eb/providers/Microsoft.Web/geoRegions/UK South\",\"name\":\"UK South\",\"type\":\"Microsoft.Web/geoRegions\",\"properties\":{\"name\":\"UK South\",\"description\":null,\"sortOrder\":2147483647,\"displayName\":\"UK South\",\"orgDomain\":\"PUBLIC;MSFTPUBLIC;DYNAMIC;DSERIES;LINUX;LINUXDSERIES;LINUXFREE;LINUXDYNAMIC;ELASTICPREMIUM;ELASTICLINUX\"}},{\"id\":\"/subscriptions/3c4c30a8-1259-4f75-b267-fc4d7a7855eb/providers/Microsoft.Web/geoRegions/East US 2 EUAP\",\"name\":\"East US 2 EUAP\",\"type\":\"Microsoft.Web/geoRegions\",\"properties\":{\"name\":\"East US 2 EUAP\",\"description\":null,\"sortOrder\":2147483647,\"displayName\":\"East US 2 EUAP\",\"orgDomain\":\"EUAP;XENON;DSERIES;ELASTICPREMIUM;FUNCTIONS;DYNAMIC\"}},{\"id\":\"/subscriptions/3c4c30a8-1259-4f75-b267-fc4d7a7855eb/providers/Microsoft.Web/geoRegions/Central US EUAP\",\"name\":\"Central US EUAP\",\"type\":\"Microsoft.Web/geoRegions\",\"properties\":{\"name\":\"Central US EUAP\",\"description\":null,\"sortOrder\":2147483647,\"displayName\":\"Central US EUAP\",\"orgDomain\":\"EUAP;LINUX;DSERIES;ELASTICPREMIUM;LINUXFREE;ELASTICLINUX;LINUXDYNAMIC;DYNAMIC\"}},{\"id\":\"/subscriptions/3c4c30a8-1259-4f75-b267-fc4d7a7855eb/providers/Microsoft.Web/geoRegions/Korea Central\",\"name\":\"Korea Central\",\"type\":\"Microsoft.Web/geoRegions\",\"properties\":{\"name\":\"Korea Central\",\"description\":null,\"sortOrder\":2147483647,\"displayName\":\"Korea Central\",\"orgDomain\":\"PUBLIC;DREAMSPARK;MSFTPUBLIC;FUNCTIONS;DYNAMIC;LINUX;LINUXDSERIES;ELASTICPREMIUM;LINUXFREE;DSERIES;LINUXDYNAMIC;ELASTICLINUX\"}},{\"id\":\"/subscriptions/3c4c30a8-1259-4f75-b267-fc4d7a7855eb/providers/Microsoft.Web/geoRegions/France Central\",\"name\":\"France Central\",\"type\":\"Microsoft.Web/geoRegions\",\"properties\":{\"name\":\"France Central\",\"description\":null,\"sortOrder\":2147483647,\"displayName\":\"France Central\",\"orgDomain\":\"PUBLIC;MSFTPUBLIC;DSERIES;DYNAMIC;LINUX;LINUXDSERIES;ELASTICPREMIUM;LINUXFREE;LINUXDYNAMIC;ELASTICLINUX\"}},{\"id\":\"/subscriptions/3c4c30a8-1259-4f75-b267-fc4d7a7855eb/providers/Microsoft.Web/geoRegions/Australia Central 2\",\"name\":\"Australia Central 2\",\"type\":\"Microsoft.Web/geoRegions\",\"properties\":{\"name\":\"Australia Central 2\",\"description\":null,\"sortOrder\":2147483647,\"displayName\":\"Australia Central 2\",\"orgDomain\":\"PUBLIC;FUNCTIONS;DYNAMIC;DSERIES;LINUX;LINUXDSERIES;LINUXFREE;ELASTICPREMIUM\"}},{\"id\":\"/subscriptions/3c4c30a8-1259-4f75-b267-fc4d7a7855eb/providers/Microsoft.Web/geoRegions/Australia Central\",\"name\":\"Australia Central\",\"type\":\"Microsoft.Web/geoRegions\",\"properties\":{\"name\":\"Australia Central\",\"description\":null,\"sortOrder\":2147483647,\"displayName\":\"Australia Central\",\"orgDomain\":\"PUBLIC;FUNCTIONS;DYNAMIC;DSERIES;LINUX;LINUXDSERIES;LINUXFREE;ELASTICPREMIUM\"}},{\"id\":\"/subscriptions/3c4c30a8-1259-4f75-b267-fc4d7a7855eb/providers/Microsoft.Web/geoRegions/Germany West Central\",\"name\":\"Germany West Central\",\"type\":\"Microsoft.Web/geoRegions\",\"properties\":{\"name\":\"Germany West Central\",\"description\":null,\"sortOrder\":2147483647,\"displayName\":\"Germany West Central\",\"orgDomain\":\"PUBLIC;DSERIES;ELASTICPREMIUM;FUNCTIONS;DYNAMIC\"}},{\"id\":\"/subscriptions/3c4c30a8-1259-4f75-b267-fc4d7a7855eb/providers/Microsoft.Web/geoRegions/Norway East\",\"name\":\"Norway East\",\"type\":\"Microsoft.Web/geoRegions\",\"properties\":{\"name\":\"Norway East\",\"description\":null,\"sortOrder\":2147483647,\"displayName\":\"Norway East\",\"orgDomain\":\"PUBLIC;LINUX;LINUXDSERIES;DSERIES;ELASTICLINUX;ELASTICPREMIUM\"}}],\"nextLink\":null,\"id\":null}"
    }
  },
  "New-AzFunctionAppPlan, Update-AzFunctionAppPlan, and Remove-AzFunctionAppPlan E2E+[NoContext]+Validate New-AzFunctionAppPlan, Update-AzFunctionAppPlan and Remove-AzFunctionAppPlan+$PUT+https://management.azure.com/subscriptions/3c4c30a8-1259-4f75-b267-fc4d7a7855eb/resourceGroups/Functions-Test-Windows-Premium-4m6d0x/providers/Microsoft.Web/serverfarms/Functions-MyPlan-ipkndwm9ay?api-version=2019-08-01+2": {
    "Request": {
      "Method": "PUT",
      "RequestUri": "https://management.azure.com/subscriptions/3c4c30a8-1259-4f75-b267-fc4d7a7855eb/resourceGroups/Functions-Test-Windows-Premium-4m6d0x/providers/Microsoft.Web/serverfarms/Functions-MyPlan-ipkndwm9ay?api-version=2019-08-01",
      "Content": "{\r\n  \"location\": \"centralus\",\r\n  \"properties\": {\r\n    \"maximumElasticWorkerCount\": 3,\r\n    \"reserved\": false\r\n  },\r\n  \"sku\": {\r\n    \"name\": \"EP1\",\r\n    \"capacity\": 1,\r\n    \"tier\": \"ElasticPremium\"\r\n  }\r\n}",
      "Headers": {
      },
      "ContentHeaders": {
        "Content-Type": [ "application/json" ],
        "Content-Length": [ "204" ]
      }
    },
    "Response": {
      "StatusCode": 200,
      "Headers": {
        "Cache-Control": [ "no-cache" ],
        "Pragma": [ "no-cache" ],
        "Strict-Transport-Security": [ "max-age=31536000; includeSubDomains" ],
        "x-ms-request-id": [ "001238da-410f-47e9-b00a-9ae4275ae2df" ],
        "Server": [ "Microsoft-IIS/10.0" ],
        "X-AspNet-Version": [ "4.0.30319" ],
        "X-Powered-By": [ "ASP.NET" ],
        "x-ms-ratelimit-remaining-subscription-writes": [ "1153" ],
        "x-ms-correlation-request-id": [ "cc0c3c0f-a132-4be8-8bf8-060c6a4c97bc" ],
        "x-ms-routing-request-id": [ "WESTUS:20200616T004218Z:cc0c3c0f-a132-4be8-8bf8-060c6a4c97bc" ],
        "X-Content-Type-Options": [ "nosniff" ],
        "Date": [ "Tue, 16 Jun 2020 00:42:18 GMT" ]
      },
      "ContentHeaders": {
        "Content-Length": [ "1439" ],
        "Content-Type": [ "application/json" ],
        "Expires": [ "-1" ]
      },
      "Content": "{\"id\":\"/subscriptions/3c4c30a8-1259-4f75-b267-fc4d7a7855eb/resourceGroups/Functions-Test-Windows-Premium-4m6d0x/providers/Microsoft.Web/serverfarms/Functions-MyPlan-ipkndwm9ay\",\"name\":\"Functions-MyPlan-ipkndwm9ay\",\"type\":\"Microsoft.Web/serverfarms\",\"kind\":\"elastic\",\"location\":\"Central US\",\"properties\":{\"serverFarmId\":42706,\"name\":\"Functions-MyPlan-ipkndwm9ay\",\"workerSize\":\"D1\",\"workerSizeId\":3,\"workerTierName\":null,\"numberOfWorkers\":1,\"currentWorkerSize\":\"D1\",\"currentWorkerSizeId\":3,\"currentNumberOfWorkers\":1,\"status\":\"Ready\",\"webSpace\":\"Functions-Test-Windows-Premium-4m6d0x-CentralUSwebspace\",\"subscription\":\"3c4c30a8-1259-4f75-b267-fc4d7a7855eb\",\"adminSiteName\":null,\"hostingEnvironment\":null,\"hostingEnvironmentProfile\":null,\"maximumNumberOfWorkers\":20,\"planName\":\"VirtualDedicatedPlan\",\"adminRuntimeSiteName\":null,\"computeMode\":\"Dedicated\",\"siteMode\":null,\"geoRegion\":\"Central US\",\"perSiteScaling\":false,\"maximumElasticWorkerCount\":3,\"numberOfSites\":0,\"hostingEnvironmentId\":null,\"isSpot\":false,\"spotExpirationTime\":null,\"freeOfferExpirationTime\":null,\"tags\":null,\"kind\":\"elastic\",\"resourceGroup\":\"Functions-Test-Windows-Premium-4m6d0x\",\"reserved\":false,\"isXenon\":false,\"hyperV\":false,\"mdmId\":\"waws-prod-dm1-025_42706\",\"targetWorkerCount\":0,\"targetWorkerSizeId\":0,\"provisioningState\":\"Succeeded\",\"webSiteId\":null,\"existingServerFarmIds\":null},\"sku\":{\"name\":\"EP1\",\"tier\":\"ElasticPremium\",\"size\":\"EP1\",\"family\":\"EP\",\"capacity\":1}}"
    }
  },
  "New-AzFunctionAppPlan, Update-AzFunctionAppPlan, and Remove-AzFunctionAppPlan E2E+[NoContext]+Validate New-AzFunctionAppPlan, Update-AzFunctionAppPlan and Remove-AzFunctionAppPlan+$GET+https://management.azure.com/subscriptions/3c4c30a8-1259-4f75-b267-fc4d7a7855eb/resourceGroups/Functions-Test-Windows-Premium-4m6d0x/providers/Microsoft.Web/serverfarms/Functions-MyPlan-ipkndwm9ay?api-version=2019-08-01+3": {
    "Request": {
      "Method": "GET",
      "RequestUri": "https://management.azure.com/subscriptions/3c4c30a8-1259-4f75-b267-fc4d7a7855eb/resourceGroups/Functions-Test-Windows-Premium-4m6d0x/providers/Microsoft.Web/serverfarms/Functions-MyPlan-ipkndwm9ay?api-version=2019-08-01",
      "Content": null,
      "Headers": {
        "x-ms-unique-id": [ "473" ],
        "x-ms-client-request-id": [ "c353006b-ab8f-463c-8ef1-7117eb071036" ],
        "CommandName": [ "Az.Functions.internal\\Get-AzFunctionAppPlan" ],
        "FullCommandName": [ "Get-AzFunctionAppPlan_Get" ],
        "ParameterSetName": [ "__AllParameterSets" ],
        "User-Agent": [ "AzurePowershell/Az4.0.0-preview" ],
        "Authorization": [ "[Filtered]" ]
      },
      "ContentHeaders": {
      }
    },
    "Response": {
      "StatusCode": 200,
      "Headers": {
        "Cache-Control": [ "no-cache" ],
        "Pragma": [ "no-cache" ],
        "Strict-Transport-Security": [ "max-age=31536000; includeSubDomains" ],
        "x-ms-request-id": [ "5038c65e-13b9-4986-9fb6-9983d15c2565" ],
        "Server": [ "Microsoft-IIS/10.0" ],
        "X-AspNet-Version": [ "4.0.30319" ],
        "X-Powered-By": [ "ASP.NET" ],
        "x-ms-ratelimit-remaining-subscription-reads": [ "11705" ],
        "x-ms-correlation-request-id": [ "d062b2bf-99ce-4d76-a5c4-924c5f566bb5" ],
        "x-ms-routing-request-id": [ "WESTUS:20200616T004218Z:d062b2bf-99ce-4d76-a5c4-924c5f566bb5" ],
        "X-Content-Type-Options": [ "nosniff" ],
        "Date": [ "Tue, 16 Jun 2020 00:42:18 GMT" ]
      },
      "ContentHeaders": {
        "Content-Length": [ "1439" ],
        "Content-Type": [ "application/json" ],
        "Expires": [ "-1" ]
      },
      "Content": "{\"id\":\"/subscriptions/3c4c30a8-1259-4f75-b267-fc4d7a7855eb/resourceGroups/Functions-Test-Windows-Premium-4m6d0x/providers/Microsoft.Web/serverfarms/Functions-MyPlan-ipkndwm9ay\",\"name\":\"Functions-MyPlan-ipkndwm9ay\",\"type\":\"Microsoft.Web/serverfarms\",\"kind\":\"elastic\",\"location\":\"Central US\",\"properties\":{\"serverFarmId\":42706,\"name\":\"Functions-MyPlan-ipkndwm9ay\",\"workerSize\":\"D1\",\"workerSizeId\":3,\"workerTierName\":null,\"numberOfWorkers\":1,\"currentWorkerSize\":\"D1\",\"currentWorkerSizeId\":3,\"currentNumberOfWorkers\":1,\"status\":\"Ready\",\"webSpace\":\"Functions-Test-Windows-Premium-4m6d0x-CentralUSwebspace\",\"subscription\":\"3c4c30a8-1259-4f75-b267-fc4d7a7855eb\",\"adminSiteName\":null,\"hostingEnvironment\":null,\"hostingEnvironmentProfile\":null,\"maximumNumberOfWorkers\":20,\"planName\":\"VirtualDedicatedPlan\",\"adminRuntimeSiteName\":null,\"computeMode\":\"Dedicated\",\"siteMode\":null,\"geoRegion\":\"Central US\",\"perSiteScaling\":false,\"maximumElasticWorkerCount\":3,\"numberOfSites\":0,\"hostingEnvironmentId\":null,\"isSpot\":false,\"spotExpirationTime\":null,\"freeOfferExpirationTime\":null,\"tags\":null,\"kind\":\"elastic\",\"resourceGroup\":\"Functions-Test-Windows-Premium-4m6d0x\",\"reserved\":false,\"isXenon\":false,\"hyperV\":false,\"mdmId\":\"waws-prod-dm1-025_42706\",\"targetWorkerCount\":0,\"targetWorkerSizeId\":0,\"provisioningState\":\"Succeeded\",\"webSiteId\":null,\"existingServerFarmIds\":null},\"sku\":{\"name\":\"EP1\",\"tier\":\"ElasticPremium\",\"size\":\"EP1\",\"family\":\"EP\",\"capacity\":1}}"
    }
  },
  "New-AzFunctionAppPlan, Update-AzFunctionAppPlan, and Remove-AzFunctionAppPlan E2E+[NoContext]+Validate New-AzFunctionAppPlan, Update-AzFunctionAppPlan and Remove-AzFunctionAppPlan+$GET+https://management.azure.com/subscriptions/3c4c30a8-1259-4f75-b267-fc4d7a7855eb/resourceGroups/Functions-Test-Windows-Premium-4m6d0x/providers/Microsoft.Web/serverfarms/Functions-MyPlan-ipkndwm9ay?api-version=2019-08-01+4": {
    "Request": {
      "Method": "GET",
      "RequestUri": "https://management.azure.com/subscriptions/3c4c30a8-1259-4f75-b267-fc4d7a7855eb/resourceGroups/Functions-Test-Windows-Premium-4m6d0x/providers/Microsoft.Web/serverfarms/Functions-MyPlan-ipkndwm9ay?api-version=2019-08-01",
      "Content": null,
      "Headers": {
        "x-ms-unique-id": [ "474" ],
        "x-ms-client-request-id": [ "cb7a0e9e-3131-48e5-af96-477886006e46" ],
        "CommandName": [ "Az.Functions.internal\\Get-AzFunctionAppPlan" ],
        "FullCommandName": [ "Get-AzFunctionAppPlan_Get" ],
        "ParameterSetName": [ "__AllParameterSets" ],
        "User-Agent": [ "AzurePowershell/Az4.0.0-preview" ],
        "Authorization": [ "[Filtered]" ]
      },
      "ContentHeaders": {
      }
    },
    "Response": {
      "StatusCode": 200,
      "Headers": {
        "Cache-Control": [ "no-cache" ],
        "Pragma": [ "no-cache" ],
        "Strict-Transport-Security": [ "max-age=31536000; includeSubDomains" ],
        "x-ms-request-id": [ "50a524c3-e8bd-42a9-82e4-bda2bd938ed9" ],
        "Server": [ "Microsoft-IIS/10.0" ],
        "X-AspNet-Version": [ "4.0.30319" ],
        "X-Powered-By": [ "ASP.NET" ],
        "x-ms-ratelimit-remaining-subscription-reads": [ "11704" ],
        "x-ms-correlation-request-id": [ "28a2d6df-4bf9-489f-ae77-132849a67a70" ],
        "x-ms-routing-request-id": [ "WESTUS:20200616T004219Z:28a2d6df-4bf9-489f-ae77-132849a67a70" ],
        "X-Content-Type-Options": [ "nosniff" ],
        "Date": [ "Tue, 16 Jun 2020 00:42:18 GMT" ]
      },
      "ContentHeaders": {
        "Content-Length": [ "1439" ],
        "Content-Type": [ "application/json" ],
        "Expires": [ "-1" ]
      },
      "Content": "{\"id\":\"/subscriptions/3c4c30a8-1259-4f75-b267-fc4d7a7855eb/resourceGroups/Functions-Test-Windows-Premium-4m6d0x/providers/Microsoft.Web/serverfarms/Functions-MyPlan-ipkndwm9ay\",\"name\":\"Functions-MyPlan-ipkndwm9ay\",\"type\":\"Microsoft.Web/serverfarms\",\"kind\":\"elastic\",\"location\":\"Central US\",\"properties\":{\"serverFarmId\":42706,\"name\":\"Functions-MyPlan-ipkndwm9ay\",\"workerSize\":\"D1\",\"workerSizeId\":3,\"workerTierName\":null,\"numberOfWorkers\":1,\"currentWorkerSize\":\"D1\",\"currentWorkerSizeId\":3,\"currentNumberOfWorkers\":1,\"status\":\"Ready\",\"webSpace\":\"Functions-Test-Windows-Premium-4m6d0x-CentralUSwebspace\",\"subscription\":\"3c4c30a8-1259-4f75-b267-fc4d7a7855eb\",\"adminSiteName\":null,\"hostingEnvironment\":null,\"hostingEnvironmentProfile\":null,\"maximumNumberOfWorkers\":20,\"planName\":\"VirtualDedicatedPlan\",\"adminRuntimeSiteName\":null,\"computeMode\":\"Dedicated\",\"siteMode\":null,\"geoRegion\":\"Central US\",\"perSiteScaling\":false,\"maximumElasticWorkerCount\":3,\"numberOfSites\":0,\"hostingEnvironmentId\":null,\"isSpot\":false,\"spotExpirationTime\":null,\"freeOfferExpirationTime\":null,\"tags\":null,\"kind\":\"elastic\",\"resourceGroup\":\"Functions-Test-Windows-Premium-4m6d0x\",\"reserved\":false,\"isXenon\":false,\"hyperV\":false,\"mdmId\":\"waws-prod-dm1-025_42706\",\"targetWorkerCount\":0,\"targetWorkerSizeId\":0,\"provisioningState\":\"Succeeded\",\"webSiteId\":null,\"existingServerFarmIds\":null},\"sku\":{\"name\":\"EP1\",\"tier\":\"ElasticPremium\",\"size\":\"EP1\",\"family\":\"EP\",\"capacity\":1}}"
    }
  },
  "New-AzFunctionAppPlan, Update-AzFunctionAppPlan, and Remove-AzFunctionAppPlan E2E+[NoContext]+Validate New-AzFunctionAppPlan, Update-AzFunctionAppPlan and Remove-AzFunctionAppPlan+$PUT+https://management.azure.com/subscriptions/3c4c30a8-1259-4f75-b267-fc4d7a7855eb/resourceGroups/Functions-Test-Windows-Premium-4m6d0x/providers/Microsoft.Web/serverfarms/Functions-MyPlan-ipkndwm9ay?api-version=2019-08-01+5": {
    "Request": {
      "Method": "PUT",
      "RequestUri": "https://management.azure.com/subscriptions/3c4c30a8-1259-4f75-b267-fc4d7a7855eb/resourceGroups/Functions-Test-Windows-Premium-4m6d0x/providers/Microsoft.Web/serverfarms/Functions-MyPlan-ipkndwm9ay?api-version=2019-08-01",
      "Content": "{\r\n  \"location\": \"Central US\",\r\n  \"properties\": {\r\n    \"maximumElasticWorkerCount\": 5,\r\n    \"reserved\": false\r\n  },\r\n  \"sku\": {\r\n    \"name\": \"EP3\",\r\n    \"capacity\": 1,\r\n    \"tier\": \"ElasticPremium\"\r\n  }\r\n}",
      "Headers": {
      },
      "ContentHeaders": {
        "Content-Type": [ "application/json" ],
        "Content-Length": [ "205" ]
      }
    },
    "Response": {
      "StatusCode": 200,
      "Headers": {
        "Cache-Control": [ "no-cache" ],
        "Pragma": [ "no-cache" ],
        "Strict-Transport-Security": [ "max-age=31536000; includeSubDomains" ],
        "x-ms-request-id": [ "a4b0b4a5-fc59-460d-a950-e2f382994a34" ],
        "Server": [ "Microsoft-IIS/10.0" ],
        "X-AspNet-Version": [ "4.0.30319" ],
        "X-Powered-By": [ "ASP.NET" ],
        "x-ms-ratelimit-remaining-subscription-writes": [ "1152" ],
        "x-ms-correlation-request-id": [ "30f5bf5e-a4d0-4c1c-8af5-a6b9a828cc8b" ],
        "x-ms-routing-request-id": [ "WESTUS:20200616T004222Z:30f5bf5e-a4d0-4c1c-8af5-a6b9a828cc8b" ],
        "X-Content-Type-Options": [ "nosniff" ],
        "Date": [ "Tue, 16 Jun 2020 00:42:21 GMT" ]
      },
      "ContentHeaders": {
        "Content-Length": [ "1489" ],
        "Content-Type": [ "application/json" ],
        "Expires": [ "-1" ]
      },
      "Content": "{\"id\":\"/subscriptions/3c4c30a8-1259-4f75-b267-fc4d7a7855eb/resourceGroups/Functions-Test-Windows-Premium-4m6d0x/providers/Microsoft.Web/serverfarms/Functions-MyPlan-ipkndwm9ay\",\"name\":\"Functions-MyPlan-ipkndwm9ay\",\"type\":\"Microsoft.Web/serverfarms\",\"kind\":\"elastic\",\"location\":\"Central US\",\"properties\":{\"serverFarmId\":42706,\"name\":\"Functions-MyPlan-ipkndwm9ay\",\"sku\":{\"name\":\"EP3\",\"tier\":\"ElasticPremium\",\"size\":\"EP3\",\"capacity\":1},\"workerSize\":\"D3\",\"workerSizeId\":5,\"workerTierName\":null,\"numberOfWorkers\":1,\"currentWorkerSize\":\"D3\",\"currentWorkerSizeId\":5,\"currentNumberOfWorkers\":1,\"status\":\"Ready\",\"webSpace\":\"Functions-Test-Windows-Premium-4m6d0x-CentralUSwebspace\",\"subscription\":\"3c4c30a8-1259-4f75-b267-fc4d7a7855eb\",\"adminSiteName\":null,\"hostingEnvironment\":null,\"hostingEnvironmentProfile\":null,\"maximumNumberOfWorkers\":20,\"planName\":\"VirtualDedicatedPlan\",\"adminRuntimeSiteName\":null,\"computeMode\":\"Dedicated\",\"siteMode\":null,\"geoRegion\":\"Central US\",\"perSiteScaling\":false,\"maximumElasticWorkerCount\":5,\"numberOfSites\":0,\"hostingEnvironmentId\":null,\"isSpot\":false,\"spotExpirationTime\":null,\"freeOfferExpirationTime\":null,\"tags\":null,\"kind\":\"elastic\",\"resourceGroup\":\"Functions-Test-Windows-Premium-4m6d0x\",\"reserved\":false,\"isXenon\":false,\"hyperV\":false,\"mdmId\":\"waws-prod-dm1-025_42706\",\"targetWorkerCount\":0,\"targetWorkerSizeId\":0,\"provisioningState\":null,\"webSiteId\":null,\"existingServerFarmIds\":null},\"sku\":{\"name\":\"EP3\",\"tier\":\"ElasticPremium\",\"size\":\"EP3\",\"capacity\":1}}"
    }
  },
  "New-AzFunctionAppPlan, Update-AzFunctionAppPlan, and Remove-AzFunctionAppPlan E2E+[NoContext]+Validate New-AzFunctionAppPlan, Update-AzFunctionAppPlan and Remove-AzFunctionAppPlan+$GET+https://management.azure.com/subscriptions/3c4c30a8-1259-4f75-b267-fc4d7a7855eb/resourceGroups/Functions-Test-Windows-Premium-4m6d0x/providers/Microsoft.Web/serverfarms/Functions-MyPlan-ipkndwm9ay?api-version=2019-08-01+6": {
    "Request": {
      "Method": "GET",
      "RequestUri": "https://management.azure.com/subscriptions/3c4c30a8-1259-4f75-b267-fc4d7a7855eb/resourceGroups/Functions-Test-Windows-Premium-4m6d0x/providers/Microsoft.Web/serverfarms/Functions-MyPlan-ipkndwm9ay?api-version=2019-08-01",
      "Content": null,
      "Headers": {
        "x-ms-unique-id": [ "476" ],
        "x-ms-client-request-id": [ "acf7f0e9-5350-484f-9884-0d51379315ff" ],
        "CommandName": [ "Az.Functions.internal\\Get-AzFunctionAppPlan" ],
        "FullCommandName": [ "Get-AzFunctionAppPlan_Get" ],
        "ParameterSetName": [ "__AllParameterSets" ],
        "User-Agent": [ "AzurePowershell/Az4.0.0-preview" ],
        "Authorization": [ "[Filtered]" ]
      },
      "ContentHeaders": {
      }
    },
    "Response": {
      "StatusCode": 200,
      "Headers": {
        "Cache-Control": [ "no-cache" ],
        "Pragma": [ "no-cache" ],
        "Strict-Transport-Security": [ "max-age=31536000; includeSubDomains" ],
        "x-ms-request-id": [ "77ff5848-c77b-4b69-b79f-55977b7af1a3" ],
        "Server": [ "Microsoft-IIS/10.0" ],
        "X-AspNet-Version": [ "4.0.30319" ],
        "X-Powered-By": [ "ASP.NET" ],
        "x-ms-ratelimit-remaining-subscription-reads": [ "11703" ],
        "x-ms-correlation-request-id": [ "46b35bab-37f1-4ac1-8f84-a4002be1eaf4" ],
        "x-ms-routing-request-id": [ "WESTUS:20200616T004222Z:46b35bab-37f1-4ac1-8f84-a4002be1eaf4" ],
        "X-Content-Type-Options": [ "nosniff" ],
        "Date": [ "Tue, 16 Jun 2020 00:42:21 GMT" ]
      },
      "ContentHeaders": {
        "Content-Length": [ "1439" ],
        "Content-Type": [ "application/json" ],
        "Expires": [ "-1" ]
      },
      "Content": "{\"id\":\"/subscriptions/3c4c30a8-1259-4f75-b267-fc4d7a7855eb/resourceGroups/Functions-Test-Windows-Premium-4m6d0x/providers/Microsoft.Web/serverfarms/Functions-MyPlan-ipkndwm9ay\",\"name\":\"Functions-MyPlan-ipkndwm9ay\",\"type\":\"Microsoft.Web/serverfarms\",\"kind\":\"elastic\",\"location\":\"Central US\",\"properties\":{\"serverFarmId\":42706,\"name\":\"Functions-MyPlan-ipkndwm9ay\",\"workerSize\":\"D3\",\"workerSizeId\":5,\"workerTierName\":null,\"numberOfWorkers\":1,\"currentWorkerSize\":\"D3\",\"currentWorkerSizeId\":5,\"currentNumberOfWorkers\":1,\"status\":\"Ready\",\"webSpace\":\"Functions-Test-Windows-Premium-4m6d0x-CentralUSwebspace\",\"subscription\":\"3c4c30a8-1259-4f75-b267-fc4d7a7855eb\",\"adminSiteName\":null,\"hostingEnvironment\":null,\"hostingEnvironmentProfile\":null,\"maximumNumberOfWorkers\":20,\"planName\":\"VirtualDedicatedPlan\",\"adminRuntimeSiteName\":null,\"computeMode\":\"Dedicated\",\"siteMode\":null,\"geoRegion\":\"Central US\",\"perSiteScaling\":false,\"maximumElasticWorkerCount\":5,\"numberOfSites\":0,\"hostingEnvironmentId\":null,\"isSpot\":false,\"spotExpirationTime\":null,\"freeOfferExpirationTime\":null,\"tags\":null,\"kind\":\"elastic\",\"resourceGroup\":\"Functions-Test-Windows-Premium-4m6d0x\",\"reserved\":false,\"isXenon\":false,\"hyperV\":false,\"mdmId\":\"waws-prod-dm1-025_42706\",\"targetWorkerCount\":0,\"targetWorkerSizeId\":0,\"provisioningState\":\"Succeeded\",\"webSiteId\":null,\"existingServerFarmIds\":null},\"sku\":{\"name\":\"EP3\",\"tier\":\"ElasticPremium\",\"size\":\"EP3\",\"family\":\"EP\",\"capacity\":1}}"
    }
  },
  "New-AzFunctionAppPlan, Update-AzFunctionAppPlan, and Remove-AzFunctionAppPlan E2E+[NoContext]+Validate New-AzFunctionAppPlan, Update-AzFunctionAppPlan and Remove-AzFunctionAppPlan+$GET+https://management.azure.com/subscriptions/3c4c30a8-1259-4f75-b267-fc4d7a7855eb/resourceGroups/Functions-Test-Windows-Premium-4m6d0x/providers/Microsoft.Web/serverfarms/Functions-MyPlan-ipkndwm9ay?api-version=2019-08-01+7": {
    "Request": {
      "Method": "GET",
      "RequestUri": "https://management.azure.com/subscriptions/3c4c30a8-1259-4f75-b267-fc4d7a7855eb/resourceGroups/Functions-Test-Windows-Premium-4m6d0x/providers/Microsoft.Web/serverfarms/Functions-MyPlan-ipkndwm9ay?api-version=2019-08-01",
      "Content": null,
      "Headers": {
        "x-ms-unique-id": [ "477" ],
        "x-ms-client-request-id": [ "5587feae-4591-4aa6-b0b5-fa89bfe4d1ef" ],
        "CommandName": [ "Az.Functions.internal\\Get-AzFunctionAppPlan" ],
        "FullCommandName": [ "Get-AzFunctionAppPlan_Get" ],
        "ParameterSetName": [ "__AllParameterSets" ],
        "User-Agent": [ "AzurePowershell/Az4.0.0-preview" ],
        "Authorization": [ "[Filtered]" ]
      },
      "ContentHeaders": {
      }
    },
    "Response": {
      "StatusCode": 200,
      "Headers": {
        "Cache-Control": [ "no-cache" ],
        "Pragma": [ "no-cache" ],
        "Strict-Transport-Security": [ "max-age=31536000; includeSubDomains" ],
        "x-ms-request-id": [ "fc5ba179-597c-43f9-8e16-08035ba1f40d" ],
        "Server": [ "Microsoft-IIS/10.0" ],
        "X-AspNet-Version": [ "4.0.30319" ],
        "X-Powered-By": [ "ASP.NET" ],
        "x-ms-ratelimit-remaining-subscription-reads": [ "11702" ],
        "x-ms-correlation-request-id": [ "d1178252-56f3-41f3-82ad-eca079982415" ],
        "x-ms-routing-request-id": [ "WESTUS:20200616T004222Z:d1178252-56f3-41f3-82ad-eca079982415" ],
        "X-Content-Type-Options": [ "nosniff" ],
        "Date": [ "Tue, 16 Jun 2020 00:42:22 GMT" ]
      },
      "ContentHeaders": {
        "Content-Length": [ "1439" ],
        "Content-Type": [ "application/json" ],
        "Expires": [ "-1" ]
      },
      "Content": "{\"id\":\"/subscriptions/3c4c30a8-1259-4f75-b267-fc4d7a7855eb/resourceGroups/Functions-Test-Windows-Premium-4m6d0x/providers/Microsoft.Web/serverfarms/Functions-MyPlan-ipkndwm9ay\",\"name\":\"Functions-MyPlan-ipkndwm9ay\",\"type\":\"Microsoft.Web/serverfarms\",\"kind\":\"elastic\",\"location\":\"Central US\",\"properties\":{\"serverFarmId\":42706,\"name\":\"Functions-MyPlan-ipkndwm9ay\",\"workerSize\":\"D3\",\"workerSizeId\":5,\"workerTierName\":null,\"numberOfWorkers\":1,\"currentWorkerSize\":\"D3\",\"currentWorkerSizeId\":5,\"currentNumberOfWorkers\":1,\"status\":\"Ready\",\"webSpace\":\"Functions-Test-Windows-Premium-4m6d0x-CentralUSwebspace\",\"subscription\":\"3c4c30a8-1259-4f75-b267-fc4d7a7855eb\",\"adminSiteName\":null,\"hostingEnvironment\":null,\"hostingEnvironmentProfile\":null,\"maximumNumberOfWorkers\":20,\"planName\":\"VirtualDedicatedPlan\",\"adminRuntimeSiteName\":null,\"computeMode\":\"Dedicated\",\"siteMode\":null,\"geoRegion\":\"Central US\",\"perSiteScaling\":false,\"maximumElasticWorkerCount\":5,\"numberOfSites\":0,\"hostingEnvironmentId\":null,\"isSpot\":false,\"spotExpirationTime\":null,\"freeOfferExpirationTime\":null,\"tags\":null,\"kind\":\"elastic\",\"resourceGroup\":\"Functions-Test-Windows-Premium-4m6d0x\",\"reserved\":false,\"isXenon\":false,\"hyperV\":false,\"mdmId\":\"waws-prod-dm1-025_42706\",\"targetWorkerCount\":0,\"targetWorkerSizeId\":0,\"provisioningState\":\"Succeeded\",\"webSiteId\":null,\"existingServerFarmIds\":null},\"sku\":{\"name\":\"EP3\",\"tier\":\"ElasticPremium\",\"size\":\"EP3\",\"family\":\"EP\",\"capacity\":1}}"
    }
  },
  "New-AzFunctionAppPlan, Update-AzFunctionAppPlan, and Remove-AzFunctionAppPlan E2E+[NoContext]+Validate New-AzFunctionAppPlan, Update-AzFunctionAppPlan and Remove-AzFunctionAppPlan+$DELETE+https://management.azure.com/subscriptions/3c4c30a8-1259-4f75-b267-fc4d7a7855eb/resourceGroups/Functions-Test-Windows-Premium-4m6d0x/providers/Microsoft.Web/serverfarms/Functions-MyPlan-ipkndwm9ay?api-version=2019-08-01+8": {
    "Request": {
      "Method": "DELETE",
      "RequestUri": "https://management.azure.com/subscriptions/3c4c30a8-1259-4f75-b267-fc4d7a7855eb/resourceGroups/Functions-Test-Windows-Premium-4m6d0x/providers/Microsoft.Web/serverfarms/Functions-MyPlan-ipkndwm9ay?api-version=2019-08-01",
      "Content": null,
      "Headers": {
        "x-ms-unique-id": [ "478" ],
        "x-ms-client-request-id": [ "b8a3077b-ae1a-4d2f-ab78-cf8ed545c96b" ],
        "CommandName": [ "Az.Functions.internal\\Remove-AzFunctionAppPlan" ],
        "FullCommandName": [ "Remove-AzFunctionAppPlan_DeleteViaIdentity" ],
        "ParameterSetName": [ "__AllParameterSets" ],
        "User-Agent": [ "AzurePowershell/Az4.0.0-preview" ],
        "Authorization": [ "[Filtered]" ]
      },
      "ContentHeaders": {
      }
    },
    "Response": {
      "StatusCode": 200,
      "Headers": {
        "Cache-Control": [ "no-cache" ],
        "Pragma": [ "no-cache" ],
        "Strict-Transport-Security": [ "max-age=31536000; includeSubDomains" ],
        "x-ms-request-id": [ "f8ecd4c2-125a-4647-be76-61e112aa6961" ],
        "Server": [ "Microsoft-IIS/10.0" ],
        "X-AspNet-Version": [ "4.0.30319" ],
        "X-Powered-By": [ "ASP.NET" ],
        "x-ms-ratelimit-remaining-subscription-deletes": [ "14985" ],
        "x-ms-correlation-request-id": [ "2c16c197-008f-4348-a2f8-7c7568ee9925" ],
        "x-ms-routing-request-id": [ "WESTUS:20200616T004224Z:2c16c197-008f-4348-a2f8-7c7568ee9925" ],
        "X-Content-Type-Options": [ "nosniff" ],
        "Date": [ "Tue, 16 Jun 2020 00:42:23 GMT" ]
      },
      "ContentHeaders": {
        "Expires": [ "-1" ],
        "Content-Length": [ "0" ]
      },
      "Content": null
    }
  },
  "New-AzFunctionAppPlan, Update-AzFunctionAppPlan, and Remove-AzFunctionAppPlan E2E+[NoContext]+Validate New-AzFunctionAppPlan, Update-AzFunctionAppPlan and Remove-AzFunctionAppPlan with piping (specifying InputObject)+$GET+https://management.azure.com/subscriptions/3c4c30a8-1259-4f75-b267-fc4d7a7855eb/providers/Microsoft.Web/geoRegions?sku=ElasticPremium\u0026linuxWorkersEnabled=False\u0026api-version=2019-08-01+1": {
    "Request": {
      "Method": "GET",
      "RequestUri": "https://management.azure.com/subscriptions/3c4c30a8-1259-4f75-b267-fc4d7a7855eb/providers/Microsoft.Web/geoRegions?sku=ElasticPremium\u0026linuxWorkersEnabled=False\u0026api-version=2019-08-01",
      "Content": null,
      "Headers": {
        "x-ms-unique-id": [ "479" ],
        "x-ms-client-request-id": [ "6452c7e0-f64c-4deb-a457-52dbbea4d676" ],
        "CommandName": [ "Az.Functions.internal\\Get-AzFunctionAppAvailableLocation" ],
        "FullCommandName": [ "Get-AzFunctionAppAvailableLocation_List" ],
        "ParameterSetName": [ "__AllParameterSets" ],
        "User-Agent": [ "AzurePowershell/Az4.0.0-preview" ],
        "Authorization": [ "[Filtered]" ]
      },
      "ContentHeaders": {
      }
    },
    "Response": {
      "StatusCode": 200,
      "Headers": {
        "Cache-Control": [ "no-cache" ],
        "Pragma": [ "no-cache" ],
        "Strict-Transport-Security": [ "max-age=31536000; includeSubDomains" ],
        "x-ms-request-id": [ "d7ed51da-8205-4f48-ab38-d3503703c305" ],
        "Server": [ "Microsoft-IIS/10.0" ],
        "X-AspNet-Version": [ "4.0.30319" ],
        "X-Powered-By": [ "ASP.NET" ],
        "x-ms-ratelimit-remaining-subscription-reads": [ "11701" ],
        "x-ms-correlation-request-id": [ "b09bbb7b-1085-43ab-8bae-d5b8c3e3d570" ],
        "x-ms-routing-request-id": [ "WESTUS:20200616T004224Z:b09bbb7b-1085-43ab-8bae-d5b8c3e3d570" ],
        "X-Content-Type-Options": [ "nosniff" ],
        "Date": [ "Tue, 16 Jun 2020 00:42:23 GMT" ]
      },
      "ContentHeaders": {
        "Content-Length": [ "11835" ],
        "Content-Type": [ "application/json" ],
        "Expires": [ "-1" ]
      },
      "Content": "{\"value\":[{\"id\":\"/subscriptions/3c4c30a8-1259-4f75-b267-fc4d7a7855eb/providers/Microsoft.Web/geoRegions/Central US\",\"name\":\"Central US\",\"type\":\"Microsoft.Web/geoRegions\",\"properties\":{\"name\":\"Central US\",\"description\":null,\"sortOrder\":0,\"displayName\":\"Central US\",\"orgDomain\":\"PUBLIC;DREAMSPARK;MSFTPUBLIC;FUNCTIONS;DYNAMIC;DSERIES;LINUX;LINUXDSERIES;ELASTICPREMIUM;LINUXFREE;LINUXDYNAMIC;ELASTICLINUX\"}},{\"id\":\"/subscriptions/3c4c30a8-1259-4f75-b267-fc4d7a7855eb/providers/Microsoft.Web/geoRegions/North Europe\",\"name\":\"North Europe\",\"type\":\"Microsoft.Web/geoRegions\",\"properties\":{\"name\":\"North Europe\",\"description\":\"\",\"sortOrder\":1,\"displayName\":\"North Europe\",\"orgDomain\":\"PUBLIC;DREAMSPARK;MSFTPUBLIC;FUNCTIONS;DYNAMIC;DSERIES;LINUX;LINUXDSERIES;XENON;ELASTICPREMIUM;LINUXFREE;ELASTICLINUX;LINUXDYNAMIC\"}},{\"id\":\"/subscriptions/3c4c30a8-1259-4f75-b267-fc4d7a7855eb/providers/Microsoft.Web/geoRegions/West Europe\",\"name\":\"West Europe\",\"type\":\"Microsoft.Web/geoRegions\",\"properties\":{\"name\":\"West Europe\",\"description\":null,\"sortOrder\":2,\"displayName\":\"West Europe\",\"orgDomain\":\"PUBLIC;DREAMSPARK;MSFTPUBLIC;FUNCTIONS;DYNAMIC;LINUX;DSERIES;LINUXDSERIES;XENON;SFCONTAINERS;LINUXDYNAMIC;ELASTICPREMIUM;ELASTICLINUX;LINUXFREE\"}},{\"id\":\"/subscriptions/3c4c30a8-1259-4f75-b267-fc4d7a7855eb/providers/Microsoft.Web/geoRegions/Southeast Asia\",\"name\":\"Southeast Asia\",\"type\":\"Microsoft.Web/geoRegions\",\"properties\":{\"name\":\"Southeast Asia\",\"description\":\"\",\"sortOrder\":3,\"displayName\":\"Southeast Asia\",\"orgDomain\":\"PUBLIC;DREAMSPARK;MSFTPUBLIC;FUNCTIONS;DYNAMIC;LINUX;DSERIES;LINUXDSERIES;XENON;ELASTICPREMIUM;LINUXFREE;ELASTICLINUX;LINUXDYNAMIC\"}},{\"id\":\"/subscriptions/3c4c30a8-1259-4f75-b267-fc4d7a7855eb/providers/Microsoft.Web/geoRegions/East Asia\",\"name\":\"East Asia\",\"type\":\"Microsoft.Web/geoRegions\",\"properties\":{\"name\":\"East Asia\",\"description\":null,\"sortOrder\":4,\"displayName\":\"East Asia\",\"orgDomain\":\"PUBLIC;DREAMSPARK;MSFTPUBLIC;FUNCTIONS;DYNAMIC;LINUX;DSERIES;LINUXDSERIES;SFCONTAINERS;LINUXDYNAMIC;ELASTICPREMIUM;LINUXFREE;ELASTICLINUX\"}},{\"id\":\"/subscriptions/3c4c30a8-1259-4f75-b267-fc4d7a7855eb/providers/Microsoft.Web/geoRegions/West US\",\"name\":\"West US\",\"type\":\"Microsoft.Web/geoRegions\",\"properties\":{\"name\":\"West US\",\"description\":null,\"sortOrder\":5,\"displayName\":\"West US\",\"orgDomain\":\"PUBLIC;DREAMSPARK;MSFTPUBLIC;FUNCTIONS;DYNAMIC;LINUX;DSERIES;LINUXDSERIES;XENON;ELASTICPREMIUM;LINUXFREE;ELASTICLINUX;LINUXDYNAMIC\"}},{\"id\":\"/subscriptions/3c4c30a8-1259-4f75-b267-fc4d7a7855eb/providers/Microsoft.Web/geoRegions/East US\",\"name\":\"East US\",\"type\":\"Microsoft.Web/geoRegions\",\"properties\":{\"name\":\"East US\",\"description\":null,\"sortOrder\":6,\"displayName\":\"East US\",\"orgDomain\":\"PUBLIC;DREAMSPARK;MSFTPUBLIC;FUNCTIONS;DYNAMIC;LINUX;DSERIES;FAKEORG;LINUXDSERIES;XENON;SFCONTAINERS;LINUXDYNAMIC;LINUXFREE;ELASTICLINUX;ELASTICPREMIUM\"}},{\"id\":\"/subscriptions/3c4c30a8-1259-4f75-b267-fc4d7a7855eb/providers/Microsoft.Web/geoRegions/Japan West\",\"name\":\"Japan West\",\"type\":\"Microsoft.Web/geoRegions\",\"properties\":{\"name\":\"Japan West\",\"description\":null,\"sortOrder\":7,\"displayName\":\"Japan West\",\"orgDomain\":\"PUBLIC;DREAMSPARK;MSFTPUBLIC;FUNCTIONS;DYNAMIC;LINUX;DSERIES;LINUXDSERIES;ELASTICPREMIUM;LINUXFREE;ELASTICLINUX\"}},{\"id\":\"/subscriptions/3c4c30a8-1259-4f75-b267-fc4d7a7855eb/providers/Microsoft.Web/geoRegions/Japan East\",\"name\":\"Japan East\",\"type\":\"Microsoft.Web/geoRegions\",\"properties\":{\"name\":\"Japan East\",\"description\":null,\"sortOrder\":8,\"displayName\":\"Japan East\",\"orgDomain\":\"PUBLIC;DREAMSPARK;MSFTPUBLIC;FUNCTIONS;DYNAMIC;LINUX;DSERIES;LINUXDSERIES;LINUXFREE;ELASTICLINUX;ELASTICPREMIUM\"}},{\"id\":\"/subscriptions/3c4c30a8-1259-4f75-b267-fc4d7a7855eb/providers/Microsoft.Web/geoRegions/East US 2\",\"name\":\"East US 2\",\"type\":\"Microsoft.Web/geoRegions\",\"properties\":{\"name\":\"East US 2\",\"description\":null,\"sortOrder\":9,\"displayName\":\"East US 2\",\"orgDomain\":\"PUBLIC;DREAMSPARK;MSFTPUBLIC;FUNCTIONS;DYNAMIC;DSERIES;LINUX;LINUXDSERIES;ELASTICPREMIUM;LINUXFREE;LINUXDYNAMIC;ELASTICLINUX\"}},{\"id\":\"/subscriptions/3c4c30a8-1259-4f75-b267-fc4d7a7855eb/providers/Microsoft.Web/geoRegions/North Central US\",\"name\":\"North Central US\",\"type\":\"Microsoft.Web/geoRegions\",\"properties\":{\"name\":\"North Central US\",\"description\":null,\"sortOrder\":10,\"displayName\":\"North Central US\",\"orgDomain\":\"PUBLIC;DREAMSPARK;MSFTPUBLIC;FUNCTIONS;DYNAMIC;LINUX;DSERIES;LINUXDSERIES;LINUXFREE;ELASTICPREMIUM;ELASTICLINUX\"}},{\"id\":\"/subscriptions/3c4c30a8-1259-4f75-b267-fc4d7a7855eb/providers/Microsoft.Web/geoRegions/South Central US\",\"name\":\"South Central US\",\"type\":\"Microsoft.Web/geoRegions\",\"properties\":{\"name\":\"South Central US\",\"description\":null,\"sortOrder\":11,\"displayName\":\"South Central US\",\"orgDomain\":\"PUBLIC;DREAMSPARK;MSFTPUBLIC;FUNCTIONS;DYNAMIC;DSERIES;LINUX;LINUXDSERIES;ELASTICPREMIUM;LINUXFREE;LINUXDYNAMIC;ELASTICLINUX\"}},{\"id\":\"/subscriptions/3c4c30a8-1259-4f75-b267-fc4d7a7855eb/providers/Microsoft.Web/geoRegions/Brazil South\",\"name\":\"Brazil South\",\"type\":\"Microsoft.Web/geoRegions\",\"properties\":{\"name\":\"Brazil South\",\"description\":null,\"sortOrder\":12,\"displayName\":\"Brazil South\",\"orgDomain\":\"PUBLIC;DREAMSPARK;MSFTPUBLIC;FUNCTIONS;DYNAMIC;LINUX;DSERIES;LINUXDSERIES;LINUXFREE;ELASTICPREMIUM;LINUXDYNAMIC;ELASTICLINUX\"}},{\"id\":\"/subscriptions/3c4c30a8-1259-4f75-b267-fc4d7a7855eb/providers/Microsoft.Web/geoRegions/Australia East\",\"name\":\"Australia East\",\"type\":\"Microsoft.Web/geoRegions\",\"properties\":{\"name\":\"Australia East\",\"description\":null,\"sortOrder\":13,\"displayName\":\"Australia East\",\"orgDomain\":\"PUBLIC;DREAMSPARK;MSFTPUBLIC;FUNCTIONS;DYNAMIC;LINUX;DSERIES;LINUXDSERIES;XENON;ELASTICPREMIUM;LINUXFREE;LINUXDYNAMIC;ELASTICLINUX\"}},{\"id\":\"/subscriptions/3c4c30a8-1259-4f75-b267-fc4d7a7855eb/providers/Microsoft.Web/geoRegions/Australia Southeast\",\"name\":\"Australia Southeast\",\"type\":\"Microsoft.Web/geoRegions\",\"properties\":{\"name\":\"Australia Southeast\",\"description\":null,\"sortOrder\":14,\"displayName\":\"Australia Southeast\",\"orgDomain\":\"PUBLIC;DREAMSPARK;MSFTPUBLIC;FUNCTIONS;DYNAMIC;DSERIES;LINUX;LINUXDSERIES;ELASTICPREMIUM;LINUXFREE;ELASTICLINUX\"}},{\"id\":\"/subscriptions/3c4c30a8-1259-4f75-b267-fc4d7a7855eb/providers/Microsoft.Web/geoRegions/East Asia (Stage)\",\"name\":\"East Asia (Stage)\",\"type\":\"Microsoft.Web/geoRegions\",\"properties\":{\"name\":\"East Asia (Stage)\",\"description\":null,\"sortOrder\":2147483647,\"displayName\":\"East Asia (Stage)\",\"orgDomain\":\"MSFTINT;DSERIES;ELASTICPREMIUM;FUNCTIONS;DYNAMIC;XENON;LINUX;LINUXFREE;LINUXDYNAMIC\"}},{\"id\":\"/subscriptions/3c4c30a8-1259-4f75-b267-fc4d7a7855eb/providers/Microsoft.Web/geoRegions/West India\",\"name\":\"West India\",\"type\":\"Microsoft.Web/geoRegions\",\"properties\":{\"name\":\"West India\",\"description\":null,\"sortOrder\":2147483647,\"displayName\":\"West India\",\"orgDomain\":\"PUBLIC;DREAMSPARK;MSFTPUBLIC;FUNCTIONS;DYNAMIC;LINUX;DSERIES;LINUXDSERIES;ELASTICPREMIUM;LINUXDYNAMIC;ELASTICLINUX\"}},{\"id\":\"/subscriptions/3c4c30a8-1259-4f75-b267-fc4d7a7855eb/providers/Microsoft.Web/geoRegions/South India\",\"name\":\"South India\",\"type\":\"Microsoft.Web/geoRegions\",\"properties\":{\"name\":\"South India\",\"description\":null,\"sortOrder\":2147483647,\"displayName\":\"South India\",\"orgDomain\":\"PUBLIC;DREAMSPARK;MSFTPUBLIC;FUNCTIONS;DYNAMIC;DSERIES;LINUX;LINUXDSERIES;ELASTICPREMIUM\"}},{\"id\":\"/subscriptions/3c4c30a8-1259-4f75-b267-fc4d7a7855eb/providers/Microsoft.Web/geoRegions/Canada Central\",\"name\":\"Canada Central\",\"type\":\"Microsoft.Web/geoRegions\",\"properties\":{\"name\":\"Canada Central\",\"description\":null,\"sortOrder\":2147483647,\"displayName\":\"Canada Central\",\"orgDomain\":\"PUBLIC;DREAMSPARK;MSFTPUBLIC;FUNCTIONS;DYNAMIC;DSERIES;LINUX;LINUXDSERIES;ELASTICPREMIUM;LINUXFREE;ELASTICLINUX\"}},{\"id\":\"/subscriptions/3c4c30a8-1259-4f75-b267-fc4d7a7855eb/providers/Microsoft.Web/geoRegions/West US 2\",\"name\":\"West US 2\",\"type\":\"Microsoft.Web/geoRegions\",\"properties\":{\"name\":\"West US 2\",\"description\":null,\"sortOrder\":2147483647,\"displayName\":\"West US 2\",\"orgDomain\":\"PUBLIC;DREAMSPARK;MSFTPUBLIC;FUNCTIONS;DYNAMIC;LINUX;DSERIES;LINUXDSERIES;LINUXFREE;LINUXDYNAMIC;ELASTICPREMIUM;ELASTICLINUX\"}},{\"id\":\"/subscriptions/3c4c30a8-1259-4f75-b267-fc4d7a7855eb/providers/Microsoft.Web/geoRegions/UK West\",\"name\":\"UK West\",\"type\":\"Microsoft.Web/geoRegions\",\"properties\":{\"name\":\"UK West\",\"description\":null,\"sortOrder\":2147483647,\"displayName\":\"UK West\",\"orgDomain\":\"PUBLIC;MSFTPUBLIC;FUNCTIONS;DYNAMIC;DSERIES;LINUX;LINUXDSERIES;ELASTICPREMIUM;LINUXDYNAMIC;ELASTICLINUX\"}},{\"id\":\"/subscriptions/3c4c30a8-1259-4f75-b267-fc4d7a7855eb/providers/Microsoft.Web/geoRegions/UK South\",\"name\":\"UK South\",\"type\":\"Microsoft.Web/geoRegions\",\"properties\":{\"name\":\"UK South\",\"description\":null,\"sortOrder\":2147483647,\"displayName\":\"UK South\",\"orgDomain\":\"PUBLIC;MSFTPUBLIC;DYNAMIC;DSERIES;LINUX;LINUXDSERIES;LINUXFREE;LINUXDYNAMIC;ELASTICPREMIUM;ELASTICLINUX\"}},{\"id\":\"/subscriptions/3c4c30a8-1259-4f75-b267-fc4d7a7855eb/providers/Microsoft.Web/geoRegions/East US 2 EUAP\",\"name\":\"East US 2 EUAP\",\"type\":\"Microsoft.Web/geoRegions\",\"properties\":{\"name\":\"East US 2 EUAP\",\"description\":null,\"sortOrder\":2147483647,\"displayName\":\"East US 2 EUAP\",\"orgDomain\":\"EUAP;XENON;DSERIES;ELASTICPREMIUM;FUNCTIONS;DYNAMIC\"}},{\"id\":\"/subscriptions/3c4c30a8-1259-4f75-b267-fc4d7a7855eb/providers/Microsoft.Web/geoRegions/Central US EUAP\",\"name\":\"Central US EUAP\",\"type\":\"Microsoft.Web/geoRegions\",\"properties\":{\"name\":\"Central US EUAP\",\"description\":null,\"sortOrder\":2147483647,\"displayName\":\"Central US EUAP\",\"orgDomain\":\"EUAP;LINUX;DSERIES;ELASTICPREMIUM;LINUXFREE;ELASTICLINUX;LINUXDYNAMIC;DYNAMIC\"}},{\"id\":\"/subscriptions/3c4c30a8-1259-4f75-b267-fc4d7a7855eb/providers/Microsoft.Web/geoRegions/Korea Central\",\"name\":\"Korea Central\",\"type\":\"Microsoft.Web/geoRegions\",\"properties\":{\"name\":\"Korea Central\",\"description\":null,\"sortOrder\":2147483647,\"displayName\":\"Korea Central\",\"orgDomain\":\"PUBLIC;DREAMSPARK;MSFTPUBLIC;FUNCTIONS;DYNAMIC;LINUX;LINUXDSERIES;ELASTICPREMIUM;LINUXFREE;DSERIES;LINUXDYNAMIC;ELASTICLINUX\"}},{\"id\":\"/subscriptions/3c4c30a8-1259-4f75-b267-fc4d7a7855eb/providers/Microsoft.Web/geoRegions/France Central\",\"name\":\"France Central\",\"type\":\"Microsoft.Web/geoRegions\",\"properties\":{\"name\":\"France Central\",\"description\":null,\"sortOrder\":2147483647,\"displayName\":\"France Central\",\"orgDomain\":\"PUBLIC;MSFTPUBLIC;DSERIES;DYNAMIC;LINUX;LINUXDSERIES;ELASTICPREMIUM;LINUXFREE;LINUXDYNAMIC;ELASTICLINUX\"}},{\"id\":\"/subscriptions/3c4c30a8-1259-4f75-b267-fc4d7a7855eb/providers/Microsoft.Web/geoRegions/Australia Central 2\",\"name\":\"Australia Central 2\",\"type\":\"Microsoft.Web/geoRegions\",\"properties\":{\"name\":\"Australia Central 2\",\"description\":null,\"sortOrder\":2147483647,\"displayName\":\"Australia Central 2\",\"orgDomain\":\"PUBLIC;FUNCTIONS;DYNAMIC;DSERIES;LINUX;LINUXDSERIES;LINUXFREE;ELASTICPREMIUM\"}},{\"id\":\"/subscriptions/3c4c30a8-1259-4f75-b267-fc4d7a7855eb/providers/Microsoft.Web/geoRegions/Australia Central\",\"name\":\"Australia Central\",\"type\":\"Microsoft.Web/geoRegions\",\"properties\":{\"name\":\"Australia Central\",\"description\":null,\"sortOrder\":2147483647,\"displayName\":\"Australia Central\",\"orgDomain\":\"PUBLIC;FUNCTIONS;DYNAMIC;DSERIES;LINUX;LINUXDSERIES;LINUXFREE;ELASTICPREMIUM\"}},{\"id\":\"/subscriptions/3c4c30a8-1259-4f75-b267-fc4d7a7855eb/providers/Microsoft.Web/geoRegions/Germany West Central\",\"name\":\"Germany West Central\",\"type\":\"Microsoft.Web/geoRegions\",\"properties\":{\"name\":\"Germany West Central\",\"description\":null,\"sortOrder\":2147483647,\"displayName\":\"Germany West Central\",\"orgDomain\":\"PUBLIC;DSERIES;ELASTICPREMIUM;FUNCTIONS;DYNAMIC\"}},{\"id\":\"/subscriptions/3c4c30a8-1259-4f75-b267-fc4d7a7855eb/providers/Microsoft.Web/geoRegions/Norway East\",\"name\":\"Norway East\",\"type\":\"Microsoft.Web/geoRegions\",\"properties\":{\"name\":\"Norway East\",\"description\":null,\"sortOrder\":2147483647,\"displayName\":\"Norway East\",\"orgDomain\":\"PUBLIC;LINUX;LINUXDSERIES;DSERIES;ELASTICLINUX;ELASTICPREMIUM\"}}],\"nextLink\":null,\"id\":null}"
    }
  },
  "New-AzFunctionAppPlan, Update-AzFunctionAppPlan, and Remove-AzFunctionAppPlan E2E+[NoContext]+Validate New-AzFunctionAppPlan, Update-AzFunctionAppPlan and Remove-AzFunctionAppPlan with piping (specifying InputObject)+$PUT+https://management.azure.com/subscriptions/3c4c30a8-1259-4f75-b267-fc4d7a7855eb/resourceGroups/Functions-Test-Windows-Premium-4m6d0x/providers/Microsoft.Web/serverfarms/Functions-MyPlan-ipkndwm9ay?api-version=2019-08-01+2": {
    "Request": {
      "Method": "PUT",
      "RequestUri": "https://management.azure.com/subscriptions/3c4c30a8-1259-4f75-b267-fc4d7a7855eb/resourceGroups/Functions-Test-Windows-Premium-4m6d0x/providers/Microsoft.Web/serverfarms/Functions-MyPlan-ipkndwm9ay?api-version=2019-08-01",
      "Content": "{\r\n  \"location\": \"centralus\",\r\n  \"properties\": {\r\n    \"maximumElasticWorkerCount\": 3,\r\n    \"reserved\": false\r\n  },\r\n  \"sku\": {\r\n    \"name\": \"EP1\",\r\n    \"capacity\": 1,\r\n    \"tier\": \"ElasticPremium\"\r\n  }\r\n}",
      "Headers": {
      },
      "ContentHeaders": {
        "Content-Type": [ "application/json" ],
        "Content-Length": [ "204" ]
      }
    },
    "Response": {
      "StatusCode": 200,
      "Headers": {
        "Cache-Control": [ "no-cache" ],
        "Pragma": [ "no-cache" ],
        "Strict-Transport-Security": [ "max-age=31536000; includeSubDomains" ],
        "x-ms-request-id": [ "676c361a-047a-44c3-afab-e65a7b48e729" ],
        "Server": [ "Microsoft-IIS/10.0" ],
        "X-AspNet-Version": [ "4.0.30319" ],
        "X-Powered-By": [ "ASP.NET" ],
        "x-ms-ratelimit-remaining-subscription-writes": [ "1151" ],
        "x-ms-correlation-request-id": [ "451d146d-204e-47be-8de9-3b417aafa1bc" ],
        "x-ms-routing-request-id": [ "WESTUS:20200616T004227Z:451d146d-204e-47be-8de9-3b417aafa1bc" ],
        "X-Content-Type-Options": [ "nosniff" ],
        "Date": [ "Tue, 16 Jun 2020 00:42:26 GMT" ]
      },
      "ContentHeaders": {
        "Content-Length": [ "1439" ],
        "Content-Type": [ "application/json" ],
        "Expires": [ "-1" ]
      },
      "Content": "{\"id\":\"/subscriptions/3c4c30a8-1259-4f75-b267-fc4d7a7855eb/resourceGroups/Functions-Test-Windows-Premium-4m6d0x/providers/Microsoft.Web/serverfarms/Functions-MyPlan-ipkndwm9ay\",\"name\":\"Functions-MyPlan-ipkndwm9ay\",\"type\":\"Microsoft.Web/serverfarms\",\"kind\":\"elastic\",\"location\":\"Central US\",\"properties\":{\"serverFarmId\":42707,\"name\":\"Functions-MyPlan-ipkndwm9ay\",\"workerSize\":\"D1\",\"workerSizeId\":3,\"workerTierName\":null,\"numberOfWorkers\":1,\"currentWorkerSize\":\"D1\",\"currentWorkerSizeId\":3,\"currentNumberOfWorkers\":1,\"status\":\"Ready\",\"webSpace\":\"Functions-Test-Windows-Premium-4m6d0x-CentralUSwebspace\",\"subscription\":\"3c4c30a8-1259-4f75-b267-fc4d7a7855eb\",\"adminSiteName\":null,\"hostingEnvironment\":null,\"hostingEnvironmentProfile\":null,\"maximumNumberOfWorkers\":20,\"planName\":\"VirtualDedicatedPlan\",\"adminRuntimeSiteName\":null,\"computeMode\":\"Dedicated\",\"siteMode\":null,\"geoRegion\":\"Central US\",\"perSiteScaling\":false,\"maximumElasticWorkerCount\":3,\"numberOfSites\":0,\"hostingEnvironmentId\":null,\"isSpot\":false,\"spotExpirationTime\":null,\"freeOfferExpirationTime\":null,\"tags\":null,\"kind\":\"elastic\",\"resourceGroup\":\"Functions-Test-Windows-Premium-4m6d0x\",\"reserved\":false,\"isXenon\":false,\"hyperV\":false,\"mdmId\":\"waws-prod-dm1-025_42707\",\"targetWorkerCount\":0,\"targetWorkerSizeId\":0,\"provisioningState\":\"Succeeded\",\"webSiteId\":null,\"existingServerFarmIds\":null},\"sku\":{\"name\":\"EP1\",\"tier\":\"ElasticPremium\",\"size\":\"EP1\",\"family\":\"EP\",\"capacity\":1}}"
    }
  },
  "New-AzFunctionAppPlan, Update-AzFunctionAppPlan, and Remove-AzFunctionAppPlan E2E+[NoContext]+Validate New-AzFunctionAppPlan, Update-AzFunctionAppPlan and Remove-AzFunctionAppPlan with piping (specifying InputObject)+$GET+https://management.azure.com/subscriptions/3c4c30a8-1259-4f75-b267-fc4d7a7855eb/resourceGroups/Functions-Test-Windows-Premium-4m6d0x/providers/Microsoft.Web/serverfarms/Functions-MyPlan-ipkndwm9ay?api-version=2019-08-01+3": {
    "Request": {
      "Method": "GET",
      "RequestUri": "https://management.azure.com/subscriptions/3c4c30a8-1259-4f75-b267-fc4d7a7855eb/resourceGroups/Functions-Test-Windows-Premium-4m6d0x/providers/Microsoft.Web/serverfarms/Functions-MyPlan-ipkndwm9ay?api-version=2019-08-01",
      "Content": null,
      "Headers": {
        "x-ms-unique-id": [ "481" ],
        "x-ms-client-request-id": [ "72474e74-725b-4ae8-a929-a2508d659fe2" ],
        "CommandName": [ "Az.Functions.internal\\Get-AzFunctionAppPlan" ],
        "FullCommandName": [ "Get-AzFunctionAppPlan_Get" ],
        "ParameterSetName": [ "__AllParameterSets" ],
        "User-Agent": [ "AzurePowershell/Az4.0.0-preview" ],
        "Authorization": [ "[Filtered]" ]
      },
      "ContentHeaders": {
      }
    },
    "Response": {
      "StatusCode": 200,
      "Headers": {
        "Cache-Control": [ "no-cache" ],
        "Pragma": [ "no-cache" ],
        "Strict-Transport-Security": [ "max-age=31536000; includeSubDomains" ],
        "x-ms-request-id": [ "81d785ae-6200-47cd-b0e4-269fbc993105" ],
        "Server": [ "Microsoft-IIS/10.0" ],
        "X-AspNet-Version": [ "4.0.30319" ],
        "X-Powered-By": [ "ASP.NET" ],
        "x-ms-ratelimit-remaining-subscription-reads": [ "11700" ],
        "x-ms-correlation-request-id": [ "c09c39cd-b17c-42ab-b46a-013d0460a1ae" ],
        "x-ms-routing-request-id": [ "WESTUS:20200616T004227Z:c09c39cd-b17c-42ab-b46a-013d0460a1ae" ],
        "X-Content-Type-Options": [ "nosniff" ],
        "Date": [ "Tue, 16 Jun 2020 00:42:27 GMT" ]
      },
      "ContentHeaders": {
        "Content-Length": [ "1439" ],
        "Content-Type": [ "application/json" ],
        "Expires": [ "-1" ]
      },
      "Content": "{\"id\":\"/subscriptions/3c4c30a8-1259-4f75-b267-fc4d7a7855eb/resourceGroups/Functions-Test-Windows-Premium-4m6d0x/providers/Microsoft.Web/serverfarms/Functions-MyPlan-ipkndwm9ay\",\"name\":\"Functions-MyPlan-ipkndwm9ay\",\"type\":\"Microsoft.Web/serverfarms\",\"kind\":\"elastic\",\"location\":\"Central US\",\"properties\":{\"serverFarmId\":42707,\"name\":\"Functions-MyPlan-ipkndwm9ay\",\"workerSize\":\"D1\",\"workerSizeId\":3,\"workerTierName\":null,\"numberOfWorkers\":1,\"currentWorkerSize\":\"D1\",\"currentWorkerSizeId\":3,\"currentNumberOfWorkers\":1,\"status\":\"Ready\",\"webSpace\":\"Functions-Test-Windows-Premium-4m6d0x-CentralUSwebspace\",\"subscription\":\"3c4c30a8-1259-4f75-b267-fc4d7a7855eb\",\"adminSiteName\":null,\"hostingEnvironment\":null,\"hostingEnvironmentProfile\":null,\"maximumNumberOfWorkers\":20,\"planName\":\"VirtualDedicatedPlan\",\"adminRuntimeSiteName\":null,\"computeMode\":\"Dedicated\",\"siteMode\":null,\"geoRegion\":\"Central US\",\"perSiteScaling\":false,\"maximumElasticWorkerCount\":3,\"numberOfSites\":0,\"hostingEnvironmentId\":null,\"isSpot\":false,\"spotExpirationTime\":null,\"freeOfferExpirationTime\":null,\"tags\":null,\"kind\":\"elastic\",\"resourceGroup\":\"Functions-Test-Windows-Premium-4m6d0x\",\"reserved\":false,\"isXenon\":false,\"hyperV\":false,\"mdmId\":\"waws-prod-dm1-025_42707\",\"targetWorkerCount\":0,\"targetWorkerSizeId\":0,\"provisioningState\":\"Succeeded\",\"webSiteId\":null,\"existingServerFarmIds\":null},\"sku\":{\"name\":\"EP1\",\"tier\":\"ElasticPremium\",\"size\":\"EP1\",\"family\":\"EP\",\"capacity\":1}}"
    }
  },
  "New-AzFunctionAppPlan, Update-AzFunctionAppPlan, and Remove-AzFunctionAppPlan E2E+[NoContext]+Validate New-AzFunctionAppPlan, Update-AzFunctionAppPlan and Remove-AzFunctionAppPlan with piping (specifying InputObject)+$PUT+https://management.azure.com/subscriptions/3c4c30a8-1259-4f75-b267-fc4d7a7855eb/resourceGroups/Functions-Test-Windows-Premium-4m6d0x/providers/Microsoft.Web/serverfarms/Functions-MyPlan-ipkndwm9ay?api-version=2019-08-01+4": {
    "Request": {
      "Method": "PUT",
      "RequestUri": "https://management.azure.com/subscriptions/3c4c30a8-1259-4f75-b267-fc4d7a7855eb/resourceGroups/Functions-Test-Windows-Premium-4m6d0x/providers/Microsoft.Web/serverfarms/Functions-MyPlan-ipkndwm9ay?api-version=2019-08-01",
      "Content": "{\r\n  \"location\": \"Central US\",\r\n  \"properties\": {\r\n    \"maximumElasticWorkerCount\": 7,\r\n    \"reserved\": false\r\n  },\r\n  \"sku\": {\r\n    \"name\": \"EP2\",\r\n    \"capacity\": 1,\r\n    \"tier\": \"ElasticPremium\"\r\n  }\r\n}",
      "Headers": {
      },
      "ContentHeaders": {
        "Content-Type": [ "application/json" ],
        "Content-Length": [ "205" ]
      }
    },
    "Response": {
      "StatusCode": 200,
      "Headers": {
        "Cache-Control": [ "no-cache" ],
        "Pragma": [ "no-cache" ],
        "Strict-Transport-Security": [ "max-age=31536000; includeSubDomains" ],
        "x-ms-request-id": [ "611888f0-5fcd-4464-bb99-883b27f068e1" ],
        "Server": [ "Microsoft-IIS/10.0" ],
        "X-AspNet-Version": [ "4.0.30319" ],
        "X-Powered-By": [ "ASP.NET" ],
        "x-ms-ratelimit-remaining-subscription-writes": [ "1150" ],
        "x-ms-correlation-request-id": [ "e8d16fd7-5b36-4e43-a740-26e1829bb9ba" ],
        "x-ms-routing-request-id": [ "WESTUS:20200616T004230Z:e8d16fd7-5b36-4e43-a740-26e1829bb9ba" ],
        "X-Content-Type-Options": [ "nosniff" ],
        "Date": [ "Tue, 16 Jun 2020 00:42:29 GMT" ]
      },
      "ContentHeaders": {
        "Content-Length": [ "1489" ],
        "Content-Type": [ "application/json" ],
        "Expires": [ "-1" ]
      },
      "Content": "{\"id\":\"/subscriptions/3c4c30a8-1259-4f75-b267-fc4d7a7855eb/resourceGroups/Functions-Test-Windows-Premium-4m6d0x/providers/Microsoft.Web/serverfarms/Functions-MyPlan-ipkndwm9ay\",\"name\":\"Functions-MyPlan-ipkndwm9ay\",\"type\":\"Microsoft.Web/serverfarms\",\"kind\":\"elastic\",\"location\":\"Central US\",\"properties\":{\"serverFarmId\":42707,\"name\":\"Functions-MyPlan-ipkndwm9ay\",\"sku\":{\"name\":\"EP2\",\"tier\":\"ElasticPremium\",\"size\":\"EP2\",\"capacity\":1},\"workerSize\":\"D2\",\"workerSizeId\":4,\"workerTierName\":null,\"numberOfWorkers\":1,\"currentWorkerSize\":\"D2\",\"currentWorkerSizeId\":4,\"currentNumberOfWorkers\":1,\"status\":\"Ready\",\"webSpace\":\"Functions-Test-Windows-Premium-4m6d0x-CentralUSwebspace\",\"subscription\":\"3c4c30a8-1259-4f75-b267-fc4d7a7855eb\",\"adminSiteName\":null,\"hostingEnvironment\":null,\"hostingEnvironmentProfile\":null,\"maximumNumberOfWorkers\":20,\"planName\":\"VirtualDedicatedPlan\",\"adminRuntimeSiteName\":null,\"computeMode\":\"Dedicated\",\"siteMode\":null,\"geoRegion\":\"Central US\",\"perSiteScaling\":false,\"maximumElasticWorkerCount\":7,\"numberOfSites\":0,\"hostingEnvironmentId\":null,\"isSpot\":false,\"spotExpirationTime\":null,\"freeOfferExpirationTime\":null,\"tags\":null,\"kind\":\"elastic\",\"resourceGroup\":\"Functions-Test-Windows-Premium-4m6d0x\",\"reserved\":false,\"isXenon\":false,\"hyperV\":false,\"mdmId\":\"waws-prod-dm1-025_42707\",\"targetWorkerCount\":0,\"targetWorkerSizeId\":0,\"provisioningState\":null,\"webSiteId\":null,\"existingServerFarmIds\":null},\"sku\":{\"name\":\"EP2\",\"tier\":\"ElasticPremium\",\"size\":\"EP2\",\"capacity\":1}}"
    }
  },
  "New-AzFunctionAppPlan, Update-AzFunctionAppPlan, and Remove-AzFunctionAppPlan E2E+[NoContext]+Validate New-AzFunctionAppPlan, Update-AzFunctionAppPlan and Remove-AzFunctionAppPlan with piping (specifying InputObject)+$GET+https://management.azure.com/subscriptions/3c4c30a8-1259-4f75-b267-fc4d7a7855eb/resourceGroups/Functions-Test-Windows-Premium-4m6d0x/providers/Microsoft.Web/serverfarms/Functions-MyPlan-ipkndwm9ay?api-version=2019-08-01+5": {
    "Request": {
      "Method": "GET",
      "RequestUri": "https://management.azure.com/subscriptions/3c4c30a8-1259-4f75-b267-fc4d7a7855eb/resourceGroups/Functions-Test-Windows-Premium-4m6d0x/providers/Microsoft.Web/serverfarms/Functions-MyPlan-ipkndwm9ay?api-version=2019-08-01",
      "Content": null,
      "Headers": {
        "x-ms-unique-id": [ "483" ],
        "x-ms-client-request-id": [ "44a083fb-c78e-459e-b86a-f9b4a2dfa501" ],
        "CommandName": [ "Az.Functions.internal\\Get-AzFunctionAppPlan" ],
        "FullCommandName": [ "Get-AzFunctionAppPlan_Get" ],
        "ParameterSetName": [ "__AllParameterSets" ],
        "User-Agent": [ "AzurePowershell/Az4.0.0-preview" ],
        "Authorization": [ "[Filtered]" ]
      },
      "ContentHeaders": {
      }
    },
    "Response": {
      "StatusCode": 200,
      "Headers": {
        "Cache-Control": [ "no-cache" ],
        "Pragma": [ "no-cache" ],
        "Strict-Transport-Security": [ "max-age=31536000; includeSubDomains" ],
        "x-ms-request-id": [ "d97295bd-5964-4ac0-8515-b27ce4932c67" ],
        "Server": [ "Microsoft-IIS/10.0" ],
        "X-AspNet-Version": [ "4.0.30319" ],
        "X-Powered-By": [ "ASP.NET" ],
        "x-ms-ratelimit-remaining-subscription-reads": [ "11699" ],
        "x-ms-correlation-request-id": [ "1f706e2b-a137-400c-a231-f36fbb8133be" ],
        "x-ms-routing-request-id": [ "WESTUS:20200616T004230Z:1f706e2b-a137-400c-a231-f36fbb8133be" ],
        "X-Content-Type-Options": [ "nosniff" ],
        "Date": [ "Tue, 16 Jun 2020 00:42:29 GMT" ]
      },
      "ContentHeaders": {
        "Content-Length": [ "1439" ],
        "Content-Type": [ "application/json" ],
        "Expires": [ "-1" ]
      },
      "Content": "{\"id\":\"/subscriptions/3c4c30a8-1259-4f75-b267-fc4d7a7855eb/resourceGroups/Functions-Test-Windows-Premium-4m6d0x/providers/Microsoft.Web/serverfarms/Functions-MyPlan-ipkndwm9ay\",\"name\":\"Functions-MyPlan-ipkndwm9ay\",\"type\":\"Microsoft.Web/serverfarms\",\"kind\":\"elastic\",\"location\":\"Central US\",\"properties\":{\"serverFarmId\":42707,\"name\":\"Functions-MyPlan-ipkndwm9ay\",\"workerSize\":\"D2\",\"workerSizeId\":4,\"workerTierName\":null,\"numberOfWorkers\":1,\"currentWorkerSize\":\"D2\",\"currentWorkerSizeId\":4,\"currentNumberOfWorkers\":1,\"status\":\"Ready\",\"webSpace\":\"Functions-Test-Windows-Premium-4m6d0x-CentralUSwebspace\",\"subscription\":\"3c4c30a8-1259-4f75-b267-fc4d7a7855eb\",\"adminSiteName\":null,\"hostingEnvironment\":null,\"hostingEnvironmentProfile\":null,\"maximumNumberOfWorkers\":20,\"planName\":\"VirtualDedicatedPlan\",\"adminRuntimeSiteName\":null,\"computeMode\":\"Dedicated\",\"siteMode\":null,\"geoRegion\":\"Central US\",\"perSiteScaling\":false,\"maximumElasticWorkerCount\":7,\"numberOfSites\":0,\"hostingEnvironmentId\":null,\"isSpot\":false,\"spotExpirationTime\":null,\"freeOfferExpirationTime\":null,\"tags\":null,\"kind\":\"elastic\",\"resourceGroup\":\"Functions-Test-Windows-Premium-4m6d0x\",\"reserved\":false,\"isXenon\":false,\"hyperV\":false,\"mdmId\":\"waws-prod-dm1-025_42707\",\"targetWorkerCount\":0,\"targetWorkerSizeId\":0,\"provisioningState\":\"Succeeded\",\"webSiteId\":null,\"existingServerFarmIds\":null},\"sku\":{\"name\":\"EP2\",\"tier\":\"ElasticPremium\",\"size\":\"EP2\",\"family\":\"EP\",\"capacity\":1}}"
    }
  },
  "New-AzFunctionAppPlan, Update-AzFunctionAppPlan, and Remove-AzFunctionAppPlan E2E+[NoContext]+Validate New-AzFunctionAppPlan, Update-AzFunctionAppPlan and Remove-AzFunctionAppPlan with piping (specifying InputObject)+$DELETE+https://management.azure.com/subscriptions/3c4c30a8-1259-4f75-b267-fc4d7a7855eb/resourceGroups/Functions-Test-Windows-Premium-4m6d0x/providers/Microsoft.Web/serverfarms/Functions-MyPlan-ipkndwm9ay?api-version=2019-08-01+6": {
    "Request": {
      "Method": "DELETE",
      "RequestUri": "https://management.azure.com/subscriptions/3c4c30a8-1259-4f75-b267-fc4d7a7855eb/resourceGroups/Functions-Test-Windows-Premium-4m6d0x/providers/Microsoft.Web/serverfarms/Functions-MyPlan-ipkndwm9ay?api-version=2019-08-01",
      "Content": null,
      "Headers": {
        "x-ms-unique-id": [ "484" ],
        "x-ms-client-request-id": [ "ce342973-db04-46c1-9de0-68e53b8ee123" ],
        "CommandName": [ "Az.Functions.internal\\Remove-AzFunctionAppPlan" ],
        "FullCommandName": [ "Remove-AzFunctionAppPlan_DeleteViaIdentity" ],
        "ParameterSetName": [ "__AllParameterSets" ],
        "User-Agent": [ "AzurePowershell/Az4.0.0-preview" ],
        "Authorization": [ "[Filtered]" ]
      },
      "ContentHeaders": {
      }
    },
    "Response": {
      "StatusCode": 200,
      "Headers": {
        "Cache-Control": [ "no-cache" ],
        "Pragma": [ "no-cache" ],
        "Strict-Transport-Security": [ "max-age=31536000; includeSubDomains" ],
        "x-ms-request-id": [ "bf0acc49-3ef5-4a2e-80a6-ec8608578e6f" ],
        "Server": [ "Microsoft-IIS/10.0" ],
        "X-AspNet-Version": [ "4.0.30319" ],
        "X-Powered-By": [ "ASP.NET" ],
        "x-ms-ratelimit-remaining-subscription-deletes": [ "14984" ],
        "x-ms-correlation-request-id": [ "1ce84426-a1cf-4736-a68c-a00adf27e72a" ],
        "x-ms-routing-request-id": [ "WESTUS:20200616T004232Z:1ce84426-a1cf-4736-a68c-a00adf27e72a" ],
        "X-Content-Type-Options": [ "nosniff" ],
        "Date": [ "Tue, 16 Jun 2020 00:42:32 GMT" ]
      },
      "ContentHeaders": {
        "Expires": [ "-1" ],
        "Content-Length": [ "0" ]
      },
      "Content": null
    }
  },
  "New-AzFunctionAppPlan, Update-AzFunctionAppPlan, and Remove-AzFunctionAppPlan E2E+[NoContext]+Validate New-AzFunctionAppPlan, Update-AzFunctionAppPlan and Remove-AzFunctionAppPlan with piping (specifying InputObject)+$GET+https://management.azure.com/subscriptions/3c4c30a8-1259-4f75-b267-fc4d7a7855eb/resourceGroups/Functions-Test-Windows-Premium-4m6d0x/providers/Microsoft.Web/serverfarms/Functions-MyPlan-ipkndwm9ay?api-version=2019-08-01+7": {
    "Request": {
      "Method": "GET",
      "RequestUri": "https://management.azure.com/subscriptions/3c4c30a8-1259-4f75-b267-fc4d7a7855eb/resourceGroups/Functions-Test-Windows-Premium-4m6d0x/providers/Microsoft.Web/serverfarms/Functions-MyPlan-ipkndwm9ay?api-version=2019-08-01",
      "Content": null,
      "Headers": {
        "x-ms-unique-id": [ "485" ],
        "x-ms-client-request-id": [ "a806ce32-d557-42f1-8ab6-4863c0734293" ],
        "CommandName": [ "Az.Functions.internal\\Get-AzFunctionAppPlan" ],
        "FullCommandName": [ "Get-AzFunctionAppPlan_Get" ],
        "ParameterSetName": [ "__AllParameterSets" ],
        "User-Agent": [ "AzurePowershell/Az4.0.0-preview" ],
        "Authorization": [ "[Filtered]" ]
      },
      "ContentHeaders": {
      }
    },
    "Response": {
      "StatusCode": 404,
      "Headers": {
        "Cache-Control": [ "no-cache" ],
        "Pragma": [ "no-cache" ],
        "x-ms-failure-cause": [ "gateway" ],
        "x-ms-request-id": [ "6a531ee2-7817-4a02-a068-b558bf9ecfc4" ],
        "x-ms-correlation-request-id": [ "6a531ee2-7817-4a02-a068-b558bf9ecfc4" ],
        "x-ms-routing-request-id": [ "WESTUS:20200616T004232Z:6a531ee2-7817-4a02-a068-b558bf9ecfc4" ],
        "Strict-Transport-Security": [ "max-age=31536000; includeSubDomains" ],
        "X-Content-Type-Options": [ "nosniff" ],
        "Date": [ "Tue, 16 Jun 2020 00:42:32 GMT" ]
      },
      "ContentHeaders": {
        "Content-Type": [ "application/json; charset=utf-8" ],
        "Expires": [ "-1" ],
        "Content-Length": [ "262" ]
      },
      "Content": "{\"error\":{\"code\":\"ResourceNotFound\",\"message\":\"The Resource \u0027Microsoft.Web/serverFarms/Functions-MyPlan-ipkndwm9ay\u0027 under resource group \u0027Functions-Test-Windows-Premium-4m6d0x\u0027 was not found. For more details please go to https://aka.ms/ARMResourceNotFoundFix\"}}"
    }
  },
  "New-AzFunctionAppPlan, Update-AzFunctionAppPlan, and Remove-AzFunctionAppPlan E2E+[NoContext]+Validate New-AzFunctionAppPlan, Update-AzFunctionAppPlan and Remove-AzFunctionAppPlan with piping (specifying InputObject)+$GET+https://management.azure.com/subscriptions/3c4c30a8-1259-4f75-b267-fc4d7a7855eb/resourceGroups/Functions-Test-Windows-Premium-4m6d0x/providers/Microsoft.Web/serverfarms/Functions-MyPlan-ipkndwm9ay?api-version=2019-08-01+8": {
    "Request": {
      "Method": "GET",
      "RequestUri": "https://management.azure.com/subscriptions/3c4c30a8-1259-4f75-b267-fc4d7a7855eb/resourceGroups/Functions-Test-Windows-Premium-4m6d0x/providers/Microsoft.Web/serverfarms/Functions-MyPlan-ipkndwm9ay?api-version=2019-08-01",
      "Content": null,
      "Headers": {
        "x-ms-unique-id": [ "486" ],
        "x-ms-client-request-id": [ "f5240ef3-6a89-42db-8a48-a08cc5b6a0a2" ],
        "CommandName": [ "Az.Functions.internal\\Get-AzFunctionAppPlan" ],
        "FullCommandName": [ "Get-AzFunctionAppPlan_Get" ],
        "ParameterSetName": [ "__AllParameterSets" ],
        "User-Agent": [ "AzurePowershell/Az4.0.0-preview" ],
        "Authorization": [ "[Filtered]" ]
      },
      "ContentHeaders": {
      }
    },
    "Response": {
      "StatusCode": 404,
      "Headers": {
        "Cache-Control": [ "no-cache" ],
        "Pragma": [ "no-cache" ],
        "x-ms-failure-cause": [ "gateway" ],
        "x-ms-request-id": [ "024d54c0-ccc7-4e0a-9747-37effd8f441b" ],
        "x-ms-correlation-request-id": [ "024d54c0-ccc7-4e0a-9747-37effd8f441b" ],
        "x-ms-routing-request-id": [ "WESTUS:20200616T004232Z:024d54c0-ccc7-4e0a-9747-37effd8f441b" ],
        "Strict-Transport-Security": [ "max-age=31536000; includeSubDomains" ],
        "X-Content-Type-Options": [ "nosniff" ],
        "Date": [ "Tue, 16 Jun 2020 00:42:32 GMT" ]
      },
      "ContentHeaders": {
        "Content-Type": [ "application/json; charset=utf-8" ],
        "Expires": [ "-1" ],
        "Content-Length": [ "262" ]
      },
      "Content": "{\"error\":{\"code\":\"ResourceNotFound\",\"message\":\"The Resource \u0027Microsoft.Web/serverFarms/Functions-MyPlan-ipkndwm9ay\u0027 under resource group \u0027Functions-Test-Windows-Premium-4m6d0x\u0027 was not found. For more details please go to https://aka.ms/ARMResourceNotFoundFix\"}}"
    }
  },
  "New-AzFunctionAppPlan, Update-AzFunctionAppPlan, and Remove-AzFunctionAppPlan E2E+[NoContext]+Validate \u0027New-AzFunctionAppPlan -AsJob\u0027, \u0027Update-AzFunctionAppPlan -AsJob\u0027 and \u0027Remove-AzFunctionAppPlan -Force\u0027+$GET+https://management.azure.com/subscriptions/3c4c30a8-1259-4f75-b267-fc4d7a7855eb/providers/Microsoft.Web/geoRegions?sku=ElasticPremium\u0026linuxWorkersEnabled=False\u0026api-version=2019-08-01+1": {
    "Request": {
      "Method": "GET",
      "RequestUri": "https://management.azure.com/subscriptions/3c4c30a8-1259-4f75-b267-fc4d7a7855eb/providers/Microsoft.Web/geoRegions?sku=ElasticPremium\u0026linuxWorkersEnabled=False\u0026api-version=2019-08-01",
      "Content": null,
      "Headers": {
        "x-ms-unique-id": [ "487" ],
        "x-ms-client-request-id": [ "c3a5926a-d6f9-486e-ad5d-9458385370a9" ],
        "CommandName": [ "Az.Functions.internal\\Get-AzFunctionAppAvailableLocation" ],
        "FullCommandName": [ "Get-AzFunctionAppAvailableLocation_List" ],
        "ParameterSetName": [ "__AllParameterSets" ],
        "User-Agent": [ "AzurePowershell/Az4.0.0-preview" ],
        "Authorization": [ "[Filtered]" ]
      },
      "ContentHeaders": {
      }
    },
    "Response": {
      "StatusCode": 200,
      "Headers": {
        "Cache-Control": [ "no-cache" ],
        "Pragma": [ "no-cache" ],
        "Strict-Transport-Security": [ "max-age=31536000; includeSubDomains" ],
        "x-ms-request-id": [ "8e3bdc7c-5dbe-4f00-9c46-5bd373c0dd82" ],
        "Server": [ "Microsoft-IIS/10.0" ],
        "X-AspNet-Version": [ "4.0.30319" ],
        "X-Powered-By": [ "ASP.NET" ],
        "x-ms-ratelimit-remaining-subscription-reads": [ "11696" ],
        "x-ms-correlation-request-id": [ "f14a1a09-d2b4-4f7a-9e4a-f5fb16e3e60b" ],
        "x-ms-routing-request-id": [ "WESTUS:20200616T004233Z:f14a1a09-d2b4-4f7a-9e4a-f5fb16e3e60b" ],
        "X-Content-Type-Options": [ "nosniff" ],
        "Date": [ "Tue, 16 Jun 2020 00:42:32 GMT" ]
      },
      "ContentHeaders": {
        "Content-Length": [ "11835" ],
        "Content-Type": [ "application/json" ],
        "Expires": [ "-1" ]
      },
      "Content": "{\"value\":[{\"id\":\"/subscriptions/3c4c30a8-1259-4f75-b267-fc4d7a7855eb/providers/Microsoft.Web/geoRegions/Central US\",\"name\":\"Central US\",\"type\":\"Microsoft.Web/geoRegions\",\"properties\":{\"name\":\"Central US\",\"description\":null,\"sortOrder\":0,\"displayName\":\"Central US\",\"orgDomain\":\"PUBLIC;DREAMSPARK;MSFTPUBLIC;FUNCTIONS;DYNAMIC;DSERIES;LINUX;LINUXDSERIES;ELASTICPREMIUM;LINUXFREE;LINUXDYNAMIC;ELASTICLINUX\"}},{\"id\":\"/subscriptions/3c4c30a8-1259-4f75-b267-fc4d7a7855eb/providers/Microsoft.Web/geoRegions/North Europe\",\"name\":\"North Europe\",\"type\":\"Microsoft.Web/geoRegions\",\"properties\":{\"name\":\"North Europe\",\"description\":\"\",\"sortOrder\":1,\"displayName\":\"North Europe\",\"orgDomain\":\"PUBLIC;DREAMSPARK;MSFTPUBLIC;FUNCTIONS;DYNAMIC;DSERIES;LINUX;LINUXDSERIES;XENON;ELASTICPREMIUM;LINUXFREE;ELASTICLINUX;LINUXDYNAMIC\"}},{\"id\":\"/subscriptions/3c4c30a8-1259-4f75-b267-fc4d7a7855eb/providers/Microsoft.Web/geoRegions/West Europe\",\"name\":\"West Europe\",\"type\":\"Microsoft.Web/geoRegions\",\"properties\":{\"name\":\"West Europe\",\"description\":null,\"sortOrder\":2,\"displayName\":\"West Europe\",\"orgDomain\":\"PUBLIC;DREAMSPARK;MSFTPUBLIC;FUNCTIONS;DYNAMIC;LINUX;DSERIES;LINUXDSERIES;XENON;SFCONTAINERS;LINUXDYNAMIC;ELASTICPREMIUM;ELASTICLINUX;LINUXFREE\"}},{\"id\":\"/subscriptions/3c4c30a8-1259-4f75-b267-fc4d7a7855eb/providers/Microsoft.Web/geoRegions/Southeast Asia\",\"name\":\"Southeast Asia\",\"type\":\"Microsoft.Web/geoRegions\",\"properties\":{\"name\":\"Southeast Asia\",\"description\":\"\",\"sortOrder\":3,\"displayName\":\"Southeast Asia\",\"orgDomain\":\"PUBLIC;DREAMSPARK;MSFTPUBLIC;FUNCTIONS;DYNAMIC;LINUX;DSERIES;LINUXDSERIES;XENON;ELASTICPREMIUM;LINUXFREE;ELASTICLINUX;LINUXDYNAMIC\"}},{\"id\":\"/subscriptions/3c4c30a8-1259-4f75-b267-fc4d7a7855eb/providers/Microsoft.Web/geoRegions/East Asia\",\"name\":\"East Asia\",\"type\":\"Microsoft.Web/geoRegions\",\"properties\":{\"name\":\"East Asia\",\"description\":null,\"sortOrder\":4,\"displayName\":\"East Asia\",\"orgDomain\":\"PUBLIC;DREAMSPARK;MSFTPUBLIC;FUNCTIONS;DYNAMIC;LINUX;DSERIES;LINUXDSERIES;SFCONTAINERS;LINUXDYNAMIC;ELASTICPREMIUM;LINUXFREE;ELASTICLINUX\"}},{\"id\":\"/subscriptions/3c4c30a8-1259-4f75-b267-fc4d7a7855eb/providers/Microsoft.Web/geoRegions/West US\",\"name\":\"West US\",\"type\":\"Microsoft.Web/geoRegions\",\"properties\":{\"name\":\"West US\",\"description\":null,\"sortOrder\":5,\"displayName\":\"West US\",\"orgDomain\":\"PUBLIC;DREAMSPARK;MSFTPUBLIC;FUNCTIONS;DYNAMIC;LINUX;DSERIES;LINUXDSERIES;XENON;ELASTICPREMIUM;LINUXFREE;ELASTICLINUX;LINUXDYNAMIC\"}},{\"id\":\"/subscriptions/3c4c30a8-1259-4f75-b267-fc4d7a7855eb/providers/Microsoft.Web/geoRegions/East US\",\"name\":\"East US\",\"type\":\"Microsoft.Web/geoRegions\",\"properties\":{\"name\":\"East US\",\"description\":null,\"sortOrder\":6,\"displayName\":\"East US\",\"orgDomain\":\"PUBLIC;DREAMSPARK;MSFTPUBLIC;FUNCTIONS;DYNAMIC;LINUX;DSERIES;FAKEORG;LINUXDSERIES;XENON;SFCONTAINERS;LINUXDYNAMIC;LINUXFREE;ELASTICLINUX;ELASTICPREMIUM\"}},{\"id\":\"/subscriptions/3c4c30a8-1259-4f75-b267-fc4d7a7855eb/providers/Microsoft.Web/geoRegions/Japan West\",\"name\":\"Japan West\",\"type\":\"Microsoft.Web/geoRegions\",\"properties\":{\"name\":\"Japan West\",\"description\":null,\"sortOrder\":7,\"displayName\":\"Japan West\",\"orgDomain\":\"PUBLIC;DREAMSPARK;MSFTPUBLIC;FUNCTIONS;DYNAMIC;LINUX;DSERIES;LINUXDSERIES;ELASTICPREMIUM;LINUXFREE;ELASTICLINUX\"}},{\"id\":\"/subscriptions/3c4c30a8-1259-4f75-b267-fc4d7a7855eb/providers/Microsoft.Web/geoRegions/Japan East\",\"name\":\"Japan East\",\"type\":\"Microsoft.Web/geoRegions\",\"properties\":{\"name\":\"Japan East\",\"description\":null,\"sortOrder\":8,\"displayName\":\"Japan East\",\"orgDomain\":\"PUBLIC;DREAMSPARK;MSFTPUBLIC;FUNCTIONS;DYNAMIC;LINUX;DSERIES;LINUXDSERIES;LINUXFREE;ELASTICLINUX;ELASTICPREMIUM\"}},{\"id\":\"/subscriptions/3c4c30a8-1259-4f75-b267-fc4d7a7855eb/providers/Microsoft.Web/geoRegions/East US 2\",\"name\":\"East US 2\",\"type\":\"Microsoft.Web/geoRegions\",\"properties\":{\"name\":\"East US 2\",\"description\":null,\"sortOrder\":9,\"displayName\":\"East US 2\",\"orgDomain\":\"PUBLIC;DREAMSPARK;MSFTPUBLIC;FUNCTIONS;DYNAMIC;DSERIES;LINUX;LINUXDSERIES;ELASTICPREMIUM;LINUXFREE;LINUXDYNAMIC;ELASTICLINUX\"}},{\"id\":\"/subscriptions/3c4c30a8-1259-4f75-b267-fc4d7a7855eb/providers/Microsoft.Web/geoRegions/North Central US\",\"name\":\"North Central US\",\"type\":\"Microsoft.Web/geoRegions\",\"properties\":{\"name\":\"North Central US\",\"description\":null,\"sortOrder\":10,\"displayName\":\"North Central US\",\"orgDomain\":\"PUBLIC;DREAMSPARK;MSFTPUBLIC;FUNCTIONS;DYNAMIC;LINUX;DSERIES;LINUXDSERIES;LINUXFREE;ELASTICPREMIUM;ELASTICLINUX\"}},{\"id\":\"/subscriptions/3c4c30a8-1259-4f75-b267-fc4d7a7855eb/providers/Microsoft.Web/geoRegions/South Central US\",\"name\":\"South Central US\",\"type\":\"Microsoft.Web/geoRegions\",\"properties\":{\"name\":\"South Central US\",\"description\":null,\"sortOrder\":11,\"displayName\":\"South Central US\",\"orgDomain\":\"PUBLIC;DREAMSPARK;MSFTPUBLIC;FUNCTIONS;DYNAMIC;DSERIES;LINUX;LINUXDSERIES;ELASTICPREMIUM;LINUXFREE;LINUXDYNAMIC;ELASTICLINUX\"}},{\"id\":\"/subscriptions/3c4c30a8-1259-4f75-b267-fc4d7a7855eb/providers/Microsoft.Web/geoRegions/Brazil South\",\"name\":\"Brazil South\",\"type\":\"Microsoft.Web/geoRegions\",\"properties\":{\"name\":\"Brazil South\",\"description\":null,\"sortOrder\":12,\"displayName\":\"Brazil South\",\"orgDomain\":\"PUBLIC;DREAMSPARK;MSFTPUBLIC;FUNCTIONS;DYNAMIC;LINUX;DSERIES;LINUXDSERIES;LINUXFREE;ELASTICPREMIUM;LINUXDYNAMIC;ELASTICLINUX\"}},{\"id\":\"/subscriptions/3c4c30a8-1259-4f75-b267-fc4d7a7855eb/providers/Microsoft.Web/geoRegions/Australia East\",\"name\":\"Australia East\",\"type\":\"Microsoft.Web/geoRegions\",\"properties\":{\"name\":\"Australia East\",\"description\":null,\"sortOrder\":13,\"displayName\":\"Australia East\",\"orgDomain\":\"PUBLIC;DREAMSPARK;MSFTPUBLIC;FUNCTIONS;DYNAMIC;LINUX;DSERIES;LINUXDSERIES;XENON;ELASTICPREMIUM;LINUXFREE;LINUXDYNAMIC;ELASTICLINUX\"}},{\"id\":\"/subscriptions/3c4c30a8-1259-4f75-b267-fc4d7a7855eb/providers/Microsoft.Web/geoRegions/Australia Southeast\",\"name\":\"Australia Southeast\",\"type\":\"Microsoft.Web/geoRegions\",\"properties\":{\"name\":\"Australia Southeast\",\"description\":null,\"sortOrder\":14,\"displayName\":\"Australia Southeast\",\"orgDomain\":\"PUBLIC;DREAMSPARK;MSFTPUBLIC;FUNCTIONS;DYNAMIC;DSERIES;LINUX;LINUXDSERIES;ELASTICPREMIUM;LINUXFREE;ELASTICLINUX\"}},{\"id\":\"/subscriptions/3c4c30a8-1259-4f75-b267-fc4d7a7855eb/providers/Microsoft.Web/geoRegions/East Asia (Stage)\",\"name\":\"East Asia (Stage)\",\"type\":\"Microsoft.Web/geoRegions\",\"properties\":{\"name\":\"East Asia (Stage)\",\"description\":null,\"sortOrder\":2147483647,\"displayName\":\"East Asia (Stage)\",\"orgDomain\":\"MSFTINT;DSERIES;ELASTICPREMIUM;FUNCTIONS;DYNAMIC;XENON;LINUX;LINUXFREE;LINUXDYNAMIC\"}},{\"id\":\"/subscriptions/3c4c30a8-1259-4f75-b267-fc4d7a7855eb/providers/Microsoft.Web/geoRegions/West India\",\"name\":\"West India\",\"type\":\"Microsoft.Web/geoRegions\",\"properties\":{\"name\":\"West India\",\"description\":null,\"sortOrder\":2147483647,\"displayName\":\"West India\",\"orgDomain\":\"PUBLIC;DREAMSPARK;MSFTPUBLIC;FUNCTIONS;DYNAMIC;LINUX;DSERIES;LINUXDSERIES;ELASTICPREMIUM;LINUXDYNAMIC;ELASTICLINUX\"}},{\"id\":\"/subscriptions/3c4c30a8-1259-4f75-b267-fc4d7a7855eb/providers/Microsoft.Web/geoRegions/South India\",\"name\":\"South India\",\"type\":\"Microsoft.Web/geoRegions\",\"properties\":{\"name\":\"South India\",\"description\":null,\"sortOrder\":2147483647,\"displayName\":\"South India\",\"orgDomain\":\"PUBLIC;DREAMSPARK;MSFTPUBLIC;FUNCTIONS;DYNAMIC;DSERIES;LINUX;LINUXDSERIES;ELASTICPREMIUM\"}},{\"id\":\"/subscriptions/3c4c30a8-1259-4f75-b267-fc4d7a7855eb/providers/Microsoft.Web/geoRegions/Canada Central\",\"name\":\"Canada Central\",\"type\":\"Microsoft.Web/geoRegions\",\"properties\":{\"name\":\"Canada Central\",\"description\":null,\"sortOrder\":2147483647,\"displayName\":\"Canada Central\",\"orgDomain\":\"PUBLIC;DREAMSPARK;MSFTPUBLIC;FUNCTIONS;DYNAMIC;DSERIES;LINUX;LINUXDSERIES;ELASTICPREMIUM;LINUXFREE;ELASTICLINUX\"}},{\"id\":\"/subscriptions/3c4c30a8-1259-4f75-b267-fc4d7a7855eb/providers/Microsoft.Web/geoRegions/West US 2\",\"name\":\"West US 2\",\"type\":\"Microsoft.Web/geoRegions\",\"properties\":{\"name\":\"West US 2\",\"description\":null,\"sortOrder\":2147483647,\"displayName\":\"West US 2\",\"orgDomain\":\"PUBLIC;DREAMSPARK;MSFTPUBLIC;FUNCTIONS;DYNAMIC;LINUX;DSERIES;LINUXDSERIES;LINUXFREE;LINUXDYNAMIC;ELASTICPREMIUM;ELASTICLINUX\"}},{\"id\":\"/subscriptions/3c4c30a8-1259-4f75-b267-fc4d7a7855eb/providers/Microsoft.Web/geoRegions/UK West\",\"name\":\"UK West\",\"type\":\"Microsoft.Web/geoRegions\",\"properties\":{\"name\":\"UK West\",\"description\":null,\"sortOrder\":2147483647,\"displayName\":\"UK West\",\"orgDomain\":\"PUBLIC;MSFTPUBLIC;FUNCTIONS;DYNAMIC;DSERIES;LINUX;LINUXDSERIES;ELASTICPREMIUM;LINUXDYNAMIC;ELASTICLINUX\"}},{\"id\":\"/subscriptions/3c4c30a8-1259-4f75-b267-fc4d7a7855eb/providers/Microsoft.Web/geoRegions/UK South\",\"name\":\"UK South\",\"type\":\"Microsoft.Web/geoRegions\",\"properties\":{\"name\":\"UK South\",\"description\":null,\"sortOrder\":2147483647,\"displayName\":\"UK South\",\"orgDomain\":\"PUBLIC;MSFTPUBLIC;DYNAMIC;DSERIES;LINUX;LINUXDSERIES;LINUXFREE;LINUXDYNAMIC;ELASTICPREMIUM;ELASTICLINUX\"}},{\"id\":\"/subscriptions/3c4c30a8-1259-4f75-b267-fc4d7a7855eb/providers/Microsoft.Web/geoRegions/East US 2 EUAP\",\"name\":\"East US 2 EUAP\",\"type\":\"Microsoft.Web/geoRegions\",\"properties\":{\"name\":\"East US 2 EUAP\",\"description\":null,\"sortOrder\":2147483647,\"displayName\":\"East US 2 EUAP\",\"orgDomain\":\"EUAP;XENON;DSERIES;ELASTICPREMIUM;FUNCTIONS;DYNAMIC\"}},{\"id\":\"/subscriptions/3c4c30a8-1259-4f75-b267-fc4d7a7855eb/providers/Microsoft.Web/geoRegions/Central US EUAP\",\"name\":\"Central US EUAP\",\"type\":\"Microsoft.Web/geoRegions\",\"properties\":{\"name\":\"Central US EUAP\",\"description\":null,\"sortOrder\":2147483647,\"displayName\":\"Central US EUAP\",\"orgDomain\":\"EUAP;LINUX;DSERIES;ELASTICPREMIUM;LINUXFREE;ELASTICLINUX;LINUXDYNAMIC;DYNAMIC\"}},{\"id\":\"/subscriptions/3c4c30a8-1259-4f75-b267-fc4d7a7855eb/providers/Microsoft.Web/geoRegions/Korea Central\",\"name\":\"Korea Central\",\"type\":\"Microsoft.Web/geoRegions\",\"properties\":{\"name\":\"Korea Central\",\"description\":null,\"sortOrder\":2147483647,\"displayName\":\"Korea Central\",\"orgDomain\":\"PUBLIC;DREAMSPARK;MSFTPUBLIC;FUNCTIONS;DYNAMIC;LINUX;LINUXDSERIES;ELASTICPREMIUM;LINUXFREE;DSERIES;LINUXDYNAMIC;ELASTICLINUX\"}},{\"id\":\"/subscriptions/3c4c30a8-1259-4f75-b267-fc4d7a7855eb/providers/Microsoft.Web/geoRegions/France Central\",\"name\":\"France Central\",\"type\":\"Microsoft.Web/geoRegions\",\"properties\":{\"name\":\"France Central\",\"description\":null,\"sortOrder\":2147483647,\"displayName\":\"France Central\",\"orgDomain\":\"PUBLIC;MSFTPUBLIC;DSERIES;DYNAMIC;LINUX;LINUXDSERIES;ELASTICPREMIUM;LINUXFREE;LINUXDYNAMIC;ELASTICLINUX\"}},{\"id\":\"/subscriptions/3c4c30a8-1259-4f75-b267-fc4d7a7855eb/providers/Microsoft.Web/geoRegions/Australia Central 2\",\"name\":\"Australia Central 2\",\"type\":\"Microsoft.Web/geoRegions\",\"properties\":{\"name\":\"Australia Central 2\",\"description\":null,\"sortOrder\":2147483647,\"displayName\":\"Australia Central 2\",\"orgDomain\":\"PUBLIC;FUNCTIONS;DYNAMIC;DSERIES;LINUX;LINUXDSERIES;LINUXFREE;ELASTICPREMIUM\"}},{\"id\":\"/subscriptions/3c4c30a8-1259-4f75-b267-fc4d7a7855eb/providers/Microsoft.Web/geoRegions/Australia Central\",\"name\":\"Australia Central\",\"type\":\"Microsoft.Web/geoRegions\",\"properties\":{\"name\":\"Australia Central\",\"description\":null,\"sortOrder\":2147483647,\"displayName\":\"Australia Central\",\"orgDomain\":\"PUBLIC;FUNCTIONS;DYNAMIC;DSERIES;LINUX;LINUXDSERIES;LINUXFREE;ELASTICPREMIUM\"}},{\"id\":\"/subscriptions/3c4c30a8-1259-4f75-b267-fc4d7a7855eb/providers/Microsoft.Web/geoRegions/Germany West Central\",\"name\":\"Germany West Central\",\"type\":\"Microsoft.Web/geoRegions\",\"properties\":{\"name\":\"Germany West Central\",\"description\":null,\"sortOrder\":2147483647,\"displayName\":\"Germany West Central\",\"orgDomain\":\"PUBLIC;DSERIES;ELASTICPREMIUM;FUNCTIONS;DYNAMIC\"}},{\"id\":\"/subscriptions/3c4c30a8-1259-4f75-b267-fc4d7a7855eb/providers/Microsoft.Web/geoRegions/Norway East\",\"name\":\"Norway East\",\"type\":\"Microsoft.Web/geoRegions\",\"properties\":{\"name\":\"Norway East\",\"description\":null,\"sortOrder\":2147483647,\"displayName\":\"Norway East\",\"orgDomain\":\"PUBLIC;LINUX;LINUXDSERIES;DSERIES;ELASTICLINUX;ELASTICPREMIUM\"}}],\"nextLink\":null,\"id\":null}"
    }
  },
  "New-AzFunctionAppPlan, Update-AzFunctionAppPlan, and Remove-AzFunctionAppPlan E2E+[NoContext]+Validate \u0027New-AzFunctionAppPlan -AsJob\u0027, \u0027Update-AzFunctionAppPlan -AsJob\u0027 and \u0027Remove-AzFunctionAppPlan -Force\u0027+$PUT+https://management.azure.com/subscriptions/3c4c30a8-1259-4f75-b267-fc4d7a7855eb/resourceGroups/Functions-Test-Windows-Premium-4m6d0x/providers/Microsoft.Web/serverfarms/Functions-MyPlan-ipkndwm9ay?api-version=2019-08-01+2": {
    "Request": {
      "Method": "PUT",
      "RequestUri": "https://management.azure.com/subscriptions/3c4c30a8-1259-4f75-b267-fc4d7a7855eb/resourceGroups/Functions-Test-Windows-Premium-4m6d0x/providers/Microsoft.Web/serverfarms/Functions-MyPlan-ipkndwm9ay?api-version=2019-08-01",
      "Content": "{\r\n  \"location\": \"centralus\",\r\n  \"tags\": {\r\n    \"MyTag2\": \"MyTag1Value2\",\r\n    \"MyTag1\": \"MyTag1Value1\"\r\n  },\r\n  \"properties\": {\r\n    \"maximumElasticWorkerCount\": 3,\r\n    \"reserved\": false\r\n  },\r\n  \"sku\": {\r\n    \"name\": \"EP1\",\r\n    \"capacity\": 1,\r\n    \"tier\": \"ElasticPremium\"\r\n  }\r\n}",
      "Headers": {
      },
      "ContentHeaders": {
        "Content-Type": [ "application/json" ],
        "Content-Length": [ "284" ]
      }
    },
    "Response": {
      "StatusCode": 200,
      "Headers": {
        "Cache-Control": [ "no-cache" ],
        "Pragma": [ "no-cache" ],
        "Strict-Transport-Security": [ "max-age=31536000; includeSubDomains" ],
        "x-ms-request-id": [ "b69f6c15-231d-49e4-8825-6e8d0a5cd2f5" ],
        "Server": [ "Microsoft-IIS/10.0" ],
        "X-AspNet-Version": [ "4.0.30319" ],
        "X-Powered-By": [ "ASP.NET" ],
        "x-ms-ratelimit-remaining-subscription-writes": [ "1149" ],
        "x-ms-correlation-request-id": [ "778ae987-99fd-4996-af83-683b9572c8b9" ],
        "x-ms-routing-request-id": [ "WESTUS:20200616T004236Z:778ae987-99fd-4996-af83-683b9572c8b9" ],
        "X-Content-Type-Options": [ "nosniff" ],
        "Date": [ "Tue, 16 Jun 2020 00:42:35 GMT" ]
      },
      "ContentHeaders": {
        "Content-Length": [ "1541" ],
        "Content-Type": [ "application/json" ],
        "Expires": [ "-1" ]
      },
      "Content": "{\"id\":\"/subscriptions/3c4c30a8-1259-4f75-b267-fc4d7a7855eb/resourceGroups/Functions-Test-Windows-Premium-4m6d0x/providers/Microsoft.Web/serverfarms/Functions-MyPlan-ipkndwm9ay\",\"name\":\"Functions-MyPlan-ipkndwm9ay\",\"type\":\"Microsoft.Web/serverfarms\",\"kind\":\"elastic\",\"location\":\"Central US\",\"tags\":{\"MyTag2\":\"MyTag1Value2\",\"MyTag1\":\"MyTag1Value1\"},\"properties\":{\"serverFarmId\":42708,\"name\":\"Functions-MyPlan-ipkndwm9ay\",\"workerSize\":\"D1\",\"workerSizeId\":3,\"workerTierName\":null,\"numberOfWorkers\":1,\"currentWorkerSize\":\"D1\",\"currentWorkerSizeId\":3,\"currentNumberOfWorkers\":1,\"status\":\"Ready\",\"webSpace\":\"Functions-Test-Windows-Premium-4m6d0x-CentralUSwebspace\",\"subscription\":\"3c4c30a8-1259-4f75-b267-fc4d7a7855eb\",\"adminSiteName\":null,\"hostingEnvironment\":null,\"hostingEnvironmentProfile\":null,\"maximumNumberOfWorkers\":20,\"planName\":\"VirtualDedicatedPlan\",\"adminRuntimeSiteName\":null,\"computeMode\":\"Dedicated\",\"siteMode\":null,\"geoRegion\":\"Central US\",\"perSiteScaling\":false,\"maximumElasticWorkerCount\":3,\"numberOfSites\":0,\"hostingEnvironmentId\":null,\"isSpot\":false,\"spotExpirationTime\":null,\"freeOfferExpirationTime\":null,\"tags\":{\"MyTag2\":\"MyTag1Value2\",\"MyTag1\":\"MyTag1Value1\"},\"kind\":\"elastic\",\"resourceGroup\":\"Functions-Test-Windows-Premium-4m6d0x\",\"reserved\":false,\"isXenon\":false,\"hyperV\":false,\"mdmId\":\"waws-prod-dm1-025_42708\",\"targetWorkerCount\":0,\"targetWorkerSizeId\":0,\"provisioningState\":\"Succeeded\",\"webSiteId\":null,\"existingServerFarmIds\":null},\"sku\":{\"name\":\"EP1\",\"tier\":\"ElasticPremium\",\"size\":\"EP1\",\"family\":\"EP\",\"capacity\":1}}"
    }
  },
  "New-AzFunctionAppPlan, Update-AzFunctionAppPlan, and Remove-AzFunctionAppPlan E2E+[NoContext]+Validate \u0027New-AzFunctionAppPlan -AsJob\u0027, \u0027Update-AzFunctionAppPlan -AsJob\u0027 and \u0027Remove-AzFunctionAppPlan -Force\u0027+$GET+https://management.azure.com/subscriptions/3c4c30a8-1259-4f75-b267-fc4d7a7855eb/resourceGroups/Functions-Test-Windows-Premium-4m6d0x/providers/Microsoft.Web/serverfarms/Functions-MyPlan-ipkndwm9ay?api-version=2019-08-01+3": {
    "Request": {
      "Method": "GET",
      "RequestUri": "https://management.azure.com/subscriptions/3c4c30a8-1259-4f75-b267-fc4d7a7855eb/resourceGroups/Functions-Test-Windows-Premium-4m6d0x/providers/Microsoft.Web/serverfarms/Functions-MyPlan-ipkndwm9ay?api-version=2019-08-01",
      "Content": null,
      "Headers": {
        "x-ms-unique-id": [ "489" ],
        "x-ms-client-request-id": [ "444d8694-2bb4-441c-889c-57f3dae1fcf9" ],
        "CommandName": [ "Az.Functions.internal\\Get-AzFunctionAppPlan" ],
        "FullCommandName": [ "Get-AzFunctionAppPlan_Get" ],
        "ParameterSetName": [ "__AllParameterSets" ],
        "User-Agent": [ "AzurePowershell/Az4.0.0-preview" ],
        "Authorization": [ "[Filtered]" ]
      },
      "ContentHeaders": {
      }
    },
    "Response": {
      "StatusCode": 200,
      "Headers": {
        "Cache-Control": [ "no-cache" ],
        "Pragma": [ "no-cache" ],
        "Strict-Transport-Security": [ "max-age=31536000; includeSubDomains" ],
        "x-ms-request-id": [ "cd2c1a8b-634b-4491-87c3-6eb917eba99a" ],
        "Server": [ "Microsoft-IIS/10.0" ],
        "X-AspNet-Version": [ "4.0.30319" ],
        "X-Powered-By": [ "ASP.NET" ],
        "x-ms-ratelimit-remaining-subscription-reads": [ "11695" ],
        "x-ms-correlation-request-id": [ "c925f302-5929-402d-b881-16592a3a6ecf" ],
        "x-ms-routing-request-id": [ "WESTUS:20200616T004239Z:c925f302-5929-402d-b881-16592a3a6ecf" ],
        "X-Content-Type-Options": [ "nosniff" ],
        "Date": [ "Tue, 16 Jun 2020 00:42:38 GMT" ]
      },
      "ContentHeaders": {
        "Content-Length": [ "1541" ],
        "Content-Type": [ "application/json" ],
        "Expires": [ "-1" ]
      },
      "Content": "{\"id\":\"/subscriptions/3c4c30a8-1259-4f75-b267-fc4d7a7855eb/resourceGroups/Functions-Test-Windows-Premium-4m6d0x/providers/Microsoft.Web/serverfarms/Functions-MyPlan-ipkndwm9ay\",\"name\":\"Functions-MyPlan-ipkndwm9ay\",\"type\":\"Microsoft.Web/serverfarms\",\"kind\":\"elastic\",\"location\":\"Central US\",\"tags\":{\"MyTag2\":\"MyTag1Value2\",\"MyTag1\":\"MyTag1Value1\"},\"properties\":{\"serverFarmId\":42708,\"name\":\"Functions-MyPlan-ipkndwm9ay\",\"workerSize\":\"D1\",\"workerSizeId\":3,\"workerTierName\":null,\"numberOfWorkers\":1,\"currentWorkerSize\":\"D1\",\"currentWorkerSizeId\":3,\"currentNumberOfWorkers\":1,\"status\":\"Ready\",\"webSpace\":\"Functions-Test-Windows-Premium-4m6d0x-CentralUSwebspace\",\"subscription\":\"3c4c30a8-1259-4f75-b267-fc4d7a7855eb\",\"adminSiteName\":null,\"hostingEnvironment\":null,\"hostingEnvironmentProfile\":null,\"maximumNumberOfWorkers\":20,\"planName\":\"VirtualDedicatedPlan\",\"adminRuntimeSiteName\":null,\"computeMode\":\"Dedicated\",\"siteMode\":null,\"geoRegion\":\"Central US\",\"perSiteScaling\":false,\"maximumElasticWorkerCount\":3,\"numberOfSites\":0,\"hostingEnvironmentId\":null,\"isSpot\":false,\"spotExpirationTime\":null,\"freeOfferExpirationTime\":null,\"tags\":{\"MyTag2\":\"MyTag1Value2\",\"MyTag1\":\"MyTag1Value1\"},\"kind\":\"elastic\",\"resourceGroup\":\"Functions-Test-Windows-Premium-4m6d0x\",\"reserved\":false,\"isXenon\":false,\"hyperV\":false,\"mdmId\":\"waws-prod-dm1-025_42708\",\"targetWorkerCount\":0,\"targetWorkerSizeId\":0,\"provisioningState\":\"Succeeded\",\"webSiteId\":null,\"existingServerFarmIds\":null},\"sku\":{\"name\":\"EP1\",\"tier\":\"ElasticPremium\",\"size\":\"EP1\",\"family\":\"EP\",\"capacity\":1}}"
    }
  },
  "New-AzFunctionAppPlan, Update-AzFunctionAppPlan, and Remove-AzFunctionAppPlan E2E+[NoContext]+Validate \u0027New-AzFunctionAppPlan -AsJob\u0027, \u0027Update-AzFunctionAppPlan -AsJob\u0027 and \u0027Remove-AzFunctionAppPlan -Force\u0027+$GET+https://management.azure.com/subscriptions/3c4c30a8-1259-4f75-b267-fc4d7a7855eb/resourceGroups/Functions-Test-Windows-Premium-4m6d0x/providers/Microsoft.Web/serverfarms/Functions-MyPlan-ipkndwm9ay?api-version=2019-08-01+4": {
    "Request": {
      "Method": "GET",
      "RequestUri": "https://management.azure.com/subscriptions/3c4c30a8-1259-4f75-b267-fc4d7a7855eb/resourceGroups/Functions-Test-Windows-Premium-4m6d0x/providers/Microsoft.Web/serverfarms/Functions-MyPlan-ipkndwm9ay?api-version=2019-08-01",
      "Content": null,
      "Headers": {
        "x-ms-unique-id": [ "490" ],
        "x-ms-client-request-id": [ "0ff45a0e-7837-4b5a-8f8e-7e7d764c31ed" ],
        "CommandName": [ "Az.Functions.internal\\Get-AzFunctionAppPlan" ],
        "FullCommandName": [ "Get-AzFunctionAppPlan_Get" ],
        "ParameterSetName": [ "__AllParameterSets" ],
        "User-Agent": [ "AzurePowershell/Az4.0.0-preview" ],
        "Authorization": [ "[Filtered]" ]
      },
      "ContentHeaders": {
      }
    },
    "Response": {
      "StatusCode": 200,
      "Headers": {
        "Cache-Control": [ "no-cache" ],
        "Pragma": [ "no-cache" ],
        "Strict-Transport-Security": [ "max-age=31536000; includeSubDomains" ],
        "x-ms-request-id": [ "aa049ebb-5a7b-47d7-8343-504866ff94c3" ],
        "Server": [ "Microsoft-IIS/10.0" ],
        "X-AspNet-Version": [ "4.0.30319" ],
        "X-Powered-By": [ "ASP.NET" ],
        "x-ms-ratelimit-remaining-subscription-reads": [ "11694" ],
        "x-ms-correlation-request-id": [ "bc717933-f4cf-44d0-bac6-1e82a5b6e091" ],
        "x-ms-routing-request-id": [ "WESTUS:20200616T004239Z:bc717933-f4cf-44d0-bac6-1e82a5b6e091" ],
        "X-Content-Type-Options": [ "nosniff" ],
        "Date": [ "Tue, 16 Jun 2020 00:42:38 GMT" ]
      },
      "ContentHeaders": {
        "Content-Length": [ "1541" ],
        "Content-Type": [ "application/json" ],
        "Expires": [ "-1" ]
      },
      "Content": "{\"id\":\"/subscriptions/3c4c30a8-1259-4f75-b267-fc4d7a7855eb/resourceGroups/Functions-Test-Windows-Premium-4m6d0x/providers/Microsoft.Web/serverfarms/Functions-MyPlan-ipkndwm9ay\",\"name\":\"Functions-MyPlan-ipkndwm9ay\",\"type\":\"Microsoft.Web/serverfarms\",\"kind\":\"elastic\",\"location\":\"Central US\",\"tags\":{\"MyTag2\":\"MyTag1Value2\",\"MyTag1\":\"MyTag1Value1\"},\"properties\":{\"serverFarmId\":42708,\"name\":\"Functions-MyPlan-ipkndwm9ay\",\"workerSize\":\"D1\",\"workerSizeId\":3,\"workerTierName\":null,\"numberOfWorkers\":1,\"currentWorkerSize\":\"D1\",\"currentWorkerSizeId\":3,\"currentNumberOfWorkers\":1,\"status\":\"Ready\",\"webSpace\":\"Functions-Test-Windows-Premium-4m6d0x-CentralUSwebspace\",\"subscription\":\"3c4c30a8-1259-4f75-b267-fc4d7a7855eb\",\"adminSiteName\":null,\"hostingEnvironment\":null,\"hostingEnvironmentProfile\":null,\"maximumNumberOfWorkers\":20,\"planName\":\"VirtualDedicatedPlan\",\"adminRuntimeSiteName\":null,\"computeMode\":\"Dedicated\",\"siteMode\":null,\"geoRegion\":\"Central US\",\"perSiteScaling\":false,\"maximumElasticWorkerCount\":3,\"numberOfSites\":0,\"hostingEnvironmentId\":null,\"isSpot\":false,\"spotExpirationTime\":null,\"freeOfferExpirationTime\":null,\"tags\":{\"MyTag2\":\"MyTag1Value2\",\"MyTag1\":\"MyTag1Value1\"},\"kind\":\"elastic\",\"resourceGroup\":\"Functions-Test-Windows-Premium-4m6d0x\",\"reserved\":false,\"isXenon\":false,\"hyperV\":false,\"mdmId\":\"waws-prod-dm1-025_42708\",\"targetWorkerCount\":0,\"targetWorkerSizeId\":0,\"provisioningState\":\"Succeeded\",\"webSiteId\":null,\"existingServerFarmIds\":null},\"sku\":{\"name\":\"EP1\",\"tier\":\"ElasticPremium\",\"size\":\"EP1\",\"family\":\"EP\",\"capacity\":1}}"
    }
  },
  "New-AzFunctionAppPlan, Update-AzFunctionAppPlan, and Remove-AzFunctionAppPlan E2E+[NoContext]+Validate \u0027New-AzFunctionAppPlan -AsJob\u0027, \u0027Update-AzFunctionAppPlan -AsJob\u0027 and \u0027Remove-AzFunctionAppPlan -Force\u0027+$PUT+https://management.azure.com/subscriptions/3c4c30a8-1259-4f75-b267-fc4d7a7855eb/resourceGroups/Functions-Test-Windows-Premium-4m6d0x/providers/Microsoft.Web/serverfarms/Functions-MyPlan-ipkndwm9ay?api-version=2019-08-01+5": {
    "Request": {
      "Method": "PUT",
      "RequestUri": "https://management.azure.com/subscriptions/3c4c30a8-1259-4f75-b267-fc4d7a7855eb/resourceGroups/Functions-Test-Windows-Premium-4m6d0x/providers/Microsoft.Web/serverfarms/Functions-MyPlan-ipkndwm9ay?api-version=2019-08-01",
      "Content": "{\r\n  \"location\": \"Central US\",\r\n  \"properties\": {\r\n    \"maximumElasticWorkerCount\": 3,\r\n    \"reserved\": false\r\n  },\r\n  \"sku\": {\r\n    \"name\": \"EP2\",\r\n    \"capacity\": 1,\r\n    \"tier\": \"ElasticPremium\"\r\n  }\r\n}",
      "Headers": {
      },
      "ContentHeaders": {
        "Content-Type": [ "application/json" ],
        "Content-Length": [ "205" ]
      }
    },
    "Response": {
      "StatusCode": 200,
      "Headers": {
        "Cache-Control": [ "no-cache" ],
        "Pragma": [ "no-cache" ],
        "Strict-Transport-Security": [ "max-age=31536000; includeSubDomains" ],
        "x-ms-request-id": [ "94ca5814-b2f3-4973-bfee-502414dafce7" ],
        "Server": [ "Microsoft-IIS/10.0" ],
        "X-AspNet-Version": [ "4.0.30319" ],
        "X-Powered-By": [ "ASP.NET" ],
        "x-ms-ratelimit-remaining-subscription-writes": [ "1148" ],
        "x-ms-correlation-request-id": [ "1f9b89ed-905a-42cb-aab2-3dfdd5891888" ],
        "x-ms-routing-request-id": [ "WESTUS:20200616T004242Z:1f9b89ed-905a-42cb-aab2-3dfdd5891888" ],
        "X-Content-Type-Options": [ "nosniff" ],
        "Date": [ "Tue, 16 Jun 2020 00:42:41 GMT" ]
      },
      "ContentHeaders": {
        "Content-Length": [ "1591" ],
        "Content-Type": [ "application/json" ],
        "Expires": [ "-1" ]
      },
      "Content": "{\"id\":\"/subscriptions/3c4c30a8-1259-4f75-b267-fc4d7a7855eb/resourceGroups/Functions-Test-Windows-Premium-4m6d0x/providers/Microsoft.Web/serverfarms/Functions-MyPlan-ipkndwm9ay\",\"name\":\"Functions-MyPlan-ipkndwm9ay\",\"type\":\"Microsoft.Web/serverfarms\",\"kind\":\"elastic\",\"location\":\"Central US\",\"tags\":{\"MyTag2\":\"MyTag1Value2\",\"MyTag1\":\"MyTag1Value1\"},\"properties\":{\"serverFarmId\":42708,\"name\":\"Functions-MyPlan-ipkndwm9ay\",\"sku\":{\"name\":\"EP2\",\"tier\":\"ElasticPremium\",\"size\":\"EP2\",\"capacity\":1},\"workerSize\":\"D2\",\"workerSizeId\":4,\"workerTierName\":null,\"numberOfWorkers\":1,\"currentWorkerSize\":\"D2\",\"currentWorkerSizeId\":4,\"currentNumberOfWorkers\":1,\"status\":\"Ready\",\"webSpace\":\"Functions-Test-Windows-Premium-4m6d0x-CentralUSwebspace\",\"subscription\":\"3c4c30a8-1259-4f75-b267-fc4d7a7855eb\",\"adminSiteName\":null,\"hostingEnvironment\":null,\"hostingEnvironmentProfile\":null,\"maximumNumberOfWorkers\":20,\"planName\":\"VirtualDedicatedPlan\",\"adminRuntimeSiteName\":null,\"computeMode\":\"Dedicated\",\"siteMode\":null,\"geoRegion\":\"Central US\",\"perSiteScaling\":false,\"maximumElasticWorkerCount\":3,\"numberOfSites\":0,\"hostingEnvironmentId\":null,\"isSpot\":false,\"spotExpirationTime\":null,\"freeOfferExpirationTime\":null,\"tags\":{\"MyTag2\":\"MyTag1Value2\",\"MyTag1\":\"MyTag1Value1\"},\"kind\":\"elastic\",\"resourceGroup\":\"Functions-Test-Windows-Premium-4m6d0x\",\"reserved\":false,\"isXenon\":false,\"hyperV\":false,\"mdmId\":\"waws-prod-dm1-025_42708\",\"targetWorkerCount\":0,\"targetWorkerSizeId\":0,\"provisioningState\":null,\"webSiteId\":null,\"existingServerFarmIds\":null},\"sku\":{\"name\":\"EP2\",\"tier\":\"ElasticPremium\",\"size\":\"EP2\",\"capacity\":1}}"
    }
  },
  "New-AzFunctionAppPlan, Update-AzFunctionAppPlan, and Remove-AzFunctionAppPlan E2E+[NoContext]+Validate \u0027New-AzFunctionAppPlan -AsJob\u0027, \u0027Update-AzFunctionAppPlan -AsJob\u0027 and \u0027Remove-AzFunctionAppPlan -Force\u0027+$GET+https://management.azure.com/subscriptions/3c4c30a8-1259-4f75-b267-fc4d7a7855eb/resourceGroups/Functions-Test-Windows-Premium-4m6d0x/providers/Microsoft.Web/serverfarms/Functions-MyPlan-ipkndwm9ay?api-version=2019-08-01+6": {
    "Request": {
      "Method": "GET",
      "RequestUri": "https://management.azure.com/subscriptions/3c4c30a8-1259-4f75-b267-fc4d7a7855eb/resourceGroups/Functions-Test-Windows-Premium-4m6d0x/providers/Microsoft.Web/serverfarms/Functions-MyPlan-ipkndwm9ay?api-version=2019-08-01",
      "Content": null,
      "Headers": {
        "x-ms-unique-id": [ "492" ],
        "x-ms-client-request-id": [ "9a1e946f-e1ad-46db-9aa8-ee70a73f110f" ],
        "CommandName": [ "Az.Functions.internal\\Get-AzFunctionAppPlan" ],
        "FullCommandName": [ "Get-AzFunctionAppPlan_Get" ],
        "ParameterSetName": [ "__AllParameterSets" ],
        "User-Agent": [ "AzurePowershell/Az4.0.0-preview" ],
        "Authorization": [ "[Filtered]" ]
      },
      "ContentHeaders": {
      }
    },
    "Response": {
      "StatusCode": 200,
      "Headers": {
        "Cache-Control": [ "no-cache" ],
        "Pragma": [ "no-cache" ],
        "Strict-Transport-Security": [ "max-age=31536000; includeSubDomains" ],
        "x-ms-request-id": [ "97b9528d-c698-4cb1-9fb5-a943afa39916" ],
        "Server": [ "Microsoft-IIS/10.0" ],
        "X-AspNet-Version": [ "4.0.30319" ],
        "X-Powered-By": [ "ASP.NET" ],
        "x-ms-ratelimit-remaining-subscription-reads": [ "11693" ],
        "x-ms-correlation-request-id": [ "98ce2afe-94a7-43f5-a1cd-36cf65e41bfb" ],
        "x-ms-routing-request-id": [ "WESTUS:20200616T004242Z:98ce2afe-94a7-43f5-a1cd-36cf65e41bfb" ],
        "X-Content-Type-Options": [ "nosniff" ],
        "Date": [ "Tue, 16 Jun 2020 00:42:42 GMT" ]
      },
      "ContentHeaders": {
        "Content-Length": [ "1541" ],
        "Content-Type": [ "application/json" ],
        "Expires": [ "-1" ]
      },
      "Content": "{\"id\":\"/subscriptions/3c4c30a8-1259-4f75-b267-fc4d7a7855eb/resourceGroups/Functions-Test-Windows-Premium-4m6d0x/providers/Microsoft.Web/serverfarms/Functions-MyPlan-ipkndwm9ay\",\"name\":\"Functions-MyPlan-ipkndwm9ay\",\"type\":\"Microsoft.Web/serverfarms\",\"kind\":\"elastic\",\"location\":\"Central US\",\"tags\":{\"MyTag2\":\"MyTag1Value2\",\"MyTag1\":\"MyTag1Value1\"},\"properties\":{\"serverFarmId\":42708,\"name\":\"Functions-MyPlan-ipkndwm9ay\",\"workerSize\":\"D2\",\"workerSizeId\":4,\"workerTierName\":null,\"numberOfWorkers\":1,\"currentWorkerSize\":\"D2\",\"currentWorkerSizeId\":4,\"currentNumberOfWorkers\":1,\"status\":\"Ready\",\"webSpace\":\"Functions-Test-Windows-Premium-4m6d0x-CentralUSwebspace\",\"subscription\":\"3c4c30a8-1259-4f75-b267-fc4d7a7855eb\",\"adminSiteName\":null,\"hostingEnvironment\":null,\"hostingEnvironmentProfile\":null,\"maximumNumberOfWorkers\":20,\"planName\":\"VirtualDedicatedPlan\",\"adminRuntimeSiteName\":null,\"computeMode\":\"Dedicated\",\"siteMode\":null,\"geoRegion\":\"Central US\",\"perSiteScaling\":false,\"maximumElasticWorkerCount\":3,\"numberOfSites\":0,\"hostingEnvironmentId\":null,\"isSpot\":false,\"spotExpirationTime\":null,\"freeOfferExpirationTime\":null,\"tags\":{\"MyTag2\":\"MyTag1Value2\",\"MyTag1\":\"MyTag1Value1\"},\"kind\":\"elastic\",\"resourceGroup\":\"Functions-Test-Windows-Premium-4m6d0x\",\"reserved\":false,\"isXenon\":false,\"hyperV\":false,\"mdmId\":\"waws-prod-dm1-025_42708\",\"targetWorkerCount\":0,\"targetWorkerSizeId\":0,\"provisioningState\":\"Succeeded\",\"webSiteId\":null,\"existingServerFarmIds\":null},\"sku\":{\"name\":\"EP2\",\"tier\":\"ElasticPremium\",\"size\":\"EP2\",\"family\":\"EP\",\"capacity\":1}}"
    }
  },
  "New-AzFunctionAppPlan, Update-AzFunctionAppPlan, and Remove-AzFunctionAppPlan E2E+[NoContext]+Validate \u0027New-AzFunctionAppPlan -AsJob\u0027, \u0027Update-AzFunctionAppPlan -AsJob\u0027 and \u0027Remove-AzFunctionAppPlan -Force\u0027+$DELETE+https://management.azure.com/subscriptions/3c4c30a8-1259-4f75-b267-fc4d7a7855eb/resourceGroups/Functions-Test-Windows-Premium-4m6d0x/providers/Microsoft.Web/serverfarms/Functions-MyPlan-ipkndwm9ay?api-version=2019-08-01+7": {
    "Request": {
      "Method": "DELETE",
      "RequestUri": "https://management.azure.com/subscriptions/3c4c30a8-1259-4f75-b267-fc4d7a7855eb/resourceGroups/Functions-Test-Windows-Premium-4m6d0x/providers/Microsoft.Web/serverfarms/Functions-MyPlan-ipkndwm9ay?api-version=2019-08-01",
      "Content": null,
      "Headers": {
        "x-ms-unique-id": [ "493" ],
        "x-ms-client-request-id": [ "082a431c-29ed-40cc-a590-321fb4db0a38" ],
        "CommandName": [ "Az.Functions.internal\\Remove-AzFunctionAppPlan" ],
        "FullCommandName": [ "Remove-AzFunctionAppPlan_Delete" ],
        "ParameterSetName": [ "__AllParameterSets" ],
        "User-Agent": [ "AzurePowershell/Az4.0.0-preview" ],
        "Authorization": [ "[Filtered]" ]
      },
      "ContentHeaders": {
      }
    },
    "Response": {
      "StatusCode": 200,
      "Headers": {
        "Cache-Control": [ "no-cache" ],
        "Pragma": [ "no-cache" ],
        "Strict-Transport-Security": [ "max-age=31536000; includeSubDomains" ],
        "x-ms-request-id": [ "50d98d9c-a2e5-4895-a3eb-61431ef73c5c" ],
        "Server": [ "Microsoft-IIS/10.0" ],
        "X-AspNet-Version": [ "4.0.30319" ],
        "X-Powered-By": [ "ASP.NET" ],
        "x-ms-ratelimit-remaining-subscription-deletes": [ "14983" ],
        "x-ms-correlation-request-id": [ "0e89a778-44b8-47f7-92c8-89d260087388" ],
        "x-ms-routing-request-id": [ "WESTUS:20200616T004244Z:0e89a778-44b8-47f7-92c8-89d260087388" ],
        "X-Content-Type-Options": [ "nosniff" ],
        "Date": [ "Tue, 16 Jun 2020 00:42:44 GMT" ]
      },
      "ContentHeaders": {
        "Expires": [ "-1" ],
        "Content-Length": [ "0" ]
      },
      "Content": null
    }
  },
  "New-AzFunctionAppPlan, Update-AzFunctionAppPlan, and Remove-AzFunctionAppPlan E2E+[NoContext]+Validate \u0027New-AzFunctionAppPlan -AsJob\u0027, \u0027Update-AzFunctionAppPlan -AsJob\u0027 and \u0027Remove-AzFunctionAppPlan -Force\u0027+$GET+https://management.azure.com/subscriptions/3c4c30a8-1259-4f75-b267-fc4d7a7855eb/resourceGroups/Functions-Test-Windows-Premium-4m6d0x/providers/Microsoft.Web/serverfarms/Functions-MyPlan-ipkndwm9ay?api-version=2019-08-01+8": {
    "Request": {
      "Method": "GET",
      "RequestUri": "https://management.azure.com/subscriptions/3c4c30a8-1259-4f75-b267-fc4d7a7855eb/resourceGroups/Functions-Test-Windows-Premium-4m6d0x/providers/Microsoft.Web/serverfarms/Functions-MyPlan-ipkndwm9ay?api-version=2019-08-01",
      "Content": null,
      "Headers": {
        "x-ms-unique-id": [ "494" ],
        "x-ms-client-request-id": [ "a2257aa9-1c5d-41bf-a724-e1abf8e3e2d9" ],
        "CommandName": [ "Az.Functions.internal\\Get-AzFunctionAppPlan" ],
        "FullCommandName": [ "Get-AzFunctionAppPlan_Get" ],
        "ParameterSetName": [ "__AllParameterSets" ],
        "User-Agent": [ "AzurePowershell/Az4.0.0-preview" ],
        "Authorization": [ "[Filtered]" ]
      },
      "ContentHeaders": {
      }
    },
    "Response": {
      "StatusCode": 404,
      "Headers": {
        "Cache-Control": [ "no-cache" ],
        "Pragma": [ "no-cache" ],
        "x-ms-failure-cause": [ "gateway" ],
        "x-ms-request-id": [ "b9645cc5-6a96-49ba-898e-2bc530587b27" ],
        "x-ms-correlation-request-id": [ "b9645cc5-6a96-49ba-898e-2bc530587b27" ],
        "x-ms-routing-request-id": [ "WESTUS:20200616T004245Z:b9645cc5-6a96-49ba-898e-2bc530587b27" ],
        "Strict-Transport-Security": [ "max-age=31536000; includeSubDomains" ],
        "X-Content-Type-Options": [ "nosniff" ],
        "Date": [ "Tue, 16 Jun 2020 00:42:44 GMT" ]
      },
      "ContentHeaders": {
        "Content-Type": [ "application/json; charset=utf-8" ],
        "Expires": [ "-1" ],
        "Content-Length": [ "262" ]
      },
      "Content": "{\"error\":{\"code\":\"ResourceNotFound\",\"message\":\"The Resource \u0027Microsoft.Web/serverFarms/Functions-MyPlan-ipkndwm9ay\u0027 under resource group \u0027Functions-Test-Windows-Premium-4m6d0x\u0027 was not found. For more details please go to https://aka.ms/ARMResourceNotFoundFix\"}}"
    }
  },
  "New-AzFunctionAppPlan, Update-AzFunctionAppPlan, and Remove-AzFunctionAppPlan E2E+[NoContext]+Validate \u0027New-AzFunctionAppPlan -AsJob\u0027, \u0027Update-AzFunctionAppPlan -AsJob\u0027 and \u0027Remove-AzFunctionAppPlan -Force\u0027+$GET+https://management.azure.com/subscriptions/3c4c30a8-1259-4f75-b267-fc4d7a7855eb/resourceGroups/Functions-Test-Windows-Premium-4m6d0x/providers/Microsoft.Web/serverfarms/Functions-MyPlan-ipkndwm9ay?api-version=2019-08-01+9": {
    "Request": {
      "Method": "GET",
      "RequestUri": "https://management.azure.com/subscriptions/3c4c30a8-1259-4f75-b267-fc4d7a7855eb/resourceGroups/Functions-Test-Windows-Premium-4m6d0x/providers/Microsoft.Web/serverfarms/Functions-MyPlan-ipkndwm9ay?api-version=2019-08-01",
      "Content": null,
      "Headers": {
        "x-ms-unique-id": [ "495" ],
        "x-ms-client-request-id": [ "a44bff9c-a03a-4dfd-8439-fb42beabc327" ],
        "CommandName": [ "Az.Functions.internal\\Get-AzFunctionAppPlan" ],
        "FullCommandName": [ "Get-AzFunctionAppPlan_Get" ],
        "ParameterSetName": [ "__AllParameterSets" ],
        "User-Agent": [ "AzurePowershell/Az4.0.0-preview" ],
        "Authorization": [ "[Filtered]" ]
      },
      "ContentHeaders": {
      }
    },
    "Response": {
      "StatusCode": 404,
      "Headers": {
        "Cache-Control": [ "no-cache" ],
        "Pragma": [ "no-cache" ],
        "x-ms-failure-cause": [ "gateway" ],
        "x-ms-request-id": [ "56f33d5b-d838-4c1e-9d2d-22464b9e6af8" ],
        "x-ms-correlation-request-id": [ "56f33d5b-d838-4c1e-9d2d-22464b9e6af8" ],
        "x-ms-routing-request-id": [ "WESTUS:20200616T004245Z:56f33d5b-d838-4c1e-9d2d-22464b9e6af8" ],
        "Strict-Transport-Security": [ "max-age=31536000; includeSubDomains" ],
        "X-Content-Type-Options": [ "nosniff" ],
        "Date": [ "Tue, 16 Jun 2020 00:42:44 GMT" ]
      },
      "ContentHeaders": {
        "Content-Type": [ "application/json; charset=utf-8" ],
        "Expires": [ "-1" ],
        "Content-Length": [ "262" ]
      },
      "Content": "{\"error\":{\"code\":\"ResourceNotFound\",\"message\":\"The Resource \u0027Microsoft.Web/serverFarms/Functions-MyPlan-ipkndwm9ay\u0027 under resource group \u0027Functions-Test-Windows-Premium-4m6d0x\u0027 was not found. For more details please go to https://aka.ms/ARMResourceNotFoundFix\"}}"
    }
  }
}