{
  "Update-AzNginxDeployment+[NoContext]+UpdateExpanded+$PATCH+https://management.azure.com/subscriptions/e3853e83-0d02-4fb3-b88f-05b5fd21aee2/resourceGroups/limgu_rg/providers/Nginx.NginxPlus/nginxDeployments/test920?api-version=2023-04-01+1": {
    "Request": {
      "Method": "PATCH",
      "RequestUri": "https://management.azure.com/subscriptions/e3853e83-0d02-4fb3-b88f-05b5fd21aee2/resourceGroups/limgu_rg/providers/Nginx.NginxPlus/nginxDeployments/test920?api-version=2023-04-01",
      "Content": "{\n  \"properties\": {\n    \"enableDiagnosticsSupport\": true\n  }\n}",
      "isContentBase64": false,
      "Headers": {
      },
      "ContentHeaders": {
        "Content-Type": [ "application/json" ],
        "Content-Length": [ "62" ]
      }
    },
    "Response": {
      "StatusCode": 201,
      "Headers": {
        "Cache-Control": [ "no-cache" ],
        "Pragma": [ "no-cache" ],
        "ETag": [ "\"7e00ea49-0000-0200-0000-632bbe220000\"" ],
        "Location": [ "https://management.azure.com/providers/Nginx.NginxPlus/locations/EASTUS2/operationStatuses/d8c59c00-5e78-40e2-b63b-b8f26ad5709c*CDD5CCAAE0AD6DD57A723730BD7ED343E6A9161C1D97356EFC59DFBDF1E8848E?api-version=2023-04-01" ],
        "x-ms-ratelimit-remaining-subscription-writes": [ "1199" ],
        "x-ms-providerhub-traffic": [ "True" ],
        "Request-Context": [ "appId=cid-v1:0d872b79-fbba-4031-abaa-ef9aa3e0050d" ],
        "Strict-Transport-Security": [ "max-age=31536000; includeSubDomains" ],
        "X-Content-Type-Options": [ "nosniff" ],
        "Azure-AsyncOperation": [ "https://management.azure.com/providers/Nginx.NginxPlus/locations/EASTUS2/operationStatuses/d8c59c00-5e78-40e2-b63b-b8f26ad5709c*CDD5CCAAE0AD6DD57A723730BD7ED343E6A9161C1D97356EFC59DFBDF1E8848E?api-version=2023-04-01" ],
        "x-ms-request-id": [ "d8c59c00-5e78-40e2-b63b-b8f26ad5709c" ],
        "x-ms-correlation-request-id": [ "d3f24b7f-e00a-4621-8b90-f89dd3f5a5d6" ],
        "x-ms-routing-request-id": [ "WESTCENTRALUS:20220922T014506Z:d3f24b7f-e00a-4621-8b90-f89dd3f5a5d6" ],
        "Date": [ "Thu, 22 Sep 2022 01:45:06 GMT" ]
      },
      "ContentHeaders": {
        "Content-Length": [ "1430" ],
        "Content-Type": [ "application/json; charset=utf-8" ],
        "Expires": [ "-1" ]
      },
      "Content": "{\"id\":\"/subscriptions/e3853e83-0d02-4fb3-b88f-05b5fd21aee2/resourceGroups/limgu_rg/providers/NGINX.NGINXPLUS/nginxDeployments/test920\",\"name\":\"test920\",\"type\":\"nginx.nginxplus/nginxdeployments\",\"sku\":{\"name\":\"publicpreview_Monthly_gmz7xq9ge3py\"},\"location\":\"eastus2\",\"tags\":{},\"systemData\":{\"createdBy\":\"limgu@microsoft.com\",\"createdByType\":\"User\",\"createdAt\":\"2022-09-20T20:41:30.0046696Z\",\"lastModifiedBy\":\"limgu@microsoft.com\",\"lastModifiedByType\":\"User\",\"lastModifiedAt\":\"2022-09-22T01:45:05.5048421Z\"},\"identity\":{\"type\":\"UserAssigned\",\"userAssignedIdentities\":{\"/subscriptions/e3853e83-0d02-4fb3-b88f-05b5fd21aee2/resourceGroups/demo-common/providers/Microsoft.ManagedIdentity/userAssignedIdentities/demo-mi\":{\"principalId\":\"4fa6b75b-7f51-4522-8873-bc2481954113\",\"clientId\":\"25d78737-a027-49ed-9dd6-e7de1086e76a\"}}},\"properties\":{\"provisioningState\":\"Accepted\",\"nginxVersion\":\"\",\"managedResourceGroup\":\"NGX_limgu_rg_test920_eastus2\",\"ipAddress\":\"20.96.85.173\",\"networkProfile\":{\"frontEndIPConfiguration\":{\"publicIPAddresses\":[{\"id\":\"/subscriptions/e3853e83-0d02-4fb3-b88f-05b5fd21aee2/resourceGroups/limgu_rg/providers/Microsoft.Network/publicIPAddresses/test920-ip\"}],\"privateIPAddresses\":[]},\"networkInterfaceConfiguration\":{\"subnetId\":\"/subscriptions/e3853e83-0d02-4fb3-b88f-05b5fd21aee2/resourceGroups/limgu_rg/providers/Microsoft.Network/virtualNetworks/test920-vnet/subnets/default\"}},\"enableDiagnosticsSupport\":true}}",
      "isContentBase64": false
    }
  },
  "Update-AzNginxDeployment+[NoContext]+UpdateExpanded+$GET+https://management.azure.com/providers/Nginx.NginxPlus/locations/EASTUS2/operationStatuses/d8c59c00-5e78-40e2-b63b-b8f26ad5709c*CDD5CCAAE0AD6DD57A723730BD7ED343E6A9161C1D97356EFC59DFBDF1E8848E?api-version=2023-04-01+2": {
    "Request": {
      "Method": "GET",
      "RequestUri": "https://management.azure.com/providers/Nginx.NginxPlus/locations/EASTUS2/operationStatuses/d8c59c00-5e78-40e2-b63b-b8f26ad5709c*CDD5CCAAE0AD6DD57A723730BD7ED343E6A9161C1D97356EFC59DFBDF1E8848E?api-version=2023-04-01",
      "Content": null,
      "isContentBase64": false,
      "Headers": {
        "Authorization": [ "[Filtered]" ],
        "x-ms-unique-id": [ "2" ],
        "x-ms-client-request-id": [ "c8a62df5-af19-4d92-bc84-897618a07255" ],
        "CommandName": [ "Update-AzNginxDeployment" ],
        "FullCommandName": [ "Update-AzNginxDeployment_UpdateExpanded" ],
        "ParameterSetName": [ "__AllParameterSets" ],
        "User-Agent": [ "AzurePowershell/v0.0.0", "PSVersion/v7.1.3", "Az.Nginx/0.1.0" ]
      },
      "ContentHeaders": {
      }
    },
    "Response": {
      "StatusCode": 200,
      "Headers": {
        "Cache-Control": [ "no-cache" ],
        "Pragma": [ "no-cache" ],
        "ETag": [ "\"87019862-0000-0200-0000-632bbe210000\"" ],
        "x-ms-ratelimit-remaining-tenant-reads": [ "11999" ],
        "x-ms-request-id": [ "7473c82e-068c-4ecb-8134-e38cf75e3c53" ],
        "x-ms-correlation-request-id": [ "5888c28f-093c-4f46-9c67-b06f92447194" ],
        "x-ms-routing-request-id": [ "WESTCENTRALUS:20220922T014536Z:5888c28f-093c-4f46-9c67-b06f92447194" ],
        "Strict-Transport-Security": [ "max-age=31536000; includeSubDomains" ],
        "X-Content-Type-Options": [ "nosniff" ],
        "Date": [ "Thu, 22 Sep 2022 01:45:36 GMT" ]
      },
      "ContentHeaders": {
        "Content-Length": [ "489" ],
        "Content-Type": [ "application/json; charset=utf-8" ],
        "Expires": [ "-1" ]
      },
      "Content": "{\"id\":\"/providers/Nginx.NginxPlus/locations/EASTUS2/operationStatuses/d8c59c00-5e78-40e2-b63b-b8f26ad5709c*CDD5CCAAE0AD6DD57A723730BD7ED343E6A9161C1D97356EFC59DFBDF1E8848E\",\"name\":\"d8c59c00-5e78-40e2-b63b-b8f26ad5709c*CDD5CCAAE0AD6DD57A723730BD7ED343E6A9161C1D97356EFC59DFBDF1E8848E\",\"resourceId\":\"/subscriptions/e3853e83-0d02-4fb3-b88f-05b5fd21aee2/resourceGroups/limgu_rg/providers/Nginx.NginxPlus/nginxDeployments/test920\",\"status\":\"Accepted\",\"startTime\":\"2022-09-22T01:45:05.6044531Z\"}",
      "isContentBase64": false
    }
  },
  "Update-AzNginxDeployment+[NoContext]+UpdateExpanded+$GET+https://management.azure.com/providers/Nginx.NginxPlus/locations/EASTUS2/operationStatuses/d8c59c00-5e78-40e2-b63b-b8f26ad5709c*CDD5CCAAE0AD6DD57A723730BD7ED343E6A9161C1D97356EFC59DFBDF1E8848E?api-version=2023-04-01+3": {
    "Request": {
      "Method": "GET",
      "RequestUri": "https://management.azure.com/providers/Nginx.NginxPlus/locations/EASTUS2/operationStatuses/d8c59c00-5e78-40e2-b63b-b8f26ad5709c*CDD5CCAAE0AD6DD57A723730BD7ED343E6A9161C1D97356EFC59DFBDF1E8848E?api-version=2023-04-01",
      "Content": null,
      "isContentBase64": false,
      "Headers": {
        "Authorization": [ "[Filtered]" ],
        "x-ms-unique-id": [ "3" ],
        "x-ms-client-request-id": [ "c8a62df5-af19-4d92-bc84-897618a07255" ],
        "CommandName": [ "Update-AzNginxDeployment" ],
        "FullCommandName": [ "Update-AzNginxDeployment_UpdateExpanded" ],
        "ParameterSetName": [ "__AllParameterSets" ],
        "User-Agent": [ "AzurePowershell/v0.0.0", "PSVersion/v7.1.3", "Az.Nginx/0.1.0" ]
      },
      "ContentHeaders": {
      }
    },
    "Response": {
      "StatusCode": 200,
      "Headers": {
        "Cache-Control": [ "no-cache" ],
        "Pragma": [ "no-cache" ],
        "ETag": [ "\"87019464-0000-0200-0000-632bbe410000\"" ],
        "x-ms-ratelimit-remaining-tenant-reads": [ "11998" ],
        "x-ms-request-id": [ "2eebb76f-a5e1-4efb-a929-476426f1137a" ],
        "x-ms-correlation-request-id": [ "70637cb0-a6b2-42e7-a841-cc7b871b894c" ],
        "x-ms-routing-request-id": [ "WESTCENTRALUS:20220922T014607Z:70637cb0-a6b2-42e7-a841-cc7b871b894c" ],
        "Strict-Transport-Security": [ "max-age=31536000; includeSubDomains" ],
        "X-Content-Type-Options": [ "nosniff" ],
        "Date": [ "Thu, 22 Sep 2022 01:46:06 GMT" ]
      },
      "ContentHeaders": {
        "Content-Length": [ "560" ],
        "Content-Type": [ "application/json; charset=utf-8" ],
        "Expires": [ "-1" ]
      },
      "Content": "{\"id\":\"/providers/Nginx.NginxPlus/locations/EASTUS2/operationStatuses/d8c59c00-5e78-40e2-b63b-b8f26ad5709c*CDD5CCAAE0AD6DD57A723730BD7ED343E6A9161C1D97356EFC59DFBDF1E8848E\",\"name\":\"d8c59c00-5e78-40e2-b63b-b8f26ad5709c*CDD5CCAAE0AD6DD57A723730BD7ED343E6A9161C1D97356EFC59DFBDF1E8848E\",\"resourceId\":\"/subscriptions/e3853e83-0d02-4fb3-b88f-05b5fd21aee2/resourceGroups/limgu_rg/providers/Nginx.NginxPlus/nginxDeployments/test920\",\"status\":\"Succeeded\",\"startTime\":\"2022-09-22T01:45:05.6044531Z\",\"endTime\":\"2022-09-22T01:45:37.4172336Z\",\"error\":{},\"properties\":null}",
      "isContentBase64": false
    }
  },
  "Update-AzNginxDeployment+[NoContext]+UpdateExpanded+$GET+https://management.azure.com/subscriptions/e3853e83-0d02-4fb3-b88f-05b5fd21aee2/resourceGroups/limgu_rg/providers/Nginx.NginxPlus/nginxDeployments/test920?api-version=2023-04-01+4": {
    "Request": {
      "Method": "GET",
      "RequestUri": "https://management.azure.com/subscriptions/e3853e83-0d02-4fb3-b88f-05b5fd21aee2/resourceGroups/limgu_rg/providers/Nginx.NginxPlus/nginxDeployments/test920?api-version=2023-04-01",
      "Content": null,
      "isContentBase64": false,
      "Headers": {
        "Authorization": [ "[Filtered]" ],
        "x-ms-unique-id": [ "4" ],
        "x-ms-client-request-id": [ "c8a62df5-af19-4d92-bc84-897618a07255" ],
        "CommandName": [ "Update-AzNginxDeployment" ],
        "FullCommandName": [ "Update-AzNginxDeployment_UpdateExpanded" ],
        "ParameterSetName": [ "__AllParameterSets" ],
        "User-Agent": [ "AzurePowershell/v0.0.0", "PSVersion/v7.1.3", "Az.Nginx/0.1.0" ]
      },
      "ContentHeaders": {
      }
    },
    "Response": {
      "StatusCode": 200,
      "Headers": {
        "Cache-Control": [ "no-cache" ],
        "Pragma": [ "no-cache" ],
        "ETag": [ "\"7e00124a-0000-0200-0000-632bbe410000\"" ],
        "x-ms-ratelimit-remaining-subscription-reads": [ "11999" ],
        "x-ms-providerhub-traffic": [ "True" ],
        "x-ms-request-id": [ "03d58545-80d9-4dc7-abdd-8f88ce8fec14" ],
        "x-ms-correlation-request-id": [ "1c7e4634-436d-4e04-86b4-b4a9242b0760" ],
        "x-ms-routing-request-id": [ "WESTCENTRALUS:20220922T014607Z:1c7e4634-436d-4e04-86b4-b4a9242b0760" ],
        "Strict-Transport-Security": [ "max-age=31536000; includeSubDomains" ],
        "X-Content-Type-Options": [ "nosniff" ],
        "Date": [ "Thu, 22 Sep 2022 01:46:06 GMT" ]
      },
      "ContentHeaders": {
        "Content-Length": [ "1431" ],
        "Content-Type": [ "application/json; charset=utf-8" ],
        "Expires": [ "-1" ]
      },
      "Content": "{\"id\":\"/subscriptions/e3853e83-0d02-4fb3-b88f-05b5fd21aee2/resourceGroups/limgu_rg/providers/NGINX.NGINXPLUS/nginxDeployments/test920\",\"name\":\"test920\",\"type\":\"nginx.nginxplus/nginxdeployments\",\"sku\":{\"name\":\"publicpreview_Monthly_gmz7xq9ge3py\"},\"location\":\"eastus2\",\"tags\":{},\"systemData\":{\"createdBy\":\"limgu@microsoft.com\",\"createdByType\":\"User\",\"createdAt\":\"2022-09-20T20:41:30.0046696Z\",\"lastModifiedBy\":\"limgu@microsoft.com\",\"lastModifiedByType\":\"User\",\"lastModifiedAt\":\"2022-09-22T01:45:05.5048421Z\"},\"identity\":{\"type\":\"UserAssigned\",\"userAssignedIdentities\":{\"/subscriptions/e3853e83-0d02-4fb3-b88f-05b5fd21aee2/resourceGroups/demo-common/providers/Microsoft.ManagedIdentity/userAssignedIdentities/demo-mi\":{\"principalId\":\"4fa6b75b-7f51-4522-8873-bc2481954113\",\"clientId\":\"25d78737-a027-49ed-9dd6-e7de1086e76a\"}}},\"properties\":{\"provisioningState\":\"Succeeded\",\"nginxVersion\":\"\",\"managedResourceGroup\":\"NGX_limgu_rg_test920_eastus2\",\"ipAddress\":\"20.96.85.173\",\"networkProfile\":{\"frontEndIPConfiguration\":{\"publicIPAddresses\":[{\"id\":\"/subscriptions/e3853e83-0d02-4fb3-b88f-05b5fd21aee2/resourceGroups/limgu_rg/providers/Microsoft.Network/publicIPAddresses/test920-ip\"}],\"privateIPAddresses\":[]},\"networkInterfaceConfiguration\":{\"subnetId\":\"/subscriptions/e3853e83-0d02-4fb3-b88f-05b5fd21aee2/resourceGroups/limgu_rg/providers/Microsoft.Network/virtualNetworks/test920-vnet/subnets/default\"}},\"enableDiagnosticsSupport\":true}}",
      "isContentBase64": false
    }
  },
  "Update-AzNginxDeployment+[NoContext]+UpdateViaIdentityExpanded+$GET+https://management.azure.com/subscriptions/e3853e83-0d02-4fb3-b88f-05b5fd21aee2/resourceGroups/limgu_rg/providers/Nginx.NginxPlus/nginxDeployments/test920?api-version=2023-04-01+1": {
    "Request": {
      "Method": "GET",
      "RequestUri": "https://management.azure.com/subscriptions/e3853e83-0d02-4fb3-b88f-05b5fd21aee2/resourceGroups/limgu_rg/providers/Nginx.NginxPlus/nginxDeployments/test920?api-version=2023-04-01",
      "Content": null,
      "isContentBase64": false,
      "Headers": {
        "x-ms-unique-id": [ "5" ],
        "x-ms-client-request-id": [ "4ced9137-e47c-49aa-9077-34c7f4c602d2" ],
        "CommandName": [ "Get-AzNginxDeployment" ],
        "FullCommandName": [ "Get-AzNginxDeployment_Get" ],
        "ParameterSetName": [ "__AllParameterSets" ],
        "User-Agent": [ "AzurePowershell/v0.0.0", "PSVersion/v7.1.3", "Az.Nginx/0.1.0" ],
        "Authorization": [ "[Filtered]" ]
      },
      "ContentHeaders": {
      }
    },
    "Response": {
      "StatusCode": 200,
      "Headers": {
        "Cache-Control": [ "no-cache" ],
        "Pragma": [ "no-cache" ],
        "ETag": [ "\"7e00124a-0000-0200-0000-632bbe410000\"" ],
        "x-ms-ratelimit-remaining-subscription-reads": [ "11998" ],
        "x-ms-providerhub-traffic": [ "True" ],
        "x-ms-request-id": [ "9e44fde8-b1f6-4a71-a9de-b6f8ce2dc96c" ],
        "x-ms-correlation-request-id": [ "3c6dd013-9c57-4c61-be11-05a46c300e73" ],
        "x-ms-routing-request-id": [ "WESTCENTRALUS:20220922T014607Z:3c6dd013-9c57-4c61-be11-05a46c300e73" ],
        "Strict-Transport-Security": [ "max-age=31536000; includeSubDomains" ],
        "X-Content-Type-Options": [ "nosniff" ],
        "Date": [ "Thu, 22 Sep 2022 01:46:06 GMT" ]
      },
      "ContentHeaders": {
        "Content-Length": [ "1431" ],
        "Content-Type": [ "application/json; charset=utf-8" ],
        "Expires": [ "-1" ]
      },
      "Content": "{\"id\":\"/subscriptions/e3853e83-0d02-4fb3-b88f-05b5fd21aee2/resourceGroups/limgu_rg/providers/NGINX.NGINXPLUS/nginxDeployments/test920\",\"name\":\"test920\",\"type\":\"nginx.nginxplus/nginxdeployments\",\"sku\":{\"name\":\"publicpreview_Monthly_gmz7xq9ge3py\"},\"location\":\"eastus2\",\"tags\":{},\"systemData\":{\"createdBy\":\"limgu@microsoft.com\",\"createdByType\":\"User\",\"createdAt\":\"2022-09-20T20:41:30.0046696Z\",\"lastModifiedBy\":\"limgu@microsoft.com\",\"lastModifiedByType\":\"User\",\"lastModifiedAt\":\"2022-09-22T01:45:05.5048421Z\"},\"identity\":{\"type\":\"UserAssigned\",\"userAssignedIdentities\":{\"/subscriptions/e3853e83-0d02-4fb3-b88f-05b5fd21aee2/resourceGroups/demo-common/providers/Microsoft.ManagedIdentity/userAssignedIdentities/demo-mi\":{\"principalId\":\"4fa6b75b-7f51-4522-8873-bc2481954113\",\"clientId\":\"25d78737-a027-49ed-9dd6-e7de1086e76a\"}}},\"properties\":{\"provisioningState\":\"Succeeded\",\"nginxVersion\":\"\",\"managedResourceGroup\":\"NGX_limgu_rg_test920_eastus2\",\"ipAddress\":\"20.96.85.173\",\"networkProfile\":{\"frontEndIPConfiguration\":{\"publicIPAddresses\":[{\"id\":\"/subscriptions/e3853e83-0d02-4fb3-b88f-05b5fd21aee2/resourceGroups/limgu_rg/providers/Microsoft.Network/publicIPAddresses/test920-ip\"}],\"privateIPAddresses\":[]},\"networkInterfaceConfiguration\":{\"subnetId\":\"/subscriptions/e3853e83-0d02-4fb3-b88f-05b5fd21aee2/resourceGroups/limgu_rg/providers/Microsoft.Network/virtualNetworks/test920-vnet/subnets/default\"}},\"enableDiagnosticsSupport\":true}}",
      "isContentBase64": false
    }
  },
  "Update-AzNginxDeployment+[NoContext]+UpdateViaIdentityExpanded+$PATCH+https://management.azure.com/subscriptions/e3853e83-0d02-4fb3-b88f-05b5fd21aee2/resourceGroups/limgu_rg/providers/Nginx.NginxPlus/nginxDeployments/test920?api-version=2023-04-01+2": {
    "Request": {
      "Method": "PATCH",
      "RequestUri": "https://management.azure.com/subscriptions/e3853e83-0d02-4fb3-b88f-05b5fd21aee2/resourceGroups/limgu_rg/providers/Nginx.NginxPlus/nginxDeployments/test920?api-version=2023-04-01",
      "Content": "{\n  \"properties\": {\n    \"enableDiagnosticsSupport\": false\n  }\n}",
      "isContentBase64": false,
      "Headers": {
      },
      "ContentHeaders": {
        "Content-Type": [ "application/json" ],
        "Content-Length": [ "63" ]
      }
    },
    "Response": {
      "StatusCode": 201,
      "Headers": {
        "Cache-Control": [ "no-cache" ],
        "Pragma": [ "no-cache" ],
        "ETag": [ "\"7e00464a-0000-0200-0000-632bbe600000\"" ],
        "Location": [ "https://management.azure.com/providers/Nginx.NginxPlus/locations/EASTUS2/operationStatuses/dc5d47b5-0cd6-4a54-9073-d90b72ca908c*CDD5CCAAE0AD6DD57A723730BD7ED343E6A9161C1D97356EFC59DFBDF1E8848E?api-version=2023-04-01" ],
        "x-ms-ratelimit-remaining-subscription-writes": [ "1198" ],
        "x-ms-providerhub-traffic": [ "True" ],
        "Request-Context": [ "appId=cid-v1:0d872b79-fbba-4031-abaa-ef9aa3e0050d" ],
        "Strict-Transport-Security": [ "max-age=31536000; includeSubDomains" ],
        "X-Content-Type-Options": [ "nosniff" ],
        "Azure-AsyncOperation": [ "https://management.azure.com/providers/Nginx.NginxPlus/locations/EASTUS2/operationStatuses/dc5d47b5-0cd6-4a54-9073-d90b72ca908c*CDD5CCAAE0AD6DD57A723730BD7ED343E6A9161C1D97356EFC59DFBDF1E8848E?api-version=2023-04-01" ],
        "x-ms-request-id": [ "dc5d47b5-0cd6-4a54-9073-d90b72ca908c" ],
        "x-ms-correlation-request-id": [ "2ec13ab3-1df7-4662-a9fb-d16698ede968" ],
        "x-ms-routing-request-id": [ "WESTCENTRALUS:20220922T014608Z:2ec13ab3-1df7-4662-a9fb-d16698ede968" ],
        "Date": [ "Thu, 22 Sep 2022 01:46:07 GMT" ]
      },
      "ContentHeaders": {
        "Content-Length": [ "1431" ],
        "Content-Type": [ "application/json; charset=utf-8" ],
        "Expires": [ "-1" ]
      },
      "Content": "{\"id\":\"/subscriptions/e3853e83-0d02-4fb3-b88f-05b5fd21aee2/resourceGroups/limgu_rg/providers/NGINX.NGINXPLUS/nginxDeployments/test920\",\"name\":\"test920\",\"type\":\"nginx.nginxplus/nginxdeployments\",\"sku\":{\"name\":\"publicpreview_Monthly_gmz7xq9ge3py\"},\"location\":\"eastus2\",\"tags\":{},\"systemData\":{\"createdBy\":\"limgu@microsoft.com\",\"createdByType\":\"User\",\"createdAt\":\"2022-09-20T20:41:30.0046696Z\",\"lastModifiedBy\":\"limgu@microsoft.com\",\"lastModifiedByType\":\"User\",\"lastModifiedAt\":\"2022-09-22T01:46:08.1466554Z\"},\"identity\":{\"type\":\"UserAssigned\",\"userAssignedIdentities\":{\"/subscriptions/e3853e83-0d02-4fb3-b88f-05b5fd21aee2/resourceGroups/demo-common/providers/Microsoft.ManagedIdentity/userAssignedIdentities/demo-mi\":{\"principalId\":\"4fa6b75b-7f51-4522-8873-bc2481954113\",\"clientId\":\"25d78737-a027-49ed-9dd6-e7de1086e76a\"}}},\"properties\":{\"provisioningState\":\"Accepted\",\"nginxVersion\":\"\",\"managedResourceGroup\":\"NGX_limgu_rg_test920_eastus2\",\"ipAddress\":\"20.96.85.173\",\"networkProfile\":{\"frontEndIPConfiguration\":{\"publicIPAddresses\":[{\"id\":\"/subscriptions/e3853e83-0d02-4fb3-b88f-05b5fd21aee2/resourceGroups/limgu_rg/providers/Microsoft.Network/publicIPAddresses/test920-ip\"}],\"privateIPAddresses\":[]},\"networkInterfaceConfiguration\":{\"subnetId\":\"/subscriptions/e3853e83-0d02-4fb3-b88f-05b5fd21aee2/resourceGroups/limgu_rg/providers/Microsoft.Network/virtualNetworks/test920-vnet/subnets/default\"}},\"enableDiagnosticsSupport\":false}}",
      "isContentBase64": false
    }
  },
  "Update-AzNginxDeployment+[NoContext]+UpdateViaIdentityExpanded+$GET+https://management.azure.com/providers/Nginx.NginxPlus/locations/EASTUS2/operationStatuses/dc5d47b5-0cd6-4a54-9073-d90b72ca908c*CDD5CCAAE0AD6DD57A723730BD7ED343E6A9161C1D97356EFC59DFBDF1E8848E?api-version=2023-04-01+3": {
    "Request": {
      "Method": "GET",
      "RequestUri": "https://management.azure.com/providers/Nginx.NginxPlus/locations/EASTUS2/operationStatuses/dc5d47b5-0cd6-4a54-9073-d90b72ca908c*CDD5CCAAE0AD6DD57A723730BD7ED343E6A9161C1D97356EFC59DFBDF1E8848E?api-version=2023-04-01",
      "Content": null,
      "isContentBase64": false,
      "Headers": {
        "Authorization": [ "[Filtered]" ],
        "x-ms-unique-id": [ "7" ],
        "x-ms-client-request-id": [ "e942fddf-be70-4ab8-a84a-48308723aecc" ],
        "CommandName": [ "Update-AzNginxDeployment" ],
        "FullCommandName": [ "Update-AzNginxDeployment_UpdateViaIdentityExpanded" ],
        "ParameterSetName": [ "__AllParameterSets" ],
        "User-Agent": [ "AzurePowershell/v0.0.0", "PSVersion/v7.1.3", "Az.Nginx/0.1.0" ]
      },
      "ContentHeaders": {
      }
    },
    "Response": {
      "StatusCode": 200,
      "Headers": {
        "Cache-Control": [ "no-cache" ],
        "Pragma": [ "no-cache" ],
        "ETag": [ "\"87016b65-0000-0200-0000-632bbe600000\"" ],
        "x-ms-ratelimit-remaining-tenant-reads": [ "11997" ],
        "x-ms-request-id": [ "9e32e283-e316-44cc-add3-f35d2bb798a2" ],
        "x-ms-correlation-request-id": [ "b458b267-39cd-40b9-88a4-eb826459b673" ],
        "x-ms-routing-request-id": [ "WESTCENTRALUS:20220922T014638Z:b458b267-39cd-40b9-88a4-eb826459b673" ],
        "Strict-Transport-Security": [ "max-age=31536000; includeSubDomains" ],
        "X-Content-Type-Options": [ "nosniff" ],
        "Date": [ "Thu, 22 Sep 2022 01:46:38 GMT" ]
      },
      "ContentHeaders": {
        "Content-Length": [ "489" ],
        "Content-Type": [ "application/json; charset=utf-8" ],
        "Expires": [ "-1" ]
      },
      "Content": "{\"id\":\"/providers/Nginx.NginxPlus/locations/EASTUS2/operationStatuses/dc5d47b5-0cd6-4a54-9073-d90b72ca908c*CDD5CCAAE0AD6DD57A723730BD7ED343E6A9161C1D97356EFC59DFBDF1E8848E\",\"name\":\"dc5d47b5-0cd6-4a54-9073-d90b72ca908c*CDD5CCAAE0AD6DD57A723730BD7ED343E6A9161C1D97356EFC59DFBDF1E8848E\",\"resourceId\":\"/subscriptions/e3853e83-0d02-4fb3-b88f-05b5fd21aee2/resourceGroups/limgu_rg/providers/Nginx.NginxPlus/nginxDeployments/test920\",\"status\":\"Accepted\",\"startTime\":\"2022-09-22T01:46:08.2412697Z\"}",
      "isContentBase64": false
    }
  },
  "Update-AzNginxDeployment+[NoContext]+UpdateViaIdentityExpanded+$GET+https://management.azure.com/providers/Nginx.NginxPlus/locations/EASTUS2/operationStatuses/dc5d47b5-0cd6-4a54-9073-d90b72ca908c*CDD5CCAAE0AD6DD57A723730BD7ED343E6A9161C1D97356EFC59DFBDF1E8848E?api-version=2023-04-01+4": {
    "Request": {
      "Method": "GET",
      "RequestUri": "https://management.azure.com/providers/Nginx.NginxPlus/locations/EASTUS2/operationStatuses/dc5d47b5-0cd6-4a54-9073-d90b72ca908c*CDD5CCAAE0AD6DD57A723730BD7ED343E6A9161C1D97356EFC59DFBDF1E8848E?api-version=2023-04-01",
      "Content": null,
      "isContentBase64": false,
      "Headers": {
        "Authorization": [ "[Filtered]" ],
        "x-ms-unique-id": [ "8" ],
        "x-ms-client-request-id": [ "e942fddf-be70-4ab8-a84a-48308723aecc" ],
        "CommandName": [ "Update-AzNginxDeployment" ],
        "FullCommandName": [ "Update-AzNginxDeployment_UpdateViaIdentityExpanded" ],
        "ParameterSetName": [ "__AllParameterSets" ],
        "User-Agent": [ "AzurePowershell/v0.0.0", "PSVersion/v7.1.3", "Az.Nginx/0.1.0" ]
      },
      "ContentHeaders": {
      }
    },
    "Response": {
      "StatusCode": 200,
      "Headers": {
        "Cache-Control": [ "no-cache" ],
        "Pragma": [ "no-cache" ],
        "ETag": [ "\"87012966-0000-0200-0000-632bbe7f0000\"" ],
        "x-ms-ratelimit-remaining-tenant-reads": [ "11996" ],
        "x-ms-request-id": [ "a0bd923e-30a7-40f8-9d0b-b69475335574" ],
        "x-ms-correlation-request-id": [ "497cc8fe-02c9-4817-b4a0-5afcb5d3aa56" ],
        "x-ms-routing-request-id": [ "WESTCENTRALUS:20220922T014708Z:497cc8fe-02c9-4817-b4a0-5afcb5d3aa56" ],
        "Strict-Transport-Security": [ "max-age=31536000; includeSubDomains" ],
        "X-Content-Type-Options": [ "nosniff" ],
        "Date": [ "Thu, 22 Sep 2022 01:47:08 GMT" ]
      },
      "ContentHeaders": {
        "Content-Length": [ "560" ],
        "Content-Type": [ "application/json; charset=utf-8" ],
        "Expires": [ "-1" ]
      },
      "Content": "{\"id\":\"/providers/Nginx.NginxPlus/locations/EASTUS2/operationStatuses/dc5d47b5-0cd6-4a54-9073-d90b72ca908c*CDD5CCAAE0AD6DD57A723730BD7ED343E6A9161C1D97356EFC59DFBDF1E8848E\",\"name\":\"dc5d47b5-0cd6-4a54-9073-d90b72ca908c*CDD5CCAAE0AD6DD57A723730BD7ED343E6A9161C1D97356EFC59DFBDF1E8848E\",\"resourceId\":\"/subscriptions/e3853e83-0d02-4fb3-b88f-05b5fd21aee2/resourceGroups/limgu_rg/providers/Nginx.NginxPlus/nginxDeployments/test920\",\"status\":\"Succeeded\",\"startTime\":\"2022-09-22T01:46:08.2412697Z\",\"endTime\":\"2022-09-22T01:46:39.5328791Z\",\"error\":{},\"properties\":null}",
      "isContentBase64": false
    }
  },
  "Update-AzNginxDeployment+[NoContext]+UpdateViaIdentityExpanded+$GET+https://management.azure.com/subscriptions/e3853e83-0d02-4fb3-b88f-05b5fd21aee2/resourceGroups/limgu_rg/providers/Nginx.NginxPlus/nginxDeployments/test920?api-version=2023-04-01+5": {
    "Request": {
      "Method": "GET",
      "RequestUri": "https://management.azure.com/subscriptions/e3853e83-0d02-4fb3-b88f-05b5fd21aee2/resourceGroups/limgu_rg/providers/Nginx.NginxPlus/nginxDeployments/test920?api-version=2023-04-01",
      "Content": null,
      "isContentBase64": false,
      "Headers": {
        "Authorization": [ "[Filtered]" ],
        "x-ms-unique-id": [ "9" ],
        "x-ms-client-request-id": [ "e942fddf-be70-4ab8-a84a-48308723aecc" ],
        "CommandName": [ "Update-AzNginxDeployment" ],
        "FullCommandName": [ "Update-AzNginxDeployment_UpdateViaIdentityExpanded" ],
        "ParameterSetName": [ "__AllParameterSets" ],
        "User-Agent": [ "AzurePowershell/v0.0.0", "PSVersion/v7.1.3", "Az.Nginx/0.1.0" ]
      },
      "ContentHeaders": {
      }
    },
    "Response": {
      "StatusCode": 200,
      "Headers": {
        "Cache-Control": [ "no-cache" ],
        "Pragma": [ "no-cache" ],
        "ETag": [ "\"7e00734a-0000-0200-0000-632bbe7f0000\"" ],
        "x-ms-ratelimit-remaining-subscription-reads": [ "11997" ],
        "x-ms-providerhub-traffic": [ "True" ],
        "x-ms-request-id": [ "03e56000-c866-4fa7-a1ac-bfe0e5d6e956" ],
        "x-ms-correlation-request-id": [ "11fd46a8-6b08-4ecc-902e-de6d8edeebc1" ],
        "x-ms-routing-request-id": [ "WESTCENTRALUS:20220922T014709Z:11fd46a8-6b08-4ecc-902e-de6d8edeebc1" ],
        "Strict-Transport-Security": [ "max-age=31536000; includeSubDomains" ],
        "X-Content-Type-Options": [ "nosniff" ],
        "Date": [ "Thu, 22 Sep 2022 01:47:08 GMT" ]
      },
      "ContentHeaders": {
        "Content-Length": [ "1432" ],
        "Content-Type": [ "application/json; charset=utf-8" ],
        "Expires": [ "-1" ]
      },
      "Content": "{\"id\":\"/subscriptions/e3853e83-0d02-4fb3-b88f-05b5fd21aee2/resourceGroups/limgu_rg/providers/NGINX.NGINXPLUS/nginxDeployments/test920\",\"name\":\"test920\",\"type\":\"nginx.nginxplus/nginxdeployments\",\"sku\":{\"name\":\"publicpreview_Monthly_gmz7xq9ge3py\"},\"location\":\"eastus2\",\"tags\":{},\"systemData\":{\"createdBy\":\"limgu@microsoft.com\",\"createdByType\":\"User\",\"createdAt\":\"2022-09-20T20:41:30.0046696Z\",\"lastModifiedBy\":\"limgu@microsoft.com\",\"lastModifiedByType\":\"User\",\"lastModifiedAt\":\"2022-09-22T01:46:08.1466554Z\"},\"identity\":{\"type\":\"UserAssigned\",\"userAssignedIdentities\":{\"/subscriptions/e3853e83-0d02-4fb3-b88f-05b5fd21aee2/resourceGroups/demo-common/providers/Microsoft.ManagedIdentity/userAssignedIdentities/demo-mi\":{\"principalId\":\"4fa6b75b-7f51-4522-8873-bc2481954113\",\"clientId\":\"25d78737-a027-49ed-9dd6-e7de1086e76a\"}}},\"properties\":{\"provisioningState\":\"Succeeded\",\"nginxVersion\":\"\",\"managedResourceGroup\":\"NGX_limgu_rg_test920_eastus2\",\"ipAddress\":\"20.96.85.173\",\"networkProfile\":{\"frontEndIPConfiguration\":{\"publicIPAddresses\":[{\"id\":\"/subscriptions/e3853e83-0d02-4fb3-b88f-05b5fd21aee2/resourceGroups/limgu_rg/providers/Microsoft.Network/publicIPAddresses/test920-ip\"}],\"privateIPAddresses\":[]},\"networkInterfaceConfiguration\":{\"subnetId\":\"/subscriptions/e3853e83-0d02-4fb3-b88f-05b5fd21aee2/resourceGroups/limgu_rg/providers/Microsoft.Network/virtualNetworks/test920-vnet/subnets/default\"}},\"enableDiagnosticsSupport\":false}}",
      "isContentBase64": false
    }
  }
}