{
  "Get-AzFrontDoorCdnRoute+[NoContext]+[NoScenario]+$PUT+https://management.azure.com/subscriptions/27cafca8-b9a4-4264-b399-45d0c9cca1ab/resourceGroups/testps-rg-ygjp/providers/Microsoft.Cdn/profiles/fdp-c24dbl/originGroups/orgd36gif?api-version=2022-11-01-preview+1": {
    "Request": {
      "Method": "PUT",
      "RequestUri": "https://management.azure.com/subscriptions/27cafca8-b9a4-4264-b399-45d0c9cca1ab/resourceGroups/testps-rg-ygjp/providers/Microsoft.Cdn/profiles/fdp-c24dbl/originGroups/orgd36gif?api-version=2022-11-01-preview",
      "Content": "{\r\n  \"properties\": {\r\n    \"loadBalancingSettings\": {\r\n      \"sampleSize\": 5,\r\n      \"successfulSamplesRequired\": 4,\r\n      \"additionalLatencyInMilliseconds\": 200\r\n    },\r\n    \"healthProbeSettings\": {\r\n      \"probePath\": \"/\",\r\n      \"probeRequestType\": \"GET\",\r\n      \"probeProtocol\": \"Https\",\r\n      \"probeIntervalInSeconds\": 1\r\n    }\r\n  }\r\n}",
      "isContentBase64": false,
      "Headers": {
      },
      "ContentHeaders": {
        "Content-Type": [ "application/json" ],
        "Content-Length": [ "341" ]
      }
    },
    "Response": {
      "StatusCode": 201,
      "Headers": {
        "Cache-Control": [ "no-cache" ],
        "Pragma": [ "no-cache" ],
        "Strict-Transport-Security": [ "max-age=31536000; includeSubDomains" ],
        "x-ms-request-id": [ "ee17aa96-45dd-4543-8516-f67b5b50e728" ],
        "x-ms-client-request-id": [ "1f919729-e56c-473a-a429-7464bb380706" ],
        "Server": [ "Kestrel" ],
        "x-ms-ratelimit-remaining-subscription-resource-requests": [ "96" ],
        "x-ms-correlation-request-id": [ "4f337794-db2c-424c-b5d6-04c5665893e6" ],
        "x-ms-routing-request-id": [ "SOUTHEASTASIA:20230426T143843Z:4f337794-db2c-424c-b5d6-04c5665893e6" ],
        "X-Content-Type-Options": [ "nosniff" ],
        "Date": [ "Wed, 26 Apr 2023 14:38:42 GMT" ]
      },
      "ContentHeaders": {
        "Content-Length": [ "620" ],
        "Content-Type": [ "application/json; charset=utf-8" ],
        "Expires": [ "-1" ]
      },
      "Content": "{\"id\":\"/subscriptions/27cafca8-b9a4-4264-b399-45d0c9cca1ab/resourcegroups/testps-rg-ygjp/providers/Microsoft.Cdn/profiles/fdp-c24dbl/origingroups/orgd36gif\",\"type\":\"Microsoft.Cdn/profiles/origingroups\",\"name\":\"orgd36gif\",\"properties\":{\"loadBalancingSettings\":{\"sampleSize\":5,\"successfulSamplesRequired\":4,\"additionalLatencyInMilliseconds\":200},\"healthProbeSettings\":{\"probePath\":\"/\",\"probeRequestType\":\"GET\",\"probeProtocol\":\"Https\",\"probeIntervalInSeconds\":1},\"trafficRestorationTimeToHealedOrNewEndpointsInMinutes\":null,\"sessionAffinityState\":\"Disabled\",\"provisioningState\":\"Succeeded\",\"deploymentStatus\":\"NotStarted\"}}",
      "isContentBase64": false
    }
  },
  "Get-AzFrontDoorCdnRoute+[NoContext]+[NoScenario]+$GET+https://management.azure.com/subscriptions/27cafca8-b9a4-4264-b399-45d0c9cca1ab/resourceGroups/testps-rg-ygjp/providers/Microsoft.Cdn/profiles/fdp-c24dbl/originGroups/orgd36gif?api-version=2022-11-01-preview+2": {
    "Request": {
      "Method": "GET",
      "RequestUri": "https://management.azure.com/subscriptions/27cafca8-b9a4-4264-b399-45d0c9cca1ab/resourceGroups/testps-rg-ygjp/providers/Microsoft.Cdn/profiles/fdp-c24dbl/originGroups/orgd36gif?api-version=2022-11-01-preview",
      "Content": null,
      "isContentBase64": false,
      "Headers": {
        "Authorization": [ "[Filtered]" ],
        "x-ms-unique-id": [ "197" ],
        "x-ms-client-request-id": [ "1f919729-e56c-473a-a429-7464bb380706" ],
        "CommandName": [ "New-AzFrontDoorCdnOriginGroup" ],
        "FullCommandName": [ "New-AzFrontDoorCdnOriginGroup_CreateExpanded" ],
        "ParameterSetName": [ "__AllParameterSets" ],
        "User-Agent": [ "AzurePowershell/v0.0.0", "PSVersion/v7.2.11", "Az.Cdn/0.1.0" ]
      },
      "ContentHeaders": {
      }
    },
    "Response": {
      "StatusCode": 200,
      "Headers": {
        "Cache-Control": [ "no-cache" ],
        "Pragma": [ "no-cache" ],
        "Strict-Transport-Security": [ "max-age=31536000; includeSubDomains" ],
        "x-ms-request-id": [ "d4c59b99-c985-4641-b940-4aa2ac9b875e" ],
        "x-ms-client-request-id": [ "1f919729-e56c-473a-a429-7464bb380706" ],
        "Server": [ "Kestrel" ],
        "x-ms-ratelimit-remaining-subscription-reads": [ "11936" ],
        "x-ms-correlation-request-id": [ "87d6bfb7-af34-4488-9b5b-b6178aa16cd3" ],
        "x-ms-routing-request-id": [ "SOUTHEASTASIA:20230426T143913Z:87d6bfb7-af34-4488-9b5b-b6178aa16cd3" ],
        "X-Content-Type-Options": [ "nosniff" ],
        "Date": [ "Wed, 26 Apr 2023 14:39:13 GMT" ]
      },
      "ContentHeaders": {
        "Content-Length": [ "620" ],
        "Content-Type": [ "application/json; charset=utf-8" ],
        "Expires": [ "-1" ]
      },
      "Content": "{\"id\":\"/subscriptions/27cafca8-b9a4-4264-b399-45d0c9cca1ab/resourcegroups/testps-rg-ygjp/providers/Microsoft.Cdn/profiles/fdp-c24dbl/origingroups/orgd36gif\",\"type\":\"Microsoft.Cdn/profiles/origingroups\",\"name\":\"orgd36gif\",\"properties\":{\"loadBalancingSettings\":{\"sampleSize\":5,\"successfulSamplesRequired\":4,\"additionalLatencyInMilliseconds\":200},\"healthProbeSettings\":{\"probePath\":\"/\",\"probeRequestType\":\"GET\",\"probeProtocol\":\"Https\",\"probeIntervalInSeconds\":1},\"trafficRestorationTimeToHealedOrNewEndpointsInMinutes\":null,\"sessionAffinityState\":\"Disabled\",\"provisioningState\":\"Succeeded\",\"deploymentStatus\":\"NotStarted\"}}",
      "isContentBase64": false
    }
  },
  "Get-AzFrontDoorCdnRoute+[NoContext]+[NoScenario]+$GET+https://management.azure.com/subscriptions/27cafca8-b9a4-4264-b399-45d0c9cca1ab/resourceGroups/testps-rg-ygjp/providers/Microsoft.Cdn/profiles/fdp-c24dbl/originGroups/orgd36gif?api-version=2022-11-01-preview+3": {
    "Request": {
      "Method": "GET",
      "RequestUri": "https://management.azure.com/subscriptions/27cafca8-b9a4-4264-b399-45d0c9cca1ab/resourceGroups/testps-rg-ygjp/providers/Microsoft.Cdn/profiles/fdp-c24dbl/originGroups/orgd36gif?api-version=2022-11-01-preview",
      "Content": null,
      "isContentBase64": false,
      "Headers": {
        "Authorization": [ "[Filtered]" ],
        "x-ms-unique-id": [ "198" ],
        "x-ms-client-request-id": [ "1f919729-e56c-473a-a429-7464bb380706" ],
        "CommandName": [ "New-AzFrontDoorCdnOriginGroup" ],
        "FullCommandName": [ "New-AzFrontDoorCdnOriginGroup_CreateExpanded" ],
        "ParameterSetName": [ "__AllParameterSets" ],
        "User-Agent": [ "AzurePowershell/v0.0.0", "PSVersion/v7.2.11", "Az.Cdn/0.1.0" ]
      },
      "ContentHeaders": {
      }
    },
    "Response": {
      "StatusCode": 200,
      "Headers": {
        "Cache-Control": [ "no-cache" ],
        "Pragma": [ "no-cache" ],
        "Strict-Transport-Security": [ "max-age=31536000; includeSubDomains" ],
        "x-ms-request-id": [ "aa56f3fa-f7b2-4842-b782-e599e81efef7" ],
        "x-ms-client-request-id": [ "1f919729-e56c-473a-a429-7464bb380706" ],
        "Server": [ "Kestrel" ],
        "x-ms-ratelimit-remaining-subscription-reads": [ "11935" ],
        "x-ms-correlation-request-id": [ "e613d3df-cc83-47e6-a0ad-8e9070c410d7" ],
        "x-ms-routing-request-id": [ "SOUTHEASTASIA:20230426T143914Z:e613d3df-cc83-47e6-a0ad-8e9070c410d7" ],
        "X-Content-Type-Options": [ "nosniff" ],
        "Date": [ "Wed, 26 Apr 2023 14:39:14 GMT" ]
      },
      "ContentHeaders": {
        "Content-Length": [ "620" ],
        "Content-Type": [ "application/json; charset=utf-8" ],
        "Expires": [ "-1" ]
      },
      "Content": "{\"id\":\"/subscriptions/27cafca8-b9a4-4264-b399-45d0c9cca1ab/resourcegroups/testps-rg-ygjp/providers/Microsoft.Cdn/profiles/fdp-c24dbl/origingroups/orgd36gif\",\"type\":\"Microsoft.Cdn/profiles/origingroups\",\"name\":\"orgd36gif\",\"properties\":{\"loadBalancingSettings\":{\"sampleSize\":5,\"successfulSamplesRequired\":4,\"additionalLatencyInMilliseconds\":200},\"healthProbeSettings\":{\"probePath\":\"/\",\"probeRequestType\":\"GET\",\"probeProtocol\":\"Https\",\"probeIntervalInSeconds\":1},\"trafficRestorationTimeToHealedOrNewEndpointsInMinutes\":null,\"sessionAffinityState\":\"Disabled\",\"provisioningState\":\"Succeeded\",\"deploymentStatus\":\"NotStarted\"}}",
      "isContentBase64": false
    }
  },
  "Get-AzFrontDoorCdnRoute+[NoContext]+[NoScenario]+$GET+https://management.azure.com/subscriptions/27cafca8-b9a4-4264-b399-45d0c9cca1ab/resourceGroups/testps-rg-ygjp/providers/Microsoft.Cdn/profiles/fdp-c24dbl/originGroups/orgd36gif?api-version=2022-11-01-preview+4": {
    "Request": {
      "Method": "GET",
      "RequestUri": "https://management.azure.com/subscriptions/27cafca8-b9a4-4264-b399-45d0c9cca1ab/resourceGroups/testps-rg-ygjp/providers/Microsoft.Cdn/profiles/fdp-c24dbl/originGroups/orgd36gif?api-version=2022-11-01-preview",
      "Content": null,
      "isContentBase64": false,
      "Headers": {
        "x-ms-unique-id": [ "199" ],
        "x-ms-client-request-id": [ "5fda5900-c3af-49c7-b075-b6c65c09c904" ],
        "CommandName": [ "Get-AzFrontDoorCdnOriginGroup" ],
        "FullCommandName": [ "Get-AzFrontDoorCdnOriginGroup_Get" ],
        "ParameterSetName": [ "__AllParameterSets" ],
        "User-Agent": [ "AzurePowershell/v0.0.0", "PSVersion/v7.2.11", "Az.Cdn/0.1.0" ],
        "Authorization": [ "[Filtered]" ]
      },
      "ContentHeaders": {
      }
    },
    "Response": {
      "StatusCode": 200,
      "Headers": {
        "Cache-Control": [ "no-cache" ],
        "Pragma": [ "no-cache" ],
        "Strict-Transport-Security": [ "max-age=31536000; includeSubDomains" ],
        "x-ms-request-id": [ "0fdecee5-8020-48e0-b428-a97a9c36dccd" ],
        "x-ms-client-request-id": [ "5fda5900-c3af-49c7-b075-b6c65c09c904" ],
        "Server": [ "Kestrel" ],
        "x-ms-ratelimit-remaining-subscription-reads": [ "11934" ],
        "x-ms-correlation-request-id": [ "4bc7c348-4045-4234-8760-e29c7cd3f0c2" ],
        "x-ms-routing-request-id": [ "SOUTHEASTASIA:20230426T143915Z:4bc7c348-4045-4234-8760-e29c7cd3f0c2" ],
        "X-Content-Type-Options": [ "nosniff" ],
        "Date": [ "Wed, 26 Apr 2023 14:39:14 GMT" ]
      },
      "ContentHeaders": {
        "Content-Length": [ "620" ],
        "Content-Type": [ "application/json; charset=utf-8" ],
        "Expires": [ "-1" ]
      },
      "Content": "{\"id\":\"/subscriptions/27cafca8-b9a4-4264-b399-45d0c9cca1ab/resourcegroups/testps-rg-ygjp/providers/Microsoft.Cdn/profiles/fdp-c24dbl/origingroups/orgd36gif\",\"type\":\"Microsoft.Cdn/profiles/origingroups\",\"name\":\"orgd36gif\",\"properties\":{\"loadBalancingSettings\":{\"sampleSize\":5,\"successfulSamplesRequired\":4,\"additionalLatencyInMilliseconds\":200},\"healthProbeSettings\":{\"probePath\":\"/\",\"probeRequestType\":\"GET\",\"probeProtocol\":\"Https\",\"probeIntervalInSeconds\":1},\"trafficRestorationTimeToHealedOrNewEndpointsInMinutes\":null,\"sessionAffinityState\":\"Disabled\",\"provisioningState\":\"Succeeded\",\"deploymentStatus\":\"NotStarted\"}}",
      "isContentBase64": false
    }
  },
  "Get-AzFrontDoorCdnRoute+[NoContext]+[NoScenario]+$PUT+https://management.azure.com/subscriptions/27cafca8-b9a4-4264-b399-45d0c9cca1ab/resourceGroups/testps-rg-ygjp/providers/Microsoft.Cdn/profiles/fdp-c24dbl/originGroups/orgd36gif/origins/oriti27kz?api-version=2022-11-01-preview+5": {
    "Request": {
      "Method": "PUT",
      "RequestUri": "https://management.azure.com/subscriptions/27cafca8-b9a4-4264-b399-45d0c9cca1ab/resourceGroups/testps-rg-ygjp/providers/Microsoft.Cdn/profiles/fdp-c24dbl/originGroups/orgd36gif/origins/oriti27kz?api-version=2022-11-01-preview",
      "Content": "{\r\n  \"properties\": {\r\n    \"hostName\": \"en.wikipedia.org\",\r\n    \"httpPort\": 80,\r\n    \"httpsPort\": 443,\r\n    \"originHostHeader\": \"en.wikipedia.org\",\r\n    \"priority\": 1,\r\n    \"weight\": 1000\r\n  }\r\n}",
      "isContentBase64": false,
      "Headers": {
      },
      "ContentHeaders": {
        "Content-Type": [ "application/json" ],
        "Content-Length": [ "194" ]
      }
    },
    "Response": {
      "StatusCode": 201,
      "Headers": {
        "Cache-Control": [ "no-cache" ],
        "Pragma": [ "no-cache" ],
        "Retry-After": [ "10" ],
        "Strict-Transport-Security": [ "max-age=31536000; includeSubDomains" ],
        "x-ms-request-id": [ "e04004e1-9fac-4f97-8df3-6d8dea767fb6" ],
        "x-ms-client-request-id": [ "85000673-a388-4b15-b51e-110bbd74fc94" ],
        "Azure-AsyncOperation": [ "https://management.azure.com/subscriptions/27cafca8-b9a4-4264-b399-45d0c9cca1ab/resourcegroups/testps-rg-ygjp/providers/Microsoft.Cdn/operationresults/5fbfa847-bba6-4b85-af64-837bb0492f26?api-version=2022-11-01-preview" ],
        "Server": [ "Kestrel" ],
        "x-ms-ratelimit-remaining-subscription-resource-requests": [ "98" ],
        "x-ms-correlation-request-id": [ "cebc8a83-114e-4ba1-ae15-30f94b8f848d" ],
        "x-ms-routing-request-id": [ "SOUTHEASTASIA:20230426T143917Z:cebc8a83-114e-4ba1-ae15-30f94b8f848d" ],
        "X-Content-Type-Options": [ "nosniff" ],
        "Date": [ "Wed, 26 Apr 2023 14:39:17 GMT" ]
      },
      "ContentHeaders": {
        "Content-Length": [ "573" ],
        "Content-Type": [ "application/json; charset=utf-8" ],
        "Expires": [ "-1" ]
      },
      "Content": "{\"id\":\"/subscriptions/27cafca8-b9a4-4264-b399-45d0c9cca1ab/resourcegroups/testps-rg-ygjp/providers/Microsoft.Cdn/profiles/fdp-c24dbl/origingroups/orgd36gif/origins/oriti27kz\",\"type\":\"Microsoft.Cdn/profiles/origingroups/origins\",\"name\":\"oriti27kz\",\"properties\":{\"originGroupName\":\"orgd36gif\",\"hostName\":\"en.wikipedia.org\",\"httpPort\":80,\"httpsPort\":443,\"originHostHeader\":\"en.wikipedia.org\",\"priority\":1,\"weight\":1000,\"enabledState\":\"Enabled\",\"sharedPrivateLinkResource\":null,\"enforceCertificateNameCheck\":true,\"provisioningState\":\"Creating\",\"deploymentStatus\":\"NotStarted\"}}",
      "isContentBase64": false
    }
  },
  "Get-AzFrontDoorCdnRoute+[NoContext]+[NoScenario]+$GET+https://management.azure.com/subscriptions/27cafca8-b9a4-4264-b399-45d0c9cca1ab/resourcegroups/testps-rg-ygjp/providers/Microsoft.Cdn/operationresults/5fbfa847-bba6-4b85-af64-837bb0492f26?api-version=2022-11-01-preview+6": {
    "Request": {
      "Method": "GET",
      "RequestUri": "https://management.azure.com/subscriptions/27cafca8-b9a4-4264-b399-45d0c9cca1ab/resourcegroups/testps-rg-ygjp/providers/Microsoft.Cdn/operationresults/5fbfa847-bba6-4b85-af64-837bb0492f26?api-version=2022-11-01-preview",
      "Content": null,
      "isContentBase64": false,
      "Headers": {
        "Authorization": [ "[Filtered]" ],
        "x-ms-unique-id": [ "201" ],
        "x-ms-client-request-id": [ "85000673-a388-4b15-b51e-110bbd74fc94" ],
        "CommandName": [ "New-AzFrontDoorCdnOrigin" ],
        "FullCommandName": [ "New-AzFrontDoorCdnOrigin_CreateExpanded" ],
        "ParameterSetName": [ "__AllParameterSets" ],
        "User-Agent": [ "AzurePowershell/v0.0.0", "PSVersion/v7.2.11", "Az.Cdn/0.1.0" ]
      },
      "ContentHeaders": {
      }
    },
    "Response": {
      "StatusCode": 200,
      "Headers": {
        "Cache-Control": [ "no-cache" ],
        "Pragma": [ "no-cache" ],
        "Strict-Transport-Security": [ "max-age=31536000; includeSubDomains" ],
        "x-ms-request-id": [ "492ae54b-e8c9-45ae-b3d3-f15897a150c4" ],
        "x-ms-client-request-id": [ "85000673-a388-4b15-b51e-110bbd74fc94" ],
        "Server": [ "Kestrel" ],
        "x-ms-ratelimit-remaining-subscription-reads": [ "11933" ],
        "x-ms-correlation-request-id": [ "053bc9b2-19f8-4cf1-bcca-475a6209b2b8" ],
        "x-ms-routing-request-id": [ "SOUTHEASTASIA:20230426T143928Z:053bc9b2-19f8-4cf1-bcca-475a6209b2b8" ],
        "X-Content-Type-Options": [ "nosniff" ],
        "Date": [ "Wed, 26 Apr 2023 14:39:27 GMT" ]
      },
      "ContentHeaders": {
        "Content-Length": [ "61" ],
        "Content-Type": [ "application/json; charset=utf-8" ],
        "Expires": [ "-1" ]
      },
      "Content": "{\"status\":\"Succeeded\",\"error\":{\"code\":\"None\",\"message\":null}}",
      "isContentBase64": false
    }
  },
  "Get-AzFrontDoorCdnRoute+[NoContext]+[NoScenario]+$GET+https://management.azure.com/subscriptions/27cafca8-b9a4-4264-b399-45d0c9cca1ab/resourceGroups/testps-rg-ygjp/providers/Microsoft.Cdn/profiles/fdp-c24dbl/originGroups/orgd36gif/origins/oriti27kz?api-version=2022-11-01-preview+7": {
    "Request": {
      "Method": "GET",
      "RequestUri": "https://management.azure.com/subscriptions/27cafca8-b9a4-4264-b399-45d0c9cca1ab/resourceGroups/testps-rg-ygjp/providers/Microsoft.Cdn/profiles/fdp-c24dbl/originGroups/orgd36gif/origins/oriti27kz?api-version=2022-11-01-preview",
      "Content": null,
      "isContentBase64": false,
      "Headers": {
        "Authorization": [ "[Filtered]" ],
        "x-ms-unique-id": [ "202" ],
        "x-ms-client-request-id": [ "85000673-a388-4b15-b51e-110bbd74fc94" ],
        "CommandName": [ "New-AzFrontDoorCdnOrigin" ],
        "FullCommandName": [ "New-AzFrontDoorCdnOrigin_CreateExpanded" ],
        "ParameterSetName": [ "__AllParameterSets" ],
        "User-Agent": [ "AzurePowershell/v0.0.0", "PSVersion/v7.2.11", "Az.Cdn/0.1.0" ]
      },
      "ContentHeaders": {
      }
    },
    "Response": {
      "StatusCode": 200,
      "Headers": {
        "Cache-Control": [ "no-cache" ],
        "Pragma": [ "no-cache" ],
        "Strict-Transport-Security": [ "max-age=31536000; includeSubDomains" ],
        "x-ms-request-id": [ "db5353ad-9ef9-4139-90a0-5300a391bf7a" ],
        "x-ms-client-request-id": [ "85000673-a388-4b15-b51e-110bbd74fc94" ],
        "Server": [ "Kestrel" ],
        "x-ms-ratelimit-remaining-subscription-reads": [ "11932" ],
        "x-ms-correlation-request-id": [ "71cef731-21a2-4a96-9d39-68e0aba21480" ],
        "x-ms-routing-request-id": [ "SOUTHEASTASIA:20230426T143928Z:71cef731-21a2-4a96-9d39-68e0aba21480" ],
        "X-Content-Type-Options": [ "nosniff" ],
        "Date": [ "Wed, 26 Apr 2023 14:39:27 GMT" ]
      },
      "ContentHeaders": {
        "Content-Length": [ "574" ],
        "Content-Type": [ "application/json; charset=utf-8" ],
        "Expires": [ "-1" ]
      },
      "Content": "{\"id\":\"/subscriptions/27cafca8-b9a4-4264-b399-45d0c9cca1ab/resourcegroups/testps-rg-ygjp/providers/Microsoft.Cdn/profiles/fdp-c24dbl/origingroups/orgd36gif/origins/oriti27kz\",\"type\":\"Microsoft.Cdn/profiles/origingroups/origins\",\"name\":\"oriti27kz\",\"properties\":{\"originGroupName\":\"orgd36gif\",\"hostName\":\"en.wikipedia.org\",\"httpPort\":80,\"httpsPort\":443,\"originHostHeader\":\"en.wikipedia.org\",\"priority\":1,\"weight\":1000,\"enabledState\":\"Enabled\",\"sharedPrivateLinkResource\":null,\"enforceCertificateNameCheck\":true,\"provisioningState\":\"Succeeded\",\"deploymentStatus\":\"NotStarted\"}}",
      "isContentBase64": false
    }
  },
  "Get-AzFrontDoorCdnRoute+[NoContext]+[NoScenario]+$PUT+https://management.azure.com/subscriptions/27cafca8-b9a4-4264-b399-45d0c9cca1ab/resourceGroups/testps-rg-ygjp/providers/Microsoft.Cdn/profiles/fdp-c24dbl/ruleSets/rs79gjt6?api-version=2022-11-01-preview+8": {
    "Request": {
      "Method": "PUT",
      "RequestUri": "https://management.azure.com/subscriptions/27cafca8-b9a4-4264-b399-45d0c9cca1ab/resourceGroups/testps-rg-ygjp/providers/Microsoft.Cdn/profiles/fdp-c24dbl/ruleSets/rs79gjt6?api-version=2022-11-01-preview",
      "Content": null,
      "isContentBase64": false,
      "Headers": {
        "x-ms-unique-id": [ "203" ],
        "x-ms-client-request-id": [ "5de31763-d3d4-404f-8c64-363971420412" ],
        "CommandName": [ "New-AzFrontDoorCdnRuleSet" ],
        "FullCommandName": [ "New-AzFrontDoorCdnRuleSet_Create" ],
        "ParameterSetName": [ "__AllParameterSets" ],
        "User-Agent": [ "AzurePowershell/v0.0.0", "PSVersion/v7.2.11", "Az.Cdn/0.1.0" ],
        "Authorization": [ "[Filtered]" ]
      },
      "ContentHeaders": {
      }
    },
    "Response": {
      "StatusCode": 201,
      "Headers": {
        "Cache-Control": [ "no-cache" ],
        "Pragma": [ "no-cache" ],
        "Strict-Transport-Security": [ "max-age=31536000; includeSubDomains" ],
        "x-ms-request-id": [ "a800f42c-4843-48ef-a28d-81caeede40b6" ],
        "x-ms-client-request-id": [ "5de31763-d3d4-404f-8c64-363971420412" ],
        "Server": [ "Kestrel" ],
        "x-ms-ratelimit-remaining-subscription-resource-requests": [ "99" ],
        "x-ms-correlation-request-id": [ "52d8cd53-e620-4fdf-97a0-be24b31fc5d9" ],
        "x-ms-routing-request-id": [ "SOUTHEASTASIA:20230426T143930Z:52d8cd53-e620-4fdf-97a0-be24b31fc5d9" ],
        "X-Content-Type-Options": [ "nosniff" ],
        "Date": [ "Wed, 26 Apr 2023 14:39:29 GMT" ]
      },
      "ContentHeaders": {
        "Content-Length": [ "290" ],
        "Content-Type": [ "application/json; charset=utf-8" ],
        "Expires": [ "-1" ]
      },
      "Content": "{\"id\":\"/subscriptions/27cafca8-b9a4-4264-b399-45d0c9cca1ab/resourcegroups/testps-rg-ygjp/providers/Microsoft.Cdn/profiles/fdp-c24dbl/rulesets/rs79gjt6\",\"type\":\"Microsoft.Cdn/profiles/rulesets\",\"name\":\"rs79gjt6\",\"properties\":{\"provisioningState\":\"Succeeded\",\"deploymentStatus\":\"NotStarted\"}}",
      "isContentBase64": false
    }
  },
  "Get-AzFrontDoorCdnRoute+[NoContext]+[NoScenario]+$PUT+https://management.azure.com/subscriptions/27cafca8-b9a4-4264-b399-45d0c9cca1ab/resourceGroups/testps-rg-ygjp/providers/Microsoft.Cdn/profiles/fdp-c24dbl/ruleSets/rs79gjt6/rules/rcnr9sy?api-version=2022-11-01-preview+9": {
    "Request": {
      "Method": "PUT",
      "RequestUri": "https://management.azure.com/subscriptions/27cafca8-b9a4-4264-b399-45d0c9cca1ab/resourceGroups/testps-rg-ygjp/providers/Microsoft.Cdn/profiles/fdp-c24dbl/ruleSets/rs79gjt6/rules/rcnr9sy?api-version=2022-11-01-preview",
      "Content": "{\r\n  \"properties\": {\r\n    \"conditions\": [\r\n      {\r\n        \"name\": \"RequestUri\",\r\n        \"parameters\": {\r\n          \"typeName\": \"DeliveryRuleRequestUriConditionParameters\",\r\n          \"operator\": \"Any\"\r\n        }\r\n      }\r\n    ],\r\n    \"actions\": [\r\n      {\r\n        \"name\": \"RouteConfigurationOverride\",\r\n        \"parameters\": {\r\n          \"cacheConfiguration\": {\r\n            \"queryStringCachingBehavior\": \"IgnoreSpecifiedQueryStrings\",\r\n            \"queryParameters\": \"a=test\",\r\n            \"isCompressionEnabled\": \"Enabled\",\r\n            \"cacheBehavior\": \"HonorOrigin\"\r\n          },\r\n          \"typeName\": \"DeliveryRuleRouteConfigurationOverrideActionParameters\"\r\n        }\r\n      }\r\n    ]\r\n  }\r\n}",
      "isContentBase64": false,
      "Headers": {
      },
      "ContentHeaders": {
        "Content-Type": [ "application/json" ],
        "Content-Length": [ "702" ]
      }
    },
    "Response": {
      "StatusCode": 201,
      "Headers": {
        "Cache-Control": [ "no-cache" ],
        "Pragma": [ "no-cache" ],
        "Retry-After": [ "10" ],
        "Strict-Transport-Security": [ "max-age=31536000; includeSubDomains" ],
        "x-ms-request-id": [ "4016191d-37fd-429e-a534-e53c4ec7b91a" ],
        "x-ms-client-request-id": [ "0422b48c-54de-41a9-882a-55a54caa36db" ],
        "Azure-AsyncOperation": [ "https://management.azure.com/subscriptions/27cafca8-b9a4-4264-b399-45d0c9cca1ab/resourcegroups/testps-rg-ygjp/providers/Microsoft.Cdn/operationresults/166fe83f-469c-4f48-88c7-b3e5e1da71f0?api-version=2022-11-01-preview" ],
        "Server": [ "Kestrel" ],
        "x-ms-ratelimit-remaining-subscription-resource-requests": [ "99" ],
        "x-ms-correlation-request-id": [ "14dc17f2-b417-4e86-b26f-314beadde432" ],
        "x-ms-routing-request-id": [ "SOUTHEASTASIA:20230426T143931Z:14dc17f2-b417-4e86-b26f-314beadde432" ],
        "X-Content-Type-Options": [ "nosniff" ],
        "Date": [ "Wed, 26 Apr 2023 14:39:31 GMT" ]
      },
      "ContentHeaders": {
        "Content-Length": [ "889" ],
        "Content-Type": [ "application/json; charset=utf-8" ],
        "Expires": [ "-1" ]
      },
      "Content": "{\"id\":\"/subscriptions/27cafca8-b9a4-4264-b399-45d0c9cca1ab/resourcegroups/testps-rg-ygjp/providers/Microsoft.Cdn/profiles/fdp-c24dbl/rulesets/rs79gjt6/rules/rcnr9sy\",\"type\":\"Microsoft.Cdn/profiles/rulesets/rules\",\"name\":\"rcnr9sy\",\"properties\":{\"order\":0,\"conditions\":[{\"name\":\"RequestUri\",\"parameters\":{\"typeName\":\"DeliveryRuleRequestUriConditionParameters\",\"operator\":\"Any\",\"negateCondition\":false,\"matchValues\":[],\"transforms\":[]}}],\"actions\":[{\"name\":\"RouteConfigurationOverride\",\"parameters\":{\"typeName\":\"DeliveryRuleRouteConfigurationOverrideActionParameters\",\"cacheConfiguration\":{\"isCompressionEnabled\":\"Enabled\",\"queryStringCachingBehavior\":\"IgnoreSpecifiedQueryStrings\",\"queryParameters\":\"a=test\",\"cacheBehavior\":\"HonorOrigin\",\"cacheDuration\":null},\"originGroupOverride\":null}}],\"matchProcessingBehavior\":\"Continue\",\"provisioningState\":\"Creating\",\"deploymentStatus\":\"NotStarted\"}}",
      "isContentBase64": false
    }
  },
  "Get-AzFrontDoorCdnRoute+[NoContext]+[NoScenario]+$GET+https://management.azure.com/subscriptions/27cafca8-b9a4-4264-b399-45d0c9cca1ab/resourcegroups/testps-rg-ygjp/providers/Microsoft.Cdn/operationresults/166fe83f-469c-4f48-88c7-b3e5e1da71f0?api-version=2022-11-01-preview+10": {
    "Request": {
      "Method": "GET",
      "RequestUri": "https://management.azure.com/subscriptions/27cafca8-b9a4-4264-b399-45d0c9cca1ab/resourcegroups/testps-rg-ygjp/providers/Microsoft.Cdn/operationresults/166fe83f-469c-4f48-88c7-b3e5e1da71f0?api-version=2022-11-01-preview",
      "Content": null,
      "isContentBase64": false,
      "Headers": {
        "Authorization": [ "[Filtered]" ],
        "x-ms-unique-id": [ "205" ],
        "x-ms-client-request-id": [ "0422b48c-54de-41a9-882a-55a54caa36db" ],
        "CommandName": [ "New-AzFrontDoorCdnRule" ],
        "FullCommandName": [ "New-AzFrontDoorCdnRule_CreateExpanded" ],
        "ParameterSetName": [ "__AllParameterSets" ],
        "User-Agent": [ "AzurePowershell/v0.0.0", "PSVersion/v7.2.11", "Az.Cdn/0.1.0" ]
      },
      "ContentHeaders": {
      }
    },
    "Response": {
      "StatusCode": 200,
      "Headers": {
        "Cache-Control": [ "no-cache" ],
        "Pragma": [ "no-cache" ],
        "Strict-Transport-Security": [ "max-age=31536000; includeSubDomains" ],
        "x-ms-request-id": [ "d087c333-5fc5-4dca-9adb-7246de6baf42" ],
        "x-ms-client-request-id": [ "0422b48c-54de-41a9-882a-55a54caa36db" ],
        "Server": [ "Kestrel" ],
        "x-ms-ratelimit-remaining-subscription-reads": [ "11931" ],
        "x-ms-correlation-request-id": [ "ac9447fc-df51-41b0-aa21-67a611116958" ],
        "x-ms-routing-request-id": [ "SOUTHEASTASIA:20230426T143942Z:ac9447fc-df51-41b0-aa21-67a611116958" ],
        "X-Content-Type-Options": [ "nosniff" ],
        "Date": [ "Wed, 26 Apr 2023 14:39:42 GMT" ]
      },
      "ContentHeaders": {
        "Content-Length": [ "61" ],
        "Content-Type": [ "application/json; charset=utf-8" ],
        "Expires": [ "-1" ]
      },
      "Content": "{\"status\":\"Succeeded\",\"error\":{\"code\":\"None\",\"message\":null}}",
      "isContentBase64": false
    }
  },
  "Get-AzFrontDoorCdnRoute+[NoContext]+[NoScenario]+$GET+https://management.azure.com/subscriptions/27cafca8-b9a4-4264-b399-45d0c9cca1ab/resourceGroups/testps-rg-ygjp/providers/Microsoft.Cdn/profiles/fdp-c24dbl/ruleSets/rs79gjt6/rules/rcnr9sy?api-version=2022-11-01-preview+11": {
    "Request": {
      "Method": "GET",
      "RequestUri": "https://management.azure.com/subscriptions/27cafca8-b9a4-4264-b399-45d0c9cca1ab/resourceGroups/testps-rg-ygjp/providers/Microsoft.Cdn/profiles/fdp-c24dbl/ruleSets/rs79gjt6/rules/rcnr9sy?api-version=2022-11-01-preview",
      "Content": null,
      "isContentBase64": false,
      "Headers": {
        "Authorization": [ "[Filtered]" ],
        "x-ms-unique-id": [ "206" ],
        "x-ms-client-request-id": [ "0422b48c-54de-41a9-882a-55a54caa36db" ],
        "CommandName": [ "New-AzFrontDoorCdnRule" ],
        "FullCommandName": [ "New-AzFrontDoorCdnRule_CreateExpanded" ],
        "ParameterSetName": [ "__AllParameterSets" ],
        "User-Agent": [ "AzurePowershell/v0.0.0", "PSVersion/v7.2.11", "Az.Cdn/0.1.0" ]
      },
      "ContentHeaders": {
      }
    },
    "Response": {
      "StatusCode": 200,
      "Headers": {
        "Cache-Control": [ "no-cache" ],
        "Pragma": [ "no-cache" ],
        "Strict-Transport-Security": [ "max-age=31536000; includeSubDomains" ],
        "x-ms-request-id": [ "14b6eb8d-3bcf-4345-aa98-cfa6df116239" ],
        "x-ms-client-request-id": [ "0422b48c-54de-41a9-882a-55a54caa36db" ],
        "Server": [ "Kestrel" ],
        "x-ms-ratelimit-remaining-subscription-reads": [ "11930" ],
        "x-ms-correlation-request-id": [ "17b19fe7-19bd-4ab6-a923-9fd8f90d7fd9" ],
        "x-ms-routing-request-id": [ "SOUTHEASTASIA:20230426T143942Z:17b19fe7-19bd-4ab6-a923-9fd8f90d7fd9" ],
        "X-Content-Type-Options": [ "nosniff" ],
        "Date": [ "Wed, 26 Apr 2023 14:39:42 GMT" ]
      },
      "ContentHeaders": {
        "Content-Length": [ "890" ],
        "Content-Type": [ "application/json; charset=utf-8" ],
        "Expires": [ "-1" ]
      },
      "Content": "{\"id\":\"/subscriptions/27cafca8-b9a4-4264-b399-45d0c9cca1ab/resourcegroups/testps-rg-ygjp/providers/Microsoft.Cdn/profiles/fdp-c24dbl/rulesets/rs79gjt6/rules/rcnr9sy\",\"type\":\"Microsoft.Cdn/profiles/rulesets/rules\",\"name\":\"rcnr9sy\",\"properties\":{\"order\":0,\"conditions\":[{\"name\":\"RequestUri\",\"parameters\":{\"typeName\":\"DeliveryRuleRequestUriConditionParameters\",\"operator\":\"Any\",\"negateCondition\":false,\"matchValues\":[],\"transforms\":[]}}],\"actions\":[{\"name\":\"RouteConfigurationOverride\",\"parameters\":{\"typeName\":\"DeliveryRuleRouteConfigurationOverrideActionParameters\",\"cacheConfiguration\":{\"isCompressionEnabled\":\"Enabled\",\"queryStringCachingBehavior\":\"IgnoreSpecifiedQueryStrings\",\"queryParameters\":\"a=test\",\"cacheBehavior\":\"HonorOrigin\",\"cacheDuration\":null},\"originGroupOverride\":null}}],\"matchProcessingBehavior\":\"Continue\",\"provisioningState\":\"Succeeded\",\"deploymentStatus\":\"NotStarted\"}}",
      "isContentBase64": false
    }
  },
  "Get-AzFrontDoorCdnRoute+[NoContext]+[NoScenario]+$PUT+https://management.azure.com/subscriptions/27cafca8-b9a4-4264-b399-45d0c9cca1ab/resourceGroups/testps-rg-ygjp/providers/Microsoft.Cdn/profiles/fdp-c24dbl/afdEndpoints/end-k0o4j8/routes/route4o2e3f?api-version=2022-11-01-preview+12": {
    "Request": {
      "Method": "PUT",
      "RequestUri": "https://management.azure.com/subscriptions/27cafca8-b9a4-4264-b399-45d0c9cca1ab/resourceGroups/testps-rg-ygjp/providers/Microsoft.Cdn/profiles/fdp-c24dbl/afdEndpoints/end-k0o4j8/routes/route4o2e3f?api-version=2022-11-01-preview",
      "Content": "{\r\n  \"properties\": {\r\n    \"originGroup\": {\r\n      \"id\": \"/subscriptions/27cafca8-b9a4-4264-b399-45d0c9cca1ab/resourcegroups/testps-rg-ygjp/providers/Microsoft.Cdn/profiles/fdp-c24dbl/origingroups/orgd36gif\"\r\n    },\r\n    \"ruleSets\": [\r\n      {\r\n        \"id\": \"/subscriptions/27cafca8-b9a4-4264-b399-45d0c9cca1ab/resourcegroups/testps-rg-ygjp/providers/Microsoft.Cdn/profiles/fdp-c24dbl/rulesets/rs79gjt6\"\r\n      }\r\n    ],\r\n    \"patternsToMatch\": [ \"/*\" ],\r\n    \"linkToDefaultDomain\": \"Enabled\",\r\n    \"enabledState\": \"Enabled\"\r\n  }\r\n}",
      "isContentBase64": false,
      "Headers": {
      },
      "ContentHeaders": {
        "Content-Type": [ "application/json" ],
        "Content-Length": [ "532" ]
      }
    },
    "Response": {
      "StatusCode": 201,
      "Headers": {
        "Cache-Control": [ "no-cache" ],
        "Pragma": [ "no-cache" ],
        "Retry-After": [ "10" ],
        "Strict-Transport-Security": [ "max-age=31536000; includeSubDomains" ],
        "x-ms-request-id": [ "d9b35e55-45a1-4666-b773-521a77b56fd7" ],
        "x-ms-client-request-id": [ "6b8f4feb-6058-44af-ac39-b64f50977425" ],
        "Azure-AsyncOperation": [ "https://management.azure.com/subscriptions/27cafca8-b9a4-4264-b399-45d0c9cca1ab/resourcegroups/testps-rg-ygjp/providers/Microsoft.Cdn/operationresults/194b431f-f955-4445-b8cb-b5be040608f9?api-version=2022-11-01-preview" ],
        "Server": [ "Kestrel" ],
        "x-ms-ratelimit-remaining-subscription-resource-requests": [ "99" ],
        "x-ms-correlation-request-id": [ "132226d6-0f00-47d2-8b5e-c654f5cade19" ],
        "x-ms-routing-request-id": [ "SOUTHEASTASIA:20230426T143945Z:132226d6-0f00-47d2-8b5e-c654f5cade19" ],
        "X-Content-Type-Options": [ "nosniff" ],
        "Date": [ "Wed, 26 Apr 2023 14:39:45 GMT" ]
      },
      "ContentHeaders": {
        "Content-Length": [ "912" ],
        "Content-Type": [ "application/json; charset=utf-8" ],
        "Expires": [ "-1" ]
      },
      "Content": "{\"id\":\"/subscriptions/27cafca8-b9a4-4264-b399-45d0c9cca1ab/resourcegroups/testps-rg-ygjp/providers/Microsoft.Cdn/profiles/fdp-c24dbl/afdendpoints/end-k0o4j8/routes/route4o2e3f\",\"type\":\"Microsoft.Cdn/profiles/afdendpoints/routes\",\"name\":\"route4o2e3f\",\"properties\":{\"cacheConfiguration\":null,\"customDomains\":[],\"originGroup\":{\"id\":\"/subscriptions/27cafca8-b9a4-4264-b399-45d0c9cca1ab/resourcegroups/testps-rg-ygjp/providers/Microsoft.Cdn/profiles/fdp-c24dbl/origingroups/orgd36gif\"},\"originPath\":null,\"ruleSets\":[{\"id\":\"/subscriptions/27cafca8-b9a4-4264-b399-45d0c9cca1ab/resourcegroups/testps-rg-ygjp/providers/Microsoft.Cdn/profiles/fdp-c24dbl/rulesets/rs79gjt6\"}],\"supportedProtocols\":[\"Http\",\"Https\"],\"patternsToMatch\":[\"/*\"],\"forwardingProtocol\":\"MatchRequest\",\"linkToDefaultDomain\":\"Enabled\",\"httpsRedirect\":\"Disabled\",\"enabledState\":\"Enabled\",\"provisioningState\":\"Creating\",\"deploymentStatus\":\"NotStarted\"}}",
      "isContentBase64": false
    }
  },
  "Get-AzFrontDoorCdnRoute+[NoContext]+[NoScenario]+$GET+https://management.azure.com/subscriptions/27cafca8-b9a4-4264-b399-45d0c9cca1ab/resourcegroups/testps-rg-ygjp/providers/Microsoft.Cdn/operationresults/194b431f-f955-4445-b8cb-b5be040608f9?api-version=2022-11-01-preview+13": {
    "Request": {
      "Method": "GET",
      "RequestUri": "https://management.azure.com/subscriptions/27cafca8-b9a4-4264-b399-45d0c9cca1ab/resourcegroups/testps-rg-ygjp/providers/Microsoft.Cdn/operationresults/194b431f-f955-4445-b8cb-b5be040608f9?api-version=2022-11-01-preview",
      "Content": null,
      "isContentBase64": false,
      "Headers": {
        "Authorization": [ "[Filtered]" ],
        "x-ms-unique-id": [ "208" ],
        "x-ms-client-request-id": [ "6b8f4feb-6058-44af-ac39-b64f50977425" ],
        "CommandName": [ "New-AzFrontDoorCdnRoute" ],
        "FullCommandName": [ "New-AzFrontDoorCdnRoute_CreateExpanded" ],
        "ParameterSetName": [ "__AllParameterSets" ],
        "User-Agent": [ "AzurePowershell/v0.0.0", "PSVersion/v7.2.11", "Az.Cdn/0.1.0" ]
      },
      "ContentHeaders": {
      }
    },
    "Response": {
      "StatusCode": 200,
      "Headers": {
        "Cache-Control": [ "no-cache" ],
        "Pragma": [ "no-cache" ],
        "Strict-Transport-Security": [ "max-age=31536000; includeSubDomains" ],
        "x-ms-request-id": [ "76048f19-8147-4081-a251-146eef2f756c" ],
        "x-ms-client-request-id": [ "6b8f4feb-6058-44af-ac39-b64f50977425" ],
        "Server": [ "Kestrel" ],
        "x-ms-ratelimit-remaining-subscription-reads": [ "11929" ],
        "x-ms-correlation-request-id": [ "4a0e344b-e1ee-42da-8d66-2af1461e8b0f" ],
        "x-ms-routing-request-id": [ "SOUTHEASTASIA:20230426T143955Z:4a0e344b-e1ee-42da-8d66-2af1461e8b0f" ],
        "X-Content-Type-Options": [ "nosniff" ],
        "Date": [ "Wed, 26 Apr 2023 14:39:55 GMT" ]
      },
      "ContentHeaders": {
        "Content-Length": [ "61" ],
        "Content-Type": [ "application/json; charset=utf-8" ],
        "Expires": [ "-1" ]
      },
      "Content": "{\"status\":\"Succeeded\",\"error\":{\"code\":\"None\",\"message\":null}}",
      "isContentBase64": false
    }
  },
  "Get-AzFrontDoorCdnRoute+[NoContext]+[NoScenario]+$GET+https://management.azure.com/subscriptions/27cafca8-b9a4-4264-b399-45d0c9cca1ab/resourceGroups/testps-rg-ygjp/providers/Microsoft.Cdn/profiles/fdp-c24dbl/afdEndpoints/end-k0o4j8/routes/route4o2e3f?api-version=2022-11-01-preview+14": {
    "Request": {
      "Method": "GET",
      "RequestUri": "https://management.azure.com/subscriptions/27cafca8-b9a4-4264-b399-45d0c9cca1ab/resourceGroups/testps-rg-ygjp/providers/Microsoft.Cdn/profiles/fdp-c24dbl/afdEndpoints/end-k0o4j8/routes/route4o2e3f?api-version=2022-11-01-preview",
      "Content": null,
      "isContentBase64": false,
      "Headers": {
        "Authorization": [ "[Filtered]" ],
        "x-ms-unique-id": [ "209" ],
        "x-ms-client-request-id": [ "6b8f4feb-6058-44af-ac39-b64f50977425" ],
        "CommandName": [ "New-AzFrontDoorCdnRoute" ],
        "FullCommandName": [ "New-AzFrontDoorCdnRoute_CreateExpanded" ],
        "ParameterSetName": [ "__AllParameterSets" ],
        "User-Agent": [ "AzurePowershell/v0.0.0", "PSVersion/v7.2.11", "Az.Cdn/0.1.0" ]
      },
      "ContentHeaders": {
      }
    },
    "Response": {
      "StatusCode": 200,
      "Headers": {
        "Cache-Control": [ "no-cache" ],
        "Pragma": [ "no-cache" ],
        "Strict-Transport-Security": [ "max-age=31536000; includeSubDomains" ],
        "x-ms-request-id": [ "66f19f88-8204-4942-91a1-107002bb4a46" ],
        "x-ms-client-request-id": [ "6b8f4feb-6058-44af-ac39-b64f50977425" ],
        "Server": [ "Kestrel" ],
        "x-ms-ratelimit-remaining-subscription-reads": [ "11928" ],
        "x-ms-correlation-request-id": [ "595a5ee0-7624-43c1-9bb5-d08458087417" ],
        "x-ms-routing-request-id": [ "SOUTHEASTASIA:20230426T143956Z:595a5ee0-7624-43c1-9bb5-d08458087417" ],
        "X-Content-Type-Options": [ "nosniff" ],
        "Date": [ "Wed, 26 Apr 2023 14:39:55 GMT" ]
      },
      "ContentHeaders": {
        "Content-Length": [ "913" ],
        "Content-Type": [ "application/json; charset=utf-8" ],
        "Expires": [ "-1" ]
      },
      "Content": "{\"id\":\"/subscriptions/27cafca8-b9a4-4264-b399-45d0c9cca1ab/resourcegroups/testps-rg-ygjp/providers/Microsoft.Cdn/profiles/fdp-c24dbl/afdendpoints/end-k0o4j8/routes/route4o2e3f\",\"type\":\"Microsoft.Cdn/profiles/afdendpoints/routes\",\"name\":\"route4o2e3f\",\"properties\":{\"cacheConfiguration\":null,\"customDomains\":[],\"originGroup\":{\"id\":\"/subscriptions/27cafca8-b9a4-4264-b399-45d0c9cca1ab/resourcegroups/testps-rg-ygjp/providers/Microsoft.Cdn/profiles/fdp-c24dbl/origingroups/orgd36gif\"},\"originPath\":null,\"ruleSets\":[{\"id\":\"/subscriptions/27cafca8-b9a4-4264-b399-45d0c9cca1ab/resourcegroups/testps-rg-ygjp/providers/Microsoft.Cdn/profiles/fdp-c24dbl/rulesets/rs79gjt6\"}],\"supportedProtocols\":[\"Http\",\"Https\"],\"patternsToMatch\":[\"/*\"],\"forwardingProtocol\":\"MatchRequest\",\"linkToDefaultDomain\":\"Enabled\",\"httpsRedirect\":\"Disabled\",\"enabledState\":\"Enabled\",\"provisioningState\":\"Succeeded\",\"deploymentStatus\":\"NotStarted\"}}",
      "isContentBase64": false
    }
  },
  "Get-AzFrontDoorCdnRoute+[NoContext]+List+$GET+https://management.azure.com/subscriptions/27cafca8-b9a4-4264-b399-45d0c9cca1ab/resourceGroups/testps-rg-ygjp/providers/Microsoft.Cdn/profiles/fdp-c24dbl/afdEndpoints/end-k0o4j8/routes?api-version=2022-11-01-preview+1": {
    "Request": {
      "Method": "GET",
      "RequestUri": "https://management.azure.com/subscriptions/27cafca8-b9a4-4264-b399-45d0c9cca1ab/resourceGroups/testps-rg-ygjp/providers/Microsoft.Cdn/profiles/fdp-c24dbl/afdEndpoints/end-k0o4j8/routes?api-version=2022-11-01-preview",
      "Content": null,
      "isContentBase64": false,
      "Headers": {
        "x-ms-unique-id": [ "210" ],
        "x-ms-client-request-id": [ "753a6ac1-3a0a-40a3-bd69-78d22d865697" ],
        "CommandName": [ "Get-AzFrontDoorCdnRoute" ],
        "FullCommandName": [ "Get-AzFrontDoorCdnRoute_List" ],
        "ParameterSetName": [ "__AllParameterSets" ],
        "User-Agent": [ "AzurePowershell/v0.0.0", "PSVersion/v7.2.11", "Az.Cdn/0.1.0" ],
        "Authorization": [ "[Filtered]" ]
      },
      "ContentHeaders": {
      }
    },
    "Response": {
      "StatusCode": 200,
      "Headers": {
        "Cache-Control": [ "no-cache" ],
        "Pragma": [ "no-cache" ],
        "Strict-Transport-Security": [ "max-age=31536000; includeSubDomains" ],
        "x-ms-request-id": [ "340bf8e9-5bcc-4c99-aa9b-5a74788f7895" ],
        "x-ms-client-request-id": [ "753a6ac1-3a0a-40a3-bd69-78d22d865697" ],
        "Server": [ "Kestrel" ],
        "x-ms-ratelimit-remaining-subscription-reads": [ "11927" ],
        "x-ms-correlation-request-id": [ "113f8834-cd10-42b3-a290-6195be948dee" ],
        "x-ms-routing-request-id": [ "SOUTHEASTASIA:20230426T143956Z:113f8834-cd10-42b3-a290-6195be948dee" ],
        "X-Content-Type-Options": [ "nosniff" ],
        "Date": [ "Wed, 26 Apr 2023 14:39:56 GMT" ]
      },
      "ContentHeaders": {
        "Content-Length": [ "925" ],
        "Content-Type": [ "application/json; charset=utf-8" ],
        "Expires": [ "-1" ]
      },
      "Content": "{\"value\":[{\"id\":\"/subscriptions/27cafca8-b9a4-4264-b399-45d0c9cca1ab/resourcegroups/testps-rg-ygjp/providers/Microsoft.Cdn/profiles/fdp-c24dbl/afdendpoints/end-k0o4j8/routes/route4o2e3f\",\"type\":\"Microsoft.Cdn/profiles/afdendpoints/routes\",\"name\":\"route4o2e3f\",\"properties\":{\"cacheConfiguration\":null,\"customDomains\":[],\"originGroup\":{\"id\":\"/subscriptions/27cafca8-b9a4-4264-b399-45d0c9cca1ab/resourcegroups/testps-rg-ygjp/providers/Microsoft.Cdn/profiles/fdp-c24dbl/origingroups/orgd36gif\"},\"originPath\":null,\"ruleSets\":[{\"id\":\"/subscriptions/27cafca8-b9a4-4264-b399-45d0c9cca1ab/resourcegroups/testps-rg-ygjp/providers/Microsoft.Cdn/profiles/fdp-c24dbl/rulesets/rs79gjt6\"}],\"supportedProtocols\":[\"Http\",\"Https\"],\"patternsToMatch\":[\"/*\"],\"forwardingProtocol\":\"MatchRequest\",\"linkToDefaultDomain\":\"Enabled\",\"httpsRedirect\":\"Disabled\",\"enabledState\":\"Enabled\",\"provisioningState\":\"Succeeded\",\"deploymentStatus\":\"NotStarted\"}}]}",
      "isContentBase64": false
    }
  },
  "Get-AzFrontDoorCdnRoute+[NoContext]+Get+$GET+https://management.azure.com/subscriptions/27cafca8-b9a4-4264-b399-45d0c9cca1ab/resourceGroups/testps-rg-ygjp/providers/Microsoft.Cdn/profiles/fdp-c24dbl/afdEndpoints/end-k0o4j8/routes/route4o2e3f?api-version=2022-11-01-preview+1": {
    "Request": {
      "Method": "GET",
      "RequestUri": "https://management.azure.com/subscriptions/27cafca8-b9a4-4264-b399-45d0c9cca1ab/resourceGroups/testps-rg-ygjp/providers/Microsoft.Cdn/profiles/fdp-c24dbl/afdEndpoints/end-k0o4j8/routes/route4o2e3f?api-version=2022-11-01-preview",
      "Content": null,
      "isContentBase64": false,
      "Headers": {
        "x-ms-unique-id": [ "211" ],
        "x-ms-client-request-id": [ "a7251e52-adac-4101-818e-4e661460f618" ],
        "CommandName": [ "Get-AzFrontDoorCdnRoute" ],
        "FullCommandName": [ "Get-AzFrontDoorCdnRoute_Get" ],
        "ParameterSetName": [ "__AllParameterSets" ],
        "User-Agent": [ "AzurePowershell/v0.0.0", "PSVersion/v7.2.11", "Az.Cdn/0.1.0" ],
        "Authorization": [ "[Filtered]" ]
      },
      "ContentHeaders": {
      }
    },
    "Response": {
      "StatusCode": 200,
      "Headers": {
        "Cache-Control": [ "no-cache" ],
        "Pragma": [ "no-cache" ],
        "Strict-Transport-Security": [ "max-age=31536000; includeSubDomains" ],
        "x-ms-request-id": [ "2bf1b5ed-e7a4-4fbb-be71-5d0148695c80" ],
        "x-ms-client-request-id": [ "a7251e52-adac-4101-818e-4e661460f618" ],
        "Server": [ "Kestrel" ],
        "x-ms-ratelimit-remaining-subscription-reads": [ "11926" ],
        "x-ms-correlation-request-id": [ "d68e7ece-86d2-40a9-b765-2362148dd412" ],
        "x-ms-routing-request-id": [ "SOUTHEASTASIA:20230426T143957Z:d68e7ece-86d2-40a9-b765-2362148dd412" ],
        "X-Content-Type-Options": [ "nosniff" ],
        "Date": [ "Wed, 26 Apr 2023 14:39:57 GMT" ]
      },
      "ContentHeaders": {
        "Content-Length": [ "913" ],
        "Content-Type": [ "application/json; charset=utf-8" ],
        "Expires": [ "-1" ]
      },
      "Content": "{\"id\":\"/subscriptions/27cafca8-b9a4-4264-b399-45d0c9cca1ab/resourcegroups/testps-rg-ygjp/providers/Microsoft.Cdn/profiles/fdp-c24dbl/afdendpoints/end-k0o4j8/routes/route4o2e3f\",\"type\":\"Microsoft.Cdn/profiles/afdendpoints/routes\",\"name\":\"route4o2e3f\",\"properties\":{\"cacheConfiguration\":null,\"customDomains\":[],\"originGroup\":{\"id\":\"/subscriptions/27cafca8-b9a4-4264-b399-45d0c9cca1ab/resourcegroups/testps-rg-ygjp/providers/Microsoft.Cdn/profiles/fdp-c24dbl/origingroups/orgd36gif\"},\"originPath\":null,\"ruleSets\":[{\"id\":\"/subscriptions/27cafca8-b9a4-4264-b399-45d0c9cca1ab/resourcegroups/testps-rg-ygjp/providers/Microsoft.Cdn/profiles/fdp-c24dbl/rulesets/rs79gjt6\"}],\"supportedProtocols\":[\"Http\",\"Https\"],\"patternsToMatch\":[\"/*\"],\"forwardingProtocol\":\"MatchRequest\",\"linkToDefaultDomain\":\"Enabled\",\"httpsRedirect\":\"Disabled\",\"enabledState\":\"Enabled\",\"provisioningState\":\"Succeeded\",\"deploymentStatus\":\"NotStarted\"}}",
      "isContentBase64": false
    }
  }
}