{
  "Get-AzCdnProfile+[NoContext]+List+$GET+https://management.azure.com/subscriptions/27cafca8-b9a4-4264-b399-45d0c9cca1ab/resourceGroups/testps-rg-vn1x/providers/Microsoft.Cdn/profiles?api-version=2022-11-01-preview+1": {
    "Request": {
      "Method": "GET",
      "RequestUri": "https://management.azure.com/subscriptions/27cafca8-b9a4-4264-b399-45d0c9cca1ab/resourceGroups/testps-rg-vn1x/providers/Microsoft.Cdn/profiles?api-version=2022-11-01-preview",
      "Content": null,
      "isContentBase64": false,
      "Headers": {
        "x-ms-unique-id": [ "143" ],
        "x-ms-client-request-id": [ "b100bb40-ee4d-4b4b-9bef-da2a031be4ec" ],
        "CommandName": [ "Az.Cdn.internal\\Get-AzCdnProfile" ],
        "FullCommandName": [ "Get-AzCdnProfile_List1" ],
        "ParameterSetName": [ "__AllParameterSets" ],
        "User-Agent": [ "AzurePowershell/v0.0.0", "PSVersion/v7.2.11", "Az.Cdn/0.1.0" ],
        "Authorization": [ "[Filtered]" ]
      },
      "ContentHeaders": {
      }
    },
    "Response": {
      "StatusCode": 200,
      "Headers": {
        "Cache-Control": [ "no-cache" ],
        "Pragma": [ "no-cache" ],
        "Strict-Transport-Security": [ "max-age=31536000; includeSubDomains" ],
        "x-ms-request-id": [ "eacea789-743a-48d5-be4d-6b5028178d6c" ],
        "x-ms-client-request-id": [ "b100bb40-ee4d-4b4b-9bef-da2a031be4ec" ],
        "Server": [ "Kestrel" ],
        "x-ms-ratelimit-remaining-subscription-resource-requests": [ "49" ],
        "x-ms-correlation-request-id": [ "3a2480fc-53fb-4a2f-a502-593e634317ee" ],
        "x-ms-routing-request-id": [ "SOUTHEASTASIA:20230517T141500Z:3a2480fc-53fb-4a2f-a502-593e634317ee" ],
        "X-Content-Type-Options": [ "nosniff" ],
        "Date": [ "Wed, 17 May 2023 14:15:00 GMT" ]
      },
      "ContentHeaders": {
        "Content-Length": [ "1185" ],
        "Content-Type": [ "application/json; charset=utf-8" ],
        "Expires": [ "-1" ]
      },
      "Content": "{\"value\":[{\"id\":\"/subscriptions/27cafca8-b9a4-4264-b399-45d0c9cca1ab/resourcegroups/testps-rg-vn1x/providers/Microsoft.Cdn/profiles/p-i6czjk\",\"type\":\"Microsoft.Cdn/profiles\",\"name\":\"p-i6czjk\",\"location\":\"Global\",\"kind\":\"cdn\",\"tags\":{},\"sku\":{\"name\":\"Standard_Verizon\"},\"properties\":{\"extendedProperties\":{},\"resourceState\":\"Active\",\"provisioningState\":\"Succeeded\"}},{\"id\":\"/subscriptions/27cafca8-b9a4-4264-b399-45d0c9cca1ab/resourcegroups/testps-rg-vn1x/providers/Microsoft.Cdn/profiles/p-ngpb0t\",\"type\":\"Microsoft.Cdn/profiles\",\"name\":\"p-ngpb0t\",\"location\":\"Global\",\"kind\":\"cdn\",\"tags\":{},\"sku\":{\"name\":\"Standard_Microsoft\"},\"properties\":{\"extendedProperties\":{},\"resourceState\":\"Active\",\"provisioningState\":\"Succeeded\"}},{\"id\":\"/subscriptions/27cafca8-b9a4-4264-b399-45d0c9cca1ab/resourcegroups/testps-rg-vn1x/providers/Microsoft.Cdn/profiles/fdp-ph4t5m\",\"type\":\"Microsoft.Cdn/profiles\",\"name\":\"fdp-ph4t5m\",\"location\":\"Global\",\"kind\":\"frontdoor\",\"tags\":{},\"sku\":{\"name\":\"Standard_AzureFrontDoor\"},\"properties\":{\"originResponseTimeoutSeconds\":30,\"frontDoorId\":\"6abf81b9-00a5-4cc0-9c52-ae669712740a\",\"extendedProperties\":{},\"resourceState\":\"Active\",\"provisioningState\":\"Succeeded\"}}]}",
      "isContentBase64": false
    }
  },
  "Get-AzCdnProfile+[NoContext]+Get+$GET+https://management.azure.com/subscriptions/27cafca8-b9a4-4264-b399-45d0c9cca1ab/resourceGroups/testps-rg-vn1x/providers/Microsoft.Cdn/profiles/p-ngpb0t?api-version=2022-11-01-preview+1": {
    "Request": {
      "Method": "GET",
      "RequestUri": "https://management.azure.com/subscriptions/27cafca8-b9a4-4264-b399-45d0c9cca1ab/resourceGroups/testps-rg-vn1x/providers/Microsoft.Cdn/profiles/p-ngpb0t?api-version=2022-11-01-preview",
      "Content": null,
      "isContentBase64": false,
      "Headers": {
        "x-ms-unique-id": [ "144" ],
        "x-ms-client-request-id": [ "4ced1209-2915-4e2e-bce5-a38342d10b6f" ],
        "CommandName": [ "Az.Cdn.internal\\Get-AzCdnProfile" ],
        "FullCommandName": [ "Get-AzCdnProfile_Get" ],
        "ParameterSetName": [ "__AllParameterSets" ],
        "User-Agent": [ "AzurePowershell/v0.0.0", "PSVersion/v7.2.11", "Az.Cdn/0.1.0" ],
        "Authorization": [ "[Filtered]" ]
      },
      "ContentHeaders": {
      }
    },
    "Response": {
      "StatusCode": 200,
      "Headers": {
        "Cache-Control": [ "no-cache" ],
        "Pragma": [ "no-cache" ],
        "Strict-Transport-Security": [ "max-age=31536000; includeSubDomains" ],
        "x-ms-request-id": [ "8aee09f7-f57d-4552-89ef-0ecd223f2621" ],
        "x-ms-client-request-id": [ "4ced1209-2915-4e2e-bce5-a38342d10b6f" ],
        "Server": [ "Kestrel" ],
        "x-ms-ratelimit-remaining-subscription-resource-requests": [ "48" ],
        "x-ms-correlation-request-id": [ "530ad3c7-eb49-44d9-b720-f702ea5e1cde" ],
        "x-ms-routing-request-id": [ "SOUTHEASTASIA:20230517T141501Z:530ad3c7-eb49-44d9-b720-f702ea5e1cde" ],
        "X-Content-Type-Options": [ "nosniff" ],
        "Date": [ "Wed, 17 May 2023 14:15:00 GMT" ]
      },
      "ContentHeaders": {
        "Content-Length": [ "357" ],
        "Content-Type": [ "application/json; charset=utf-8" ],
        "Expires": [ "-1" ]
      },
      "Content": "{\"id\":\"/subscriptions/27cafca8-b9a4-4264-b399-45d0c9cca1ab/resourcegroups/testps-rg-vn1x/providers/Microsoft.Cdn/profiles/p-ngpb0t\",\"type\":\"Microsoft.Cdn/profiles\",\"name\":\"p-ngpb0t\",\"location\":\"Global\",\"kind\":\"cdn\",\"tags\":{},\"sku\":{\"name\":\"Standard_Microsoft\"},\"properties\":{\"extendedProperties\":{},\"resourceState\":\"Active\",\"provisioningState\":\"Succeeded\"}}",
      "isContentBase64": false
    }
  },
  "Get-AzCdnProfile+[NoContext]+List1+$GET+https://management.azure.com/subscriptions/27cafca8-b9a4-4264-b399-45d0c9cca1ab/resourceGroups/testps-rg-vn1x/providers/Microsoft.Cdn/profiles?api-version=2022-11-01-preview+1": {
    "Request": {
      "Method": "GET",
      "RequestUri": "https://management.azure.com/subscriptions/27cafca8-b9a4-4264-b399-45d0c9cca1ab/resourceGroups/testps-rg-vn1x/providers/Microsoft.Cdn/profiles?api-version=2022-11-01-preview",
      "Content": null,
      "isContentBase64": false,
      "Headers": {
        "x-ms-unique-id": [ "145" ],
        "x-ms-client-request-id": [ "7a39dc45-e998-41a5-aa59-8b740dc540fa" ],
        "CommandName": [ "Az.Cdn.internal\\Get-AzCdnProfile" ],
        "FullCommandName": [ "Get-AzCdnProfile_List1" ],
        "ParameterSetName": [ "__AllParameterSets" ],
        "User-Agent": [ "AzurePowershell/v0.0.0", "PSVersion/v7.2.11", "Az.Cdn/0.1.0" ],
        "Authorization": [ "[Filtered]" ]
      },
      "ContentHeaders": {
      }
    },
    "Response": {
      "StatusCode": 200,
      "Headers": {
        "Cache-Control": [ "no-cache" ],
        "Pragma": [ "no-cache" ],
        "Strict-Transport-Security": [ "max-age=31536000; includeSubDomains" ],
        "x-ms-request-id": [ "8f57f73d-75ca-4052-965c-da4a94d38fb4" ],
        "x-ms-client-request-id": [ "7a39dc45-e998-41a5-aa59-8b740dc540fa" ],
        "Server": [ "Kestrel" ],
        "x-ms-ratelimit-remaining-subscription-resource-requests": [ "47" ],
        "x-ms-correlation-request-id": [ "711a2336-3cc2-49f5-824c-30b0a3cfd8a1" ],
        "x-ms-routing-request-id": [ "SOUTHEASTASIA:20230517T141502Z:711a2336-3cc2-49f5-824c-30b0a3cfd8a1" ],
        "X-Content-Type-Options": [ "nosniff" ],
        "Date": [ "Wed, 17 May 2023 14:15:01 GMT" ]
      },
      "ContentHeaders": {
        "Content-Length": [ "1185" ],
        "Content-Type": [ "application/json; charset=utf-8" ],
        "Expires": [ "-1" ]
      },
      "Content": "{\"value\":[{\"id\":\"/subscriptions/27cafca8-b9a4-4264-b399-45d0c9cca1ab/resourcegroups/testps-rg-vn1x/providers/Microsoft.Cdn/profiles/p-i6czjk\",\"type\":\"Microsoft.Cdn/profiles\",\"name\":\"p-i6czjk\",\"location\":\"Global\",\"kind\":\"cdn\",\"tags\":{},\"sku\":{\"name\":\"Standard_Verizon\"},\"properties\":{\"extendedProperties\":{},\"resourceState\":\"Active\",\"provisioningState\":\"Succeeded\"}},{\"id\":\"/subscriptions/27cafca8-b9a4-4264-b399-45d0c9cca1ab/resourcegroups/testps-rg-vn1x/providers/Microsoft.Cdn/profiles/p-ngpb0t\",\"type\":\"Microsoft.Cdn/profiles\",\"name\":\"p-ngpb0t\",\"location\":\"Global\",\"kind\":\"cdn\",\"tags\":{},\"sku\":{\"name\":\"Standard_Microsoft\"},\"properties\":{\"extendedProperties\":{},\"resourceState\":\"Active\",\"provisioningState\":\"Succeeded\"}},{\"id\":\"/subscriptions/27cafca8-b9a4-4264-b399-45d0c9cca1ab/resourcegroups/testps-rg-vn1x/providers/Microsoft.Cdn/profiles/fdp-ph4t5m\",\"type\":\"Microsoft.Cdn/profiles\",\"name\":\"fdp-ph4t5m\",\"location\":\"Global\",\"kind\":\"frontdoor\",\"tags\":{},\"sku\":{\"name\":\"Standard_AzureFrontDoor\"},\"properties\":{\"originResponseTimeoutSeconds\":30,\"frontDoorId\":\"6abf81b9-00a5-4cc0-9c52-ae669712740a\",\"extendedProperties\":{},\"resourceState\":\"Active\",\"provisioningState\":\"Succeeded\"}}]}",
      "isContentBase64": false
    }
  },
  "Get-AzCdnProfile+[NoContext]+GetViaIdentity+$GET+https://management.azure.com/subscriptions/27cafca8-b9a4-4264-b399-45d0c9cca1ab/resourceGroups/testps-rg-vn1x/providers/Microsoft.Cdn/profiles/p-ngpb0t?api-version=2022-11-01-preview+1": {
    "Request": {
      "Method": "GET",
      "RequestUri": "https://management.azure.com/subscriptions/27cafca8-b9a4-4264-b399-45d0c9cca1ab/resourceGroups/testps-rg-vn1x/providers/Microsoft.Cdn/profiles/p-ngpb0t?api-version=2022-11-01-preview",
      "Content": null,
      "isContentBase64": false,
      "Headers": {
        "x-ms-unique-id": [ "146" ],
        "x-ms-client-request-id": [ "dd299966-d1b1-4df6-8518-62f66f380f3f" ],
        "CommandName": [ "Az.Cdn.internal\\Get-AzCdnProfile" ],
        "FullCommandName": [ "Get-AzCdnProfile_Get" ],
        "ParameterSetName": [ "__AllParameterSets" ],
        "User-Agent": [ "AzurePowershell/v0.0.0", "PSVersion/v7.2.11", "Az.Cdn/0.1.0" ],
        "Authorization": [ "[Filtered]" ]
      },
      "ContentHeaders": {
      }
    },
    "Response": {
      "StatusCode": 200,
      "Headers": {
        "Cache-Control": [ "no-cache" ],
        "Pragma": [ "no-cache" ],
        "Strict-Transport-Security": [ "max-age=31536000; includeSubDomains" ],
        "x-ms-request-id": [ "518b7e0e-d3ec-409c-8ce8-b5b3ebfa4d5f" ],
        "x-ms-client-request-id": [ "dd299966-d1b1-4df6-8518-62f66f380f3f" ],
        "Server": [ "Kestrel" ],
        "x-ms-ratelimit-remaining-subscription-resource-requests": [ "46" ],
        "x-ms-correlation-request-id": [ "2bc1dc31-f477-45ac-b34f-cd09524c662e" ],
        "x-ms-routing-request-id": [ "SOUTHEASTASIA:20230517T141502Z:2bc1dc31-f477-45ac-b34f-cd09524c662e" ],
        "X-Content-Type-Options": [ "nosniff" ],
        "Date": [ "Wed, 17 May 2023 14:15:01 GMT" ]
      },
      "ContentHeaders": {
        "Content-Length": [ "357" ],
        "Content-Type": [ "application/json; charset=utf-8" ],
        "Expires": [ "-1" ]
      },
      "Content": "{\"id\":\"/subscriptions/27cafca8-b9a4-4264-b399-45d0c9cca1ab/resourcegroups/testps-rg-vn1x/providers/Microsoft.Cdn/profiles/p-ngpb0t\",\"type\":\"Microsoft.Cdn/profiles\",\"name\":\"p-ngpb0t\",\"location\":\"Global\",\"kind\":\"cdn\",\"tags\":{},\"sku\":{\"name\":\"Standard_Microsoft\"},\"properties\":{\"extendedProperties\":{},\"resourceState\":\"Active\",\"provisioningState\":\"Succeeded\"}}",
      "isContentBase64": false
    }
  },
  "Get-AzCdnProfile+[NoContext]+GetViaIdentity+$GET+https://management.azure.com/subscriptions/27cafca8-b9a4-4264-b399-45d0c9cca1ab/resourceGroups/testps-rg-vn1x/providers/Microsoft.Cdn/profiles/p-ngpb0t?api-version=2022-11-01-preview+2": {
    "Request": {
      "Method": "GET",
      "RequestUri": "https://management.azure.com/subscriptions/27cafca8-b9a4-4264-b399-45d0c9cca1ab/resourceGroups/testps-rg-vn1x/providers/Microsoft.Cdn/profiles/p-ngpb0t?api-version=2022-11-01-preview",
      "Content": null,
      "isContentBase64": false,
      "Headers": {
        "x-ms-unique-id": [ "147" ],
        "x-ms-client-request-id": [ "f4294c09-d8c5-4224-bd5d-060c22901a4c" ],
        "CommandName": [ "Az.Cdn.internal\\Get-AzCdnProfile" ],
        "FullCommandName": [ "Get-AzCdnProfile_GetViaIdentity" ],
        "ParameterSetName": [ "__AllParameterSets" ],
        "User-Agent": [ "AzurePowershell/v0.0.0", "PSVersion/v7.2.11", "Az.Cdn/0.1.0" ],
        "Authorization": [ "[Filtered]" ]
      },
      "ContentHeaders": {
      }
    },
    "Response": {
      "StatusCode": 200,
      "Headers": {
        "Cache-Control": [ "no-cache" ],
        "Pragma": [ "no-cache" ],
        "Strict-Transport-Security": [ "max-age=31536000; includeSubDomains" ],
        "x-ms-request-id": [ "143cd4d7-5120-4c8a-9127-63d73a8f4f02" ],
        "x-ms-client-request-id": [ "f4294c09-d8c5-4224-bd5d-060c22901a4c" ],
        "Server": [ "Kestrel" ],
        "x-ms-ratelimit-remaining-subscription-resource-requests": [ "45" ],
        "x-ms-correlation-request-id": [ "c7630a10-79da-4792-a543-a75ad6171661" ],
        "x-ms-routing-request-id": [ "SOUTHEASTASIA:20230517T141503Z:c7630a10-79da-4792-a543-a75ad6171661" ],
        "X-Content-Type-Options": [ "nosniff" ],
        "Date": [ "Wed, 17 May 2023 14:15:02 GMT" ]
      },
      "ContentHeaders": {
        "Content-Length": [ "357" ],
        "Content-Type": [ "application/json; charset=utf-8" ],
        "Expires": [ "-1" ]
      },
      "Content": "{\"id\":\"/subscriptions/27cafca8-b9a4-4264-b399-45d0c9cca1ab/resourcegroups/testps-rg-vn1x/providers/Microsoft.Cdn/profiles/p-ngpb0t\",\"type\":\"Microsoft.Cdn/profiles\",\"name\":\"p-ngpb0t\",\"location\":\"Global\",\"kind\":\"cdn\",\"tags\":{},\"sku\":{\"name\":\"Standard_Microsoft\"},\"properties\":{\"extendedProperties\":{},\"resourceState\":\"Active\",\"provisioningState\":\"Succeeded\"}}",
      "isContentBase64": false
    }
  }
}