{
  "Get-AzFrontDoorCdnOrigin+[NoContext]+List+$PUT+https://management.azure.com/subscriptions/27cafca8-b9a4-4264-b399-45d0c9cca1ab/resourceGroups/testps-rg-4va320/providers/Microsoft.Cdn/profiles/fdp-kyepa9?api-version=2022-11-01-preview+1": {
    "Request": {
      "Method": "PUT",
      "RequestUri": "https://management.azure.com/subscriptions/27cafca8-b9a4-4264-b399-45d0c9cca1ab/resourceGroups/testps-rg-4va320/providers/Microsoft.Cdn/profiles/fdp-kyepa9?api-version=2022-11-01-preview",
      "Content": "{\r\n  \"location\": \"Global\",\r\n  \"sku\": {\r\n    \"name\": \"Standard_AzureFrontDoor\"\r\n  }\r\n}",
      "isContentBase64": false,
      "Headers": {
      },
      "ContentHeaders": {
        "Content-Type": [ "application/json" ],
        "Content-Length": [ "85" ]
      }
    },
    "Response": {
      "StatusCode": 201,
      "Headers": {
        "Cache-Control": [ "no-cache" ],
        "Pragma": [ "no-cache" ],
        "Retry-After": [ "10" ],
        "Strict-Transport-Security": [ "max-age=31536000; includeSubDomains" ],
        "x-ms-request-id": [ "12d3195a-8bfd-4539-bdac-41059c20ac57" ],
        "x-ms-client-request-id": [ "34bcc684-6c41-479b-af53-8ff62529f597" ],
        "Azure-AsyncOperation": [ "https://management.azure.com/subscriptions/27cafca8-b9a4-4264-b399-45d0c9cca1ab/resourcegroups/testps-rg-4va320/providers/Microsoft.Cdn/operationresults/44d61f0e-1d68-48dd-954c-be81d32299b3?api-version=2022-11-01-preview" ],
        "Server": [ "Kestrel" ],
        "x-ms-ratelimit-remaining-subscription-resource-requests": [ "15" ],
        "x-ms-correlation-request-id": [ "99611a7a-55ec-410d-be8f-c3b971020671" ],
        "x-ms-routing-request-id": [ "SOUTHEASTASIA:20230325T004925Z:99611a7a-55ec-410d-be8f-c3b971020671" ],
        "X-Content-Type-Options": [ "nosniff" ],
        "Date": [ "Sat, 25 Mar 2023 00:49:25 GMT" ]
      },
      "ContentHeaders": {
        "Content-Length": [ "462" ],
        "Content-Type": [ "application/json; charset=utf-8" ],
        "Expires": [ "-1" ]
      },
      "Content": "{\"id\":\"/subscriptions/27cafca8-b9a4-4264-b399-45d0c9cca1ab/resourcegroups/testps-rg-4va320/providers/Microsoft.Cdn/profiles/fdp-kyepa9\",\"type\":\"Microsoft.Cdn/profiles\",\"name\":\"fdp-kyepa9\",\"location\":\"Global\",\"kind\":\"frontdoor\",\"tags\":{},\"sku\":{\"name\":\"Standard_AzureFrontDoor\"},\"properties\":{\"originResponseTimeoutSeconds\":30,\"frontDoorId\":\"6d5c214a-2c4e-4bd3-8d5d-988355bd6c7c\",\"extendedProperties\":{},\"resourceState\":\"Creating\",\"provisioningState\":\"Creating\"}}",
      "isContentBase64": false
    }
  },
  "Get-AzFrontDoorCdnOrigin+[NoContext]+List+$GET+https://management.azure.com/subscriptions/27cafca8-b9a4-4264-b399-45d0c9cca1ab/resourcegroups/testps-rg-4va320/providers/Microsoft.Cdn/operationresults/44d61f0e-1d68-48dd-954c-be81d32299b3?api-version=2022-11-01-preview+2": {
    "Request": {
      "Method": "GET",
      "RequestUri": "https://management.azure.com/subscriptions/27cafca8-b9a4-4264-b399-45d0c9cca1ab/resourcegroups/testps-rg-4va320/providers/Microsoft.Cdn/operationresults/44d61f0e-1d68-48dd-954c-be81d32299b3?api-version=2022-11-01-preview",
      "Content": null,
      "isContentBase64": false,
      "Headers": {
        "Authorization": [ "[Filtered]" ],
        "x-ms-unique-id": [ "383" ],
        "x-ms-client-request-id": [ "34bcc684-6c41-479b-af53-8ff62529f597" ],
        "CommandName": [ "Az.Cdn.internal\\New-AzCdnProfile" ],
        "FullCommandName": [ "New-AzCdnProfile_CreateExpanded" ],
        "ParameterSetName": [ "__AllParameterSets" ],
        "User-Agent": [ "AzurePowershell/v0.0.0", "PSVersion/v7.2.9", "Az.Cdn/0.1.0" ]
      },
      "ContentHeaders": {
      }
    },
    "Response": {
      "StatusCode": 200,
      "Headers": {
        "Cache-Control": [ "no-cache" ],
        "Pragma": [ "no-cache" ],
        "Strict-Transport-Security": [ "max-age=31536000; includeSubDomains" ],
        "x-ms-request-id": [ "b9f88828-124f-4eee-95e8-3d51db45de60" ],
        "x-ms-client-request-id": [ "34bcc684-6c41-479b-af53-8ff62529f597" ],
        "Server": [ "Kestrel" ],
        "x-ms-ratelimit-remaining-subscription-reads": [ "11986" ],
        "x-ms-correlation-request-id": [ "5a9f3c17-9460-427a-a550-ddda1757f30d" ],
        "x-ms-routing-request-id": [ "SOUTHEASTASIA:20230325T004935Z:5a9f3c17-9460-427a-a550-ddda1757f30d" ],
        "X-Content-Type-Options": [ "nosniff" ],
        "Date": [ "Sat, 25 Mar 2023 00:49:35 GMT" ]
      },
      "ContentHeaders": {
        "Content-Length": [ "61" ],
        "Content-Type": [ "application/json; charset=utf-8" ],
        "Expires": [ "-1" ]
      },
      "Content": "{\"status\":\"Succeeded\",\"error\":{\"code\":\"None\",\"message\":null}}",
      "isContentBase64": false
    }
  },
  "Get-AzFrontDoorCdnOrigin+[NoContext]+List+$GET+https://management.azure.com/subscriptions/27cafca8-b9a4-4264-b399-45d0c9cca1ab/resourceGroups/testps-rg-4va320/providers/Microsoft.Cdn/profiles/fdp-kyepa9?api-version=2022-11-01-preview+3": {
    "Request": {
      "Method": "GET",
      "RequestUri": "https://management.azure.com/subscriptions/27cafca8-b9a4-4264-b399-45d0c9cca1ab/resourceGroups/testps-rg-4va320/providers/Microsoft.Cdn/profiles/fdp-kyepa9?api-version=2022-11-01-preview",
      "Content": null,
      "isContentBase64": false,
      "Headers": {
        "Authorization": [ "[Filtered]" ],
        "x-ms-unique-id": [ "384" ],
        "x-ms-client-request-id": [ "34bcc684-6c41-479b-af53-8ff62529f597" ],
        "CommandName": [ "Az.Cdn.internal\\New-AzCdnProfile" ],
        "FullCommandName": [ "New-AzCdnProfile_CreateExpanded" ],
        "ParameterSetName": [ "__AllParameterSets" ],
        "User-Agent": [ "AzurePowershell/v0.0.0", "PSVersion/v7.2.9", "Az.Cdn/0.1.0" ]
      },
      "ContentHeaders": {
      }
    },
    "Response": {
      "StatusCode": 200,
      "Headers": {
        "Cache-Control": [ "no-cache" ],
        "Pragma": [ "no-cache" ],
        "Strict-Transport-Security": [ "max-age=31536000; includeSubDomains" ],
        "x-ms-request-id": [ "501af2e3-647a-42da-b825-9baeb2ae9c41" ],
        "x-ms-client-request-id": [ "34bcc684-6c41-479b-af53-8ff62529f597" ],
        "Server": [ "Kestrel" ],
        "x-ms-ratelimit-remaining-subscription-resource-requests": [ "38" ],
        "x-ms-correlation-request-id": [ "5dbeec7d-9c44-47cc-875f-6747370017f0" ],
        "x-ms-routing-request-id": [ "SOUTHEASTASIA:20230325T004936Z:5dbeec7d-9c44-47cc-875f-6747370017f0" ],
        "X-Content-Type-Options": [ "nosniff" ],
        "Date": [ "Sat, 25 Mar 2023 00:49:35 GMT" ]
      },
      "ContentHeaders": {
        "Content-Length": [ "461" ],
        "Content-Type": [ "application/json; charset=utf-8" ],
        "Expires": [ "-1" ]
      },
      "Content": "{\"id\":\"/subscriptions/27cafca8-b9a4-4264-b399-45d0c9cca1ab/resourcegroups/testps-rg-4va320/providers/Microsoft.Cdn/profiles/fdp-kyepa9\",\"type\":\"Microsoft.Cdn/profiles\",\"name\":\"fdp-kyepa9\",\"location\":\"Global\",\"kind\":\"frontdoor\",\"tags\":{},\"sku\":{\"name\":\"Standard_AzureFrontDoor\"},\"properties\":{\"originResponseTimeoutSeconds\":30,\"frontDoorId\":\"6d5c214a-2c4e-4bd3-8d5d-988355bd6c7c\",\"extendedProperties\":{},\"resourceState\":\"Active\",\"provisioningState\":\"Succeeded\"}}",
      "isContentBase64": false
    }
  },
  "Get-AzFrontDoorCdnOrigin+[NoContext]+List+$PUT+https://management.azure.com/subscriptions/27cafca8-b9a4-4264-b399-45d0c9cca1ab/resourceGroups/testps-rg-4va320/providers/Microsoft.Cdn/profiles/fdp-kyepa9/originGroups/org5c26z9?api-version=2022-11-01-preview+4": {
    "Request": {
      "Method": "PUT",
      "RequestUri": "https://management.azure.com/subscriptions/27cafca8-b9a4-4264-b399-45d0c9cca1ab/resourceGroups/testps-rg-4va320/providers/Microsoft.Cdn/profiles/fdp-kyepa9/originGroups/org5c26z9?api-version=2022-11-01-preview",
      "Content": "{\r\n  \"properties\": {\r\n    \"loadBalancingSettings\": {\r\n      \"sampleSize\": 5,\r\n      \"successfulSamplesRequired\": 4,\r\n      \"additionalLatencyInMilliseconds\": 200\r\n    },\r\n    \"healthProbeSettings\": {\r\n      \"probePath\": \"/\",\r\n      \"probeRequestType\": \"GET\",\r\n      \"probeProtocol\": \"Https\",\r\n      \"probeIntervalInSeconds\": 1\r\n    }\r\n  }\r\n}",
      "isContentBase64": false,
      "Headers": {
      },
      "ContentHeaders": {
        "Content-Type": [ "application/json" ],
        "Content-Length": [ "341" ]
      }
    },
    "Response": {
      "StatusCode": 201,
      "Headers": {
        "Cache-Control": [ "no-cache" ],
        "Pragma": [ "no-cache" ],
        "Strict-Transport-Security": [ "max-age=31536000; includeSubDomains" ],
        "x-ms-request-id": [ "95b41b84-b171-447a-aee2-d9316e27b99d" ],
        "x-ms-client-request-id": [ "6cca29d5-2314-4322-be39-49b4880dc7fc" ],
        "Server": [ "Kestrel" ],
        "x-ms-ratelimit-remaining-subscription-resource-requests": [ "99" ],
        "x-ms-correlation-request-id": [ "10fcab91-47a2-4ab4-be2d-df7e08cf147c" ],
        "x-ms-routing-request-id": [ "SOUTHEASTASIA:20230325T004937Z:10fcab91-47a2-4ab4-be2d-df7e08cf147c" ],
        "X-Content-Type-Options": [ "nosniff" ],
        "Date": [ "Sat, 25 Mar 2023 00:49:37 GMT" ]
      },
      "ContentHeaders": {
        "Content-Length": [ "622" ],
        "Content-Type": [ "application/json; charset=utf-8" ],
        "Expires": [ "-1" ]
      },
      "Content": "{\"id\":\"/subscriptions/27cafca8-b9a4-4264-b399-45d0c9cca1ab/resourcegroups/testps-rg-4va320/providers/Microsoft.Cdn/profiles/fdp-kyepa9/origingroups/org5c26z9\",\"type\":\"Microsoft.Cdn/profiles/origingroups\",\"name\":\"org5c26z9\",\"properties\":{\"loadBalancingSettings\":{\"sampleSize\":5,\"successfulSamplesRequired\":4,\"additionalLatencyInMilliseconds\":200},\"healthProbeSettings\":{\"probePath\":\"/\",\"probeRequestType\":\"GET\",\"probeProtocol\":\"Https\",\"probeIntervalInSeconds\":1},\"trafficRestorationTimeToHealedOrNewEndpointsInMinutes\":null,\"sessionAffinityState\":\"Disabled\",\"provisioningState\":\"Succeeded\",\"deploymentStatus\":\"NotStarted\"}}",
      "isContentBase64": false
    }
  },
  "Get-AzFrontDoorCdnOrigin+[NoContext]+List+$GET+https://management.azure.com/subscriptions/27cafca8-b9a4-4264-b399-45d0c9cca1ab/resourceGroups/testps-rg-4va320/providers/Microsoft.Cdn/profiles/fdp-kyepa9/originGroups/org5c26z9?api-version=2022-11-01-preview+5": {
    "Request": {
      "Method": "GET",
      "RequestUri": "https://management.azure.com/subscriptions/27cafca8-b9a4-4264-b399-45d0c9cca1ab/resourceGroups/testps-rg-4va320/providers/Microsoft.Cdn/profiles/fdp-kyepa9/originGroups/org5c26z9?api-version=2022-11-01-preview",
      "Content": null,
      "isContentBase64": false,
      "Headers": {
        "Authorization": [ "[Filtered]" ],
        "x-ms-unique-id": [ "386" ],
        "x-ms-client-request-id": [ "6cca29d5-2314-4322-be39-49b4880dc7fc" ],
        "CommandName": [ "New-AzFrontDoorCdnOriginGroup" ],
        "FullCommandName": [ "New-AzFrontDoorCdnOriginGroup_CreateExpanded" ],
        "ParameterSetName": [ "__AllParameterSets" ],
        "User-Agent": [ "AzurePowershell/v0.0.0", "PSVersion/v7.2.9", "Az.Cdn/0.1.0" ]
      },
      "ContentHeaders": {
      }
    },
    "Response": {
      "StatusCode": 200,
      "Headers": {
        "Cache-Control": [ "no-cache" ],
        "Pragma": [ "no-cache" ],
        "x-ms-ratelimit-remaining-subscription-reads": [ "11985" ],
        "Strict-Transport-Security": [ "max-age=31536000; includeSubDomains" ],
        "x-ms-request-id": [ "64ba039e-51fa-4908-91ce-f328b838a8f5" ],
        "x-ms-client-request-id": [ "6cca29d5-2314-4322-be39-49b4880dc7fc" ],
        "Server": [ "Kestrel" ],
        "x-ms-correlation-request-id": [ "2902f363-e52c-46eb-aa3c-c8b0f4b2d567" ],
        "x-ms-routing-request-id": [ "SOUTHEASTASIA:20230325T005008Z:2902f363-e52c-46eb-aa3c-c8b0f4b2d567" ],
        "X-Content-Type-Options": [ "nosniff" ],
        "Date": [ "Sat, 25 Mar 2023 00:50:07 GMT" ]
      },
      "ContentHeaders": {
        "Content-Length": [ "622" ],
        "Content-Type": [ "application/json; charset=utf-8" ],
        "Expires": [ "-1" ]
      },
      "Content": "{\"id\":\"/subscriptions/27cafca8-b9a4-4264-b399-45d0c9cca1ab/resourcegroups/testps-rg-4va320/providers/Microsoft.Cdn/profiles/fdp-kyepa9/origingroups/org5c26z9\",\"type\":\"Microsoft.Cdn/profiles/origingroups\",\"name\":\"org5c26z9\",\"properties\":{\"loadBalancingSettings\":{\"sampleSize\":5,\"successfulSamplesRequired\":4,\"additionalLatencyInMilliseconds\":200},\"healthProbeSettings\":{\"probePath\":\"/\",\"probeRequestType\":\"GET\",\"probeProtocol\":\"Https\",\"probeIntervalInSeconds\":1},\"trafficRestorationTimeToHealedOrNewEndpointsInMinutes\":null,\"sessionAffinityState\":\"Disabled\",\"provisioningState\":\"Succeeded\",\"deploymentStatus\":\"NotStarted\"}}",
      "isContentBase64": false
    }
  },
  "Get-AzFrontDoorCdnOrigin+[NoContext]+List+$GET+https://management.azure.com/subscriptions/27cafca8-b9a4-4264-b399-45d0c9cca1ab/resourceGroups/testps-rg-4va320/providers/Microsoft.Cdn/profiles/fdp-kyepa9/originGroups/org5c26z9?api-version=2022-11-01-preview+6": {
    "Request": {
      "Method": "GET",
      "RequestUri": "https://management.azure.com/subscriptions/27cafca8-b9a4-4264-b399-45d0c9cca1ab/resourceGroups/testps-rg-4va320/providers/Microsoft.Cdn/profiles/fdp-kyepa9/originGroups/org5c26z9?api-version=2022-11-01-preview",
      "Content": null,
      "isContentBase64": false,
      "Headers": {
        "Authorization": [ "[Filtered]" ],
        "x-ms-unique-id": [ "387" ],
        "x-ms-client-request-id": [ "6cca29d5-2314-4322-be39-49b4880dc7fc" ],
        "CommandName": [ "New-AzFrontDoorCdnOriginGroup" ],
        "FullCommandName": [ "New-AzFrontDoorCdnOriginGroup_CreateExpanded" ],
        "ParameterSetName": [ "__AllParameterSets" ],
        "User-Agent": [ "AzurePowershell/v0.0.0", "PSVersion/v7.2.9", "Az.Cdn/0.1.0" ]
      },
      "ContentHeaders": {
      }
    },
    "Response": {
      "StatusCode": 200,
      "Headers": {
        "Cache-Control": [ "no-cache" ],
        "Pragma": [ "no-cache" ],
        "Strict-Transport-Security": [ "max-age=31536000; includeSubDomains" ],
        "x-ms-request-id": [ "225adf65-9e11-4a71-8177-eef450d179c0" ],
        "x-ms-client-request-id": [ "6cca29d5-2314-4322-be39-49b4880dc7fc" ],
        "Server": [ "Kestrel" ],
        "x-ms-ratelimit-remaining-subscription-reads": [ "11984" ],
        "x-ms-correlation-request-id": [ "ecdebe55-c121-4518-b3a4-4b42acff6894" ],
        "x-ms-routing-request-id": [ "SOUTHEASTASIA:20230325T005009Z:ecdebe55-c121-4518-b3a4-4b42acff6894" ],
        "X-Content-Type-Options": [ "nosniff" ],
        "Date": [ "Sat, 25 Mar 2023 00:50:08 GMT" ]
      },
      "ContentHeaders": {
        "Content-Length": [ "622" ],
        "Content-Type": [ "application/json; charset=utf-8" ],
        "Expires": [ "-1" ]
      },
      "Content": "{\"id\":\"/subscriptions/27cafca8-b9a4-4264-b399-45d0c9cca1ab/resourcegroups/testps-rg-4va320/providers/Microsoft.Cdn/profiles/fdp-kyepa9/origingroups/org5c26z9\",\"type\":\"Microsoft.Cdn/profiles/origingroups\",\"name\":\"org5c26z9\",\"properties\":{\"loadBalancingSettings\":{\"sampleSize\":5,\"successfulSamplesRequired\":4,\"additionalLatencyInMilliseconds\":200},\"healthProbeSettings\":{\"probePath\":\"/\",\"probeRequestType\":\"GET\",\"probeProtocol\":\"Https\",\"probeIntervalInSeconds\":1},\"trafficRestorationTimeToHealedOrNewEndpointsInMinutes\":null,\"sessionAffinityState\":\"Disabled\",\"provisioningState\":\"Succeeded\",\"deploymentStatus\":\"NotStarted\"}}",
      "isContentBase64": false
    }
  },
  "Get-AzFrontDoorCdnOrigin+[NoContext]+List+$GET+https://management.azure.com/subscriptions/27cafca8-b9a4-4264-b399-45d0c9cca1ab/resourceGroups/testps-rg-4va320/providers/Microsoft.Cdn/profiles/fdp-kyepa9/originGroups/org5c26z9?api-version=2022-11-01-preview+7": {
    "Request": {
      "Method": "GET",
      "RequestUri": "https://management.azure.com/subscriptions/27cafca8-b9a4-4264-b399-45d0c9cca1ab/resourceGroups/testps-rg-4va320/providers/Microsoft.Cdn/profiles/fdp-kyepa9/originGroups/org5c26z9?api-version=2022-11-01-preview",
      "Content": null,
      "isContentBase64": false,
      "Headers": {
        "x-ms-unique-id": [ "388" ],
        "x-ms-client-request-id": [ "81293bb1-98e3-4e6d-828e-074dcf539e4b" ],
        "CommandName": [ "Get-AzFrontDoorCdnOriginGroup" ],
        "FullCommandName": [ "Get-AzFrontDoorCdnOriginGroup_Get" ],
        "ParameterSetName": [ "__AllParameterSets" ],
        "User-Agent": [ "AzurePowershell/v0.0.0", "PSVersion/v7.2.9", "Az.Cdn/0.1.0" ],
        "Authorization": [ "[Filtered]" ]
      },
      "ContentHeaders": {
      }
    },
    "Response": {
      "StatusCode": 200,
      "Headers": {
        "Cache-Control": [ "no-cache" ],
        "Pragma": [ "no-cache" ],
        "Strict-Transport-Security": [ "max-age=31536000; includeSubDomains" ],
        "x-ms-request-id": [ "d91eded5-3ae9-4396-830b-79c5a5d87038" ],
        "x-ms-client-request-id": [ "81293bb1-98e3-4e6d-828e-074dcf539e4b" ],
        "Server": [ "Kestrel" ],
        "x-ms-ratelimit-remaining-subscription-reads": [ "11983" ],
        "x-ms-correlation-request-id": [ "d8722c37-3aef-4815-8111-4f44d45dcb3b" ],
        "x-ms-routing-request-id": [ "SOUTHEASTASIA:20230325T005009Z:d8722c37-3aef-4815-8111-4f44d45dcb3b" ],
        "X-Content-Type-Options": [ "nosniff" ],
        "Date": [ "Sat, 25 Mar 2023 00:50:09 GMT" ]
      },
      "ContentHeaders": {
        "Content-Length": [ "622" ],
        "Content-Type": [ "application/json; charset=utf-8" ],
        "Expires": [ "-1" ]
      },
      "Content": "{\"id\":\"/subscriptions/27cafca8-b9a4-4264-b399-45d0c9cca1ab/resourcegroups/testps-rg-4va320/providers/Microsoft.Cdn/profiles/fdp-kyepa9/origingroups/org5c26z9\",\"type\":\"Microsoft.Cdn/profiles/origingroups\",\"name\":\"org5c26z9\",\"properties\":{\"loadBalancingSettings\":{\"sampleSize\":5,\"successfulSamplesRequired\":4,\"additionalLatencyInMilliseconds\":200},\"healthProbeSettings\":{\"probePath\":\"/\",\"probeRequestType\":\"GET\",\"probeProtocol\":\"Https\",\"probeIntervalInSeconds\":1},\"trafficRestorationTimeToHealedOrNewEndpointsInMinutes\":null,\"sessionAffinityState\":\"Disabled\",\"provisioningState\":\"Succeeded\",\"deploymentStatus\":\"NotStarted\"}}",
      "isContentBase64": false
    }
  },
  "Get-AzFrontDoorCdnOrigin+[NoContext]+List+$PUT+https://management.azure.com/subscriptions/27cafca8-b9a4-4264-b399-45d0c9cca1ab/resourceGroups/testps-rg-4va320/providers/Microsoft.Cdn/profiles/fdp-kyepa9/originGroups/org5c26z9/origins/oringxo15?api-version=2022-11-01-preview+8": {
    "Request": {
      "Method": "PUT",
      "RequestUri": "https://management.azure.com/subscriptions/27cafca8-b9a4-4264-b399-45d0c9cca1ab/resourceGroups/testps-rg-4va320/providers/Microsoft.Cdn/profiles/fdp-kyepa9/originGroups/org5c26z9/origins/oringxo15?api-version=2022-11-01-preview",
      "Content": "{\r\n  \"properties\": {\r\n    \"hostName\": \"en.wikipedia.org\",\r\n    \"httpPort\": 80,\r\n    \"httpsPort\": 443,\r\n    \"originHostHeader\": \"en.wikipedia.org\",\r\n    \"priority\": 1,\r\n    \"weight\": 1000\r\n  }\r\n}",
      "isContentBase64": false,
      "Headers": {
      },
      "ContentHeaders": {
        "Content-Type": [ "application/json" ],
        "Content-Length": [ "194" ]
      }
    },
    "Response": {
      "StatusCode": 201,
      "Headers": {
        "Cache-Control": [ "no-cache" ],
        "Pragma": [ "no-cache" ],
        "Retry-After": [ "10" ],
        "Strict-Transport-Security": [ "max-age=31536000; includeSubDomains" ],
        "x-ms-request-id": [ "fa575b22-d267-4bae-8d18-dade3dd8038b" ],
        "x-ms-client-request-id": [ "88c43d1b-d80e-47b7-8c68-adc4d18617d3" ],
        "Azure-AsyncOperation": [ "https://management.azure.com/subscriptions/27cafca8-b9a4-4264-b399-45d0c9cca1ab/resourcegroups/testps-rg-4va320/providers/Microsoft.Cdn/operationresults/22cf787b-b3f5-438e-be7f-f8427fe6f1c4?api-version=2022-11-01-preview" ],
        "Server": [ "Kestrel" ],
        "x-ms-ratelimit-remaining-subscription-resource-requests": [ "99" ],
        "x-ms-correlation-request-id": [ "7b7bf3ba-a3c1-4cb2-88f4-656bbf454f87" ],
        "x-ms-routing-request-id": [ "SOUTHEASTASIA:20230325T005011Z:7b7bf3ba-a3c1-4cb2-88f4-656bbf454f87" ],
        "X-Content-Type-Options": [ "nosniff" ],
        "Date": [ "Sat, 25 Mar 2023 00:50:11 GMT" ]
      },
      "ContentHeaders": {
        "Content-Length": [ "575" ],
        "Content-Type": [ "application/json; charset=utf-8" ],
        "Expires": [ "-1" ]
      },
      "Content": "{\"id\":\"/subscriptions/27cafca8-b9a4-4264-b399-45d0c9cca1ab/resourcegroups/testps-rg-4va320/providers/Microsoft.Cdn/profiles/fdp-kyepa9/origingroups/org5c26z9/origins/oringxo15\",\"type\":\"Microsoft.Cdn/profiles/origingroups/origins\",\"name\":\"oringxo15\",\"properties\":{\"originGroupName\":\"org5c26z9\",\"hostName\":\"en.wikipedia.org\",\"httpPort\":80,\"httpsPort\":443,\"originHostHeader\":\"en.wikipedia.org\",\"priority\":1,\"weight\":1000,\"enabledState\":\"Enabled\",\"sharedPrivateLinkResource\":null,\"enforceCertificateNameCheck\":true,\"provisioningState\":\"Creating\",\"deploymentStatus\":\"NotStarted\"}}",
      "isContentBase64": false
    }
  },
  "Get-AzFrontDoorCdnOrigin+[NoContext]+List+$GET+https://management.azure.com/subscriptions/27cafca8-b9a4-4264-b399-45d0c9cca1ab/resourcegroups/testps-rg-4va320/providers/Microsoft.Cdn/operationresults/22cf787b-b3f5-438e-be7f-f8427fe6f1c4?api-version=2022-11-01-preview+9": {
    "Request": {
      "Method": "GET",
      "RequestUri": "https://management.azure.com/subscriptions/27cafca8-b9a4-4264-b399-45d0c9cca1ab/resourcegroups/testps-rg-4va320/providers/Microsoft.Cdn/operationresults/22cf787b-b3f5-438e-be7f-f8427fe6f1c4?api-version=2022-11-01-preview",
      "Content": null,
      "isContentBase64": false,
      "Headers": {
        "Authorization": [ "[Filtered]" ],
        "x-ms-unique-id": [ "390" ],
        "x-ms-client-request-id": [ "88c43d1b-d80e-47b7-8c68-adc4d18617d3" ],
        "CommandName": [ "New-AzFrontDoorCdnOrigin" ],
        "FullCommandName": [ "New-AzFrontDoorCdnOrigin_CreateExpanded" ],
        "ParameterSetName": [ "__AllParameterSets" ],
        "User-Agent": [ "AzurePowershell/v0.0.0", "PSVersion/v7.2.9", "Az.Cdn/0.1.0" ]
      },
      "ContentHeaders": {
      }
    },
    "Response": {
      "StatusCode": 200,
      "Headers": {
        "Cache-Control": [ "no-cache" ],
        "Pragma": [ "no-cache" ],
        "Strict-Transport-Security": [ "max-age=31536000; includeSubDomains" ],
        "x-ms-request-id": [ "af465424-34c6-4336-be34-0495eec75d60" ],
        "x-ms-client-request-id": [ "88c43d1b-d80e-47b7-8c68-adc4d18617d3" ],
        "Server": [ "Kestrel" ],
        "x-ms-ratelimit-remaining-subscription-reads": [ "11982" ],
        "x-ms-correlation-request-id": [ "e2279033-4d14-469b-a089-dbffca598936" ],
        "x-ms-routing-request-id": [ "SOUTHEASTASIA:20230325T005022Z:e2279033-4d14-469b-a089-dbffca598936" ],
        "X-Content-Type-Options": [ "nosniff" ],
        "Date": [ "Sat, 25 Mar 2023 00:50:21 GMT" ]
      },
      "ContentHeaders": {
        "Content-Length": [ "61" ],
        "Content-Type": [ "application/json; charset=utf-8" ],
        "Expires": [ "-1" ]
      },
      "Content": "{\"status\":\"Succeeded\",\"error\":{\"code\":\"None\",\"message\":null}}",
      "isContentBase64": false
    }
  },
  "Get-AzFrontDoorCdnOrigin+[NoContext]+List+$GET+https://management.azure.com/subscriptions/27cafca8-b9a4-4264-b399-45d0c9cca1ab/resourceGroups/testps-rg-4va320/providers/Microsoft.Cdn/profiles/fdp-kyepa9/originGroups/org5c26z9/origins/oringxo15?api-version=2022-11-01-preview+10": {
    "Request": {
      "Method": "GET",
      "RequestUri": "https://management.azure.com/subscriptions/27cafca8-b9a4-4264-b399-45d0c9cca1ab/resourceGroups/testps-rg-4va320/providers/Microsoft.Cdn/profiles/fdp-kyepa9/originGroups/org5c26z9/origins/oringxo15?api-version=2022-11-01-preview",
      "Content": null,
      "isContentBase64": false,
      "Headers": {
        "Authorization": [ "[Filtered]" ],
        "x-ms-unique-id": [ "391" ],
        "x-ms-client-request-id": [ "88c43d1b-d80e-47b7-8c68-adc4d18617d3" ],
        "CommandName": [ "New-AzFrontDoorCdnOrigin" ],
        "FullCommandName": [ "New-AzFrontDoorCdnOrigin_CreateExpanded" ],
        "ParameterSetName": [ "__AllParameterSets" ],
        "User-Agent": [ "AzurePowershell/v0.0.0", "PSVersion/v7.2.9", "Az.Cdn/0.1.0" ]
      },
      "ContentHeaders": {
      }
    },
    "Response": {
      "StatusCode": 200,
      "Headers": {
        "Cache-Control": [ "no-cache" ],
        "Pragma": [ "no-cache" ],
        "Strict-Transport-Security": [ "max-age=31536000; includeSubDomains" ],
        "x-ms-request-id": [ "fe3bf404-602b-467f-9ada-3019862e0fdc" ],
        "x-ms-client-request-id": [ "88c43d1b-d80e-47b7-8c68-adc4d18617d3" ],
        "Server": [ "Kestrel" ],
        "x-ms-ratelimit-remaining-subscription-reads": [ "11981" ],
        "x-ms-correlation-request-id": [ "e9643d0f-a419-4340-9ff6-f94c49b59e05" ],
        "x-ms-routing-request-id": [ "SOUTHEASTASIA:20230325T005022Z:e9643d0f-a419-4340-9ff6-f94c49b59e05" ],
        "X-Content-Type-Options": [ "nosniff" ],
        "Date": [ "Sat, 25 Mar 2023 00:50:21 GMT" ]
      },
      "ContentHeaders": {
        "Content-Length": [ "576" ],
        "Content-Type": [ "application/json; charset=utf-8" ],
        "Expires": [ "-1" ]
      },
      "Content": "{\"id\":\"/subscriptions/27cafca8-b9a4-4264-b399-45d0c9cca1ab/resourcegroups/testps-rg-4va320/providers/Microsoft.Cdn/profiles/fdp-kyepa9/origingroups/org5c26z9/origins/oringxo15\",\"type\":\"Microsoft.Cdn/profiles/origingroups/origins\",\"name\":\"oringxo15\",\"properties\":{\"originGroupName\":\"org5c26z9\",\"hostName\":\"en.wikipedia.org\",\"httpPort\":80,\"httpsPort\":443,\"originHostHeader\":\"en.wikipedia.org\",\"priority\":1,\"weight\":1000,\"enabledState\":\"Enabled\",\"sharedPrivateLinkResource\":null,\"enforceCertificateNameCheck\":true,\"provisioningState\":\"Succeeded\",\"deploymentStatus\":\"NotStarted\"}}",
      "isContentBase64": false
    }
  },
  "Get-AzFrontDoorCdnOrigin+[NoContext]+List+$GET+https://management.azure.com/subscriptions/27cafca8-b9a4-4264-b399-45d0c9cca1ab/resourceGroups/testps-rg-4va320/providers/Microsoft.Cdn/profiles/fdp-kyepa9/originGroups/org5c26z9/origins?api-version=2022-11-01-preview+11": {
    "Request": {
      "Method": "GET",
      "RequestUri": "https://management.azure.com/subscriptions/27cafca8-b9a4-4264-b399-45d0c9cca1ab/resourceGroups/testps-rg-4va320/providers/Microsoft.Cdn/profiles/fdp-kyepa9/originGroups/org5c26z9/origins?api-version=2022-11-01-preview",
      "Content": null,
      "isContentBase64": false,
      "Headers": {
        "x-ms-unique-id": [ "392" ],
        "x-ms-client-request-id": [ "deb90003-69c1-447b-868d-ff49ce4f0ddc" ],
        "CommandName": [ "Get-AzFrontDoorCdnOrigin" ],
        "FullCommandName": [ "Get-AzFrontDoorCdnOrigin_List" ],
        "ParameterSetName": [ "__AllParameterSets" ],
        "User-Agent": [ "AzurePowershell/v0.0.0", "PSVersion/v7.2.9", "Az.Cdn/0.1.0" ],
        "Authorization": [ "[Filtered]" ]
      },
      "ContentHeaders": {
      }
    },
    "Response": {
      "StatusCode": 200,
      "Headers": {
        "Cache-Control": [ "no-cache" ],
        "Pragma": [ "no-cache" ],
        "Strict-Transport-Security": [ "max-age=31536000; includeSubDomains" ],
        "x-ms-request-id": [ "e157f2e5-c66a-4c87-aacd-bcfbabdd5339" ],
        "x-ms-client-request-id": [ "deb90003-69c1-447b-868d-ff49ce4f0ddc" ],
        "Server": [ "Kestrel" ],
        "x-ms-ratelimit-remaining-subscription-reads": [ "11980" ],
        "x-ms-correlation-request-id": [ "9139d66f-4235-4955-b0e7-d3ca01eaded2" ],
        "x-ms-routing-request-id": [ "SOUTHEASTASIA:20230325T005023Z:9139d66f-4235-4955-b0e7-d3ca01eaded2" ],
        "X-Content-Type-Options": [ "nosniff" ],
        "Date": [ "Sat, 25 Mar 2023 00:50:22 GMT" ]
      },
      "ContentHeaders": {
        "Content-Length": [ "588" ],
        "Content-Type": [ "application/json; charset=utf-8" ],
        "Expires": [ "-1" ]
      },
      "Content": "{\"value\":[{\"id\":\"/subscriptions/27cafca8-b9a4-4264-b399-45d0c9cca1ab/resourcegroups/testps-rg-4va320/providers/Microsoft.Cdn/profiles/fdp-kyepa9/origingroups/org5c26z9/origins/oringxo15\",\"type\":\"Microsoft.Cdn/profiles/origingroups/origins\",\"name\":\"oringxo15\",\"properties\":{\"originGroupName\":\"org5c26z9\",\"hostName\":\"en.wikipedia.org\",\"httpPort\":80,\"httpsPort\":443,\"originHostHeader\":\"en.wikipedia.org\",\"priority\":1,\"weight\":1000,\"enabledState\":\"Enabled\",\"sharedPrivateLinkResource\":null,\"enforceCertificateNameCheck\":true,\"provisioningState\":\"Succeeded\",\"deploymentStatus\":\"NotStarted\"}}]}",
      "isContentBase64": false
    }
  },
  "Get-AzFrontDoorCdnOrigin+[NoContext]+Get+$PUT+https://management.azure.com/subscriptions/27cafca8-b9a4-4264-b399-45d0c9cca1ab/resourceGroups/testps-rg-z036qj/providers/Microsoft.Cdn/profiles/fdp-rpxw3s?api-version=2022-11-01-preview+1": {
    "Request": {
      "Method": "PUT",
      "RequestUri": "https://management.azure.com/subscriptions/27cafca8-b9a4-4264-b399-45d0c9cca1ab/resourceGroups/testps-rg-z036qj/providers/Microsoft.Cdn/profiles/fdp-rpxw3s?api-version=2022-11-01-preview",
      "Content": "{\r\n  \"location\": \"Global\",\r\n  \"sku\": {\r\n    \"name\": \"Standard_AzureFrontDoor\"\r\n  }\r\n}",
      "isContentBase64": false,
      "Headers": {
      },
      "ContentHeaders": {
        "Content-Type": [ "application/json" ],
        "Content-Length": [ "85" ]
      }
    },
    "Response": {
      "StatusCode": 201,
      "Headers": {
        "Cache-Control": [ "no-cache" ],
        "Pragma": [ "no-cache" ],
        "Retry-After": [ "10" ],
        "Strict-Transport-Security": [ "max-age=31536000; includeSubDomains" ],
        "x-ms-request-id": [ "5d1c6e10-45cb-4bfc-bf90-d6f29e569638" ],
        "x-ms-client-request-id": [ "802e133b-bee7-4355-85b9-f421bdfde005" ],
        "Azure-AsyncOperation": [ "https://management.azure.com/subscriptions/27cafca8-b9a4-4264-b399-45d0c9cca1ab/resourcegroups/testps-rg-z036qj/providers/Microsoft.Cdn/operationresults/55ed22e4-00ce-478b-b059-91aa18d48399?api-version=2022-11-01-preview" ],
        "Server": [ "Kestrel" ],
        "x-ms-ratelimit-remaining-subscription-resource-requests": [ "14" ],
        "x-ms-correlation-request-id": [ "a7211b5d-c993-4043-b7ab-273f48ad6064" ],
        "x-ms-routing-request-id": [ "SOUTHEASTASIA:20230325T005030Z:a7211b5d-c993-4043-b7ab-273f48ad6064" ],
        "X-Content-Type-Options": [ "nosniff" ],
        "Date": [ "Sat, 25 Mar 2023 00:50:29 GMT" ]
      },
      "ContentHeaders": {
        "Content-Length": [ "462" ],
        "Content-Type": [ "application/json; charset=utf-8" ],
        "Expires": [ "-1" ]
      },
      "Content": "{\"id\":\"/subscriptions/27cafca8-b9a4-4264-b399-45d0c9cca1ab/resourcegroups/testps-rg-z036qj/providers/Microsoft.Cdn/profiles/fdp-rpxw3s\",\"type\":\"Microsoft.Cdn/profiles\",\"name\":\"fdp-rpxw3s\",\"location\":\"Global\",\"kind\":\"frontdoor\",\"tags\":{},\"sku\":{\"name\":\"Standard_AzureFrontDoor\"},\"properties\":{\"originResponseTimeoutSeconds\":30,\"frontDoorId\":\"70514085-10ca-4eee-a815-524c15f879f8\",\"extendedProperties\":{},\"resourceState\":\"Creating\",\"provisioningState\":\"Creating\"}}",
      "isContentBase64": false
    }
  },
  "Get-AzFrontDoorCdnOrigin+[NoContext]+Get+$GET+https://management.azure.com/subscriptions/27cafca8-b9a4-4264-b399-45d0c9cca1ab/resourcegroups/testps-rg-z036qj/providers/Microsoft.Cdn/operationresults/55ed22e4-00ce-478b-b059-91aa18d48399?api-version=2022-11-01-preview+2": {
    "Request": {
      "Method": "GET",
      "RequestUri": "https://management.azure.com/subscriptions/27cafca8-b9a4-4264-b399-45d0c9cca1ab/resourcegroups/testps-rg-z036qj/providers/Microsoft.Cdn/operationresults/55ed22e4-00ce-478b-b059-91aa18d48399?api-version=2022-11-01-preview",
      "Content": null,
      "isContentBase64": false,
      "Headers": {
        "Authorization": [ "[Filtered]" ],
        "x-ms-unique-id": [ "396" ],
        "x-ms-client-request-id": [ "802e133b-bee7-4355-85b9-f421bdfde005" ],
        "CommandName": [ "Az.Cdn.internal\\New-AzCdnProfile" ],
        "FullCommandName": [ "New-AzCdnProfile_CreateExpanded" ],
        "ParameterSetName": [ "__AllParameterSets" ],
        "User-Agent": [ "AzurePowershell/v0.0.0", "PSVersion/v7.2.9", "Az.Cdn/0.1.0" ]
      },
      "ContentHeaders": {
      }
    },
    "Response": {
      "StatusCode": 200,
      "Headers": {
        "Cache-Control": [ "no-cache" ],
        "Pragma": [ "no-cache" ],
        "Strict-Transport-Security": [ "max-age=31536000; includeSubDomains" ],
        "x-ms-request-id": [ "7572a1cb-9b40-4cae-9718-1efd6649ab5f" ],
        "x-ms-client-request-id": [ "802e133b-bee7-4355-85b9-f421bdfde005" ],
        "Server": [ "Kestrel" ],
        "x-ms-ratelimit-remaining-subscription-reads": [ "11979" ],
        "x-ms-correlation-request-id": [ "dc2f2188-cb43-472d-8ef9-4d7633f2ba80" ],
        "x-ms-routing-request-id": [ "SOUTHEASTASIA:20230325T005040Z:dc2f2188-cb43-472d-8ef9-4d7633f2ba80" ],
        "X-Content-Type-Options": [ "nosniff" ],
        "Date": [ "Sat, 25 Mar 2023 00:50:40 GMT" ]
      },
      "ContentHeaders": {
        "Content-Length": [ "61" ],
        "Content-Type": [ "application/json; charset=utf-8" ],
        "Expires": [ "-1" ]
      },
      "Content": "{\"status\":\"Succeeded\",\"error\":{\"code\":\"None\",\"message\":null}}",
      "isContentBase64": false
    }
  },
  "Get-AzFrontDoorCdnOrigin+[NoContext]+Get+$GET+https://management.azure.com/subscriptions/27cafca8-b9a4-4264-b399-45d0c9cca1ab/resourceGroups/testps-rg-z036qj/providers/Microsoft.Cdn/profiles/fdp-rpxw3s?api-version=2022-11-01-preview+3": {
    "Request": {
      "Method": "GET",
      "RequestUri": "https://management.azure.com/subscriptions/27cafca8-b9a4-4264-b399-45d0c9cca1ab/resourceGroups/testps-rg-z036qj/providers/Microsoft.Cdn/profiles/fdp-rpxw3s?api-version=2022-11-01-preview",
      "Content": null,
      "isContentBase64": false,
      "Headers": {
        "Authorization": [ "[Filtered]" ],
        "x-ms-unique-id": [ "397" ],
        "x-ms-client-request-id": [ "802e133b-bee7-4355-85b9-f421bdfde005" ],
        "CommandName": [ "Az.Cdn.internal\\New-AzCdnProfile" ],
        "FullCommandName": [ "New-AzCdnProfile_CreateExpanded" ],
        "ParameterSetName": [ "__AllParameterSets" ],
        "User-Agent": [ "AzurePowershell/v0.0.0", "PSVersion/v7.2.9", "Az.Cdn/0.1.0" ]
      },
      "ContentHeaders": {
      }
    },
    "Response": {
      "StatusCode": 200,
      "Headers": {
        "Cache-Control": [ "no-cache" ],
        "Pragma": [ "no-cache" ],
        "Strict-Transport-Security": [ "max-age=31536000; includeSubDomains" ],
        "x-ms-request-id": [ "14212239-6504-416b-af1c-6f735d4fc96d" ],
        "x-ms-client-request-id": [ "802e133b-bee7-4355-85b9-f421bdfde005" ],
        "Server": [ "Kestrel" ],
        "x-ms-ratelimit-remaining-subscription-resource-requests": [ "37" ],
        "x-ms-correlation-request-id": [ "3e6a5771-557a-4210-a38b-9669845ee2cf" ],
        "x-ms-routing-request-id": [ "SOUTHEASTASIA:20230325T005041Z:3e6a5771-557a-4210-a38b-9669845ee2cf" ],
        "X-Content-Type-Options": [ "nosniff" ],
        "Date": [ "Sat, 25 Mar 2023 00:50:40 GMT" ]
      },
      "ContentHeaders": {
        "Content-Length": [ "461" ],
        "Content-Type": [ "application/json; charset=utf-8" ],
        "Expires": [ "-1" ]
      },
      "Content": "{\"id\":\"/subscriptions/27cafca8-b9a4-4264-b399-45d0c9cca1ab/resourcegroups/testps-rg-z036qj/providers/Microsoft.Cdn/profiles/fdp-rpxw3s\",\"type\":\"Microsoft.Cdn/profiles\",\"name\":\"fdp-rpxw3s\",\"location\":\"Global\",\"kind\":\"frontdoor\",\"tags\":{},\"sku\":{\"name\":\"Standard_AzureFrontDoor\"},\"properties\":{\"originResponseTimeoutSeconds\":30,\"frontDoorId\":\"70514085-10ca-4eee-a815-524c15f879f8\",\"extendedProperties\":{},\"resourceState\":\"Active\",\"provisioningState\":\"Succeeded\"}}",
      "isContentBase64": false
    }
  },
  "Get-AzFrontDoorCdnOrigin+[NoContext]+Get+$PUT+https://management.azure.com/subscriptions/27cafca8-b9a4-4264-b399-45d0c9cca1ab/resourceGroups/testps-rg-z036qj/providers/Microsoft.Cdn/profiles/fdp-rpxw3s/originGroups/orghxiwcf?api-version=2022-11-01-preview+4": {
    "Request": {
      "Method": "PUT",
      "RequestUri": "https://management.azure.com/subscriptions/27cafca8-b9a4-4264-b399-45d0c9cca1ab/resourceGroups/testps-rg-z036qj/providers/Microsoft.Cdn/profiles/fdp-rpxw3s/originGroups/orghxiwcf?api-version=2022-11-01-preview",
      "Content": "{\r\n  \"properties\": {\r\n    \"loadBalancingSettings\": {\r\n      \"sampleSize\": 5,\r\n      \"successfulSamplesRequired\": 4,\r\n      \"additionalLatencyInMilliseconds\": 200\r\n    },\r\n    \"healthProbeSettings\": {\r\n      \"probePath\": \"/\",\r\n      \"probeRequestType\": \"GET\",\r\n      \"probeProtocol\": \"Https\",\r\n      \"probeIntervalInSeconds\": 1\r\n    }\r\n  }\r\n}",
      "isContentBase64": false,
      "Headers": {
      },
      "ContentHeaders": {
        "Content-Type": [ "application/json" ],
        "Content-Length": [ "341" ]
      }
    },
    "Response": {
      "StatusCode": 201,
      "Headers": {
        "Cache-Control": [ "no-cache" ],
        "Pragma": [ "no-cache" ],
        "Strict-Transport-Security": [ "max-age=31536000; includeSubDomains" ],
        "x-ms-request-id": [ "5dcf1d72-39f0-4bf6-b402-c4eed9a17329" ],
        "x-ms-client-request-id": [ "f9efe9f9-b793-4de4-afd7-9657d8fc1ab4" ],
        "Server": [ "Kestrel" ],
        "x-ms-ratelimit-remaining-subscription-resource-requests": [ "98" ],
        "x-ms-correlation-request-id": [ "85ec2db8-769a-46ea-b015-836e80bb059f" ],
        "x-ms-routing-request-id": [ "SOUTHEASTASIA:20230325T005042Z:85ec2db8-769a-46ea-b015-836e80bb059f" ],
        "X-Content-Type-Options": [ "nosniff" ],
        "Date": [ "Sat, 25 Mar 2023 00:50:41 GMT" ]
      },
      "ContentHeaders": {
        "Content-Length": [ "622" ],
        "Content-Type": [ "application/json; charset=utf-8" ],
        "Expires": [ "-1" ]
      },
      "Content": "{\"id\":\"/subscriptions/27cafca8-b9a4-4264-b399-45d0c9cca1ab/resourcegroups/testps-rg-z036qj/providers/Microsoft.Cdn/profiles/fdp-rpxw3s/origingroups/orghxiwcf\",\"type\":\"Microsoft.Cdn/profiles/origingroups\",\"name\":\"orghxiwcf\",\"properties\":{\"loadBalancingSettings\":{\"sampleSize\":5,\"successfulSamplesRequired\":4,\"additionalLatencyInMilliseconds\":200},\"healthProbeSettings\":{\"probePath\":\"/\",\"probeRequestType\":\"GET\",\"probeProtocol\":\"Https\",\"probeIntervalInSeconds\":1},\"trafficRestorationTimeToHealedOrNewEndpointsInMinutes\":null,\"sessionAffinityState\":\"Disabled\",\"provisioningState\":\"Succeeded\",\"deploymentStatus\":\"NotStarted\"}}",
      "isContentBase64": false
    }
  },
  "Get-AzFrontDoorCdnOrigin+[NoContext]+Get+$GET+https://management.azure.com/subscriptions/27cafca8-b9a4-4264-b399-45d0c9cca1ab/resourceGroups/testps-rg-z036qj/providers/Microsoft.Cdn/profiles/fdp-rpxw3s/originGroups/orghxiwcf?api-version=2022-11-01-preview+5": {
    "Request": {
      "Method": "GET",
      "RequestUri": "https://management.azure.com/subscriptions/27cafca8-b9a4-4264-b399-45d0c9cca1ab/resourceGroups/testps-rg-z036qj/providers/Microsoft.Cdn/profiles/fdp-rpxw3s/originGroups/orghxiwcf?api-version=2022-11-01-preview",
      "Content": null,
      "isContentBase64": false,
      "Headers": {
        "Authorization": [ "[Filtered]" ],
        "x-ms-unique-id": [ "399" ],
        "x-ms-client-request-id": [ "f9efe9f9-b793-4de4-afd7-9657d8fc1ab4" ],
        "CommandName": [ "New-AzFrontDoorCdnOriginGroup" ],
        "FullCommandName": [ "New-AzFrontDoorCdnOriginGroup_CreateExpanded" ],
        "ParameterSetName": [ "__AllParameterSets" ],
        "User-Agent": [ "AzurePowershell/v0.0.0", "PSVersion/v7.2.9", "Az.Cdn/0.1.0" ]
      },
      "ContentHeaders": {
      }
    },
    "Response": {
      "StatusCode": 200,
      "Headers": {
        "Cache-Control": [ "no-cache" ],
        "Pragma": [ "no-cache" ],
        "Strict-Transport-Security": [ "max-age=31536000; includeSubDomains" ],
        "x-ms-request-id": [ "3e970b5e-84ff-4eab-9fce-436de4481ea9" ],
        "x-ms-client-request-id": [ "f9efe9f9-b793-4de4-afd7-9657d8fc1ab4" ],
        "Server": [ "Kestrel" ],
        "x-ms-ratelimit-remaining-subscription-reads": [ "11978" ],
        "x-ms-correlation-request-id": [ "20982288-7fa0-4d8c-8112-aebfc896c88c" ],
        "x-ms-routing-request-id": [ "SOUTHEASTASIA:20230325T005113Z:20982288-7fa0-4d8c-8112-aebfc896c88c" ],
        "X-Content-Type-Options": [ "nosniff" ],
        "Date": [ "Sat, 25 Mar 2023 00:51:13 GMT" ]
      },
      "ContentHeaders": {
        "Content-Length": [ "622" ],
        "Content-Type": [ "application/json; charset=utf-8" ],
        "Expires": [ "-1" ]
      },
      "Content": "{\"id\":\"/subscriptions/27cafca8-b9a4-4264-b399-45d0c9cca1ab/resourcegroups/testps-rg-z036qj/providers/Microsoft.Cdn/profiles/fdp-rpxw3s/origingroups/orghxiwcf\",\"type\":\"Microsoft.Cdn/profiles/origingroups\",\"name\":\"orghxiwcf\",\"properties\":{\"loadBalancingSettings\":{\"sampleSize\":5,\"successfulSamplesRequired\":4,\"additionalLatencyInMilliseconds\":200},\"healthProbeSettings\":{\"probePath\":\"/\",\"probeRequestType\":\"GET\",\"probeProtocol\":\"Https\",\"probeIntervalInSeconds\":1},\"trafficRestorationTimeToHealedOrNewEndpointsInMinutes\":null,\"sessionAffinityState\":\"Disabled\",\"provisioningState\":\"Succeeded\",\"deploymentStatus\":\"NotStarted\"}}",
      "isContentBase64": false
    }
  },
  "Get-AzFrontDoorCdnOrigin+[NoContext]+Get+$GET+https://management.azure.com/subscriptions/27cafca8-b9a4-4264-b399-45d0c9cca1ab/resourceGroups/testps-rg-z036qj/providers/Microsoft.Cdn/profiles/fdp-rpxw3s/originGroups/orghxiwcf?api-version=2022-11-01-preview+6": {
    "Request": {
      "Method": "GET",
      "RequestUri": "https://management.azure.com/subscriptions/27cafca8-b9a4-4264-b399-45d0c9cca1ab/resourceGroups/testps-rg-z036qj/providers/Microsoft.Cdn/profiles/fdp-rpxw3s/originGroups/orghxiwcf?api-version=2022-11-01-preview",
      "Content": null,
      "isContentBase64": false,
      "Headers": {
        "Authorization": [ "[Filtered]" ],
        "x-ms-unique-id": [ "400" ],
        "x-ms-client-request-id": [ "f9efe9f9-b793-4de4-afd7-9657d8fc1ab4" ],
        "CommandName": [ "New-AzFrontDoorCdnOriginGroup" ],
        "FullCommandName": [ "New-AzFrontDoorCdnOriginGroup_CreateExpanded" ],
        "ParameterSetName": [ "__AllParameterSets" ],
        "User-Agent": [ "AzurePowershell/v0.0.0", "PSVersion/v7.2.9", "Az.Cdn/0.1.0" ]
      },
      "ContentHeaders": {
      }
    },
    "Response": {
      "StatusCode": 200,
      "Headers": {
        "Cache-Control": [ "no-cache" ],
        "Pragma": [ "no-cache" ],
        "Strict-Transport-Security": [ "max-age=31536000; includeSubDomains" ],
        "x-ms-request-id": [ "a6fb01a0-76fa-4cc1-b371-5358e7db52d3" ],
        "x-ms-client-request-id": [ "f9efe9f9-b793-4de4-afd7-9657d8fc1ab4" ],
        "Server": [ "Kestrel" ],
        "x-ms-ratelimit-remaining-subscription-reads": [ "11977" ],
        "x-ms-correlation-request-id": [ "368ce7ee-539c-41bb-83d6-01d881f29b35" ],
        "x-ms-routing-request-id": [ "SOUTHEASTASIA:20230325T005114Z:368ce7ee-539c-41bb-83d6-01d881f29b35" ],
        "X-Content-Type-Options": [ "nosniff" ],
        "Date": [ "Sat, 25 Mar 2023 00:51:13 GMT" ]
      },
      "ContentHeaders": {
        "Content-Length": [ "622" ],
        "Content-Type": [ "application/json; charset=utf-8" ],
        "Expires": [ "-1" ]
      },
      "Content": "{\"id\":\"/subscriptions/27cafca8-b9a4-4264-b399-45d0c9cca1ab/resourcegroups/testps-rg-z036qj/providers/Microsoft.Cdn/profiles/fdp-rpxw3s/origingroups/orghxiwcf\",\"type\":\"Microsoft.Cdn/profiles/origingroups\",\"name\":\"orghxiwcf\",\"properties\":{\"loadBalancingSettings\":{\"sampleSize\":5,\"successfulSamplesRequired\":4,\"additionalLatencyInMilliseconds\":200},\"healthProbeSettings\":{\"probePath\":\"/\",\"probeRequestType\":\"GET\",\"probeProtocol\":\"Https\",\"probeIntervalInSeconds\":1},\"trafficRestorationTimeToHealedOrNewEndpointsInMinutes\":null,\"sessionAffinityState\":\"Disabled\",\"provisioningState\":\"Succeeded\",\"deploymentStatus\":\"NotStarted\"}}",
      "isContentBase64": false
    }
  },
  "Get-AzFrontDoorCdnOrigin+[NoContext]+Get+$GET+https://management.azure.com/subscriptions/27cafca8-b9a4-4264-b399-45d0c9cca1ab/resourceGroups/testps-rg-z036qj/providers/Microsoft.Cdn/profiles/fdp-rpxw3s/originGroups/orghxiwcf?api-version=2022-11-01-preview+7": {
    "Request": {
      "Method": "GET",
      "RequestUri": "https://management.azure.com/subscriptions/27cafca8-b9a4-4264-b399-45d0c9cca1ab/resourceGroups/testps-rg-z036qj/providers/Microsoft.Cdn/profiles/fdp-rpxw3s/originGroups/orghxiwcf?api-version=2022-11-01-preview",
      "Content": null,
      "isContentBase64": false,
      "Headers": {
        "x-ms-unique-id": [ "401" ],
        "x-ms-client-request-id": [ "db9816e7-25b2-439b-b0ee-ae54d36002f5" ],
        "CommandName": [ "Get-AzFrontDoorCdnOriginGroup" ],
        "FullCommandName": [ "Get-AzFrontDoorCdnOriginGroup_Get" ],
        "ParameterSetName": [ "__AllParameterSets" ],
        "User-Agent": [ "AzurePowershell/v0.0.0", "PSVersion/v7.2.9", "Az.Cdn/0.1.0" ],
        "Authorization": [ "[Filtered]" ]
      },
      "ContentHeaders": {
      }
    },
    "Response": {
      "StatusCode": 200,
      "Headers": {
        "Cache-Control": [ "no-cache" ],
        "Pragma": [ "no-cache" ],
        "Strict-Transport-Security": [ "max-age=31536000; includeSubDomains" ],
        "x-ms-request-id": [ "84570553-f223-4514-9391-42b1245e0a5d" ],
        "x-ms-client-request-id": [ "db9816e7-25b2-439b-b0ee-ae54d36002f5" ],
        "Server": [ "Kestrel" ],
        "x-ms-ratelimit-remaining-subscription-reads": [ "11976" ],
        "x-ms-correlation-request-id": [ "1d5fad7d-d8e4-4ab9-bcc3-ae905ebcfbef" ],
        "x-ms-routing-request-id": [ "SOUTHEASTASIA:20230325T005114Z:1d5fad7d-d8e4-4ab9-bcc3-ae905ebcfbef" ],
        "X-Content-Type-Options": [ "nosniff" ],
        "Date": [ "Sat, 25 Mar 2023 00:51:14 GMT" ]
      },
      "ContentHeaders": {
        "Content-Length": [ "622" ],
        "Content-Type": [ "application/json; charset=utf-8" ],
        "Expires": [ "-1" ]
      },
      "Content": "{\"id\":\"/subscriptions/27cafca8-b9a4-4264-b399-45d0c9cca1ab/resourcegroups/testps-rg-z036qj/providers/Microsoft.Cdn/profiles/fdp-rpxw3s/origingroups/orghxiwcf\",\"type\":\"Microsoft.Cdn/profiles/origingroups\",\"name\":\"orghxiwcf\",\"properties\":{\"loadBalancingSettings\":{\"sampleSize\":5,\"successfulSamplesRequired\":4,\"additionalLatencyInMilliseconds\":200},\"healthProbeSettings\":{\"probePath\":\"/\",\"probeRequestType\":\"GET\",\"probeProtocol\":\"Https\",\"probeIntervalInSeconds\":1},\"trafficRestorationTimeToHealedOrNewEndpointsInMinutes\":null,\"sessionAffinityState\":\"Disabled\",\"provisioningState\":\"Succeeded\",\"deploymentStatus\":\"NotStarted\"}}",
      "isContentBase64": false
    }
  },
  "Get-AzFrontDoorCdnOrigin+[NoContext]+Get+$PUT+https://management.azure.com/subscriptions/27cafca8-b9a4-4264-b399-45d0c9cca1ab/resourceGroups/testps-rg-z036qj/providers/Microsoft.Cdn/profiles/fdp-rpxw3s/originGroups/orghxiwcf/origins/orio5evr4?api-version=2022-11-01-preview+8": {
    "Request": {
      "Method": "PUT",
      "RequestUri": "https://management.azure.com/subscriptions/27cafca8-b9a4-4264-b399-45d0c9cca1ab/resourceGroups/testps-rg-z036qj/providers/Microsoft.Cdn/profiles/fdp-rpxw3s/originGroups/orghxiwcf/origins/orio5evr4?api-version=2022-11-01-preview",
      "Content": "{\r\n  \"properties\": {\r\n    \"hostName\": \"en.wikipedia.org\",\r\n    \"httpPort\": 80,\r\n    \"httpsPort\": 443,\r\n    \"originHostHeader\": \"en.wikipedia.org\",\r\n    \"priority\": 1,\r\n    \"weight\": 1000\r\n  }\r\n}",
      "isContentBase64": false,
      "Headers": {
      },
      "ContentHeaders": {
        "Content-Type": [ "application/json" ],
        "Content-Length": [ "194" ]
      }
    },
    "Response": {
      "StatusCode": 201,
      "Headers": {
        "Cache-Control": [ "no-cache" ],
        "Pragma": [ "no-cache" ],
        "Retry-After": [ "10" ],
        "Strict-Transport-Security": [ "max-age=31536000; includeSubDomains" ],
        "x-ms-request-id": [ "acc26c5f-a475-487b-9218-155939538c73" ],
        "x-ms-client-request-id": [ "1e632c78-d316-4a2f-90d3-adee4a606fab" ],
        "Azure-AsyncOperation": [ "https://management.azure.com/subscriptions/27cafca8-b9a4-4264-b399-45d0c9cca1ab/resourcegroups/testps-rg-z036qj/providers/Microsoft.Cdn/operationresults/093d0f7d-c18a-4bc7-bc18-f421e88f3872?api-version=2022-11-01-preview" ],
        "Server": [ "Kestrel" ],
        "x-ms-ratelimit-remaining-subscription-resource-requests": [ "98" ],
        "x-ms-correlation-request-id": [ "c5e3b58c-0344-412e-8adc-5becd799ad6b" ],
        "x-ms-routing-request-id": [ "SOUTHEASTASIA:20230325T005116Z:c5e3b58c-0344-412e-8adc-5becd799ad6b" ],
        "X-Content-Type-Options": [ "nosniff" ],
        "Date": [ "Sat, 25 Mar 2023 00:51:16 GMT" ]
      },
      "ContentHeaders": {
        "Content-Length": [ "575" ],
        "Content-Type": [ "application/json; charset=utf-8" ],
        "Expires": [ "-1" ]
      },
      "Content": "{\"id\":\"/subscriptions/27cafca8-b9a4-4264-b399-45d0c9cca1ab/resourcegroups/testps-rg-z036qj/providers/Microsoft.Cdn/profiles/fdp-rpxw3s/origingroups/orghxiwcf/origins/orio5evr4\",\"type\":\"Microsoft.Cdn/profiles/origingroups/origins\",\"name\":\"orio5evr4\",\"properties\":{\"originGroupName\":\"orghxiwcf\",\"hostName\":\"en.wikipedia.org\",\"httpPort\":80,\"httpsPort\":443,\"originHostHeader\":\"en.wikipedia.org\",\"priority\":1,\"weight\":1000,\"enabledState\":\"Enabled\",\"sharedPrivateLinkResource\":null,\"enforceCertificateNameCheck\":true,\"provisioningState\":\"Creating\",\"deploymentStatus\":\"NotStarted\"}}",
      "isContentBase64": false
    }
  },
  "Get-AzFrontDoorCdnOrigin+[NoContext]+Get+$GET+https://management.azure.com/subscriptions/27cafca8-b9a4-4264-b399-45d0c9cca1ab/resourcegroups/testps-rg-z036qj/providers/Microsoft.Cdn/operationresults/093d0f7d-c18a-4bc7-bc18-f421e88f3872?api-version=2022-11-01-preview+9": {
    "Request": {
      "Method": "GET",
      "RequestUri": "https://management.azure.com/subscriptions/27cafca8-b9a4-4264-b399-45d0c9cca1ab/resourcegroups/testps-rg-z036qj/providers/Microsoft.Cdn/operationresults/093d0f7d-c18a-4bc7-bc18-f421e88f3872?api-version=2022-11-01-preview",
      "Content": null,
      "isContentBase64": false,
      "Headers": {
        "Authorization": [ "[Filtered]" ],
        "x-ms-unique-id": [ "403" ],
        "x-ms-client-request-id": [ "1e632c78-d316-4a2f-90d3-adee4a606fab" ],
        "CommandName": [ "New-AzFrontDoorCdnOrigin" ],
        "FullCommandName": [ "New-AzFrontDoorCdnOrigin_CreateExpanded" ],
        "ParameterSetName": [ "__AllParameterSets" ],
        "User-Agent": [ "AzurePowershell/v0.0.0", "PSVersion/v7.2.9", "Az.Cdn/0.1.0" ]
      },
      "ContentHeaders": {
      }
    },
    "Response": {
      "StatusCode": 200,
      "Headers": {
        "Cache-Control": [ "no-cache" ],
        "Pragma": [ "no-cache" ],
        "Strict-Transport-Security": [ "max-age=31536000; includeSubDomains" ],
        "x-ms-request-id": [ "f6cf7bc0-b91e-4e35-89d9-cbd76bffc2e9" ],
        "x-ms-client-request-id": [ "1e632c78-d316-4a2f-90d3-adee4a606fab" ],
        "Server": [ "Kestrel" ],
        "x-ms-ratelimit-remaining-subscription-reads": [ "11975" ],
        "x-ms-correlation-request-id": [ "ca042e4e-4135-448c-ad76-e77f989e9ddb" ],
        "x-ms-routing-request-id": [ "SOUTHEASTASIA:20230325T005126Z:ca042e4e-4135-448c-ad76-e77f989e9ddb" ],
        "X-Content-Type-Options": [ "nosniff" ],
        "Date": [ "Sat, 25 Mar 2023 00:51:26 GMT" ]
      },
      "ContentHeaders": {
        "Content-Length": [ "61" ],
        "Content-Type": [ "application/json; charset=utf-8" ],
        "Expires": [ "-1" ]
      },
      "Content": "{\"status\":\"Succeeded\",\"error\":{\"code\":\"None\",\"message\":null}}",
      "isContentBase64": false
    }
  },
  "Get-AzFrontDoorCdnOrigin+[NoContext]+Get+$GET+https://management.azure.com/subscriptions/27cafca8-b9a4-4264-b399-45d0c9cca1ab/resourceGroups/testps-rg-z036qj/providers/Microsoft.Cdn/profiles/fdp-rpxw3s/originGroups/orghxiwcf/origins/orio5evr4?api-version=2022-11-01-preview+10": {
    "Request": {
      "Method": "GET",
      "RequestUri": "https://management.azure.com/subscriptions/27cafca8-b9a4-4264-b399-45d0c9cca1ab/resourceGroups/testps-rg-z036qj/providers/Microsoft.Cdn/profiles/fdp-rpxw3s/originGroups/orghxiwcf/origins/orio5evr4?api-version=2022-11-01-preview",
      "Content": null,
      "isContentBase64": false,
      "Headers": {
        "Authorization": [ "[Filtered]" ],
        "x-ms-unique-id": [ "404" ],
        "x-ms-client-request-id": [ "1e632c78-d316-4a2f-90d3-adee4a606fab" ],
        "CommandName": [ "New-AzFrontDoorCdnOrigin" ],
        "FullCommandName": [ "New-AzFrontDoorCdnOrigin_CreateExpanded" ],
        "ParameterSetName": [ "__AllParameterSets" ],
        "User-Agent": [ "AzurePowershell/v0.0.0", "PSVersion/v7.2.9", "Az.Cdn/0.1.0" ]
      },
      "ContentHeaders": {
      }
    },
    "Response": {
      "StatusCode": 200,
      "Headers": {
        "Cache-Control": [ "no-cache" ],
        "Pragma": [ "no-cache" ],
        "Strict-Transport-Security": [ "max-age=31536000; includeSubDomains" ],
        "x-ms-request-id": [ "9eb2a8ca-4de4-4e40-b416-85c0f0516846" ],
        "x-ms-client-request-id": [ "1e632c78-d316-4a2f-90d3-adee4a606fab" ],
        "Server": [ "Kestrel" ],
        "x-ms-ratelimit-remaining-subscription-reads": [ "11974" ],
        "x-ms-correlation-request-id": [ "bbc49525-c1f6-4683-8e6c-91b0ddd83105" ],
        "x-ms-routing-request-id": [ "SOUTHEASTASIA:20230325T005127Z:bbc49525-c1f6-4683-8e6c-91b0ddd83105" ],
        "X-Content-Type-Options": [ "nosniff" ],
        "Date": [ "Sat, 25 Mar 2023 00:51:27 GMT" ]
      },
      "ContentHeaders": {
        "Content-Length": [ "576" ],
        "Content-Type": [ "application/json; charset=utf-8" ],
        "Expires": [ "-1" ]
      },
      "Content": "{\"id\":\"/subscriptions/27cafca8-b9a4-4264-b399-45d0c9cca1ab/resourcegroups/testps-rg-z036qj/providers/Microsoft.Cdn/profiles/fdp-rpxw3s/origingroups/orghxiwcf/origins/orio5evr4\",\"type\":\"Microsoft.Cdn/profiles/origingroups/origins\",\"name\":\"orio5evr4\",\"properties\":{\"originGroupName\":\"orghxiwcf\",\"hostName\":\"en.wikipedia.org\",\"httpPort\":80,\"httpsPort\":443,\"originHostHeader\":\"en.wikipedia.org\",\"priority\":1,\"weight\":1000,\"enabledState\":\"Enabled\",\"sharedPrivateLinkResource\":null,\"enforceCertificateNameCheck\":true,\"provisioningState\":\"Succeeded\",\"deploymentStatus\":\"NotStarted\"}}",
      "isContentBase64": false
    }
  },
  "Get-AzFrontDoorCdnOrigin+[NoContext]+Get+$GET+https://management.azure.com/subscriptions/27cafca8-b9a4-4264-b399-45d0c9cca1ab/resourceGroups/testps-rg-z036qj/providers/Microsoft.Cdn/profiles/fdp-rpxw3s/originGroups/orghxiwcf/origins/orio5evr4?api-version=2022-11-01-preview+11": {
    "Request": {
      "Method": "GET",
      "RequestUri": "https://management.azure.com/subscriptions/27cafca8-b9a4-4264-b399-45d0c9cca1ab/resourceGroups/testps-rg-z036qj/providers/Microsoft.Cdn/profiles/fdp-rpxw3s/originGroups/orghxiwcf/origins/orio5evr4?api-version=2022-11-01-preview",
      "Content": null,
      "isContentBase64": false,
      "Headers": {
        "x-ms-unique-id": [ "405" ],
        "x-ms-client-request-id": [ "148f98f8-7409-4559-b79d-eab8b6314b88" ],
        "CommandName": [ "Get-AzFrontDoorCdnOrigin" ],
        "FullCommandName": [ "Get-AzFrontDoorCdnOrigin_Get" ],
        "ParameterSetName": [ "__AllParameterSets" ],
        "User-Agent": [ "AzurePowershell/v0.0.0", "PSVersion/v7.2.9", "Az.Cdn/0.1.0" ],
        "Authorization": [ "[Filtered]" ]
      },
      "ContentHeaders": {
      }
    },
    "Response": {
      "StatusCode": 200,
      "Headers": {
        "Cache-Control": [ "no-cache" ],
        "Pragma": [ "no-cache" ],
        "Strict-Transport-Security": [ "max-age=31536000; includeSubDomains" ],
        "x-ms-request-id": [ "51cde9a3-4842-4a4e-b825-d8d7d5e1b0e6" ],
        "x-ms-client-request-id": [ "148f98f8-7409-4559-b79d-eab8b6314b88" ],
        "Server": [ "Kestrel" ],
        "x-ms-ratelimit-remaining-subscription-reads": [ "11973" ],
        "x-ms-correlation-request-id": [ "c8828bb2-7341-4712-bad2-94cd72ebd451" ],
        "x-ms-routing-request-id": [ "SOUTHEASTASIA:20230325T005128Z:c8828bb2-7341-4712-bad2-94cd72ebd451" ],
        "X-Content-Type-Options": [ "nosniff" ],
        "Date": [ "Sat, 25 Mar 2023 00:51:27 GMT" ]
      },
      "ContentHeaders": {
        "Content-Length": [ "576" ],
        "Content-Type": [ "application/json; charset=utf-8" ],
        "Expires": [ "-1" ]
      },
      "Content": "{\"id\":\"/subscriptions/27cafca8-b9a4-4264-b399-45d0c9cca1ab/resourcegroups/testps-rg-z036qj/providers/Microsoft.Cdn/profiles/fdp-rpxw3s/origingroups/orghxiwcf/origins/orio5evr4\",\"type\":\"Microsoft.Cdn/profiles/origingroups/origins\",\"name\":\"orio5evr4\",\"properties\":{\"originGroupName\":\"orghxiwcf\",\"hostName\":\"en.wikipedia.org\",\"httpPort\":80,\"httpsPort\":443,\"originHostHeader\":\"en.wikipedia.org\",\"priority\":1,\"weight\":1000,\"enabledState\":\"Enabled\",\"sharedPrivateLinkResource\":null,\"enforceCertificateNameCheck\":true,\"provisioningState\":\"Succeeded\",\"deploymentStatus\":\"NotStarted\"}}",
      "isContentBase64": false
    }
  }
}