{
  "Get-AzFrontDoorCdnSecurityPolicy+[NoContext]+[NoScenario]+$PUT+https://management.azure.com/subscriptions/27cafca8-b9a4-4264-b399-45d0c9cca1ab/resourceGroups/testps-rg-ygjp/providers/Microsoft.Cdn/profiles/fdp-c24dbl/afdEndpoints/end-jseb4p?api-version=2022-11-01-preview+1": {
    "Request": {
      "Method": "PUT",
      "RequestUri": "https://management.azure.com/subscriptions/27cafca8-b9a4-4264-b399-45d0c9cca1ab/resourceGroups/testps-rg-ygjp/providers/Microsoft.Cdn/profiles/fdp-c24dbl/afdEndpoints/end-jseb4p?api-version=2022-11-01-preview",
      "Content": "{\r\n  \"location\": \"Global\"\r\n}",
      "isContentBase64": false,
      "Headers": {
      },
      "ContentHeaders": {
        "Content-Type": [ "application/json" ],
        "Content-Length": [ "28" ]
      }
    },
    "Response": {
      "StatusCode": 201,
      "Headers": {
        "Cache-Control": [ "no-cache" ],
        "Pragma": [ "no-cache" ],
        "Retry-After": [ "10" ],
        "Strict-Transport-Security": [ "max-age=31536000; includeSubDomains" ],
        "x-ms-request-id": [ "4e24a5c9-1f59-422f-8ce8-1b1af3a7dcaf" ],
        "x-ms-client-request-id": [ "2ddcb637-79d4-4392-8d78-5bb803798240" ],
        "Azure-AsyncOperation": [ "https://management.azure.com/subscriptions/27cafca8-b9a4-4264-b399-45d0c9cca1ab/resourcegroups/testps-rg-ygjp/providers/Microsoft.Cdn/operationresults/020bc39e-f90c-4ef6-a94f-5dce7c56a00b?api-version=2022-11-01-preview" ],
        "Server": [ "Kestrel" ],
        "x-ms-ratelimit-remaining-subscription-resource-requests": [ "99" ],
        "x-ms-correlation-request-id": [ "550e4078-128e-4042-b6f9-e6f6ccf6e8d2" ],
        "x-ms-routing-request-id": [ "SOUTHEASTASIA:20230426T144105Z:550e4078-128e-4042-b6f9-e6f6ccf6e8d2" ],
        "X-Content-Type-Options": [ "nosniff" ],
        "Date": [ "Wed, 26 Apr 2023 14:41:04 GMT" ]
      },
      "ContentHeaders": {
        "Content-Length": [ "454" ],
        "Content-Type": [ "application/json; charset=utf-8" ],
        "Expires": [ "-1" ]
      },
      "Content": "{\"id\":\"/subscriptions/27cafca8-b9a4-4264-b399-45d0c9cca1ab/resourcegroups/testps-rg-ygjp/providers/Microsoft.Cdn/profiles/fdp-c24dbl/afdendpoints/end-jseb4p\",\"type\":\"Microsoft.Cdn/profiles/afdendpoints\",\"name\":\"end-jseb4p\",\"location\":\"Global\",\"tags\":{},\"properties\":{\"hostName\":\"end-jseb4p-hmathuajgnefadcb.z01.azurefd.net\",\"autoGeneratedDomainNameLabelScope\":null,\"enabledState\":\"Enabled\",\"provisioningState\":\"Creating\",\"deploymentStatus\":\"NotStarted\"}}",
      "isContentBase64": false
    }
  },
  "Get-AzFrontDoorCdnSecurityPolicy+[NoContext]+[NoScenario]+$GET+https://management.azure.com/subscriptions/27cafca8-b9a4-4264-b399-45d0c9cca1ab/resourcegroups/testps-rg-ygjp/providers/Microsoft.Cdn/operationresults/020bc39e-f90c-4ef6-a94f-5dce7c56a00b?api-version=2022-11-01-preview+2": {
    "Request": {
      "Method": "GET",
      "RequestUri": "https://management.azure.com/subscriptions/27cafca8-b9a4-4264-b399-45d0c9cca1ab/resourcegroups/testps-rg-ygjp/providers/Microsoft.Cdn/operationresults/020bc39e-f90c-4ef6-a94f-5dce7c56a00b?api-version=2022-11-01-preview",
      "Content": null,
      "isContentBase64": false,
      "Headers": {
        "Authorization": [ "[Filtered]" ],
        "x-ms-unique-id": [ "236" ],
        "x-ms-client-request-id": [ "2ddcb637-79d4-4392-8d78-5bb803798240" ],
        "CommandName": [ "New-AzFrontDoorCdnEndpoint" ],
        "FullCommandName": [ "New-AzFrontDoorCdnEndpoint_CreateExpanded" ],
        "ParameterSetName": [ "__AllParameterSets" ],
        "User-Agent": [ "AzurePowershell/v0.0.0", "PSVersion/v7.2.11", "Az.Cdn/0.1.0" ]
      },
      "ContentHeaders": {
      }
    },
    "Response": {
      "StatusCode": 200,
      "Headers": {
        "Cache-Control": [ "no-cache" ],
        "Pragma": [ "no-cache" ],
        "Strict-Transport-Security": [ "max-age=31536000; includeSubDomains" ],
        "x-ms-request-id": [ "768fed8e-5d19-4346-9db5-94614e03a7e2" ],
        "x-ms-client-request-id": [ "2ddcb637-79d4-4392-8d78-5bb803798240" ],
        "Server": [ "Kestrel" ],
        "x-ms-ratelimit-remaining-subscription-reads": [ "11908" ],
        "x-ms-correlation-request-id": [ "89eb5d87-25a4-4cd1-8c7f-1a89cb76e31e" ],
        "x-ms-routing-request-id": [ "SOUTHEASTASIA:20230426T144115Z:89eb5d87-25a4-4cd1-8c7f-1a89cb76e31e" ],
        "X-Content-Type-Options": [ "nosniff" ],
        "Date": [ "Wed, 26 Apr 2023 14:41:14 GMT" ]
      },
      "ContentHeaders": {
        "Content-Length": [ "61" ],
        "Content-Type": [ "application/json; charset=utf-8" ],
        "Expires": [ "-1" ]
      },
      "Content": "{\"status\":\"Succeeded\",\"error\":{\"code\":\"None\",\"message\":null}}",
      "isContentBase64": false
    }
  },
  "Get-AzFrontDoorCdnSecurityPolicy+[NoContext]+[NoScenario]+$GET+https://management.azure.com/subscriptions/27cafca8-b9a4-4264-b399-45d0c9cca1ab/resourceGroups/testps-rg-ygjp/providers/Microsoft.Cdn/profiles/fdp-c24dbl/afdEndpoints/end-jseb4p?api-version=2022-11-01-preview+3": {
    "Request": {
      "Method": "GET",
      "RequestUri": "https://management.azure.com/subscriptions/27cafca8-b9a4-4264-b399-45d0c9cca1ab/resourceGroups/testps-rg-ygjp/providers/Microsoft.Cdn/profiles/fdp-c24dbl/afdEndpoints/end-jseb4p?api-version=2022-11-01-preview",
      "Content": null,
      "isContentBase64": false,
      "Headers": {
        "Authorization": [ "[Filtered]" ],
        "x-ms-unique-id": [ "237" ],
        "x-ms-client-request-id": [ "2ddcb637-79d4-4392-8d78-5bb803798240" ],
        "CommandName": [ "New-AzFrontDoorCdnEndpoint" ],
        "FullCommandName": [ "New-AzFrontDoorCdnEndpoint_CreateExpanded" ],
        "ParameterSetName": [ "__AllParameterSets" ],
        "User-Agent": [ "AzurePowershell/v0.0.0", "PSVersion/v7.2.11", "Az.Cdn/0.1.0" ]
      },
      "ContentHeaders": {
      }
    },
    "Response": {
      "StatusCode": 200,
      "Headers": {
        "Cache-Control": [ "no-cache" ],
        "Pragma": [ "no-cache" ],
        "Strict-Transport-Security": [ "max-age=31536000; includeSubDomains" ],
        "x-ms-request-id": [ "a15fa25e-9692-495a-8d67-843b94c50900" ],
        "x-ms-client-request-id": [ "2ddcb637-79d4-4392-8d78-5bb803798240" ],
        "Server": [ "Kestrel" ],
        "x-ms-ratelimit-remaining-subscription-resource-requests": [ "45" ],
        "x-ms-correlation-request-id": [ "afc274f5-844f-4e97-b0c5-56244cc631c2" ],
        "x-ms-routing-request-id": [ "SOUTHEASTASIA:20230426T144116Z:afc274f5-844f-4e97-b0c5-56244cc631c2" ],
        "X-Content-Type-Options": [ "nosniff" ],
        "Date": [ "Wed, 26 Apr 2023 14:41:15 GMT" ]
      },
      "ContentHeaders": {
        "Content-Length": [ "455" ],
        "Content-Type": [ "application/json; charset=utf-8" ],
        "Expires": [ "-1" ]
      },
      "Content": "{\"id\":\"/subscriptions/27cafca8-b9a4-4264-b399-45d0c9cca1ab/resourcegroups/testps-rg-ygjp/providers/Microsoft.Cdn/profiles/fdp-c24dbl/afdendpoints/end-jseb4p\",\"type\":\"Microsoft.Cdn/profiles/afdendpoints\",\"name\":\"end-jseb4p\",\"location\":\"Global\",\"tags\":{},\"properties\":{\"hostName\":\"end-jseb4p-hmathuajgnefadcb.z01.azurefd.net\",\"autoGeneratedDomainNameLabelScope\":null,\"enabledState\":\"Enabled\",\"provisioningState\":\"Succeeded\",\"deploymentStatus\":\"NotStarted\"}}",
      "isContentBase64": false
    }
  },
  "Get-AzFrontDoorCdnSecurityPolicy+[NoContext]+[NoScenario]+$PUT+https://management.azure.com/subscriptions/27cafca8-b9a4-4264-b399-45d0c9cca1ab/resourceGroups/testps-rg-ygjp/providers/Microsoft.Cdn/profiles/fdp-c24dbl/securityPolicies/pol-ip8fr4?api-version=2022-11-01-preview+4": {
    "Request": {
      "Method": "PUT",
      "RequestUri": "https://management.azure.com/subscriptions/27cafca8-b9a4-4264-b399-45d0c9cca1ab/resourceGroups/testps-rg-ygjp/providers/Microsoft.Cdn/profiles/fdp-c24dbl/securityPolicies/pol-ip8fr4?api-version=2022-11-01-preview",
      "Content": "{\r\n  \"properties\": {\r\n    \"parameters\": {\r\n      \"type\": \"WebApplicationFirewall\",\r\n      \"wafPolicy\": {\r\n        \"id\": \"/subscriptions/27cafca8-b9a4-4264-b399-45d0c9cca1ab/resourcegroups/powershelltest/providers/Microsoft.Network/frontdoorwebapplicationfirewallpolicies/powershelltestwaf\"\r\n      },\r\n      \"associations\": [\r\n        {\r\n          \"domains\": [\r\n            {\r\n              \"id\": \"/subscriptions/27cafca8-b9a4-4264-b399-45d0c9cca1ab/resourcegroups/testps-rg-ygjp/providers/Microsoft.Cdn/profiles/fdp-c24dbl/afdendpoints/end-jseb4p\"\r\n            }\r\n          ],\r\n          \"patternsToMatch\": [ \"/*\" ]\r\n        }\r\n      ]\r\n    }\r\n  }\r\n}",
      "isContentBase64": false,
      "Headers": {
      },
      "ContentHeaders": {
        "Content-Type": [ "application/json" ],
        "Content-Length": [ "650" ]
      }
    },
    "Response": {
      "StatusCode": 201,
      "Headers": {
        "Cache-Control": [ "no-cache" ],
        "Pragma": [ "no-cache" ],
        "Retry-After": [ "10" ],
        "Strict-Transport-Security": [ "max-age=31536000; includeSubDomains" ],
        "x-ms-request-id": [ "231d7234-4976-4fd6-8cfa-5bffefd758aa" ],
        "x-ms-client-request-id": [ "27e92d6f-2722-446a-b6e3-dad15900a039" ],
        "Azure-AsyncOperation": [ "https://management.azure.com/subscriptions/27cafca8-b9a4-4264-b399-45d0c9cca1ab/resourcegroups/testps-rg-ygjp/providers/Microsoft.Cdn/operationresults/b5f5ad00-7a40-4940-a1c1-8c685a42eb6d?api-version=2020-09-01" ],
        "Server": [ "Kestrel" ],
        "x-ms-ratelimit-remaining-subscription-resource-requests": [ "99" ],
        "x-ms-correlation-request-id": [ "d2e0da61-15a9-40c7-971d-5635455e354b" ],
        "x-ms-routing-request-id": [ "SOUTHEASTASIA:20230426T144118Z:d2e0da61-15a9-40c7-971d-5635455e354b" ],
        "X-Content-Type-Options": [ "nosniff" ],
        "Date": [ "Wed, 26 Apr 2023 14:41:18 GMT" ]
      },
      "ContentHeaders": {
        "Content-Length": [ "776" ],
        "Content-Type": [ "application/json; charset=utf-8" ],
        "Expires": [ "-1" ]
      },
      "Content": "{\"id\":\"/subscriptions/27cafca8-b9a4-4264-b399-45d0c9cca1ab/resourcegroups/testps-rg-ygjp/providers/Microsoft.Cdn/profiles/fdp-c24dbl/securitypolicies/pol-ip8fr4\",\"type\":\"Microsoft.Cdn/profiles/securitypolicies\",\"name\":\"pol-ip8fr4\",\"properties\":{\"parameters\":{\"wafPolicy\":{\"id\":\"/subscriptions/27cafca8-b9a4-4264-b399-45d0c9cca1ab/resourcegroups/powershelltest/providers/Microsoft.Network/frontdoorwebapplicationfirewallpolicies/powershelltestwaf\"},\"associations\":[{\"domains\":[{\"isActive\":true,\"id\":\"/subscriptions/27cafca8-b9a4-4264-b399-45d0c9cca1ab/resourcegroups/testps-rg-ygjp/providers/Microsoft.Cdn/profiles/fdp-c24dbl/afdendpoints/end-jseb4p\"}],\"patternsToMatch\":[\"/*\"]}],\"type\":\"WebApplicationFirewall\"},\"deploymentStatus\":\"NotStarted\",\"provisioningState\":\"Creating\"}}",
      "isContentBase64": false
    }
  },
  "Get-AzFrontDoorCdnSecurityPolicy+[NoContext]+[NoScenario]+$GET+https://management.azure.com/subscriptions/27cafca8-b9a4-4264-b399-45d0c9cca1ab/resourcegroups/testps-rg-ygjp/providers/Microsoft.Cdn/operationresults/b5f5ad00-7a40-4940-a1c1-8c685a42eb6d?api-version=2020-09-01+5": {
    "Request": {
      "Method": "GET",
      "RequestUri": "https://management.azure.com/subscriptions/27cafca8-b9a4-4264-b399-45d0c9cca1ab/resourcegroups/testps-rg-ygjp/providers/Microsoft.Cdn/operationresults/b5f5ad00-7a40-4940-a1c1-8c685a42eb6d?api-version=2020-09-01",
      "Content": null,
      "isContentBase64": false,
      "Headers": {
        "Authorization": [ "[Filtered]" ],
        "x-ms-unique-id": [ "239" ],
        "x-ms-client-request-id": [ "27e92d6f-2722-446a-b6e3-dad15900a039" ],
        "CommandName": [ "New-AzFrontDoorCdnSecurityPolicy" ],
        "FullCommandName": [ "New-AzFrontDoorCdnSecurityPolicy_CreateExpanded" ],
        "ParameterSetName": [ "__AllParameterSets" ],
        "User-Agent": [ "AzurePowershell/v0.0.0", "PSVersion/v7.2.11", "Az.Cdn/0.1.0" ]
      },
      "ContentHeaders": {
      }
    },
    "Response": {
      "StatusCode": 200,
      "Headers": {
        "Cache-Control": [ "no-cache" ],
        "Pragma": [ "no-cache" ],
        "Strict-Transport-Security": [ "max-age=31536000; includeSubDomains" ],
        "x-ms-request-id": [ "601374cd-83de-43fa-bdd8-acb8c4602f0f" ],
        "x-ms-client-request-id": [ "27e92d6f-2722-446a-b6e3-dad15900a039" ],
        "Server": [ "Kestrel" ],
        "x-ms-ratelimit-remaining-subscription-reads": [ "11907" ],
        "x-ms-correlation-request-id": [ "49339257-ff59-445f-9945-e3e9a3a40c9a" ],
        "x-ms-routing-request-id": [ "SOUTHEASTASIA:20230426T144129Z:49339257-ff59-445f-9945-e3e9a3a40c9a" ],
        "X-Content-Type-Options": [ "nosniff" ],
        "Date": [ "Wed, 26 Apr 2023 14:41:29 GMT" ]
      },
      "ContentHeaders": {
        "Content-Length": [ "61" ],
        "Content-Type": [ "application/json; charset=utf-8" ],
        "Expires": [ "-1" ]
      },
      "Content": "{\"status\":\"Succeeded\",\"error\":{\"code\":\"None\",\"message\":null}}",
      "isContentBase64": false
    }
  },
  "Get-AzFrontDoorCdnSecurityPolicy+[NoContext]+[NoScenario]+$GET+https://management.azure.com/subscriptions/27cafca8-b9a4-4264-b399-45d0c9cca1ab/resourceGroups/testps-rg-ygjp/providers/Microsoft.Cdn/profiles/fdp-c24dbl/securityPolicies/pol-ip8fr4?api-version=2022-11-01-preview+6": {
    "Request": {
      "Method": "GET",
      "RequestUri": "https://management.azure.com/subscriptions/27cafca8-b9a4-4264-b399-45d0c9cca1ab/resourceGroups/testps-rg-ygjp/providers/Microsoft.Cdn/profiles/fdp-c24dbl/securityPolicies/pol-ip8fr4?api-version=2022-11-01-preview",
      "Content": null,
      "isContentBase64": false,
      "Headers": {
        "Authorization": [ "[Filtered]" ],
        "x-ms-unique-id": [ "240" ],
        "x-ms-client-request-id": [ "27e92d6f-2722-446a-b6e3-dad15900a039" ],
        "CommandName": [ "New-AzFrontDoorCdnSecurityPolicy" ],
        "FullCommandName": [ "New-AzFrontDoorCdnSecurityPolicy_CreateExpanded" ],
        "ParameterSetName": [ "__AllParameterSets" ],
        "User-Agent": [ "AzurePowershell/v0.0.0", "PSVersion/v7.2.11", "Az.Cdn/0.1.0" ]
      },
      "ContentHeaders": {
      }
    },
    "Response": {
      "StatusCode": 200,
      "Headers": {
        "Cache-Control": [ "no-cache" ],
        "Pragma": [ "no-cache" ],
        "Strict-Transport-Security": [ "max-age=31536000; includeSubDomains" ],
        "x-ms-request-id": [ "85acf320-c943-4e84-a967-f78a0318a2a5" ],
        "x-ms-client-request-id": [ "27e92d6f-2722-446a-b6e3-dad15900a039" ],
        "Server": [ "Kestrel" ],
        "x-ms-ratelimit-remaining-subscription-reads": [ "11906" ],
        "x-ms-correlation-request-id": [ "c79e4e6b-fa48-45b1-b044-f2afea84dfa4" ],
        "x-ms-routing-request-id": [ "SOUTHEASTASIA:20230426T144129Z:c79e4e6b-fa48-45b1-b044-f2afea84dfa4" ],
        "X-Content-Type-Options": [ "nosniff" ],
        "Date": [ "Wed, 26 Apr 2023 14:41:29 GMT" ]
      },
      "ContentHeaders": {
        "Content-Length": [ "777" ],
        "Content-Type": [ "application/json; charset=utf-8" ],
        "Expires": [ "-1" ]
      },
      "Content": "{\"id\":\"/subscriptions/27cafca8-b9a4-4264-b399-45d0c9cca1ab/resourcegroups/testps-rg-ygjp/providers/Microsoft.Cdn/profiles/fdp-c24dbl/securitypolicies/pol-ip8fr4\",\"type\":\"Microsoft.Cdn/profiles/securitypolicies\",\"name\":\"pol-ip8fr4\",\"properties\":{\"parameters\":{\"wafPolicy\":{\"id\":\"/subscriptions/27cafca8-b9a4-4264-b399-45d0c9cca1ab/resourcegroups/powershelltest/providers/Microsoft.Network/frontdoorwebapplicationfirewallpolicies/powershelltestwaf\"},\"associations\":[{\"domains\":[{\"isActive\":true,\"id\":\"/subscriptions/27cafca8-b9a4-4264-b399-45d0c9cca1ab/resourcegroups/testps-rg-ygjp/providers/Microsoft.Cdn/profiles/fdp-c24dbl/afdendpoints/end-jseb4p\"}],\"patternsToMatch\":[\"/*\"]}],\"type\":\"WebApplicationFirewall\"},\"deploymentStatus\":\"NotStarted\",\"provisioningState\":\"Succeeded\"}}",
      "isContentBase64": false
    }
  },
  "Get-AzFrontDoorCdnSecurityPolicy+[NoContext]+List+$GET+https://management.azure.com/subscriptions/27cafca8-b9a4-4264-b399-45d0c9cca1ab/resourceGroups/testps-rg-ygjp/providers/Microsoft.Cdn/profiles/fdp-c24dbl/securityPolicies?api-version=2022-11-01-preview+1": {
    "Request": {
      "Method": "GET",
      "RequestUri": "https://management.azure.com/subscriptions/27cafca8-b9a4-4264-b399-45d0c9cca1ab/resourceGroups/testps-rg-ygjp/providers/Microsoft.Cdn/profiles/fdp-c24dbl/securityPolicies?api-version=2022-11-01-preview",
      "Content": null,
      "isContentBase64": false,
      "Headers": {
        "x-ms-unique-id": [ "241" ],
        "x-ms-client-request-id": [ "89a6bbd8-4b5a-45ba-ac08-bbc19f1dc4f2" ],
        "CommandName": [ "Get-AzFrontDoorCdnSecurityPolicy" ],
        "FullCommandName": [ "Get-AzFrontDoorCdnSecurityPolicy_List" ],
        "ParameterSetName": [ "__AllParameterSets" ],
        "User-Agent": [ "AzurePowershell/v0.0.0", "PSVersion/v7.2.11", "Az.Cdn/0.1.0" ],
        "Authorization": [ "[Filtered]" ]
      },
      "ContentHeaders": {
      }
    },
    "Response": {
      "StatusCode": 200,
      "Headers": {
        "Cache-Control": [ "no-cache" ],
        "Pragma": [ "no-cache" ],
        "Strict-Transport-Security": [ "max-age=31536000; includeSubDomains" ],
        "x-ms-request-id": [ "397be52b-1708-4c3c-a7d3-8e4dcbfe8016" ],
        "x-ms-client-request-id": [ "89a6bbd8-4b5a-45ba-ac08-bbc19f1dc4f2" ],
        "Server": [ "Kestrel" ],
        "x-ms-ratelimit-remaining-subscription-reads": [ "11905" ],
        "x-ms-correlation-request-id": [ "20af3cdc-52ec-4182-b13b-200d14f4e736" ],
        "x-ms-routing-request-id": [ "SOUTHEASTASIA:20230426T144130Z:20af3cdc-52ec-4182-b13b-200d14f4e736" ],
        "X-Content-Type-Options": [ "nosniff" ],
        "Date": [ "Wed, 26 Apr 2023 14:41:30 GMT" ]
      },
      "ContentHeaders": {
        "Content-Length": [ "789" ],
        "Content-Type": [ "application/json; charset=utf-8" ],
        "Expires": [ "-1" ]
      },
      "Content": "{\"value\":[{\"id\":\"/subscriptions/27cafca8-b9a4-4264-b399-45d0c9cca1ab/resourcegroups/testps-rg-ygjp/providers/Microsoft.Cdn/profiles/fdp-c24dbl/securitypolicies/pol-ip8fr4\",\"type\":\"Microsoft.Cdn/profiles/securitypolicies\",\"name\":\"pol-ip8fr4\",\"properties\":{\"parameters\":{\"wafPolicy\":{\"id\":\"/subscriptions/27cafca8-b9a4-4264-b399-45d0c9cca1ab/resourcegroups/powershelltest/providers/Microsoft.Network/frontdoorwebapplicationfirewallpolicies/powershelltestwaf\"},\"associations\":[{\"domains\":[{\"isActive\":true,\"id\":\"/subscriptions/27cafca8-b9a4-4264-b399-45d0c9cca1ab/resourcegroups/testps-rg-ygjp/providers/Microsoft.Cdn/profiles/fdp-c24dbl/afdendpoints/end-jseb4p\"}],\"patternsToMatch\":[\"/*\"]}],\"type\":\"WebApplicationFirewall\"},\"deploymentStatus\":\"NotStarted\",\"provisioningState\":\"Succeeded\"}}]}",
      "isContentBase64": false
    }
  },
  "Get-AzFrontDoorCdnSecurityPolicy+[NoContext]+Get+$GET+https://management.azure.com/subscriptions/27cafca8-b9a4-4264-b399-45d0c9cca1ab/resourceGroups/testps-rg-ygjp/providers/Microsoft.Cdn/profiles/fdp-c24dbl/securityPolicies/pol-ip8fr4?api-version=2022-11-01-preview+1": {
    "Request": {
      "Method": "GET",
      "RequestUri": "https://management.azure.com/subscriptions/27cafca8-b9a4-4264-b399-45d0c9cca1ab/resourceGroups/testps-rg-ygjp/providers/Microsoft.Cdn/profiles/fdp-c24dbl/securityPolicies/pol-ip8fr4?api-version=2022-11-01-preview",
      "Content": null,
      "isContentBase64": false,
      "Headers": {
        "x-ms-unique-id": [ "242" ],
        "x-ms-client-request-id": [ "4cb5f6b8-5c68-4cbd-8ee0-56cb068bfc64" ],
        "CommandName": [ "Get-AzFrontDoorCdnSecurityPolicy" ],
        "FullCommandName": [ "Get-AzFrontDoorCdnSecurityPolicy_Get" ],
        "ParameterSetName": [ "__AllParameterSets" ],
        "User-Agent": [ "AzurePowershell/v0.0.0", "PSVersion/v7.2.11", "Az.Cdn/0.1.0" ],
        "Authorization": [ "[Filtered]" ]
      },
      "ContentHeaders": {
      }
    },
    "Response": {
      "StatusCode": 200,
      "Headers": {
        "Cache-Control": [ "no-cache" ],
        "Pragma": [ "no-cache" ],
        "Strict-Transport-Security": [ "max-age=31536000; includeSubDomains" ],
        "x-ms-request-id": [ "84657543-0753-4a21-96f9-5a2dfbf6561a" ],
        "x-ms-client-request-id": [ "4cb5f6b8-5c68-4cbd-8ee0-56cb068bfc64" ],
        "Server": [ "Kestrel" ],
        "x-ms-ratelimit-remaining-subscription-reads": [ "11904" ],
        "x-ms-correlation-request-id": [ "54e5ea6b-9bb6-432f-b932-6e5d4cdeca54" ],
        "x-ms-routing-request-id": [ "SOUTHEASTASIA:20230426T144131Z:54e5ea6b-9bb6-432f-b932-6e5d4cdeca54" ],
        "X-Content-Type-Options": [ "nosniff" ],
        "Date": [ "Wed, 26 Apr 2023 14:41:31 GMT" ]
      },
      "ContentHeaders": {
        "Content-Length": [ "777" ],
        "Content-Type": [ "application/json; charset=utf-8" ],
        "Expires": [ "-1" ]
      },
      "Content": "{\"id\":\"/subscriptions/27cafca8-b9a4-4264-b399-45d0c9cca1ab/resourcegroups/testps-rg-ygjp/providers/Microsoft.Cdn/profiles/fdp-c24dbl/securitypolicies/pol-ip8fr4\",\"type\":\"Microsoft.Cdn/profiles/securitypolicies\",\"name\":\"pol-ip8fr4\",\"properties\":{\"parameters\":{\"wafPolicy\":{\"id\":\"/subscriptions/27cafca8-b9a4-4264-b399-45d0c9cca1ab/resourcegroups/powershelltest/providers/Microsoft.Network/frontdoorwebapplicationfirewallpolicies/powershelltestwaf\"},\"associations\":[{\"domains\":[{\"isActive\":true,\"id\":\"/subscriptions/27cafca8-b9a4-4264-b399-45d0c9cca1ab/resourcegroups/testps-rg-ygjp/providers/Microsoft.Cdn/profiles/fdp-c24dbl/afdendpoints/end-jseb4p\"}],\"patternsToMatch\":[\"/*\"]}],\"type\":\"WebApplicationFirewall\"},\"deploymentStatus\":\"NotStarted\",\"provisioningState\":\"Succeeded\"}}",
      "isContentBase64": false
    }
  }
}