{
  "Get-AzCdnProfileSupportedOptimizationType+[NoContext]+List+$PUT+https://management.azure.com/subscriptions/27cafca8-b9a4-4264-b399-45d0c9cca1ab/resourceGroups/testps-rg-vbps01/providers/Microsoft.Cdn/profiles/p-c1ztik?api-version=2022-11-01-preview+1": {
    "Request": {
      "Method": "PUT",
      "RequestUri": "https://management.azure.com/subscriptions/27cafca8-b9a4-4264-b399-45d0c9cca1ab/resourceGroups/testps-rg-vbps01/providers/Microsoft.Cdn/profiles/p-c1ztik?api-version=2022-11-01-preview",
      "Content": "{\r\n  \"location\": \"Global\",\r\n  \"sku\": {\r\n    \"name\": \"Standard_Microsoft\"\r\n  }\r\n}",
      "isContentBase64": false,
      "Headers": {
      },
      "ContentHeaders": {
        "Content-Type": [ "application/json" ],
        "Content-Length": [ "80" ]
      }
    },
    "Response": {
      "StatusCode": 201,
      "Headers": {
        "Cache-Control": [ "no-cache" ],
        "Pragma": [ "no-cache" ],
        "Retry-After": [ "10" ],
        "Strict-Transport-Security": [ "max-age=31536000; includeSubDomains" ],
        "x-ms-request-id": [ "caaa51a2-7268-4607-a660-37e6153f680b" ],
        "x-ms-client-request-id": [ "a6d6afca-7c5e-482b-90dc-13c143d77e34" ],
        "Azure-AsyncOperation": [ "https://management.azure.com/subscriptions/27cafca8-b9a4-4264-b399-45d0c9cca1ab/resourcegroups/testps-rg-vbps01/providers/Microsoft.Cdn/operationresults/e076772d-5dd3-4dc3-a570-d0816b8cc3dc?api-version=2022-11-01-preview" ],
        "Server": [ "Kestrel" ],
        "x-ms-ratelimit-remaining-subscription-resource-requests": [ "23" ],
        "x-ms-correlation-request-id": [ "b80b97bc-d8d3-4f0c-b9da-6c2c26eb6dc4" ],
        "x-ms-routing-request-id": [ "SOUTHEASTASIA:20230325T004557Z:b80b97bc-d8d3-4f0c-b9da-6c2c26eb6dc4" ],
        "X-Content-Type-Options": [ "nosniff" ],
        "Date": [ "Sat, 25 Mar 2023 00:45:57 GMT" ]
      },
      "ContentHeaders": {
        "Content-Length": [ "360" ],
        "Content-Type": [ "application/json; charset=utf-8" ],
        "Expires": [ "-1" ]
      },
      "Content": "{\"id\":\"/subscriptions/27cafca8-b9a4-4264-b399-45d0c9cca1ab/resourcegroups/testps-rg-vbps01/providers/Microsoft.Cdn/profiles/p-c1ztik\",\"type\":\"Microsoft.Cdn/profiles\",\"name\":\"p-c1ztik\",\"location\":\"Global\",\"kind\":\"cdn\",\"tags\":{},\"sku\":{\"name\":\"Standard_Microsoft\"},\"properties\":{\"extendedProperties\":{},\"resourceState\":\"Creating\",\"provisioningState\":\"Creating\"}}",
      "isContentBase64": false
    }
  },
  "Get-AzCdnProfileSupportedOptimizationType+[NoContext]+List+$GET+https://management.azure.com/subscriptions/27cafca8-b9a4-4264-b399-45d0c9cca1ab/resourcegroups/testps-rg-vbps01/providers/Microsoft.Cdn/operationresults/e076772d-5dd3-4dc3-a570-d0816b8cc3dc?api-version=2022-11-01-preview+2": {
    "Request": {
      "Method": "GET",
      "RequestUri": "https://management.azure.com/subscriptions/27cafca8-b9a4-4264-b399-45d0c9cca1ab/resourcegroups/testps-rg-vbps01/providers/Microsoft.Cdn/operationresults/e076772d-5dd3-4dc3-a570-d0816b8cc3dc?api-version=2022-11-01-preview",
      "Content": null,
      "isContentBase64": false,
      "Headers": {
        "Authorization": [ "[Filtered]" ],
        "x-ms-unique-id": [ "320" ],
        "x-ms-client-request-id": [ "a6d6afca-7c5e-482b-90dc-13c143d77e34" ],
        "CommandName": [ "Az.Cdn.internal\\New-AzCdnProfile" ],
        "FullCommandName": [ "New-AzCdnProfile_CreateExpanded" ],
        "ParameterSetName": [ "__AllParameterSets" ],
        "User-Agent": [ "AzurePowershell/v0.0.0", "PSVersion/v7.2.9", "Az.Cdn/0.1.0" ]
      },
      "ContentHeaders": {
      }
    },
    "Response": {
      "StatusCode": 200,
      "Headers": {
        "Cache-Control": [ "no-cache" ],
        "Pragma": [ "no-cache" ],
        "Strict-Transport-Security": [ "max-age=31536000; includeSubDomains" ],
        "x-ms-request-id": [ "8980a5df-ff69-49ba-9b59-30ebc1d5cc1b" ],
        "x-ms-client-request-id": [ "a6d6afca-7c5e-482b-90dc-13c143d77e34" ],
        "Server": [ "Kestrel" ],
        "x-ms-ratelimit-remaining-subscription-reads": [ "11998" ],
        "x-ms-correlation-request-id": [ "2c939b63-f946-4908-a2ec-909a8cd11a63" ],
        "x-ms-routing-request-id": [ "SOUTHEASTASIA:20230325T004607Z:2c939b63-f946-4908-a2ec-909a8cd11a63" ],
        "X-Content-Type-Options": [ "nosniff" ],
        "Date": [ "Sat, 25 Mar 2023 00:46:07 GMT" ]
      },
      "ContentHeaders": {
        "Content-Length": [ "61" ],
        "Content-Type": [ "application/json; charset=utf-8" ],
        "Expires": [ "-1" ]
      },
      "Content": "{\"status\":\"Succeeded\",\"error\":{\"code\":\"None\",\"message\":null}}",
      "isContentBase64": false
    }
  },
  "Get-AzCdnProfileSupportedOptimizationType+[NoContext]+List+$GET+https://management.azure.com/subscriptions/27cafca8-b9a4-4264-b399-45d0c9cca1ab/resourceGroups/testps-rg-vbps01/providers/Microsoft.Cdn/profiles/p-c1ztik?api-version=2022-11-01-preview+3": {
    "Request": {
      "Method": "GET",
      "RequestUri": "https://management.azure.com/subscriptions/27cafca8-b9a4-4264-b399-45d0c9cca1ab/resourceGroups/testps-rg-vbps01/providers/Microsoft.Cdn/profiles/p-c1ztik?api-version=2022-11-01-preview",
      "Content": null,
      "isContentBase64": false,
      "Headers": {
        "Authorization": [ "[Filtered]" ],
        "x-ms-unique-id": [ "321" ],
        "x-ms-client-request-id": [ "a6d6afca-7c5e-482b-90dc-13c143d77e34" ],
        "CommandName": [ "Az.Cdn.internal\\New-AzCdnProfile" ],
        "FullCommandName": [ "New-AzCdnProfile_CreateExpanded" ],
        "ParameterSetName": [ "__AllParameterSets" ],
        "User-Agent": [ "AzurePowershell/v0.0.0", "PSVersion/v7.2.9", "Az.Cdn/0.1.0" ]
      },
      "ContentHeaders": {
      }
    },
    "Response": {
      "StatusCode": 200,
      "Headers": {
        "Cache-Control": [ "no-cache" ],
        "Pragma": [ "no-cache" ],
        "Strict-Transport-Security": [ "max-age=31536000; includeSubDomains" ],
        "x-ms-request-id": [ "37e174fb-adfc-4d23-a964-0b41cc6fd3c0" ],
        "x-ms-client-request-id": [ "a6d6afca-7c5e-482b-90dc-13c143d77e34" ],
        "Server": [ "Kestrel" ],
        "x-ms-ratelimit-remaining-subscription-resource-requests": [ "47" ],
        "x-ms-correlation-request-id": [ "7c4e998f-3c18-4a92-acff-b831871eac16" ],
        "x-ms-routing-request-id": [ "SOUTHEASTASIA:20230325T004608Z:7c4e998f-3c18-4a92-acff-b831871eac16" ],
        "X-Content-Type-Options": [ "nosniff" ],
        "Date": [ "Sat, 25 Mar 2023 00:46:08 GMT" ]
      },
      "ContentHeaders": {
        "Content-Length": [ "359" ],
        "Content-Type": [ "application/json; charset=utf-8" ],
        "Expires": [ "-1" ]
      },
      "Content": "{\"id\":\"/subscriptions/27cafca8-b9a4-4264-b399-45d0c9cca1ab/resourcegroups/testps-rg-vbps01/providers/Microsoft.Cdn/profiles/p-c1ztik\",\"type\":\"Microsoft.Cdn/profiles\",\"name\":\"p-c1ztik\",\"location\":\"Global\",\"kind\":\"cdn\",\"tags\":{},\"sku\":{\"name\":\"Standard_Microsoft\"},\"properties\":{\"extendedProperties\":{},\"resourceState\":\"Active\",\"provisioningState\":\"Succeeded\"}}",
      "isContentBase64": false
    }
  },
  "Get-AzCdnProfileSupportedOptimizationType+[NoContext]+List+$GET+https://management.azure.com/subscriptions/27cafca8-b9a4-4264-b399-45d0c9cca1ab/resourceGroups/testps-rg-vbps01/providers/Microsoft.Cdn/profiles/p-c1ztik?api-version=2022-11-01-preview+4": {
    "Request": {
      "Method": "GET",
      "RequestUri": "https://management.azure.com/subscriptions/27cafca8-b9a4-4264-b399-45d0c9cca1ab/resourceGroups/testps-rg-vbps01/providers/Microsoft.Cdn/profiles/p-c1ztik?api-version=2022-11-01-preview",
      "Content": null,
      "isContentBase64": false,
      "Headers": {
        "x-ms-unique-id": [ "322" ],
        "x-ms-client-request-id": [ "d27af98a-1b65-4036-b0ee-793565c06b77" ],
        "CommandName": [ "Az.Cdn.internal\\Get-AzCdnProfile" ],
        "FullCommandName": [ "Get-AzCdnProfile_Get" ],
        "ParameterSetName": [ "__AllParameterSets" ],
        "User-Agent": [ "AzurePowershell/v0.0.0", "PSVersion/v7.2.9", "Az.Cdn/0.1.0" ],
        "Authorization": [ "[Filtered]" ]
      },
      "ContentHeaders": {
      }
    },
    "Response": {
      "StatusCode": 200,
      "Headers": {
        "Cache-Control": [ "no-cache" ],
        "Pragma": [ "no-cache" ],
        "Strict-Transport-Security": [ "max-age=31536000; includeSubDomains" ],
        "x-ms-request-id": [ "33c595f8-79d2-4b31-832b-cde842c413e5" ],
        "x-ms-client-request-id": [ "d27af98a-1b65-4036-b0ee-793565c06b77" ],
        "Server": [ "Kestrel" ],
        "x-ms-ratelimit-remaining-subscription-resource-requests": [ "46" ],
        "x-ms-correlation-request-id": [ "62ade0d6-8be7-4783-aea1-f5a4a3136207" ],
        "x-ms-routing-request-id": [ "SOUTHEASTASIA:20230325T004608Z:62ade0d6-8be7-4783-aea1-f5a4a3136207" ],
        "X-Content-Type-Options": [ "nosniff" ],
        "Date": [ "Sat, 25 Mar 2023 00:46:08 GMT" ]
      },
      "ContentHeaders": {
        "Content-Length": [ "359" ],
        "Content-Type": [ "application/json; charset=utf-8" ],
        "Expires": [ "-1" ]
      },
      "Content": "{\"id\":\"/subscriptions/27cafca8-b9a4-4264-b399-45d0c9cca1ab/resourcegroups/testps-rg-vbps01/providers/Microsoft.Cdn/profiles/p-c1ztik\",\"type\":\"Microsoft.Cdn/profiles\",\"name\":\"p-c1ztik\",\"location\":\"Global\",\"kind\":\"cdn\",\"tags\":{},\"sku\":{\"name\":\"Standard_Microsoft\"},\"properties\":{\"extendedProperties\":{},\"resourceState\":\"Active\",\"provisioningState\":\"Succeeded\"}}",
      "isContentBase64": false
    }
  },
  "Get-AzCdnProfileSupportedOptimizationType+[NoContext]+List+$POST+https://management.azure.com/subscriptions/27cafca8-b9a4-4264-b399-45d0c9cca1ab/resourceGroups/testps-rg-vbps01/providers/Microsoft.Cdn/profiles/p-c1ztik/getSupportedOptimizationTypes?api-version=2022-11-01-preview+5": {
    "Request": {
      "Method": "POST",
      "RequestUri": "https://management.azure.com/subscriptions/27cafca8-b9a4-4264-b399-45d0c9cca1ab/resourceGroups/testps-rg-vbps01/providers/Microsoft.Cdn/profiles/p-c1ztik/getSupportedOptimizationTypes?api-version=2022-11-01-preview",
      "Content": null,
      "isContentBase64": false,
      "Headers": {
        "x-ms-unique-id": [ "323" ],
        "x-ms-client-request-id": [ "b5f52557-a191-4c29-8a62-31eb439219f9" ],
        "CommandName": [ "Get-AzCdnProfileSupportedOptimizationType" ],
        "FullCommandName": [ "Get-AzCdnProfileSupportedOptimizationType_List" ],
        "ParameterSetName": [ "__AllParameterSets" ],
        "User-Agent": [ "AzurePowershell/v0.0.0", "PSVersion/v7.2.9", "Az.Cdn/0.1.0" ],
        "Authorization": [ "[Filtered]" ]
      },
      "ContentHeaders": {
      }
    },
    "Response": {
      "StatusCode": 200,
      "Headers": {
        "Cache-Control": [ "no-cache" ],
        "Pragma": [ "no-cache" ],
        "Strict-Transport-Security": [ "max-age=31536000; includeSubDomains" ],
        "x-ms-request-id": [ "060ba720-4495-4e12-b7d2-72e7ce910c5b" ],
        "x-ms-client-request-id": [ "b5f52557-a191-4c29-8a62-31eb439219f9" ],
        "Server": [ "Kestrel" ],
        "x-ms-ratelimit-remaining-subscription-writes": [ "1198" ],
        "x-ms-correlation-request-id": [ "47cad454-26bb-43c9-adb1-acb98734f401" ],
        "x-ms-routing-request-id": [ "SOUTHEASTASIA:20230325T004609Z:47cad454-26bb-43c9-adb1-acb98734f401" ],
        "X-Content-Type-Options": [ "nosniff" ],
        "Date": [ "Sat, 25 Mar 2023 00:46:09 GMT" ]
      },
      "ContentHeaders": {
        "Content-Length": [ "53" ],
        "Content-Type": [ "application/json; charset=utf-8" ],
        "Expires": [ "-1" ]
      },
      "Content": "{\"supportedOptimizationTypes\":[\"GeneralWebDelivery\"]}",
      "isContentBase64": false
    }
  }
}