{
  "Import-AzCdnEndpointContent+[NoContext]+LoadExpanded+$POST+https://management.azure.com/subscriptions/27cafca8-b9a4-4264-b399-45d0c9cca1ab/resourceGroups/testps-rg-n0yf/providers/Microsoft.Cdn/profiles/p-c8lt5n/endpoints/e-or6hbm/load?api-version=2022-11-01-preview+1": {
    "Request": {
      "Method": "POST",
      "RequestUri": "https://management.azure.com/subscriptions/27cafca8-b9a4-4264-b399-45d0c9cca1ab/resourceGroups/testps-rg-n0yf/providers/Microsoft.Cdn/profiles/p-c8lt5n/endpoints/e-or6hbm/load?api-version=2022-11-01-preview",
      "Content": "{\r\n  \"contentPaths\": [ \"/movies/amazing.mp4\", \"/pictures/pic1.jpg\" ]\r\n}",
      "isContentBase64": false,
      "Headers": {
      },
      "ContentHeaders": {
        "Content-Type": [ "application/json" ],
        "Content-Length": [ "71" ]
      }
    },
    "Response": {
      "StatusCode": 202,
      "Headers": {
        "Cache-Control": [ "no-cache" ],
        "Pragma": [ "no-cache" ],
        "Location": [ "https://management.azure.com/subscriptions/27cafca8-b9a4-4264-b399-45d0c9cca1ab/resourcegroups/testps-rg-n0yf/providers/Microsoft.Cdn/operationresults/20e78432-58e7-4622-9290-e2f60c081da3/profileresults/p-c8lt5n/endpointresults/e-or6hbm?api-version=2022-11-01-preview" ],
        "Retry-After": [ "10" ],
        "Strict-Transport-Security": [ "max-age=31536000; includeSubDomains" ],
        "x-ms-request-id": [ "57363b91-7fd0-48b1-8b19-8e18cada4d8f" ],
        "x-ms-client-request-id": [ "da078dee-0cf3-4bc3-92ce-14d58293712b" ],
        "Azure-AsyncOperation": [ "https://management.azure.com/subscriptions/27cafca8-b9a4-4264-b399-45d0c9cca1ab/resourcegroups/testps-rg-n0yf/providers/Microsoft.Cdn/operationresults/20e78432-58e7-4622-9290-e2f60c081da3?api-version=2022-11-01-preview" ],
        "Server": [ "Kestrel" ],
        "x-ms-ratelimit-remaining-subscription-resource-requests": [ "499" ],
        "x-ms-correlation-request-id": [ "60544f9e-07c7-4183-990f-a12f4794efcc" ],
        "x-ms-routing-request-id": [ "SOUTHEASTASIA:20230425T135237Z:60544f9e-07c7-4183-990f-a12f4794efcc" ],
        "X-Content-Type-Options": [ "nosniff" ],
        "Date": [ "Tue, 25 Apr 2023 13:52:37 GMT" ]
      },
      "ContentHeaders": {
        "Expires": [ "-1" ],
        "Content-Length": [ "0" ]
      },
      "Content": null,
      "isContentBase64": false
    }
  },
  "Import-AzCdnEndpointContent+[NoContext]+LoadExpanded+$GET+https://management.azure.com/subscriptions/27cafca8-b9a4-4264-b399-45d0c9cca1ab/resourcegroups/testps-rg-n0yf/providers/Microsoft.Cdn/operationresults/20e78432-58e7-4622-9290-e2f60c081da3?api-version=2022-11-01-preview+2": {
    "Request": {
      "Method": "GET",
      "RequestUri": "https://management.azure.com/subscriptions/27cafca8-b9a4-4264-b399-45d0c9cca1ab/resourcegroups/testps-rg-n0yf/providers/Microsoft.Cdn/operationresults/20e78432-58e7-4622-9290-e2f60c081da3?api-version=2022-11-01-preview",
      "Content": null,
      "isContentBase64": false,
      "Headers": {
        "Authorization": [ "[Filtered]" ],
        "x-ms-unique-id": [ "255" ],
        "x-ms-client-request-id": [ "da078dee-0cf3-4bc3-92ce-14d58293712b" ],
        "CommandName": [ "Import-AzCdnEndpointContent" ],
        "FullCommandName": [ "Import-AzCdnEndpointContent_LoadExpanded" ],
        "ParameterSetName": [ "__AllParameterSets" ],
        "User-Agent": [ "AzurePowershell/v0.0.0", "PSVersion/v7.2.11", "Az.Cdn/0.1.0" ]
      },
      "ContentHeaders": {
      }
    },
    "Response": {
      "StatusCode": 200,
      "Headers": {
        "Cache-Control": [ "no-cache" ],
        "Pragma": [ "no-cache" ],
        "Strict-Transport-Security": [ "max-age=31536000; includeSubDomains" ],
        "x-ms-request-id": [ "6b2ebbe2-8539-4344-ba4f-ee46dc62d632" ],
        "x-ms-client-request-id": [ "da078dee-0cf3-4bc3-92ce-14d58293712b" ],
        "Server": [ "Kestrel" ],
        "x-ms-ratelimit-remaining-subscription-reads": [ "11894" ],
        "x-ms-correlation-request-id": [ "827a84e4-c1f6-4013-a0c0-38ab41644cd9" ],
        "x-ms-routing-request-id": [ "SOUTHEASTASIA:20230425T135247Z:827a84e4-c1f6-4013-a0c0-38ab41644cd9" ],
        "X-Content-Type-Options": [ "nosniff" ],
        "Date": [ "Tue, 25 Apr 2023 13:52:47 GMT" ]
      },
      "ContentHeaders": {
        "Content-Length": [ "62" ],
        "Content-Type": [ "application/json; charset=utf-8" ],
        "Expires": [ "-1" ]
      },
      "Content": "{\"status\":\"InProgress\",\"error\":{\"code\":\"None\",\"message\":null}}",
      "isContentBase64": false
    }
  },
  "Import-AzCdnEndpointContent+[NoContext]+LoadExpanded+$GET+https://management.azure.com/subscriptions/27cafca8-b9a4-4264-b399-45d0c9cca1ab/resourcegroups/testps-rg-n0yf/providers/Microsoft.Cdn/operationresults/20e78432-58e7-4622-9290-e2f60c081da3?api-version=2022-11-01-preview+3": {
    "Request": {
      "Method": "GET",
      "RequestUri": "https://management.azure.com/subscriptions/27cafca8-b9a4-4264-b399-45d0c9cca1ab/resourcegroups/testps-rg-n0yf/providers/Microsoft.Cdn/operationresults/20e78432-58e7-4622-9290-e2f60c081da3?api-version=2022-11-01-preview",
      "Content": null,
      "isContentBase64": false,
      "Headers": {
        "Authorization": [ "[Filtered]" ],
        "x-ms-unique-id": [ "256" ],
        "x-ms-client-request-id": [ "da078dee-0cf3-4bc3-92ce-14d58293712b" ],
        "CommandName": [ "Import-AzCdnEndpointContent" ],
        "FullCommandName": [ "Import-AzCdnEndpointContent_LoadExpanded" ],
        "ParameterSetName": [ "__AllParameterSets" ],
        "User-Agent": [ "AzurePowershell/v0.0.0", "PSVersion/v7.2.11", "Az.Cdn/0.1.0" ]
      },
      "ContentHeaders": {
      }
    },
    "Response": {
      "StatusCode": 200,
      "Headers": {
        "Cache-Control": [ "no-cache" ],
        "Pragma": [ "no-cache" ],
        "x-ms-ratelimit-remaining-subscription-reads": [ "11893" ],
        "Strict-Transport-Security": [ "max-age=31536000; includeSubDomains" ],
        "x-ms-request-id": [ "10e0f8ed-e17e-4c18-a4b5-d75d28018dcb" ],
        "x-ms-client-request-id": [ "da078dee-0cf3-4bc3-92ce-14d58293712b" ],
        "Server": [ "Kestrel" ],
        "x-ms-correlation-request-id": [ "c3a97048-7a56-4819-8797-45c960f6abf2" ],
        "x-ms-routing-request-id": [ "SOUTHEASTASIA:20230425T135318Z:c3a97048-7a56-4819-8797-45c960f6abf2" ],
        "X-Content-Type-Options": [ "nosniff" ],
        "Date": [ "Tue, 25 Apr 2023 13:53:17 GMT" ]
      },
      "ContentHeaders": {
        "Content-Length": [ "62" ],
        "Content-Type": [ "application/json; charset=utf-8" ],
        "Expires": [ "-1" ]
      },
      "Content": "{\"status\":\"InProgress\",\"error\":{\"code\":\"None\",\"message\":null}}",
      "isContentBase64": false
    }
  },
  "Import-AzCdnEndpointContent+[NoContext]+LoadExpanded+$GET+https://management.azure.com/subscriptions/27cafca8-b9a4-4264-b399-45d0c9cca1ab/resourcegroups/testps-rg-n0yf/providers/Microsoft.Cdn/operationresults/20e78432-58e7-4622-9290-e2f60c081da3?api-version=2022-11-01-preview+4": {
    "Request": {
      "Method": "GET",
      "RequestUri": "https://management.azure.com/subscriptions/27cafca8-b9a4-4264-b399-45d0c9cca1ab/resourcegroups/testps-rg-n0yf/providers/Microsoft.Cdn/operationresults/20e78432-58e7-4622-9290-e2f60c081da3?api-version=2022-11-01-preview",
      "Content": null,
      "isContentBase64": false,
      "Headers": {
        "Authorization": [ "[Filtered]" ],
        "x-ms-unique-id": [ "257" ],
        "x-ms-client-request-id": [ "da078dee-0cf3-4bc3-92ce-14d58293712b" ],
        "CommandName": [ "Import-AzCdnEndpointContent" ],
        "FullCommandName": [ "Import-AzCdnEndpointContent_LoadExpanded" ],
        "ParameterSetName": [ "__AllParameterSets" ],
        "User-Agent": [ "AzurePowershell/v0.0.0", "PSVersion/v7.2.11", "Az.Cdn/0.1.0" ]
      },
      "ContentHeaders": {
      }
    },
    "Response": {
      "StatusCode": 200,
      "Headers": {
        "Cache-Control": [ "no-cache" ],
        "Pragma": [ "no-cache" ],
        "Strict-Transport-Security": [ "max-age=31536000; includeSubDomains" ],
        "x-ms-request-id": [ "e9c60362-1cca-4d50-9cf3-d75de91d16b3" ],
        "x-ms-client-request-id": [ "da078dee-0cf3-4bc3-92ce-14d58293712b" ],
        "Server": [ "Kestrel" ],
        "x-ms-ratelimit-remaining-subscription-reads": [ "11892" ],
        "x-ms-correlation-request-id": [ "d7b821c5-5c7a-4738-849f-38ac5c756971" ],
        "x-ms-routing-request-id": [ "SOUTHEASTASIA:20230425T135348Z:d7b821c5-5c7a-4738-849f-38ac5c756971" ],
        "X-Content-Type-Options": [ "nosniff" ],
        "Date": [ "Tue, 25 Apr 2023 13:53:48 GMT" ]
      },
      "ContentHeaders": {
        "Content-Length": [ "62" ],
        "Content-Type": [ "application/json; charset=utf-8" ],
        "Expires": [ "-1" ]
      },
      "Content": "{\"status\":\"InProgress\",\"error\":{\"code\":\"None\",\"message\":null}}",
      "isContentBase64": false
    }
  },
  "Import-AzCdnEndpointContent+[NoContext]+LoadExpanded+$GET+https://management.azure.com/subscriptions/27cafca8-b9a4-4264-b399-45d0c9cca1ab/resourcegroups/testps-rg-n0yf/providers/Microsoft.Cdn/operationresults/20e78432-58e7-4622-9290-e2f60c081da3?api-version=2022-11-01-preview+5": {
    "Request": {
      "Method": "GET",
      "RequestUri": "https://management.azure.com/subscriptions/27cafca8-b9a4-4264-b399-45d0c9cca1ab/resourcegroups/testps-rg-n0yf/providers/Microsoft.Cdn/operationresults/20e78432-58e7-4622-9290-e2f60c081da3?api-version=2022-11-01-preview",
      "Content": null,
      "isContentBase64": false,
      "Headers": {
        "Authorization": [ "[Filtered]" ],
        "x-ms-unique-id": [ "258" ],
        "x-ms-client-request-id": [ "da078dee-0cf3-4bc3-92ce-14d58293712b" ],
        "CommandName": [ "Import-AzCdnEndpointContent" ],
        "FullCommandName": [ "Import-AzCdnEndpointContent_LoadExpanded" ],
        "ParameterSetName": [ "__AllParameterSets" ],
        "User-Agent": [ "AzurePowershell/v0.0.0", "PSVersion/v7.2.11", "Az.Cdn/0.1.0" ]
      },
      "ContentHeaders": {
      }
    },
    "Response": {
      "StatusCode": 200,
      "Headers": {
        "Cache-Control": [ "no-cache" ],
        "Pragma": [ "no-cache" ],
        "Strict-Transport-Security": [ "max-age=31536000; includeSubDomains" ],
        "x-ms-request-id": [ "b41b4739-0888-4527-bc67-aaf0370af407" ],
        "x-ms-client-request-id": [ "da078dee-0cf3-4bc3-92ce-14d58293712b" ],
        "Server": [ "Kestrel" ],
        "x-ms-ratelimit-remaining-subscription-reads": [ "11891" ],
        "x-ms-correlation-request-id": [ "ce878574-ec86-4373-9f4c-ef3bc67add80" ],
        "x-ms-routing-request-id": [ "SOUTHEASTASIA:20230425T135419Z:ce878574-ec86-4373-9f4c-ef3bc67add80" ],
        "X-Content-Type-Options": [ "nosniff" ],
        "Date": [ "Tue, 25 Apr 2023 13:54:18 GMT" ]
      },
      "ContentHeaders": {
        "Content-Length": [ "62" ],
        "Content-Type": [ "application/json; charset=utf-8" ],
        "Expires": [ "-1" ]
      },
      "Content": "{\"status\":\"InProgress\",\"error\":{\"code\":\"None\",\"message\":null}}",
      "isContentBase64": false
    }
  },
  "Import-AzCdnEndpointContent+[NoContext]+LoadExpanded+$GET+https://management.azure.com/subscriptions/27cafca8-b9a4-4264-b399-45d0c9cca1ab/resourcegroups/testps-rg-n0yf/providers/Microsoft.Cdn/operationresults/20e78432-58e7-4622-9290-e2f60c081da3?api-version=2022-11-01-preview+6": {
    "Request": {
      "Method": "GET",
      "RequestUri": "https://management.azure.com/subscriptions/27cafca8-b9a4-4264-b399-45d0c9cca1ab/resourcegroups/testps-rg-n0yf/providers/Microsoft.Cdn/operationresults/20e78432-58e7-4622-9290-e2f60c081da3?api-version=2022-11-01-preview",
      "Content": null,
      "isContentBase64": false,
      "Headers": {
        "Authorization": [ "[Filtered]" ],
        "x-ms-unique-id": [ "259" ],
        "x-ms-client-request-id": [ "da078dee-0cf3-4bc3-92ce-14d58293712b" ],
        "CommandName": [ "Import-AzCdnEndpointContent" ],
        "FullCommandName": [ "Import-AzCdnEndpointContent_LoadExpanded" ],
        "ParameterSetName": [ "__AllParameterSets" ],
        "User-Agent": [ "AzurePowershell/v0.0.0", "PSVersion/v7.2.11", "Az.Cdn/0.1.0" ]
      },
      "ContentHeaders": {
      }
    },
    "Response": {
      "StatusCode": 200,
      "Headers": {
        "Cache-Control": [ "no-cache" ],
        "Pragma": [ "no-cache" ],
        "Strict-Transport-Security": [ "max-age=31536000; includeSubDomains" ],
        "x-ms-request-id": [ "e898174a-da78-4232-97d1-98a67b17041d" ],
        "x-ms-client-request-id": [ "da078dee-0cf3-4bc3-92ce-14d58293712b" ],
        "Server": [ "Kestrel" ],
        "x-ms-ratelimit-remaining-subscription-reads": [ "11890" ],
        "x-ms-correlation-request-id": [ "085063ff-d1e8-4213-bd39-cbd3c4287427" ],
        "x-ms-routing-request-id": [ "SOUTHEASTASIA:20230425T135449Z:085063ff-d1e8-4213-bd39-cbd3c4287427" ],
        "X-Content-Type-Options": [ "nosniff" ],
        "Date": [ "Tue, 25 Apr 2023 13:54:48 GMT" ]
      },
      "ContentHeaders": {
        "Content-Length": [ "62" ],
        "Content-Type": [ "application/json; charset=utf-8" ],
        "Expires": [ "-1" ]
      },
      "Content": "{\"status\":\"InProgress\",\"error\":{\"code\":\"None\",\"message\":null}}",
      "isContentBase64": false
    }
  },
  "Import-AzCdnEndpointContent+[NoContext]+LoadExpanded+$GET+https://management.azure.com/subscriptions/27cafca8-b9a4-4264-b399-45d0c9cca1ab/resourcegroups/testps-rg-n0yf/providers/Microsoft.Cdn/operationresults/20e78432-58e7-4622-9290-e2f60c081da3?api-version=2022-11-01-preview+7": {
    "Request": {
      "Method": "GET",
      "RequestUri": "https://management.azure.com/subscriptions/27cafca8-b9a4-4264-b399-45d0c9cca1ab/resourcegroups/testps-rg-n0yf/providers/Microsoft.Cdn/operationresults/20e78432-58e7-4622-9290-e2f60c081da3?api-version=2022-11-01-preview",
      "Content": null,
      "isContentBase64": false,
      "Headers": {
        "Authorization": [ "[Filtered]" ],
        "x-ms-unique-id": [ "260" ],
        "x-ms-client-request-id": [ "da078dee-0cf3-4bc3-92ce-14d58293712b" ],
        "CommandName": [ "Import-AzCdnEndpointContent" ],
        "FullCommandName": [ "Import-AzCdnEndpointContent_LoadExpanded" ],
        "ParameterSetName": [ "__AllParameterSets" ],
        "User-Agent": [ "AzurePowershell/v0.0.0", "PSVersion/v7.2.11", "Az.Cdn/0.1.0" ]
      },
      "ContentHeaders": {
      }
    },
    "Response": {
      "StatusCode": 200,
      "Headers": {
        "Cache-Control": [ "no-cache" ],
        "Pragma": [ "no-cache" ],
        "Strict-Transport-Security": [ "max-age=31536000; includeSubDomains" ],
        "x-ms-request-id": [ "eb18c489-ce4e-43f9-a7f6-e388b93111cf" ],
        "x-ms-client-request-id": [ "da078dee-0cf3-4bc3-92ce-14d58293712b" ],
        "Server": [ "Kestrel" ],
        "x-ms-ratelimit-remaining-subscription-reads": [ "11889" ],
        "x-ms-correlation-request-id": [ "2a0ed65c-4016-4920-99f4-bee9e79f4ea2" ],
        "x-ms-routing-request-id": [ "SOUTHEASTASIA:20230425T135519Z:2a0ed65c-4016-4920-99f4-bee9e79f4ea2" ],
        "X-Content-Type-Options": [ "nosniff" ],
        "Date": [ "Tue, 25 Apr 2023 13:55:18 GMT" ]
      },
      "ContentHeaders": {
        "Content-Length": [ "62" ],
        "Content-Type": [ "application/json; charset=utf-8" ],
        "Expires": [ "-1" ]
      },
      "Content": "{\"status\":\"InProgress\",\"error\":{\"code\":\"None\",\"message\":null}}",
      "isContentBase64": false
    }
  },
  "Import-AzCdnEndpointContent+[NoContext]+LoadExpanded+$GET+https://management.azure.com/subscriptions/27cafca8-b9a4-4264-b399-45d0c9cca1ab/resourcegroups/testps-rg-n0yf/providers/Microsoft.Cdn/operationresults/20e78432-58e7-4622-9290-e2f60c081da3?api-version=2022-11-01-preview+8": {
    "Request": {
      "Method": "GET",
      "RequestUri": "https://management.azure.com/subscriptions/27cafca8-b9a4-4264-b399-45d0c9cca1ab/resourcegroups/testps-rg-n0yf/providers/Microsoft.Cdn/operationresults/20e78432-58e7-4622-9290-e2f60c081da3?api-version=2022-11-01-preview",
      "Content": null,
      "isContentBase64": false,
      "Headers": {
        "Authorization": [ "[Filtered]" ],
        "x-ms-unique-id": [ "261" ],
        "x-ms-client-request-id": [ "da078dee-0cf3-4bc3-92ce-14d58293712b" ],
        "CommandName": [ "Import-AzCdnEndpointContent" ],
        "FullCommandName": [ "Import-AzCdnEndpointContent_LoadExpanded" ],
        "ParameterSetName": [ "__AllParameterSets" ],
        "User-Agent": [ "AzurePowershell/v0.0.0", "PSVersion/v7.2.11", "Az.Cdn/0.1.0" ]
      },
      "ContentHeaders": {
      }
    },
    "Response": {
      "StatusCode": 200,
      "Headers": {
        "Cache-Control": [ "no-cache" ],
        "Pragma": [ "no-cache" ],
        "Strict-Transport-Security": [ "max-age=31536000; includeSubDomains" ],
        "x-ms-request-id": [ "d189329e-2348-4d5d-bc21-c1408a126db6" ],
        "x-ms-client-request-id": [ "da078dee-0cf3-4bc3-92ce-14d58293712b" ],
        "Server": [ "Kestrel" ],
        "x-ms-ratelimit-remaining-subscription-reads": [ "11888" ],
        "x-ms-correlation-request-id": [ "f3677934-adbd-4427-b31c-aea4f4bcd839" ],
        "x-ms-routing-request-id": [ "SOUTHEASTASIA:20230425T135550Z:f3677934-adbd-4427-b31c-aea4f4bcd839" ],
        "X-Content-Type-Options": [ "nosniff" ],
        "Date": [ "Tue, 25 Apr 2023 13:55:50 GMT" ]
      },
      "ContentHeaders": {
        "Content-Length": [ "61" ],
        "Content-Type": [ "application/json; charset=utf-8" ],
        "Expires": [ "-1" ]
      },
      "Content": "{\"status\":\"Succeeded\",\"error\":{\"code\":\"None\",\"message\":null}}",
      "isContentBase64": false
    }
  },
  "Import-AzCdnEndpointContent+[NoContext]+LoadExpanded+$GET+https://management.azure.com/subscriptions/27cafca8-b9a4-4264-b399-45d0c9cca1ab/resourcegroups/testps-rg-n0yf/providers/Microsoft.Cdn/operationresults/20e78432-58e7-4622-9290-e2f60c081da3/profileresults/p-c8lt5n/endpointresults/e-or6hbm?api-version=2022-11-01-preview+9": {
    "Request": {
      "Method": "GET",
      "RequestUri": "https://management.azure.com/subscriptions/27cafca8-b9a4-4264-b399-45d0c9cca1ab/resourcegroups/testps-rg-n0yf/providers/Microsoft.Cdn/operationresults/20e78432-58e7-4622-9290-e2f60c081da3/profileresults/p-c8lt5n/endpointresults/e-or6hbm?api-version=2022-11-01-preview",
      "Content": null,
      "isContentBase64": false,
      "Headers": {
        "Authorization": [ "[Filtered]" ],
        "x-ms-unique-id": [ "262" ],
        "x-ms-client-request-id": [ "da078dee-0cf3-4bc3-92ce-14d58293712b" ],
        "CommandName": [ "Import-AzCdnEndpointContent" ],
        "FullCommandName": [ "Import-AzCdnEndpointContent_LoadExpanded" ],
        "ParameterSetName": [ "__AllParameterSets" ],
        "User-Agent": [ "AzurePowershell/v0.0.0", "PSVersion/v7.2.11", "Az.Cdn/0.1.0" ]
      },
      "ContentHeaders": {
      }
    },
    "Response": {
      "StatusCode": 200,
      "Headers": {
        "Cache-Control": [ "no-cache" ],
        "Pragma": [ "no-cache" ],
        "Strict-Transport-Security": [ "max-age=31536000; includeSubDomains" ],
        "x-ms-request-id": [ "2d0c3343-5159-4ce6-82c9-685a2e81f1f3" ],
        "x-ms-client-request-id": [ "da078dee-0cf3-4bc3-92ce-14d58293712b" ],
        "Server": [ "Kestrel" ],
        "x-ms-ratelimit-remaining-subscription-reads": [ "11887" ],
        "x-ms-correlation-request-id": [ "ee19afab-b165-4c34-a20d-c1768734c557" ],
        "x-ms-routing-request-id": [ "SOUTHEASTASIA:20230425T135550Z:ee19afab-b165-4c34-a20d-c1768734c557" ],
        "X-Content-Type-Options": [ "nosniff" ],
        "Date": [ "Tue, 25 Apr 2023 13:55:50 GMT" ]
      },
      "ContentHeaders": {
        "Content-Length": [ "1326" ],
        "Content-Type": [ "application/json; charset=utf-8" ],
        "Expires": [ "-1" ]
      },
      "Content": "{\"id\":\"/subscriptions/27cafca8-b9a4-4264-b399-45d0c9cca1ab/resourcegroups/testps-rg-n0yf/providers/Microsoft.Cdn/operationresults/20e78432-58e7-4622-9290-e2f60c081da3/profileresults/p-c8lt5n/endpointresults/e-or6hbm\",\"type\":\"Microsoft.Cdn/operationresults/profileresults/endpointresults\",\"name\":\"e-or6hbm\",\"location\":\"WestUs\",\"tags\":{},\"properties\":{\"hostName\":\"e-or6hbm.azureedge.net\",\"originHostHeader\":\"www.bing.com\",\"originPath\":\"/photos\",\"contentTypesToCompress\":[\"text/html\",\"text/css\"],\"isCompressionEnabled\":true,\"isHttpAllowed\":true,\"isHttpsAllowed\":true,\"queryStringCachingBehavior\":\"IgnoreQueryString\",\"optimizationType\":null,\"probePath\":null,\"origins\":[{\"name\":\"origin1\",\"properties\":{\"hostName\":\"host1.hello.com\",\"httpPort\":null,\"httpsPort\":null,\"originHostHeader\":null,\"priority\":null,\"weight\":null,\"enabled\":true,\"privateLinkAlias\":null,\"privateLinkResourceId\":null,\"privateLinkLocation\":null,\"privateEndpointStatus\":null,\"privateLinkApprovalMessage\":null}}],\"originGroups\":[],\"defaultOriginGroup\":null,\"customDomains\":[],\"geoFilters\":[{\"relativePath\":\"/mycar\",\"action\":\"Allow\",\"countryCodes\":[\"AU\"]},{\"relativePath\":\"/mycars\",\"action\":\"Allow\",\"countryCodes\":[\"AU\"]}],\"deliveryPolicy\":null,\"urlSigningKeys\":null,\"webApplicationFirewallPolicyLink\":null,\"resourceState\":\"Running\",\"provisioningState\":\"Succeeded\"}}",
      "isContentBase64": false
    }
  },
  "Import-AzCdnEndpointContent+[NoContext]+LoadExpanded+$POST+https://management.azure.com/subscriptions/27cafca8-b9a4-4264-b399-45d0c9cca1ab/resourceGroups/testps-rg-n0yf/providers/Microsoft.Cdn/profiles/p-c8lt5n/endpoints/fakeEndpoint/load?api-version=2022-11-01-preview+10": {
    "Request": {
      "Method": "POST",
      "RequestUri": "https://management.azure.com/subscriptions/27cafca8-b9a4-4264-b399-45d0c9cca1ab/resourceGroups/testps-rg-n0yf/providers/Microsoft.Cdn/profiles/p-c8lt5n/endpoints/fakeEndpoint/load?api-version=2022-11-01-preview",
      "Content": "{\r\n  \"contentPaths\": [ \"/movies/amazing.mp4\", \"/pictures/pic1.jpg\" ]\r\n}",
      "isContentBase64": false,
      "Headers": {
      },
      "ContentHeaders": {
        "Content-Type": [ "application/json" ],
        "Content-Length": [ "71" ]
      }
    },
    "Response": {
      "StatusCode": 404,
      "Headers": {
        "Cache-Control": [ "no-cache" ],
        "Pragma": [ "no-cache" ],
        "x-ms-failure-cause": [ "gateway" ],
        "x-ms-request-id": [ "1aed8e61-6812-43d7-bc3a-9f05dc70a2af" ],
        "x-ms-correlation-request-id": [ "1aed8e61-6812-43d7-bc3a-9f05dc70a2af" ],
        "x-ms-routing-request-id": [ "SOUTHEASTASIA:20230425T135551Z:1aed8e61-6812-43d7-bc3a-9f05dc70a2af" ],
        "Strict-Transport-Security": [ "max-age=31536000; includeSubDomains" ],
        "X-Content-Type-Options": [ "nosniff" ],
        "Date": [ "Tue, 25 Apr 2023 13:55:50 GMT" ]
      },
      "ContentHeaders": {
        "Content-Length": [ "240" ],
        "Content-Type": [ "application/json; charset=utf-8" ],
        "Expires": [ "-1" ]
      },
      "Content": "{\"error\":{\"code\":\"ResourceNotFound\",\"message\":\"The Resource \u0027Microsoft.Cdn/profiles/p-c8lt5n/endpoints/fakeEndpoint\u0027 under resource group \u0027testps-rg-n0yf\u0027 was not found. For more details please go to https://aka.ms/ARMResourceNotFoundFix\"}}",
      "isContentBase64": false
    }
  },
  "Import-AzCdnEndpointContent+[NoContext]+LoadExpanded+$POST+https://management.azure.com/subscriptions/27cafca8-b9a4-4264-b399-45d0c9cca1ab/resourceGroups/testps-rg-n0yf/providers/Microsoft.Cdn/profiles/p-c8lt5n/endpoints/e-or6hbm/load?api-version=2022-11-01-preview+11": {
    "Request": {
      "Method": "POST",
      "RequestUri": "https://management.azure.com/subscriptions/27cafca8-b9a4-4264-b399-45d0c9cca1ab/resourceGroups/testps-rg-n0yf/providers/Microsoft.Cdn/profiles/p-c8lt5n/endpoints/e-or6hbm/load?api-version=2022-11-01-preview",
      "Content": "{\r\n  \"contentPaths\": [ \"/movies/*\" ]\r\n}",
      "isContentBase64": false,
      "Headers": {
      },
      "ContentHeaders": {
        "Content-Type": [ "application/json" ],
        "Content-Length": [ "39" ]
      }
    },
    "Response": {
      "StatusCode": 400,
      "Headers": {
        "Cache-Control": [ "no-cache" ],
        "Pragma": [ "no-cache" ],
        "x-ms-ratelimit-remaining-subscription-resource-requests": [ "497" ],
        "Strict-Transport-Security": [ "max-age=31536000; includeSubDomains" ],
        "x-ms-request-id": [ "954d3a50-1bc2-4aae-be62-9dae1d0e55ff" ],
        "x-ms-client-request-id": [ "0fa90055-6081-448e-aaaa-e8d3a166555d" ],
        "Server": [ "Kestrel" ],
        "x-ms-correlation-request-id": [ "b00551bc-27ff-43a9-850e-6d82996c0d82" ],
        "x-ms-routing-request-id": [ "SOUTHEASTASIA:20230425T135551Z:b00551bc-27ff-43a9-850e-6d82996c0d82" ],
        "X-Content-Type-Options": [ "nosniff" ],
        "Date": [ "Tue, 25 Apr 2023 13:55:51 GMT" ]
      },
      "ContentHeaders": {
        "Content-Length": [ "191" ],
        "Content-Type": [ "application/json" ],
        "Expires": [ "-1" ]
      },
      "Content": "{\n  \"error\": {\n    \"code\": \"BadRequest\",\n    \"message\": \"Invalid ContentPath \\\"/movies/*\\\". ContentPath for load action must be a relative path for a single resource \\\"/path/pic.jpg\\\".\"\n  }\n}",
      "isContentBase64": false
    }
  },
  "Import-AzCdnEndpointContent+[NoContext]+LoadExpanded+$POST+https://management.azure.com/subscriptions/27cafca8-b9a4-4264-b399-45d0c9cca1ab/resourceGroups/testps-rg-n0yf/providers/Microsoft.Cdn/profiles/p-c8lt5n/endpoints/e-or6hbm/stop?api-version=2022-11-01-preview+12": {
    "Request": {
      "Method": "POST",
      "RequestUri": "https://management.azure.com/subscriptions/27cafca8-b9a4-4264-b399-45d0c9cca1ab/resourceGroups/testps-rg-n0yf/providers/Microsoft.Cdn/profiles/p-c8lt5n/endpoints/e-or6hbm/stop?api-version=2022-11-01-preview",
      "Content": null,
      "isContentBase64": false,
      "Headers": {
        "x-ms-unique-id": [ "265" ],
        "x-ms-client-request-id": [ "462e3f03-ae57-4630-b39a-45c75ce2f213" ],
        "CommandName": [ "Stop-AzCdnEndpoint" ],
        "FullCommandName": [ "Stop-AzCdnEndpoint_Stop" ],
        "ParameterSetName": [ "__AllParameterSets" ],
        "User-Agent": [ "AzurePowershell/v0.0.0", "PSVersion/v7.2.11", "Az.Cdn/0.1.0" ],
        "Authorization": [ "[Filtered]" ]
      },
      "ContentHeaders": {
      }
    },
    "Response": {
      "StatusCode": 202,
      "Headers": {
        "Cache-Control": [ "no-cache" ],
        "Pragma": [ "no-cache" ],
        "Location": [ "https://management.azure.com/subscriptions/27cafca8-b9a4-4264-b399-45d0c9cca1ab/resourcegroups/testps-rg-n0yf/providers/Microsoft.Cdn/operationresults/8fb21a0f-9f05-477f-98e7-8cad22c76406/profileresults/p-c8lt5n/endpointresults/e-or6hbm?api-version=2022-11-01-preview" ],
        "Retry-After": [ "10" ],
        "Strict-Transport-Security": [ "max-age=31536000; includeSubDomains" ],
        "x-ms-request-id": [ "ca585368-8394-4319-8489-182a0a9852e7" ],
        "x-ms-client-request-id": [ "462e3f03-ae57-4630-b39a-45c75ce2f213" ],
        "Azure-AsyncOperation": [ "https://management.azure.com/subscriptions/27cafca8-b9a4-4264-b399-45d0c9cca1ab/resourcegroups/testps-rg-n0yf/providers/Microsoft.Cdn/operationresults/8fb21a0f-9f05-477f-98e7-8cad22c76406?api-version=2022-11-01-preview" ],
        "Server": [ "Kestrel" ],
        "x-ms-ratelimit-remaining-subscription-resource-requests": [ "49" ],
        "x-ms-correlation-request-id": [ "dfd9f576-a039-4b1f-baf7-bd663abd905e" ],
        "x-ms-routing-request-id": [ "SOUTHEASTASIA:20230425T135552Z:dfd9f576-a039-4b1f-baf7-bd663abd905e" ],
        "X-Content-Type-Options": [ "nosniff" ],
        "Date": [ "Tue, 25 Apr 2023 13:55:52 GMT" ]
      },
      "ContentHeaders": {
        "Content-Length": [ "1232" ],
        "Content-Type": [ "application/json; charset=utf-8" ],
        "Expires": [ "-1" ]
      },
      "Content": "{\"id\":\"/subscriptions/27cafca8-b9a4-4264-b399-45d0c9cca1ab/resourcegroups/testps-rg-n0yf/providers/Microsoft.Cdn/profiles/p-c8lt5n/endpoints/e-or6hbm\",\"type\":\"Microsoft.Cdn/profiles/endpoints\",\"name\":\"e-or6hbm\",\"location\":\"WestUs\",\"tags\":{},\"properties\":{\"hostName\":\"e-or6hbm.azureedge.net\",\"originHostHeader\":\"www.bing.com\",\"originPath\":\"/photos\",\"contentTypesToCompress\":[\"text/html\",\"text/css\"],\"isCompressionEnabled\":true,\"isHttpAllowed\":true,\"isHttpsAllowed\":true,\"queryStringCachingBehavior\":\"IgnoreQueryString\",\"optimizationType\":null,\"probePath\":null,\"origins\":[{\"name\":\"origin1\",\"properties\":{\"hostName\":\"host1.hello.com\",\"httpPort\":null,\"httpsPort\":null,\"originHostHeader\":null,\"priority\":null,\"weight\":null,\"enabled\":true,\"privateLinkAlias\":null,\"privateLinkResourceId\":null,\"privateLinkLocation\":null,\"privateEndpointStatus\":null,\"privateLinkApprovalMessage\":null}}],\"originGroups\":[],\"defaultOriginGroup\":null,\"customDomains\":[],\"geoFilters\":[{\"relativePath\":\"/mycar\",\"action\":\"Allow\",\"countryCodes\":[\"AU\"]},{\"relativePath\":\"/mycars\",\"action\":\"Allow\",\"countryCodes\":[\"AU\"]}],\"deliveryPolicy\":null,\"urlSigningKeys\":null,\"webApplicationFirewallPolicyLink\":null,\"resourceState\":\"Stopping\",\"provisioningState\":\"Succeeded\"}}",
      "isContentBase64": false
    }
  },
  "Import-AzCdnEndpointContent+[NoContext]+LoadExpanded+$GET+https://management.azure.com/subscriptions/27cafca8-b9a4-4264-b399-45d0c9cca1ab/resourcegroups/testps-rg-n0yf/providers/Microsoft.Cdn/operationresults/8fb21a0f-9f05-477f-98e7-8cad22c76406?api-version=2022-11-01-preview+13": {
    "Request": {
      "Method": "GET",
      "RequestUri": "https://management.azure.com/subscriptions/27cafca8-b9a4-4264-b399-45d0c9cca1ab/resourcegroups/testps-rg-n0yf/providers/Microsoft.Cdn/operationresults/8fb21a0f-9f05-477f-98e7-8cad22c76406?api-version=2022-11-01-preview",
      "Content": null,
      "isContentBase64": false,
      "Headers": {
        "Authorization": [ "[Filtered]" ],
        "x-ms-unique-id": [ "266" ],
        "x-ms-client-request-id": [ "462e3f03-ae57-4630-b39a-45c75ce2f213" ],
        "CommandName": [ "Stop-AzCdnEndpoint" ],
        "FullCommandName": [ "Stop-AzCdnEndpoint_Stop" ],
        "ParameterSetName": [ "__AllParameterSets" ],
        "User-Agent": [ "AzurePowershell/v0.0.0", "PSVersion/v7.2.11", "Az.Cdn/0.1.0" ]
      },
      "ContentHeaders": {
      }
    },
    "Response": {
      "StatusCode": 200,
      "Headers": {
        "Cache-Control": [ "no-cache" ],
        "Pragma": [ "no-cache" ],
        "Strict-Transport-Security": [ "max-age=31536000; includeSubDomains" ],
        "x-ms-request-id": [ "c4987dbd-633d-4971-a348-8ae95302bac9" ],
        "x-ms-client-request-id": [ "462e3f03-ae57-4630-b39a-45c75ce2f213" ],
        "Server": [ "Kestrel" ],
        "x-ms-ratelimit-remaining-subscription-reads": [ "11886" ],
        "x-ms-correlation-request-id": [ "cc13c98a-7f11-4942-b06a-4a231d933625" ],
        "x-ms-routing-request-id": [ "SOUTHEASTASIA:20230425T135603Z:cc13c98a-7f11-4942-b06a-4a231d933625" ],
        "X-Content-Type-Options": [ "nosniff" ],
        "Date": [ "Tue, 25 Apr 2023 13:56:02 GMT" ]
      },
      "ContentHeaders": {
        "Content-Length": [ "62" ],
        "Content-Type": [ "application/json; charset=utf-8" ],
        "Expires": [ "-1" ]
      },
      "Content": "{\"status\":\"InProgress\",\"error\":{\"code\":\"None\",\"message\":null}}",
      "isContentBase64": false
    }
  },
  "Import-AzCdnEndpointContent+[NoContext]+LoadExpanded+$GET+https://management.azure.com/subscriptions/27cafca8-b9a4-4264-b399-45d0c9cca1ab/resourcegroups/testps-rg-n0yf/providers/Microsoft.Cdn/operationresults/8fb21a0f-9f05-477f-98e7-8cad22c76406?api-version=2022-11-01-preview+14": {
    "Request": {
      "Method": "GET",
      "RequestUri": "https://management.azure.com/subscriptions/27cafca8-b9a4-4264-b399-45d0c9cca1ab/resourcegroups/testps-rg-n0yf/providers/Microsoft.Cdn/operationresults/8fb21a0f-9f05-477f-98e7-8cad22c76406?api-version=2022-11-01-preview",
      "Content": null,
      "isContentBase64": false,
      "Headers": {
        "Authorization": [ "[Filtered]" ],
        "x-ms-unique-id": [ "267" ],
        "x-ms-client-request-id": [ "462e3f03-ae57-4630-b39a-45c75ce2f213" ],
        "CommandName": [ "Stop-AzCdnEndpoint" ],
        "FullCommandName": [ "Stop-AzCdnEndpoint_Stop" ],
        "ParameterSetName": [ "__AllParameterSets" ],
        "User-Agent": [ "AzurePowershell/v0.0.0", "PSVersion/v7.2.11", "Az.Cdn/0.1.0" ]
      },
      "ContentHeaders": {
      }
    },
    "Response": {
      "StatusCode": 200,
      "Headers": {
        "Cache-Control": [ "no-cache" ],
        "Pragma": [ "no-cache" ],
        "Strict-Transport-Security": [ "max-age=31536000; includeSubDomains" ],
        "x-ms-request-id": [ "4f4aea30-f157-4ae1-81fb-3cf8941be655" ],
        "x-ms-client-request-id": [ "462e3f03-ae57-4630-b39a-45c75ce2f213" ],
        "Server": [ "Kestrel" ],
        "x-ms-ratelimit-remaining-subscription-reads": [ "11885" ],
        "x-ms-correlation-request-id": [ "9d430742-42c6-4839-adaf-4edf940f34e2" ],
        "x-ms-routing-request-id": [ "SOUTHEASTASIA:20230425T135633Z:9d430742-42c6-4839-adaf-4edf940f34e2" ],
        "X-Content-Type-Options": [ "nosniff" ],
        "Date": [ "Tue, 25 Apr 2023 13:56:33 GMT" ]
      },
      "ContentHeaders": {
        "Content-Length": [ "61" ],
        "Content-Type": [ "application/json; charset=utf-8" ],
        "Expires": [ "-1" ]
      },
      "Content": "{\"status\":\"Succeeded\",\"error\":{\"code\":\"None\",\"message\":null}}",
      "isContentBase64": false
    }
  },
  "Import-AzCdnEndpointContent+[NoContext]+LoadExpanded+$GET+https://management.azure.com/subscriptions/27cafca8-b9a4-4264-b399-45d0c9cca1ab/resourcegroups/testps-rg-n0yf/providers/Microsoft.Cdn/operationresults/8fb21a0f-9f05-477f-98e7-8cad22c76406/profileresults/p-c8lt5n/endpointresults/e-or6hbm?api-version=2022-11-01-preview+15": {
    "Request": {
      "Method": "GET",
      "RequestUri": "https://management.azure.com/subscriptions/27cafca8-b9a4-4264-b399-45d0c9cca1ab/resourcegroups/testps-rg-n0yf/providers/Microsoft.Cdn/operationresults/8fb21a0f-9f05-477f-98e7-8cad22c76406/profileresults/p-c8lt5n/endpointresults/e-or6hbm?api-version=2022-11-01-preview",
      "Content": null,
      "isContentBase64": false,
      "Headers": {
        "Authorization": [ "[Filtered]" ],
        "x-ms-unique-id": [ "268" ],
        "x-ms-client-request-id": [ "462e3f03-ae57-4630-b39a-45c75ce2f213" ],
        "CommandName": [ "Stop-AzCdnEndpoint" ],
        "FullCommandName": [ "Stop-AzCdnEndpoint_Stop" ],
        "ParameterSetName": [ "__AllParameterSets" ],
        "User-Agent": [ "AzurePowershell/v0.0.0", "PSVersion/v7.2.11", "Az.Cdn/0.1.0" ]
      },
      "ContentHeaders": {
      }
    },
    "Response": {
      "StatusCode": 200,
      "Headers": {
        "Cache-Control": [ "no-cache" ],
        "Pragma": [ "no-cache" ],
        "Strict-Transport-Security": [ "max-age=31536000; includeSubDomains" ],
        "x-ms-request-id": [ "8033dddd-e31e-4821-8534-b1c1d2a842f3" ],
        "x-ms-client-request-id": [ "462e3f03-ae57-4630-b39a-45c75ce2f213" ],
        "Server": [ "Kestrel" ],
        "x-ms-ratelimit-remaining-subscription-reads": [ "11884" ],
        "x-ms-correlation-request-id": [ "7521935b-232c-4f64-841e-b1ac0fb8e75a" ],
        "x-ms-routing-request-id": [ "SOUTHEASTASIA:20230425T135634Z:7521935b-232c-4f64-841e-b1ac0fb8e75a" ],
        "X-Content-Type-Options": [ "nosniff" ],
        "Date": [ "Tue, 25 Apr 2023 13:56:33 GMT" ]
      },
      "ContentHeaders": {
        "Content-Length": [ "1326" ],
        "Content-Type": [ "application/json; charset=utf-8" ],
        "Expires": [ "-1" ]
      },
      "Content": "{\"id\":\"/subscriptions/27cafca8-b9a4-4264-b399-45d0c9cca1ab/resourcegroups/testps-rg-n0yf/providers/Microsoft.Cdn/operationresults/8fb21a0f-9f05-477f-98e7-8cad22c76406/profileresults/p-c8lt5n/endpointresults/e-or6hbm\",\"type\":\"Microsoft.Cdn/operationresults/profileresults/endpointresults\",\"name\":\"e-or6hbm\",\"location\":\"WestUs\",\"tags\":{},\"properties\":{\"hostName\":\"e-or6hbm.azureedge.net\",\"originHostHeader\":\"www.bing.com\",\"originPath\":\"/photos\",\"contentTypesToCompress\":[\"text/html\",\"text/css\"],\"isCompressionEnabled\":true,\"isHttpAllowed\":true,\"isHttpsAllowed\":true,\"queryStringCachingBehavior\":\"IgnoreQueryString\",\"optimizationType\":null,\"probePath\":null,\"origins\":[{\"name\":\"origin1\",\"properties\":{\"hostName\":\"host1.hello.com\",\"httpPort\":null,\"httpsPort\":null,\"originHostHeader\":null,\"priority\":null,\"weight\":null,\"enabled\":true,\"privateLinkAlias\":null,\"privateLinkResourceId\":null,\"privateLinkLocation\":null,\"privateEndpointStatus\":null,\"privateLinkApprovalMessage\":null}}],\"originGroups\":[],\"defaultOriginGroup\":null,\"customDomains\":[],\"geoFilters\":[{\"relativePath\":\"/mycar\",\"action\":\"Allow\",\"countryCodes\":[\"AU\"]},{\"relativePath\":\"/mycars\",\"action\":\"Allow\",\"countryCodes\":[\"AU\"]}],\"deliveryPolicy\":null,\"urlSigningKeys\":null,\"webApplicationFirewallPolicyLink\":null,\"resourceState\":\"Stopped\",\"provisioningState\":\"Succeeded\"}}",
      "isContentBase64": false
    }
  },
  "Import-AzCdnEndpointContent+[NoContext]+LoadExpanded+$POST+https://management.azure.com/subscriptions/27cafca8-b9a4-4264-b399-45d0c9cca1ab/resourceGroups/testps-rg-n0yf/providers/Microsoft.Cdn/profiles/p-c8lt5n/endpoints/e-or6hbm/load?api-version=2022-11-01-preview+16": {
    "Request": {
      "Method": "POST",
      "RequestUri": "https://management.azure.com/subscriptions/27cafca8-b9a4-4264-b399-45d0c9cca1ab/resourceGroups/testps-rg-n0yf/providers/Microsoft.Cdn/profiles/p-c8lt5n/endpoints/e-or6hbm/load?api-version=2022-11-01-preview",
      "Content": "{\r\n  \"contentPaths\": [ \"/movies/amazing.mp4\", \"/pictures/pic1.jpg\" ]\r\n}",
      "isContentBase64": false,
      "Headers": {
      },
      "ContentHeaders": {
        "Content-Type": [ "application/json" ],
        "Content-Length": [ "71" ]
      }
    },
    "Response": {
      "StatusCode": 400,
      "Headers": {
        "Cache-Control": [ "no-cache" ],
        "Pragma": [ "no-cache" ],
        "x-ms-ratelimit-remaining-subscription-resource-requests": [ "496" ],
        "Strict-Transport-Security": [ "max-age=31536000; includeSubDomains" ],
        "x-ms-request-id": [ "7c603f84-a547-450f-b66b-4f4ea9b03f22" ],
        "x-ms-client-request-id": [ "f5a63d83-c641-4af6-bd77-af617067b71e" ],
        "Server": [ "Kestrel" ],
        "x-ms-correlation-request-id": [ "6538bc76-32d9-408d-bc9a-0dc7441b2697" ],
        "x-ms-routing-request-id": [ "SOUTHEASTASIA:20230425T135634Z:6538bc76-32d9-408d-bc9a-0dc7441b2697" ],
        "X-Content-Type-Options": [ "nosniff" ],
        "Date": [ "Tue, 25 Apr 2023 13:56:34 GMT" ]
      },
      "ContentHeaders": {
        "Content-Length": [ "142" ],
        "Content-Type": [ "application/json" ],
        "Expires": [ "-1" ]
      },
      "Content": "{\n  \"error\": {\n    \"code\": \"BadRequest\",\n    \"message\": \"The requested operation cannot be executed on the entity in the current state.\"\n  }\n}",
      "isContentBase64": false
    }
  },
  "Import-AzCdnEndpointContent+[NoContext]+Load+$POST+https://management.azure.com/subscriptions/27cafca8-b9a4-4264-b399-45d0c9cca1ab/resourceGroups/testps-rg-n0yf/providers/Microsoft.Cdn/profiles/p-c8lt5n/endpoints/e-or6hbm/start?api-version=2022-11-01-preview+1": {
    "Request": {
      "Method": "POST",
      "RequestUri": "https://management.azure.com/subscriptions/27cafca8-b9a4-4264-b399-45d0c9cca1ab/resourceGroups/testps-rg-n0yf/providers/Microsoft.Cdn/profiles/p-c8lt5n/endpoints/e-or6hbm/start?api-version=2022-11-01-preview",
      "Content": null,
      "isContentBase64": false,
      "Headers": {
        "x-ms-unique-id": [ "270" ],
        "x-ms-client-request-id": [ "cc2609d2-1247-434e-b8ac-32b91554c255" ],
        "CommandName": [ "Start-AzCdnEndpoint" ],
        "FullCommandName": [ "Start-AzCdnEndpoint_Start" ],
        "ParameterSetName": [ "__AllParameterSets" ],
        "User-Agent": [ "AzurePowershell/v0.0.0", "PSVersion/v7.2.11", "Az.Cdn/0.1.0" ],
        "Authorization": [ "[Filtered]" ]
      },
      "ContentHeaders": {
      }
    },
    "Response": {
      "StatusCode": 202,
      "Headers": {
        "Cache-Control": [ "no-cache" ],
        "Pragma": [ "no-cache" ],
        "Location": [ "https://management.azure.com/subscriptions/27cafca8-b9a4-4264-b399-45d0c9cca1ab/resourcegroups/testps-rg-n0yf/providers/Microsoft.Cdn/operationresults/d18eae55-b930-415b-9144-9a788ac41235/profileresults/p-c8lt5n/endpointresults/e-or6hbm?api-version=2022-11-01-preview" ],
        "Retry-After": [ "10" ],
        "Strict-Transport-Security": [ "max-age=31536000; includeSubDomains" ],
        "x-ms-request-id": [ "aeeb5bf5-9b05-4898-a74d-3444eec0057a" ],
        "x-ms-client-request-id": [ "cc2609d2-1247-434e-b8ac-32b91554c255" ],
        "Azure-AsyncOperation": [ "https://management.azure.com/subscriptions/27cafca8-b9a4-4264-b399-45d0c9cca1ab/resourcegroups/testps-rg-n0yf/providers/Microsoft.Cdn/operationresults/d18eae55-b930-415b-9144-9a788ac41235?api-version=2022-11-01-preview" ],
        "Server": [ "Kestrel" ],
        "x-ms-ratelimit-remaining-subscription-resource-requests": [ "49" ],
        "x-ms-correlation-request-id": [ "f239a811-d487-4d8b-8e00-6115a4e90376" ],
        "x-ms-routing-request-id": [ "SOUTHEASTASIA:20230425T135636Z:f239a811-d487-4d8b-8e00-6115a4e90376" ],
        "X-Content-Type-Options": [ "nosniff" ],
        "Date": [ "Tue, 25 Apr 2023 13:56:36 GMT" ]
      },
      "ContentHeaders": {
        "Content-Length": [ "1232" ],
        "Content-Type": [ "application/json; charset=utf-8" ],
        "Expires": [ "-1" ]
      },
      "Content": "{\"id\":\"/subscriptions/27cafca8-b9a4-4264-b399-45d0c9cca1ab/resourcegroups/testps-rg-n0yf/providers/Microsoft.Cdn/profiles/p-c8lt5n/endpoints/e-or6hbm\",\"type\":\"Microsoft.Cdn/profiles/endpoints\",\"name\":\"e-or6hbm\",\"location\":\"WestUs\",\"tags\":{},\"properties\":{\"hostName\":\"e-or6hbm.azureedge.net\",\"originHostHeader\":\"www.bing.com\",\"originPath\":\"/photos\",\"contentTypesToCompress\":[\"text/html\",\"text/css\"],\"isCompressionEnabled\":true,\"isHttpAllowed\":true,\"isHttpsAllowed\":true,\"queryStringCachingBehavior\":\"IgnoreQueryString\",\"optimizationType\":null,\"probePath\":null,\"origins\":[{\"name\":\"origin1\",\"properties\":{\"hostName\":\"host1.hello.com\",\"httpPort\":null,\"httpsPort\":null,\"originHostHeader\":null,\"priority\":null,\"weight\":null,\"enabled\":true,\"privateLinkAlias\":null,\"privateLinkResourceId\":null,\"privateLinkLocation\":null,\"privateEndpointStatus\":null,\"privateLinkApprovalMessage\":null}}],\"originGroups\":[],\"defaultOriginGroup\":null,\"customDomains\":[],\"geoFilters\":[{\"relativePath\":\"/mycar\",\"action\":\"Allow\",\"countryCodes\":[\"AU\"]},{\"relativePath\":\"/mycars\",\"action\":\"Allow\",\"countryCodes\":[\"AU\"]}],\"deliveryPolicy\":null,\"urlSigningKeys\":null,\"webApplicationFirewallPolicyLink\":null,\"resourceState\":\"Starting\",\"provisioningState\":\"Succeeded\"}}",
      "isContentBase64": false
    }
  },
  "Import-AzCdnEndpointContent+[NoContext]+Load+$GET+https://management.azure.com/subscriptions/27cafca8-b9a4-4264-b399-45d0c9cca1ab/resourcegroups/testps-rg-n0yf/providers/Microsoft.Cdn/operationresults/d18eae55-b930-415b-9144-9a788ac41235?api-version=2022-11-01-preview+2": {
    "Request": {
      "Method": "GET",
      "RequestUri": "https://management.azure.com/subscriptions/27cafca8-b9a4-4264-b399-45d0c9cca1ab/resourcegroups/testps-rg-n0yf/providers/Microsoft.Cdn/operationresults/d18eae55-b930-415b-9144-9a788ac41235?api-version=2022-11-01-preview",
      "Content": null,
      "isContentBase64": false,
      "Headers": {
        "Authorization": [ "[Filtered]" ],
        "x-ms-unique-id": [ "271" ],
        "x-ms-client-request-id": [ "cc2609d2-1247-434e-b8ac-32b91554c255" ],
        "CommandName": [ "Start-AzCdnEndpoint" ],
        "FullCommandName": [ "Start-AzCdnEndpoint_Start" ],
        "ParameterSetName": [ "__AllParameterSets" ],
        "User-Agent": [ "AzurePowershell/v0.0.0", "PSVersion/v7.2.11", "Az.Cdn/0.1.0" ]
      },
      "ContentHeaders": {
      }
    },
    "Response": {
      "StatusCode": 200,
      "Headers": {
        "Cache-Control": [ "no-cache" ],
        "Pragma": [ "no-cache" ],
        "Strict-Transport-Security": [ "max-age=31536000; includeSubDomains" ],
        "x-ms-request-id": [ "6f81f6d6-24a9-4328-9f89-5fb87f1a8042" ],
        "x-ms-client-request-id": [ "cc2609d2-1247-434e-b8ac-32b91554c255" ],
        "Server": [ "Kestrel" ],
        "x-ms-ratelimit-remaining-subscription-reads": [ "11883" ],
        "x-ms-correlation-request-id": [ "20d2866b-f142-4e93-9bf7-73149404cad7" ],
        "x-ms-routing-request-id": [ "SOUTHEASTASIA:20230425T135647Z:20d2866b-f142-4e93-9bf7-73149404cad7" ],
        "X-Content-Type-Options": [ "nosniff" ],
        "Date": [ "Tue, 25 Apr 2023 13:56:46 GMT" ]
      },
      "ContentHeaders": {
        "Content-Length": [ "62" ],
        "Content-Type": [ "application/json; charset=utf-8" ],
        "Expires": [ "-1" ]
      },
      "Content": "{\"status\":\"InProgress\",\"error\":{\"code\":\"None\",\"message\":null}}",
      "isContentBase64": false
    }
  },
  "Import-AzCdnEndpointContent+[NoContext]+Load+$GET+https://management.azure.com/subscriptions/27cafca8-b9a4-4264-b399-45d0c9cca1ab/resourcegroups/testps-rg-n0yf/providers/Microsoft.Cdn/operationresults/d18eae55-b930-415b-9144-9a788ac41235?api-version=2022-11-01-preview+3": {
    "Request": {
      "Method": "GET",
      "RequestUri": "https://management.azure.com/subscriptions/27cafca8-b9a4-4264-b399-45d0c9cca1ab/resourcegroups/testps-rg-n0yf/providers/Microsoft.Cdn/operationresults/d18eae55-b930-415b-9144-9a788ac41235?api-version=2022-11-01-preview",
      "Content": null,
      "isContentBase64": false,
      "Headers": {
        "Authorization": [ "[Filtered]" ],
        "x-ms-unique-id": [ "272" ],
        "x-ms-client-request-id": [ "cc2609d2-1247-434e-b8ac-32b91554c255" ],
        "CommandName": [ "Start-AzCdnEndpoint" ],
        "FullCommandName": [ "Start-AzCdnEndpoint_Start" ],
        "ParameterSetName": [ "__AllParameterSets" ],
        "User-Agent": [ "AzurePowershell/v0.0.0", "PSVersion/v7.2.11", "Az.Cdn/0.1.0" ]
      },
      "ContentHeaders": {
      }
    },
    "Response": {
      "StatusCode": 200,
      "Headers": {
        "Cache-Control": [ "no-cache" ],
        "Pragma": [ "no-cache" ],
        "Strict-Transport-Security": [ "max-age=31536000; includeSubDomains" ],
        "x-ms-request-id": [ "77a86bd0-ea13-438a-ac89-fbf68c9ad375" ],
        "x-ms-client-request-id": [ "cc2609d2-1247-434e-b8ac-32b91554c255" ],
        "Server": [ "Kestrel" ],
        "x-ms-ratelimit-remaining-subscription-reads": [ "11882" ],
        "x-ms-correlation-request-id": [ "d96b53d9-a1cd-4d9a-bf67-e1895354d02d" ],
        "x-ms-routing-request-id": [ "SOUTHEASTASIA:20230425T135717Z:d96b53d9-a1cd-4d9a-bf67-e1895354d02d" ],
        "X-Content-Type-Options": [ "nosniff" ],
        "Date": [ "Tue, 25 Apr 2023 13:57:16 GMT" ]
      },
      "ContentHeaders": {
        "Content-Length": [ "61" ],
        "Content-Type": [ "application/json; charset=utf-8" ],
        "Expires": [ "-1" ]
      },
      "Content": "{\"status\":\"Succeeded\",\"error\":{\"code\":\"None\",\"message\":null}}",
      "isContentBase64": false
    }
  },
  "Import-AzCdnEndpointContent+[NoContext]+Load+$GET+https://management.azure.com/subscriptions/27cafca8-b9a4-4264-b399-45d0c9cca1ab/resourcegroups/testps-rg-n0yf/providers/Microsoft.Cdn/operationresults/d18eae55-b930-415b-9144-9a788ac41235/profileresults/p-c8lt5n/endpointresults/e-or6hbm?api-version=2022-11-01-preview+4": {
    "Request": {
      "Method": "GET",
      "RequestUri": "https://management.azure.com/subscriptions/27cafca8-b9a4-4264-b399-45d0c9cca1ab/resourcegroups/testps-rg-n0yf/providers/Microsoft.Cdn/operationresults/d18eae55-b930-415b-9144-9a788ac41235/profileresults/p-c8lt5n/endpointresults/e-or6hbm?api-version=2022-11-01-preview",
      "Content": null,
      "isContentBase64": false,
      "Headers": {
        "Authorization": [ "[Filtered]" ],
        "x-ms-unique-id": [ "273" ],
        "x-ms-client-request-id": [ "cc2609d2-1247-434e-b8ac-32b91554c255" ],
        "CommandName": [ "Start-AzCdnEndpoint" ],
        "FullCommandName": [ "Start-AzCdnEndpoint_Start" ],
        "ParameterSetName": [ "__AllParameterSets" ],
        "User-Agent": [ "AzurePowershell/v0.0.0", "PSVersion/v7.2.11", "Az.Cdn/0.1.0" ]
      },
      "ContentHeaders": {
      }
    },
    "Response": {
      "StatusCode": 200,
      "Headers": {
        "Cache-Control": [ "no-cache" ],
        "Pragma": [ "no-cache" ],
        "Strict-Transport-Security": [ "max-age=31536000; includeSubDomains" ],
        "x-ms-request-id": [ "278fc878-7612-4ed7-9d3b-d84eae1dfd5e" ],
        "x-ms-client-request-id": [ "cc2609d2-1247-434e-b8ac-32b91554c255" ],
        "Server": [ "Kestrel" ],
        "x-ms-ratelimit-remaining-subscription-reads": [ "11881" ],
        "x-ms-correlation-request-id": [ "fade9f30-deba-48c8-8bae-d84ebd1f3e6f" ],
        "x-ms-routing-request-id": [ "SOUTHEASTASIA:20230425T135718Z:fade9f30-deba-48c8-8bae-d84ebd1f3e6f" ],
        "X-Content-Type-Options": [ "nosniff" ],
        "Date": [ "Tue, 25 Apr 2023 13:57:17 GMT" ]
      },
      "ContentHeaders": {
        "Content-Length": [ "1326" ],
        "Content-Type": [ "application/json; charset=utf-8" ],
        "Expires": [ "-1" ]
      },
      "Content": "{\"id\":\"/subscriptions/27cafca8-b9a4-4264-b399-45d0c9cca1ab/resourcegroups/testps-rg-n0yf/providers/Microsoft.Cdn/operationresults/d18eae55-b930-415b-9144-9a788ac41235/profileresults/p-c8lt5n/endpointresults/e-or6hbm\",\"type\":\"Microsoft.Cdn/operationresults/profileresults/endpointresults\",\"name\":\"e-or6hbm\",\"location\":\"WestUs\",\"tags\":{},\"properties\":{\"hostName\":\"e-or6hbm.azureedge.net\",\"originHostHeader\":\"www.bing.com\",\"originPath\":\"/photos\",\"contentTypesToCompress\":[\"text/html\",\"text/css\"],\"isCompressionEnabled\":true,\"isHttpAllowed\":true,\"isHttpsAllowed\":true,\"queryStringCachingBehavior\":\"IgnoreQueryString\",\"optimizationType\":null,\"probePath\":null,\"origins\":[{\"name\":\"origin1\",\"properties\":{\"hostName\":\"host1.hello.com\",\"httpPort\":null,\"httpsPort\":null,\"originHostHeader\":null,\"priority\":null,\"weight\":null,\"enabled\":true,\"privateLinkAlias\":null,\"privateLinkResourceId\":null,\"privateLinkLocation\":null,\"privateEndpointStatus\":null,\"privateLinkApprovalMessage\":null}}],\"originGroups\":[],\"defaultOriginGroup\":null,\"customDomains\":[],\"geoFilters\":[{\"relativePath\":\"/mycar\",\"action\":\"Allow\",\"countryCodes\":[\"AU\"]},{\"relativePath\":\"/mycars\",\"action\":\"Allow\",\"countryCodes\":[\"AU\"]}],\"deliveryPolicy\":null,\"urlSigningKeys\":null,\"webApplicationFirewallPolicyLink\":null,\"resourceState\":\"Running\",\"provisioningState\":\"Succeeded\"}}",
      "isContentBase64": false
    }
  },
  "Import-AzCdnEndpointContent+[NoContext]+Load+$POST+https://management.azure.com/subscriptions/27cafca8-b9a4-4264-b399-45d0c9cca1ab/resourceGroups/testps-rg-n0yf/providers/Microsoft.Cdn/profiles/p-c8lt5n/endpoints/e-or6hbm/load?api-version=2022-11-01-preview+5": {
    "Request": {
      "Method": "POST",
      "RequestUri": "https://management.azure.com/subscriptions/27cafca8-b9a4-4264-b399-45d0c9cca1ab/resourceGroups/testps-rg-n0yf/providers/Microsoft.Cdn/profiles/p-c8lt5n/endpoints/e-or6hbm/load?api-version=2022-11-01-preview",
      "Content": "{\r\n  \"contentPaths\": [ \"/movies/amazing.mp4\", \"/pictures/pic1.jpg\" ]\r\n}",
      "isContentBase64": false,
      "Headers": {
      },
      "ContentHeaders": {
        "Content-Type": [ "application/json" ],
        "Content-Length": [ "71" ]
      }
    },
    "Response": {
      "StatusCode": 202,
      "Headers": {
        "Cache-Control": [ "no-cache" ],
        "Pragma": [ "no-cache" ],
        "Location": [ "https://management.azure.com/subscriptions/27cafca8-b9a4-4264-b399-45d0c9cca1ab/resourcegroups/testps-rg-n0yf/providers/Microsoft.Cdn/operationresults/e151ac7a-207e-4852-b3b9-8cd798cfaf65/profileresults/p-c8lt5n/endpointresults/e-or6hbm?api-version=2022-11-01-preview" ],
        "Retry-After": [ "10" ],
        "Strict-Transport-Security": [ "max-age=31536000; includeSubDomains" ],
        "x-ms-request-id": [ "e5cf9fc6-af9e-4fb7-a0e8-e4b8f81f9a0e" ],
        "x-ms-client-request-id": [ "02d9745e-d79b-4310-9aee-be44d8c9c640" ],
        "Azure-AsyncOperation": [ "https://management.azure.com/subscriptions/27cafca8-b9a4-4264-b399-45d0c9cca1ab/resourcegroups/testps-rg-n0yf/providers/Microsoft.Cdn/operationresults/e151ac7a-207e-4852-b3b9-8cd798cfaf65?api-version=2022-11-01-preview" ],
        "Server": [ "Kestrel" ],
        "x-ms-ratelimit-remaining-subscription-resource-requests": [ "495" ],
        "x-ms-correlation-request-id": [ "5d7222ef-e0ea-4dda-9196-bf88b2399721" ],
        "x-ms-routing-request-id": [ "SOUTHEASTASIA:20230425T135719Z:5d7222ef-e0ea-4dda-9196-bf88b2399721" ],
        "X-Content-Type-Options": [ "nosniff" ],
        "Date": [ "Tue, 25 Apr 2023 13:57:19 GMT" ]
      },
      "ContentHeaders": {
        "Expires": [ "-1" ],
        "Content-Length": [ "0" ]
      },
      "Content": null,
      "isContentBase64": false
    }
  },
  "Import-AzCdnEndpointContent+[NoContext]+Load+$GET+https://management.azure.com/subscriptions/27cafca8-b9a4-4264-b399-45d0c9cca1ab/resourcegroups/testps-rg-n0yf/providers/Microsoft.Cdn/operationresults/e151ac7a-207e-4852-b3b9-8cd798cfaf65?api-version=2022-11-01-preview+6": {
    "Request": {
      "Method": "GET",
      "RequestUri": "https://management.azure.com/subscriptions/27cafca8-b9a4-4264-b399-45d0c9cca1ab/resourcegroups/testps-rg-n0yf/providers/Microsoft.Cdn/operationresults/e151ac7a-207e-4852-b3b9-8cd798cfaf65?api-version=2022-11-01-preview",
      "Content": null,
      "isContentBase64": false,
      "Headers": {
        "Authorization": [ "[Filtered]" ],
        "x-ms-unique-id": [ "275" ],
        "x-ms-client-request-id": [ "02d9745e-d79b-4310-9aee-be44d8c9c640" ],
        "CommandName": [ "Import-AzCdnEndpointContent" ],
        "FullCommandName": [ "Import-AzCdnEndpointContent_Load" ],
        "ParameterSetName": [ "__AllParameterSets" ],
        "User-Agent": [ "AzurePowershell/v0.0.0", "PSVersion/v7.2.11", "Az.Cdn/0.1.0" ]
      },
      "ContentHeaders": {
      }
    },
    "Response": {
      "StatusCode": 200,
      "Headers": {
        "Cache-Control": [ "no-cache" ],
        "Pragma": [ "no-cache" ],
        "Strict-Transport-Security": [ "max-age=31536000; includeSubDomains" ],
        "x-ms-request-id": [ "522877e6-e6c5-42e8-9960-25dd68989d33" ],
        "x-ms-client-request-id": [ "02d9745e-d79b-4310-9aee-be44d8c9c640" ],
        "Server": [ "Kestrel" ],
        "x-ms-ratelimit-remaining-subscription-reads": [ "11880" ],
        "x-ms-correlation-request-id": [ "5eb0093b-f8f9-4e33-a6b6-c02a38fc79cf" ],
        "x-ms-routing-request-id": [ "SOUTHEASTASIA:20230425T135730Z:5eb0093b-f8f9-4e33-a6b6-c02a38fc79cf" ],
        "X-Content-Type-Options": [ "nosniff" ],
        "Date": [ "Tue, 25 Apr 2023 13:57:30 GMT" ]
      },
      "ContentHeaders": {
        "Content-Length": [ "62" ],
        "Content-Type": [ "application/json; charset=utf-8" ],
        "Expires": [ "-1" ]
      },
      "Content": "{\"status\":\"InProgress\",\"error\":{\"code\":\"None\",\"message\":null}}",
      "isContentBase64": false
    }
  },
  "Import-AzCdnEndpointContent+[NoContext]+Load+$GET+https://management.azure.com/subscriptions/27cafca8-b9a4-4264-b399-45d0c9cca1ab/resourcegroups/testps-rg-n0yf/providers/Microsoft.Cdn/operationresults/e151ac7a-207e-4852-b3b9-8cd798cfaf65?api-version=2022-11-01-preview+7": {
    "Request": {
      "Method": "GET",
      "RequestUri": "https://management.azure.com/subscriptions/27cafca8-b9a4-4264-b399-45d0c9cca1ab/resourcegroups/testps-rg-n0yf/providers/Microsoft.Cdn/operationresults/e151ac7a-207e-4852-b3b9-8cd798cfaf65?api-version=2022-11-01-preview",
      "Content": null,
      "isContentBase64": false,
      "Headers": {
        "Authorization": [ "[Filtered]" ],
        "x-ms-unique-id": [ "276" ],
        "x-ms-client-request-id": [ "02d9745e-d79b-4310-9aee-be44d8c9c640" ],
        "CommandName": [ "Import-AzCdnEndpointContent" ],
        "FullCommandName": [ "Import-AzCdnEndpointContent_Load" ],
        "ParameterSetName": [ "__AllParameterSets" ],
        "User-Agent": [ "AzurePowershell/v0.0.0", "PSVersion/v7.2.11", "Az.Cdn/0.1.0" ]
      },
      "ContentHeaders": {
      }
    },
    "Response": {
      "StatusCode": 200,
      "Headers": {
        "Cache-Control": [ "no-cache" ],
        "Pragma": [ "no-cache" ],
        "Strict-Transport-Security": [ "max-age=31536000; includeSubDomains" ],
        "x-ms-request-id": [ "ebc6be4b-e35f-4270-86dd-0231f53b8f75" ],
        "x-ms-client-request-id": [ "02d9745e-d79b-4310-9aee-be44d8c9c640" ],
        "Server": [ "Kestrel" ],
        "x-ms-ratelimit-remaining-subscription-reads": [ "11879" ],
        "x-ms-correlation-request-id": [ "634a5757-abc9-455a-b471-2b62095679e7" ],
        "x-ms-routing-request-id": [ "SOUTHEASTASIA:20230425T135800Z:634a5757-abc9-455a-b471-2b62095679e7" ],
        "X-Content-Type-Options": [ "nosniff" ],
        "Date": [ "Tue, 25 Apr 2023 13:58:00 GMT" ]
      },
      "ContentHeaders": {
        "Content-Length": [ "62" ],
        "Content-Type": [ "application/json; charset=utf-8" ],
        "Expires": [ "-1" ]
      },
      "Content": "{\"status\":\"InProgress\",\"error\":{\"code\":\"None\",\"message\":null}}",
      "isContentBase64": false
    }
  },
  "Import-AzCdnEndpointContent+[NoContext]+Load+$GET+https://management.azure.com/subscriptions/27cafca8-b9a4-4264-b399-45d0c9cca1ab/resourcegroups/testps-rg-n0yf/providers/Microsoft.Cdn/operationresults/e151ac7a-207e-4852-b3b9-8cd798cfaf65?api-version=2022-11-01-preview+8": {
    "Request": {
      "Method": "GET",
      "RequestUri": "https://management.azure.com/subscriptions/27cafca8-b9a4-4264-b399-45d0c9cca1ab/resourcegroups/testps-rg-n0yf/providers/Microsoft.Cdn/operationresults/e151ac7a-207e-4852-b3b9-8cd798cfaf65?api-version=2022-11-01-preview",
      "Content": null,
      "isContentBase64": false,
      "Headers": {
        "Authorization": [ "[Filtered]" ],
        "x-ms-unique-id": [ "277" ],
        "x-ms-client-request-id": [ "02d9745e-d79b-4310-9aee-be44d8c9c640" ],
        "CommandName": [ "Import-AzCdnEndpointContent" ],
        "FullCommandName": [ "Import-AzCdnEndpointContent_Load" ],
        "ParameterSetName": [ "__AllParameterSets" ],
        "User-Agent": [ "AzurePowershell/v0.0.0", "PSVersion/v7.2.11", "Az.Cdn/0.1.0" ]
      },
      "ContentHeaders": {
      }
    },
    "Response": {
      "StatusCode": 200,
      "Headers": {
        "Cache-Control": [ "no-cache" ],
        "Pragma": [ "no-cache" ],
        "Strict-Transport-Security": [ "max-age=31536000; includeSubDomains" ],
        "x-ms-request-id": [ "970aff5f-9d6d-45e8-b505-d9a79283f780" ],
        "x-ms-client-request-id": [ "02d9745e-d79b-4310-9aee-be44d8c9c640" ],
        "Server": [ "Kestrel" ],
        "x-ms-ratelimit-remaining-subscription-reads": [ "11878" ],
        "x-ms-correlation-request-id": [ "137c8c38-ced8-44ac-88bd-1e7c7ab624a6" ],
        "x-ms-routing-request-id": [ "SOUTHEASTASIA:20230425T135830Z:137c8c38-ced8-44ac-88bd-1e7c7ab624a6" ],
        "X-Content-Type-Options": [ "nosniff" ],
        "Date": [ "Tue, 25 Apr 2023 13:58:30 GMT" ]
      },
      "ContentHeaders": {
        "Content-Length": [ "62" ],
        "Content-Type": [ "application/json; charset=utf-8" ],
        "Expires": [ "-1" ]
      },
      "Content": "{\"status\":\"InProgress\",\"error\":{\"code\":\"None\",\"message\":null}}",
      "isContentBase64": false
    }
  },
  "Import-AzCdnEndpointContent+[NoContext]+Load+$GET+https://management.azure.com/subscriptions/27cafca8-b9a4-4264-b399-45d0c9cca1ab/resourcegroups/testps-rg-n0yf/providers/Microsoft.Cdn/operationresults/e151ac7a-207e-4852-b3b9-8cd798cfaf65?api-version=2022-11-01-preview+9": {
    "Request": {
      "Method": "GET",
      "RequestUri": "https://management.azure.com/subscriptions/27cafca8-b9a4-4264-b399-45d0c9cca1ab/resourcegroups/testps-rg-n0yf/providers/Microsoft.Cdn/operationresults/e151ac7a-207e-4852-b3b9-8cd798cfaf65?api-version=2022-11-01-preview",
      "Content": null,
      "isContentBase64": false,
      "Headers": {
        "Authorization": [ "[Filtered]" ],
        "x-ms-unique-id": [ "278" ],
        "x-ms-client-request-id": [ "02d9745e-d79b-4310-9aee-be44d8c9c640" ],
        "CommandName": [ "Import-AzCdnEndpointContent" ],
        "FullCommandName": [ "Import-AzCdnEndpointContent_Load" ],
        "ParameterSetName": [ "__AllParameterSets" ],
        "User-Agent": [ "AzurePowershell/v0.0.0", "PSVersion/v7.2.11", "Az.Cdn/0.1.0" ]
      },
      "ContentHeaders": {
      }
    },
    "Response": {
      "StatusCode": 200,
      "Headers": {
        "Cache-Control": [ "no-cache" ],
        "Pragma": [ "no-cache" ],
        "x-ms-ratelimit-remaining-subscription-reads": [ "11877" ],
        "Strict-Transport-Security": [ "max-age=31536000; includeSubDomains" ],
        "x-ms-request-id": [ "44f11161-8502-4005-9c14-7f3ef9f7e9fb" ],
        "x-ms-client-request-id": [ "02d9745e-d79b-4310-9aee-be44d8c9c640" ],
        "Server": [ "Kestrel" ],
        "x-ms-correlation-request-id": [ "afeb54d0-5626-4d51-bf8b-6991eaed9ab2" ],
        "x-ms-routing-request-id": [ "SOUTHEASTASIA:20230425T135901Z:afeb54d0-5626-4d51-bf8b-6991eaed9ab2" ],
        "X-Content-Type-Options": [ "nosniff" ],
        "Date": [ "Tue, 25 Apr 2023 13:59:00 GMT" ]
      },
      "ContentHeaders": {
        "Content-Length": [ "62" ],
        "Content-Type": [ "application/json; charset=utf-8" ],
        "Expires": [ "-1" ]
      },
      "Content": "{\"status\":\"InProgress\",\"error\":{\"code\":\"None\",\"message\":null}}",
      "isContentBase64": false
    }
  },
  "Import-AzCdnEndpointContent+[NoContext]+Load+$GET+https://management.azure.com/subscriptions/27cafca8-b9a4-4264-b399-45d0c9cca1ab/resourcegroups/testps-rg-n0yf/providers/Microsoft.Cdn/operationresults/e151ac7a-207e-4852-b3b9-8cd798cfaf65?api-version=2022-11-01-preview+10": {
    "Request": {
      "Method": "GET",
      "RequestUri": "https://management.azure.com/subscriptions/27cafca8-b9a4-4264-b399-45d0c9cca1ab/resourcegroups/testps-rg-n0yf/providers/Microsoft.Cdn/operationresults/e151ac7a-207e-4852-b3b9-8cd798cfaf65?api-version=2022-11-01-preview",
      "Content": null,
      "isContentBase64": false,
      "Headers": {
        "Authorization": [ "[Filtered]" ],
        "x-ms-unique-id": [ "279" ],
        "x-ms-client-request-id": [ "02d9745e-d79b-4310-9aee-be44d8c9c640" ],
        "CommandName": [ "Import-AzCdnEndpointContent" ],
        "FullCommandName": [ "Import-AzCdnEndpointContent_Load" ],
        "ParameterSetName": [ "__AllParameterSets" ],
        "User-Agent": [ "AzurePowershell/v0.0.0", "PSVersion/v7.2.11", "Az.Cdn/0.1.0" ]
      },
      "ContentHeaders": {
      }
    },
    "Response": {
      "StatusCode": 200,
      "Headers": {
        "Cache-Control": [ "no-cache" ],
        "Pragma": [ "no-cache" ],
        "Strict-Transport-Security": [ "max-age=31536000; includeSubDomains" ],
        "x-ms-request-id": [ "204ded9d-c3bb-451b-b5f0-9ac6e70b9428" ],
        "x-ms-client-request-id": [ "02d9745e-d79b-4310-9aee-be44d8c9c640" ],
        "Server": [ "Kestrel" ],
        "x-ms-ratelimit-remaining-subscription-reads": [ "11876" ],
        "x-ms-correlation-request-id": [ "c4b873fe-9bbe-4d04-a3fb-7c2c502a1e94" ],
        "x-ms-routing-request-id": [ "SOUTHEASTASIA:20230425T135932Z:c4b873fe-9bbe-4d04-a3fb-7c2c502a1e94" ],
        "X-Content-Type-Options": [ "nosniff" ],
        "Date": [ "Tue, 25 Apr 2023 13:59:32 GMT" ]
      },
      "ContentHeaders": {
        "Content-Length": [ "61" ],
        "Content-Type": [ "application/json; charset=utf-8" ],
        "Expires": [ "-1" ]
      },
      "Content": "{\"status\":\"Succeeded\",\"error\":{\"code\":\"None\",\"message\":null}}",
      "isContentBase64": false
    }
  },
  "Import-AzCdnEndpointContent+[NoContext]+Load+$GET+https://management.azure.com/subscriptions/27cafca8-b9a4-4264-b399-45d0c9cca1ab/resourcegroups/testps-rg-n0yf/providers/Microsoft.Cdn/operationresults/e151ac7a-207e-4852-b3b9-8cd798cfaf65/profileresults/p-c8lt5n/endpointresults/e-or6hbm?api-version=2022-11-01-preview+11": {
    "Request": {
      "Method": "GET",
      "RequestUri": "https://management.azure.com/subscriptions/27cafca8-b9a4-4264-b399-45d0c9cca1ab/resourcegroups/testps-rg-n0yf/providers/Microsoft.Cdn/operationresults/e151ac7a-207e-4852-b3b9-8cd798cfaf65/profileresults/p-c8lt5n/endpointresults/e-or6hbm?api-version=2022-11-01-preview",
      "Content": null,
      "isContentBase64": false,
      "Headers": {
        "Authorization": [ "[Filtered]" ],
        "x-ms-unique-id": [ "280" ],
        "x-ms-client-request-id": [ "02d9745e-d79b-4310-9aee-be44d8c9c640" ],
        "CommandName": [ "Import-AzCdnEndpointContent" ],
        "FullCommandName": [ "Import-AzCdnEndpointContent_Load" ],
        "ParameterSetName": [ "__AllParameterSets" ],
        "User-Agent": [ "AzurePowershell/v0.0.0", "PSVersion/v7.2.11", "Az.Cdn/0.1.0" ]
      },
      "ContentHeaders": {
      }
    },
    "Response": {
      "StatusCode": 200,
      "Headers": {
        "Cache-Control": [ "no-cache" ],
        "Pragma": [ "no-cache" ],
        "Strict-Transport-Security": [ "max-age=31536000; includeSubDomains" ],
        "x-ms-request-id": [ "3592ca7e-acc0-4cab-a055-a1d6224bdbe0" ],
        "x-ms-client-request-id": [ "02d9745e-d79b-4310-9aee-be44d8c9c640" ],
        "Server": [ "Kestrel" ],
        "x-ms-ratelimit-remaining-subscription-reads": [ "11875" ],
        "x-ms-correlation-request-id": [ "98cb6fae-93cc-47cf-96be-b696797cf7e3" ],
        "x-ms-routing-request-id": [ "SOUTHEASTASIA:20230425T135932Z:98cb6fae-93cc-47cf-96be-b696797cf7e3" ],
        "X-Content-Type-Options": [ "nosniff" ],
        "Date": [ "Tue, 25 Apr 2023 13:59:32 GMT" ]
      },
      "ContentHeaders": {
        "Content-Length": [ "1326" ],
        "Content-Type": [ "application/json; charset=utf-8" ],
        "Expires": [ "-1" ]
      },
      "Content": "{\"id\":\"/subscriptions/27cafca8-b9a4-4264-b399-45d0c9cca1ab/resourcegroups/testps-rg-n0yf/providers/Microsoft.Cdn/operationresults/e151ac7a-207e-4852-b3b9-8cd798cfaf65/profileresults/p-c8lt5n/endpointresults/e-or6hbm\",\"type\":\"Microsoft.Cdn/operationresults/profileresults/endpointresults\",\"name\":\"e-or6hbm\",\"location\":\"WestUs\",\"tags\":{},\"properties\":{\"hostName\":\"e-or6hbm.azureedge.net\",\"originHostHeader\":\"www.bing.com\",\"originPath\":\"/photos\",\"contentTypesToCompress\":[\"text/html\",\"text/css\"],\"isCompressionEnabled\":true,\"isHttpAllowed\":true,\"isHttpsAllowed\":true,\"queryStringCachingBehavior\":\"IgnoreQueryString\",\"optimizationType\":null,\"probePath\":null,\"origins\":[{\"name\":\"origin1\",\"properties\":{\"hostName\":\"host1.hello.com\",\"httpPort\":null,\"httpsPort\":null,\"originHostHeader\":null,\"priority\":null,\"weight\":null,\"enabled\":true,\"privateLinkAlias\":null,\"privateLinkResourceId\":null,\"privateLinkLocation\":null,\"privateEndpointStatus\":null,\"privateLinkApprovalMessage\":null}}],\"originGroups\":[],\"defaultOriginGroup\":null,\"customDomains\":[],\"geoFilters\":[{\"relativePath\":\"/mycar\",\"action\":\"Allow\",\"countryCodes\":[\"AU\"]},{\"relativePath\":\"/mycars\",\"action\":\"Allow\",\"countryCodes\":[\"AU\"]}],\"deliveryPolicy\":null,\"urlSigningKeys\":null,\"webApplicationFirewallPolicyLink\":null,\"resourceState\":\"Running\",\"provisioningState\":\"Succeeded\"}}",
      "isContentBase64": false
    }
  },
  "Import-AzCdnEndpointContent+[NoContext]+Load+$POST+https://management.azure.com/subscriptions/27cafca8-b9a4-4264-b399-45d0c9cca1ab/resourceGroups/testps-rg-n0yf/providers/Microsoft.Cdn/profiles/p-c8lt5n/endpoints/fakeEndpoint/load?api-version=2022-11-01-preview+12": {
    "Request": {
      "Method": "POST",
      "RequestUri": "https://management.azure.com/subscriptions/27cafca8-b9a4-4264-b399-45d0c9cca1ab/resourceGroups/testps-rg-n0yf/providers/Microsoft.Cdn/profiles/p-c8lt5n/endpoints/fakeEndpoint/load?api-version=2022-11-01-preview",
      "Content": "{\r\n  \"contentPaths\": [ \"/movies/amazing.mp4\", \"/pictures/pic1.jpg\" ]\r\n}",
      "isContentBase64": false,
      "Headers": {
      },
      "ContentHeaders": {
        "Content-Type": [ "application/json" ],
        "Content-Length": [ "71" ]
      }
    },
    "Response": {
      "StatusCode": 404,
      "Headers": {
        "Cache-Control": [ "no-cache" ],
        "Pragma": [ "no-cache" ],
        "x-ms-failure-cause": [ "gateway" ],
        "x-ms-request-id": [ "97d07022-b2ca-4caf-bc79-b5e436bb755d" ],
        "x-ms-correlation-request-id": [ "97d07022-b2ca-4caf-bc79-b5e436bb755d" ],
        "x-ms-routing-request-id": [ "SOUTHEASTASIA:20230425T135932Z:97d07022-b2ca-4caf-bc79-b5e436bb755d" ],
        "Strict-Transport-Security": [ "max-age=31536000; includeSubDomains" ],
        "X-Content-Type-Options": [ "nosniff" ],
        "Date": [ "Tue, 25 Apr 2023 13:59:32 GMT" ]
      },
      "ContentHeaders": {
        "Content-Length": [ "240" ],
        "Content-Type": [ "application/json; charset=utf-8" ],
        "Expires": [ "-1" ]
      },
      "Content": "{\"error\":{\"code\":\"ResourceNotFound\",\"message\":\"The Resource \u0027Microsoft.Cdn/profiles/p-c8lt5n/endpoints/fakeEndpoint\u0027 under resource group \u0027testps-rg-n0yf\u0027 was not found. For more details please go to https://aka.ms/ARMResourceNotFoundFix\"}}",
      "isContentBase64": false
    }
  },
  "Import-AzCdnEndpointContent+[NoContext]+Load+$POST+https://management.azure.com/subscriptions/27cafca8-b9a4-4264-b399-45d0c9cca1ab/resourceGroups/testps-rg-n0yf/providers/Microsoft.Cdn/profiles/p-c8lt5n/endpoints/e-or6hbm/load?api-version=2022-11-01-preview+13": {
    "Request": {
      "Method": "POST",
      "RequestUri": "https://management.azure.com/subscriptions/27cafca8-b9a4-4264-b399-45d0c9cca1ab/resourceGroups/testps-rg-n0yf/providers/Microsoft.Cdn/profiles/p-c8lt5n/endpoints/e-or6hbm/load?api-version=2022-11-01-preview",
      "Content": "{\r\n  \"contentPaths\": [ \"/movies/*\" ]\r\n}",
      "isContentBase64": false,
      "Headers": {
      },
      "ContentHeaders": {
        "Content-Type": [ "application/json" ],
        "Content-Length": [ "39" ]
      }
    },
    "Response": {
      "StatusCode": 400,
      "Headers": {
        "Cache-Control": [ "no-cache" ],
        "Pragma": [ "no-cache" ],
        "x-ms-ratelimit-remaining-subscription-resource-requests": [ "493" ],
        "Strict-Transport-Security": [ "max-age=31536000; includeSubDomains" ],
        "x-ms-request-id": [ "81f874c2-7a9d-4ee4-bc25-7638e54f94a3" ],
        "x-ms-client-request-id": [ "7f76e6c7-ea0a-4d95-85d6-96bf0b2174a3" ],
        "Server": [ "Kestrel" ],
        "x-ms-correlation-request-id": [ "aabbe9fe-8ef5-4405-a69d-1c276c6903bd" ],
        "x-ms-routing-request-id": [ "SOUTHEASTASIA:20230425T135933Z:aabbe9fe-8ef5-4405-a69d-1c276c6903bd" ],
        "X-Content-Type-Options": [ "nosniff" ],
        "Date": [ "Tue, 25 Apr 2023 13:59:33 GMT" ]
      },
      "ContentHeaders": {
        "Content-Length": [ "191" ],
        "Content-Type": [ "application/json" ],
        "Expires": [ "-1" ]
      },
      "Content": "{\n  \"error\": {\n    \"code\": \"BadRequest\",\n    \"message\": \"Invalid ContentPath \\\"/movies/*\\\". ContentPath for load action must be a relative path for a single resource \\\"/path/pic.jpg\\\".\"\n  }\n}",
      "isContentBase64": false
    }
  },
  "Import-AzCdnEndpointContent+[NoContext]+Load+$POST+https://management.azure.com/subscriptions/27cafca8-b9a4-4264-b399-45d0c9cca1ab/resourceGroups/testps-rg-n0yf/providers/Microsoft.Cdn/profiles/p-c8lt5n/endpoints/e-or6hbm/stop?api-version=2022-11-01-preview+14": {
    "Request": {
      "Method": "POST",
      "RequestUri": "https://management.azure.com/subscriptions/27cafca8-b9a4-4264-b399-45d0c9cca1ab/resourceGroups/testps-rg-n0yf/providers/Microsoft.Cdn/profiles/p-c8lt5n/endpoints/e-or6hbm/stop?api-version=2022-11-01-preview",
      "Content": null,
      "isContentBase64": false,
      "Headers": {
        "x-ms-unique-id": [ "283" ],
        "x-ms-client-request-id": [ "49d35d61-5209-45b5-bee3-d926629f188b" ],
        "CommandName": [ "Stop-AzCdnEndpoint" ],
        "FullCommandName": [ "Stop-AzCdnEndpoint_Stop" ],
        "ParameterSetName": [ "__AllParameterSets" ],
        "User-Agent": [ "AzurePowershell/v0.0.0", "PSVersion/v7.2.11", "Az.Cdn/0.1.0" ],
        "Authorization": [ "[Filtered]" ]
      },
      "ContentHeaders": {
      }
    },
    "Response": {
      "StatusCode": 202,
      "Headers": {
        "Cache-Control": [ "no-cache" ],
        "Pragma": [ "no-cache" ],
        "Location": [ "https://management.azure.com/subscriptions/27cafca8-b9a4-4264-b399-45d0c9cca1ab/resourcegroups/testps-rg-n0yf/providers/Microsoft.Cdn/operationresults/11fab5e3-fe53-436b-a1bf-392dc6b69689/profileresults/p-c8lt5n/endpointresults/e-or6hbm?api-version=2022-11-01-preview" ],
        "Retry-After": [ "10" ],
        "Strict-Transport-Security": [ "max-age=31536000; includeSubDomains" ],
        "x-ms-request-id": [ "723c2b1e-6bbb-4ff2-8df4-fdc8c3dc494b" ],
        "x-ms-client-request-id": [ "49d35d61-5209-45b5-bee3-d926629f188b" ],
        "Azure-AsyncOperation": [ "https://management.azure.com/subscriptions/27cafca8-b9a4-4264-b399-45d0c9cca1ab/resourcegroups/testps-rg-n0yf/providers/Microsoft.Cdn/operationresults/11fab5e3-fe53-436b-a1bf-392dc6b69689?api-version=2022-11-01-preview" ],
        "Server": [ "Kestrel" ],
        "x-ms-ratelimit-remaining-subscription-resource-requests": [ "48" ],
        "x-ms-correlation-request-id": [ "a606e3e2-b543-4ef8-a16c-1aa3a732bd27" ],
        "x-ms-routing-request-id": [ "SOUTHEASTASIA:20230425T135935Z:a606e3e2-b543-4ef8-a16c-1aa3a732bd27" ],
        "X-Content-Type-Options": [ "nosniff" ],
        "Date": [ "Tue, 25 Apr 2023 13:59:35 GMT" ]
      },
      "ContentHeaders": {
        "Content-Length": [ "1232" ],
        "Content-Type": [ "application/json; charset=utf-8" ],
        "Expires": [ "-1" ]
      },
      "Content": "{\"id\":\"/subscriptions/27cafca8-b9a4-4264-b399-45d0c9cca1ab/resourcegroups/testps-rg-n0yf/providers/Microsoft.Cdn/profiles/p-c8lt5n/endpoints/e-or6hbm\",\"type\":\"Microsoft.Cdn/profiles/endpoints\",\"name\":\"e-or6hbm\",\"location\":\"WestUs\",\"tags\":{},\"properties\":{\"hostName\":\"e-or6hbm.azureedge.net\",\"originHostHeader\":\"www.bing.com\",\"originPath\":\"/photos\",\"contentTypesToCompress\":[\"text/html\",\"text/css\"],\"isCompressionEnabled\":true,\"isHttpAllowed\":true,\"isHttpsAllowed\":true,\"queryStringCachingBehavior\":\"IgnoreQueryString\",\"optimizationType\":null,\"probePath\":null,\"origins\":[{\"name\":\"origin1\",\"properties\":{\"hostName\":\"host1.hello.com\",\"httpPort\":null,\"httpsPort\":null,\"originHostHeader\":null,\"priority\":null,\"weight\":null,\"enabled\":true,\"privateLinkAlias\":null,\"privateLinkResourceId\":null,\"privateLinkLocation\":null,\"privateEndpointStatus\":null,\"privateLinkApprovalMessage\":null}}],\"originGroups\":[],\"defaultOriginGroup\":null,\"customDomains\":[],\"geoFilters\":[{\"relativePath\":\"/mycar\",\"action\":\"Allow\",\"countryCodes\":[\"AU\"]},{\"relativePath\":\"/mycars\",\"action\":\"Allow\",\"countryCodes\":[\"AU\"]}],\"deliveryPolicy\":null,\"urlSigningKeys\":null,\"webApplicationFirewallPolicyLink\":null,\"resourceState\":\"Stopping\",\"provisioningState\":\"Succeeded\"}}",
      "isContentBase64": false
    }
  },
  "Import-AzCdnEndpointContent+[NoContext]+Load+$GET+https://management.azure.com/subscriptions/27cafca8-b9a4-4264-b399-45d0c9cca1ab/resourcegroups/testps-rg-n0yf/providers/Microsoft.Cdn/operationresults/11fab5e3-fe53-436b-a1bf-392dc6b69689?api-version=2022-11-01-preview+15": {
    "Request": {
      "Method": "GET",
      "RequestUri": "https://management.azure.com/subscriptions/27cafca8-b9a4-4264-b399-45d0c9cca1ab/resourcegroups/testps-rg-n0yf/providers/Microsoft.Cdn/operationresults/11fab5e3-fe53-436b-a1bf-392dc6b69689?api-version=2022-11-01-preview",
      "Content": null,
      "isContentBase64": false,
      "Headers": {
        "Authorization": [ "[Filtered]" ],
        "x-ms-unique-id": [ "284" ],
        "x-ms-client-request-id": [ "49d35d61-5209-45b5-bee3-d926629f188b" ],
        "CommandName": [ "Stop-AzCdnEndpoint" ],
        "FullCommandName": [ "Stop-AzCdnEndpoint_Stop" ],
        "ParameterSetName": [ "__AllParameterSets" ],
        "User-Agent": [ "AzurePowershell/v0.0.0", "PSVersion/v7.2.11", "Az.Cdn/0.1.0" ]
      },
      "ContentHeaders": {
      }
    },
    "Response": {
      "StatusCode": 200,
      "Headers": {
        "Cache-Control": [ "no-cache" ],
        "Pragma": [ "no-cache" ],
        "Strict-Transport-Security": [ "max-age=31536000; includeSubDomains" ],
        "x-ms-request-id": [ "8181fc79-c8d4-4570-bf9d-e9dd9be1f03e" ],
        "x-ms-client-request-id": [ "49d35d61-5209-45b5-bee3-d926629f188b" ],
        "Server": [ "Kestrel" ],
        "x-ms-ratelimit-remaining-subscription-reads": [ "11874" ],
        "x-ms-correlation-request-id": [ "051fe65a-8d02-446f-b3e5-85a86d19c317" ],
        "x-ms-routing-request-id": [ "SOUTHEASTASIA:20230425T135945Z:051fe65a-8d02-446f-b3e5-85a86d19c317" ],
        "X-Content-Type-Options": [ "nosniff" ],
        "Date": [ "Tue, 25 Apr 2023 13:59:45 GMT" ]
      },
      "ContentHeaders": {
        "Content-Length": [ "62" ],
        "Content-Type": [ "application/json; charset=utf-8" ],
        "Expires": [ "-1" ]
      },
      "Content": "{\"status\":\"InProgress\",\"error\":{\"code\":\"None\",\"message\":null}}",
      "isContentBase64": false
    }
  },
  "Import-AzCdnEndpointContent+[NoContext]+Load+$GET+https://management.azure.com/subscriptions/27cafca8-b9a4-4264-b399-45d0c9cca1ab/resourcegroups/testps-rg-n0yf/providers/Microsoft.Cdn/operationresults/11fab5e3-fe53-436b-a1bf-392dc6b69689?api-version=2022-11-01-preview+16": {
    "Request": {
      "Method": "GET",
      "RequestUri": "https://management.azure.com/subscriptions/27cafca8-b9a4-4264-b399-45d0c9cca1ab/resourcegroups/testps-rg-n0yf/providers/Microsoft.Cdn/operationresults/11fab5e3-fe53-436b-a1bf-392dc6b69689?api-version=2022-11-01-preview",
      "Content": null,
      "isContentBase64": false,
      "Headers": {
        "Authorization": [ "[Filtered]" ],
        "x-ms-unique-id": [ "285" ],
        "x-ms-client-request-id": [ "49d35d61-5209-45b5-bee3-d926629f188b" ],
        "CommandName": [ "Stop-AzCdnEndpoint" ],
        "FullCommandName": [ "Stop-AzCdnEndpoint_Stop" ],
        "ParameterSetName": [ "__AllParameterSets" ],
        "User-Agent": [ "AzurePowershell/v0.0.0", "PSVersion/v7.2.11", "Az.Cdn/0.1.0" ]
      },
      "ContentHeaders": {
      }
    },
    "Response": {
      "StatusCode": 200,
      "Headers": {
        "Cache-Control": [ "no-cache" ],
        "Pragma": [ "no-cache" ],
        "Strict-Transport-Security": [ "max-age=31536000; includeSubDomains" ],
        "x-ms-request-id": [ "0a62e12d-0d94-43da-83ff-ab2585f17be7" ],
        "x-ms-client-request-id": [ "49d35d61-5209-45b5-bee3-d926629f188b" ],
        "Server": [ "Kestrel" ],
        "x-ms-ratelimit-remaining-subscription-reads": [ "11873" ],
        "x-ms-correlation-request-id": [ "a7b789d4-dab1-467f-8113-ac7c7bad9154" ],
        "x-ms-routing-request-id": [ "SOUTHEASTASIA:20230425T140016Z:a7b789d4-dab1-467f-8113-ac7c7bad9154" ],
        "X-Content-Type-Options": [ "nosniff" ],
        "Date": [ "Tue, 25 Apr 2023 14:00:15 GMT" ]
      },
      "ContentHeaders": {
        "Content-Length": [ "61" ],
        "Content-Type": [ "application/json; charset=utf-8" ],
        "Expires": [ "-1" ]
      },
      "Content": "{\"status\":\"Succeeded\",\"error\":{\"code\":\"None\",\"message\":null}}",
      "isContentBase64": false
    }
  },
  "Import-AzCdnEndpointContent+[NoContext]+Load+$GET+https://management.azure.com/subscriptions/27cafca8-b9a4-4264-b399-45d0c9cca1ab/resourcegroups/testps-rg-n0yf/providers/Microsoft.Cdn/operationresults/11fab5e3-fe53-436b-a1bf-392dc6b69689/profileresults/p-c8lt5n/endpointresults/e-or6hbm?api-version=2022-11-01-preview+17": {
    "Request": {
      "Method": "GET",
      "RequestUri": "https://management.azure.com/subscriptions/27cafca8-b9a4-4264-b399-45d0c9cca1ab/resourcegroups/testps-rg-n0yf/providers/Microsoft.Cdn/operationresults/11fab5e3-fe53-436b-a1bf-392dc6b69689/profileresults/p-c8lt5n/endpointresults/e-or6hbm?api-version=2022-11-01-preview",
      "Content": null,
      "isContentBase64": false,
      "Headers": {
        "Authorization": [ "[Filtered]" ],
        "x-ms-unique-id": [ "286" ],
        "x-ms-client-request-id": [ "49d35d61-5209-45b5-bee3-d926629f188b" ],
        "CommandName": [ "Stop-AzCdnEndpoint" ],
        "FullCommandName": [ "Stop-AzCdnEndpoint_Stop" ],
        "ParameterSetName": [ "__AllParameterSets" ],
        "User-Agent": [ "AzurePowershell/v0.0.0", "PSVersion/v7.2.11", "Az.Cdn/0.1.0" ]
      },
      "ContentHeaders": {
      }
    },
    "Response": {
      "StatusCode": 200,
      "Headers": {
        "Cache-Control": [ "no-cache" ],
        "Pragma": [ "no-cache" ],
        "Strict-Transport-Security": [ "max-age=31536000; includeSubDomains" ],
        "x-ms-request-id": [ "b53877e1-a8ed-4050-bc78-0a5d9d17ee43" ],
        "x-ms-client-request-id": [ "49d35d61-5209-45b5-bee3-d926629f188b" ],
        "Server": [ "Kestrel" ],
        "x-ms-ratelimit-remaining-subscription-reads": [ "11872" ],
        "x-ms-correlation-request-id": [ "828864fa-a0bc-409d-91a3-f7c6736e24be" ],
        "x-ms-routing-request-id": [ "SOUTHEASTASIA:20230425T140016Z:828864fa-a0bc-409d-91a3-f7c6736e24be" ],
        "X-Content-Type-Options": [ "nosniff" ],
        "Date": [ "Tue, 25 Apr 2023 14:00:16 GMT" ]
      },
      "ContentHeaders": {
        "Content-Length": [ "1326" ],
        "Content-Type": [ "application/json; charset=utf-8" ],
        "Expires": [ "-1" ]
      },
      "Content": "{\"id\":\"/subscriptions/27cafca8-b9a4-4264-b399-45d0c9cca1ab/resourcegroups/testps-rg-n0yf/providers/Microsoft.Cdn/operationresults/11fab5e3-fe53-436b-a1bf-392dc6b69689/profileresults/p-c8lt5n/endpointresults/e-or6hbm\",\"type\":\"Microsoft.Cdn/operationresults/profileresults/endpointresults\",\"name\":\"e-or6hbm\",\"location\":\"WestUs\",\"tags\":{},\"properties\":{\"hostName\":\"e-or6hbm.azureedge.net\",\"originHostHeader\":\"www.bing.com\",\"originPath\":\"/photos\",\"contentTypesToCompress\":[\"text/html\",\"text/css\"],\"isCompressionEnabled\":true,\"isHttpAllowed\":true,\"isHttpsAllowed\":true,\"queryStringCachingBehavior\":\"IgnoreQueryString\",\"optimizationType\":null,\"probePath\":null,\"origins\":[{\"name\":\"origin1\",\"properties\":{\"hostName\":\"host1.hello.com\",\"httpPort\":null,\"httpsPort\":null,\"originHostHeader\":null,\"priority\":null,\"weight\":null,\"enabled\":true,\"privateLinkAlias\":null,\"privateLinkResourceId\":null,\"privateLinkLocation\":null,\"privateEndpointStatus\":null,\"privateLinkApprovalMessage\":null}}],\"originGroups\":[],\"defaultOriginGroup\":null,\"customDomains\":[],\"geoFilters\":[{\"relativePath\":\"/mycar\",\"action\":\"Allow\",\"countryCodes\":[\"AU\"]},{\"relativePath\":\"/mycars\",\"action\":\"Allow\",\"countryCodes\":[\"AU\"]}],\"deliveryPolicy\":null,\"urlSigningKeys\":null,\"webApplicationFirewallPolicyLink\":null,\"resourceState\":\"Stopped\",\"provisioningState\":\"Succeeded\"}}",
      "isContentBase64": false
    }
  },
  "Import-AzCdnEndpointContent+[NoContext]+Load+$POST+https://management.azure.com/subscriptions/27cafca8-b9a4-4264-b399-45d0c9cca1ab/resourceGroups/testps-rg-n0yf/providers/Microsoft.Cdn/profiles/p-c8lt5n/endpoints/e-or6hbm/load?api-version=2022-11-01-preview+18": {
    "Request": {
      "Method": "POST",
      "RequestUri": "https://management.azure.com/subscriptions/27cafca8-b9a4-4264-b399-45d0c9cca1ab/resourceGroups/testps-rg-n0yf/providers/Microsoft.Cdn/profiles/p-c8lt5n/endpoints/e-or6hbm/load?api-version=2022-11-01-preview",
      "Content": "{\r\n  \"contentPaths\": [ \"/movies/amazing.mp4\", \"/pictures/pic1.jpg\" ]\r\n}",
      "isContentBase64": false,
      "Headers": {
      },
      "ContentHeaders": {
        "Content-Type": [ "application/json" ],
        "Content-Length": [ "71" ]
      }
    },
    "Response": {
      "StatusCode": 400,
      "Headers": {
        "Cache-Control": [ "no-cache" ],
        "Pragma": [ "no-cache" ],
        "x-ms-ratelimit-remaining-subscription-resource-requests": [ "493" ],
        "Strict-Transport-Security": [ "max-age=31536000; includeSubDomains" ],
        "x-ms-request-id": [ "e745291d-cb75-4b83-bd30-c593cb1da15c" ],
        "x-ms-client-request-id": [ "5b08bc4c-5ae2-4c63-b504-7a30d244eab6" ],
        "Server": [ "Kestrel" ],
        "x-ms-correlation-request-id": [ "60af42e5-2a5d-4a48-80a2-df26caa08603" ],
        "x-ms-routing-request-id": [ "SOUTHEASTASIA:20230425T140017Z:60af42e5-2a5d-4a48-80a2-df26caa08603" ],
        "X-Content-Type-Options": [ "nosniff" ],
        "Date": [ "Tue, 25 Apr 2023 14:00:16 GMT" ]
      },
      "ContentHeaders": {
        "Content-Length": [ "142" ],
        "Content-Type": [ "application/json" ],
        "Expires": [ "-1" ]
      },
      "Content": "{\n  \"error\": {\n    \"code\": \"BadRequest\",\n    \"message\": \"The requested operation cannot be executed on the entity in the current state.\"\n  }\n}",
      "isContentBase64": false
    }
  }
}