{
  "New-AzCdnEndpoint+[NoContext]+CreateExpanded+$PUT+https://management.azure.com/subscriptions/27cafca8-b9a4-4264-b399-45d0c9cca1ab/resourceGroups/testps-rg-vn1x/providers/Microsoft.Cdn/profiles/p-ngpb0t/endpoints/end-pstest020?api-version=2022-11-01-preview+1": {
    "Request": {
      "Method": "PUT",
      "RequestUri": "https://management.azure.com/subscriptions/27cafca8-b9a4-4264-b399-45d0c9cca1ab/resourceGroups/testps-rg-vn1x/providers/Microsoft.Cdn/profiles/p-ngpb0t/endpoints/end-pstest020?api-version=2022-11-01-preview",
      "Content": "{\r\n  \"location\": \"westus\",\r\n  \"properties\": {\r\n    \"origins\": [\r\n      {\r\n        \"properties\": {\r\n          \"hostName\": \"host1.hello.com\"\r\n        },\r\n        \"name\": \"origin1\"\r\n      }\r\n    ]\r\n  }\r\n}",
      "isContentBase64": false,
      "Headers": {
      },
      "ContentHeaders": {
        "Content-Type": [ "application/json" ],
        "Content-Length": [ "201" ]
      }
    },
    "Response": {
      "StatusCode": 201,
      "Headers": {
        "Cache-Control": [ "no-cache" ],
        "Pragma": [ "no-cache" ],
        "Retry-After": [ "10" ],
        "Strict-Transport-Security": [ "max-age=31536000; includeSubDomains" ],
        "x-ms-request-id": [ "1c57034c-3641-4cbe-a4a5-4eaa5129c17d" ],
        "x-ms-client-request-id": [ "30ea6441-a4cb-4408-b1e1-b1fa93031945" ],
        "Azure-AsyncOperation": [ "https://management.azure.com/subscriptions/27cafca8-b9a4-4264-b399-45d0c9cca1ab/resourcegroups/testps-rg-vn1x/providers/Microsoft.Cdn/operationresults/21a9f385-3e63-4b20-9294-b5935e593cda?api-version=2022-11-01-preview" ],
        "Server": [ "Kestrel" ],
        "x-ms-ratelimit-remaining-subscription-resource-requests": [ "97" ],
        "x-ms-correlation-request-id": [ "b07de963-0e60-4aa4-bb06-f60949e628da" ],
        "x-ms-routing-request-id": [ "SOUTHEASTASIA:20230517T145519Z:b07de963-0e60-4aa4-bb06-f60949e628da" ],
        "X-Content-Type-Options": [ "nosniff" ],
        "Date": [ "Wed, 17 May 2023 14:55:19 GMT" ]
      },
      "ContentHeaders": {
        "Content-Length": [ "1077" ],
        "Content-Type": [ "application/json; charset=utf-8" ],
        "Expires": [ "-1" ]
      },
      "Content": "{\"id\":\"/subscriptions/27cafca8-b9a4-4264-b399-45d0c9cca1ab/resourcegroups/testps-rg-vn1x/providers/Microsoft.Cdn/profiles/p-ngpb0t/endpoints/end-pstest020\",\"type\":\"Microsoft.Cdn/profiles/endpoints\",\"name\":\"end-pstest020\",\"location\":\"WestUs\",\"tags\":{},\"properties\":{\"hostName\":\"end-pstest020.azureedge.net\",\"originHostHeader\":null,\"originPath\":null,\"contentTypesToCompress\":[],\"isCompressionEnabled\":false,\"isHttpAllowed\":true,\"isHttpsAllowed\":true,\"queryStringCachingBehavior\":\"IgnoreQueryString\",\"optimizationType\":null,\"probePath\":null,\"origins\":[{\"name\":\"origin1\",\"properties\":{\"hostName\":\"host1.hello.com\",\"httpPort\":null,\"httpsPort\":null,\"originHostHeader\":null,\"priority\":1,\"weight\":1000,\"enabled\":true,\"privateLinkAlias\":null,\"privateLinkResourceId\":null,\"privateLinkLocation\":null,\"privateEndpointStatus\":null,\"privateLinkApprovalMessage\":null}}],\"originGroups\":[],\"defaultOriginGroup\":null,\"customDomains\":[],\"geoFilters\":[],\"deliveryPolicy\":null,\"urlSigningKeys\":null,\"webApplicationFirewallPolicyLink\":null,\"resourceState\":\"Creating\",\"provisioningState\":\"Creating\"}}",
      "isContentBase64": false
    }
  },
  "New-AzCdnEndpoint+[NoContext]+CreateExpanded+$GET+https://management.azure.com/subscriptions/27cafca8-b9a4-4264-b399-45d0c9cca1ab/resourcegroups/testps-rg-vn1x/providers/Microsoft.Cdn/operationresults/21a9f385-3e63-4b20-9294-b5935e593cda?api-version=2022-11-01-preview+2": {
    "Request": {
      "Method": "GET",
      "RequestUri": "https://management.azure.com/subscriptions/27cafca8-b9a4-4264-b399-45d0c9cca1ab/resourcegroups/testps-rg-vn1x/providers/Microsoft.Cdn/operationresults/21a9f385-3e63-4b20-9294-b5935e593cda?api-version=2022-11-01-preview",
      "Content": null,
      "isContentBase64": false,
      "Headers": {
        "Authorization": [ "[Filtered]" ],
        "x-ms-unique-id": [ "359" ],
        "x-ms-client-request-id": [ "30ea6441-a4cb-4408-b1e1-b1fa93031945" ],
        "CommandName": [ "New-AzCdnEndpoint" ],
        "FullCommandName": [ "New-AzCdnEndpoint_CreateExpanded1" ],
        "ParameterSetName": [ "__AllParameterSets" ],
        "User-Agent": [ "AzurePowershell/v0.0.0", "PSVersion/v7.2.11", "Az.Cdn/0.1.0" ]
      },
      "ContentHeaders": {
      }
    },
    "Response": {
      "StatusCode": 200,
      "Headers": {
        "Cache-Control": [ "no-cache" ],
        "Pragma": [ "no-cache" ],
        "Strict-Transport-Security": [ "max-age=31536000; includeSubDomains" ],
        "x-ms-request-id": [ "68d00f3b-c61a-4b74-b949-c7966c278670" ],
        "x-ms-client-request-id": [ "30ea6441-a4cb-4408-b1e1-b1fa93031945" ],
        "Server": [ "Kestrel" ],
        "x-ms-ratelimit-remaining-subscription-reads": [ "11810" ],
        "x-ms-correlation-request-id": [ "1b38a16e-9b52-4d57-ac20-9c259bbd855e" ],
        "x-ms-routing-request-id": [ "SOUTHEASTASIA:20230517T145530Z:1b38a16e-9b52-4d57-ac20-9c259bbd855e" ],
        "X-Content-Type-Options": [ "nosniff" ],
        "Date": [ "Wed, 17 May 2023 14:55:29 GMT" ]
      },
      "ContentHeaders": {
        "Content-Length": [ "62" ],
        "Content-Type": [ "application/json; charset=utf-8" ],
        "Expires": [ "-1" ]
      },
      "Content": "{\"status\":\"InProgress\",\"error\":{\"code\":\"None\",\"message\":null}}",
      "isContentBase64": false
    }
  },
  "New-AzCdnEndpoint+[NoContext]+CreateExpanded+$GET+https://management.azure.com/subscriptions/27cafca8-b9a4-4264-b399-45d0c9cca1ab/resourcegroups/testps-rg-vn1x/providers/Microsoft.Cdn/operationresults/21a9f385-3e63-4b20-9294-b5935e593cda?api-version=2022-11-01-preview+3": {
    "Request": {
      "Method": "GET",
      "RequestUri": "https://management.azure.com/subscriptions/27cafca8-b9a4-4264-b399-45d0c9cca1ab/resourcegroups/testps-rg-vn1x/providers/Microsoft.Cdn/operationresults/21a9f385-3e63-4b20-9294-b5935e593cda?api-version=2022-11-01-preview",
      "Content": null,
      "isContentBase64": false,
      "Headers": {
        "Authorization": [ "[Filtered]" ],
        "x-ms-unique-id": [ "360" ],
        "x-ms-client-request-id": [ "30ea6441-a4cb-4408-b1e1-b1fa93031945" ],
        "CommandName": [ "New-AzCdnEndpoint" ],
        "FullCommandName": [ "New-AzCdnEndpoint_CreateExpanded1" ],
        "ParameterSetName": [ "__AllParameterSets" ],
        "User-Agent": [ "AzurePowershell/v0.0.0", "PSVersion/v7.2.11", "Az.Cdn/0.1.0" ]
      },
      "ContentHeaders": {
      }
    },
    "Response": {
      "StatusCode": 200,
      "Headers": {
        "Cache-Control": [ "no-cache" ],
        "Pragma": [ "no-cache" ],
        "Strict-Transport-Security": [ "max-age=31536000; includeSubDomains" ],
        "x-ms-request-id": [ "e13604c4-2f51-4caf-ba0a-812ae1296bd9" ],
        "x-ms-client-request-id": [ "30ea6441-a4cb-4408-b1e1-b1fa93031945" ],
        "Server": [ "Kestrel" ],
        "x-ms-ratelimit-remaining-subscription-reads": [ "11809" ],
        "x-ms-correlation-request-id": [ "dc67be0b-8aa5-45cd-9725-a6cacb75749c" ],
        "x-ms-routing-request-id": [ "SOUTHEASTASIA:20230517T145600Z:dc67be0b-8aa5-45cd-9725-a6cacb75749c" ],
        "X-Content-Type-Options": [ "nosniff" ],
        "Date": [ "Wed, 17 May 2023 14:56:00 GMT" ]
      },
      "ContentHeaders": {
        "Content-Length": [ "61" ],
        "Content-Type": [ "application/json; charset=utf-8" ],
        "Expires": [ "-1" ]
      },
      "Content": "{\"status\":\"Succeeded\",\"error\":{\"code\":\"None\",\"message\":null}}",
      "isContentBase64": false
    }
  },
  "New-AzCdnEndpoint+[NoContext]+CreateExpanded+$GET+https://management.azure.com/subscriptions/27cafca8-b9a4-4264-b399-45d0c9cca1ab/resourceGroups/testps-rg-vn1x/providers/Microsoft.Cdn/profiles/p-ngpb0t/endpoints/end-pstest020?api-version=2022-11-01-preview+4": {
    "Request": {
      "Method": "GET",
      "RequestUri": "https://management.azure.com/subscriptions/27cafca8-b9a4-4264-b399-45d0c9cca1ab/resourceGroups/testps-rg-vn1x/providers/Microsoft.Cdn/profiles/p-ngpb0t/endpoints/end-pstest020?api-version=2022-11-01-preview",
      "Content": null,
      "isContentBase64": false,
      "Headers": {
        "Authorization": [ "[Filtered]" ],
        "x-ms-unique-id": [ "361" ],
        "x-ms-client-request-id": [ "30ea6441-a4cb-4408-b1e1-b1fa93031945" ],
        "CommandName": [ "New-AzCdnEndpoint" ],
        "FullCommandName": [ "New-AzCdnEndpoint_CreateExpanded1" ],
        "ParameterSetName": [ "__AllParameterSets" ],
        "User-Agent": [ "AzurePowershell/v0.0.0", "PSVersion/v7.2.11", "Az.Cdn/0.1.0" ]
      },
      "ContentHeaders": {
      }
    },
    "Response": {
      "StatusCode": 200,
      "Headers": {
        "Cache-Control": [ "no-cache" ],
        "Pragma": [ "no-cache" ],
        "Strict-Transport-Security": [ "max-age=31536000; includeSubDomains" ],
        "x-ms-request-id": [ "85c8983d-3fdb-4ea4-9aa9-9c4a1a056b88" ],
        "x-ms-client-request-id": [ "30ea6441-a4cb-4408-b1e1-b1fa93031945" ],
        "Server": [ "Kestrel" ],
        "x-ms-ratelimit-remaining-subscription-resource-requests": [ "48" ],
        "x-ms-correlation-request-id": [ "5aa55546-e42f-4f8a-a278-909966f883a4" ],
        "x-ms-routing-request-id": [ "SOUTHEASTASIA:20230517T145601Z:5aa55546-e42f-4f8a-a278-909966f883a4" ],
        "X-Content-Type-Options": [ "nosniff" ],
        "Date": [ "Wed, 17 May 2023 14:56:00 GMT" ]
      },
      "ContentHeaders": {
        "Content-Length": [ "1077" ],
        "Content-Type": [ "application/json; charset=utf-8" ],
        "Expires": [ "-1" ]
      },
      "Content": "{\"id\":\"/subscriptions/27cafca8-b9a4-4264-b399-45d0c9cca1ab/resourcegroups/testps-rg-vn1x/providers/Microsoft.Cdn/profiles/p-ngpb0t/endpoints/end-pstest020\",\"type\":\"Microsoft.Cdn/profiles/endpoints\",\"name\":\"end-pstest020\",\"location\":\"WestUs\",\"tags\":{},\"properties\":{\"hostName\":\"end-pstest020.azureedge.net\",\"originHostHeader\":null,\"originPath\":null,\"contentTypesToCompress\":[],\"isCompressionEnabled\":false,\"isHttpAllowed\":true,\"isHttpsAllowed\":true,\"queryStringCachingBehavior\":\"IgnoreQueryString\",\"optimizationType\":null,\"probePath\":null,\"origins\":[{\"name\":\"origin1\",\"properties\":{\"hostName\":\"host1.hello.com\",\"httpPort\":null,\"httpsPort\":null,\"originHostHeader\":null,\"priority\":1,\"weight\":1000,\"enabled\":true,\"privateLinkAlias\":null,\"privateLinkResourceId\":null,\"privateLinkLocation\":null,\"privateEndpointStatus\":null,\"privateLinkApprovalMessage\":null}}],\"originGroups\":[],\"defaultOriginGroup\":null,\"customDomains\":[],\"geoFilters\":[],\"deliveryPolicy\":null,\"urlSigningKeys\":null,\"webApplicationFirewallPolicyLink\":null,\"resourceState\":\"Running\",\"provisioningState\":\"Succeeded\"}}",
      "isContentBase64": false
    }
  }
}