{
  "New-AzCdnEndpoint+[NoContext]+CreateExpanded+$PUT+https://management.azure.com/subscriptions/27cafca8-b9a4-4264-b399-45d0c9cca1ab/resourceGroups/testps-rg-1p9h/providers/Microsoft.Cdn/profiles/p-zepo4d/endpoints/e-dglh78?api-version=2022-11-01-preview+1": {
    "Request": {
      "Method": "PUT",
      "RequestUri": "https://management.azure.com/subscriptions/27cafca8-b9a4-4264-b399-45d0c9cca1ab/resourceGroups/testps-rg-1p9h/providers/Microsoft.Cdn/profiles/p-zepo4d/endpoints/e-dglh78?api-version=2022-11-01-preview",
      "Content": "{\r\n  \"location\": \"westus\",\r\n  \"properties\": {\r\n    \"origins\": [\r\n      {\r\n        \"properties\": {\r\n          \"hostName\": \"host1.hello.com\"\r\n        },\r\n        \"name\": \"origin1\"\r\n      }\r\n    ]\r\n  }\r\n}",
      "isContentBase64": false,
      "Headers": {
      },
      "ContentHeaders": {
        "Content-Type": [ "application/json" ],
        "Content-Length": [ "201" ]
      }
    },
    "Response": {
      "StatusCode": 201,
      "Headers": {
        "Cache-Control": [ "no-cache" ],
        "Pragma": [ "no-cache" ],
        "Retry-After": [ "10" ],
        "Strict-Transport-Security": [ "max-age=31536000; includeSubDomains" ],
        "x-ms-request-id": [ "709e69bf-21b5-4edd-b60a-c166853e2019" ],
        "x-ms-client-request-id": [ "1e5ca26a-7ed8-4753-869d-6917319b3424" ],
        "Azure-AsyncOperation": [ "https://management.azure.com/subscriptions/27cafca8-b9a4-4264-b399-45d0c9cca1ab/resourcegroups/testps-rg-1p9h/providers/Microsoft.Cdn/operationresults/f9cd457e-affe-4970-b833-2f0eb9cfe210?api-version=2022-11-01-preview" ],
        "Server": [ "Kestrel" ],
        "x-ms-ratelimit-remaining-subscription-resource-requests": [ "97" ],
        "x-ms-correlation-request-id": [ "af8f1c2a-a58c-4fc1-88c0-3582d1dfa7f4" ],
        "x-ms-routing-request-id": [ "SOUTHEASTASIA:20230428T040228Z:af8f1c2a-a58c-4fc1-88c0-3582d1dfa7f4" ],
        "X-Content-Type-Options": [ "nosniff" ],
        "Date": [ "Fri, 28 Apr 2023 04:02:27 GMT" ]
      },
      "ContentHeaders": {
        "Content-Length": [ "1062" ],
        "Content-Type": [ "application/json; charset=utf-8" ],
        "Expires": [ "-1" ]
      },
      "Content": "{\"id\":\"/subscriptions/27cafca8-b9a4-4264-b399-45d0c9cca1ab/resourcegroups/testps-rg-1p9h/providers/Microsoft.Cdn/profiles/p-zepo4d/endpoints/e-dglh78\",\"type\":\"Microsoft.Cdn/profiles/endpoints\",\"name\":\"e-dglh78\",\"location\":\"WestUs\",\"tags\":{},\"properties\":{\"hostName\":\"e-dglh78.azureedge.net\",\"originHostHeader\":null,\"originPath\":null,\"contentTypesToCompress\":[],\"isCompressionEnabled\":false,\"isHttpAllowed\":true,\"isHttpsAllowed\":true,\"queryStringCachingBehavior\":\"IgnoreQueryString\",\"optimizationType\":null,\"probePath\":null,\"origins\":[{\"name\":\"origin1\",\"properties\":{\"hostName\":\"host1.hello.com\",\"httpPort\":null,\"httpsPort\":null,\"originHostHeader\":null,\"priority\":1,\"weight\":1000,\"enabled\":true,\"privateLinkAlias\":null,\"privateLinkResourceId\":null,\"privateLinkLocation\":null,\"privateEndpointStatus\":null,\"privateLinkApprovalMessage\":null}}],\"originGroups\":[],\"defaultOriginGroup\":null,\"customDomains\":[],\"geoFilters\":[],\"deliveryPolicy\":null,\"urlSigningKeys\":null,\"webApplicationFirewallPolicyLink\":null,\"resourceState\":\"Creating\",\"provisioningState\":\"Creating\"}}",
      "isContentBase64": false
    }
  },
  "New-AzCdnEndpoint+[NoContext]+CreateExpanded+$GET+https://management.azure.com/subscriptions/27cafca8-b9a4-4264-b399-45d0c9cca1ab/resourcegroups/testps-rg-1p9h/providers/Microsoft.Cdn/operationresults/f9cd457e-affe-4970-b833-2f0eb9cfe210?api-version=2022-11-01-preview+2": {
    "Request": {
      "Method": "GET",
      "RequestUri": "https://management.azure.com/subscriptions/27cafca8-b9a4-4264-b399-45d0c9cca1ab/resourcegroups/testps-rg-1p9h/providers/Microsoft.Cdn/operationresults/f9cd457e-affe-4970-b833-2f0eb9cfe210?api-version=2022-11-01-preview",
      "Content": null,
      "isContentBase64": false,
      "Headers": {
        "Authorization": [ "[Filtered]" ],
        "x-ms-unique-id": [ "333" ],
        "x-ms-client-request-id": [ "1e5ca26a-7ed8-4753-869d-6917319b3424" ],
        "CommandName": [ "New-AzCdnEndpoint" ],
        "FullCommandName": [ "New-AzCdnEndpoint_CreateExpanded1" ],
        "ParameterSetName": [ "__AllParameterSets" ],
        "User-Agent": [ "AzurePowershell/v0.0.0", "PSVersion/v7.2.11", "Az.Cdn/0.1.0" ]
      },
      "ContentHeaders": {
      }
    },
    "Response": {
      "StatusCode": 200,
      "Headers": {
        "Cache-Control": [ "no-cache" ],
        "Pragma": [ "no-cache" ],
        "Strict-Transport-Security": [ "max-age=31536000; includeSubDomains" ],
        "x-ms-request-id": [ "61f8f353-4976-4fa0-b041-404872e1f8a2" ],
        "x-ms-client-request-id": [ "1e5ca26a-7ed8-4753-869d-6917319b3424" ],
        "Server": [ "Kestrel" ],
        "x-ms-ratelimit-remaining-subscription-reads": [ "11842" ],
        "x-ms-correlation-request-id": [ "588889a0-6ed9-4a13-b874-5ca7b63519b2" ],
        "x-ms-routing-request-id": [ "SOUTHEASTASIA:20230428T040238Z:588889a0-6ed9-4a13-b874-5ca7b63519b2" ],
        "X-Content-Type-Options": [ "nosniff" ],
        "Date": [ "Fri, 28 Apr 2023 04:02:38 GMT" ]
      },
      "ContentHeaders": {
        "Content-Length": [ "62" ],
        "Content-Type": [ "application/json; charset=utf-8" ],
        "Expires": [ "-1" ]
      },
      "Content": "{\"status\":\"InProgress\",\"error\":{\"code\":\"None\",\"message\":null}}",
      "isContentBase64": false
    }
  },
  "New-AzCdnEndpoint+[NoContext]+CreateExpanded+$GET+https://management.azure.com/subscriptions/27cafca8-b9a4-4264-b399-45d0c9cca1ab/resourcegroups/testps-rg-1p9h/providers/Microsoft.Cdn/operationresults/f9cd457e-affe-4970-b833-2f0eb9cfe210?api-version=2022-11-01-preview+3": {
    "Request": {
      "Method": "GET",
      "RequestUri": "https://management.azure.com/subscriptions/27cafca8-b9a4-4264-b399-45d0c9cca1ab/resourcegroups/testps-rg-1p9h/providers/Microsoft.Cdn/operationresults/f9cd457e-affe-4970-b833-2f0eb9cfe210?api-version=2022-11-01-preview",
      "Content": null,
      "isContentBase64": false,
      "Headers": {
        "Authorization": [ "[Filtered]" ],
        "x-ms-unique-id": [ "334" ],
        "x-ms-client-request-id": [ "1e5ca26a-7ed8-4753-869d-6917319b3424" ],
        "CommandName": [ "New-AzCdnEndpoint" ],
        "FullCommandName": [ "New-AzCdnEndpoint_CreateExpanded1" ],
        "ParameterSetName": [ "__AllParameterSets" ],
        "User-Agent": [ "AzurePowershell/v0.0.0", "PSVersion/v7.2.11", "Az.Cdn/0.1.0" ]
      },
      "ContentHeaders": {
      }
    },
    "Response": {
      "StatusCode": 200,
      "Headers": {
        "Cache-Control": [ "no-cache" ],
        "Pragma": [ "no-cache" ],
        "Strict-Transport-Security": [ "max-age=31536000; includeSubDomains" ],
        "x-ms-request-id": [ "950d6747-addf-49da-877d-dc63b139338b" ],
        "x-ms-client-request-id": [ "1e5ca26a-7ed8-4753-869d-6917319b3424" ],
        "Server": [ "Kestrel" ],
        "x-ms-ratelimit-remaining-subscription-reads": [ "11841" ],
        "x-ms-correlation-request-id": [ "d93d1d6f-ef86-4d0a-bccd-211fd35f01ff" ],
        "x-ms-routing-request-id": [ "SOUTHEASTASIA:20230428T040309Z:d93d1d6f-ef86-4d0a-bccd-211fd35f01ff" ],
        "X-Content-Type-Options": [ "nosniff" ],
        "Date": [ "Fri, 28 Apr 2023 04:03:08 GMT" ]
      },
      "ContentHeaders": {
        "Content-Length": [ "61" ],
        "Content-Type": [ "application/json; charset=utf-8" ],
        "Expires": [ "-1" ]
      },
      "Content": "{\"status\":\"Succeeded\",\"error\":{\"code\":\"None\",\"message\":null}}",
      "isContentBase64": false
    }
  },
  "New-AzCdnEndpoint+[NoContext]+CreateExpanded+$GET+https://management.azure.com/subscriptions/27cafca8-b9a4-4264-b399-45d0c9cca1ab/resourceGroups/testps-rg-1p9h/providers/Microsoft.Cdn/profiles/p-zepo4d/endpoints/e-dglh78?api-version=2022-11-01-preview+4": {
    "Request": {
      "Method": "GET",
      "RequestUri": "https://management.azure.com/subscriptions/27cafca8-b9a4-4264-b399-45d0c9cca1ab/resourceGroups/testps-rg-1p9h/providers/Microsoft.Cdn/profiles/p-zepo4d/endpoints/e-dglh78?api-version=2022-11-01-preview",
      "Content": null,
      "isContentBase64": false,
      "Headers": {
        "Authorization": [ "[Filtered]" ],
        "x-ms-unique-id": [ "335" ],
        "x-ms-client-request-id": [ "1e5ca26a-7ed8-4753-869d-6917319b3424" ],
        "CommandName": [ "New-AzCdnEndpoint" ],
        "FullCommandName": [ "New-AzCdnEndpoint_CreateExpanded1" ],
        "ParameterSetName": [ "__AllParameterSets" ],
        "User-Agent": [ "AzurePowershell/v0.0.0", "PSVersion/v7.2.11", "Az.Cdn/0.1.0" ]
      },
      "ContentHeaders": {
      }
    },
    "Response": {
      "StatusCode": 200,
      "Headers": {
        "Cache-Control": [ "no-cache" ],
        "Pragma": [ "no-cache" ],
        "Strict-Transport-Security": [ "max-age=31536000; includeSubDomains" ],
        "x-ms-request-id": [ "d11143e1-7104-4e0f-bf2c-6024024578ba" ],
        "x-ms-client-request-id": [ "1e5ca26a-7ed8-4753-869d-6917319b3424" ],
        "Server": [ "Kestrel" ],
        "x-ms-ratelimit-remaining-subscription-resource-requests": [ "47" ],
        "x-ms-correlation-request-id": [ "f115549a-2479-4d3b-b4e6-d13cd585f644" ],
        "x-ms-routing-request-id": [ "SOUTHEASTASIA:20230428T040309Z:f115549a-2479-4d3b-b4e6-d13cd585f644" ],
        "X-Content-Type-Options": [ "nosniff" ],
        "Date": [ "Fri, 28 Apr 2023 04:03:09 GMT" ]
      },
      "ContentHeaders": {
        "Content-Length": [ "1062" ],
        "Content-Type": [ "application/json; charset=utf-8" ],
        "Expires": [ "-1" ]
      },
      "Content": "{\"id\":\"/subscriptions/27cafca8-b9a4-4264-b399-45d0c9cca1ab/resourcegroups/testps-rg-1p9h/providers/Microsoft.Cdn/profiles/p-zepo4d/endpoints/e-dglh78\",\"type\":\"Microsoft.Cdn/profiles/endpoints\",\"name\":\"e-dglh78\",\"location\":\"WestUs\",\"tags\":{},\"properties\":{\"hostName\":\"e-dglh78.azureedge.net\",\"originHostHeader\":null,\"originPath\":null,\"contentTypesToCompress\":[],\"isCompressionEnabled\":false,\"isHttpAllowed\":true,\"isHttpsAllowed\":true,\"queryStringCachingBehavior\":\"IgnoreQueryString\",\"optimizationType\":null,\"probePath\":null,\"origins\":[{\"name\":\"origin1\",\"properties\":{\"hostName\":\"host1.hello.com\",\"httpPort\":null,\"httpsPort\":null,\"originHostHeader\":null,\"priority\":1,\"weight\":1000,\"enabled\":true,\"privateLinkAlias\":null,\"privateLinkResourceId\":null,\"privateLinkLocation\":null,\"privateEndpointStatus\":null,\"privateLinkApprovalMessage\":null}}],\"originGroups\":[],\"defaultOriginGroup\":null,\"customDomains\":[],\"geoFilters\":[],\"deliveryPolicy\":null,\"urlSigningKeys\":null,\"webApplicationFirewallPolicyLink\":null,\"resourceState\":\"Running\",\"provisioningState\":\"Succeeded\"}}",
      "isContentBase64": false
    }
  }
}