{
  "New-AzFrontDoorCdnRoute+[NoContext]+CreateExpanded+$PUT+https://management.azure.com/subscriptions/27cafca8-b9a4-4264-b399-45d0c9cca1ab/resourceGroups/testps-rg-avcw2l/providers/Microsoft.Cdn/profiles/fdp-49isg2?api-version=2022-11-01-preview+1": {
    "Request": {
      "Method": "PUT",
      "RequestUri": "https://management.azure.com/subscriptions/27cafca8-b9a4-4264-b399-45d0c9cca1ab/resourceGroups/testps-rg-avcw2l/providers/Microsoft.Cdn/profiles/fdp-49isg2?api-version=2022-11-01-preview",
      "Content": "{\r\n  \"location\": \"Global\",\r\n  \"sku\": {\r\n    \"name\": \"Standard_AzureFrontDoor\"\r\n  }\r\n}",
      "isContentBase64": false,
      "Headers": {
      },
      "ContentHeaders": {
        "Content-Type": [ "application/json" ],
        "Content-Length": [ "85" ]
      }
    },
    "Response": {
      "StatusCode": 201,
      "Headers": {
        "Cache-Control": [ "no-cache" ],
        "Pragma": [ "no-cache" ],
        "Retry-After": [ "10" ],
        "Strict-Transport-Security": [ "max-age=31536000; includeSubDomains" ],
        "x-ms-request-id": [ "2d22ae51-f76c-40d0-8c1d-565f1eec47ac" ],
        "x-ms-client-request-id": [ "afd3d87c-182a-4e5e-acfd-021f44b397d4" ],
        "Azure-AsyncOperation": [ "https://management.azure.com/subscriptions/27cafca8-b9a4-4264-b399-45d0c9cca1ab/resourcegroups/testps-rg-avcw2l/providers/Microsoft.Cdn/operationresults/03657294-5954-40f8-871b-79913902bc23?api-version=2022-11-01-preview" ],
        "Server": [ "Kestrel" ],
        "x-ms-ratelimit-remaining-subscription-resource-requests": [ "-1" ],
        "x-ms-correlation-request-id": [ "0caffe6b-ef7d-480b-966c-ed7f5b7cdabb" ],
        "x-ms-routing-request-id": [ "SOUTHEASTASIA:20230325T013713Z:0caffe6b-ef7d-480b-966c-ed7f5b7cdabb" ],
        "X-Content-Type-Options": [ "nosniff" ],
        "Date": [ "Sat, 25 Mar 2023 01:37:12 GMT" ]
      },
      "ContentHeaders": {
        "Content-Length": [ "462" ],
        "Content-Type": [ "application/json; charset=utf-8" ],
        "Expires": [ "-1" ]
      },
      "Content": "{\"id\":\"/subscriptions/27cafca8-b9a4-4264-b399-45d0c9cca1ab/resourcegroups/testps-rg-avcw2l/providers/Microsoft.Cdn/profiles/fdp-49isg2\",\"type\":\"Microsoft.Cdn/profiles\",\"name\":\"fdp-49isg2\",\"location\":\"Global\",\"kind\":\"frontdoor\",\"tags\":{},\"sku\":{\"name\":\"Standard_AzureFrontDoor\"},\"properties\":{\"originResponseTimeoutSeconds\":30,\"frontDoorId\":\"080a93cc-9a9a-4514-8feb-ee455b25d525\",\"extendedProperties\":{},\"resourceState\":\"Creating\",\"provisioningState\":\"Creating\"}}",
      "isContentBase64": false
    }
  },
  "New-AzFrontDoorCdnRoute+[NoContext]+CreateExpanded+$GET+https://management.azure.com/subscriptions/27cafca8-b9a4-4264-b399-45d0c9cca1ab/resourcegroups/testps-rg-avcw2l/providers/Microsoft.Cdn/operationresults/03657294-5954-40f8-871b-79913902bc23?api-version=2022-11-01-preview+2": {
    "Request": {
      "Method": "GET",
      "RequestUri": "https://management.azure.com/subscriptions/27cafca8-b9a4-4264-b399-45d0c9cca1ab/resourcegroups/testps-rg-avcw2l/providers/Microsoft.Cdn/operationresults/03657294-5954-40f8-871b-79913902bc23?api-version=2022-11-01-preview",
      "Content": null,
      "isContentBase64": false,
      "Headers": {
        "Authorization": [ "[Filtered]" ],
        "x-ms-unique-id": [ "851" ],
        "x-ms-client-request-id": [ "afd3d87c-182a-4e5e-acfd-021f44b397d4" ],
        "CommandName": [ "Az.Cdn.internal\\New-AzCdnProfile" ],
        "FullCommandName": [ "New-AzCdnProfile_CreateExpanded" ],
        "ParameterSetName": [ "__AllParameterSets" ],
        "User-Agent": [ "AzurePowershell/v0.0.0", "PSVersion/v7.2.9", "Az.Cdn/0.1.0" ]
      },
      "ContentHeaders": {
      }
    },
    "Response": {
      "StatusCode": 200,
      "Headers": {
        "Cache-Control": [ "no-cache" ],
        "Pragma": [ "no-cache" ],
        "Strict-Transport-Security": [ "max-age=31536000; includeSubDomains" ],
        "x-ms-request-id": [ "59e321e2-eac9-4637-826c-f0a91ae19865" ],
        "x-ms-client-request-id": [ "afd3d87c-182a-4e5e-acfd-021f44b397d4" ],
        "Server": [ "Kestrel" ],
        "x-ms-ratelimit-remaining-subscription-reads": [ "11896" ],
        "x-ms-correlation-request-id": [ "d1c1c6e7-1dcb-4b69-8d23-113495e16bc4" ],
        "x-ms-routing-request-id": [ "SOUTHEASTASIA:20230325T013723Z:d1c1c6e7-1dcb-4b69-8d23-113495e16bc4" ],
        "X-Content-Type-Options": [ "nosniff" ],
        "Date": [ "Sat, 25 Mar 2023 01:37:22 GMT" ]
      },
      "ContentHeaders": {
        "Content-Length": [ "61" ],
        "Content-Type": [ "application/json; charset=utf-8" ],
        "Expires": [ "-1" ]
      },
      "Content": "{\"status\":\"Succeeded\",\"error\":{\"code\":\"None\",\"message\":null}}",
      "isContentBase64": false
    }
  },
  "New-AzFrontDoorCdnRoute+[NoContext]+CreateExpanded+$GET+https://management.azure.com/subscriptions/27cafca8-b9a4-4264-b399-45d0c9cca1ab/resourceGroups/testps-rg-avcw2l/providers/Microsoft.Cdn/profiles/fdp-49isg2?api-version=2022-11-01-preview+3": {
    "Request": {
      "Method": "GET",
      "RequestUri": "https://management.azure.com/subscriptions/27cafca8-b9a4-4264-b399-45d0c9cca1ab/resourceGroups/testps-rg-avcw2l/providers/Microsoft.Cdn/profiles/fdp-49isg2?api-version=2022-11-01-preview",
      "Content": null,
      "isContentBase64": false,
      "Headers": {
        "Authorization": [ "[Filtered]" ],
        "x-ms-unique-id": [ "852" ],
        "x-ms-client-request-id": [ "afd3d87c-182a-4e5e-acfd-021f44b397d4" ],
        "CommandName": [ "Az.Cdn.internal\\New-AzCdnProfile" ],
        "FullCommandName": [ "New-AzCdnProfile_CreateExpanded" ],
        "ParameterSetName": [ "__AllParameterSets" ],
        "User-Agent": [ "AzurePowershell/v0.0.0", "PSVersion/v7.2.9", "Az.Cdn/0.1.0" ]
      },
      "ContentHeaders": {
      }
    },
    "Response": {
      "StatusCode": 200,
      "Headers": {
        "Cache-Control": [ "no-cache" ],
        "Pragma": [ "no-cache" ],
        "Strict-Transport-Security": [ "max-age=31536000; includeSubDomains" ],
        "x-ms-request-id": [ "4a752372-adbc-4794-8a1d-6e8c6618a60f" ],
        "x-ms-client-request-id": [ "afd3d87c-182a-4e5e-acfd-021f44b397d4" ],
        "Server": [ "Kestrel" ],
        "x-ms-ratelimit-remaining-subscription-resource-requests": [ "39" ],
        "x-ms-correlation-request-id": [ "12405d48-4f83-486c-bd41-c6210bcbc93b" ],
        "x-ms-routing-request-id": [ "SOUTHEASTASIA:20230325T013724Z:12405d48-4f83-486c-bd41-c6210bcbc93b" ],
        "X-Content-Type-Options": [ "nosniff" ],
        "Date": [ "Sat, 25 Mar 2023 01:37:24 GMT" ]
      },
      "ContentHeaders": {
        "Content-Length": [ "461" ],
        "Content-Type": [ "application/json; charset=utf-8" ],
        "Expires": [ "-1" ]
      },
      "Content": "{\"id\":\"/subscriptions/27cafca8-b9a4-4264-b399-45d0c9cca1ab/resourcegroups/testps-rg-avcw2l/providers/Microsoft.Cdn/profiles/fdp-49isg2\",\"type\":\"Microsoft.Cdn/profiles\",\"name\":\"fdp-49isg2\",\"location\":\"Global\",\"kind\":\"frontdoor\",\"tags\":{},\"sku\":{\"name\":\"Standard_AzureFrontDoor\"},\"properties\":{\"originResponseTimeoutSeconds\":30,\"frontDoorId\":\"080a93cc-9a9a-4514-8feb-ee455b25d525\",\"extendedProperties\":{},\"resourceState\":\"Active\",\"provisioningState\":\"Succeeded\"}}",
      "isContentBase64": false
    }
  },
  "New-AzFrontDoorCdnRoute+[NoContext]+CreateExpanded+$PUT+https://management.azure.com/subscriptions/27cafca8-b9a4-4264-b399-45d0c9cca1ab/resourceGroups/testps-rg-avcw2l/providers/Microsoft.Cdn/profiles/fdp-49isg2/afdEndpoints/end-e5fuwd?api-version=2022-11-01-preview+4": {
    "Request": {
      "Method": "PUT",
      "RequestUri": "https://management.azure.com/subscriptions/27cafca8-b9a4-4264-b399-45d0c9cca1ab/resourceGroups/testps-rg-avcw2l/providers/Microsoft.Cdn/profiles/fdp-49isg2/afdEndpoints/end-e5fuwd?api-version=2022-11-01-preview",
      "Content": "{\r\n  \"location\": \"Global\"\r\n}",
      "isContentBase64": false,
      "Headers": {
      },
      "ContentHeaders": {
        "Content-Type": [ "application/json" ],
        "Content-Length": [ "28" ]
      }
    },
    "Response": {
      "StatusCode": 201,
      "Headers": {
        "Cache-Control": [ "no-cache" ],
        "Pragma": [ "no-cache" ],
        "Retry-After": [ "10" ],
        "Strict-Transport-Security": [ "max-age=31536000; includeSubDomains" ],
        "x-ms-request-id": [ "e8bb358b-0f64-4dcd-bc46-cc2c38c51466" ],
        "x-ms-client-request-id": [ "ad0ba566-9ece-4c6e-9b3e-826eb5c4192a" ],
        "Azure-AsyncOperation": [ "https://management.azure.com/subscriptions/27cafca8-b9a4-4264-b399-45d0c9cca1ab/resourcegroups/testps-rg-avcw2l/providers/Microsoft.Cdn/operationresults/179de8ee-37de-4ecd-b840-058322c9d1fe?api-version=2022-11-01-preview" ],
        "Server": [ "Kestrel" ],
        "x-ms-ratelimit-remaining-subscription-resource-requests": [ "95" ],
        "x-ms-correlation-request-id": [ "a435f253-dbf5-466d-94f5-7374cb668a79" ],
        "x-ms-routing-request-id": [ "SOUTHEASTASIA:20230325T013728Z:a435f253-dbf5-466d-94f5-7374cb668a79" ],
        "X-Content-Type-Options": [ "nosniff" ],
        "Date": [ "Sat, 25 Mar 2023 01:37:27 GMT" ]
      },
      "ContentHeaders": {
        "Content-Length": [ "456" ],
        "Content-Type": [ "application/json; charset=utf-8" ],
        "Expires": [ "-1" ]
      },
      "Content": "{\"id\":\"/subscriptions/27cafca8-b9a4-4264-b399-45d0c9cca1ab/resourcegroups/testps-rg-avcw2l/providers/Microsoft.Cdn/profiles/fdp-49isg2/afdendpoints/end-e5fuwd\",\"type\":\"Microsoft.Cdn/profiles/afdendpoints\",\"name\":\"end-e5fuwd\",\"location\":\"Global\",\"tags\":{},\"properties\":{\"hostName\":\"end-e5fuwd-bqd5awcdfth4b4bn.z01.azurefd.net\",\"autoGeneratedDomainNameLabelScope\":null,\"enabledState\":\"Enabled\",\"provisioningState\":\"Creating\",\"deploymentStatus\":\"NotStarted\"}}",
      "isContentBase64": false
    }
  },
  "New-AzFrontDoorCdnRoute+[NoContext]+CreateExpanded+$GET+https://management.azure.com/subscriptions/27cafca8-b9a4-4264-b399-45d0c9cca1ab/resourcegroups/testps-rg-avcw2l/providers/Microsoft.Cdn/operationresults/179de8ee-37de-4ecd-b840-058322c9d1fe?api-version=2022-11-01-preview+5": {
    "Request": {
      "Method": "GET",
      "RequestUri": "https://management.azure.com/subscriptions/27cafca8-b9a4-4264-b399-45d0c9cca1ab/resourcegroups/testps-rg-avcw2l/providers/Microsoft.Cdn/operationresults/179de8ee-37de-4ecd-b840-058322c9d1fe?api-version=2022-11-01-preview",
      "Content": null,
      "isContentBase64": false,
      "Headers": {
        "Authorization": [ "[Filtered]" ],
        "x-ms-unique-id": [ "854" ],
        "x-ms-client-request-id": [ "ad0ba566-9ece-4c6e-9b3e-826eb5c4192a" ],
        "CommandName": [ "New-AzFrontDoorCdnEndpoint" ],
        "FullCommandName": [ "New-AzFrontDoorCdnEndpoint_CreateExpanded" ],
        "ParameterSetName": [ "__AllParameterSets" ],
        "User-Agent": [ "AzurePowershell/v0.0.0", "PSVersion/v7.2.9", "Az.Cdn/0.1.0" ]
      },
      "ContentHeaders": {
      }
    },
    "Response": {
      "StatusCode": 200,
      "Headers": {
        "Cache-Control": [ "no-cache" ],
        "Pragma": [ "no-cache" ],
        "Strict-Transport-Security": [ "max-age=31536000; includeSubDomains" ],
        "x-ms-request-id": [ "5d170777-100c-47c5-80ca-35956ac0c4b4" ],
        "x-ms-client-request-id": [ "ad0ba566-9ece-4c6e-9b3e-826eb5c4192a" ],
        "Server": [ "Kestrel" ],
        "x-ms-ratelimit-remaining-subscription-reads": [ "11895" ],
        "x-ms-correlation-request-id": [ "b19fac70-045a-4eb1-8a04-b95628dda0ea" ],
        "x-ms-routing-request-id": [ "SOUTHEASTASIA:20230325T013738Z:b19fac70-045a-4eb1-8a04-b95628dda0ea" ],
        "X-Content-Type-Options": [ "nosniff" ],
        "Date": [ "Sat, 25 Mar 2023 01:37:38 GMT" ]
      },
      "ContentHeaders": {
        "Content-Length": [ "61" ],
        "Content-Type": [ "application/json; charset=utf-8" ],
        "Expires": [ "-1" ]
      },
      "Content": "{\"status\":\"Succeeded\",\"error\":{\"code\":\"None\",\"message\":null}}",
      "isContentBase64": false
    }
  },
  "New-AzFrontDoorCdnRoute+[NoContext]+CreateExpanded+$GET+https://management.azure.com/subscriptions/27cafca8-b9a4-4264-b399-45d0c9cca1ab/resourceGroups/testps-rg-avcw2l/providers/Microsoft.Cdn/profiles/fdp-49isg2/afdEndpoints/end-e5fuwd?api-version=2022-11-01-preview+6": {
    "Request": {
      "Method": "GET",
      "RequestUri": "https://management.azure.com/subscriptions/27cafca8-b9a4-4264-b399-45d0c9cca1ab/resourceGroups/testps-rg-avcw2l/providers/Microsoft.Cdn/profiles/fdp-49isg2/afdEndpoints/end-e5fuwd?api-version=2022-11-01-preview",
      "Content": null,
      "isContentBase64": false,
      "Headers": {
        "Authorization": [ "[Filtered]" ],
        "x-ms-unique-id": [ "855" ],
        "x-ms-client-request-id": [ "ad0ba566-9ece-4c6e-9b3e-826eb5c4192a" ],
        "CommandName": [ "New-AzFrontDoorCdnEndpoint" ],
        "FullCommandName": [ "New-AzFrontDoorCdnEndpoint_CreateExpanded" ],
        "ParameterSetName": [ "__AllParameterSets" ],
        "User-Agent": [ "AzurePowershell/v0.0.0", "PSVersion/v7.2.9", "Az.Cdn/0.1.0" ]
      },
      "ContentHeaders": {
      }
    },
    "Response": {
      "StatusCode": 200,
      "Headers": {
        "Cache-Control": [ "no-cache" ],
        "Pragma": [ "no-cache" ],
        "Strict-Transport-Security": [ "max-age=31536000; includeSubDomains" ],
        "x-ms-request-id": [ "fbd302a3-4367-4838-ad2f-c7f414e321f6" ],
        "x-ms-client-request-id": [ "ad0ba566-9ece-4c6e-9b3e-826eb5c4192a" ],
        "Server": [ "Kestrel" ],
        "x-ms-ratelimit-remaining-subscription-resource-requests": [ "48" ],
        "x-ms-correlation-request-id": [ "d7159950-7a65-434b-8fe4-a257572491c1" ],
        "x-ms-routing-request-id": [ "SOUTHEASTASIA:20230325T013739Z:d7159950-7a65-434b-8fe4-a257572491c1" ],
        "X-Content-Type-Options": [ "nosniff" ],
        "Date": [ "Sat, 25 Mar 2023 01:37:38 GMT" ]
      },
      "ContentHeaders": {
        "Content-Length": [ "457" ],
        "Content-Type": [ "application/json; charset=utf-8" ],
        "Expires": [ "-1" ]
      },
      "Content": "{\"id\":\"/subscriptions/27cafca8-b9a4-4264-b399-45d0c9cca1ab/resourcegroups/testps-rg-avcw2l/providers/Microsoft.Cdn/profiles/fdp-49isg2/afdendpoints/end-e5fuwd\",\"type\":\"Microsoft.Cdn/profiles/afdendpoints\",\"name\":\"end-e5fuwd\",\"location\":\"Global\",\"tags\":{},\"properties\":{\"hostName\":\"end-e5fuwd-bqd5awcdfth4b4bn.z01.azurefd.net\",\"autoGeneratedDomainNameLabelScope\":null,\"enabledState\":\"Enabled\",\"provisioningState\":\"Succeeded\",\"deploymentStatus\":\"NotStarted\"}}",
      "isContentBase64": false
    }
  },
  "New-AzFrontDoorCdnRoute+[NoContext]+CreateExpanded+$PUT+https://management.azure.com/subscriptions/27cafca8-b9a4-4264-b399-45d0c9cca1ab/resourceGroups/testps-rg-avcw2l/providers/Microsoft.Cdn/profiles/fdp-49isg2/originGroups/org4m5lsi?api-version=2022-11-01-preview+7": {
    "Request": {
      "Method": "PUT",
      "RequestUri": "https://management.azure.com/subscriptions/27cafca8-b9a4-4264-b399-45d0c9cca1ab/resourceGroups/testps-rg-avcw2l/providers/Microsoft.Cdn/profiles/fdp-49isg2/originGroups/org4m5lsi?api-version=2022-11-01-preview",
      "Content": "{\r\n  \"properties\": {\r\n    \"loadBalancingSettings\": {\r\n      \"sampleSize\": 5,\r\n      \"successfulSamplesRequired\": 4,\r\n      \"additionalLatencyInMilliseconds\": 200\r\n    },\r\n    \"healthProbeSettings\": {\r\n      \"probePath\": \"/\",\r\n      \"probeRequestType\": \"GET\",\r\n      \"probeProtocol\": \"Https\",\r\n      \"probeIntervalInSeconds\": 1\r\n    }\r\n  }\r\n}",
      "isContentBase64": false,
      "Headers": {
      },
      "ContentHeaders": {
        "Content-Type": [ "application/json" ],
        "Content-Length": [ "341" ]
      }
    },
    "Response": {
      "StatusCode": 201,
      "Headers": {
        "Cache-Control": [ "no-cache" ],
        "Pragma": [ "no-cache" ],
        "Strict-Transport-Security": [ "max-age=31536000; includeSubDomains" ],
        "x-ms-request-id": [ "0cdb5f1e-a140-49bb-b8e3-f5171bf3cfe1" ],
        "x-ms-client-request-id": [ "68e3999e-b796-40fd-a1b7-d16a156d80f0" ],
        "Server": [ "Kestrel" ],
        "x-ms-ratelimit-remaining-subscription-resource-requests": [ "97" ],
        "x-ms-correlation-request-id": [ "1b608e62-e734-4599-af05-ae8620d257ce" ],
        "x-ms-routing-request-id": [ "SOUTHEASTASIA:20230325T013740Z:1b608e62-e734-4599-af05-ae8620d257ce" ],
        "X-Content-Type-Options": [ "nosniff" ],
        "Date": [ "Sat, 25 Mar 2023 01:37:40 GMT" ]
      },
      "ContentHeaders": {
        "Content-Length": [ "622" ],
        "Content-Type": [ "application/json; charset=utf-8" ],
        "Expires": [ "-1" ]
      },
      "Content": "{\"id\":\"/subscriptions/27cafca8-b9a4-4264-b399-45d0c9cca1ab/resourcegroups/testps-rg-avcw2l/providers/Microsoft.Cdn/profiles/fdp-49isg2/origingroups/org4m5lsi\",\"type\":\"Microsoft.Cdn/profiles/origingroups\",\"name\":\"org4m5lsi\",\"properties\":{\"loadBalancingSettings\":{\"sampleSize\":5,\"successfulSamplesRequired\":4,\"additionalLatencyInMilliseconds\":200},\"healthProbeSettings\":{\"probePath\":\"/\",\"probeRequestType\":\"GET\",\"probeProtocol\":\"Https\",\"probeIntervalInSeconds\":1},\"trafficRestorationTimeToHealedOrNewEndpointsInMinutes\":null,\"sessionAffinityState\":\"Disabled\",\"provisioningState\":\"Succeeded\",\"deploymentStatus\":\"NotStarted\"}}",
      "isContentBase64": false
    }
  },
  "New-AzFrontDoorCdnRoute+[NoContext]+CreateExpanded+$GET+https://management.azure.com/subscriptions/27cafca8-b9a4-4264-b399-45d0c9cca1ab/resourceGroups/testps-rg-avcw2l/providers/Microsoft.Cdn/profiles/fdp-49isg2/originGroups/org4m5lsi?api-version=2022-11-01-preview+8": {
    "Request": {
      "Method": "GET",
      "RequestUri": "https://management.azure.com/subscriptions/27cafca8-b9a4-4264-b399-45d0c9cca1ab/resourceGroups/testps-rg-avcw2l/providers/Microsoft.Cdn/profiles/fdp-49isg2/originGroups/org4m5lsi?api-version=2022-11-01-preview",
      "Content": null,
      "isContentBase64": false,
      "Headers": {
        "Authorization": [ "[Filtered]" ],
        "x-ms-unique-id": [ "857" ],
        "x-ms-client-request-id": [ "68e3999e-b796-40fd-a1b7-d16a156d80f0" ],
        "CommandName": [ "New-AzFrontDoorCdnOriginGroup" ],
        "FullCommandName": [ "New-AzFrontDoorCdnOriginGroup_CreateExpanded" ],
        "ParameterSetName": [ "__AllParameterSets" ],
        "User-Agent": [ "AzurePowershell/v0.0.0", "PSVersion/v7.2.9", "Az.Cdn/0.1.0" ]
      },
      "ContentHeaders": {
      }
    },
    "Response": {
      "StatusCode": 200,
      "Headers": {
        "Cache-Control": [ "no-cache" ],
        "Pragma": [ "no-cache" ],
        "x-ms-ratelimit-remaining-subscription-reads": [ "11894" ],
        "Strict-Transport-Security": [ "max-age=31536000; includeSubDomains" ],
        "x-ms-request-id": [ "26be2590-60ac-45a5-8935-500da21573c3" ],
        "x-ms-client-request-id": [ "68e3999e-b796-40fd-a1b7-d16a156d80f0" ],
        "Server": [ "Kestrel" ],
        "x-ms-correlation-request-id": [ "0c744847-62a2-4bb8-8f48-82c4dac40ea0" ],
        "x-ms-routing-request-id": [ "SOUTHEASTASIA:20230325T013811Z:0c744847-62a2-4bb8-8f48-82c4dac40ea0" ],
        "X-Content-Type-Options": [ "nosniff" ],
        "Date": [ "Sat, 25 Mar 2023 01:38:10 GMT" ]
      },
      "ContentHeaders": {
        "Content-Length": [ "622" ],
        "Content-Type": [ "application/json; charset=utf-8" ],
        "Expires": [ "-1" ]
      },
      "Content": "{\"id\":\"/subscriptions/27cafca8-b9a4-4264-b399-45d0c9cca1ab/resourcegroups/testps-rg-avcw2l/providers/Microsoft.Cdn/profiles/fdp-49isg2/origingroups/org4m5lsi\",\"type\":\"Microsoft.Cdn/profiles/origingroups\",\"name\":\"org4m5lsi\",\"properties\":{\"loadBalancingSettings\":{\"sampleSize\":5,\"successfulSamplesRequired\":4,\"additionalLatencyInMilliseconds\":200},\"healthProbeSettings\":{\"probePath\":\"/\",\"probeRequestType\":\"GET\",\"probeProtocol\":\"Https\",\"probeIntervalInSeconds\":1},\"trafficRestorationTimeToHealedOrNewEndpointsInMinutes\":null,\"sessionAffinityState\":\"Disabled\",\"provisioningState\":\"Succeeded\",\"deploymentStatus\":\"NotStarted\"}}",
      "isContentBase64": false
    }
  },
  "New-AzFrontDoorCdnRoute+[NoContext]+CreateExpanded+$GET+https://management.azure.com/subscriptions/27cafca8-b9a4-4264-b399-45d0c9cca1ab/resourceGroups/testps-rg-avcw2l/providers/Microsoft.Cdn/profiles/fdp-49isg2/originGroups/org4m5lsi?api-version=2022-11-01-preview+9": {
    "Request": {
      "Method": "GET",
      "RequestUri": "https://management.azure.com/subscriptions/27cafca8-b9a4-4264-b399-45d0c9cca1ab/resourceGroups/testps-rg-avcw2l/providers/Microsoft.Cdn/profiles/fdp-49isg2/originGroups/org4m5lsi?api-version=2022-11-01-preview",
      "Content": null,
      "isContentBase64": false,
      "Headers": {
        "Authorization": [ "[Filtered]" ],
        "x-ms-unique-id": [ "858" ],
        "x-ms-client-request-id": [ "68e3999e-b796-40fd-a1b7-d16a156d80f0" ],
        "CommandName": [ "New-AzFrontDoorCdnOriginGroup" ],
        "FullCommandName": [ "New-AzFrontDoorCdnOriginGroup_CreateExpanded" ],
        "ParameterSetName": [ "__AllParameterSets" ],
        "User-Agent": [ "AzurePowershell/v0.0.0", "PSVersion/v7.2.9", "Az.Cdn/0.1.0" ]
      },
      "ContentHeaders": {
      }
    },
    "Response": {
      "StatusCode": 200,
      "Headers": {
        "Cache-Control": [ "no-cache" ],
        "Pragma": [ "no-cache" ],
        "Strict-Transport-Security": [ "max-age=31536000; includeSubDomains" ],
        "x-ms-request-id": [ "1279cf28-37d4-448e-8045-d45038c7b33d" ],
        "x-ms-client-request-id": [ "68e3999e-b796-40fd-a1b7-d16a156d80f0" ],
        "Server": [ "Kestrel" ],
        "x-ms-ratelimit-remaining-subscription-reads": [ "11893" ],
        "x-ms-correlation-request-id": [ "26c5e6f8-5bb6-4ebd-93e2-cdd3941c6d48" ],
        "x-ms-routing-request-id": [ "SOUTHEASTASIA:20230325T013812Z:26c5e6f8-5bb6-4ebd-93e2-cdd3941c6d48" ],
        "X-Content-Type-Options": [ "nosniff" ],
        "Date": [ "Sat, 25 Mar 2023 01:38:11 GMT" ]
      },
      "ContentHeaders": {
        "Content-Length": [ "622" ],
        "Content-Type": [ "application/json; charset=utf-8" ],
        "Expires": [ "-1" ]
      },
      "Content": "{\"id\":\"/subscriptions/27cafca8-b9a4-4264-b399-45d0c9cca1ab/resourcegroups/testps-rg-avcw2l/providers/Microsoft.Cdn/profiles/fdp-49isg2/origingroups/org4m5lsi\",\"type\":\"Microsoft.Cdn/profiles/origingroups\",\"name\":\"org4m5lsi\",\"properties\":{\"loadBalancingSettings\":{\"sampleSize\":5,\"successfulSamplesRequired\":4,\"additionalLatencyInMilliseconds\":200},\"healthProbeSettings\":{\"probePath\":\"/\",\"probeRequestType\":\"GET\",\"probeProtocol\":\"Https\",\"probeIntervalInSeconds\":1},\"trafficRestorationTimeToHealedOrNewEndpointsInMinutes\":null,\"sessionAffinityState\":\"Disabled\",\"provisioningState\":\"Succeeded\",\"deploymentStatus\":\"NotStarted\"}}",
      "isContentBase64": false
    }
  },
  "New-AzFrontDoorCdnRoute+[NoContext]+CreateExpanded+$GET+https://management.azure.com/subscriptions/27cafca8-b9a4-4264-b399-45d0c9cca1ab/resourceGroups/testps-rg-avcw2l/providers/Microsoft.Cdn/profiles/fdp-49isg2/originGroups/org4m5lsi?api-version=2022-11-01-preview+10": {
    "Request": {
      "Method": "GET",
      "RequestUri": "https://management.azure.com/subscriptions/27cafca8-b9a4-4264-b399-45d0c9cca1ab/resourceGroups/testps-rg-avcw2l/providers/Microsoft.Cdn/profiles/fdp-49isg2/originGroups/org4m5lsi?api-version=2022-11-01-preview",
      "Content": null,
      "isContentBase64": false,
      "Headers": {
        "x-ms-unique-id": [ "859" ],
        "x-ms-client-request-id": [ "1e34205a-817d-4456-8fc8-fb009698aefc" ],
        "CommandName": [ "Get-AzFrontDoorCdnOriginGroup" ],
        "FullCommandName": [ "Get-AzFrontDoorCdnOriginGroup_Get" ],
        "ParameterSetName": [ "__AllParameterSets" ],
        "User-Agent": [ "AzurePowershell/v0.0.0", "PSVersion/v7.2.9", "Az.Cdn/0.1.0" ],
        "Authorization": [ "[Filtered]" ]
      },
      "ContentHeaders": {
      }
    },
    "Response": {
      "StatusCode": 200,
      "Headers": {
        "Cache-Control": [ "no-cache" ],
        "Pragma": [ "no-cache" ],
        "Strict-Transport-Security": [ "max-age=31536000; includeSubDomains" ],
        "x-ms-request-id": [ "7761e944-2340-459c-8ac1-bd84816394d1" ],
        "x-ms-client-request-id": [ "1e34205a-817d-4456-8fc8-fb009698aefc" ],
        "Server": [ "Kestrel" ],
        "x-ms-ratelimit-remaining-subscription-reads": [ "11892" ],
        "x-ms-correlation-request-id": [ "742ca955-c9c6-48d5-8737-d90d67ae8526" ],
        "x-ms-routing-request-id": [ "SOUTHEASTASIA:20230325T013813Z:742ca955-c9c6-48d5-8737-d90d67ae8526" ],
        "X-Content-Type-Options": [ "nosniff" ],
        "Date": [ "Sat, 25 Mar 2023 01:38:12 GMT" ]
      },
      "ContentHeaders": {
        "Content-Length": [ "622" ],
        "Content-Type": [ "application/json; charset=utf-8" ],
        "Expires": [ "-1" ]
      },
      "Content": "{\"id\":\"/subscriptions/27cafca8-b9a4-4264-b399-45d0c9cca1ab/resourcegroups/testps-rg-avcw2l/providers/Microsoft.Cdn/profiles/fdp-49isg2/origingroups/org4m5lsi\",\"type\":\"Microsoft.Cdn/profiles/origingroups\",\"name\":\"org4m5lsi\",\"properties\":{\"loadBalancingSettings\":{\"sampleSize\":5,\"successfulSamplesRequired\":4,\"additionalLatencyInMilliseconds\":200},\"healthProbeSettings\":{\"probePath\":\"/\",\"probeRequestType\":\"GET\",\"probeProtocol\":\"Https\",\"probeIntervalInSeconds\":1},\"trafficRestorationTimeToHealedOrNewEndpointsInMinutes\":null,\"sessionAffinityState\":\"Disabled\",\"provisioningState\":\"Succeeded\",\"deploymentStatus\":\"NotStarted\"}}",
      "isContentBase64": false
    }
  },
  "New-AzFrontDoorCdnRoute+[NoContext]+CreateExpanded+$PUT+https://management.azure.com/subscriptions/27cafca8-b9a4-4264-b399-45d0c9cca1ab/resourceGroups/testps-rg-avcw2l/providers/Microsoft.Cdn/profiles/fdp-49isg2/originGroups/org4m5lsi/origins/orijhsf0a?api-version=2022-11-01-preview+11": {
    "Request": {
      "Method": "PUT",
      "RequestUri": "https://management.azure.com/subscriptions/27cafca8-b9a4-4264-b399-45d0c9cca1ab/resourceGroups/testps-rg-avcw2l/providers/Microsoft.Cdn/profiles/fdp-49isg2/originGroups/org4m5lsi/origins/orijhsf0a?api-version=2022-11-01-preview",
      "Content": "{\r\n  \"properties\": {\r\n    \"hostName\": \"en.wikipedia.org\",\r\n    \"httpPort\": 80,\r\n    \"httpsPort\": 443,\r\n    \"originHostHeader\": \"en.wikipedia.org\",\r\n    \"priority\": 1,\r\n    \"weight\": 1000\r\n  }\r\n}",
      "isContentBase64": false,
      "Headers": {
      },
      "ContentHeaders": {
        "Content-Type": [ "application/json" ],
        "Content-Length": [ "194" ]
      }
    },
    "Response": {
      "StatusCode": 201,
      "Headers": {
        "Cache-Control": [ "no-cache" ],
        "Pragma": [ "no-cache" ],
        "Retry-After": [ "10" ],
        "Strict-Transport-Security": [ "max-age=31536000; includeSubDomains" ],
        "x-ms-request-id": [ "8eaa6a71-6c42-4ff1-81dc-5d87ee39e2df" ],
        "x-ms-client-request-id": [ "26c67b5f-eb67-41ec-a880-1c9a174e8651" ],
        "Azure-AsyncOperation": [ "https://management.azure.com/subscriptions/27cafca8-b9a4-4264-b399-45d0c9cca1ab/resourcegroups/testps-rg-avcw2l/providers/Microsoft.Cdn/operationresults/47427b55-8048-4df2-b784-128ec30be598?api-version=2022-11-01-preview" ],
        "Server": [ "Kestrel" ],
        "x-ms-ratelimit-remaining-subscription-resource-requests": [ "98" ],
        "x-ms-correlation-request-id": [ "ed3f0728-bcc3-45f0-9553-e173974fe880" ],
        "x-ms-routing-request-id": [ "SOUTHEASTASIA:20230325T013815Z:ed3f0728-bcc3-45f0-9553-e173974fe880" ],
        "X-Content-Type-Options": [ "nosniff" ],
        "Date": [ "Sat, 25 Mar 2023 01:38:14 GMT" ]
      },
      "ContentHeaders": {
        "Content-Length": [ "575" ],
        "Content-Type": [ "application/json; charset=utf-8" ],
        "Expires": [ "-1" ]
      },
      "Content": "{\"id\":\"/subscriptions/27cafca8-b9a4-4264-b399-45d0c9cca1ab/resourcegroups/testps-rg-avcw2l/providers/Microsoft.Cdn/profiles/fdp-49isg2/origingroups/org4m5lsi/origins/orijhsf0a\",\"type\":\"Microsoft.Cdn/profiles/origingroups/origins\",\"name\":\"orijhsf0a\",\"properties\":{\"originGroupName\":\"org4m5lsi\",\"hostName\":\"en.wikipedia.org\",\"httpPort\":80,\"httpsPort\":443,\"originHostHeader\":\"en.wikipedia.org\",\"priority\":1,\"weight\":1000,\"enabledState\":\"Enabled\",\"sharedPrivateLinkResource\":null,\"enforceCertificateNameCheck\":true,\"provisioningState\":\"Creating\",\"deploymentStatus\":\"NotStarted\"}}",
      "isContentBase64": false
    }
  },
  "New-AzFrontDoorCdnRoute+[NoContext]+CreateExpanded+$GET+https://management.azure.com/subscriptions/27cafca8-b9a4-4264-b399-45d0c9cca1ab/resourcegroups/testps-rg-avcw2l/providers/Microsoft.Cdn/operationresults/47427b55-8048-4df2-b784-128ec30be598?api-version=2022-11-01-preview+12": {
    "Request": {
      "Method": "GET",
      "RequestUri": "https://management.azure.com/subscriptions/27cafca8-b9a4-4264-b399-45d0c9cca1ab/resourcegroups/testps-rg-avcw2l/providers/Microsoft.Cdn/operationresults/47427b55-8048-4df2-b784-128ec30be598?api-version=2022-11-01-preview",
      "Content": null,
      "isContentBase64": false,
      "Headers": {
        "Authorization": [ "[Filtered]" ],
        "x-ms-unique-id": [ "861" ],
        "x-ms-client-request-id": [ "26c67b5f-eb67-41ec-a880-1c9a174e8651" ],
        "CommandName": [ "New-AzFrontDoorCdnOrigin" ],
        "FullCommandName": [ "New-AzFrontDoorCdnOrigin_CreateExpanded" ],
        "ParameterSetName": [ "__AllParameterSets" ],
        "User-Agent": [ "AzurePowershell/v0.0.0", "PSVersion/v7.2.9", "Az.Cdn/0.1.0" ]
      },
      "ContentHeaders": {
      }
    },
    "Response": {
      "StatusCode": 200,
      "Headers": {
        "Cache-Control": [ "no-cache" ],
        "Pragma": [ "no-cache" ],
        "Strict-Transport-Security": [ "max-age=31536000; includeSubDomains" ],
        "x-ms-request-id": [ "0cf58795-29a7-4728-9180-b8151e1bc3d3" ],
        "x-ms-client-request-id": [ "26c67b5f-eb67-41ec-a880-1c9a174e8651" ],
        "Server": [ "Kestrel" ],
        "x-ms-ratelimit-remaining-subscription-reads": [ "11891" ],
        "x-ms-correlation-request-id": [ "d7634ca6-16de-4c87-8b98-62a11f473816" ],
        "x-ms-routing-request-id": [ "SOUTHEASTASIA:20230325T013825Z:d7634ca6-16de-4c87-8b98-62a11f473816" ],
        "X-Content-Type-Options": [ "nosniff" ],
        "Date": [ "Sat, 25 Mar 2023 01:38:25 GMT" ]
      },
      "ContentHeaders": {
        "Content-Length": [ "61" ],
        "Content-Type": [ "application/json; charset=utf-8" ],
        "Expires": [ "-1" ]
      },
      "Content": "{\"status\":\"Succeeded\",\"error\":{\"code\":\"None\",\"message\":null}}",
      "isContentBase64": false
    }
  },
  "New-AzFrontDoorCdnRoute+[NoContext]+CreateExpanded+$GET+https://management.azure.com/subscriptions/27cafca8-b9a4-4264-b399-45d0c9cca1ab/resourceGroups/testps-rg-avcw2l/providers/Microsoft.Cdn/profiles/fdp-49isg2/originGroups/org4m5lsi/origins/orijhsf0a?api-version=2022-11-01-preview+13": {
    "Request": {
      "Method": "GET",
      "RequestUri": "https://management.azure.com/subscriptions/27cafca8-b9a4-4264-b399-45d0c9cca1ab/resourceGroups/testps-rg-avcw2l/providers/Microsoft.Cdn/profiles/fdp-49isg2/originGroups/org4m5lsi/origins/orijhsf0a?api-version=2022-11-01-preview",
      "Content": null,
      "isContentBase64": false,
      "Headers": {
        "Authorization": [ "[Filtered]" ],
        "x-ms-unique-id": [ "862" ],
        "x-ms-client-request-id": [ "26c67b5f-eb67-41ec-a880-1c9a174e8651" ],
        "CommandName": [ "New-AzFrontDoorCdnOrigin" ],
        "FullCommandName": [ "New-AzFrontDoorCdnOrigin_CreateExpanded" ],
        "ParameterSetName": [ "__AllParameterSets" ],
        "User-Agent": [ "AzurePowershell/v0.0.0", "PSVersion/v7.2.9", "Az.Cdn/0.1.0" ]
      },
      "ContentHeaders": {
      }
    },
    "Response": {
      "StatusCode": 200,
      "Headers": {
        "Cache-Control": [ "no-cache" ],
        "Pragma": [ "no-cache" ],
        "Strict-Transport-Security": [ "max-age=31536000; includeSubDomains" ],
        "x-ms-request-id": [ "84fa1a6f-ffeb-4a99-92f8-a3125fb05c41" ],
        "x-ms-client-request-id": [ "26c67b5f-eb67-41ec-a880-1c9a174e8651" ],
        "Server": [ "Kestrel" ],
        "x-ms-ratelimit-remaining-subscription-reads": [ "11890" ],
        "x-ms-correlation-request-id": [ "e3dcd1b1-0623-4d75-ba42-f50703a091fd" ],
        "x-ms-routing-request-id": [ "SOUTHEASTASIA:20230325T013826Z:e3dcd1b1-0623-4d75-ba42-f50703a091fd" ],
        "X-Content-Type-Options": [ "nosniff" ],
        "Date": [ "Sat, 25 Mar 2023 01:38:25 GMT" ]
      },
      "ContentHeaders": {
        "Content-Length": [ "576" ],
        "Content-Type": [ "application/json; charset=utf-8" ],
        "Expires": [ "-1" ]
      },
      "Content": "{\"id\":\"/subscriptions/27cafca8-b9a4-4264-b399-45d0c9cca1ab/resourcegroups/testps-rg-avcw2l/providers/Microsoft.Cdn/profiles/fdp-49isg2/origingroups/org4m5lsi/origins/orijhsf0a\",\"type\":\"Microsoft.Cdn/profiles/origingroups/origins\",\"name\":\"orijhsf0a\",\"properties\":{\"originGroupName\":\"org4m5lsi\",\"hostName\":\"en.wikipedia.org\",\"httpPort\":80,\"httpsPort\":443,\"originHostHeader\":\"en.wikipedia.org\",\"priority\":1,\"weight\":1000,\"enabledState\":\"Enabled\",\"sharedPrivateLinkResource\":null,\"enforceCertificateNameCheck\":true,\"provisioningState\":\"Succeeded\",\"deploymentStatus\":\"NotStarted\"}}",
      "isContentBase64": false
    }
  },
  "New-AzFrontDoorCdnRoute+[NoContext]+CreateExpanded+$PUT+https://management.azure.com/subscriptions/27cafca8-b9a4-4264-b399-45d0c9cca1ab/resourceGroups/testps-rg-avcw2l/providers/Microsoft.Cdn/profiles/fdp-49isg2/ruleSets/rsfzr95n?api-version=2022-11-01-preview+14": {
    "Request": {
      "Method": "PUT",
      "RequestUri": "https://management.azure.com/subscriptions/27cafca8-b9a4-4264-b399-45d0c9cca1ab/resourceGroups/testps-rg-avcw2l/providers/Microsoft.Cdn/profiles/fdp-49isg2/ruleSets/rsfzr95n?api-version=2022-11-01-preview",
      "Content": null,
      "isContentBase64": false,
      "Headers": {
        "x-ms-unique-id": [ "863" ],
        "x-ms-client-request-id": [ "ff38b33b-3244-4387-aa83-d4a8230e4097" ],
        "CommandName": [ "New-AzFrontDoorCdnRuleSet" ],
        "FullCommandName": [ "New-AzFrontDoorCdnRuleSet_Create" ],
        "ParameterSetName": [ "__AllParameterSets" ],
        "User-Agent": [ "AzurePowershell/v0.0.0", "PSVersion/v7.2.9", "Az.Cdn/0.1.0" ],
        "Authorization": [ "[Filtered]" ]
      },
      "ContentHeaders": {
      }
    },
    "Response": {
      "StatusCode": 201,
      "Headers": {
        "Cache-Control": [ "no-cache" ],
        "Pragma": [ "no-cache" ],
        "Strict-Transport-Security": [ "max-age=31536000; includeSubDomains" ],
        "x-ms-request-id": [ "4f6c53d6-6cbc-42c9-b3e9-0fba727c8294" ],
        "x-ms-client-request-id": [ "ff38b33b-3244-4387-aa83-d4a8230e4097" ],
        "Server": [ "Kestrel" ],
        "x-ms-ratelimit-remaining-subscription-resource-requests": [ "95" ],
        "x-ms-correlation-request-id": [ "ab9edb8f-89e0-4962-8883-00049181ff87" ],
        "x-ms-routing-request-id": [ "SOUTHEASTASIA:20230325T013827Z:ab9edb8f-89e0-4962-8883-00049181ff87" ],
        "X-Content-Type-Options": [ "nosniff" ],
        "Date": [ "Sat, 25 Mar 2023 01:38:27 GMT" ]
      },
      "ContentHeaders": {
        "Content-Length": [ "292" ],
        "Content-Type": [ "application/json; charset=utf-8" ],
        "Expires": [ "-1" ]
      },
      "Content": "{\"id\":\"/subscriptions/27cafca8-b9a4-4264-b399-45d0c9cca1ab/resourcegroups/testps-rg-avcw2l/providers/Microsoft.Cdn/profiles/fdp-49isg2/rulesets/rsfzr95n\",\"type\":\"Microsoft.Cdn/profiles/rulesets\",\"name\":\"rsfzr95n\",\"properties\":{\"provisioningState\":\"Succeeded\",\"deploymentStatus\":\"NotStarted\"}}",
      "isContentBase64": false
    }
  },
  "New-AzFrontDoorCdnRoute+[NoContext]+CreateExpanded+$PUT+https://management.azure.com/subscriptions/27cafca8-b9a4-4264-b399-45d0c9cca1ab/resourceGroups/testps-rg-avcw2l/providers/Microsoft.Cdn/profiles/fdp-49isg2/ruleSets/rsfzr95n/rules/rjm4zbr?api-version=2022-11-01-preview+15": {
    "Request": {
      "Method": "PUT",
      "RequestUri": "https://management.azure.com/subscriptions/27cafca8-b9a4-4264-b399-45d0c9cca1ab/resourceGroups/testps-rg-avcw2l/providers/Microsoft.Cdn/profiles/fdp-49isg2/ruleSets/rsfzr95n/rules/rjm4zbr?api-version=2022-11-01-preview",
      "Content": "{\r\n  \"properties\": {\r\n    \"conditions\": [\r\n      {\r\n        \"name\": \"RequestUri\",\r\n        \"parameters\": {\r\n          \"typeName\": \"DeliveryRuleRequestUriConditionParameters\",\r\n          \"operator\": \"Any\"\r\n        }\r\n      }\r\n    ],\r\n    \"actions\": [\r\n      {\r\n        \"name\": \"RouteConfigurationOverride\",\r\n        \"parameters\": {\r\n          \"cacheConfiguration\": {\r\n            \"queryStringCachingBehavior\": \"IgnoreSpecifiedQueryStrings\",\r\n            \"queryParameters\": \"a=test\",\r\n            \"isCompressionEnabled\": \"Enabled\",\r\n            \"cacheBehavior\": \"HonorOrigin\"\r\n          },\r\n          \"typeName\": \"DeliveryRuleRouteConfigurationOverrideActionParameters\"\r\n        }\r\n      }\r\n    ]\r\n  }\r\n}",
      "isContentBase64": false,
      "Headers": {
      },
      "ContentHeaders": {
        "Content-Type": [ "application/json" ],
        "Content-Length": [ "702" ]
      }
    },
    "Response": {
      "StatusCode": 201,
      "Headers": {
        "Cache-Control": [ "no-cache" ],
        "Pragma": [ "no-cache" ],
        "Retry-After": [ "10" ],
        "Strict-Transport-Security": [ "max-age=31536000; includeSubDomains" ],
        "x-ms-request-id": [ "c57aa0a6-aba4-4124-983d-0e1b9cc6137e" ],
        "x-ms-client-request-id": [ "65117d87-ee5e-45f1-b49a-1c52a58edd4f" ],
        "Azure-AsyncOperation": [ "https://management.azure.com/subscriptions/27cafca8-b9a4-4264-b399-45d0c9cca1ab/resourcegroups/testps-rg-avcw2l/providers/Microsoft.Cdn/operationresults/25d7342e-317f-4959-a83b-0ca39055c62c?api-version=2022-11-01-preview" ],
        "Server": [ "Kestrel" ],
        "x-ms-ratelimit-remaining-subscription-resource-requests": [ "99" ],
        "x-ms-correlation-request-id": [ "d1c3c736-387c-4554-89da-3d03579d1d5e" ],
        "x-ms-routing-request-id": [ "SOUTHEASTASIA:20230325T013829Z:d1c3c736-387c-4554-89da-3d03579d1d5e" ],
        "X-Content-Type-Options": [ "nosniff" ],
        "Date": [ "Sat, 25 Mar 2023 01:38:29 GMT" ]
      },
      "ContentHeaders": {
        "Content-Length": [ "891" ],
        "Content-Type": [ "application/json; charset=utf-8" ],
        "Expires": [ "-1" ]
      },
      "Content": "{\"id\":\"/subscriptions/27cafca8-b9a4-4264-b399-45d0c9cca1ab/resourcegroups/testps-rg-avcw2l/providers/Microsoft.Cdn/profiles/fdp-49isg2/rulesets/rsfzr95n/rules/rjm4zbr\",\"type\":\"Microsoft.Cdn/profiles/rulesets/rules\",\"name\":\"rjm4zbr\",\"properties\":{\"order\":0,\"conditions\":[{\"name\":\"RequestUri\",\"parameters\":{\"typeName\":\"DeliveryRuleRequestUriConditionParameters\",\"operator\":\"Any\",\"negateCondition\":false,\"matchValues\":[],\"transforms\":[]}}],\"actions\":[{\"name\":\"RouteConfigurationOverride\",\"parameters\":{\"typeName\":\"DeliveryRuleRouteConfigurationOverrideActionParameters\",\"cacheConfiguration\":{\"isCompressionEnabled\":\"Enabled\",\"queryStringCachingBehavior\":\"IgnoreSpecifiedQueryStrings\",\"queryParameters\":\"a=test\",\"cacheBehavior\":\"HonorOrigin\",\"cacheDuration\":null},\"originGroupOverride\":null}}],\"matchProcessingBehavior\":\"Continue\",\"provisioningState\":\"Creating\",\"deploymentStatus\":\"NotStarted\"}}",
      "isContentBase64": false
    }
  },
  "New-AzFrontDoorCdnRoute+[NoContext]+CreateExpanded+$GET+https://management.azure.com/subscriptions/27cafca8-b9a4-4264-b399-45d0c9cca1ab/resourcegroups/testps-rg-avcw2l/providers/Microsoft.Cdn/operationresults/25d7342e-317f-4959-a83b-0ca39055c62c?api-version=2022-11-01-preview+16": {
    "Request": {
      "Method": "GET",
      "RequestUri": "https://management.azure.com/subscriptions/27cafca8-b9a4-4264-b399-45d0c9cca1ab/resourcegroups/testps-rg-avcw2l/providers/Microsoft.Cdn/operationresults/25d7342e-317f-4959-a83b-0ca39055c62c?api-version=2022-11-01-preview",
      "Content": null,
      "isContentBase64": false,
      "Headers": {
        "Authorization": [ "[Filtered]" ],
        "x-ms-unique-id": [ "865" ],
        "x-ms-client-request-id": [ "65117d87-ee5e-45f1-b49a-1c52a58edd4f" ],
        "CommandName": [ "New-AzFrontDoorCdnRule" ],
        "FullCommandName": [ "New-AzFrontDoorCdnRule_CreateExpanded" ],
        "ParameterSetName": [ "__AllParameterSets" ],
        "User-Agent": [ "AzurePowershell/v0.0.0", "PSVersion/v7.2.9", "Az.Cdn/0.1.0" ]
      },
      "ContentHeaders": {
      }
    },
    "Response": {
      "StatusCode": 200,
      "Headers": {
        "Cache-Control": [ "no-cache" ],
        "Pragma": [ "no-cache" ],
        "Strict-Transport-Security": [ "max-age=31536000; includeSubDomains" ],
        "x-ms-request-id": [ "40c0a51f-10cf-4637-a224-5ce7ffd34ce0" ],
        "x-ms-client-request-id": [ "65117d87-ee5e-45f1-b49a-1c52a58edd4f" ],
        "Server": [ "Kestrel" ],
        "x-ms-ratelimit-remaining-subscription-reads": [ "11889" ],
        "x-ms-correlation-request-id": [ "5bda3559-eb44-4e75-b1d5-0ff898db2fd5" ],
        "x-ms-routing-request-id": [ "SOUTHEASTASIA:20230325T013839Z:5bda3559-eb44-4e75-b1d5-0ff898db2fd5" ],
        "X-Content-Type-Options": [ "nosniff" ],
        "Date": [ "Sat, 25 Mar 2023 01:38:39 GMT" ]
      },
      "ContentHeaders": {
        "Content-Length": [ "61" ],
        "Content-Type": [ "application/json; charset=utf-8" ],
        "Expires": [ "-1" ]
      },
      "Content": "{\"status\":\"Succeeded\",\"error\":{\"code\":\"None\",\"message\":null}}",
      "isContentBase64": false
    }
  },
  "New-AzFrontDoorCdnRoute+[NoContext]+CreateExpanded+$GET+https://management.azure.com/subscriptions/27cafca8-b9a4-4264-b399-45d0c9cca1ab/resourceGroups/testps-rg-avcw2l/providers/Microsoft.Cdn/profiles/fdp-49isg2/ruleSets/rsfzr95n/rules/rjm4zbr?api-version=2022-11-01-preview+17": {
    "Request": {
      "Method": "GET",
      "RequestUri": "https://management.azure.com/subscriptions/27cafca8-b9a4-4264-b399-45d0c9cca1ab/resourceGroups/testps-rg-avcw2l/providers/Microsoft.Cdn/profiles/fdp-49isg2/ruleSets/rsfzr95n/rules/rjm4zbr?api-version=2022-11-01-preview",
      "Content": null,
      "isContentBase64": false,
      "Headers": {
        "Authorization": [ "[Filtered]" ],
        "x-ms-unique-id": [ "866" ],
        "x-ms-client-request-id": [ "65117d87-ee5e-45f1-b49a-1c52a58edd4f" ],
        "CommandName": [ "New-AzFrontDoorCdnRule" ],
        "FullCommandName": [ "New-AzFrontDoorCdnRule_CreateExpanded" ],
        "ParameterSetName": [ "__AllParameterSets" ],
        "User-Agent": [ "AzurePowershell/v0.0.0", "PSVersion/v7.2.9", "Az.Cdn/0.1.0" ]
      },
      "ContentHeaders": {
      }
    },
    "Response": {
      "StatusCode": 200,
      "Headers": {
        "Cache-Control": [ "no-cache" ],
        "Pragma": [ "no-cache" ],
        "Strict-Transport-Security": [ "max-age=31536000; includeSubDomains" ],
        "x-ms-request-id": [ "ce4ee601-8f0d-4dba-83eb-29bccf98796f" ],
        "x-ms-client-request-id": [ "65117d87-ee5e-45f1-b49a-1c52a58edd4f" ],
        "Server": [ "Kestrel" ],
        "x-ms-ratelimit-remaining-subscription-reads": [ "11888" ],
        "x-ms-correlation-request-id": [ "fc011470-7332-4fcf-b535-04d0576d4dde" ],
        "x-ms-routing-request-id": [ "SOUTHEASTASIA:20230325T013840Z:fc011470-7332-4fcf-b535-04d0576d4dde" ],
        "X-Content-Type-Options": [ "nosniff" ],
        "Date": [ "Sat, 25 Mar 2023 01:38:39 GMT" ]
      },
      "ContentHeaders": {
        "Content-Length": [ "892" ],
        "Content-Type": [ "application/json; charset=utf-8" ],
        "Expires": [ "-1" ]
      },
      "Content": "{\"id\":\"/subscriptions/27cafca8-b9a4-4264-b399-45d0c9cca1ab/resourcegroups/testps-rg-avcw2l/providers/Microsoft.Cdn/profiles/fdp-49isg2/rulesets/rsfzr95n/rules/rjm4zbr\",\"type\":\"Microsoft.Cdn/profiles/rulesets/rules\",\"name\":\"rjm4zbr\",\"properties\":{\"order\":0,\"conditions\":[{\"name\":\"RequestUri\",\"parameters\":{\"typeName\":\"DeliveryRuleRequestUriConditionParameters\",\"operator\":\"Any\",\"negateCondition\":false,\"matchValues\":[],\"transforms\":[]}}],\"actions\":[{\"name\":\"RouteConfigurationOverride\",\"parameters\":{\"typeName\":\"DeliveryRuleRouteConfigurationOverrideActionParameters\",\"cacheConfiguration\":{\"isCompressionEnabled\":\"Enabled\",\"queryStringCachingBehavior\":\"IgnoreSpecifiedQueryStrings\",\"queryParameters\":\"a=test\",\"cacheBehavior\":\"HonorOrigin\",\"cacheDuration\":null},\"originGroupOverride\":null}}],\"matchProcessingBehavior\":\"Continue\",\"provisioningState\":\"Succeeded\",\"deploymentStatus\":\"NotStarted\"}}",
      "isContentBase64": false
    }
  },
  "New-AzFrontDoorCdnRoute+[NoContext]+CreateExpanded+$PUT+https://management.azure.com/subscriptions/27cafca8-b9a4-4264-b399-45d0c9cca1ab/resourceGroups/testps-rg-avcw2l/providers/Microsoft.Cdn/profiles/fdp-49isg2/afdEndpoints/end-e5fuwd/routes/routenrxg6w?api-version=2022-11-01-preview+18": {
    "Request": {
      "Method": "PUT",
      "RequestUri": "https://management.azure.com/subscriptions/27cafca8-b9a4-4264-b399-45d0c9cca1ab/resourceGroups/testps-rg-avcw2l/providers/Microsoft.Cdn/profiles/fdp-49isg2/afdEndpoints/end-e5fuwd/routes/routenrxg6w?api-version=2022-11-01-preview",
      "Content": "{\r\n  \"properties\": {\r\n    \"originGroup\": {\r\n      \"id\": \"/subscriptions/27cafca8-b9a4-4264-b399-45d0c9cca1ab/resourcegroups/testps-rg-avcw2l/providers/Microsoft.Cdn/profiles/fdp-49isg2/origingroups/org4m5lsi\"\r\n    },\r\n    \"ruleSets\": [\r\n      {\r\n        \"id\": \"/subscriptions/27cafca8-b9a4-4264-b399-45d0c9cca1ab/resourcegroups/testps-rg-avcw2l/providers/Microsoft.Cdn/profiles/fdp-49isg2/rulesets/rsfzr95n\"\r\n      }\r\n    ],\r\n    \"patternsToMatch\": [ \"/*\" ],\r\n    \"linkToDefaultDomain\": \"Enabled\",\r\n    \"enabledState\": \"Enabled\"\r\n  }\r\n}",
      "isContentBase64": false,
      "Headers": {
      },
      "ContentHeaders": {
        "Content-Type": [ "application/json" ],
        "Content-Length": [ "536" ]
      }
    },
    "Response": {
      "StatusCode": 201,
      "Headers": {
        "Cache-Control": [ "no-cache" ],
        "Pragma": [ "no-cache" ],
        "Retry-After": [ "10" ],
        "Strict-Transport-Security": [ "max-age=31536000; includeSubDomains" ],
        "x-ms-request-id": [ "e10bf786-4867-467c-9a09-7be03b6dcab8" ],
        "x-ms-client-request-id": [ "1e8d6c79-8244-4035-a85e-1d172a8fab44" ],
        "Azure-AsyncOperation": [ "https://management.azure.com/subscriptions/27cafca8-b9a4-4264-b399-45d0c9cca1ab/resourcegroups/testps-rg-avcw2l/providers/Microsoft.Cdn/operationresults/f33a1859-685e-4cd5-8cc2-ca7aca59881f?api-version=2022-11-01-preview" ],
        "Server": [ "Kestrel" ],
        "x-ms-ratelimit-remaining-subscription-resource-requests": [ "99" ],
        "x-ms-correlation-request-id": [ "4e764aa4-2e84-4cd8-8497-d148625c363d" ],
        "x-ms-routing-request-id": [ "SOUTHEASTASIA:20230325T013842Z:4e764aa4-2e84-4cd8-8497-d148625c363d" ],
        "X-Content-Type-Options": [ "nosniff" ],
        "Date": [ "Sat, 25 Mar 2023 01:38:41 GMT" ]
      },
      "ContentHeaders": {
        "Content-Length": [ "918" ],
        "Content-Type": [ "application/json; charset=utf-8" ],
        "Expires": [ "-1" ]
      },
      "Content": "{\"id\":\"/subscriptions/27cafca8-b9a4-4264-b399-45d0c9cca1ab/resourcegroups/testps-rg-avcw2l/providers/Microsoft.Cdn/profiles/fdp-49isg2/afdendpoints/end-e5fuwd/routes/routenrxg6w\",\"type\":\"Microsoft.Cdn/profiles/afdendpoints/routes\",\"name\":\"routenrxg6w\",\"properties\":{\"cacheConfiguration\":null,\"customDomains\":[],\"originGroup\":{\"id\":\"/subscriptions/27cafca8-b9a4-4264-b399-45d0c9cca1ab/resourcegroups/testps-rg-avcw2l/providers/Microsoft.Cdn/profiles/fdp-49isg2/origingroups/org4m5lsi\"},\"originPath\":null,\"ruleSets\":[{\"id\":\"/subscriptions/27cafca8-b9a4-4264-b399-45d0c9cca1ab/resourcegroups/testps-rg-avcw2l/providers/Microsoft.Cdn/profiles/fdp-49isg2/rulesets/rsfzr95n\"}],\"supportedProtocols\":[\"Http\",\"Https\"],\"patternsToMatch\":[\"/*\"],\"forwardingProtocol\":\"MatchRequest\",\"linkToDefaultDomain\":\"Enabled\",\"httpsRedirect\":\"Disabled\",\"enabledState\":\"Enabled\",\"provisioningState\":\"Creating\",\"deploymentStatus\":\"NotStarted\"}}",
      "isContentBase64": false
    }
  },
  "New-AzFrontDoorCdnRoute+[NoContext]+CreateExpanded+$GET+https://management.azure.com/subscriptions/27cafca8-b9a4-4264-b399-45d0c9cca1ab/resourcegroups/testps-rg-avcw2l/providers/Microsoft.Cdn/operationresults/f33a1859-685e-4cd5-8cc2-ca7aca59881f?api-version=2022-11-01-preview+19": {
    "Request": {
      "Method": "GET",
      "RequestUri": "https://management.azure.com/subscriptions/27cafca8-b9a4-4264-b399-45d0c9cca1ab/resourcegroups/testps-rg-avcw2l/providers/Microsoft.Cdn/operationresults/f33a1859-685e-4cd5-8cc2-ca7aca59881f?api-version=2022-11-01-preview",
      "Content": null,
      "isContentBase64": false,
      "Headers": {
        "Authorization": [ "[Filtered]" ],
        "x-ms-unique-id": [ "868" ],
        "x-ms-client-request-id": [ "1e8d6c79-8244-4035-a85e-1d172a8fab44" ],
        "CommandName": [ "New-AzFrontDoorCdnRoute" ],
        "FullCommandName": [ "New-AzFrontDoorCdnRoute_CreateExpanded" ],
        "ParameterSetName": [ "__AllParameterSets" ],
        "User-Agent": [ "AzurePowershell/v0.0.0", "PSVersion/v7.2.9", "Az.Cdn/0.1.0" ]
      },
      "ContentHeaders": {
      }
    },
    "Response": {
      "StatusCode": 200,
      "Headers": {
        "Cache-Control": [ "no-cache" ],
        "Pragma": [ "no-cache" ],
        "Strict-Transport-Security": [ "max-age=31536000; includeSubDomains" ],
        "x-ms-request-id": [ "55124fd7-9edf-4c9b-b5c8-933c965fb557" ],
        "x-ms-client-request-id": [ "1e8d6c79-8244-4035-a85e-1d172a8fab44" ],
        "Server": [ "Kestrel" ],
        "x-ms-ratelimit-remaining-subscription-reads": [ "11887" ],
        "x-ms-correlation-request-id": [ "cb095975-5f73-48fc-ab3b-ab2f1f2d5fff" ],
        "x-ms-routing-request-id": [ "SOUTHEASTASIA:20230325T013852Z:cb095975-5f73-48fc-ab3b-ab2f1f2d5fff" ],
        "X-Content-Type-Options": [ "nosniff" ],
        "Date": [ "Sat, 25 Mar 2023 01:38:51 GMT" ]
      },
      "ContentHeaders": {
        "Content-Length": [ "61" ],
        "Content-Type": [ "application/json; charset=utf-8" ],
        "Expires": [ "-1" ]
      },
      "Content": "{\"status\":\"Succeeded\",\"error\":{\"code\":\"None\",\"message\":null}}",
      "isContentBase64": false
    }
  },
  "New-AzFrontDoorCdnRoute+[NoContext]+CreateExpanded+$GET+https://management.azure.com/subscriptions/27cafca8-b9a4-4264-b399-45d0c9cca1ab/resourceGroups/testps-rg-avcw2l/providers/Microsoft.Cdn/profiles/fdp-49isg2/afdEndpoints/end-e5fuwd/routes/routenrxg6w?api-version=2022-11-01-preview+20": {
    "Request": {
      "Method": "GET",
      "RequestUri": "https://management.azure.com/subscriptions/27cafca8-b9a4-4264-b399-45d0c9cca1ab/resourceGroups/testps-rg-avcw2l/providers/Microsoft.Cdn/profiles/fdp-49isg2/afdEndpoints/end-e5fuwd/routes/routenrxg6w?api-version=2022-11-01-preview",
      "Content": null,
      "isContentBase64": false,
      "Headers": {
        "Authorization": [ "[Filtered]" ],
        "x-ms-unique-id": [ "869" ],
        "x-ms-client-request-id": [ "1e8d6c79-8244-4035-a85e-1d172a8fab44" ],
        "CommandName": [ "New-AzFrontDoorCdnRoute" ],
        "FullCommandName": [ "New-AzFrontDoorCdnRoute_CreateExpanded" ],
        "ParameterSetName": [ "__AllParameterSets" ],
        "User-Agent": [ "AzurePowershell/v0.0.0", "PSVersion/v7.2.9", "Az.Cdn/0.1.0" ]
      },
      "ContentHeaders": {
      }
    },
    "Response": {
      "StatusCode": 200,
      "Headers": {
        "Cache-Control": [ "no-cache" ],
        "Pragma": [ "no-cache" ],
        "Strict-Transport-Security": [ "max-age=31536000; includeSubDomains" ],
        "x-ms-request-id": [ "8e1e5f89-dbff-44b1-824f-c23e9121f67e" ],
        "x-ms-client-request-id": [ "1e8d6c79-8244-4035-a85e-1d172a8fab44" ],
        "Server": [ "Kestrel" ],
        "x-ms-ratelimit-remaining-subscription-reads": [ "11886" ],
        "x-ms-correlation-request-id": [ "414d192c-c7b1-442c-bf3e-c234676ab0eb" ],
        "x-ms-routing-request-id": [ "SOUTHEASTASIA:20230325T013853Z:414d192c-c7b1-442c-bf3e-c234676ab0eb" ],
        "X-Content-Type-Options": [ "nosniff" ],
        "Date": [ "Sat, 25 Mar 2023 01:38:53 GMT" ]
      },
      "ContentHeaders": {
        "Content-Length": [ "919" ],
        "Content-Type": [ "application/json; charset=utf-8" ],
        "Expires": [ "-1" ]
      },
      "Content": "{\"id\":\"/subscriptions/27cafca8-b9a4-4264-b399-45d0c9cca1ab/resourcegroups/testps-rg-avcw2l/providers/Microsoft.Cdn/profiles/fdp-49isg2/afdendpoints/end-e5fuwd/routes/routenrxg6w\",\"type\":\"Microsoft.Cdn/profiles/afdendpoints/routes\",\"name\":\"routenrxg6w\",\"properties\":{\"cacheConfiguration\":null,\"customDomains\":[],\"originGroup\":{\"id\":\"/subscriptions/27cafca8-b9a4-4264-b399-45d0c9cca1ab/resourcegroups/testps-rg-avcw2l/providers/Microsoft.Cdn/profiles/fdp-49isg2/origingroups/org4m5lsi\"},\"originPath\":null,\"ruleSets\":[{\"id\":\"/subscriptions/27cafca8-b9a4-4264-b399-45d0c9cca1ab/resourcegroups/testps-rg-avcw2l/providers/Microsoft.Cdn/profiles/fdp-49isg2/rulesets/rsfzr95n\"}],\"supportedProtocols\":[\"Http\",\"Https\"],\"patternsToMatch\":[\"/*\"],\"forwardingProtocol\":\"MatchRequest\",\"linkToDefaultDomain\":\"Enabled\",\"httpsRedirect\":\"Disabled\",\"enabledState\":\"Enabled\",\"provisioningState\":\"Succeeded\",\"deploymentStatus\":\"NotStarted\"}}",
      "isContentBase64": false
    }
  }
}