{
  "New-AzCdnOriginGroup+[NoContext]+CreateExpanded+$PUT+https://management.azure.com/subscriptions/27cafca8-b9a4-4264-b399-45d0c9cca1ab/resourceGroups/testps-rg-1p9h/providers/Microsoft.Cdn/profiles/p-zepo4d/endpoints/e-svzyqa?api-version=2022-11-01-preview+1": {
    "Request": {
      "Method": "PUT",
      "RequestUri": "https://management.azure.com/subscriptions/27cafca8-b9a4-4264-b399-45d0c9cca1ab/resourceGroups/testps-rg-1p9h/providers/Microsoft.Cdn/profiles/p-zepo4d/endpoints/e-svzyqa?api-version=2022-11-01-preview",
      "Content": "{\r\n  \"location\": \"westus\",\r\n  \"properties\": {\r\n    \"defaultOriginGroup\": {\r\n      \"id\": \"/subscriptions/27cafca8-b9a4-4264-b399-45d0c9cca1ab/resourcegroups/testps-rg-1p9h/providers/Microsoft.Cdn/profiles/p-zepo4d/endpoints/e-svzyqa/origingroups/originGroup1\"\r\n    },\r\n    \"origins\": [\r\n      {\r\n        \"properties\": {\r\n          \"hostName\": \"host1.hello.com\"\r\n        },\r\n        \"name\": \"origin1\"\r\n      }\r\n    ],\r\n    \"originGroups\": [\r\n      {\r\n        \"properties\": {\r\n          \"healthProbeSettings\": {\r\n            \"probePath\": \"/health.aspx\",\r\n            \"probeRequestType\": \"GET\",\r\n            \"probeProtocol\": \"Https\",\r\n            \"probeIntervalInSeconds\": 240\r\n          },\r\n          \"origins\": [\r\n            {\r\n              \"id\": \"/subscriptions/27cafca8-b9a4-4264-b399-45d0c9cca1ab/resourcegroups/testps-rg-1p9h/providers/Microsoft.Cdn/profiles/p-zepo4d/endpoints/e-svzyqa/origins/origin1\"\r\n            }\r\n          ]\r\n        },\r\n        \"name\": \"originGroup1\"\r\n      }\r\n    ]\r\n  }\r\n}",
      "isContentBase64": false,
      "Headers": {
      },
      "ContentHeaders": {
        "Content-Type": [ "application/json" ],
        "Content-Length": [ "1003" ]
      }
    },
    "Response": {
      "StatusCode": 201,
      "Headers": {
        "Cache-Control": [ "no-cache" ],
        "Pragma": [ "no-cache" ],
        "Retry-After": [ "10" ],
        "Strict-Transport-Security": [ "max-age=31536000; includeSubDomains" ],
        "x-ms-request-id": [ "70bd313a-dcba-4076-ae2a-8047006fa5f8" ],
        "x-ms-client-request-id": [ "55617d7c-e57e-41dc-b251-89fd987eab69" ],
        "Azure-AsyncOperation": [ "https://management.azure.com/subscriptions/27cafca8-b9a4-4264-b399-45d0c9cca1ab/resourcegroups/testps-rg-1p9h/providers/Microsoft.Cdn/operationresults/78cad74e-96be-47b7-800e-619fe51d0a12?api-version=2022-11-01-preview" ],
        "Server": [ "Kestrel" ],
        "x-ms-ratelimit-remaining-subscription-resource-requests": [ "96" ],
        "x-ms-correlation-request-id": [ "b612260f-0bc0-451f-8457-22fe96dfec2b" ],
        "x-ms-routing-request-id": [ "SOUTHEASTASIA:20230428T040330Z:b612260f-0bc0-451f-8457-22fe96dfec2b" ],
        "X-Content-Type-Options": [ "nosniff" ],
        "Date": [ "Fri, 28 Apr 2023 04:03:30 GMT" ]
      },
      "ContentHeaders": {
        "Content-Length": [ "1692" ],
        "Content-Type": [ "application/json; charset=utf-8" ],
        "Expires": [ "-1" ]
      },
      "Content": "{\"id\":\"/subscriptions/27cafca8-b9a4-4264-b399-45d0c9cca1ab/resourcegroups/testps-rg-1p9h/providers/Microsoft.Cdn/profiles/p-zepo4d/endpoints/e-svzyqa\",\"type\":\"Microsoft.Cdn/profiles/endpoints\",\"name\":\"e-svzyqa\",\"location\":\"WestUs\",\"tags\":{},\"properties\":{\"hostName\":\"e-svzyqa.azureedge.net\",\"originHostHeader\":null,\"originPath\":null,\"contentTypesToCompress\":[],\"isCompressionEnabled\":false,\"isHttpAllowed\":true,\"isHttpsAllowed\":true,\"queryStringCachingBehavior\":\"IgnoreQueryString\",\"optimizationType\":null,\"probePath\":null,\"origins\":[{\"name\":\"origin1\",\"properties\":{\"hostName\":\"host1.hello.com\",\"httpPort\":null,\"httpsPort\":null,\"originHostHeader\":null,\"priority\":1,\"weight\":1000,\"enabled\":true,\"privateLinkAlias\":null,\"privateLinkResourceId\":null,\"privateLinkLocation\":null,\"privateEndpointStatus\":null,\"privateLinkApprovalMessage\":null}}],\"originGroups\":[{\"name\":\"originGroup1\",\"properties\":{\"healthProbeSettings\":{\"probePath\":\"/health.aspx\",\"probeRequestType\":\"GET\",\"probeProtocol\":\"Https\",\"probeIntervalInSeconds\":240},\"responseBasedOriginErrorDetectionSettings\":null,\"trafficRestorationTimeToHealedOrNewEndpointsInMinutes\":null,\"origins\":[{\"id\":\"/subscriptions/27cafca8-b9a4-4264-b399-45d0c9cca1ab/resourcegroups/testps-rg-1p9h/providers/Microsoft.Cdn/profiles/p-zepo4d/endpoints/e-svzyqa/origins/origin1\"}]}}],\"defaultOriginGroup\":{\"id\":\"/subscriptions/27cafca8-b9a4-4264-b399-45d0c9cca1ab/resourcegroups/testps-rg-1p9h/providers/Microsoft.Cdn/profiles/p-zepo4d/endpoints/e-svzyqa/origingroups/originGroup1\"},\"customDomains\":[],\"geoFilters\":[],\"deliveryPolicy\":null,\"urlSigningKeys\":null,\"webApplicationFirewallPolicyLink\":null,\"resourceState\":\"Creating\",\"provisioningState\":\"Creating\"}}",
      "isContentBase64": false
    }
  },
  "New-AzCdnOriginGroup+[NoContext]+CreateExpanded+$GET+https://management.azure.com/subscriptions/27cafca8-b9a4-4264-b399-45d0c9cca1ab/resourcegroups/testps-rg-1p9h/providers/Microsoft.Cdn/operationresults/78cad74e-96be-47b7-800e-619fe51d0a12?api-version=2022-11-01-preview+2": {
    "Request": {
      "Method": "GET",
      "RequestUri": "https://management.azure.com/subscriptions/27cafca8-b9a4-4264-b399-45d0c9cca1ab/resourcegroups/testps-rg-1p9h/providers/Microsoft.Cdn/operationresults/78cad74e-96be-47b7-800e-619fe51d0a12?api-version=2022-11-01-preview",
      "Content": null,
      "isContentBase64": false,
      "Headers": {
        "Authorization": [ "[Filtered]" ],
        "x-ms-unique-id": [ "340" ],
        "x-ms-client-request-id": [ "55617d7c-e57e-41dc-b251-89fd987eab69" ],
        "CommandName": [ "New-AzCdnEndpoint" ],
        "FullCommandName": [ "New-AzCdnEndpoint_CreateExpanded1" ],
        "ParameterSetName": [ "__AllParameterSets" ],
        "User-Agent": [ "AzurePowershell/v0.0.0", "PSVersion/v7.2.11", "Az.Cdn/0.1.0" ]
      },
      "ContentHeaders": {
      }
    },
    "Response": {
      "StatusCode": 200,
      "Headers": {
        "Cache-Control": [ "no-cache" ],
        "Pragma": [ "no-cache" ],
        "Strict-Transport-Security": [ "max-age=31536000; includeSubDomains" ],
        "x-ms-request-id": [ "f80648aa-9e23-4fc5-a6d3-1b139ec97dea" ],
        "x-ms-client-request-id": [ "55617d7c-e57e-41dc-b251-89fd987eab69" ],
        "Server": [ "Kestrel" ],
        "x-ms-ratelimit-remaining-subscription-reads": [ "11838" ],
        "x-ms-correlation-request-id": [ "5d23cd6b-59a1-4ae4-b243-da599c6c2275" ],
        "x-ms-routing-request-id": [ "SOUTHEASTASIA:20230428T040340Z:5d23cd6b-59a1-4ae4-b243-da599c6c2275" ],
        "X-Content-Type-Options": [ "nosniff" ],
        "Date": [ "Fri, 28 Apr 2023 04:03:40 GMT" ]
      },
      "ContentHeaders": {
        "Content-Length": [ "62" ],
        "Content-Type": [ "application/json; charset=utf-8" ],
        "Expires": [ "-1" ]
      },
      "Content": "{\"status\":\"InProgress\",\"error\":{\"code\":\"None\",\"message\":null}}",
      "isContentBase64": false
    }
  },
  "New-AzCdnOriginGroup+[NoContext]+CreateExpanded+$GET+https://management.azure.com/subscriptions/27cafca8-b9a4-4264-b399-45d0c9cca1ab/resourcegroups/testps-rg-1p9h/providers/Microsoft.Cdn/operationresults/78cad74e-96be-47b7-800e-619fe51d0a12?api-version=2022-11-01-preview+3": {
    "Request": {
      "Method": "GET",
      "RequestUri": "https://management.azure.com/subscriptions/27cafca8-b9a4-4264-b399-45d0c9cca1ab/resourcegroups/testps-rg-1p9h/providers/Microsoft.Cdn/operationresults/78cad74e-96be-47b7-800e-619fe51d0a12?api-version=2022-11-01-preview",
      "Content": null,
      "isContentBase64": false,
      "Headers": {
        "Authorization": [ "[Filtered]" ],
        "x-ms-unique-id": [ "341" ],
        "x-ms-client-request-id": [ "55617d7c-e57e-41dc-b251-89fd987eab69" ],
        "CommandName": [ "New-AzCdnEndpoint" ],
        "FullCommandName": [ "New-AzCdnEndpoint_CreateExpanded1" ],
        "ParameterSetName": [ "__AllParameterSets" ],
        "User-Agent": [ "AzurePowershell/v0.0.0", "PSVersion/v7.2.11", "Az.Cdn/0.1.0" ]
      },
      "ContentHeaders": {
      }
    },
    "Response": {
      "StatusCode": 200,
      "Headers": {
        "Cache-Control": [ "no-cache" ],
        "Pragma": [ "no-cache" ],
        "Strict-Transport-Security": [ "max-age=31536000; includeSubDomains" ],
        "x-ms-request-id": [ "84debca7-9a07-4997-93a7-542602d02e41" ],
        "x-ms-client-request-id": [ "55617d7c-e57e-41dc-b251-89fd987eab69" ],
        "Server": [ "Kestrel" ],
        "x-ms-ratelimit-remaining-subscription-reads": [ "11837" ],
        "x-ms-correlation-request-id": [ "ce7e6605-b758-4640-a003-9e1f113177b3" ],
        "x-ms-routing-request-id": [ "SOUTHEASTASIA:20230428T040411Z:ce7e6605-b758-4640-a003-9e1f113177b3" ],
        "X-Content-Type-Options": [ "nosniff" ],
        "Date": [ "Fri, 28 Apr 2023 04:04:10 GMT" ]
      },
      "ContentHeaders": {
        "Content-Length": [ "61" ],
        "Content-Type": [ "application/json; charset=utf-8" ],
        "Expires": [ "-1" ]
      },
      "Content": "{\"status\":\"Succeeded\",\"error\":{\"code\":\"None\",\"message\":null}}",
      "isContentBase64": false
    }
  },
  "New-AzCdnOriginGroup+[NoContext]+CreateExpanded+$GET+https://management.azure.com/subscriptions/27cafca8-b9a4-4264-b399-45d0c9cca1ab/resourceGroups/testps-rg-1p9h/providers/Microsoft.Cdn/profiles/p-zepo4d/endpoints/e-svzyqa?api-version=2022-11-01-preview+4": {
    "Request": {
      "Method": "GET",
      "RequestUri": "https://management.azure.com/subscriptions/27cafca8-b9a4-4264-b399-45d0c9cca1ab/resourceGroups/testps-rg-1p9h/providers/Microsoft.Cdn/profiles/p-zepo4d/endpoints/e-svzyqa?api-version=2022-11-01-preview",
      "Content": null,
      "isContentBase64": false,
      "Headers": {
        "Authorization": [ "[Filtered]" ],
        "x-ms-unique-id": [ "342" ],
        "x-ms-client-request-id": [ "55617d7c-e57e-41dc-b251-89fd987eab69" ],
        "CommandName": [ "New-AzCdnEndpoint" ],
        "FullCommandName": [ "New-AzCdnEndpoint_CreateExpanded1" ],
        "ParameterSetName": [ "__AllParameterSets" ],
        "User-Agent": [ "AzurePowershell/v0.0.0", "PSVersion/v7.2.11", "Az.Cdn/0.1.0" ]
      },
      "ContentHeaders": {
      }
    },
    "Response": {
      "StatusCode": 200,
      "Headers": {
        "Cache-Control": [ "no-cache" ],
        "Pragma": [ "no-cache" ],
        "Strict-Transport-Security": [ "max-age=31536000; includeSubDomains" ],
        "x-ms-request-id": [ "b6e7b479-64c9-4e85-83c3-23da277197f7" ],
        "x-ms-client-request-id": [ "55617d7c-e57e-41dc-b251-89fd987eab69" ],
        "Server": [ "Kestrel" ],
        "x-ms-ratelimit-remaining-subscription-resource-requests": [ "46" ],
        "x-ms-correlation-request-id": [ "69db58a7-df4f-4af7-90ad-f34b096459ec" ],
        "x-ms-routing-request-id": [ "SOUTHEASTASIA:20230428T040411Z:69db58a7-df4f-4af7-90ad-f34b096459ec" ],
        "X-Content-Type-Options": [ "nosniff" ],
        "Date": [ "Fri, 28 Apr 2023 04:04:11 GMT" ]
      },
      "ContentHeaders": {
        "Content-Length": [ "1692" ],
        "Content-Type": [ "application/json; charset=utf-8" ],
        "Expires": [ "-1" ]
      },
      "Content": "{\"id\":\"/subscriptions/27cafca8-b9a4-4264-b399-45d0c9cca1ab/resourcegroups/testps-rg-1p9h/providers/Microsoft.Cdn/profiles/p-zepo4d/endpoints/e-svzyqa\",\"type\":\"Microsoft.Cdn/profiles/endpoints\",\"name\":\"e-svzyqa\",\"location\":\"WestUs\",\"tags\":{},\"properties\":{\"hostName\":\"e-svzyqa.azureedge.net\",\"originHostHeader\":null,\"originPath\":null,\"contentTypesToCompress\":[],\"isCompressionEnabled\":false,\"isHttpAllowed\":true,\"isHttpsAllowed\":true,\"queryStringCachingBehavior\":\"IgnoreQueryString\",\"optimizationType\":null,\"probePath\":null,\"origins\":[{\"name\":\"origin1\",\"properties\":{\"hostName\":\"host1.hello.com\",\"httpPort\":null,\"httpsPort\":null,\"originHostHeader\":null,\"priority\":1,\"weight\":1000,\"enabled\":true,\"privateLinkAlias\":null,\"privateLinkResourceId\":null,\"privateLinkLocation\":null,\"privateEndpointStatus\":null,\"privateLinkApprovalMessage\":null}}],\"originGroups\":[{\"name\":\"originGroup1\",\"properties\":{\"healthProbeSettings\":{\"probePath\":\"/health.aspx\",\"probeRequestType\":\"GET\",\"probeProtocol\":\"Https\",\"probeIntervalInSeconds\":240},\"responseBasedOriginErrorDetectionSettings\":null,\"trafficRestorationTimeToHealedOrNewEndpointsInMinutes\":null,\"origins\":[{\"id\":\"/subscriptions/27cafca8-b9a4-4264-b399-45d0c9cca1ab/resourcegroups/testps-rg-1p9h/providers/Microsoft.Cdn/profiles/p-zepo4d/endpoints/e-svzyqa/origins/origin1\"}]}}],\"defaultOriginGroup\":{\"id\":\"/subscriptions/27cafca8-b9a4-4264-b399-45d0c9cca1ab/resourcegroups/testps-rg-1p9h/providers/Microsoft.Cdn/profiles/p-zepo4d/endpoints/e-svzyqa/origingroups/originGroup1\"},\"customDomains\":[],\"geoFilters\":[],\"deliveryPolicy\":null,\"urlSigningKeys\":null,\"webApplicationFirewallPolicyLink\":null,\"resourceState\":\"Running\",\"provisioningState\":\"Succeeded\"}}",
      "isContentBase64": false
    }
  },
  "New-AzCdnOriginGroup+[NoContext]+CreateExpanded+$PUT+https://management.azure.com/subscriptions/27cafca8-b9a4-4264-b399-45d0c9cca1ab/resourceGroups/testps-rg-1p9h/providers/Microsoft.Cdn/profiles/p-zepo4d/endpoints/e-svzyqa/originGroups/originGroup2?api-version=2022-11-01-preview+5": {
    "Request": {
      "Method": "PUT",
      "RequestUri": "https://management.azure.com/subscriptions/27cafca8-b9a4-4264-b399-45d0c9cca1ab/resourceGroups/testps-rg-1p9h/providers/Microsoft.Cdn/profiles/p-zepo4d/endpoints/e-svzyqa/originGroups/originGroup2?api-version=2022-11-01-preview",
      "Content": "{\r\n  \"properties\": {\r\n    \"healthProbeSettings\": {\r\n      \"probePath\": \"/check-health.aspx\",\r\n      \"probeRequestType\": \"HEAD\",\r\n      \"probeProtocol\": \"Http\",\r\n      \"probeIntervalInSeconds\": 120\r\n    },\r\n    \"origins\": [\r\n      {\r\n        \"id\": \"/subscriptions/27cafca8-b9a4-4264-b399-45d0c9cca1ab/resourcegroups/testps-rg-1p9h/providers/Microsoft.Cdn/profiles/p-zepo4d/endpoints/e-svzyqa/origins/origin1\"\r\n      }\r\n    ]\r\n  }\r\n}",
      "isContentBase64": false,
      "Headers": {
      },
      "ContentHeaders": {
        "Content-Type": [ "application/json" ],
        "Content-Length": [ "431" ]
      }
    },
    "Response": {
      "StatusCode": 201,
      "Headers": {
        "Cache-Control": [ "no-cache" ],
        "Pragma": [ "no-cache" ],
        "Retry-After": [ "10" ],
        "Strict-Transport-Security": [ "max-age=31536000; includeSubDomains" ],
        "x-ms-request-id": [ "26062377-51c9-4d50-a20a-55eaebde0035" ],
        "x-ms-client-request-id": [ "06a11027-c1df-46b3-a473-104eec93c7c9" ],
        "Azure-AsyncOperation": [ "https://management.azure.com/subscriptions/27cafca8-b9a4-4264-b399-45d0c9cca1ab/resourcegroups/testps-rg-1p9h/providers/Microsoft.Cdn/operationresults/52956fa7-606c-420c-b3cc-2564f41e4675?api-version=2022-11-01-preview" ],
        "Server": [ "Kestrel" ],
        "x-ms-ratelimit-remaining-subscription-writes": [ "1197" ],
        "x-ms-correlation-request-id": [ "43761c9c-2190-4d25-bb2b-986009954d7e" ],
        "x-ms-routing-request-id": [ "SOUTHEASTASIA:20230428T040413Z:43761c9c-2190-4d25-bb2b-986009954d7e" ],
        "X-Content-Type-Options": [ "nosniff" ],
        "Date": [ "Fri, 28 Apr 2023 04:04:12 GMT" ]
      },
      "ContentHeaders": {
        "Content-Length": [ "752" ],
        "Content-Type": [ "application/json; charset=utf-8" ],
        "Expires": [ "-1" ]
      },
      "Content": "{\"id\":\"/subscriptions/27cafca8-b9a4-4264-b399-45d0c9cca1ab/resourcegroups/testps-rg-1p9h/providers/Microsoft.Cdn/profiles/p-zepo4d/endpoints/e-svzyqa/origingroups/originGroup2\",\"type\":\"Microsoft.Cdn/profiles/endpoints/origingroups\",\"name\":\"origingroup2\",\"properties\":{\"healthProbeSettings\":{\"probePath\":\"/check-health.aspx\",\"probeRequestType\":\"HEAD\",\"probeProtocol\":\"Http\",\"probeIntervalInSeconds\":120},\"responseBasedOriginErrorDetectionSettings\":null,\"trafficRestorationTimeToHealedOrNewEndpointsInMinutes\":null,\"origins\":[{\"id\":\"/subscriptions/27cafca8-b9a4-4264-b399-45d0c9cca1ab/resourcegroups/testps-rg-1p9h/providers/Microsoft.Cdn/profiles/p-zepo4d/endpoints/e-svzyqa/origins/origin1\"}],\"resourceState\":\"Creating\",\"provisioningState\":\"Creating\"}}",
      "isContentBase64": false
    }
  },
  "New-AzCdnOriginGroup+[NoContext]+CreateExpanded+$GET+https://management.azure.com/subscriptions/27cafca8-b9a4-4264-b399-45d0c9cca1ab/resourcegroups/testps-rg-1p9h/providers/Microsoft.Cdn/operationresults/52956fa7-606c-420c-b3cc-2564f41e4675?api-version=2022-11-01-preview+6": {
    "Request": {
      "Method": "GET",
      "RequestUri": "https://management.azure.com/subscriptions/27cafca8-b9a4-4264-b399-45d0c9cca1ab/resourcegroups/testps-rg-1p9h/providers/Microsoft.Cdn/operationresults/52956fa7-606c-420c-b3cc-2564f41e4675?api-version=2022-11-01-preview",
      "Content": null,
      "isContentBase64": false,
      "Headers": {
        "Authorization": [ "[Filtered]" ],
        "x-ms-unique-id": [ "344" ],
        "x-ms-client-request-id": [ "06a11027-c1df-46b3-a473-104eec93c7c9" ],
        "CommandName": [ "New-AzCdnOriginGroup" ],
        "FullCommandName": [ "New-AzCdnOriginGroup_CreateExpanded1" ],
        "ParameterSetName": [ "__AllParameterSets" ],
        "User-Agent": [ "AzurePowershell/v0.0.0", "PSVersion/v7.2.11", "Az.Cdn/0.1.0" ]
      },
      "ContentHeaders": {
      }
    },
    "Response": {
      "StatusCode": 200,
      "Headers": {
        "Cache-Control": [ "no-cache" ],
        "Pragma": [ "no-cache" ],
        "Strict-Transport-Security": [ "max-age=31536000; includeSubDomains" ],
        "x-ms-request-id": [ "89ab0e70-6850-45d4-8804-79f92f70c45e" ],
        "x-ms-client-request-id": [ "06a11027-c1df-46b3-a473-104eec93c7c9" ],
        "Server": [ "Kestrel" ],
        "x-ms-ratelimit-remaining-subscription-reads": [ "11836" ],
        "x-ms-correlation-request-id": [ "57e3ce89-2470-43e1-800d-868a288e775f" ],
        "x-ms-routing-request-id": [ "SOUTHEASTASIA:20230428T040423Z:57e3ce89-2470-43e1-800d-868a288e775f" ],
        "X-Content-Type-Options": [ "nosniff" ],
        "Date": [ "Fri, 28 Apr 2023 04:04:22 GMT" ]
      },
      "ContentHeaders": {
        "Content-Length": [ "61" ],
        "Content-Type": [ "application/json; charset=utf-8" ],
        "Expires": [ "-1" ]
      },
      "Content": "{\"status\":\"Succeeded\",\"error\":{\"code\":\"None\",\"message\":null}}",
      "isContentBase64": false
    }
  },
  "New-AzCdnOriginGroup+[NoContext]+CreateExpanded+$GET+https://management.azure.com/subscriptions/27cafca8-b9a4-4264-b399-45d0c9cca1ab/resourceGroups/testps-rg-1p9h/providers/Microsoft.Cdn/profiles/p-zepo4d/endpoints/e-svzyqa/originGroups/originGroup2?api-version=2022-11-01-preview+7": {
    "Request": {
      "Method": "GET",
      "RequestUri": "https://management.azure.com/subscriptions/27cafca8-b9a4-4264-b399-45d0c9cca1ab/resourceGroups/testps-rg-1p9h/providers/Microsoft.Cdn/profiles/p-zepo4d/endpoints/e-svzyqa/originGroups/originGroup2?api-version=2022-11-01-preview",
      "Content": null,
      "isContentBase64": false,
      "Headers": {
        "Authorization": [ "[Filtered]" ],
        "x-ms-unique-id": [ "345" ],
        "x-ms-client-request-id": [ "06a11027-c1df-46b3-a473-104eec93c7c9" ],
        "CommandName": [ "New-AzCdnOriginGroup" ],
        "FullCommandName": [ "New-AzCdnOriginGroup_CreateExpanded1" ],
        "ParameterSetName": [ "__AllParameterSets" ],
        "User-Agent": [ "AzurePowershell/v0.0.0", "PSVersion/v7.2.11", "Az.Cdn/0.1.0" ]
      },
      "ContentHeaders": {
      }
    },
    "Response": {
      "StatusCode": 200,
      "Headers": {
        "Cache-Control": [ "no-cache" ],
        "Pragma": [ "no-cache" ],
        "Strict-Transport-Security": [ "max-age=31536000; includeSubDomains" ],
        "x-ms-request-id": [ "aa058616-a010-4668-ab22-de21dae20893" ],
        "x-ms-client-request-id": [ "06a11027-c1df-46b3-a473-104eec93c7c9" ],
        "Server": [ "Kestrel" ],
        "x-ms-ratelimit-remaining-subscription-reads": [ "11835" ],
        "x-ms-correlation-request-id": [ "c21774c2-4e9f-419c-9311-594af39d97e9" ],
        "x-ms-routing-request-id": [ "SOUTHEASTASIA:20230428T040424Z:c21774c2-4e9f-419c-9311-594af39d97e9" ],
        "X-Content-Type-Options": [ "nosniff" ],
        "Date": [ "Fri, 28 Apr 2023 04:04:23 GMT" ]
      },
      "ContentHeaders": {
        "Content-Length": [ "751" ],
        "Content-Type": [ "application/json; charset=utf-8" ],
        "Expires": [ "-1" ]
      },
      "Content": "{\"id\":\"/subscriptions/27cafca8-b9a4-4264-b399-45d0c9cca1ab/resourcegroups/testps-rg-1p9h/providers/Microsoft.Cdn/profiles/p-zepo4d/endpoints/e-svzyqa/origingroups/originGroup2\",\"type\":\"Microsoft.Cdn/profiles/endpoints/origingroups\",\"name\":\"origingroup2\",\"properties\":{\"healthProbeSettings\":{\"probePath\":\"/check-health.aspx\",\"probeRequestType\":\"HEAD\",\"probeProtocol\":\"Http\",\"probeIntervalInSeconds\":120},\"responseBasedOriginErrorDetectionSettings\":null,\"trafficRestorationTimeToHealedOrNewEndpointsInMinutes\":null,\"origins\":[{\"id\":\"/subscriptions/27cafca8-b9a4-4264-b399-45d0c9cca1ab/resourcegroups/testps-rg-1p9h/providers/Microsoft.Cdn/profiles/p-zepo4d/endpoints/e-svzyqa/origins/origin1\"}],\"resourceState\":\"Active\",\"provisioningState\":\"Succeeded\"}}",
      "isContentBase64": false
    }
  }
}