{
  "New-AzFrontDoorCdnRuleSet+[NoContext]+Create+$PUT+https://management.azure.com/subscriptions/27cafca8-b9a4-4264-b399-45d0c9cca1ab/resourceGroups/testps-rg-iralqs/providers/Microsoft.Cdn/profiles/fdp-y1jwaq?api-version=2022-11-01-preview+1": {
    "Request": {
      "Method": "PUT",
      "RequestUri": "https://management.azure.com/subscriptions/27cafca8-b9a4-4264-b399-45d0c9cca1ab/resourceGroups/testps-rg-iralqs/providers/Microsoft.Cdn/profiles/fdp-y1jwaq?api-version=2022-11-01-preview",
      "Content": "{\r\n  \"location\": \"Global\",\r\n  \"sku\": {\r\n    \"name\": \"Standard_AzureFrontDoor\"\r\n  }\r\n}",
      "isContentBase64": false,
      "Headers": {
      },
      "ContentHeaders": {
        "Content-Type": [ "application/json" ],
        "Content-Length": [ "85" ]
      }
    },
    "Response": {
      "StatusCode": 201,
      "Headers": {
        "Cache-Control": [ "no-cache" ],
        "Pragma": [ "no-cache" ],
        "Retry-After": [ "10" ],
        "Strict-Transport-Security": [ "max-age=31536000; includeSubDomains" ],
        "x-ms-request-id": [ "6b7a2ed4-ea9d-4206-9192-3829f78c360c" ],
        "x-ms-client-request-id": [ "86d155d3-baa8-4ec1-80fb-0e128c1498c5" ],
        "Azure-AsyncOperation": [ "https://management.azure.com/subscriptions/27cafca8-b9a4-4264-b399-45d0c9cca1ab/resourcegroups/testps-rg-iralqs/providers/Microsoft.Cdn/operationresults/4d75cdab-1b4e-4fca-80cb-e41f8055f668?api-version=2022-11-01-preview" ],
        "Server": [ "Kestrel" ],
        "x-ms-ratelimit-remaining-subscription-resource-requests": [ "24" ],
        "x-ms-correlation-request-id": [ "06ec6a2c-e62f-4573-8e2a-a5881acfd503" ],
        "x-ms-routing-request-id": [ "SOUTHEASTASIA:20230325T013916Z:06ec6a2c-e62f-4573-8e2a-a5881acfd503" ],
        "X-Content-Type-Options": [ "nosniff" ],
        "Date": [ "Sat, 25 Mar 2023 01:39:15 GMT" ]
      },
      "ContentHeaders": {
        "Content-Length": [ "462" ],
        "Content-Type": [ "application/json; charset=utf-8" ],
        "Expires": [ "-1" ]
      },
      "Content": "{\"id\":\"/subscriptions/27cafca8-b9a4-4264-b399-45d0c9cca1ab/resourcegroups/testps-rg-iralqs/providers/Microsoft.Cdn/profiles/fdp-y1jwaq\",\"type\":\"Microsoft.Cdn/profiles\",\"name\":\"fdp-y1jwaq\",\"location\":\"Global\",\"kind\":\"frontdoor\",\"tags\":{},\"sku\":{\"name\":\"Standard_AzureFrontDoor\"},\"properties\":{\"originResponseTimeoutSeconds\":30,\"frontDoorId\":\"0c511d10-f1d9-42c6-a44a-da4c51f59550\",\"extendedProperties\":{},\"resourceState\":\"Creating\",\"provisioningState\":\"Creating\"}}",
      "isContentBase64": false
    }
  },
  "New-AzFrontDoorCdnRuleSet+[NoContext]+Create+$GET+https://management.azure.com/subscriptions/27cafca8-b9a4-4264-b399-45d0c9cca1ab/resourcegroups/testps-rg-iralqs/providers/Microsoft.Cdn/operationresults/4d75cdab-1b4e-4fca-80cb-e41f8055f668?api-version=2022-11-01-preview+2": {
    "Request": {
      "Method": "GET",
      "RequestUri": "https://management.azure.com/subscriptions/27cafca8-b9a4-4264-b399-45d0c9cca1ab/resourcegroups/testps-rg-iralqs/providers/Microsoft.Cdn/operationresults/4d75cdab-1b4e-4fca-80cb-e41f8055f668?api-version=2022-11-01-preview",
      "Content": null,
      "isContentBase64": false,
      "Headers": {
        "Authorization": [ "[Filtered]" ],
        "x-ms-unique-id": [ "876" ],
        "x-ms-client-request-id": [ "86d155d3-baa8-4ec1-80fb-0e128c1498c5" ],
        "CommandName": [ "Az.Cdn.internal\\New-AzCdnProfile" ],
        "FullCommandName": [ "New-AzCdnProfile_CreateExpanded" ],
        "ParameterSetName": [ "__AllParameterSets" ],
        "User-Agent": [ "AzurePowershell/v0.0.0", "PSVersion/v7.2.9", "Az.Cdn/0.1.0" ]
      },
      "ContentHeaders": {
      }
    },
    "Response": {
      "StatusCode": 200,
      "Headers": {
        "Cache-Control": [ "no-cache" ],
        "Pragma": [ "no-cache" ],
        "Strict-Transport-Security": [ "max-age=31536000; includeSubDomains" ],
        "x-ms-request-id": [ "a722b487-934f-4d06-8ed8-2bbe0988108c" ],
        "x-ms-client-request-id": [ "86d155d3-baa8-4ec1-80fb-0e128c1498c5" ],
        "Server": [ "Kestrel" ],
        "x-ms-ratelimit-remaining-subscription-reads": [ "11999" ],
        "x-ms-correlation-request-id": [ "10230a1a-61e7-496b-ba27-f0499bf8814b" ],
        "x-ms-routing-request-id": [ "SOUTHEASTASIA:20230325T013926Z:10230a1a-61e7-496b-ba27-f0499bf8814b" ],
        "X-Content-Type-Options": [ "nosniff" ],
        "Date": [ "Sat, 25 Mar 2023 01:39:26 GMT" ]
      },
      "ContentHeaders": {
        "Content-Length": [ "61" ],
        "Content-Type": [ "application/json; charset=utf-8" ],
        "Expires": [ "-1" ]
      },
      "Content": "{\"status\":\"Succeeded\",\"error\":{\"code\":\"None\",\"message\":null}}",
      "isContentBase64": false
    }
  },
  "New-AzFrontDoorCdnRuleSet+[NoContext]+Create+$GET+https://management.azure.com/subscriptions/27cafca8-b9a4-4264-b399-45d0c9cca1ab/resourceGroups/testps-rg-iralqs/providers/Microsoft.Cdn/profiles/fdp-y1jwaq?api-version=2022-11-01-preview+3": {
    "Request": {
      "Method": "GET",
      "RequestUri": "https://management.azure.com/subscriptions/27cafca8-b9a4-4264-b399-45d0c9cca1ab/resourceGroups/testps-rg-iralqs/providers/Microsoft.Cdn/profiles/fdp-y1jwaq?api-version=2022-11-01-preview",
      "Content": null,
      "isContentBase64": false,
      "Headers": {
        "Authorization": [ "[Filtered]" ],
        "x-ms-unique-id": [ "877" ],
        "x-ms-client-request-id": [ "86d155d3-baa8-4ec1-80fb-0e128c1498c5" ],
        "CommandName": [ "Az.Cdn.internal\\New-AzCdnProfile" ],
        "FullCommandName": [ "New-AzCdnProfile_CreateExpanded" ],
        "ParameterSetName": [ "__AllParameterSets" ],
        "User-Agent": [ "AzurePowershell/v0.0.0", "PSVersion/v7.2.9", "Az.Cdn/0.1.0" ]
      },
      "ContentHeaders": {
      }
    },
    "Response": {
      "StatusCode": 200,
      "Headers": {
        "Cache-Control": [ "no-cache" ],
        "Pragma": [ "no-cache" ],
        "Strict-Transport-Security": [ "max-age=31536000; includeSubDomains" ],
        "x-ms-request-id": [ "b64c8c17-4a88-47e8-a522-3d3d9b3131c2" ],
        "x-ms-client-request-id": [ "86d155d3-baa8-4ec1-80fb-0e128c1498c5" ],
        "Server": [ "Kestrel" ],
        "x-ms-ratelimit-remaining-subscription-resource-requests": [ "49" ],
        "x-ms-correlation-request-id": [ "4939c1ea-d659-4534-952e-a7510b469758" ],
        "x-ms-routing-request-id": [ "SOUTHEASTASIA:20230325T013927Z:4939c1ea-d659-4534-952e-a7510b469758" ],
        "X-Content-Type-Options": [ "nosniff" ],
        "Date": [ "Sat, 25 Mar 2023 01:39:26 GMT" ]
      },
      "ContentHeaders": {
        "Content-Length": [ "461" ],
        "Content-Type": [ "application/json; charset=utf-8" ],
        "Expires": [ "-1" ]
      },
      "Content": "{\"id\":\"/subscriptions/27cafca8-b9a4-4264-b399-45d0c9cca1ab/resourcegroups/testps-rg-iralqs/providers/Microsoft.Cdn/profiles/fdp-y1jwaq\",\"type\":\"Microsoft.Cdn/profiles\",\"name\":\"fdp-y1jwaq\",\"location\":\"Global\",\"kind\":\"frontdoor\",\"tags\":{},\"sku\":{\"name\":\"Standard_AzureFrontDoor\"},\"properties\":{\"originResponseTimeoutSeconds\":30,\"frontDoorId\":\"0c511d10-f1d9-42c6-a44a-da4c51f59550\",\"extendedProperties\":{},\"resourceState\":\"Active\",\"provisioningState\":\"Succeeded\"}}",
      "isContentBase64": false
    }
  },
  "New-AzFrontDoorCdnRuleSet+[NoContext]+Create+$PUT+https://management.azure.com/subscriptions/27cafca8-b9a4-4264-b399-45d0c9cca1ab/resourceGroups/testps-rg-iralqs/providers/Microsoft.Cdn/profiles/fdp-y1jwaq/ruleSets/rsv6m983?api-version=2022-11-01-preview+4": {
    "Request": {
      "Method": "PUT",
      "RequestUri": "https://management.azure.com/subscriptions/27cafca8-b9a4-4264-b399-45d0c9cca1ab/resourceGroups/testps-rg-iralqs/providers/Microsoft.Cdn/profiles/fdp-y1jwaq/ruleSets/rsv6m983?api-version=2022-11-01-preview",
      "Content": null,
      "isContentBase64": false,
      "Headers": {
        "x-ms-unique-id": [ "878" ],
        "x-ms-client-request-id": [ "7e6d94d4-272c-4296-9c60-0a3b49660a53" ],
        "CommandName": [ "New-AzFrontDoorCdnRuleSet" ],
        "FullCommandName": [ "New-AzFrontDoorCdnRuleSet_Create" ],
        "ParameterSetName": [ "__AllParameterSets" ],
        "User-Agent": [ "AzurePowershell/v0.0.0", "PSVersion/v7.2.9", "Az.Cdn/0.1.0" ],
        "Authorization": [ "[Filtered]" ]
      },
      "ContentHeaders": {
      }
    },
    "Response": {
      "StatusCode": 201,
      "Headers": {
        "Cache-Control": [ "no-cache" ],
        "Pragma": [ "no-cache" ],
        "Strict-Transport-Security": [ "max-age=31536000; includeSubDomains" ],
        "x-ms-request-id": [ "064840a2-3410-4f3d-bc89-656592ce8648" ],
        "x-ms-client-request-id": [ "7e6d94d4-272c-4296-9c60-0a3b49660a53" ],
        "Server": [ "Kestrel" ],
        "x-ms-ratelimit-remaining-subscription-resource-requests": [ "99" ],
        "x-ms-correlation-request-id": [ "90200f03-b131-4045-9f5d-b05d55c1e15f" ],
        "x-ms-routing-request-id": [ "SOUTHEASTASIA:20230325T013928Z:90200f03-b131-4045-9f5d-b05d55c1e15f" ],
        "X-Content-Type-Options": [ "nosniff" ],
        "Date": [ "Sat, 25 Mar 2023 01:39:28 GMT" ]
      },
      "ContentHeaders": {
        "Content-Length": [ "292" ],
        "Content-Type": [ "application/json; charset=utf-8" ],
        "Expires": [ "-1" ]
      },
      "Content": "{\"id\":\"/subscriptions/27cafca8-b9a4-4264-b399-45d0c9cca1ab/resourcegroups/testps-rg-iralqs/providers/Microsoft.Cdn/profiles/fdp-y1jwaq/rulesets/rsv6m983\",\"type\":\"Microsoft.Cdn/profiles/rulesets\",\"name\":\"rsv6m983\",\"properties\":{\"provisioningState\":\"Succeeded\",\"deploymentStatus\":\"NotStarted\"}}",
      "isContentBase64": false
    }
  }
}