{
  "New-AzFrontDoorCdnOriginGroup+[NoContext]+CreateExpanded+$PUT+https://management.azure.com/subscriptions/27cafca8-b9a4-4264-b399-45d0c9cca1ab/resourceGroups/testps-rg-07us/providers/Microsoft.Cdn/profiles/fdp-po6cs1/originGroups/org-pstest060?api-version=2023-05-01+1": {
    "Request": {
      "Method": "PUT",
      "RequestUri": "https://management.azure.com/subscriptions/27cafca8-b9a4-4264-b399-45d0c9cca1ab/resourceGroups/testps-rg-07us/providers/Microsoft.Cdn/profiles/fdp-po6cs1/originGroups/org-pstest060?api-version=2023-05-01",
      "Content": "{\r\n  \"properties\": {\r\n    \"loadBalancingSettings\": {\r\n      \"sampleSize\": 5,\r\n      \"successfulSamplesRequired\": 4,\r\n      \"additionalLatencyInMilliseconds\": 200\r\n    },\r\n    \"healthProbeSettings\": {\r\n      \"probePath\": \"/\",\r\n      \"probeRequestType\": \"GET\",\r\n      \"probeProtocol\": \"Https\",\r\n      \"probeIntervalInSeconds\": 1\r\n    }\r\n  }\r\n}",
      "isContentBase64": false,
      "Headers": {
      },
      "ContentHeaders": {
        "Content-Type": [ "application/json" ],
        "Content-Length": [ "341" ]
      }
    },
    "Response": {
      "StatusCode": 201,
      "Headers": {
        "Cache-Control": [ "no-cache" ],
        "Pragma": [ "no-cache" ],
        "Strict-Transport-Security": [ "max-age=31536000; includeSubDomains" ],
        "x-ms-request-id": [ "37eb7f23-da03-42a0-bc0c-edfa07672ec3" ],
        "x-ms-client-request-id": [ "768b43df-c930-401d-b336-8306e3b741b2" ],
        "Server": [ "Kestrel" ],
        "x-ms-ratelimit-remaining-subscription-resource-requests": [ "94" ],
        "x-ms-correlation-request-id": [ "d485f713-11f9-4725-b53e-a7d2a7c89648" ],
        "x-ms-routing-request-id": [ "SOUTHEASTASIA:20230530T021114Z:d485f713-11f9-4725-b53e-a7d2a7c89648" ],
        "X-Content-Type-Options": [ "nosniff" ],
        "Date": [ "Tue, 30 May 2023 02:11:14 GMT" ]
      },
      "ContentHeaders": {
        "Content-Length": [ "628" ],
        "Content-Type": [ "application/json; charset=utf-8" ],
        "Expires": [ "-1" ]
      },
      "Content": "{\"id\":\"/subscriptions/27cafca8-b9a4-4264-b399-45d0c9cca1ab/resourcegroups/testps-rg-07us/providers/Microsoft.Cdn/profiles/fdp-po6cs1/origingroups/org-pstest060\",\"type\":\"Microsoft.Cdn/profiles/origingroups\",\"name\":\"org-pstest060\",\"properties\":{\"loadBalancingSettings\":{\"sampleSize\":5,\"successfulSamplesRequired\":4,\"additionalLatencyInMilliseconds\":200},\"healthProbeSettings\":{\"probePath\":\"/\",\"probeRequestType\":\"GET\",\"probeProtocol\":\"Https\",\"probeIntervalInSeconds\":1},\"trafficRestorationTimeToHealedOrNewEndpointsInMinutes\":null,\"sessionAffinityState\":\"Disabled\",\"provisioningState\":\"Succeeded\",\"deploymentStatus\":\"NotStarted\"}}",
      "isContentBase64": false
    }
  },
  "New-AzFrontDoorCdnOriginGroup+[NoContext]+CreateExpanded+$GET+https://management.azure.com/subscriptions/27cafca8-b9a4-4264-b399-45d0c9cca1ab/resourceGroups/testps-rg-07us/providers/Microsoft.Cdn/profiles/fdp-po6cs1/originGroups/org-pstest060?api-version=2023-05-01+2": {
    "Request": {
      "Method": "GET",
      "RequestUri": "https://management.azure.com/subscriptions/27cafca8-b9a4-4264-b399-45d0c9cca1ab/resourceGroups/testps-rg-07us/providers/Microsoft.Cdn/profiles/fdp-po6cs1/originGroups/org-pstest060?api-version=2023-05-01",
      "Content": null,
      "isContentBase64": false,
      "Headers": {
        "Authorization": [ "[Filtered]" ],
        "x-ms-unique-id": [ "363" ],
        "x-ms-client-request-id": [ "768b43df-c930-401d-b336-8306e3b741b2" ],
        "CommandName": [ "New-AzFrontDoorCdnOriginGroup" ],
        "FullCommandName": [ "New-AzFrontDoorCdnOriginGroup_CreateExpanded" ],
        "ParameterSetName": [ "__AllParameterSets" ],
        "User-Agent": [ "AzurePowershell/v0.0.0", "PSVersion/v7.2.11", "Az.Cdn/0.1.0" ]
      },
      "ContentHeaders": {
      }
    },
    "Response": {
      "StatusCode": 200,
      "Headers": {
        "Cache-Control": [ "no-cache" ],
        "Pragma": [ "no-cache" ],
        "x-ms-ratelimit-remaining-subscription-reads": [ "11825" ],
        "Strict-Transport-Security": [ "max-age=31536000; includeSubDomains" ],
        "x-ms-request-id": [ "f2a6b312-d249-4015-8f97-9e0afe19f961" ],
        "x-ms-client-request-id": [ "768b43df-c930-401d-b336-8306e3b741b2" ],
        "Server": [ "Kestrel" ],
        "x-ms-correlation-request-id": [ "0e92bb52-d029-4733-af94-e9e9bf8588cd" ],
        "x-ms-routing-request-id": [ "SOUTHEASTASIA:20230530T021145Z:0e92bb52-d029-4733-af94-e9e9bf8588cd" ],
        "X-Content-Type-Options": [ "nosniff" ],
        "Date": [ "Tue, 30 May 2023 02:11:45 GMT" ]
      },
      "ContentHeaders": {
        "Content-Length": [ "628" ],
        "Content-Type": [ "application/json; charset=utf-8" ],
        "Expires": [ "-1" ]
      },
      "Content": "{\"id\":\"/subscriptions/27cafca8-b9a4-4264-b399-45d0c9cca1ab/resourcegroups/testps-rg-07us/providers/Microsoft.Cdn/profiles/fdp-po6cs1/origingroups/org-pstest060\",\"type\":\"Microsoft.Cdn/profiles/origingroups\",\"name\":\"org-pstest060\",\"properties\":{\"loadBalancingSettings\":{\"sampleSize\":5,\"successfulSamplesRequired\":4,\"additionalLatencyInMilliseconds\":200},\"healthProbeSettings\":{\"probePath\":\"/\",\"probeRequestType\":\"GET\",\"probeProtocol\":\"Https\",\"probeIntervalInSeconds\":1},\"trafficRestorationTimeToHealedOrNewEndpointsInMinutes\":null,\"sessionAffinityState\":\"Disabled\",\"provisioningState\":\"Succeeded\",\"deploymentStatus\":\"NotStarted\"}}",
      "isContentBase64": false
    }
  },
  "New-AzFrontDoorCdnOriginGroup+[NoContext]+CreateExpanded+$GET+https://management.azure.com/subscriptions/27cafca8-b9a4-4264-b399-45d0c9cca1ab/resourceGroups/testps-rg-07us/providers/Microsoft.Cdn/profiles/fdp-po6cs1/originGroups/org-pstest060?api-version=2023-05-01+3": {
    "Request": {
      "Method": "GET",
      "RequestUri": "https://management.azure.com/subscriptions/27cafca8-b9a4-4264-b399-45d0c9cca1ab/resourceGroups/testps-rg-07us/providers/Microsoft.Cdn/profiles/fdp-po6cs1/originGroups/org-pstest060?api-version=2023-05-01",
      "Content": null,
      "isContentBase64": false,
      "Headers": {
        "Authorization": [ "[Filtered]" ],
        "x-ms-unique-id": [ "364" ],
        "x-ms-client-request-id": [ "768b43df-c930-401d-b336-8306e3b741b2" ],
        "CommandName": [ "New-AzFrontDoorCdnOriginGroup" ],
        "FullCommandName": [ "New-AzFrontDoorCdnOriginGroup_CreateExpanded" ],
        "ParameterSetName": [ "__AllParameterSets" ],
        "User-Agent": [ "AzurePowershell/v0.0.0", "PSVersion/v7.2.11", "Az.Cdn/0.1.0" ]
      },
      "ContentHeaders": {
      }
    },
    "Response": {
      "StatusCode": 200,
      "Headers": {
        "Cache-Control": [ "no-cache" ],
        "Pragma": [ "no-cache" ],
        "Strict-Transport-Security": [ "max-age=31536000; includeSubDomains" ],
        "x-ms-request-id": [ "dc176a0f-14ac-41e0-85eb-07762003ce7a" ],
        "x-ms-client-request-id": [ "768b43df-c930-401d-b336-8306e3b741b2" ],
        "Server": [ "Kestrel" ],
        "x-ms-ratelimit-remaining-subscription-reads": [ "11824" ],
        "x-ms-correlation-request-id": [ "cb7e898f-c525-4ffe-b82b-ad3015906f7f" ],
        "x-ms-routing-request-id": [ "SOUTHEASTASIA:20230530T021146Z:cb7e898f-c525-4ffe-b82b-ad3015906f7f" ],
        "X-Content-Type-Options": [ "nosniff" ],
        "Date": [ "Tue, 30 May 2023 02:11:46 GMT" ]
      },
      "ContentHeaders": {
        "Content-Length": [ "628" ],
        "Content-Type": [ "application/json; charset=utf-8" ],
        "Expires": [ "-1" ]
      },
      "Content": "{\"id\":\"/subscriptions/27cafca8-b9a4-4264-b399-45d0c9cca1ab/resourcegroups/testps-rg-07us/providers/Microsoft.Cdn/profiles/fdp-po6cs1/origingroups/org-pstest060\",\"type\":\"Microsoft.Cdn/profiles/origingroups\",\"name\":\"org-pstest060\",\"properties\":{\"loadBalancingSettings\":{\"sampleSize\":5,\"successfulSamplesRequired\":4,\"additionalLatencyInMilliseconds\":200},\"healthProbeSettings\":{\"probePath\":\"/\",\"probeRequestType\":\"GET\",\"probeProtocol\":\"Https\",\"probeIntervalInSeconds\":1},\"trafficRestorationTimeToHealedOrNewEndpointsInMinutes\":null,\"sessionAffinityState\":\"Disabled\",\"provisioningState\":\"Succeeded\",\"deploymentStatus\":\"NotStarted\"}}",
      "isContentBase64": false
    }
  }
}