{
  "Remove-AzCdnOrigin+[NoContext]+[NoScenario]+$PUT+https://management.azure.com/subscriptions/27cafca8-b9a4-4264-b399-45d0c9cca1ab/resourceGroups/testps-rg-07us/providers/Microsoft.Cdn/profiles/p-ykwj52/endpoints/e-ndpstest080?api-version=2023-05-01+1": {
    "Request": {
      "Method": "PUT",
      "RequestUri": "https://management.azure.com/subscriptions/27cafca8-b9a4-4264-b399-45d0c9cca1ab/resourceGroups/testps-rg-07us/providers/Microsoft.Cdn/profiles/p-ykwj52/endpoints/e-ndpstest080?api-version=2023-05-01",
      "Content": "{\r\n  \"location\": \"westus\",\r\n  \"properties\": {\r\n    \"defaultOriginGroup\": {\r\n      \"id\": \"/subscriptions/27cafca8-b9a4-4264-b399-45d0c9cca1ab/resourcegroups/testps-rg-07us/providers/Microsoft.Cdn/profiles/p-ykwj52/endpoints/e-ndpstest080/origingroups/originGroup1\"\r\n    },\r\n    \"origins\": [\r\n      {\r\n        \"properties\": {\r\n          \"hostName\": \"host1.hello.com\"\r\n        },\r\n        \"name\": \"origin1\"\r\n      }\r\n    ],\r\n    \"originGroups\": [\r\n      {\r\n        \"properties\": {\r\n          \"origins\": [\r\n            {\r\n              \"id\": \"/subscriptions/27cafca8-b9a4-4264-b399-45d0c9cca1ab/resourcegroups/testps-rg-07us/providers/Microsoft.Cdn/profiles/p-ykwj52/endpoints/e-ndpstest080/origins/origin1\"\r\n            }\r\n          ]\r\n        },\r\n        \"name\": \"originGroup1\"\r\n      }\r\n    ]\r\n  }\r\n}",
      "isContentBase64": false,
      "Headers": {
      },
      "ContentHeaders": {
        "Content-Type": [ "application/json" ],
        "Content-Length": [ "799" ]
      }
    },
    "Response": {
      "StatusCode": 201,
      "Headers": {
        "Cache-Control": [ "no-cache" ],
        "Pragma": [ "no-cache" ],
        "Retry-After": [ "10" ],
        "Strict-Transport-Security": [ "max-age=31536000; includeSubDomains" ],
        "x-ms-request-id": [ "b4bc2fef-c51d-43f1-974a-b6faa79fae5d" ],
        "x-ms-client-request-id": [ "e514d4be-3bfc-4d14-ba72-607a870e746e" ],
        "Azure-AsyncOperation": [ "https://management.azure.com/subscriptions/27cafca8-b9a4-4264-b399-45d0c9cca1ab/resourcegroups/testps-rg-07us/providers/Microsoft.Cdn/operationresults/a8f08fc6-8a7c-47b6-8548-227341b19f31?api-version=2023-05-01" ],
        "Server": [ "Kestrel" ],
        "x-ms-ratelimit-remaining-subscription-resource-requests": [ "91" ],
        "x-ms-correlation-request-id": [ "81bf1cca-9946-4e95-810a-046fc488a936" ],
        "x-ms-routing-request-id": [ "SOUTHEASTASIA:20230530T021946Z:81bf1cca-9946-4e95-810a-046fc488a936" ],
        "X-Content-Type-Options": [ "nosniff" ],
        "Date": [ "Tue, 30 May 2023 02:19:46 GMT" ]
      },
      "ContentHeaders": {
        "Content-Length": [ "1615" ],
        "Content-Type": [ "application/json; charset=utf-8" ],
        "Expires": [ "-1" ]
      },
      "Content": "{\"id\":\"/subscriptions/27cafca8-b9a4-4264-b399-45d0c9cca1ab/resourcegroups/testps-rg-07us/providers/Microsoft.Cdn/profiles/p-ykwj52/endpoints/e-ndpstest080\",\"type\":\"Microsoft.Cdn/profiles/endpoints\",\"name\":\"e-ndpstest080\",\"location\":\"WestUs\",\"tags\":{},\"properties\":{\"hostName\":\"e-ndpstest080.azureedge.net\",\"originHostHeader\":null,\"originPath\":null,\"contentTypesToCompress\":[],\"isCompressionEnabled\":false,\"isHttpAllowed\":true,\"isHttpsAllowed\":true,\"queryStringCachingBehavior\":\"IgnoreQueryString\",\"optimizationType\":null,\"probePath\":null,\"origins\":[{\"name\":\"origin1\",\"properties\":{\"hostName\":\"host1.hello.com\",\"httpPort\":null,\"httpsPort\":null,\"originHostHeader\":null,\"priority\":1,\"weight\":1000,\"enabled\":true,\"privateLinkAlias\":null,\"privateLinkResourceId\":null,\"privateLinkLocation\":null,\"privateEndpointStatus\":null,\"privateLinkApprovalMessage\":null}}],\"originGroups\":[{\"name\":\"originGroup1\",\"properties\":{\"healthProbeSettings\":null,\"responseBasedOriginErrorDetectionSettings\":null,\"trafficRestorationTimeToHealedOrNewEndpointsInMinutes\":null,\"origins\":[{\"id\":\"/subscriptions/27cafca8-b9a4-4264-b399-45d0c9cca1ab/resourcegroups/testps-rg-07us/providers/Microsoft.Cdn/profiles/p-ykwj52/endpoints/e-ndpstest080/origins/origin1\"}]}}],\"defaultOriginGroup\":{\"id\":\"/subscriptions/27cafca8-b9a4-4264-b399-45d0c9cca1ab/resourcegroups/testps-rg-07us/providers/Microsoft.Cdn/profiles/p-ykwj52/endpoints/e-ndpstest080/origingroups/originGroup1\"},\"customDomains\":[],\"geoFilters\":[],\"deliveryPolicy\":null,\"urlSigningKeys\":null,\"webApplicationFirewallPolicyLink\":null,\"resourceState\":\"Creating\",\"provisioningState\":\"Creating\"}}",
      "isContentBase64": false
    }
  },
  "Remove-AzCdnOrigin+[NoContext]+[NoScenario]+$GET+https://management.azure.com/subscriptions/27cafca8-b9a4-4264-b399-45d0c9cca1ab/resourcegroups/testps-rg-07us/providers/Microsoft.Cdn/operationresults/a8f08fc6-8a7c-47b6-8548-227341b19f31?api-version=2023-05-01+2": {
    "Request": {
      "Method": "GET",
      "RequestUri": "https://management.azure.com/subscriptions/27cafca8-b9a4-4264-b399-45d0c9cca1ab/resourcegroups/testps-rg-07us/providers/Microsoft.Cdn/operationresults/a8f08fc6-8a7c-47b6-8548-227341b19f31?api-version=2023-05-01",
      "Content": null,
      "isContentBase64": false,
      "Headers": {
        "Authorization": [ "[Filtered]" ],
        "x-ms-unique-id": [ "439" ],
        "x-ms-client-request-id": [ "e514d4be-3bfc-4d14-ba72-607a870e746e" ],
        "CommandName": [ "New-AzCdnEndpoint" ],
        "FullCommandName": [ "New-AzCdnEndpoint_CreateExpanded1" ],
        "ParameterSetName": [ "__AllParameterSets" ],
        "User-Agent": [ "AzurePowershell/v0.0.0", "PSVersion/v7.2.11", "Az.Cdn/0.1.0" ]
      },
      "ContentHeaders": {
      }
    },
    "Response": {
      "StatusCode": 200,
      "Headers": {
        "Cache-Control": [ "no-cache" ],
        "Pragma": [ "no-cache" ],
        "Strict-Transport-Security": [ "max-age=31536000; includeSubDomains" ],
        "x-ms-request-id": [ "fefc8b14-4045-45be-99b2-755f26b8f860" ],
        "x-ms-client-request-id": [ "e514d4be-3bfc-4d14-ba72-607a870e746e" ],
        "Server": [ "Kestrel" ],
        "x-ms-ratelimit-remaining-subscription-reads": [ "11782" ],
        "x-ms-correlation-request-id": [ "0b1d3cde-b8e3-42a7-9c98-06f6adb19b72" ],
        "x-ms-routing-request-id": [ "SOUTHEASTASIA:20230530T021956Z:0b1d3cde-b8e3-42a7-9c98-06f6adb19b72" ],
        "X-Content-Type-Options": [ "nosniff" ],
        "Date": [ "Tue, 30 May 2023 02:19:56 GMT" ]
      },
      "ContentHeaders": {
        "Content-Length": [ "61" ],
        "Content-Type": [ "application/json; charset=utf-8" ],
        "Expires": [ "-1" ]
      },
      "Content": "{\"status\":\"Succeeded\",\"error\":{\"code\":\"None\",\"message\":null}}",
      "isContentBase64": false
    }
  },
  "Remove-AzCdnOrigin+[NoContext]+[NoScenario]+$GET+https://management.azure.com/subscriptions/27cafca8-b9a4-4264-b399-45d0c9cca1ab/resourceGroups/testps-rg-07us/providers/Microsoft.Cdn/profiles/p-ykwj52/endpoints/e-ndpstest080?api-version=2023-05-01+3": {
    "Request": {
      "Method": "GET",
      "RequestUri": "https://management.azure.com/subscriptions/27cafca8-b9a4-4264-b399-45d0c9cca1ab/resourceGroups/testps-rg-07us/providers/Microsoft.Cdn/profiles/p-ykwj52/endpoints/e-ndpstest080?api-version=2023-05-01",
      "Content": null,
      "isContentBase64": false,
      "Headers": {
        "Authorization": [ "[Filtered]" ],
        "x-ms-unique-id": [ "440" ],
        "x-ms-client-request-id": [ "e514d4be-3bfc-4d14-ba72-607a870e746e" ],
        "CommandName": [ "New-AzCdnEndpoint" ],
        "FullCommandName": [ "New-AzCdnEndpoint_CreateExpanded1" ],
        "ParameterSetName": [ "__AllParameterSets" ],
        "User-Agent": [ "AzurePowershell/v0.0.0", "PSVersion/v7.2.11", "Az.Cdn/0.1.0" ]
      },
      "ContentHeaders": {
      }
    },
    "Response": {
      "StatusCode": 200,
      "Headers": {
        "Cache-Control": [ "no-cache" ],
        "Pragma": [ "no-cache" ],
        "Strict-Transport-Security": [ "max-age=31536000; includeSubDomains" ],
        "x-ms-request-id": [ "50b87691-0462-4a6c-a564-3968992457fd" ],
        "x-ms-client-request-id": [ "e514d4be-3bfc-4d14-ba72-607a870e746e" ],
        "Server": [ "Kestrel" ],
        "x-ms-ratelimit-remaining-subscription-resource-requests": [ "44" ],
        "x-ms-correlation-request-id": [ "53a79ba2-6702-44db-afda-f61283a2185a" ],
        "x-ms-routing-request-id": [ "SOUTHEASTASIA:20230530T021957Z:53a79ba2-6702-44db-afda-f61283a2185a" ],
        "X-Content-Type-Options": [ "nosniff" ],
        "Date": [ "Tue, 30 May 2023 02:19:56 GMT" ]
      },
      "ContentHeaders": {
        "Content-Length": [ "1615" ],
        "Content-Type": [ "application/json; charset=utf-8" ],
        "Expires": [ "-1" ]
      },
      "Content": "{\"id\":\"/subscriptions/27cafca8-b9a4-4264-b399-45d0c9cca1ab/resourcegroups/testps-rg-07us/providers/Microsoft.Cdn/profiles/p-ykwj52/endpoints/e-ndpstest080\",\"type\":\"Microsoft.Cdn/profiles/endpoints\",\"name\":\"e-ndpstest080\",\"location\":\"WestUs\",\"tags\":{},\"properties\":{\"hostName\":\"e-ndpstest080.azureedge.net\",\"originHostHeader\":null,\"originPath\":null,\"contentTypesToCompress\":[],\"isCompressionEnabled\":false,\"isHttpAllowed\":true,\"isHttpsAllowed\":true,\"queryStringCachingBehavior\":\"IgnoreQueryString\",\"optimizationType\":null,\"probePath\":null,\"origins\":[{\"name\":\"origin1\",\"properties\":{\"hostName\":\"host1.hello.com\",\"httpPort\":null,\"httpsPort\":null,\"originHostHeader\":null,\"priority\":1,\"weight\":1000,\"enabled\":true,\"privateLinkAlias\":null,\"privateLinkResourceId\":null,\"privateLinkLocation\":null,\"privateEndpointStatus\":null,\"privateLinkApprovalMessage\":null}}],\"originGroups\":[{\"name\":\"originGroup1\",\"properties\":{\"healthProbeSettings\":null,\"responseBasedOriginErrorDetectionSettings\":null,\"trafficRestorationTimeToHealedOrNewEndpointsInMinutes\":null,\"origins\":[{\"id\":\"/subscriptions/27cafca8-b9a4-4264-b399-45d0c9cca1ab/resourcegroups/testps-rg-07us/providers/Microsoft.Cdn/profiles/p-ykwj52/endpoints/e-ndpstest080/origins/origin1\"}]}}],\"defaultOriginGroup\":{\"id\":\"/subscriptions/27cafca8-b9a4-4264-b399-45d0c9cca1ab/resourcegroups/testps-rg-07us/providers/Microsoft.Cdn/profiles/p-ykwj52/endpoints/e-ndpstest080/origingroups/originGroup1\"},\"customDomains\":[],\"geoFilters\":[],\"deliveryPolicy\":null,\"urlSigningKeys\":null,\"webApplicationFirewallPolicyLink\":null,\"resourceState\":\"Running\",\"provisioningState\":\"Succeeded\"}}",
      "isContentBase64": false
    }
  },
  "Remove-AzCdnOrigin+[NoContext]+[NoScenario]+$PUT+https://management.azure.com/subscriptions/27cafca8-b9a4-4264-b399-45d0c9cca1ab/resourceGroups/testps-rg-07us/providers/Microsoft.Cdn/profiles/p-ykwj52/endpoints/e-ndpstest080/origins/origin2?api-version=2023-05-01+4": {
    "Request": {
      "Method": "PUT",
      "RequestUri": "https://management.azure.com/subscriptions/27cafca8-b9a4-4264-b399-45d0c9cca1ab/resourceGroups/testps-rg-07us/providers/Microsoft.Cdn/profiles/p-ykwj52/endpoints/e-ndpstest080/origins/origin2?api-version=2023-05-01",
      "Content": "{\r\n  \"properties\": {\r\n    \"hostName\": \"host2.hello.com\"\r\n  }\r\n}",
      "isContentBase64": false,
      "Headers": {
      },
      "ContentHeaders": {
        "Content-Type": [ "application/json" ],
        "Content-Length": [ "63" ]
      }
    },
    "Response": {
      "StatusCode": 201,
      "Headers": {
        "Cache-Control": [ "no-cache" ],
        "Pragma": [ "no-cache" ],
        "Retry-After": [ "10" ],
        "Strict-Transport-Security": [ "max-age=31536000; includeSubDomains" ],
        "x-ms-request-id": [ "88956dee-ad47-485f-8167-6fa077f6777c" ],
        "x-ms-client-request-id": [ "d23568fb-b40e-46af-9c2b-a0cbe6060af8" ],
        "Azure-AsyncOperation": [ "https://management.azure.com/subscriptions/27cafca8-b9a4-4264-b399-45d0c9cca1ab/resourcegroups/testps-rg-07us/providers/Microsoft.Cdn/operationresults/504bc671-935d-4cae-8ad4-7d2646bca450?api-version=2023-05-01" ],
        "Server": [ "Kestrel" ],
        "x-ms-ratelimit-remaining-subscription-writes": [ "1194" ],
        "x-ms-correlation-request-id": [ "79cce15c-21ea-4f7b-bb7d-61f8e25ce4d9" ],
        "x-ms-routing-request-id": [ "SOUTHEASTASIA:20230530T021958Z:79cce15c-21ea-4f7b-bb7d-61f8e25ce4d9" ],
        "X-Content-Type-Options": [ "nosniff" ],
        "Date": [ "Tue, 30 May 2023 02:19:58 GMT" ]
      },
      "ContentHeaders": {
        "Content-Length": [ "583" ],
        "Content-Type": [ "application/json; charset=utf-8" ],
        "Expires": [ "-1" ]
      },
      "Content": "{\"id\":\"/subscriptions/27cafca8-b9a4-4264-b399-45d0c9cca1ab/resourcegroups/testps-rg-07us/providers/Microsoft.Cdn/profiles/p-ykwj52/endpoints/e-ndpstest080/origins/origin2\",\"type\":\"Microsoft.Cdn/profiles/endpoints/origins\",\"name\":\"origin2\",\"properties\":{\"hostName\":\"host2.hello.com\",\"httpPort\":null,\"httpsPort\":null,\"resourceState\":\"Creating\",\"originHostHeader\":null,\"priority\":1,\"weight\":1000,\"enabled\":true,\"privateLinkAlias\":null,\"privateLinkResourceId\":null,\"privateLinkLocation\":null,\"privateEndpointStatus\":null,\"privateLinkApprovalMessage\":null,\"provisioningState\":\"Creating\"}}",
      "isContentBase64": false
    }
  },
  "Remove-AzCdnOrigin+[NoContext]+[NoScenario]+$GET+https://management.azure.com/subscriptions/27cafca8-b9a4-4264-b399-45d0c9cca1ab/resourcegroups/testps-rg-07us/providers/Microsoft.Cdn/operationresults/504bc671-935d-4cae-8ad4-7d2646bca450?api-version=2023-05-01+5": {
    "Request": {
      "Method": "GET",
      "RequestUri": "https://management.azure.com/subscriptions/27cafca8-b9a4-4264-b399-45d0c9cca1ab/resourcegroups/testps-rg-07us/providers/Microsoft.Cdn/operationresults/504bc671-935d-4cae-8ad4-7d2646bca450?api-version=2023-05-01",
      "Content": null,
      "isContentBase64": false,
      "Headers": {
        "Authorization": [ "[Filtered]" ],
        "x-ms-unique-id": [ "442" ],
        "x-ms-client-request-id": [ "d23568fb-b40e-46af-9c2b-a0cbe6060af8" ],
        "CommandName": [ "New-AzCdnOrigin" ],
        "FullCommandName": [ "New-AzCdnOrigin_CreateExpanded1" ],
        "ParameterSetName": [ "__AllParameterSets" ],
        "User-Agent": [ "AzurePowershell/v0.0.0", "PSVersion/v7.2.11", "Az.Cdn/0.1.0" ]
      },
      "ContentHeaders": {
      }
    },
    "Response": {
      "StatusCode": 200,
      "Headers": {
        "Cache-Control": [ "no-cache" ],
        "Pragma": [ "no-cache" ],
        "Strict-Transport-Security": [ "max-age=31536000; includeSubDomains" ],
        "x-ms-request-id": [ "ff16ef77-702a-4dff-8fb9-1451c5f4412b" ],
        "x-ms-client-request-id": [ "d23568fb-b40e-46af-9c2b-a0cbe6060af8" ],
        "Server": [ "Kestrel" ],
        "x-ms-ratelimit-remaining-subscription-reads": [ "11781" ],
        "x-ms-correlation-request-id": [ "a0f4dd8c-cee5-4555-aa18-5b6ae92a3397" ],
        "x-ms-routing-request-id": [ "SOUTHEASTASIA:20230530T022009Z:a0f4dd8c-cee5-4555-aa18-5b6ae92a3397" ],
        "X-Content-Type-Options": [ "nosniff" ],
        "Date": [ "Tue, 30 May 2023 02:20:08 GMT" ]
      },
      "ContentHeaders": {
        "Content-Length": [ "61" ],
        "Content-Type": [ "application/json; charset=utf-8" ],
        "Expires": [ "-1" ]
      },
      "Content": "{\"status\":\"Succeeded\",\"error\":{\"code\":\"None\",\"message\":null}}",
      "isContentBase64": false
    }
  },
  "Remove-AzCdnOrigin+[NoContext]+[NoScenario]+$GET+https://management.azure.com/subscriptions/27cafca8-b9a4-4264-b399-45d0c9cca1ab/resourceGroups/testps-rg-07us/providers/Microsoft.Cdn/profiles/p-ykwj52/endpoints/e-ndpstest080/origins/origin2?api-version=2023-05-01+6": {
    "Request": {
      "Method": "GET",
      "RequestUri": "https://management.azure.com/subscriptions/27cafca8-b9a4-4264-b399-45d0c9cca1ab/resourceGroups/testps-rg-07us/providers/Microsoft.Cdn/profiles/p-ykwj52/endpoints/e-ndpstest080/origins/origin2?api-version=2023-05-01",
      "Content": null,
      "isContentBase64": false,
      "Headers": {
        "Authorization": [ "[Filtered]" ],
        "x-ms-unique-id": [ "443" ],
        "x-ms-client-request-id": [ "d23568fb-b40e-46af-9c2b-a0cbe6060af8" ],
        "CommandName": [ "New-AzCdnOrigin" ],
        "FullCommandName": [ "New-AzCdnOrigin_CreateExpanded1" ],
        "ParameterSetName": [ "__AllParameterSets" ],
        "User-Agent": [ "AzurePowershell/v0.0.0", "PSVersion/v7.2.11", "Az.Cdn/0.1.0" ]
      },
      "ContentHeaders": {
      }
    },
    "Response": {
      "StatusCode": 200,
      "Headers": {
        "Cache-Control": [ "no-cache" ],
        "Pragma": [ "no-cache" ],
        "Strict-Transport-Security": [ "max-age=31536000; includeSubDomains" ],
        "x-ms-request-id": [ "0dcbd8b2-ba6d-4cf6-9996-2a8769fea591" ],
        "x-ms-client-request-id": [ "d23568fb-b40e-46af-9c2b-a0cbe6060af8" ],
        "Server": [ "Kestrel" ],
        "x-ms-ratelimit-remaining-subscription-reads": [ "11780" ],
        "x-ms-correlation-request-id": [ "640dec43-fadb-43a8-aa5c-7517b645845e" ],
        "x-ms-routing-request-id": [ "SOUTHEASTASIA:20230530T022009Z:640dec43-fadb-43a8-aa5c-7517b645845e" ],
        "X-Content-Type-Options": [ "nosniff" ],
        "Date": [ "Tue, 30 May 2023 02:20:09 GMT" ]
      },
      "ContentHeaders": {
        "Content-Length": [ "582" ],
        "Content-Type": [ "application/json; charset=utf-8" ],
        "Expires": [ "-1" ]
      },
      "Content": "{\"id\":\"/subscriptions/27cafca8-b9a4-4264-b399-45d0c9cca1ab/resourcegroups/testps-rg-07us/providers/Microsoft.Cdn/profiles/p-ykwj52/endpoints/e-ndpstest080/origins/origin2\",\"type\":\"Microsoft.Cdn/profiles/endpoints/origins\",\"name\":\"origin2\",\"properties\":{\"hostName\":\"host2.hello.com\",\"httpPort\":null,\"httpsPort\":null,\"resourceState\":\"Active\",\"originHostHeader\":null,\"priority\":1,\"weight\":1000,\"enabled\":true,\"privateLinkAlias\":null,\"privateLinkResourceId\":null,\"privateLinkLocation\":null,\"privateEndpointStatus\":null,\"privateLinkApprovalMessage\":null,\"provisioningState\":\"Succeeded\"}}",
      "isContentBase64": false
    }
  },
  "Remove-AzCdnOrigin+[NoContext]+[NoScenario]+$PUT+https://management.azure.com/subscriptions/27cafca8-b9a4-4264-b399-45d0c9cca1ab/resourceGroups/testps-rg-07us/providers/Microsoft.Cdn/profiles/p-ykwj52/endpoints/e-ndpstest081?api-version=2023-05-01+7": {
    "Request": {
      "Method": "PUT",
      "RequestUri": "https://management.azure.com/subscriptions/27cafca8-b9a4-4264-b399-45d0c9cca1ab/resourceGroups/testps-rg-07us/providers/Microsoft.Cdn/profiles/p-ykwj52/endpoints/e-ndpstest081?api-version=2023-05-01",
      "Content": "{\r\n  \"location\": \"westus\",\r\n  \"properties\": {\r\n    \"defaultOriginGroup\": {\r\n      \"id\": \"/subscriptions/27cafca8-b9a4-4264-b399-45d0c9cca1ab/resourcegroups/testps-rg-07us/providers/Microsoft.Cdn/profiles/p-ykwj52/endpoints/e-ndpstest081/origingroups/originGroup1\"\r\n    },\r\n    \"origins\": [\r\n      {\r\n        \"properties\": {\r\n          \"hostName\": \"host1.hello.com\"\r\n        },\r\n        \"name\": \"origin1\"\r\n      }\r\n    ],\r\n    \"originGroups\": [\r\n      {\r\n        \"properties\": {\r\n          \"origins\": [\r\n            {\r\n              \"id\": \"/subscriptions/27cafca8-b9a4-4264-b399-45d0c9cca1ab/resourcegroups/testps-rg-07us/providers/Microsoft.Cdn/profiles/p-ykwj52/endpoints/e-ndpstest081/origins/origin1\"\r\n            }\r\n          ]\r\n        },\r\n        \"name\": \"originGroup1\"\r\n      }\r\n    ]\r\n  }\r\n}",
      "isContentBase64": false,
      "Headers": {
      },
      "ContentHeaders": {
        "Content-Type": [ "application/json" ],
        "Content-Length": [ "799" ]
      }
    },
    "Response": {
      "StatusCode": 201,
      "Headers": {
        "Cache-Control": [ "no-cache" ],
        "Pragma": [ "no-cache" ],
        "Retry-After": [ "10" ],
        "Strict-Transport-Security": [ "max-age=31536000; includeSubDomains" ],
        "x-ms-request-id": [ "8921a029-ac89-450c-a0bf-18736fe1efdd" ],
        "x-ms-client-request-id": [ "ab12354c-f241-40a4-b0cf-11a8551676a8" ],
        "Azure-AsyncOperation": [ "https://management.azure.com/subscriptions/27cafca8-b9a4-4264-b399-45d0c9cca1ab/resourcegroups/testps-rg-07us/providers/Microsoft.Cdn/operationresults/a8b28a00-8e25-4bfa-8048-25e9f5484c7f?api-version=2023-05-01" ],
        "Server": [ "Kestrel" ],
        "x-ms-ratelimit-remaining-subscription-resource-requests": [ "90" ],
        "x-ms-correlation-request-id": [ "ed5806a5-b3a0-4519-accd-ada4eb7b7530" ],
        "x-ms-routing-request-id": [ "SOUTHEASTASIA:20230530T022015Z:ed5806a5-b3a0-4519-accd-ada4eb7b7530" ],
        "X-Content-Type-Options": [ "nosniff" ],
        "Date": [ "Tue, 30 May 2023 02:20:14 GMT" ]
      },
      "ContentHeaders": {
        "Content-Length": [ "1615" ],
        "Content-Type": [ "application/json; charset=utf-8" ],
        "Expires": [ "-1" ]
      },
      "Content": "{\"id\":\"/subscriptions/27cafca8-b9a4-4264-b399-45d0c9cca1ab/resourcegroups/testps-rg-07us/providers/Microsoft.Cdn/profiles/p-ykwj52/endpoints/e-ndpstest081\",\"type\":\"Microsoft.Cdn/profiles/endpoints\",\"name\":\"e-ndpstest081\",\"location\":\"WestUs\",\"tags\":{},\"properties\":{\"hostName\":\"e-ndpstest081.azureedge.net\",\"originHostHeader\":null,\"originPath\":null,\"contentTypesToCompress\":[],\"isCompressionEnabled\":false,\"isHttpAllowed\":true,\"isHttpsAllowed\":true,\"queryStringCachingBehavior\":\"IgnoreQueryString\",\"optimizationType\":null,\"probePath\":null,\"origins\":[{\"name\":\"origin1\",\"properties\":{\"hostName\":\"host1.hello.com\",\"httpPort\":null,\"httpsPort\":null,\"originHostHeader\":null,\"priority\":1,\"weight\":1000,\"enabled\":true,\"privateLinkAlias\":null,\"privateLinkResourceId\":null,\"privateLinkLocation\":null,\"privateEndpointStatus\":null,\"privateLinkApprovalMessage\":null}}],\"originGroups\":[{\"name\":\"originGroup1\",\"properties\":{\"healthProbeSettings\":null,\"responseBasedOriginErrorDetectionSettings\":null,\"trafficRestorationTimeToHealedOrNewEndpointsInMinutes\":null,\"origins\":[{\"id\":\"/subscriptions/27cafca8-b9a4-4264-b399-45d0c9cca1ab/resourcegroups/testps-rg-07us/providers/Microsoft.Cdn/profiles/p-ykwj52/endpoints/e-ndpstest081/origins/origin1\"}]}}],\"defaultOriginGroup\":{\"id\":\"/subscriptions/27cafca8-b9a4-4264-b399-45d0c9cca1ab/resourcegroups/testps-rg-07us/providers/Microsoft.Cdn/profiles/p-ykwj52/endpoints/e-ndpstest081/origingroups/originGroup1\"},\"customDomains\":[],\"geoFilters\":[],\"deliveryPolicy\":null,\"urlSigningKeys\":null,\"webApplicationFirewallPolicyLink\":null,\"resourceState\":\"Creating\",\"provisioningState\":\"Creating\"}}",
      "isContentBase64": false
    }
  },
  "Remove-AzCdnOrigin+[NoContext]+[NoScenario]+$GET+https://management.azure.com/subscriptions/27cafca8-b9a4-4264-b399-45d0c9cca1ab/resourcegroups/testps-rg-07us/providers/Microsoft.Cdn/operationresults/a8b28a00-8e25-4bfa-8048-25e9f5484c7f?api-version=2023-05-01+8": {
    "Request": {
      "Method": "GET",
      "RequestUri": "https://management.azure.com/subscriptions/27cafca8-b9a4-4264-b399-45d0c9cca1ab/resourcegroups/testps-rg-07us/providers/Microsoft.Cdn/operationresults/a8b28a00-8e25-4bfa-8048-25e9f5484c7f?api-version=2023-05-01",
      "Content": null,
      "isContentBase64": false,
      "Headers": {
        "Authorization": [ "[Filtered]" ],
        "x-ms-unique-id": [ "445" ],
        "x-ms-client-request-id": [ "ab12354c-f241-40a4-b0cf-11a8551676a8" ],
        "CommandName": [ "New-AzCdnEndpoint" ],
        "FullCommandName": [ "New-AzCdnEndpoint_CreateExpanded1" ],
        "ParameterSetName": [ "__AllParameterSets" ],
        "User-Agent": [ "AzurePowershell/v0.0.0", "PSVersion/v7.2.11", "Az.Cdn/0.1.0" ]
      },
      "ContentHeaders": {
      }
    },
    "Response": {
      "StatusCode": 200,
      "Headers": {
        "Cache-Control": [ "no-cache" ],
        "Pragma": [ "no-cache" ],
        "Strict-Transport-Security": [ "max-age=31536000; includeSubDomains" ],
        "x-ms-request-id": [ "7f598bb4-5d1a-48c0-8bea-bbb373bc0098" ],
        "x-ms-client-request-id": [ "ab12354c-f241-40a4-b0cf-11a8551676a8" ],
        "Server": [ "Kestrel" ],
        "x-ms-ratelimit-remaining-subscription-reads": [ "11779" ],
        "x-ms-correlation-request-id": [ "8b936fec-8916-4d88-a372-444ed0bf754f" ],
        "x-ms-routing-request-id": [ "SOUTHEASTASIA:20230530T022025Z:8b936fec-8916-4d88-a372-444ed0bf754f" ],
        "X-Content-Type-Options": [ "nosniff" ],
        "Date": [ "Tue, 30 May 2023 02:20:25 GMT" ]
      },
      "ContentHeaders": {
        "Content-Length": [ "61" ],
        "Content-Type": [ "application/json; charset=utf-8" ],
        "Expires": [ "-1" ]
      },
      "Content": "{\"status\":\"Succeeded\",\"error\":{\"code\":\"None\",\"message\":null}}",
      "isContentBase64": false
    }
  },
  "Remove-AzCdnOrigin+[NoContext]+[NoScenario]+$GET+https://management.azure.com/subscriptions/27cafca8-b9a4-4264-b399-45d0c9cca1ab/resourceGroups/testps-rg-07us/providers/Microsoft.Cdn/profiles/p-ykwj52/endpoints/e-ndpstest081?api-version=2023-05-01+9": {
    "Request": {
      "Method": "GET",
      "RequestUri": "https://management.azure.com/subscriptions/27cafca8-b9a4-4264-b399-45d0c9cca1ab/resourceGroups/testps-rg-07us/providers/Microsoft.Cdn/profiles/p-ykwj52/endpoints/e-ndpstest081?api-version=2023-05-01",
      "Content": null,
      "isContentBase64": false,
      "Headers": {
        "Authorization": [ "[Filtered]" ],
        "x-ms-unique-id": [ "446" ],
        "x-ms-client-request-id": [ "ab12354c-f241-40a4-b0cf-11a8551676a8" ],
        "CommandName": [ "New-AzCdnEndpoint" ],
        "FullCommandName": [ "New-AzCdnEndpoint_CreateExpanded1" ],
        "ParameterSetName": [ "__AllParameterSets" ],
        "User-Agent": [ "AzurePowershell/v0.0.0", "PSVersion/v7.2.11", "Az.Cdn/0.1.0" ]
      },
      "ContentHeaders": {
      }
    },
    "Response": {
      "StatusCode": 200,
      "Headers": {
        "Cache-Control": [ "no-cache" ],
        "Pragma": [ "no-cache" ],
        "Strict-Transport-Security": [ "max-age=31536000; includeSubDomains" ],
        "x-ms-request-id": [ "2216d5c2-b3b1-400f-90d5-d99fb35fc16f" ],
        "x-ms-client-request-id": [ "ab12354c-f241-40a4-b0cf-11a8551676a8" ],
        "Server": [ "Kestrel" ],
        "x-ms-ratelimit-remaining-subscription-resource-requests": [ "43" ],
        "x-ms-correlation-request-id": [ "df59802b-a22b-4b56-8a45-522f8d94d99f" ],
        "x-ms-routing-request-id": [ "SOUTHEASTASIA:20230530T022026Z:df59802b-a22b-4b56-8a45-522f8d94d99f" ],
        "X-Content-Type-Options": [ "nosniff" ],
        "Date": [ "Tue, 30 May 2023 02:20:25 GMT" ]
      },
      "ContentHeaders": {
        "Content-Length": [ "1615" ],
        "Content-Type": [ "application/json; charset=utf-8" ],
        "Expires": [ "-1" ]
      },
      "Content": "{\"id\":\"/subscriptions/27cafca8-b9a4-4264-b399-45d0c9cca1ab/resourcegroups/testps-rg-07us/providers/Microsoft.Cdn/profiles/p-ykwj52/endpoints/e-ndpstest081\",\"type\":\"Microsoft.Cdn/profiles/endpoints\",\"name\":\"e-ndpstest081\",\"location\":\"WestUs\",\"tags\":{},\"properties\":{\"hostName\":\"e-ndpstest081.azureedge.net\",\"originHostHeader\":null,\"originPath\":null,\"contentTypesToCompress\":[],\"isCompressionEnabled\":false,\"isHttpAllowed\":true,\"isHttpsAllowed\":true,\"queryStringCachingBehavior\":\"IgnoreQueryString\",\"optimizationType\":null,\"probePath\":null,\"origins\":[{\"name\":\"origin1\",\"properties\":{\"hostName\":\"host1.hello.com\",\"httpPort\":null,\"httpsPort\":null,\"originHostHeader\":null,\"priority\":1,\"weight\":1000,\"enabled\":true,\"privateLinkAlias\":null,\"privateLinkResourceId\":null,\"privateLinkLocation\":null,\"privateEndpointStatus\":null,\"privateLinkApprovalMessage\":null}}],\"originGroups\":[{\"name\":\"originGroup1\",\"properties\":{\"healthProbeSettings\":null,\"responseBasedOriginErrorDetectionSettings\":null,\"trafficRestorationTimeToHealedOrNewEndpointsInMinutes\":null,\"origins\":[{\"id\":\"/subscriptions/27cafca8-b9a4-4264-b399-45d0c9cca1ab/resourcegroups/testps-rg-07us/providers/Microsoft.Cdn/profiles/p-ykwj52/endpoints/e-ndpstest081/origins/origin1\"}]}}],\"defaultOriginGroup\":{\"id\":\"/subscriptions/27cafca8-b9a4-4264-b399-45d0c9cca1ab/resourcegroups/testps-rg-07us/providers/Microsoft.Cdn/profiles/p-ykwj52/endpoints/e-ndpstest081/origingroups/originGroup1\"},\"customDomains\":[],\"geoFilters\":[],\"deliveryPolicy\":null,\"urlSigningKeys\":null,\"webApplicationFirewallPolicyLink\":null,\"resourceState\":\"Running\",\"provisioningState\":\"Succeeded\"}}",
      "isContentBase64": false
    }
  },
  "Remove-AzCdnOrigin+[NoContext]+[NoScenario]+$PUT+https://management.azure.com/subscriptions/27cafca8-b9a4-4264-b399-45d0c9cca1ab/resourceGroups/testps-rg-07us/providers/Microsoft.Cdn/profiles/p-ykwj52/endpoints/e-ndpstest081/origins/origin3?api-version=2023-05-01+10": {
    "Request": {
      "Method": "PUT",
      "RequestUri": "https://management.azure.com/subscriptions/27cafca8-b9a4-4264-b399-45d0c9cca1ab/resourceGroups/testps-rg-07us/providers/Microsoft.Cdn/profiles/p-ykwj52/endpoints/e-ndpstest081/origins/origin3?api-version=2023-05-01",
      "Content": "{\r\n  \"properties\": {\r\n    \"hostName\": \"host2.hello.com\"\r\n  }\r\n}",
      "isContentBase64": false,
      "Headers": {
      },
      "ContentHeaders": {
        "Content-Type": [ "application/json" ],
        "Content-Length": [ "63" ]
      }
    },
    "Response": {
      "StatusCode": 201,
      "Headers": {
        "Cache-Control": [ "no-cache" ],
        "Pragma": [ "no-cache" ],
        "Retry-After": [ "10" ],
        "Strict-Transport-Security": [ "max-age=31536000; includeSubDomains" ],
        "x-ms-request-id": [ "d5b919ed-cd65-4b5a-855b-8e08b831b736" ],
        "x-ms-client-request-id": [ "7dcca301-a5cd-4399-ac25-6ddae00e8519" ],
        "Azure-AsyncOperation": [ "https://management.azure.com/subscriptions/27cafca8-b9a4-4264-b399-45d0c9cca1ab/resourcegroups/testps-rg-07us/providers/Microsoft.Cdn/operationresults/18ef6f5a-2428-4091-9c3b-dba27ec1e2a0?api-version=2023-05-01" ],
        "Server": [ "Kestrel" ],
        "x-ms-ratelimit-remaining-subscription-writes": [ "1193" ],
        "x-ms-correlation-request-id": [ "4be13c5a-219c-425e-b5d3-bd62370d2a66" ],
        "x-ms-routing-request-id": [ "SOUTHEASTASIA:20230530T022027Z:4be13c5a-219c-425e-b5d3-bd62370d2a66" ],
        "X-Content-Type-Options": [ "nosniff" ],
        "Date": [ "Tue, 30 May 2023 02:20:27 GMT" ]
      },
      "ContentHeaders": {
        "Content-Length": [ "583" ],
        "Content-Type": [ "application/json; charset=utf-8" ],
        "Expires": [ "-1" ]
      },
      "Content": "{\"id\":\"/subscriptions/27cafca8-b9a4-4264-b399-45d0c9cca1ab/resourcegroups/testps-rg-07us/providers/Microsoft.Cdn/profiles/p-ykwj52/endpoints/e-ndpstest081/origins/origin3\",\"type\":\"Microsoft.Cdn/profiles/endpoints/origins\",\"name\":\"origin3\",\"properties\":{\"hostName\":\"host2.hello.com\",\"httpPort\":null,\"httpsPort\":null,\"resourceState\":\"Creating\",\"originHostHeader\":null,\"priority\":1,\"weight\":1000,\"enabled\":true,\"privateLinkAlias\":null,\"privateLinkResourceId\":null,\"privateLinkLocation\":null,\"privateEndpointStatus\":null,\"privateLinkApprovalMessage\":null,\"provisioningState\":\"Creating\"}}",
      "isContentBase64": false
    }
  },
  "Remove-AzCdnOrigin+[NoContext]+[NoScenario]+$GET+https://management.azure.com/subscriptions/27cafca8-b9a4-4264-b399-45d0c9cca1ab/resourcegroups/testps-rg-07us/providers/Microsoft.Cdn/operationresults/18ef6f5a-2428-4091-9c3b-dba27ec1e2a0?api-version=2023-05-01+11": {
    "Request": {
      "Method": "GET",
      "RequestUri": "https://management.azure.com/subscriptions/27cafca8-b9a4-4264-b399-45d0c9cca1ab/resourcegroups/testps-rg-07us/providers/Microsoft.Cdn/operationresults/18ef6f5a-2428-4091-9c3b-dba27ec1e2a0?api-version=2023-05-01",
      "Content": null,
      "isContentBase64": false,
      "Headers": {
        "Authorization": [ "[Filtered]" ],
        "x-ms-unique-id": [ "448" ],
        "x-ms-client-request-id": [ "7dcca301-a5cd-4399-ac25-6ddae00e8519" ],
        "CommandName": [ "New-AzCdnOrigin" ],
        "FullCommandName": [ "New-AzCdnOrigin_CreateExpanded1" ],
        "ParameterSetName": [ "__AllParameterSets" ],
        "User-Agent": [ "AzurePowershell/v0.0.0", "PSVersion/v7.2.11", "Az.Cdn/0.1.0" ]
      },
      "ContentHeaders": {
      }
    },
    "Response": {
      "StatusCode": 200,
      "Headers": {
        "Cache-Control": [ "no-cache" ],
        "Pragma": [ "no-cache" ],
        "Strict-Transport-Security": [ "max-age=31536000; includeSubDomains" ],
        "x-ms-request-id": [ "a1250492-013b-4236-b875-b84fb0b85f1c" ],
        "x-ms-client-request-id": [ "7dcca301-a5cd-4399-ac25-6ddae00e8519" ],
        "Server": [ "Kestrel" ],
        "x-ms-ratelimit-remaining-subscription-reads": [ "11778" ],
        "x-ms-correlation-request-id": [ "d51e9807-91a5-44d7-9241-dee6a9cbb10a" ],
        "x-ms-routing-request-id": [ "SOUTHEASTASIA:20230530T022038Z:d51e9807-91a5-44d7-9241-dee6a9cbb10a" ],
        "X-Content-Type-Options": [ "nosniff" ],
        "Date": [ "Tue, 30 May 2023 02:20:37 GMT" ]
      },
      "ContentHeaders": {
        "Content-Length": [ "61" ],
        "Content-Type": [ "application/json; charset=utf-8" ],
        "Expires": [ "-1" ]
      },
      "Content": "{\"status\":\"Succeeded\",\"error\":{\"code\":\"None\",\"message\":null}}",
      "isContentBase64": false
    }
  },
  "Remove-AzCdnOrigin+[NoContext]+[NoScenario]+$GET+https://management.azure.com/subscriptions/27cafca8-b9a4-4264-b399-45d0c9cca1ab/resourceGroups/testps-rg-07us/providers/Microsoft.Cdn/profiles/p-ykwj52/endpoints/e-ndpstest081/origins/origin3?api-version=2023-05-01+12": {
    "Request": {
      "Method": "GET",
      "RequestUri": "https://management.azure.com/subscriptions/27cafca8-b9a4-4264-b399-45d0c9cca1ab/resourceGroups/testps-rg-07us/providers/Microsoft.Cdn/profiles/p-ykwj52/endpoints/e-ndpstest081/origins/origin3?api-version=2023-05-01",
      "Content": null,
      "isContentBase64": false,
      "Headers": {
        "Authorization": [ "[Filtered]" ],
        "x-ms-unique-id": [ "449" ],
        "x-ms-client-request-id": [ "7dcca301-a5cd-4399-ac25-6ddae00e8519" ],
        "CommandName": [ "New-AzCdnOrigin" ],
        "FullCommandName": [ "New-AzCdnOrigin_CreateExpanded1" ],
        "ParameterSetName": [ "__AllParameterSets" ],
        "User-Agent": [ "AzurePowershell/v0.0.0", "PSVersion/v7.2.11", "Az.Cdn/0.1.0" ]
      },
      "ContentHeaders": {
      }
    },
    "Response": {
      "StatusCode": 200,
      "Headers": {
        "Cache-Control": [ "no-cache" ],
        "Pragma": [ "no-cache" ],
        "Strict-Transport-Security": [ "max-age=31536000; includeSubDomains" ],
        "x-ms-request-id": [ "e3893e5c-87af-41be-a55d-12a993e11011" ],
        "x-ms-client-request-id": [ "7dcca301-a5cd-4399-ac25-6ddae00e8519" ],
        "Server": [ "Kestrel" ],
        "x-ms-ratelimit-remaining-subscription-reads": [ "11777" ],
        "x-ms-correlation-request-id": [ "e9218093-68bd-4bc0-ba16-59e1b91c90ac" ],
        "x-ms-routing-request-id": [ "SOUTHEASTASIA:20230530T022039Z:e9218093-68bd-4bc0-ba16-59e1b91c90ac" ],
        "X-Content-Type-Options": [ "nosniff" ],
        "Date": [ "Tue, 30 May 2023 02:20:38 GMT" ]
      },
      "ContentHeaders": {
        "Content-Length": [ "582" ],
        "Content-Type": [ "application/json; charset=utf-8" ],
        "Expires": [ "-1" ]
      },
      "Content": "{\"id\":\"/subscriptions/27cafca8-b9a4-4264-b399-45d0c9cca1ab/resourcegroups/testps-rg-07us/providers/Microsoft.Cdn/profiles/p-ykwj52/endpoints/e-ndpstest081/origins/origin3\",\"type\":\"Microsoft.Cdn/profiles/endpoints/origins\",\"name\":\"origin3\",\"properties\":{\"hostName\":\"host2.hello.com\",\"httpPort\":null,\"httpsPort\":null,\"resourceState\":\"Active\",\"originHostHeader\":null,\"priority\":1,\"weight\":1000,\"enabled\":true,\"privateLinkAlias\":null,\"privateLinkResourceId\":null,\"privateLinkLocation\":null,\"privateEndpointStatus\":null,\"privateLinkApprovalMessage\":null,\"provisioningState\":\"Succeeded\"}}",
      "isContentBase64": false
    }
  },
  "Remove-AzCdnOrigin+[NoContext]+Delete+$DELETE+https://management.azure.com/subscriptions/27cafca8-b9a4-4264-b399-45d0c9cca1ab/resourceGroups/testps-rg-07us/providers/Microsoft.Cdn/profiles/p-ykwj52/endpoints/e-ndpstest080/origins/origin2?api-version=2023-05-01+1": {
    "Request": {
      "Method": "DELETE",
      "RequestUri": "https://management.azure.com/subscriptions/27cafca8-b9a4-4264-b399-45d0c9cca1ab/resourceGroups/testps-rg-07us/providers/Microsoft.Cdn/profiles/p-ykwj52/endpoints/e-ndpstest080/origins/origin2?api-version=2023-05-01",
      "Content": null,
      "isContentBase64": false,
      "Headers": {
        "x-ms-unique-id": [ "450" ],
        "x-ms-client-request-id": [ "4a816615-064f-4738-ae8f-22c30222afed" ],
        "CommandName": [ "Remove-AzCdnOrigin" ],
        "FullCommandName": [ "Remove-AzCdnOrigin_Delete1" ],
        "ParameterSetName": [ "__AllParameterSets" ],
        "User-Agent": [ "AzurePowershell/v0.0.0", "PSVersion/v7.2.11", "Az.Cdn/0.1.0" ],
        "Authorization": [ "[Filtered]" ]
      },
      "ContentHeaders": {
      }
    },
    "Response": {
      "StatusCode": 202,
      "Headers": {
        "Cache-Control": [ "no-cache" ],
        "Pragma": [ "no-cache" ],
        "Location": [ "https://management.azure.com/subscriptions/27cafca8-b9a4-4264-b399-45d0c9cca1ab/resourcegroups/testps-rg-07us/providers/Microsoft.Cdn/operationresults/847959e5-c8a1-490e-873a-945117f4650d/profileresults/p-ykwj52/endpointresults/e-ndpstest080/originresults/origin2?api-version=2023-05-01" ],
        "Retry-After": [ "10" ],
        "Strict-Transport-Security": [ "max-age=31536000; includeSubDomains" ],
        "x-ms-request-id": [ "0e5b3e4b-0a2b-4379-b5e4-c784877db81e" ],
        "x-ms-client-request-id": [ "4a816615-064f-4738-ae8f-22c30222afed" ],
        "Azure-AsyncOperation": [ "https://management.azure.com/subscriptions/27cafca8-b9a4-4264-b399-45d0c9cca1ab/resourcegroups/testps-rg-07us/providers/Microsoft.Cdn/operationresults/847959e5-c8a1-490e-873a-945117f4650d?api-version=2023-05-01" ],
        "Server": [ "Kestrel" ],
        "x-ms-ratelimit-remaining-subscription-deletes": [ "14993" ],
        "x-ms-correlation-request-id": [ "e54b0c08-5ff2-4630-b9bc-75d4124b8c08" ],
        "x-ms-routing-request-id": [ "SOUTHEASTASIA:20230530T022040Z:e54b0c08-5ff2-4630-b9bc-75d4124b8c08" ],
        "X-Content-Type-Options": [ "nosniff" ],
        "Date": [ "Tue, 30 May 2023 02:20:39 GMT" ]
      },
      "ContentHeaders": {
        "Expires": [ "-1" ],
        "Content-Length": [ "0" ]
      },
      "Content": null,
      "isContentBase64": false
    }
  },
  "Remove-AzCdnOrigin+[NoContext]+Delete+$GET+https://management.azure.com/subscriptions/27cafca8-b9a4-4264-b399-45d0c9cca1ab/resourcegroups/testps-rg-07us/providers/Microsoft.Cdn/operationresults/847959e5-c8a1-490e-873a-945117f4650d?api-version=2023-05-01+2": {
    "Request": {
      "Method": "GET",
      "RequestUri": "https://management.azure.com/subscriptions/27cafca8-b9a4-4264-b399-45d0c9cca1ab/resourcegroups/testps-rg-07us/providers/Microsoft.Cdn/operationresults/847959e5-c8a1-490e-873a-945117f4650d?api-version=2023-05-01",
      "Content": null,
      "isContentBase64": false,
      "Headers": {
        "Authorization": [ "[Filtered]" ],
        "x-ms-unique-id": [ "451" ],
        "x-ms-client-request-id": [ "4a816615-064f-4738-ae8f-22c30222afed" ],
        "CommandName": [ "Remove-AzCdnOrigin" ],
        "FullCommandName": [ "Remove-AzCdnOrigin_Delete1" ],
        "ParameterSetName": [ "__AllParameterSets" ],
        "User-Agent": [ "AzurePowershell/v0.0.0", "PSVersion/v7.2.11", "Az.Cdn/0.1.0" ]
      },
      "ContentHeaders": {
      }
    },
    "Response": {
      "StatusCode": 200,
      "Headers": {
        "Cache-Control": [ "no-cache" ],
        "Pragma": [ "no-cache" ],
        "Strict-Transport-Security": [ "max-age=31536000; includeSubDomains" ],
        "x-ms-request-id": [ "61d44968-28e7-4e35-b502-72106147b18d" ],
        "x-ms-client-request-id": [ "4a816615-064f-4738-ae8f-22c30222afed" ],
        "Server": [ "Kestrel" ],
        "x-ms-ratelimit-remaining-subscription-reads": [ "11776" ],
        "x-ms-correlation-request-id": [ "96847697-4bcd-4c2d-87b4-3614108cc150" ],
        "x-ms-routing-request-id": [ "SOUTHEASTASIA:20230530T022050Z:96847697-4bcd-4c2d-87b4-3614108cc150" ],
        "X-Content-Type-Options": [ "nosniff" ],
        "Date": [ "Tue, 30 May 2023 02:20:49 GMT" ]
      },
      "ContentHeaders": {
        "Content-Length": [ "61" ],
        "Content-Type": [ "application/json; charset=utf-8" ],
        "Expires": [ "-1" ]
      },
      "Content": "{\"status\":\"Succeeded\",\"error\":{\"code\":\"None\",\"message\":null}}",
      "isContentBase64": false
    }
  },
  "Remove-AzCdnOrigin+[NoContext]+Delete+$GET+https://management.azure.com/subscriptions/27cafca8-b9a4-4264-b399-45d0c9cca1ab/resourcegroups/testps-rg-07us/providers/Microsoft.Cdn/operationresults/847959e5-c8a1-490e-873a-945117f4650d?api-version=2023-05-01+3": {
    "Request": {
      "Method": "GET",
      "RequestUri": "https://management.azure.com/subscriptions/27cafca8-b9a4-4264-b399-45d0c9cca1ab/resourcegroups/testps-rg-07us/providers/Microsoft.Cdn/operationresults/847959e5-c8a1-490e-873a-945117f4650d?api-version=2023-05-01",
      "Content": null,
      "isContentBase64": false,
      "Headers": {
        "Authorization": [ "[Filtered]" ],
        "x-ms-unique-id": [ "452" ],
        "x-ms-client-request-id": [ "4a816615-064f-4738-ae8f-22c30222afed" ],
        "CommandName": [ "Remove-AzCdnOrigin" ],
        "FullCommandName": [ "Remove-AzCdnOrigin_Delete1" ],
        "ParameterSetName": [ "__AllParameterSets" ],
        "User-Agent": [ "AzurePowershell/v0.0.0", "PSVersion/v7.2.11", "Az.Cdn/0.1.0" ]
      },
      "ContentHeaders": {
      }
    },
    "Response": {
      "StatusCode": 200,
      "Headers": {
        "Cache-Control": [ "no-cache" ],
        "Pragma": [ "no-cache" ],
        "Strict-Transport-Security": [ "max-age=31536000; includeSubDomains" ],
        "x-ms-request-id": [ "c6ed7aff-a5c9-4efc-92b6-33dd4620f4e3" ],
        "x-ms-client-request-id": [ "4a816615-064f-4738-ae8f-22c30222afed" ],
        "Server": [ "Kestrel" ],
        "x-ms-ratelimit-remaining-subscription-reads": [ "11775" ],
        "x-ms-correlation-request-id": [ "f2f30302-607a-4db1-9b4f-6f80d94213ad" ],
        "x-ms-routing-request-id": [ "SOUTHEASTASIA:20230530T022051Z:f2f30302-607a-4db1-9b4f-6f80d94213ad" ],
        "X-Content-Type-Options": [ "nosniff" ],
        "Date": [ "Tue, 30 May 2023 02:20:50 GMT" ]
      },
      "ContentHeaders": {
        "Content-Length": [ "61" ],
        "Content-Type": [ "application/json; charset=utf-8" ],
        "Expires": [ "-1" ]
      },
      "Content": "{\"status\":\"Succeeded\",\"error\":{\"code\":\"None\",\"message\":null}}",
      "isContentBase64": false
    }
  },
  "Remove-AzCdnOrigin+[NoContext]+DeleteViaIdentity+$GET+https://management.azure.com/subscriptions/27cafca8-b9a4-4264-b399-45d0c9cca1ab/resourceGroups/testps-rg-07us/providers/Microsoft.Cdn/profiles/p-ykwj52/endpoints/e-ndpstest081/origins/origin3?api-version=2023-05-01+1": {
    "Request": {
      "Method": "GET",
      "RequestUri": "https://management.azure.com/subscriptions/27cafca8-b9a4-4264-b399-45d0c9cca1ab/resourceGroups/testps-rg-07us/providers/Microsoft.Cdn/profiles/p-ykwj52/endpoints/e-ndpstest081/origins/origin3?api-version=2023-05-01",
      "Content": null,
      "isContentBase64": false,
      "Headers": {
        "x-ms-unique-id": [ "453" ],
        "x-ms-client-request-id": [ "26075dc4-dcd8-41f0-b620-02187478c34e" ],
        "CommandName": [ "Get-AzCdnOrigin" ],
        "FullCommandName": [ "Get-AzCdnOrigin_Get1" ],
        "ParameterSetName": [ "__AllParameterSets" ],
        "User-Agent": [ "AzurePowershell/v0.0.0", "PSVersion/v7.2.11", "Az.Cdn/0.1.0" ],
        "Authorization": [ "[Filtered]" ]
      },
      "ContentHeaders": {
      }
    },
    "Response": {
      "StatusCode": 200,
      "Headers": {
        "Cache-Control": [ "no-cache" ],
        "Pragma": [ "no-cache" ],
        "Strict-Transport-Security": [ "max-age=31536000; includeSubDomains" ],
        "x-ms-request-id": [ "c2280d4c-0252-4085-858c-7c6690b2a7f4" ],
        "x-ms-client-request-id": [ "26075dc4-dcd8-41f0-b620-02187478c34e" ],
        "Server": [ "Kestrel" ],
        "x-ms-ratelimit-remaining-subscription-reads": [ "11774" ],
        "x-ms-correlation-request-id": [ "eaf15338-ac8a-4bf4-a826-871562076b78" ],
        "x-ms-routing-request-id": [ "SOUTHEASTASIA:20230530T022051Z:eaf15338-ac8a-4bf4-a826-871562076b78" ],
        "X-Content-Type-Options": [ "nosniff" ],
        "Date": [ "Tue, 30 May 2023 02:20:50 GMT" ]
      },
      "ContentHeaders": {
        "Content-Length": [ "582" ],
        "Content-Type": [ "application/json; charset=utf-8" ],
        "Expires": [ "-1" ]
      },
      "Content": "{\"id\":\"/subscriptions/27cafca8-b9a4-4264-b399-45d0c9cca1ab/resourcegroups/testps-rg-07us/providers/Microsoft.Cdn/profiles/p-ykwj52/endpoints/e-ndpstest081/origins/origin3\",\"type\":\"Microsoft.Cdn/profiles/endpoints/origins\",\"name\":\"origin3\",\"properties\":{\"hostName\":\"host2.hello.com\",\"httpPort\":null,\"httpsPort\":null,\"resourceState\":\"Active\",\"originHostHeader\":null,\"priority\":1,\"weight\":1000,\"enabled\":true,\"privateLinkAlias\":null,\"privateLinkResourceId\":null,\"privateLinkLocation\":null,\"privateEndpointStatus\":null,\"privateLinkApprovalMessage\":null,\"provisioningState\":\"Succeeded\"}}",
      "isContentBase64": false
    }
  },
  "Remove-AzCdnOrigin+[NoContext]+DeleteViaIdentity+$DELETE+https://management.azure.com/subscriptions/27cafca8-b9a4-4264-b399-45d0c9cca1ab/resourceGroups/testps-rg-07us/providers/Microsoft.Cdn/profiles/p-ykwj52/endpoints/e-ndpstest081/origins/origin3?api-version=2023-05-01+2": {
    "Request": {
      "Method": "DELETE",
      "RequestUri": "https://management.azure.com/subscriptions/27cafca8-b9a4-4264-b399-45d0c9cca1ab/resourceGroups/testps-rg-07us/providers/Microsoft.Cdn/profiles/p-ykwj52/endpoints/e-ndpstest081/origins/origin3?api-version=2023-05-01",
      "Content": null,
      "isContentBase64": false,
      "Headers": {
        "x-ms-unique-id": [ "454" ],
        "x-ms-client-request-id": [ "1746a789-6d9f-4ffe-a621-927cdbc75630" ],
        "CommandName": [ "Remove-AzCdnOrigin" ],
        "FullCommandName": [ "Remove-AzCdnOrigin_DeleteViaIdentity1" ],
        "ParameterSetName": [ "__AllParameterSets" ],
        "User-Agent": [ "AzurePowershell/v0.0.0", "PSVersion/v7.2.11", "Az.Cdn/0.1.0" ],
        "Authorization": [ "[Filtered]" ]
      },
      "ContentHeaders": {
      }
    },
    "Response": {
      "StatusCode": 202,
      "Headers": {
        "Cache-Control": [ "no-cache" ],
        "Pragma": [ "no-cache" ],
        "Location": [ "https://management.azure.com/subscriptions/27cafca8-b9a4-4264-b399-45d0c9cca1ab/resourcegroups/testps-rg-07us/providers/Microsoft.Cdn/operationresults/9d6ac574-0617-420d-a411-b4230497838f/profileresults/p-ykwj52/endpointresults/e-ndpstest081/originresults/origin3?api-version=2023-05-01" ],
        "Retry-After": [ "10" ],
        "Strict-Transport-Security": [ "max-age=31536000; includeSubDomains" ],
        "x-ms-request-id": [ "dfcd8f88-8374-45c8-a38a-17845e1c22e1" ],
        "x-ms-client-request-id": [ "1746a789-6d9f-4ffe-a621-927cdbc75630" ],
        "Azure-AsyncOperation": [ "https://management.azure.com/subscriptions/27cafca8-b9a4-4264-b399-45d0c9cca1ab/resourcegroups/testps-rg-07us/providers/Microsoft.Cdn/operationresults/9d6ac574-0617-420d-a411-b4230497838f?api-version=2023-05-01" ],
        "Server": [ "Kestrel" ],
        "x-ms-ratelimit-remaining-subscription-deletes": [ "14992" ],
        "x-ms-correlation-request-id": [ "9d030bc0-0fd0-4974-8048-8d6ae438f8b3" ],
        "x-ms-routing-request-id": [ "SOUTHEASTASIA:20230530T022052Z:9d030bc0-0fd0-4974-8048-8d6ae438f8b3" ],
        "X-Content-Type-Options": [ "nosniff" ],
        "Date": [ "Tue, 30 May 2023 02:20:51 GMT" ]
      },
      "ContentHeaders": {
        "Expires": [ "-1" ],
        "Content-Length": [ "0" ]
      },
      "Content": null,
      "isContentBase64": false
    }
  },
  "Remove-AzCdnOrigin+[NoContext]+DeleteViaIdentity+$GET+https://management.azure.com/subscriptions/27cafca8-b9a4-4264-b399-45d0c9cca1ab/resourcegroups/testps-rg-07us/providers/Microsoft.Cdn/operationresults/9d6ac574-0617-420d-a411-b4230497838f?api-version=2023-05-01+3": {
    "Request": {
      "Method": "GET",
      "RequestUri": "https://management.azure.com/subscriptions/27cafca8-b9a4-4264-b399-45d0c9cca1ab/resourcegroups/testps-rg-07us/providers/Microsoft.Cdn/operationresults/9d6ac574-0617-420d-a411-b4230497838f?api-version=2023-05-01",
      "Content": null,
      "isContentBase64": false,
      "Headers": {
        "Authorization": [ "[Filtered]" ],
        "x-ms-unique-id": [ "455" ],
        "x-ms-client-request-id": [ "1746a789-6d9f-4ffe-a621-927cdbc75630" ],
        "CommandName": [ "Remove-AzCdnOrigin" ],
        "FullCommandName": [ "Remove-AzCdnOrigin_DeleteViaIdentity1" ],
        "ParameterSetName": [ "__AllParameterSets" ],
        "User-Agent": [ "AzurePowershell/v0.0.0", "PSVersion/v7.2.11", "Az.Cdn/0.1.0" ]
      },
      "ContentHeaders": {
      }
    },
    "Response": {
      "StatusCode": 200,
      "Headers": {
        "Cache-Control": [ "no-cache" ],
        "Pragma": [ "no-cache" ],
        "Strict-Transport-Security": [ "max-age=31536000; includeSubDomains" ],
        "x-ms-request-id": [ "565f9cc1-91a5-4fa2-81ab-7883215ed4b8" ],
        "x-ms-client-request-id": [ "1746a789-6d9f-4ffe-a621-927cdbc75630" ],
        "Server": [ "Kestrel" ],
        "x-ms-ratelimit-remaining-subscription-reads": [ "11773" ],
        "x-ms-correlation-request-id": [ "b8d66c4e-7ec8-4590-97f6-c6723a1d1e74" ],
        "x-ms-routing-request-id": [ "SOUTHEASTASIA:20230530T022103Z:b8d66c4e-7ec8-4590-97f6-c6723a1d1e74" ],
        "X-Content-Type-Options": [ "nosniff" ],
        "Date": [ "Tue, 30 May 2023 02:21:02 GMT" ]
      },
      "ContentHeaders": {
        "Content-Length": [ "62" ],
        "Content-Type": [ "application/json; charset=utf-8" ],
        "Expires": [ "-1" ]
      },
      "Content": "{\"status\":\"InProgress\",\"error\":{\"code\":\"None\",\"message\":null}}",
      "isContentBase64": false
    }
  },
  "Remove-AzCdnOrigin+[NoContext]+DeleteViaIdentity+$GET+https://management.azure.com/subscriptions/27cafca8-b9a4-4264-b399-45d0c9cca1ab/resourcegroups/testps-rg-07us/providers/Microsoft.Cdn/operationresults/9d6ac574-0617-420d-a411-b4230497838f?api-version=2023-05-01+4": {
    "Request": {
      "Method": "GET",
      "RequestUri": "https://management.azure.com/subscriptions/27cafca8-b9a4-4264-b399-45d0c9cca1ab/resourcegroups/testps-rg-07us/providers/Microsoft.Cdn/operationresults/9d6ac574-0617-420d-a411-b4230497838f?api-version=2023-05-01",
      "Content": null,
      "isContentBase64": false,
      "Headers": {
        "Authorization": [ "[Filtered]" ],
        "x-ms-unique-id": [ "456" ],
        "x-ms-client-request-id": [ "1746a789-6d9f-4ffe-a621-927cdbc75630" ],
        "CommandName": [ "Remove-AzCdnOrigin" ],
        "FullCommandName": [ "Remove-AzCdnOrigin_DeleteViaIdentity1" ],
        "ParameterSetName": [ "__AllParameterSets" ],
        "User-Agent": [ "AzurePowershell/v0.0.0", "PSVersion/v7.2.11", "Az.Cdn/0.1.0" ]
      },
      "ContentHeaders": {
      }
    },
    "Response": {
      "StatusCode": 200,
      "Headers": {
        "Cache-Control": [ "no-cache" ],
        "Pragma": [ "no-cache" ],
        "Strict-Transport-Security": [ "max-age=31536000; includeSubDomains" ],
        "x-ms-request-id": [ "14169b57-795f-4add-bc12-6318a0218602" ],
        "x-ms-client-request-id": [ "1746a789-6d9f-4ffe-a621-927cdbc75630" ],
        "Server": [ "Kestrel" ],
        "x-ms-ratelimit-remaining-subscription-reads": [ "11772" ],
        "x-ms-correlation-request-id": [ "cee93e17-280a-47b4-a263-3a890bc97ed5" ],
        "x-ms-routing-request-id": [ "SOUTHEASTASIA:20230530T022133Z:cee93e17-280a-47b4-a263-3a890bc97ed5" ],
        "X-Content-Type-Options": [ "nosniff" ],
        "Date": [ "Tue, 30 May 2023 02:21:33 GMT" ]
      },
      "ContentHeaders": {
        "Content-Length": [ "62" ],
        "Content-Type": [ "application/json; charset=utf-8" ],
        "Expires": [ "-1" ]
      },
      "Content": "{\"status\":\"InProgress\",\"error\":{\"code\":\"None\",\"message\":null}}",
      "isContentBase64": false
    }
  },
  "Remove-AzCdnOrigin+[NoContext]+DeleteViaIdentity+$GET+https://management.azure.com/subscriptions/27cafca8-b9a4-4264-b399-45d0c9cca1ab/resourcegroups/testps-rg-07us/providers/Microsoft.Cdn/operationresults/9d6ac574-0617-420d-a411-b4230497838f?api-version=2023-05-01+5": {
    "Request": {
      "Method": "GET",
      "RequestUri": "https://management.azure.com/subscriptions/27cafca8-b9a4-4264-b399-45d0c9cca1ab/resourcegroups/testps-rg-07us/providers/Microsoft.Cdn/operationresults/9d6ac574-0617-420d-a411-b4230497838f?api-version=2023-05-01",
      "Content": null,
      "isContentBase64": false,
      "Headers": {
        "Authorization": [ "[Filtered]" ],
        "x-ms-unique-id": [ "457" ],
        "x-ms-client-request-id": [ "1746a789-6d9f-4ffe-a621-927cdbc75630" ],
        "CommandName": [ "Remove-AzCdnOrigin" ],
        "FullCommandName": [ "Remove-AzCdnOrigin_DeleteViaIdentity1" ],
        "ParameterSetName": [ "__AllParameterSets" ],
        "User-Agent": [ "AzurePowershell/v0.0.0", "PSVersion/v7.2.11", "Az.Cdn/0.1.0" ]
      },
      "ContentHeaders": {
      }
    },
    "Response": {
      "StatusCode": 200,
      "Headers": {
        "Cache-Control": [ "no-cache" ],
        "Pragma": [ "no-cache" ],
        "Strict-Transport-Security": [ "max-age=31536000; includeSubDomains" ],
        "x-ms-request-id": [ "d3c5dbca-6126-4f35-986b-d4c2ea84ba89" ],
        "x-ms-client-request-id": [ "1746a789-6d9f-4ffe-a621-927cdbc75630" ],
        "Server": [ "Kestrel" ],
        "x-ms-ratelimit-remaining-subscription-reads": [ "11771" ],
        "x-ms-correlation-request-id": [ "93821206-9e1a-4a49-b45d-4a1559520482" ],
        "x-ms-routing-request-id": [ "SOUTHEASTASIA:20230530T022204Z:93821206-9e1a-4a49-b45d-4a1559520482" ],
        "X-Content-Type-Options": [ "nosniff" ],
        "Date": [ "Tue, 30 May 2023 02:22:03 GMT" ]
      },
      "ContentHeaders": {
        "Content-Length": [ "61" ],
        "Content-Type": [ "application/json; charset=utf-8" ],
        "Expires": [ "-1" ]
      },
      "Content": "{\"status\":\"Succeeded\",\"error\":{\"code\":\"None\",\"message\":null}}",
      "isContentBase64": false
    }
  },
  "Remove-AzCdnOrigin+[NoContext]+DeleteViaIdentity+$GET+https://management.azure.com/subscriptions/27cafca8-b9a4-4264-b399-45d0c9cca1ab/resourcegroups/testps-rg-07us/providers/Microsoft.Cdn/operationresults/9d6ac574-0617-420d-a411-b4230497838f?api-version=2023-05-01+6": {
    "Request": {
      "Method": "GET",
      "RequestUri": "https://management.azure.com/subscriptions/27cafca8-b9a4-4264-b399-45d0c9cca1ab/resourcegroups/testps-rg-07us/providers/Microsoft.Cdn/operationresults/9d6ac574-0617-420d-a411-b4230497838f?api-version=2023-05-01",
      "Content": null,
      "isContentBase64": false,
      "Headers": {
        "Authorization": [ "[Filtered]" ],
        "x-ms-unique-id": [ "458" ],
        "x-ms-client-request-id": [ "1746a789-6d9f-4ffe-a621-927cdbc75630" ],
        "CommandName": [ "Remove-AzCdnOrigin" ],
        "FullCommandName": [ "Remove-AzCdnOrigin_DeleteViaIdentity1" ],
        "ParameterSetName": [ "__AllParameterSets" ],
        "User-Agent": [ "AzurePowershell/v0.0.0", "PSVersion/v7.2.11", "Az.Cdn/0.1.0" ]
      },
      "ContentHeaders": {
      }
    },
    "Response": {
      "StatusCode": 200,
      "Headers": {
        "Cache-Control": [ "no-cache" ],
        "Pragma": [ "no-cache" ],
        "Strict-Transport-Security": [ "max-age=31536000; includeSubDomains" ],
        "x-ms-request-id": [ "9da59bff-9cc5-4a43-b3bf-bcc8e1a1b774" ],
        "x-ms-client-request-id": [ "1746a789-6d9f-4ffe-a621-927cdbc75630" ],
        "Server": [ "Kestrel" ],
        "x-ms-ratelimit-remaining-subscription-reads": [ "11770" ],
        "x-ms-correlation-request-id": [ "438bc9ed-c28f-403e-b832-155aa8cf669f" ],
        "x-ms-routing-request-id": [ "SOUTHEASTASIA:20230530T022204Z:438bc9ed-c28f-403e-b832-155aa8cf669f" ],
        "X-Content-Type-Options": [ "nosniff" ],
        "Date": [ "Tue, 30 May 2023 02:22:04 GMT" ]
      },
      "ContentHeaders": {
        "Content-Length": [ "61" ],
        "Content-Type": [ "application/json; charset=utf-8" ],
        "Expires": [ "-1" ]
      },
      "Content": "{\"status\":\"Succeeded\",\"error\":{\"code\":\"None\",\"message\":null}}",
      "isContentBase64": false
    }
  }
}