{
  "Remove-AzCdnCustomDomain+[NoContext]+[NoScenario]+$PUT+https://management.azure.com/subscriptions/27cafca8-b9a4-4264-b399-45d0c9cca1ab/resourceGroups/testps-rg-vn1x/providers/Microsoft.Cdn/profiles/p-ngpb0t/endpoints/aa-powershell-20230423-oigr9w?api-version=2022-11-01-preview+1": {
    "Request": {
      "Method": "PUT",
      "RequestUri": "https://management.azure.com/subscriptions/27cafca8-b9a4-4264-b399-45d0c9cca1ab/resourceGroups/testps-rg-vn1x/providers/Microsoft.Cdn/profiles/p-ngpb0t/endpoints/aa-powershell-20230423-oigr9w?api-version=2022-11-01-preview",
      "Content": "{\r\n  \"location\": \"westus\",\r\n  \"properties\": {\r\n    \"origins\": [\r\n      {\r\n        \"properties\": {\r\n          \"hostName\": \"host2.hello.com\"\r\n        },\r\n        \"name\": \"origin2\"\r\n      }\r\n    ]\r\n  }\r\n}",
      "isContentBase64": false,
      "Headers": {
      },
      "ContentHeaders": {
        "Content-Type": [ "application/json" ],
        "Content-Length": [ "201" ]
      }
    },
    "Response": {
      "StatusCode": 201,
      "Headers": {
        "Cache-Control": [ "no-cache" ],
        "Pragma": [ "no-cache" ],
        "Retry-After": [ "10" ],
        "Strict-Transport-Security": [ "max-age=31536000; includeSubDomains" ],
        "x-ms-request-id": [ "9fdd21ca-228c-43bc-b893-ec72952791b9" ],
        "x-ms-client-request-id": [ "6c02a708-8fc7-41db-a3f0-813ec2e4bb0a" ],
        "Azure-AsyncOperation": [ "https://management.azure.com/subscriptions/27cafca8-b9a4-4264-b399-45d0c9cca1ab/resourcegroups/testps-rg-vn1x/providers/Microsoft.Cdn/operationresults/a275fa76-23bc-49fd-bf33-be72655ec0bf?api-version=2022-11-01-preview" ],
        "Server": [ "Kestrel" ],
        "x-ms-ratelimit-remaining-subscription-resource-requests": [ "95" ],
        "x-ms-correlation-request-id": [ "e8eafde1-f359-4278-bfc9-1f0fa03f5d5c" ],
        "x-ms-routing-request-id": [ "SOUTHEASTASIA:20230517T150255Z:e8eafde1-f359-4278-bfc9-1f0fa03f5d5c" ],
        "X-Content-Type-Options": [ "nosniff" ],
        "Date": [ "Wed, 17 May 2023 15:02:55 GMT" ]
      },
      "ContentHeaders": {
        "Content-Length": [ "1125" ],
        "Content-Type": [ "application/json; charset=utf-8" ],
        "Expires": [ "-1" ]
      },
      "Content": "{\"id\":\"/subscriptions/27cafca8-b9a4-4264-b399-45d0c9cca1ab/resourcegroups/testps-rg-vn1x/providers/Microsoft.Cdn/profiles/p-ngpb0t/endpoints/aa-powershell-20230423-oigr9w\",\"type\":\"Microsoft.Cdn/profiles/endpoints\",\"name\":\"aa-powershell-20230423-oigr9w\",\"location\":\"WestUs\",\"tags\":{},\"properties\":{\"hostName\":\"aa-powershell-20230423-oigr9w.azureedge.net\",\"originHostHeader\":null,\"originPath\":null,\"contentTypesToCompress\":[],\"isCompressionEnabled\":false,\"isHttpAllowed\":true,\"isHttpsAllowed\":true,\"queryStringCachingBehavior\":\"IgnoreQueryString\",\"optimizationType\":null,\"probePath\":null,\"origins\":[{\"name\":\"origin2\",\"properties\":{\"hostName\":\"host2.hello.com\",\"httpPort\":null,\"httpsPort\":null,\"originHostHeader\":null,\"priority\":1,\"weight\":1000,\"enabled\":true,\"privateLinkAlias\":null,\"privateLinkResourceId\":null,\"privateLinkLocation\":null,\"privateEndpointStatus\":null,\"privateLinkApprovalMessage\":null}}],\"originGroups\":[],\"defaultOriginGroup\":null,\"customDomains\":[],\"geoFilters\":[],\"deliveryPolicy\":null,\"urlSigningKeys\":null,\"webApplicationFirewallPolicyLink\":null,\"resourceState\":\"Creating\",\"provisioningState\":\"Creating\"}}",
      "isContentBase64": false
    }
  },
  "Remove-AzCdnCustomDomain+[NoContext]+[NoScenario]+$GET+https://management.azure.com/subscriptions/27cafca8-b9a4-4264-b399-45d0c9cca1ab/resourcegroups/testps-rg-vn1x/providers/Microsoft.Cdn/operationresults/a275fa76-23bc-49fd-bf33-be72655ec0bf?api-version=2022-11-01-preview+2": {
    "Request": {
      "Method": "GET",
      "RequestUri": "https://management.azure.com/subscriptions/27cafca8-b9a4-4264-b399-45d0c9cca1ab/resourcegroups/testps-rg-vn1x/providers/Microsoft.Cdn/operationresults/a275fa76-23bc-49fd-bf33-be72655ec0bf?api-version=2022-11-01-preview",
      "Content": null,
      "isContentBase64": false,
      "Headers": {
        "Authorization": [ "[Filtered]" ],
        "x-ms-unique-id": [ "429" ],
        "x-ms-client-request-id": [ "6c02a708-8fc7-41db-a3f0-813ec2e4bb0a" ],
        "CommandName": [ "New-AzCdnEndpoint" ],
        "FullCommandName": [ "New-AzCdnEndpoint_CreateExpanded1" ],
        "ParameterSetName": [ "__AllParameterSets" ],
        "User-Agent": [ "AzurePowershell/v0.0.0", "PSVersion/v7.2.11", "Az.Cdn/0.1.0" ]
      },
      "ContentHeaders": {
      }
    },
    "Response": {
      "StatusCode": 200,
      "Headers": {
        "Cache-Control": [ "no-cache" ],
        "Pragma": [ "no-cache" ],
        "Strict-Transport-Security": [ "max-age=31536000; includeSubDomains" ],
        "x-ms-request-id": [ "6044595e-678c-407f-ac7c-c155e4b4caf4" ],
        "x-ms-client-request-id": [ "6c02a708-8fc7-41db-a3f0-813ec2e4bb0a" ],
        "Server": [ "Kestrel" ],
        "x-ms-ratelimit-remaining-subscription-reads": [ "11771" ],
        "x-ms-correlation-request-id": [ "bc1c4b40-1529-448e-9745-bff4a2caacef" ],
        "x-ms-routing-request-id": [ "SOUTHEASTASIA:20230517T150306Z:bc1c4b40-1529-448e-9745-bff4a2caacef" ],
        "X-Content-Type-Options": [ "nosniff" ],
        "Date": [ "Wed, 17 May 2023 15:03:05 GMT" ]
      },
      "ContentHeaders": {
        "Content-Length": [ "61" ],
        "Content-Type": [ "application/json; charset=utf-8" ],
        "Expires": [ "-1" ]
      },
      "Content": "{\"status\":\"Succeeded\",\"error\":{\"code\":\"None\",\"message\":null}}",
      "isContentBase64": false
    }
  },
  "Remove-AzCdnCustomDomain+[NoContext]+[NoScenario]+$GET+https://management.azure.com/subscriptions/27cafca8-b9a4-4264-b399-45d0c9cca1ab/resourceGroups/testps-rg-vn1x/providers/Microsoft.Cdn/profiles/p-ngpb0t/endpoints/aa-powershell-20230423-oigr9w?api-version=2022-11-01-preview+3": {
    "Request": {
      "Method": "GET",
      "RequestUri": "https://management.azure.com/subscriptions/27cafca8-b9a4-4264-b399-45d0c9cca1ab/resourceGroups/testps-rg-vn1x/providers/Microsoft.Cdn/profiles/p-ngpb0t/endpoints/aa-powershell-20230423-oigr9w?api-version=2022-11-01-preview",
      "Content": null,
      "isContentBase64": false,
      "Headers": {
        "Authorization": [ "[Filtered]" ],
        "x-ms-unique-id": [ "430" ],
        "x-ms-client-request-id": [ "6c02a708-8fc7-41db-a3f0-813ec2e4bb0a" ],
        "CommandName": [ "New-AzCdnEndpoint" ],
        "FullCommandName": [ "New-AzCdnEndpoint_CreateExpanded1" ],
        "ParameterSetName": [ "__AllParameterSets" ],
        "User-Agent": [ "AzurePowershell/v0.0.0", "PSVersion/v7.2.11", "Az.Cdn/0.1.0" ]
      },
      "ContentHeaders": {
      }
    },
    "Response": {
      "StatusCode": 200,
      "Headers": {
        "Cache-Control": [ "no-cache" ],
        "Pragma": [ "no-cache" ],
        "Strict-Transport-Security": [ "max-age=31536000; includeSubDomains" ],
        "x-ms-request-id": [ "247b8f5a-7714-443a-8ee3-a933f3ce30dd" ],
        "x-ms-client-request-id": [ "6c02a708-8fc7-41db-a3f0-813ec2e4bb0a" ],
        "Server": [ "Kestrel" ],
        "x-ms-ratelimit-remaining-subscription-resource-requests": [ "47" ],
        "x-ms-correlation-request-id": [ "0f1e1a01-251b-4aaf-8990-8963326d99f3" ],
        "x-ms-routing-request-id": [ "SOUTHEASTASIA:20230517T150306Z:0f1e1a01-251b-4aaf-8990-8963326d99f3" ],
        "X-Content-Type-Options": [ "nosniff" ],
        "Date": [ "Wed, 17 May 2023 15:03:06 GMT" ]
      },
      "ContentHeaders": {
        "Content-Length": [ "1125" ],
        "Content-Type": [ "application/json; charset=utf-8" ],
        "Expires": [ "-1" ]
      },
      "Content": "{\"id\":\"/subscriptions/27cafca8-b9a4-4264-b399-45d0c9cca1ab/resourcegroups/testps-rg-vn1x/providers/Microsoft.Cdn/profiles/p-ngpb0t/endpoints/aa-powershell-20230423-oigr9w\",\"type\":\"Microsoft.Cdn/profiles/endpoints\",\"name\":\"aa-powershell-20230423-oigr9w\",\"location\":\"WestUs\",\"tags\":{},\"properties\":{\"hostName\":\"aa-powershell-20230423-oigr9w.azureedge.net\",\"originHostHeader\":null,\"originPath\":null,\"contentTypesToCompress\":[],\"isCompressionEnabled\":false,\"isHttpAllowed\":true,\"isHttpsAllowed\":true,\"queryStringCachingBehavior\":\"IgnoreQueryString\",\"optimizationType\":null,\"probePath\":null,\"origins\":[{\"name\":\"origin2\",\"properties\":{\"hostName\":\"host2.hello.com\",\"httpPort\":null,\"httpsPort\":null,\"originHostHeader\":null,\"priority\":1,\"weight\":1000,\"enabled\":true,\"privateLinkAlias\":null,\"privateLinkResourceId\":null,\"privateLinkLocation\":null,\"privateEndpointStatus\":null,\"privateLinkApprovalMessage\":null}}],\"originGroups\":[],\"defaultOriginGroup\":null,\"customDomains\":[],\"geoFilters\":[],\"deliveryPolicy\":null,\"urlSigningKeys\":null,\"webApplicationFirewallPolicyLink\":null,\"resourceState\":\"Running\",\"provisioningState\":\"Succeeded\"}}",
      "isContentBase64": false
    }
  },
  "Remove-AzCdnCustomDomain+[NoContext]+[NoScenario]+$PUT+https://management.azure.com/subscriptions/27cafca8-b9a4-4264-b399-45d0c9cca1ab/resourceGroups/testps-rg-vn1x/providers/Microsoft.Cdn/profiles/p-ngpb0t/endpoints/aa-powershell-20230423-oigr9w/customDomains/cd-pstest020?api-version=2022-11-01-preview+4": {
    "Request": {
      "Method": "PUT",
      "RequestUri": "https://management.azure.com/subscriptions/27cafca8-b9a4-4264-b399-45d0c9cca1ab/resourceGroups/testps-rg-vn1x/providers/Microsoft.Cdn/profiles/p-ngpb0t/endpoints/aa-powershell-20230423-oigr9w/customDomains/cd-pstest020?api-version=2022-11-01-preview",
      "Content": "{\r\n  \"properties\": {\r\n    \"hostName\": \"aa-powershell-20230423-oigr9w.cdne2e.azfdtest.xyz\"\r\n  }\r\n}",
      "isContentBase64": false,
      "Headers": {
      },
      "ContentHeaders": {
        "Content-Type": [ "application/json" ],
        "Content-Length": [ "97" ]
      }
    },
    "Response": {
      "StatusCode": 201,
      "Headers": {
        "Cache-Control": [ "no-cache" ],
        "Pragma": [ "no-cache" ],
        "Retry-After": [ "10" ],
        "x-ms-ratelimit-remaining-subscription-writes": [ "1196" ],
        "Strict-Transport-Security": [ "max-age=31536000; includeSubDomains" ],
        "x-ms-request-id": [ "08ea7235-ff46-4286-bde5-f7d3609daa66" ],
        "x-ms-client-request-id": [ "ff3c5857-dbdd-4461-abe9-8471e9cc8734" ],
        "Azure-AsyncOperation": [ "https://management.azure.com/subscriptions/27cafca8-b9a4-4264-b399-45d0c9cca1ab/resourcegroups/testps-rg-vn1x/providers/Microsoft.Cdn/operationresults/0fbe2768-331b-4863-945f-91e4fe1f72d3?api-version=2022-11-01-preview" ],
        "Server": [ "Kestrel" ],
        "x-ms-correlation-request-id": [ "979a8c9a-7a6a-4cf9-bb4b-64a386769d95" ],
        "x-ms-routing-request-id": [ "SOUTHEASTASIA:20230517T150309Z:979a8c9a-7a6a-4cf9-bb4b-64a386769d95" ],
        "X-Content-Type-Options": [ "nosniff" ],
        "Date": [ "Wed, 17 May 2023 15:03:08 GMT" ]
      },
      "ContentHeaders": {
        "Content-Length": [ "547" ],
        "Content-Type": [ "application/json; charset=utf-8" ],
        "Expires": [ "-1" ]
      },
      "Content": "{\"id\":\"/subscriptions/27cafca8-b9a4-4264-b399-45d0c9cca1ab/resourcegroups/testps-rg-vn1x/providers/Microsoft.Cdn/profiles/p-ngpb0t/endpoints/aa-powershell-20230423-oigr9w/customdomains/cd-pstest020\",\"type\":\"Microsoft.Cdn/profiles/endpoints/customdomains\",\"name\":\"cd-pstest020\",\"properties\":{\"hostName\":\"aa-powershell-20230423-oigr9w.cdne2e.azfdtest.xyz\",\"validationData\":null,\"resourceState\":\"Creating\",\"customHttpsProvisioningState\":\"Disabled\",\"customHttpsProvisioningSubstate\":\"None\",\"customHttpsParameters\":null,\"provisioningState\":\"Creating\"}}",
      "isContentBase64": false
    }
  },
  "Remove-AzCdnCustomDomain+[NoContext]+[NoScenario]+$GET+https://management.azure.com/subscriptions/27cafca8-b9a4-4264-b399-45d0c9cca1ab/resourcegroups/testps-rg-vn1x/providers/Microsoft.Cdn/operationresults/0fbe2768-331b-4863-945f-91e4fe1f72d3?api-version=2022-11-01-preview+5": {
    "Request": {
      "Method": "GET",
      "RequestUri": "https://management.azure.com/subscriptions/27cafca8-b9a4-4264-b399-45d0c9cca1ab/resourcegroups/testps-rg-vn1x/providers/Microsoft.Cdn/operationresults/0fbe2768-331b-4863-945f-91e4fe1f72d3?api-version=2022-11-01-preview",
      "Content": null,
      "isContentBase64": false,
      "Headers": {
        "Authorization": [ "[Filtered]" ],
        "x-ms-unique-id": [ "432" ],
        "x-ms-client-request-id": [ "ff3c5857-dbdd-4461-abe9-8471e9cc8734" ],
        "CommandName": [ "New-AzCdnCustomDomain" ],
        "FullCommandName": [ "New-AzCdnCustomDomain_CreateExpanded1" ],
        "ParameterSetName": [ "__AllParameterSets" ],
        "User-Agent": [ "AzurePowershell/v0.0.0", "PSVersion/v7.2.11", "Az.Cdn/0.1.0" ]
      },
      "ContentHeaders": {
      }
    },
    "Response": {
      "StatusCode": 200,
      "Headers": {
        "Cache-Control": [ "no-cache" ],
        "Pragma": [ "no-cache" ],
        "Strict-Transport-Security": [ "max-age=31536000; includeSubDomains" ],
        "x-ms-request-id": [ "243d3a91-58b6-4acb-956b-2429e9aae147" ],
        "x-ms-client-request-id": [ "ff3c5857-dbdd-4461-abe9-8471e9cc8734" ],
        "Server": [ "Kestrel" ],
        "x-ms-ratelimit-remaining-subscription-reads": [ "11770" ],
        "x-ms-correlation-request-id": [ "b5fdf0c3-968e-4199-94ed-daf5bfcc10f9" ],
        "x-ms-routing-request-id": [ "SOUTHEASTASIA:20230517T150320Z:b5fdf0c3-968e-4199-94ed-daf5bfcc10f9" ],
        "X-Content-Type-Options": [ "nosniff" ],
        "Date": [ "Wed, 17 May 2023 15:03:20 GMT" ]
      },
      "ContentHeaders": {
        "Content-Length": [ "61" ],
        "Content-Type": [ "application/json; charset=utf-8" ],
        "Expires": [ "-1" ]
      },
      "Content": "{\"status\":\"Succeeded\",\"error\":{\"code\":\"None\",\"message\":null}}",
      "isContentBase64": false
    }
  },
  "Remove-AzCdnCustomDomain+[NoContext]+[NoScenario]+$GET+https://management.azure.com/subscriptions/27cafca8-b9a4-4264-b399-45d0c9cca1ab/resourceGroups/testps-rg-vn1x/providers/Microsoft.Cdn/profiles/p-ngpb0t/endpoints/aa-powershell-20230423-oigr9w/customDomains/cd-pstest020?api-version=2022-11-01-preview+6": {
    "Request": {
      "Method": "GET",
      "RequestUri": "https://management.azure.com/subscriptions/27cafca8-b9a4-4264-b399-45d0c9cca1ab/resourceGroups/testps-rg-vn1x/providers/Microsoft.Cdn/profiles/p-ngpb0t/endpoints/aa-powershell-20230423-oigr9w/customDomains/cd-pstest020?api-version=2022-11-01-preview",
      "Content": null,
      "isContentBase64": false,
      "Headers": {
        "Authorization": [ "[Filtered]" ],
        "x-ms-unique-id": [ "433" ],
        "x-ms-client-request-id": [ "ff3c5857-dbdd-4461-abe9-8471e9cc8734" ],
        "CommandName": [ "New-AzCdnCustomDomain" ],
        "FullCommandName": [ "New-AzCdnCustomDomain_CreateExpanded1" ],
        "ParameterSetName": [ "__AllParameterSets" ],
        "User-Agent": [ "AzurePowershell/v0.0.0", "PSVersion/v7.2.11", "Az.Cdn/0.1.0" ]
      },
      "ContentHeaders": {
      }
    },
    "Response": {
      "StatusCode": 200,
      "Headers": {
        "Cache-Control": [ "no-cache" ],
        "Pragma": [ "no-cache" ],
        "Strict-Transport-Security": [ "max-age=31536000; includeSubDomains" ],
        "x-ms-request-id": [ "1d8a0cd7-a688-4a60-84cc-c8cbbcaaba1a" ],
        "x-ms-client-request-id": [ "ff3c5857-dbdd-4461-abe9-8471e9cc8734" ],
        "Server": [ "Kestrel" ],
        "x-ms-ratelimit-remaining-subscription-reads": [ "11769" ],
        "x-ms-correlation-request-id": [ "aa9be6fd-ef3a-4a15-bb4f-b0e134a0c79a" ],
        "x-ms-routing-request-id": [ "SOUTHEASTASIA:20230517T150322Z:aa9be6fd-ef3a-4a15-bb4f-b0e134a0c79a" ],
        "X-Content-Type-Options": [ "nosniff" ],
        "Date": [ "Wed, 17 May 2023 15:03:21 GMT" ]
      },
      "ContentHeaders": {
        "Content-Length": [ "546" ],
        "Content-Type": [ "application/json; charset=utf-8" ],
        "Expires": [ "-1" ]
      },
      "Content": "{\"id\":\"/subscriptions/27cafca8-b9a4-4264-b399-45d0c9cca1ab/resourcegroups/testps-rg-vn1x/providers/Microsoft.Cdn/profiles/p-ngpb0t/endpoints/aa-powershell-20230423-oigr9w/customdomains/cd-pstest020\",\"type\":\"Microsoft.Cdn/profiles/endpoints/customdomains\",\"name\":\"cd-pstest020\",\"properties\":{\"hostName\":\"aa-powershell-20230423-oigr9w.cdne2e.azfdtest.xyz\",\"validationData\":null,\"resourceState\":\"Active\",\"customHttpsProvisioningState\":\"Disabled\",\"customHttpsProvisioningSubstate\":\"None\",\"customHttpsParameters\":null,\"provisioningState\":\"Succeeded\"}}",
      "isContentBase64": false
    }
  },
  "Remove-AzCdnCustomDomain+[NoContext]+[NoScenario]+$PUT+https://management.azure.com/subscriptions/27cafca8-b9a4-4264-b399-45d0c9cca1ab/resourceGroups/testps-rg-vn1x/providers/Microsoft.Cdn/profiles/p-ngpb0t/endpoints/aa-powershell-20230424-oigr9w?api-version=2022-11-01-preview+7": {
    "Request": {
      "Method": "PUT",
      "RequestUri": "https://management.azure.com/subscriptions/27cafca8-b9a4-4264-b399-45d0c9cca1ab/resourceGroups/testps-rg-vn1x/providers/Microsoft.Cdn/profiles/p-ngpb0t/endpoints/aa-powershell-20230424-oigr9w?api-version=2022-11-01-preview",
      "Content": "{\r\n  \"location\": \"westus\",\r\n  \"properties\": {\r\n    \"origins\": [\r\n      {\r\n        \"properties\": {\r\n          \"hostName\": \"host2.hello.com\"\r\n        },\r\n        \"name\": \"origin2\"\r\n      }\r\n    ]\r\n  }\r\n}",
      "isContentBase64": false,
      "Headers": {
      },
      "ContentHeaders": {
        "Content-Type": [ "application/json" ],
        "Content-Length": [ "201" ]
      }
    },
    "Response": {
      "StatusCode": 201,
      "Headers": {
        "Cache-Control": [ "no-cache" ],
        "Pragma": [ "no-cache" ],
        "Retry-After": [ "10" ],
        "Strict-Transport-Security": [ "max-age=31536000; includeSubDomains" ],
        "x-ms-request-id": [ "547fdcaf-5938-45c8-a406-b94c2dd7bd91" ],
        "x-ms-client-request-id": [ "17ae6b1e-0ffd-4a37-bf03-3a6225eec237" ],
        "Azure-AsyncOperation": [ "https://management.azure.com/subscriptions/27cafca8-b9a4-4264-b399-45d0c9cca1ab/resourcegroups/testps-rg-vn1x/providers/Microsoft.Cdn/operationresults/dceb8fc8-08e6-4bf4-884c-9b716ad52ea3?api-version=2022-11-01-preview" ],
        "Server": [ "Kestrel" ],
        "x-ms-ratelimit-remaining-subscription-resource-requests": [ "94" ],
        "x-ms-correlation-request-id": [ "df56d60c-143c-48df-b67f-ff5ed4b8bbbb" ],
        "x-ms-routing-request-id": [ "SOUTHEASTASIA:20230517T150328Z:df56d60c-143c-48df-b67f-ff5ed4b8bbbb" ],
        "X-Content-Type-Options": [ "nosniff" ],
        "Date": [ "Wed, 17 May 2023 15:03:27 GMT" ]
      },
      "ContentHeaders": {
        "Content-Length": [ "1125" ],
        "Content-Type": [ "application/json; charset=utf-8" ],
        "Expires": [ "-1" ]
      },
      "Content": "{\"id\":\"/subscriptions/27cafca8-b9a4-4264-b399-45d0c9cca1ab/resourcegroups/testps-rg-vn1x/providers/Microsoft.Cdn/profiles/p-ngpb0t/endpoints/aa-powershell-20230424-oigr9w\",\"type\":\"Microsoft.Cdn/profiles/endpoints\",\"name\":\"aa-powershell-20230424-oigr9w\",\"location\":\"WestUs\",\"tags\":{},\"properties\":{\"hostName\":\"aa-powershell-20230424-oigr9w.azureedge.net\",\"originHostHeader\":null,\"originPath\":null,\"contentTypesToCompress\":[],\"isCompressionEnabled\":false,\"isHttpAllowed\":true,\"isHttpsAllowed\":true,\"queryStringCachingBehavior\":\"IgnoreQueryString\",\"optimizationType\":null,\"probePath\":null,\"origins\":[{\"name\":\"origin2\",\"properties\":{\"hostName\":\"host2.hello.com\",\"httpPort\":null,\"httpsPort\":null,\"originHostHeader\":null,\"priority\":1,\"weight\":1000,\"enabled\":true,\"privateLinkAlias\":null,\"privateLinkResourceId\":null,\"privateLinkLocation\":null,\"privateEndpointStatus\":null,\"privateLinkApprovalMessage\":null}}],\"originGroups\":[],\"defaultOriginGroup\":null,\"customDomains\":[],\"geoFilters\":[],\"deliveryPolicy\":null,\"urlSigningKeys\":null,\"webApplicationFirewallPolicyLink\":null,\"resourceState\":\"Creating\",\"provisioningState\":\"Creating\"}}",
      "isContentBase64": false
    }
  },
  "Remove-AzCdnCustomDomain+[NoContext]+[NoScenario]+$GET+https://management.azure.com/subscriptions/27cafca8-b9a4-4264-b399-45d0c9cca1ab/resourcegroups/testps-rg-vn1x/providers/Microsoft.Cdn/operationresults/dceb8fc8-08e6-4bf4-884c-9b716ad52ea3?api-version=2022-11-01-preview+8": {
    "Request": {
      "Method": "GET",
      "RequestUri": "https://management.azure.com/subscriptions/27cafca8-b9a4-4264-b399-45d0c9cca1ab/resourcegroups/testps-rg-vn1x/providers/Microsoft.Cdn/operationresults/dceb8fc8-08e6-4bf4-884c-9b716ad52ea3?api-version=2022-11-01-preview",
      "Content": null,
      "isContentBase64": false,
      "Headers": {
        "Authorization": [ "[Filtered]" ],
        "x-ms-unique-id": [ "435" ],
        "x-ms-client-request-id": [ "17ae6b1e-0ffd-4a37-bf03-3a6225eec237" ],
        "CommandName": [ "New-AzCdnEndpoint" ],
        "FullCommandName": [ "New-AzCdnEndpoint_CreateExpanded1" ],
        "ParameterSetName": [ "__AllParameterSets" ],
        "User-Agent": [ "AzurePowershell/v0.0.0", "PSVersion/v7.2.11", "Az.Cdn/0.1.0" ]
      },
      "ContentHeaders": {
      }
    },
    "Response": {
      "StatusCode": 200,
      "Headers": {
        "Cache-Control": [ "no-cache" ],
        "Pragma": [ "no-cache" ],
        "Strict-Transport-Security": [ "max-age=31536000; includeSubDomains" ],
        "x-ms-request-id": [ "09e8904e-fd4f-4d38-9eea-7ac6f6ee95bb" ],
        "x-ms-client-request-id": [ "17ae6b1e-0ffd-4a37-bf03-3a6225eec237" ],
        "Server": [ "Kestrel" ],
        "x-ms-ratelimit-remaining-subscription-reads": [ "11768" ],
        "x-ms-correlation-request-id": [ "b4b4fdd5-7734-4ff6-a8aa-441cf60970a9" ],
        "x-ms-routing-request-id": [ "SOUTHEASTASIA:20230517T150338Z:b4b4fdd5-7734-4ff6-a8aa-441cf60970a9" ],
        "X-Content-Type-Options": [ "nosniff" ],
        "Date": [ "Wed, 17 May 2023 15:03:38 GMT" ]
      },
      "ContentHeaders": {
        "Content-Length": [ "61" ],
        "Content-Type": [ "application/json; charset=utf-8" ],
        "Expires": [ "-1" ]
      },
      "Content": "{\"status\":\"Succeeded\",\"error\":{\"code\":\"None\",\"message\":null}}",
      "isContentBase64": false
    }
  },
  "Remove-AzCdnCustomDomain+[NoContext]+[NoScenario]+$GET+https://management.azure.com/subscriptions/27cafca8-b9a4-4264-b399-45d0c9cca1ab/resourceGroups/testps-rg-vn1x/providers/Microsoft.Cdn/profiles/p-ngpb0t/endpoints/aa-powershell-20230424-oigr9w?api-version=2022-11-01-preview+9": {
    "Request": {
      "Method": "GET",
      "RequestUri": "https://management.azure.com/subscriptions/27cafca8-b9a4-4264-b399-45d0c9cca1ab/resourceGroups/testps-rg-vn1x/providers/Microsoft.Cdn/profiles/p-ngpb0t/endpoints/aa-powershell-20230424-oigr9w?api-version=2022-11-01-preview",
      "Content": null,
      "isContentBase64": false,
      "Headers": {
        "Authorization": [ "[Filtered]" ],
        "x-ms-unique-id": [ "436" ],
        "x-ms-client-request-id": [ "17ae6b1e-0ffd-4a37-bf03-3a6225eec237" ],
        "CommandName": [ "New-AzCdnEndpoint" ],
        "FullCommandName": [ "New-AzCdnEndpoint_CreateExpanded1" ],
        "ParameterSetName": [ "__AllParameterSets" ],
        "User-Agent": [ "AzurePowershell/v0.0.0", "PSVersion/v7.2.11", "Az.Cdn/0.1.0" ]
      },
      "ContentHeaders": {
      }
    },
    "Response": {
      "StatusCode": 200,
      "Headers": {
        "Cache-Control": [ "no-cache" ],
        "Pragma": [ "no-cache" ],
        "Strict-Transport-Security": [ "max-age=31536000; includeSubDomains" ],
        "x-ms-request-id": [ "ae9eab85-d923-4d7e-96f8-9e4adb525eac" ],
        "x-ms-client-request-id": [ "17ae6b1e-0ffd-4a37-bf03-3a6225eec237" ],
        "Server": [ "Kestrel" ],
        "x-ms-ratelimit-remaining-subscription-resource-requests": [ "46" ],
        "x-ms-correlation-request-id": [ "784377b3-1206-44f0-a90b-3b4d9687bfa3" ],
        "x-ms-routing-request-id": [ "SOUTHEASTASIA:20230517T150339Z:784377b3-1206-44f0-a90b-3b4d9687bfa3" ],
        "X-Content-Type-Options": [ "nosniff" ],
        "Date": [ "Wed, 17 May 2023 15:03:39 GMT" ]
      },
      "ContentHeaders": {
        "Content-Length": [ "1125" ],
        "Content-Type": [ "application/json; charset=utf-8" ],
        "Expires": [ "-1" ]
      },
      "Content": "{\"id\":\"/subscriptions/27cafca8-b9a4-4264-b399-45d0c9cca1ab/resourcegroups/testps-rg-vn1x/providers/Microsoft.Cdn/profiles/p-ngpb0t/endpoints/aa-powershell-20230424-oigr9w\",\"type\":\"Microsoft.Cdn/profiles/endpoints\",\"name\":\"aa-powershell-20230424-oigr9w\",\"location\":\"WestUs\",\"tags\":{},\"properties\":{\"hostName\":\"aa-powershell-20230424-oigr9w.azureedge.net\",\"originHostHeader\":null,\"originPath\":null,\"contentTypesToCompress\":[],\"isCompressionEnabled\":false,\"isHttpAllowed\":true,\"isHttpsAllowed\":true,\"queryStringCachingBehavior\":\"IgnoreQueryString\",\"optimizationType\":null,\"probePath\":null,\"origins\":[{\"name\":\"origin2\",\"properties\":{\"hostName\":\"host2.hello.com\",\"httpPort\":null,\"httpsPort\":null,\"originHostHeader\":null,\"priority\":1,\"weight\":1000,\"enabled\":true,\"privateLinkAlias\":null,\"privateLinkResourceId\":null,\"privateLinkLocation\":null,\"privateEndpointStatus\":null,\"privateLinkApprovalMessage\":null}}],\"originGroups\":[],\"defaultOriginGroup\":null,\"customDomains\":[],\"geoFilters\":[],\"deliveryPolicy\":null,\"urlSigningKeys\":null,\"webApplicationFirewallPolicyLink\":null,\"resourceState\":\"Running\",\"provisioningState\":\"Succeeded\"}}",
      "isContentBase64": false
    }
  },
  "Remove-AzCdnCustomDomain+[NoContext]+[NoScenario]+$PUT+https://management.azure.com/subscriptions/27cafca8-b9a4-4264-b399-45d0c9cca1ab/resourceGroups/testps-rg-vn1x/providers/Microsoft.Cdn/profiles/p-ngpb0t/endpoints/aa-powershell-20230424-oigr9w/customDomains/cd-pstest021?api-version=2022-11-01-preview+10": {
    "Request": {
      "Method": "PUT",
      "RequestUri": "https://management.azure.com/subscriptions/27cafca8-b9a4-4264-b399-45d0c9cca1ab/resourceGroups/testps-rg-vn1x/providers/Microsoft.Cdn/profiles/p-ngpb0t/endpoints/aa-powershell-20230424-oigr9w/customDomains/cd-pstest021?api-version=2022-11-01-preview",
      "Content": "{\r\n  \"properties\": {\r\n    \"hostName\": \"aa-powershell-20230424-oigr9w.cdne2e.azfdtest.xyz\"\r\n  }\r\n}",
      "isContentBase64": false,
      "Headers": {
      },
      "ContentHeaders": {
        "Content-Type": [ "application/json" ],
        "Content-Length": [ "97" ]
      }
    },
    "Response": {
      "StatusCode": 201,
      "Headers": {
        "Cache-Control": [ "no-cache" ],
        "Pragma": [ "no-cache" ],
        "Retry-After": [ "10" ],
        "Strict-Transport-Security": [ "max-age=31536000; includeSubDomains" ],
        "x-ms-request-id": [ "821435ec-1c3c-404c-acc3-c278a001c904" ],
        "x-ms-client-request-id": [ "fd8568ea-3191-469f-b9ab-e6b12b41fcf8" ],
        "Azure-AsyncOperation": [ "https://management.azure.com/subscriptions/27cafca8-b9a4-4264-b399-45d0c9cca1ab/resourcegroups/testps-rg-vn1x/providers/Microsoft.Cdn/operationresults/7c90ca95-6836-4731-98bc-60c323a10382?api-version=2022-11-01-preview" ],
        "Server": [ "Kestrel" ],
        "x-ms-ratelimit-remaining-subscription-writes": [ "1195" ],
        "x-ms-correlation-request-id": [ "955345d1-5ebb-4972-aef3-c7c69d41a7b3" ],
        "x-ms-routing-request-id": [ "SOUTHEASTASIA:20230517T150341Z:955345d1-5ebb-4972-aef3-c7c69d41a7b3" ],
        "X-Content-Type-Options": [ "nosniff" ],
        "Date": [ "Wed, 17 May 2023 15:03:41 GMT" ]
      },
      "ContentHeaders": {
        "Content-Length": [ "547" ],
        "Content-Type": [ "application/json; charset=utf-8" ],
        "Expires": [ "-1" ]
      },
      "Content": "{\"id\":\"/subscriptions/27cafca8-b9a4-4264-b399-45d0c9cca1ab/resourcegroups/testps-rg-vn1x/providers/Microsoft.Cdn/profiles/p-ngpb0t/endpoints/aa-powershell-20230424-oigr9w/customdomains/cd-pstest021\",\"type\":\"Microsoft.Cdn/profiles/endpoints/customdomains\",\"name\":\"cd-pstest021\",\"properties\":{\"hostName\":\"aa-powershell-20230424-oigr9w.cdne2e.azfdtest.xyz\",\"validationData\":null,\"resourceState\":\"Creating\",\"customHttpsProvisioningState\":\"Disabled\",\"customHttpsProvisioningSubstate\":\"None\",\"customHttpsParameters\":null,\"provisioningState\":\"Creating\"}}",
      "isContentBase64": false
    }
  },
  "Remove-AzCdnCustomDomain+[NoContext]+[NoScenario]+$GET+https://management.azure.com/subscriptions/27cafca8-b9a4-4264-b399-45d0c9cca1ab/resourcegroups/testps-rg-vn1x/providers/Microsoft.Cdn/operationresults/7c90ca95-6836-4731-98bc-60c323a10382?api-version=2022-11-01-preview+11": {
    "Request": {
      "Method": "GET",
      "RequestUri": "https://management.azure.com/subscriptions/27cafca8-b9a4-4264-b399-45d0c9cca1ab/resourcegroups/testps-rg-vn1x/providers/Microsoft.Cdn/operationresults/7c90ca95-6836-4731-98bc-60c323a10382?api-version=2022-11-01-preview",
      "Content": null,
      "isContentBase64": false,
      "Headers": {
        "Authorization": [ "[Filtered]" ],
        "x-ms-unique-id": [ "438" ],
        "x-ms-client-request-id": [ "fd8568ea-3191-469f-b9ab-e6b12b41fcf8" ],
        "CommandName": [ "New-AzCdnCustomDomain" ],
        "FullCommandName": [ "New-AzCdnCustomDomain_CreateExpanded1" ],
        "ParameterSetName": [ "__AllParameterSets" ],
        "User-Agent": [ "AzurePowershell/v0.0.0", "PSVersion/v7.2.11", "Az.Cdn/0.1.0" ]
      },
      "ContentHeaders": {
      }
    },
    "Response": {
      "StatusCode": 200,
      "Headers": {
        "Cache-Control": [ "no-cache" ],
        "Pragma": [ "no-cache" ],
        "Strict-Transport-Security": [ "max-age=31536000; includeSubDomains" ],
        "x-ms-request-id": [ "99d7afb7-36c5-4396-902f-20318cbd3f1b" ],
        "x-ms-client-request-id": [ "fd8568ea-3191-469f-b9ab-e6b12b41fcf8" ],
        "Server": [ "Kestrel" ],
        "x-ms-ratelimit-remaining-subscription-reads": [ "11767" ],
        "x-ms-correlation-request-id": [ "d79fc4a0-d066-4bc1-87cf-d4244dac6456" ],
        "x-ms-routing-request-id": [ "SOUTHEASTASIA:20230517T150352Z:d79fc4a0-d066-4bc1-87cf-d4244dac6456" ],
        "X-Content-Type-Options": [ "nosniff" ],
        "Date": [ "Wed, 17 May 2023 15:03:51 GMT" ]
      },
      "ContentHeaders": {
        "Content-Length": [ "61" ],
        "Content-Type": [ "application/json; charset=utf-8" ],
        "Expires": [ "-1" ]
      },
      "Content": "{\"status\":\"Succeeded\",\"error\":{\"code\":\"None\",\"message\":null}}",
      "isContentBase64": false
    }
  },
  "Remove-AzCdnCustomDomain+[NoContext]+[NoScenario]+$GET+https://management.azure.com/subscriptions/27cafca8-b9a4-4264-b399-45d0c9cca1ab/resourceGroups/testps-rg-vn1x/providers/Microsoft.Cdn/profiles/p-ngpb0t/endpoints/aa-powershell-20230424-oigr9w/customDomains/cd-pstest021?api-version=2022-11-01-preview+12": {
    "Request": {
      "Method": "GET",
      "RequestUri": "https://management.azure.com/subscriptions/27cafca8-b9a4-4264-b399-45d0c9cca1ab/resourceGroups/testps-rg-vn1x/providers/Microsoft.Cdn/profiles/p-ngpb0t/endpoints/aa-powershell-20230424-oigr9w/customDomains/cd-pstest021?api-version=2022-11-01-preview",
      "Content": null,
      "isContentBase64": false,
      "Headers": {
        "Authorization": [ "[Filtered]" ],
        "x-ms-unique-id": [ "439" ],
        "x-ms-client-request-id": [ "fd8568ea-3191-469f-b9ab-e6b12b41fcf8" ],
        "CommandName": [ "New-AzCdnCustomDomain" ],
        "FullCommandName": [ "New-AzCdnCustomDomain_CreateExpanded1" ],
        "ParameterSetName": [ "__AllParameterSets" ],
        "User-Agent": [ "AzurePowershell/v0.0.0", "PSVersion/v7.2.11", "Az.Cdn/0.1.0" ]
      },
      "ContentHeaders": {
      }
    },
    "Response": {
      "StatusCode": 200,
      "Headers": {
        "Cache-Control": [ "no-cache" ],
        "Pragma": [ "no-cache" ],
        "Strict-Transport-Security": [ "max-age=31536000; includeSubDomains" ],
        "x-ms-request-id": [ "0be67f6e-9e2c-4b48-945d-b825daf66748" ],
        "x-ms-client-request-id": [ "fd8568ea-3191-469f-b9ab-e6b12b41fcf8" ],
        "Server": [ "Kestrel" ],
        "x-ms-ratelimit-remaining-subscription-reads": [ "11766" ],
        "x-ms-correlation-request-id": [ "96f0a46f-85d3-4c0b-8738-5e0dfa162019" ],
        "x-ms-routing-request-id": [ "SOUTHEASTASIA:20230517T150352Z:96f0a46f-85d3-4c0b-8738-5e0dfa162019" ],
        "X-Content-Type-Options": [ "nosniff" ],
        "Date": [ "Wed, 17 May 2023 15:03:52 GMT" ]
      },
      "ContentHeaders": {
        "Content-Length": [ "546" ],
        "Content-Type": [ "application/json; charset=utf-8" ],
        "Expires": [ "-1" ]
      },
      "Content": "{\"id\":\"/subscriptions/27cafca8-b9a4-4264-b399-45d0c9cca1ab/resourcegroups/testps-rg-vn1x/providers/Microsoft.Cdn/profiles/p-ngpb0t/endpoints/aa-powershell-20230424-oigr9w/customdomains/cd-pstest021\",\"type\":\"Microsoft.Cdn/profiles/endpoints/customdomains\",\"name\":\"cd-pstest021\",\"properties\":{\"hostName\":\"aa-powershell-20230424-oigr9w.cdne2e.azfdtest.xyz\",\"validationData\":null,\"resourceState\":\"Active\",\"customHttpsProvisioningState\":\"Disabled\",\"customHttpsProvisioningSubstate\":\"None\",\"customHttpsParameters\":null,\"provisioningState\":\"Succeeded\"}}",
      "isContentBase64": false
    }
  },
  "Remove-AzCdnCustomDomain+[NoContext]+Delete+$DELETE+https://management.azure.com/subscriptions/27cafca8-b9a4-4264-b399-45d0c9cca1ab/resourceGroups/testps-rg-vn1x/providers/Microsoft.Cdn/profiles/p-ngpb0t/endpoints/aa-powershell-20230423-oigr9w/customDomains/cd-pstest020?api-version=2022-11-01-preview+1": {
    "Request": {
      "Method": "DELETE",
      "RequestUri": "https://management.azure.com/subscriptions/27cafca8-b9a4-4264-b399-45d0c9cca1ab/resourceGroups/testps-rg-vn1x/providers/Microsoft.Cdn/profiles/p-ngpb0t/endpoints/aa-powershell-20230423-oigr9w/customDomains/cd-pstest020?api-version=2022-11-01-preview",
      "Content": null,
      "isContentBase64": false,
      "Headers": {
        "x-ms-unique-id": [ "440" ],
        "x-ms-client-request-id": [ "829bbb10-ef0f-416d-8e2a-76bb76c48b64" ],
        "CommandName": [ "Remove-AzCdnCustomDomain" ],
        "FullCommandName": [ "Remove-AzCdnCustomDomain_Delete1" ],
        "ParameterSetName": [ "__AllParameterSets" ],
        "User-Agent": [ "AzurePowershell/v0.0.0", "PSVersion/v7.2.11", "Az.Cdn/0.1.0" ],
        "Authorization": [ "[Filtered]" ]
      },
      "ContentHeaders": {
      }
    },
    "Response": {
      "StatusCode": 202,
      "Headers": {
        "Cache-Control": [ "no-cache" ],
        "Pragma": [ "no-cache" ],
        "Location": [ "https://management.azure.com/subscriptions/27cafca8-b9a4-4264-b399-45d0c9cca1ab/resourcegroups/testps-rg-vn1x/providers/Microsoft.Cdn/operationresults/0db932a4-b9cf-4d49-9ecf-cfa51ad76d54/profileresults/p-ngpb0t/endpointresults/aa-powershell-20230423-oigr9w/customdomainresults/cd-pstest020?api-version=2022-11-01-preview" ],
        "Retry-After": [ "10" ],
        "Strict-Transport-Security": [ "max-age=31536000; includeSubDomains" ],
        "x-ms-request-id": [ "156b2655-4033-46ba-ae38-b3c1398f9ca1" ],
        "x-ms-client-request-id": [ "829bbb10-ef0f-416d-8e2a-76bb76c48b64" ],
        "Azure-AsyncOperation": [ "https://management.azure.com/subscriptions/27cafca8-b9a4-4264-b399-45d0c9cca1ab/resourcegroups/testps-rg-vn1x/providers/Microsoft.Cdn/operationresults/0db932a4-b9cf-4d49-9ecf-cfa51ad76d54?api-version=2022-11-01-preview" ],
        "Server": [ "Kestrel" ],
        "x-ms-ratelimit-remaining-subscription-deletes": [ "14997" ],
        "x-ms-correlation-request-id": [ "e64268b5-48fa-4b8c-9032-1ec3a38a074c" ],
        "x-ms-routing-request-id": [ "SOUTHEASTASIA:20230517T150354Z:e64268b5-48fa-4b8c-9032-1ec3a38a074c" ],
        "X-Content-Type-Options": [ "nosniff" ],
        "Date": [ "Wed, 17 May 2023 15:03:53 GMT" ]
      },
      "ContentHeaders": {
        "Expires": [ "-1" ],
        "Content-Length": [ "0" ]
      },
      "Content": null,
      "isContentBase64": false
    }
  },
  "Remove-AzCdnCustomDomain+[NoContext]+Delete+$GET+https://management.azure.com/subscriptions/27cafca8-b9a4-4264-b399-45d0c9cca1ab/resourcegroups/testps-rg-vn1x/providers/Microsoft.Cdn/operationresults/0db932a4-b9cf-4d49-9ecf-cfa51ad76d54?api-version=2022-11-01-preview+2": {
    "Request": {
      "Method": "GET",
      "RequestUri": "https://management.azure.com/subscriptions/27cafca8-b9a4-4264-b399-45d0c9cca1ab/resourcegroups/testps-rg-vn1x/providers/Microsoft.Cdn/operationresults/0db932a4-b9cf-4d49-9ecf-cfa51ad76d54?api-version=2022-11-01-preview",
      "Content": null,
      "isContentBase64": false,
      "Headers": {
        "Authorization": [ "[Filtered]" ],
        "x-ms-unique-id": [ "441" ],
        "x-ms-client-request-id": [ "829bbb10-ef0f-416d-8e2a-76bb76c48b64" ],
        "CommandName": [ "Remove-AzCdnCustomDomain" ],
        "FullCommandName": [ "Remove-AzCdnCustomDomain_Delete1" ],
        "ParameterSetName": [ "__AllParameterSets" ],
        "User-Agent": [ "AzurePowershell/v0.0.0", "PSVersion/v7.2.11", "Az.Cdn/0.1.0" ]
      },
      "ContentHeaders": {
      }
    },
    "Response": {
      "StatusCode": 200,
      "Headers": {
        "Cache-Control": [ "no-cache" ],
        "Pragma": [ "no-cache" ],
        "Strict-Transport-Security": [ "max-age=31536000; includeSubDomains" ],
        "x-ms-request-id": [ "b9accf66-e11d-4b14-a86b-0778780ba19c" ],
        "x-ms-client-request-id": [ "829bbb10-ef0f-416d-8e2a-76bb76c48b64" ],
        "Server": [ "Kestrel" ],
        "x-ms-ratelimit-remaining-subscription-reads": [ "11765" ],
        "x-ms-correlation-request-id": [ "909e9455-c732-4340-bcf9-94afcae233a1" ],
        "x-ms-routing-request-id": [ "SOUTHEASTASIA:20230517T150404Z:909e9455-c732-4340-bcf9-94afcae233a1" ],
        "X-Content-Type-Options": [ "nosniff" ],
        "Date": [ "Wed, 17 May 2023 15:04:03 GMT" ]
      },
      "ContentHeaders": {
        "Content-Length": [ "61" ],
        "Content-Type": [ "application/json; charset=utf-8" ],
        "Expires": [ "-1" ]
      },
      "Content": "{\"status\":\"Succeeded\",\"error\":{\"code\":\"None\",\"message\":null}}",
      "isContentBase64": false
    }
  },
  "Remove-AzCdnCustomDomain+[NoContext]+Delete+$GET+https://management.azure.com/subscriptions/27cafca8-b9a4-4264-b399-45d0c9cca1ab/resourcegroups/testps-rg-vn1x/providers/Microsoft.Cdn/operationresults/0db932a4-b9cf-4d49-9ecf-cfa51ad76d54?api-version=2022-11-01-preview+3": {
    "Request": {
      "Method": "GET",
      "RequestUri": "https://management.azure.com/subscriptions/27cafca8-b9a4-4264-b399-45d0c9cca1ab/resourcegroups/testps-rg-vn1x/providers/Microsoft.Cdn/operationresults/0db932a4-b9cf-4d49-9ecf-cfa51ad76d54?api-version=2022-11-01-preview",
      "Content": null,
      "isContentBase64": false,
      "Headers": {
        "Authorization": [ "[Filtered]" ],
        "x-ms-unique-id": [ "442" ],
        "x-ms-client-request-id": [ "829bbb10-ef0f-416d-8e2a-76bb76c48b64" ],
        "CommandName": [ "Remove-AzCdnCustomDomain" ],
        "FullCommandName": [ "Remove-AzCdnCustomDomain_Delete1" ],
        "ParameterSetName": [ "__AllParameterSets" ],
        "User-Agent": [ "AzurePowershell/v0.0.0", "PSVersion/v7.2.11", "Az.Cdn/0.1.0" ]
      },
      "ContentHeaders": {
      }
    },
    "Response": {
      "StatusCode": 200,
      "Headers": {
        "Cache-Control": [ "no-cache" ],
        "Pragma": [ "no-cache" ],
        "Strict-Transport-Security": [ "max-age=31536000; includeSubDomains" ],
        "x-ms-request-id": [ "bfd690e8-2365-48e7-9ec1-fe088a6954a5" ],
        "x-ms-client-request-id": [ "829bbb10-ef0f-416d-8e2a-76bb76c48b64" ],
        "Server": [ "Kestrel" ],
        "x-ms-ratelimit-remaining-subscription-reads": [ "11764" ],
        "x-ms-correlation-request-id": [ "54e27234-f591-4398-8c0e-1e7f96510ddd" ],
        "x-ms-routing-request-id": [ "SOUTHEASTASIA:20230517T150404Z:54e27234-f591-4398-8c0e-1e7f96510ddd" ],
        "X-Content-Type-Options": [ "nosniff" ],
        "Date": [ "Wed, 17 May 2023 15:04:04 GMT" ]
      },
      "ContentHeaders": {
        "Content-Length": [ "61" ],
        "Content-Type": [ "application/json; charset=utf-8" ],
        "Expires": [ "-1" ]
      },
      "Content": "{\"status\":\"Succeeded\",\"error\":{\"code\":\"None\",\"message\":null}}",
      "isContentBase64": false
    }
  },
  "Remove-AzCdnCustomDomain+[NoContext]+DeleteViaIdentity+$GET+https://management.azure.com/subscriptions/27cafca8-b9a4-4264-b399-45d0c9cca1ab/resourceGroups/testps-rg-vn1x/providers/Microsoft.Cdn/profiles/p-ngpb0t/endpoints/aa-powershell-20230424-oigr9w/customDomains/cd-pstest021?api-version=2022-11-01-preview+1": {
    "Request": {
      "Method": "GET",
      "RequestUri": "https://management.azure.com/subscriptions/27cafca8-b9a4-4264-b399-45d0c9cca1ab/resourceGroups/testps-rg-vn1x/providers/Microsoft.Cdn/profiles/p-ngpb0t/endpoints/aa-powershell-20230424-oigr9w/customDomains/cd-pstest021?api-version=2022-11-01-preview",
      "Content": null,
      "isContentBase64": false,
      "Headers": {
        "x-ms-unique-id": [ "443" ],
        "x-ms-client-request-id": [ "60c7d5bc-f264-455a-bd4a-984ef8c41b14" ],
        "CommandName": [ "Get-AzCdnCustomDomain" ],
        "FullCommandName": [ "Get-AzCdnCustomDomain_Get1" ],
        "ParameterSetName": [ "__AllParameterSets" ],
        "User-Agent": [ "AzurePowershell/v0.0.0", "PSVersion/v7.2.11", "Az.Cdn/0.1.0" ],
        "Authorization": [ "[Filtered]" ]
      },
      "ContentHeaders": {
      }
    },
    "Response": {
      "StatusCode": 200,
      "Headers": {
        "Cache-Control": [ "no-cache" ],
        "Pragma": [ "no-cache" ],
        "Strict-Transport-Security": [ "max-age=31536000; includeSubDomains" ],
        "x-ms-request-id": [ "b863e75c-0f4a-4859-8d7e-e87a27693b65" ],
        "x-ms-client-request-id": [ "60c7d5bc-f264-455a-bd4a-984ef8c41b14" ],
        "Server": [ "Kestrel" ],
        "x-ms-ratelimit-remaining-subscription-reads": [ "11763" ],
        "x-ms-correlation-request-id": [ "53994aaf-38a4-49dc-beb8-17228ee657ed" ],
        "x-ms-routing-request-id": [ "SOUTHEASTASIA:20230517T150405Z:53994aaf-38a4-49dc-beb8-17228ee657ed" ],
        "X-Content-Type-Options": [ "nosniff" ],
        "Date": [ "Wed, 17 May 2023 15:04:05 GMT" ]
      },
      "ContentHeaders": {
        "Content-Length": [ "546" ],
        "Content-Type": [ "application/json; charset=utf-8" ],
        "Expires": [ "-1" ]
      },
      "Content": "{\"id\":\"/subscriptions/27cafca8-b9a4-4264-b399-45d0c9cca1ab/resourcegroups/testps-rg-vn1x/providers/Microsoft.Cdn/profiles/p-ngpb0t/endpoints/aa-powershell-20230424-oigr9w/customdomains/cd-pstest021\",\"type\":\"Microsoft.Cdn/profiles/endpoints/customdomains\",\"name\":\"cd-pstest021\",\"properties\":{\"hostName\":\"aa-powershell-20230424-oigr9w.cdne2e.azfdtest.xyz\",\"validationData\":null,\"resourceState\":\"Active\",\"customHttpsProvisioningState\":\"Disabled\",\"customHttpsProvisioningSubstate\":\"None\",\"customHttpsParameters\":null,\"provisioningState\":\"Succeeded\"}}",
      "isContentBase64": false
    }
  },
  "Remove-AzCdnCustomDomain+[NoContext]+DeleteViaIdentity+$DELETE+https://management.azure.com/subscriptions/27cafca8-b9a4-4264-b399-45d0c9cca1ab/resourceGroups/testps-rg-vn1x/providers/Microsoft.Cdn/profiles/p-ngpb0t/endpoints/aa-powershell-20230424-oigr9w/customDomains/cd-pstest021?api-version=2022-11-01-preview+2": {
    "Request": {
      "Method": "DELETE",
      "RequestUri": "https://management.azure.com/subscriptions/27cafca8-b9a4-4264-b399-45d0c9cca1ab/resourceGroups/testps-rg-vn1x/providers/Microsoft.Cdn/profiles/p-ngpb0t/endpoints/aa-powershell-20230424-oigr9w/customDomains/cd-pstest021?api-version=2022-11-01-preview",
      "Content": null,
      "isContentBase64": false,
      "Headers": {
        "x-ms-unique-id": [ "444" ],
        "x-ms-client-request-id": [ "b61833af-3a82-42cb-9ad4-85651e87168d" ],
        "CommandName": [ "Remove-AzCdnCustomDomain" ],
        "FullCommandName": [ "Remove-AzCdnCustomDomain_DeleteViaIdentity1" ],
        "ParameterSetName": [ "__AllParameterSets" ],
        "User-Agent": [ "AzurePowershell/v0.0.0", "PSVersion/v7.2.11", "Az.Cdn/0.1.0" ],
        "Authorization": [ "[Filtered]" ]
      },
      "ContentHeaders": {
      }
    },
    "Response": {
      "StatusCode": 202,
      "Headers": {
        "Cache-Control": [ "no-cache" ],
        "Pragma": [ "no-cache" ],
        "Location": [ "https://management.azure.com/subscriptions/27cafca8-b9a4-4264-b399-45d0c9cca1ab/resourcegroups/testps-rg-vn1x/providers/Microsoft.Cdn/operationresults/cdf3d091-1ba6-4f0a-8ded-0ccf0b564972/profileresults/p-ngpb0t/endpointresults/aa-powershell-20230424-oigr9w/customdomainresults/cd-pstest021?api-version=2022-11-01-preview" ],
        "Retry-After": [ "10" ],
        "Strict-Transport-Security": [ "max-age=31536000; includeSubDomains" ],
        "x-ms-request-id": [ "3aec6e39-6977-44e9-a9e0-f397731e8859" ],
        "x-ms-client-request-id": [ "b61833af-3a82-42cb-9ad4-85651e87168d" ],
        "Azure-AsyncOperation": [ "https://management.azure.com/subscriptions/27cafca8-b9a4-4264-b399-45d0c9cca1ab/resourcegroups/testps-rg-vn1x/providers/Microsoft.Cdn/operationresults/cdf3d091-1ba6-4f0a-8ded-0ccf0b564972?api-version=2022-11-01-preview" ],
        "Server": [ "Kestrel" ],
        "x-ms-ratelimit-remaining-subscription-deletes": [ "14996" ],
        "x-ms-correlation-request-id": [ "a9689227-78e3-498f-8e0d-ef066126eb06" ],
        "x-ms-routing-request-id": [ "SOUTHEASTASIA:20230517T150407Z:a9689227-78e3-498f-8e0d-ef066126eb06" ],
        "X-Content-Type-Options": [ "nosniff" ],
        "Date": [ "Wed, 17 May 2023 15:04:06 GMT" ]
      },
      "ContentHeaders": {
        "Expires": [ "-1" ],
        "Content-Length": [ "0" ]
      },
      "Content": null,
      "isContentBase64": false
    }
  },
  "Remove-AzCdnCustomDomain+[NoContext]+DeleteViaIdentity+$GET+https://management.azure.com/subscriptions/27cafca8-b9a4-4264-b399-45d0c9cca1ab/resourcegroups/testps-rg-vn1x/providers/Microsoft.Cdn/operationresults/cdf3d091-1ba6-4f0a-8ded-0ccf0b564972?api-version=2022-11-01-preview+3": {
    "Request": {
      "Method": "GET",
      "RequestUri": "https://management.azure.com/subscriptions/27cafca8-b9a4-4264-b399-45d0c9cca1ab/resourcegroups/testps-rg-vn1x/providers/Microsoft.Cdn/operationresults/cdf3d091-1ba6-4f0a-8ded-0ccf0b564972?api-version=2022-11-01-preview",
      "Content": null,
      "isContentBase64": false,
      "Headers": {
        "Authorization": [ "[Filtered]" ],
        "x-ms-unique-id": [ "445" ],
        "x-ms-client-request-id": [ "b61833af-3a82-42cb-9ad4-85651e87168d" ],
        "CommandName": [ "Remove-AzCdnCustomDomain" ],
        "FullCommandName": [ "Remove-AzCdnCustomDomain_DeleteViaIdentity1" ],
        "ParameterSetName": [ "__AllParameterSets" ],
        "User-Agent": [ "AzurePowershell/v0.0.0", "PSVersion/v7.2.11", "Az.Cdn/0.1.0" ]
      },
      "ContentHeaders": {
      }
    },
    "Response": {
      "StatusCode": 200,
      "Headers": {
        "Cache-Control": [ "no-cache" ],
        "Pragma": [ "no-cache" ],
        "Strict-Transport-Security": [ "max-age=31536000; includeSubDomains" ],
        "x-ms-request-id": [ "048c7104-4075-421b-ba7d-53966f70fb0e" ],
        "x-ms-client-request-id": [ "b61833af-3a82-42cb-9ad4-85651e87168d" ],
        "Server": [ "Kestrel" ],
        "x-ms-ratelimit-remaining-subscription-reads": [ "11762" ],
        "x-ms-correlation-request-id": [ "c121077b-2fb4-49d8-88e3-f18c1632afec" ],
        "x-ms-routing-request-id": [ "SOUTHEASTASIA:20230517T150417Z:c121077b-2fb4-49d8-88e3-f18c1632afec" ],
        "X-Content-Type-Options": [ "nosniff" ],
        "Date": [ "Wed, 17 May 2023 15:04:16 GMT" ]
      },
      "ContentHeaders": {
        "Content-Length": [ "61" ],
        "Content-Type": [ "application/json; charset=utf-8" ],
        "Expires": [ "-1" ]
      },
      "Content": "{\"status\":\"Succeeded\",\"error\":{\"code\":\"None\",\"message\":null}}",
      "isContentBase64": false
    }
  },
  "Remove-AzCdnCustomDomain+[NoContext]+DeleteViaIdentity+$GET+https://management.azure.com/subscriptions/27cafca8-b9a4-4264-b399-45d0c9cca1ab/resourcegroups/testps-rg-vn1x/providers/Microsoft.Cdn/operationresults/cdf3d091-1ba6-4f0a-8ded-0ccf0b564972?api-version=2022-11-01-preview+4": {
    "Request": {
      "Method": "GET",
      "RequestUri": "https://management.azure.com/subscriptions/27cafca8-b9a4-4264-b399-45d0c9cca1ab/resourcegroups/testps-rg-vn1x/providers/Microsoft.Cdn/operationresults/cdf3d091-1ba6-4f0a-8ded-0ccf0b564972?api-version=2022-11-01-preview",
      "Content": null,
      "isContentBase64": false,
      "Headers": {
        "Authorization": [ "[Filtered]" ],
        "x-ms-unique-id": [ "446" ],
        "x-ms-client-request-id": [ "b61833af-3a82-42cb-9ad4-85651e87168d" ],
        "CommandName": [ "Remove-AzCdnCustomDomain" ],
        "FullCommandName": [ "Remove-AzCdnCustomDomain_DeleteViaIdentity1" ],
        "ParameterSetName": [ "__AllParameterSets" ],
        "User-Agent": [ "AzurePowershell/v0.0.0", "PSVersion/v7.2.11", "Az.Cdn/0.1.0" ]
      },
      "ContentHeaders": {
      }
    },
    "Response": {
      "StatusCode": 200,
      "Headers": {
        "Cache-Control": [ "no-cache" ],
        "Pragma": [ "no-cache" ],
        "Strict-Transport-Security": [ "max-age=31536000; includeSubDomains" ],
        "x-ms-request-id": [ "eceaa989-a33c-431b-bf33-69cc02ba75f2" ],
        "x-ms-client-request-id": [ "b61833af-3a82-42cb-9ad4-85651e87168d" ],
        "Server": [ "Kestrel" ],
        "x-ms-ratelimit-remaining-subscription-reads": [ "11761" ],
        "x-ms-correlation-request-id": [ "064794d0-6c24-497f-9bd0-663766c9a688" ],
        "x-ms-routing-request-id": [ "SOUTHEASTASIA:20230517T150417Z:064794d0-6c24-497f-9bd0-663766c9a688" ],
        "X-Content-Type-Options": [ "nosniff" ],
        "Date": [ "Wed, 17 May 2023 15:04:16 GMT" ]
      },
      "ContentHeaders": {
        "Content-Length": [ "61" ],
        "Content-Type": [ "application/json; charset=utf-8" ],
        "Expires": [ "-1" ]
      },
      "Content": "{\"status\":\"Succeeded\",\"error\":{\"code\":\"None\",\"message\":null}}",
      "isContentBase64": false
    }
  }
}