{
  "Remove-AzFrontDoorCdnSecret+[NoContext]+Delete+$PUT+https://management.azure.com/subscriptions/27cafca8-b9a4-4264-b399-45d0c9cca1ab/resourceGroups/testps-rg-3lyc5b/providers/Microsoft.Cdn/profiles/fdp-eg2f9i?api-version=2022-11-01-preview+1": {
    "Request": {
      "Method": "PUT",
      "RequestUri": "https://management.azure.com/subscriptions/27cafca8-b9a4-4264-b399-45d0c9cca1ab/resourceGroups/testps-rg-3lyc5b/providers/Microsoft.Cdn/profiles/fdp-eg2f9i?api-version=2022-11-01-preview",
      "Content": "{\r\n  \"location\": \"Global\",\r\n  \"sku\": {\r\n    \"name\": \"Standard_AzureFrontDoor\"\r\n  }\r\n}",
      "isContentBase64": false,
      "Headers": {
      },
      "ContentHeaders": {
        "Content-Type": [ "application/json" ],
        "Content-Length": [ "85" ]
      }
    },
    "Response": {
      "StatusCode": 201,
      "Headers": {
        "Cache-Control": [ "no-cache" ],
        "Pragma": [ "no-cache" ],
        "Retry-After": [ "10" ],
        "Strict-Transport-Security": [ "max-age=31536000; includeSubDomains" ],
        "x-ms-request-id": [ "ba2ec4fe-8550-4fd0-962c-d8fc324c60bb" ],
        "x-ms-client-request-id": [ "286121b8-6090-4387-bd0d-d9f4f82a6ed3" ],
        "Azure-AsyncOperation": [ "https://management.azure.com/subscriptions/27cafca8-b9a4-4264-b399-45d0c9cca1ab/resourcegroups/testps-rg-3lyc5b/providers/Microsoft.Cdn/operationresults/3d9e0c4f-81f4-4a23-a018-957e6d88e61e?api-version=2022-11-01-preview" ],
        "Server": [ "Kestrel" ],
        "x-ms-ratelimit-remaining-subscription-resource-requests": [ "22" ],
        "x-ms-correlation-request-id": [ "59f88125-87c1-4878-ac9f-cd3da3782d07" ],
        "x-ms-routing-request-id": [ "SOUTHEASTASIA:20230325T020838Z:59f88125-87c1-4878-ac9f-cd3da3782d07" ],
        "X-Content-Type-Options": [ "nosniff" ],
        "Date": [ "Sat, 25 Mar 2023 02:08:38 GMT" ]
      },
      "ContentHeaders": {
        "Content-Length": [ "462" ],
        "Content-Type": [ "application/json; charset=utf-8" ],
        "Expires": [ "-1" ]
      },
      "Content": "{\"id\":\"/subscriptions/27cafca8-b9a4-4264-b399-45d0c9cca1ab/resourcegroups/testps-rg-3lyc5b/providers/Microsoft.Cdn/profiles/fdp-eg2f9i\",\"type\":\"Microsoft.Cdn/profiles\",\"name\":\"fdp-eg2f9i\",\"location\":\"Global\",\"kind\":\"frontdoor\",\"tags\":{},\"sku\":{\"name\":\"Standard_AzureFrontDoor\"},\"properties\":{\"originResponseTimeoutSeconds\":30,\"frontDoorId\":\"3551ec80-a20e-495d-960d-4616bb33a1f4\",\"extendedProperties\":{},\"resourceState\":\"Creating\",\"provisioningState\":\"Creating\"}}",
      "isContentBase64": false
    }
  },
  "Remove-AzFrontDoorCdnSecret+[NoContext]+Delete+$GET+https://management.azure.com/subscriptions/27cafca8-b9a4-4264-b399-45d0c9cca1ab/resourcegroups/testps-rg-3lyc5b/providers/Microsoft.Cdn/operationresults/3d9e0c4f-81f4-4a23-a018-957e6d88e61e?api-version=2022-11-01-preview+2": {
    "Request": {
      "Method": "GET",
      "RequestUri": "https://management.azure.com/subscriptions/27cafca8-b9a4-4264-b399-45d0c9cca1ab/resourcegroups/testps-rg-3lyc5b/providers/Microsoft.Cdn/operationresults/3d9e0c4f-81f4-4a23-a018-957e6d88e61e?api-version=2022-11-01-preview",
      "Content": null,
      "isContentBase64": false,
      "Headers": {
        "Authorization": [ "[Filtered]" ],
        "x-ms-unique-id": [ "1216" ],
        "x-ms-client-request-id": [ "286121b8-6090-4387-bd0d-d9f4f82a6ed3" ],
        "CommandName": [ "Az.Cdn.internal\\New-AzCdnProfile" ],
        "FullCommandName": [ "New-AzCdnProfile_CreateExpanded" ],
        "ParameterSetName": [ "__AllParameterSets" ],
        "User-Agent": [ "AzurePowershell/v0.0.0", "PSVersion/v7.2.9", "Az.Cdn/0.1.0" ]
      },
      "ContentHeaders": {
      }
    },
    "Response": {
      "StatusCode": 200,
      "Headers": {
        "Cache-Control": [ "no-cache" ],
        "Pragma": [ "no-cache" ],
        "Strict-Transport-Security": [ "max-age=31536000; includeSubDomains" ],
        "x-ms-request-id": [ "593f3bcc-50d7-48f5-ae00-62363b815222" ],
        "x-ms-client-request-id": [ "286121b8-6090-4387-bd0d-d9f4f82a6ed3" ],
        "Server": [ "Kestrel" ],
        "x-ms-ratelimit-remaining-subscription-reads": [ "11995" ],
        "x-ms-correlation-request-id": [ "8f7f3557-2085-489b-b36c-ee92967cc3c6" ],
        "x-ms-routing-request-id": [ "SOUTHEASTASIA:20230325T020848Z:8f7f3557-2085-489b-b36c-ee92967cc3c6" ],
        "X-Content-Type-Options": [ "nosniff" ],
        "Date": [ "Sat, 25 Mar 2023 02:08:48 GMT" ]
      },
      "ContentHeaders": {
        "Content-Length": [ "61" ],
        "Content-Type": [ "application/json; charset=utf-8" ],
        "Expires": [ "-1" ]
      },
      "Content": "{\"status\":\"Succeeded\",\"error\":{\"code\":\"None\",\"message\":null}}",
      "isContentBase64": false
    }
  },
  "Remove-AzFrontDoorCdnSecret+[NoContext]+Delete+$GET+https://management.azure.com/subscriptions/27cafca8-b9a4-4264-b399-45d0c9cca1ab/resourceGroups/testps-rg-3lyc5b/providers/Microsoft.Cdn/profiles/fdp-eg2f9i?api-version=2022-11-01-preview+3": {
    "Request": {
      "Method": "GET",
      "RequestUri": "https://management.azure.com/subscriptions/27cafca8-b9a4-4264-b399-45d0c9cca1ab/resourceGroups/testps-rg-3lyc5b/providers/Microsoft.Cdn/profiles/fdp-eg2f9i?api-version=2022-11-01-preview",
      "Content": null,
      "isContentBase64": false,
      "Headers": {
        "Authorization": [ "[Filtered]" ],
        "x-ms-unique-id": [ "1217" ],
        "x-ms-client-request-id": [ "286121b8-6090-4387-bd0d-d9f4f82a6ed3" ],
        "CommandName": [ "Az.Cdn.internal\\New-AzCdnProfile" ],
        "FullCommandName": [ "New-AzCdnProfile_CreateExpanded" ],
        "ParameterSetName": [ "__AllParameterSets" ],
        "User-Agent": [ "AzurePowershell/v0.0.0", "PSVersion/v7.2.9", "Az.Cdn/0.1.0" ]
      },
      "ContentHeaders": {
      }
    },
    "Response": {
      "StatusCode": 200,
      "Headers": {
        "Cache-Control": [ "no-cache" ],
        "Pragma": [ "no-cache" ],
        "Strict-Transport-Security": [ "max-age=31536000; includeSubDomains" ],
        "x-ms-request-id": [ "29884ab7-5b7e-4d09-93e4-1528fea49001" ],
        "x-ms-client-request-id": [ "286121b8-6090-4387-bd0d-d9f4f82a6ed3" ],
        "Server": [ "Kestrel" ],
        "x-ms-ratelimit-remaining-subscription-resource-requests": [ "47" ],
        "x-ms-correlation-request-id": [ "ef7674b4-57b5-48ca-966d-6dbfa05ad2be" ],
        "x-ms-routing-request-id": [ "SOUTHEASTASIA:20230325T020849Z:ef7674b4-57b5-48ca-966d-6dbfa05ad2be" ],
        "X-Content-Type-Options": [ "nosniff" ],
        "Date": [ "Sat, 25 Mar 2023 02:08:48 GMT" ]
      },
      "ContentHeaders": {
        "Content-Length": [ "461" ],
        "Content-Type": [ "application/json; charset=utf-8" ],
        "Expires": [ "-1" ]
      },
      "Content": "{\"id\":\"/subscriptions/27cafca8-b9a4-4264-b399-45d0c9cca1ab/resourcegroups/testps-rg-3lyc5b/providers/Microsoft.Cdn/profiles/fdp-eg2f9i\",\"type\":\"Microsoft.Cdn/profiles\",\"name\":\"fdp-eg2f9i\",\"location\":\"Global\",\"kind\":\"frontdoor\",\"tags\":{},\"sku\":{\"name\":\"Standard_AzureFrontDoor\"},\"properties\":{\"originResponseTimeoutSeconds\":30,\"frontDoorId\":\"3551ec80-a20e-495d-960d-4616bb33a1f4\",\"extendedProperties\":{},\"resourceState\":\"Active\",\"provisioningState\":\"Succeeded\"}}",
      "isContentBase64": false
    }
  },
  "Remove-AzFrontDoorCdnSecret+[NoContext]+Delete+$PUT+https://management.azure.com/subscriptions/27cafca8-b9a4-4264-b399-45d0c9cca1ab/resourceGroups/testps-rg-3lyc5b/providers/Microsoft.Cdn/profiles/fdp-eg2f9i/secrets/se-bois7h?api-version=2022-11-01-preview+4": {
    "Request": {
      "Method": "PUT",
      "RequestUri": "https://management.azure.com/subscriptions/27cafca8-b9a4-4264-b399-45d0c9cca1ab/resourceGroups/testps-rg-3lyc5b/providers/Microsoft.Cdn/profiles/fdp-eg2f9i/secrets/se-bois7h?api-version=2022-11-01-preview",
      "Content": "{\r\n  \"properties\": {\r\n    \"parameters\": {\r\n      \"type\": \"CustomerCertificate\",\r\n      \"secretSource\": {\r\n        \"id\": \"/subscriptions/4d894474-aa7f-4611-b830-344860c3eb9c/resourceGroups/powershelltest/providers/Microsoft.KeyVault/vaults/cdn-ps-kv/certificates/cdndevcn2022-0329\"\r\n      },\r\n      \"useLatestVersion\": true,\r\n      \"subjectAlternativeNames\": [ ]\r\n    }\r\n  }\r\n}",
      "isContentBase64": false,
      "Headers": {
      },
      "ContentHeaders": {
        "Content-Type": [ "application/json" ],
        "Content-Length": [ "376" ]
      }
    },
    "Response": {
      "StatusCode": 400,
      "Headers": {
        "Cache-Control": [ "no-cache" ],
        "Pragma": [ "no-cache" ],
        "x-ms-ratelimit-remaining-subscription-resource-requests": [ "99" ],
        "Strict-Transport-Security": [ "max-age=31536000; includeSubDomains" ],
        "x-ms-request-id": [ "7d721c24-4bae-4b53-aa77-919e0f88382c" ],
        "x-ms-client-request-id": [ "0e6d0823-8f5f-42f3-9ee0-a9b502b7b21f" ],
        "Server": [ "Kestrel" ],
        "x-ms-correlation-request-id": [ "7d577dd4-d4b7-4246-856f-1d38f3663325" ],
        "x-ms-routing-request-id": [ "SOUTHEASTASIA:20230325T020849Z:7d577dd4-d4b7-4246-856f-1d38f3663325" ],
        "X-Content-Type-Options": [ "nosniff" ],
        "Date": [ "Sat, 25 Mar 2023 02:08:49 GMT" ]
      },
      "ContentHeaders": {
        "Content-Length": [ "251" ],
        "Content-Type": [ "application/json" ],
        "Expires": [ "-1" ]
      },
      "Content": "{\n  \"error\": {\n    \"code\": \"BadRequest\",\n    \"message\": \"Expected secret source id to be in the format \u0027/subscriptions/{subscriptionId}/resourceGroups/{resourceGroupName}/providers/Microsoft.KeyVault/vaults/{keyVaultName}/secrets/{secretName}\u0027.\"\n  }\n}",
      "isContentBase64": false
    }
  }
}