{
  "Remove-AzCdnProfile+[NoContext]+Delete+$PUT+https://management.azure.com/subscriptions/27cafca8-b9a4-4264-b399-45d0c9cca1ab/resourceGroups/testps-rg-ygjp/providers/Microsoft.Cdn/profiles/p-jpd67l?api-version=2022-11-01-preview+1": {
    "Request": {
      "Method": "PUT",
      "RequestUri": "https://management.azure.com/subscriptions/27cafca8-b9a4-4264-b399-45d0c9cca1ab/resourceGroups/testps-rg-ygjp/providers/Microsoft.Cdn/profiles/p-jpd67l?api-version=2022-11-01-preview",
      "Content": "{\r\n  \"location\": \"Global\",\r\n  \"sku\": {\r\n    \"name\": \"Standard_Microsoft\"\r\n  }\r\n}",
      "isContentBase64": false,
      "Headers": {
      },
      "ContentHeaders": {
        "Content-Type": [ "application/json" ],
        "Content-Length": [ "80" ]
      }
    },
    "Response": {
      "StatusCode": 201,
      "Headers": {
        "Cache-Control": [ "no-cache" ],
        "Pragma": [ "no-cache" ],
        "Retry-After": [ "10" ],
        "Strict-Transport-Security": [ "max-age=31536000; includeSubDomains" ],
        "x-ms-request-id": [ "3cf18dd3-1da7-4895-a22b-ac8c0f9b6fbf" ],
        "x-ms-client-request-id": [ "9b2957ef-ab5d-48bf-8c02-0a0740ae93ce" ],
        "Azure-AsyncOperation": [ "https://management.azure.com/subscriptions/27cafca8-b9a4-4264-b399-45d0c9cca1ab/resourcegroups/testps-rg-ygjp/providers/Microsoft.Cdn/operationresults/49425d65-523f-4deb-93d1-edefbeca7b21?api-version=2022-11-01-preview" ],
        "Server": [ "Kestrel" ],
        "x-ms-ratelimit-remaining-subscription-resource-requests": [ "22" ],
        "x-ms-correlation-request-id": [ "9831029e-348e-4a9e-8fb8-808d59b25a74" ],
        "x-ms-routing-request-id": [ "SOUTHEASTASIA:20230426T153001Z:9831029e-348e-4a9e-8fb8-808d59b25a74" ],
        "X-Content-Type-Options": [ "nosniff" ],
        "Date": [ "Wed, 26 Apr 2023 15:30:00 GMT" ]
      },
      "ContentHeaders": {
        "Content-Length": [ "358" ],
        "Content-Type": [ "application/json; charset=utf-8" ],
        "Expires": [ "-1" ]
      },
      "Content": "{\"id\":\"/subscriptions/27cafca8-b9a4-4264-b399-45d0c9cca1ab/resourcegroups/testps-rg-ygjp/providers/Microsoft.Cdn/profiles/p-jpd67l\",\"type\":\"Microsoft.Cdn/profiles\",\"name\":\"p-jpd67l\",\"location\":\"Global\",\"kind\":\"cdn\",\"tags\":{},\"sku\":{\"name\":\"Standard_Microsoft\"},\"properties\":{\"extendedProperties\":{},\"resourceState\":\"Creating\",\"provisioningState\":\"Creating\"}}",
      "isContentBase64": false
    }
  },
  "Remove-AzCdnProfile+[NoContext]+Delete+$GET+https://management.azure.com/subscriptions/27cafca8-b9a4-4264-b399-45d0c9cca1ab/resourcegroups/testps-rg-ygjp/providers/Microsoft.Cdn/operationresults/49425d65-523f-4deb-93d1-edefbeca7b21?api-version=2022-11-01-preview+2": {
    "Request": {
      "Method": "GET",
      "RequestUri": "https://management.azure.com/subscriptions/27cafca8-b9a4-4264-b399-45d0c9cca1ab/resourcegroups/testps-rg-ygjp/providers/Microsoft.Cdn/operationresults/49425d65-523f-4deb-93d1-edefbeca7b21?api-version=2022-11-01-preview",
      "Content": null,
      "isContentBase64": false,
      "Headers": {
        "Authorization": [ "[Filtered]" ],
        "x-ms-unique-id": [ "511" ],
        "x-ms-client-request-id": [ "9b2957ef-ab5d-48bf-8c02-0a0740ae93ce" ],
        "CommandName": [ "Az.Cdn.internal\\New-AzCdnProfile" ],
        "FullCommandName": [ "New-AzCdnProfile_CreateExpanded" ],
        "ParameterSetName": [ "__AllParameterSets" ],
        "User-Agent": [ "AzurePowershell/v0.0.0", "PSVersion/v7.2.11", "Az.Cdn/0.1.0" ]
      },
      "ContentHeaders": {
      }
    },
    "Response": {
      "StatusCode": 200,
      "Headers": {
        "Cache-Control": [ "no-cache" ],
        "Pragma": [ "no-cache" ],
        "Strict-Transport-Security": [ "max-age=31536000; includeSubDomains" ],
        "x-ms-request-id": [ "27f06fc9-f629-4df1-9e86-495ef93d1eb7" ],
        "x-ms-client-request-id": [ "9b2957ef-ab5d-48bf-8c02-0a0740ae93ce" ],
        "Server": [ "Kestrel" ],
        "x-ms-ratelimit-remaining-subscription-reads": [ "11744" ],
        "x-ms-correlation-request-id": [ "e6ecf2c3-1685-49a5-b559-0d179175badb" ],
        "x-ms-routing-request-id": [ "SOUTHEASTASIA:20230426T153011Z:e6ecf2c3-1685-49a5-b559-0d179175badb" ],
        "X-Content-Type-Options": [ "nosniff" ],
        "Date": [ "Wed, 26 Apr 2023 15:30:10 GMT" ]
      },
      "ContentHeaders": {
        "Content-Length": [ "61" ],
        "Content-Type": [ "application/json; charset=utf-8" ],
        "Expires": [ "-1" ]
      },
      "Content": "{\"status\":\"Succeeded\",\"error\":{\"code\":\"None\",\"message\":null}}",
      "isContentBase64": false
    }
  },
  "Remove-AzCdnProfile+[NoContext]+Delete+$GET+https://management.azure.com/subscriptions/27cafca8-b9a4-4264-b399-45d0c9cca1ab/resourceGroups/testps-rg-ygjp/providers/Microsoft.Cdn/profiles/p-jpd67l?api-version=2022-11-01-preview+3": {
    "Request": {
      "Method": "GET",
      "RequestUri": "https://management.azure.com/subscriptions/27cafca8-b9a4-4264-b399-45d0c9cca1ab/resourceGroups/testps-rg-ygjp/providers/Microsoft.Cdn/profiles/p-jpd67l?api-version=2022-11-01-preview",
      "Content": null,
      "isContentBase64": false,
      "Headers": {
        "Authorization": [ "[Filtered]" ],
        "x-ms-unique-id": [ "512" ],
        "x-ms-client-request-id": [ "9b2957ef-ab5d-48bf-8c02-0a0740ae93ce" ],
        "CommandName": [ "Az.Cdn.internal\\New-AzCdnProfile" ],
        "FullCommandName": [ "New-AzCdnProfile_CreateExpanded" ],
        "ParameterSetName": [ "__AllParameterSets" ],
        "User-Agent": [ "AzurePowershell/v0.0.0", "PSVersion/v7.2.11", "Az.Cdn/0.1.0" ]
      },
      "ContentHeaders": {
      }
    },
    "Response": {
      "StatusCode": 200,
      "Headers": {
        "Cache-Control": [ "no-cache" ],
        "Pragma": [ "no-cache" ],
        "Strict-Transport-Security": [ "max-age=31536000; includeSubDomains" ],
        "x-ms-request-id": [ "d41823bd-295e-4685-9401-51f1d46fcf61" ],
        "x-ms-client-request-id": [ "9b2957ef-ab5d-48bf-8c02-0a0740ae93ce" ],
        "Server": [ "Kestrel" ],
        "x-ms-ratelimit-remaining-subscription-resource-requests": [ "49" ],
        "x-ms-correlation-request-id": [ "e4112004-469d-43ba-a8b3-939b1dd7f9bc" ],
        "x-ms-routing-request-id": [ "SOUTHEASTASIA:20230426T153012Z:e4112004-469d-43ba-a8b3-939b1dd7f9bc" ],
        "X-Content-Type-Options": [ "nosniff" ],
        "Date": [ "Wed, 26 Apr 2023 15:30:11 GMT" ]
      },
      "ContentHeaders": {
        "Content-Length": [ "357" ],
        "Content-Type": [ "application/json; charset=utf-8" ],
        "Expires": [ "-1" ]
      },
      "Content": "{\"id\":\"/subscriptions/27cafca8-b9a4-4264-b399-45d0c9cca1ab/resourcegroups/testps-rg-ygjp/providers/Microsoft.Cdn/profiles/p-jpd67l\",\"type\":\"Microsoft.Cdn/profiles\",\"name\":\"p-jpd67l\",\"location\":\"Global\",\"kind\":\"cdn\",\"tags\":{},\"sku\":{\"name\":\"Standard_Microsoft\"},\"properties\":{\"extendedProperties\":{},\"resourceState\":\"Active\",\"provisioningState\":\"Succeeded\"}}",
      "isContentBase64": false
    }
  },
  "Remove-AzCdnProfile+[NoContext]+Delete+$DELETE+https://management.azure.com/subscriptions/27cafca8-b9a4-4264-b399-45d0c9cca1ab/resourceGroups/testps-rg-ygjp/providers/Microsoft.Cdn/profiles/p-jpd67l?api-version=2022-11-01-preview+4": {
    "Request": {
      "Method": "DELETE",
      "RequestUri": "https://management.azure.com/subscriptions/27cafca8-b9a4-4264-b399-45d0c9cca1ab/resourceGroups/testps-rg-ygjp/providers/Microsoft.Cdn/profiles/p-jpd67l?api-version=2022-11-01-preview",
      "Content": null,
      "isContentBase64": false,
      "Headers": {
        "x-ms-unique-id": [ "514" ],
        "x-ms-client-request-id": [ "b0525d9e-8a5c-4cd2-a33a-b18f1ebc71f9" ],
        "CommandName": [ "Az.Cdn.internal\\Remove-AzCdnProfile" ],
        "FullCommandName": [ "Remove-AzCdnProfile_Delete" ],
        "ParameterSetName": [ "__AllParameterSets" ],
        "User-Agent": [ "AzurePowershell/v0.0.0", "PSVersion/v7.2.11", "Az.Cdn/0.1.0" ],
        "Authorization": [ "[Filtered]" ]
      },
      "ContentHeaders": {
      }
    },
    "Response": {
      "StatusCode": 202,
      "Headers": {
        "Cache-Control": [ "no-cache" ],
        "Pragma": [ "no-cache" ],
        "Location": [ "https://management.azure.com/subscriptions/27cafca8-b9a4-4264-b399-45d0c9cca1ab/resourcegroups/testps-rg-ygjp/providers/Microsoft.Cdn/operationresults/42885692-3cdb-4e44-b28b-a4622ea95f0e/profileresults/p-jpd67l?api-version=2022-11-01-preview" ],
        "Retry-After": [ "10" ],
        "Strict-Transport-Security": [ "max-age=31536000; includeSubDomains" ],
        "x-ms-request-id": [ "8b65b79a-2a6e-47a7-ad8c-dfa21cb1410e" ],
        "x-ms-client-request-id": [ "b0525d9e-8a5c-4cd2-a33a-b18f1ebc71f9" ],
        "Azure-AsyncOperation": [ "https://management.azure.com/subscriptions/27cafca8-b9a4-4264-b399-45d0c9cca1ab/resourcegroups/testps-rg-ygjp/providers/Microsoft.Cdn/operationresults/42885692-3cdb-4e44-b28b-a4622ea95f0e?api-version=2022-11-01-preview" ],
        "Server": [ "Kestrel" ],
        "x-ms-ratelimit-remaining-subscription-deletes": [ "14989" ],
        "x-ms-correlation-request-id": [ "5e540a99-718d-432d-83a8-86920d552e60" ],
        "x-ms-routing-request-id": [ "SOUTHEASTASIA:20230426T153014Z:5e540a99-718d-432d-83a8-86920d552e60" ],
        "X-Content-Type-Options": [ "nosniff" ],
        "Date": [ "Wed, 26 Apr 2023 15:30:13 GMT" ]
      },
      "ContentHeaders": {
        "Expires": [ "-1" ],
        "Content-Length": [ "0" ]
      },
      "Content": null,
      "isContentBase64": false
    }
  },
  "Remove-AzCdnProfile+[NoContext]+Delete+$GET+https://management.azure.com/subscriptions/27cafca8-b9a4-4264-b399-45d0c9cca1ab/resourcegroups/testps-rg-ygjp/providers/Microsoft.Cdn/operationresults/42885692-3cdb-4e44-b28b-a4622ea95f0e?api-version=2022-11-01-preview+5": {
    "Request": {
      "Method": "GET",
      "RequestUri": "https://management.azure.com/subscriptions/27cafca8-b9a4-4264-b399-45d0c9cca1ab/resourcegroups/testps-rg-ygjp/providers/Microsoft.Cdn/operationresults/42885692-3cdb-4e44-b28b-a4622ea95f0e?api-version=2022-11-01-preview",
      "Content": null,
      "isContentBase64": false,
      "Headers": {
        "Authorization": [ "[Filtered]" ],
        "x-ms-unique-id": [ "515" ],
        "x-ms-client-request-id": [ "b0525d9e-8a5c-4cd2-a33a-b18f1ebc71f9" ],
        "CommandName": [ "Az.Cdn.internal\\Remove-AzCdnProfile" ],
        "FullCommandName": [ "Remove-AzCdnProfile_Delete" ],
        "ParameterSetName": [ "__AllParameterSets" ],
        "User-Agent": [ "AzurePowershell/v0.0.0", "PSVersion/v7.2.11", "Az.Cdn/0.1.0" ]
      },
      "ContentHeaders": {
      }
    },
    "Response": {
      "StatusCode": 200,
      "Headers": {
        "Cache-Control": [ "no-cache" ],
        "Pragma": [ "no-cache" ],
        "Strict-Transport-Security": [ "max-age=31536000; includeSubDomains" ],
        "x-ms-request-id": [ "9668832f-a633-4762-8e29-17a8aa50babc" ],
        "x-ms-client-request-id": [ "b0525d9e-8a5c-4cd2-a33a-b18f1ebc71f9" ],
        "Server": [ "Kestrel" ],
        "x-ms-ratelimit-remaining-subscription-reads": [ "11743" ],
        "x-ms-correlation-request-id": [ "3b6839bb-6c4d-4179-b50c-c2a7a7dc027a" ],
        "x-ms-routing-request-id": [ "SOUTHEASTASIA:20230426T153024Z:3b6839bb-6c4d-4179-b50c-c2a7a7dc027a" ],
        "X-Content-Type-Options": [ "nosniff" ],
        "Date": [ "Wed, 26 Apr 2023 15:30:24 GMT" ]
      },
      "ContentHeaders": {
        "Content-Length": [ "62" ],
        "Content-Type": [ "application/json; charset=utf-8" ],
        "Expires": [ "-1" ]
      },
      "Content": "{\"status\":\"InProgress\",\"error\":{\"code\":\"None\",\"message\":null}}",
      "isContentBase64": false
    }
  },
  "Remove-AzCdnProfile+[NoContext]+Delete+$GET+https://management.azure.com/subscriptions/27cafca8-b9a4-4264-b399-45d0c9cca1ab/resourcegroups/testps-rg-ygjp/providers/Microsoft.Cdn/operationresults/42885692-3cdb-4e44-b28b-a4622ea95f0e?api-version=2022-11-01-preview+6": {
    "Request": {
      "Method": "GET",
      "RequestUri": "https://management.azure.com/subscriptions/27cafca8-b9a4-4264-b399-45d0c9cca1ab/resourcegroups/testps-rg-ygjp/providers/Microsoft.Cdn/operationresults/42885692-3cdb-4e44-b28b-a4622ea95f0e?api-version=2022-11-01-preview",
      "Content": null,
      "isContentBase64": false,
      "Headers": {
        "Authorization": [ "[Filtered]" ],
        "x-ms-unique-id": [ "516" ],
        "x-ms-client-request-id": [ "b0525d9e-8a5c-4cd2-a33a-b18f1ebc71f9" ],
        "CommandName": [ "Az.Cdn.internal\\Remove-AzCdnProfile" ],
        "FullCommandName": [ "Remove-AzCdnProfile_Delete" ],
        "ParameterSetName": [ "__AllParameterSets" ],
        "User-Agent": [ "AzurePowershell/v0.0.0", "PSVersion/v7.2.11", "Az.Cdn/0.1.0" ]
      },
      "ContentHeaders": {
      }
    },
    "Response": {
      "StatusCode": 200,
      "Headers": {
        "Cache-Control": [ "no-cache" ],
        "Pragma": [ "no-cache" ],
        "Strict-Transport-Security": [ "max-age=31536000; includeSubDomains" ],
        "x-ms-request-id": [ "d0c0890a-6e3b-4088-a107-de688cdbb9f6" ],
        "x-ms-client-request-id": [ "b0525d9e-8a5c-4cd2-a33a-b18f1ebc71f9" ],
        "Server": [ "Kestrel" ],
        "x-ms-ratelimit-remaining-subscription-reads": [ "11742" ],
        "x-ms-correlation-request-id": [ "21d42c8a-3dd1-45c4-8713-7429e0a87512" ],
        "x-ms-routing-request-id": [ "SOUTHEASTASIA:20230426T153055Z:21d42c8a-3dd1-45c4-8713-7429e0a87512" ],
        "X-Content-Type-Options": [ "nosniff" ],
        "Date": [ "Wed, 26 Apr 2023 15:30:54 GMT" ]
      },
      "ContentHeaders": {
        "Content-Length": [ "62" ],
        "Content-Type": [ "application/json; charset=utf-8" ],
        "Expires": [ "-1" ]
      },
      "Content": "{\"status\":\"InProgress\",\"error\":{\"code\":\"None\",\"message\":null}}",
      "isContentBase64": false
    }
  },
  "Remove-AzCdnProfile+[NoContext]+Delete+$GET+https://management.azure.com/subscriptions/27cafca8-b9a4-4264-b399-45d0c9cca1ab/resourcegroups/testps-rg-ygjp/providers/Microsoft.Cdn/operationresults/42885692-3cdb-4e44-b28b-a4622ea95f0e?api-version=2022-11-01-preview+7": {
    "Request": {
      "Method": "GET",
      "RequestUri": "https://management.azure.com/subscriptions/27cafca8-b9a4-4264-b399-45d0c9cca1ab/resourcegroups/testps-rg-ygjp/providers/Microsoft.Cdn/operationresults/42885692-3cdb-4e44-b28b-a4622ea95f0e?api-version=2022-11-01-preview",
      "Content": null,
      "isContentBase64": false,
      "Headers": {
        "Authorization": [ "[Filtered]" ],
        "x-ms-unique-id": [ "517" ],
        "x-ms-client-request-id": [ "b0525d9e-8a5c-4cd2-a33a-b18f1ebc71f9" ],
        "CommandName": [ "Az.Cdn.internal\\Remove-AzCdnProfile" ],
        "FullCommandName": [ "Remove-AzCdnProfile_Delete" ],
        "ParameterSetName": [ "__AllParameterSets" ],
        "User-Agent": [ "AzurePowershell/v0.0.0", "PSVersion/v7.2.11", "Az.Cdn/0.1.0" ]
      },
      "ContentHeaders": {
      }
    },
    "Response": {
      "StatusCode": 200,
      "Headers": {
        "Cache-Control": [ "no-cache" ],
        "Pragma": [ "no-cache" ],
        "Strict-Transport-Security": [ "max-age=31536000; includeSubDomains" ],
        "x-ms-request-id": [ "b233bd73-22d1-4404-8aef-b64b58a7ed0f" ],
        "x-ms-client-request-id": [ "b0525d9e-8a5c-4cd2-a33a-b18f1ebc71f9" ],
        "Server": [ "Kestrel" ],
        "x-ms-ratelimit-remaining-subscription-reads": [ "11741" ],
        "x-ms-correlation-request-id": [ "c06ba4f3-4d57-4ba7-9d07-51a25ed1f3f5" ],
        "x-ms-routing-request-id": [ "SOUTHEASTASIA:20230426T153125Z:c06ba4f3-4d57-4ba7-9d07-51a25ed1f3f5" ],
        "X-Content-Type-Options": [ "nosniff" ],
        "Date": [ "Wed, 26 Apr 2023 15:31:25 GMT" ]
      },
      "ContentHeaders": {
        "Content-Length": [ "62" ],
        "Content-Type": [ "application/json; charset=utf-8" ],
        "Expires": [ "-1" ]
      },
      "Content": "{\"status\":\"InProgress\",\"error\":{\"code\":\"None\",\"message\":null}}",
      "isContentBase64": false
    }
  },
  "Remove-AzCdnProfile+[NoContext]+Delete+$GET+https://management.azure.com/subscriptions/27cafca8-b9a4-4264-b399-45d0c9cca1ab/resourcegroups/testps-rg-ygjp/providers/Microsoft.Cdn/operationresults/42885692-3cdb-4e44-b28b-a4622ea95f0e?api-version=2022-11-01-preview+8": {
    "Request": {
      "Method": "GET",
      "RequestUri": "https://management.azure.com/subscriptions/27cafca8-b9a4-4264-b399-45d0c9cca1ab/resourcegroups/testps-rg-ygjp/providers/Microsoft.Cdn/operationresults/42885692-3cdb-4e44-b28b-a4622ea95f0e?api-version=2022-11-01-preview",
      "Content": null,
      "isContentBase64": false,
      "Headers": {
        "Authorization": [ "[Filtered]" ],
        "x-ms-unique-id": [ "518" ],
        "x-ms-client-request-id": [ "b0525d9e-8a5c-4cd2-a33a-b18f1ebc71f9" ],
        "CommandName": [ "Az.Cdn.internal\\Remove-AzCdnProfile" ],
        "FullCommandName": [ "Remove-AzCdnProfile_Delete" ],
        "ParameterSetName": [ "__AllParameterSets" ],
        "User-Agent": [ "AzurePowershell/v0.0.0", "PSVersion/v7.2.11", "Az.Cdn/0.1.0" ]
      },
      "ContentHeaders": {
      }
    },
    "Response": {
      "StatusCode": 200,
      "Headers": {
        "Cache-Control": [ "no-cache" ],
        "Pragma": [ "no-cache" ],
        "Strict-Transport-Security": [ "max-age=31536000; includeSubDomains" ],
        "x-ms-request-id": [ "ca84815b-1200-4f1b-b7b4-1535f1aa2e61" ],
        "x-ms-client-request-id": [ "b0525d9e-8a5c-4cd2-a33a-b18f1ebc71f9" ],
        "Server": [ "Kestrel" ],
        "x-ms-ratelimit-remaining-subscription-reads": [ "11740" ],
        "x-ms-correlation-request-id": [ "3774b053-7595-4afb-9f1f-12509c6fce85" ],
        "x-ms-routing-request-id": [ "SOUTHEASTASIA:20230426T153155Z:3774b053-7595-4afb-9f1f-12509c6fce85" ],
        "X-Content-Type-Options": [ "nosniff" ],
        "Date": [ "Wed, 26 Apr 2023 15:31:54 GMT" ]
      },
      "ContentHeaders": {
        "Content-Length": [ "61" ],
        "Content-Type": [ "application/json; charset=utf-8" ],
        "Expires": [ "-1" ]
      },
      "Content": "{\"status\":\"Succeeded\",\"error\":{\"code\":\"None\",\"message\":null}}",
      "isContentBase64": false
    }
  },
  "Remove-AzCdnProfile+[NoContext]+Delete+$GET+https://management.azure.com/subscriptions/27cafca8-b9a4-4264-b399-45d0c9cca1ab/resourcegroups/testps-rg-ygjp/providers/Microsoft.Cdn/operationresults/42885692-3cdb-4e44-b28b-a4622ea95f0e?api-version=2022-11-01-preview+9": {
    "Request": {
      "Method": "GET",
      "RequestUri": "https://management.azure.com/subscriptions/27cafca8-b9a4-4264-b399-45d0c9cca1ab/resourcegroups/testps-rg-ygjp/providers/Microsoft.Cdn/operationresults/42885692-3cdb-4e44-b28b-a4622ea95f0e?api-version=2022-11-01-preview",
      "Content": null,
      "isContentBase64": false,
      "Headers": {
        "Authorization": [ "[Filtered]" ],
        "x-ms-unique-id": [ "519" ],
        "x-ms-client-request-id": [ "b0525d9e-8a5c-4cd2-a33a-b18f1ebc71f9" ],
        "CommandName": [ "Az.Cdn.internal\\Remove-AzCdnProfile" ],
        "FullCommandName": [ "Remove-AzCdnProfile_Delete" ],
        "ParameterSetName": [ "__AllParameterSets" ],
        "User-Agent": [ "AzurePowershell/v0.0.0", "PSVersion/v7.2.11", "Az.Cdn/0.1.0" ]
      },
      "ContentHeaders": {
      }
    },
    "Response": {
      "StatusCode": 200,
      "Headers": {
        "Cache-Control": [ "no-cache" ],
        "Pragma": [ "no-cache" ],
        "Strict-Transport-Security": [ "max-age=31536000; includeSubDomains" ],
        "x-ms-request-id": [ "34b7cbbe-4067-47cb-be1d-318891be4e4a" ],
        "x-ms-client-request-id": [ "b0525d9e-8a5c-4cd2-a33a-b18f1ebc71f9" ],
        "Server": [ "Kestrel" ],
        "x-ms-ratelimit-remaining-subscription-reads": [ "11739" ],
        "x-ms-correlation-request-id": [ "905d0a98-62b8-4dc7-afb0-ea2989525aac" ],
        "x-ms-routing-request-id": [ "SOUTHEASTASIA:20230426T153156Z:905d0a98-62b8-4dc7-afb0-ea2989525aac" ],
        "X-Content-Type-Options": [ "nosniff" ],
        "Date": [ "Wed, 26 Apr 2023 15:31:55 GMT" ]
      },
      "ContentHeaders": {
        "Content-Length": [ "61" ],
        "Content-Type": [ "application/json; charset=utf-8" ],
        "Expires": [ "-1" ]
      },
      "Content": "{\"status\":\"Succeeded\",\"error\":{\"code\":\"None\",\"message\":null}}",
      "isContentBase64": false
    }
  }
}