{
  "Remove-AzFrontDoorCdnRoute+[NoContext]+Delete+$PUT+https://management.azure.com/subscriptions/27cafca8-b9a4-4264-b399-45d0c9cca1ab/resourceGroups/testps-rg-uvxht4/providers/Microsoft.Cdn/profiles/fdp-tr0vj1?api-version=2022-11-01-preview+1": {
    "Request": {
      "Method": "PUT",
      "RequestUri": "https://management.azure.com/subscriptions/27cafca8-b9a4-4264-b399-45d0c9cca1ab/resourceGroups/testps-rg-uvxht4/providers/Microsoft.Cdn/profiles/fdp-tr0vj1?api-version=2022-11-01-preview",
      "Content": "{\r\n  \"location\": \"Global\",\r\n  \"sku\": {\r\n    \"name\": \"Standard_AzureFrontDoor\"\r\n  }\r\n}",
      "isContentBase64": false,
      "Headers": {
      },
      "ContentHeaders": {
        "Content-Type": [ "application/json" ],
        "Content-Length": [ "85" ]
      }
    },
    "Response": {
      "StatusCode": 201,
      "Headers": {
        "Cache-Control": [ "no-cache" ],
        "Pragma": [ "no-cache" ],
        "Retry-After": [ "10" ],
        "Strict-Transport-Security": [ "max-age=31536000; includeSubDomains" ],
        "x-ms-request-id": [ "a3afa031-6880-415b-b5c6-abc4b6438f0a" ],
        "x-ms-client-request-id": [ "3ca8e85a-c06f-4eee-b3e9-64161cf625f6" ],
        "Azure-AsyncOperation": [ "https://management.azure.com/subscriptions/27cafca8-b9a4-4264-b399-45d0c9cca1ab/resourcegroups/testps-rg-uvxht4/providers/Microsoft.Cdn/operationresults/ff49c731-f6c7-494c-b28d-149ac033baf8?api-version=2022-11-01-preview" ],
        "Server": [ "Kestrel" ],
        "x-ms-ratelimit-remaining-subscription-resource-requests": [ "1" ],
        "x-ms-correlation-request-id": [ "2fa94400-316a-46ec-bf90-505f7e24e9f4" ],
        "x-ms-routing-request-id": [ "SOUTHEASTASIA:20230325T020300Z:2fa94400-316a-46ec-bf90-505f7e24e9f4" ],
        "X-Content-Type-Options": [ "nosniff" ],
        "Date": [ "Sat, 25 Mar 2023 02:02:59 GMT" ]
      },
      "ContentHeaders": {
        "Content-Length": [ "462" ],
        "Content-Type": [ "application/json; charset=utf-8" ],
        "Expires": [ "-1" ]
      },
      "Content": "{\"id\":\"/subscriptions/27cafca8-b9a4-4264-b399-45d0c9cca1ab/resourcegroups/testps-rg-uvxht4/providers/Microsoft.Cdn/profiles/fdp-tr0vj1\",\"type\":\"Microsoft.Cdn/profiles\",\"name\":\"fdp-tr0vj1\",\"location\":\"Global\",\"kind\":\"frontdoor\",\"tags\":{},\"sku\":{\"name\":\"Standard_AzureFrontDoor\"},\"properties\":{\"originResponseTimeoutSeconds\":30,\"frontDoorId\":\"b7e990ee-b789-4a1b-8b11-954426da8e08\",\"extendedProperties\":{},\"resourceState\":\"Creating\",\"provisioningState\":\"Creating\"}}",
      "isContentBase64": false
    }
  },
  "Remove-AzFrontDoorCdnRoute+[NoContext]+Delete+$GET+https://management.azure.com/subscriptions/27cafca8-b9a4-4264-b399-45d0c9cca1ab/resourcegroups/testps-rg-uvxht4/providers/Microsoft.Cdn/operationresults/ff49c731-f6c7-494c-b28d-149ac033baf8?api-version=2022-11-01-preview+2": {
    "Request": {
      "Method": "GET",
      "RequestUri": "https://management.azure.com/subscriptions/27cafca8-b9a4-4264-b399-45d0c9cca1ab/resourcegroups/testps-rg-uvxht4/providers/Microsoft.Cdn/operationresults/ff49c731-f6c7-494c-b28d-149ac033baf8?api-version=2022-11-01-preview",
      "Content": null,
      "isContentBase64": false,
      "Headers": {
        "Authorization": [ "[Filtered]" ],
        "x-ms-unique-id": [ "1133" ],
        "x-ms-client-request-id": [ "3ca8e85a-c06f-4eee-b3e9-64161cf625f6" ],
        "CommandName": [ "Az.Cdn.internal\\New-AzCdnProfile" ],
        "FullCommandName": [ "New-AzCdnProfile_CreateExpanded" ],
        "ParameterSetName": [ "__AllParameterSets" ],
        "User-Agent": [ "AzurePowershell/v0.0.0", "PSVersion/v7.2.9", "Az.Cdn/0.1.0" ]
      },
      "ContentHeaders": {
      }
    },
    "Response": {
      "StatusCode": 200,
      "Headers": {
        "Cache-Control": [ "no-cache" ],
        "Pragma": [ "no-cache" ],
        "Strict-Transport-Security": [ "max-age=31536000; includeSubDomains" ],
        "x-ms-request-id": [ "4f7e9f6f-fbbb-468a-9429-b896175470b5" ],
        "x-ms-client-request-id": [ "3ca8e85a-c06f-4eee-b3e9-64161cf625f6" ],
        "Server": [ "Kestrel" ],
        "x-ms-ratelimit-remaining-subscription-reads": [ "11895" ],
        "x-ms-correlation-request-id": [ "df7838cf-b637-4c9d-824f-eb83fe22d30b" ],
        "x-ms-routing-request-id": [ "SOUTHEASTASIA:20230325T020310Z:df7838cf-b637-4c9d-824f-eb83fe22d30b" ],
        "X-Content-Type-Options": [ "nosniff" ],
        "Date": [ "Sat, 25 Mar 2023 02:03:10 GMT" ]
      },
      "ContentHeaders": {
        "Content-Length": [ "61" ],
        "Content-Type": [ "application/json; charset=utf-8" ],
        "Expires": [ "-1" ]
      },
      "Content": "{\"status\":\"Succeeded\",\"error\":{\"code\":\"None\",\"message\":null}}",
      "isContentBase64": false
    }
  },
  "Remove-AzFrontDoorCdnRoute+[NoContext]+Delete+$GET+https://management.azure.com/subscriptions/27cafca8-b9a4-4264-b399-45d0c9cca1ab/resourceGroups/testps-rg-uvxht4/providers/Microsoft.Cdn/profiles/fdp-tr0vj1?api-version=2022-11-01-preview+3": {
    "Request": {
      "Method": "GET",
      "RequestUri": "https://management.azure.com/subscriptions/27cafca8-b9a4-4264-b399-45d0c9cca1ab/resourceGroups/testps-rg-uvxht4/providers/Microsoft.Cdn/profiles/fdp-tr0vj1?api-version=2022-11-01-preview",
      "Content": null,
      "isContentBase64": false,
      "Headers": {
        "Authorization": [ "[Filtered]" ],
        "x-ms-unique-id": [ "1134" ],
        "x-ms-client-request-id": [ "3ca8e85a-c06f-4eee-b3e9-64161cf625f6" ],
        "CommandName": [ "Az.Cdn.internal\\New-AzCdnProfile" ],
        "FullCommandName": [ "New-AzCdnProfile_CreateExpanded" ],
        "ParameterSetName": [ "__AllParameterSets" ],
        "User-Agent": [ "AzurePowershell/v0.0.0", "PSVersion/v7.2.9", "Az.Cdn/0.1.0" ]
      },
      "ContentHeaders": {
      }
    },
    "Response": {
      "StatusCode": 200,
      "Headers": {
        "Cache-Control": [ "no-cache" ],
        "Pragma": [ "no-cache" ],
        "Strict-Transport-Security": [ "max-age=31536000; includeSubDomains" ],
        "x-ms-request-id": [ "cb4a6e68-f415-4f10-a40d-441b8c1bb107" ],
        "x-ms-client-request-id": [ "3ca8e85a-c06f-4eee-b3e9-64161cf625f6" ],
        "Server": [ "Kestrel" ],
        "x-ms-ratelimit-remaining-subscription-resource-requests": [ "40" ],
        "x-ms-correlation-request-id": [ "ebc671c4-a1a0-4c98-b642-ec0fe95b41a2" ],
        "x-ms-routing-request-id": [ "SOUTHEASTASIA:20230325T020311Z:ebc671c4-a1a0-4c98-b642-ec0fe95b41a2" ],
        "X-Content-Type-Options": [ "nosniff" ],
        "Date": [ "Sat, 25 Mar 2023 02:03:10 GMT" ]
      },
      "ContentHeaders": {
        "Content-Length": [ "461" ],
        "Content-Type": [ "application/json; charset=utf-8" ],
        "Expires": [ "-1" ]
      },
      "Content": "{\"id\":\"/subscriptions/27cafca8-b9a4-4264-b399-45d0c9cca1ab/resourcegroups/testps-rg-uvxht4/providers/Microsoft.Cdn/profiles/fdp-tr0vj1\",\"type\":\"Microsoft.Cdn/profiles\",\"name\":\"fdp-tr0vj1\",\"location\":\"Global\",\"kind\":\"frontdoor\",\"tags\":{},\"sku\":{\"name\":\"Standard_AzureFrontDoor\"},\"properties\":{\"originResponseTimeoutSeconds\":30,\"frontDoorId\":\"b7e990ee-b789-4a1b-8b11-954426da8e08\",\"extendedProperties\":{},\"resourceState\":\"Active\",\"provisioningState\":\"Succeeded\"}}",
      "isContentBase64": false
    }
  },
  "Remove-AzFrontDoorCdnRoute+[NoContext]+Delete+$PUT+https://management.azure.com/subscriptions/27cafca8-b9a4-4264-b399-45d0c9cca1ab/resourceGroups/testps-rg-uvxht4/providers/Microsoft.Cdn/profiles/fdp-tr0vj1/afdEndpoints/end-lnsfbk?api-version=2022-11-01-preview+4": {
    "Request": {
      "Method": "PUT",
      "RequestUri": "https://management.azure.com/subscriptions/27cafca8-b9a4-4264-b399-45d0c9cca1ab/resourceGroups/testps-rg-uvxht4/providers/Microsoft.Cdn/profiles/fdp-tr0vj1/afdEndpoints/end-lnsfbk?api-version=2022-11-01-preview",
      "Content": "{\r\n  \"location\": \"Global\"\r\n}",
      "isContentBase64": false,
      "Headers": {
      },
      "ContentHeaders": {
        "Content-Type": [ "application/json" ],
        "Content-Length": [ "28" ]
      }
    },
    "Response": {
      "StatusCode": 201,
      "Headers": {
        "Cache-Control": [ "no-cache" ],
        "Pragma": [ "no-cache" ],
        "Retry-After": [ "10" ],
        "Strict-Transport-Security": [ "max-age=31536000; includeSubDomains" ],
        "x-ms-request-id": [ "9ef18f38-07c9-46b1-aed7-4c46e368b236" ],
        "x-ms-client-request-id": [ "155aef2b-2be9-41a1-b596-7dfd93167d0d" ],
        "Azure-AsyncOperation": [ "https://management.azure.com/subscriptions/27cafca8-b9a4-4264-b399-45d0c9cca1ab/resourcegroups/testps-rg-uvxht4/providers/Microsoft.Cdn/operationresults/fdeb04b5-b080-42be-a77a-ac3b1b69937f?api-version=2022-11-01-preview" ],
        "Server": [ "Kestrel" ],
        "x-ms-ratelimit-remaining-subscription-resource-requests": [ "96" ],
        "x-ms-correlation-request-id": [ "ae5698e6-4501-4d3c-9c5c-588ffebaca43" ],
        "x-ms-routing-request-id": [ "SOUTHEASTASIA:20230325T020316Z:ae5698e6-4501-4d3c-9c5c-588ffebaca43" ],
        "X-Content-Type-Options": [ "nosniff" ],
        "Date": [ "Sat, 25 Mar 2023 02:03:15 GMT" ]
      },
      "ContentHeaders": {
        "Content-Length": [ "456" ],
        "Content-Type": [ "application/json; charset=utf-8" ],
        "Expires": [ "-1" ]
      },
      "Content": "{\"id\":\"/subscriptions/27cafca8-b9a4-4264-b399-45d0c9cca1ab/resourcegroups/testps-rg-uvxht4/providers/Microsoft.Cdn/profiles/fdp-tr0vj1/afdendpoints/end-lnsfbk\",\"type\":\"Microsoft.Cdn/profiles/afdendpoints\",\"name\":\"end-lnsfbk\",\"location\":\"Global\",\"tags\":{},\"properties\":{\"hostName\":\"end-lnsfbk-fdccf3ebbybyg5h5.z01.azurefd.net\",\"autoGeneratedDomainNameLabelScope\":null,\"enabledState\":\"Enabled\",\"provisioningState\":\"Creating\",\"deploymentStatus\":\"NotStarted\"}}",
      "isContentBase64": false
    }
  },
  "Remove-AzFrontDoorCdnRoute+[NoContext]+Delete+$GET+https://management.azure.com/subscriptions/27cafca8-b9a4-4264-b399-45d0c9cca1ab/resourcegroups/testps-rg-uvxht4/providers/Microsoft.Cdn/operationresults/fdeb04b5-b080-42be-a77a-ac3b1b69937f?api-version=2022-11-01-preview+5": {
    "Request": {
      "Method": "GET",
      "RequestUri": "https://management.azure.com/subscriptions/27cafca8-b9a4-4264-b399-45d0c9cca1ab/resourcegroups/testps-rg-uvxht4/providers/Microsoft.Cdn/operationresults/fdeb04b5-b080-42be-a77a-ac3b1b69937f?api-version=2022-11-01-preview",
      "Content": null,
      "isContentBase64": false,
      "Headers": {
        "Authorization": [ "[Filtered]" ],
        "x-ms-unique-id": [ "1136" ],
        "x-ms-client-request-id": [ "155aef2b-2be9-41a1-b596-7dfd93167d0d" ],
        "CommandName": [ "New-AzFrontDoorCdnEndpoint" ],
        "FullCommandName": [ "New-AzFrontDoorCdnEndpoint_CreateExpanded" ],
        "ParameterSetName": [ "__AllParameterSets" ],
        "User-Agent": [ "AzurePowershell/v0.0.0", "PSVersion/v7.2.9", "Az.Cdn/0.1.0" ]
      },
      "ContentHeaders": {
      }
    },
    "Response": {
      "StatusCode": 200,
      "Headers": {
        "Cache-Control": [ "no-cache" ],
        "Pragma": [ "no-cache" ],
        "Strict-Transport-Security": [ "max-age=31536000; includeSubDomains" ],
        "x-ms-request-id": [ "3fb74b25-067c-49fb-bbae-b3f9f7e87636" ],
        "x-ms-client-request-id": [ "155aef2b-2be9-41a1-b596-7dfd93167d0d" ],
        "Server": [ "Kestrel" ],
        "x-ms-ratelimit-remaining-subscription-reads": [ "11894" ],
        "x-ms-correlation-request-id": [ "1568a403-abbd-4dfe-9e82-5da045519bbd" ],
        "x-ms-routing-request-id": [ "SOUTHEASTASIA:20230325T020326Z:1568a403-abbd-4dfe-9e82-5da045519bbd" ],
        "X-Content-Type-Options": [ "nosniff" ],
        "Date": [ "Sat, 25 Mar 2023 02:03:25 GMT" ]
      },
      "ContentHeaders": {
        "Content-Length": [ "61" ],
        "Content-Type": [ "application/json; charset=utf-8" ],
        "Expires": [ "-1" ]
      },
      "Content": "{\"status\":\"Succeeded\",\"error\":{\"code\":\"None\",\"message\":null}}",
      "isContentBase64": false
    }
  },
  "Remove-AzFrontDoorCdnRoute+[NoContext]+Delete+$GET+https://management.azure.com/subscriptions/27cafca8-b9a4-4264-b399-45d0c9cca1ab/resourceGroups/testps-rg-uvxht4/providers/Microsoft.Cdn/profiles/fdp-tr0vj1/afdEndpoints/end-lnsfbk?api-version=2022-11-01-preview+6": {
    "Request": {
      "Method": "GET",
      "RequestUri": "https://management.azure.com/subscriptions/27cafca8-b9a4-4264-b399-45d0c9cca1ab/resourceGroups/testps-rg-uvxht4/providers/Microsoft.Cdn/profiles/fdp-tr0vj1/afdEndpoints/end-lnsfbk?api-version=2022-11-01-preview",
      "Content": null,
      "isContentBase64": false,
      "Headers": {
        "Authorization": [ "[Filtered]" ],
        "x-ms-unique-id": [ "1137" ],
        "x-ms-client-request-id": [ "155aef2b-2be9-41a1-b596-7dfd93167d0d" ],
        "CommandName": [ "New-AzFrontDoorCdnEndpoint" ],
        "FullCommandName": [ "New-AzFrontDoorCdnEndpoint_CreateExpanded" ],
        "ParameterSetName": [ "__AllParameterSets" ],
        "User-Agent": [ "AzurePowershell/v0.0.0", "PSVersion/v7.2.9", "Az.Cdn/0.1.0" ]
      },
      "ContentHeaders": {
      }
    },
    "Response": {
      "StatusCode": 200,
      "Headers": {
        "Cache-Control": [ "no-cache" ],
        "Pragma": [ "no-cache" ],
        "Strict-Transport-Security": [ "max-age=31536000; includeSubDomains" ],
        "x-ms-request-id": [ "8439faf6-e7a7-4e4a-9743-734f1d3d41f7" ],
        "x-ms-client-request-id": [ "155aef2b-2be9-41a1-b596-7dfd93167d0d" ],
        "Server": [ "Kestrel" ],
        "x-ms-ratelimit-remaining-subscription-resource-requests": [ "47" ],
        "x-ms-correlation-request-id": [ "117410c3-48a8-4fdb-ac7c-d5f3d8ff9735" ],
        "x-ms-routing-request-id": [ "SOUTHEASTASIA:20230325T020327Z:117410c3-48a8-4fdb-ac7c-d5f3d8ff9735" ],
        "X-Content-Type-Options": [ "nosniff" ],
        "Date": [ "Sat, 25 Mar 2023 02:03:26 GMT" ]
      },
      "ContentHeaders": {
        "Content-Length": [ "457" ],
        "Content-Type": [ "application/json; charset=utf-8" ],
        "Expires": [ "-1" ]
      },
      "Content": "{\"id\":\"/subscriptions/27cafca8-b9a4-4264-b399-45d0c9cca1ab/resourcegroups/testps-rg-uvxht4/providers/Microsoft.Cdn/profiles/fdp-tr0vj1/afdendpoints/end-lnsfbk\",\"type\":\"Microsoft.Cdn/profiles/afdendpoints\",\"name\":\"end-lnsfbk\",\"location\":\"Global\",\"tags\":{},\"properties\":{\"hostName\":\"end-lnsfbk-fdccf3ebbybyg5h5.z01.azurefd.net\",\"autoGeneratedDomainNameLabelScope\":null,\"enabledState\":\"Enabled\",\"provisioningState\":\"Succeeded\",\"deploymentStatus\":\"NotStarted\"}}",
      "isContentBase64": false
    }
  },
  "Remove-AzFrontDoorCdnRoute+[NoContext]+Delete+$PUT+https://management.azure.com/subscriptions/27cafca8-b9a4-4264-b399-45d0c9cca1ab/resourceGroups/testps-rg-uvxht4/providers/Microsoft.Cdn/profiles/fdp-tr0vj1/originGroups/orgwn724r?api-version=2022-11-01-preview+7": {
    "Request": {
      "Method": "PUT",
      "RequestUri": "https://management.azure.com/subscriptions/27cafca8-b9a4-4264-b399-45d0c9cca1ab/resourceGroups/testps-rg-uvxht4/providers/Microsoft.Cdn/profiles/fdp-tr0vj1/originGroups/orgwn724r?api-version=2022-11-01-preview",
      "Content": "{\r\n  \"properties\": {\r\n    \"loadBalancingSettings\": {\r\n      \"sampleSize\": 5,\r\n      \"successfulSamplesRequired\": 4,\r\n      \"additionalLatencyInMilliseconds\": 200\r\n    },\r\n    \"healthProbeSettings\": {\r\n      \"probePath\": \"/\",\r\n      \"probeRequestType\": \"GET\",\r\n      \"probeProtocol\": \"Https\",\r\n      \"probeIntervalInSeconds\": 1\r\n    }\r\n  }\r\n}",
      "isContentBase64": false,
      "Headers": {
      },
      "ContentHeaders": {
        "Content-Type": [ "application/json" ],
        "Content-Length": [ "341" ]
      }
    },
    "Response": {
      "StatusCode": 201,
      "Headers": {
        "Cache-Control": [ "no-cache" ],
        "Pragma": [ "no-cache" ],
        "Strict-Transport-Security": [ "max-age=31536000; includeSubDomains" ],
        "x-ms-request-id": [ "2d4ea7e6-1b9b-42ad-84f3-8a184c110b24" ],
        "x-ms-client-request-id": [ "88e10eb7-6af6-44d9-944a-bb6208d23fdd" ],
        "Server": [ "Kestrel" ],
        "x-ms-ratelimit-remaining-subscription-resource-requests": [ "95" ],
        "x-ms-correlation-request-id": [ "d67b2402-ac7a-4963-8501-6d8a7decc392" ],
        "x-ms-routing-request-id": [ "SOUTHEASTASIA:20230325T020328Z:d67b2402-ac7a-4963-8501-6d8a7decc392" ],
        "X-Content-Type-Options": [ "nosniff" ],
        "Date": [ "Sat, 25 Mar 2023 02:03:27 GMT" ]
      },
      "ContentHeaders": {
        "Content-Length": [ "622" ],
        "Content-Type": [ "application/json; charset=utf-8" ],
        "Expires": [ "-1" ]
      },
      "Content": "{\"id\":\"/subscriptions/27cafca8-b9a4-4264-b399-45d0c9cca1ab/resourcegroups/testps-rg-uvxht4/providers/Microsoft.Cdn/profiles/fdp-tr0vj1/origingroups/orgwn724r\",\"type\":\"Microsoft.Cdn/profiles/origingroups\",\"name\":\"orgwn724r\",\"properties\":{\"loadBalancingSettings\":{\"sampleSize\":5,\"successfulSamplesRequired\":4,\"additionalLatencyInMilliseconds\":200},\"healthProbeSettings\":{\"probePath\":\"/\",\"probeRequestType\":\"GET\",\"probeProtocol\":\"Https\",\"probeIntervalInSeconds\":1},\"trafficRestorationTimeToHealedOrNewEndpointsInMinutes\":null,\"sessionAffinityState\":\"Disabled\",\"provisioningState\":\"Succeeded\",\"deploymentStatus\":\"NotStarted\"}}",
      "isContentBase64": false
    }
  },
  "Remove-AzFrontDoorCdnRoute+[NoContext]+Delete+$GET+https://management.azure.com/subscriptions/27cafca8-b9a4-4264-b399-45d0c9cca1ab/resourceGroups/testps-rg-uvxht4/providers/Microsoft.Cdn/profiles/fdp-tr0vj1/originGroups/orgwn724r?api-version=2022-11-01-preview+8": {
    "Request": {
      "Method": "GET",
      "RequestUri": "https://management.azure.com/subscriptions/27cafca8-b9a4-4264-b399-45d0c9cca1ab/resourceGroups/testps-rg-uvxht4/providers/Microsoft.Cdn/profiles/fdp-tr0vj1/originGroups/orgwn724r?api-version=2022-11-01-preview",
      "Content": null,
      "isContentBase64": false,
      "Headers": {
        "Authorization": [ "[Filtered]" ],
        "x-ms-unique-id": [ "1139" ],
        "x-ms-client-request-id": [ "88e10eb7-6af6-44d9-944a-bb6208d23fdd" ],
        "CommandName": [ "New-AzFrontDoorCdnOriginGroup" ],
        "FullCommandName": [ "New-AzFrontDoorCdnOriginGroup_CreateExpanded" ],
        "ParameterSetName": [ "__AllParameterSets" ],
        "User-Agent": [ "AzurePowershell/v0.0.0", "PSVersion/v7.2.9", "Az.Cdn/0.1.0" ]
      },
      "ContentHeaders": {
      }
    },
    "Response": {
      "StatusCode": 200,
      "Headers": {
        "Cache-Control": [ "no-cache" ],
        "Pragma": [ "no-cache" ],
        "Strict-Transport-Security": [ "max-age=31536000; includeSubDomains" ],
        "x-ms-request-id": [ "aa90c926-946c-4733-a718-9c449517180b" ],
        "x-ms-client-request-id": [ "88e10eb7-6af6-44d9-944a-bb6208d23fdd" ],
        "Server": [ "Kestrel" ],
        "x-ms-ratelimit-remaining-subscription-reads": [ "11893" ],
        "x-ms-correlation-request-id": [ "181e87df-f46d-459e-a072-0d31e6472864" ],
        "x-ms-routing-request-id": [ "SOUTHEASTASIA:20230325T020359Z:181e87df-f46d-459e-a072-0d31e6472864" ],
        "X-Content-Type-Options": [ "nosniff" ],
        "Date": [ "Sat, 25 Mar 2023 02:03:58 GMT" ]
      },
      "ContentHeaders": {
        "Content-Length": [ "622" ],
        "Content-Type": [ "application/json; charset=utf-8" ],
        "Expires": [ "-1" ]
      },
      "Content": "{\"id\":\"/subscriptions/27cafca8-b9a4-4264-b399-45d0c9cca1ab/resourcegroups/testps-rg-uvxht4/providers/Microsoft.Cdn/profiles/fdp-tr0vj1/origingroups/orgwn724r\",\"type\":\"Microsoft.Cdn/profiles/origingroups\",\"name\":\"orgwn724r\",\"properties\":{\"loadBalancingSettings\":{\"sampleSize\":5,\"successfulSamplesRequired\":4,\"additionalLatencyInMilliseconds\":200},\"healthProbeSettings\":{\"probePath\":\"/\",\"probeRequestType\":\"GET\",\"probeProtocol\":\"Https\",\"probeIntervalInSeconds\":1},\"trafficRestorationTimeToHealedOrNewEndpointsInMinutes\":null,\"sessionAffinityState\":\"Disabled\",\"provisioningState\":\"Succeeded\",\"deploymentStatus\":\"NotStarted\"}}",
      "isContentBase64": false
    }
  },
  "Remove-AzFrontDoorCdnRoute+[NoContext]+Delete+$GET+https://management.azure.com/subscriptions/27cafca8-b9a4-4264-b399-45d0c9cca1ab/resourceGroups/testps-rg-uvxht4/providers/Microsoft.Cdn/profiles/fdp-tr0vj1/originGroups/orgwn724r?api-version=2022-11-01-preview+9": {
    "Request": {
      "Method": "GET",
      "RequestUri": "https://management.azure.com/subscriptions/27cafca8-b9a4-4264-b399-45d0c9cca1ab/resourceGroups/testps-rg-uvxht4/providers/Microsoft.Cdn/profiles/fdp-tr0vj1/originGroups/orgwn724r?api-version=2022-11-01-preview",
      "Content": null,
      "isContentBase64": false,
      "Headers": {
        "Authorization": [ "[Filtered]" ],
        "x-ms-unique-id": [ "1140" ],
        "x-ms-client-request-id": [ "88e10eb7-6af6-44d9-944a-bb6208d23fdd" ],
        "CommandName": [ "New-AzFrontDoorCdnOriginGroup" ],
        "FullCommandName": [ "New-AzFrontDoorCdnOriginGroup_CreateExpanded" ],
        "ParameterSetName": [ "__AllParameterSets" ],
        "User-Agent": [ "AzurePowershell/v0.0.0", "PSVersion/v7.2.9", "Az.Cdn/0.1.0" ]
      },
      "ContentHeaders": {
      }
    },
    "Response": {
      "StatusCode": 200,
      "Headers": {
        "Cache-Control": [ "no-cache" ],
        "Pragma": [ "no-cache" ],
        "Strict-Transport-Security": [ "max-age=31536000; includeSubDomains" ],
        "x-ms-request-id": [ "56b5ce87-126a-4ede-b6dd-a1d5c832e814" ],
        "x-ms-client-request-id": [ "88e10eb7-6af6-44d9-944a-bb6208d23fdd" ],
        "Server": [ "Kestrel" ],
        "x-ms-ratelimit-remaining-subscription-reads": [ "11892" ],
        "x-ms-correlation-request-id": [ "b7f1a778-5646-4556-80b3-07b785afd6a6" ],
        "x-ms-routing-request-id": [ "SOUTHEASTASIA:20230325T020359Z:b7f1a778-5646-4556-80b3-07b785afd6a6" ],
        "X-Content-Type-Options": [ "nosniff" ],
        "Date": [ "Sat, 25 Mar 2023 02:03:59 GMT" ]
      },
      "ContentHeaders": {
        "Content-Length": [ "622" ],
        "Content-Type": [ "application/json; charset=utf-8" ],
        "Expires": [ "-1" ]
      },
      "Content": "{\"id\":\"/subscriptions/27cafca8-b9a4-4264-b399-45d0c9cca1ab/resourcegroups/testps-rg-uvxht4/providers/Microsoft.Cdn/profiles/fdp-tr0vj1/origingroups/orgwn724r\",\"type\":\"Microsoft.Cdn/profiles/origingroups\",\"name\":\"orgwn724r\",\"properties\":{\"loadBalancingSettings\":{\"sampleSize\":5,\"successfulSamplesRequired\":4,\"additionalLatencyInMilliseconds\":200},\"healthProbeSettings\":{\"probePath\":\"/\",\"probeRequestType\":\"GET\",\"probeProtocol\":\"Https\",\"probeIntervalInSeconds\":1},\"trafficRestorationTimeToHealedOrNewEndpointsInMinutes\":null,\"sessionAffinityState\":\"Disabled\",\"provisioningState\":\"Succeeded\",\"deploymentStatus\":\"NotStarted\"}}",
      "isContentBase64": false
    }
  },
  "Remove-AzFrontDoorCdnRoute+[NoContext]+Delete+$GET+https://management.azure.com/subscriptions/27cafca8-b9a4-4264-b399-45d0c9cca1ab/resourceGroups/testps-rg-uvxht4/providers/Microsoft.Cdn/profiles/fdp-tr0vj1/originGroups/orgwn724r?api-version=2022-11-01-preview+10": {
    "Request": {
      "Method": "GET",
      "RequestUri": "https://management.azure.com/subscriptions/27cafca8-b9a4-4264-b399-45d0c9cca1ab/resourceGroups/testps-rg-uvxht4/providers/Microsoft.Cdn/profiles/fdp-tr0vj1/originGroups/orgwn724r?api-version=2022-11-01-preview",
      "Content": null,
      "isContentBase64": false,
      "Headers": {
        "x-ms-unique-id": [ "1141" ],
        "x-ms-client-request-id": [ "213d14ba-a53d-4f65-8dda-11956492455f" ],
        "CommandName": [ "Get-AzFrontDoorCdnOriginGroup" ],
        "FullCommandName": [ "Get-AzFrontDoorCdnOriginGroup_Get" ],
        "ParameterSetName": [ "__AllParameterSets" ],
        "User-Agent": [ "AzurePowershell/v0.0.0", "PSVersion/v7.2.9", "Az.Cdn/0.1.0" ],
        "Authorization": [ "[Filtered]" ]
      },
      "ContentHeaders": {
      }
    },
    "Response": {
      "StatusCode": 200,
      "Headers": {
        "Cache-Control": [ "no-cache" ],
        "Pragma": [ "no-cache" ],
        "x-ms-ratelimit-remaining-subscription-reads": [ "11891" ],
        "Strict-Transport-Security": [ "max-age=31536000; includeSubDomains" ],
        "x-ms-request-id": [ "ed726ad2-d9c7-41b9-87c1-0cfe225d81ec" ],
        "x-ms-client-request-id": [ "213d14ba-a53d-4f65-8dda-11956492455f" ],
        "Server": [ "Kestrel" ],
        "x-ms-correlation-request-id": [ "33fb9a1e-432d-4986-9113-2b8cc2a3e631" ],
        "x-ms-routing-request-id": [ "SOUTHEASTASIA:20230325T020400Z:33fb9a1e-432d-4986-9113-2b8cc2a3e631" ],
        "X-Content-Type-Options": [ "nosniff" ],
        "Date": [ "Sat, 25 Mar 2023 02:03:59 GMT" ]
      },
      "ContentHeaders": {
        "Content-Length": [ "622" ],
        "Content-Type": [ "application/json; charset=utf-8" ],
        "Expires": [ "-1" ]
      },
      "Content": "{\"id\":\"/subscriptions/27cafca8-b9a4-4264-b399-45d0c9cca1ab/resourcegroups/testps-rg-uvxht4/providers/Microsoft.Cdn/profiles/fdp-tr0vj1/origingroups/orgwn724r\",\"type\":\"Microsoft.Cdn/profiles/origingroups\",\"name\":\"orgwn724r\",\"properties\":{\"loadBalancingSettings\":{\"sampleSize\":5,\"successfulSamplesRequired\":4,\"additionalLatencyInMilliseconds\":200},\"healthProbeSettings\":{\"probePath\":\"/\",\"probeRequestType\":\"GET\",\"probeProtocol\":\"Https\",\"probeIntervalInSeconds\":1},\"trafficRestorationTimeToHealedOrNewEndpointsInMinutes\":null,\"sessionAffinityState\":\"Disabled\",\"provisioningState\":\"Succeeded\",\"deploymentStatus\":\"NotStarted\"}}",
      "isContentBase64": false
    }
  },
  "Remove-AzFrontDoorCdnRoute+[NoContext]+Delete+$PUT+https://management.azure.com/subscriptions/27cafca8-b9a4-4264-b399-45d0c9cca1ab/resourceGroups/testps-rg-uvxht4/providers/Microsoft.Cdn/profiles/fdp-tr0vj1/originGroups/orgwn724r/origins/oripw4buy?api-version=2022-11-01-preview+11": {
    "Request": {
      "Method": "PUT",
      "RequestUri": "https://management.azure.com/subscriptions/27cafca8-b9a4-4264-b399-45d0c9cca1ab/resourceGroups/testps-rg-uvxht4/providers/Microsoft.Cdn/profiles/fdp-tr0vj1/originGroups/orgwn724r/origins/oripw4buy?api-version=2022-11-01-preview",
      "Content": "{\r\n  \"properties\": {\r\n    \"hostName\": \"en.wikipedia.org\",\r\n    \"httpPort\": 80,\r\n    \"httpsPort\": 443,\r\n    \"originHostHeader\": \"en.wikipedia.org\",\r\n    \"priority\": 1,\r\n    \"weight\": 1000\r\n  }\r\n}",
      "isContentBase64": false,
      "Headers": {
      },
      "ContentHeaders": {
        "Content-Type": [ "application/json" ],
        "Content-Length": [ "194" ]
      }
    },
    "Response": {
      "StatusCode": 201,
      "Headers": {
        "Cache-Control": [ "no-cache" ],
        "Pragma": [ "no-cache" ],
        "Retry-After": [ "10" ],
        "Strict-Transport-Security": [ "max-age=31536000; includeSubDomains" ],
        "x-ms-request-id": [ "71b4c459-5a75-45bf-b7f3-7748341dde29" ],
        "x-ms-client-request-id": [ "28e66fa9-ee6f-48b8-a505-664fab5e1390" ],
        "Azure-AsyncOperation": [ "https://management.azure.com/subscriptions/27cafca8-b9a4-4264-b399-45d0c9cca1ab/resourcegroups/testps-rg-uvxht4/providers/Microsoft.Cdn/operationresults/a6189b58-f5de-4838-a969-320eccbc2f69?api-version=2022-11-01-preview" ],
        "Server": [ "Kestrel" ],
        "x-ms-ratelimit-remaining-subscription-resource-requests": [ "97" ],
        "x-ms-correlation-request-id": [ "adbb0e4e-f992-4049-aad7-01ee8f2b54ac" ],
        "x-ms-routing-request-id": [ "SOUTHEASTASIA:20230325T020402Z:adbb0e4e-f992-4049-aad7-01ee8f2b54ac" ],
        "X-Content-Type-Options": [ "nosniff" ],
        "Date": [ "Sat, 25 Mar 2023 02:04:02 GMT" ]
      },
      "ContentHeaders": {
        "Content-Length": [ "575" ],
        "Content-Type": [ "application/json; charset=utf-8" ],
        "Expires": [ "-1" ]
      },
      "Content": "{\"id\":\"/subscriptions/27cafca8-b9a4-4264-b399-45d0c9cca1ab/resourcegroups/testps-rg-uvxht4/providers/Microsoft.Cdn/profiles/fdp-tr0vj1/origingroups/orgwn724r/origins/oripw4buy\",\"type\":\"Microsoft.Cdn/profiles/origingroups/origins\",\"name\":\"oripw4buy\",\"properties\":{\"originGroupName\":\"orgwn724r\",\"hostName\":\"en.wikipedia.org\",\"httpPort\":80,\"httpsPort\":443,\"originHostHeader\":\"en.wikipedia.org\",\"priority\":1,\"weight\":1000,\"enabledState\":\"Enabled\",\"sharedPrivateLinkResource\":null,\"enforceCertificateNameCheck\":true,\"provisioningState\":\"Creating\",\"deploymentStatus\":\"NotStarted\"}}",
      "isContentBase64": false
    }
  },
  "Remove-AzFrontDoorCdnRoute+[NoContext]+Delete+$GET+https://management.azure.com/subscriptions/27cafca8-b9a4-4264-b399-45d0c9cca1ab/resourcegroups/testps-rg-uvxht4/providers/Microsoft.Cdn/operationresults/a6189b58-f5de-4838-a969-320eccbc2f69?api-version=2022-11-01-preview+12": {
    "Request": {
      "Method": "GET",
      "RequestUri": "https://management.azure.com/subscriptions/27cafca8-b9a4-4264-b399-45d0c9cca1ab/resourcegroups/testps-rg-uvxht4/providers/Microsoft.Cdn/operationresults/a6189b58-f5de-4838-a969-320eccbc2f69?api-version=2022-11-01-preview",
      "Content": null,
      "isContentBase64": false,
      "Headers": {
        "Authorization": [ "[Filtered]" ],
        "x-ms-unique-id": [ "1143" ],
        "x-ms-client-request-id": [ "28e66fa9-ee6f-48b8-a505-664fab5e1390" ],
        "CommandName": [ "New-AzFrontDoorCdnOrigin" ],
        "FullCommandName": [ "New-AzFrontDoorCdnOrigin_CreateExpanded" ],
        "ParameterSetName": [ "__AllParameterSets" ],
        "User-Agent": [ "AzurePowershell/v0.0.0", "PSVersion/v7.2.9", "Az.Cdn/0.1.0" ]
      },
      "ContentHeaders": {
      }
    },
    "Response": {
      "StatusCode": 200,
      "Headers": {
        "Cache-Control": [ "no-cache" ],
        "Pragma": [ "no-cache" ],
        "Strict-Transport-Security": [ "max-age=31536000; includeSubDomains" ],
        "x-ms-request-id": [ "135f6451-3501-4506-a15f-82d7a426e3ff" ],
        "x-ms-client-request-id": [ "28e66fa9-ee6f-48b8-a505-664fab5e1390" ],
        "Server": [ "Kestrel" ],
        "x-ms-ratelimit-remaining-subscription-reads": [ "11890" ],
        "x-ms-correlation-request-id": [ "1c4c9903-29bb-462e-bf25-9c853d4fd205" ],
        "x-ms-routing-request-id": [ "SOUTHEASTASIA:20230325T020413Z:1c4c9903-29bb-462e-bf25-9c853d4fd205" ],
        "X-Content-Type-Options": [ "nosniff" ],
        "Date": [ "Sat, 25 Mar 2023 02:04:12 GMT" ]
      },
      "ContentHeaders": {
        "Content-Length": [ "61" ],
        "Content-Type": [ "application/json; charset=utf-8" ],
        "Expires": [ "-1" ]
      },
      "Content": "{\"status\":\"Succeeded\",\"error\":{\"code\":\"None\",\"message\":null}}",
      "isContentBase64": false
    }
  },
  "Remove-AzFrontDoorCdnRoute+[NoContext]+Delete+$GET+https://management.azure.com/subscriptions/27cafca8-b9a4-4264-b399-45d0c9cca1ab/resourceGroups/testps-rg-uvxht4/providers/Microsoft.Cdn/profiles/fdp-tr0vj1/originGroups/orgwn724r/origins/oripw4buy?api-version=2022-11-01-preview+13": {
    "Request": {
      "Method": "GET",
      "RequestUri": "https://management.azure.com/subscriptions/27cafca8-b9a4-4264-b399-45d0c9cca1ab/resourceGroups/testps-rg-uvxht4/providers/Microsoft.Cdn/profiles/fdp-tr0vj1/originGroups/orgwn724r/origins/oripw4buy?api-version=2022-11-01-preview",
      "Content": null,
      "isContentBase64": false,
      "Headers": {
        "Authorization": [ "[Filtered]" ],
        "x-ms-unique-id": [ "1144" ],
        "x-ms-client-request-id": [ "28e66fa9-ee6f-48b8-a505-664fab5e1390" ],
        "CommandName": [ "New-AzFrontDoorCdnOrigin" ],
        "FullCommandName": [ "New-AzFrontDoorCdnOrigin_CreateExpanded" ],
        "ParameterSetName": [ "__AllParameterSets" ],
        "User-Agent": [ "AzurePowershell/v0.0.0", "PSVersion/v7.2.9", "Az.Cdn/0.1.0" ]
      },
      "ContentHeaders": {
      }
    },
    "Response": {
      "StatusCode": 200,
      "Headers": {
        "Cache-Control": [ "no-cache" ],
        "Pragma": [ "no-cache" ],
        "Strict-Transport-Security": [ "max-age=31536000; includeSubDomains" ],
        "x-ms-request-id": [ "5253b1a2-1180-407d-8a37-1bcc4eec6f76" ],
        "x-ms-client-request-id": [ "28e66fa9-ee6f-48b8-a505-664fab5e1390" ],
        "Server": [ "Kestrel" ],
        "x-ms-ratelimit-remaining-subscription-reads": [ "11889" ],
        "x-ms-correlation-request-id": [ "a3cbbc97-fe6b-4129-b699-5219dc7ff2b6" ],
        "x-ms-routing-request-id": [ "SOUTHEASTASIA:20230325T020413Z:a3cbbc97-fe6b-4129-b699-5219dc7ff2b6" ],
        "X-Content-Type-Options": [ "nosniff" ],
        "Date": [ "Sat, 25 Mar 2023 02:04:13 GMT" ]
      },
      "ContentHeaders": {
        "Content-Length": [ "576" ],
        "Content-Type": [ "application/json; charset=utf-8" ],
        "Expires": [ "-1" ]
      },
      "Content": "{\"id\":\"/subscriptions/27cafca8-b9a4-4264-b399-45d0c9cca1ab/resourcegroups/testps-rg-uvxht4/providers/Microsoft.Cdn/profiles/fdp-tr0vj1/origingroups/orgwn724r/origins/oripw4buy\",\"type\":\"Microsoft.Cdn/profiles/origingroups/origins\",\"name\":\"oripw4buy\",\"properties\":{\"originGroupName\":\"orgwn724r\",\"hostName\":\"en.wikipedia.org\",\"httpPort\":80,\"httpsPort\":443,\"originHostHeader\":\"en.wikipedia.org\",\"priority\":1,\"weight\":1000,\"enabledState\":\"Enabled\",\"sharedPrivateLinkResource\":null,\"enforceCertificateNameCheck\":true,\"provisioningState\":\"Succeeded\",\"deploymentStatus\":\"NotStarted\"}}",
      "isContentBase64": false
    }
  },
  "Remove-AzFrontDoorCdnRoute+[NoContext]+Delete+$PUT+https://management.azure.com/subscriptions/27cafca8-b9a4-4264-b399-45d0c9cca1ab/resourceGroups/testps-rg-uvxht4/providers/Microsoft.Cdn/profiles/fdp-tr0vj1/ruleSets/rsrnqbjl?api-version=2022-11-01-preview+14": {
    "Request": {
      "Method": "PUT",
      "RequestUri": "https://management.azure.com/subscriptions/27cafca8-b9a4-4264-b399-45d0c9cca1ab/resourceGroups/testps-rg-uvxht4/providers/Microsoft.Cdn/profiles/fdp-tr0vj1/ruleSets/rsrnqbjl?api-version=2022-11-01-preview",
      "Content": null,
      "isContentBase64": false,
      "Headers": {
        "x-ms-unique-id": [ "1145" ],
        "x-ms-client-request-id": [ "9f39eb2a-e4d5-437c-b8c4-1d280f0812b3" ],
        "CommandName": [ "New-AzFrontDoorCdnRuleSet" ],
        "FullCommandName": [ "New-AzFrontDoorCdnRuleSet_Create" ],
        "ParameterSetName": [ "__AllParameterSets" ],
        "User-Agent": [ "AzurePowershell/v0.0.0", "PSVersion/v7.2.9", "Az.Cdn/0.1.0" ],
        "Authorization": [ "[Filtered]" ]
      },
      "ContentHeaders": {
      }
    },
    "Response": {
      "StatusCode": 201,
      "Headers": {
        "Cache-Control": [ "no-cache" ],
        "Pragma": [ "no-cache" ],
        "Strict-Transport-Security": [ "max-age=31536000; includeSubDomains" ],
        "x-ms-request-id": [ "5b86ef77-f863-476c-8cdd-6b13bca871ab" ],
        "x-ms-client-request-id": [ "9f39eb2a-e4d5-437c-b8c4-1d280f0812b3" ],
        "Server": [ "Kestrel" ],
        "x-ms-ratelimit-remaining-subscription-resource-requests": [ "98" ],
        "x-ms-correlation-request-id": [ "dcbdf5a5-2133-45b1-b27e-4b5e1ab99a42" ],
        "x-ms-routing-request-id": [ "SOUTHEASTASIA:20230325T020414Z:dcbdf5a5-2133-45b1-b27e-4b5e1ab99a42" ],
        "X-Content-Type-Options": [ "nosniff" ],
        "Date": [ "Sat, 25 Mar 2023 02:04:14 GMT" ]
      },
      "ContentHeaders": {
        "Content-Length": [ "292" ],
        "Content-Type": [ "application/json; charset=utf-8" ],
        "Expires": [ "-1" ]
      },
      "Content": "{\"id\":\"/subscriptions/27cafca8-b9a4-4264-b399-45d0c9cca1ab/resourcegroups/testps-rg-uvxht4/providers/Microsoft.Cdn/profiles/fdp-tr0vj1/rulesets/rsrnqbjl\",\"type\":\"Microsoft.Cdn/profiles/rulesets\",\"name\":\"rsrnqbjl\",\"properties\":{\"provisioningState\":\"Succeeded\",\"deploymentStatus\":\"NotStarted\"}}",
      "isContentBase64": false
    }
  },
  "Remove-AzFrontDoorCdnRoute+[NoContext]+Delete+$PUT+https://management.azure.com/subscriptions/27cafca8-b9a4-4264-b399-45d0c9cca1ab/resourceGroups/testps-rg-uvxht4/providers/Microsoft.Cdn/profiles/fdp-tr0vj1/ruleSets/rsrnqbjl/rules/rl8vap2?api-version=2022-11-01-preview+15": {
    "Request": {
      "Method": "PUT",
      "RequestUri": "https://management.azure.com/subscriptions/27cafca8-b9a4-4264-b399-45d0c9cca1ab/resourceGroups/testps-rg-uvxht4/providers/Microsoft.Cdn/profiles/fdp-tr0vj1/ruleSets/rsrnqbjl/rules/rl8vap2?api-version=2022-11-01-preview",
      "Content": "{\r\n  \"properties\": {\r\n    \"conditions\": [\r\n      {\r\n        \"name\": \"RequestUri\",\r\n        \"parameters\": {\r\n          \"typeName\": \"DeliveryRuleRequestUriConditionParameters\",\r\n          \"operator\": \"Any\"\r\n        }\r\n      }\r\n    ],\r\n    \"actions\": [\r\n      {\r\n        \"name\": \"RouteConfigurationOverride\",\r\n        \"parameters\": {\r\n          \"cacheConfiguration\": {\r\n            \"queryStringCachingBehavior\": \"IgnoreSpecifiedQueryStrings\",\r\n            \"queryParameters\": \"a=test\",\r\n            \"isCompressionEnabled\": \"Enabled\",\r\n            \"cacheBehavior\": \"HonorOrigin\"\r\n          },\r\n          \"typeName\": \"DeliveryRuleRouteConfigurationOverrideActionParameters\"\r\n        }\r\n      }\r\n    ]\r\n  }\r\n}",
      "isContentBase64": false,
      "Headers": {
      },
      "ContentHeaders": {
        "Content-Type": [ "application/json" ],
        "Content-Length": [ "702" ]
      }
    },
    "Response": {
      "StatusCode": 201,
      "Headers": {
        "Cache-Control": [ "no-cache" ],
        "Pragma": [ "no-cache" ],
        "Retry-After": [ "10" ],
        "Strict-Transport-Security": [ "max-age=31536000; includeSubDomains" ],
        "x-ms-request-id": [ "24a8a7b4-b80b-4a73-8b3b-32de3ff71bff" ],
        "x-ms-client-request-id": [ "b1dae447-f12f-4a23-b6dd-0eff072cf23e" ],
        "Azure-AsyncOperation": [ "https://management.azure.com/subscriptions/27cafca8-b9a4-4264-b399-45d0c9cca1ab/resourcegroups/testps-rg-uvxht4/providers/Microsoft.Cdn/operationresults/120003ac-0c79-4490-959a-0bb7f9702f86?api-version=2022-11-01-preview" ],
        "Server": [ "Kestrel" ],
        "x-ms-ratelimit-remaining-subscription-resource-requests": [ "99" ],
        "x-ms-correlation-request-id": [ "5b71d468-28d4-406e-ac91-83dafcd83f20" ],
        "x-ms-routing-request-id": [ "SOUTHEASTASIA:20230325T020416Z:5b71d468-28d4-406e-ac91-83dafcd83f20" ],
        "X-Content-Type-Options": [ "nosniff" ],
        "Date": [ "Sat, 25 Mar 2023 02:04:15 GMT" ]
      },
      "ContentHeaders": {
        "Content-Length": [ "891" ],
        "Content-Type": [ "application/json; charset=utf-8" ],
        "Expires": [ "-1" ]
      },
      "Content": "{\"id\":\"/subscriptions/27cafca8-b9a4-4264-b399-45d0c9cca1ab/resourcegroups/testps-rg-uvxht4/providers/Microsoft.Cdn/profiles/fdp-tr0vj1/rulesets/rsrnqbjl/rules/rl8vap2\",\"type\":\"Microsoft.Cdn/profiles/rulesets/rules\",\"name\":\"rl8vap2\",\"properties\":{\"order\":0,\"conditions\":[{\"name\":\"RequestUri\",\"parameters\":{\"typeName\":\"DeliveryRuleRequestUriConditionParameters\",\"operator\":\"Any\",\"negateCondition\":false,\"matchValues\":[],\"transforms\":[]}}],\"actions\":[{\"name\":\"RouteConfigurationOverride\",\"parameters\":{\"typeName\":\"DeliveryRuleRouteConfigurationOverrideActionParameters\",\"cacheConfiguration\":{\"isCompressionEnabled\":\"Enabled\",\"queryStringCachingBehavior\":\"IgnoreSpecifiedQueryStrings\",\"queryParameters\":\"a=test\",\"cacheBehavior\":\"HonorOrigin\",\"cacheDuration\":null},\"originGroupOverride\":null}}],\"matchProcessingBehavior\":\"Continue\",\"provisioningState\":\"Creating\",\"deploymentStatus\":\"NotStarted\"}}",
      "isContentBase64": false
    }
  },
  "Remove-AzFrontDoorCdnRoute+[NoContext]+Delete+$GET+https://management.azure.com/subscriptions/27cafca8-b9a4-4264-b399-45d0c9cca1ab/resourcegroups/testps-rg-uvxht4/providers/Microsoft.Cdn/operationresults/120003ac-0c79-4490-959a-0bb7f9702f86?api-version=2022-11-01-preview+16": {
    "Request": {
      "Method": "GET",
      "RequestUri": "https://management.azure.com/subscriptions/27cafca8-b9a4-4264-b399-45d0c9cca1ab/resourcegroups/testps-rg-uvxht4/providers/Microsoft.Cdn/operationresults/120003ac-0c79-4490-959a-0bb7f9702f86?api-version=2022-11-01-preview",
      "Content": null,
      "isContentBase64": false,
      "Headers": {
        "Authorization": [ "[Filtered]" ],
        "x-ms-unique-id": [ "1147" ],
        "x-ms-client-request-id": [ "b1dae447-f12f-4a23-b6dd-0eff072cf23e" ],
        "CommandName": [ "New-AzFrontDoorCdnRule" ],
        "FullCommandName": [ "New-AzFrontDoorCdnRule_CreateExpanded" ],
        "ParameterSetName": [ "__AllParameterSets" ],
        "User-Agent": [ "AzurePowershell/v0.0.0", "PSVersion/v7.2.9", "Az.Cdn/0.1.0" ]
      },
      "ContentHeaders": {
      }
    },
    "Response": {
      "StatusCode": 200,
      "Headers": {
        "Cache-Control": [ "no-cache" ],
        "Pragma": [ "no-cache" ],
        "Strict-Transport-Security": [ "max-age=31536000; includeSubDomains" ],
        "x-ms-request-id": [ "95ee181c-1e17-4556-a3ad-a27aae932ea1" ],
        "x-ms-client-request-id": [ "b1dae447-f12f-4a23-b6dd-0eff072cf23e" ],
        "Server": [ "Kestrel" ],
        "x-ms-ratelimit-remaining-subscription-reads": [ "11888" ],
        "x-ms-correlation-request-id": [ "d850128c-7e01-432f-b75b-18eed047f4f0" ],
        "x-ms-routing-request-id": [ "SOUTHEASTASIA:20230325T020427Z:d850128c-7e01-432f-b75b-18eed047f4f0" ],
        "X-Content-Type-Options": [ "nosniff" ],
        "Date": [ "Sat, 25 Mar 2023 02:04:26 GMT" ]
      },
      "ContentHeaders": {
        "Content-Length": [ "61" ],
        "Content-Type": [ "application/json; charset=utf-8" ],
        "Expires": [ "-1" ]
      },
      "Content": "{\"status\":\"Succeeded\",\"error\":{\"code\":\"None\",\"message\":null}}",
      "isContentBase64": false
    }
  },
  "Remove-AzFrontDoorCdnRoute+[NoContext]+Delete+$GET+https://management.azure.com/subscriptions/27cafca8-b9a4-4264-b399-45d0c9cca1ab/resourceGroups/testps-rg-uvxht4/providers/Microsoft.Cdn/profiles/fdp-tr0vj1/ruleSets/rsrnqbjl/rules/rl8vap2?api-version=2022-11-01-preview+17": {
    "Request": {
      "Method": "GET",
      "RequestUri": "https://management.azure.com/subscriptions/27cafca8-b9a4-4264-b399-45d0c9cca1ab/resourceGroups/testps-rg-uvxht4/providers/Microsoft.Cdn/profiles/fdp-tr0vj1/ruleSets/rsrnqbjl/rules/rl8vap2?api-version=2022-11-01-preview",
      "Content": null,
      "isContentBase64": false,
      "Headers": {
        "Authorization": [ "[Filtered]" ],
        "x-ms-unique-id": [ "1148" ],
        "x-ms-client-request-id": [ "b1dae447-f12f-4a23-b6dd-0eff072cf23e" ],
        "CommandName": [ "New-AzFrontDoorCdnRule" ],
        "FullCommandName": [ "New-AzFrontDoorCdnRule_CreateExpanded" ],
        "ParameterSetName": [ "__AllParameterSets" ],
        "User-Agent": [ "AzurePowershell/v0.0.0", "PSVersion/v7.2.9", "Az.Cdn/0.1.0" ]
      },
      "ContentHeaders": {
      }
    },
    "Response": {
      "StatusCode": 200,
      "Headers": {
        "Cache-Control": [ "no-cache" ],
        "Pragma": [ "no-cache" ],
        "Strict-Transport-Security": [ "max-age=31536000; includeSubDomains" ],
        "x-ms-request-id": [ "604d16bb-119a-4bec-92df-5c9e12495026" ],
        "x-ms-client-request-id": [ "b1dae447-f12f-4a23-b6dd-0eff072cf23e" ],
        "Server": [ "Kestrel" ],
        "x-ms-ratelimit-remaining-subscription-reads": [ "11887" ],
        "x-ms-correlation-request-id": [ "102479a7-02f1-4417-8725-6de8703f8f8f" ],
        "x-ms-routing-request-id": [ "SOUTHEASTASIA:20230325T020427Z:102479a7-02f1-4417-8725-6de8703f8f8f" ],
        "X-Content-Type-Options": [ "nosniff" ],
        "Date": [ "Sat, 25 Mar 2023 02:04:27 GMT" ]
      },
      "ContentHeaders": {
        "Content-Length": [ "892" ],
        "Content-Type": [ "application/json; charset=utf-8" ],
        "Expires": [ "-1" ]
      },
      "Content": "{\"id\":\"/subscriptions/27cafca8-b9a4-4264-b399-45d0c9cca1ab/resourcegroups/testps-rg-uvxht4/providers/Microsoft.Cdn/profiles/fdp-tr0vj1/rulesets/rsrnqbjl/rules/rl8vap2\",\"type\":\"Microsoft.Cdn/profiles/rulesets/rules\",\"name\":\"rl8vap2\",\"properties\":{\"order\":0,\"conditions\":[{\"name\":\"RequestUri\",\"parameters\":{\"typeName\":\"DeliveryRuleRequestUriConditionParameters\",\"operator\":\"Any\",\"negateCondition\":false,\"matchValues\":[],\"transforms\":[]}}],\"actions\":[{\"name\":\"RouteConfigurationOverride\",\"parameters\":{\"typeName\":\"DeliveryRuleRouteConfigurationOverrideActionParameters\",\"cacheConfiguration\":{\"isCompressionEnabled\":\"Enabled\",\"queryStringCachingBehavior\":\"IgnoreSpecifiedQueryStrings\",\"queryParameters\":\"a=test\",\"cacheBehavior\":\"HonorOrigin\",\"cacheDuration\":null},\"originGroupOverride\":null}}],\"matchProcessingBehavior\":\"Continue\",\"provisioningState\":\"Succeeded\",\"deploymentStatus\":\"NotStarted\"}}",
      "isContentBase64": false
    }
  },
  "Remove-AzFrontDoorCdnRoute+[NoContext]+Delete+$PUT+https://management.azure.com/subscriptions/27cafca8-b9a4-4264-b399-45d0c9cca1ab/resourceGroups/testps-rg-uvxht4/providers/Microsoft.Cdn/profiles/fdp-tr0vj1/afdEndpoints/end-lnsfbk/routes/routea6pdhn?api-version=2022-11-01-preview+18": {
    "Request": {
      "Method": "PUT",
      "RequestUri": "https://management.azure.com/subscriptions/27cafca8-b9a4-4264-b399-45d0c9cca1ab/resourceGroups/testps-rg-uvxht4/providers/Microsoft.Cdn/profiles/fdp-tr0vj1/afdEndpoints/end-lnsfbk/routes/routea6pdhn?api-version=2022-11-01-preview",
      "Content": "{\r\n  \"properties\": {\r\n    \"originGroup\": {\r\n      \"id\": \"/subscriptions/27cafca8-b9a4-4264-b399-45d0c9cca1ab/resourcegroups/testps-rg-uvxht4/providers/Microsoft.Cdn/profiles/fdp-tr0vj1/origingroups/orgwn724r\"\r\n    },\r\n    \"ruleSets\": [\r\n      {\r\n        \"id\": \"/subscriptions/27cafca8-b9a4-4264-b399-45d0c9cca1ab/resourcegroups/testps-rg-uvxht4/providers/Microsoft.Cdn/profiles/fdp-tr0vj1/rulesets/rsrnqbjl\"\r\n      }\r\n    ],\r\n    \"patternsToMatch\": [ \"/*\" ],\r\n    \"linkToDefaultDomain\": \"Enabled\",\r\n    \"enabledState\": \"Enabled\"\r\n  }\r\n}",
      "isContentBase64": false,
      "Headers": {
      },
      "ContentHeaders": {
        "Content-Type": [ "application/json" ],
        "Content-Length": [ "536" ]
      }
    },
    "Response": {
      "StatusCode": 201,
      "Headers": {
        "Cache-Control": [ "no-cache" ],
        "Pragma": [ "no-cache" ],
        "Retry-After": [ "10" ],
        "Strict-Transport-Security": [ "max-age=31536000; includeSubDomains" ],
        "x-ms-request-id": [ "2c23deb6-7a1b-4968-9374-a1a0e203b78a" ],
        "x-ms-client-request-id": [ "2b0d41bf-b71e-49ee-9a02-4922807e63d3" ],
        "Azure-AsyncOperation": [ "https://management.azure.com/subscriptions/27cafca8-b9a4-4264-b399-45d0c9cca1ab/resourcegroups/testps-rg-uvxht4/providers/Microsoft.Cdn/operationresults/b6f39d04-b04b-43d8-bf28-c481cc3118dc?api-version=2022-11-01-preview" ],
        "Server": [ "Kestrel" ],
        "x-ms-ratelimit-remaining-subscription-resource-requests": [ "99" ],
        "x-ms-correlation-request-id": [ "4c5fa912-e82c-476a-91ba-5dae82aa57fb" ],
        "x-ms-routing-request-id": [ "SOUTHEASTASIA:20230325T020429Z:4c5fa912-e82c-476a-91ba-5dae82aa57fb" ],
        "X-Content-Type-Options": [ "nosniff" ],
        "Date": [ "Sat, 25 Mar 2023 02:04:29 GMT" ]
      },
      "ContentHeaders": {
        "Content-Length": [ "918" ],
        "Content-Type": [ "application/json; charset=utf-8" ],
        "Expires": [ "-1" ]
      },
      "Content": "{\"id\":\"/subscriptions/27cafca8-b9a4-4264-b399-45d0c9cca1ab/resourcegroups/testps-rg-uvxht4/providers/Microsoft.Cdn/profiles/fdp-tr0vj1/afdendpoints/end-lnsfbk/routes/routea6pdhn\",\"type\":\"Microsoft.Cdn/profiles/afdendpoints/routes\",\"name\":\"routea6pdhn\",\"properties\":{\"cacheConfiguration\":null,\"customDomains\":[],\"originGroup\":{\"id\":\"/subscriptions/27cafca8-b9a4-4264-b399-45d0c9cca1ab/resourcegroups/testps-rg-uvxht4/providers/Microsoft.Cdn/profiles/fdp-tr0vj1/origingroups/orgwn724r\"},\"originPath\":null,\"ruleSets\":[{\"id\":\"/subscriptions/27cafca8-b9a4-4264-b399-45d0c9cca1ab/resourcegroups/testps-rg-uvxht4/providers/Microsoft.Cdn/profiles/fdp-tr0vj1/rulesets/rsrnqbjl\"}],\"supportedProtocols\":[\"Http\",\"Https\"],\"patternsToMatch\":[\"/*\"],\"forwardingProtocol\":\"MatchRequest\",\"linkToDefaultDomain\":\"Enabled\",\"httpsRedirect\":\"Disabled\",\"enabledState\":\"Enabled\",\"provisioningState\":\"Creating\",\"deploymentStatus\":\"NotStarted\"}}",
      "isContentBase64": false
    }
  },
  "Remove-AzFrontDoorCdnRoute+[NoContext]+Delete+$GET+https://management.azure.com/subscriptions/27cafca8-b9a4-4264-b399-45d0c9cca1ab/resourcegroups/testps-rg-uvxht4/providers/Microsoft.Cdn/operationresults/b6f39d04-b04b-43d8-bf28-c481cc3118dc?api-version=2022-11-01-preview+19": {
    "Request": {
      "Method": "GET",
      "RequestUri": "https://management.azure.com/subscriptions/27cafca8-b9a4-4264-b399-45d0c9cca1ab/resourcegroups/testps-rg-uvxht4/providers/Microsoft.Cdn/operationresults/b6f39d04-b04b-43d8-bf28-c481cc3118dc?api-version=2022-11-01-preview",
      "Content": null,
      "isContentBase64": false,
      "Headers": {
        "Authorization": [ "[Filtered]" ],
        "x-ms-unique-id": [ "1150" ],
        "x-ms-client-request-id": [ "2b0d41bf-b71e-49ee-9a02-4922807e63d3" ],
        "CommandName": [ "New-AzFrontDoorCdnRoute" ],
        "FullCommandName": [ "New-AzFrontDoorCdnRoute_CreateExpanded" ],
        "ParameterSetName": [ "__AllParameterSets" ],
        "User-Agent": [ "AzurePowershell/v0.0.0", "PSVersion/v7.2.9", "Az.Cdn/0.1.0" ]
      },
      "ContentHeaders": {
      }
    },
    "Response": {
      "StatusCode": 200,
      "Headers": {
        "Cache-Control": [ "no-cache" ],
        "Pragma": [ "no-cache" ],
        "Strict-Transport-Security": [ "max-age=31536000; includeSubDomains" ],
        "x-ms-request-id": [ "f8d32f8a-c5ad-43d4-8bb4-c7c24395c676" ],
        "x-ms-client-request-id": [ "2b0d41bf-b71e-49ee-9a02-4922807e63d3" ],
        "Server": [ "Kestrel" ],
        "x-ms-ratelimit-remaining-subscription-reads": [ "11886" ],
        "x-ms-correlation-request-id": [ "dadf9e12-3807-43fd-8898-0c526f44ef03" ],
        "x-ms-routing-request-id": [ "SOUTHEASTASIA:20230325T020440Z:dadf9e12-3807-43fd-8898-0c526f44ef03" ],
        "X-Content-Type-Options": [ "nosniff" ],
        "Date": [ "Sat, 25 Mar 2023 02:04:39 GMT" ]
      },
      "ContentHeaders": {
        "Content-Length": [ "61" ],
        "Content-Type": [ "application/json; charset=utf-8" ],
        "Expires": [ "-1" ]
      },
      "Content": "{\"status\":\"Succeeded\",\"error\":{\"code\":\"None\",\"message\":null}}",
      "isContentBase64": false
    }
  },
  "Remove-AzFrontDoorCdnRoute+[NoContext]+Delete+$GET+https://management.azure.com/subscriptions/27cafca8-b9a4-4264-b399-45d0c9cca1ab/resourceGroups/testps-rg-uvxht4/providers/Microsoft.Cdn/profiles/fdp-tr0vj1/afdEndpoints/end-lnsfbk/routes/routea6pdhn?api-version=2022-11-01-preview+20": {
    "Request": {
      "Method": "GET",
      "RequestUri": "https://management.azure.com/subscriptions/27cafca8-b9a4-4264-b399-45d0c9cca1ab/resourceGroups/testps-rg-uvxht4/providers/Microsoft.Cdn/profiles/fdp-tr0vj1/afdEndpoints/end-lnsfbk/routes/routea6pdhn?api-version=2022-11-01-preview",
      "Content": null,
      "isContentBase64": false,
      "Headers": {
        "Authorization": [ "[Filtered]" ],
        "x-ms-unique-id": [ "1151" ],
        "x-ms-client-request-id": [ "2b0d41bf-b71e-49ee-9a02-4922807e63d3" ],
        "CommandName": [ "New-AzFrontDoorCdnRoute" ],
        "FullCommandName": [ "New-AzFrontDoorCdnRoute_CreateExpanded" ],
        "ParameterSetName": [ "__AllParameterSets" ],
        "User-Agent": [ "AzurePowershell/v0.0.0", "PSVersion/v7.2.9", "Az.Cdn/0.1.0" ]
      },
      "ContentHeaders": {
      }
    },
    "Response": {
      "StatusCode": 200,
      "Headers": {
        "Cache-Control": [ "no-cache" ],
        "Pragma": [ "no-cache" ],
        "Strict-Transport-Security": [ "max-age=31536000; includeSubDomains" ],
        "x-ms-request-id": [ "91adf39c-80bc-4134-b904-64ba0f2cac8b" ],
        "x-ms-client-request-id": [ "2b0d41bf-b71e-49ee-9a02-4922807e63d3" ],
        "Server": [ "Kestrel" ],
        "x-ms-ratelimit-remaining-subscription-reads": [ "11885" ],
        "x-ms-correlation-request-id": [ "542a5270-8383-4ed4-8aea-30ce99ddb4e4" ],
        "x-ms-routing-request-id": [ "SOUTHEASTASIA:20230325T020440Z:542a5270-8383-4ed4-8aea-30ce99ddb4e4" ],
        "X-Content-Type-Options": [ "nosniff" ],
        "Date": [ "Sat, 25 Mar 2023 02:04:40 GMT" ]
      },
      "ContentHeaders": {
        "Content-Length": [ "919" ],
        "Content-Type": [ "application/json; charset=utf-8" ],
        "Expires": [ "-1" ]
      },
      "Content": "{\"id\":\"/subscriptions/27cafca8-b9a4-4264-b399-45d0c9cca1ab/resourcegroups/testps-rg-uvxht4/providers/Microsoft.Cdn/profiles/fdp-tr0vj1/afdendpoints/end-lnsfbk/routes/routea6pdhn\",\"type\":\"Microsoft.Cdn/profiles/afdendpoints/routes\",\"name\":\"routea6pdhn\",\"properties\":{\"cacheConfiguration\":null,\"customDomains\":[],\"originGroup\":{\"id\":\"/subscriptions/27cafca8-b9a4-4264-b399-45d0c9cca1ab/resourcegroups/testps-rg-uvxht4/providers/Microsoft.Cdn/profiles/fdp-tr0vj1/origingroups/orgwn724r\"},\"originPath\":null,\"ruleSets\":[{\"id\":\"/subscriptions/27cafca8-b9a4-4264-b399-45d0c9cca1ab/resourcegroups/testps-rg-uvxht4/providers/Microsoft.Cdn/profiles/fdp-tr0vj1/rulesets/rsrnqbjl\"}],\"supportedProtocols\":[\"Http\",\"Https\"],\"patternsToMatch\":[\"/*\"],\"forwardingProtocol\":\"MatchRequest\",\"linkToDefaultDomain\":\"Enabled\",\"httpsRedirect\":\"Disabled\",\"enabledState\":\"Enabled\",\"provisioningState\":\"Succeeded\",\"deploymentStatus\":\"NotStarted\"}}",
      "isContentBase64": false
    }
  },
  "Remove-AzFrontDoorCdnRoute+[NoContext]+Delete+$DELETE+https://management.azure.com/subscriptions/27cafca8-b9a4-4264-b399-45d0c9cca1ab/resourceGroups/testps-rg-uvxht4/providers/Microsoft.Cdn/profiles/fdp-tr0vj1/afdEndpoints/end-lnsfbk/routes/routea6pdhn?api-version=2022-11-01-preview+21": {
    "Request": {
      "Method": "DELETE",
      "RequestUri": "https://management.azure.com/subscriptions/27cafca8-b9a4-4264-b399-45d0c9cca1ab/resourceGroups/testps-rg-uvxht4/providers/Microsoft.Cdn/profiles/fdp-tr0vj1/afdEndpoints/end-lnsfbk/routes/routea6pdhn?api-version=2022-11-01-preview",
      "Content": null,
      "isContentBase64": false,
      "Headers": {
        "x-ms-unique-id": [ "1152" ],
        "x-ms-client-request-id": [ "60116ff0-26d3-4b35-bf5d-320267b49d41" ],
        "CommandName": [ "Remove-AzFrontDoorCdnRoute" ],
        "FullCommandName": [ "Remove-AzFrontDoorCdnRoute_Delete" ],
        "ParameterSetName": [ "__AllParameterSets" ],
        "User-Agent": [ "AzurePowershell/v0.0.0", "PSVersion/v7.2.9", "Az.Cdn/0.1.0" ],
        "Authorization": [ "[Filtered]" ]
      },
      "ContentHeaders": {
      }
    },
    "Response": {
      "StatusCode": 202,
      "Headers": {
        "Cache-Control": [ "no-cache" ],
        "Pragma": [ "no-cache" ],
        "Location": [ "https://management.azure.com/subscriptions/27cafca8-b9a4-4264-b399-45d0c9cca1ab/resourcegroups/testps-rg-uvxht4/providers/Microsoft.Cdn/operationresults/a00b096c-f56f-4e67-af22-468ececdb4b5/profileresults/fdp-tr0vj1/afdendpointresults/end-lnsfbk/routeresults/routea6pdhn?api-version=2022-11-01-preview" ],
        "Retry-After": [ "10" ],
        "Strict-Transport-Security": [ "max-age=31536000; includeSubDomains" ],
        "x-ms-request-id": [ "60eee309-9fa9-41f4-82bc-a61a690b1434" ],
        "x-ms-client-request-id": [ "60116ff0-26d3-4b35-bf5d-320267b49d41" ],
        "Azure-AsyncOperation": [ "https://management.azure.com/subscriptions/27cafca8-b9a4-4264-b399-45d0c9cca1ab/resourcegroups/testps-rg-uvxht4/providers/Microsoft.Cdn/operationresults/a00b096c-f56f-4e67-af22-468ececdb4b5?api-version=2022-11-01-preview" ],
        "Server": [ "Kestrel" ],
        "x-ms-ratelimit-remaining-subscription-deletes": [ "14983" ],
        "x-ms-correlation-request-id": [ "0fba2046-1b26-479d-a8d2-f272be462c4b" ],
        "x-ms-routing-request-id": [ "SOUTHEASTASIA:20230325T020441Z:0fba2046-1b26-479d-a8d2-f272be462c4b" ],
        "X-Content-Type-Options": [ "nosniff" ],
        "Date": [ "Sat, 25 Mar 2023 02:04:41 GMT" ]
      },
      "ContentHeaders": {
        "Expires": [ "-1" ],
        "Content-Length": [ "0" ]
      },
      "Content": null,
      "isContentBase64": false
    }
  },
  "Remove-AzFrontDoorCdnRoute+[NoContext]+Delete+$GET+https://management.azure.com/subscriptions/27cafca8-b9a4-4264-b399-45d0c9cca1ab/resourcegroups/testps-rg-uvxht4/providers/Microsoft.Cdn/operationresults/a00b096c-f56f-4e67-af22-468ececdb4b5?api-version=2022-11-01-preview+22": {
    "Request": {
      "Method": "GET",
      "RequestUri": "https://management.azure.com/subscriptions/27cafca8-b9a4-4264-b399-45d0c9cca1ab/resourcegroups/testps-rg-uvxht4/providers/Microsoft.Cdn/operationresults/a00b096c-f56f-4e67-af22-468ececdb4b5?api-version=2022-11-01-preview",
      "Content": null,
      "isContentBase64": false,
      "Headers": {
        "Authorization": [ "[Filtered]" ],
        "x-ms-unique-id": [ "1153" ],
        "x-ms-client-request-id": [ "60116ff0-26d3-4b35-bf5d-320267b49d41" ],
        "CommandName": [ "Remove-AzFrontDoorCdnRoute" ],
        "FullCommandName": [ "Remove-AzFrontDoorCdnRoute_Delete" ],
        "ParameterSetName": [ "__AllParameterSets" ],
        "User-Agent": [ "AzurePowershell/v0.0.0", "PSVersion/v7.2.9", "Az.Cdn/0.1.0" ]
      },
      "ContentHeaders": {
      }
    },
    "Response": {
      "StatusCode": 200,
      "Headers": {
        "Cache-Control": [ "no-cache" ],
        "Pragma": [ "no-cache" ],
        "Strict-Transport-Security": [ "max-age=31536000; includeSubDomains" ],
        "x-ms-request-id": [ "7d76eddf-b0c4-4736-af23-77c91d791b05" ],
        "x-ms-client-request-id": [ "60116ff0-26d3-4b35-bf5d-320267b49d41" ],
        "Server": [ "Kestrel" ],
        "x-ms-ratelimit-remaining-subscription-reads": [ "11884" ],
        "x-ms-correlation-request-id": [ "5f633888-7061-4752-8da9-053283816953" ],
        "x-ms-routing-request-id": [ "SOUTHEASTASIA:20230325T020452Z:5f633888-7061-4752-8da9-053283816953" ],
        "X-Content-Type-Options": [ "nosniff" ],
        "Date": [ "Sat, 25 Mar 2023 02:04:51 GMT" ]
      },
      "ContentHeaders": {
        "Content-Length": [ "61" ],
        "Content-Type": [ "application/json; charset=utf-8" ],
        "Expires": [ "-1" ]
      },
      "Content": "{\"status\":\"Succeeded\",\"error\":{\"code\":\"None\",\"message\":null}}",
      "isContentBase64": false
    }
  },
  "Remove-AzFrontDoorCdnRoute+[NoContext]+Delete+$GET+https://management.azure.com/subscriptions/27cafca8-b9a4-4264-b399-45d0c9cca1ab/resourcegroups/testps-rg-uvxht4/providers/Microsoft.Cdn/operationresults/a00b096c-f56f-4e67-af22-468ececdb4b5?api-version=2022-11-01-preview+23": {
    "Request": {
      "Method": "GET",
      "RequestUri": "https://management.azure.com/subscriptions/27cafca8-b9a4-4264-b399-45d0c9cca1ab/resourcegroups/testps-rg-uvxht4/providers/Microsoft.Cdn/operationresults/a00b096c-f56f-4e67-af22-468ececdb4b5?api-version=2022-11-01-preview",
      "Content": null,
      "isContentBase64": false,
      "Headers": {
        "Authorization": [ "[Filtered]" ],
        "x-ms-unique-id": [ "1154" ],
        "x-ms-client-request-id": [ "60116ff0-26d3-4b35-bf5d-320267b49d41" ],
        "CommandName": [ "Remove-AzFrontDoorCdnRoute" ],
        "FullCommandName": [ "Remove-AzFrontDoorCdnRoute_Delete" ],
        "ParameterSetName": [ "__AllParameterSets" ],
        "User-Agent": [ "AzurePowershell/v0.0.0", "PSVersion/v7.2.9", "Az.Cdn/0.1.0" ]
      },
      "ContentHeaders": {
      }
    },
    "Response": {
      "StatusCode": 200,
      "Headers": {
        "Cache-Control": [ "no-cache" ],
        "Pragma": [ "no-cache" ],
        "Strict-Transport-Security": [ "max-age=31536000; includeSubDomains" ],
        "x-ms-request-id": [ "3e76a419-ed9b-4f5a-91b5-30c537bf2aab" ],
        "x-ms-client-request-id": [ "60116ff0-26d3-4b35-bf5d-320267b49d41" ],
        "Server": [ "Kestrel" ],
        "x-ms-ratelimit-remaining-subscription-reads": [ "11883" ],
        "x-ms-correlation-request-id": [ "ae9ab713-c7e7-4d65-bc3a-329a2bbd4dfb" ],
        "x-ms-routing-request-id": [ "SOUTHEASTASIA:20230325T020452Z:ae9ab713-c7e7-4d65-bc3a-329a2bbd4dfb" ],
        "X-Content-Type-Options": [ "nosniff" ],
        "Date": [ "Sat, 25 Mar 2023 02:04:51 GMT" ]
      },
      "ContentHeaders": {
        "Content-Length": [ "61" ],
        "Content-Type": [ "application/json; charset=utf-8" ],
        "Expires": [ "-1" ]
      },
      "Content": "{\"status\":\"Succeeded\",\"error\":{\"code\":\"None\",\"message\":null}}",
      "isContentBase64": false
    }
  }
}