{
  "Remove-AzFrontDoorCdnOrigin+[NoContext]+[NoScenario]+$PUT+https://management.azure.com/subscriptions/27cafca8-b9a4-4264-b399-45d0c9cca1ab/resourceGroups/testps-rg-n0yf/providers/Microsoft.Cdn/profiles/fdp-xtq4e1/originGroups/org5xciz7?api-version=2022-11-01-preview+1": {
    "Request": {
      "Method": "PUT",
      "RequestUri": "https://management.azure.com/subscriptions/27cafca8-b9a4-4264-b399-45d0c9cca1ab/resourceGroups/testps-rg-n0yf/providers/Microsoft.Cdn/profiles/fdp-xtq4e1/originGroups/org5xciz7?api-version=2022-11-01-preview",
      "Content": "{\r\n  \"properties\": {\r\n    \"loadBalancingSettings\": {\r\n      \"sampleSize\": 5,\r\n      \"successfulSamplesRequired\": 4,\r\n      \"additionalLatencyInMilliseconds\": 200\r\n    },\r\n    \"healthProbeSettings\": {\r\n      \"probePath\": \"/\",\r\n      \"probeRequestType\": \"GET\",\r\n      \"probeProtocol\": \"Https\",\r\n      \"probeIntervalInSeconds\": 1\r\n    }\r\n  }\r\n}",
      "isContentBase64": false,
      "Headers": {
      },
      "ContentHeaders": {
        "Content-Type": [ "application/json" ],
        "Content-Length": [ "341" ]
      }
    },
    "Response": {
      "StatusCode": 201,
      "Headers": {
        "Cache-Control": [ "no-cache" ],
        "Pragma": [ "no-cache" ],
        "Strict-Transport-Security": [ "max-age=31536000; includeSubDomains" ],
        "x-ms-request-id": [ "0bfd1a51-469a-4677-a971-6480297ca57e" ],
        "x-ms-client-request-id": [ "962d9c37-1b5a-4e59-8949-0da7d39def8f" ],
        "Server": [ "Kestrel" ],
        "x-ms-ratelimit-remaining-subscription-resource-requests": [ "92" ],
        "x-ms-correlation-request-id": [ "18519530-be62-4520-a529-fce7d405174b" ],
        "x-ms-routing-request-id": [ "SOUTHEASTASIA:20230425T143856Z:18519530-be62-4520-a529-fce7d405174b" ],
        "X-Content-Type-Options": [ "nosniff" ],
        "Date": [ "Tue, 25 Apr 2023 14:38:55 GMT" ]
      },
      "ContentHeaders": {
        "Content-Length": [ "620" ],
        "Content-Type": [ "application/json; charset=utf-8" ],
        "Expires": [ "-1" ]
      },
      "Content": "{\"id\":\"/subscriptions/27cafca8-b9a4-4264-b399-45d0c9cca1ab/resourcegroups/testps-rg-n0yf/providers/Microsoft.Cdn/profiles/fdp-xtq4e1/origingroups/org5xciz7\",\"type\":\"Microsoft.Cdn/profiles/origingroups\",\"name\":\"org5xciz7\",\"properties\":{\"loadBalancingSettings\":{\"sampleSize\":5,\"successfulSamplesRequired\":4,\"additionalLatencyInMilliseconds\":200},\"healthProbeSettings\":{\"probePath\":\"/\",\"probeRequestType\":\"GET\",\"probeProtocol\":\"Https\",\"probeIntervalInSeconds\":1},\"trafficRestorationTimeToHealedOrNewEndpointsInMinutes\":null,\"sessionAffinityState\":\"Disabled\",\"provisioningState\":\"Succeeded\",\"deploymentStatus\":\"NotStarted\"}}",
      "isContentBase64": false
    }
  },
  "Remove-AzFrontDoorCdnOrigin+[NoContext]+[NoScenario]+$GET+https://management.azure.com/subscriptions/27cafca8-b9a4-4264-b399-45d0c9cca1ab/resourceGroups/testps-rg-n0yf/providers/Microsoft.Cdn/profiles/fdp-xtq4e1/originGroups/org5xciz7?api-version=2022-11-01-preview+2": {
    "Request": {
      "Method": "GET",
      "RequestUri": "https://management.azure.com/subscriptions/27cafca8-b9a4-4264-b399-45d0c9cca1ab/resourceGroups/testps-rg-n0yf/providers/Microsoft.Cdn/profiles/fdp-xtq4e1/originGroups/org5xciz7?api-version=2022-11-01-preview",
      "Content": null,
      "isContentBase64": false,
      "Headers": {
        "Authorization": [ "[Filtered]" ],
        "x-ms-unique-id": [ "544" ],
        "x-ms-client-request-id": [ "962d9c37-1b5a-4e59-8949-0da7d39def8f" ],
        "CommandName": [ "New-AzFrontDoorCdnOriginGroup" ],
        "FullCommandName": [ "New-AzFrontDoorCdnOriginGroup_CreateExpanded" ],
        "ParameterSetName": [ "__AllParameterSets" ],
        "User-Agent": [ "AzurePowershell/v0.0.0", "PSVersion/v7.2.11", "Az.Cdn/0.1.0" ]
      },
      "ContentHeaders": {
      }
    },
    "Response": {
      "StatusCode": 200,
      "Headers": {
        "Cache-Control": [ "no-cache" ],
        "Pragma": [ "no-cache" ],
        "Strict-Transport-Security": [ "max-age=31536000; includeSubDomains" ],
        "x-ms-request-id": [ "ed110373-c41a-45f5-8a1b-e958bafea95e" ],
        "x-ms-client-request-id": [ "962d9c37-1b5a-4e59-8949-0da7d39def8f" ],
        "Server": [ "Kestrel" ],
        "x-ms-ratelimit-remaining-subscription-reads": [ "11723" ],
        "x-ms-correlation-request-id": [ "974b049d-0aa5-4f81-b0be-207d92c2444d" ],
        "x-ms-routing-request-id": [ "SOUTHEASTASIA:20230425T143927Z:974b049d-0aa5-4f81-b0be-207d92c2444d" ],
        "X-Content-Type-Options": [ "nosniff" ],
        "Date": [ "Tue, 25 Apr 2023 14:39:26 GMT" ]
      },
      "ContentHeaders": {
        "Content-Length": [ "620" ],
        "Content-Type": [ "application/json; charset=utf-8" ],
        "Expires": [ "-1" ]
      },
      "Content": "{\"id\":\"/subscriptions/27cafca8-b9a4-4264-b399-45d0c9cca1ab/resourcegroups/testps-rg-n0yf/providers/Microsoft.Cdn/profiles/fdp-xtq4e1/origingroups/org5xciz7\",\"type\":\"Microsoft.Cdn/profiles/origingroups\",\"name\":\"org5xciz7\",\"properties\":{\"loadBalancingSettings\":{\"sampleSize\":5,\"successfulSamplesRequired\":4,\"additionalLatencyInMilliseconds\":200},\"healthProbeSettings\":{\"probePath\":\"/\",\"probeRequestType\":\"GET\",\"probeProtocol\":\"Https\",\"probeIntervalInSeconds\":1},\"trafficRestorationTimeToHealedOrNewEndpointsInMinutes\":null,\"sessionAffinityState\":\"Disabled\",\"provisioningState\":\"Succeeded\",\"deploymentStatus\":\"NotStarted\"}}",
      "isContentBase64": false
    }
  },
  "Remove-AzFrontDoorCdnOrigin+[NoContext]+[NoScenario]+$GET+https://management.azure.com/subscriptions/27cafca8-b9a4-4264-b399-45d0c9cca1ab/resourceGroups/testps-rg-n0yf/providers/Microsoft.Cdn/profiles/fdp-xtq4e1/originGroups/org5xciz7?api-version=2022-11-01-preview+3": {
    "Request": {
      "Method": "GET",
      "RequestUri": "https://management.azure.com/subscriptions/27cafca8-b9a4-4264-b399-45d0c9cca1ab/resourceGroups/testps-rg-n0yf/providers/Microsoft.Cdn/profiles/fdp-xtq4e1/originGroups/org5xciz7?api-version=2022-11-01-preview",
      "Content": null,
      "isContentBase64": false,
      "Headers": {
        "Authorization": [ "[Filtered]" ],
        "x-ms-unique-id": [ "545" ],
        "x-ms-client-request-id": [ "962d9c37-1b5a-4e59-8949-0da7d39def8f" ],
        "CommandName": [ "New-AzFrontDoorCdnOriginGroup" ],
        "FullCommandName": [ "New-AzFrontDoorCdnOriginGroup_CreateExpanded" ],
        "ParameterSetName": [ "__AllParameterSets" ],
        "User-Agent": [ "AzurePowershell/v0.0.0", "PSVersion/v7.2.11", "Az.Cdn/0.1.0" ]
      },
      "ContentHeaders": {
      }
    },
    "Response": {
      "StatusCode": 200,
      "Headers": {
        "Cache-Control": [ "no-cache" ],
        "Pragma": [ "no-cache" ],
        "Strict-Transport-Security": [ "max-age=31536000; includeSubDomains" ],
        "x-ms-request-id": [ "e297ceba-ae3c-482e-9b96-9df565e6dcc0" ],
        "x-ms-client-request-id": [ "962d9c37-1b5a-4e59-8949-0da7d39def8f" ],
        "Server": [ "Kestrel" ],
        "x-ms-ratelimit-remaining-subscription-reads": [ "11722" ],
        "x-ms-correlation-request-id": [ "dd07b6a5-1ed1-4006-9a69-a797cc641de9" ],
        "x-ms-routing-request-id": [ "SOUTHEASTASIA:20230425T143928Z:dd07b6a5-1ed1-4006-9a69-a797cc641de9" ],
        "X-Content-Type-Options": [ "nosniff" ],
        "Date": [ "Tue, 25 Apr 2023 14:39:27 GMT" ]
      },
      "ContentHeaders": {
        "Content-Length": [ "620" ],
        "Content-Type": [ "application/json; charset=utf-8" ],
        "Expires": [ "-1" ]
      },
      "Content": "{\"id\":\"/subscriptions/27cafca8-b9a4-4264-b399-45d0c9cca1ab/resourcegroups/testps-rg-n0yf/providers/Microsoft.Cdn/profiles/fdp-xtq4e1/origingroups/org5xciz7\",\"type\":\"Microsoft.Cdn/profiles/origingroups\",\"name\":\"org5xciz7\",\"properties\":{\"loadBalancingSettings\":{\"sampleSize\":5,\"successfulSamplesRequired\":4,\"additionalLatencyInMilliseconds\":200},\"healthProbeSettings\":{\"probePath\":\"/\",\"probeRequestType\":\"GET\",\"probeProtocol\":\"Https\",\"probeIntervalInSeconds\":1},\"trafficRestorationTimeToHealedOrNewEndpointsInMinutes\":null,\"sessionAffinityState\":\"Disabled\",\"provisioningState\":\"Succeeded\",\"deploymentStatus\":\"NotStarted\"}}",
      "isContentBase64": false
    }
  },
  "Remove-AzFrontDoorCdnOrigin+[NoContext]+[NoScenario]+$GET+https://management.azure.com/subscriptions/27cafca8-b9a4-4264-b399-45d0c9cca1ab/resourceGroups/testps-rg-n0yf/providers/Microsoft.Cdn/profiles/fdp-xtq4e1/originGroups/org5xciz7?api-version=2022-11-01-preview+4": {
    "Request": {
      "Method": "GET",
      "RequestUri": "https://management.azure.com/subscriptions/27cafca8-b9a4-4264-b399-45d0c9cca1ab/resourceGroups/testps-rg-n0yf/providers/Microsoft.Cdn/profiles/fdp-xtq4e1/originGroups/org5xciz7?api-version=2022-11-01-preview",
      "Content": null,
      "isContentBase64": false,
      "Headers": {
        "x-ms-unique-id": [ "546" ],
        "x-ms-client-request-id": [ "ca57dd40-d89b-44ea-8016-e8a064bcf0f3" ],
        "CommandName": [ "Get-AzFrontDoorCdnOriginGroup" ],
        "FullCommandName": [ "Get-AzFrontDoorCdnOriginGroup_Get" ],
        "ParameterSetName": [ "__AllParameterSets" ],
        "User-Agent": [ "AzurePowershell/v0.0.0", "PSVersion/v7.2.11", "Az.Cdn/0.1.0" ],
        "Authorization": [ "[Filtered]" ]
      },
      "ContentHeaders": {
      }
    },
    "Response": {
      "StatusCode": 200,
      "Headers": {
        "Cache-Control": [ "no-cache" ],
        "Pragma": [ "no-cache" ],
        "Strict-Transport-Security": [ "max-age=31536000; includeSubDomains" ],
        "x-ms-request-id": [ "408e7f3c-91f2-4f08-b637-5ae0ccb4d396" ],
        "x-ms-client-request-id": [ "ca57dd40-d89b-44ea-8016-e8a064bcf0f3" ],
        "Server": [ "Kestrel" ],
        "x-ms-ratelimit-remaining-subscription-reads": [ "11721" ],
        "x-ms-correlation-request-id": [ "3a8b214b-bb43-4c09-85c3-6c8a7f1c028d" ],
        "x-ms-routing-request-id": [ "SOUTHEASTASIA:20230425T143928Z:3a8b214b-bb43-4c09-85c3-6c8a7f1c028d" ],
        "X-Content-Type-Options": [ "nosniff" ],
        "Date": [ "Tue, 25 Apr 2023 14:39:28 GMT" ]
      },
      "ContentHeaders": {
        "Content-Length": [ "620" ],
        "Content-Type": [ "application/json; charset=utf-8" ],
        "Expires": [ "-1" ]
      },
      "Content": "{\"id\":\"/subscriptions/27cafca8-b9a4-4264-b399-45d0c9cca1ab/resourcegroups/testps-rg-n0yf/providers/Microsoft.Cdn/profiles/fdp-xtq4e1/origingroups/org5xciz7\",\"type\":\"Microsoft.Cdn/profiles/origingroups\",\"name\":\"org5xciz7\",\"properties\":{\"loadBalancingSettings\":{\"sampleSize\":5,\"successfulSamplesRequired\":4,\"additionalLatencyInMilliseconds\":200},\"healthProbeSettings\":{\"probePath\":\"/\",\"probeRequestType\":\"GET\",\"probeProtocol\":\"Https\",\"probeIntervalInSeconds\":1},\"trafficRestorationTimeToHealedOrNewEndpointsInMinutes\":null,\"sessionAffinityState\":\"Disabled\",\"provisioningState\":\"Succeeded\",\"deploymentStatus\":\"NotStarted\"}}",
      "isContentBase64": false
    }
  },
  "Remove-AzFrontDoorCdnOrigin+[NoContext]+[NoScenario]+$PUT+https://management.azure.com/subscriptions/27cafca8-b9a4-4264-b399-45d0c9cca1ab/resourceGroups/testps-rg-n0yf/providers/Microsoft.Cdn/profiles/fdp-xtq4e1/originGroups/org5xciz7/origins/oriluwm0q?api-version=2022-11-01-preview+5": {
    "Request": {
      "Method": "PUT",
      "RequestUri": "https://management.azure.com/subscriptions/27cafca8-b9a4-4264-b399-45d0c9cca1ab/resourceGroups/testps-rg-n0yf/providers/Microsoft.Cdn/profiles/fdp-xtq4e1/originGroups/org5xciz7/origins/oriluwm0q?api-version=2022-11-01-preview",
      "Content": "{\r\n  \"properties\": {\r\n    \"hostName\": \"en.wikipedia.org\",\r\n    \"httpPort\": 80,\r\n    \"httpsPort\": 443,\r\n    \"originHostHeader\": \"en.wikipedia.org\",\r\n    \"priority\": 1,\r\n    \"weight\": 1000\r\n  }\r\n}",
      "isContentBase64": false,
      "Headers": {
      },
      "ContentHeaders": {
        "Content-Type": [ "application/json" ],
        "Content-Length": [ "194" ]
      }
    },
    "Response": {
      "StatusCode": 201,
      "Headers": {
        "Cache-Control": [ "no-cache" ],
        "Pragma": [ "no-cache" ],
        "Retry-After": [ "10" ],
        "Strict-Transport-Security": [ "max-age=31536000; includeSubDomains" ],
        "x-ms-request-id": [ "bc1f7a92-09f2-4316-9be0-8e02cc745ff0" ],
        "x-ms-client-request-id": [ "be6561d6-7245-475d-8bfc-0d68bb079bf9" ],
        "Azure-AsyncOperation": [ "https://management.azure.com/subscriptions/27cafca8-b9a4-4264-b399-45d0c9cca1ab/resourcegroups/testps-rg-n0yf/providers/Microsoft.Cdn/operationresults/65b16aea-8a8e-4e6f-b54b-cb9ffc324a8d?api-version=2022-11-01-preview" ],
        "Server": [ "Kestrel" ],
        "x-ms-ratelimit-remaining-subscription-resource-requests": [ "95" ],
        "x-ms-correlation-request-id": [ "9b0fa125-e5d9-4cc4-bc9b-caeb5eb69588" ],
        "x-ms-routing-request-id": [ "SOUTHEASTASIA:20230425T143930Z:9b0fa125-e5d9-4cc4-bc9b-caeb5eb69588" ],
        "X-Content-Type-Options": [ "nosniff" ],
        "Date": [ "Tue, 25 Apr 2023 14:39:30 GMT" ]
      },
      "ContentHeaders": {
        "Content-Length": [ "573" ],
        "Content-Type": [ "application/json; charset=utf-8" ],
        "Expires": [ "-1" ]
      },
      "Content": "{\"id\":\"/subscriptions/27cafca8-b9a4-4264-b399-45d0c9cca1ab/resourcegroups/testps-rg-n0yf/providers/Microsoft.Cdn/profiles/fdp-xtq4e1/origingroups/org5xciz7/origins/oriluwm0q\",\"type\":\"Microsoft.Cdn/profiles/origingroups/origins\",\"name\":\"oriluwm0q\",\"properties\":{\"originGroupName\":\"org5xciz7\",\"hostName\":\"en.wikipedia.org\",\"httpPort\":80,\"httpsPort\":443,\"originHostHeader\":\"en.wikipedia.org\",\"priority\":1,\"weight\":1000,\"enabledState\":\"Enabled\",\"sharedPrivateLinkResource\":null,\"enforceCertificateNameCheck\":true,\"provisioningState\":\"Creating\",\"deploymentStatus\":\"NotStarted\"}}",
      "isContentBase64": false
    }
  },
  "Remove-AzFrontDoorCdnOrigin+[NoContext]+[NoScenario]+$GET+https://management.azure.com/subscriptions/27cafca8-b9a4-4264-b399-45d0c9cca1ab/resourcegroups/testps-rg-n0yf/providers/Microsoft.Cdn/operationresults/65b16aea-8a8e-4e6f-b54b-cb9ffc324a8d?api-version=2022-11-01-preview+6": {
    "Request": {
      "Method": "GET",
      "RequestUri": "https://management.azure.com/subscriptions/27cafca8-b9a4-4264-b399-45d0c9cca1ab/resourcegroups/testps-rg-n0yf/providers/Microsoft.Cdn/operationresults/65b16aea-8a8e-4e6f-b54b-cb9ffc324a8d?api-version=2022-11-01-preview",
      "Content": null,
      "isContentBase64": false,
      "Headers": {
        "Authorization": [ "[Filtered]" ],
        "x-ms-unique-id": [ "548" ],
        "x-ms-client-request-id": [ "be6561d6-7245-475d-8bfc-0d68bb079bf9" ],
        "CommandName": [ "New-AzFrontDoorCdnOrigin" ],
        "FullCommandName": [ "New-AzFrontDoorCdnOrigin_CreateExpanded" ],
        "ParameterSetName": [ "__AllParameterSets" ],
        "User-Agent": [ "AzurePowershell/v0.0.0", "PSVersion/v7.2.11", "Az.Cdn/0.1.0" ]
      },
      "ContentHeaders": {
      }
    },
    "Response": {
      "StatusCode": 200,
      "Headers": {
        "Cache-Control": [ "no-cache" ],
        "Pragma": [ "no-cache" ],
        "Strict-Transport-Security": [ "max-age=31536000; includeSubDomains" ],
        "x-ms-request-id": [ "2e37d5ea-0916-4408-901f-aad9ff512c87" ],
        "x-ms-client-request-id": [ "be6561d6-7245-475d-8bfc-0d68bb079bf9" ],
        "Server": [ "Kestrel" ],
        "x-ms-ratelimit-remaining-subscription-reads": [ "11720" ],
        "x-ms-correlation-request-id": [ "4b13d6d4-fc04-4d13-a9d7-3ba112edf3fd" ],
        "x-ms-routing-request-id": [ "SOUTHEASTASIA:20230425T143941Z:4b13d6d4-fc04-4d13-a9d7-3ba112edf3fd" ],
        "X-Content-Type-Options": [ "nosniff" ],
        "Date": [ "Tue, 25 Apr 2023 14:39:40 GMT" ]
      },
      "ContentHeaders": {
        "Content-Length": [ "61" ],
        "Content-Type": [ "application/json; charset=utf-8" ],
        "Expires": [ "-1" ]
      },
      "Content": "{\"status\":\"Succeeded\",\"error\":{\"code\":\"None\",\"message\":null}}",
      "isContentBase64": false
    }
  },
  "Remove-AzFrontDoorCdnOrigin+[NoContext]+[NoScenario]+$GET+https://management.azure.com/subscriptions/27cafca8-b9a4-4264-b399-45d0c9cca1ab/resourceGroups/testps-rg-n0yf/providers/Microsoft.Cdn/profiles/fdp-xtq4e1/originGroups/org5xciz7/origins/oriluwm0q?api-version=2022-11-01-preview+7": {
    "Request": {
      "Method": "GET",
      "RequestUri": "https://management.azure.com/subscriptions/27cafca8-b9a4-4264-b399-45d0c9cca1ab/resourceGroups/testps-rg-n0yf/providers/Microsoft.Cdn/profiles/fdp-xtq4e1/originGroups/org5xciz7/origins/oriluwm0q?api-version=2022-11-01-preview",
      "Content": null,
      "isContentBase64": false,
      "Headers": {
        "Authorization": [ "[Filtered]" ],
        "x-ms-unique-id": [ "549" ],
        "x-ms-client-request-id": [ "be6561d6-7245-475d-8bfc-0d68bb079bf9" ],
        "CommandName": [ "New-AzFrontDoorCdnOrigin" ],
        "FullCommandName": [ "New-AzFrontDoorCdnOrigin_CreateExpanded" ],
        "ParameterSetName": [ "__AllParameterSets" ],
        "User-Agent": [ "AzurePowershell/v0.0.0", "PSVersion/v7.2.11", "Az.Cdn/0.1.0" ]
      },
      "ContentHeaders": {
      }
    },
    "Response": {
      "StatusCode": 200,
      "Headers": {
        "Cache-Control": [ "no-cache" ],
        "Pragma": [ "no-cache" ],
        "Strict-Transport-Security": [ "max-age=31536000; includeSubDomains" ],
        "x-ms-request-id": [ "5fbf123d-5d8d-4d4d-94a3-4d27a86edb3a" ],
        "x-ms-client-request-id": [ "be6561d6-7245-475d-8bfc-0d68bb079bf9" ],
        "Server": [ "Kestrel" ],
        "x-ms-ratelimit-remaining-subscription-reads": [ "11719" ],
        "x-ms-correlation-request-id": [ "a49834f4-a581-4368-9bf2-828b954460bb" ],
        "x-ms-routing-request-id": [ "SOUTHEASTASIA:20230425T143941Z:a49834f4-a581-4368-9bf2-828b954460bb" ],
        "X-Content-Type-Options": [ "nosniff" ],
        "Date": [ "Tue, 25 Apr 2023 14:39:40 GMT" ]
      },
      "ContentHeaders": {
        "Content-Length": [ "574" ],
        "Content-Type": [ "application/json; charset=utf-8" ],
        "Expires": [ "-1" ]
      },
      "Content": "{\"id\":\"/subscriptions/27cafca8-b9a4-4264-b399-45d0c9cca1ab/resourcegroups/testps-rg-n0yf/providers/Microsoft.Cdn/profiles/fdp-xtq4e1/origingroups/org5xciz7/origins/oriluwm0q\",\"type\":\"Microsoft.Cdn/profiles/origingroups/origins\",\"name\":\"oriluwm0q\",\"properties\":{\"originGroupName\":\"org5xciz7\",\"hostName\":\"en.wikipedia.org\",\"httpPort\":80,\"httpsPort\":443,\"originHostHeader\":\"en.wikipedia.org\",\"priority\":1,\"weight\":1000,\"enabledState\":\"Enabled\",\"sharedPrivateLinkResource\":null,\"enforceCertificateNameCheck\":true,\"provisioningState\":\"Succeeded\",\"deploymentStatus\":\"NotStarted\"}}",
      "isContentBase64": false
    }
  },
  "Remove-AzFrontDoorCdnOrigin+[NoContext]+Delete+$DELETE+https://management.azure.com/subscriptions/27cafca8-b9a4-4264-b399-45d0c9cca1ab/resourceGroups/testps-rg-n0yf/providers/Microsoft.Cdn/profiles/fdp-xtq4e1/originGroups/org5xciz7/origins/oriluwm0q?api-version=2022-11-01-preview+1": {
    "Request": {
      "Method": "DELETE",
      "RequestUri": "https://management.azure.com/subscriptions/27cafca8-b9a4-4264-b399-45d0c9cca1ab/resourceGroups/testps-rg-n0yf/providers/Microsoft.Cdn/profiles/fdp-xtq4e1/originGroups/org5xciz7/origins/oriluwm0q?api-version=2022-11-01-preview",
      "Content": null,
      "isContentBase64": false,
      "Headers": {
        "x-ms-unique-id": [ "550" ],
        "x-ms-client-request-id": [ "aa92c89a-1673-41d9-828b-0997b1e73389" ],
        "CommandName": [ "Remove-AzFrontDoorCdnOrigin" ],
        "FullCommandName": [ "Remove-AzFrontDoorCdnOrigin_Delete" ],
        "ParameterSetName": [ "__AllParameterSets" ],
        "User-Agent": [ "AzurePowershell/v0.0.0", "PSVersion/v7.2.11", "Az.Cdn/0.1.0" ],
        "Authorization": [ "[Filtered]" ]
      },
      "ContentHeaders": {
      }
    },
    "Response": {
      "StatusCode": 202,
      "Headers": {
        "Cache-Control": [ "no-cache" ],
        "Pragma": [ "no-cache" ],
        "Location": [ "https://management.azure.com/subscriptions/27cafca8-b9a4-4264-b399-45d0c9cca1ab/resourcegroups/testps-rg-n0yf/providers/Microsoft.Cdn/operationresults/ed071274-027b-4e07-b27b-57d2a0cde597/profileresults/fdp-xtq4e1/origingroupresults/org5xciz7/originresults/oriluwm0q?api-version=2022-11-01-preview" ],
        "Retry-After": [ "10" ],
        "Strict-Transport-Security": [ "max-age=31536000; includeSubDomains" ],
        "x-ms-request-id": [ "c74499f7-464b-4294-95b6-2d807d3a0b4c" ],
        "x-ms-client-request-id": [ "aa92c89a-1673-41d9-828b-0997b1e73389" ],
        "Azure-AsyncOperation": [ "https://management.azure.com/subscriptions/27cafca8-b9a4-4264-b399-45d0c9cca1ab/resourcegroups/testps-rg-n0yf/providers/Microsoft.Cdn/operationresults/ed071274-027b-4e07-b27b-57d2a0cde597?api-version=2022-11-01-preview" ],
        "Server": [ "Kestrel" ],
        "x-ms-ratelimit-remaining-subscription-deletes": [ "14983" ],
        "x-ms-correlation-request-id": [ "8cb7b6b3-e9d5-43d2-ba25-9a6593f1742f" ],
        "x-ms-routing-request-id": [ "SOUTHEASTASIA:20230425T143943Z:8cb7b6b3-e9d5-43d2-ba25-9a6593f1742f" ],
        "X-Content-Type-Options": [ "nosniff" ],
        "Date": [ "Tue, 25 Apr 2023 14:39:42 GMT" ]
      },
      "ContentHeaders": {
        "Expires": [ "-1" ],
        "Content-Length": [ "0" ]
      },
      "Content": null,
      "isContentBase64": false
    }
  },
  "Remove-AzFrontDoorCdnOrigin+[NoContext]+Delete+$GET+https://management.azure.com/subscriptions/27cafca8-b9a4-4264-b399-45d0c9cca1ab/resourcegroups/testps-rg-n0yf/providers/Microsoft.Cdn/operationresults/ed071274-027b-4e07-b27b-57d2a0cde597?api-version=2022-11-01-preview+2": {
    "Request": {
      "Method": "GET",
      "RequestUri": "https://management.azure.com/subscriptions/27cafca8-b9a4-4264-b399-45d0c9cca1ab/resourcegroups/testps-rg-n0yf/providers/Microsoft.Cdn/operationresults/ed071274-027b-4e07-b27b-57d2a0cde597?api-version=2022-11-01-preview",
      "Content": null,
      "isContentBase64": false,
      "Headers": {
        "Authorization": [ "[Filtered]" ],
        "x-ms-unique-id": [ "551" ],
        "x-ms-client-request-id": [ "aa92c89a-1673-41d9-828b-0997b1e73389" ],
        "CommandName": [ "Remove-AzFrontDoorCdnOrigin" ],
        "FullCommandName": [ "Remove-AzFrontDoorCdnOrigin_Delete" ],
        "ParameterSetName": [ "__AllParameterSets" ],
        "User-Agent": [ "AzurePowershell/v0.0.0", "PSVersion/v7.2.11", "Az.Cdn/0.1.0" ]
      },
      "ContentHeaders": {
      }
    },
    "Response": {
      "StatusCode": 200,
      "Headers": {
        "Cache-Control": [ "no-cache" ],
        "Pragma": [ "no-cache" ],
        "Strict-Transport-Security": [ "max-age=31536000; includeSubDomains" ],
        "x-ms-request-id": [ "13d2fc6e-2f83-4944-8048-4068381d4cd8" ],
        "x-ms-client-request-id": [ "aa92c89a-1673-41d9-828b-0997b1e73389" ],
        "Server": [ "Kestrel" ],
        "x-ms-ratelimit-remaining-subscription-reads": [ "11718" ],
        "x-ms-correlation-request-id": [ "a13dadda-07ee-4835-bfd6-827b9cb51aa7" ],
        "x-ms-routing-request-id": [ "SOUTHEASTASIA:20230425T143953Z:a13dadda-07ee-4835-bfd6-827b9cb51aa7" ],
        "X-Content-Type-Options": [ "nosniff" ],
        "Date": [ "Tue, 25 Apr 2023 14:39:53 GMT" ]
      },
      "ContentHeaders": {
        "Content-Length": [ "61" ],
        "Content-Type": [ "application/json; charset=utf-8" ],
        "Expires": [ "-1" ]
      },
      "Content": "{\"status\":\"Succeeded\",\"error\":{\"code\":\"None\",\"message\":null}}",
      "isContentBase64": false
    }
  },
  "Remove-AzFrontDoorCdnOrigin+[NoContext]+Delete+$GET+https://management.azure.com/subscriptions/27cafca8-b9a4-4264-b399-45d0c9cca1ab/resourcegroups/testps-rg-n0yf/providers/Microsoft.Cdn/operationresults/ed071274-027b-4e07-b27b-57d2a0cde597?api-version=2022-11-01-preview+3": {
    "Request": {
      "Method": "GET",
      "RequestUri": "https://management.azure.com/subscriptions/27cafca8-b9a4-4264-b399-45d0c9cca1ab/resourcegroups/testps-rg-n0yf/providers/Microsoft.Cdn/operationresults/ed071274-027b-4e07-b27b-57d2a0cde597?api-version=2022-11-01-preview",
      "Content": null,
      "isContentBase64": false,
      "Headers": {
        "Authorization": [ "[Filtered]" ],
        "x-ms-unique-id": [ "552" ],
        "x-ms-client-request-id": [ "aa92c89a-1673-41d9-828b-0997b1e73389" ],
        "CommandName": [ "Remove-AzFrontDoorCdnOrigin" ],
        "FullCommandName": [ "Remove-AzFrontDoorCdnOrigin_Delete" ],
        "ParameterSetName": [ "__AllParameterSets" ],
        "User-Agent": [ "AzurePowershell/v0.0.0", "PSVersion/v7.2.11", "Az.Cdn/0.1.0" ]
      },
      "ContentHeaders": {
      }
    },
    "Response": {
      "StatusCode": 200,
      "Headers": {
        "Cache-Control": [ "no-cache" ],
        "Pragma": [ "no-cache" ],
        "Strict-Transport-Security": [ "max-age=31536000; includeSubDomains" ],
        "x-ms-request-id": [ "015c1613-eb92-4e47-b40d-244883e89cf3" ],
        "x-ms-client-request-id": [ "aa92c89a-1673-41d9-828b-0997b1e73389" ],
        "Server": [ "Kestrel" ],
        "x-ms-ratelimit-remaining-subscription-reads": [ "11717" ],
        "x-ms-correlation-request-id": [ "bc3d364b-8c8b-4056-803f-56a74526b4e2" ],
        "x-ms-routing-request-id": [ "SOUTHEASTASIA:20230425T143954Z:bc3d364b-8c8b-4056-803f-56a74526b4e2" ],
        "X-Content-Type-Options": [ "nosniff" ],
        "Date": [ "Tue, 25 Apr 2023 14:39:53 GMT" ]
      },
      "ContentHeaders": {
        "Content-Length": [ "61" ],
        "Content-Type": [ "application/json; charset=utf-8" ],
        "Expires": [ "-1" ]
      },
      "Content": "{\"status\":\"Succeeded\",\"error\":{\"code\":\"None\",\"message\":null}}",
      "isContentBase64": false
    }
  }
}