{
  "Start-AzCdnEndpoint+[NoContext]+Start+$PUT+https://management.azure.com/subscriptions/27cafca8-b9a4-4264-b399-45d0c9cca1ab/resourceGroups/testps-rg-jnufip/providers/Microsoft.Cdn/profiles/p-xfloe9?api-version=2022-11-01-preview+1": {
    "Request": {
      "Method": "PUT",
      "RequestUri": "https://management.azure.com/subscriptions/27cafca8-b9a4-4264-b399-45d0c9cca1ab/resourceGroups/testps-rg-jnufip/providers/Microsoft.Cdn/profiles/p-xfloe9?api-version=2022-11-01-preview",
      "Content": "{\r\n  \"location\": \"Global\",\r\n  \"sku\": {\r\n    \"name\": \"Standard_Microsoft\"\r\n  }\r\n}",
      "isContentBase64": false,
      "Headers": {
      },
      "ContentHeaders": {
        "Content-Type": [ "application/json" ],
        "Content-Length": [ "80" ]
      }
    },
    "Response": {
      "StatusCode": 201,
      "Headers": {
        "Cache-Control": [ "no-cache" ],
        "Pragma": [ "no-cache" ],
        "Retry-After": [ "10" ],
        "Strict-Transport-Security": [ "max-age=31536000; includeSubDomains" ],
        "x-ms-request-id": [ "de3802f1-7e31-47ee-aee0-301aaf9a1808" ],
        "x-ms-client-request-id": [ "1caf1ffb-3d19-4924-98a8-9796f354564e" ],
        "Azure-AsyncOperation": [ "https://management.azure.com/subscriptions/27cafca8-b9a4-4264-b399-45d0c9cca1ab/resourcegroups/testps-rg-jnufip/providers/Microsoft.Cdn/operationresults/4197b8c1-2c5b-4a27-855a-ba25c5e060e3?api-version=2022-11-01-preview" ],
        "Server": [ "Kestrel" ],
        "x-ms-ratelimit-remaining-subscription-resource-requests": [ "18" ],
        "x-ms-correlation-request-id": [ "daa47781-30c0-43f4-a2f9-b4437e972a85" ],
        "x-ms-routing-request-id": [ "SOUTHEASTASIA:20230325T021025Z:daa47781-30c0-43f4-a2f9-b4437e972a85" ],
        "X-Content-Type-Options": [ "nosniff" ],
        "Date": [ "Sat, 25 Mar 2023 02:10:24 GMT" ]
      },
      "ContentHeaders": {
        "Content-Length": [ "360" ],
        "Content-Type": [ "application/json; charset=utf-8" ],
        "Expires": [ "-1" ]
      },
      "Content": "{\"id\":\"/subscriptions/27cafca8-b9a4-4264-b399-45d0c9cca1ab/resourcegroups/testps-rg-jnufip/providers/Microsoft.Cdn/profiles/p-xfloe9\",\"type\":\"Microsoft.Cdn/profiles\",\"name\":\"p-xfloe9\",\"location\":\"Global\",\"kind\":\"cdn\",\"tags\":{},\"sku\":{\"name\":\"Standard_Microsoft\"},\"properties\":{\"extendedProperties\":{},\"resourceState\":\"Creating\",\"provisioningState\":\"Creating\"}}",
      "isContentBase64": false
    }
  },
  "Start-AzCdnEndpoint+[NoContext]+Start+$GET+https://management.azure.com/subscriptions/27cafca8-b9a4-4264-b399-45d0c9cca1ab/resourcegroups/testps-rg-jnufip/providers/Microsoft.Cdn/operationresults/4197b8c1-2c5b-4a27-855a-ba25c5e060e3?api-version=2022-11-01-preview+2": {
    "Request": {
      "Method": "GET",
      "RequestUri": "https://management.azure.com/subscriptions/27cafca8-b9a4-4264-b399-45d0c9cca1ab/resourcegroups/testps-rg-jnufip/providers/Microsoft.Cdn/operationresults/4197b8c1-2c5b-4a27-855a-ba25c5e060e3?api-version=2022-11-01-preview",
      "Content": null,
      "isContentBase64": false,
      "Headers": {
        "Authorization": [ "[Filtered]" ],
        "x-ms-unique-id": [ "1246" ],
        "x-ms-client-request-id": [ "1caf1ffb-3d19-4924-98a8-9796f354564e" ],
        "CommandName": [ "Az.Cdn.internal\\New-AzCdnProfile" ],
        "FullCommandName": [ "New-AzCdnProfile_CreateExpanded" ],
        "ParameterSetName": [ "__AllParameterSets" ],
        "User-Agent": [ "AzurePowershell/v0.0.0", "PSVersion/v7.2.9", "Az.Cdn/0.1.0" ]
      },
      "ContentHeaders": {
      }
    },
    "Response": {
      "StatusCode": 200,
      "Headers": {
        "Cache-Control": [ "no-cache" ],
        "Pragma": [ "no-cache" ],
        "Strict-Transport-Security": [ "max-age=31536000; includeSubDomains" ],
        "x-ms-request-id": [ "5e91b221-3d37-4fd0-b7ce-0d1b46f852ba" ],
        "x-ms-client-request-id": [ "1caf1ffb-3d19-4924-98a8-9796f354564e" ],
        "Server": [ "Kestrel" ],
        "x-ms-ratelimit-remaining-subscription-reads": [ "11989" ],
        "x-ms-correlation-request-id": [ "b4a1a2e0-a7a3-471f-a9bb-e3e4d5708781" ],
        "x-ms-routing-request-id": [ "SOUTHEASTASIA:20230325T021035Z:b4a1a2e0-a7a3-471f-a9bb-e3e4d5708781" ],
        "X-Content-Type-Options": [ "nosniff" ],
        "Date": [ "Sat, 25 Mar 2023 02:10:34 GMT" ]
      },
      "ContentHeaders": {
        "Content-Length": [ "61" ],
        "Content-Type": [ "application/json; charset=utf-8" ],
        "Expires": [ "-1" ]
      },
      "Content": "{\"status\":\"Succeeded\",\"error\":{\"code\":\"None\",\"message\":null}}",
      "isContentBase64": false
    }
  },
  "Start-AzCdnEndpoint+[NoContext]+Start+$GET+https://management.azure.com/subscriptions/27cafca8-b9a4-4264-b399-45d0c9cca1ab/resourceGroups/testps-rg-jnufip/providers/Microsoft.Cdn/profiles/p-xfloe9?api-version=2022-11-01-preview+3": {
    "Request": {
      "Method": "GET",
      "RequestUri": "https://management.azure.com/subscriptions/27cafca8-b9a4-4264-b399-45d0c9cca1ab/resourceGroups/testps-rg-jnufip/providers/Microsoft.Cdn/profiles/p-xfloe9?api-version=2022-11-01-preview",
      "Content": null,
      "isContentBase64": false,
      "Headers": {
        "Authorization": [ "[Filtered]" ],
        "x-ms-unique-id": [ "1247" ],
        "x-ms-client-request-id": [ "1caf1ffb-3d19-4924-98a8-9796f354564e" ],
        "CommandName": [ "Az.Cdn.internal\\New-AzCdnProfile" ],
        "FullCommandName": [ "New-AzCdnProfile_CreateExpanded" ],
        "ParameterSetName": [ "__AllParameterSets" ],
        "User-Agent": [ "AzurePowershell/v0.0.0", "PSVersion/v7.2.9", "Az.Cdn/0.1.0" ]
      },
      "ContentHeaders": {
      }
    },
    "Response": {
      "StatusCode": 200,
      "Headers": {
        "Cache-Control": [ "no-cache" ],
        "Pragma": [ "no-cache" ],
        "Strict-Transport-Security": [ "max-age=31536000; includeSubDomains" ],
        "x-ms-request-id": [ "cedd116c-4dd8-44a8-a959-218707ad2e07" ],
        "x-ms-client-request-id": [ "1caf1ffb-3d19-4924-98a8-9796f354564e" ],
        "Server": [ "Kestrel" ],
        "x-ms-ratelimit-remaining-subscription-resource-requests": [ "43" ],
        "x-ms-correlation-request-id": [ "98d31f2e-7a40-47de-8592-590baedcc456" ],
        "x-ms-routing-request-id": [ "SOUTHEASTASIA:20230325T021036Z:98d31f2e-7a40-47de-8592-590baedcc456" ],
        "X-Content-Type-Options": [ "nosniff" ],
        "Date": [ "Sat, 25 Mar 2023 02:10:35 GMT" ]
      },
      "ContentHeaders": {
        "Content-Length": [ "359" ],
        "Content-Type": [ "application/json; charset=utf-8" ],
        "Expires": [ "-1" ]
      },
      "Content": "{\"id\":\"/subscriptions/27cafca8-b9a4-4264-b399-45d0c9cca1ab/resourcegroups/testps-rg-jnufip/providers/Microsoft.Cdn/profiles/p-xfloe9\",\"type\":\"Microsoft.Cdn/profiles\",\"name\":\"p-xfloe9\",\"location\":\"Global\",\"kind\":\"cdn\",\"tags\":{},\"sku\":{\"name\":\"Standard_Microsoft\"},\"properties\":{\"extendedProperties\":{},\"resourceState\":\"Active\",\"provisioningState\":\"Succeeded\"}}",
      "isContentBase64": false
    }
  },
  "Start-AzCdnEndpoint+[NoContext]+Start+$PUT+https://management.azure.com/subscriptions/27cafca8-b9a4-4264-b399-45d0c9cca1ab/resourceGroups/testps-rg-jnufip/providers/Microsoft.Cdn/profiles/p-xfloe9/endpoints/e-74et20?api-version=2022-11-01-preview+4": {
    "Request": {
      "Method": "PUT",
      "RequestUri": "https://management.azure.com/subscriptions/27cafca8-b9a4-4264-b399-45d0c9cca1ab/resourceGroups/testps-rg-jnufip/providers/Microsoft.Cdn/profiles/p-xfloe9/endpoints/e-74et20?api-version=2022-11-01-preview",
      "Content": "{\r\n  \"location\": \"westus\",\r\n  \"properties\": {\r\n    \"origins\": [\r\n      {\r\n        \"properties\": {\r\n          \"hostName\": \"host1.hello.com\"\r\n        },\r\n        \"name\": \"origin1\"\r\n      }\r\n    ]\r\n  }\r\n}",
      "isContentBase64": false,
      "Headers": {
      },
      "ContentHeaders": {
        "Content-Type": [ "application/json" ],
        "Content-Length": [ "201" ]
      }
    },
    "Response": {
      "StatusCode": 201,
      "Headers": {
        "Cache-Control": [ "no-cache" ],
        "Pragma": [ "no-cache" ],
        "Retry-After": [ "10" ],
        "Strict-Transport-Security": [ "max-age=31536000; includeSubDomains" ],
        "x-ms-request-id": [ "2d44ecb7-9418-45c4-bbbb-303adba2d4ee" ],
        "x-ms-client-request-id": [ "d9d9cc04-89ff-4124-86f7-2ad1c2006d0b" ],
        "Azure-AsyncOperation": [ "https://management.azure.com/subscriptions/27cafca8-b9a4-4264-b399-45d0c9cca1ab/resourcegroups/testps-rg-jnufip/providers/Microsoft.Cdn/operationresults/fcca7cdc-b095-40d8-b0c4-8b9991b04407?api-version=2022-11-01-preview" ],
        "Server": [ "Kestrel" ],
        "x-ms-ratelimit-remaining-subscription-resource-requests": [ "99" ],
        "x-ms-correlation-request-id": [ "4a77fe18-3de2-424f-a12f-6438b492afae" ],
        "x-ms-routing-request-id": [ "SOUTHEASTASIA:20230325T021042Z:4a77fe18-3de2-424f-a12f-6438b492afae" ],
        "X-Content-Type-Options": [ "nosniff" ],
        "Date": [ "Sat, 25 Mar 2023 02:10:41 GMT" ]
      },
      "ContentHeaders": {
        "Content-Length": [ "1064" ],
        "Content-Type": [ "application/json; charset=utf-8" ],
        "Expires": [ "-1" ]
      },
      "Content": "{\"id\":\"/subscriptions/27cafca8-b9a4-4264-b399-45d0c9cca1ab/resourcegroups/testps-rg-jnufip/providers/Microsoft.Cdn/profiles/p-xfloe9/endpoints/e-74et20\",\"type\":\"Microsoft.Cdn/profiles/endpoints\",\"name\":\"e-74et20\",\"location\":\"WestUs\",\"tags\":{},\"properties\":{\"hostName\":\"e-74et20.azureedge.net\",\"originHostHeader\":null,\"originPath\":null,\"contentTypesToCompress\":[],\"isCompressionEnabled\":false,\"isHttpAllowed\":true,\"isHttpsAllowed\":true,\"queryStringCachingBehavior\":\"IgnoreQueryString\",\"optimizationType\":null,\"probePath\":null,\"origins\":[{\"name\":\"origin1\",\"properties\":{\"hostName\":\"host1.hello.com\",\"httpPort\":null,\"httpsPort\":null,\"originHostHeader\":null,\"priority\":1,\"weight\":1000,\"enabled\":true,\"privateLinkAlias\":null,\"privateLinkResourceId\":null,\"privateLinkLocation\":null,\"privateEndpointStatus\":null,\"privateLinkApprovalMessage\":null}}],\"originGroups\":[],\"defaultOriginGroup\":null,\"customDomains\":[],\"geoFilters\":[],\"deliveryPolicy\":null,\"urlSigningKeys\":null,\"webApplicationFirewallPolicyLink\":null,\"resourceState\":\"Creating\",\"provisioningState\":\"Creating\"}}",
      "isContentBase64": false
    }
  },
  "Start-AzCdnEndpoint+[NoContext]+Start+$GET+https://management.azure.com/subscriptions/27cafca8-b9a4-4264-b399-45d0c9cca1ab/resourcegroups/testps-rg-jnufip/providers/Microsoft.Cdn/operationresults/fcca7cdc-b095-40d8-b0c4-8b9991b04407?api-version=2022-11-01-preview+5": {
    "Request": {
      "Method": "GET",
      "RequestUri": "https://management.azure.com/subscriptions/27cafca8-b9a4-4264-b399-45d0c9cca1ab/resourcegroups/testps-rg-jnufip/providers/Microsoft.Cdn/operationresults/fcca7cdc-b095-40d8-b0c4-8b9991b04407?api-version=2022-11-01-preview",
      "Content": null,
      "isContentBase64": false,
      "Headers": {
        "Authorization": [ "[Filtered]" ],
        "x-ms-unique-id": [ "1249" ],
        "x-ms-client-request-id": [ "d9d9cc04-89ff-4124-86f7-2ad1c2006d0b" ],
        "CommandName": [ "New-AzCdnEndpoint" ],
        "FullCommandName": [ "New-AzCdnEndpoint_CreateExpanded1" ],
        "ParameterSetName": [ "__AllParameterSets" ],
        "User-Agent": [ "AzurePowershell/v0.0.0", "PSVersion/v7.2.9", "Az.Cdn/0.1.0" ]
      },
      "ContentHeaders": {
      }
    },
    "Response": {
      "StatusCode": 200,
      "Headers": {
        "Cache-Control": [ "no-cache" ],
        "Pragma": [ "no-cache" ],
        "Strict-Transport-Security": [ "max-age=31536000; includeSubDomains" ],
        "x-ms-request-id": [ "c514218e-9d59-459f-9025-9c8cd6b114d1" ],
        "x-ms-client-request-id": [ "d9d9cc04-89ff-4124-86f7-2ad1c2006d0b" ],
        "Server": [ "Kestrel" ],
        "x-ms-ratelimit-remaining-subscription-reads": [ "11988" ],
        "x-ms-correlation-request-id": [ "b0fe9850-0509-49cb-996c-0a8e1107888a" ],
        "x-ms-routing-request-id": [ "SOUTHEASTASIA:20230325T021052Z:b0fe9850-0509-49cb-996c-0a8e1107888a" ],
        "X-Content-Type-Options": [ "nosniff" ],
        "Date": [ "Sat, 25 Mar 2023 02:10:52 GMT" ]
      },
      "ContentHeaders": {
        "Content-Length": [ "62" ],
        "Content-Type": [ "application/json; charset=utf-8" ],
        "Expires": [ "-1" ]
      },
      "Content": "{\"status\":\"InProgress\",\"error\":{\"code\":\"None\",\"message\":null}}",
      "isContentBase64": false
    }
  },
  "Start-AzCdnEndpoint+[NoContext]+Start+$GET+https://management.azure.com/subscriptions/27cafca8-b9a4-4264-b399-45d0c9cca1ab/resourcegroups/testps-rg-jnufip/providers/Microsoft.Cdn/operationresults/fcca7cdc-b095-40d8-b0c4-8b9991b04407?api-version=2022-11-01-preview+6": {
    "Request": {
      "Method": "GET",
      "RequestUri": "https://management.azure.com/subscriptions/27cafca8-b9a4-4264-b399-45d0c9cca1ab/resourcegroups/testps-rg-jnufip/providers/Microsoft.Cdn/operationresults/fcca7cdc-b095-40d8-b0c4-8b9991b04407?api-version=2022-11-01-preview",
      "Content": null,
      "isContentBase64": false,
      "Headers": {
        "Authorization": [ "[Filtered]" ],
        "x-ms-unique-id": [ "1250" ],
        "x-ms-client-request-id": [ "d9d9cc04-89ff-4124-86f7-2ad1c2006d0b" ],
        "CommandName": [ "New-AzCdnEndpoint" ],
        "FullCommandName": [ "New-AzCdnEndpoint_CreateExpanded1" ],
        "ParameterSetName": [ "__AllParameterSets" ],
        "User-Agent": [ "AzurePowershell/v0.0.0", "PSVersion/v7.2.9", "Az.Cdn/0.1.0" ]
      },
      "ContentHeaders": {
      }
    },
    "Response": {
      "StatusCode": 200,
      "Headers": {
        "Cache-Control": [ "no-cache" ],
        "Pragma": [ "no-cache" ],
        "Strict-Transport-Security": [ "max-age=31536000; includeSubDomains" ],
        "x-ms-request-id": [ "7104a15b-45eb-4d3d-8251-da964176634d" ],
        "x-ms-client-request-id": [ "d9d9cc04-89ff-4124-86f7-2ad1c2006d0b" ],
        "Server": [ "Kestrel" ],
        "x-ms-ratelimit-remaining-subscription-reads": [ "11987" ],
        "x-ms-correlation-request-id": [ "d6597680-1fb8-42a1-a404-ad77bd868d7d" ],
        "x-ms-routing-request-id": [ "SOUTHEASTASIA:20230325T021122Z:d6597680-1fb8-42a1-a404-ad77bd868d7d" ],
        "X-Content-Type-Options": [ "nosniff" ],
        "Date": [ "Sat, 25 Mar 2023 02:11:21 GMT" ]
      },
      "ContentHeaders": {
        "Content-Length": [ "61" ],
        "Content-Type": [ "application/json; charset=utf-8" ],
        "Expires": [ "-1" ]
      },
      "Content": "{\"status\":\"Succeeded\",\"error\":{\"code\":\"None\",\"message\":null}}",
      "isContentBase64": false
    }
  },
  "Start-AzCdnEndpoint+[NoContext]+Start+$GET+https://management.azure.com/subscriptions/27cafca8-b9a4-4264-b399-45d0c9cca1ab/resourceGroups/testps-rg-jnufip/providers/Microsoft.Cdn/profiles/p-xfloe9/endpoints/e-74et20?api-version=2022-11-01-preview+7": {
    "Request": {
      "Method": "GET",
      "RequestUri": "https://management.azure.com/subscriptions/27cafca8-b9a4-4264-b399-45d0c9cca1ab/resourceGroups/testps-rg-jnufip/providers/Microsoft.Cdn/profiles/p-xfloe9/endpoints/e-74et20?api-version=2022-11-01-preview",
      "Content": null,
      "isContentBase64": false,
      "Headers": {
        "Authorization": [ "[Filtered]" ],
        "x-ms-unique-id": [ "1251" ],
        "x-ms-client-request-id": [ "d9d9cc04-89ff-4124-86f7-2ad1c2006d0b" ],
        "CommandName": [ "New-AzCdnEndpoint" ],
        "FullCommandName": [ "New-AzCdnEndpoint_CreateExpanded1" ],
        "ParameterSetName": [ "__AllParameterSets" ],
        "User-Agent": [ "AzurePowershell/v0.0.0", "PSVersion/v7.2.9", "Az.Cdn/0.1.0" ]
      },
      "ContentHeaders": {
      }
    },
    "Response": {
      "StatusCode": 200,
      "Headers": {
        "Cache-Control": [ "no-cache" ],
        "Pragma": [ "no-cache" ],
        "Strict-Transport-Security": [ "max-age=31536000; includeSubDomains" ],
        "x-ms-request-id": [ "d68e0b3c-785f-4d89-aabf-dbdb676aee44" ],
        "x-ms-client-request-id": [ "d9d9cc04-89ff-4124-86f7-2ad1c2006d0b" ],
        "Server": [ "Kestrel" ],
        "x-ms-ratelimit-remaining-subscription-resource-requests": [ "49" ],
        "x-ms-correlation-request-id": [ "d751ecf3-c15c-4b1e-b448-2ce007051bc4" ],
        "x-ms-routing-request-id": [ "SOUTHEASTASIA:20230325T021123Z:d751ecf3-c15c-4b1e-b448-2ce007051bc4" ],
        "X-Content-Type-Options": [ "nosniff" ],
        "Date": [ "Sat, 25 Mar 2023 02:11:22 GMT" ]
      },
      "ContentHeaders": {
        "Content-Length": [ "1064" ],
        "Content-Type": [ "application/json; charset=utf-8" ],
        "Expires": [ "-1" ]
      },
      "Content": "{\"id\":\"/subscriptions/27cafca8-b9a4-4264-b399-45d0c9cca1ab/resourcegroups/testps-rg-jnufip/providers/Microsoft.Cdn/profiles/p-xfloe9/endpoints/e-74et20\",\"type\":\"Microsoft.Cdn/profiles/endpoints\",\"name\":\"e-74et20\",\"location\":\"WestUs\",\"tags\":{},\"properties\":{\"hostName\":\"e-74et20.azureedge.net\",\"originHostHeader\":null,\"originPath\":null,\"contentTypesToCompress\":[],\"isCompressionEnabled\":false,\"isHttpAllowed\":true,\"isHttpsAllowed\":true,\"queryStringCachingBehavior\":\"IgnoreQueryString\",\"optimizationType\":null,\"probePath\":null,\"origins\":[{\"name\":\"origin1\",\"properties\":{\"hostName\":\"host1.hello.com\",\"httpPort\":null,\"httpsPort\":null,\"originHostHeader\":null,\"priority\":1,\"weight\":1000,\"enabled\":true,\"privateLinkAlias\":null,\"privateLinkResourceId\":null,\"privateLinkLocation\":null,\"privateEndpointStatus\":null,\"privateLinkApprovalMessage\":null}}],\"originGroups\":[],\"defaultOriginGroup\":null,\"customDomains\":[],\"geoFilters\":[],\"deliveryPolicy\":null,\"urlSigningKeys\":null,\"webApplicationFirewallPolicyLink\":null,\"resourceState\":\"Running\",\"provisioningState\":\"Succeeded\"}}",
      "isContentBase64": false
    }
  },
  "Start-AzCdnEndpoint+[NoContext]+Start+$POST+https://management.azure.com/subscriptions/27cafca8-b9a4-4264-b399-45d0c9cca1ab/resourceGroups/testps-rg-jnufip/providers/Microsoft.Cdn/profiles/p-xfloe9/endpoints/e-74et20/stop?api-version=2022-11-01-preview+8": {
    "Request": {
      "Method": "POST",
      "RequestUri": "https://management.azure.com/subscriptions/27cafca8-b9a4-4264-b399-45d0c9cca1ab/resourceGroups/testps-rg-jnufip/providers/Microsoft.Cdn/profiles/p-xfloe9/endpoints/e-74et20/stop?api-version=2022-11-01-preview",
      "Content": null,
      "isContentBase64": false,
      "Headers": {
        "x-ms-unique-id": [ "1252" ],
        "x-ms-client-request-id": [ "681b545d-e3fa-4884-8d68-654014e5d8f3" ],
        "CommandName": [ "Stop-AzCdnEndpoint" ],
        "FullCommandName": [ "Stop-AzCdnEndpoint_Stop" ],
        "ParameterSetName": [ "__AllParameterSets" ],
        "User-Agent": [ "AzurePowershell/v0.0.0", "PSVersion/v7.2.9", "Az.Cdn/0.1.0" ],
        "Authorization": [ "[Filtered]" ]
      },
      "ContentHeaders": {
      }
    },
    "Response": {
      "StatusCode": 202,
      "Headers": {
        "Cache-Control": [ "no-cache" ],
        "Pragma": [ "no-cache" ],
        "Location": [ "https://management.azure.com/subscriptions/27cafca8-b9a4-4264-b399-45d0c9cca1ab/resourcegroups/testps-rg-jnufip/providers/Microsoft.Cdn/operationresults/df6a390e-7b1f-4147-a317-f9aa3ce75660/profileresults/p-xfloe9/endpointresults/e-74et20?api-version=2022-11-01-preview" ],
        "Retry-After": [ "10" ],
        "Strict-Transport-Security": [ "max-age=31536000; includeSubDomains" ],
        "x-ms-request-id": [ "b1c05d8e-a2bc-4625-9a17-cf93acb6a86c" ],
        "x-ms-client-request-id": [ "681b545d-e3fa-4884-8d68-654014e5d8f3" ],
        "Azure-AsyncOperation": [ "https://management.azure.com/subscriptions/27cafca8-b9a4-4264-b399-45d0c9cca1ab/resourcegroups/testps-rg-jnufip/providers/Microsoft.Cdn/operationresults/df6a390e-7b1f-4147-a317-f9aa3ce75660?api-version=2022-11-01-preview" ],
        "Server": [ "Kestrel" ],
        "x-ms-ratelimit-remaining-subscription-resource-requests": [ "49" ],
        "x-ms-correlation-request-id": [ "39fd7c86-4955-443d-8ef7-a042e3471bd5" ],
        "x-ms-routing-request-id": [ "SOUTHEASTASIA:20230325T021124Z:39fd7c86-4955-443d-8ef7-a042e3471bd5" ],
        "X-Content-Type-Options": [ "nosniff" ],
        "Date": [ "Sat, 25 Mar 2023 02:11:23 GMT" ]
      },
      "ContentHeaders": {
        "Content-Length": [ "1065" ],
        "Content-Type": [ "application/json; charset=utf-8" ],
        "Expires": [ "-1" ]
      },
      "Content": "{\"id\":\"/subscriptions/27cafca8-b9a4-4264-b399-45d0c9cca1ab/resourcegroups/testps-rg-jnufip/providers/Microsoft.Cdn/profiles/p-xfloe9/endpoints/e-74et20\",\"type\":\"Microsoft.Cdn/profiles/endpoints\",\"name\":\"e-74et20\",\"location\":\"WestUs\",\"tags\":{},\"properties\":{\"hostName\":\"e-74et20.azureedge.net\",\"originHostHeader\":null,\"originPath\":null,\"contentTypesToCompress\":[],\"isCompressionEnabled\":false,\"isHttpAllowed\":true,\"isHttpsAllowed\":true,\"queryStringCachingBehavior\":\"IgnoreQueryString\",\"optimizationType\":null,\"probePath\":null,\"origins\":[{\"name\":\"origin1\",\"properties\":{\"hostName\":\"host1.hello.com\",\"httpPort\":null,\"httpsPort\":null,\"originHostHeader\":null,\"priority\":1,\"weight\":1000,\"enabled\":true,\"privateLinkAlias\":null,\"privateLinkResourceId\":null,\"privateLinkLocation\":null,\"privateEndpointStatus\":null,\"privateLinkApprovalMessage\":null}}],\"originGroups\":[],\"defaultOriginGroup\":null,\"customDomains\":[],\"geoFilters\":[],\"deliveryPolicy\":null,\"urlSigningKeys\":null,\"webApplicationFirewallPolicyLink\":null,\"resourceState\":\"Stopping\",\"provisioningState\":\"Succeeded\"}}",
      "isContentBase64": false
    }
  },
  "Start-AzCdnEndpoint+[NoContext]+Start+$GET+https://management.azure.com/subscriptions/27cafca8-b9a4-4264-b399-45d0c9cca1ab/resourcegroups/testps-rg-jnufip/providers/Microsoft.Cdn/operationresults/df6a390e-7b1f-4147-a317-f9aa3ce75660?api-version=2022-11-01-preview+9": {
    "Request": {
      "Method": "GET",
      "RequestUri": "https://management.azure.com/subscriptions/27cafca8-b9a4-4264-b399-45d0c9cca1ab/resourcegroups/testps-rg-jnufip/providers/Microsoft.Cdn/operationresults/df6a390e-7b1f-4147-a317-f9aa3ce75660?api-version=2022-11-01-preview",
      "Content": null,
      "isContentBase64": false,
      "Headers": {
        "Authorization": [ "[Filtered]" ],
        "x-ms-unique-id": [ "1253" ],
        "x-ms-client-request-id": [ "681b545d-e3fa-4884-8d68-654014e5d8f3" ],
        "CommandName": [ "Stop-AzCdnEndpoint" ],
        "FullCommandName": [ "Stop-AzCdnEndpoint_Stop" ],
        "ParameterSetName": [ "__AllParameterSets" ],
        "User-Agent": [ "AzurePowershell/v0.0.0", "PSVersion/v7.2.9", "Az.Cdn/0.1.0" ]
      },
      "ContentHeaders": {
      }
    },
    "Response": {
      "StatusCode": 200,
      "Headers": {
        "Cache-Control": [ "no-cache" ],
        "Pragma": [ "no-cache" ],
        "Strict-Transport-Security": [ "max-age=31536000; includeSubDomains" ],
        "x-ms-request-id": [ "de0d03b6-b67d-48dc-b20e-766ac915820c" ],
        "x-ms-client-request-id": [ "681b545d-e3fa-4884-8d68-654014e5d8f3" ],
        "Server": [ "Kestrel" ],
        "x-ms-ratelimit-remaining-subscription-reads": [ "11986" ],
        "x-ms-correlation-request-id": [ "a023fb7a-0773-46d2-86b5-9bce76cd10f5" ],
        "x-ms-routing-request-id": [ "SOUTHEASTASIA:20230325T021135Z:a023fb7a-0773-46d2-86b5-9bce76cd10f5" ],
        "X-Content-Type-Options": [ "nosniff" ],
        "Date": [ "Sat, 25 Mar 2023 02:11:35 GMT" ]
      },
      "ContentHeaders": {
        "Content-Length": [ "62" ],
        "Content-Type": [ "application/json; charset=utf-8" ],
        "Expires": [ "-1" ]
      },
      "Content": "{\"status\":\"InProgress\",\"error\":{\"code\":\"None\",\"message\":null}}",
      "isContentBase64": false
    }
  },
  "Start-AzCdnEndpoint+[NoContext]+Start+$GET+https://management.azure.com/subscriptions/27cafca8-b9a4-4264-b399-45d0c9cca1ab/resourcegroups/testps-rg-jnufip/providers/Microsoft.Cdn/operationresults/df6a390e-7b1f-4147-a317-f9aa3ce75660?api-version=2022-11-01-preview+10": {
    "Request": {
      "Method": "GET",
      "RequestUri": "https://management.azure.com/subscriptions/27cafca8-b9a4-4264-b399-45d0c9cca1ab/resourcegroups/testps-rg-jnufip/providers/Microsoft.Cdn/operationresults/df6a390e-7b1f-4147-a317-f9aa3ce75660?api-version=2022-11-01-preview",
      "Content": null,
      "isContentBase64": false,
      "Headers": {
        "Authorization": [ "[Filtered]" ],
        "x-ms-unique-id": [ "1254" ],
        "x-ms-client-request-id": [ "681b545d-e3fa-4884-8d68-654014e5d8f3" ],
        "CommandName": [ "Stop-AzCdnEndpoint" ],
        "FullCommandName": [ "Stop-AzCdnEndpoint_Stop" ],
        "ParameterSetName": [ "__AllParameterSets" ],
        "User-Agent": [ "AzurePowershell/v0.0.0", "PSVersion/v7.2.9", "Az.Cdn/0.1.0" ]
      },
      "ContentHeaders": {
      }
    },
    "Response": {
      "StatusCode": 200,
      "Headers": {
        "Cache-Control": [ "no-cache" ],
        "Pragma": [ "no-cache" ],
        "Strict-Transport-Security": [ "max-age=31536000; includeSubDomains" ],
        "x-ms-request-id": [ "3f31a018-2e4f-4a81-aacb-c4590d3e6f32" ],
        "x-ms-client-request-id": [ "681b545d-e3fa-4884-8d68-654014e5d8f3" ],
        "Server": [ "Kestrel" ],
        "x-ms-ratelimit-remaining-subscription-reads": [ "11985" ],
        "x-ms-correlation-request-id": [ "9958c860-8e1b-454c-8421-3c831c133a22" ],
        "x-ms-routing-request-id": [ "SOUTHEASTASIA:20230325T021205Z:9958c860-8e1b-454c-8421-3c831c133a22" ],
        "X-Content-Type-Options": [ "nosniff" ],
        "Date": [ "Sat, 25 Mar 2023 02:12:04 GMT" ]
      },
      "ContentHeaders": {
        "Content-Length": [ "61" ],
        "Content-Type": [ "application/json; charset=utf-8" ],
        "Expires": [ "-1" ]
      },
      "Content": "{\"status\":\"Succeeded\",\"error\":{\"code\":\"None\",\"message\":null}}",
      "isContentBase64": false
    }
  },
  "Start-AzCdnEndpoint+[NoContext]+Start+$GET+https://management.azure.com/subscriptions/27cafca8-b9a4-4264-b399-45d0c9cca1ab/resourcegroups/testps-rg-jnufip/providers/Microsoft.Cdn/operationresults/df6a390e-7b1f-4147-a317-f9aa3ce75660/profileresults/p-xfloe9/endpointresults/e-74et20?api-version=2022-11-01-preview+11": {
    "Request": {
      "Method": "GET",
      "RequestUri": "https://management.azure.com/subscriptions/27cafca8-b9a4-4264-b399-45d0c9cca1ab/resourcegroups/testps-rg-jnufip/providers/Microsoft.Cdn/operationresults/df6a390e-7b1f-4147-a317-f9aa3ce75660/profileresults/p-xfloe9/endpointresults/e-74et20?api-version=2022-11-01-preview",
      "Content": null,
      "isContentBase64": false,
      "Headers": {
        "Authorization": [ "[Filtered]" ],
        "x-ms-unique-id": [ "1255" ],
        "x-ms-client-request-id": [ "681b545d-e3fa-4884-8d68-654014e5d8f3" ],
        "CommandName": [ "Stop-AzCdnEndpoint" ],
        "FullCommandName": [ "Stop-AzCdnEndpoint_Stop" ],
        "ParameterSetName": [ "__AllParameterSets" ],
        "User-Agent": [ "AzurePowershell/v0.0.0", "PSVersion/v7.2.9", "Az.Cdn/0.1.0" ]
      },
      "ContentHeaders": {
      }
    },
    "Response": {
      "StatusCode": 200,
      "Headers": {
        "Cache-Control": [ "no-cache" ],
        "Pragma": [ "no-cache" ],
        "Strict-Transport-Security": [ "max-age=31536000; includeSubDomains" ],
        "x-ms-request-id": [ "1e0df355-77a5-4e06-884c-bcbeb12c976a" ],
        "x-ms-client-request-id": [ "681b545d-e3fa-4884-8d68-654014e5d8f3" ],
        "Server": [ "Kestrel" ],
        "x-ms-ratelimit-remaining-subscription-reads": [ "11984" ],
        "x-ms-correlation-request-id": [ "5cb85f32-3a6c-43da-a2e4-cac141bc7385" ],
        "x-ms-routing-request-id": [ "SOUTHEASTASIA:20230325T021206Z:5cb85f32-3a6c-43da-a2e4-cac141bc7385" ],
        "X-Content-Type-Options": [ "nosniff" ],
        "Date": [ "Sat, 25 Mar 2023 02:12:05 GMT" ]
      },
      "ContentHeaders": {
        "Content-Length": [ "1159" ],
        "Content-Type": [ "application/json; charset=utf-8" ],
        "Expires": [ "-1" ]
      },
      "Content": "{\"id\":\"/subscriptions/27cafca8-b9a4-4264-b399-45d0c9cca1ab/resourcegroups/testps-rg-jnufip/providers/Microsoft.Cdn/operationresults/df6a390e-7b1f-4147-a317-f9aa3ce75660/profileresults/p-xfloe9/endpointresults/e-74et20\",\"type\":\"Microsoft.Cdn/operationresults/profileresults/endpointresults\",\"name\":\"e-74et20\",\"location\":\"WestUs\",\"tags\":{},\"properties\":{\"hostName\":\"e-74et20.azureedge.net\",\"originHostHeader\":null,\"originPath\":null,\"contentTypesToCompress\":[],\"isCompressionEnabled\":false,\"isHttpAllowed\":true,\"isHttpsAllowed\":true,\"queryStringCachingBehavior\":\"IgnoreQueryString\",\"optimizationType\":null,\"probePath\":null,\"origins\":[{\"name\":\"origin1\",\"properties\":{\"hostName\":\"host1.hello.com\",\"httpPort\":null,\"httpsPort\":null,\"originHostHeader\":null,\"priority\":1,\"weight\":1000,\"enabled\":true,\"privateLinkAlias\":null,\"privateLinkResourceId\":null,\"privateLinkLocation\":null,\"privateEndpointStatus\":null,\"privateLinkApprovalMessage\":null}}],\"originGroups\":[],\"defaultOriginGroup\":null,\"customDomains\":[],\"geoFilters\":[],\"deliveryPolicy\":null,\"urlSigningKeys\":null,\"webApplicationFirewallPolicyLink\":null,\"resourceState\":\"Stopped\",\"provisioningState\":\"Succeeded\"}}",
      "isContentBase64": false
    }
  },
  "Start-AzCdnEndpoint+[NoContext]+Start+$POST+https://management.azure.com/subscriptions/27cafca8-b9a4-4264-b399-45d0c9cca1ab/resourceGroups/testps-rg-jnufip/providers/Microsoft.Cdn/profiles/p-xfloe9/endpoints/e-74et20/start?api-version=2022-11-01-preview+12": {
    "Request": {
      "Method": "POST",
      "RequestUri": "https://management.azure.com/subscriptions/27cafca8-b9a4-4264-b399-45d0c9cca1ab/resourceGroups/testps-rg-jnufip/providers/Microsoft.Cdn/profiles/p-xfloe9/endpoints/e-74et20/start?api-version=2022-11-01-preview",
      "Content": null,
      "isContentBase64": false,
      "Headers": {
        "x-ms-unique-id": [ "1256" ],
        "x-ms-client-request-id": [ "c23c512a-8fe8-464a-b6c1-8a84a3191db7" ],
        "CommandName": [ "Start-AzCdnEndpoint" ],
        "FullCommandName": [ "Start-AzCdnEndpoint_Start" ],
        "ParameterSetName": [ "__AllParameterSets" ],
        "User-Agent": [ "AzurePowershell/v0.0.0", "PSVersion/v7.2.9", "Az.Cdn/0.1.0" ],
        "Authorization": [ "[Filtered]" ]
      },
      "ContentHeaders": {
      }
    },
    "Response": {
      "StatusCode": 202,
      "Headers": {
        "Cache-Control": [ "no-cache" ],
        "Pragma": [ "no-cache" ],
        "Location": [ "https://management.azure.com/subscriptions/27cafca8-b9a4-4264-b399-45d0c9cca1ab/resourcegroups/testps-rg-jnufip/providers/Microsoft.Cdn/operationresults/ac3cd64f-7269-4f23-9eb5-2bca03fe2c38/profileresults/p-xfloe9/endpointresults/e-74et20?api-version=2022-11-01-preview" ],
        "Retry-After": [ "10" ],
        "Strict-Transport-Security": [ "max-age=31536000; includeSubDomains" ],
        "x-ms-request-id": [ "f39ef49a-30fa-4134-97cd-0a0367e4569d" ],
        "x-ms-client-request-id": [ "c23c512a-8fe8-464a-b6c1-8a84a3191db7" ],
        "Azure-AsyncOperation": [ "https://management.azure.com/subscriptions/27cafca8-b9a4-4264-b399-45d0c9cca1ab/resourcegroups/testps-rg-jnufip/providers/Microsoft.Cdn/operationresults/ac3cd64f-7269-4f23-9eb5-2bca03fe2c38?api-version=2022-11-01-preview" ],
        "Server": [ "Kestrel" ],
        "x-ms-ratelimit-remaining-subscription-resource-requests": [ "49" ],
        "x-ms-correlation-request-id": [ "0feba63c-83fc-447c-ae01-b4c6b07e0d19" ],
        "x-ms-routing-request-id": [ "SOUTHEASTASIA:20230325T021207Z:0feba63c-83fc-447c-ae01-b4c6b07e0d19" ],
        "X-Content-Type-Options": [ "nosniff" ],
        "Date": [ "Sat, 25 Mar 2023 02:12:06 GMT" ]
      },
      "ContentHeaders": {
        "Content-Length": [ "1065" ],
        "Content-Type": [ "application/json; charset=utf-8" ],
        "Expires": [ "-1" ]
      },
      "Content": "{\"id\":\"/subscriptions/27cafca8-b9a4-4264-b399-45d0c9cca1ab/resourcegroups/testps-rg-jnufip/providers/Microsoft.Cdn/profiles/p-xfloe9/endpoints/e-74et20\",\"type\":\"Microsoft.Cdn/profiles/endpoints\",\"name\":\"e-74et20\",\"location\":\"WestUs\",\"tags\":{},\"properties\":{\"hostName\":\"e-74et20.azureedge.net\",\"originHostHeader\":null,\"originPath\":null,\"contentTypesToCompress\":[],\"isCompressionEnabled\":false,\"isHttpAllowed\":true,\"isHttpsAllowed\":true,\"queryStringCachingBehavior\":\"IgnoreQueryString\",\"optimizationType\":null,\"probePath\":null,\"origins\":[{\"name\":\"origin1\",\"properties\":{\"hostName\":\"host1.hello.com\",\"httpPort\":null,\"httpsPort\":null,\"originHostHeader\":null,\"priority\":1,\"weight\":1000,\"enabled\":true,\"privateLinkAlias\":null,\"privateLinkResourceId\":null,\"privateLinkLocation\":null,\"privateEndpointStatus\":null,\"privateLinkApprovalMessage\":null}}],\"originGroups\":[],\"defaultOriginGroup\":null,\"customDomains\":[],\"geoFilters\":[],\"deliveryPolicy\":null,\"urlSigningKeys\":null,\"webApplicationFirewallPolicyLink\":null,\"resourceState\":\"Starting\",\"provisioningState\":\"Succeeded\"}}",
      "isContentBase64": false
    }
  },
  "Start-AzCdnEndpoint+[NoContext]+Start+$GET+https://management.azure.com/subscriptions/27cafca8-b9a4-4264-b399-45d0c9cca1ab/resourcegroups/testps-rg-jnufip/providers/Microsoft.Cdn/operationresults/ac3cd64f-7269-4f23-9eb5-2bca03fe2c38?api-version=2022-11-01-preview+13": {
    "Request": {
      "Method": "GET",
      "RequestUri": "https://management.azure.com/subscriptions/27cafca8-b9a4-4264-b399-45d0c9cca1ab/resourcegroups/testps-rg-jnufip/providers/Microsoft.Cdn/operationresults/ac3cd64f-7269-4f23-9eb5-2bca03fe2c38?api-version=2022-11-01-preview",
      "Content": null,
      "isContentBase64": false,
      "Headers": {
        "Authorization": [ "[Filtered]" ],
        "x-ms-unique-id": [ "1257" ],
        "x-ms-client-request-id": [ "c23c512a-8fe8-464a-b6c1-8a84a3191db7" ],
        "CommandName": [ "Start-AzCdnEndpoint" ],
        "FullCommandName": [ "Start-AzCdnEndpoint_Start" ],
        "ParameterSetName": [ "__AllParameterSets" ],
        "User-Agent": [ "AzurePowershell/v0.0.0", "PSVersion/v7.2.9", "Az.Cdn/0.1.0" ]
      },
      "ContentHeaders": {
      }
    },
    "Response": {
      "StatusCode": 200,
      "Headers": {
        "Cache-Control": [ "no-cache" ],
        "Pragma": [ "no-cache" ],
        "Strict-Transport-Security": [ "max-age=31536000; includeSubDomains" ],
        "x-ms-request-id": [ "75878c4b-e75d-4333-b5b2-8912ea03c112" ],
        "x-ms-client-request-id": [ "c23c512a-8fe8-464a-b6c1-8a84a3191db7" ],
        "Server": [ "Kestrel" ],
        "x-ms-ratelimit-remaining-subscription-reads": [ "11983" ],
        "x-ms-correlation-request-id": [ "d535bad1-8f2c-4849-ae18-2cb141d877b4" ],
        "x-ms-routing-request-id": [ "SOUTHEASTASIA:20230325T021217Z:d535bad1-8f2c-4849-ae18-2cb141d877b4" ],
        "X-Content-Type-Options": [ "nosniff" ],
        "Date": [ "Sat, 25 Mar 2023 02:12:17 GMT" ]
      },
      "ContentHeaders": {
        "Content-Length": [ "61" ],
        "Content-Type": [ "application/json; charset=utf-8" ],
        "Expires": [ "-1" ]
      },
      "Content": "{\"status\":\"Succeeded\",\"error\":{\"code\":\"None\",\"message\":null}}",
      "isContentBase64": false
    }
  },
  "Start-AzCdnEndpoint+[NoContext]+Start+$GET+https://management.azure.com/subscriptions/27cafca8-b9a4-4264-b399-45d0c9cca1ab/resourcegroups/testps-rg-jnufip/providers/Microsoft.Cdn/operationresults/ac3cd64f-7269-4f23-9eb5-2bca03fe2c38/profileresults/p-xfloe9/endpointresults/e-74et20?api-version=2022-11-01-preview+14": {
    "Request": {
      "Method": "GET",
      "RequestUri": "https://management.azure.com/subscriptions/27cafca8-b9a4-4264-b399-45d0c9cca1ab/resourcegroups/testps-rg-jnufip/providers/Microsoft.Cdn/operationresults/ac3cd64f-7269-4f23-9eb5-2bca03fe2c38/profileresults/p-xfloe9/endpointresults/e-74et20?api-version=2022-11-01-preview",
      "Content": null,
      "isContentBase64": false,
      "Headers": {
        "Authorization": [ "[Filtered]" ],
        "x-ms-unique-id": [ "1258" ],
        "x-ms-client-request-id": [ "c23c512a-8fe8-464a-b6c1-8a84a3191db7" ],
        "CommandName": [ "Start-AzCdnEndpoint" ],
        "FullCommandName": [ "Start-AzCdnEndpoint_Start" ],
        "ParameterSetName": [ "__AllParameterSets" ],
        "User-Agent": [ "AzurePowershell/v0.0.0", "PSVersion/v7.2.9", "Az.Cdn/0.1.0" ]
      },
      "ContentHeaders": {
      }
    },
    "Response": {
      "StatusCode": 200,
      "Headers": {
        "Cache-Control": [ "no-cache" ],
        "Pragma": [ "no-cache" ],
        "Strict-Transport-Security": [ "max-age=31536000; includeSubDomains" ],
        "x-ms-request-id": [ "e5c2b131-27d0-4b2a-a189-7e971b80acbb" ],
        "x-ms-client-request-id": [ "c23c512a-8fe8-464a-b6c1-8a84a3191db7" ],
        "Server": [ "Kestrel" ],
        "x-ms-ratelimit-remaining-subscription-reads": [ "11982" ],
        "x-ms-correlation-request-id": [ "4ca69eec-20f5-4e4b-9169-cb0523cc6b37" ],
        "x-ms-routing-request-id": [ "SOUTHEASTASIA:20230325T021218Z:4ca69eec-20f5-4e4b-9169-cb0523cc6b37" ],
        "X-Content-Type-Options": [ "nosniff" ],
        "Date": [ "Sat, 25 Mar 2023 02:12:17 GMT" ]
      },
      "ContentHeaders": {
        "Content-Length": [ "1159" ],
        "Content-Type": [ "application/json; charset=utf-8" ],
        "Expires": [ "-1" ]
      },
      "Content": "{\"id\":\"/subscriptions/27cafca8-b9a4-4264-b399-45d0c9cca1ab/resourcegroups/testps-rg-jnufip/providers/Microsoft.Cdn/operationresults/ac3cd64f-7269-4f23-9eb5-2bca03fe2c38/profileresults/p-xfloe9/endpointresults/e-74et20\",\"type\":\"Microsoft.Cdn/operationresults/profileresults/endpointresults\",\"name\":\"e-74et20\",\"location\":\"WestUs\",\"tags\":{},\"properties\":{\"hostName\":\"e-74et20.azureedge.net\",\"originHostHeader\":null,\"originPath\":null,\"contentTypesToCompress\":[],\"isCompressionEnabled\":false,\"isHttpAllowed\":true,\"isHttpsAllowed\":true,\"queryStringCachingBehavior\":\"IgnoreQueryString\",\"optimizationType\":null,\"probePath\":null,\"origins\":[{\"name\":\"origin1\",\"properties\":{\"hostName\":\"host1.hello.com\",\"httpPort\":null,\"httpsPort\":null,\"originHostHeader\":null,\"priority\":1,\"weight\":1000,\"enabled\":true,\"privateLinkAlias\":null,\"privateLinkResourceId\":null,\"privateLinkLocation\":null,\"privateEndpointStatus\":null,\"privateLinkApprovalMessage\":null}}],\"originGroups\":[],\"defaultOriginGroup\":null,\"customDomains\":[],\"geoFilters\":[],\"deliveryPolicy\":null,\"urlSigningKeys\":null,\"webApplicationFirewallPolicyLink\":null,\"resourceState\":\"Running\",\"provisioningState\":\"Succeeded\"}}",
      "isContentBase64": false
    }
  },
  "Start-AzCdnEndpoint+[NoContext]+Start+$GET+https://management.azure.com/subscriptions/27cafca8-b9a4-4264-b399-45d0c9cca1ab/resourceGroups/testps-rg-jnufip/providers/Microsoft.Cdn/profiles/p-xfloe9/endpoints/e-74et20?api-version=2022-11-01-preview+15": {
    "Request": {
      "Method": "GET",
      "RequestUri": "https://management.azure.com/subscriptions/27cafca8-b9a4-4264-b399-45d0c9cca1ab/resourceGroups/testps-rg-jnufip/providers/Microsoft.Cdn/profiles/p-xfloe9/endpoints/e-74et20?api-version=2022-11-01-preview",
      "Content": null,
      "isContentBase64": false,
      "Headers": {
        "x-ms-unique-id": [ "1259" ],
        "x-ms-client-request-id": [ "4229073a-41a3-4527-8867-eff554b222f6" ],
        "CommandName": [ "Get-AzCdnEndpoint" ],
        "FullCommandName": [ "Get-AzCdnEndpoint_Get1" ],
        "ParameterSetName": [ "__AllParameterSets" ],
        "User-Agent": [ "AzurePowershell/v0.0.0", "PSVersion/v7.2.9", "Az.Cdn/0.1.0" ],
        "Authorization": [ "[Filtered]" ]
      },
      "ContentHeaders": {
      }
    },
    "Response": {
      "StatusCode": 200,
      "Headers": {
        "Cache-Control": [ "no-cache" ],
        "Pragma": [ "no-cache" ],
        "Strict-Transport-Security": [ "max-age=31536000; includeSubDomains" ],
        "x-ms-request-id": [ "1eb3bada-68d7-4576-8b6a-4ea78ee8b7ce" ],
        "x-ms-client-request-id": [ "4229073a-41a3-4527-8867-eff554b222f6" ],
        "Server": [ "Kestrel" ],
        "x-ms-ratelimit-remaining-subscription-resource-requests": [ "48" ],
        "x-ms-correlation-request-id": [ "5fc62517-b81a-4d5e-a7cd-9235ae07b596" ],
        "x-ms-routing-request-id": [ "SOUTHEASTASIA:20230325T021219Z:5fc62517-b81a-4d5e-a7cd-9235ae07b596" ],
        "X-Content-Type-Options": [ "nosniff" ],
        "Date": [ "Sat, 25 Mar 2023 02:12:19 GMT" ]
      },
      "ContentHeaders": {
        "Content-Length": [ "1064" ],
        "Content-Type": [ "application/json; charset=utf-8" ],
        "Expires": [ "-1" ]
      },
      "Content": "{\"id\":\"/subscriptions/27cafca8-b9a4-4264-b399-45d0c9cca1ab/resourcegroups/testps-rg-jnufip/providers/Microsoft.Cdn/profiles/p-xfloe9/endpoints/e-74et20\",\"type\":\"Microsoft.Cdn/profiles/endpoints\",\"name\":\"e-74et20\",\"location\":\"WestUs\",\"tags\":{},\"properties\":{\"hostName\":\"e-74et20.azureedge.net\",\"originHostHeader\":null,\"originPath\":null,\"contentTypesToCompress\":[],\"isCompressionEnabled\":false,\"isHttpAllowed\":true,\"isHttpsAllowed\":true,\"queryStringCachingBehavior\":\"IgnoreQueryString\",\"optimizationType\":null,\"probePath\":null,\"origins\":[{\"name\":\"origin1\",\"properties\":{\"hostName\":\"host1.hello.com\",\"httpPort\":null,\"httpsPort\":null,\"originHostHeader\":null,\"priority\":1,\"weight\":1000,\"enabled\":true,\"privateLinkAlias\":null,\"privateLinkResourceId\":null,\"privateLinkLocation\":null,\"privateEndpointStatus\":null,\"privateLinkApprovalMessage\":null}}],\"originGroups\":[],\"defaultOriginGroup\":null,\"customDomains\":[],\"geoFilters\":[],\"deliveryPolicy\":null,\"urlSigningKeys\":null,\"webApplicationFirewallPolicyLink\":null,\"resourceState\":\"Running\",\"provisioningState\":\"Succeeded\"}}",
      "isContentBase64": false
    }
  }
}