{
  "Stop-AzFrontDoorCdnProfileMigration+[NoContext]+Delete+$PUT+https://management.azure.com/subscriptions/27cafca8-b9a4-4264-b399-45d0c9cca1ab/resourceGroups/testps-rg-ygjp/providers/Microsoft.Cdn/profiles/fdp-lenb71?api-version=2022-11-01-preview+1": {
    "Request": {
      "Method": "PUT",
      "RequestUri": "https://management.azure.com/subscriptions/27cafca8-b9a4-4264-b399-45d0c9cca1ab/resourceGroups/testps-rg-ygjp/providers/Microsoft.Cdn/profiles/fdp-lenb71?api-version=2022-11-01-preview",
      "Content": "{\r\n  \"location\": \"Global\",\r\n  \"sku\": {\r\n    \"name\": \"Standard_AzureFrontDoor\"\r\n  }\r\n}",
      "isContentBase64": false,
      "Headers": {
      },
      "ContentHeaders": {
        "Content-Type": [ "application/json" ],
        "Content-Length": [ "85" ]
      }
    },
    "Response": {
      "StatusCode": 201,
      "Headers": {
        "Cache-Control": [ "no-cache" ],
        "Pragma": [ "no-cache" ],
        "Retry-After": [ "10" ],
        "Strict-Transport-Security": [ "max-age=31536000; includeSubDomains" ],
        "x-ms-request-id": [ "38549910-5d16-4516-b875-cff67ac0e46e" ],
        "x-ms-client-request-id": [ "f632775b-438b-49ce-b54e-005a1c016020" ],
        "Azure-AsyncOperation": [ "https://management.azure.com/subscriptions/27cafca8-b9a4-4264-b399-45d0c9cca1ab/resourcegroups/testps-rg-ygjp/providers/Microsoft.Cdn/operationresults/4ef4b8ab-c989-46a7-a610-83dc6f0d2a79?api-version=2022-11-01-preview" ],
        "Server": [ "Kestrel" ],
        "x-ms-ratelimit-remaining-subscription-resource-requests": [ "18" ],
        "x-ms-correlation-request-id": [ "f10b68de-244d-46af-bf16-96654f76b252" ],
        "x-ms-routing-request-id": [ "SOUTHEASTASIA:20230426T155748Z:f10b68de-244d-46af-bf16-96654f76b252" ],
        "X-Content-Type-Options": [ "nosniff" ],
        "Date": [ "Wed, 26 Apr 2023 15:57:48 GMT" ]
      },
      "ContentHeaders": {
        "Content-Length": [ "460" ],
        "Content-Type": [ "application/json; charset=utf-8" ],
        "Expires": [ "-1" ]
      },
      "Content": "{\"id\":\"/subscriptions/27cafca8-b9a4-4264-b399-45d0c9cca1ab/resourcegroups/testps-rg-ygjp/providers/Microsoft.Cdn/profiles/fdp-lenb71\",\"type\":\"Microsoft.Cdn/profiles\",\"name\":\"fdp-lenb71\",\"location\":\"Global\",\"kind\":\"frontdoor\",\"tags\":{},\"sku\":{\"name\":\"Standard_AzureFrontDoor\"},\"properties\":{\"originResponseTimeoutSeconds\":30,\"frontDoorId\":\"9b4f7d05-a2d3-45ad-ab80-215d6a6dbca5\",\"extendedProperties\":{},\"resourceState\":\"Creating\",\"provisioningState\":\"Creating\"}}",
      "isContentBase64": false
    }
  },
  "Stop-AzFrontDoorCdnProfileMigration+[NoContext]+Delete+$GET+https://management.azure.com/subscriptions/27cafca8-b9a4-4264-b399-45d0c9cca1ab/resourcegroups/testps-rg-ygjp/providers/Microsoft.Cdn/operationresults/4ef4b8ab-c989-46a7-a610-83dc6f0d2a79?api-version=2022-11-01-preview+2": {
    "Request": {
      "Method": "GET",
      "RequestUri": "https://management.azure.com/subscriptions/27cafca8-b9a4-4264-b399-45d0c9cca1ab/resourcegroups/testps-rg-ygjp/providers/Microsoft.Cdn/operationresults/4ef4b8ab-c989-46a7-a610-83dc6f0d2a79?api-version=2022-11-01-preview",
      "Content": null,
      "isContentBase64": false,
      "Headers": {
        "Authorization": [ "[Filtered]" ],
        "x-ms-unique-id": [ "731" ],
        "x-ms-client-request-id": [ "f632775b-438b-49ce-b54e-005a1c016020" ],
        "CommandName": [ "Az.Cdn.internal\\New-AzCdnProfile" ],
        "FullCommandName": [ "New-AzCdnProfile_CreateExpanded" ],
        "ParameterSetName": [ "__AllParameterSets" ],
        "User-Agent": [ "AzurePowershell/v0.0.0", "PSVersion/v7.2.11", "Az.Cdn/0.1.0" ]
      },
      "ContentHeaders": {
      }
    },
    "Response": {
      "StatusCode": 200,
      "Headers": {
        "Cache-Control": [ "no-cache" ],
        "Pragma": [ "no-cache" ],
        "Strict-Transport-Security": [ "max-age=31536000; includeSubDomains" ],
        "x-ms-request-id": [ "898132d7-e138-4b7f-8957-f1cf139c944f" ],
        "x-ms-client-request-id": [ "f632775b-438b-49ce-b54e-005a1c016020" ],
        "Server": [ "Kestrel" ],
        "x-ms-ratelimit-remaining-subscription-reads": [ "11731" ],
        "x-ms-correlation-request-id": [ "11b10767-7ba5-44c7-9898-0b016c05ad6e" ],
        "x-ms-routing-request-id": [ "SOUTHEASTASIA:20230426T155759Z:11b10767-7ba5-44c7-9898-0b016c05ad6e" ],
        "X-Content-Type-Options": [ "nosniff" ],
        "Date": [ "Wed, 26 Apr 2023 15:57:58 GMT" ]
      },
      "ContentHeaders": {
        "Content-Length": [ "61" ],
        "Content-Type": [ "application/json; charset=utf-8" ],
        "Expires": [ "-1" ]
      },
      "Content": "{\"status\":\"Succeeded\",\"error\":{\"code\":\"None\",\"message\":null}}",
      "isContentBase64": false
    }
  },
  "Stop-AzFrontDoorCdnProfileMigration+[NoContext]+Delete+$GET+https://management.azure.com/subscriptions/27cafca8-b9a4-4264-b399-45d0c9cca1ab/resourceGroups/testps-rg-ygjp/providers/Microsoft.Cdn/profiles/fdp-lenb71?api-version=2022-11-01-preview+3": {
    "Request": {
      "Method": "GET",
      "RequestUri": "https://management.azure.com/subscriptions/27cafca8-b9a4-4264-b399-45d0c9cca1ab/resourceGroups/testps-rg-ygjp/providers/Microsoft.Cdn/profiles/fdp-lenb71?api-version=2022-11-01-preview",
      "Content": null,
      "isContentBase64": false,
      "Headers": {
        "Authorization": [ "[Filtered]" ],
        "x-ms-unique-id": [ "732" ],
        "x-ms-client-request-id": [ "f632775b-438b-49ce-b54e-005a1c016020" ],
        "CommandName": [ "Az.Cdn.internal\\New-AzCdnProfile" ],
        "FullCommandName": [ "New-AzCdnProfile_CreateExpanded" ],
        "ParameterSetName": [ "__AllParameterSets" ],
        "User-Agent": [ "AzurePowershell/v0.0.0", "PSVersion/v7.2.11", "Az.Cdn/0.1.0" ]
      },
      "ContentHeaders": {
      }
    },
    "Response": {
      "StatusCode": 200,
      "Headers": {
        "Cache-Control": [ "no-cache" ],
        "Pragma": [ "no-cache" ],
        "Strict-Transport-Security": [ "max-age=31536000; includeSubDomains" ],
        "x-ms-request-id": [ "76be78b7-56a4-4f1a-b454-af7495f2e5af" ],
        "x-ms-client-request-id": [ "f632775b-438b-49ce-b54e-005a1c016020" ],
        "Server": [ "Kestrel" ],
        "x-ms-ratelimit-remaining-subscription-resource-requests": [ "48" ],
        "x-ms-correlation-request-id": [ "dec41503-8010-4749-9bf7-d6362e2c8eb1" ],
        "x-ms-routing-request-id": [ "SOUTHEASTASIA:20230426T155759Z:dec41503-8010-4749-9bf7-d6362e2c8eb1" ],
        "X-Content-Type-Options": [ "nosniff" ],
        "Date": [ "Wed, 26 Apr 2023 15:57:59 GMT" ]
      },
      "ContentHeaders": {
        "Content-Length": [ "459" ],
        "Content-Type": [ "application/json; charset=utf-8" ],
        "Expires": [ "-1" ]
      },
      "Content": "{\"id\":\"/subscriptions/27cafca8-b9a4-4264-b399-45d0c9cca1ab/resourcegroups/testps-rg-ygjp/providers/Microsoft.Cdn/profiles/fdp-lenb71\",\"type\":\"Microsoft.Cdn/profiles\",\"name\":\"fdp-lenb71\",\"location\":\"Global\",\"kind\":\"frontdoor\",\"tags\":{},\"sku\":{\"name\":\"Standard_AzureFrontDoor\"},\"properties\":{\"originResponseTimeoutSeconds\":30,\"frontDoorId\":\"9b4f7d05-a2d3-45ad-ab80-215d6a6dbca5\",\"extendedProperties\":{},\"resourceState\":\"Active\",\"provisioningState\":\"Succeeded\"}}",
      "isContentBase64": false
    }
  }
}