{
  "Stop-AzCdnEndpoint+[NoContext]+Stop+$PUT+https://management.azure.com/subscriptions/27cafca8-b9a4-4264-b399-45d0c9cca1ab/resourceGroups/testps-rg-esnh92/providers/Microsoft.Cdn/profiles/p-6fqsm8?api-version=2022-11-01-preview+1": {
    "Request": {
      "Method": "PUT",
      "RequestUri": "https://management.azure.com/subscriptions/27cafca8-b9a4-4264-b399-45d0c9cca1ab/resourceGroups/testps-rg-esnh92/providers/Microsoft.Cdn/profiles/p-6fqsm8?api-version=2022-11-01-preview",
      "Content": "{\r\n  \"location\": \"Global\",\r\n  \"sku\": {\r\n    \"name\": \"Standard_Microsoft\"\r\n  }\r\n}",
      "isContentBase64": false,
      "Headers": {
      },
      "ContentHeaders": {
        "Content-Type": [ "application/json" ],
        "Content-Length": [ "80" ]
      }
    },
    "Response": {
      "StatusCode": 201,
      "Headers": {
        "Cache-Control": [ "no-cache" ],
        "Pragma": [ "no-cache" ],
        "Retry-After": [ "10" ],
        "Strict-Transport-Security": [ "max-age=31536000; includeSubDomains" ],
        "x-ms-request-id": [ "e921167d-f8c3-4ce5-86f5-80dce41b831d" ],
        "x-ms-client-request-id": [ "f86b10d9-98f1-42e2-bc46-724102c7f036" ],
        "Azure-AsyncOperation": [ "https://management.azure.com/subscriptions/27cafca8-b9a4-4264-b399-45d0c9cca1ab/resourcegroups/testps-rg-esnh92/providers/Microsoft.Cdn/operationresults/72dadc79-013c-4fd1-baa9-9121d33b3704?api-version=2022-11-01-preview" ],
        "Server": [ "Kestrel" ],
        "x-ms-ratelimit-remaining-subscription-resource-requests": [ "16" ],
        "x-ms-correlation-request-id": [ "be0fc237-50cc-48a4-8dbd-b670b06fac4b" ],
        "x-ms-routing-request-id": [ "SOUTHEASTASIA:20230325T021658Z:be0fc237-50cc-48a4-8dbd-b670b06fac4b" ],
        "X-Content-Type-Options": [ "nosniff" ],
        "Date": [ "Sat, 25 Mar 2023 02:16:57 GMT" ]
      },
      "ContentHeaders": {
        "Content-Length": [ "360" ],
        "Content-Type": [ "application/json; charset=utf-8" ],
        "Expires": [ "-1" ]
      },
      "Content": "{\"id\":\"/subscriptions/27cafca8-b9a4-4264-b399-45d0c9cca1ab/resourcegroups/testps-rg-esnh92/providers/Microsoft.Cdn/profiles/p-6fqsm8\",\"type\":\"Microsoft.Cdn/profiles\",\"name\":\"p-6fqsm8\",\"location\":\"Global\",\"kind\":\"cdn\",\"tags\":{},\"sku\":{\"name\":\"Standard_Microsoft\"},\"properties\":{\"extendedProperties\":{},\"resourceState\":\"Creating\",\"provisioningState\":\"Creating\"}}",
      "isContentBase64": false
    }
  },
  "Stop-AzCdnEndpoint+[NoContext]+Stop+$GET+https://management.azure.com/subscriptions/27cafca8-b9a4-4264-b399-45d0c9cca1ab/resourcegroups/testps-rg-esnh92/providers/Microsoft.Cdn/operationresults/72dadc79-013c-4fd1-baa9-9121d33b3704?api-version=2022-11-01-preview+2": {
    "Request": {
      "Method": "GET",
      "RequestUri": "https://management.azure.com/subscriptions/27cafca8-b9a4-4264-b399-45d0c9cca1ab/resourcegroups/testps-rg-esnh92/providers/Microsoft.Cdn/operationresults/72dadc79-013c-4fd1-baa9-9121d33b3704?api-version=2022-11-01-preview",
      "Content": null,
      "isContentBase64": false,
      "Headers": {
        "Authorization": [ "[Filtered]" ],
        "x-ms-unique-id": [ "1289" ],
        "x-ms-client-request-id": [ "f86b10d9-98f1-42e2-bc46-724102c7f036" ],
        "CommandName": [ "Az.Cdn.internal\\New-AzCdnProfile" ],
        "FullCommandName": [ "New-AzCdnProfile_CreateExpanded" ],
        "ParameterSetName": [ "__AllParameterSets" ],
        "User-Agent": [ "AzurePowershell/v0.0.0", "PSVersion/v7.2.9", "Az.Cdn/0.1.0" ]
      },
      "ContentHeaders": {
      }
    },
    "Response": {
      "StatusCode": 200,
      "Headers": {
        "Cache-Control": [ "no-cache" ],
        "Pragma": [ "no-cache" ],
        "Strict-Transport-Security": [ "max-age=31536000; includeSubDomains" ],
        "x-ms-request-id": [ "77dac7ac-35a3-4f53-ac26-2d820ef5a164" ],
        "x-ms-client-request-id": [ "f86b10d9-98f1-42e2-bc46-724102c7f036" ],
        "Server": [ "Kestrel" ],
        "x-ms-ratelimit-remaining-subscription-reads": [ "11968" ],
        "x-ms-correlation-request-id": [ "971d82ee-bd55-4f24-b46d-575b504795bb" ],
        "x-ms-routing-request-id": [ "SOUTHEASTASIA:20230325T021708Z:971d82ee-bd55-4f24-b46d-575b504795bb" ],
        "X-Content-Type-Options": [ "nosniff" ],
        "Date": [ "Sat, 25 Mar 2023 02:17:07 GMT" ]
      },
      "ContentHeaders": {
        "Content-Length": [ "61" ],
        "Content-Type": [ "application/json; charset=utf-8" ],
        "Expires": [ "-1" ]
      },
      "Content": "{\"status\":\"Succeeded\",\"error\":{\"code\":\"None\",\"message\":null}}",
      "isContentBase64": false
    }
  },
  "Stop-AzCdnEndpoint+[NoContext]+Stop+$GET+https://management.azure.com/subscriptions/27cafca8-b9a4-4264-b399-45d0c9cca1ab/resourceGroups/testps-rg-esnh92/providers/Microsoft.Cdn/profiles/p-6fqsm8?api-version=2022-11-01-preview+3": {
    "Request": {
      "Method": "GET",
      "RequestUri": "https://management.azure.com/subscriptions/27cafca8-b9a4-4264-b399-45d0c9cca1ab/resourceGroups/testps-rg-esnh92/providers/Microsoft.Cdn/profiles/p-6fqsm8?api-version=2022-11-01-preview",
      "Content": null,
      "isContentBase64": false,
      "Headers": {
        "Authorization": [ "[Filtered]" ],
        "x-ms-unique-id": [ "1290" ],
        "x-ms-client-request-id": [ "f86b10d9-98f1-42e2-bc46-724102c7f036" ],
        "CommandName": [ "Az.Cdn.internal\\New-AzCdnProfile" ],
        "FullCommandName": [ "New-AzCdnProfile_CreateExpanded" ],
        "ParameterSetName": [ "__AllParameterSets" ],
        "User-Agent": [ "AzurePowershell/v0.0.0", "PSVersion/v7.2.9", "Az.Cdn/0.1.0" ]
      },
      "ContentHeaders": {
      }
    },
    "Response": {
      "StatusCode": 200,
      "Headers": {
        "Cache-Control": [ "no-cache" ],
        "Pragma": [ "no-cache" ],
        "Strict-Transport-Security": [ "max-age=31536000; includeSubDomains" ],
        "x-ms-request-id": [ "39418e97-4132-4870-bfcc-6bba67b3d7f9" ],
        "x-ms-client-request-id": [ "f86b10d9-98f1-42e2-bc46-724102c7f036" ],
        "Server": [ "Kestrel" ],
        "x-ms-ratelimit-remaining-subscription-resource-requests": [ "45" ],
        "x-ms-correlation-request-id": [ "914c3ae8-b10e-433b-b37b-49f614403ce7" ],
        "x-ms-routing-request-id": [ "SOUTHEASTASIA:20230325T021709Z:914c3ae8-b10e-433b-b37b-49f614403ce7" ],
        "X-Content-Type-Options": [ "nosniff" ],
        "Date": [ "Sat, 25 Mar 2023 02:17:08 GMT" ]
      },
      "ContentHeaders": {
        "Content-Length": [ "359" ],
        "Content-Type": [ "application/json; charset=utf-8" ],
        "Expires": [ "-1" ]
      },
      "Content": "{\"id\":\"/subscriptions/27cafca8-b9a4-4264-b399-45d0c9cca1ab/resourcegroups/testps-rg-esnh92/providers/Microsoft.Cdn/profiles/p-6fqsm8\",\"type\":\"Microsoft.Cdn/profiles\",\"name\":\"p-6fqsm8\",\"location\":\"Global\",\"kind\":\"cdn\",\"tags\":{},\"sku\":{\"name\":\"Standard_Microsoft\"},\"properties\":{\"extendedProperties\":{},\"resourceState\":\"Active\",\"provisioningState\":\"Succeeded\"}}",
      "isContentBase64": false
    }
  },
  "Stop-AzCdnEndpoint+[NoContext]+Stop+$PUT+https://management.azure.com/subscriptions/27cafca8-b9a4-4264-b399-45d0c9cca1ab/resourceGroups/testps-rg-esnh92/providers/Microsoft.Cdn/profiles/p-6fqsm8/endpoints/e-tpmv6o?api-version=2022-11-01-preview+4": {
    "Request": {
      "Method": "PUT",
      "RequestUri": "https://management.azure.com/subscriptions/27cafca8-b9a4-4264-b399-45d0c9cca1ab/resourceGroups/testps-rg-esnh92/providers/Microsoft.Cdn/profiles/p-6fqsm8/endpoints/e-tpmv6o?api-version=2022-11-01-preview",
      "Content": "{\r\n  \"location\": \"westus\",\r\n  \"properties\": {\r\n    \"origins\": [\r\n      {\r\n        \"properties\": {\r\n          \"hostName\": \"host1.hello.com\"\r\n        },\r\n        \"name\": \"origin1\"\r\n      }\r\n    ]\r\n  }\r\n}",
      "isContentBase64": false,
      "Headers": {
      },
      "ContentHeaders": {
        "Content-Type": [ "application/json" ],
        "Content-Length": [ "201" ]
      }
    },
    "Response": {
      "StatusCode": 201,
      "Headers": {
        "Cache-Control": [ "no-cache" ],
        "Pragma": [ "no-cache" ],
        "Retry-After": [ "10" ],
        "Strict-Transport-Security": [ "max-age=31536000; includeSubDomains" ],
        "x-ms-request-id": [ "f5a85509-1394-48e9-8c40-132946ac1b65" ],
        "x-ms-client-request-id": [ "0c04af48-c084-455e-b9b4-729acff852bb" ],
        "Azure-AsyncOperation": [ "https://management.azure.com/subscriptions/27cafca8-b9a4-4264-b399-45d0c9cca1ab/resourcegroups/testps-rg-esnh92/providers/Microsoft.Cdn/operationresults/316cb7d5-76cd-44e3-a09d-c4918ad568db?api-version=2022-11-01-preview" ],
        "Server": [ "Kestrel" ],
        "x-ms-ratelimit-remaining-subscription-resource-requests": [ "97" ],
        "x-ms-correlation-request-id": [ "6f3816c0-15b6-4823-ab12-698e120c288d" ],
        "x-ms-routing-request-id": [ "SOUTHEASTASIA:20230325T021714Z:6f3816c0-15b6-4823-ab12-698e120c288d" ],
        "X-Content-Type-Options": [ "nosniff" ],
        "Date": [ "Sat, 25 Mar 2023 02:17:13 GMT" ]
      },
      "ContentHeaders": {
        "Content-Length": [ "1064" ],
        "Content-Type": [ "application/json; charset=utf-8" ],
        "Expires": [ "-1" ]
      },
      "Content": "{\"id\":\"/subscriptions/27cafca8-b9a4-4264-b399-45d0c9cca1ab/resourcegroups/testps-rg-esnh92/providers/Microsoft.Cdn/profiles/p-6fqsm8/endpoints/e-tpmv6o\",\"type\":\"Microsoft.Cdn/profiles/endpoints\",\"name\":\"e-tpmv6o\",\"location\":\"WestUs\",\"tags\":{},\"properties\":{\"hostName\":\"e-tpmv6o.azureedge.net\",\"originHostHeader\":null,\"originPath\":null,\"contentTypesToCompress\":[],\"isCompressionEnabled\":false,\"isHttpAllowed\":true,\"isHttpsAllowed\":true,\"queryStringCachingBehavior\":\"IgnoreQueryString\",\"optimizationType\":null,\"probePath\":null,\"origins\":[{\"name\":\"origin1\",\"properties\":{\"hostName\":\"host1.hello.com\",\"httpPort\":null,\"httpsPort\":null,\"originHostHeader\":null,\"priority\":1,\"weight\":1000,\"enabled\":true,\"privateLinkAlias\":null,\"privateLinkResourceId\":null,\"privateLinkLocation\":null,\"privateEndpointStatus\":null,\"privateLinkApprovalMessage\":null}}],\"originGroups\":[],\"defaultOriginGroup\":null,\"customDomains\":[],\"geoFilters\":[],\"deliveryPolicy\":null,\"urlSigningKeys\":null,\"webApplicationFirewallPolicyLink\":null,\"resourceState\":\"Creating\",\"provisioningState\":\"Creating\"}}",
      "isContentBase64": false
    }
  },
  "Stop-AzCdnEndpoint+[NoContext]+Stop+$GET+https://management.azure.com/subscriptions/27cafca8-b9a4-4264-b399-45d0c9cca1ab/resourcegroups/testps-rg-esnh92/providers/Microsoft.Cdn/operationresults/316cb7d5-76cd-44e3-a09d-c4918ad568db?api-version=2022-11-01-preview+5": {
    "Request": {
      "Method": "GET",
      "RequestUri": "https://management.azure.com/subscriptions/27cafca8-b9a4-4264-b399-45d0c9cca1ab/resourcegroups/testps-rg-esnh92/providers/Microsoft.Cdn/operationresults/316cb7d5-76cd-44e3-a09d-c4918ad568db?api-version=2022-11-01-preview",
      "Content": null,
      "isContentBase64": false,
      "Headers": {
        "Authorization": [ "[Filtered]" ],
        "x-ms-unique-id": [ "1292" ],
        "x-ms-client-request-id": [ "0c04af48-c084-455e-b9b4-729acff852bb" ],
        "CommandName": [ "New-AzCdnEndpoint" ],
        "FullCommandName": [ "New-AzCdnEndpoint_CreateExpanded1" ],
        "ParameterSetName": [ "__AllParameterSets" ],
        "User-Agent": [ "AzurePowershell/v0.0.0", "PSVersion/v7.2.9", "Az.Cdn/0.1.0" ]
      },
      "ContentHeaders": {
      }
    },
    "Response": {
      "StatusCode": 200,
      "Headers": {
        "Cache-Control": [ "no-cache" ],
        "Pragma": [ "no-cache" ],
        "Strict-Transport-Security": [ "max-age=31536000; includeSubDomains" ],
        "x-ms-request-id": [ "40eddb02-599e-483b-a39d-3245a6a2c326" ],
        "x-ms-client-request-id": [ "0c04af48-c084-455e-b9b4-729acff852bb" ],
        "Server": [ "Kestrel" ],
        "x-ms-ratelimit-remaining-subscription-reads": [ "11967" ],
        "x-ms-correlation-request-id": [ "6f459ec2-4e49-4c1e-b16d-4b995093ec82" ],
        "x-ms-routing-request-id": [ "SOUTHEASTASIA:20230325T021725Z:6f459ec2-4e49-4c1e-b16d-4b995093ec82" ],
        "X-Content-Type-Options": [ "nosniff" ],
        "Date": [ "Sat, 25 Mar 2023 02:17:24 GMT" ]
      },
      "ContentHeaders": {
        "Content-Length": [ "61" ],
        "Content-Type": [ "application/json; charset=utf-8" ],
        "Expires": [ "-1" ]
      },
      "Content": "{\"status\":\"Succeeded\",\"error\":{\"code\":\"None\",\"message\":null}}",
      "isContentBase64": false
    }
  },
  "Stop-AzCdnEndpoint+[NoContext]+Stop+$GET+https://management.azure.com/subscriptions/27cafca8-b9a4-4264-b399-45d0c9cca1ab/resourceGroups/testps-rg-esnh92/providers/Microsoft.Cdn/profiles/p-6fqsm8/endpoints/e-tpmv6o?api-version=2022-11-01-preview+6": {
    "Request": {
      "Method": "GET",
      "RequestUri": "https://management.azure.com/subscriptions/27cafca8-b9a4-4264-b399-45d0c9cca1ab/resourceGroups/testps-rg-esnh92/providers/Microsoft.Cdn/profiles/p-6fqsm8/endpoints/e-tpmv6o?api-version=2022-11-01-preview",
      "Content": null,
      "isContentBase64": false,
      "Headers": {
        "Authorization": [ "[Filtered]" ],
        "x-ms-unique-id": [ "1293" ],
        "x-ms-client-request-id": [ "0c04af48-c084-455e-b9b4-729acff852bb" ],
        "CommandName": [ "New-AzCdnEndpoint" ],
        "FullCommandName": [ "New-AzCdnEndpoint_CreateExpanded1" ],
        "ParameterSetName": [ "__AllParameterSets" ],
        "User-Agent": [ "AzurePowershell/v0.0.0", "PSVersion/v7.2.9", "Az.Cdn/0.1.0" ]
      },
      "ContentHeaders": {
      }
    },
    "Response": {
      "StatusCode": 200,
      "Headers": {
        "Cache-Control": [ "no-cache" ],
        "Pragma": [ "no-cache" ],
        "Strict-Transport-Security": [ "max-age=31536000; includeSubDomains" ],
        "x-ms-request-id": [ "65657ddf-36b5-49c0-9491-d7db7bfa06ba" ],
        "x-ms-client-request-id": [ "0c04af48-c084-455e-b9b4-729acff852bb" ],
        "Server": [ "Kestrel" ],
        "x-ms-ratelimit-remaining-subscription-resource-requests": [ "45" ],
        "x-ms-correlation-request-id": [ "5d70a501-da1c-4dd3-aa64-a2510c978cd8" ],
        "x-ms-routing-request-id": [ "SOUTHEASTASIA:20230325T021725Z:5d70a501-da1c-4dd3-aa64-a2510c978cd8" ],
        "X-Content-Type-Options": [ "nosniff" ],
        "Date": [ "Sat, 25 Mar 2023 02:17:25 GMT" ]
      },
      "ContentHeaders": {
        "Content-Length": [ "1064" ],
        "Content-Type": [ "application/json; charset=utf-8" ],
        "Expires": [ "-1" ]
      },
      "Content": "{\"id\":\"/subscriptions/27cafca8-b9a4-4264-b399-45d0c9cca1ab/resourcegroups/testps-rg-esnh92/providers/Microsoft.Cdn/profiles/p-6fqsm8/endpoints/e-tpmv6o\",\"type\":\"Microsoft.Cdn/profiles/endpoints\",\"name\":\"e-tpmv6o\",\"location\":\"WestUs\",\"tags\":{},\"properties\":{\"hostName\":\"e-tpmv6o.azureedge.net\",\"originHostHeader\":null,\"originPath\":null,\"contentTypesToCompress\":[],\"isCompressionEnabled\":false,\"isHttpAllowed\":true,\"isHttpsAllowed\":true,\"queryStringCachingBehavior\":\"IgnoreQueryString\",\"optimizationType\":null,\"probePath\":null,\"origins\":[{\"name\":\"origin1\",\"properties\":{\"hostName\":\"host1.hello.com\",\"httpPort\":null,\"httpsPort\":null,\"originHostHeader\":null,\"priority\":1,\"weight\":1000,\"enabled\":true,\"privateLinkAlias\":null,\"privateLinkResourceId\":null,\"privateLinkLocation\":null,\"privateEndpointStatus\":null,\"privateLinkApprovalMessage\":null}}],\"originGroups\":[],\"defaultOriginGroup\":null,\"customDomains\":[],\"geoFilters\":[],\"deliveryPolicy\":null,\"urlSigningKeys\":null,\"webApplicationFirewallPolicyLink\":null,\"resourceState\":\"Running\",\"provisioningState\":\"Succeeded\"}}",
      "isContentBase64": false
    }
  },
  "Stop-AzCdnEndpoint+[NoContext]+Stop+$POST+https://management.azure.com/subscriptions/27cafca8-b9a4-4264-b399-45d0c9cca1ab/resourceGroups/testps-rg-esnh92/providers/Microsoft.Cdn/profiles/p-6fqsm8/endpoints/e-tpmv6o/stop?api-version=2022-11-01-preview+7": {
    "Request": {
      "Method": "POST",
      "RequestUri": "https://management.azure.com/subscriptions/27cafca8-b9a4-4264-b399-45d0c9cca1ab/resourceGroups/testps-rg-esnh92/providers/Microsoft.Cdn/profiles/p-6fqsm8/endpoints/e-tpmv6o/stop?api-version=2022-11-01-preview",
      "Content": null,
      "isContentBase64": false,
      "Headers": {
        "x-ms-unique-id": [ "1294" ],
        "x-ms-client-request-id": [ "3970504d-0a0b-43a6-9b46-845b15205332" ],
        "CommandName": [ "Stop-AzCdnEndpoint" ],
        "FullCommandName": [ "Stop-AzCdnEndpoint_Stop" ],
        "ParameterSetName": [ "__AllParameterSets" ],
        "User-Agent": [ "AzurePowershell/v0.0.0", "PSVersion/v7.2.9", "Az.Cdn/0.1.0" ],
        "Authorization": [ "[Filtered]" ]
      },
      "ContentHeaders": {
      }
    },
    "Response": {
      "StatusCode": 202,
      "Headers": {
        "Cache-Control": [ "no-cache" ],
        "Pragma": [ "no-cache" ],
        "Location": [ "https://management.azure.com/subscriptions/27cafca8-b9a4-4264-b399-45d0c9cca1ab/resourcegroups/testps-rg-esnh92/providers/Microsoft.Cdn/operationresults/b3f81057-6767-4c82-bdc6-757564701578/profileresults/p-6fqsm8/endpointresults/e-tpmv6o?api-version=2022-11-01-preview" ],
        "Retry-After": [ "10" ],
        "Strict-Transport-Security": [ "max-age=31536000; includeSubDomains" ],
        "x-ms-request-id": [ "e03deed4-b15e-4c63-925e-8273fb906053" ],
        "x-ms-client-request-id": [ "3970504d-0a0b-43a6-9b46-845b15205332" ],
        "Azure-AsyncOperation": [ "https://management.azure.com/subscriptions/27cafca8-b9a4-4264-b399-45d0c9cca1ab/resourcegroups/testps-rg-esnh92/providers/Microsoft.Cdn/operationresults/b3f81057-6767-4c82-bdc6-757564701578?api-version=2022-11-01-preview" ],
        "Server": [ "Kestrel" ],
        "x-ms-ratelimit-remaining-subscription-resource-requests": [ "47" ],
        "x-ms-correlation-request-id": [ "3ccdff54-9a5d-4b1f-aa65-d9b378c71727" ],
        "x-ms-routing-request-id": [ "SOUTHEASTASIA:20230325T021726Z:3ccdff54-9a5d-4b1f-aa65-d9b378c71727" ],
        "X-Content-Type-Options": [ "nosniff" ],
        "Date": [ "Sat, 25 Mar 2023 02:17:26 GMT" ]
      },
      "ContentHeaders": {
        "Content-Length": [ "1065" ],
        "Content-Type": [ "application/json; charset=utf-8" ],
        "Expires": [ "-1" ]
      },
      "Content": "{\"id\":\"/subscriptions/27cafca8-b9a4-4264-b399-45d0c9cca1ab/resourcegroups/testps-rg-esnh92/providers/Microsoft.Cdn/profiles/p-6fqsm8/endpoints/e-tpmv6o\",\"type\":\"Microsoft.Cdn/profiles/endpoints\",\"name\":\"e-tpmv6o\",\"location\":\"WestUs\",\"tags\":{},\"properties\":{\"hostName\":\"e-tpmv6o.azureedge.net\",\"originHostHeader\":null,\"originPath\":null,\"contentTypesToCompress\":[],\"isCompressionEnabled\":false,\"isHttpAllowed\":true,\"isHttpsAllowed\":true,\"queryStringCachingBehavior\":\"IgnoreQueryString\",\"optimizationType\":null,\"probePath\":null,\"origins\":[{\"name\":\"origin1\",\"properties\":{\"hostName\":\"host1.hello.com\",\"httpPort\":null,\"httpsPort\":null,\"originHostHeader\":null,\"priority\":1,\"weight\":1000,\"enabled\":true,\"privateLinkAlias\":null,\"privateLinkResourceId\":null,\"privateLinkLocation\":null,\"privateEndpointStatus\":null,\"privateLinkApprovalMessage\":null}}],\"originGroups\":[],\"defaultOriginGroup\":null,\"customDomains\":[],\"geoFilters\":[],\"deliveryPolicy\":null,\"urlSigningKeys\":null,\"webApplicationFirewallPolicyLink\":null,\"resourceState\":\"Stopping\",\"provisioningState\":\"Succeeded\"}}",
      "isContentBase64": false
    }
  },
  "Stop-AzCdnEndpoint+[NoContext]+Stop+$GET+https://management.azure.com/subscriptions/27cafca8-b9a4-4264-b399-45d0c9cca1ab/resourcegroups/testps-rg-esnh92/providers/Microsoft.Cdn/operationresults/b3f81057-6767-4c82-bdc6-757564701578?api-version=2022-11-01-preview+8": {
    "Request": {
      "Method": "GET",
      "RequestUri": "https://management.azure.com/subscriptions/27cafca8-b9a4-4264-b399-45d0c9cca1ab/resourcegroups/testps-rg-esnh92/providers/Microsoft.Cdn/operationresults/b3f81057-6767-4c82-bdc6-757564701578?api-version=2022-11-01-preview",
      "Content": null,
      "isContentBase64": false,
      "Headers": {
        "Authorization": [ "[Filtered]" ],
        "x-ms-unique-id": [ "1295" ],
        "x-ms-client-request-id": [ "3970504d-0a0b-43a6-9b46-845b15205332" ],
        "CommandName": [ "Stop-AzCdnEndpoint" ],
        "FullCommandName": [ "Stop-AzCdnEndpoint_Stop" ],
        "ParameterSetName": [ "__AllParameterSets" ],
        "User-Agent": [ "AzurePowershell/v0.0.0", "PSVersion/v7.2.9", "Az.Cdn/0.1.0" ]
      },
      "ContentHeaders": {
      }
    },
    "Response": {
      "StatusCode": 200,
      "Headers": {
        "Cache-Control": [ "no-cache" ],
        "Pragma": [ "no-cache" ],
        "Strict-Transport-Security": [ "max-age=31536000; includeSubDomains" ],
        "x-ms-request-id": [ "a3a1cbe6-ddf4-413e-849b-dfc75c1bfbc9" ],
        "x-ms-client-request-id": [ "3970504d-0a0b-43a6-9b46-845b15205332" ],
        "Server": [ "Kestrel" ],
        "x-ms-ratelimit-remaining-subscription-reads": [ "11966" ],
        "x-ms-correlation-request-id": [ "de2e31aa-ddfe-486d-8552-639247ad34b0" ],
        "x-ms-routing-request-id": [ "SOUTHEASTASIA:20230325T021737Z:de2e31aa-ddfe-486d-8552-639247ad34b0" ],
        "X-Content-Type-Options": [ "nosniff" ],
        "Date": [ "Sat, 25 Mar 2023 02:17:36 GMT" ]
      },
      "ContentHeaders": {
        "Content-Length": [ "62" ],
        "Content-Type": [ "application/json; charset=utf-8" ],
        "Expires": [ "-1" ]
      },
      "Content": "{\"status\":\"InProgress\",\"error\":{\"code\":\"None\",\"message\":null}}",
      "isContentBase64": false
    }
  },
  "Stop-AzCdnEndpoint+[NoContext]+Stop+$GET+https://management.azure.com/subscriptions/27cafca8-b9a4-4264-b399-45d0c9cca1ab/resourcegroups/testps-rg-esnh92/providers/Microsoft.Cdn/operationresults/b3f81057-6767-4c82-bdc6-757564701578?api-version=2022-11-01-preview+9": {
    "Request": {
      "Method": "GET",
      "RequestUri": "https://management.azure.com/subscriptions/27cafca8-b9a4-4264-b399-45d0c9cca1ab/resourcegroups/testps-rg-esnh92/providers/Microsoft.Cdn/operationresults/b3f81057-6767-4c82-bdc6-757564701578?api-version=2022-11-01-preview",
      "Content": null,
      "isContentBase64": false,
      "Headers": {
        "Authorization": [ "[Filtered]" ],
        "x-ms-unique-id": [ "1296" ],
        "x-ms-client-request-id": [ "3970504d-0a0b-43a6-9b46-845b15205332" ],
        "CommandName": [ "Stop-AzCdnEndpoint" ],
        "FullCommandName": [ "Stop-AzCdnEndpoint_Stop" ],
        "ParameterSetName": [ "__AllParameterSets" ],
        "User-Agent": [ "AzurePowershell/v0.0.0", "PSVersion/v7.2.9", "Az.Cdn/0.1.0" ]
      },
      "ContentHeaders": {
      }
    },
    "Response": {
      "StatusCode": 200,
      "Headers": {
        "Cache-Control": [ "no-cache" ],
        "Pragma": [ "no-cache" ],
        "Strict-Transport-Security": [ "max-age=31536000; includeSubDomains" ],
        "x-ms-request-id": [ "98752dd4-20f1-4399-931b-970f7f1c3763" ],
        "x-ms-client-request-id": [ "3970504d-0a0b-43a6-9b46-845b15205332" ],
        "Server": [ "Kestrel" ],
        "x-ms-ratelimit-remaining-subscription-reads": [ "11965" ],
        "x-ms-correlation-request-id": [ "f58b13ed-cd17-42bc-a843-642af7e63fc0" ],
        "x-ms-routing-request-id": [ "SOUTHEASTASIA:20230325T021807Z:f58b13ed-cd17-42bc-a843-642af7e63fc0" ],
        "X-Content-Type-Options": [ "nosniff" ],
        "Date": [ "Sat, 25 Mar 2023 02:18:06 GMT" ]
      },
      "ContentHeaders": {
        "Content-Length": [ "61" ],
        "Content-Type": [ "application/json; charset=utf-8" ],
        "Expires": [ "-1" ]
      },
      "Content": "{\"status\":\"Succeeded\",\"error\":{\"code\":\"None\",\"message\":null}}",
      "isContentBase64": false
    }
  },
  "Stop-AzCdnEndpoint+[NoContext]+Stop+$GET+https://management.azure.com/subscriptions/27cafca8-b9a4-4264-b399-45d0c9cca1ab/resourcegroups/testps-rg-esnh92/providers/Microsoft.Cdn/operationresults/b3f81057-6767-4c82-bdc6-757564701578/profileresults/p-6fqsm8/endpointresults/e-tpmv6o?api-version=2022-11-01-preview+10": {
    "Request": {
      "Method": "GET",
      "RequestUri": "https://management.azure.com/subscriptions/27cafca8-b9a4-4264-b399-45d0c9cca1ab/resourcegroups/testps-rg-esnh92/providers/Microsoft.Cdn/operationresults/b3f81057-6767-4c82-bdc6-757564701578/profileresults/p-6fqsm8/endpointresults/e-tpmv6o?api-version=2022-11-01-preview",
      "Content": null,
      "isContentBase64": false,
      "Headers": {
        "Authorization": [ "[Filtered]" ],
        "x-ms-unique-id": [ "1297" ],
        "x-ms-client-request-id": [ "3970504d-0a0b-43a6-9b46-845b15205332" ],
        "CommandName": [ "Stop-AzCdnEndpoint" ],
        "FullCommandName": [ "Stop-AzCdnEndpoint_Stop" ],
        "ParameterSetName": [ "__AllParameterSets" ],
        "User-Agent": [ "AzurePowershell/v0.0.0", "PSVersion/v7.2.9", "Az.Cdn/0.1.0" ]
      },
      "ContentHeaders": {
      }
    },
    "Response": {
      "StatusCode": 200,
      "Headers": {
        "Cache-Control": [ "no-cache" ],
        "Pragma": [ "no-cache" ],
        "Strict-Transport-Security": [ "max-age=31536000; includeSubDomains" ],
        "x-ms-request-id": [ "6e7f777c-0085-42bf-8812-8962fd2c204f" ],
        "x-ms-client-request-id": [ "3970504d-0a0b-43a6-9b46-845b15205332" ],
        "Server": [ "Kestrel" ],
        "x-ms-ratelimit-remaining-subscription-reads": [ "11964" ],
        "x-ms-correlation-request-id": [ "6af4fa65-8af9-436f-a9f5-4cba3cb305f6" ],
        "x-ms-routing-request-id": [ "SOUTHEASTASIA:20230325T021808Z:6af4fa65-8af9-436f-a9f5-4cba3cb305f6" ],
        "X-Content-Type-Options": [ "nosniff" ],
        "Date": [ "Sat, 25 Mar 2023 02:18:07 GMT" ]
      },
      "ContentHeaders": {
        "Content-Length": [ "1159" ],
        "Content-Type": [ "application/json; charset=utf-8" ],
        "Expires": [ "-1" ]
      },
      "Content": "{\"id\":\"/subscriptions/27cafca8-b9a4-4264-b399-45d0c9cca1ab/resourcegroups/testps-rg-esnh92/providers/Microsoft.Cdn/operationresults/b3f81057-6767-4c82-bdc6-757564701578/profileresults/p-6fqsm8/endpointresults/e-tpmv6o\",\"type\":\"Microsoft.Cdn/operationresults/profileresults/endpointresults\",\"name\":\"e-tpmv6o\",\"location\":\"WestUs\",\"tags\":{},\"properties\":{\"hostName\":\"e-tpmv6o.azureedge.net\",\"originHostHeader\":null,\"originPath\":null,\"contentTypesToCompress\":[],\"isCompressionEnabled\":false,\"isHttpAllowed\":true,\"isHttpsAllowed\":true,\"queryStringCachingBehavior\":\"IgnoreQueryString\",\"optimizationType\":null,\"probePath\":null,\"origins\":[{\"name\":\"origin1\",\"properties\":{\"hostName\":\"host1.hello.com\",\"httpPort\":null,\"httpsPort\":null,\"originHostHeader\":null,\"priority\":1,\"weight\":1000,\"enabled\":true,\"privateLinkAlias\":null,\"privateLinkResourceId\":null,\"privateLinkLocation\":null,\"privateEndpointStatus\":null,\"privateLinkApprovalMessage\":null}}],\"originGroups\":[],\"defaultOriginGroup\":null,\"customDomains\":[],\"geoFilters\":[],\"deliveryPolicy\":null,\"urlSigningKeys\":null,\"webApplicationFirewallPolicyLink\":null,\"resourceState\":\"Stopped\",\"provisioningState\":\"Succeeded\"}}",
      "isContentBase64": false
    }
  },
  "Stop-AzCdnEndpoint+[NoContext]+Stop+$GET+https://management.azure.com/subscriptions/27cafca8-b9a4-4264-b399-45d0c9cca1ab/resourceGroups/testps-rg-esnh92/providers/Microsoft.Cdn/profiles/p-6fqsm8/endpoints/e-tpmv6o?api-version=2022-11-01-preview+11": {
    "Request": {
      "Method": "GET",
      "RequestUri": "https://management.azure.com/subscriptions/27cafca8-b9a4-4264-b399-45d0c9cca1ab/resourceGroups/testps-rg-esnh92/providers/Microsoft.Cdn/profiles/p-6fqsm8/endpoints/e-tpmv6o?api-version=2022-11-01-preview",
      "Content": null,
      "isContentBase64": false,
      "Headers": {
        "x-ms-unique-id": [ "1298" ],
        "x-ms-client-request-id": [ "a29fe870-f09c-45c0-8f83-0ce5b0f47a0e" ],
        "CommandName": [ "Get-AzCdnEndpoint" ],
        "FullCommandName": [ "Get-AzCdnEndpoint_Get1" ],
        "ParameterSetName": [ "__AllParameterSets" ],
        "User-Agent": [ "AzurePowershell/v0.0.0", "PSVersion/v7.2.9", "Az.Cdn/0.1.0" ],
        "Authorization": [ "[Filtered]" ]
      },
      "ContentHeaders": {
      }
    },
    "Response": {
      "StatusCode": 200,
      "Headers": {
        "Cache-Control": [ "no-cache" ],
        "Pragma": [ "no-cache" ],
        "Strict-Transport-Security": [ "max-age=31536000; includeSubDomains" ],
        "x-ms-request-id": [ "28ad9511-5f98-49b6-926c-bd79f94e34c6" ],
        "x-ms-client-request-id": [ "a29fe870-f09c-45c0-8f83-0ce5b0f47a0e" ],
        "Server": [ "Kestrel" ],
        "x-ms-ratelimit-remaining-subscription-resource-requests": [ "44" ],
        "x-ms-correlation-request-id": [ "3e90f727-4f68-45dd-96b5-dfac2e98fea9" ],
        "x-ms-routing-request-id": [ "SOUTHEASTASIA:20230325T021808Z:3e90f727-4f68-45dd-96b5-dfac2e98fea9" ],
        "X-Content-Type-Options": [ "nosniff" ],
        "Date": [ "Sat, 25 Mar 2023 02:18:07 GMT" ]
      },
      "ContentHeaders": {
        "Content-Length": [ "1064" ],
        "Content-Type": [ "application/json; charset=utf-8" ],
        "Expires": [ "-1" ]
      },
      "Content": "{\"id\":\"/subscriptions/27cafca8-b9a4-4264-b399-45d0c9cca1ab/resourcegroups/testps-rg-esnh92/providers/Microsoft.Cdn/profiles/p-6fqsm8/endpoints/e-tpmv6o\",\"type\":\"Microsoft.Cdn/profiles/endpoints\",\"name\":\"e-tpmv6o\",\"location\":\"WestUs\",\"tags\":{},\"properties\":{\"hostName\":\"e-tpmv6o.azureedge.net\",\"originHostHeader\":null,\"originPath\":null,\"contentTypesToCompress\":[],\"isCompressionEnabled\":false,\"isHttpAllowed\":true,\"isHttpsAllowed\":true,\"queryStringCachingBehavior\":\"IgnoreQueryString\",\"optimizationType\":null,\"probePath\":null,\"origins\":[{\"name\":\"origin1\",\"properties\":{\"hostName\":\"host1.hello.com\",\"httpPort\":null,\"httpsPort\":null,\"originHostHeader\":null,\"priority\":1,\"weight\":1000,\"enabled\":true,\"privateLinkAlias\":null,\"privateLinkResourceId\":null,\"privateLinkLocation\":null,\"privateEndpointStatus\":null,\"privateLinkApprovalMessage\":null}}],\"originGroups\":[],\"defaultOriginGroup\":null,\"customDomains\":[],\"geoFilters\":[],\"deliveryPolicy\":null,\"urlSigningKeys\":null,\"webApplicationFirewallPolicyLink\":null,\"resourceState\":\"Stopped\",\"provisioningState\":\"Succeeded\"}}",
      "isContentBase64": false
    }
  }
}