{
  "Update-AzFrontDoorCdnProfile+[NoContext]+[NoScenario]+$PUT+https://management.azure.com/subscriptions/27cafca8-b9a4-4264-b399-45d0c9cca1ab/resourceGroups/testps-rg-1p9h/providers/Microsoft.Cdn/profiles/fdp-147nf5?api-version=2022-11-01-preview+1": {
    "Request": {
      "Method": "PUT",
      "RequestUri": "https://management.azure.com/subscriptions/27cafca8-b9a4-4264-b399-45d0c9cca1ab/resourceGroups/testps-rg-1p9h/providers/Microsoft.Cdn/profiles/fdp-147nf5?api-version=2022-11-01-preview",
      "Content": "{\r\n  \"location\": \"Global\",\r\n  \"tags\": {\r\n    \"Tag1\": \"1\",\r\n    \"Tag2\": \"2\"\r\n  },\r\n  \"sku\": {\r\n    \"name\": \"Standard_AzureFrontDoor\"\r\n  }\r\n}",
      "isContentBase64": false,
      "Headers": {
      },
      "ContentHeaders": {
        "Content-Type": [ "application/json" ],
        "Content-Length": [ "139" ]
      }
    },
    "Response": {
      "StatusCode": 201,
      "Headers": {
        "Cache-Control": [ "no-cache" ],
        "Pragma": [ "no-cache" ],
        "Retry-After": [ "10" ],
        "Strict-Transport-Security": [ "max-age=31536000; includeSubDomains" ],
        "x-ms-request-id": [ "9f387059-4d9a-42fb-be50-cadd1636333d" ],
        "x-ms-client-request-id": [ "cd410d05-f81b-426a-b97d-f6a16fb9fab3" ],
        "Azure-AsyncOperation": [ "https://management.azure.com/subscriptions/27cafca8-b9a4-4264-b399-45d0c9cca1ab/resourcegroups/testps-rg-1p9h/providers/Microsoft.Cdn/operationresults/be9cb7fd-8ab9-4e12-b2f4-076e6da14d08?api-version=2022-11-01-preview" ],
        "Server": [ "Kestrel" ],
        "x-ms-ratelimit-remaining-subscription-resource-requests": [ "13" ],
        "x-ms-correlation-request-id": [ "1d664a3d-91cc-48a3-b91c-8a26421d348e" ],
        "x-ms-routing-request-id": [ "SOUTHEASTASIA:20230428T045742Z:1d664a3d-91cc-48a3-b91c-8a26421d348e" ],
        "X-Content-Type-Options": [ "nosniff" ],
        "Date": [ "Fri, 28 Apr 2023 04:57:41 GMT" ]
      },
      "ContentHeaders": {
        "Content-Length": [ "481" ],
        "Content-Type": [ "application/json; charset=utf-8" ],
        "Expires": [ "-1" ]
      },
      "Content": "{\"id\":\"/subscriptions/27cafca8-b9a4-4264-b399-45d0c9cca1ab/resourcegroups/testps-rg-1p9h/providers/Microsoft.Cdn/profiles/fdp-147nf5\",\"type\":\"Microsoft.Cdn/profiles\",\"name\":\"fdp-147nf5\",\"location\":\"Global\",\"kind\":\"frontdoor\",\"tags\":{\"Tag1\":\"1\",\"Tag2\":\"2\"},\"sku\":{\"name\":\"Standard_AzureFrontDoor\"},\"properties\":{\"originResponseTimeoutSeconds\":30,\"frontDoorId\":\"7ef972d5-d508-4ad0-b0c1-b58868cf07e6\",\"extendedProperties\":{},\"resourceState\":\"Creating\",\"provisioningState\":\"Creating\"}}",
      "isContentBase64": false
    }
  },
  "Update-AzFrontDoorCdnProfile+[NoContext]+[NoScenario]+$GET+https://management.azure.com/subscriptions/27cafca8-b9a4-4264-b399-45d0c9cca1ab/resourcegroups/testps-rg-1p9h/providers/Microsoft.Cdn/operationresults/be9cb7fd-8ab9-4e12-b2f4-076e6da14d08?api-version=2022-11-01-preview+2": {
    "Request": {
      "Method": "GET",
      "RequestUri": "https://management.azure.com/subscriptions/27cafca8-b9a4-4264-b399-45d0c9cca1ab/resourcegroups/testps-rg-1p9h/providers/Microsoft.Cdn/operationresults/be9cb7fd-8ab9-4e12-b2f4-076e6da14d08?api-version=2022-11-01-preview",
      "Content": null,
      "isContentBase64": false,
      "Headers": {
        "Authorization": [ "[Filtered]" ],
        "x-ms-unique-id": [ "818" ],
        "x-ms-client-request-id": [ "cd410d05-f81b-426a-b97d-f6a16fb9fab3" ],
        "CommandName": [ "Az.Cdn.internal\\New-AzCdnProfile" ],
        "FullCommandName": [ "New-AzCdnProfile_CreateExpanded" ],
        "ParameterSetName": [ "__AllParameterSets" ],
        "User-Agent": [ "AzurePowershell/v0.0.0", "PSVersion/v7.2.11", "Az.Cdn/0.1.0" ]
      },
      "ContentHeaders": {
      }
    },
    "Response": {
      "StatusCode": 200,
      "Headers": {
        "Cache-Control": [ "no-cache" ],
        "Pragma": [ "no-cache" ],
        "x-ms-ratelimit-remaining-subscription-reads": [ "11706" ],
        "Strict-Transport-Security": [ "max-age=31536000; includeSubDomains" ],
        "x-ms-request-id": [ "7943e147-ae4e-403d-acfe-c036d222bafa" ],
        "x-ms-client-request-id": [ "cd410d05-f81b-426a-b97d-f6a16fb9fab3" ],
        "Server": [ "Kestrel" ],
        "x-ms-correlation-request-id": [ "261380dc-ce9d-4533-af87-711ddc18060b" ],
        "x-ms-routing-request-id": [ "SOUTHEASTASIA:20230428T045752Z:261380dc-ce9d-4533-af87-711ddc18060b" ],
        "X-Content-Type-Options": [ "nosniff" ],
        "Date": [ "Fri, 28 Apr 2023 04:57:52 GMT" ]
      },
      "ContentHeaders": {
        "Content-Length": [ "61" ],
        "Content-Type": [ "application/json; charset=utf-8" ],
        "Expires": [ "-1" ]
      },
      "Content": "{\"status\":\"Succeeded\",\"error\":{\"code\":\"None\",\"message\":null}}",
      "isContentBase64": false
    }
  },
  "Update-AzFrontDoorCdnProfile+[NoContext]+[NoScenario]+$GET+https://management.azure.com/subscriptions/27cafca8-b9a4-4264-b399-45d0c9cca1ab/resourceGroups/testps-rg-1p9h/providers/Microsoft.Cdn/profiles/fdp-147nf5?api-version=2022-11-01-preview+3": {
    "Request": {
      "Method": "GET",
      "RequestUri": "https://management.azure.com/subscriptions/27cafca8-b9a4-4264-b399-45d0c9cca1ab/resourceGroups/testps-rg-1p9h/providers/Microsoft.Cdn/profiles/fdp-147nf5?api-version=2022-11-01-preview",
      "Content": null,
      "isContentBase64": false,
      "Headers": {
        "Authorization": [ "[Filtered]" ],
        "x-ms-unique-id": [ "819" ],
        "x-ms-client-request-id": [ "cd410d05-f81b-426a-b97d-f6a16fb9fab3" ],
        "CommandName": [ "Az.Cdn.internal\\New-AzCdnProfile" ],
        "FullCommandName": [ "New-AzCdnProfile_CreateExpanded" ],
        "ParameterSetName": [ "__AllParameterSets" ],
        "User-Agent": [ "AzurePowershell/v0.0.0", "PSVersion/v7.2.11", "Az.Cdn/0.1.0" ]
      },
      "ContentHeaders": {
      }
    },
    "Response": {
      "StatusCode": 200,
      "Headers": {
        "Cache-Control": [ "no-cache" ],
        "Pragma": [ "no-cache" ],
        "Strict-Transport-Security": [ "max-age=31536000; includeSubDomains" ],
        "x-ms-request-id": [ "4c613139-33a7-43d6-b8f0-64ada2bda93f" ],
        "x-ms-client-request-id": [ "cd410d05-f81b-426a-b97d-f6a16fb9fab3" ],
        "Server": [ "Kestrel" ],
        "x-ms-ratelimit-remaining-subscription-resource-requests": [ "37" ],
        "x-ms-correlation-request-id": [ "0c6b8b71-77ee-4e25-84e1-40136c7d1e7d" ],
        "x-ms-routing-request-id": [ "SOUTHEASTASIA:20230428T045753Z:0c6b8b71-77ee-4e25-84e1-40136c7d1e7d" ],
        "X-Content-Type-Options": [ "nosniff" ],
        "Date": [ "Fri, 28 Apr 2023 04:57:53 GMT" ]
      },
      "ContentHeaders": {
        "Content-Length": [ "480" ],
        "Content-Type": [ "application/json; charset=utf-8" ],
        "Expires": [ "-1" ]
      },
      "Content": "{\"id\":\"/subscriptions/27cafca8-b9a4-4264-b399-45d0c9cca1ab/resourcegroups/testps-rg-1p9h/providers/Microsoft.Cdn/profiles/fdp-147nf5\",\"type\":\"Microsoft.Cdn/profiles\",\"name\":\"fdp-147nf5\",\"location\":\"Global\",\"kind\":\"frontdoor\",\"tags\":{\"Tag1\":\"1\",\"Tag2\":\"2\"},\"sku\":{\"name\":\"Standard_AzureFrontDoor\"},\"properties\":{\"originResponseTimeoutSeconds\":30,\"frontDoorId\":\"7ef972d5-d508-4ad0-b0c1-b58868cf07e6\",\"extendedProperties\":{},\"resourceState\":\"Active\",\"provisioningState\":\"Succeeded\"}}",
      "isContentBase64": false
    }
  },
  "Update-AzFrontDoorCdnProfile+[NoContext]+UpdateExpanded+$PATCH+https://management.azure.com/subscriptions/27cafca8-b9a4-4264-b399-45d0c9cca1ab/resourceGroups/testps-rg-1p9h/providers/Microsoft.Cdn/profiles/fdp-147nf5?api-version=2022-11-01-preview+1": {
    "Request": {
      "Method": "PATCH",
      "RequestUri": "https://management.azure.com/subscriptions/27cafca8-b9a4-4264-b399-45d0c9cca1ab/resourceGroups/testps-rg-1p9h/providers/Microsoft.Cdn/profiles/fdp-147nf5?api-version=2022-11-01-preview",
      "Content": "{\r\n  \"tags\": {\r\n    \"Tag1\": \"11\",\r\n    \"Tag2\": \"22\"\r\n  }\r\n}",
      "isContentBase64": false,
      "Headers": {
      },
      "ContentHeaders": {
        "Content-Type": [ "application/json" ],
        "Content-Length": [ "59" ]
      }
    },
    "Response": {
      "StatusCode": 202,
      "Headers": {
        "Cache-Control": [ "no-cache" ],
        "Pragma": [ "no-cache" ],
        "Location": [ "https://management.azure.com/subscriptions/27cafca8-b9a4-4264-b399-45d0c9cca1ab/resourcegroups/testps-rg-1p9h/providers/Microsoft.Cdn/operationresults/c0604fb3-7725-49f0-91e3-a26dba6274f5/profileresults/fdp-147nf5?api-version=2022-11-01-preview" ],
        "Retry-After": [ "10" ],
        "Strict-Transport-Security": [ "max-age=31536000; includeSubDomains" ],
        "x-ms-request-id": [ "1da961dd-80c6-46c7-b325-9851773d0e73" ],
        "x-ms-client-request-id": [ "557510ce-a9fb-45d8-8b24-46a265dfc5d2" ],
        "Azure-AsyncOperation": [ "https://management.azure.com/subscriptions/27cafca8-b9a4-4264-b399-45d0c9cca1ab/resourcegroups/testps-rg-1p9h/providers/Microsoft.Cdn/operationresults/c0604fb3-7725-49f0-91e3-a26dba6274f5?api-version=2022-11-01-preview" ],
        "Server": [ "Kestrel" ],
        "x-ms-ratelimit-remaining-subscription-resource-requests": [ "12" ],
        "x-ms-correlation-request-id": [ "a30fd8c0-b7cf-4968-8a2a-78e4fae63c3a" ],
        "x-ms-routing-request-id": [ "SOUTHEASTASIA:20230428T045755Z:a30fd8c0-b7cf-4968-8a2a-78e4fae63c3a" ],
        "X-Content-Type-Options": [ "nosniff" ],
        "Date": [ "Fri, 28 Apr 2023 04:57:55 GMT" ]
      },
      "ContentHeaders": {
        "Content-Length": [ "482" ],
        "Content-Type": [ "application/json; charset=utf-8" ],
        "Expires": [ "-1" ]
      },
      "Content": "{\"id\":\"/subscriptions/27cafca8-b9a4-4264-b399-45d0c9cca1ab/resourcegroups/testps-rg-1p9h/providers/Microsoft.Cdn/profiles/fdp-147nf5\",\"type\":\"Microsoft.Cdn/profiles\",\"name\":\"fdp-147nf5\",\"location\":\"Global\",\"kind\":\"frontdoor\",\"tags\":{\"Tag1\":\"11\",\"Tag2\":\"22\"},\"sku\":{\"name\":\"Standard_AzureFrontDoor\"},\"properties\":{\"originResponseTimeoutSeconds\":30,\"frontDoorId\":\"7ef972d5-d508-4ad0-b0c1-b58868cf07e6\",\"extendedProperties\":{},\"resourceState\":\"Active\",\"provisioningState\":\"Succeeded\"}}",
      "isContentBase64": false
    }
  },
  "Update-AzFrontDoorCdnProfile+[NoContext]+UpdateExpanded+$GET+https://management.azure.com/subscriptions/27cafca8-b9a4-4264-b399-45d0c9cca1ab/resourcegroups/testps-rg-1p9h/providers/Microsoft.Cdn/operationresults/c0604fb3-7725-49f0-91e3-a26dba6274f5?api-version=2022-11-01-preview+2": {
    "Request": {
      "Method": "GET",
      "RequestUri": "https://management.azure.com/subscriptions/27cafca8-b9a4-4264-b399-45d0c9cca1ab/resourcegroups/testps-rg-1p9h/providers/Microsoft.Cdn/operationresults/c0604fb3-7725-49f0-91e3-a26dba6274f5?api-version=2022-11-01-preview",
      "Content": null,
      "isContentBase64": false,
      "Headers": {
        "Authorization": [ "[Filtered]" ],
        "x-ms-unique-id": [ "822" ],
        "x-ms-client-request-id": [ "557510ce-a9fb-45d8-8b24-46a265dfc5d2" ],
        "CommandName": [ "Az.Cdn.internal\\Update-AzCdnProfile" ],
        "FullCommandName": [ "Update-AzCdnProfile_UpdateExpanded" ],
        "ParameterSetName": [ "__AllParameterSets" ],
        "User-Agent": [ "AzurePowershell/v0.0.0", "PSVersion/v7.2.11", "Az.Cdn/0.1.0" ]
      },
      "ContentHeaders": {
      }
    },
    "Response": {
      "StatusCode": 200,
      "Headers": {
        "Cache-Control": [ "no-cache" ],
        "Pragma": [ "no-cache" ],
        "Strict-Transport-Security": [ "max-age=31536000; includeSubDomains" ],
        "x-ms-request-id": [ "897ca5b9-046f-4aa5-95ae-6852b1706950" ],
        "x-ms-client-request-id": [ "557510ce-a9fb-45d8-8b24-46a265dfc5d2" ],
        "Server": [ "Kestrel" ],
        "x-ms-ratelimit-remaining-subscription-reads": [ "11705" ],
        "x-ms-correlation-request-id": [ "8f6d7e5c-7a94-4914-8d3f-7e526320ea81" ],
        "x-ms-routing-request-id": [ "SOUTHEASTASIA:20230428T045806Z:8f6d7e5c-7a94-4914-8d3f-7e526320ea81" ],
        "X-Content-Type-Options": [ "nosniff" ],
        "Date": [ "Fri, 28 Apr 2023 04:58:05 GMT" ]
      },
      "ContentHeaders": {
        "Content-Length": [ "61" ],
        "Content-Type": [ "application/json; charset=utf-8" ],
        "Expires": [ "-1" ]
      },
      "Content": "{\"status\":\"Succeeded\",\"error\":{\"code\":\"None\",\"message\":null}}",
      "isContentBase64": false
    }
  },
  "Update-AzFrontDoorCdnProfile+[NoContext]+UpdateExpanded+$GET+https://management.azure.com/subscriptions/27cafca8-b9a4-4264-b399-45d0c9cca1ab/resourceGroups/testps-rg-1p9h/providers/Microsoft.Cdn/profiles/fdp-147nf5?api-version=2022-11-01-preview+3": {
    "Request": {
      "Method": "GET",
      "RequestUri": "https://management.azure.com/subscriptions/27cafca8-b9a4-4264-b399-45d0c9cca1ab/resourceGroups/testps-rg-1p9h/providers/Microsoft.Cdn/profiles/fdp-147nf5?api-version=2022-11-01-preview",
      "Content": null,
      "isContentBase64": false,
      "Headers": {
        "Authorization": [ "[Filtered]" ],
        "x-ms-unique-id": [ "823" ],
        "x-ms-client-request-id": [ "557510ce-a9fb-45d8-8b24-46a265dfc5d2" ],
        "CommandName": [ "Az.Cdn.internal\\Update-AzCdnProfile" ],
        "FullCommandName": [ "Update-AzCdnProfile_UpdateExpanded" ],
        "ParameterSetName": [ "__AllParameterSets" ],
        "User-Agent": [ "AzurePowershell/v0.0.0", "PSVersion/v7.2.11", "Az.Cdn/0.1.0" ]
      },
      "ContentHeaders": {
      }
    },
    "Response": {
      "StatusCode": 200,
      "Headers": {
        "Cache-Control": [ "no-cache" ],
        "Pragma": [ "no-cache" ],
        "Strict-Transport-Security": [ "max-age=31536000; includeSubDomains" ],
        "x-ms-request-id": [ "58af67e0-f2c4-4a71-852b-d152429bfbcd" ],
        "x-ms-client-request-id": [ "557510ce-a9fb-45d8-8b24-46a265dfc5d2" ],
        "Server": [ "Kestrel" ],
        "x-ms-ratelimit-remaining-subscription-resource-requests": [ "35" ],
        "x-ms-correlation-request-id": [ "4faf795a-ae84-469b-9f36-0705c7d78852" ],
        "x-ms-routing-request-id": [ "SOUTHEASTASIA:20230428T045806Z:4faf795a-ae84-469b-9f36-0705c7d78852" ],
        "X-Content-Type-Options": [ "nosniff" ],
        "Date": [ "Fri, 28 Apr 2023 04:58:05 GMT" ]
      },
      "ContentHeaders": {
        "Content-Length": [ "482" ],
        "Content-Type": [ "application/json; charset=utf-8" ],
        "Expires": [ "-1" ]
      },
      "Content": "{\"id\":\"/subscriptions/27cafca8-b9a4-4264-b399-45d0c9cca1ab/resourcegroups/testps-rg-1p9h/providers/Microsoft.Cdn/profiles/fdp-147nf5\",\"type\":\"Microsoft.Cdn/profiles\",\"name\":\"fdp-147nf5\",\"location\":\"Global\",\"kind\":\"frontdoor\",\"tags\":{\"Tag1\":\"11\",\"Tag2\":\"22\"},\"sku\":{\"name\":\"Standard_AzureFrontDoor\"},\"properties\":{\"originResponseTimeoutSeconds\":30,\"frontDoorId\":\"7ef972d5-d508-4ad0-b0c1-b58868cf07e6\",\"extendedProperties\":{},\"resourceState\":\"Active\",\"provisioningState\":\"Succeeded\"}}",
      "isContentBase64": false
    }
  },
  "Update-AzFrontDoorCdnProfile+[NoContext]+UpdateExpanded+$GET+https://management.azure.com/subscriptions/27cafca8-b9a4-4264-b399-45d0c9cca1ab/resourceGroups/testps-rg-1p9h/providers/Microsoft.Cdn/profiles/fdp-147nf5?api-version=2022-11-01-preview+4": {
    "Request": {
      "Method": "GET",
      "RequestUri": "https://management.azure.com/subscriptions/27cafca8-b9a4-4264-b399-45d0c9cca1ab/resourceGroups/testps-rg-1p9h/providers/Microsoft.Cdn/profiles/fdp-147nf5?api-version=2022-11-01-preview",
      "Content": null,
      "isContentBase64": false,
      "Headers": {
        "x-ms-unique-id": [ "824" ],
        "x-ms-client-request-id": [ "762be52d-3e10-4375-b583-fe66620bc5f0" ],
        "CommandName": [ "Az.Cdn.internal\\Get-AzCdnProfile" ],
        "FullCommandName": [ "Get-AzCdnProfile_Get" ],
        "ParameterSetName": [ "__AllParameterSets" ],
        "User-Agent": [ "AzurePowershell/v0.0.0", "PSVersion/v7.2.11", "Az.Cdn/0.1.0" ],
        "Authorization": [ "[Filtered]" ]
      },
      "ContentHeaders": {
      }
    },
    "Response": {
      "StatusCode": 200,
      "Headers": {
        "Cache-Control": [ "no-cache" ],
        "Pragma": [ "no-cache" ],
        "Strict-Transport-Security": [ "max-age=31536000; includeSubDomains" ],
        "x-ms-request-id": [ "874d0f0e-b842-4851-bd79-aa7a6aa14b54" ],
        "x-ms-client-request-id": [ "762be52d-3e10-4375-b583-fe66620bc5f0" ],
        "Server": [ "Kestrel" ],
        "x-ms-ratelimit-remaining-subscription-resource-requests": [ "34" ],
        "x-ms-correlation-request-id": [ "f56ec1fe-ac28-49d1-b154-d5c408549e72" ],
        "x-ms-routing-request-id": [ "SOUTHEASTASIA:20230428T045807Z:f56ec1fe-ac28-49d1-b154-d5c408549e72" ],
        "X-Content-Type-Options": [ "nosniff" ],
        "Date": [ "Fri, 28 Apr 2023 04:58:06 GMT" ]
      },
      "ContentHeaders": {
        "Content-Length": [ "482" ],
        "Content-Type": [ "application/json; charset=utf-8" ],
        "Expires": [ "-1" ]
      },
      "Content": "{\"id\":\"/subscriptions/27cafca8-b9a4-4264-b399-45d0c9cca1ab/resourcegroups/testps-rg-1p9h/providers/Microsoft.Cdn/profiles/fdp-147nf5\",\"type\":\"Microsoft.Cdn/profiles\",\"name\":\"fdp-147nf5\",\"location\":\"Global\",\"kind\":\"frontdoor\",\"tags\":{\"Tag1\":\"11\",\"Tag2\":\"22\"},\"sku\":{\"name\":\"Standard_AzureFrontDoor\"},\"properties\":{\"originResponseTimeoutSeconds\":30,\"frontDoorId\":\"7ef972d5-d508-4ad0-b0c1-b58868cf07e6\",\"extendedProperties\":{},\"resourceState\":\"Active\",\"provisioningState\":\"Succeeded\"}}",
      "isContentBase64": false
    }
  }
}