{
  "Update-AzCdnEndpoint+[NoContext]+UpdateExpanded+$PATCH+https://management.azure.com/subscriptions/27cafca8-b9a4-4264-b399-45d0c9cca1ab/resourceGroups/testps-rg-vn1x/providers/Microsoft.Cdn/profiles/p-ngpb0t/endpoints/aa-powershell-20230421-oigr9w?api-version=2022-11-01-preview+1": {
    "Request": {
      "Method": "PATCH",
      "RequestUri": "https://management.azure.com/subscriptions/27cafca8-b9a4-4264-b399-45d0c9cca1ab/resourceGroups/testps-rg-vn1x/providers/Microsoft.Cdn/profiles/p-ngpb0t/endpoints/aa-powershell-20230421-oigr9w?api-version=2022-11-01-preview",
      "Content": "{\r\n  \"tags\": {\r\n    \"Tag1\": \"11\",\r\n    \"Tag2\": \"22\"\r\n  }\r\n}",
      "isContentBase64": false,
      "Headers": {
      },
      "ContentHeaders": {
        "Content-Type": [ "application/json" ],
        "Content-Length": [ "59" ]
      }
    },
    "Response": {
      "StatusCode": 200,
      "Headers": {
        "Cache-Control": [ "no-cache" ],
        "Pragma": [ "no-cache" ],
        "Strict-Transport-Security": [ "max-age=31536000; includeSubDomains" ],
        "x-ms-request-id": [ "140e005f-e824-4eb7-a649-394cafc5dd11" ],
        "x-ms-client-request-id": [ "347f389e-78d2-4a7b-97d1-3df66eacb119" ],
        "Server": [ "Kestrel" ],
        "x-ms-ratelimit-remaining-subscription-resource-requests": [ "85" ],
        "x-ms-correlation-request-id": [ "e5270852-2ab8-4577-9d18-c77bf6656451" ],
        "x-ms-routing-request-id": [ "SOUTHEASTASIA:20230517T153827Z:e5270852-2ab8-4577-9d18-c77bf6656451" ],
        "X-Content-Type-Options": [ "nosniff" ],
        "Date": [ "Wed, 17 May 2023 15:38:27 GMT" ]
      },
      "ContentHeaders": {
        "Content-Length": [ "2245" ],
        "Content-Type": [ "application/json; charset=utf-8" ],
        "Expires": [ "-1" ]
      },
      "Content": "{\"id\":\"/subscriptions/27cafca8-b9a4-4264-b399-45d0c9cca1ab/resourcegroups/testps-rg-vn1x/providers/Microsoft.Cdn/profiles/p-ngpb0t/endpoints/aa-powershell-20230421-oigr9w\",\"type\":\"Microsoft.Cdn/profiles/endpoints\",\"name\":\"aa-powershell-20230421-oigr9w\",\"location\":\"WestUs\",\"tags\":{\"Tag1\":\"11\",\"Tag2\":\"22\"},\"properties\":{\"hostName\":\"aa-powershell-20230421-oigr9w.azureedge.net\",\"originHostHeader\":null,\"originPath\":null,\"contentTypesToCompress\":[],\"isCompressionEnabled\":false,\"isHttpAllowed\":true,\"isHttpsAllowed\":true,\"queryStringCachingBehavior\":\"IgnoreQueryString\",\"optimizationType\":null,\"probePath\":null,\"origins\":[{\"name\":\"origin1\",\"properties\":{\"hostName\":\"host1.hello.com\",\"httpPort\":null,\"httpsPort\":null,\"originHostHeader\":null,\"priority\":1,\"weight\":1000,\"enabled\":true,\"privateLinkAlias\":null,\"privateLinkResourceId\":null,\"privateLinkLocation\":null,\"privateEndpointStatus\":null,\"privateLinkApprovalMessage\":null}},{\"name\":\"origin2\",\"properties\":{\"hostName\":\"host2.hello.com\",\"httpPort\":null,\"httpsPort\":null,\"originHostHeader\":null,\"priority\":1,\"weight\":1000,\"enabled\":true,\"privateLinkAlias\":null,\"privateLinkResourceId\":null,\"privateLinkLocation\":null,\"privateEndpointStatus\":null,\"privateLinkApprovalMessage\":null}}],\"originGroups\":[{\"name\":\"originGroup1\",\"properties\":{\"healthProbeSettings\":{\"probePath\":\"/health.aspx\",\"probeRequestType\":\"GET\",\"probeProtocol\":\"Https\",\"probeIntervalInSeconds\":240},\"responseBasedOriginErrorDetectionSettings\":null,\"trafficRestorationTimeToHealedOrNewEndpointsInMinutes\":null,\"origins\":[{\"id\":\"/subscriptions/27cafca8-b9a4-4264-b399-45d0c9cca1ab/resourcegroups/testps-rg-vn1x/providers/Microsoft.Cdn/profiles/p-ngpb0t/endpoints/aa-powershell-20230421-oigr9w/origins/origin1\"}]}}],\"defaultOriginGroup\":{\"id\":\"/subscriptions/27cafca8-b9a4-4264-b399-45d0c9cca1ab/resourcegroups/testps-rg-vn1x/providers/Microsoft.Cdn/profiles/p-ngpb0t/endpoints/aa-powershell-20230421-oigr9w/origingroups/originGroup1\"},\"customDomains\":[{\"name\":\"cd-hy8cg9\",\"properties\":{\"hostName\":\"aa-powershell-20230421-oigr9w.cdne2e.azfdtest.xyz\",\"validationData\":null}}],\"geoFilters\":[],\"deliveryPolicy\":null,\"urlSigningKeys\":null,\"webApplicationFirewallPolicyLink\":null,\"resourceState\":\"Running\",\"provisioningState\":\"Succeeded\"}}",
      "isContentBase64": false
    }
  },
  "Update-AzCdnEndpoint+[NoContext]+UpdateExpanded+$GET+https://management.azure.com/subscriptions/27cafca8-b9a4-4264-b399-45d0c9cca1ab/resourceGroups/testps-rg-vn1x/providers/Microsoft.Cdn/profiles/p-ngpb0t/endpoints/aa-powershell-20230421-oigr9w?api-version=2022-11-01-preview+2": {
    "Request": {
      "Method": "GET",
      "RequestUri": "https://management.azure.com/subscriptions/27cafca8-b9a4-4264-b399-45d0c9cca1ab/resourceGroups/testps-rg-vn1x/providers/Microsoft.Cdn/profiles/p-ngpb0t/endpoints/aa-powershell-20230421-oigr9w?api-version=2022-11-01-preview",
      "Content": null,
      "isContentBase64": false,
      "Headers": {
        "x-ms-unique-id": [ "744" ],
        "x-ms-client-request-id": [ "c142ad11-e99f-4dd3-9799-bef2a3335cee" ],
        "CommandName": [ "Get-AzCdnEndpoint" ],
        "FullCommandName": [ "Get-AzCdnEndpoint_Get1" ],
        "ParameterSetName": [ "__AllParameterSets" ],
        "User-Agent": [ "AzurePowershell/v0.0.0", "PSVersion/v7.2.11", "Az.Cdn/0.1.0" ],
        "Authorization": [ "[Filtered]" ]
      },
      "ContentHeaders": {
      }
    },
    "Response": {
      "StatusCode": 200,
      "Headers": {
        "Cache-Control": [ "no-cache" ],
        "Pragma": [ "no-cache" ],
        "Strict-Transport-Security": [ "max-age=31536000; includeSubDomains" ],
        "x-ms-request-id": [ "3550f40c-5ec4-4ba1-90a8-54c884567e77" ],
        "x-ms-client-request-id": [ "c142ad11-e99f-4dd3-9799-bef2a3335cee" ],
        "Server": [ "Kestrel" ],
        "x-ms-ratelimit-remaining-subscription-resource-requests": [ "42" ],
        "x-ms-correlation-request-id": [ "0f1aa1fa-b8d0-4fdb-bd29-686bf95d7455" ],
        "x-ms-routing-request-id": [ "SOUTHEASTASIA:20230517T153828Z:0f1aa1fa-b8d0-4fdb-bd29-686bf95d7455" ],
        "X-Content-Type-Options": [ "nosniff" ],
        "Date": [ "Wed, 17 May 2023 15:38:28 GMT" ]
      },
      "ContentHeaders": {
        "Content-Length": [ "2245" ],
        "Content-Type": [ "application/json; charset=utf-8" ],
        "Expires": [ "-1" ]
      },
      "Content": "{\"id\":\"/subscriptions/27cafca8-b9a4-4264-b399-45d0c9cca1ab/resourcegroups/testps-rg-vn1x/providers/Microsoft.Cdn/profiles/p-ngpb0t/endpoints/aa-powershell-20230421-oigr9w\",\"type\":\"Microsoft.Cdn/profiles/endpoints\",\"name\":\"aa-powershell-20230421-oigr9w\",\"location\":\"WestUs\",\"tags\":{\"Tag1\":\"11\",\"Tag2\":\"22\"},\"properties\":{\"hostName\":\"aa-powershell-20230421-oigr9w.azureedge.net\",\"originHostHeader\":null,\"originPath\":null,\"contentTypesToCompress\":[],\"isCompressionEnabled\":false,\"isHttpAllowed\":true,\"isHttpsAllowed\":true,\"queryStringCachingBehavior\":\"IgnoreQueryString\",\"optimizationType\":null,\"probePath\":null,\"origins\":[{\"name\":\"origin1\",\"properties\":{\"hostName\":\"host1.hello.com\",\"httpPort\":null,\"httpsPort\":null,\"originHostHeader\":null,\"priority\":1,\"weight\":1000,\"enabled\":true,\"privateLinkAlias\":null,\"privateLinkResourceId\":null,\"privateLinkLocation\":null,\"privateEndpointStatus\":null,\"privateLinkApprovalMessage\":null}},{\"name\":\"origin2\",\"properties\":{\"hostName\":\"host2.hello.com\",\"httpPort\":null,\"httpsPort\":null,\"originHostHeader\":null,\"priority\":1,\"weight\":1000,\"enabled\":true,\"privateLinkAlias\":null,\"privateLinkResourceId\":null,\"privateLinkLocation\":null,\"privateEndpointStatus\":null,\"privateLinkApprovalMessage\":null}}],\"originGroups\":[{\"name\":\"originGroup1\",\"properties\":{\"healthProbeSettings\":{\"probePath\":\"/health.aspx\",\"probeRequestType\":\"GET\",\"probeProtocol\":\"Https\",\"probeIntervalInSeconds\":240},\"responseBasedOriginErrorDetectionSettings\":null,\"trafficRestorationTimeToHealedOrNewEndpointsInMinutes\":null,\"origins\":[{\"id\":\"/subscriptions/27cafca8-b9a4-4264-b399-45d0c9cca1ab/resourcegroups/testps-rg-vn1x/providers/Microsoft.Cdn/profiles/p-ngpb0t/endpoints/aa-powershell-20230421-oigr9w/origins/origin1\"}]}}],\"defaultOriginGroup\":{\"id\":\"/subscriptions/27cafca8-b9a4-4264-b399-45d0c9cca1ab/resourcegroups/testps-rg-vn1x/providers/Microsoft.Cdn/profiles/p-ngpb0t/endpoints/aa-powershell-20230421-oigr9w/origingroups/originGroup1\"},\"customDomains\":[{\"name\":\"cd-hy8cg9\",\"properties\":{\"hostName\":\"aa-powershell-20230421-oigr9w.cdne2e.azfdtest.xyz\",\"validationData\":null}}],\"geoFilters\":[],\"deliveryPolicy\":null,\"urlSigningKeys\":null,\"webApplicationFirewallPolicyLink\":null,\"resourceState\":\"Running\",\"provisioningState\":\"Succeeded\"}}",
      "isContentBase64": false
    }
  },
  "Update-AzCdnEndpoint+[NoContext]+UpdateViaIdentityExpanded+$GET+https://management.azure.com/subscriptions/27cafca8-b9a4-4264-b399-45d0c9cca1ab/resourceGroups/testps-rg-vn1x/providers/Microsoft.Cdn/profiles/p-ngpb0t/endpoints/aa-powershell-20230421-oigr9w?api-version=2022-11-01-preview+1": {
    "Request": {
      "Method": "GET",
      "RequestUri": "https://management.azure.com/subscriptions/27cafca8-b9a4-4264-b399-45d0c9cca1ab/resourceGroups/testps-rg-vn1x/providers/Microsoft.Cdn/profiles/p-ngpb0t/endpoints/aa-powershell-20230421-oigr9w?api-version=2022-11-01-preview",
      "Content": null,
      "isContentBase64": false,
      "Headers": {
        "x-ms-unique-id": [ "745" ],
        "x-ms-client-request-id": [ "ef813739-83c8-446b-8857-3d65ff1c4896" ],
        "CommandName": [ "Get-AzCdnEndpoint" ],
        "FullCommandName": [ "Get-AzCdnEndpoint_Get1" ],
        "ParameterSetName": [ "__AllParameterSets" ],
        "User-Agent": [ "AzurePowershell/v0.0.0", "PSVersion/v7.2.11", "Az.Cdn/0.1.0" ],
        "Authorization": [ "[Filtered]" ]
      },
      "ContentHeaders": {
      }
    },
    "Response": {
      "StatusCode": 200,
      "Headers": {
        "Cache-Control": [ "no-cache" ],
        "Pragma": [ "no-cache" ],
        "Strict-Transport-Security": [ "max-age=31536000; includeSubDomains" ],
        "x-ms-request-id": [ "58f8a6ff-c934-48eb-a5e3-806aa5fd49c0" ],
        "x-ms-client-request-id": [ "ef813739-83c8-446b-8857-3d65ff1c4896" ],
        "Server": [ "Kestrel" ],
        "x-ms-ratelimit-remaining-subscription-resource-requests": [ "41" ],
        "x-ms-correlation-request-id": [ "652169b2-f0c8-4c08-abbd-1d0a3fea1d14" ],
        "x-ms-routing-request-id": [ "SOUTHEASTASIA:20230517T153829Z:652169b2-f0c8-4c08-abbd-1d0a3fea1d14" ],
        "X-Content-Type-Options": [ "nosniff" ],
        "Date": [ "Wed, 17 May 2023 15:38:28 GMT" ]
      },
      "ContentHeaders": {
        "Content-Length": [ "2245" ],
        "Content-Type": [ "application/json; charset=utf-8" ],
        "Expires": [ "-1" ]
      },
      "Content": "{\"id\":\"/subscriptions/27cafca8-b9a4-4264-b399-45d0c9cca1ab/resourcegroups/testps-rg-vn1x/providers/Microsoft.Cdn/profiles/p-ngpb0t/endpoints/aa-powershell-20230421-oigr9w\",\"type\":\"Microsoft.Cdn/profiles/endpoints\",\"name\":\"aa-powershell-20230421-oigr9w\",\"location\":\"WestUs\",\"tags\":{\"Tag1\":\"11\",\"Tag2\":\"22\"},\"properties\":{\"hostName\":\"aa-powershell-20230421-oigr9w.azureedge.net\",\"originHostHeader\":null,\"originPath\":null,\"contentTypesToCompress\":[],\"isCompressionEnabled\":false,\"isHttpAllowed\":true,\"isHttpsAllowed\":true,\"queryStringCachingBehavior\":\"IgnoreQueryString\",\"optimizationType\":null,\"probePath\":null,\"origins\":[{\"name\":\"origin1\",\"properties\":{\"hostName\":\"host1.hello.com\",\"httpPort\":null,\"httpsPort\":null,\"originHostHeader\":null,\"priority\":1,\"weight\":1000,\"enabled\":true,\"privateLinkAlias\":null,\"privateLinkResourceId\":null,\"privateLinkLocation\":null,\"privateEndpointStatus\":null,\"privateLinkApprovalMessage\":null}},{\"name\":\"origin2\",\"properties\":{\"hostName\":\"host2.hello.com\",\"httpPort\":null,\"httpsPort\":null,\"originHostHeader\":null,\"priority\":1,\"weight\":1000,\"enabled\":true,\"privateLinkAlias\":null,\"privateLinkResourceId\":null,\"privateLinkLocation\":null,\"privateEndpointStatus\":null,\"privateLinkApprovalMessage\":null}}],\"originGroups\":[{\"name\":\"originGroup1\",\"properties\":{\"healthProbeSettings\":{\"probePath\":\"/health.aspx\",\"probeRequestType\":\"GET\",\"probeProtocol\":\"Https\",\"probeIntervalInSeconds\":240},\"responseBasedOriginErrorDetectionSettings\":null,\"trafficRestorationTimeToHealedOrNewEndpointsInMinutes\":null,\"origins\":[{\"id\":\"/subscriptions/27cafca8-b9a4-4264-b399-45d0c9cca1ab/resourcegroups/testps-rg-vn1x/providers/Microsoft.Cdn/profiles/p-ngpb0t/endpoints/aa-powershell-20230421-oigr9w/origins/origin1\"}]}}],\"defaultOriginGroup\":{\"id\":\"/subscriptions/27cafca8-b9a4-4264-b399-45d0c9cca1ab/resourcegroups/testps-rg-vn1x/providers/Microsoft.Cdn/profiles/p-ngpb0t/endpoints/aa-powershell-20230421-oigr9w/origingroups/originGroup1\"},\"customDomains\":[{\"name\":\"cd-hy8cg9\",\"properties\":{\"hostName\":\"aa-powershell-20230421-oigr9w.cdne2e.azfdtest.xyz\",\"validationData\":null}}],\"geoFilters\":[],\"deliveryPolicy\":null,\"urlSigningKeys\":null,\"webApplicationFirewallPolicyLink\":null,\"resourceState\":\"Running\",\"provisioningState\":\"Succeeded\"}}",
      "isContentBase64": false
    }
  },
  "Update-AzCdnEndpoint+[NoContext]+UpdateViaIdentityExpanded+$PATCH+https://management.azure.com/subscriptions/27cafca8-b9a4-4264-b399-45d0c9cca1ab/resourceGroups/testps-rg-vn1x/providers/Microsoft.Cdn/profiles/p-ngpb0t/endpoints/aa-powershell-20230421-oigr9w?api-version=2022-11-01-preview+2": {
    "Request": {
      "Method": "PATCH",
      "RequestUri": "https://management.azure.com/subscriptions/27cafca8-b9a4-4264-b399-45d0c9cca1ab/resourceGroups/testps-rg-vn1x/providers/Microsoft.Cdn/profiles/p-ngpb0t/endpoints/aa-powershell-20230421-oigr9w?api-version=2022-11-01-preview",
      "Content": "{\r\n  \"tags\": {\r\n    \"Tag1\": \"33\",\r\n    \"Tag2\": \"44\"\r\n  }\r\n}",
      "isContentBase64": false,
      "Headers": {
      },
      "ContentHeaders": {
        "Content-Type": [ "application/json" ],
        "Content-Length": [ "59" ]
      }
    },
    "Response": {
      "StatusCode": 200,
      "Headers": {
        "Cache-Control": [ "no-cache" ],
        "Pragma": [ "no-cache" ],
        "Strict-Transport-Security": [ "max-age=31536000; includeSubDomains" ],
        "x-ms-request-id": [ "48b56ce7-7066-49b9-8029-8906e275406a" ],
        "x-ms-client-request-id": [ "4a72e58d-b29d-4869-9756-88785da743ac" ],
        "Server": [ "Kestrel" ],
        "x-ms-ratelimit-remaining-subscription-resource-requests": [ "84" ],
        "x-ms-correlation-request-id": [ "c30e1e34-e00c-4f40-b9f1-5bc64b55d8cf" ],
        "x-ms-routing-request-id": [ "SOUTHEASTASIA:20230517T153831Z:c30e1e34-e00c-4f40-b9f1-5bc64b55d8cf" ],
        "X-Content-Type-Options": [ "nosniff" ],
        "Date": [ "Wed, 17 May 2023 15:38:31 GMT" ]
      },
      "ContentHeaders": {
        "Content-Length": [ "2245" ],
        "Content-Type": [ "application/json; charset=utf-8" ],
        "Expires": [ "-1" ]
      },
      "Content": "{\"id\":\"/subscriptions/27cafca8-b9a4-4264-b399-45d0c9cca1ab/resourcegroups/testps-rg-vn1x/providers/Microsoft.Cdn/profiles/p-ngpb0t/endpoints/aa-powershell-20230421-oigr9w\",\"type\":\"Microsoft.Cdn/profiles/endpoints\",\"name\":\"aa-powershell-20230421-oigr9w\",\"location\":\"WestUs\",\"tags\":{\"Tag1\":\"33\",\"Tag2\":\"44\"},\"properties\":{\"hostName\":\"aa-powershell-20230421-oigr9w.azureedge.net\",\"originHostHeader\":null,\"originPath\":null,\"contentTypesToCompress\":[],\"isCompressionEnabled\":false,\"isHttpAllowed\":true,\"isHttpsAllowed\":true,\"queryStringCachingBehavior\":\"IgnoreQueryString\",\"optimizationType\":null,\"probePath\":null,\"origins\":[{\"name\":\"origin1\",\"properties\":{\"hostName\":\"host1.hello.com\",\"httpPort\":null,\"httpsPort\":null,\"originHostHeader\":null,\"priority\":1,\"weight\":1000,\"enabled\":true,\"privateLinkAlias\":null,\"privateLinkResourceId\":null,\"privateLinkLocation\":null,\"privateEndpointStatus\":null,\"privateLinkApprovalMessage\":null}},{\"name\":\"origin2\",\"properties\":{\"hostName\":\"host2.hello.com\",\"httpPort\":null,\"httpsPort\":null,\"originHostHeader\":null,\"priority\":1,\"weight\":1000,\"enabled\":true,\"privateLinkAlias\":null,\"privateLinkResourceId\":null,\"privateLinkLocation\":null,\"privateEndpointStatus\":null,\"privateLinkApprovalMessage\":null}}],\"originGroups\":[{\"name\":\"originGroup1\",\"properties\":{\"healthProbeSettings\":{\"probePath\":\"/health.aspx\",\"probeRequestType\":\"GET\",\"probeProtocol\":\"Https\",\"probeIntervalInSeconds\":240},\"responseBasedOriginErrorDetectionSettings\":null,\"trafficRestorationTimeToHealedOrNewEndpointsInMinutes\":null,\"origins\":[{\"id\":\"/subscriptions/27cafca8-b9a4-4264-b399-45d0c9cca1ab/resourcegroups/testps-rg-vn1x/providers/Microsoft.Cdn/profiles/p-ngpb0t/endpoints/aa-powershell-20230421-oigr9w/origins/origin1\"}]}}],\"defaultOriginGroup\":{\"id\":\"/subscriptions/27cafca8-b9a4-4264-b399-45d0c9cca1ab/resourcegroups/testps-rg-vn1x/providers/Microsoft.Cdn/profiles/p-ngpb0t/endpoints/aa-powershell-20230421-oigr9w/origingroups/originGroup1\"},\"customDomains\":[{\"name\":\"cd-hy8cg9\",\"properties\":{\"hostName\":\"aa-powershell-20230421-oigr9w.cdne2e.azfdtest.xyz\",\"validationData\":null}}],\"geoFilters\":[],\"deliveryPolicy\":null,\"urlSigningKeys\":null,\"webApplicationFirewallPolicyLink\":null,\"resourceState\":\"Running\",\"provisioningState\":\"Succeeded\"}}",
      "isContentBase64": false
    }
  },
  "Update-AzCdnEndpoint+[NoContext]+UpdateViaIdentityExpanded+$GET+https://management.azure.com/subscriptions/27cafca8-b9a4-4264-b399-45d0c9cca1ab/resourceGroups/testps-rg-vn1x/providers/Microsoft.Cdn/profiles/p-ngpb0t/endpoints/aa-powershell-20230421-oigr9w?api-version=2022-11-01-preview+3": {
    "Request": {
      "Method": "GET",
      "RequestUri": "https://management.azure.com/subscriptions/27cafca8-b9a4-4264-b399-45d0c9cca1ab/resourceGroups/testps-rg-vn1x/providers/Microsoft.Cdn/profiles/p-ngpb0t/endpoints/aa-powershell-20230421-oigr9w?api-version=2022-11-01-preview",
      "Content": null,
      "isContentBase64": false,
      "Headers": {
        "x-ms-unique-id": [ "747" ],
        "x-ms-client-request-id": [ "66f5bfda-8537-4e2b-a836-56dbb24d5438" ],
        "CommandName": [ "Get-AzCdnEndpoint" ],
        "FullCommandName": [ "Get-AzCdnEndpoint_Get1" ],
        "ParameterSetName": [ "__AllParameterSets" ],
        "User-Agent": [ "AzurePowershell/v0.0.0", "PSVersion/v7.2.11", "Az.Cdn/0.1.0" ],
        "Authorization": [ "[Filtered]" ]
      },
      "ContentHeaders": {
      }
    },
    "Response": {
      "StatusCode": 200,
      "Headers": {
        "Cache-Control": [ "no-cache" ],
        "Pragma": [ "no-cache" ],
        "Strict-Transport-Security": [ "max-age=31536000; includeSubDomains" ],
        "x-ms-request-id": [ "07ac9cc5-7efa-4961-bc1a-6b1dff9745e5" ],
        "x-ms-client-request-id": [ "66f5bfda-8537-4e2b-a836-56dbb24d5438" ],
        "Server": [ "Kestrel" ],
        "x-ms-ratelimit-remaining-subscription-resource-requests": [ "40" ],
        "x-ms-correlation-request-id": [ "852be3a1-1cf8-435c-9608-2ba9d98ccdde" ],
        "x-ms-routing-request-id": [ "SOUTHEASTASIA:20230517T153832Z:852be3a1-1cf8-435c-9608-2ba9d98ccdde" ],
        "X-Content-Type-Options": [ "nosniff" ],
        "Date": [ "Wed, 17 May 2023 15:38:31 GMT" ]
      },
      "ContentHeaders": {
        "Content-Length": [ "2245" ],
        "Content-Type": [ "application/json; charset=utf-8" ],
        "Expires": [ "-1" ]
      },
      "Content": "{\"id\":\"/subscriptions/27cafca8-b9a4-4264-b399-45d0c9cca1ab/resourcegroups/testps-rg-vn1x/providers/Microsoft.Cdn/profiles/p-ngpb0t/endpoints/aa-powershell-20230421-oigr9w\",\"type\":\"Microsoft.Cdn/profiles/endpoints\",\"name\":\"aa-powershell-20230421-oigr9w\",\"location\":\"WestUs\",\"tags\":{\"Tag1\":\"33\",\"Tag2\":\"44\"},\"properties\":{\"hostName\":\"aa-powershell-20230421-oigr9w.azureedge.net\",\"originHostHeader\":null,\"originPath\":null,\"contentTypesToCompress\":[],\"isCompressionEnabled\":false,\"isHttpAllowed\":true,\"isHttpsAllowed\":true,\"queryStringCachingBehavior\":\"IgnoreQueryString\",\"optimizationType\":null,\"probePath\":null,\"origins\":[{\"name\":\"origin1\",\"properties\":{\"hostName\":\"host1.hello.com\",\"httpPort\":null,\"httpsPort\":null,\"originHostHeader\":null,\"priority\":1,\"weight\":1000,\"enabled\":true,\"privateLinkAlias\":null,\"privateLinkResourceId\":null,\"privateLinkLocation\":null,\"privateEndpointStatus\":null,\"privateLinkApprovalMessage\":null}},{\"name\":\"origin2\",\"properties\":{\"hostName\":\"host2.hello.com\",\"httpPort\":null,\"httpsPort\":null,\"originHostHeader\":null,\"priority\":1,\"weight\":1000,\"enabled\":true,\"privateLinkAlias\":null,\"privateLinkResourceId\":null,\"privateLinkLocation\":null,\"privateEndpointStatus\":null,\"privateLinkApprovalMessage\":null}}],\"originGroups\":[{\"name\":\"originGroup1\",\"properties\":{\"healthProbeSettings\":{\"probePath\":\"/health.aspx\",\"probeRequestType\":\"GET\",\"probeProtocol\":\"Https\",\"probeIntervalInSeconds\":240},\"responseBasedOriginErrorDetectionSettings\":null,\"trafficRestorationTimeToHealedOrNewEndpointsInMinutes\":null,\"origins\":[{\"id\":\"/subscriptions/27cafca8-b9a4-4264-b399-45d0c9cca1ab/resourcegroups/testps-rg-vn1x/providers/Microsoft.Cdn/profiles/p-ngpb0t/endpoints/aa-powershell-20230421-oigr9w/origins/origin1\"}]}}],\"defaultOriginGroup\":{\"id\":\"/subscriptions/27cafca8-b9a4-4264-b399-45d0c9cca1ab/resourcegroups/testps-rg-vn1x/providers/Microsoft.Cdn/profiles/p-ngpb0t/endpoints/aa-powershell-20230421-oigr9w/origingroups/originGroup1\"},\"customDomains\":[{\"name\":\"cd-hy8cg9\",\"properties\":{\"hostName\":\"aa-powershell-20230421-oigr9w.cdne2e.azfdtest.xyz\",\"validationData\":null}}],\"geoFilters\":[],\"deliveryPolicy\":null,\"urlSigningKeys\":null,\"webApplicationFirewallPolicyLink\":null,\"resourceState\":\"Running\",\"provisioningState\":\"Succeeded\"}}",
      "isContentBase64": false
    }
  }
}