{
  "Entries": [
    {
      "RequestUri": "/subscriptions/45b60d85-fd72-427a-a708-f994d26e593e/resourcegroups/pstestrg4655?api-version=2016-09-01",
      "EncodedRequestUri": "L3N1YnNjcmlwdGlvbnMvNDViNjBkODUtZmQ3Mi00MjdhLWE3MDgtZjk5NGQyNmU1OTNlL3Jlc291cmNlZ3JvdXBzL3BzdGVzdHJnNDY1NT9hcGktdmVyc2lvbj0yMDE2LTA5LTAx",
      "RequestMethod": "PUT",
      "RequestBody": "{\r\n  \"location\": \"eastus2euap\"\r\n}",
      "RequestHeaders": {
        "x-ms-client-request-id": [
          "f7209800-0854-43f9-bbee-2c6d1475b471"
        ],
        "Accept-Language": [
          "en-US"
        ],
        "User-Agent": [
          "FxVersion/4.6.29220.03",
          "OSName/Windows",
          "OSVersion/Microsoft.Windows.10.0.19042.",
          "Microsoft.Azure.Management.Internal.Resources.ResourceManagementClient/1.3.24"
        ],
        "Content-Type": [
          "application/json; charset=utf-8"
        ],
        "Content-Length": [
          "33"
        ]
      },
      "ResponseHeaders": {
        "Cache-Control": [
          "no-cache"
        ],
        "Pragma": [
          "no-cache"
        ],
        "x-ms-ratelimit-remaining-subscription-writes": [
          "1196"
        ],
        "x-ms-request-id": [
          "42f1ca24-9e2c-4172-85c0-eaf2c80895d0"
        ],
        "x-ms-correlation-request-id": [
          "42f1ca24-9e2c-4172-85c0-eaf2c80895d0"
        ],
        "x-ms-routing-request-id": [
          "SOUTHEASTASIA:20201020T033324Z:42f1ca24-9e2c-4172-85c0-eaf2c80895d0"
        ],
        "Strict-Transport-Security": [
          "max-age=31536000; includeSubDomains"
        ],
        "X-Content-Type-Options": [
          "nosniff"
        ],
        "Date": [
          "Tue, 20 Oct 2020 03:33:23 GMT"
        ],
        "Content-Length": [
          "182"
        ],
        "Content-Type": [
          "application/json; charset=utf-8"
        ],
        "Expires": [
          "-1"
        ]
      },
      "ResponseBody": "{\r\n  \"id\": \"/subscriptions/45b60d85-fd72-427a-a708-f994d26e593e/resourceGroups/pstestrg4655\",\r\n  \"name\": \"pstestrg4655\",\r\n  \"location\": \"eastus2euap\",\r\n  \"properties\": {\r\n    \"provisioningState\": \"Succeeded\"\r\n  }\r\n}",
      "StatusCode": 201
    },
    {
      "RequestUri": "/subscriptions/45b60d85-fd72-427a-a708-f994d26e593e/providers/Microsoft.Storage/checkNameAvailability?api-version=2020-08-01-preview",
      "EncodedRequestUri": "L3N1YnNjcmlwdGlvbnMvNDViNjBkODUtZmQ3Mi00MjdhLWE3MDgtZjk5NGQyNmU1OTNlL3Byb3ZpZGVycy9NaWNyb3NvZnQuU3RvcmFnZS9jaGVja05hbWVBdmFpbGFiaWxpdHk/YXBpLXZlcnNpb249MjAyMC0wOC0wMS1wcmV2aWV3",
      "RequestMethod": "POST",
      "RequestBody": "{\r\n  \"name\": \"stopstestrg4655\",\r\n  \"type\": \"Microsoft.Storage/storageAccounts\"\r\n}",
      "RequestHeaders": {
        "x-ms-client-request-id": [
          "7b95b1e2-2dea-44f1-b80e-1c38ebcaead9"
        ],
        "Accept-Language": [
          "en-US"
        ],
        "User-Agent": [
          "FxVersion/4.6.29220.03",
          "OSName/Windows",
          "OSVersion/Microsoft.Windows.10.0.19042.",
          "Microsoft.Azure.Management.Storage.StorageManagementClient/18.0.0.0"
        ],
        "Content-Type": [
          "application/json; charset=utf-8"
        ],
        "Content-Length": [
          "81"
        ]
      },
      "ResponseHeaders": {
        "Cache-Control": [
          "no-cache"
        ],
        "Pragma": [
          "no-cache"
        ],
        "x-ms-request-id": [
          "89b6821e-c590-4210-a6ae-ab9390afe7dc"
        ],
        "Strict-Transport-Security": [
          "max-age=31536000; includeSubDomains"
        ],
        "Server": [
          "Microsoft-Azure-Storage-Resource-Provider/1.0,Microsoft-HTTPAPI/2.0 Microsoft-HTTPAPI/2.0"
        ],
        "x-ms-ratelimit-remaining-subscription-reads": [
          "11963"
        ],
        "x-ms-correlation-request-id": [
          "d009b609-65a7-43e4-9116-e143930df5d4"
        ],
        "x-ms-routing-request-id": [
          "SOUTHEASTASIA:20201020T033325Z:d009b609-65a7-43e4-9116-e143930df5d4"
        ],
        "X-Content-Type-Options": [
          "nosniff"
        ],
        "Date": [
          "Tue, 20 Oct 2020 03:33:24 GMT"
        ],
        "Content-Length": [
          "22"
        ],
        "Content-Type": [
          "application/json"
        ],
        "Expires": [
          "-1"
        ]
      },
      "ResponseBody": "{\r\n  \"nameAvailable\": true\r\n}",
      "StatusCode": 200
    },
    {
      "RequestUri": "/subscriptions/45b60d85-fd72-427a-a708-f994d26e593e/resourceGroups/pstestrg4655/providers/Microsoft.Storage/storageAccounts/stopstestrg4655?api-version=2020-08-01-preview",
      "EncodedRequestUri": "L3N1YnNjcmlwdGlvbnMvNDViNjBkODUtZmQ3Mi00MjdhLWE3MDgtZjk5NGQyNmU1OTNlL3Jlc291cmNlR3JvdXBzL3BzdGVzdHJnNDY1NS9wcm92aWRlcnMvTWljcm9zb2Z0LlN0b3JhZ2Uvc3RvcmFnZUFjY291bnRzL3N0b3BzdGVzdHJnNDY1NT9hcGktdmVyc2lvbj0yMDIwLTA4LTAxLXByZXZpZXc=",
      "RequestMethod": "PUT",
      "RequestBody": "{\r\n  \"sku\": {\r\n    \"name\": \"Standard_LRS\"\r\n  },\r\n  \"kind\": \"StorageV2\",\r\n  \"location\": \"eastus2euap\"\r\n}",
      "RequestHeaders": {
        "x-ms-client-request-id": [
          "58b70dae-36f8-4917-b81e-fdff17f6dfe4"
        ],
        "Accept-Language": [
          "en-US"
        ],
        "User-Agent": [
          "FxVersion/4.6.29220.03",
          "OSName/Windows",
          "OSVersion/Microsoft.Windows.10.0.19042.",
          "Microsoft.Azure.Management.Storage.StorageManagementClient/18.0.0.0"
        ],
        "Content-Type": [
          "application/json; charset=utf-8"
        ],
        "Content-Length": [
          "103"
        ]
      },
      "ResponseHeaders": {
        "Cache-Control": [
          "no-cache"
        ],
        "Pragma": [
          "no-cache"
        ],
        "Location": [
          "https://management.azure.com/subscriptions/45b60d85-fd72-427a-a708-f994d26e593e/providers/Microsoft.Storage/locations/eastus2euap/asyncoperations/f6b059de-d32d-41d7-ad59-8b1fbcb9ef54?monitor=true&api-version=2020-08-01-preview"
        ],
        "Retry-After": [
          "17"
        ],
        "x-ms-request-id": [
          "f6b059de-d32d-41d7-ad59-8b1fbcb9ef54"
        ],
        "Strict-Transport-Security": [
          "max-age=31536000; includeSubDomains"
        ],
        "Server": [
          "Microsoft-Azure-Storage-Resource-Provider/1.0,Microsoft-HTTPAPI/2.0 Microsoft-HTTPAPI/2.0"
        ],
        "x-ms-ratelimit-remaining-subscription-writes": [
          "1189"
        ],
        "x-ms-correlation-request-id": [
          "9cdb4e6f-6fa6-423d-a1ce-74645bad6793"
        ],
        "x-ms-routing-request-id": [
          "SOUTHEASTASIA:20201020T033332Z:9cdb4e6f-6fa6-423d-a1ce-74645bad6793"
        ],
        "X-Content-Type-Options": [
          "nosniff"
        ],
        "Date": [
          "Tue, 20 Oct 2020 03:33:31 GMT"
        ],
        "Content-Type": [
          "text/plain; charset=utf-8"
        ],
        "Expires": [
          "-1"
        ],
        "Content-Length": [
          "0"
        ]
      },
      "ResponseBody": "",
      "StatusCode": 202
    },
    {
      "RequestUri": "/subscriptions/45b60d85-fd72-427a-a708-f994d26e593e/providers/Microsoft.Storage/locations/eastus2euap/asyncoperations/f6b059de-d32d-41d7-ad59-8b1fbcb9ef54?monitor=true&api-version=2020-08-01-preview",
      "EncodedRequestUri": "L3N1YnNjcmlwdGlvbnMvNDViNjBkODUtZmQ3Mi00MjdhLWE3MDgtZjk5NGQyNmU1OTNlL3Byb3ZpZGVycy9NaWNyb3NvZnQuU3RvcmFnZS9sb2NhdGlvbnMvZWFzdHVzMmV1YXAvYXN5bmNvcGVyYXRpb25zL2Y2YjA1OWRlLWQzMmQtNDFkNy1hZDU5LThiMWZiY2I5ZWY1ND9tb25pdG9yPXRydWUmYXBpLXZlcnNpb249MjAyMC0wOC0wMS1wcmV2aWV3",
      "RequestMethod": "GET",
      "RequestBody": "",
      "RequestHeaders": {
        "User-Agent": [
          "FxVersion/4.6.29220.03",
          "OSName/Windows",
          "OSVersion/Microsoft.Windows.10.0.19042.",
          "Microsoft.Azure.Management.Storage.StorageManagementClient/18.0.0.0"
        ]
      },
      "ResponseHeaders": {
        "Cache-Control": [
          "no-cache"
        ],
        "Pragma": [
          "no-cache"
        ],
        "x-ms-request-id": [
          "f31eb5ac-f06f-4bcf-b15b-6e4c09554403"
        ],
        "Strict-Transport-Security": [
          "max-age=31536000; includeSubDomains"
        ],
        "Server": [
          "Microsoft-Azure-Storage-Resource-Provider/1.0,Microsoft-HTTPAPI/2.0 Microsoft-HTTPAPI/2.0"
        ],
        "x-ms-ratelimit-remaining-subscription-reads": [
          "11962"
        ],
        "x-ms-correlation-request-id": [
          "ad2ad834-b66f-4bdc-ba6d-c33c9e4f3ece"
        ],
        "x-ms-routing-request-id": [
          "SOUTHEASTASIA:20201020T033349Z:ad2ad834-b66f-4bdc-ba6d-c33c9e4f3ece"
        ],
        "X-Content-Type-Options": [
          "nosniff"
        ],
        "Date": [
          "Tue, 20 Oct 2020 03:33:49 GMT"
        ],
        "Content-Length": [
          "1265"
        ],
        "Content-Type": [
          "application/json"
        ],
        "Expires": [
          "-1"
        ]
      },
      "ResponseBody": "{\r\n  \"sku\": {\r\n    \"name\": \"Standard_LRS\",\r\n    \"tier\": \"Standard\"\r\n  },\r\n  \"kind\": \"StorageV2\",\r\n  \"id\": \"/subscriptions/45b60d85-fd72-427a-a708-f994d26e593e/resourceGroups/pstestrg4655/providers/Microsoft.Storage/storageAccounts/stopstestrg4655\",\r\n  \"name\": \"stopstestrg4655\",\r\n  \"type\": \"Microsoft.Storage/storageAccounts\",\r\n  \"location\": \"eastus2euap\",\r\n  \"tags\": {},\r\n  \"properties\": {\r\n    \"privateEndpointConnections\": [],\r\n    \"networkAcls\": {\r\n      \"bypass\": \"AzureServices\",\r\n      \"virtualNetworkRules\": [],\r\n      \"ipRules\": [],\r\n      \"defaultAction\": \"Allow\"\r\n    },\r\n    \"supportsHttpsTrafficOnly\": true,\r\n    \"encryption\": {\r\n      \"services\": {\r\n        \"file\": {\r\n          \"keyType\": \"Account\",\r\n          \"enabled\": true,\r\n          \"lastEnabledTime\": \"2020-10-20T03:33:31.6683879Z\"\r\n        },\r\n        \"blob\": {\r\n          \"keyType\": \"Account\",\r\n          \"enabled\": true,\r\n          \"lastEnabledTime\": \"2020-10-20T03:33:31.6683879Z\"\r\n        }\r\n      },\r\n      \"keySource\": \"Microsoft.Storage\"\r\n    },\r\n    \"accessTier\": \"Hot\",\r\n    \"provisioningState\": \"Succeeded\",\r\n    \"creationTime\": \"2020-10-20T03:33:31.6083876Z\",\r\n    \"primaryEndpoints\": {\r\n      \"dfs\": \"https://stopstestrg4655.dfs.core.windows.net/\",\r\n      \"web\": \"https://stopstestrg4655.z3.web.core.windows.net/\",\r\n      \"blob\": \"https://stopstestrg4655.blob.core.windows.net/\",\r\n      \"queue\": \"https://stopstestrg4655.queue.core.windows.net/\",\r\n      \"table\": \"https://stopstestrg4655.table.core.windows.net/\",\r\n      \"file\": \"https://stopstestrg4655.file.core.windows.net/\"\r\n    },\r\n    \"primaryLocation\": \"eastus2euap\",\r\n    \"statusOfPrimary\": \"available\"\r\n  }\r\n}",
      "StatusCode": 200
    },
    {
      "RequestUri": "/subscriptions/45b60d85-fd72-427a-a708-f994d26e593e/resourceGroups/pstestrg4655/providers/Microsoft.Storage/storageAccounts/stopstestrg4655?api-version=2020-08-01-preview",
      "EncodedRequestUri": "L3N1YnNjcmlwdGlvbnMvNDViNjBkODUtZmQ3Mi00MjdhLWE3MDgtZjk5NGQyNmU1OTNlL3Jlc291cmNlR3JvdXBzL3BzdGVzdHJnNDY1NS9wcm92aWRlcnMvTWljcm9zb2Z0LlN0b3JhZ2Uvc3RvcmFnZUFjY291bnRzL3N0b3BzdGVzdHJnNDY1NT9hcGktdmVyc2lvbj0yMDIwLTA4LTAxLXByZXZpZXc=",
      "RequestMethod": "GET",
      "RequestBody": "",
      "RequestHeaders": {
        "x-ms-client-request-id": [
          "644406a5-fc10-48ba-8745-4957f3bc2bc6"
        ],
        "Accept-Language": [
          "en-US"
        ],
        "User-Agent": [
          "FxVersion/4.6.29220.03",
          "OSName/Windows",
          "OSVersion/Microsoft.Windows.10.0.19042.",
          "Microsoft.Azure.Management.Storage.StorageManagementClient/18.0.0.0"
        ]
      },
      "ResponseHeaders": {
        "Cache-Control": [
          "no-cache"
        ],
        "Pragma": [
          "no-cache"
        ],
        "x-ms-request-id": [
          "97cc5719-b24a-423a-b95d-c820419e4384"
        ],
        "Strict-Transport-Security": [
          "max-age=31536000; includeSubDomains"
        ],
        "Server": [
          "Microsoft-Azure-Storage-Resource-Provider/1.0,Microsoft-HTTPAPI/2.0 Microsoft-HTTPAPI/2.0"
        ],
        "x-ms-ratelimit-remaining-subscription-reads": [
          "11961"
        ],
        "x-ms-correlation-request-id": [
          "d1241693-a0d5-461b-885d-73e9a4fab812"
        ],
        "x-ms-routing-request-id": [
          "SOUTHEASTASIA:20201020T033349Z:d1241693-a0d5-461b-885d-73e9a4fab812"
        ],
        "X-Content-Type-Options": [
          "nosniff"
        ],
        "Date": [
          "Tue, 20 Oct 2020 03:33:49 GMT"
        ],
        "Content-Length": [
          "1265"
        ],
        "Content-Type": [
          "application/json"
        ],
        "Expires": [
          "-1"
        ]
      },
      "ResponseBody": "{\r\n  \"sku\": {\r\n    \"name\": \"Standard_LRS\",\r\n    \"tier\": \"Standard\"\r\n  },\r\n  \"kind\": \"StorageV2\",\r\n  \"id\": \"/subscriptions/45b60d85-fd72-427a-a708-f994d26e593e/resourceGroups/pstestrg4655/providers/Microsoft.Storage/storageAccounts/stopstestrg4655\",\r\n  \"name\": \"stopstestrg4655\",\r\n  \"type\": \"Microsoft.Storage/storageAccounts\",\r\n  \"location\": \"eastus2euap\",\r\n  \"tags\": {},\r\n  \"properties\": {\r\n    \"privateEndpointConnections\": [],\r\n    \"networkAcls\": {\r\n      \"bypass\": \"AzureServices\",\r\n      \"virtualNetworkRules\": [],\r\n      \"ipRules\": [],\r\n      \"defaultAction\": \"Allow\"\r\n    },\r\n    \"supportsHttpsTrafficOnly\": true,\r\n    \"encryption\": {\r\n      \"services\": {\r\n        \"file\": {\r\n          \"keyType\": \"Account\",\r\n          \"enabled\": true,\r\n          \"lastEnabledTime\": \"2020-10-20T03:33:31.6683879Z\"\r\n        },\r\n        \"blob\": {\r\n          \"keyType\": \"Account\",\r\n          \"enabled\": true,\r\n          \"lastEnabledTime\": \"2020-10-20T03:33:31.6683879Z\"\r\n        }\r\n      },\r\n      \"keySource\": \"Microsoft.Storage\"\r\n    },\r\n    \"accessTier\": \"Hot\",\r\n    \"provisioningState\": \"Succeeded\",\r\n    \"creationTime\": \"2020-10-20T03:33:31.6083876Z\",\r\n    \"primaryEndpoints\": {\r\n      \"dfs\": \"https://stopstestrg4655.dfs.core.windows.net/\",\r\n      \"web\": \"https://stopstestrg4655.z3.web.core.windows.net/\",\r\n      \"blob\": \"https://stopstestrg4655.blob.core.windows.net/\",\r\n      \"queue\": \"https://stopstestrg4655.queue.core.windows.net/\",\r\n      \"table\": \"https://stopstestrg4655.table.core.windows.net/\",\r\n      \"file\": \"https://stopstestrg4655.file.core.windows.net/\"\r\n    },\r\n    \"primaryLocation\": \"eastus2euap\",\r\n    \"statusOfPrimary\": \"available\"\r\n  }\r\n}",
      "StatusCode": 200
    },
    {
      "RequestUri": "/subscriptions/45b60d85-fd72-427a-a708-f994d26e593e/resourceGroups/pstestrg4655/providers/Microsoft.Storage/storageAccounts?api-version=2020-08-01-preview",
      "EncodedRequestUri": "L3N1YnNjcmlwdGlvbnMvNDViNjBkODUtZmQ3Mi00MjdhLWE3MDgtZjk5NGQyNmU1OTNlL3Jlc291cmNlR3JvdXBzL3BzdGVzdHJnNDY1NS9wcm92aWRlcnMvTWljcm9zb2Z0LlN0b3JhZ2Uvc3RvcmFnZUFjY291bnRzP2FwaS12ZXJzaW9uPTIwMjAtMDgtMDEtcHJldmlldw==",
      "RequestMethod": "GET",
      "RequestBody": "",
      "RequestHeaders": {
        "x-ms-client-request-id": [
          "88f9dff0-90d9-4e0a-82f1-6f8ea8c8054e"
        ],
        "Accept-Language": [
          "en-US"
        ],
        "User-Agent": [
          "FxVersion/4.6.29220.03",
          "OSName/Windows",
          "OSVersion/Microsoft.Windows.10.0.19042.",
          "Microsoft.Azure.Management.Storage.StorageManagementClient/18.0.0.0"
        ]
      },
      "ResponseHeaders": {
        "Cache-Control": [
          "no-cache"
        ],
        "Pragma": [
          "no-cache"
        ],
        "x-ms-request-id": [
          "6e5c6b5f-96ac-462d-9850-30b2d3120169"
        ],
        "Strict-Transport-Security": [
          "max-age=31536000; includeSubDomains"
        ],
        "Server": [
          "Microsoft-Azure-Storage-Resource-Provider/1.0,Microsoft-HTTPAPI/2.0 Microsoft-HTTPAPI/2.0"
        ],
        "x-ms-ratelimit-remaining-subscription-reads": [
          "11960"
        ],
        "x-ms-correlation-request-id": [
          "ded6791c-62e8-4765-8d65-a7241cc2bfe0"
        ],
        "x-ms-routing-request-id": [
          "SOUTHEASTASIA:20201020T033350Z:ded6791c-62e8-4765-8d65-a7241cc2bfe0"
        ],
        "X-Content-Type-Options": [
          "nosniff"
        ],
        "Date": [
          "Tue, 20 Oct 2020 03:33:49 GMT"
        ],
        "Content-Length": [
          "1277"
        ],
        "Content-Type": [
          "application/json"
        ],
        "Expires": [
          "-1"
        ]
      },
      "ResponseBody": "{\r\n  \"value\": [\r\n    {\r\n      \"sku\": {\r\n        \"name\": \"Standard_LRS\",\r\n        \"tier\": \"Standard\"\r\n      },\r\n      \"kind\": \"StorageV2\",\r\n      \"id\": \"/subscriptions/45b60d85-fd72-427a-a708-f994d26e593e/resourceGroups/pstestrg4655/providers/Microsoft.Storage/storageAccounts/stopstestrg4655\",\r\n      \"name\": \"stopstestrg4655\",\r\n      \"type\": \"Microsoft.Storage/storageAccounts\",\r\n      \"location\": \"eastus2euap\",\r\n      \"tags\": {},\r\n      \"properties\": {\r\n        \"privateEndpointConnections\": [],\r\n        \"networkAcls\": {\r\n          \"bypass\": \"AzureServices\",\r\n          \"virtualNetworkRules\": [],\r\n          \"ipRules\": [],\r\n          \"defaultAction\": \"Allow\"\r\n        },\r\n        \"supportsHttpsTrafficOnly\": true,\r\n        \"encryption\": {\r\n          \"services\": {\r\n            \"file\": {\r\n              \"keyType\": \"Account\",\r\n              \"enabled\": true,\r\n              \"lastEnabledTime\": \"2020-10-20T03:33:31.6683879Z\"\r\n            },\r\n            \"blob\": {\r\n              \"keyType\": \"Account\",\r\n              \"enabled\": true,\r\n              \"lastEnabledTime\": \"2020-10-20T03:33:31.6683879Z\"\r\n            }\r\n          },\r\n          \"keySource\": \"Microsoft.Storage\"\r\n        },\r\n        \"accessTier\": \"Hot\",\r\n        \"provisioningState\": \"Succeeded\",\r\n        \"creationTime\": \"2020-10-20T03:33:31.6083876Z\",\r\n        \"primaryEndpoints\": {\r\n          \"dfs\": \"https://stopstestrg4655.dfs.core.windows.net/\",\r\n          \"web\": \"https://stopstestrg4655.z3.web.core.windows.net/\",\r\n          \"blob\": \"https://stopstestrg4655.blob.core.windows.net/\",\r\n          \"queue\": \"https://stopstestrg4655.queue.core.windows.net/\",\r\n          \"table\": \"https://stopstestrg4655.table.core.windows.net/\",\r\n          \"file\": \"https://stopstestrg4655.file.core.windows.net/\"\r\n        },\r\n        \"primaryLocation\": \"eastus2euap\",\r\n        \"statusOfPrimary\": \"available\"\r\n      }\r\n    }\r\n  ]\r\n}",
      "StatusCode": 200
    },
    {
      "RequestUri": "/subscriptions/45b60d85-fd72-427a-a708-f994d26e593e/resourceGroups/pstestrg4655/providers/Microsoft.Storage/storageAccounts/stopstestrg4655/fileServices/default?api-version=2020-08-01-preview",
      "EncodedRequestUri": "L3N1YnNjcmlwdGlvbnMvNDViNjBkODUtZmQ3Mi00MjdhLWE3MDgtZjk5NGQyNmU1OTNlL3Jlc291cmNlR3JvdXBzL3BzdGVzdHJnNDY1NS9wcm92aWRlcnMvTWljcm9zb2Z0LlN0b3JhZ2Uvc3RvcmFnZUFjY291bnRzL3N0b3BzdGVzdHJnNDY1NS9maWxlU2VydmljZXMvZGVmYXVsdD9hcGktdmVyc2lvbj0yMDIwLTA4LTAxLXByZXZpZXc=",
      "RequestMethod": "PUT",
      "RequestBody": "{\r\n  \"properties\": {\r\n    \"shareDeleteRetentionPolicy\": {\r\n      \"enabled\": true,\r\n      \"days\": 5\r\n    }\r\n  }\r\n}",
      "RequestHeaders": {
        "x-ms-client-request-id": [
          "6145a13b-186d-4e14-b215-ce7e9d0d566c"
        ],
        "Accept-Language": [
          "en-US"
        ],
        "User-Agent": [
          "FxVersion/4.6.29220.03",
          "OSName/Windows",
          "OSVersion/Microsoft.Windows.10.0.19042.",
          "Microsoft.Azure.Management.Storage.StorageManagementClient/18.0.0.0"
        ],
        "Content-Type": [
          "application/json; charset=utf-8"
        ],
        "Content-Length": [
          "113"
        ]
      },
      "ResponseHeaders": {
        "Cache-Control": [
          "no-cache"
        ],
        "Pragma": [
          "no-cache"
        ],
        "x-ms-request-id": [
          "a759796f-03ad-40a8-b1de-c6317db266ad"
        ],
        "Strict-Transport-Security": [
          "max-age=31536000; includeSubDomains"
        ],
        "Server": [
          "Microsoft-Azure-Storage-Resource-Provider/1.0,Microsoft-HTTPAPI/2.0 Microsoft-HTTPAPI/2.0"
        ],
        "x-ms-ratelimit-remaining-subscription-writes": [
          "1188"
        ],
        "x-ms-correlation-request-id": [
          "58137ee3-da8f-49e5-9d25-3e2519f0c2dc"
        ],
        "x-ms-routing-request-id": [
          "SOUTHEASTASIA:20201020T033350Z:58137ee3-da8f-49e5-9d25-3e2519f0c2dc"
        ],
        "X-Content-Type-Options": [
          "nosniff"
        ],
        "Date": [
          "Tue, 20 Oct 2020 03:33:50 GMT"
        ],
        "Content-Length": [
          "312"
        ],
        "Content-Type": [
          "application/json"
        ],
        "Expires": [
          "-1"
        ]
      },
      "ResponseBody": "{\r\n  \"id\": \"/subscriptions/45b60d85-fd72-427a-a708-f994d26e593e/resourceGroups/pstestrg4655/providers/Microsoft.Storage/storageAccounts/stopstestrg4655/fileServices/default\",\r\n  \"name\": \"default\",\r\n  \"type\": \"Microsoft.Storage/storageAccounts/fileServices\",\r\n  \"properties\": {\r\n    \"shareDeleteRetentionPolicy\": {\r\n      \"enabled\": true,\r\n      \"days\": 5\r\n    }\r\n  }\r\n}",
      "StatusCode": 200
    },
    {
      "RequestUri": "/subscriptions/45b60d85-fd72-427a-a708-f994d26e593e/resourceGroups/pstestrg4655/providers/Microsoft.Storage/storageAccounts/stopstestrg4655/fileServices/default?api-version=2020-08-01-preview",
      "EncodedRequestUri": "L3N1YnNjcmlwdGlvbnMvNDViNjBkODUtZmQ3Mi00MjdhLWE3MDgtZjk5NGQyNmU1OTNlL3Jlc291cmNlR3JvdXBzL3BzdGVzdHJnNDY1NS9wcm92aWRlcnMvTWljcm9zb2Z0LlN0b3JhZ2Uvc3RvcmFnZUFjY291bnRzL3N0b3BzdGVzdHJnNDY1NS9maWxlU2VydmljZXMvZGVmYXVsdD9hcGktdmVyc2lvbj0yMDIwLTA4LTAxLXByZXZpZXc=",
      "RequestMethod": "PUT",
      "RequestBody": "{\r\n  \"properties\": {\r\n    \"shareDeleteRetentionPolicy\": {\r\n      \"enabled\": false\r\n    }\r\n  }\r\n}",
      "RequestHeaders": {
        "x-ms-client-request-id": [
          "26fe33c5-38ed-495c-887a-9f797412854a"
        ],
        "Accept-Language": [
          "en-US"
        ],
        "User-Agent": [
          "FxVersion/4.6.29220.03",
          "OSName/Windows",
          "OSVersion/Microsoft.Windows.10.0.19042.",
          "Microsoft.Azure.Management.Storage.StorageManagementClient/18.0.0.0"
        ],
        "Content-Type": [
          "application/json; charset=utf-8"
        ],
        "Content-Length": [
          "96"
        ]
      },
      "ResponseHeaders": {
        "Cache-Control": [
          "no-cache"
        ],
        "Pragma": [
          "no-cache"
        ],
        "x-ms-request-id": [
          "0f08c5d9-e737-43a9-bfbc-3c9c77658d12"
        ],
        "Strict-Transport-Security": [
          "max-age=31536000; includeSubDomains"
        ],
        "Server": [
          "Microsoft-Azure-Storage-Resource-Provider/1.0,Microsoft-HTTPAPI/2.0 Microsoft-HTTPAPI/2.0"
        ],
        "x-ms-ratelimit-remaining-subscription-writes": [
          "1185"
        ],
        "x-ms-correlation-request-id": [
          "29904068-6806-4bf0-8e4b-e932d21e6687"
        ],
        "x-ms-routing-request-id": [
          "SOUTHEASTASIA:20201020T033458Z:29904068-6806-4bf0-8e4b-e932d21e6687"
        ],
        "X-Content-Type-Options": [
          "nosniff"
        ],
        "Date": [
          "Tue, 20 Oct 2020 03:34:57 GMT"
        ],
        "Content-Length": [
          "304"
        ],
        "Content-Type": [
          "application/json"
        ],
        "Expires": [
          "-1"
        ]
      },
      "ResponseBody": "{\r\n  \"id\": \"/subscriptions/45b60d85-fd72-427a-a708-f994d26e593e/resourceGroups/pstestrg4655/providers/Microsoft.Storage/storageAccounts/stopstestrg4655/fileServices/default\",\r\n  \"name\": \"default\",\r\n  \"type\": \"Microsoft.Storage/storageAccounts/fileServices\",\r\n  \"properties\": {\r\n    \"shareDeleteRetentionPolicy\": {\r\n      \"enabled\": false\r\n    }\r\n  }\r\n}",
      "StatusCode": 200
    },
    {
      "RequestUri": "/subscriptions/45b60d85-fd72-427a-a708-f994d26e593e/resourceGroups/pstestrg4655/providers/Microsoft.Storage/storageAccounts/stopstestrg4655/fileServices/default?api-version=2020-08-01-preview",
      "EncodedRequestUri": "L3N1YnNjcmlwdGlvbnMvNDViNjBkODUtZmQ3Mi00MjdhLWE3MDgtZjk5NGQyNmU1OTNlL3Jlc291cmNlR3JvdXBzL3BzdGVzdHJnNDY1NS9wcm92aWRlcnMvTWljcm9zb2Z0LlN0b3JhZ2Uvc3RvcmFnZUFjY291bnRzL3N0b3BzdGVzdHJnNDY1NS9maWxlU2VydmljZXMvZGVmYXVsdD9hcGktdmVyc2lvbj0yMDIwLTA4LTAxLXByZXZpZXc=",
      "RequestMethod": "GET",
      "RequestBody": "",
      "RequestHeaders": {
        "x-ms-client-request-id": [
          "0360090b-066c-4080-a683-13d63daa6961"
        ],
        "Accept-Language": [
          "en-US"
        ],
        "User-Agent": [
          "FxVersion/4.6.29220.03",
          "OSName/Windows",
          "OSVersion/Microsoft.Windows.10.0.19042.",
          "Microsoft.Azure.Management.Storage.StorageManagementClient/18.0.0.0"
        ]
      },
      "ResponseHeaders": {
        "Cache-Control": [
          "no-cache"
        ],
        "Pragma": [
          "no-cache"
        ],
        "x-ms-request-id": [
          "a98b561b-b3e8-487d-b3a7-653ace0b3fd2"
        ],
        "Strict-Transport-Security": [
          "max-age=31536000; includeSubDomains"
        ],
        "Server": [
          "Microsoft-Azure-Storage-Resource-Provider/1.0,Microsoft-HTTPAPI/2.0 Microsoft-HTTPAPI/2.0"
        ],
        "x-ms-ratelimit-remaining-subscription-reads": [
          "11959"
        ],
        "x-ms-correlation-request-id": [
          "a6840997-08c4-4f41-927b-55af6252cf2e"
        ],
        "x-ms-routing-request-id": [
          "SOUTHEASTASIA:20201020T033350Z:a6840997-08c4-4f41-927b-55af6252cf2e"
        ],
        "X-Content-Type-Options": [
          "nosniff"
        ],
        "Date": [
          "Tue, 20 Oct 2020 03:33:50 GMT"
        ],
        "Content-Length": [
          "414"
        ],
        "Content-Type": [
          "application/json"
        ],
        "Expires": [
          "-1"
        ]
      },
      "ResponseBody": "{\r\n  \"sku\": {\r\n    \"name\": \"Standard_LRS\",\r\n    \"tier\": \"Standard\"\r\n  },\r\n  \"id\": \"/subscriptions/45b60d85-fd72-427a-a708-f994d26e593e/resourceGroups/pstestrg4655/providers/Microsoft.Storage/storageAccounts/stopstestrg4655/fileServices/default\",\r\n  \"name\": \"default\",\r\n  \"type\": \"Microsoft.Storage/storageAccounts/fileServices\",\r\n  \"properties\": {\r\n    \"protocolSettings\": {\r\n      \"smb\": {}\r\n    },\r\n    \"cors\": {\r\n      \"corsRules\": []\r\n    },\r\n    \"shareDeleteRetentionPolicy\": {\r\n      \"enabled\": true,\r\n      \"days\": 5\r\n    }\r\n  }\r\n}",
      "StatusCode": 200
    },
    {
      "RequestUri": "/subscriptions/45b60d85-fd72-427a-a708-f994d26e593e/resourceGroups/pstestrg4655/providers/Microsoft.Storage/storageAccounts/stopstestrg4655/fileServices/default?api-version=2020-08-01-preview",
      "EncodedRequestUri": "L3N1YnNjcmlwdGlvbnMvNDViNjBkODUtZmQ3Mi00MjdhLWE3MDgtZjk5NGQyNmU1OTNlL3Jlc291cmNlR3JvdXBzL3BzdGVzdHJnNDY1NS9wcm92aWRlcnMvTWljcm9zb2Z0LlN0b3JhZ2Uvc3RvcmFnZUFjY291bnRzL3N0b3BzdGVzdHJnNDY1NS9maWxlU2VydmljZXMvZGVmYXVsdD9hcGktdmVyc2lvbj0yMDIwLTA4LTAxLXByZXZpZXc=",
      "RequestMethod": "GET",
      "RequestBody": "",
      "RequestHeaders": {
        "x-ms-client-request-id": [
          "9082e2db-c005-4314-9f3f-b419f57ba147"
        ],
        "Accept-Language": [
          "en-US"
        ],
        "User-Agent": [
          "FxVersion/4.6.29220.03",
          "OSName/Windows",
          "OSVersion/Microsoft.Windows.10.0.19042.",
          "Microsoft.Azure.Management.Storage.StorageManagementClient/18.0.0.0"
        ]
      },
      "ResponseHeaders": {
        "Cache-Control": [
          "no-cache"
        ],
        "Pragma": [
          "no-cache"
        ],
        "x-ms-request-id": [
          "53af122c-a57a-4bc8-8df0-8c97a48fa997"
        ],
        "Strict-Transport-Security": [
          "max-age=31536000; includeSubDomains"
        ],
        "Server": [
          "Microsoft-Azure-Storage-Resource-Provider/1.0,Microsoft-HTTPAPI/2.0 Microsoft-HTTPAPI/2.0"
        ],
        "x-ms-ratelimit-remaining-subscription-reads": [
          "11958"
        ],
        "x-ms-correlation-request-id": [
          "8a3d43e0-5ea1-4030-b14e-7bb4866b3cc5"
        ],
        "x-ms-routing-request-id": [
          "SOUTHEASTASIA:20201020T033351Z:8a3d43e0-5ea1-4030-b14e-7bb4866b3cc5"
        ],
        "X-Content-Type-Options": [
          "nosniff"
        ],
        "Date": [
          "Tue, 20 Oct 2020 03:33:51 GMT"
        ],
        "Content-Length": [
          "414"
        ],
        "Content-Type": [
          "application/json"
        ],
        "Expires": [
          "-1"
        ]
      },
      "ResponseBody": "{\r\n  \"sku\": {\r\n    \"name\": \"Standard_LRS\",\r\n    \"tier\": \"Standard\"\r\n  },\r\n  \"id\": \"/subscriptions/45b60d85-fd72-427a-a708-f994d26e593e/resourceGroups/pstestrg4655/providers/Microsoft.Storage/storageAccounts/stopstestrg4655/fileServices/default\",\r\n  \"name\": \"default\",\r\n  \"type\": \"Microsoft.Storage/storageAccounts/fileServices\",\r\n  \"properties\": {\r\n    \"protocolSettings\": {\r\n      \"smb\": {}\r\n    },\r\n    \"cors\": {\r\n      \"corsRules\": []\r\n    },\r\n    \"shareDeleteRetentionPolicy\": {\r\n      \"enabled\": true,\r\n      \"days\": 5\r\n    }\r\n  }\r\n}",
      "StatusCode": 200
    },
    {
      "RequestUri": "/subscriptions/45b60d85-fd72-427a-a708-f994d26e593e/resourceGroups/pstestrg4655/providers/Microsoft.Storage/storageAccounts/stopstestrg4655/fileServices/default?api-version=2020-08-01-preview",
      "EncodedRequestUri": "L3N1YnNjcmlwdGlvbnMvNDViNjBkODUtZmQ3Mi00MjdhLWE3MDgtZjk5NGQyNmU1OTNlL3Jlc291cmNlR3JvdXBzL3BzdGVzdHJnNDY1NS9wcm92aWRlcnMvTWljcm9zb2Z0LlN0b3JhZ2Uvc3RvcmFnZUFjY291bnRzL3N0b3BzdGVzdHJnNDY1NS9maWxlU2VydmljZXMvZGVmYXVsdD9hcGktdmVyc2lvbj0yMDIwLTA4LTAxLXByZXZpZXc=",
      "RequestMethod": "GET",
      "RequestBody": "",
      "RequestHeaders": {
        "x-ms-client-request-id": [
          "e083b65f-5403-41fc-9e67-3b223d123848"
        ],
        "Accept-Language": [
          "en-US"
        ],
        "User-Agent": [
          "FxVersion/4.6.29220.03",
          "OSName/Windows",
          "OSVersion/Microsoft.Windows.10.0.19042.",
          "Microsoft.Azure.Management.Storage.StorageManagementClient/18.0.0.0"
        ]
      },
      "ResponseHeaders": {
        "Cache-Control": [
          "no-cache"
        ],
        "Pragma": [
          "no-cache"
        ],
        "x-ms-request-id": [
          "f074f5eb-66bd-4f32-8459-25bbf8b6d371"
        ],
        "Strict-Transport-Security": [
          "max-age=31536000; includeSubDomains"
        ],
        "Server": [
          "Microsoft-Azure-Storage-Resource-Provider/1.0,Microsoft-HTTPAPI/2.0 Microsoft-HTTPAPI/2.0"
        ],
        "x-ms-ratelimit-remaining-subscription-reads": [
          "11950"
        ],
        "x-ms-correlation-request-id": [
          "25fa298d-d8b2-421a-903a-9efc9b37c981"
        ],
        "x-ms-routing-request-id": [
          "SOUTHEASTASIA:20201020T033458Z:25fa298d-d8b2-421a-903a-9efc9b37c981"
        ],
        "X-Content-Type-Options": [
          "nosniff"
        ],
        "Date": [
          "Tue, 20 Oct 2020 03:34:57 GMT"
        ],
        "Content-Length": [
          "415"
        ],
        "Content-Type": [
          "application/json"
        ],
        "Expires": [
          "-1"
        ]
      },
      "ResponseBody": "{\r\n  \"sku\": {\r\n    \"name\": \"Standard_LRS\",\r\n    \"tier\": \"Standard\"\r\n  },\r\n  \"id\": \"/subscriptions/45b60d85-fd72-427a-a708-f994d26e593e/resourceGroups/pstestrg4655/providers/Microsoft.Storage/storageAccounts/stopstestrg4655/fileServices/default\",\r\n  \"name\": \"default\",\r\n  \"type\": \"Microsoft.Storage/storageAccounts/fileServices\",\r\n  \"properties\": {\r\n    \"protocolSettings\": {\r\n      \"smb\": {}\r\n    },\r\n    \"cors\": {\r\n      \"corsRules\": []\r\n    },\r\n    \"shareDeleteRetentionPolicy\": {\r\n      \"enabled\": false,\r\n      \"days\": 0\r\n    }\r\n  }\r\n}",
      "StatusCode": 200
    },
    {
      "RequestUri": "/subscriptions/45b60d85-fd72-427a-a708-f994d26e593e/resourceGroups/pstestrg4655/providers/Microsoft.Storage/storageAccounts/stopstestrg4655/fileServices/default?api-version=2020-08-01-preview",
      "EncodedRequestUri": "L3N1YnNjcmlwdGlvbnMvNDViNjBkODUtZmQ3Mi00MjdhLWE3MDgtZjk5NGQyNmU1OTNlL3Jlc291cmNlR3JvdXBzL3BzdGVzdHJnNDY1NS9wcm92aWRlcnMvTWljcm9zb2Z0LlN0b3JhZ2Uvc3RvcmFnZUFjY291bnRzL3N0b3BzdGVzdHJnNDY1NS9maWxlU2VydmljZXMvZGVmYXVsdD9hcGktdmVyc2lvbj0yMDIwLTA4LTAxLXByZXZpZXc=",
      "RequestMethod": "GET",
      "RequestBody": "",
      "RequestHeaders": {
        "x-ms-client-request-id": [
          "188af5cf-6737-4771-85c9-81ed302163fa"
        ],
        "Accept-Language": [
          "en-US"
        ],
        "User-Agent": [
          "FxVersion/4.6.29220.03",
          "OSName/Windows",
          "OSVersion/Microsoft.Windows.10.0.19042.",
          "Microsoft.Azure.Management.Storage.StorageManagementClient/18.0.0.0"
        ]
      },
      "ResponseHeaders": {
        "Cache-Control": [
          "no-cache"
        ],
        "Pragma": [
          "no-cache"
        ],
        "x-ms-request-id": [
          "8d2866d1-4cf9-4543-a551-512f283578f2"
        ],
        "Strict-Transport-Security": [
          "max-age=31536000; includeSubDomains"
        ],
        "Server": [
          "Microsoft-Azure-Storage-Resource-Provider/1.0,Microsoft-HTTPAPI/2.0 Microsoft-HTTPAPI/2.0"
        ],
        "x-ms-ratelimit-remaining-subscription-reads": [
          "11949"
        ],
        "x-ms-correlation-request-id": [
          "a33c2eb1-3950-4ccf-820a-0629786b287c"
        ],
        "x-ms-routing-request-id": [
          "SOUTHEASTASIA:20201020T033458Z:a33c2eb1-3950-4ccf-820a-0629786b287c"
        ],
        "X-Content-Type-Options": [
          "nosniff"
        ],
        "Date": [
          "Tue, 20 Oct 2020 03:34:58 GMT"
        ],
        "Content-Length": [
          "415"
        ],
        "Content-Type": [
          "application/json"
        ],
        "Expires": [
          "-1"
        ]
      },
      "ResponseBody": "{\r\n  \"sku\": {\r\n    \"name\": \"Standard_LRS\",\r\n    \"tier\": \"Standard\"\r\n  },\r\n  \"id\": \"/subscriptions/45b60d85-fd72-427a-a708-f994d26e593e/resourceGroups/pstestrg4655/providers/Microsoft.Storage/storageAccounts/stopstestrg4655/fileServices/default\",\r\n  \"name\": \"default\",\r\n  \"type\": \"Microsoft.Storage/storageAccounts/fileServices\",\r\n  \"properties\": {\r\n    \"protocolSettings\": {\r\n      \"smb\": {}\r\n    },\r\n    \"cors\": {\r\n      \"corsRules\": []\r\n    },\r\n    \"shareDeleteRetentionPolicy\": {\r\n      \"enabled\": false,\r\n      \"days\": 0\r\n    }\r\n  }\r\n}",
      "StatusCode": 200
    },
    {
      "RequestUri": "/subscriptions/45b60d85-fd72-427a-a708-f994d26e593e/resourceGroups/pstestrg4655/providers/Microsoft.Storage/storageAccounts/stopstestrg4655/fileServices/default/shares/share1pstestrg4655?api-version=2020-08-01-preview",
      "EncodedRequestUri": "L3N1YnNjcmlwdGlvbnMvNDViNjBkODUtZmQ3Mi00MjdhLWE3MDgtZjk5NGQyNmU1OTNlL3Jlc291cmNlR3JvdXBzL3BzdGVzdHJnNDY1NS9wcm92aWRlcnMvTWljcm9zb2Z0LlN0b3JhZ2Uvc3RvcmFnZUFjY291bnRzL3N0b3BzdGVzdHJnNDY1NS9maWxlU2VydmljZXMvZGVmYXVsdC9zaGFyZXMvc2hhcmUxcHN0ZXN0cmc0NjU1P2FwaS12ZXJzaW9uPTIwMjAtMDgtMDEtcHJldmlldw==",
      "RequestMethod": "PUT",
      "RequestBody": "{}",
      "RequestHeaders": {
        "x-ms-client-request-id": [
          "d276c30c-b3b1-43a0-932b-0b8d304ac9c5"
        ],
        "Accept-Language": [
          "en-US"
        ],
        "User-Agent": [
          "FxVersion/4.6.29220.03",
          "OSName/Windows",
          "OSVersion/Microsoft.Windows.10.0.19042.",
          "Microsoft.Azure.Management.Storage.StorageManagementClient/18.0.0.0"
        ],
        "Content-Type": [
          "application/json; charset=utf-8"
        ],
        "Content-Length": [
          "2"
        ]
      },
      "ResponseHeaders": {
        "Cache-Control": [
          "no-cache"
        ],
        "Pragma": [
          "no-cache"
        ],
        "ETag": [
          "\"0x8D874A8F77F6400\""
        ],
        "x-ms-request-id": [
          "ea9fb86a-9dbd-4d5d-b36f-abc51bc753e3"
        ],
        "Strict-Transport-Security": [
          "max-age=31536000; includeSubDomains"
        ],
        "Server": [
          "Microsoft-Azure-Storage-Resource-Provider/1.0,Microsoft-HTTPAPI/2.0 Microsoft-HTTPAPI/2.0"
        ],
        "x-ms-ratelimit-remaining-subscription-writes": [
          "1187"
        ],
        "x-ms-correlation-request-id": [
          "e82e80c8-b6c2-4eeb-9b79-8f91eb85ae63"
        ],
        "x-ms-routing-request-id": [
          "SOUTHEASTASIA:20201020T033353Z:e82e80c8-b6c2-4eeb-9b79-8f91eb85ae63"
        ],
        "X-Content-Type-Options": [
          "nosniff"
        ],
        "Date": [
          "Tue, 20 Oct 2020 03:33:52 GMT"
        ],
        "Content-Length": [
          "286"
        ],
        "Content-Type": [
          "application/json"
        ],
        "Expires": [
          "-1"
        ]
      },
      "ResponseBody": "{\r\n  \"id\": \"/subscriptions/45b60d85-fd72-427a-a708-f994d26e593e/resourceGroups/pstestrg4655/providers/Microsoft.Storage/storageAccounts/stopstestrg4655/fileServices/default/shares/share1pstestrg4655\",\r\n  \"name\": \"share1pstestrg4655\",\r\n  \"type\": \"Microsoft.Storage/storageAccounts/fileServices/shares\"\r\n}",
      "StatusCode": 201
    },
    {
      "RequestUri": "/subscriptions/45b60d85-fd72-427a-a708-f994d26e593e/resourceGroups/pstestrg4655/providers/Microsoft.Storage/storageAccounts/stopstestrg4655/fileServices/default/shares/share1pstestrg4655?api-version=2020-08-01-preview",
      "EncodedRequestUri": "L3N1YnNjcmlwdGlvbnMvNDViNjBkODUtZmQ3Mi00MjdhLWE3MDgtZjk5NGQyNmU1OTNlL3Jlc291cmNlR3JvdXBzL3BzdGVzdHJnNDY1NS9wcm92aWRlcnMvTWljcm9zb2Z0LlN0b3JhZ2Uvc3RvcmFnZUFjY291bnRzL3N0b3BzdGVzdHJnNDY1NS9maWxlU2VydmljZXMvZGVmYXVsdC9zaGFyZXMvc2hhcmUxcHN0ZXN0cmc0NjU1P2FwaS12ZXJzaW9uPTIwMjAtMDgtMDEtcHJldmlldw==",
      "RequestMethod": "GET",
      "RequestBody": "",
      "RequestHeaders": {
        "x-ms-client-request-id": [
          "644747fe-0abb-4812-978f-03986d8e01d2"
        ],
        "Accept-Language": [
          "en-US"
        ],
        "User-Agent": [
          "FxVersion/4.6.29220.03",
          "OSName/Windows",
          "OSVersion/Microsoft.Windows.10.0.19042.",
          "Microsoft.Azure.Management.Storage.StorageManagementClient/18.0.0.0"
        ]
      },
      "ResponseHeaders": {
        "Cache-Control": [
          "no-cache"
        ],
        "Pragma": [
          "no-cache"
        ],
        "ETag": [
          "\"0x8D874A8F77F6400\""
        ],
        "x-ms-request-id": [
          "ba6d5df8-0e53-4547-a2ce-ac4281c02ce7"
        ],
        "Strict-Transport-Security": [
          "max-age=31536000; includeSubDomains"
        ],
        "Server": [
          "Microsoft-Azure-Storage-Resource-Provider/1.0,Microsoft-HTTPAPI/2.0 Microsoft-HTTPAPI/2.0"
        ],
        "x-ms-ratelimit-remaining-subscription-reads": [
          "11957"
        ],
        "x-ms-correlation-request-id": [
          "725c20b7-2f0a-45b2-94e8-1d62e49b230a"
        ],
        "x-ms-routing-request-id": [
          "SOUTHEASTASIA:20201020T033353Z:725c20b7-2f0a-45b2-94e8-1d62e49b230a"
        ],
        "X-Content-Type-Options": [
          "nosniff"
        ],
        "Date": [
          "Tue, 20 Oct 2020 03:33:53 GMT"
        ],
        "Content-Length": [
          "436"
        ],
        "Content-Type": [
          "application/json"
        ],
        "Expires": [
          "-1"
        ]
      },
      "ResponseBody": "{\r\n  \"id\": \"/subscriptions/45b60d85-fd72-427a-a708-f994d26e593e/resourceGroups/pstestrg4655/providers/Microsoft.Storage/storageAccounts/stopstestrg4655/fileServices/default/shares/share1pstestrg4655\",\r\n  \"name\": \"share1pstestrg4655\",\r\n  \"type\": \"Microsoft.Storage/storageAccounts/fileServices/shares\",\r\n  \"etag\": \"\\\"0x8D874A8F77F6400\\\"\",\r\n  \"properties\": {\r\n    \"accessTier\": \"TransactionOptimized\",\r\n    \"lastModifiedTime\": \"2020-10-20T03:33:52Z\",\r\n    \"shareQuota\": 5120\r\n  }\r\n}",
      "StatusCode": 200
    },
    {
      "RequestUri": "/subscriptions/45b60d85-fd72-427a-a708-f994d26e593e/resourceGroups/pstestrg4655/providers/Microsoft.Storage/storageAccounts/stopstestrg4655/fileServices/default/shares/share1pstestrg4655?api-version=2020-08-01-preview",
      "EncodedRequestUri": "L3N1YnNjcmlwdGlvbnMvNDViNjBkODUtZmQ3Mi00MjdhLWE3MDgtZjk5NGQyNmU1OTNlL3Jlc291cmNlR3JvdXBzL3BzdGVzdHJnNDY1NS9wcm92aWRlcnMvTWljcm9zb2Z0LlN0b3JhZ2Uvc3RvcmFnZUFjY291bnRzL3N0b3BzdGVzdHJnNDY1NS9maWxlU2VydmljZXMvZGVmYXVsdC9zaGFyZXMvc2hhcmUxcHN0ZXN0cmc0NjU1P2FwaS12ZXJzaW9uPTIwMjAtMDgtMDEtcHJldmlldw==",
      "RequestMethod": "GET",
      "RequestBody": "",
      "RequestHeaders": {
        "x-ms-client-request-id": [
          "2c3c898a-578a-4211-a26c-4f9ef085b73a"
        ],
        "Accept-Language": [
          "en-US"
        ],
        "User-Agent": [
          "FxVersion/4.6.29220.03",
          "OSName/Windows",
          "OSVersion/Microsoft.Windows.10.0.19042.",
          "Microsoft.Azure.Management.Storage.StorageManagementClient/18.0.0.0"
        ]
      },
      "ResponseHeaders": {
        "Cache-Control": [
          "no-cache"
        ],
        "Pragma": [
          "no-cache"
        ],
        "ETag": [
          "\"0x8D874A91D059D82\""
        ],
        "x-ms-request-id": [
          "46a63239-77d1-43ae-9821-b4c3e68f7b07"
        ],
        "Strict-Transport-Security": [
          "max-age=31536000; includeSubDomains"
        ],
        "Server": [
          "Microsoft-Azure-Storage-Resource-Provider/1.0,Microsoft-HTTPAPI/2.0 Microsoft-HTTPAPI/2.0"
        ],
        "x-ms-ratelimit-remaining-subscription-reads": [
          "11953"
        ],
        "x-ms-correlation-request-id": [
          "b1d50fcc-a3dd-42ab-9efd-80e3ec966b42"
        ],
        "x-ms-routing-request-id": [
          "SOUTHEASTASIA:20201020T033456Z:b1d50fcc-a3dd-42ab-9efd-80e3ec966b42"
        ],
        "X-Content-Type-Options": [
          "nosniff"
        ],
        "Date": [
          "Tue, 20 Oct 2020 03:34:56 GMT"
        ],
        "Content-Length": [
          "436"
        ],
        "Content-Type": [
          "application/json"
        ],
        "Expires": [
          "-1"
        ]
      },
      "ResponseBody": "{\r\n  \"id\": \"/subscriptions/45b60d85-fd72-427a-a708-f994d26e593e/resourceGroups/pstestrg4655/providers/Microsoft.Storage/storageAccounts/stopstestrg4655/fileServices/default/shares/share1pstestrg4655\",\r\n  \"name\": \"share1pstestrg4655\",\r\n  \"type\": \"Microsoft.Storage/storageAccounts/fileServices/shares\",\r\n  \"etag\": \"\\\"0x8D874A91D059D82\\\"\",\r\n  \"properties\": {\r\n    \"accessTier\": \"TransactionOptimized\",\r\n    \"lastModifiedTime\": \"2020-10-20T03:34:55Z\",\r\n    \"shareQuota\": 5120\r\n  }\r\n}",
      "StatusCode": 200
    },
    {
      "RequestUri": "/subscriptions/45b60d85-fd72-427a-a708-f994d26e593e/resourceGroups/pstestrg4655/providers/Microsoft.Storage/storageAccounts/stopstestrg4655/fileServices/default/shares/share2pstestrg4655?api-version=2020-08-01-preview",
      "EncodedRequestUri": "L3N1YnNjcmlwdGlvbnMvNDViNjBkODUtZmQ3Mi00MjdhLWE3MDgtZjk5NGQyNmU1OTNlL3Jlc291cmNlR3JvdXBzL3BzdGVzdHJnNDY1NS9wcm92aWRlcnMvTWljcm9zb2Z0LlN0b3JhZ2Uvc3RvcmFnZUFjY291bnRzL3N0b3BzdGVzdHJnNDY1NS9maWxlU2VydmljZXMvZGVmYXVsdC9zaGFyZXMvc2hhcmUycHN0ZXN0cmc0NjU1P2FwaS12ZXJzaW9uPTIwMjAtMDgtMDEtcHJldmlldw==",
      "RequestMethod": "PUT",
      "RequestBody": "{}",
      "RequestHeaders": {
        "x-ms-client-request-id": [
          "2f5e2be2-64a5-4545-90a5-1c22cfe43bf1"
        ],
        "Accept-Language": [
          "en-US"
        ],
        "User-Agent": [
          "FxVersion/4.6.29220.03",
          "OSName/Windows",
          "OSVersion/Microsoft.Windows.10.0.19042.",
          "Microsoft.Azure.Management.Storage.StorageManagementClient/18.0.0.0"
        ],
        "Content-Type": [
          "application/json; charset=utf-8"
        ],
        "Content-Length": [
          "2"
        ]
      },
      "ResponseHeaders": {
        "Cache-Control": [
          "no-cache"
        ],
        "Pragma": [
          "no-cache"
        ],
        "ETag": [
          "\"0x8D874A8F801AC12\""
        ],
        "x-ms-request-id": [
          "929c27c6-293d-457f-95bc-5fd937985893"
        ],
        "Strict-Transport-Security": [
          "max-age=31536000; includeSubDomains"
        ],
        "Server": [
          "Microsoft-Azure-Storage-Resource-Provider/1.0,Microsoft-HTTPAPI/2.0 Microsoft-HTTPAPI/2.0"
        ],
        "x-ms-ratelimit-remaining-subscription-writes": [
          "1186"
        ],
        "x-ms-correlation-request-id": [
          "ecf6b639-ffac-4bed-8565-1b7cda19f309"
        ],
        "x-ms-routing-request-id": [
          "SOUTHEASTASIA:20201020T033353Z:ecf6b639-ffac-4bed-8565-1b7cda19f309"
        ],
        "X-Content-Type-Options": [
          "nosniff"
        ],
        "Date": [
          "Tue, 20 Oct 2020 03:33:53 GMT"
        ],
        "Content-Length": [
          "286"
        ],
        "Content-Type": [
          "application/json"
        ],
        "Expires": [
          "-1"
        ]
      },
      "ResponseBody": "{\r\n  \"id\": \"/subscriptions/45b60d85-fd72-427a-a708-f994d26e593e/resourceGroups/pstestrg4655/providers/Microsoft.Storage/storageAccounts/stopstestrg4655/fileServices/default/shares/share2pstestrg4655\",\r\n  \"name\": \"share2pstestrg4655\",\r\n  \"type\": \"Microsoft.Storage/storageAccounts/fileServices/shares\"\r\n}",
      "StatusCode": 201
    },
    {
      "RequestUri": "/subscriptions/45b60d85-fd72-427a-a708-f994d26e593e/resourceGroups/pstestrg4655/providers/Microsoft.Storage/storageAccounts/stopstestrg4655/fileServices/default/shares/share1pstestrg4655?api-version=2020-08-01-preview&$expand=stats",
      "EncodedRequestUri": "L3N1YnNjcmlwdGlvbnMvNDViNjBkODUtZmQ3Mi00MjdhLWE3MDgtZjk5NGQyNmU1OTNlL3Jlc291cmNlR3JvdXBzL3BzdGVzdHJnNDY1NS9wcm92aWRlcnMvTWljcm9zb2Z0LlN0b3JhZ2Uvc3RvcmFnZUFjY291bnRzL3N0b3BzdGVzdHJnNDY1NS9maWxlU2VydmljZXMvZGVmYXVsdC9zaGFyZXMvc2hhcmUxcHN0ZXN0cmc0NjU1P2FwaS12ZXJzaW9uPTIwMjAtMDgtMDEtcHJldmlldyYkZXhwYW5kPXN0YXRz",
      "RequestMethod": "GET",
      "RequestBody": "",
      "RequestHeaders": {
        "x-ms-client-request-id": [
          "30f192b8-1c03-47ad-a8a0-34a8d78c5888"
        ],
        "Accept-Language": [
          "en-US"
        ],
        "User-Agent": [
          "FxVersion/4.6.29220.03",
          "OSName/Windows",
          "OSVersion/Microsoft.Windows.10.0.19042.",
          "Microsoft.Azure.Management.Storage.StorageManagementClient/18.0.0.0"
        ]
      },
      "ResponseHeaders": {
        "Cache-Control": [
          "no-cache"
        ],
        "Pragma": [
          "no-cache"
        ],
        "ETag": [
          "\"0x8D874A8F77F6400\""
        ],
        "x-ms-request-id": [
          "0be00881-8c42-4c61-9704-c85b4bfe52f9"
        ],
        "Strict-Transport-Security": [
          "max-age=31536000; includeSubDomains"
        ],
        "Server": [
          "Microsoft-Azure-Storage-Resource-Provider/1.0,Microsoft-HTTPAPI/2.0 Microsoft-HTTPAPI/2.0"
        ],
        "x-ms-ratelimit-remaining-subscription-reads": [
          "11956"
        ],
        "x-ms-correlation-request-id": [
          "055e3e63-0fa6-4553-a7fa-27c486edbece"
        ],
        "x-ms-routing-request-id": [
          "SOUTHEASTASIA:20201020T033354Z:055e3e63-0fa6-4553-a7fa-27c486edbece"
        ],
        "X-Content-Type-Options": [
          "nosniff"
        ],
        "Date": [
          "Tue, 20 Oct 2020 03:33:54 GMT"
        ],
        "Content-Length": [
          "456"
        ],
        "Content-Type": [
          "application/json"
        ],
        "Expires": [
          "-1"
        ]
      },
      "ResponseBody": "{\r\n  \"id\": \"/subscriptions/45b60d85-fd72-427a-a708-f994d26e593e/resourceGroups/pstestrg4655/providers/Microsoft.Storage/storageAccounts/stopstestrg4655/fileServices/default/shares/share1pstestrg4655\",\r\n  \"name\": \"share1pstestrg4655\",\r\n  \"type\": \"Microsoft.Storage/storageAccounts/fileServices/shares\",\r\n  \"etag\": \"\\\"0x8D874A8F77F6400\\\"\",\r\n  \"properties\": {\r\n    \"shareUsageBytes\": 0,\r\n    \"accessTier\": \"TransactionOptimized\",\r\n    \"lastModifiedTime\": \"2020-10-20T03:33:52Z\",\r\n    \"shareQuota\": 5120\r\n  }\r\n}",
      "StatusCode": 200
    },
    {
      "RequestUri": "/subscriptions/45b60d85-fd72-427a-a708-f994d26e593e/resourceGroups/pstestrg4655/providers/Microsoft.Storage/storageAccounts/stopstestrg4655/fileServices/default/shares/share1pstestrg4655?api-version=2020-08-01-preview",
      "EncodedRequestUri": "L3N1YnNjcmlwdGlvbnMvNDViNjBkODUtZmQ3Mi00MjdhLWE3MDgtZjk5NGQyNmU1OTNlL3Jlc291cmNlR3JvdXBzL3BzdGVzdHJnNDY1NS9wcm92aWRlcnMvTWljcm9zb2Z0LlN0b3JhZ2Uvc3RvcmFnZUFjY291bnRzL3N0b3BzdGVzdHJnNDY1NS9maWxlU2VydmljZXMvZGVmYXVsdC9zaGFyZXMvc2hhcmUxcHN0ZXN0cmc0NjU1P2FwaS12ZXJzaW9uPTIwMjAtMDgtMDEtcHJldmlldw==",
      "RequestMethod": "DELETE",
      "RequestBody": "",
      "RequestHeaders": {
        "x-ms-client-request-id": [
          "759287da-8f0b-42ea-abc5-030172b0ad04"
        ],
        "Accept-Language": [
          "en-US"
        ],
        "User-Agent": [
          "FxVersion/4.6.29220.03",
          "OSName/Windows",
          "OSVersion/Microsoft.Windows.10.0.19042.",
          "Microsoft.Azure.Management.Storage.StorageManagementClient/18.0.0.0"
        ]
      },
      "ResponseHeaders": {
        "Cache-Control": [
          "no-cache"
        ],
        "Pragma": [
          "no-cache"
        ],
        "x-ms-request-id": [
          "7ebf0a7d-4c50-41df-938c-a8ddbff6784a"
        ],
        "Strict-Transport-Security": [
          "max-age=31536000; includeSubDomains"
        ],
        "Server": [
          "Microsoft-Azure-Storage-Resource-Provider/1.0,Microsoft-HTTPAPI/2.0 Microsoft-HTTPAPI/2.0"
        ],
        "x-ms-ratelimit-remaining-subscription-deletes": [
          "14994"
        ],
        "x-ms-correlation-request-id": [
          "533d7ad5-56e6-493b-bde5-808f730434e4"
        ],
        "x-ms-routing-request-id": [
          "SOUTHEASTASIA:20201020T033354Z:533d7ad5-56e6-493b-bde5-808f730434e4"
        ],
        "X-Content-Type-Options": [
          "nosniff"
        ],
        "Date": [
          "Tue, 20 Oct 2020 03:33:54 GMT"
        ],
        "Content-Type": [
          "text/plain; charset=utf-8"
        ],
        "Expires": [
          "-1"
        ],
        "Content-Length": [
          "0"
        ]
      },
      "ResponseBody": "",
      "StatusCode": 200
    },
    {
      "RequestUri": "/subscriptions/45b60d85-fd72-427a-a708-f994d26e593e/resourceGroups/pstestrg4655/providers/Microsoft.Storage/storageAccounts/stopstestrg4655/fileServices/default/shares?api-version=2020-08-01-preview&$expand=deleted",
      "EncodedRequestUri": "L3N1YnNjcmlwdGlvbnMvNDViNjBkODUtZmQ3Mi00MjdhLWE3MDgtZjk5NGQyNmU1OTNlL3Jlc291cmNlR3JvdXBzL3BzdGVzdHJnNDY1NS9wcm92aWRlcnMvTWljcm9zb2Z0LlN0b3JhZ2Uvc3RvcmFnZUFjY291bnRzL3N0b3BzdGVzdHJnNDY1NS9maWxlU2VydmljZXMvZGVmYXVsdC9zaGFyZXM/YXBpLXZlcnNpb249MjAyMC0wOC0wMS1wcmV2aWV3JiRleHBhbmQ9ZGVsZXRlZA==",
      "RequestMethod": "GET",
      "RequestBody": "",
      "RequestHeaders": {
        "x-ms-client-request-id": [
          "2f60b613-db66-4952-90c5-13cf3ab7c74e"
        ],
        "Accept-Language": [
          "en-US"
        ],
        "User-Agent": [
          "FxVersion/4.6.29220.03",
          "OSName/Windows",
          "OSVersion/Microsoft.Windows.10.0.19042.",
          "Microsoft.Azure.Management.Storage.StorageManagementClient/18.0.0.0"
        ]
      },
      "ResponseHeaders": {
        "Cache-Control": [
          "no-cache"
        ],
        "Pragma": [
          "no-cache"
        ],
        "x-ms-request-id": [
          "a457d30d-a101-45da-a151-3038e7cd1d56"
        ],
        "Strict-Transport-Security": [
          "max-age=31536000; includeSubDomains"
        ],
        "Server": [
          "Microsoft-Azure-Storage-Resource-Provider/1.0,Microsoft-HTTPAPI/2.0 Microsoft-HTTPAPI/2.0"
        ],
        "x-ms-ratelimit-remaining-subscription-reads": [
          "11955"
        ],
        "x-ms-correlation-request-id": [
          "94656eae-c35f-4785-bea6-6678287918c5"
        ],
        "x-ms-routing-request-id": [
          "SOUTHEASTASIA:20201020T033355Z:94656eae-c35f-4785-bea6-6678287918c5"
        ],
        "X-Content-Type-Options": [
          "nosniff"
        ],
        "Date": [
          "Tue, 20 Oct 2020 03:33:54 GMT"
        ],
        "Content-Length": [
          "1068"
        ],
        "Content-Type": [
          "application/json"
        ],
        "Expires": [
          "-1"
        ]
      },
      "ResponseBody": "{\r\n  \"value\": [\r\n    {\r\n      \"id\": \"/subscriptions/45b60d85-fd72-427a-a708-f994d26e593e/resourceGroups/pstestrg4655/providers/Microsoft.Storage/storageAccounts/stopstestrg4655/fileServices/default/shares/share1pstestrg4655_01D6A691D44C11FE\",\r\n      \"name\": \"share1pstestrg4655\",\r\n      \"type\": \"Microsoft.Storage/storageAccounts/fileServices/shares\",\r\n      \"etag\": \"\\\"0x8D874A8F77F6400\\\"\",\r\n      \"properties\": {\r\n        \"version\": \"01D6A691D44C11FE\",\r\n        \"deleted\": true,\r\n        \"deletedTime\": \"2020-10-20T03:33:54Z\",\r\n        \"remainingRetentionDays\": 5,\r\n        \"accessTier\": \"TransactionOptimized\",\r\n        \"lastModifiedTime\": \"2020-10-20T03:33:52Z\",\r\n        \"shareQuota\": 5120,\r\n        \"enabledProtocols\": \"SMB\"\r\n      }\r\n    },\r\n    {\r\n      \"id\": \"/subscriptions/45b60d85-fd72-427a-a708-f994d26e593e/resourceGroups/pstestrg4655/providers/Microsoft.Storage/storageAccounts/stopstestrg4655/fileServices/default/shares/share2pstestrg4655\",\r\n      \"name\": \"share2pstestrg4655\",\r\n      \"type\": \"Microsoft.Storage/storageAccounts/fileServices/shares\",\r\n      \"etag\": \"\\\"0x8D874A8F801AC12\\\"\",\r\n      \"properties\": {\r\n        \"accessTier\": \"TransactionOptimized\",\r\n        \"lastModifiedTime\": \"2020-10-20T03:33:53Z\",\r\n        \"shareQuota\": 5120,\r\n        \"enabledProtocols\": \"SMB\"\r\n      }\r\n    }\r\n  ]\r\n}",
      "StatusCode": 200
    },
    {
      "RequestUri": "/subscriptions/45b60d85-fd72-427a-a708-f994d26e593e/resourceGroups/pstestrg4655/providers/Microsoft.Storage/storageAccounts/stopstestrg4655/fileServices/default/shares?api-version=2020-08-01-preview&$expand=deleted",
      "EncodedRequestUri": "L3N1YnNjcmlwdGlvbnMvNDViNjBkODUtZmQ3Mi00MjdhLWE3MDgtZjk5NGQyNmU1OTNlL3Jlc291cmNlR3JvdXBzL3BzdGVzdHJnNDY1NS9wcm92aWRlcnMvTWljcm9zb2Z0LlN0b3JhZ2Uvc3RvcmFnZUFjY291bnRzL3N0b3BzdGVzdHJnNDY1NS9maWxlU2VydmljZXMvZGVmYXVsdC9zaGFyZXM/YXBpLXZlcnNpb249MjAyMC0wOC0wMS1wcmV2aWV3JiRleHBhbmQ9ZGVsZXRlZA==",
      "RequestMethod": "GET",
      "RequestBody": "",
      "RequestHeaders": {
        "x-ms-client-request-id": [
          "02a984ff-311f-4eb2-b62a-8873b02053db"
        ],
        "Accept-Language": [
          "en-US"
        ],
        "User-Agent": [
          "FxVersion/4.6.29220.03",
          "OSName/Windows",
          "OSVersion/Microsoft.Windows.10.0.19042.",
          "Microsoft.Azure.Management.Storage.StorageManagementClient/18.0.0.0"
        ]
      },
      "ResponseHeaders": {
        "Cache-Control": [
          "no-cache"
        ],
        "Pragma": [
          "no-cache"
        ],
        "x-ms-request-id": [
          "e646f068-5526-4778-bf0e-240862ff92cf"
        ],
        "Strict-Transport-Security": [
          "max-age=31536000; includeSubDomains"
        ],
        "Server": [
          "Microsoft-Azure-Storage-Resource-Provider/1.0,Microsoft-HTTPAPI/2.0 Microsoft-HTTPAPI/2.0"
        ],
        "x-ms-ratelimit-remaining-subscription-reads": [
          "11951"
        ],
        "x-ms-correlation-request-id": [
          "16c2ce29-2cfb-46b0-b37e-1fcb2d9f74a8"
        ],
        "x-ms-routing-request-id": [
          "SOUTHEASTASIA:20201020T033457Z:16c2ce29-2cfb-46b0-b37e-1fcb2d9f74a8"
        ],
        "X-Content-Type-Options": [
          "nosniff"
        ],
        "Date": [
          "Tue, 20 Oct 2020 03:34:56 GMT"
        ],
        "Content-Length": [
          "935"
        ],
        "Content-Type": [
          "application/json"
        ],
        "Expires": [
          "-1"
        ]
      },
      "ResponseBody": "{\r\n  \"value\": [\r\n    {\r\n      \"id\": \"/subscriptions/45b60d85-fd72-427a-a708-f994d26e593e/resourceGroups/pstestrg4655/providers/Microsoft.Storage/storageAccounts/stopstestrg4655/fileServices/default/shares/share1pstestrg4655\",\r\n      \"name\": \"share1pstestrg4655\",\r\n      \"type\": \"Microsoft.Storage/storageAccounts/fileServices/shares\",\r\n      \"etag\": \"\\\"0x8D874A91D059D82\\\"\",\r\n      \"properties\": {\r\n        \"accessTier\": \"TransactionOptimized\",\r\n        \"lastModifiedTime\": \"2020-10-20T03:34:55Z\",\r\n        \"shareQuota\": 5120,\r\n        \"enabledProtocols\": \"SMB\"\r\n      }\r\n    },\r\n    {\r\n      \"id\": \"/subscriptions/45b60d85-fd72-427a-a708-f994d26e593e/resourceGroups/pstestrg4655/providers/Microsoft.Storage/storageAccounts/stopstestrg4655/fileServices/default/shares/share2pstestrg4655\",\r\n      \"name\": \"share2pstestrg4655\",\r\n      \"type\": \"Microsoft.Storage/storageAccounts/fileServices/shares\",\r\n      \"etag\": \"\\\"0x8D874A8F801AC12\\\"\",\r\n      \"properties\": {\r\n        \"accessTier\": \"TransactionOptimized\",\r\n        \"lastModifiedTime\": \"2020-10-20T03:33:53Z\",\r\n        \"shareQuota\": 5120,\r\n        \"enabledProtocols\": \"SMB\"\r\n      }\r\n    }\r\n  ]\r\n}",
      "StatusCode": 200
    },
    {
      "RequestUri": "/subscriptions/45b60d85-fd72-427a-a708-f994d26e593e/resourceGroups/pstestrg4655/providers/Microsoft.Storage/storageAccounts/stopstestrg4655/fileServices/default/shares?api-version=2020-08-01-preview",
      "EncodedRequestUri": "L3N1YnNjcmlwdGlvbnMvNDViNjBkODUtZmQ3Mi00MjdhLWE3MDgtZjk5NGQyNmU1OTNlL3Jlc291cmNlR3JvdXBzL3BzdGVzdHJnNDY1NS9wcm92aWRlcnMvTWljcm9zb2Z0LlN0b3JhZ2Uvc3RvcmFnZUFjY291bnRzL3N0b3BzdGVzdHJnNDY1NS9maWxlU2VydmljZXMvZGVmYXVsdC9zaGFyZXM/YXBpLXZlcnNpb249MjAyMC0wOC0wMS1wcmV2aWV3",
      "RequestMethod": "GET",
      "RequestBody": "",
      "RequestHeaders": {
        "x-ms-client-request-id": [
          "07c2f4bb-92e0-49eb-8df6-6eaf318e9ba2"
        ],
        "Accept-Language": [
          "en-US"
        ],
        "User-Agent": [
          "FxVersion/4.6.29220.03",
          "OSName/Windows",
          "OSVersion/Microsoft.Windows.10.0.19042.",
          "Microsoft.Azure.Management.Storage.StorageManagementClient/18.0.0.0"
        ]
      },
      "ResponseHeaders": {
        "Cache-Control": [
          "no-cache"
        ],
        "Pragma": [
          "no-cache"
        ],
        "x-ms-request-id": [
          "20232052-9983-4150-9fb4-cb1240e1c9a8"
        ],
        "Strict-Transport-Security": [
          "max-age=31536000; includeSubDomains"
        ],
        "Server": [
          "Microsoft-Azure-Storage-Resource-Provider/1.0,Microsoft-HTTPAPI/2.0 Microsoft-HTTPAPI/2.0"
        ],
        "x-ms-ratelimit-remaining-subscription-reads": [
          "11954"
        ],
        "x-ms-correlation-request-id": [
          "7b32fbdf-8c2a-47ca-a7de-c05a5e9f0212"
        ],
        "x-ms-routing-request-id": [
          "SOUTHEASTASIA:20201020T033355Z:7b32fbdf-8c2a-47ca-a7de-c05a5e9f0212"
        ],
        "X-Content-Type-Options": [
          "nosniff"
        ],
        "Date": [
          "Tue, 20 Oct 2020 03:33:55 GMT"
        ],
        "Content-Length": [
          "473"
        ],
        "Content-Type": [
          "application/json"
        ],
        "Expires": [
          "-1"
        ]
      },
      "ResponseBody": "{\r\n  \"value\": [\r\n    {\r\n      \"id\": \"/subscriptions/45b60d85-fd72-427a-a708-f994d26e593e/resourceGroups/pstestrg4655/providers/Microsoft.Storage/storageAccounts/stopstestrg4655/fileServices/default/shares/share2pstestrg4655\",\r\n      \"name\": \"share2pstestrg4655\",\r\n      \"type\": \"Microsoft.Storage/storageAccounts/fileServices/shares\",\r\n      \"etag\": \"\\\"0x8D874A8F801AC12\\\"\",\r\n      \"properties\": {\r\n        \"accessTier\": \"TransactionOptimized\",\r\n        \"lastModifiedTime\": \"2020-10-20T03:33:53Z\",\r\n        \"shareQuota\": 5120,\r\n        \"enabledProtocols\": \"SMB\"\r\n      }\r\n    }\r\n  ]\r\n}",
      "StatusCode": 200
    },
    {
      "RequestUri": "/subscriptions/45b60d85-fd72-427a-a708-f994d26e593e/resourceGroups/pstestrg4655/providers/Microsoft.Storage/storageAccounts/stopstestrg4655/fileServices/default/shares?api-version=2020-08-01-preview",
      "EncodedRequestUri": "L3N1YnNjcmlwdGlvbnMvNDViNjBkODUtZmQ3Mi00MjdhLWE3MDgtZjk5NGQyNmU1OTNlL3Jlc291cmNlR3JvdXBzL3BzdGVzdHJnNDY1NS9wcm92aWRlcnMvTWljcm9zb2Z0LlN0b3JhZ2Uvc3RvcmFnZUFjY291bnRzL3N0b3BzdGVzdHJnNDY1NS9maWxlU2VydmljZXMvZGVmYXVsdC9zaGFyZXM/YXBpLXZlcnNpb249MjAyMC0wOC0wMS1wcmV2aWV3",
      "RequestMethod": "GET",
      "RequestBody": "",
      "RequestHeaders": {
        "x-ms-client-request-id": [
          "35c337c4-e005-42ca-a1d3-37eaef7ceb55"
        ],
        "Accept-Language": [
          "en-US"
        ],
        "User-Agent": [
          "FxVersion/4.6.29220.03",
          "OSName/Windows",
          "OSVersion/Microsoft.Windows.10.0.19042.",
          "Microsoft.Azure.Management.Storage.StorageManagementClient/18.0.0.0"
        ]
      },
      "ResponseHeaders": {
        "Cache-Control": [
          "no-cache"
        ],
        "Pragma": [
          "no-cache"
        ],
        "x-ms-request-id": [
          "2c9958c6-2f8c-4fe8-9e1e-6f7412c9490b"
        ],
        "Strict-Transport-Security": [
          "max-age=31536000; includeSubDomains"
        ],
        "Server": [
          "Microsoft-Azure-Storage-Resource-Provider/1.0,Microsoft-HTTPAPI/2.0 Microsoft-HTTPAPI/2.0"
        ],
        "x-ms-ratelimit-remaining-subscription-reads": [
          "11952"
        ],
        "x-ms-correlation-request-id": [
          "1afa9362-ad73-4a7b-98b0-9f6ad0f9f004"
        ],
        "x-ms-routing-request-id": [
          "SOUTHEASTASIA:20201020T033457Z:1afa9362-ad73-4a7b-98b0-9f6ad0f9f004"
        ],
        "X-Content-Type-Options": [
          "nosniff"
        ],
        "Date": [
          "Tue, 20 Oct 2020 03:34:56 GMT"
        ],
        "Content-Length": [
          "935"
        ],
        "Content-Type": [
          "application/json"
        ],
        "Expires": [
          "-1"
        ]
      },
      "ResponseBody": "{\r\n  \"value\": [\r\n    {\r\n      \"id\": \"/subscriptions/45b60d85-fd72-427a-a708-f994d26e593e/resourceGroups/pstestrg4655/providers/Microsoft.Storage/storageAccounts/stopstestrg4655/fileServices/default/shares/share1pstestrg4655\",\r\n      \"name\": \"share1pstestrg4655\",\r\n      \"type\": \"Microsoft.Storage/storageAccounts/fileServices/shares\",\r\n      \"etag\": \"\\\"0x8D874A91D059D82\\\"\",\r\n      \"properties\": {\r\n        \"accessTier\": \"TransactionOptimized\",\r\n        \"lastModifiedTime\": \"2020-10-20T03:34:55Z\",\r\n        \"shareQuota\": 5120,\r\n        \"enabledProtocols\": \"SMB\"\r\n      }\r\n    },\r\n    {\r\n      \"id\": \"/subscriptions/45b60d85-fd72-427a-a708-f994d26e593e/resourceGroups/pstestrg4655/providers/Microsoft.Storage/storageAccounts/stopstestrg4655/fileServices/default/shares/share2pstestrg4655\",\r\n      \"name\": \"share2pstestrg4655\",\r\n      \"type\": \"Microsoft.Storage/storageAccounts/fileServices/shares\",\r\n      \"etag\": \"\\\"0x8D874A8F801AC12\\\"\",\r\n      \"properties\": {\r\n        \"accessTier\": \"TransactionOptimized\",\r\n        \"lastModifiedTime\": \"2020-10-20T03:33:53Z\",\r\n        \"shareQuota\": 5120,\r\n        \"enabledProtocols\": \"SMB\"\r\n      }\r\n    }\r\n  ]\r\n}",
      "StatusCode": 200
    },
    {
      "RequestUri": "/subscriptions/45b60d85-fd72-427a-a708-f994d26e593e/resourceGroups/pstestrg4655/providers/Microsoft.Storage/storageAccounts/stopstestrg4655/fileServices/default/shares/share1pstestrg4655/restore?api-version=2020-08-01-preview",
      "EncodedRequestUri": "L3N1YnNjcmlwdGlvbnMvNDViNjBkODUtZmQ3Mi00MjdhLWE3MDgtZjk5NGQyNmU1OTNlL3Jlc291cmNlR3JvdXBzL3BzdGVzdHJnNDY1NS9wcm92aWRlcnMvTWljcm9zb2Z0LlN0b3JhZ2Uvc3RvcmFnZUFjY291bnRzL3N0b3BzdGVzdHJnNDY1NS9maWxlU2VydmljZXMvZGVmYXVsdC9zaGFyZXMvc2hhcmUxcHN0ZXN0cmc0NjU1L3Jlc3RvcmU/YXBpLXZlcnNpb249MjAyMC0wOC0wMS1wcmV2aWV3",
      "RequestMethod": "POST",
      "RequestBody": "{\r\n  \"deletedShareName\": \"share1pstestrg4655\",\r\n  \"deletedShareVersion\": \"01D6A691D44C11FE\"\r\n}",
      "RequestHeaders": {
        "x-ms-client-request-id": [
          "51bf6843-b2f2-4ad0-8bb8-8dcc0eff4f30"
        ],
        "Accept-Language": [
          "en-US"
        ],
        "User-Agent": [
          "FxVersion/4.6.29220.03",
          "OSName/Windows",
          "OSVersion/Microsoft.Windows.10.0.19042.",
          "Microsoft.Azure.Management.Storage.StorageManagementClient/18.0.0.0"
        ],
        "Content-Type": [
          "application/json; charset=utf-8"
        ],
        "Content-Length": [
          "94"
        ]
      },
      "ResponseHeaders": {
        "Cache-Control": [
          "no-cache"
        ],
        "Pragma": [
          "no-cache"
        ],
        "x-ms-request-id": [
          "843de644-fee7-4b96-8f92-eeec1b950353"
        ],
        "Strict-Transport-Security": [
          "max-age=31536000; includeSubDomains"
        ],
        "Server": [
          "Microsoft-Azure-Storage-Resource-Provider/1.0,Microsoft-HTTPAPI/2.0 Microsoft-HTTPAPI/2.0"
        ],
        "x-ms-ratelimit-remaining-subscription-writes": [
          "1196"
        ],
        "x-ms-correlation-request-id": [
          "1e1287a3-8955-47d5-9a05-4af4a4ffec80"
        ],
        "x-ms-routing-request-id": [
          "SOUTHEASTASIA:20201020T033455Z:1e1287a3-8955-47d5-9a05-4af4a4ffec80"
        ],
        "X-Content-Type-Options": [
          "nosniff"
        ],
        "Date": [
          "Tue, 20 Oct 2020 03:34:55 GMT"
        ],
        "Content-Type": [
          "text/plain; charset=utf-8"
        ],
        "Expires": [
          "-1"
        ],
        "Content-Length": [
          "0"
        ]
      },
      "ResponseBody": "",
      "StatusCode": 200
    },
    {
      "RequestUri": "/subscriptions/45b60d85-fd72-427a-a708-f994d26e593e/resourceGroups/pstestrg4655/providers/Microsoft.Storage/storageAccounts/stopstestrg4655?api-version=2020-08-01-preview",
      "EncodedRequestUri": "L3N1YnNjcmlwdGlvbnMvNDViNjBkODUtZmQ3Mi00MjdhLWE3MDgtZjk5NGQyNmU1OTNlL3Jlc291cmNlR3JvdXBzL3BzdGVzdHJnNDY1NS9wcm92aWRlcnMvTWljcm9zb2Z0LlN0b3JhZ2Uvc3RvcmFnZUFjY291bnRzL3N0b3BzdGVzdHJnNDY1NT9hcGktdmVyc2lvbj0yMDIwLTA4LTAxLXByZXZpZXc=",
      "RequestMethod": "DELETE",
      "RequestBody": "",
      "RequestHeaders": {
        "x-ms-client-request-id": [
          "f5640740-9cd3-4bc7-83c6-c69a35e81ce0"
        ],
        "Accept-Language": [
          "en-US"
        ],
        "User-Agent": [
          "FxVersion/4.6.29220.03",
          "OSName/Windows",
          "OSVersion/Microsoft.Windows.10.0.19042.",
          "Microsoft.Azure.Management.Storage.StorageManagementClient/18.0.0.0"
        ]
      },
      "ResponseHeaders": {
        "Cache-Control": [
          "no-cache"
        ],
        "Pragma": [
          "no-cache"
        ],
        "x-ms-request-id": [
          "7c3218a9-ee6b-404d-ab13-2b3d160e84e2"
        ],
        "Strict-Transport-Security": [
          "max-age=31536000; includeSubDomains"
        ],
        "Server": [
          "Microsoft-Azure-Storage-Resource-Provider/1.0,Microsoft-HTTPAPI/2.0 Microsoft-HTTPAPI/2.0"
        ],
        "x-ms-ratelimit-remaining-subscription-deletes": [
          "14993"
        ],
        "x-ms-correlation-request-id": [
          "9bcec508-3095-4506-912f-61bb6bc7cf21"
        ],
        "x-ms-routing-request-id": [
          "SOUTHEASTASIA:20201020T033507Z:9bcec508-3095-4506-912f-61bb6bc7cf21"
        ],
        "X-Content-Type-Options": [
          "nosniff"
        ],
        "Date": [
          "Tue, 20 Oct 2020 03:35:06 GMT"
        ],
        "Content-Type": [
          "text/plain; charset=utf-8"
        ],
        "Expires": [
          "-1"
        ],
        "Content-Length": [
          "0"
        ]
      },
      "ResponseBody": "",
      "StatusCode": 200
    },
    {
      "RequestUri": "/subscriptions/45b60d85-fd72-427a-a708-f994d26e593e/resourcegroups/pstestrg4655?api-version=2016-09-01",
      "EncodedRequestUri": "L3N1YnNjcmlwdGlvbnMvNDViNjBkODUtZmQ3Mi00MjdhLWE3MDgtZjk5NGQyNmU1OTNlL3Jlc291cmNlZ3JvdXBzL3BzdGVzdHJnNDY1NT9hcGktdmVyc2lvbj0yMDE2LTA5LTAx",
      "RequestMethod": "DELETE",
      "RequestBody": "",
      "RequestHeaders": {
        "x-ms-client-request-id": [
          "5439088d-0687-4464-8dff-ad9955cab945"
        ],
        "Accept-Language": [
          "en-US"
        ],
        "User-Agent": [
          "FxVersion/4.6.29220.03",
          "OSName/Windows",
          "OSVersion/Microsoft.Windows.10.0.19042.",
          "Microsoft.Azure.Management.Internal.Resources.ResourceManagementClient/1.3.24"
        ]
      },
      "ResponseHeaders": {
        "Cache-Control": [
          "no-cache"
        ],
        "Pragma": [
          "no-cache"
        ],
        "Location": [
          "https://management.azure.com/subscriptions/45b60d85-fd72-427a-a708-f994d26e593e/operationresults/eyJqb2JJZCI6IlJFU09VUkNFR1JPVVBERUxFVElPTkpPQi1QU1RFU1RSRzQ2NTUtRUFTVFVTMkVVQVAiLCJqb2JMb2NhdGlvbiI6ImVhc3R1czJldWFwIn0?api-version=2016-09-01"
        ],
        "Retry-After": [
          "15"
        ],
        "x-ms-ratelimit-remaining-subscription-deletes": [
          "14998"
        ],
        "x-ms-request-id": [
          "9a400b8a-a3fd-4130-ade8-36e9c0e5c800"
        ],
        "x-ms-correlation-request-id": [
          "9a400b8a-a3fd-4130-ade8-36e9c0e5c800"
        ],
        "x-ms-routing-request-id": [
          "SOUTHEASTASIA:20201020T033511Z:9a400b8a-a3fd-4130-ade8-36e9c0e5c800"
        ],
        "Strict-Transport-Security": [
          "max-age=31536000; includeSubDomains"
        ],
        "X-Content-Type-Options": [
          "nosniff"
        ],
        "Date": [
          "Tue, 20 Oct 2020 03:35:10 GMT"
        ],
        "Expires": [
          "-1"
        ],
        "Content-Length": [
          "0"
        ]
      },
      "ResponseBody": "",
      "StatusCode": 202
    },
    {
      "RequestUri": "/subscriptions/45b60d85-fd72-427a-a708-f994d26e593e/operationresults/eyJqb2JJZCI6IlJFU09VUkNFR1JPVVBERUxFVElPTkpPQi1QU1RFU1RSRzQ2NTUtRUFTVFVTMkVVQVAiLCJqb2JMb2NhdGlvbiI6ImVhc3R1czJldWFwIn0?api-version=2016-09-01",
      "EncodedRequestUri": "L3N1YnNjcmlwdGlvbnMvNDViNjBkODUtZmQ3Mi00MjdhLWE3MDgtZjk5NGQyNmU1OTNlL29wZXJhdGlvbnJlc3VsdHMvZXlKcWIySkpaQ0k2SWxKRlUwOVZVa05GUjFKUFZWQkVSVXhGVkVsUFRrcFBRaTFRVTFSRlUxUlNSelEyTlRVdFJVRlRWRlZUTWtWVlFWQWlMQ0pxYjJKTWIyTmhkR2x2YmlJNkltVmhjM1IxY3pKbGRXRndJbjA/YXBpLXZlcnNpb249MjAxNi0wOS0wMQ==",
      "RequestMethod": "GET",
      "RequestBody": "",
      "RequestHeaders": {
        "User-Agent": [
          "FxVersion/4.6.29220.03",
          "OSName/Windows",
          "OSVersion/Microsoft.Windows.10.0.19042.",
          "Microsoft.Azure.Management.Internal.Resources.ResourceManagementClient/1.3.24"
        ]
      },
      "ResponseHeaders": {
        "Cache-Control": [
          "no-cache"
        ],
        "Pragma": [
          "no-cache"
        ],
        "Location": [
          "https://management.azure.com/subscriptions/45b60d85-fd72-427a-a708-f994d26e593e/operationresults/eyJqb2JJZCI6IlJFU09VUkNFR1JPVVBERUxFVElPTkpPQi1QU1RFU1RSRzQ2NTUtRUFTVFVTMkVVQVAiLCJqb2JMb2NhdGlvbiI6ImVhc3R1czJldWFwIn0?api-version=2016-09-01"
        ],
        "Retry-After": [
          "15"
        ],
        "x-ms-ratelimit-remaining-subscription-reads": [
          "11996"
        ],
        "x-ms-request-id": [
          "a121c4d8-ab51-4336-b823-a855f597bda0"
        ],
        "x-ms-correlation-request-id": [
          "a121c4d8-ab51-4336-b823-a855f597bda0"
        ],
        "x-ms-routing-request-id": [
          "SOUTHEASTASIA:20201020T033527Z:a121c4d8-ab51-4336-b823-a855f597bda0"
        ],
        "Strict-Transport-Security": [
          "max-age=31536000; includeSubDomains"
        ],
        "X-Content-Type-Options": [
          "nosniff"
        ],
        "Date": [
          "Tue, 20 Oct 2020 03:35:27 GMT"
        ],
        "Expires": [
          "-1"
        ],
        "Content-Length": [
          "0"
        ]
      },
      "ResponseBody": "",
      "StatusCode": 202
    },
    {
      "RequestUri": "/subscriptions/45b60d85-fd72-427a-a708-f994d26e593e/operationresults/eyJqb2JJZCI6IlJFU09VUkNFR1JPVVBERUxFVElPTkpPQi1QU1RFU1RSRzQ2NTUtRUFTVFVTMkVVQVAiLCJqb2JMb2NhdGlvbiI6ImVhc3R1czJldWFwIn0?api-version=2016-09-01",
      "EncodedRequestUri": "L3N1YnNjcmlwdGlvbnMvNDViNjBkODUtZmQ3Mi00MjdhLWE3MDgtZjk5NGQyNmU1OTNlL29wZXJhdGlvbnJlc3VsdHMvZXlKcWIySkpaQ0k2SWxKRlUwOVZVa05GUjFKUFZWQkVSVXhGVkVsUFRrcFBRaTFRVTFSRlUxUlNSelEyTlRVdFJVRlRWRlZUTWtWVlFWQWlMQ0pxYjJKTWIyTmhkR2x2YmlJNkltVmhjM1IxY3pKbGRXRndJbjA/YXBpLXZlcnNpb249MjAxNi0wOS0wMQ==",
      "RequestMethod": "GET",
      "RequestBody": "",
      "RequestHeaders": {
        "User-Agent": [
          "FxVersion/4.6.29220.03",
          "OSName/Windows",
          "OSVersion/Microsoft.Windows.10.0.19042.",
          "Microsoft.Azure.Management.Internal.Resources.ResourceManagementClient/1.3.24"
        ]
      },
      "ResponseHeaders": {
        "Cache-Control": [
          "no-cache"
        ],
        "Pragma": [
          "no-cache"
        ],
        "Location": [
          "https://management.azure.com/subscriptions/45b60d85-fd72-427a-a708-f994d26e593e/operationresults/eyJqb2JJZCI6IlJFU09VUkNFR1JPVVBERUxFVElPTkpPQi1QU1RFU1RSRzQ2NTUtRUFTVFVTMkVVQVAiLCJqb2JMb2NhdGlvbiI6ImVhc3R1czJldWFwIn0?api-version=2016-09-01"
        ],
        "Retry-After": [
          "15"
        ],
        "x-ms-ratelimit-remaining-subscription-reads": [
          "11995"
        ],
        "x-ms-request-id": [
          "f159ed0f-a3f7-4a4b-8e08-46e6f7c1b076"
        ],
        "x-ms-correlation-request-id": [
          "f159ed0f-a3f7-4a4b-8e08-46e6f7c1b076"
        ],
        "x-ms-routing-request-id": [
          "SOUTHEASTASIA:20201020T033542Z:f159ed0f-a3f7-4a4b-8e08-46e6f7c1b076"
        ],
        "Strict-Transport-Security": [
          "max-age=31536000; includeSubDomains"
        ],
        "X-Content-Type-Options": [
          "nosniff"
        ],
        "Date": [
          "Tue, 20 Oct 2020 03:35:42 GMT"
        ],
        "Expires": [
          "-1"
        ],
        "Content-Length": [
          "0"
        ]
      },
      "ResponseBody": "",
      "StatusCode": 202
    },
    {
      "RequestUri": "/subscriptions/45b60d85-fd72-427a-a708-f994d26e593e/operationresults/eyJqb2JJZCI6IlJFU09VUkNFR1JPVVBERUxFVElPTkpPQi1QU1RFU1RSRzQ2NTUtRUFTVFVTMkVVQVAiLCJqb2JMb2NhdGlvbiI6ImVhc3R1czJldWFwIn0?api-version=2016-09-01",
      "EncodedRequestUri": "L3N1YnNjcmlwdGlvbnMvNDViNjBkODUtZmQ3Mi00MjdhLWE3MDgtZjk5NGQyNmU1OTNlL29wZXJhdGlvbnJlc3VsdHMvZXlKcWIySkpaQ0k2SWxKRlUwOVZVa05GUjFKUFZWQkVSVXhGVkVsUFRrcFBRaTFRVTFSRlUxUlNSelEyTlRVdFJVRlRWRlZUTWtWVlFWQWlMQ0pxYjJKTWIyTmhkR2x2YmlJNkltVmhjM1IxY3pKbGRXRndJbjA/YXBpLXZlcnNpb249MjAxNi0wOS0wMQ==",
      "RequestMethod": "GET",
      "RequestBody": "",
      "RequestHeaders": {
        "User-Agent": [
          "FxVersion/4.6.29220.03",
          "OSName/Windows",
          "OSVersion/Microsoft.Windows.10.0.19042.",
          "Microsoft.Azure.Management.Internal.Resources.ResourceManagementClient/1.3.24"
        ]
      },
      "ResponseHeaders": {
        "Cache-Control": [
          "no-cache"
        ],
        "Pragma": [
          "no-cache"
        ],
        "x-ms-ratelimit-remaining-subscription-reads": [
          "11994"
        ],
        "x-ms-request-id": [
          "bcbc28cc-4dfa-4814-a502-0b2be73807af"
        ],
        "x-ms-correlation-request-id": [
          "bcbc28cc-4dfa-4814-a502-0b2be73807af"
        ],
        "x-ms-routing-request-id": [
          "SOUTHEASTASIA:20201020T033558Z:bcbc28cc-4dfa-4814-a502-0b2be73807af"
        ],
        "Strict-Transport-Security": [
          "max-age=31536000; includeSubDomains"
        ],
        "X-Content-Type-Options": [
          "nosniff"
        ],
        "Date": [
          "Tue, 20 Oct 2020 03:35:58 GMT"
        ],
        "Expires": [
          "-1"
        ],
        "Content-Length": [
          "0"
        ]
      },
      "ResponseBody": "",
      "StatusCode": 200
    },
    {
      "RequestUri": "/subscriptions/45b60d85-fd72-427a-a708-f994d26e593e/operationresults/eyJqb2JJZCI6IlJFU09VUkNFR1JPVVBERUxFVElPTkpPQi1QU1RFU1RSRzQ2NTUtRUFTVFVTMkVVQVAiLCJqb2JMb2NhdGlvbiI6ImVhc3R1czJldWFwIn0?api-version=2016-09-01",
      "EncodedRequestUri": "L3N1YnNjcmlwdGlvbnMvNDViNjBkODUtZmQ3Mi00MjdhLWE3MDgtZjk5NGQyNmU1OTNlL29wZXJhdGlvbnJlc3VsdHMvZXlKcWIySkpaQ0k2SWxKRlUwOVZVa05GUjFKUFZWQkVSVXhGVkVsUFRrcFBRaTFRVTFSRlUxUlNSelEyTlRVdFJVRlRWRlZUTWtWVlFWQWlMQ0pxYjJKTWIyTmhkR2x2YmlJNkltVmhjM1IxY3pKbGRXRndJbjA/YXBpLXZlcnNpb249MjAxNi0wOS0wMQ==",
      "RequestMethod": "GET",
      "RequestBody": "",
      "RequestHeaders": {
        "User-Agent": [
          "FxVersion/4.6.29220.03",
          "OSName/Windows",
          "OSVersion/Microsoft.Windows.10.0.19042.",
          "Microsoft.Azure.Management.Internal.Resources.ResourceManagementClient/1.3.24"
        ]
      },
      "ResponseHeaders": {
        "Cache-Control": [
          "no-cache"
        ],
        "Pragma": [
          "no-cache"
        ],
        "x-ms-ratelimit-remaining-subscription-reads": [
          "11993"
        ],
        "x-ms-request-id": [
          "0b750364-7aa3-4859-b866-373cf525c8ac"
        ],
        "x-ms-correlation-request-id": [
          "0b750364-7aa3-4859-b866-373cf525c8ac"
        ],
        "x-ms-routing-request-id": [
          "SOUTHEASTASIA:20201020T033558Z:0b750364-7aa3-4859-b866-373cf525c8ac"
        ],
        "Strict-Transport-Security": [
          "max-age=31536000; includeSubDomains"
        ],
        "X-Content-Type-Options": [
          "nosniff"
        ],
        "Date": [
          "Tue, 20 Oct 2020 03:35:58 GMT"
        ],
        "Expires": [
          "-1"
        ],
        "Content-Length": [
          "0"
        ]
      },
      "ResponseBody": "",
      "StatusCode": 200
    }
  ],
  "Names": {
    "Test-ShareSoftDelete": [
      "pstestrg4655"
    ]
  },
  "Variables": {
    "SubscriptionId": "45b60d85-fd72-427a-a708-f994d26e593e"
  }
}