{
  "New-AzDnsForwardingRuleset+[NoContext]+Create new DNS forwarding ruleset+$PUT+https://management.azure.com/subscriptions/0e5a46b1-de0b-4ec3-a5d7-dda908b4e076/resourceGroups/rg-dev-eastus2-sdk-powershell/providers/Microsoft.Network/dnsResolvers/psdnsresolvername24?api-version=2020-04-01-preview+1": {
    "Request": {
      "Method": "PUT",
      "RequestUri": "https://management.azure.com/subscriptions/0e5a46b1-de0b-4ec3-a5d7-dda908b4e076/resourceGroups/rg-dev-eastus2-sdk-powershell/providers/Microsoft.Network/dnsResolvers/psdnsresolvername24?api-version=2020-04-01-preview",
      "Content": "{\r\n  \"location\": \"eastus2\",\r\n  \"properties\": {\r\n    \"virtualNetwork\": {\r\n      \"id\": \"/subscriptions/0e5a46b1-de0b-4ec3-a5d7-dda908b4e076/resourceGroups/rg-dev-eastus2-sdk-powershell/providers/Microsoft.Network/virtualNetworks/psvirtualnetworkname24\"\r\n    }\r\n  }\r\n}",
      "isContentBase64": false,
      "Headers": {
      },
      "ContentHeaders": {
        "Content-Type": [ "application/json" ],
        "Content-Length": [ "265" ]
      }
    },
    "Response": {
      "StatusCode": 202,
      "Headers": {
        "Cache-Control": [ "no-cache" ],
        "Pragma": [ "no-cache" ],
        "Location": [ "https://management.azure.com/subscriptions/0e5a46b1-de0b-4ec3-a5d7-dda908b4e076/resourceGroups/rg-dev-eastus2-sdk-powershell/providers/Microsoft.Network/locations/eastus2/dnsResolverOperationResults/eyJPcGVyYXRpb25UeXBlIjoiVXBzZXJ0RG5zUmVzb2x2ZXIiLCJPcGVyYXRpb25JZCI6ImY0NWFmNGEyLWMwMzUtNDI5NC04ODVlLTIxMjZjMTY4NDkzMCJ9?api-version=2020-04-01-preview" ],
        "Retry-After": [ "5" ],
        "x-ms-activity-id": [ "3b37ed28-545b-489a-81ce-20719347d004" ],
        "Azure-AsyncOperation": [ "https://management.azure.com/subscriptions/0e5a46b1-de0b-4ec3-a5d7-dda908b4e076/resourceGroups/rg-dev-eastus2-sdk-powershell/providers/Microsoft.Network/locations/eastus2/dnsResolverOperationStatuses/eyJPcGVyYXRpb25UeXBlIjoiVXBzZXJ0RG5zUmVzb2x2ZXIiLCJPcGVyYXRpb25JZCI6ImY0NWFmNGEyLWMwMzUtNDI5NC04ODVlLTIxMjZjMTY4NDkzMCJ9?api-version=2020-04-01-preview" ],
        "x-ms-ratelimit-remaining-subscription-resource-requests": [ "11999" ],
        "x-ms-request-id": [ "100014a9-647c-4d23-ae5b-3e81a7ade180" ],
        "x-ms-correlation-request-id": [ "100014a9-647c-4d23-ae5b-3e81a7ade180" ],
        "x-ms-routing-request-id": [ "CENTRALUS:20220216T045636Z:100014a9-647c-4d23-ae5b-3e81a7ade180" ],
        "Strict-Transport-Security": [ "max-age=31536000; includeSubDomains" ],
        "X-Content-Type-Options": [ "nosniff" ],
        "X-Cache": [ "CONFIG_NOCACHE" ],
        "X-MSEdge-Ref": [ "Ref A: A608C76DC90C4C2D9C60D21CA21C4196 Ref B: YVR311000112039 Ref C: 2022-02-16T04:56:34Z" ],
        "Date": [ "Wed, 16 Feb 2022 04:56:36 GMT" ]
      },
      "ContentHeaders": {
        "Content-Length": [ "2" ],
        "Content-Type": [ "application/json; charset=utf-8" ],
        "Expires": [ "-1" ]
      },
      "Content": "{}",
      "isContentBase64": false
    }
  },
  "New-AzDnsForwardingRuleset+[NoContext]+Create new DNS forwarding ruleset+$GET+https://management.azure.com/subscriptions/0e5a46b1-de0b-4ec3-a5d7-dda908b4e076/resourceGroups/rg-dev-eastus2-sdk-powershell/providers/Microsoft.Network/locations/eastus2/dnsResolverOperationStatuses/eyJPcGVyYXRpb25UeXBlIjoiVXBzZXJ0RG5zUmVzb2x2ZXIiLCJPcGVyYXRpb25JZCI6ImY0NWFmNGEyLWMwMzUtNDI5NC04ODVlLTIxMjZjMTY4NDkzMCJ9?api-version=2020-04-01-preview+2": {
    "Request": {
      "Method": "GET",
      "RequestUri": "https://management.azure.com/subscriptions/0e5a46b1-de0b-4ec3-a5d7-dda908b4e076/resourceGroups/rg-dev-eastus2-sdk-powershell/providers/Microsoft.Network/locations/eastus2/dnsResolverOperationStatuses/eyJPcGVyYXRpb25UeXBlIjoiVXBzZXJ0RG5zUmVzb2x2ZXIiLCJPcGVyYXRpb25JZCI6ImY0NWFmNGEyLWMwMzUtNDI5NC04ODVlLTIxMjZjMTY4NDkzMCJ9?api-version=2020-04-01-preview",
      "Content": null,
      "isContentBase64": false,
      "Headers": {
        "Authorization": [ "[Filtered]" ],
        "x-ms-unique-id": [ "2" ],
        "x-ms-client-request-id": [ "1e5e8f90-813e-47b9-842e-656cc549424e" ],
        "CommandName": [ "New-AzDnsResolver" ],
        "FullCommandName": [ "New-AzDnsResolver_CreateExpanded" ],
        "ParameterSetName": [ "__AllParameterSets" ],
        "User-Agent": [ "AzurePowershell/Az4.0.0-preview" ]
      },
      "ContentHeaders": {
      }
    },
    "Response": {
      "StatusCode": 200,
      "Headers": {
        "Cache-Control": [ "no-cache" ],
        "Pragma": [ "no-cache" ],
        "x-ms-activity-id": [ "40d13fcf-d623-476e-82d1-77f8b5582f8c" ],
        "x-ms-ratelimit-remaining-subscription-resource-requests": [ "499" ],
        "x-ms-request-id": [ "0a9169cc-fa0a-4808-937a-ae99bcd7c8ba" ],
        "x-ms-correlation-request-id": [ "0a9169cc-fa0a-4808-937a-ae99bcd7c8ba" ],
        "x-ms-routing-request-id": [ "CENTRALUS:20220216T045642Z:0a9169cc-fa0a-4808-937a-ae99bcd7c8ba" ],
        "Strict-Transport-Security": [ "max-age=31536000; includeSubDomains" ],
        "X-Content-Type-Options": [ "nosniff" ],
        "X-Cache": [ "CONFIG_NOCACHE" ],
        "X-MSEdge-Ref": [ "Ref A: 0EB9B450AC194062AB6EB2AEAD6BF8B8 Ref B: YVR311000112039 Ref C: 2022-02-16T04:56:42Z" ],
        "Date": [ "Wed, 16 Feb 2022 04:56:41 GMT" ]
      },
      "ContentHeaders": {
        "Content-Length": [ "536" ],
        "Content-Type": [ "application/json; charset=utf-8" ],
        "Expires": [ "-1" ]
      },
      "Content": "{\"id\":\"/subscriptions/0e5a46b1-de0b-4ec3-a5d7-dda908b4e076/resourceGroups/rg-dev-eastus2-sdk-powershell/providers/Microsoft.Network/locations/eastus2/dnsResolverOperationStatuses/eyJPcGVyYXRpb25UeXBlIjoiVXBzZXJ0RG5zUmVzb2x2ZXIiLCJPcGVyYXRpb25JZCI6ImY0NWFmNGEyLWMwMzUtNDI5NC04ODVlLTIxMjZjMTY4NDkzMCJ9\",\"name\":\"eyJPcGVyYXRpb25UeXBlIjoiVXBzZXJ0RG5zUmVzb2x2ZXIiLCJPcGVyYXRpb25JZCI6ImY0NWFmNGEyLWMwMzUtNDI5NC04ODVlLTIxMjZjMTY4NDkzMCJ9\",\"startTime\":\"2022-02-16T04:56:36.0000000Z\",\"endTime\":\"2022-02-16T04:56:41.0000000Z\",\"status\":\"Succeeded\"}",
      "isContentBase64": false
    }
  },
  "New-AzDnsForwardingRuleset+[NoContext]+Create new DNS forwarding ruleset+$GET+https://management.azure.com/subscriptions/0e5a46b1-de0b-4ec3-a5d7-dda908b4e076/resourceGroups/rg-dev-eastus2-sdk-powershell/providers/Microsoft.Network/dnsResolvers/psdnsresolvername24?api-version=2020-04-01-preview+3": {
    "Request": {
      "Method": "GET",
      "RequestUri": "https://management.azure.com/subscriptions/0e5a46b1-de0b-4ec3-a5d7-dda908b4e076/resourceGroups/rg-dev-eastus2-sdk-powershell/providers/Microsoft.Network/dnsResolvers/psdnsresolvername24?api-version=2020-04-01-preview",
      "Content": null,
      "isContentBase64": false,
      "Headers": {
        "Authorization": [ "[Filtered]" ],
        "x-ms-unique-id": [ "3" ],
        "x-ms-client-request-id": [ "1e5e8f90-813e-47b9-842e-656cc549424e" ],
        "CommandName": [ "New-AzDnsResolver" ],
        "FullCommandName": [ "New-AzDnsResolver_CreateExpanded" ],
        "ParameterSetName": [ "__AllParameterSets" ],
        "User-Agent": [ "AzurePowershell/Az4.0.0-preview" ]
      },
      "ContentHeaders": {
      }
    },
    "Response": {
      "StatusCode": 200,
      "Headers": {
        "Cache-Control": [ "no-cache" ],
        "Pragma": [ "no-cache" ],
        "x-ms-activity-id": [ "d0aec42a-7240-4a99-9eea-7d60a8a0815b" ],
        "x-ms-ratelimit-remaining-subscription-resource-requests": [ "499" ],
        "x-ms-request-id": [ "42a068e4-ff44-47a0-a942-16de30e72357" ],
        "x-ms-correlation-request-id": [ "42a068e4-ff44-47a0-a942-16de30e72357" ],
        "x-ms-routing-request-id": [ "CENTRALUS:20220216T045642Z:42a068e4-ff44-47a0-a942-16de30e72357" ],
        "Strict-Transport-Security": [ "max-age=31536000; includeSubDomains" ],
        "X-Content-Type-Options": [ "nosniff" ],
        "X-Cache": [ "CONFIG_NOCACHE" ],
        "X-MSEdge-Ref": [ "Ref A: 588F39DC0E9D407794FCB5F5B8634DA7 Ref B: YVR311000112039 Ref C: 2022-02-16T04:56:42Z" ],
        "Date": [ "Wed, 16 Feb 2022 04:56:42 GMT" ]
      },
      "ContentHeaders": {
        "Content-Length": [ "785" ],
        "Content-Type": [ "application/json; charset=utf-8" ],
        "Expires": [ "-1" ]
      },
      "Content": "{\"properties\":{\"virtualNetwork\":{\"id\":\"/subscriptions/0e5a46b1-de0b-4ec3-a5d7-dda908b4e076/resourceGroups/rg-dev-eastus2-sdk-powershell/providers/Microsoft.Network/virtualNetworks/psvirtualnetworkname24\"},\"dnsResolverState\":\"Connected\",\"provisioningState\":\"Succeeded\",\"resourceGuid\":\"d1969e70-6d1e-4fb5-bb3d-14e6d23e642a\"},\"etag\":\"\\\"0000da38-0000-0200-0000-620c84090000\\\"\",\"location\":\"eastus2\",\"id\":\"/subscriptions/0e5a46b1-de0b-4ec3-a5d7-dda908b4e076/resourceGroups/rg-dev-eastus2-sdk-powershell/providers/Microsoft.Network/dnsResolvers/psdnsresolvername24\",\"name\":\"psdnsresolvername24\",\"type\":\"Microsoft.Network/dnsResolvers\",\"systemData\":{\"createdAt\":\"2022-02-16T04:56:36.4342882Z\",\"createdByType\":\"User\",\"lastModifiedAt\":\"2022-02-16T04:56:36.4342882Z\",\"lastModifiedByType\":\"User\"}}",
      "isContentBase64": false
    }
  },
  "New-AzDnsForwardingRuleset+[NoContext]+Create new DNS forwarding ruleset+$PUT+https://management.azure.com/subscriptions/0e5a46b1-de0b-4ec3-a5d7-dda908b4e076/resourceGroups/rg-dev-eastus2-sdk-powershell/providers/Microsoft.Network/dnsResolvers/psdnsresolvername24/outboundEndpoints/psoutboundendpointname24?api-version=2020-04-01-preview+4": {
    "Request": {
      "Method": "PUT",
      "RequestUri": "https://management.azure.com/subscriptions/0e5a46b1-de0b-4ec3-a5d7-dda908b4e076/resourceGroups/rg-dev-eastus2-sdk-powershell/providers/Microsoft.Network/dnsResolvers/psdnsresolvername24/outboundEndpoints/psoutboundendpointname24?api-version=2020-04-01-preview",
      "Content": "{\r\n  \"location\": \"eastus2\",\r\n  \"properties\": {\r\n    \"subnet\": {\r\n      \"id\": \"/subscriptions/0e5a46b1-de0b-4ec3-a5d7-dda908b4e076/resourceGroups/rg-dev-eastus2-sdk-powershell/providers/Microsoft.Network/virtualNetworks/psvirtualnetworkname24/subnets/snet-sim2\"\r\n    }\r\n  }\r\n}",
      "isContentBase64": false,
      "Headers": {
      },
      "ContentHeaders": {
        "Content-Type": [ "application/json" ],
        "Content-Length": [ "275" ]
      }
    },
    "Response": {
      "StatusCode": 202,
      "Headers": {
        "Cache-Control": [ "no-cache" ],
        "Pragma": [ "no-cache" ],
        "Location": [ "https://management.azure.com/subscriptions/0e5a46b1-de0b-4ec3-a5d7-dda908b4e076/resourceGroups/rg-dev-eastus2-sdk-powershell/providers/Microsoft.Network/locations/eastus2/dnsResolverOperationResults/eyJPcGVyYXRpb25UeXBlIjoiVXBzZXJ0T3V0Ym91bmRFbmRwb2ludCIsIk9wZXJhdGlvbklkIjoiOGE0YjRhOWQtMTZmMy00NWM5LTk4ZDctZjRiMzkyYzNhMjgzIn0=?api-version=2020-04-01-preview" ],
        "Retry-After": [ "5" ],
        "x-ms-activity-id": [ "0acefa04-fc62-45b1-8c0f-227277481559" ],
        "Azure-AsyncOperation": [ "https://management.azure.com/subscriptions/0e5a46b1-de0b-4ec3-a5d7-dda908b4e076/resourceGroups/rg-dev-eastus2-sdk-powershell/providers/Microsoft.Network/locations/eastus2/dnsResolverOperationStatuses/eyJPcGVyYXRpb25UeXBlIjoiVXBzZXJ0T3V0Ym91bmRFbmRwb2ludCIsIk9wZXJhdGlvbklkIjoiOGE0YjRhOWQtMTZmMy00NWM5LTk4ZDctZjRiMzkyYzNhMjgzIn0=?api-version=2020-04-01-preview" ],
        "x-ms-ratelimit-remaining-subscription-resource-requests": [ "11999" ],
        "x-ms-request-id": [ "5385d5f9-2fa7-4300-9949-b85c8f7cbe18" ],
        "x-ms-correlation-request-id": [ "5385d5f9-2fa7-4300-9949-b85c8f7cbe18" ],
        "x-ms-routing-request-id": [ "CENTRALUS:20220216T045643Z:5385d5f9-2fa7-4300-9949-b85c8f7cbe18" ],
        "Strict-Transport-Security": [ "max-age=31536000; includeSubDomains" ],
        "X-Content-Type-Options": [ "nosniff" ],
        "X-Cache": [ "CONFIG_NOCACHE" ],
        "X-MSEdge-Ref": [ "Ref A: D9C71A43DDE3407F99F800D5417D2B8E Ref B: YVR311000112039 Ref C: 2022-02-16T04:56:42Z" ],
        "Date": [ "Wed, 16 Feb 2022 04:56:43 GMT" ]
      },
      "ContentHeaders": {
        "Content-Length": [ "2" ],
        "Content-Type": [ "application/json; charset=utf-8" ],
        "Expires": [ "-1" ]
      },
      "Content": "{}",
      "isContentBase64": false
    }
  },
  "New-AzDnsForwardingRuleset+[NoContext]+Create new DNS forwarding ruleset+$GET+https://management.azure.com/subscriptions/0e5a46b1-de0b-4ec3-a5d7-dda908b4e076/resourceGroups/rg-dev-eastus2-sdk-powershell/providers/Microsoft.Network/locations/eastus2/dnsResolverOperationStatuses/eyJPcGVyYXRpb25UeXBlIjoiVXBzZXJ0T3V0Ym91bmRFbmRwb2ludCIsIk9wZXJhdGlvbklkIjoiOGE0YjRhOWQtMTZmMy00NWM5LTk4ZDctZjRiMzkyYzNhMjgzIn0=?api-version=2020-04-01-preview+5": {
    "Request": {
      "Method": "GET",
      "RequestUri": "https://management.azure.com/subscriptions/0e5a46b1-de0b-4ec3-a5d7-dda908b4e076/resourceGroups/rg-dev-eastus2-sdk-powershell/providers/Microsoft.Network/locations/eastus2/dnsResolverOperationStatuses/eyJPcGVyYXRpb25UeXBlIjoiVXBzZXJ0T3V0Ym91bmRFbmRwb2ludCIsIk9wZXJhdGlvbklkIjoiOGE0YjRhOWQtMTZmMy00NWM5LTk4ZDctZjRiMzkyYzNhMjgzIn0=?api-version=2020-04-01-preview",
      "Content": null,
      "isContentBase64": false,
      "Headers": {
        "Authorization": [ "[Filtered]" ],
        "x-ms-unique-id": [ "5" ],
        "x-ms-client-request-id": [ "1c1abbcc-c0a7-4ab1-b2c1-d31fdde03151" ],
        "CommandName": [ "New-AzDnsResolverOutboundEndpoint" ],
        "FullCommandName": [ "New-AzDnsResolverOutboundEndpoint_CreateExpanded" ],
        "ParameterSetName": [ "__AllParameterSets" ],
        "User-Agent": [ "AzurePowershell/Az4.0.0-preview" ]
      },
      "ContentHeaders": {
      }
    },
    "Response": {
      "StatusCode": 200,
      "Headers": {
        "Cache-Control": [ "no-cache" ],
        "Pragma": [ "no-cache" ],
        "x-ms-activity-id": [ "f52defac-33f7-40ad-9d21-53a2bfe43841" ],
        "x-ms-ratelimit-remaining-subscription-resource-requests": [ "498" ],
        "x-ms-request-id": [ "49f68891-4673-4238-a4ce-060b3ef29bd1" ],
        "x-ms-correlation-request-id": [ "49f68891-4673-4238-a4ce-060b3ef29bd1" ],
        "x-ms-routing-request-id": [ "CENTRALUS:20220216T045649Z:49f68891-4673-4238-a4ce-060b3ef29bd1" ],
        "Strict-Transport-Security": [ "max-age=31536000; includeSubDomains" ],
        "X-Content-Type-Options": [ "nosniff" ],
        "X-Cache": [ "CONFIG_NOCACHE" ],
        "X-MSEdge-Ref": [ "Ref A: 3E2BE8E364844B4E811F3F5207C02EEF Ref B: YVR311000112039 Ref C: 2022-02-16T04:56:49Z" ],
        "Date": [ "Wed, 16 Feb 2022 04:56:49 GMT" ]
      },
      "ContentHeaders": {
        "Content-Length": [ "512" ],
        "Content-Type": [ "application/json; charset=utf-8" ],
        "Expires": [ "-1" ]
      },
      "Content": "{\"id\":\"/subscriptions/0e5a46b1-de0b-4ec3-a5d7-dda908b4e076/resourceGroups/rg-dev-eastus2-sdk-powershell/providers/Microsoft.Network/locations/eastus2/dnsResolverOperationStatuses/eyJPcGVyYXRpb25UeXBlIjoiVXBzZXJ0T3V0Ym91bmRFbmRwb2ludCIsIk9wZXJhdGlvbklkIjoiOGE0YjRhOWQtMTZmMy00NWM5LTk4ZDctZjRiMzkyYzNhMjgzIn0=\",\"name\":\"eyJPcGVyYXRpb25UeXBlIjoiVXBzZXJ0T3V0Ym91bmRFbmRwb2ludCIsIk9wZXJhdGlvbklkIjoiOGE0YjRhOWQtMTZmMy00NWM5LTk4ZDctZjRiMzkyYzNhMjgzIn0=\",\"startTime\":\"2022-02-16T04:56:43.0000000Z\",\"status\":\"InProgress\"}",
      "isContentBase64": false
    }
  },
  "New-AzDnsForwardingRuleset+[NoContext]+Create new DNS forwarding ruleset+$GET+https://management.azure.com/subscriptions/0e5a46b1-de0b-4ec3-a5d7-dda908b4e076/resourceGroups/rg-dev-eastus2-sdk-powershell/providers/Microsoft.Network/locations/eastus2/dnsResolverOperationStatuses/eyJPcGVyYXRpb25UeXBlIjoiVXBzZXJ0T3V0Ym91bmRFbmRwb2ludCIsIk9wZXJhdGlvbklkIjoiOGE0YjRhOWQtMTZmMy00NWM5LTk4ZDctZjRiMzkyYzNhMjgzIn0=?api-version=2020-04-01-preview+6": {
    "Request": {
      "Method": "GET",
      "RequestUri": "https://management.azure.com/subscriptions/0e5a46b1-de0b-4ec3-a5d7-dda908b4e076/resourceGroups/rg-dev-eastus2-sdk-powershell/providers/Microsoft.Network/locations/eastus2/dnsResolverOperationStatuses/eyJPcGVyYXRpb25UeXBlIjoiVXBzZXJ0T3V0Ym91bmRFbmRwb2ludCIsIk9wZXJhdGlvbklkIjoiOGE0YjRhOWQtMTZmMy00NWM5LTk4ZDctZjRiMzkyYzNhMjgzIn0=?api-version=2020-04-01-preview",
      "Content": null,
      "isContentBase64": false,
      "Headers": {
        "Authorization": [ "[Filtered]" ],
        "x-ms-unique-id": [ "6" ],
        "x-ms-client-request-id": [ "1c1abbcc-c0a7-4ab1-b2c1-d31fdde03151" ],
        "CommandName": [ "New-AzDnsResolverOutboundEndpoint" ],
        "FullCommandName": [ "New-AzDnsResolverOutboundEndpoint_CreateExpanded" ],
        "ParameterSetName": [ "__AllParameterSets" ],
        "User-Agent": [ "AzurePowershell/Az4.0.0-preview" ]
      },
      "ContentHeaders": {
      }
    },
    "Response": {
      "StatusCode": 200,
      "Headers": {
        "Cache-Control": [ "no-cache" ],
        "Pragma": [ "no-cache" ],
        "x-ms-activity-id": [ "a9e3e65c-6847-48a1-b488-8f492a9a385e" ],
        "x-ms-ratelimit-remaining-subscription-resource-requests": [ "497" ],
        "x-ms-request-id": [ "4814f685-383c-4d42-b40d-1d5318547a0f" ],
        "x-ms-correlation-request-id": [ "4814f685-383c-4d42-b40d-1d5318547a0f" ],
        "x-ms-routing-request-id": [ "CENTRALUS:20220216T045719Z:4814f685-383c-4d42-b40d-1d5318547a0f" ],
        "Strict-Transport-Security": [ "max-age=31536000; includeSubDomains" ],
        "X-Content-Type-Options": [ "nosniff" ],
        "X-Cache": [ "CONFIG_NOCACHE" ],
        "X-MSEdge-Ref": [ "Ref A: AA74F78D1D4348A782FEBC76327379DE Ref B: YVR311000112039 Ref C: 2022-02-16T04:57:19Z" ],
        "Date": [ "Wed, 16 Feb 2022 04:57:19 GMT" ]
      },
      "ContentHeaders": {
        "Content-Length": [ "552" ],
        "Content-Type": [ "application/json; charset=utf-8" ],
        "Expires": [ "-1" ]
      },
      "Content": "{\"id\":\"/subscriptions/0e5a46b1-de0b-4ec3-a5d7-dda908b4e076/resourceGroups/rg-dev-eastus2-sdk-powershell/providers/Microsoft.Network/locations/eastus2/dnsResolverOperationStatuses/eyJPcGVyYXRpb25UeXBlIjoiVXBzZXJ0T3V0Ym91bmRFbmRwb2ludCIsIk9wZXJhdGlvbklkIjoiOGE0YjRhOWQtMTZmMy00NWM5LTk4ZDctZjRiMzkyYzNhMjgzIn0=\",\"name\":\"eyJPcGVyYXRpb25UeXBlIjoiVXBzZXJ0T3V0Ym91bmRFbmRwb2ludCIsIk9wZXJhdGlvbklkIjoiOGE0YjRhOWQtMTZmMy00NWM5LTk4ZDctZjRiMzkyYzNhMjgzIn0=\",\"startTime\":\"2022-02-16T04:56:43.0000000Z\",\"endTime\":\"2022-02-16T04:56:55.0000000Z\",\"status\":\"Succeeded\"}",
      "isContentBase64": false
    }
  },
  "New-AzDnsForwardingRuleset+[NoContext]+Create new DNS forwarding ruleset+$GET+https://management.azure.com/subscriptions/0e5a46b1-de0b-4ec3-a5d7-dda908b4e076/resourceGroups/rg-dev-eastus2-sdk-powershell/providers/Microsoft.Network/dnsResolvers/psdnsresolvername24/outboundEndpoints/psoutboundendpointname24?api-version=2020-04-01-preview+7": {
    "Request": {
      "Method": "GET",
      "RequestUri": "https://management.azure.com/subscriptions/0e5a46b1-de0b-4ec3-a5d7-dda908b4e076/resourceGroups/rg-dev-eastus2-sdk-powershell/providers/Microsoft.Network/dnsResolvers/psdnsresolvername24/outboundEndpoints/psoutboundendpointname24?api-version=2020-04-01-preview",
      "Content": null,
      "isContentBase64": false,
      "Headers": {
        "Authorization": [ "[Filtered]" ],
        "x-ms-unique-id": [ "7" ],
        "x-ms-client-request-id": [ "1c1abbcc-c0a7-4ab1-b2c1-d31fdde03151" ],
        "CommandName": [ "New-AzDnsResolverOutboundEndpoint" ],
        "FullCommandName": [ "New-AzDnsResolverOutboundEndpoint_CreateExpanded" ],
        "ParameterSetName": [ "__AllParameterSets" ],
        "User-Agent": [ "AzurePowershell/Az4.0.0-preview" ]
      },
      "ContentHeaders": {
      }
    },
    "Response": {
      "StatusCode": 200,
      "Headers": {
        "Cache-Control": [ "no-cache" ],
        "Pragma": [ "no-cache" ],
        "x-ms-activity-id": [ "d7c0b2da-6dd1-46ef-ad87-57b45b0b42c3" ],
        "x-ms-ratelimit-remaining-subscription-resource-requests": [ "499" ],
        "x-ms-request-id": [ "281945fb-2125-4e47-948d-011fd515db2c" ],
        "x-ms-correlation-request-id": [ "281945fb-2125-4e47-948d-011fd515db2c" ],
        "x-ms-routing-request-id": [ "CENTRALUS:20220216T045720Z:281945fb-2125-4e47-948d-011fd515db2c" ],
        "Strict-Transport-Security": [ "max-age=31536000; includeSubDomains" ],
        "X-Content-Type-Options": [ "nosniff" ],
        "X-Cache": [ "CONFIG_NOCACHE" ],
        "X-MSEdge-Ref": [ "Ref A: F4F0DC34DE304E7E84FA0CCE929CC544 Ref B: YVR311000112039 Ref C: 2022-02-16T04:57:20Z" ],
        "Date": [ "Wed, 16 Feb 2022 04:57:20 GMT" ]
      },
      "ContentHeaders": {
        "Content-Length": [ "828" ],
        "Content-Type": [ "application/json; charset=utf-8" ],
        "Expires": [ "-1" ]
      },
      "Content": "{\"properties\":{\"subnet\":{\"id\":\"/subscriptions/0e5a46b1-de0b-4ec3-a5d7-dda908b4e076/resourceGroups/rg-dev-eastus2-sdk-powershell/providers/Microsoft.Network/virtualNetworks/psvirtualnetworkname24/subnets/snet-sim2\"},\"provisioningState\":\"Succeeded\",\"resourceGuid\":\"f74246d8-3b98-4c81-9a86-a67b20888293\"},\"etag\":\"\\\"0000d07e-0000-0200-0000-620c84160000\\\"\",\"location\":\"eastus2\",\"id\":\"/subscriptions/0e5a46b1-de0b-4ec3-a5d7-dda908b4e076/resourceGroups/rg-dev-eastus2-sdk-powershell/providers/Microsoft.Network/dnsResolvers/psdnsresolvername24/outboundEndpoints/psoutboundendpointname24\",\"name\":\"psoutboundendpointname24\",\"type\":\"Microsoft.Network/dnsResolvers/outboundEndpoints\",\"systemData\":{\"createdAt\":\"2022-02-16T04:56:43.843929Z\",\"createdByType\":\"User\",\"lastModifiedAt\":\"2022-02-16T04:56:43.843929Z\",\"lastModifiedByType\":\"User\"}}",
      "isContentBase64": false
    }
  },
  "New-AzDnsForwardingRuleset+[NoContext]+Create new DNS forwarding ruleset+$PUT+https://management.azure.com/subscriptions/0e5a46b1-de0b-4ec3-a5d7-dda908b4e076/resourceGroups/rg-dev-eastus2-sdk-powershell/providers/Microsoft.Network/dnsForwardingRulesets/psdnsforwardingrulesetname24?api-version=2020-04-01-preview+8": {
    "Request": {
      "Method": "PUT",
      "RequestUri": "https://management.azure.com/subscriptions/0e5a46b1-de0b-4ec3-a5d7-dda908b4e076/resourceGroups/rg-dev-eastus2-sdk-powershell/providers/Microsoft.Network/dnsForwardingRulesets/psdnsforwardingrulesetname24?api-version=2020-04-01-preview",
      "Content": "{\r\n  \"location\": \"eastus2\",\r\n  \"properties\": {\r\n    \"dnsResolverOutboundEndpoints\": [\r\n      {\r\n        \"id\": \"/subscriptions/0e5a46b1-de0b-4ec3-a5d7-dda908b4e076/resourceGroups/rg-dev-eastus2-sdk-powershell/providers/Microsoft.Network/dnsResolvers/psdnsresolvername24/outboundEndpoints/psoutboundendpointname24\"\r\n      }\r\n    ]\r\n  }\r\n}",
      "isContentBase64": false,
      "Headers": {
      },
      "ContentHeaders": {
        "Content-Type": [ "application/json" ],
        "Content-Length": [ "336" ]
      }
    },
    "Response": {
      "StatusCode": 202,
      "Headers": {
        "Cache-Control": [ "no-cache" ],
        "Pragma": [ "no-cache" ],
        "Location": [ "https://management.azure.com/subscriptions/0e5a46b1-de0b-4ec3-a5d7-dda908b4e076/resourceGroups/rg-dev-eastus2-sdk-powershell/providers/Microsoft.Network/locations/eastus2/dnsResolverOperationResults/eyJPcGVyYXRpb25UeXBlIjoiVXBzZXJ0RG5zRm9yd2FyZGluZ1J1bGVzZXQiLCJPcGVyYXRpb25JZCI6IjBmNmUzYWRkLTMzMWQtNDUzYi1hYWEyLTBkOGFlZTdhZGY3MCJ9?api-version=2020-04-01-preview" ],
        "Retry-After": [ "5" ],
        "x-ms-activity-id": [ "7eaeb256-b6d8-45a9-8df0-ff054c436734" ],
        "Azure-AsyncOperation": [ "https://management.azure.com/subscriptions/0e5a46b1-de0b-4ec3-a5d7-dda908b4e076/resourceGroups/rg-dev-eastus2-sdk-powershell/providers/Microsoft.Network/locations/eastus2/dnsResolverOperationStatuses/eyJPcGVyYXRpb25UeXBlIjoiVXBzZXJ0RG5zRm9yd2FyZGluZ1J1bGVzZXQiLCJPcGVyYXRpb25JZCI6IjBmNmUzYWRkLTMzMWQtNDUzYi1hYWEyLTBkOGFlZTdhZGY3MCJ9?api-version=2020-04-01-preview" ],
        "x-ms-ratelimit-remaining-subscription-resource-requests": [ "11999" ],
        "x-ms-request-id": [ "51677311-d03d-4a2b-94c3-97e79d56220f" ],
        "x-ms-correlation-request-id": [ "51677311-d03d-4a2b-94c3-97e79d56220f" ],
        "x-ms-routing-request-id": [ "CENTRALUS:20220216T045721Z:51677311-d03d-4a2b-94c3-97e79d56220f" ],
        "Strict-Transport-Security": [ "max-age=31536000; includeSubDomains" ],
        "X-Content-Type-Options": [ "nosniff" ],
        "X-Cache": [ "CONFIG_NOCACHE" ],
        "X-MSEdge-Ref": [ "Ref A: B2CAE0EC0482458C9FA99AEA60A859C1 Ref B: YVR311000112039 Ref C: 2022-02-16T04:57:20Z" ],
        "Date": [ "Wed, 16 Feb 2022 04:57:21 GMT" ]
      },
      "ContentHeaders": {
        "Content-Length": [ "2" ],
        "Content-Type": [ "application/json; charset=utf-8" ],
        "Expires": [ "-1" ]
      },
      "Content": "{}",
      "isContentBase64": false
    }
  },
  "New-AzDnsForwardingRuleset+[NoContext]+Create new DNS forwarding ruleset+$GET+https://management.azure.com/subscriptions/0e5a46b1-de0b-4ec3-a5d7-dda908b4e076/resourceGroups/rg-dev-eastus2-sdk-powershell/providers/Microsoft.Network/locations/eastus2/dnsResolverOperationStatuses/eyJPcGVyYXRpb25UeXBlIjoiVXBzZXJ0RG5zRm9yd2FyZGluZ1J1bGVzZXQiLCJPcGVyYXRpb25JZCI6IjBmNmUzYWRkLTMzMWQtNDUzYi1hYWEyLTBkOGFlZTdhZGY3MCJ9?api-version=2020-04-01-preview+9": {
    "Request": {
      "Method": "GET",
      "RequestUri": "https://management.azure.com/subscriptions/0e5a46b1-de0b-4ec3-a5d7-dda908b4e076/resourceGroups/rg-dev-eastus2-sdk-powershell/providers/Microsoft.Network/locations/eastus2/dnsResolverOperationStatuses/eyJPcGVyYXRpb25UeXBlIjoiVXBzZXJ0RG5zRm9yd2FyZGluZ1J1bGVzZXQiLCJPcGVyYXRpb25JZCI6IjBmNmUzYWRkLTMzMWQtNDUzYi1hYWEyLTBkOGFlZTdhZGY3MCJ9?api-version=2020-04-01-preview",
      "Content": null,
      "isContentBase64": false,
      "Headers": {
        "Authorization": [ "[Filtered]" ],
        "x-ms-unique-id": [ "9" ],
        "x-ms-client-request-id": [ "3ba7c428-69ae-48dc-a19f-96c8474a1747" ],
        "CommandName": [ "New-AzDnsForwardingRuleset" ],
        "FullCommandName": [ "New-AzDnsForwardingRuleset_CreateExpanded" ],
        "ParameterSetName": [ "__AllParameterSets" ],
        "User-Agent": [ "AzurePowershell/Az4.0.0-preview" ]
      },
      "ContentHeaders": {
      }
    },
    "Response": {
      "StatusCode": 200,
      "Headers": {
        "Cache-Control": [ "no-cache" ],
        "Pragma": [ "no-cache" ],
        "x-ms-activity-id": [ "65f2d53a-bb8b-4b61-b32e-88d1449099b1" ],
        "x-ms-ratelimit-remaining-subscription-resource-requests": [ "496" ],
        "x-ms-request-id": [ "d405d3c1-0552-43d2-9115-7c68fe27c455" ],
        "x-ms-correlation-request-id": [ "d405d3c1-0552-43d2-9115-7c68fe27c455" ],
        "x-ms-routing-request-id": [ "CENTRALUS:20220216T045727Z:d405d3c1-0552-43d2-9115-7c68fe27c455" ],
        "Strict-Transport-Security": [ "max-age=31536000; includeSubDomains" ],
        "X-Content-Type-Options": [ "nosniff" ],
        "X-Cache": [ "CONFIG_NOCACHE" ],
        "X-MSEdge-Ref": [ "Ref A: DB09EE91C3FE44588C4016982A2FCC9F Ref B: YVR311000112039 Ref C: 2022-02-16T04:57:26Z" ],
        "Date": [ "Wed, 16 Feb 2022 04:57:26 GMT" ]
      },
      "ContentHeaders": {
        "Content-Length": [ "560" ],
        "Content-Type": [ "application/json; charset=utf-8" ],
        "Expires": [ "-1" ]
      },
      "Content": "{\"id\":\"/subscriptions/0e5a46b1-de0b-4ec3-a5d7-dda908b4e076/resourceGroups/rg-dev-eastus2-sdk-powershell/providers/Microsoft.Network/locations/eastus2/dnsResolverOperationStatuses/eyJPcGVyYXRpb25UeXBlIjoiVXBzZXJ0RG5zRm9yd2FyZGluZ1J1bGVzZXQiLCJPcGVyYXRpb25JZCI6IjBmNmUzYWRkLTMzMWQtNDUzYi1hYWEyLTBkOGFlZTdhZGY3MCJ9\",\"name\":\"eyJPcGVyYXRpb25UeXBlIjoiVXBzZXJ0RG5zRm9yd2FyZGluZ1J1bGVzZXQiLCJPcGVyYXRpb25JZCI6IjBmNmUzYWRkLTMzMWQtNDUzYi1hYWEyLTBkOGFlZTdhZGY3MCJ9\",\"startTime\":\"2022-02-16T04:57:21.0000000Z\",\"endTime\":\"2022-02-16T04:57:24.0000000Z\",\"status\":\"Succeeded\"}",
      "isContentBase64": false
    }
  },
  "New-AzDnsForwardingRuleset+[NoContext]+Create new DNS forwarding ruleset+$GET+https://management.azure.com/subscriptions/0e5a46b1-de0b-4ec3-a5d7-dda908b4e076/resourceGroups/rg-dev-eastus2-sdk-powershell/providers/Microsoft.Network/dnsForwardingRulesets/psdnsforwardingrulesetname24?api-version=2020-04-01-preview+10": {
    "Request": {
      "Method": "GET",
      "RequestUri": "https://management.azure.com/subscriptions/0e5a46b1-de0b-4ec3-a5d7-dda908b4e076/resourceGroups/rg-dev-eastus2-sdk-powershell/providers/Microsoft.Network/dnsForwardingRulesets/psdnsforwardingrulesetname24?api-version=2020-04-01-preview",
      "Content": null,
      "isContentBase64": false,
      "Headers": {
        "Authorization": [ "[Filtered]" ],
        "x-ms-unique-id": [ "10" ],
        "x-ms-client-request-id": [ "3ba7c428-69ae-48dc-a19f-96c8474a1747" ],
        "CommandName": [ "New-AzDnsForwardingRuleset" ],
        "FullCommandName": [ "New-AzDnsForwardingRuleset_CreateExpanded" ],
        "ParameterSetName": [ "__AllParameterSets" ],
        "User-Agent": [ "AzurePowershell/Az4.0.0-preview" ]
      },
      "ContentHeaders": {
      }
    },
    "Response": {
      "StatusCode": 200,
      "Headers": {
        "Cache-Control": [ "no-cache" ],
        "Pragma": [ "no-cache" ],
        "x-ms-activity-id": [ "c39cf906-fcc1-4a4e-a9e6-2e6fa86b56ad" ],
        "x-ms-ratelimit-remaining-subscription-resource-requests": [ "499" ],
        "x-ms-request-id": [ "918039c6-6182-4bf1-a8b6-30c5946ba58b" ],
        "x-ms-correlation-request-id": [ "918039c6-6182-4bf1-a8b6-30c5946ba58b" ],
        "x-ms-routing-request-id": [ "CENTRALUS:20220216T045727Z:918039c6-6182-4bf1-a8b6-30c5946ba58b" ],
        "Strict-Transport-Security": [ "max-age=31536000; includeSubDomains" ],
        "X-Content-Type-Options": [ "nosniff" ],
        "X-Cache": [ "CONFIG_NOCACHE" ],
        "X-MSEdge-Ref": [ "Ref A: 0957E8F3767E4A28996B583B9B946583 Ref B: YVR311000112039 Ref C: 2022-02-16T04:57:27Z" ],
        "Date": [ "Wed, 16 Feb 2022 04:57:27 GMT" ]
      },
      "ContentHeaders": {
        "Content-Length": [ "843" ],
        "Content-Type": [ "application/json; charset=utf-8" ],
        "Expires": [ "-1" ]
      },
      "Content": "{\"properties\":{\"dnsResolverOutboundEndpoints\":[{\"id\":\"/subscriptions/0e5a46b1-de0b-4ec3-a5d7-dda908b4e076/resourceGroups/rg-dev-eastus2-sdk-powershell/providers/Microsoft.Network/dnsResolvers/psdnsresolvername24/outboundEndpoints/psoutboundendpointname24\"}],\"provisioningState\":\"Succeeded\",\"resourceGuid\":\"e0c534aa-3744-49ba-8cc7-0a3d63c07a58\"},\"etag\":\"\\\"0000967a-0000-0200-0000-620c84340000\\\"\",\"location\":\"eastus2\",\"id\":\"/subscriptions/0e5a46b1-de0b-4ec3-a5d7-dda908b4e076/resourceGroups/rg-dev-eastus2-sdk-powershell/providers/Microsoft.Network/dnsForwardingRulesets/psdnsforwardingrulesetname24\",\"name\":\"psdnsforwardingrulesetname24\",\"type\":\"Microsoft.Network/dnsForwardingRulesets\",\"systemData\":{\"createdAt\":\"2022-02-16T04:57:21.6329154Z\",\"createdByType\":\"User\",\"lastModifiedAt\":\"2022-02-16T04:57:21.6329154Z\",\"lastModifiedByType\":\"User\"}}",
      "isContentBase64": false
    }
  }
}