{
  "New-AzDnsResolverOutboundEndpoint+[NoContext]+Create new outbound endpoint with subnet, expect outbound endpoint created+$PUT+https://management.azure.com/subscriptions/0e5a46b1-de0b-4ec3-a5d7-dda908b4e076/resourceGroups/rg-dev-eastus2-sdk-powershell/providers/Microsoft.Network/dnsResolvers/psdnsresolvername20?api-version=2020-04-01-preview+1": {
    "Request": {
      "Method": "PUT",
      "RequestUri": "https://management.azure.com/subscriptions/0e5a46b1-de0b-4ec3-a5d7-dda908b4e076/resourceGroups/rg-dev-eastus2-sdk-powershell/providers/Microsoft.Network/dnsResolvers/psdnsresolvername20?api-version=2020-04-01-preview",
      "Content": "{\r\n  \"location\": \"eastus2\",\r\n  \"properties\": {\r\n    \"virtualNetwork\": {\r\n      \"id\": \"/subscriptions/0e5a46b1-de0b-4ec3-a5d7-dda908b4e076/resourceGroups/rg-dev-eastus2-sdk-powershell/providers/Microsoft.Network/virtualNetworks/psvirtualnetworkname20\"\r\n    }\r\n  }\r\n}",
      "isContentBase64": false,
      "Headers": {
      },
      "ContentHeaders": {
        "Content-Type": [ "application/json" ],
        "Content-Length": [ "265" ]
      }
    },
    "Response": {
      "StatusCode": 202,
      "Headers": {
        "Cache-Control": [ "no-cache" ],
        "Pragma": [ "no-cache" ],
        "Location": [ "https://management.azure.com/subscriptions/0e5a46b1-de0b-4ec3-a5d7-dda908b4e076/resourceGroups/rg-dev-eastus2-sdk-powershell/providers/Microsoft.Network/locations/eastus2/dnsResolverOperationResults/eyJPcGVyYXRpb25UeXBlIjoiVXBzZXJ0RG5zUmVzb2x2ZXIiLCJPcGVyYXRpb25JZCI6ImRiNzVhZDI0LWM4NjAtNDUxOC04NDNhLTc2MTllNDVjM2NlYiJ9?api-version=2020-04-01-preview" ],
        "Retry-After": [ "5" ],
        "x-ms-activity-id": [ "79c1bbe6-b872-48e2-b7db-666b348cf353" ],
        "Azure-AsyncOperation": [ "https://management.azure.com/subscriptions/0e5a46b1-de0b-4ec3-a5d7-dda908b4e076/resourceGroups/rg-dev-eastus2-sdk-powershell/providers/Microsoft.Network/locations/eastus2/dnsResolverOperationStatuses/eyJPcGVyYXRpb25UeXBlIjoiVXBzZXJ0RG5zUmVzb2x2ZXIiLCJPcGVyYXRpb25JZCI6ImRiNzVhZDI0LWM4NjAtNDUxOC04NDNhLTc2MTllNDVjM2NlYiJ9?api-version=2020-04-01-preview" ],
        "x-ms-ratelimit-remaining-subscription-resource-requests": [ "11999" ],
        "x-ms-request-id": [ "e5bf9b02-7e58-441e-9c75-f700dbd5eb0e" ],
        "x-ms-correlation-request-id": [ "e5bf9b02-7e58-441e-9c75-f700dbd5eb0e" ],
        "x-ms-routing-request-id": [ "CENTRALUS:20220216T020140Z:e5bf9b02-7e58-441e-9c75-f700dbd5eb0e" ],
        "Strict-Transport-Security": [ "max-age=31536000; includeSubDomains" ],
        "X-Content-Type-Options": [ "nosniff" ],
        "X-Cache": [ "CONFIG_NOCACHE" ],
        "X-MSEdge-Ref": [ "Ref A: B9FDAC4860DC49448B73D8C789D4BF3F Ref B: YVR311000110035 Ref C: 2022-02-16T02:01:38Z" ],
        "Date": [ "Wed, 16 Feb 2022 02:01:40 GMT" ]
      },
      "ContentHeaders": {
        "Content-Length": [ "2" ],
        "Content-Type": [ "application/json; charset=utf-8" ],
        "Expires": [ "-1" ]
      },
      "Content": "{}",
      "isContentBase64": false
    }
  },
  "New-AzDnsResolverOutboundEndpoint+[NoContext]+Create new outbound endpoint with subnet, expect outbound endpoint created+$GET+https://management.azure.com/subscriptions/0e5a46b1-de0b-4ec3-a5d7-dda908b4e076/resourceGroups/rg-dev-eastus2-sdk-powershell/providers/Microsoft.Network/locations/eastus2/dnsResolverOperationStatuses/eyJPcGVyYXRpb25UeXBlIjoiVXBzZXJ0RG5zUmVzb2x2ZXIiLCJPcGVyYXRpb25JZCI6ImRiNzVhZDI0LWM4NjAtNDUxOC04NDNhLTc2MTllNDVjM2NlYiJ9?api-version=2020-04-01-preview+2": {
    "Request": {
      "Method": "GET",
      "RequestUri": "https://management.azure.com/subscriptions/0e5a46b1-de0b-4ec3-a5d7-dda908b4e076/resourceGroups/rg-dev-eastus2-sdk-powershell/providers/Microsoft.Network/locations/eastus2/dnsResolverOperationStatuses/eyJPcGVyYXRpb25UeXBlIjoiVXBzZXJ0RG5zUmVzb2x2ZXIiLCJPcGVyYXRpb25JZCI6ImRiNzVhZDI0LWM4NjAtNDUxOC04NDNhLTc2MTllNDVjM2NlYiJ9?api-version=2020-04-01-preview",
      "Content": null,
      "isContentBase64": false,
      "Headers": {
        "Authorization": [ "[Filtered]" ],
        "x-ms-unique-id": [ "2" ],
        "x-ms-client-request-id": [ "3128b4ce-bd59-48c4-9f0b-101cb88ce74d" ],
        "CommandName": [ "New-AzDnsResolver" ],
        "FullCommandName": [ "New-AzDnsResolver_CreateExpanded" ],
        "ParameterSetName": [ "__AllParameterSets" ],
        "User-Agent": [ "AzurePowershell/Az4.0.0-preview" ]
      },
      "ContentHeaders": {
      }
    },
    "Response": {
      "StatusCode": 200,
      "Headers": {
        "Cache-Control": [ "no-cache" ],
        "Pragma": [ "no-cache" ],
        "x-ms-activity-id": [ "95ba718e-d809-47ec-9080-a5114b28180f" ],
        "x-ms-ratelimit-remaining-subscription-resource-requests": [ "499" ],
        "x-ms-request-id": [ "cf73e50e-5a24-4e77-ae82-3cccf95ccd7f" ],
        "x-ms-correlation-request-id": [ "cf73e50e-5a24-4e77-ae82-3cccf95ccd7f" ],
        "x-ms-routing-request-id": [ "CENTRALUS:20220216T020145Z:cf73e50e-5a24-4e77-ae82-3cccf95ccd7f" ],
        "Strict-Transport-Security": [ "max-age=31536000; includeSubDomains" ],
        "X-Content-Type-Options": [ "nosniff" ],
        "X-Cache": [ "CONFIG_NOCACHE" ],
        "X-MSEdge-Ref": [ "Ref A: 631BA14820FC4EE0B9F9168DDC73EBC9 Ref B: YVR311000110035 Ref C: 2022-02-16T02:01:45Z" ],
        "Date": [ "Wed, 16 Feb 2022 02:01:45 GMT" ]
      },
      "ContentHeaders": {
        "Content-Length": [ "536" ],
        "Content-Type": [ "application/json; charset=utf-8" ],
        "Expires": [ "-1" ]
      },
      "Content": "{\"id\":\"/subscriptions/0e5a46b1-de0b-4ec3-a5d7-dda908b4e076/resourceGroups/rg-dev-eastus2-sdk-powershell/providers/Microsoft.Network/locations/eastus2/dnsResolverOperationStatuses/eyJPcGVyYXRpb25UeXBlIjoiVXBzZXJ0RG5zUmVzb2x2ZXIiLCJPcGVyYXRpb25JZCI6ImRiNzVhZDI0LWM4NjAtNDUxOC04NDNhLTc2MTllNDVjM2NlYiJ9\",\"name\":\"eyJPcGVyYXRpb25UeXBlIjoiVXBzZXJ0RG5zUmVzb2x2ZXIiLCJPcGVyYXRpb25JZCI6ImRiNzVhZDI0LWM4NjAtNDUxOC04NDNhLTc2MTllNDVjM2NlYiJ9\",\"startTime\":\"2022-02-16T02:01:40.0000000Z\",\"endTime\":\"2022-02-16T02:01:41.0000000Z\",\"status\":\"Succeeded\"}",
      "isContentBase64": false
    }
  },
  "New-AzDnsResolverOutboundEndpoint+[NoContext]+Create new outbound endpoint with subnet, expect outbound endpoint created+$GET+https://management.azure.com/subscriptions/0e5a46b1-de0b-4ec3-a5d7-dda908b4e076/resourceGroups/rg-dev-eastus2-sdk-powershell/providers/Microsoft.Network/dnsResolvers/psdnsresolvername20?api-version=2020-04-01-preview+3": {
    "Request": {
      "Method": "GET",
      "RequestUri": "https://management.azure.com/subscriptions/0e5a46b1-de0b-4ec3-a5d7-dda908b4e076/resourceGroups/rg-dev-eastus2-sdk-powershell/providers/Microsoft.Network/dnsResolvers/psdnsresolvername20?api-version=2020-04-01-preview",
      "Content": null,
      "isContentBase64": false,
      "Headers": {
        "Authorization": [ "[Filtered]" ],
        "x-ms-unique-id": [ "3" ],
        "x-ms-client-request-id": [ "3128b4ce-bd59-48c4-9f0b-101cb88ce74d" ],
        "CommandName": [ "New-AzDnsResolver" ],
        "FullCommandName": [ "New-AzDnsResolver_CreateExpanded" ],
        "ParameterSetName": [ "__AllParameterSets" ],
        "User-Agent": [ "AzurePowershell/Az4.0.0-preview" ]
      },
      "ContentHeaders": {
      }
    },
    "Response": {
      "StatusCode": 200,
      "Headers": {
        "Cache-Control": [ "no-cache" ],
        "Pragma": [ "no-cache" ],
        "x-ms-activity-id": [ "eadb21cb-21f9-48ca-a398-fc6e57ba9b2a" ],
        "x-ms-ratelimit-remaining-subscription-resource-requests": [ "499" ],
        "x-ms-request-id": [ "d7a4f089-522e-4c87-bf61-32fd1ebb7008" ],
        "x-ms-correlation-request-id": [ "d7a4f089-522e-4c87-bf61-32fd1ebb7008" ],
        "x-ms-routing-request-id": [ "CENTRALUS:20220216T020146Z:d7a4f089-522e-4c87-bf61-32fd1ebb7008" ],
        "Strict-Transport-Security": [ "max-age=31536000; includeSubDomains" ],
        "X-Content-Type-Options": [ "nosniff" ],
        "X-Cache": [ "CONFIG_NOCACHE" ],
        "X-MSEdge-Ref": [ "Ref A: 50442B99563043A4AC91F93CFA19D47B Ref B: YVR311000110035 Ref C: 2022-02-16T02:01:45Z" ],
        "Date": [ "Wed, 16 Feb 2022 02:01:45 GMT" ]
      },
      "ContentHeaders": {
        "Content-Length": [ "785" ],
        "Content-Type": [ "application/json; charset=utf-8" ],
        "Expires": [ "-1" ]
      },
      "Content": "{\"properties\":{\"virtualNetwork\":{\"id\":\"/subscriptions/0e5a46b1-de0b-4ec3-a5d7-dda908b4e076/resourceGroups/rg-dev-eastus2-sdk-powershell/providers/Microsoft.Network/virtualNetworks/psvirtualnetworkname20\"},\"dnsResolverState\":\"Connected\",\"provisioningState\":\"Succeeded\",\"resourceGuid\":\"a30567b4-f795-473a-9653-f7c7eee78740\"},\"etag\":\"\\\"00005b14-0000-0200-0000-620c5b050000\\\"\",\"location\":\"eastus2\",\"id\":\"/subscriptions/0e5a46b1-de0b-4ec3-a5d7-dda908b4e076/resourceGroups/rg-dev-eastus2-sdk-powershell/providers/Microsoft.Network/dnsResolvers/psdnsresolvername20\",\"name\":\"psdnsresolvername20\",\"type\":\"Microsoft.Network/dnsResolvers\",\"systemData\":{\"createdAt\":\"2022-02-16T02:00:26.5590393Z\",\"createdByType\":\"User\",\"lastModifiedAt\":\"2022-02-16T02:01:39.2757366Z\",\"lastModifiedByType\":\"User\"}}",
      "isContentBase64": false
    }
  },
  "New-AzDnsResolverOutboundEndpoint+[NoContext]+Create new outbound endpoint with subnet, expect outbound endpoint created+$PUT+https://management.azure.com/subscriptions/0e5a46b1-de0b-4ec3-a5d7-dda908b4e076/resourceGroups/rg-dev-eastus2-sdk-powershell/providers/Microsoft.Network/dnsResolvers/psdnsresolvername20/outboundEndpoints/psoutboundendpointname20?api-version=2020-04-01-preview+4": {
    "Request": {
      "Method": "PUT",
      "RequestUri": "https://management.azure.com/subscriptions/0e5a46b1-de0b-4ec3-a5d7-dda908b4e076/resourceGroups/rg-dev-eastus2-sdk-powershell/providers/Microsoft.Network/dnsResolvers/psdnsresolvername20/outboundEndpoints/psoutboundendpointname20?api-version=2020-04-01-preview",
      "Content": "{\r\n  \"location\": \"eastus2\",\r\n  \"properties\": {\r\n    \"subnet\": {\r\n      \"id\": \"/subscriptions/0e5a46b1-de0b-4ec3-a5d7-dda908b4e076/resourceGroups/rg-dev-eastus2-sdk-powershell/providers/Microsoft.Network/virtualNetworks/psvirtualnetworkname20/subnets/snet-sim2\"\r\n    }\r\n  }\r\n}",
      "isContentBase64": false,
      "Headers": {
      },
      "ContentHeaders": {
        "Content-Type": [ "application/json" ],
        "Content-Length": [ "275" ]
      }
    },
    "Response": {
      "StatusCode": 202,
      "Headers": {
        "Cache-Control": [ "no-cache" ],
        "Pragma": [ "no-cache" ],
        "Location": [ "https://management.azure.com/subscriptions/0e5a46b1-de0b-4ec3-a5d7-dda908b4e076/resourceGroups/rg-dev-eastus2-sdk-powershell/providers/Microsoft.Network/locations/eastus2/dnsResolverOperationResults/eyJPcGVyYXRpb25UeXBlIjoiVXBzZXJ0T3V0Ym91bmRFbmRwb2ludCIsIk9wZXJhdGlvbklkIjoiZmUzZDBiZDktYTNkZS00YjI2LTg3ODYtNmFlZTZjMjQxMTc3In0=?api-version=2020-04-01-preview" ],
        "Retry-After": [ "5" ],
        "x-ms-activity-id": [ "2089d60e-fb0f-4a5f-85b0-7914bda1fb74" ],
        "Azure-AsyncOperation": [ "https://management.azure.com/subscriptions/0e5a46b1-de0b-4ec3-a5d7-dda908b4e076/resourceGroups/rg-dev-eastus2-sdk-powershell/providers/Microsoft.Network/locations/eastus2/dnsResolverOperationStatuses/eyJPcGVyYXRpb25UeXBlIjoiVXBzZXJ0T3V0Ym91bmRFbmRwb2ludCIsIk9wZXJhdGlvbklkIjoiZmUzZDBiZDktYTNkZS00YjI2LTg3ODYtNmFlZTZjMjQxMTc3In0=?api-version=2020-04-01-preview" ],
        "x-ms-ratelimit-remaining-subscription-resource-requests": [ "11999" ],
        "x-ms-request-id": [ "0a747eff-464d-490b-a110-c97d63695209" ],
        "x-ms-correlation-request-id": [ "0a747eff-464d-490b-a110-c97d63695209" ],
        "x-ms-routing-request-id": [ "CENTRALUS:20220216T020150Z:0a747eff-464d-490b-a110-c97d63695209" ],
        "Strict-Transport-Security": [ "max-age=31536000; includeSubDomains" ],
        "X-Content-Type-Options": [ "nosniff" ],
        "X-Cache": [ "CONFIG_NOCACHE" ],
        "X-MSEdge-Ref": [ "Ref A: D94C1C18A50342C3801B4099BF786774 Ref B: YVR311000110035 Ref C: 2022-02-16T02:01:46Z" ],
        "Date": [ "Wed, 16 Feb 2022 02:01:50 GMT" ]
      },
      "ContentHeaders": {
        "Content-Length": [ "2" ],
        "Content-Type": [ "application/json; charset=utf-8" ],
        "Expires": [ "-1" ]
      },
      "Content": "{}",
      "isContentBase64": false
    }
  },
  "New-AzDnsResolverOutboundEndpoint+[NoContext]+Create new outbound endpoint with subnet, expect outbound endpoint created+$GET+https://management.azure.com/subscriptions/0e5a46b1-de0b-4ec3-a5d7-dda908b4e076/resourceGroups/rg-dev-eastus2-sdk-powershell/providers/Microsoft.Network/locations/eastus2/dnsResolverOperationStatuses/eyJPcGVyYXRpb25UeXBlIjoiVXBzZXJ0T3V0Ym91bmRFbmRwb2ludCIsIk9wZXJhdGlvbklkIjoiZmUzZDBiZDktYTNkZS00YjI2LTg3ODYtNmFlZTZjMjQxMTc3In0=?api-version=2020-04-01-preview+5": {
    "Request": {
      "Method": "GET",
      "RequestUri": "https://management.azure.com/subscriptions/0e5a46b1-de0b-4ec3-a5d7-dda908b4e076/resourceGroups/rg-dev-eastus2-sdk-powershell/providers/Microsoft.Network/locations/eastus2/dnsResolverOperationStatuses/eyJPcGVyYXRpb25UeXBlIjoiVXBzZXJ0T3V0Ym91bmRFbmRwb2ludCIsIk9wZXJhdGlvbklkIjoiZmUzZDBiZDktYTNkZS00YjI2LTg3ODYtNmFlZTZjMjQxMTc3In0=?api-version=2020-04-01-preview",
      "Content": null,
      "isContentBase64": false,
      "Headers": {
        "Authorization": [ "[Filtered]" ],
        "x-ms-unique-id": [ "5" ],
        "x-ms-client-request-id": [ "78930949-c0dd-4487-b745-8372fb53dfac" ],
        "CommandName": [ "New-AzDnsResolverOutboundEndpoint" ],
        "FullCommandName": [ "New-AzDnsResolverOutboundEndpoint_CreateExpanded" ],
        "ParameterSetName": [ "__AllParameterSets" ],
        "User-Agent": [ "AzurePowershell/Az4.0.0-preview" ]
      },
      "ContentHeaders": {
      }
    },
    "Response": {
      "StatusCode": 200,
      "Headers": {
        "Cache-Control": [ "no-cache" ],
        "Pragma": [ "no-cache" ],
        "x-ms-activity-id": [ "1d7cdf6f-1fb5-406d-94f6-5aeefb5a98ce" ],
        "x-ms-ratelimit-remaining-subscription-resource-requests": [ "498" ],
        "x-ms-request-id": [ "71653246-eeae-4d2b-b989-cf1f0a1dcba3" ],
        "x-ms-correlation-request-id": [ "71653246-eeae-4d2b-b989-cf1f0a1dcba3" ],
        "x-ms-routing-request-id": [ "CENTRALUS:20220216T020155Z:71653246-eeae-4d2b-b989-cf1f0a1dcba3" ],
        "Strict-Transport-Security": [ "max-age=31536000; includeSubDomains" ],
        "X-Content-Type-Options": [ "nosniff" ],
        "X-Cache": [ "CONFIG_NOCACHE" ],
        "X-MSEdge-Ref": [ "Ref A: 6DB99BF7D77647D29E691B500105A523 Ref B: YVR311000110035 Ref C: 2022-02-16T02:01:55Z" ],
        "Date": [ "Wed, 16 Feb 2022 02:01:55 GMT" ]
      },
      "ContentHeaders": {
        "Content-Length": [ "512" ],
        "Content-Type": [ "application/json; charset=utf-8" ],
        "Expires": [ "-1" ]
      },
      "Content": "{\"id\":\"/subscriptions/0e5a46b1-de0b-4ec3-a5d7-dda908b4e076/resourceGroups/rg-dev-eastus2-sdk-powershell/providers/Microsoft.Network/locations/eastus2/dnsResolverOperationStatuses/eyJPcGVyYXRpb25UeXBlIjoiVXBzZXJ0T3V0Ym91bmRFbmRwb2ludCIsIk9wZXJhdGlvbklkIjoiZmUzZDBiZDktYTNkZS00YjI2LTg3ODYtNmFlZTZjMjQxMTc3In0=\",\"name\":\"eyJPcGVyYXRpb25UeXBlIjoiVXBzZXJ0T3V0Ym91bmRFbmRwb2ludCIsIk9wZXJhdGlvbklkIjoiZmUzZDBiZDktYTNkZS00YjI2LTg3ODYtNmFlZTZjMjQxMTc3In0=\",\"startTime\":\"2022-02-16T02:01:50.0000000Z\",\"status\":\"InProgress\"}",
      "isContentBase64": false
    }
  },
  "New-AzDnsResolverOutboundEndpoint+[NoContext]+Create new outbound endpoint with subnet, expect outbound endpoint created+$GET+https://management.azure.com/subscriptions/0e5a46b1-de0b-4ec3-a5d7-dda908b4e076/resourceGroups/rg-dev-eastus2-sdk-powershell/providers/Microsoft.Network/locations/eastus2/dnsResolverOperationStatuses/eyJPcGVyYXRpb25UeXBlIjoiVXBzZXJ0T3V0Ym91bmRFbmRwb2ludCIsIk9wZXJhdGlvbklkIjoiZmUzZDBiZDktYTNkZS00YjI2LTg3ODYtNmFlZTZjMjQxMTc3In0=?api-version=2020-04-01-preview+6": {
    "Request": {
      "Method": "GET",
      "RequestUri": "https://management.azure.com/subscriptions/0e5a46b1-de0b-4ec3-a5d7-dda908b4e076/resourceGroups/rg-dev-eastus2-sdk-powershell/providers/Microsoft.Network/locations/eastus2/dnsResolverOperationStatuses/eyJPcGVyYXRpb25UeXBlIjoiVXBzZXJ0T3V0Ym91bmRFbmRwb2ludCIsIk9wZXJhdGlvbklkIjoiZmUzZDBiZDktYTNkZS00YjI2LTg3ODYtNmFlZTZjMjQxMTc3In0=?api-version=2020-04-01-preview",
      "Content": null,
      "isContentBase64": false,
      "Headers": {
        "Authorization": [ "[Filtered]" ],
        "x-ms-unique-id": [ "6" ],
        "x-ms-client-request-id": [ "78930949-c0dd-4487-b745-8372fb53dfac" ],
        "CommandName": [ "New-AzDnsResolverOutboundEndpoint" ],
        "FullCommandName": [ "New-AzDnsResolverOutboundEndpoint_CreateExpanded" ],
        "ParameterSetName": [ "__AllParameterSets" ],
        "User-Agent": [ "AzurePowershell/Az4.0.0-preview" ]
      },
      "ContentHeaders": {
      }
    },
    "Response": {
      "StatusCode": 200,
      "Headers": {
        "Cache-Control": [ "no-cache" ],
        "Pragma": [ "no-cache" ],
        "x-ms-activity-id": [ "247832c3-0fd1-4443-b624-9d6f61f915d5" ],
        "x-ms-ratelimit-remaining-subscription-resource-requests": [ "497" ],
        "x-ms-request-id": [ "8aa26f6c-8e41-4444-afed-b233a8abf8ef" ],
        "x-ms-correlation-request-id": [ "8aa26f6c-8e41-4444-afed-b233a8abf8ef" ],
        "x-ms-routing-request-id": [ "CENTRALUS:20220216T020226Z:8aa26f6c-8e41-4444-afed-b233a8abf8ef" ],
        "Strict-Transport-Security": [ "max-age=31536000; includeSubDomains" ],
        "X-Content-Type-Options": [ "nosniff" ],
        "X-Cache": [ "CONFIG_NOCACHE" ],
        "X-MSEdge-Ref": [ "Ref A: 087EBAE32BDC433BABE901587EEE3EBB Ref B: YVR311000110035 Ref C: 2022-02-16T02:02:25Z" ],
        "Date": [ "Wed, 16 Feb 2022 02:02:25 GMT" ]
      },
      "ContentHeaders": {
        "Content-Length": [ "552" ],
        "Content-Type": [ "application/json; charset=utf-8" ],
        "Expires": [ "-1" ]
      },
      "Content": "{\"id\":\"/subscriptions/0e5a46b1-de0b-4ec3-a5d7-dda908b4e076/resourceGroups/rg-dev-eastus2-sdk-powershell/providers/Microsoft.Network/locations/eastus2/dnsResolverOperationStatuses/eyJPcGVyYXRpb25UeXBlIjoiVXBzZXJ0T3V0Ym91bmRFbmRwb2ludCIsIk9wZXJhdGlvbklkIjoiZmUzZDBiZDktYTNkZS00YjI2LTg3ODYtNmFlZTZjMjQxMTc3In0=\",\"name\":\"eyJPcGVyYXRpb25UeXBlIjoiVXBzZXJ0T3V0Ym91bmRFbmRwb2ludCIsIk9wZXJhdGlvbklkIjoiZmUzZDBiZDktYTNkZS00YjI2LTg3ODYtNmFlZTZjMjQxMTc3In0=\",\"startTime\":\"2022-02-16T02:01:50.0000000Z\",\"endTime\":\"2022-02-16T02:01:57.0000000Z\",\"status\":\"Succeeded\"}",
      "isContentBase64": false
    }
  },
  "New-AzDnsResolverOutboundEndpoint+[NoContext]+Create new outbound endpoint with subnet, expect outbound endpoint created+$GET+https://management.azure.com/subscriptions/0e5a46b1-de0b-4ec3-a5d7-dda908b4e076/resourceGroups/rg-dev-eastus2-sdk-powershell/providers/Microsoft.Network/dnsResolvers/psdnsresolvername20/outboundEndpoints/psoutboundendpointname20?api-version=2020-04-01-preview+7": {
    "Request": {
      "Method": "GET",
      "RequestUri": "https://management.azure.com/subscriptions/0e5a46b1-de0b-4ec3-a5d7-dda908b4e076/resourceGroups/rg-dev-eastus2-sdk-powershell/providers/Microsoft.Network/dnsResolvers/psdnsresolvername20/outboundEndpoints/psoutboundendpointname20?api-version=2020-04-01-preview",
      "Content": null,
      "isContentBase64": false,
      "Headers": {
        "Authorization": [ "[Filtered]" ],
        "x-ms-unique-id": [ "7" ],
        "x-ms-client-request-id": [ "78930949-c0dd-4487-b745-8372fb53dfac" ],
        "CommandName": [ "New-AzDnsResolverOutboundEndpoint" ],
        "FullCommandName": [ "New-AzDnsResolverOutboundEndpoint_CreateExpanded" ],
        "ParameterSetName": [ "__AllParameterSets" ],
        "User-Agent": [ "AzurePowershell/Az4.0.0-preview" ]
      },
      "ContentHeaders": {
      }
    },
    "Response": {
      "StatusCode": 200,
      "Headers": {
        "Cache-Control": [ "no-cache" ],
        "Pragma": [ "no-cache" ],
        "x-ms-activity-id": [ "6610a7d9-6a3f-42ef-988e-b257d9543067" ],
        "x-ms-ratelimit-remaining-subscription-resource-requests": [ "499" ],
        "x-ms-request-id": [ "de0c705e-5f9d-4e85-9af4-9e2bb9648554" ],
        "x-ms-correlation-request-id": [ "de0c705e-5f9d-4e85-9af4-9e2bb9648554" ],
        "x-ms-routing-request-id": [ "CENTRALUS:20220216T020226Z:de0c705e-5f9d-4e85-9af4-9e2bb9648554" ],
        "Strict-Transport-Security": [ "max-age=31536000; includeSubDomains" ],
        "X-Content-Type-Options": [ "nosniff" ],
        "X-Cache": [ "CONFIG_NOCACHE" ],
        "X-MSEdge-Ref": [ "Ref A: 217B0075F2F84E7C91E2033A62D2BCB6 Ref B: YVR311000110035 Ref C: 2022-02-16T02:02:26Z" ],
        "Date": [ "Wed, 16 Feb 2022 02:02:26 GMT" ]
      },
      "ContentHeaders": {
        "Content-Length": [ "830" ],
        "Content-Type": [ "application/json; charset=utf-8" ],
        "Expires": [ "-1" ]
      },
      "Content": "{\"properties\":{\"subnet\":{\"id\":\"/subscriptions/0e5a46b1-de0b-4ec3-a5d7-dda908b4e076/resourceGroups/rg-dev-eastus2-sdk-powershell/providers/Microsoft.Network/virtualNetworks/psvirtualnetworkname20/subnets/snet-sim2\"},\"provisioningState\":\"Succeeded\",\"resourceGuid\":\"1280b903-bf42-4df3-97a8-46ab7b8a4277\"},\"etag\":\"\\\"12006bfa-0000-0200-0000-620c5b140000\\\"\",\"location\":\"eastus2\",\"id\":\"/subscriptions/0e5a46b1-de0b-4ec3-a5d7-dda908b4e076/resourceGroups/rg-dev-eastus2-sdk-powershell/providers/Microsoft.Network/dnsResolvers/psdnsresolvername20/outboundEndpoints/psoutboundendpointname20\",\"name\":\"psoutboundendpointname20\",\"type\":\"Microsoft.Network/dnsResolvers/outboundEndpoints\",\"systemData\":{\"createdAt\":\"2022-02-16T02:01:50.1980984Z\",\"createdByType\":\"User\",\"lastModifiedAt\":\"2022-02-16T02:01:50.1980984Z\",\"lastModifiedByType\":\"User\"}}",
      "isContentBase64": false
    }
  }
}