{
  "Entries": [
    {
      "RequestUri": "/subscriptions/7b96cb02-4663-40f4-9a89-603d3849e46a/providers/Microsoft.Resources?api-version=2016-09-01",
      "EncodedRequestUri": "L3N1YnNjcmlwdGlvbnMvN2I5NmNiMDItNDY2My00MGY0LTlhODktNjAzZDM4NDllNDZhL3Byb3ZpZGVycy9NaWNyb3NvZnQuUmVzb3VyY2VzP2FwaS12ZXJzaW9uPTIwMTYtMDktMDE=",
      "RequestMethod": "GET",
      "RequestBody": "",
      "RequestHeaders": {
        "x-ms-client-request-id": [
          "9f228545-4e1f-4ddd-9ac0-67060597648a"
        ],
        "Accept-Language": [
          "en-US"
        ],
        "User-Agent": [
          "FxVersion/4.6.28207.03",
          "OSName/Windows",
          "OSVersion/Microsoft.Windows.10.0.14393.",
          "Microsoft.Azure.Management.Internal.Resources.ResourceManagementClient/1.3.4"
        ]
      },
      "ResponseHeaders": {
        "Cache-Control": [
          "no-cache"
        ],
        "Pragma": [
          "no-cache"
        ],
        "x-ms-ratelimit-remaining-subscription-reads": [
          "11999"
        ],
        "x-ms-request-id": [
          "19e8d103-be2b-4cf9-9686-e93f9e70989d"
        ],
        "x-ms-correlation-request-id": [
          "19e8d103-be2b-4cf9-9686-e93f9e70989d"
        ],
        "x-ms-routing-request-id": [
          "WESTUS:20200118T092438Z:19e8d103-be2b-4cf9-9686-e93f9e70989d"
        ],
        "Strict-Transport-Security": [
          "max-age=31536000; includeSubDomains"
        ],
        "X-Content-Type-Options": [
          "nosniff"
        ],
        "Date": [
          "Sat, 18 Jan 2020 09:24:38 GMT"
        ],
        "Content-Type": [
          "application/json; charset=utf-8"
        ],
        "Expires": [
          "-1"
        ],
        "Content-Length": [
          "9100"
        ]
      },
      "ResponseBody": "{\r\n  \"id\": \"/subscriptions/7b96cb02-4663-40f4-9a89-603d3849e46a/providers/Microsoft.Resources\",\r\n  \"namespace\": \"Microsoft.Resources\",\r\n  \"authorization\": {\r\n    \"applicationId\": \"3b990c8b-9607-4c2a-8b04-1d41985facca\"\r\n  },\r\n  \"resourceTypes\": [\r\n    {\r\n      \"resourceType\": \"tenants\",\r\n      \"locations\": [],\r\n      \"apiVersions\": [\r\n        \"2019-09-01\",\r\n        \"2019-05-01\",\r\n        \"2019-04-01\",\r\n        \"2019-03-01\",\r\n        \"2018-11-01\",\r\n        \"2018-09-01\",\r\n        \"2018-08-01\",\r\n        \"2018-07-01\",\r\n        \"2018-05-01\",\r\n        \"2018-02-01\",\r\n        \"2018-01-01\",\r\n        \"2017-08-01\",\r\n        \"2017-06-01\",\r\n        \"2017-05-10\",\r\n        \"2017-05-01\",\r\n        \"2017-03-01\",\r\n        \"2016-09-01\",\r\n        \"2016-07-01\",\r\n        \"2016-06-01\",\r\n        \"2016-02-01\",\r\n        \"2015-11-01\",\r\n        \"2015-01-01\",\r\n        \"2014-04-01-preview\"\r\n      ]\r\n    },\r\n    {\r\n      \"resourceType\": \"locations\",\r\n      \"locations\": [],\r\n      \"apiVersions\": [\r\n        \"2019-09-01\",\r\n        \"2019-05-01\",\r\n        \"2019-04-01\",\r\n        \"2019-03-01\",\r\n        \"2018-11-01\",\r\n        \"2018-09-01\",\r\n        \"2018-08-01\",\r\n        \"2018-07-01\",\r\n        \"2018-05-01\",\r\n        \"2018-02-01\",\r\n        \"2018-01-01\",\r\n        \"2017-08-01\",\r\n        \"2017-06-01\",\r\n        \"2017-05-10\",\r\n        \"2017-05-01\",\r\n        \"2017-03-01\",\r\n        \"2016-09-01\",\r\n        \"2016-07-01\",\r\n        \"2016-06-01\",\r\n        \"2016-02-01\",\r\n        \"2015-11-01\",\r\n        \"2015-01-01\",\r\n        \"2014-04-01-preview\"\r\n      ]\r\n    },\r\n    {\r\n      \"resourceType\": \"operationresults\",\r\n      \"locations\": [],\r\n      \"apiVersions\": [\r\n        \"2019-09-01\",\r\n        \"2019-05-01\",\r\n        \"2019-04-01\",\r\n        \"2019-03-01\",\r\n        \"2018-11-01\",\r\n        \"2018-09-01\",\r\n        \"2018-08-01\",\r\n        \"2018-07-01\",\r\n        \"2018-05-01\",\r\n        \"2018-02-01\",\r\n        \"2018-01-01\",\r\n        \"2017-08-01\",\r\n        \"2017-06-01\",\r\n        \"2017-05-10\",\r\n        \"2017-05-01\",\r\n        \"2017-03-01\",\r\n        \"2016-09-01\",\r\n        \"2016-07-01\",\r\n        \"2016-06-01\",\r\n        \"2016-02-01\",\r\n        \"2015-11-01\",\r\n        \"2015-01-01\",\r\n        \"2014-04-01-preview\"\r\n      ]\r\n    },\r\n    {\r\n      \"resourceType\": \"notifyResourceJobs\",\r\n      \"locations\": [],\r\n      \"apiVersions\": [\r\n        \"2019-09-01\",\r\n        \"2019-05-01\",\r\n        \"2019-04-01\",\r\n        \"2019-03-01\",\r\n        \"2018-11-01\",\r\n        \"2018-09-01\",\r\n        \"2018-08-01\",\r\n        \"2018-07-01\",\r\n        \"2018-05-01\",\r\n        \"2018-02-01\"\r\n      ]\r\n    },\r\n    {\r\n      \"resourceType\": \"tags\",\r\n      \"locations\": [],\r\n      \"apiVersions\": [\r\n        \"2019-10-01\",\r\n        \"2019-05-01\",\r\n        \"2019-04-01\",\r\n        \"2019-03-01\",\r\n        \"2018-11-01\"\r\n      ],\r\n      \"capabilities\": \"SupportsExtension\"\r\n    },\r\n    {\r\n      \"resourceType\": \"checkPolicyCompliance\",\r\n      \"locations\": [],\r\n      \"apiVersions\": [\r\n        \"2019-05-01\",\r\n        \"2019-04-01\",\r\n        \"2019-03-01\",\r\n        \"2018-11-01\",\r\n        \"2018-09-01\",\r\n        \"2018-08-01\",\r\n        \"2018-07-01\",\r\n        \"2018-05-01\",\r\n        \"2018-02-01\",\r\n        \"2018-01-01\",\r\n        \"2017-08-01\",\r\n        \"2017-06-01\",\r\n        \"2017-05-10\",\r\n        \"2017-05-01\",\r\n        \"2017-03-01\",\r\n        \"2016-09-01\",\r\n        \"2016-07-01\",\r\n        \"2016-06-01\",\r\n        \"2016-02-01\",\r\n        \"2015-11-01\",\r\n        \"2015-01-01\",\r\n        \"2014-04-01-preview\"\r\n      ]\r\n    },\r\n    {\r\n      \"resourceType\": \"providers\",\r\n      \"locations\": [],\r\n      \"apiVersions\": [\r\n        \"2019-05-01\",\r\n        \"2019-04-01\",\r\n        \"2019-03-01\",\r\n        \"2018-11-01\",\r\n        \"2018-09-01\",\r\n        \"2018-08-01\",\r\n        \"2018-07-01\",\r\n        \"2018-05-01\",\r\n        \"2018-02-01\",\r\n        \"2018-01-01\",\r\n        \"2017-08-01\",\r\n        \"2017-06-01\",\r\n        \"2017-05-10\",\r\n        \"2017-05-01\",\r\n        \"2017-03-01\",\r\n        \"2016-09-01\",\r\n        \"2016-07-01\",\r\n        \"2016-06-01\",\r\n        \"2016-02-01\",\r\n        \"2015-11-01\",\r\n        \"2015-01-01\",\r\n        \"2014-04-01-preview\"\r\n      ]\r\n    },\r\n    {\r\n      \"resourceType\": \"checkresourcename\",\r\n      \"locations\": [],\r\n      \"apiVersions\": [\r\n        \"2019-05-01\",\r\n        \"2019-04-01\",\r\n        \"2019-03-01\",\r\n        \"2018-11-01\",\r\n        \"2018-09-01\",\r\n        \"2018-08-01\",\r\n        \"2018-07-01\",\r\n        \"2018-05-01\",\r\n        \"2018-02-01\",\r\n        \"2018-01-01\",\r\n        \"2017-08-01\",\r\n        \"2017-06-01\",\r\n        \"2017-05-10\",\r\n        \"2017-05-01\",\r\n        \"2017-03-01\",\r\n        \"2016-09-01\",\r\n        \"2016-07-01\",\r\n        \"2016-06-01\",\r\n        \"2016-02-01\",\r\n        \"2015-11-01\",\r\n        \"2015-01-01\",\r\n        \"2014-04-01-preview\"\r\n      ]\r\n    },\r\n    {\r\n      \"resourceType\": \"resources\",\r\n      \"locations\": [],\r\n      \"apiVersions\": [\r\n        \"2019-09-01\",\r\n        \"2019-05-01\",\r\n        \"2019-04-01\",\r\n        \"2019-03-01\",\r\n        \"2018-11-01\",\r\n        \"2018-09-01\",\r\n        \"2018-08-01\",\r\n        \"2018-07-01\",\r\n        \"2018-05-01\",\r\n        \"2018-02-01\",\r\n        \"2018-01-01\",\r\n        \"2017-08-01\",\r\n        \"2017-06-01\",\r\n        \"2017-05-10\",\r\n        \"2017-05-01\",\r\n        \"2017-03-01\",\r\n        \"2016-09-01\",\r\n        \"2016-07-01\",\r\n        \"2016-06-01\",\r\n        \"2016-02-01\",\r\n        \"2015-11-01\",\r\n        \"2015-01-01\",\r\n        \"2014-04-01-preview\"\r\n      ]\r\n    },\r\n    {\r\n      \"resourceType\": \"subscriptions\",\r\n      \"locations\": [],\r\n      \"apiVersions\": [\r\n        \"2019-10-01\",\r\n        \"2019-09-01\",\r\n        \"2019-05-01\",\r\n        \"2019-04-01\",\r\n        \"2019-03-01\",\r\n        \"2018-11-01\",\r\n        \"2018-09-01\",\r\n        \"2018-08-01\",\r\n        \"2018-07-01\",\r\n        \"2018-05-01\",\r\n        \"2018-02-01\",\r\n        \"2018-01-01\",\r\n        \"2017-08-01\",\r\n        \"2017-06-01\",\r\n        \"2017-05-10\",\r\n        \"2017-05-01\",\r\n        \"2017-03-01\",\r\n        \"2016-09-01\",\r\n        \"2016-07-01\",\r\n        \"2016-06-01\",\r\n        \"2016-02-01\",\r\n        \"2015-11-01\",\r\n        \"2015-01-01\",\r\n        \"2014-04-01-preview\"\r\n      ]\r\n    },\r\n    {\r\n      \"resourceType\": \"subscriptions/resources\",\r\n      \"locations\": [],\r\n      \"apiVersions\": [\r\n        \"2019-09-01\",\r\n        \"2019-05-01\",\r\n        \"2019-04-01\",\r\n        \"2019-03-01\",\r\n        \"2018-11-01\",\r\n        \"2018-09-01\",\r\n        \"2018-08-01\",\r\n        \"2018-07-01\",\r\n        \"2018-05-01\",\r\n        \"2018-02-01\",\r\n        \"2018-01-01\",\r\n        \"2017-08-01\",\r\n        \"2017-06-01\",\r\n        \"2017-05-10\",\r\n        \"2017-05-01\",\r\n        \"2017-03-01\",\r\n        \"2016-09-01\",\r\n        \"2016-07-01\",\r\n        \"2016-06-01\",\r\n        \"2016-02-01\",\r\n        \"2015-11-01\",\r\n        \"2015-01-01\",\r\n        \"2014-04-01-preview\"\r\n      ]\r\n    },\r\n    {\r\n      \"resourceType\": \"subscriptions/providers\",\r\n      \"locations\": [],\r\n      \"apiVersions\": [\r\n        \"2019-05-01\",\r\n        \"2019-04-01\",\r\n        \"2019-03-01\",\r\n        \"2018-11-01\",\r\n        \"2018-09-01\",\r\n        \"2018-08-01\",\r\n        \"2018-07-01\",\r\n        \"2018-05-01\",\r\n        \"2018-02-01\",\r\n        \"2018-01-01\",\r\n        \"2017-08-01\",\r\n        \"2017-06-01\",\r\n        \"2017-05-10\",\r\n        \"2017-05-01\",\r\n        \"2017-03-01\",\r\n        \"2016-09-01\",\r\n        \"2016-07-01\",\r\n        \"2016-06-01\",\r\n        \"2016-02-01\",\r\n        \"2015-11-01\",\r\n        \"2015-01-01\",\r\n        \"2014-04-01-preview\"\r\n      ]\r\n    },\r\n    {\r\n      \"resourceType\": \"subscriptions/operationresults\",\r\n      \"locations\": [],\r\n      \"apiVersions\": [\r\n        \"2019-05-01\",\r\n        \"2019-04-01\",\r\n        \"2019-03-01\",\r\n        \"2018-11-01\",\r\n        \"2018-09-01\",\r\n        \"2018-08-01\",\r\n        \"2018-07-01\",\r\n        \"2018-05-01\",\r\n        \"2018-02-01\",\r\n        \"2018-01-01\",\r\n        \"2017-08-01\",\r\n        \"2017-06-01\",\r\n        \"2017-05-10\",\r\n        \"2017-05-01\",\r\n        \"2017-03-01\",\r\n        \"2016-09-01\",\r\n        \"2016-07-01\",\r\n        \"2016-06-01\",\r\n        \"2016-02-01\",\r\n        \"2015-11-01\",\r\n        \"2015-01-01\",\r\n        \"2014-04-01-preview\"\r\n      ]\r\n    },\r\n    {\r\n      \"resourceType\": \"resourceGroups\",\r\n      \"locations\": [\r\n        \"Central US\",\r\n        \"East Asia\",\r\n        \"Southeast Asia\",\r\n        \"East US\",\r\n        \"East US 2\",\r\n        \"West US\",\r\n        \"West US 2\",\r\n        \"North Central US\",\r\n        \"South Central US\",\r\n        \"West Central US\",\r\n        \"North Europe\",\r\n        \"West Europe\",\r\n        \"Japan East\",\r\n        \"Japan West\",\r\n        \"Brazil South\",\r\n        \"Australia Southeast\",\r\n        \"Australia East\",\r\n        \"West India\",\r\n        \"South India\",\r\n        \"Central India\",\r\n        \"Canada Central\",\r\n        \"Canada East\",\r\n        \"UK South\",\r\n        \"UK West\",\r\n        \"Korea Central\",\r\n        \"Korea South\",\r\n        \"France Central\",\r\n        \"South Africa North\",\r\n        \"UAE North\",\r\n        \"Australia Central\",\r\n        \"Switzerland North\",\r\n        \"East US 2 EUAP\",\r\n        \"Central US EUAP\"\r\n      ],\r\n      \"apiVersions\": [\r\n        \"2019-05-01\",\r\n        \"2019-04-01\",\r\n        \"2019-03-01\",\r\n        \"2018-11-01\",\r\n        \"2018-09-01\",\r\n        \"2018-08-01\",\r\n        \"2018-07-01\",\r\n        \"2018-05-01\",\r\n        \"2018-02-01\",\r\n        \"2018-01-01\",\r\n        \"2017-08-01\",\r\n        \"2017-06-01\",\r\n        \"2017-05-10\",\r\n        \"2017-05-01\",\r\n        \"2017-03-01\",\r\n        \"2016-09-01\",\r\n        \"2016-07-01\",\r\n        \"2016-06-01\",\r\n        \"2016-02-01\",\r\n        \"2015-11-01\",\r\n        \"2015-01-01\",\r\n        \"2014-04-01-preview\"\r\n      ]\r\n    },\r\n    {\r\n      \"resourceType\": \"subscriptions/resourceGroups\",\r\n      \"locations\": [\r\n        \"Central US\",\r\n        \"East Asia\",\r\n        \"Southeast Asia\",\r\n        \"East US\",\r\n        \"East US 2\",\r\n        \"West US\",\r\n        \"West US 2\",\r\n        \"North Central US\",\r\n        \"South Central US\",\r\n        \"West Central US\",\r\n        \"North Europe\",\r\n        \"West Europe\",\r\n        \"Japan East\",\r\n        \"Japan West\",\r\n        \"Brazil South\",\r\n        \"Australia Southeast\",\r\n        \"Australia East\",\r\n        \"West India\",\r\n        \"South India\",\r\n        \"Central India\",\r\n        \"Canada Central\",\r\n        \"Canada East\",\r\n        \"UK South\",\r\n        \"UK West\",\r\n        \"Korea Central\",\r\n        \"Korea South\",\r\n        \"France Central\",\r\n        \"South Africa North\",\r\n        \"UAE North\",\r\n        \"Australia Central\",\r\n        \"Switzerland North\",\r\n        \"East US 2 EUAP\",\r\n        \"Central US EUAP\"\r\n      ],\r\n      \"apiVersions\": [\r\n        \"2019-05-01\",\r\n        \"2019-04-01\",\r\n        \"2019-03-01\",\r\n        \"2018-11-01\",\r\n        \"2018-09-01\",\r\n        \"2018-08-01\",\r\n        \"2018-07-01\",\r\n        \"2018-05-01\",\r\n        \"2018-02-01\",\r\n        \"2018-01-01\",\r\n        \"2017-08-01\",\r\n        \"2017-06-01\",\r\n        \"2017-05-10\",\r\n        \"2017-05-01\",\r\n        \"2017-03-01\",\r\n        \"2016-09-01\",\r\n        \"2016-07-01\",\r\n        \"2016-06-01\",\r\n        \"2016-02-01\",\r\n        \"2015-11-01\",\r\n        \"2015-01-01\",\r\n        \"2014-04-01-preview\"\r\n      ]\r\n    },\r\n    {\r\n      \"resourceType\": \"subscriptions/resourcegroups/resources\",\r\n      \"locations\": [],\r\n      \"apiVersions\": [\r\n        \"2019-05-01\",\r\n        \"2019-04-01\",\r\n        \"2019-03-01\",\r\n        \"2018-11-01\",\r\n        \"2018-09-01\",\r\n        \"2018-08-01\",\r\n        \"2018-07-01\",\r\n        \"2018-05-01\",\r\n        \"2018-02-01\",\r\n        \"2018-01-01\",\r\n        \"2017-08-01\",\r\n        \"2017-06-01\",\r\n        \"2017-05-10\",\r\n        \"2017-05-01\",\r\n        \"2017-03-01\",\r\n        \"2016-09-01\",\r\n        \"2016-07-01\",\r\n        \"2016-06-01\",\r\n        \"2016-02-01\",\r\n        \"2015-11-01\",\r\n        \"2015-01-01\",\r\n        \"2014-04-01-preview\"\r\n      ]\r\n    },\r\n    {\r\n      \"resourceType\": \"subscriptions/locations\",\r\n      \"locations\": [],\r\n      \"apiVersions\": [\r\n        \"2019-05-01\",\r\n        \"2019-04-01\",\r\n        \"2019-03-01\",\r\n        \"2018-11-01\",\r\n        \"2018-09-01\",\r\n        \"2018-08-01\",\r\n        \"2018-07-01\",\r\n        \"2018-05-01\",\r\n        \"2018-02-01\",\r\n        \"2018-01-01\",\r\n        \"2017-08-01\",\r\n        \"2017-06-01\",\r\n        \"2017-05-10\",\r\n        \"2017-05-01\",\r\n        \"2017-03-01\",\r\n        \"2016-09-01\",\r\n        \"2016-07-01\",\r\n        \"2016-06-01\",\r\n        \"2016-02-01\",\r\n        \"2015-11-01\",\r\n        \"2015-01-01\",\r\n        \"2014-04-01-preview\"\r\n      ]\r\n    },\r\n    {\r\n      \"resourceType\": \"subscriptions/tagnames\",\r\n      \"locations\": [],\r\n      \"apiVersions\": [\r\n        \"2019-05-01\",\r\n        \"2019-04-01\",\r\n        \"2019-03-01\",\r\n        \"2018-11-01\",\r\n        \"2018-09-01\",\r\n        \"2018-08-01\",\r\n        \"2018-07-01\",\r\n        \"2018-05-01\",\r\n        \"2018-02-01\",\r\n        \"2018-01-01\",\r\n        \"2017-08-01\",\r\n        \"2017-06-01\",\r\n        \"2017-05-10\",\r\n        \"2017-05-01\",\r\n        \"2017-03-01\",\r\n        \"2016-09-01\",\r\n        \"2016-07-01\",\r\n        \"2016-06-01\",\r\n        \"2016-02-01\",\r\n        \"2015-11-01\",\r\n        \"2015-01-01\",\r\n        \"2014-04-01-preview\"\r\n      ]\r\n    },\r\n    {\r\n      \"resourceType\": \"subscriptions/tagNames/tagValues\",\r\n      \"locations\": [],\r\n      \"apiVersions\": [\r\n        \"2019-05-01\",\r\n        \"2019-04-01\",\r\n        \"2019-03-01\",\r\n        \"2018-11-01\",\r\n        \"2018-09-01\",\r\n        \"2018-08-01\",\r\n        \"2018-07-01\",\r\n        \"2018-05-01\",\r\n        \"2018-02-01\",\r\n        \"2018-01-01\",\r\n        \"2017-08-01\",\r\n        \"2017-06-01\",\r\n        \"2017-05-10\",\r\n        \"2017-05-01\",\r\n        \"2017-03-01\",\r\n        \"2016-09-01\",\r\n        \"2016-07-01\",\r\n        \"2016-06-01\",\r\n        \"2016-02-01\",\r\n        \"2015-11-01\",\r\n        \"2015-01-01\",\r\n        \"2014-04-01-preview\"\r\n      ]\r\n    },\r\n    {\r\n      \"resourceType\": \"deployments\",\r\n      \"locations\": [],\r\n      \"apiVersions\": [\r\n        \"2019-09-01\",\r\n        \"2019-05-01\",\r\n        \"2019-04-01\",\r\n        \"2019-03-01\",\r\n        \"2018-11-01\",\r\n        \"2018-09-01\",\r\n        \"2018-08-01\",\r\n        \"2018-07-01\",\r\n        \"2018-05-01\",\r\n        \"2018-02-01\",\r\n        \"2018-01-01\",\r\n        \"2017-08-01\",\r\n        \"2017-06-01\",\r\n        \"2017-05-10\",\r\n        \"2017-05-01\",\r\n        \"2017-03-01\",\r\n        \"2016-09-01\",\r\n        \"2016-07-01\",\r\n        \"2016-06-01\",\r\n        \"2016-02-01\",\r\n        \"2015-11-01\",\r\n        \"2015-01-01\",\r\n        \"2014-04-01-preview\"\r\n      ]\r\n    },\r\n    {\r\n      \"resourceType\": \"deployments/operations\",\r\n      \"locations\": [],\r\n      \"apiVersions\": [\r\n        \"2019-09-01\",\r\n        \"2019-05-01\",\r\n        \"2019-04-01\",\r\n        \"2019-03-01\",\r\n        \"2018-11-01\",\r\n        \"2018-09-01\",\r\n        \"2018-08-01\",\r\n        \"2018-07-01\",\r\n        \"2018-05-01\",\r\n        \"2018-02-01\",\r\n        \"2018-01-01\",\r\n        \"2017-08-01\",\r\n        \"2017-06-01\",\r\n        \"2017-05-10\",\r\n        \"2017-05-01\",\r\n        \"2017-03-01\",\r\n        \"2016-09-01\",\r\n        \"2016-07-01\",\r\n        \"2016-06-01\",\r\n        \"2016-02-01\",\r\n        \"2015-11-01\",\r\n        \"2015-01-01\",\r\n        \"2014-04-01-preview\"\r\n      ]\r\n    },\r\n    {\r\n      \"resourceType\": \"links\",\r\n      \"locations\": [],\r\n      \"apiVersions\": [\r\n        \"2019-05-01\",\r\n        \"2019-04-01\",\r\n        \"2019-03-01\",\r\n        \"2018-11-01\",\r\n        \"2018-09-01\",\r\n        \"2018-08-01\",\r\n        \"2018-07-01\",\r\n        \"2018-05-01\",\r\n        \"2018-02-01\",\r\n        \"2018-01-01\",\r\n        \"2017-08-01\",\r\n        \"2017-06-01\",\r\n        \"2017-05-10\",\r\n        \"2017-05-01\",\r\n        \"2017-03-01\",\r\n        \"2016-09-01\",\r\n        \"2016-07-01\",\r\n        \"2016-06-01\",\r\n        \"2016-02-01\",\r\n        \"2015-11-01\",\r\n        \"2015-01-01\",\r\n        \"2014-04-01-preview\"\r\n      ],\r\n      \"capabilities\": \"SupportsExtension\"\r\n    },\r\n    {\r\n      \"resourceType\": \"operations\",\r\n      \"locations\": [],\r\n      \"apiVersions\": [\r\n        \"2015-01-01\"\r\n      ]\r\n    }\r\n  ],\r\n  \"registrationState\": \"Registered\"\r\n}",
      "StatusCode": 200
    },
    {
      "RequestUri": "/subscriptions/7b96cb02-4663-40f4-9a89-603d3849e46a/providers/Microsoft.StorageSync?api-version=2016-09-01",
      "EncodedRequestUri": "L3N1YnNjcmlwdGlvbnMvN2I5NmNiMDItNDY2My00MGY0LTlhODktNjAzZDM4NDllNDZhL3Byb3ZpZGVycy9NaWNyb3NvZnQuU3RvcmFnZVN5bmM/YXBpLXZlcnNpb249MjAxNi0wOS0wMQ==",
      "RequestMethod": "GET",
      "RequestBody": "",
      "RequestHeaders": {
        "x-ms-client-request-id": [
          "d72f36b2-2412-4578-9ff3-5b1590b9261e"
        ],
        "Accept-Language": [
          "en-US"
        ],
        "User-Agent": [
          "FxVersion/4.6.28207.03",
          "OSName/Windows",
          "OSVersion/Microsoft.Windows.10.0.14393.",
          "Microsoft.Azure.Management.Internal.Resources.ResourceManagementClient/1.3.4"
        ]
      },
      "ResponseHeaders": {
        "Cache-Control": [
          "no-cache"
        ],
        "Pragma": [
          "no-cache"
        ],
        "x-ms-ratelimit-remaining-subscription-reads": [
          "11998"
        ],
        "x-ms-request-id": [
          "28e84d8c-79d9-4298-a50f-285d21565e97"
        ],
        "x-ms-correlation-request-id": [
          "28e84d8c-79d9-4298-a50f-285d21565e97"
        ],
        "x-ms-routing-request-id": [
          "WESTUS:20200118T092439Z:28e84d8c-79d9-4298-a50f-285d21565e97"
        ],
        "Strict-Transport-Security": [
          "max-age=31536000; includeSubDomains"
        ],
        "X-Content-Type-Options": [
          "nosniff"
        ],
        "Date": [
          "Sat, 18 Jan 2020 09:24:39 GMT"
        ],
        "Content-Type": [
          "application/json; charset=utf-8"
        ],
        "Expires": [
          "-1"
        ],
        "Content-Length": [
          "6161"
        ]
      },
      "ResponseBody": "{\r\n  \"id\": \"/subscriptions/7b96cb02-4663-40f4-9a89-603d3849e46a/providers/Microsoft.StorageSync\",\r\n  \"namespace\": \"Microsoft.StorageSync\",\r\n  \"authorizations\": [\r\n    {\r\n      \"applicationId\": \"9469b9f5-6722-4481-a2b2-14ed560b706f\"\r\n    }\r\n  ],\r\n  \"resourceTypes\": [\r\n    {\r\n      \"resourceType\": \"storageSyncServices\",\r\n      \"locations\": [\r\n        \"West Central US\",\r\n        \"West US\",\r\n        \"West Europe\",\r\n        \"North Europe\",\r\n        \"Southeast Asia\",\r\n        \"East Asia\",\r\n        \"Australia East\",\r\n        \"Australia Southeast\",\r\n        \"East US\",\r\n        \"Canada Central\",\r\n        \"Canada East\",\r\n        \"Central US\",\r\n        \"East US 2\",\r\n        \"UK South\",\r\n        \"UK West\",\r\n        \"Central India\",\r\n        \"South India\",\r\n        \"North Central US\",\r\n        \"South Central US\",\r\n        \"Brazil South\",\r\n        \"Japan East\",\r\n        \"Japan West\",\r\n        \"West US 2\",\r\n        \"Korea Central\",\r\n        \"Korea South\",\r\n        \"France Central\",\r\n        \"France South\",\r\n        \"South Africa North\",\r\n        \"South Africa West\",\r\n        \"UAE North\",\r\n        \"UAE Central\",\r\n        \"Central US EUAP\",\r\n        \"East US 2 EUAP\"\r\n      ],\r\n      \"apiVersions\": [\r\n        \"2019-06-01\",\r\n        \"2019-03-01\",\r\n        \"2019-02-01\",\r\n        \"2018-10-01\",\r\n        \"2018-07-01\",\r\n        \"2018-04-02\",\r\n        \"2018-01-01-preview\",\r\n        \"2017-06-05-preview\"\r\n      ],\r\n      \"capabilities\": \"CrossResourceGroupResourceMove, CrossSubscriptionResourceMove\"\r\n    },\r\n    {\r\n      \"resourceType\": \"storageSyncServices/syncGroups\",\r\n      \"locations\": [\r\n        \"West Central US\",\r\n        \"West US\",\r\n        \"West Europe\",\r\n        \"North Europe\",\r\n        \"Southeast Asia\",\r\n        \"East Asia\",\r\n        \"Australia East\",\r\n        \"Australia Southeast\",\r\n        \"East US\",\r\n        \"Canada Central\",\r\n        \"Canada East\",\r\n        \"Central US\",\r\n        \"East US 2\",\r\n        \"UK South\",\r\n        \"UK West\",\r\n        \"Central India\",\r\n        \"South India\",\r\n        \"North Central US\",\r\n        \"South Central US\",\r\n        \"Brazil South\",\r\n        \"Japan East\",\r\n        \"Japan West\",\r\n        \"West US 2\",\r\n        \"Korea Central\",\r\n        \"Korea South\",\r\n        \"France Central\",\r\n        \"France South\",\r\n        \"South Africa North\",\r\n        \"South Africa West\",\r\n        \"UAE North\",\r\n        \"UAE Central\",\r\n        \"Central US EUAP\",\r\n        \"East US 2 EUAP\"\r\n      ],\r\n      \"apiVersions\": [\r\n        \"2019-06-01\",\r\n        \"2019-03-01\",\r\n        \"2019-02-01\",\r\n        \"2018-10-01\",\r\n        \"2018-07-01\",\r\n        \"2018-04-02\",\r\n        \"2018-01-01-preview\",\r\n        \"2017-06-05-preview\"\r\n      ]\r\n    },\r\n    {\r\n      \"resourceType\": \"storageSyncServices/syncGroups/cloudEndpoints\",\r\n      \"locations\": [\r\n        \"West Central US\",\r\n        \"West US\",\r\n        \"West Europe\",\r\n        \"North Europe\",\r\n        \"Southeast Asia\",\r\n        \"East Asia\",\r\n        \"Australia East\",\r\n        \"Australia Southeast\",\r\n        \"East US\",\r\n        \"Canada Central\",\r\n        \"Canada East\",\r\n        \"Central US\",\r\n        \"East US 2\",\r\n        \"UK South\",\r\n        \"UK West\",\r\n        \"Central India\",\r\n        \"South India\",\r\n        \"North Central US\",\r\n        \"South Central US\",\r\n        \"Brazil South\",\r\n        \"Japan East\",\r\n        \"Japan West\",\r\n        \"West US 2\",\r\n        \"Korea Central\",\r\n        \"Korea South\",\r\n        \"France Central\",\r\n        \"France South\",\r\n        \"South Africa North\",\r\n        \"South Africa West\",\r\n        \"UAE North\",\r\n        \"UAE Central\",\r\n        \"Central US EUAP\",\r\n        \"East US 2 EUAP\"\r\n      ],\r\n      \"apiVersions\": [\r\n        \"2019-06-01\",\r\n        \"2019-03-01\",\r\n        \"2019-02-01\",\r\n        \"2018-10-01\",\r\n        \"2018-07-01\",\r\n        \"2018-04-02\",\r\n        \"2018-01-01-preview\",\r\n        \"2017-06-05-preview\"\r\n      ]\r\n    },\r\n    {\r\n      \"resourceType\": \"storageSyncServices/syncGroups/serverEndpoints\",\r\n      \"locations\": [\r\n        \"West Central US\",\r\n        \"West US\",\r\n        \"West Europe\",\r\n        \"North Europe\",\r\n        \"Southeast Asia\",\r\n        \"East Asia\",\r\n        \"Australia East\",\r\n        \"Australia Southeast\",\r\n        \"East US\",\r\n        \"Canada Central\",\r\n        \"Canada East\",\r\n        \"Central US\",\r\n        \"East US 2\",\r\n        \"UK South\",\r\n        \"UK West\",\r\n        \"Central India\",\r\n        \"South India\",\r\n        \"North Central US\",\r\n        \"South Central US\",\r\n        \"Brazil South\",\r\n        \"Japan East\",\r\n        \"Japan West\",\r\n        \"West US 2\",\r\n        \"Korea Central\",\r\n        \"Korea South\",\r\n        \"France Central\",\r\n        \"France South\",\r\n        \"South Africa North\",\r\n        \"South Africa West\",\r\n        \"UAE North\",\r\n        \"UAE Central\",\r\n        \"Central US EUAP\",\r\n        \"East US 2 EUAP\"\r\n      ],\r\n      \"apiVersions\": [\r\n        \"2019-06-01\",\r\n        \"2019-03-01\",\r\n        \"2019-02-01\",\r\n        \"2018-10-01\",\r\n        \"2018-07-01\",\r\n        \"2018-04-02\",\r\n        \"2018-01-01-preview\",\r\n        \"2017-06-05-preview\"\r\n      ]\r\n    },\r\n    {\r\n      \"resourceType\": \"storageSyncServices/registeredServers\",\r\n      \"locations\": [\r\n        \"West Central US\",\r\n        \"West US\",\r\n        \"West Europe\",\r\n        \"North Europe\",\r\n        \"Southeast Asia\",\r\n        \"East Asia\",\r\n        \"Australia East\",\r\n        \"Australia Southeast\",\r\n        \"East US\",\r\n        \"Canada Central\",\r\n        \"Canada East\",\r\n        \"Central US\",\r\n        \"East US 2\",\r\n        \"UK South\",\r\n        \"UK West\",\r\n        \"Central India\",\r\n        \"South India\",\r\n        \"North Central US\",\r\n        \"South Central US\",\r\n        \"Brazil South\",\r\n        \"Japan East\",\r\n        \"Japan West\",\r\n        \"West US 2\",\r\n        \"Korea Central\",\r\n        \"Korea South\",\r\n        \"France Central\",\r\n        \"France South\",\r\n        \"South Africa North\",\r\n        \"South Africa West\",\r\n        \"UAE North\",\r\n        \"UAE Central\",\r\n        \"Central US EUAP\",\r\n        \"East US 2 EUAP\"\r\n      ],\r\n      \"apiVersions\": [\r\n        \"2019-06-01\",\r\n        \"2019-03-01\",\r\n        \"2019-02-01\",\r\n        \"2018-10-01\",\r\n        \"2018-07-01\",\r\n        \"2018-04-02\",\r\n        \"2018-01-01-preview\",\r\n        \"2017-06-05-preview\"\r\n      ]\r\n    },\r\n    {\r\n      \"resourceType\": \"storageSyncServices/workflows\",\r\n      \"locations\": [\r\n        \"West Central US\",\r\n        \"West US\",\r\n        \"West Europe\",\r\n        \"North Europe\",\r\n        \"Southeast Asia\",\r\n        \"East Asia\",\r\n        \"Australia East\",\r\n        \"Australia Southeast\",\r\n        \"East US\",\r\n        \"Canada Central\",\r\n        \"Canada East\",\r\n        \"Central US\",\r\n        \"East US 2\",\r\n        \"UK South\",\r\n        \"UK West\",\r\n        \"Central India\",\r\n        \"South India\",\r\n        \"North Central US\",\r\n        \"South Central US\",\r\n        \"Brazil South\",\r\n        \"Japan East\",\r\n        \"Japan West\",\r\n        \"West US 2\",\r\n        \"Korea Central\",\r\n        \"Korea South\",\r\n        \"France Central\",\r\n        \"France South\",\r\n        \"South Africa North\",\r\n        \"South Africa West\",\r\n        \"UAE North\",\r\n        \"UAE Central\",\r\n        \"Central US EUAP\",\r\n        \"East US 2 EUAP\"\r\n      ],\r\n      \"apiVersions\": [\r\n        \"2019-06-01\",\r\n        \"2019-03-01\",\r\n        \"2019-02-01\",\r\n        \"2018-10-01\",\r\n        \"2018-07-01\",\r\n        \"2018-04-02\",\r\n        \"2018-01-01-preview\",\r\n        \"2017-06-05-preview\"\r\n      ]\r\n    },\r\n    {\r\n      \"resourceType\": \"operations\",\r\n      \"locations\": [],\r\n      \"apiVersions\": [\r\n        \"2019-06-01\",\r\n        \"2019-03-01\",\r\n        \"2019-02-01\",\r\n        \"2018-10-01\",\r\n        \"2018-07-01\",\r\n        \"2018-04-02\",\r\n        \"2018-01-01-preview\",\r\n        \"2017-06-05-preview\"\r\n      ]\r\n    },\r\n    {\r\n      \"resourceType\": \"locations\",\r\n      \"locations\": [],\r\n      \"apiVersions\": [\r\n        \"2019-06-01\",\r\n        \"2019-03-01\",\r\n        \"2019-02-01\",\r\n        \"2018-10-01\",\r\n        \"2018-07-01\",\r\n        \"2018-04-02\"\r\n      ]\r\n    },\r\n    {\r\n      \"resourceType\": \"locations/checkNameAvailability\",\r\n      \"locations\": [\r\n        \"West US\",\r\n        \"West Europe\",\r\n        \"North Europe\",\r\n        \"Southeast Asia\",\r\n        \"East Asia\",\r\n        \"Australia East\",\r\n        \"Australia Southeast\",\r\n        \"East US\",\r\n        \"Canada Central\",\r\n        \"Canada East\",\r\n        \"Central US\",\r\n        \"East US 2\",\r\n        \"UK South\",\r\n        \"UK West\",\r\n        \"Central India\",\r\n        \"South India\",\r\n        \"North Central US\",\r\n        \"South Central US\",\r\n        \"Brazil South\",\r\n        \"Japan East\",\r\n        \"Japan West\",\r\n        \"West Central US\",\r\n        \"West US 2\",\r\n        \"Korea Central\",\r\n        \"Korea South\",\r\n        \"France Central\",\r\n        \"France South\",\r\n        \"South Africa North\",\r\n        \"South Africa West\",\r\n        \"UAE North\",\r\n        \"UAE Central\",\r\n        \"Central US EUAP\",\r\n        \"East US 2 EUAP\"\r\n      ],\r\n      \"apiVersions\": [\r\n        \"2019-06-01\",\r\n        \"2019-03-01\",\r\n        \"2019-02-01\",\r\n        \"2018-10-01\",\r\n        \"2018-07-01\",\r\n        \"2018-04-02\"\r\n      ]\r\n    },\r\n    {\r\n      \"resourceType\": \"locations/workflows\",\r\n      \"locations\": [\r\n        \"West US\",\r\n        \"West Europe\",\r\n        \"North Europe\",\r\n        \"Southeast Asia\",\r\n        \"East Asia\",\r\n        \"Australia East\",\r\n        \"Australia Southeast\",\r\n        \"East US\",\r\n        \"Canada Central\",\r\n        \"Canada East\",\r\n        \"Central US\",\r\n        \"East US 2\",\r\n        \"UK South\",\r\n        \"UK West\",\r\n        \"Central India\",\r\n        \"South India\",\r\n        \"West Central US\",\r\n        \"West US 2\",\r\n        \"North Central US\",\r\n        \"South Central US\",\r\n        \"Brazil South\",\r\n        \"Japan East\",\r\n        \"Japan West\",\r\n        \"Korea Central\",\r\n        \"Korea South\",\r\n        \"France Central\",\r\n        \"France South\",\r\n        \"South Africa North\",\r\n        \"South Africa West\",\r\n        \"UAE North\",\r\n        \"UAE Central\",\r\n        \"Central US EUAP\",\r\n        \"East US 2 EUAP\"\r\n      ],\r\n      \"apiVersions\": [\r\n        \"2019-06-01\",\r\n        \"2019-03-01\",\r\n        \"2019-02-01\",\r\n        \"2018-10-01\",\r\n        \"2018-07-01\",\r\n        \"2018-04-02\"\r\n      ]\r\n    }\r\n  ],\r\n  \"registrationState\": \"Registered\"\r\n}",
      "StatusCode": 200
    },
    {
      "RequestUri": "/subscriptions/7b96cb02-4663-40f4-9a89-603d3849e46a/resourcegroups/ps6009?api-version=2016-09-01",
      "EncodedRequestUri": "L3N1YnNjcmlwdGlvbnMvN2I5NmNiMDItNDY2My00MGY0LTlhODktNjAzZDM4NDllNDZhL3Jlc291cmNlZ3JvdXBzL3BzNjAwOT9hcGktdmVyc2lvbj0yMDE2LTA5LTAx",
      "RequestMethod": "PUT",
      "RequestBody": "{\r\n  \"location\": \"West US\"\r\n}",
      "RequestHeaders": {
        "x-ms-client-request-id": [
          "b2d5c65b-9c92-4dec-a362-065ea91d6169"
        ],
        "Accept-Language": [
          "en-US"
        ],
        "User-Agent": [
          "FxVersion/4.6.28207.03",
          "OSName/Windows",
          "OSVersion/Microsoft.Windows.10.0.14393.",
          "Microsoft.Azure.Management.Internal.Resources.ResourceManagementClient/1.3.4"
        ],
        "Content-Type": [
          "application/json; charset=utf-8"
        ],
        "Content-Length": [
          "29"
        ]
      },
      "ResponseHeaders": {
        "Cache-Control": [
          "no-cache"
        ],
        "Pragma": [
          "no-cache"
        ],
        "x-ms-ratelimit-remaining-subscription-writes": [
          "1199"
        ],
        "x-ms-request-id": [
          "80275823-8d15-4a93-95da-353282313b35"
        ],
        "x-ms-correlation-request-id": [
          "80275823-8d15-4a93-95da-353282313b35"
        ],
        "x-ms-routing-request-id": [
          "WESTUS:20200118T092439Z:80275823-8d15-4a93-95da-353282313b35"
        ],
        "Strict-Transport-Security": [
          "max-age=31536000; includeSubDomains"
        ],
        "X-Content-Type-Options": [
          "nosniff"
        ],
        "Date": [
          "Sat, 18 Jan 2020 09:24:39 GMT"
        ],
        "Content-Length": [
          "165"
        ],
        "Content-Type": [
          "application/json; charset=utf-8"
        ],
        "Expires": [
          "-1"
        ]
      },
      "ResponseBody": "{\r\n  \"id\": \"/subscriptions/7b96cb02-4663-40f4-9a89-603d3849e46a/resourceGroups/ps6009\",\r\n  \"name\": \"ps6009\",\r\n  \"location\": \"westus\",\r\n  \"properties\": {\r\n    \"provisioningState\": \"Succeeded\"\r\n  }\r\n}",
      "StatusCode": 201
    },
    {
      "RequestUri": "/subscriptions/7b96cb02-4663-40f4-9a89-603d3849e46a/providers/Microsoft.StorageSync/locations/CentralUSEUAP/checkNameAvailability?api-version=2019-06-01",
      "EncodedRequestUri": "L3N1YnNjcmlwdGlvbnMvN2I5NmNiMDItNDY2My00MGY0LTlhODktNjAzZDM4NDllNDZhL3Byb3ZpZGVycy9NaWNyb3NvZnQuU3RvcmFnZVN5bmMvbG9jYXRpb25zL0NlbnRyYWxVU0VVQVAvY2hlY2tOYW1lQXZhaWxhYmlsaXR5P2FwaS12ZXJzaW9uPTIwMTktMDYtMDE=",
      "RequestMethod": "POST",
      "RequestBody": "{\r\n  \"name\": \"sssps5731\",\r\n  \"type\": \"Microsoft.StorageSync/storageSyncServices\"\r\n}",
      "RequestHeaders": {
        "x-ms-client-request-id": [
          "c0657b7b-3d7f-4262-ab44-2e3736c85b38"
        ],
        "Accept-Language": [
          "en-US"
        ],
        "User-Agent": [
          "FxVersion/4.6.28207.03",
          "OSName/Windows",
          "OSVersion/Microsoft.Windows.10.0.14393.",
          "Microsoft.Azure.Management.StorageSync.StorageSyncManagementClient/4.0.0.0"
        ],
        "Content-Type": [
          "application/json; charset=utf-8"
        ],
        "Content-Length": [
          "83"
        ]
      },
      "ResponseHeaders": {
        "Cache-Control": [
          "no-cache"
        ],
        "Pragma": [
          "no-cache"
        ],
        "x-ms-request-id": [
          "cdae9e95-d369-4bee-b307-415297653983"
        ],
        "X-Content-Type-Options": [
          "nosniff"
        ],
        "Strict-Transport-Security": [
          "max-age=31536000; includeSubDomains"
        ],
        "Server": [
          "Microsoft-IIS/10.0"
        ],
        "X-AspNet-Version": [
          "4.0.30319"
        ],
        "X-Powered-By": [
          "ASP.NET"
        ],
        "x-ms-ratelimit-remaining-subscription-writes": [
          "1199"
        ],
        "x-ms-correlation-request-id": [
          "e7027297-ae14-44c7-9922-8fd5471ec5b0"
        ],
        "x-ms-routing-request-id": [
          "WESTUS:20200118T092440Z:e7027297-ae14-44c7-9922-8fd5471ec5b0"
        ],
        "Date": [
          "Sat, 18 Jan 2020 09:24:39 GMT"
        ],
        "Content-Length": [
          "51"
        ],
        "Content-Type": [
          "application/json; charset=utf-8"
        ],
        "Expires": [
          "-1"
        ]
      },
      "ResponseBody": "{\r\n  \"nameAvailable\": true,\r\n  \"reason\": null,\r\n  \"message\": null\r\n}",
      "StatusCode": 200
    },
    {
      "RequestUri": "/subscriptions/7b96cb02-4663-40f4-9a89-603d3849e46a/resourceGroups/ps6009/providers/Microsoft.StorageSync/storageSyncServices/sssps5731?api-version=2019-06-01",
      "EncodedRequestUri": "L3N1YnNjcmlwdGlvbnMvN2I5NmNiMDItNDY2My00MGY0LTlhODktNjAzZDM4NDllNDZhL3Jlc291cmNlR3JvdXBzL3BzNjAwOS9wcm92aWRlcnMvTWljcm9zb2Z0LlN0b3JhZ2VTeW5jL3N0b3JhZ2VTeW5jU2VydmljZXMvc3NzcHM1NzMxP2FwaS12ZXJzaW9uPTIwMTktMDYtMDE=",
      "RequestMethod": "PUT",
      "RequestBody": "{\r\n  \"location\": \"Central US EUAP\",\r\n  \"tags\": {}\r\n}",
      "RequestHeaders": {
        "x-ms-client-request-id": [
          "9cba0929-c470-40c8-91cb-a16fbca23e6e"
        ],
        "Accept-Language": [
          "en-US"
        ],
        "User-Agent": [
          "FxVersion/4.6.28207.03",
          "OSName/Windows",
          "OSVersion/Microsoft.Windows.10.0.14393.",
          "Microsoft.Azure.Management.StorageSync.StorageSyncManagementClient/4.0.0.0"
        ],
        "Content-Type": [
          "application/json; charset=utf-8"
        ],
        "Content-Length": [
          "52"
        ]
      },
      "ResponseHeaders": {
        "Cache-Control": [
          "no-cache"
        ],
        "Pragma": [
          "no-cache"
        ],
        "x-ms-request-id": [
          "da8148c0-c138-422a-8173-fbeaac551f07"
        ],
        "X-Content-Type-Options": [
          "nosniff"
        ],
        "Strict-Transport-Security": [
          "max-age=31536000; includeSubDomains"
        ],
        "Server": [
          "Microsoft-IIS/10.0"
        ],
        "X-AspNet-Version": [
          "4.0.30319"
        ],
        "X-Powered-By": [
          "ASP.NET"
        ],
        "x-ms-ratelimit-remaining-subscription-writes": [
          "1199"
        ],
        "x-ms-correlation-request-id": [
          "d556b3de-f991-4c97-bbdc-5c95692ba7fd"
        ],
        "x-ms-routing-request-id": [
          "WESTUS:20200118T092441Z:d556b3de-f991-4c97-bbdc-5c95692ba7fd"
        ],
        "Date": [
          "Sat, 18 Jan 2020 09:24:40 GMT"
        ],
        "Content-Length": [
          "329"
        ],
        "Content-Type": [
          "application/json; charset=utf-8"
        ],
        "Expires": [
          "-1"
        ]
      },
      "ResponseBody": "{\r\n  \"properties\": {\r\n    \"storageSyncServiceStatus\": null,\r\n    \"storageSyncServiceUid\": null\r\n  },\r\n  \"location\": \"Central US EUAP\",\r\n  \"tags\": {},\r\n  \"id\": \"/subscriptions/7b96cb02-4663-40f4-9a89-603d3849e46a/resourceGroups/ps6009/providers/microsoft.storagesync/storageSyncServices/sssps5731\",\r\n  \"name\": \"sssps5731\",\r\n  \"type\": \"microsoft.storagesync/storageSyncServices\"\r\n}",
      "StatusCode": 200
    },
    {
      "RequestUri": "/subscriptions/7b96cb02-4663-40f4-9a89-603d3849e46a/resourceGroups/ps6009/providers/Microsoft.StorageSync/storageSyncServices/sssps5731?api-version=2019-06-01",
      "EncodedRequestUri": "L3N1YnNjcmlwdGlvbnMvN2I5NmNiMDItNDY2My00MGY0LTlhODktNjAzZDM4NDllNDZhL3Jlc291cmNlR3JvdXBzL3BzNjAwOS9wcm92aWRlcnMvTWljcm9zb2Z0LlN0b3JhZ2VTeW5jL3N0b3JhZ2VTeW5jU2VydmljZXMvc3NzcHM1NzMxP2FwaS12ZXJzaW9uPTIwMTktMDYtMDE=",
      "RequestMethod": "DELETE",
      "RequestBody": "",
      "RequestHeaders": {
        "x-ms-client-request-id": [
          "9fd04f44-7be9-4819-a3aa-2a0969edd8a0"
        ],
        "Accept-Language": [
          "en-US"
        ],
        "User-Agent": [
          "FxVersion/4.6.28207.03",
          "OSName/Windows",
          "OSVersion/Microsoft.Windows.10.0.14393.",
          "Microsoft.Azure.Management.StorageSync.StorageSyncManagementClient/4.0.0.0"
        ]
      },
      "ResponseHeaders": {
        "Cache-Control": [
          "no-cache"
        ],
        "Pragma": [
          "no-cache"
        ],
        "x-ms-request-id": [
          "3573d221-9f14-44f6-bfe0-8190d81e5f91"
        ],
        "X-Content-Type-Options": [
          "nosniff"
        ],
        "Strict-Transport-Security": [
          "max-age=31536000; includeSubDomains"
        ],
        "Server": [
          "Microsoft-IIS/10.0"
        ],
        "X-AspNet-Version": [
          "4.0.30319"
        ],
        "X-Powered-By": [
          "ASP.NET"
        ],
        "x-ms-ratelimit-remaining-subscription-deletes": [
          "14999"
        ],
        "x-ms-correlation-request-id": [
          "256ee200-28c0-4d09-b7e6-42fed3143ed0"
        ],
        "x-ms-routing-request-id": [
          "WESTUS:20200118T092442Z:256ee200-28c0-4d09-b7e6-42fed3143ed0"
        ],
        "Date": [
          "Sat, 18 Jan 2020 09:24:41 GMT"
        ],
        "Expires": [
          "-1"
        ],
        "Content-Length": [
          "0"
        ]
      },
      "ResponseBody": "",
      "StatusCode": 200
    },
    {
      "RequestUri": "/subscriptions/7b96cb02-4663-40f4-9a89-603d3849e46a/resourceGroups/ps6009/providers/Microsoft.StorageSync/storageSyncServices?api-version=2019-06-01",
      "EncodedRequestUri": "L3N1YnNjcmlwdGlvbnMvN2I5NmNiMDItNDY2My00MGY0LTlhODktNjAzZDM4NDllNDZhL3Jlc291cmNlR3JvdXBzL3BzNjAwOS9wcm92aWRlcnMvTWljcm9zb2Z0LlN0b3JhZ2VTeW5jL3N0b3JhZ2VTeW5jU2VydmljZXM/YXBpLXZlcnNpb249MjAxOS0wNi0wMQ==",
      "RequestMethod": "GET",
      "RequestBody": "",
      "RequestHeaders": {
        "x-ms-client-request-id": [
          "a61f58bc-4ec3-4991-8589-50956d5190b6"
        ],
        "Accept-Language": [
          "en-US"
        ],
        "User-Agent": [
          "FxVersion/4.6.28207.03",
          "OSName/Windows",
          "OSVersion/Microsoft.Windows.10.0.14393.",
          "Microsoft.Azure.Management.StorageSync.StorageSyncManagementClient/4.0.0.0"
        ]
      },
      "ResponseHeaders": {
        "Cache-Control": [
          "no-cache"
        ],
        "Pragma": [
          "no-cache"
        ],
        "x-ms-ratelimit-remaining-subscription-reads": [
          "11999"
        ],
        "x-ms-request-id": [
          "e66693df-7712-4803-b50a-b79b9034250c"
        ],
        "x-ms-correlation-request-id": [
          "e66693df-7712-4803-b50a-b79b9034250c"
        ],
        "x-ms-routing-request-id": [
          "WESTUS:20200118T092442Z:e66693df-7712-4803-b50a-b79b9034250c"
        ],
        "Strict-Transport-Security": [
          "max-age=31536000; includeSubDomains"
        ],
        "X-Content-Type-Options": [
          "nosniff"
        ],
        "Date": [
          "Sat, 18 Jan 2020 09:24:41 GMT"
        ],
        "Content-Type": [
          "application/json; charset=utf-8"
        ],
        "Expires": [
          "-1"
        ],
        "Content-Length": [
          "12"
        ]
      },
      "ResponseBody": "{\r\n  \"value\": []\r\n}",
      "StatusCode": 200
    },
    {
      "RequestUri": "/subscriptions/7b96cb02-4663-40f4-9a89-603d3849e46a/resourcegroups/ps6009?api-version=2016-09-01",
      "EncodedRequestUri": "L3N1YnNjcmlwdGlvbnMvN2I5NmNiMDItNDY2My00MGY0LTlhODktNjAzZDM4NDllNDZhL3Jlc291cmNlZ3JvdXBzL3BzNjAwOT9hcGktdmVyc2lvbj0yMDE2LTA5LTAx",
      "RequestMethod": "DELETE",
      "RequestBody": "",
      "RequestHeaders": {
        "x-ms-client-request-id": [
          "8c5410f2-4634-4c3d-8eb3-756fa537aa60"
        ],
        "Accept-Language": [
          "en-US"
        ],
        "User-Agent": [
          "FxVersion/4.6.28207.03",
          "OSName/Windows",
          "OSVersion/Microsoft.Windows.10.0.14393.",
          "Microsoft.Azure.Management.Internal.Resources.ResourceManagementClient/1.3.4"
        ]
      },
      "ResponseHeaders": {
        "Cache-Control": [
          "no-cache"
        ],
        "Pragma": [
          "no-cache"
        ],
        "Location": [
          "https://management.azure.com/subscriptions/7b96cb02-4663-40f4-9a89-603d3849e46a/operationresults/eyJqb2JJZCI6IlJFU09VUkNFR1JPVVBERUxFVElPTkpPQi1QUzYwMDktV0VTVFVTIiwiam9iTG9jYXRpb24iOiJ3ZXN0dXMifQ?api-version=2016-09-01"
        ],
        "Retry-After": [
          "15"
        ],
        "x-ms-ratelimit-remaining-subscription-deletes": [
          "14998"
        ],
        "x-ms-request-id": [
          "7089d012-dc53-4ff0-a17a-47eff66027fc"
        ],
        "x-ms-correlation-request-id": [
          "7089d012-dc53-4ff0-a17a-47eff66027fc"
        ],
        "x-ms-routing-request-id": [
          "WESTUS:20200118T092442Z:7089d012-dc53-4ff0-a17a-47eff66027fc"
        ],
        "Strict-Transport-Security": [
          "max-age=31536000; includeSubDomains"
        ],
        "X-Content-Type-Options": [
          "nosniff"
        ],
        "Date": [
          "Sat, 18 Jan 2020 09:24:42 GMT"
        ],
        "Expires": [
          "-1"
        ],
        "Content-Length": [
          "0"
        ]
      },
      "ResponseBody": "",
      "StatusCode": 202
    },
    {
      "RequestUri": "/subscriptions/7b96cb02-4663-40f4-9a89-603d3849e46a/operationresults/eyJqb2JJZCI6IlJFU09VUkNFR1JPVVBERUxFVElPTkpPQi1QUzYwMDktV0VTVFVTIiwiam9iTG9jYXRpb24iOiJ3ZXN0dXMifQ?api-version=2016-09-01",
      "EncodedRequestUri": "L3N1YnNjcmlwdGlvbnMvN2I5NmNiMDItNDY2My00MGY0LTlhODktNjAzZDM4NDllNDZhL29wZXJhdGlvbnJlc3VsdHMvZXlKcWIySkpaQ0k2SWxKRlUwOVZVa05GUjFKUFZWQkVSVXhGVkVsUFRrcFBRaTFRVXpZd01Ea3RWMFZUVkZWVElpd2lhbTlpVEc5allYUnBiMjRpT2lKM1pYTjBkWE1pZlE/YXBpLXZlcnNpb249MjAxNi0wOS0wMQ==",
      "RequestMethod": "GET",
      "RequestBody": "",
      "RequestHeaders": {
        "User-Agent": [
          "FxVersion/4.6.28207.03",
          "OSName/Windows",
          "OSVersion/Microsoft.Windows.10.0.14393.",
          "Microsoft.Azure.Management.Internal.Resources.ResourceManagementClient/1.3.4"
        ]
      },
      "ResponseHeaders": {
        "Cache-Control": [
          "no-cache"
        ],
        "Pragma": [
          "no-cache"
        ],
        "Location": [
          "https://management.azure.com/subscriptions/7b96cb02-4663-40f4-9a89-603d3849e46a/operationresults/eyJqb2JJZCI6IlJFU09VUkNFR1JPVVBERUxFVElPTkpPQi1QUzYwMDktV0VTVFVTIiwiam9iTG9jYXRpb24iOiJ3ZXN0dXMifQ?api-version=2016-09-01"
        ],
        "Retry-After": [
          "15"
        ],
        "x-ms-ratelimit-remaining-subscription-reads": [
          "11998"
        ],
        "x-ms-request-id": [
          "b27e5fbb-3775-4498-a998-75bd47231401"
        ],
        "x-ms-correlation-request-id": [
          "b27e5fbb-3775-4498-a998-75bd47231401"
        ],
        "x-ms-routing-request-id": [
          "WESTUS:20200118T092458Z:b27e5fbb-3775-4498-a998-75bd47231401"
        ],
        "Strict-Transport-Security": [
          "max-age=31536000; includeSubDomains"
        ],
        "X-Content-Type-Options": [
          "nosniff"
        ],
        "Date": [
          "Sat, 18 Jan 2020 09:24:58 GMT"
        ],
        "Expires": [
          "-1"
        ],
        "Content-Length": [
          "0"
        ]
      },
      "ResponseBody": "",
      "StatusCode": 202
    },
    {
      "RequestUri": "/subscriptions/7b96cb02-4663-40f4-9a89-603d3849e46a/operationresults/eyJqb2JJZCI6IlJFU09VUkNFR1JPVVBERUxFVElPTkpPQi1QUzYwMDktV0VTVFVTIiwiam9iTG9jYXRpb24iOiJ3ZXN0dXMifQ?api-version=2016-09-01",
      "EncodedRequestUri": "L3N1YnNjcmlwdGlvbnMvN2I5NmNiMDItNDY2My00MGY0LTlhODktNjAzZDM4NDllNDZhL29wZXJhdGlvbnJlc3VsdHMvZXlKcWIySkpaQ0k2SWxKRlUwOVZVa05GUjFKUFZWQkVSVXhGVkVsUFRrcFBRaTFRVXpZd01Ea3RWMFZUVkZWVElpd2lhbTlpVEc5allYUnBiMjRpT2lKM1pYTjBkWE1pZlE/YXBpLXZlcnNpb249MjAxNi0wOS0wMQ==",
      "RequestMethod": "GET",
      "RequestBody": "",
      "RequestHeaders": {
        "User-Agent": [
          "FxVersion/4.6.28207.03",
          "OSName/Windows",
          "OSVersion/Microsoft.Windows.10.0.14393.",
          "Microsoft.Azure.Management.Internal.Resources.ResourceManagementClient/1.3.4"
        ]
      },
      "ResponseHeaders": {
        "Cache-Control": [
          "no-cache"
        ],
        "Pragma": [
          "no-cache"
        ],
        "Location": [
          "https://management.azure.com/subscriptions/7b96cb02-4663-40f4-9a89-603d3849e46a/operationresults/eyJqb2JJZCI6IlJFU09VUkNFR1JPVVBERUxFVElPTkpPQi1QUzYwMDktV0VTVFVTIiwiam9iTG9jYXRpb24iOiJ3ZXN0dXMifQ?api-version=2016-09-01"
        ],
        "Retry-After": [
          "15"
        ],
        "x-ms-ratelimit-remaining-subscription-reads": [
          "11997"
        ],
        "x-ms-request-id": [
          "0a7bb7fe-302b-4a71-83e7-700a7cf1bb9e"
        ],
        "x-ms-correlation-request-id": [
          "0a7bb7fe-302b-4a71-83e7-700a7cf1bb9e"
        ],
        "x-ms-routing-request-id": [
          "WESTUS:20200118T092513Z:0a7bb7fe-302b-4a71-83e7-700a7cf1bb9e"
        ],
        "Strict-Transport-Security": [
          "max-age=31536000; includeSubDomains"
        ],
        "X-Content-Type-Options": [
          "nosniff"
        ],
        "Date": [
          "Sat, 18 Jan 2020 09:25:12 GMT"
        ],
        "Expires": [
          "-1"
        ],
        "Content-Length": [
          "0"
        ]
      },
      "ResponseBody": "",
      "StatusCode": 202
    },
    {
      "RequestUri": "/subscriptions/7b96cb02-4663-40f4-9a89-603d3849e46a/operationresults/eyJqb2JJZCI6IlJFU09VUkNFR1JPVVBERUxFVElPTkpPQi1QUzYwMDktV0VTVFVTIiwiam9iTG9jYXRpb24iOiJ3ZXN0dXMifQ?api-version=2016-09-01",
      "EncodedRequestUri": "L3N1YnNjcmlwdGlvbnMvN2I5NmNiMDItNDY2My00MGY0LTlhODktNjAzZDM4NDllNDZhL29wZXJhdGlvbnJlc3VsdHMvZXlKcWIySkpaQ0k2SWxKRlUwOVZVa05GUjFKUFZWQkVSVXhGVkVsUFRrcFBRaTFRVXpZd01Ea3RWMFZUVkZWVElpd2lhbTlpVEc5allYUnBiMjRpT2lKM1pYTjBkWE1pZlE/YXBpLXZlcnNpb249MjAxNi0wOS0wMQ==",
      "RequestMethod": "GET",
      "RequestBody": "",
      "RequestHeaders": {
        "User-Agent": [
          "FxVersion/4.6.28207.03",
          "OSName/Windows",
          "OSVersion/Microsoft.Windows.10.0.14393.",
          "Microsoft.Azure.Management.Internal.Resources.ResourceManagementClient/1.3.4"
        ]
      },
      "ResponseHeaders": {
        "Cache-Control": [
          "no-cache"
        ],
        "Pragma": [
          "no-cache"
        ],
        "x-ms-ratelimit-remaining-subscription-reads": [
          "11996"
        ],
        "x-ms-request-id": [
          "14c94994-722e-400b-bbb0-eb65b70be4f4"
        ],
        "x-ms-correlation-request-id": [
          "14c94994-722e-400b-bbb0-eb65b70be4f4"
        ],
        "x-ms-routing-request-id": [
          "WESTUS:20200118T092528Z:14c94994-722e-400b-bbb0-eb65b70be4f4"
        ],
        "Strict-Transport-Security": [
          "max-age=31536000; includeSubDomains"
        ],
        "X-Content-Type-Options": [
          "nosniff"
        ],
        "Date": [
          "Sat, 18 Jan 2020 09:25:27 GMT"
        ],
        "Expires": [
          "-1"
        ],
        "Content-Length": [
          "0"
        ]
      },
      "ResponseBody": "",
      "StatusCode": 200
    },
    {
      "RequestUri": "/subscriptions/7b96cb02-4663-40f4-9a89-603d3849e46a/operationresults/eyJqb2JJZCI6IlJFU09VUkNFR1JPVVBERUxFVElPTkpPQi1QUzYwMDktV0VTVFVTIiwiam9iTG9jYXRpb24iOiJ3ZXN0dXMifQ?api-version=2016-09-01",
      "EncodedRequestUri": "L3N1YnNjcmlwdGlvbnMvN2I5NmNiMDItNDY2My00MGY0LTlhODktNjAzZDM4NDllNDZhL29wZXJhdGlvbnJlc3VsdHMvZXlKcWIySkpaQ0k2SWxKRlUwOVZVa05GUjFKUFZWQkVSVXhGVkVsUFRrcFBRaTFRVXpZd01Ea3RWMFZUVkZWVElpd2lhbTlpVEc5allYUnBiMjRpT2lKM1pYTjBkWE1pZlE/YXBpLXZlcnNpb249MjAxNi0wOS0wMQ==",
      "RequestMethod": "GET",
      "RequestBody": "",
      "RequestHeaders": {
        "User-Agent": [
          "FxVersion/4.6.28207.03",
          "OSName/Windows",
          "OSVersion/Microsoft.Windows.10.0.14393.",
          "Microsoft.Azure.Management.Internal.Resources.ResourceManagementClient/1.3.4"
        ]
      },
      "ResponseHeaders": {
        "Cache-Control": [
          "no-cache"
        ],
        "Pragma": [
          "no-cache"
        ],
        "x-ms-ratelimit-remaining-subscription-reads": [
          "11995"
        ],
        "x-ms-request-id": [
          "adbe4a6b-0d3f-4dae-9b93-565b6f1e5601"
        ],
        "x-ms-correlation-request-id": [
          "adbe4a6b-0d3f-4dae-9b93-565b6f1e5601"
        ],
        "x-ms-routing-request-id": [
          "WESTUS:20200118T092528Z:adbe4a6b-0d3f-4dae-9b93-565b6f1e5601"
        ],
        "Strict-Transport-Security": [
          "max-age=31536000; includeSubDomains"
        ],
        "X-Content-Type-Options": [
          "nosniff"
        ],
        "Date": [
          "Sat, 18 Jan 2020 09:25:27 GMT"
        ],
        "Expires": [
          "-1"
        ],
        "Content-Length": [
          "0"
        ]
      },
      "ResponseBody": "",
      "StatusCode": 200
    }
  ],
  "Names": {
    "Test-NewStorageSyncService": [
      "ps6009",
      "ps5731"
    ]
  },
  "Variables": {
    "SubscriptionId": "7b96cb02-4663-40f4-9a89-603d3849e46a",
    "TenantId": "0483643a-cb2f-462a-bc27-1a270e5bdc0a",
    "Domain": ""
  }
}