{
  "Get-AzWvdPrivateLinkResource+[NoContext]+GetWorkspace+$PUT+https://management.azure.com/subscriptions/dbedef25-184c-430f-b383-0eeb87c3205d/resourceGroups/alecbUserSessionTests/providers/Microsoft.DesktopVirtualization/workspaces/WorkspacePowershellContained?api-version=2023-09-05+1": {
    "Request": {
      "Method": "PUT",
      "RequestUri": "https://management.azure.com/subscriptions/dbedef25-184c-430f-b383-0eeb87c3205d/resourceGroups/alecbUserSessionTests/providers/Microsoft.DesktopVirtualization/workspaces/WorkspacePowershellContained?api-version=2023-09-05",
      "Content": "{\r\n  \"location\": \"westus2\",\r\n  \"properties\": {\r\n    \"description\": \"des\",\r\n    \"friendlyName\": \"fri\"\r\n  }\r\n}",
      "isContentBase64": false,
      "Headers": {
      },
      "ContentHeaders": {
        "Content-Type": [ "application/json" ],
        "Content-Length": [ "108" ]
      }
    },
    "Response": {
      "StatusCode": 201,
      "Headers": {
        "Cache-Control": [ "no-cache" ],
        "Pragma": [ "no-cache" ],
        "Location": [ "/subscriptions/dbedef25-184c-430f-b383-0eeb87c3205d/resourcegroups/alecbUserSessionTests/providers/Microsoft.DesktopVirtualization/workspaces/WorkspacePowershellContained" ],
        "X-Rate-Limit-Limit": [ "0" ],
        "X-Rate-Limit-Remaining": [ "9223372036854775807" ],
        "X-Rate-Limit-Reset": [ "0" ],
        "x-ms-opsarmpath64": [ "L3N1YnNjcmlwdGlvbnMvZGJlZGVmMjUtMTg0Yy00MzBmLWIzODMtMGVlYjg3YzMyMDVkL3Jlc291cmNlR3JvdXBzL2FsZWNiVXNlclNlc3Npb25UZXN0cy9wcm92aWRlcnMvTWljcm9zb2Z0LkRlc2t0b3BWaXJ0dWFsaXphdGlvbi93b3Jrc3BhY2VzL1dvcmtzcGFjZVBvd2Vyc2hlbGxDb250YWluZWQ=" ],
        "x-ms-lamport-ts": [ "128842035" ],
        "x-ms-correlation-id": [ "c00ebfef-edf2-409a-8c74-bbeec46a761e" ],
        "x-ms-request-id": [ "c3a69195-ad24-4a3f-8c97-af4771bad9d5" ],
        "X-Content-Type-Options": [ "nosniff" ],
        "Set-Cookie": [ "ARRAffinity=136ead941a19baf9a74bd41f746b55cb14e4cf321e040e50f7bd8162d430922d;Path=/;HttpOnly;Secure;Domain=rdarmprovider-g-us-r0.wvdselfhost.microsoft.com", "ARRAffinitySameSite=136ead941a19baf9a74bd41f746b55cb14e4cf321e040e50f7bd8162d430922d;Path=/;HttpOnly;SameSite=None;Secure;Domain=rdarmprovider-g-us-r0.wvdselfhost.microsoft.com" ],
        "Server": [ "Microsoft-IIS/10.0" ],
        "X-Powered-By": [ "ASP.NET" ],
        "x-ms-ratelimit-remaining-subscription-writes": [ "1166" ],
        "x-ms-correlation-request-id": [ "44e8b1d4-8847-4bad-979e-ff15f722aaa3" ],
        "x-ms-routing-request-id": [ "WESTCENTRALUS:20230919T191926Z:44e8b1d4-8847-4bad-979e-ff15f722aaa3" ],
        "Strict-Transport-Security": [ "max-age=31536000; includeSubDomains" ],
        "Date": [ "Tue, 19 Sep 2023 19:19:26 GMT" ]
      },
      "ContentHeaders": {
        "Content-Length": [ "794" ],
        "Content-Type": [ "application/json; charset=utf-8" ],
        "Expires": [ "-1" ]
      },
      "Content": "{\"name\":\"WorkspacePowershellContained\",\"id\":\"/subscriptions/dbedef25-184c-430f-b383-0eeb87c3205d/resourcegroups/alecbUserSessionTests/providers/Microsoft.DesktopVirtualization/workspaces/WorkspacePowershellContained\",\"type\":\"Microsoft.DesktopVirtualization/workspaces\",\"location\":\"westus2\",\"tags\":null,\"kind\":null,\"systemData\":{\"createdBy\":\"admin@wvdtesttenant.onmicrosoft.com\",\"createdByType\":\"User\",\"createdAt\":\"2023-09-19T19:19:26.63Z\",\"lastModifiedBy\":\"admin@wvdtesttenant.onmicrosoft.com\",\"lastModifiedByType\":\"User\",\"lastModifiedAt\":\"2023-09-19T19:19:26.63Z\"},\"properties\":{\"privateEndpointConnections\":null,\"publicNetworkAccess\":\"Enabled\",\"description\":\"des\",\"friendlyName\":\"fri\",\"applicationGroupReferences\":[],\"cloudPcResource\":false,\"objectId\":\"63c5febb-9e47-4efa-878b-aed92d19cae3\"}}",
      "isContentBase64": false
    }
  },
  "Get-AzWvdPrivateLinkResource+[NoContext]+GetWorkspace+$GET+https://management.azure.com/subscriptions/dbedef25-184c-430f-b383-0eeb87c3205d/resourceGroups/alecbUserSessionTests/providers/Microsoft.DesktopVirtualization/workspaces/WorkspacePowershellContained/privateLinkResources?api-version=2023-09-05+2": {
    "Request": {
      "Method": "GET",
      "RequestUri": "https://management.azure.com/subscriptions/dbedef25-184c-430f-b383-0eeb87c3205d/resourceGroups/alecbUserSessionTests/providers/Microsoft.DesktopVirtualization/workspaces/WorkspacePowershellContained/privateLinkResources?api-version=2023-09-05",
      "Content": null,
      "isContentBase64": false,
      "Headers": {
        "x-ms-unique-id": [ "99" ],
        "x-ms-client-request-id": [ "1606c1fb-2721-44d6-810f-22e09d08669f" ],
        "CommandName": [ "Get-AzWvdPrivateLinkResource" ],
        "FullCommandName": [ "Get-AzWvdPrivateLinkResource_List" ],
        "ParameterSetName": [ "__AllParameterSets" ],
        "User-Agent": [ "AzurePowershell/v0.0.0", "PSVersion/v7.2.13", "Az.DesktopVirtualization/2.1.0" ],
        "Authorization": [ "[Filtered]" ]
      },
      "ContentHeaders": {
      }
    },
    "Response": {
      "StatusCode": 200,
      "Headers": {
        "Cache-Control": [ "no-cache" ],
        "Pragma": [ "no-cache" ],
        "Vary": [ "Accept-Encoding" ],
        "x-ms-ratelimit-remaining-subscription-reads": [ "11980" ],
        "X-Rate-Limit-Limit": [ "0" ],
        "X-Rate-Limit-Remaining": [ "9223372036854775807" ],
        "X-Rate-Limit-Reset": [ "0" ],
        "x-ms-opsarmpath64": [ "L3N1YnNjcmlwdGlvbnMvZGJlZGVmMjUtMTg0Yy00MzBmLWIzODMtMGVlYjg3YzMyMDVkL3Jlc291cmNlR3JvdXBzL2FsZWNiVXNlclNlc3Npb25UZXN0cy9wcm92aWRlcnMvTWljcm9zb2Z0LkRlc2t0b3BWaXJ0dWFsaXphdGlvbi93b3Jrc3BhY2VzL1dvcmtzcGFjZVBvd2Vyc2hlbGxDb250YWluZWQ=" ],
        "x-ms-lamport-ts": [ "128842039" ],
        "x-ms-correlation-id": [ "b9596d9b-575e-4395-8bf1-d67c8d768832" ],
        "x-ms-request-id": [ "1606c1fb-2721-44d6-810f-22e09d08669f" ],
        "X-Content-Type-Options": [ "nosniff" ],
        "Set-Cookie": [ "ARRAffinity=47e899d5dc0547d5646e3c2c0081ae2cb7fddd55609bf4af48732c4283928a51;Path=/;HttpOnly;Secure;Domain=rdarmprovider-g-us-r0.wvdselfhost.microsoft.com", "ARRAffinitySameSite=47e899d5dc0547d5646e3c2c0081ae2cb7fddd55609bf4af48732c4283928a51;Path=/;HttpOnly;SameSite=None;Secure;Domain=rdarmprovider-g-us-r0.wvdselfhost.microsoft.com" ],
        "Server": [ "Microsoft-IIS/10.0" ],
        "X-Powered-By": [ "ASP.NET" ],
        "x-ms-correlation-request-id": [ "5a8b589e-4d01-4b58-b451-b9c9905b6ed9" ],
        "x-ms-routing-request-id": [ "WESTCENTRALUS:20230919T191927Z:5a8b589e-4d01-4b58-b451-b9c9905b6ed9" ],
        "Strict-Transport-Security": [ "max-age=31536000; includeSubDomains" ],
        "Date": [ "Tue, 19 Sep 2023 19:19:26 GMT" ]
      },
      "ContentHeaders": {
        "Content-Length": [ "914" ],
        "Content-Type": [ "application/json; charset=utf-8" ],
        "Expires": [ "-1" ]
      },
      "Content": "{\"value\":[{\"name\":\"feed\",\"id\":\"/subscriptions/dbedef25-184c-430f-b383-0eeb87c3205d/resourcegroups/alecbUserSessionTests/providers/Microsoft.DesktopVirtualization/workspaces/WorkspacePowershellContained/privatelinkresources/feed\",\"type\":\"Microsoft.DesktopVirtualization/workspaces/privatelinkresources\",\"properties\":{\"groupId\":\"feed\",\"requiredMembers\":[\"web-r1\",\"web-r0\"],\"requiredZoneNames\":[\"privatelink.wvdselfhost.microsoft.com\"]},\"systemData\":null},{\"name\":\"global\",\"id\":\"/subscriptions/dbedef25-184c-430f-b383-0eeb87c3205d/resourcegroups/alecbUserSessionTests/providers/Microsoft.DesktopVirtualization/workspaces/WorkspacePowershellContained/privatelinkresources/global\",\"type\":\"Microsoft.DesktopVirtualization/workspaces/privatelinkresources\",\"properties\":{\"groupId\":\"global\",\"requiredMembers\":[\"web\"],\"requiredZoneNames\":[\"privatelink-global.wvdselfhost.microsoft.com\"]},\"systemData\":null}],\"nextLink\":null}",
      "isContentBase64": false
    }
  },
  "Get-AzWvdPrivateLinkResource+[NoContext]+GetWorkspace+$DELETE+https://management.azure.com/subscriptions/dbedef25-184c-430f-b383-0eeb87c3205d/resourceGroups/alecbUserSessionTests/providers/Microsoft.DesktopVirtualization/workspaces/WorkspacePowershellContained?api-version=2023-09-05+3": {
    "Request": {
      "Method": "DELETE",
      "RequestUri": "https://management.azure.com/subscriptions/dbedef25-184c-430f-b383-0eeb87c3205d/resourceGroups/alecbUserSessionTests/providers/Microsoft.DesktopVirtualization/workspaces/WorkspacePowershellContained?api-version=2023-09-05",
      "Content": null,
      "isContentBase64": false,
      "Headers": {
        "x-ms-unique-id": [ "100" ],
        "x-ms-client-request-id": [ "4a026ef2-e1b0-4464-98b5-f8a2e38a9e5d" ],
        "CommandName": [ "Remove-AzWvdWorkspace" ],
        "FullCommandName": [ "Remove-AzWvdWorkspace_Delete" ],
        "ParameterSetName": [ "__AllParameterSets" ],
        "User-Agent": [ "AzurePowershell/v0.0.0", "PSVersion/v7.2.13", "Az.DesktopVirtualization/2.1.0" ],
        "Authorization": [ "[Filtered]" ]
      },
      "ContentHeaders": {
      }
    },
    "Response": {
      "StatusCode": 200,
      "Headers": {
        "Cache-Control": [ "no-cache" ],
        "Pragma": [ "no-cache" ],
        "Vary": [ "Accept-Encoding" ],
        "x-ms-ratelimit-remaining-subscription-deletes": [ "14959" ],
        "X-Rate-Limit-Limit": [ "0" ],
        "X-Rate-Limit-Remaining": [ "9223372036854775807" ],
        "X-Rate-Limit-Reset": [ "0" ],
        "x-ms-opsarmpath64": [ "L3N1YnNjcmlwdGlvbnMvZGJlZGVmMjUtMTg0Yy00MzBmLWIzODMtMGVlYjg3YzMyMDVkL3Jlc291cmNlR3JvdXBzL2FsZWNiVXNlclNlc3Npb25UZXN0cy9wcm92aWRlcnMvTWljcm9zb2Z0LkRlc2t0b3BWaXJ0dWFsaXphdGlvbi93b3Jrc3BhY2VzL1dvcmtzcGFjZVBvd2Vyc2hlbGxDb250YWluZWQ=" ],
        "x-ms-lamport-ts": [ "128841956" ],
        "x-ms-correlation-id": [ "78644837-9f54-4f39-af5b-feb356ccd0b2" ],
        "x-ms-request-id": [ "4a026ef2-e1b0-4464-98b5-f8a2e38a9e5d" ],
        "X-Content-Type-Options": [ "nosniff" ],
        "Set-Cookie": [ "ARRAffinity=8709cede3dff6cc96c3687614f6f6d07d26f1b7354152bf58fb5a84fbfd96a8a;Path=/;HttpOnly;Secure;Domain=rdarmprovider-g-us-r0.wvdselfhost.microsoft.com", "ARRAffinitySameSite=8709cede3dff6cc96c3687614f6f6d07d26f1b7354152bf58fb5a84fbfd96a8a;Path=/;HttpOnly;SameSite=None;Secure;Domain=rdarmprovider-g-us-r0.wvdselfhost.microsoft.com" ],
        "Server": [ "Microsoft-IIS/10.0" ],
        "X-Powered-By": [ "ASP.NET" ],
        "x-ms-correlation-request-id": [ "db7f63f1-361f-45e0-be47-58e28405807e" ],
        "x-ms-routing-request-id": [ "WESTCENTRALUS:20230919T191928Z:db7f63f1-361f-45e0-be47-58e28405807e" ],
        "Strict-Transport-Security": [ "max-age=31536000; includeSubDomains" ],
        "Date": [ "Tue, 19 Sep 2023 19:19:27 GMT" ]
      },
      "ContentHeaders": {
        "Content-Length": [ "558" ],
        "Content-Type": [ "application/json; charset=utf-8" ],
        "Expires": [ "-1" ]
      },
      "Content": "{\"name\":\"WorkspacePowershellContained\",\"id\":\"/subscriptions/dbedef25-184c-430f-b383-0eeb87c3205d/resourcegroups/alecbUserSessionTests/providers/Microsoft.DesktopVirtualization/workspaces/WorkspacePowershellContained\",\"type\":\"Microsoft.DesktopVirtualization/workspaces\",\"location\":\"westus2\",\"tags\":null,\"kind\":null,\"systemData\":null,\"properties\":{\"privateEndpointConnections\":[],\"publicNetworkAccess\":\"Enabled\",\"description\":\"des\",\"friendlyName\":\"fri\",\"applicationGroupReferences\":[],\"cloudPcResource\":false,\"objectId\":\"63c5febb-9e47-4efa-878b-aed92d19cae3\"}}",
      "isContentBase64": false
    }
  },
  "Get-AzWvdPrivateLinkResource+[NoContext]+GetHostPool+$GET+https://management.azure.com/subscriptions/dbedef25-184c-430f-b383-0eeb87c3205d/resourceGroups/alecbUserSessionTests/providers/Microsoft.DesktopVirtualization/hostPools/alecbUserSessionHP/privateLinkResources?api-version=2023-09-05+1": {
    "Request": {
      "Method": "GET",
      "RequestUri": "https://management.azure.com/subscriptions/dbedef25-184c-430f-b383-0eeb87c3205d/resourceGroups/alecbUserSessionTests/providers/Microsoft.DesktopVirtualization/hostPools/alecbUserSessionHP/privateLinkResources?api-version=2023-09-05",
      "Content": null,
      "isContentBase64": false,
      "Headers": {
        "x-ms-unique-id": [ "101" ],
        "x-ms-client-request-id": [ "0945f64f-42cb-4ac3-91b6-5d4c2a941c6c" ],
        "CommandName": [ "Get-AzWvdPrivateLinkResource" ],
        "FullCommandName": [ "Get-AzWvdPrivateLinkResource_List1" ],
        "ParameterSetName": [ "__AllParameterSets" ],
        "User-Agent": [ "AzurePowershell/v0.0.0", "PSVersion/v7.2.13", "Az.DesktopVirtualization/2.1.0" ],
        "Authorization": [ "[Filtered]" ]
      },
      "ContentHeaders": {
      }
    },
    "Response": {
      "StatusCode": 200,
      "Headers": {
        "Cache-Control": [ "no-cache" ],
        "Pragma": [ "no-cache" ],
        "Vary": [ "Accept-Encoding" ],
        "x-ms-ratelimit-remaining-subscription-reads": [ "11979" ],
        "X-Rate-Limit-Limit": [ "0" ],
        "X-Rate-Limit-Remaining": [ "9223372036854775807" ],
        "X-Rate-Limit-Reset": [ "0" ],
        "x-ms-opsarmpath64": [ "L3N1YnNjcmlwdGlvbnMvZGJlZGVmMjUtMTg0Yy00MzBmLWIzODMtMGVlYjg3YzMyMDVkL3Jlc291cmNlR3JvdXBzL2FsZWNiVXNlclNlc3Npb25UZXN0cy9wcm92aWRlcnMvTWljcm9zb2Z0LkRlc2t0b3BWaXJ0dWFsaXphdGlvbi9ob3N0UG9vbHMvYWxlY2JVc2VyU2Vzc2lvbkhQ" ],
        "x-ms-lamport-ts": [ "128842038" ],
        "x-ms-correlation-id": [ "693c7bdf-5f8b-4798-8d2c-3e9a1521c667" ],
        "x-ms-request-id": [ "0945f64f-42cb-4ac3-91b6-5d4c2a941c6c" ],
        "X-Content-Type-Options": [ "nosniff" ],
        "Set-Cookie": [ "ARRAffinity=136ead941a19baf9a74bd41f746b55cb14e4cf321e040e50f7bd8162d430922d;Path=/;HttpOnly;Secure;Domain=rdarmprovider-g-us-r0.wvdselfhost.microsoft.com", "ARRAffinitySameSite=136ead941a19baf9a74bd41f746b55cb14e4cf321e040e50f7bd8162d430922d;Path=/;HttpOnly;SameSite=None;Secure;Domain=rdarmprovider-g-us-r0.wvdselfhost.microsoft.com" ],
        "Server": [ "Microsoft-IIS/10.0" ],
        "X-Powered-By": [ "ASP.NET" ],
        "x-ms-correlation-request-id": [ "856c9971-1efc-433b-ad55-3beebe181ea1" ],
        "x-ms-routing-request-id": [ "WESTCENTRALUS:20230919T191928Z:856c9971-1efc-433b-ad55-3beebe181ea1" ],
        "Strict-Transport-Security": [ "max-age=31536000; includeSubDomains" ],
        "Date": [ "Tue, 19 Sep 2023 19:19:27 GMT" ]
      },
      "ContentHeaders": {
        "Content-Length": [ "506" ],
        "Content-Type": [ "application/json; charset=utf-8" ],
        "Expires": [ "-1" ]
      },
      "Content": "{\"value\":[{\"name\":\"connection\",\"id\":\"/subscriptions/dbedef25-184c-430f-b383-0eeb87c3205d/resourcegroups/alecbUserSessionTests/providers/Microsoft.DesktopVirtualization/hostPools/alecbUserSessionHP/privatelinkresources/connection\",\"type\":\"Microsoft.DesktopVirtualization/hostPools/privatelinkresources\",\"properties\":{\"groupId\":\"connection\",\"requiredMembers\":[\"broker\",\"diagnostics\",\"gateway-ring-map\",\"web\"],\"requiredZoneNames\":[\"privatelink.wvdselfhost.microsoft.com\"]},\"systemData\":null}],\"nextLink\":null}",
      "isContentBase64": false
    }
  }
}