{
  "Get-AzWvdUserSession+[NoContext]+Get+$GET+https://management.azure.com/subscriptions/dbedef25-184c-430f-b383-0eeb87c3205d/resourceGroups/alecbUserSessionTests/providers/Microsoft.DesktopVirtualization/hostPools/alecbUserSessionHP/sessionHosts/userSess-sh-0/userSessions/3?api-version=2023-07-07-preview+1": {
    "Request": {
      "Method": "GET",
      "RequestUri": "https://management.azure.com/subscriptions/dbedef25-184c-430f-b383-0eeb87c3205d/resourceGroups/alecbUserSessionTests/providers/Microsoft.DesktopVirtualization/hostPools/alecbUserSessionHP/sessionHosts/userSess-sh-0/userSessions/3?api-version=2023-07-07-preview",
      "Content": null,
      "isContentBase64": false,
      "Headers": {
        "x-ms-unique-id": [ "139" ],
        "x-ms-client-request-id": [ "b0938776-0700-402e-8b85-98be5587ad57" ],
        "CommandName": [ "Get-AzWvdUserSession" ],
        "FullCommandName": [ "Get-AzWvdUserSession_Get" ],
        "ParameterSetName": [ "__AllParameterSets" ],
        "User-Agent": [ "AzurePowershell/v9.0.1", "PSVersion/v7.2.13", "Az.DesktopVirtualization/2.1.0" ],
        "Authorization": [ "[Filtered]" ]
      },
      "ContentHeaders": {
      }
    },
    "Response": {
      "StatusCode": 200,
      "Headers": {
        "Cache-Control": [ "no-cache" ],
        "Pragma": [ "no-cache" ],
        "Vary": [ "Accept-Encoding" ],
        "x-ms-ratelimit-remaining-subscription-reads": [ "11968" ],
        "X-Rate-Limit-Limit": [ "0" ],
        "X-Rate-Limit-Remaining": [ "9223372036854775807" ],
        "X-Rate-Limit-Reset": [ "0" ],
        "x-ms-opsarmpath64": [ "L3N1YnNjcmlwdGlvbnMvZGJlZGVmMjUtMTg0Yy00MzBmLWIzODMtMGVlYjg3YzMyMDVkL3Jlc291cmNlR3JvdXBzL2FsZWNiVXNlclNlc3Npb25UZXN0cy9wcm92aWRlcnMvTWljcm9zb2Z0LkRlc2t0b3BWaXJ0dWFsaXphdGlvbi9ob3N0UG9vbHMvYWxlY2JVc2VyU2Vzc2lvbkhQL3Nlc3Npb25Ib3N0cy91c2VyU2Vzcy1zaC0wL3VzZXJTZXNzaW9ucy8z" ],
        "x-ms-lamport-ts": [ "116419365" ],
        "x-ms-correlation-id": [ "3df1ea51-3c5e-49be-b870-cb91578dd7a4" ],
        "x-ms-request-id": [ "b0938776-0700-402e-8b85-98be5587ad57" ],
        "X-Content-Type-Options": [ "nosniff" ],
        "Set-Cookie": [ "ARRAffinity=8709cede3dff6cc96c3687614f6f6d07d26f1b7354152bf58fb5a84fbfd96a8a;Path=/;HttpOnly;Secure;Domain=rdarmprovider-g-us-r0.wvdselfhost.microsoft.com", "ARRAffinitySameSite=8709cede3dff6cc96c3687614f6f6d07d26f1b7354152bf58fb5a84fbfd96a8a;Path=/;HttpOnly;SameSite=None;Secure;Domain=rdarmprovider-g-us-r0.wvdselfhost.microsoft.com" ],
        "Server": [ "Microsoft-IIS/10.0" ],
        "X-Powered-By": [ "ASP.NET" ],
        "x-ms-correlation-request-id": [ "7717d95a-8839-42c1-b726-ee21b2aabb43" ],
        "x-ms-routing-request-id": [ "WESTCENTRALUS:20230821T173622Z:7717d95a-8839-42c1-b726-ee21b2aabb43" ],
        "Strict-Transport-Security": [ "max-age=31536000; includeSubDomains" ],
        "Date": [ "Mon, 21 Aug 2023 17:36:21 GMT" ]
      },
      "ContentHeaders": {
        "Content-Length": [ "620" ],
        "Content-Type": [ "application/json; charset=utf-8" ],
        "Expires": [ "-1" ]
      },
      "Content": "{\"name\":\"alecbUserSessionHP/userSess-sh-0/3\",\"id\":\"/subscriptions/dbedef25-184c-430f-b383-0eeb87c3205d/resourcegroups/alecbUserSessionTests/providers/Microsoft.DesktopVirtualization/hostpools/alecbUserSessionHP/sessionhosts/userSess-sh-0/usersessions/3\",\"type\":\"Microsoft.DesktopVirtualization/hostpools/sessionhosts/usersessions\",\"properties\":{\"createTime\":\"2023-08-17T04:50:43.71Z\",\"userPrincipalName\":\"pwshtest2@wvdtesttenant.onmicrosoft.com\",\"sessionState\":\"Disconnected\",\"applicationType\":\"Desktop\",\"activeDirectoryUserName\":\"AzureAD\\\\PwshTest2\",\"objectId\":\"5a4261e7-1090-4af8-bf96-08db9da6bc5f\"},\"systemData\":null}",
      "isContentBase64": false
    }
  },
  "Get-AzWvdUserSession+[NoContext]+List+$GET+https://management.azure.com/subscriptions/dbedef25-184c-430f-b383-0eeb87c3205d/resourceGroups/alecbUserSessionTests/providers/Microsoft.DesktopVirtualization/hostPools/alecbUserSessionHP/sessionHosts/userSess-sh-0/userSessions?api-version=2023-07-07-preview+1": {
    "Request": {
      "Method": "GET",
      "RequestUri": "https://management.azure.com/subscriptions/dbedef25-184c-430f-b383-0eeb87c3205d/resourceGroups/alecbUserSessionTests/providers/Microsoft.DesktopVirtualization/hostPools/alecbUserSessionHP/sessionHosts/userSess-sh-0/userSessions?api-version=2023-07-07-preview",
      "Content": null,
      "isContentBase64": false,
      "Headers": {
        "x-ms-unique-id": [ "140" ],
        "x-ms-client-request-id": [ "60584c09-f89b-4ac5-8a7d-e54b42ab4a05" ],
        "CommandName": [ "Get-AzWvdUserSession" ],
        "FullCommandName": [ "Get-AzWvdUserSession_List1" ],
        "ParameterSetName": [ "__AllParameterSets" ],
        "User-Agent": [ "AzurePowershell/v9.0.1", "PSVersion/v7.2.13", "Az.DesktopVirtualization/2.1.0" ],
        "Authorization": [ "[Filtered]" ]
      },
      "ContentHeaders": {
      }
    },
    "Response": {
      "StatusCode": 200,
      "Headers": {
        "Cache-Control": [ "no-cache" ],
        "Pragma": [ "no-cache" ],
        "Vary": [ "Accept-Encoding" ],
        "x-ms-ratelimit-remaining-subscription-reads": [ "11967" ],
        "X-Rate-Limit-Limit": [ "0" ],
        "X-Rate-Limit-Remaining": [ "9223372036854775807" ],
        "X-Rate-Limit-Reset": [ "0" ],
        "x-ms-opsarmpath64": [ "L3N1YnNjcmlwdGlvbnMvZGJlZGVmMjUtMTg0Yy00MzBmLWIzODMtMGVlYjg3YzMyMDVkL3Jlc291cmNlR3JvdXBzL2FsZWNiVXNlclNlc3Npb25UZXN0cy9wcm92aWRlcnMvTWljcm9zb2Z0LkRlc2t0b3BWaXJ0dWFsaXphdGlvbi9ob3N0UG9vbHMvYWxlY2JVc2VyU2Vzc2lvbkhQL3Nlc3Npb25Ib3N0cy91c2VyU2Vzcy1zaC0w" ],
        "x-ms-lamport-ts": [ "116419403" ],
        "x-ms-correlation-id": [ "21d89a55-b523-4c36-8736-516c9a586f1c" ],
        "x-ms-request-id": [ "60584c09-f89b-4ac5-8a7d-e54b42ab4a05" ],
        "X-Content-Type-Options": [ "nosniff" ],
        "Set-Cookie": [ "ARRAffinity=136ead941a19baf9a74bd41f746b55cb14e4cf321e040e50f7bd8162d430922d;Path=/;HttpOnly;Secure;Domain=rdarmprovider-g-us-r0.wvdselfhost.microsoft.com", "ARRAffinitySameSite=136ead941a19baf9a74bd41f746b55cb14e4cf321e040e50f7bd8162d430922d;Path=/;HttpOnly;SameSite=None;Secure;Domain=rdarmprovider-g-us-r0.wvdselfhost.microsoft.com" ],
        "Server": [ "Microsoft-IIS/10.0" ],
        "X-Powered-By": [ "ASP.NET" ],
        "x-ms-correlation-request-id": [ "88a59c36-410a-4acb-9e92-8c72a6366eef" ],
        "x-ms-routing-request-id": [ "WESTCENTRALUS:20230821T173622Z:88a59c36-410a-4acb-9e92-8c72a6366eef" ],
        "Strict-Transport-Security": [ "max-age=31536000; includeSubDomains" ],
        "Date": [ "Mon, 21 Aug 2023 17:36:22 GMT" ]
      },
      "ContentHeaders": {
        "Content-Length": [ "1896" ],
        "Content-Type": [ "application/json; charset=utf-8" ],
        "Expires": [ "-1" ]
      },
      "Content": "{\"value\":[{\"name\":\"alecbUserSessionHP/userSess-sh-0/2\",\"id\":\"/subscriptions/dbedef25-184c-430f-b383-0eeb87c3205d/resourcegroups/alecbUserSessionTests/providers/Microsoft.DesktopVirtualization/hostpools/alecbUserSessionHP/sessionhosts/userSess-sh-0/usersessions/2\",\"type\":\"Microsoft.DesktopVirtualization/hostpools/sessionhosts/usersessions\",\"properties\":{\"createTime\":\"2023-08-17T04:49:12.72Z\",\"userPrincipalName\":\"admin@wvdtesttenant.onmicrosoft.com\",\"sessionState\":\"Disconnected\",\"applicationType\":\"Desktop\",\"activeDirectoryUserName\":\"AzureAD\\\\PavithraThiruvengada\",\"objectId\":\"912cbb06-89b1-42b5-bf95-08db9da6bc5f\"},\"systemData\":null},{\"name\":\"alecbUserSessionHP/userSess-sh-0/3\",\"id\":\"/subscriptions/dbedef25-184c-430f-b383-0eeb87c3205d/resourcegroups/alecbUserSessionTests/providers/Microsoft.DesktopVirtualization/hostpools/alecbUserSessionHP/sessionhosts/userSess-sh-0/usersessions/3\",\"type\":\"Microsoft.DesktopVirtualization/hostpools/sessionhosts/usersessions\",\"properties\":{\"createTime\":\"2023-08-17T04:50:43.71Z\",\"userPrincipalName\":\"pwshtest2@wvdtesttenant.onmicrosoft.com\",\"sessionState\":\"Disconnected\",\"applicationType\":\"Desktop\",\"activeDirectoryUserName\":\"AzureAD\\\\PwshTest2\",\"objectId\":\"5a4261e7-1090-4af8-bf96-08db9da6bc5f\"},\"systemData\":null},{\"name\":\"alecbUserSessionHP/userSess-sh-0/5\",\"id\":\"/subscriptions/dbedef25-184c-430f-b383-0eeb87c3205d/resourcegroups/alecbUserSessionTests/providers/Microsoft.DesktopVirtualization/hostpools/alecbUserSessionHP/sessionhosts/userSess-sh-0/usersessions/5\",\"type\":\"Microsoft.DesktopVirtualization/hostpools/sessionhosts/usersessions\",\"properties\":{\"createTime\":\"2023-08-17T05:20:52.61Z\",\"userPrincipalName\":\"pwshtest1@wvdtesttenant.onmicrosoft.com\",\"sessionState\":\"Disconnected\",\"applicationType\":\"Desktop\",\"activeDirectoryUserName\":\"AzureAD\\\\PwshTest\",\"objectId\":\"d2384103-40d5-46f4-bf98-08db9da6bc5f\"},\"systemData\":null}],\"nextLink\":null}",
      "isContentBase64": false
    }
  },
  "Get-AzWvdUserSession+[NoContext]+List HostPool Level+$GET+https://management.azure.com/subscriptions/dbedef25-184c-430f-b383-0eeb87c3205d/resourceGroups/alecbUserSessionTests/providers/Microsoft.DesktopVirtualization/hostPools/alecbUserSessionHP/userSessions?api-version=2023-07-07-preview+1": {
    "Request": {
      "Method": "GET",
      "RequestUri": "https://management.azure.com/subscriptions/dbedef25-184c-430f-b383-0eeb87c3205d/resourceGroups/alecbUserSessionTests/providers/Microsoft.DesktopVirtualization/hostPools/alecbUserSessionHP/userSessions?api-version=2023-07-07-preview",
      "Content": null,
      "isContentBase64": false,
      "Headers": {
        "x-ms-unique-id": [ "141" ],
        "x-ms-client-request-id": [ "0af632ad-65f4-4530-976c-1507ad4c9b48" ],
        "CommandName": [ "Get-AzWvdUserSession" ],
        "FullCommandName": [ "Get-AzWvdUserSession_List" ],
        "ParameterSetName": [ "__AllParameterSets" ],
        "User-Agent": [ "AzurePowershell/v9.0.1", "PSVersion/v7.2.13", "Az.DesktopVirtualization/2.1.0" ],
        "Authorization": [ "[Filtered]" ]
      },
      "ContentHeaders": {
      }
    },
    "Response": {
      "StatusCode": 200,
      "Headers": {
        "Cache-Control": [ "no-cache" ],
        "Pragma": [ "no-cache" ],
        "Vary": [ "Accept-Encoding" ],
        "x-ms-ratelimit-remaining-subscription-reads": [ "11966" ],
        "X-Rate-Limit-Limit": [ "0" ],
        "X-Rate-Limit-Remaining": [ "9223372036854775807" ],
        "X-Rate-Limit-Reset": [ "0" ],
        "x-ms-opsarmpath64": [ "L3N1YnNjcmlwdGlvbnMvZGJlZGVmMjUtMTg0Yy00MzBmLWIzODMtMGVlYjg3YzMyMDVkL3Jlc291cmNlR3JvdXBzL2FsZWNiVXNlclNlc3Npb25UZXN0cy9wcm92aWRlcnMvTWljcm9zb2Z0LkRlc2t0b3BWaXJ0dWFsaXphdGlvbi9ob3N0UG9vbHMvYWxlY2JVc2VyU2Vzc2lvbkhQ" ],
        "x-ms-lamport-ts": [ "116419118" ],
        "x-ms-correlation-id": [ "a9373f49-1b27-4019-9085-c6ac7f4c2eb9" ],
        "x-ms-request-id": [ "0af632ad-65f4-4530-976c-1507ad4c9b48" ],
        "X-Content-Type-Options": [ "nosniff" ],
        "Set-Cookie": [ "ARRAffinity=47e899d5dc0547d5646e3c2c0081ae2cb7fddd55609bf4af48732c4283928a51;Path=/;HttpOnly;Secure;Domain=rdarmprovider-g-us-r0.wvdselfhost.microsoft.com", "ARRAffinitySameSite=47e899d5dc0547d5646e3c2c0081ae2cb7fddd55609bf4af48732c4283928a51;Path=/;HttpOnly;SameSite=None;Secure;Domain=rdarmprovider-g-us-r0.wvdselfhost.microsoft.com" ],
        "Server": [ "Microsoft-IIS/10.0" ],
        "X-Powered-By": [ "ASP.NET" ],
        "x-ms-correlation-request-id": [ "c1c1dd72-2e8a-4171-bf3a-60494f131224" ],
        "x-ms-routing-request-id": [ "WESTCENTRALUS:20230821T173622Z:c1c1dd72-2e8a-4171-bf3a-60494f131224" ],
        "Strict-Transport-Security": [ "max-age=31536000; includeSubDomains" ],
        "Date": [ "Mon, 21 Aug 2023 17:36:22 GMT" ]
      },
      "ContentHeaders": {
        "Content-Length": [ "1896" ],
        "Content-Type": [ "application/json; charset=utf-8" ],
        "Expires": [ "-1" ]
      },
      "Content": "{\"value\":[{\"name\":\"alecbUserSessionHP/userSess-sh-0/2\",\"id\":\"/subscriptions/dbedef25-184c-430f-b383-0eeb87c3205d/resourcegroups/alecbUserSessionTests/providers/Microsoft.DesktopVirtualization/hostpools/alecbUserSessionHP/sessionhosts/userSess-sh-0/usersessions/2\",\"type\":\"Microsoft.DesktopVirtualization/hostpools/sessionhosts/usersessions\",\"properties\":{\"createTime\":\"2023-08-17T04:49:12.72Z\",\"userPrincipalName\":\"admin@wvdtesttenant.onmicrosoft.com\",\"sessionState\":\"Disconnected\",\"applicationType\":\"Desktop\",\"activeDirectoryUserName\":\"AzureAD\\\\PavithraThiruvengada\",\"objectId\":\"912cbb06-89b1-42b5-bf95-08db9da6bc5f\"},\"systemData\":null},{\"name\":\"alecbUserSessionHP/userSess-sh-0/5\",\"id\":\"/subscriptions/dbedef25-184c-430f-b383-0eeb87c3205d/resourcegroups/alecbUserSessionTests/providers/Microsoft.DesktopVirtualization/hostpools/alecbUserSessionHP/sessionhosts/userSess-sh-0/usersessions/5\",\"type\":\"Microsoft.DesktopVirtualization/hostpools/sessionhosts/usersessions\",\"properties\":{\"createTime\":\"2023-08-17T05:20:52.61Z\",\"userPrincipalName\":\"pwshtest1@wvdtesttenant.onmicrosoft.com\",\"sessionState\":\"Disconnected\",\"applicationType\":\"Desktop\",\"activeDirectoryUserName\":\"AzureAD\\\\PwshTest\",\"objectId\":\"d2384103-40d5-46f4-bf98-08db9da6bc5f\"},\"systemData\":null},{\"name\":\"alecbUserSessionHP/userSess-sh-0/3\",\"id\":\"/subscriptions/dbedef25-184c-430f-b383-0eeb87c3205d/resourcegroups/alecbUserSessionTests/providers/Microsoft.DesktopVirtualization/hostpools/alecbUserSessionHP/sessionhosts/userSess-sh-0/usersessions/3\",\"type\":\"Microsoft.DesktopVirtualization/hostpools/sessionhosts/usersessions\",\"properties\":{\"createTime\":\"2023-08-17T04:50:43.71Z\",\"userPrincipalName\":\"pwshtest2@wvdtesttenant.onmicrosoft.com\",\"sessionState\":\"Disconnected\",\"applicationType\":\"Desktop\",\"activeDirectoryUserName\":\"AzureAD\\\\PwshTest2\",\"objectId\":\"5a4261e7-1090-4af8-bf96-08db9da6bc5f\"},\"systemData\":null}],\"nextLink\":null}",
      "isContentBase64": false
    }
  }
}