{
  "Get-AzWvdScalingPlanPooledSchedule+[NoContext]+Get+$PUT+https://management.azure.com/subscriptions/dbedef25-184c-430f-b383-0eeb87c3205d/resourceGroups/alecbUserSessionTests/providers/Microsoft.DesktopVirtualization/scalingPlans/ScalingPlanPowershellContained1?api-version=2023-07-07-preview+1": {
    "Request": {
      "Method": "PUT",
      "RequestUri": "https://management.azure.com/subscriptions/dbedef25-184c-430f-b383-0eeb87c3205d/resourceGroups/alecbUserSessionTests/providers/Microsoft.DesktopVirtualization/scalingPlans/ScalingPlanPowershellContained1?api-version=2023-07-07-preview",
      "Content": "{\r\n  \"location\": \"westus2\",\r\n  \"properties\": {\r\n    \"description\": \"desc\",\r\n    \"friendlyName\": \"fri\",\r\n    \"timeZone\": \"Pacific Standard Time\",\r\n    \"hostPoolType\": \"Pooled\",\r\n    \"schedules\": [ ],\r\n    \"hostPoolReferences\": [ ]\r\n  }\r\n}",
      "isContentBase64": false,
      "Headers": {
      },
      "ContentHeaders": {
        "Content-Type": [ "application/json" ],
        "Content-Length": [ "237" ]
      }
    },
    "Response": {
      "StatusCode": 201,
      "Headers": {
        "Cache-Control": [ "no-cache" ],
        "Pragma": [ "no-cache" ],
        "Location": [ "/subscriptions/dbedef25-184c-430f-b383-0eeb87c3205d/resourcegroups/alecbUserSessionTests/providers/Microsoft.DesktopVirtualization/scalingplans/ScalingPlanPowershellContained1" ],
        "X-Rate-Limit-Limit": [ "0" ],
        "X-Rate-Limit-Remaining": [ "9223372036854775807" ],
        "X-Rate-Limit-Reset": [ "0" ],
        "x-ms-opsarmpath64": [ "L3N1YnNjcmlwdGlvbnMvZGJlZGVmMjUtMTg0Yy00MzBmLWIzODMtMGVlYjg3YzMyMDVkL3Jlc291cmNlR3JvdXBzL2FsZWNiVXNlclNlc3Npb25UZXN0cy9wcm92aWRlcnMvTWljcm9zb2Z0LkRlc2t0b3BWaXJ0dWFsaXphdGlvbi9zY2FsaW5nUGxhbnMvU2NhbGluZ1BsYW5Qb3dlcnNoZWxsQ29udGFpbmVkMQ==" ],
        "x-ms-lamport-ts": [ "115487979" ],
        "x-ms-correlation-id": [ "17fb89b2-9837-4b4b-a36d-98afe14bd9f5" ],
        "x-ms-request-id": [ "88dab9d5-93d8-4aff-bd12-c34da183c877" ],
        "X-Content-Type-Options": [ "nosniff" ],
        "Set-Cookie": [ "ARRAffinity=47e899d5dc0547d5646e3c2c0081ae2cb7fddd55609bf4af48732c4283928a51;Path=/;HttpOnly;Secure;Domain=rdarmprovider-g-us-r0.wvdselfhost.microsoft.com", "ARRAffinitySameSite=47e899d5dc0547d5646e3c2c0081ae2cb7fddd55609bf4af48732c4283928a51;Path=/;HttpOnly;SameSite=None;Secure;Domain=rdarmprovider-g-us-r0.wvdselfhost.microsoft.com" ],
        "Server": [ "Microsoft-IIS/10.0" ],
        "X-Powered-By": [ "ASP.NET" ],
        "x-ms-ratelimit-remaining-subscription-writes": [ "1154" ],
        "x-ms-correlation-request-id": [ "4fad79ec-feb8-42ed-a114-ffe129022f22" ],
        "x-ms-routing-request-id": [ "WESTCENTRALUS:20230816T183310Z:4fad79ec-feb8-42ed-a114-ffe129022f22" ],
        "Strict-Transport-Security": [ "max-age=31536000; includeSubDomains" ],
        "Date": [ "Wed, 16 Aug 2023 18:33:10 GMT" ]
      },
      "ContentHeaders": {
        "Content-Length": [ "799" ],
        "Content-Type": [ "application/json; charset=utf-8" ],
        "Expires": [ "-1" ]
      },
      "Content": "{\"name\":\"ScalingPlanPowershellContained1\",\"id\":\"/subscriptions/dbedef25-184c-430f-b383-0eeb87c3205d/resourcegroups/alecbUserSessionTests/providers/Microsoft.DesktopVirtualization/scalingplans/ScalingPlanPowershellContained1\",\"type\":\"Microsoft.DesktopVirtualization/scalingplans\",\"location\":\"westus2\",\"tags\":null,\"kind\":null,\"systemData\":{\"createdBy\":\"admin@wvdtesttenant.onmicrosoft.com\",\"createdByType\":\"User\",\"createdAt\":\"2023-08-16T18:33:10.23Z\",\"lastModifiedBy\":\"admin@wvdtesttenant.onmicrosoft.com\",\"lastModifiedByType\":\"User\",\"lastModifiedAt\":\"2023-08-16T18:33:10.23Z\"},\"properties\":{\"description\":\"desc\",\"friendlyName\":\"fri\",\"timeZone\":\"Pacific Standard Time\",\"hostPoolType\":\"Pooled\",\"exclusionTag\":\"\",\"schedules\":[],\"hostPoolReferences\":[],\"objectId\":\"4ced705e-246e-47e6-ab80-fbd8440d7f9e\"}}",
      "isContentBase64": false
    }
  },
  "Get-AzWvdScalingPlanPooledSchedule+[NoContext]+Get+$PUT+https://management.azure.com/subscriptions/dbedef25-184c-430f-b383-0eeb87c3205d/resourceGroups/alecbUserSessionTests/providers/Microsoft.DesktopVirtualization/scalingPlans/ScalingPlanPowershellContained1/pooledSchedules/PooledSchedule1?api-version=2023-07-07-preview+2": {
    "Request": {
      "Method": "PUT",
      "RequestUri": "https://management.azure.com/subscriptions/dbedef25-184c-430f-b383-0eeb87c3205d/resourceGroups/alecbUserSessionTests/providers/Microsoft.DesktopVirtualization/scalingPlans/ScalingPlanPowershellContained1/pooledSchedules/PooledSchedule1?api-version=2023-07-07-preview",
      "Content": "{\r\n  \"properties\": {\r\n    \"rampUpStartTime\": {\r\n      \"hour\": 6,\r\n      \"minute\": 0\r\n    },\r\n    \"peakStartTime\": {\r\n      \"hour\": 8,\r\n      \"minute\": 15\r\n    },\r\n    \"rampDownStartTime\": {\r\n      \"hour\": 16,\r\n      \"minute\": 30\r\n    },\r\n    \"offPeakStartTime\": {\r\n      \"hour\": 18,\r\n      \"minute\": 45\r\n    },\r\n    \"daysOfWeek\": [ \"Monday\", \"Tuesday\", \"Wednesday\" ],\r\n    \"rampUpLoadBalancingAlgorithm\": \"BreadthFirst\",\r\n    \"rampUpMinimumHostsPct\": 1,\r\n    \"rampUpCapacityThresholdPct\": 10,\r\n    \"peakLoadBalancingAlgorithm\": \"BreadthFirst\",\r\n    \"rampDownLoadBalancingAlgorithm\": \"BreadthFirst\",\r\n    \"rampDownCapacityThresholdPct\": 10,\r\n    \"offPeakLoadBalancingAlgorithm\": \"BreadthFirst\"\r\n  }\r\n}",
      "isContentBase64": false,
      "Headers": {
      },
      "ContentHeaders": {
        "Content-Type": [ "application/json" ],
        "Content-Length": [ "700" ]
      }
    },
    "Response": {
      "StatusCode": 200,
      "Headers": {
        "Cache-Control": [ "no-cache" ],
        "Pragma": [ "no-cache" ],
        "Vary": [ "Accept-Encoding" ],
        "x-ms-ratelimit-remaining-subscription-writes": [ "1153" ],
        "X-Rate-Limit-Limit": [ "0" ],
        "X-Rate-Limit-Remaining": [ "9223372036854775807" ],
        "X-Rate-Limit-Reset": [ "0" ],
        "x-ms-opsarmpath64": [ "L3N1YnNjcmlwdGlvbnMvZGJlZGVmMjUtMTg0Yy00MzBmLWIzODMtMGVlYjg3YzMyMDVkL3Jlc291cmNlR3JvdXBzL2FsZWNiVXNlclNlc3Npb25UZXN0cy9wcm92aWRlcnMvTWljcm9zb2Z0LkRlc2t0b3BWaXJ0dWFsaXphdGlvbi9zY2FsaW5nUGxhbnMvU2NhbGluZ1BsYW5Qb3dlcnNoZWxsQ29udGFpbmVkMS9wb29sZWRTY2hlZHVsZXMvUG9vbGVkU2NoZWR1bGUx" ],
        "x-ms-lamport-ts": [ "115487937" ],
        "x-ms-correlation-id": [ "90bd452c-1574-459e-be2f-c62fff96e461" ],
        "x-ms-request-id": [ "149597db-6388-46b6-8c66-7c7c4f4c7d2b" ],
        "X-Content-Type-Options": [ "nosniff" ],
        "Set-Cookie": [ "ARRAffinity=136ead941a19baf9a74bd41f746b55cb14e4cf321e040e50f7bd8162d430922d;Path=/;HttpOnly;Secure;Domain=rdarmprovider-g-us-r0.wvdselfhost.microsoft.com", "ARRAffinitySameSite=136ead941a19baf9a74bd41f746b55cb14e4cf321e040e50f7bd8162d430922d;Path=/;HttpOnly;SameSite=None;Secure;Domain=rdarmprovider-g-us-r0.wvdselfhost.microsoft.com" ],
        "Server": [ "Microsoft-IIS/10.0" ],
        "X-Powered-By": [ "ASP.NET" ],
        "x-ms-correlation-request-id": [ "16957a61-255e-43ad-839f-548df0f2359f" ],
        "x-ms-routing-request-id": [ "WESTCENTRALUS:20230816T183311Z:16957a61-255e-43ad-839f-548df0f2359f" ],
        "Strict-Transport-Security": [ "max-age=31536000; includeSubDomains" ],
        "Date": [ "Wed, 16 Aug 2023 18:33:11 GMT" ]
      },
      "ContentHeaders": {
        "Content-Length": [ "1285" ],
        "Content-Type": [ "application/json; charset=utf-8" ],
        "Expires": [ "-1" ]
      },
      "Content": "{\"name\":\"ScalingPlanPowershellContained1/PooledSchedule1\",\"id\":\"/subscriptions/dbedef25-184c-430f-b383-0eeb87c3205d/resourcegroups/alecbUserSessionTests/providers/Microsoft.DesktopVirtualization/scalingplans/ScalingPlanPowershellContained1/pooledSchedules/PooledSchedule1\",\"type\":\"Microsoft.DesktopVirtualization/scalingplans/pooledSchedules\",\"properties\":{\"rampUpStartTime\":{\"hour\":6,\"minute\":0},\"peakStartTime\":{\"hour\":8,\"minute\":15},\"rampDownStartTime\":{\"hour\":16,\"minute\":30},\"offPeakStartTime\":{\"hour\":18,\"minute\":45},\"name\":\"PooledSchedule1\",\"daysOfWeek\":[\"Monday\",\"Tuesday\",\"Wednesday\"],\"rampUpLoadBalancingAlgorithm\":\"BreadthFirst\",\"rampUpMinimumHostsPct\":1,\"rampUpCapacityThresholdPct\":10,\"peakLoadBalancingAlgorithm\":\"BreadthFirst\",\"rampDownLoadBalancingAlgorithm\":\"BreadthFirst\",\"rampDownMinimumHostsPct\":0,\"rampDownCapacityThresholdPct\":10,\"rampDownForceLogoffUsers\":false,\"rampDownWaitTimeMinutes\":0,\"rampDownNotificationMessage\":\"\",\"rampDownStopHostsWhen\":\"ZeroSessions\",\"offPeakLoadBalancingAlgorithm\":\"BreadthFirst\"},\"systemData\":{\"createdBy\":\"admin@wvdtesttenant.onmicrosoft.com\",\"createdByType\":\"User\",\"createdAt\":\"2023-08-16T18:33:11.21Z\",\"lastModifiedBy\":\"admin@wvdtesttenant.onmicrosoft.com\",\"lastModifiedByType\":\"User\",\"lastModifiedAt\":\"2023-08-16T18:33:11.21Z\"}}",
      "isContentBase64": false
    }
  },
  "Get-AzWvdScalingPlanPooledSchedule+[NoContext]+Get+$GET+https://management.azure.com/subscriptions/dbedef25-184c-430f-b383-0eeb87c3205d/resourceGroups/alecbUserSessionTests/providers/Microsoft.DesktopVirtualization/scalingPlans/ScalingPlanPowershellContained1/pooledSchedules/PooledSchedule1?api-version=2023-07-07-preview+3": {
    "Request": {
      "Method": "GET",
      "RequestUri": "https://management.azure.com/subscriptions/dbedef25-184c-430f-b383-0eeb87c3205d/resourceGroups/alecbUserSessionTests/providers/Microsoft.DesktopVirtualization/scalingPlans/ScalingPlanPowershellContained1/pooledSchedules/PooledSchedule1?api-version=2023-07-07-preview",
      "Content": null,
      "isContentBase64": false,
      "Headers": {
        "x-ms-unique-id": [ "128" ],
        "x-ms-client-request-id": [ "46e73abc-8cc7-456d-ad13-62713bec486e" ],
        "CommandName": [ "Get-AzWvdScalingPlanPooledSchedule" ],
        "FullCommandName": [ "Get-AzWvdScalingPlanPooledSchedule_Get" ],
        "ParameterSetName": [ "__AllParameterSets" ],
        "User-Agent": [ "AzurePowershell/v9.0.1", "PSVersion/v7.2.13", "Az.DesktopVirtualization/2.1.0" ],
        "Authorization": [ "[Filtered]" ]
      },
      "ContentHeaders": {
      }
    },
    "Response": {
      "StatusCode": 200,
      "Headers": {
        "Cache-Control": [ "no-cache" ],
        "Pragma": [ "no-cache" ],
        "Vary": [ "Accept-Encoding" ],
        "x-ms-ratelimit-remaining-subscription-reads": [ "11970" ],
        "X-Rate-Limit-Limit": [ "0" ],
        "X-Rate-Limit-Remaining": [ "9223372036854775807" ],
        "X-Rate-Limit-Reset": [ "0" ],
        "x-ms-opsarmpath64": [ "L3N1YnNjcmlwdGlvbnMvZGJlZGVmMjUtMTg0Yy00MzBmLWIzODMtMGVlYjg3YzMyMDVkL3Jlc291cmNlR3JvdXBzL2FsZWNiVXNlclNlc3Npb25UZXN0cy9wcm92aWRlcnMvTWljcm9zb2Z0LkRlc2t0b3BWaXJ0dWFsaXphdGlvbi9zY2FsaW5nUGxhbnMvU2NhbGluZ1BsYW5Qb3dlcnNoZWxsQ29udGFpbmVkMS9wb29sZWRTY2hlZHVsZXMvUG9vbGVkU2NoZWR1bGUx" ],
        "x-ms-lamport-ts": [ "115487982" ],
        "x-ms-correlation-id": [ "ed0085ea-8302-40eb-983b-65322fe34356" ],
        "x-ms-request-id": [ "46e73abc-8cc7-456d-ad13-62713bec486e" ],
        "X-Content-Type-Options": [ "nosniff" ],
        "Set-Cookie": [ "ARRAffinity=47e899d5dc0547d5646e3c2c0081ae2cb7fddd55609bf4af48732c4283928a51;Path=/;HttpOnly;Secure;Domain=rdarmprovider-g-us-r0.wvdselfhost.microsoft.com", "ARRAffinitySameSite=47e899d5dc0547d5646e3c2c0081ae2cb7fddd55609bf4af48732c4283928a51;Path=/;HttpOnly;SameSite=None;Secure;Domain=rdarmprovider-g-us-r0.wvdselfhost.microsoft.com" ],
        "Server": [ "Microsoft-IIS/10.0" ],
        "X-Powered-By": [ "ASP.NET" ],
        "x-ms-correlation-request-id": [ "dc8b4786-ccd2-4c81-bf94-5178c18ad42a" ],
        "x-ms-routing-request-id": [ "WESTCENTRALUS:20230816T183311Z:dc8b4786-ccd2-4c81-bf94-5178c18ad42a" ],
        "Strict-Transport-Security": [ "max-age=31536000; includeSubDomains" ],
        "Date": [ "Wed, 16 Aug 2023 18:33:11 GMT" ]
      },
      "ContentHeaders": {
        "Content-Length": [ "1285" ],
        "Content-Type": [ "application/json; charset=utf-8" ],
        "Expires": [ "-1" ]
      },
      "Content": "{\"name\":\"ScalingPlanPowershellContained1/PooledSchedule1\",\"id\":\"/subscriptions/dbedef25-184c-430f-b383-0eeb87c3205d/resourcegroups/alecbUserSessionTests/providers/Microsoft.DesktopVirtualization/scalingplans/ScalingPlanPowershellContained1/pooledSchedules/PooledSchedule1\",\"type\":\"Microsoft.DesktopVirtualization/scalingplans/pooledSchedules\",\"properties\":{\"rampUpStartTime\":{\"hour\":6,\"minute\":0},\"peakStartTime\":{\"hour\":8,\"minute\":15},\"rampDownStartTime\":{\"hour\":16,\"minute\":30},\"offPeakStartTime\":{\"hour\":18,\"minute\":45},\"name\":\"PooledSchedule1\",\"daysOfWeek\":[\"Monday\",\"Tuesday\",\"Wednesday\"],\"rampUpLoadBalancingAlgorithm\":\"BreadthFirst\",\"rampUpMinimumHostsPct\":1,\"rampUpCapacityThresholdPct\":10,\"peakLoadBalancingAlgorithm\":\"BreadthFirst\",\"rampDownLoadBalancingAlgorithm\":\"BreadthFirst\",\"rampDownMinimumHostsPct\":0,\"rampDownCapacityThresholdPct\":10,\"rampDownForceLogoffUsers\":false,\"rampDownWaitTimeMinutes\":0,\"rampDownNotificationMessage\":\"\",\"rampDownStopHostsWhen\":\"ZeroSessions\",\"offPeakLoadBalancingAlgorithm\":\"BreadthFirst\"},\"systemData\":{\"createdBy\":\"admin@wvdtesttenant.onmicrosoft.com\",\"createdByType\":\"User\",\"createdAt\":\"2023-08-16T18:33:11.21Z\",\"lastModifiedBy\":\"admin@wvdtesttenant.onmicrosoft.com\",\"lastModifiedByType\":\"User\",\"lastModifiedAt\":\"2023-08-16T18:33:11.21Z\"}}",
      "isContentBase64": false
    }
  },
  "Get-AzWvdScalingPlanPooledSchedule+[NoContext]+Get+$DELETE+https://management.azure.com/subscriptions/dbedef25-184c-430f-b383-0eeb87c3205d/resourceGroups/alecbUserSessionTests/providers/Microsoft.DesktopVirtualization/scalingPlans/ScalingPlanPowershellContained1?api-version=2023-07-07-preview+4": {
    "Request": {
      "Method": "DELETE",
      "RequestUri": "https://management.azure.com/subscriptions/dbedef25-184c-430f-b383-0eeb87c3205d/resourceGroups/alecbUserSessionTests/providers/Microsoft.DesktopVirtualization/scalingPlans/ScalingPlanPowershellContained1?api-version=2023-07-07-preview",
      "Content": null,
      "isContentBase64": false,
      "Headers": {
        "x-ms-unique-id": [ "129" ],
        "x-ms-client-request-id": [ "163bb10f-dac0-4002-a123-8006a53c917d" ],
        "CommandName": [ "Remove-AzWvdScalingPlan" ],
        "FullCommandName": [ "Remove-AzWvdScalingPlan_Delete" ],
        "ParameterSetName": [ "__AllParameterSets" ],
        "User-Agent": [ "AzurePowershell/v9.0.1", "PSVersion/v7.2.13", "Az.DesktopVirtualization/2.1.0" ],
        "Authorization": [ "[Filtered]" ]
      },
      "ContentHeaders": {
      }
    },
    "Response": {
      "StatusCode": 200,
      "Headers": {
        "Cache-Control": [ "no-cache" ],
        "Pragma": [ "no-cache" ],
        "Vary": [ "Accept-Encoding" ],
        "x-ms-ratelimit-remaining-subscription-deletes": [ "14950" ],
        "X-Rate-Limit-Limit": [ "0" ],
        "X-Rate-Limit-Remaining": [ "9223372036854775807" ],
        "X-Rate-Limit-Reset": [ "0" ],
        "x-ms-opsarmpath64": [ "L3N1YnNjcmlwdGlvbnMvZGJlZGVmMjUtMTg0Yy00MzBmLWIzODMtMGVlYjg3YzMyMDVkL3Jlc291cmNlR3JvdXBzL2FsZWNiVXNlclNlc3Npb25UZXN0cy9wcm92aWRlcnMvTWljcm9zb2Z0LkRlc2t0b3BWaXJ0dWFsaXphdGlvbi9zY2FsaW5nUGxhbnMvU2NhbGluZ1BsYW5Qb3dlcnNoZWxsQ29udGFpbmVkMQ==" ],
        "x-ms-lamport-ts": [ "115487954" ],
        "x-ms-correlation-id": [ "5ddd6b29-f041-41af-bcd5-20dd16777bc5" ],
        "x-ms-request-id": [ "163bb10f-dac0-4002-a123-8006a53c917d" ],
        "X-Content-Type-Options": [ "nosniff" ],
        "Set-Cookie": [ "ARRAffinity=8709cede3dff6cc96c3687614f6f6d07d26f1b7354152bf58fb5a84fbfd96a8a;Path=/;HttpOnly;Secure;Domain=rdarmprovider-g-us-r0.wvdselfhost.microsoft.com", "ARRAffinitySameSite=8709cede3dff6cc96c3687614f6f6d07d26f1b7354152bf58fb5a84fbfd96a8a;Path=/;HttpOnly;SameSite=None;Secure;Domain=rdarmprovider-g-us-r0.wvdselfhost.microsoft.com" ],
        "Server": [ "Microsoft-IIS/10.0" ],
        "X-Powered-By": [ "ASP.NET" ],
        "x-ms-correlation-request-id": [ "7bf55862-3c76-4a4a-8b46-6d2e6de5c5bb" ],
        "x-ms-routing-request-id": [ "WESTCENTRALUS:20230816T183314Z:7bf55862-3c76-4a4a-8b46-6d2e6de5c5bb" ],
        "Strict-Transport-Security": [ "max-age=31536000; includeSubDomains" ],
        "Date": [ "Wed, 16 Aug 2023 18:33:13 GMT" ]
      },
      "ContentHeaders": {
        "Content-Length": [ "1475" ],
        "Content-Type": [ "application/json; charset=utf-8" ],
        "Expires": [ "-1" ]
      },
      "Content": "{\"name\":\"ScalingPlanPowershellContained1\",\"id\":\"/subscriptions/dbedef25-184c-430f-b383-0eeb87c3205d/resourcegroups/alecbUserSessionTests/providers/Microsoft.DesktopVirtualization/scalingplans/ScalingPlanPowershellContained1\",\"type\":\"Microsoft.DesktopVirtualization/scalingplans\",\"location\":\"westus2\",\"tags\":null,\"kind\":null,\"systemData\":{\"createdBy\":\"admin@wvdtesttenant.onmicrosoft.com\",\"createdByType\":\"User\",\"createdAt\":\"2023-08-16T18:33:10.23Z\",\"lastModifiedBy\":\"admin@wvdtesttenant.onmicrosoft.com\",\"lastModifiedByType\":\"User\",\"lastModifiedAt\":\"2023-08-16T18:33:10.23Z\"},\"properties\":{\"description\":\"desc\",\"friendlyName\":\"fri\",\"timeZone\":\"Pacific Standard Time\",\"hostPoolType\":\"Pooled\",\"exclusionTag\":\"\",\"schedules\":[{\"rampUpStartTime\":{\"hour\":6,\"minute\":0},\"peakStartTime\":{\"hour\":8,\"minute\":15},\"rampDownStartTime\":{\"hour\":16,\"minute\":30},\"offPeakStartTime\":{\"hour\":18,\"minute\":45},\"name\":\"PooledSchedule1\",\"daysOfWeek\":[\"Monday\",\"Tuesday\",\"Wednesday\"],\"rampUpLoadBalancingAlgorithm\":\"BreadthFirst\",\"rampUpMinimumHostsPct\":1,\"rampUpCapacityThresholdPct\":10,\"peakLoadBalancingAlgorithm\":\"BreadthFirst\",\"rampDownLoadBalancingAlgorithm\":\"BreadthFirst\",\"rampDownMinimumHostsPct\":0,\"rampDownCapacityThresholdPct\":10,\"rampDownForceLogoffUsers\":false,\"rampDownWaitTimeMinutes\":0,\"rampDownNotificationMessage\":\"\",\"rampDownStopHostsWhen\":\"ZeroSessions\",\"offPeakLoadBalancingAlgorithm\":\"BreadthFirst\"}],\"hostPoolReferences\":[],\"objectId\":\"4ced705e-246e-47e6-ab80-fbd8440d7f9e\"}}",
      "isContentBase64": false
    }
  },
  "Get-AzWvdScalingPlanPooledSchedule+[NoContext]+List+$PUT+https://management.azure.com/subscriptions/dbedef25-184c-430f-b383-0eeb87c3205d/resourceGroups/alecbUserSessionTests/providers/Microsoft.DesktopVirtualization/scalingPlans/ScalingPlanPowershellContained1?api-version=2023-07-07-preview+1": {
    "Request": {
      "Method": "PUT",
      "RequestUri": "https://management.azure.com/subscriptions/dbedef25-184c-430f-b383-0eeb87c3205d/resourceGroups/alecbUserSessionTests/providers/Microsoft.DesktopVirtualization/scalingPlans/ScalingPlanPowershellContained1?api-version=2023-07-07-preview",
      "Content": "{\r\n  \"location\": \"westus2\",\r\n  \"properties\": {\r\n    \"description\": \"desc\",\r\n    \"friendlyName\": \"fri\",\r\n    \"timeZone\": \"Pacific Standard Time\",\r\n    \"hostPoolType\": \"Pooled\",\r\n    \"schedules\": [ ],\r\n    \"hostPoolReferences\": [ ]\r\n  }\r\n}",
      "isContentBase64": false,
      "Headers": {
      },
      "ContentHeaders": {
        "Content-Type": [ "application/json" ],
        "Content-Length": [ "237" ]
      }
    },
    "Response": {
      "StatusCode": 201,
      "Headers": {
        "Cache-Control": [ "no-cache" ],
        "Pragma": [ "no-cache" ],
        "Location": [ "/subscriptions/dbedef25-184c-430f-b383-0eeb87c3205d/resourcegroups/alecbUserSessionTests/providers/Microsoft.DesktopVirtualization/scalingplans/ScalingPlanPowershellContained1" ],
        "X-Rate-Limit-Limit": [ "0" ],
        "X-Rate-Limit-Remaining": [ "9223372036854775807" ],
        "X-Rate-Limit-Reset": [ "0" ],
        "x-ms-opsarmpath64": [ "L3N1YnNjcmlwdGlvbnMvZGJlZGVmMjUtMTg0Yy00MzBmLWIzODMtMGVlYjg3YzMyMDVkL3Jlc291cmNlR3JvdXBzL2FsZWNiVXNlclNlc3Npb25UZXN0cy9wcm92aWRlcnMvTWljcm9zb2Z0LkRlc2t0b3BWaXJ0dWFsaXphdGlvbi9zY2FsaW5nUGxhbnMvU2NhbGluZ1BsYW5Qb3dlcnNoZWxsQ29udGFpbmVkMQ==" ],
        "x-ms-lamport-ts": [ "115487949" ],
        "x-ms-correlation-id": [ "a61e73fe-e834-4a48-ad1f-3ab25902e45f" ],
        "x-ms-request-id": [ "597c5db4-8a89-4339-a199-5a97c3995c02" ],
        "X-Content-Type-Options": [ "nosniff" ],
        "Set-Cookie": [ "ARRAffinity=136ead941a19baf9a74bd41f746b55cb14e4cf321e040e50f7bd8162d430922d;Path=/;HttpOnly;Secure;Domain=rdarmprovider-g-us-r0.wvdselfhost.microsoft.com", "ARRAffinitySameSite=136ead941a19baf9a74bd41f746b55cb14e4cf321e040e50f7bd8162d430922d;Path=/;HttpOnly;SameSite=None;Secure;Domain=rdarmprovider-g-us-r0.wvdselfhost.microsoft.com" ],
        "Server": [ "Microsoft-IIS/10.0" ],
        "X-Powered-By": [ "ASP.NET" ],
        "x-ms-ratelimit-remaining-subscription-writes": [ "1152" ],
        "x-ms-correlation-request-id": [ "81f44626-9ac3-48ee-bceb-d14f8615569b" ],
        "x-ms-routing-request-id": [ "WESTCENTRALUS:20230816T183315Z:81f44626-9ac3-48ee-bceb-d14f8615569b" ],
        "Strict-Transport-Security": [ "max-age=31536000; includeSubDomains" ],
        "Date": [ "Wed, 16 Aug 2023 18:33:14 GMT" ]
      },
      "ContentHeaders": {
        "Content-Length": [ "799" ],
        "Content-Type": [ "application/json; charset=utf-8" ],
        "Expires": [ "-1" ]
      },
      "Content": "{\"name\":\"ScalingPlanPowershellContained1\",\"id\":\"/subscriptions/dbedef25-184c-430f-b383-0eeb87c3205d/resourcegroups/alecbUserSessionTests/providers/Microsoft.DesktopVirtualization/scalingplans/ScalingPlanPowershellContained1\",\"type\":\"Microsoft.DesktopVirtualization/scalingplans\",\"location\":\"westus2\",\"tags\":null,\"kind\":null,\"systemData\":{\"createdBy\":\"admin@wvdtesttenant.onmicrosoft.com\",\"createdByType\":\"User\",\"createdAt\":\"2023-08-16T18:33:14.80Z\",\"lastModifiedBy\":\"admin@wvdtesttenant.onmicrosoft.com\",\"lastModifiedByType\":\"User\",\"lastModifiedAt\":\"2023-08-16T18:33:14.80Z\"},\"properties\":{\"description\":\"desc\",\"friendlyName\":\"fri\",\"timeZone\":\"Pacific Standard Time\",\"hostPoolType\":\"Pooled\",\"exclusionTag\":\"\",\"schedules\":[],\"hostPoolReferences\":[],\"objectId\":\"51873fc5-b690-473e-a9d1-e03f51779819\"}}",
      "isContentBase64": false
    }
  },
  "Get-AzWvdScalingPlanPooledSchedule+[NoContext]+List+$PUT+https://management.azure.com/subscriptions/dbedef25-184c-430f-b383-0eeb87c3205d/resourceGroups/alecbUserSessionTests/providers/Microsoft.DesktopVirtualization/scalingPlans/ScalingPlanPowershellContained1/pooledSchedules/PooledSchedule1?api-version=2023-07-07-preview+2": {
    "Request": {
      "Method": "PUT",
      "RequestUri": "https://management.azure.com/subscriptions/dbedef25-184c-430f-b383-0eeb87c3205d/resourceGroups/alecbUserSessionTests/providers/Microsoft.DesktopVirtualization/scalingPlans/ScalingPlanPowershellContained1/pooledSchedules/PooledSchedule1?api-version=2023-07-07-preview",
      "Content": "{\r\n  \"properties\": {\r\n    \"rampUpStartTime\": {\r\n      \"hour\": 6,\r\n      \"minute\": 0\r\n    },\r\n    \"peakStartTime\": {\r\n      \"hour\": 8,\r\n      \"minute\": 15\r\n    },\r\n    \"rampDownStartTime\": {\r\n      \"hour\": 16,\r\n      \"minute\": 30\r\n    },\r\n    \"offPeakStartTime\": {\r\n      \"hour\": 18,\r\n      \"minute\": 45\r\n    },\r\n    \"daysOfWeek\": [ \"Monday\", \"Tuesday\", \"Wednesday\" ],\r\n    \"rampUpLoadBalancingAlgorithm\": \"BreadthFirst\",\r\n    \"rampUpMinimumHostsPct\": 1,\r\n    \"rampUpCapacityThresholdPct\": 10,\r\n    \"peakLoadBalancingAlgorithm\": \"BreadthFirst\",\r\n    \"rampDownLoadBalancingAlgorithm\": \"BreadthFirst\",\r\n    \"rampDownCapacityThresholdPct\": 10,\r\n    \"offPeakLoadBalancingAlgorithm\": \"BreadthFirst\"\r\n  }\r\n}",
      "isContentBase64": false,
      "Headers": {
      },
      "ContentHeaders": {
        "Content-Type": [ "application/json" ],
        "Content-Length": [ "700" ]
      }
    },
    "Response": {
      "StatusCode": 200,
      "Headers": {
        "Cache-Control": [ "no-cache" ],
        "Pragma": [ "no-cache" ],
        "Vary": [ "Accept-Encoding" ],
        "x-ms-ratelimit-remaining-subscription-writes": [ "1151" ],
        "X-Rate-Limit-Limit": [ "0" ],
        "X-Rate-Limit-Remaining": [ "9223372036854775807" ],
        "X-Rate-Limit-Reset": [ "0" ],
        "x-ms-opsarmpath64": [ "L3N1YnNjcmlwdGlvbnMvZGJlZGVmMjUtMTg0Yy00MzBmLWIzODMtMGVlYjg3YzMyMDVkL3Jlc291cmNlR3JvdXBzL2FsZWNiVXNlclNlc3Npb25UZXN0cy9wcm92aWRlcnMvTWljcm9zb2Z0LkRlc2t0b3BWaXJ0dWFsaXphdGlvbi9zY2FsaW5nUGxhbnMvU2NhbGluZ1BsYW5Qb3dlcnNoZWxsQ29udGFpbmVkMS9wb29sZWRTY2hlZHVsZXMvUG9vbGVkU2NoZWR1bGUx" ],
        "x-ms-lamport-ts": [ "115487990" ],
        "x-ms-correlation-id": [ "a3e22b31-268d-4e62-8fe5-47e3a86709b2" ],
        "x-ms-request-id": [ "cd1f716c-8b24-4b26-a968-e6921c7dabc2" ],
        "X-Content-Type-Options": [ "nosniff" ],
        "Set-Cookie": [ "ARRAffinity=47e899d5dc0547d5646e3c2c0081ae2cb7fddd55609bf4af48732c4283928a51;Path=/;HttpOnly;Secure;Domain=rdarmprovider-g-us-r0.wvdselfhost.microsoft.com", "ARRAffinitySameSite=47e899d5dc0547d5646e3c2c0081ae2cb7fddd55609bf4af48732c4283928a51;Path=/;HttpOnly;SameSite=None;Secure;Domain=rdarmprovider-g-us-r0.wvdselfhost.microsoft.com" ],
        "Server": [ "Microsoft-IIS/10.0" ],
        "X-Powered-By": [ "ASP.NET" ],
        "x-ms-correlation-request-id": [ "007da9d9-b5cb-4b54-9c04-49d4279f17d0" ],
        "x-ms-routing-request-id": [ "WESTCENTRALUS:20230816T183315Z:007da9d9-b5cb-4b54-9c04-49d4279f17d0" ],
        "Strict-Transport-Security": [ "max-age=31536000; includeSubDomains" ],
        "Date": [ "Wed, 16 Aug 2023 18:33:15 GMT" ]
      },
      "ContentHeaders": {
        "Content-Length": [ "1285" ],
        "Content-Type": [ "application/json; charset=utf-8" ],
        "Expires": [ "-1" ]
      },
      "Content": "{\"name\":\"ScalingPlanPowershellContained1/PooledSchedule1\",\"id\":\"/subscriptions/dbedef25-184c-430f-b383-0eeb87c3205d/resourcegroups/alecbUserSessionTests/providers/Microsoft.DesktopVirtualization/scalingplans/ScalingPlanPowershellContained1/pooledSchedules/PooledSchedule1\",\"type\":\"Microsoft.DesktopVirtualization/scalingplans/pooledSchedules\",\"properties\":{\"rampUpStartTime\":{\"hour\":6,\"minute\":0},\"peakStartTime\":{\"hour\":8,\"minute\":15},\"rampDownStartTime\":{\"hour\":16,\"minute\":30},\"offPeakStartTime\":{\"hour\":18,\"minute\":45},\"name\":\"PooledSchedule1\",\"daysOfWeek\":[\"Monday\",\"Tuesday\",\"Wednesday\"],\"rampUpLoadBalancingAlgorithm\":\"BreadthFirst\",\"rampUpMinimumHostsPct\":1,\"rampUpCapacityThresholdPct\":10,\"peakLoadBalancingAlgorithm\":\"BreadthFirst\",\"rampDownLoadBalancingAlgorithm\":\"BreadthFirst\",\"rampDownMinimumHostsPct\":0,\"rampDownCapacityThresholdPct\":10,\"rampDownForceLogoffUsers\":false,\"rampDownWaitTimeMinutes\":0,\"rampDownNotificationMessage\":\"\",\"rampDownStopHostsWhen\":\"ZeroSessions\",\"offPeakLoadBalancingAlgorithm\":\"BreadthFirst\"},\"systemData\":{\"createdBy\":\"admin@wvdtesttenant.onmicrosoft.com\",\"createdByType\":\"User\",\"createdAt\":\"2023-08-16T18:33:15.41Z\",\"lastModifiedBy\":\"admin@wvdtesttenant.onmicrosoft.com\",\"lastModifiedByType\":\"User\",\"lastModifiedAt\":\"2023-08-16T18:33:15.41Z\"}}",
      "isContentBase64": false
    }
  },
  "Get-AzWvdScalingPlanPooledSchedule+[NoContext]+List+$PUT+https://management.azure.com/subscriptions/dbedef25-184c-430f-b383-0eeb87c3205d/resourceGroups/alecbUserSessionTests/providers/Microsoft.DesktopVirtualization/scalingPlans/ScalingPlanPowershellContained1/pooledSchedules/PooledSchedule2?api-version=2023-07-07-preview+3": {
    "Request": {
      "Method": "PUT",
      "RequestUri": "https://management.azure.com/subscriptions/dbedef25-184c-430f-b383-0eeb87c3205d/resourceGroups/alecbUserSessionTests/providers/Microsoft.DesktopVirtualization/scalingPlans/ScalingPlanPowershellContained1/pooledSchedules/PooledSchedule2?api-version=2023-07-07-preview",
      "Content": "{\r\n  \"properties\": {\r\n    \"rampUpStartTime\": {\r\n      \"hour\": 6,\r\n      \"minute\": 0\r\n    },\r\n    \"peakStartTime\": {\r\n      \"hour\": 8,\r\n      \"minute\": 15\r\n    },\r\n    \"rampDownStartTime\": {\r\n      \"hour\": 16,\r\n      \"minute\": 30\r\n    },\r\n    \"offPeakStartTime\": {\r\n      \"hour\": 18,\r\n      \"minute\": 45\r\n    },\r\n    \"daysOfWeek\": [ \"Thursday\", \"Friday\" ],\r\n    \"rampUpLoadBalancingAlgorithm\": \"BreadthFirst\",\r\n    \"rampUpMinimumHostsPct\": 1,\r\n    \"rampUpCapacityThresholdPct\": 10,\r\n    \"peakLoadBalancingAlgorithm\": \"BreadthFirst\",\r\n    \"rampDownLoadBalancingAlgorithm\": \"BreadthFirst\",\r\n    \"rampDownCapacityThresholdPct\": 10,\r\n    \"offPeakLoadBalancingAlgorithm\": \"BreadthFirst\"\r\n  }\r\n}",
      "isContentBase64": false,
      "Headers": {
      },
      "ContentHeaders": {
        "Content-Type": [ "application/json" ],
        "Content-Length": [ "688" ]
      }
    },
    "Response": {
      "StatusCode": 200,
      "Headers": {
        "Cache-Control": [ "no-cache" ],
        "Pragma": [ "no-cache" ],
        "Vary": [ "Accept-Encoding" ],
        "x-ms-ratelimit-remaining-subscription-writes": [ "1150" ],
        "X-Rate-Limit-Limit": [ "0" ],
        "X-Rate-Limit-Remaining": [ "9223372036854775807" ],
        "X-Rate-Limit-Reset": [ "0" ],
        "x-ms-opsarmpath64": [ "L3N1YnNjcmlwdGlvbnMvZGJlZGVmMjUtMTg0Yy00MzBmLWIzODMtMGVlYjg3YzMyMDVkL3Jlc291cmNlR3JvdXBzL2FsZWNiVXNlclNlc3Npb25UZXN0cy9wcm92aWRlcnMvTWljcm9zb2Z0LkRlc2t0b3BWaXJ0dWFsaXphdGlvbi9zY2FsaW5nUGxhbnMvU2NhbGluZ1BsYW5Qb3dlcnNoZWxsQ29udGFpbmVkMS9wb29sZWRTY2hlZHVsZXMvUG9vbGVkU2NoZWR1bGUy" ],
        "x-ms-lamport-ts": [ "115487963" ],
        "x-ms-correlation-id": [ "35e52c2b-79fd-4267-b27f-863c7f691dd8" ],
        "x-ms-request-id": [ "9fbc4c35-d131-4b5d-809b-3c98f6a4d7d1" ],
        "X-Content-Type-Options": [ "nosniff" ],
        "Set-Cookie": [ "ARRAffinity=8709cede3dff6cc96c3687614f6f6d07d26f1b7354152bf58fb5a84fbfd96a8a;Path=/;HttpOnly;Secure;Domain=rdarmprovider-g-us-r0.wvdselfhost.microsoft.com", "ARRAffinitySameSite=8709cede3dff6cc96c3687614f6f6d07d26f1b7354152bf58fb5a84fbfd96a8a;Path=/;HttpOnly;SameSite=None;Secure;Domain=rdarmprovider-g-us-r0.wvdselfhost.microsoft.com" ],
        "Server": [ "Microsoft-IIS/10.0" ],
        "X-Powered-By": [ "ASP.NET" ],
        "x-ms-correlation-request-id": [ "aa8810ef-30c7-4198-9be2-80969152c37d" ],
        "x-ms-routing-request-id": [ "WESTCENTRALUS:20230816T183316Z:aa8810ef-30c7-4198-9be2-80969152c37d" ],
        "Strict-Transport-Security": [ "max-age=31536000; includeSubDomains" ],
        "Date": [ "Wed, 16 Aug 2023 18:33:15 GMT" ]
      },
      "ContentHeaders": {
        "Content-Length": [ "1274" ],
        "Content-Type": [ "application/json; charset=utf-8" ],
        "Expires": [ "-1" ]
      },
      "Content": "{\"name\":\"ScalingPlanPowershellContained1/PooledSchedule2\",\"id\":\"/subscriptions/dbedef25-184c-430f-b383-0eeb87c3205d/resourcegroups/alecbUserSessionTests/providers/Microsoft.DesktopVirtualization/scalingplans/ScalingPlanPowershellContained1/pooledSchedules/PooledSchedule2\",\"type\":\"Microsoft.DesktopVirtualization/scalingplans/pooledSchedules\",\"properties\":{\"rampUpStartTime\":{\"hour\":6,\"minute\":0},\"peakStartTime\":{\"hour\":8,\"minute\":15},\"rampDownStartTime\":{\"hour\":16,\"minute\":30},\"offPeakStartTime\":{\"hour\":18,\"minute\":45},\"name\":\"PooledSchedule2\",\"daysOfWeek\":[\"Thursday\",\"Friday\"],\"rampUpLoadBalancingAlgorithm\":\"BreadthFirst\",\"rampUpMinimumHostsPct\":1,\"rampUpCapacityThresholdPct\":10,\"peakLoadBalancingAlgorithm\":\"BreadthFirst\",\"rampDownLoadBalancingAlgorithm\":\"BreadthFirst\",\"rampDownMinimumHostsPct\":0,\"rampDownCapacityThresholdPct\":10,\"rampDownForceLogoffUsers\":false,\"rampDownWaitTimeMinutes\":0,\"rampDownNotificationMessage\":\"\",\"rampDownStopHostsWhen\":\"ZeroSessions\",\"offPeakLoadBalancingAlgorithm\":\"BreadthFirst\"},\"systemData\":{\"createdBy\":\"admin@wvdtesttenant.onmicrosoft.com\",\"createdByType\":\"User\",\"createdAt\":\"2023-08-16T18:33:16.09Z\",\"lastModifiedBy\":\"admin@wvdtesttenant.onmicrosoft.com\",\"lastModifiedByType\":\"User\",\"lastModifiedAt\":\"2023-08-16T18:33:16.09Z\"}}",
      "isContentBase64": false
    }
  },
  "Get-AzWvdScalingPlanPooledSchedule+[NoContext]+List+$GET+https://management.azure.com/subscriptions/dbedef25-184c-430f-b383-0eeb87c3205d/resourceGroups/alecbUserSessionTests/providers/Microsoft.DesktopVirtualization/scalingPlans/ScalingPlanPowershellContained1/pooledSchedules?api-version=2023-07-07-preview+4": {
    "Request": {
      "Method": "GET",
      "RequestUri": "https://management.azure.com/subscriptions/dbedef25-184c-430f-b383-0eeb87c3205d/resourceGroups/alecbUserSessionTests/providers/Microsoft.DesktopVirtualization/scalingPlans/ScalingPlanPowershellContained1/pooledSchedules?api-version=2023-07-07-preview",
      "Content": null,
      "isContentBase64": false,
      "Headers": {
        "x-ms-unique-id": [ "133" ],
        "x-ms-client-request-id": [ "a5a458be-5747-44dc-9c65-80a426984c68" ],
        "CommandName": [ "Get-AzWvdScalingPlanPooledSchedule" ],
        "FullCommandName": [ "Get-AzWvdScalingPlanPooledSchedule_List" ],
        "ParameterSetName": [ "__AllParameterSets" ],
        "User-Agent": [ "AzurePowershell/v9.0.1", "PSVersion/v7.2.13", "Az.DesktopVirtualization/2.1.0" ],
        "Authorization": [ "[Filtered]" ]
      },
      "ContentHeaders": {
      }
    },
    "Response": {
      "StatusCode": 200,
      "Headers": {
        "Cache-Control": [ "no-cache" ],
        "Pragma": [ "no-cache" ],
        "Vary": [ "Accept-Encoding" ],
        "x-ms-ratelimit-remaining-subscription-reads": [ "11969" ],
        "X-Rate-Limit-Limit": [ "0" ],
        "X-Rate-Limit-Remaining": [ "9223372036854775807" ],
        "X-Rate-Limit-Reset": [ "0" ],
        "x-ms-opsarmpath64": [ "L3N1YnNjcmlwdGlvbnMvZGJlZGVmMjUtMTg0Yy00MzBmLWIzODMtMGVlYjg3YzMyMDVkL3Jlc291cmNlR3JvdXBzL2FsZWNiVXNlclNlc3Npb25UZXN0cy9wcm92aWRlcnMvTWljcm9zb2Z0LkRlc2t0b3BWaXJ0dWFsaXphdGlvbi9zY2FsaW5nUGxhbnMvU2NhbGluZ1BsYW5Qb3dlcnNoZWxsQ29udGFpbmVkMQ==" ],
        "x-ms-lamport-ts": [ "115487954" ],
        "x-ms-correlation-id": [ "ae7b9a54-ed57-405d-9553-ae14d5684d64" ],
        "x-ms-request-id": [ "a5a458be-5747-44dc-9c65-80a426984c68" ],
        "X-Content-Type-Options": [ "nosniff" ],
        "Set-Cookie": [ "ARRAffinity=136ead941a19baf9a74bd41f746b55cb14e4cf321e040e50f7bd8162d430922d;Path=/;HttpOnly;Secure;Domain=rdarmprovider-g-us-r0.wvdselfhost.microsoft.com", "ARRAffinitySameSite=136ead941a19baf9a74bd41f746b55cb14e4cf321e040e50f7bd8162d430922d;Path=/;HttpOnly;SameSite=None;Secure;Domain=rdarmprovider-g-us-r0.wvdselfhost.microsoft.com" ],
        "Server": [ "Microsoft-IIS/10.0" ],
        "X-Powered-By": [ "ASP.NET" ],
        "x-ms-correlation-request-id": [ "555a2944-f684-4348-8dd0-5a7ad79dd636" ],
        "x-ms-routing-request-id": [ "WESTCENTRALUS:20230816T183316Z:555a2944-f684-4348-8dd0-5a7ad79dd636" ],
        "Strict-Transport-Security": [ "max-age=31536000; includeSubDomains" ],
        "Date": [ "Wed, 16 Aug 2023 18:33:16 GMT" ]
      },
      "ContentHeaders": {
        "Content-Length": [ "2588" ],
        "Content-Type": [ "application/json; charset=utf-8" ],
        "Expires": [ "-1" ]
      },
      "Content": "{\"value\":[{\"name\":\"ScalingPlanPowershellContained1/PooledSchedule1\",\"id\":\"/subscriptions/dbedef25-184c-430f-b383-0eeb87c3205d/resourcegroups/alecbUserSessionTests/providers/Microsoft.DesktopVirtualization/scalingplans/ScalingPlanPowershellContained1/pooledSchedules/PooledSchedule1\",\"type\":\"Microsoft.DesktopVirtualization/scalingplans/pooledSchedules\",\"properties\":{\"rampUpStartTime\":{\"hour\":6,\"minute\":0},\"peakStartTime\":{\"hour\":8,\"minute\":15},\"rampDownStartTime\":{\"hour\":16,\"minute\":30},\"offPeakStartTime\":{\"hour\":18,\"minute\":45},\"name\":\"PooledSchedule1\",\"daysOfWeek\":[\"Monday\",\"Tuesday\",\"Wednesday\"],\"rampUpLoadBalancingAlgorithm\":\"BreadthFirst\",\"rampUpMinimumHostsPct\":1,\"rampUpCapacityThresholdPct\":10,\"peakLoadBalancingAlgorithm\":\"BreadthFirst\",\"rampDownLoadBalancingAlgorithm\":\"BreadthFirst\",\"rampDownMinimumHostsPct\":0,\"rampDownCapacityThresholdPct\":10,\"rampDownForceLogoffUsers\":false,\"rampDownWaitTimeMinutes\":0,\"rampDownNotificationMessage\":\"\",\"rampDownStopHostsWhen\":\"ZeroSessions\",\"offPeakLoadBalancingAlgorithm\":\"BreadthFirst\"},\"systemData\":{\"createdBy\":\"admin@wvdtesttenant.onmicrosoft.com\",\"createdByType\":\"User\",\"createdAt\":\"2023-08-16T18:33:15.41Z\",\"lastModifiedBy\":\"admin@wvdtesttenant.onmicrosoft.com\",\"lastModifiedByType\":\"User\",\"lastModifiedAt\":\"2023-08-16T18:33:15.41Z\"}},{\"name\":\"ScalingPlanPowershellContained1/PooledSchedule2\",\"id\":\"/subscriptions/dbedef25-184c-430f-b383-0eeb87c3205d/resourcegroups/alecbUserSessionTests/providers/Microsoft.DesktopVirtualization/scalingplans/ScalingPlanPowershellContained1/pooledSchedules/PooledSchedule2\",\"type\":\"Microsoft.DesktopVirtualization/scalingplans/pooledSchedules\",\"properties\":{\"rampUpStartTime\":{\"hour\":6,\"minute\":0},\"peakStartTime\":{\"hour\":8,\"minute\":15},\"rampDownStartTime\":{\"hour\":16,\"minute\":30},\"offPeakStartTime\":{\"hour\":18,\"minute\":45},\"name\":\"PooledSchedule2\",\"daysOfWeek\":[\"Thursday\",\"Friday\"],\"rampUpLoadBalancingAlgorithm\":\"BreadthFirst\",\"rampUpMinimumHostsPct\":1,\"rampUpCapacityThresholdPct\":10,\"peakLoadBalancingAlgorithm\":\"BreadthFirst\",\"rampDownLoadBalancingAlgorithm\":\"BreadthFirst\",\"rampDownMinimumHostsPct\":0,\"rampDownCapacityThresholdPct\":10,\"rampDownForceLogoffUsers\":false,\"rampDownWaitTimeMinutes\":0,\"rampDownNotificationMessage\":\"\",\"rampDownStopHostsWhen\":\"ZeroSessions\",\"offPeakLoadBalancingAlgorithm\":\"BreadthFirst\"},\"systemData\":{\"createdBy\":\"admin@wvdtesttenant.onmicrosoft.com\",\"createdByType\":\"User\",\"createdAt\":\"2023-08-16T18:33:16.09Z\",\"lastModifiedBy\":\"admin@wvdtesttenant.onmicrosoft.com\",\"lastModifiedByType\":\"User\",\"lastModifiedAt\":\"2023-08-16T18:33:16.09Z\"}}],\"nextLink\":null}",
      "isContentBase64": false
    }
  },
  "Get-AzWvdScalingPlanPooledSchedule+[NoContext]+List+$DELETE+https://management.azure.com/subscriptions/dbedef25-184c-430f-b383-0eeb87c3205d/resourceGroups/alecbUserSessionTests/providers/Microsoft.DesktopVirtualization/scalingPlans/ScalingPlanPowershellContained1?api-version=2023-07-07-preview+5": {
    "Request": {
      "Method": "DELETE",
      "RequestUri": "https://management.azure.com/subscriptions/dbedef25-184c-430f-b383-0eeb87c3205d/resourceGroups/alecbUserSessionTests/providers/Microsoft.DesktopVirtualization/scalingPlans/ScalingPlanPowershellContained1?api-version=2023-07-07-preview",
      "Content": null,
      "isContentBase64": false,
      "Headers": {
        "x-ms-unique-id": [ "134" ],
        "x-ms-client-request-id": [ "e8846d4b-e527-4dd3-9d83-31d9c8589e07" ],
        "CommandName": [ "Remove-AzWvdScalingPlan" ],
        "FullCommandName": [ "Remove-AzWvdScalingPlan_Delete" ],
        "ParameterSetName": [ "__AllParameterSets" ],
        "User-Agent": [ "AzurePowershell/v9.0.1", "PSVersion/v7.2.13", "Az.DesktopVirtualization/2.1.0" ],
        "Authorization": [ "[Filtered]" ]
      },
      "ContentHeaders": {
      }
    },
    "Response": {
      "StatusCode": 200,
      "Headers": {
        "Cache-Control": [ "no-cache" ],
        "Pragma": [ "no-cache" ],
        "Vary": [ "Accept-Encoding" ],
        "x-ms-ratelimit-remaining-subscription-deletes": [ "14949" ],
        "X-Rate-Limit-Limit": [ "0" ],
        "X-Rate-Limit-Remaining": [ "9223372036854775807" ],
        "X-Rate-Limit-Reset": [ "0" ],
        "x-ms-opsarmpath64": [ "L3N1YnNjcmlwdGlvbnMvZGJlZGVmMjUtMTg0Yy00MzBmLWIzODMtMGVlYjg3YzMyMDVkL3Jlc291cmNlR3JvdXBzL2FsZWNiVXNlclNlc3Npb25UZXN0cy9wcm92aWRlcnMvTWljcm9zb2Z0LkRlc2t0b3BWaXJ0dWFsaXphdGlvbi9zY2FsaW5nUGxhbnMvU2NhbGluZ1BsYW5Qb3dlcnNoZWxsQ29udGFpbmVkMQ==" ],
        "x-ms-lamport-ts": [ "115487995" ],
        "x-ms-correlation-id": [ "86c0ff67-bb38-4d44-8f1c-52da4509e6ad" ],
        "x-ms-request-id": [ "e8846d4b-e527-4dd3-9d83-31d9c8589e07" ],
        "X-Content-Type-Options": [ "nosniff" ],
        "Set-Cookie": [ "ARRAffinity=47e899d5dc0547d5646e3c2c0081ae2cb7fddd55609bf4af48732c4283928a51;Path=/;HttpOnly;Secure;Domain=rdarmprovider-g-us-r0.wvdselfhost.microsoft.com", "ARRAffinitySameSite=47e899d5dc0547d5646e3c2c0081ae2cb7fddd55609bf4af48732c4283928a51;Path=/;HttpOnly;SameSite=None;Secure;Domain=rdarmprovider-g-us-r0.wvdselfhost.microsoft.com" ],
        "Server": [ "Microsoft-IIS/10.0" ],
        "X-Powered-By": [ "ASP.NET" ],
        "x-ms-correlation-request-id": [ "93475f8a-2a3c-4eb4-9353-553bd9b14c29" ],
        "x-ms-routing-request-id": [ "WESTCENTRALUS:20230816T183317Z:93475f8a-2a3c-4eb4-9353-553bd9b14c29" ],
        "Strict-Transport-Security": [ "max-age=31536000; includeSubDomains" ],
        "Date": [ "Wed, 16 Aug 2023 18:33:17 GMT" ]
      },
      "ContentHeaders": {
        "Content-Length": [ "2141" ],
        "Content-Type": [ "application/json; charset=utf-8" ],
        "Expires": [ "-1" ]
      },
      "Content": "{\"name\":\"ScalingPlanPowershellContained1\",\"id\":\"/subscriptions/dbedef25-184c-430f-b383-0eeb87c3205d/resourcegroups/alecbUserSessionTests/providers/Microsoft.DesktopVirtualization/scalingplans/ScalingPlanPowershellContained1\",\"type\":\"Microsoft.DesktopVirtualization/scalingplans\",\"location\":\"westus2\",\"tags\":null,\"kind\":null,\"systemData\":{\"createdBy\":\"admin@wvdtesttenant.onmicrosoft.com\",\"createdByType\":\"User\",\"createdAt\":\"2023-08-16T18:33:14.80Z\",\"lastModifiedBy\":\"admin@wvdtesttenant.onmicrosoft.com\",\"lastModifiedByType\":\"User\",\"lastModifiedAt\":\"2023-08-16T18:33:14.80Z\"},\"properties\":{\"description\":\"desc\",\"friendlyName\":\"fri\",\"timeZone\":\"Pacific Standard Time\",\"hostPoolType\":\"Pooled\",\"exclusionTag\":\"\",\"schedules\":[{\"rampUpStartTime\":{\"hour\":6,\"minute\":0},\"peakStartTime\":{\"hour\":8,\"minute\":15},\"rampDownStartTime\":{\"hour\":16,\"minute\":30},\"offPeakStartTime\":{\"hour\":18,\"minute\":45},\"name\":\"PooledSchedule1\",\"daysOfWeek\":[\"Monday\",\"Tuesday\",\"Wednesday\"],\"rampUpLoadBalancingAlgorithm\":\"BreadthFirst\",\"rampUpMinimumHostsPct\":1,\"rampUpCapacityThresholdPct\":10,\"peakLoadBalancingAlgorithm\":\"BreadthFirst\",\"rampDownLoadBalancingAlgorithm\":\"BreadthFirst\",\"rampDownMinimumHostsPct\":0,\"rampDownCapacityThresholdPct\":10,\"rampDownForceLogoffUsers\":false,\"rampDownWaitTimeMinutes\":0,\"rampDownNotificationMessage\":\"\",\"rampDownStopHostsWhen\":\"ZeroSessions\",\"offPeakLoadBalancingAlgorithm\":\"BreadthFirst\"},{\"rampUpStartTime\":{\"hour\":6,\"minute\":0},\"peakStartTime\":{\"hour\":8,\"minute\":15},\"rampDownStartTime\":{\"hour\":16,\"minute\":30},\"offPeakStartTime\":{\"hour\":18,\"minute\":45},\"name\":\"PooledSchedule2\",\"daysOfWeek\":[\"Thursday\",\"Friday\"],\"rampUpLoadBalancingAlgorithm\":\"BreadthFirst\",\"rampUpMinimumHostsPct\":1,\"rampUpCapacityThresholdPct\":10,\"peakLoadBalancingAlgorithm\":\"BreadthFirst\",\"rampDownLoadBalancingAlgorithm\":\"BreadthFirst\",\"rampDownMinimumHostsPct\":0,\"rampDownCapacityThresholdPct\":10,\"rampDownForceLogoffUsers\":false,\"rampDownWaitTimeMinutes\":0,\"rampDownNotificationMessage\":\"\",\"rampDownStopHostsWhen\":\"ZeroSessions\",\"offPeakLoadBalancingAlgorithm\":\"BreadthFirst\"}],\"hostPoolReferences\":[],\"objectId\":\"51873fc5-b690-473e-a9d1-e03f51779819\"}}",
      "isContentBase64": false
    }
  }
}