{
  "New-AzWvdHostPool+[NoContext]+FullSenerioCreate+$PUT+https://management.azure.com/subscriptions/dbedef25-184c-430f-b383-0eeb87c3205d/resourceGroups/alecbUserSessionTests/providers/Microsoft.DesktopVirtualization/hostPools/HostPoolPowershellContained1?api-version=2022-10-14-preview+1": {
    "Request": {
      "Method": "PUT",
      "RequestUri": "https://management.azure.com/subscriptions/dbedef25-184c-430f-b383-0eeb87c3205d/resourceGroups/alecbUserSessionTests/providers/Microsoft.DesktopVirtualization/hostPools/HostPoolPowershellContained1?api-version=2022-10-14-preview",
      "Content": "{\r\n  \"location\": \"westus2\",\r\n  \"properties\": {\r\n    \"hostPoolType\": \"Pooled\",\r\n    \"loadBalancerType\": \"DepthFirst\",\r\n    \"preferredAppGroupType\": \"Desktop\"\r\n  }\r\n}",
      "isContentBase64": false,
      "Headers": {
      },
      "ContentHeaders": {
        "Content-Type": [ "application/json" ],
        "Content-Length": [ "164" ]
      }
    },
    "Response": {
      "StatusCode": 201,
      "Headers": {
        "Cache-Control": [ "no-cache" ],
        "Pragma": [ "no-cache" ],
        "Location": [ "/subscriptions/dbedef25-184c-430f-b383-0eeb87c3205d/resourcegroups/alecbUserSessionTests/providers/Microsoft.DesktopVirtualization/hostpools/HostPoolPowershellContained1" ],
        "X-Rate-Limit-Limit": [ "0" ],
        "X-Rate-Limit-Remaining": [ "9223372036854775807" ],
        "X-Rate-Limit-Reset": [ "0" ],
        "x-ms-opsarmpath64": [ "L3N1YnNjcmlwdGlvbnMvZGJlZGVmMjUtMTg0Yy00MzBmLWIzODMtMGVlYjg3YzMyMDVkL3Jlc291cmNlR3JvdXBzL2FsZWNiVXNlclNlc3Npb25UZXN0cy9wcm92aWRlcnMvTWljcm9zb2Z0LkRlc2t0b3BWaXJ0dWFsaXphdGlvbi9ob3N0UG9vbHMvSG9zdFBvb2xQb3dlcnNoZWxsQ29udGFpbmVkMQ==" ],
        "x-ms-lamport-ts": [ "106275538" ],
        "x-ms-correlation-id": [ "2098b175-3848-43d6-8b1f-f58d9a607327" ],
        "x-ms-request-id": [ "3106ddaa-89d6-4e22-99b4-d9229cf88610" ],
        "X-Content-Type-Options": [ "nosniff" ],
        "Set-Cookie": [ "ARRAffinity=b34b3aa3b73c20633be4db36b45b4eabb1f2f2707b98216dd9e344acdede2909;Path=/;HttpOnly;Secure;Domain=rdarmprovider-g-us-r0.wvdselfhost.microsoft.com", "ARRAffinitySameSite=b34b3aa3b73c20633be4db36b45b4eabb1f2f2707b98216dd9e344acdede2909;Path=/;HttpOnly;SameSite=None;Secure;Domain=rdarmprovider-g-us-r0.wvdselfhost.microsoft.com" ],
        "Server": [ "Microsoft-IIS/10.0" ],
        "X-Powered-By": [ "ASP.NET" ],
        "x-ms-ratelimit-remaining-subscription-writes": [ "1138" ],
        "x-ms-correlation-request-id": [ "df2d947b-4f5d-4b08-b3eb-0ff3812027a9" ],
        "x-ms-routing-request-id": [ "WESTCENTRALUS:20230628T005204Z:df2d947b-4f5d-4b08-b3eb-0ff3812027a9" ],
        "Strict-Transport-Security": [ "max-age=31536000; includeSubDomains" ],
        "Date": [ "Wed, 28 Jun 2023 00:52:03 GMT" ]
      },
      "ContentHeaders": {
        "Content-Length": [ "1538" ],
        "Content-Type": [ "application/json; charset=utf-8" ],
        "Expires": [ "-1" ]
      },
      "Content": "{\"name\":\"HostPoolPowershellContained1\",\"id\":\"/subscriptions/dbedef25-184c-430f-b383-0eeb87c3205d/resourcegroups/alecbUserSessionTests/providers/Microsoft.DesktopVirtualization/hostpools/HostPoolPowershellContained1\",\"type\":\"Microsoft.DesktopVirtualization/hostpools\",\"location\":\"westus2\",\"tags\":null,\"kind\":null,\"systemData\":{\"createdBy\":\"admin@wvdtesttenant.onmicrosoft.com\",\"createdByType\":\"User\",\"createdAt\":\"2023-06-28T00:52:03.89Z\",\"lastModifiedBy\":\"admin@wvdtesttenant.onmicrosoft.com\",\"lastModifiedByType\":\"User\",\"lastModifiedAt\":\"2023-06-28T00:52:03.89Z\"},\"properties\":{\"agentUpdate\":null,\"privateEndpointConnections\":null,\"publicNetworkAccess\":\"Enabled\",\"friendlyName\":null,\"description\":null,\"hostPoolType\":\"Pooled\",\"personalDesktopAssignmentType\":null,\"applicationGroupReferences\":[],\"customRdpProperty\":\"drivestoredirect:s:*;audiomode:i:0;videoplaybackmode:i:1;redirectclipboard:i:1;redirectprinters:i:1;devicestoredirect:s:*;redirectcomports:i:1;redirectsmartcards:i:1;usbdevicestoredirect:s:*;enablecredsspsupport:i:1;redirectwebauthn:i:1;use multimon:i:1;\",\"maxSessionLimit\":999999,\"loadBalancerType\":\"DepthFirst\",\"validationEnvironment\":false,\"ring\":null,\"registrationInfo\":{\"expirationTime\":null,\"token\":null,\"registrationTokenOperation\":\"None\"},\"vmTemplate\":null,\"preferredAppGroupType\":\"Desktop\",\"migrationRequest\":null,\"cloudPcResource\":false,\"startVMOnConnect\":false,\"ssoadfsAuthority\":null,\"ssoClientId\":null,\"ssoClientSecretKeyVaultPath\":null,\"ssoSecretType\":null,\"objectId\":\"96877488-8220-4049-9bb7-63a0627bcee0\"}}",
      "isContentBase64": false
    }
  },
  "New-AzWvdHostPool+[NoContext]+FullSenerioCreate+$PUT+https://management.azure.com/subscriptions/dbedef25-184c-430f-b383-0eeb87c3205d/resourceGroups/alecbUserSessionTests/providers/Microsoft.DesktopVirtualization/applicationGroups/FullSenerioCreateAG?api-version=2022-10-14-preview+2": {
    "Request": {
      "Method": "PUT",
      "RequestUri": "https://management.azure.com/subscriptions/dbedef25-184c-430f-b383-0eeb87c3205d/resourceGroups/alecbUserSessionTests/providers/Microsoft.DesktopVirtualization/applicationGroups/FullSenerioCreateAG?api-version=2022-10-14-preview",
      "Content": "{\r\n  \"location\": \"westus2\",\r\n  \"properties\": {\r\n    \"hostPoolArmPath\": \"/subscriptions/dbedef25-184c-430f-b383-0eeb87c3205d/resourcegroups/alecbUserSessionTests/providers/Microsoft.DesktopVirtualization/hostpools/HostPoolPowershellContained1\",\r\n    \"applicationGroupType\": \"Desktop\"\r\n  }\r\n}",
      "isContentBase64": false,
      "Headers": {
      },
      "ContentHeaders": {
        "Content-Type": [ "application/json" ],
        "Content-Length": [ "290" ]
      }
    },
    "Response": {
      "StatusCode": 201,
      "Headers": {
        "Cache-Control": [ "no-cache" ],
        "Pragma": [ "no-cache" ],
        "Location": [ "/subscriptions/dbedef25-184c-430f-b383-0eeb87c3205d/resourcegroups/alecbUserSessionTests/providers/Microsoft.DesktopVirtualization/applicationgroups/FullSenerioCreateAG" ],
        "X-Rate-Limit-Limit": [ "0" ],
        "X-Rate-Limit-Remaining": [ "9223372036854775807" ],
        "X-Rate-Limit-Reset": [ "0" ],
        "x-ms-opsarmpath64": [ "L3N1YnNjcmlwdGlvbnMvZGJlZGVmMjUtMTg0Yy00MzBmLWIzODMtMGVlYjg3YzMyMDVkL3Jlc291cmNlR3JvdXBzL2FsZWNiVXNlclNlc3Npb25UZXN0cy9wcm92aWRlcnMvTWljcm9zb2Z0LkRlc2t0b3BWaXJ0dWFsaXphdGlvbi9hcHBsaWNhdGlvbkdyb3Vwcy9GdWxsU2VuZXJpb0NyZWF0ZUFH" ],
        "x-ms-lamport-ts": [ "106275476" ],
        "x-ms-correlation-id": [ "5d34d7c6-612d-4f79-b16f-66542f2980e4" ],
        "x-ms-request-id": [ "e063c256-5f2b-47e6-aa6b-004d0d21fc60" ],
        "X-Content-Type-Options": [ "nosniff" ],
        "Set-Cookie": [ "ARRAffinity=200de21427d0c1dd2d869b53e33412d0ea489a73f18ab9db8212a0998e7da59c;Path=/;HttpOnly;Secure;Domain=rdarmprovider-g-us-r0.wvdselfhost.microsoft.com", "ARRAffinitySameSite=200de21427d0c1dd2d869b53e33412d0ea489a73f18ab9db8212a0998e7da59c;Path=/;HttpOnly;SameSite=None;Secure;Domain=rdarmprovider-g-us-r0.wvdselfhost.microsoft.com" ],
        "Server": [ "Microsoft-IIS/10.0" ],
        "X-Powered-By": [ "ASP.NET" ],
        "x-ms-ratelimit-remaining-subscription-writes": [ "1137" ],
        "x-ms-correlation-request-id": [ "f000e21e-4520-4550-85c5-9443f90961bd" ],
        "x-ms-routing-request-id": [ "WESTCENTRALUS:20230628T005205Z:f000e21e-4520-4550-85c5-9443f90961bd" ],
        "Strict-Transport-Security": [ "max-age=31536000; includeSubDomains" ],
        "Date": [ "Wed, 28 Jun 2023 00:52:04 GMT" ]
      },
      "ContentHeaders": {
        "Content-Length": [ "982" ],
        "Content-Type": [ "application/json; charset=utf-8" ],
        "Expires": [ "-1" ]
      },
      "Content": "{\"name\":\"FullSenerioCreateAG\",\"id\":\"/subscriptions/dbedef25-184c-430f-b383-0eeb87c3205d/resourcegroups/alecbUserSessionTests/providers/Microsoft.DesktopVirtualization/applicationgroups/FullSenerioCreateAG\",\"type\":\"Microsoft.DesktopVirtualization/applicationgroups\",\"location\":\"westus2\",\"tags\":{},\"kind\":\"Desktop\",\"systemData\":{\"createdBy\":\"admin@wvdtesttenant.onmicrosoft.com\",\"createdByType\":\"User\",\"createdAt\":\"2023-06-28T00:52:04.81Z\",\"lastModifiedBy\":\"admin@wvdtesttenant.onmicrosoft.com\",\"lastModifiedByType\":\"User\",\"lastModifiedAt\":\"2023-06-28T00:52:04.81Z\"},\"properties\":{\"hostPoolArmPath\":\"/subscriptions/dbedef25-184c-430f-b383-0eeb87c3205d/resourcegroups/alecbUserSessionTests/providers/Microsoft.DesktopVirtualization/hostpools/HostPoolPowershellContained1\",\"workspaceArmPath\":null,\"description\":null,\"friendlyName\":null,\"applicationGroupType\":\"Desktop\",\"migrationRequest\":null,\"cloudPcResource\":false,\"showInFeed\":null,\"objectId\":\"b68619db-4a32-49ec-a54d-0a38a3f4fb8e\"}}",
      "isContentBase64": false
    }
  },
  "New-AzWvdHostPool+[NoContext]+FullSenerioCreate+$PUT+https://management.azure.com/subscriptions/dbedef25-184c-430f-b383-0eeb87c3205d/resourceGroups/alecbUserSessionTests/providers/Microsoft.DesktopVirtualization/workspaces/FullSenerioCreateWS?api-version=2022-10-14-preview+3": {
    "Request": {
      "Method": "PUT",
      "RequestUri": "https://management.azure.com/subscriptions/dbedef25-184c-430f-b383-0eeb87c3205d/resourceGroups/alecbUserSessionTests/providers/Microsoft.DesktopVirtualization/workspaces/FullSenerioCreateWS?api-version=2022-10-14-preview",
      "Content": "{\r\n  \"location\": \"westus2\",\r\n  \"properties\": {\r\n    \"applicationGroupReferences\": [ \"/subscriptions/dbedef25-184c-430f-b383-0eeb87c3205d/resourcegroups/alecbUserSessionTests/providers/Microsoft.DesktopVirtualization/applicationgroups/FullSenerioCreateAG\" ]\r\n  }\r\n}",
      "isContentBase64": false,
      "Headers": {
      },
      "ContentHeaders": {
        "Content-Type": [ "application/json" ],
        "Content-Length": [ "264" ]
      }
    },
    "Response": {
      "StatusCode": 201,
      "Headers": {
        "Cache-Control": [ "no-cache" ],
        "Pragma": [ "no-cache" ],
        "Location": [ "/subscriptions/dbedef25-184c-430f-b383-0eeb87c3205d/resourcegroups/alecbUserSessionTests/providers/Microsoft.DesktopVirtualization/workspaces/FullSenerioCreateWS" ],
        "X-Rate-Limit-Limit": [ "0" ],
        "X-Rate-Limit-Remaining": [ "9223372036854775807" ],
        "X-Rate-Limit-Reset": [ "0" ],
        "x-ms-opsarmpath64": [ "L3N1YnNjcmlwdGlvbnMvZGJlZGVmMjUtMTg0Yy00MzBmLWIzODMtMGVlYjg3YzMyMDVkL3Jlc291cmNlR3JvdXBzL2FsZWNiVXNlclNlc3Npb25UZXN0cy9wcm92aWRlcnMvTWljcm9zb2Z0LkRlc2t0b3BWaXJ0dWFsaXphdGlvbi93b3Jrc3BhY2VzL0Z1bGxTZW5lcmlvQ3JlYXRlV1M=" ],
        "x-ms-lamport-ts": [ "106275552" ],
        "x-ms-correlation-id": [ "a7077b9e-4e9e-4bd3-96af-7b4b694a6be4" ],
        "x-ms-request-id": [ "22bff6ee-2e9a-455c-9376-f8c598ed34e1" ],
        "X-Content-Type-Options": [ "nosniff" ],
        "Set-Cookie": [ "ARRAffinity=a31eb62e8fa5fccc488f1b764e015b7c6918a5a68c6d31b38f885e3c06338b76;Path=/;HttpOnly;Secure;Domain=rdarmprovider-g-us-r0.wvdselfhost.microsoft.com", "ARRAffinitySameSite=a31eb62e8fa5fccc488f1b764e015b7c6918a5a68c6d31b38f885e3c06338b76;Path=/;HttpOnly;SameSite=None;Secure;Domain=rdarmprovider-g-us-r0.wvdselfhost.microsoft.com" ],
        "Server": [ "Microsoft-IIS/10.0" ],
        "X-Powered-By": [ "ASP.NET" ],
        "x-ms-ratelimit-remaining-subscription-writes": [ "1136" ],
        "x-ms-correlation-request-id": [ "76859420-bf4d-4e98-9bdf-a9766134eb7b" ],
        "x-ms-routing-request-id": [ "WESTCENTRALUS:20230628T005206Z:76859420-bf4d-4e98-9bdf-a9766134eb7b" ],
        "Strict-Transport-Security": [ "max-age=31536000; includeSubDomains" ],
        "Date": [ "Wed, 28 Jun 2023 00:52:05 GMT" ]
      },
      "ContentHeaders": {
        "Content-Length": [ "944" ],
        "Content-Type": [ "application/json; charset=utf-8" ],
        "Expires": [ "-1" ]
      },
      "Content": "{\"name\":\"FullSenerioCreateWS\",\"id\":\"/subscriptions/dbedef25-184c-430f-b383-0eeb87c3205d/resourcegroups/alecbUserSessionTests/providers/Microsoft.DesktopVirtualization/workspaces/FullSenerioCreateWS\",\"type\":\"Microsoft.DesktopVirtualization/workspaces\",\"location\":\"westus2\",\"tags\":null,\"kind\":null,\"systemData\":{\"createdBy\":\"admin@wvdtesttenant.onmicrosoft.com\",\"createdByType\":\"User\",\"createdAt\":\"2023-06-28T00:52:05.78Z\",\"lastModifiedBy\":\"admin@wvdtesttenant.onmicrosoft.com\",\"lastModifiedByType\":\"User\",\"lastModifiedAt\":\"2023-06-28T00:52:05.78Z\"},\"properties\":{\"privateEndpointConnections\":null,\"publicNetworkAccess\":\"Enabled\",\"description\":null,\"friendlyName\":null,\"applicationGroupReferences\":[\"/subscriptions/dbedef25-184c-430f-b383-0eeb87c3205d/resourcegroups/alecbUserSessionTests/providers/Microsoft.DesktopVirtualization/applicationgroups/FullSenerioCreateAG\"],\"cloudPcResource\":false,\"objectId\":\"aca04c5e-8975-4b45-bfca-88556c2a0c3f\"}}",
      "isContentBase64": false
    }
  },
  "New-AzWvdHostPool+[NoContext]+FullSenerioCreate+$DELETE+https://management.azure.com/subscriptions/dbedef25-184c-430f-b383-0eeb87c3205d/resourceGroups/alecbUserSessionTests/providers/Microsoft.DesktopVirtualization/applicationGroups/FullSenerioCreateAG?api-version=2022-10-14-preview+4": {
    "Request": {
      "Method": "DELETE",
      "RequestUri": "https://management.azure.com/subscriptions/dbedef25-184c-430f-b383-0eeb87c3205d/resourceGroups/alecbUserSessionTests/providers/Microsoft.DesktopVirtualization/applicationGroups/FullSenerioCreateAG?api-version=2022-10-14-preview",
      "Content": null,
      "isContentBase64": false,
      "Headers": {
        "x-ms-unique-id": [ "178" ],
        "x-ms-client-request-id": [ "65d03585-a264-4d4a-98d0-708251c6e62f" ],
        "CommandName": [ "Remove-AzWvdApplicationGroup" ],
        "FullCommandName": [ "Remove-AzWvdApplicationGroup_Delete" ],
        "ParameterSetName": [ "__AllParameterSets" ],
        "User-Agent": [ "AzurePowershell/v9.0.1", "PSVersion/v7.2.11", "Az.DesktopVirtualization/2.1.0" ],
        "Authorization": [ "[Filtered]" ]
      },
      "ContentHeaders": {
      }
    },
    "Response": {
      "StatusCode": 200,
      "Headers": {
        "Cache-Control": [ "no-cache" ],
        "Pragma": [ "no-cache" ],
        "Vary": [ "Accept-Encoding" ],
        "x-ms-ratelimit-remaining-subscription-deletes": [ "14933" ],
        "X-Rate-Limit-Limit": [ "0" ],
        "X-Rate-Limit-Remaining": [ "9223372036854775807" ],
        "X-Rate-Limit-Reset": [ "0" ],
        "x-ms-opsarmpath64": [ "L3N1YnNjcmlwdGlvbnMvZGJlZGVmMjUtMTg0Yy00MzBmLWIzODMtMGVlYjg3YzMyMDVkL3Jlc291cmNlR3JvdXBzL2FsZWNiVXNlclNlc3Npb25UZXN0cy9wcm92aWRlcnMvTWljcm9zb2Z0LkRlc2t0b3BWaXJ0dWFsaXphdGlvbi9hcHBsaWNhdGlvbkdyb3Vwcy9GdWxsU2VuZXJpb0NyZWF0ZUFH" ],
        "x-ms-lamport-ts": [ "106275541" ],
        "x-ms-correlation-id": [ "d0d70988-a6c6-4f62-8a7e-19ff5be91551" ],
        "x-ms-request-id": [ "65d03585-a264-4d4a-98d0-708251c6e62f" ],
        "X-Content-Type-Options": [ "nosniff" ],
        "Set-Cookie": [ "ARRAffinity=b34b3aa3b73c20633be4db36b45b4eabb1f2f2707b98216dd9e344acdede2909;Path=/;HttpOnly;Secure;Domain=rdarmprovider-g-us-r0.wvdselfhost.microsoft.com", "ARRAffinitySameSite=b34b3aa3b73c20633be4db36b45b4eabb1f2f2707b98216dd9e344acdede2909;Path=/;HttpOnly;SameSite=None;Secure;Domain=rdarmprovider-g-us-r0.wvdselfhost.microsoft.com" ],
        "Server": [ "Microsoft-IIS/10.0" ],
        "X-Powered-By": [ "ASP.NET" ],
        "x-ms-correlation-request-id": [ "e6a17079-4bc3-4091-affe-2f86569a3911" ],
        "x-ms-routing-request-id": [ "WESTCENTRALUS:20230628T005207Z:e6a17079-4bc3-4091-affe-2f86569a3911" ],
        "Strict-Transport-Security": [ "max-age=31536000; includeSubDomains" ],
        "Date": [ "Wed, 28 Jun 2023 00:52:06 GMT" ]
      },
      "ContentHeaders": {
        "Content-Length": [ "1141" ],
        "Content-Type": [ "application/json; charset=utf-8" ],
        "Expires": [ "-1" ]
      },
      "Content": "{\"name\":\"FullSenerioCreateAG\",\"id\":\"/subscriptions/dbedef25-184c-430f-b383-0eeb87c3205d/resourcegroups/alecbUserSessionTests/providers/Microsoft.DesktopVirtualization/applicationgroups/FullSenerioCreateAG\",\"type\":\"Microsoft.DesktopVirtualization/applicationgroups\",\"location\":\"westus2\",\"tags\":{},\"kind\":\"Desktop\",\"systemData\":{\"createdBy\":\"admin@wvdtesttenant.onmicrosoft.com\",\"createdByType\":\"User\",\"createdAt\":\"2023-06-28T00:52:04.81Z\",\"lastModifiedBy\":\"admin@wvdtesttenant.onmicrosoft.com\",\"lastModifiedByType\":\"User\",\"lastModifiedAt\":\"2023-06-28T00:52:04.81Z\"},\"properties\":{\"hostPoolArmPath\":\"/subscriptions/dbedef25-184c-430f-b383-0eeb87c3205d/resourcegroups/alecbUserSessionTests/providers/Microsoft.DesktopVirtualization/hostpools/HostPoolPowershellContained1\",\"workspaceArmPath\":\"/subscriptions/dbedef25-184c-430f-b383-0eeb87c3205d/resourcegroups/alecbUserSessionTests/providers/Microsoft.DesktopVirtualization/workspaces/FullSenerioCreateWS\",\"description\":null,\"friendlyName\":null,\"applicationGroupType\":\"Desktop\",\"migrationRequest\":null,\"cloudPcResource\":false,\"showInFeed\":null,\"objectId\":\"b68619db-4a32-49ec-a54d-0a38a3f4fb8e\"}}",
      "isContentBase64": false
    }
  },
  "New-AzWvdHostPool+[NoContext]+FullSenerioCreate+$DELETE+https://management.azure.com/subscriptions/dbedef25-184c-430f-b383-0eeb87c3205d/resourceGroups/alecbUserSessionTests/providers/Microsoft.DesktopVirtualization/hostPools/HostPoolPowershellContained1?api-version=2022-10-14-preview+5": {
    "Request": {
      "Method": "DELETE",
      "RequestUri": "https://management.azure.com/subscriptions/dbedef25-184c-430f-b383-0eeb87c3205d/resourceGroups/alecbUserSessionTests/providers/Microsoft.DesktopVirtualization/hostPools/HostPoolPowershellContained1?api-version=2022-10-14-preview",
      "Content": null,
      "isContentBase64": false,
      "Headers": {
        "x-ms-unique-id": [ "179" ],
        "x-ms-client-request-id": [ "6f170e04-0e8f-4170-b980-c79260f44b00" ],
        "CommandName": [ "Remove-AzWvdHostPool" ],
        "FullCommandName": [ "Remove-AzWvdHostPool_Delete" ],
        "ParameterSetName": [ "__AllParameterSets" ],
        "User-Agent": [ "AzurePowershell/v9.0.1", "PSVersion/v7.2.11", "Az.DesktopVirtualization/2.1.0" ],
        "Authorization": [ "[Filtered]" ]
      },
      "ContentHeaders": {
      }
    },
    "Response": {
      "StatusCode": 200,
      "Headers": {
        "Cache-Control": [ "no-cache" ],
        "Pragma": [ "no-cache" ],
        "Vary": [ "Accept-Encoding" ],
        "x-ms-ratelimit-remaining-subscription-deletes": [ "14932" ],
        "X-Rate-Limit-Limit": [ "0" ],
        "X-Rate-Limit-Remaining": [ "9223372036854775807" ],
        "X-Rate-Limit-Reset": [ "0" ],
        "x-ms-opsarmpath64": [ "L3N1YnNjcmlwdGlvbnMvZGJlZGVmMjUtMTg0Yy00MzBmLWIzODMtMGVlYjg3YzMyMDVkL3Jlc291cmNlR3JvdXBzL2FsZWNiVXNlclNlc3Npb25UZXN0cy9wcm92aWRlcnMvTWljcm9zb2Z0LkRlc2t0b3BWaXJ0dWFsaXphdGlvbi9ob3N0UG9vbHMvSG9zdFBvb2xQb3dlcnNoZWxsQ29udGFpbmVkMQ==" ],
        "x-ms-lamport-ts": [ "106275479" ],
        "x-ms-correlation-id": [ "fe092e6e-7517-4f8c-94dc-f7dd381ff96d" ],
        "x-ms-request-id": [ "6f170e04-0e8f-4170-b980-c79260f44b00" ],
        "X-Content-Type-Options": [ "nosniff" ],
        "Set-Cookie": [ "ARRAffinity=200de21427d0c1dd2d869b53e33412d0ea489a73f18ab9db8212a0998e7da59c;Path=/;HttpOnly;Secure;Domain=rdarmprovider-g-us-r0.wvdselfhost.microsoft.com", "ARRAffinitySameSite=200de21427d0c1dd2d869b53e33412d0ea489a73f18ab9db8212a0998e7da59c;Path=/;HttpOnly;SameSite=None;Secure;Domain=rdarmprovider-g-us-r0.wvdselfhost.microsoft.com" ],
        "Server": [ "Microsoft-IIS/10.0" ],
        "X-Powered-By": [ "ASP.NET" ],
        "x-ms-correlation-request-id": [ "c9617e8d-bae1-47a4-a361-3a6a99f1f11b" ],
        "x-ms-routing-request-id": [ "WESTCENTRALUS:20230628T005208Z:c9617e8d-bae1-47a4-a361-3a6a99f1f11b" ],
        "Strict-Transport-Security": [ "max-age=31536000; includeSubDomains" ],
        "Date": [ "Wed, 28 Jun 2023 00:52:07 GMT" ]
      },
      "ContentHeaders": {
        "Content-Length": [ "1536" ],
        "Content-Type": [ "application/json; charset=utf-8" ],
        "Expires": [ "-1" ]
      },
      "Content": "{\"name\":\"HostPoolPowershellContained1\",\"id\":\"/subscriptions/dbedef25-184c-430f-b383-0eeb87c3205d/resourcegroups/alecbUserSessionTests/providers/Microsoft.DesktopVirtualization/hostpools/HostPoolPowershellContained1\",\"type\":\"Microsoft.DesktopVirtualization/hostpools\",\"location\":\"westus2\",\"tags\":null,\"kind\":null,\"systemData\":{\"createdBy\":\"admin@wvdtesttenant.onmicrosoft.com\",\"createdByType\":\"User\",\"createdAt\":\"2023-06-28T00:52:03.89Z\",\"lastModifiedBy\":\"admin@wvdtesttenant.onmicrosoft.com\",\"lastModifiedByType\":\"User\",\"lastModifiedAt\":\"2023-06-28T00:52:03.89Z\"},\"properties\":{\"agentUpdate\":null,\"privateEndpointConnections\":[],\"publicNetworkAccess\":\"Enabled\",\"friendlyName\":null,\"description\":null,\"hostPoolType\":\"Pooled\",\"personalDesktopAssignmentType\":null,\"applicationGroupReferences\":[],\"customRdpProperty\":\"drivestoredirect:s:*;audiomode:i:0;videoplaybackmode:i:1;redirectclipboard:i:1;redirectprinters:i:1;devicestoredirect:s:*;redirectcomports:i:1;redirectsmartcards:i:1;usbdevicestoredirect:s:*;enablecredsspsupport:i:1;redirectwebauthn:i:1;use multimon:i:1;\",\"maxSessionLimit\":999999,\"loadBalancerType\":\"DepthFirst\",\"validationEnvironment\":false,\"ring\":null,\"registrationInfo\":{\"expirationTime\":null,\"token\":null,\"registrationTokenOperation\":\"None\"},\"vmTemplate\":null,\"preferredAppGroupType\":\"Desktop\",\"migrationRequest\":null,\"cloudPcResource\":false,\"startVMOnConnect\":false,\"ssoadfsAuthority\":null,\"ssoClientId\":null,\"ssoClientSecretKeyVaultPath\":null,\"ssoSecretType\":null,\"objectId\":\"96877488-8220-4049-9bb7-63a0627bcee0\"}}",
      "isContentBase64": false
    }
  },
  "New-AzWvdHostPool+[NoContext]+FullSenerioCreate+$DELETE+https://management.azure.com/subscriptions/dbedef25-184c-430f-b383-0eeb87c3205d/resourceGroups/alecbUserSessionTests/providers/Microsoft.DesktopVirtualization/workspaces/FullSenerioCreateWS?api-version=2022-10-14-preview+6": {
    "Request": {
      "Method": "DELETE",
      "RequestUri": "https://management.azure.com/subscriptions/dbedef25-184c-430f-b383-0eeb87c3205d/resourceGroups/alecbUserSessionTests/providers/Microsoft.DesktopVirtualization/workspaces/FullSenerioCreateWS?api-version=2022-10-14-preview",
      "Content": null,
      "isContentBase64": false,
      "Headers": {
        "x-ms-unique-id": [ "180" ],
        "x-ms-client-request-id": [ "757d833a-faa7-4981-bd2a-6e4bf25ec32a" ],
        "CommandName": [ "Remove-AzWvdWorkspace" ],
        "FullCommandName": [ "Remove-AzWvdWorkspace_Delete" ],
        "ParameterSetName": [ "__AllParameterSets" ],
        "User-Agent": [ "AzurePowershell/v9.0.1", "PSVersion/v7.2.11", "Az.DesktopVirtualization/2.1.0" ],
        "Authorization": [ "[Filtered]" ]
      },
      "ContentHeaders": {
      }
    },
    "Response": {
      "StatusCode": 200,
      "Headers": {
        "Cache-Control": [ "no-cache" ],
        "Pragma": [ "no-cache" ],
        "Vary": [ "Accept-Encoding" ],
        "x-ms-ratelimit-remaining-subscription-deletes": [ "14931" ],
        "X-Rate-Limit-Limit": [ "0" ],
        "X-Rate-Limit-Remaining": [ "9223372036854775807" ],
        "X-Rate-Limit-Reset": [ "0" ],
        "x-ms-opsarmpath64": [ "L3N1YnNjcmlwdGlvbnMvZGJlZGVmMjUtMTg0Yy00MzBmLWIzODMtMGVlYjg3YzMyMDVkL3Jlc291cmNlR3JvdXBzL2FsZWNiVXNlclNlc3Npb25UZXN0cy9wcm92aWRlcnMvTWljcm9zb2Z0LkRlc2t0b3BWaXJ0dWFsaXphdGlvbi93b3Jrc3BhY2VzL0Z1bGxTZW5lcmlvQ3JlYXRlV1M=" ],
        "x-ms-lamport-ts": [ "106275566" ],
        "x-ms-correlation-id": [ "aa667195-b8b9-4a9e-846f-582f5e70ae1b" ],
        "x-ms-request-id": [ "757d833a-faa7-4981-bd2a-6e4bf25ec32a" ],
        "X-Content-Type-Options": [ "nosniff" ],
        "Set-Cookie": [ "ARRAffinity=a31eb62e8fa5fccc488f1b764e015b7c6918a5a68c6d31b38f885e3c06338b76;Path=/;HttpOnly;Secure;Domain=rdarmprovider-g-us-r0.wvdselfhost.microsoft.com", "ARRAffinitySameSite=a31eb62e8fa5fccc488f1b764e015b7c6918a5a68c6d31b38f885e3c06338b76;Path=/;HttpOnly;SameSite=None;Secure;Domain=rdarmprovider-g-us-r0.wvdselfhost.microsoft.com" ],
        "Server": [ "Microsoft-IIS/10.0" ],
        "X-Powered-By": [ "ASP.NET" ],
        "x-ms-correlation-request-id": [ "9554a4f2-50a7-439f-ba73-dc5b1a016017" ],
        "x-ms-routing-request-id": [ "WESTCENTRALUS:20230628T005208Z:9554a4f2-50a7-439f-ba73-dc5b1a016017" ],
        "Strict-Transport-Security": [ "max-age=31536000; includeSubDomains" ],
        "Date": [ "Wed, 28 Jun 2023 00:52:08 GMT" ]
      },
      "ContentHeaders": {
        "Content-Length": [ "538" ],
        "Content-Type": [ "application/json; charset=utf-8" ],
        "Expires": [ "-1" ]
      },
      "Content": "{\"name\":\"FullSenerioCreateWS\",\"id\":\"/subscriptions/dbedef25-184c-430f-b383-0eeb87c3205d/resourcegroups/alecbUserSessionTests/providers/Microsoft.DesktopVirtualization/workspaces/FullSenerioCreateWS\",\"type\":\"Microsoft.DesktopVirtualization/workspaces\",\"location\":\"westus2\",\"tags\":null,\"kind\":null,\"systemData\":null,\"properties\":{\"privateEndpointConnections\":[],\"publicNetworkAccess\":\"Enabled\",\"description\":null,\"friendlyName\":null,\"applicationGroupReferences\":[],\"cloudPcResource\":false,\"objectId\":\"aca04c5e-8975-4b45-bfca-88556c2a0c3f\"}}",
      "isContentBase64": false
    }
  },
  "New-AzWvdHostPool+[NoContext]+Create+$PUT+https://management.azure.com/subscriptions/dbedef25-184c-430f-b383-0eeb87c3205d/resourceGroups/alecbUserSessionTests/providers/Microsoft.DesktopVirtualization/hostPools/HostPoolPowershellContained1?api-version=2022-10-14-preview+1": {
    "Request": {
      "Method": "PUT",
      "RequestUri": "https://management.azure.com/subscriptions/dbedef25-184c-430f-b383-0eeb87c3205d/resourceGroups/alecbUserSessionTests/providers/Microsoft.DesktopVirtualization/hostPools/HostPoolPowershellContained1?api-version=2022-10-14-preview",
      "Content": "{\r\n  \"location\": \"westus2\",\r\n  \"properties\": {\r\n    \"registrationInfo\": {\r\n      \"expirationTime\": \"2023-06-28T18:52:09.4591904-06:00\",\r\n      \"registrationTokenOperation\": \"Update\"\r\n    },\r\n    \"friendlyName\": \"fri\",\r\n    \"description\": \"des\",\r\n    \"hostPoolType\": \"Pooled\",\r\n    \"customRdpProperty\": \"\",\r\n    \"maxSessionLimit\": 5,\r\n    \"loadBalancerType\": \"DepthFirst\",\r\n    \"ring\": 0,\r\n    \"validationEnvironment\": false,\r\n    \"vmTemplate\": \"{option1}\",\r\n    \"preferredAppGroupType\": \"Desktop\",\r\n    \"startVMOnConnect\": false\r\n  }\r\n}",
      "isContentBase64": false,
      "Headers": {
      },
      "ContentHeaders": {
        "Content-Type": [ "application/json" ],
        "Content-Length": [ "536" ]
      }
    },
    "Response": {
      "StatusCode": 201,
      "Headers": {
        "Cache-Control": [ "no-cache" ],
        "Pragma": [ "no-cache" ],
        "Location": [ "/subscriptions/dbedef25-184c-430f-b383-0eeb87c3205d/resourcegroups/alecbUserSessionTests/providers/Microsoft.DesktopVirtualization/hostpools/HostPoolPowershellContained1" ],
        "X-Rate-Limit-Limit": [ "0" ],
        "X-Rate-Limit-Remaining": [ "9223372036854775807" ],
        "X-Rate-Limit-Reset": [ "0" ],
        "x-ms-opsarmpath64": [ "L3N1YnNjcmlwdGlvbnMvZGJlZGVmMjUtMTg0Yy00MzBmLWIzODMtMGVlYjg3YzMyMDVkL3Jlc291cmNlR3JvdXBzL2FsZWNiVXNlclNlc3Npb25UZXN0cy9wcm92aWRlcnMvTWljcm9zb2Z0LkRlc2t0b3BWaXJ0dWFsaXphdGlvbi9ob3N0UG9vbHMvSG9zdFBvb2xQb3dlcnNoZWxsQ29udGFpbmVkMQ==" ],
        "x-ms-lamport-ts": [ "106275547" ],
        "x-ms-correlation-id": [ "75daeb01-6e53-4a40-87ad-ebd4468cc146" ],
        "x-ms-request-id": [ "f6da01d4-30e0-472e-a0c3-1e7f8a00ff55" ],
        "X-Content-Type-Options": [ "nosniff" ],
        "Set-Cookie": [ "ARRAffinity=b34b3aa3b73c20633be4db36b45b4eabb1f2f2707b98216dd9e344acdede2909;Path=/;HttpOnly;Secure;Domain=rdarmprovider-g-us-r0.wvdselfhost.microsoft.com", "ARRAffinitySameSite=b34b3aa3b73c20633be4db36b45b4eabb1f2f2707b98216dd9e344acdede2909;Path=/;HttpOnly;SameSite=None;Secure;Domain=rdarmprovider-g-us-r0.wvdselfhost.microsoft.com" ],
        "Server": [ "Microsoft-IIS/10.0" ],
        "X-Powered-By": [ "ASP.NET" ],
        "x-ms-ratelimit-remaining-subscription-writes": [ "1135" ],
        "x-ms-correlation-request-id": [ "e93d43d6-b7ae-410f-af4e-76b78b0190de" ],
        "x-ms-routing-request-id": [ "WESTCENTRALUS:20230628T005209Z:e93d43d6-b7ae-410f-af4e-76b78b0190de" ],
        "Strict-Transport-Security": [ "max-age=31536000; includeSubDomains" ],
        "Date": [ "Wed, 28 Jun 2023 00:52:08 GMT" ]
      },
      "ContentHeaders": {
        "Content-Length": [ "2847" ],
        "Content-Type": [ "application/json; charset=utf-8" ],
        "Expires": [ "-1" ]
      },
      "Content": "{\"name\":\"HostPoolPowershellContained1\",\"id\":\"/subscriptions/dbedef25-184c-430f-b383-0eeb87c3205d/resourcegroups/alecbUserSessionTests/providers/Microsoft.DesktopVirtualization/hostpools/HostPoolPowershellContained1\",\"type\":\"Microsoft.DesktopVirtualization/hostpools\",\"location\":\"westus2\",\"tags\":null,\"kind\":null,\"systemData\":{\"createdBy\":\"admin@wvdtesttenant.onmicrosoft.com\",\"createdByType\":\"User\",\"createdAt\":\"2023-06-28T00:52:09.53Z\",\"lastModifiedBy\":\"admin@wvdtesttenant.onmicrosoft.com\",\"lastModifiedByType\":\"User\",\"lastModifiedAt\":\"2023-06-28T00:52:09.53Z\"},\"properties\":{\"agentUpdate\":null,\"privateEndpointConnections\":null,\"publicNetworkAccess\":\"Enabled\",\"friendlyName\":\"fri\",\"description\":\"des\",\"hostPoolType\":\"Pooled\",\"personalDesktopAssignmentType\":null,\"applicationGroupReferences\":[],\"customRdpProperty\":\"\",\"maxSessionLimit\":5,\"loadBalancerType\":\"DepthFirst\",\"validationEnvironment\":false,\"ring\":null,\"registrationInfo\":{\"expirationTime\":\"2023-06-29T00:52:09.4591904+00:00\",\"token\":\"eyJhbGciOiJSUzI1NiIsImtpZCI6IjQzRTU4MTFGNENFRkQ5Q0VENUQ4MjA5MDA1RUYyRkM2NEQ3ODBEQ0UiLCJ0eXAiOiJKV1QifQ.eyJSZWdpc3RyYXRpb25JZCI6IjYzZTVmOWEwLTQzZjMtNDljNy04MTEwLWFlMjk1Yjc5MzRkMiIsIkJyb2tlclVyaSI6Imh0dHBzOi8vcmRicm9rZXItZy11cy1yMC53dmRzZWxmaG9zdC5taWNyb3NvZnQuY29tLyIsIkRpYWdub3N0aWNzVXJpIjoiaHR0cHM6Ly9yZGRpYWdub3N0aWNzLWctdXMtcjAud3Zkc2VsZmhvc3QubWljcm9zb2Z0LmNvbS8iLCJFbmRwb2ludFBvb2xJZCI6ImMzN2ZmNmM0LTRkZGUtNDg5OS1hZjYwLWUyNjVjYzZhYWQyYiIsIkdsb2JhbEJyb2tlclVyaSI6Imh0dHBzOi8vcmRicm9rZXIud3Zkc2VsZmhvc3QubWljcm9zb2Z0LmNvbS8iLCJHZW9ncmFwaHkiOiJVUyIsIkdsb2JhbEJyb2tlclJlc291cmNlSWRVcmkiOiJodHRwczovL2MzN2ZmNmM0LTRkZGUtNDg5OS1hZjYwLWUyNjVjYzZhYWQyYi5yZGJyb2tlci53dmRzZWxmaG9zdC5taWNyb3NvZnQuY29tLyIsIkJyb2tlclJlc291cmNlSWRVcmkiOiJodHRwczovL2MzN2ZmNmM0LTRkZGUtNDg5OS1hZjYwLWUyNjVjYzZhYWQyYi5yZGJyb2tlci1nLXVzLXIwLnd2ZHNlbGZob3N0Lm1pY3Jvc29mdC5jb20vIiwiRGlhZ25vc3RpY3NSZXNvdXJjZUlkVXJpIjoiaHR0cHM6Ly9jMzdmZjZjNC00ZGRlLTQ4OTktYWY2MC1lMjY1Y2M2YWFkMmIucmRkaWFnbm9zdGljcy1nLXVzLXIwLnd2ZHNlbGZob3N0Lm1pY3Jvc29mdC5jb20vIiwiQUFEVGVuYW50SWQiOiI3NGJjMmRmMC1mYzU3LTQzNjEtYjE1MC0yZDZkZDUxY2I2NjMiLCJuYmYiOjE2ODc5MTM1MjksImV4cCI6MTY4Nzk5OTkyOSwiaXNzIjoiUkRJbmZyYVRva2VuTWFuYWdlciIsImF1ZCI6IlJEbWkifQ.lKMFq1elhxiw9RG9jIFHKqPpGCvhOf3hudp_38VRrVh-a1dWGZxambGN8AQl3DPHtLpRIcTeDwxA5GuPDwRiiKz31AXXMoFIibZE546yiDaa0oCC5sABN1RBdHDsovs30H-WQLnXTQZRzJ0j1TRm9soo34fhASkSJxqtDtsa-r1VDuhOfe_eHP3uHXu-zHr2SX_8H5r5KDMZ563FcJ3qwsY3ii6z-WZAVc3ti_UhzrRAcurHaz-SVCNTM1TezZbbwhUUz3LY3v1u3Ff4WjG6Yf6PbiqurPqKndwu0T539XNOXJH-exCsWerH8U7AagYyzcRT5UrQcD6LpswR6M5kHA\",\"registrationTokenOperation\":\"Update\"},\"vmTemplate\":\"{option1}\",\"preferredAppGroupType\":\"Desktop\",\"migrationRequest\":null,\"cloudPcResource\":false,\"startVMOnConnect\":false,\"ssoadfsAuthority\":null,\"ssoClientId\":null,\"ssoClientSecretKeyVaultPath\":null,\"ssoSecretType\":null,\"objectId\":\"c37ff6c4-4dde-4899-af60-e265cc6aad2b\"}}",
      "isContentBase64": false
    }
  },
  "New-AzWvdHostPool+[NoContext]+Create+$GET+https://management.azure.com/subscriptions/dbedef25-184c-430f-b383-0eeb87c3205d/resourceGroups/alecbUserSessionTests/providers/Microsoft.DesktopVirtualization/hostPools/HostPoolPowershellContained1?api-version=2022-10-14-preview+2": {
    "Request": {
      "Method": "GET",
      "RequestUri": "https://management.azure.com/subscriptions/dbedef25-184c-430f-b383-0eeb87c3205d/resourceGroups/alecbUserSessionTests/providers/Microsoft.DesktopVirtualization/hostPools/HostPoolPowershellContained1?api-version=2022-10-14-preview",
      "Content": null,
      "isContentBase64": false,
      "Headers": {
        "x-ms-unique-id": [ "182" ],
        "x-ms-client-request-id": [ "a610dec1-6079-4fff-8f74-6ce4e64429b6" ],
        "CommandName": [ "Get-AzWvdHostPool" ],
        "FullCommandName": [ "Get-AzWvdHostPool_Get" ],
        "ParameterSetName": [ "__AllParameterSets" ],
        "User-Agent": [ "AzurePowershell/v9.0.1", "PSVersion/v7.2.11", "Az.DesktopVirtualization/2.1.0" ],
        "Authorization": [ "[Filtered]" ]
      },
      "ContentHeaders": {
      }
    },
    "Response": {
      "StatusCode": 200,
      "Headers": {
        "Cache-Control": [ "no-cache" ],
        "Pragma": [ "no-cache" ],
        "Vary": [ "Accept-Encoding" ],
        "x-ms-ratelimit-remaining-subscription-reads": [ "11958" ],
        "X-Rate-Limit-Limit": [ "0" ],
        "X-Rate-Limit-Remaining": [ "9223372036854775807" ],
        "X-Rate-Limit-Reset": [ "0" ],
        "x-ms-opsarmpath64": [ "L3N1YnNjcmlwdGlvbnMvZGJlZGVmMjUtMTg0Yy00MzBmLWIzODMtMGVlYjg3YzMyMDVkL3Jlc291cmNlR3JvdXBzL2FsZWNiVXNlclNlc3Npb25UZXN0cy9wcm92aWRlcnMvTWljcm9zb2Z0LkRlc2t0b3BWaXJ0dWFsaXphdGlvbi9ob3N0UG9vbHMvSG9zdFBvb2xQb3dlcnNoZWxsQ29udGFpbmVkMQ==" ],
        "x-ms-lamport-ts": [ "106275482" ],
        "x-ms-correlation-id": [ "bcec1d75-6246-4c52-ba32-7ecce2baa9c9" ],
        "x-ms-request-id": [ "a610dec1-6079-4fff-8f74-6ce4e64429b6" ],
        "X-Content-Type-Options": [ "nosniff" ],
        "Set-Cookie": [ "ARRAffinity=200de21427d0c1dd2d869b53e33412d0ea489a73f18ab9db8212a0998e7da59c;Path=/;HttpOnly;Secure;Domain=rdarmprovider-g-us-r0.wvdselfhost.microsoft.com", "ARRAffinitySameSite=200de21427d0c1dd2d869b53e33412d0ea489a73f18ab9db8212a0998e7da59c;Path=/;HttpOnly;SameSite=None;Secure;Domain=rdarmprovider-g-us-r0.wvdselfhost.microsoft.com" ],
        "Server": [ "Microsoft-IIS/10.0" ],
        "X-Powered-By": [ "ASP.NET" ],
        "x-ms-correlation-request-id": [ "6a16a11f-43be-4bf9-84d2-41e5d3798adc" ],
        "x-ms-routing-request-id": [ "WESTCENTRALUS:20230628T005210Z:6a16a11f-43be-4bf9-84d2-41e5d3798adc" ],
        "Strict-Transport-Security": [ "max-age=31536000; includeSubDomains" ],
        "Date": [ "Wed, 28 Jun 2023 00:52:09 GMT" ]
      },
      "ContentHeaders": {
        "Content-Length": [ "1218" ],
        "Content-Type": [ "application/json; charset=utf-8" ],
        "Expires": [ "-1" ]
      },
      "Content": "{\"name\":\"HostPoolPowershellContained1\",\"id\":\"/subscriptions/dbedef25-184c-430f-b383-0eeb87c3205d/resourcegroups/alecbUserSessionTests/providers/Microsoft.DesktopVirtualization/hostpools/HostPoolPowershellContained1\",\"type\":\"Microsoft.DesktopVirtualization/hostpools\",\"location\":\"westus2\",\"tags\":null,\"kind\":null,\"systemData\":{\"createdBy\":\"admin@wvdtesttenant.onmicrosoft.com\",\"createdByType\":\"User\",\"createdAt\":\"2023-06-28T00:52:09.53Z\",\"lastModifiedBy\":\"admin@wvdtesttenant.onmicrosoft.com\",\"lastModifiedByType\":\"User\",\"lastModifiedAt\":\"2023-06-28T00:52:09.53Z\"},\"properties\":{\"agentUpdate\":null,\"privateEndpointConnections\":[],\"publicNetworkAccess\":\"Enabled\",\"friendlyName\":\"fri\",\"description\":\"des\",\"hostPoolType\":\"Pooled\",\"personalDesktopAssignmentType\":null,\"applicationGroupReferences\":[],\"customRdpProperty\":\"\",\"maxSessionLimit\":5,\"loadBalancerType\":\"DepthFirst\",\"validationEnvironment\":false,\"ring\":null,\"registrationInfo\":null,\"vmTemplate\":\"{option1}\",\"preferredAppGroupType\":\"Desktop\",\"migrationRequest\":null,\"cloudPcResource\":false,\"startVMOnConnect\":false,\"ssoadfsAuthority\":null,\"ssoClientId\":null,\"ssoClientSecretKeyVaultPath\":null,\"ssoSecretType\":null,\"objectId\":\"c37ff6c4-4dde-4899-af60-e265cc6aad2b\"}}",
      "isContentBase64": false
    }
  },
  "New-AzWvdHostPool+[NoContext]+Create+$DELETE+https://management.azure.com/subscriptions/dbedef25-184c-430f-b383-0eeb87c3205d/resourceGroups/alecbUserSessionTests/providers/Microsoft.DesktopVirtualization/hostPools/HostPoolPowershellContained1?api-version=2022-10-14-preview+3": {
    "Request": {
      "Method": "DELETE",
      "RequestUri": "https://management.azure.com/subscriptions/dbedef25-184c-430f-b383-0eeb87c3205d/resourceGroups/alecbUserSessionTests/providers/Microsoft.DesktopVirtualization/hostPools/HostPoolPowershellContained1?api-version=2022-10-14-preview",
      "Content": null,
      "isContentBase64": false,
      "Headers": {
        "x-ms-unique-id": [ "183" ],
        "x-ms-client-request-id": [ "801d3efe-cb22-4f97-840f-abc43bce553f" ],
        "CommandName": [ "Remove-AzWvdHostPool" ],
        "FullCommandName": [ "Remove-AzWvdHostPool_Delete" ],
        "ParameterSetName": [ "__AllParameterSets" ],
        "User-Agent": [ "AzurePowershell/v9.0.1", "PSVersion/v7.2.11", "Az.DesktopVirtualization/2.1.0" ],
        "Authorization": [ "[Filtered]" ]
      },
      "ContentHeaders": {
      }
    },
    "Response": {
      "StatusCode": 200,
      "Headers": {
        "Cache-Control": [ "no-cache" ],
        "Pragma": [ "no-cache" ],
        "Vary": [ "Accept-Encoding" ],
        "x-ms-ratelimit-remaining-subscription-deletes": [ "14930" ],
        "X-Rate-Limit-Limit": [ "0" ],
        "X-Rate-Limit-Remaining": [ "9223372036854775807" ],
        "X-Rate-Limit-Reset": [ "0" ],
        "x-ms-opsarmpath64": [ "L3N1YnNjcmlwdGlvbnMvZGJlZGVmMjUtMTg0Yy00MzBmLWIzODMtMGVlYjg3YzMyMDVkL3Jlc291cmNlR3JvdXBzL2FsZWNiVXNlclNlc3Npb25UZXN0cy9wcm92aWRlcnMvTWljcm9zb2Z0LkRlc2t0b3BWaXJ0dWFsaXphdGlvbi9ob3N0UG9vbHMvSG9zdFBvb2xQb3dlcnNoZWxsQ29udGFpbmVkMQ==" ],
        "x-ms-lamport-ts": [ "106275569" ],
        "x-ms-correlation-id": [ "5e17344a-ac2e-4a8c-9460-35942fa28d68" ],
        "x-ms-request-id": [ "801d3efe-cb22-4f97-840f-abc43bce553f" ],
        "X-Content-Type-Options": [ "nosniff" ],
        "Set-Cookie": [ "ARRAffinity=a31eb62e8fa5fccc488f1b764e015b7c6918a5a68c6d31b38f885e3c06338b76;Path=/;HttpOnly;Secure;Domain=rdarmprovider-g-us-r0.wvdselfhost.microsoft.com", "ARRAffinitySameSite=a31eb62e8fa5fccc488f1b764e015b7c6918a5a68c6d31b38f885e3c06338b76;Path=/;HttpOnly;SameSite=None;Secure;Domain=rdarmprovider-g-us-r0.wvdselfhost.microsoft.com" ],
        "Server": [ "Microsoft-IIS/10.0" ],
        "X-Powered-By": [ "ASP.NET" ],
        "x-ms-correlation-request-id": [ "39dadafb-0b29-4aa5-a6ce-8bcf667115c1" ],
        "x-ms-routing-request-id": [ "WESTCENTRALUS:20230628T005211Z:39dadafb-0b29-4aa5-a6ce-8bcf667115c1" ],
        "Strict-Transport-Security": [ "max-age=31536000; includeSubDomains" ],
        "Date": [ "Wed, 28 Jun 2023 00:52:10 GMT" ]
      },
      "ContentHeaders": {
        "Content-Length": [ "2838" ],
        "Content-Type": [ "application/json; charset=utf-8" ],
        "Expires": [ "-1" ]
      },
      "Content": "{\"name\":\"HostPoolPowershellContained1\",\"id\":\"/subscriptions/dbedef25-184c-430f-b383-0eeb87c3205d/resourcegroups/alecbUserSessionTests/providers/Microsoft.DesktopVirtualization/hostpools/HostPoolPowershellContained1\",\"type\":\"Microsoft.DesktopVirtualization/hostpools\",\"location\":\"westus2\",\"tags\":null,\"kind\":null,\"systemData\":{\"createdBy\":\"admin@wvdtesttenant.onmicrosoft.com\",\"createdByType\":\"User\",\"createdAt\":\"2023-06-28T00:52:09.53Z\",\"lastModifiedBy\":\"admin@wvdtesttenant.onmicrosoft.com\",\"lastModifiedByType\":\"User\",\"lastModifiedAt\":\"2023-06-28T00:52:09.53Z\"},\"properties\":{\"agentUpdate\":null,\"privateEndpointConnections\":[],\"publicNetworkAccess\":\"Enabled\",\"friendlyName\":\"fri\",\"description\":\"des\",\"hostPoolType\":\"Pooled\",\"personalDesktopAssignmentType\":null,\"applicationGroupReferences\":[],\"customRdpProperty\":\"\",\"maxSessionLimit\":5,\"loadBalancerType\":\"DepthFirst\",\"validationEnvironment\":false,\"ring\":null,\"registrationInfo\":{\"expirationTime\":\"2023-06-29T00:52:09.4591904Z\",\"token\":\"eyJhbGciOiJSUzI1NiIsImtpZCI6IjQzRTU4MTFGNENFRkQ5Q0VENUQ4MjA5MDA1RUYyRkM2NEQ3ODBEQ0UiLCJ0eXAiOiJKV1QifQ.eyJSZWdpc3RyYXRpb25JZCI6IjYzZTVmOWEwLTQzZjMtNDljNy04MTEwLWFlMjk1Yjc5MzRkMiIsIkJyb2tlclVyaSI6Imh0dHBzOi8vcmRicm9rZXItZy11cy1yMC53dmRzZWxmaG9zdC5taWNyb3NvZnQuY29tLyIsIkRpYWdub3N0aWNzVXJpIjoiaHR0cHM6Ly9yZGRpYWdub3N0aWNzLWctdXMtcjAud3Zkc2VsZmhvc3QubWljcm9zb2Z0LmNvbS8iLCJFbmRwb2ludFBvb2xJZCI6ImMzN2ZmNmM0LTRkZGUtNDg5OS1hZjYwLWUyNjVjYzZhYWQyYiIsIkdsb2JhbEJyb2tlclVyaSI6Imh0dHBzOi8vcmRicm9rZXIud3Zkc2VsZmhvc3QubWljcm9zb2Z0LmNvbS8iLCJHZW9ncmFwaHkiOiJVUyIsIkdsb2JhbEJyb2tlclJlc291cmNlSWRVcmkiOiJodHRwczovL2MzN2ZmNmM0LTRkZGUtNDg5OS1hZjYwLWUyNjVjYzZhYWQyYi5yZGJyb2tlci53dmRzZWxmaG9zdC5taWNyb3NvZnQuY29tLyIsIkJyb2tlclJlc291cmNlSWRVcmkiOiJodHRwczovL2MzN2ZmNmM0LTRkZGUtNDg5OS1hZjYwLWUyNjVjYzZhYWQyYi5yZGJyb2tlci1nLXVzLXIwLnd2ZHNlbGZob3N0Lm1pY3Jvc29mdC5jb20vIiwiRGlhZ25vc3RpY3NSZXNvdXJjZUlkVXJpIjoiaHR0cHM6Ly9jMzdmZjZjNC00ZGRlLTQ4OTktYWY2MC1lMjY1Y2M2YWFkMmIucmRkaWFnbm9zdGljcy1nLXVzLXIwLnd2ZHNlbGZob3N0Lm1pY3Jvc29mdC5jb20vIiwiQUFEVGVuYW50SWQiOiI3NGJjMmRmMC1mYzU3LTQzNjEtYjE1MC0yZDZkZDUxY2I2NjMiLCJuYmYiOjE2ODc5MTM1MjksImV4cCI6MTY4Nzk5OTkyOSwiaXNzIjoiUkRJbmZyYVRva2VuTWFuYWdlciIsImF1ZCI6IlJEbWkifQ.lKMFq1elhxiw9RG9jIFHKqPpGCvhOf3hudp_38VRrVh-a1dWGZxambGN8AQl3DPHtLpRIcTeDwxA5GuPDwRiiKz31AXXMoFIibZE546yiDaa0oCC5sABN1RBdHDsovs30H-WQLnXTQZRzJ0j1TRm9soo34fhASkSJxqtDtsa-r1VDuhOfe_eHP3uHXu-zHr2SX_8H5r5KDMZ563FcJ3qwsY3ii6z-WZAVc3ti_UhzrRAcurHaz-SVCNTM1TezZbbwhUUz3LY3v1u3Ff4WjG6Yf6PbiqurPqKndwu0T539XNOXJH-exCsWerH8U7AagYyzcRT5UrQcD6LpswR6M5kHA\",\"registrationTokenOperation\":\"None\"},\"vmTemplate\":\"{option1}\",\"preferredAppGroupType\":\"Desktop\",\"migrationRequest\":null,\"cloudPcResource\":false,\"startVMOnConnect\":false,\"ssoadfsAuthority\":null,\"ssoClientId\":null,\"ssoClientSecretKeyVaultPath\":null,\"ssoSecretType\":null,\"objectId\":\"c37ff6c4-4dde-4899-af60-e265cc6aad2b\"}}",
      "isContentBase64": false
    }
  }
}