{
  "New-AzWvdScalingPlanPooledSchedule+[NoContext]+New+$PUT+https://management.azure.com/subscriptions/dbedef25-184c-430f-b383-0eeb87c3205d/resourceGroups/alecbUserSessionTests/providers/Microsoft.DesktopVirtualization/scalingPlans/ScalingPlanPowershellContained1?api-version=2023-07-07-preview+1": {
    "Request": {
      "Method": "PUT",
      "RequestUri": "https://management.azure.com/subscriptions/dbedef25-184c-430f-b383-0eeb87c3205d/resourceGroups/alecbUserSessionTests/providers/Microsoft.DesktopVirtualization/scalingPlans/ScalingPlanPowershellContained1?api-version=2023-07-07-preview",
      "Content": "{\r\n  \"location\": \"westus2\",\r\n  \"properties\": {\r\n    \"description\": \"desc\",\r\n    \"friendlyName\": \"fri\",\r\n    \"timeZone\": \"Pacific Standard Time\",\r\n    \"hostPoolType\": \"Pooled\",\r\n    \"schedules\": [ ],\r\n    \"hostPoolReferences\": [ ]\r\n  }\r\n}",
      "isContentBase64": false,
      "Headers": {
      },
      "ContentHeaders": {
        "Content-Type": [ "application/json" ],
        "Content-Length": [ "237" ]
      }
    },
    "Response": {
      "StatusCode": 201,
      "Headers": {
        "Cache-Control": [ "no-cache" ],
        "Pragma": [ "no-cache" ],
        "Location": [ "/subscriptions/dbedef25-184c-430f-b383-0eeb87c3205d/resourcegroups/alecbUserSessionTests/providers/Microsoft.DesktopVirtualization/scalingplans/ScalingPlanPowershellContained1" ],
        "X-Rate-Limit-Limit": [ "0" ],
        "X-Rate-Limit-Remaining": [ "9223372036854775807" ],
        "X-Rate-Limit-Reset": [ "0" ],
        "x-ms-opsarmpath64": [ "L3N1YnNjcmlwdGlvbnMvZGJlZGVmMjUtMTg0Yy00MzBmLWIzODMtMGVlYjg3YzMyMDVkL3Jlc291cmNlR3JvdXBzL2FsZWNiVXNlclNlc3Npb25UZXN0cy9wcm92aWRlcnMvTWljcm9zb2Z0LkRlc2t0b3BWaXJ0dWFsaXphdGlvbi9zY2FsaW5nUGxhbnMvU2NhbGluZ1BsYW5Qb3dlcnNoZWxsQ29udGFpbmVkMQ==" ],
        "x-ms-lamport-ts": [ "115577929" ],
        "x-ms-correlation-id": [ "c0cfa9a0-4504-43d4-bd38-c262b2cda58b" ],
        "x-ms-request-id": [ "d90a2947-3f07-4b4d-8aa4-b7e11c920d6c" ],
        "X-Content-Type-Options": [ "nosniff" ],
        "Set-Cookie": [ "ARRAffinity=8709cede3dff6cc96c3687614f6f6d07d26f1b7354152bf58fb5a84fbfd96a8a;Path=/;HttpOnly;Secure;Domain=rdarmprovider-g-us-r0.wvdselfhost.microsoft.com", "ARRAffinitySameSite=8709cede3dff6cc96c3687614f6f6d07d26f1b7354152bf58fb5a84fbfd96a8a;Path=/;HttpOnly;SameSite=None;Secure;Domain=rdarmprovider-g-us-r0.wvdselfhost.microsoft.com" ],
        "Server": [ "Microsoft-IIS/10.0" ],
        "X-Powered-By": [ "ASP.NET" ],
        "x-ms-ratelimit-remaining-subscription-writes": [ "1119" ],
        "x-ms-correlation-request-id": [ "e54443bc-eb2b-46b2-8c78-252c71cedde1" ],
        "x-ms-routing-request-id": [ "WESTCENTRALUS:20230817T071903Z:e54443bc-eb2b-46b2-8c78-252c71cedde1" ],
        "Strict-Transport-Security": [ "max-age=31536000; includeSubDomains" ],
        "Date": [ "Thu, 17 Aug 2023 07:19:03 GMT" ]
      },
      "ContentHeaders": {
        "Content-Length": [ "799" ],
        "Content-Type": [ "application/json; charset=utf-8" ],
        "Expires": [ "-1" ]
      },
      "Content": "{\"name\":\"ScalingPlanPowershellContained1\",\"id\":\"/subscriptions/dbedef25-184c-430f-b383-0eeb87c3205d/resourcegroups/alecbUserSessionTests/providers/Microsoft.DesktopVirtualization/scalingplans/ScalingPlanPowershellContained1\",\"type\":\"Microsoft.DesktopVirtualization/scalingplans\",\"location\":\"westus2\",\"tags\":null,\"kind\":null,\"systemData\":{\"createdBy\":\"admin@wvdtesttenant.onmicrosoft.com\",\"createdByType\":\"User\",\"createdAt\":\"2023-08-17T07:19:03.00Z\",\"lastModifiedBy\":\"admin@wvdtesttenant.onmicrosoft.com\",\"lastModifiedByType\":\"User\",\"lastModifiedAt\":\"2023-08-17T07:19:03.00Z\"},\"properties\":{\"description\":\"desc\",\"friendlyName\":\"fri\",\"timeZone\":\"Pacific Standard Time\",\"hostPoolType\":\"Pooled\",\"exclusionTag\":\"\",\"schedules\":[],\"hostPoolReferences\":[],\"objectId\":\"072d8fea-60cd-4a2e-b431-6d4afaa5c715\"}}",
      "isContentBase64": false
    }
  },
  "New-AzWvdScalingPlanPooledSchedule+[NoContext]+New+$PUT+https://management.azure.com/subscriptions/dbedef25-184c-430f-b383-0eeb87c3205d/resourceGroups/alecbUserSessionTests/providers/Microsoft.DesktopVirtualization/scalingPlans/ScalingPlanPowershellContained1/pooledSchedules/PooledSchedule1?api-version=2023-07-07-preview+2": {
    "Request": {
      "Method": "PUT",
      "RequestUri": "https://management.azure.com/subscriptions/dbedef25-184c-430f-b383-0eeb87c3205d/resourceGroups/alecbUserSessionTests/providers/Microsoft.DesktopVirtualization/scalingPlans/ScalingPlanPowershellContained1/pooledSchedules/PooledSchedule1?api-version=2023-07-07-preview",
      "Content": "{\r\n  \"properties\": {\r\n    \"rampUpStartTime\": {\r\n      \"hour\": 6,\r\n      \"minute\": 0\r\n    },\r\n    \"peakStartTime\": {\r\n      \"hour\": 8,\r\n      \"minute\": 15\r\n    },\r\n    \"rampDownStartTime\": {\r\n      \"hour\": 16,\r\n      \"minute\": 30\r\n    },\r\n    \"offPeakStartTime\": {\r\n      \"hour\": 18,\r\n      \"minute\": 45\r\n    },\r\n    \"daysOfWeek\": [ \"Monday\", \"Tuesday\", \"Wednesday\" ],\r\n    \"rampUpLoadBalancingAlgorithm\": \"BreadthFirst\",\r\n    \"rampUpMinimumHostsPct\": 1,\r\n    \"rampUpCapacityThresholdPct\": 10,\r\n    \"peakLoadBalancingAlgorithm\": \"BreadthFirst\",\r\n    \"rampDownLoadBalancingAlgorithm\": \"BreadthFirst\",\r\n    \"rampDownCapacityThresholdPct\": 10,\r\n    \"offPeakLoadBalancingAlgorithm\": \"BreadthFirst\"\r\n  }\r\n}",
      "isContentBase64": false,
      "Headers": {
      },
      "ContentHeaders": {
        "Content-Type": [ "application/json" ],
        "Content-Length": [ "700" ]
      }
    },
    "Response": {
      "StatusCode": 200,
      "Headers": {
        "Cache-Control": [ "no-cache" ],
        "Pragma": [ "no-cache" ],
        "Vary": [ "Accept-Encoding" ],
        "x-ms-ratelimit-remaining-subscription-writes": [ "1118" ],
        "X-Rate-Limit-Limit": [ "0" ],
        "X-Rate-Limit-Remaining": [ "9223372036854775807" ],
        "X-Rate-Limit-Reset": [ "0" ],
        "x-ms-opsarmpath64": [ "L3N1YnNjcmlwdGlvbnMvZGJlZGVmMjUtMTg0Yy00MzBmLWIzODMtMGVlYjg3YzMyMDVkL3Jlc291cmNlR3JvdXBzL2FsZWNiVXNlclNlc3Npb25UZXN0cy9wcm92aWRlcnMvTWljcm9zb2Z0LkRlc2t0b3BWaXJ0dWFsaXphdGlvbi9zY2FsaW5nUGxhbnMvU2NhbGluZ1BsYW5Qb3dlcnNoZWxsQ29udGFpbmVkMS9wb29sZWRTY2hlZHVsZXMvUG9vbGVkU2NoZWR1bGUx" ],
        "x-ms-lamport-ts": [ "115577972" ],
        "x-ms-correlation-id": [ "27c26bc7-2bb7-476b-be72-fd4b7985895c" ],
        "x-ms-request-id": [ "f0ec6946-f23a-4a06-8aa6-1699a21c7aea" ],
        "X-Content-Type-Options": [ "nosniff" ],
        "Set-Cookie": [ "ARRAffinity=136ead941a19baf9a74bd41f746b55cb14e4cf321e040e50f7bd8162d430922d;Path=/;HttpOnly;Secure;Domain=rdarmprovider-g-us-r0.wvdselfhost.microsoft.com", "ARRAffinitySameSite=136ead941a19baf9a74bd41f746b55cb14e4cf321e040e50f7bd8162d430922d;Path=/;HttpOnly;SameSite=None;Secure;Domain=rdarmprovider-g-us-r0.wvdselfhost.microsoft.com" ],
        "Server": [ "Microsoft-IIS/10.0" ],
        "X-Powered-By": [ "ASP.NET" ],
        "x-ms-correlation-request-id": [ "d595fa99-0cd4-4aa1-9880-4e6c40e80954" ],
        "x-ms-routing-request-id": [ "WESTCENTRALUS:20230817T071903Z:d595fa99-0cd4-4aa1-9880-4e6c40e80954" ],
        "Strict-Transport-Security": [ "max-age=31536000; includeSubDomains" ],
        "Date": [ "Thu, 17 Aug 2023 07:19:03 GMT" ]
      },
      "ContentHeaders": {
        "Content-Length": [ "1285" ],
        "Content-Type": [ "application/json; charset=utf-8" ],
        "Expires": [ "-1" ]
      },
      "Content": "{\"name\":\"ScalingPlanPowershellContained1/PooledSchedule1\",\"id\":\"/subscriptions/dbedef25-184c-430f-b383-0eeb87c3205d/resourcegroups/alecbUserSessionTests/providers/Microsoft.DesktopVirtualization/scalingplans/ScalingPlanPowershellContained1/pooledSchedules/PooledSchedule1\",\"type\":\"Microsoft.DesktopVirtualization/scalingplans/pooledSchedules\",\"properties\":{\"rampUpStartTime\":{\"hour\":6,\"minute\":0},\"peakStartTime\":{\"hour\":8,\"minute\":15},\"rampDownStartTime\":{\"hour\":16,\"minute\":30},\"offPeakStartTime\":{\"hour\":18,\"minute\":45},\"name\":\"PooledSchedule1\",\"daysOfWeek\":[\"Monday\",\"Tuesday\",\"Wednesday\"],\"rampUpLoadBalancingAlgorithm\":\"BreadthFirst\",\"rampUpMinimumHostsPct\":1,\"rampUpCapacityThresholdPct\":10,\"peakLoadBalancingAlgorithm\":\"BreadthFirst\",\"rampDownLoadBalancingAlgorithm\":\"BreadthFirst\",\"rampDownMinimumHostsPct\":0,\"rampDownCapacityThresholdPct\":10,\"rampDownForceLogoffUsers\":false,\"rampDownWaitTimeMinutes\":0,\"rampDownNotificationMessage\":\"\",\"rampDownStopHostsWhen\":\"ZeroSessions\",\"offPeakLoadBalancingAlgorithm\":\"BreadthFirst\"},\"systemData\":{\"createdBy\":\"admin@wvdtesttenant.onmicrosoft.com\",\"createdByType\":\"User\",\"createdAt\":\"2023-08-17T07:19:03.55Z\",\"lastModifiedBy\":\"admin@wvdtesttenant.onmicrosoft.com\",\"lastModifiedByType\":\"User\",\"lastModifiedAt\":\"2023-08-17T07:19:03.55Z\"}}",
      "isContentBase64": false
    }
  },
  "New-AzWvdScalingPlanPooledSchedule+[NoContext]+New+$GET+https://management.azure.com/subscriptions/dbedef25-184c-430f-b383-0eeb87c3205d/resourceGroups/alecbUserSessionTests/providers/Microsoft.DesktopVirtualization/scalingPlans/ScalingPlanPowershellContained1/pooledSchedules/PooledSchedule1?api-version=2023-07-07-preview+3": {
    "Request": {
      "Method": "GET",
      "RequestUri": "https://management.azure.com/subscriptions/dbedef25-184c-430f-b383-0eeb87c3205d/resourceGroups/alecbUserSessionTests/providers/Microsoft.DesktopVirtualization/scalingPlans/ScalingPlanPowershellContained1/pooledSchedules/PooledSchedule1?api-version=2023-07-07-preview",
      "Content": null,
      "isContentBase64": false,
      "Headers": {
        "x-ms-unique-id": [ "217" ],
        "x-ms-client-request-id": [ "bf4cc539-38dc-4cdb-aad7-2f6d4f16f8fd" ],
        "CommandName": [ "Get-AzWvdScalingPlanPooledSchedule" ],
        "FullCommandName": [ "Get-AzWvdScalingPlanPooledSchedule_Get" ],
        "ParameterSetName": [ "__AllParameterSets" ],
        "User-Agent": [ "AzurePowershell/v9.0.1", "PSVersion/v7.2.13", "Az.DesktopVirtualization/2.1.0" ],
        "Authorization": [ "[Filtered]" ]
      },
      "ContentHeaders": {
      }
    },
    "Response": {
      "StatusCode": 200,
      "Headers": {
        "Cache-Control": [ "no-cache" ],
        "Pragma": [ "no-cache" ],
        "Vary": [ "Accept-Encoding" ],
        "x-ms-ratelimit-remaining-subscription-reads": [ "11874" ],
        "X-Rate-Limit-Limit": [ "0" ],
        "X-Rate-Limit-Remaining": [ "9223372036854775807" ],
        "X-Rate-Limit-Reset": [ "0" ],
        "x-ms-opsarmpath64": [ "L3N1YnNjcmlwdGlvbnMvZGJlZGVmMjUtMTg0Yy00MzBmLWIzODMtMGVlYjg3YzMyMDVkL3Jlc291cmNlR3JvdXBzL2FsZWNiVXNlclNlc3Npb25UZXN0cy9wcm92aWRlcnMvTWljcm9zb2Z0LkRlc2t0b3BWaXJ0dWFsaXphdGlvbi9zY2FsaW5nUGxhbnMvU2NhbGluZ1BsYW5Qb3dlcnNoZWxsQ29udGFpbmVkMS9wb29sZWRTY2hlZHVsZXMvUG9vbGVkU2NoZWR1bGUx" ],
        "x-ms-lamport-ts": [ "115577984" ],
        "x-ms-correlation-id": [ "e261b3cc-88ed-4391-9c80-9a68f11b7c0e" ],
        "x-ms-request-id": [ "bf4cc539-38dc-4cdb-aad7-2f6d4f16f8fd" ],
        "X-Content-Type-Options": [ "nosniff" ],
        "Set-Cookie": [ "ARRAffinity=47e899d5dc0547d5646e3c2c0081ae2cb7fddd55609bf4af48732c4283928a51;Path=/;HttpOnly;Secure;Domain=rdarmprovider-g-us-r0.wvdselfhost.microsoft.com", "ARRAffinitySameSite=47e899d5dc0547d5646e3c2c0081ae2cb7fddd55609bf4af48732c4283928a51;Path=/;HttpOnly;SameSite=None;Secure;Domain=rdarmprovider-g-us-r0.wvdselfhost.microsoft.com" ],
        "Server": [ "Microsoft-IIS/10.0" ],
        "X-Powered-By": [ "ASP.NET" ],
        "x-ms-correlation-request-id": [ "011efdc9-d6bf-4c32-910b-4ffe17bb5c5e" ],
        "x-ms-routing-request-id": [ "WESTCENTRALUS:20230817T071904Z:011efdc9-d6bf-4c32-910b-4ffe17bb5c5e" ],
        "Strict-Transport-Security": [ "max-age=31536000; includeSubDomains" ],
        "Date": [ "Thu, 17 Aug 2023 07:19:03 GMT" ]
      },
      "ContentHeaders": {
        "Content-Length": [ "1285" ],
        "Content-Type": [ "application/json; charset=utf-8" ],
        "Expires": [ "-1" ]
      },
      "Content": "{\"name\":\"ScalingPlanPowershellContained1/PooledSchedule1\",\"id\":\"/subscriptions/dbedef25-184c-430f-b383-0eeb87c3205d/resourcegroups/alecbUserSessionTests/providers/Microsoft.DesktopVirtualization/scalingplans/ScalingPlanPowershellContained1/pooledSchedules/PooledSchedule1\",\"type\":\"Microsoft.DesktopVirtualization/scalingplans/pooledSchedules\",\"properties\":{\"rampUpStartTime\":{\"hour\":6,\"minute\":0},\"peakStartTime\":{\"hour\":8,\"minute\":15},\"rampDownStartTime\":{\"hour\":16,\"minute\":30},\"offPeakStartTime\":{\"hour\":18,\"minute\":45},\"name\":\"PooledSchedule1\",\"daysOfWeek\":[\"Monday\",\"Tuesday\",\"Wednesday\"],\"rampUpLoadBalancingAlgorithm\":\"BreadthFirst\",\"rampUpMinimumHostsPct\":1,\"rampUpCapacityThresholdPct\":10,\"peakLoadBalancingAlgorithm\":\"BreadthFirst\",\"rampDownLoadBalancingAlgorithm\":\"BreadthFirst\",\"rampDownMinimumHostsPct\":0,\"rampDownCapacityThresholdPct\":10,\"rampDownForceLogoffUsers\":false,\"rampDownWaitTimeMinutes\":0,\"rampDownNotificationMessage\":\"\",\"rampDownStopHostsWhen\":\"ZeroSessions\",\"offPeakLoadBalancingAlgorithm\":\"BreadthFirst\"},\"systemData\":{\"createdBy\":\"admin@wvdtesttenant.onmicrosoft.com\",\"createdByType\":\"User\",\"createdAt\":\"2023-08-17T07:19:03.55Z\",\"lastModifiedBy\":\"admin@wvdtesttenant.onmicrosoft.com\",\"lastModifiedByType\":\"User\",\"lastModifiedAt\":\"2023-08-17T07:19:03.55Z\"}}",
      "isContentBase64": false
    }
  },
  "New-AzWvdScalingPlanPooledSchedule+[NoContext]+New+$DELETE+https://management.azure.com/subscriptions/dbedef25-184c-430f-b383-0eeb87c3205d/resourceGroups/alecbUserSessionTests/providers/Microsoft.DesktopVirtualization/scalingPlans/ScalingPlanPowershellContained1?api-version=2023-07-07-preview+4": {
    "Request": {
      "Method": "DELETE",
      "RequestUri": "https://management.azure.com/subscriptions/dbedef25-184c-430f-b383-0eeb87c3205d/resourceGroups/alecbUserSessionTests/providers/Microsoft.DesktopVirtualization/scalingPlans/ScalingPlanPowershellContained1?api-version=2023-07-07-preview",
      "Content": null,
      "isContentBase64": false,
      "Headers": {
        "x-ms-unique-id": [ "218" ],
        "x-ms-client-request-id": [ "a0c447cf-52a9-4c75-895b-e696e5745e22" ],
        "CommandName": [ "Remove-AzWvdScalingPlan" ],
        "FullCommandName": [ "Remove-AzWvdScalingPlan_Delete" ],
        "ParameterSetName": [ "__AllParameterSets" ],
        "User-Agent": [ "AzurePowershell/v9.0.1", "PSVersion/v7.2.13", "Az.DesktopVirtualization/2.1.0" ],
        "Authorization": [ "[Filtered]" ]
      },
      "ContentHeaders": {
      }
    },
    "Response": {
      "StatusCode": 200,
      "Headers": {
        "Cache-Control": [ "no-cache" ],
        "Pragma": [ "no-cache" ],
        "Vary": [ "Accept-Encoding" ],
        "x-ms-ratelimit-remaining-subscription-deletes": [ "14917" ],
        "X-Rate-Limit-Limit": [ "0" ],
        "X-Rate-Limit-Remaining": [ "9223372036854775807" ],
        "X-Rate-Limit-Reset": [ "0" ],
        "x-ms-opsarmpath64": [ "L3N1YnNjcmlwdGlvbnMvZGJlZGVmMjUtMTg0Yy00MzBmLWIzODMtMGVlYjg3YzMyMDVkL3Jlc291cmNlR3JvdXBzL2FsZWNiVXNlclNlc3Npb25UZXN0cy9wcm92aWRlcnMvTWljcm9zb2Z0LkRlc2t0b3BWaXJ0dWFsaXphdGlvbi9zY2FsaW5nUGxhbnMvU2NhbGluZ1BsYW5Qb3dlcnNoZWxsQ29udGFpbmVkMQ==" ],
        "x-ms-lamport-ts": [ "115577932" ],
        "x-ms-correlation-id": [ "f78ec289-f3bf-487d-84fb-9d4f132293b3" ],
        "x-ms-request-id": [ "a0c447cf-52a9-4c75-895b-e696e5745e22" ],
        "X-Content-Type-Options": [ "nosniff" ],
        "Set-Cookie": [ "ARRAffinity=8709cede3dff6cc96c3687614f6f6d07d26f1b7354152bf58fb5a84fbfd96a8a;Path=/;HttpOnly;Secure;Domain=rdarmprovider-g-us-r0.wvdselfhost.microsoft.com", "ARRAffinitySameSite=8709cede3dff6cc96c3687614f6f6d07d26f1b7354152bf58fb5a84fbfd96a8a;Path=/;HttpOnly;SameSite=None;Secure;Domain=rdarmprovider-g-us-r0.wvdselfhost.microsoft.com" ],
        "Server": [ "Microsoft-IIS/10.0" ],
        "X-Powered-By": [ "ASP.NET" ],
        "x-ms-correlation-request-id": [ "617d28a2-0d50-449f-a258-df3ecce8e703" ],
        "x-ms-routing-request-id": [ "WESTCENTRALUS:20230817T071905Z:617d28a2-0d50-449f-a258-df3ecce8e703" ],
        "Strict-Transport-Security": [ "max-age=31536000; includeSubDomains" ],
        "Date": [ "Thu, 17 Aug 2023 07:19:04 GMT" ]
      },
      "ContentHeaders": {
        "Content-Length": [ "1475" ],
        "Content-Type": [ "application/json; charset=utf-8" ],
        "Expires": [ "-1" ]
      },
      "Content": "{\"name\":\"ScalingPlanPowershellContained1\",\"id\":\"/subscriptions/dbedef25-184c-430f-b383-0eeb87c3205d/resourcegroups/alecbUserSessionTests/providers/Microsoft.DesktopVirtualization/scalingplans/ScalingPlanPowershellContained1\",\"type\":\"Microsoft.DesktopVirtualization/scalingplans\",\"location\":\"westus2\",\"tags\":null,\"kind\":null,\"systemData\":{\"createdBy\":\"admin@wvdtesttenant.onmicrosoft.com\",\"createdByType\":\"User\",\"createdAt\":\"2023-08-17T07:19:03.00Z\",\"lastModifiedBy\":\"admin@wvdtesttenant.onmicrosoft.com\",\"lastModifiedByType\":\"User\",\"lastModifiedAt\":\"2023-08-17T07:19:03.00Z\"},\"properties\":{\"description\":\"desc\",\"friendlyName\":\"fri\",\"timeZone\":\"Pacific Standard Time\",\"hostPoolType\":\"Pooled\",\"exclusionTag\":\"\",\"schedules\":[{\"rampUpStartTime\":{\"hour\":6,\"minute\":0},\"peakStartTime\":{\"hour\":8,\"minute\":15},\"rampDownStartTime\":{\"hour\":16,\"minute\":30},\"offPeakStartTime\":{\"hour\":18,\"minute\":45},\"name\":\"PooledSchedule1\",\"daysOfWeek\":[\"Monday\",\"Tuesday\",\"Wednesday\"],\"rampUpLoadBalancingAlgorithm\":\"BreadthFirst\",\"rampUpMinimumHostsPct\":1,\"rampUpCapacityThresholdPct\":10,\"peakLoadBalancingAlgorithm\":\"BreadthFirst\",\"rampDownLoadBalancingAlgorithm\":\"BreadthFirst\",\"rampDownMinimumHostsPct\":0,\"rampDownCapacityThresholdPct\":10,\"rampDownForceLogoffUsers\":false,\"rampDownWaitTimeMinutes\":0,\"rampDownNotificationMessage\":\"\",\"rampDownStopHostsWhen\":\"ZeroSessions\",\"offPeakLoadBalancingAlgorithm\":\"BreadthFirst\"}],\"hostPoolReferences\":[],\"objectId\":\"072d8fea-60cd-4a2e-b431-6d4afaa5c715\"}}",
      "isContentBase64": false
    }
  }
}