{
  "Update-AzWvdHostPool+[NoContext]+Update+$PUT+https://management.azure.com/subscriptions/292d7caa-a878-4de8-b774-689097666272/resourceGroups/datr-canadaeast/providers/Microsoft.DesktopVirtualization/hostPools/HostPoolPowershellContained1?api-version=2020-11-02-preview+1": {
    "Request": {
      "Method": "PUT",
      "RequestUri": "https://management.azure.com/subscriptions/292d7caa-a878-4de8-b774-689097666272/resourceGroups/datr-canadaeast/providers/Microsoft.DesktopVirtualization/hostPools/HostPoolPowershellContained1?api-version=2020-11-02-preview",
      "Content": "{\r\n  \"location\": \"canadaeast\",\r\n  \"properties\": {\r\n    \"registrationInfo\": {\r\n      \"expirationTime\": \"2020-11-14T11:08:36.2091954-08:00\",\r\n      \"registrationTokenOperation\": \"Update\"\r\n    },\r\n    \"description\": \"des\",\r\n    \"customRdpProperty\": \"\",\r\n    \"friendlyName\": \"fri\",\r\n    \"hostPoolType\": \"Pooled\",\r\n    \"loadBalancerType\": \"DepthFirst\",\r\n    \"maxSessionLimit\": 5,\r\n    \"preferredAppGroupType\": \"RailApplications\",\r\n    \"ring\": 0,\r\n    \"ssoClientId\": \"https://domain/name\",\r\n    \"ssoClientSecretKeyVaultPath\": \"https://domain/certificates/cert\",\r\n    \"ssoContext\": \"\",\r\n    \"ssoSecretType\": \"SharedKeyInKeyVault\",\r\n    \"ssoadfsAuthority\": \"https://msft.sts.microsoft.com/adfs\",\r\n    \"startVMOnConnect\": false,\r\n    \"validationEnvironment\": false,\r\n    \"vmTemplate\": \"{option1}\"\r\n  }\r\n}",
      "Headers": {
      },
      "ContentHeaders": {
        "Content-Type": [ "application/json" ],
        "Content-Length": [ "795" ]
      }
    },
    "Response": {
      "StatusCode": 201,
      "Headers": {
        "Cache-Control": [ "no-cache" ],
        "Pragma": [ "no-cache" ],
        "Location": [ "/subscriptions/292d7caa-a878-4de8-b774-689097666272/resourcegroups/datr-canadaeast/providers/Microsoft.DesktopVirtualization/hostpools/HostPoolPowershellContained1" ],
        "x-ms-opsarmpath": [ "/subscriptions/292d7caa-a878-4de8-b774-689097666272/resourceGroups/datr-canadaeast/providers/Microsoft.DesktopVirtualization/hostPools/HostPoolPowershellContained1" ],
        "x-ms-lamport-ts": [ "28050" ],
        "x-ms-correlation-id": [ "0228f267-d175-4549-aa52-6a63b1e00996" ],
        "Set-Cookie": [ "ARRAffinity=f798a5d59f1c3d1489a4b197779bfa953c88b216f7c0c1aadd6e5cb7de62688d;Path=/;HttpOnly;Secure;Domain=rdarmprovider.dev05.avdtest.net", "ARRAffinitySameSite=f798a5d59f1c3d1489a4b197779bfa953c88b216f7c0c1aadd6e5cb7de62688d;Path=/;HttpOnly;SameSite=None;Secure;Domain=rdarmprovider.dev05.avdtest.net" ],
        "Server": [ "Microsoft-IIS/10.0" ],
        "X-Powered-By": [ "ASP.NET" ],
        "x-ms-ratelimit-remaining-subscription-writes": [ "1194" ],
        "x-ms-request-id": [ "0228f267-d175-4549-aa52-6a63b1e00996" ],
        "x-ms-correlation-request-id": [ "0228f267-d175-4549-aa52-6a63b1e00996" ],
        "x-ms-routing-request-id": [ "WESTUS:20201113T190838Z:0228f267-d175-4549-aa52-6a63b1e00996" ],
        "Strict-Transport-Security": [ "max-age=31536000; includeSubDomains" ],
        "X-Content-Type-Options": [ "nosniff" ],
        "Date": [ "Fri, 13 Nov 2020 19:08:37 GMT" ]
      },
      "ContentHeaders": {
        "Content-Length": [ "2124" ],
        "Content-Type": [ "application/json; charset=utf-8" ],
        "Expires": [ "-1" ]
      },
      "Content": "{\"name\":\"HostPoolPowershellContained1\",\"id\":\"/subscriptions/292d7caa-a878-4de8-b774-689097666272/resourcegroups/datr-canadaeast/providers/Microsoft.DesktopVirtualization/hostpools/HostPoolPowershellContained1\",\"type\":\"Microsoft.DesktopVirtualization/hostpools\",\"location\":\"canadaeast\",\"tags\":null,\"kind\":null,\"properties\":{\"friendlyName\":\"fri\",\"description\":\"des\",\"hostPoolType\":\"Pooled\",\"personalDesktopAssignmentType\":null,\"applicationGroupReferences\":[],\"customRdpProperty\":\"\",\"maxSessionLimit\":5,\"loadBalancerType\":\"DepthFirst\",\"validationEnvironment\":true,\"ring\":null,\"registrationInfo\":{\"expirationTime\":\"2020-11-14T19:08:36.2091954+00:00\",\"token\":\"\",\"resetToken\":false,\"registrationTokenOperation\":\"Update\"},\"vmTemplate\":\"{option1}\",\"preferredAppGroupType\":\"RailApplications\",\"migrationRequest\":null,\"cloudPcResource\":false,\"startVMOnConnect\":false,\"ssoadfsAuthority\":\"https://msft.sts.microsoft.com/adfs\",\"ssoClientId\":\"https://domain/name\",\"ssoClientSecretKeyVaultPath\":\"https://domain/certificates/cert\",\"ssoSecretType\":\"SharedKeyInKeyVault\",\"objectId\":\"84ee7b52-653a-4d0c-8cfa-452626fd3ac0\"}}"
    }
  },
  "Update-AzWvdHostPool+[NoContext]+Update+$PATCH+https://management.azure.com/subscriptions/292d7caa-a878-4de8-b774-689097666272/resourceGroups/datr-canadaeast/providers/Microsoft.DesktopVirtualization/hostPools/HostPoolPowershellContained1?api-version=2020-11-02-preview+2": {
    "Request": {
      "Method": "PATCH",
      "RequestUri": "https://management.azure.com/subscriptions/292d7caa-a878-4de8-b774-689097666272/resourceGroups/datr-canadaeast/providers/Microsoft.DesktopVirtualization/hostPools/HostPoolPowershellContained1?api-version=2020-11-02-preview",
      "Content": "{\r\n  \"properties\": {\r\n    \"description\": \"des2\",\r\n    \"customRdpProperty\": \"\",\r\n    \"friendlyName\": \"fri2\",\r\n    \"loadBalancerType\": \"BreadthFirst\",\r\n    \"maxSessionLimit\": 6,\r\n    \"preferredAppGroupType\": \"Desktop\",\r\n    \"ring\": 0,\r\n    \"ssoClientId\": \"https://domain/name2\",\r\n    \"ssoClientSecretKeyVaultPath\": \"https://domain/certificates/cert2\",\r\n    \"ssoContext\": \"\",\r\n    \"ssoSecretType\": \"CertificateInKeyVault\",\r\n    \"ssoadfsAuthority\": \"https://msft.sts.microsoft.com/adfs2\",\r\n    \"startVMOnConnect\": false,\r\n    \"validationEnvironment\": false,\r\n    \"vmTemplate\": \"{option2}\"\r\n  }\r\n}",
      "Headers": {
      },
      "ContentHeaders": {
        "Content-Type": [ "application/json" ],
        "Content-Length": [ "592" ]
      }
    },
    "Response": {
      "StatusCode": 200,
      "Headers": {
        "Cache-Control": [ "no-cache" ],
        "Pragma": [ "no-cache" ],
        "Vary": [ "Accept-Encoding" ],
        "x-ms-ratelimit-remaining-subscription-writes": [ "1193" ],
        "x-ms-opsarmpath": [ "/subscriptions/292d7caa-a878-4de8-b774-689097666272/resourceGroups/datr-canadaeast/providers/Microsoft.DesktopVirtualization/hostPools/HostPoolPowershellContained1" ],
        "x-ms-lamport-ts": [ "28053" ],
        "x-ms-correlation-id": [ "cc183362-9526-4e57-b506-b249e4b0b992" ],
        "Set-Cookie": [ "ARRAffinity=f798a5d59f1c3d1489a4b197779bfa953c88b216f7c0c1aadd6e5cb7de62688d;Path=/;HttpOnly;Secure;Domain=rdarmprovider.dev05.avdtest.net", "ARRAffinitySameSite=f798a5d59f1c3d1489a4b197779bfa953c88b216f7c0c1aadd6e5cb7de62688d;Path=/;HttpOnly;SameSite=None;Secure;Domain=rdarmprovider.dev05.avdtest.net" ],
        "Server": [ "Microsoft-IIS/10.0" ],
        "X-Powered-By": [ "ASP.NET" ],
        "x-ms-request-id": [ "cc183362-9526-4e57-b506-b249e4b0b992" ],
        "x-ms-correlation-request-id": [ "cc183362-9526-4e57-b506-b249e4b0b992" ],
        "x-ms-routing-request-id": [ "WESTUS:20201113T190838Z:cc183362-9526-4e57-b506-b249e4b0b992" ],
        "Strict-Transport-Security": [ "max-age=31536000; includeSubDomains" ],
        "X-Content-Type-Options": [ "nosniff" ],
        "Date": [ "Fri, 13 Nov 2020 19:08:37 GMT" ]
      },
      "ContentHeaders": {
        "Content-Length": [ "2117" ],
        "Content-Type": [ "application/json; charset=utf-8" ],
        "Expires": [ "-1" ]
      },
      "Content": "{\"name\":\"HostPoolPowershellContained1\",\"id\":\"/subscriptions/292d7caa-a878-4de8-b774-689097666272/resourcegroups/datr-canadaeast/providers/Microsoft.DesktopVirtualization/hostpools/HostPoolPowershellContained1\",\"type\":\"Microsoft.DesktopVirtualization/hostpools\",\"location\":\"canadaeast\",\"tags\":null,\"kind\":null,\"properties\":{\"friendlyName\":\"fri2\",\"description\":\"des2\",\"hostPoolType\":\"Pooled\",\"personalDesktopAssignmentType\":null,\"applicationGroupReferences\":[],\"customRdpProperty\":\"\",\"maxSessionLimit\":6,\"loadBalancerType\":\"BreadthFirst\",\"validationEnvironment\":true,\"ring\":null,\"registrationInfo\":{\"expirationTime\":\"2020-11-14T19:08:36.2091954Z\",\"token\":\"\",\"resetToken\":false,\"registrationTokenOperation\":\"None\"},\"vmTemplate\":\"{option2}\",\"preferredAppGroupType\":\"Desktop\",\"migrationRequest\":null,\"cloudPcResource\":false,\"startVMOnConnect\":false,\"ssoadfsAuthority\":\"https://msft.sts.microsoft.com/adfs2\",\"ssoClientId\":\"https://domain/name2\",\"ssoClientSecretKeyVaultPath\":\"https://domain/certificates/cert2\",\"ssoSecretType\":\"CertificateInKeyVault\",\"objectId\":\"84ee7b52-653a-4d0c-8cfa-452626fd3ac0\"}}"
    }
  },
  "Update-AzWvdHostPool+[NoContext]+Update+$GET+https://management.azure.com/subscriptions/292d7caa-a878-4de8-b774-689097666272/resourceGroups/datr-canadaeast/providers/Microsoft.DesktopVirtualization/hostPools/HostPoolPowershellContained1?api-version=2020-11-02-preview+3": {
    "Request": {
      "Method": "GET",
      "RequestUri": "https://management.azure.com/subscriptions/292d7caa-a878-4de8-b774-689097666272/resourceGroups/datr-canadaeast/providers/Microsoft.DesktopVirtualization/hostPools/HostPoolPowershellContained1?api-version=2020-11-02-preview",
      "Content": null,
      "Headers": {
        "x-ms-unique-id": [ "28" ],
        "x-ms-client-request-id": [ "480ef89d-7ff2-4be4-aa7d-f556134ce466" ],
        "CommandName": [ "Get-AzWvdHostPool" ],
        "FullCommandName": [ "Get-AzWvdHostPool_Get" ],
        "ParameterSetName": [ "__AllParameterSets" ],
        "User-Agent": [ "AzurePowershell/Az4.0.0-preview" ],
        "Authorization": [ "[Filtered]" ]
      },
      "ContentHeaders": {
      }
    },
    "Response": {
      "StatusCode": 200,
      "Headers": {
        "Cache-Control": [ "no-cache" ],
        "Pragma": [ "no-cache" ],
        "Vary": [ "Accept-Encoding" ],
        "x-ms-ratelimit-remaining-subscription-reads": [ "11996" ],
        "x-ms-opsarmpath": [ "/subscriptions/292d7caa-a878-4de8-b774-689097666272/resourceGroups/datr-canadaeast/providers/Microsoft.DesktopVirtualization/hostPools/HostPoolPowershellContained1" ],
        "x-ms-lamport-ts": [ "28056" ],
        "x-ms-correlation-id": [ "b948bf78-b99c-4145-9da1-724287aae522" ],
        "Set-Cookie": [ "ARRAffinity=f798a5d59f1c3d1489a4b197779bfa953c88b216f7c0c1aadd6e5cb7de62688d;Path=/;HttpOnly;Secure;Domain=rdarmprovider.dev05.avdtest.net", "ARRAffinitySameSite=f798a5d59f1c3d1489a4b197779bfa953c88b216f7c0c1aadd6e5cb7de62688d;Path=/;HttpOnly;SameSite=None;Secure;Domain=rdarmprovider.dev05.avdtest.net" ],
        "Server": [ "Microsoft-IIS/10.0" ],
        "X-Powered-By": [ "ASP.NET" ],
        "x-ms-request-id": [ "b948bf78-b99c-4145-9da1-724287aae522" ],
        "x-ms-correlation-request-id": [ "b948bf78-b99c-4145-9da1-724287aae522" ],
        "x-ms-routing-request-id": [ "WESTUS:20201113T190838Z:b948bf78-b99c-4145-9da1-724287aae522" ],
        "Strict-Transport-Security": [ "max-age=31536000; includeSubDomains" ],
        "X-Content-Type-Options": [ "nosniff" ],
        "Date": [ "Fri, 13 Nov 2020 19:08:38 GMT" ]
      },
      "ContentHeaders": {
        "Content-Length": [ "2117" ],
        "Content-Type": [ "application/json; charset=utf-8" ],
        "Expires": [ "-1" ]
      },
      "Content": "{\"name\":\"HostPoolPowershellContained1\",\"id\":\"/subscriptions/292d7caa-a878-4de8-b774-689097666272/resourcegroups/datr-canadaeast/providers/Microsoft.DesktopVirtualization/hostpools/HostPoolPowershellContained1\",\"type\":\"Microsoft.DesktopVirtualization/hostpools\",\"location\":\"canadaeast\",\"tags\":null,\"kind\":null,\"properties\":{\"friendlyName\":\"fri2\",\"description\":\"des2\",\"hostPoolType\":\"Pooled\",\"personalDesktopAssignmentType\":null,\"applicationGroupReferences\":[],\"customRdpProperty\":\"\",\"maxSessionLimit\":6,\"loadBalancerType\":\"BreadthFirst\",\"validationEnvironment\":true,\"ring\":null,\"registrationInfo\":{\"expirationTime\":\"2020-11-14T19:08:36.2091954Z\",\"token\":\"\",\"resetToken\":false,\"registrationTokenOperation\":\"None\"},\"vmTemplate\":\"{option2}\",\"preferredAppGroupType\":\"Desktop\",\"migrationRequest\":null,\"cloudPcResource\":false,\"startVMOnConnect\":false,\"ssoadfsAuthority\":\"https://msft.sts.microsoft.com/adfs2\",\"ssoClientId\":\"https://domain/name2\",\"ssoClientSecretKeyVaultPath\":\"https://domain/certificates/cert2\",\"ssoSecretType\":\"CertificateInKeyVault\",\"objectId\":\"84ee7b52-653a-4d0c-8cfa-452626fd3ac0\"}}"
    }
  },
  "Update-AzWvdHostPool+[NoContext]+Update+$DELETE+https://management.azure.com/subscriptions/292d7caa-a878-4de8-b774-689097666272/resourceGroups/datr-canadaeast/providers/Microsoft.DesktopVirtualization/hostPools/HostPoolPowershellContained1?api-version=2020-11-02-preview+4": {
    "Request": {
      "Method": "DELETE",
      "RequestUri": "https://management.azure.com/subscriptions/292d7caa-a878-4de8-b774-689097666272/resourceGroups/datr-canadaeast/providers/Microsoft.DesktopVirtualization/hostPools/HostPoolPowershellContained1?api-version=2020-11-02-preview",
      "Content": null,
      "Headers": {
        "x-ms-unique-id": [ "29" ],
        "x-ms-client-request-id": [ "e4a7ff61-21be-4f3a-804b-19a1eb292ef9" ],
        "CommandName": [ "Remove-AzWvdHostPool" ],
        "FullCommandName": [ "Remove-AzWvdHostPool_Delete" ],
        "ParameterSetName": [ "__AllParameterSets" ],
        "User-Agent": [ "AzurePowershell/Az4.0.0-preview" ],
        "Authorization": [ "[Filtered]" ]
      },
      "ContentHeaders": {
      }
    },
    "Response": {
      "StatusCode": 200,
      "Headers": {
        "Cache-Control": [ "no-cache" ],
        "Pragma": [ "no-cache" ],
        "Vary": [ "Accept-Encoding" ],
        "x-ms-ratelimit-remaining-subscription-deletes": [ "14994" ],
        "x-ms-opsarmpath": [ "/subscriptions/292d7caa-a878-4de8-b774-689097666272/resourceGroups/datr-canadaeast/providers/Microsoft.DesktopVirtualization/hostPools/HostPoolPowershellContained1" ],
        "x-ms-lamport-ts": [ "28063" ],
        "x-ms-correlation-id": [ "3edd13dd-80ad-4923-9d1b-f8ce7457ed7e" ],
        "Set-Cookie": [ "ARRAffinity=f798a5d59f1c3d1489a4b197779bfa953c88b216f7c0c1aadd6e5cb7de62688d;Path=/;HttpOnly;Secure;Domain=rdarmprovider.dev05.avdtest.net", "ARRAffinitySameSite=f798a5d59f1c3d1489a4b197779bfa953c88b216f7c0c1aadd6e5cb7de62688d;Path=/;HttpOnly;SameSite=None;Secure;Domain=rdarmprovider.dev05.avdtest.net" ],
        "Server": [ "Microsoft-IIS/10.0" ],
        "X-Powered-By": [ "ASP.NET" ],
        "x-ms-request-id": [ "3edd13dd-80ad-4923-9d1b-f8ce7457ed7e" ],
        "x-ms-correlation-request-id": [ "3edd13dd-80ad-4923-9d1b-f8ce7457ed7e" ],
        "x-ms-routing-request-id": [ "WESTUS:20201113T190843Z:3edd13dd-80ad-4923-9d1b-f8ce7457ed7e" ],
        "Strict-Transport-Security": [ "max-age=31536000; includeSubDomains" ],
        "X-Content-Type-Options": [ "nosniff" ],
        "Date": [ "Fri, 13 Nov 2020 19:08:43 GMT" ]
      },
      "ContentHeaders": {
        "Content-Length": [ "2117" ],
        "Content-Type": [ "application/json; charset=utf-8" ],
        "Expires": [ "-1" ]
      },
      "Content": "{\"name\":\"HostPoolPowershellContained1\",\"id\":\"/subscriptions/292d7caa-a878-4de8-b774-689097666272/resourcegroups/datr-canadaeast/providers/Microsoft.DesktopVirtualization/hostpools/HostPoolPowershellContained1\",\"type\":\"Microsoft.DesktopVirtualization/hostpools\",\"location\":\"canadaeast\",\"tags\":null,\"kind\":null,\"properties\":{\"friendlyName\":\"fri2\",\"description\":\"des2\",\"hostPoolType\":\"Pooled\",\"personalDesktopAssignmentType\":null,\"applicationGroupReferences\":[],\"customRdpProperty\":\"\",\"maxSessionLimit\":6,\"loadBalancerType\":\"BreadthFirst\",\"validationEnvironment\":true,\"ring\":null,\"registrationInfo\":{\"expirationTime\":\"2020-11-14T19:08:36.2091954Z\",\"token\":\"\",\"resetToken\":false,\"registrationTokenOperation\":\"None\"},\"vmTemplate\":\"{option2}\",\"preferredAppGroupType\":\"Desktop\",\"migrationRequest\":null,\"cloudPcResource\":false,\"startVMOnConnect\":false,\"ssoadfsAuthority\":\"https://msft.sts.microsoft.com/adfs2\",\"ssoClientId\":\"https://domain/name2\",\"ssoClientSecretKeyVaultPath\":\"https://domain/certificates/cert2\",\"ssoSecretType\":\"CertificateInKeyVault\",\"objectId\":\"84ee7b52-653a-4d0c-8cfa-452626fd3ac0\"}}"
    }
  }
}