{
  "Update-AzWvdWorkspace+[NoContext]+Update+$PUT+https://management.azure.com/subscriptions/292d7caa-a878-4de8-b774-689097666272/resourceGroups/datr-canadaeast/providers/Microsoft.DesktopVirtualization/workspaces/WorkspacePowershell1?api-version=2020-11-02-preview+1": {
    "Request": {
      "Method": "PUT",
      "RequestUri": "https://management.azure.com/subscriptions/292d7caa-a878-4de8-b774-689097666272/resourceGroups/datr-canadaeast/providers/Microsoft.DesktopVirtualization/workspaces/WorkspacePowershell1?api-version=2020-11-02-preview",
      "Content": "{\r\n  \"location\": \"canadaeast\",\r\n  \"properties\": {\r\n    \"description\": \"des\",\r\n    \"friendlyName\": \"fri\"\r\n  }\r\n}",
      "Headers": {
      },
      "ContentHeaders": {
        "Content-Type": [ "application/json" ],
        "Content-Length": [ "111" ]
      }
    },
    "Response": {
      "StatusCode": 201,
      "Headers": {
        "Cache-Control": [ "no-cache" ],
        "Pragma": [ "no-cache" ],
        "Location": [ "/subscriptions/292d7caa-a878-4de8-b774-689097666272/resourcegroups/datr-canadaeast/providers/Microsoft.DesktopVirtualization/workspaces/WorkspacePowershell1" ],
        "x-ms-opsarmpath": [ "/subscriptions/292d7caa-a878-4de8-b774-689097666272/resourceGroups/datr-canadaeast/providers/Microsoft.DesktopVirtualization/workspaces/WorkspacePowershell1" ],
        "x-ms-lamport-ts": [ "16573" ],
        "x-ms-correlation-id": [ "158f5cc0-fa93-4a09-b568-237c1891b4a3" ],
        "Set-Cookie": [ "ARRAffinity=f798a5d59f1c3d1489a4b197779bfa953c88b216f7c0c1aadd6e5cb7de62688d;Path=/;HttpOnly;Secure;Domain=rdarmprovider.dev05.avdtest.net", "ARRAffinitySameSite=f798a5d59f1c3d1489a4b197779bfa953c88b216f7c0c1aadd6e5cb7de62688d;Path=/;HttpOnly;SameSite=None;Secure;Domain=rdarmprovider.dev05.avdtest.net" ],
        "Server": [ "Microsoft-IIS/10.0" ],
        "X-Powered-By": [ "ASP.NET" ],
        "x-ms-ratelimit-remaining-subscription-writes": [ "1199" ],
        "x-ms-request-id": [ "158f5cc0-fa93-4a09-b568-237c1891b4a3" ],
        "x-ms-correlation-request-id": [ "158f5cc0-fa93-4a09-b568-237c1891b4a3" ],
        "x-ms-routing-request-id": [ "WESTUS:20201021T152355Z:158f5cc0-fa93-4a09-b568-237c1891b4a3" ],
        "Strict-Transport-Security": [ "max-age=31536000; includeSubDomains" ],
        "X-Content-Type-Options": [ "nosniff" ],
        "Date": [ "Wed, 21 Oct 2020 15:23:55 GMT" ]
      },
      "ContentHeaders": {
        "Content-Length": [ "457" ],
        "Content-Type": [ "application/json; charset=utf-8" ],
        "Expires": [ "-1" ]
      },
      "Content": "{\"name\":\"WorkspacePowershell1\",\"id\":\"/subscriptions/292d7caa-a878-4de8-b774-689097666272/resourcegroups/datr-canadaeast/providers/Microsoft.DesktopVirtualization/workspaces/WorkspacePowershell1\",\"type\":\"Microsoft.DesktopVirtualization/workspaces\",\"location\":\"canadaeast\",\"tags\":null,\"kind\":null,\"properties\":{\"description\":\"des\",\"friendlyName\":\"fri\",\"applicationGroupReferences\":[],\"cloudPcResource\":false,\"objectId\":\"e41ca4e6-732c-4403-b3e7-df9f95af4cf7\"}}"
    }
  },
  "Update-AzWvdWorkspace+[NoContext]+Update+$PATCH+https://management.azure.com/subscriptions/292d7caa-a878-4de8-b774-689097666272/resourceGroups/datr-canadaeast/providers/Microsoft.DesktopVirtualization/workspaces/WorkspacePowershell1?api-version=2020-11-02-preview+2": {
    "Request": {
      "Method": "PATCH",
      "RequestUri": "https://management.azure.com/subscriptions/292d7caa-a878-4de8-b774-689097666272/resourceGroups/datr-canadaeast/providers/Microsoft.DesktopVirtualization/workspaces/WorkspacePowershell1?api-version=2020-11-02-preview",
      "Content": "{\r\n  \"properties\": {\r\n    \"description\": \"des2\",\r\n    \"friendlyName\": \"fri2\"\r\n  }\r\n}",
      "Headers": {
      },
      "ContentHeaders": {
        "Content-Type": [ "application/json" ],
        "Content-Length": [ "84" ]
      }
    },
    "Response": {
      "StatusCode": 200,
      "Headers": {
        "Cache-Control": [ "no-cache" ],
        "Pragma": [ "no-cache" ],
        "Vary": [ "Accept-Encoding" ],
        "x-ms-ratelimit-remaining-subscription-writes": [ "1198" ],
        "x-ms-opsarmpath": [ "/subscriptions/292d7caa-a878-4de8-b774-689097666272/resourceGroups/datr-canadaeast/providers/Microsoft.DesktopVirtualization/workspaces/WorkspacePowershell1" ],
        "x-ms-lamport-ts": [ "16576" ],
        "x-ms-correlation-id": [ "c4b9b799-af12-46c7-a4c2-8edb2a49d0e9" ],
        "Set-Cookie": [ "ARRAffinity=f798a5d59f1c3d1489a4b197779bfa953c88b216f7c0c1aadd6e5cb7de62688d;Path=/;HttpOnly;Secure;Domain=rdarmprovider.dev05.avdtest.net", "ARRAffinitySameSite=f798a5d59f1c3d1489a4b197779bfa953c88b216f7c0c1aadd6e5cb7de62688d;Path=/;HttpOnly;SameSite=None;Secure;Domain=rdarmprovider.dev05.avdtest.net" ],
        "Server": [ "Microsoft-IIS/10.0" ],
        "X-Powered-By": [ "ASP.NET" ],
        "x-ms-request-id": [ "c4b9b799-af12-46c7-a4c2-8edb2a49d0e9" ],
        "x-ms-correlation-request-id": [ "c4b9b799-af12-46c7-a4c2-8edb2a49d0e9" ],
        "x-ms-routing-request-id": [ "WESTUS:20201021T152355Z:c4b9b799-af12-46c7-a4c2-8edb2a49d0e9" ],
        "Strict-Transport-Security": [ "max-age=31536000; includeSubDomains" ],
        "X-Content-Type-Options": [ "nosniff" ],
        "Date": [ "Wed, 21 Oct 2020 15:23:55 GMT" ]
      },
      "ContentHeaders": {
        "Content-Length": [ "459" ],
        "Content-Type": [ "application/json; charset=utf-8" ],
        "Expires": [ "-1" ]
      },
      "Content": "{\"name\":\"WorkspacePowershell1\",\"id\":\"/subscriptions/292d7caa-a878-4de8-b774-689097666272/resourcegroups/datr-canadaeast/providers/Microsoft.DesktopVirtualization/workspaces/WorkspacePowershell1\",\"type\":\"Microsoft.DesktopVirtualization/workspaces\",\"location\":\"canadaeast\",\"tags\":null,\"kind\":null,\"properties\":{\"description\":\"des2\",\"friendlyName\":\"fri2\",\"applicationGroupReferences\":[],\"cloudPcResource\":false,\"objectId\":\"e41ca4e6-732c-4403-b3e7-df9f95af4cf7\"}}"
    }
  },
  "Update-AzWvdWorkspace+[NoContext]+Update+$GET+https://management.azure.com/subscriptions/292d7caa-a878-4de8-b774-689097666272/resourceGroups/datr-canadaeast/providers/Microsoft.DesktopVirtualization/workspaces/WorkspacePowershell1?api-version=2020-11-02-preview+3": {
    "Request": {
      "Method": "GET",
      "RequestUri": "https://management.azure.com/subscriptions/292d7caa-a878-4de8-b774-689097666272/resourceGroups/datr-canadaeast/providers/Microsoft.DesktopVirtualization/workspaces/WorkspacePowershell1?api-version=2020-11-02-preview",
      "Content": null,
      "Headers": {
        "x-ms-unique-id": [ "229" ],
        "x-ms-client-request-id": [ "b939a51c-f37f-4c93-ae87-2149a83524f0" ],
        "CommandName": [ "Get-AzWvdWorkspace" ],
        "FullCommandName": [ "Get-AzWvdWorkspace_Get" ],
        "ParameterSetName": [ "__AllParameterSets" ],
        "User-Agent": [ "AzurePowershell/Az4.0.0-preview" ],
        "Authorization": [ "[Filtered]" ]
      },
      "ContentHeaders": {
      }
    },
    "Response": {
      "StatusCode": 200,
      "Headers": {
        "Cache-Control": [ "no-cache" ],
        "Pragma": [ "no-cache" ],
        "Vary": [ "Accept-Encoding" ],
        "x-ms-ratelimit-remaining-subscription-reads": [ "11994" ],
        "x-ms-opsarmpath": [ "/subscriptions/292d7caa-a878-4de8-b774-689097666272/resourceGroups/datr-canadaeast/providers/Microsoft.DesktopVirtualization/workspaces/WorkspacePowershell1" ],
        "x-ms-lamport-ts": [ "16579" ],
        "x-ms-correlation-id": [ "ac25da8d-97b4-4bda-829c-91fe7237b69a" ],
        "Set-Cookie": [ "ARRAffinity=f798a5d59f1c3d1489a4b197779bfa953c88b216f7c0c1aadd6e5cb7de62688d;Path=/;HttpOnly;Secure;Domain=rdarmprovider.dev05.avdtest.net", "ARRAffinitySameSite=f798a5d59f1c3d1489a4b197779bfa953c88b216f7c0c1aadd6e5cb7de62688d;Path=/;HttpOnly;SameSite=None;Secure;Domain=rdarmprovider.dev05.avdtest.net" ],
        "Server": [ "Microsoft-IIS/10.0" ],
        "X-Powered-By": [ "ASP.NET" ],
        "x-ms-request-id": [ "ac25da8d-97b4-4bda-829c-91fe7237b69a" ],
        "x-ms-correlation-request-id": [ "ac25da8d-97b4-4bda-829c-91fe7237b69a" ],
        "x-ms-routing-request-id": [ "WESTUS:20201021T152355Z:ac25da8d-97b4-4bda-829c-91fe7237b69a" ],
        "Strict-Transport-Security": [ "max-age=31536000; includeSubDomains" ],
        "X-Content-Type-Options": [ "nosniff" ],
        "Date": [ "Wed, 21 Oct 2020 15:23:55 GMT" ]
      },
      "ContentHeaders": {
        "Content-Length": [ "459" ],
        "Content-Type": [ "application/json; charset=utf-8" ],
        "Expires": [ "-1" ]
      },
      "Content": "{\"name\":\"WorkspacePowershell1\",\"id\":\"/subscriptions/292d7caa-a878-4de8-b774-689097666272/resourcegroups/datr-canadaeast/providers/Microsoft.DesktopVirtualization/workspaces/WorkspacePowershell1\",\"type\":\"Microsoft.DesktopVirtualization/workspaces\",\"location\":\"canadaeast\",\"tags\":null,\"kind\":null,\"properties\":{\"description\":\"des2\",\"friendlyName\":\"fri2\",\"applicationGroupReferences\":[],\"cloudPcResource\":false,\"objectId\":\"e41ca4e6-732c-4403-b3e7-df9f95af4cf7\"}}"
    }
  },
  "Update-AzWvdWorkspace+[NoContext]+Update+$DELETE+https://management.azure.com/subscriptions/292d7caa-a878-4de8-b774-689097666272/resourceGroups/datr-canadaeast/providers/Microsoft.DesktopVirtualization/workspaces/WorkspacePowershell1?api-version=2020-11-02-preview+4": {
    "Request": {
      "Method": "DELETE",
      "RequestUri": "https://management.azure.com/subscriptions/292d7caa-a878-4de8-b774-689097666272/resourceGroups/datr-canadaeast/providers/Microsoft.DesktopVirtualization/workspaces/WorkspacePowershell1?api-version=2020-11-02-preview",
      "Content": null,
      "Headers": {
        "x-ms-unique-id": [ "230" ],
        "x-ms-client-request-id": [ "2b2da168-2954-495b-b968-e0d9c04d5f3b" ],
        "CommandName": [ "Remove-AzWvdWorkspace" ],
        "FullCommandName": [ "Remove-AzWvdWorkspace_Delete" ],
        "ParameterSetName": [ "__AllParameterSets" ],
        "User-Agent": [ "AzurePowershell/Az4.0.0-preview" ],
        "Authorization": [ "[Filtered]" ]
      },
      "ContentHeaders": {
      }
    },
    "Response": {
      "StatusCode": 200,
      "Headers": {
        "Cache-Control": [ "no-cache" ],
        "Pragma": [ "no-cache" ],
        "Vary": [ "Accept-Encoding" ],
        "x-ms-ratelimit-remaining-subscription-deletes": [ "14999" ],
        "x-ms-opsarmpath": [ "/subscriptions/292d7caa-a878-4de8-b774-689097666272/resourceGroups/datr-canadaeast/providers/Microsoft.DesktopVirtualization/workspaces/WorkspacePowershell1" ],
        "x-ms-lamport-ts": [ "16582" ],
        "x-ms-correlation-id": [ "497c958f-1c43-40b4-923c-4dcda6b7e1ac" ],
        "Set-Cookie": [ "ARRAffinity=f798a5d59f1c3d1489a4b197779bfa953c88b216f7c0c1aadd6e5cb7de62688d;Path=/;HttpOnly;Secure;Domain=rdarmprovider.dev05.avdtest.net", "ARRAffinitySameSite=f798a5d59f1c3d1489a4b197779bfa953c88b216f7c0c1aadd6e5cb7de62688d;Path=/;HttpOnly;SameSite=None;Secure;Domain=rdarmprovider.dev05.avdtest.net" ],
        "Server": [ "Microsoft-IIS/10.0" ],
        "X-Powered-By": [ "ASP.NET" ],
        "x-ms-request-id": [ "497c958f-1c43-40b4-923c-4dcda6b7e1ac" ],
        "x-ms-correlation-request-id": [ "497c958f-1c43-40b4-923c-4dcda6b7e1ac" ],
        "x-ms-routing-request-id": [ "WESTUS:20201021T152357Z:497c958f-1c43-40b4-923c-4dcda6b7e1ac" ],
        "Strict-Transport-Security": [ "max-age=31536000; includeSubDomains" ],
        "X-Content-Type-Options": [ "nosniff" ],
        "Date": [ "Wed, 21 Oct 2020 15:23:57 GMT" ]
      },
      "ContentHeaders": {
        "Content-Length": [ "459" ],
        "Content-Type": [ "application/json; charset=utf-8" ],
        "Expires": [ "-1" ]
      },
      "Content": "{\"name\":\"WorkspacePowershell1\",\"id\":\"/subscriptions/292d7caa-a878-4de8-b774-689097666272/resourcegroups/datr-canadaeast/providers/Microsoft.DesktopVirtualization/workspaces/WorkspacePowershell1\",\"type\":\"Microsoft.DesktopVirtualization/workspaces\",\"location\":\"canadaeast\",\"tags\":null,\"kind\":null,\"properties\":{\"description\":\"des2\",\"friendlyName\":\"fri2\",\"applicationGroupReferences\":[],\"cloudPcResource\":false,\"objectId\":\"e41ca4e6-732c-4403-b3e7-df9f95af4cf7\"}}"
    }
  }
}