{
  "Update-AzWvdWorkspace+[NoContext]+Update+$PUT+https://management.azure.com/subscriptions/dbedef25-184c-430f-b383-0eeb87c3205d/resourceGroups/alecbUserSessionTests/providers/Microsoft.DesktopVirtualization/workspaces/WorkspacePowershell1?api-version=2023-09-05+1": {
    "Request": {
      "Method": "PUT",
      "RequestUri": "https://management.azure.com/subscriptions/dbedef25-184c-430f-b383-0eeb87c3205d/resourceGroups/alecbUserSessionTests/providers/Microsoft.DesktopVirtualization/workspaces/WorkspacePowershell1?api-version=2023-09-05",
      "Content": "{\r\n  \"location\": \"westus2\",\r\n  \"properties\": {\r\n    \"description\": \"des\",\r\n    \"friendlyName\": \"fri\"\r\n  }\r\n}",
      "isContentBase64": false,
      "Headers": {
      },
      "ContentHeaders": {
        "Content-Type": [ "application/json" ],
        "Content-Length": [ "108" ]
      }
    },
    "Response": {
      "StatusCode": 201,
      "Headers": {
        "Cache-Control": [ "no-cache" ],
        "Pragma": [ "no-cache" ],
        "Location": [ "/subscriptions/dbedef25-184c-430f-b383-0eeb87c3205d/resourcegroups/alecbUserSessionTests/providers/Microsoft.DesktopVirtualization/workspaces/WorkspacePowershell1" ],
        "X-Rate-Limit-Limit": [ "0" ],
        "X-Rate-Limit-Remaining": [ "9223372036854775807" ],
        "X-Rate-Limit-Reset": [ "0" ],
        "x-ms-opsarmpath64": [ "L3N1YnNjcmlwdGlvbnMvZGJlZGVmMjUtMTg0Yy00MzBmLWIzODMtMGVlYjg3YzMyMDVkL3Jlc291cmNlR3JvdXBzL2FsZWNiVXNlclNlc3Npb25UZXN0cy9wcm92aWRlcnMvTWljcm9zb2Z0LkRlc2t0b3BWaXJ0dWFsaXphdGlvbi93b3Jrc3BhY2VzL1dvcmtzcGFjZVBvd2Vyc2hlbGwx" ],
        "x-ms-lamport-ts": [ "128691149" ],
        "x-ms-correlation-id": [ "1f831980-af14-4328-8c8b-aa33b0302e9e" ],
        "x-ms-request-id": [ "cb6a4591-a61c-4444-83db-de33230c0797" ],
        "X-Content-Type-Options": [ "nosniff" ],
        "Set-Cookie": [ "ARRAffinity=136ead941a19baf9a74bd41f746b55cb14e4cf321e040e50f7bd8162d430922d;Path=/;HttpOnly;Secure;Domain=rdarmprovider-g-us-r0.wvdselfhost.microsoft.com", "ARRAffinitySameSite=136ead941a19baf9a74bd41f746b55cb14e4cf321e040e50f7bd8162d430922d;Path=/;HttpOnly;SameSite=None;Secure;Domain=rdarmprovider-g-us-r0.wvdselfhost.microsoft.com" ],
        "Server": [ "Microsoft-IIS/10.0" ],
        "X-Powered-By": [ "ASP.NET" ],
        "x-ms-ratelimit-remaining-subscription-writes": [ "1052" ],
        "x-ms-correlation-request-id": [ "85474eaa-311e-4f94-a9e1-df55ce2b4546" ],
        "x-ms-routing-request-id": [ "WESTCENTRALUS:20230919T005020Z:85474eaa-311e-4f94-a9e1-df55ce2b4546" ],
        "Strict-Transport-Security": [ "max-age=31536000; includeSubDomains" ],
        "Date": [ "Tue, 19 Sep 2023 00:50:20 GMT" ]
      },
      "ContentHeaders": {
        "Content-Length": [ "778" ],
        "Content-Type": [ "application/json; charset=utf-8" ],
        "Expires": [ "-1" ]
      },
      "Content": "{\"name\":\"WorkspacePowershell1\",\"id\":\"/subscriptions/dbedef25-184c-430f-b383-0eeb87c3205d/resourcegroups/alecbUserSessionTests/providers/Microsoft.DesktopVirtualization/workspaces/WorkspacePowershell1\",\"type\":\"Microsoft.DesktopVirtualization/workspaces\",\"location\":\"westus2\",\"tags\":null,\"kind\":null,\"systemData\":{\"createdBy\":\"admin@wvdtesttenant.onmicrosoft.com\",\"createdByType\":\"User\",\"createdAt\":\"2023-09-19T00:50:20.49Z\",\"lastModifiedBy\":\"admin@wvdtesttenant.onmicrosoft.com\",\"lastModifiedByType\":\"User\",\"lastModifiedAt\":\"2023-09-19T00:50:20.49Z\"},\"properties\":{\"privateEndpointConnections\":null,\"publicNetworkAccess\":\"Enabled\",\"description\":\"des\",\"friendlyName\":\"fri\",\"applicationGroupReferences\":[],\"cloudPcResource\":false,\"objectId\":\"3722b86e-10fb-423b-852f-67c058bc2b60\"}}",
      "isContentBase64": false
    }
  },
  "Update-AzWvdWorkspace+[NoContext]+Update+$PATCH+https://management.azure.com/subscriptions/dbedef25-184c-430f-b383-0eeb87c3205d/resourceGroups/alecbUserSessionTests/providers/Microsoft.DesktopVirtualization/workspaces/WorkspacePowershell1?api-version=2023-09-05+2": {
    "Request": {
      "Method": "PATCH",
      "RequestUri": "https://management.azure.com/subscriptions/dbedef25-184c-430f-b383-0eeb87c3205d/resourceGroups/alecbUserSessionTests/providers/Microsoft.DesktopVirtualization/workspaces/WorkspacePowershell1?api-version=2023-09-05",
      "Content": "{\r\n  \"properties\": {\r\n    \"description\": \"des2\",\r\n    \"friendlyName\": \"fri2\"\r\n  }\r\n}",
      "isContentBase64": false,
      "Headers": {
      },
      "ContentHeaders": {
        "Content-Type": [ "application/json" ],
        "Content-Length": [ "84" ]
      }
    },
    "Response": {
      "StatusCode": 200,
      "Headers": {
        "Cache-Control": [ "no-cache" ],
        "Pragma": [ "no-cache" ],
        "Vary": [ "Accept-Encoding" ],
        "x-ms-ratelimit-remaining-subscription-writes": [ "1051" ],
        "X-Rate-Limit-Limit": [ "0" ],
        "X-Rate-Limit-Remaining": [ "9223372036854775807" ],
        "X-Rate-Limit-Reset": [ "0" ],
        "x-ms-opsarmpath64": [ "L3N1YnNjcmlwdGlvbnMvZGJlZGVmMjUtMTg0Yy00MzBmLWIzODMtMGVlYjg3YzMyMDVkL3Jlc291cmNlR3JvdXBzL2FsZWNiVXNlclNlc3Npb25UZXN0cy9wcm92aWRlcnMvTWljcm9zb2Z0LkRlc2t0b3BWaXJ0dWFsaXphdGlvbi93b3Jrc3BhY2VzL1dvcmtzcGFjZVBvd2Vyc2hlbGwx" ],
        "x-ms-lamport-ts": [ "128690994" ],
        "x-ms-correlation-id": [ "cec245ce-993e-41d0-aea4-6d503ab602be" ],
        "x-ms-request-id": [ "25c928ea-d50b-4234-9810-bdec10cb3aed" ],
        "X-Content-Type-Options": [ "nosniff" ],
        "Set-Cookie": [ "ARRAffinity=47e899d5dc0547d5646e3c2c0081ae2cb7fddd55609bf4af48732c4283928a51;Path=/;HttpOnly;Secure;Domain=rdarmprovider-g-us-r0.wvdselfhost.microsoft.com", "ARRAffinitySameSite=47e899d5dc0547d5646e3c2c0081ae2cb7fddd55609bf4af48732c4283928a51;Path=/;HttpOnly;SameSite=None;Secure;Domain=rdarmprovider-g-us-r0.wvdselfhost.microsoft.com" ],
        "Server": [ "Microsoft-IIS/10.0" ],
        "X-Powered-By": [ "ASP.NET" ],
        "x-ms-correlation-request-id": [ "b29c862f-8ec0-4ee1-b972-3102848774d4" ],
        "x-ms-routing-request-id": [ "WESTCENTRALUS:20230919T005021Z:b29c862f-8ec0-4ee1-b972-3102848774d4" ],
        "Strict-Transport-Security": [ "max-age=31536000; includeSubDomains" ],
        "Date": [ "Tue, 19 Sep 2023 00:50:20 GMT" ]
      },
      "ContentHeaders": {
        "Content-Length": [ "780" ],
        "Content-Type": [ "application/json; charset=utf-8" ],
        "Expires": [ "-1" ]
      },
      "Content": "{\"name\":\"WorkspacePowershell1\",\"id\":\"/subscriptions/dbedef25-184c-430f-b383-0eeb87c3205d/resourcegroups/alecbUserSessionTests/providers/Microsoft.DesktopVirtualization/workspaces/WorkspacePowershell1\",\"type\":\"Microsoft.DesktopVirtualization/workspaces\",\"location\":\"westus2\",\"tags\":null,\"kind\":null,\"systemData\":{\"createdBy\":\"admin@wvdtesttenant.onmicrosoft.com\",\"createdByType\":\"User\",\"createdAt\":\"2023-09-19T00:50:20.49Z\",\"lastModifiedBy\":\"admin@wvdtesttenant.onmicrosoft.com\",\"lastModifiedByType\":\"User\",\"lastModifiedAt\":\"2023-09-19T00:50:21.16Z\"},\"properties\":{\"privateEndpointConnections\":null,\"publicNetworkAccess\":\"Enabled\",\"description\":\"des2\",\"friendlyName\":\"fri2\",\"applicationGroupReferences\":[],\"cloudPcResource\":false,\"objectId\":\"3722b86e-10fb-423b-852f-67c058bc2b60\"}}",
      "isContentBase64": false
    }
  },
  "Update-AzWvdWorkspace+[NoContext]+Update+$GET+https://management.azure.com/subscriptions/dbedef25-184c-430f-b383-0eeb87c3205d/resourceGroups/alecbUserSessionTests/providers/Microsoft.DesktopVirtualization/workspaces/WorkspacePowershell1?api-version=2023-09-05+3": {
    "Request": {
      "Method": "GET",
      "RequestUri": "https://management.azure.com/subscriptions/dbedef25-184c-430f-b383-0eeb87c3205d/resourceGroups/alecbUserSessionTests/providers/Microsoft.DesktopVirtualization/workspaces/WorkspacePowershell1?api-version=2023-09-05",
      "Content": null,
      "isContentBase64": false,
      "Headers": {
        "x-ms-unique-id": [ "390" ],
        "x-ms-client-request-id": [ "80e69ea4-dadd-41fc-9299-9e22e43de075" ],
        "CommandName": [ "Get-AzWvdWorkspace" ],
        "FullCommandName": [ "Get-AzWvdWorkspace_Get" ],
        "ParameterSetName": [ "__AllParameterSets" ],
        "User-Agent": [ "AzurePowershell/v0.0.0", "PSVersion/v7.2.13", "Az.DesktopVirtualization/2.1.0" ],
        "Authorization": [ "[Filtered]" ]
      },
      "ContentHeaders": {
      }
    },
    "Response": {
      "StatusCode": 200,
      "Headers": {
        "Cache-Control": [ "no-cache" ],
        "Pragma": [ "no-cache" ],
        "Vary": [ "Accept-Encoding" ],
        "x-ms-ratelimit-remaining-subscription-reads": [ "11909" ],
        "X-Rate-Limit-Limit": [ "0" ],
        "X-Rate-Limit-Remaining": [ "9223372036854775807" ],
        "X-Rate-Limit-Reset": [ "0" ],
        "x-ms-opsarmpath64": [ "L3N1YnNjcmlwdGlvbnMvZGJlZGVmMjUtMTg0Yy00MzBmLWIzODMtMGVlYjg3YzMyMDVkL3Jlc291cmNlR3JvdXBzL2FsZWNiVXNlclNlc3Npb25UZXN0cy9wcm92aWRlcnMvTWljcm9zb2Z0LkRlc2t0b3BWaXJ0dWFsaXphdGlvbi93b3Jrc3BhY2VzL1dvcmtzcGFjZVBvd2Vyc2hlbGwx" ],
        "x-ms-lamport-ts": [ "128691002" ],
        "x-ms-correlation-id": [ "97268f30-c2bb-4ee8-97c2-f872675ff9b2" ],
        "x-ms-request-id": [ "80e69ea4-dadd-41fc-9299-9e22e43de075" ],
        "X-Content-Type-Options": [ "nosniff" ],
        "Set-Cookie": [ "ARRAffinity=8709cede3dff6cc96c3687614f6f6d07d26f1b7354152bf58fb5a84fbfd96a8a;Path=/;HttpOnly;Secure;Domain=rdarmprovider-g-us-r0.wvdselfhost.microsoft.com", "ARRAffinitySameSite=8709cede3dff6cc96c3687614f6f6d07d26f1b7354152bf58fb5a84fbfd96a8a;Path=/;HttpOnly;SameSite=None;Secure;Domain=rdarmprovider-g-us-r0.wvdselfhost.microsoft.com" ],
        "Server": [ "Microsoft-IIS/10.0" ],
        "X-Powered-By": [ "ASP.NET" ],
        "x-ms-correlation-request-id": [ "2102b920-da71-4ae3-8250-7026e3c1fcf3" ],
        "x-ms-routing-request-id": [ "WESTCENTRALUS:20230919T005021Z:2102b920-da71-4ae3-8250-7026e3c1fcf3" ],
        "Strict-Transport-Security": [ "max-age=31536000; includeSubDomains" ],
        "Date": [ "Tue, 19 Sep 2023 00:50:21 GMT" ]
      },
      "ContentHeaders": {
        "Content-Length": [ "778" ],
        "Content-Type": [ "application/json; charset=utf-8" ],
        "Expires": [ "-1" ]
      },
      "Content": "{\"name\":\"WorkspacePowershell1\",\"id\":\"/subscriptions/dbedef25-184c-430f-b383-0eeb87c3205d/resourcegroups/alecbUserSessionTests/providers/Microsoft.DesktopVirtualization/workspaces/WorkspacePowershell1\",\"type\":\"Microsoft.DesktopVirtualization/workspaces\",\"location\":\"westus2\",\"tags\":null,\"kind\":null,\"systemData\":{\"createdBy\":\"admin@wvdtesttenant.onmicrosoft.com\",\"createdByType\":\"User\",\"createdAt\":\"2023-09-19T00:50:20.49Z\",\"lastModifiedBy\":\"admin@wvdtesttenant.onmicrosoft.com\",\"lastModifiedByType\":\"User\",\"lastModifiedAt\":\"2023-09-19T00:50:21.16Z\"},\"properties\":{\"privateEndpointConnections\":[],\"publicNetworkAccess\":\"Enabled\",\"description\":\"des2\",\"friendlyName\":\"fri2\",\"applicationGroupReferences\":[],\"cloudPcResource\":false,\"objectId\":\"3722b86e-10fb-423b-852f-67c058bc2b60\"}}",
      "isContentBase64": false
    }
  },
  "Update-AzWvdWorkspace+[NoContext]+Update+$DELETE+https://management.azure.com/subscriptions/dbedef25-184c-430f-b383-0eeb87c3205d/resourceGroups/alecbUserSessionTests/providers/Microsoft.DesktopVirtualization/workspaces/WorkspacePowershell1?api-version=2023-09-05+4": {
    "Request": {
      "Method": "DELETE",
      "RequestUri": "https://management.azure.com/subscriptions/dbedef25-184c-430f-b383-0eeb87c3205d/resourceGroups/alecbUserSessionTests/providers/Microsoft.DesktopVirtualization/workspaces/WorkspacePowershell1?api-version=2023-09-05",
      "Content": null,
      "isContentBase64": false,
      "Headers": {
        "x-ms-unique-id": [ "391" ],
        "x-ms-client-request-id": [ "5096c94f-b96e-45c9-ba91-d8666d1d10e7" ],
        "CommandName": [ "Remove-AzWvdWorkspace" ],
        "FullCommandName": [ "Remove-AzWvdWorkspace_Delete" ],
        "ParameterSetName": [ "__AllParameterSets" ],
        "User-Agent": [ "AzurePowershell/v0.0.0", "PSVersion/v7.2.13", "Az.DesktopVirtualization/2.1.0" ],
        "Authorization": [ "[Filtered]" ]
      },
      "ContentHeaders": {
      }
    },
    "Response": {
      "StatusCode": 200,
      "Headers": {
        "Cache-Control": [ "no-cache" ],
        "Pragma": [ "no-cache" ],
        "Vary": [ "Accept-Encoding" ],
        "x-ms-ratelimit-remaining-subscription-deletes": [ "14857" ],
        "X-Rate-Limit-Limit": [ "0" ],
        "X-Rate-Limit-Remaining": [ "9223372036854775807" ],
        "X-Rate-Limit-Reset": [ "0" ],
        "x-ms-opsarmpath64": [ "L3N1YnNjcmlwdGlvbnMvZGJlZGVmMjUtMTg0Yy00MzBmLWIzODMtMGVlYjg3YzMyMDVkL3Jlc291cmNlR3JvdXBzL2FsZWNiVXNlclNlc3Npb25UZXN0cy9wcm92aWRlcnMvTWljcm9zb2Z0LkRlc2t0b3BWaXJ0dWFsaXphdGlvbi93b3Jrc3BhY2VzL1dvcmtzcGFjZVBvd2Vyc2hlbGwx" ],
        "x-ms-lamport-ts": [ "128691156" ],
        "x-ms-correlation-id": [ "948d778e-a333-4996-a8a3-0cf15685042a" ],
        "x-ms-request-id": [ "5096c94f-b96e-45c9-ba91-d8666d1d10e7" ],
        "X-Content-Type-Options": [ "nosniff" ],
        "Set-Cookie": [ "ARRAffinity=136ead941a19baf9a74bd41f746b55cb14e4cf321e040e50f7bd8162d430922d;Path=/;HttpOnly;Secure;Domain=rdarmprovider-g-us-r0.wvdselfhost.microsoft.com", "ARRAffinitySameSite=136ead941a19baf9a74bd41f746b55cb14e4cf321e040e50f7bd8162d430922d;Path=/;HttpOnly;SameSite=None;Secure;Domain=rdarmprovider-g-us-r0.wvdselfhost.microsoft.com" ],
        "Server": [ "Microsoft-IIS/10.0" ],
        "X-Powered-By": [ "ASP.NET" ],
        "x-ms-correlation-request-id": [ "62ebb4c2-9bda-4439-91ee-b9c80edf5e9d" ],
        "x-ms-routing-request-id": [ "WESTCENTRALUS:20230919T005022Z:62ebb4c2-9bda-4439-91ee-b9c80edf5e9d" ],
        "Strict-Transport-Security": [ "max-age=31536000; includeSubDomains" ],
        "Date": [ "Tue, 19 Sep 2023 00:50:22 GMT" ]
      },
      "ContentHeaders": {
        "Content-Length": [ "544" ],
        "Content-Type": [ "application/json; charset=utf-8" ],
        "Expires": [ "-1" ]
      },
      "Content": "{\"name\":\"WorkspacePowershell1\",\"id\":\"/subscriptions/dbedef25-184c-430f-b383-0eeb87c3205d/resourcegroups/alecbUserSessionTests/providers/Microsoft.DesktopVirtualization/workspaces/WorkspacePowershell1\",\"type\":\"Microsoft.DesktopVirtualization/workspaces\",\"location\":\"westus2\",\"tags\":null,\"kind\":null,\"systemData\":null,\"properties\":{\"privateEndpointConnections\":[],\"publicNetworkAccess\":\"Enabled\",\"description\":\"des2\",\"friendlyName\":\"fri2\",\"applicationGroupReferences\":[],\"cloudPcResource\":false,\"objectId\":\"3722b86e-10fb-423b-852f-67c058bc2b60\"}}",
      "isContentBase64": false
    }
  }
}