{
  "Entries": [
    {
      "RequestUri": "/subscriptions/27cafca8-b9a4-4264-b399-45d0c9cca1ab/resourcegroups/ps7248?api-version=2016-09-01",
      "EncodedRequestUri": "L3N1YnNjcmlwdGlvbnMvMjdjYWZjYTgtYjlhNC00MjY0LWIzOTktNDVkMGM5Y2NhMWFiL3Jlc291cmNlZ3JvdXBzL3BzNzI0OD9hcGktdmVyc2lvbj0yMDE2LTA5LTAx",
      "RequestMethod": "PUT",
      "RequestBody": "{\r\n  \"location\": \"West US\"\r\n}",
      "RequestHeaders": {
        "x-ms-client-request-id": [
          "a6a12dfb-23bb-4a55-b465-d365d4450c7e"
        ],
        "Accept-Language": [
          "en-US"
        ],
        "User-Agent": [
          "FxVersion/4.6.29812.02",
          "OSName/Windows",
          "OSVersion/Microsoft.Windows.10.0.19042.",
          "Microsoft.Azure.Management.Internal.Resources.ResourceManagementClient/1.3.30"
        ],
        "Content-Type": [
          "application/json; charset=utf-8"
        ],
        "Content-Length": [
          "29"
        ]
      },
      "ResponseHeaders": {
        "Cache-Control": [
          "no-cache"
        ],
        "Pragma": [
          "no-cache"
        ],
        "x-ms-ratelimit-remaining-subscription-writes": [
          "1199"
        ],
        "x-ms-request-id": [
          "95d857e3-29ce-4d4c-bf2c-2a8f28bf36f9"
        ],
        "x-ms-correlation-request-id": [
          "95d857e3-29ce-4d4c-bf2c-2a8f28bf36f9"
        ],
        "x-ms-routing-request-id": [
          "WESTCENTRALUS:20210310T000317Z:95d857e3-29ce-4d4c-bf2c-2a8f28bf36f9"
        ],
        "Strict-Transport-Security": [
          "max-age=31536000; includeSubDomains"
        ],
        "X-Content-Type-Options": [
          "nosniff"
        ],
        "Date": [
          "Wed, 10 Mar 2021 00:03:17 GMT"
        ],
        "Content-Length": [
          "165"
        ],
        "Content-Type": [
          "application/json; charset=utf-8"
        ],
        "Expires": [
          "-1"
        ]
      },
      "ResponseBody": "{\r\n  \"id\": \"/subscriptions/27cafca8-b9a4-4264-b399-45d0c9cca1ab/resourceGroups/ps7248\",\r\n  \"name\": \"ps7248\",\r\n  \"location\": \"westus\",\r\n  \"properties\": {\r\n    \"provisioningState\": \"Succeeded\"\r\n  }\r\n}",
      "StatusCode": 201
    },
    {
      "RequestUri": "/subscriptions/27cafca8-b9a4-4264-b399-45d0c9cca1ab/resourceGroups/ps7248/providers/Microsoft.Cdn/profiles/ps3632?api-version=2020-09-01",
      "EncodedRequestUri": "L3N1YnNjcmlwdGlvbnMvMjdjYWZjYTgtYjlhNC00MjY0LWIzOTktNDVkMGM5Y2NhMWFiL3Jlc291cmNlR3JvdXBzL3BzNzI0OC9wcm92aWRlcnMvTWljcm9zb2Z0LkNkbi9wcm9maWxlcy9wczM2MzI/YXBpLXZlcnNpb249MjAyMC0wOS0wMQ==",
      "RequestMethod": "PUT",
      "RequestBody": "{\r\n  \"sku\": {\r\n    \"name\": \"Standard_AzureFrontDoor\"\r\n  },\r\n  \"location\": \"Global\"\r\n}",
      "RequestHeaders": {
        "x-ms-client-request-id": [
          "6bb3c979-0016-4e6d-95bf-c6cb1176e7b6"
        ],
        "Accept-Language": [
          "en-US"
        ],
        "User-Agent": [
          "FxVersion/4.6.29812.02",
          "OSName/Windows",
          "OSVersion/Microsoft.Windows.10.0.19042.",
          "Microsoft.Azure.Management.Cdn.CdnManagementClient/6.1.0.0"
        ],
        "Content-Type": [
          "application/json; charset=utf-8"
        ],
        "Content-Length": [
          "85"
        ]
      },
      "ResponseHeaders": {
        "Cache-Control": [
          "no-cache"
        ],
        "Pragma": [
          "no-cache"
        ],
        "Retry-After": [
          "10"
        ],
        "Strict-Transport-Security": [
          "max-age=31536000; includeSubDomains"
        ],
        "x-ms-request-id": [
          "c845fd82-884d-47c8-9808-e49cfe32ece9"
        ],
        "x-ms-client-request-id": [
          "6bb3c979-0016-4e6d-95bf-c6cb1176e7b6"
        ],
        "Azure-AsyncOperation": [
          "https://management.azure.com/subscriptions/27cafca8-b9a4-4264-b399-45d0c9cca1ab/resourcegroups/ps7248/providers/Microsoft.Cdn/operationresults/72adf053-02f5-47f0-af89-f9ea71f5f4ce?api-version=2020-09-01"
        ],
        "Server": [
          "Kestrel"
        ],
        "x-ms-ratelimit-remaining-subscription-resource-requests": [
          "24"
        ],
        "x-ms-correlation-request-id": [
          "23716268-e112-45bf-b1ec-25192b6ee422"
        ],
        "x-ms-routing-request-id": [
          "WESTCENTRALUS:20210310T000321Z:23716268-e112-45bf-b1ec-25192b6ee422"
        ],
        "X-Content-Type-Options": [
          "nosniff"
        ],
        "Date": [
          "Wed, 10 Mar 2021 00:03:21 GMT"
        ],
        "Content-Length": [
          "386"
        ],
        "Content-Type": [
          "application/json; charset=utf-8"
        ],
        "Expires": [
          "-1"
        ]
      },
      "ResponseBody": "{\r\n  \"id\": \"/subscriptions/27cafca8-b9a4-4264-b399-45d0c9cca1ab/resourcegroups/ps7248/providers/Microsoft.Cdn/profiles/ps3632\",\r\n  \"type\": \"Microsoft.Cdn/profiles\",\r\n  \"name\": \"ps3632\",\r\n  \"location\": \"Global\",\r\n  \"kind\": \"frontdoor\",\r\n  \"tags\": {},\r\n  \"sku\": {\r\n    \"name\": \"Standard_AzureFrontDoor\"\r\n  },\r\n  \"properties\": {\r\n    \"frontDoorId\": \"3c7ae383-5d97-4f8f-ad97-2d31a4ee1c5c\",\r\n    \"resourceState\": \"Creating\",\r\n    \"provisioningState\": \"Creating\"\r\n  }\r\n}",
      "StatusCode": 201
    },
    {
      "RequestUri": "/subscriptions/27cafca8-b9a4-4264-b399-45d0c9cca1ab/resourcegroups/ps7248/providers/Microsoft.Cdn/operationresults/72adf053-02f5-47f0-af89-f9ea71f5f4ce?api-version=2020-09-01",
      "EncodedRequestUri": "L3N1YnNjcmlwdGlvbnMvMjdjYWZjYTgtYjlhNC00MjY0LWIzOTktNDVkMGM5Y2NhMWFiL3Jlc291cmNlZ3JvdXBzL3BzNzI0OC9wcm92aWRlcnMvTWljcm9zb2Z0LkNkbi9vcGVyYXRpb25yZXN1bHRzLzcyYWRmMDUzLTAyZjUtNDdmMC1hZjg5LWY5ZWE3MWY1ZjRjZT9hcGktdmVyc2lvbj0yMDIwLTA5LTAx",
      "RequestMethod": "GET",
      "RequestBody": "",
      "RequestHeaders": {
        "x-ms-client-request-id": [
          "6bb3c979-0016-4e6d-95bf-c6cb1176e7b6"
        ],
        "User-Agent": [
          "FxVersion/4.6.29812.02",
          "OSName/Windows",
          "OSVersion/Microsoft.Windows.10.0.19042.",
          "Microsoft.Azure.Management.Cdn.CdnManagementClient/6.1.0.0"
        ]
      },
      "ResponseHeaders": {
        "Cache-Control": [
          "no-cache"
        ],
        "Pragma": [
          "no-cache"
        ],
        "Strict-Transport-Security": [
          "max-age=31536000; includeSubDomains"
        ],
        "x-ms-request-id": [
          "69a84e88-6f26-47a3-a9da-8899502411c1"
        ],
        "x-ms-client-request-id": [
          "6bb3c979-0016-4e6d-95bf-c6cb1176e7b6"
        ],
        "Server": [
          "Kestrel"
        ],
        "x-ms-ratelimit-remaining-subscription-reads": [
          "11999"
        ],
        "x-ms-correlation-request-id": [
          "c08da46b-dd20-4db4-a1d9-96dee692c2ce"
        ],
        "x-ms-routing-request-id": [
          "WESTCENTRALUS:20210310T000331Z:c08da46b-dd20-4db4-a1d9-96dee692c2ce"
        ],
        "X-Content-Type-Options": [
          "nosniff"
        ],
        "Date": [
          "Wed, 10 Mar 2021 00:03:31 GMT"
        ],
        "Content-Length": [
          "61"
        ],
        "Content-Type": [
          "application/json; charset=utf-8"
        ],
        "Expires": [
          "-1"
        ]
      },
      "ResponseBody": "{\r\n  \"status\": \"Succeeded\",\r\n  \"error\": {\r\n    \"code\": \"None\",\r\n    \"message\": null\r\n  }\r\n}",
      "StatusCode": 200
    },
    {
      "RequestUri": "/subscriptions/27cafca8-b9a4-4264-b399-45d0c9cca1ab/resourceGroups/ps7248/providers/Microsoft.Cdn/profiles/ps3632?api-version=2020-09-01",
      "EncodedRequestUri": "L3N1YnNjcmlwdGlvbnMvMjdjYWZjYTgtYjlhNC00MjY0LWIzOTktNDVkMGM5Y2NhMWFiL3Jlc291cmNlR3JvdXBzL3BzNzI0OC9wcm92aWRlcnMvTWljcm9zb2Z0LkNkbi9wcm9maWxlcy9wczM2MzI/YXBpLXZlcnNpb249MjAyMC0wOS0wMQ==",
      "RequestMethod": "GET",
      "RequestBody": "",
      "RequestHeaders": {
        "x-ms-client-request-id": [
          "6bb3c979-0016-4e6d-95bf-c6cb1176e7b6"
        ],
        "User-Agent": [
          "FxVersion/4.6.29812.02",
          "OSName/Windows",
          "OSVersion/Microsoft.Windows.10.0.19042.",
          "Microsoft.Azure.Management.Cdn.CdnManagementClient/6.1.0.0"
        ]
      },
      "ResponseHeaders": {
        "Cache-Control": [
          "no-cache"
        ],
        "Pragma": [
          "no-cache"
        ],
        "Strict-Transport-Security": [
          "max-age=31536000; includeSubDomains"
        ],
        "x-ms-request-id": [
          "2959f94f-a2dd-44e8-8412-f83d6977bfe0"
        ],
        "x-ms-client-request-id": [
          "6bb3c979-0016-4e6d-95bf-c6cb1176e7b6"
        ],
        "Server": [
          "Kestrel"
        ],
        "x-ms-ratelimit-remaining-subscription-resource-requests": [
          "49"
        ],
        "x-ms-correlation-request-id": [
          "50230b90-65ee-4537-8e1a-4f3fb4723b55"
        ],
        "x-ms-routing-request-id": [
          "WESTCENTRALUS:20210310T000331Z:50230b90-65ee-4537-8e1a-4f3fb4723b55"
        ],
        "X-Content-Type-Options": [
          "nosniff"
        ],
        "Date": [
          "Wed, 10 Mar 2021 00:03:31 GMT"
        ],
        "Content-Length": [
          "385"
        ],
        "Content-Type": [
          "application/json; charset=utf-8"
        ],
        "Expires": [
          "-1"
        ]
      },
      "ResponseBody": "{\r\n  \"id\": \"/subscriptions/27cafca8-b9a4-4264-b399-45d0c9cca1ab/resourcegroups/ps7248/providers/Microsoft.Cdn/profiles/ps3632\",\r\n  \"type\": \"Microsoft.Cdn/profiles\",\r\n  \"name\": \"ps3632\",\r\n  \"location\": \"Global\",\r\n  \"kind\": \"frontdoor\",\r\n  \"tags\": {},\r\n  \"sku\": {\r\n    \"name\": \"Standard_AzureFrontDoor\"\r\n  },\r\n  \"properties\": {\r\n    \"frontDoorId\": \"3c7ae383-5d97-4f8f-ad97-2d31a4ee1c5c\",\r\n    \"resourceState\": \"Active\",\r\n    \"provisioningState\": \"Succeeded\"\r\n  }\r\n}",
      "StatusCode": 200
    },
    {
      "RequestUri": "/subscriptions/27cafca8-b9a4-4264-b399-45d0c9cca1ab/resourceGroups/ps7248/providers/Microsoft.Cdn/profiles/ps3632/afdEndpoints/ps4598?api-version=2020-09-01",
      "EncodedRequestUri": "L3N1YnNjcmlwdGlvbnMvMjdjYWZjYTgtYjlhNC00MjY0LWIzOTktNDVkMGM5Y2NhMWFiL3Jlc291cmNlR3JvdXBzL3BzNzI0OC9wcm92aWRlcnMvTWljcm9zb2Z0LkNkbi9wcm9maWxlcy9wczM2MzIvYWZkRW5kcG9pbnRzL3BzNDU5OD9hcGktdmVyc2lvbj0yMDIwLTA5LTAx",
      "RequestMethod": "PUT",
      "RequestBody": "{\r\n  \"properties\": {\r\n    \"originResponseTimeoutSeconds\": 75\r\n  },\r\n  \"location\": \"Global\"\r\n}",
      "RequestHeaders": {
        "x-ms-client-request-id": [
          "74334cb8-8edb-43d5-9357-e1e004cbbbb6"
        ],
        "Accept-Language": [
          "en-US"
        ],
        "User-Agent": [
          "FxVersion/4.6.29812.02",
          "OSName/Windows",
          "OSVersion/Microsoft.Windows.10.0.19042.",
          "Microsoft.Azure.Management.Cdn.CdnManagementClient/6.1.0.0"
        ],
        "Content-Type": [
          "application/json; charset=utf-8"
        ],
        "Content-Length": [
          "93"
        ]
      },
      "ResponseHeaders": {
        "Cache-Control": [
          "no-cache"
        ],
        "Pragma": [
          "no-cache"
        ],
        "Retry-After": [
          "10"
        ],
        "Strict-Transport-Security": [
          "max-age=31536000; includeSubDomains"
        ],
        "x-ms-request-id": [
          "0751d46a-0409-4fdc-ac5b-551423c52431"
        ],
        "x-ms-client-request-id": [
          "74334cb8-8edb-43d5-9357-e1e004cbbbb6"
        ],
        "Azure-AsyncOperation": [
          "https://management.azure.com/subscriptions/27cafca8-b9a4-4264-b399-45d0c9cca1ab/resourcegroups/ps7248/providers/Microsoft.Cdn/operationresults/710cc53b-cc57-473e-b63c-89d7ad5aa853?api-version=2020-09-01"
        ],
        "Server": [
          "Kestrel"
        ],
        "x-ms-ratelimit-remaining-subscription-resource-requests": [
          "99"
        ],
        "x-ms-correlation-request-id": [
          "3fff05fa-634e-4a3b-963b-f530cfd3789e"
        ],
        "x-ms-routing-request-id": [
          "WESTCENTRALUS:20210310T000334Z:3fff05fa-634e-4a3b-963b-f530cfd3789e"
        ],
        "X-Content-Type-Options": [
          "nosniff"
        ],
        "Date": [
          "Wed, 10 Mar 2021 00:03:34 GMT"
        ],
        "Content-Length": [
          "406"
        ],
        "Content-Type": [
          "application/json; charset=utf-8"
        ],
        "Expires": [
          "-1"
        ]
      },
      "ResponseBody": "{\r\n  \"id\": \"/subscriptions/27cafca8-b9a4-4264-b399-45d0c9cca1ab/resourcegroups/ps7248/providers/Microsoft.Cdn/profiles/ps3632/afdEndpoints/ps4598\",\r\n  \"type\": \"Microsoft.Cdn/profiles/afdendpoints\",\r\n  \"name\": \"ps4598\",\r\n  \"location\": \"Global\",\r\n  \"tags\": {},\r\n  \"properties\": {\r\n    \"hostName\": \"ps4598.z01.azurefd.net\",\r\n    \"originResponseTimeoutSeconds\": 75,\r\n    \"enabledState\": \"Enabled\",\r\n    \"provisioningState\": \"Creating\",\r\n    \"deploymentStatus\": \"NotStarted\"\r\n  }\r\n}",
      "StatusCode": 201
    },
    {
      "RequestUri": "/subscriptions/27cafca8-b9a4-4264-b399-45d0c9cca1ab/resourcegroups/ps7248/providers/Microsoft.Cdn/operationresults/710cc53b-cc57-473e-b63c-89d7ad5aa853?api-version=2020-09-01",
      "EncodedRequestUri": "L3N1YnNjcmlwdGlvbnMvMjdjYWZjYTgtYjlhNC00MjY0LWIzOTktNDVkMGM5Y2NhMWFiL3Jlc291cmNlZ3JvdXBzL3BzNzI0OC9wcm92aWRlcnMvTWljcm9zb2Z0LkNkbi9vcGVyYXRpb25yZXN1bHRzLzcxMGNjNTNiLWNjNTctNDczZS1iNjNjLTg5ZDdhZDVhYTg1Mz9hcGktdmVyc2lvbj0yMDIwLTA5LTAx",
      "RequestMethod": "GET",
      "RequestBody": "",
      "RequestHeaders": {
        "x-ms-client-request-id": [
          "74334cb8-8edb-43d5-9357-e1e004cbbbb6"
        ],
        "User-Agent": [
          "FxVersion/4.6.29812.02",
          "OSName/Windows",
          "OSVersion/Microsoft.Windows.10.0.19042.",
          "Microsoft.Azure.Management.Cdn.CdnManagementClient/6.1.0.0"
        ]
      },
      "ResponseHeaders": {
        "Cache-Control": [
          "no-cache"
        ],
        "Pragma": [
          "no-cache"
        ],
        "Strict-Transport-Security": [
          "max-age=31536000; includeSubDomains"
        ],
        "x-ms-request-id": [
          "cbc6c875-e9d3-485c-b99c-0ecebfc8301a"
        ],
        "x-ms-client-request-id": [
          "74334cb8-8edb-43d5-9357-e1e004cbbbb6"
        ],
        "Server": [
          "Kestrel"
        ],
        "x-ms-ratelimit-remaining-subscription-reads": [
          "11998"
        ],
        "x-ms-correlation-request-id": [
          "ee9614e7-1b00-47df-8c47-5e0521fe7fdf"
        ],
        "x-ms-routing-request-id": [
          "WESTCENTRALUS:20210310T000344Z:ee9614e7-1b00-47df-8c47-5e0521fe7fdf"
        ],
        "X-Content-Type-Options": [
          "nosniff"
        ],
        "Date": [
          "Wed, 10 Mar 2021 00:03:44 GMT"
        ],
        "Content-Length": [
          "61"
        ],
        "Content-Type": [
          "application/json; charset=utf-8"
        ],
        "Expires": [
          "-1"
        ]
      },
      "ResponseBody": "{\r\n  \"status\": \"Succeeded\",\r\n  \"error\": {\r\n    \"code\": \"None\",\r\n    \"message\": null\r\n  }\r\n}",
      "StatusCode": 200
    },
    {
      "RequestUri": "/subscriptions/27cafca8-b9a4-4264-b399-45d0c9cca1ab/resourceGroups/ps7248/providers/Microsoft.Cdn/profiles/ps3632/afdEndpoints/ps4598?api-version=2020-09-01",
      "EncodedRequestUri": "L3N1YnNjcmlwdGlvbnMvMjdjYWZjYTgtYjlhNC00MjY0LWIzOTktNDVkMGM5Y2NhMWFiL3Jlc291cmNlR3JvdXBzL3BzNzI0OC9wcm92aWRlcnMvTWljcm9zb2Z0LkNkbi9wcm9maWxlcy9wczM2MzIvYWZkRW5kcG9pbnRzL3BzNDU5OD9hcGktdmVyc2lvbj0yMDIwLTA5LTAx",
      "RequestMethod": "GET",
      "RequestBody": "",
      "RequestHeaders": {
        "x-ms-client-request-id": [
          "74334cb8-8edb-43d5-9357-e1e004cbbbb6"
        ],
        "User-Agent": [
          "FxVersion/4.6.29812.02",
          "OSName/Windows",
          "OSVersion/Microsoft.Windows.10.0.19042.",
          "Microsoft.Azure.Management.Cdn.CdnManagementClient/6.1.0.0"
        ]
      },
      "ResponseHeaders": {
        "Cache-Control": [
          "no-cache"
        ],
        "Pragma": [
          "no-cache"
        ],
        "Strict-Transport-Security": [
          "max-age=31536000; includeSubDomains"
        ],
        "x-ms-request-id": [
          "11d4776f-1e42-41c7-be32-9d8020361eb1"
        ],
        "x-ms-client-request-id": [
          "74334cb8-8edb-43d5-9357-e1e004cbbbb6"
        ],
        "Server": [
          "Kestrel"
        ],
        "x-ms-ratelimit-remaining-subscription-resource-requests": [
          "49"
        ],
        "x-ms-correlation-request-id": [
          "07e5fcd3-7ed6-443c-b572-410f3b1c6c70"
        ],
        "x-ms-routing-request-id": [
          "WESTCENTRALUS:20210310T000344Z:07e5fcd3-7ed6-443c-b572-410f3b1c6c70"
        ],
        "X-Content-Type-Options": [
          "nosniff"
        ],
        "Date": [
          "Wed, 10 Mar 2021 00:03:44 GMT"
        ],
        "Content-Length": [
          "407"
        ],
        "Content-Type": [
          "application/json; charset=utf-8"
        ],
        "Expires": [
          "-1"
        ]
      },
      "ResponseBody": "{\r\n  \"id\": \"/subscriptions/27cafca8-b9a4-4264-b399-45d0c9cca1ab/resourcegroups/ps7248/providers/Microsoft.Cdn/profiles/ps3632/afdEndpoints/ps4598\",\r\n  \"type\": \"Microsoft.Cdn/profiles/afdendpoints\",\r\n  \"name\": \"ps4598\",\r\n  \"location\": \"Global\",\r\n  \"tags\": {},\r\n  \"properties\": {\r\n    \"hostName\": \"ps4598.z01.azurefd.net\",\r\n    \"originResponseTimeoutSeconds\": 75,\r\n    \"enabledState\": \"Enabled\",\r\n    \"provisioningState\": \"Succeeded\",\r\n    \"deploymentStatus\": \"NotStarted\"\r\n  }\r\n}",
      "StatusCode": 200
    },
    {
      "RequestUri": "/subscriptions/27cafca8-b9a4-4264-b399-45d0c9cca1ab/resourcegroups/ps7248?api-version=2016-09-01",
      "EncodedRequestUri": "L3N1YnNjcmlwdGlvbnMvMjdjYWZjYTgtYjlhNC00MjY0LWIzOTktNDVkMGM5Y2NhMWFiL3Jlc291cmNlZ3JvdXBzL3BzNzI0OD9hcGktdmVyc2lvbj0yMDE2LTA5LTAx",
      "RequestMethod": "DELETE",
      "RequestBody": "",
      "RequestHeaders": {
        "x-ms-client-request-id": [
          "8a1a0de0-bb1b-4f35-9d59-2be3b9cb6b52"
        ],
        "Accept-Language": [
          "en-US"
        ],
        "User-Agent": [
          "FxVersion/4.6.29812.02",
          "OSName/Windows",
          "OSVersion/Microsoft.Windows.10.0.19042.",
          "Microsoft.Azure.Management.Internal.Resources.ResourceManagementClient/1.3.30"
        ]
      },
      "ResponseHeaders": {
        "Cache-Control": [
          "no-cache"
        ],
        "Pragma": [
          "no-cache"
        ],
        "Location": [
          "https://management.azure.com/subscriptions/27cafca8-b9a4-4264-b399-45d0c9cca1ab/operationresults/eyJqb2JJZCI6IlJFU09VUkNFR1JPVVBERUxFVElPTkpPQi1QUzcyNDgtV0VTVFVTIiwiam9iTG9jYXRpb24iOiJ3ZXN0dXMifQ?api-version=2016-09-01"
        ],
        "Retry-After": [
          "15"
        ],
        "x-ms-ratelimit-remaining-subscription-deletes": [
          "14999"
        ],
        "x-ms-request-id": [
          "80e406ba-5d93-44bd-b798-48571e936b48"
        ],
        "x-ms-correlation-request-id": [
          "80e406ba-5d93-44bd-b798-48571e936b48"
        ],
        "x-ms-routing-request-id": [
          "WESTCENTRALUS:20210310T000345Z:80e406ba-5d93-44bd-b798-48571e936b48"
        ],
        "Strict-Transport-Security": [
          "max-age=31536000; includeSubDomains"
        ],
        "X-Content-Type-Options": [
          "nosniff"
        ],
        "Date": [
          "Wed, 10 Mar 2021 00:03:44 GMT"
        ],
        "Expires": [
          "-1"
        ],
        "Content-Length": [
          "0"
        ]
      },
      "ResponseBody": "",
      "StatusCode": 202
    },
    {
      "RequestUri": "/subscriptions/27cafca8-b9a4-4264-b399-45d0c9cca1ab/operationresults/eyJqb2JJZCI6IlJFU09VUkNFR1JPVVBERUxFVElPTkpPQi1QUzcyNDgtV0VTVFVTIiwiam9iTG9jYXRpb24iOiJ3ZXN0dXMifQ?api-version=2016-09-01",
      "EncodedRequestUri": "L3N1YnNjcmlwdGlvbnMvMjdjYWZjYTgtYjlhNC00MjY0LWIzOTktNDVkMGM5Y2NhMWFiL29wZXJhdGlvbnJlc3VsdHMvZXlKcWIySkpaQ0k2SWxKRlUwOVZVa05GUjFKUFZWQkVSVXhGVkVsUFRrcFBRaTFRVXpjeU5EZ3RWMFZUVkZWVElpd2lhbTlpVEc5allYUnBiMjRpT2lKM1pYTjBkWE1pZlE/YXBpLXZlcnNpb249MjAxNi0wOS0wMQ==",
      "RequestMethod": "GET",
      "RequestBody": "",
      "RequestHeaders": {
        "User-Agent": [
          "FxVersion/4.6.29812.02",
          "OSName/Windows",
          "OSVersion/Microsoft.Windows.10.0.19042.",
          "Microsoft.Azure.Management.Internal.Resources.ResourceManagementClient/1.3.30"
        ]
      },
      "ResponseHeaders": {
        "Cache-Control": [
          "no-cache"
        ],
        "Pragma": [
          "no-cache"
        ],
        "Location": [
          "https://management.azure.com/subscriptions/27cafca8-b9a4-4264-b399-45d0c9cca1ab/operationresults/eyJqb2JJZCI6IlJFU09VUkNFR1JPVVBERUxFVElPTkpPQi1QUzcyNDgtV0VTVFVTIiwiam9iTG9jYXRpb24iOiJ3ZXN0dXMifQ?api-version=2016-09-01"
        ],
        "Retry-After": [
          "15"
        ],
        "x-ms-ratelimit-remaining-subscription-reads": [
          "11999"
        ],
        "x-ms-request-id": [
          "d6b20317-43f5-4dd0-969b-54ed57792341"
        ],
        "x-ms-correlation-request-id": [
          "d6b20317-43f5-4dd0-969b-54ed57792341"
        ],
        "x-ms-routing-request-id": [
          "WESTCENTRALUS:20210310T000400Z:d6b20317-43f5-4dd0-969b-54ed57792341"
        ],
        "Strict-Transport-Security": [
          "max-age=31536000; includeSubDomains"
        ],
        "X-Content-Type-Options": [
          "nosniff"
        ],
        "Date": [
          "Wed, 10 Mar 2021 00:03:59 GMT"
        ],
        "Expires": [
          "-1"
        ],
        "Content-Length": [
          "0"
        ]
      },
      "ResponseBody": "",
      "StatusCode": 202
    },
    {
      "RequestUri": "/subscriptions/27cafca8-b9a4-4264-b399-45d0c9cca1ab/operationresults/eyJqb2JJZCI6IlJFU09VUkNFR1JPVVBERUxFVElPTkpPQi1QUzcyNDgtV0VTVFVTIiwiam9iTG9jYXRpb24iOiJ3ZXN0dXMifQ?api-version=2016-09-01",
      "EncodedRequestUri": "L3N1YnNjcmlwdGlvbnMvMjdjYWZjYTgtYjlhNC00MjY0LWIzOTktNDVkMGM5Y2NhMWFiL29wZXJhdGlvbnJlc3VsdHMvZXlKcWIySkpaQ0k2SWxKRlUwOVZVa05GUjFKUFZWQkVSVXhGVkVsUFRrcFBRaTFRVXpjeU5EZ3RWMFZUVkZWVElpd2lhbTlpVEc5allYUnBiMjRpT2lKM1pYTjBkWE1pZlE/YXBpLXZlcnNpb249MjAxNi0wOS0wMQ==",
      "RequestMethod": "GET",
      "RequestBody": "",
      "RequestHeaders": {
        "User-Agent": [
          "FxVersion/4.6.29812.02",
          "OSName/Windows",
          "OSVersion/Microsoft.Windows.10.0.19042.",
          "Microsoft.Azure.Management.Internal.Resources.ResourceManagementClient/1.3.30"
        ]
      },
      "ResponseHeaders": {
        "Cache-Control": [
          "no-cache"
        ],
        "Pragma": [
          "no-cache"
        ],
        "Location": [
          "https://management.azure.com/subscriptions/27cafca8-b9a4-4264-b399-45d0c9cca1ab/operationresults/eyJqb2JJZCI6IlJFU09VUkNFR1JPVVBERUxFVElPTkpPQi1QUzcyNDgtV0VTVFVTIiwiam9iTG9jYXRpb24iOiJ3ZXN0dXMifQ?api-version=2016-09-01"
        ],
        "Retry-After": [
          "15"
        ],
        "x-ms-ratelimit-remaining-subscription-reads": [
          "11998"
        ],
        "x-ms-request-id": [
          "b8a92149-f2e1-4f36-a820-685f73316390"
        ],
        "x-ms-correlation-request-id": [
          "b8a92149-f2e1-4f36-a820-685f73316390"
        ],
        "x-ms-routing-request-id": [
          "WESTCENTRALUS:20210310T000415Z:b8a92149-f2e1-4f36-a820-685f73316390"
        ],
        "Strict-Transport-Security": [
          "max-age=31536000; includeSubDomains"
        ],
        "X-Content-Type-Options": [
          "nosniff"
        ],
        "Date": [
          "Wed, 10 Mar 2021 00:04:15 GMT"
        ],
        "Expires": [
          "-1"
        ],
        "Content-Length": [
          "0"
        ]
      },
      "ResponseBody": "",
      "StatusCode": 202
    },
    {
      "RequestUri": "/subscriptions/27cafca8-b9a4-4264-b399-45d0c9cca1ab/operationresults/eyJqb2JJZCI6IlJFU09VUkNFR1JPVVBERUxFVElPTkpPQi1QUzcyNDgtV0VTVFVTIiwiam9iTG9jYXRpb24iOiJ3ZXN0dXMifQ?api-version=2016-09-01",
      "EncodedRequestUri": "L3N1YnNjcmlwdGlvbnMvMjdjYWZjYTgtYjlhNC00MjY0LWIzOTktNDVkMGM5Y2NhMWFiL29wZXJhdGlvbnJlc3VsdHMvZXlKcWIySkpaQ0k2SWxKRlUwOVZVa05GUjFKUFZWQkVSVXhGVkVsUFRrcFBRaTFRVXpjeU5EZ3RWMFZUVkZWVElpd2lhbTlpVEc5allYUnBiMjRpT2lKM1pYTjBkWE1pZlE/YXBpLXZlcnNpb249MjAxNi0wOS0wMQ==",
      "RequestMethod": "GET",
      "RequestBody": "",
      "RequestHeaders": {
        "User-Agent": [
          "FxVersion/4.6.29812.02",
          "OSName/Windows",
          "OSVersion/Microsoft.Windows.10.0.19042.",
          "Microsoft.Azure.Management.Internal.Resources.ResourceManagementClient/1.3.30"
        ]
      },
      "ResponseHeaders": {
        "Cache-Control": [
          "no-cache"
        ],
        "Pragma": [
          "no-cache"
        ],
        "Location": [
          "https://management.azure.com/subscriptions/27cafca8-b9a4-4264-b399-45d0c9cca1ab/operationresults/eyJqb2JJZCI6IlJFU09VUkNFR1JPVVBERUxFVElPTkpPQi1QUzcyNDgtV0VTVFVTIiwiam9iTG9jYXRpb24iOiJ3ZXN0dXMifQ?api-version=2016-09-01"
        ],
        "Retry-After": [
          "15"
        ],
        "x-ms-ratelimit-remaining-subscription-reads": [
          "11997"
        ],
        "x-ms-request-id": [
          "64bb655c-4cf7-4ffe-ba6b-a4388abb68ba"
        ],
        "x-ms-correlation-request-id": [
          "64bb655c-4cf7-4ffe-ba6b-a4388abb68ba"
        ],
        "x-ms-routing-request-id": [
          "WESTCENTRALUS:20210310T000430Z:64bb655c-4cf7-4ffe-ba6b-a4388abb68ba"
        ],
        "Strict-Transport-Security": [
          "max-age=31536000; includeSubDomains"
        ],
        "X-Content-Type-Options": [
          "nosniff"
        ],
        "Date": [
          "Wed, 10 Mar 2021 00:04:30 GMT"
        ],
        "Expires": [
          "-1"
        ],
        "Content-Length": [
          "0"
        ]
      },
      "ResponseBody": "",
      "StatusCode": 202
    },
    {
      "RequestUri": "/subscriptions/27cafca8-b9a4-4264-b399-45d0c9cca1ab/operationresults/eyJqb2JJZCI6IlJFU09VUkNFR1JPVVBERUxFVElPTkpPQi1QUzcyNDgtV0VTVFVTIiwiam9iTG9jYXRpb24iOiJ3ZXN0dXMifQ?api-version=2016-09-01",
      "EncodedRequestUri": "L3N1YnNjcmlwdGlvbnMvMjdjYWZjYTgtYjlhNC00MjY0LWIzOTktNDVkMGM5Y2NhMWFiL29wZXJhdGlvbnJlc3VsdHMvZXlKcWIySkpaQ0k2SWxKRlUwOVZVa05GUjFKUFZWQkVSVXhGVkVsUFRrcFBRaTFRVXpjeU5EZ3RWMFZUVkZWVElpd2lhbTlpVEc5allYUnBiMjRpT2lKM1pYTjBkWE1pZlE/YXBpLXZlcnNpb249MjAxNi0wOS0wMQ==",
      "RequestMethod": "GET",
      "RequestBody": "",
      "RequestHeaders": {
        "User-Agent": [
          "FxVersion/4.6.29812.02",
          "OSName/Windows",
          "OSVersion/Microsoft.Windows.10.0.19042.",
          "Microsoft.Azure.Management.Internal.Resources.ResourceManagementClient/1.3.30"
        ]
      },
      "ResponseHeaders": {
        "Cache-Control": [
          "no-cache"
        ],
        "Pragma": [
          "no-cache"
        ],
        "Location": [
          "https://management.azure.com/subscriptions/27cafca8-b9a4-4264-b399-45d0c9cca1ab/operationresults/eyJqb2JJZCI6IlJFU09VUkNFR1JPVVBERUxFVElPTkpPQi1QUzcyNDgtV0VTVFVTIiwiam9iTG9jYXRpb24iOiJ3ZXN0dXMifQ?api-version=2016-09-01"
        ],
        "Retry-After": [
          "15"
        ],
        "x-ms-ratelimit-remaining-subscription-reads": [
          "11996"
        ],
        "x-ms-request-id": [
          "42e2fbd1-a34c-464f-b181-2952280fde8f"
        ],
        "x-ms-correlation-request-id": [
          "42e2fbd1-a34c-464f-b181-2952280fde8f"
        ],
        "x-ms-routing-request-id": [
          "WESTCENTRALUS:20210310T000445Z:42e2fbd1-a34c-464f-b181-2952280fde8f"
        ],
        "Strict-Transport-Security": [
          "max-age=31536000; includeSubDomains"
        ],
        "X-Content-Type-Options": [
          "nosniff"
        ],
        "Date": [
          "Wed, 10 Mar 2021 00:04:45 GMT"
        ],
        "Expires": [
          "-1"
        ],
        "Content-Length": [
          "0"
        ]
      },
      "ResponseBody": "",
      "StatusCode": 202
    },
    {
      "RequestUri": "/subscriptions/27cafca8-b9a4-4264-b399-45d0c9cca1ab/operationresults/eyJqb2JJZCI6IlJFU09VUkNFR1JPVVBERUxFVElPTkpPQi1QUzcyNDgtV0VTVFVTIiwiam9iTG9jYXRpb24iOiJ3ZXN0dXMifQ?api-version=2016-09-01",
      "EncodedRequestUri": "L3N1YnNjcmlwdGlvbnMvMjdjYWZjYTgtYjlhNC00MjY0LWIzOTktNDVkMGM5Y2NhMWFiL29wZXJhdGlvbnJlc3VsdHMvZXlKcWIySkpaQ0k2SWxKRlUwOVZVa05GUjFKUFZWQkVSVXhGVkVsUFRrcFBRaTFRVXpjeU5EZ3RWMFZUVkZWVElpd2lhbTlpVEc5allYUnBiMjRpT2lKM1pYTjBkWE1pZlE/YXBpLXZlcnNpb249MjAxNi0wOS0wMQ==",
      "RequestMethod": "GET",
      "RequestBody": "",
      "RequestHeaders": {
        "User-Agent": [
          "FxVersion/4.6.29812.02",
          "OSName/Windows",
          "OSVersion/Microsoft.Windows.10.0.19042.",
          "Microsoft.Azure.Management.Internal.Resources.ResourceManagementClient/1.3.30"
        ]
      },
      "ResponseHeaders": {
        "Cache-Control": [
          "no-cache"
        ],
        "Pragma": [
          "no-cache"
        ],
        "Location": [
          "https://management.azure.com/subscriptions/27cafca8-b9a4-4264-b399-45d0c9cca1ab/operationresults/eyJqb2JJZCI6IlJFU09VUkNFR1JPVVBERUxFVElPTkpPQi1QUzcyNDgtV0VTVFVTIiwiam9iTG9jYXRpb24iOiJ3ZXN0dXMifQ?api-version=2016-09-01"
        ],
        "Retry-After": [
          "15"
        ],
        "x-ms-ratelimit-remaining-subscription-reads": [
          "11995"
        ],
        "x-ms-request-id": [
          "960c943f-bc99-4af1-87e2-bce102e5eca9"
        ],
        "x-ms-correlation-request-id": [
          "960c943f-bc99-4af1-87e2-bce102e5eca9"
        ],
        "x-ms-routing-request-id": [
          "WESTCENTRALUS:20210310T000500Z:960c943f-bc99-4af1-87e2-bce102e5eca9"
        ],
        "Strict-Transport-Security": [
          "max-age=31536000; includeSubDomains"
        ],
        "X-Content-Type-Options": [
          "nosniff"
        ],
        "Date": [
          "Wed, 10 Mar 2021 00:05:00 GMT"
        ],
        "Expires": [
          "-1"
        ],
        "Content-Length": [
          "0"
        ]
      },
      "ResponseBody": "",
      "StatusCode": 202
    },
    {
      "RequestUri": "/subscriptions/27cafca8-b9a4-4264-b399-45d0c9cca1ab/operationresults/eyJqb2JJZCI6IlJFU09VUkNFR1JPVVBERUxFVElPTkpPQi1QUzcyNDgtV0VTVFVTIiwiam9iTG9jYXRpb24iOiJ3ZXN0dXMifQ?api-version=2016-09-01",
      "EncodedRequestUri": "L3N1YnNjcmlwdGlvbnMvMjdjYWZjYTgtYjlhNC00MjY0LWIzOTktNDVkMGM5Y2NhMWFiL29wZXJhdGlvbnJlc3VsdHMvZXlKcWIySkpaQ0k2SWxKRlUwOVZVa05GUjFKUFZWQkVSVXhGVkVsUFRrcFBRaTFRVXpjeU5EZ3RWMFZUVkZWVElpd2lhbTlpVEc5allYUnBiMjRpT2lKM1pYTjBkWE1pZlE/YXBpLXZlcnNpb249MjAxNi0wOS0wMQ==",
      "RequestMethod": "GET",
      "RequestBody": "",
      "RequestHeaders": {
        "User-Agent": [
          "FxVersion/4.6.29812.02",
          "OSName/Windows",
          "OSVersion/Microsoft.Windows.10.0.19042.",
          "Microsoft.Azure.Management.Internal.Resources.ResourceManagementClient/1.3.30"
        ]
      },
      "ResponseHeaders": {
        "Cache-Control": [
          "no-cache"
        ],
        "Pragma": [
          "no-cache"
        ],
        "Location": [
          "https://management.azure.com/subscriptions/27cafca8-b9a4-4264-b399-45d0c9cca1ab/operationresults/eyJqb2JJZCI6IlJFU09VUkNFR1JPVVBERUxFVElPTkpPQi1QUzcyNDgtV0VTVFVTIiwiam9iTG9jYXRpb24iOiJ3ZXN0dXMifQ?api-version=2016-09-01"
        ],
        "Retry-After": [
          "15"
        ],
        "x-ms-ratelimit-remaining-subscription-reads": [
          "11994"
        ],
        "x-ms-request-id": [
          "be4f2536-b6be-40aa-84dc-d0782e09b9a3"
        ],
        "x-ms-correlation-request-id": [
          "be4f2536-b6be-40aa-84dc-d0782e09b9a3"
        ],
        "x-ms-routing-request-id": [
          "WESTCENTRALUS:20210310T000516Z:be4f2536-b6be-40aa-84dc-d0782e09b9a3"
        ],
        "Strict-Transport-Security": [
          "max-age=31536000; includeSubDomains"
        ],
        "X-Content-Type-Options": [
          "nosniff"
        ],
        "Date": [
          "Wed, 10 Mar 2021 00:05:15 GMT"
        ],
        "Expires": [
          "-1"
        ],
        "Content-Length": [
          "0"
        ]
      },
      "ResponseBody": "",
      "StatusCode": 202
    },
    {
      "RequestUri": "/subscriptions/27cafca8-b9a4-4264-b399-45d0c9cca1ab/operationresults/eyJqb2JJZCI6IlJFU09VUkNFR1JPVVBERUxFVElPTkpPQi1QUzcyNDgtV0VTVFVTIiwiam9iTG9jYXRpb24iOiJ3ZXN0dXMifQ?api-version=2016-09-01",
      "EncodedRequestUri": "L3N1YnNjcmlwdGlvbnMvMjdjYWZjYTgtYjlhNC00MjY0LWIzOTktNDVkMGM5Y2NhMWFiL29wZXJhdGlvbnJlc3VsdHMvZXlKcWIySkpaQ0k2SWxKRlUwOVZVa05GUjFKUFZWQkVSVXhGVkVsUFRrcFBRaTFRVXpjeU5EZ3RWMFZUVkZWVElpd2lhbTlpVEc5allYUnBiMjRpT2lKM1pYTjBkWE1pZlE/YXBpLXZlcnNpb249MjAxNi0wOS0wMQ==",
      "RequestMethod": "GET",
      "RequestBody": "",
      "RequestHeaders": {
        "User-Agent": [
          "FxVersion/4.6.29812.02",
          "OSName/Windows",
          "OSVersion/Microsoft.Windows.10.0.19042.",
          "Microsoft.Azure.Management.Internal.Resources.ResourceManagementClient/1.3.30"
        ]
      },
      "ResponseHeaders": {
        "Cache-Control": [
          "no-cache"
        ],
        "Pragma": [
          "no-cache"
        ],
        "Location": [
          "https://management.azure.com/subscriptions/27cafca8-b9a4-4264-b399-45d0c9cca1ab/operationresults/eyJqb2JJZCI6IlJFU09VUkNFR1JPVVBERUxFVElPTkpPQi1QUzcyNDgtV0VTVFVTIiwiam9iTG9jYXRpb24iOiJ3ZXN0dXMifQ?api-version=2016-09-01"
        ],
        "Retry-After": [
          "15"
        ],
        "x-ms-ratelimit-remaining-subscription-reads": [
          "11993"
        ],
        "x-ms-request-id": [
          "bcb733ce-2ccd-4337-afbd-e5c6b6112ce2"
        ],
        "x-ms-correlation-request-id": [
          "bcb733ce-2ccd-4337-afbd-e5c6b6112ce2"
        ],
        "x-ms-routing-request-id": [
          "WESTCENTRALUS:20210310T000531Z:bcb733ce-2ccd-4337-afbd-e5c6b6112ce2"
        ],
        "Strict-Transport-Security": [
          "max-age=31536000; includeSubDomains"
        ],
        "X-Content-Type-Options": [
          "nosniff"
        ],
        "Date": [
          "Wed, 10 Mar 2021 00:05:31 GMT"
        ],
        "Expires": [
          "-1"
        ],
        "Content-Length": [
          "0"
        ]
      },
      "ResponseBody": "",
      "StatusCode": 202
    },
    {
      "RequestUri": "/subscriptions/27cafca8-b9a4-4264-b399-45d0c9cca1ab/operationresults/eyJqb2JJZCI6IlJFU09VUkNFR1JPVVBERUxFVElPTkpPQi1QUzcyNDgtV0VTVFVTIiwiam9iTG9jYXRpb24iOiJ3ZXN0dXMifQ?api-version=2016-09-01",
      "EncodedRequestUri": "L3N1YnNjcmlwdGlvbnMvMjdjYWZjYTgtYjlhNC00MjY0LWIzOTktNDVkMGM5Y2NhMWFiL29wZXJhdGlvbnJlc3VsdHMvZXlKcWIySkpaQ0k2SWxKRlUwOVZVa05GUjFKUFZWQkVSVXhGVkVsUFRrcFBRaTFRVXpjeU5EZ3RWMFZUVkZWVElpd2lhbTlpVEc5allYUnBiMjRpT2lKM1pYTjBkWE1pZlE/YXBpLXZlcnNpb249MjAxNi0wOS0wMQ==",
      "RequestMethod": "GET",
      "RequestBody": "",
      "RequestHeaders": {
        "User-Agent": [
          "FxVersion/4.6.29812.02",
          "OSName/Windows",
          "OSVersion/Microsoft.Windows.10.0.19042.",
          "Microsoft.Azure.Management.Internal.Resources.ResourceManagementClient/1.3.30"
        ]
      },
      "ResponseHeaders": {
        "Cache-Control": [
          "no-cache"
        ],
        "Pragma": [
          "no-cache"
        ],
        "Location": [
          "https://management.azure.com/subscriptions/27cafca8-b9a4-4264-b399-45d0c9cca1ab/operationresults/eyJqb2JJZCI6IlJFU09VUkNFR1JPVVBERUxFVElPTkpPQi1QUzcyNDgtV0VTVFVTIiwiam9iTG9jYXRpb24iOiJ3ZXN0dXMifQ?api-version=2016-09-01"
        ],
        "Retry-After": [
          "15"
        ],
        "x-ms-ratelimit-remaining-subscription-reads": [
          "11992"
        ],
        "x-ms-request-id": [
          "1c0ef376-eff8-4594-af58-9ccb232dad9f"
        ],
        "x-ms-correlation-request-id": [
          "1c0ef376-eff8-4594-af58-9ccb232dad9f"
        ],
        "x-ms-routing-request-id": [
          "WESTCENTRALUS:20210310T000546Z:1c0ef376-eff8-4594-af58-9ccb232dad9f"
        ],
        "Strict-Transport-Security": [
          "max-age=31536000; includeSubDomains"
        ],
        "X-Content-Type-Options": [
          "nosniff"
        ],
        "Date": [
          "Wed, 10 Mar 2021 00:05:46 GMT"
        ],
        "Expires": [
          "-1"
        ],
        "Content-Length": [
          "0"
        ]
      },
      "ResponseBody": "",
      "StatusCode": 202
    },
    {
      "RequestUri": "/subscriptions/27cafca8-b9a4-4264-b399-45d0c9cca1ab/operationresults/eyJqb2JJZCI6IlJFU09VUkNFR1JPVVBERUxFVElPTkpPQi1QUzcyNDgtV0VTVFVTIiwiam9iTG9jYXRpb24iOiJ3ZXN0dXMifQ?api-version=2016-09-01",
      "EncodedRequestUri": "L3N1YnNjcmlwdGlvbnMvMjdjYWZjYTgtYjlhNC00MjY0LWIzOTktNDVkMGM5Y2NhMWFiL29wZXJhdGlvbnJlc3VsdHMvZXlKcWIySkpaQ0k2SWxKRlUwOVZVa05GUjFKUFZWQkVSVXhGVkVsUFRrcFBRaTFRVXpjeU5EZ3RWMFZUVkZWVElpd2lhbTlpVEc5allYUnBiMjRpT2lKM1pYTjBkWE1pZlE/YXBpLXZlcnNpb249MjAxNi0wOS0wMQ==",
      "RequestMethod": "GET",
      "RequestBody": "",
      "RequestHeaders": {
        "User-Agent": [
          "FxVersion/4.6.29812.02",
          "OSName/Windows",
          "OSVersion/Microsoft.Windows.10.0.19042.",
          "Microsoft.Azure.Management.Internal.Resources.ResourceManagementClient/1.3.30"
        ]
      },
      "ResponseHeaders": {
        "Cache-Control": [
          "no-cache"
        ],
        "Pragma": [
          "no-cache"
        ],
        "Location": [
          "https://management.azure.com/subscriptions/27cafca8-b9a4-4264-b399-45d0c9cca1ab/operationresults/eyJqb2JJZCI6IlJFU09VUkNFR1JPVVBERUxFVElPTkpPQi1QUzcyNDgtV0VTVFVTIiwiam9iTG9jYXRpb24iOiJ3ZXN0dXMifQ?api-version=2016-09-01"
        ],
        "Retry-After": [
          "15"
        ],
        "x-ms-ratelimit-remaining-subscription-reads": [
          "11991"
        ],
        "x-ms-request-id": [
          "622ac7db-d8ab-4200-af4a-89dafc0b01aa"
        ],
        "x-ms-correlation-request-id": [
          "622ac7db-d8ab-4200-af4a-89dafc0b01aa"
        ],
        "x-ms-routing-request-id": [
          "WESTCENTRALUS:20210310T000601Z:622ac7db-d8ab-4200-af4a-89dafc0b01aa"
        ],
        "Strict-Transport-Security": [
          "max-age=31536000; includeSubDomains"
        ],
        "X-Content-Type-Options": [
          "nosniff"
        ],
        "Date": [
          "Wed, 10 Mar 2021 00:06:01 GMT"
        ],
        "Expires": [
          "-1"
        ],
        "Content-Length": [
          "0"
        ]
      },
      "ResponseBody": "",
      "StatusCode": 202
    },
    {
      "RequestUri": "/subscriptions/27cafca8-b9a4-4264-b399-45d0c9cca1ab/operationresults/eyJqb2JJZCI6IlJFU09VUkNFR1JPVVBERUxFVElPTkpPQi1QUzcyNDgtV0VTVFVTIiwiam9iTG9jYXRpb24iOiJ3ZXN0dXMifQ?api-version=2016-09-01",
      "EncodedRequestUri": "L3N1YnNjcmlwdGlvbnMvMjdjYWZjYTgtYjlhNC00MjY0LWIzOTktNDVkMGM5Y2NhMWFiL29wZXJhdGlvbnJlc3VsdHMvZXlKcWIySkpaQ0k2SWxKRlUwOVZVa05GUjFKUFZWQkVSVXhGVkVsUFRrcFBRaTFRVXpjeU5EZ3RWMFZUVkZWVElpd2lhbTlpVEc5allYUnBiMjRpT2lKM1pYTjBkWE1pZlE/YXBpLXZlcnNpb249MjAxNi0wOS0wMQ==",
      "RequestMethod": "GET",
      "RequestBody": "",
      "RequestHeaders": {
        "User-Agent": [
          "FxVersion/4.6.29812.02",
          "OSName/Windows",
          "OSVersion/Microsoft.Windows.10.0.19042.",
          "Microsoft.Azure.Management.Internal.Resources.ResourceManagementClient/1.3.30"
        ]
      },
      "ResponseHeaders": {
        "Cache-Control": [
          "no-cache"
        ],
        "Pragma": [
          "no-cache"
        ],
        "Location": [
          "https://management.azure.com/subscriptions/27cafca8-b9a4-4264-b399-45d0c9cca1ab/operationresults/eyJqb2JJZCI6IlJFU09VUkNFR1JPVVBERUxFVElPTkpPQi1QUzcyNDgtV0VTVFVTIiwiam9iTG9jYXRpb24iOiJ3ZXN0dXMifQ?api-version=2016-09-01"
        ],
        "Retry-After": [
          "15"
        ],
        "x-ms-ratelimit-remaining-subscription-reads": [
          "11990"
        ],
        "x-ms-request-id": [
          "a9ed401a-78ff-402f-9df6-0bd8ee6ba0cc"
        ],
        "x-ms-correlation-request-id": [
          "a9ed401a-78ff-402f-9df6-0bd8ee6ba0cc"
        ],
        "x-ms-routing-request-id": [
          "WESTCENTRALUS:20210310T000616Z:a9ed401a-78ff-402f-9df6-0bd8ee6ba0cc"
        ],
        "Strict-Transport-Security": [
          "max-age=31536000; includeSubDomains"
        ],
        "X-Content-Type-Options": [
          "nosniff"
        ],
        "Date": [
          "Wed, 10 Mar 2021 00:06:16 GMT"
        ],
        "Expires": [
          "-1"
        ],
        "Content-Length": [
          "0"
        ]
      },
      "ResponseBody": "",
      "StatusCode": 202
    },
    {
      "RequestUri": "/subscriptions/27cafca8-b9a4-4264-b399-45d0c9cca1ab/operationresults/eyJqb2JJZCI6IlJFU09VUkNFR1JPVVBERUxFVElPTkpPQi1QUzcyNDgtV0VTVFVTIiwiam9iTG9jYXRpb24iOiJ3ZXN0dXMifQ?api-version=2016-09-01",
      "EncodedRequestUri": "L3N1YnNjcmlwdGlvbnMvMjdjYWZjYTgtYjlhNC00MjY0LWIzOTktNDVkMGM5Y2NhMWFiL29wZXJhdGlvbnJlc3VsdHMvZXlKcWIySkpaQ0k2SWxKRlUwOVZVa05GUjFKUFZWQkVSVXhGVkVsUFRrcFBRaTFRVXpjeU5EZ3RWMFZUVkZWVElpd2lhbTlpVEc5allYUnBiMjRpT2lKM1pYTjBkWE1pZlE/YXBpLXZlcnNpb249MjAxNi0wOS0wMQ==",
      "RequestMethod": "GET",
      "RequestBody": "",
      "RequestHeaders": {
        "User-Agent": [
          "FxVersion/4.6.29812.02",
          "OSName/Windows",
          "OSVersion/Microsoft.Windows.10.0.19042.",
          "Microsoft.Azure.Management.Internal.Resources.ResourceManagementClient/1.3.30"
        ]
      },
      "ResponseHeaders": {
        "Cache-Control": [
          "no-cache"
        ],
        "Pragma": [
          "no-cache"
        ],
        "x-ms-ratelimit-remaining-subscription-reads": [
          "11989"
        ],
        "x-ms-request-id": [
          "14bacb09-704a-4dbe-b705-ad6ba11567ec"
        ],
        "x-ms-correlation-request-id": [
          "14bacb09-704a-4dbe-b705-ad6ba11567ec"
        ],
        "x-ms-routing-request-id": [
          "WESTCENTRALUS:20210310T000631Z:14bacb09-704a-4dbe-b705-ad6ba11567ec"
        ],
        "Strict-Transport-Security": [
          "max-age=31536000; includeSubDomains"
        ],
        "X-Content-Type-Options": [
          "nosniff"
        ],
        "Date": [
          "Wed, 10 Mar 2021 00:06:31 GMT"
        ],
        "Expires": [
          "-1"
        ],
        "Content-Length": [
          "0"
        ]
      },
      "ResponseBody": "",
      "StatusCode": 200
    },
    {
      "RequestUri": "/subscriptions/27cafca8-b9a4-4264-b399-45d0c9cca1ab/operationresults/eyJqb2JJZCI6IlJFU09VUkNFR1JPVVBERUxFVElPTkpPQi1QUzcyNDgtV0VTVFVTIiwiam9iTG9jYXRpb24iOiJ3ZXN0dXMifQ?api-version=2016-09-01",
      "EncodedRequestUri": "L3N1YnNjcmlwdGlvbnMvMjdjYWZjYTgtYjlhNC00MjY0LWIzOTktNDVkMGM5Y2NhMWFiL29wZXJhdGlvbnJlc3VsdHMvZXlKcWIySkpaQ0k2SWxKRlUwOVZVa05GUjFKUFZWQkVSVXhGVkVsUFRrcFBRaTFRVXpjeU5EZ3RWMFZUVkZWVElpd2lhbTlpVEc5allYUnBiMjRpT2lKM1pYTjBkWE1pZlE/YXBpLXZlcnNpb249MjAxNi0wOS0wMQ==",
      "RequestMethod": "GET",
      "RequestBody": "",
      "RequestHeaders": {
        "User-Agent": [
          "FxVersion/4.6.29812.02",
          "OSName/Windows",
          "OSVersion/Microsoft.Windows.10.0.19042.",
          "Microsoft.Azure.Management.Internal.Resources.ResourceManagementClient/1.3.30"
        ]
      },
      "ResponseHeaders": {
        "Cache-Control": [
          "no-cache"
        ],
        "Pragma": [
          "no-cache"
        ],
        "x-ms-ratelimit-remaining-subscription-reads": [
          "11988"
        ],
        "x-ms-request-id": [
          "e1024b77-0c0e-498c-874e-9b78947922aa"
        ],
        "x-ms-correlation-request-id": [
          "e1024b77-0c0e-498c-874e-9b78947922aa"
        ],
        "x-ms-routing-request-id": [
          "WESTCENTRALUS:20210310T000631Z:e1024b77-0c0e-498c-874e-9b78947922aa"
        ],
        "Strict-Transport-Security": [
          "max-age=31536000; includeSubDomains"
        ],
        "X-Content-Type-Options": [
          "nosniff"
        ],
        "Date": [
          "Wed, 10 Mar 2021 00:06:31 GMT"
        ],
        "Expires": [
          "-1"
        ],
        "Content-Length": [
          "0"
        ]
      },
      "ResponseBody": "",
      "StatusCode": 200
    }
  ],
  "Names": {
    "Test-CreateAfdEndpoint": [
      "ps7248",
      "ps3632",
      "ps4598"
    ]
  },
  "Variables": {
    "SubscriptionId": "27cafca8-b9a4-4264-b399-45d0c9cca1ab"
  }
}