{
  "Entries": [
    {
      "RequestUri": "/jobs?api-version=2022-10-01.16.0",
      "EncodedRequestUri": "L2pvYnM/YXBpLXZlcnNpb249MjAyMi0xMC0wMS4xNi4w",
      "RequestMethod": "POST",
      "RequestHeaders": {
        "client-request-id": [
          "4939d4dc-36b3-4362-bd59-be5c28b893ed"
        ],
        "Accept-Language": [
          "en-US"
        ],
        "ocp-date": [
          "Fri, 02 Dec 2022 17:10:01 GMT"
        ],
        "x-ms-client-request-id": [
          "af753ef7-5862-43c2-bdfb-947381d3d10d"
        ],
        "User-Agent": [
          "FxVersion/4.700.22.51102",
          "OSName/Windows",
          "OSVersion/Microsoft.Windows.10.0.19045",
          "Microsoft.Azure.Batch.Protocol.BatchServiceClient/15.400.22.55103",
          "AzurePowershell/Az1.0.0"
        ],
        "Content-Type": [
          "application/json; odata=minimalmetadata; charset=utf-8"
        ],
        "Content-Length": [
          "121"
        ]
      },
      "RequestBody": "{\r\n  \"id\": \"job1\",\r\n  \"priority\": 0,\r\n  \"poolInfo\": {\r\n    \"poolId\": \"testPool\"\r\n  },\r\n  \"usesTaskDependencies\": false\r\n}",
      "ResponseHeaders": {
        "Transfer-Encoding": [
          "chunked"
        ],
        "ETag": [
          "0x8DAD4880C933C81"
        ],
        "Location": [
          "https://mikebatcheast.eastus.batch.azure.com/jobs/job-1"
        ],
        "Server": [
          "Microsoft-HTTPAPI/2.0"
        ],
        "request-id": [
          "edd331a1-5494-49b5-8f6c-c92b7c506589"
        ],
        "Strict-Transport-Security": [
          "max-age=31536000; includeSubDomains"
        ],
        "X-Content-Type-Options": [
          "nosniff"
        ],
        "DataServiceVersion": [
          "3.0"
        ],
        "DataServiceId": [
          "https://mikebatcheast.eastus.batch.azure.com/jobs/job-1"
        ],
        "Date": [
          "Fri, 02 Dec 2022 17:10:01 GMT"
        ],
        "Last-Modified": [
          "Fri, 02 Dec 2022 17:10:01 GMT"
        ]
      },
      "ResponseBody": "",
      "StatusCode": 201
    },
    {
      "RequestUri": "/jobs?api-version=2022-10-01.16.0",
      "EncodedRequestUri": "L2pvYnM/YXBpLXZlcnNpb249MjAyMi0xMC0wMS4xNi4w",
      "RequestMethod": "POST",
      "RequestHeaders": {
        "client-request-id": [
          "99186c15-91ce-4651-aac3-83653667ba7e"
        ],
        "Accept-Language": [
          "en-US"
        ],
        "ocp-date": [
          "Fri, 02 Dec 2022 17:10:02 GMT"
        ],
        "x-ms-client-request-id": [
          "e85e51b8-3a23-4ae3-8d5a-80ddf47c3875"
        ],
        "User-Agent": [
          "FxVersion/4.700.22.51102",
          "OSName/Windows",
          "OSVersion/Microsoft.Windows.10.0.19045",
          "Microsoft.Azure.Batch.Protocol.BatchServiceClient/15.400.22.55103",
          "AzurePowershell/Az1.0.0"
        ],
        "Content-Type": [
          "application/json; odata=minimalmetadata; charset=utf-8"
        ],
        "Content-Length": [
          "122"
        ]
      },
      "RequestBody": "{\r\n  \"id\": \"job2\",\r\n  \"priority\": 3,\r\n  \"poolInfo\": {\r\n    \"poolId\": \"testPool2\"\r\n  },\r\n  \"usesTaskDependencies\": false\r\n}",
      "ResponseHeaders": {
        "Transfer-Encoding": [
          "chunked"
        ],
        "ETag": [
          "0x8DAD4880CAB5E56"
        ],
        "Location": [
          "https://mikebatcheast.eastus.batch.azure.com/jobs/job-1"
        ],
        "Server": [
          "Microsoft-HTTPAPI/2.0"
        ],
        "request-id": [
          "997b6ce7-277b-4ba3-836f-47ba96c1e5c1"
        ],
        "Strict-Transport-Security": [
          "max-age=31536000; includeSubDomains"
        ],
        "X-Content-Type-Options": [
          "nosniff"
        ],
        "DataServiceVersion": [
          "3.0"
        ],
        "DataServiceId": [
          "https://mikebatcheast.eastus.batch.azure.com/jobs/job-1"
        ],
        "Date": [
          "Fri, 02 Dec 2022 17:10:01 GMT"
        ],
        "Last-Modified": [
          "Fri, 02 Dec 2022 17:10:01 GMT"
        ]
      },
      "ResponseBody": "",
      "StatusCode": 201
    },
    {
      "RequestUri": "/jobs?api-version=2022-10-01.16.0&$filter=id%20eq%20%27job1%27%20or%20id%20eq%20%27job2%27",
      "EncodedRequestUri": "L2pvYnM/YXBpLXZlcnNpb249MjAyMi0xMC0wMS4xNi4wJiRmaWx0ZXI9aWQlMjBlcSUyMCUyN2pvYjElMjclMjBvciUyMGlkJTIwZXElMjAlMjdqb2IyJTI3",
      "RequestMethod": "GET",
      "RequestHeaders": {
        "client-request-id": [
          "78acee8f-b930-48bc-b196-c6a9b8f86840"
        ],
        "Accept-Language": [
          "en-US"
        ],
        "ocp-date": [
          "Fri, 02 Dec 2022 17:10:02 GMT"
        ],
        "x-ms-client-request-id": [
          "b9dd3587-ac5e-44e4-9cf3-d9a59d983fae"
        ],
        "User-Agent": [
          "FxVersion/4.700.22.51102",
          "OSName/Windows",
          "OSVersion/Microsoft.Windows.10.0.19045",
          "Microsoft.Azure.Batch.Protocol.BatchServiceClient/15.400.22.55103",
          "AzurePowershell/Az1.0.0"
        ]
      },
      "RequestBody": "",
      "ResponseHeaders": {
        "Transfer-Encoding": [
          "chunked"
        ],
        "Server": [
          "Microsoft-HTTPAPI/2.0"
        ],
        "request-id": [
          "fab98a07-2b3f-40a2-924e-c214e97661a2"
        ],
        "Strict-Transport-Security": [
          "max-age=31536000; includeSubDomains"
        ],
        "X-Content-Type-Options": [
          "nosniff"
        ],
        "DataServiceVersion": [
          "3.0"
        ],
        "Date": [
          "Fri, 02 Dec 2022 17:10:01 GMT"
        ],
        "Content-Type": [
          "application/json; odata=minimalmetadata"
        ]
      },
      "ResponseBody": "{\r\n  \"odata.metadata\": \"https://mikebatcheast.eastus.batch.azure.com/$metadata#jobs\",\r\n  \"value\": [\r\n    {\r\n      \"id\": \"job1\",\r\n      \"url\": \"https://mikebatcheast.eastus.batch.azure.com/jobs/job1\",\r\n      \"eTag\": \"0x8DAD4880C933C81\",\r\n      \"lastModified\": \"2022-12-02T17:10:01.7963137Z\",\r\n      \"creationTime\": \"2022-12-02T17:10:01.773311Z\",\r\n      \"state\": \"active\",\r\n      \"stateTransitionTime\": \"2022-12-02T17:10:01.7963137Z\",\r\n      \"priority\": 0,\r\n      \"maxParallelTasks\": -1,\r\n      \"usesTaskDependencies\": false,\r\n      \"allowTaskPreemption\": false,\r\n      \"constraints\": {\r\n        \"maxWallClockTime\": \"P10675199DT2H48M5.4775807S\",\r\n        \"maxTaskRetryCount\": 0\r\n      },\r\n      \"poolInfo\": {\r\n        \"poolId\": \"testPool\"\r\n      },\r\n      \"executionInfo\": {\r\n        \"startTime\": \"2022-12-02T17:10:01.7963137Z\",\r\n        \"poolId\": \"testPool\"\r\n      },\r\n      \"onAllTasksComplete\": \"noaction\",\r\n      \"onTaskFailure\": \"noaction\"\r\n    },\r\n    {\r\n      \"id\": \"job2\",\r\n      \"url\": \"https://mikebatcheast.eastus.batch.azure.com/jobs/job2\",\r\n      \"eTag\": \"0x8DAD4880CAB5E56\",\r\n      \"lastModified\": \"2022-12-02T17:10:01.9544662Z\",\r\n      \"creationTime\": \"2022-12-02T17:10:01.9324663Z\",\r\n      \"state\": \"active\",\r\n      \"stateTransitionTime\": \"2022-12-02T17:10:01.9544662Z\",\r\n      \"priority\": 3,\r\n      \"maxParallelTasks\": -1,\r\n      \"usesTaskDependencies\": false,\r\n      \"allowTaskPreemption\": false,\r\n      \"constraints\": {\r\n        \"maxWallClockTime\": \"P10675199DT2H48M5.4775807S\",\r\n        \"maxTaskRetryCount\": 0\r\n      },\r\n      \"poolInfo\": {\r\n        \"poolId\": \"testPool2\"\r\n      },\r\n      \"executionInfo\": {\r\n        \"startTime\": \"2022-12-02T17:10:01.9544662Z\",\r\n        \"poolId\": \"testPool2\"\r\n      },\r\n      \"onAllTasksComplete\": \"noaction\",\r\n      \"onTaskFailure\": \"noaction\"\r\n    }\r\n  ]\r\n}",
      "StatusCode": 200
    },
    {
      "RequestUri": "/jobs/job2?api-version=2022-10-01.16.0",
      "EncodedRequestUri": "L2pvYnMvam9iMj9hcGktdmVyc2lvbj0yMDIyLTEwLTAxLjE2LjA=",
      "RequestMethod": "PUT",
      "RequestHeaders": {
        "client-request-id": [
          "941e777b-f902-4717-afc5-8244d88a6b68"
        ],
        "Accept-Language": [
          "en-US"
        ],
        "ocp-date": [
          "Fri, 02 Dec 2022 17:10:02 GMT"
        ],
        "x-ms-client-request-id": [
          "7eddbbeb-398b-4f55-bd17-17829aa61f67"
        ],
        "User-Agent": [
          "FxVersion/4.700.22.51102",
          "OSName/Windows",
          "OSVersion/Microsoft.Windows.10.0.19045",
          "Microsoft.Azure.Batch.Protocol.BatchServiceClient/15.400.22.55103",
          "AzurePowershell/Az1.0.0"
        ],
        "Content-Type": [
          "application/json; odata=minimalmetadata; charset=utf-8"
        ],
        "Content-Length": [
          "277"
        ]
      },
      "RequestBody": "{\r\n  \"priority\": 5,\r\n  \"maxParallelTasks\": -1,\r\n  \"allowTaskPreemption\": false,\r\n  \"constraints\": {\r\n    \"maxWallClockTime\": \"P10675199DT2H48M5.4775807S\",\r\n    \"maxTaskRetryCount\": 0\r\n  },\r\n  \"poolInfo\": {\r\n    \"poolId\": \"testPool2\"\r\n  },\r\n  \"onAllTasksComplete\": \"noaction\"\r\n}",
      "ResponseHeaders": {
        "Transfer-Encoding": [
          "chunked"
        ],
        "ETag": [
          "0x8DAD4880CD8B01A"
        ],
        "Server": [
          "Microsoft-HTTPAPI/2.0"
        ],
        "request-id": [
          "bb0296de-49fb-43e5-8630-dea8e15962a4"
        ],
        "Strict-Transport-Security": [
          "max-age=31536000; includeSubDomains"
        ],
        "X-Content-Type-Options": [
          "nosniff"
        ],
        "DataServiceVersion": [
          "3.0"
        ],
        "DataServiceId": [
          "https://mikebatcheast.eastus.batch.azure.com/jobs/job2"
        ],
        "Date": [
          "Fri, 02 Dec 2022 17:10:02 GMT"
        ],
        "Last-Modified": [
          "Fri, 02 Dec 2022 17:10:02 GMT"
        ]
      },
      "ResponseBody": "",
      "StatusCode": 200
    },
    {
      "RequestUri": "/jobs/job2?api-version=2022-10-01.16.0",
      "EncodedRequestUri": "L2pvYnMvam9iMj9hcGktdmVyc2lvbj0yMDIyLTEwLTAxLjE2LjA=",
      "RequestMethod": "GET",
      "RequestHeaders": {
        "client-request-id": [
          "26346f4d-24d7-4c37-a3a0-399c35aaf819"
        ],
        "Accept-Language": [
          "en-US"
        ],
        "ocp-date": [
          "Fri, 02 Dec 2022 17:10:02 GMT"
        ],
        "x-ms-client-request-id": [
          "b96b491a-6a45-4c6c-bea4-54c0b254123d"
        ],
        "User-Agent": [
          "FxVersion/4.700.22.51102",
          "OSName/Windows",
          "OSVersion/Microsoft.Windows.10.0.19045",
          "Microsoft.Azure.Batch.Protocol.BatchServiceClient/15.400.22.55103",
          "AzurePowershell/Az1.0.0"
        ]
      },
      "RequestBody": "",
      "ResponseHeaders": {
        "Transfer-Encoding": [
          "chunked"
        ],
        "ETag": [
          "0x8DAD4880CD8B01A"
        ],
        "Server": [
          "Microsoft-HTTPAPI/2.0"
        ],
        "request-id": [
          "82341afb-e37c-48a1-b1b9-6ba82a10574d"
        ],
        "Strict-Transport-Security": [
          "max-age=31536000; includeSubDomains"
        ],
        "X-Content-Type-Options": [
          "nosniff"
        ],
        "DataServiceVersion": [
          "3.0"
        ],
        "Date": [
          "Fri, 02 Dec 2022 17:10:02 GMT"
        ],
        "Content-Type": [
          "application/json; odata=minimalmetadata"
        ],
        "Last-Modified": [
          "Fri, 02 Dec 2022 17:10:02 GMT"
        ]
      },
      "ResponseBody": "{\r\n  \"odata.metadata\": \"https://mikebatcheast.eastus.batch.azure.com/$metadata#jobs/@Element\",\r\n  \"id\": \"job2\",\r\n  \"url\": \"https://mikebatcheast.eastus.batch.azure.com/jobs/job2\",\r\n  \"eTag\": \"0x8DAD4880CD8B01A\",\r\n  \"lastModified\": \"2022-12-02T17:10:02.2514714Z\",\r\n  \"creationTime\": \"2022-12-02T17:10:01.9324663Z\",\r\n  \"state\": \"active\",\r\n  \"stateTransitionTime\": \"2022-12-02T17:10:01.9544662Z\",\r\n  \"priority\": 5,\r\n  \"maxParallelTasks\": -1,\r\n  \"usesTaskDependencies\": false,\r\n  \"allowTaskPreemption\": false,\r\n  \"constraints\": {\r\n    \"maxWallClockTime\": \"P10675199DT2H48M5.4775807S\",\r\n    \"maxTaskRetryCount\": 0\r\n  },\r\n  \"poolInfo\": {\r\n    \"poolId\": \"testPool2\"\r\n  },\r\n  \"executionInfo\": {\r\n    \"startTime\": \"2022-12-02T17:10:01.9544662Z\",\r\n    \"poolId\": \"testPool2\"\r\n  },\r\n  \"onAllTasksComplete\": \"noaction\",\r\n  \"onTaskFailure\": \"noaction\"\r\n}",
      "StatusCode": 200
    },
    {
      "RequestUri": "/jobs/job1?api-version=2022-10-01.16.0",
      "EncodedRequestUri": "L2pvYnMvam9iMT9hcGktdmVyc2lvbj0yMDIyLTEwLTAxLjE2LjA=",
      "RequestMethod": "DELETE",
      "RequestHeaders": {
        "client-request-id": [
          "16a0504f-b220-4bad-af2e-0dbf3eabf7da"
        ],
        "Accept-Language": [
          "en-US"
        ],
        "ocp-date": [
          "Fri, 02 Dec 2022 17:10:02 GMT"
        ],
        "x-ms-client-request-id": [
          "54a98a9f-8a09-47a9-917b-6c9802fce07e"
        ],
        "User-Agent": [
          "FxVersion/4.700.22.51102",
          "OSName/Windows",
          "OSVersion/Microsoft.Windows.10.0.19045",
          "Microsoft.Azure.Batch.Protocol.BatchServiceClient/15.400.22.55103",
          "AzurePowershell/Az1.0.0"
        ],
        "Content-Length": [
          "0"
        ]
      },
      "RequestBody": "",
      "ResponseHeaders": {
        "Transfer-Encoding": [
          "chunked"
        ],
        "Server": [
          "Microsoft-HTTPAPI/2.0"
        ],
        "request-id": [
          "36633e32-7dbf-47ea-91c3-adebf2f7574a"
        ],
        "Strict-Transport-Security": [
          "max-age=31536000; includeSubDomains"
        ],
        "X-Content-Type-Options": [
          "nosniff"
        ],
        "DataServiceVersion": [
          "3.0"
        ],
        "Date": [
          "Fri, 02 Dec 2022 17:10:02 GMT"
        ]
      },
      "ResponseBody": "",
      "StatusCode": 202
    },
    {
      "RequestUri": "/jobs/job2?api-version=2022-10-01.16.0",
      "EncodedRequestUri": "L2pvYnMvam9iMj9hcGktdmVyc2lvbj0yMDIyLTEwLTAxLjE2LjA=",
      "RequestMethod": "DELETE",
      "RequestHeaders": {
        "client-request-id": [
          "a5789cd2-66ed-4cf5-8898-ab4ead91dd60"
        ],
        "Accept-Language": [
          "en-US"
        ],
        "ocp-date": [
          "Fri, 02 Dec 2022 17:10:02 GMT"
        ],
        "x-ms-client-request-id": [
          "19f45c4c-d08b-4cda-938e-0088b3b91e42"
        ],
        "User-Agent": [
          "FxVersion/4.700.22.51102",
          "OSName/Windows",
          "OSVersion/Microsoft.Windows.10.0.19045",
          "Microsoft.Azure.Batch.Protocol.BatchServiceClient/15.400.22.55103",
          "AzurePowershell/Az1.0.0"
        ],
        "Content-Length": [
          "0"
        ]
      },
      "RequestBody": "",
      "ResponseHeaders": {
        "Transfer-Encoding": [
          "chunked"
        ],
        "Server": [
          "Microsoft-HTTPAPI/2.0"
        ],
        "request-id": [
          "7df8c270-6cef-4602-b5aa-132a8434f292"
        ],
        "Strict-Transport-Security": [
          "max-age=31536000; includeSubDomains"
        ],
        "X-Content-Type-Options": [
          "nosniff"
        ],
        "DataServiceVersion": [
          "3.0"
        ],
        "Date": [
          "Fri, 02 Dec 2022 17:10:02 GMT"
        ]
      },
      "ResponseBody": "",
      "StatusCode": 202
    },
    {
      "RequestUri": "/jobs?api-version=2022-10-01.16.0",
      "EncodedRequestUri": "L2pvYnM/YXBpLXZlcnNpb249MjAyMi0xMC0wMS4xNi4w",
      "RequestMethod": "GET",
      "RequestHeaders": {
        "client-request-id": [
          "8ffbca95-a364-4398-b42f-153f9e846593"
        ],
        "Accept-Language": [
          "en-US"
        ],
        "ocp-date": [
          "Fri, 02 Dec 2022 17:10:03 GMT"
        ],
        "x-ms-client-request-id": [
          "eea198af-afea-421b-b352-9c16b50632af"
        ],
        "User-Agent": [
          "FxVersion/4.700.22.51102",
          "OSName/Windows",
          "OSVersion/Microsoft.Windows.10.0.19045",
          "Microsoft.Azure.Batch.Protocol.BatchServiceClient/15.400.22.55103",
          "AzurePowershell/Az1.0.0"
        ]
      },
      "RequestBody": "",
      "ResponseHeaders": {
        "Transfer-Encoding": [
          "chunked"
        ],
        "Server": [
          "Microsoft-HTTPAPI/2.0"
        ],
        "request-id": [
          "958bb953-8078-42a7-9e03-bdd5245e55f6"
        ],
        "Strict-Transport-Security": [
          "max-age=31536000; includeSubDomains"
        ],
        "X-Content-Type-Options": [
          "nosniff"
        ],
        "DataServiceVersion": [
          "3.0"
        ],
        "Date": [
          "Fri, 02 Dec 2022 17:10:02 GMT"
        ],
        "Content-Type": [
          "application/json; odata=minimalmetadata"
        ]
      },
      "ResponseBody": "{\r\n  \"odata.metadata\": \"https://mikebatcheast.eastus.batch.azure.com/$metadata#jobs\",\r\n  \"value\": [\r\n    {\r\n      \"id\": \"job1\",\r\n      \"url\": \"https://mikebatcheast.eastus.batch.azure.com/jobs/job1\",\r\n      \"eTag\": \"0x8DAD4880C933C81\",\r\n      \"lastModified\": \"2022-12-02T17:10:01.7963137Z\",\r\n      \"creationTime\": \"2022-12-02T17:10:01.773311Z\",\r\n      \"state\": \"deleting\",\r\n      \"stateTransitionTime\": \"2022-12-02T17:10:02.429484Z\",\r\n      \"previousState\": \"active\",\r\n      \"previousStateTransitionTime\": \"2022-12-02T17:10:01.7963137Z\",\r\n      \"priority\": 0,\r\n      \"maxParallelTasks\": -1,\r\n      \"usesTaskDependencies\": false,\r\n      \"allowTaskPreemption\": false,\r\n      \"constraints\": {\r\n        \"maxWallClockTime\": \"P10675199DT2H48M5.4775807S\",\r\n        \"maxTaskRetryCount\": 0\r\n      },\r\n      \"poolInfo\": {\r\n        \"poolId\": \"testPool\"\r\n      },\r\n      \"executionInfo\": {\r\n        \"startTime\": \"2022-12-02T17:10:01.7963137Z\",\r\n        \"poolId\": \"testPool\"\r\n      },\r\n      \"onAllTasksComplete\": \"noaction\",\r\n      \"onTaskFailure\": \"noaction\"\r\n    },\r\n    {\r\n      \"id\": \"listSubtaskJob\",\r\n      \"url\": \"https://mikebatcheast.eastus.batch.azure.com/jobs/listSubtaskJob\",\r\n      \"eTag\": \"0x8DAD4864443E077\",\r\n      \"lastModified\": \"2022-12-02T16:57:16.2351735Z\",\r\n      \"creationTime\": \"2022-12-02T16:57:16.2130218Z\",\r\n      \"state\": \"active\",\r\n      \"stateTransitionTime\": \"2022-12-02T16:57:16.2351735Z\",\r\n      \"priority\": 0,\r\n      \"maxParallelTasks\": -1,\r\n      \"usesTaskDependencies\": false,\r\n      \"allowTaskPreemption\": false,\r\n      \"constraints\": {\r\n        \"maxWallClockTime\": \"P10675199DT2H48M5.4775807S\",\r\n        \"maxTaskRetryCount\": 0\r\n      },\r\n      \"poolInfo\": {\r\n        \"poolId\": \"mpiPool\"\r\n      },\r\n      \"executionInfo\": {\r\n        \"startTime\": \"2022-12-02T16:57:16.2351735Z\",\r\n        \"poolId\": \"mpiPool\"\r\n      },\r\n      \"onAllTasksComplete\": \"noaction\",\r\n      \"onTaskFailure\": \"noaction\"\r\n    }\r\n  ]\r\n}",
      "StatusCode": 200
    }
  ],
  "Names": {},
  "Variables": {
    "SubscriptionId": "67e11b19-95f8-4d96-a472-5f626c5445ec",
    "AZURE_BATCH_ACCOUNT": "mikebatcheast",
    "AZURE_BATCH_ENDPOINT": "https://mikebatcheast.eastus.batch.azure.com",
    "AZURE_BATCH_RESOURCE_GROUP": "mikeazure"
  }
}