{
  "Entries": [
    {
      "RequestUri": "/subscriptions/9e223dbe-3399-4e19-88eb-0975f02ac87f/resourcegroups/ps9480?api-version=2018-05-01",
      "EncodedRequestUri": "L3N1YnNjcmlwdGlvbnMvOWUyMjNkYmUtMzM5OS00ZTE5LTg4ZWItMDk3NWYwMmFjODdmL3Jlc291cmNlZ3JvdXBzL3BzOTQ4MD9hcGktdmVyc2lvbj0yMDE4LTA1LTAx",
      "RequestMethod": "HEAD",
      "RequestBody": "",
      "RequestHeaders": {
        "x-ms-client-request-id": [
          "ef239e47-7b1e-4121-b63a-e81b26637e34"
        ],
        "Accept-Language": [
          "en-US"
        ],
        "User-Agent": [
          "FxVersion/4.6.26606.02",
          "OSName/Windows",
          "OSVersion/Microsoft.Windows.10.0.17763.",
          "Microsoft.Azure.Management.ResourceManager.ResourceManagementClient/1.9.1.0"
        ]
      },
      "ResponseHeaders": {
        "Cache-Control": [
          "no-cache"
        ],
        "Pragma": [
          "no-cache"
        ],
        "x-ms-failure-cause": [
          "gateway"
        ],
        "x-ms-ratelimit-remaining-subscription-reads": [
          "11997"
        ],
        "x-ms-request-id": [
          "507d195d-0f1e-4125-b7bd-bdc21eb8e061"
        ],
        "x-ms-correlation-request-id": [
          "507d195d-0f1e-4125-b7bd-bdc21eb8e061"
        ],
        "x-ms-routing-request-id": [
          "WESTUS2:20190103T012534Z:507d195d-0f1e-4125-b7bd-bdc21eb8e061"
        ],
        "Strict-Transport-Security": [
          "max-age=31536000; includeSubDomains"
        ],
        "X-Content-Type-Options": [
          "nosniff"
        ],
        "Date": [
          "Thu, 03 Jan 2019 01:25:34 GMT"
        ],
        "Content-Length": [
          "98"
        ],
        "Content-Type": [
          "application/json; charset=utf-8"
        ],
        "Expires": [
          "-1"
        ]
      },
      "ResponseBody": "",
      "StatusCode": 404
    },
    {
      "RequestUri": "/subscriptions/9e223dbe-3399-4e19-88eb-0975f02ac87f/resourcegroups/ps9480?api-version=2018-05-01",
      "EncodedRequestUri": "L3N1YnNjcmlwdGlvbnMvOWUyMjNkYmUtMzM5OS00ZTE5LTg4ZWItMDk3NWYwMmFjODdmL3Jlc291cmNlZ3JvdXBzL3BzOTQ4MD9hcGktdmVyc2lvbj0yMDE4LTA1LTAx",
      "RequestMethod": "PUT",
      "RequestBody": "{\r\n  \"location\": \"brazilsouth\"\r\n}",
      "RequestHeaders": {
        "x-ms-client-request-id": [
          "28a47116-272e-4b67-82f3-a3c72441045b"
        ],
        "Accept-Language": [
          "en-US"
        ],
        "User-Agent": [
          "FxVersion/4.6.26606.02",
          "OSName/Windows",
          "OSVersion/Microsoft.Windows.10.0.17763.",
          "Microsoft.Azure.Management.ResourceManager.ResourceManagementClient/1.9.1.0"
        ],
        "Content-Type": [
          "application/json; charset=utf-8"
        ],
        "Content-Length": [
          "33"
        ]
      },
      "ResponseHeaders": {
        "Cache-Control": [
          "no-cache"
        ],
        "Pragma": [
          "no-cache"
        ],
        "x-ms-ratelimit-remaining-subscription-writes": [
          "1195"
        ],
        "x-ms-request-id": [
          "37317e03-810f-4923-a58f-1e0fbb63f03a"
        ],
        "x-ms-correlation-request-id": [
          "37317e03-810f-4923-a58f-1e0fbb63f03a"
        ],
        "x-ms-routing-request-id": [
          "WESTUS2:20190103T012537Z:37317e03-810f-4923-a58f-1e0fbb63f03a"
        ],
        "Strict-Transport-Security": [
          "max-age=31536000; includeSubDomains"
        ],
        "X-Content-Type-Options": [
          "nosniff"
        ],
        "Date": [
          "Thu, 03 Jan 2019 01:25:37 GMT"
        ],
        "Content-Length": [
          "170"
        ],
        "Content-Type": [
          "application/json; charset=utf-8"
        ],
        "Expires": [
          "-1"
        ]
      },
      "ResponseBody": "{\r\n  \"id\": \"/subscriptions/9e223dbe-3399-4e19-88eb-0975f02ac87f/resourceGroups/ps9480\",\r\n  \"name\": \"ps9480\",\r\n  \"location\": \"brazilsouth\",\r\n  \"properties\": {\r\n    \"provisioningState\": \"Succeeded\"\r\n  }\r\n}",
      "StatusCode": 201
    },
    {
      "RequestUri": "/subscriptions/9e223dbe-3399-4e19-88eb-0975f02ac87f/resourceGroups/ps9480/providers/Microsoft.Logic/integrationAccounts/ps1630?api-version=2016-06-01",
      "EncodedRequestUri": "L3N1YnNjcmlwdGlvbnMvOWUyMjNkYmUtMzM5OS00ZTE5LTg4ZWItMDk3NWYwMmFjODdmL3Jlc291cmNlR3JvdXBzL3BzOTQ4MC9wcm92aWRlcnMvTWljcm9zb2Z0LkxvZ2ljL2ludGVncmF0aW9uQWNjb3VudHMvcHMxNjMwP2FwaS12ZXJzaW9uPTIwMTYtMDYtMDE=",
      "RequestMethod": "GET",
      "RequestBody": "",
      "RequestHeaders": {
        "x-ms-client-request-id": [
          "92fda090-b8a5-44ac-8524-56310dad2bf1"
        ],
        "Accept-Language": [
          "en-US"
        ],
        "User-Agent": [
          "FxVersion/4.6.26606.02",
          "OSName/Windows",
          "OSVersion/Microsoft.Windows.10.0.17763.",
          "Microsoft.Azure.Management.Logic.LogicManagementClient/3.0.1"
        ]
      },
      "ResponseHeaders": {
        "Cache-Control": [
          "no-cache"
        ],
        "Pragma": [
          "no-cache"
        ],
        "x-ms-failure-cause": [
          "gateway"
        ],
        "x-ms-request-id": [
          "f0f34b77-0d4d-4291-884f-3932a79be4ab"
        ],
        "x-ms-correlation-request-id": [
          "f0f34b77-0d4d-4291-884f-3932a79be4ab"
        ],
        "x-ms-routing-request-id": [
          "WESTUS2:20190103T012538Z:f0f34b77-0d4d-4291-884f-3932a79be4ab"
        ],
        "Strict-Transport-Security": [
          "max-age=31536000; includeSubDomains"
        ],
        "X-Content-Type-Options": [
          "nosniff"
        ],
        "Date": [
          "Thu, 03 Jan 2019 01:25:37 GMT"
        ],
        "Content-Type": [
          "application/json; charset=utf-8"
        ],
        "Expires": [
          "-1"
        ],
        "Content-Length": [
          "152"
        ]
      },
      "ResponseBody": "{\r\n  \"error\": {\r\n    \"code\": \"ResourceNotFound\",\r\n    \"message\": \"The Resource 'Microsoft.Logic/integrationAccounts/ps1630' under resource group 'ps9480' was not found.\"\r\n  }\r\n}",
      "StatusCode": 404
    },
    {
      "RequestUri": "/subscriptions/9e223dbe-3399-4e19-88eb-0975f02ac87f/resourceGroups/ps9480/providers/Microsoft.Logic/integrationAccounts/ps1630?api-version=2016-06-01",
      "EncodedRequestUri": "L3N1YnNjcmlwdGlvbnMvOWUyMjNkYmUtMzM5OS00ZTE5LTg4ZWItMDk3NWYwMmFjODdmL3Jlc291cmNlR3JvdXBzL3BzOTQ4MC9wcm92aWRlcnMvTWljcm9zb2Z0LkxvZ2ljL2ludGVncmF0aW9uQWNjb3VudHMvcHMxNjMwP2FwaS12ZXJzaW9uPTIwMTYtMDYtMDE=",
      "RequestMethod": "GET",
      "RequestBody": "",
      "RequestHeaders": {
        "x-ms-client-request-id": [
          "c58db588-745d-45ae-a9ed-95b00ae38c3b"
        ],
        "Accept-Language": [
          "en-US"
        ],
        "User-Agent": [
          "FxVersion/4.6.26606.02",
          "OSName/Windows",
          "OSVersion/Microsoft.Windows.10.0.17763.",
          "Microsoft.Azure.Management.Logic.LogicManagementClient/3.0.1"
        ]
      },
      "ResponseHeaders": {
        "Cache-Control": [
          "no-cache"
        ],
        "Pragma": [
          "no-cache"
        ],
        "Vary": [
          "Accept-Encoding"
        ],
        "x-ms-request-id": [
          "brazilsouth:b801cc81-cda8-4370-a259-a47d9775c1e4"
        ],
        "Strict-Transport-Security": [
          "max-age=31536000; includeSubDomains"
        ],
        "x-ms-ratelimit-remaining-subscription-reads": [
          "11994"
        ],
        "x-ms-correlation-request-id": [
          "b121ec47-4641-42c7-aaac-c2acd64b8af4"
        ],
        "x-ms-routing-request-id": [
          "WESTUS2:20190103T012543Z:b121ec47-4641-42c7-aaac-c2acd64b8af4"
        ],
        "X-Content-Type-Options": [
          "nosniff"
        ],
        "Date": [
          "Thu, 03 Jan 2019 01:25:43 GMT"
        ],
        "Content-Length": [
          "280"
        ],
        "Content-Type": [
          "application/json; charset=utf-8"
        ],
        "Expires": [
          "-1"
        ]
      },
      "ResponseBody": "{\r\n  \"properties\": {\r\n    \"state\": \"Enabled\"\r\n  },\r\n  \"sku\": {\r\n    \"name\": \"Standard\"\r\n  },\r\n  \"id\": \"/subscriptions/9e223dbe-3399-4e19-88eb-0975f02ac87f/resourceGroups/ps9480/providers/Microsoft.Logic/integrationAccounts/ps1630\",\r\n  \"name\": \"ps1630\",\r\n  \"type\": \"Microsoft.Logic/integrationAccounts\",\r\n  \"location\": \"brazilsouth\"\r\n}",
      "StatusCode": 200
    },
    {
      "RequestUri": "/subscriptions/9e223dbe-3399-4e19-88eb-0975f02ac87f/resourceGroups/ps9480/providers/Microsoft.Logic/integrationAccounts/ps1630?api-version=2016-06-01",
      "EncodedRequestUri": "L3N1YnNjcmlwdGlvbnMvOWUyMjNkYmUtMzM5OS00ZTE5LTg4ZWItMDk3NWYwMmFjODdmL3Jlc291cmNlR3JvdXBzL3BzOTQ4MC9wcm92aWRlcnMvTWljcm9zb2Z0LkxvZ2ljL2ludGVncmF0aW9uQWNjb3VudHMvcHMxNjMwP2FwaS12ZXJzaW9uPTIwMTYtMDYtMDE=",
      "RequestMethod": "PUT",
      "RequestBody": "{\r\n  \"properties\": {},\r\n  \"sku\": {\r\n    \"name\": \"Standard\"\r\n  },\r\n  \"location\": \"brazilsouth\"\r\n}",
      "RequestHeaders": {
        "x-ms-client-request-id": [
          "2c78a888-fdd9-4236-8959-5bad9c21a212"
        ],
        "Accept-Language": [
          "en-US"
        ],
        "User-Agent": [
          "FxVersion/4.6.26606.02",
          "OSName/Windows",
          "OSVersion/Microsoft.Windows.10.0.17763.",
          "Microsoft.Azure.Management.Logic.LogicManagementClient/3.0.1"
        ],
        "Content-Type": [
          "application/json; charset=utf-8"
        ],
        "Content-Length": [
          "96"
        ]
      },
      "ResponseHeaders": {
        "Cache-Control": [
          "no-cache"
        ],
        "Pragma": [
          "no-cache"
        ],
        "x-ms-request-id": [
          "brazilsouth:b0f4fbd2-eb8b-40be-9439-e50249e77edf"
        ],
        "Strict-Transport-Security": [
          "max-age=31536000; includeSubDomains"
        ],
        "x-ms-ratelimit-remaining-subscription-writes": [
          "1196"
        ],
        "x-ms-correlation-request-id": [
          "a0968fe9-d972-4f42-92a5-6c30300e0729"
        ],
        "x-ms-routing-request-id": [
          "WESTUS2:20190103T012543Z:a0968fe9-d972-4f42-92a5-6c30300e0729"
        ],
        "X-Content-Type-Options": [
          "nosniff"
        ],
        "Date": [
          "Thu, 03 Jan 2019 01:25:43 GMT"
        ],
        "Content-Length": [
          "280"
        ],
        "Content-Type": [
          "application/json; charset=utf-8"
        ],
        "Expires": [
          "-1"
        ]
      },
      "ResponseBody": "{\r\n  \"properties\": {\r\n    \"state\": \"Enabled\"\r\n  },\r\n  \"sku\": {\r\n    \"name\": \"Standard\"\r\n  },\r\n  \"id\": \"/subscriptions/9e223dbe-3399-4e19-88eb-0975f02ac87f/resourceGroups/ps9480/providers/Microsoft.Logic/integrationAccounts/ps1630\",\r\n  \"name\": \"ps1630\",\r\n  \"type\": \"Microsoft.Logic/integrationAccounts\",\r\n  \"location\": \"brazilsouth\"\r\n}",
      "StatusCode": 201
    },
    {
      "RequestUri": "/subscriptions/9e223dbe-3399-4e19-88eb-0975f02ac87f/resourceGroups/ps9480/providers/Microsoft.Logic/integrationAccounts/ps1630/certificates/ps1131?api-version=2016-06-01",
      "EncodedRequestUri": "L3N1YnNjcmlwdGlvbnMvOWUyMjNkYmUtMzM5OS00ZTE5LTg4ZWItMDk3NWYwMmFjODdmL3Jlc291cmNlR3JvdXBzL3BzOTQ4MC9wcm92aWRlcnMvTWljcm9zb2Z0LkxvZ2ljL2ludGVncmF0aW9uQWNjb3VudHMvcHMxNjMwL2NlcnRpZmljYXRlcy9wczExMzE/YXBpLXZlcnNpb249MjAxNi0wNi0wMQ==",
      "RequestMethod": "GET",
      "RequestBody": "",
      "RequestHeaders": {
        "x-ms-client-request-id": [
          "a0926578-a0a4-4b56-8617-cf1a893f5498"
        ],
        "Accept-Language": [
          "en-US"
        ],
        "User-Agent": [
          "FxVersion/4.6.26606.02",
          "OSName/Windows",
          "OSVersion/Microsoft.Windows.10.0.17763.",
          "Microsoft.Azure.Management.Logic.LogicManagementClient/3.0.1"
        ]
      },
      "ResponseHeaders": {
        "Cache-Control": [
          "no-cache"
        ],
        "Pragma": [
          "no-cache"
        ],
        "x-ms-request-id": [
          "brazilsouth:7a73cf89-6d1e-4d8f-b152-ef663d8f6ec6"
        ],
        "Strict-Transport-Security": [
          "max-age=31536000; includeSubDomains"
        ],
        "x-ms-ratelimit-remaining-subscription-reads": [
          "11993"
        ],
        "x-ms-correlation-request-id": [
          "5efc37c1-9e88-4620-ba1f-88b07b38e9ac"
        ],
        "x-ms-routing-request-id": [
          "WESTUS2:20190103T012543Z:5efc37c1-9e88-4620-ba1f-88b07b38e9ac"
        ],
        "X-Content-Type-Options": [
          "nosniff"
        ],
        "Date": [
          "Thu, 03 Jan 2019 01:25:43 GMT"
        ],
        "Content-Length": [
          "129"
        ],
        "Content-Type": [
          "application/json; charset=utf-8"
        ],
        "Expires": [
          "-1"
        ]
      },
      "ResponseBody": "{\r\n  \"error\": {\r\n    \"code\": \"CertificateNotFound\",\r\n    \"message\": \"The certificate 'ps1131' could not be found in integration account 'ps1630'.\"\r\n  }\r\n}",
      "StatusCode": 404
    },
    {
      "RequestUri": "/subscriptions/9e223dbe-3399-4e19-88eb-0975f02ac87f/resourceGroups/ps9480/providers/Microsoft.Logic/integrationAccounts/ps1630/certificates/ps1131?api-version=2016-06-01",
      "EncodedRequestUri": "L3N1YnNjcmlwdGlvbnMvOWUyMjNkYmUtMzM5OS00ZTE5LTg4ZWItMDk3NWYwMmFjODdmL3Jlc291cmNlR3JvdXBzL3BzOTQ4MC9wcm92aWRlcnMvTWljcm9zb2Z0LkxvZ2ljL2ludGVncmF0aW9uQWNjb3VudHMvcHMxNjMwL2NlcnRpZmljYXRlcy9wczExMzE/YXBpLXZlcnNpb249MjAxNi0wNi0wMQ==",
      "RequestMethod": "PUT",
      "RequestBody": "{\r\n  \"properties\": {\r\n    \"key\": {\r\n      \"keyVault\": {\r\n        \"id\": \"/subscriptions/9e223dbe-3399-4e19-88eb-0975f02ac87f/resourceGroups/maddie1/providers/Microsoft.KeyVault/vaults/mvault4\"\r\n      },\r\n      \"keyName\": \"PRIVATEKEY\",\r\n      \"keyVersion\": \"b8f8974776c7430b9f9f33ddc031b7e4\"\r\n    }\r\n  }\r\n}",
      "RequestHeaders": {
        "x-ms-client-request-id": [
          "4ed88edc-ed48-4c96-8105-080ef9d72a8c"
        ],
        "Accept-Language": [
          "en-US"
        ],
        "User-Agent": [
          "FxVersion/4.6.26606.02",
          "OSName/Windows",
          "OSVersion/Microsoft.Windows.10.0.17763.",
          "Microsoft.Azure.Management.Logic.LogicManagementClient/3.0.1"
        ],
        "Content-Type": [
          "application/json; charset=utf-8"
        ],
        "Content-Length": [
          "304"
        ]
      },
      "ResponseHeaders": {
        "Cache-Control": [
          "no-cache"
        ],
        "Pragma": [
          "no-cache"
        ],
        "x-ms-request-id": [
          "brazilsouth:b7ad2b96-eab1-488e-a1e1-54d8c562d765"
        ],
        "Strict-Transport-Security": [
          "max-age=31536000; includeSubDomains"
        ],
        "x-ms-ratelimit-remaining-subscription-writes": [
          "1195"
        ],
        "x-ms-correlation-request-id": [
          "70593733-e581-48bd-8c2a-378ae50d45e1"
        ],
        "x-ms-routing-request-id": [
          "WESTUS2:20190103T012545Z:70593733-e581-48bd-8c2a-378ae50d45e1"
        ],
        "X-Content-Type-Options": [
          "nosniff"
        ],
        "Date": [
          "Thu, 03 Jan 2019 01:25:45 GMT"
        ],
        "Content-Length": [
          "604"
        ],
        "Content-Type": [
          "application/json; charset=utf-8"
        ],
        "Expires": [
          "-1"
        ]
      },
      "ResponseBody": "{\r\n  \"properties\": {\r\n    \"key\": {\r\n      \"keyVault\": {\r\n        \"name\": \"mvault4\",\r\n        \"id\": \"/subscriptions/9e223dbe-3399-4e19-88eb-0975f02ac87f/resourceGroups/maddie1/providers/Microsoft.KeyVault/vaults/mvault4\",\r\n        \"type\": \"Microsoft.KeyVault/vaults\"\r\n      },\r\n      \"keyName\": \"PRIVATEKEY\",\r\n      \"keyVersion\": \"b8f8974776c7430b9f9f33ddc031b7e4\"\r\n    },\r\n    \"createdTime\": \"2019-01-03T01:25:45.2871678Z\",\r\n    \"changedTime\": \"2019-01-03T01:25:45.2876359Z\"\r\n  },\r\n  \"id\": \"/subscriptions/9e223dbe-3399-4e19-88eb-0975f02ac87f/resourceGroups/ps9480/providers/Microsoft.Logic/integrationAccounts/ps1630/certificates/ps1131\",\r\n  \"name\": \"ps1131\",\r\n  \"type\": \"Microsoft.Logic/integrationAccounts/certificates\"\r\n}",
      "StatusCode": 201
    },
    {
      "RequestUri": "/subscriptions/9e223dbe-3399-4e19-88eb-0975f02ac87f/resourceGroups/ps9480/providers/Microsoft.Logic/integrationAccounts/ps1630?api-version=2016-06-01",
      "EncodedRequestUri": "L3N1YnNjcmlwdGlvbnMvOWUyMjNkYmUtMzM5OS00ZTE5LTg4ZWItMDk3NWYwMmFjODdmL3Jlc291cmNlR3JvdXBzL3BzOTQ4MC9wcm92aWRlcnMvTWljcm9zb2Z0LkxvZ2ljL2ludGVncmF0aW9uQWNjb3VudHMvcHMxNjMwP2FwaS12ZXJzaW9uPTIwMTYtMDYtMDE=",
      "RequestMethod": "DELETE",
      "RequestBody": "",
      "RequestHeaders": {
        "x-ms-client-request-id": [
          "4a098308-d87e-46c7-ba32-6d238a783d50"
        ],
        "Accept-Language": [
          "en-US"
        ],
        "User-Agent": [
          "FxVersion/4.6.26606.02",
          "OSName/Windows",
          "OSVersion/Microsoft.Windows.10.0.17763.",
          "Microsoft.Azure.Management.Logic.LogicManagementClient/3.0.1"
        ]
      },
      "ResponseHeaders": {
        "Cache-Control": [
          "no-cache"
        ],
        "Pragma": [
          "no-cache"
        ],
        "x-ms-request-id": [
          "brazilsouth:2ec081d4-9b53-457b-bcb6-eb9acad54929"
        ],
        "Strict-Transport-Security": [
          "max-age=31536000; includeSubDomains"
        ],
        "x-ms-ratelimit-remaining-subscription-deletes": [
          "14997"
        ],
        "x-ms-correlation-request-id": [
          "4277061b-8fc0-4fa5-82a0-7fda8f283786"
        ],
        "x-ms-routing-request-id": [
          "WESTUS2:20190103T012547Z:4277061b-8fc0-4fa5-82a0-7fda8f283786"
        ],
        "X-Content-Type-Options": [
          "nosniff"
        ],
        "Date": [
          "Thu, 03 Jan 2019 01:25:46 GMT"
        ],
        "Expires": [
          "-1"
        ],
        "Content-Length": [
          "0"
        ]
      },
      "ResponseBody": "",
      "StatusCode": 200
    }
  ],
  "Names": {
    "Test-CreateIntegrationAccountCertificatePrivateKey": [
      "ps9480",
      "ps1630",
      "ps1131"
    ]
  },
  "Variables": {
    "SubscriptionId": "9e223dbe-3399-4e19-88eb-0975f02ac87f"
  }
}