{
  "Entries": [
    {
      "RequestUri": "/subscriptions/5393f919-a68a-43d0-9063-4b2bda6bffdf/resourceGroups/adetst2rg/providers/Microsoft.Compute/virtualMachineScaleSets/vmssadetst2?api-version=2017-12-01",
      "EncodedRequestUri": "L3N1YnNjcmlwdGlvbnMvNTM5M2Y5MTktYTY4YS00M2QwLTkwNjMtNGIyYmRhNmJmZmRmL3Jlc291cmNlR3JvdXBzL2FkZXRzdDJyZy9wcm92aWRlcnMvTWljcm9zb2Z0LkNvbXB1dGUvdmlydHVhbE1hY2hpbmVTY2FsZVNldHMvdm1zc2FkZXRzdDI/YXBpLXZlcnNpb249MjAxNy0xMi0wMQ==",
      "RequestMethod": "GET",
      "RequestBody": "",
      "RequestHeaders": {
        "x-ms-client-request-id": [
          "529c2525-2e58-4fed-874d-027488c5b8d5"
        ],
        "accept-language": [
          "en-US"
        ],
        "User-Agent": [
          "FxVersion/4.7.2633.0",
          "OSName/Windows10Enterprise",
          "OSVersion/6.3.16299",
          "Microsoft.Azure.Management.Compute.ComputeManagementClient/17.5.0.0"
        ]
      },
      "ResponseBody": "{\r\n  \"sku\": {\r\n    \"name\": \"Standard_D1_v2\",\r\n    \"tier\": \"Standard\",\r\n    \"capacity\": 2\r\n  },\r\n  \"properties\": {\r\n    \"singlePlacementGroup\": true,\r\n    \"upgradePolicy\": {\r\n      \"mode\": \"Manual\",\r\n      \"automaticOSUpgrade\": false\r\n    },\r\n    \"virtualMachineProfile\": {\r\n      \"osProfile\": {\r\n        \"computerNamePrefix\": \"vmssa9bc1\",\r\n        \"adminUsername\": \"adetest\",\r\n        \"windowsConfiguration\": {\r\n          \"provisionVMAgent\": true,\r\n          \"enableAutomaticUpdates\": true\r\n        },\r\n        \"secrets\": []\r\n      },\r\n      \"storageProfile\": {\r\n        \"osDisk\": {\r\n          \"createOption\": \"FromImage\",\r\n          \"caching\": \"ReadWrite\",\r\n          \"managedDisk\": {\r\n            \"storageAccountType\": \"Standard_LRS\"\r\n          }\r\n        },\r\n        \"imageReference\": {\r\n          \"publisher\": \"MicrosoftWindowsServer\",\r\n          \"offer\": \"WindowsServer\",\r\n          \"sku\": \"2016-Datacenter\",\r\n          \"version\": \"latest\"\r\n        },\r\n        \"dataDisks\": [\r\n          {\r\n            \"lun\": 3,\r\n            \"createOption\": \"Empty\",\r\n            \"caching\": \"None\",\r\n            \"managedDisk\": {\r\n              \"storageAccountType\": \"Standard_LRS\"\r\n            },\r\n            \"diskSizeGB\": 5\r\n          }\r\n        ]\r\n      },\r\n      \"networkProfile\": {\r\n        \"networkInterfaceConfigurations\": [\r\n          {\r\n            \"name\": \"vmssa9bc1Nic\",\r\n            \"properties\": {\r\n              \"primary\": true,\r\n              \"enableAcceleratedNetworking\": false,\r\n              \"dnsSettings\": {\r\n                \"dnsServers\": []\r\n              },\r\n              \"enableIPForwarding\": false,\r\n              \"ipConfigurations\": [\r\n                {\r\n                  \"name\": \"vmssa9bc1IPConfig\",\r\n                  \"properties\": {\r\n                    \"subnet\": {\r\n                      \"id\": \"/subscriptions/5393f919-a68a-43d0-9063-4b2bda6bffdf/resourceGroups/adetst2rg/providers/Microsoft.Network/virtualNetworks/vmssadetst2VNET/subnets/vmssadetst2Subnet\"\r\n                    },\r\n                    \"privateIPAddressVersion\": \"IPv4\",\r\n                    \"loadBalancerBackendAddressPools\": [\r\n                      {\r\n                        \"id\": \"/subscriptions/5393f919-a68a-43d0-9063-4b2bda6bffdf/resourceGroups/adetst2rg/providers/Microsoft.Network/loadBalancers/vmssadetst2LB/backendAddressPools/vmssadetst2LBBEPool\"\r\n                      }\r\n                    ],\r\n                    \"loadBalancerInboundNatPools\": [\r\n                      {\r\n                        \"id\": \"/subscriptions/5393f919-a68a-43d0-9063-4b2bda6bffdf/resourceGroups/adetst2rg/providers/Microsoft.Network/loadBalancers/vmssadetst2LB/inboundNatPools/vmssadetst2LBNatPool\"\r\n                      }\r\n                    ]\r\n                  }\r\n                }\r\n              ]\r\n            }\r\n          }\r\n        ]\r\n      },\r\n      \"extensionProfile\": {\r\n        \"extensions\": [\r\n          {\r\n            \"properties\": {\r\n              \"publisher\": \"Microsoft.Azure.Security\",\r\n              \"type\": \"AzureDiskEncryption\",\r\n              \"typeHandlerVersion\": \"2.1\",\r\n              \"autoUpgradeMinorVersion\": true,\r\n              \"settings\": {\r\n                \"KeyVaultURL\": \"https://sureddeuvault.vault.azure.net\",\r\n                \"KeyEncryptionKeyURL\": \"\",\r\n                \"KeyVaultResourceId\": \"/subscriptions/5393f919-a68a-43d0-9063-4b2bda6bffdf/resourceGroups/suredd-rg/providers/Microsoft.KeyVault/vaults/sureddeuvault\",\r\n                \"KekVaultResourceId\": \"\",\r\n                \"KeyEncryptionAlgorithm\": \"\",\r\n                \"VolumeType\": \"ALL\",\r\n                \"EncryptionOperation\": \"EnableEncryption\"\r\n              },\r\n              \"forceUpdateTag\": \"b6158989-6b39-432e-98cc-195614ad78b1\"\r\n            },\r\n            \"name\": \"AzureDiskEncryption\"\r\n          }\r\n        ],\r\n        \"doNotRunOnOverprovisionedVMs\": false\r\n      }\r\n    },\r\n    \"provisioningState\": \"Succeeded\",\r\n    \"overprovision\": true,\r\n    \"uniqueId\": \"4b5c1dc0-7c96-4e6a-94af-80b3a370dd65\"\r\n  },\r\n  \"type\": \"Microsoft.Compute/virtualMachineScaleSets\",\r\n  \"location\": \"EastUS2EUAP\",\r\n  \"tags\": {},\r\n  \"id\": \"/subscriptions/5393f919-a68a-43d0-9063-4b2bda6bffdf/resourceGroups/adetst2rg/providers/Microsoft.Compute/virtualMachineScaleSets/vmssadetst2\",\r\n  \"name\": \"vmssadetst2\"\r\n}",
      "ResponseHeaders": {
        "Content-Length": [
          "3459"
        ],
        "Content-Type": [
          "application/json; charset=utf-8"
        ],
        "Expires": [
          "-1"
        ],
        "Pragma": [
          "no-cache"
        ],
        "x-ms-ratelimit-remaining-resource": [
          "Microsoft.Compute/GetVMScaleSet3Min;245,Microsoft.Compute/GetVMScaleSet30Min;1799"
        ],
        "Strict-Transport-Security": [
          "max-age=31536000; includeSubDomains"
        ],
        "x-ms-served-by": [
          "8d0f4f7b-48be-43af-827a-4b3f1eb25ac6_131665259204262135"
        ],
        "x-ms-request-id": [
          "425e9dd7-a55d-4fb1-956a-034ce05ec72a"
        ],
        "Cache-Control": [
          "no-cache"
        ],
        "Server": [
          "Microsoft-HTTPAPI/2.0",
          "Microsoft-HTTPAPI/2.0"
        ],
        "x-ms-ratelimit-remaining-subscription-reads": [
          "14987"
        ],
        "x-ms-correlation-request-id": [
          "87286a69-8ee1-41f4-b5a2-99d229eb7660"
        ],
        "x-ms-routing-request-id": [
          "WESTUS2:20180328T011342Z:87286a69-8ee1-41f4-b5a2-99d229eb7660"
        ],
        "X-Content-Type-Options": [
          "nosniff"
        ],
        "Date": [
          "Wed, 28 Mar 2018 01:13:41 GMT"
        ]
      },
      "StatusCode": 200
    },
    {
      "RequestUri": "/subscriptions/5393f919-a68a-43d0-9063-4b2bda6bffdf/resourceGroups/adetst2rg/providers/Microsoft.Compute/virtualMachineScaleSets/vmssadetst2/extensions/AzureDiskEncryption?api-version=2017-12-01",
      "EncodedRequestUri": "L3N1YnNjcmlwdGlvbnMvNTM5M2Y5MTktYTY4YS00M2QwLTkwNjMtNGIyYmRhNmJmZmRmL3Jlc291cmNlR3JvdXBzL2FkZXRzdDJyZy9wcm92aWRlcnMvTWljcm9zb2Z0LkNvbXB1dGUvdmlydHVhbE1hY2hpbmVTY2FsZVNldHMvdm1zc2FkZXRzdDIvZXh0ZW5zaW9ucy9BenVyZURpc2tFbmNyeXB0aW9uP2FwaS12ZXJzaW9uPTIwMTctMTItMDE=",
      "RequestMethod": "PUT",
      "RequestBody": "{\r\n  \"name\": \"AzureDiskEncryption\",\r\n  \"properties\": {\r\n    \"publisher\": \"Microsoft.Azure.Security\",\r\n    \"type\": \"AzureDiskEncryption\",\r\n    \"typeHandlerVersion\": \"2.1\",\r\n    \"autoUpgradeMinorVersion\": true,\r\n    \"settings\": {\r\n      \"EncryptionOperation\": \"DisableEncryption\",\r\n      \"VolumeType\": \"All\"\r\n    }\r\n  }\r\n}",
      "RequestHeaders": {
        "Content-Type": [
          "application/json; charset=utf-8"
        ],
        "Content-Length": [
          "320"
        ],
        "x-ms-client-request-id": [
          "0a8170f9-40fb-43e0-a1d2-4fe1ed542b06"
        ],
        "accept-language": [
          "en-US"
        ],
        "User-Agent": [
          "FxVersion/4.7.2633.0",
          "OSName/Windows10Enterprise",
          "OSVersion/6.3.16299",
          "Microsoft.Azure.Management.Compute.ComputeManagementClient/17.5.0.0"
        ]
      },
      "ResponseBody": "{\r\n  \"properties\": {\r\n    \"provisioningState\": \"Creating\",\r\n    \"publisher\": \"Microsoft.Azure.Security\",\r\n    \"type\": \"AzureDiskEncryption\",\r\n    \"typeHandlerVersion\": \"2.1\",\r\n    \"autoUpgradeMinorVersion\": true,\r\n    \"settings\": {\r\n      \"EncryptionOperation\": \"DisableEncryption\",\r\n      \"VolumeType\": \"All\"\r\n    }\r\n  },\r\n  \"type\": \"Microsoft.Compute/virtualMachineScaleSets/extensions\",\r\n  \"name\": \"AzureDiskEncryption\"\r\n}",
      "ResponseHeaders": {
        "Content-Length": [
          "401"
        ],
        "Content-Type": [
          "application/json; charset=utf-8"
        ],
        "Expires": [
          "-1"
        ],
        "Pragma": [
          "no-cache"
        ],
        "Azure-AsyncOperation": [
          "https://management.azure.com/subscriptions/5393f919-a68a-43d0-9063-4b2bda6bffdf/providers/Microsoft.Compute/locations/EastUS2EUAP/operations/62d09705-266c-4770-bbe2-9dcf597b4882?api-version=2017-12-01"
        ],
        "x-ms-ratelimit-remaining-resource": [
          "Microsoft.Compute/VMScaleSetActions3Min;239,Microsoft.Compute/VMScaleSetActions30Min;1199,Microsoft.Compute/VmssQueuedVMOperations;4800"
        ],
        "x-ms-request-charge": [
          "0"
        ],
        "Strict-Transport-Security": [
          "max-age=31536000; includeSubDomains"
        ],
        "x-ms-served-by": [
          "8d0f4f7b-48be-43af-827a-4b3f1eb25ac6_131665259204262135"
        ],
        "x-ms-request-id": [
          "62d09705-266c-4770-bbe2-9dcf597b4882"
        ],
        "Cache-Control": [
          "no-cache"
        ],
        "Server": [
          "Microsoft-HTTPAPI/2.0",
          "Microsoft-HTTPAPI/2.0"
        ],
        "x-ms-ratelimit-remaining-subscription-writes": [
          "1199"
        ],
        "x-ms-correlation-request-id": [
          "ade16c1b-b159-4f66-8f53-7367ab044b6a"
        ],
        "x-ms-routing-request-id": [
          "WESTUS2:20180328T011343Z:ade16c1b-b159-4f66-8f53-7367ab044b6a"
        ],
        "X-Content-Type-Options": [
          "nosniff"
        ],
        "Date": [
          "Wed, 28 Mar 2018 01:13:43 GMT"
        ]
      },
      "StatusCode": 201
    },
    {
      "RequestUri": "/subscriptions/5393f919-a68a-43d0-9063-4b2bda6bffdf/providers/Microsoft.Compute/locations/EastUS2EUAP/operations/62d09705-266c-4770-bbe2-9dcf597b4882?api-version=2017-12-01",
      "EncodedRequestUri": "L3N1YnNjcmlwdGlvbnMvNTM5M2Y5MTktYTY4YS00M2QwLTkwNjMtNGIyYmRhNmJmZmRmL3Byb3ZpZGVycy9NaWNyb3NvZnQuQ29tcHV0ZS9sb2NhdGlvbnMvRWFzdFVTMkVVQVAvb3BlcmF0aW9ucy82MmQwOTcwNS0yNjZjLTQ3NzAtYmJlMi05ZGNmNTk3YjQ4ODI/YXBpLXZlcnNpb249MjAxNy0xMi0wMQ==",
      "RequestMethod": "GET",
      "RequestBody": "",
      "RequestHeaders": {
        "User-Agent": [
          "FxVersion/4.7.2633.0",
          "OSName/Windows10Enterprise",
          "OSVersion/6.3.16299",
          "Microsoft.Azure.Management.Compute.ComputeManagementClient/17.5.0.0"
        ]
      },
      "ResponseBody": "{\r\n  \"startTime\": \"2018-03-27T18:13:43.0792594-07:00\",\r\n  \"endTime\": \"2018-03-27T18:13:43.3136338-07:00\",\r\n  \"status\": \"Succeeded\",\r\n  \"name\": \"62d09705-266c-4770-bbe2-9dcf597b4882\"\r\n}",
      "ResponseHeaders": {
        "Content-Length": [
          "184"
        ],
        "Content-Type": [
          "application/json; charset=utf-8"
        ],
        "Expires": [
          "-1"
        ],
        "Pragma": [
          "no-cache"
        ],
        "x-ms-ratelimit-remaining-resource": [
          "Microsoft.Compute/GetOperation3Min;14998,Microsoft.Compute/GetOperation30Min;29961"
        ],
        "Strict-Transport-Security": [
          "max-age=31536000; includeSubDomains"
        ],
        "x-ms-served-by": [
          "8d0f4f7b-48be-43af-827a-4b3f1eb25ac6_131665259204262135"
        ],
        "x-ms-request-id": [
          "90d0b205-758b-455c-bbf8-a428835dea3f"
        ],
        "Cache-Control": [
          "no-cache"
        ],
        "Server": [
          "Microsoft-HTTPAPI/2.0",
          "Microsoft-HTTPAPI/2.0"
        ],
        "x-ms-ratelimit-remaining-subscription-reads": [
          "14986"
        ],
        "x-ms-correlation-request-id": [
          "6ab82014-21aa-4e1e-b3da-4684b16b022d"
        ],
        "x-ms-routing-request-id": [
          "WESTUS2:20180328T011413Z:6ab82014-21aa-4e1e-b3da-4684b16b022d"
        ],
        "X-Content-Type-Options": [
          "nosniff"
        ],
        "Date": [
          "Wed, 28 Mar 2018 01:14:12 GMT"
        ]
      },
      "StatusCode": 200
    },
    {
      "RequestUri": "/subscriptions/5393f919-a68a-43d0-9063-4b2bda6bffdf/resourceGroups/adetst2rg/providers/Microsoft.Compute/virtualMachineScaleSets/vmssadetst2/extensions/AzureDiskEncryption?api-version=2017-12-01",
      "EncodedRequestUri": "L3N1YnNjcmlwdGlvbnMvNTM5M2Y5MTktYTY4YS00M2QwLTkwNjMtNGIyYmRhNmJmZmRmL3Jlc291cmNlR3JvdXBzL2FkZXRzdDJyZy9wcm92aWRlcnMvTWljcm9zb2Z0LkNvbXB1dGUvdmlydHVhbE1hY2hpbmVTY2FsZVNldHMvdm1zc2FkZXRzdDIvZXh0ZW5zaW9ucy9BenVyZURpc2tFbmNyeXB0aW9uP2FwaS12ZXJzaW9uPTIwMTctMTItMDE=",
      "RequestMethod": "GET",
      "RequestBody": "",
      "RequestHeaders": {
        "User-Agent": [
          "FxVersion/4.7.2633.0",
          "OSName/Windows10Enterprise",
          "OSVersion/6.3.16299",
          "Microsoft.Azure.Management.Compute.ComputeManagementClient/17.5.0.0"
        ]
      },
      "ResponseBody": "{\r\n  \"properties\": {\r\n    \"provisioningState\": \"Succeeded\",\r\n    \"publisher\": \"Microsoft.Azure.Security\",\r\n    \"type\": \"AzureDiskEncryption\",\r\n    \"typeHandlerVersion\": \"2.1\",\r\n    \"autoUpgradeMinorVersion\": true,\r\n    \"settings\": {\r\n      \"EncryptionOperation\": \"DisableEncryption\",\r\n      \"VolumeType\": \"All\"\r\n    },\r\n    \"forceUpdateTag\": \"b6158989-6b39-432e-98cc-195614ad78b1\"\r\n  },\r\n  \"type\": \"Microsoft.Compute/virtualMachineScaleSets/extensions\",\r\n  \"name\": \"AzureDiskEncryption\"\r\n}",
      "ResponseHeaders": {
        "Content-Length": [
          "465"
        ],
        "Content-Type": [
          "application/json; charset=utf-8"
        ],
        "Expires": [
          "-1"
        ],
        "Pragma": [
          "no-cache"
        ],
        "x-ms-ratelimit-remaining-resource": [
          "Microsoft.Compute/LowCostGet3Min;4199,Microsoft.Compute/LowCostGet30Min;33591"
        ],
        "Strict-Transport-Security": [
          "max-age=31536000; includeSubDomains"
        ],
        "x-ms-served-by": [
          "8d0f4f7b-48be-43af-827a-4b3f1eb25ac6_131665259204262135"
        ],
        "x-ms-request-id": [
          "34e88460-055b-4877-b448-3a9ece9475d8"
        ],
        "Cache-Control": [
          "no-cache"
        ],
        "Server": [
          "Microsoft-HTTPAPI/2.0",
          "Microsoft-HTTPAPI/2.0"
        ],
        "x-ms-ratelimit-remaining-subscription-reads": [
          "14985"
        ],
        "x-ms-correlation-request-id": [
          "b9416958-e9b1-45e8-befa-fdca8e1281c1"
        ],
        "x-ms-routing-request-id": [
          "WESTUS2:20180328T011413Z:b9416958-e9b1-45e8-befa-fdca8e1281c1"
        ],
        "X-Content-Type-Options": [
          "nosniff"
        ],
        "Date": [
          "Wed, 28 Mar 2018 01:14:12 GMT"
        ]
      },
      "StatusCode": 200
    }
  ],
  "Names": {},
  "Variables": {
    "SubscriptionId": "5393f919-a68a-43d0-9063-4b2bda6bffdf"
  }
}