{
  "Entries": [
    {
      "RequestUri": "/subscriptions/a6383be3-f0e8-4968-93d5-10f2625f5bb5/providers/Microsoft.OperationalInsights?api-version=2016-02-01",
      "EncodedRequestUri": "L3N1YnNjcmlwdGlvbnMvYTYzODNiZTMtZjBlOC00OTY4LTkzZDUtMTBmMjYyNWY1YmI1L3Byb3ZpZGVycy9NaWNyb3NvZnQuT3BlcmF0aW9uYWxJbnNpZ2h0cz9hcGktdmVyc2lvbj0yMDE2LTAyLTAx",
      "RequestMethod": "GET",
      "RequestBody": "",
      "RequestHeaders": {
        "User-Agent": [
          "Microsoft.Azure.Management.Resources.ResourceManagementClient/2.0.0.0"
        ]
      },
      "ResponseBody": "{\r\n  \"id\": \"/subscriptions/a6383be3-f0e8-4968-93d5-10f2625f5bb5/providers/Microsoft.OperationalInsights\",\r\n  \"namespace\": \"Microsoft.OperationalInsights\",\r\n  \"authorization\": {\r\n    \"applicationId\": \"d2a0a418-0aac-4541-82b2-b3142c89da77\",\r\n    \"roleDefinitionId\": \"86695298-2eb9-48a7-9ec3-2fdb38b6878b\"\r\n  },\r\n  \"resourceTypes\": [\r\n    {\r\n      \"resourceType\": \"workspaces\",\r\n      \"locations\": [\r\n        \"East US\",\r\n        \"West Europe\",\r\n        \"Southeast Asia\",\r\n        \"Australia Southeast\"\r\n      ],\r\n      \"apiVersions\": [\r\n        \"2015-11-01-preview\",\r\n        \"2015-03-20\"\r\n      ],\r\n      \"capabilities\": \"CrossResourceGroupResourceMove, CrossSubscriptionResourceMove\"\r\n    },\r\n    {\r\n      \"resourceType\": \"workspaces/dataSources\",\r\n      \"locations\": [\r\n        \"East US\",\r\n        \"West Europe\",\r\n        \"Southeast Asia\",\r\n        \"Australia Southeast\"\r\n      ],\r\n      \"apiVersions\": [\r\n        \"2015-11-01-preview\"\r\n      ]\r\n    },\r\n    {\r\n      \"resourceType\": \"storageInsightConfigs\",\r\n      \"locations\": [],\r\n      \"apiVersions\": [\r\n        \"2014-10-10\"\r\n      ]\r\n    },\r\n    {\r\n      \"resourceType\": \"linkTargets\",\r\n      \"locations\": [\r\n        \"East US\"\r\n      ],\r\n      \"apiVersions\": [\r\n        \"2015-03-20\",\r\n        \"2014-10-10\"\r\n      ]\r\n    },\r\n    {\r\n      \"resourceType\": \"operations\",\r\n      \"locations\": [],\r\n      \"apiVersions\": [\r\n        \"2014-11-10\"\r\n      ]\r\n    }\r\n  ],\r\n  \"registrationState\": \"Registered\"\r\n}",
      "ResponseHeaders": {
        "Content-Length": [
          "974"
        ],
        "Content-Type": [
          "application/json; charset=utf-8"
        ],
        "Expires": [
          "-1"
        ],
        "Pragma": [
          "no-cache"
        ],
        "x-ms-ratelimit-remaining-subscription-reads": [
          "14990"
        ],
        "x-ms-request-id": [
          "52897323-a525-4973-aa40-00ac7ff3924a"
        ],
        "x-ms-correlation-request-id": [
          "52897323-a525-4973-aa40-00ac7ff3924a"
        ],
        "x-ms-routing-request-id": [
          "WESTUS2:20160801T204859Z:52897323-a525-4973-aa40-00ac7ff3924a"
        ],
        "Strict-Transport-Security": [
          "max-age=31536000; includeSubDomains"
        ],
        "Cache-Control": [
          "no-cache"
        ],
        "Date": [
          "Mon, 01 Aug 2016 20:48:59 GMT"
        ]
      },
      "StatusCode": 200
    },
    {
      "RequestUri": "/subscriptions/a6383be3-f0e8-4968-93d5-10f2625f5bb5/resourcegroups/onesdk7997?api-version=2016-02-01",
      "EncodedRequestUri": "L3N1YnNjcmlwdGlvbnMvYTYzODNiZTMtZjBlOC00OTY4LTkzZDUtMTBmMjYyNWY1YmI1L3Jlc291cmNlZ3JvdXBzL29uZXNkazc5OTc/YXBpLXZlcnNpb249MjAxNi0wMi0wMQ==",
      "RequestMethod": "PUT",
      "RequestBody": "{\r\n  \"location\": \"East US\"\r\n}",
      "RequestHeaders": {
        "Content-Type": [
          "application/json; charset=utf-8"
        ],
        "Content-Length": [
          "29"
        ],
        "User-Agent": [
          "Microsoft.Azure.Management.Resources.ResourceManagementClient/2.0.0.0"
        ]
      },
      "ResponseBody": "{\r\n  \"id\": \"/subscriptions/a6383be3-f0e8-4968-93d5-10f2625f5bb5/resourceGroups/onesdk7997\",\r\n  \"name\": \"onesdk7997\",\r\n  \"location\": \"eastus\",\r\n  \"properties\": {\r\n    \"provisioningState\": \"Succeeded\"\r\n  }\r\n}",
      "ResponseHeaders": {
        "Content-Length": [
          "173"
        ],
        "Content-Type": [
          "application/json; charset=utf-8"
        ],
        "Expires": [
          "-1"
        ],
        "Pragma": [
          "no-cache"
        ],
        "x-ms-ratelimit-remaining-subscription-writes": [
          "1199"
        ],
        "x-ms-request-id": [
          "0b24e86b-eab7-4d56-8ebc-159251de5159"
        ],
        "x-ms-correlation-request-id": [
          "0b24e86b-eab7-4d56-8ebc-159251de5159"
        ],
        "x-ms-routing-request-id": [
          "WESTUS2:20160801T204902Z:0b24e86b-eab7-4d56-8ebc-159251de5159"
        ],
        "Strict-Transport-Security": [
          "max-age=31536000; includeSubDomains"
        ],
        "Cache-Control": [
          "no-cache"
        ],
        "Date": [
          "Mon, 01 Aug 2016 20:49:01 GMT"
        ]
      },
      "StatusCode": 201
    },
    {
      "RequestUri": "/subscriptions/a6383be3-f0e8-4968-93d5-10f2625f5bb5/resourcegroups/onesdk7997/providers/Microsoft.OperationalInsights/workspaces/AzTestonesdk3193?api-version=2015-03-20",
      "EncodedRequestUri": "L3N1YnNjcmlwdGlvbnMvYTYzODNiZTMtZjBlOC00OTY4LTkzZDUtMTBmMjYyNWY1YmI1L3Jlc291cmNlZ3JvdXBzL29uZXNkazc5OTcvcHJvdmlkZXJzL01pY3Jvc29mdC5PcGVyYXRpb25hbEluc2lnaHRzL3dvcmtzcGFjZXMvQXpUZXN0b25lc2RrMzE5Mz9hcGktdmVyc2lvbj0yMDE1LTAzLTIw",
      "RequestMethod": "PUT",
      "RequestBody": "{\r\n  \"properties\": {},\r\n  \"name\": \"AzTestonesdk3193\",\r\n  \"location\": \"East US\",\r\n  \"tags\": {}\r\n}",
      "RequestHeaders": {
        "Content-Type": [
          "application/json"
        ],
        "Content-Length": [
          "96"
        ],
        "x-ms-client-request-id": [
          "ebca88da-2d6b-4c34-a73a-a59b7bce0fac"
        ],
        "User-Agent": [
          "Microsoft.Azure.Management.OperationalInsights.OperationalInsightsManagementClient/0.16.0.0"
        ]
      },
      "ResponseBody": "{\r\n  \"properties\": {\r\n    \"source\": \"Azure\",\r\n    \"customerId\": \"5c5bb9ff-c5db-4bdc-94a4-9ebf124b49bb\",\r\n    \"portalUrl\": \"https://eus.mms.microsoft.com/?tenant=72f988bf-86f1-41af-91ab-2d7cd011db47&resource=%2fsubscriptions%2fa6383be3-f0e8-4968-93d5-10f2625f5bb5%2fresourcegroups%2fonesdk7997%2fproviders%2fmicrosoft.operationalinsights%2fworkspaces%2faztestonesdk3193\",\r\n    \"provisioningState\": \"Creating\",\r\n    \"sku\": {\r\n      \"name\": \"free\"\r\n    }\r\n  },\r\n  \"id\": \"/subscriptions/a6383be3-f0e8-4968-93d5-10f2625f5bb5/resourcegroups/onesdk7997/providers/microsoft.operationalinsights/workspaces/aztestonesdk3193\",\r\n  \"name\": \"AzTestonesdk3193\",\r\n  \"type\": \"Microsoft.OperationalInsights/workspaces\",\r\n  \"location\": \"East US\",\r\n  \"tags\": {}\r\n}",
      "ResponseHeaders": {
        "Content-Length": [
          "744"
        ],
        "Content-Type": [
          "application/json"
        ],
        "Pragma": [
          "no-cache"
        ],
        "x-ms-request-id": [
          "b95666c2-6a09-49e5-a4fd-ad4497f5a75b"
        ],
        "Strict-Transport-Security": [
          "max-age=31536000; includeSubDomains"
        ],
        "Cache-Control": [
          "no-cache"
        ],
        "Server": [
          "Microsoft-IIS/8.5",
          "Microsoft-IIS/8.0"
        ],
        "X-AspNet-Version": [
          "4.0.30319"
        ],
        "X-Powered-By": [
          "ASP.NET",
          "ASP.NET"
        ],
        "X-Content-Type-Options": [
          "nosniff"
        ],
        "x-ms-ratelimit-remaining-subscription-writes": [
          "1199"
        ],
        "x-ms-correlation-request-id": [
          "56d86f2e-d468-43e7-9ea4-734ff983c614"
        ],
        "x-ms-routing-request-id": [
          "WESTUS2:20160801T204906Z:56d86f2e-d468-43e7-9ea4-734ff983c614"
        ],
        "Date": [
          "Mon, 01 Aug 2016 20:49:05 GMT"
        ]
      },
      "StatusCode": 201
    },
    {
      "RequestUri": "/subscriptions/a6383be3-f0e8-4968-93d5-10f2625f5bb5/resourcegroups/onesdk7997/providers/Microsoft.OperationalInsights/workspaces/AzTestonesdk3193?api-version=2015-03-20",
      "EncodedRequestUri": "L3N1YnNjcmlwdGlvbnMvYTYzODNiZTMtZjBlOC00OTY4LTkzZDUtMTBmMjYyNWY1YmI1L3Jlc291cmNlZ3JvdXBzL29uZXNkazc5OTcvcHJvdmlkZXJzL01pY3Jvc29mdC5PcGVyYXRpb25hbEluc2lnaHRzL3dvcmtzcGFjZXMvQXpUZXN0b25lc2RrMzE5Mz9hcGktdmVyc2lvbj0yMDE1LTAzLTIw",
      "RequestMethod": "GET",
      "RequestBody": "",
      "RequestHeaders": {
        "x-ms-client-request-id": [
          "388c6355-e178-4ddb-a333-2df4e6034b12"
        ],
        "x-ms-version": [
          "2015-03-20"
        ],
        "User-Agent": [
          "Microsoft.Azure.Management.OperationalInsights.OperationalInsightsManagementClient/0.16.0.0"
        ]
      },
      "ResponseBody": "{\r\n  \"properties\": {\r\n    \"source\": \"Azure\",\r\n    \"customerId\": \"5c5bb9ff-c5db-4bdc-94a4-9ebf124b49bb\",\r\n    \"portalUrl\": \"https://eus.mms.microsoft.com/?tenant=72f988bf-86f1-41af-91ab-2d7cd011db47&resource=%2fsubscriptions%2fa6383be3-f0e8-4968-93d5-10f2625f5bb5%2fresourcegroups%2fonesdk7997%2fproviders%2fmicrosoft.operationalinsights%2fworkspaces%2faztestonesdk3193\",\r\n    \"provisioningState\": \"Creating\",\r\n    \"sku\": {\r\n      \"name\": \"free\"\r\n    }\r\n  },\r\n  \"id\": \"/subscriptions/a6383be3-f0e8-4968-93d5-10f2625f5bb5/resourcegroups/onesdk7997/providers/microsoft.operationalinsights/workspaces/aztestonesdk3193\",\r\n  \"name\": \"AzTestonesdk3193\",\r\n  \"type\": \"Microsoft.OperationalInsights/workspaces\",\r\n  \"location\": \"East US\",\r\n  \"tags\": {}\r\n}",
      "ResponseHeaders": {
        "Content-Length": [
          "744"
        ],
        "Content-Type": [
          "application/json"
        ],
        "Pragma": [
          "no-cache"
        ],
        "x-ms-request-id": [
          "2e85d5a7-9404-4ac3-8be8-c79da26e0be6"
        ],
        "Strict-Transport-Security": [
          "max-age=31536000; includeSubDomains"
        ],
        "Cache-Control": [
          "no-cache"
        ],
        "Server": [
          "Microsoft-IIS/8.5",
          "Microsoft-IIS/8.0"
        ],
        "X-AspNet-Version": [
          "4.0.30319"
        ],
        "X-Powered-By": [
          "ASP.NET",
          "ASP.NET"
        ],
        "X-Content-Type-Options": [
          "nosniff"
        ],
        "x-ms-ratelimit-remaining-subscription-reads": [
          "14921"
        ],
        "x-ms-correlation-request-id": [
          "a32ba0eb-bdbe-47ff-906d-e3a1dc888f58"
        ],
        "x-ms-routing-request-id": [
          "WESTUS2:20160801T204906Z:a32ba0eb-bdbe-47ff-906d-e3a1dc888f58"
        ],
        "Date": [
          "Mon, 01 Aug 2016 20:49:05 GMT"
        ]
      },
      "StatusCode": 200
    },
    {
      "RequestUri": "/subscriptions/a6383be3-f0e8-4968-93d5-10f2625f5bb5/resourcegroups/onesdk7997/providers/Microsoft.OperationalInsights/workspaces/AzTestonesdk3193?api-version=2015-03-20",
      "EncodedRequestUri": "L3N1YnNjcmlwdGlvbnMvYTYzODNiZTMtZjBlOC00OTY4LTkzZDUtMTBmMjYyNWY1YmI1L3Jlc291cmNlZ3JvdXBzL29uZXNkazc5OTcvcHJvdmlkZXJzL01pY3Jvc29mdC5PcGVyYXRpb25hbEluc2lnaHRzL3dvcmtzcGFjZXMvQXpUZXN0b25lc2RrMzE5Mz9hcGktdmVyc2lvbj0yMDE1LTAzLTIw",
      "RequestMethod": "GET",
      "RequestBody": "",
      "RequestHeaders": {
        "x-ms-client-request-id": [
          "4081d87c-0135-407b-a77c-39bc978c40d0"
        ],
        "x-ms-version": [
          "2015-03-20"
        ],
        "User-Agent": [
          "Microsoft.Azure.Management.OperationalInsights.OperationalInsightsManagementClient/0.16.0.0"
        ]
      },
      "ResponseBody": "{\r\n  \"properties\": {\r\n    \"source\": \"Azure\",\r\n    \"customerId\": \"5c5bb9ff-c5db-4bdc-94a4-9ebf124b49bb\",\r\n    \"portalUrl\": \"https://eus.mms.microsoft.com/?tenant=72f988bf-86f1-41af-91ab-2d7cd011db47&resource=%2fsubscriptions%2fa6383be3-f0e8-4968-93d5-10f2625f5bb5%2fresourcegroups%2fonesdk7997%2fproviders%2fmicrosoft.operationalinsights%2fworkspaces%2faztestonesdk3193\",\r\n    \"provisioningState\": \"ProvisioningAccount\",\r\n    \"sku\": {\r\n      \"name\": \"free\"\r\n    }\r\n  },\r\n  \"id\": \"/subscriptions/a6383be3-f0e8-4968-93d5-10f2625f5bb5/resourcegroups/onesdk7997/providers/microsoft.operationalinsights/workspaces/aztestonesdk3193\",\r\n  \"name\": \"AzTestonesdk3193\",\r\n  \"type\": \"Microsoft.OperationalInsights/workspaces\",\r\n  \"location\": \"East US\",\r\n  \"tags\": {}\r\n}",
      "ResponseHeaders": {
        "Content-Length": [
          "755"
        ],
        "Content-Type": [
          "application/json"
        ],
        "Pragma": [
          "no-cache"
        ],
        "x-ms-request-id": [
          "67514906-c4c3-469b-8274-03cfe8492518"
        ],
        "Strict-Transport-Security": [
          "max-age=31536000; includeSubDomains"
        ],
        "Cache-Control": [
          "no-cache"
        ],
        "Server": [
          "Microsoft-IIS/8.5",
          "Microsoft-IIS/8.0"
        ],
        "X-AspNet-Version": [
          "4.0.30319"
        ],
        "X-Powered-By": [
          "ASP.NET",
          "ASP.NET"
        ],
        "X-Content-Type-Options": [
          "nosniff"
        ],
        "x-ms-ratelimit-remaining-subscription-reads": [
          "14919"
        ],
        "x-ms-correlation-request-id": [
          "68956074-fb9e-4f8c-aa17-5b573585e59f"
        ],
        "x-ms-routing-request-id": [
          "WESTUS2:20160801T204911Z:68956074-fb9e-4f8c-aa17-5b573585e59f"
        ],
        "Date": [
          "Mon, 01 Aug 2016 20:49:11 GMT"
        ]
      },
      "StatusCode": 200
    },
    {
      "RequestUri": "/subscriptions/a6383be3-f0e8-4968-93d5-10f2625f5bb5/resourcegroups/onesdk7997/providers/Microsoft.OperationalInsights/workspaces/AzTestonesdk3193?api-version=2015-03-20",
      "EncodedRequestUri": "L3N1YnNjcmlwdGlvbnMvYTYzODNiZTMtZjBlOC00OTY4LTkzZDUtMTBmMjYyNWY1YmI1L3Jlc291cmNlZ3JvdXBzL29uZXNkazc5OTcvcHJvdmlkZXJzL01pY3Jvc29mdC5PcGVyYXRpb25hbEluc2lnaHRzL3dvcmtzcGFjZXMvQXpUZXN0b25lc2RrMzE5Mz9hcGktdmVyc2lvbj0yMDE1LTAzLTIw",
      "RequestMethod": "GET",
      "RequestBody": "",
      "RequestHeaders": {
        "x-ms-client-request-id": [
          "a47189fa-2786-4454-a6fa-8e78d21cb5c0"
        ],
        "x-ms-version": [
          "2015-03-20"
        ],
        "User-Agent": [
          "Microsoft.Azure.Management.OperationalInsights.OperationalInsightsManagementClient/0.16.0.0"
        ]
      },
      "ResponseBody": "{\r\n  \"properties\": {\r\n    \"source\": \"Azure\",\r\n    \"customerId\": \"5c5bb9ff-c5db-4bdc-94a4-9ebf124b49bb\",\r\n    \"portalUrl\": \"https://eus.mms.microsoft.com/?tenant=72f988bf-86f1-41af-91ab-2d7cd011db47&resource=%2fsubscriptions%2fa6383be3-f0e8-4968-93d5-10f2625f5bb5%2fresourcegroups%2fonesdk7997%2fproviders%2fmicrosoft.operationalinsights%2fworkspaces%2faztestonesdk3193\",\r\n    \"provisioningState\": \"Succeeded\",\r\n    \"sku\": {\r\n      \"name\": \"free\"\r\n    }\r\n  },\r\n  \"id\": \"/subscriptions/a6383be3-f0e8-4968-93d5-10f2625f5bb5/resourcegroups/onesdk7997/providers/microsoft.operationalinsights/workspaces/aztestonesdk3193\",\r\n  \"name\": \"AzTestonesdk3193\",\r\n  \"type\": \"Microsoft.OperationalInsights/workspaces\",\r\n  \"location\": \"East US\",\r\n  \"tags\": {}\r\n}",
      "ResponseHeaders": {
        "Content-Length": [
          "745"
        ],
        "Content-Type": [
          "application/json"
        ],
        "Pragma": [
          "no-cache"
        ],
        "x-ms-request-id": [
          "98f2f96b-a9fd-4ef4-ae75-f31ec67fc3ab"
        ],
        "Strict-Transport-Security": [
          "max-age=31536000; includeSubDomains"
        ],
        "Cache-Control": [
          "no-cache"
        ],
        "Server": [
          "Microsoft-IIS/8.5",
          "Microsoft-IIS/8.0"
        ],
        "X-AspNet-Version": [
          "4.0.30319"
        ],
        "X-Powered-By": [
          "ASP.NET",
          "ASP.NET"
        ],
        "X-Content-Type-Options": [
          "nosniff"
        ],
        "x-ms-ratelimit-remaining-subscription-reads": [
          "14918"
        ],
        "x-ms-correlation-request-id": [
          "a4f045c6-f1fa-48f2-8237-5c7018b35ec7"
        ],
        "x-ms-routing-request-id": [
          "WESTUS2:20160801T204916Z:a4f045c6-f1fa-48f2-8237-5c7018b35ec7"
        ],
        "Date": [
          "Mon, 01 Aug 2016 20:49:16 GMT"
        ]
      },
      "StatusCode": 200
    },
    {
      "RequestUri": "/subscriptions/a6383be3-f0e8-4968-93d5-10f2625f5bb5/resourcegroups/onesdk7997/providers/Microsoft.OperationalInsights/workspaces/AzTestonesdk3193/dataSources/AzTestonesdk498?api-version=2015-11-01-preview",
      "EncodedRequestUri": "L3N1YnNjcmlwdGlvbnMvYTYzODNiZTMtZjBlOC00OTY4LTkzZDUtMTBmMjYyNWY1YmI1L3Jlc291cmNlZ3JvdXBzL29uZXNkazc5OTcvcHJvdmlkZXJzL01pY3Jvc29mdC5PcGVyYXRpb25hbEluc2lnaHRzL3dvcmtzcGFjZXMvQXpUZXN0b25lc2RrMzE5My9kYXRhU291cmNlcy9BelRlc3RvbmVzZGs0OTg/YXBpLXZlcnNpb249MjAxNS0xMS0wMS1wcmV2aWV3",
      "RequestMethod": "GET",
      "RequestBody": "",
      "RequestHeaders": {
        "x-ms-client-request-id": [
          "b2cad6e4-51a5-4cf3-b5d6-f865f389422d"
        ],
        "User-Agent": [
          "Microsoft.Azure.Management.OperationalInsights.OperationalInsightsManagementClient/0.16.0.0"
        ]
      },
      "ResponseBody": "{\r\n  \"error\": {\r\n    \"code\": \"DataSourceNotFound\",\r\n    \"message\": \"DataSource 'AzTestonesdk498' could not be found.\"\r\n  }\r\n}",
      "ResponseHeaders": {
        "Content-Length": [
          "100"
        ],
        "Content-Type": [
          "application/json; charset=utf-8"
        ],
        "Expires": [
          "-1"
        ],
        "Pragma": [
          "no-cache"
        ],
        "Strict-Transport-Security": [
          "max-age=31536000; includeSubDomains"
        ],
        "X-Content-Type-Options": [
          "nosniff"
        ],
        "x-ms-ratelimit-remaining-subscription-reads": [
          "14917"
        ],
        "x-ms-request-id": [
          "94f8179c-da76-470e-aafa-f92860ba2211"
        ],
        "x-ms-correlation-request-id": [
          "94f8179c-da76-470e-aafa-f92860ba2211"
        ],
        "x-ms-routing-request-id": [
          "WESTUS2:20160801T204917Z:94f8179c-da76-470e-aafa-f92860ba2211"
        ],
        "Cache-Control": [
          "no-cache"
        ],
        "Date": [
          "Mon, 01 Aug 2016 20:49:17 GMT"
        ],
        "Server": [
          "Microsoft-IIS/8.5"
        ],
        "X-Powered-By": [
          "ASP.NET"
        ]
      },
      "StatusCode": 404
    },
    {
      "RequestUri": "/subscriptions/a6383be3-f0e8-4968-93d5-10f2625f5bb5/resourcegroups/onesdk7997/providers/Microsoft.OperationalInsights/workspaces/AzTestonesdk3193/dataSources/AzTestonesdk498?api-version=2015-11-01-preview",
      "EncodedRequestUri": "L3N1YnNjcmlwdGlvbnMvYTYzODNiZTMtZjBlOC00OTY4LTkzZDUtMTBmMjYyNWY1YmI1L3Jlc291cmNlZ3JvdXBzL29uZXNkazc5OTcvcHJvdmlkZXJzL01pY3Jvc29mdC5PcGVyYXRpb25hbEluc2lnaHRzL3dvcmtzcGFjZXMvQXpUZXN0b25lc2RrMzE5My9kYXRhU291cmNlcy9BelRlc3RvbmVzZGs0OTg/YXBpLXZlcnNpb249MjAxNS0xMS0wMS1wcmV2aWV3",
      "RequestMethod": "GET",
      "RequestBody": "",
      "RequestHeaders": {
        "x-ms-client-request-id": [
          "e6676fd8-b078-4acd-b19b-2ed6c6cb797e"
        ],
        "User-Agent": [
          "Microsoft.Azure.Management.OperationalInsights.OperationalInsightsManagementClient/0.16.0.0"
        ]
      },
      "ResponseBody": "{\r\n  \"kind\": \"AzureAuditLog\",\r\n  \"properties\": {\r\n    \"linkedResourceId\": \"/subscriptions/0b88dfdb-55b3-4fb0-b474-5b6dcbe6b2ef/providers/microsoft.insights/eventtypes/management\"\r\n  },\r\n  \"id\": \"/subscriptions/a6383be3-f0e8-4968-93d5-10f2625f5bb5/resourceGroups/onesdk7997/providers/Microsoft.OperationalInsights/workspaces/AzTestonesdk3193/datasources/AzTestonesdk498\",\r\n  \"etag\": \"W/\\\"datetime'2016-08-01T20%3A49%3A18.0679053Z'\\\"\",\r\n  \"name\": \"AzTestonesdk498\",\r\n  \"type\": \"Microsoft.OperationalInsights/workspaces/datasources\"\r\n}",
      "ResponseHeaders": {
        "Content-Length": [
          "489"
        ],
        "Content-Type": [
          "application/json; charset=utf-8"
        ],
        "Expires": [
          "-1"
        ],
        "Pragma": [
          "no-cache"
        ],
        "Strict-Transport-Security": [
          "max-age=31536000; includeSubDomains"
        ],
        "X-Content-Type-Options": [
          "nosniff"
        ],
        "x-ms-ratelimit-remaining-subscription-reads": [
          "14916"
        ],
        "x-ms-request-id": [
          "9f9a008a-8ca5-4be1-b831-74f677e61516"
        ],
        "x-ms-correlation-request-id": [
          "9f9a008a-8ca5-4be1-b831-74f677e61516"
        ],
        "x-ms-routing-request-id": [
          "WESTUS2:20160801T204920Z:9f9a008a-8ca5-4be1-b831-74f677e61516"
        ],
        "Cache-Control": [
          "no-cache"
        ],
        "Date": [
          "Mon, 01 Aug 2016 20:49:20 GMT"
        ],
        "Server": [
          "Microsoft-IIS/8.5"
        ],
        "X-Powered-By": [
          "ASP.NET"
        ]
      },
      "StatusCode": 200
    },
    {
      "RequestUri": "/subscriptions/a6383be3-f0e8-4968-93d5-10f2625f5bb5/resourcegroups/onesdk7997/providers/Microsoft.OperationalInsights/workspaces/AzTestonesdk3193/dataSources/AzTestonesdk498?api-version=2015-11-01-preview",
      "EncodedRequestUri": "L3N1YnNjcmlwdGlvbnMvYTYzODNiZTMtZjBlOC00OTY4LTkzZDUtMTBmMjYyNWY1YmI1L3Jlc291cmNlZ3JvdXBzL29uZXNkazc5OTcvcHJvdmlkZXJzL01pY3Jvc29mdC5PcGVyYXRpb25hbEluc2lnaHRzL3dvcmtzcGFjZXMvQXpUZXN0b25lc2RrMzE5My9kYXRhU291cmNlcy9BelRlc3RvbmVzZGs0OTg/YXBpLXZlcnNpb249MjAxNS0xMS0wMS1wcmV2aWV3",
      "RequestMethod": "GET",
      "RequestBody": "",
      "RequestHeaders": {
        "x-ms-client-request-id": [
          "4d40c095-ceb1-446b-8549-08bfc7dcbafb"
        ],
        "User-Agent": [
          "Microsoft.Azure.Management.OperationalInsights.OperationalInsightsManagementClient/0.16.0.0"
        ]
      },
      "ResponseBody": "{\r\n  \"kind\": \"AzureAuditLog\",\r\n  \"properties\": {\r\n    \"linkedResourceId\": \"/subscriptions/0b88dfdb-55b3-4fb0-b474-5b6dcbe6b2ef/providers/microsoft.insights/eventtypes/management\"\r\n  },\r\n  \"id\": \"/subscriptions/a6383be3-f0e8-4968-93d5-10f2625f5bb5/resourceGroups/onesdk7997/providers/Microsoft.OperationalInsights/workspaces/AzTestonesdk3193/datasources/AzTestonesdk498\",\r\n  \"etag\": \"W/\\\"datetime'2016-08-01T20%3A49%3A18.0679053Z'\\\"\",\r\n  \"name\": \"AzTestonesdk498\",\r\n  \"type\": \"Microsoft.OperationalInsights/workspaces/datasources\"\r\n}",
      "ResponseHeaders": {
        "Content-Length": [
          "489"
        ],
        "Content-Type": [
          "application/json; charset=utf-8"
        ],
        "Expires": [
          "-1"
        ],
        "Pragma": [
          "no-cache"
        ],
        "Strict-Transport-Security": [
          "max-age=31536000; includeSubDomains"
        ],
        "X-Content-Type-Options": [
          "nosniff"
        ],
        "x-ms-ratelimit-remaining-subscription-reads": [
          "14910"
        ],
        "x-ms-request-id": [
          "1c226b9a-7033-4a02-b76f-b94d388d5473"
        ],
        "x-ms-correlation-request-id": [
          "1c226b9a-7033-4a02-b76f-b94d388d5473"
        ],
        "x-ms-routing-request-id": [
          "WESTUS2:20160801T204924Z:1c226b9a-7033-4a02-b76f-b94d388d5473"
        ],
        "Cache-Control": [
          "no-cache"
        ],
        "Date": [
          "Mon, 01 Aug 2016 20:49:24 GMT"
        ],
        "Server": [
          "Microsoft-IIS/8.5"
        ],
        "X-Powered-By": [
          "ASP.NET"
        ]
      },
      "StatusCode": 200
    },
    {
      "RequestUri": "/subscriptions/a6383be3-f0e8-4968-93d5-10f2625f5bb5/resourcegroups/onesdk7997/providers/Microsoft.OperationalInsights/workspaces/AzTestonesdk3193/dataSources/AzTestonesdk498?api-version=2015-11-01-preview",
      "EncodedRequestUri": "L3N1YnNjcmlwdGlvbnMvYTYzODNiZTMtZjBlOC00OTY4LTkzZDUtMTBmMjYyNWY1YmI1L3Jlc291cmNlZ3JvdXBzL29uZXNkazc5OTcvcHJvdmlkZXJzL01pY3Jvc29mdC5PcGVyYXRpb25hbEluc2lnaHRzL3dvcmtzcGFjZXMvQXpUZXN0b25lc2RrMzE5My9kYXRhU291cmNlcy9BelRlc3RvbmVzZGs0OTg/YXBpLXZlcnNpb249MjAxNS0xMS0wMS1wcmV2aWV3",
      "RequestMethod": "GET",
      "RequestBody": "",
      "RequestHeaders": {
        "x-ms-client-request-id": [
          "620322de-8adc-4d74-ac9d-9405b03e0533"
        ],
        "User-Agent": [
          "Microsoft.Azure.Management.OperationalInsights.OperationalInsightsManagementClient/0.16.0.0"
        ]
      },
      "ResponseBody": "{\r\n  \"error\": {\r\n    \"code\": \"DataSourceNotFound\",\r\n    \"message\": \"DataSource 'AzTestonesdk498' could not be found.\"\r\n  }\r\n}",
      "ResponseHeaders": {
        "Content-Length": [
          "100"
        ],
        "Content-Type": [
          "application/json; charset=utf-8"
        ],
        "Expires": [
          "-1"
        ],
        "Pragma": [
          "no-cache"
        ],
        "Strict-Transport-Security": [
          "max-age=31536000; includeSubDomains"
        ],
        "X-Content-Type-Options": [
          "nosniff"
        ],
        "x-ms-ratelimit-remaining-subscription-reads": [
          "14909"
        ],
        "x-ms-request-id": [
          "e04bd758-be91-4a04-8f5f-9e0fd775754b"
        ],
        "x-ms-correlation-request-id": [
          "e04bd758-be91-4a04-8f5f-9e0fd775754b"
        ],
        "x-ms-routing-request-id": [
          "WESTUS2:20160801T204926Z:e04bd758-be91-4a04-8f5f-9e0fd775754b"
        ],
        "Cache-Control": [
          "no-cache"
        ],
        "Date": [
          "Mon, 01 Aug 2016 20:49:26 GMT"
        ],
        "Server": [
          "Microsoft-IIS/8.5"
        ],
        "X-Powered-By": [
          "ASP.NET"
        ]
      },
      "StatusCode": 404
    },
    {
      "RequestUri": "/subscriptions/a6383be3-f0e8-4968-93d5-10f2625f5bb5/resourcegroups/onesdk7997/providers/Microsoft.OperationalInsights/workspaces/AzTestonesdk3193/dataSources/AzTestonesdk498?api-version=2015-11-01-preview",
      "EncodedRequestUri": "L3N1YnNjcmlwdGlvbnMvYTYzODNiZTMtZjBlOC00OTY4LTkzZDUtMTBmMjYyNWY1YmI1L3Jlc291cmNlZ3JvdXBzL29uZXNkazc5OTcvcHJvdmlkZXJzL01pY3Jvc29mdC5PcGVyYXRpb25hbEluc2lnaHRzL3dvcmtzcGFjZXMvQXpUZXN0b25lc2RrMzE5My9kYXRhU291cmNlcy9BelRlc3RvbmVzZGs0OTg/YXBpLXZlcnNpb249MjAxNS0xMS0wMS1wcmV2aWV3",
      "RequestMethod": "PUT",
      "RequestBody": "{\r\n  \"properties\": {\r\n    \"linkedResourceId\": \"/subscriptions/0b88dfdb-55b3-4fb0-b474-5b6dcbe6b2ef/providers/microsoft.insights/eventtypes/management\"\r\n  },\r\n  \"name\": \"AzTestonesdk498\",\r\n  \"kind\": \"AzureAuditLog\"\r\n}",
      "RequestHeaders": {
        "Content-Type": [
          "application/json"
        ],
        "Content-Length": [
          "216"
        ],
        "x-ms-client-request-id": [
          "d032b5eb-098c-49be-a3ea-26a40f3df370"
        ],
        "User-Agent": [
          "Microsoft.Azure.Management.OperationalInsights.OperationalInsightsManagementClient/0.16.0.0"
        ]
      },
      "ResponseBody": "{\r\n  \"kind\": \"AzureAuditLog\",\r\n  \"properties\": {\r\n    \"linkedResourceId\": \"/subscriptions/0b88dfdb-55b3-4fb0-b474-5b6dcbe6b2ef/providers/microsoft.insights/eventtypes/management\"\r\n  },\r\n  \"id\": \"/subscriptions/a6383be3-f0e8-4968-93d5-10f2625f5bb5/resourceGroups/onesdk7997/providers/Microsoft.OperationalInsights/workspaces/AzTestonesdk3193/datasources/AzTestonesdk498\",\r\n  \"etag\": \"W/\\\"datetime'2016-08-01T20%3A49%3A18.0679053Z'\\\"\",\r\n  \"name\": \"AzTestonesdk498\",\r\n  \"type\": \"Microsoft.OperationalInsights/workspaces/datasources\"\r\n}",
      "ResponseHeaders": {
        "Content-Length": [
          "489"
        ],
        "Content-Type": [
          "application/json; charset=utf-8"
        ],
        "Expires": [
          "-1"
        ],
        "Pragma": [
          "no-cache"
        ],
        "Strict-Transport-Security": [
          "max-age=31536000; includeSubDomains"
        ],
        "X-Content-Type-Options": [
          "nosniff"
        ],
        "x-ms-ratelimit-remaining-subscription-writes": [
          "1198"
        ],
        "x-ms-request-id": [
          "236d5fd1-f4dc-45b4-8493-bd503e891c60"
        ],
        "x-ms-correlation-request-id": [
          "236d5fd1-f4dc-45b4-8493-bd503e891c60"
        ],
        "x-ms-routing-request-id": [
          "WESTUS2:20160801T204920Z:236d5fd1-f4dc-45b4-8493-bd503e891c60"
        ],
        "Cache-Control": [
          "no-cache"
        ],
        "Date": [
          "Mon, 01 Aug 2016 20:49:20 GMT"
        ],
        "Server": [
          "Microsoft-IIS/8.5"
        ],
        "X-Powered-By": [
          "ASP.NET"
        ]
      },
      "StatusCode": 200
    },
    {
      "RequestUri": "/subscriptions/a6383be3-f0e8-4968-93d5-10f2625f5bb5/resourcegroups/onesdk7997/providers/Microsoft.OperationalInsights/workspaces/AzTestonesdk3193/dataSources/AzTestonesdk498?api-version=2015-11-01-preview",
      "EncodedRequestUri": "L3N1YnNjcmlwdGlvbnMvYTYzODNiZTMtZjBlOC00OTY4LTkzZDUtMTBmMjYyNWY1YmI1L3Jlc291cmNlZ3JvdXBzL29uZXNkazc5OTcvcHJvdmlkZXJzL01pY3Jvc29mdC5PcGVyYXRpb25hbEluc2lnaHRzL3dvcmtzcGFjZXMvQXpUZXN0b25lc2RrMzE5My9kYXRhU291cmNlcy9BelRlc3RvbmVzZGs0OTg/YXBpLXZlcnNpb249MjAxNS0xMS0wMS1wcmV2aWV3",
      "RequestMethod": "PUT",
      "RequestBody": "{\r\n  \"properties\": {\r\n    \"linkedResourceId\": \"/subscriptions/bc8edd8f-a09f-499d-978d-6b5ed2f84852/providers/microsoft.insights/eventtypes/management\"\r\n  },\r\n  \"name\": \"AzTestonesdk498\",\r\n  \"kind\": \"AzureAuditLog\"\r\n}",
      "RequestHeaders": {
        "Content-Type": [
          "application/json"
        ],
        "Content-Length": [
          "216"
        ],
        "x-ms-client-request-id": [
          "0e60d550-7cd0-4dc3-a65b-5f40840479a1"
        ],
        "User-Agent": [
          "Microsoft.Azure.Management.OperationalInsights.OperationalInsightsManagementClient/0.16.0.0"
        ]
      },
      "ResponseBody": "{\r\n  \"kind\": \"AzureAuditLog\",\r\n  \"properties\": {\r\n    \"linkedResourceId\": \"/subscriptions/bc8edd8f-a09f-499d-978d-6b5ed2f84852/providers/microsoft.insights/eventtypes/management\"\r\n  },\r\n  \"id\": \"/subscriptions/a6383be3-f0e8-4968-93d5-10f2625f5bb5/resourceGroups/onesdk7997/providers/Microsoft.OperationalInsights/workspaces/AzTestonesdk3193/datasources/AzTestonesdk498\",\r\n  \"etag\": \"W/\\\"datetime'2016-08-01T20%3A49%3A24.0759926Z'\\\"\",\r\n  \"name\": \"AzTestonesdk498\",\r\n  \"type\": \"Microsoft.OperationalInsights/workspaces/datasources\"\r\n}",
      "ResponseHeaders": {
        "Content-Length": [
          "489"
        ],
        "Content-Type": [
          "application/json; charset=utf-8"
        ],
        "Expires": [
          "-1"
        ],
        "Pragma": [
          "no-cache"
        ],
        "Strict-Transport-Security": [
          "max-age=31536000; includeSubDomains"
        ],
        "X-Content-Type-Options": [
          "nosniff"
        ],
        "x-ms-ratelimit-remaining-subscription-writes": [
          "1195"
        ],
        "x-ms-request-id": [
          "2cb14bbf-c95f-4b6e-bdc0-ee37899260af"
        ],
        "x-ms-correlation-request-id": [
          "2cb14bbf-c95f-4b6e-bdc0-ee37899260af"
        ],
        "x-ms-routing-request-id": [
          "WESTUS2:20160801T204925Z:2cb14bbf-c95f-4b6e-bdc0-ee37899260af"
        ],
        "Cache-Control": [
          "no-cache"
        ],
        "Date": [
          "Mon, 01 Aug 2016 20:49:24 GMT"
        ],
        "Server": [
          "Microsoft-IIS/8.5"
        ],
        "X-Powered-By": [
          "ASP.NET"
        ]
      },
      "StatusCode": 200
    },
    {
      "RequestUri": "/subscriptions/a6383be3-f0e8-4968-93d5-10f2625f5bb5/resourcegroups/onesdk7997/providers/Microsoft.OperationalInsights/workspaces/AzTestonesdk3193/dataSources/AzTestonesdk7611?api-version=2015-11-01-preview",
      "EncodedRequestUri": "L3N1YnNjcmlwdGlvbnMvYTYzODNiZTMtZjBlOC00OTY4LTkzZDUtMTBmMjYyNWY1YmI1L3Jlc291cmNlZ3JvdXBzL29uZXNkazc5OTcvcHJvdmlkZXJzL01pY3Jvc29mdC5PcGVyYXRpb25hbEluc2lnaHRzL3dvcmtzcGFjZXMvQXpUZXN0b25lc2RrMzE5My9kYXRhU291cmNlcy9BelRlc3RvbmVzZGs3NjExP2FwaS12ZXJzaW9uPTIwMTUtMTEtMDEtcHJldmlldw==",
      "RequestMethod": "GET",
      "RequestBody": "",
      "RequestHeaders": {
        "x-ms-client-request-id": [
          "c6bdd0c3-f096-4348-be4f-1c3ad3f08a0c"
        ],
        "User-Agent": [
          "Microsoft.Azure.Management.OperationalInsights.OperationalInsightsManagementClient/0.16.0.0"
        ]
      },
      "ResponseBody": "{\r\n  \"error\": {\r\n    \"code\": \"DataSourceNotFound\",\r\n    \"message\": \"DataSource 'AzTestonesdk7611' could not be found.\"\r\n  }\r\n}",
      "ResponseHeaders": {
        "Content-Length": [
          "101"
        ],
        "Content-Type": [
          "application/json; charset=utf-8"
        ],
        "Expires": [
          "-1"
        ],
        "Pragma": [
          "no-cache"
        ],
        "Strict-Transport-Security": [
          "max-age=31536000; includeSubDomains"
        ],
        "X-Content-Type-Options": [
          "nosniff"
        ],
        "x-ms-ratelimit-remaining-subscription-reads": [
          "14915"
        ],
        "x-ms-request-id": [
          "adc30739-5e1c-4987-acf2-a8ee86475090"
        ],
        "x-ms-correlation-request-id": [
          "adc30739-5e1c-4987-acf2-a8ee86475090"
        ],
        "x-ms-routing-request-id": [
          "WESTUS2:20160801T204920Z:adc30739-5e1c-4987-acf2-a8ee86475090"
        ],
        "Cache-Control": [
          "no-cache"
        ],
        "Date": [
          "Mon, 01 Aug 2016 20:49:20 GMT"
        ],
        "Server": [
          "Microsoft-IIS/8.5"
        ],
        "X-Powered-By": [
          "ASP.NET"
        ]
      },
      "StatusCode": 404
    },
    {
      "RequestUri": "/subscriptions/a6383be3-f0e8-4968-93d5-10f2625f5bb5/resourcegroups/onesdk7997/providers/Microsoft.OperationalInsights/workspaces/AzTestonesdk3193/dataSources/AzTestonesdk7611?api-version=2015-11-01-preview",
      "EncodedRequestUri": "L3N1YnNjcmlwdGlvbnMvYTYzODNiZTMtZjBlOC00OTY4LTkzZDUtMTBmMjYyNWY1YmI1L3Jlc291cmNlZ3JvdXBzL29uZXNkazc5OTcvcHJvdmlkZXJzL01pY3Jvc29mdC5PcGVyYXRpb25hbEluc2lnaHRzL3dvcmtzcGFjZXMvQXpUZXN0b25lc2RrMzE5My9kYXRhU291cmNlcy9BelRlc3RvbmVzZGs3NjExP2FwaS12ZXJzaW9uPTIwMTUtMTEtMDEtcHJldmlldw==",
      "RequestMethod": "GET",
      "RequestBody": "",
      "RequestHeaders": {
        "x-ms-client-request-id": [
          "72c743fe-a962-49c8-b954-63ef4568eaaa"
        ],
        "User-Agent": [
          "Microsoft.Azure.Management.OperationalInsights.OperationalInsightsManagementClient/0.16.0.0"
        ]
      },
      "ResponseBody": "{\r\n  \"error\": {\r\n    \"code\": \"DataSourceNotFound\",\r\n    \"message\": \"DataSource 'AzTestonesdk7611' could not be found.\"\r\n  }\r\n}",
      "ResponseHeaders": {
        "Content-Length": [
          "101"
        ],
        "Content-Type": [
          "application/json; charset=utf-8"
        ],
        "Expires": [
          "-1"
        ],
        "Pragma": [
          "no-cache"
        ],
        "Strict-Transport-Security": [
          "max-age=31536000; includeSubDomains"
        ],
        "X-Content-Type-Options": [
          "nosniff"
        ],
        "x-ms-ratelimit-remaining-subscription-reads": [
          "14912"
        ],
        "x-ms-request-id": [
          "ef3ecebd-b8c0-4db6-bf1d-59addd1f3071"
        ],
        "x-ms-correlation-request-id": [
          "ef3ecebd-b8c0-4db6-bf1d-59addd1f3071"
        ],
        "x-ms-routing-request-id": [
          "WESTUS2:20160801T204923Z:ef3ecebd-b8c0-4db6-bf1d-59addd1f3071"
        ],
        "Cache-Control": [
          "no-cache"
        ],
        "Date": [
          "Mon, 01 Aug 2016 20:49:23 GMT"
        ],
        "Server": [
          "Microsoft-IIS/8.5"
        ],
        "X-Powered-By": [
          "ASP.NET"
        ]
      },
      "StatusCode": 404
    },
    {
      "RequestUri": "/subscriptions/a6383be3-f0e8-4968-93d5-10f2625f5bb5/resourcegroups/onesdk7997/providers/Microsoft.OperationalInsights/workspaces/AzTestonesdk3193/dataSources/AzTestonesdk7611?api-version=2015-11-01-preview",
      "EncodedRequestUri": "L3N1YnNjcmlwdGlvbnMvYTYzODNiZTMtZjBlOC00OTY4LTkzZDUtMTBmMjYyNWY1YmI1L3Jlc291cmNlZ3JvdXBzL29uZXNkazc5OTcvcHJvdmlkZXJzL01pY3Jvc29mdC5PcGVyYXRpb25hbEluc2lnaHRzL3dvcmtzcGFjZXMvQXpUZXN0b25lc2RrMzE5My9kYXRhU291cmNlcy9BelRlc3RvbmVzZGs3NjExP2FwaS12ZXJzaW9uPTIwMTUtMTEtMDEtcHJldmlldw==",
      "RequestMethod": "PUT",
      "RequestBody": "{\r\n  \"properties\": {\r\n    \"linkedResourceId\": \"/subscriptions/bc8edd8f-a09f-499d-978d-6b5ed2f84852/providers/microsoft.insights/eventtypes/management\"\r\n  },\r\n  \"name\": \"AzTestonesdk7611\",\r\n  \"kind\": \"AzureAuditLog\"\r\n}",
      "RequestHeaders": {
        "Content-Type": [
          "application/json"
        ],
        "Content-Length": [
          "217"
        ],
        "x-ms-client-request-id": [
          "7a8c6d6d-40ab-47e3-9282-3faf4fba0101"
        ],
        "User-Agent": [
          "Microsoft.Azure.Management.OperationalInsights.OperationalInsightsManagementClient/0.16.0.0"
        ]
      },
      "ResponseBody": "{\r\n  \"kind\": \"AzureAuditLog\",\r\n  \"properties\": {\r\n    \"linkedResourceId\": \"/subscriptions/bc8edd8f-a09f-499d-978d-6b5ed2f84852/providers/microsoft.insights/eventtypes/management\"\r\n  },\r\n  \"id\": \"/subscriptions/a6383be3-f0e8-4968-93d5-10f2625f5bb5/resourceGroups/onesdk7997/providers/Microsoft.OperationalInsights/workspaces/AzTestonesdk3193/datasources/AzTestonesdk7611\",\r\n  \"etag\": \"W/\\\"datetime'2016-08-01T20%3A49%3A20.4831331Z'\\\"\",\r\n  \"name\": \"AzTestonesdk7611\",\r\n  \"type\": \"Microsoft.OperationalInsights/workspaces/datasources\"\r\n}",
      "ResponseHeaders": {
        "Content-Length": [
          "491"
        ],
        "Content-Type": [
          "application/json; charset=utf-8"
        ],
        "Expires": [
          "-1"
        ],
        "Pragma": [
          "no-cache"
        ],
        "Strict-Transport-Security": [
          "max-age=31536000; includeSubDomains"
        ],
        "X-Content-Type-Options": [
          "nosniff"
        ],
        "x-ms-ratelimit-remaining-subscription-writes": [
          "1197"
        ],
        "x-ms-request-id": [
          "838899fa-46ee-4c17-b4f3-5f4faf7c3c84"
        ],
        "x-ms-correlation-request-id": [
          "838899fa-46ee-4c17-b4f3-5f4faf7c3c84"
        ],
        "x-ms-routing-request-id": [
          "WESTUS2:20160801T204921Z:838899fa-46ee-4c17-b4f3-5f4faf7c3c84"
        ],
        "Cache-Control": [
          "no-cache"
        ],
        "Date": [
          "Mon, 01 Aug 2016 20:49:21 GMT"
        ],
        "Server": [
          "Microsoft-IIS/8.5"
        ],
        "X-Powered-By": [
          "ASP.NET"
        ]
      },
      "StatusCode": 200
    },
    {
      "RequestUri": "/subscriptions/a6383be3-f0e8-4968-93d5-10f2625f5bb5/resourcegroups/onesdk7997/providers/Microsoft.OperationalInsights/workspaces/AzTestonesdk3193/dataSources?$filter=kind+eq+'AzureAuditLog'&$skiptoken=&api-version=2015-11-01-preview",
      "EncodedRequestUri": "L3N1YnNjcmlwdGlvbnMvYTYzODNiZTMtZjBlOC00OTY4LTkzZDUtMTBmMjYyNWY1YmI1L3Jlc291cmNlZ3JvdXBzL29uZXNkazc5OTcvcHJvdmlkZXJzL01pY3Jvc29mdC5PcGVyYXRpb25hbEluc2lnaHRzL3dvcmtzcGFjZXMvQXpUZXN0b25lc2RrMzE5My9kYXRhU291cmNlcz8kZmlsdGVyPWtpbmQrZXErJ0F6dXJlQXVkaXRMb2cnJiRza2lwdG9rZW49JmFwaS12ZXJzaW9uPTIwMTUtMTEtMDEtcHJldmlldw==",
      "RequestMethod": "GET",
      "RequestBody": "",
      "RequestHeaders": {
        "x-ms-client-request-id": [
          "55fc3787-3f92-4b89-be0a-145bbcfdcc78"
        ],
        "User-Agent": [
          "Microsoft.Azure.Management.OperationalInsights.OperationalInsightsManagementClient/0.16.0.0"
        ]
      },
      "ResponseBody": "{\r\n  \"value\": [\r\n    {\r\n      \"kind\": \"AzureAuditLog\",\r\n      \"properties\": {\r\n        \"linkedResourceId\": \"/subscriptions/0b88dfdb-55b3-4fb0-b474-5b6dcbe6b2ef/providers/microsoft.insights/eventtypes/management\"\r\n      },\r\n      \"id\": \"/subscriptions/a6383be3-f0e8-4968-93d5-10f2625f5bb5/resourceGroups/onesdk7997/providers/Microsoft.OperationalInsights/workspaces/AzTestonesdk3193/datasources/AzTestonesdk498\",\r\n      \"etag\": \"W/\\\"datetime'2016-08-01T20%3A49%3A18.0679053Z'\\\"\",\r\n      \"name\": \"AzTestonesdk498\",\r\n      \"type\": \"Microsoft.OperationalInsights/workspaces/datasources\"\r\n    },\r\n    {\r\n      \"kind\": \"AzureAuditLog\",\r\n      \"properties\": {\r\n        \"linkedResourceId\": \"/subscriptions/bc8edd8f-a09f-499d-978d-6b5ed2f84852/providers/microsoft.insights/eventtypes/management\"\r\n      },\r\n      \"id\": \"/subscriptions/a6383be3-f0e8-4968-93d5-10f2625f5bb5/resourceGroups/onesdk7997/providers/Microsoft.OperationalInsights/workspaces/AzTestonesdk3193/datasources/AzTestonesdk7611\",\r\n      \"etag\": \"W/\\\"datetime'2016-08-01T20%3A49%3A20.4831331Z'\\\"\",\r\n      \"name\": \"AzTestonesdk7611\",\r\n      \"type\": \"Microsoft.OperationalInsights/workspaces/datasources\"\r\n    }\r\n  ]\r\n}",
      "ResponseHeaders": {
        "Content-Length": [
          "993"
        ],
        "Content-Type": [
          "application/json; charset=utf-8"
        ],
        "Expires": [
          "-1"
        ],
        "Pragma": [
          "no-cache"
        ],
        "Strict-Transport-Security": [
          "max-age=31536000; includeSubDomains"
        ],
        "X-Content-Type-Options": [
          "nosniff"
        ],
        "x-ms-ratelimit-remaining-subscription-reads": [
          "14914"
        ],
        "x-ms-request-id": [
          "66441684-fbee-4f6c-8a53-126907c83c9b"
        ],
        "x-ms-correlation-request-id": [
          "66441684-fbee-4f6c-8a53-126907c83c9b"
        ],
        "x-ms-routing-request-id": [
          "WESTUS2:20160801T204922Z:66441684-fbee-4f6c-8a53-126907c83c9b"
        ],
        "Cache-Control": [
          "no-cache"
        ],
        "Date": [
          "Mon, 01 Aug 2016 20:49:22 GMT"
        ],
        "Server": [
          "Microsoft-IIS/8.5"
        ],
        "X-Powered-By": [
          "ASP.NET"
        ]
      },
      "StatusCode": 200
    },
    {
      "RequestUri": "/subscriptions/a6383be3-f0e8-4968-93d5-10f2625f5bb5/resourcegroups/onesdk7997/providers/Microsoft.OperationalInsights/workspaces/AzTestonesdk3193/dataSources?$filter=kind+eq+'AzureAuditLog'&$skiptoken=&api-version=2015-11-01-preview",
      "EncodedRequestUri": "L3N1YnNjcmlwdGlvbnMvYTYzODNiZTMtZjBlOC00OTY4LTkzZDUtMTBmMjYyNWY1YmI1L3Jlc291cmNlZ3JvdXBzL29uZXNkazc5OTcvcHJvdmlkZXJzL01pY3Jvc29mdC5PcGVyYXRpb25hbEluc2lnaHRzL3dvcmtzcGFjZXMvQXpUZXN0b25lc2RrMzE5My9kYXRhU291cmNlcz8kZmlsdGVyPWtpbmQrZXErJ0F6dXJlQXVkaXRMb2cnJiRza2lwdG9rZW49JmFwaS12ZXJzaW9uPTIwMTUtMTEtMDEtcHJldmlldw==",
      "RequestMethod": "GET",
      "RequestBody": "",
      "RequestHeaders": {
        "x-ms-client-request-id": [
          "e2e3f0ad-c040-4894-ac71-6272efe6464d"
        ],
        "User-Agent": [
          "Microsoft.Azure.Management.OperationalInsights.OperationalInsightsManagementClient/0.16.0.0"
        ]
      },
      "ResponseBody": "{\r\n  \"value\": [\r\n    {\r\n      \"kind\": \"AzureAuditLog\",\r\n      \"properties\": {\r\n        \"linkedResourceId\": \"/subscriptions/0b88dfdb-55b3-4fb0-b474-5b6dcbe6b2ef/providers/microsoft.insights/eventtypes/management\"\r\n      },\r\n      \"id\": \"/subscriptions/a6383be3-f0e8-4968-93d5-10f2625f5bb5/resourceGroups/onesdk7997/providers/Microsoft.OperationalInsights/workspaces/AzTestonesdk3193/datasources/AzTestonesdk498\",\r\n      \"etag\": \"W/\\\"datetime'2016-08-01T20%3A49%3A18.0679053Z'\\\"\",\r\n      \"name\": \"AzTestonesdk498\",\r\n      \"type\": \"Microsoft.OperationalInsights/workspaces/datasources\"\r\n    },\r\n    {\r\n      \"kind\": \"AzureAuditLog\",\r\n      \"properties\": {\r\n        \"linkedResourceId\": \"/subscriptions/bc8edd8f-a09f-499d-978d-6b5ed2f84852/providers/microsoft.insights/eventtypes/management\"\r\n      },\r\n      \"id\": \"/subscriptions/a6383be3-f0e8-4968-93d5-10f2625f5bb5/resourceGroups/onesdk7997/providers/Microsoft.OperationalInsights/workspaces/AzTestonesdk3193/datasources/AzTestonesdk7611\",\r\n      \"etag\": \"W/\\\"datetime'2016-08-01T20%3A49%3A20.4831331Z'\\\"\",\r\n      \"name\": \"AzTestonesdk7611\",\r\n      \"type\": \"Microsoft.OperationalInsights/workspaces/datasources\"\r\n    }\r\n  ]\r\n}",
      "ResponseHeaders": {
        "Content-Length": [
          "993"
        ],
        "Content-Type": [
          "application/json; charset=utf-8"
        ],
        "Expires": [
          "-1"
        ],
        "Pragma": [
          "no-cache"
        ],
        "Strict-Transport-Security": [
          "max-age=31536000; includeSubDomains"
        ],
        "X-Content-Type-Options": [
          "nosniff"
        ],
        "x-ms-ratelimit-remaining-subscription-reads": [
          "14913"
        ],
        "x-ms-request-id": [
          "e7b832d9-c8c9-4b24-b2d3-83952a7d0d83"
        ],
        "x-ms-correlation-request-id": [
          "e7b832d9-c8c9-4b24-b2d3-83952a7d0d83"
        ],
        "x-ms-routing-request-id": [
          "WESTUS2:20160801T204922Z:e7b832d9-c8c9-4b24-b2d3-83952a7d0d83"
        ],
        "Cache-Control": [
          "no-cache"
        ],
        "Date": [
          "Mon, 01 Aug 2016 20:49:22 GMT"
        ],
        "Server": [
          "Microsoft-IIS/8.5"
        ],
        "X-Powered-By": [
          "ASP.NET"
        ]
      },
      "StatusCode": 200
    },
    {
      "RequestUri": "/subscriptions/a6383be3-f0e8-4968-93d5-10f2625f5bb5/resourcegroups/onesdk7997/providers/Microsoft.OperationalInsights/workspaces/AzTestonesdk3193/dataSources?$filter=kind+eq+'AzureAuditLog'&$skiptoken=&api-version=2015-11-01-preview",
      "EncodedRequestUri": "L3N1YnNjcmlwdGlvbnMvYTYzODNiZTMtZjBlOC00OTY4LTkzZDUtMTBmMjYyNWY1YmI1L3Jlc291cmNlZ3JvdXBzL29uZXNkazc5OTcvcHJvdmlkZXJzL01pY3Jvc29mdC5PcGVyYXRpb25hbEluc2lnaHRzL3dvcmtzcGFjZXMvQXpUZXN0b25lc2RrMzE5My9kYXRhU291cmNlcz8kZmlsdGVyPWtpbmQrZXErJ0F6dXJlQXVkaXRMb2cnJiRza2lwdG9rZW49JmFwaS12ZXJzaW9uPTIwMTUtMTEtMDEtcHJldmlldw==",
      "RequestMethod": "GET",
      "RequestBody": "",
      "RequestHeaders": {
        "x-ms-client-request-id": [
          "06053c9e-e032-4a0d-9fb1-880f4d2e2486"
        ],
        "User-Agent": [
          "Microsoft.Azure.Management.OperationalInsights.OperationalInsightsManagementClient/0.16.0.0"
        ]
      },
      "ResponseBody": "{\r\n  \"value\": [\r\n    {\r\n      \"kind\": \"AzureAuditLog\",\r\n      \"properties\": {\r\n        \"linkedResourceId\": \"/subscriptions/0b88dfdb-55b3-4fb0-b474-5b6dcbe6b2ef/providers/microsoft.insights/eventtypes/management\"\r\n      },\r\n      \"id\": \"/subscriptions/a6383be3-f0e8-4968-93d5-10f2625f5bb5/resourceGroups/onesdk7997/providers/Microsoft.OperationalInsights/workspaces/AzTestonesdk3193/datasources/AzTestonesdk498\",\r\n      \"etag\": \"W/\\\"datetime'2016-08-01T20%3A49%3A18.0679053Z'\\\"\",\r\n      \"name\": \"AzTestonesdk498\",\r\n      \"type\": \"Microsoft.OperationalInsights/workspaces/datasources\"\r\n    }\r\n  ]\r\n}",
      "ResponseHeaders": {
        "Content-Length": [
          "501"
        ],
        "Content-Type": [
          "application/json; charset=utf-8"
        ],
        "Expires": [
          "-1"
        ],
        "Pragma": [
          "no-cache"
        ],
        "Strict-Transport-Security": [
          "max-age=31536000; includeSubDomains"
        ],
        "X-Content-Type-Options": [
          "nosniff"
        ],
        "x-ms-ratelimit-remaining-subscription-reads": [
          "14911"
        ],
        "x-ms-request-id": [
          "e028d7d6-2665-45a4-8097-957305d2a33e"
        ],
        "x-ms-correlation-request-id": [
          "e028d7d6-2665-45a4-8097-957305d2a33e"
        ],
        "x-ms-routing-request-id": [
          "WESTUS2:20160801T204924Z:e028d7d6-2665-45a4-8097-957305d2a33e"
        ],
        "Cache-Control": [
          "no-cache"
        ],
        "Date": [
          "Mon, 01 Aug 2016 20:49:23 GMT"
        ],
        "Server": [
          "Microsoft-IIS/8.5"
        ],
        "X-Powered-By": [
          "ASP.NET"
        ]
      },
      "StatusCode": 200
    },
    {
      "RequestUri": "/subscriptions/a6383be3-f0e8-4968-93d5-10f2625f5bb5/resourcegroups/onesdk7997/providers/Microsoft.OperationalInsights/workspaces/AzTestonesdk3193/dataSources?$filter=kind+eq+'AzureAuditLog'&$skiptoken=&api-version=2015-11-01-preview",
      "EncodedRequestUri": "L3N1YnNjcmlwdGlvbnMvYTYzODNiZTMtZjBlOC00OTY4LTkzZDUtMTBmMjYyNWY1YmI1L3Jlc291cmNlZ3JvdXBzL29uZXNkazc5OTcvcHJvdmlkZXJzL01pY3Jvc29mdC5PcGVyYXRpb25hbEluc2lnaHRzL3dvcmtzcGFjZXMvQXpUZXN0b25lc2RrMzE5My9kYXRhU291cmNlcz8kZmlsdGVyPWtpbmQrZXErJ0F6dXJlQXVkaXRMb2cnJiRza2lwdG9rZW49JmFwaS12ZXJzaW9uPTIwMTUtMTEtMDEtcHJldmlldw==",
      "RequestMethod": "GET",
      "RequestBody": "",
      "RequestHeaders": {
        "x-ms-client-request-id": [
          "5669673f-b1c9-4654-8398-7d3ba5f48602"
        ],
        "User-Agent": [
          "Microsoft.Azure.Management.OperationalInsights.OperationalInsightsManagementClient/0.16.0.0"
        ]
      },
      "ResponseBody": "{\r\n  \"value\": []\r\n}",
      "ResponseHeaders": {
        "Content-Length": [
          "12"
        ],
        "Content-Type": [
          "application/json; charset=utf-8"
        ],
        "Expires": [
          "-1"
        ],
        "Pragma": [
          "no-cache"
        ],
        "Strict-Transport-Security": [
          "max-age=31536000; includeSubDomains"
        ],
        "X-Content-Type-Options": [
          "nosniff"
        ],
        "x-ms-ratelimit-remaining-subscription-reads": [
          "14908"
        ],
        "x-ms-request-id": [
          "543b65f2-41d3-4a9a-8638-8cc85e1a0f25"
        ],
        "x-ms-correlation-request-id": [
          "543b65f2-41d3-4a9a-8638-8cc85e1a0f25"
        ],
        "x-ms-routing-request-id": [
          "WESTUS2:20160801T204926Z:543b65f2-41d3-4a9a-8638-8cc85e1a0f25"
        ],
        "Cache-Control": [
          "no-cache"
        ],
        "Date": [
          "Mon, 01 Aug 2016 20:49:26 GMT"
        ],
        "Server": [
          "Microsoft-IIS/8.5"
        ],
        "X-Powered-By": [
          "ASP.NET"
        ]
      },
      "StatusCode": 200
    },
    {
      "RequestUri": "/subscriptions/a6383be3-f0e8-4968-93d5-10f2625f5bb5/resourcegroups/onesdk7997/providers/Microsoft.OperationalInsights/workspaces/AzTestonesdk3193/dataSources/AzTestonesdk7611?api-version=2015-11-01-preview",
      "EncodedRequestUri": "L3N1YnNjcmlwdGlvbnMvYTYzODNiZTMtZjBlOC00OTY4LTkzZDUtMTBmMjYyNWY1YmI1L3Jlc291cmNlZ3JvdXBzL29uZXNkazc5OTcvcHJvdmlkZXJzL01pY3Jvc29mdC5PcGVyYXRpb25hbEluc2lnaHRzL3dvcmtzcGFjZXMvQXpUZXN0b25lc2RrMzE5My9kYXRhU291cmNlcy9BelRlc3RvbmVzZGs3NjExP2FwaS12ZXJzaW9uPTIwMTUtMTEtMDEtcHJldmlldw==",
      "RequestMethod": "DELETE",
      "RequestBody": "",
      "RequestHeaders": {
        "x-ms-client-request-id": [
          "dd9c6501-3265-4c5a-b532-377bf2f8bee1"
        ],
        "User-Agent": [
          "Microsoft.Azure.Management.OperationalInsights.OperationalInsightsManagementClient/0.16.0.0"
        ]
      },
      "ResponseBody": "",
      "ResponseHeaders": {
        "Content-Length": [
          "0"
        ],
        "Expires": [
          "-1"
        ],
        "Pragma": [
          "no-cache"
        ],
        "Strict-Transport-Security": [
          "max-age=31536000; includeSubDomains"
        ],
        "X-Content-Type-Options": [
          "nosniff"
        ],
        "x-ms-ratelimit-remaining-subscription-writes": [
          "1196"
        ],
        "x-ms-request-id": [
          "403b77ec-ee21-47ec-8e0b-519fd0520ea7"
        ],
        "x-ms-correlation-request-id": [
          "403b77ec-ee21-47ec-8e0b-519fd0520ea7"
        ],
        "x-ms-routing-request-id": [
          "WESTUS2:20160801T204923Z:403b77ec-ee21-47ec-8e0b-519fd0520ea7"
        ],
        "Cache-Control": [
          "no-cache"
        ],
        "Date": [
          "Mon, 01 Aug 2016 20:49:23 GMT"
        ],
        "Server": [
          "Microsoft-IIS/8.5"
        ],
        "X-Powered-By": [
          "ASP.NET"
        ]
      },
      "StatusCode": 200
    },
    {
      "RequestUri": "/subscriptions/a6383be3-f0e8-4968-93d5-10f2625f5bb5/resourcegroups/onesdk7997/providers/Microsoft.OperationalInsights/workspaces/AzTestonesdk3193/dataSources/AzTestonesdk498?api-version=2015-11-01-preview",
      "EncodedRequestUri": "L3N1YnNjcmlwdGlvbnMvYTYzODNiZTMtZjBlOC00OTY4LTkzZDUtMTBmMjYyNWY1YmI1L3Jlc291cmNlZ3JvdXBzL29uZXNkazc5OTcvcHJvdmlkZXJzL01pY3Jvc29mdC5PcGVyYXRpb25hbEluc2lnaHRzL3dvcmtzcGFjZXMvQXpUZXN0b25lc2RrMzE5My9kYXRhU291cmNlcy9BelRlc3RvbmVzZGs0OTg/YXBpLXZlcnNpb249MjAxNS0xMS0wMS1wcmV2aWV3",
      "RequestMethod": "DELETE",
      "RequestBody": "",
      "RequestHeaders": {
        "x-ms-client-request-id": [
          "5e9f7bb8-fc19-422f-b4b6-9c56e3472a93"
        ],
        "User-Agent": [
          "Microsoft.Azure.Management.OperationalInsights.OperationalInsightsManagementClient/0.16.0.0"
        ]
      },
      "ResponseBody": "",
      "ResponseHeaders": {
        "Content-Length": [
          "0"
        ],
        "Expires": [
          "-1"
        ],
        "Pragma": [
          "no-cache"
        ],
        "Strict-Transport-Security": [
          "max-age=31536000; includeSubDomains"
        ],
        "X-Content-Type-Options": [
          "nosniff"
        ],
        "x-ms-ratelimit-remaining-subscription-writes": [
          "1194"
        ],
        "x-ms-request-id": [
          "afe92a05-bde6-4919-88f7-91159c02ab1e"
        ],
        "x-ms-correlation-request-id": [
          "afe92a05-bde6-4919-88f7-91159c02ab1e"
        ],
        "x-ms-routing-request-id": [
          "WESTUS2:20160801T204926Z:afe92a05-bde6-4919-88f7-91159c02ab1e"
        ],
        "Cache-Control": [
          "no-cache"
        ],
        "Date": [
          "Mon, 01 Aug 2016 20:49:25 GMT"
        ],
        "Server": [
          "Microsoft-IIS/8.5"
        ],
        "X-Powered-By": [
          "ASP.NET"
        ]
      },
      "StatusCode": 200
    }
  ],
  "Names": {
    "Test-DataSourceCreateUpdateDelete": [
      "onesdk3193",
      "onesdk498",
      "onesdk7997",
      "onesdk7611"
    ]
  },
  "Variables": {
    "SubscriptionId": "a6383be3-f0e8-4968-93d5-10f2625f5bb5"
  }
}