{
  "Entries": [
    {
      "RequestUri": "/subscriptions/f9b96b36-1f5e-4021-8959-51527e26e6d3/resourcegroups/pstestrg3365?api-version=2016-09-01",
      "EncodedRequestUri": "L3N1YnNjcmlwdGlvbnMvZjliOTZiMzYtMWY1ZS00MDIxLTg5NTktNTE1MjdlMjZlNmQzL3Jlc291cmNlZ3JvdXBzL3BzdGVzdHJnMzM2NT9hcGktdmVyc2lvbj0yMDE2LTA5LTAx",
      "RequestMethod": "PUT",
      "RequestHeaders": {
        "x-ms-client-request-id": [
          "a6942dec-c392-4653-86f1-2c37162ea2b5"
        ],
        "Accept-Language": [
          "en-US"
        ],
        "User-Agent": [
          "FxVersion/4.700.22.47601",
          "OSName/Windows",
          "OSVersion/Microsoft.Windows.10.0.22621",
          "Microsoft.Azure.Management.Internal.Resources.ResourceManagementClient/1.3.63"
        ],
        "Content-Type": [
          "application/json; charset=utf-8"
        ],
        "Content-Length": [
          "36"
        ]
      },
      "RequestBody": "{\r\n  \"location\": \"SOUTHCENTRALUS\"\r\n}",
      "ResponseHeaders": {
        "Cache-Control": [
          "no-cache"
        ],
        "Pragma": [
          "no-cache"
        ],
        "x-ms-ratelimit-remaining-subscription-writes": [
          "1199"
        ],
        "x-ms-request-id": [
          "cd729554-96b5-451d-9d1e-282bd3ceeb9d"
        ],
        "x-ms-correlation-request-id": [
          "cd729554-96b5-451d-9d1e-282bd3ceeb9d"
        ],
        "x-ms-routing-request-id": [
          "WESTUS2:20221019T190718Z:cd729554-96b5-451d-9d1e-282bd3ceeb9d"
        ],
        "Strict-Transport-Security": [
          "max-age=31536000; includeSubDomains"
        ],
        "X-Content-Type-Options": [
          "nosniff"
        ],
        "Date": [
          "Wed, 19 Oct 2022 19:07:17 GMT"
        ],
        "Content-Length": [
          "185"
        ],
        "Content-Type": [
          "application/json; charset=utf-8"
        ],
        "Expires": [
          "-1"
        ]
      },
      "ResponseBody": "{\r\n  \"id\": \"/subscriptions/f9b96b36-1f5e-4021-8959-51527e26e6d3/resourceGroups/pstestrg3365\",\r\n  \"name\": \"pstestrg3365\",\r\n  \"location\": \"southcentralus\",\r\n  \"properties\": {\r\n    \"provisioningState\": \"Succeeded\"\r\n  }\r\n}",
      "StatusCode": 201
    },
    {
      "RequestUri": "/subscriptions/f9b96b36-1f5e-4021-8959-51527e26e6d3/resourceGroups/pstestrg3365/providers/Microsoft.CognitiveServices/accounts/csapstestrg3365?api-version=2022-10-01",
      "EncodedRequestUri": "L3N1YnNjcmlwdGlvbnMvZjliOTZiMzYtMWY1ZS00MDIxLTg5NTktNTE1MjdlMjZlNmQzL3Jlc291cmNlR3JvdXBzL3BzdGVzdHJnMzM2NS9wcm92aWRlcnMvTWljcm9zb2Z0LkNvZ25pdGl2ZVNlcnZpY2VzL2FjY291bnRzL2NzYXBzdGVzdHJnMzM2NT9hcGktdmVyc2lvbj0yMDIyLTEwLTAx",
      "RequestMethod": "PUT",
      "RequestHeaders": {
        "x-ms-client-request-id": [
          "217e7265-90ad-4a8d-ab96-734af5902ba9"
        ],
        "Accept-Language": [
          "en-US"
        ],
        "User-Agent": [
          "FxVersion/4.700.22.47601",
          "OSName/Windows",
          "OSVersion/Microsoft.Windows.10.0.22621",
          "Microsoft.Azure.Management.CognitiveServices.CognitiveServicesManagementClient/8.4.0.0"
        ],
        "Content-Type": [
          "application/json; charset=utf-8"
        ],
        "Content-Length": [
          "202"
        ]
      },
      "RequestBody": "{\r\n  \"kind\": \"TextAnalytics\",\r\n  \"sku\": {\r\n    \"name\": \"S0\"\r\n  },\r\n  \"location\": \"SOUTHCENTRALUS\",\r\n  \"properties\": {\r\n    \"customSubDomainName\": \"csapstestrg3365\",\r\n    \"disableLocalAuth\": true\r\n  }\r\n}",
      "ResponseHeaders": {
        "Cache-Control": [
          "no-cache"
        ],
        "Pragma": [
          "no-cache"
        ],
        "ETag": [
          "\"090081bd-0000-0500-0000-63504aea0000\""
        ],
        "X-Content-Type-Options": [
          "nosniff"
        ],
        "x-ms-request-id": [
          "494fce42-721b-423d-8790-2c06f9ec7661"
        ],
        "azure-asyncoperation": [
          "https://management.azure.com/subscriptions/f9b96b36-1f5e-4021-8959-51527e26e6d3/providers/Microsoft.CognitiveServices/locations/SOUTHCENTRALUS/operationResults/1f309164-776d-478e-bb79-cb2b1a278d72?api-version=2017-04-18"
        ],
        "x-envoy-upstream-service-time": [
          "1803"
        ],
        "Server": [
          "istio-envoy"
        ],
        "x-ms-ratelimit-remaining-subscription-writes": [
          "1199"
        ],
        "x-ms-correlation-request-id": [
          "45357629-45fe-4e90-9538-333bd60f2263"
        ],
        "x-ms-routing-request-id": [
          "WESTUS2:20221019T190723Z:45357629-45fe-4e90-9538-333bd60f2263"
        ],
        "Strict-Transport-Security": [
          "max-age=31536000; includeSubDomains"
        ],
        "Date": [
          "Wed, 19 Oct 2022 19:07:22 GMT"
        ],
        "Content-Length": [
          "2819"
        ],
        "Content-Type": [
          "application/json; charset=utf-8"
        ],
        "Expires": [
          "-1"
        ]
      },
      "ResponseBody": "{\r\n  \"id\": \"/subscriptions/f9b96b36-1f5e-4021-8959-51527e26e6d3/resourceGroups/pstestrg3365/providers/Microsoft.CognitiveServices/accounts/csapstestrg3365\",\r\n  \"name\": \"csapstestrg3365\",\r\n  \"type\": \"Microsoft.CognitiveServices/accounts\",\r\n  \"etag\": \"\\\"090081bd-0000-0500-0000-63504aea0000\\\"\",\r\n  \"location\": \"SOUTHCENTRALUS\",\r\n  \"sku\": {\r\n    \"name\": \"S0\"\r\n  },\r\n  \"kind\": \"TextAnalytics\",\r\n  \"properties\": {\r\n    \"endpoint\": \"https://csapstestrg3365.cognitiveservices.azure.com/\",\r\n    \"internalId\": \"f2292bd295174c598afd14252e06a19a\",\r\n    \"dateCreated\": \"2022-10-19T19:07:21.7754755Z\",\r\n    \"apiProperties\": {\r\n      \"qnaAzureSearchEndpointKey\": null\r\n    },\r\n    \"isMigrated\": false,\r\n    \"customSubDomainName\": \"csapstestrg3365\",\r\n    \"privateEndpointConnections\": [],\r\n    \"publicNetworkAccess\": \"Enabled\",\r\n    \"capabilities\": [\r\n      {\r\n        \"name\": \"VirtualNetworks\"\r\n      },\r\n      {\r\n        \"name\": \"CustomerManagedKey\"\r\n      },\r\n      {\r\n        \"name\": \"Container\",\r\n        \"value\": \"TextAnalytics.*,TextAnalytics.Healthcare,TextAnalytics.HealthcareFhir,TextAnalytics.Keyphrase,TextAnalytics.KeyphraseV2,TextAnalytics.KeyPhraseONNX,TextAnalytics.LanguageFastText,TextAnalytics.Language,TextAnalytics.LanguageV2,TextAnalytics.Sentiment,TextAnalytics.SentimentV2,TextAnalytics.SentimentV3,TextAnalytics.SentimentV3Preview\"\r\n      },\r\n      {\r\n        \"name\": \"Cloud\",\r\n        \"value\": \"QuestionAnswer.AllApis,LanguageService.QuestionAnsweringApis\"\r\n      }\r\n    ],\r\n    \"disableLocalAuth\": true,\r\n    \"endpoints\": {\r\n      \"Text Analytics\": \"https://csapstestrg3365.cognitiveservices.azure.com/\",\r\n      \"Custom Text Authoring\": \"https://csapstestrg3365.cognitiveservices.azure.com/\",\r\n      \"Conversational Language Understanding Authoring\": \"https://csapstestrg3365.cognitiveservices.azure.com/\",\r\n      \"Custom Question Answering Authoring\": \"https://csapstestrg3365.cognitiveservices.azure.com/\",\r\n      \"Custom Question Answering\": \"https://csapstestrg3365.cognitiveservices.azure.com/\",\r\n      \"ConversationalLURuntime\": \"https://csapstestrg3365.cognitiveservices.azure.com/\",\r\n      \"Language\": \"https://csapstestrg3365.cognitiveservices.azure.com/\",\r\n      \"Language-2022-05-01\": \"https://csapstestrg3365.cognitiveservices.azure.com/\",\r\n      \"QnAMaker\": \"https://csapstestrg3365.cognitiveservices.azure.com/\",\r\n      \"turing\": \"https://csapstestrg3365.cognitiveservices.azure.com/\",\r\n      \"Turing DeepWrite\": \"https://csapstestrg3365.cognitiveservices.azure.com/\",\r\n      \"QuestionAnswering\": \"https://csapstestrg3365.cognitiveservices.azure.com/\",\r\n      \"QuestionAnsweringBizQA\": \"https://csapstestrg3365.cognitiveservices.azure.com/\",\r\n      \"QuestionAnsweringQnAGen\": \"https://csapstestrg3365.cognitiveservices.azure.com/\",\r\n      \"QuestionAnswering Generate\": \"https://csapstestrg3365.cognitiveservices.azure.com/\",\r\n      \"LUIS.Authoring\": \"https://csapstestrg3365.cognitiveservices.azure.com/\"\r\n    },\r\n    \"provisioningState\": \"Creating\"\r\n  },\r\n  \"systemData\": {\r\n    \"createdBy\": \"50841d5f-166a-406c-8472-6800c9698b43\",\r\n    \"createdByType\": \"Application\",\r\n    \"createdAt\": \"2022-10-19T19:07:20.8778783Z\",\r\n    \"lastModifiedBy\": \"50841d5f-166a-406c-8472-6800c9698b43\",\r\n    \"lastModifiedByType\": \"Application\",\r\n    \"lastModifiedAt\": \"2022-10-19T19:07:20.8778783Z\"\r\n  }\r\n}",
      "StatusCode": 201
    },
    {
      "RequestUri": "/subscriptions/f9b96b36-1f5e-4021-8959-51527e26e6d3/providers/Microsoft.CognitiveServices/locations/SOUTHCENTRALUS/operationResults/1f309164-776d-478e-bb79-cb2b1a278d72?api-version=2017-04-18",
      "EncodedRequestUri": "L3N1YnNjcmlwdGlvbnMvZjliOTZiMzYtMWY1ZS00MDIxLTg5NTktNTE1MjdlMjZlNmQzL3Byb3ZpZGVycy9NaWNyb3NvZnQuQ29nbml0aXZlU2VydmljZXMvbG9jYXRpb25zL1NPVVRIQ0VOVFJBTFVTL29wZXJhdGlvblJlc3VsdHMvMWYzMDkxNjQtNzc2ZC00NzhlLWJiNzktY2IyYjFhMjc4ZDcyP2FwaS12ZXJzaW9uPTIwMTctMDQtMTg=",
      "RequestMethod": "GET",
      "RequestHeaders": {
        "x-ms-client-request-id": [
          "217e7265-90ad-4a8d-ab96-734af5902ba9"
        ],
        "User-Agent": [
          "FxVersion/4.700.22.47601",
          "OSName/Windows",
          "OSVersion/Microsoft.Windows.10.0.22621",
          "Microsoft.Azure.Management.CognitiveServices.CognitiveServicesManagementClient/8.4.0.0"
        ]
      },
      "RequestBody": "",
      "ResponseHeaders": {
        "Cache-Control": [
          "no-cache"
        ],
        "Pragma": [
          "no-cache"
        ],
        "X-Content-Type-Options": [
          "nosniff"
        ],
        "x-ms-request-id": [
          "a01593c6-f8d3-4bb0-90d2-3e05dae76eb1"
        ],
        "x-envoy-upstream-service-time": [
          "9"
        ],
        "Server": [
          "istio-envoy"
        ],
        "x-ms-ratelimit-remaining-subscription-reads": [
          "11999"
        ],
        "x-ms-correlation-request-id": [
          "f40cfd7f-914e-4246-9dab-ced375d96cba"
        ],
        "x-ms-routing-request-id": [
          "WESTUS2:20221019T190753Z:f40cfd7f-914e-4246-9dab-ced375d96cba"
        ],
        "Strict-Transport-Security": [
          "max-age=31536000; includeSubDomains"
        ],
        "Date": [
          "Wed, 19 Oct 2022 19:07:52 GMT"
        ],
        "Content-Length": [
          "278"
        ],
        "Content-Type": [
          "application/json; charset=utf-8"
        ],
        "Expires": [
          "-1"
        ]
      },
      "ResponseBody": "{\r\n  \"id\": \"/subscriptions/f9b96b36-1f5e-4021-8959-51527e26e6d3/providers/Microsoft.CognitiveServices/locations/SOUTHCENTRALUS/operationResults/1f309164-776d-478e-bb79-cb2b1a278d72\",\r\n  \"name\": \"1f309164-776d-478e-bb79-cb2b1a278d72\",\r\n  \"status\": \"Creating\",\r\n  \"startTime\": \"2022-10-19T19:07:22Z\"\r\n}",
      "StatusCode": 200
    },
    {
      "RequestUri": "/subscriptions/f9b96b36-1f5e-4021-8959-51527e26e6d3/providers/Microsoft.CognitiveServices/locations/SOUTHCENTRALUS/operationResults/1f309164-776d-478e-bb79-cb2b1a278d72?api-version=2017-04-18",
      "EncodedRequestUri": "L3N1YnNjcmlwdGlvbnMvZjliOTZiMzYtMWY1ZS00MDIxLTg5NTktNTE1MjdlMjZlNmQzL3Byb3ZpZGVycy9NaWNyb3NvZnQuQ29nbml0aXZlU2VydmljZXMvbG9jYXRpb25zL1NPVVRIQ0VOVFJBTFVTL29wZXJhdGlvblJlc3VsdHMvMWYzMDkxNjQtNzc2ZC00NzhlLWJiNzktY2IyYjFhMjc4ZDcyP2FwaS12ZXJzaW9uPTIwMTctMDQtMTg=",
      "RequestMethod": "GET",
      "RequestHeaders": {
        "x-ms-client-request-id": [
          "217e7265-90ad-4a8d-ab96-734af5902ba9"
        ],
        "User-Agent": [
          "FxVersion/4.700.22.47601",
          "OSName/Windows",
          "OSVersion/Microsoft.Windows.10.0.22621",
          "Microsoft.Azure.Management.CognitiveServices.CognitiveServicesManagementClient/8.4.0.0"
        ]
      },
      "RequestBody": "",
      "ResponseHeaders": {
        "Cache-Control": [
          "no-cache"
        ],
        "Pragma": [
          "no-cache"
        ],
        "X-Content-Type-Options": [
          "nosniff"
        ],
        "x-ms-request-id": [
          "3c8cdd56-2754-43c5-9165-80ed6c2fa115"
        ],
        "x-envoy-upstream-service-time": [
          "9"
        ],
        "Server": [
          "istio-envoy"
        ],
        "x-ms-ratelimit-remaining-subscription-reads": [
          "11998"
        ],
        "x-ms-correlation-request-id": [
          "86c6cc74-0cfc-4deb-b873-01b00dcafb1e"
        ],
        "x-ms-routing-request-id": [
          "WESTUS2:20221019T190823Z:86c6cc74-0cfc-4deb-b873-01b00dcafb1e"
        ],
        "Strict-Transport-Security": [
          "max-age=31536000; includeSubDomains"
        ],
        "Date": [
          "Wed, 19 Oct 2022 19:08:23 GMT"
        ],
        "Content-Length": [
          "312"
        ],
        "Content-Type": [
          "application/json; charset=utf-8"
        ],
        "Expires": [
          "-1"
        ]
      },
      "ResponseBody": "{\r\n  \"id\": \"/subscriptions/f9b96b36-1f5e-4021-8959-51527e26e6d3/providers/Microsoft.CognitiveServices/locations/SOUTHCENTRALUS/operationResults/1f309164-776d-478e-bb79-cb2b1a278d72\",\r\n  \"name\": \"1f309164-776d-478e-bb79-cb2b1a278d72\",\r\n  \"status\": \"Succeeded\",\r\n  \"startTime\": \"2022-10-19T19:07:22Z\",\r\n  \"endTime\": \"2022-10-19T19:07:55Z\"\r\n}",
      "StatusCode": 200
    },
    {
      "RequestUri": "/subscriptions/f9b96b36-1f5e-4021-8959-51527e26e6d3/resourceGroups/pstestrg3365/providers/Microsoft.CognitiveServices/accounts/csapstestrg3365?api-version=2022-10-01",
      "EncodedRequestUri": "L3N1YnNjcmlwdGlvbnMvZjliOTZiMzYtMWY1ZS00MDIxLTg5NTktNTE1MjdlMjZlNmQzL3Jlc291cmNlR3JvdXBzL3BzdGVzdHJnMzM2NS9wcm92aWRlcnMvTWljcm9zb2Z0LkNvZ25pdGl2ZVNlcnZpY2VzL2FjY291bnRzL2NzYXBzdGVzdHJnMzM2NT9hcGktdmVyc2lvbj0yMDIyLTEwLTAx",
      "RequestMethod": "GET",
      "RequestHeaders": {
        "x-ms-client-request-id": [
          "217e7265-90ad-4a8d-ab96-734af5902ba9"
        ],
        "User-Agent": [
          "FxVersion/4.700.22.47601",
          "OSName/Windows",
          "OSVersion/Microsoft.Windows.10.0.22621",
          "Microsoft.Azure.Management.CognitiveServices.CognitiveServicesManagementClient/8.4.0.0"
        ]
      },
      "RequestBody": "",
      "ResponseHeaders": {
        "Cache-Control": [
          "no-cache"
        ],
        "Pragma": [
          "no-cache"
        ],
        "ETag": [
          "\"0900b4be-0000-0500-0000-63504b0b0000\""
        ],
        "X-Content-Type-Options": [
          "nosniff"
        ],
        "x-ms-request-id": [
          "ea9a909a-addb-4bb8-857e-3b9354adb866"
        ],
        "x-envoy-upstream-service-time": [
          "8"
        ],
        "Server": [
          "istio-envoy"
        ],
        "x-ms-ratelimit-remaining-subscription-reads": [
          "11997"
        ],
        "x-ms-correlation-request-id": [
          "8d2d987f-faef-4a83-8729-b1dcc579b5b0"
        ],
        "x-ms-routing-request-id": [
          "WESTUS2:20221019T190823Z:8d2d987f-faef-4a83-8729-b1dcc579b5b0"
        ],
        "Strict-Transport-Security": [
          "max-age=31536000; includeSubDomains"
        ],
        "Date": [
          "Wed, 19 Oct 2022 19:08:23 GMT"
        ],
        "Content-Length": [
          "2820"
        ],
        "Content-Type": [
          "application/json; charset=utf-8"
        ],
        "Expires": [
          "-1"
        ]
      },
      "ResponseBody": "{\r\n  \"id\": \"/subscriptions/f9b96b36-1f5e-4021-8959-51527e26e6d3/resourceGroups/pstestrg3365/providers/Microsoft.CognitiveServices/accounts/csapstestrg3365\",\r\n  \"name\": \"csapstestrg3365\",\r\n  \"type\": \"Microsoft.CognitiveServices/accounts\",\r\n  \"etag\": \"\\\"0900b4be-0000-0500-0000-63504b0b0000\\\"\",\r\n  \"location\": \"SOUTHCENTRALUS\",\r\n  \"sku\": {\r\n    \"name\": \"S0\"\r\n  },\r\n  \"kind\": \"TextAnalytics\",\r\n  \"properties\": {\r\n    \"endpoint\": \"https://csapstestrg3365.cognitiveservices.azure.com/\",\r\n    \"internalId\": \"f2292bd295174c598afd14252e06a19a\",\r\n    \"dateCreated\": \"2022-10-19T19:07:21.7754755Z\",\r\n    \"apiProperties\": {\r\n      \"qnaAzureSearchEndpointKey\": null\r\n    },\r\n    \"isMigrated\": false,\r\n    \"customSubDomainName\": \"csapstestrg3365\",\r\n    \"privateEndpointConnections\": [],\r\n    \"publicNetworkAccess\": \"Enabled\",\r\n    \"capabilities\": [\r\n      {\r\n        \"name\": \"VirtualNetworks\"\r\n      },\r\n      {\r\n        \"name\": \"CustomerManagedKey\"\r\n      },\r\n      {\r\n        \"name\": \"Container\",\r\n        \"value\": \"TextAnalytics.*,TextAnalytics.Healthcare,TextAnalytics.HealthcareFhir,TextAnalytics.Keyphrase,TextAnalytics.KeyphraseV2,TextAnalytics.KeyPhraseONNX,TextAnalytics.LanguageFastText,TextAnalytics.Language,TextAnalytics.LanguageV2,TextAnalytics.Sentiment,TextAnalytics.SentimentV2,TextAnalytics.SentimentV3,TextAnalytics.SentimentV3Preview\"\r\n      },\r\n      {\r\n        \"name\": \"Cloud\",\r\n        \"value\": \"QuestionAnswer.AllApis,LanguageService.QuestionAnsweringApis\"\r\n      }\r\n    ],\r\n    \"disableLocalAuth\": true,\r\n    \"endpoints\": {\r\n      \"Text Analytics\": \"https://csapstestrg3365.cognitiveservices.azure.com/\",\r\n      \"Custom Text Authoring\": \"https://csapstestrg3365.cognitiveservices.azure.com/\",\r\n      \"Conversational Language Understanding Authoring\": \"https://csapstestrg3365.cognitiveservices.azure.com/\",\r\n      \"Custom Question Answering Authoring\": \"https://csapstestrg3365.cognitiveservices.azure.com/\",\r\n      \"Custom Question Answering\": \"https://csapstestrg3365.cognitiveservices.azure.com/\",\r\n      \"ConversationalLURuntime\": \"https://csapstestrg3365.cognitiveservices.azure.com/\",\r\n      \"Language\": \"https://csapstestrg3365.cognitiveservices.azure.com/\",\r\n      \"Language-2022-05-01\": \"https://csapstestrg3365.cognitiveservices.azure.com/\",\r\n      \"QnAMaker\": \"https://csapstestrg3365.cognitiveservices.azure.com/\",\r\n      \"turing\": \"https://csapstestrg3365.cognitiveservices.azure.com/\",\r\n      \"Turing DeepWrite\": \"https://csapstestrg3365.cognitiveservices.azure.com/\",\r\n      \"QuestionAnswering\": \"https://csapstestrg3365.cognitiveservices.azure.com/\",\r\n      \"QuestionAnsweringBizQA\": \"https://csapstestrg3365.cognitiveservices.azure.com/\",\r\n      \"QuestionAnsweringQnAGen\": \"https://csapstestrg3365.cognitiveservices.azure.com/\",\r\n      \"QuestionAnswering Generate\": \"https://csapstestrg3365.cognitiveservices.azure.com/\",\r\n      \"LUIS.Authoring\": \"https://csapstestrg3365.cognitiveservices.azure.com/\"\r\n    },\r\n    \"provisioningState\": \"Succeeded\"\r\n  },\r\n  \"systemData\": {\r\n    \"createdBy\": \"50841d5f-166a-406c-8472-6800c9698b43\",\r\n    \"createdByType\": \"Application\",\r\n    \"createdAt\": \"2022-10-19T19:07:20.8778783Z\",\r\n    \"lastModifiedBy\": \"50841d5f-166a-406c-8472-6800c9698b43\",\r\n    \"lastModifiedByType\": \"Application\",\r\n    \"lastModifiedAt\": \"2022-10-19T19:07:20.8778783Z\"\r\n  }\r\n}",
      "StatusCode": 200
    },
    {
      "RequestUri": "/subscriptions/f9b96b36-1f5e-4021-8959-51527e26e6d3/resourceGroups/pstestrg3365/providers/Microsoft.CognitiveServices/accounts/csapstestrg3365?api-version=2022-10-01",
      "EncodedRequestUri": "L3N1YnNjcmlwdGlvbnMvZjliOTZiMzYtMWY1ZS00MDIxLTg5NTktNTE1MjdlMjZlNmQzL3Jlc291cmNlR3JvdXBzL3BzdGVzdHJnMzM2NS9wcm92aWRlcnMvTWljcm9zb2Z0LkNvZ25pdGl2ZVNlcnZpY2VzL2FjY291bnRzL2NzYXBzdGVzdHJnMzM2NT9hcGktdmVyc2lvbj0yMDIyLTEwLTAx",
      "RequestMethod": "GET",
      "RequestHeaders": {
        "x-ms-client-request-id": [
          "217e7265-90ad-4a8d-ab96-734af5902ba9"
        ],
        "Accept-Language": [
          "en-US"
        ],
        "User-Agent": [
          "FxVersion/4.700.22.47601",
          "OSName/Windows",
          "OSVersion/Microsoft.Windows.10.0.22621",
          "Microsoft.Azure.Management.CognitiveServices.CognitiveServicesManagementClient/8.4.0.0"
        ]
      },
      "RequestBody": "",
      "ResponseHeaders": {
        "Cache-Control": [
          "no-cache"
        ],
        "Pragma": [
          "no-cache"
        ],
        "ETag": [
          "\"0900b4be-0000-0500-0000-63504b0b0000\""
        ],
        "X-Content-Type-Options": [
          "nosniff"
        ],
        "x-ms-request-id": [
          "1c557605-bfc1-43a5-b6b4-e987f9324b0f"
        ],
        "x-envoy-upstream-service-time": [
          "9"
        ],
        "Server": [
          "istio-envoy"
        ],
        "x-ms-ratelimit-remaining-subscription-reads": [
          "11996"
        ],
        "x-ms-correlation-request-id": [
          "5f7060d9-4e07-4764-8106-4d23d7eac793"
        ],
        "x-ms-routing-request-id": [
          "WESTUS2:20221019T190824Z:5f7060d9-4e07-4764-8106-4d23d7eac793"
        ],
        "Strict-Transport-Security": [
          "max-age=31536000; includeSubDomains"
        ],
        "Date": [
          "Wed, 19 Oct 2022 19:08:23 GMT"
        ],
        "Content-Length": [
          "2820"
        ],
        "Content-Type": [
          "application/json; charset=utf-8"
        ],
        "Expires": [
          "-1"
        ]
      },
      "ResponseBody": "{\r\n  \"id\": \"/subscriptions/f9b96b36-1f5e-4021-8959-51527e26e6d3/resourceGroups/pstestrg3365/providers/Microsoft.CognitiveServices/accounts/csapstestrg3365\",\r\n  \"name\": \"csapstestrg3365\",\r\n  \"type\": \"Microsoft.CognitiveServices/accounts\",\r\n  \"etag\": \"\\\"0900b4be-0000-0500-0000-63504b0b0000\\\"\",\r\n  \"location\": \"SOUTHCENTRALUS\",\r\n  \"sku\": {\r\n    \"name\": \"S0\"\r\n  },\r\n  \"kind\": \"TextAnalytics\",\r\n  \"properties\": {\r\n    \"endpoint\": \"https://csapstestrg3365.cognitiveservices.azure.com/\",\r\n    \"internalId\": \"f2292bd295174c598afd14252e06a19a\",\r\n    \"dateCreated\": \"2022-10-19T19:07:21.7754755Z\",\r\n    \"apiProperties\": {\r\n      \"qnaAzureSearchEndpointKey\": null\r\n    },\r\n    \"isMigrated\": false,\r\n    \"customSubDomainName\": \"csapstestrg3365\",\r\n    \"privateEndpointConnections\": [],\r\n    \"publicNetworkAccess\": \"Enabled\",\r\n    \"capabilities\": [\r\n      {\r\n        \"name\": \"VirtualNetworks\"\r\n      },\r\n      {\r\n        \"name\": \"CustomerManagedKey\"\r\n      },\r\n      {\r\n        \"name\": \"Container\",\r\n        \"value\": \"TextAnalytics.*,TextAnalytics.Healthcare,TextAnalytics.HealthcareFhir,TextAnalytics.Keyphrase,TextAnalytics.KeyphraseV2,TextAnalytics.KeyPhraseONNX,TextAnalytics.LanguageFastText,TextAnalytics.Language,TextAnalytics.LanguageV2,TextAnalytics.Sentiment,TextAnalytics.SentimentV2,TextAnalytics.SentimentV3,TextAnalytics.SentimentV3Preview\"\r\n      },\r\n      {\r\n        \"name\": \"Cloud\",\r\n        \"value\": \"QuestionAnswer.AllApis,LanguageService.QuestionAnsweringApis\"\r\n      }\r\n    ],\r\n    \"disableLocalAuth\": true,\r\n    \"endpoints\": {\r\n      \"Text Analytics\": \"https://csapstestrg3365.cognitiveservices.azure.com/\",\r\n      \"Custom Text Authoring\": \"https://csapstestrg3365.cognitiveservices.azure.com/\",\r\n      \"Conversational Language Understanding Authoring\": \"https://csapstestrg3365.cognitiveservices.azure.com/\",\r\n      \"Custom Question Answering Authoring\": \"https://csapstestrg3365.cognitiveservices.azure.com/\",\r\n      \"Custom Question Answering\": \"https://csapstestrg3365.cognitiveservices.azure.com/\",\r\n      \"ConversationalLURuntime\": \"https://csapstestrg3365.cognitiveservices.azure.com/\",\r\n      \"Language\": \"https://csapstestrg3365.cognitiveservices.azure.com/\",\r\n      \"Language-2022-05-01\": \"https://csapstestrg3365.cognitiveservices.azure.com/\",\r\n      \"QnAMaker\": \"https://csapstestrg3365.cognitiveservices.azure.com/\",\r\n      \"turing\": \"https://csapstestrg3365.cognitiveservices.azure.com/\",\r\n      \"Turing DeepWrite\": \"https://csapstestrg3365.cognitiveservices.azure.com/\",\r\n      \"QuestionAnswering\": \"https://csapstestrg3365.cognitiveservices.azure.com/\",\r\n      \"QuestionAnsweringBizQA\": \"https://csapstestrg3365.cognitiveservices.azure.com/\",\r\n      \"QuestionAnsweringQnAGen\": \"https://csapstestrg3365.cognitiveservices.azure.com/\",\r\n      \"QuestionAnswering Generate\": \"https://csapstestrg3365.cognitiveservices.azure.com/\",\r\n      \"LUIS.Authoring\": \"https://csapstestrg3365.cognitiveservices.azure.com/\"\r\n    },\r\n    \"provisioningState\": \"Succeeded\"\r\n  },\r\n  \"systemData\": {\r\n    \"createdBy\": \"50841d5f-166a-406c-8472-6800c9698b43\",\r\n    \"createdByType\": \"Application\",\r\n    \"createdAt\": \"2022-10-19T19:07:20.8778783Z\",\r\n    \"lastModifiedBy\": \"50841d5f-166a-406c-8472-6800c9698b43\",\r\n    \"lastModifiedByType\": \"Application\",\r\n    \"lastModifiedAt\": \"2022-10-19T19:07:20.8778783Z\"\r\n  }\r\n}",
      "StatusCode": 200
    },
    {
      "RequestUri": "/subscriptions/f9b96b36-1f5e-4021-8959-51527e26e6d3/resourcegroups/pstestrg3365?api-version=2016-09-01",
      "EncodedRequestUri": "L3N1YnNjcmlwdGlvbnMvZjliOTZiMzYtMWY1ZS00MDIxLTg5NTktNTE1MjdlMjZlNmQzL3Jlc291cmNlZ3JvdXBzL3BzdGVzdHJnMzM2NT9hcGktdmVyc2lvbj0yMDE2LTA5LTAx",
      "RequestMethod": "DELETE",
      "RequestHeaders": {
        "x-ms-client-request-id": [
          "d84b37b8-9b12-49be-8b7e-19495c9b14a2"
        ],
        "Accept-Language": [
          "en-US"
        ],
        "User-Agent": [
          "FxVersion/4.700.22.47601",
          "OSName/Windows",
          "OSVersion/Microsoft.Windows.10.0.22621",
          "Microsoft.Azure.Management.Internal.Resources.ResourceManagementClient/1.3.63"
        ]
      },
      "RequestBody": "",
      "ResponseHeaders": {
        "Cache-Control": [
          "no-cache"
        ],
        "Pragma": [
          "no-cache"
        ],
        "Location": [
          "https://management.azure.com/subscriptions/f9b96b36-1f5e-4021-8959-51527e26e6d3/operationresults/eyJqb2JJZCI6IlJFU09VUkNFR1JPVVBERUxFVElPTkpPQi1QU1RFU1RSRzMzNjUtU09VVEhDRU5UUkFMVVMiLCJqb2JMb2NhdGlvbiI6InNvdXRoY2VudHJhbHVzIn0?api-version=2016-09-01"
        ],
        "Retry-After": [
          "15"
        ],
        "x-ms-ratelimit-remaining-subscription-deletes": [
          "14999"
        ],
        "x-ms-request-id": [
          "669ebaa0-66df-44bf-8f22-28e29967f966"
        ],
        "x-ms-correlation-request-id": [
          "669ebaa0-66df-44bf-8f22-28e29967f966"
        ],
        "x-ms-routing-request-id": [
          "WESTUS2:20221019T190825Z:669ebaa0-66df-44bf-8f22-28e29967f966"
        ],
        "Strict-Transport-Security": [
          "max-age=31536000; includeSubDomains"
        ],
        "X-Content-Type-Options": [
          "nosniff"
        ],
        "Date": [
          "Wed, 19 Oct 2022 19:08:25 GMT"
        ],
        "Expires": [
          "-1"
        ],
        "Content-Length": [
          "0"
        ]
      },
      "ResponseBody": "",
      "StatusCode": 202
    },
    {
      "RequestUri": "/subscriptions/f9b96b36-1f5e-4021-8959-51527e26e6d3/operationresults/eyJqb2JJZCI6IlJFU09VUkNFR1JPVVBERUxFVElPTkpPQi1QU1RFU1RSRzMzNjUtU09VVEhDRU5UUkFMVVMiLCJqb2JMb2NhdGlvbiI6InNvdXRoY2VudHJhbHVzIn0?api-version=2016-09-01",
      "EncodedRequestUri": "L3N1YnNjcmlwdGlvbnMvZjliOTZiMzYtMWY1ZS00MDIxLTg5NTktNTE1MjdlMjZlNmQzL29wZXJhdGlvbnJlc3VsdHMvZXlKcWIySkpaQ0k2SWxKRlUwOVZVa05GUjFKUFZWQkVSVXhGVkVsUFRrcFBRaTFRVTFSRlUxUlNSek16TmpVdFUwOVZWRWhEUlU1VVVrRk1WVk1pTENKcWIySk1iMk5oZEdsdmJpSTZJbk52ZFhSb1kyVnVkSEpoYkhWekluMD9hcGktdmVyc2lvbj0yMDE2LTA5LTAx",
      "RequestMethod": "GET",
      "RequestHeaders": {
        "User-Agent": [
          "FxVersion/4.700.22.47601",
          "OSName/Windows",
          "OSVersion/Microsoft.Windows.10.0.22621",
          "Microsoft.Azure.Management.Internal.Resources.ResourceManagementClient/1.3.63"
        ]
      },
      "RequestBody": "",
      "ResponseHeaders": {
        "Cache-Control": [
          "no-cache"
        ],
        "Pragma": [
          "no-cache"
        ],
        "Location": [
          "https://management.azure.com/subscriptions/f9b96b36-1f5e-4021-8959-51527e26e6d3/operationresults/eyJqb2JJZCI6IlJFU09VUkNFR1JPVVBERUxFVElPTkpPQi1QU1RFU1RSRzMzNjUtU09VVEhDRU5UUkFMVVMiLCJqb2JMb2NhdGlvbiI6InNvdXRoY2VudHJhbHVzIn0?api-version=2016-09-01"
        ],
        "Retry-After": [
          "15"
        ],
        "x-ms-ratelimit-remaining-subscription-reads": [
          "11999"
        ],
        "x-ms-request-id": [
          "1313b7d4-8b23-4f1d-9c44-75cee5a65f79"
        ],
        "x-ms-correlation-request-id": [
          "1313b7d4-8b23-4f1d-9c44-75cee5a65f79"
        ],
        "x-ms-routing-request-id": [
          "WESTUS2:20221019T190840Z:1313b7d4-8b23-4f1d-9c44-75cee5a65f79"
        ],
        "Strict-Transport-Security": [
          "max-age=31536000; includeSubDomains"
        ],
        "X-Content-Type-Options": [
          "nosniff"
        ],
        "Date": [
          "Wed, 19 Oct 2022 19:08:40 GMT"
        ],
        "Expires": [
          "-1"
        ],
        "Content-Length": [
          "0"
        ]
      },
      "ResponseBody": "",
      "StatusCode": 202
    },
    {
      "RequestUri": "/subscriptions/f9b96b36-1f5e-4021-8959-51527e26e6d3/operationresults/eyJqb2JJZCI6IlJFU09VUkNFR1JPVVBERUxFVElPTkpPQi1QU1RFU1RSRzMzNjUtU09VVEhDRU5UUkFMVVMiLCJqb2JMb2NhdGlvbiI6InNvdXRoY2VudHJhbHVzIn0?api-version=2016-09-01",
      "EncodedRequestUri": "L3N1YnNjcmlwdGlvbnMvZjliOTZiMzYtMWY1ZS00MDIxLTg5NTktNTE1MjdlMjZlNmQzL29wZXJhdGlvbnJlc3VsdHMvZXlKcWIySkpaQ0k2SWxKRlUwOVZVa05GUjFKUFZWQkVSVXhGVkVsUFRrcFBRaTFRVTFSRlUxUlNSek16TmpVdFUwOVZWRWhEUlU1VVVrRk1WVk1pTENKcWIySk1iMk5oZEdsdmJpSTZJbk52ZFhSb1kyVnVkSEpoYkhWekluMD9hcGktdmVyc2lvbj0yMDE2LTA5LTAx",
      "RequestMethod": "GET",
      "RequestHeaders": {
        "User-Agent": [
          "FxVersion/4.700.22.47601",
          "OSName/Windows",
          "OSVersion/Microsoft.Windows.10.0.22621",
          "Microsoft.Azure.Management.Internal.Resources.ResourceManagementClient/1.3.63"
        ]
      },
      "RequestBody": "",
      "ResponseHeaders": {
        "Cache-Control": [
          "no-cache"
        ],
        "Pragma": [
          "no-cache"
        ],
        "Location": [
          "https://management.azure.com/subscriptions/f9b96b36-1f5e-4021-8959-51527e26e6d3/operationresults/eyJqb2JJZCI6IlJFU09VUkNFR1JPVVBERUxFVElPTkpPQi1QU1RFU1RSRzMzNjUtU09VVEhDRU5UUkFMVVMiLCJqb2JMb2NhdGlvbiI6InNvdXRoY2VudHJhbHVzIn0?api-version=2016-09-01"
        ],
        "Retry-After": [
          "15"
        ],
        "x-ms-ratelimit-remaining-subscription-reads": [
          "11999"
        ],
        "x-ms-request-id": [
          "f4dba1e2-21b3-4b56-996c-8d89b8cbe200"
        ],
        "x-ms-correlation-request-id": [
          "f4dba1e2-21b3-4b56-996c-8d89b8cbe200"
        ],
        "x-ms-routing-request-id": [
          "WESTUS2:20221019T190912Z:f4dba1e2-21b3-4b56-996c-8d89b8cbe200"
        ],
        "Strict-Transport-Security": [
          "max-age=31536000; includeSubDomains"
        ],
        "X-Content-Type-Options": [
          "nosniff"
        ],
        "Date": [
          "Wed, 19 Oct 2022 19:09:11 GMT"
        ],
        "Expires": [
          "-1"
        ],
        "Content-Length": [
          "0"
        ]
      },
      "ResponseBody": "",
      "StatusCode": 202
    },
    {
      "RequestUri": "/subscriptions/f9b96b36-1f5e-4021-8959-51527e26e6d3/operationresults/eyJqb2JJZCI6IlJFU09VUkNFR1JPVVBERUxFVElPTkpPQi1QU1RFU1RSRzMzNjUtU09VVEhDRU5UUkFMVVMiLCJqb2JMb2NhdGlvbiI6InNvdXRoY2VudHJhbHVzIn0?api-version=2016-09-01",
      "EncodedRequestUri": "L3N1YnNjcmlwdGlvbnMvZjliOTZiMzYtMWY1ZS00MDIxLTg5NTktNTE1MjdlMjZlNmQzL29wZXJhdGlvbnJlc3VsdHMvZXlKcWIySkpaQ0k2SWxKRlUwOVZVa05GUjFKUFZWQkVSVXhGVkVsUFRrcFBRaTFRVTFSRlUxUlNSek16TmpVdFUwOVZWRWhEUlU1VVVrRk1WVk1pTENKcWIySk1iMk5oZEdsdmJpSTZJbk52ZFhSb1kyVnVkSEpoYkhWekluMD9hcGktdmVyc2lvbj0yMDE2LTA5LTAx",
      "RequestMethod": "GET",
      "RequestHeaders": {
        "User-Agent": [
          "FxVersion/4.700.22.47601",
          "OSName/Windows",
          "OSVersion/Microsoft.Windows.10.0.22621",
          "Microsoft.Azure.Management.Internal.Resources.ResourceManagementClient/1.3.63"
        ]
      },
      "RequestBody": "",
      "ResponseHeaders": {
        "Cache-Control": [
          "no-cache"
        ],
        "Pragma": [
          "no-cache"
        ],
        "Location": [
          "https://management.azure.com/subscriptions/f9b96b36-1f5e-4021-8959-51527e26e6d3/operationresults/eyJqb2JJZCI6IlJFU09VUkNFR1JPVVBERUxFVElPTkpPQi1QU1RFU1RSRzMzNjUtU09VVEhDRU5UUkFMVVMiLCJqb2JMb2NhdGlvbiI6InNvdXRoY2VudHJhbHVzIn0?api-version=2016-09-01"
        ],
        "Retry-After": [
          "15"
        ],
        "x-ms-ratelimit-remaining-subscription-reads": [
          "11998"
        ],
        "x-ms-request-id": [
          "d6d38c87-79d9-4d54-b456-9dcae47b09ad"
        ],
        "x-ms-correlation-request-id": [
          "d6d38c87-79d9-4d54-b456-9dcae47b09ad"
        ],
        "x-ms-routing-request-id": [
          "WESTUS2:20221019T190927Z:d6d38c87-79d9-4d54-b456-9dcae47b09ad"
        ],
        "Strict-Transport-Security": [
          "max-age=31536000; includeSubDomains"
        ],
        "X-Content-Type-Options": [
          "nosniff"
        ],
        "Date": [
          "Wed, 19 Oct 2022 19:09:26 GMT"
        ],
        "Expires": [
          "-1"
        ],
        "Content-Length": [
          "0"
        ]
      },
      "ResponseBody": "",
      "StatusCode": 202
    },
    {
      "RequestUri": "/subscriptions/f9b96b36-1f5e-4021-8959-51527e26e6d3/operationresults/eyJqb2JJZCI6IlJFU09VUkNFR1JPVVBERUxFVElPTkpPQi1QU1RFU1RSRzMzNjUtU09VVEhDRU5UUkFMVVMiLCJqb2JMb2NhdGlvbiI6InNvdXRoY2VudHJhbHVzIn0?api-version=2016-09-01",
      "EncodedRequestUri": "L3N1YnNjcmlwdGlvbnMvZjliOTZiMzYtMWY1ZS00MDIxLTg5NTktNTE1MjdlMjZlNmQzL29wZXJhdGlvbnJlc3VsdHMvZXlKcWIySkpaQ0k2SWxKRlUwOVZVa05GUjFKUFZWQkVSVXhGVkVsUFRrcFBRaTFRVTFSRlUxUlNSek16TmpVdFUwOVZWRWhEUlU1VVVrRk1WVk1pTENKcWIySk1iMk5oZEdsdmJpSTZJbk52ZFhSb1kyVnVkSEpoYkhWekluMD9hcGktdmVyc2lvbj0yMDE2LTA5LTAx",
      "RequestMethod": "GET",
      "RequestHeaders": {
        "User-Agent": [
          "FxVersion/4.700.22.47601",
          "OSName/Windows",
          "OSVersion/Microsoft.Windows.10.0.22621",
          "Microsoft.Azure.Management.Internal.Resources.ResourceManagementClient/1.3.63"
        ]
      },
      "RequestBody": "",
      "ResponseHeaders": {
        "Cache-Control": [
          "no-cache"
        ],
        "Pragma": [
          "no-cache"
        ],
        "Location": [
          "https://management.azure.com/subscriptions/f9b96b36-1f5e-4021-8959-51527e26e6d3/operationresults/eyJqb2JJZCI6IlJFU09VUkNFR1JPVVBERUxFVElPTkpPQi1QU1RFU1RSRzMzNjUtU09VVEhDRU5UUkFMVVMiLCJqb2JMb2NhdGlvbiI6InNvdXRoY2VudHJhbHVzIn0?api-version=2016-09-01"
        ],
        "Retry-After": [
          "15"
        ],
        "x-ms-ratelimit-remaining-subscription-reads": [
          "11997"
        ],
        "x-ms-request-id": [
          "180f9a0e-876d-4ff9-87ce-9f97354aefe8"
        ],
        "x-ms-correlation-request-id": [
          "180f9a0e-876d-4ff9-87ce-9f97354aefe8"
        ],
        "x-ms-routing-request-id": [
          "WESTUS2:20221019T190942Z:180f9a0e-876d-4ff9-87ce-9f97354aefe8"
        ],
        "Strict-Transport-Security": [
          "max-age=31536000; includeSubDomains"
        ],
        "X-Content-Type-Options": [
          "nosniff"
        ],
        "Date": [
          "Wed, 19 Oct 2022 19:09:42 GMT"
        ],
        "Expires": [
          "-1"
        ],
        "Content-Length": [
          "0"
        ]
      },
      "ResponseBody": "",
      "StatusCode": 202
    },
    {
      "RequestUri": "/subscriptions/f9b96b36-1f5e-4021-8959-51527e26e6d3/operationresults/eyJqb2JJZCI6IlJFU09VUkNFR1JPVVBERUxFVElPTkpPQi1QU1RFU1RSRzMzNjUtU09VVEhDRU5UUkFMVVMiLCJqb2JMb2NhdGlvbiI6InNvdXRoY2VudHJhbHVzIn0?api-version=2016-09-01",
      "EncodedRequestUri": "L3N1YnNjcmlwdGlvbnMvZjliOTZiMzYtMWY1ZS00MDIxLTg5NTktNTE1MjdlMjZlNmQzL29wZXJhdGlvbnJlc3VsdHMvZXlKcWIySkpaQ0k2SWxKRlUwOVZVa05GUjFKUFZWQkVSVXhGVkVsUFRrcFBRaTFRVTFSRlUxUlNSek16TmpVdFUwOVZWRWhEUlU1VVVrRk1WVk1pTENKcWIySk1iMk5oZEdsdmJpSTZJbk52ZFhSb1kyVnVkSEpoYkhWekluMD9hcGktdmVyc2lvbj0yMDE2LTA5LTAx",
      "RequestMethod": "GET",
      "RequestHeaders": {
        "User-Agent": [
          "FxVersion/4.700.22.47601",
          "OSName/Windows",
          "OSVersion/Microsoft.Windows.10.0.22621",
          "Microsoft.Azure.Management.Internal.Resources.ResourceManagementClient/1.3.63"
        ]
      },
      "RequestBody": "",
      "ResponseHeaders": {
        "Cache-Control": [
          "no-cache"
        ],
        "Pragma": [
          "no-cache"
        ],
        "Location": [
          "https://management.azure.com/subscriptions/f9b96b36-1f5e-4021-8959-51527e26e6d3/operationresults/eyJqb2JJZCI6IlJFU09VUkNFR1JPVVBERUxFVElPTkpPQi1QU1RFU1RSRzMzNjUtU09VVEhDRU5UUkFMVVMiLCJqb2JMb2NhdGlvbiI6InNvdXRoY2VudHJhbHVzIn0?api-version=2016-09-01"
        ],
        "Retry-After": [
          "15"
        ],
        "x-ms-ratelimit-remaining-subscription-reads": [
          "11999"
        ],
        "x-ms-request-id": [
          "e42a7e59-a369-40b3-b3ac-f116953ebc0d"
        ],
        "x-ms-correlation-request-id": [
          "e42a7e59-a369-40b3-b3ac-f116953ebc0d"
        ],
        "x-ms-routing-request-id": [
          "WESTUS2:20221019T191003Z:e42a7e59-a369-40b3-b3ac-f116953ebc0d"
        ],
        "Strict-Transport-Security": [
          "max-age=31536000; includeSubDomains"
        ],
        "X-Content-Type-Options": [
          "nosniff"
        ],
        "Date": [
          "Wed, 19 Oct 2022 19:10:03 GMT"
        ],
        "Expires": [
          "-1"
        ],
        "Content-Length": [
          "0"
        ]
      },
      "ResponseBody": "",
      "StatusCode": 202
    },
    {
      "RequestUri": "/subscriptions/f9b96b36-1f5e-4021-8959-51527e26e6d3/operationresults/eyJqb2JJZCI6IlJFU09VUkNFR1JPVVBERUxFVElPTkpPQi1QU1RFU1RSRzMzNjUtU09VVEhDRU5UUkFMVVMiLCJqb2JMb2NhdGlvbiI6InNvdXRoY2VudHJhbHVzIn0?api-version=2016-09-01",
      "EncodedRequestUri": "L3N1YnNjcmlwdGlvbnMvZjliOTZiMzYtMWY1ZS00MDIxLTg5NTktNTE1MjdlMjZlNmQzL29wZXJhdGlvbnJlc3VsdHMvZXlKcWIySkpaQ0k2SWxKRlUwOVZVa05GUjFKUFZWQkVSVXhGVkVsUFRrcFBRaTFRVTFSRlUxUlNSek16TmpVdFUwOVZWRWhEUlU1VVVrRk1WVk1pTENKcWIySk1iMk5oZEdsdmJpSTZJbk52ZFhSb1kyVnVkSEpoYkhWekluMD9hcGktdmVyc2lvbj0yMDE2LTA5LTAx",
      "RequestMethod": "GET",
      "RequestHeaders": {
        "User-Agent": [
          "FxVersion/4.700.22.47601",
          "OSName/Windows",
          "OSVersion/Microsoft.Windows.10.0.22621",
          "Microsoft.Azure.Management.Internal.Resources.ResourceManagementClient/1.3.63"
        ]
      },
      "RequestBody": "",
      "ResponseHeaders": {
        "Cache-Control": [
          "no-cache"
        ],
        "Pragma": [
          "no-cache"
        ],
        "Location": [
          "https://management.azure.com/subscriptions/f9b96b36-1f5e-4021-8959-51527e26e6d3/operationresults/eyJqb2JJZCI6IlJFU09VUkNFR1JPVVBERUxFVElPTkpPQi1QU1RFU1RSRzMzNjUtU09VVEhDRU5UUkFMVVMiLCJqb2JMb2NhdGlvbiI6InNvdXRoY2VudHJhbHVzIn0?api-version=2016-09-01"
        ],
        "Retry-After": [
          "15"
        ],
        "x-ms-ratelimit-remaining-subscription-reads": [
          "11998"
        ],
        "x-ms-request-id": [
          "aba96575-e288-4727-a9bb-14f19d3f96d5"
        ],
        "x-ms-correlation-request-id": [
          "aba96575-e288-4727-a9bb-14f19d3f96d5"
        ],
        "x-ms-routing-request-id": [
          "WESTUS2:20221019T191018Z:aba96575-e288-4727-a9bb-14f19d3f96d5"
        ],
        "Strict-Transport-Security": [
          "max-age=31536000; includeSubDomains"
        ],
        "X-Content-Type-Options": [
          "nosniff"
        ],
        "Date": [
          "Wed, 19 Oct 2022 19:10:18 GMT"
        ],
        "Expires": [
          "-1"
        ],
        "Content-Length": [
          "0"
        ]
      },
      "ResponseBody": "",
      "StatusCode": 202
    },
    {
      "RequestUri": "/subscriptions/f9b96b36-1f5e-4021-8959-51527e26e6d3/operationresults/eyJqb2JJZCI6IlJFU09VUkNFR1JPVVBERUxFVElPTkpPQi1QU1RFU1RSRzMzNjUtU09VVEhDRU5UUkFMVVMiLCJqb2JMb2NhdGlvbiI6InNvdXRoY2VudHJhbHVzIn0?api-version=2016-09-01",
      "EncodedRequestUri": "L3N1YnNjcmlwdGlvbnMvZjliOTZiMzYtMWY1ZS00MDIxLTg5NTktNTE1MjdlMjZlNmQzL29wZXJhdGlvbnJlc3VsdHMvZXlKcWIySkpaQ0k2SWxKRlUwOVZVa05GUjFKUFZWQkVSVXhGVkVsUFRrcFBRaTFRVTFSRlUxUlNSek16TmpVdFUwOVZWRWhEUlU1VVVrRk1WVk1pTENKcWIySk1iMk5oZEdsdmJpSTZJbk52ZFhSb1kyVnVkSEpoYkhWekluMD9hcGktdmVyc2lvbj0yMDE2LTA5LTAx",
      "RequestMethod": "GET",
      "RequestHeaders": {
        "User-Agent": [
          "FxVersion/4.700.22.47601",
          "OSName/Windows",
          "OSVersion/Microsoft.Windows.10.0.22621",
          "Microsoft.Azure.Management.Internal.Resources.ResourceManagementClient/1.3.63"
        ]
      },
      "RequestBody": "",
      "ResponseHeaders": {
        "Cache-Control": [
          "no-cache"
        ],
        "Pragma": [
          "no-cache"
        ],
        "x-ms-ratelimit-remaining-subscription-reads": [
          "11997"
        ],
        "x-ms-request-id": [
          "0e461c16-4b1d-4c89-b3b4-fe7026be9706"
        ],
        "x-ms-correlation-request-id": [
          "0e461c16-4b1d-4c89-b3b4-fe7026be9706"
        ],
        "x-ms-routing-request-id": [
          "WESTUS2:20221019T191033Z:0e461c16-4b1d-4c89-b3b4-fe7026be9706"
        ],
        "Strict-Transport-Security": [
          "max-age=31536000; includeSubDomains"
        ],
        "X-Content-Type-Options": [
          "nosniff"
        ],
        "Date": [
          "Wed, 19 Oct 2022 19:10:33 GMT"
        ],
        "Expires": [
          "-1"
        ],
        "Content-Length": [
          "0"
        ]
      },
      "ResponseBody": "",
      "StatusCode": 200
    },
    {
      "RequestUri": "/subscriptions/f9b96b36-1f5e-4021-8959-51527e26e6d3/operationresults/eyJqb2JJZCI6IlJFU09VUkNFR1JPVVBERUxFVElPTkpPQi1QU1RFU1RSRzMzNjUtU09VVEhDRU5UUkFMVVMiLCJqb2JMb2NhdGlvbiI6InNvdXRoY2VudHJhbHVzIn0?api-version=2016-09-01",
      "EncodedRequestUri": "L3N1YnNjcmlwdGlvbnMvZjliOTZiMzYtMWY1ZS00MDIxLTg5NTktNTE1MjdlMjZlNmQzL29wZXJhdGlvbnJlc3VsdHMvZXlKcWIySkpaQ0k2SWxKRlUwOVZVa05GUjFKUFZWQkVSVXhGVkVsUFRrcFBRaTFRVTFSRlUxUlNSek16TmpVdFUwOVZWRWhEUlU1VVVrRk1WVk1pTENKcWIySk1iMk5oZEdsdmJpSTZJbk52ZFhSb1kyVnVkSEpoYkhWekluMD9hcGktdmVyc2lvbj0yMDE2LTA5LTAx",
      "RequestMethod": "GET",
      "RequestHeaders": {
        "User-Agent": [
          "FxVersion/4.700.22.47601",
          "OSName/Windows",
          "OSVersion/Microsoft.Windows.10.0.22621",
          "Microsoft.Azure.Management.Internal.Resources.ResourceManagementClient/1.3.63"
        ]
      },
      "RequestBody": "",
      "ResponseHeaders": {
        "Cache-Control": [
          "no-cache"
        ],
        "Pragma": [
          "no-cache"
        ],
        "x-ms-ratelimit-remaining-subscription-reads": [
          "11996"
        ],
        "x-ms-request-id": [
          "48a1afff-4dd9-458e-a26b-85021e0aad57"
        ],
        "x-ms-correlation-request-id": [
          "48a1afff-4dd9-458e-a26b-85021e0aad57"
        ],
        "x-ms-routing-request-id": [
          "WESTUS2:20221019T191033Z:48a1afff-4dd9-458e-a26b-85021e0aad57"
        ],
        "Strict-Transport-Security": [
          "max-age=31536000; includeSubDomains"
        ],
        "X-Content-Type-Options": [
          "nosniff"
        ],
        "Date": [
          "Wed, 19 Oct 2022 19:10:33 GMT"
        ],
        "Expires": [
          "-1"
        ],
        "Content-Length": [
          "0"
        ]
      },
      "ResponseBody": "",
      "StatusCode": 200
    },
    {
      "RequestUri": "/subscriptions/f9b96b36-1f5e-4021-8959-51527e26e6d3/resourcegroups/pstestrg3757?api-version=2016-09-01",
      "EncodedRequestUri": "L3N1YnNjcmlwdGlvbnMvZjliOTZiMzYtMWY1ZS00MDIxLTg5NTktNTE1MjdlMjZlNmQzL3Jlc291cmNlZ3JvdXBzL3BzdGVzdHJnMzc1Nz9hcGktdmVyc2lvbj0yMDE2LTA5LTAx",
      "RequestMethod": "PUT",
      "RequestHeaders": {
        "x-ms-client-request-id": [
          "e98fe602-299f-4aba-bb91-08054452ae32"
        ],
        "Accept-Language": [
          "en-US"
        ],
        "User-Agent": [
          "FxVersion/4.700.22.47601",
          "OSName/Windows",
          "OSVersion/Microsoft.Windows.10.0.22621",
          "Microsoft.Azure.Management.Internal.Resources.ResourceManagementClient/1.3.63"
        ],
        "Content-Type": [
          "application/json; charset=utf-8"
        ],
        "Content-Length": [
          "36"
        ]
      },
      "RequestBody": "{\r\n  \"location\": \"SOUTHCENTRALUS\"\r\n}",
      "ResponseHeaders": {
        "Cache-Control": [
          "no-cache"
        ],
        "Pragma": [
          "no-cache"
        ],
        "x-ms-ratelimit-remaining-subscription-writes": [
          "1199"
        ],
        "x-ms-request-id": [
          "30346111-4b7c-4bb3-90b9-23a16a4ea149"
        ],
        "x-ms-correlation-request-id": [
          "30346111-4b7c-4bb3-90b9-23a16a4ea149"
        ],
        "x-ms-routing-request-id": [
          "WESTUS2:20221019T191035Z:30346111-4b7c-4bb3-90b9-23a16a4ea149"
        ],
        "Strict-Transport-Security": [
          "max-age=31536000; includeSubDomains"
        ],
        "X-Content-Type-Options": [
          "nosniff"
        ],
        "Date": [
          "Wed, 19 Oct 2022 19:10:34 GMT"
        ],
        "Content-Length": [
          "185"
        ],
        "Content-Type": [
          "application/json; charset=utf-8"
        ],
        "Expires": [
          "-1"
        ]
      },
      "ResponseBody": "{\r\n  \"id\": \"/subscriptions/f9b96b36-1f5e-4021-8959-51527e26e6d3/resourceGroups/pstestrg3757\",\r\n  \"name\": \"pstestrg3757\",\r\n  \"location\": \"southcentralus\",\r\n  \"properties\": {\r\n    \"provisioningState\": \"Succeeded\"\r\n  }\r\n}",
      "StatusCode": 201
    },
    {
      "RequestUri": "/subscriptions/f9b96b36-1f5e-4021-8959-51527e26e6d3/resourceGroups/pstestrg3757/providers/Microsoft.CognitiveServices/accounts/csapstestrg3757?api-version=2022-10-01",
      "EncodedRequestUri": "L3N1YnNjcmlwdGlvbnMvZjliOTZiMzYtMWY1ZS00MDIxLTg5NTktNTE1MjdlMjZlNmQzL3Jlc291cmNlR3JvdXBzL3BzdGVzdHJnMzc1Ny9wcm92aWRlcnMvTWljcm9zb2Z0LkNvZ25pdGl2ZVNlcnZpY2VzL2FjY291bnRzL2NzYXBzdGVzdHJnMzc1Nz9hcGktdmVyc2lvbj0yMDIyLTEwLTAx",
      "RequestMethod": "PUT",
      "RequestHeaders": {
        "x-ms-client-request-id": [
          "485db7a4-1c2d-4952-84ef-9bf17013c9ab"
        ],
        "Accept-Language": [
          "en-US"
        ],
        "User-Agent": [
          "FxVersion/4.700.22.47601",
          "OSName/Windows",
          "OSVersion/Microsoft.Windows.10.0.22621",
          "Microsoft.Azure.Management.CognitiveServices.CognitiveServicesManagementClient/8.4.0.0"
        ],
        "Content-Type": [
          "application/json; charset=utf-8"
        ],
        "Content-Length": [
          "162"
        ]
      },
      "RequestBody": "{\r\n  \"kind\": \"Face\",\r\n  \"sku\": {\r\n    \"name\": \"S0\"\r\n  },\r\n  \"location\": \"SOUTHCENTRALUS\",\r\n  \"properties\": {\r\n    \"customSubDomainName\": \"csapstestrg3757\"\r\n  }\r\n}",
      "ResponseHeaders": {
        "Cache-Control": [
          "no-cache"
        ],
        "Pragma": [
          "no-cache"
        ],
        "ETag": [
          "\"0900f1c4-0000-0500-0000-63504bae0000\""
        ],
        "X-Content-Type-Options": [
          "nosniff"
        ],
        "x-ms-request-id": [
          "8afe26a4-5e8a-48b4-9c27-5cbe72554db4"
        ],
        "azure-asyncoperation": [
          "https://management.azure.com/subscriptions/f9b96b36-1f5e-4021-8959-51527e26e6d3/providers/Microsoft.CognitiveServices/locations/SOUTHCENTRALUS/operationResults/5a78c682-2f15-4dba-b738-f0479225783e?api-version=2017-04-18"
        ],
        "x-envoy-upstream-service-time": [
          "917"
        ],
        "Server": [
          "istio-envoy"
        ],
        "x-ms-ratelimit-remaining-subscription-writes": [
          "1199"
        ],
        "x-ms-correlation-request-id": [
          "c94bcb99-12a5-4c41-b994-6f35ad345366"
        ],
        "x-ms-routing-request-id": [
          "WESTUS2:20221019T191038Z:c94bcb99-12a5-4c41-b994-6f35ad345366"
        ],
        "Strict-Transport-Security": [
          "max-age=31536000; includeSubDomains"
        ],
        "Date": [
          "Wed, 19 Oct 2022 19:10:38 GMT"
        ],
        "Content-Length": [
          "1591"
        ],
        "Content-Type": [
          "application/json; charset=utf-8"
        ],
        "Expires": [
          "-1"
        ]
      },
      "ResponseBody": "{\r\n  \"id\": \"/subscriptions/f9b96b36-1f5e-4021-8959-51527e26e6d3/resourceGroups/pstestrg3757/providers/Microsoft.CognitiveServices/accounts/csapstestrg3757\",\r\n  \"name\": \"csapstestrg3757\",\r\n  \"type\": \"Microsoft.CognitiveServices/accounts\",\r\n  \"etag\": \"\\\"0900f1c4-0000-0500-0000-63504bae0000\\\"\",\r\n  \"location\": \"SOUTHCENTRALUS\",\r\n  \"sku\": {\r\n    \"name\": \"S0\"\r\n  },\r\n  \"kind\": \"Face\",\r\n  \"properties\": {\r\n    \"endpoint\": \"https://csapstestrg3757.cognitiveservices.azure.com/\",\r\n    \"internalId\": \"27be6258bd88413e871c0a4dd2ce36d4\",\r\n    \"dateCreated\": \"2022-10-19T19:10:37.5945584Z\",\r\n    \"callRateLimit\": {\r\n      \"rules\": [\r\n        {\r\n          \"key\": \"face\",\r\n          \"renewalPeriod\": 1,\r\n          \"count\": 10,\r\n          \"dynamicThrottlingEnabled\": false,\r\n          \"matchPatterns\": [\r\n            {\r\n              \"path\": \"face/*\",\r\n              \"method\": \"*\"\r\n            }\r\n          ]\r\n        },\r\n        {\r\n          \"key\": \"container.billing\",\r\n          \"renewalPeriod\": 10,\r\n          \"count\": 500,\r\n          \"dynamicThrottlingEnabled\": false,\r\n          \"matchPatterns\": [\r\n            {\r\n              \"path\": \"billing/*\",\r\n              \"method\": \"*\"\r\n            }\r\n          ]\r\n        },\r\n        {\r\n          \"key\": \"default\",\r\n          \"renewalPeriod\": 1,\r\n          \"count\": 10,\r\n          \"dynamicThrottlingEnabled\": false,\r\n          \"matchPatterns\": [\r\n            {\r\n              \"path\": \"*\",\r\n              \"method\": \"*\"\r\n            }\r\n          ]\r\n        }\r\n      ]\r\n    },\r\n    \"isMigrated\": false,\r\n    \"customSubDomainName\": \"csapstestrg3757\",\r\n    \"privateEndpointConnections\": [],\r\n    \"publicNetworkAccess\": \"Enabled\",\r\n    \"capabilities\": [\r\n      {\r\n        \"name\": \"VirtualNetworks\"\r\n      },\r\n      {\r\n        \"name\": \"Container\",\r\n        \"value\": \"Face.*,Face.Face\"\r\n      },\r\n      {\r\n        \"name\": \"Scenario\",\r\n        \"value\": \"Face.LegacyPreview,Face.Legacy\"\r\n      }\r\n    ],\r\n    \"endpoints\": {\r\n      \"Face\": \"https://csapstestrg3757.cognitiveservices.azure.com/\"\r\n    },\r\n    \"provisioningState\": \"Creating\"\r\n  },\r\n  \"systemData\": {\r\n    \"createdBy\": \"50841d5f-166a-406c-8472-6800c9698b43\",\r\n    \"createdByType\": \"Application\",\r\n    \"createdAt\": \"2022-10-19T19:10:37.1983158Z\",\r\n    \"lastModifiedBy\": \"50841d5f-166a-406c-8472-6800c9698b43\",\r\n    \"lastModifiedByType\": \"Application\",\r\n    \"lastModifiedAt\": \"2022-10-19T19:10:37.1983158Z\"\r\n  }\r\n}",
      "StatusCode": 201
    },
    {
      "RequestUri": "/subscriptions/f9b96b36-1f5e-4021-8959-51527e26e6d3/providers/Microsoft.CognitiveServices/locations/SOUTHCENTRALUS/operationResults/5a78c682-2f15-4dba-b738-f0479225783e?api-version=2017-04-18",
      "EncodedRequestUri": "L3N1YnNjcmlwdGlvbnMvZjliOTZiMzYtMWY1ZS00MDIxLTg5NTktNTE1MjdlMjZlNmQzL3Byb3ZpZGVycy9NaWNyb3NvZnQuQ29nbml0aXZlU2VydmljZXMvbG9jYXRpb25zL1NPVVRIQ0VOVFJBTFVTL29wZXJhdGlvblJlc3VsdHMvNWE3OGM2ODItMmYxNS00ZGJhLWI3MzgtZjA0NzkyMjU3ODNlP2FwaS12ZXJzaW9uPTIwMTctMDQtMTg=",
      "RequestMethod": "GET",
      "RequestHeaders": {
        "x-ms-client-request-id": [
          "485db7a4-1c2d-4952-84ef-9bf17013c9ab"
        ],
        "User-Agent": [
          "FxVersion/4.700.22.47601",
          "OSName/Windows",
          "OSVersion/Microsoft.Windows.10.0.22621",
          "Microsoft.Azure.Management.CognitiveServices.CognitiveServicesManagementClient/8.4.0.0"
        ]
      },
      "RequestBody": "",
      "ResponseHeaders": {
        "Cache-Control": [
          "no-cache"
        ],
        "Pragma": [
          "no-cache"
        ],
        "X-Content-Type-Options": [
          "nosniff"
        ],
        "x-ms-request-id": [
          "07619d0d-52f0-41a7-b2d8-ac6a98fb7af7"
        ],
        "x-envoy-upstream-service-time": [
          "6"
        ],
        "Server": [
          "istio-envoy"
        ],
        "x-ms-ratelimit-remaining-subscription-reads": [
          "11999"
        ],
        "x-ms-correlation-request-id": [
          "89a7001e-4856-4021-a6cc-a3bac61a81c1"
        ],
        "x-ms-routing-request-id": [
          "WESTUS2:20221019T191108Z:89a7001e-4856-4021-a6cc-a3bac61a81c1"
        ],
        "Strict-Transport-Security": [
          "max-age=31536000; includeSubDomains"
        ],
        "Date": [
          "Wed, 19 Oct 2022 19:11:08 GMT"
        ],
        "Content-Length": [
          "312"
        ],
        "Content-Type": [
          "application/json; charset=utf-8"
        ],
        "Expires": [
          "-1"
        ]
      },
      "ResponseBody": "{\r\n  \"id\": \"/subscriptions/f9b96b36-1f5e-4021-8959-51527e26e6d3/providers/Microsoft.CognitiveServices/locations/SOUTHCENTRALUS/operationResults/5a78c682-2f15-4dba-b738-f0479225783e\",\r\n  \"name\": \"5a78c682-2f15-4dba-b738-f0479225783e\",\r\n  \"status\": \"Succeeded\",\r\n  \"startTime\": \"2022-10-19T19:10:38Z\",\r\n  \"endTime\": \"2022-10-19T19:10:38Z\"\r\n}",
      "StatusCode": 200
    },
    {
      "RequestUri": "/subscriptions/f9b96b36-1f5e-4021-8959-51527e26e6d3/resourceGroups/pstestrg3757/providers/Microsoft.CognitiveServices/accounts/csapstestrg3757?api-version=2022-10-01",
      "EncodedRequestUri": "L3N1YnNjcmlwdGlvbnMvZjliOTZiMzYtMWY1ZS00MDIxLTg5NTktNTE1MjdlMjZlNmQzL3Jlc291cmNlR3JvdXBzL3BzdGVzdHJnMzc1Ny9wcm92aWRlcnMvTWljcm9zb2Z0LkNvZ25pdGl2ZVNlcnZpY2VzL2FjY291bnRzL2NzYXBzdGVzdHJnMzc1Nz9hcGktdmVyc2lvbj0yMDIyLTEwLTAx",
      "RequestMethod": "GET",
      "RequestHeaders": {
        "x-ms-client-request-id": [
          "485db7a4-1c2d-4952-84ef-9bf17013c9ab"
        ],
        "User-Agent": [
          "FxVersion/4.700.22.47601",
          "OSName/Windows",
          "OSVersion/Microsoft.Windows.10.0.22621",
          "Microsoft.Azure.Management.CognitiveServices.CognitiveServicesManagementClient/8.4.0.0"
        ]
      },
      "RequestBody": "",
      "ResponseHeaders": {
        "Cache-Control": [
          "no-cache"
        ],
        "Pragma": [
          "no-cache"
        ],
        "ETag": [
          "\"0900fcc4-0000-0500-0000-63504bae0000\""
        ],
        "X-Content-Type-Options": [
          "nosniff"
        ],
        "x-ms-request-id": [
          "bd926d43-da53-4a16-96fa-ecce216efaf4"
        ],
        "x-envoy-upstream-service-time": [
          "12"
        ],
        "Server": [
          "istio-envoy"
        ],
        "x-ms-ratelimit-remaining-subscription-reads": [
          "11998"
        ],
        "x-ms-correlation-request-id": [
          "d3cdfd71-69b7-4060-a50b-1eed64c446c0"
        ],
        "x-ms-routing-request-id": [
          "WESTUS2:20221019T191109Z:d3cdfd71-69b7-4060-a50b-1eed64c446c0"
        ],
        "Strict-Transport-Security": [
          "max-age=31536000; includeSubDomains"
        ],
        "Date": [
          "Wed, 19 Oct 2022 19:11:08 GMT"
        ],
        "Content-Length": [
          "1592"
        ],
        "Content-Type": [
          "application/json; charset=utf-8"
        ],
        "Expires": [
          "-1"
        ]
      },
      "ResponseBody": "{\r\n  \"id\": \"/subscriptions/f9b96b36-1f5e-4021-8959-51527e26e6d3/resourceGroups/pstestrg3757/providers/Microsoft.CognitiveServices/accounts/csapstestrg3757\",\r\n  \"name\": \"csapstestrg3757\",\r\n  \"type\": \"Microsoft.CognitiveServices/accounts\",\r\n  \"etag\": \"\\\"0900fcc4-0000-0500-0000-63504bae0000\\\"\",\r\n  \"location\": \"SOUTHCENTRALUS\",\r\n  \"sku\": {\r\n    \"name\": \"S0\"\r\n  },\r\n  \"kind\": \"Face\",\r\n  \"properties\": {\r\n    \"endpoint\": \"https://csapstestrg3757.cognitiveservices.azure.com/\",\r\n    \"internalId\": \"27be6258bd88413e871c0a4dd2ce36d4\",\r\n    \"dateCreated\": \"2022-10-19T19:10:37.5945584Z\",\r\n    \"callRateLimit\": {\r\n      \"rules\": [\r\n        {\r\n          \"key\": \"face\",\r\n          \"renewalPeriod\": 1,\r\n          \"count\": 10,\r\n          \"dynamicThrottlingEnabled\": false,\r\n          \"matchPatterns\": [\r\n            {\r\n              \"path\": \"face/*\",\r\n              \"method\": \"*\"\r\n            }\r\n          ]\r\n        },\r\n        {\r\n          \"key\": \"container.billing\",\r\n          \"renewalPeriod\": 10,\r\n          \"count\": 500,\r\n          \"dynamicThrottlingEnabled\": false,\r\n          \"matchPatterns\": [\r\n            {\r\n              \"path\": \"billing/*\",\r\n              \"method\": \"*\"\r\n            }\r\n          ]\r\n        },\r\n        {\r\n          \"key\": \"default\",\r\n          \"renewalPeriod\": 1,\r\n          \"count\": 10,\r\n          \"dynamicThrottlingEnabled\": false,\r\n          \"matchPatterns\": [\r\n            {\r\n              \"path\": \"*\",\r\n              \"method\": \"*\"\r\n            }\r\n          ]\r\n        }\r\n      ]\r\n    },\r\n    \"isMigrated\": false,\r\n    \"customSubDomainName\": \"csapstestrg3757\",\r\n    \"privateEndpointConnections\": [],\r\n    \"publicNetworkAccess\": \"Enabled\",\r\n    \"capabilities\": [\r\n      {\r\n        \"name\": \"VirtualNetworks\"\r\n      },\r\n      {\r\n        \"name\": \"Container\",\r\n        \"value\": \"Face.*,Face.Face\"\r\n      },\r\n      {\r\n        \"name\": \"Scenario\",\r\n        \"value\": \"Face.LegacyPreview,Face.Legacy\"\r\n      }\r\n    ],\r\n    \"endpoints\": {\r\n      \"Face\": \"https://csapstestrg3757.cognitiveservices.azure.com/\"\r\n    },\r\n    \"provisioningState\": \"Succeeded\"\r\n  },\r\n  \"systemData\": {\r\n    \"createdBy\": \"50841d5f-166a-406c-8472-6800c9698b43\",\r\n    \"createdByType\": \"Application\",\r\n    \"createdAt\": \"2022-10-19T19:10:37.1983158Z\",\r\n    \"lastModifiedBy\": \"50841d5f-166a-406c-8472-6800c9698b43\",\r\n    \"lastModifiedByType\": \"Application\",\r\n    \"lastModifiedAt\": \"2022-10-19T19:10:37.1983158Z\"\r\n  }\r\n}",
      "StatusCode": 200
    },
    {
      "RequestUri": "/subscriptions/f9b96b36-1f5e-4021-8959-51527e26e6d3/resourceGroups/pstestrg3757/providers/Microsoft.CognitiveServices/accounts/csapstestrg3757?api-version=2022-10-01",
      "EncodedRequestUri": "L3N1YnNjcmlwdGlvbnMvZjliOTZiMzYtMWY1ZS00MDIxLTg5NTktNTE1MjdlMjZlNmQzL3Jlc291cmNlR3JvdXBzL3BzdGVzdHJnMzc1Ny9wcm92aWRlcnMvTWljcm9zb2Z0LkNvZ25pdGl2ZVNlcnZpY2VzL2FjY291bnRzL2NzYXBzdGVzdHJnMzc1Nz9hcGktdmVyc2lvbj0yMDIyLTEwLTAx",
      "RequestMethod": "GET",
      "RequestHeaders": {
        "x-ms-client-request-id": [
          "485db7a4-1c2d-4952-84ef-9bf17013c9ab"
        ],
        "Accept-Language": [
          "en-US"
        ],
        "User-Agent": [
          "FxVersion/4.700.22.47601",
          "OSName/Windows",
          "OSVersion/Microsoft.Windows.10.0.22621",
          "Microsoft.Azure.Management.CognitiveServices.CognitiveServicesManagementClient/8.4.0.0"
        ]
      },
      "RequestBody": "",
      "ResponseHeaders": {
        "Cache-Control": [
          "no-cache"
        ],
        "Pragma": [
          "no-cache"
        ],
        "ETag": [
          "\"0900fcc4-0000-0500-0000-63504bae0000\""
        ],
        "X-Content-Type-Options": [
          "nosniff"
        ],
        "x-ms-request-id": [
          "e1d582b5-21a5-44cf-a4e5-d1a5343de105"
        ],
        "x-envoy-upstream-service-time": [
          "7"
        ],
        "Server": [
          "istio-envoy"
        ],
        "x-ms-ratelimit-remaining-subscription-reads": [
          "11997"
        ],
        "x-ms-correlation-request-id": [
          "050b0533-33c5-4616-b39e-d16a10f81ccf"
        ],
        "x-ms-routing-request-id": [
          "WESTUS2:20221019T191109Z:050b0533-33c5-4616-b39e-d16a10f81ccf"
        ],
        "Strict-Transport-Security": [
          "max-age=31536000; includeSubDomains"
        ],
        "Date": [
          "Wed, 19 Oct 2022 19:11:08 GMT"
        ],
        "Content-Length": [
          "1592"
        ],
        "Content-Type": [
          "application/json; charset=utf-8"
        ],
        "Expires": [
          "-1"
        ]
      },
      "ResponseBody": "{\r\n  \"id\": \"/subscriptions/f9b96b36-1f5e-4021-8959-51527e26e6d3/resourceGroups/pstestrg3757/providers/Microsoft.CognitiveServices/accounts/csapstestrg3757\",\r\n  \"name\": \"csapstestrg3757\",\r\n  \"type\": \"Microsoft.CognitiveServices/accounts\",\r\n  \"etag\": \"\\\"0900fcc4-0000-0500-0000-63504bae0000\\\"\",\r\n  \"location\": \"SOUTHCENTRALUS\",\r\n  \"sku\": {\r\n    \"name\": \"S0\"\r\n  },\r\n  \"kind\": \"Face\",\r\n  \"properties\": {\r\n    \"endpoint\": \"https://csapstestrg3757.cognitiveservices.azure.com/\",\r\n    \"internalId\": \"27be6258bd88413e871c0a4dd2ce36d4\",\r\n    \"dateCreated\": \"2022-10-19T19:10:37.5945584Z\",\r\n    \"callRateLimit\": {\r\n      \"rules\": [\r\n        {\r\n          \"key\": \"face\",\r\n          \"renewalPeriod\": 1,\r\n          \"count\": 10,\r\n          \"dynamicThrottlingEnabled\": false,\r\n          \"matchPatterns\": [\r\n            {\r\n              \"path\": \"face/*\",\r\n              \"method\": \"*\"\r\n            }\r\n          ]\r\n        },\r\n        {\r\n          \"key\": \"container.billing\",\r\n          \"renewalPeriod\": 10,\r\n          \"count\": 500,\r\n          \"dynamicThrottlingEnabled\": false,\r\n          \"matchPatterns\": [\r\n            {\r\n              \"path\": \"billing/*\",\r\n              \"method\": \"*\"\r\n            }\r\n          ]\r\n        },\r\n        {\r\n          \"key\": \"default\",\r\n          \"renewalPeriod\": 1,\r\n          \"count\": 10,\r\n          \"dynamicThrottlingEnabled\": false,\r\n          \"matchPatterns\": [\r\n            {\r\n              \"path\": \"*\",\r\n              \"method\": \"*\"\r\n            }\r\n          ]\r\n        }\r\n      ]\r\n    },\r\n    \"isMigrated\": false,\r\n    \"customSubDomainName\": \"csapstestrg3757\",\r\n    \"privateEndpointConnections\": [],\r\n    \"publicNetworkAccess\": \"Enabled\",\r\n    \"capabilities\": [\r\n      {\r\n        \"name\": \"VirtualNetworks\"\r\n      },\r\n      {\r\n        \"name\": \"Container\",\r\n        \"value\": \"Face.*,Face.Face\"\r\n      },\r\n      {\r\n        \"name\": \"Scenario\",\r\n        \"value\": \"Face.LegacyPreview,Face.Legacy\"\r\n      }\r\n    ],\r\n    \"endpoints\": {\r\n      \"Face\": \"https://csapstestrg3757.cognitiveservices.azure.com/\"\r\n    },\r\n    \"provisioningState\": \"Succeeded\"\r\n  },\r\n  \"systemData\": {\r\n    \"createdBy\": \"50841d5f-166a-406c-8472-6800c9698b43\",\r\n    \"createdByType\": \"Application\",\r\n    \"createdAt\": \"2022-10-19T19:10:37.1983158Z\",\r\n    \"lastModifiedBy\": \"50841d5f-166a-406c-8472-6800c9698b43\",\r\n    \"lastModifiedByType\": \"Application\",\r\n    \"lastModifiedAt\": \"2022-10-19T19:10:37.1983158Z\"\r\n  }\r\n}",
      "StatusCode": 200
    },
    {
      "RequestUri": "/subscriptions/f9b96b36-1f5e-4021-8959-51527e26e6d3/resourceGroups/pstestrg3757/providers/Microsoft.CognitiveServices/accounts/csapstestrg3757?api-version=2022-10-01",
      "EncodedRequestUri": "L3N1YnNjcmlwdGlvbnMvZjliOTZiMzYtMWY1ZS00MDIxLTg5NTktNTE1MjdlMjZlNmQzL3Jlc291cmNlR3JvdXBzL3BzdGVzdHJnMzc1Ny9wcm92aWRlcnMvTWljcm9zb2Z0LkNvZ25pdGl2ZVNlcnZpY2VzL2FjY291bnRzL2NzYXBzdGVzdHJnMzc1Nz9hcGktdmVyc2lvbj0yMDIyLTEwLTAx",
      "RequestMethod": "GET",
      "RequestHeaders": {
        "x-ms-client-request-id": [
          "5bb252e9-eb52-4681-876a-d539c1a6b1db"
        ],
        "User-Agent": [
          "FxVersion/4.700.22.47601",
          "OSName/Windows",
          "OSVersion/Microsoft.Windows.10.0.22621",
          "Microsoft.Azure.Management.CognitiveServices.CognitiveServicesManagementClient/8.4.0.0"
        ]
      },
      "RequestBody": "",
      "ResponseHeaders": {
        "Cache-Control": [
          "no-cache"
        ],
        "Pragma": [
          "no-cache"
        ],
        "ETag": [
          "\"090031c6-0000-0500-0000-63504bce0000\""
        ],
        "X-Content-Type-Options": [
          "nosniff"
        ],
        "x-ms-request-id": [
          "d69acc4d-a8d9-429e-8235-b79d4e1cc89d"
        ],
        "x-envoy-upstream-service-time": [
          "9"
        ],
        "Server": [
          "istio-envoy"
        ],
        "x-ms-ratelimit-remaining-subscription-reads": [
          "11998"
        ],
        "x-ms-correlation-request-id": [
          "351df180-b9a7-4b65-99a8-19c4723cb2ce"
        ],
        "x-ms-routing-request-id": [
          "WESTUS2:20221019T191142Z:351df180-b9a7-4b65-99a8-19c4723cb2ce"
        ],
        "Strict-Transport-Security": [
          "max-age=31536000; includeSubDomains"
        ],
        "Date": [
          "Wed, 19 Oct 2022 19:11:42 GMT"
        ],
        "Content-Length": [
          "1615"
        ],
        "Content-Type": [
          "application/json; charset=utf-8"
        ],
        "Expires": [
          "-1"
        ]
      },
      "ResponseBody": "{\r\n  \"id\": \"/subscriptions/f9b96b36-1f5e-4021-8959-51527e26e6d3/resourceGroups/pstestrg3757/providers/Microsoft.CognitiveServices/accounts/csapstestrg3757\",\r\n  \"name\": \"csapstestrg3757\",\r\n  \"type\": \"Microsoft.CognitiveServices/accounts\",\r\n  \"etag\": \"\\\"090031c6-0000-0500-0000-63504bce0000\\\"\",\r\n  \"location\": \"SOUTHCENTRALUS\",\r\n  \"sku\": {\r\n    \"name\": \"S0\"\r\n  },\r\n  \"kind\": \"Face\",\r\n  \"properties\": {\r\n    \"endpoint\": \"https://csapstestrg3757.cognitiveservices.azure.com/\",\r\n    \"provisioningState\": \"Succeeded\",\r\n    \"internalId\": \"27be6258bd88413e871c0a4dd2ce36d4\",\r\n    \"dateCreated\": \"2022-10-19T19:10:37.5945584Z\",\r\n    \"callRateLimit\": {\r\n      \"rules\": [\r\n        {\r\n          \"key\": \"face\",\r\n          \"renewalPeriod\": 1,\r\n          \"count\": 10,\r\n          \"dynamicThrottlingEnabled\": false,\r\n          \"matchPatterns\": [\r\n            {\r\n              \"path\": \"face/*\",\r\n              \"method\": \"*\"\r\n            }\r\n          ]\r\n        },\r\n        {\r\n          \"key\": \"container.billing\",\r\n          \"renewalPeriod\": 10,\r\n          \"count\": 500,\r\n          \"dynamicThrottlingEnabled\": false,\r\n          \"matchPatterns\": [\r\n            {\r\n              \"path\": \"billing/*\",\r\n              \"method\": \"*\"\r\n            }\r\n          ]\r\n        },\r\n        {\r\n          \"key\": \"default\",\r\n          \"renewalPeriod\": 1,\r\n          \"count\": 10,\r\n          \"dynamicThrottlingEnabled\": false,\r\n          \"matchPatterns\": [\r\n            {\r\n              \"path\": \"*\",\r\n              \"method\": \"*\"\r\n            }\r\n          ]\r\n        }\r\n      ]\r\n    },\r\n    \"isMigrated\": false,\r\n    \"customSubDomainName\": \"csapstestrg3757\",\r\n    \"privateEndpointConnections\": [],\r\n    \"publicNetworkAccess\": \"Enabled\",\r\n    \"capabilities\": [\r\n      {\r\n        \"name\": \"VirtualNetworks\"\r\n      },\r\n      {\r\n        \"name\": \"Container\",\r\n        \"value\": \"Face.*,Face.Face\"\r\n      },\r\n      {\r\n        \"name\": \"Scenario\",\r\n        \"value\": \"Face.LegacyPreview,Face.Legacy\"\r\n      }\r\n    ],\r\n    \"disableLocalAuth\": true,\r\n    \"endpoints\": {\r\n      \"Face\": \"https://csapstestrg3757.cognitiveservices.azure.com/\"\r\n    }\r\n  },\r\n  \"systemData\": {\r\n    \"createdBy\": \"50841d5f-166a-406c-8472-6800c9698b43\",\r\n    \"createdByType\": \"Application\",\r\n    \"createdAt\": \"2022-10-19T19:10:37.1983158Z\",\r\n    \"lastModifiedBy\": \"50841d5f-166a-406c-8472-6800c9698b43\",\r\n    \"lastModifiedByType\": \"Application\",\r\n    \"lastModifiedAt\": \"2022-10-19T19:11:10.373684Z\"\r\n  }\r\n}",
      "StatusCode": 200
    },
    {
      "RequestUri": "/subscriptions/f9b96b36-1f5e-4021-8959-51527e26e6d3/resourceGroups/pstestrg3757/providers/Microsoft.CognitiveServices/accounts/csapstestrg3757?api-version=2022-10-01",
      "EncodedRequestUri": "L3N1YnNjcmlwdGlvbnMvZjliOTZiMzYtMWY1ZS00MDIxLTg5NTktNTE1MjdlMjZlNmQzL3Jlc291cmNlR3JvdXBzL3BzdGVzdHJnMzc1Ny9wcm92aWRlcnMvTWljcm9zb2Z0LkNvZ25pdGl2ZVNlcnZpY2VzL2FjY291bnRzL2NzYXBzdGVzdHJnMzc1Nz9hcGktdmVyc2lvbj0yMDIyLTEwLTAx",
      "RequestMethod": "GET",
      "RequestHeaders": {
        "x-ms-client-request-id": [
          "767e0631-d66c-40f8-8a74-ffc0f1312169"
        ],
        "User-Agent": [
          "FxVersion/4.700.22.47601",
          "OSName/Windows",
          "OSVersion/Microsoft.Windows.10.0.22621",
          "Microsoft.Azure.Management.CognitiveServices.CognitiveServicesManagementClient/8.4.0.0"
        ]
      },
      "RequestBody": "",
      "ResponseHeaders": {
        "Cache-Control": [
          "no-cache"
        ],
        "Pragma": [
          "no-cache"
        ],
        "ETag": [
          "\"09008dc7-0000-0500-0000-63504bf10000\""
        ],
        "X-Content-Type-Options": [
          "nosniff"
        ],
        "x-ms-request-id": [
          "30ff1199-d5d1-4a1c-b8dd-e8a28afe10a7"
        ],
        "x-envoy-upstream-service-time": [
          "8"
        ],
        "Server": [
          "istio-envoy"
        ],
        "x-ms-ratelimit-remaining-subscription-reads": [
          "11998"
        ],
        "x-ms-correlation-request-id": [
          "1d67dc39-b1b5-4c0f-9e06-6661a18c8715"
        ],
        "x-ms-routing-request-id": [
          "WESTUS2:20221019T191216Z:1d67dc39-b1b5-4c0f-9e06-6661a18c8715"
        ],
        "Strict-Transport-Security": [
          "max-age=31536000; includeSubDomains"
        ],
        "Date": [
          "Wed, 19 Oct 2022 19:12:15 GMT"
        ],
        "Content-Length": [
          "1617"
        ],
        "Content-Type": [
          "application/json; charset=utf-8"
        ],
        "Expires": [
          "-1"
        ]
      },
      "ResponseBody": "{\r\n  \"id\": \"/subscriptions/f9b96b36-1f5e-4021-8959-51527e26e6d3/resourceGroups/pstestrg3757/providers/Microsoft.CognitiveServices/accounts/csapstestrg3757\",\r\n  \"name\": \"csapstestrg3757\",\r\n  \"type\": \"Microsoft.CognitiveServices/accounts\",\r\n  \"etag\": \"\\\"09008dc7-0000-0500-0000-63504bf10000\\\"\",\r\n  \"location\": \"SOUTHCENTRALUS\",\r\n  \"sku\": {\r\n    \"name\": \"S0\"\r\n  },\r\n  \"kind\": \"Face\",\r\n  \"properties\": {\r\n    \"endpoint\": \"https://csapstestrg3757.cognitiveservices.azure.com/\",\r\n    \"provisioningState\": \"Succeeded\",\r\n    \"internalId\": \"27be6258bd88413e871c0a4dd2ce36d4\",\r\n    \"dateCreated\": \"2022-10-19T19:10:37.5945584Z\",\r\n    \"callRateLimit\": {\r\n      \"rules\": [\r\n        {\r\n          \"key\": \"face\",\r\n          \"renewalPeriod\": 1,\r\n          \"count\": 10,\r\n          \"dynamicThrottlingEnabled\": false,\r\n          \"matchPatterns\": [\r\n            {\r\n              \"path\": \"face/*\",\r\n              \"method\": \"*\"\r\n            }\r\n          ]\r\n        },\r\n        {\r\n          \"key\": \"container.billing\",\r\n          \"renewalPeriod\": 10,\r\n          \"count\": 500,\r\n          \"dynamicThrottlingEnabled\": false,\r\n          \"matchPatterns\": [\r\n            {\r\n              \"path\": \"billing/*\",\r\n              \"method\": \"*\"\r\n            }\r\n          ]\r\n        },\r\n        {\r\n          \"key\": \"default\",\r\n          \"renewalPeriod\": 1,\r\n          \"count\": 10,\r\n          \"dynamicThrottlingEnabled\": false,\r\n          \"matchPatterns\": [\r\n            {\r\n              \"path\": \"*\",\r\n              \"method\": \"*\"\r\n            }\r\n          ]\r\n        }\r\n      ]\r\n    },\r\n    \"isMigrated\": false,\r\n    \"customSubDomainName\": \"csapstestrg3757\",\r\n    \"privateEndpointConnections\": [],\r\n    \"publicNetworkAccess\": \"Enabled\",\r\n    \"capabilities\": [\r\n      {\r\n        \"name\": \"VirtualNetworks\"\r\n      },\r\n      {\r\n        \"name\": \"Container\",\r\n        \"value\": \"Face.*,Face.Face\"\r\n      },\r\n      {\r\n        \"name\": \"Scenario\",\r\n        \"value\": \"Face.LegacyPreview,Face.Legacy\"\r\n      }\r\n    ],\r\n    \"disableLocalAuth\": false,\r\n    \"endpoints\": {\r\n      \"Face\": \"https://csapstestrg3757.cognitiveservices.azure.com/\"\r\n    }\r\n  },\r\n  \"systemData\": {\r\n    \"createdBy\": \"50841d5f-166a-406c-8472-6800c9698b43\",\r\n    \"createdByType\": \"Application\",\r\n    \"createdAt\": \"2022-10-19T19:10:37.1983158Z\",\r\n    \"lastModifiedBy\": \"50841d5f-166a-406c-8472-6800c9698b43\",\r\n    \"lastModifiedByType\": \"Application\",\r\n    \"lastModifiedAt\": \"2022-10-19T19:11:44.2788984Z\"\r\n  }\r\n}",
      "StatusCode": 200
    },
    {
      "RequestUri": "/subscriptions/f9b96b36-1f5e-4021-8959-51527e26e6d3/resourceGroups/pstestrg3757/providers/Microsoft.CognitiveServices/accounts/csapstestrg3757?api-version=2022-10-01",
      "EncodedRequestUri": "L3N1YnNjcmlwdGlvbnMvZjliOTZiMzYtMWY1ZS00MDIxLTg5NTktNTE1MjdlMjZlNmQzL3Jlc291cmNlR3JvdXBzL3BzdGVzdHJnMzc1Ny9wcm92aWRlcnMvTWljcm9zb2Z0LkNvZ25pdGl2ZVNlcnZpY2VzL2FjY291bnRzL2NzYXBzdGVzdHJnMzc1Nz9hcGktdmVyc2lvbj0yMDIyLTEwLTAx",
      "RequestMethod": "PATCH",
      "RequestHeaders": {
        "x-ms-client-request-id": [
          "5bb252e9-eb52-4681-876a-d539c1a6b1db"
        ],
        "Accept-Language": [
          "en-US"
        ],
        "User-Agent": [
          "FxVersion/4.700.22.47601",
          "OSName/Windows",
          "OSVersion/Microsoft.Windows.10.0.22621",
          "Microsoft.Azure.Management.CognitiveServices.CognitiveServicesManagementClient/8.4.0.0"
        ],
        "Content-Type": [
          "application/json; charset=utf-8"
        ],
        "Content-Length": [
          "58"
        ]
      },
      "RequestBody": "{\r\n  \"properties\": {\r\n    \"disableLocalAuth\": true\r\n  }\r\n}",
      "ResponseHeaders": {
        "Cache-Control": [
          "no-cache"
        ],
        "Pragma": [
          "no-cache"
        ],
        "ETag": [
          "\"09002dc6-0000-0500-0000-63504bce0000\""
        ],
        "Location": [
          "https://management.azure.com/subscriptions/f9b96b36-1f5e-4021-8959-51527e26e6d3/providers/Microsoft.CognitiveServices/locations/SOUTHCENTRALUS/operationResults/780e1a0c-664f-40af-affa-e31d59bb1424?api-version=2017-04-18&operationResultResponseType=Location"
        ],
        "X-Content-Type-Options": [
          "nosniff"
        ],
        "x-ms-request-id": [
          "7a033e4a-d7bd-4ca3-80d2-5ccc8a47d8e4"
        ],
        "azure-asyncoperation": [
          "https://management.azure.com/subscriptions/f9b96b36-1f5e-4021-8959-51527e26e6d3/providers/Microsoft.CognitiveServices/locations/SOUTHCENTRALUS/operationResults/780e1a0c-664f-40af-affa-e31d59bb1424?api-version=2017-04-18"
        ],
        "x-envoy-upstream-service-time": [
          "122"
        ],
        "Server": [
          "istio-envoy"
        ],
        "x-ms-ratelimit-remaining-subscription-writes": [
          "1199"
        ],
        "x-ms-correlation-request-id": [
          "4cce79d3-d442-4c1e-9d42-497784835b7b"
        ],
        "x-ms-routing-request-id": [
          "WESTUS2:20221019T191112Z:4cce79d3-d442-4c1e-9d42-497784835b7b"
        ],
        "Strict-Transport-Security": [
          "max-age=31536000; includeSubDomains"
        ],
        "Date": [
          "Wed, 19 Oct 2022 19:11:12 GMT"
        ],
        "Content-Length": [
          "1614"
        ],
        "Content-Type": [
          "application/json; charset=utf-8"
        ],
        "Expires": [
          "-1"
        ]
      },
      "ResponseBody": "{\r\n  \"id\": \"/subscriptions/f9b96b36-1f5e-4021-8959-51527e26e6d3/resourceGroups/pstestrg3757/providers/Microsoft.CognitiveServices/accounts/csapstestrg3757\",\r\n  \"name\": \"csapstestrg3757\",\r\n  \"type\": \"Microsoft.CognitiveServices/accounts\",\r\n  \"etag\": \"\\\"09002dc6-0000-0500-0000-63504bce0000\\\"\",\r\n  \"location\": \"SOUTHCENTRALUS\",\r\n  \"sku\": {\r\n    \"name\": \"S0\"\r\n  },\r\n  \"kind\": \"Face\",\r\n  \"properties\": {\r\n    \"endpoint\": \"https://csapstestrg3757.cognitiveservices.azure.com/\",\r\n    \"provisioningState\": \"Accepted\",\r\n    \"internalId\": \"27be6258bd88413e871c0a4dd2ce36d4\",\r\n    \"dateCreated\": \"2022-10-19T19:10:37.5945584Z\",\r\n    \"callRateLimit\": {\r\n      \"rules\": [\r\n        {\r\n          \"key\": \"face\",\r\n          \"renewalPeriod\": 1,\r\n          \"count\": 10,\r\n          \"dynamicThrottlingEnabled\": false,\r\n          \"matchPatterns\": [\r\n            {\r\n              \"path\": \"face/*\",\r\n              \"method\": \"*\"\r\n            }\r\n          ]\r\n        },\r\n        {\r\n          \"key\": \"container.billing\",\r\n          \"renewalPeriod\": 10,\r\n          \"count\": 500,\r\n          \"dynamicThrottlingEnabled\": false,\r\n          \"matchPatterns\": [\r\n            {\r\n              \"path\": \"billing/*\",\r\n              \"method\": \"*\"\r\n            }\r\n          ]\r\n        },\r\n        {\r\n          \"key\": \"default\",\r\n          \"renewalPeriod\": 1,\r\n          \"count\": 10,\r\n          \"dynamicThrottlingEnabled\": false,\r\n          \"matchPatterns\": [\r\n            {\r\n              \"path\": \"*\",\r\n              \"method\": \"*\"\r\n            }\r\n          ]\r\n        }\r\n      ]\r\n    },\r\n    \"isMigrated\": false,\r\n    \"customSubDomainName\": \"csapstestrg3757\",\r\n    \"privateEndpointConnections\": [],\r\n    \"publicNetworkAccess\": \"Enabled\",\r\n    \"capabilities\": [\r\n      {\r\n        \"name\": \"VirtualNetworks\"\r\n      },\r\n      {\r\n        \"name\": \"Container\",\r\n        \"value\": \"Face.*,Face.Face\"\r\n      },\r\n      {\r\n        \"name\": \"Scenario\",\r\n        \"value\": \"Face.LegacyPreview,Face.Legacy\"\r\n      }\r\n    ],\r\n    \"disableLocalAuth\": true,\r\n    \"endpoints\": {\r\n      \"Face\": \"https://csapstestrg3757.cognitiveservices.azure.com/\"\r\n    }\r\n  },\r\n  \"systemData\": {\r\n    \"createdBy\": \"50841d5f-166a-406c-8472-6800c9698b43\",\r\n    \"createdByType\": \"Application\",\r\n    \"createdAt\": \"2022-10-19T19:10:37.1983158Z\",\r\n    \"lastModifiedBy\": \"50841d5f-166a-406c-8472-6800c9698b43\",\r\n    \"lastModifiedByType\": \"Application\",\r\n    \"lastModifiedAt\": \"2022-10-19T19:11:10.373684Z\"\r\n  }\r\n}",
      "StatusCode": 202
    },
    {
      "RequestUri": "/subscriptions/f9b96b36-1f5e-4021-8959-51527e26e6d3/resourceGroups/pstestrg3757/providers/Microsoft.CognitiveServices/accounts/csapstestrg3757?api-version=2022-10-01",
      "EncodedRequestUri": "L3N1YnNjcmlwdGlvbnMvZjliOTZiMzYtMWY1ZS00MDIxLTg5NTktNTE1MjdlMjZlNmQzL3Jlc291cmNlR3JvdXBzL3BzdGVzdHJnMzc1Ny9wcm92aWRlcnMvTWljcm9zb2Z0LkNvZ25pdGl2ZVNlcnZpY2VzL2FjY291bnRzL2NzYXBzdGVzdHJnMzc1Nz9hcGktdmVyc2lvbj0yMDIyLTEwLTAx",
      "RequestMethod": "PATCH",
      "RequestHeaders": {
        "x-ms-client-request-id": [
          "767e0631-d66c-40f8-8a74-ffc0f1312169"
        ],
        "Accept-Language": [
          "en-US"
        ],
        "User-Agent": [
          "FxVersion/4.700.22.47601",
          "OSName/Windows",
          "OSVersion/Microsoft.Windows.10.0.22621",
          "Microsoft.Azure.Management.CognitiveServices.CognitiveServicesManagementClient/8.4.0.0"
        ],
        "Content-Type": [
          "application/json; charset=utf-8"
        ],
        "Content-Length": [
          "59"
        ]
      },
      "RequestBody": "{\r\n  \"properties\": {\r\n    \"disableLocalAuth\": false\r\n  }\r\n}",
      "ResponseHeaders": {
        "Cache-Control": [
          "no-cache"
        ],
        "Pragma": [
          "no-cache"
        ],
        "ETag": [
          "\"090084c7-0000-0500-0000-63504bf00000\""
        ],
        "Location": [
          "https://management.azure.com/subscriptions/f9b96b36-1f5e-4021-8959-51527e26e6d3/providers/Microsoft.CognitiveServices/locations/SOUTHCENTRALUS/operationResults/05521566-1798-4f6f-a3a1-85f35dfa73f2?api-version=2017-04-18&operationResultResponseType=Location"
        ],
        "X-Content-Type-Options": [
          "nosniff"
        ],
        "x-ms-request-id": [
          "35ec8bb3-56a9-4ca6-a5de-ab78bfbba3e6"
        ],
        "azure-asyncoperation": [
          "https://management.azure.com/subscriptions/f9b96b36-1f5e-4021-8959-51527e26e6d3/providers/Microsoft.CognitiveServices/locations/SOUTHCENTRALUS/operationResults/05521566-1798-4f6f-a3a1-85f35dfa73f2?api-version=2017-04-18"
        ],
        "x-envoy-upstream-service-time": [
          "82"
        ],
        "Server": [
          "istio-envoy"
        ],
        "x-ms-ratelimit-remaining-subscription-writes": [
          "1199"
        ],
        "x-ms-correlation-request-id": [
          "61ec39f6-f106-4b90-8f0a-769127333d12"
        ],
        "x-ms-routing-request-id": [
          "WESTUS2:20221019T191145Z:61ec39f6-f106-4b90-8f0a-769127333d12"
        ],
        "Strict-Transport-Security": [
          "max-age=31536000; includeSubDomains"
        ],
        "Date": [
          "Wed, 19 Oct 2022 19:11:45 GMT"
        ],
        "Content-Length": [
          "1616"
        ],
        "Content-Type": [
          "application/json; charset=utf-8"
        ],
        "Expires": [
          "-1"
        ]
      },
      "ResponseBody": "{\r\n  \"id\": \"/subscriptions/f9b96b36-1f5e-4021-8959-51527e26e6d3/resourceGroups/pstestrg3757/providers/Microsoft.CognitiveServices/accounts/csapstestrg3757\",\r\n  \"name\": \"csapstestrg3757\",\r\n  \"type\": \"Microsoft.CognitiveServices/accounts\",\r\n  \"etag\": \"\\\"090084c7-0000-0500-0000-63504bf00000\\\"\",\r\n  \"location\": \"SOUTHCENTRALUS\",\r\n  \"sku\": {\r\n    \"name\": \"S0\"\r\n  },\r\n  \"kind\": \"Face\",\r\n  \"properties\": {\r\n    \"endpoint\": \"https://csapstestrg3757.cognitiveservices.azure.com/\",\r\n    \"provisioningState\": \"Accepted\",\r\n    \"internalId\": \"27be6258bd88413e871c0a4dd2ce36d4\",\r\n    \"dateCreated\": \"2022-10-19T19:10:37.5945584Z\",\r\n    \"callRateLimit\": {\r\n      \"rules\": [\r\n        {\r\n          \"key\": \"face\",\r\n          \"renewalPeriod\": 1,\r\n          \"count\": 10,\r\n          \"dynamicThrottlingEnabled\": false,\r\n          \"matchPatterns\": [\r\n            {\r\n              \"path\": \"face/*\",\r\n              \"method\": \"*\"\r\n            }\r\n          ]\r\n        },\r\n        {\r\n          \"key\": \"container.billing\",\r\n          \"renewalPeriod\": 10,\r\n          \"count\": 500,\r\n          \"dynamicThrottlingEnabled\": false,\r\n          \"matchPatterns\": [\r\n            {\r\n              \"path\": \"billing/*\",\r\n              \"method\": \"*\"\r\n            }\r\n          ]\r\n        },\r\n        {\r\n          \"key\": \"default\",\r\n          \"renewalPeriod\": 1,\r\n          \"count\": 10,\r\n          \"dynamicThrottlingEnabled\": false,\r\n          \"matchPatterns\": [\r\n            {\r\n              \"path\": \"*\",\r\n              \"method\": \"*\"\r\n            }\r\n          ]\r\n        }\r\n      ]\r\n    },\r\n    \"isMigrated\": false,\r\n    \"customSubDomainName\": \"csapstestrg3757\",\r\n    \"privateEndpointConnections\": [],\r\n    \"publicNetworkAccess\": \"Enabled\",\r\n    \"capabilities\": [\r\n      {\r\n        \"name\": \"VirtualNetworks\"\r\n      },\r\n      {\r\n        \"name\": \"Container\",\r\n        \"value\": \"Face.*,Face.Face\"\r\n      },\r\n      {\r\n        \"name\": \"Scenario\",\r\n        \"value\": \"Face.LegacyPreview,Face.Legacy\"\r\n      }\r\n    ],\r\n    \"disableLocalAuth\": false,\r\n    \"endpoints\": {\r\n      \"Face\": \"https://csapstestrg3757.cognitiveservices.azure.com/\"\r\n    }\r\n  },\r\n  \"systemData\": {\r\n    \"createdBy\": \"50841d5f-166a-406c-8472-6800c9698b43\",\r\n    \"createdByType\": \"Application\",\r\n    \"createdAt\": \"2022-10-19T19:10:37.1983158Z\",\r\n    \"lastModifiedBy\": \"50841d5f-166a-406c-8472-6800c9698b43\",\r\n    \"lastModifiedByType\": \"Application\",\r\n    \"lastModifiedAt\": \"2022-10-19T19:11:44.2788984Z\"\r\n  }\r\n}",
      "StatusCode": 202
    },
    {
      "RequestUri": "/subscriptions/f9b96b36-1f5e-4021-8959-51527e26e6d3/providers/Microsoft.CognitiveServices/locations/SOUTHCENTRALUS/operationResults/780e1a0c-664f-40af-affa-e31d59bb1424?api-version=2017-04-18",
      "EncodedRequestUri": "L3N1YnNjcmlwdGlvbnMvZjliOTZiMzYtMWY1ZS00MDIxLTg5NTktNTE1MjdlMjZlNmQzL3Byb3ZpZGVycy9NaWNyb3NvZnQuQ29nbml0aXZlU2VydmljZXMvbG9jYXRpb25zL1NPVVRIQ0VOVFJBTFVTL29wZXJhdGlvblJlc3VsdHMvNzgwZTFhMGMtNjY0Zi00MGFmLWFmZmEtZTMxZDU5YmIxNDI0P2FwaS12ZXJzaW9uPTIwMTctMDQtMTg=",
      "RequestMethod": "GET",
      "RequestHeaders": {
        "x-ms-client-request-id": [
          "5bb252e9-eb52-4681-876a-d539c1a6b1db"
        ],
        "User-Agent": [
          "FxVersion/4.700.22.47601",
          "OSName/Windows",
          "OSVersion/Microsoft.Windows.10.0.22621",
          "Microsoft.Azure.Management.CognitiveServices.CognitiveServicesManagementClient/8.4.0.0"
        ]
      },
      "RequestBody": "",
      "ResponseHeaders": {
        "Cache-Control": [
          "no-cache"
        ],
        "Pragma": [
          "no-cache"
        ],
        "X-Content-Type-Options": [
          "nosniff"
        ],
        "x-ms-request-id": [
          "69986f0f-fd50-4579-8dbd-6fc8c4af86e8"
        ],
        "x-envoy-upstream-service-time": [
          "5"
        ],
        "Server": [
          "istio-envoy"
        ],
        "x-ms-ratelimit-remaining-subscription-reads": [
          "11999"
        ],
        "x-ms-correlation-request-id": [
          "f3c98890-410a-4bc6-bfb3-90c27ea7817c"
        ],
        "x-ms-routing-request-id": [
          "WESTUS2:20221019T191142Z:f3c98890-410a-4bc6-bfb3-90c27ea7817c"
        ],
        "Strict-Transport-Security": [
          "max-age=31536000; includeSubDomains"
        ],
        "Date": [
          "Wed, 19 Oct 2022 19:11:42 GMT"
        ],
        "Content-Length": [
          "312"
        ],
        "Content-Type": [
          "application/json; charset=utf-8"
        ],
        "Expires": [
          "-1"
        ]
      },
      "ResponseBody": "{\r\n  \"id\": \"/subscriptions/f9b96b36-1f5e-4021-8959-51527e26e6d3/providers/Microsoft.CognitiveServices/locations/SOUTHCENTRALUS/operationResults/780e1a0c-664f-40af-affa-e31d59bb1424\",\r\n  \"name\": \"780e1a0c-664f-40af-affa-e31d59bb1424\",\r\n  \"status\": \"Succeeded\",\r\n  \"startTime\": \"2022-10-19T19:11:10Z\",\r\n  \"endTime\": \"2022-10-19T19:11:10Z\"\r\n}",
      "StatusCode": 200
    },
    {
      "RequestUri": "/subscriptions/f9b96b36-1f5e-4021-8959-51527e26e6d3/providers/Microsoft.CognitiveServices/locations/SOUTHCENTRALUS/operationResults/05521566-1798-4f6f-a3a1-85f35dfa73f2?api-version=2017-04-18",
      "EncodedRequestUri": "L3N1YnNjcmlwdGlvbnMvZjliOTZiMzYtMWY1ZS00MDIxLTg5NTktNTE1MjdlMjZlNmQzL3Byb3ZpZGVycy9NaWNyb3NvZnQuQ29nbml0aXZlU2VydmljZXMvbG9jYXRpb25zL1NPVVRIQ0VOVFJBTFVTL29wZXJhdGlvblJlc3VsdHMvMDU1MjE1NjYtMTc5OC00ZjZmLWEzYTEtODVmMzVkZmE3M2YyP2FwaS12ZXJzaW9uPTIwMTctMDQtMTg=",
      "RequestMethod": "GET",
      "RequestHeaders": {
        "x-ms-client-request-id": [
          "767e0631-d66c-40f8-8a74-ffc0f1312169"
        ],
        "User-Agent": [
          "FxVersion/4.700.22.47601",
          "OSName/Windows",
          "OSVersion/Microsoft.Windows.10.0.22621",
          "Microsoft.Azure.Management.CognitiveServices.CognitiveServicesManagementClient/8.4.0.0"
        ]
      },
      "RequestBody": "",
      "ResponseHeaders": {
        "Cache-Control": [
          "no-cache"
        ],
        "Pragma": [
          "no-cache"
        ],
        "X-Content-Type-Options": [
          "nosniff"
        ],
        "x-ms-request-id": [
          "ee1f5571-a234-44b5-8f70-07201546a78c"
        ],
        "x-envoy-upstream-service-time": [
          "8"
        ],
        "Server": [
          "istio-envoy"
        ],
        "x-ms-ratelimit-remaining-subscription-reads": [
          "11999"
        ],
        "x-ms-correlation-request-id": [
          "b43e869d-859a-42f5-994a-f0be10e09871"
        ],
        "x-ms-routing-request-id": [
          "WESTUS2:20221019T191216Z:b43e869d-859a-42f5-994a-f0be10e09871"
        ],
        "Strict-Transport-Security": [
          "max-age=31536000; includeSubDomains"
        ],
        "Date": [
          "Wed, 19 Oct 2022 19:12:15 GMT"
        ],
        "Content-Length": [
          "312"
        ],
        "Content-Type": [
          "application/json; charset=utf-8"
        ],
        "Expires": [
          "-1"
        ]
      },
      "ResponseBody": "{\r\n  \"id\": \"/subscriptions/f9b96b36-1f5e-4021-8959-51527e26e6d3/providers/Microsoft.CognitiveServices/locations/SOUTHCENTRALUS/operationResults/05521566-1798-4f6f-a3a1-85f35dfa73f2\",\r\n  \"name\": \"05521566-1798-4f6f-a3a1-85f35dfa73f2\",\r\n  \"status\": \"Succeeded\",\r\n  \"startTime\": \"2022-10-19T19:11:44Z\",\r\n  \"endTime\": \"2022-10-19T19:11:45Z\"\r\n}",
      "StatusCode": 200
    },
    {
      "RequestUri": "/subscriptions/f9b96b36-1f5e-4021-8959-51527e26e6d3/resourcegroups/pstestrg3757?api-version=2016-09-01",
      "EncodedRequestUri": "L3N1YnNjcmlwdGlvbnMvZjliOTZiMzYtMWY1ZS00MDIxLTg5NTktNTE1MjdlMjZlNmQzL3Jlc291cmNlZ3JvdXBzL3BzdGVzdHJnMzc1Nz9hcGktdmVyc2lvbj0yMDE2LTA5LTAx",
      "RequestMethod": "DELETE",
      "RequestHeaders": {
        "x-ms-client-request-id": [
          "9247abda-b114-409a-8f3d-11623f50fb01"
        ],
        "Accept-Language": [
          "en-US"
        ],
        "User-Agent": [
          "FxVersion/4.700.22.47601",
          "OSName/Windows",
          "OSVersion/Microsoft.Windows.10.0.22621",
          "Microsoft.Azure.Management.Internal.Resources.ResourceManagementClient/1.3.63"
        ]
      },
      "RequestBody": "",
      "ResponseHeaders": {
        "Cache-Control": [
          "no-cache"
        ],
        "Pragma": [
          "no-cache"
        ],
        "Location": [
          "https://management.azure.com/subscriptions/f9b96b36-1f5e-4021-8959-51527e26e6d3/operationresults/eyJqb2JJZCI6IlJFU09VUkNFR1JPVVBERUxFVElPTkpPQi1QU1RFU1RSRzM3NTctU09VVEhDRU5UUkFMVVMiLCJqb2JMb2NhdGlvbiI6InNvdXRoY2VudHJhbHVzIn0?api-version=2016-09-01"
        ],
        "Retry-After": [
          "15"
        ],
        "x-ms-ratelimit-remaining-subscription-deletes": [
          "14999"
        ],
        "x-ms-request-id": [
          "f9faa267-fc20-4fb0-8208-8f8235588902"
        ],
        "x-ms-correlation-request-id": [
          "f9faa267-fc20-4fb0-8208-8f8235588902"
        ],
        "x-ms-routing-request-id": [
          "WESTUS2:20221019T191217Z:f9faa267-fc20-4fb0-8208-8f8235588902"
        ],
        "Strict-Transport-Security": [
          "max-age=31536000; includeSubDomains"
        ],
        "X-Content-Type-Options": [
          "nosniff"
        ],
        "Date": [
          "Wed, 19 Oct 2022 19:12:17 GMT"
        ],
        "Expires": [
          "-1"
        ],
        "Content-Length": [
          "0"
        ]
      },
      "ResponseBody": "",
      "StatusCode": 202
    },
    {
      "RequestUri": "/subscriptions/f9b96b36-1f5e-4021-8959-51527e26e6d3/operationresults/eyJqb2JJZCI6IlJFU09VUkNFR1JPVVBERUxFVElPTkpPQi1QU1RFU1RSRzM3NTctU09VVEhDRU5UUkFMVVMiLCJqb2JMb2NhdGlvbiI6InNvdXRoY2VudHJhbHVzIn0?api-version=2016-09-01",
      "EncodedRequestUri": "L3N1YnNjcmlwdGlvbnMvZjliOTZiMzYtMWY1ZS00MDIxLTg5NTktNTE1MjdlMjZlNmQzL29wZXJhdGlvbnJlc3VsdHMvZXlKcWIySkpaQ0k2SWxKRlUwOVZVa05GUjFKUFZWQkVSVXhGVkVsUFRrcFBRaTFRVTFSRlUxUlNSek0zTlRjdFUwOVZWRWhEUlU1VVVrRk1WVk1pTENKcWIySk1iMk5oZEdsdmJpSTZJbk52ZFhSb1kyVnVkSEpoYkhWekluMD9hcGktdmVyc2lvbj0yMDE2LTA5LTAx",
      "RequestMethod": "GET",
      "RequestHeaders": {
        "User-Agent": [
          "FxVersion/4.700.22.47601",
          "OSName/Windows",
          "OSVersion/Microsoft.Windows.10.0.22621",
          "Microsoft.Azure.Management.Internal.Resources.ResourceManagementClient/1.3.63"
        ]
      },
      "RequestBody": "",
      "ResponseHeaders": {
        "Cache-Control": [
          "no-cache"
        ],
        "Pragma": [
          "no-cache"
        ],
        "Location": [
          "https://management.azure.com/subscriptions/f9b96b36-1f5e-4021-8959-51527e26e6d3/operationresults/eyJqb2JJZCI6IlJFU09VUkNFR1JPVVBERUxFVElPTkpPQi1QU1RFU1RSRzM3NTctU09VVEhDRU5UUkFMVVMiLCJqb2JMb2NhdGlvbiI6InNvdXRoY2VudHJhbHVzIn0?api-version=2016-09-01"
        ],
        "Retry-After": [
          "15"
        ],
        "x-ms-ratelimit-remaining-subscription-reads": [
          "11996"
        ],
        "x-ms-request-id": [
          "94615987-41d9-453b-b652-745ed1a51cef"
        ],
        "x-ms-correlation-request-id": [
          "94615987-41d9-453b-b652-745ed1a51cef"
        ],
        "x-ms-routing-request-id": [
          "WESTUS2:20221019T191233Z:94615987-41d9-453b-b652-745ed1a51cef"
        ],
        "Strict-Transport-Security": [
          "max-age=31536000; includeSubDomains"
        ],
        "X-Content-Type-Options": [
          "nosniff"
        ],
        "Date": [
          "Wed, 19 Oct 2022 19:12:32 GMT"
        ],
        "Expires": [
          "-1"
        ],
        "Content-Length": [
          "0"
        ]
      },
      "ResponseBody": "",
      "StatusCode": 202
    },
    {
      "RequestUri": "/subscriptions/f9b96b36-1f5e-4021-8959-51527e26e6d3/operationresults/eyJqb2JJZCI6IlJFU09VUkNFR1JPVVBERUxFVElPTkpPQi1QU1RFU1RSRzM3NTctU09VVEhDRU5UUkFMVVMiLCJqb2JMb2NhdGlvbiI6InNvdXRoY2VudHJhbHVzIn0?api-version=2016-09-01",
      "EncodedRequestUri": "L3N1YnNjcmlwdGlvbnMvZjliOTZiMzYtMWY1ZS00MDIxLTg5NTktNTE1MjdlMjZlNmQzL29wZXJhdGlvbnJlc3VsdHMvZXlKcWIySkpaQ0k2SWxKRlUwOVZVa05GUjFKUFZWQkVSVXhGVkVsUFRrcFBRaTFRVTFSRlUxUlNSek0zTlRjdFUwOVZWRWhEUlU1VVVrRk1WVk1pTENKcWIySk1iMk5oZEdsdmJpSTZJbk52ZFhSb1kyVnVkSEpoYkhWekluMD9hcGktdmVyc2lvbj0yMDE2LTA5LTAx",
      "RequestMethod": "GET",
      "RequestHeaders": {
        "User-Agent": [
          "FxVersion/4.700.22.47601",
          "OSName/Windows",
          "OSVersion/Microsoft.Windows.10.0.22621",
          "Microsoft.Azure.Management.Internal.Resources.ResourceManagementClient/1.3.63"
        ]
      },
      "RequestBody": "",
      "ResponseHeaders": {
        "Cache-Control": [
          "no-cache"
        ],
        "Pragma": [
          "no-cache"
        ],
        "Location": [
          "https://management.azure.com/subscriptions/f9b96b36-1f5e-4021-8959-51527e26e6d3/operationresults/eyJqb2JJZCI6IlJFU09VUkNFR1JPVVBERUxFVElPTkpPQi1QU1RFU1RSRzM3NTctU09VVEhDRU5UUkFMVVMiLCJqb2JMb2NhdGlvbiI6InNvdXRoY2VudHJhbHVzIn0?api-version=2016-09-01"
        ],
        "Retry-After": [
          "15"
        ],
        "x-ms-ratelimit-remaining-subscription-reads": [
          "11995"
        ],
        "x-ms-request-id": [
          "4ff2fe46-8f2c-4c9d-b2de-aa51adf33fe0"
        ],
        "x-ms-correlation-request-id": [
          "4ff2fe46-8f2c-4c9d-b2de-aa51adf33fe0"
        ],
        "x-ms-routing-request-id": [
          "WESTUS2:20221019T191248Z:4ff2fe46-8f2c-4c9d-b2de-aa51adf33fe0"
        ],
        "Strict-Transport-Security": [
          "max-age=31536000; includeSubDomains"
        ],
        "X-Content-Type-Options": [
          "nosniff"
        ],
        "Date": [
          "Wed, 19 Oct 2022 19:12:48 GMT"
        ],
        "Expires": [
          "-1"
        ],
        "Content-Length": [
          "0"
        ]
      },
      "ResponseBody": "",
      "StatusCode": 202
    },
    {
      "RequestUri": "/subscriptions/f9b96b36-1f5e-4021-8959-51527e26e6d3/operationresults/eyJqb2JJZCI6IlJFU09VUkNFR1JPVVBERUxFVElPTkpPQi1QU1RFU1RSRzM3NTctU09VVEhDRU5UUkFMVVMiLCJqb2JMb2NhdGlvbiI6InNvdXRoY2VudHJhbHVzIn0?api-version=2016-09-01",
      "EncodedRequestUri": "L3N1YnNjcmlwdGlvbnMvZjliOTZiMzYtMWY1ZS00MDIxLTg5NTktNTE1MjdlMjZlNmQzL29wZXJhdGlvbnJlc3VsdHMvZXlKcWIySkpaQ0k2SWxKRlUwOVZVa05GUjFKUFZWQkVSVXhGVkVsUFRrcFBRaTFRVTFSRlUxUlNSek0zTlRjdFUwOVZWRWhEUlU1VVVrRk1WVk1pTENKcWIySk1iMk5oZEdsdmJpSTZJbk52ZFhSb1kyVnVkSEpoYkhWekluMD9hcGktdmVyc2lvbj0yMDE2LTA5LTAx",
      "RequestMethod": "GET",
      "RequestHeaders": {
        "User-Agent": [
          "FxVersion/4.700.22.47601",
          "OSName/Windows",
          "OSVersion/Microsoft.Windows.10.0.22621",
          "Microsoft.Azure.Management.Internal.Resources.ResourceManagementClient/1.3.63"
        ]
      },
      "RequestBody": "",
      "ResponseHeaders": {
        "Cache-Control": [
          "no-cache"
        ],
        "Pragma": [
          "no-cache"
        ],
        "Location": [
          "https://management.azure.com/subscriptions/f9b96b36-1f5e-4021-8959-51527e26e6d3/operationresults/eyJqb2JJZCI6IlJFU09VUkNFR1JPVVBERUxFVElPTkpPQi1QU1RFU1RSRzM3NTctU09VVEhDRU5UUkFMVVMiLCJqb2JMb2NhdGlvbiI6InNvdXRoY2VudHJhbHVzIn0?api-version=2016-09-01"
        ],
        "Retry-After": [
          "15"
        ],
        "x-ms-ratelimit-remaining-subscription-reads": [
          "11994"
        ],
        "x-ms-request-id": [
          "68292a7c-8532-4718-bb8f-5aa97f0d6e08"
        ],
        "x-ms-correlation-request-id": [
          "68292a7c-8532-4718-bb8f-5aa97f0d6e08"
        ],
        "x-ms-routing-request-id": [
          "WESTUS2:20221019T191303Z:68292a7c-8532-4718-bb8f-5aa97f0d6e08"
        ],
        "Strict-Transport-Security": [
          "max-age=31536000; includeSubDomains"
        ],
        "X-Content-Type-Options": [
          "nosniff"
        ],
        "Date": [
          "Wed, 19 Oct 2022 19:13:03 GMT"
        ],
        "Expires": [
          "-1"
        ],
        "Content-Length": [
          "0"
        ]
      },
      "ResponseBody": "",
      "StatusCode": 202
    },
    {
      "RequestUri": "/subscriptions/f9b96b36-1f5e-4021-8959-51527e26e6d3/operationresults/eyJqb2JJZCI6IlJFU09VUkNFR1JPVVBERUxFVElPTkpPQi1QU1RFU1RSRzM3NTctU09VVEhDRU5UUkFMVVMiLCJqb2JMb2NhdGlvbiI6InNvdXRoY2VudHJhbHVzIn0?api-version=2016-09-01",
      "EncodedRequestUri": "L3N1YnNjcmlwdGlvbnMvZjliOTZiMzYtMWY1ZS00MDIxLTg5NTktNTE1MjdlMjZlNmQzL29wZXJhdGlvbnJlc3VsdHMvZXlKcWIySkpaQ0k2SWxKRlUwOVZVa05GUjFKUFZWQkVSVXhGVkVsUFRrcFBRaTFRVTFSRlUxUlNSek0zTlRjdFUwOVZWRWhEUlU1VVVrRk1WVk1pTENKcWIySk1iMk5oZEdsdmJpSTZJbk52ZFhSb1kyVnVkSEpoYkhWekluMD9hcGktdmVyc2lvbj0yMDE2LTA5LTAx",
      "RequestMethod": "GET",
      "RequestHeaders": {
        "User-Agent": [
          "FxVersion/4.700.22.47601",
          "OSName/Windows",
          "OSVersion/Microsoft.Windows.10.0.22621",
          "Microsoft.Azure.Management.Internal.Resources.ResourceManagementClient/1.3.63"
        ]
      },
      "RequestBody": "",
      "ResponseHeaders": {
        "Cache-Control": [
          "no-cache"
        ],
        "Pragma": [
          "no-cache"
        ],
        "Location": [
          "https://management.azure.com/subscriptions/f9b96b36-1f5e-4021-8959-51527e26e6d3/operationresults/eyJqb2JJZCI6IlJFU09VUkNFR1JPVVBERUxFVElPTkpPQi1QU1RFU1RSRzM3NTctU09VVEhDRU5UUkFMVVMiLCJqb2JMb2NhdGlvbiI6InNvdXRoY2VudHJhbHVzIn0?api-version=2016-09-01"
        ],
        "Retry-After": [
          "15"
        ],
        "x-ms-ratelimit-remaining-subscription-reads": [
          "11993"
        ],
        "x-ms-request-id": [
          "5c734b49-d030-4946-b4be-7500e945d7a2"
        ],
        "x-ms-correlation-request-id": [
          "5c734b49-d030-4946-b4be-7500e945d7a2"
        ],
        "x-ms-routing-request-id": [
          "WESTUS2:20221019T191318Z:5c734b49-d030-4946-b4be-7500e945d7a2"
        ],
        "Strict-Transport-Security": [
          "max-age=31536000; includeSubDomains"
        ],
        "X-Content-Type-Options": [
          "nosniff"
        ],
        "Date": [
          "Wed, 19 Oct 2022 19:13:17 GMT"
        ],
        "Expires": [
          "-1"
        ],
        "Content-Length": [
          "0"
        ]
      },
      "ResponseBody": "",
      "StatusCode": 202
    },
    {
      "RequestUri": "/subscriptions/f9b96b36-1f5e-4021-8959-51527e26e6d3/operationresults/eyJqb2JJZCI6IlJFU09VUkNFR1JPVVBERUxFVElPTkpPQi1QU1RFU1RSRzM3NTctU09VVEhDRU5UUkFMVVMiLCJqb2JMb2NhdGlvbiI6InNvdXRoY2VudHJhbHVzIn0?api-version=2016-09-01",
      "EncodedRequestUri": "L3N1YnNjcmlwdGlvbnMvZjliOTZiMzYtMWY1ZS00MDIxLTg5NTktNTE1MjdlMjZlNmQzL29wZXJhdGlvbnJlc3VsdHMvZXlKcWIySkpaQ0k2SWxKRlUwOVZVa05GUjFKUFZWQkVSVXhGVkVsUFRrcFBRaTFRVTFSRlUxUlNSek0zTlRjdFUwOVZWRWhEUlU1VVVrRk1WVk1pTENKcWIySk1iMk5oZEdsdmJpSTZJbk52ZFhSb1kyVnVkSEpoYkhWekluMD9hcGktdmVyc2lvbj0yMDE2LTA5LTAx",
      "RequestMethod": "GET",
      "RequestHeaders": {
        "User-Agent": [
          "FxVersion/4.700.22.47601",
          "OSName/Windows",
          "OSVersion/Microsoft.Windows.10.0.22621",
          "Microsoft.Azure.Management.Internal.Resources.ResourceManagementClient/1.3.63"
        ]
      },
      "RequestBody": "",
      "ResponseHeaders": {
        "Cache-Control": [
          "no-cache"
        ],
        "Pragma": [
          "no-cache"
        ],
        "Location": [
          "https://management.azure.com/subscriptions/f9b96b36-1f5e-4021-8959-51527e26e6d3/operationresults/eyJqb2JJZCI6IlJFU09VUkNFR1JPVVBERUxFVElPTkpPQi1QU1RFU1RSRzM3NTctU09VVEhDRU5UUkFMVVMiLCJqb2JMb2NhdGlvbiI6InNvdXRoY2VudHJhbHVzIn0?api-version=2016-09-01"
        ],
        "Retry-After": [
          "15"
        ],
        "x-ms-ratelimit-remaining-subscription-reads": [
          "11992"
        ],
        "x-ms-request-id": [
          "0f632baf-442e-443a-beb7-57c821b29c7c"
        ],
        "x-ms-correlation-request-id": [
          "0f632baf-442e-443a-beb7-57c821b29c7c"
        ],
        "x-ms-routing-request-id": [
          "WESTUS2:20221019T191333Z:0f632baf-442e-443a-beb7-57c821b29c7c"
        ],
        "Strict-Transport-Security": [
          "max-age=31536000; includeSubDomains"
        ],
        "X-Content-Type-Options": [
          "nosniff"
        ],
        "Date": [
          "Wed, 19 Oct 2022 19:13:32 GMT"
        ],
        "Expires": [
          "-1"
        ],
        "Content-Length": [
          "0"
        ]
      },
      "ResponseBody": "",
      "StatusCode": 202
    },
    {
      "RequestUri": "/subscriptions/f9b96b36-1f5e-4021-8959-51527e26e6d3/operationresults/eyJqb2JJZCI6IlJFU09VUkNFR1JPVVBERUxFVElPTkpPQi1QU1RFU1RSRzM3NTctU09VVEhDRU5UUkFMVVMiLCJqb2JMb2NhdGlvbiI6InNvdXRoY2VudHJhbHVzIn0?api-version=2016-09-01",
      "EncodedRequestUri": "L3N1YnNjcmlwdGlvbnMvZjliOTZiMzYtMWY1ZS00MDIxLTg5NTktNTE1MjdlMjZlNmQzL29wZXJhdGlvbnJlc3VsdHMvZXlKcWIySkpaQ0k2SWxKRlUwOVZVa05GUjFKUFZWQkVSVXhGVkVsUFRrcFBRaTFRVTFSRlUxUlNSek0zTlRjdFUwOVZWRWhEUlU1VVVrRk1WVk1pTENKcWIySk1iMk5oZEdsdmJpSTZJbk52ZFhSb1kyVnVkSEpoYkhWekluMD9hcGktdmVyc2lvbj0yMDE2LTA5LTAx",
      "RequestMethod": "GET",
      "RequestHeaders": {
        "User-Agent": [
          "FxVersion/4.700.22.47601",
          "OSName/Windows",
          "OSVersion/Microsoft.Windows.10.0.22621",
          "Microsoft.Azure.Management.Internal.Resources.ResourceManagementClient/1.3.63"
        ]
      },
      "RequestBody": "",
      "ResponseHeaders": {
        "Cache-Control": [
          "no-cache"
        ],
        "Pragma": [
          "no-cache"
        ],
        "Location": [
          "https://management.azure.com/subscriptions/f9b96b36-1f5e-4021-8959-51527e26e6d3/operationresults/eyJqb2JJZCI6IlJFU09VUkNFR1JPVVBERUxFVElPTkpPQi1QU1RFU1RSRzM3NTctU09VVEhDRU5UUkFMVVMiLCJqb2JMb2NhdGlvbiI6InNvdXRoY2VudHJhbHVzIn0?api-version=2016-09-01"
        ],
        "Retry-After": [
          "15"
        ],
        "x-ms-ratelimit-remaining-subscription-reads": [
          "11991"
        ],
        "x-ms-request-id": [
          "234145d5-ba5b-4521-9045-1ad2422aa09c"
        ],
        "x-ms-correlation-request-id": [
          "234145d5-ba5b-4521-9045-1ad2422aa09c"
        ],
        "x-ms-routing-request-id": [
          "WESTUS2:20221019T191348Z:234145d5-ba5b-4521-9045-1ad2422aa09c"
        ],
        "Strict-Transport-Security": [
          "max-age=31536000; includeSubDomains"
        ],
        "X-Content-Type-Options": [
          "nosniff"
        ],
        "Date": [
          "Wed, 19 Oct 2022 19:13:47 GMT"
        ],
        "Expires": [
          "-1"
        ],
        "Content-Length": [
          "0"
        ]
      },
      "ResponseBody": "",
      "StatusCode": 202
    },
    {
      "RequestUri": "/subscriptions/f9b96b36-1f5e-4021-8959-51527e26e6d3/operationresults/eyJqb2JJZCI6IlJFU09VUkNFR1JPVVBERUxFVElPTkpPQi1QU1RFU1RSRzM3NTctU09VVEhDRU5UUkFMVVMiLCJqb2JMb2NhdGlvbiI6InNvdXRoY2VudHJhbHVzIn0?api-version=2016-09-01",
      "EncodedRequestUri": "L3N1YnNjcmlwdGlvbnMvZjliOTZiMzYtMWY1ZS00MDIxLTg5NTktNTE1MjdlMjZlNmQzL29wZXJhdGlvbnJlc3VsdHMvZXlKcWIySkpaQ0k2SWxKRlUwOVZVa05GUjFKUFZWQkVSVXhGVkVsUFRrcFBRaTFRVTFSRlUxUlNSek0zTlRjdFUwOVZWRWhEUlU1VVVrRk1WVk1pTENKcWIySk1iMk5oZEdsdmJpSTZJbk52ZFhSb1kyVnVkSEpoYkhWekluMD9hcGktdmVyc2lvbj0yMDE2LTA5LTAx",
      "RequestMethod": "GET",
      "RequestHeaders": {
        "User-Agent": [
          "FxVersion/4.700.22.47601",
          "OSName/Windows",
          "OSVersion/Microsoft.Windows.10.0.22621",
          "Microsoft.Azure.Management.Internal.Resources.ResourceManagementClient/1.3.63"
        ]
      },
      "RequestBody": "",
      "ResponseHeaders": {
        "Cache-Control": [
          "no-cache"
        ],
        "Pragma": [
          "no-cache"
        ],
        "Location": [
          "https://management.azure.com/subscriptions/f9b96b36-1f5e-4021-8959-51527e26e6d3/operationresults/eyJqb2JJZCI6IlJFU09VUkNFR1JPVVBERUxFVElPTkpPQi1QU1RFU1RSRzM3NTctU09VVEhDRU5UUkFMVVMiLCJqb2JMb2NhdGlvbiI6InNvdXRoY2VudHJhbHVzIn0?api-version=2016-09-01"
        ],
        "Retry-After": [
          "15"
        ],
        "x-ms-ratelimit-remaining-subscription-reads": [
          "11990"
        ],
        "x-ms-request-id": [
          "063a933e-6659-430c-a797-f7c826ffe06d"
        ],
        "x-ms-correlation-request-id": [
          "063a933e-6659-430c-a797-f7c826ffe06d"
        ],
        "x-ms-routing-request-id": [
          "WESTUS2:20221019T191403Z:063a933e-6659-430c-a797-f7c826ffe06d"
        ],
        "Strict-Transport-Security": [
          "max-age=31536000; includeSubDomains"
        ],
        "X-Content-Type-Options": [
          "nosniff"
        ],
        "Date": [
          "Wed, 19 Oct 2022 19:14:02 GMT"
        ],
        "Expires": [
          "-1"
        ],
        "Content-Length": [
          "0"
        ]
      },
      "ResponseBody": "",
      "StatusCode": 202
    },
    {
      "RequestUri": "/subscriptions/f9b96b36-1f5e-4021-8959-51527e26e6d3/operationresults/eyJqb2JJZCI6IlJFU09VUkNFR1JPVVBERUxFVElPTkpPQi1QU1RFU1RSRzM3NTctU09VVEhDRU5UUkFMVVMiLCJqb2JMb2NhdGlvbiI6InNvdXRoY2VudHJhbHVzIn0?api-version=2016-09-01",
      "EncodedRequestUri": "L3N1YnNjcmlwdGlvbnMvZjliOTZiMzYtMWY1ZS00MDIxLTg5NTktNTE1MjdlMjZlNmQzL29wZXJhdGlvbnJlc3VsdHMvZXlKcWIySkpaQ0k2SWxKRlUwOVZVa05GUjFKUFZWQkVSVXhGVkVsUFRrcFBRaTFRVTFSRlUxUlNSek0zTlRjdFUwOVZWRWhEUlU1VVVrRk1WVk1pTENKcWIySk1iMk5oZEdsdmJpSTZJbk52ZFhSb1kyVnVkSEpoYkhWekluMD9hcGktdmVyc2lvbj0yMDE2LTA5LTAx",
      "RequestMethod": "GET",
      "RequestHeaders": {
        "User-Agent": [
          "FxVersion/4.700.22.47601",
          "OSName/Windows",
          "OSVersion/Microsoft.Windows.10.0.22621",
          "Microsoft.Azure.Management.Internal.Resources.ResourceManagementClient/1.3.63"
        ]
      },
      "RequestBody": "",
      "ResponseHeaders": {
        "Cache-Control": [
          "no-cache"
        ],
        "Pragma": [
          "no-cache"
        ],
        "Location": [
          "https://management.azure.com/subscriptions/f9b96b36-1f5e-4021-8959-51527e26e6d3/operationresults/eyJqb2JJZCI6IlJFU09VUkNFR1JPVVBERUxFVElPTkpPQi1QU1RFU1RSRzM3NTctU09VVEhDRU5UUkFMVVMiLCJqb2JMb2NhdGlvbiI6InNvdXRoY2VudHJhbHVzIn0?api-version=2016-09-01"
        ],
        "Retry-After": [
          "15"
        ],
        "x-ms-ratelimit-remaining-subscription-reads": [
          "11989"
        ],
        "x-ms-request-id": [
          "6c6069b6-7b1a-4507-b4df-42982b166ea7"
        ],
        "x-ms-correlation-request-id": [
          "6c6069b6-7b1a-4507-b4df-42982b166ea7"
        ],
        "x-ms-routing-request-id": [
          "WESTUS2:20221019T191418Z:6c6069b6-7b1a-4507-b4df-42982b166ea7"
        ],
        "Strict-Transport-Security": [
          "max-age=31536000; includeSubDomains"
        ],
        "X-Content-Type-Options": [
          "nosniff"
        ],
        "Date": [
          "Wed, 19 Oct 2022 19:14:17 GMT"
        ],
        "Expires": [
          "-1"
        ],
        "Content-Length": [
          "0"
        ]
      },
      "ResponseBody": "",
      "StatusCode": 202
    },
    {
      "RequestUri": "/subscriptions/f9b96b36-1f5e-4021-8959-51527e26e6d3/operationresults/eyJqb2JJZCI6IlJFU09VUkNFR1JPVVBERUxFVElPTkpPQi1QU1RFU1RSRzM3NTctU09VVEhDRU5UUkFMVVMiLCJqb2JMb2NhdGlvbiI6InNvdXRoY2VudHJhbHVzIn0?api-version=2016-09-01",
      "EncodedRequestUri": "L3N1YnNjcmlwdGlvbnMvZjliOTZiMzYtMWY1ZS00MDIxLTg5NTktNTE1MjdlMjZlNmQzL29wZXJhdGlvbnJlc3VsdHMvZXlKcWIySkpaQ0k2SWxKRlUwOVZVa05GUjFKUFZWQkVSVXhGVkVsUFRrcFBRaTFRVTFSRlUxUlNSek0zTlRjdFUwOVZWRWhEUlU1VVVrRk1WVk1pTENKcWIySk1iMk5oZEdsdmJpSTZJbk52ZFhSb1kyVnVkSEpoYkhWekluMD9hcGktdmVyc2lvbj0yMDE2LTA5LTAx",
      "RequestMethod": "GET",
      "RequestHeaders": {
        "User-Agent": [
          "FxVersion/4.700.22.47601",
          "OSName/Windows",
          "OSVersion/Microsoft.Windows.10.0.22621",
          "Microsoft.Azure.Management.Internal.Resources.ResourceManagementClient/1.3.63"
        ]
      },
      "RequestBody": "",
      "ResponseHeaders": {
        "Cache-Control": [
          "no-cache"
        ],
        "Pragma": [
          "no-cache"
        ],
        "x-ms-ratelimit-remaining-subscription-reads": [
          "11988"
        ],
        "x-ms-request-id": [
          "cf615ecf-e4fe-40c2-9220-1eaa98679650"
        ],
        "x-ms-correlation-request-id": [
          "cf615ecf-e4fe-40c2-9220-1eaa98679650"
        ],
        "x-ms-routing-request-id": [
          "WESTUS2:20221019T191434Z:cf615ecf-e4fe-40c2-9220-1eaa98679650"
        ],
        "Strict-Transport-Security": [
          "max-age=31536000; includeSubDomains"
        ],
        "X-Content-Type-Options": [
          "nosniff"
        ],
        "Date": [
          "Wed, 19 Oct 2022 19:14:34 GMT"
        ],
        "Expires": [
          "-1"
        ],
        "Content-Length": [
          "0"
        ]
      },
      "ResponseBody": "",
      "StatusCode": 200
    },
    {
      "RequestUri": "/subscriptions/f9b96b36-1f5e-4021-8959-51527e26e6d3/operationresults/eyJqb2JJZCI6IlJFU09VUkNFR1JPVVBERUxFVElPTkpPQi1QU1RFU1RSRzM3NTctU09VVEhDRU5UUkFMVVMiLCJqb2JMb2NhdGlvbiI6InNvdXRoY2VudHJhbHVzIn0?api-version=2016-09-01",
      "EncodedRequestUri": "L3N1YnNjcmlwdGlvbnMvZjliOTZiMzYtMWY1ZS00MDIxLTg5NTktNTE1MjdlMjZlNmQzL29wZXJhdGlvbnJlc3VsdHMvZXlKcWIySkpaQ0k2SWxKRlUwOVZVa05GUjFKUFZWQkVSVXhGVkVsUFRrcFBRaTFRVTFSRlUxUlNSek0zTlRjdFUwOVZWRWhEUlU1VVVrRk1WVk1pTENKcWIySk1iMk5oZEdsdmJpSTZJbk52ZFhSb1kyVnVkSEpoYkhWekluMD9hcGktdmVyc2lvbj0yMDE2LTA5LTAx",
      "RequestMethod": "GET",
      "RequestHeaders": {
        "User-Agent": [
          "FxVersion/4.700.22.47601",
          "OSName/Windows",
          "OSVersion/Microsoft.Windows.10.0.22621",
          "Microsoft.Azure.Management.Internal.Resources.ResourceManagementClient/1.3.63"
        ]
      },
      "RequestBody": "",
      "ResponseHeaders": {
        "Cache-Control": [
          "no-cache"
        ],
        "Pragma": [
          "no-cache"
        ],
        "x-ms-ratelimit-remaining-subscription-reads": [
          "11987"
        ],
        "x-ms-request-id": [
          "542f97df-f352-4c64-96ea-1372500629cf"
        ],
        "x-ms-correlation-request-id": [
          "542f97df-f352-4c64-96ea-1372500629cf"
        ],
        "x-ms-routing-request-id": [
          "WESTUS2:20221019T191434Z:542f97df-f352-4c64-96ea-1372500629cf"
        ],
        "Strict-Transport-Security": [
          "max-age=31536000; includeSubDomains"
        ],
        "X-Content-Type-Options": [
          "nosniff"
        ],
        "Date": [
          "Wed, 19 Oct 2022 19:14:34 GMT"
        ],
        "Expires": [
          "-1"
        ],
        "Content-Length": [
          "0"
        ]
      },
      "ResponseBody": "",
      "StatusCode": 200
    }
  ],
  "Names": {
    "Test-DisableLocalAuth": [
      "pstestrg3365",
      "pstestrg3757"
    ]
  },
  "Variables": {
    "SubscriptionId": "f9b96b36-1f5e-4021-8959-51527e26e6d3"
  }
}