{
  "Entries": [
    {
      "RequestUri": "/subscriptions/f9b96b36-1f5e-4021-8959-51527e26e6d3/resourcegroups/pstestrg3930?api-version=2016-09-01",
      "EncodedRequestUri": "L3N1YnNjcmlwdGlvbnMvZjliOTZiMzYtMWY1ZS00MDIxLTg5NTktNTE1MjdlMjZlNmQzL3Jlc291cmNlZ3JvdXBzL3BzdGVzdHJnMzkzMD9hcGktdmVyc2lvbj0yMDE2LTA5LTAx",
      "RequestMethod": "PUT",
      "RequestBody": "{\r\n  \"location\": \"Central US EUAP\"\r\n}",
      "RequestHeaders": {
        "x-ms-client-request-id": [
          "780a6278-cfd4-4c60-9038-cff88a8be9ab"
        ],
        "Accept-Language": [
          "en-US"
        ],
        "User-Agent": [
          "FxVersion/4.6.30411.01",
          "OSName/Windows",
          "OSVersion/Microsoft.Windows.10.0.22000.",
          "Microsoft.Azure.Management.Internal.Resources.ResourceManagementClient/1.3.47"
        ],
        "Content-Type": [
          "application/json; charset=utf-8"
        ],
        "Content-Length": [
          "37"
        ]
      },
      "ResponseHeaders": {
        "Cache-Control": [
          "no-cache"
        ],
        "Pragma": [
          "no-cache"
        ],
        "x-ms-ratelimit-remaining-subscription-writes": [
          "1199"
        ],
        "x-ms-request-id": [
          "522310b3-488e-48b6-bcce-2eb37026d8c5"
        ],
        "x-ms-correlation-request-id": [
          "522310b3-488e-48b6-bcce-2eb37026d8c5"
        ],
        "x-ms-routing-request-id": [
          "WESTUS2:20211118T075156Z:522310b3-488e-48b6-bcce-2eb37026d8c5"
        ],
        "Strict-Transport-Security": [
          "max-age=31536000; includeSubDomains"
        ],
        "X-Content-Type-Options": [
          "nosniff"
        ],
        "Date": [
          "Thu, 18 Nov 2021 07:51:55 GMT"
        ],
        "Content-Length": [
          "184"
        ],
        "Content-Type": [
          "application/json; charset=utf-8"
        ],
        "Expires": [
          "-1"
        ]
      },
      "ResponseBody": "{\r\n  \"id\": \"/subscriptions/f9b96b36-1f5e-4021-8959-51527e26e6d3/resourceGroups/pstestrg3930\",\r\n  \"name\": \"pstestrg3930\",\r\n  \"location\": \"centraluseuap\",\r\n  \"properties\": {\r\n    \"provisioningState\": \"Succeeded\"\r\n  }\r\n}",
      "StatusCode": 201
    },
    {
      "RequestUri": "/subscriptions/f9b96b36-1f5e-4021-8959-51527e26e6d3/resourceGroups/pstestrg3930/providers/Microsoft.CognitiveServices/accounts/csapstestrg3930?api-version=2021-10-01",
      "EncodedRequestUri": "L3N1YnNjcmlwdGlvbnMvZjliOTZiMzYtMWY1ZS00MDIxLTg5NTktNTE1MjdlMjZlNmQzL3Jlc291cmNlR3JvdXBzL3BzdGVzdHJnMzkzMC9wcm92aWRlcnMvTWljcm9zb2Z0LkNvZ25pdGl2ZVNlcnZpY2VzL2FjY291bnRzL2NzYXBzdGVzdHJnMzkzMD9hcGktdmVyc2lvbj0yMDIxLTEwLTAx",
      "RequestMethod": "PUT",
      "RequestBody": "{\r\n  \"kind\": \"TextAnalytics\",\r\n  \"sku\": {\r\n    \"name\": \"S2\"\r\n  },\r\n  \"location\": \"Central US EUAP\",\r\n  \"properties\": {}\r\n}",
      "RequestHeaders": {
        "x-ms-client-request-id": [
          "0462cd77-c3c5-4572-a165-860f6f700592"
        ],
        "Accept-Language": [
          "en-US"
        ],
        "User-Agent": [
          "FxVersion/4.6.30411.01",
          "OSName/Windows",
          "OSVersion/Microsoft.Windows.10.0.22000.",
          "Microsoft.Azure.Management.CognitiveServices.CognitiveServicesManagementClient/8.1.0.0"
        ],
        "Content-Type": [
          "application/json; charset=utf-8"
        ],
        "Content-Length": [
          "122"
        ]
      },
      "ResponseHeaders": {
        "Cache-Control": [
          "no-cache"
        ],
        "Pragma": [
          "no-cache"
        ],
        "ETag": [
          "\"0200dce6-0000-3300-0000-6196061e0000\""
        ],
        "X-Content-Type-Options": [
          "nosniff"
        ],
        "x-ms-request-id": [
          "ff086b9e-e82a-46dd-a61b-c3a2ad89539f"
        ],
        "azure-asyncoperation": [
          "https://management.azure.com/subscriptions/f9b96b36-1f5e-4021-8959-51527e26e6d3/providers/Microsoft.CognitiveServices/locations/Central US EUAP/operationResults/3e561c2a-b592-449f-8925-861f750647e8?api-version=2017-04-18"
        ],
        "x-envoy-upstream-service-time": [
          "774"
        ],
        "Server": [
          "istio-envoy"
        ],
        "x-ms-ratelimit-remaining-subscription-writes": [
          "1199"
        ],
        "x-ms-correlation-request-id": [
          "6db7b8a8-6467-49fb-aaff-99f84bcef55e"
        ],
        "x-ms-routing-request-id": [
          "WESTUS2:20211118T075159Z:6db7b8a8-6467-49fb-aaff-99f84bcef55e"
        ],
        "Strict-Transport-Security": [
          "max-age=31536000; includeSubDomains"
        ],
        "Date": [
          "Thu, 18 Nov 2021 07:51:59 GMT"
        ],
        "Content-Length": [
          "2156"
        ],
        "Content-Type": [
          "application/json; charset=utf-8"
        ],
        "Expires": [
          "-1"
        ]
      },
      "ResponseBody": "{\r\n  \"id\": \"/subscriptions/f9b96b36-1f5e-4021-8959-51527e26e6d3/resourceGroups/pstestrg3930/providers/Microsoft.CognitiveServices/accounts/csapstestrg3930\",\r\n  \"name\": \"csapstestrg3930\",\r\n  \"type\": \"Microsoft.CognitiveServices/accounts\",\r\n  \"etag\": \"\\\"0200dce6-0000-3300-0000-6196061e0000\\\"\",\r\n  \"systemData\": {\r\n    \"createdBy\": \"50841d5f-166a-406c-8472-6800c9698b43\",\r\n    \"createdByType\": \"Application\",\r\n    \"createdAt\": \"2021-11-18T07:51:58.1234815Z\",\r\n    \"lastModifiedBy\": \"50841d5f-166a-406c-8472-6800c9698b43\",\r\n    \"lastModifiedByType\": \"Application\",\r\n    \"lastModifiedAt\": \"2021-11-18T07:51:58.1234815Z\"\r\n  },\r\n  \"location\": \"Central US EUAP\",\r\n  \"sku\": {\r\n    \"name\": \"S2\"\r\n  },\r\n  \"kind\": \"TextAnalytics\",\r\n  \"properties\": {\r\n    \"endpoint\": \"https://centraluseuap.api.cognitive.microsoft.com/\",\r\n    \"internalId\": \"ac84ba5ef1424c899ea6d1fa47210e42\",\r\n    \"dateCreated\": \"2021-11-18T07:51:58.3574761Z\",\r\n    \"apiProperties\": {\r\n      \"qnaAzureSearchEndpointKey\": null\r\n    },\r\n    \"isMigrated\": false,\r\n    \"privateEndpointConnections\": [],\r\n    \"publicNetworkAccess\": \"Enabled\",\r\n    \"capabilities\": [\r\n      {\r\n        \"name\": \"VirtualNetworks\"\r\n      },\r\n      {\r\n        \"name\": \"CustomerManagedKey\"\r\n      },\r\n      {\r\n        \"name\": \"Container\",\r\n        \"value\": \"TextAnalytics.*,TextAnalytics.Healthcare,TextAnalytics.HealthcareFhir,TextAnalytics.Keyphrase,TextAnalytics.KeyphraseV2,TextAnalytics.KeyPhraseONNX,TextAnalytics.LanguageFastText,TextAnalytics.Language,TextAnalytics.LanguageV2,TextAnalytics.Sentiment,TextAnalytics.SentimentV2,TextAnalytics.SentimentV3,TextAnalytics.SentimentV3Preview\"\r\n      },\r\n      {\r\n        \"name\": \"Cloud\",\r\n        \"value\": \"QuestionAnswer.AllApis,LanguageService.QuestionAnsweringApis\"\r\n      }\r\n    ],\r\n    \"endpoints\": {\r\n      \"Text Analytics\": \"https://centraluseuap.api.cognitive.microsoft.com/\",\r\n      \"LanguageAuthoring\": \"https://centraluseuap.api.cognitive.microsoft.com/\",\r\n      \"ConversationalLanguageUnderstanding\": \"https://centraluseuap.api.cognitive.microsoft.com/\",\r\n      \"ConversationalLURuntime\": \"https://centraluseuap.api.cognitive.microsoft.com/\",\r\n      \"QnAMaker\": \"https://centraluseuap.api.cognitive.microsoft.com/\",\r\n      \"turing\": \"https://centraluseuap.api.cognitive.microsoft.com/\",\r\n      \"Turing DeepWrite\": \"https://centraluseuap.api.cognitive.microsoft.com/\",\r\n      \"QuestionAnswering\": \"https://centraluseuap.api.cognitive.microsoft.com/\",\r\n      \"LUIS.Authoring\": \"https://centraluseuap.api.cognitive.microsoft.com/\"\r\n    },\r\n    \"provisioningState\": \"Creating\"\r\n  }\r\n}",
      "StatusCode": 201
    },
    {
      "RequestUri": "/subscriptions/f9b96b36-1f5e-4021-8959-51527e26e6d3/resourceGroups/pstestrg3930/providers/Microsoft.CognitiveServices/accounts/csapstestrg3930?api-version=2021-10-01",
      "EncodedRequestUri": "L3N1YnNjcmlwdGlvbnMvZjliOTZiMzYtMWY1ZS00MDIxLTg5NTktNTE1MjdlMjZlNmQzL3Jlc291cmNlR3JvdXBzL3BzdGVzdHJnMzkzMC9wcm92aWRlcnMvTWljcm9zb2Z0LkNvZ25pdGl2ZVNlcnZpY2VzL2FjY291bnRzL2NzYXBzdGVzdHJnMzkzMD9hcGktdmVyc2lvbj0yMDIxLTEwLTAx",
      "RequestMethod": "PUT",
      "RequestBody": "{\r\n  \"location\": \"Central US EUAP\",\r\n  \"properties\": {\r\n    \"restore\": true\r\n  }\r\n}",
      "RequestHeaders": {
        "x-ms-client-request-id": [
          "847092ab-4b96-48c5-b09e-f065faa77a44"
        ],
        "Accept-Language": [
          "en-US"
        ],
        "User-Agent": [
          "FxVersion/4.6.30411.01",
          "OSName/Windows",
          "OSVersion/Microsoft.Windows.10.0.22000.",
          "Microsoft.Azure.Management.CognitiveServices.CognitiveServicesManagementClient/8.1.0.0"
        ],
        "Content-Type": [
          "application/json; charset=utf-8"
        ],
        "Content-Length": [
          "83"
        ]
      },
      "ResponseHeaders": {
        "Cache-Control": [
          "no-cache"
        ],
        "Pragma": [
          "no-cache"
        ],
        "ETag": [
          "\"020070e7-0000-3300-0000-619606630000\""
        ],
        "X-Content-Type-Options": [
          "nosniff"
        ],
        "x-ms-request-id": [
          "4548f72c-67bd-43f4-b30e-7b340f124215"
        ],
        "x-envoy-upstream-service-time": [
          "120"
        ],
        "Server": [
          "istio-envoy"
        ],
        "x-ms-ratelimit-remaining-subscription-writes": [
          "1198"
        ],
        "x-ms-correlation-request-id": [
          "b6e5cf1a-742e-4cb9-a59a-600a115bb1d1"
        ],
        "x-ms-routing-request-id": [
          "WESTUS2:20211118T075307Z:b6e5cf1a-742e-4cb9-a59a-600a115bb1d1"
        ],
        "Strict-Transport-Security": [
          "max-age=31536000; includeSubDomains"
        ],
        "Date": [
          "Thu, 18 Nov 2021 07:53:07 GMT"
        ],
        "Content-Length": [
          "2157"
        ],
        "Content-Type": [
          "application/json; charset=utf-8"
        ],
        "Expires": [
          "-1"
        ]
      },
      "ResponseBody": "{\r\n  \"id\": \"/subscriptions/f9b96b36-1f5e-4021-8959-51527e26e6d3/resourceGroups/pstestrg3930/providers/Microsoft.CognitiveServices/accounts/csapstestrg3930\",\r\n  \"name\": \"csapstestrg3930\",\r\n  \"type\": \"Microsoft.CognitiveServices/accounts\",\r\n  \"etag\": \"\\\"020070e7-0000-3300-0000-619606630000\\\"\",\r\n  \"systemData\": {\r\n    \"createdBy\": \"50841d5f-166a-406c-8472-6800c9698b43\",\r\n    \"createdByType\": \"Application\",\r\n    \"createdAt\": \"2021-11-18T07:53:07.3934966Z\",\r\n    \"lastModifiedBy\": \"50841d5f-166a-406c-8472-6800c9698b43\",\r\n    \"lastModifiedByType\": \"Application\",\r\n    \"lastModifiedAt\": \"2021-11-18T07:53:07.3934966Z\"\r\n  },\r\n  \"location\": \"Central US EUAP\",\r\n  \"sku\": {\r\n    \"name\": \"S2\"\r\n  },\r\n  \"kind\": \"TextAnalytics\",\r\n  \"properties\": {\r\n    \"endpoint\": \"https://centraluseuap.api.cognitive.microsoft.com/\",\r\n    \"internalId\": \"ac84ba5ef1424c899ea6d1fa47210e42\",\r\n    \"dateCreated\": \"2021-11-18T07:51:58.3574761Z\",\r\n    \"apiProperties\": {\r\n      \"qnaAzureSearchEndpointKey\": null\r\n    },\r\n    \"isMigrated\": false,\r\n    \"privateEndpointConnections\": [],\r\n    \"publicNetworkAccess\": \"Enabled\",\r\n    \"capabilities\": [\r\n      {\r\n        \"name\": \"VirtualNetworks\"\r\n      },\r\n      {\r\n        \"name\": \"CustomerManagedKey\"\r\n      },\r\n      {\r\n        \"name\": \"Container\",\r\n        \"value\": \"TextAnalytics.*,TextAnalytics.Healthcare,TextAnalytics.HealthcareFhir,TextAnalytics.Keyphrase,TextAnalytics.KeyphraseV2,TextAnalytics.KeyPhraseONNX,TextAnalytics.LanguageFastText,TextAnalytics.Language,TextAnalytics.LanguageV2,TextAnalytics.Sentiment,TextAnalytics.SentimentV2,TextAnalytics.SentimentV3,TextAnalytics.SentimentV3Preview\"\r\n      },\r\n      {\r\n        \"name\": \"Cloud\",\r\n        \"value\": \"QuestionAnswer.AllApis,LanguageService.QuestionAnsweringApis\"\r\n      }\r\n    ],\r\n    \"endpoints\": {\r\n      \"Text Analytics\": \"https://centraluseuap.api.cognitive.microsoft.com/\",\r\n      \"LanguageAuthoring\": \"https://centraluseuap.api.cognitive.microsoft.com/\",\r\n      \"ConversationalLanguageUnderstanding\": \"https://centraluseuap.api.cognitive.microsoft.com/\",\r\n      \"ConversationalLURuntime\": \"https://centraluseuap.api.cognitive.microsoft.com/\",\r\n      \"QnAMaker\": \"https://centraluseuap.api.cognitive.microsoft.com/\",\r\n      \"turing\": \"https://centraluseuap.api.cognitive.microsoft.com/\",\r\n      \"Turing DeepWrite\": \"https://centraluseuap.api.cognitive.microsoft.com/\",\r\n      \"QuestionAnswering\": \"https://centraluseuap.api.cognitive.microsoft.com/\",\r\n      \"LUIS.Authoring\": \"https://centraluseuap.api.cognitive.microsoft.com/\"\r\n    },\r\n    \"provisioningState\": \"Succeeded\"\r\n  }\r\n}",
      "StatusCode": 201
    },
    {
      "RequestUri": "/subscriptions/f9b96b36-1f5e-4021-8959-51527e26e6d3/providers/Microsoft.CognitiveServices/locations/Central%20US%20EUAP/operationResults/3e561c2a-b592-449f-8925-861f750647e8?api-version=2017-04-18",
      "EncodedRequestUri": "L3N1YnNjcmlwdGlvbnMvZjliOTZiMzYtMWY1ZS00MDIxLTg5NTktNTE1MjdlMjZlNmQzL3Byb3ZpZGVycy9NaWNyb3NvZnQuQ29nbml0aXZlU2VydmljZXMvbG9jYXRpb25zL0NlbnRyYWwlMjBVUyUyMEVVQVAvb3BlcmF0aW9uUmVzdWx0cy8zZTU2MWMyYS1iNTkyLTQ0OWYtODkyNS04NjFmNzUwNjQ3ZTg/YXBpLXZlcnNpb249MjAxNy0wNC0xOA==",
      "RequestMethod": "GET",
      "RequestBody": "",
      "RequestHeaders": {
        "x-ms-client-request-id": [
          "0462cd77-c3c5-4572-a165-860f6f700592"
        ],
        "User-Agent": [
          "FxVersion/4.6.30411.01",
          "OSName/Windows",
          "OSVersion/Microsoft.Windows.10.0.22000.",
          "Microsoft.Azure.Management.CognitiveServices.CognitiveServicesManagementClient/8.1.0.0"
        ]
      },
      "ResponseHeaders": {
        "Cache-Control": [
          "no-cache"
        ],
        "Pragma": [
          "no-cache"
        ],
        "X-Content-Type-Options": [
          "nosniff"
        ],
        "x-ms-request-id": [
          "5c5d3240-fd9c-4051-8091-5377482e7c8a"
        ],
        "x-envoy-upstream-service-time": [
          "33"
        ],
        "Server": [
          "istio-envoy"
        ],
        "x-ms-ratelimit-remaining-subscription-reads": [
          "11999"
        ],
        "x-ms-correlation-request-id": [
          "22517338-bff8-40fa-b9bb-985983e28da2"
        ],
        "x-ms-routing-request-id": [
          "WESTUS2:20211118T075229Z:22517338-bff8-40fa-b9bb-985983e28da2"
        ],
        "Strict-Transport-Security": [
          "max-age=31536000; includeSubDomains"
        ],
        "Date": [
          "Thu, 18 Nov 2021 07:52:29 GMT"
        ],
        "Content-Length": [
          "279"
        ],
        "Content-Type": [
          "application/json; charset=utf-8"
        ],
        "Expires": [
          "-1"
        ]
      },
      "ResponseBody": "{\r\n  \"id\": \"/subscriptions/f9b96b36-1f5e-4021-8959-51527e26e6d3/providers/Microsoft.CognitiveServices/locations/Central US EUAP/operationResults/3e561c2a-b592-449f-8925-861f750647e8\",\r\n  \"name\": \"3e561c2a-b592-449f-8925-861f750647e8\",\r\n  \"status\": \"Creating\",\r\n  \"startTime\": \"2021-11-18T07:51:59Z\"\r\n}",
      "StatusCode": 200
    },
    {
      "RequestUri": "/subscriptions/f9b96b36-1f5e-4021-8959-51527e26e6d3/providers/Microsoft.CognitiveServices/locations/Central%20US%20EUAP/operationResults/3e561c2a-b592-449f-8925-861f750647e8?api-version=2017-04-18",
      "EncodedRequestUri": "L3N1YnNjcmlwdGlvbnMvZjliOTZiMzYtMWY1ZS00MDIxLTg5NTktNTE1MjdlMjZlNmQzL3Byb3ZpZGVycy9NaWNyb3NvZnQuQ29nbml0aXZlU2VydmljZXMvbG9jYXRpb25zL0NlbnRyYWwlMjBVUyUyMEVVQVAvb3BlcmF0aW9uUmVzdWx0cy8zZTU2MWMyYS1iNTkyLTQ0OWYtODkyNS04NjFmNzUwNjQ3ZTg/YXBpLXZlcnNpb249MjAxNy0wNC0xOA==",
      "RequestMethod": "GET",
      "RequestBody": "",
      "RequestHeaders": {
        "x-ms-client-request-id": [
          "0462cd77-c3c5-4572-a165-860f6f700592"
        ],
        "User-Agent": [
          "FxVersion/4.6.30411.01",
          "OSName/Windows",
          "OSVersion/Microsoft.Windows.10.0.22000.",
          "Microsoft.Azure.Management.CognitiveServices.CognitiveServicesManagementClient/8.1.0.0"
        ]
      },
      "ResponseHeaders": {
        "Cache-Control": [
          "no-cache"
        ],
        "Pragma": [
          "no-cache"
        ],
        "X-Content-Type-Options": [
          "nosniff"
        ],
        "x-ms-request-id": [
          "e6668290-62c6-4423-9d55-30b3c682b863"
        ],
        "x-envoy-upstream-service-time": [
          "149"
        ],
        "Server": [
          "istio-envoy"
        ],
        "x-ms-ratelimit-remaining-subscription-reads": [
          "11998"
        ],
        "x-ms-correlation-request-id": [
          "3207b74b-34f7-4864-b899-911105d4a524"
        ],
        "x-ms-routing-request-id": [
          "WESTUS2:20211118T075259Z:3207b74b-34f7-4864-b899-911105d4a524"
        ],
        "Strict-Transport-Security": [
          "max-age=31536000; includeSubDomains"
        ],
        "Date": [
          "Thu, 18 Nov 2021 07:52:59 GMT"
        ],
        "Content-Length": [
          "313"
        ],
        "Content-Type": [
          "application/json; charset=utf-8"
        ],
        "Expires": [
          "-1"
        ]
      },
      "ResponseBody": "{\r\n  \"id\": \"/subscriptions/f9b96b36-1f5e-4021-8959-51527e26e6d3/providers/Microsoft.CognitiveServices/locations/Central US EUAP/operationResults/3e561c2a-b592-449f-8925-861f750647e8\",\r\n  \"name\": \"3e561c2a-b592-449f-8925-861f750647e8\",\r\n  \"status\": \"Succeeded\",\r\n  \"startTime\": \"2021-11-18T07:51:59Z\",\r\n  \"endTime\": \"2021-11-18T07:52:31Z\"\r\n}",
      "StatusCode": 200
    },
    {
      "RequestUri": "/subscriptions/f9b96b36-1f5e-4021-8959-51527e26e6d3/resourceGroups/pstestrg3930/providers/Microsoft.CognitiveServices/accounts/csapstestrg3930?api-version=2021-10-01",
      "EncodedRequestUri": "L3N1YnNjcmlwdGlvbnMvZjliOTZiMzYtMWY1ZS00MDIxLTg5NTktNTE1MjdlMjZlNmQzL3Jlc291cmNlR3JvdXBzL3BzdGVzdHJnMzkzMC9wcm92aWRlcnMvTWljcm9zb2Z0LkNvZ25pdGl2ZVNlcnZpY2VzL2FjY291bnRzL2NzYXBzdGVzdHJnMzkzMD9hcGktdmVyc2lvbj0yMDIxLTEwLTAx",
      "RequestMethod": "GET",
      "RequestBody": "",
      "RequestHeaders": {
        "x-ms-client-request-id": [
          "0462cd77-c3c5-4572-a165-860f6f700592"
        ],
        "User-Agent": [
          "FxVersion/4.6.30411.01",
          "OSName/Windows",
          "OSVersion/Microsoft.Windows.10.0.22000.",
          "Microsoft.Azure.Management.CognitiveServices.CognitiveServicesManagementClient/8.1.0.0"
        ]
      },
      "ResponseHeaders": {
        "Cache-Control": [
          "no-cache"
        ],
        "Pragma": [
          "no-cache"
        ],
        "ETag": [
          "\"02000ae7-0000-3300-0000-6196063f0000\""
        ],
        "X-Content-Type-Options": [
          "nosniff"
        ],
        "x-ms-request-id": [
          "8928fe2a-7c60-41c9-aa91-7dd1078daa4b"
        ],
        "x-envoy-upstream-service-time": [
          "10"
        ],
        "Server": [
          "istio-envoy"
        ],
        "x-ms-ratelimit-remaining-subscription-reads": [
          "11997"
        ],
        "x-ms-correlation-request-id": [
          "740d7cb9-ef21-4ac9-80d9-4eb40597bb10"
        ],
        "x-ms-routing-request-id": [
          "WESTUS2:20211118T075300Z:740d7cb9-ef21-4ac9-80d9-4eb40597bb10"
        ],
        "Strict-Transport-Security": [
          "max-age=31536000; includeSubDomains"
        ],
        "Date": [
          "Thu, 18 Nov 2021 07:52:59 GMT"
        ],
        "Content-Length": [
          "2157"
        ],
        "Content-Type": [
          "application/json; charset=utf-8"
        ],
        "Expires": [
          "-1"
        ]
      },
      "ResponseBody": "{\r\n  \"id\": \"/subscriptions/f9b96b36-1f5e-4021-8959-51527e26e6d3/resourceGroups/pstestrg3930/providers/Microsoft.CognitiveServices/accounts/csapstestrg3930\",\r\n  \"name\": \"csapstestrg3930\",\r\n  \"type\": \"Microsoft.CognitiveServices/accounts\",\r\n  \"etag\": \"\\\"02000ae7-0000-3300-0000-6196063f0000\\\"\",\r\n  \"systemData\": {\r\n    \"createdBy\": \"50841d5f-166a-406c-8472-6800c9698b43\",\r\n    \"createdByType\": \"Application\",\r\n    \"createdAt\": \"2021-11-18T07:51:58.1234815Z\",\r\n    \"lastModifiedBy\": \"50841d5f-166a-406c-8472-6800c9698b43\",\r\n    \"lastModifiedByType\": \"Application\",\r\n    \"lastModifiedAt\": \"2021-11-18T07:51:58.1234815Z\"\r\n  },\r\n  \"location\": \"Central US EUAP\",\r\n  \"sku\": {\r\n    \"name\": \"S2\"\r\n  },\r\n  \"kind\": \"TextAnalytics\",\r\n  \"properties\": {\r\n    \"endpoint\": \"https://centraluseuap.api.cognitive.microsoft.com/\",\r\n    \"internalId\": \"ac84ba5ef1424c899ea6d1fa47210e42\",\r\n    \"dateCreated\": \"2021-11-18T07:51:58.3574761Z\",\r\n    \"apiProperties\": {\r\n      \"qnaAzureSearchEndpointKey\": null\r\n    },\r\n    \"isMigrated\": false,\r\n    \"privateEndpointConnections\": [],\r\n    \"publicNetworkAccess\": \"Enabled\",\r\n    \"capabilities\": [\r\n      {\r\n        \"name\": \"VirtualNetworks\"\r\n      },\r\n      {\r\n        \"name\": \"CustomerManagedKey\"\r\n      },\r\n      {\r\n        \"name\": \"Container\",\r\n        \"value\": \"TextAnalytics.*,TextAnalytics.Healthcare,TextAnalytics.HealthcareFhir,TextAnalytics.Keyphrase,TextAnalytics.KeyphraseV2,TextAnalytics.KeyPhraseONNX,TextAnalytics.LanguageFastText,TextAnalytics.Language,TextAnalytics.LanguageV2,TextAnalytics.Sentiment,TextAnalytics.SentimentV2,TextAnalytics.SentimentV3,TextAnalytics.SentimentV3Preview\"\r\n      },\r\n      {\r\n        \"name\": \"Cloud\",\r\n        \"value\": \"QuestionAnswer.AllApis,LanguageService.QuestionAnsweringApis\"\r\n      }\r\n    ],\r\n    \"endpoints\": {\r\n      \"Text Analytics\": \"https://centraluseuap.api.cognitive.microsoft.com/\",\r\n      \"LanguageAuthoring\": \"https://centraluseuap.api.cognitive.microsoft.com/\",\r\n      \"ConversationalLanguageUnderstanding\": \"https://centraluseuap.api.cognitive.microsoft.com/\",\r\n      \"ConversationalLURuntime\": \"https://centraluseuap.api.cognitive.microsoft.com/\",\r\n      \"QnAMaker\": \"https://centraluseuap.api.cognitive.microsoft.com/\",\r\n      \"turing\": \"https://centraluseuap.api.cognitive.microsoft.com/\",\r\n      \"Turing DeepWrite\": \"https://centraluseuap.api.cognitive.microsoft.com/\",\r\n      \"QuestionAnswering\": \"https://centraluseuap.api.cognitive.microsoft.com/\",\r\n      \"LUIS.Authoring\": \"https://centraluseuap.api.cognitive.microsoft.com/\"\r\n    },\r\n    \"provisioningState\": \"Succeeded\"\r\n  }\r\n}",
      "StatusCode": 200
    },
    {
      "RequestUri": "/subscriptions/f9b96b36-1f5e-4021-8959-51527e26e6d3/resourceGroups/pstestrg3930/providers/Microsoft.CognitiveServices/accounts/csapstestrg3930?api-version=2021-10-01",
      "EncodedRequestUri": "L3N1YnNjcmlwdGlvbnMvZjliOTZiMzYtMWY1ZS00MDIxLTg5NTktNTE1MjdlMjZlNmQzL3Jlc291cmNlR3JvdXBzL3BzdGVzdHJnMzkzMC9wcm92aWRlcnMvTWljcm9zb2Z0LkNvZ25pdGl2ZVNlcnZpY2VzL2FjY291bnRzL2NzYXBzdGVzdHJnMzkzMD9hcGktdmVyc2lvbj0yMDIxLTEwLTAx",
      "RequestMethod": "GET",
      "RequestBody": "",
      "RequestHeaders": {
        "x-ms-client-request-id": [
          "0462cd77-c3c5-4572-a165-860f6f700592"
        ],
        "Accept-Language": [
          "en-US"
        ],
        "User-Agent": [
          "FxVersion/4.6.30411.01",
          "OSName/Windows",
          "OSVersion/Microsoft.Windows.10.0.22000.",
          "Microsoft.Azure.Management.CognitiveServices.CognitiveServicesManagementClient/8.1.0.0"
        ]
      },
      "ResponseHeaders": {
        "Cache-Control": [
          "no-cache"
        ],
        "Pragma": [
          "no-cache"
        ],
        "ETag": [
          "\"02000ae7-0000-3300-0000-6196063f0000\""
        ],
        "X-Content-Type-Options": [
          "nosniff"
        ],
        "x-ms-request-id": [
          "e851b71c-4f0d-455d-9af9-c5105094d808"
        ],
        "x-envoy-upstream-service-time": [
          "12"
        ],
        "Server": [
          "istio-envoy"
        ],
        "x-ms-ratelimit-remaining-subscription-reads": [
          "11996"
        ],
        "x-ms-correlation-request-id": [
          "29c9ee47-1866-4362-88c2-36a189013f62"
        ],
        "x-ms-routing-request-id": [
          "WESTUS2:20211118T075300Z:29c9ee47-1866-4362-88c2-36a189013f62"
        ],
        "Strict-Transport-Security": [
          "max-age=31536000; includeSubDomains"
        ],
        "Date": [
          "Thu, 18 Nov 2021 07:52:59 GMT"
        ],
        "Content-Length": [
          "2157"
        ],
        "Content-Type": [
          "application/json; charset=utf-8"
        ],
        "Expires": [
          "-1"
        ]
      },
      "ResponseBody": "{\r\n  \"id\": \"/subscriptions/f9b96b36-1f5e-4021-8959-51527e26e6d3/resourceGroups/pstestrg3930/providers/Microsoft.CognitiveServices/accounts/csapstestrg3930\",\r\n  \"name\": \"csapstestrg3930\",\r\n  \"type\": \"Microsoft.CognitiveServices/accounts\",\r\n  \"etag\": \"\\\"02000ae7-0000-3300-0000-6196063f0000\\\"\",\r\n  \"systemData\": {\r\n    \"createdBy\": \"50841d5f-166a-406c-8472-6800c9698b43\",\r\n    \"createdByType\": \"Application\",\r\n    \"createdAt\": \"2021-11-18T07:51:58.1234815Z\",\r\n    \"lastModifiedBy\": \"50841d5f-166a-406c-8472-6800c9698b43\",\r\n    \"lastModifiedByType\": \"Application\",\r\n    \"lastModifiedAt\": \"2021-11-18T07:51:58.1234815Z\"\r\n  },\r\n  \"location\": \"Central US EUAP\",\r\n  \"sku\": {\r\n    \"name\": \"S2\"\r\n  },\r\n  \"kind\": \"TextAnalytics\",\r\n  \"properties\": {\r\n    \"endpoint\": \"https://centraluseuap.api.cognitive.microsoft.com/\",\r\n    \"internalId\": \"ac84ba5ef1424c899ea6d1fa47210e42\",\r\n    \"dateCreated\": \"2021-11-18T07:51:58.3574761Z\",\r\n    \"apiProperties\": {\r\n      \"qnaAzureSearchEndpointKey\": null\r\n    },\r\n    \"isMigrated\": false,\r\n    \"privateEndpointConnections\": [],\r\n    \"publicNetworkAccess\": \"Enabled\",\r\n    \"capabilities\": [\r\n      {\r\n        \"name\": \"VirtualNetworks\"\r\n      },\r\n      {\r\n        \"name\": \"CustomerManagedKey\"\r\n      },\r\n      {\r\n        \"name\": \"Container\",\r\n        \"value\": \"TextAnalytics.*,TextAnalytics.Healthcare,TextAnalytics.HealthcareFhir,TextAnalytics.Keyphrase,TextAnalytics.KeyphraseV2,TextAnalytics.KeyPhraseONNX,TextAnalytics.LanguageFastText,TextAnalytics.Language,TextAnalytics.LanguageV2,TextAnalytics.Sentiment,TextAnalytics.SentimentV2,TextAnalytics.SentimentV3,TextAnalytics.SentimentV3Preview\"\r\n      },\r\n      {\r\n        \"name\": \"Cloud\",\r\n        \"value\": \"QuestionAnswer.AllApis,LanguageService.QuestionAnsweringApis\"\r\n      }\r\n    ],\r\n    \"endpoints\": {\r\n      \"Text Analytics\": \"https://centraluseuap.api.cognitive.microsoft.com/\",\r\n      \"LanguageAuthoring\": \"https://centraluseuap.api.cognitive.microsoft.com/\",\r\n      \"ConversationalLanguageUnderstanding\": \"https://centraluseuap.api.cognitive.microsoft.com/\",\r\n      \"ConversationalLURuntime\": \"https://centraluseuap.api.cognitive.microsoft.com/\",\r\n      \"QnAMaker\": \"https://centraluseuap.api.cognitive.microsoft.com/\",\r\n      \"turing\": \"https://centraluseuap.api.cognitive.microsoft.com/\",\r\n      \"Turing DeepWrite\": \"https://centraluseuap.api.cognitive.microsoft.com/\",\r\n      \"QuestionAnswering\": \"https://centraluseuap.api.cognitive.microsoft.com/\",\r\n      \"LUIS.Authoring\": \"https://centraluseuap.api.cognitive.microsoft.com/\"\r\n    },\r\n    \"provisioningState\": \"Succeeded\"\r\n  }\r\n}",
      "StatusCode": 200
    },
    {
      "RequestUri": "/subscriptions/f9b96b36-1f5e-4021-8959-51527e26e6d3/resourceGroups/pstestrg3930/providers/Microsoft.CognitiveServices/accounts/csapstestrg3930?api-version=2021-10-01",
      "EncodedRequestUri": "L3N1YnNjcmlwdGlvbnMvZjliOTZiMzYtMWY1ZS00MDIxLTg5NTktNTE1MjdlMjZlNmQzL3Jlc291cmNlR3JvdXBzL3BzdGVzdHJnMzkzMC9wcm92aWRlcnMvTWljcm9zb2Z0LkNvZ25pdGl2ZVNlcnZpY2VzL2FjY291bnRzL2NzYXBzdGVzdHJnMzkzMD9hcGktdmVyc2lvbj0yMDIxLTEwLTAx",
      "RequestMethod": "GET",
      "RequestBody": "",
      "RequestHeaders": {
        "x-ms-client-request-id": [
          "847092ab-4b96-48c5-b09e-f065faa77a44"
        ],
        "Accept-Language": [
          "en-US"
        ],
        "User-Agent": [
          "FxVersion/4.6.30411.01",
          "OSName/Windows",
          "OSVersion/Microsoft.Windows.10.0.22000.",
          "Microsoft.Azure.Management.CognitiveServices.CognitiveServicesManagementClient/8.1.0.0"
        ]
      },
      "ResponseHeaders": {
        "Cache-Control": [
          "no-cache"
        ],
        "Pragma": [
          "no-cache"
        ],
        "ETag": [
          "\"020070e7-0000-3300-0000-619606630000\""
        ],
        "X-Content-Type-Options": [
          "nosniff"
        ],
        "x-ms-request-id": [
          "b8d2b27d-d24f-44ca-9c9b-b7317286fa7c"
        ],
        "x-envoy-upstream-service-time": [
          "9"
        ],
        "Server": [
          "istio-envoy"
        ],
        "x-ms-ratelimit-remaining-subscription-reads": [
          "11993"
        ],
        "x-ms-correlation-request-id": [
          "47014df6-3413-4f0d-9046-c14dad2c4183"
        ],
        "x-ms-routing-request-id": [
          "WESTUS2:20211118T075307Z:47014df6-3413-4f0d-9046-c14dad2c4183"
        ],
        "Strict-Transport-Security": [
          "max-age=31536000; includeSubDomains"
        ],
        "Date": [
          "Thu, 18 Nov 2021 07:53:07 GMT"
        ],
        "Content-Length": [
          "2157"
        ],
        "Content-Type": [
          "application/json; charset=utf-8"
        ],
        "Expires": [
          "-1"
        ]
      },
      "ResponseBody": "{\r\n  \"id\": \"/subscriptions/f9b96b36-1f5e-4021-8959-51527e26e6d3/resourceGroups/pstestrg3930/providers/Microsoft.CognitiveServices/accounts/csapstestrg3930\",\r\n  \"name\": \"csapstestrg3930\",\r\n  \"type\": \"Microsoft.CognitiveServices/accounts\",\r\n  \"etag\": \"\\\"020070e7-0000-3300-0000-619606630000\\\"\",\r\n  \"systemData\": {\r\n    \"createdBy\": \"50841d5f-166a-406c-8472-6800c9698b43\",\r\n    \"createdByType\": \"Application\",\r\n    \"createdAt\": \"2021-11-18T07:53:07.3934966Z\",\r\n    \"lastModifiedBy\": \"50841d5f-166a-406c-8472-6800c9698b43\",\r\n    \"lastModifiedByType\": \"Application\",\r\n    \"lastModifiedAt\": \"2021-11-18T07:53:07.3934966Z\"\r\n  },\r\n  \"location\": \"Central US EUAP\",\r\n  \"sku\": {\r\n    \"name\": \"S2\"\r\n  },\r\n  \"kind\": \"TextAnalytics\",\r\n  \"properties\": {\r\n    \"endpoint\": \"https://centraluseuap.api.cognitive.microsoft.com/\",\r\n    \"internalId\": \"ac84ba5ef1424c899ea6d1fa47210e42\",\r\n    \"dateCreated\": \"2021-11-18T07:51:58.3574761Z\",\r\n    \"apiProperties\": {\r\n      \"qnaAzureSearchEndpointKey\": null\r\n    },\r\n    \"isMigrated\": false,\r\n    \"privateEndpointConnections\": [],\r\n    \"publicNetworkAccess\": \"Enabled\",\r\n    \"capabilities\": [\r\n      {\r\n        \"name\": \"VirtualNetworks\"\r\n      },\r\n      {\r\n        \"name\": \"CustomerManagedKey\"\r\n      },\r\n      {\r\n        \"name\": \"Container\",\r\n        \"value\": \"TextAnalytics.*,TextAnalytics.Healthcare,TextAnalytics.HealthcareFhir,TextAnalytics.Keyphrase,TextAnalytics.KeyphraseV2,TextAnalytics.KeyPhraseONNX,TextAnalytics.LanguageFastText,TextAnalytics.Language,TextAnalytics.LanguageV2,TextAnalytics.Sentiment,TextAnalytics.SentimentV2,TextAnalytics.SentimentV3,TextAnalytics.SentimentV3Preview\"\r\n      },\r\n      {\r\n        \"name\": \"Cloud\",\r\n        \"value\": \"QuestionAnswer.AllApis,LanguageService.QuestionAnsweringApis\"\r\n      }\r\n    ],\r\n    \"endpoints\": {\r\n      \"Text Analytics\": \"https://centraluseuap.api.cognitive.microsoft.com/\",\r\n      \"LanguageAuthoring\": \"https://centraluseuap.api.cognitive.microsoft.com/\",\r\n      \"ConversationalLanguageUnderstanding\": \"https://centraluseuap.api.cognitive.microsoft.com/\",\r\n      \"ConversationalLURuntime\": \"https://centraluseuap.api.cognitive.microsoft.com/\",\r\n      \"QnAMaker\": \"https://centraluseuap.api.cognitive.microsoft.com/\",\r\n      \"turing\": \"https://centraluseuap.api.cognitive.microsoft.com/\",\r\n      \"Turing DeepWrite\": \"https://centraluseuap.api.cognitive.microsoft.com/\",\r\n      \"QuestionAnswering\": \"https://centraluseuap.api.cognitive.microsoft.com/\",\r\n      \"LUIS.Authoring\": \"https://centraluseuap.api.cognitive.microsoft.com/\"\r\n    },\r\n    \"provisioningState\": \"Succeeded\"\r\n  }\r\n}",
      "StatusCode": 200
    },
    {
      "RequestUri": "/subscriptions/f9b96b36-1f5e-4021-8959-51527e26e6d3/resourceGroups/pstestrg3930/providers/Microsoft.CognitiveServices/accounts/csapstestrg3930?api-version=2021-10-01",
      "EncodedRequestUri": "L3N1YnNjcmlwdGlvbnMvZjliOTZiMzYtMWY1ZS00MDIxLTg5NTktNTE1MjdlMjZlNmQzL3Jlc291cmNlR3JvdXBzL3BzdGVzdHJnMzkzMC9wcm92aWRlcnMvTWljcm9zb2Z0LkNvZ25pdGl2ZVNlcnZpY2VzL2FjY291bnRzL2NzYXBzdGVzdHJnMzkzMD9hcGktdmVyc2lvbj0yMDIxLTEwLTAx",
      "RequestMethod": "DELETE",
      "RequestBody": "",
      "RequestHeaders": {
        "x-ms-client-request-id": [
          "3fb638e6-5793-45f2-a22c-8206bb77892f"
        ],
        "Accept-Language": [
          "en-US"
        ],
        "User-Agent": [
          "FxVersion/4.6.30411.01",
          "OSName/Windows",
          "OSVersion/Microsoft.Windows.10.0.22000.",
          "Microsoft.Azure.Management.CognitiveServices.CognitiveServicesManagementClient/8.1.0.0"
        ]
      },
      "ResponseHeaders": {
        "Cache-Control": [
          "no-cache"
        ],
        "Pragma": [
          "no-cache"
        ],
        "X-Content-Type-Options": [
          "nosniff"
        ],
        "x-envoy-upstream-service-time": [
          "92"
        ],
        "Server": [
          "istio-envoy"
        ],
        "x-ms-ratelimit-remaining-subscription-deletes": [
          "14999"
        ],
        "x-ms-request-id": [
          "b9e1e10f-b16a-47f9-8052-e226f53df6ab"
        ],
        "x-ms-correlation-request-id": [
          "b9e1e10f-b16a-47f9-8052-e226f53df6ab"
        ],
        "x-ms-routing-request-id": [
          "WESTUS2:20211118T075304Z:b9e1e10f-b16a-47f9-8052-e226f53df6ab"
        ],
        "Strict-Transport-Security": [
          "max-age=31536000; includeSubDomains"
        ],
        "Date": [
          "Thu, 18 Nov 2021 07:53:03 GMT"
        ],
        "Expires": [
          "-1"
        ],
        "Content-Length": [
          "0"
        ]
      },
      "ResponseBody": "",
      "StatusCode": 200
    },
    {
      "RequestUri": "/subscriptions/f9b96b36-1f5e-4021-8959-51527e26e6d3/resourceGroups/pstestrg3930/providers/Microsoft.CognitiveServices/accounts/csapstestrg3930?api-version=2021-10-01",
      "EncodedRequestUri": "L3N1YnNjcmlwdGlvbnMvZjliOTZiMzYtMWY1ZS00MDIxLTg5NTktNTE1MjdlMjZlNmQzL3Jlc291cmNlR3JvdXBzL3BzdGVzdHJnMzkzMC9wcm92aWRlcnMvTWljcm9zb2Z0LkNvZ25pdGl2ZVNlcnZpY2VzL2FjY291bnRzL2NzYXBzdGVzdHJnMzkzMD9hcGktdmVyc2lvbj0yMDIxLTEwLTAx",
      "RequestMethod": "DELETE",
      "RequestBody": "",
      "RequestHeaders": {
        "x-ms-client-request-id": [
          "a5d99dae-c070-49bd-8f6b-ef9ce7820c22"
        ],
        "Accept-Language": [
          "en-US"
        ],
        "User-Agent": [
          "FxVersion/4.6.30411.01",
          "OSName/Windows",
          "OSVersion/Microsoft.Windows.10.0.22000.",
          "Microsoft.Azure.Management.CognitiveServices.CognitiveServicesManagementClient/8.1.0.0"
        ]
      },
      "ResponseHeaders": {
        "Cache-Control": [
          "no-cache"
        ],
        "Pragma": [
          "no-cache"
        ],
        "X-Content-Type-Options": [
          "nosniff"
        ],
        "x-envoy-upstream-service-time": [
          "88"
        ],
        "Server": [
          "istio-envoy"
        ],
        "x-ms-ratelimit-remaining-subscription-deletes": [
          "14998"
        ],
        "x-ms-request-id": [
          "0b93156f-db5f-4eee-842f-a2112db17d87"
        ],
        "x-ms-correlation-request-id": [
          "0b93156f-db5f-4eee-842f-a2112db17d87"
        ],
        "x-ms-routing-request-id": [
          "WESTUS2:20211118T075308Z:0b93156f-db5f-4eee-842f-a2112db17d87"
        ],
        "Strict-Transport-Security": [
          "max-age=31536000; includeSubDomains"
        ],
        "Date": [
          "Thu, 18 Nov 2021 07:53:08 GMT"
        ],
        "Expires": [
          "-1"
        ],
        "Content-Length": [
          "0"
        ]
      },
      "ResponseBody": "",
      "StatusCode": 200
    },
    {
      "RequestUri": "/subscriptions/f9b96b36-1f5e-4021-8959-51527e26e6d3/providers/Microsoft.CognitiveServices/deletedAccounts?api-version=2021-10-01",
      "EncodedRequestUri": "L3N1YnNjcmlwdGlvbnMvZjliOTZiMzYtMWY1ZS00MDIxLTg5NTktNTE1MjdlMjZlNmQzL3Byb3ZpZGVycy9NaWNyb3NvZnQuQ29nbml0aXZlU2VydmljZXMvZGVsZXRlZEFjY291bnRzP2FwaS12ZXJzaW9uPTIwMjEtMTAtMDE=",
      "RequestMethod": "GET",
      "RequestBody": "",
      "RequestHeaders": {
        "x-ms-client-request-id": [
          "52cd6a05-5315-4040-9665-6058b399d77c"
        ],
        "Accept-Language": [
          "en-US"
        ],
        "User-Agent": [
          "FxVersion/4.6.30411.01",
          "OSName/Windows",
          "OSVersion/Microsoft.Windows.10.0.22000.",
          "Microsoft.Azure.Management.CognitiveServices.CognitiveServicesManagementClient/8.1.0.0"
        ]
      },
      "ResponseHeaders": {
        "Cache-Control": [
          "no-cache"
        ],
        "Pragma": [
          "no-cache"
        ],
        "x-ms-original-request-ids": [
          "ca67954f-4aeb-49f4-8d6a-9f32d6955eca",
          "8bee9fb0-6894-42bc-ad1b-d82a75f4c7a7",
          "895a3c0d-5da8-4a1e-a9c2-5de846b844de",
          "946b619c-536a-4129-9fa3-d3817386e1ce",
          "800775ce-6e49-425a-9b6b-41bc32b4b9b1",
          "69e34a9b-1287-4ea8-a9d9-37bcc18ceebb",
          "c8c0427d-b28f-4121-aba1-cbd68ba92c60",
          "e1c74cca-f5b6-45fc-912b-bc31a028cc51",
          "3463f4f1-f236-49a2-83c1-4e171ac8598e",
          "bb29e8e7-3de4-4227-940f-405f32e8dd5c",
          "895d4fe7-5bcf-43b1-9de9-df980d0d27bd",
          "4ffab775-f0da-4403-bdc0-98dc2c4656e7",
          "ddb90dbf-98fb-42c7-acc8-df9192cd9274",
          "0d940e2f-ac3f-4a81-b50d-5db2e9070f74",
          "40a419aa-3dd8-404f-8073-0cecc2502523",
          "6e526bc5-51d9-4a83-9c47-b512f8979dbd",
          "761b968d-3f0c-4363-bc5c-b7e6208886ef",
          "21fde275-5b87-47e5-9e08-b925c93a54ef",
          "c98ba65b-f198-4a8d-b9de-f2a51f5b561d",
          "79bcbc33-314f-4f74-9c78-5345b3b1e649",
          "fa111ace-eb7e-4475-9702-7ad99d12851a",
          "012f2531-1312-4f3f-a91e-7f5f022ada9e",
          "42291a74-f352-4c6b-b634-938f5ee5c11c",
          "2c9a34f8-0da0-42e9-b70e-f3e0914f7623",
          "0f7b52f4-f8fb-428b-8aa8-a1d18957f40c",
          "a5aeafe1-be7d-40dd-9558-6e90477f8ef0",
          "1988dddd-e5e6-496b-a5b3-2713d913db0b",
          "0bfed70e-73cf-4850-8d51-181ebac10fd4",
          "5364981a-3b76-4049-bd77-3ab23a56730d",
          "f9c2dea1-0fe8-417e-a4e0-16e0a3d275d6",
          "42fb8e00-e799-4f16-8264-312b2663e36c",
          "8e67a5ad-ed5c-42eb-9091-6e6b543d0252"
        ],
        "x-ms-ratelimit-remaining-subscription-reads": [
          "11995"
        ],
        "x-ms-request-id": [
          "e614b203-c465-4c1c-a664-33ba4de68827"
        ],
        "x-ms-correlation-request-id": [
          "e614b203-c465-4c1c-a664-33ba4de68827"
        ],
        "x-ms-routing-request-id": [
          "WESTUS2:20211118T075306Z:e614b203-c465-4c1c-a664-33ba4de68827"
        ],
        "Strict-Transport-Security": [
          "max-age=31536000; includeSubDomains"
        ],
        "X-Content-Type-Options": [
          "nosniff"
        ],
        "Date": [
          "Thu, 18 Nov 2021 07:53:05 GMT"
        ],
        "Content-Type": [
          "application/json; charset=utf-8"
        ],
        "Expires": [
          "-1"
        ],
        "Content-Length": [
          "37917"
        ]
      },
      "ResponseBody": "{\r\n  \"value\": [\r\n    {\r\n      \"id\": \"/subscriptions/f9b96b36-1f5e-4021-8959-51527e26e6d3/providers/Microsoft.CognitiveServices/locations/West US/resourceGroups/pstestrg7056/deletedAccounts/csapstestrg7056\",\r\n      \"name\": \"csapstestrg7056\",\r\n      \"type\": \"Microsoft.CognitiveServices/deletedAccounts\",\r\n      \"etag\": \"\\\"4c015947-0000-0700-0000-6195fcff0000\\\"\",\r\n      \"systemData\": {\r\n        \"createdBy\": \"50841d5f-166a-406c-8472-6800c9698b43\",\r\n        \"createdByType\": \"Application\",\r\n        \"createdAt\": \"2021-11-18T07:11:44.8399464Z\",\r\n        \"lastModifiedBy\": \"50841d5f-166a-406c-8472-6800c9698b43\",\r\n        \"lastModifiedByType\": \"Application\",\r\n        \"lastModifiedAt\": \"2021-11-18T07:11:44.8399464Z\"\r\n      },\r\n      \"location\": \"West US\",\r\n      \"sku\": {\r\n        \"name\": \"S2\"\r\n      },\r\n      \"kind\": \"TextAnalytics\",\r\n      \"properties\": {\r\n        \"endpoint\": \"https://westus.api.cognitive.microsoft.com/\",\r\n        \"internalId\": \"00bff9ad934e4708a4cb887235c22a36\",\r\n        \"dateCreated\": \"2021-11-18T07:11:45.0145317Z\",\r\n        \"apiProperties\": {\r\n          \"qnaAzureSearchEndpointKey\": null\r\n        },\r\n        \"isMigrated\": false,\r\n        \"privateEndpointConnections\": [],\r\n        \"publicNetworkAccess\": \"Enabled\",\r\n        \"capabilities\": [\r\n          {\r\n            \"name\": \"VirtualNetworks\"\r\n          },\r\n          {\r\n            \"name\": \"CustomerManagedKey\"\r\n          },\r\n          {\r\n            \"name\": \"Container\",\r\n            \"value\": \"TextAnalytics.*,TextAnalytics.Healthcare,TextAnalytics.HealthcareFhir,TextAnalytics.Keyphrase,TextAnalytics.KeyphraseV2,TextAnalytics.KeyPhraseONNX,TextAnalytics.LanguageFastText,TextAnalytics.Language,TextAnalytics.LanguageV2,TextAnalytics.Sentiment,TextAnalytics.SentimentV2,TextAnalytics.SentimentV3,TextAnalytics.SentimentV3Preview\"\r\n          },\r\n          {\r\n            \"name\": \"Cloud\",\r\n            \"value\": \"QuestionAnswer.AllApis,LanguageService.QuestionAnsweringApis\"\r\n          }\r\n        ],\r\n        \"endpoints\": {\r\n          \"Text Analytics\": \"https://westus.api.cognitive.microsoft.com/\",\r\n          \"LanguageAuthoring\": \"https://westus.api.cognitive.microsoft.com/\",\r\n          \"ConversationalLanguageUnderstanding\": \"https://westus.api.cognitive.microsoft.com/\",\r\n          \"ConversationalLURuntime\": \"https://westus.api.cognitive.microsoft.com/\",\r\n          \"QnAMaker\": \"https://westus.api.cognitive.microsoft.com/\",\r\n          \"turing\": \"https://westus.api.cognitive.microsoft.com/\",\r\n          \"Turing DeepWrite\": \"https://westus.api.cognitive.microsoft.com/\",\r\n          \"QuestionAnswering\": \"https://westus.api.cognitive.microsoft.com/\",\r\n          \"LUIS.Authoring\": \"https://westus.api.cognitive.microsoft.com/\"\r\n        },\r\n        \"provisioningState\": \"Succeeded\"\r\n      }\r\n    },\r\n    {\r\n      \"id\": \"/subscriptions/f9b96b36-1f5e-4021-8959-51527e26e6d3/providers/Microsoft.CognitiveServices/locations/West US/resourceGroups/pstestrg9298/deletedAccounts/csapstestrg9298\",\r\n      \"name\": \"csapstestrg9298\",\r\n      \"type\": \"Microsoft.CognitiveServices/deletedAccounts\",\r\n      \"etag\": \"\\\"4c013266-0000-0700-0000-6195fd730000\\\"\",\r\n      \"systemData\": {\r\n        \"createdBy\": \"50841d5f-166a-406c-8472-6800c9698b43\",\r\n        \"createdByType\": \"Application\",\r\n        \"createdAt\": \"2021-11-18T07:13:26.6619427Z\",\r\n        \"lastModifiedBy\": \"50841d5f-166a-406c-8472-6800c9698b43\",\r\n        \"lastModifiedByType\": \"Application\",\r\n        \"lastModifiedAt\": \"2021-11-18T07:14:58.6774517Z\"\r\n      },\r\n      \"location\": \"West US\",\r\n      \"sku\": {\r\n        \"name\": \"S2\"\r\n      },\r\n      \"kind\": \"TextAnalytics\",\r\n      \"properties\": {\r\n        \"endpoint\": \"https://westus.api.cognitive.microsoft.com/\",\r\n        \"provisioningState\": \"Succeeded\",\r\n        \"internalId\": \"5a1069e461b24bfdb33e03a9ef461618\",\r\n        \"dateCreated\": \"2021-11-18T07:13:26.857661Z\",\r\n        \"apiProperties\": {\r\n          \"qnaAzureSearchEndpointKey\": null\r\n        },\r\n        \"isMigrated\": false,\r\n        \"privateEndpointConnections\": [],\r\n        \"publicNetworkAccess\": \"Enabled\",\r\n        \"capabilities\": [\r\n          {\r\n            \"name\": \"VirtualNetworks\"\r\n          },\r\n          {\r\n            \"name\": \"CustomerManagedKey\"\r\n          },\r\n          {\r\n            \"name\": \"Container\",\r\n            \"value\": \"TextAnalytics.*,TextAnalytics.Healthcare,TextAnalytics.HealthcareFhir,TextAnalytics.Keyphrase,TextAnalytics.KeyphraseV2,TextAnalytics.KeyPhraseONNX,TextAnalytics.LanguageFastText,TextAnalytics.Language,TextAnalytics.LanguageV2,TextAnalytics.Sentiment,TextAnalytics.SentimentV2,TextAnalytics.SentimentV3,TextAnalytics.SentimentV3Preview\"\r\n          },\r\n          {\r\n            \"name\": \"Cloud\",\r\n            \"value\": \"QuestionAnswer.AllApis,LanguageService.QuestionAnsweringApis\"\r\n          }\r\n        ],\r\n        \"endpoints\": {\r\n          \"Text Analytics\": \"https://westus.api.cognitive.microsoft.com/\",\r\n          \"LanguageAuthoring\": \"https://westus.api.cognitive.microsoft.com/\",\r\n          \"ConversationalLanguageUnderstanding\": \"https://westus.api.cognitive.microsoft.com/\",\r\n          \"ConversationalLURuntime\": \"https://westus.api.cognitive.microsoft.com/\",\r\n          \"QnAMaker\": \"https://westus.api.cognitive.microsoft.com/\",\r\n          \"turing\": \"https://westus.api.cognitive.microsoft.com/\",\r\n          \"Turing DeepWrite\": \"https://westus.api.cognitive.microsoft.com/\",\r\n          \"QuestionAnswering\": \"https://westus.api.cognitive.microsoft.com/\",\r\n          \"LUIS.Authoring\": \"https://westus.api.cognitive.microsoft.com/\"\r\n        }\r\n      }\r\n    },\r\n    {\r\n      \"id\": \"/subscriptions/f9b96b36-1f5e-4021-8959-51527e26e6d3/providers/Microsoft.CognitiveServices/locations/West US/resourceGroups/pstestrg425/deletedAccounts/csapstestrg425\",\r\n      \"name\": \"csapstestrg425\",\r\n      \"type\": \"Microsoft.CognitiveServices/deletedAccounts\",\r\n      \"etag\": \"\\\"4c013a7d-0000-0700-0000-6195fdc80000\\\"\",\r\n      \"systemData\": {\r\n        \"createdBy\": \"50841d5f-166a-406c-8472-6800c9698b43\",\r\n        \"createdByType\": \"Application\",\r\n        \"createdAt\": \"2021-11-18T07:15:21.163405Z\",\r\n        \"lastModifiedBy\": \"50841d5f-166a-406c-8472-6800c9698b43\",\r\n        \"lastModifiedByType\": \"Application\",\r\n        \"lastModifiedAt\": \"2021-11-18T07:15:21.163405Z\"\r\n      },\r\n      \"location\": \"West US\",\r\n      \"sku\": {\r\n        \"name\": \"S2\"\r\n      },\r\n      \"kind\": \"TextAnalytics\",\r\n      \"properties\": {\r\n        \"endpoint\": \"https://westus.api.cognitive.microsoft.com/\",\r\n        \"internalId\": \"58c31bf1a06d4e7a93a576629c56ef64\",\r\n        \"dateCreated\": \"2021-11-18T07:15:21.3068092Z\",\r\n        \"apiProperties\": {\r\n          \"qnaAzureSearchEndpointKey\": null\r\n        },\r\n        \"isMigrated\": false,\r\n        \"privateEndpointConnections\": [],\r\n        \"publicNetworkAccess\": \"Enabled\",\r\n        \"capabilities\": [\r\n          {\r\n            \"name\": \"VirtualNetworks\"\r\n          },\r\n          {\r\n            \"name\": \"CustomerManagedKey\"\r\n          },\r\n          {\r\n            \"name\": \"Container\",\r\n            \"value\": \"TextAnalytics.*,TextAnalytics.Healthcare,TextAnalytics.HealthcareFhir,TextAnalytics.Keyphrase,TextAnalytics.KeyphraseV2,TextAnalytics.KeyPhraseONNX,TextAnalytics.LanguageFastText,TextAnalytics.Language,TextAnalytics.LanguageV2,TextAnalytics.Sentiment,TextAnalytics.SentimentV2,TextAnalytics.SentimentV3,TextAnalytics.SentimentV3Preview\"\r\n          },\r\n          {\r\n            \"name\": \"Cloud\",\r\n            \"value\": \"QuestionAnswer.AllApis,LanguageService.QuestionAnsweringApis\"\r\n          }\r\n        ],\r\n        \"endpoints\": {\r\n          \"Text Analytics\": \"https://westus.api.cognitive.microsoft.com/\",\r\n          \"LanguageAuthoring\": \"https://westus.api.cognitive.microsoft.com/\",\r\n          \"ConversationalLanguageUnderstanding\": \"https://westus.api.cognitive.microsoft.com/\",\r\n          \"ConversationalLURuntime\": \"https://westus.api.cognitive.microsoft.com/\",\r\n          \"QnAMaker\": \"https://westus.api.cognitive.microsoft.com/\",\r\n          \"turing\": \"https://westus.api.cognitive.microsoft.com/\",\r\n          \"Turing DeepWrite\": \"https://westus.api.cognitive.microsoft.com/\",\r\n          \"QuestionAnswering\": \"https://westus.api.cognitive.microsoft.com/\",\r\n          \"LUIS.Authoring\": \"https://westus.api.cognitive.microsoft.com/\"\r\n        },\r\n        \"provisioningState\": \"Succeeded\"\r\n      }\r\n    },\r\n    {\r\n      \"id\": \"/subscriptions/f9b96b36-1f5e-4021-8959-51527e26e6d3/providers/Microsoft.CognitiveServices/locations/West US/resourceGroups/pstestrg5164/deletedAccounts/csapstestrg5164\",\r\n      \"name\": \"csapstestrg5164\",\r\n      \"type\": \"Microsoft.CognitiveServices/deletedAccounts\",\r\n      \"etag\": \"\\\"4e01208b-0000-0700-0000-619606060000\\\"\",\r\n      \"systemData\": {\r\n        \"createdBy\": \"50841d5f-166a-406c-8472-6800c9698b43\",\r\n        \"createdByType\": \"Application\",\r\n        \"createdAt\": \"2021-11-18T07:49:31.4363283Z\",\r\n        \"lastModifiedBy\": \"50841d5f-166a-406c-8472-6800c9698b43\",\r\n        \"lastModifiedByType\": \"Application\",\r\n        \"lastModifiedAt\": \"2021-11-18T07:50:33.0718587Z\"\r\n      },\r\n      \"location\": \"West US\",\r\n      \"sku\": {\r\n        \"name\": \"S3\"\r\n      },\r\n      \"kind\": \"TextAnalytics\",\r\n      \"tags\": {\r\n        \"testtag\": \"testval\"\r\n      },\r\n      \"properties\": {\r\n        \"endpoint\": \"https://westus.api.cognitive.microsoft.com/\",\r\n        \"provisioningState\": \"Succeeded\",\r\n        \"internalId\": \"2e560f81b4f745c984ce2837ff72c70a\",\r\n        \"dateCreated\": \"2021-11-18T07:49:31.6026477Z\",\r\n        \"apiProperties\": {\r\n          \"qnaAzureSearchEndpointKey\": null\r\n        },\r\n        \"isMigrated\": false,\r\n        \"privateEndpointConnections\": [],\r\n        \"publicNetworkAccess\": \"Enabled\",\r\n        \"capabilities\": [\r\n          {\r\n            \"name\": \"VirtualNetworks\"\r\n          },\r\n          {\r\n            \"name\": \"CustomerManagedKey\"\r\n          },\r\n          {\r\n            \"name\": \"Container\",\r\n            \"value\": \"TextAnalytics.*,TextAnalytics.Healthcare,TextAnalytics.HealthcareFhir,TextAnalytics.Keyphrase,TextAnalytics.KeyphraseV2,TextAnalytics.KeyPhraseONNX,TextAnalytics.LanguageFastText,TextAnalytics.Language,TextAnalytics.LanguageV2,TextAnalytics.Sentiment,TextAnalytics.SentimentV2,TextAnalytics.SentimentV3,TextAnalytics.SentimentV3Preview\"\r\n          },\r\n          {\r\n            \"name\": \"Cloud\",\r\n            \"value\": \"QuestionAnswer.AllApis,LanguageService.QuestionAnsweringApis\"\r\n          }\r\n        ],\r\n        \"endpoints\": {\r\n          \"Text Analytics\": \"https://westus.api.cognitive.microsoft.com/\",\r\n          \"LanguageAuthoring\": \"https://westus.api.cognitive.microsoft.com/\",\r\n          \"ConversationalLanguageUnderstanding\": \"https://westus.api.cognitive.microsoft.com/\",\r\n          \"ConversationalLURuntime\": \"https://westus.api.cognitive.microsoft.com/\",\r\n          \"QnAMaker\": \"https://westus.api.cognitive.microsoft.com/\",\r\n          \"turing\": \"https://westus.api.cognitive.microsoft.com/\",\r\n          \"Turing DeepWrite\": \"https://westus.api.cognitive.microsoft.com/\",\r\n          \"QuestionAnswering\": \"https://westus.api.cognitive.microsoft.com/\",\r\n          \"LUIS.Authoring\": \"https://westus.api.cognitive.microsoft.com/\"\r\n        }\r\n      }\r\n    },\r\n    {\r\n      \"id\": \"/subscriptions/f9b96b36-1f5e-4021-8959-51527e26e6d3/providers/Microsoft.CognitiveServices/locations/westus2/resourceGroups/pstestrg7054/deletedAccounts/csapstestrg7054\",\r\n      \"name\": \"csapstestrg7054\",\r\n      \"type\": \"Microsoft.CognitiveServices/deletedAccounts\",\r\n      \"etag\": \"\\\"3a00c530-0000-0800-0000-619603400000\\\"\",\r\n      \"systemData\": {\r\n        \"createdBy\": \"50841d5f-166a-406c-8472-6800c9698b43\",\r\n        \"createdByType\": \"Application\",\r\n        \"createdAt\": \"2021-11-18T07:39:41.7463874Z\",\r\n        \"lastModifiedBy\": \"50841d5f-166a-406c-8472-6800c9698b43\",\r\n        \"lastModifiedByType\": \"Application\",\r\n        \"lastModifiedAt\": \"2021-11-18T07:39:41.7463874Z\"\r\n      },\r\n      \"location\": \"westus2\",\r\n      \"sku\": {\r\n        \"name\": \"S0\"\r\n      },\r\n      \"kind\": \"OpenAI\",\r\n      \"properties\": {\r\n        \"internalId\": \"102967c66c534e14b4ab8a9855647441\",\r\n        \"dateCreated\": \"2021-11-18T07:39:41.835314Z\",\r\n        \"backupUpperLimit\": 20,\r\n        \"isMigrated\": false,\r\n        \"provisioningState\": \"Succeeded\"\r\n      }\r\n    },\r\n    {\r\n      \"id\": \"/subscriptions/f9b96b36-1f5e-4021-8959-51527e26e6d3/providers/Microsoft.CognitiveServices/locations/westeurope/resourceGroups/felixwa-01/deletedAccounts/felixwa-luis-vnet-Authoring\",\r\n      \"name\": \"felixwa-luis-vnet-Authoring\",\r\n      \"type\": \"Microsoft.CognitiveServices/deletedAccounts\",\r\n      \"etag\": \"\\\"13008ac5-0000-0d00-0000-6195f2e80000\\\"\",\r\n      \"location\": \"westeurope\",\r\n      \"sku\": {\r\n        \"name\": \"S1\"\r\n      },\r\n      \"kind\": \"LUIS.Authoring\",\r\n      \"properties\": {\r\n        \"provisioningState\": \"Succeeded\",\r\n        \"internalId\": \"f3582d4dd10f4b3782353475113d39b7\",\r\n        \"dateCreated\": \"2020-07-18T03:15:20.9485324Z\",\r\n        \"customSubDomainName\": \"felixwa-luis-vnet-authoring\",\r\n        \"networkAcls\": {\r\n          \"defaultAction\": \"Deny\",\r\n          \"virtualNetworkRules\": [\r\n            {\r\n              \"id\": \"/subscriptions/f9b96b36-1f5e-4021-8959-51527e26e6d3/resourceGroups/control-plane-unit-test/providers/Microsoft.Network/virtualNetworks/vnet-unit-test/subnets/default\",\r\n              \"ignoreMissingVnetServiceEndpoint\": false\r\n            },\r\n            {\r\n              \"id\": \"/subscriptions/f9b96b36-1f5e-4021-8959-51527e26e6d3/resourceGroups/control-plane-unit-test/providers/Microsoft.Network/virtualNetworks/vnet-unit-test/subnets/subnet\",\r\n              \"ignoreMissingVnetServiceEndpoint\": false\r\n            }\r\n          ],\r\n          \"virtualNetworkSubnets\": [\r\n            {\r\n              \"vnetId\": \"23ce0c8b-d345-417f-9400-0e22acdd1564\",\r\n              \"subnetName\": \"default\"\r\n            },\r\n            {\r\n              \"vnetId\": \"23ce0c8b-d345-417f-9400-0e22acdd1564\",\r\n              \"subnetName\": \"subnet\"\r\n            }\r\n          ],\r\n          \"ipRules\": []\r\n        },\r\n        \"publicNetworkAccess\": \"Enabled\"\r\n      }\r\n    },\r\n    {\r\n      \"id\": \"/subscriptions/f9b96b36-1f5e-4021-8959-51527e26e6d3/providers/Microsoft.CognitiveServices/locations/West Central US/resourceGroups/pstestrg5934/deletedAccounts/csapstestrg5934\",\r\n      \"name\": \"csapstestrg5934\",\r\n      \"type\": \"Microsoft.CognitiveServices/deletedAccounts\",\r\n      \"etag\": \"\\\"0401fbf0-0000-0600-0000-6195fc9b0000\\\"\",\r\n      \"systemData\": {\r\n        \"createdBy\": \"50841d5f-166a-406c-8472-6800c9698b43\",\r\n        \"createdByType\": \"Application\",\r\n        \"createdAt\": \"2021-11-18T07:09:18.1182502Z\",\r\n        \"lastModifiedBy\": \"50841d5f-166a-406c-8472-6800c9698b43\",\r\n        \"lastModifiedByType\": \"Application\",\r\n        \"lastModifiedAt\": \"2021-11-18T07:10:21.0538118Z\"\r\n      },\r\n      \"location\": \"West Central US\",\r\n      \"sku\": {\r\n        \"name\": \"S2\"\r\n      },\r\n      \"kind\": \"TextAnalytics\",\r\n      \"properties\": {\r\n        \"provisioningState\": \"Succeeded\",\r\n        \"internalId\": \"2a9ea56c7eee42f2933fb4523baa8aff\",\r\n        \"dateCreated\": \"2021-11-18T07:09:18.7933568Z\",\r\n        \"apiProperties\": {},\r\n        \"backupUpperLimit\": 20,\r\n        \"isMigrated\": false,\r\n        \"customSubDomainName\": \"csapstestrg5934\"\r\n      }\r\n    },\r\n    {\r\n      \"id\": \"/subscriptions/f9b96b36-1f5e-4021-8959-51527e26e6d3/providers/Microsoft.CognitiveServices/locations/Central US EUAP/resourceGroups/pstestrg1437/deletedAccounts/csapstestrg1437\",\r\n      \"name\": \"csapstestrg1437\",\r\n      \"type\": \"Microsoft.CognitiveServices/deletedAccounts\",\r\n      \"etag\": \"\\\"0200bee3-0000-3300-0000-6195fb380000\\\"\",\r\n      \"systemData\": {\r\n        \"createdBy\": \"50841d5f-166a-406c-8472-6800c9698b43\",\r\n        \"createdByType\": \"Application\",\r\n        \"createdAt\": \"2021-11-18T07:00:20.3261656Z\",\r\n        \"lastModifiedBy\": \"50841d5f-166a-406c-8472-6800c9698b43\",\r\n        \"lastModifiedByType\": \"Application\",\r\n        \"lastModifiedAt\": \"2021-11-18T07:03:26.2965561Z\"\r\n      },\r\n      \"location\": \"Central US EUAP\",\r\n      \"sku\": {\r\n        \"name\": \"S1\"\r\n      },\r\n      \"kind\": \"TextAnalytics\",\r\n      \"properties\": {\r\n        \"endpoint\": \"https://csapstestrg1437.cognitiveservices.azure.com/\",\r\n        \"provisioningState\": \"Succeeded\",\r\n        \"internalId\": \"509e5976d1784f3da53554a79f385977\",\r\n        \"dateCreated\": \"2021-11-18T07:00:21.0136526Z\",\r\n        \"apiProperties\": {\r\n          \"qnaAzureSearchEndpointKey\": null\r\n        },\r\n        \"isMigrated\": false,\r\n        \"customSubDomainName\": \"csapstestrg1437\",\r\n        \"privateEndpointConnections\": [],\r\n        \"publicNetworkAccess\": \"Enabled\",\r\n        \"capabilities\": [\r\n          {\r\n            \"name\": \"VirtualNetworks\"\r\n          },\r\n          {\r\n            \"name\": \"CustomerManagedKey\"\r\n          },\r\n          {\r\n            \"name\": \"Container\",\r\n            \"value\": \"TextAnalytics.*,TextAnalytics.Healthcare,TextAnalytics.HealthcareFhir,TextAnalytics.Keyphrase,TextAnalytics.KeyphraseV2,TextAnalytics.KeyPhraseONNX,TextAnalytics.LanguageFastText,TextAnalytics.Language,TextAnalytics.LanguageV2,TextAnalytics.Sentiment,TextAnalytics.SentimentV2,TextAnalytics.SentimentV3,TextAnalytics.SentimentV3Preview\"\r\n          },\r\n          {\r\n            \"name\": \"Cloud\",\r\n            \"value\": \"QuestionAnswer.AllApis,LanguageService.QuestionAnsweringApis\"\r\n          }\r\n        ],\r\n        \"endpoints\": {\r\n          \"Text Analytics\": \"https://csapstestrg1437.cognitiveservices.azure.com/\",\r\n          \"LanguageAuthoring\": \"https://csapstestrg1437.cognitiveservices.azure.com/\",\r\n          \"ConversationalLanguageUnderstanding\": \"https://csapstestrg1437.cognitiveservices.azure.com/\",\r\n          \"ConversationalLURuntime\": \"https://csapstestrg1437.cognitiveservices.azure.com/\",\r\n          \"QnAMaker\": \"https://csapstestrg1437.cognitiveservices.azure.com/\",\r\n          \"turing\": \"https://csapstestrg1437.cognitiveservices.azure.com/\",\r\n          \"Turing DeepWrite\": \"https://csapstestrg1437.cognitiveservices.azure.com/\",\r\n          \"QuestionAnswering\": \"https://csapstestrg1437.cognitiveservices.azure.com/\",\r\n          \"LUIS.Authoring\": \"https://csapstestrg1437.cognitiveservices.azure.com/\"\r\n        }\r\n      }\r\n    },\r\n    {\r\n      \"id\": \"/subscriptions/f9b96b36-1f5e-4021-8959-51527e26e6d3/providers/Microsoft.CognitiveServices/locations/Central US EUAP/resourceGroups/pstestrg3454/deletedAccounts/csapstestrg3454\",\r\n      \"name\": \"csapstestrg3454\",\r\n      \"type\": \"Microsoft.CognitiveServices/deletedAccounts\",\r\n      \"etag\": \"\\\"0200dde3-0000-3300-0000-6195fbc80000\\\"\",\r\n      \"systemData\": {\r\n        \"createdBy\": \"50841d5f-166a-406c-8472-6800c9698b43\",\r\n        \"createdByType\": \"Application\",\r\n        \"createdAt\": \"2021-11-18T07:06:46.474406Z\",\r\n        \"lastModifiedBy\": \"50841d5f-166a-406c-8472-6800c9698b43\",\r\n        \"lastModifiedByType\": \"Application\",\r\n        \"lastModifiedAt\": \"2021-11-18T07:06:46.474406Z\"\r\n      },\r\n      \"location\": \"Central US EUAP\",\r\n      \"sku\": {\r\n        \"name\": \"S1\"\r\n      },\r\n      \"kind\": \"TextAnalytics\",\r\n      \"properties\": {\r\n        \"endpoint\": \"https://csapstestrg3454.cognitiveservices.azure.com/\",\r\n        \"internalId\": \"82c42c5a0c5e47ad8186237f36517fe2\",\r\n        \"dateCreated\": \"2021-11-18T07:06:47.1927846Z\",\r\n        \"apiProperties\": {\r\n          \"qnaAzureSearchEndpointKey\": null\r\n        },\r\n        \"isMigrated\": false,\r\n        \"customSubDomainName\": \"csapstestrg3454\",\r\n        \"privateEndpointConnections\": [],\r\n        \"publicNetworkAccess\": \"Enabled\",\r\n        \"capabilities\": [\r\n          {\r\n            \"name\": \"VirtualNetworks\"\r\n          },\r\n          {\r\n            \"name\": \"CustomerManagedKey\"\r\n          },\r\n          {\r\n            \"name\": \"Container\",\r\n            \"value\": \"TextAnalytics.*,TextAnalytics.Healthcare,TextAnalytics.HealthcareFhir,TextAnalytics.Keyphrase,TextAnalytics.KeyphraseV2,TextAnalytics.KeyPhraseONNX,TextAnalytics.LanguageFastText,TextAnalytics.Language,TextAnalytics.LanguageV2,TextAnalytics.Sentiment,TextAnalytics.SentimentV2,TextAnalytics.SentimentV3,TextAnalytics.SentimentV3Preview\"\r\n          },\r\n          {\r\n            \"name\": \"Cloud\",\r\n            \"value\": \"QuestionAnswer.AllApis,LanguageService.QuestionAnsweringApis\"\r\n          }\r\n        ],\r\n        \"endpoints\": {\r\n          \"Text Analytics\": \"https://csapstestrg3454.cognitiveservices.azure.com/\",\r\n          \"LanguageAuthoring\": \"https://csapstestrg3454.cognitiveservices.azure.com/\",\r\n          \"ConversationalLanguageUnderstanding\": \"https://csapstestrg3454.cognitiveservices.azure.com/\",\r\n          \"ConversationalLURuntime\": \"https://csapstestrg3454.cognitiveservices.azure.com/\",\r\n          \"QnAMaker\": \"https://csapstestrg3454.cognitiveservices.azure.com/\",\r\n          \"turing\": \"https://csapstestrg3454.cognitiveservices.azure.com/\",\r\n          \"Turing DeepWrite\": \"https://csapstestrg3454.cognitiveservices.azure.com/\",\r\n          \"QuestionAnswering\": \"https://csapstestrg3454.cognitiveservices.azure.com/\",\r\n          \"LUIS.Authoring\": \"https://csapstestrg3454.cognitiveservices.azure.com/\"\r\n        },\r\n        \"provisioningState\": \"Succeeded\"\r\n      }\r\n    },\r\n    {\r\n      \"id\": \"/subscriptions/f9b96b36-1f5e-4021-8959-51527e26e6d3/providers/Microsoft.CognitiveServices/locations/Central US EUAP/resourceGroups/pstestrg6823/deletedAccounts/csapstestrg6823\",\r\n      \"name\": \"csapstestrg6823\",\r\n      \"type\": \"Microsoft.CognitiveServices/deletedAccounts\",\r\n      \"etag\": \"\\\"020049e4-0000-3300-0000-6195fe9a0000\\\"\",\r\n      \"systemData\": {\r\n        \"createdBy\": \"50841d5f-166a-406c-8472-6800c9698b43\",\r\n        \"createdByType\": \"Application\",\r\n        \"createdAt\": \"2021-11-18T07:16:46.6596156Z\",\r\n        \"lastModifiedBy\": \"50841d5f-166a-406c-8472-6800c9698b43\",\r\n        \"lastModifiedByType\": \"Application\",\r\n        \"lastModifiedAt\": \"2021-11-18T07:16:46.6596156Z\"\r\n      },\r\n      \"location\": \"Central US EUAP\",\r\n      \"sku\": {\r\n        \"name\": \"E0\"\r\n      },\r\n      \"kind\": \"Face\",\r\n      \"properties\": {\r\n        \"endpoint\": \"https://csapstestrg6823.cognitiveservices.azure.com/\",\r\n        \"internalId\": \"921f4e7383094bafadf6fa9381670596\",\r\n        \"dateCreated\": \"2021-11-18T07:16:48.2222026Z\",\r\n        \"callRateLimit\": {\r\n          \"rules\": [\r\n            {\r\n              \"key\": \"face\",\r\n              \"renewalPeriod\": 1,\r\n              \"count\": 15,\r\n              \"dynamicThrottlingEnabled\": false,\r\n              \"matchPatterns\": [\r\n                {\r\n                  \"path\": \"face/*\",\r\n                  \"method\": \"*\"\r\n                }\r\n              ]\r\n            },\r\n            {\r\n              \"key\": \"container.billing\",\r\n              \"renewalPeriod\": 10,\r\n              \"count\": 500,\r\n              \"dynamicThrottlingEnabled\": false,\r\n              \"matchPatterns\": [\r\n                {\r\n                  \"path\": \"billing/*\",\r\n                  \"method\": \"*\"\r\n                }\r\n              ]\r\n            },\r\n            {\r\n              \"key\": \"default\",\r\n              \"renewalPeriod\": 1,\r\n              \"count\": 15,\r\n              \"dynamicThrottlingEnabled\": false,\r\n              \"matchPatterns\": [\r\n                {\r\n                  \"path\": \"*\",\r\n                  \"method\": \"*\"\r\n                }\r\n              ]\r\n            }\r\n          ]\r\n        },\r\n        \"isMigrated\": false,\r\n        \"customSubDomainName\": \"csapstestrg6823\",\r\n        \"encryption\": {\r\n          \"keySource\": \"Microsoft.CognitiveServices\"\r\n        },\r\n        \"privateEndpointConnections\": [],\r\n        \"publicNetworkAccess\": \"Enabled\",\r\n        \"capabilities\": [\r\n          {\r\n            \"name\": \"VirtualNetworks\"\r\n          },\r\n          {\r\n            \"name\": \"Container\",\r\n            \"value\": \"Face.*,Face.Face\"\r\n          },\r\n          {\r\n            \"name\": \"CustomerManagedKey\"\r\n          }\r\n        ],\r\n        \"endpoints\": {\r\n          \"Face\": \"https://csapstestrg6823.cognitiveservices.azure.com/\"\r\n        },\r\n        \"provisioningState\": \"Succeeded\"\r\n      },\r\n      \"identity\": {\r\n        \"principalId\": \"a97e044f-9584-47d5-bcf2-7ce48407cf0e\",\r\n        \"tenantId\": \"72f988bf-86f1-41af-91ab-2d7cd011db47\",\r\n        \"type\": \"SystemAssigned\",\r\n        \"userAssignedIdentities\": {}\r\n      }\r\n    },\r\n    {\r\n      \"id\": \"/subscriptions/f9b96b36-1f5e-4021-8959-51527e26e6d3/providers/Microsoft.CognitiveServices/locations/Central US EUAP/resourceGroups/pstestrg4358/deletedAccounts/csapstestrg4358\",\r\n      \"name\": \"csapstestrg4358\",\r\n      \"type\": \"Microsoft.CognitiveServices/deletedAccounts\",\r\n      \"etag\": \"\\\"020077e4-0000-3300-0000-6195ffb60000\\\"\",\r\n      \"systemData\": {\r\n        \"createdBy\": \"50841d5f-166a-406c-8472-6800c9698b43\",\r\n        \"createdByType\": \"Application\",\r\n        \"createdAt\": \"2021-11-18T07:21:01.7553752Z\",\r\n        \"lastModifiedBy\": \"50841d5f-166a-406c-8472-6800c9698b43\",\r\n        \"lastModifiedByType\": \"Application\",\r\n        \"lastModifiedAt\": \"2021-11-18T07:23:05.7744216Z\"\r\n      },\r\n      \"location\": \"Central US EUAP\",\r\n      \"sku\": {\r\n        \"name\": \"E0\"\r\n      },\r\n      \"kind\": \"Face\",\r\n      \"properties\": {\r\n        \"endpoint\": \"https://csapstestrg4358.cognitiveservices.azure.com/\",\r\n        \"provisioningState\": \"Succeeded\",\r\n        \"internalId\": \"ce99f76564014d09a2cc883453c0822a\",\r\n        \"dateCreated\": \"2021-11-18T07:21:03.5916044Z\",\r\n        \"callRateLimit\": {\r\n          \"rules\": [\r\n            {\r\n              \"key\": \"face\",\r\n              \"renewalPeriod\": 1,\r\n              \"count\": 15,\r\n              \"dynamicThrottlingEnabled\": false,\r\n              \"matchPatterns\": [\r\n                {\r\n                  \"path\": \"face/*\",\r\n                  \"method\": \"*\"\r\n                }\r\n              ]\r\n            },\r\n            {\r\n              \"key\": \"container.billing\",\r\n              \"renewalPeriod\": 10,\r\n              \"count\": 500,\r\n              \"dynamicThrottlingEnabled\": false,\r\n              \"matchPatterns\": [\r\n                {\r\n                  \"path\": \"billing/*\",\r\n                  \"method\": \"*\"\r\n                }\r\n              ]\r\n            },\r\n            {\r\n              \"key\": \"default\",\r\n              \"renewalPeriod\": 1,\r\n              \"count\": 15,\r\n              \"dynamicThrottlingEnabled\": false,\r\n              \"matchPatterns\": [\r\n                {\r\n                  \"path\": \"*\",\r\n                  \"method\": \"*\"\r\n                }\r\n              ]\r\n            }\r\n          ]\r\n        },\r\n        \"isMigrated\": false,\r\n        \"customSubDomainName\": \"csapstestrg4358\",\r\n        \"encryption\": {\r\n          \"keySource\": \"Microsoft.CognitiveServices\"\r\n        },\r\n        \"privateEndpointConnections\": [],\r\n        \"publicNetworkAccess\": \"Enabled\",\r\n        \"capabilities\": [\r\n          {\r\n            \"name\": \"VirtualNetworks\"\r\n          },\r\n          {\r\n            \"name\": \"Container\",\r\n            \"value\": \"Face.*,Face.Face\"\r\n          },\r\n          {\r\n            \"name\": \"CustomerManagedKey\"\r\n          }\r\n        ],\r\n        \"endpoints\": {\r\n          \"Face\": \"https://csapstestrg4358.cognitiveservices.azure.com/\"\r\n        }\r\n      },\r\n      \"identity\": {\r\n        \"principalId\": \"af93235c-e39b-4693-8453-f5d6c425eeb4\",\r\n        \"tenantId\": \"72f988bf-86f1-41af-91ab-2d7cd011db47\",\r\n        \"type\": \"SystemAssigned\",\r\n        \"userAssignedIdentities\": {}\r\n      }\r\n    },\r\n    {\r\n      \"id\": \"/subscriptions/f9b96b36-1f5e-4021-8959-51527e26e6d3/providers/Microsoft.CognitiveServices/locations/Central US EUAP/resourceGroups/pstestrg2619/deletedAccounts/csapstestrg2619\",\r\n      \"name\": \"csapstestrg2619\",\r\n      \"type\": \"Microsoft.CognitiveServices/deletedAccounts\",\r\n      \"etag\": \"\\\"02008be4-0000-3300-0000-619600330000\\\"\",\r\n      \"systemData\": {\r\n        \"createdBy\": \"50841d5f-166a-406c-8472-6800c9698b43\",\r\n        \"createdByType\": \"Application\",\r\n        \"createdAt\": \"2021-11-18T07:25:59.6963745Z\",\r\n        \"lastModifiedBy\": \"50841d5f-166a-406c-8472-6800c9698b43\",\r\n        \"lastModifiedByType\": \"Application\",\r\n        \"lastModifiedAt\": \"2021-11-18T07:25:59.6963745Z\"\r\n      },\r\n      \"location\": \"Central US EUAP\",\r\n      \"sku\": {\r\n        \"name\": \"S0\"\r\n      },\r\n      \"kind\": \"FormRecognizer\",\r\n      \"properties\": {\r\n        \"endpoint\": \"https://csapstestrg2619.cognitiveservices.azure.com/\",\r\n        \"internalId\": \"e13de7f7e4f045809a2a169e2c150a4e\",\r\n        \"dateCreated\": \"2021-11-18T07:26:00.8784505Z\",\r\n        \"callRateLimit\": {\r\n          \"rules\": [\r\n            {\r\n              \"key\": \"formrecognizer.custom.train\",\r\n              \"renewalPeriod\": 60,\r\n              \"count\": 1,\r\n              \"dynamicThrottlingEnabled\": false,\r\n              \"matchPatterns\": [\r\n                {\r\n                  \"path\": \"formrecognizer/custom/train\",\r\n                  \"method\": \"*\"\r\n                }\r\n              ]\r\n            },\r\n            {\r\n              \"key\": \"formrecognizer.custom.copymodels\",\r\n              \"renewalPeriod\": 60,\r\n              \"count\": 1,\r\n              \"dynamicThrottlingEnabled\": false,\r\n              \"matchPatterns\": [\r\n                {\r\n                  \"path\": \"formrecognizer/custom/models/{modelId}/copy\",\r\n                  \"method\": \"*\"\r\n                }\r\n              ]\r\n            },\r\n            {\r\n              \"key\": \"formrecognizer.custom.models.get\",\r\n              \"renewalPeriod\": 60,\r\n              \"count\": 10,\r\n              \"dynamicThrottlingEnabled\": false,\r\n              \"matchPatterns\": [\r\n                {\r\n                  \"path\": \"formrecognizer/custom/models\",\r\n                  \"method\": \"GET\"\r\n                }\r\n              ]\r\n            },\r\n            {\r\n              \"key\": \"formrecognizer.analyzeform\",\r\n              \"renewalPeriod\": 1,\r\n              \"count\": 15,\r\n              \"dynamicThrottlingEnabled\": false,\r\n              \"matchPatterns\": [\r\n                {\r\n                  \"path\": \"formrecognizer/custom/models/{modelId}/analyze\",\r\n                  \"method\": \"POST\"\r\n                }\r\n              ]\r\n            },\r\n            {\r\n              \"key\": \"formrecognizer.analyzeform.result\",\r\n              \"renewalPeriod\": 1,\r\n              \"count\": 100,\r\n              \"dynamicThrottlingEnabled\": false,\r\n              \"matchPatterns\": [\r\n                {\r\n                  \"path\": \"formrecognizer/custom/models/{modelId}/analyzeResults/{resultId}\",\r\n                  \"method\": \"GET\"\r\n                }\r\n              ]\r\n            },\r\n            {\r\n              \"key\": \"container.billing\",\r\n              \"renewalPeriod\": 10,\r\n              \"count\": 500,\r\n              \"dynamicThrottlingEnabled\": false,\r\n              \"matchPatterns\": [\r\n                {\r\n                  \"path\": \"billing/*\",\r\n                  \"method\": \"*\"\r\n                }\r\n              ]\r\n            },\r\n            {\r\n              \"key\": \"default\",\r\n              \"renewalPeriod\": 1,\r\n              \"count\": 30,\r\n              \"dynamicThrottlingEnabled\": false,\r\n              \"matchPatterns\": [\r\n                {\r\n                  \"path\": \"*\",\r\n                  \"method\": \"*\"\r\n                }\r\n              ]\r\n            }\r\n          ]\r\n        },\r\n        \"isMigrated\": false,\r\n        \"customSubDomainName\": \"csapstestrg2619\",\r\n        \"encryption\": {\r\n          \"keySource\": \"Microsoft.KeyVault\",\r\n          \"keyVaultProperties\": {\r\n            \"keyName\": \"TestKey\",\r\n            \"keyVersion\": \"dcb017f640db4818ba240751674f975f\",\r\n            \"keyVaultUri\": \"https://sdk-test-mi.vault.azure.net/\",\r\n            \"identityClientId\": \"9feb3cc7-408c-449d-8baf-f3dd44ad292b\"\r\n          }\r\n        },\r\n        \"privateEndpointConnections\": [],\r\n        \"publicNetworkAccess\": \"Enabled\",\r\n        \"capabilities\": [\r\n          {\r\n            \"name\": \"VirtualNetworks\"\r\n          },\r\n          {\r\n            \"name\": \"CustomerManagedStorage\"\r\n          },\r\n          {\r\n            \"name\": \"CustomerManagedKey\"\r\n          },\r\n          {\r\n            \"name\": \"Container\",\r\n            \"value\": \"FormRecognizer.*\"\r\n          }\r\n        ],\r\n        \"endpoints\": {\r\n          \"FormRecognizer\": \"https://csapstestrg2619.cognitiveservices.azure.com/\"\r\n        },\r\n        \"provisioningState\": \"Succeeded\"\r\n      },\r\n      \"identity\": {\r\n        \"tenantId\": \"72f988bf-86f1-41af-91ab-2d7cd011db47\",\r\n        \"type\": \"UserAssigned\",\r\n        \"userAssignedIdentities\": {\r\n          \"/subscriptions/f9b96b36-1f5e-4021-8959-51527e26e6d3/resourceGroups/yuanyang/providers/Microsoft.ManagedIdentity/userAssignedIdentities/sdk-test-mi\": {\r\n            \"principalId\": \"d334fc3d-e7da-4d8e-83d9-39b05da5d607\",\r\n            \"clientId\": \"9feb3cc7-408c-449d-8baf-f3dd44ad292b\"\r\n          }\r\n        }\r\n      }\r\n    },\r\n    {\r\n      \"id\": \"/subscriptions/f9b96b36-1f5e-4021-8959-51527e26e6d3/providers/Microsoft.CognitiveServices/locations/Central US EUAP/resourceGroups/pstestrg5669/deletedAccounts/csapstestrg5669\",\r\n      \"name\": \"csapstestrg5669\",\r\n      \"type\": \"Microsoft.CognitiveServices/deletedAccounts\",\r\n      \"etag\": \"\\\"02009ee4-0000-3300-0000-619600b20000\\\"\",\r\n      \"systemData\": {\r\n        \"createdBy\": \"50841d5f-166a-406c-8472-6800c9698b43\",\r\n        \"createdByType\": \"Application\",\r\n        \"createdAt\": \"2021-11-18T07:27:42.327365Z\",\r\n        \"lastModifiedBy\": \"50841d5f-166a-406c-8472-6800c9698b43\",\r\n        \"lastModifiedByType\": \"Application\",\r\n        \"lastModifiedAt\": \"2021-11-18T07:28:15.3080153Z\"\r\n      },\r\n      \"location\": \"Central US EUAP\",\r\n      \"sku\": {\r\n        \"name\": \"S0\"\r\n      },\r\n      \"kind\": \"FormRecognizer\",\r\n      \"properties\": {\r\n        \"endpoint\": \"https://csapstestrg5669.cognitiveservices.azure.com/\",\r\n        \"provisioningState\": \"Succeeded\",\r\n        \"internalId\": \"87c50a0fca2a4bbfa3b44a8727fa5479\",\r\n        \"dateCreated\": \"2021-11-18T07:27:43.4540502Z\",\r\n        \"callRateLimit\": {\r\n          \"rules\": [\r\n            {\r\n              \"key\": \"formrecognizer.custom.train\",\r\n              \"renewalPeriod\": 60,\r\n              \"count\": 1,\r\n              \"dynamicThrottlingEnabled\": false,\r\n              \"matchPatterns\": [\r\n                {\r\n                  \"path\": \"formrecognizer/custom/train\",\r\n                  \"method\": \"*\"\r\n                }\r\n              ]\r\n            },\r\n            {\r\n              \"key\": \"formrecognizer.custom.copymodels\",\r\n              \"renewalPeriod\": 60,\r\n              \"count\": 1,\r\n              \"dynamicThrottlingEnabled\": false,\r\n              \"matchPatterns\": [\r\n                {\r\n                  \"path\": \"formrecognizer/custom/models/{modelId}/copy\",\r\n                  \"method\": \"*\"\r\n                }\r\n              ]\r\n            },\r\n            {\r\n              \"key\": \"formrecognizer.custom.models.get\",\r\n              \"renewalPeriod\": 60,\r\n              \"count\": 10,\r\n              \"dynamicThrottlingEnabled\": false,\r\n              \"matchPatterns\": [\r\n                {\r\n                  \"path\": \"formrecognizer/custom/models\",\r\n                  \"method\": \"GET\"\r\n                }\r\n              ]\r\n            },\r\n            {\r\n              \"key\": \"formrecognizer.analyzeform\",\r\n              \"renewalPeriod\": 1,\r\n              \"count\": 15,\r\n              \"dynamicThrottlingEnabled\": false,\r\n              \"matchPatterns\": [\r\n                {\r\n                  \"path\": \"formrecognizer/custom/models/{modelId}/analyze\",\r\n                  \"method\": \"POST\"\r\n                }\r\n              ]\r\n            },\r\n            {\r\n              \"key\": \"formrecognizer.analyzeform.result\",\r\n              \"renewalPeriod\": 1,\r\n              \"count\": 100,\r\n              \"dynamicThrottlingEnabled\": false,\r\n              \"matchPatterns\": [\r\n                {\r\n                  \"path\": \"formrecognizer/custom/models/{modelId}/analyzeResults/{resultId}\",\r\n                  \"method\": \"GET\"\r\n                }\r\n              ]\r\n            },\r\n            {\r\n              \"key\": \"container.billing\",\r\n              \"renewalPeriod\": 10,\r\n              \"count\": 500,\r\n              \"dynamicThrottlingEnabled\": false,\r\n              \"matchPatterns\": [\r\n                {\r\n                  \"path\": \"billing/*\",\r\n                  \"method\": \"*\"\r\n                }\r\n              ]\r\n            },\r\n            {\r\n              \"key\": \"default\",\r\n              \"renewalPeriod\": 1,\r\n              \"count\": 30,\r\n              \"dynamicThrottlingEnabled\": false,\r\n              \"matchPatterns\": [\r\n                {\r\n                  \"path\": \"*\",\r\n                  \"method\": \"*\"\r\n                }\r\n              ]\r\n            }\r\n          ]\r\n        },\r\n        \"isMigrated\": false,\r\n        \"customSubDomainName\": \"csapstestrg5669\",\r\n        \"encryption\": {\r\n          \"keySource\": \"Microsoft.KeyVault\",\r\n          \"keyVaultProperties\": {\r\n            \"keyName\": \"TestKey\",\r\n            \"keyVersion\": \"dcb017f640db4818ba240751674f975f\",\r\n            \"keyVaultUri\": \"https://sdk-test-mi.vault.azure.net/\",\r\n            \"identityClientId\": \"9feb3cc7-408c-449d-8baf-f3dd44ad292b\"\r\n          }\r\n        },\r\n        \"privateEndpointConnections\": [],\r\n        \"publicNetworkAccess\": \"Enabled\",\r\n        \"capabilities\": [\r\n          {\r\n            \"name\": \"VirtualNetworks\"\r\n          },\r\n          {\r\n            \"name\": \"CustomerManagedStorage\"\r\n          },\r\n          {\r\n            \"name\": \"CustomerManagedKey\"\r\n          },\r\n          {\r\n            \"name\": \"Container\",\r\n            \"value\": \"FormRecognizer.*\"\r\n          }\r\n        ],\r\n        \"endpoints\": {\r\n          \"FormRecognizer\": \"https://csapstestrg5669.cognitiveservices.azure.com/\"\r\n        }\r\n      },\r\n      \"identity\": {\r\n        \"tenantId\": \"72f988bf-86f1-41af-91ab-2d7cd011db47\",\r\n        \"type\": \"UserAssigned\",\r\n        \"userAssignedIdentities\": {\r\n          \"/subscriptions/f9b96b36-1f5e-4021-8959-51527e26e6d3/resourceGroups/yuanyang/providers/Microsoft.ManagedIdentity/userAssignedIdentities/sdk-test-mi\": {\r\n            \"principalId\": \"d334fc3d-e7da-4d8e-83d9-39b05da5d607\",\r\n            \"clientId\": \"9feb3cc7-408c-449d-8baf-f3dd44ad292b\"\r\n          }\r\n        }\r\n      }\r\n    },\r\n    {\r\n      \"id\": \"/subscriptions/f9b96b36-1f5e-4021-8959-51527e26e6d3/providers/Microsoft.CognitiveServices/locations/Central US EUAP/resourceGroups/pstestrg6975/deletedAccounts/csapstestrg6975\",\r\n      \"name\": \"csapstestrg6975\",\r\n      \"type\": \"Microsoft.CognitiveServices/deletedAccounts\",\r\n      \"etag\": \"\\\"0200b7e4-0000-3300-0000-6196015f0000\\\"\",\r\n      \"systemData\": {\r\n        \"createdBy\": \"50841d5f-166a-406c-8472-6800c9698b43\",\r\n        \"createdByType\": \"Application\",\r\n        \"createdAt\": \"2021-11-18T07:30:09.1174859Z\",\r\n        \"lastModifiedBy\": \"50841d5f-166a-406c-8472-6800c9698b43\",\r\n        \"lastModifiedByType\": \"Application\",\r\n        \"lastModifiedAt\": \"2021-11-18T07:30:09.1174859Z\"\r\n      },\r\n      \"location\": \"Central US EUAP\",\r\n      \"sku\": {\r\n        \"name\": \"F0\"\r\n      },\r\n      \"kind\": \"FormRecognizer\",\r\n      \"properties\": {\r\n        \"endpoint\": \"https://csapstestrg6975.cognitiveservices.azure.com/\",\r\n        \"internalId\": \"49ba3a2702b34b548fa45c89c481056d\",\r\n        \"dateCreated\": \"2021-11-18T07:30:09.5205276Z\",\r\n        \"isMigrated\": false,\r\n        \"customSubDomainName\": \"csapstestrg6975\",\r\n        \"privateEndpointConnections\": [],\r\n        \"publicNetworkAccess\": \"Enabled\",\r\n        \"capabilities\": [\r\n          {\r\n            \"name\": \"VirtualNetworks\"\r\n          },\r\n          {\r\n            \"name\": \"CustomerManagedStorage\"\r\n          },\r\n          {\r\n            \"name\": \"CustomerManagedKey\"\r\n          },\r\n          {\r\n            \"name\": \"Container\",\r\n            \"value\": \"FormRecognizer.*\"\r\n          }\r\n        ],\r\n        \"endpoints\": {\r\n          \"FormRecognizer\": \"https://csapstestrg6975.cognitiveservices.azure.com/\"\r\n        },\r\n        \"provisioningState\": \"Succeeded\"\r\n      }\r\n    },\r\n    {\r\n      \"id\": \"/subscriptions/f9b96b36-1f5e-4021-8959-51527e26e6d3/providers/Microsoft.CognitiveServices/locations/Central US EUAP/resourceGroups/pstestrg2795/deletedAccounts/csapstestrg2795\",\r\n      \"name\": \"csapstestrg2795\",\r\n      \"type\": \"Microsoft.CognitiveServices/deletedAccounts\",\r\n      \"etag\": \"\\\"0200e8e4-0000-3300-0000-619602c60000\\\"\",\r\n      \"systemData\": {\r\n        \"createdBy\": \"50841d5f-166a-406c-8472-6800c9698b43\",\r\n        \"createdByType\": \"Application\",\r\n        \"createdAt\": \"2021-11-18T07:36:36.452643Z\",\r\n        \"lastModifiedBy\": \"50841d5f-166a-406c-8472-6800c9698b43\",\r\n        \"lastModifiedByType\": \"Application\",\r\n        \"lastModifiedAt\": \"2021-11-18T07:36:36.452643Z\"\r\n      },\r\n      \"location\": \"Central US EUAP\",\r\n      \"sku\": {\r\n        \"name\": \"S\"\r\n      },\r\n      \"kind\": \"TextAnalytics\",\r\n      \"properties\": {\r\n        \"endpoint\": \"https://centraluseuap.api.cognitive.microsoft.com/\",\r\n        \"internalId\": \"7ae32458188b43909731adf6ac8e8ec1\",\r\n        \"dateCreated\": \"2021-11-18T07:36:36.6758682Z\",\r\n        \"apiProperties\": {\r\n          \"qnaAzureSearchEndpointKey\": null\r\n        },\r\n        \"callRateLimit\": {\r\n          \"rules\": [\r\n            {\r\n              \"key\": \"workflow.endpoint.postcalls\",\r\n              \"renewalPeriod\": 60,\r\n              \"count\": 60,\r\n              \"dynamicThrottlingEnabled\": false,\r\n              \"matchPatterns\": [\r\n                {\r\n                  \"path\": \"/language/:analyze-conversations\",\r\n                  \"method\": \"*\"\r\n                }\r\n              ]\r\n            },\r\n            {\r\n              \"key\": \"textAnalytics.unifiedAuthoring\",\r\n              \"renewalPeriod\": 60,\r\n              \"count\": 100,\r\n              \"dynamicThrottlingEnabled\": false,\r\n              \"matchPatterns\": [\r\n                {\r\n                  \"path\": \"language/text/authoring/v1.0-preview.1/*\",\r\n                  \"method\": \"*\"\r\n                }\r\n              ]\r\n            },\r\n            {\r\n              \"key\": \"textAnalytics.unifiedAuthoring.getcalls\",\r\n              \"renewalPeriod\": 60,\r\n              \"count\": 100,\r\n              \"dynamicThrottlingEnabled\": false,\r\n              \"matchPatterns\": [\r\n                {\r\n                  \"path\": \"language/text/authoring/v1.0-preview.2/*\",\r\n                  \"method\": \"GET\"\r\n                }\r\n              ]\r\n            },\r\n            {\r\n              \"key\": \"textAnalytics.unifiedAuthoring.updatecalls\",\r\n              \"renewalPeriod\": 60,\r\n              \"count\": 10,\r\n              \"dynamicThrottlingEnabled\": false,\r\n              \"matchPatterns\": [\r\n                {\r\n                  \"path\": \"language/text/authoring/v1.0-preview.2/*\",\r\n                  \"method\": \"*\"\r\n                }\r\n              ]\r\n            },\r\n            {\r\n              \"key\": \"textAnalytics.unifiedAuthoring.clu.getCalls\",\r\n              \"renewalPeriod\": 60,\r\n              \"count\": 100,\r\n              \"dynamicThrottlingEnabled\": false,\r\n              \"matchPatterns\": [\r\n                {\r\n                  \"path\": \"language/customize-conversation/*\",\r\n                  \"method\": \"GET\"\r\n                }\r\n              ]\r\n            },\r\n            {\r\n              \"key\": \"textAnalytics.unifiedAuthoring.clu.updateCalls\",\r\n              \"renewalPeriod\": 60,\r\n              \"count\": 10,\r\n              \"dynamicThrottlingEnabled\": false,\r\n              \"matchPatterns\": [\r\n                {\r\n                  \"path\": \"language/customize-conversation/*\",\r\n                  \"method\": \"*\"\r\n                }\r\n              ]\r\n            },\r\n            {\r\n              \"key\": \"textAnalytics.customText\",\r\n              \"renewalPeriod\": 60,\r\n              \"count\": 100,\r\n              \"dynamicThrottlingEnabled\": false,\r\n              \"matchPatterns\": [\r\n                {\r\n                  \"path\": \"text/analytics/v3.1-preview.ct.1/analyze/*\",\r\n                  \"method\": \"*\"\r\n                }\r\n              ]\r\n            },\r\n            {\r\n              \"key\": \"textAnalytics\",\r\n              \"renewalPeriod\": 60,\r\n              \"count\": 1000,\r\n              \"dynamicThrottlingEnabled\": false,\r\n              \"matchPatterns\": [\r\n                {\r\n                  \"path\": \"text/analytics/*\",\r\n                  \"method\": \"*\"\r\n                }\r\n              ]\r\n            },\r\n            {\r\n              \"key\": \"container.billing\",\r\n              \"renewalPeriod\": 10,\r\n              \"count\": 500,\r\n              \"dynamicThrottlingEnabled\": false,\r\n              \"matchPatterns\": [\r\n                {\r\n                  \"path\": \"billing/*\",\r\n                  \"method\": \"*\"\r\n                }\r\n              ]\r\n            },\r\n            {\r\n              \"key\": \"questionanswering\",\r\n              \"renewalPeriod\": 60,\r\n              \"count\": 600,\r\n              \"dynamicThrottlingEnabled\": false,\r\n              \"matchPatterns\": [\r\n                {\r\n                  \"path\": \"qnamaker/*\",\r\n                  \"method\": \"*\"\r\n                }\r\n              ]\r\n            },\r\n            {\r\n              \"key\": \"unifiedlanguage.questionanswering\",\r\n              \"renewalPeriod\": 60,\r\n              \"count\": 600,\r\n              \"dynamicThrottlingEnabled\": false,\r\n              \"matchPatterns\": [\r\n                {\r\n                  \"path\": \"language/query-knowledgebases/*\",\r\n                  \"method\": \"*\"\r\n                },\r\n                {\r\n                  \"path\": \"language/:query-*\",\r\n                  \"method\": \"*\"\r\n                }\r\n              ]\r\n            },\r\n            {\r\n              \"key\": \"default\",\r\n              \"renewalPeriod\": 1,\r\n              \"count\": 20,\r\n              \"dynamicThrottlingEnabled\": false,\r\n              \"matchPatterns\": [\r\n                {\r\n                  \"path\": \"*\",\r\n                  \"method\": \"*\"\r\n                }\r\n              ]\r\n            }\r\n          ]\r\n        },\r\n        \"quotaLimit\": {\r\n          \"rules\": [\r\n            {\r\n              \"key\": \"workflow.endpoint.postcalls\",\r\n              \"renewalPeriod\": 2592000,\r\n              \"count\": 100000,\r\n              \"dynamicThrottlingEnabled\": false,\r\n              \"matchPatterns\": [\r\n                {\r\n                  \"path\": \"/language/:analyze-conversations\",\r\n                  \"method\": \"*\"\r\n                }\r\n              ]\r\n            }\r\n          ]\r\n        },\r\n        \"isMigrated\": false,\r\n        \"privateEndpointConnections\": [],\r\n        \"publicNetworkAccess\": \"Enabled\",\r\n        \"capabilities\": [\r\n          {\r\n            \"name\": \"VirtualNetworks\"\r\n          },\r\n          {\r\n            \"name\": \"CustomerManagedKey\"\r\n          },\r\n          {\r\n            \"name\": \"CustomerManagedStorage\"\r\n          },\r\n          {\r\n            \"name\": \"Container\",\r\n            \"value\": \"TextAnalytics.*,TextAnalytics.Healthcare,TextAnalytics.HealthcareFhir,TextAnalytics.Keyphrase,TextAnalytics.KeyphraseV2,TextAnalytics.KeyPhraseONNX,TextAnalytics.LanguageFastText,TextAnalytics.Language,TextAnalytics.LanguageV2,TextAnalytics.Sentiment,TextAnalytics.SentimentV2,TextAnalytics.SentimentV3,TextAnalytics.SentimentV3Preview\"\r\n          },\r\n          {\r\n            \"name\": \"Cloud\",\r\n            \"value\": \"TextAnalytics.Healthcare,QuestionAnswer.AllApis,LanguageService.QuestionAnsweringApis\"\r\n          }\r\n        ],\r\n        \"endpoints\": {\r\n          \"Text Analytics\": \"https://centraluseuap.api.cognitive.microsoft.com/\",\r\n          \"LanguageAuthoring\": \"https://centraluseuap.api.cognitive.microsoft.com/\",\r\n          \"ConversationalLanguageUnderstanding\": \"https://centraluseuap.api.cognitive.microsoft.com/\",\r\n          \"ConversationalLURuntime\": \"https://centraluseuap.api.cognitive.microsoft.com/\",\r\n          \"QnAMaker\": \"https://centraluseuap.api.cognitive.microsoft.com/\",\r\n          \"turing\": \"https://centraluseuap.api.cognitive.microsoft.com/\",\r\n          \"Turing DeepWrite\": \"https://centraluseuap.api.cognitive.microsoft.com/\",\r\n          \"QuestionAnswering\": \"https://centraluseuap.api.cognitive.microsoft.com/\",\r\n          \"LUIS.Authoring\": \"https://centraluseuap.api.cognitive.microsoft.com/\"\r\n        },\r\n        \"provisioningState\": \"Succeeded\"\r\n      }\r\n    },\r\n    {\r\n      \"id\": \"/subscriptions/f9b96b36-1f5e-4021-8959-51527e26e6d3/providers/Microsoft.CognitiveServices/locations/Central US EUAP/resourceGroups/pstestrg9608/deletedAccounts/csapstestrg9608\",\r\n      \"name\": \"csapstestrg9608\",\r\n      \"type\": \"Microsoft.CognitiveServices/deletedAccounts\",\r\n      \"etag\": \"\\\"0200b1e5-0000-3300-0000-619604530000\\\"\",\r\n      \"systemData\": {\r\n        \"createdBy\": \"50841d5f-166a-406c-8472-6800c9698b43\",\r\n        \"createdByType\": \"Application\",\r\n        \"createdAt\": \"2021-11-18T07:42:38.8509608Z\",\r\n        \"lastModifiedBy\": \"50841d5f-166a-406c-8472-6800c9698b43\",\r\n        \"lastModifiedByType\": \"Application\",\r\n        \"lastModifiedAt\": \"2021-11-18T07:42:38.8509608Z\"\r\n      },\r\n      \"location\": \"Central US EUAP\",\r\n      \"sku\": {\r\n        \"name\": \"E0\"\r\n      },\r\n      \"kind\": \"Face\",\r\n      \"properties\": {\r\n        \"endpoint\": \"https://csapstestrg9608.cognitiveservices.azure.com/\",\r\n        \"internalId\": \"56284dc65a0d4409a04e449862b3b259\",\r\n        \"dateCreated\": \"2021-11-18T07:42:40.1085822Z\",\r\n        \"callRateLimit\": {\r\n          \"rules\": [\r\n            {\r\n              \"key\": \"face\",\r\n              \"renewalPeriod\": 1,\r\n              \"count\": 15,\r\n              \"dynamicThrottlingEnabled\": false,\r\n              \"matchPatterns\": [\r\n                {\r\n                  \"path\": \"face/*\",\r\n                  \"method\": \"*\"\r\n                }\r\n              ]\r\n            },\r\n            {\r\n              \"key\": \"container.billing\",\r\n              \"renewalPeriod\": 10,\r\n              \"count\": 500,\r\n              \"dynamicThrottlingEnabled\": false,\r\n              \"matchPatterns\": [\r\n                {\r\n                  \"path\": \"billing/*\",\r\n                  \"method\": \"*\"\r\n                }\r\n              ]\r\n            },\r\n            {\r\n              \"key\": \"default\",\r\n              \"renewalPeriod\": 1,\r\n              \"count\": 15,\r\n              \"dynamicThrottlingEnabled\": false,\r\n              \"matchPatterns\": [\r\n                {\r\n                  \"path\": \"*\",\r\n                  \"method\": \"*\"\r\n                }\r\n              ]\r\n            }\r\n          ]\r\n        },\r\n        \"isMigrated\": false,\r\n        \"customSubDomainName\": \"csapstestrg9608\",\r\n        \"privateEndpointConnections\": [],\r\n        \"publicNetworkAccess\": \"Enabled\",\r\n        \"capabilities\": [\r\n          {\r\n            \"name\": \"VirtualNetworks\"\r\n          },\r\n          {\r\n            \"name\": \"Container\",\r\n            \"value\": \"Face.*,Face.Face\"\r\n          },\r\n          {\r\n            \"name\": \"CustomerManagedKey\"\r\n          }\r\n        ],\r\n        \"endpoints\": {\r\n          \"Face\": \"https://csapstestrg9608.cognitiveservices.azure.com/\"\r\n        },\r\n        \"provisioningState\": \"Succeeded\"\r\n      },\r\n      \"identity\": {\r\n        \"tenantId\": \"72f988bf-86f1-41af-91ab-2d7cd011db47\",\r\n        \"type\": \"UserAssigned\",\r\n        \"userAssignedIdentities\": {\r\n          \"/subscriptions/f9b96b36-1f5e-4021-8959-51527e26e6d3/resourceGroups/yuanyang/providers/Microsoft.ManagedIdentity/userAssignedIdentities/sdk-test-mi\": {\r\n            \"principalId\": \"d334fc3d-e7da-4d8e-83d9-39b05da5d607\",\r\n            \"clientId\": \"9feb3cc7-408c-449d-8baf-f3dd44ad292b\"\r\n          }\r\n        }\r\n      }\r\n    },\r\n    {\r\n      \"id\": \"/subscriptions/f9b96b36-1f5e-4021-8959-51527e26e6d3/providers/Microsoft.CognitiveServices/locations/Central US EUAP/resourceGroups/pstestrg8760/deletedAccounts/csapstestrg8760\",\r\n      \"name\": \"csapstestrg8760\",\r\n      \"type\": \"Microsoft.CognitiveServices/deletedAccounts\",\r\n      \"etag\": \"\\\"0200aae6-0000-3300-0000-6196053c0000\\\"\",\r\n      \"systemData\": {\r\n        \"createdBy\": \"50841d5f-166a-406c-8472-6800c9698b43\",\r\n        \"createdByType\": \"Application\",\r\n        \"createdAt\": \"2021-11-18T07:45:35.3571852Z\",\r\n        \"lastModifiedBy\": \"50841d5f-166a-406c-8472-6800c9698b43\",\r\n        \"lastModifiedByType\": \"Application\",\r\n        \"lastModifiedAt\": \"2021-11-18T07:47:39.5778463Z\"\r\n      },\r\n      \"location\": \"Central US EUAP\",\r\n      \"sku\": {\r\n        \"name\": \"E0\"\r\n      },\r\n      \"kind\": \"Face\",\r\n      \"properties\": {\r\n        \"endpoint\": \"https://csapstestrg8760.cognitiveservices.azure.com/\",\r\n        \"provisioningState\": \"Succeeded\",\r\n        \"internalId\": \"a6a53453d36d45bead95b5fa730697a6\",\r\n        \"dateCreated\": \"2021-11-18T07:45:37.1354019Z\",\r\n        \"callRateLimit\": {\r\n          \"rules\": [\r\n            {\r\n              \"key\": \"face\",\r\n              \"renewalPeriod\": 1,\r\n              \"count\": 15,\r\n              \"dynamicThrottlingEnabled\": false,\r\n              \"matchPatterns\": [\r\n                {\r\n                  \"path\": \"face/*\",\r\n                  \"method\": \"*\"\r\n                }\r\n              ]\r\n            },\r\n            {\r\n              \"key\": \"container.billing\",\r\n              \"renewalPeriod\": 10,\r\n              \"count\": 500,\r\n              \"dynamicThrottlingEnabled\": false,\r\n              \"matchPatterns\": [\r\n                {\r\n                  \"path\": \"billing/*\",\r\n                  \"method\": \"*\"\r\n                }\r\n              ]\r\n            },\r\n            {\r\n              \"key\": \"default\",\r\n              \"renewalPeriod\": 1,\r\n              \"count\": 15,\r\n              \"dynamicThrottlingEnabled\": false,\r\n              \"matchPatterns\": [\r\n                {\r\n                  \"path\": \"*\",\r\n                  \"method\": \"*\"\r\n                }\r\n              ]\r\n            }\r\n          ]\r\n        },\r\n        \"isMigrated\": false,\r\n        \"customSubDomainName\": \"csapstestrg8760\",\r\n        \"privateEndpointConnections\": [],\r\n        \"publicNetworkAccess\": \"Enabled\",\r\n        \"capabilities\": [\r\n          {\r\n            \"name\": \"VirtualNetworks\"\r\n          },\r\n          {\r\n            \"name\": \"Container\",\r\n            \"value\": \"Face.*,Face.Face\"\r\n          },\r\n          {\r\n            \"name\": \"CustomerManagedKey\"\r\n          }\r\n        ],\r\n        \"endpoints\": {\r\n          \"Face\": \"https://csapstestrg8760.cognitiveservices.azure.com/\"\r\n        }\r\n      },\r\n      \"identity\": {\r\n        \"principalId\": \"d802510f-771b-4714-82d9-9ba3d737d6a3\",\r\n        \"tenantId\": \"72f988bf-86f1-41af-91ab-2d7cd011db47\",\r\n        \"type\": \"SystemAssigned, UserAssigned\",\r\n        \"userAssignedIdentities\": {\r\n          \"/subscriptions/f9b96b36-1f5e-4021-8959-51527e26e6d3/resourceGroups/yuanyang/providers/Microsoft.ManagedIdentity/userAssignedIdentities/sdk-test-mi\": {\r\n            \"principalId\": \"d334fc3d-e7da-4d8e-83d9-39b05da5d607\",\r\n            \"clientId\": \"9feb3cc7-408c-449d-8baf-f3dd44ad292b\"\r\n          }\r\n        }\r\n      }\r\n    },\r\n    {\r\n      \"id\": \"/subscriptions/f9b96b36-1f5e-4021-8959-51527e26e6d3/providers/Microsoft.CognitiveServices/locations/Central US EUAP/resourceGroups/pstestrg3930/deletedAccounts/csapstestrg3930\",\r\n      \"name\": \"csapstestrg3930\",\r\n      \"type\": \"Microsoft.CognitiveServices/deletedAccounts\",\r\n      \"etag\": \"\\\"02005ce7-0000-3300-0000-6196065c0000\\\"\",\r\n      \"systemData\": {\r\n        \"createdBy\": \"50841d5f-166a-406c-8472-6800c9698b43\",\r\n        \"createdByType\": \"Application\",\r\n        \"createdAt\": \"2021-11-18T07:51:58.1234815Z\",\r\n        \"lastModifiedBy\": \"50841d5f-166a-406c-8472-6800c9698b43\",\r\n        \"lastModifiedByType\": \"Application\",\r\n        \"lastModifiedAt\": \"2021-11-18T07:51:58.1234815Z\"\r\n      },\r\n      \"location\": \"Central US EUAP\",\r\n      \"sku\": {\r\n        \"name\": \"S2\"\r\n      },\r\n      \"kind\": \"TextAnalytics\",\r\n      \"properties\": {\r\n        \"endpoint\": \"https://centraluseuap.api.cognitive.microsoft.com/\",\r\n        \"internalId\": \"ac84ba5ef1424c899ea6d1fa47210e42\",\r\n        \"dateCreated\": \"2021-11-18T07:51:58.3574761Z\",\r\n        \"apiProperties\": {\r\n          \"qnaAzureSearchEndpointKey\": null\r\n        },\r\n        \"isMigrated\": false,\r\n        \"privateEndpointConnections\": [],\r\n        \"publicNetworkAccess\": \"Enabled\",\r\n        \"capabilities\": [\r\n          {\r\n            \"name\": \"VirtualNetworks\"\r\n          },\r\n          {\r\n            \"name\": \"CustomerManagedKey\"\r\n          },\r\n          {\r\n            \"name\": \"Container\",\r\n            \"value\": \"TextAnalytics.*,TextAnalytics.Healthcare,TextAnalytics.HealthcareFhir,TextAnalytics.Keyphrase,TextAnalytics.KeyphraseV2,TextAnalytics.KeyPhraseONNX,TextAnalytics.LanguageFastText,TextAnalytics.Language,TextAnalytics.LanguageV2,TextAnalytics.Sentiment,TextAnalytics.SentimentV2,TextAnalytics.SentimentV3,TextAnalytics.SentimentV3Preview\"\r\n          },\r\n          {\r\n            \"name\": \"Cloud\",\r\n            \"value\": \"QuestionAnswer.AllApis,LanguageService.QuestionAnsweringApis\"\r\n          }\r\n        ],\r\n        \"endpoints\": {\r\n          \"Text Analytics\": \"https://centraluseuap.api.cognitive.microsoft.com/\",\r\n          \"LanguageAuthoring\": \"https://centraluseuap.api.cognitive.microsoft.com/\",\r\n          \"ConversationalLanguageUnderstanding\": \"https://centraluseuap.api.cognitive.microsoft.com/\",\r\n          \"ConversationalLURuntime\": \"https://centraluseuap.api.cognitive.microsoft.com/\",\r\n          \"QnAMaker\": \"https://centraluseuap.api.cognitive.microsoft.com/\",\r\n          \"turing\": \"https://centraluseuap.api.cognitive.microsoft.com/\",\r\n          \"Turing DeepWrite\": \"https://centraluseuap.api.cognitive.microsoft.com/\",\r\n          \"QuestionAnswering\": \"https://centraluseuap.api.cognitive.microsoft.com/\",\r\n          \"LUIS.Authoring\": \"https://centraluseuap.api.cognitive.microsoft.com/\"\r\n        },\r\n        \"provisioningState\": \"Succeeded\"\r\n      }\r\n    }\r\n  ]\r\n}",
      "StatusCode": 200
    },
    {
      "RequestUri": "/subscriptions/f9b96b36-1f5e-4021-8959-51527e26e6d3/providers/Microsoft.CognitiveServices/deletedAccounts?api-version=2021-10-01",
      "EncodedRequestUri": "L3N1YnNjcmlwdGlvbnMvZjliOTZiMzYtMWY1ZS00MDIxLTg5NTktNTE1MjdlMjZlNmQzL3Byb3ZpZGVycy9NaWNyb3NvZnQuQ29nbml0aXZlU2VydmljZXMvZGVsZXRlZEFjY291bnRzP2FwaS12ZXJzaW9uPTIwMjEtMTAtMDE=",
      "RequestMethod": "GET",
      "RequestBody": "",
      "RequestHeaders": {
        "x-ms-client-request-id": [
          "4a1f0ae1-3fc2-4011-802e-318425153a30"
        ],
        "Accept-Language": [
          "en-US"
        ],
        "User-Agent": [
          "FxVersion/4.6.30411.01",
          "OSName/Windows",
          "OSVersion/Microsoft.Windows.10.0.22000.",
          "Microsoft.Azure.Management.CognitiveServices.CognitiveServicesManagementClient/8.1.0.0"
        ]
      },
      "ResponseHeaders": {
        "Cache-Control": [
          "no-cache"
        ],
        "Pragma": [
          "no-cache"
        ],
        "x-ms-original-request-ids": [
          "5d79eec4-dd9b-4265-a332-8a1a6fbc7453",
          "7a605dbc-3c55-4511-a860-fa712bd863a7",
          "4fecc257-9b5a-4966-b8a8-909bd07d70bc",
          "7ca0a9e4-fd6d-4afd-baa0-72fb294ec603",
          "3e96a6a4-4ac7-48a3-9b3c-ba82197a1222",
          "d9a933a0-ee78-4da7-a77a-5f1621edbc72",
          "726a575c-c28e-470b-946b-bed5ada0cd24",
          "b17a0d01-9dfa-4e37-96cc-f7ebf95682fa",
          "5df33f46-2fb7-40da-8046-11f00c390434",
          "9c6c79c6-38b7-49cc-8c06-001802d42e36",
          "7a281efd-711b-49e4-b3ab-c24fd01237de",
          "e68aad70-6abc-43d4-946f-18c669bf3f58",
          "50558edb-2629-4e22-85dc-4f8008ff6263",
          "5497e25f-ddf8-4560-b009-4e67f182ea1c",
          "4f6a26f7-19a3-4826-b119-c48e7827ebb0",
          "a6866121-936c-452b-9c3d-58c70cb04a88",
          "2a084146-09a8-40ad-90e5-7d24b42a072c",
          "89cd85ae-6434-4ad2-8f92-19a98aac7168",
          "26b615ca-a132-418c-8adc-b94c933dfd1b",
          "ba561145-a170-4b67-9665-a32531c538af",
          "d09ce47d-f877-461b-917b-ea91a5f358c8",
          "b6397dd5-5c9c-42ff-9b9c-c9d80d7b66bb",
          "fe8e90a5-c7e6-434c-af4d-4b4176f98bfe",
          "8f93819a-944a-410b-8a31-7a562be94c6c",
          "5060c2af-0aac-4462-bb44-7c7dc5fe546d",
          "043fbd70-aa6b-4e77-bd03-9815fcd7ed4d",
          "18d00567-8f2b-4878-8f6c-5e77f277adef",
          "ec9bc15e-0d3d-454f-86e5-9b137607e731",
          "04e2d7a7-63fc-41f0-a257-456e05403020",
          "20ecae98-471a-4e70-ba0f-1817e1638010",
          "4487bbc0-1058-4375-aad0-fbc786b287da",
          "d7c13db8-09f5-44f1-9f18-8ca7ffea5f7c"
        ],
        "x-ms-ratelimit-remaining-subscription-reads": [
          "11990"
        ],
        "x-ms-request-id": [
          "70d02a18-7e61-4681-ab3b-d01fcdaddbaa"
        ],
        "x-ms-correlation-request-id": [
          "70d02a18-7e61-4681-ab3b-d01fcdaddbaa"
        ],
        "x-ms-routing-request-id": [
          "WESTUS2:20211118T075340Z:70d02a18-7e61-4681-ab3b-d01fcdaddbaa"
        ],
        "Strict-Transport-Security": [
          "max-age=31536000; includeSubDomains"
        ],
        "X-Content-Type-Options": [
          "nosniff"
        ],
        "Date": [
          "Thu, 18 Nov 2021 07:53:39 GMT"
        ],
        "Content-Type": [
          "application/json; charset=utf-8"
        ],
        "Expires": [
          "-1"
        ],
        "Content-Length": [
          "37753"
        ]
      },
      "ResponseBody": "{\r\n  \"value\": [\r\n    {\r\n      \"id\": \"/subscriptions/f9b96b36-1f5e-4021-8959-51527e26e6d3/providers/Microsoft.CognitiveServices/locations/West US/resourceGroups/pstestrg7056/deletedAccounts/csapstestrg7056\",\r\n      \"name\": \"csapstestrg7056\",\r\n      \"type\": \"Microsoft.CognitiveServices/deletedAccounts\",\r\n      \"etag\": \"\\\"4c015947-0000-0700-0000-6195fcff0000\\\"\",\r\n      \"systemData\": {\r\n        \"createdBy\": \"50841d5f-166a-406c-8472-6800c9698b43\",\r\n        \"createdByType\": \"Application\",\r\n        \"createdAt\": \"2021-11-18T07:11:44.8399464Z\",\r\n        \"lastModifiedBy\": \"50841d5f-166a-406c-8472-6800c9698b43\",\r\n        \"lastModifiedByType\": \"Application\",\r\n        \"lastModifiedAt\": \"2021-11-18T07:11:44.8399464Z\"\r\n      },\r\n      \"location\": \"West US\",\r\n      \"sku\": {\r\n        \"name\": \"S2\"\r\n      },\r\n      \"kind\": \"TextAnalytics\",\r\n      \"properties\": {\r\n        \"endpoint\": \"https://westus.api.cognitive.microsoft.com/\",\r\n        \"internalId\": \"00bff9ad934e4708a4cb887235c22a36\",\r\n        \"dateCreated\": \"2021-11-18T07:11:45.0145317Z\",\r\n        \"apiProperties\": {\r\n          \"qnaAzureSearchEndpointKey\": null\r\n        },\r\n        \"isMigrated\": false,\r\n        \"privateEndpointConnections\": [],\r\n        \"publicNetworkAccess\": \"Enabled\",\r\n        \"capabilities\": [\r\n          {\r\n            \"name\": \"VirtualNetworks\"\r\n          },\r\n          {\r\n            \"name\": \"CustomerManagedKey\"\r\n          },\r\n          {\r\n            \"name\": \"Container\",\r\n            \"value\": \"TextAnalytics.*,TextAnalytics.Healthcare,TextAnalytics.HealthcareFhir,TextAnalytics.Keyphrase,TextAnalytics.KeyphraseV2,TextAnalytics.KeyPhraseONNX,TextAnalytics.LanguageFastText,TextAnalytics.Language,TextAnalytics.LanguageV2,TextAnalytics.Sentiment,TextAnalytics.SentimentV2,TextAnalytics.SentimentV3,TextAnalytics.SentimentV3Preview\"\r\n          },\r\n          {\r\n            \"name\": \"Cloud\",\r\n            \"value\": \"QuestionAnswer.AllApis,LanguageService.QuestionAnsweringApis\"\r\n          }\r\n        ],\r\n        \"endpoints\": {\r\n          \"Text Analytics\": \"https://westus.api.cognitive.microsoft.com/\",\r\n          \"LanguageAuthoring\": \"https://westus.api.cognitive.microsoft.com/\",\r\n          \"ConversationalLanguageUnderstanding\": \"https://westus.api.cognitive.microsoft.com/\",\r\n          \"ConversationalLURuntime\": \"https://westus.api.cognitive.microsoft.com/\",\r\n          \"QnAMaker\": \"https://westus.api.cognitive.microsoft.com/\",\r\n          \"turing\": \"https://westus.api.cognitive.microsoft.com/\",\r\n          \"Turing DeepWrite\": \"https://westus.api.cognitive.microsoft.com/\",\r\n          \"QuestionAnswering\": \"https://westus.api.cognitive.microsoft.com/\",\r\n          \"LUIS.Authoring\": \"https://westus.api.cognitive.microsoft.com/\"\r\n        },\r\n        \"provisioningState\": \"Succeeded\"\r\n      }\r\n    },\r\n    {\r\n      \"id\": \"/subscriptions/f9b96b36-1f5e-4021-8959-51527e26e6d3/providers/Microsoft.CognitiveServices/locations/West US/resourceGroups/pstestrg9298/deletedAccounts/csapstestrg9298\",\r\n      \"name\": \"csapstestrg9298\",\r\n      \"type\": \"Microsoft.CognitiveServices/deletedAccounts\",\r\n      \"etag\": \"\\\"4c013266-0000-0700-0000-6195fd730000\\\"\",\r\n      \"systemData\": {\r\n        \"createdBy\": \"50841d5f-166a-406c-8472-6800c9698b43\",\r\n        \"createdByType\": \"Application\",\r\n        \"createdAt\": \"2021-11-18T07:13:26.6619427Z\",\r\n        \"lastModifiedBy\": \"50841d5f-166a-406c-8472-6800c9698b43\",\r\n        \"lastModifiedByType\": \"Application\",\r\n        \"lastModifiedAt\": \"2021-11-18T07:14:58.6774517Z\"\r\n      },\r\n      \"location\": \"West US\",\r\n      \"sku\": {\r\n        \"name\": \"S2\"\r\n      },\r\n      \"kind\": \"TextAnalytics\",\r\n      \"properties\": {\r\n        \"endpoint\": \"https://westus.api.cognitive.microsoft.com/\",\r\n        \"provisioningState\": \"Succeeded\",\r\n        \"internalId\": \"5a1069e461b24bfdb33e03a9ef461618\",\r\n        \"dateCreated\": \"2021-11-18T07:13:26.857661Z\",\r\n        \"apiProperties\": {\r\n          \"qnaAzureSearchEndpointKey\": null\r\n        },\r\n        \"isMigrated\": false,\r\n        \"privateEndpointConnections\": [],\r\n        \"publicNetworkAccess\": \"Enabled\",\r\n        \"capabilities\": [\r\n          {\r\n            \"name\": \"VirtualNetworks\"\r\n          },\r\n          {\r\n            \"name\": \"CustomerManagedKey\"\r\n          },\r\n          {\r\n            \"name\": \"Container\",\r\n            \"value\": \"TextAnalytics.*,TextAnalytics.Healthcare,TextAnalytics.HealthcareFhir,TextAnalytics.Keyphrase,TextAnalytics.KeyphraseV2,TextAnalytics.KeyPhraseONNX,TextAnalytics.LanguageFastText,TextAnalytics.Language,TextAnalytics.LanguageV2,TextAnalytics.Sentiment,TextAnalytics.SentimentV2,TextAnalytics.SentimentV3,TextAnalytics.SentimentV3Preview\"\r\n          },\r\n          {\r\n            \"name\": \"Cloud\",\r\n            \"value\": \"QuestionAnswer.AllApis,LanguageService.QuestionAnsweringApis\"\r\n          }\r\n        ],\r\n        \"endpoints\": {\r\n          \"Text Analytics\": \"https://westus.api.cognitive.microsoft.com/\",\r\n          \"LanguageAuthoring\": \"https://westus.api.cognitive.microsoft.com/\",\r\n          \"ConversationalLanguageUnderstanding\": \"https://westus.api.cognitive.microsoft.com/\",\r\n          \"ConversationalLURuntime\": \"https://westus.api.cognitive.microsoft.com/\",\r\n          \"QnAMaker\": \"https://westus.api.cognitive.microsoft.com/\",\r\n          \"turing\": \"https://westus.api.cognitive.microsoft.com/\",\r\n          \"Turing DeepWrite\": \"https://westus.api.cognitive.microsoft.com/\",\r\n          \"QuestionAnswering\": \"https://westus.api.cognitive.microsoft.com/\",\r\n          \"LUIS.Authoring\": \"https://westus.api.cognitive.microsoft.com/\"\r\n        }\r\n      }\r\n    },\r\n    {\r\n      \"id\": \"/subscriptions/f9b96b36-1f5e-4021-8959-51527e26e6d3/providers/Microsoft.CognitiveServices/locations/West US/resourceGroups/pstestrg425/deletedAccounts/csapstestrg425\",\r\n      \"name\": \"csapstestrg425\",\r\n      \"type\": \"Microsoft.CognitiveServices/deletedAccounts\",\r\n      \"etag\": \"\\\"4c013a7d-0000-0700-0000-6195fdc80000\\\"\",\r\n      \"systemData\": {\r\n        \"createdBy\": \"50841d5f-166a-406c-8472-6800c9698b43\",\r\n        \"createdByType\": \"Application\",\r\n        \"createdAt\": \"2021-11-18T07:15:21.163405Z\",\r\n        \"lastModifiedBy\": \"50841d5f-166a-406c-8472-6800c9698b43\",\r\n        \"lastModifiedByType\": \"Application\",\r\n        \"lastModifiedAt\": \"2021-11-18T07:15:21.163405Z\"\r\n      },\r\n      \"location\": \"West US\",\r\n      \"sku\": {\r\n        \"name\": \"S2\"\r\n      },\r\n      \"kind\": \"TextAnalytics\",\r\n      \"properties\": {\r\n        \"endpoint\": \"https://westus.api.cognitive.microsoft.com/\",\r\n        \"internalId\": \"58c31bf1a06d4e7a93a576629c56ef64\",\r\n        \"dateCreated\": \"2021-11-18T07:15:21.3068092Z\",\r\n        \"apiProperties\": {\r\n          \"qnaAzureSearchEndpointKey\": null\r\n        },\r\n        \"isMigrated\": false,\r\n        \"privateEndpointConnections\": [],\r\n        \"publicNetworkAccess\": \"Enabled\",\r\n        \"capabilities\": [\r\n          {\r\n            \"name\": \"VirtualNetworks\"\r\n          },\r\n          {\r\n            \"name\": \"CustomerManagedKey\"\r\n          },\r\n          {\r\n            \"name\": \"Container\",\r\n            \"value\": \"TextAnalytics.*,TextAnalytics.Healthcare,TextAnalytics.HealthcareFhir,TextAnalytics.Keyphrase,TextAnalytics.KeyphraseV2,TextAnalytics.KeyPhraseONNX,TextAnalytics.LanguageFastText,TextAnalytics.Language,TextAnalytics.LanguageV2,TextAnalytics.Sentiment,TextAnalytics.SentimentV2,TextAnalytics.SentimentV3,TextAnalytics.SentimentV3Preview\"\r\n          },\r\n          {\r\n            \"name\": \"Cloud\",\r\n            \"value\": \"QuestionAnswer.AllApis,LanguageService.QuestionAnsweringApis\"\r\n          }\r\n        ],\r\n        \"endpoints\": {\r\n          \"Text Analytics\": \"https://westus.api.cognitive.microsoft.com/\",\r\n          \"LanguageAuthoring\": \"https://westus.api.cognitive.microsoft.com/\",\r\n          \"ConversationalLanguageUnderstanding\": \"https://westus.api.cognitive.microsoft.com/\",\r\n          \"ConversationalLURuntime\": \"https://westus.api.cognitive.microsoft.com/\",\r\n          \"QnAMaker\": \"https://westus.api.cognitive.microsoft.com/\",\r\n          \"turing\": \"https://westus.api.cognitive.microsoft.com/\",\r\n          \"Turing DeepWrite\": \"https://westus.api.cognitive.microsoft.com/\",\r\n          \"QuestionAnswering\": \"https://westus.api.cognitive.microsoft.com/\",\r\n          \"LUIS.Authoring\": \"https://westus.api.cognitive.microsoft.com/\"\r\n        },\r\n        \"provisioningState\": \"Succeeded\"\r\n      }\r\n    },\r\n    {\r\n      \"id\": \"/subscriptions/f9b96b36-1f5e-4021-8959-51527e26e6d3/providers/Microsoft.CognitiveServices/locations/West US/resourceGroups/pstestrg5164/deletedAccounts/csapstestrg5164\",\r\n      \"name\": \"csapstestrg5164\",\r\n      \"type\": \"Microsoft.CognitiveServices/deletedAccounts\",\r\n      \"etag\": \"\\\"4e01208b-0000-0700-0000-619606060000\\\"\",\r\n      \"systemData\": {\r\n        \"createdBy\": \"50841d5f-166a-406c-8472-6800c9698b43\",\r\n        \"createdByType\": \"Application\",\r\n        \"createdAt\": \"2021-11-18T07:49:31.4363283Z\",\r\n        \"lastModifiedBy\": \"50841d5f-166a-406c-8472-6800c9698b43\",\r\n        \"lastModifiedByType\": \"Application\",\r\n        \"lastModifiedAt\": \"2021-11-18T07:50:33.0718587Z\"\r\n      },\r\n      \"location\": \"West US\",\r\n      \"sku\": {\r\n        \"name\": \"S3\"\r\n      },\r\n      \"kind\": \"TextAnalytics\",\r\n      \"tags\": {\r\n        \"testtag\": \"testval\"\r\n      },\r\n      \"properties\": {\r\n        \"endpoint\": \"https://westus.api.cognitive.microsoft.com/\",\r\n        \"provisioningState\": \"Succeeded\",\r\n        \"internalId\": \"2e560f81b4f745c984ce2837ff72c70a\",\r\n        \"dateCreated\": \"2021-11-18T07:49:31.6026477Z\",\r\n        \"apiProperties\": {\r\n          \"qnaAzureSearchEndpointKey\": null\r\n        },\r\n        \"isMigrated\": false,\r\n        \"privateEndpointConnections\": [],\r\n        \"publicNetworkAccess\": \"Enabled\",\r\n        \"capabilities\": [\r\n          {\r\n            \"name\": \"VirtualNetworks\"\r\n          },\r\n          {\r\n            \"name\": \"CustomerManagedKey\"\r\n          },\r\n          {\r\n            \"name\": \"Container\",\r\n            \"value\": \"TextAnalytics.*,TextAnalytics.Healthcare,TextAnalytics.HealthcareFhir,TextAnalytics.Keyphrase,TextAnalytics.KeyphraseV2,TextAnalytics.KeyPhraseONNX,TextAnalytics.LanguageFastText,TextAnalytics.Language,TextAnalytics.LanguageV2,TextAnalytics.Sentiment,TextAnalytics.SentimentV2,TextAnalytics.SentimentV3,TextAnalytics.SentimentV3Preview\"\r\n          },\r\n          {\r\n            \"name\": \"Cloud\",\r\n            \"value\": \"QuestionAnswer.AllApis,LanguageService.QuestionAnsweringApis\"\r\n          }\r\n        ],\r\n        \"endpoints\": {\r\n          \"Text Analytics\": \"https://westus.api.cognitive.microsoft.com/\",\r\n          \"LanguageAuthoring\": \"https://westus.api.cognitive.microsoft.com/\",\r\n          \"ConversationalLanguageUnderstanding\": \"https://westus.api.cognitive.microsoft.com/\",\r\n          \"ConversationalLURuntime\": \"https://westus.api.cognitive.microsoft.com/\",\r\n          \"QnAMaker\": \"https://westus.api.cognitive.microsoft.com/\",\r\n          \"turing\": \"https://westus.api.cognitive.microsoft.com/\",\r\n          \"Turing DeepWrite\": \"https://westus.api.cognitive.microsoft.com/\",\r\n          \"QuestionAnswering\": \"https://westus.api.cognitive.microsoft.com/\",\r\n          \"LUIS.Authoring\": \"https://westus.api.cognitive.microsoft.com/\"\r\n        }\r\n      }\r\n    },\r\n    {\r\n      \"id\": \"/subscriptions/f9b96b36-1f5e-4021-8959-51527e26e6d3/providers/Microsoft.CognitiveServices/locations/westus2/resourceGroups/pstestrg7054/deletedAccounts/csapstestrg7054\",\r\n      \"name\": \"csapstestrg7054\",\r\n      \"type\": \"Microsoft.CognitiveServices/deletedAccounts\",\r\n      \"etag\": \"\\\"3a00c530-0000-0800-0000-619603400000\\\"\",\r\n      \"systemData\": {\r\n        \"createdBy\": \"50841d5f-166a-406c-8472-6800c9698b43\",\r\n        \"createdByType\": \"Application\",\r\n        \"createdAt\": \"2021-11-18T07:39:41.7463874Z\",\r\n        \"lastModifiedBy\": \"50841d5f-166a-406c-8472-6800c9698b43\",\r\n        \"lastModifiedByType\": \"Application\",\r\n        \"lastModifiedAt\": \"2021-11-18T07:39:41.7463874Z\"\r\n      },\r\n      \"location\": \"westus2\",\r\n      \"sku\": {\r\n        \"name\": \"S0\"\r\n      },\r\n      \"kind\": \"OpenAI\",\r\n      \"properties\": {\r\n        \"endpoint\": \"https://westus2.api.cognitive.microsoft.com/\",\r\n        \"internalId\": \"102967c66c534e14b4ab8a9855647441\",\r\n        \"dateCreated\": \"2021-11-18T07:39:41.835314Z\",\r\n        \"callRateLimit\": {\r\n          \"rules\": [\r\n            {\r\n              \"key\": \"openai\",\r\n              \"renewalPeriod\": 1,\r\n              \"count\": 30,\r\n              \"dynamicThrottlingEnabled\": false,\r\n              \"matchPatterns\": [\r\n                {\r\n                  \"path\": \"openai/*\",\r\n                  \"method\": \"*\"\r\n                }\r\n              ]\r\n            },\r\n            {\r\n              \"key\": \"default\",\r\n              \"renewalPeriod\": 1,\r\n              \"count\": 30,\r\n              \"dynamicThrottlingEnabled\": false,\r\n              \"matchPatterns\": [\r\n                {\r\n                  \"path\": \"*\",\r\n                  \"method\": \"*\"\r\n                }\r\n              ]\r\n            }\r\n          ]\r\n        },\r\n        \"isMigrated\": false,\r\n        \"privateEndpointConnections\": [],\r\n        \"publicNetworkAccess\": \"Enabled\",\r\n        \"capabilities\": [\r\n          {\r\n            \"name\": \"VirtualNetworks\"\r\n          }\r\n        ],\r\n        \"endpoints\": {\r\n          \"OpenAI Language Model Instance API\": \"https://westus2.api.cognitive.microsoft.com/\"\r\n        },\r\n        \"provisioningState\": \"Succeeded\"\r\n      }\r\n    },\r\n    {\r\n      \"id\": \"/subscriptions/f9b96b36-1f5e-4021-8959-51527e26e6d3/providers/Microsoft.CognitiveServices/locations/westeurope/resourceGroups/felixwa-01/deletedAccounts/felixwa-luis-vnet-Authoring\",\r\n      \"name\": \"felixwa-luis-vnet-Authoring\",\r\n      \"type\": \"Microsoft.CognitiveServices/deletedAccounts\",\r\n      \"etag\": \"\\\"13008ac5-0000-0d00-0000-6195f2e80000\\\"\",\r\n      \"location\": \"westeurope\",\r\n      \"sku\": {\r\n        \"name\": \"S1\"\r\n      },\r\n      \"kind\": \"LUIS.Authoring\",\r\n      \"properties\": {\r\n        \"endpoint\": \"https://felixwa-luis-vnet-authoring.cognitiveservices.azure.com/\",\r\n        \"provisioningState\": \"Succeeded\",\r\n        \"internalId\": \"f3582d4dd10f4b3782353475113d39b7\",\r\n        \"dateCreated\": \"2020-07-18T03:15:20.9485324Z\",\r\n        \"customSubDomainName\": \"felixwa-luis-vnet-authoring\",\r\n        \"networkAcls\": {\r\n          \"defaultAction\": \"Deny\",\r\n          \"virtualNetworkRules\": [\r\n            {\r\n              \"id\": \"/subscriptions/f9b96b36-1f5e-4021-8959-51527e26e6d3/resourceGroups/control-plane-unit-test/providers/Microsoft.Network/virtualNetworks/vnet-unit-test/subnets/default\",\r\n              \"ignoreMissingVnetServiceEndpoint\": false\r\n            },\r\n            {\r\n              \"id\": \"/subscriptions/f9b96b36-1f5e-4021-8959-51527e26e6d3/resourceGroups/control-plane-unit-test/providers/Microsoft.Network/virtualNetworks/vnet-unit-test/subnets/subnet\",\r\n              \"ignoreMissingVnetServiceEndpoint\": false\r\n            }\r\n          ],\r\n          \"ipRules\": []\r\n        },\r\n        \"privateEndpointConnections\": [],\r\n        \"publicNetworkAccess\": \"Enabled\",\r\n        \"capabilities\": [\r\n          {\r\n            \"name\": \"VirtualNetworks\"\r\n          }\r\n        ],\r\n        \"endpoints\": {\r\n          \"LUIS.Authoring\": \"https://felixwa-luis-vnet-authoring.cognitiveservices.azure.com/\",\r\n          \"LUIS\": \"https://felixwa-luis-vnet-authoring.cognitiveservices.azure.com/\"\r\n        }\r\n      }\r\n    },\r\n    {\r\n      \"id\": \"/subscriptions/f9b96b36-1f5e-4021-8959-51527e26e6d3/providers/Microsoft.CognitiveServices/locations/West Central US/resourceGroups/pstestrg5934/deletedAccounts/csapstestrg5934\",\r\n      \"name\": \"csapstestrg5934\",\r\n      \"type\": \"Microsoft.CognitiveServices/deletedAccounts\",\r\n      \"etag\": \"\\\"0401fbf0-0000-0600-0000-6195fc9b0000\\\"\",\r\n      \"systemData\": {\r\n        \"createdBy\": \"50841d5f-166a-406c-8472-6800c9698b43\",\r\n        \"createdByType\": \"Application\",\r\n        \"createdAt\": \"2021-11-18T07:09:18.1182502Z\",\r\n        \"lastModifiedBy\": \"50841d5f-166a-406c-8472-6800c9698b43\",\r\n        \"lastModifiedByType\": \"Application\",\r\n        \"lastModifiedAt\": \"2021-11-18T07:10:21.0538118Z\"\r\n      },\r\n      \"location\": \"West Central US\",\r\n      \"sku\": {\r\n        \"name\": \"S2\"\r\n      },\r\n      \"kind\": \"TextAnalytics\",\r\n      \"properties\": {\r\n        \"endpoint\": \"https://csapstestrg5934.cognitiveservices.azure.com/\",\r\n        \"provisioningState\": \"Succeeded\",\r\n        \"internalId\": \"2a9ea56c7eee42f2933fb4523baa8aff\",\r\n        \"dateCreated\": \"2021-11-18T07:09:18.7933568Z\",\r\n        \"apiProperties\": {\r\n          \"qnaAzureSearchEndpointKey\": null\r\n        },\r\n        \"isMigrated\": false,\r\n        \"customSubDomainName\": \"csapstestrg5934\",\r\n        \"privateEndpointConnections\": [],\r\n        \"publicNetworkAccess\": \"Enabled\",\r\n        \"capabilities\": [\r\n          {\r\n            \"name\": \"VirtualNetworks\"\r\n          },\r\n          {\r\n            \"name\": \"CustomerManagedKey\"\r\n          },\r\n          {\r\n            \"name\": \"Container\",\r\n            \"value\": \"TextAnalytics.*,TextAnalytics.Healthcare,TextAnalytics.HealthcareFhir,TextAnalytics.Keyphrase,TextAnalytics.KeyphraseV2,TextAnalytics.KeyPhraseONNX,TextAnalytics.LanguageFastText,TextAnalytics.Language,TextAnalytics.LanguageV2,TextAnalytics.Sentiment,TextAnalytics.SentimentV2,TextAnalytics.SentimentV3,TextAnalytics.SentimentV3Preview\"\r\n          },\r\n          {\r\n            \"name\": \"Cloud\",\r\n            \"value\": \"QuestionAnswer.AllApis,LanguageService.QuestionAnsweringApis\"\r\n          }\r\n        ],\r\n        \"endpoints\": {\r\n          \"Text Analytics\": \"https://csapstestrg5934.cognitiveservices.azure.com/\",\r\n          \"LanguageAuthoring\": \"https://csapstestrg5934.cognitiveservices.azure.com/\",\r\n          \"ConversationalLanguageUnderstanding\": \"https://csapstestrg5934.cognitiveservices.azure.com/\",\r\n          \"ConversationalLURuntime\": \"https://csapstestrg5934.cognitiveservices.azure.com/\",\r\n          \"QnAMaker\": \"https://csapstestrg5934.cognitiveservices.azure.com/\",\r\n          \"turing\": \"https://csapstestrg5934.cognitiveservices.azure.com/\",\r\n          \"Turing DeepWrite\": \"https://csapstestrg5934.cognitiveservices.azure.com/\",\r\n          \"QuestionAnswering\": \"https://csapstestrg5934.cognitiveservices.azure.com/\",\r\n          \"LUIS.Authoring\": \"https://csapstestrg5934.cognitiveservices.azure.com/\"\r\n        }\r\n      }\r\n    },\r\n    {\r\n      \"id\": \"/subscriptions/f9b96b36-1f5e-4021-8959-51527e26e6d3/providers/Microsoft.CognitiveServices/locations/Central US EUAP/resourceGroups/pstestrg1437/deletedAccounts/csapstestrg1437\",\r\n      \"name\": \"csapstestrg1437\",\r\n      \"type\": \"Microsoft.CognitiveServices/deletedAccounts\",\r\n      \"etag\": \"\\\"0200bee3-0000-3300-0000-6195fb380000\\\"\",\r\n      \"systemData\": {\r\n        \"createdBy\": \"50841d5f-166a-406c-8472-6800c9698b43\",\r\n        \"createdByType\": \"Application\",\r\n        \"createdAt\": \"2021-11-18T07:00:20.3261656Z\",\r\n        \"lastModifiedBy\": \"50841d5f-166a-406c-8472-6800c9698b43\",\r\n        \"lastModifiedByType\": \"Application\",\r\n        \"lastModifiedAt\": \"2021-11-18T07:03:26.2965561Z\"\r\n      },\r\n      \"location\": \"Central US EUAP\",\r\n      \"sku\": {\r\n        \"name\": \"S1\"\r\n      },\r\n      \"kind\": \"TextAnalytics\",\r\n      \"properties\": {\r\n        \"endpoint\": \"https://csapstestrg1437.cognitiveservices.azure.com/\",\r\n        \"provisioningState\": \"Succeeded\",\r\n        \"internalId\": \"509e5976d1784f3da53554a79f385977\",\r\n        \"dateCreated\": \"2021-11-18T07:00:21.0136526Z\",\r\n        \"apiProperties\": {\r\n          \"qnaAzureSearchEndpointKey\": null\r\n        },\r\n        \"isMigrated\": false,\r\n        \"customSubDomainName\": \"csapstestrg1437\",\r\n        \"privateEndpointConnections\": [],\r\n        \"publicNetworkAccess\": \"Enabled\",\r\n        \"capabilities\": [\r\n          {\r\n            \"name\": \"VirtualNetworks\"\r\n          },\r\n          {\r\n            \"name\": \"CustomerManagedKey\"\r\n          },\r\n          {\r\n            \"name\": \"Container\",\r\n            \"value\": \"TextAnalytics.*,TextAnalytics.Healthcare,TextAnalytics.HealthcareFhir,TextAnalytics.Keyphrase,TextAnalytics.KeyphraseV2,TextAnalytics.KeyPhraseONNX,TextAnalytics.LanguageFastText,TextAnalytics.Language,TextAnalytics.LanguageV2,TextAnalytics.Sentiment,TextAnalytics.SentimentV2,TextAnalytics.SentimentV3,TextAnalytics.SentimentV3Preview\"\r\n          },\r\n          {\r\n            \"name\": \"Cloud\",\r\n            \"value\": \"QuestionAnswer.AllApis,LanguageService.QuestionAnsweringApis\"\r\n          }\r\n        ],\r\n        \"endpoints\": {\r\n          \"Text Analytics\": \"https://csapstestrg1437.cognitiveservices.azure.com/\",\r\n          \"LanguageAuthoring\": \"https://csapstestrg1437.cognitiveservices.azure.com/\",\r\n          \"ConversationalLanguageUnderstanding\": \"https://csapstestrg1437.cognitiveservices.azure.com/\",\r\n          \"ConversationalLURuntime\": \"https://csapstestrg1437.cognitiveservices.azure.com/\",\r\n          \"QnAMaker\": \"https://csapstestrg1437.cognitiveservices.azure.com/\",\r\n          \"turing\": \"https://csapstestrg1437.cognitiveservices.azure.com/\",\r\n          \"Turing DeepWrite\": \"https://csapstestrg1437.cognitiveservices.azure.com/\",\r\n          \"QuestionAnswering\": \"https://csapstestrg1437.cognitiveservices.azure.com/\",\r\n          \"LUIS.Authoring\": \"https://csapstestrg1437.cognitiveservices.azure.com/\"\r\n        }\r\n      }\r\n    },\r\n    {\r\n      \"id\": \"/subscriptions/f9b96b36-1f5e-4021-8959-51527e26e6d3/providers/Microsoft.CognitiveServices/locations/Central US EUAP/resourceGroups/pstestrg3454/deletedAccounts/csapstestrg3454\",\r\n      \"name\": \"csapstestrg3454\",\r\n      \"type\": \"Microsoft.CognitiveServices/deletedAccounts\",\r\n      \"etag\": \"\\\"0200dde3-0000-3300-0000-6195fbc80000\\\"\",\r\n      \"systemData\": {\r\n        \"createdBy\": \"50841d5f-166a-406c-8472-6800c9698b43\",\r\n        \"createdByType\": \"Application\",\r\n        \"createdAt\": \"2021-11-18T07:06:46.474406Z\",\r\n        \"lastModifiedBy\": \"50841d5f-166a-406c-8472-6800c9698b43\",\r\n        \"lastModifiedByType\": \"Application\",\r\n        \"lastModifiedAt\": \"2021-11-18T07:06:46.474406Z\"\r\n      },\r\n      \"location\": \"Central US EUAP\",\r\n      \"sku\": {\r\n        \"name\": \"S1\"\r\n      },\r\n      \"kind\": \"TextAnalytics\",\r\n      \"properties\": {\r\n        \"endpoint\": \"https://csapstestrg3454.cognitiveservices.azure.com/\",\r\n        \"internalId\": \"82c42c5a0c5e47ad8186237f36517fe2\",\r\n        \"dateCreated\": \"2021-11-18T07:06:47.1927846Z\",\r\n        \"apiProperties\": {\r\n          \"qnaAzureSearchEndpointKey\": null\r\n        },\r\n        \"isMigrated\": false,\r\n        \"customSubDomainName\": \"csapstestrg3454\",\r\n        \"privateEndpointConnections\": [],\r\n        \"publicNetworkAccess\": \"Enabled\",\r\n        \"capabilities\": [\r\n          {\r\n            \"name\": \"VirtualNetworks\"\r\n          },\r\n          {\r\n            \"name\": \"CustomerManagedKey\"\r\n          },\r\n          {\r\n            \"name\": \"Container\",\r\n            \"value\": \"TextAnalytics.*,TextAnalytics.Healthcare,TextAnalytics.HealthcareFhir,TextAnalytics.Keyphrase,TextAnalytics.KeyphraseV2,TextAnalytics.KeyPhraseONNX,TextAnalytics.LanguageFastText,TextAnalytics.Language,TextAnalytics.LanguageV2,TextAnalytics.Sentiment,TextAnalytics.SentimentV2,TextAnalytics.SentimentV3,TextAnalytics.SentimentV3Preview\"\r\n          },\r\n          {\r\n            \"name\": \"Cloud\",\r\n            \"value\": \"QuestionAnswer.AllApis,LanguageService.QuestionAnsweringApis\"\r\n          }\r\n        ],\r\n        \"endpoints\": {\r\n          \"Text Analytics\": \"https://csapstestrg3454.cognitiveservices.azure.com/\",\r\n          \"LanguageAuthoring\": \"https://csapstestrg3454.cognitiveservices.azure.com/\",\r\n          \"ConversationalLanguageUnderstanding\": \"https://csapstestrg3454.cognitiveservices.azure.com/\",\r\n          \"ConversationalLURuntime\": \"https://csapstestrg3454.cognitiveservices.azure.com/\",\r\n          \"QnAMaker\": \"https://csapstestrg3454.cognitiveservices.azure.com/\",\r\n          \"turing\": \"https://csapstestrg3454.cognitiveservices.azure.com/\",\r\n          \"Turing DeepWrite\": \"https://csapstestrg3454.cognitiveservices.azure.com/\",\r\n          \"QuestionAnswering\": \"https://csapstestrg3454.cognitiveservices.azure.com/\",\r\n          \"LUIS.Authoring\": \"https://csapstestrg3454.cognitiveservices.azure.com/\"\r\n        },\r\n        \"provisioningState\": \"Succeeded\"\r\n      }\r\n    },\r\n    {\r\n      \"id\": \"/subscriptions/f9b96b36-1f5e-4021-8959-51527e26e6d3/providers/Microsoft.CognitiveServices/locations/Central US EUAP/resourceGroups/pstestrg6823/deletedAccounts/csapstestrg6823\",\r\n      \"name\": \"csapstestrg6823\",\r\n      \"type\": \"Microsoft.CognitiveServices/deletedAccounts\",\r\n      \"etag\": \"\\\"020049e4-0000-3300-0000-6195fe9a0000\\\"\",\r\n      \"systemData\": {\r\n        \"createdBy\": \"50841d5f-166a-406c-8472-6800c9698b43\",\r\n        \"createdByType\": \"Application\",\r\n        \"createdAt\": \"2021-11-18T07:16:46.6596156Z\",\r\n        \"lastModifiedBy\": \"50841d5f-166a-406c-8472-6800c9698b43\",\r\n        \"lastModifiedByType\": \"Application\",\r\n        \"lastModifiedAt\": \"2021-11-18T07:16:46.6596156Z\"\r\n      },\r\n      \"location\": \"Central US EUAP\",\r\n      \"sku\": {\r\n        \"name\": \"E0\"\r\n      },\r\n      \"kind\": \"Face\",\r\n      \"properties\": {\r\n        \"endpoint\": \"https://csapstestrg6823.cognitiveservices.azure.com/\",\r\n        \"internalId\": \"921f4e7383094bafadf6fa9381670596\",\r\n        \"dateCreated\": \"2021-11-18T07:16:48.2222026Z\",\r\n        \"callRateLimit\": {\r\n          \"rules\": [\r\n            {\r\n              \"key\": \"face\",\r\n              \"renewalPeriod\": 1,\r\n              \"count\": 15,\r\n              \"dynamicThrottlingEnabled\": false,\r\n              \"matchPatterns\": [\r\n                {\r\n                  \"path\": \"face/*\",\r\n                  \"method\": \"*\"\r\n                }\r\n              ]\r\n            },\r\n            {\r\n              \"key\": \"container.billing\",\r\n              \"renewalPeriod\": 10,\r\n              \"count\": 500,\r\n              \"dynamicThrottlingEnabled\": false,\r\n              \"matchPatterns\": [\r\n                {\r\n                  \"path\": \"billing/*\",\r\n                  \"method\": \"*\"\r\n                }\r\n              ]\r\n            },\r\n            {\r\n              \"key\": \"default\",\r\n              \"renewalPeriod\": 1,\r\n              \"count\": 15,\r\n              \"dynamicThrottlingEnabled\": false,\r\n              \"matchPatterns\": [\r\n                {\r\n                  \"path\": \"*\",\r\n                  \"method\": \"*\"\r\n                }\r\n              ]\r\n            }\r\n          ]\r\n        },\r\n        \"isMigrated\": false,\r\n        \"customSubDomainName\": \"csapstestrg6823\",\r\n        \"encryption\": {\r\n          \"keySource\": \"Microsoft.CognitiveServices\"\r\n        },\r\n        \"privateEndpointConnections\": [],\r\n        \"publicNetworkAccess\": \"Enabled\",\r\n        \"capabilities\": [\r\n          {\r\n            \"name\": \"VirtualNetworks\"\r\n          },\r\n          {\r\n            \"name\": \"Container\",\r\n            \"value\": \"Face.*,Face.Face\"\r\n          },\r\n          {\r\n            \"name\": \"CustomerManagedKey\"\r\n          }\r\n        ],\r\n        \"endpoints\": {\r\n          \"Face\": \"https://csapstestrg6823.cognitiveservices.azure.com/\"\r\n        },\r\n        \"provisioningState\": \"Succeeded\"\r\n      },\r\n      \"identity\": {\r\n        \"principalId\": \"a97e044f-9584-47d5-bcf2-7ce48407cf0e\",\r\n        \"tenantId\": \"72f988bf-86f1-41af-91ab-2d7cd011db47\",\r\n        \"type\": \"SystemAssigned\",\r\n        \"userAssignedIdentities\": {}\r\n      }\r\n    },\r\n    {\r\n      \"id\": \"/subscriptions/f9b96b36-1f5e-4021-8959-51527e26e6d3/providers/Microsoft.CognitiveServices/locations/Central US EUAP/resourceGroups/pstestrg4358/deletedAccounts/csapstestrg4358\",\r\n      \"name\": \"csapstestrg4358\",\r\n      \"type\": \"Microsoft.CognitiveServices/deletedAccounts\",\r\n      \"etag\": \"\\\"020077e4-0000-3300-0000-6195ffb60000\\\"\",\r\n      \"systemData\": {\r\n        \"createdBy\": \"50841d5f-166a-406c-8472-6800c9698b43\",\r\n        \"createdByType\": \"Application\",\r\n        \"createdAt\": \"2021-11-18T07:21:01.7553752Z\",\r\n        \"lastModifiedBy\": \"50841d5f-166a-406c-8472-6800c9698b43\",\r\n        \"lastModifiedByType\": \"Application\",\r\n        \"lastModifiedAt\": \"2021-11-18T07:23:05.7744216Z\"\r\n      },\r\n      \"location\": \"Central US EUAP\",\r\n      \"sku\": {\r\n        \"name\": \"E0\"\r\n      },\r\n      \"kind\": \"Face\",\r\n      \"properties\": {\r\n        \"endpoint\": \"https://csapstestrg4358.cognitiveservices.azure.com/\",\r\n        \"provisioningState\": \"Succeeded\",\r\n        \"internalId\": \"ce99f76564014d09a2cc883453c0822a\",\r\n        \"dateCreated\": \"2021-11-18T07:21:03.5916044Z\",\r\n        \"callRateLimit\": {\r\n          \"rules\": [\r\n            {\r\n              \"key\": \"face\",\r\n              \"renewalPeriod\": 1,\r\n              \"count\": 15,\r\n              \"dynamicThrottlingEnabled\": false,\r\n              \"matchPatterns\": [\r\n                {\r\n                  \"path\": \"face/*\",\r\n                  \"method\": \"*\"\r\n                }\r\n              ]\r\n            },\r\n            {\r\n              \"key\": \"container.billing\",\r\n              \"renewalPeriod\": 10,\r\n              \"count\": 500,\r\n              \"dynamicThrottlingEnabled\": false,\r\n              \"matchPatterns\": [\r\n                {\r\n                  \"path\": \"billing/*\",\r\n                  \"method\": \"*\"\r\n                }\r\n              ]\r\n            },\r\n            {\r\n              \"key\": \"default\",\r\n              \"renewalPeriod\": 1,\r\n              \"count\": 15,\r\n              \"dynamicThrottlingEnabled\": false,\r\n              \"matchPatterns\": [\r\n                {\r\n                  \"path\": \"*\",\r\n                  \"method\": \"*\"\r\n                }\r\n              ]\r\n            }\r\n          ]\r\n        },\r\n        \"isMigrated\": false,\r\n        \"customSubDomainName\": \"csapstestrg4358\",\r\n        \"encryption\": {\r\n          \"keySource\": \"Microsoft.CognitiveServices\"\r\n        },\r\n        \"privateEndpointConnections\": [],\r\n        \"publicNetworkAccess\": \"Enabled\",\r\n        \"capabilities\": [\r\n          {\r\n            \"name\": \"VirtualNetworks\"\r\n          },\r\n          {\r\n            \"name\": \"Container\",\r\n            \"value\": \"Face.*,Face.Face\"\r\n          },\r\n          {\r\n            \"name\": \"CustomerManagedKey\"\r\n          }\r\n        ],\r\n        \"endpoints\": {\r\n          \"Face\": \"https://csapstestrg4358.cognitiveservices.azure.com/\"\r\n        }\r\n      },\r\n      \"identity\": {\r\n        \"principalId\": \"af93235c-e39b-4693-8453-f5d6c425eeb4\",\r\n        \"tenantId\": \"72f988bf-86f1-41af-91ab-2d7cd011db47\",\r\n        \"type\": \"SystemAssigned\",\r\n        \"userAssignedIdentities\": {}\r\n      }\r\n    },\r\n    {\r\n      \"id\": \"/subscriptions/f9b96b36-1f5e-4021-8959-51527e26e6d3/providers/Microsoft.CognitiveServices/locations/Central US EUAP/resourceGroups/pstestrg2619/deletedAccounts/csapstestrg2619\",\r\n      \"name\": \"csapstestrg2619\",\r\n      \"type\": \"Microsoft.CognitiveServices/deletedAccounts\",\r\n      \"etag\": \"\\\"02008be4-0000-3300-0000-619600330000\\\"\",\r\n      \"systemData\": {\r\n        \"createdBy\": \"50841d5f-166a-406c-8472-6800c9698b43\",\r\n        \"createdByType\": \"Application\",\r\n        \"createdAt\": \"2021-11-18T07:25:59.6963745Z\",\r\n        \"lastModifiedBy\": \"50841d5f-166a-406c-8472-6800c9698b43\",\r\n        \"lastModifiedByType\": \"Application\",\r\n        \"lastModifiedAt\": \"2021-11-18T07:25:59.6963745Z\"\r\n      },\r\n      \"location\": \"Central US EUAP\",\r\n      \"sku\": {\r\n        \"name\": \"S0\"\r\n      },\r\n      \"kind\": \"FormRecognizer\",\r\n      \"properties\": {\r\n        \"endpoint\": \"https://csapstestrg2619.cognitiveservices.azure.com/\",\r\n        \"internalId\": \"e13de7f7e4f045809a2a169e2c150a4e\",\r\n        \"dateCreated\": \"2021-11-18T07:26:00.8784505Z\",\r\n        \"callRateLimit\": {\r\n          \"rules\": [\r\n            {\r\n              \"key\": \"formrecognizer.custom.train\",\r\n              \"renewalPeriod\": 60,\r\n              \"count\": 1,\r\n              \"dynamicThrottlingEnabled\": false,\r\n              \"matchPatterns\": [\r\n                {\r\n                  \"path\": \"formrecognizer/custom/train\",\r\n                  \"method\": \"*\"\r\n                }\r\n              ]\r\n            },\r\n            {\r\n              \"key\": \"formrecognizer.custom.copymodels\",\r\n              \"renewalPeriod\": 60,\r\n              \"count\": 1,\r\n              \"dynamicThrottlingEnabled\": false,\r\n              \"matchPatterns\": [\r\n                {\r\n                  \"path\": \"formrecognizer/custom/models/{modelId}/copy\",\r\n                  \"method\": \"*\"\r\n                }\r\n              ]\r\n            },\r\n            {\r\n              \"key\": \"formrecognizer.custom.models.get\",\r\n              \"renewalPeriod\": 60,\r\n              \"count\": 10,\r\n              \"dynamicThrottlingEnabled\": false,\r\n              \"matchPatterns\": [\r\n                {\r\n                  \"path\": \"formrecognizer/custom/models\",\r\n                  \"method\": \"GET\"\r\n                }\r\n              ]\r\n            },\r\n            {\r\n              \"key\": \"formrecognizer.analyzeform\",\r\n              \"renewalPeriod\": 1,\r\n              \"count\": 15,\r\n              \"dynamicThrottlingEnabled\": false,\r\n              \"matchPatterns\": [\r\n                {\r\n                  \"path\": \"formrecognizer/custom/models/{modelId}/analyze\",\r\n                  \"method\": \"POST\"\r\n                }\r\n              ]\r\n            },\r\n            {\r\n              \"key\": \"formrecognizer.analyzeform.result\",\r\n              \"renewalPeriod\": 1,\r\n              \"count\": 100,\r\n              \"dynamicThrottlingEnabled\": false,\r\n              \"matchPatterns\": [\r\n                {\r\n                  \"path\": \"formrecognizer/custom/models/{modelId}/analyzeResults/{resultId}\",\r\n                  \"method\": \"GET\"\r\n                }\r\n              ]\r\n            },\r\n            {\r\n              \"key\": \"container.billing\",\r\n              \"renewalPeriod\": 10,\r\n              \"count\": 500,\r\n              \"dynamicThrottlingEnabled\": false,\r\n              \"matchPatterns\": [\r\n                {\r\n                  \"path\": \"billing/*\",\r\n                  \"method\": \"*\"\r\n                }\r\n              ]\r\n            },\r\n            {\r\n              \"key\": \"default\",\r\n              \"renewalPeriod\": 1,\r\n              \"count\": 30,\r\n              \"dynamicThrottlingEnabled\": false,\r\n              \"matchPatterns\": [\r\n                {\r\n                  \"path\": \"*\",\r\n                  \"method\": \"*\"\r\n                }\r\n              ]\r\n            }\r\n          ]\r\n        },\r\n        \"isMigrated\": false,\r\n        \"customSubDomainName\": \"csapstestrg2619\",\r\n        \"encryption\": {\r\n          \"keySource\": \"Microsoft.KeyVault\",\r\n          \"keyVaultProperties\": {\r\n            \"keyName\": \"TestKey\",\r\n            \"keyVersion\": \"dcb017f640db4818ba240751674f975f\",\r\n            \"keyVaultUri\": \"https://sdk-test-mi.vault.azure.net/\",\r\n            \"identityClientId\": \"9feb3cc7-408c-449d-8baf-f3dd44ad292b\"\r\n          }\r\n        },\r\n        \"privateEndpointConnections\": [],\r\n        \"publicNetworkAccess\": \"Enabled\",\r\n        \"capabilities\": [\r\n          {\r\n            \"name\": \"VirtualNetworks\"\r\n          },\r\n          {\r\n            \"name\": \"CustomerManagedStorage\"\r\n          },\r\n          {\r\n            \"name\": \"CustomerManagedKey\"\r\n          },\r\n          {\r\n            \"name\": \"Container\",\r\n            \"value\": \"FormRecognizer.*\"\r\n          }\r\n        ],\r\n        \"endpoints\": {\r\n          \"FormRecognizer\": \"https://csapstestrg2619.cognitiveservices.azure.com/\"\r\n        },\r\n        \"provisioningState\": \"Succeeded\"\r\n      },\r\n      \"identity\": {\r\n        \"tenantId\": \"72f988bf-86f1-41af-91ab-2d7cd011db47\",\r\n        \"type\": \"UserAssigned\",\r\n        \"userAssignedIdentities\": {\r\n          \"/subscriptions/f9b96b36-1f5e-4021-8959-51527e26e6d3/resourceGroups/yuanyang/providers/Microsoft.ManagedIdentity/userAssignedIdentities/sdk-test-mi\": {\r\n            \"principalId\": \"d334fc3d-e7da-4d8e-83d9-39b05da5d607\",\r\n            \"clientId\": \"9feb3cc7-408c-449d-8baf-f3dd44ad292b\"\r\n          }\r\n        }\r\n      }\r\n    },\r\n    {\r\n      \"id\": \"/subscriptions/f9b96b36-1f5e-4021-8959-51527e26e6d3/providers/Microsoft.CognitiveServices/locations/Central US EUAP/resourceGroups/pstestrg5669/deletedAccounts/csapstestrg5669\",\r\n      \"name\": \"csapstestrg5669\",\r\n      \"type\": \"Microsoft.CognitiveServices/deletedAccounts\",\r\n      \"etag\": \"\\\"02009ee4-0000-3300-0000-619600b20000\\\"\",\r\n      \"systemData\": {\r\n        \"createdBy\": \"50841d5f-166a-406c-8472-6800c9698b43\",\r\n        \"createdByType\": \"Application\",\r\n        \"createdAt\": \"2021-11-18T07:27:42.327365Z\",\r\n        \"lastModifiedBy\": \"50841d5f-166a-406c-8472-6800c9698b43\",\r\n        \"lastModifiedByType\": \"Application\",\r\n        \"lastModifiedAt\": \"2021-11-18T07:28:15.3080153Z\"\r\n      },\r\n      \"location\": \"Central US EUAP\",\r\n      \"sku\": {\r\n        \"name\": \"S0\"\r\n      },\r\n      \"kind\": \"FormRecognizer\",\r\n      \"properties\": {\r\n        \"endpoint\": \"https://csapstestrg5669.cognitiveservices.azure.com/\",\r\n        \"provisioningState\": \"Succeeded\",\r\n        \"internalId\": \"87c50a0fca2a4bbfa3b44a8727fa5479\",\r\n        \"dateCreated\": \"2021-11-18T07:27:43.4540502Z\",\r\n        \"callRateLimit\": {\r\n          \"rules\": [\r\n            {\r\n              \"key\": \"formrecognizer.custom.train\",\r\n              \"renewalPeriod\": 60,\r\n              \"count\": 1,\r\n              \"dynamicThrottlingEnabled\": false,\r\n              \"matchPatterns\": [\r\n                {\r\n                  \"path\": \"formrecognizer/custom/train\",\r\n                  \"method\": \"*\"\r\n                }\r\n              ]\r\n            },\r\n            {\r\n              \"key\": \"formrecognizer.custom.copymodels\",\r\n              \"renewalPeriod\": 60,\r\n              \"count\": 1,\r\n              \"dynamicThrottlingEnabled\": false,\r\n              \"matchPatterns\": [\r\n                {\r\n                  \"path\": \"formrecognizer/custom/models/{modelId}/copy\",\r\n                  \"method\": \"*\"\r\n                }\r\n              ]\r\n            },\r\n            {\r\n              \"key\": \"formrecognizer.custom.models.get\",\r\n              \"renewalPeriod\": 60,\r\n              \"count\": 10,\r\n              \"dynamicThrottlingEnabled\": false,\r\n              \"matchPatterns\": [\r\n                {\r\n                  \"path\": \"formrecognizer/custom/models\",\r\n                  \"method\": \"GET\"\r\n                }\r\n              ]\r\n            },\r\n            {\r\n              \"key\": \"formrecognizer.analyzeform\",\r\n              \"renewalPeriod\": 1,\r\n              \"count\": 15,\r\n              \"dynamicThrottlingEnabled\": false,\r\n              \"matchPatterns\": [\r\n                {\r\n                  \"path\": \"formrecognizer/custom/models/{modelId}/analyze\",\r\n                  \"method\": \"POST\"\r\n                }\r\n              ]\r\n            },\r\n            {\r\n              \"key\": \"formrecognizer.analyzeform.result\",\r\n              \"renewalPeriod\": 1,\r\n              \"count\": 100,\r\n              \"dynamicThrottlingEnabled\": false,\r\n              \"matchPatterns\": [\r\n                {\r\n                  \"path\": \"formrecognizer/custom/models/{modelId}/analyzeResults/{resultId}\",\r\n                  \"method\": \"GET\"\r\n                }\r\n              ]\r\n            },\r\n            {\r\n              \"key\": \"container.billing\",\r\n              \"renewalPeriod\": 10,\r\n              \"count\": 500,\r\n              \"dynamicThrottlingEnabled\": false,\r\n              \"matchPatterns\": [\r\n                {\r\n                  \"path\": \"billing/*\",\r\n                  \"method\": \"*\"\r\n                }\r\n              ]\r\n            },\r\n            {\r\n              \"key\": \"default\",\r\n              \"renewalPeriod\": 1,\r\n              \"count\": 30,\r\n              \"dynamicThrottlingEnabled\": false,\r\n              \"matchPatterns\": [\r\n                {\r\n                  \"path\": \"*\",\r\n                  \"method\": \"*\"\r\n                }\r\n              ]\r\n            }\r\n          ]\r\n        },\r\n        \"isMigrated\": false,\r\n        \"customSubDomainName\": \"csapstestrg5669\",\r\n        \"encryption\": {\r\n          \"keySource\": \"Microsoft.KeyVault\",\r\n          \"keyVaultProperties\": {\r\n            \"keyName\": \"TestKey\",\r\n            \"keyVersion\": \"dcb017f640db4818ba240751674f975f\",\r\n            \"keyVaultUri\": \"https://sdk-test-mi.vault.azure.net/\",\r\n            \"identityClientId\": \"9feb3cc7-408c-449d-8baf-f3dd44ad292b\"\r\n          }\r\n        },\r\n        \"privateEndpointConnections\": [],\r\n        \"publicNetworkAccess\": \"Enabled\",\r\n        \"capabilities\": [\r\n          {\r\n            \"name\": \"VirtualNetworks\"\r\n          },\r\n          {\r\n            \"name\": \"CustomerManagedStorage\"\r\n          },\r\n          {\r\n            \"name\": \"CustomerManagedKey\"\r\n          },\r\n          {\r\n            \"name\": \"Container\",\r\n            \"value\": \"FormRecognizer.*\"\r\n          }\r\n        ],\r\n        \"endpoints\": {\r\n          \"FormRecognizer\": \"https://csapstestrg5669.cognitiveservices.azure.com/\"\r\n        }\r\n      },\r\n      \"identity\": {\r\n        \"tenantId\": \"72f988bf-86f1-41af-91ab-2d7cd011db47\",\r\n        \"type\": \"UserAssigned\",\r\n        \"userAssignedIdentities\": {\r\n          \"/subscriptions/f9b96b36-1f5e-4021-8959-51527e26e6d3/resourceGroups/yuanyang/providers/Microsoft.ManagedIdentity/userAssignedIdentities/sdk-test-mi\": {\r\n            \"principalId\": \"d334fc3d-e7da-4d8e-83d9-39b05da5d607\",\r\n            \"clientId\": \"9feb3cc7-408c-449d-8baf-f3dd44ad292b\"\r\n          }\r\n        }\r\n      }\r\n    },\r\n    {\r\n      \"id\": \"/subscriptions/f9b96b36-1f5e-4021-8959-51527e26e6d3/providers/Microsoft.CognitiveServices/locations/Central US EUAP/resourceGroups/pstestrg6975/deletedAccounts/csapstestrg6975\",\r\n      \"name\": \"csapstestrg6975\",\r\n      \"type\": \"Microsoft.CognitiveServices/deletedAccounts\",\r\n      \"etag\": \"\\\"0200b7e4-0000-3300-0000-6196015f0000\\\"\",\r\n      \"systemData\": {\r\n        \"createdBy\": \"50841d5f-166a-406c-8472-6800c9698b43\",\r\n        \"createdByType\": \"Application\",\r\n        \"createdAt\": \"2021-11-18T07:30:09.1174859Z\",\r\n        \"lastModifiedBy\": \"50841d5f-166a-406c-8472-6800c9698b43\",\r\n        \"lastModifiedByType\": \"Application\",\r\n        \"lastModifiedAt\": \"2021-11-18T07:30:09.1174859Z\"\r\n      },\r\n      \"location\": \"Central US EUAP\",\r\n      \"sku\": {\r\n        \"name\": \"F0\"\r\n      },\r\n      \"kind\": \"FormRecognizer\",\r\n      \"properties\": {\r\n        \"endpoint\": \"https://csapstestrg6975.cognitiveservices.azure.com/\",\r\n        \"internalId\": \"49ba3a2702b34b548fa45c89c481056d\",\r\n        \"dateCreated\": \"2021-11-18T07:30:09.5205276Z\",\r\n        \"isMigrated\": false,\r\n        \"customSubDomainName\": \"csapstestrg6975\",\r\n        \"privateEndpointConnections\": [],\r\n        \"publicNetworkAccess\": \"Enabled\",\r\n        \"capabilities\": [\r\n          {\r\n            \"name\": \"VirtualNetworks\"\r\n          },\r\n          {\r\n            \"name\": \"CustomerManagedStorage\"\r\n          },\r\n          {\r\n            \"name\": \"CustomerManagedKey\"\r\n          },\r\n          {\r\n            \"name\": \"Container\",\r\n            \"value\": \"FormRecognizer.*\"\r\n          }\r\n        ],\r\n        \"endpoints\": {\r\n          \"FormRecognizer\": \"https://csapstestrg6975.cognitiveservices.azure.com/\"\r\n        },\r\n        \"provisioningState\": \"Succeeded\"\r\n      }\r\n    },\r\n    {\r\n      \"id\": \"/subscriptions/f9b96b36-1f5e-4021-8959-51527e26e6d3/providers/Microsoft.CognitiveServices/locations/Central US EUAP/resourceGroups/pstestrg2795/deletedAccounts/csapstestrg2795\",\r\n      \"name\": \"csapstestrg2795\",\r\n      \"type\": \"Microsoft.CognitiveServices/deletedAccounts\",\r\n      \"etag\": \"\\\"0200e8e4-0000-3300-0000-619602c60000\\\"\",\r\n      \"systemData\": {\r\n        \"createdBy\": \"50841d5f-166a-406c-8472-6800c9698b43\",\r\n        \"createdByType\": \"Application\",\r\n        \"createdAt\": \"2021-11-18T07:36:36.452643Z\",\r\n        \"lastModifiedBy\": \"50841d5f-166a-406c-8472-6800c9698b43\",\r\n        \"lastModifiedByType\": \"Application\",\r\n        \"lastModifiedAt\": \"2021-11-18T07:36:36.452643Z\"\r\n      },\r\n      \"location\": \"Central US EUAP\",\r\n      \"sku\": {\r\n        \"name\": \"S\"\r\n      },\r\n      \"kind\": \"TextAnalytics\",\r\n      \"properties\": {\r\n        \"endpoint\": \"https://centraluseuap.api.cognitive.microsoft.com/\",\r\n        \"internalId\": \"7ae32458188b43909731adf6ac8e8ec1\",\r\n        \"dateCreated\": \"2021-11-18T07:36:36.6758682Z\",\r\n        \"apiProperties\": {\r\n          \"qnaAzureSearchEndpointKey\": null\r\n        },\r\n        \"callRateLimit\": {\r\n          \"rules\": [\r\n            {\r\n              \"key\": \"workflow.endpoint.postcalls\",\r\n              \"renewalPeriod\": 60,\r\n              \"count\": 60,\r\n              \"dynamicThrottlingEnabled\": false,\r\n              \"matchPatterns\": [\r\n                {\r\n                  \"path\": \"/language/:analyze-conversations\",\r\n                  \"method\": \"*\"\r\n                }\r\n              ]\r\n            },\r\n            {\r\n              \"key\": \"textAnalytics.unifiedAuthoring\",\r\n              \"renewalPeriod\": 60,\r\n              \"count\": 100,\r\n              \"dynamicThrottlingEnabled\": false,\r\n              \"matchPatterns\": [\r\n                {\r\n                  \"path\": \"language/text/authoring/v1.0-preview.1/*\",\r\n                  \"method\": \"*\"\r\n                }\r\n              ]\r\n            },\r\n            {\r\n              \"key\": \"textAnalytics.unifiedAuthoring.getcalls\",\r\n              \"renewalPeriod\": 60,\r\n              \"count\": 100,\r\n              \"dynamicThrottlingEnabled\": false,\r\n              \"matchPatterns\": [\r\n                {\r\n                  \"path\": \"language/text/authoring/v1.0-preview.2/*\",\r\n                  \"method\": \"GET\"\r\n                }\r\n              ]\r\n            },\r\n            {\r\n              \"key\": \"textAnalytics.unifiedAuthoring.updatecalls\",\r\n              \"renewalPeriod\": 60,\r\n              \"count\": 10,\r\n              \"dynamicThrottlingEnabled\": false,\r\n              \"matchPatterns\": [\r\n                {\r\n                  \"path\": \"language/text/authoring/v1.0-preview.2/*\",\r\n                  \"method\": \"*\"\r\n                }\r\n              ]\r\n            },\r\n            {\r\n              \"key\": \"textAnalytics.unifiedAuthoring.clu.getCalls\",\r\n              \"renewalPeriod\": 60,\r\n              \"count\": 100,\r\n              \"dynamicThrottlingEnabled\": false,\r\n              \"matchPatterns\": [\r\n                {\r\n                  \"path\": \"language/customize-conversation/*\",\r\n                  \"method\": \"GET\"\r\n                }\r\n              ]\r\n            },\r\n            {\r\n              \"key\": \"textAnalytics.unifiedAuthoring.clu.updateCalls\",\r\n              \"renewalPeriod\": 60,\r\n              \"count\": 10,\r\n              \"dynamicThrottlingEnabled\": false,\r\n              \"matchPatterns\": [\r\n                {\r\n                  \"path\": \"language/customize-conversation/*\",\r\n                  \"method\": \"*\"\r\n                }\r\n              ]\r\n            },\r\n            {\r\n              \"key\": \"textAnalytics.customText\",\r\n              \"renewalPeriod\": 60,\r\n              \"count\": 100,\r\n              \"dynamicThrottlingEnabled\": false,\r\n              \"matchPatterns\": [\r\n                {\r\n                  \"path\": \"text/analytics/v3.1-preview.ct.1/analyze/*\",\r\n                  \"method\": \"*\"\r\n                }\r\n              ]\r\n            },\r\n            {\r\n              \"key\": \"textAnalytics\",\r\n              \"renewalPeriod\": 60,\r\n              \"count\": 1000,\r\n              \"dynamicThrottlingEnabled\": false,\r\n              \"matchPatterns\": [\r\n                {\r\n                  \"path\": \"text/analytics/*\",\r\n                  \"method\": \"*\"\r\n                }\r\n              ]\r\n            },\r\n            {\r\n              \"key\": \"container.billing\",\r\n              \"renewalPeriod\": 10,\r\n              \"count\": 500,\r\n              \"dynamicThrottlingEnabled\": false,\r\n              \"matchPatterns\": [\r\n                {\r\n                  \"path\": \"billing/*\",\r\n                  \"method\": \"*\"\r\n                }\r\n              ]\r\n            },\r\n            {\r\n              \"key\": \"questionanswering\",\r\n              \"renewalPeriod\": 60,\r\n              \"count\": 600,\r\n              \"dynamicThrottlingEnabled\": false,\r\n              \"matchPatterns\": [\r\n                {\r\n                  \"path\": \"qnamaker/*\",\r\n                  \"method\": \"*\"\r\n                }\r\n              ]\r\n            },\r\n            {\r\n              \"key\": \"unifiedlanguage.questionanswering\",\r\n              \"renewalPeriod\": 60,\r\n              \"count\": 600,\r\n              \"dynamicThrottlingEnabled\": false,\r\n              \"matchPatterns\": [\r\n                {\r\n                  \"path\": \"language/query-knowledgebases/*\",\r\n                  \"method\": \"*\"\r\n                },\r\n                {\r\n                  \"path\": \"language/:query-*\",\r\n                  \"method\": \"*\"\r\n                }\r\n              ]\r\n            },\r\n            {\r\n              \"key\": \"default\",\r\n              \"renewalPeriod\": 1,\r\n              \"count\": 20,\r\n              \"dynamicThrottlingEnabled\": false,\r\n              \"matchPatterns\": [\r\n                {\r\n                  \"path\": \"*\",\r\n                  \"method\": \"*\"\r\n                }\r\n              ]\r\n            }\r\n          ]\r\n        },\r\n        \"quotaLimit\": {\r\n          \"rules\": [\r\n            {\r\n              \"key\": \"workflow.endpoint.postcalls\",\r\n              \"renewalPeriod\": 2592000,\r\n              \"count\": 100000,\r\n              \"dynamicThrottlingEnabled\": false,\r\n              \"matchPatterns\": [\r\n                {\r\n                  \"path\": \"/language/:analyze-conversations\",\r\n                  \"method\": \"*\"\r\n                }\r\n              ]\r\n            }\r\n          ]\r\n        },\r\n        \"isMigrated\": false,\r\n        \"privateEndpointConnections\": [],\r\n        \"publicNetworkAccess\": \"Enabled\",\r\n        \"capabilities\": [\r\n          {\r\n            \"name\": \"VirtualNetworks\"\r\n          },\r\n          {\r\n            \"name\": \"CustomerManagedKey\"\r\n          },\r\n          {\r\n            \"name\": \"CustomerManagedStorage\"\r\n          },\r\n          {\r\n            \"name\": \"Container\",\r\n            \"value\": \"TextAnalytics.*,TextAnalytics.Healthcare,TextAnalytics.HealthcareFhir,TextAnalytics.Keyphrase,TextAnalytics.KeyphraseV2,TextAnalytics.KeyPhraseONNX,TextAnalytics.LanguageFastText,TextAnalytics.Language,TextAnalytics.LanguageV2,TextAnalytics.Sentiment,TextAnalytics.SentimentV2,TextAnalytics.SentimentV3,TextAnalytics.SentimentV3Preview\"\r\n          },\r\n          {\r\n            \"name\": \"Cloud\",\r\n            \"value\": \"TextAnalytics.Healthcare,QuestionAnswer.AllApis,LanguageService.QuestionAnsweringApis\"\r\n          }\r\n        ],\r\n        \"endpoints\": {\r\n          \"Text Analytics\": \"https://centraluseuap.api.cognitive.microsoft.com/\",\r\n          \"LanguageAuthoring\": \"https://centraluseuap.api.cognitive.microsoft.com/\",\r\n          \"ConversationalLanguageUnderstanding\": \"https://centraluseuap.api.cognitive.microsoft.com/\",\r\n          \"ConversationalLURuntime\": \"https://centraluseuap.api.cognitive.microsoft.com/\",\r\n          \"QnAMaker\": \"https://centraluseuap.api.cognitive.microsoft.com/\",\r\n          \"turing\": \"https://centraluseuap.api.cognitive.microsoft.com/\",\r\n          \"Turing DeepWrite\": \"https://centraluseuap.api.cognitive.microsoft.com/\",\r\n          \"QuestionAnswering\": \"https://centraluseuap.api.cognitive.microsoft.com/\",\r\n          \"LUIS.Authoring\": \"https://centraluseuap.api.cognitive.microsoft.com/\"\r\n        },\r\n        \"provisioningState\": \"Succeeded\"\r\n      }\r\n    },\r\n    {\r\n      \"id\": \"/subscriptions/f9b96b36-1f5e-4021-8959-51527e26e6d3/providers/Microsoft.CognitiveServices/locations/Central US EUAP/resourceGroups/pstestrg9608/deletedAccounts/csapstestrg9608\",\r\n      \"name\": \"csapstestrg9608\",\r\n      \"type\": \"Microsoft.CognitiveServices/deletedAccounts\",\r\n      \"etag\": \"\\\"0200b1e5-0000-3300-0000-619604530000\\\"\",\r\n      \"systemData\": {\r\n        \"createdBy\": \"50841d5f-166a-406c-8472-6800c9698b43\",\r\n        \"createdByType\": \"Application\",\r\n        \"createdAt\": \"2021-11-18T07:42:38.8509608Z\",\r\n        \"lastModifiedBy\": \"50841d5f-166a-406c-8472-6800c9698b43\",\r\n        \"lastModifiedByType\": \"Application\",\r\n        \"lastModifiedAt\": \"2021-11-18T07:42:38.8509608Z\"\r\n      },\r\n      \"location\": \"Central US EUAP\",\r\n      \"sku\": {\r\n        \"name\": \"E0\"\r\n      },\r\n      \"kind\": \"Face\",\r\n      \"properties\": {\r\n        \"endpoint\": \"https://csapstestrg9608.cognitiveservices.azure.com/\",\r\n        \"internalId\": \"56284dc65a0d4409a04e449862b3b259\",\r\n        \"dateCreated\": \"2021-11-18T07:42:40.1085822Z\",\r\n        \"callRateLimit\": {\r\n          \"rules\": [\r\n            {\r\n              \"key\": \"face\",\r\n              \"renewalPeriod\": 1,\r\n              \"count\": 15,\r\n              \"dynamicThrottlingEnabled\": false,\r\n              \"matchPatterns\": [\r\n                {\r\n                  \"path\": \"face/*\",\r\n                  \"method\": \"*\"\r\n                }\r\n              ]\r\n            },\r\n            {\r\n              \"key\": \"container.billing\",\r\n              \"renewalPeriod\": 10,\r\n              \"count\": 500,\r\n              \"dynamicThrottlingEnabled\": false,\r\n              \"matchPatterns\": [\r\n                {\r\n                  \"path\": \"billing/*\",\r\n                  \"method\": \"*\"\r\n                }\r\n              ]\r\n            },\r\n            {\r\n              \"key\": \"default\",\r\n              \"renewalPeriod\": 1,\r\n              \"count\": 15,\r\n              \"dynamicThrottlingEnabled\": false,\r\n              \"matchPatterns\": [\r\n                {\r\n                  \"path\": \"*\",\r\n                  \"method\": \"*\"\r\n                }\r\n              ]\r\n            }\r\n          ]\r\n        },\r\n        \"isMigrated\": false,\r\n        \"customSubDomainName\": \"csapstestrg9608\",\r\n        \"privateEndpointConnections\": [],\r\n        \"publicNetworkAccess\": \"Enabled\",\r\n        \"capabilities\": [\r\n          {\r\n            \"name\": \"VirtualNetworks\"\r\n          },\r\n          {\r\n            \"name\": \"Container\",\r\n            \"value\": \"Face.*,Face.Face\"\r\n          },\r\n          {\r\n            \"name\": \"CustomerManagedKey\"\r\n          }\r\n        ],\r\n        \"endpoints\": {\r\n          \"Face\": \"https://csapstestrg9608.cognitiveservices.azure.com/\"\r\n        },\r\n        \"provisioningState\": \"Succeeded\"\r\n      },\r\n      \"identity\": {\r\n        \"tenantId\": \"72f988bf-86f1-41af-91ab-2d7cd011db47\",\r\n        \"type\": \"UserAssigned\",\r\n        \"userAssignedIdentities\": {\r\n          \"/subscriptions/f9b96b36-1f5e-4021-8959-51527e26e6d3/resourceGroups/yuanyang/providers/Microsoft.ManagedIdentity/userAssignedIdentities/sdk-test-mi\": {\r\n            \"principalId\": \"d334fc3d-e7da-4d8e-83d9-39b05da5d607\",\r\n            \"clientId\": \"9feb3cc7-408c-449d-8baf-f3dd44ad292b\"\r\n          }\r\n        }\r\n      }\r\n    },\r\n    {\r\n      \"id\": \"/subscriptions/f9b96b36-1f5e-4021-8959-51527e26e6d3/providers/Microsoft.CognitiveServices/locations/Central US EUAP/resourceGroups/pstestrg8760/deletedAccounts/csapstestrg8760\",\r\n      \"name\": \"csapstestrg8760\",\r\n      \"type\": \"Microsoft.CognitiveServices/deletedAccounts\",\r\n      \"etag\": \"\\\"0200aae6-0000-3300-0000-6196053c0000\\\"\",\r\n      \"systemData\": {\r\n        \"createdBy\": \"50841d5f-166a-406c-8472-6800c9698b43\",\r\n        \"createdByType\": \"Application\",\r\n        \"createdAt\": \"2021-11-18T07:45:35.3571852Z\",\r\n        \"lastModifiedBy\": \"50841d5f-166a-406c-8472-6800c9698b43\",\r\n        \"lastModifiedByType\": \"Application\",\r\n        \"lastModifiedAt\": \"2021-11-18T07:47:39.5778463Z\"\r\n      },\r\n      \"location\": \"Central US EUAP\",\r\n      \"sku\": {\r\n        \"name\": \"E0\"\r\n      },\r\n      \"kind\": \"Face\",\r\n      \"properties\": {\r\n        \"endpoint\": \"https://csapstestrg8760.cognitiveservices.azure.com/\",\r\n        \"provisioningState\": \"Succeeded\",\r\n        \"internalId\": \"a6a53453d36d45bead95b5fa730697a6\",\r\n        \"dateCreated\": \"2021-11-18T07:45:37.1354019Z\",\r\n        \"callRateLimit\": {\r\n          \"rules\": [\r\n            {\r\n              \"key\": \"face\",\r\n              \"renewalPeriod\": 1,\r\n              \"count\": 15,\r\n              \"dynamicThrottlingEnabled\": false,\r\n              \"matchPatterns\": [\r\n                {\r\n                  \"path\": \"face/*\",\r\n                  \"method\": \"*\"\r\n                }\r\n              ]\r\n            },\r\n            {\r\n              \"key\": \"container.billing\",\r\n              \"renewalPeriod\": 10,\r\n              \"count\": 500,\r\n              \"dynamicThrottlingEnabled\": false,\r\n              \"matchPatterns\": [\r\n                {\r\n                  \"path\": \"billing/*\",\r\n                  \"method\": \"*\"\r\n                }\r\n              ]\r\n            },\r\n            {\r\n              \"key\": \"default\",\r\n              \"renewalPeriod\": 1,\r\n              \"count\": 15,\r\n              \"dynamicThrottlingEnabled\": false,\r\n              \"matchPatterns\": [\r\n                {\r\n                  \"path\": \"*\",\r\n                  \"method\": \"*\"\r\n                }\r\n              ]\r\n            }\r\n          ]\r\n        },\r\n        \"isMigrated\": false,\r\n        \"customSubDomainName\": \"csapstestrg8760\",\r\n        \"privateEndpointConnections\": [],\r\n        \"publicNetworkAccess\": \"Enabled\",\r\n        \"capabilities\": [\r\n          {\r\n            \"name\": \"VirtualNetworks\"\r\n          },\r\n          {\r\n            \"name\": \"Container\",\r\n            \"value\": \"Face.*,Face.Face\"\r\n          },\r\n          {\r\n            \"name\": \"CustomerManagedKey\"\r\n          }\r\n        ],\r\n        \"endpoints\": {\r\n          \"Face\": \"https://csapstestrg8760.cognitiveservices.azure.com/\"\r\n        }\r\n      },\r\n      \"identity\": {\r\n        \"principalId\": \"d802510f-771b-4714-82d9-9ba3d737d6a3\",\r\n        \"tenantId\": \"72f988bf-86f1-41af-91ab-2d7cd011db47\",\r\n        \"type\": \"SystemAssigned, UserAssigned\",\r\n        \"userAssignedIdentities\": {\r\n          \"/subscriptions/f9b96b36-1f5e-4021-8959-51527e26e6d3/resourceGroups/yuanyang/providers/Microsoft.ManagedIdentity/userAssignedIdentities/sdk-test-mi\": {\r\n            \"principalId\": \"d334fc3d-e7da-4d8e-83d9-39b05da5d607\",\r\n            \"clientId\": \"9feb3cc7-408c-449d-8baf-f3dd44ad292b\"\r\n          }\r\n        }\r\n      }\r\n    }\r\n  ]\r\n}",
      "StatusCode": 200
    },
    {
      "RequestUri": "/subscriptions/f9b96b36-1f5e-4021-8959-51527e26e6d3/providers/Microsoft.CognitiveServices/locations/Central%20US%20EUAP/resourceGroups/pstestrg3930/deletedAccounts/csapstestrg3930?api-version=2021-10-01",
      "EncodedRequestUri": "L3N1YnNjcmlwdGlvbnMvZjliOTZiMzYtMWY1ZS00MDIxLTg5NTktNTE1MjdlMjZlNmQzL3Byb3ZpZGVycy9NaWNyb3NvZnQuQ29nbml0aXZlU2VydmljZXMvbG9jYXRpb25zL0NlbnRyYWwlMjBVUyUyMEVVQVAvcmVzb3VyY2VHcm91cHMvcHN0ZXN0cmczOTMwL2RlbGV0ZWRBY2NvdW50cy9jc2Fwc3Rlc3RyZzM5MzA/YXBpLXZlcnNpb249MjAyMS0xMC0wMQ==",
      "RequestMethod": "GET",
      "RequestBody": "",
      "RequestHeaders": {
        "x-ms-client-request-id": [
          "62509ac6-5e08-4f29-9618-a812c806d305"
        ],
        "Accept-Language": [
          "en-US"
        ],
        "User-Agent": [
          "FxVersion/4.6.30411.01",
          "OSName/Windows",
          "OSVersion/Microsoft.Windows.10.0.22000.",
          "Microsoft.Azure.Management.CognitiveServices.CognitiveServicesManagementClient/8.1.0.0"
        ]
      },
      "ResponseHeaders": {
        "Cache-Control": [
          "no-cache"
        ],
        "Pragma": [
          "no-cache"
        ],
        "X-Content-Type-Options": [
          "nosniff"
        ],
        "x-envoy-upstream-service-time": [
          "7"
        ],
        "Server": [
          "istio-envoy"
        ],
        "x-ms-ratelimit-remaining-subscription-reads": [
          "11994"
        ],
        "x-ms-request-id": [
          "d38d6502-a97c-48f0-8d7b-1ecee9fb1e0b"
        ],
        "x-ms-correlation-request-id": [
          "d38d6502-a97c-48f0-8d7b-1ecee9fb1e0b"
        ],
        "x-ms-routing-request-id": [
          "WESTUS2:20211118T075306Z:d38d6502-a97c-48f0-8d7b-1ecee9fb1e0b"
        ],
        "Strict-Transport-Security": [
          "max-age=31536000; includeSubDomains"
        ],
        "Date": [
          "Thu, 18 Nov 2021 07:53:05 GMT"
        ],
        "Content-Length": [
          "2197"
        ],
        "Content-Type": [
          "application/json; charset=utf-8"
        ],
        "Expires": [
          "-1"
        ]
      },
      "ResponseBody": "{\r\n  \"id\": \"/subscriptions/f9b96b36-1f5e-4021-8959-51527e26e6d3/providers/Microsoft.CognitiveServices/locations/Central US EUAP/resourceGroups/pstestrg3930/deletedAccounts/csapstestrg3930\",\r\n  \"name\": \"csapstestrg3930\",\r\n  \"type\": \"Microsoft.CognitiveServices/deletedAccounts\",\r\n  \"etag\": \"\\\"02005ce7-0000-3300-0000-6196065c0000\\\"\",\r\n  \"systemData\": {\r\n    \"createdBy\": \"50841d5f-166a-406c-8472-6800c9698b43\",\r\n    \"createdByType\": \"Application\",\r\n    \"createdAt\": \"2021-11-18T07:51:58.1234815Z\",\r\n    \"lastModifiedBy\": \"50841d5f-166a-406c-8472-6800c9698b43\",\r\n    \"lastModifiedByType\": \"Application\",\r\n    \"lastModifiedAt\": \"2021-11-18T07:51:58.1234815Z\"\r\n  },\r\n  \"location\": \"Central US EUAP\",\r\n  \"sku\": {\r\n    \"name\": \"S2\"\r\n  },\r\n  \"kind\": \"TextAnalytics\",\r\n  \"properties\": {\r\n    \"endpoint\": \"https://centraluseuap.api.cognitive.microsoft.com/\",\r\n    \"internalId\": \"ac84ba5ef1424c899ea6d1fa47210e42\",\r\n    \"dateCreated\": \"2021-11-18T07:51:58.3574761Z\",\r\n    \"apiProperties\": {\r\n      \"qnaAzureSearchEndpointKey\": null\r\n    },\r\n    \"isMigrated\": false,\r\n    \"privateEndpointConnections\": [],\r\n    \"publicNetworkAccess\": \"Enabled\",\r\n    \"capabilities\": [\r\n      {\r\n        \"name\": \"VirtualNetworks\"\r\n      },\r\n      {\r\n        \"name\": \"CustomerManagedKey\"\r\n      },\r\n      {\r\n        \"name\": \"Container\",\r\n        \"value\": \"TextAnalytics.*,TextAnalytics.Healthcare,TextAnalytics.HealthcareFhir,TextAnalytics.Keyphrase,TextAnalytics.KeyphraseV2,TextAnalytics.KeyPhraseONNX,TextAnalytics.LanguageFastText,TextAnalytics.Language,TextAnalytics.LanguageV2,TextAnalytics.Sentiment,TextAnalytics.SentimentV2,TextAnalytics.SentimentV3,TextAnalytics.SentimentV3Preview\"\r\n      },\r\n      {\r\n        \"name\": \"Cloud\",\r\n        \"value\": \"QuestionAnswer.AllApis,LanguageService.QuestionAnsweringApis\"\r\n      }\r\n    ],\r\n    \"endpoints\": {\r\n      \"Text Analytics\": \"https://centraluseuap.api.cognitive.microsoft.com/\",\r\n      \"LanguageAuthoring\": \"https://centraluseuap.api.cognitive.microsoft.com/\",\r\n      \"ConversationalLanguageUnderstanding\": \"https://centraluseuap.api.cognitive.microsoft.com/\",\r\n      \"ConversationalLURuntime\": \"https://centraluseuap.api.cognitive.microsoft.com/\",\r\n      \"QnAMaker\": \"https://centraluseuap.api.cognitive.microsoft.com/\",\r\n      \"turing\": \"https://centraluseuap.api.cognitive.microsoft.com/\",\r\n      \"Turing DeepWrite\": \"https://centraluseuap.api.cognitive.microsoft.com/\",\r\n      \"QuestionAnswering\": \"https://centraluseuap.api.cognitive.microsoft.com/\",\r\n      \"LUIS.Authoring\": \"https://centraluseuap.api.cognitive.microsoft.com/\"\r\n    },\r\n    \"provisioningState\": \"Succeeded\"\r\n  }\r\n}",
      "StatusCode": 200
    },
    {
      "RequestUri": "/subscriptions/f9b96b36-1f5e-4021-8959-51527e26e6d3/providers/Microsoft.CognitiveServices/locations/Central%20US%20EUAP/resourceGroups/pstestrg3930/deletedAccounts/csapstestrg3930?api-version=2021-10-01",
      "EncodedRequestUri": "L3N1YnNjcmlwdGlvbnMvZjliOTZiMzYtMWY1ZS00MDIxLTg5NTktNTE1MjdlMjZlNmQzL3Byb3ZpZGVycy9NaWNyb3NvZnQuQ29nbml0aXZlU2VydmljZXMvbG9jYXRpb25zL0NlbnRyYWwlMjBVUyUyMEVVQVAvcmVzb3VyY2VHcm91cHMvcHN0ZXN0cmczOTMwL2RlbGV0ZWRBY2NvdW50cy9jc2Fwc3Rlc3RyZzM5MzA/YXBpLXZlcnNpb249MjAyMS0xMC0wMQ==",
      "RequestMethod": "DELETE",
      "RequestBody": "",
      "RequestHeaders": {
        "x-ms-client-request-id": [
          "d6cfb7bf-398b-42e1-bbfa-cbd6d43ffbd4"
        ],
        "Accept-Language": [
          "en-US"
        ],
        "User-Agent": [
          "FxVersion/4.6.30411.01",
          "OSName/Windows",
          "OSVersion/Microsoft.Windows.10.0.22000.",
          "Microsoft.Azure.Management.CognitiveServices.CognitiveServicesManagementClient/8.1.0.0"
        ]
      },
      "ResponseHeaders": {
        "Cache-Control": [
          "no-cache"
        ],
        "Pragma": [
          "no-cache"
        ],
        "Location": [
          "https://management.azure.com/subscriptions/f9b96b36-1f5e-4021-8959-51527e26e6d3/providers/Microsoft.CognitiveServices/locations/Central%20US%20EUAP/operationResults/139b146d-0681-488f-9e68-78379b6078d4?api-version=2017-04-18&operationResultResponseType=Location"
        ],
        "X-Content-Type-Options": [
          "nosniff"
        ],
        "azure-asyncoperation": [
          "https://management.azure.com/subscriptions/f9b96b36-1f5e-4021-8959-51527e26e6d3/providers/Microsoft.CognitiveServices/locations/Central%20US%20EUAP/operationResults/139b146d-0681-488f-9e68-78379b6078d4?api-version=2017-04-18"
        ],
        "x-envoy-upstream-service-time": [
          "200"
        ],
        "Server": [
          "istio-envoy"
        ],
        "x-ms-ratelimit-remaining-subscription-deletes": [
          "14997"
        ],
        "x-ms-request-id": [
          "1984fe0e-324a-41cf-bd8a-c7311acc1f75"
        ],
        "x-ms-correlation-request-id": [
          "1984fe0e-324a-41cf-bd8a-c7311acc1f75"
        ],
        "x-ms-routing-request-id": [
          "WESTUS2:20211118T075309Z:1984fe0e-324a-41cf-bd8a-c7311acc1f75"
        ],
        "Strict-Transport-Security": [
          "max-age=31536000; includeSubDomains"
        ],
        "Date": [
          "Thu, 18 Nov 2021 07:53:08 GMT"
        ],
        "Expires": [
          "-1"
        ],
        "Content-Length": [
          "0"
        ]
      },
      "ResponseBody": "",
      "StatusCode": 202
    },
    {
      "RequestUri": "/subscriptions/f9b96b36-1f5e-4021-8959-51527e26e6d3/providers/Microsoft.CognitiveServices/locations/Central%20US%20EUAP/operationResults/139b146d-0681-488f-9e68-78379b6078d4?api-version=2017-04-18",
      "EncodedRequestUri": "L3N1YnNjcmlwdGlvbnMvZjliOTZiMzYtMWY1ZS00MDIxLTg5NTktNTE1MjdlMjZlNmQzL3Byb3ZpZGVycy9NaWNyb3NvZnQuQ29nbml0aXZlU2VydmljZXMvbG9jYXRpb25zL0NlbnRyYWwlMjBVUyUyMEVVQVAvb3BlcmF0aW9uUmVzdWx0cy8xMzliMTQ2ZC0wNjgxLTQ4OGYtOWU2OC03ODM3OWI2MDc4ZDQ/YXBpLXZlcnNpb249MjAxNy0wNC0xOA==",
      "RequestMethod": "GET",
      "RequestBody": "",
      "RequestHeaders": {
        "x-ms-client-request-id": [
          "d6cfb7bf-398b-42e1-bbfa-cbd6d43ffbd4"
        ],
        "User-Agent": [
          "FxVersion/4.6.30411.01",
          "OSName/Windows",
          "OSVersion/Microsoft.Windows.10.0.22000.",
          "Microsoft.Azure.Management.CognitiveServices.CognitiveServicesManagementClient/8.1.0.0"
        ]
      },
      "ResponseHeaders": {
        "Cache-Control": [
          "no-cache"
        ],
        "Pragma": [
          "no-cache"
        ],
        "X-Content-Type-Options": [
          "nosniff"
        ],
        "x-ms-request-id": [
          "47e138a7-edef-48f1-9656-ed6ae12a786d"
        ],
        "x-envoy-upstream-service-time": [
          "7"
        ],
        "Server": [
          "istio-envoy"
        ],
        "x-ms-ratelimit-remaining-subscription-reads": [
          "11992"
        ],
        "x-ms-correlation-request-id": [
          "7ed3e5f3-7c7c-4363-a4d7-48a1ce92a882"
        ],
        "x-ms-routing-request-id": [
          "WESTUS2:20211118T075339Z:7ed3e5f3-7c7c-4363-a4d7-48a1ce92a882"
        ],
        "Strict-Transport-Security": [
          "max-age=31536000; includeSubDomains"
        ],
        "Date": [
          "Thu, 18 Nov 2021 07:53:38 GMT"
        ],
        "Content-Length": [
          "313"
        ],
        "Content-Type": [
          "application/json; charset=utf-8"
        ],
        "Expires": [
          "-1"
        ]
      },
      "ResponseBody": "{\r\n  \"id\": \"/subscriptions/f9b96b36-1f5e-4021-8959-51527e26e6d3/providers/Microsoft.CognitiveServices/locations/Central US EUAP/operationResults/139b146d-0681-488f-9e68-78379b6078d4\",\r\n  \"name\": \"139b146d-0681-488f-9e68-78379b6078d4\",\r\n  \"status\": \"Succeeded\",\r\n  \"startTime\": \"2021-11-18T07:53:09Z\",\r\n  \"endTime\": \"2021-11-18T07:53:10Z\"\r\n}",
      "StatusCode": 200
    },
    {
      "RequestUri": "/subscriptions/f9b96b36-1f5e-4021-8959-51527e26e6d3/providers/Microsoft.CognitiveServices/locations/Central%20US%20EUAP/operationResults/139b146d-0681-488f-9e68-78379b6078d4?api-version=2017-04-18&operationResultResponseType=Location",
      "EncodedRequestUri": "L3N1YnNjcmlwdGlvbnMvZjliOTZiMzYtMWY1ZS00MDIxLTg5NTktNTE1MjdlMjZlNmQzL3Byb3ZpZGVycy9NaWNyb3NvZnQuQ29nbml0aXZlU2VydmljZXMvbG9jYXRpb25zL0NlbnRyYWwlMjBVUyUyMEVVQVAvb3BlcmF0aW9uUmVzdWx0cy8xMzliMTQ2ZC0wNjgxLTQ4OGYtOWU2OC03ODM3OWI2MDc4ZDQ/YXBpLXZlcnNpb249MjAxNy0wNC0xOCZvcGVyYXRpb25SZXN1bHRSZXNwb25zZVR5cGU9TG9jYXRpb24=",
      "RequestMethod": "GET",
      "RequestBody": "",
      "RequestHeaders": {
        "x-ms-client-request-id": [
          "d6cfb7bf-398b-42e1-bbfa-cbd6d43ffbd4"
        ],
        "User-Agent": [
          "FxVersion/4.6.30411.01",
          "OSName/Windows",
          "OSVersion/Microsoft.Windows.10.0.22000.",
          "Microsoft.Azure.Management.CognitiveServices.CognitiveServicesManagementClient/8.1.0.0"
        ]
      },
      "ResponseHeaders": {
        "Cache-Control": [
          "no-cache"
        ],
        "Pragma": [
          "no-cache"
        ],
        "X-Content-Type-Options": [
          "nosniff"
        ],
        "x-ms-request-id": [
          "8a6dfd97-2365-489c-9c13-2f404d10a9ce"
        ],
        "x-envoy-upstream-service-time": [
          "48"
        ],
        "Server": [
          "istio-envoy"
        ],
        "x-ms-ratelimit-remaining-subscription-reads": [
          "11991"
        ],
        "x-ms-correlation-request-id": [
          "73b3c3f8-c20c-4adb-a324-aedf48db8eab"
        ],
        "x-ms-routing-request-id": [
          "WESTUS2:20211118T075339Z:73b3c3f8-c20c-4adb-a324-aedf48db8eab"
        ],
        "Strict-Transport-Security": [
          "max-age=31536000; includeSubDomains"
        ],
        "Date": [
          "Thu, 18 Nov 2021 07:53:38 GMT"
        ],
        "Expires": [
          "-1"
        ],
        "Content-Length": [
          "0"
        ]
      },
      "ResponseBody": "",
      "StatusCode": 200
    },
    {
      "RequestUri": "/subscriptions/f9b96b36-1f5e-4021-8959-51527e26e6d3/resourcegroups/pstestrg3930?api-version=2016-09-01",
      "EncodedRequestUri": "L3N1YnNjcmlwdGlvbnMvZjliOTZiMzYtMWY1ZS00MDIxLTg5NTktNTE1MjdlMjZlNmQzL3Jlc291cmNlZ3JvdXBzL3BzdGVzdHJnMzkzMD9hcGktdmVyc2lvbj0yMDE2LTA5LTAx",
      "RequestMethod": "DELETE",
      "RequestBody": "",
      "RequestHeaders": {
        "x-ms-client-request-id": [
          "f3f09d3f-00e3-4ae0-9d0e-8453c2bf1092"
        ],
        "Accept-Language": [
          "en-US"
        ],
        "User-Agent": [
          "FxVersion/4.6.30411.01",
          "OSName/Windows",
          "OSVersion/Microsoft.Windows.10.0.22000.",
          "Microsoft.Azure.Management.Internal.Resources.ResourceManagementClient/1.3.47"
        ]
      },
      "ResponseHeaders": {
        "Cache-Control": [
          "no-cache"
        ],
        "Pragma": [
          "no-cache"
        ],
        "Location": [
          "https://management.azure.com/subscriptions/f9b96b36-1f5e-4021-8959-51527e26e6d3/operationresults/eyJqb2JJZCI6IlJFU09VUkNFR1JPVVBERUxFVElPTkpPQi1QU1RFU1RSRzM5MzAtQ0VOVFJBTFVTRVVBUCIsImpvYkxvY2F0aW9uIjoiY2VudHJhbHVzZXVhcCJ9?api-version=2016-09-01"
        ],
        "Retry-After": [
          "15"
        ],
        "x-ms-ratelimit-remaining-subscription-deletes": [
          "14999"
        ],
        "x-ms-request-id": [
          "02068fba-f803-4f6f-a99c-639223f5a477"
        ],
        "x-ms-correlation-request-id": [
          "02068fba-f803-4f6f-a99c-639223f5a477"
        ],
        "x-ms-routing-request-id": [
          "WESTUS2:20211118T075341Z:02068fba-f803-4f6f-a99c-639223f5a477"
        ],
        "Strict-Transport-Security": [
          "max-age=31536000; includeSubDomains"
        ],
        "X-Content-Type-Options": [
          "nosniff"
        ],
        "Date": [
          "Thu, 18 Nov 2021 07:53:40 GMT"
        ],
        "Expires": [
          "-1"
        ],
        "Content-Length": [
          "0"
        ]
      },
      "ResponseBody": "",
      "StatusCode": 202
    },
    {
      "RequestUri": "/subscriptions/f9b96b36-1f5e-4021-8959-51527e26e6d3/operationresults/eyJqb2JJZCI6IlJFU09VUkNFR1JPVVBERUxFVElPTkpPQi1QU1RFU1RSRzM5MzAtQ0VOVFJBTFVTRVVBUCIsImpvYkxvY2F0aW9uIjoiY2VudHJhbHVzZXVhcCJ9?api-version=2016-09-01",
      "EncodedRequestUri": "L3N1YnNjcmlwdGlvbnMvZjliOTZiMzYtMWY1ZS00MDIxLTg5NTktNTE1MjdlMjZlNmQzL29wZXJhdGlvbnJlc3VsdHMvZXlKcWIySkpaQ0k2SWxKRlUwOVZVa05GUjFKUFZWQkVSVXhGVkVsUFRrcFBRaTFRVTFSRlUxUlNSek01TXpBdFEwVk9WRkpCVEZWVFJWVkJVQ0lzSW1wdllreHZZMkYwYVc5dUlqb2lZMlZ1ZEhKaGJIVnpaWFZoY0NKOT9hcGktdmVyc2lvbj0yMDE2LTA5LTAx",
      "RequestMethod": "GET",
      "RequestBody": "",
      "RequestHeaders": {
        "User-Agent": [
          "FxVersion/4.6.30411.01",
          "OSName/Windows",
          "OSVersion/Microsoft.Windows.10.0.22000.",
          "Microsoft.Azure.Management.Internal.Resources.ResourceManagementClient/1.3.47"
        ]
      },
      "ResponseHeaders": {
        "Cache-Control": [
          "no-cache"
        ],
        "Pragma": [
          "no-cache"
        ],
        "x-ms-ratelimit-remaining-subscription-reads": [
          "11999"
        ],
        "x-ms-request-id": [
          "5d1a27b8-13dd-451a-aa01-ef94266a4bee"
        ],
        "x-ms-correlation-request-id": [
          "5d1a27b8-13dd-451a-aa01-ef94266a4bee"
        ],
        "x-ms-routing-request-id": [
          "WESTUS2:20211118T075356Z:5d1a27b8-13dd-451a-aa01-ef94266a4bee"
        ],
        "Strict-Transport-Security": [
          "max-age=31536000; includeSubDomains"
        ],
        "X-Content-Type-Options": [
          "nosniff"
        ],
        "Date": [
          "Thu, 18 Nov 2021 07:53:55 GMT"
        ],
        "Expires": [
          "-1"
        ],
        "Content-Length": [
          "0"
        ]
      },
      "ResponseBody": "",
      "StatusCode": 200
    },
    {
      "RequestUri": "/subscriptions/f9b96b36-1f5e-4021-8959-51527e26e6d3/operationresults/eyJqb2JJZCI6IlJFU09VUkNFR1JPVVBERUxFVElPTkpPQi1QU1RFU1RSRzM5MzAtQ0VOVFJBTFVTRVVBUCIsImpvYkxvY2F0aW9uIjoiY2VudHJhbHVzZXVhcCJ9?api-version=2016-09-01",
      "EncodedRequestUri": "L3N1YnNjcmlwdGlvbnMvZjliOTZiMzYtMWY1ZS00MDIxLTg5NTktNTE1MjdlMjZlNmQzL29wZXJhdGlvbnJlc3VsdHMvZXlKcWIySkpaQ0k2SWxKRlUwOVZVa05GUjFKUFZWQkVSVXhGVkVsUFRrcFBRaTFRVTFSRlUxUlNSek01TXpBdFEwVk9WRkpCVEZWVFJWVkJVQ0lzSW1wdllreHZZMkYwYVc5dUlqb2lZMlZ1ZEhKaGJIVnpaWFZoY0NKOT9hcGktdmVyc2lvbj0yMDE2LTA5LTAx",
      "RequestMethod": "GET",
      "RequestBody": "",
      "RequestHeaders": {
        "User-Agent": [
          "FxVersion/4.6.30411.01",
          "OSName/Windows",
          "OSVersion/Microsoft.Windows.10.0.22000.",
          "Microsoft.Azure.Management.Internal.Resources.ResourceManagementClient/1.3.47"
        ]
      },
      "ResponseHeaders": {
        "Cache-Control": [
          "no-cache"
        ],
        "Pragma": [
          "no-cache"
        ],
        "x-ms-ratelimit-remaining-subscription-reads": [
          "11998"
        ],
        "x-ms-request-id": [
          "83284d43-7e0e-4f9f-9996-97ed4c7500f2"
        ],
        "x-ms-correlation-request-id": [
          "83284d43-7e0e-4f9f-9996-97ed4c7500f2"
        ],
        "x-ms-routing-request-id": [
          "WESTUS2:20211118T075356Z:83284d43-7e0e-4f9f-9996-97ed4c7500f2"
        ],
        "Strict-Transport-Security": [
          "max-age=31536000; includeSubDomains"
        ],
        "X-Content-Type-Options": [
          "nosniff"
        ],
        "Date": [
          "Thu, 18 Nov 2021 07:53:55 GMT"
        ],
        "Expires": [
          "-1"
        ],
        "Content-Length": [
          "0"
        ]
      },
      "ResponseBody": "",
      "StatusCode": 200
    }
  ],
  "Names": {
    "Test-SoftDelete": [
      "pstestrg3930"
    ]
  },
  "Variables": {
    "SubscriptionId": "f9b96b36-1f5e-4021-8959-51527e26e6d3"
  }
}