{
  "Entries": [
    {
      "RequestUri": "/subscriptions/f9b96b36-1f5e-4021-8959-51527e26e6d3/resourcegroups/pstestrg1358?api-version=2016-09-01",
      "EncodedRequestUri": "L3N1YnNjcmlwdGlvbnMvZjliOTZiMzYtMWY1ZS00MDIxLTg5NTktNTE1MjdlMjZlNmQzL3Jlc291cmNlZ3JvdXBzL3BzdGVzdHJnMTM1OD9hcGktdmVyc2lvbj0yMDE2LTA5LTAx",
      "RequestMethod": "PUT",
      "RequestHeaders": {
        "x-ms-client-request-id": [
          "fdc4854a-e710-4d42-a1fe-8c18338bca0c"
        ],
        "Accept-Language": [
          "en-US"
        ],
        "User-Agent": [
          "FxVersion/4.700.22.55902",
          "OSName/Windows",
          "OSVersion/Microsoft.Windows.10.0.22621",
          "Microsoft.Azure.Management.Internal.Resources.ResourceManagementClient/1.3.76"
        ],
        "Content-Type": [
          "application/json; charset=utf-8"
        ],
        "Content-Length": [
          "31"
        ]
      },
      "RequestBody": "{\r\n  \"location\": \"West US 2\"\r\n}",
      "ResponseHeaders": {
        "Cache-Control": [
          "no-cache"
        ],
        "Pragma": [
          "no-cache"
        ],
        "x-ms-ratelimit-remaining-subscription-writes": [
          "1199"
        ],
        "x-ms-request-id": [
          "95294de2-1829-44a4-92f0-d932c970c7de"
        ],
        "x-ms-correlation-request-id": [
          "95294de2-1829-44a4-92f0-d932c970c7de"
        ],
        "x-ms-routing-request-id": [
          "WESTUS2:20230619T223022Z:95294de2-1829-44a4-92f0-d932c970c7de"
        ],
        "Strict-Transport-Security": [
          "max-age=31536000; includeSubDomains"
        ],
        "X-Content-Type-Options": [
          "nosniff"
        ],
        "Date": [
          "Mon, 19 Jun 2023 22:30:22 GMT"
        ],
        "Connection": [
          "close"
        ],
        "Content-Length": [
          "178"
        ],
        "Content-Type": [
          "application/json; charset=utf-8"
        ],
        "Expires": [
          "-1"
        ]
      },
      "ResponseBody": "{\r\n  \"id\": \"/subscriptions/f9b96b36-1f5e-4021-8959-51527e26e6d3/resourceGroups/pstestrg1358\",\r\n  \"name\": \"pstestrg1358\",\r\n  \"location\": \"westus2\",\r\n  \"properties\": {\r\n    \"provisioningState\": \"Succeeded\"\r\n  }\r\n}",
      "StatusCode": 201
    },
    {
      "RequestUri": "/subscriptions/f9b96b36-1f5e-4021-8959-51527e26e6d3/resourceGroups/pstestrg1358/providers/Microsoft.CognitiveServices/accounts/csapstestrg1358?api-version=2023-05-01",
      "EncodedRequestUri": "L3N1YnNjcmlwdGlvbnMvZjliOTZiMzYtMWY1ZS00MDIxLTg5NTktNTE1MjdlMjZlNmQzL3Jlc291cmNlR3JvdXBzL3BzdGVzdHJnMTM1OC9wcm92aWRlcnMvTWljcm9zb2Z0LkNvZ25pdGl2ZVNlcnZpY2VzL2FjY291bnRzL2NzYXBzdGVzdHJnMTM1OD9hcGktdmVyc2lvbj0yMDIzLTA1LTAx",
      "RequestMethod": "PUT",
      "RequestHeaders": {
        "x-ms-client-request-id": [
          "de59f472-1532-4871-83f1-966607b3367f"
        ],
        "Accept-Language": [
          "en-US"
        ],
        "User-Agent": [
          "FxVersion/4.700.22.55902",
          "OSName/Windows",
          "OSVersion/Microsoft.Windows.10.0.22621",
          "Microsoft.Azure.Management.CognitiveServices.CognitiveServicesManagementClient/9.0.0.0"
        ],
        "Content-Type": [
          "application/json; charset=utf-8"
        ],
        "Content-Length": [
          "166"
        ]
      },
      "RequestBody": "{\r\n  \"kind\": \"TextAnalytics\",\r\n  \"sku\": {\r\n    \"name\": \"S1\"\r\n  },\r\n  \"location\": \"West US 2\",\r\n  \"properties\": {\r\n    \"customSubDomainName\": \"csapstestrg1358\"\r\n  }\r\n}",
      "ResponseHeaders": {
        "Cache-Control": [
          "no-cache"
        ],
        "Pragma": [
          "no-cache"
        ],
        "ETag": [
          "\"4a00667a-0000-0800-0000-6490d7000000\""
        ],
        "X-Content-Type-Options": [
          "nosniff"
        ],
        "x-ms-request-id": [
          "99aeed85-8516-43ca-be8f-236956bd4f29"
        ],
        "azure-asyncoperation": [
          "https://management.azure.com/subscriptions/f9b96b36-1f5e-4021-8959-51527e26e6d3/providers/Microsoft.CognitiveServices/locations/West US 2/operationResults/65fe8575-264a-4fd3-9983-795c73171903?api-version=2017-04-18"
        ],
        "x-envoy-upstream-service-time": [
          "1927"
        ],
        "Server": [
          "istio-envoy"
        ],
        "x-ms-ratelimit-remaining-subscription-writes": [
          "1199"
        ],
        "x-ms-correlation-request-id": [
          "9be5eb70-97c9-44db-ac10-9069bd61dc99"
        ],
        "x-ms-routing-request-id": [
          "WESTUS2:20230619T223025Z:9be5eb70-97c9-44db-ac10-9069bd61dc99"
        ],
        "Strict-Transport-Security": [
          "max-age=31536000; includeSubDomains"
        ],
        "Date": [
          "Mon, 19 Jun 2023 22:30:25 GMT"
        ],
        "Content-Length": [
          "2917"
        ],
        "Content-Type": [
          "application/json; charset=utf-8"
        ],
        "Expires": [
          "-1"
        ]
      },
      "ResponseBody": "{\r\n  \"id\": \"/subscriptions/f9b96b36-1f5e-4021-8959-51527e26e6d3/resourceGroups/pstestrg1358/providers/Microsoft.CognitiveServices/accounts/csapstestrg1358\",\r\n  \"name\": \"csapstestrg1358\",\r\n  \"type\": \"Microsoft.CognitiveServices/accounts\",\r\n  \"etag\": \"\\\"4a00667a-0000-0800-0000-6490d7000000\\\"\",\r\n  \"location\": \"West US 2\",\r\n  \"sku\": {\r\n    \"name\": \"S1\"\r\n  },\r\n  \"kind\": \"TextAnalytics\",\r\n  \"properties\": {\r\n    \"endpoint\": \"https://csapstestrg1358.cognitiveservices.azure.com/\",\r\n    \"internalId\": \"a245a7998be3452ea2347317940ef189\",\r\n    \"dateCreated\": \"2023-06-19T22:30:23.8764387Z\",\r\n    \"apiProperties\": {\r\n      \"qnaAzureSearchEndpointKey\": null\r\n    },\r\n    \"isMigrated\": false,\r\n    \"customSubDomainName\": \"csapstestrg1358\",\r\n    \"privateEndpointConnections\": [],\r\n    \"publicNetworkAccess\": \"Enabled\",\r\n    \"capabilities\": [\r\n      {\r\n        \"name\": \"VirtualNetworks\"\r\n      },\r\n      {\r\n        \"name\": \"CustomerManagedKey\"\r\n      },\r\n      {\r\n        \"name\": \"Container\",\r\n        \"value\": \"TextAnalytics.*,TextAnalytics.Healthcare,TextAnalytics.HealthcareFhir,TextAnalytics.Keyphrase,TextAnalytics.KeyphraseV2,TextAnalytics.KeyPhraseONNX,TextAnalytics.LanguageFastText,TextAnalytics.Language,TextAnalytics.LanguageV2,TextAnalytics.Sentiment,TextAnalytics.SentimentV2,TextAnalytics.SentimentV3,TextAnalytics.SentimentV3Preview,TextAnalytics.CustomNER,TextAnalytics.textanalyticsdispatcher\"\r\n      },\r\n      {\r\n        \"name\": \"Cloud\",\r\n        \"value\": \"QuestionAnswer.AllApis,LanguageService.QuestionAnsweringApis\"\r\n      }\r\n    ],\r\n    \"endpoints\": {\r\n      \"Text Analytics\": \"https://csapstestrg1358.cognitiveservices.azure.com/\",\r\n      \"Custom Text Authoring\": \"https://csapstestrg1358.cognitiveservices.azure.com/\",\r\n      \"Conversational Language Understanding Authoring\": \"https://csapstestrg1358.cognitiveservices.azure.com/\",\r\n      \"Custom Question Answering Authoring\": \"https://csapstestrg1358.cognitiveservices.azure.com/\",\r\n      \"Custom Question Answering\": \"https://csapstestrg1358.cognitiveservices.azure.com/\",\r\n      \"ConversationalLURuntime\": \"https://csapstestrg1358.cognitiveservices.azure.com/\",\r\n      \"Language\": \"https://csapstestrg1358.cognitiveservices.azure.com/\",\r\n      \"Language-2022-05-01\": \"https://csapstestrg1358.cognitiveservices.azure.com/\",\r\n      \"QnAMaker\": \"https://csapstestrg1358.cognitiveservices.azure.com/\",\r\n      \"turing\": \"https://csapstestrg1358.cognitiveservices.azure.com/\",\r\n      \"Turing DeepWrite\": \"https://csapstestrg1358.cognitiveservices.azure.com/\",\r\n      \"QuestionAnswering\": \"https://csapstestrg1358.cognitiveservices.azure.com/\",\r\n      \"QuestionAnsweringBizQA\": \"https://csapstestrg1358.cognitiveservices.azure.com/\",\r\n      \"QuestionAnsweringQnAGen\": \"https://csapstestrg1358.cognitiveservices.azure.com/\",\r\n      \"QuestionAnswering Generate\": \"https://csapstestrg1358.cognitiveservices.azure.com/\",\r\n      \"LUIS.Authoring\": \"https://csapstestrg1358.cognitiveservices.azure.com/\",\r\n      \"Container\": \"https://csapstestrg1358.cognitiveservices.azure.com/\"\r\n    },\r\n    \"provisioningState\": \"Creating\"\r\n  },\r\n  \"systemData\": {\r\n    \"createdBy\": \"50841d5f-166a-406c-8472-6800c9698b43\",\r\n    \"createdByType\": \"Application\",\r\n    \"createdAt\": \"2023-06-19T22:30:22.983217Z\",\r\n    \"lastModifiedBy\": \"50841d5f-166a-406c-8472-6800c9698b43\",\r\n    \"lastModifiedByType\": \"Application\",\r\n    \"lastModifiedAt\": \"2023-06-19T22:30:22.983217Z\"\r\n  }\r\n}",
      "StatusCode": 201
    },
    {
      "RequestUri": "/subscriptions/f9b96b36-1f5e-4021-8959-51527e26e6d3/providers/Microsoft.CognitiveServices/locations/West%20US%202/operationResults/65fe8575-264a-4fd3-9983-795c73171903?api-version=2017-04-18",
      "EncodedRequestUri": "L3N1YnNjcmlwdGlvbnMvZjliOTZiMzYtMWY1ZS00MDIxLTg5NTktNTE1MjdlMjZlNmQzL3Byb3ZpZGVycy9NaWNyb3NvZnQuQ29nbml0aXZlU2VydmljZXMvbG9jYXRpb25zL1dlc3QlMjBVUyUyMDIvb3BlcmF0aW9uUmVzdWx0cy82NWZlODU3NS0yNjRhLTRmZDMtOTk4My03OTVjNzMxNzE5MDM/YXBpLXZlcnNpb249MjAxNy0wNC0xOA==",
      "RequestMethod": "GET",
      "RequestHeaders": {
        "x-ms-client-request-id": [
          "de59f472-1532-4871-83f1-966607b3367f"
        ],
        "User-Agent": [
          "FxVersion/4.700.22.55902",
          "OSName/Windows",
          "OSVersion/Microsoft.Windows.10.0.22621",
          "Microsoft.Azure.Management.CognitiveServices.CognitiveServicesManagementClient/9.0.0.0"
        ]
      },
      "RequestBody": "",
      "ResponseHeaders": {
        "Cache-Control": [
          "no-cache"
        ],
        "Pragma": [
          "no-cache"
        ],
        "X-Content-Type-Options": [
          "nosniff"
        ],
        "x-ms-request-id": [
          "932a3dfb-0e3a-4ff3-aeb1-11f6e388c61d"
        ],
        "x-envoy-upstream-service-time": [
          "5"
        ],
        "Server": [
          "istio-envoy"
        ],
        "x-ms-ratelimit-remaining-subscription-reads": [
          "11999"
        ],
        "x-ms-correlation-request-id": [
          "244d3147-23d5-47b0-908d-b0fdbabecb42"
        ],
        "x-ms-routing-request-id": [
          "WESTUS2:20230619T223055Z:244d3147-23d5-47b0-908d-b0fdbabecb42"
        ],
        "Strict-Transport-Security": [
          "max-age=31536000; includeSubDomains"
        ],
        "Date": [
          "Mon, 19 Jun 2023 22:30:55 GMT"
        ],
        "Content-Length": [
          "273"
        ],
        "Content-Type": [
          "application/json; charset=utf-8"
        ],
        "Expires": [
          "-1"
        ]
      },
      "ResponseBody": "{\r\n  \"id\": \"/subscriptions/f9b96b36-1f5e-4021-8959-51527e26e6d3/providers/Microsoft.CognitiveServices/locations/West US 2/operationResults/65fe8575-264a-4fd3-9983-795c73171903\",\r\n  \"name\": \"65fe8575-264a-4fd3-9983-795c73171903\",\r\n  \"status\": \"Creating\",\r\n  \"startTime\": \"2023-06-19T22:30:24Z\"\r\n}",
      "StatusCode": 200
    },
    {
      "RequestUri": "/subscriptions/f9b96b36-1f5e-4021-8959-51527e26e6d3/providers/Microsoft.CognitiveServices/locations/West%20US%202/operationResults/65fe8575-264a-4fd3-9983-795c73171903?api-version=2017-04-18",
      "EncodedRequestUri": "L3N1YnNjcmlwdGlvbnMvZjliOTZiMzYtMWY1ZS00MDIxLTg5NTktNTE1MjdlMjZlNmQzL3Byb3ZpZGVycy9NaWNyb3NvZnQuQ29nbml0aXZlU2VydmljZXMvbG9jYXRpb25zL1dlc3QlMjBVUyUyMDIvb3BlcmF0aW9uUmVzdWx0cy82NWZlODU3NS0yNjRhLTRmZDMtOTk4My03OTVjNzMxNzE5MDM/YXBpLXZlcnNpb249MjAxNy0wNC0xOA==",
      "RequestMethod": "GET",
      "RequestHeaders": {
        "x-ms-client-request-id": [
          "de59f472-1532-4871-83f1-966607b3367f"
        ],
        "User-Agent": [
          "FxVersion/4.700.22.55902",
          "OSName/Windows",
          "OSVersion/Microsoft.Windows.10.0.22621",
          "Microsoft.Azure.Management.CognitiveServices.CognitiveServicesManagementClient/9.0.0.0"
        ]
      },
      "RequestBody": "",
      "ResponseHeaders": {
        "Cache-Control": [
          "no-cache"
        ],
        "Pragma": [
          "no-cache"
        ],
        "X-Content-Type-Options": [
          "nosniff"
        ],
        "x-ms-request-id": [
          "116cbec9-3e73-410f-a7e0-b32667b99562"
        ],
        "x-envoy-upstream-service-time": [
          "6"
        ],
        "Server": [
          "istio-envoy"
        ],
        "x-ms-ratelimit-remaining-subscription-reads": [
          "11998"
        ],
        "x-ms-correlation-request-id": [
          "6c0b2caa-b66f-47fd-b8b7-e3850ca3d09a"
        ],
        "x-ms-routing-request-id": [
          "WESTUS2:20230619T223125Z:6c0b2caa-b66f-47fd-b8b7-e3850ca3d09a"
        ],
        "Strict-Transport-Security": [
          "max-age=31536000; includeSubDomains"
        ],
        "Date": [
          "Mon, 19 Jun 2023 22:31:24 GMT"
        ],
        "Content-Length": [
          "307"
        ],
        "Content-Type": [
          "application/json; charset=utf-8"
        ],
        "Expires": [
          "-1"
        ]
      },
      "ResponseBody": "{\r\n  \"id\": \"/subscriptions/f9b96b36-1f5e-4021-8959-51527e26e6d3/providers/Microsoft.CognitiveServices/locations/West US 2/operationResults/65fe8575-264a-4fd3-9983-795c73171903\",\r\n  \"name\": \"65fe8575-264a-4fd3-9983-795c73171903\",\r\n  \"status\": \"Succeeded\",\r\n  \"startTime\": \"2023-06-19T22:30:24Z\",\r\n  \"endTime\": \"2023-06-19T22:30:56Z\"\r\n}",
      "StatusCode": 200
    },
    {
      "RequestUri": "/subscriptions/f9b96b36-1f5e-4021-8959-51527e26e6d3/resourceGroups/pstestrg1358/providers/Microsoft.CognitiveServices/accounts/csapstestrg1358?api-version=2023-05-01",
      "EncodedRequestUri": "L3N1YnNjcmlwdGlvbnMvZjliOTZiMzYtMWY1ZS00MDIxLTg5NTktNTE1MjdlMjZlNmQzL3Jlc291cmNlR3JvdXBzL3BzdGVzdHJnMTM1OC9wcm92aWRlcnMvTWljcm9zb2Z0LkNvZ25pdGl2ZVNlcnZpY2VzL2FjY291bnRzL2NzYXBzdGVzdHJnMTM1OD9hcGktdmVyc2lvbj0yMDIzLTA1LTAx",
      "RequestMethod": "GET",
      "RequestHeaders": {
        "x-ms-client-request-id": [
          "de59f472-1532-4871-83f1-966607b3367f"
        ],
        "User-Agent": [
          "FxVersion/4.700.22.55902",
          "OSName/Windows",
          "OSVersion/Microsoft.Windows.10.0.22621",
          "Microsoft.Azure.Management.CognitiveServices.CognitiveServicesManagementClient/9.0.0.0"
        ]
      },
      "RequestBody": "",
      "ResponseHeaders": {
        "Cache-Control": [
          "no-cache"
        ],
        "Pragma": [
          "no-cache"
        ],
        "ETag": [
          "\"4a006c7a-0000-0800-0000-6490d7200000\""
        ],
        "X-Content-Type-Options": [
          "nosniff"
        ],
        "x-ms-request-id": [
          "f85cf250-ff5d-48ee-ba05-0e738764ecc6"
        ],
        "x-envoy-upstream-service-time": [
          "11"
        ],
        "Server": [
          "istio-envoy"
        ],
        "x-ms-ratelimit-remaining-subscription-reads": [
          "11997"
        ],
        "x-ms-correlation-request-id": [
          "af358d61-297d-4b94-83e2-6e5aab9db16c"
        ],
        "x-ms-routing-request-id": [
          "WESTUS2:20230619T223125Z:af358d61-297d-4b94-83e2-6e5aab9db16c"
        ],
        "Strict-Transport-Security": [
          "max-age=31536000; includeSubDomains"
        ],
        "Date": [
          "Mon, 19 Jun 2023 22:31:25 GMT"
        ],
        "Content-Length": [
          "2918"
        ],
        "Content-Type": [
          "application/json; charset=utf-8"
        ],
        "Expires": [
          "-1"
        ]
      },
      "ResponseBody": "{\r\n  \"id\": \"/subscriptions/f9b96b36-1f5e-4021-8959-51527e26e6d3/resourceGroups/pstestrg1358/providers/Microsoft.CognitiveServices/accounts/csapstestrg1358\",\r\n  \"name\": \"csapstestrg1358\",\r\n  \"type\": \"Microsoft.CognitiveServices/accounts\",\r\n  \"etag\": \"\\\"4a006c7a-0000-0800-0000-6490d7200000\\\"\",\r\n  \"location\": \"West US 2\",\r\n  \"sku\": {\r\n    \"name\": \"S1\"\r\n  },\r\n  \"kind\": \"TextAnalytics\",\r\n  \"properties\": {\r\n    \"endpoint\": \"https://csapstestrg1358.cognitiveservices.azure.com/\",\r\n    \"internalId\": \"a245a7998be3452ea2347317940ef189\",\r\n    \"dateCreated\": \"2023-06-19T22:30:23.8764387Z\",\r\n    \"apiProperties\": {\r\n      \"qnaAzureSearchEndpointKey\": null\r\n    },\r\n    \"isMigrated\": false,\r\n    \"customSubDomainName\": \"csapstestrg1358\",\r\n    \"privateEndpointConnections\": [],\r\n    \"publicNetworkAccess\": \"Enabled\",\r\n    \"capabilities\": [\r\n      {\r\n        \"name\": \"VirtualNetworks\"\r\n      },\r\n      {\r\n        \"name\": \"CustomerManagedKey\"\r\n      },\r\n      {\r\n        \"name\": \"Container\",\r\n        \"value\": \"TextAnalytics.*,TextAnalytics.Healthcare,TextAnalytics.HealthcareFhir,TextAnalytics.Keyphrase,TextAnalytics.KeyphraseV2,TextAnalytics.KeyPhraseONNX,TextAnalytics.LanguageFastText,TextAnalytics.Language,TextAnalytics.LanguageV2,TextAnalytics.Sentiment,TextAnalytics.SentimentV2,TextAnalytics.SentimentV3,TextAnalytics.SentimentV3Preview,TextAnalytics.CustomNER,TextAnalytics.textanalyticsdispatcher\"\r\n      },\r\n      {\r\n        \"name\": \"Cloud\",\r\n        \"value\": \"QuestionAnswer.AllApis,LanguageService.QuestionAnsweringApis\"\r\n      }\r\n    ],\r\n    \"endpoints\": {\r\n      \"Text Analytics\": \"https://csapstestrg1358.cognitiveservices.azure.com/\",\r\n      \"Custom Text Authoring\": \"https://csapstestrg1358.cognitiveservices.azure.com/\",\r\n      \"Conversational Language Understanding Authoring\": \"https://csapstestrg1358.cognitiveservices.azure.com/\",\r\n      \"Custom Question Answering Authoring\": \"https://csapstestrg1358.cognitiveservices.azure.com/\",\r\n      \"Custom Question Answering\": \"https://csapstestrg1358.cognitiveservices.azure.com/\",\r\n      \"ConversationalLURuntime\": \"https://csapstestrg1358.cognitiveservices.azure.com/\",\r\n      \"Language\": \"https://csapstestrg1358.cognitiveservices.azure.com/\",\r\n      \"Language-2022-05-01\": \"https://csapstestrg1358.cognitiveservices.azure.com/\",\r\n      \"QnAMaker\": \"https://csapstestrg1358.cognitiveservices.azure.com/\",\r\n      \"turing\": \"https://csapstestrg1358.cognitiveservices.azure.com/\",\r\n      \"Turing DeepWrite\": \"https://csapstestrg1358.cognitiveservices.azure.com/\",\r\n      \"QuestionAnswering\": \"https://csapstestrg1358.cognitiveservices.azure.com/\",\r\n      \"QuestionAnsweringBizQA\": \"https://csapstestrg1358.cognitiveservices.azure.com/\",\r\n      \"QuestionAnsweringQnAGen\": \"https://csapstestrg1358.cognitiveservices.azure.com/\",\r\n      \"QuestionAnswering Generate\": \"https://csapstestrg1358.cognitiveservices.azure.com/\",\r\n      \"LUIS.Authoring\": \"https://csapstestrg1358.cognitiveservices.azure.com/\",\r\n      \"Container\": \"https://csapstestrg1358.cognitiveservices.azure.com/\"\r\n    },\r\n    \"provisioningState\": \"Succeeded\"\r\n  },\r\n  \"systemData\": {\r\n    \"createdBy\": \"50841d5f-166a-406c-8472-6800c9698b43\",\r\n    \"createdByType\": \"Application\",\r\n    \"createdAt\": \"2023-06-19T22:30:22.983217Z\",\r\n    \"lastModifiedBy\": \"50841d5f-166a-406c-8472-6800c9698b43\",\r\n    \"lastModifiedByType\": \"Application\",\r\n    \"lastModifiedAt\": \"2023-06-19T22:30:22.983217Z\"\r\n  }\r\n}",
      "StatusCode": 200
    },
    {
      "RequestUri": "/subscriptions/f9b96b36-1f5e-4021-8959-51527e26e6d3/resourceGroups/pstestrg1358/providers/Microsoft.CognitiveServices/accounts/csapstestrg1358?api-version=2023-05-01",
      "EncodedRequestUri": "L3N1YnNjcmlwdGlvbnMvZjliOTZiMzYtMWY1ZS00MDIxLTg5NTktNTE1MjdlMjZlNmQzL3Jlc291cmNlR3JvdXBzL3BzdGVzdHJnMTM1OC9wcm92aWRlcnMvTWljcm9zb2Z0LkNvZ25pdGl2ZVNlcnZpY2VzL2FjY291bnRzL2NzYXBzdGVzdHJnMTM1OD9hcGktdmVyc2lvbj0yMDIzLTA1LTAx",
      "RequestMethod": "GET",
      "RequestHeaders": {
        "x-ms-client-request-id": [
          "de59f472-1532-4871-83f1-966607b3367f"
        ],
        "Accept-Language": [
          "en-US"
        ],
        "User-Agent": [
          "FxVersion/4.700.22.55902",
          "OSName/Windows",
          "OSVersion/Microsoft.Windows.10.0.22621",
          "Microsoft.Azure.Management.CognitiveServices.CognitiveServicesManagementClient/9.0.0.0"
        ]
      },
      "RequestBody": "",
      "ResponseHeaders": {
        "Cache-Control": [
          "no-cache"
        ],
        "Pragma": [
          "no-cache"
        ],
        "ETag": [
          "\"4a006c7a-0000-0800-0000-6490d7200000\""
        ],
        "X-Content-Type-Options": [
          "nosniff"
        ],
        "x-ms-request-id": [
          "7c063b3d-f52b-453c-8100-b95132fb69fb"
        ],
        "x-envoy-upstream-service-time": [
          "16"
        ],
        "Server": [
          "istio-envoy"
        ],
        "x-ms-ratelimit-remaining-subscription-reads": [
          "11996"
        ],
        "x-ms-correlation-request-id": [
          "b6d69b4d-1106-4203-a7d1-868f9d25479b"
        ],
        "x-ms-routing-request-id": [
          "WESTUS2:20230619T223125Z:b6d69b4d-1106-4203-a7d1-868f9d25479b"
        ],
        "Strict-Transport-Security": [
          "max-age=31536000; includeSubDomains"
        ],
        "Date": [
          "Mon, 19 Jun 2023 22:31:25 GMT"
        ],
        "Content-Length": [
          "2918"
        ],
        "Content-Type": [
          "application/json; charset=utf-8"
        ],
        "Expires": [
          "-1"
        ]
      },
      "ResponseBody": "{\r\n  \"id\": \"/subscriptions/f9b96b36-1f5e-4021-8959-51527e26e6d3/resourceGroups/pstestrg1358/providers/Microsoft.CognitiveServices/accounts/csapstestrg1358\",\r\n  \"name\": \"csapstestrg1358\",\r\n  \"type\": \"Microsoft.CognitiveServices/accounts\",\r\n  \"etag\": \"\\\"4a006c7a-0000-0800-0000-6490d7200000\\\"\",\r\n  \"location\": \"West US 2\",\r\n  \"sku\": {\r\n    \"name\": \"S1\"\r\n  },\r\n  \"kind\": \"TextAnalytics\",\r\n  \"properties\": {\r\n    \"endpoint\": \"https://csapstestrg1358.cognitiveservices.azure.com/\",\r\n    \"internalId\": \"a245a7998be3452ea2347317940ef189\",\r\n    \"dateCreated\": \"2023-06-19T22:30:23.8764387Z\",\r\n    \"apiProperties\": {\r\n      \"qnaAzureSearchEndpointKey\": null\r\n    },\r\n    \"isMigrated\": false,\r\n    \"customSubDomainName\": \"csapstestrg1358\",\r\n    \"privateEndpointConnections\": [],\r\n    \"publicNetworkAccess\": \"Enabled\",\r\n    \"capabilities\": [\r\n      {\r\n        \"name\": \"VirtualNetworks\"\r\n      },\r\n      {\r\n        \"name\": \"CustomerManagedKey\"\r\n      },\r\n      {\r\n        \"name\": \"Container\",\r\n        \"value\": \"TextAnalytics.*,TextAnalytics.Healthcare,TextAnalytics.HealthcareFhir,TextAnalytics.Keyphrase,TextAnalytics.KeyphraseV2,TextAnalytics.KeyPhraseONNX,TextAnalytics.LanguageFastText,TextAnalytics.Language,TextAnalytics.LanguageV2,TextAnalytics.Sentiment,TextAnalytics.SentimentV2,TextAnalytics.SentimentV3,TextAnalytics.SentimentV3Preview,TextAnalytics.CustomNER,TextAnalytics.textanalyticsdispatcher\"\r\n      },\r\n      {\r\n        \"name\": \"Cloud\",\r\n        \"value\": \"QuestionAnswer.AllApis,LanguageService.QuestionAnsweringApis\"\r\n      }\r\n    ],\r\n    \"endpoints\": {\r\n      \"Text Analytics\": \"https://csapstestrg1358.cognitiveservices.azure.com/\",\r\n      \"Custom Text Authoring\": \"https://csapstestrg1358.cognitiveservices.azure.com/\",\r\n      \"Conversational Language Understanding Authoring\": \"https://csapstestrg1358.cognitiveservices.azure.com/\",\r\n      \"Custom Question Answering Authoring\": \"https://csapstestrg1358.cognitiveservices.azure.com/\",\r\n      \"Custom Question Answering\": \"https://csapstestrg1358.cognitiveservices.azure.com/\",\r\n      \"ConversationalLURuntime\": \"https://csapstestrg1358.cognitiveservices.azure.com/\",\r\n      \"Language\": \"https://csapstestrg1358.cognitiveservices.azure.com/\",\r\n      \"Language-2022-05-01\": \"https://csapstestrg1358.cognitiveservices.azure.com/\",\r\n      \"QnAMaker\": \"https://csapstestrg1358.cognitiveservices.azure.com/\",\r\n      \"turing\": \"https://csapstestrg1358.cognitiveservices.azure.com/\",\r\n      \"Turing DeepWrite\": \"https://csapstestrg1358.cognitiveservices.azure.com/\",\r\n      \"QuestionAnswering\": \"https://csapstestrg1358.cognitiveservices.azure.com/\",\r\n      \"QuestionAnsweringBizQA\": \"https://csapstestrg1358.cognitiveservices.azure.com/\",\r\n      \"QuestionAnsweringQnAGen\": \"https://csapstestrg1358.cognitiveservices.azure.com/\",\r\n      \"QuestionAnswering Generate\": \"https://csapstestrg1358.cognitiveservices.azure.com/\",\r\n      \"LUIS.Authoring\": \"https://csapstestrg1358.cognitiveservices.azure.com/\",\r\n      \"Container\": \"https://csapstestrg1358.cognitiveservices.azure.com/\"\r\n    },\r\n    \"provisioningState\": \"Succeeded\"\r\n  },\r\n  \"systemData\": {\r\n    \"createdBy\": \"50841d5f-166a-406c-8472-6800c9698b43\",\r\n    \"createdByType\": \"Application\",\r\n    \"createdAt\": \"2023-06-19T22:30:22.983217Z\",\r\n    \"lastModifiedBy\": \"50841d5f-166a-406c-8472-6800c9698b43\",\r\n    \"lastModifiedByType\": \"Application\",\r\n    \"lastModifiedAt\": \"2023-06-19T22:30:22.983217Z\"\r\n  }\r\n}",
      "StatusCode": 200
    },
    {
      "RequestUri": "/subscriptions/f9b96b36-1f5e-4021-8959-51527e26e6d3/resourceGroups/pstestrg1358/providers/Microsoft.CognitiveServices/accounts/csapstestrg1358?api-version=2023-05-01",
      "EncodedRequestUri": "L3N1YnNjcmlwdGlvbnMvZjliOTZiMzYtMWY1ZS00MDIxLTg5NTktNTE1MjdlMjZlNmQzL3Jlc291cmNlR3JvdXBzL3BzdGVzdHJnMTM1OC9wcm92aWRlcnMvTWljcm9zb2Z0LkNvZ25pdGl2ZVNlcnZpY2VzL2FjY291bnRzL2NzYXBzdGVzdHJnMTM1OD9hcGktdmVyc2lvbj0yMDIzLTA1LTAx",
      "RequestMethod": "GET",
      "RequestHeaders": {
        "x-ms-client-request-id": [
          "cdd3b9af-4df1-4dc3-b91d-d9d3166d72b8"
        ],
        "User-Agent": [
          "FxVersion/4.700.22.55902",
          "OSName/Windows",
          "OSVersion/Microsoft.Windows.10.0.22621",
          "Microsoft.Azure.Management.CognitiveServices.CognitiveServicesManagementClient/9.0.0.0"
        ]
      },
      "RequestBody": "",
      "ResponseHeaders": {
        "Cache-Control": [
          "no-cache"
        ],
        "Pragma": [
          "no-cache"
        ],
        "ETag": [
          "\"4a00737a-0000-0800-0000-6490d75d0000\""
        ],
        "X-Content-Type-Options": [
          "nosniff"
        ],
        "x-ms-request-id": [
          "f8242fa0-397c-4763-ae1c-eac12de0b0b3"
        ],
        "x-envoy-upstream-service-time": [
          "9"
        ],
        "Server": [
          "istio-envoy"
        ],
        "x-ms-ratelimit-remaining-subscription-reads": [
          "11998"
        ],
        "x-ms-correlation-request-id": [
          "b758bb66-32b5-48d1-b74d-f103dbee7db8"
        ],
        "x-ms-routing-request-id": [
          "WESTUS2:20230619T223158Z:b758bb66-32b5-48d1-b74d-f103dbee7db8"
        ],
        "Strict-Transport-Security": [
          "max-age=31536000; includeSubDomains"
        ],
        "Date": [
          "Mon, 19 Jun 2023 22:31:58 GMT"
        ],
        "Content-Length": [
          "2920"
        ],
        "Content-Type": [
          "application/json; charset=utf-8"
        ],
        "Expires": [
          "-1"
        ]
      },
      "ResponseBody": "{\r\n  \"id\": \"/subscriptions/f9b96b36-1f5e-4021-8959-51527e26e6d3/resourceGroups/pstestrg1358/providers/Microsoft.CognitiveServices/accounts/csapstestrg1358\",\r\n  \"name\": \"csapstestrg1358\",\r\n  \"type\": \"Microsoft.CognitiveServices/accounts\",\r\n  \"etag\": \"\\\"4a00737a-0000-0800-0000-6490d75d0000\\\"\",\r\n  \"location\": \"West US 2\",\r\n  \"sku\": {\r\n    \"name\": \"S1\"\r\n  },\r\n  \"kind\": \"TextAnalytics\",\r\n  \"properties\": {\r\n    \"endpoint\": \"https://csapstestrg1358.cognitiveservices.azure.com/\",\r\n    \"provisioningState\": \"Succeeded\",\r\n    \"internalId\": \"a245a7998be3452ea2347317940ef189\",\r\n    \"dateCreated\": \"2023-06-19T22:30:23.8764387Z\",\r\n    \"apiProperties\": {\r\n      \"qnaAzureSearchEndpointKey\": null\r\n    },\r\n    \"isMigrated\": false,\r\n    \"customSubDomainName\": \"csapstestrg1358\",\r\n    \"privateEndpointConnections\": [],\r\n    \"publicNetworkAccess\": \"Disabled\",\r\n    \"capabilities\": [\r\n      {\r\n        \"name\": \"VirtualNetworks\"\r\n      },\r\n      {\r\n        \"name\": \"CustomerManagedKey\"\r\n      },\r\n      {\r\n        \"name\": \"Container\",\r\n        \"value\": \"TextAnalytics.*,TextAnalytics.Healthcare,TextAnalytics.HealthcareFhir,TextAnalytics.Keyphrase,TextAnalytics.KeyphraseV2,TextAnalytics.KeyPhraseONNX,TextAnalytics.LanguageFastText,TextAnalytics.Language,TextAnalytics.LanguageV2,TextAnalytics.Sentiment,TextAnalytics.SentimentV2,TextAnalytics.SentimentV3,TextAnalytics.SentimentV3Preview,TextAnalytics.CustomNER,TextAnalytics.textanalyticsdispatcher\"\r\n      },\r\n      {\r\n        \"name\": \"Cloud\",\r\n        \"value\": \"QuestionAnswer.AllApis,LanguageService.QuestionAnsweringApis\"\r\n      }\r\n    ],\r\n    \"endpoints\": {\r\n      \"Text Analytics\": \"https://csapstestrg1358.cognitiveservices.azure.com/\",\r\n      \"Custom Text Authoring\": \"https://csapstestrg1358.cognitiveservices.azure.com/\",\r\n      \"Conversational Language Understanding Authoring\": \"https://csapstestrg1358.cognitiveservices.azure.com/\",\r\n      \"Custom Question Answering Authoring\": \"https://csapstestrg1358.cognitiveservices.azure.com/\",\r\n      \"Custom Question Answering\": \"https://csapstestrg1358.cognitiveservices.azure.com/\",\r\n      \"ConversationalLURuntime\": \"https://csapstestrg1358.cognitiveservices.azure.com/\",\r\n      \"Language\": \"https://csapstestrg1358.cognitiveservices.azure.com/\",\r\n      \"Language-2022-05-01\": \"https://csapstestrg1358.cognitiveservices.azure.com/\",\r\n      \"QnAMaker\": \"https://csapstestrg1358.cognitiveservices.azure.com/\",\r\n      \"turing\": \"https://csapstestrg1358.cognitiveservices.azure.com/\",\r\n      \"Turing DeepWrite\": \"https://csapstestrg1358.cognitiveservices.azure.com/\",\r\n      \"QuestionAnswering\": \"https://csapstestrg1358.cognitiveservices.azure.com/\",\r\n      \"QuestionAnsweringBizQA\": \"https://csapstestrg1358.cognitiveservices.azure.com/\",\r\n      \"QuestionAnsweringQnAGen\": \"https://csapstestrg1358.cognitiveservices.azure.com/\",\r\n      \"QuestionAnswering Generate\": \"https://csapstestrg1358.cognitiveservices.azure.com/\",\r\n      \"LUIS.Authoring\": \"https://csapstestrg1358.cognitiveservices.azure.com/\",\r\n      \"Container\": \"https://csapstestrg1358.cognitiveservices.azure.com/\"\r\n    }\r\n  },\r\n  \"systemData\": {\r\n    \"createdBy\": \"50841d5f-166a-406c-8472-6800c9698b43\",\r\n    \"createdByType\": \"Application\",\r\n    \"createdAt\": \"2023-06-19T22:30:22.983217Z\",\r\n    \"lastModifiedBy\": \"50841d5f-166a-406c-8472-6800c9698b43\",\r\n    \"lastModifiedByType\": \"Application\",\r\n    \"lastModifiedAt\": \"2023-06-19T22:31:26.1235839Z\"\r\n  }\r\n}",
      "StatusCode": 200
    },
    {
      "RequestUri": "/subscriptions/f9b96b36-1f5e-4021-8959-51527e26e6d3/resourceGroups/pstestrg1358/providers/Microsoft.CognitiveServices/accounts/csapstestrg1358?api-version=2023-05-01",
      "EncodedRequestUri": "L3N1YnNjcmlwdGlvbnMvZjliOTZiMzYtMWY1ZS00MDIxLTg5NTktNTE1MjdlMjZlNmQzL3Jlc291cmNlR3JvdXBzL3BzdGVzdHJnMTM1OC9wcm92aWRlcnMvTWljcm9zb2Z0LkNvZ25pdGl2ZVNlcnZpY2VzL2FjY291bnRzL2NzYXBzdGVzdHJnMTM1OD9hcGktdmVyc2lvbj0yMDIzLTA1LTAx",
      "RequestMethod": "GET",
      "RequestHeaders": {
        "x-ms-client-request-id": [
          "22c77621-5f87-4efd-84b3-504bb81ef662"
        ],
        "User-Agent": [
          "FxVersion/4.700.22.55902",
          "OSName/Windows",
          "OSVersion/Microsoft.Windows.10.0.22621",
          "Microsoft.Azure.Management.CognitiveServices.CognitiveServicesManagementClient/9.0.0.0"
        ]
      },
      "RequestBody": "",
      "ResponseHeaders": {
        "Cache-Control": [
          "no-cache"
        ],
        "Pragma": [
          "no-cache"
        ],
        "ETag": [
          "\"4a00887a-0000-0800-0000-6490d77e0000\""
        ],
        "X-Content-Type-Options": [
          "nosniff"
        ],
        "x-ms-request-id": [
          "4b8386fb-9a7d-4bc9-8dfb-d8df6bcaaaff"
        ],
        "x-envoy-upstream-service-time": [
          "11"
        ],
        "Server": [
          "istio-envoy"
        ],
        "x-ms-ratelimit-remaining-subscription-reads": [
          "11998"
        ],
        "x-ms-correlation-request-id": [
          "c83147e4-8679-4264-9942-c072814c1f97"
        ],
        "x-ms-routing-request-id": [
          "WESTUS2:20230619T223231Z:c83147e4-8679-4264-9942-c072814c1f97"
        ],
        "Strict-Transport-Security": [
          "max-age=31536000; includeSubDomains"
        ],
        "Date": [
          "Mon, 19 Jun 2023 22:32:30 GMT"
        ],
        "Content-Length": [
          "2919"
        ],
        "Content-Type": [
          "application/json; charset=utf-8"
        ],
        "Expires": [
          "-1"
        ]
      },
      "ResponseBody": "{\r\n  \"id\": \"/subscriptions/f9b96b36-1f5e-4021-8959-51527e26e6d3/resourceGroups/pstestrg1358/providers/Microsoft.CognitiveServices/accounts/csapstestrg1358\",\r\n  \"name\": \"csapstestrg1358\",\r\n  \"type\": \"Microsoft.CognitiveServices/accounts\",\r\n  \"etag\": \"\\\"4a00887a-0000-0800-0000-6490d77e0000\\\"\",\r\n  \"location\": \"West US 2\",\r\n  \"sku\": {\r\n    \"name\": \"S1\"\r\n  },\r\n  \"kind\": \"TextAnalytics\",\r\n  \"properties\": {\r\n    \"endpoint\": \"https://csapstestrg1358.cognitiveservices.azure.com/\",\r\n    \"provisioningState\": \"Succeeded\",\r\n    \"internalId\": \"a245a7998be3452ea2347317940ef189\",\r\n    \"dateCreated\": \"2023-06-19T22:30:23.8764387Z\",\r\n    \"apiProperties\": {\r\n      \"qnaAzureSearchEndpointKey\": null\r\n    },\r\n    \"isMigrated\": false,\r\n    \"customSubDomainName\": \"csapstestrg1358\",\r\n    \"privateEndpointConnections\": [],\r\n    \"publicNetworkAccess\": \"Enabled\",\r\n    \"capabilities\": [\r\n      {\r\n        \"name\": \"VirtualNetworks\"\r\n      },\r\n      {\r\n        \"name\": \"CustomerManagedKey\"\r\n      },\r\n      {\r\n        \"name\": \"Container\",\r\n        \"value\": \"TextAnalytics.*,TextAnalytics.Healthcare,TextAnalytics.HealthcareFhir,TextAnalytics.Keyphrase,TextAnalytics.KeyphraseV2,TextAnalytics.KeyPhraseONNX,TextAnalytics.LanguageFastText,TextAnalytics.Language,TextAnalytics.LanguageV2,TextAnalytics.Sentiment,TextAnalytics.SentimentV2,TextAnalytics.SentimentV3,TextAnalytics.SentimentV3Preview,TextAnalytics.CustomNER,TextAnalytics.textanalyticsdispatcher\"\r\n      },\r\n      {\r\n        \"name\": \"Cloud\",\r\n        \"value\": \"QuestionAnswer.AllApis,LanguageService.QuestionAnsweringApis\"\r\n      }\r\n    ],\r\n    \"endpoints\": {\r\n      \"Text Analytics\": \"https://csapstestrg1358.cognitiveservices.azure.com/\",\r\n      \"Custom Text Authoring\": \"https://csapstestrg1358.cognitiveservices.azure.com/\",\r\n      \"Conversational Language Understanding Authoring\": \"https://csapstestrg1358.cognitiveservices.azure.com/\",\r\n      \"Custom Question Answering Authoring\": \"https://csapstestrg1358.cognitiveservices.azure.com/\",\r\n      \"Custom Question Answering\": \"https://csapstestrg1358.cognitiveservices.azure.com/\",\r\n      \"ConversationalLURuntime\": \"https://csapstestrg1358.cognitiveservices.azure.com/\",\r\n      \"Language\": \"https://csapstestrg1358.cognitiveservices.azure.com/\",\r\n      \"Language-2022-05-01\": \"https://csapstestrg1358.cognitiveservices.azure.com/\",\r\n      \"QnAMaker\": \"https://csapstestrg1358.cognitiveservices.azure.com/\",\r\n      \"turing\": \"https://csapstestrg1358.cognitiveservices.azure.com/\",\r\n      \"Turing DeepWrite\": \"https://csapstestrg1358.cognitiveservices.azure.com/\",\r\n      \"QuestionAnswering\": \"https://csapstestrg1358.cognitiveservices.azure.com/\",\r\n      \"QuestionAnsweringBizQA\": \"https://csapstestrg1358.cognitiveservices.azure.com/\",\r\n      \"QuestionAnsweringQnAGen\": \"https://csapstestrg1358.cognitiveservices.azure.com/\",\r\n      \"QuestionAnswering Generate\": \"https://csapstestrg1358.cognitiveservices.azure.com/\",\r\n      \"LUIS.Authoring\": \"https://csapstestrg1358.cognitiveservices.azure.com/\",\r\n      \"Container\": \"https://csapstestrg1358.cognitiveservices.azure.com/\"\r\n    }\r\n  },\r\n  \"systemData\": {\r\n    \"createdBy\": \"50841d5f-166a-406c-8472-6800c9698b43\",\r\n    \"createdByType\": \"Application\",\r\n    \"createdAt\": \"2023-06-19T22:30:22.983217Z\",\r\n    \"lastModifiedBy\": \"50841d5f-166a-406c-8472-6800c9698b43\",\r\n    \"lastModifiedByType\": \"Application\",\r\n    \"lastModifiedAt\": \"2023-06-19T22:31:58.9486976Z\"\r\n  }\r\n}",
      "StatusCode": 200
    },
    {
      "RequestUri": "/subscriptions/f9b96b36-1f5e-4021-8959-51527e26e6d3/resourceGroups/pstestrg1358/providers/Microsoft.CognitiveServices/accounts/csapstestrg1358?api-version=2023-05-01",
      "EncodedRequestUri": "L3N1YnNjcmlwdGlvbnMvZjliOTZiMzYtMWY1ZS00MDIxLTg5NTktNTE1MjdlMjZlNmQzL3Jlc291cmNlR3JvdXBzL3BzdGVzdHJnMTM1OC9wcm92aWRlcnMvTWljcm9zb2Z0LkNvZ25pdGl2ZVNlcnZpY2VzL2FjY291bnRzL2NzYXBzdGVzdHJnMTM1OD9hcGktdmVyc2lvbj0yMDIzLTA1LTAx",
      "RequestMethod": "GET",
      "RequestHeaders": {
        "x-ms-client-request-id": [
          "bf2e61e5-378f-4226-81d8-ad1e6768b019"
        ],
        "User-Agent": [
          "FxVersion/4.700.22.55902",
          "OSName/Windows",
          "OSVersion/Microsoft.Windows.10.0.22621",
          "Microsoft.Azure.Management.CognitiveServices.CognitiveServicesManagementClient/9.0.0.0"
        ]
      },
      "RequestBody": "",
      "ResponseHeaders": {
        "Cache-Control": [
          "no-cache"
        ],
        "Pragma": [
          "no-cache"
        ],
        "ETag": [
          "\"4a00907a-0000-0800-0000-6490d79f0000\""
        ],
        "X-Content-Type-Options": [
          "nosniff"
        ],
        "x-ms-request-id": [
          "dff17fda-cfa8-4b91-8ebd-d32add6bf81b"
        ],
        "x-envoy-upstream-service-time": [
          "10"
        ],
        "Server": [
          "istio-envoy"
        ],
        "x-ms-ratelimit-remaining-subscription-reads": [
          "11998"
        ],
        "x-ms-correlation-request-id": [
          "6e1df2c1-8e4c-437d-b268-ef0ae0c2c62d"
        ],
        "x-ms-routing-request-id": [
          "WESTUS2:20230619T223304Z:6e1df2c1-8e4c-437d-b268-ef0ae0c2c62d"
        ],
        "Strict-Transport-Security": [
          "max-age=31536000; includeSubDomains"
        ],
        "Date": [
          "Mon, 19 Jun 2023 22:33:04 GMT"
        ],
        "Content-Length": [
          "2919"
        ],
        "Content-Type": [
          "application/json; charset=utf-8"
        ],
        "Expires": [
          "-1"
        ]
      },
      "ResponseBody": "{\r\n  \"id\": \"/subscriptions/f9b96b36-1f5e-4021-8959-51527e26e6d3/resourceGroups/pstestrg1358/providers/Microsoft.CognitiveServices/accounts/csapstestrg1358\",\r\n  \"name\": \"csapstestrg1358\",\r\n  \"type\": \"Microsoft.CognitiveServices/accounts\",\r\n  \"etag\": \"\\\"4a00907a-0000-0800-0000-6490d79f0000\\\"\",\r\n  \"location\": \"West US 2\",\r\n  \"sku\": {\r\n    \"name\": \"S1\"\r\n  },\r\n  \"kind\": \"TextAnalytics\",\r\n  \"properties\": {\r\n    \"endpoint\": \"https://csapstestrg1358.cognitiveservices.azure.com/\",\r\n    \"provisioningState\": \"Succeeded\",\r\n    \"internalId\": \"a245a7998be3452ea2347317940ef189\",\r\n    \"dateCreated\": \"2023-06-19T22:30:23.8764387Z\",\r\n    \"apiProperties\": {\r\n      \"qnaAzureSearchEndpointKey\": null\r\n    },\r\n    \"isMigrated\": false,\r\n    \"customSubDomainName\": \"csapstestrg1358\",\r\n    \"privateEndpointConnections\": [],\r\n    \"publicNetworkAccess\": \"Enabled\",\r\n    \"capabilities\": [\r\n      {\r\n        \"name\": \"VirtualNetworks\"\r\n      },\r\n      {\r\n        \"name\": \"CustomerManagedKey\"\r\n      },\r\n      {\r\n        \"name\": \"Container\",\r\n        \"value\": \"TextAnalytics.*,TextAnalytics.Healthcare,TextAnalytics.HealthcareFhir,TextAnalytics.Keyphrase,TextAnalytics.KeyphraseV2,TextAnalytics.KeyPhraseONNX,TextAnalytics.LanguageFastText,TextAnalytics.Language,TextAnalytics.LanguageV2,TextAnalytics.Sentiment,TextAnalytics.SentimentV2,TextAnalytics.SentimentV3,TextAnalytics.SentimentV3Preview,TextAnalytics.CustomNER,TextAnalytics.textanalyticsdispatcher\"\r\n      },\r\n      {\r\n        \"name\": \"Cloud\",\r\n        \"value\": \"QuestionAnswer.AllApis,LanguageService.QuestionAnsweringApis\"\r\n      }\r\n    ],\r\n    \"endpoints\": {\r\n      \"Text Analytics\": \"https://csapstestrg1358.cognitiveservices.azure.com/\",\r\n      \"Custom Text Authoring\": \"https://csapstestrg1358.cognitiveservices.azure.com/\",\r\n      \"Conversational Language Understanding Authoring\": \"https://csapstestrg1358.cognitiveservices.azure.com/\",\r\n      \"Custom Question Answering Authoring\": \"https://csapstestrg1358.cognitiveservices.azure.com/\",\r\n      \"Custom Question Answering\": \"https://csapstestrg1358.cognitiveservices.azure.com/\",\r\n      \"ConversationalLURuntime\": \"https://csapstestrg1358.cognitiveservices.azure.com/\",\r\n      \"Language\": \"https://csapstestrg1358.cognitiveservices.azure.com/\",\r\n      \"Language-2022-05-01\": \"https://csapstestrg1358.cognitiveservices.azure.com/\",\r\n      \"QnAMaker\": \"https://csapstestrg1358.cognitiveservices.azure.com/\",\r\n      \"turing\": \"https://csapstestrg1358.cognitiveservices.azure.com/\",\r\n      \"Turing DeepWrite\": \"https://csapstestrg1358.cognitiveservices.azure.com/\",\r\n      \"QuestionAnswering\": \"https://csapstestrg1358.cognitiveservices.azure.com/\",\r\n      \"QuestionAnsweringBizQA\": \"https://csapstestrg1358.cognitiveservices.azure.com/\",\r\n      \"QuestionAnsweringQnAGen\": \"https://csapstestrg1358.cognitiveservices.azure.com/\",\r\n      \"QuestionAnswering Generate\": \"https://csapstestrg1358.cognitiveservices.azure.com/\",\r\n      \"LUIS.Authoring\": \"https://csapstestrg1358.cognitiveservices.azure.com/\",\r\n      \"Container\": \"https://csapstestrg1358.cognitiveservices.azure.com/\"\r\n    }\r\n  },\r\n  \"systemData\": {\r\n    \"createdBy\": \"50841d5f-166a-406c-8472-6800c9698b43\",\r\n    \"createdByType\": \"Application\",\r\n    \"createdAt\": \"2023-06-19T22:30:22.983217Z\",\r\n    \"lastModifiedBy\": \"50841d5f-166a-406c-8472-6800c9698b43\",\r\n    \"lastModifiedByType\": \"Application\",\r\n    \"lastModifiedAt\": \"2023-06-19T22:32:31.8908236Z\"\r\n  }\r\n}",
      "StatusCode": 200
    },
    {
      "RequestUri": "/subscriptions/f9b96b36-1f5e-4021-8959-51527e26e6d3/resourceGroups/pstestrg1358/providers/Microsoft.CognitiveServices/accounts/csapstestrg1358?api-version=2023-05-01",
      "EncodedRequestUri": "L3N1YnNjcmlwdGlvbnMvZjliOTZiMzYtMWY1ZS00MDIxLTg5NTktNTE1MjdlMjZlNmQzL3Jlc291cmNlR3JvdXBzL3BzdGVzdHJnMTM1OC9wcm92aWRlcnMvTWljcm9zb2Z0LkNvZ25pdGl2ZVNlcnZpY2VzL2FjY291bnRzL2NzYXBzdGVzdHJnMTM1OD9hcGktdmVyc2lvbj0yMDIzLTA1LTAx",
      "RequestMethod": "PATCH",
      "RequestHeaders": {
        "x-ms-client-request-id": [
          "cdd3b9af-4df1-4dc3-b91d-d9d3166d72b8"
        ],
        "Accept-Language": [
          "en-US"
        ],
        "User-Agent": [
          "FxVersion/4.700.22.55902",
          "OSName/Windows",
          "OSVersion/Microsoft.Windows.10.0.22621",
          "Microsoft.Azure.Management.CognitiveServices.CognitiveServicesManagementClient/9.0.0.0"
        ],
        "Content-Type": [
          "application/json; charset=utf-8"
        ],
        "Content-Length": [
          "67"
        ]
      },
      "RequestBody": "{\r\n  \"properties\": {\r\n    \"publicNetworkAccess\": \"Disabled\"\r\n  }\r\n}",
      "ResponseHeaders": {
        "Cache-Control": [
          "no-cache"
        ],
        "Pragma": [
          "no-cache"
        ],
        "ETag": [
          "\"4a006e7a-0000-0800-0000-6490d73e0000\""
        ],
        "Location": [
          "https://management.azure.com/subscriptions/f9b96b36-1f5e-4021-8959-51527e26e6d3/providers/Microsoft.CognitiveServices/locations/West%20US%202/operationResults/439c0879-fab6-4dc0-bc6e-e831565cc874?api-version=2017-04-18&operationResultResponseType=Location"
        ],
        "X-Content-Type-Options": [
          "nosniff"
        ],
        "x-ms-request-id": [
          "9f1a4fdd-6bb9-4e71-a24e-917c637f1f8a"
        ],
        "azure-asyncoperation": [
          "https://management.azure.com/subscriptions/f9b96b36-1f5e-4021-8959-51527e26e6d3/providers/Microsoft.CognitiveServices/locations/West US 2/operationResults/439c0879-fab6-4dc0-bc6e-e831565cc874?api-version=2017-04-18"
        ],
        "x-envoy-upstream-service-time": [
          "97"
        ],
        "Server": [
          "istio-envoy"
        ],
        "x-ms-ratelimit-remaining-subscription-writes": [
          "1199"
        ],
        "x-ms-correlation-request-id": [
          "bdddf58a-bd94-4bfc-9798-6d62c3bc5728"
        ],
        "x-ms-routing-request-id": [
          "WESTUS2:20230619T223128Z:bdddf58a-bd94-4bfc-9798-6d62c3bc5728"
        ],
        "Strict-Transport-Security": [
          "max-age=31536000; includeSubDomains"
        ],
        "Date": [
          "Mon, 19 Jun 2023 22:31:28 GMT"
        ],
        "Content-Length": [
          "2919"
        ],
        "Content-Type": [
          "application/json; charset=utf-8"
        ],
        "Expires": [
          "-1"
        ]
      },
      "ResponseBody": "{\r\n  \"id\": \"/subscriptions/f9b96b36-1f5e-4021-8959-51527e26e6d3/resourceGroups/pstestrg1358/providers/Microsoft.CognitiveServices/accounts/csapstestrg1358\",\r\n  \"name\": \"csapstestrg1358\",\r\n  \"type\": \"Microsoft.CognitiveServices/accounts\",\r\n  \"etag\": \"\\\"4a006e7a-0000-0800-0000-6490d73e0000\\\"\",\r\n  \"location\": \"West US 2\",\r\n  \"sku\": {\r\n    \"name\": \"S1\"\r\n  },\r\n  \"kind\": \"TextAnalytics\",\r\n  \"properties\": {\r\n    \"endpoint\": \"https://csapstestrg1358.cognitiveservices.azure.com/\",\r\n    \"provisioningState\": \"Accepted\",\r\n    \"internalId\": \"a245a7998be3452ea2347317940ef189\",\r\n    \"dateCreated\": \"2023-06-19T22:30:23.8764387Z\",\r\n    \"apiProperties\": {\r\n      \"qnaAzureSearchEndpointKey\": null\r\n    },\r\n    \"isMigrated\": false,\r\n    \"customSubDomainName\": \"csapstestrg1358\",\r\n    \"privateEndpointConnections\": [],\r\n    \"publicNetworkAccess\": \"Disabled\",\r\n    \"capabilities\": [\r\n      {\r\n        \"name\": \"VirtualNetworks\"\r\n      },\r\n      {\r\n        \"name\": \"CustomerManagedKey\"\r\n      },\r\n      {\r\n        \"name\": \"Container\",\r\n        \"value\": \"TextAnalytics.*,TextAnalytics.Healthcare,TextAnalytics.HealthcareFhir,TextAnalytics.Keyphrase,TextAnalytics.KeyphraseV2,TextAnalytics.KeyPhraseONNX,TextAnalytics.LanguageFastText,TextAnalytics.Language,TextAnalytics.LanguageV2,TextAnalytics.Sentiment,TextAnalytics.SentimentV2,TextAnalytics.SentimentV3,TextAnalytics.SentimentV3Preview,TextAnalytics.CustomNER,TextAnalytics.textanalyticsdispatcher\"\r\n      },\r\n      {\r\n        \"name\": \"Cloud\",\r\n        \"value\": \"QuestionAnswer.AllApis,LanguageService.QuestionAnsweringApis\"\r\n      }\r\n    ],\r\n    \"endpoints\": {\r\n      \"Text Analytics\": \"https://csapstestrg1358.cognitiveservices.azure.com/\",\r\n      \"Custom Text Authoring\": \"https://csapstestrg1358.cognitiveservices.azure.com/\",\r\n      \"Conversational Language Understanding Authoring\": \"https://csapstestrg1358.cognitiveservices.azure.com/\",\r\n      \"Custom Question Answering Authoring\": \"https://csapstestrg1358.cognitiveservices.azure.com/\",\r\n      \"Custom Question Answering\": \"https://csapstestrg1358.cognitiveservices.azure.com/\",\r\n      \"ConversationalLURuntime\": \"https://csapstestrg1358.cognitiveservices.azure.com/\",\r\n      \"Language\": \"https://csapstestrg1358.cognitiveservices.azure.com/\",\r\n      \"Language-2022-05-01\": \"https://csapstestrg1358.cognitiveservices.azure.com/\",\r\n      \"QnAMaker\": \"https://csapstestrg1358.cognitiveservices.azure.com/\",\r\n      \"turing\": \"https://csapstestrg1358.cognitiveservices.azure.com/\",\r\n      \"Turing DeepWrite\": \"https://csapstestrg1358.cognitiveservices.azure.com/\",\r\n      \"QuestionAnswering\": \"https://csapstestrg1358.cognitiveservices.azure.com/\",\r\n      \"QuestionAnsweringBizQA\": \"https://csapstestrg1358.cognitiveservices.azure.com/\",\r\n      \"QuestionAnsweringQnAGen\": \"https://csapstestrg1358.cognitiveservices.azure.com/\",\r\n      \"QuestionAnswering Generate\": \"https://csapstestrg1358.cognitiveservices.azure.com/\",\r\n      \"LUIS.Authoring\": \"https://csapstestrg1358.cognitiveservices.azure.com/\",\r\n      \"Container\": \"https://csapstestrg1358.cognitiveservices.azure.com/\"\r\n    }\r\n  },\r\n  \"systemData\": {\r\n    \"createdBy\": \"50841d5f-166a-406c-8472-6800c9698b43\",\r\n    \"createdByType\": \"Application\",\r\n    \"createdAt\": \"2023-06-19T22:30:22.983217Z\",\r\n    \"lastModifiedBy\": \"50841d5f-166a-406c-8472-6800c9698b43\",\r\n    \"lastModifiedByType\": \"Application\",\r\n    \"lastModifiedAt\": \"2023-06-19T22:31:26.1235839Z\"\r\n  }\r\n}",
      "StatusCode": 202
    },
    {
      "RequestUri": "/subscriptions/f9b96b36-1f5e-4021-8959-51527e26e6d3/resourceGroups/pstestrg1358/providers/Microsoft.CognitiveServices/accounts/csapstestrg1358?api-version=2023-05-01",
      "EncodedRequestUri": "L3N1YnNjcmlwdGlvbnMvZjliOTZiMzYtMWY1ZS00MDIxLTg5NTktNTE1MjdlMjZlNmQzL3Jlc291cmNlR3JvdXBzL3BzdGVzdHJnMTM1OC9wcm92aWRlcnMvTWljcm9zb2Z0LkNvZ25pdGl2ZVNlcnZpY2VzL2FjY291bnRzL2NzYXBzdGVzdHJnMTM1OD9hcGktdmVyc2lvbj0yMDIzLTA1LTAx",
      "RequestMethod": "PATCH",
      "RequestHeaders": {
        "x-ms-client-request-id": [
          "22c77621-5f87-4efd-84b3-504bb81ef662"
        ],
        "Accept-Language": [
          "en-US"
        ],
        "User-Agent": [
          "FxVersion/4.700.22.55902",
          "OSName/Windows",
          "OSVersion/Microsoft.Windows.10.0.22621",
          "Microsoft.Azure.Management.CognitiveServices.CognitiveServicesManagementClient/9.0.0.0"
        ],
        "Content-Type": [
          "application/json; charset=utf-8"
        ],
        "Content-Length": [
          "66"
        ]
      },
      "RequestBody": "{\r\n  \"properties\": {\r\n    \"publicNetworkAccess\": \"Enabled\"\r\n  }\r\n}",
      "ResponseHeaders": {
        "Cache-Control": [
          "no-cache"
        ],
        "Pragma": [
          "no-cache"
        ],
        "ETag": [
          "\"4a00747a-0000-0800-0000-6490d75e0000\""
        ],
        "Location": [
          "https://management.azure.com/subscriptions/f9b96b36-1f5e-4021-8959-51527e26e6d3/providers/Microsoft.CognitiveServices/locations/West%20US%202/operationResults/8abf4f3a-5ac3-451a-8770-5bc576e42dcc?api-version=2017-04-18&operationResultResponseType=Location"
        ],
        "X-Content-Type-Options": [
          "nosniff"
        ],
        "x-ms-request-id": [
          "688ad590-9fca-48d4-9eb2-bfa432bdf424"
        ],
        "azure-asyncoperation": [
          "https://management.azure.com/subscriptions/f9b96b36-1f5e-4021-8959-51527e26e6d3/providers/Microsoft.CognitiveServices/locations/West US 2/operationResults/8abf4f3a-5ac3-451a-8770-5bc576e42dcc?api-version=2017-04-18"
        ],
        "x-envoy-upstream-service-time": [
          "97"
        ],
        "Server": [
          "istio-envoy"
        ],
        "x-ms-ratelimit-remaining-subscription-writes": [
          "1199"
        ],
        "x-ms-correlation-request-id": [
          "8eb81b04-ad72-46b2-b9c9-05eda0ce5a72"
        ],
        "x-ms-routing-request-id": [
          "WESTUS2:20230619T223201Z:8eb81b04-ad72-46b2-b9c9-05eda0ce5a72"
        ],
        "Strict-Transport-Security": [
          "max-age=31536000; includeSubDomains"
        ],
        "Date": [
          "Mon, 19 Jun 2023 22:32:00 GMT"
        ],
        "Content-Length": [
          "2918"
        ],
        "Content-Type": [
          "application/json; charset=utf-8"
        ],
        "Expires": [
          "-1"
        ]
      },
      "ResponseBody": "{\r\n  \"id\": \"/subscriptions/f9b96b36-1f5e-4021-8959-51527e26e6d3/resourceGroups/pstestrg1358/providers/Microsoft.CognitiveServices/accounts/csapstestrg1358\",\r\n  \"name\": \"csapstestrg1358\",\r\n  \"type\": \"Microsoft.CognitiveServices/accounts\",\r\n  \"etag\": \"\\\"4a00747a-0000-0800-0000-6490d75e0000\\\"\",\r\n  \"location\": \"West US 2\",\r\n  \"sku\": {\r\n    \"name\": \"S1\"\r\n  },\r\n  \"kind\": \"TextAnalytics\",\r\n  \"properties\": {\r\n    \"endpoint\": \"https://csapstestrg1358.cognitiveservices.azure.com/\",\r\n    \"provisioningState\": \"Accepted\",\r\n    \"internalId\": \"a245a7998be3452ea2347317940ef189\",\r\n    \"dateCreated\": \"2023-06-19T22:30:23.8764387Z\",\r\n    \"apiProperties\": {\r\n      \"qnaAzureSearchEndpointKey\": null\r\n    },\r\n    \"isMigrated\": false,\r\n    \"customSubDomainName\": \"csapstestrg1358\",\r\n    \"privateEndpointConnections\": [],\r\n    \"publicNetworkAccess\": \"Enabled\",\r\n    \"capabilities\": [\r\n      {\r\n        \"name\": \"VirtualNetworks\"\r\n      },\r\n      {\r\n        \"name\": \"CustomerManagedKey\"\r\n      },\r\n      {\r\n        \"name\": \"Container\",\r\n        \"value\": \"TextAnalytics.*,TextAnalytics.Healthcare,TextAnalytics.HealthcareFhir,TextAnalytics.Keyphrase,TextAnalytics.KeyphraseV2,TextAnalytics.KeyPhraseONNX,TextAnalytics.LanguageFastText,TextAnalytics.Language,TextAnalytics.LanguageV2,TextAnalytics.Sentiment,TextAnalytics.SentimentV2,TextAnalytics.SentimentV3,TextAnalytics.SentimentV3Preview,TextAnalytics.CustomNER,TextAnalytics.textanalyticsdispatcher\"\r\n      },\r\n      {\r\n        \"name\": \"Cloud\",\r\n        \"value\": \"QuestionAnswer.AllApis,LanguageService.QuestionAnsweringApis\"\r\n      }\r\n    ],\r\n    \"endpoints\": {\r\n      \"Text Analytics\": \"https://csapstestrg1358.cognitiveservices.azure.com/\",\r\n      \"Custom Text Authoring\": \"https://csapstestrg1358.cognitiveservices.azure.com/\",\r\n      \"Conversational Language Understanding Authoring\": \"https://csapstestrg1358.cognitiveservices.azure.com/\",\r\n      \"Custom Question Answering Authoring\": \"https://csapstestrg1358.cognitiveservices.azure.com/\",\r\n      \"Custom Question Answering\": \"https://csapstestrg1358.cognitiveservices.azure.com/\",\r\n      \"ConversationalLURuntime\": \"https://csapstestrg1358.cognitiveservices.azure.com/\",\r\n      \"Language\": \"https://csapstestrg1358.cognitiveservices.azure.com/\",\r\n      \"Language-2022-05-01\": \"https://csapstestrg1358.cognitiveservices.azure.com/\",\r\n      \"QnAMaker\": \"https://csapstestrg1358.cognitiveservices.azure.com/\",\r\n      \"turing\": \"https://csapstestrg1358.cognitiveservices.azure.com/\",\r\n      \"Turing DeepWrite\": \"https://csapstestrg1358.cognitiveservices.azure.com/\",\r\n      \"QuestionAnswering\": \"https://csapstestrg1358.cognitiveservices.azure.com/\",\r\n      \"QuestionAnsweringBizQA\": \"https://csapstestrg1358.cognitiveservices.azure.com/\",\r\n      \"QuestionAnsweringQnAGen\": \"https://csapstestrg1358.cognitiveservices.azure.com/\",\r\n      \"QuestionAnswering Generate\": \"https://csapstestrg1358.cognitiveservices.azure.com/\",\r\n      \"LUIS.Authoring\": \"https://csapstestrg1358.cognitiveservices.azure.com/\",\r\n      \"Container\": \"https://csapstestrg1358.cognitiveservices.azure.com/\"\r\n    }\r\n  },\r\n  \"systemData\": {\r\n    \"createdBy\": \"50841d5f-166a-406c-8472-6800c9698b43\",\r\n    \"createdByType\": \"Application\",\r\n    \"createdAt\": \"2023-06-19T22:30:22.983217Z\",\r\n    \"lastModifiedBy\": \"50841d5f-166a-406c-8472-6800c9698b43\",\r\n    \"lastModifiedByType\": \"Application\",\r\n    \"lastModifiedAt\": \"2023-06-19T22:31:58.9486976Z\"\r\n  }\r\n}",
      "StatusCode": 202
    },
    {
      "RequestUri": "/subscriptions/f9b96b36-1f5e-4021-8959-51527e26e6d3/resourceGroups/pstestrg1358/providers/Microsoft.CognitiveServices/accounts/csapstestrg1358?api-version=2023-05-01",
      "EncodedRequestUri": "L3N1YnNjcmlwdGlvbnMvZjliOTZiMzYtMWY1ZS00MDIxLTg5NTktNTE1MjdlMjZlNmQzL3Jlc291cmNlR3JvdXBzL3BzdGVzdHJnMTM1OC9wcm92aWRlcnMvTWljcm9zb2Z0LkNvZ25pdGl2ZVNlcnZpY2VzL2FjY291bnRzL2NzYXBzdGVzdHJnMTM1OD9hcGktdmVyc2lvbj0yMDIzLTA1LTAx",
      "RequestMethod": "PATCH",
      "RequestHeaders": {
        "x-ms-client-request-id": [
          "bf2e61e5-378f-4226-81d8-ad1e6768b019"
        ],
        "Accept-Language": [
          "en-US"
        ],
        "User-Agent": [
          "FxVersion/4.700.22.55902",
          "OSName/Windows",
          "OSVersion/Microsoft.Windows.10.0.22621",
          "Microsoft.Azure.Management.CognitiveServices.CognitiveServicesManagementClient/9.0.0.0"
        ],
        "Content-Type": [
          "application/json; charset=utf-8"
        ],
        "Content-Length": [
          "66"
        ]
      },
      "RequestBody": "{\r\n  \"properties\": {\r\n    \"publicNetworkAccess\": \"Enabled\"\r\n  }\r\n}",
      "ResponseHeaders": {
        "Cache-Control": [
          "no-cache"
        ],
        "Pragma": [
          "no-cache"
        ],
        "ETag": [
          "\"4a00897a-0000-0800-0000-6490d77f0000\""
        ],
        "Location": [
          "https://management.azure.com/subscriptions/f9b96b36-1f5e-4021-8959-51527e26e6d3/providers/Microsoft.CognitiveServices/locations/West%20US%202/operationResults/739da14e-bf6b-4fbc-8b26-08696b2c78a6?api-version=2017-04-18&operationResultResponseType=Location"
        ],
        "X-Content-Type-Options": [
          "nosniff"
        ],
        "x-ms-request-id": [
          "11568de0-46c0-40cc-a5b5-1316e9b145cf"
        ],
        "azure-asyncoperation": [
          "https://management.azure.com/subscriptions/f9b96b36-1f5e-4021-8959-51527e26e6d3/providers/Microsoft.CognitiveServices/locations/West US 2/operationResults/739da14e-bf6b-4fbc-8b26-08696b2c78a6?api-version=2017-04-18"
        ],
        "x-envoy-upstream-service-time": [
          "148"
        ],
        "Server": [
          "istio-envoy"
        ],
        "x-ms-ratelimit-remaining-subscription-writes": [
          "1199"
        ],
        "x-ms-correlation-request-id": [
          "3c643ab3-f229-494f-9682-cfde90f3162a"
        ],
        "x-ms-routing-request-id": [
          "WESTUS2:20230619T223234Z:3c643ab3-f229-494f-9682-cfde90f3162a"
        ],
        "Strict-Transport-Security": [
          "max-age=31536000; includeSubDomains"
        ],
        "Date": [
          "Mon, 19 Jun 2023 22:32:33 GMT"
        ],
        "Content-Length": [
          "2918"
        ],
        "Content-Type": [
          "application/json; charset=utf-8"
        ],
        "Expires": [
          "-1"
        ]
      },
      "ResponseBody": "{\r\n  \"id\": \"/subscriptions/f9b96b36-1f5e-4021-8959-51527e26e6d3/resourceGroups/pstestrg1358/providers/Microsoft.CognitiveServices/accounts/csapstestrg1358\",\r\n  \"name\": \"csapstestrg1358\",\r\n  \"type\": \"Microsoft.CognitiveServices/accounts\",\r\n  \"etag\": \"\\\"4a00897a-0000-0800-0000-6490d77f0000\\\"\",\r\n  \"location\": \"West US 2\",\r\n  \"sku\": {\r\n    \"name\": \"S1\"\r\n  },\r\n  \"kind\": \"TextAnalytics\",\r\n  \"properties\": {\r\n    \"endpoint\": \"https://csapstestrg1358.cognitiveservices.azure.com/\",\r\n    \"provisioningState\": \"Accepted\",\r\n    \"internalId\": \"a245a7998be3452ea2347317940ef189\",\r\n    \"dateCreated\": \"2023-06-19T22:30:23.8764387Z\",\r\n    \"apiProperties\": {\r\n      \"qnaAzureSearchEndpointKey\": null\r\n    },\r\n    \"isMigrated\": false,\r\n    \"customSubDomainName\": \"csapstestrg1358\",\r\n    \"privateEndpointConnections\": [],\r\n    \"publicNetworkAccess\": \"Enabled\",\r\n    \"capabilities\": [\r\n      {\r\n        \"name\": \"VirtualNetworks\"\r\n      },\r\n      {\r\n        \"name\": \"CustomerManagedKey\"\r\n      },\r\n      {\r\n        \"name\": \"Container\",\r\n        \"value\": \"TextAnalytics.*,TextAnalytics.Healthcare,TextAnalytics.HealthcareFhir,TextAnalytics.Keyphrase,TextAnalytics.KeyphraseV2,TextAnalytics.KeyPhraseONNX,TextAnalytics.LanguageFastText,TextAnalytics.Language,TextAnalytics.LanguageV2,TextAnalytics.Sentiment,TextAnalytics.SentimentV2,TextAnalytics.SentimentV3,TextAnalytics.SentimentV3Preview,TextAnalytics.CustomNER,TextAnalytics.textanalyticsdispatcher\"\r\n      },\r\n      {\r\n        \"name\": \"Cloud\",\r\n        \"value\": \"QuestionAnswer.AllApis,LanguageService.QuestionAnsweringApis\"\r\n      }\r\n    ],\r\n    \"endpoints\": {\r\n      \"Text Analytics\": \"https://csapstestrg1358.cognitiveservices.azure.com/\",\r\n      \"Custom Text Authoring\": \"https://csapstestrg1358.cognitiveservices.azure.com/\",\r\n      \"Conversational Language Understanding Authoring\": \"https://csapstestrg1358.cognitiveservices.azure.com/\",\r\n      \"Custom Question Answering Authoring\": \"https://csapstestrg1358.cognitiveservices.azure.com/\",\r\n      \"Custom Question Answering\": \"https://csapstestrg1358.cognitiveservices.azure.com/\",\r\n      \"ConversationalLURuntime\": \"https://csapstestrg1358.cognitiveservices.azure.com/\",\r\n      \"Language\": \"https://csapstestrg1358.cognitiveservices.azure.com/\",\r\n      \"Language-2022-05-01\": \"https://csapstestrg1358.cognitiveservices.azure.com/\",\r\n      \"QnAMaker\": \"https://csapstestrg1358.cognitiveservices.azure.com/\",\r\n      \"turing\": \"https://csapstestrg1358.cognitiveservices.azure.com/\",\r\n      \"Turing DeepWrite\": \"https://csapstestrg1358.cognitiveservices.azure.com/\",\r\n      \"QuestionAnswering\": \"https://csapstestrg1358.cognitiveservices.azure.com/\",\r\n      \"QuestionAnsweringBizQA\": \"https://csapstestrg1358.cognitiveservices.azure.com/\",\r\n      \"QuestionAnsweringQnAGen\": \"https://csapstestrg1358.cognitiveservices.azure.com/\",\r\n      \"QuestionAnswering Generate\": \"https://csapstestrg1358.cognitiveservices.azure.com/\",\r\n      \"LUIS.Authoring\": \"https://csapstestrg1358.cognitiveservices.azure.com/\",\r\n      \"Container\": \"https://csapstestrg1358.cognitiveservices.azure.com/\"\r\n    }\r\n  },\r\n  \"systemData\": {\r\n    \"createdBy\": \"50841d5f-166a-406c-8472-6800c9698b43\",\r\n    \"createdByType\": \"Application\",\r\n    \"createdAt\": \"2023-06-19T22:30:22.983217Z\",\r\n    \"lastModifiedBy\": \"50841d5f-166a-406c-8472-6800c9698b43\",\r\n    \"lastModifiedByType\": \"Application\",\r\n    \"lastModifiedAt\": \"2023-06-19T22:32:31.8908236Z\"\r\n  }\r\n}",
      "StatusCode": 202
    },
    {
      "RequestUri": "/subscriptions/f9b96b36-1f5e-4021-8959-51527e26e6d3/providers/Microsoft.CognitiveServices/locations/West%20US%202/operationResults/439c0879-fab6-4dc0-bc6e-e831565cc874?api-version=2017-04-18",
      "EncodedRequestUri": "L3N1YnNjcmlwdGlvbnMvZjliOTZiMzYtMWY1ZS00MDIxLTg5NTktNTE1MjdlMjZlNmQzL3Byb3ZpZGVycy9NaWNyb3NvZnQuQ29nbml0aXZlU2VydmljZXMvbG9jYXRpb25zL1dlc3QlMjBVUyUyMDIvb3BlcmF0aW9uUmVzdWx0cy80MzljMDg3OS1mYWI2LTRkYzAtYmM2ZS1lODMxNTY1Y2M4NzQ/YXBpLXZlcnNpb249MjAxNy0wNC0xOA==",
      "RequestMethod": "GET",
      "RequestHeaders": {
        "x-ms-client-request-id": [
          "cdd3b9af-4df1-4dc3-b91d-d9d3166d72b8"
        ],
        "User-Agent": [
          "FxVersion/4.700.22.55902",
          "OSName/Windows",
          "OSVersion/Microsoft.Windows.10.0.22621",
          "Microsoft.Azure.Management.CognitiveServices.CognitiveServicesManagementClient/9.0.0.0"
        ]
      },
      "RequestBody": "",
      "ResponseHeaders": {
        "Cache-Control": [
          "no-cache"
        ],
        "Pragma": [
          "no-cache"
        ],
        "X-Content-Type-Options": [
          "nosniff"
        ],
        "x-ms-request-id": [
          "4d3807b2-8303-4602-b704-665a7f0ad577"
        ],
        "x-envoy-upstream-service-time": [
          "6"
        ],
        "Server": [
          "istio-envoy"
        ],
        "x-ms-ratelimit-remaining-subscription-reads": [
          "11999"
        ],
        "x-ms-correlation-request-id": [
          "62e632b7-6a96-4d43-a35d-737b044282c2"
        ],
        "x-ms-routing-request-id": [
          "WESTUS2:20230619T223158Z:62e632b7-6a96-4d43-a35d-737b044282c2"
        ],
        "Strict-Transport-Security": [
          "max-age=31536000; includeSubDomains"
        ],
        "Date": [
          "Mon, 19 Jun 2023 22:31:57 GMT"
        ],
        "Content-Length": [
          "307"
        ],
        "Content-Type": [
          "application/json; charset=utf-8"
        ],
        "Expires": [
          "-1"
        ]
      },
      "ResponseBody": "{\r\n  \"id\": \"/subscriptions/f9b96b36-1f5e-4021-8959-51527e26e6d3/providers/Microsoft.CognitiveServices/locations/West US 2/operationResults/439c0879-fab6-4dc0-bc6e-e831565cc874\",\r\n  \"name\": \"439c0879-fab6-4dc0-bc6e-e831565cc874\",\r\n  \"status\": \"Succeeded\",\r\n  \"startTime\": \"2023-06-19T22:31:26Z\",\r\n  \"endTime\": \"2023-06-19T22:31:57Z\"\r\n}",
      "StatusCode": 200
    },
    {
      "RequestUri": "/subscriptions/f9b96b36-1f5e-4021-8959-51527e26e6d3/providers/Microsoft.CognitiveServices/locations/West%20US%202/operationResults/8abf4f3a-5ac3-451a-8770-5bc576e42dcc?api-version=2017-04-18",
      "EncodedRequestUri": "L3N1YnNjcmlwdGlvbnMvZjliOTZiMzYtMWY1ZS00MDIxLTg5NTktNTE1MjdlMjZlNmQzL3Byb3ZpZGVycy9NaWNyb3NvZnQuQ29nbml0aXZlU2VydmljZXMvbG9jYXRpb25zL1dlc3QlMjBVUyUyMDIvb3BlcmF0aW9uUmVzdWx0cy84YWJmNGYzYS01YWMzLTQ1MWEtODc3MC01YmM1NzZlNDJkY2M/YXBpLXZlcnNpb249MjAxNy0wNC0xOA==",
      "RequestMethod": "GET",
      "RequestHeaders": {
        "x-ms-client-request-id": [
          "22c77621-5f87-4efd-84b3-504bb81ef662"
        ],
        "User-Agent": [
          "FxVersion/4.700.22.55902",
          "OSName/Windows",
          "OSVersion/Microsoft.Windows.10.0.22621",
          "Microsoft.Azure.Management.CognitiveServices.CognitiveServicesManagementClient/9.0.0.0"
        ]
      },
      "RequestBody": "",
      "ResponseHeaders": {
        "Cache-Control": [
          "no-cache"
        ],
        "Pragma": [
          "no-cache"
        ],
        "X-Content-Type-Options": [
          "nosniff"
        ],
        "x-ms-request-id": [
          "9fb079e4-fea0-4193-a717-8b5050192dbe"
        ],
        "x-envoy-upstream-service-time": [
          "6"
        ],
        "Server": [
          "istio-envoy"
        ],
        "x-ms-ratelimit-remaining-subscription-reads": [
          "11999"
        ],
        "x-ms-correlation-request-id": [
          "58feec7e-4d2d-4db8-9c55-f0bb6244eda9"
        ],
        "x-ms-routing-request-id": [
          "WESTUS2:20230619T223231Z:58feec7e-4d2d-4db8-9c55-f0bb6244eda9"
        ],
        "Strict-Transport-Security": [
          "max-age=31536000; includeSubDomains"
        ],
        "Date": [
          "Mon, 19 Jun 2023 22:32:30 GMT"
        ],
        "Content-Length": [
          "307"
        ],
        "Content-Type": [
          "application/json; charset=utf-8"
        ],
        "Expires": [
          "-1"
        ]
      },
      "ResponseBody": "{\r\n  \"id\": \"/subscriptions/f9b96b36-1f5e-4021-8959-51527e26e6d3/providers/Microsoft.CognitiveServices/locations/West US 2/operationResults/8abf4f3a-5ac3-451a-8770-5bc576e42dcc\",\r\n  \"name\": \"8abf4f3a-5ac3-451a-8770-5bc576e42dcc\",\r\n  \"status\": \"Succeeded\",\r\n  \"startTime\": \"2023-06-19T22:31:59Z\",\r\n  \"endTime\": \"2023-06-19T22:32:30Z\"\r\n}",
      "StatusCode": 200
    },
    {
      "RequestUri": "/subscriptions/f9b96b36-1f5e-4021-8959-51527e26e6d3/providers/Microsoft.CognitiveServices/locations/West%20US%202/operationResults/739da14e-bf6b-4fbc-8b26-08696b2c78a6?api-version=2017-04-18",
      "EncodedRequestUri": "L3N1YnNjcmlwdGlvbnMvZjliOTZiMzYtMWY1ZS00MDIxLTg5NTktNTE1MjdlMjZlNmQzL3Byb3ZpZGVycy9NaWNyb3NvZnQuQ29nbml0aXZlU2VydmljZXMvbG9jYXRpb25zL1dlc3QlMjBVUyUyMDIvb3BlcmF0aW9uUmVzdWx0cy83MzlkYTE0ZS1iZjZiLTRmYmMtOGIyNi0wODY5NmIyYzc4YTY/YXBpLXZlcnNpb249MjAxNy0wNC0xOA==",
      "RequestMethod": "GET",
      "RequestHeaders": {
        "x-ms-client-request-id": [
          "bf2e61e5-378f-4226-81d8-ad1e6768b019"
        ],
        "User-Agent": [
          "FxVersion/4.700.22.55902",
          "OSName/Windows",
          "OSVersion/Microsoft.Windows.10.0.22621",
          "Microsoft.Azure.Management.CognitiveServices.CognitiveServicesManagementClient/9.0.0.0"
        ]
      },
      "RequestBody": "",
      "ResponseHeaders": {
        "Cache-Control": [
          "no-cache"
        ],
        "Pragma": [
          "no-cache"
        ],
        "X-Content-Type-Options": [
          "nosniff"
        ],
        "x-ms-request-id": [
          "100a8229-712c-4b27-9e03-59aec8d96e79"
        ],
        "x-envoy-upstream-service-time": [
          "6"
        ],
        "Server": [
          "istio-envoy"
        ],
        "x-ms-ratelimit-remaining-subscription-reads": [
          "11999"
        ],
        "x-ms-correlation-request-id": [
          "618a48b7-ad88-4853-b4f7-afc28336f974"
        ],
        "x-ms-routing-request-id": [
          "WESTUS2:20230619T223304Z:618a48b7-ad88-4853-b4f7-afc28336f974"
        ],
        "Strict-Transport-Security": [
          "max-age=31536000; includeSubDomains"
        ],
        "Date": [
          "Mon, 19 Jun 2023 22:33:04 GMT"
        ],
        "Content-Length": [
          "307"
        ],
        "Content-Type": [
          "application/json; charset=utf-8"
        ],
        "Expires": [
          "-1"
        ]
      },
      "ResponseBody": "{\r\n  \"id\": \"/subscriptions/f9b96b36-1f5e-4021-8959-51527e26e6d3/providers/Microsoft.CognitiveServices/locations/West US 2/operationResults/739da14e-bf6b-4fbc-8b26-08696b2c78a6\",\r\n  \"name\": \"739da14e-bf6b-4fbc-8b26-08696b2c78a6\",\r\n  \"status\": \"Succeeded\",\r\n  \"startTime\": \"2023-06-19T22:32:32Z\",\r\n  \"endTime\": \"2023-06-19T22:33:03Z\"\r\n}",
      "StatusCode": 200
    },
    {
      "RequestUri": "/subscriptions/f9b96b36-1f5e-4021-8959-51527e26e6d3/resourcegroups/pstestrg1358?api-version=2016-09-01",
      "EncodedRequestUri": "L3N1YnNjcmlwdGlvbnMvZjliOTZiMzYtMWY1ZS00MDIxLTg5NTktNTE1MjdlMjZlNmQzL3Jlc291cmNlZ3JvdXBzL3BzdGVzdHJnMTM1OD9hcGktdmVyc2lvbj0yMDE2LTA5LTAx",
      "RequestMethod": "DELETE",
      "RequestHeaders": {
        "x-ms-client-request-id": [
          "6c096a9c-9960-468c-81f1-37c81e2f2900"
        ],
        "Accept-Language": [
          "en-US"
        ],
        "User-Agent": [
          "FxVersion/4.700.22.55902",
          "OSName/Windows",
          "OSVersion/Microsoft.Windows.10.0.22621",
          "Microsoft.Azure.Management.Internal.Resources.ResourceManagementClient/1.3.76"
        ]
      },
      "RequestBody": "",
      "ResponseHeaders": {
        "Cache-Control": [
          "no-cache"
        ],
        "Pragma": [
          "no-cache"
        ],
        "Location": [
          "https://management.azure.com/subscriptions/f9b96b36-1f5e-4021-8959-51527e26e6d3/operationresults/eyJqb2JJZCI6IlJFU09VUkNFR1JPVVBERUxFVElPTkpPQi1QU1RFU1RSRzEzNTgtV0VTVFVTMiIsImpvYkxvY2F0aW9uIjoid2VzdHVzMiJ9?api-version=2016-09-01"
        ],
        "Retry-After": [
          "15"
        ],
        "x-ms-ratelimit-remaining-subscription-deletes": [
          "14999"
        ],
        "x-ms-request-id": [
          "1539e37a-d0a0-43a3-9a81-1b9947ddddb5"
        ],
        "x-ms-correlation-request-id": [
          "1539e37a-d0a0-43a3-9a81-1b9947ddddb5"
        ],
        "x-ms-routing-request-id": [
          "WESTUS2:20230619T223304Z:1539e37a-d0a0-43a3-9a81-1b9947ddddb5"
        ],
        "Strict-Transport-Security": [
          "max-age=31536000; includeSubDomains"
        ],
        "X-Content-Type-Options": [
          "nosniff"
        ],
        "Date": [
          "Mon, 19 Jun 2023 22:33:04 GMT"
        ],
        "Expires": [
          "-1"
        ],
        "Content-Length": [
          "0"
        ]
      },
      "ResponseBody": "",
      "StatusCode": 202
    },
    {
      "RequestUri": "/subscriptions/f9b96b36-1f5e-4021-8959-51527e26e6d3/operationresults/eyJqb2JJZCI6IlJFU09VUkNFR1JPVVBERUxFVElPTkpPQi1QU1RFU1RSRzEzNTgtV0VTVFVTMiIsImpvYkxvY2F0aW9uIjoid2VzdHVzMiJ9?api-version=2016-09-01",
      "EncodedRequestUri": "L3N1YnNjcmlwdGlvbnMvZjliOTZiMzYtMWY1ZS00MDIxLTg5NTktNTE1MjdlMjZlNmQzL29wZXJhdGlvbnJlc3VsdHMvZXlKcWIySkpaQ0k2SWxKRlUwOVZVa05GUjFKUFZWQkVSVXhGVkVsUFRrcFBRaTFRVTFSRlUxUlNSekV6TlRndFYwVlRWRlZUTWlJc0ltcHZZa3h2WTJGMGFXOXVJam9pZDJWemRIVnpNaUo5P2FwaS12ZXJzaW9uPTIwMTYtMDktMDE=",
      "RequestMethod": "GET",
      "RequestHeaders": {
        "User-Agent": [
          "FxVersion/4.700.22.55902",
          "OSName/Windows",
          "OSVersion/Microsoft.Windows.10.0.22621",
          "Microsoft.Azure.Management.Internal.Resources.ResourceManagementClient/1.3.76"
        ]
      },
      "RequestBody": "",
      "ResponseHeaders": {
        "Cache-Control": [
          "no-cache"
        ],
        "Pragma": [
          "no-cache"
        ],
        "Location": [
          "https://management.azure.com/subscriptions/f9b96b36-1f5e-4021-8959-51527e26e6d3/operationresults/eyJqb2JJZCI6IlJFU09VUkNFR1JPVVBERUxFVElPTkpPQi1QU1RFU1RSRzEzNTgtV0VTVFVTMiIsImpvYkxvY2F0aW9uIjoid2VzdHVzMiJ9?api-version=2016-09-01"
        ],
        "Retry-After": [
          "15"
        ],
        "x-ms-ratelimit-remaining-subscription-reads": [
          "11999"
        ],
        "x-ms-request-id": [
          "d09dfdc9-1f62-43e5-9c49-9dabbe94f4db"
        ],
        "x-ms-correlation-request-id": [
          "d09dfdc9-1f62-43e5-9c49-9dabbe94f4db"
        ],
        "x-ms-routing-request-id": [
          "WESTUS2:20230619T223320Z:d09dfdc9-1f62-43e5-9c49-9dabbe94f4db"
        ],
        "Strict-Transport-Security": [
          "max-age=31536000; includeSubDomains"
        ],
        "X-Content-Type-Options": [
          "nosniff"
        ],
        "Date": [
          "Mon, 19 Jun 2023 22:33:19 GMT"
        ],
        "Expires": [
          "-1"
        ],
        "Content-Length": [
          "0"
        ]
      },
      "ResponseBody": "",
      "StatusCode": 202
    },
    {
      "RequestUri": "/subscriptions/f9b96b36-1f5e-4021-8959-51527e26e6d3/operationresults/eyJqb2JJZCI6IlJFU09VUkNFR1JPVVBERUxFVElPTkpPQi1QU1RFU1RSRzEzNTgtV0VTVFVTMiIsImpvYkxvY2F0aW9uIjoid2VzdHVzMiJ9?api-version=2016-09-01",
      "EncodedRequestUri": "L3N1YnNjcmlwdGlvbnMvZjliOTZiMzYtMWY1ZS00MDIxLTg5NTktNTE1MjdlMjZlNmQzL29wZXJhdGlvbnJlc3VsdHMvZXlKcWIySkpaQ0k2SWxKRlUwOVZVa05GUjFKUFZWQkVSVXhGVkVsUFRrcFBRaTFRVTFSRlUxUlNSekV6TlRndFYwVlRWRlZUTWlJc0ltcHZZa3h2WTJGMGFXOXVJam9pZDJWemRIVnpNaUo5P2FwaS12ZXJzaW9uPTIwMTYtMDktMDE=",
      "RequestMethod": "GET",
      "RequestHeaders": {
        "User-Agent": [
          "FxVersion/4.700.22.55902",
          "OSName/Windows",
          "OSVersion/Microsoft.Windows.10.0.22621",
          "Microsoft.Azure.Management.Internal.Resources.ResourceManagementClient/1.3.76"
        ]
      },
      "RequestBody": "",
      "ResponseHeaders": {
        "Cache-Control": [
          "no-cache"
        ],
        "Pragma": [
          "no-cache"
        ],
        "Location": [
          "https://management.azure.com/subscriptions/f9b96b36-1f5e-4021-8959-51527e26e6d3/operationresults/eyJqb2JJZCI6IlJFU09VUkNFR1JPVVBERUxFVElPTkpPQi1QU1RFU1RSRzEzNTgtV0VTVFVTMiIsImpvYkxvY2F0aW9uIjoid2VzdHVzMiJ9?api-version=2016-09-01"
        ],
        "Retry-After": [
          "15"
        ],
        "x-ms-ratelimit-remaining-subscription-reads": [
          "11998"
        ],
        "x-ms-request-id": [
          "c85cc7f1-528c-47cd-af63-d8404c9c87ca"
        ],
        "x-ms-correlation-request-id": [
          "c85cc7f1-528c-47cd-af63-d8404c9c87ca"
        ],
        "x-ms-routing-request-id": [
          "WESTUS2:20230619T223335Z:c85cc7f1-528c-47cd-af63-d8404c9c87ca"
        ],
        "Strict-Transport-Security": [
          "max-age=31536000; includeSubDomains"
        ],
        "X-Content-Type-Options": [
          "nosniff"
        ],
        "Date": [
          "Mon, 19 Jun 2023 22:33:35 GMT"
        ],
        "Expires": [
          "-1"
        ],
        "Content-Length": [
          "0"
        ]
      },
      "ResponseBody": "",
      "StatusCode": 202
    },
    {
      "RequestUri": "/subscriptions/f9b96b36-1f5e-4021-8959-51527e26e6d3/operationresults/eyJqb2JJZCI6IlJFU09VUkNFR1JPVVBERUxFVElPTkpPQi1QU1RFU1RSRzEzNTgtV0VTVFVTMiIsImpvYkxvY2F0aW9uIjoid2VzdHVzMiJ9?api-version=2016-09-01",
      "EncodedRequestUri": "L3N1YnNjcmlwdGlvbnMvZjliOTZiMzYtMWY1ZS00MDIxLTg5NTktNTE1MjdlMjZlNmQzL29wZXJhdGlvbnJlc3VsdHMvZXlKcWIySkpaQ0k2SWxKRlUwOVZVa05GUjFKUFZWQkVSVXhGVkVsUFRrcFBRaTFRVTFSRlUxUlNSekV6TlRndFYwVlRWRlZUTWlJc0ltcHZZa3h2WTJGMGFXOXVJam9pZDJWemRIVnpNaUo5P2FwaS12ZXJzaW9uPTIwMTYtMDktMDE=",
      "RequestMethod": "GET",
      "RequestHeaders": {
        "User-Agent": [
          "FxVersion/4.700.22.55902",
          "OSName/Windows",
          "OSVersion/Microsoft.Windows.10.0.22621",
          "Microsoft.Azure.Management.Internal.Resources.ResourceManagementClient/1.3.76"
        ]
      },
      "RequestBody": "",
      "ResponseHeaders": {
        "Cache-Control": [
          "no-cache"
        ],
        "Pragma": [
          "no-cache"
        ],
        "Location": [
          "https://management.azure.com/subscriptions/f9b96b36-1f5e-4021-8959-51527e26e6d3/operationresults/eyJqb2JJZCI6IlJFU09VUkNFR1JPVVBERUxFVElPTkpPQi1QU1RFU1RSRzEzNTgtV0VTVFVTMiIsImpvYkxvY2F0aW9uIjoid2VzdHVzMiJ9?api-version=2016-09-01"
        ],
        "Retry-After": [
          "15"
        ],
        "x-ms-ratelimit-remaining-subscription-reads": [
          "11997"
        ],
        "x-ms-request-id": [
          "25441e97-f00a-4aad-8df5-127acca7ec99"
        ],
        "x-ms-correlation-request-id": [
          "25441e97-f00a-4aad-8df5-127acca7ec99"
        ],
        "x-ms-routing-request-id": [
          "WESTUS2:20230619T223350Z:25441e97-f00a-4aad-8df5-127acca7ec99"
        ],
        "Strict-Transport-Security": [
          "max-age=31536000; includeSubDomains"
        ],
        "X-Content-Type-Options": [
          "nosniff"
        ],
        "Date": [
          "Mon, 19 Jun 2023 22:33:50 GMT"
        ],
        "Expires": [
          "-1"
        ],
        "Content-Length": [
          "0"
        ]
      },
      "ResponseBody": "",
      "StatusCode": 202
    },
    {
      "RequestUri": "/subscriptions/f9b96b36-1f5e-4021-8959-51527e26e6d3/operationresults/eyJqb2JJZCI6IlJFU09VUkNFR1JPVVBERUxFVElPTkpPQi1QU1RFU1RSRzEzNTgtV0VTVFVTMiIsImpvYkxvY2F0aW9uIjoid2VzdHVzMiJ9?api-version=2016-09-01",
      "EncodedRequestUri": "L3N1YnNjcmlwdGlvbnMvZjliOTZiMzYtMWY1ZS00MDIxLTg5NTktNTE1MjdlMjZlNmQzL29wZXJhdGlvbnJlc3VsdHMvZXlKcWIySkpaQ0k2SWxKRlUwOVZVa05GUjFKUFZWQkVSVXhGVkVsUFRrcFBRaTFRVTFSRlUxUlNSekV6TlRndFYwVlRWRlZUTWlJc0ltcHZZa3h2WTJGMGFXOXVJam9pZDJWemRIVnpNaUo5P2FwaS12ZXJzaW9uPTIwMTYtMDktMDE=",
      "RequestMethod": "GET",
      "RequestHeaders": {
        "User-Agent": [
          "FxVersion/4.700.22.55902",
          "OSName/Windows",
          "OSVersion/Microsoft.Windows.10.0.22621",
          "Microsoft.Azure.Management.Internal.Resources.ResourceManagementClient/1.3.76"
        ]
      },
      "RequestBody": "",
      "ResponseHeaders": {
        "Cache-Control": [
          "no-cache"
        ],
        "Pragma": [
          "no-cache"
        ],
        "Location": [
          "https://management.azure.com/subscriptions/f9b96b36-1f5e-4021-8959-51527e26e6d3/operationresults/eyJqb2JJZCI6IlJFU09VUkNFR1JPVVBERUxFVElPTkpPQi1QU1RFU1RSRzEzNTgtV0VTVFVTMiIsImpvYkxvY2F0aW9uIjoid2VzdHVzMiJ9?api-version=2016-09-01"
        ],
        "Retry-After": [
          "15"
        ],
        "x-ms-ratelimit-remaining-subscription-reads": [
          "11996"
        ],
        "x-ms-request-id": [
          "25a05c83-79ae-40e9-a234-f95a9710068a"
        ],
        "x-ms-correlation-request-id": [
          "25a05c83-79ae-40e9-a234-f95a9710068a"
        ],
        "x-ms-routing-request-id": [
          "WESTUS2:20230619T223405Z:25a05c83-79ae-40e9-a234-f95a9710068a"
        ],
        "Strict-Transport-Security": [
          "max-age=31536000; includeSubDomains"
        ],
        "X-Content-Type-Options": [
          "nosniff"
        ],
        "Date": [
          "Mon, 19 Jun 2023 22:34:05 GMT"
        ],
        "Expires": [
          "-1"
        ],
        "Content-Length": [
          "0"
        ]
      },
      "ResponseBody": "",
      "StatusCode": 202
    },
    {
      "RequestUri": "/subscriptions/f9b96b36-1f5e-4021-8959-51527e26e6d3/operationresults/eyJqb2JJZCI6IlJFU09VUkNFR1JPVVBERUxFVElPTkpPQi1QU1RFU1RSRzEzNTgtV0VTVFVTMiIsImpvYkxvY2F0aW9uIjoid2VzdHVzMiJ9?api-version=2016-09-01",
      "EncodedRequestUri": "L3N1YnNjcmlwdGlvbnMvZjliOTZiMzYtMWY1ZS00MDIxLTg5NTktNTE1MjdlMjZlNmQzL29wZXJhdGlvbnJlc3VsdHMvZXlKcWIySkpaQ0k2SWxKRlUwOVZVa05GUjFKUFZWQkVSVXhGVkVsUFRrcFBRaTFRVTFSRlUxUlNSekV6TlRndFYwVlRWRlZUTWlJc0ltcHZZa3h2WTJGMGFXOXVJam9pZDJWemRIVnpNaUo5P2FwaS12ZXJzaW9uPTIwMTYtMDktMDE=",
      "RequestMethod": "GET",
      "RequestHeaders": {
        "User-Agent": [
          "FxVersion/4.700.22.55902",
          "OSName/Windows",
          "OSVersion/Microsoft.Windows.10.0.22621",
          "Microsoft.Azure.Management.Internal.Resources.ResourceManagementClient/1.3.76"
        ]
      },
      "RequestBody": "",
      "ResponseHeaders": {
        "Cache-Control": [
          "no-cache"
        ],
        "Pragma": [
          "no-cache"
        ],
        "x-ms-ratelimit-remaining-subscription-reads": [
          "11995"
        ],
        "x-ms-request-id": [
          "a1850d53-f6c3-43c0-be8d-54fc0a7ec278"
        ],
        "x-ms-correlation-request-id": [
          "a1850d53-f6c3-43c0-be8d-54fc0a7ec278"
        ],
        "x-ms-routing-request-id": [
          "WESTUS2:20230619T223420Z:a1850d53-f6c3-43c0-be8d-54fc0a7ec278"
        ],
        "Strict-Transport-Security": [
          "max-age=31536000; includeSubDomains"
        ],
        "X-Content-Type-Options": [
          "nosniff"
        ],
        "Date": [
          "Mon, 19 Jun 2023 22:34:19 GMT"
        ],
        "Expires": [
          "-1"
        ],
        "Content-Length": [
          "0"
        ]
      },
      "ResponseBody": "",
      "StatusCode": 200
    },
    {
      "RequestUri": "/subscriptions/f9b96b36-1f5e-4021-8959-51527e26e6d3/operationresults/eyJqb2JJZCI6IlJFU09VUkNFR1JPVVBERUxFVElPTkpPQi1QU1RFU1RSRzEzNTgtV0VTVFVTMiIsImpvYkxvY2F0aW9uIjoid2VzdHVzMiJ9?api-version=2016-09-01",
      "EncodedRequestUri": "L3N1YnNjcmlwdGlvbnMvZjliOTZiMzYtMWY1ZS00MDIxLTg5NTktNTE1MjdlMjZlNmQzL29wZXJhdGlvbnJlc3VsdHMvZXlKcWIySkpaQ0k2SWxKRlUwOVZVa05GUjFKUFZWQkVSVXhGVkVsUFRrcFBRaTFRVTFSRlUxUlNSekV6TlRndFYwVlRWRlZUTWlJc0ltcHZZa3h2WTJGMGFXOXVJam9pZDJWemRIVnpNaUo5P2FwaS12ZXJzaW9uPTIwMTYtMDktMDE=",
      "RequestMethod": "GET",
      "RequestHeaders": {
        "User-Agent": [
          "FxVersion/4.700.22.55902",
          "OSName/Windows",
          "OSVersion/Microsoft.Windows.10.0.22621",
          "Microsoft.Azure.Management.Internal.Resources.ResourceManagementClient/1.3.76"
        ]
      },
      "RequestBody": "",
      "ResponseHeaders": {
        "Cache-Control": [
          "no-cache"
        ],
        "Pragma": [
          "no-cache"
        ],
        "x-ms-ratelimit-remaining-subscription-reads": [
          "11994"
        ],
        "x-ms-request-id": [
          "556bf925-c9c3-4ddb-9798-8c500668c66a"
        ],
        "x-ms-correlation-request-id": [
          "556bf925-c9c3-4ddb-9798-8c500668c66a"
        ],
        "x-ms-routing-request-id": [
          "WESTUS2:20230619T223420Z:556bf925-c9c3-4ddb-9798-8c500668c66a"
        ],
        "Strict-Transport-Security": [
          "max-age=31536000; includeSubDomains"
        ],
        "X-Content-Type-Options": [
          "nosniff"
        ],
        "Date": [
          "Mon, 19 Jun 2023 22:34:19 GMT"
        ],
        "Expires": [
          "-1"
        ],
        "Content-Length": [
          "0"
        ]
      },
      "ResponseBody": "",
      "StatusCode": 200
    },
    {
      "RequestUri": "/subscriptions/f9b96b36-1f5e-4021-8959-51527e26e6d3/resourcegroups/pstestrg2109?api-version=2016-09-01",
      "EncodedRequestUri": "L3N1YnNjcmlwdGlvbnMvZjliOTZiMzYtMWY1ZS00MDIxLTg5NTktNTE1MjdlMjZlNmQzL3Jlc291cmNlZ3JvdXBzL3BzdGVzdHJnMjEwOT9hcGktdmVyc2lvbj0yMDE2LTA5LTAx",
      "RequestMethod": "PUT",
      "RequestHeaders": {
        "x-ms-client-request-id": [
          "09b9b228-a47c-4e2a-98b1-844f21ecbc33"
        ],
        "Accept-Language": [
          "en-US"
        ],
        "User-Agent": [
          "FxVersion/4.700.22.55902",
          "OSName/Windows",
          "OSVersion/Microsoft.Windows.10.0.22621",
          "Microsoft.Azure.Management.Internal.Resources.ResourceManagementClient/1.3.76"
        ],
        "Content-Type": [
          "application/json; charset=utf-8"
        ],
        "Content-Length": [
          "31"
        ]
      },
      "RequestBody": "{\r\n  \"location\": \"West US 2\"\r\n}",
      "ResponseHeaders": {
        "Cache-Control": [
          "no-cache"
        ],
        "Pragma": [
          "no-cache"
        ],
        "x-ms-ratelimit-remaining-subscription-writes": [
          "1199"
        ],
        "x-ms-request-id": [
          "7c113a25-5d66-4e0e-b072-5b211ef969d4"
        ],
        "x-ms-correlation-request-id": [
          "7c113a25-5d66-4e0e-b072-5b211ef969d4"
        ],
        "x-ms-routing-request-id": [
          "WESTUS2:20230619T223420Z:7c113a25-5d66-4e0e-b072-5b211ef969d4"
        ],
        "Strict-Transport-Security": [
          "max-age=31536000; includeSubDomains"
        ],
        "X-Content-Type-Options": [
          "nosniff"
        ],
        "Date": [
          "Mon, 19 Jun 2023 22:34:20 GMT"
        ],
        "Content-Length": [
          "178"
        ],
        "Content-Type": [
          "application/json; charset=utf-8"
        ],
        "Expires": [
          "-1"
        ]
      },
      "ResponseBody": "{\r\n  \"id\": \"/subscriptions/f9b96b36-1f5e-4021-8959-51527e26e6d3/resourceGroups/pstestrg2109\",\r\n  \"name\": \"pstestrg2109\",\r\n  \"location\": \"westus2\",\r\n  \"properties\": {\r\n    \"provisioningState\": \"Succeeded\"\r\n  }\r\n}",
      "StatusCode": 201
    },
    {
      "RequestUri": "/subscriptions/f9b96b36-1f5e-4021-8959-51527e26e6d3/resourceGroups/pstestrg2109/providers/Microsoft.CognitiveServices/accounts/csapstestrg2109?api-version=2023-05-01",
      "EncodedRequestUri": "L3N1YnNjcmlwdGlvbnMvZjliOTZiMzYtMWY1ZS00MDIxLTg5NTktNTE1MjdlMjZlNmQzL3Jlc291cmNlR3JvdXBzL3BzdGVzdHJnMjEwOS9wcm92aWRlcnMvTWljcm9zb2Z0LkNvZ25pdGl2ZVNlcnZpY2VzL2FjY291bnRzL2NzYXBzdGVzdHJnMjEwOT9hcGktdmVyc2lvbj0yMDIzLTA1LTAx",
      "RequestMethod": "PUT",
      "RequestHeaders": {
        "x-ms-client-request-id": [
          "cde41ce8-66ad-4ee0-8c7d-940d8752aaed"
        ],
        "Accept-Language": [
          "en-US"
        ],
        "User-Agent": [
          "FxVersion/4.700.22.55902",
          "OSName/Windows",
          "OSVersion/Microsoft.Windows.10.0.22621",
          "Microsoft.Azure.Management.CognitiveServices.CognitiveServicesManagementClient/9.0.0.0"
        ],
        "Content-Type": [
          "application/json; charset=utf-8"
        ],
        "Content-Length": [
          "205"
        ]
      },
      "RequestBody": "{\r\n  \"kind\": \"TextAnalytics\",\r\n  \"sku\": {\r\n    \"name\": \"S1\"\r\n  },\r\n  \"location\": \"West US 2\",\r\n  \"properties\": {\r\n    \"customSubDomainName\": \"csapstestrg2109\",\r\n    \"publicNetworkAccess\": \"Enabled\"\r\n  }\r\n}",
      "ResponseHeaders": {
        "Cache-Control": [
          "no-cache"
        ],
        "Pragma": [
          "no-cache"
        ],
        "ETag": [
          "\"4a00ae7a-0000-0800-0000-6490d7ee0000\""
        ],
        "X-Content-Type-Options": [
          "nosniff"
        ],
        "x-ms-request-id": [
          "78708fe0-fb07-409f-a3e0-93e864127582"
        ],
        "azure-asyncoperation": [
          "https://management.azure.com/subscriptions/f9b96b36-1f5e-4021-8959-51527e26e6d3/providers/Microsoft.CognitiveServices/locations/West US 2/operationResults/1922d897-1ee7-476b-a142-15520fb78d26?api-version=2017-04-18"
        ],
        "x-envoy-upstream-service-time": [
          "1359"
        ],
        "Server": [
          "istio-envoy"
        ],
        "x-ms-ratelimit-remaining-subscription-writes": [
          "1199"
        ],
        "x-ms-correlation-request-id": [
          "c185fb1d-e644-4a86-91f5-51148ec82e0a"
        ],
        "x-ms-routing-request-id": [
          "WESTUS2:20230619T223422Z:c185fb1d-e644-4a86-91f5-51148ec82e0a"
        ],
        "Strict-Transport-Security": [
          "max-age=31536000; includeSubDomains"
        ],
        "Date": [
          "Mon, 19 Jun 2023 22:34:22 GMT"
        ],
        "Content-Length": [
          "2919"
        ],
        "Content-Type": [
          "application/json; charset=utf-8"
        ],
        "Expires": [
          "-1"
        ]
      },
      "ResponseBody": "{\r\n  \"id\": \"/subscriptions/f9b96b36-1f5e-4021-8959-51527e26e6d3/resourceGroups/pstestrg2109/providers/Microsoft.CognitiveServices/accounts/csapstestrg2109\",\r\n  \"name\": \"csapstestrg2109\",\r\n  \"type\": \"Microsoft.CognitiveServices/accounts\",\r\n  \"etag\": \"\\\"4a00ae7a-0000-0800-0000-6490d7ee0000\\\"\",\r\n  \"location\": \"West US 2\",\r\n  \"sku\": {\r\n    \"name\": \"S1\"\r\n  },\r\n  \"kind\": \"TextAnalytics\",\r\n  \"properties\": {\r\n    \"endpoint\": \"https://csapstestrg2109.cognitiveservices.azure.com/\",\r\n    \"internalId\": \"3152de11fd9f4000a80f869c149a2e44\",\r\n    \"dateCreated\": \"2023-06-19T22:34:21.6917397Z\",\r\n    \"apiProperties\": {\r\n      \"qnaAzureSearchEndpointKey\": null\r\n    },\r\n    \"isMigrated\": false,\r\n    \"customSubDomainName\": \"csapstestrg2109\",\r\n    \"privateEndpointConnections\": [],\r\n    \"publicNetworkAccess\": \"Enabled\",\r\n    \"capabilities\": [\r\n      {\r\n        \"name\": \"VirtualNetworks\"\r\n      },\r\n      {\r\n        \"name\": \"CustomerManagedKey\"\r\n      },\r\n      {\r\n        \"name\": \"Container\",\r\n        \"value\": \"TextAnalytics.*,TextAnalytics.Healthcare,TextAnalytics.HealthcareFhir,TextAnalytics.Keyphrase,TextAnalytics.KeyphraseV2,TextAnalytics.KeyPhraseONNX,TextAnalytics.LanguageFastText,TextAnalytics.Language,TextAnalytics.LanguageV2,TextAnalytics.Sentiment,TextAnalytics.SentimentV2,TextAnalytics.SentimentV3,TextAnalytics.SentimentV3Preview,TextAnalytics.CustomNER,TextAnalytics.textanalyticsdispatcher\"\r\n      },\r\n      {\r\n        \"name\": \"Cloud\",\r\n        \"value\": \"QuestionAnswer.AllApis,LanguageService.QuestionAnsweringApis\"\r\n      }\r\n    ],\r\n    \"endpoints\": {\r\n      \"Text Analytics\": \"https://csapstestrg2109.cognitiveservices.azure.com/\",\r\n      \"Custom Text Authoring\": \"https://csapstestrg2109.cognitiveservices.azure.com/\",\r\n      \"Conversational Language Understanding Authoring\": \"https://csapstestrg2109.cognitiveservices.azure.com/\",\r\n      \"Custom Question Answering Authoring\": \"https://csapstestrg2109.cognitiveservices.azure.com/\",\r\n      \"Custom Question Answering\": \"https://csapstestrg2109.cognitiveservices.azure.com/\",\r\n      \"ConversationalLURuntime\": \"https://csapstestrg2109.cognitiveservices.azure.com/\",\r\n      \"Language\": \"https://csapstestrg2109.cognitiveservices.azure.com/\",\r\n      \"Language-2022-05-01\": \"https://csapstestrg2109.cognitiveservices.azure.com/\",\r\n      \"QnAMaker\": \"https://csapstestrg2109.cognitiveservices.azure.com/\",\r\n      \"turing\": \"https://csapstestrg2109.cognitiveservices.azure.com/\",\r\n      \"Turing DeepWrite\": \"https://csapstestrg2109.cognitiveservices.azure.com/\",\r\n      \"QuestionAnswering\": \"https://csapstestrg2109.cognitiveservices.azure.com/\",\r\n      \"QuestionAnsweringBizQA\": \"https://csapstestrg2109.cognitiveservices.azure.com/\",\r\n      \"QuestionAnsweringQnAGen\": \"https://csapstestrg2109.cognitiveservices.azure.com/\",\r\n      \"QuestionAnswering Generate\": \"https://csapstestrg2109.cognitiveservices.azure.com/\",\r\n      \"LUIS.Authoring\": \"https://csapstestrg2109.cognitiveservices.azure.com/\",\r\n      \"Container\": \"https://csapstestrg2109.cognitiveservices.azure.com/\"\r\n    },\r\n    \"provisioningState\": \"Creating\"\r\n  },\r\n  \"systemData\": {\r\n    \"createdBy\": \"50841d5f-166a-406c-8472-6800c9698b43\",\r\n    \"createdByType\": \"Application\",\r\n    \"createdAt\": \"2023-06-19T22:34:21.3360065Z\",\r\n    \"lastModifiedBy\": \"50841d5f-166a-406c-8472-6800c9698b43\",\r\n    \"lastModifiedByType\": \"Application\",\r\n    \"lastModifiedAt\": \"2023-06-19T22:34:21.3360065Z\"\r\n  }\r\n}",
      "StatusCode": 201
    },
    {
      "RequestUri": "/subscriptions/f9b96b36-1f5e-4021-8959-51527e26e6d3/providers/Microsoft.CognitiveServices/locations/West%20US%202/operationResults/1922d897-1ee7-476b-a142-15520fb78d26?api-version=2017-04-18",
      "EncodedRequestUri": "L3N1YnNjcmlwdGlvbnMvZjliOTZiMzYtMWY1ZS00MDIxLTg5NTktNTE1MjdlMjZlNmQzL3Byb3ZpZGVycy9NaWNyb3NvZnQuQ29nbml0aXZlU2VydmljZXMvbG9jYXRpb25zL1dlc3QlMjBVUyUyMDIvb3BlcmF0aW9uUmVzdWx0cy8xOTIyZDg5Ny0xZWU3LTQ3NmItYTE0Mi0xNTUyMGZiNzhkMjY/YXBpLXZlcnNpb249MjAxNy0wNC0xOA==",
      "RequestMethod": "GET",
      "RequestHeaders": {
        "x-ms-client-request-id": [
          "cde41ce8-66ad-4ee0-8c7d-940d8752aaed"
        ],
        "User-Agent": [
          "FxVersion/4.700.22.55902",
          "OSName/Windows",
          "OSVersion/Microsoft.Windows.10.0.22621",
          "Microsoft.Azure.Management.CognitiveServices.CognitiveServicesManagementClient/9.0.0.0"
        ]
      },
      "RequestBody": "",
      "ResponseHeaders": {
        "Cache-Control": [
          "no-cache"
        ],
        "Pragma": [
          "no-cache"
        ],
        "X-Content-Type-Options": [
          "nosniff"
        ],
        "x-ms-request-id": [
          "1f951857-7184-49a1-a54c-d23da373ffba"
        ],
        "x-envoy-upstream-service-time": [
          "6"
        ],
        "Server": [
          "istio-envoy"
        ],
        "x-ms-ratelimit-remaining-subscription-reads": [
          "11999"
        ],
        "x-ms-correlation-request-id": [
          "a98031e3-3c0d-4fc2-b34d-743da95e9dbc"
        ],
        "x-ms-routing-request-id": [
          "WESTUS2:20230619T223453Z:a98031e3-3c0d-4fc2-b34d-743da95e9dbc"
        ],
        "Strict-Transport-Security": [
          "max-age=31536000; includeSubDomains"
        ],
        "Date": [
          "Mon, 19 Jun 2023 22:34:52 GMT"
        ],
        "Content-Length": [
          "273"
        ],
        "Content-Type": [
          "application/json; charset=utf-8"
        ],
        "Expires": [
          "-1"
        ]
      },
      "ResponseBody": "{\r\n  \"id\": \"/subscriptions/f9b96b36-1f5e-4021-8959-51527e26e6d3/providers/Microsoft.CognitiveServices/locations/West US 2/operationResults/1922d897-1ee7-476b-a142-15520fb78d26\",\r\n  \"name\": \"1922d897-1ee7-476b-a142-15520fb78d26\",\r\n  \"status\": \"Creating\",\r\n  \"startTime\": \"2023-06-19T22:34:22Z\"\r\n}",
      "StatusCode": 200
    },
    {
      "RequestUri": "/subscriptions/f9b96b36-1f5e-4021-8959-51527e26e6d3/providers/Microsoft.CognitiveServices/locations/West%20US%202/operationResults/1922d897-1ee7-476b-a142-15520fb78d26?api-version=2017-04-18",
      "EncodedRequestUri": "L3N1YnNjcmlwdGlvbnMvZjliOTZiMzYtMWY1ZS00MDIxLTg5NTktNTE1MjdlMjZlNmQzL3Byb3ZpZGVycy9NaWNyb3NvZnQuQ29nbml0aXZlU2VydmljZXMvbG9jYXRpb25zL1dlc3QlMjBVUyUyMDIvb3BlcmF0aW9uUmVzdWx0cy8xOTIyZDg5Ny0xZWU3LTQ3NmItYTE0Mi0xNTUyMGZiNzhkMjY/YXBpLXZlcnNpb249MjAxNy0wNC0xOA==",
      "RequestMethod": "GET",
      "RequestHeaders": {
        "x-ms-client-request-id": [
          "cde41ce8-66ad-4ee0-8c7d-940d8752aaed"
        ],
        "User-Agent": [
          "FxVersion/4.700.22.55902",
          "OSName/Windows",
          "OSVersion/Microsoft.Windows.10.0.22621",
          "Microsoft.Azure.Management.CognitiveServices.CognitiveServicesManagementClient/9.0.0.0"
        ]
      },
      "RequestBody": "",
      "ResponseHeaders": {
        "Cache-Control": [
          "no-cache"
        ],
        "Pragma": [
          "no-cache"
        ],
        "X-Content-Type-Options": [
          "nosniff"
        ],
        "x-ms-request-id": [
          "fc667b83-b1d8-4eb6-80d4-563f50da131b"
        ],
        "x-envoy-upstream-service-time": [
          "7"
        ],
        "Server": [
          "istio-envoy"
        ],
        "x-ms-ratelimit-remaining-subscription-reads": [
          "11998"
        ],
        "x-ms-correlation-request-id": [
          "e309b2e7-c1d8-4109-b69c-5d10bacc5a9f"
        ],
        "x-ms-routing-request-id": [
          "WESTUS2:20230619T223523Z:e309b2e7-c1d8-4109-b69c-5d10bacc5a9f"
        ],
        "Strict-Transport-Security": [
          "max-age=31536000; includeSubDomains"
        ],
        "Date": [
          "Mon, 19 Jun 2023 22:35:23 GMT"
        ],
        "Content-Length": [
          "307"
        ],
        "Content-Type": [
          "application/json; charset=utf-8"
        ],
        "Expires": [
          "-1"
        ]
      },
      "ResponseBody": "{\r\n  \"id\": \"/subscriptions/f9b96b36-1f5e-4021-8959-51527e26e6d3/providers/Microsoft.CognitiveServices/locations/West US 2/operationResults/1922d897-1ee7-476b-a142-15520fb78d26\",\r\n  \"name\": \"1922d897-1ee7-476b-a142-15520fb78d26\",\r\n  \"status\": \"Succeeded\",\r\n  \"startTime\": \"2023-06-19T22:34:22Z\",\r\n  \"endTime\": \"2023-06-19T22:34:54Z\"\r\n}",
      "StatusCode": 200
    },
    {
      "RequestUri": "/subscriptions/f9b96b36-1f5e-4021-8959-51527e26e6d3/resourceGroups/pstestrg2109/providers/Microsoft.CognitiveServices/accounts/csapstestrg2109?api-version=2023-05-01",
      "EncodedRequestUri": "L3N1YnNjcmlwdGlvbnMvZjliOTZiMzYtMWY1ZS00MDIxLTg5NTktNTE1MjdlMjZlNmQzL3Jlc291cmNlR3JvdXBzL3BzdGVzdHJnMjEwOS9wcm92aWRlcnMvTWljcm9zb2Z0LkNvZ25pdGl2ZVNlcnZpY2VzL2FjY291bnRzL2NzYXBzdGVzdHJnMjEwOT9hcGktdmVyc2lvbj0yMDIzLTA1LTAx",
      "RequestMethod": "GET",
      "RequestHeaders": {
        "x-ms-client-request-id": [
          "cde41ce8-66ad-4ee0-8c7d-940d8752aaed"
        ],
        "User-Agent": [
          "FxVersion/4.700.22.55902",
          "OSName/Windows",
          "OSVersion/Microsoft.Windows.10.0.22621",
          "Microsoft.Azure.Management.CognitiveServices.CognitiveServicesManagementClient/9.0.0.0"
        ]
      },
      "RequestBody": "",
      "ResponseHeaders": {
        "Cache-Control": [
          "no-cache"
        ],
        "Pragma": [
          "no-cache"
        ],
        "ETag": [
          "\"4a00b67a-0000-0800-0000-6490d80e0000\""
        ],
        "X-Content-Type-Options": [
          "nosniff"
        ],
        "x-ms-request-id": [
          "6787a09c-4912-4e4d-b258-4f2dab4658f5"
        ],
        "x-envoy-upstream-service-time": [
          "12"
        ],
        "Server": [
          "istio-envoy"
        ],
        "x-ms-ratelimit-remaining-subscription-reads": [
          "11997"
        ],
        "x-ms-correlation-request-id": [
          "a468132f-d366-4522-a3ef-00c98e6b660c"
        ],
        "x-ms-routing-request-id": [
          "WESTUS2:20230619T223523Z:a468132f-d366-4522-a3ef-00c98e6b660c"
        ],
        "Strict-Transport-Security": [
          "max-age=31536000; includeSubDomains"
        ],
        "Date": [
          "Mon, 19 Jun 2023 22:35:23 GMT"
        ],
        "Content-Length": [
          "2920"
        ],
        "Content-Type": [
          "application/json; charset=utf-8"
        ],
        "Expires": [
          "-1"
        ]
      },
      "ResponseBody": "{\r\n  \"id\": \"/subscriptions/f9b96b36-1f5e-4021-8959-51527e26e6d3/resourceGroups/pstestrg2109/providers/Microsoft.CognitiveServices/accounts/csapstestrg2109\",\r\n  \"name\": \"csapstestrg2109\",\r\n  \"type\": \"Microsoft.CognitiveServices/accounts\",\r\n  \"etag\": \"\\\"4a00b67a-0000-0800-0000-6490d80e0000\\\"\",\r\n  \"location\": \"West US 2\",\r\n  \"sku\": {\r\n    \"name\": \"S1\"\r\n  },\r\n  \"kind\": \"TextAnalytics\",\r\n  \"properties\": {\r\n    \"endpoint\": \"https://csapstestrg2109.cognitiveservices.azure.com/\",\r\n    \"internalId\": \"3152de11fd9f4000a80f869c149a2e44\",\r\n    \"dateCreated\": \"2023-06-19T22:34:21.6917397Z\",\r\n    \"apiProperties\": {\r\n      \"qnaAzureSearchEndpointKey\": null\r\n    },\r\n    \"isMigrated\": false,\r\n    \"customSubDomainName\": \"csapstestrg2109\",\r\n    \"privateEndpointConnections\": [],\r\n    \"publicNetworkAccess\": \"Enabled\",\r\n    \"capabilities\": [\r\n      {\r\n        \"name\": \"VirtualNetworks\"\r\n      },\r\n      {\r\n        \"name\": \"CustomerManagedKey\"\r\n      },\r\n      {\r\n        \"name\": \"Container\",\r\n        \"value\": \"TextAnalytics.*,TextAnalytics.Healthcare,TextAnalytics.HealthcareFhir,TextAnalytics.Keyphrase,TextAnalytics.KeyphraseV2,TextAnalytics.KeyPhraseONNX,TextAnalytics.LanguageFastText,TextAnalytics.Language,TextAnalytics.LanguageV2,TextAnalytics.Sentiment,TextAnalytics.SentimentV2,TextAnalytics.SentimentV3,TextAnalytics.SentimentV3Preview,TextAnalytics.CustomNER,TextAnalytics.textanalyticsdispatcher\"\r\n      },\r\n      {\r\n        \"name\": \"Cloud\",\r\n        \"value\": \"QuestionAnswer.AllApis,LanguageService.QuestionAnsweringApis\"\r\n      }\r\n    ],\r\n    \"endpoints\": {\r\n      \"Text Analytics\": \"https://csapstestrg2109.cognitiveservices.azure.com/\",\r\n      \"Custom Text Authoring\": \"https://csapstestrg2109.cognitiveservices.azure.com/\",\r\n      \"Conversational Language Understanding Authoring\": \"https://csapstestrg2109.cognitiveservices.azure.com/\",\r\n      \"Custom Question Answering Authoring\": \"https://csapstestrg2109.cognitiveservices.azure.com/\",\r\n      \"Custom Question Answering\": \"https://csapstestrg2109.cognitiveservices.azure.com/\",\r\n      \"ConversationalLURuntime\": \"https://csapstestrg2109.cognitiveservices.azure.com/\",\r\n      \"Language\": \"https://csapstestrg2109.cognitiveservices.azure.com/\",\r\n      \"Language-2022-05-01\": \"https://csapstestrg2109.cognitiveservices.azure.com/\",\r\n      \"QnAMaker\": \"https://csapstestrg2109.cognitiveservices.azure.com/\",\r\n      \"turing\": \"https://csapstestrg2109.cognitiveservices.azure.com/\",\r\n      \"Turing DeepWrite\": \"https://csapstestrg2109.cognitiveservices.azure.com/\",\r\n      \"QuestionAnswering\": \"https://csapstestrg2109.cognitiveservices.azure.com/\",\r\n      \"QuestionAnsweringBizQA\": \"https://csapstestrg2109.cognitiveservices.azure.com/\",\r\n      \"QuestionAnsweringQnAGen\": \"https://csapstestrg2109.cognitiveservices.azure.com/\",\r\n      \"QuestionAnswering Generate\": \"https://csapstestrg2109.cognitiveservices.azure.com/\",\r\n      \"LUIS.Authoring\": \"https://csapstestrg2109.cognitiveservices.azure.com/\",\r\n      \"Container\": \"https://csapstestrg2109.cognitiveservices.azure.com/\"\r\n    },\r\n    \"provisioningState\": \"Succeeded\"\r\n  },\r\n  \"systemData\": {\r\n    \"createdBy\": \"50841d5f-166a-406c-8472-6800c9698b43\",\r\n    \"createdByType\": \"Application\",\r\n    \"createdAt\": \"2023-06-19T22:34:21.3360065Z\",\r\n    \"lastModifiedBy\": \"50841d5f-166a-406c-8472-6800c9698b43\",\r\n    \"lastModifiedByType\": \"Application\",\r\n    \"lastModifiedAt\": \"2023-06-19T22:34:21.3360065Z\"\r\n  }\r\n}",
      "StatusCode": 200
    },
    {
      "RequestUri": "/subscriptions/f9b96b36-1f5e-4021-8959-51527e26e6d3/resourceGroups/pstestrg2109/providers/Microsoft.CognitiveServices/accounts/csapstestrg2109?api-version=2023-05-01",
      "EncodedRequestUri": "L3N1YnNjcmlwdGlvbnMvZjliOTZiMzYtMWY1ZS00MDIxLTg5NTktNTE1MjdlMjZlNmQzL3Jlc291cmNlR3JvdXBzL3BzdGVzdHJnMjEwOS9wcm92aWRlcnMvTWljcm9zb2Z0LkNvZ25pdGl2ZVNlcnZpY2VzL2FjY291bnRzL2NzYXBzdGVzdHJnMjEwOT9hcGktdmVyc2lvbj0yMDIzLTA1LTAx",
      "RequestMethod": "GET",
      "RequestHeaders": {
        "x-ms-client-request-id": [
          "cde41ce8-66ad-4ee0-8c7d-940d8752aaed"
        ],
        "Accept-Language": [
          "en-US"
        ],
        "User-Agent": [
          "FxVersion/4.700.22.55902",
          "OSName/Windows",
          "OSVersion/Microsoft.Windows.10.0.22621",
          "Microsoft.Azure.Management.CognitiveServices.CognitiveServicesManagementClient/9.0.0.0"
        ]
      },
      "RequestBody": "",
      "ResponseHeaders": {
        "Cache-Control": [
          "no-cache"
        ],
        "Pragma": [
          "no-cache"
        ],
        "ETag": [
          "\"4a00b67a-0000-0800-0000-6490d80e0000\""
        ],
        "X-Content-Type-Options": [
          "nosniff"
        ],
        "x-ms-request-id": [
          "c72c8b6e-7413-4425-82af-1804fede015d"
        ],
        "x-envoy-upstream-service-time": [
          "10"
        ],
        "Server": [
          "istio-envoy"
        ],
        "x-ms-ratelimit-remaining-subscription-reads": [
          "11996"
        ],
        "x-ms-correlation-request-id": [
          "198bb4f5-02f1-4fe5-956d-d95755c33fb1"
        ],
        "x-ms-routing-request-id": [
          "WESTUS2:20230619T223523Z:198bb4f5-02f1-4fe5-956d-d95755c33fb1"
        ],
        "Strict-Transport-Security": [
          "max-age=31536000; includeSubDomains"
        ],
        "Date": [
          "Mon, 19 Jun 2023 22:35:23 GMT"
        ],
        "Content-Length": [
          "2920"
        ],
        "Content-Type": [
          "application/json; charset=utf-8"
        ],
        "Expires": [
          "-1"
        ]
      },
      "ResponseBody": "{\r\n  \"id\": \"/subscriptions/f9b96b36-1f5e-4021-8959-51527e26e6d3/resourceGroups/pstestrg2109/providers/Microsoft.CognitiveServices/accounts/csapstestrg2109\",\r\n  \"name\": \"csapstestrg2109\",\r\n  \"type\": \"Microsoft.CognitiveServices/accounts\",\r\n  \"etag\": \"\\\"4a00b67a-0000-0800-0000-6490d80e0000\\\"\",\r\n  \"location\": \"West US 2\",\r\n  \"sku\": {\r\n    \"name\": \"S1\"\r\n  },\r\n  \"kind\": \"TextAnalytics\",\r\n  \"properties\": {\r\n    \"endpoint\": \"https://csapstestrg2109.cognitiveservices.azure.com/\",\r\n    \"internalId\": \"3152de11fd9f4000a80f869c149a2e44\",\r\n    \"dateCreated\": \"2023-06-19T22:34:21.6917397Z\",\r\n    \"apiProperties\": {\r\n      \"qnaAzureSearchEndpointKey\": null\r\n    },\r\n    \"isMigrated\": false,\r\n    \"customSubDomainName\": \"csapstestrg2109\",\r\n    \"privateEndpointConnections\": [],\r\n    \"publicNetworkAccess\": \"Enabled\",\r\n    \"capabilities\": [\r\n      {\r\n        \"name\": \"VirtualNetworks\"\r\n      },\r\n      {\r\n        \"name\": \"CustomerManagedKey\"\r\n      },\r\n      {\r\n        \"name\": \"Container\",\r\n        \"value\": \"TextAnalytics.*,TextAnalytics.Healthcare,TextAnalytics.HealthcareFhir,TextAnalytics.Keyphrase,TextAnalytics.KeyphraseV2,TextAnalytics.KeyPhraseONNX,TextAnalytics.LanguageFastText,TextAnalytics.Language,TextAnalytics.LanguageV2,TextAnalytics.Sentiment,TextAnalytics.SentimentV2,TextAnalytics.SentimentV3,TextAnalytics.SentimentV3Preview,TextAnalytics.CustomNER,TextAnalytics.textanalyticsdispatcher\"\r\n      },\r\n      {\r\n        \"name\": \"Cloud\",\r\n        \"value\": \"QuestionAnswer.AllApis,LanguageService.QuestionAnsweringApis\"\r\n      }\r\n    ],\r\n    \"endpoints\": {\r\n      \"Text Analytics\": \"https://csapstestrg2109.cognitiveservices.azure.com/\",\r\n      \"Custom Text Authoring\": \"https://csapstestrg2109.cognitiveservices.azure.com/\",\r\n      \"Conversational Language Understanding Authoring\": \"https://csapstestrg2109.cognitiveservices.azure.com/\",\r\n      \"Custom Question Answering Authoring\": \"https://csapstestrg2109.cognitiveservices.azure.com/\",\r\n      \"Custom Question Answering\": \"https://csapstestrg2109.cognitiveservices.azure.com/\",\r\n      \"ConversationalLURuntime\": \"https://csapstestrg2109.cognitiveservices.azure.com/\",\r\n      \"Language\": \"https://csapstestrg2109.cognitiveservices.azure.com/\",\r\n      \"Language-2022-05-01\": \"https://csapstestrg2109.cognitiveservices.azure.com/\",\r\n      \"QnAMaker\": \"https://csapstestrg2109.cognitiveservices.azure.com/\",\r\n      \"turing\": \"https://csapstestrg2109.cognitiveservices.azure.com/\",\r\n      \"Turing DeepWrite\": \"https://csapstestrg2109.cognitiveservices.azure.com/\",\r\n      \"QuestionAnswering\": \"https://csapstestrg2109.cognitiveservices.azure.com/\",\r\n      \"QuestionAnsweringBizQA\": \"https://csapstestrg2109.cognitiveservices.azure.com/\",\r\n      \"QuestionAnsweringQnAGen\": \"https://csapstestrg2109.cognitiveservices.azure.com/\",\r\n      \"QuestionAnswering Generate\": \"https://csapstestrg2109.cognitiveservices.azure.com/\",\r\n      \"LUIS.Authoring\": \"https://csapstestrg2109.cognitiveservices.azure.com/\",\r\n      \"Container\": \"https://csapstestrg2109.cognitiveservices.azure.com/\"\r\n    },\r\n    \"provisioningState\": \"Succeeded\"\r\n  },\r\n  \"systemData\": {\r\n    \"createdBy\": \"50841d5f-166a-406c-8472-6800c9698b43\",\r\n    \"createdByType\": \"Application\",\r\n    \"createdAt\": \"2023-06-19T22:34:21.3360065Z\",\r\n    \"lastModifiedBy\": \"50841d5f-166a-406c-8472-6800c9698b43\",\r\n    \"lastModifiedByType\": \"Application\",\r\n    \"lastModifiedAt\": \"2023-06-19T22:34:21.3360065Z\"\r\n  }\r\n}",
      "StatusCode": 200
    },
    {
      "RequestUri": "/subscriptions/f9b96b36-1f5e-4021-8959-51527e26e6d3/resourcegroups/pstestrg2109?api-version=2016-09-01",
      "EncodedRequestUri": "L3N1YnNjcmlwdGlvbnMvZjliOTZiMzYtMWY1ZS00MDIxLTg5NTktNTE1MjdlMjZlNmQzL3Jlc291cmNlZ3JvdXBzL3BzdGVzdHJnMjEwOT9hcGktdmVyc2lvbj0yMDE2LTA5LTAx",
      "RequestMethod": "DELETE",
      "RequestHeaders": {
        "x-ms-client-request-id": [
          "a2c7fae9-0a09-4579-9481-362ed154c0d8"
        ],
        "Accept-Language": [
          "en-US"
        ],
        "User-Agent": [
          "FxVersion/4.700.22.55902",
          "OSName/Windows",
          "OSVersion/Microsoft.Windows.10.0.22621",
          "Microsoft.Azure.Management.Internal.Resources.ResourceManagementClient/1.3.76"
        ]
      },
      "RequestBody": "",
      "ResponseHeaders": {
        "Cache-Control": [
          "no-cache"
        ],
        "Pragma": [
          "no-cache"
        ],
        "Location": [
          "https://management.azure.com/subscriptions/f9b96b36-1f5e-4021-8959-51527e26e6d3/operationresults/eyJqb2JJZCI6IlJFU09VUkNFR1JPVVBERUxFVElPTkpPQi1QU1RFU1RSRzIxMDktV0VTVFVTMiIsImpvYkxvY2F0aW9uIjoid2VzdHVzMiJ9?api-version=2016-09-01"
        ],
        "Retry-After": [
          "15"
        ],
        "x-ms-ratelimit-remaining-subscription-deletes": [
          "14999"
        ],
        "x-ms-request-id": [
          "5311a71d-db5d-4524-a958-7c0be1ad65ac"
        ],
        "x-ms-correlation-request-id": [
          "5311a71d-db5d-4524-a958-7c0be1ad65ac"
        ],
        "x-ms-routing-request-id": [
          "WESTUS2:20230619T223523Z:5311a71d-db5d-4524-a958-7c0be1ad65ac"
        ],
        "Strict-Transport-Security": [
          "max-age=31536000; includeSubDomains"
        ],
        "X-Content-Type-Options": [
          "nosniff"
        ],
        "Date": [
          "Mon, 19 Jun 2023 22:35:23 GMT"
        ],
        "Connection": [
          "close"
        ],
        "Expires": [
          "-1"
        ],
        "Content-Length": [
          "0"
        ]
      },
      "ResponseBody": "",
      "StatusCode": 202
    },
    {
      "RequestUri": "/subscriptions/f9b96b36-1f5e-4021-8959-51527e26e6d3/operationresults/eyJqb2JJZCI6IlJFU09VUkNFR1JPVVBERUxFVElPTkpPQi1QU1RFU1RSRzIxMDktV0VTVFVTMiIsImpvYkxvY2F0aW9uIjoid2VzdHVzMiJ9?api-version=2016-09-01",
      "EncodedRequestUri": "L3N1YnNjcmlwdGlvbnMvZjliOTZiMzYtMWY1ZS00MDIxLTg5NTktNTE1MjdlMjZlNmQzL29wZXJhdGlvbnJlc3VsdHMvZXlKcWIySkpaQ0k2SWxKRlUwOVZVa05GUjFKUFZWQkVSVXhGVkVsUFRrcFBRaTFRVTFSRlUxUlNSekl4TURrdFYwVlRWRlZUTWlJc0ltcHZZa3h2WTJGMGFXOXVJam9pZDJWemRIVnpNaUo5P2FwaS12ZXJzaW9uPTIwMTYtMDktMDE=",
      "RequestMethod": "GET",
      "RequestHeaders": {
        "User-Agent": [
          "FxVersion/4.700.22.55902",
          "OSName/Windows",
          "OSVersion/Microsoft.Windows.10.0.22621",
          "Microsoft.Azure.Management.Internal.Resources.ResourceManagementClient/1.3.76"
        ]
      },
      "RequestBody": "",
      "ResponseHeaders": {
        "Cache-Control": [
          "no-cache"
        ],
        "Pragma": [
          "no-cache"
        ],
        "Location": [
          "https://management.azure.com/subscriptions/f9b96b36-1f5e-4021-8959-51527e26e6d3/operationresults/eyJqb2JJZCI6IlJFU09VUkNFR1JPVVBERUxFVElPTkpPQi1QU1RFU1RSRzIxMDktV0VTVFVTMiIsImpvYkxvY2F0aW9uIjoid2VzdHVzMiJ9?api-version=2016-09-01"
        ],
        "Retry-After": [
          "15"
        ],
        "x-ms-ratelimit-remaining-subscription-reads": [
          "11999"
        ],
        "x-ms-request-id": [
          "bfeaf824-035d-490b-842a-a4f6e09a21a7"
        ],
        "x-ms-correlation-request-id": [
          "bfeaf824-035d-490b-842a-a4f6e09a21a7"
        ],
        "x-ms-routing-request-id": [
          "WESTUS2:20230619T223539Z:bfeaf824-035d-490b-842a-a4f6e09a21a7"
        ],
        "Strict-Transport-Security": [
          "max-age=31536000; includeSubDomains"
        ],
        "X-Content-Type-Options": [
          "nosniff"
        ],
        "Date": [
          "Mon, 19 Jun 2023 22:35:38 GMT"
        ],
        "Expires": [
          "-1"
        ],
        "Content-Length": [
          "0"
        ]
      },
      "ResponseBody": "",
      "StatusCode": 202
    },
    {
      "RequestUri": "/subscriptions/f9b96b36-1f5e-4021-8959-51527e26e6d3/operationresults/eyJqb2JJZCI6IlJFU09VUkNFR1JPVVBERUxFVElPTkpPQi1QU1RFU1RSRzIxMDktV0VTVFVTMiIsImpvYkxvY2F0aW9uIjoid2VzdHVzMiJ9?api-version=2016-09-01",
      "EncodedRequestUri": "L3N1YnNjcmlwdGlvbnMvZjliOTZiMzYtMWY1ZS00MDIxLTg5NTktNTE1MjdlMjZlNmQzL29wZXJhdGlvbnJlc3VsdHMvZXlKcWIySkpaQ0k2SWxKRlUwOVZVa05GUjFKUFZWQkVSVXhGVkVsUFRrcFBRaTFRVTFSRlUxUlNSekl4TURrdFYwVlRWRlZUTWlJc0ltcHZZa3h2WTJGMGFXOXVJam9pZDJWemRIVnpNaUo5P2FwaS12ZXJzaW9uPTIwMTYtMDktMDE=",
      "RequestMethod": "GET",
      "RequestHeaders": {
        "User-Agent": [
          "FxVersion/4.700.22.55902",
          "OSName/Windows",
          "OSVersion/Microsoft.Windows.10.0.22621",
          "Microsoft.Azure.Management.Internal.Resources.ResourceManagementClient/1.3.76"
        ]
      },
      "RequestBody": "",
      "ResponseHeaders": {
        "Cache-Control": [
          "no-cache"
        ],
        "Pragma": [
          "no-cache"
        ],
        "Location": [
          "https://management.azure.com/subscriptions/f9b96b36-1f5e-4021-8959-51527e26e6d3/operationresults/eyJqb2JJZCI6IlJFU09VUkNFR1JPVVBERUxFVElPTkpPQi1QU1RFU1RSRzIxMDktV0VTVFVTMiIsImpvYkxvY2F0aW9uIjoid2VzdHVzMiJ9?api-version=2016-09-01"
        ],
        "Retry-After": [
          "15"
        ],
        "x-ms-ratelimit-remaining-subscription-reads": [
          "11998"
        ],
        "x-ms-request-id": [
          "a4a94342-b17e-4c25-88a5-e2d2bfeb4d29"
        ],
        "x-ms-correlation-request-id": [
          "a4a94342-b17e-4c25-88a5-e2d2bfeb4d29"
        ],
        "x-ms-routing-request-id": [
          "WESTUS2:20230619T223554Z:a4a94342-b17e-4c25-88a5-e2d2bfeb4d29"
        ],
        "Strict-Transport-Security": [
          "max-age=31536000; includeSubDomains"
        ],
        "X-Content-Type-Options": [
          "nosniff"
        ],
        "Date": [
          "Mon, 19 Jun 2023 22:35:53 GMT"
        ],
        "Expires": [
          "-1"
        ],
        "Content-Length": [
          "0"
        ]
      },
      "ResponseBody": "",
      "StatusCode": 202
    },
    {
      "RequestUri": "/subscriptions/f9b96b36-1f5e-4021-8959-51527e26e6d3/operationresults/eyJqb2JJZCI6IlJFU09VUkNFR1JPVVBERUxFVElPTkpPQi1QU1RFU1RSRzIxMDktV0VTVFVTMiIsImpvYkxvY2F0aW9uIjoid2VzdHVzMiJ9?api-version=2016-09-01",
      "EncodedRequestUri": "L3N1YnNjcmlwdGlvbnMvZjliOTZiMzYtMWY1ZS00MDIxLTg5NTktNTE1MjdlMjZlNmQzL29wZXJhdGlvbnJlc3VsdHMvZXlKcWIySkpaQ0k2SWxKRlUwOVZVa05GUjFKUFZWQkVSVXhGVkVsUFRrcFBRaTFRVTFSRlUxUlNSekl4TURrdFYwVlRWRlZUTWlJc0ltcHZZa3h2WTJGMGFXOXVJam9pZDJWemRIVnpNaUo5P2FwaS12ZXJzaW9uPTIwMTYtMDktMDE=",
      "RequestMethod": "GET",
      "RequestHeaders": {
        "User-Agent": [
          "FxVersion/4.700.22.55902",
          "OSName/Windows",
          "OSVersion/Microsoft.Windows.10.0.22621",
          "Microsoft.Azure.Management.Internal.Resources.ResourceManagementClient/1.3.76"
        ]
      },
      "RequestBody": "",
      "ResponseHeaders": {
        "Cache-Control": [
          "no-cache"
        ],
        "Pragma": [
          "no-cache"
        ],
        "Location": [
          "https://management.azure.com/subscriptions/f9b96b36-1f5e-4021-8959-51527e26e6d3/operationresults/eyJqb2JJZCI6IlJFU09VUkNFR1JPVVBERUxFVElPTkpPQi1QU1RFU1RSRzIxMDktV0VTVFVTMiIsImpvYkxvY2F0aW9uIjoid2VzdHVzMiJ9?api-version=2016-09-01"
        ],
        "Retry-After": [
          "15"
        ],
        "x-ms-ratelimit-remaining-subscription-reads": [
          "11997"
        ],
        "x-ms-request-id": [
          "b6bc3230-bb29-46c7-b28b-a8a422586ba8"
        ],
        "x-ms-correlation-request-id": [
          "b6bc3230-bb29-46c7-b28b-a8a422586ba8"
        ],
        "x-ms-routing-request-id": [
          "WESTUS2:20230619T223609Z:b6bc3230-bb29-46c7-b28b-a8a422586ba8"
        ],
        "Strict-Transport-Security": [
          "max-age=31536000; includeSubDomains"
        ],
        "X-Content-Type-Options": [
          "nosniff"
        ],
        "Date": [
          "Mon, 19 Jun 2023 22:36:08 GMT"
        ],
        "Expires": [
          "-1"
        ],
        "Content-Length": [
          "0"
        ]
      },
      "ResponseBody": "",
      "StatusCode": 202
    },
    {
      "RequestUri": "/subscriptions/f9b96b36-1f5e-4021-8959-51527e26e6d3/operationresults/eyJqb2JJZCI6IlJFU09VUkNFR1JPVVBERUxFVElPTkpPQi1QU1RFU1RSRzIxMDktV0VTVFVTMiIsImpvYkxvY2F0aW9uIjoid2VzdHVzMiJ9?api-version=2016-09-01",
      "EncodedRequestUri": "L3N1YnNjcmlwdGlvbnMvZjliOTZiMzYtMWY1ZS00MDIxLTg5NTktNTE1MjdlMjZlNmQzL29wZXJhdGlvbnJlc3VsdHMvZXlKcWIySkpaQ0k2SWxKRlUwOVZVa05GUjFKUFZWQkVSVXhGVkVsUFRrcFBRaTFRVTFSRlUxUlNSekl4TURrdFYwVlRWRlZUTWlJc0ltcHZZa3h2WTJGMGFXOXVJam9pZDJWemRIVnpNaUo5P2FwaS12ZXJzaW9uPTIwMTYtMDktMDE=",
      "RequestMethod": "GET",
      "RequestHeaders": {
        "User-Agent": [
          "FxVersion/4.700.22.55902",
          "OSName/Windows",
          "OSVersion/Microsoft.Windows.10.0.22621",
          "Microsoft.Azure.Management.Internal.Resources.ResourceManagementClient/1.3.76"
        ]
      },
      "RequestBody": "",
      "ResponseHeaders": {
        "Cache-Control": [
          "no-cache"
        ],
        "Pragma": [
          "no-cache"
        ],
        "Location": [
          "https://management.azure.com/subscriptions/f9b96b36-1f5e-4021-8959-51527e26e6d3/operationresults/eyJqb2JJZCI6IlJFU09VUkNFR1JPVVBERUxFVElPTkpPQi1QU1RFU1RSRzIxMDktV0VTVFVTMiIsImpvYkxvY2F0aW9uIjoid2VzdHVzMiJ9?api-version=2016-09-01"
        ],
        "Retry-After": [
          "15"
        ],
        "x-ms-ratelimit-remaining-subscription-reads": [
          "11996"
        ],
        "x-ms-request-id": [
          "330ef149-149b-45cd-bac5-be5d5b0d6e0d"
        ],
        "x-ms-correlation-request-id": [
          "330ef149-149b-45cd-bac5-be5d5b0d6e0d"
        ],
        "x-ms-routing-request-id": [
          "WESTUS2:20230619T223624Z:330ef149-149b-45cd-bac5-be5d5b0d6e0d"
        ],
        "Strict-Transport-Security": [
          "max-age=31536000; includeSubDomains"
        ],
        "X-Content-Type-Options": [
          "nosniff"
        ],
        "Date": [
          "Mon, 19 Jun 2023 22:36:23 GMT"
        ],
        "Expires": [
          "-1"
        ],
        "Content-Length": [
          "0"
        ]
      },
      "ResponseBody": "",
      "StatusCode": 202
    },
    {
      "RequestUri": "/subscriptions/f9b96b36-1f5e-4021-8959-51527e26e6d3/operationresults/eyJqb2JJZCI6IlJFU09VUkNFR1JPVVBERUxFVElPTkpPQi1QU1RFU1RSRzIxMDktV0VTVFVTMiIsImpvYkxvY2F0aW9uIjoid2VzdHVzMiJ9?api-version=2016-09-01",
      "EncodedRequestUri": "L3N1YnNjcmlwdGlvbnMvZjliOTZiMzYtMWY1ZS00MDIxLTg5NTktNTE1MjdlMjZlNmQzL29wZXJhdGlvbnJlc3VsdHMvZXlKcWIySkpaQ0k2SWxKRlUwOVZVa05GUjFKUFZWQkVSVXhGVkVsUFRrcFBRaTFRVTFSRlUxUlNSekl4TURrdFYwVlRWRlZUTWlJc0ltcHZZa3h2WTJGMGFXOXVJam9pZDJWemRIVnpNaUo5P2FwaS12ZXJzaW9uPTIwMTYtMDktMDE=",
      "RequestMethod": "GET",
      "RequestHeaders": {
        "User-Agent": [
          "FxVersion/4.700.22.55902",
          "OSName/Windows",
          "OSVersion/Microsoft.Windows.10.0.22621",
          "Microsoft.Azure.Management.Internal.Resources.ResourceManagementClient/1.3.76"
        ]
      },
      "RequestBody": "",
      "ResponseHeaders": {
        "Cache-Control": [
          "no-cache"
        ],
        "Pragma": [
          "no-cache"
        ],
        "x-ms-ratelimit-remaining-subscription-reads": [
          "11995"
        ],
        "x-ms-request-id": [
          "97bf623e-b4dc-450a-adfb-ac57e1570b47"
        ],
        "x-ms-correlation-request-id": [
          "97bf623e-b4dc-450a-adfb-ac57e1570b47"
        ],
        "x-ms-routing-request-id": [
          "WESTUS2:20230619T223639Z:97bf623e-b4dc-450a-adfb-ac57e1570b47"
        ],
        "Strict-Transport-Security": [
          "max-age=31536000; includeSubDomains"
        ],
        "X-Content-Type-Options": [
          "nosniff"
        ],
        "Date": [
          "Mon, 19 Jun 2023 22:36:38 GMT"
        ],
        "Expires": [
          "-1"
        ],
        "Content-Length": [
          "0"
        ]
      },
      "ResponseBody": "",
      "StatusCode": 200
    },
    {
      "RequestUri": "/subscriptions/f9b96b36-1f5e-4021-8959-51527e26e6d3/operationresults/eyJqb2JJZCI6IlJFU09VUkNFR1JPVVBERUxFVElPTkpPQi1QU1RFU1RSRzIxMDktV0VTVFVTMiIsImpvYkxvY2F0aW9uIjoid2VzdHVzMiJ9?api-version=2016-09-01",
      "EncodedRequestUri": "L3N1YnNjcmlwdGlvbnMvZjliOTZiMzYtMWY1ZS00MDIxLTg5NTktNTE1MjdlMjZlNmQzL29wZXJhdGlvbnJlc3VsdHMvZXlKcWIySkpaQ0k2SWxKRlUwOVZVa05GUjFKUFZWQkVSVXhGVkVsUFRrcFBRaTFRVTFSRlUxUlNSekl4TURrdFYwVlRWRlZUTWlJc0ltcHZZa3h2WTJGMGFXOXVJam9pZDJWemRIVnpNaUo5P2FwaS12ZXJzaW9uPTIwMTYtMDktMDE=",
      "RequestMethod": "GET",
      "RequestHeaders": {
        "User-Agent": [
          "FxVersion/4.700.22.55902",
          "OSName/Windows",
          "OSVersion/Microsoft.Windows.10.0.22621",
          "Microsoft.Azure.Management.Internal.Resources.ResourceManagementClient/1.3.76"
        ]
      },
      "RequestBody": "",
      "ResponseHeaders": {
        "Cache-Control": [
          "no-cache"
        ],
        "Pragma": [
          "no-cache"
        ],
        "x-ms-ratelimit-remaining-subscription-reads": [
          "11994"
        ],
        "x-ms-request-id": [
          "bfc449e1-c0b1-4e80-a3ba-e7ea5b29a27e"
        ],
        "x-ms-correlation-request-id": [
          "bfc449e1-c0b1-4e80-a3ba-e7ea5b29a27e"
        ],
        "x-ms-routing-request-id": [
          "WESTUS2:20230619T223639Z:bfc449e1-c0b1-4e80-a3ba-e7ea5b29a27e"
        ],
        "Strict-Transport-Security": [
          "max-age=31536000; includeSubDomains"
        ],
        "X-Content-Type-Options": [
          "nosniff"
        ],
        "Date": [
          "Mon, 19 Jun 2023 22:36:38 GMT"
        ],
        "Expires": [
          "-1"
        ],
        "Content-Length": [
          "0"
        ]
      },
      "ResponseBody": "",
      "StatusCode": 200
    },
    {
      "RequestUri": "/subscriptions/f9b96b36-1f5e-4021-8959-51527e26e6d3/resourcegroups/pstestrg8992?api-version=2016-09-01",
      "EncodedRequestUri": "L3N1YnNjcmlwdGlvbnMvZjliOTZiMzYtMWY1ZS00MDIxLTg5NTktNTE1MjdlMjZlNmQzL3Jlc291cmNlZ3JvdXBzL3BzdGVzdHJnODk5Mj9hcGktdmVyc2lvbj0yMDE2LTA5LTAx",
      "RequestMethod": "PUT",
      "RequestHeaders": {
        "x-ms-client-request-id": [
          "f48e0625-445a-4101-a691-d555d1e00587"
        ],
        "Accept-Language": [
          "en-US"
        ],
        "User-Agent": [
          "FxVersion/4.700.22.55902",
          "OSName/Windows",
          "OSVersion/Microsoft.Windows.10.0.22621",
          "Microsoft.Azure.Management.Internal.Resources.ResourceManagementClient/1.3.76"
        ],
        "Content-Type": [
          "application/json; charset=utf-8"
        ],
        "Content-Length": [
          "31"
        ]
      },
      "RequestBody": "{\r\n  \"location\": \"West US 2\"\r\n}",
      "ResponseHeaders": {
        "Cache-Control": [
          "no-cache"
        ],
        "Pragma": [
          "no-cache"
        ],
        "x-ms-ratelimit-remaining-subscription-writes": [
          "1199"
        ],
        "x-ms-request-id": [
          "3157c553-ade0-4a29-af62-ce3bf79dfcd0"
        ],
        "x-ms-correlation-request-id": [
          "3157c553-ade0-4a29-af62-ce3bf79dfcd0"
        ],
        "x-ms-routing-request-id": [
          "WESTUS2:20230619T223639Z:3157c553-ade0-4a29-af62-ce3bf79dfcd0"
        ],
        "Strict-Transport-Security": [
          "max-age=31536000; includeSubDomains"
        ],
        "X-Content-Type-Options": [
          "nosniff"
        ],
        "Date": [
          "Mon, 19 Jun 2023 22:36:39 GMT"
        ],
        "Content-Length": [
          "178"
        ],
        "Content-Type": [
          "application/json; charset=utf-8"
        ],
        "Expires": [
          "-1"
        ]
      },
      "ResponseBody": "{\r\n  \"id\": \"/subscriptions/f9b96b36-1f5e-4021-8959-51527e26e6d3/resourceGroups/pstestrg8992\",\r\n  \"name\": \"pstestrg8992\",\r\n  \"location\": \"westus2\",\r\n  \"properties\": {\r\n    \"provisioningState\": \"Succeeded\"\r\n  }\r\n}",
      "StatusCode": 201
    },
    {
      "RequestUri": "/subscriptions/f9b96b36-1f5e-4021-8959-51527e26e6d3/resourceGroups/pstestrg8992/providers/Microsoft.CognitiveServices/accounts/csapstestrg8992?api-version=2023-05-01",
      "EncodedRequestUri": "L3N1YnNjcmlwdGlvbnMvZjliOTZiMzYtMWY1ZS00MDIxLTg5NTktNTE1MjdlMjZlNmQzL3Jlc291cmNlR3JvdXBzL3BzdGVzdHJnODk5Mi9wcm92aWRlcnMvTWljcm9zb2Z0LkNvZ25pdGl2ZVNlcnZpY2VzL2FjY291bnRzL2NzYXBzdGVzdHJnODk5Mj9hcGktdmVyc2lvbj0yMDIzLTA1LTAx",
      "RequestMethod": "PUT",
      "RequestHeaders": {
        "x-ms-client-request-id": [
          "2abe9694-a0f3-41d2-b949-6ed9c5bb777f"
        ],
        "Accept-Language": [
          "en-US"
        ],
        "User-Agent": [
          "FxVersion/4.700.22.55902",
          "OSName/Windows",
          "OSVersion/Microsoft.Windows.10.0.22621",
          "Microsoft.Azure.Management.CognitiveServices.CognitiveServicesManagementClient/9.0.0.0"
        ],
        "Content-Type": [
          "application/json; charset=utf-8"
        ],
        "Content-Length": [
          "206"
        ]
      },
      "RequestBody": "{\r\n  \"kind\": \"TextAnalytics\",\r\n  \"sku\": {\r\n    \"name\": \"S1\"\r\n  },\r\n  \"location\": \"West US 2\",\r\n  \"properties\": {\r\n    \"customSubDomainName\": \"csapstestrg8992\",\r\n    \"publicNetworkAccess\": \"Disabled\"\r\n  }\r\n}",
      "ResponseHeaders": {
        "Cache-Control": [
          "no-cache"
        ],
        "Pragma": [
          "no-cache"
        ],
        "ETag": [
          "\"4a00cc7a-0000-0800-0000-6490d87a0000\""
        ],
        "X-Content-Type-Options": [
          "nosniff"
        ],
        "x-ms-request-id": [
          "c28d64da-bfa2-4626-a0e5-3be0abd111df"
        ],
        "azure-asyncoperation": [
          "https://management.azure.com/subscriptions/f9b96b36-1f5e-4021-8959-51527e26e6d3/providers/Microsoft.CognitiveServices/locations/West US 2/operationResults/a5a2f592-0add-42c2-bdca-6ca2b1eb9a44?api-version=2017-04-18"
        ],
        "x-envoy-upstream-service-time": [
          "1863"
        ],
        "Server": [
          "istio-envoy"
        ],
        "x-ms-ratelimit-remaining-subscription-writes": [
          "1198"
        ],
        "x-ms-correlation-request-id": [
          "3cdfe250-6ca9-4fad-aa9a-635736fce3d8"
        ],
        "x-ms-routing-request-id": [
          "WESTUS2:20230619T223642Z:3cdfe250-6ca9-4fad-aa9a-635736fce3d8"
        ],
        "Strict-Transport-Security": [
          "max-age=31536000; includeSubDomains"
        ],
        "Date": [
          "Mon, 19 Jun 2023 22:36:42 GMT"
        ],
        "Content-Length": [
          "2920"
        ],
        "Content-Type": [
          "application/json; charset=utf-8"
        ],
        "Expires": [
          "-1"
        ]
      },
      "ResponseBody": "{\r\n  \"id\": \"/subscriptions/f9b96b36-1f5e-4021-8959-51527e26e6d3/resourceGroups/pstestrg8992/providers/Microsoft.CognitiveServices/accounts/csapstestrg8992\",\r\n  \"name\": \"csapstestrg8992\",\r\n  \"type\": \"Microsoft.CognitiveServices/accounts\",\r\n  \"etag\": \"\\\"4a00cc7a-0000-0800-0000-6490d87a0000\\\"\",\r\n  \"location\": \"West US 2\",\r\n  \"sku\": {\r\n    \"name\": \"S1\"\r\n  },\r\n  \"kind\": \"TextAnalytics\",\r\n  \"properties\": {\r\n    \"endpoint\": \"https://csapstestrg8992.cognitiveservices.azure.com/\",\r\n    \"internalId\": \"23b2e5ec07d14b5f8c2c0a37a82615c5\",\r\n    \"dateCreated\": \"2023-06-19T22:36:41.3814035Z\",\r\n    \"apiProperties\": {\r\n      \"qnaAzureSearchEndpointKey\": null\r\n    },\r\n    \"isMigrated\": false,\r\n    \"customSubDomainName\": \"csapstestrg8992\",\r\n    \"privateEndpointConnections\": [],\r\n    \"publicNetworkAccess\": \"Disabled\",\r\n    \"capabilities\": [\r\n      {\r\n        \"name\": \"VirtualNetworks\"\r\n      },\r\n      {\r\n        \"name\": \"CustomerManagedKey\"\r\n      },\r\n      {\r\n        \"name\": \"Container\",\r\n        \"value\": \"TextAnalytics.*,TextAnalytics.Healthcare,TextAnalytics.HealthcareFhir,TextAnalytics.Keyphrase,TextAnalytics.KeyphraseV2,TextAnalytics.KeyPhraseONNX,TextAnalytics.LanguageFastText,TextAnalytics.Language,TextAnalytics.LanguageV2,TextAnalytics.Sentiment,TextAnalytics.SentimentV2,TextAnalytics.SentimentV3,TextAnalytics.SentimentV3Preview,TextAnalytics.CustomNER,TextAnalytics.textanalyticsdispatcher\"\r\n      },\r\n      {\r\n        \"name\": \"Cloud\",\r\n        \"value\": \"QuestionAnswer.AllApis,LanguageService.QuestionAnsweringApis\"\r\n      }\r\n    ],\r\n    \"endpoints\": {\r\n      \"Text Analytics\": \"https://csapstestrg8992.cognitiveservices.azure.com/\",\r\n      \"Custom Text Authoring\": \"https://csapstestrg8992.cognitiveservices.azure.com/\",\r\n      \"Conversational Language Understanding Authoring\": \"https://csapstestrg8992.cognitiveservices.azure.com/\",\r\n      \"Custom Question Answering Authoring\": \"https://csapstestrg8992.cognitiveservices.azure.com/\",\r\n      \"Custom Question Answering\": \"https://csapstestrg8992.cognitiveservices.azure.com/\",\r\n      \"ConversationalLURuntime\": \"https://csapstestrg8992.cognitiveservices.azure.com/\",\r\n      \"Language\": \"https://csapstestrg8992.cognitiveservices.azure.com/\",\r\n      \"Language-2022-05-01\": \"https://csapstestrg8992.cognitiveservices.azure.com/\",\r\n      \"QnAMaker\": \"https://csapstestrg8992.cognitiveservices.azure.com/\",\r\n      \"turing\": \"https://csapstestrg8992.cognitiveservices.azure.com/\",\r\n      \"Turing DeepWrite\": \"https://csapstestrg8992.cognitiveservices.azure.com/\",\r\n      \"QuestionAnswering\": \"https://csapstestrg8992.cognitiveservices.azure.com/\",\r\n      \"QuestionAnsweringBizQA\": \"https://csapstestrg8992.cognitiveservices.azure.com/\",\r\n      \"QuestionAnsweringQnAGen\": \"https://csapstestrg8992.cognitiveservices.azure.com/\",\r\n      \"QuestionAnswering Generate\": \"https://csapstestrg8992.cognitiveservices.azure.com/\",\r\n      \"LUIS.Authoring\": \"https://csapstestrg8992.cognitiveservices.azure.com/\",\r\n      \"Container\": \"https://csapstestrg8992.cognitiveservices.azure.com/\"\r\n    },\r\n    \"provisioningState\": \"Creating\"\r\n  },\r\n  \"systemData\": {\r\n    \"createdBy\": \"50841d5f-166a-406c-8472-6800c9698b43\",\r\n    \"createdByType\": \"Application\",\r\n    \"createdAt\": \"2023-06-19T22:36:40.5737574Z\",\r\n    \"lastModifiedBy\": \"50841d5f-166a-406c-8472-6800c9698b43\",\r\n    \"lastModifiedByType\": \"Application\",\r\n    \"lastModifiedAt\": \"2023-06-19T22:36:40.5737574Z\"\r\n  }\r\n}",
      "StatusCode": 201
    },
    {
      "RequestUri": "/subscriptions/f9b96b36-1f5e-4021-8959-51527e26e6d3/providers/Microsoft.CognitiveServices/locations/West%20US%202/operationResults/a5a2f592-0add-42c2-bdca-6ca2b1eb9a44?api-version=2017-04-18",
      "EncodedRequestUri": "L3N1YnNjcmlwdGlvbnMvZjliOTZiMzYtMWY1ZS00MDIxLTg5NTktNTE1MjdlMjZlNmQzL3Byb3ZpZGVycy9NaWNyb3NvZnQuQ29nbml0aXZlU2VydmljZXMvbG9jYXRpb25zL1dlc3QlMjBVUyUyMDIvb3BlcmF0aW9uUmVzdWx0cy9hNWEyZjU5Mi0wYWRkLTQyYzItYmRjYS02Y2EyYjFlYjlhNDQ/YXBpLXZlcnNpb249MjAxNy0wNC0xOA==",
      "RequestMethod": "GET",
      "RequestHeaders": {
        "x-ms-client-request-id": [
          "2abe9694-a0f3-41d2-b949-6ed9c5bb777f"
        ],
        "User-Agent": [
          "FxVersion/4.700.22.55902",
          "OSName/Windows",
          "OSVersion/Microsoft.Windows.10.0.22621",
          "Microsoft.Azure.Management.CognitiveServices.CognitiveServicesManagementClient/9.0.0.0"
        ]
      },
      "RequestBody": "",
      "ResponseHeaders": {
        "Cache-Control": [
          "no-cache"
        ],
        "Pragma": [
          "no-cache"
        ],
        "X-Content-Type-Options": [
          "nosniff"
        ],
        "x-ms-request-id": [
          "7a4a8e68-8497-4989-8ea7-09ae58a10881"
        ],
        "x-envoy-upstream-service-time": [
          "6"
        ],
        "Server": [
          "istio-envoy"
        ],
        "x-ms-ratelimit-remaining-subscription-reads": [
          "11999"
        ],
        "x-ms-correlation-request-id": [
          "3c1cb503-0b1e-4610-92c9-a172c6ab8a8e"
        ],
        "x-ms-routing-request-id": [
          "WESTUS2:20230619T223712Z:3c1cb503-0b1e-4610-92c9-a172c6ab8a8e"
        ],
        "Strict-Transport-Security": [
          "max-age=31536000; includeSubDomains"
        ],
        "Date": [
          "Mon, 19 Jun 2023 22:37:12 GMT"
        ],
        "Content-Length": [
          "273"
        ],
        "Content-Type": [
          "application/json; charset=utf-8"
        ],
        "Expires": [
          "-1"
        ]
      },
      "ResponseBody": "{\r\n  \"id\": \"/subscriptions/f9b96b36-1f5e-4021-8959-51527e26e6d3/providers/Microsoft.CognitiveServices/locations/West US 2/operationResults/a5a2f592-0add-42c2-bdca-6ca2b1eb9a44\",\r\n  \"name\": \"a5a2f592-0add-42c2-bdca-6ca2b1eb9a44\",\r\n  \"status\": \"Creating\",\r\n  \"startTime\": \"2023-06-19T22:36:42Z\"\r\n}",
      "StatusCode": 200
    },
    {
      "RequestUri": "/subscriptions/f9b96b36-1f5e-4021-8959-51527e26e6d3/providers/Microsoft.CognitiveServices/locations/West%20US%202/operationResults/a5a2f592-0add-42c2-bdca-6ca2b1eb9a44?api-version=2017-04-18",
      "EncodedRequestUri": "L3N1YnNjcmlwdGlvbnMvZjliOTZiMzYtMWY1ZS00MDIxLTg5NTktNTE1MjdlMjZlNmQzL3Byb3ZpZGVycy9NaWNyb3NvZnQuQ29nbml0aXZlU2VydmljZXMvbG9jYXRpb25zL1dlc3QlMjBVUyUyMDIvb3BlcmF0aW9uUmVzdWx0cy9hNWEyZjU5Mi0wYWRkLTQyYzItYmRjYS02Y2EyYjFlYjlhNDQ/YXBpLXZlcnNpb249MjAxNy0wNC0xOA==",
      "RequestMethod": "GET",
      "RequestHeaders": {
        "x-ms-client-request-id": [
          "2abe9694-a0f3-41d2-b949-6ed9c5bb777f"
        ],
        "User-Agent": [
          "FxVersion/4.700.22.55902",
          "OSName/Windows",
          "OSVersion/Microsoft.Windows.10.0.22621",
          "Microsoft.Azure.Management.CognitiveServices.CognitiveServicesManagementClient/9.0.0.0"
        ]
      },
      "RequestBody": "",
      "ResponseHeaders": {
        "Cache-Control": [
          "no-cache"
        ],
        "Pragma": [
          "no-cache"
        ],
        "X-Content-Type-Options": [
          "nosniff"
        ],
        "x-ms-request-id": [
          "f65940d3-dac3-4e45-a8f8-3c81b10da1b2"
        ],
        "x-envoy-upstream-service-time": [
          "6"
        ],
        "Server": [
          "istio-envoy"
        ],
        "x-ms-ratelimit-remaining-subscription-reads": [
          "11998"
        ],
        "x-ms-correlation-request-id": [
          "da3bdddb-68e0-4f41-81ec-2704256de5f0"
        ],
        "x-ms-routing-request-id": [
          "WESTUS2:20230619T223743Z:da3bdddb-68e0-4f41-81ec-2704256de5f0"
        ],
        "Strict-Transport-Security": [
          "max-age=31536000; includeSubDomains"
        ],
        "Date": [
          "Mon, 19 Jun 2023 22:37:42 GMT"
        ],
        "Content-Length": [
          "307"
        ],
        "Content-Type": [
          "application/json; charset=utf-8"
        ],
        "Expires": [
          "-1"
        ]
      },
      "ResponseBody": "{\r\n  \"id\": \"/subscriptions/f9b96b36-1f5e-4021-8959-51527e26e6d3/providers/Microsoft.CognitiveServices/locations/West US 2/operationResults/a5a2f592-0add-42c2-bdca-6ca2b1eb9a44\",\r\n  \"name\": \"a5a2f592-0add-42c2-bdca-6ca2b1eb9a44\",\r\n  \"status\": \"Succeeded\",\r\n  \"startTime\": \"2023-06-19T22:36:42Z\",\r\n  \"endTime\": \"2023-06-19T22:37:13Z\"\r\n}",
      "StatusCode": 200
    },
    {
      "RequestUri": "/subscriptions/f9b96b36-1f5e-4021-8959-51527e26e6d3/resourceGroups/pstestrg8992/providers/Microsoft.CognitiveServices/accounts/csapstestrg8992?api-version=2023-05-01",
      "EncodedRequestUri": "L3N1YnNjcmlwdGlvbnMvZjliOTZiMzYtMWY1ZS00MDIxLTg5NTktNTE1MjdlMjZlNmQzL3Jlc291cmNlR3JvdXBzL3BzdGVzdHJnODk5Mi9wcm92aWRlcnMvTWljcm9zb2Z0LkNvZ25pdGl2ZVNlcnZpY2VzL2FjY291bnRzL2NzYXBzdGVzdHJnODk5Mj9hcGktdmVyc2lvbj0yMDIzLTA1LTAx",
      "RequestMethod": "GET",
      "RequestHeaders": {
        "x-ms-client-request-id": [
          "2abe9694-a0f3-41d2-b949-6ed9c5bb777f"
        ],
        "User-Agent": [
          "FxVersion/4.700.22.55902",
          "OSName/Windows",
          "OSVersion/Microsoft.Windows.10.0.22621",
          "Microsoft.Azure.Management.CognitiveServices.CognitiveServicesManagementClient/9.0.0.0"
        ]
      },
      "RequestBody": "",
      "ResponseHeaders": {
        "Cache-Control": [
          "no-cache"
        ],
        "Pragma": [
          "no-cache"
        ],
        "ETag": [
          "\"4a00d07a-0000-0800-0000-6490d8990000\""
        ],
        "X-Content-Type-Options": [
          "nosniff"
        ],
        "x-ms-request-id": [
          "2404ffd8-f417-468c-9ea3-b4cda9926f20"
        ],
        "x-envoy-upstream-service-time": [
          "9"
        ],
        "Server": [
          "istio-envoy"
        ],
        "x-ms-ratelimit-remaining-subscription-reads": [
          "11997"
        ],
        "x-ms-correlation-request-id": [
          "a77c91a3-ac5e-4104-a2c6-c5a28eac8517"
        ],
        "x-ms-routing-request-id": [
          "WESTUS2:20230619T223743Z:a77c91a3-ac5e-4104-a2c6-c5a28eac8517"
        ],
        "Strict-Transport-Security": [
          "max-age=31536000; includeSubDomains"
        ],
        "Date": [
          "Mon, 19 Jun 2023 22:37:42 GMT"
        ],
        "Content-Length": [
          "2921"
        ],
        "Content-Type": [
          "application/json; charset=utf-8"
        ],
        "Expires": [
          "-1"
        ]
      },
      "ResponseBody": "{\r\n  \"id\": \"/subscriptions/f9b96b36-1f5e-4021-8959-51527e26e6d3/resourceGroups/pstestrg8992/providers/Microsoft.CognitiveServices/accounts/csapstestrg8992\",\r\n  \"name\": \"csapstestrg8992\",\r\n  \"type\": \"Microsoft.CognitiveServices/accounts\",\r\n  \"etag\": \"\\\"4a00d07a-0000-0800-0000-6490d8990000\\\"\",\r\n  \"location\": \"West US 2\",\r\n  \"sku\": {\r\n    \"name\": \"S1\"\r\n  },\r\n  \"kind\": \"TextAnalytics\",\r\n  \"properties\": {\r\n    \"endpoint\": \"https://csapstestrg8992.cognitiveservices.azure.com/\",\r\n    \"internalId\": \"23b2e5ec07d14b5f8c2c0a37a82615c5\",\r\n    \"dateCreated\": \"2023-06-19T22:36:41.3814035Z\",\r\n    \"apiProperties\": {\r\n      \"qnaAzureSearchEndpointKey\": null\r\n    },\r\n    \"isMigrated\": false,\r\n    \"customSubDomainName\": \"csapstestrg8992\",\r\n    \"privateEndpointConnections\": [],\r\n    \"publicNetworkAccess\": \"Disabled\",\r\n    \"capabilities\": [\r\n      {\r\n        \"name\": \"VirtualNetworks\"\r\n      },\r\n      {\r\n        \"name\": \"CustomerManagedKey\"\r\n      },\r\n      {\r\n        \"name\": \"Container\",\r\n        \"value\": \"TextAnalytics.*,TextAnalytics.Healthcare,TextAnalytics.HealthcareFhir,TextAnalytics.Keyphrase,TextAnalytics.KeyphraseV2,TextAnalytics.KeyPhraseONNX,TextAnalytics.LanguageFastText,TextAnalytics.Language,TextAnalytics.LanguageV2,TextAnalytics.Sentiment,TextAnalytics.SentimentV2,TextAnalytics.SentimentV3,TextAnalytics.SentimentV3Preview,TextAnalytics.CustomNER,TextAnalytics.textanalyticsdispatcher\"\r\n      },\r\n      {\r\n        \"name\": \"Cloud\",\r\n        \"value\": \"QuestionAnswer.AllApis,LanguageService.QuestionAnsweringApis\"\r\n      }\r\n    ],\r\n    \"endpoints\": {\r\n      \"Text Analytics\": \"https://csapstestrg8992.cognitiveservices.azure.com/\",\r\n      \"Custom Text Authoring\": \"https://csapstestrg8992.cognitiveservices.azure.com/\",\r\n      \"Conversational Language Understanding Authoring\": \"https://csapstestrg8992.cognitiveservices.azure.com/\",\r\n      \"Custom Question Answering Authoring\": \"https://csapstestrg8992.cognitiveservices.azure.com/\",\r\n      \"Custom Question Answering\": \"https://csapstestrg8992.cognitiveservices.azure.com/\",\r\n      \"ConversationalLURuntime\": \"https://csapstestrg8992.cognitiveservices.azure.com/\",\r\n      \"Language\": \"https://csapstestrg8992.cognitiveservices.azure.com/\",\r\n      \"Language-2022-05-01\": \"https://csapstestrg8992.cognitiveservices.azure.com/\",\r\n      \"QnAMaker\": \"https://csapstestrg8992.cognitiveservices.azure.com/\",\r\n      \"turing\": \"https://csapstestrg8992.cognitiveservices.azure.com/\",\r\n      \"Turing DeepWrite\": \"https://csapstestrg8992.cognitiveservices.azure.com/\",\r\n      \"QuestionAnswering\": \"https://csapstestrg8992.cognitiveservices.azure.com/\",\r\n      \"QuestionAnsweringBizQA\": \"https://csapstestrg8992.cognitiveservices.azure.com/\",\r\n      \"QuestionAnsweringQnAGen\": \"https://csapstestrg8992.cognitiveservices.azure.com/\",\r\n      \"QuestionAnswering Generate\": \"https://csapstestrg8992.cognitiveservices.azure.com/\",\r\n      \"LUIS.Authoring\": \"https://csapstestrg8992.cognitiveservices.azure.com/\",\r\n      \"Container\": \"https://csapstestrg8992.cognitiveservices.azure.com/\"\r\n    },\r\n    \"provisioningState\": \"Succeeded\"\r\n  },\r\n  \"systemData\": {\r\n    \"createdBy\": \"50841d5f-166a-406c-8472-6800c9698b43\",\r\n    \"createdByType\": \"Application\",\r\n    \"createdAt\": \"2023-06-19T22:36:40.5737574Z\",\r\n    \"lastModifiedBy\": \"50841d5f-166a-406c-8472-6800c9698b43\",\r\n    \"lastModifiedByType\": \"Application\",\r\n    \"lastModifiedAt\": \"2023-06-19T22:36:40.5737574Z\"\r\n  }\r\n}",
      "StatusCode": 200
    },
    {
      "RequestUri": "/subscriptions/f9b96b36-1f5e-4021-8959-51527e26e6d3/resourceGroups/pstestrg8992/providers/Microsoft.CognitiveServices/accounts/csapstestrg8992?api-version=2023-05-01",
      "EncodedRequestUri": "L3N1YnNjcmlwdGlvbnMvZjliOTZiMzYtMWY1ZS00MDIxLTg5NTktNTE1MjdlMjZlNmQzL3Jlc291cmNlR3JvdXBzL3BzdGVzdHJnODk5Mi9wcm92aWRlcnMvTWljcm9zb2Z0LkNvZ25pdGl2ZVNlcnZpY2VzL2FjY291bnRzL2NzYXBzdGVzdHJnODk5Mj9hcGktdmVyc2lvbj0yMDIzLTA1LTAx",
      "RequestMethod": "GET",
      "RequestHeaders": {
        "x-ms-client-request-id": [
          "2abe9694-a0f3-41d2-b949-6ed9c5bb777f"
        ],
        "Accept-Language": [
          "en-US"
        ],
        "User-Agent": [
          "FxVersion/4.700.22.55902",
          "OSName/Windows",
          "OSVersion/Microsoft.Windows.10.0.22621",
          "Microsoft.Azure.Management.CognitiveServices.CognitiveServicesManagementClient/9.0.0.0"
        ]
      },
      "RequestBody": "",
      "ResponseHeaders": {
        "Cache-Control": [
          "no-cache"
        ],
        "Pragma": [
          "no-cache"
        ],
        "ETag": [
          "\"4a00d07a-0000-0800-0000-6490d8990000\""
        ],
        "X-Content-Type-Options": [
          "nosniff"
        ],
        "x-ms-request-id": [
          "4172c2e0-f8d0-4998-9a25-a87ba9208272"
        ],
        "x-envoy-upstream-service-time": [
          "9"
        ],
        "Server": [
          "istio-envoy"
        ],
        "x-ms-ratelimit-remaining-subscription-reads": [
          "11996"
        ],
        "x-ms-correlation-request-id": [
          "d8c9f580-7694-41f8-a009-c42f08eb0e22"
        ],
        "x-ms-routing-request-id": [
          "WESTUS2:20230619T223743Z:d8c9f580-7694-41f8-a009-c42f08eb0e22"
        ],
        "Strict-Transport-Security": [
          "max-age=31536000; includeSubDomains"
        ],
        "Date": [
          "Mon, 19 Jun 2023 22:37:42 GMT"
        ],
        "Content-Length": [
          "2921"
        ],
        "Content-Type": [
          "application/json; charset=utf-8"
        ],
        "Expires": [
          "-1"
        ]
      },
      "ResponseBody": "{\r\n  \"id\": \"/subscriptions/f9b96b36-1f5e-4021-8959-51527e26e6d3/resourceGroups/pstestrg8992/providers/Microsoft.CognitiveServices/accounts/csapstestrg8992\",\r\n  \"name\": \"csapstestrg8992\",\r\n  \"type\": \"Microsoft.CognitiveServices/accounts\",\r\n  \"etag\": \"\\\"4a00d07a-0000-0800-0000-6490d8990000\\\"\",\r\n  \"location\": \"West US 2\",\r\n  \"sku\": {\r\n    \"name\": \"S1\"\r\n  },\r\n  \"kind\": \"TextAnalytics\",\r\n  \"properties\": {\r\n    \"endpoint\": \"https://csapstestrg8992.cognitiveservices.azure.com/\",\r\n    \"internalId\": \"23b2e5ec07d14b5f8c2c0a37a82615c5\",\r\n    \"dateCreated\": \"2023-06-19T22:36:41.3814035Z\",\r\n    \"apiProperties\": {\r\n      \"qnaAzureSearchEndpointKey\": null\r\n    },\r\n    \"isMigrated\": false,\r\n    \"customSubDomainName\": \"csapstestrg8992\",\r\n    \"privateEndpointConnections\": [],\r\n    \"publicNetworkAccess\": \"Disabled\",\r\n    \"capabilities\": [\r\n      {\r\n        \"name\": \"VirtualNetworks\"\r\n      },\r\n      {\r\n        \"name\": \"CustomerManagedKey\"\r\n      },\r\n      {\r\n        \"name\": \"Container\",\r\n        \"value\": \"TextAnalytics.*,TextAnalytics.Healthcare,TextAnalytics.HealthcareFhir,TextAnalytics.Keyphrase,TextAnalytics.KeyphraseV2,TextAnalytics.KeyPhraseONNX,TextAnalytics.LanguageFastText,TextAnalytics.Language,TextAnalytics.LanguageV2,TextAnalytics.Sentiment,TextAnalytics.SentimentV2,TextAnalytics.SentimentV3,TextAnalytics.SentimentV3Preview,TextAnalytics.CustomNER,TextAnalytics.textanalyticsdispatcher\"\r\n      },\r\n      {\r\n        \"name\": \"Cloud\",\r\n        \"value\": \"QuestionAnswer.AllApis,LanguageService.QuestionAnsweringApis\"\r\n      }\r\n    ],\r\n    \"endpoints\": {\r\n      \"Text Analytics\": \"https://csapstestrg8992.cognitiveservices.azure.com/\",\r\n      \"Custom Text Authoring\": \"https://csapstestrg8992.cognitiveservices.azure.com/\",\r\n      \"Conversational Language Understanding Authoring\": \"https://csapstestrg8992.cognitiveservices.azure.com/\",\r\n      \"Custom Question Answering Authoring\": \"https://csapstestrg8992.cognitiveservices.azure.com/\",\r\n      \"Custom Question Answering\": \"https://csapstestrg8992.cognitiveservices.azure.com/\",\r\n      \"ConversationalLURuntime\": \"https://csapstestrg8992.cognitiveservices.azure.com/\",\r\n      \"Language\": \"https://csapstestrg8992.cognitiveservices.azure.com/\",\r\n      \"Language-2022-05-01\": \"https://csapstestrg8992.cognitiveservices.azure.com/\",\r\n      \"QnAMaker\": \"https://csapstestrg8992.cognitiveservices.azure.com/\",\r\n      \"turing\": \"https://csapstestrg8992.cognitiveservices.azure.com/\",\r\n      \"Turing DeepWrite\": \"https://csapstestrg8992.cognitiveservices.azure.com/\",\r\n      \"QuestionAnswering\": \"https://csapstestrg8992.cognitiveservices.azure.com/\",\r\n      \"QuestionAnsweringBizQA\": \"https://csapstestrg8992.cognitiveservices.azure.com/\",\r\n      \"QuestionAnsweringQnAGen\": \"https://csapstestrg8992.cognitiveservices.azure.com/\",\r\n      \"QuestionAnswering Generate\": \"https://csapstestrg8992.cognitiveservices.azure.com/\",\r\n      \"LUIS.Authoring\": \"https://csapstestrg8992.cognitiveservices.azure.com/\",\r\n      \"Container\": \"https://csapstestrg8992.cognitiveservices.azure.com/\"\r\n    },\r\n    \"provisioningState\": \"Succeeded\"\r\n  },\r\n  \"systemData\": {\r\n    \"createdBy\": \"50841d5f-166a-406c-8472-6800c9698b43\",\r\n    \"createdByType\": \"Application\",\r\n    \"createdAt\": \"2023-06-19T22:36:40.5737574Z\",\r\n    \"lastModifiedBy\": \"50841d5f-166a-406c-8472-6800c9698b43\",\r\n    \"lastModifiedByType\": \"Application\",\r\n    \"lastModifiedAt\": \"2023-06-19T22:36:40.5737574Z\"\r\n  }\r\n}",
      "StatusCode": 200
    },
    {
      "RequestUri": "/subscriptions/f9b96b36-1f5e-4021-8959-51527e26e6d3/resourcegroups/pstestrg8992?api-version=2016-09-01",
      "EncodedRequestUri": "L3N1YnNjcmlwdGlvbnMvZjliOTZiMzYtMWY1ZS00MDIxLTg5NTktNTE1MjdlMjZlNmQzL3Jlc291cmNlZ3JvdXBzL3BzdGVzdHJnODk5Mj9hcGktdmVyc2lvbj0yMDE2LTA5LTAx",
      "RequestMethod": "DELETE",
      "RequestHeaders": {
        "x-ms-client-request-id": [
          "d3a08035-9931-41f6-9266-9fe560133d88"
        ],
        "Accept-Language": [
          "en-US"
        ],
        "User-Agent": [
          "FxVersion/4.700.22.55902",
          "OSName/Windows",
          "OSVersion/Microsoft.Windows.10.0.22621",
          "Microsoft.Azure.Management.Internal.Resources.ResourceManagementClient/1.3.76"
        ]
      },
      "RequestBody": "",
      "ResponseHeaders": {
        "Cache-Control": [
          "no-cache"
        ],
        "Pragma": [
          "no-cache"
        ],
        "Location": [
          "https://management.azure.com/subscriptions/f9b96b36-1f5e-4021-8959-51527e26e6d3/operationresults/eyJqb2JJZCI6IlJFU09VUkNFR1JPVVBERUxFVElPTkpPQi1QU1RFU1RSRzg5OTItV0VTVFVTMiIsImpvYkxvY2F0aW9uIjoid2VzdHVzMiJ9?api-version=2016-09-01"
        ],
        "Retry-After": [
          "15"
        ],
        "x-ms-ratelimit-remaining-subscription-deletes": [
          "14999"
        ],
        "x-ms-request-id": [
          "f329b055-c4c4-4c2a-a0c6-8de79c3bcb1c"
        ],
        "x-ms-correlation-request-id": [
          "f329b055-c4c4-4c2a-a0c6-8de79c3bcb1c"
        ],
        "x-ms-routing-request-id": [
          "WESTUS2:20230619T223743Z:f329b055-c4c4-4c2a-a0c6-8de79c3bcb1c"
        ],
        "Strict-Transport-Security": [
          "max-age=31536000; includeSubDomains"
        ],
        "X-Content-Type-Options": [
          "nosniff"
        ],
        "Date": [
          "Mon, 19 Jun 2023 22:37:42 GMT"
        ],
        "Expires": [
          "-1"
        ],
        "Content-Length": [
          "0"
        ]
      },
      "ResponseBody": "",
      "StatusCode": 202
    },
    {
      "RequestUri": "/subscriptions/f9b96b36-1f5e-4021-8959-51527e26e6d3/operationresults/eyJqb2JJZCI6IlJFU09VUkNFR1JPVVBERUxFVElPTkpPQi1QU1RFU1RSRzg5OTItV0VTVFVTMiIsImpvYkxvY2F0aW9uIjoid2VzdHVzMiJ9?api-version=2016-09-01",
      "EncodedRequestUri": "L3N1YnNjcmlwdGlvbnMvZjliOTZiMzYtMWY1ZS00MDIxLTg5NTktNTE1MjdlMjZlNmQzL29wZXJhdGlvbnJlc3VsdHMvZXlKcWIySkpaQ0k2SWxKRlUwOVZVa05GUjFKUFZWQkVSVXhGVkVsUFRrcFBRaTFRVTFSRlUxUlNSemc1T1RJdFYwVlRWRlZUTWlJc0ltcHZZa3h2WTJGMGFXOXVJam9pZDJWemRIVnpNaUo5P2FwaS12ZXJzaW9uPTIwMTYtMDktMDE=",
      "RequestMethod": "GET",
      "RequestHeaders": {
        "User-Agent": [
          "FxVersion/4.700.22.55902",
          "OSName/Windows",
          "OSVersion/Microsoft.Windows.10.0.22621",
          "Microsoft.Azure.Management.Internal.Resources.ResourceManagementClient/1.3.76"
        ]
      },
      "RequestBody": "",
      "ResponseHeaders": {
        "Cache-Control": [
          "no-cache"
        ],
        "Pragma": [
          "no-cache"
        ],
        "Location": [
          "https://management.azure.com/subscriptions/f9b96b36-1f5e-4021-8959-51527e26e6d3/operationresults/eyJqb2JJZCI6IlJFU09VUkNFR1JPVVBERUxFVElPTkpPQi1QU1RFU1RSRzg5OTItV0VTVFVTMiIsImpvYkxvY2F0aW9uIjoid2VzdHVzMiJ9?api-version=2016-09-01"
        ],
        "Retry-After": [
          "15"
        ],
        "x-ms-ratelimit-remaining-subscription-reads": [
          "11999"
        ],
        "x-ms-request-id": [
          "a97d1095-34d8-4346-9139-e20cabffaab7"
        ],
        "x-ms-correlation-request-id": [
          "a97d1095-34d8-4346-9139-e20cabffaab7"
        ],
        "x-ms-routing-request-id": [
          "WESTUS2:20230619T223758Z:a97d1095-34d8-4346-9139-e20cabffaab7"
        ],
        "Strict-Transport-Security": [
          "max-age=31536000; includeSubDomains"
        ],
        "X-Content-Type-Options": [
          "nosniff"
        ],
        "Date": [
          "Mon, 19 Jun 2023 22:37:57 GMT"
        ],
        "Expires": [
          "-1"
        ],
        "Content-Length": [
          "0"
        ]
      },
      "ResponseBody": "",
      "StatusCode": 202
    },
    {
      "RequestUri": "/subscriptions/f9b96b36-1f5e-4021-8959-51527e26e6d3/operationresults/eyJqb2JJZCI6IlJFU09VUkNFR1JPVVBERUxFVElPTkpPQi1QU1RFU1RSRzg5OTItV0VTVFVTMiIsImpvYkxvY2F0aW9uIjoid2VzdHVzMiJ9?api-version=2016-09-01",
      "EncodedRequestUri": "L3N1YnNjcmlwdGlvbnMvZjliOTZiMzYtMWY1ZS00MDIxLTg5NTktNTE1MjdlMjZlNmQzL29wZXJhdGlvbnJlc3VsdHMvZXlKcWIySkpaQ0k2SWxKRlUwOVZVa05GUjFKUFZWQkVSVXhGVkVsUFRrcFBRaTFRVTFSRlUxUlNSemc1T1RJdFYwVlRWRlZUTWlJc0ltcHZZa3h2WTJGMGFXOXVJam9pZDJWemRIVnpNaUo5P2FwaS12ZXJzaW9uPTIwMTYtMDktMDE=",
      "RequestMethod": "GET",
      "RequestHeaders": {
        "User-Agent": [
          "FxVersion/4.700.22.55902",
          "OSName/Windows",
          "OSVersion/Microsoft.Windows.10.0.22621",
          "Microsoft.Azure.Management.Internal.Resources.ResourceManagementClient/1.3.76"
        ]
      },
      "RequestBody": "",
      "ResponseHeaders": {
        "Cache-Control": [
          "no-cache"
        ],
        "Pragma": [
          "no-cache"
        ],
        "Location": [
          "https://management.azure.com/subscriptions/f9b96b36-1f5e-4021-8959-51527e26e6d3/operationresults/eyJqb2JJZCI6IlJFU09VUkNFR1JPVVBERUxFVElPTkpPQi1QU1RFU1RSRzg5OTItV0VTVFVTMiIsImpvYkxvY2F0aW9uIjoid2VzdHVzMiJ9?api-version=2016-09-01"
        ],
        "Retry-After": [
          "15"
        ],
        "x-ms-ratelimit-remaining-subscription-reads": [
          "11998"
        ],
        "x-ms-request-id": [
          "a8ad307a-548c-48e3-bf45-8e379c400575"
        ],
        "x-ms-correlation-request-id": [
          "a8ad307a-548c-48e3-bf45-8e379c400575"
        ],
        "x-ms-routing-request-id": [
          "WESTUS2:20230619T223813Z:a8ad307a-548c-48e3-bf45-8e379c400575"
        ],
        "Strict-Transport-Security": [
          "max-age=31536000; includeSubDomains"
        ],
        "X-Content-Type-Options": [
          "nosniff"
        ],
        "Date": [
          "Mon, 19 Jun 2023 22:38:12 GMT"
        ],
        "Expires": [
          "-1"
        ],
        "Content-Length": [
          "0"
        ]
      },
      "ResponseBody": "",
      "StatusCode": 202
    },
    {
      "RequestUri": "/subscriptions/f9b96b36-1f5e-4021-8959-51527e26e6d3/operationresults/eyJqb2JJZCI6IlJFU09VUkNFR1JPVVBERUxFVElPTkpPQi1QU1RFU1RSRzg5OTItV0VTVFVTMiIsImpvYkxvY2F0aW9uIjoid2VzdHVzMiJ9?api-version=2016-09-01",
      "EncodedRequestUri": "L3N1YnNjcmlwdGlvbnMvZjliOTZiMzYtMWY1ZS00MDIxLTg5NTktNTE1MjdlMjZlNmQzL29wZXJhdGlvbnJlc3VsdHMvZXlKcWIySkpaQ0k2SWxKRlUwOVZVa05GUjFKUFZWQkVSVXhGVkVsUFRrcFBRaTFRVTFSRlUxUlNSemc1T1RJdFYwVlRWRlZUTWlJc0ltcHZZa3h2WTJGMGFXOXVJam9pZDJWemRIVnpNaUo5P2FwaS12ZXJzaW9uPTIwMTYtMDktMDE=",
      "RequestMethod": "GET",
      "RequestHeaders": {
        "User-Agent": [
          "FxVersion/4.700.22.55902",
          "OSName/Windows",
          "OSVersion/Microsoft.Windows.10.0.22621",
          "Microsoft.Azure.Management.Internal.Resources.ResourceManagementClient/1.3.76"
        ]
      },
      "RequestBody": "",
      "ResponseHeaders": {
        "Cache-Control": [
          "no-cache"
        ],
        "Pragma": [
          "no-cache"
        ],
        "Location": [
          "https://management.azure.com/subscriptions/f9b96b36-1f5e-4021-8959-51527e26e6d3/operationresults/eyJqb2JJZCI6IlJFU09VUkNFR1JPVVBERUxFVElPTkpPQi1QU1RFU1RSRzg5OTItV0VTVFVTMiIsImpvYkxvY2F0aW9uIjoid2VzdHVzMiJ9?api-version=2016-09-01"
        ],
        "Retry-After": [
          "15"
        ],
        "x-ms-ratelimit-remaining-subscription-reads": [
          "11997"
        ],
        "x-ms-request-id": [
          "19747221-5b02-480c-9fdb-6a611f2f862f"
        ],
        "x-ms-correlation-request-id": [
          "19747221-5b02-480c-9fdb-6a611f2f862f"
        ],
        "x-ms-routing-request-id": [
          "WESTUS2:20230619T223828Z:19747221-5b02-480c-9fdb-6a611f2f862f"
        ],
        "Strict-Transport-Security": [
          "max-age=31536000; includeSubDomains"
        ],
        "X-Content-Type-Options": [
          "nosniff"
        ],
        "Date": [
          "Mon, 19 Jun 2023 22:38:28 GMT"
        ],
        "Expires": [
          "-1"
        ],
        "Content-Length": [
          "0"
        ]
      },
      "ResponseBody": "",
      "StatusCode": 202
    },
    {
      "RequestUri": "/subscriptions/f9b96b36-1f5e-4021-8959-51527e26e6d3/operationresults/eyJqb2JJZCI6IlJFU09VUkNFR1JPVVBERUxFVElPTkpPQi1QU1RFU1RSRzg5OTItV0VTVFVTMiIsImpvYkxvY2F0aW9uIjoid2VzdHVzMiJ9?api-version=2016-09-01",
      "EncodedRequestUri": "L3N1YnNjcmlwdGlvbnMvZjliOTZiMzYtMWY1ZS00MDIxLTg5NTktNTE1MjdlMjZlNmQzL29wZXJhdGlvbnJlc3VsdHMvZXlKcWIySkpaQ0k2SWxKRlUwOVZVa05GUjFKUFZWQkVSVXhGVkVsUFRrcFBRaTFRVTFSRlUxUlNSemc1T1RJdFYwVlRWRlZUTWlJc0ltcHZZa3h2WTJGMGFXOXVJam9pZDJWemRIVnpNaUo5P2FwaS12ZXJzaW9uPTIwMTYtMDktMDE=",
      "RequestMethod": "GET",
      "RequestHeaders": {
        "User-Agent": [
          "FxVersion/4.700.22.55902",
          "OSName/Windows",
          "OSVersion/Microsoft.Windows.10.0.22621",
          "Microsoft.Azure.Management.Internal.Resources.ResourceManagementClient/1.3.76"
        ]
      },
      "RequestBody": "",
      "ResponseHeaders": {
        "Cache-Control": [
          "no-cache"
        ],
        "Pragma": [
          "no-cache"
        ],
        "Location": [
          "https://management.azure.com/subscriptions/f9b96b36-1f5e-4021-8959-51527e26e6d3/operationresults/eyJqb2JJZCI6IlJFU09VUkNFR1JPVVBERUxFVElPTkpPQi1QU1RFU1RSRzg5OTItV0VTVFVTMiIsImpvYkxvY2F0aW9uIjoid2VzdHVzMiJ9?api-version=2016-09-01"
        ],
        "Retry-After": [
          "15"
        ],
        "x-ms-ratelimit-remaining-subscription-reads": [
          "11996"
        ],
        "x-ms-request-id": [
          "bb542334-414e-4b19-9f6f-c9320fd530e3"
        ],
        "x-ms-correlation-request-id": [
          "bb542334-414e-4b19-9f6f-c9320fd530e3"
        ],
        "x-ms-routing-request-id": [
          "WESTUS2:20230619T223843Z:bb542334-414e-4b19-9f6f-c9320fd530e3"
        ],
        "Strict-Transport-Security": [
          "max-age=31536000; includeSubDomains"
        ],
        "X-Content-Type-Options": [
          "nosniff"
        ],
        "Date": [
          "Mon, 19 Jun 2023 22:38:43 GMT"
        ],
        "Expires": [
          "-1"
        ],
        "Content-Length": [
          "0"
        ]
      },
      "ResponseBody": "",
      "StatusCode": 202
    },
    {
      "RequestUri": "/subscriptions/f9b96b36-1f5e-4021-8959-51527e26e6d3/operationresults/eyJqb2JJZCI6IlJFU09VUkNFR1JPVVBERUxFVElPTkpPQi1QU1RFU1RSRzg5OTItV0VTVFVTMiIsImpvYkxvY2F0aW9uIjoid2VzdHVzMiJ9?api-version=2016-09-01",
      "EncodedRequestUri": "L3N1YnNjcmlwdGlvbnMvZjliOTZiMzYtMWY1ZS00MDIxLTg5NTktNTE1MjdlMjZlNmQzL29wZXJhdGlvbnJlc3VsdHMvZXlKcWIySkpaQ0k2SWxKRlUwOVZVa05GUjFKUFZWQkVSVXhGVkVsUFRrcFBRaTFRVTFSRlUxUlNSemc1T1RJdFYwVlRWRlZUTWlJc0ltcHZZa3h2WTJGMGFXOXVJam9pZDJWemRIVnpNaUo5P2FwaS12ZXJzaW9uPTIwMTYtMDktMDE=",
      "RequestMethod": "GET",
      "RequestHeaders": {
        "User-Agent": [
          "FxVersion/4.700.22.55902",
          "OSName/Windows",
          "OSVersion/Microsoft.Windows.10.0.22621",
          "Microsoft.Azure.Management.Internal.Resources.ResourceManagementClient/1.3.76"
        ]
      },
      "RequestBody": "",
      "ResponseHeaders": {
        "Cache-Control": [
          "no-cache"
        ],
        "Pragma": [
          "no-cache"
        ],
        "x-ms-ratelimit-remaining-subscription-reads": [
          "11995"
        ],
        "x-ms-request-id": [
          "54aa19bd-f2b4-4a8b-b84d-1b5047d09e0b"
        ],
        "x-ms-correlation-request-id": [
          "54aa19bd-f2b4-4a8b-b84d-1b5047d09e0b"
        ],
        "x-ms-routing-request-id": [
          "WESTUS2:20230619T223858Z:54aa19bd-f2b4-4a8b-b84d-1b5047d09e0b"
        ],
        "Strict-Transport-Security": [
          "max-age=31536000; includeSubDomains"
        ],
        "X-Content-Type-Options": [
          "nosniff"
        ],
        "Date": [
          "Mon, 19 Jun 2023 22:38:58 GMT"
        ],
        "Expires": [
          "-1"
        ],
        "Content-Length": [
          "0"
        ]
      },
      "ResponseBody": "",
      "StatusCode": 200
    },
    {
      "RequestUri": "/subscriptions/f9b96b36-1f5e-4021-8959-51527e26e6d3/operationresults/eyJqb2JJZCI6IlJFU09VUkNFR1JPVVBERUxFVElPTkpPQi1QU1RFU1RSRzg5OTItV0VTVFVTMiIsImpvYkxvY2F0aW9uIjoid2VzdHVzMiJ9?api-version=2016-09-01",
      "EncodedRequestUri": "L3N1YnNjcmlwdGlvbnMvZjliOTZiMzYtMWY1ZS00MDIxLTg5NTktNTE1MjdlMjZlNmQzL29wZXJhdGlvbnJlc3VsdHMvZXlKcWIySkpaQ0k2SWxKRlUwOVZVa05GUjFKUFZWQkVSVXhGVkVsUFRrcFBRaTFRVTFSRlUxUlNSemc1T1RJdFYwVlRWRlZUTWlJc0ltcHZZa3h2WTJGMGFXOXVJam9pZDJWemRIVnpNaUo5P2FwaS12ZXJzaW9uPTIwMTYtMDktMDE=",
      "RequestMethod": "GET",
      "RequestHeaders": {
        "User-Agent": [
          "FxVersion/4.700.22.55902",
          "OSName/Windows",
          "OSVersion/Microsoft.Windows.10.0.22621",
          "Microsoft.Azure.Management.Internal.Resources.ResourceManagementClient/1.3.76"
        ]
      },
      "RequestBody": "",
      "ResponseHeaders": {
        "Cache-Control": [
          "no-cache"
        ],
        "Pragma": [
          "no-cache"
        ],
        "x-ms-ratelimit-remaining-subscription-reads": [
          "11994"
        ],
        "x-ms-request-id": [
          "0651d5a2-69d6-40bc-b281-56b45e6ea1eb"
        ],
        "x-ms-correlation-request-id": [
          "0651d5a2-69d6-40bc-b281-56b45e6ea1eb"
        ],
        "x-ms-routing-request-id": [
          "WESTUS2:20230619T223858Z:0651d5a2-69d6-40bc-b281-56b45e6ea1eb"
        ],
        "Strict-Transport-Security": [
          "max-age=31536000; includeSubDomains"
        ],
        "X-Content-Type-Options": [
          "nosniff"
        ],
        "Date": [
          "Mon, 19 Jun 2023 22:38:58 GMT"
        ],
        "Expires": [
          "-1"
        ],
        "Content-Length": [
          "0"
        ]
      },
      "ResponseBody": "",
      "StatusCode": 200
    }
  ],
  "Names": {
    "Test-PublicNetworkAccess": [
      "pstestrg1358",
      "pstestrg2109",
      "pstestrg8992"
    ]
  },
  "Variables": {
    "SubscriptionId": "f9b96b36-1f5e-4021-8959-51527e26e6d3"
  }
}