{
  "Entries": [
    {
      "RequestUri": "/subscriptions/f9b96b36-1f5e-4021-8959-51527e26e6d3/providers/Microsoft.CognitiveServices?api-version=2016-09-01",
      "EncodedRequestUri": "L3N1YnNjcmlwdGlvbnMvZjliOTZiMzYtMWY1ZS00MDIxLTg5NTktNTE1MjdlMjZlNmQzL3Byb3ZpZGVycy9NaWNyb3NvZnQuQ29nbml0aXZlU2VydmljZXM/YXBpLXZlcnNpb249MjAxNi0wOS0wMQ==",
      "RequestMethod": "GET",
      "RequestBody": "",
      "RequestHeaders": {
        "x-ms-client-request-id": [
          "54f2caa0-2d29-4307-afd1-9878534ade8a"
        ],
        "Accept-Language": [
          "en-US"
        ],
        "User-Agent": [
          "FxVersion/4.6.27617.04",
          "OSName/Windows",
          "OSVersion/Microsoft.Windows.10.0.18362.",
          "Microsoft.Azure.Management.Internal.Resources.ResourceManagementClient/1.1.19"
        ]
      },
      "ResponseHeaders": {
        "Cache-Control": [
          "no-cache"
        ],
        "Pragma": [
          "no-cache"
        ],
        "x-ms-ratelimit-remaining-subscription-reads": [
          "11997"
        ],
        "x-ms-request-id": [
          "555db691-2757-4984-8a86-5314853665ea"
        ],
        "x-ms-correlation-request-id": [
          "555db691-2757-4984-8a86-5314853665ea"
        ],
        "x-ms-routing-request-id": [
          "WESTUS:20190711T232716Z:555db691-2757-4984-8a86-5314853665ea"
        ],
        "Strict-Transport-Security": [
          "max-age=31536000; includeSubDomains"
        ],
        "X-Content-Type-Options": [
          "nosniff"
        ],
        "Date": [
          "Thu, 11 Jul 2019 23:27:16 GMT"
        ],
        "Content-Type": [
          "application/json; charset=utf-8"
        ],
        "Expires": [
          "-1"
        ],
        "Content-Length": [
          "2830"
        ]
      },
      "ResponseBody": "{\r\n  \"id\": \"/subscriptions/f9b96b36-1f5e-4021-8959-51527e26e6d3/providers/Microsoft.CognitiveServices\",\r\n  \"namespace\": \"Microsoft.CognitiveServices\",\r\n  \"authorizations\": [\r\n    {\r\n      \"applicationId\": \"7d312290-28c8-473c-a0ed-8e53749b6d6d\",\r\n      \"roleDefinitionId\": \"5cb87f79-a7c3-4a95-9414-45b65974b51b\"\r\n    }\r\n  ],\r\n  \"resourceTypes\": [\r\n    {\r\n      \"resourceType\": \"accounts\",\r\n      \"locations\": [\r\n        \"Global\",\r\n        \"Australia East\",\r\n        \"Brazil South\",\r\n        \"West US\",\r\n        \"West US 2\",\r\n        \"West Europe\",\r\n        \"North Europe\",\r\n        \"Southeast Asia\",\r\n        \"East Asia\",\r\n        \"West Central US\",\r\n        \"South Central US\",\r\n        \"East US\",\r\n        \"East US 2\",\r\n        \"Canada Central\",\r\n        \"Japan East\",\r\n        \"Central India\",\r\n        \"UK South\",\r\n        \"Japan West\",\r\n        \"Korea Central\",\r\n        \"France Central\",\r\n        \"North Central US\",\r\n        \"Central US\",\r\n        \"Central US EUAP\",\r\n        \"South Africa North\"\r\n      ],\r\n      \"apiVersions\": [\r\n        \"2017-04-18\",\r\n        \"2016-02-01-preview\"\r\n      ],\r\n      \"capabilities\": \"CrossResourceGroupResourceMove, CrossSubscriptionResourceMove\"\r\n    },\r\n    {\r\n      \"resourceType\": \"operations\",\r\n      \"locations\": [\r\n        \"Global\",\r\n        \"Australia East\",\r\n        \"Brazil South\",\r\n        \"West US\",\r\n        \"West US 2\",\r\n        \"West Europe\",\r\n        \"North Europe\",\r\n        \"Southeast Asia\",\r\n        \"East Asia\",\r\n        \"West Central US\",\r\n        \"South Central US\",\r\n        \"East US\",\r\n        \"East US 2\",\r\n        \"Canada Central\",\r\n        \"Japan East\",\r\n        \"Central India\",\r\n        \"UK South\",\r\n        \"Japan West\",\r\n        \"Korea Central\",\r\n        \"France Central\",\r\n        \"North Central US\",\r\n        \"Central US\",\r\n        \"South Africa North\",\r\n        \"Central US EUAP\"\r\n      ],\r\n      \"apiVersions\": [\r\n        \"2017-04-18\",\r\n        \"2016-02-01-preview\"\r\n      ]\r\n    },\r\n    {\r\n      \"resourceType\": \"locations\",\r\n      \"locations\": [\r\n        \"Global\",\r\n        \"Australia East\",\r\n        \"Brazil South\",\r\n        \"West US\",\r\n        \"West US 2\",\r\n        \"West Europe\",\r\n        \"North Europe\",\r\n        \"Southeast Asia\",\r\n        \"East Asia\",\r\n        \"West Central US\",\r\n        \"South Central US\",\r\n        \"East US\",\r\n        \"East US 2\",\r\n        \"Canada Central\",\r\n        \"Japan East\",\r\n        \"Central India\",\r\n        \"UK South\",\r\n        \"Japan West\",\r\n        \"Korea Central\",\r\n        \"France Central\",\r\n        \"North Central US\",\r\n        \"Central US\",\r\n        \"South Africa North\",\r\n        \"Central US EUAP\"\r\n      ],\r\n      \"apiVersions\": [\r\n        \"2017-04-18\",\r\n        \"2016-02-01-preview\"\r\n      ]\r\n    },\r\n    {\r\n      \"resourceType\": \"locations/checkSkuAvailability\",\r\n      \"locations\": [\r\n        \"Global\",\r\n        \"Australia East\",\r\n        \"Brazil South\",\r\n        \"West US\",\r\n        \"West US 2\",\r\n        \"West Europe\",\r\n        \"North Europe\",\r\n        \"Southeast Asia\",\r\n        \"East Asia\",\r\n        \"West Central US\",\r\n        \"South Central US\",\r\n        \"East US\",\r\n        \"East US 2\",\r\n        \"Canada Central\",\r\n        \"Japan East\",\r\n        \"Central India\",\r\n        \"UK South\",\r\n        \"Japan West\",\r\n        \"Korea Central\",\r\n        \"France Central\",\r\n        \"North Central US\",\r\n        \"Central US\",\r\n        \"South Africa North\",\r\n        \"Central US EUAP\"\r\n      ],\r\n      \"apiVersions\": [\r\n        \"2017-04-18\",\r\n        \"2016-02-01-preview\"\r\n      ]\r\n    },\r\n    {\r\n      \"resourceType\": \"checkDomainAvailability\",\r\n      \"locations\": [],\r\n      \"apiVersions\": [\r\n        \"2017-04-18\"\r\n      ]\r\n    },\r\n    {\r\n      \"resourceType\": \"locations/updateAccountsCreationSettings\",\r\n      \"locations\": [\r\n        \"West US\",\r\n        \"Global\",\r\n        \"West Europe\",\r\n        \"Southeast Asia\",\r\n        \"West Central US\",\r\n        \"East US 2\"\r\n      ],\r\n      \"apiVersions\": [\r\n        \"2017-04-18\",\r\n        \"2016-02-01-preview\"\r\n      ]\r\n    },\r\n    {\r\n      \"resourceType\": \"locations/accountsCreationSettings\",\r\n      \"locations\": [\r\n        \"West US\",\r\n        \"Global\",\r\n        \"West Europe\",\r\n        \"Southeast Asia\",\r\n        \"West Central US\",\r\n        \"East US 2\"\r\n      ],\r\n      \"apiVersions\": [\r\n        \"2016-02-01-preview\"\r\n      ]\r\n    },\r\n    {\r\n      \"resourceType\": \"locations/deleteVirtualNetworkOrSubnets\",\r\n      \"locations\": [\r\n        \"Central US EUAP\"\r\n      ],\r\n      \"apiVersions\": [\r\n        \"2017-04-18\",\r\n        \"2016-02-01-preview\"\r\n      ]\r\n    }\r\n  ],\r\n  \"registrationState\": \"Registered\"\r\n}",
      "StatusCode": 200
    },
    {
      "RequestUri": "/subscriptions/f9b96b36-1f5e-4021-8959-51527e26e6d3/resourcegroups/pstestrg138?api-version=2016-09-01",
      "EncodedRequestUri": "L3N1YnNjcmlwdGlvbnMvZjliOTZiMzYtMWY1ZS00MDIxLTg5NTktNTE1MjdlMjZlNmQzL3Jlc291cmNlZ3JvdXBzL3BzdGVzdHJnMTM4P2FwaS12ZXJzaW9uPTIwMTYtMDktMDE=",
      "RequestMethod": "PUT",
      "RequestBody": "{\r\n  \"location\": \"Central US EUAP\"\r\n}",
      "RequestHeaders": {
        "x-ms-client-request-id": [
          "db52de7c-4ab3-451d-8784-f547675d87bc"
        ],
        "Accept-Language": [
          "en-US"
        ],
        "User-Agent": [
          "FxVersion/4.6.27617.04",
          "OSName/Windows",
          "OSVersion/Microsoft.Windows.10.0.18362.",
          "Microsoft.Azure.Management.Internal.Resources.ResourceManagementClient/1.1.19"
        ],
        "Content-Type": [
          "application/json; charset=utf-8"
        ],
        "Content-Length": [
          "37"
        ]
      },
      "ResponseHeaders": {
        "Cache-Control": [
          "no-cache"
        ],
        "Pragma": [
          "no-cache"
        ],
        "x-ms-ratelimit-remaining-subscription-writes": [
          "1199"
        ],
        "x-ms-request-id": [
          "141a1247-6bcc-4594-94f8-9728fa7777dd"
        ],
        "x-ms-correlation-request-id": [
          "141a1247-6bcc-4594-94f8-9728fa7777dd"
        ],
        "x-ms-routing-request-id": [
          "WESTUS:20190711T232719Z:141a1247-6bcc-4594-94f8-9728fa7777dd"
        ],
        "Strict-Transport-Security": [
          "max-age=31536000; includeSubDomains"
        ],
        "X-Content-Type-Options": [
          "nosniff"
        ],
        "Date": [
          "Thu, 11 Jul 2019 23:27:18 GMT"
        ],
        "Content-Length": [
          "182"
        ],
        "Content-Type": [
          "application/json; charset=utf-8"
        ],
        "Expires": [
          "-1"
        ]
      },
      "ResponseBody": "{\r\n  \"id\": \"/subscriptions/f9b96b36-1f5e-4021-8959-51527e26e6d3/resourceGroups/pstestrg138\",\r\n  \"name\": \"pstestrg138\",\r\n  \"location\": \"centraluseuap\",\r\n  \"properties\": {\r\n    \"provisioningState\": \"Succeeded\"\r\n  }\r\n}",
      "StatusCode": 201
    },
    {
      "RequestUri": "/subscriptions/f9b96b36-1f5e-4021-8959-51527e26e6d3/resourceGroups/pstestrg138/providers/Microsoft.CognitiveServices/accounts/csapstestrg138?api-version=2017-04-18",
      "EncodedRequestUri": "L3N1YnNjcmlwdGlvbnMvZjliOTZiMzYtMWY1ZS00MDIxLTg5NTktNTE1MjdlMjZlNmQzL3Jlc291cmNlR3JvdXBzL3BzdGVzdHJnMTM4L3Byb3ZpZGVycy9NaWNyb3NvZnQuQ29nbml0aXZlU2VydmljZXMvYWNjb3VudHMvY3NhcHN0ZXN0cmcxMzg/YXBpLXZlcnNpb249MjAxNy0wNC0xOA==",
      "RequestMethod": "PUT",
      "RequestBody": "{\r\n  \"sku\": {\r\n    \"name\": \"S0\"\r\n  },\r\n  \"kind\": \"Face\",\r\n  \"location\": \"Central US EUAP\",\r\n  \"properties\": {\r\n    \"customSubDomainName\": \"csapstestrg138\"\r\n  }\r\n}",
      "RequestHeaders": {
        "x-ms-client-request-id": [
          "8bdfbed4-9af4-4086-9e84-eddc8e202600"
        ],
        "Accept-Language": [
          "en-US"
        ],
        "User-Agent": [
          "FxVersion/4.6.27617.04",
          "OSName/Windows",
          "OSVersion/Microsoft.Windows.10.0.18362.",
          "Microsoft.Azure.Management.CognitiveServices.CognitiveServicesManagementClient/6.0.0.0"
        ],
        "Content-Type": [
          "application/json; charset=utf-8"
        ],
        "Content-Length": [
          "162"
        ]
      },
      "ResponseHeaders": {
        "Cache-Control": [
          "no-cache"
        ],
        "Pragma": [
          "no-cache"
        ],
        "ETag": [
          "\"1e0066d6-0000-3300-0000-5d27c5da0000\""
        ],
        "x-ms-request-id": [
          "7020464f-476d-4092-975a-0020e00d34a4"
        ],
        "Strict-Transport-Security": [
          "max-age=31536000; includeSubDomains"
        ],
        "Server": [
          "Microsoft-IIS/10.0"
        ],
        "X-AspNet-Version": [
          "4.0.30319"
        ],
        "X-Powered-By": [
          "ASP.NET"
        ],
        "x-ms-ratelimit-remaining-subscription-writes": [
          "1198"
        ],
        "x-ms-correlation-request-id": [
          "5cb79abe-776f-439c-957e-0e160b96f43c"
        ],
        "x-ms-routing-request-id": [
          "WESTUS:20190711T232722Z:5cb79abe-776f-439c-957e-0e160b96f43c"
        ],
        "X-Content-Type-Options": [
          "nosniff"
        ],
        "Date": [
          "Thu, 11 Jul 2019 23:27:22 GMT"
        ],
        "Content-Length": [
          "585"
        ],
        "Content-Type": [
          "application/json; charset=utf-8"
        ],
        "Expires": [
          "-1"
        ]
      },
      "ResponseBody": "{\r\n  \"id\": \"/subscriptions/f9b96b36-1f5e-4021-8959-51527e26e6d3/resourceGroups/pstestrg138/providers/Microsoft.CognitiveServices/accounts/csapstestrg138\",\r\n  \"name\": \"csapstestrg138\",\r\n  \"type\": \"Microsoft.CognitiveServices/accounts\",\r\n  \"etag\": \"\\\"1e0066d6-0000-3300-0000-5d27c5da0000\\\"\",\r\n  \"location\": \"Central US EUAP\",\r\n  \"sku\": {\r\n    \"name\": \"S0\"\r\n  },\r\n  \"kind\": \"Face\",\r\n  \"properties\": {\r\n    \"endpoint\": \"https://csapstestrg138.cognitiveservices.azure.com/face/v1.0\",\r\n    \"internalId\": \"28d36b54bd394c9aa9f5e3d80084a960\",\r\n    \"dateCreated\": \"2019-07-11T23:27:20.9166363Z\",\r\n    \"customSubDomainName\": \"csapstestrg138\",\r\n    \"provisioningState\": \"Succeeded\"\r\n  }\r\n}",
      "StatusCode": 201
    },
    {
      "RequestUri": "/subscriptions/f9b96b36-1f5e-4021-8959-51527e26e6d3/resourceGroups/pstestrg138/providers/Microsoft.CognitiveServices/accounts/csapstestrg138?api-version=2017-04-18",
      "EncodedRequestUri": "L3N1YnNjcmlwdGlvbnMvZjliOTZiMzYtMWY1ZS00MDIxLTg5NTktNTE1MjdlMjZlNmQzL3Jlc291cmNlR3JvdXBzL3BzdGVzdHJnMTM4L3Byb3ZpZGVycy9NaWNyb3NvZnQuQ29nbml0aXZlU2VydmljZXMvYWNjb3VudHMvY3NhcHN0ZXN0cmcxMzg/YXBpLXZlcnNpb249MjAxNy0wNC0xOA==",
      "RequestMethod": "GET",
      "RequestBody": "",
      "RequestHeaders": {
        "x-ms-client-request-id": [
          "3455b0e0-67fd-4b68-a538-ea491691a29f"
        ],
        "Accept-Language": [
          "en-US"
        ],
        "User-Agent": [
          "FxVersion/4.6.27617.04",
          "OSName/Windows",
          "OSVersion/Microsoft.Windows.10.0.18362.",
          "Microsoft.Azure.Management.CognitiveServices.CognitiveServicesManagementClient/6.0.0.0"
        ]
      },
      "ResponseHeaders": {
        "Cache-Control": [
          "no-cache"
        ],
        "Pragma": [
          "no-cache"
        ],
        "ETag": [
          "\"1e0066d6-0000-3300-0000-5d27c5da0000\""
        ],
        "x-ms-request-id": [
          "2dc2c8da-5015-4215-b3b3-00d86974b8ca"
        ],
        "Strict-Transport-Security": [
          "max-age=31536000; includeSubDomains"
        ],
        "Server": [
          "Microsoft-IIS/10.0"
        ],
        "X-AspNet-Version": [
          "4.0.30319"
        ],
        "X-Powered-By": [
          "ASP.NET"
        ],
        "x-ms-ratelimit-remaining-subscription-reads": [
          "11989"
        ],
        "x-ms-correlation-request-id": [
          "cd86ba17-5fd2-4155-a001-d8e6baef23d1"
        ],
        "x-ms-routing-request-id": [
          "WESTUS:20190711T232722Z:cd86ba17-5fd2-4155-a001-d8e6baef23d1"
        ],
        "X-Content-Type-Options": [
          "nosniff"
        ],
        "Date": [
          "Thu, 11 Jul 2019 23:27:22 GMT"
        ],
        "Content-Length": [
          "585"
        ],
        "Content-Type": [
          "application/json; charset=utf-8"
        ],
        "Expires": [
          "-1"
        ]
      },
      "ResponseBody": "{\r\n  \"id\": \"/subscriptions/f9b96b36-1f5e-4021-8959-51527e26e6d3/resourceGroups/pstestrg138/providers/Microsoft.CognitiveServices/accounts/csapstestrg138\",\r\n  \"name\": \"csapstestrg138\",\r\n  \"type\": \"Microsoft.CognitiveServices/accounts\",\r\n  \"etag\": \"\\\"1e0066d6-0000-3300-0000-5d27c5da0000\\\"\",\r\n  \"location\": \"Central US EUAP\",\r\n  \"sku\": {\r\n    \"name\": \"S0\"\r\n  },\r\n  \"kind\": \"Face\",\r\n  \"properties\": {\r\n    \"endpoint\": \"https://csapstestrg138.cognitiveservices.azure.com/face/v1.0\",\r\n    \"internalId\": \"28d36b54bd394c9aa9f5e3d80084a960\",\r\n    \"dateCreated\": \"2019-07-11T23:27:20.9166363Z\",\r\n    \"customSubDomainName\": \"csapstestrg138\",\r\n    \"provisioningState\": \"Succeeded\"\r\n  }\r\n}",
      "StatusCode": 200
    },
    {
      "RequestUri": "/subscriptions/f9b96b36-1f5e-4021-8959-51527e26e6d3/resourceGroups/pstestrg138/providers/Microsoft.CognitiveServices/accounts/csapstestrg138?api-version=2017-04-18",
      "EncodedRequestUri": "L3N1YnNjcmlwdGlvbnMvZjliOTZiMzYtMWY1ZS00MDIxLTg5NTktNTE1MjdlMjZlNmQzL3Jlc291cmNlR3JvdXBzL3BzdGVzdHJnMTM4L3Byb3ZpZGVycy9NaWNyb3NvZnQuQ29nbml0aXZlU2VydmljZXMvYWNjb3VudHMvY3NhcHN0ZXN0cmcxMzg/YXBpLXZlcnNpb249MjAxNy0wNC0xOA==",
      "RequestMethod": "GET",
      "RequestBody": "",
      "RequestHeaders": {
        "x-ms-client-request-id": [
          "c80da2d2-caac-480f-8b55-aa918c60e9a5"
        ],
        "Accept-Language": [
          "en-US"
        ],
        "User-Agent": [
          "FxVersion/4.6.27617.04",
          "OSName/Windows",
          "OSVersion/Microsoft.Windows.10.0.18362.",
          "Microsoft.Azure.Management.CognitiveServices.CognitiveServicesManagementClient/6.0.0.0"
        ]
      },
      "ResponseHeaders": {
        "Cache-Control": [
          "no-cache"
        ],
        "Pragma": [
          "no-cache"
        ],
        "ETag": [
          "\"1e0066d6-0000-3300-0000-5d27c5da0000\""
        ],
        "x-ms-request-id": [
          "8ef4012b-ae77-4055-aa67-680e598dcda2"
        ],
        "Strict-Transport-Security": [
          "max-age=31536000; includeSubDomains"
        ],
        "Server": [
          "Microsoft-IIS/10.0"
        ],
        "X-AspNet-Version": [
          "4.0.30319"
        ],
        "X-Powered-By": [
          "ASP.NET"
        ],
        "x-ms-ratelimit-remaining-subscription-reads": [
          "11988"
        ],
        "x-ms-correlation-request-id": [
          "e7ed53f6-e6d3-49de-84f8-802c5caf23a4"
        ],
        "x-ms-routing-request-id": [
          "WESTUS:20190711T232729Z:e7ed53f6-e6d3-49de-84f8-802c5caf23a4"
        ],
        "X-Content-Type-Options": [
          "nosniff"
        ],
        "Date": [
          "Thu, 11 Jul 2019 23:27:29 GMT"
        ],
        "Content-Length": [
          "585"
        ],
        "Content-Type": [
          "application/json; charset=utf-8"
        ],
        "Expires": [
          "-1"
        ]
      },
      "ResponseBody": "{\r\n  \"id\": \"/subscriptions/f9b96b36-1f5e-4021-8959-51527e26e6d3/resourceGroups/pstestrg138/providers/Microsoft.CognitiveServices/accounts/csapstestrg138\",\r\n  \"name\": \"csapstestrg138\",\r\n  \"type\": \"Microsoft.CognitiveServices/accounts\",\r\n  \"etag\": \"\\\"1e0066d6-0000-3300-0000-5d27c5da0000\\\"\",\r\n  \"location\": \"Central US EUAP\",\r\n  \"sku\": {\r\n    \"name\": \"S0\"\r\n  },\r\n  \"kind\": \"Face\",\r\n  \"properties\": {\r\n    \"endpoint\": \"https://csapstestrg138.cognitiveservices.azure.com/face/v1.0\",\r\n    \"internalId\": \"28d36b54bd394c9aa9f5e3d80084a960\",\r\n    \"dateCreated\": \"2019-07-11T23:27:20.9166363Z\",\r\n    \"customSubDomainName\": \"csapstestrg138\",\r\n    \"provisioningState\": \"Succeeded\"\r\n  }\r\n}",
      "StatusCode": 200
    },
    {
      "RequestUri": "/subscriptions/f9b96b36-1f5e-4021-8959-51527e26e6d3/resourceGroups/pstestrg138/providers/Microsoft.CognitiveServices/accounts/csapstestrg138?api-version=2017-04-18",
      "EncodedRequestUri": "L3N1YnNjcmlwdGlvbnMvZjliOTZiMzYtMWY1ZS00MDIxLTg5NTktNTE1MjdlMjZlNmQzL3Jlc291cmNlR3JvdXBzL3BzdGVzdHJnMTM4L3Byb3ZpZGVycy9NaWNyb3NvZnQuQ29nbml0aXZlU2VydmljZXMvYWNjb3VudHMvY3NhcHN0ZXN0cmcxMzg/YXBpLXZlcnNpb249MjAxNy0wNC0xOA==",
      "RequestMethod": "GET",
      "RequestBody": "",
      "RequestHeaders": {
        "x-ms-client-request-id": [
          "e96675c2-b36d-46d0-a491-9dfb3c07c35f"
        ],
        "Accept-Language": [
          "en-US"
        ],
        "User-Agent": [
          "FxVersion/4.6.27617.04",
          "OSName/Windows",
          "OSVersion/Microsoft.Windows.10.0.18362.",
          "Microsoft.Azure.Management.CognitiveServices.CognitiveServicesManagementClient/6.0.0.0"
        ]
      },
      "ResponseHeaders": {
        "Cache-Control": [
          "no-cache"
        ],
        "Pragma": [
          "no-cache"
        ],
        "ETag": [
          "\"1e0066d6-0000-3300-0000-5d27c5da0000\""
        ],
        "x-ms-request-id": [
          "616d2595-c33e-47b0-84ee-9be6e685902b"
        ],
        "Strict-Transport-Security": [
          "max-age=31536000; includeSubDomains"
        ],
        "Server": [
          "Microsoft-IIS/10.0"
        ],
        "X-AspNet-Version": [
          "4.0.30319"
        ],
        "X-Powered-By": [
          "ASP.NET"
        ],
        "x-ms-ratelimit-remaining-subscription-reads": [
          "11987"
        ],
        "x-ms-correlation-request-id": [
          "5e7781e9-0343-4047-b4be-856876be2164"
        ],
        "x-ms-routing-request-id": [
          "WESTUS:20190711T232729Z:5e7781e9-0343-4047-b4be-856876be2164"
        ],
        "X-Content-Type-Options": [
          "nosniff"
        ],
        "Date": [
          "Thu, 11 Jul 2019 23:27:29 GMT"
        ],
        "Content-Length": [
          "585"
        ],
        "Content-Type": [
          "application/json; charset=utf-8"
        ],
        "Expires": [
          "-1"
        ]
      },
      "ResponseBody": "{\r\n  \"id\": \"/subscriptions/f9b96b36-1f5e-4021-8959-51527e26e6d3/resourceGroups/pstestrg138/providers/Microsoft.CognitiveServices/accounts/csapstestrg138\",\r\n  \"name\": \"csapstestrg138\",\r\n  \"type\": \"Microsoft.CognitiveServices/accounts\",\r\n  \"etag\": \"\\\"1e0066d6-0000-3300-0000-5d27c5da0000\\\"\",\r\n  \"location\": \"Central US EUAP\",\r\n  \"sku\": {\r\n    \"name\": \"S0\"\r\n  },\r\n  \"kind\": \"Face\",\r\n  \"properties\": {\r\n    \"endpoint\": \"https://csapstestrg138.cognitiveservices.azure.com/face/v1.0\",\r\n    \"internalId\": \"28d36b54bd394c9aa9f5e3d80084a960\",\r\n    \"dateCreated\": \"2019-07-11T23:27:20.9166363Z\",\r\n    \"customSubDomainName\": \"csapstestrg138\",\r\n    \"provisioningState\": \"Succeeded\"\r\n  }\r\n}",
      "StatusCode": 200
    },
    {
      "RequestUri": "/subscriptions/f9b96b36-1f5e-4021-8959-51527e26e6d3/resourceGroups/pstestrg138/providers/Microsoft.CognitiveServices/accounts/csapstestrg138?api-version=2017-04-18",
      "EncodedRequestUri": "L3N1YnNjcmlwdGlvbnMvZjliOTZiMzYtMWY1ZS00MDIxLTg5NTktNTE1MjdlMjZlNmQzL3Jlc291cmNlR3JvdXBzL3BzdGVzdHJnMTM4L3Byb3ZpZGVycy9NaWNyb3NvZnQuQ29nbml0aXZlU2VydmljZXMvYWNjb3VudHMvY3NhcHN0ZXN0cmcxMzg/YXBpLXZlcnNpb249MjAxNy0wNC0xOA==",
      "RequestMethod": "GET",
      "RequestBody": "",
      "RequestHeaders": {
        "x-ms-client-request-id": [
          "6156dc4c-42ad-4b68-b37d-07cd5819b6f6"
        ],
        "Accept-Language": [
          "en-US"
        ],
        "User-Agent": [
          "FxVersion/4.6.27617.04",
          "OSName/Windows",
          "OSVersion/Microsoft.Windows.10.0.18362.",
          "Microsoft.Azure.Management.CognitiveServices.CognitiveServicesManagementClient/6.0.0.0"
        ]
      },
      "ResponseHeaders": {
        "Cache-Control": [
          "no-cache"
        ],
        "Pragma": [
          "no-cache"
        ],
        "ETag": [
          "\"1e0080d6-0000-3300-0000-5d27c5e20000\""
        ],
        "x-ms-request-id": [
          "406b6ad1-4006-4bc4-934f-1d47d0dd73d9"
        ],
        "Strict-Transport-Security": [
          "max-age=31536000; includeSubDomains"
        ],
        "Server": [
          "Microsoft-IIS/10.0"
        ],
        "X-AspNet-Version": [
          "4.0.30319"
        ],
        "X-Powered-By": [
          "ASP.NET"
        ],
        "x-ms-ratelimit-remaining-subscription-reads": [
          "11986"
        ],
        "x-ms-correlation-request-id": [
          "2aaf2d01-554d-4b16-a196-ff17041aebde"
        ],
        "x-ms-routing-request-id": [
          "WESTUS:20190711T232730Z:2aaf2d01-554d-4b16-a196-ff17041aebde"
        ],
        "X-Content-Type-Options": [
          "nosniff"
        ],
        "Date": [
          "Thu, 11 Jul 2019 23:27:30 GMT"
        ],
        "Content-Length": [
          "662"
        ],
        "Content-Type": [
          "application/json; charset=utf-8"
        ],
        "Expires": [
          "-1"
        ]
      },
      "ResponseBody": "{\r\n  \"id\": \"/subscriptions/f9b96b36-1f5e-4021-8959-51527e26e6d3/resourceGroups/pstestrg138/providers/Microsoft.CognitiveServices/accounts/csapstestrg138\",\r\n  \"name\": \"csapstestrg138\",\r\n  \"type\": \"Microsoft.CognitiveServices/accounts\",\r\n  \"etag\": \"\\\"1e0080d6-0000-3300-0000-5d27c5e20000\\\"\",\r\n  \"location\": \"Central US EUAP\",\r\n  \"sku\": {\r\n    \"name\": \"S0\"\r\n  },\r\n  \"kind\": \"Face\",\r\n  \"properties\": {\r\n    \"endpoint\": \"https://csapstestrg138.cognitiveservices.azure.com/face/v1.0\",\r\n    \"provisioningState\": \"Succeeded\",\r\n    \"internalId\": \"28d36b54bd394c9aa9f5e3d80084a960\",\r\n    \"dateCreated\": \"2019-07-11T23:27:20.9166363Z\",\r\n    \"customSubDomainName\": \"csapstestrg138\",\r\n    \"networkAcls\": {\r\n      \"defaultAction\": \"Deny\",\r\n      \"virtualNetworkRules\": [],\r\n      \"ipRules\": []\r\n    }\r\n  }\r\n}",
      "StatusCode": 200
    },
    {
      "RequestUri": "/subscriptions/f9b96b36-1f5e-4021-8959-51527e26e6d3/resourceGroups/pstestrg138/providers/Microsoft.CognitiveServices/accounts/csapstestrg138?api-version=2017-04-18",
      "EncodedRequestUri": "L3N1YnNjcmlwdGlvbnMvZjliOTZiMzYtMWY1ZS00MDIxLTg5NTktNTE1MjdlMjZlNmQzL3Jlc291cmNlR3JvdXBzL3BzdGVzdHJnMTM4L3Byb3ZpZGVycy9NaWNyb3NvZnQuQ29nbml0aXZlU2VydmljZXMvYWNjb3VudHMvY3NhcHN0ZXN0cmcxMzg/YXBpLXZlcnNpb249MjAxNy0wNC0xOA==",
      "RequestMethod": "GET",
      "RequestBody": "",
      "RequestHeaders": {
        "x-ms-client-request-id": [
          "e8a4d415-1b70-4a9f-b943-33fc8e44e79a"
        ],
        "Accept-Language": [
          "en-US"
        ],
        "User-Agent": [
          "FxVersion/4.6.27617.04",
          "OSName/Windows",
          "OSVersion/Microsoft.Windows.10.0.18362.",
          "Microsoft.Azure.Management.CognitiveServices.CognitiveServicesManagementClient/6.0.0.0"
        ]
      },
      "ResponseHeaders": {
        "Cache-Control": [
          "no-cache"
        ],
        "Pragma": [
          "no-cache"
        ],
        "ETag": [
          "\"1e0080d6-0000-3300-0000-5d27c5e20000\""
        ],
        "x-ms-request-id": [
          "6416b1d6-465a-4797-a1fd-b26a79207ba4"
        ],
        "Strict-Transport-Security": [
          "max-age=31536000; includeSubDomains"
        ],
        "Server": [
          "Microsoft-IIS/10.0"
        ],
        "X-AspNet-Version": [
          "4.0.30319"
        ],
        "X-Powered-By": [
          "ASP.NET"
        ],
        "x-ms-ratelimit-remaining-subscription-reads": [
          "11985"
        ],
        "x-ms-correlation-request-id": [
          "cc63c3f6-8ae5-483a-8372-3085e45521e9"
        ],
        "x-ms-routing-request-id": [
          "WESTUS:20190711T232730Z:cc63c3f6-8ae5-483a-8372-3085e45521e9"
        ],
        "X-Content-Type-Options": [
          "nosniff"
        ],
        "Date": [
          "Thu, 11 Jul 2019 23:27:30 GMT"
        ],
        "Content-Length": [
          "662"
        ],
        "Content-Type": [
          "application/json; charset=utf-8"
        ],
        "Expires": [
          "-1"
        ]
      },
      "ResponseBody": "{\r\n  \"id\": \"/subscriptions/f9b96b36-1f5e-4021-8959-51527e26e6d3/resourceGroups/pstestrg138/providers/Microsoft.CognitiveServices/accounts/csapstestrg138\",\r\n  \"name\": \"csapstestrg138\",\r\n  \"type\": \"Microsoft.CognitiveServices/accounts\",\r\n  \"etag\": \"\\\"1e0080d6-0000-3300-0000-5d27c5e20000\\\"\",\r\n  \"location\": \"Central US EUAP\",\r\n  \"sku\": {\r\n    \"name\": \"S0\"\r\n  },\r\n  \"kind\": \"Face\",\r\n  \"properties\": {\r\n    \"endpoint\": \"https://csapstestrg138.cognitiveservices.azure.com/face/v1.0\",\r\n    \"provisioningState\": \"Succeeded\",\r\n    \"internalId\": \"28d36b54bd394c9aa9f5e3d80084a960\",\r\n    \"dateCreated\": \"2019-07-11T23:27:20.9166363Z\",\r\n    \"customSubDomainName\": \"csapstestrg138\",\r\n    \"networkAcls\": {\r\n      \"defaultAction\": \"Deny\",\r\n      \"virtualNetworkRules\": [],\r\n      \"ipRules\": []\r\n    }\r\n  }\r\n}",
      "StatusCode": 200
    },
    {
      "RequestUri": "/subscriptions/f9b96b36-1f5e-4021-8959-51527e26e6d3/resourceGroups/pstestrg138/providers/Microsoft.CognitiveServices/accounts/csapstestrg138?api-version=2017-04-18",
      "EncodedRequestUri": "L3N1YnNjcmlwdGlvbnMvZjliOTZiMzYtMWY1ZS00MDIxLTg5NTktNTE1MjdlMjZlNmQzL3Jlc291cmNlR3JvdXBzL3BzdGVzdHJnMTM4L3Byb3ZpZGVycy9NaWNyb3NvZnQuQ29nbml0aXZlU2VydmljZXMvYWNjb3VudHMvY3NhcHN0ZXN0cmcxMzg/YXBpLXZlcnNpb249MjAxNy0wNC0xOA==",
      "RequestMethod": "GET",
      "RequestBody": "",
      "RequestHeaders": {
        "x-ms-client-request-id": [
          "fe852a88-92db-48f6-886a-495776d17eb1"
        ],
        "Accept-Language": [
          "en-US"
        ],
        "User-Agent": [
          "FxVersion/4.6.27617.04",
          "OSName/Windows",
          "OSVersion/Microsoft.Windows.10.0.18362.",
          "Microsoft.Azure.Management.CognitiveServices.CognitiveServicesManagementClient/6.0.0.0"
        ]
      },
      "ResponseHeaders": {
        "Cache-Control": [
          "no-cache"
        ],
        "Pragma": [
          "no-cache"
        ],
        "ETag": [
          "\"1e0080d6-0000-3300-0000-5d27c5e20000\""
        ],
        "x-ms-request-id": [
          "0c14007b-7214-408f-9594-c3caf1b8a25d"
        ],
        "Strict-Transport-Security": [
          "max-age=31536000; includeSubDomains"
        ],
        "Server": [
          "Microsoft-IIS/10.0"
        ],
        "X-AspNet-Version": [
          "4.0.30319"
        ],
        "X-Powered-By": [
          "ASP.NET"
        ],
        "x-ms-ratelimit-remaining-subscription-reads": [
          "11984"
        ],
        "x-ms-correlation-request-id": [
          "df6af627-6bd8-4b5e-8eab-318c420fd715"
        ],
        "x-ms-routing-request-id": [
          "WESTUS:20190711T232730Z:df6af627-6bd8-4b5e-8eab-318c420fd715"
        ],
        "X-Content-Type-Options": [
          "nosniff"
        ],
        "Date": [
          "Thu, 11 Jul 2019 23:27:30 GMT"
        ],
        "Content-Length": [
          "662"
        ],
        "Content-Type": [
          "application/json; charset=utf-8"
        ],
        "Expires": [
          "-1"
        ]
      },
      "ResponseBody": "{\r\n  \"id\": \"/subscriptions/f9b96b36-1f5e-4021-8959-51527e26e6d3/resourceGroups/pstestrg138/providers/Microsoft.CognitiveServices/accounts/csapstestrg138\",\r\n  \"name\": \"csapstestrg138\",\r\n  \"type\": \"Microsoft.CognitiveServices/accounts\",\r\n  \"etag\": \"\\\"1e0080d6-0000-3300-0000-5d27c5e20000\\\"\",\r\n  \"location\": \"Central US EUAP\",\r\n  \"sku\": {\r\n    \"name\": \"S0\"\r\n  },\r\n  \"kind\": \"Face\",\r\n  \"properties\": {\r\n    \"endpoint\": \"https://csapstestrg138.cognitiveservices.azure.com/face/v1.0\",\r\n    \"provisioningState\": \"Succeeded\",\r\n    \"internalId\": \"28d36b54bd394c9aa9f5e3d80084a960\",\r\n    \"dateCreated\": \"2019-07-11T23:27:20.9166363Z\",\r\n    \"customSubDomainName\": \"csapstestrg138\",\r\n    \"networkAcls\": {\r\n      \"defaultAction\": \"Deny\",\r\n      \"virtualNetworkRules\": [],\r\n      \"ipRules\": []\r\n    }\r\n  }\r\n}",
      "StatusCode": 200
    },
    {
      "RequestUri": "/subscriptions/f9b96b36-1f5e-4021-8959-51527e26e6d3/resourceGroups/pstestrg138/providers/Microsoft.CognitiveServices/accounts/csapstestrg138?api-version=2017-04-18",
      "EncodedRequestUri": "L3N1YnNjcmlwdGlvbnMvZjliOTZiMzYtMWY1ZS00MDIxLTg5NTktNTE1MjdlMjZlNmQzL3Jlc291cmNlR3JvdXBzL3BzdGVzdHJnMTM4L3Byb3ZpZGVycy9NaWNyb3NvZnQuQ29nbml0aXZlU2VydmljZXMvYWNjb3VudHMvY3NhcHN0ZXN0cmcxMzg/YXBpLXZlcnNpb249MjAxNy0wNC0xOA==",
      "RequestMethod": "GET",
      "RequestBody": "",
      "RequestHeaders": {
        "x-ms-client-request-id": [
          "c7020045-ec0a-4cfc-9a50-add17292fa51"
        ],
        "Accept-Language": [
          "en-US"
        ],
        "User-Agent": [
          "FxVersion/4.6.27617.04",
          "OSName/Windows",
          "OSVersion/Microsoft.Windows.10.0.18362.",
          "Microsoft.Azure.Management.CognitiveServices.CognitiveServicesManagementClient/6.0.0.0"
        ]
      },
      "ResponseHeaders": {
        "Cache-Control": [
          "no-cache"
        ],
        "Pragma": [
          "no-cache"
        ],
        "ETag": [
          "\"1e00f7d6-0000-3300-0000-5d27c5f00000\""
        ],
        "x-ms-request-id": [
          "0a829c78-2a6d-4620-bf27-25d35b75f9ac"
        ],
        "Strict-Transport-Security": [
          "max-age=31536000; includeSubDomains"
        ],
        "Server": [
          "Microsoft-IIS/10.0"
        ],
        "X-AspNet-Version": [
          "4.0.30319"
        ],
        "X-Powered-By": [
          "ASP.NET"
        ],
        "x-ms-ratelimit-remaining-subscription-reads": [
          "11983"
        ],
        "x-ms-correlation-request-id": [
          "cf10d1ae-a199-4ac5-85e1-5fe55422231d"
        ],
        "x-ms-routing-request-id": [
          "WESTUS:20190711T232744Z:cf10d1ae-a199-4ac5-85e1-5fe55422231d"
        ],
        "X-Content-Type-Options": [
          "nosniff"
        ],
        "Date": [
          "Thu, 11 Jul 2019 23:27:44 GMT"
        ],
        "Content-Length": [
          "865"
        ],
        "Content-Type": [
          "application/json; charset=utf-8"
        ],
        "Expires": [
          "-1"
        ]
      },
      "ResponseBody": "{\r\n  \"id\": \"/subscriptions/f9b96b36-1f5e-4021-8959-51527e26e6d3/resourceGroups/pstestrg138/providers/Microsoft.CognitiveServices/accounts/csapstestrg138\",\r\n  \"name\": \"csapstestrg138\",\r\n  \"type\": \"Microsoft.CognitiveServices/accounts\",\r\n  \"etag\": \"\\\"1e00f7d6-0000-3300-0000-5d27c5f00000\\\"\",\r\n  \"location\": \"Central US EUAP\",\r\n  \"sku\": {\r\n    \"name\": \"S0\"\r\n  },\r\n  \"kind\": \"Face\",\r\n  \"properties\": {\r\n    \"endpoint\": \"https://csapstestrg138.cognitiveservices.azure.com/face/v1.0\",\r\n    \"provisioningState\": \"Succeeded\",\r\n    \"internalId\": \"28d36b54bd394c9aa9f5e3d80084a960\",\r\n    \"dateCreated\": \"2019-07-11T23:27:20.9166363Z\",\r\n    \"customSubDomainName\": \"csapstestrg138\",\r\n    \"networkAcls\": {\r\n      \"defaultAction\": \"Deny\",\r\n      \"virtualNetworkRules\": [\r\n        {\r\n          \"id\": \"/subscriptions/f9b96b36-1f5e-4021-8959-51527e26e6d3/resourceGroups/pstestrg138/providers/Microsoft.Network/virtualNetworks/vnetpstestrg138/subnets/default\",\r\n          \"ignoreMissingVnetServiceEndpoint\": true\r\n        }\r\n      ],\r\n      \"ipRules\": []\r\n    }\r\n  }\r\n}",
      "StatusCode": 200
    },
    {
      "RequestUri": "/subscriptions/f9b96b36-1f5e-4021-8959-51527e26e6d3/resourceGroups/pstestrg138/providers/Microsoft.CognitiveServices/accounts/csapstestrg138?api-version=2017-04-18",
      "EncodedRequestUri": "L3N1YnNjcmlwdGlvbnMvZjliOTZiMzYtMWY1ZS00MDIxLTg5NTktNTE1MjdlMjZlNmQzL3Jlc291cmNlR3JvdXBzL3BzdGVzdHJnMTM4L3Byb3ZpZGVycy9NaWNyb3NvZnQuQ29nbml0aXZlU2VydmljZXMvYWNjb3VudHMvY3NhcHN0ZXN0cmcxMzg/YXBpLXZlcnNpb249MjAxNy0wNC0xOA==",
      "RequestMethod": "GET",
      "RequestBody": "",
      "RequestHeaders": {
        "x-ms-client-request-id": [
          "202dbf46-4e81-41f3-a2a6-c572aee9d8a0"
        ],
        "Accept-Language": [
          "en-US"
        ],
        "User-Agent": [
          "FxVersion/4.6.27617.04",
          "OSName/Windows",
          "OSVersion/Microsoft.Windows.10.0.18362.",
          "Microsoft.Azure.Management.CognitiveServices.CognitiveServicesManagementClient/6.0.0.0"
        ]
      },
      "ResponseHeaders": {
        "Cache-Control": [
          "no-cache"
        ],
        "Pragma": [
          "no-cache"
        ],
        "ETag": [
          "\"1e00f7d6-0000-3300-0000-5d27c5f00000\""
        ],
        "x-ms-request-id": [
          "8031e2d8-ebaa-4e8e-a5cd-1879d4fc54f2"
        ],
        "Strict-Transport-Security": [
          "max-age=31536000; includeSubDomains"
        ],
        "Server": [
          "Microsoft-IIS/10.0"
        ],
        "X-AspNet-Version": [
          "4.0.30319"
        ],
        "X-Powered-By": [
          "ASP.NET"
        ],
        "x-ms-ratelimit-remaining-subscription-reads": [
          "11982"
        ],
        "x-ms-correlation-request-id": [
          "0a40022c-0efd-484a-ba06-1db3a7d1d2ce"
        ],
        "x-ms-routing-request-id": [
          "WESTUS:20190711T232744Z:0a40022c-0efd-484a-ba06-1db3a7d1d2ce"
        ],
        "X-Content-Type-Options": [
          "nosniff"
        ],
        "Date": [
          "Thu, 11 Jul 2019 23:27:44 GMT"
        ],
        "Content-Length": [
          "865"
        ],
        "Content-Type": [
          "application/json; charset=utf-8"
        ],
        "Expires": [
          "-1"
        ]
      },
      "ResponseBody": "{\r\n  \"id\": \"/subscriptions/f9b96b36-1f5e-4021-8959-51527e26e6d3/resourceGroups/pstestrg138/providers/Microsoft.CognitiveServices/accounts/csapstestrg138\",\r\n  \"name\": \"csapstestrg138\",\r\n  \"type\": \"Microsoft.CognitiveServices/accounts\",\r\n  \"etag\": \"\\\"1e00f7d6-0000-3300-0000-5d27c5f00000\\\"\",\r\n  \"location\": \"Central US EUAP\",\r\n  \"sku\": {\r\n    \"name\": \"S0\"\r\n  },\r\n  \"kind\": \"Face\",\r\n  \"properties\": {\r\n    \"endpoint\": \"https://csapstestrg138.cognitiveservices.azure.com/face/v1.0\",\r\n    \"provisioningState\": \"Succeeded\",\r\n    \"internalId\": \"28d36b54bd394c9aa9f5e3d80084a960\",\r\n    \"dateCreated\": \"2019-07-11T23:27:20.9166363Z\",\r\n    \"customSubDomainName\": \"csapstestrg138\",\r\n    \"networkAcls\": {\r\n      \"defaultAction\": \"Deny\",\r\n      \"virtualNetworkRules\": [\r\n        {\r\n          \"id\": \"/subscriptions/f9b96b36-1f5e-4021-8959-51527e26e6d3/resourceGroups/pstestrg138/providers/Microsoft.Network/virtualNetworks/vnetpstestrg138/subnets/default\",\r\n          \"ignoreMissingVnetServiceEndpoint\": true\r\n        }\r\n      ],\r\n      \"ipRules\": []\r\n    }\r\n  }\r\n}",
      "StatusCode": 200
    },
    {
      "RequestUri": "/subscriptions/f9b96b36-1f5e-4021-8959-51527e26e6d3/resourceGroups/pstestrg138/providers/Microsoft.CognitiveServices/accounts/csapstestrg138?api-version=2017-04-18",
      "EncodedRequestUri": "L3N1YnNjcmlwdGlvbnMvZjliOTZiMzYtMWY1ZS00MDIxLTg5NTktNTE1MjdlMjZlNmQzL3Jlc291cmNlR3JvdXBzL3BzdGVzdHJnMTM4L3Byb3ZpZGVycy9NaWNyb3NvZnQuQ29nbml0aXZlU2VydmljZXMvYWNjb3VudHMvY3NhcHN0ZXN0cmcxMzg/YXBpLXZlcnNpb249MjAxNy0wNC0xOA==",
      "RequestMethod": "GET",
      "RequestBody": "",
      "RequestHeaders": {
        "x-ms-client-request-id": [
          "0c7b547a-e541-4eb9-bc25-bcf134ca4318"
        ],
        "Accept-Language": [
          "en-US"
        ],
        "User-Agent": [
          "FxVersion/4.6.27617.04",
          "OSName/Windows",
          "OSVersion/Microsoft.Windows.10.0.18362.",
          "Microsoft.Azure.Management.CognitiveServices.CognitiveServicesManagementClient/6.0.0.0"
        ]
      },
      "ResponseHeaders": {
        "Cache-Control": [
          "no-cache"
        ],
        "Pragma": [
          "no-cache"
        ],
        "ETag": [
          "\"1e00f7d6-0000-3300-0000-5d27c5f00000\""
        ],
        "x-ms-request-id": [
          "91b439a1-ea64-4192-907f-431aaeac28e2"
        ],
        "Strict-Transport-Security": [
          "max-age=31536000; includeSubDomains"
        ],
        "Server": [
          "Microsoft-IIS/10.0"
        ],
        "X-AspNet-Version": [
          "4.0.30319"
        ],
        "X-Powered-By": [
          "ASP.NET"
        ],
        "x-ms-ratelimit-remaining-subscription-reads": [
          "11981"
        ],
        "x-ms-correlation-request-id": [
          "28ec5b7b-7417-49e1-bf64-56f66cc89ab9"
        ],
        "x-ms-routing-request-id": [
          "WESTUS:20190711T232744Z:28ec5b7b-7417-49e1-bf64-56f66cc89ab9"
        ],
        "X-Content-Type-Options": [
          "nosniff"
        ],
        "Date": [
          "Thu, 11 Jul 2019 23:27:44 GMT"
        ],
        "Content-Length": [
          "865"
        ],
        "Content-Type": [
          "application/json; charset=utf-8"
        ],
        "Expires": [
          "-1"
        ]
      },
      "ResponseBody": "{\r\n  \"id\": \"/subscriptions/f9b96b36-1f5e-4021-8959-51527e26e6d3/resourceGroups/pstestrg138/providers/Microsoft.CognitiveServices/accounts/csapstestrg138\",\r\n  \"name\": \"csapstestrg138\",\r\n  \"type\": \"Microsoft.CognitiveServices/accounts\",\r\n  \"etag\": \"\\\"1e00f7d6-0000-3300-0000-5d27c5f00000\\\"\",\r\n  \"location\": \"Central US EUAP\",\r\n  \"sku\": {\r\n    \"name\": \"S0\"\r\n  },\r\n  \"kind\": \"Face\",\r\n  \"properties\": {\r\n    \"endpoint\": \"https://csapstestrg138.cognitiveservices.azure.com/face/v1.0\",\r\n    \"provisioningState\": \"Succeeded\",\r\n    \"internalId\": \"28d36b54bd394c9aa9f5e3d80084a960\",\r\n    \"dateCreated\": \"2019-07-11T23:27:20.9166363Z\",\r\n    \"customSubDomainName\": \"csapstestrg138\",\r\n    \"networkAcls\": {\r\n      \"defaultAction\": \"Deny\",\r\n      \"virtualNetworkRules\": [\r\n        {\r\n          \"id\": \"/subscriptions/f9b96b36-1f5e-4021-8959-51527e26e6d3/resourceGroups/pstestrg138/providers/Microsoft.Network/virtualNetworks/vnetpstestrg138/subnets/default\",\r\n          \"ignoreMissingVnetServiceEndpoint\": true\r\n        }\r\n      ],\r\n      \"ipRules\": []\r\n    }\r\n  }\r\n}",
      "StatusCode": 200
    },
    {
      "RequestUri": "/subscriptions/f9b96b36-1f5e-4021-8959-51527e26e6d3/resourceGroups/pstestrg138/providers/Microsoft.CognitiveServices/accounts/csapstestrg138?api-version=2017-04-18",
      "EncodedRequestUri": "L3N1YnNjcmlwdGlvbnMvZjliOTZiMzYtMWY1ZS00MDIxLTg5NTktNTE1MjdlMjZlNmQzL3Jlc291cmNlR3JvdXBzL3BzdGVzdHJnMTM4L3Byb3ZpZGVycy9NaWNyb3NvZnQuQ29nbml0aXZlU2VydmljZXMvYWNjb3VudHMvY3NhcHN0ZXN0cmcxMzg/YXBpLXZlcnNpb249MjAxNy0wNC0xOA==",
      "RequestMethod": "GET",
      "RequestBody": "",
      "RequestHeaders": {
        "x-ms-client-request-id": [
          "f5c266de-4672-4733-90be-63a11f559811"
        ],
        "Accept-Language": [
          "en-US"
        ],
        "User-Agent": [
          "FxVersion/4.6.27617.04",
          "OSName/Windows",
          "OSVersion/Microsoft.Windows.10.0.18362.",
          "Microsoft.Azure.Management.CognitiveServices.CognitiveServicesManagementClient/6.0.0.0"
        ]
      },
      "ResponseHeaders": {
        "Cache-Control": [
          "no-cache"
        ],
        "Pragma": [
          "no-cache"
        ],
        "ETag": [
          "\"1e0036d7-0000-3300-0000-5d27c5fd0000\""
        ],
        "x-ms-request-id": [
          "241be275-c57f-4188-b89e-bd5b768b0cd2"
        ],
        "Strict-Transport-Security": [
          "max-age=31536000; includeSubDomains"
        ],
        "Server": [
          "Microsoft-IIS/10.0"
        ],
        "X-AspNet-Version": [
          "4.0.30319"
        ],
        "X-Powered-By": [
          "ASP.NET"
        ],
        "x-ms-ratelimit-remaining-subscription-reads": [
          "11980"
        ],
        "x-ms-correlation-request-id": [
          "d837f2b8-5228-4059-81a7-ff79b6740f92"
        ],
        "x-ms-routing-request-id": [
          "WESTUS:20190711T232757Z:d837f2b8-5228-4059-81a7-ff79b6740f92"
        ],
        "X-Content-Type-Options": [
          "nosniff"
        ],
        "Date": [
          "Thu, 11 Jul 2019 23:27:57 GMT"
        ],
        "Content-Length": [
          "1068"
        ],
        "Content-Type": [
          "application/json; charset=utf-8"
        ],
        "Expires": [
          "-1"
        ]
      },
      "ResponseBody": "{\r\n  \"id\": \"/subscriptions/f9b96b36-1f5e-4021-8959-51527e26e6d3/resourceGroups/pstestrg138/providers/Microsoft.CognitiveServices/accounts/csapstestrg138\",\r\n  \"name\": \"csapstestrg138\",\r\n  \"type\": \"Microsoft.CognitiveServices/accounts\",\r\n  \"etag\": \"\\\"1e0036d7-0000-3300-0000-5d27c5fd0000\\\"\",\r\n  \"location\": \"Central US EUAP\",\r\n  \"sku\": {\r\n    \"name\": \"S0\"\r\n  },\r\n  \"kind\": \"Face\",\r\n  \"properties\": {\r\n    \"endpoint\": \"https://csapstestrg138.cognitiveservices.azure.com/face/v1.0\",\r\n    \"provisioningState\": \"Succeeded\",\r\n    \"internalId\": \"28d36b54bd394c9aa9f5e3d80084a960\",\r\n    \"dateCreated\": \"2019-07-11T23:27:20.9166363Z\",\r\n    \"customSubDomainName\": \"csapstestrg138\",\r\n    \"networkAcls\": {\r\n      \"defaultAction\": \"Deny\",\r\n      \"virtualNetworkRules\": [\r\n        {\r\n          \"id\": \"/subscriptions/f9b96b36-1f5e-4021-8959-51527e26e6d3/resourceGroups/pstestrg138/providers/Microsoft.Network/virtualNetworks/vnetpstestrg138/subnets/default\",\r\n          \"ignoreMissingVnetServiceEndpoint\": true\r\n        },\r\n        {\r\n          \"id\": \"/subscriptions/f9b96b36-1f5e-4021-8959-51527e26e6d3/resourceGroups/pstestrg138/providers/Microsoft.Network/virtualNetworks/vnetpstestrg138/subnets/subnet\",\r\n          \"ignoreMissingVnetServiceEndpoint\": true\r\n        }\r\n      ],\r\n      \"ipRules\": []\r\n    }\r\n  }\r\n}",
      "StatusCode": 200
    },
    {
      "RequestUri": "/subscriptions/f9b96b36-1f5e-4021-8959-51527e26e6d3/resourceGroups/pstestrg138/providers/Microsoft.CognitiveServices/accounts/csapstestrg138?api-version=2017-04-18",
      "EncodedRequestUri": "L3N1YnNjcmlwdGlvbnMvZjliOTZiMzYtMWY1ZS00MDIxLTg5NTktNTE1MjdlMjZlNmQzL3Jlc291cmNlR3JvdXBzL3BzdGVzdHJnMTM4L3Byb3ZpZGVycy9NaWNyb3NvZnQuQ29nbml0aXZlU2VydmljZXMvYWNjb3VudHMvY3NhcHN0ZXN0cmcxMzg/YXBpLXZlcnNpb249MjAxNy0wNC0xOA==",
      "RequestMethod": "GET",
      "RequestBody": "",
      "RequestHeaders": {
        "x-ms-client-request-id": [
          "56f79dd1-d025-483e-ac4c-d3691e9baa0f"
        ],
        "Accept-Language": [
          "en-US"
        ],
        "User-Agent": [
          "FxVersion/4.6.27617.04",
          "OSName/Windows",
          "OSVersion/Microsoft.Windows.10.0.18362.",
          "Microsoft.Azure.Management.CognitiveServices.CognitiveServicesManagementClient/6.0.0.0"
        ]
      },
      "ResponseHeaders": {
        "Cache-Control": [
          "no-cache"
        ],
        "Pragma": [
          "no-cache"
        ],
        "ETag": [
          "\"1e0036d7-0000-3300-0000-5d27c5fd0000\""
        ],
        "x-ms-request-id": [
          "01cadc5c-b68a-405b-ab7d-8371a4987864"
        ],
        "Strict-Transport-Security": [
          "max-age=31536000; includeSubDomains"
        ],
        "Server": [
          "Microsoft-IIS/10.0"
        ],
        "X-AspNet-Version": [
          "4.0.30319"
        ],
        "X-Powered-By": [
          "ASP.NET"
        ],
        "x-ms-ratelimit-remaining-subscription-reads": [
          "11979"
        ],
        "x-ms-correlation-request-id": [
          "413ae3bf-17bf-4262-8738-b531205d3e59"
        ],
        "x-ms-routing-request-id": [
          "WESTUS:20190711T232757Z:413ae3bf-17bf-4262-8738-b531205d3e59"
        ],
        "X-Content-Type-Options": [
          "nosniff"
        ],
        "Date": [
          "Thu, 11 Jul 2019 23:27:57 GMT"
        ],
        "Content-Length": [
          "1068"
        ],
        "Content-Type": [
          "application/json; charset=utf-8"
        ],
        "Expires": [
          "-1"
        ]
      },
      "ResponseBody": "{\r\n  \"id\": \"/subscriptions/f9b96b36-1f5e-4021-8959-51527e26e6d3/resourceGroups/pstestrg138/providers/Microsoft.CognitiveServices/accounts/csapstestrg138\",\r\n  \"name\": \"csapstestrg138\",\r\n  \"type\": \"Microsoft.CognitiveServices/accounts\",\r\n  \"etag\": \"\\\"1e0036d7-0000-3300-0000-5d27c5fd0000\\\"\",\r\n  \"location\": \"Central US EUAP\",\r\n  \"sku\": {\r\n    \"name\": \"S0\"\r\n  },\r\n  \"kind\": \"Face\",\r\n  \"properties\": {\r\n    \"endpoint\": \"https://csapstestrg138.cognitiveservices.azure.com/face/v1.0\",\r\n    \"provisioningState\": \"Succeeded\",\r\n    \"internalId\": \"28d36b54bd394c9aa9f5e3d80084a960\",\r\n    \"dateCreated\": \"2019-07-11T23:27:20.9166363Z\",\r\n    \"customSubDomainName\": \"csapstestrg138\",\r\n    \"networkAcls\": {\r\n      \"defaultAction\": \"Deny\",\r\n      \"virtualNetworkRules\": [\r\n        {\r\n          \"id\": \"/subscriptions/f9b96b36-1f5e-4021-8959-51527e26e6d3/resourceGroups/pstestrg138/providers/Microsoft.Network/virtualNetworks/vnetpstestrg138/subnets/default\",\r\n          \"ignoreMissingVnetServiceEndpoint\": true\r\n        },\r\n        {\r\n          \"id\": \"/subscriptions/f9b96b36-1f5e-4021-8959-51527e26e6d3/resourceGroups/pstestrg138/providers/Microsoft.Network/virtualNetworks/vnetpstestrg138/subnets/subnet\",\r\n          \"ignoreMissingVnetServiceEndpoint\": true\r\n        }\r\n      ],\r\n      \"ipRules\": []\r\n    }\r\n  }\r\n}",
      "StatusCode": 200
    },
    {
      "RequestUri": "/subscriptions/f9b96b36-1f5e-4021-8959-51527e26e6d3/resourceGroups/pstestrg138/providers/Microsoft.CognitiveServices/accounts/csapstestrg138?api-version=2017-04-18",
      "EncodedRequestUri": "L3N1YnNjcmlwdGlvbnMvZjliOTZiMzYtMWY1ZS00MDIxLTg5NTktNTE1MjdlMjZlNmQzL3Jlc291cmNlR3JvdXBzL3BzdGVzdHJnMTM4L3Byb3ZpZGVycy9NaWNyb3NvZnQuQ29nbml0aXZlU2VydmljZXMvYWNjb3VudHMvY3NhcHN0ZXN0cmcxMzg/YXBpLXZlcnNpb249MjAxNy0wNC0xOA==",
      "RequestMethod": "GET",
      "RequestBody": "",
      "RequestHeaders": {
        "x-ms-client-request-id": [
          "d5dfca14-f593-4717-9051-1c7828665841"
        ],
        "Accept-Language": [
          "en-US"
        ],
        "User-Agent": [
          "FxVersion/4.6.27617.04",
          "OSName/Windows",
          "OSVersion/Microsoft.Windows.10.0.18362.",
          "Microsoft.Azure.Management.CognitiveServices.CognitiveServicesManagementClient/6.0.0.0"
        ]
      },
      "ResponseHeaders": {
        "Cache-Control": [
          "no-cache"
        ],
        "Pragma": [
          "no-cache"
        ],
        "ETag": [
          "\"1e0036d7-0000-3300-0000-5d27c5fd0000\""
        ],
        "x-ms-request-id": [
          "9169df29-7ad1-4fa3-bda0-e9de57157768"
        ],
        "Strict-Transport-Security": [
          "max-age=31536000; includeSubDomains"
        ],
        "Server": [
          "Microsoft-IIS/10.0"
        ],
        "X-AspNet-Version": [
          "4.0.30319"
        ],
        "X-Powered-By": [
          "ASP.NET"
        ],
        "x-ms-ratelimit-remaining-subscription-reads": [
          "11978"
        ],
        "x-ms-correlation-request-id": [
          "b1e7d3ad-45b9-491f-a38d-11f359a103bd"
        ],
        "x-ms-routing-request-id": [
          "WESTUS:20190711T232757Z:b1e7d3ad-45b9-491f-a38d-11f359a103bd"
        ],
        "X-Content-Type-Options": [
          "nosniff"
        ],
        "Date": [
          "Thu, 11 Jul 2019 23:27:57 GMT"
        ],
        "Content-Length": [
          "1068"
        ],
        "Content-Type": [
          "application/json; charset=utf-8"
        ],
        "Expires": [
          "-1"
        ]
      },
      "ResponseBody": "{\r\n  \"id\": \"/subscriptions/f9b96b36-1f5e-4021-8959-51527e26e6d3/resourceGroups/pstestrg138/providers/Microsoft.CognitiveServices/accounts/csapstestrg138\",\r\n  \"name\": \"csapstestrg138\",\r\n  \"type\": \"Microsoft.CognitiveServices/accounts\",\r\n  \"etag\": \"\\\"1e0036d7-0000-3300-0000-5d27c5fd0000\\\"\",\r\n  \"location\": \"Central US EUAP\",\r\n  \"sku\": {\r\n    \"name\": \"S0\"\r\n  },\r\n  \"kind\": \"Face\",\r\n  \"properties\": {\r\n    \"endpoint\": \"https://csapstestrg138.cognitiveservices.azure.com/face/v1.0\",\r\n    \"provisioningState\": \"Succeeded\",\r\n    \"internalId\": \"28d36b54bd394c9aa9f5e3d80084a960\",\r\n    \"dateCreated\": \"2019-07-11T23:27:20.9166363Z\",\r\n    \"customSubDomainName\": \"csapstestrg138\",\r\n    \"networkAcls\": {\r\n      \"defaultAction\": \"Deny\",\r\n      \"virtualNetworkRules\": [\r\n        {\r\n          \"id\": \"/subscriptions/f9b96b36-1f5e-4021-8959-51527e26e6d3/resourceGroups/pstestrg138/providers/Microsoft.Network/virtualNetworks/vnetpstestrg138/subnets/default\",\r\n          \"ignoreMissingVnetServiceEndpoint\": true\r\n        },\r\n        {\r\n          \"id\": \"/subscriptions/f9b96b36-1f5e-4021-8959-51527e26e6d3/resourceGroups/pstestrg138/providers/Microsoft.Network/virtualNetworks/vnetpstestrg138/subnets/subnet\",\r\n          \"ignoreMissingVnetServiceEndpoint\": true\r\n        }\r\n      ],\r\n      \"ipRules\": []\r\n    }\r\n  }\r\n}",
      "StatusCode": 200
    },
    {
      "RequestUri": "/subscriptions/f9b96b36-1f5e-4021-8959-51527e26e6d3/resourceGroups/pstestrg138/providers/Microsoft.CognitiveServices/accounts/csapstestrg138?api-version=2017-04-18",
      "EncodedRequestUri": "L3N1YnNjcmlwdGlvbnMvZjliOTZiMzYtMWY1ZS00MDIxLTg5NTktNTE1MjdlMjZlNmQzL3Jlc291cmNlR3JvdXBzL3BzdGVzdHJnMTM4L3Byb3ZpZGVycy9NaWNyb3NvZnQuQ29nbml0aXZlU2VydmljZXMvYWNjb3VudHMvY3NhcHN0ZXN0cmcxMzg/YXBpLXZlcnNpb249MjAxNy0wNC0xOA==",
      "RequestMethod": "GET",
      "RequestBody": "",
      "RequestHeaders": {
        "x-ms-client-request-id": [
          "159a1327-bd09-44fd-8a34-684afe5073ef"
        ],
        "Accept-Language": [
          "en-US"
        ],
        "User-Agent": [
          "FxVersion/4.6.27617.04",
          "OSName/Windows",
          "OSVersion/Microsoft.Windows.10.0.18362.",
          "Microsoft.Azure.Management.CognitiveServices.CognitiveServicesManagementClient/6.0.0.0"
        ]
      },
      "ResponseHeaders": {
        "Cache-Control": [
          "no-cache"
        ],
        "Pragma": [
          "no-cache"
        ],
        "ETag": [
          "\"1e0041d7-0000-3300-0000-5d27c6010000\""
        ],
        "x-ms-request-id": [
          "870e876c-1521-4638-aa73-11fbd382a4bf"
        ],
        "Strict-Transport-Security": [
          "max-age=31536000; includeSubDomains"
        ],
        "Server": [
          "Microsoft-IIS/10.0"
        ],
        "X-AspNet-Version": [
          "4.0.30319"
        ],
        "X-Powered-By": [
          "ASP.NET"
        ],
        "x-ms-ratelimit-remaining-subscription-reads": [
          "11977"
        ],
        "x-ms-correlation-request-id": [
          "37ebdd78-a1fc-45f0-9448-cda13df3d121"
        ],
        "x-ms-routing-request-id": [
          "WESTUS:20190711T232801Z:37ebdd78-a1fc-45f0-9448-cda13df3d121"
        ],
        "X-Content-Type-Options": [
          "nosniff"
        ],
        "Date": [
          "Thu, 11 Jul 2019 23:28:00 GMT"
        ],
        "Content-Length": [
          "864"
        ],
        "Content-Type": [
          "application/json; charset=utf-8"
        ],
        "Expires": [
          "-1"
        ]
      },
      "ResponseBody": "{\r\n  \"id\": \"/subscriptions/f9b96b36-1f5e-4021-8959-51527e26e6d3/resourceGroups/pstestrg138/providers/Microsoft.CognitiveServices/accounts/csapstestrg138\",\r\n  \"name\": \"csapstestrg138\",\r\n  \"type\": \"Microsoft.CognitiveServices/accounts\",\r\n  \"etag\": \"\\\"1e0041d7-0000-3300-0000-5d27c6010000\\\"\",\r\n  \"location\": \"Central US EUAP\",\r\n  \"sku\": {\r\n    \"name\": \"S0\"\r\n  },\r\n  \"kind\": \"Face\",\r\n  \"properties\": {\r\n    \"endpoint\": \"https://csapstestrg138.cognitiveservices.azure.com/face/v1.0\",\r\n    \"provisioningState\": \"Succeeded\",\r\n    \"internalId\": \"28d36b54bd394c9aa9f5e3d80084a960\",\r\n    \"dateCreated\": \"2019-07-11T23:27:20.9166363Z\",\r\n    \"customSubDomainName\": \"csapstestrg138\",\r\n    \"networkAcls\": {\r\n      \"defaultAction\": \"Deny\",\r\n      \"virtualNetworkRules\": [\r\n        {\r\n          \"id\": \"/subscriptions/f9b96b36-1f5e-4021-8959-51527e26e6d3/resourceGroups/pstestrg138/providers/Microsoft.Network/virtualNetworks/vnetpstestrg138/subnets/subnet\",\r\n          \"ignoreMissingVnetServiceEndpoint\": true\r\n        }\r\n      ],\r\n      \"ipRules\": []\r\n    }\r\n  }\r\n}",
      "StatusCode": 200
    },
    {
      "RequestUri": "/subscriptions/f9b96b36-1f5e-4021-8959-51527e26e6d3/resourceGroups/pstestrg138/providers/Microsoft.CognitiveServices/accounts/csapstestrg138?api-version=2017-04-18",
      "EncodedRequestUri": "L3N1YnNjcmlwdGlvbnMvZjliOTZiMzYtMWY1ZS00MDIxLTg5NTktNTE1MjdlMjZlNmQzL3Jlc291cmNlR3JvdXBzL3BzdGVzdHJnMTM4L3Byb3ZpZGVycy9NaWNyb3NvZnQuQ29nbml0aXZlU2VydmljZXMvYWNjb3VudHMvY3NhcHN0ZXN0cmcxMzg/YXBpLXZlcnNpb249MjAxNy0wNC0xOA==",
      "RequestMethod": "GET",
      "RequestBody": "",
      "RequestHeaders": {
        "x-ms-client-request-id": [
          "1b71881f-54a7-4107-aa9e-3ac4b126af42"
        ],
        "Accept-Language": [
          "en-US"
        ],
        "User-Agent": [
          "FxVersion/4.6.27617.04",
          "OSName/Windows",
          "OSVersion/Microsoft.Windows.10.0.18362.",
          "Microsoft.Azure.Management.CognitiveServices.CognitiveServicesManagementClient/6.0.0.0"
        ]
      },
      "ResponseHeaders": {
        "Cache-Control": [
          "no-cache"
        ],
        "Pragma": [
          "no-cache"
        ],
        "ETag": [
          "\"1e0041d7-0000-3300-0000-5d27c6010000\""
        ],
        "x-ms-request-id": [
          "ae84b003-3d67-4b95-9d32-83e96f1590f9"
        ],
        "Strict-Transport-Security": [
          "max-age=31536000; includeSubDomains"
        ],
        "Server": [
          "Microsoft-IIS/10.0"
        ],
        "X-AspNet-Version": [
          "4.0.30319"
        ],
        "X-Powered-By": [
          "ASP.NET"
        ],
        "x-ms-ratelimit-remaining-subscription-reads": [
          "11976"
        ],
        "x-ms-correlation-request-id": [
          "7fca05af-2a97-48ef-acf2-25f03fc83d1f"
        ],
        "x-ms-routing-request-id": [
          "WESTUS:20190711T232801Z:7fca05af-2a97-48ef-acf2-25f03fc83d1f"
        ],
        "X-Content-Type-Options": [
          "nosniff"
        ],
        "Date": [
          "Thu, 11 Jul 2019 23:28:01 GMT"
        ],
        "Content-Length": [
          "864"
        ],
        "Content-Type": [
          "application/json; charset=utf-8"
        ],
        "Expires": [
          "-1"
        ]
      },
      "ResponseBody": "{\r\n  \"id\": \"/subscriptions/f9b96b36-1f5e-4021-8959-51527e26e6d3/resourceGroups/pstestrg138/providers/Microsoft.CognitiveServices/accounts/csapstestrg138\",\r\n  \"name\": \"csapstestrg138\",\r\n  \"type\": \"Microsoft.CognitiveServices/accounts\",\r\n  \"etag\": \"\\\"1e0041d7-0000-3300-0000-5d27c6010000\\\"\",\r\n  \"location\": \"Central US EUAP\",\r\n  \"sku\": {\r\n    \"name\": \"S0\"\r\n  },\r\n  \"kind\": \"Face\",\r\n  \"properties\": {\r\n    \"endpoint\": \"https://csapstestrg138.cognitiveservices.azure.com/face/v1.0\",\r\n    \"provisioningState\": \"Succeeded\",\r\n    \"internalId\": \"28d36b54bd394c9aa9f5e3d80084a960\",\r\n    \"dateCreated\": \"2019-07-11T23:27:20.9166363Z\",\r\n    \"customSubDomainName\": \"csapstestrg138\",\r\n    \"networkAcls\": {\r\n      \"defaultAction\": \"Deny\",\r\n      \"virtualNetworkRules\": [\r\n        {\r\n          \"id\": \"/subscriptions/f9b96b36-1f5e-4021-8959-51527e26e6d3/resourceGroups/pstestrg138/providers/Microsoft.Network/virtualNetworks/vnetpstestrg138/subnets/subnet\",\r\n          \"ignoreMissingVnetServiceEndpoint\": true\r\n        }\r\n      ],\r\n      \"ipRules\": []\r\n    }\r\n  }\r\n}",
      "StatusCode": 200
    },
    {
      "RequestUri": "/subscriptions/f9b96b36-1f5e-4021-8959-51527e26e6d3/resourceGroups/pstestrg138/providers/Microsoft.CognitiveServices/accounts/csapstestrg138?api-version=2017-04-18",
      "EncodedRequestUri": "L3N1YnNjcmlwdGlvbnMvZjliOTZiMzYtMWY1ZS00MDIxLTg5NTktNTE1MjdlMjZlNmQzL3Jlc291cmNlR3JvdXBzL3BzdGVzdHJnMTM4L3Byb3ZpZGVycy9NaWNyb3NvZnQuQ29nbml0aXZlU2VydmljZXMvYWNjb3VudHMvY3NhcHN0ZXN0cmcxMzg/YXBpLXZlcnNpb249MjAxNy0wNC0xOA==",
      "RequestMethod": "GET",
      "RequestBody": "",
      "RequestHeaders": {
        "x-ms-client-request-id": [
          "16384b16-0c6b-4c0c-8d16-8b625a1f3664"
        ],
        "Accept-Language": [
          "en-US"
        ],
        "User-Agent": [
          "FxVersion/4.6.27617.04",
          "OSName/Windows",
          "OSVersion/Microsoft.Windows.10.0.18362.",
          "Microsoft.Azure.Management.CognitiveServices.CognitiveServicesManagementClient/6.0.0.0"
        ]
      },
      "ResponseHeaders": {
        "Cache-Control": [
          "no-cache"
        ],
        "Pragma": [
          "no-cache"
        ],
        "ETag": [
          "\"1e0041d7-0000-3300-0000-5d27c6010000\""
        ],
        "x-ms-request-id": [
          "d5680105-3f40-489e-8662-1024991b7a56"
        ],
        "Strict-Transport-Security": [
          "max-age=31536000; includeSubDomains"
        ],
        "Server": [
          "Microsoft-IIS/10.0"
        ],
        "X-AspNet-Version": [
          "4.0.30319"
        ],
        "X-Powered-By": [
          "ASP.NET"
        ],
        "x-ms-ratelimit-remaining-subscription-reads": [
          "11975"
        ],
        "x-ms-correlation-request-id": [
          "0f1b0c71-7984-4489-9514-13f7e380deec"
        ],
        "x-ms-routing-request-id": [
          "WESTUS:20190711T232801Z:0f1b0c71-7984-4489-9514-13f7e380deec"
        ],
        "X-Content-Type-Options": [
          "nosniff"
        ],
        "Date": [
          "Thu, 11 Jul 2019 23:28:01 GMT"
        ],
        "Content-Length": [
          "864"
        ],
        "Content-Type": [
          "application/json; charset=utf-8"
        ],
        "Expires": [
          "-1"
        ]
      },
      "ResponseBody": "{\r\n  \"id\": \"/subscriptions/f9b96b36-1f5e-4021-8959-51527e26e6d3/resourceGroups/pstestrg138/providers/Microsoft.CognitiveServices/accounts/csapstestrg138\",\r\n  \"name\": \"csapstestrg138\",\r\n  \"type\": \"Microsoft.CognitiveServices/accounts\",\r\n  \"etag\": \"\\\"1e0041d7-0000-3300-0000-5d27c6010000\\\"\",\r\n  \"location\": \"Central US EUAP\",\r\n  \"sku\": {\r\n    \"name\": \"S0\"\r\n  },\r\n  \"kind\": \"Face\",\r\n  \"properties\": {\r\n    \"endpoint\": \"https://csapstestrg138.cognitiveservices.azure.com/face/v1.0\",\r\n    \"provisioningState\": \"Succeeded\",\r\n    \"internalId\": \"28d36b54bd394c9aa9f5e3d80084a960\",\r\n    \"dateCreated\": \"2019-07-11T23:27:20.9166363Z\",\r\n    \"customSubDomainName\": \"csapstestrg138\",\r\n    \"networkAcls\": {\r\n      \"defaultAction\": \"Deny\",\r\n      \"virtualNetworkRules\": [\r\n        {\r\n          \"id\": \"/subscriptions/f9b96b36-1f5e-4021-8959-51527e26e6d3/resourceGroups/pstestrg138/providers/Microsoft.Network/virtualNetworks/vnetpstestrg138/subnets/subnet\",\r\n          \"ignoreMissingVnetServiceEndpoint\": true\r\n        }\r\n      ],\r\n      \"ipRules\": []\r\n    }\r\n  }\r\n}",
      "StatusCode": 200
    },
    {
      "RequestUri": "/subscriptions/f9b96b36-1f5e-4021-8959-51527e26e6d3/resourceGroups/pstestrg138/providers/Microsoft.CognitiveServices/accounts/csapstestrg138?api-version=2017-04-18",
      "EncodedRequestUri": "L3N1YnNjcmlwdGlvbnMvZjliOTZiMzYtMWY1ZS00MDIxLTg5NTktNTE1MjdlMjZlNmQzL3Jlc291cmNlR3JvdXBzL3BzdGVzdHJnMTM4L3Byb3ZpZGVycy9NaWNyb3NvZnQuQ29nbml0aXZlU2VydmljZXMvYWNjb3VudHMvY3NhcHN0ZXN0cmcxMzg/YXBpLXZlcnNpb249MjAxNy0wNC0xOA==",
      "RequestMethod": "GET",
      "RequestBody": "",
      "RequestHeaders": {
        "x-ms-client-request-id": [
          "4923e01c-d2d4-449a-8c1c-c980cadcfd3a"
        ],
        "Accept-Language": [
          "en-US"
        ],
        "User-Agent": [
          "FxVersion/4.6.27617.04",
          "OSName/Windows",
          "OSVersion/Microsoft.Windows.10.0.18362.",
          "Microsoft.Azure.Management.CognitiveServices.CognitiveServicesManagementClient/6.0.0.0"
        ]
      },
      "ResponseHeaders": {
        "Cache-Control": [
          "no-cache"
        ],
        "Pragma": [
          "no-cache"
        ],
        "ETag": [
          "\"1e007fd7-0000-3300-0000-5d27c60d0000\""
        ],
        "x-ms-request-id": [
          "629c2d7e-3693-4d07-9c07-a1046979cd02"
        ],
        "Strict-Transport-Security": [
          "max-age=31536000; includeSubDomains"
        ],
        "Server": [
          "Microsoft-IIS/10.0"
        ],
        "X-AspNet-Version": [
          "4.0.30319"
        ],
        "X-Powered-By": [
          "ASP.NET"
        ],
        "x-ms-ratelimit-remaining-subscription-reads": [
          "11974"
        ],
        "x-ms-correlation-request-id": [
          "c5fada50-f4ad-43df-af32-515ea7934fab"
        ],
        "x-ms-routing-request-id": [
          "WESTUS:20190711T232813Z:c5fada50-f4ad-43df-af32-515ea7934fab"
        ],
        "X-Content-Type-Options": [
          "nosniff"
        ],
        "Date": [
          "Thu, 11 Jul 2019 23:28:13 GMT"
        ],
        "Content-Length": [
          "662"
        ],
        "Content-Type": [
          "application/json; charset=utf-8"
        ],
        "Expires": [
          "-1"
        ]
      },
      "ResponseBody": "{\r\n  \"id\": \"/subscriptions/f9b96b36-1f5e-4021-8959-51527e26e6d3/resourceGroups/pstestrg138/providers/Microsoft.CognitiveServices/accounts/csapstestrg138\",\r\n  \"name\": \"csapstestrg138\",\r\n  \"type\": \"Microsoft.CognitiveServices/accounts\",\r\n  \"etag\": \"\\\"1e007fd7-0000-3300-0000-5d27c60d0000\\\"\",\r\n  \"location\": \"Central US EUAP\",\r\n  \"sku\": {\r\n    \"name\": \"S0\"\r\n  },\r\n  \"kind\": \"Face\",\r\n  \"properties\": {\r\n    \"endpoint\": \"https://csapstestrg138.cognitiveservices.azure.com/face/v1.0\",\r\n    \"provisioningState\": \"Succeeded\",\r\n    \"internalId\": \"28d36b54bd394c9aa9f5e3d80084a960\",\r\n    \"dateCreated\": \"2019-07-11T23:27:20.9166363Z\",\r\n    \"customSubDomainName\": \"csapstestrg138\",\r\n    \"networkAcls\": {\r\n      \"defaultAction\": \"Deny\",\r\n      \"virtualNetworkRules\": [],\r\n      \"ipRules\": []\r\n    }\r\n  }\r\n}",
      "StatusCode": 200
    },
    {
      "RequestUri": "/subscriptions/f9b96b36-1f5e-4021-8959-51527e26e6d3/resourceGroups/pstestrg138/providers/Microsoft.CognitiveServices/accounts/csapstestrg138?api-version=2017-04-18",
      "EncodedRequestUri": "L3N1YnNjcmlwdGlvbnMvZjliOTZiMzYtMWY1ZS00MDIxLTg5NTktNTE1MjdlMjZlNmQzL3Jlc291cmNlR3JvdXBzL3BzdGVzdHJnMTM4L3Byb3ZpZGVycy9NaWNyb3NvZnQuQ29nbml0aXZlU2VydmljZXMvYWNjb3VudHMvY3NhcHN0ZXN0cmcxMzg/YXBpLXZlcnNpb249MjAxNy0wNC0xOA==",
      "RequestMethod": "GET",
      "RequestBody": "",
      "RequestHeaders": {
        "x-ms-client-request-id": [
          "660e2fa4-8fcf-4f91-928f-3175d564c54c"
        ],
        "Accept-Language": [
          "en-US"
        ],
        "User-Agent": [
          "FxVersion/4.6.27617.04",
          "OSName/Windows",
          "OSVersion/Microsoft.Windows.10.0.18362.",
          "Microsoft.Azure.Management.CognitiveServices.CognitiveServicesManagementClient/6.0.0.0"
        ]
      },
      "ResponseHeaders": {
        "Cache-Control": [
          "no-cache"
        ],
        "Pragma": [
          "no-cache"
        ],
        "ETag": [
          "\"1e007fd7-0000-3300-0000-5d27c60d0000\""
        ],
        "x-ms-request-id": [
          "a77d8bb3-8fe0-4849-9780-6c917a8a8bee"
        ],
        "Strict-Transport-Security": [
          "max-age=31536000; includeSubDomains"
        ],
        "Server": [
          "Microsoft-IIS/10.0"
        ],
        "X-AspNet-Version": [
          "4.0.30319"
        ],
        "X-Powered-By": [
          "ASP.NET"
        ],
        "x-ms-ratelimit-remaining-subscription-reads": [
          "11973"
        ],
        "x-ms-correlation-request-id": [
          "d632cc1b-a59d-4fef-8ad5-d478d2f91e19"
        ],
        "x-ms-routing-request-id": [
          "WESTUS:20190711T232813Z:d632cc1b-a59d-4fef-8ad5-d478d2f91e19"
        ],
        "X-Content-Type-Options": [
          "nosniff"
        ],
        "Date": [
          "Thu, 11 Jul 2019 23:28:13 GMT"
        ],
        "Content-Length": [
          "662"
        ],
        "Content-Type": [
          "application/json; charset=utf-8"
        ],
        "Expires": [
          "-1"
        ]
      },
      "ResponseBody": "{\r\n  \"id\": \"/subscriptions/f9b96b36-1f5e-4021-8959-51527e26e6d3/resourceGroups/pstestrg138/providers/Microsoft.CognitiveServices/accounts/csapstestrg138\",\r\n  \"name\": \"csapstestrg138\",\r\n  \"type\": \"Microsoft.CognitiveServices/accounts\",\r\n  \"etag\": \"\\\"1e007fd7-0000-3300-0000-5d27c60d0000\\\"\",\r\n  \"location\": \"Central US EUAP\",\r\n  \"sku\": {\r\n    \"name\": \"S0\"\r\n  },\r\n  \"kind\": \"Face\",\r\n  \"properties\": {\r\n    \"endpoint\": \"https://csapstestrg138.cognitiveservices.azure.com/face/v1.0\",\r\n    \"provisioningState\": \"Succeeded\",\r\n    \"internalId\": \"28d36b54bd394c9aa9f5e3d80084a960\",\r\n    \"dateCreated\": \"2019-07-11T23:27:20.9166363Z\",\r\n    \"customSubDomainName\": \"csapstestrg138\",\r\n    \"networkAcls\": {\r\n      \"defaultAction\": \"Deny\",\r\n      \"virtualNetworkRules\": [],\r\n      \"ipRules\": []\r\n    }\r\n  }\r\n}",
      "StatusCode": 200
    },
    {
      "RequestUri": "/subscriptions/f9b96b36-1f5e-4021-8959-51527e26e6d3/resourceGroups/pstestrg138/providers/Microsoft.CognitiveServices/accounts/csapstestrg138?api-version=2017-04-18",
      "EncodedRequestUri": "L3N1YnNjcmlwdGlvbnMvZjliOTZiMzYtMWY1ZS00MDIxLTg5NTktNTE1MjdlMjZlNmQzL3Jlc291cmNlR3JvdXBzL3BzdGVzdHJnMTM4L3Byb3ZpZGVycy9NaWNyb3NvZnQuQ29nbml0aXZlU2VydmljZXMvYWNjb3VudHMvY3NhcHN0ZXN0cmcxMzg/YXBpLXZlcnNpb249MjAxNy0wNC0xOA==",
      "RequestMethod": "GET",
      "RequestBody": "",
      "RequestHeaders": {
        "x-ms-client-request-id": [
          "5fd5b20c-cc79-459a-bc28-53b2aba5dcdd"
        ],
        "Accept-Language": [
          "en-US"
        ],
        "User-Agent": [
          "FxVersion/4.6.27617.04",
          "OSName/Windows",
          "OSVersion/Microsoft.Windows.10.0.18362.",
          "Microsoft.Azure.Management.CognitiveServices.CognitiveServicesManagementClient/6.0.0.0"
        ]
      },
      "ResponseHeaders": {
        "Cache-Control": [
          "no-cache"
        ],
        "Pragma": [
          "no-cache"
        ],
        "ETag": [
          "\"1e007fd7-0000-3300-0000-5d27c60d0000\""
        ],
        "x-ms-request-id": [
          "ddf912db-4e2d-414e-82f6-e80b873631be"
        ],
        "Strict-Transport-Security": [
          "max-age=31536000; includeSubDomains"
        ],
        "Server": [
          "Microsoft-IIS/10.0"
        ],
        "X-AspNet-Version": [
          "4.0.30319"
        ],
        "X-Powered-By": [
          "ASP.NET"
        ],
        "x-ms-ratelimit-remaining-subscription-reads": [
          "11972"
        ],
        "x-ms-correlation-request-id": [
          "c564e62a-4195-45c4-99cd-7b226eb0aadf"
        ],
        "x-ms-routing-request-id": [
          "WESTUS:20190711T232813Z:c564e62a-4195-45c4-99cd-7b226eb0aadf"
        ],
        "X-Content-Type-Options": [
          "nosniff"
        ],
        "Date": [
          "Thu, 11 Jul 2019 23:28:13 GMT"
        ],
        "Content-Length": [
          "662"
        ],
        "Content-Type": [
          "application/json; charset=utf-8"
        ],
        "Expires": [
          "-1"
        ]
      },
      "ResponseBody": "{\r\n  \"id\": \"/subscriptions/f9b96b36-1f5e-4021-8959-51527e26e6d3/resourceGroups/pstestrg138/providers/Microsoft.CognitiveServices/accounts/csapstestrg138\",\r\n  \"name\": \"csapstestrg138\",\r\n  \"type\": \"Microsoft.CognitiveServices/accounts\",\r\n  \"etag\": \"\\\"1e007fd7-0000-3300-0000-5d27c60d0000\\\"\",\r\n  \"location\": \"Central US EUAP\",\r\n  \"sku\": {\r\n    \"name\": \"S0\"\r\n  },\r\n  \"kind\": \"Face\",\r\n  \"properties\": {\r\n    \"endpoint\": \"https://csapstestrg138.cognitiveservices.azure.com/face/v1.0\",\r\n    \"provisioningState\": \"Succeeded\",\r\n    \"internalId\": \"28d36b54bd394c9aa9f5e3d80084a960\",\r\n    \"dateCreated\": \"2019-07-11T23:27:20.9166363Z\",\r\n    \"customSubDomainName\": \"csapstestrg138\",\r\n    \"networkAcls\": {\r\n      \"defaultAction\": \"Deny\",\r\n      \"virtualNetworkRules\": [],\r\n      \"ipRules\": []\r\n    }\r\n  }\r\n}",
      "StatusCode": 200
    },
    {
      "RequestUri": "/subscriptions/f9b96b36-1f5e-4021-8959-51527e26e6d3/resourceGroups/pstestrg138/providers/Microsoft.CognitiveServices/accounts/csapstestrg138?api-version=2017-04-18",
      "EncodedRequestUri": "L3N1YnNjcmlwdGlvbnMvZjliOTZiMzYtMWY1ZS00MDIxLTg5NTktNTE1MjdlMjZlNmQzL3Jlc291cmNlR3JvdXBzL3BzdGVzdHJnMTM4L3Byb3ZpZGVycy9NaWNyb3NvZnQuQ29nbml0aXZlU2VydmljZXMvYWNjb3VudHMvY3NhcHN0ZXN0cmcxMzg/YXBpLXZlcnNpb249MjAxNy0wNC0xOA==",
      "RequestMethod": "GET",
      "RequestBody": "",
      "RequestHeaders": {
        "x-ms-client-request-id": [
          "e2e46429-ab4b-4818-9d7b-b5f5491a37cf"
        ],
        "Accept-Language": [
          "en-US"
        ],
        "User-Agent": [
          "FxVersion/4.6.27617.04",
          "OSName/Windows",
          "OSVersion/Microsoft.Windows.10.0.18362.",
          "Microsoft.Azure.Management.CognitiveServices.CognitiveServicesManagementClient/6.0.0.0"
        ]
      },
      "ResponseHeaders": {
        "Cache-Control": [
          "no-cache"
        ],
        "Pragma": [
          "no-cache"
        ],
        "ETag": [
          "\"1e0083d7-0000-3300-0000-5d27c60e0000\""
        ],
        "x-ms-request-id": [
          "6576890c-d7cf-4af0-867e-23dfb16e3966"
        ],
        "Strict-Transport-Security": [
          "max-age=31536000; includeSubDomains"
        ],
        "Server": [
          "Microsoft-IIS/10.0"
        ],
        "X-AspNet-Version": [
          "4.0.30319"
        ],
        "X-Powered-By": [
          "ASP.NET"
        ],
        "x-ms-ratelimit-remaining-subscription-reads": [
          "11971"
        ],
        "x-ms-correlation-request-id": [
          "77728903-ef0b-4d4e-88b0-fdf9e73653ac"
        ],
        "x-ms-routing-request-id": [
          "WESTUS:20190711T232814Z:77728903-ef0b-4d4e-88b0-fdf9e73653ac"
        ],
        "X-Content-Type-Options": [
          "nosniff"
        ],
        "Date": [
          "Thu, 11 Jul 2019 23:28:13 GMT"
        ],
        "Content-Length": [
          "684"
        ],
        "Content-Type": [
          "application/json; charset=utf-8"
        ],
        "Expires": [
          "-1"
        ]
      },
      "ResponseBody": "{\r\n  \"id\": \"/subscriptions/f9b96b36-1f5e-4021-8959-51527e26e6d3/resourceGroups/pstestrg138/providers/Microsoft.CognitiveServices/accounts/csapstestrg138\",\r\n  \"name\": \"csapstestrg138\",\r\n  \"type\": \"Microsoft.CognitiveServices/accounts\",\r\n  \"etag\": \"\\\"1e0083d7-0000-3300-0000-5d27c60e0000\\\"\",\r\n  \"location\": \"Central US EUAP\",\r\n  \"sku\": {\r\n    \"name\": \"S0\"\r\n  },\r\n  \"kind\": \"Face\",\r\n  \"properties\": {\r\n    \"endpoint\": \"https://csapstestrg138.cognitiveservices.azure.com/face/v1.0\",\r\n    \"provisioningState\": \"Succeeded\",\r\n    \"internalId\": \"28d36b54bd394c9aa9f5e3d80084a960\",\r\n    \"dateCreated\": \"2019-07-11T23:27:20.9166363Z\",\r\n    \"customSubDomainName\": \"csapstestrg138\",\r\n    \"networkAcls\": {\r\n      \"defaultAction\": \"Deny\",\r\n      \"virtualNetworkRules\": [],\r\n      \"ipRules\": [\r\n        {\r\n          \"value\": \"16.17.18.0\"\r\n        }\r\n      ]\r\n    }\r\n  }\r\n}",
      "StatusCode": 200
    },
    {
      "RequestUri": "/subscriptions/f9b96b36-1f5e-4021-8959-51527e26e6d3/resourceGroups/pstestrg138/providers/Microsoft.CognitiveServices/accounts/csapstestrg138?api-version=2017-04-18",
      "EncodedRequestUri": "L3N1YnNjcmlwdGlvbnMvZjliOTZiMzYtMWY1ZS00MDIxLTg5NTktNTE1MjdlMjZlNmQzL3Jlc291cmNlR3JvdXBzL3BzdGVzdHJnMTM4L3Byb3ZpZGVycy9NaWNyb3NvZnQuQ29nbml0aXZlU2VydmljZXMvYWNjb3VudHMvY3NhcHN0ZXN0cmcxMzg/YXBpLXZlcnNpb249MjAxNy0wNC0xOA==",
      "RequestMethod": "GET",
      "RequestBody": "",
      "RequestHeaders": {
        "x-ms-client-request-id": [
          "f01f120d-0c3e-4502-a4dd-a6089cca74d3"
        ],
        "Accept-Language": [
          "en-US"
        ],
        "User-Agent": [
          "FxVersion/4.6.27617.04",
          "OSName/Windows",
          "OSVersion/Microsoft.Windows.10.0.18362.",
          "Microsoft.Azure.Management.CognitiveServices.CognitiveServicesManagementClient/6.0.0.0"
        ]
      },
      "ResponseHeaders": {
        "Cache-Control": [
          "no-cache"
        ],
        "Pragma": [
          "no-cache"
        ],
        "ETag": [
          "\"1e0083d7-0000-3300-0000-5d27c60e0000\""
        ],
        "x-ms-request-id": [
          "507d8b23-4708-449c-bd8b-51ab92b4b231"
        ],
        "Strict-Transport-Security": [
          "max-age=31536000; includeSubDomains"
        ],
        "Server": [
          "Microsoft-IIS/10.0"
        ],
        "X-AspNet-Version": [
          "4.0.30319"
        ],
        "X-Powered-By": [
          "ASP.NET"
        ],
        "x-ms-ratelimit-remaining-subscription-reads": [
          "11970"
        ],
        "x-ms-correlation-request-id": [
          "9ebf3c5b-ea60-4aea-a249-87eb57bf1cbc"
        ],
        "x-ms-routing-request-id": [
          "WESTUS:20190711T232814Z:9ebf3c5b-ea60-4aea-a249-87eb57bf1cbc"
        ],
        "X-Content-Type-Options": [
          "nosniff"
        ],
        "Date": [
          "Thu, 11 Jul 2019 23:28:13 GMT"
        ],
        "Content-Length": [
          "684"
        ],
        "Content-Type": [
          "application/json; charset=utf-8"
        ],
        "Expires": [
          "-1"
        ]
      },
      "ResponseBody": "{\r\n  \"id\": \"/subscriptions/f9b96b36-1f5e-4021-8959-51527e26e6d3/resourceGroups/pstestrg138/providers/Microsoft.CognitiveServices/accounts/csapstestrg138\",\r\n  \"name\": \"csapstestrg138\",\r\n  \"type\": \"Microsoft.CognitiveServices/accounts\",\r\n  \"etag\": \"\\\"1e0083d7-0000-3300-0000-5d27c60e0000\\\"\",\r\n  \"location\": \"Central US EUAP\",\r\n  \"sku\": {\r\n    \"name\": \"S0\"\r\n  },\r\n  \"kind\": \"Face\",\r\n  \"properties\": {\r\n    \"endpoint\": \"https://csapstestrg138.cognitiveservices.azure.com/face/v1.0\",\r\n    \"provisioningState\": \"Succeeded\",\r\n    \"internalId\": \"28d36b54bd394c9aa9f5e3d80084a960\",\r\n    \"dateCreated\": \"2019-07-11T23:27:20.9166363Z\",\r\n    \"customSubDomainName\": \"csapstestrg138\",\r\n    \"networkAcls\": {\r\n      \"defaultAction\": \"Deny\",\r\n      \"virtualNetworkRules\": [],\r\n      \"ipRules\": [\r\n        {\r\n          \"value\": \"16.17.18.0\"\r\n        }\r\n      ]\r\n    }\r\n  }\r\n}",
      "StatusCode": 200
    },
    {
      "RequestUri": "/subscriptions/f9b96b36-1f5e-4021-8959-51527e26e6d3/resourceGroups/pstestrg138/providers/Microsoft.CognitiveServices/accounts/csapstestrg138?api-version=2017-04-18",
      "EncodedRequestUri": "L3N1YnNjcmlwdGlvbnMvZjliOTZiMzYtMWY1ZS00MDIxLTg5NTktNTE1MjdlMjZlNmQzL3Jlc291cmNlR3JvdXBzL3BzdGVzdHJnMTM4L3Byb3ZpZGVycy9NaWNyb3NvZnQuQ29nbml0aXZlU2VydmljZXMvYWNjb3VudHMvY3NhcHN0ZXN0cmcxMzg/YXBpLXZlcnNpb249MjAxNy0wNC0xOA==",
      "RequestMethod": "GET",
      "RequestBody": "",
      "RequestHeaders": {
        "x-ms-client-request-id": [
          "9b8638bf-803a-4837-955d-96eafd8686da"
        ],
        "Accept-Language": [
          "en-US"
        ],
        "User-Agent": [
          "FxVersion/4.6.27617.04",
          "OSName/Windows",
          "OSVersion/Microsoft.Windows.10.0.18362.",
          "Microsoft.Azure.Management.CognitiveServices.CognitiveServicesManagementClient/6.0.0.0"
        ]
      },
      "ResponseHeaders": {
        "Cache-Control": [
          "no-cache"
        ],
        "Pragma": [
          "no-cache"
        ],
        "ETag": [
          "\"1e0083d7-0000-3300-0000-5d27c60e0000\""
        ],
        "x-ms-request-id": [
          "8cf6c8fb-4b47-46bd-add4-819144051b8d"
        ],
        "Strict-Transport-Security": [
          "max-age=31536000; includeSubDomains"
        ],
        "Server": [
          "Microsoft-IIS/10.0"
        ],
        "X-AspNet-Version": [
          "4.0.30319"
        ],
        "X-Powered-By": [
          "ASP.NET"
        ],
        "x-ms-ratelimit-remaining-subscription-reads": [
          "11969"
        ],
        "x-ms-correlation-request-id": [
          "1bd653e3-e7ff-49b5-97c0-fc707edcfab0"
        ],
        "x-ms-routing-request-id": [
          "WESTUS:20190711T232814Z:1bd653e3-e7ff-49b5-97c0-fc707edcfab0"
        ],
        "X-Content-Type-Options": [
          "nosniff"
        ],
        "Date": [
          "Thu, 11 Jul 2019 23:28:13 GMT"
        ],
        "Content-Length": [
          "684"
        ],
        "Content-Type": [
          "application/json; charset=utf-8"
        ],
        "Expires": [
          "-1"
        ]
      },
      "ResponseBody": "{\r\n  \"id\": \"/subscriptions/f9b96b36-1f5e-4021-8959-51527e26e6d3/resourceGroups/pstestrg138/providers/Microsoft.CognitiveServices/accounts/csapstestrg138\",\r\n  \"name\": \"csapstestrg138\",\r\n  \"type\": \"Microsoft.CognitiveServices/accounts\",\r\n  \"etag\": \"\\\"1e0083d7-0000-3300-0000-5d27c60e0000\\\"\",\r\n  \"location\": \"Central US EUAP\",\r\n  \"sku\": {\r\n    \"name\": \"S0\"\r\n  },\r\n  \"kind\": \"Face\",\r\n  \"properties\": {\r\n    \"endpoint\": \"https://csapstestrg138.cognitiveservices.azure.com/face/v1.0\",\r\n    \"provisioningState\": \"Succeeded\",\r\n    \"internalId\": \"28d36b54bd394c9aa9f5e3d80084a960\",\r\n    \"dateCreated\": \"2019-07-11T23:27:20.9166363Z\",\r\n    \"customSubDomainName\": \"csapstestrg138\",\r\n    \"networkAcls\": {\r\n      \"defaultAction\": \"Deny\",\r\n      \"virtualNetworkRules\": [],\r\n      \"ipRules\": [\r\n        {\r\n          \"value\": \"16.17.18.0\"\r\n        }\r\n      ]\r\n    }\r\n  }\r\n}",
      "StatusCode": 200
    },
    {
      "RequestUri": "/subscriptions/f9b96b36-1f5e-4021-8959-51527e26e6d3/resourceGroups/pstestrg138/providers/Microsoft.CognitiveServices/accounts/csapstestrg138?api-version=2017-04-18",
      "EncodedRequestUri": "L3N1YnNjcmlwdGlvbnMvZjliOTZiMzYtMWY1ZS00MDIxLTg5NTktNTE1MjdlMjZlNmQzL3Jlc291cmNlR3JvdXBzL3BzdGVzdHJnMTM4L3Byb3ZpZGVycy9NaWNyb3NvZnQuQ29nbml0aXZlU2VydmljZXMvYWNjb3VudHMvY3NhcHN0ZXN0cmcxMzg/YXBpLXZlcnNpb249MjAxNy0wNC0xOA==",
      "RequestMethod": "GET",
      "RequestBody": "",
      "RequestHeaders": {
        "x-ms-client-request-id": [
          "ab5cf38f-4264-427f-9a5e-17f77927376e"
        ],
        "Accept-Language": [
          "en-US"
        ],
        "User-Agent": [
          "FxVersion/4.6.27617.04",
          "OSName/Windows",
          "OSVersion/Microsoft.Windows.10.0.18362.",
          "Microsoft.Azure.Management.CognitiveServices.CognitiveServicesManagementClient/6.0.0.0"
        ]
      },
      "ResponseHeaders": {
        "Cache-Control": [
          "no-cache"
        ],
        "Pragma": [
          "no-cache"
        ],
        "ETag": [
          "\"1e008dd7-0000-3300-0000-5d27c60e0000\""
        ],
        "x-ms-request-id": [
          "42a01a00-ec2c-47fd-91e2-7f1e0d6f7ba0"
        ],
        "Strict-Transport-Security": [
          "max-age=31536000; includeSubDomains"
        ],
        "Server": [
          "Microsoft-IIS/10.0"
        ],
        "X-AspNet-Version": [
          "4.0.30319"
        ],
        "X-Powered-By": [
          "ASP.NET"
        ],
        "x-ms-ratelimit-remaining-subscription-reads": [
          "11968"
        ],
        "x-ms-correlation-request-id": [
          "3df37f22-0bff-4256-b53a-f7c1cc969001"
        ],
        "x-ms-routing-request-id": [
          "WESTUS:20190711T232814Z:3df37f22-0bff-4256-b53a-f7c1cc969001"
        ],
        "X-Content-Type-Options": [
          "nosniff"
        ],
        "Date": [
          "Thu, 11 Jul 2019 23:28:14 GMT"
        ],
        "Content-Length": [
          "707"
        ],
        "Content-Type": [
          "application/json; charset=utf-8"
        ],
        "Expires": [
          "-1"
        ]
      },
      "ResponseBody": "{\r\n  \"id\": \"/subscriptions/f9b96b36-1f5e-4021-8959-51527e26e6d3/resourceGroups/pstestrg138/providers/Microsoft.CognitiveServices/accounts/csapstestrg138\",\r\n  \"name\": \"csapstestrg138\",\r\n  \"type\": \"Microsoft.CognitiveServices/accounts\",\r\n  \"etag\": \"\\\"1e008dd7-0000-3300-0000-5d27c60e0000\\\"\",\r\n  \"location\": \"Central US EUAP\",\r\n  \"sku\": {\r\n    \"name\": \"S0\"\r\n  },\r\n  \"kind\": \"Face\",\r\n  \"properties\": {\r\n    \"endpoint\": \"https://csapstestrg138.cognitiveservices.azure.com/face/v1.0\",\r\n    \"provisioningState\": \"Succeeded\",\r\n    \"internalId\": \"28d36b54bd394c9aa9f5e3d80084a960\",\r\n    \"dateCreated\": \"2019-07-11T23:27:20.9166363Z\",\r\n    \"customSubDomainName\": \"csapstestrg138\",\r\n    \"networkAcls\": {\r\n      \"defaultAction\": \"Deny\",\r\n      \"virtualNetworkRules\": [],\r\n      \"ipRules\": [\r\n        {\r\n          \"value\": \"16.17.18.0\"\r\n        },\r\n        {\r\n          \"value\": \"16.17.18.1\"\r\n        }\r\n      ]\r\n    }\r\n  }\r\n}",
      "StatusCode": 200
    },
    {
      "RequestUri": "/subscriptions/f9b96b36-1f5e-4021-8959-51527e26e6d3/resourceGroups/pstestrg138/providers/Microsoft.CognitiveServices/accounts/csapstestrg138?api-version=2017-04-18",
      "EncodedRequestUri": "L3N1YnNjcmlwdGlvbnMvZjliOTZiMzYtMWY1ZS00MDIxLTg5NTktNTE1MjdlMjZlNmQzL3Jlc291cmNlR3JvdXBzL3BzdGVzdHJnMTM4L3Byb3ZpZGVycy9NaWNyb3NvZnQuQ29nbml0aXZlU2VydmljZXMvYWNjb3VudHMvY3NhcHN0ZXN0cmcxMzg/YXBpLXZlcnNpb249MjAxNy0wNC0xOA==",
      "RequestMethod": "GET",
      "RequestBody": "",
      "RequestHeaders": {
        "x-ms-client-request-id": [
          "9c3614a8-b705-4bbe-9d12-ca6ed23344cb"
        ],
        "Accept-Language": [
          "en-US"
        ],
        "User-Agent": [
          "FxVersion/4.6.27617.04",
          "OSName/Windows",
          "OSVersion/Microsoft.Windows.10.0.18362.",
          "Microsoft.Azure.Management.CognitiveServices.CognitiveServicesManagementClient/6.0.0.0"
        ]
      },
      "ResponseHeaders": {
        "Cache-Control": [
          "no-cache"
        ],
        "Pragma": [
          "no-cache"
        ],
        "ETag": [
          "\"1e008dd7-0000-3300-0000-5d27c60e0000\""
        ],
        "x-ms-request-id": [
          "5acbe22f-f69e-4f17-a64d-397f21013fce"
        ],
        "Strict-Transport-Security": [
          "max-age=31536000; includeSubDomains"
        ],
        "Server": [
          "Microsoft-IIS/10.0"
        ],
        "X-AspNet-Version": [
          "4.0.30319"
        ],
        "X-Powered-By": [
          "ASP.NET"
        ],
        "x-ms-ratelimit-remaining-subscription-reads": [
          "11967"
        ],
        "x-ms-correlation-request-id": [
          "12ef1707-ee72-4c49-b85d-cf46678f1f53"
        ],
        "x-ms-routing-request-id": [
          "WESTUS:20190711T232814Z:12ef1707-ee72-4c49-b85d-cf46678f1f53"
        ],
        "X-Content-Type-Options": [
          "nosniff"
        ],
        "Date": [
          "Thu, 11 Jul 2019 23:28:14 GMT"
        ],
        "Content-Length": [
          "707"
        ],
        "Content-Type": [
          "application/json; charset=utf-8"
        ],
        "Expires": [
          "-1"
        ]
      },
      "ResponseBody": "{\r\n  \"id\": \"/subscriptions/f9b96b36-1f5e-4021-8959-51527e26e6d3/resourceGroups/pstestrg138/providers/Microsoft.CognitiveServices/accounts/csapstestrg138\",\r\n  \"name\": \"csapstestrg138\",\r\n  \"type\": \"Microsoft.CognitiveServices/accounts\",\r\n  \"etag\": \"\\\"1e008dd7-0000-3300-0000-5d27c60e0000\\\"\",\r\n  \"location\": \"Central US EUAP\",\r\n  \"sku\": {\r\n    \"name\": \"S0\"\r\n  },\r\n  \"kind\": \"Face\",\r\n  \"properties\": {\r\n    \"endpoint\": \"https://csapstestrg138.cognitiveservices.azure.com/face/v1.0\",\r\n    \"provisioningState\": \"Succeeded\",\r\n    \"internalId\": \"28d36b54bd394c9aa9f5e3d80084a960\",\r\n    \"dateCreated\": \"2019-07-11T23:27:20.9166363Z\",\r\n    \"customSubDomainName\": \"csapstestrg138\",\r\n    \"networkAcls\": {\r\n      \"defaultAction\": \"Deny\",\r\n      \"virtualNetworkRules\": [],\r\n      \"ipRules\": [\r\n        {\r\n          \"value\": \"16.17.18.0\"\r\n        },\r\n        {\r\n          \"value\": \"16.17.18.1\"\r\n        }\r\n      ]\r\n    }\r\n  }\r\n}",
      "StatusCode": 200
    },
    {
      "RequestUri": "/subscriptions/f9b96b36-1f5e-4021-8959-51527e26e6d3/resourceGroups/pstestrg138/providers/Microsoft.CognitiveServices/accounts/csapstestrg138?api-version=2017-04-18",
      "EncodedRequestUri": "L3N1YnNjcmlwdGlvbnMvZjliOTZiMzYtMWY1ZS00MDIxLTg5NTktNTE1MjdlMjZlNmQzL3Jlc291cmNlR3JvdXBzL3BzdGVzdHJnMTM4L3Byb3ZpZGVycy9NaWNyb3NvZnQuQ29nbml0aXZlU2VydmljZXMvYWNjb3VudHMvY3NhcHN0ZXN0cmcxMzg/YXBpLXZlcnNpb249MjAxNy0wNC0xOA==",
      "RequestMethod": "GET",
      "RequestBody": "",
      "RequestHeaders": {
        "x-ms-client-request-id": [
          "8cfe8699-0c6d-4776-9ec1-a7e3297cec0c"
        ],
        "Accept-Language": [
          "en-US"
        ],
        "User-Agent": [
          "FxVersion/4.6.27617.04",
          "OSName/Windows",
          "OSVersion/Microsoft.Windows.10.0.18362.",
          "Microsoft.Azure.Management.CognitiveServices.CognitiveServicesManagementClient/6.0.0.0"
        ]
      },
      "ResponseHeaders": {
        "Cache-Control": [
          "no-cache"
        ],
        "Pragma": [
          "no-cache"
        ],
        "ETag": [
          "\"1e008dd7-0000-3300-0000-5d27c60e0000\""
        ],
        "x-ms-request-id": [
          "6a0c19d3-b63d-40a4-a866-56a67bba1067"
        ],
        "Strict-Transport-Security": [
          "max-age=31536000; includeSubDomains"
        ],
        "Server": [
          "Microsoft-IIS/10.0"
        ],
        "X-AspNet-Version": [
          "4.0.30319"
        ],
        "X-Powered-By": [
          "ASP.NET"
        ],
        "x-ms-ratelimit-remaining-subscription-reads": [
          "11966"
        ],
        "x-ms-correlation-request-id": [
          "87db0287-807b-4477-bb1a-8585ff0c991f"
        ],
        "x-ms-routing-request-id": [
          "WESTUS:20190711T232814Z:87db0287-807b-4477-bb1a-8585ff0c991f"
        ],
        "X-Content-Type-Options": [
          "nosniff"
        ],
        "Date": [
          "Thu, 11 Jul 2019 23:28:14 GMT"
        ],
        "Content-Length": [
          "707"
        ],
        "Content-Type": [
          "application/json; charset=utf-8"
        ],
        "Expires": [
          "-1"
        ]
      },
      "ResponseBody": "{\r\n  \"id\": \"/subscriptions/f9b96b36-1f5e-4021-8959-51527e26e6d3/resourceGroups/pstestrg138/providers/Microsoft.CognitiveServices/accounts/csapstestrg138\",\r\n  \"name\": \"csapstestrg138\",\r\n  \"type\": \"Microsoft.CognitiveServices/accounts\",\r\n  \"etag\": \"\\\"1e008dd7-0000-3300-0000-5d27c60e0000\\\"\",\r\n  \"location\": \"Central US EUAP\",\r\n  \"sku\": {\r\n    \"name\": \"S0\"\r\n  },\r\n  \"kind\": \"Face\",\r\n  \"properties\": {\r\n    \"endpoint\": \"https://csapstestrg138.cognitiveservices.azure.com/face/v1.0\",\r\n    \"provisioningState\": \"Succeeded\",\r\n    \"internalId\": \"28d36b54bd394c9aa9f5e3d80084a960\",\r\n    \"dateCreated\": \"2019-07-11T23:27:20.9166363Z\",\r\n    \"customSubDomainName\": \"csapstestrg138\",\r\n    \"networkAcls\": {\r\n      \"defaultAction\": \"Deny\",\r\n      \"virtualNetworkRules\": [],\r\n      \"ipRules\": [\r\n        {\r\n          \"value\": \"16.17.18.0\"\r\n        },\r\n        {\r\n          \"value\": \"16.17.18.1\"\r\n        }\r\n      ]\r\n    }\r\n  }\r\n}",
      "StatusCode": 200
    },
    {
      "RequestUri": "/subscriptions/f9b96b36-1f5e-4021-8959-51527e26e6d3/resourceGroups/pstestrg138/providers/Microsoft.CognitiveServices/accounts/csapstestrg138?api-version=2017-04-18",
      "EncodedRequestUri": "L3N1YnNjcmlwdGlvbnMvZjliOTZiMzYtMWY1ZS00MDIxLTg5NTktNTE1MjdlMjZlNmQzL3Jlc291cmNlR3JvdXBzL3BzdGVzdHJnMTM4L3Byb3ZpZGVycy9NaWNyb3NvZnQuQ29nbml0aXZlU2VydmljZXMvYWNjb3VudHMvY3NhcHN0ZXN0cmcxMzg/YXBpLXZlcnNpb249MjAxNy0wNC0xOA==",
      "RequestMethod": "GET",
      "RequestBody": "",
      "RequestHeaders": {
        "x-ms-client-request-id": [
          "dfabc3bc-9eb4-40d8-b5cc-6b65eb2e65fc"
        ],
        "Accept-Language": [
          "en-US"
        ],
        "User-Agent": [
          "FxVersion/4.6.27617.04",
          "OSName/Windows",
          "OSVersion/Microsoft.Windows.10.0.18362.",
          "Microsoft.Azure.Management.CognitiveServices.CognitiveServicesManagementClient/6.0.0.0"
        ]
      },
      "ResponseHeaders": {
        "Cache-Control": [
          "no-cache"
        ],
        "Pragma": [
          "no-cache"
        ],
        "ETag": [
          "\"1e0092d7-0000-3300-0000-5d27c60f0000\""
        ],
        "x-ms-request-id": [
          "84ab3057-1197-4f00-8871-aadde708e667"
        ],
        "Strict-Transport-Security": [
          "max-age=31536000; includeSubDomains"
        ],
        "Server": [
          "Microsoft-IIS/10.0"
        ],
        "X-AspNet-Version": [
          "4.0.30319"
        ],
        "X-Powered-By": [
          "ASP.NET"
        ],
        "x-ms-ratelimit-remaining-subscription-reads": [
          "11965"
        ],
        "x-ms-correlation-request-id": [
          "1e901476-8435-46cd-9450-72d38962ec76"
        ],
        "x-ms-routing-request-id": [
          "WESTUS:20190711T232815Z:1e901476-8435-46cd-9450-72d38962ec76"
        ],
        "X-Content-Type-Options": [
          "nosniff"
        ],
        "Date": [
          "Thu, 11 Jul 2019 23:28:14 GMT"
        ],
        "Content-Length": [
          "684"
        ],
        "Content-Type": [
          "application/json; charset=utf-8"
        ],
        "Expires": [
          "-1"
        ]
      },
      "ResponseBody": "{\r\n  \"id\": \"/subscriptions/f9b96b36-1f5e-4021-8959-51527e26e6d3/resourceGroups/pstestrg138/providers/Microsoft.CognitiveServices/accounts/csapstestrg138\",\r\n  \"name\": \"csapstestrg138\",\r\n  \"type\": \"Microsoft.CognitiveServices/accounts\",\r\n  \"etag\": \"\\\"1e0092d7-0000-3300-0000-5d27c60f0000\\\"\",\r\n  \"location\": \"Central US EUAP\",\r\n  \"sku\": {\r\n    \"name\": \"S0\"\r\n  },\r\n  \"kind\": \"Face\",\r\n  \"properties\": {\r\n    \"endpoint\": \"https://csapstestrg138.cognitiveservices.azure.com/face/v1.0\",\r\n    \"provisioningState\": \"Succeeded\",\r\n    \"internalId\": \"28d36b54bd394c9aa9f5e3d80084a960\",\r\n    \"dateCreated\": \"2019-07-11T23:27:20.9166363Z\",\r\n    \"customSubDomainName\": \"csapstestrg138\",\r\n    \"networkAcls\": {\r\n      \"defaultAction\": \"Deny\",\r\n      \"virtualNetworkRules\": [],\r\n      \"ipRules\": [\r\n        {\r\n          \"value\": \"16.17.18.1\"\r\n        }\r\n      ]\r\n    }\r\n  }\r\n}",
      "StatusCode": 200
    },
    {
      "RequestUri": "/subscriptions/f9b96b36-1f5e-4021-8959-51527e26e6d3/resourceGroups/pstestrg138/providers/Microsoft.CognitiveServices/accounts/csapstestrg138?api-version=2017-04-18",
      "EncodedRequestUri": "L3N1YnNjcmlwdGlvbnMvZjliOTZiMzYtMWY1ZS00MDIxLTg5NTktNTE1MjdlMjZlNmQzL3Jlc291cmNlR3JvdXBzL3BzdGVzdHJnMTM4L3Byb3ZpZGVycy9NaWNyb3NvZnQuQ29nbml0aXZlU2VydmljZXMvYWNjb3VudHMvY3NhcHN0ZXN0cmcxMzg/YXBpLXZlcnNpb249MjAxNy0wNC0xOA==",
      "RequestMethod": "GET",
      "RequestBody": "",
      "RequestHeaders": {
        "x-ms-client-request-id": [
          "c5cfcf58-14da-47f2-be12-72720f614518"
        ],
        "Accept-Language": [
          "en-US"
        ],
        "User-Agent": [
          "FxVersion/4.6.27617.04",
          "OSName/Windows",
          "OSVersion/Microsoft.Windows.10.0.18362.",
          "Microsoft.Azure.Management.CognitiveServices.CognitiveServicesManagementClient/6.0.0.0"
        ]
      },
      "ResponseHeaders": {
        "Cache-Control": [
          "no-cache"
        ],
        "Pragma": [
          "no-cache"
        ],
        "ETag": [
          "\"1e0092d7-0000-3300-0000-5d27c60f0000\""
        ],
        "x-ms-request-id": [
          "07c4c927-6172-4b21-bd84-7f756940911c"
        ],
        "Strict-Transport-Security": [
          "max-age=31536000; includeSubDomains"
        ],
        "Server": [
          "Microsoft-IIS/10.0"
        ],
        "X-AspNet-Version": [
          "4.0.30319"
        ],
        "X-Powered-By": [
          "ASP.NET"
        ],
        "x-ms-ratelimit-remaining-subscription-reads": [
          "11964"
        ],
        "x-ms-correlation-request-id": [
          "7a367ad0-ab6f-4692-a904-f9a9e06f394d"
        ],
        "x-ms-routing-request-id": [
          "WESTUS:20190711T232815Z:7a367ad0-ab6f-4692-a904-f9a9e06f394d"
        ],
        "X-Content-Type-Options": [
          "nosniff"
        ],
        "Date": [
          "Thu, 11 Jul 2019 23:28:15 GMT"
        ],
        "Content-Length": [
          "684"
        ],
        "Content-Type": [
          "application/json; charset=utf-8"
        ],
        "Expires": [
          "-1"
        ]
      },
      "ResponseBody": "{\r\n  \"id\": \"/subscriptions/f9b96b36-1f5e-4021-8959-51527e26e6d3/resourceGroups/pstestrg138/providers/Microsoft.CognitiveServices/accounts/csapstestrg138\",\r\n  \"name\": \"csapstestrg138\",\r\n  \"type\": \"Microsoft.CognitiveServices/accounts\",\r\n  \"etag\": \"\\\"1e0092d7-0000-3300-0000-5d27c60f0000\\\"\",\r\n  \"location\": \"Central US EUAP\",\r\n  \"sku\": {\r\n    \"name\": \"S0\"\r\n  },\r\n  \"kind\": \"Face\",\r\n  \"properties\": {\r\n    \"endpoint\": \"https://csapstestrg138.cognitiveservices.azure.com/face/v1.0\",\r\n    \"provisioningState\": \"Succeeded\",\r\n    \"internalId\": \"28d36b54bd394c9aa9f5e3d80084a960\",\r\n    \"dateCreated\": \"2019-07-11T23:27:20.9166363Z\",\r\n    \"customSubDomainName\": \"csapstestrg138\",\r\n    \"networkAcls\": {\r\n      \"defaultAction\": \"Deny\",\r\n      \"virtualNetworkRules\": [],\r\n      \"ipRules\": [\r\n        {\r\n          \"value\": \"16.17.18.1\"\r\n        }\r\n      ]\r\n    }\r\n  }\r\n}",
      "StatusCode": 200
    },
    {
      "RequestUri": "/subscriptions/f9b96b36-1f5e-4021-8959-51527e26e6d3/resourceGroups/pstestrg138/providers/Microsoft.CognitiveServices/accounts/csapstestrg138?api-version=2017-04-18",
      "EncodedRequestUri": "L3N1YnNjcmlwdGlvbnMvZjliOTZiMzYtMWY1ZS00MDIxLTg5NTktNTE1MjdlMjZlNmQzL3Jlc291cmNlR3JvdXBzL3BzdGVzdHJnMTM4L3Byb3ZpZGVycy9NaWNyb3NvZnQuQ29nbml0aXZlU2VydmljZXMvYWNjb3VudHMvY3NhcHN0ZXN0cmcxMzg/YXBpLXZlcnNpb249MjAxNy0wNC0xOA==",
      "RequestMethod": "GET",
      "RequestBody": "",
      "RequestHeaders": {
        "x-ms-client-request-id": [
          "bfe2f431-dc5e-4855-a92b-a2ed3e3a8aba"
        ],
        "Accept-Language": [
          "en-US"
        ],
        "User-Agent": [
          "FxVersion/4.6.27617.04",
          "OSName/Windows",
          "OSVersion/Microsoft.Windows.10.0.18362.",
          "Microsoft.Azure.Management.CognitiveServices.CognitiveServicesManagementClient/6.0.0.0"
        ]
      },
      "ResponseHeaders": {
        "Cache-Control": [
          "no-cache"
        ],
        "Pragma": [
          "no-cache"
        ],
        "ETag": [
          "\"1e0092d7-0000-3300-0000-5d27c60f0000\""
        ],
        "x-ms-request-id": [
          "3c34eca0-0187-41a9-9bfb-cc1205174237"
        ],
        "Strict-Transport-Security": [
          "max-age=31536000; includeSubDomains"
        ],
        "Server": [
          "Microsoft-IIS/10.0"
        ],
        "X-AspNet-Version": [
          "4.0.30319"
        ],
        "X-Powered-By": [
          "ASP.NET"
        ],
        "x-ms-ratelimit-remaining-subscription-reads": [
          "11963"
        ],
        "x-ms-correlation-request-id": [
          "79ff11b7-c69d-4dd7-9dfa-02e969542b47"
        ],
        "x-ms-routing-request-id": [
          "WESTUS:20190711T232815Z:79ff11b7-c69d-4dd7-9dfa-02e969542b47"
        ],
        "X-Content-Type-Options": [
          "nosniff"
        ],
        "Date": [
          "Thu, 11 Jul 2019 23:28:15 GMT"
        ],
        "Content-Length": [
          "684"
        ],
        "Content-Type": [
          "application/json; charset=utf-8"
        ],
        "Expires": [
          "-1"
        ]
      },
      "ResponseBody": "{\r\n  \"id\": \"/subscriptions/f9b96b36-1f5e-4021-8959-51527e26e6d3/resourceGroups/pstestrg138/providers/Microsoft.CognitiveServices/accounts/csapstestrg138\",\r\n  \"name\": \"csapstestrg138\",\r\n  \"type\": \"Microsoft.CognitiveServices/accounts\",\r\n  \"etag\": \"\\\"1e0092d7-0000-3300-0000-5d27c60f0000\\\"\",\r\n  \"location\": \"Central US EUAP\",\r\n  \"sku\": {\r\n    \"name\": \"S0\"\r\n  },\r\n  \"kind\": \"Face\",\r\n  \"properties\": {\r\n    \"endpoint\": \"https://csapstestrg138.cognitiveservices.azure.com/face/v1.0\",\r\n    \"provisioningState\": \"Succeeded\",\r\n    \"internalId\": \"28d36b54bd394c9aa9f5e3d80084a960\",\r\n    \"dateCreated\": \"2019-07-11T23:27:20.9166363Z\",\r\n    \"customSubDomainName\": \"csapstestrg138\",\r\n    \"networkAcls\": {\r\n      \"defaultAction\": \"Deny\",\r\n      \"virtualNetworkRules\": [],\r\n      \"ipRules\": [\r\n        {\r\n          \"value\": \"16.17.18.1\"\r\n        }\r\n      ]\r\n    }\r\n  }\r\n}",
      "StatusCode": 200
    },
    {
      "RequestUri": "/subscriptions/f9b96b36-1f5e-4021-8959-51527e26e6d3/resourceGroups/pstestrg138/providers/Microsoft.CognitiveServices/accounts/csapstestrg138?api-version=2017-04-18",
      "EncodedRequestUri": "L3N1YnNjcmlwdGlvbnMvZjliOTZiMzYtMWY1ZS00MDIxLTg5NTktNTE1MjdlMjZlNmQzL3Jlc291cmNlR3JvdXBzL3BzdGVzdHJnMTM4L3Byb3ZpZGVycy9NaWNyb3NvZnQuQ29nbml0aXZlU2VydmljZXMvYWNjb3VudHMvY3NhcHN0ZXN0cmcxMzg/YXBpLXZlcnNpb249MjAxNy0wNC0xOA==",
      "RequestMethod": "GET",
      "RequestBody": "",
      "RequestHeaders": {
        "x-ms-client-request-id": [
          "a5bf6e6a-febd-4e6f-99fc-c849d2abcdab"
        ],
        "Accept-Language": [
          "en-US"
        ],
        "User-Agent": [
          "FxVersion/4.6.27617.04",
          "OSName/Windows",
          "OSVersion/Microsoft.Windows.10.0.18362.",
          "Microsoft.Azure.Management.CognitiveServices.CognitiveServicesManagementClient/6.0.0.0"
        ]
      },
      "ResponseHeaders": {
        "Cache-Control": [
          "no-cache"
        ],
        "Pragma": [
          "no-cache"
        ],
        "ETag": [
          "\"1e0095d7-0000-3300-0000-5d27c60f0000\""
        ],
        "x-ms-request-id": [
          "073cb181-5192-478e-acc3-bdf37a22d331"
        ],
        "Strict-Transport-Security": [
          "max-age=31536000; includeSubDomains"
        ],
        "Server": [
          "Microsoft-IIS/10.0"
        ],
        "X-AspNet-Version": [
          "4.0.30319"
        ],
        "X-Powered-By": [
          "ASP.NET"
        ],
        "x-ms-ratelimit-remaining-subscription-reads": [
          "11962"
        ],
        "x-ms-correlation-request-id": [
          "d66b07a9-fd6e-4f95-bc38-77ca84e9e1bc"
        ],
        "x-ms-routing-request-id": [
          "WESTUS:20190711T232816Z:d66b07a9-fd6e-4f95-bc38-77ca84e9e1bc"
        ],
        "X-Content-Type-Options": [
          "nosniff"
        ],
        "Date": [
          "Thu, 11 Jul 2019 23:28:15 GMT"
        ],
        "Content-Length": [
          "662"
        ],
        "Content-Type": [
          "application/json; charset=utf-8"
        ],
        "Expires": [
          "-1"
        ]
      },
      "ResponseBody": "{\r\n  \"id\": \"/subscriptions/f9b96b36-1f5e-4021-8959-51527e26e6d3/resourceGroups/pstestrg138/providers/Microsoft.CognitiveServices/accounts/csapstestrg138\",\r\n  \"name\": \"csapstestrg138\",\r\n  \"type\": \"Microsoft.CognitiveServices/accounts\",\r\n  \"etag\": \"\\\"1e0095d7-0000-3300-0000-5d27c60f0000\\\"\",\r\n  \"location\": \"Central US EUAP\",\r\n  \"sku\": {\r\n    \"name\": \"S0\"\r\n  },\r\n  \"kind\": \"Face\",\r\n  \"properties\": {\r\n    \"endpoint\": \"https://csapstestrg138.cognitiveservices.azure.com/face/v1.0\",\r\n    \"provisioningState\": \"Succeeded\",\r\n    \"internalId\": \"28d36b54bd394c9aa9f5e3d80084a960\",\r\n    \"dateCreated\": \"2019-07-11T23:27:20.9166363Z\",\r\n    \"customSubDomainName\": \"csapstestrg138\",\r\n    \"networkAcls\": {\r\n      \"defaultAction\": \"Deny\",\r\n      \"virtualNetworkRules\": [],\r\n      \"ipRules\": []\r\n    }\r\n  }\r\n}",
      "StatusCode": 200
    },
    {
      "RequestUri": "/subscriptions/f9b96b36-1f5e-4021-8959-51527e26e6d3/resourceGroups/pstestrg138/providers/Microsoft.CognitiveServices/accounts/csapstestrg138?api-version=2017-04-18",
      "EncodedRequestUri": "L3N1YnNjcmlwdGlvbnMvZjliOTZiMzYtMWY1ZS00MDIxLTg5NTktNTE1MjdlMjZlNmQzL3Jlc291cmNlR3JvdXBzL3BzdGVzdHJnMTM4L3Byb3ZpZGVycy9NaWNyb3NvZnQuQ29nbml0aXZlU2VydmljZXMvYWNjb3VudHMvY3NhcHN0ZXN0cmcxMzg/YXBpLXZlcnNpb249MjAxNy0wNC0xOA==",
      "RequestMethod": "GET",
      "RequestBody": "",
      "RequestHeaders": {
        "x-ms-client-request-id": [
          "6162b088-7f80-4a7d-a75a-692e71ee8bfc"
        ],
        "Accept-Language": [
          "en-US"
        ],
        "User-Agent": [
          "FxVersion/4.6.27617.04",
          "OSName/Windows",
          "OSVersion/Microsoft.Windows.10.0.18362.",
          "Microsoft.Azure.Management.CognitiveServices.CognitiveServicesManagementClient/6.0.0.0"
        ]
      },
      "ResponseHeaders": {
        "Cache-Control": [
          "no-cache"
        ],
        "Pragma": [
          "no-cache"
        ],
        "ETag": [
          "\"1e0095d7-0000-3300-0000-5d27c60f0000\""
        ],
        "x-ms-request-id": [
          "c95ac151-067c-4770-be74-e5a8fdda4f5b"
        ],
        "Strict-Transport-Security": [
          "max-age=31536000; includeSubDomains"
        ],
        "Server": [
          "Microsoft-IIS/10.0"
        ],
        "X-AspNet-Version": [
          "4.0.30319"
        ],
        "X-Powered-By": [
          "ASP.NET"
        ],
        "x-ms-ratelimit-remaining-subscription-reads": [
          "11961"
        ],
        "x-ms-correlation-request-id": [
          "c83a8033-75a2-4e94-91bd-4d255120a6df"
        ],
        "x-ms-routing-request-id": [
          "WESTUS:20190711T232816Z:c83a8033-75a2-4e94-91bd-4d255120a6df"
        ],
        "X-Content-Type-Options": [
          "nosniff"
        ],
        "Date": [
          "Thu, 11 Jul 2019 23:28:15 GMT"
        ],
        "Content-Length": [
          "662"
        ],
        "Content-Type": [
          "application/json; charset=utf-8"
        ],
        "Expires": [
          "-1"
        ]
      },
      "ResponseBody": "{\r\n  \"id\": \"/subscriptions/f9b96b36-1f5e-4021-8959-51527e26e6d3/resourceGroups/pstestrg138/providers/Microsoft.CognitiveServices/accounts/csapstestrg138\",\r\n  \"name\": \"csapstestrg138\",\r\n  \"type\": \"Microsoft.CognitiveServices/accounts\",\r\n  \"etag\": \"\\\"1e0095d7-0000-3300-0000-5d27c60f0000\\\"\",\r\n  \"location\": \"Central US EUAP\",\r\n  \"sku\": {\r\n    \"name\": \"S0\"\r\n  },\r\n  \"kind\": \"Face\",\r\n  \"properties\": {\r\n    \"endpoint\": \"https://csapstestrg138.cognitiveservices.azure.com/face/v1.0\",\r\n    \"provisioningState\": \"Succeeded\",\r\n    \"internalId\": \"28d36b54bd394c9aa9f5e3d80084a960\",\r\n    \"dateCreated\": \"2019-07-11T23:27:20.9166363Z\",\r\n    \"customSubDomainName\": \"csapstestrg138\",\r\n    \"networkAcls\": {\r\n      \"defaultAction\": \"Deny\",\r\n      \"virtualNetworkRules\": [],\r\n      \"ipRules\": []\r\n    }\r\n  }\r\n}",
      "StatusCode": 200
    },
    {
      "RequestUri": "/subscriptions/f9b96b36-1f5e-4021-8959-51527e26e6d3/resourceGroups/pstestrg138/providers/Microsoft.CognitiveServices/accounts/csapstestrg138?api-version=2017-04-18",
      "EncodedRequestUri": "L3N1YnNjcmlwdGlvbnMvZjliOTZiMzYtMWY1ZS00MDIxLTg5NTktNTE1MjdlMjZlNmQzL3Jlc291cmNlR3JvdXBzL3BzdGVzdHJnMTM4L3Byb3ZpZGVycy9NaWNyb3NvZnQuQ29nbml0aXZlU2VydmljZXMvYWNjb3VudHMvY3NhcHN0ZXN0cmcxMzg/YXBpLXZlcnNpb249MjAxNy0wNC0xOA==",
      "RequestMethod": "GET",
      "RequestBody": "",
      "RequestHeaders": {
        "x-ms-client-request-id": [
          "6666ea53-a138-422b-8dbe-ec68671adbdb"
        ],
        "Accept-Language": [
          "en-US"
        ],
        "User-Agent": [
          "FxVersion/4.6.27617.04",
          "OSName/Windows",
          "OSVersion/Microsoft.Windows.10.0.18362.",
          "Microsoft.Azure.Management.CognitiveServices.CognitiveServicesManagementClient/6.0.0.0"
        ]
      },
      "ResponseHeaders": {
        "Cache-Control": [
          "no-cache"
        ],
        "Pragma": [
          "no-cache"
        ],
        "ETag": [
          "\"1e0095d7-0000-3300-0000-5d27c60f0000\""
        ],
        "x-ms-request-id": [
          "d5a6c70f-d163-4c86-b8de-a3ab69b073e1"
        ],
        "Strict-Transport-Security": [
          "max-age=31536000; includeSubDomains"
        ],
        "Server": [
          "Microsoft-IIS/10.0"
        ],
        "X-AspNet-Version": [
          "4.0.30319"
        ],
        "X-Powered-By": [
          "ASP.NET"
        ],
        "x-ms-ratelimit-remaining-subscription-reads": [
          "11960"
        ],
        "x-ms-correlation-request-id": [
          "1512eb3a-fcfb-475f-95bf-599d684d6f4e"
        ],
        "x-ms-routing-request-id": [
          "WESTUS:20190711T232816Z:1512eb3a-fcfb-475f-95bf-599d684d6f4e"
        ],
        "X-Content-Type-Options": [
          "nosniff"
        ],
        "Date": [
          "Thu, 11 Jul 2019 23:28:15 GMT"
        ],
        "Content-Length": [
          "662"
        ],
        "Content-Type": [
          "application/json; charset=utf-8"
        ],
        "Expires": [
          "-1"
        ]
      },
      "ResponseBody": "{\r\n  \"id\": \"/subscriptions/f9b96b36-1f5e-4021-8959-51527e26e6d3/resourceGroups/pstestrg138/providers/Microsoft.CognitiveServices/accounts/csapstestrg138\",\r\n  \"name\": \"csapstestrg138\",\r\n  \"type\": \"Microsoft.CognitiveServices/accounts\",\r\n  \"etag\": \"\\\"1e0095d7-0000-3300-0000-5d27c60f0000\\\"\",\r\n  \"location\": \"Central US EUAP\",\r\n  \"sku\": {\r\n    \"name\": \"S0\"\r\n  },\r\n  \"kind\": \"Face\",\r\n  \"properties\": {\r\n    \"endpoint\": \"https://csapstestrg138.cognitiveservices.azure.com/face/v1.0\",\r\n    \"provisioningState\": \"Succeeded\",\r\n    \"internalId\": \"28d36b54bd394c9aa9f5e3d80084a960\",\r\n    \"dateCreated\": \"2019-07-11T23:27:20.9166363Z\",\r\n    \"customSubDomainName\": \"csapstestrg138\",\r\n    \"networkAcls\": {\r\n      \"defaultAction\": \"Deny\",\r\n      \"virtualNetworkRules\": [],\r\n      \"ipRules\": []\r\n    }\r\n  }\r\n}",
      "StatusCode": 200
    },
    {
      "RequestUri": "/subscriptions/f9b96b36-1f5e-4021-8959-51527e26e6d3/resourceGroups/pstestrg138/providers/Microsoft.CognitiveServices/accounts/csapstestrg138?api-version=2017-04-18",
      "EncodedRequestUri": "L3N1YnNjcmlwdGlvbnMvZjliOTZiMzYtMWY1ZS00MDIxLTg5NTktNTE1MjdlMjZlNmQzL3Jlc291cmNlR3JvdXBzL3BzdGVzdHJnMTM4L3Byb3ZpZGVycy9NaWNyb3NvZnQuQ29nbml0aXZlU2VydmljZXMvYWNjb3VudHMvY3NhcHN0ZXN0cmcxMzg/YXBpLXZlcnNpb249MjAxNy0wNC0xOA==",
      "RequestMethod": "GET",
      "RequestBody": "",
      "RequestHeaders": {
        "x-ms-client-request-id": [
          "deab5f37-88b0-4521-9e34-adca0ba0122e"
        ],
        "Accept-Language": [
          "en-US"
        ],
        "User-Agent": [
          "FxVersion/4.6.27617.04",
          "OSName/Windows",
          "OSVersion/Microsoft.Windows.10.0.18362.",
          "Microsoft.Azure.Management.CognitiveServices.CognitiveServicesManagementClient/6.0.0.0"
        ]
      },
      "ResponseHeaders": {
        "Cache-Control": [
          "no-cache"
        ],
        "Pragma": [
          "no-cache"
        ],
        "ETag": [
          "\"1e00a2d7-0000-3300-0000-5d27c6120000\""
        ],
        "x-ms-request-id": [
          "d4c1f8d6-4454-4eab-9daf-46511cefc128"
        ],
        "Strict-Transport-Security": [
          "max-age=31536000; includeSubDomains"
        ],
        "Server": [
          "Microsoft-IIS/10.0"
        ],
        "X-AspNet-Version": [
          "4.0.30319"
        ],
        "X-Powered-By": [
          "ASP.NET"
        ],
        "x-ms-ratelimit-remaining-subscription-reads": [
          "11959"
        ],
        "x-ms-correlation-request-id": [
          "4f3f695e-8a57-463c-875b-114d84047791"
        ],
        "x-ms-routing-request-id": [
          "WESTUS:20190711T232818Z:4f3f695e-8a57-463c-875b-114d84047791"
        ],
        "X-Content-Type-Options": [
          "nosniff"
        ],
        "Date": [
          "Thu, 11 Jul 2019 23:28:18 GMT"
        ],
        "Content-Length": [
          "1114"
        ],
        "Content-Type": [
          "application/json; charset=utf-8"
        ],
        "Expires": [
          "-1"
        ]
      },
      "ResponseBody": "{\r\n  \"id\": \"/subscriptions/f9b96b36-1f5e-4021-8959-51527e26e6d3/resourceGroups/pstestrg138/providers/Microsoft.CognitiveServices/accounts/csapstestrg138\",\r\n  \"name\": \"csapstestrg138\",\r\n  \"type\": \"Microsoft.CognitiveServices/accounts\",\r\n  \"etag\": \"\\\"1e00a2d7-0000-3300-0000-5d27c6120000\\\"\",\r\n  \"location\": \"Central US EUAP\",\r\n  \"sku\": {\r\n    \"name\": \"S0\"\r\n  },\r\n  \"kind\": \"Face\",\r\n  \"properties\": {\r\n    \"endpoint\": \"https://csapstestrg138.cognitiveservices.azure.com/face/v1.0\",\r\n    \"provisioningState\": \"Succeeded\",\r\n    \"internalId\": \"28d36b54bd394c9aa9f5e3d80084a960\",\r\n    \"dateCreated\": \"2019-07-11T23:27:20.9166363Z\",\r\n    \"customSubDomainName\": \"csapstestrg138\",\r\n    \"networkAcls\": {\r\n      \"defaultAction\": \"Allow\",\r\n      \"virtualNetworkRules\": [\r\n        {\r\n          \"id\": \"/subscriptions/f9b96b36-1f5e-4021-8959-51527e26e6d3/resourceGroups/pstestrg138/providers/Microsoft.Network/virtualNetworks/vnetpstestrg138/subnets/default\",\r\n          \"ignoreMissingVnetServiceEndpoint\": true\r\n        },\r\n        {\r\n          \"id\": \"/subscriptions/f9b96b36-1f5e-4021-8959-51527e26e6d3/resourceGroups/pstestrg138/providers/Microsoft.Network/virtualNetworks/vnetpstestrg138/subnets/subnet\",\r\n          \"ignoreMissingVnetServiceEndpoint\": true\r\n        }\r\n      ],\r\n      \"ipRules\": [\r\n        {\r\n          \"value\": \"200.0.0.0\"\r\n        },\r\n        {\r\n          \"value\": \"28.2.0.0/16\"\r\n        }\r\n      ]\r\n    }\r\n  }\r\n}",
      "StatusCode": 200
    },
    {
      "RequestUri": "/subscriptions/f9b96b36-1f5e-4021-8959-51527e26e6d3/resourceGroups/pstestrg138/providers/Microsoft.CognitiveServices/accounts/csapstestrg138?api-version=2017-04-18",
      "EncodedRequestUri": "L3N1YnNjcmlwdGlvbnMvZjliOTZiMzYtMWY1ZS00MDIxLTg5NTktNTE1MjdlMjZlNmQzL3Jlc291cmNlR3JvdXBzL3BzdGVzdHJnMTM4L3Byb3ZpZGVycy9NaWNyb3NvZnQuQ29nbml0aXZlU2VydmljZXMvYWNjb3VudHMvY3NhcHN0ZXN0cmcxMzg/YXBpLXZlcnNpb249MjAxNy0wNC0xOA==",
      "RequestMethod": "GET",
      "RequestBody": "",
      "RequestHeaders": {
        "x-ms-client-request-id": [
          "a8fe5921-4315-4663-8143-6e682d0b3214"
        ],
        "Accept-Language": [
          "en-US"
        ],
        "User-Agent": [
          "FxVersion/4.6.27617.04",
          "OSName/Windows",
          "OSVersion/Microsoft.Windows.10.0.18362.",
          "Microsoft.Azure.Management.CognitiveServices.CognitiveServicesManagementClient/6.0.0.0"
        ]
      },
      "ResponseHeaders": {
        "Cache-Control": [
          "no-cache"
        ],
        "Pragma": [
          "no-cache"
        ],
        "ETag": [
          "\"1e00a2d7-0000-3300-0000-5d27c6120000\""
        ],
        "x-ms-request-id": [
          "696f8b08-1ac5-4c93-a716-10d509dcf235"
        ],
        "Strict-Transport-Security": [
          "max-age=31536000; includeSubDomains"
        ],
        "Server": [
          "Microsoft-IIS/10.0"
        ],
        "X-AspNet-Version": [
          "4.0.30319"
        ],
        "X-Powered-By": [
          "ASP.NET"
        ],
        "x-ms-ratelimit-remaining-subscription-reads": [
          "11958"
        ],
        "x-ms-correlation-request-id": [
          "fd43e686-4215-4d18-b3f0-48558a778cde"
        ],
        "x-ms-routing-request-id": [
          "WESTUS:20190711T232818Z:fd43e686-4215-4d18-b3f0-48558a778cde"
        ],
        "X-Content-Type-Options": [
          "nosniff"
        ],
        "Date": [
          "Thu, 11 Jul 2019 23:28:18 GMT"
        ],
        "Content-Length": [
          "1114"
        ],
        "Content-Type": [
          "application/json; charset=utf-8"
        ],
        "Expires": [
          "-1"
        ]
      },
      "ResponseBody": "{\r\n  \"id\": \"/subscriptions/f9b96b36-1f5e-4021-8959-51527e26e6d3/resourceGroups/pstestrg138/providers/Microsoft.CognitiveServices/accounts/csapstestrg138\",\r\n  \"name\": \"csapstestrg138\",\r\n  \"type\": \"Microsoft.CognitiveServices/accounts\",\r\n  \"etag\": \"\\\"1e00a2d7-0000-3300-0000-5d27c6120000\\\"\",\r\n  \"location\": \"Central US EUAP\",\r\n  \"sku\": {\r\n    \"name\": \"S0\"\r\n  },\r\n  \"kind\": \"Face\",\r\n  \"properties\": {\r\n    \"endpoint\": \"https://csapstestrg138.cognitiveservices.azure.com/face/v1.0\",\r\n    \"provisioningState\": \"Succeeded\",\r\n    \"internalId\": \"28d36b54bd394c9aa9f5e3d80084a960\",\r\n    \"dateCreated\": \"2019-07-11T23:27:20.9166363Z\",\r\n    \"customSubDomainName\": \"csapstestrg138\",\r\n    \"networkAcls\": {\r\n      \"defaultAction\": \"Allow\",\r\n      \"virtualNetworkRules\": [\r\n        {\r\n          \"id\": \"/subscriptions/f9b96b36-1f5e-4021-8959-51527e26e6d3/resourceGroups/pstestrg138/providers/Microsoft.Network/virtualNetworks/vnetpstestrg138/subnets/default\",\r\n          \"ignoreMissingVnetServiceEndpoint\": true\r\n        },\r\n        {\r\n          \"id\": \"/subscriptions/f9b96b36-1f5e-4021-8959-51527e26e6d3/resourceGroups/pstestrg138/providers/Microsoft.Network/virtualNetworks/vnetpstestrg138/subnets/subnet\",\r\n          \"ignoreMissingVnetServiceEndpoint\": true\r\n        }\r\n      ],\r\n      \"ipRules\": [\r\n        {\r\n          \"value\": \"200.0.0.0\"\r\n        },\r\n        {\r\n          \"value\": \"28.2.0.0/16\"\r\n        }\r\n      ]\r\n    }\r\n  }\r\n}",
      "StatusCode": 200
    },
    {
      "RequestUri": "/subscriptions/f9b96b36-1f5e-4021-8959-51527e26e6d3/resourceGroups/pstestrg138/providers/Microsoft.Network/virtualNetworks/vnetpstestrg138?api-version=2018-12-01",
      "EncodedRequestUri": "L3N1YnNjcmlwdGlvbnMvZjliOTZiMzYtMWY1ZS00MDIxLTg5NTktNTE1MjdlMjZlNmQzL3Jlc291cmNlR3JvdXBzL3BzdGVzdHJnMTM4L3Byb3ZpZGVycy9NaWNyb3NvZnQuTmV0d29yay92aXJ0dWFsTmV0d29ya3Mvdm5ldHBzdGVzdHJnMTM4P2FwaS12ZXJzaW9uPTIwMTgtMTItMDE=",
      "RequestMethod": "GET",
      "RequestBody": "",
      "RequestHeaders": {
        "x-ms-client-request-id": [
          "86da7d58-e42e-4f7c-8c02-c6da15974ec7"
        ],
        "Accept-Language": [
          "en-US"
        ],
        "User-Agent": [
          "FxVersion/4.6.27617.04",
          "OSName/Windows",
          "OSVersion/Microsoft.Windows.10.0.18362.",
          "Microsoft.Azure.Management.Network.NetworkManagementClient/19.10.0.0"
        ]
      },
      "ResponseHeaders": {
        "Cache-Control": [
          "no-cache"
        ],
        "Pragma": [
          "no-cache"
        ],
        "x-ms-failure-cause": [
          "gateway"
        ],
        "x-ms-request-id": [
          "e1337946-9b3b-4fec-a795-2fdf893ed33f"
        ],
        "x-ms-correlation-request-id": [
          "e1337946-9b3b-4fec-a795-2fdf893ed33f"
        ],
        "x-ms-routing-request-id": [
          "WESTUS:20190711T232723Z:e1337946-9b3b-4fec-a795-2fdf893ed33f"
        ],
        "Strict-Transport-Security": [
          "max-age=31536000; includeSubDomains"
        ],
        "X-Content-Type-Options": [
          "nosniff"
        ],
        "Date": [
          "Thu, 11 Jul 2019 23:27:23 GMT"
        ],
        "Content-Type": [
          "application/json; charset=utf-8"
        ],
        "Expires": [
          "-1"
        ],
        "Content-Length": [
          "164"
        ]
      },
      "ResponseBody": "{\r\n  \"error\": {\r\n    \"code\": \"ResourceNotFound\",\r\n    \"message\": \"The Resource 'Microsoft.Network/virtualNetworks/vnetpstestrg138' under resource group 'pstestrg138' was not found.\"\r\n  }\r\n}",
      "StatusCode": 404
    },
    {
      "RequestUri": "/subscriptions/f9b96b36-1f5e-4021-8959-51527e26e6d3/resourceGroups/pstestrg138/providers/Microsoft.Network/virtualNetworks/vnetpstestrg138?api-version=2018-12-01",
      "EncodedRequestUri": "L3N1YnNjcmlwdGlvbnMvZjliOTZiMzYtMWY1ZS00MDIxLTg5NTktNTE1MjdlMjZlNmQzL3Jlc291cmNlR3JvdXBzL3BzdGVzdHJnMTM4L3Byb3ZpZGVycy9NaWNyb3NvZnQuTmV0d29yay92aXJ0dWFsTmV0d29ya3Mvdm5ldHBzdGVzdHJnMTM4P2FwaS12ZXJzaW9uPTIwMTgtMTItMDE=",
      "RequestMethod": "GET",
      "RequestBody": "",
      "RequestHeaders": {
        "User-Agent": [
          "FxVersion/4.6.27617.04",
          "OSName/Windows",
          "OSVersion/Microsoft.Windows.10.0.18362.",
          "Microsoft.Azure.Management.Network.NetworkManagementClient/19.10.0.0"
        ]
      },
      "ResponseHeaders": {
        "Cache-Control": [
          "no-cache"
        ],
        "Pragma": [
          "no-cache"
        ],
        "ETag": [
          "W/\"4e47a10e-6945-4078-9eb1-ed665485a2af\""
        ],
        "x-ms-request-id": [
          "3c036406-9ef6-4b7c-afec-2d0e16a7feae"
        ],
        "x-ms-correlation-request-id": [
          "25380694-4038-4160-ae72-96b3b19e3de9"
        ],
        "Strict-Transport-Security": [
          "max-age=31536000; includeSubDomains"
        ],
        "Server": [
          "Microsoft-HTTPAPI/2.0",
          "Microsoft-HTTPAPI/2.0"
        ],
        "x-ms-ratelimit-remaining-subscription-reads": [
          "11997"
        ],
        "x-ms-routing-request-id": [
          "WESTUS:20190711T232729Z:25380694-4038-4160-ae72-96b3b19e3de9"
        ],
        "X-Content-Type-Options": [
          "nosniff"
        ],
        "Date": [
          "Thu, 11 Jul 2019 23:27:29 GMT"
        ],
        "Content-Length": [
          "1733"
        ],
        "Content-Type": [
          "application/json; charset=utf-8"
        ],
        "Expires": [
          "-1"
        ]
      },
      "ResponseBody": "{\r\n  \"name\": \"vnetpstestrg138\",\r\n  \"id\": \"/subscriptions/f9b96b36-1f5e-4021-8959-51527e26e6d3/resourceGroups/pstestrg138/providers/Microsoft.Network/virtualNetworks/vnetpstestrg138\",\r\n  \"etag\": \"W/\\\"4e47a10e-6945-4078-9eb1-ed665485a2af\\\"\",\r\n  \"type\": \"Microsoft.Network/virtualNetworks\",\r\n  \"location\": \"centraluseuap\",\r\n  \"properties\": {\r\n    \"provisioningState\": \"Succeeded\",\r\n    \"resourceGuid\": \"c40e1248-9f2e-4c9a-902a-6945fb91f7eb\",\r\n    \"addressSpace\": {\r\n      \"addressPrefixes\": [\r\n        \"200.0.0.0/16\"\r\n      ]\r\n    },\r\n    \"subnets\": [\r\n      {\r\n        \"name\": \"default\",\r\n        \"id\": \"/subscriptions/f9b96b36-1f5e-4021-8959-51527e26e6d3/resourceGroups/pstestrg138/providers/Microsoft.Network/virtualNetworks/vnetpstestrg138/subnets/default\",\r\n        \"etag\": \"W/\\\"4e47a10e-6945-4078-9eb1-ed665485a2af\\\"\",\r\n        \"properties\": {\r\n          \"provisioningState\": \"Succeeded\",\r\n          \"addressPrefix\": \"200.0.0.0/24\",\r\n          \"serviceEndpoints\": [],\r\n          \"delegations\": []\r\n        },\r\n        \"type\": \"Microsoft.Network/virtualNetworks/subnets\"\r\n      },\r\n      {\r\n        \"name\": \"subnet\",\r\n        \"id\": \"/subscriptions/f9b96b36-1f5e-4021-8959-51527e26e6d3/resourceGroups/pstestrg138/providers/Microsoft.Network/virtualNetworks/vnetpstestrg138/subnets/subnet\",\r\n        \"etag\": \"W/\\\"4e47a10e-6945-4078-9eb1-ed665485a2af\\\"\",\r\n        \"properties\": {\r\n          \"provisioningState\": \"Succeeded\",\r\n          \"addressPrefix\": \"200.0.1.0/24\",\r\n          \"serviceEndpoints\": [],\r\n          \"delegations\": []\r\n        },\r\n        \"type\": \"Microsoft.Network/virtualNetworks/subnets\"\r\n      }\r\n    ],\r\n    \"virtualNetworkPeerings\": [],\r\n    \"enableDdosProtection\": false,\r\n    \"enableVmProtection\": false\r\n  }\r\n}",
      "StatusCode": 200
    },
    {
      "RequestUri": "/subscriptions/f9b96b36-1f5e-4021-8959-51527e26e6d3/resourceGroups/pstestrg138/providers/Microsoft.Network/virtualNetworks/vnetpstestrg138?api-version=2018-12-01",
      "EncodedRequestUri": "L3N1YnNjcmlwdGlvbnMvZjliOTZiMzYtMWY1ZS00MDIxLTg5NTktNTE1MjdlMjZlNmQzL3Jlc291cmNlR3JvdXBzL3BzdGVzdHJnMTM4L3Byb3ZpZGVycy9NaWNyb3NvZnQuTmV0d29yay92aXJ0dWFsTmV0d29ya3Mvdm5ldHBzdGVzdHJnMTM4P2FwaS12ZXJzaW9uPTIwMTgtMTItMDE=",
      "RequestMethod": "GET",
      "RequestBody": "",
      "RequestHeaders": {
        "x-ms-client-request-id": [
          "893025dc-865c-401c-91de-ee9c7bd46a27"
        ],
        "Accept-Language": [
          "en-US"
        ],
        "User-Agent": [
          "FxVersion/4.6.27617.04",
          "OSName/Windows",
          "OSVersion/Microsoft.Windows.10.0.18362.",
          "Microsoft.Azure.Management.Network.NetworkManagementClient/19.10.0.0"
        ]
      },
      "ResponseHeaders": {
        "Cache-Control": [
          "no-cache"
        ],
        "Pragma": [
          "no-cache"
        ],
        "ETag": [
          "W/\"4e47a10e-6945-4078-9eb1-ed665485a2af\""
        ],
        "x-ms-request-id": [
          "36ce96bf-763a-44f8-baa2-d6feb20948df"
        ],
        "x-ms-correlation-request-id": [
          "1851a2c7-1596-491b-96ff-d7c5e9b683cf"
        ],
        "Strict-Transport-Security": [
          "max-age=31536000; includeSubDomains"
        ],
        "Server": [
          "Microsoft-HTTPAPI/2.0",
          "Microsoft-HTTPAPI/2.0"
        ],
        "x-ms-ratelimit-remaining-subscription-reads": [
          "11996"
        ],
        "x-ms-routing-request-id": [
          "WESTUS:20190711T232729Z:1851a2c7-1596-491b-96ff-d7c5e9b683cf"
        ],
        "X-Content-Type-Options": [
          "nosniff"
        ],
        "Date": [
          "Thu, 11 Jul 2019 23:27:29 GMT"
        ],
        "Content-Length": [
          "1733"
        ],
        "Content-Type": [
          "application/json; charset=utf-8"
        ],
        "Expires": [
          "-1"
        ]
      },
      "ResponseBody": "{\r\n  \"name\": \"vnetpstestrg138\",\r\n  \"id\": \"/subscriptions/f9b96b36-1f5e-4021-8959-51527e26e6d3/resourceGroups/pstestrg138/providers/Microsoft.Network/virtualNetworks/vnetpstestrg138\",\r\n  \"etag\": \"W/\\\"4e47a10e-6945-4078-9eb1-ed665485a2af\\\"\",\r\n  \"type\": \"Microsoft.Network/virtualNetworks\",\r\n  \"location\": \"centraluseuap\",\r\n  \"properties\": {\r\n    \"provisioningState\": \"Succeeded\",\r\n    \"resourceGuid\": \"c40e1248-9f2e-4c9a-902a-6945fb91f7eb\",\r\n    \"addressSpace\": {\r\n      \"addressPrefixes\": [\r\n        \"200.0.0.0/16\"\r\n      ]\r\n    },\r\n    \"subnets\": [\r\n      {\r\n        \"name\": \"default\",\r\n        \"id\": \"/subscriptions/f9b96b36-1f5e-4021-8959-51527e26e6d3/resourceGroups/pstestrg138/providers/Microsoft.Network/virtualNetworks/vnetpstestrg138/subnets/default\",\r\n        \"etag\": \"W/\\\"4e47a10e-6945-4078-9eb1-ed665485a2af\\\"\",\r\n        \"properties\": {\r\n          \"provisioningState\": \"Succeeded\",\r\n          \"addressPrefix\": \"200.0.0.0/24\",\r\n          \"serviceEndpoints\": [],\r\n          \"delegations\": []\r\n        },\r\n        \"type\": \"Microsoft.Network/virtualNetworks/subnets\"\r\n      },\r\n      {\r\n        \"name\": \"subnet\",\r\n        \"id\": \"/subscriptions/f9b96b36-1f5e-4021-8959-51527e26e6d3/resourceGroups/pstestrg138/providers/Microsoft.Network/virtualNetworks/vnetpstestrg138/subnets/subnet\",\r\n        \"etag\": \"W/\\\"4e47a10e-6945-4078-9eb1-ed665485a2af\\\"\",\r\n        \"properties\": {\r\n          \"provisioningState\": \"Succeeded\",\r\n          \"addressPrefix\": \"200.0.1.0/24\",\r\n          \"serviceEndpoints\": [],\r\n          \"delegations\": []\r\n        },\r\n        \"type\": \"Microsoft.Network/virtualNetworks/subnets\"\r\n      }\r\n    ],\r\n    \"virtualNetworkPeerings\": [],\r\n    \"enableDdosProtection\": false,\r\n    \"enableVmProtection\": false\r\n  }\r\n}",
      "StatusCode": 200
    },
    {
      "RequestUri": "/subscriptions/f9b96b36-1f5e-4021-8959-51527e26e6d3/resourceGroups/pstestrg138/providers/Microsoft.Network/virtualNetworks/vnetpstestrg138?api-version=2018-12-01",
      "EncodedRequestUri": "L3N1YnNjcmlwdGlvbnMvZjliOTZiMzYtMWY1ZS00MDIxLTg5NTktNTE1MjdlMjZlNmQzL3Jlc291cmNlR3JvdXBzL3BzdGVzdHJnMTM4L3Byb3ZpZGVycy9NaWNyb3NvZnQuTmV0d29yay92aXJ0dWFsTmV0d29ya3Mvdm5ldHBzdGVzdHJnMTM4P2FwaS12ZXJzaW9uPTIwMTgtMTItMDE=",
      "RequestMethod": "GET",
      "RequestBody": "",
      "RequestHeaders": {
        "x-ms-client-request-id": [
          "17d5d959-d521-4003-8ef4-83ffb1860637"
        ],
        "Accept-Language": [
          "en-US"
        ],
        "User-Agent": [
          "FxVersion/4.6.27617.04",
          "OSName/Windows",
          "OSVersion/Microsoft.Windows.10.0.18362.",
          "Microsoft.Azure.Management.Network.NetworkManagementClient/19.10.0.0"
        ]
      },
      "ResponseHeaders": {
        "Cache-Control": [
          "no-cache"
        ],
        "Pragma": [
          "no-cache"
        ],
        "ETag": [
          "W/\"4e47a10e-6945-4078-9eb1-ed665485a2af\""
        ],
        "x-ms-request-id": [
          "e45e30fe-472f-42e7-b701-68ff17c3fdca"
        ],
        "x-ms-correlation-request-id": [
          "ac5c107f-62cd-4b04-b016-e48d1e22d10e"
        ],
        "Strict-Transport-Security": [
          "max-age=31536000; includeSubDomains"
        ],
        "Server": [
          "Microsoft-HTTPAPI/2.0",
          "Microsoft-HTTPAPI/2.0"
        ],
        "x-ms-ratelimit-remaining-subscription-reads": [
          "11995"
        ],
        "x-ms-routing-request-id": [
          "WESTUS:20190711T232729Z:ac5c107f-62cd-4b04-b016-e48d1e22d10e"
        ],
        "X-Content-Type-Options": [
          "nosniff"
        ],
        "Date": [
          "Thu, 11 Jul 2019 23:27:29 GMT"
        ],
        "Content-Length": [
          "1733"
        ],
        "Content-Type": [
          "application/json; charset=utf-8"
        ],
        "Expires": [
          "-1"
        ]
      },
      "ResponseBody": "{\r\n  \"name\": \"vnetpstestrg138\",\r\n  \"id\": \"/subscriptions/f9b96b36-1f5e-4021-8959-51527e26e6d3/resourceGroups/pstestrg138/providers/Microsoft.Network/virtualNetworks/vnetpstestrg138\",\r\n  \"etag\": \"W/\\\"4e47a10e-6945-4078-9eb1-ed665485a2af\\\"\",\r\n  \"type\": \"Microsoft.Network/virtualNetworks\",\r\n  \"location\": \"centraluseuap\",\r\n  \"properties\": {\r\n    \"provisioningState\": \"Succeeded\",\r\n    \"resourceGuid\": \"c40e1248-9f2e-4c9a-902a-6945fb91f7eb\",\r\n    \"addressSpace\": {\r\n      \"addressPrefixes\": [\r\n        \"200.0.0.0/16\"\r\n      ]\r\n    },\r\n    \"subnets\": [\r\n      {\r\n        \"name\": \"default\",\r\n        \"id\": \"/subscriptions/f9b96b36-1f5e-4021-8959-51527e26e6d3/resourceGroups/pstestrg138/providers/Microsoft.Network/virtualNetworks/vnetpstestrg138/subnets/default\",\r\n        \"etag\": \"W/\\\"4e47a10e-6945-4078-9eb1-ed665485a2af\\\"\",\r\n        \"properties\": {\r\n          \"provisioningState\": \"Succeeded\",\r\n          \"addressPrefix\": \"200.0.0.0/24\",\r\n          \"serviceEndpoints\": [],\r\n          \"delegations\": []\r\n        },\r\n        \"type\": \"Microsoft.Network/virtualNetworks/subnets\"\r\n      },\r\n      {\r\n        \"name\": \"subnet\",\r\n        \"id\": \"/subscriptions/f9b96b36-1f5e-4021-8959-51527e26e6d3/resourceGroups/pstestrg138/providers/Microsoft.Network/virtualNetworks/vnetpstestrg138/subnets/subnet\",\r\n        \"etag\": \"W/\\\"4e47a10e-6945-4078-9eb1-ed665485a2af\\\"\",\r\n        \"properties\": {\r\n          \"provisioningState\": \"Succeeded\",\r\n          \"addressPrefix\": \"200.0.1.0/24\",\r\n          \"serviceEndpoints\": [],\r\n          \"delegations\": []\r\n        },\r\n        \"type\": \"Microsoft.Network/virtualNetworks/subnets\"\r\n      }\r\n    ],\r\n    \"virtualNetworkPeerings\": [],\r\n    \"enableDdosProtection\": false,\r\n    \"enableVmProtection\": false\r\n  }\r\n}",
      "StatusCode": 200
    },
    {
      "RequestUri": "/subscriptions/f9b96b36-1f5e-4021-8959-51527e26e6d3/resourceGroups/pstestrg138/providers/Microsoft.Network/virtualNetworks/vnetpstestrg138?api-version=2018-12-01",
      "EncodedRequestUri": "L3N1YnNjcmlwdGlvbnMvZjliOTZiMzYtMWY1ZS00MDIxLTg5NTktNTE1MjdlMjZlNmQzL3Jlc291cmNlR3JvdXBzL3BzdGVzdHJnMTM4L3Byb3ZpZGVycy9NaWNyb3NvZnQuTmV0d29yay92aXJ0dWFsTmV0d29ya3Mvdm5ldHBzdGVzdHJnMTM4P2FwaS12ZXJzaW9uPTIwMTgtMTItMDE=",
      "RequestMethod": "PUT",
      "RequestBody": "{\r\n  \"properties\": {\r\n    \"addressSpace\": {\r\n      \"addressPrefixes\": [\r\n        \"200.0.0.0/16\"\r\n      ]\r\n    },\r\n    \"subnets\": [\r\n      {\r\n        \"properties\": {\r\n          \"addressPrefix\": \"200.0.0.0/24\",\r\n          \"addressPrefixes\": [],\r\n          \"serviceEndpoints\": [],\r\n          \"serviceEndpointPolicies\": [],\r\n          \"resourceNavigationLinks\": [],\r\n          \"serviceAssociationLinks\": [],\r\n          \"delegations\": []\r\n        },\r\n        \"name\": \"default\"\r\n      },\r\n      {\r\n        \"properties\": {\r\n          \"addressPrefix\": \"200.0.1.0/24\",\r\n          \"addressPrefixes\": [],\r\n          \"serviceEndpoints\": [],\r\n          \"serviceEndpointPolicies\": [],\r\n          \"resourceNavigationLinks\": [],\r\n          \"serviceAssociationLinks\": [],\r\n          \"delegations\": []\r\n        },\r\n        \"name\": \"subnet\"\r\n      }\r\n    ],\r\n    \"virtualNetworkPeerings\": [],\r\n    \"enableDdosProtection\": false\r\n  },\r\n  \"location\": \"centraluseuap\"\r\n}",
      "RequestHeaders": {
        "x-ms-client-request-id": [
          "599659ad-ae70-49ac-ab19-aecd395180c5"
        ],
        "Accept-Language": [
          "en-US"
        ],
        "User-Agent": [
          "FxVersion/4.6.27617.04",
          "OSName/Windows",
          "OSVersion/Microsoft.Windows.10.0.18362.",
          "Microsoft.Azure.Management.Network.NetworkManagementClient/19.10.0.0"
        ],
        "Content-Type": [
          "application/json; charset=utf-8"
        ],
        "Content-Length": [
          "948"
        ]
      },
      "ResponseHeaders": {
        "Cache-Control": [
          "no-cache"
        ],
        "Pragma": [
          "no-cache"
        ],
        "Retry-After": [
          "3"
        ],
        "x-ms-request-id": [
          "4cbd5f2a-6bc5-4103-9b16-d1a66d41aed5"
        ],
        "Azure-AsyncOperation": [
          "https://management.azure.com/subscriptions/f9b96b36-1f5e-4021-8959-51527e26e6d3/providers/Microsoft.Network/locations/centraluseuap/operations/4cbd5f2a-6bc5-4103-9b16-d1a66d41aed5?api-version=2018-12-01"
        ],
        "x-ms-correlation-request-id": [
          "4e6b3d95-ee41-4e0a-a003-c380642f7f50"
        ],
        "Strict-Transport-Security": [
          "max-age=31536000; includeSubDomains"
        ],
        "Server": [
          "Microsoft-HTTPAPI/2.0",
          "Microsoft-HTTPAPI/2.0"
        ],
        "x-ms-ratelimit-remaining-subscription-writes": [
          "1199"
        ],
        "x-ms-routing-request-id": [
          "WESTUS:20190711T232725Z:4e6b3d95-ee41-4e0a-a003-c380642f7f50"
        ],
        "X-Content-Type-Options": [
          "nosniff"
        ],
        "Date": [
          "Thu, 11 Jul 2019 23:27:25 GMT"
        ],
        "Content-Length": [
          "1730"
        ],
        "Content-Type": [
          "application/json; charset=utf-8"
        ],
        "Expires": [
          "-1"
        ]
      },
      "ResponseBody": "{\r\n  \"name\": \"vnetpstestrg138\",\r\n  \"id\": \"/subscriptions/f9b96b36-1f5e-4021-8959-51527e26e6d3/resourceGroups/pstestrg138/providers/Microsoft.Network/virtualNetworks/vnetpstestrg138\",\r\n  \"etag\": \"W/\\\"e92cff8a-c66d-4f60-a28e-33869caa785f\\\"\",\r\n  \"type\": \"Microsoft.Network/virtualNetworks\",\r\n  \"location\": \"centraluseuap\",\r\n  \"properties\": {\r\n    \"provisioningState\": \"Updating\",\r\n    \"resourceGuid\": \"c40e1248-9f2e-4c9a-902a-6945fb91f7eb\",\r\n    \"addressSpace\": {\r\n      \"addressPrefixes\": [\r\n        \"200.0.0.0/16\"\r\n      ]\r\n    },\r\n    \"subnets\": [\r\n      {\r\n        \"name\": \"default\",\r\n        \"id\": \"/subscriptions/f9b96b36-1f5e-4021-8959-51527e26e6d3/resourceGroups/pstestrg138/providers/Microsoft.Network/virtualNetworks/vnetpstestrg138/subnets/default\",\r\n        \"etag\": \"W/\\\"e92cff8a-c66d-4f60-a28e-33869caa785f\\\"\",\r\n        \"properties\": {\r\n          \"provisioningState\": \"Updating\",\r\n          \"addressPrefix\": \"200.0.0.0/24\",\r\n          \"serviceEndpoints\": [],\r\n          \"delegations\": []\r\n        },\r\n        \"type\": \"Microsoft.Network/virtualNetworks/subnets\"\r\n      },\r\n      {\r\n        \"name\": \"subnet\",\r\n        \"id\": \"/subscriptions/f9b96b36-1f5e-4021-8959-51527e26e6d3/resourceGroups/pstestrg138/providers/Microsoft.Network/virtualNetworks/vnetpstestrg138/subnets/subnet\",\r\n        \"etag\": \"W/\\\"e92cff8a-c66d-4f60-a28e-33869caa785f\\\"\",\r\n        \"properties\": {\r\n          \"provisioningState\": \"Updating\",\r\n          \"addressPrefix\": \"200.0.1.0/24\",\r\n          \"serviceEndpoints\": [],\r\n          \"delegations\": []\r\n        },\r\n        \"type\": \"Microsoft.Network/virtualNetworks/subnets\"\r\n      }\r\n    ],\r\n    \"virtualNetworkPeerings\": [],\r\n    \"enableDdosProtection\": false,\r\n    \"enableVmProtection\": false\r\n  }\r\n}",
      "StatusCode": 201
    },
    {
      "RequestUri": "/subscriptions/f9b96b36-1f5e-4021-8959-51527e26e6d3/providers/Microsoft.Network/locations/centraluseuap/operations/4cbd5f2a-6bc5-4103-9b16-d1a66d41aed5?api-version=2018-12-01",
      "EncodedRequestUri": "L3N1YnNjcmlwdGlvbnMvZjliOTZiMzYtMWY1ZS00MDIxLTg5NTktNTE1MjdlMjZlNmQzL3Byb3ZpZGVycy9NaWNyb3NvZnQuTmV0d29yay9sb2NhdGlvbnMvY2VudHJhbHVzZXVhcC9vcGVyYXRpb25zLzRjYmQ1ZjJhLTZiYzUtNDEwMy05YjE2LWQxYTY2ZDQxYWVkNT9hcGktdmVyc2lvbj0yMDE4LTEyLTAx",
      "RequestMethod": "GET",
      "RequestBody": "",
      "RequestHeaders": {
        "User-Agent": [
          "FxVersion/4.6.27617.04",
          "OSName/Windows",
          "OSVersion/Microsoft.Windows.10.0.18362.",
          "Microsoft.Azure.Management.Network.NetworkManagementClient/19.10.0.0"
        ]
      },
      "ResponseHeaders": {
        "Cache-Control": [
          "no-cache"
        ],
        "Pragma": [
          "no-cache"
        ],
        "x-ms-request-id": [
          "2d294ca4-870d-456d-b698-8e29c44d2cda"
        ],
        "x-ms-correlation-request-id": [
          "b8b581b4-3904-449b-a25e-ab5742611837"
        ],
        "Strict-Transport-Security": [
          "max-age=31536000; includeSubDomains"
        ],
        "Server": [
          "Microsoft-HTTPAPI/2.0",
          "Microsoft-HTTPAPI/2.0"
        ],
        "x-ms-ratelimit-remaining-subscription-reads": [
          "11998"
        ],
        "x-ms-routing-request-id": [
          "WESTUS:20190711T232729Z:b8b581b4-3904-449b-a25e-ab5742611837"
        ],
        "X-Content-Type-Options": [
          "nosniff"
        ],
        "Date": [
          "Thu, 11 Jul 2019 23:27:28 GMT"
        ],
        "Content-Length": [
          "29"
        ],
        "Content-Type": [
          "application/json; charset=utf-8"
        ],
        "Expires": [
          "-1"
        ]
      },
      "ResponseBody": "{\r\n  \"status\": \"Succeeded\"\r\n}",
      "StatusCode": 200
    },
    {
      "RequestUri": "/subscriptions/f9b96b36-1f5e-4021-8959-51527e26e6d3/resourceGroups/pstestrg138/providers/Microsoft.CognitiveServices/accounts/csapstestrg138?api-version=2017-04-18",
      "EncodedRequestUri": "L3N1YnNjcmlwdGlvbnMvZjliOTZiMzYtMWY1ZS00MDIxLTg5NTktNTE1MjdlMjZlNmQzL3Jlc291cmNlR3JvdXBzL3BzdGVzdHJnMTM4L3Byb3ZpZGVycy9NaWNyb3NvZnQuQ29nbml0aXZlU2VydmljZXMvYWNjb3VudHMvY3NhcHN0ZXN0cmcxMzg/YXBpLXZlcnNpb249MjAxNy0wNC0xOA==",
      "RequestMethod": "PATCH",
      "RequestBody": "{\r\n  \"properties\": {\r\n    \"networkAcls\": {\r\n      \"bypass\": null,\r\n      \"defaultAction\": \"Deny\",\r\n      \"ipRules\": [],\r\n      \"virtualNetworkRules\": []\r\n    }\r\n  }\r\n}",
      "RequestHeaders": {
        "x-ms-client-request-id": [
          "c7730315-0c03-487b-b50d-928aa7a1485d"
        ],
        "Accept-Language": [
          "en-US"
        ],
        "User-Agent": [
          "FxVersion/4.6.27617.04",
          "OSName/Windows",
          "OSVersion/Microsoft.Windows.10.0.18362.",
          "Microsoft.Azure.Management.CognitiveServices.CognitiveServicesManagementClient/6.0.0.0"
        ],
        "Content-Type": [
          "application/json; charset=utf-8"
        ],
        "Content-Length": [
          "167"
        ]
      },
      "ResponseHeaders": {
        "Cache-Control": [
          "no-cache"
        ],
        "Pragma": [
          "no-cache"
        ],
        "ETag": [
          "\"1e0080d6-0000-3300-0000-5d27c5e20000\""
        ],
        "x-ms-request-id": [
          "c38ffddf-450d-467c-8870-d046a0e33fb1"
        ],
        "Strict-Transport-Security": [
          "max-age=31536000; includeSubDomains"
        ],
        "Server": [
          "Microsoft-IIS/10.0"
        ],
        "X-AspNet-Version": [
          "4.0.30319"
        ],
        "X-Powered-By": [
          "ASP.NET"
        ],
        "x-ms-ratelimit-remaining-subscription-writes": [
          "1197"
        ],
        "x-ms-correlation-request-id": [
          "fb8117b3-4086-4f55-973b-fcbf0cae2fd4"
        ],
        "x-ms-routing-request-id": [
          "WESTUS:20190711T232730Z:fb8117b3-4086-4f55-973b-fcbf0cae2fd4"
        ],
        "X-Content-Type-Options": [
          "nosniff"
        ],
        "Date": [
          "Thu, 11 Jul 2019 23:27:30 GMT"
        ],
        "Content-Length": [
          "662"
        ],
        "Content-Type": [
          "application/json; charset=utf-8"
        ],
        "Expires": [
          "-1"
        ]
      },
      "ResponseBody": "{\r\n  \"id\": \"/subscriptions/f9b96b36-1f5e-4021-8959-51527e26e6d3/resourceGroups/pstestrg138/providers/Microsoft.CognitiveServices/accounts/csapstestrg138\",\r\n  \"name\": \"csapstestrg138\",\r\n  \"type\": \"Microsoft.CognitiveServices/accounts\",\r\n  \"etag\": \"\\\"1e0080d6-0000-3300-0000-5d27c5e20000\\\"\",\r\n  \"location\": \"Central US EUAP\",\r\n  \"sku\": {\r\n    \"name\": \"S0\"\r\n  },\r\n  \"kind\": \"Face\",\r\n  \"properties\": {\r\n    \"endpoint\": \"https://csapstestrg138.cognitiveservices.azure.com/face/v1.0\",\r\n    \"provisioningState\": \"Succeeded\",\r\n    \"internalId\": \"28d36b54bd394c9aa9f5e3d80084a960\",\r\n    \"dateCreated\": \"2019-07-11T23:27:20.9166363Z\",\r\n    \"customSubDomainName\": \"csapstestrg138\",\r\n    \"networkAcls\": {\r\n      \"defaultAction\": \"Deny\",\r\n      \"virtualNetworkRules\": [],\r\n      \"ipRules\": []\r\n    }\r\n  }\r\n}",
      "StatusCode": 200
    },
    {
      "RequestUri": "/subscriptions/f9b96b36-1f5e-4021-8959-51527e26e6d3/resourceGroups/pstestrg138/providers/Microsoft.CognitiveServices/accounts/csapstestrg138?api-version=2017-04-18",
      "EncodedRequestUri": "L3N1YnNjcmlwdGlvbnMvZjliOTZiMzYtMWY1ZS00MDIxLTg5NTktNTE1MjdlMjZlNmQzL3Jlc291cmNlR3JvdXBzL3BzdGVzdHJnMTM4L3Byb3ZpZGVycy9NaWNyb3NvZnQuQ29nbml0aXZlU2VydmljZXMvYWNjb3VudHMvY3NhcHN0ZXN0cmcxMzg/YXBpLXZlcnNpb249MjAxNy0wNC0xOA==",
      "RequestMethod": "PATCH",
      "RequestBody": "{\r\n  \"properties\": {\r\n    \"networkAcls\": {\r\n      \"bypass\": null,\r\n      \"defaultAction\": \"Deny\",\r\n      \"ipRules\": [],\r\n      \"virtualNetworkRules\": [\r\n        {\r\n          \"id\": \"/subscriptions/f9b96b36-1f5e-4021-8959-51527e26e6d3/resourceGroups/pstestrg138/providers/Microsoft.Network/virtualNetworks/vnetpstestrg138/subnets/default\",\r\n          \"state\": null,\r\n          \"ignoreMissingVnetServiceEndpoint\": true\r\n        }\r\n      ]\r\n    }\r\n  }\r\n}",
      "RequestHeaders": {
        "x-ms-client-request-id": [
          "b2ab7a41-1400-4722-ae9e-7400d60d9bff"
        ],
        "Accept-Language": [
          "en-US"
        ],
        "User-Agent": [
          "FxVersion/4.6.27617.04",
          "OSName/Windows",
          "OSVersion/Microsoft.Windows.10.0.18362.",
          "Microsoft.Azure.Management.CognitiveServices.CognitiveServicesManagementClient/6.0.0.0"
        ],
        "Content-Type": [
          "application/json; charset=utf-8"
        ],
        "Content-Length": [
          "450"
        ]
      },
      "ResponseHeaders": {
        "Cache-Control": [
          "no-cache"
        ],
        "Pragma": [
          "no-cache"
        ],
        "ETag": [
          "\"1e00f7d6-0000-3300-0000-5d27c5f00000\""
        ],
        "x-ms-request-id": [
          "ae01af7e-8084-41db-865e-f725c35f8a39"
        ],
        "Strict-Transport-Security": [
          "max-age=31536000; includeSubDomains"
        ],
        "Server": [
          "Microsoft-IIS/10.0"
        ],
        "X-AspNet-Version": [
          "4.0.30319"
        ],
        "X-Powered-By": [
          "ASP.NET"
        ],
        "x-ms-ratelimit-remaining-subscription-writes": [
          "1196"
        ],
        "x-ms-correlation-request-id": [
          "ab0163e4-aeae-4aa0-9a8d-98f9b15a32d4"
        ],
        "x-ms-routing-request-id": [
          "WESTUS:20190711T232744Z:ab0163e4-aeae-4aa0-9a8d-98f9b15a32d4"
        ],
        "X-Content-Type-Options": [
          "nosniff"
        ],
        "Date": [
          "Thu, 11 Jul 2019 23:27:44 GMT"
        ],
        "Content-Length": [
          "865"
        ],
        "Content-Type": [
          "application/json; charset=utf-8"
        ],
        "Expires": [
          "-1"
        ]
      },
      "ResponseBody": "{\r\n  \"id\": \"/subscriptions/f9b96b36-1f5e-4021-8959-51527e26e6d3/resourceGroups/pstestrg138/providers/Microsoft.CognitiveServices/accounts/csapstestrg138\",\r\n  \"name\": \"csapstestrg138\",\r\n  \"type\": \"Microsoft.CognitiveServices/accounts\",\r\n  \"etag\": \"\\\"1e00f7d6-0000-3300-0000-5d27c5f00000\\\"\",\r\n  \"location\": \"Central US EUAP\",\r\n  \"sku\": {\r\n    \"name\": \"S0\"\r\n  },\r\n  \"kind\": \"Face\",\r\n  \"properties\": {\r\n    \"endpoint\": \"https://csapstestrg138.cognitiveservices.azure.com/face/v1.0\",\r\n    \"provisioningState\": \"Succeeded\",\r\n    \"internalId\": \"28d36b54bd394c9aa9f5e3d80084a960\",\r\n    \"dateCreated\": \"2019-07-11T23:27:20.9166363Z\",\r\n    \"customSubDomainName\": \"csapstestrg138\",\r\n    \"networkAcls\": {\r\n      \"defaultAction\": \"Deny\",\r\n      \"virtualNetworkRules\": [\r\n        {\r\n          \"id\": \"/subscriptions/f9b96b36-1f5e-4021-8959-51527e26e6d3/resourceGroups/pstestrg138/providers/Microsoft.Network/virtualNetworks/vnetpstestrg138/subnets/default\",\r\n          \"ignoreMissingVnetServiceEndpoint\": true\r\n        }\r\n      ],\r\n      \"ipRules\": []\r\n    }\r\n  }\r\n}",
      "StatusCode": 200
    },
    {
      "RequestUri": "/subscriptions/f9b96b36-1f5e-4021-8959-51527e26e6d3/resourceGroups/pstestrg138/providers/Microsoft.CognitiveServices/accounts/csapstestrg138?api-version=2017-04-18",
      "EncodedRequestUri": "L3N1YnNjcmlwdGlvbnMvZjliOTZiMzYtMWY1ZS00MDIxLTg5NTktNTE1MjdlMjZlNmQzL3Jlc291cmNlR3JvdXBzL3BzdGVzdHJnMTM4L3Byb3ZpZGVycy9NaWNyb3NvZnQuQ29nbml0aXZlU2VydmljZXMvYWNjb3VudHMvY3NhcHN0ZXN0cmcxMzg/YXBpLXZlcnNpb249MjAxNy0wNC0xOA==",
      "RequestMethod": "PATCH",
      "RequestBody": "{\r\n  \"properties\": {\r\n    \"networkAcls\": {\r\n      \"bypass\": null,\r\n      \"defaultAction\": \"Deny\",\r\n      \"ipRules\": [],\r\n      \"virtualNetworkRules\": [\r\n        {\r\n          \"id\": \"/subscriptions/f9b96b36-1f5e-4021-8959-51527e26e6d3/resourceGroups/pstestrg138/providers/Microsoft.Network/virtualNetworks/vnetpstestrg138/subnets/default\",\r\n          \"state\": null,\r\n          \"ignoreMissingVnetServiceEndpoint\": true\r\n        },\r\n        {\r\n          \"id\": \"/subscriptions/f9b96b36-1f5e-4021-8959-51527e26e6d3/resourceGroups/pstestrg138/providers/Microsoft.Network/virtualNetworks/vnetpstestrg138/subnets/subnet\",\r\n          \"state\": null,\r\n          \"ignoreMissingVnetServiceEndpoint\": true\r\n        }\r\n      ]\r\n    }\r\n  }\r\n}",
      "RequestHeaders": {
        "x-ms-client-request-id": [
          "f7746f31-a236-4bd8-b306-0a081fc4696c"
        ],
        "Accept-Language": [
          "en-US"
        ],
        "User-Agent": [
          "FxVersion/4.6.27617.04",
          "OSName/Windows",
          "OSVersion/Microsoft.Windows.10.0.18362.",
          "Microsoft.Azure.Management.CognitiveServices.CognitiveServicesManagementClient/6.0.0.0"
        ],
        "Content-Type": [
          "application/json; charset=utf-8"
        ],
        "Content-Length": [
          "725"
        ]
      },
      "ResponseHeaders": {
        "Cache-Control": [
          "no-cache"
        ],
        "Pragma": [
          "no-cache"
        ],
        "ETag": [
          "\"1e0036d7-0000-3300-0000-5d27c5fd0000\""
        ],
        "x-ms-request-id": [
          "f1604061-217c-409a-bf1c-a5d8c1ec7448"
        ],
        "Strict-Transport-Security": [
          "max-age=31536000; includeSubDomains"
        ],
        "Server": [
          "Microsoft-IIS/10.0"
        ],
        "X-AspNet-Version": [
          "4.0.30319"
        ],
        "X-Powered-By": [
          "ASP.NET"
        ],
        "x-ms-ratelimit-remaining-subscription-writes": [
          "1195"
        ],
        "x-ms-correlation-request-id": [
          "73b65888-adf3-496f-b681-572776956292"
        ],
        "x-ms-routing-request-id": [
          "WESTUS:20190711T232757Z:73b65888-adf3-496f-b681-572776956292"
        ],
        "X-Content-Type-Options": [
          "nosniff"
        ],
        "Date": [
          "Thu, 11 Jul 2019 23:27:57 GMT"
        ],
        "Content-Length": [
          "1068"
        ],
        "Content-Type": [
          "application/json; charset=utf-8"
        ],
        "Expires": [
          "-1"
        ]
      },
      "ResponseBody": "{\r\n  \"id\": \"/subscriptions/f9b96b36-1f5e-4021-8959-51527e26e6d3/resourceGroups/pstestrg138/providers/Microsoft.CognitiveServices/accounts/csapstestrg138\",\r\n  \"name\": \"csapstestrg138\",\r\n  \"type\": \"Microsoft.CognitiveServices/accounts\",\r\n  \"etag\": \"\\\"1e0036d7-0000-3300-0000-5d27c5fd0000\\\"\",\r\n  \"location\": \"Central US EUAP\",\r\n  \"sku\": {\r\n    \"name\": \"S0\"\r\n  },\r\n  \"kind\": \"Face\",\r\n  \"properties\": {\r\n    \"endpoint\": \"https://csapstestrg138.cognitiveservices.azure.com/face/v1.0\",\r\n    \"provisioningState\": \"Succeeded\",\r\n    \"internalId\": \"28d36b54bd394c9aa9f5e3d80084a960\",\r\n    \"dateCreated\": \"2019-07-11T23:27:20.9166363Z\",\r\n    \"customSubDomainName\": \"csapstestrg138\",\r\n    \"networkAcls\": {\r\n      \"defaultAction\": \"Deny\",\r\n      \"virtualNetworkRules\": [\r\n        {\r\n          \"id\": \"/subscriptions/f9b96b36-1f5e-4021-8959-51527e26e6d3/resourceGroups/pstestrg138/providers/Microsoft.Network/virtualNetworks/vnetpstestrg138/subnets/default\",\r\n          \"ignoreMissingVnetServiceEndpoint\": true\r\n        },\r\n        {\r\n          \"id\": \"/subscriptions/f9b96b36-1f5e-4021-8959-51527e26e6d3/resourceGroups/pstestrg138/providers/Microsoft.Network/virtualNetworks/vnetpstestrg138/subnets/subnet\",\r\n          \"ignoreMissingVnetServiceEndpoint\": true\r\n        }\r\n      ],\r\n      \"ipRules\": []\r\n    }\r\n  }\r\n}",
      "StatusCode": 200
    },
    {
      "RequestUri": "/subscriptions/f9b96b36-1f5e-4021-8959-51527e26e6d3/resourceGroups/pstestrg138/providers/Microsoft.CognitiveServices/accounts/csapstestrg138?api-version=2017-04-18",
      "EncodedRequestUri": "L3N1YnNjcmlwdGlvbnMvZjliOTZiMzYtMWY1ZS00MDIxLTg5NTktNTE1MjdlMjZlNmQzL3Jlc291cmNlR3JvdXBzL3BzdGVzdHJnMTM4L3Byb3ZpZGVycy9NaWNyb3NvZnQuQ29nbml0aXZlU2VydmljZXMvYWNjb3VudHMvY3NhcHN0ZXN0cmcxMzg/YXBpLXZlcnNpb249MjAxNy0wNC0xOA==",
      "RequestMethod": "PATCH",
      "RequestBody": "{\r\n  \"properties\": {\r\n    \"networkAcls\": {\r\n      \"bypass\": null,\r\n      \"defaultAction\": \"Deny\",\r\n      \"ipRules\": [],\r\n      \"virtualNetworkRules\": [\r\n        {\r\n          \"id\": \"/subscriptions/f9b96b36-1f5e-4021-8959-51527e26e6d3/resourceGroups/pstestrg138/providers/Microsoft.Network/virtualNetworks/vnetpstestrg138/subnets/subnet\",\r\n          \"state\": null,\r\n          \"ignoreMissingVnetServiceEndpoint\": true\r\n        }\r\n      ]\r\n    }\r\n  }\r\n}",
      "RequestHeaders": {
        "x-ms-client-request-id": [
          "c1362a3e-11f7-4e7b-8412-01169f05c297"
        ],
        "Accept-Language": [
          "en-US"
        ],
        "User-Agent": [
          "FxVersion/4.6.27617.04",
          "OSName/Windows",
          "OSVersion/Microsoft.Windows.10.0.18362.",
          "Microsoft.Azure.Management.CognitiveServices.CognitiveServicesManagementClient/6.0.0.0"
        ],
        "Content-Type": [
          "application/json; charset=utf-8"
        ],
        "Content-Length": [
          "449"
        ]
      },
      "ResponseHeaders": {
        "Cache-Control": [
          "no-cache"
        ],
        "Pragma": [
          "no-cache"
        ],
        "ETag": [
          "\"1e0041d7-0000-3300-0000-5d27c6010000\""
        ],
        "x-ms-request-id": [
          "54d7d5ad-4bd5-4f92-9848-87eb91fb45cb"
        ],
        "Strict-Transport-Security": [
          "max-age=31536000; includeSubDomains"
        ],
        "Server": [
          "Microsoft-IIS/10.0"
        ],
        "X-AspNet-Version": [
          "4.0.30319"
        ],
        "X-Powered-By": [
          "ASP.NET"
        ],
        "x-ms-ratelimit-remaining-subscription-writes": [
          "1194"
        ],
        "x-ms-correlation-request-id": [
          "164e7386-84ec-4390-bb18-07c690e5b75d"
        ],
        "x-ms-routing-request-id": [
          "WESTUS:20190711T232801Z:164e7386-84ec-4390-bb18-07c690e5b75d"
        ],
        "X-Content-Type-Options": [
          "nosniff"
        ],
        "Date": [
          "Thu, 11 Jul 2019 23:28:00 GMT"
        ],
        "Content-Length": [
          "864"
        ],
        "Content-Type": [
          "application/json; charset=utf-8"
        ],
        "Expires": [
          "-1"
        ]
      },
      "ResponseBody": "{\r\n  \"id\": \"/subscriptions/f9b96b36-1f5e-4021-8959-51527e26e6d3/resourceGroups/pstestrg138/providers/Microsoft.CognitiveServices/accounts/csapstestrg138\",\r\n  \"name\": \"csapstestrg138\",\r\n  \"type\": \"Microsoft.CognitiveServices/accounts\",\r\n  \"etag\": \"\\\"1e0041d7-0000-3300-0000-5d27c6010000\\\"\",\r\n  \"location\": \"Central US EUAP\",\r\n  \"sku\": {\r\n    \"name\": \"S0\"\r\n  },\r\n  \"kind\": \"Face\",\r\n  \"properties\": {\r\n    \"endpoint\": \"https://csapstestrg138.cognitiveservices.azure.com/face/v1.0\",\r\n    \"provisioningState\": \"Succeeded\",\r\n    \"internalId\": \"28d36b54bd394c9aa9f5e3d80084a960\",\r\n    \"dateCreated\": \"2019-07-11T23:27:20.9166363Z\",\r\n    \"customSubDomainName\": \"csapstestrg138\",\r\n    \"networkAcls\": {\r\n      \"defaultAction\": \"Deny\",\r\n      \"virtualNetworkRules\": [\r\n        {\r\n          \"id\": \"/subscriptions/f9b96b36-1f5e-4021-8959-51527e26e6d3/resourceGroups/pstestrg138/providers/Microsoft.Network/virtualNetworks/vnetpstestrg138/subnets/subnet\",\r\n          \"ignoreMissingVnetServiceEndpoint\": true\r\n        }\r\n      ],\r\n      \"ipRules\": []\r\n    }\r\n  }\r\n}",
      "StatusCode": 200
    },
    {
      "RequestUri": "/subscriptions/f9b96b36-1f5e-4021-8959-51527e26e6d3/resourceGroups/pstestrg138/providers/Microsoft.CognitiveServices/accounts/csapstestrg138?api-version=2017-04-18",
      "EncodedRequestUri": "L3N1YnNjcmlwdGlvbnMvZjliOTZiMzYtMWY1ZS00MDIxLTg5NTktNTE1MjdlMjZlNmQzL3Jlc291cmNlR3JvdXBzL3BzdGVzdHJnMTM4L3Byb3ZpZGVycy9NaWNyb3NvZnQuQ29nbml0aXZlU2VydmljZXMvYWNjb3VudHMvY3NhcHN0ZXN0cmcxMzg/YXBpLXZlcnNpb249MjAxNy0wNC0xOA==",
      "RequestMethod": "PATCH",
      "RequestBody": "{\r\n  \"properties\": {\r\n    \"networkAcls\": {\r\n      \"bypass\": null,\r\n      \"defaultAction\": \"Deny\",\r\n      \"ipRules\": [],\r\n      \"virtualNetworkRules\": []\r\n    }\r\n  }\r\n}",
      "RequestHeaders": {
        "x-ms-client-request-id": [
          "36e77dd6-ff5c-4e82-b53e-83bbfe186101"
        ],
        "Accept-Language": [
          "en-US"
        ],
        "User-Agent": [
          "FxVersion/4.6.27617.04",
          "OSName/Windows",
          "OSVersion/Microsoft.Windows.10.0.18362.",
          "Microsoft.Azure.Management.CognitiveServices.CognitiveServicesManagementClient/6.0.0.0"
        ],
        "Content-Type": [
          "application/json; charset=utf-8"
        ],
        "Content-Length": [
          "167"
        ]
      },
      "ResponseHeaders": {
        "Cache-Control": [
          "no-cache"
        ],
        "Pragma": [
          "no-cache"
        ],
        "ETag": [
          "\"1e007fd7-0000-3300-0000-5d27c60d0000\""
        ],
        "x-ms-request-id": [
          "46a1e049-7ce4-404a-93b8-c6eb1c2af6e9"
        ],
        "Strict-Transport-Security": [
          "max-age=31536000; includeSubDomains"
        ],
        "Server": [
          "Microsoft-IIS/10.0"
        ],
        "X-AspNet-Version": [
          "4.0.30319"
        ],
        "X-Powered-By": [
          "ASP.NET"
        ],
        "x-ms-ratelimit-remaining-subscription-writes": [
          "1193"
        ],
        "x-ms-correlation-request-id": [
          "b7023109-f02e-4524-ac1b-65cc6f9a9ca5"
        ],
        "x-ms-routing-request-id": [
          "WESTUS:20190711T232813Z:b7023109-f02e-4524-ac1b-65cc6f9a9ca5"
        ],
        "X-Content-Type-Options": [
          "nosniff"
        ],
        "Date": [
          "Thu, 11 Jul 2019 23:28:13 GMT"
        ],
        "Content-Length": [
          "662"
        ],
        "Content-Type": [
          "application/json; charset=utf-8"
        ],
        "Expires": [
          "-1"
        ]
      },
      "ResponseBody": "{\r\n  \"id\": \"/subscriptions/f9b96b36-1f5e-4021-8959-51527e26e6d3/resourceGroups/pstestrg138/providers/Microsoft.CognitiveServices/accounts/csapstestrg138\",\r\n  \"name\": \"csapstestrg138\",\r\n  \"type\": \"Microsoft.CognitiveServices/accounts\",\r\n  \"etag\": \"\\\"1e007fd7-0000-3300-0000-5d27c60d0000\\\"\",\r\n  \"location\": \"Central US EUAP\",\r\n  \"sku\": {\r\n    \"name\": \"S0\"\r\n  },\r\n  \"kind\": \"Face\",\r\n  \"properties\": {\r\n    \"endpoint\": \"https://csapstestrg138.cognitiveservices.azure.com/face/v1.0\",\r\n    \"provisioningState\": \"Succeeded\",\r\n    \"internalId\": \"28d36b54bd394c9aa9f5e3d80084a960\",\r\n    \"dateCreated\": \"2019-07-11T23:27:20.9166363Z\",\r\n    \"customSubDomainName\": \"csapstestrg138\",\r\n    \"networkAcls\": {\r\n      \"defaultAction\": \"Deny\",\r\n      \"virtualNetworkRules\": [],\r\n      \"ipRules\": []\r\n    }\r\n  }\r\n}",
      "StatusCode": 200
    },
    {
      "RequestUri": "/subscriptions/f9b96b36-1f5e-4021-8959-51527e26e6d3/resourceGroups/pstestrg138/providers/Microsoft.CognitiveServices/accounts/csapstestrg138?api-version=2017-04-18",
      "EncodedRequestUri": "L3N1YnNjcmlwdGlvbnMvZjliOTZiMzYtMWY1ZS00MDIxLTg5NTktNTE1MjdlMjZlNmQzL3Jlc291cmNlR3JvdXBzL3BzdGVzdHJnMTM4L3Byb3ZpZGVycy9NaWNyb3NvZnQuQ29nbml0aXZlU2VydmljZXMvYWNjb3VudHMvY3NhcHN0ZXN0cmcxMzg/YXBpLXZlcnNpb249MjAxNy0wNC0xOA==",
      "RequestMethod": "PATCH",
      "RequestBody": "{\r\n  \"properties\": {\r\n    \"networkAcls\": {\r\n      \"bypass\": null,\r\n      \"defaultAction\": \"Deny\",\r\n      \"ipRules\": [\r\n        {\r\n          \"value\": \"16.17.18.0\"\r\n        }\r\n      ],\r\n      \"virtualNetworkRules\": []\r\n    }\r\n  }\r\n}",
      "RequestHeaders": {
        "x-ms-client-request-id": [
          "ab8307ed-eecf-43f6-b6cb-40bc3c3c20eb"
        ],
        "Accept-Language": [
          "en-US"
        ],
        "User-Agent": [
          "FxVersion/4.6.27617.04",
          "OSName/Windows",
          "OSVersion/Microsoft.Windows.10.0.18362.",
          "Microsoft.Azure.Management.CognitiveServices.CognitiveServicesManagementClient/6.0.0.0"
        ],
        "Content-Type": [
          "application/json; charset=utf-8"
        ],
        "Content-Length": [
          "230"
        ]
      },
      "ResponseHeaders": {
        "Cache-Control": [
          "no-cache"
        ],
        "Pragma": [
          "no-cache"
        ],
        "ETag": [
          "\"1e0083d7-0000-3300-0000-5d27c60e0000\""
        ],
        "x-ms-request-id": [
          "ac415f09-b67c-4ae7-9960-25140fa91c8c"
        ],
        "Strict-Transport-Security": [
          "max-age=31536000; includeSubDomains"
        ],
        "Server": [
          "Microsoft-IIS/10.0"
        ],
        "X-AspNet-Version": [
          "4.0.30319"
        ],
        "X-Powered-By": [
          "ASP.NET"
        ],
        "x-ms-ratelimit-remaining-subscription-writes": [
          "1192"
        ],
        "x-ms-correlation-request-id": [
          "4dbe7e53-423a-44ec-9549-bd8723e75115"
        ],
        "x-ms-routing-request-id": [
          "WESTUS:20190711T232814Z:4dbe7e53-423a-44ec-9549-bd8723e75115"
        ],
        "X-Content-Type-Options": [
          "nosniff"
        ],
        "Date": [
          "Thu, 11 Jul 2019 23:28:13 GMT"
        ],
        "Content-Length": [
          "684"
        ],
        "Content-Type": [
          "application/json; charset=utf-8"
        ],
        "Expires": [
          "-1"
        ]
      },
      "ResponseBody": "{\r\n  \"id\": \"/subscriptions/f9b96b36-1f5e-4021-8959-51527e26e6d3/resourceGroups/pstestrg138/providers/Microsoft.CognitiveServices/accounts/csapstestrg138\",\r\n  \"name\": \"csapstestrg138\",\r\n  \"type\": \"Microsoft.CognitiveServices/accounts\",\r\n  \"etag\": \"\\\"1e0083d7-0000-3300-0000-5d27c60e0000\\\"\",\r\n  \"location\": \"Central US EUAP\",\r\n  \"sku\": {\r\n    \"name\": \"S0\"\r\n  },\r\n  \"kind\": \"Face\",\r\n  \"properties\": {\r\n    \"endpoint\": \"https://csapstestrg138.cognitiveservices.azure.com/face/v1.0\",\r\n    \"provisioningState\": \"Succeeded\",\r\n    \"internalId\": \"28d36b54bd394c9aa9f5e3d80084a960\",\r\n    \"dateCreated\": \"2019-07-11T23:27:20.9166363Z\",\r\n    \"customSubDomainName\": \"csapstestrg138\",\r\n    \"networkAcls\": {\r\n      \"defaultAction\": \"Deny\",\r\n      \"virtualNetworkRules\": [],\r\n      \"ipRules\": [\r\n        {\r\n          \"value\": \"16.17.18.0\"\r\n        }\r\n      ]\r\n    }\r\n  }\r\n}",
      "StatusCode": 200
    },
    {
      "RequestUri": "/subscriptions/f9b96b36-1f5e-4021-8959-51527e26e6d3/resourceGroups/pstestrg138/providers/Microsoft.CognitiveServices/accounts/csapstestrg138?api-version=2017-04-18",
      "EncodedRequestUri": "L3N1YnNjcmlwdGlvbnMvZjliOTZiMzYtMWY1ZS00MDIxLTg5NTktNTE1MjdlMjZlNmQzL3Jlc291cmNlR3JvdXBzL3BzdGVzdHJnMTM4L3Byb3ZpZGVycy9NaWNyb3NvZnQuQ29nbml0aXZlU2VydmljZXMvYWNjb3VudHMvY3NhcHN0ZXN0cmcxMzg/YXBpLXZlcnNpb249MjAxNy0wNC0xOA==",
      "RequestMethod": "PATCH",
      "RequestBody": "{\r\n  \"properties\": {\r\n    \"networkAcls\": {\r\n      \"bypass\": null,\r\n      \"defaultAction\": \"Deny\",\r\n      \"ipRules\": [\r\n        {\r\n          \"value\": \"16.17.18.0\"\r\n        },\r\n        {\r\n          \"value\": \"16.17.18.1\"\r\n        }\r\n      ],\r\n      \"virtualNetworkRules\": []\r\n    }\r\n  }\r\n}",
      "RequestHeaders": {
        "x-ms-client-request-id": [
          "d74997ad-7460-4231-9b96-707a6d5d96b1"
        ],
        "Accept-Language": [
          "en-US"
        ],
        "User-Agent": [
          "FxVersion/4.6.27617.04",
          "OSName/Windows",
          "OSVersion/Microsoft.Windows.10.0.18362.",
          "Microsoft.Azure.Management.CognitiveServices.CognitiveServicesManagementClient/6.0.0.0"
        ],
        "Content-Type": [
          "application/json; charset=utf-8"
        ],
        "Content-Length": [
          "286"
        ]
      },
      "ResponseHeaders": {
        "Cache-Control": [
          "no-cache"
        ],
        "Pragma": [
          "no-cache"
        ],
        "ETag": [
          "\"1e008dd7-0000-3300-0000-5d27c60e0000\""
        ],
        "x-ms-request-id": [
          "a5e6f241-fcca-4327-bf5d-c6db0cffb473"
        ],
        "Strict-Transport-Security": [
          "max-age=31536000; includeSubDomains"
        ],
        "Server": [
          "Microsoft-IIS/10.0"
        ],
        "X-AspNet-Version": [
          "4.0.30319"
        ],
        "X-Powered-By": [
          "ASP.NET"
        ],
        "x-ms-ratelimit-remaining-subscription-writes": [
          "1191"
        ],
        "x-ms-correlation-request-id": [
          "c7115971-3583-40b7-9848-30e8b15c698e"
        ],
        "x-ms-routing-request-id": [
          "WESTUS:20190711T232814Z:c7115971-3583-40b7-9848-30e8b15c698e"
        ],
        "X-Content-Type-Options": [
          "nosniff"
        ],
        "Date": [
          "Thu, 11 Jul 2019 23:28:14 GMT"
        ],
        "Content-Length": [
          "707"
        ],
        "Content-Type": [
          "application/json; charset=utf-8"
        ],
        "Expires": [
          "-1"
        ]
      },
      "ResponseBody": "{\r\n  \"id\": \"/subscriptions/f9b96b36-1f5e-4021-8959-51527e26e6d3/resourceGroups/pstestrg138/providers/Microsoft.CognitiveServices/accounts/csapstestrg138\",\r\n  \"name\": \"csapstestrg138\",\r\n  \"type\": \"Microsoft.CognitiveServices/accounts\",\r\n  \"etag\": \"\\\"1e008dd7-0000-3300-0000-5d27c60e0000\\\"\",\r\n  \"location\": \"Central US EUAP\",\r\n  \"sku\": {\r\n    \"name\": \"S0\"\r\n  },\r\n  \"kind\": \"Face\",\r\n  \"properties\": {\r\n    \"endpoint\": \"https://csapstestrg138.cognitiveservices.azure.com/face/v1.0\",\r\n    \"provisioningState\": \"Succeeded\",\r\n    \"internalId\": \"28d36b54bd394c9aa9f5e3d80084a960\",\r\n    \"dateCreated\": \"2019-07-11T23:27:20.9166363Z\",\r\n    \"customSubDomainName\": \"csapstestrg138\",\r\n    \"networkAcls\": {\r\n      \"defaultAction\": \"Deny\",\r\n      \"virtualNetworkRules\": [],\r\n      \"ipRules\": [\r\n        {\r\n          \"value\": \"16.17.18.0\"\r\n        },\r\n        {\r\n          \"value\": \"16.17.18.1\"\r\n        }\r\n      ]\r\n    }\r\n  }\r\n}",
      "StatusCode": 200
    },
    {
      "RequestUri": "/subscriptions/f9b96b36-1f5e-4021-8959-51527e26e6d3/resourceGroups/pstestrg138/providers/Microsoft.CognitiveServices/accounts/csapstestrg138?api-version=2017-04-18",
      "EncodedRequestUri": "L3N1YnNjcmlwdGlvbnMvZjliOTZiMzYtMWY1ZS00MDIxLTg5NTktNTE1MjdlMjZlNmQzL3Jlc291cmNlR3JvdXBzL3BzdGVzdHJnMTM4L3Byb3ZpZGVycy9NaWNyb3NvZnQuQ29nbml0aXZlU2VydmljZXMvYWNjb3VudHMvY3NhcHN0ZXN0cmcxMzg/YXBpLXZlcnNpb249MjAxNy0wNC0xOA==",
      "RequestMethod": "PATCH",
      "RequestBody": "{\r\n  \"properties\": {\r\n    \"networkAcls\": {\r\n      \"bypass\": null,\r\n      \"defaultAction\": \"Deny\",\r\n      \"ipRules\": [\r\n        {\r\n          \"value\": \"16.17.18.1\"\r\n        }\r\n      ],\r\n      \"virtualNetworkRules\": []\r\n    }\r\n  }\r\n}",
      "RequestHeaders": {
        "x-ms-client-request-id": [
          "2e9b1826-5ce7-439d-a68d-8bca90948666"
        ],
        "Accept-Language": [
          "en-US"
        ],
        "User-Agent": [
          "FxVersion/4.6.27617.04",
          "OSName/Windows",
          "OSVersion/Microsoft.Windows.10.0.18362.",
          "Microsoft.Azure.Management.CognitiveServices.CognitiveServicesManagementClient/6.0.0.0"
        ],
        "Content-Type": [
          "application/json; charset=utf-8"
        ],
        "Content-Length": [
          "230"
        ]
      },
      "ResponseHeaders": {
        "Cache-Control": [
          "no-cache"
        ],
        "Pragma": [
          "no-cache"
        ],
        "ETag": [
          "\"1e0092d7-0000-3300-0000-5d27c60f0000\""
        ],
        "x-ms-request-id": [
          "ed50f2c4-ceef-43d3-83a4-fa94842f115f"
        ],
        "Strict-Transport-Security": [
          "max-age=31536000; includeSubDomains"
        ],
        "Server": [
          "Microsoft-IIS/10.0"
        ],
        "X-AspNet-Version": [
          "4.0.30319"
        ],
        "X-Powered-By": [
          "ASP.NET"
        ],
        "x-ms-ratelimit-remaining-subscription-writes": [
          "1190"
        ],
        "x-ms-correlation-request-id": [
          "c75e4f64-3450-4eef-bfc5-7dff76b434e6"
        ],
        "x-ms-routing-request-id": [
          "WESTUS:20190711T232815Z:c75e4f64-3450-4eef-bfc5-7dff76b434e6"
        ],
        "X-Content-Type-Options": [
          "nosniff"
        ],
        "Date": [
          "Thu, 11 Jul 2019 23:28:14 GMT"
        ],
        "Content-Length": [
          "684"
        ],
        "Content-Type": [
          "application/json; charset=utf-8"
        ],
        "Expires": [
          "-1"
        ]
      },
      "ResponseBody": "{\r\n  \"id\": \"/subscriptions/f9b96b36-1f5e-4021-8959-51527e26e6d3/resourceGroups/pstestrg138/providers/Microsoft.CognitiveServices/accounts/csapstestrg138\",\r\n  \"name\": \"csapstestrg138\",\r\n  \"type\": \"Microsoft.CognitiveServices/accounts\",\r\n  \"etag\": \"\\\"1e0092d7-0000-3300-0000-5d27c60f0000\\\"\",\r\n  \"location\": \"Central US EUAP\",\r\n  \"sku\": {\r\n    \"name\": \"S0\"\r\n  },\r\n  \"kind\": \"Face\",\r\n  \"properties\": {\r\n    \"endpoint\": \"https://csapstestrg138.cognitiveservices.azure.com/face/v1.0\",\r\n    \"provisioningState\": \"Succeeded\",\r\n    \"internalId\": \"28d36b54bd394c9aa9f5e3d80084a960\",\r\n    \"dateCreated\": \"2019-07-11T23:27:20.9166363Z\",\r\n    \"customSubDomainName\": \"csapstestrg138\",\r\n    \"networkAcls\": {\r\n      \"defaultAction\": \"Deny\",\r\n      \"virtualNetworkRules\": [],\r\n      \"ipRules\": [\r\n        {\r\n          \"value\": \"16.17.18.1\"\r\n        }\r\n      ]\r\n    }\r\n  }\r\n}",
      "StatusCode": 200
    },
    {
      "RequestUri": "/subscriptions/f9b96b36-1f5e-4021-8959-51527e26e6d3/resourceGroups/pstestrg138/providers/Microsoft.CognitiveServices/accounts/csapstestrg138?api-version=2017-04-18",
      "EncodedRequestUri": "L3N1YnNjcmlwdGlvbnMvZjliOTZiMzYtMWY1ZS00MDIxLTg5NTktNTE1MjdlMjZlNmQzL3Jlc291cmNlR3JvdXBzL3BzdGVzdHJnMTM4L3Byb3ZpZGVycy9NaWNyb3NvZnQuQ29nbml0aXZlU2VydmljZXMvYWNjb3VudHMvY3NhcHN0ZXN0cmcxMzg/YXBpLXZlcnNpb249MjAxNy0wNC0xOA==",
      "RequestMethod": "PATCH",
      "RequestBody": "{\r\n  \"properties\": {\r\n    \"networkAcls\": {\r\n      \"bypass\": null,\r\n      \"defaultAction\": \"Deny\",\r\n      \"ipRules\": [],\r\n      \"virtualNetworkRules\": []\r\n    }\r\n  }\r\n}",
      "RequestHeaders": {
        "x-ms-client-request-id": [
          "fafab686-d9b3-491f-9adb-e32196255e3c"
        ],
        "Accept-Language": [
          "en-US"
        ],
        "User-Agent": [
          "FxVersion/4.6.27617.04",
          "OSName/Windows",
          "OSVersion/Microsoft.Windows.10.0.18362.",
          "Microsoft.Azure.Management.CognitiveServices.CognitiveServicesManagementClient/6.0.0.0"
        ],
        "Content-Type": [
          "application/json; charset=utf-8"
        ],
        "Content-Length": [
          "167"
        ]
      },
      "ResponseHeaders": {
        "Cache-Control": [
          "no-cache"
        ],
        "Pragma": [
          "no-cache"
        ],
        "ETag": [
          "\"1e0095d7-0000-3300-0000-5d27c60f0000\""
        ],
        "x-ms-request-id": [
          "a3862460-d209-449c-b45b-d75e56960d03"
        ],
        "Strict-Transport-Security": [
          "max-age=31536000; includeSubDomains"
        ],
        "Server": [
          "Microsoft-IIS/10.0"
        ],
        "X-AspNet-Version": [
          "4.0.30319"
        ],
        "X-Powered-By": [
          "ASP.NET"
        ],
        "x-ms-ratelimit-remaining-subscription-writes": [
          "1189"
        ],
        "x-ms-correlation-request-id": [
          "4f4029d8-258b-4906-8ebb-02943a631d46"
        ],
        "x-ms-routing-request-id": [
          "WESTUS:20190711T232815Z:4f4029d8-258b-4906-8ebb-02943a631d46"
        ],
        "X-Content-Type-Options": [
          "nosniff"
        ],
        "Date": [
          "Thu, 11 Jul 2019 23:28:15 GMT"
        ],
        "Content-Length": [
          "662"
        ],
        "Content-Type": [
          "application/json; charset=utf-8"
        ],
        "Expires": [
          "-1"
        ]
      },
      "ResponseBody": "{\r\n  \"id\": \"/subscriptions/f9b96b36-1f5e-4021-8959-51527e26e6d3/resourceGroups/pstestrg138/providers/Microsoft.CognitiveServices/accounts/csapstestrg138\",\r\n  \"name\": \"csapstestrg138\",\r\n  \"type\": \"Microsoft.CognitiveServices/accounts\",\r\n  \"etag\": \"\\\"1e0095d7-0000-3300-0000-5d27c60f0000\\\"\",\r\n  \"location\": \"Central US EUAP\",\r\n  \"sku\": {\r\n    \"name\": \"S0\"\r\n  },\r\n  \"kind\": \"Face\",\r\n  \"properties\": {\r\n    \"endpoint\": \"https://csapstestrg138.cognitiveservices.azure.com/face/v1.0\",\r\n    \"provisioningState\": \"Succeeded\",\r\n    \"internalId\": \"28d36b54bd394c9aa9f5e3d80084a960\",\r\n    \"dateCreated\": \"2019-07-11T23:27:20.9166363Z\",\r\n    \"customSubDomainName\": \"csapstestrg138\",\r\n    \"networkAcls\": {\r\n      \"defaultAction\": \"Deny\",\r\n      \"virtualNetworkRules\": [],\r\n      \"ipRules\": []\r\n    }\r\n  }\r\n}",
      "StatusCode": 200
    },
    {
      "RequestUri": "/subscriptions/f9b96b36-1f5e-4021-8959-51527e26e6d3/resourceGroups/pstestrg138/providers/Microsoft.CognitiveServices/accounts/csapstestrg138?api-version=2017-04-18",
      "EncodedRequestUri": "L3N1YnNjcmlwdGlvbnMvZjliOTZiMzYtMWY1ZS00MDIxLTg5NTktNTE1MjdlMjZlNmQzL3Jlc291cmNlR3JvdXBzL3BzdGVzdHJnMTM4L3Byb3ZpZGVycy9NaWNyb3NvZnQuQ29nbml0aXZlU2VydmljZXMvYWNjb3VudHMvY3NhcHN0ZXN0cmcxMzg/YXBpLXZlcnNpb249MjAxNy0wNC0xOA==",
      "RequestMethod": "PATCH",
      "RequestBody": "{\r\n  \"properties\": {\r\n    \"networkAcls\": {\r\n      \"bypass\": null,\r\n      \"defaultAction\": \"Allow\",\r\n      \"ipRules\": [\r\n        {\r\n          \"value\": \"200.0.0.0\"\r\n        },\r\n        {\r\n          \"value\": \"28.2.0.0/16\"\r\n        }\r\n      ],\r\n      \"virtualNetworkRules\": [\r\n        {\r\n          \"id\": \"/subscriptions/f9b96b36-1f5e-4021-8959-51527e26e6d3/resourceGroups/pstestrg138/providers/Microsoft.Network/virtualNetworks/vnetpstestrg138/subnets/default\",\r\n          \"state\": null,\r\n          \"ignoreMissingVnetServiceEndpoint\": true\r\n        },\r\n        {\r\n          \"id\": \"/subscriptions/f9b96b36-1f5e-4021-8959-51527e26e6d3/resourceGroups/pstestrg138/providers/Microsoft.Network/virtualNetworks/vnetpstestrg138/subnets/subnet\",\r\n          \"state\": null,\r\n          \"ignoreMissingVnetServiceEndpoint\": true\r\n        }\r\n      ]\r\n    }\r\n  }\r\n}",
      "RequestHeaders": {
        "x-ms-client-request-id": [
          "dfe11eb8-dc06-4f95-91ea-2bd1915b1b1a"
        ],
        "Accept-Language": [
          "en-US"
        ],
        "User-Agent": [
          "FxVersion/4.6.27617.04",
          "OSName/Windows",
          "OSVersion/Microsoft.Windows.10.0.18362.",
          "Microsoft.Azure.Management.CognitiveServices.CognitiveServicesManagementClient/6.0.0.0"
        ],
        "Content-Type": [
          "application/json; charset=utf-8"
        ],
        "Content-Length": [
          "845"
        ]
      },
      "ResponseHeaders": {
        "Cache-Control": [
          "no-cache"
        ],
        "Pragma": [
          "no-cache"
        ],
        "ETag": [
          "\"1e00a2d7-0000-3300-0000-5d27c6120000\""
        ],
        "x-ms-request-id": [
          "f0c1ae40-e944-47f4-b72b-670b7b5001b6"
        ],
        "Strict-Transport-Security": [
          "max-age=31536000; includeSubDomains"
        ],
        "Server": [
          "Microsoft-IIS/10.0"
        ],
        "X-AspNet-Version": [
          "4.0.30319"
        ],
        "X-Powered-By": [
          "ASP.NET"
        ],
        "x-ms-ratelimit-remaining-subscription-writes": [
          "1188"
        ],
        "x-ms-correlation-request-id": [
          "11c8d503-df3e-4b0c-bcaf-a31f93d6d0eb"
        ],
        "x-ms-routing-request-id": [
          "WESTUS:20190711T232818Z:11c8d503-df3e-4b0c-bcaf-a31f93d6d0eb"
        ],
        "X-Content-Type-Options": [
          "nosniff"
        ],
        "Date": [
          "Thu, 11 Jul 2019 23:28:18 GMT"
        ],
        "Content-Length": [
          "1114"
        ],
        "Content-Type": [
          "application/json; charset=utf-8"
        ],
        "Expires": [
          "-1"
        ]
      },
      "ResponseBody": "{\r\n  \"id\": \"/subscriptions/f9b96b36-1f5e-4021-8959-51527e26e6d3/resourceGroups/pstestrg138/providers/Microsoft.CognitiveServices/accounts/csapstestrg138\",\r\n  \"name\": \"csapstestrg138\",\r\n  \"type\": \"Microsoft.CognitiveServices/accounts\",\r\n  \"etag\": \"\\\"1e00a2d7-0000-3300-0000-5d27c6120000\\\"\",\r\n  \"location\": \"Central US EUAP\",\r\n  \"sku\": {\r\n    \"name\": \"S0\"\r\n  },\r\n  \"kind\": \"Face\",\r\n  \"properties\": {\r\n    \"endpoint\": \"https://csapstestrg138.cognitiveservices.azure.com/face/v1.0\",\r\n    \"provisioningState\": \"Succeeded\",\r\n    \"internalId\": \"28d36b54bd394c9aa9f5e3d80084a960\",\r\n    \"dateCreated\": \"2019-07-11T23:27:20.9166363Z\",\r\n    \"customSubDomainName\": \"csapstestrg138\",\r\n    \"networkAcls\": {\r\n      \"defaultAction\": \"Allow\",\r\n      \"virtualNetworkRules\": [\r\n        {\r\n          \"id\": \"/subscriptions/f9b96b36-1f5e-4021-8959-51527e26e6d3/resourceGroups/pstestrg138/providers/Microsoft.Network/virtualNetworks/vnetpstestrg138/subnets/default\",\r\n          \"ignoreMissingVnetServiceEndpoint\": true\r\n        },\r\n        {\r\n          \"id\": \"/subscriptions/f9b96b36-1f5e-4021-8959-51527e26e6d3/resourceGroups/pstestrg138/providers/Microsoft.Network/virtualNetworks/vnetpstestrg138/subnets/subnet\",\r\n          \"ignoreMissingVnetServiceEndpoint\": true\r\n        }\r\n      ],\r\n      \"ipRules\": [\r\n        {\r\n          \"value\": \"200.0.0.0\"\r\n        },\r\n        {\r\n          \"value\": \"28.2.0.0/16\"\r\n        }\r\n      ]\r\n    }\r\n  }\r\n}",
      "StatusCode": 200
    },
    {
      "RequestUri": "/subscriptions/f9b96b36-1f5e-4021-8959-51527e26e6d3/resourcegroups/pstestrg138?api-version=2016-09-01",
      "EncodedRequestUri": "L3N1YnNjcmlwdGlvbnMvZjliOTZiMzYtMWY1ZS00MDIxLTg5NTktNTE1MjdlMjZlNmQzL3Jlc291cmNlZ3JvdXBzL3BzdGVzdHJnMTM4P2FwaS12ZXJzaW9uPTIwMTYtMDktMDE=",
      "RequestMethod": "DELETE",
      "RequestBody": "",
      "RequestHeaders": {
        "x-ms-client-request-id": [
          "7d9baa7e-b417-4075-96ff-350a0e8b444b"
        ],
        "Accept-Language": [
          "en-US"
        ],
        "User-Agent": [
          "FxVersion/4.6.27617.04",
          "OSName/Windows",
          "OSVersion/Microsoft.Windows.10.0.18362.",
          "Microsoft.Azure.Management.Internal.Resources.ResourceManagementClient/1.1.19"
        ]
      },
      "ResponseHeaders": {
        "Cache-Control": [
          "no-cache"
        ],
        "Pragma": [
          "no-cache"
        ],
        "Location": [
          "https://management.azure.com/subscriptions/f9b96b36-1f5e-4021-8959-51527e26e6d3/operationresults/eyJqb2JJZCI6IlJFU09VUkNFR1JPVVBERUxFVElPTkpPQi1QU1RFU1RSRzEzOC1DRU5UUkFMVVNFVUFQIiwiam9iTG9jYXRpb24iOiJjZW50cmFsdXNldWFwIn0?api-version=2016-09-01"
        ],
        "Retry-After": [
          "15"
        ],
        "x-ms-ratelimit-remaining-subscription-deletes": [
          "14999"
        ],
        "x-ms-request-id": [
          "718c4d19-0b51-4194-a61b-443acb6af026"
        ],
        "x-ms-correlation-request-id": [
          "718c4d19-0b51-4194-a61b-443acb6af026"
        ],
        "x-ms-routing-request-id": [
          "WESTUS:20190711T232820Z:718c4d19-0b51-4194-a61b-443acb6af026"
        ],
        "Strict-Transport-Security": [
          "max-age=31536000; includeSubDomains"
        ],
        "X-Content-Type-Options": [
          "nosniff"
        ],
        "Date": [
          "Thu, 11 Jul 2019 23:28:20 GMT"
        ],
        "Expires": [
          "-1"
        ],
        "Content-Length": [
          "0"
        ]
      },
      "ResponseBody": "",
      "StatusCode": 202
    },
    {
      "RequestUri": "/subscriptions/f9b96b36-1f5e-4021-8959-51527e26e6d3/operationresults/eyJqb2JJZCI6IlJFU09VUkNFR1JPVVBERUxFVElPTkpPQi1QU1RFU1RSRzEzOC1DRU5UUkFMVVNFVUFQIiwiam9iTG9jYXRpb24iOiJjZW50cmFsdXNldWFwIn0?api-version=2016-09-01",
      "EncodedRequestUri": "L3N1YnNjcmlwdGlvbnMvZjliOTZiMzYtMWY1ZS00MDIxLTg5NTktNTE1MjdlMjZlNmQzL29wZXJhdGlvbnJlc3VsdHMvZXlKcWIySkpaQ0k2SWxKRlUwOVZVa05GUjFKUFZWQkVSVXhGVkVsUFRrcFBRaTFRVTFSRlUxUlNSekV6T0MxRFJVNVVVa0ZNVlZORlZVRlFJaXdpYW05aVRHOWpZWFJwYjI0aU9pSmpaVzUwY21Gc2RYTmxkV0Z3SW4wP2FwaS12ZXJzaW9uPTIwMTYtMDktMDE=",
      "RequestMethod": "GET",
      "RequestBody": "",
      "RequestHeaders": {
        "User-Agent": [
          "FxVersion/4.6.27617.04",
          "OSName/Windows",
          "OSVersion/Microsoft.Windows.10.0.18362.",
          "Microsoft.Azure.Management.Internal.Resources.ResourceManagementClient/1.1.19"
        ]
      },
      "ResponseHeaders": {
        "Cache-Control": [
          "no-cache"
        ],
        "Pragma": [
          "no-cache"
        ],
        "Location": [
          "https://management.azure.com/subscriptions/f9b96b36-1f5e-4021-8959-51527e26e6d3/operationresults/eyJqb2JJZCI6IlJFU09VUkNFR1JPVVBERUxFVElPTkpPQi1QU1RFU1RSRzEzOC1DRU5UUkFMVVNFVUFQIiwiam9iTG9jYXRpb24iOiJjZW50cmFsdXNldWFwIn0?api-version=2016-09-01"
        ],
        "Retry-After": [
          "15"
        ],
        "x-ms-ratelimit-remaining-subscription-reads": [
          "11996"
        ],
        "x-ms-request-id": [
          "28fd176e-0f26-4eaf-8bb5-77692480f2bd"
        ],
        "x-ms-correlation-request-id": [
          "28fd176e-0f26-4eaf-8bb5-77692480f2bd"
        ],
        "x-ms-routing-request-id": [
          "WESTUS:20190711T232835Z:28fd176e-0f26-4eaf-8bb5-77692480f2bd"
        ],
        "Strict-Transport-Security": [
          "max-age=31536000; includeSubDomains"
        ],
        "X-Content-Type-Options": [
          "nosniff"
        ],
        "Date": [
          "Thu, 11 Jul 2019 23:28:35 GMT"
        ],
        "Expires": [
          "-1"
        ],
        "Content-Length": [
          "0"
        ]
      },
      "ResponseBody": "",
      "StatusCode": 202
    },
    {
      "RequestUri": "/subscriptions/f9b96b36-1f5e-4021-8959-51527e26e6d3/operationresults/eyJqb2JJZCI6IlJFU09VUkNFR1JPVVBERUxFVElPTkpPQi1QU1RFU1RSRzEzOC1DRU5UUkFMVVNFVUFQIiwiam9iTG9jYXRpb24iOiJjZW50cmFsdXNldWFwIn0?api-version=2016-09-01",
      "EncodedRequestUri": "L3N1YnNjcmlwdGlvbnMvZjliOTZiMzYtMWY1ZS00MDIxLTg5NTktNTE1MjdlMjZlNmQzL29wZXJhdGlvbnJlc3VsdHMvZXlKcWIySkpaQ0k2SWxKRlUwOVZVa05GUjFKUFZWQkVSVXhGVkVsUFRrcFBRaTFRVTFSRlUxUlNSekV6T0MxRFJVNVVVa0ZNVlZORlZVRlFJaXdpYW05aVRHOWpZWFJwYjI0aU9pSmpaVzUwY21Gc2RYTmxkV0Z3SW4wP2FwaS12ZXJzaW9uPTIwMTYtMDktMDE=",
      "RequestMethod": "GET",
      "RequestBody": "",
      "RequestHeaders": {
        "User-Agent": [
          "FxVersion/4.6.27617.04",
          "OSName/Windows",
          "OSVersion/Microsoft.Windows.10.0.18362.",
          "Microsoft.Azure.Management.Internal.Resources.ResourceManagementClient/1.1.19"
        ]
      },
      "ResponseHeaders": {
        "Cache-Control": [
          "no-cache"
        ],
        "Pragma": [
          "no-cache"
        ],
        "Location": [
          "https://management.azure.com/subscriptions/f9b96b36-1f5e-4021-8959-51527e26e6d3/operationresults/eyJqb2JJZCI6IlJFU09VUkNFR1JPVVBERUxFVElPTkpPQi1QU1RFU1RSRzEzOC1DRU5UUkFMVVNFVUFQIiwiam9iTG9jYXRpb24iOiJjZW50cmFsdXNldWFwIn0?api-version=2016-09-01"
        ],
        "Retry-After": [
          "15"
        ],
        "x-ms-ratelimit-remaining-subscription-reads": [
          "11995"
        ],
        "x-ms-request-id": [
          "16107681-2db1-4bdf-a752-ba65b5e0b2d7"
        ],
        "x-ms-correlation-request-id": [
          "16107681-2db1-4bdf-a752-ba65b5e0b2d7"
        ],
        "x-ms-routing-request-id": [
          "WESTUS:20190711T232850Z:16107681-2db1-4bdf-a752-ba65b5e0b2d7"
        ],
        "Strict-Transport-Security": [
          "max-age=31536000; includeSubDomains"
        ],
        "X-Content-Type-Options": [
          "nosniff"
        ],
        "Date": [
          "Thu, 11 Jul 2019 23:28:49 GMT"
        ],
        "Expires": [
          "-1"
        ],
        "Content-Length": [
          "0"
        ]
      },
      "ResponseBody": "",
      "StatusCode": 202
    },
    {
      "RequestUri": "/subscriptions/f9b96b36-1f5e-4021-8959-51527e26e6d3/operationresults/eyJqb2JJZCI6IlJFU09VUkNFR1JPVVBERUxFVElPTkpPQi1QU1RFU1RSRzEzOC1DRU5UUkFMVVNFVUFQIiwiam9iTG9jYXRpb24iOiJjZW50cmFsdXNldWFwIn0?api-version=2016-09-01",
      "EncodedRequestUri": "L3N1YnNjcmlwdGlvbnMvZjliOTZiMzYtMWY1ZS00MDIxLTg5NTktNTE1MjdlMjZlNmQzL29wZXJhdGlvbnJlc3VsdHMvZXlKcWIySkpaQ0k2SWxKRlUwOVZVa05GUjFKUFZWQkVSVXhGVkVsUFRrcFBRaTFRVTFSRlUxUlNSekV6T0MxRFJVNVVVa0ZNVlZORlZVRlFJaXdpYW05aVRHOWpZWFJwYjI0aU9pSmpaVzUwY21Gc2RYTmxkV0Z3SW4wP2FwaS12ZXJzaW9uPTIwMTYtMDktMDE=",
      "RequestMethod": "GET",
      "RequestBody": "",
      "RequestHeaders": {
        "User-Agent": [
          "FxVersion/4.6.27617.04",
          "OSName/Windows",
          "OSVersion/Microsoft.Windows.10.0.18362.",
          "Microsoft.Azure.Management.Internal.Resources.ResourceManagementClient/1.1.19"
        ]
      },
      "ResponseHeaders": {
        "Cache-Control": [
          "no-cache"
        ],
        "Pragma": [
          "no-cache"
        ],
        "Location": [
          "https://management.azure.com/subscriptions/f9b96b36-1f5e-4021-8959-51527e26e6d3/operationresults/eyJqb2JJZCI6IlJFU09VUkNFR1JPVVBERUxFVElPTkpPQi1QU1RFU1RSRzEzOC1DRU5UUkFMVVNFVUFQIiwiam9iTG9jYXRpb24iOiJjZW50cmFsdXNldWFwIn0?api-version=2016-09-01"
        ],
        "Retry-After": [
          "15"
        ],
        "x-ms-ratelimit-remaining-subscription-reads": [
          "11994"
        ],
        "x-ms-request-id": [
          "bdbf142e-5d10-4a2e-b19e-0720e36b9912"
        ],
        "x-ms-correlation-request-id": [
          "bdbf142e-5d10-4a2e-b19e-0720e36b9912"
        ],
        "x-ms-routing-request-id": [
          "WESTUS:20190711T232905Z:bdbf142e-5d10-4a2e-b19e-0720e36b9912"
        ],
        "Strict-Transport-Security": [
          "max-age=31536000; includeSubDomains"
        ],
        "X-Content-Type-Options": [
          "nosniff"
        ],
        "Date": [
          "Thu, 11 Jul 2019 23:29:05 GMT"
        ],
        "Expires": [
          "-1"
        ],
        "Content-Length": [
          "0"
        ]
      },
      "ResponseBody": "",
      "StatusCode": 202
    },
    {
      "RequestUri": "/subscriptions/f9b96b36-1f5e-4021-8959-51527e26e6d3/operationresults/eyJqb2JJZCI6IlJFU09VUkNFR1JPVVBERUxFVElPTkpPQi1QU1RFU1RSRzEzOC1DRU5UUkFMVVNFVUFQIiwiam9iTG9jYXRpb24iOiJjZW50cmFsdXNldWFwIn0?api-version=2016-09-01",
      "EncodedRequestUri": "L3N1YnNjcmlwdGlvbnMvZjliOTZiMzYtMWY1ZS00MDIxLTg5NTktNTE1MjdlMjZlNmQzL29wZXJhdGlvbnJlc3VsdHMvZXlKcWIySkpaQ0k2SWxKRlUwOVZVa05GUjFKUFZWQkVSVXhGVkVsUFRrcFBRaTFRVTFSRlUxUlNSekV6T0MxRFJVNVVVa0ZNVlZORlZVRlFJaXdpYW05aVRHOWpZWFJwYjI0aU9pSmpaVzUwY21Gc2RYTmxkV0Z3SW4wP2FwaS12ZXJzaW9uPTIwMTYtMDktMDE=",
      "RequestMethod": "GET",
      "RequestBody": "",
      "RequestHeaders": {
        "User-Agent": [
          "FxVersion/4.6.27617.04",
          "OSName/Windows",
          "OSVersion/Microsoft.Windows.10.0.18362.",
          "Microsoft.Azure.Management.Internal.Resources.ResourceManagementClient/1.1.19"
        ]
      },
      "ResponseHeaders": {
        "Cache-Control": [
          "no-cache"
        ],
        "Pragma": [
          "no-cache"
        ],
        "Location": [
          "https://management.azure.com/subscriptions/f9b96b36-1f5e-4021-8959-51527e26e6d3/operationresults/eyJqb2JJZCI6IlJFU09VUkNFR1JPVVBERUxFVElPTkpPQi1QU1RFU1RSRzEzOC1DRU5UUkFMVVNFVUFQIiwiam9iTG9jYXRpb24iOiJjZW50cmFsdXNldWFwIn0?api-version=2016-09-01"
        ],
        "Retry-After": [
          "15"
        ],
        "x-ms-ratelimit-remaining-subscription-reads": [
          "11993"
        ],
        "x-ms-request-id": [
          "5a40c878-9a32-436a-bc46-e34251afb097"
        ],
        "x-ms-correlation-request-id": [
          "5a40c878-9a32-436a-bc46-e34251afb097"
        ],
        "x-ms-routing-request-id": [
          "WESTUS:20190711T232920Z:5a40c878-9a32-436a-bc46-e34251afb097"
        ],
        "Strict-Transport-Security": [
          "max-age=31536000; includeSubDomains"
        ],
        "X-Content-Type-Options": [
          "nosniff"
        ],
        "Date": [
          "Thu, 11 Jul 2019 23:29:20 GMT"
        ],
        "Expires": [
          "-1"
        ],
        "Content-Length": [
          "0"
        ]
      },
      "ResponseBody": "",
      "StatusCode": 202
    },
    {
      "RequestUri": "/subscriptions/f9b96b36-1f5e-4021-8959-51527e26e6d3/operationresults/eyJqb2JJZCI6IlJFU09VUkNFR1JPVVBERUxFVElPTkpPQi1QU1RFU1RSRzEzOC1DRU5UUkFMVVNFVUFQIiwiam9iTG9jYXRpb24iOiJjZW50cmFsdXNldWFwIn0?api-version=2016-09-01",
      "EncodedRequestUri": "L3N1YnNjcmlwdGlvbnMvZjliOTZiMzYtMWY1ZS00MDIxLTg5NTktNTE1MjdlMjZlNmQzL29wZXJhdGlvbnJlc3VsdHMvZXlKcWIySkpaQ0k2SWxKRlUwOVZVa05GUjFKUFZWQkVSVXhGVkVsUFRrcFBRaTFRVTFSRlUxUlNSekV6T0MxRFJVNVVVa0ZNVlZORlZVRlFJaXdpYW05aVRHOWpZWFJwYjI0aU9pSmpaVzUwY21Gc2RYTmxkV0Z3SW4wP2FwaS12ZXJzaW9uPTIwMTYtMDktMDE=",
      "RequestMethod": "GET",
      "RequestBody": "",
      "RequestHeaders": {
        "User-Agent": [
          "FxVersion/4.6.27617.04",
          "OSName/Windows",
          "OSVersion/Microsoft.Windows.10.0.18362.",
          "Microsoft.Azure.Management.Internal.Resources.ResourceManagementClient/1.1.19"
        ]
      },
      "ResponseHeaders": {
        "Cache-Control": [
          "no-cache"
        ],
        "Pragma": [
          "no-cache"
        ],
        "Location": [
          "https://management.azure.com/subscriptions/f9b96b36-1f5e-4021-8959-51527e26e6d3/operationresults/eyJqb2JJZCI6IlJFU09VUkNFR1JPVVBERUxFVElPTkpPQi1QU1RFU1RSRzEzOC1DRU5UUkFMVVNFVUFQIiwiam9iTG9jYXRpb24iOiJjZW50cmFsdXNldWFwIn0?api-version=2016-09-01"
        ],
        "Retry-After": [
          "15"
        ],
        "x-ms-ratelimit-remaining-subscription-reads": [
          "11992"
        ],
        "x-ms-request-id": [
          "a1f7f70d-53bd-412c-9928-2ac392acb06f"
        ],
        "x-ms-correlation-request-id": [
          "a1f7f70d-53bd-412c-9928-2ac392acb06f"
        ],
        "x-ms-routing-request-id": [
          "WESTUS:20190711T232936Z:a1f7f70d-53bd-412c-9928-2ac392acb06f"
        ],
        "Strict-Transport-Security": [
          "max-age=31536000; includeSubDomains"
        ],
        "X-Content-Type-Options": [
          "nosniff"
        ],
        "Date": [
          "Thu, 11 Jul 2019 23:29:35 GMT"
        ],
        "Expires": [
          "-1"
        ],
        "Content-Length": [
          "0"
        ]
      },
      "ResponseBody": "",
      "StatusCode": 202
    },
    {
      "RequestUri": "/subscriptions/f9b96b36-1f5e-4021-8959-51527e26e6d3/operationresults/eyJqb2JJZCI6IlJFU09VUkNFR1JPVVBERUxFVElPTkpPQi1QU1RFU1RSRzEzOC1DRU5UUkFMVVNFVUFQIiwiam9iTG9jYXRpb24iOiJjZW50cmFsdXNldWFwIn0?api-version=2016-09-01",
      "EncodedRequestUri": "L3N1YnNjcmlwdGlvbnMvZjliOTZiMzYtMWY1ZS00MDIxLTg5NTktNTE1MjdlMjZlNmQzL29wZXJhdGlvbnJlc3VsdHMvZXlKcWIySkpaQ0k2SWxKRlUwOVZVa05GUjFKUFZWQkVSVXhGVkVsUFRrcFBRaTFRVTFSRlUxUlNSekV6T0MxRFJVNVVVa0ZNVlZORlZVRlFJaXdpYW05aVRHOWpZWFJwYjI0aU9pSmpaVzUwY21Gc2RYTmxkV0Z3SW4wP2FwaS12ZXJzaW9uPTIwMTYtMDktMDE=",
      "RequestMethod": "GET",
      "RequestBody": "",
      "RequestHeaders": {
        "User-Agent": [
          "FxVersion/4.6.27617.04",
          "OSName/Windows",
          "OSVersion/Microsoft.Windows.10.0.18362.",
          "Microsoft.Azure.Management.Internal.Resources.ResourceManagementClient/1.1.19"
        ]
      },
      "ResponseHeaders": {
        "Cache-Control": [
          "no-cache"
        ],
        "Pragma": [
          "no-cache"
        ],
        "Location": [
          "https://management.azure.com/subscriptions/f9b96b36-1f5e-4021-8959-51527e26e6d3/operationresults/eyJqb2JJZCI6IlJFU09VUkNFR1JPVVBERUxFVElPTkpPQi1QU1RFU1RSRzEzOC1DRU5UUkFMVVNFVUFQIiwiam9iTG9jYXRpb24iOiJjZW50cmFsdXNldWFwIn0?api-version=2016-09-01"
        ],
        "Retry-After": [
          "15"
        ],
        "x-ms-ratelimit-remaining-subscription-reads": [
          "11991"
        ],
        "x-ms-request-id": [
          "e2932c7d-91a0-4be0-9383-10bd5cfe82b5"
        ],
        "x-ms-correlation-request-id": [
          "e2932c7d-91a0-4be0-9383-10bd5cfe82b5"
        ],
        "x-ms-routing-request-id": [
          "WESTUS:20190711T232951Z:e2932c7d-91a0-4be0-9383-10bd5cfe82b5"
        ],
        "Strict-Transport-Security": [
          "max-age=31536000; includeSubDomains"
        ],
        "X-Content-Type-Options": [
          "nosniff"
        ],
        "Date": [
          "Thu, 11 Jul 2019 23:29:50 GMT"
        ],
        "Expires": [
          "-1"
        ],
        "Content-Length": [
          "0"
        ]
      },
      "ResponseBody": "",
      "StatusCode": 202
    },
    {
      "RequestUri": "/subscriptions/f9b96b36-1f5e-4021-8959-51527e26e6d3/operationresults/eyJqb2JJZCI6IlJFU09VUkNFR1JPVVBERUxFVElPTkpPQi1QU1RFU1RSRzEzOC1DRU5UUkFMVVNFVUFQIiwiam9iTG9jYXRpb24iOiJjZW50cmFsdXNldWFwIn0?api-version=2016-09-01",
      "EncodedRequestUri": "L3N1YnNjcmlwdGlvbnMvZjliOTZiMzYtMWY1ZS00MDIxLTg5NTktNTE1MjdlMjZlNmQzL29wZXJhdGlvbnJlc3VsdHMvZXlKcWIySkpaQ0k2SWxKRlUwOVZVa05GUjFKUFZWQkVSVXhGVkVsUFRrcFBRaTFRVTFSRlUxUlNSekV6T0MxRFJVNVVVa0ZNVlZORlZVRlFJaXdpYW05aVRHOWpZWFJwYjI0aU9pSmpaVzUwY21Gc2RYTmxkV0Z3SW4wP2FwaS12ZXJzaW9uPTIwMTYtMDktMDE=",
      "RequestMethod": "GET",
      "RequestBody": "",
      "RequestHeaders": {
        "User-Agent": [
          "FxVersion/4.6.27617.04",
          "OSName/Windows",
          "OSVersion/Microsoft.Windows.10.0.18362.",
          "Microsoft.Azure.Management.Internal.Resources.ResourceManagementClient/1.1.19"
        ]
      },
      "ResponseHeaders": {
        "Cache-Control": [
          "no-cache"
        ],
        "Pragma": [
          "no-cache"
        ],
        "x-ms-ratelimit-remaining-subscription-reads": [
          "11990"
        ],
        "x-ms-request-id": [
          "38351b26-e4bd-46b7-8b48-32b8d60cf5ed"
        ],
        "x-ms-correlation-request-id": [
          "38351b26-e4bd-46b7-8b48-32b8d60cf5ed"
        ],
        "x-ms-routing-request-id": [
          "WESTUS:20190711T233006Z:38351b26-e4bd-46b7-8b48-32b8d60cf5ed"
        ],
        "Strict-Transport-Security": [
          "max-age=31536000; includeSubDomains"
        ],
        "X-Content-Type-Options": [
          "nosniff"
        ],
        "Date": [
          "Thu, 11 Jul 2019 23:30:06 GMT"
        ],
        "Expires": [
          "-1"
        ],
        "Content-Length": [
          "0"
        ]
      },
      "ResponseBody": "",
      "StatusCode": 200
    },
    {
      "RequestUri": "/subscriptions/f9b96b36-1f5e-4021-8959-51527e26e6d3/operationresults/eyJqb2JJZCI6IlJFU09VUkNFR1JPVVBERUxFVElPTkpPQi1QU1RFU1RSRzEzOC1DRU5UUkFMVVNFVUFQIiwiam9iTG9jYXRpb24iOiJjZW50cmFsdXNldWFwIn0?api-version=2016-09-01",
      "EncodedRequestUri": "L3N1YnNjcmlwdGlvbnMvZjliOTZiMzYtMWY1ZS00MDIxLTg5NTktNTE1MjdlMjZlNmQzL29wZXJhdGlvbnJlc3VsdHMvZXlKcWIySkpaQ0k2SWxKRlUwOVZVa05GUjFKUFZWQkVSVXhGVkVsUFRrcFBRaTFRVTFSRlUxUlNSekV6T0MxRFJVNVVVa0ZNVlZORlZVRlFJaXdpYW05aVRHOWpZWFJwYjI0aU9pSmpaVzUwY21Gc2RYTmxkV0Z3SW4wP2FwaS12ZXJzaW9uPTIwMTYtMDktMDE=",
      "RequestMethod": "GET",
      "RequestBody": "",
      "RequestHeaders": {
        "User-Agent": [
          "FxVersion/4.6.27617.04",
          "OSName/Windows",
          "OSVersion/Microsoft.Windows.10.0.18362.",
          "Microsoft.Azure.Management.Internal.Resources.ResourceManagementClient/1.1.19"
        ]
      },
      "ResponseHeaders": {
        "Cache-Control": [
          "no-cache"
        ],
        "Pragma": [
          "no-cache"
        ],
        "x-ms-ratelimit-remaining-subscription-reads": [
          "11989"
        ],
        "x-ms-request-id": [
          "bfa93a97-8d67-4e28-9575-aacb658f8570"
        ],
        "x-ms-correlation-request-id": [
          "bfa93a97-8d67-4e28-9575-aacb658f8570"
        ],
        "x-ms-routing-request-id": [
          "WESTUS:20190711T233006Z:bfa93a97-8d67-4e28-9575-aacb658f8570"
        ],
        "Strict-Transport-Security": [
          "max-age=31536000; includeSubDomains"
        ],
        "X-Content-Type-Options": [
          "nosniff"
        ],
        "Date": [
          "Thu, 11 Jul 2019 23:30:06 GMT"
        ],
        "Expires": [
          "-1"
        ],
        "Content-Length": [
          "0"
        ]
      },
      "ResponseBody": "",
      "StatusCode": 200
    }
  ],
  "Names": {
    "Test-NetworkRuleSet": [
      "pstestrg138"
    ]
  },
  "Variables": {
    "SubscriptionId": "f9b96b36-1f5e-4021-8959-51527e26e6d3"
  }
}