{
  "Entries": [
    {
      "RequestUri": "/subscriptions/f9b96b36-1f5e-4021-8959-51527e26e6d3/providers/Microsoft.CognitiveServices?api-version=2016-09-01",
      "EncodedRequestUri": "L3N1YnNjcmlwdGlvbnMvZjliOTZiMzYtMWY1ZS00MDIxLTg5NTktNTE1MjdlMjZlNmQzL3Byb3ZpZGVycy9NaWNyb3NvZnQuQ29nbml0aXZlU2VydmljZXM/YXBpLXZlcnNpb249MjAxNi0wOS0wMQ==",
      "RequestMethod": "GET",
      "RequestHeaders": {
        "x-ms-client-request-id": [
          "ab44d8f6-5619-4673-9e5e-cc0eda911837"
        ],
        "Accept-Language": [
          "en-US"
        ],
        "User-Agent": [
          "FxVersion/4.700.22.47601",
          "OSName/Windows",
          "OSVersion/Microsoft.Windows.10.0.22621",
          "Microsoft.Azure.Management.Internal.Resources.ResourceManagementClient/1.3.63"
        ]
      },
      "RequestBody": "",
      "ResponseHeaders": {
        "Cache-Control": [
          "no-cache"
        ],
        "Pragma": [
          "no-cache"
        ],
        "x-ms-ratelimit-remaining-subscription-reads": [
          "11997"
        ],
        "x-ms-request-id": [
          "3eeef01a-7f49-4d5e-9ac8-253d97489703"
        ],
        "x-ms-correlation-request-id": [
          "3eeef01a-7f49-4d5e-9ac8-253d97489703"
        ],
        "x-ms-routing-request-id": [
          "WESTUS2:20221019T072459Z:3eeef01a-7f49-4d5e-9ac8-253d97489703"
        ],
        "Strict-Transport-Security": [
          "max-age=31536000; includeSubDomains"
        ],
        "X-Content-Type-Options": [
          "nosniff"
        ],
        "Date": [
          "Wed, 19 Oct 2022 07:24:58 GMT"
        ],
        "Content-Type": [
          "application/json; charset=utf-8"
        ],
        "Expires": [
          "-1"
        ],
        "Content-Length": [
          "11049"
        ]
      },
      "ResponseBody": "{\r\n  \"id\": \"/subscriptions/f9b96b36-1f5e-4021-8959-51527e26e6d3/providers/Microsoft.CognitiveServices\",\r\n  \"namespace\": \"Microsoft.CognitiveServices\",\r\n  \"authorizations\": [\r\n    {\r\n      \"applicationId\": \"7d312290-28c8-473c-a0ed-8e53749b6d6d\",\r\n      \"roleDefinitionId\": \"5cb87f79-a7c3-4a95-9414-45b65974b51b\"\r\n    }\r\n  ],\r\n  \"resourceTypes\": [\r\n    {\r\n      \"resourceType\": \"accounts\",\r\n      \"locations\": [\r\n        \"Global\",\r\n        \"Australia East\",\r\n        \"Brazil South\",\r\n        \"West US\",\r\n        \"West US 2\",\r\n        \"West Europe\",\r\n        \"North Europe\",\r\n        \"Southeast Asia\",\r\n        \"East Asia\",\r\n        \"West Central US\",\r\n        \"South Central US\",\r\n        \"East US\",\r\n        \"East US 2\",\r\n        \"Canada Central\",\r\n        \"Japan East\",\r\n        \"Central India\",\r\n        \"UK South\",\r\n        \"Japan West\",\r\n        \"Korea Central\",\r\n        \"France Central\",\r\n        \"North Central US\",\r\n        \"Central US\",\r\n        \"South Africa North\",\r\n        \"UAE North\",\r\n        \"Sweden Central\",\r\n        \"Switzerland North\",\r\n        \"Switzerland West\",\r\n        \"Germany West Central\",\r\n        \"Norway East\",\r\n        \"West US 3\",\r\n        \"Jio India West\",\r\n        \"Central US EUAP\",\r\n        \"East US 2 EUAP\",\r\n        \"Qatar Central\"\r\n      ],\r\n      \"apiVersions\": [\r\n        \"2022-10-01\",\r\n        \"2022-03-01\",\r\n        \"2021-10-01\",\r\n        \"2021-04-30\",\r\n        \"2017-04-18\",\r\n        \"2016-02-01-preview\"\r\n      ],\r\n      \"capabilities\": \"CrossResourceGroupResourceMove, CrossSubscriptionResourceMove, SystemAssignedResourceIdentity\"\r\n    },\r\n    {\r\n      \"resourceType\": \"operations\",\r\n      \"locations\": [\r\n        \"Global\",\r\n        \"Australia East\",\r\n        \"Brazil South\",\r\n        \"West US\",\r\n        \"West US 2\",\r\n        \"West Europe\",\r\n        \"North Europe\",\r\n        \"Southeast Asia\",\r\n        \"East Asia\",\r\n        \"West Central US\",\r\n        \"South Central US\",\r\n        \"East US\",\r\n        \"East US 2\",\r\n        \"Canada Central\",\r\n        \"Japan East\",\r\n        \"Central India\",\r\n        \"UK South\",\r\n        \"Japan West\",\r\n        \"Korea Central\",\r\n        \"France Central\",\r\n        \"North Central US\",\r\n        \"Central US\",\r\n        \"South Africa North\",\r\n        \"UAE North\",\r\n        \"Sweden Central\",\r\n        \"Switzerland North\",\r\n        \"Switzerland West\",\r\n        \"Germany West Central\",\r\n        \"Norway East\",\r\n        \"West US 3\",\r\n        \"Jio India West\",\r\n        \"Central US EUAP\",\r\n        \"East US 2 EUAP\",\r\n        \"Qatar Central\"\r\n      ],\r\n      \"apiVersions\": [\r\n        \"2022-10-01\",\r\n        \"2022-03-01\",\r\n        \"2021-10-01\",\r\n        \"2021-04-30\",\r\n        \"2017-04-18\",\r\n        \"2016-02-01-preview\"\r\n      ]\r\n    },\r\n    {\r\n      \"resourceType\": \"locations/operationResults\",\r\n      \"locations\": [\r\n        \"Global\",\r\n        \"Australia East\",\r\n        \"Brazil South\",\r\n        \"West US\",\r\n        \"West US 2\",\r\n        \"West Europe\",\r\n        \"North Europe\",\r\n        \"Southeast Asia\",\r\n        \"East Asia\",\r\n        \"West Central US\",\r\n        \"South Central US\",\r\n        \"East US\",\r\n        \"East US 2\",\r\n        \"Canada Central\",\r\n        \"Japan East\",\r\n        \"Central India\",\r\n        \"UK South\",\r\n        \"Japan West\",\r\n        \"Korea Central\",\r\n        \"France Central\",\r\n        \"North Central US\",\r\n        \"Central US\",\r\n        \"South Africa North\",\r\n        \"UAE North\",\r\n        \"Sweden Central\",\r\n        \"Switzerland North\",\r\n        \"Switzerland West\",\r\n        \"Germany West Central\",\r\n        \"Norway East\",\r\n        \"West US 3\",\r\n        \"Jio India West\",\r\n        \"Central US EUAP\",\r\n        \"East US 2 EUAP\",\r\n        \"Qatar Central\"\r\n      ],\r\n      \"apiVersions\": [\r\n        \"2022-10-01\",\r\n        \"2022-03-01\",\r\n        \"2021-10-01\",\r\n        \"2021-04-30\",\r\n        \"2017-04-18\",\r\n        \"2016-02-01-preview\"\r\n      ]\r\n    },\r\n    {\r\n      \"resourceType\": \"locations\",\r\n      \"locations\": [\r\n        \"Global\",\r\n        \"Australia East\",\r\n        \"Brazil South\",\r\n        \"West US\",\r\n        \"West US 2\",\r\n        \"West Europe\",\r\n        \"North Europe\",\r\n        \"Southeast Asia\",\r\n        \"East Asia\",\r\n        \"West Central US\",\r\n        \"South Central US\",\r\n        \"East US\",\r\n        \"East US 2\",\r\n        \"Canada Central\",\r\n        \"Japan East\",\r\n        \"Central India\",\r\n        \"UK South\",\r\n        \"Japan West\",\r\n        \"Korea Central\",\r\n        \"France Central\",\r\n        \"North Central US\",\r\n        \"Central US\",\r\n        \"South Africa North\",\r\n        \"UAE North\",\r\n        \"Sweden Central\",\r\n        \"Switzerland North\",\r\n        \"Switzerland West\",\r\n        \"Germany West Central\",\r\n        \"Norway East\",\r\n        \"West US 3\",\r\n        \"Jio India West\",\r\n        \"Central US EUAP\",\r\n        \"East US 2 EUAP\",\r\n        \"Qatar Central\"\r\n      ],\r\n      \"apiVersions\": [\r\n        \"2022-10-01\",\r\n        \"2022-03-01\",\r\n        \"2021-10-01\",\r\n        \"2021-04-30\",\r\n        \"2017-04-18\",\r\n        \"2016-02-01-preview\"\r\n      ]\r\n    },\r\n    {\r\n      \"resourceType\": \"locations/deleteVirtualNetworkOrSubnets\",\r\n      \"locations\": [\r\n        \"Global\",\r\n        \"Australia East\",\r\n        \"Brazil South\",\r\n        \"West US\",\r\n        \"West US 2\",\r\n        \"West Europe\",\r\n        \"North Europe\",\r\n        \"Southeast Asia\",\r\n        \"East Asia\",\r\n        \"West Central US\",\r\n        \"South Central US\",\r\n        \"East US\",\r\n        \"East US 2\",\r\n        \"Canada Central\",\r\n        \"Japan East\",\r\n        \"Central India\",\r\n        \"UK South\",\r\n        \"Japan West\",\r\n        \"Korea Central\",\r\n        \"France Central\",\r\n        \"North Central US\",\r\n        \"Central US\",\r\n        \"South Africa North\",\r\n        \"UAE North\",\r\n        \"Sweden Central\",\r\n        \"Switzerland North\",\r\n        \"Switzerland West\",\r\n        \"Germany West Central\",\r\n        \"Norway East\",\r\n        \"West US 3\",\r\n        \"Jio India West\",\r\n        \"Central US EUAP\",\r\n        \"East US 2 EUAP\",\r\n        \"Qatar Central\"\r\n      ],\r\n      \"apiVersions\": [\r\n        \"2022-10-01\",\r\n        \"2022-03-01\",\r\n        \"2021-10-01\",\r\n        \"2021-04-30\",\r\n        \"2017-04-18\",\r\n        \"2016-02-01-preview\"\r\n      ]\r\n    },\r\n    {\r\n      \"resourceType\": \"locations/checkSkuAvailability\",\r\n      \"locations\": [\r\n        \"Global\",\r\n        \"Australia East\",\r\n        \"Brazil South\",\r\n        \"West US\",\r\n        \"West US 2\",\r\n        \"West Europe\",\r\n        \"North Europe\",\r\n        \"Southeast Asia\",\r\n        \"East Asia\",\r\n        \"West Central US\",\r\n        \"South Central US\",\r\n        \"East US\",\r\n        \"East US 2\",\r\n        \"Canada Central\",\r\n        \"Japan East\",\r\n        \"Central India\",\r\n        \"UK South\",\r\n        \"Japan West\",\r\n        \"Korea Central\",\r\n        \"France Central\",\r\n        \"North Central US\",\r\n        \"Central US\",\r\n        \"South Africa North\",\r\n        \"UAE North\",\r\n        \"Sweden Central\",\r\n        \"Switzerland North\",\r\n        \"Switzerland West\",\r\n        \"Germany West Central\",\r\n        \"Norway East\",\r\n        \"West US 3\",\r\n        \"Jio India West\",\r\n        \"Central US EUAP\",\r\n        \"East US 2 EUAP\",\r\n        \"Qatar Central\"\r\n      ],\r\n      \"apiVersions\": [\r\n        \"2022-10-01\",\r\n        \"2022-03-01\",\r\n        \"2021-10-01\",\r\n        \"2021-04-30\",\r\n        \"2017-04-18\",\r\n        \"2016-02-01-preview\"\r\n      ]\r\n    },\r\n    {\r\n      \"resourceType\": \"checkDomainAvailability\",\r\n      \"locations\": [\r\n        \"Global\",\r\n        \"Australia East\",\r\n        \"Brazil South\",\r\n        \"West US\",\r\n        \"West US 2\",\r\n        \"West Europe\",\r\n        \"North Europe\",\r\n        \"Southeast Asia\",\r\n        \"East Asia\",\r\n        \"West Central US\",\r\n        \"South Central US\",\r\n        \"East US\",\r\n        \"East US 2\",\r\n        \"Canada Central\",\r\n        \"Japan East\",\r\n        \"Central India\",\r\n        \"UK South\",\r\n        \"Japan West\",\r\n        \"Korea Central\",\r\n        \"France Central\",\r\n        \"North Central US\",\r\n        \"Central US\",\r\n        \"South Africa North\",\r\n        \"UAE North\",\r\n        \"Sweden Central\",\r\n        \"Switzerland North\",\r\n        \"Switzerland West\",\r\n        \"Germany West Central\",\r\n        \"Norway East\",\r\n        \"West US 3\",\r\n        \"Jio India West\",\r\n        \"Central US EUAP\",\r\n        \"East US 2 EUAP\",\r\n        \"Qatar Central\"\r\n      ],\r\n      \"apiVersions\": [\r\n        \"2022-10-01\",\r\n        \"2022-03-01\",\r\n        \"2021-10-01\",\r\n        \"2021-04-30\",\r\n        \"2017-04-18\",\r\n        \"2016-02-01-preview\"\r\n      ]\r\n    },\r\n    {\r\n      \"resourceType\": \"accounts/privateLinkResources\",\r\n      \"locations\": [\r\n        \"Global\",\r\n        \"Australia East\",\r\n        \"Brazil South\",\r\n        \"West US\",\r\n        \"West US 2\",\r\n        \"West Europe\",\r\n        \"North Europe\",\r\n        \"Southeast Asia\",\r\n        \"East Asia\",\r\n        \"West Central US\",\r\n        \"South Central US\",\r\n        \"East US\",\r\n        \"East US 2\",\r\n        \"Canada Central\",\r\n        \"Japan East\",\r\n        \"Central India\",\r\n        \"UK South\",\r\n        \"Japan West\",\r\n        \"Korea Central\",\r\n        \"France Central\",\r\n        \"North Central US\",\r\n        \"Central US\",\r\n        \"South Africa North\",\r\n        \"UAE North\",\r\n        \"Sweden Central\",\r\n        \"Switzerland North\",\r\n        \"Switzerland West\",\r\n        \"Germany West Central\",\r\n        \"Norway East\",\r\n        \"West US 3\",\r\n        \"Jio India West\",\r\n        \"Central US EUAP\",\r\n        \"East US 2 EUAP\",\r\n        \"Qatar Central\"\r\n      ],\r\n      \"apiVersions\": [\r\n        \"2022-10-01\",\r\n        \"2022-03-01\",\r\n        \"2021-10-01\",\r\n        \"2021-04-30\",\r\n        \"2017-04-18\"\r\n      ]\r\n    },\r\n    {\r\n      \"resourceType\": \"accounts/privateEndpointConnections\",\r\n      \"locations\": [\r\n        \"Global\",\r\n        \"Australia East\",\r\n        \"Brazil South\",\r\n        \"West US\",\r\n        \"West US 2\",\r\n        \"West Europe\",\r\n        \"North Europe\",\r\n        \"Southeast Asia\",\r\n        \"East Asia\",\r\n        \"West Central US\",\r\n        \"South Central US\",\r\n        \"East US\",\r\n        \"East US 2\",\r\n        \"Canada Central\",\r\n        \"Japan East\",\r\n        \"Central India\",\r\n        \"UK South\",\r\n        \"Japan West\",\r\n        \"Korea Central\",\r\n        \"France Central\",\r\n        \"North Central US\",\r\n        \"Central US\",\r\n        \"South Africa North\",\r\n        \"UAE North\",\r\n        \"Sweden Central\",\r\n        \"Switzerland North\",\r\n        \"Switzerland West\",\r\n        \"Germany West Central\",\r\n        \"Norway East\",\r\n        \"West US 3\",\r\n        \"Jio India West\",\r\n        \"Central US EUAP\",\r\n        \"East US 2 EUAP\",\r\n        \"Qatar Central\"\r\n      ],\r\n      \"apiVersions\": [\r\n        \"2022-10-01\",\r\n        \"2022-03-01\",\r\n        \"2021-10-01\",\r\n        \"2021-04-30\",\r\n        \"2017-04-18\"\r\n      ]\r\n    },\r\n    {\r\n      \"resourceType\": \"accounts/privateEndpointConnectionProxies\",\r\n      \"locations\": [\r\n        \"Global\",\r\n        \"Australia East\",\r\n        \"Brazil South\",\r\n        \"West US\",\r\n        \"West US 2\",\r\n        \"West Europe\",\r\n        \"North Europe\",\r\n        \"Southeast Asia\",\r\n        \"East Asia\",\r\n        \"West Central US\",\r\n        \"South Central US\",\r\n        \"East US\",\r\n        \"East US 2\",\r\n        \"Canada Central\",\r\n        \"Japan East\",\r\n        \"Central India\",\r\n        \"UK South\",\r\n        \"Japan West\",\r\n        \"Korea Central\",\r\n        \"France Central\",\r\n        \"North Central US\",\r\n        \"Central US\",\r\n        \"South Africa North\",\r\n        \"UAE North\",\r\n        \"Sweden Central\",\r\n        \"Switzerland North\",\r\n        \"Switzerland West\",\r\n        \"Germany West Central\",\r\n        \"Norway East\",\r\n        \"West US 3\",\r\n        \"Jio India West\",\r\n        \"Central US EUAP\",\r\n        \"East US 2 EUAP\",\r\n        \"Qatar Central\"\r\n      ],\r\n      \"apiVersions\": [\r\n        \"2022-10-01\",\r\n        \"2022-03-01\",\r\n        \"2021-10-01\",\r\n        \"2021-04-30\",\r\n        \"2017-04-18\"\r\n      ]\r\n    },\r\n    {\r\n      \"resourceType\": \"deletedAccounts\",\r\n      \"locations\": [\r\n        \"Global\",\r\n        \"Australia East\",\r\n        \"Brazil South\",\r\n        \"West US\",\r\n        \"West US 2\",\r\n        \"West Europe\",\r\n        \"North Europe\",\r\n        \"Southeast Asia\",\r\n        \"East Asia\",\r\n        \"West Central US\",\r\n        \"South Central US\",\r\n        \"East US\",\r\n        \"East US 2\",\r\n        \"Canada Central\",\r\n        \"Japan East\",\r\n        \"Central India\",\r\n        \"UK South\",\r\n        \"Japan West\",\r\n        \"Korea Central\",\r\n        \"France Central\",\r\n        \"North Central US\",\r\n        \"Central US\",\r\n        \"South Africa North\",\r\n        \"UAE North\",\r\n        \"Sweden Central\",\r\n        \"Switzerland North\",\r\n        \"Switzerland West\",\r\n        \"Germany West Central\",\r\n        \"Norway East\",\r\n        \"West US 3\",\r\n        \"Jio India West\",\r\n        \"Central US EUAP\",\r\n        \"East US 2 EUAP\",\r\n        \"Qatar Central\"\r\n      ],\r\n      \"apiVersions\": [\r\n        \"2022-10-01\",\r\n        \"2022-03-01\",\r\n        \"2021-10-01\",\r\n        \"2021-04-30\"\r\n      ]\r\n    },\r\n    {\r\n      \"resourceType\": \"locations/resourceGroups\",\r\n      \"locations\": [\r\n        \"Global\",\r\n        \"Australia East\",\r\n        \"Brazil South\",\r\n        \"West US\",\r\n        \"West US 2\",\r\n        \"West Europe\",\r\n        \"North Europe\",\r\n        \"Southeast Asia\",\r\n        \"East Asia\",\r\n        \"West Central US\",\r\n        \"South Central US\",\r\n        \"East US\",\r\n        \"East US 2\",\r\n        \"Canada Central\",\r\n        \"Japan East\",\r\n        \"Central India\",\r\n        \"UK South\",\r\n        \"Japan West\",\r\n        \"Korea Central\",\r\n        \"France Central\",\r\n        \"North Central US\",\r\n        \"Central US\",\r\n        \"South Africa North\",\r\n        \"UAE North\",\r\n        \"Sweden Central\",\r\n        \"Switzerland North\",\r\n        \"Switzerland West\",\r\n        \"Germany West Central\",\r\n        \"Norway East\",\r\n        \"West US 3\",\r\n        \"Jio India West\",\r\n        \"Central US EUAP\",\r\n        \"East US 2 EUAP\",\r\n        \"Qatar Central\"\r\n      ],\r\n      \"apiVersions\": [\r\n        \"2022-10-01\",\r\n        \"2022-03-01\",\r\n        \"2021-10-01\",\r\n        \"2021-04-30\"\r\n      ]\r\n    },\r\n    {\r\n      \"resourceType\": \"locations/resourceGroups/deletedAccounts\",\r\n      \"locations\": [\r\n        \"Global\",\r\n        \"Australia East\",\r\n        \"Brazil South\",\r\n        \"West US\",\r\n        \"West US 2\",\r\n        \"West Europe\",\r\n        \"North Europe\",\r\n        \"Southeast Asia\",\r\n        \"East Asia\",\r\n        \"West Central US\",\r\n        \"South Central US\",\r\n        \"East US\",\r\n        \"East US 2\",\r\n        \"Canada Central\",\r\n        \"Japan East\",\r\n        \"Central India\",\r\n        \"UK South\",\r\n        \"Japan West\",\r\n        \"Korea Central\",\r\n        \"France Central\",\r\n        \"North Central US\",\r\n        \"Central US\",\r\n        \"South Africa North\",\r\n        \"UAE North\",\r\n        \"Sweden Central\",\r\n        \"Switzerland North\",\r\n        \"Switzerland West\",\r\n        \"Germany West Central\",\r\n        \"Norway East\",\r\n        \"West US 3\",\r\n        \"Jio India West\",\r\n        \"Central US EUAP\",\r\n        \"East US 2 EUAP\",\r\n        \"Qatar Central\"\r\n      ],\r\n      \"apiVersions\": [\r\n        \"2022-10-01\",\r\n        \"2022-03-01\",\r\n        \"2021-10-01\",\r\n        \"2021-04-30\"\r\n      ]\r\n    },\r\n    {\r\n      \"resourceType\": \"locations/commitmentTiers\",\r\n      \"locations\": [\r\n        \"Global\",\r\n        \"Australia East\",\r\n        \"Brazil South\",\r\n        \"West US\",\r\n        \"West US 2\",\r\n        \"West Europe\",\r\n        \"North Europe\",\r\n        \"Southeast Asia\",\r\n        \"East Asia\",\r\n        \"West Central US\",\r\n        \"South Central US\",\r\n        \"East US\",\r\n        \"East US 2\",\r\n        \"Canada Central\",\r\n        \"Japan East\",\r\n        \"Central India\",\r\n        \"UK South\",\r\n        \"Japan West\",\r\n        \"Korea Central\",\r\n        \"France Central\",\r\n        \"North Central US\",\r\n        \"Central US\",\r\n        \"South Africa North\",\r\n        \"UAE North\",\r\n        \"Sweden Central\",\r\n        \"Switzerland North\",\r\n        \"Switzerland West\",\r\n        \"Germany West Central\",\r\n        \"Norway East\",\r\n        \"West US 3\",\r\n        \"Jio India West\",\r\n        \"Central US EUAP\",\r\n        \"East US 2 EUAP\",\r\n        \"Qatar Central\"\r\n      ],\r\n      \"apiVersions\": [\r\n        \"2022-10-01\",\r\n        \"2022-03-01\",\r\n        \"2021-10-01\"\r\n      ]\r\n    },\r\n    {\r\n      \"resourceType\": \"locations/notifyNetworkSecurityPerimeterUpdatesAvailable\",\r\n      \"locations\": [\r\n        \"Central US EUAP\",\r\n        \"East US 2 EUAP\",\r\n        \"North Central US\"\r\n      ],\r\n      \"apiVersions\": [\r\n        \"2021-10-01\"\r\n      ]\r\n    },\r\n    {\r\n      \"resourceType\": \"accounts/networkSecurityPerimeterAssociationProxies\",\r\n      \"locations\": [\r\n        \"Global\",\r\n        \"Australia East\",\r\n        \"Brazil South\",\r\n        \"West US\",\r\n        \"West US 2\",\r\n        \"West Europe\",\r\n        \"North Europe\",\r\n        \"Southeast Asia\",\r\n        \"East Asia\",\r\n        \"West Central US\",\r\n        \"South Central US\",\r\n        \"East US\",\r\n        \"East US 2\",\r\n        \"Canada Central\",\r\n        \"Japan East\",\r\n        \"Central India\",\r\n        \"UK South\",\r\n        \"Japan West\",\r\n        \"Korea Central\",\r\n        \"France Central\",\r\n        \"North Central US\",\r\n        \"Central US\",\r\n        \"South Africa North\",\r\n        \"UAE North\",\r\n        \"Sweden Central\",\r\n        \"Switzerland North\",\r\n        \"Switzerland West\",\r\n        \"Germany West Central\",\r\n        \"Norway East\",\r\n        \"West US 3\",\r\n        \"Jio India West\",\r\n        \"Central US EUAP\",\r\n        \"East US 2 EUAP\",\r\n        \"Qatar Central\"\r\n      ],\r\n      \"apiVersions\": [\r\n        \"2021-10-01\"\r\n      ]\r\n    },\r\n    {\r\n      \"resourceType\": \"locations/networkSecurityPerimeterProxies\",\r\n      \"locations\": [\r\n        \"Central US EUAP\",\r\n        \"East US 2 EUAP\"\r\n      ],\r\n      \"apiVersions\": [\r\n        \"2021-10-01\"\r\n      ]\r\n    },\r\n    {\r\n      \"resourceType\": \"locations/networkSecurityPerimeterProxies/profileProxies\",\r\n      \"locations\": [\r\n        \"Central US EUAP\",\r\n        \"East US 2 EUAP\"\r\n      ],\r\n      \"apiVersions\": [\r\n        \"2021-10-01\"\r\n      ]\r\n    },\r\n    {\r\n      \"resourceType\": \"locations/networkSecurityPerimeterProxies/profileProxies/accessRuleProxies\",\r\n      \"locations\": [\r\n        \"Central US EUAP\",\r\n        \"East US 2 EUAP\"\r\n      ],\r\n      \"apiVersions\": [\r\n        \"2021-10-01\"\r\n      ]\r\n    }\r\n  ],\r\n  \"registrationState\": \"Registered\"\r\n}",
      "StatusCode": 200
    },
    {
      "RequestUri": "/subscriptions/f9b96b36-1f5e-4021-8959-51527e26e6d3/resourcegroups/pstestrg9118?api-version=2016-09-01",
      "EncodedRequestUri": "L3N1YnNjcmlwdGlvbnMvZjliOTZiMzYtMWY1ZS00MDIxLTg5NTktNTE1MjdlMjZlNmQzL3Jlc291cmNlZ3JvdXBzL3BzdGVzdHJnOTExOD9hcGktdmVyc2lvbj0yMDE2LTA5LTAx",
      "RequestMethod": "PUT",
      "RequestHeaders": {
        "x-ms-client-request-id": [
          "36224ec6-6dd6-458d-83fb-fce80634d714"
        ],
        "Accept-Language": [
          "en-US"
        ],
        "User-Agent": [
          "FxVersion/4.700.22.47601",
          "OSName/Windows",
          "OSVersion/Microsoft.Windows.10.0.22621",
          "Microsoft.Azure.Management.Internal.Resources.ResourceManagementClient/1.3.63"
        ],
        "Content-Type": [
          "application/json; charset=utf-8"
        ],
        "Content-Length": [
          "29"
        ]
      },
      "RequestBody": "{\r\n  \"location\": \"West US\"\r\n}",
      "ResponseHeaders": {
        "Cache-Control": [
          "no-cache"
        ],
        "Pragma": [
          "no-cache"
        ],
        "x-ms-ratelimit-remaining-subscription-writes": [
          "1199"
        ],
        "x-ms-request-id": [
          "c5241490-cdb3-4563-a4b5-ae2fb5ef4f09"
        ],
        "x-ms-correlation-request-id": [
          "c5241490-cdb3-4563-a4b5-ae2fb5ef4f09"
        ],
        "x-ms-routing-request-id": [
          "WESTUS2:20221019T072459Z:c5241490-cdb3-4563-a4b5-ae2fb5ef4f09"
        ],
        "Strict-Transport-Security": [
          "max-age=31536000; includeSubDomains"
        ],
        "X-Content-Type-Options": [
          "nosniff"
        ],
        "Date": [
          "Wed, 19 Oct 2022 07:24:59 GMT"
        ],
        "Content-Length": [
          "177"
        ],
        "Content-Type": [
          "application/json; charset=utf-8"
        ],
        "Expires": [
          "-1"
        ]
      },
      "ResponseBody": "{\r\n  \"id\": \"/subscriptions/f9b96b36-1f5e-4021-8959-51527e26e6d3/resourceGroups/pstestrg9118\",\r\n  \"name\": \"pstestrg9118\",\r\n  \"location\": \"westus\",\r\n  \"properties\": {\r\n    \"provisioningState\": \"Succeeded\"\r\n  }\r\n}",
      "StatusCode": 201
    },
    {
      "RequestUri": "/subscriptions/f9b96b36-1f5e-4021-8959-51527e26e6d3/resourceGroups/pstestrg9118/providers/Microsoft.CognitiveServices/accounts/csapstestrg9118?api-version=2022-10-01",
      "EncodedRequestUri": "L3N1YnNjcmlwdGlvbnMvZjliOTZiMzYtMWY1ZS00MDIxLTg5NTktNTE1MjdlMjZlNmQzL3Jlc291cmNlR3JvdXBzL3BzdGVzdHJnOTExOC9wcm92aWRlcnMvTWljcm9zb2Z0LkNvZ25pdGl2ZVNlcnZpY2VzL2FjY291bnRzL2NzYXBzdGVzdHJnOTExOD9hcGktdmVyc2lvbj0yMDIyLTEwLTAx",
      "RequestMethod": "PUT",
      "RequestHeaders": {
        "x-ms-client-request-id": [
          "0068e3ee-210c-4f6a-ab2b-baeba3f60c68"
        ],
        "Accept-Language": [
          "en-US"
        ],
        "User-Agent": [
          "FxVersion/4.700.22.47601",
          "OSName/Windows",
          "OSVersion/Microsoft.Windows.10.0.22621",
          "Microsoft.Azure.Management.CognitiveServices.CognitiveServicesManagementClient/8.4.0.0"
        ],
        "Content-Type": [
          "application/json; charset=utf-8"
        ],
        "Content-Length": [
          "114"
        ]
      },
      "RequestBody": "{\r\n  \"kind\": \"TextAnalytics\",\r\n  \"sku\": {\r\n    \"name\": \"S2\"\r\n  },\r\n  \"location\": \"West US\",\r\n  \"properties\": {}\r\n}",
      "ResponseHeaders": {
        "Cache-Control": [
          "no-cache"
        ],
        "Pragma": [
          "no-cache"
        ],
        "ETag": [
          "\"01010b51-0000-0700-0000-634fa64c0000\""
        ],
        "X-Content-Type-Options": [
          "nosniff"
        ],
        "x-ms-request-id": [
          "d9a78cee-8bfe-4aac-ba3f-890654b7df69"
        ],
        "azure-asyncoperation": [
          "https://management.azure.com/subscriptions/f9b96b36-1f5e-4021-8959-51527e26e6d3/providers/Microsoft.CognitiveServices/locations/West US/operationResults/00813283-ae74-4f22-9760-b7592f227fec?api-version=2017-04-18"
        ],
        "x-envoy-upstream-service-time": [
          "351"
        ],
        "Server": [
          "istio-envoy"
        ],
        "x-ms-ratelimit-remaining-subscription-writes": [
          "1198"
        ],
        "x-ms-correlation-request-id": [
          "25edf5eb-e5c6-46a7-b815-ed4a1a0ec97f"
        ],
        "x-ms-routing-request-id": [
          "WESTUS2:20221019T072501Z:25edf5eb-e5c6-46a7-b815-ed4a1a0ec97f"
        ],
        "Strict-Transport-Security": [
          "max-age=31536000; includeSubDomains"
        ],
        "Date": [
          "Wed, 19 Oct 2022 07:25:00 GMT"
        ],
        "Content-Length": [
          "2595"
        ],
        "Content-Type": [
          "application/json; charset=utf-8"
        ],
        "Expires": [
          "-1"
        ]
      },
      "ResponseBody": "{\r\n  \"id\": \"/subscriptions/f9b96b36-1f5e-4021-8959-51527e26e6d3/resourceGroups/pstestrg9118/providers/Microsoft.CognitiveServices/accounts/csapstestrg9118\",\r\n  \"name\": \"csapstestrg9118\",\r\n  \"type\": \"Microsoft.CognitiveServices/accounts\",\r\n  \"etag\": \"\\\"01010b51-0000-0700-0000-634fa64c0000\\\"\",\r\n  \"location\": \"West US\",\r\n  \"sku\": {\r\n    \"name\": \"S2\"\r\n  },\r\n  \"kind\": \"TextAnalytics\",\r\n  \"properties\": {\r\n    \"endpoint\": \"https://westus.api.cognitive.microsoft.com/\",\r\n    \"internalId\": \"327cc9a1e1664a019391c0d07c1d1298\",\r\n    \"dateCreated\": \"2022-10-19T07:25:00.5971957Z\",\r\n    \"apiProperties\": {\r\n      \"qnaAzureSearchEndpointKey\": null\r\n    },\r\n    \"isMigrated\": false,\r\n    \"privateEndpointConnections\": [],\r\n    \"publicNetworkAccess\": \"Enabled\",\r\n    \"capabilities\": [\r\n      {\r\n        \"name\": \"VirtualNetworks\"\r\n      },\r\n      {\r\n        \"name\": \"CustomerManagedKey\"\r\n      },\r\n      {\r\n        \"name\": \"Container\",\r\n        \"value\": \"TextAnalytics.*,TextAnalytics.Healthcare,TextAnalytics.HealthcareFhir,TextAnalytics.Keyphrase,TextAnalytics.KeyphraseV2,TextAnalytics.KeyPhraseONNX,TextAnalytics.LanguageFastText,TextAnalytics.Language,TextAnalytics.LanguageV2,TextAnalytics.Sentiment,TextAnalytics.SentimentV2,TextAnalytics.SentimentV3,TextAnalytics.SentimentV3Preview\"\r\n      },\r\n      {\r\n        \"name\": \"Cloud\",\r\n        \"value\": \"QuestionAnswer.AllApis,LanguageService.QuestionAnsweringApis\"\r\n      }\r\n    ],\r\n    \"endpoints\": {\r\n      \"Text Analytics\": \"https://westus.api.cognitive.microsoft.com/\",\r\n      \"Custom Text Authoring\": \"https://westus.api.cognitive.microsoft.com/\",\r\n      \"Conversational Language Understanding Authoring\": \"https://westus.api.cognitive.microsoft.com/\",\r\n      \"Custom Question Answering Authoring\": \"https://westus.api.cognitive.microsoft.com/\",\r\n      \"Custom Question Answering\": \"https://westus.api.cognitive.microsoft.com/\",\r\n      \"ConversationalLURuntime\": \"https://westus.api.cognitive.microsoft.com/\",\r\n      \"Language\": \"https://westus.api.cognitive.microsoft.com/\",\r\n      \"Language-2022-05-01\": \"https://westus.api.cognitive.microsoft.com/\",\r\n      \"QnAMaker\": \"https://westus.api.cognitive.microsoft.com/\",\r\n      \"turing\": \"https://westus.api.cognitive.microsoft.com/\",\r\n      \"Turing DeepWrite\": \"https://westus.api.cognitive.microsoft.com/\",\r\n      \"QuestionAnswering\": \"https://westus.api.cognitive.microsoft.com/\",\r\n      \"QuestionAnsweringBizQA\": \"https://westus.api.cognitive.microsoft.com/\",\r\n      \"QuestionAnsweringQnAGen\": \"https://westus.api.cognitive.microsoft.com/\",\r\n      \"QuestionAnswering Generate\": \"https://westus.api.cognitive.microsoft.com/\",\r\n      \"LUIS.Authoring\": \"https://westus.api.cognitive.microsoft.com/\"\r\n    },\r\n    \"provisioningState\": \"Creating\"\r\n  },\r\n  \"systemData\": {\r\n    \"createdBy\": \"50841d5f-166a-406c-8472-6800c9698b43\",\r\n    \"createdByType\": \"Application\",\r\n    \"createdAt\": \"2022-10-19T07:25:00.4486407Z\",\r\n    \"lastModifiedBy\": \"50841d5f-166a-406c-8472-6800c9698b43\",\r\n    \"lastModifiedByType\": \"Application\",\r\n    \"lastModifiedAt\": \"2022-10-19T07:25:00.4486407Z\"\r\n  }\r\n}",
      "StatusCode": 201
    },
    {
      "RequestUri": "/subscriptions/f9b96b36-1f5e-4021-8959-51527e26e6d3/providers/Microsoft.CognitiveServices/locations/West%20US/operationResults/00813283-ae74-4f22-9760-b7592f227fec?api-version=2017-04-18",
      "EncodedRequestUri": "L3N1YnNjcmlwdGlvbnMvZjliOTZiMzYtMWY1ZS00MDIxLTg5NTktNTE1MjdlMjZlNmQzL3Byb3ZpZGVycy9NaWNyb3NvZnQuQ29nbml0aXZlU2VydmljZXMvbG9jYXRpb25zL1dlc3QlMjBVUy9vcGVyYXRpb25SZXN1bHRzLzAwODEzMjgzLWFlNzQtNGYyMi05NzYwLWI3NTkyZjIyN2ZlYz9hcGktdmVyc2lvbj0yMDE3LTA0LTE4",
      "RequestMethod": "GET",
      "RequestHeaders": {
        "x-ms-client-request-id": [
          "0068e3ee-210c-4f6a-ab2b-baeba3f60c68"
        ],
        "User-Agent": [
          "FxVersion/4.700.22.47601",
          "OSName/Windows",
          "OSVersion/Microsoft.Windows.10.0.22621",
          "Microsoft.Azure.Management.CognitiveServices.CognitiveServicesManagementClient/8.4.0.0"
        ]
      },
      "RequestBody": "",
      "ResponseHeaders": {
        "Cache-Control": [
          "no-cache"
        ],
        "Pragma": [
          "no-cache"
        ],
        "X-Content-Type-Options": [
          "nosniff"
        ],
        "x-ms-request-id": [
          "da6899cc-6cc9-4c9b-a447-73f29832464e"
        ],
        "x-envoy-upstream-service-time": [
          "7"
        ],
        "Server": [
          "istio-envoy"
        ],
        "x-ms-ratelimit-remaining-subscription-reads": [
          "11993"
        ],
        "x-ms-correlation-request-id": [
          "d97bdbd9-cc45-4292-8d3e-4d8f4479a5c7"
        ],
        "x-ms-routing-request-id": [
          "WESTUS2:20221019T072531Z:d97bdbd9-cc45-4292-8d3e-4d8f4479a5c7"
        ],
        "Strict-Transport-Security": [
          "max-age=31536000; includeSubDomains"
        ],
        "Date": [
          "Wed, 19 Oct 2022 07:25:30 GMT"
        ],
        "Content-Length": [
          "271"
        ],
        "Content-Type": [
          "application/json; charset=utf-8"
        ],
        "Expires": [
          "-1"
        ]
      },
      "ResponseBody": "{\r\n  \"id\": \"/subscriptions/f9b96b36-1f5e-4021-8959-51527e26e6d3/providers/Microsoft.CognitiveServices/locations/West US/operationResults/00813283-ae74-4f22-9760-b7592f227fec\",\r\n  \"name\": \"00813283-ae74-4f22-9760-b7592f227fec\",\r\n  \"status\": \"Creating\",\r\n  \"startTime\": \"2022-10-19T07:25:00Z\"\r\n}",
      "StatusCode": 200
    },
    {
      "RequestUri": "/subscriptions/f9b96b36-1f5e-4021-8959-51527e26e6d3/providers/Microsoft.CognitiveServices/locations/West%20US/operationResults/00813283-ae74-4f22-9760-b7592f227fec?api-version=2017-04-18",
      "EncodedRequestUri": "L3N1YnNjcmlwdGlvbnMvZjliOTZiMzYtMWY1ZS00MDIxLTg5NTktNTE1MjdlMjZlNmQzL3Byb3ZpZGVycy9NaWNyb3NvZnQuQ29nbml0aXZlU2VydmljZXMvbG9jYXRpb25zL1dlc3QlMjBVUy9vcGVyYXRpb25SZXN1bHRzLzAwODEzMjgzLWFlNzQtNGYyMi05NzYwLWI3NTkyZjIyN2ZlYz9hcGktdmVyc2lvbj0yMDE3LTA0LTE4",
      "RequestMethod": "GET",
      "RequestHeaders": {
        "x-ms-client-request-id": [
          "0068e3ee-210c-4f6a-ab2b-baeba3f60c68"
        ],
        "User-Agent": [
          "FxVersion/4.700.22.47601",
          "OSName/Windows",
          "OSVersion/Microsoft.Windows.10.0.22621",
          "Microsoft.Azure.Management.CognitiveServices.CognitiveServicesManagementClient/8.4.0.0"
        ]
      },
      "RequestBody": "",
      "ResponseHeaders": {
        "Cache-Control": [
          "no-cache"
        ],
        "Pragma": [
          "no-cache"
        ],
        "X-Content-Type-Options": [
          "nosniff"
        ],
        "x-ms-request-id": [
          "27bcaf7d-0776-4943-ac12-da6c1672d2ea"
        ],
        "x-envoy-upstream-service-time": [
          "7"
        ],
        "Server": [
          "istio-envoy"
        ],
        "x-ms-ratelimit-remaining-subscription-reads": [
          "11992"
        ],
        "x-ms-correlation-request-id": [
          "114e2d0e-b51f-459f-8b7d-e9e36f3ccc57"
        ],
        "x-ms-routing-request-id": [
          "WESTUS2:20221019T072601Z:114e2d0e-b51f-459f-8b7d-e9e36f3ccc57"
        ],
        "Strict-Transport-Security": [
          "max-age=31536000; includeSubDomains"
        ],
        "Date": [
          "Wed, 19 Oct 2022 07:26:00 GMT"
        ],
        "Content-Length": [
          "305"
        ],
        "Content-Type": [
          "application/json; charset=utf-8"
        ],
        "Expires": [
          "-1"
        ]
      },
      "ResponseBody": "{\r\n  \"id\": \"/subscriptions/f9b96b36-1f5e-4021-8959-51527e26e6d3/providers/Microsoft.CognitiveServices/locations/West US/operationResults/00813283-ae74-4f22-9760-b7592f227fec\",\r\n  \"name\": \"00813283-ae74-4f22-9760-b7592f227fec\",\r\n  \"status\": \"Succeeded\",\r\n  \"startTime\": \"2022-10-19T07:25:00Z\",\r\n  \"endTime\": \"2022-10-19T07:25:32Z\"\r\n}",
      "StatusCode": 200
    },
    {
      "RequestUri": "/subscriptions/f9b96b36-1f5e-4021-8959-51527e26e6d3/resourceGroups/pstestrg9118/providers/Microsoft.CognitiveServices/accounts/csapstestrg9118?api-version=2022-10-01",
      "EncodedRequestUri": "L3N1YnNjcmlwdGlvbnMvZjliOTZiMzYtMWY1ZS00MDIxLTg5NTktNTE1MjdlMjZlNmQzL3Jlc291cmNlR3JvdXBzL3BzdGVzdHJnOTExOC9wcm92aWRlcnMvTWljcm9zb2Z0LkNvZ25pdGl2ZVNlcnZpY2VzL2FjY291bnRzL2NzYXBzdGVzdHJnOTExOD9hcGktdmVyc2lvbj0yMDIyLTEwLTAx",
      "RequestMethod": "GET",
      "RequestHeaders": {
        "x-ms-client-request-id": [
          "0068e3ee-210c-4f6a-ab2b-baeba3f60c68"
        ],
        "User-Agent": [
          "FxVersion/4.700.22.47601",
          "OSName/Windows",
          "OSVersion/Microsoft.Windows.10.0.22621",
          "Microsoft.Azure.Management.CognitiveServices.CognitiveServicesManagementClient/8.4.0.0"
        ]
      },
      "RequestBody": "",
      "ResponseHeaders": {
        "Cache-Control": [
          "no-cache"
        ],
        "Pragma": [
          "no-cache"
        ],
        "ETag": [
          "\"01018f57-0000-0700-0000-634fa66c0000\""
        ],
        "X-Content-Type-Options": [
          "nosniff"
        ],
        "x-ms-request-id": [
          "50315ea2-3dce-46b8-b311-86672f7a9be8"
        ],
        "x-envoy-upstream-service-time": [
          "11"
        ],
        "Server": [
          "istio-envoy"
        ],
        "x-ms-ratelimit-remaining-subscription-reads": [
          "11991"
        ],
        "x-ms-correlation-request-id": [
          "8c935092-4c2a-4ad5-bea2-b49326f27f7d"
        ],
        "x-ms-routing-request-id": [
          "WESTUS2:20221019T072601Z:8c935092-4c2a-4ad5-bea2-b49326f27f7d"
        ],
        "Strict-Transport-Security": [
          "max-age=31536000; includeSubDomains"
        ],
        "Date": [
          "Wed, 19 Oct 2022 07:26:00 GMT"
        ],
        "Content-Length": [
          "2596"
        ],
        "Content-Type": [
          "application/json; charset=utf-8"
        ],
        "Expires": [
          "-1"
        ]
      },
      "ResponseBody": "{\r\n  \"id\": \"/subscriptions/f9b96b36-1f5e-4021-8959-51527e26e6d3/resourceGroups/pstestrg9118/providers/Microsoft.CognitiveServices/accounts/csapstestrg9118\",\r\n  \"name\": \"csapstestrg9118\",\r\n  \"type\": \"Microsoft.CognitiveServices/accounts\",\r\n  \"etag\": \"\\\"01018f57-0000-0700-0000-634fa66c0000\\\"\",\r\n  \"location\": \"West US\",\r\n  \"sku\": {\r\n    \"name\": \"S2\"\r\n  },\r\n  \"kind\": \"TextAnalytics\",\r\n  \"properties\": {\r\n    \"endpoint\": \"https://westus.api.cognitive.microsoft.com/\",\r\n    \"internalId\": \"327cc9a1e1664a019391c0d07c1d1298\",\r\n    \"dateCreated\": \"2022-10-19T07:25:00.5971957Z\",\r\n    \"apiProperties\": {\r\n      \"qnaAzureSearchEndpointKey\": null\r\n    },\r\n    \"isMigrated\": false,\r\n    \"privateEndpointConnections\": [],\r\n    \"publicNetworkAccess\": \"Enabled\",\r\n    \"capabilities\": [\r\n      {\r\n        \"name\": \"VirtualNetworks\"\r\n      },\r\n      {\r\n        \"name\": \"CustomerManagedKey\"\r\n      },\r\n      {\r\n        \"name\": \"Container\",\r\n        \"value\": \"TextAnalytics.*,TextAnalytics.Healthcare,TextAnalytics.HealthcareFhir,TextAnalytics.Keyphrase,TextAnalytics.KeyphraseV2,TextAnalytics.KeyPhraseONNX,TextAnalytics.LanguageFastText,TextAnalytics.Language,TextAnalytics.LanguageV2,TextAnalytics.Sentiment,TextAnalytics.SentimentV2,TextAnalytics.SentimentV3,TextAnalytics.SentimentV3Preview\"\r\n      },\r\n      {\r\n        \"name\": \"Cloud\",\r\n        \"value\": \"QuestionAnswer.AllApis,LanguageService.QuestionAnsweringApis\"\r\n      }\r\n    ],\r\n    \"endpoints\": {\r\n      \"Text Analytics\": \"https://westus.api.cognitive.microsoft.com/\",\r\n      \"Custom Text Authoring\": \"https://westus.api.cognitive.microsoft.com/\",\r\n      \"Conversational Language Understanding Authoring\": \"https://westus.api.cognitive.microsoft.com/\",\r\n      \"Custom Question Answering Authoring\": \"https://westus.api.cognitive.microsoft.com/\",\r\n      \"Custom Question Answering\": \"https://westus.api.cognitive.microsoft.com/\",\r\n      \"ConversationalLURuntime\": \"https://westus.api.cognitive.microsoft.com/\",\r\n      \"Language\": \"https://westus.api.cognitive.microsoft.com/\",\r\n      \"Language-2022-05-01\": \"https://westus.api.cognitive.microsoft.com/\",\r\n      \"QnAMaker\": \"https://westus.api.cognitive.microsoft.com/\",\r\n      \"turing\": \"https://westus.api.cognitive.microsoft.com/\",\r\n      \"Turing DeepWrite\": \"https://westus.api.cognitive.microsoft.com/\",\r\n      \"QuestionAnswering\": \"https://westus.api.cognitive.microsoft.com/\",\r\n      \"QuestionAnsweringBizQA\": \"https://westus.api.cognitive.microsoft.com/\",\r\n      \"QuestionAnsweringQnAGen\": \"https://westus.api.cognitive.microsoft.com/\",\r\n      \"QuestionAnswering Generate\": \"https://westus.api.cognitive.microsoft.com/\",\r\n      \"LUIS.Authoring\": \"https://westus.api.cognitive.microsoft.com/\"\r\n    },\r\n    \"provisioningState\": \"Succeeded\"\r\n  },\r\n  \"systemData\": {\r\n    \"createdBy\": \"50841d5f-166a-406c-8472-6800c9698b43\",\r\n    \"createdByType\": \"Application\",\r\n    \"createdAt\": \"2022-10-19T07:25:00.4486407Z\",\r\n    \"lastModifiedBy\": \"50841d5f-166a-406c-8472-6800c9698b43\",\r\n    \"lastModifiedByType\": \"Application\",\r\n    \"lastModifiedAt\": \"2022-10-19T07:25:00.4486407Z\"\r\n  }\r\n}",
      "StatusCode": 200
    },
    {
      "RequestUri": "/subscriptions/f9b96b36-1f5e-4021-8959-51527e26e6d3/resourceGroups/pstestrg9118/providers/Microsoft.CognitiveServices/accounts/csapstestrg9118?api-version=2022-10-01",
      "EncodedRequestUri": "L3N1YnNjcmlwdGlvbnMvZjliOTZiMzYtMWY1ZS00MDIxLTg5NTktNTE1MjdlMjZlNmQzL3Jlc291cmNlR3JvdXBzL3BzdGVzdHJnOTExOC9wcm92aWRlcnMvTWljcm9zb2Z0LkNvZ25pdGl2ZVNlcnZpY2VzL2FjY291bnRzL2NzYXBzdGVzdHJnOTExOD9hcGktdmVyc2lvbj0yMDIyLTEwLTAx",
      "RequestMethod": "GET",
      "RequestHeaders": {
        "x-ms-client-request-id": [
          "0068e3ee-210c-4f6a-ab2b-baeba3f60c68"
        ],
        "Accept-Language": [
          "en-US"
        ],
        "User-Agent": [
          "FxVersion/4.700.22.47601",
          "OSName/Windows",
          "OSVersion/Microsoft.Windows.10.0.22621",
          "Microsoft.Azure.Management.CognitiveServices.CognitiveServicesManagementClient/8.4.0.0"
        ]
      },
      "RequestBody": "",
      "ResponseHeaders": {
        "Cache-Control": [
          "no-cache"
        ],
        "Pragma": [
          "no-cache"
        ],
        "ETag": [
          "\"01018f57-0000-0700-0000-634fa66c0000\""
        ],
        "X-Content-Type-Options": [
          "nosniff"
        ],
        "x-ms-request-id": [
          "f0b1888b-c3e1-43a9-86ce-a27ef69e781a"
        ],
        "x-envoy-upstream-service-time": [
          "9"
        ],
        "Server": [
          "istio-envoy"
        ],
        "x-ms-ratelimit-remaining-subscription-reads": [
          "11990"
        ],
        "x-ms-correlation-request-id": [
          "20a5e315-9a28-4bb4-8afe-73fbae6e214c"
        ],
        "x-ms-routing-request-id": [
          "WESTUS2:20221019T072601Z:20a5e315-9a28-4bb4-8afe-73fbae6e214c"
        ],
        "Strict-Transport-Security": [
          "max-age=31536000; includeSubDomains"
        ],
        "Date": [
          "Wed, 19 Oct 2022 07:26:00 GMT"
        ],
        "Content-Length": [
          "2596"
        ],
        "Content-Type": [
          "application/json; charset=utf-8"
        ],
        "Expires": [
          "-1"
        ]
      },
      "ResponseBody": "{\r\n  \"id\": \"/subscriptions/f9b96b36-1f5e-4021-8959-51527e26e6d3/resourceGroups/pstestrg9118/providers/Microsoft.CognitiveServices/accounts/csapstestrg9118\",\r\n  \"name\": \"csapstestrg9118\",\r\n  \"type\": \"Microsoft.CognitiveServices/accounts\",\r\n  \"etag\": \"\\\"01018f57-0000-0700-0000-634fa66c0000\\\"\",\r\n  \"location\": \"West US\",\r\n  \"sku\": {\r\n    \"name\": \"S2\"\r\n  },\r\n  \"kind\": \"TextAnalytics\",\r\n  \"properties\": {\r\n    \"endpoint\": \"https://westus.api.cognitive.microsoft.com/\",\r\n    \"internalId\": \"327cc9a1e1664a019391c0d07c1d1298\",\r\n    \"dateCreated\": \"2022-10-19T07:25:00.5971957Z\",\r\n    \"apiProperties\": {\r\n      \"qnaAzureSearchEndpointKey\": null\r\n    },\r\n    \"isMigrated\": false,\r\n    \"privateEndpointConnections\": [],\r\n    \"publicNetworkAccess\": \"Enabled\",\r\n    \"capabilities\": [\r\n      {\r\n        \"name\": \"VirtualNetworks\"\r\n      },\r\n      {\r\n        \"name\": \"CustomerManagedKey\"\r\n      },\r\n      {\r\n        \"name\": \"Container\",\r\n        \"value\": \"TextAnalytics.*,TextAnalytics.Healthcare,TextAnalytics.HealthcareFhir,TextAnalytics.Keyphrase,TextAnalytics.KeyphraseV2,TextAnalytics.KeyPhraseONNX,TextAnalytics.LanguageFastText,TextAnalytics.Language,TextAnalytics.LanguageV2,TextAnalytics.Sentiment,TextAnalytics.SentimentV2,TextAnalytics.SentimentV3,TextAnalytics.SentimentV3Preview\"\r\n      },\r\n      {\r\n        \"name\": \"Cloud\",\r\n        \"value\": \"QuestionAnswer.AllApis,LanguageService.QuestionAnsweringApis\"\r\n      }\r\n    ],\r\n    \"endpoints\": {\r\n      \"Text Analytics\": \"https://westus.api.cognitive.microsoft.com/\",\r\n      \"Custom Text Authoring\": \"https://westus.api.cognitive.microsoft.com/\",\r\n      \"Conversational Language Understanding Authoring\": \"https://westus.api.cognitive.microsoft.com/\",\r\n      \"Custom Question Answering Authoring\": \"https://westus.api.cognitive.microsoft.com/\",\r\n      \"Custom Question Answering\": \"https://westus.api.cognitive.microsoft.com/\",\r\n      \"ConversationalLURuntime\": \"https://westus.api.cognitive.microsoft.com/\",\r\n      \"Language\": \"https://westus.api.cognitive.microsoft.com/\",\r\n      \"Language-2022-05-01\": \"https://westus.api.cognitive.microsoft.com/\",\r\n      \"QnAMaker\": \"https://westus.api.cognitive.microsoft.com/\",\r\n      \"turing\": \"https://westus.api.cognitive.microsoft.com/\",\r\n      \"Turing DeepWrite\": \"https://westus.api.cognitive.microsoft.com/\",\r\n      \"QuestionAnswering\": \"https://westus.api.cognitive.microsoft.com/\",\r\n      \"QuestionAnsweringBizQA\": \"https://westus.api.cognitive.microsoft.com/\",\r\n      \"QuestionAnsweringQnAGen\": \"https://westus.api.cognitive.microsoft.com/\",\r\n      \"QuestionAnswering Generate\": \"https://westus.api.cognitive.microsoft.com/\",\r\n      \"LUIS.Authoring\": \"https://westus.api.cognitive.microsoft.com/\"\r\n    },\r\n    \"provisioningState\": \"Succeeded\"\r\n  },\r\n  \"systemData\": {\r\n    \"createdBy\": \"50841d5f-166a-406c-8472-6800c9698b43\",\r\n    \"createdByType\": \"Application\",\r\n    \"createdAt\": \"2022-10-19T07:25:00.4486407Z\",\r\n    \"lastModifiedBy\": \"50841d5f-166a-406c-8472-6800c9698b43\",\r\n    \"lastModifiedByType\": \"Application\",\r\n    \"lastModifiedAt\": \"2022-10-19T07:25:00.4486407Z\"\r\n  }\r\n}",
      "StatusCode": 200
    },
    {
      "RequestUri": "/subscriptions/f9b96b36-1f5e-4021-8959-51527e26e6d3/resourceGroups/pstestrg9118/providers/Microsoft.CognitiveServices/accounts/csapstestrg9118?api-version=2022-10-01",
      "EncodedRequestUri": "L3N1YnNjcmlwdGlvbnMvZjliOTZiMzYtMWY1ZS00MDIxLTg5NTktNTE1MjdlMjZlNmQzL3Jlc291cmNlR3JvdXBzL3BzdGVzdHJnOTExOC9wcm92aWRlcnMvTWljcm9zb2Z0LkNvZ25pdGl2ZVNlcnZpY2VzL2FjY291bnRzL2NzYXBzdGVzdHJnOTExOD9hcGktdmVyc2lvbj0yMDIyLTEwLTAx",
      "RequestMethod": "GET",
      "RequestHeaders": {
        "x-ms-client-request-id": [
          "a0ede7d0-fc29-42ce-bbff-3829ecdc711e"
        ],
        "Accept-Language": [
          "en-US"
        ],
        "User-Agent": [
          "FxVersion/4.700.22.47601",
          "OSName/Windows",
          "OSVersion/Microsoft.Windows.10.0.22621",
          "Microsoft.Azure.Management.CognitiveServices.CognitiveServicesManagementClient/8.4.0.0"
        ]
      },
      "RequestBody": "",
      "ResponseHeaders": {
        "Cache-Control": [
          "no-cache"
        ],
        "Pragma": [
          "no-cache"
        ],
        "ETag": [
          "\"01018f57-0000-0700-0000-634fa66c0000\""
        ],
        "X-Content-Type-Options": [
          "nosniff"
        ],
        "x-ms-request-id": [
          "679799f0-a7d1-4c39-b9d2-f978474fd756"
        ],
        "x-envoy-upstream-service-time": [
          "9"
        ],
        "Server": [
          "istio-envoy"
        ],
        "x-ms-ratelimit-remaining-subscription-reads": [
          "11999"
        ],
        "x-ms-correlation-request-id": [
          "3cc1d3ac-8883-46a8-b325-268142b67668"
        ],
        "x-ms-routing-request-id": [
          "WESTUS2:20221019T072601Z:3cc1d3ac-8883-46a8-b325-268142b67668"
        ],
        "Strict-Transport-Security": [
          "max-age=31536000; includeSubDomains"
        ],
        "Date": [
          "Wed, 19 Oct 2022 07:26:01 GMT"
        ],
        "Content-Length": [
          "2596"
        ],
        "Content-Type": [
          "application/json; charset=utf-8"
        ],
        "Expires": [
          "-1"
        ]
      },
      "ResponseBody": "{\r\n  \"id\": \"/subscriptions/f9b96b36-1f5e-4021-8959-51527e26e6d3/resourceGroups/pstestrg9118/providers/Microsoft.CognitiveServices/accounts/csapstestrg9118\",\r\n  \"name\": \"csapstestrg9118\",\r\n  \"type\": \"Microsoft.CognitiveServices/accounts\",\r\n  \"etag\": \"\\\"01018f57-0000-0700-0000-634fa66c0000\\\"\",\r\n  \"location\": \"West US\",\r\n  \"sku\": {\r\n    \"name\": \"S2\"\r\n  },\r\n  \"kind\": \"TextAnalytics\",\r\n  \"properties\": {\r\n    \"endpoint\": \"https://westus.api.cognitive.microsoft.com/\",\r\n    \"internalId\": \"327cc9a1e1664a019391c0d07c1d1298\",\r\n    \"dateCreated\": \"2022-10-19T07:25:00.5971957Z\",\r\n    \"apiProperties\": {\r\n      \"qnaAzureSearchEndpointKey\": null\r\n    },\r\n    \"isMigrated\": false,\r\n    \"privateEndpointConnections\": [],\r\n    \"publicNetworkAccess\": \"Enabled\",\r\n    \"capabilities\": [\r\n      {\r\n        \"name\": \"VirtualNetworks\"\r\n      },\r\n      {\r\n        \"name\": \"CustomerManagedKey\"\r\n      },\r\n      {\r\n        \"name\": \"Container\",\r\n        \"value\": \"TextAnalytics.*,TextAnalytics.Healthcare,TextAnalytics.HealthcareFhir,TextAnalytics.Keyphrase,TextAnalytics.KeyphraseV2,TextAnalytics.KeyPhraseONNX,TextAnalytics.LanguageFastText,TextAnalytics.Language,TextAnalytics.LanguageV2,TextAnalytics.Sentiment,TextAnalytics.SentimentV2,TextAnalytics.SentimentV3,TextAnalytics.SentimentV3Preview\"\r\n      },\r\n      {\r\n        \"name\": \"Cloud\",\r\n        \"value\": \"QuestionAnswer.AllApis,LanguageService.QuestionAnsweringApis\"\r\n      }\r\n    ],\r\n    \"endpoints\": {\r\n      \"Text Analytics\": \"https://westus.api.cognitive.microsoft.com/\",\r\n      \"Custom Text Authoring\": \"https://westus.api.cognitive.microsoft.com/\",\r\n      \"Conversational Language Understanding Authoring\": \"https://westus.api.cognitive.microsoft.com/\",\r\n      \"Custom Question Answering Authoring\": \"https://westus.api.cognitive.microsoft.com/\",\r\n      \"Custom Question Answering\": \"https://westus.api.cognitive.microsoft.com/\",\r\n      \"ConversationalLURuntime\": \"https://westus.api.cognitive.microsoft.com/\",\r\n      \"Language\": \"https://westus.api.cognitive.microsoft.com/\",\r\n      \"Language-2022-05-01\": \"https://westus.api.cognitive.microsoft.com/\",\r\n      \"QnAMaker\": \"https://westus.api.cognitive.microsoft.com/\",\r\n      \"turing\": \"https://westus.api.cognitive.microsoft.com/\",\r\n      \"Turing DeepWrite\": \"https://westus.api.cognitive.microsoft.com/\",\r\n      \"QuestionAnswering\": \"https://westus.api.cognitive.microsoft.com/\",\r\n      \"QuestionAnsweringBizQA\": \"https://westus.api.cognitive.microsoft.com/\",\r\n      \"QuestionAnsweringQnAGen\": \"https://westus.api.cognitive.microsoft.com/\",\r\n      \"QuestionAnswering Generate\": \"https://westus.api.cognitive.microsoft.com/\",\r\n      \"LUIS.Authoring\": \"https://westus.api.cognitive.microsoft.com/\"\r\n    },\r\n    \"provisioningState\": \"Succeeded\"\r\n  },\r\n  \"systemData\": {\r\n    \"createdBy\": \"50841d5f-166a-406c-8472-6800c9698b43\",\r\n    \"createdByType\": \"Application\",\r\n    \"createdAt\": \"2022-10-19T07:25:00.4486407Z\",\r\n    \"lastModifiedBy\": \"50841d5f-166a-406c-8472-6800c9698b43\",\r\n    \"lastModifiedByType\": \"Application\",\r\n    \"lastModifiedAt\": \"2022-10-19T07:25:00.4486407Z\"\r\n  }\r\n}",
      "StatusCode": 200
    },
    {
      "RequestUri": "/subscriptions/f9b96b36-1f5e-4021-8959-51527e26e6d3/resourceGroups/pstestrg9118/providers/Microsoft.CognitiveServices/accounts/csapstestrg9118/listKeys?api-version=2022-10-01",
      "EncodedRequestUri": "L3N1YnNjcmlwdGlvbnMvZjliOTZiMzYtMWY1ZS00MDIxLTg5NTktNTE1MjdlMjZlNmQzL3Jlc291cmNlR3JvdXBzL3BzdGVzdHJnOTExOC9wcm92aWRlcnMvTWljcm9zb2Z0LkNvZ25pdGl2ZVNlcnZpY2VzL2FjY291bnRzL2NzYXBzdGVzdHJnOTExOC9saXN0S2V5cz9hcGktdmVyc2lvbj0yMDIyLTEwLTAx",
      "RequestMethod": "POST",
      "RequestHeaders": {
        "x-ms-client-request-id": [
          "a0ede7d0-fc29-42ce-bbff-3829ecdc711e"
        ],
        "Accept-Language": [
          "en-US"
        ],
        "User-Agent": [
          "FxVersion/4.700.22.47601",
          "OSName/Windows",
          "OSVersion/Microsoft.Windows.10.0.22621",
          "Microsoft.Azure.Management.CognitiveServices.CognitiveServicesManagementClient/8.4.0.0"
        ]
      },
      "RequestBody": "",
      "ResponseHeaders": {
        "Cache-Control": [
          "no-cache"
        ],
        "Pragma": [
          "no-cache"
        ],
        "X-Content-Type-Options": [
          "nosniff"
        ],
        "x-ms-request-id": [
          "680d773c-a1c9-4cb9-9a6e-8f1924ccbb23"
        ],
        "x-envoy-upstream-service-time": [
          "19"
        ],
        "Server": [
          "istio-envoy"
        ],
        "x-ms-ratelimit-remaining-subscription-writes": [
          "1199"
        ],
        "x-ms-correlation-request-id": [
          "a91143e8-d50f-40a7-bc8d-19330f15022e"
        ],
        "x-ms-routing-request-id": [
          "WESTUS2:20221019T072602Z:a91143e8-d50f-40a7-bc8d-19330f15022e"
        ],
        "Strict-Transport-Security": [
          "max-age=31536000; includeSubDomains"
        ],
        "Date": [
          "Wed, 19 Oct 2022 07:26:02 GMT"
        ],
        "Content-Length": [
          "85"
        ],
        "Content-Type": [
          "application/json; charset=utf-8"
        ],
        "Expires": [
          "-1"
        ]
      },
      "ResponseBody": "{\r\n  \"key1\": \"228ac243ccc64c1780ceae791130df01\",\r\n  \"key2\": \"24e4044e69e64d38b283ed31da65c739\"\r\n}",
      "StatusCode": 200
    },
    {
      "RequestUri": "/subscriptions/f9b96b36-1f5e-4021-8959-51527e26e6d3/resourceGroups/pstestrg9118/providers/Microsoft.CognitiveServices/accounts/csapstestrg9118?api-version=2022-10-01",
      "EncodedRequestUri": "L3N1YnNjcmlwdGlvbnMvZjliOTZiMzYtMWY1ZS00MDIxLTg5NTktNTE1MjdlMjZlNmQzL3Jlc291cmNlR3JvdXBzL3BzdGVzdHJnOTExOC9wcm92aWRlcnMvTWljcm9zb2Z0LkNvZ25pdGl2ZVNlcnZpY2VzL2FjY291bnRzL2NzYXBzdGVzdHJnOTExOD9hcGktdmVyc2lvbj0yMDIyLTEwLTAx",
      "RequestMethod": "DELETE",
      "RequestHeaders": {
        "x-ms-client-request-id": [
          "18aa4f54-f134-4f98-aa38-2cea338302c4"
        ],
        "Accept-Language": [
          "en-US"
        ],
        "User-Agent": [
          "FxVersion/4.700.22.47601",
          "OSName/Windows",
          "OSVersion/Microsoft.Windows.10.0.22621",
          "Microsoft.Azure.Management.CognitiveServices.CognitiveServicesManagementClient/8.4.0.0"
        ]
      },
      "RequestBody": "",
      "ResponseHeaders": {
        "Cache-Control": [
          "no-cache"
        ],
        "Pragma": [
          "no-cache"
        ],
        "X-Content-Type-Options": [
          "nosniff"
        ],
        "x-envoy-upstream-service-time": [
          "90"
        ],
        "Server": [
          "istio-envoy"
        ],
        "x-ms-ratelimit-remaining-subscription-deletes": [
          "14999"
        ],
        "x-ms-request-id": [
          "cc494a79-32c8-4750-93ab-1e1060d525ec"
        ],
        "x-ms-correlation-request-id": [
          "cc494a79-32c8-4750-93ab-1e1060d525ec"
        ],
        "x-ms-routing-request-id": [
          "WESTUS2:20221019T072605Z:cc494a79-32c8-4750-93ab-1e1060d525ec"
        ],
        "Strict-Transport-Security": [
          "max-age=31536000; includeSubDomains"
        ],
        "Date": [
          "Wed, 19 Oct 2022 07:26:05 GMT"
        ],
        "Expires": [
          "-1"
        ],
        "Content-Length": [
          "0"
        ]
      },
      "ResponseBody": "",
      "StatusCode": 200
    },
    {
      "RequestUri": "/subscriptions/f9b96b36-1f5e-4021-8959-51527e26e6d3/resourcegroups/pstestrg9118?api-version=2016-09-01",
      "EncodedRequestUri": "L3N1YnNjcmlwdGlvbnMvZjliOTZiMzYtMWY1ZS00MDIxLTg5NTktNTE1MjdlMjZlNmQzL3Jlc291cmNlZ3JvdXBzL3BzdGVzdHJnOTExOD9hcGktdmVyc2lvbj0yMDE2LTA5LTAx",
      "RequestMethod": "DELETE",
      "RequestHeaders": {
        "x-ms-client-request-id": [
          "3b66155a-15a2-40b8-a793-69e3dc2d2b7f"
        ],
        "Accept-Language": [
          "en-US"
        ],
        "User-Agent": [
          "FxVersion/4.700.22.47601",
          "OSName/Windows",
          "OSVersion/Microsoft.Windows.10.0.22621",
          "Microsoft.Azure.Management.Internal.Resources.ResourceManagementClient/1.3.63"
        ]
      },
      "RequestBody": "",
      "ResponseHeaders": {
        "Cache-Control": [
          "no-cache"
        ],
        "Pragma": [
          "no-cache"
        ],
        "Location": [
          "https://management.azure.com/subscriptions/f9b96b36-1f5e-4021-8959-51527e26e6d3/operationresults/eyJqb2JJZCI6IlJFU09VUkNFR1JPVVBERUxFVElPTkpPQi1QU1RFU1RSRzkxMTgtV0VTVFVTIiwiam9iTG9jYXRpb24iOiJ3ZXN0dXMifQ?api-version=2016-09-01"
        ],
        "Retry-After": [
          "15"
        ],
        "x-ms-ratelimit-remaining-subscription-deletes": [
          "14999"
        ],
        "x-ms-request-id": [
          "3157ac60-6c04-43eb-958c-c90477c92946"
        ],
        "x-ms-correlation-request-id": [
          "3157ac60-6c04-43eb-958c-c90477c92946"
        ],
        "x-ms-routing-request-id": [
          "WESTUS2:20221019T072606Z:3157ac60-6c04-43eb-958c-c90477c92946"
        ],
        "Strict-Transport-Security": [
          "max-age=31536000; includeSubDomains"
        ],
        "X-Content-Type-Options": [
          "nosniff"
        ],
        "Date": [
          "Wed, 19 Oct 2022 07:26:06 GMT"
        ],
        "Expires": [
          "-1"
        ],
        "Content-Length": [
          "0"
        ]
      },
      "ResponseBody": "",
      "StatusCode": 202
    },
    {
      "RequestUri": "/subscriptions/f9b96b36-1f5e-4021-8959-51527e26e6d3/operationresults/eyJqb2JJZCI6IlJFU09VUkNFR1JPVVBERUxFVElPTkpPQi1QU1RFU1RSRzkxMTgtV0VTVFVTIiwiam9iTG9jYXRpb24iOiJ3ZXN0dXMifQ?api-version=2016-09-01",
      "EncodedRequestUri": "L3N1YnNjcmlwdGlvbnMvZjliOTZiMzYtMWY1ZS00MDIxLTg5NTktNTE1MjdlMjZlNmQzL29wZXJhdGlvbnJlc3VsdHMvZXlKcWIySkpaQ0k2SWxKRlUwOVZVa05GUjFKUFZWQkVSVXhGVkVsUFRrcFBRaTFRVTFSRlUxUlNSemt4TVRndFYwVlRWRlZUSWl3aWFtOWlURzlqWVhScGIyNGlPaUozWlhOMGRYTWlmUT9hcGktdmVyc2lvbj0yMDE2LTA5LTAx",
      "RequestMethod": "GET",
      "RequestHeaders": {
        "User-Agent": [
          "FxVersion/4.700.22.47601",
          "OSName/Windows",
          "OSVersion/Microsoft.Windows.10.0.22621",
          "Microsoft.Azure.Management.Internal.Resources.ResourceManagementClient/1.3.63"
        ]
      },
      "RequestBody": "",
      "ResponseHeaders": {
        "Cache-Control": [
          "no-cache"
        ],
        "Pragma": [
          "no-cache"
        ],
        "x-ms-ratelimit-remaining-subscription-reads": [
          "11999"
        ],
        "x-ms-request-id": [
          "370ea393-97e8-4ba9-83b1-6ca8faa9b5bb"
        ],
        "x-ms-correlation-request-id": [
          "370ea393-97e8-4ba9-83b1-6ca8faa9b5bb"
        ],
        "x-ms-routing-request-id": [
          "WESTUS2:20221019T072621Z:370ea393-97e8-4ba9-83b1-6ca8faa9b5bb"
        ],
        "Strict-Transport-Security": [
          "max-age=31536000; includeSubDomains"
        ],
        "X-Content-Type-Options": [
          "nosniff"
        ],
        "Date": [
          "Wed, 19 Oct 2022 07:26:21 GMT"
        ],
        "Expires": [
          "-1"
        ],
        "Content-Length": [
          "0"
        ]
      },
      "ResponseBody": "",
      "StatusCode": 200
    },
    {
      "RequestUri": "/subscriptions/f9b96b36-1f5e-4021-8959-51527e26e6d3/operationresults/eyJqb2JJZCI6IlJFU09VUkNFR1JPVVBERUxFVElPTkpPQi1QU1RFU1RSRzkxMTgtV0VTVFVTIiwiam9iTG9jYXRpb24iOiJ3ZXN0dXMifQ?api-version=2016-09-01",
      "EncodedRequestUri": "L3N1YnNjcmlwdGlvbnMvZjliOTZiMzYtMWY1ZS00MDIxLTg5NTktNTE1MjdlMjZlNmQzL29wZXJhdGlvbnJlc3VsdHMvZXlKcWIySkpaQ0k2SWxKRlUwOVZVa05GUjFKUFZWQkVSVXhGVkVsUFRrcFBRaTFRVTFSRlUxUlNSemt4TVRndFYwVlRWRlZUSWl3aWFtOWlURzlqWVhScGIyNGlPaUozWlhOMGRYTWlmUT9hcGktdmVyc2lvbj0yMDE2LTA5LTAx",
      "RequestMethod": "GET",
      "RequestHeaders": {
        "User-Agent": [
          "FxVersion/4.700.22.47601",
          "OSName/Windows",
          "OSVersion/Microsoft.Windows.10.0.22621",
          "Microsoft.Azure.Management.Internal.Resources.ResourceManagementClient/1.3.63"
        ]
      },
      "RequestBody": "",
      "ResponseHeaders": {
        "Cache-Control": [
          "no-cache"
        ],
        "Pragma": [
          "no-cache"
        ],
        "x-ms-ratelimit-remaining-subscription-reads": [
          "11998"
        ],
        "x-ms-request-id": [
          "8ec88010-95a9-4d3f-a4df-3b1363b09a16"
        ],
        "x-ms-correlation-request-id": [
          "8ec88010-95a9-4d3f-a4df-3b1363b09a16"
        ],
        "x-ms-routing-request-id": [
          "WESTUS2:20221019T072622Z:8ec88010-95a9-4d3f-a4df-3b1363b09a16"
        ],
        "Strict-Transport-Security": [
          "max-age=31536000; includeSubDomains"
        ],
        "X-Content-Type-Options": [
          "nosniff"
        ],
        "Date": [
          "Wed, 19 Oct 2022 07:26:21 GMT"
        ],
        "Expires": [
          "-1"
        ],
        "Content-Length": [
          "0"
        ]
      },
      "ResponseBody": "",
      "StatusCode": 200
    }
  ],
  "Names": {
    "Test-PipingGetAccountToGetKey": [
      "pstestrg9118"
    ]
  },
  "Variables": {
    "SubscriptionId": "f9b96b36-1f5e-4021-8959-51527e26e6d3"
  }
}