{
  "Entries": [
    {
      "RequestUri": "/subscriptions/f9b96b36-1f5e-4021-8959-51527e26e6d3/providers/Microsoft.CognitiveServices?api-version=2016-09-01",
      "EncodedRequestUri": "L3N1YnNjcmlwdGlvbnMvZjliOTZiMzYtMWY1ZS00MDIxLTg5NTktNTE1MjdlMjZlNmQzL3Byb3ZpZGVycy9NaWNyb3NvZnQuQ29nbml0aXZlU2VydmljZXM/YXBpLXZlcnNpb249MjAxNi0wOS0wMQ==",
      "RequestMethod": "GET",
      "RequestHeaders": {
        "x-ms-client-request-id": [
          "bedb9471-d734-4c20-ac61-33872ff149d9"
        ],
        "Accept-Language": [
          "en-US"
        ],
        "User-Agent": [
          "FxVersion/4.700.22.55902",
          "OSName/Windows",
          "OSVersion/Microsoft.Windows.10.0.22621",
          "Microsoft.Azure.Management.Internal.Resources.ResourceManagementClient/1.3.76"
        ]
      },
      "RequestBody": "",
      "ResponseHeaders": {
        "Cache-Control": [
          "no-cache"
        ],
        "Pragma": [
          "no-cache"
        ],
        "x-ms-ratelimit-remaining-subscription-reads": [
          "11999"
        ],
        "x-ms-request-id": [
          "6e3b06b9-70f9-4c2a-867a-423b8a49356c"
        ],
        "x-ms-correlation-request-id": [
          "6e3b06b9-70f9-4c2a-867a-423b8a49356c"
        ],
        "x-ms-routing-request-id": [
          "WESTCENTRALUS:20230615T225346Z:6e3b06b9-70f9-4c2a-867a-423b8a49356c"
        ],
        "Strict-Transport-Security": [
          "max-age=31536000; includeSubDomains"
        ],
        "X-Content-Type-Options": [
          "nosniff"
        ],
        "Date": [
          "Thu, 15 Jun 2023 22:53:45 GMT"
        ],
        "Content-Type": [
          "application/json; charset=utf-8"
        ],
        "Expires": [
          "-1"
        ],
        "Content-Length": [
          "14280"
        ]
      },
      "ResponseBody": "{\r\n  \"id\": \"/subscriptions/f9b96b36-1f5e-4021-8959-51527e26e6d3/providers/Microsoft.CognitiveServices\",\r\n  \"namespace\": \"Microsoft.CognitiveServices\",\r\n  \"authorizations\": [\r\n    {\r\n      \"applicationId\": \"7d312290-28c8-473c-a0ed-8e53749b6d6d\",\r\n      \"roleDefinitionId\": \"5cb87f79-a7c3-4a95-9414-45b65974b51b\"\r\n    }\r\n  ],\r\n  \"resourceTypes\": [\r\n    {\r\n      \"resourceType\": \"accounts\",\r\n      \"locations\": [\r\n        \"Global\",\r\n        \"Australia East\",\r\n        \"Brazil South\",\r\n        \"West US\",\r\n        \"West US 2\",\r\n        \"West Europe\",\r\n        \"North Europe\",\r\n        \"Southeast Asia\",\r\n        \"East Asia\",\r\n        \"West Central US\",\r\n        \"South Central US\",\r\n        \"East US\",\r\n        \"East US 2\",\r\n        \"Canada Central\",\r\n        \"Japan East\",\r\n        \"Central India\",\r\n        \"UK South\",\r\n        \"Japan West\",\r\n        \"Korea Central\",\r\n        \"France Central\",\r\n        \"North Central US\",\r\n        \"Central US\",\r\n        \"South Africa North\",\r\n        \"UAE North\",\r\n        \"Sweden Central\",\r\n        \"Switzerland North\",\r\n        \"Switzerland West\",\r\n        \"Germany West Central\",\r\n        \"Norway East\",\r\n        \"West US 3\",\r\n        \"Jio India West\",\r\n        \"Qatar Central\",\r\n        \"Central US EUAP\",\r\n        \"East US 2 EUAP\"\r\n      ],\r\n      \"apiVersions\": [\r\n        \"2023-06-01-preview\",\r\n        \"2023-05-01\",\r\n        \"2022-12-01\",\r\n        \"2022-10-01\",\r\n        \"2022-03-01\",\r\n        \"2021-10-01\",\r\n        \"2021-04-30\",\r\n        \"2017-04-18\",\r\n        \"2016-02-01-preview\"\r\n      ],\r\n      \"capabilities\": \"CrossResourceGroupResourceMove, CrossSubscriptionResourceMove, SystemAssignedResourceIdentity\"\r\n    },\r\n    {\r\n      \"resourceType\": \"operations\",\r\n      \"locations\": [\r\n        \"Global\",\r\n        \"Australia East\",\r\n        \"Brazil South\",\r\n        \"West US\",\r\n        \"West US 2\",\r\n        \"West Europe\",\r\n        \"North Europe\",\r\n        \"Southeast Asia\",\r\n        \"East Asia\",\r\n        \"West Central US\",\r\n        \"South Central US\",\r\n        \"East US\",\r\n        \"East US 2\",\r\n        \"Canada Central\",\r\n        \"Japan East\",\r\n        \"Central India\",\r\n        \"UK South\",\r\n        \"Japan West\",\r\n        \"Korea Central\",\r\n        \"France Central\",\r\n        \"North Central US\",\r\n        \"Central US\",\r\n        \"South Africa North\",\r\n        \"UAE North\",\r\n        \"Sweden Central\",\r\n        \"Switzerland North\",\r\n        \"Switzerland West\",\r\n        \"Germany West Central\",\r\n        \"Norway East\",\r\n        \"West US 3\",\r\n        \"Jio India West\",\r\n        \"Qatar Central\",\r\n        \"Central US EUAP\",\r\n        \"East US 2 EUAP\"\r\n      ],\r\n      \"apiVersions\": [\r\n        \"2023-06-01-preview\",\r\n        \"2023-05-01\",\r\n        \"2022-12-01\",\r\n        \"2022-10-01\",\r\n        \"2022-03-01\",\r\n        \"2021-10-01\",\r\n        \"2021-04-30\",\r\n        \"2017-04-18\",\r\n        \"2016-02-01-preview\"\r\n      ]\r\n    },\r\n    {\r\n      \"resourceType\": \"locations/operationResults\",\r\n      \"locations\": [\r\n        \"Global\",\r\n        \"Australia East\",\r\n        \"Brazil South\",\r\n        \"West US\",\r\n        \"West US 2\",\r\n        \"West Europe\",\r\n        \"North Europe\",\r\n        \"Southeast Asia\",\r\n        \"East Asia\",\r\n        \"West Central US\",\r\n        \"South Central US\",\r\n        \"East US\",\r\n        \"East US 2\",\r\n        \"Canada Central\",\r\n        \"Japan East\",\r\n        \"Central India\",\r\n        \"UK South\",\r\n        \"Japan West\",\r\n        \"Korea Central\",\r\n        \"France Central\",\r\n        \"North Central US\",\r\n        \"Central US\",\r\n        \"South Africa North\",\r\n        \"UAE North\",\r\n        \"Sweden Central\",\r\n        \"Switzerland North\",\r\n        \"Switzerland West\",\r\n        \"Germany West Central\",\r\n        \"Norway East\",\r\n        \"West US 3\",\r\n        \"Jio India West\",\r\n        \"Qatar Central\",\r\n        \"Central US EUAP\",\r\n        \"East US 2 EUAP\"\r\n      ],\r\n      \"apiVersions\": [\r\n        \"2023-06-01-preview\",\r\n        \"2023-05-01\",\r\n        \"2022-12-01\",\r\n        \"2022-10-01\",\r\n        \"2022-03-01\",\r\n        \"2021-10-01\",\r\n        \"2021-04-30\",\r\n        \"2017-04-18\",\r\n        \"2016-02-01-preview\"\r\n      ]\r\n    },\r\n    {\r\n      \"resourceType\": \"locations\",\r\n      \"locations\": [\r\n        \"Global\",\r\n        \"Australia East\",\r\n        \"Brazil South\",\r\n        \"West US\",\r\n        \"West US 2\",\r\n        \"West Europe\",\r\n        \"North Europe\",\r\n        \"Southeast Asia\",\r\n        \"East Asia\",\r\n        \"West Central US\",\r\n        \"South Central US\",\r\n        \"East US\",\r\n        \"East US 2\",\r\n        \"Canada Central\",\r\n        \"Japan East\",\r\n        \"Central India\",\r\n        \"UK South\",\r\n        \"Japan West\",\r\n        \"Korea Central\",\r\n        \"France Central\",\r\n        \"North Central US\",\r\n        \"Central US\",\r\n        \"South Africa North\",\r\n        \"UAE North\",\r\n        \"Sweden Central\",\r\n        \"Switzerland North\",\r\n        \"Switzerland West\",\r\n        \"Germany West Central\",\r\n        \"Norway East\",\r\n        \"West US 3\",\r\n        \"Jio India West\",\r\n        \"Qatar Central\",\r\n        \"Central US EUAP\",\r\n        \"East US 2 EUAP\"\r\n      ],\r\n      \"apiVersions\": [\r\n        \"2023-06-01-preview\",\r\n        \"2023-05-01\",\r\n        \"2022-12-01\",\r\n        \"2022-10-01\",\r\n        \"2022-03-01\",\r\n        \"2021-10-01\",\r\n        \"2021-04-30\",\r\n        \"2017-04-18\",\r\n        \"2016-02-01-preview\"\r\n      ]\r\n    },\r\n    {\r\n      \"resourceType\": \"locations/deleteVirtualNetworkOrSubnets\",\r\n      \"locations\": [\r\n        \"Global\",\r\n        \"Australia East\",\r\n        \"Brazil South\",\r\n        \"West US\",\r\n        \"West US 2\",\r\n        \"West Europe\",\r\n        \"North Europe\",\r\n        \"Southeast Asia\",\r\n        \"East Asia\",\r\n        \"West Central US\",\r\n        \"South Central US\",\r\n        \"East US\",\r\n        \"East US 2\",\r\n        \"Canada Central\",\r\n        \"Japan East\",\r\n        \"Central India\",\r\n        \"UK South\",\r\n        \"Japan West\",\r\n        \"Korea Central\",\r\n        \"France Central\",\r\n        \"North Central US\",\r\n        \"Central US\",\r\n        \"South Africa North\",\r\n        \"UAE North\",\r\n        \"Sweden Central\",\r\n        \"Switzerland North\",\r\n        \"Switzerland West\",\r\n        \"Germany West Central\",\r\n        \"Norway East\",\r\n        \"West US 3\",\r\n        \"Jio India West\",\r\n        \"Qatar Central\",\r\n        \"Central US EUAP\",\r\n        \"East US 2 EUAP\"\r\n      ],\r\n      \"apiVersions\": [\r\n        \"2023-06-01-preview\",\r\n        \"2023-05-01\",\r\n        \"2022-12-01\",\r\n        \"2022-10-01\",\r\n        \"2022-03-01\",\r\n        \"2021-10-01\",\r\n        \"2021-04-30\",\r\n        \"2017-04-18\",\r\n        \"2016-02-01-preview\"\r\n      ]\r\n    },\r\n    {\r\n      \"resourceType\": \"locations/checkSkuAvailability\",\r\n      \"locations\": [\r\n        \"Global\",\r\n        \"Australia East\",\r\n        \"Brazil South\",\r\n        \"West US\",\r\n        \"West US 2\",\r\n        \"West Europe\",\r\n        \"North Europe\",\r\n        \"Southeast Asia\",\r\n        \"East Asia\",\r\n        \"West Central US\",\r\n        \"South Central US\",\r\n        \"East US\",\r\n        \"East US 2\",\r\n        \"Canada Central\",\r\n        \"Japan East\",\r\n        \"Central India\",\r\n        \"UK South\",\r\n        \"Japan West\",\r\n        \"Korea Central\",\r\n        \"France Central\",\r\n        \"North Central US\",\r\n        \"Central US\",\r\n        \"South Africa North\",\r\n        \"UAE North\",\r\n        \"Sweden Central\",\r\n        \"Switzerland North\",\r\n        \"Switzerland West\",\r\n        \"Germany West Central\",\r\n        \"Norway East\",\r\n        \"West US 3\",\r\n        \"Jio India West\",\r\n        \"Qatar Central\",\r\n        \"Central US EUAP\",\r\n        \"East US 2 EUAP\"\r\n      ],\r\n      \"apiVersions\": [\r\n        \"2023-06-01-preview\",\r\n        \"2023-05-01\",\r\n        \"2022-12-01\",\r\n        \"2022-10-01\",\r\n        \"2022-03-01\",\r\n        \"2021-10-01\",\r\n        \"2021-04-30\",\r\n        \"2017-04-18\",\r\n        \"2016-02-01-preview\"\r\n      ]\r\n    },\r\n    {\r\n      \"resourceType\": \"checkDomainAvailability\",\r\n      \"locations\": [\r\n        \"Global\",\r\n        \"Australia East\",\r\n        \"Brazil South\",\r\n        \"West US\",\r\n        \"West US 2\",\r\n        \"West Europe\",\r\n        \"North Europe\",\r\n        \"Southeast Asia\",\r\n        \"East Asia\",\r\n        \"West Central US\",\r\n        \"South Central US\",\r\n        \"East US\",\r\n        \"East US 2\",\r\n        \"Canada Central\",\r\n        \"Japan East\",\r\n        \"Central India\",\r\n        \"UK South\",\r\n        \"Japan West\",\r\n        \"Korea Central\",\r\n        \"France Central\",\r\n        \"North Central US\",\r\n        \"Central US\",\r\n        \"South Africa North\",\r\n        \"UAE North\",\r\n        \"Sweden Central\",\r\n        \"Switzerland North\",\r\n        \"Switzerland West\",\r\n        \"Germany West Central\",\r\n        \"Norway East\",\r\n        \"West US 3\",\r\n        \"Jio India West\",\r\n        \"Qatar Central\",\r\n        \"Central US EUAP\",\r\n        \"East US 2 EUAP\"\r\n      ],\r\n      \"apiVersions\": [\r\n        \"2023-06-01-preview\",\r\n        \"2023-05-01\",\r\n        \"2022-12-01\",\r\n        \"2022-10-01\",\r\n        \"2022-03-01\",\r\n        \"2021-10-01\",\r\n        \"2021-04-30\",\r\n        \"2017-04-18\",\r\n        \"2016-02-01-preview\"\r\n      ]\r\n    },\r\n    {\r\n      \"resourceType\": \"accounts/privateLinkResources\",\r\n      \"locations\": [\r\n        \"Global\",\r\n        \"Australia East\",\r\n        \"Brazil South\",\r\n        \"West US\",\r\n        \"West US 2\",\r\n        \"West Europe\",\r\n        \"North Europe\",\r\n        \"Southeast Asia\",\r\n        \"East Asia\",\r\n        \"West Central US\",\r\n        \"South Central US\",\r\n        \"East US\",\r\n        \"East US 2\",\r\n        \"Canada Central\",\r\n        \"Japan East\",\r\n        \"Central India\",\r\n        \"UK South\",\r\n        \"Japan West\",\r\n        \"Korea Central\",\r\n        \"France Central\",\r\n        \"North Central US\",\r\n        \"Central US\",\r\n        \"South Africa North\",\r\n        \"UAE North\",\r\n        \"Sweden Central\",\r\n        \"Switzerland North\",\r\n        \"Switzerland West\",\r\n        \"Germany West Central\",\r\n        \"Norway East\",\r\n        \"West US 3\",\r\n        \"Jio India West\",\r\n        \"Qatar Central\",\r\n        \"Central US EUAP\",\r\n        \"East US 2 EUAP\"\r\n      ],\r\n      \"apiVersions\": [\r\n        \"2023-06-01-preview\",\r\n        \"2023-05-01\",\r\n        \"2022-12-01\",\r\n        \"2022-10-01\",\r\n        \"2022-03-01\",\r\n        \"2021-10-01\",\r\n        \"2021-04-30\",\r\n        \"2017-04-18\"\r\n      ]\r\n    },\r\n    {\r\n      \"resourceType\": \"accounts/privateEndpointConnections\",\r\n      \"locations\": [\r\n        \"Global\",\r\n        \"Australia East\",\r\n        \"Brazil South\",\r\n        \"West US\",\r\n        \"West US 2\",\r\n        \"West Europe\",\r\n        \"North Europe\",\r\n        \"Southeast Asia\",\r\n        \"East Asia\",\r\n        \"West Central US\",\r\n        \"South Central US\",\r\n        \"East US\",\r\n        \"East US 2\",\r\n        \"Canada Central\",\r\n        \"Japan East\",\r\n        \"Central India\",\r\n        \"UK South\",\r\n        \"Japan West\",\r\n        \"Korea Central\",\r\n        \"France Central\",\r\n        \"North Central US\",\r\n        \"Central US\",\r\n        \"South Africa North\",\r\n        \"UAE North\",\r\n        \"Sweden Central\",\r\n        \"Switzerland North\",\r\n        \"Switzerland West\",\r\n        \"Germany West Central\",\r\n        \"Norway East\",\r\n        \"West US 3\",\r\n        \"Jio India West\",\r\n        \"Qatar Central\",\r\n        \"Central US EUAP\",\r\n        \"East US 2 EUAP\"\r\n      ],\r\n      \"apiVersions\": [\r\n        \"2023-06-01-preview\",\r\n        \"2023-05-01\",\r\n        \"2022-12-01\",\r\n        \"2022-10-01\",\r\n        \"2022-03-01\",\r\n        \"2021-10-01\",\r\n        \"2021-04-30\",\r\n        \"2017-04-18\"\r\n      ]\r\n    },\r\n    {\r\n      \"resourceType\": \"accounts/privateEndpointConnectionProxies\",\r\n      \"locations\": [\r\n        \"Global\",\r\n        \"Australia East\",\r\n        \"Brazil South\",\r\n        \"West US\",\r\n        \"West US 2\",\r\n        \"West Europe\",\r\n        \"North Europe\",\r\n        \"Southeast Asia\",\r\n        \"East Asia\",\r\n        \"West Central US\",\r\n        \"South Central US\",\r\n        \"East US\",\r\n        \"East US 2\",\r\n        \"Canada Central\",\r\n        \"Japan East\",\r\n        \"Central India\",\r\n        \"UK South\",\r\n        \"Japan West\",\r\n        \"Korea Central\",\r\n        \"France Central\",\r\n        \"North Central US\",\r\n        \"Central US\",\r\n        \"South Africa North\",\r\n        \"UAE North\",\r\n        \"Sweden Central\",\r\n        \"Switzerland North\",\r\n        \"Switzerland West\",\r\n        \"Germany West Central\",\r\n        \"Norway East\",\r\n        \"West US 3\",\r\n        \"Jio India West\",\r\n        \"Qatar Central\",\r\n        \"Central US EUAP\",\r\n        \"East US 2 EUAP\"\r\n      ],\r\n      \"apiVersions\": [\r\n        \"2023-06-01-preview\",\r\n        \"2023-05-01\",\r\n        \"2022-12-01\",\r\n        \"2022-10-01\",\r\n        \"2022-03-01\",\r\n        \"2021-10-01\",\r\n        \"2021-04-30\",\r\n        \"2017-04-18\"\r\n      ]\r\n    },\r\n    {\r\n      \"resourceType\": \"deletedAccounts\",\r\n      \"locations\": [\r\n        \"Global\",\r\n        \"Australia East\",\r\n        \"Brazil South\",\r\n        \"West US\",\r\n        \"West US 2\",\r\n        \"West Europe\",\r\n        \"North Europe\",\r\n        \"Southeast Asia\",\r\n        \"East Asia\",\r\n        \"West Central US\",\r\n        \"South Central US\",\r\n        \"East US\",\r\n        \"East US 2\",\r\n        \"Canada Central\",\r\n        \"Japan East\",\r\n        \"Central India\",\r\n        \"UK South\",\r\n        \"Japan West\",\r\n        \"Korea Central\",\r\n        \"France Central\",\r\n        \"North Central US\",\r\n        \"Central US\",\r\n        \"South Africa North\",\r\n        \"UAE North\",\r\n        \"Sweden Central\",\r\n        \"Switzerland North\",\r\n        \"Switzerland West\",\r\n        \"Germany West Central\",\r\n        \"Norway East\",\r\n        \"West US 3\",\r\n        \"Jio India West\",\r\n        \"Qatar Central\",\r\n        \"Central US EUAP\",\r\n        \"East US 2 EUAP\"\r\n      ],\r\n      \"apiVersions\": [\r\n        \"2023-06-01-preview\",\r\n        \"2023-05-01\",\r\n        \"2022-12-01\",\r\n        \"2022-10-01\",\r\n        \"2022-03-01\",\r\n        \"2021-10-01\",\r\n        \"2021-04-30\"\r\n      ]\r\n    },\r\n    {\r\n      \"resourceType\": \"locations/resourceGroups\",\r\n      \"locations\": [\r\n        \"Global\",\r\n        \"Australia East\",\r\n        \"Brazil South\",\r\n        \"West US\",\r\n        \"West US 2\",\r\n        \"West Europe\",\r\n        \"North Europe\",\r\n        \"Southeast Asia\",\r\n        \"East Asia\",\r\n        \"West Central US\",\r\n        \"South Central US\",\r\n        \"East US\",\r\n        \"East US 2\",\r\n        \"Canada Central\",\r\n        \"Japan East\",\r\n        \"Central India\",\r\n        \"UK South\",\r\n        \"Japan West\",\r\n        \"Korea Central\",\r\n        \"France Central\",\r\n        \"North Central US\",\r\n        \"Central US\",\r\n        \"South Africa North\",\r\n        \"UAE North\",\r\n        \"Sweden Central\",\r\n        \"Switzerland North\",\r\n        \"Switzerland West\",\r\n        \"Germany West Central\",\r\n        \"Norway East\",\r\n        \"West US 3\",\r\n        \"Jio India West\",\r\n        \"Qatar Central\",\r\n        \"Central US EUAP\",\r\n        \"East US 2 EUAP\"\r\n      ],\r\n      \"apiVersions\": [\r\n        \"2023-06-01-preview\",\r\n        \"2023-05-01\",\r\n        \"2022-12-01\",\r\n        \"2022-10-01\",\r\n        \"2022-03-01\",\r\n        \"2021-10-01\",\r\n        \"2021-04-30\"\r\n      ]\r\n    },\r\n    {\r\n      \"resourceType\": \"locations/resourceGroups/deletedAccounts\",\r\n      \"locations\": [\r\n        \"Global\",\r\n        \"Australia East\",\r\n        \"Brazil South\",\r\n        \"West US\",\r\n        \"West US 2\",\r\n        \"West Europe\",\r\n        \"North Europe\",\r\n        \"Southeast Asia\",\r\n        \"East Asia\",\r\n        \"West Central US\",\r\n        \"South Central US\",\r\n        \"East US\",\r\n        \"East US 2\",\r\n        \"Canada Central\",\r\n        \"Japan East\",\r\n        \"Central India\",\r\n        \"UK South\",\r\n        \"Japan West\",\r\n        \"Korea Central\",\r\n        \"France Central\",\r\n        \"North Central US\",\r\n        \"Central US\",\r\n        \"South Africa North\",\r\n        \"UAE North\",\r\n        \"Sweden Central\",\r\n        \"Switzerland North\",\r\n        \"Switzerland West\",\r\n        \"Germany West Central\",\r\n        \"Norway East\",\r\n        \"West US 3\",\r\n        \"Jio India West\",\r\n        \"Qatar Central\",\r\n        \"Central US EUAP\",\r\n        \"East US 2 EUAP\"\r\n      ],\r\n      \"apiVersions\": [\r\n        \"2023-06-01-preview\",\r\n        \"2023-05-01\",\r\n        \"2022-12-01\",\r\n        \"2022-10-01\",\r\n        \"2022-03-01\",\r\n        \"2021-10-01\",\r\n        \"2021-04-30\"\r\n      ]\r\n    },\r\n    {\r\n      \"resourceType\": \"locations/commitmentTiers\",\r\n      \"locations\": [\r\n        \"Global\",\r\n        \"Australia East\",\r\n        \"Brazil South\",\r\n        \"West US\",\r\n        \"West US 2\",\r\n        \"West Europe\",\r\n        \"North Europe\",\r\n        \"Southeast Asia\",\r\n        \"East Asia\",\r\n        \"West Central US\",\r\n        \"South Central US\",\r\n        \"East US\",\r\n        \"East US 2\",\r\n        \"Canada Central\",\r\n        \"Japan East\",\r\n        \"Central India\",\r\n        \"UK South\",\r\n        \"Japan West\",\r\n        \"Korea Central\",\r\n        \"France Central\",\r\n        \"North Central US\",\r\n        \"Central US\",\r\n        \"South Africa North\",\r\n        \"UAE North\",\r\n        \"Sweden Central\",\r\n        \"Switzerland North\",\r\n        \"Switzerland West\",\r\n        \"Germany West Central\",\r\n        \"Norway East\",\r\n        \"West US 3\",\r\n        \"Jio India West\",\r\n        \"Qatar Central\",\r\n        \"Central US EUAP\",\r\n        \"East US 2 EUAP\"\r\n      ],\r\n      \"apiVersions\": [\r\n        \"2023-06-01-preview\",\r\n        \"2023-05-01\",\r\n        \"2022-12-01\",\r\n        \"2022-10-01\",\r\n        \"2022-03-01\",\r\n        \"2021-10-01\"\r\n      ]\r\n    },\r\n    {\r\n      \"resourceType\": \"locations/models\",\r\n      \"locations\": [\r\n        \"Global\",\r\n        \"Australia East\",\r\n        \"Brazil South\",\r\n        \"West US\",\r\n        \"West US 2\",\r\n        \"West Europe\",\r\n        \"North Europe\",\r\n        \"Southeast Asia\",\r\n        \"East Asia\",\r\n        \"West Central US\",\r\n        \"South Central US\",\r\n        \"East US\",\r\n        \"East US 2\",\r\n        \"Canada Central\",\r\n        \"Japan East\",\r\n        \"Central India\",\r\n        \"UK South\",\r\n        \"Japan West\",\r\n        \"Korea Central\",\r\n        \"France Central\",\r\n        \"North Central US\",\r\n        \"Central US\",\r\n        \"South Africa North\",\r\n        \"UAE North\",\r\n        \"Sweden Central\",\r\n        \"Switzerland North\",\r\n        \"Switzerland West\",\r\n        \"Germany West Central\",\r\n        \"Norway East\",\r\n        \"West US 3\",\r\n        \"Jio India West\",\r\n        \"Qatar Central\",\r\n        \"Central US EUAP\",\r\n        \"East US 2 EUAP\"\r\n      ],\r\n      \"apiVersions\": [\r\n        \"2023-06-01-preview\",\r\n        \"2023-05-01\"\r\n      ]\r\n    },\r\n    {\r\n      \"resourceType\": \"locations/usages\",\r\n      \"locations\": [\r\n        \"Global\",\r\n        \"Australia East\",\r\n        \"Brazil South\",\r\n        \"West US\",\r\n        \"West US 2\",\r\n        \"West Europe\",\r\n        \"North Europe\",\r\n        \"Southeast Asia\",\r\n        \"East Asia\",\r\n        \"West Central US\",\r\n        \"South Central US\",\r\n        \"East US\",\r\n        \"East US 2\",\r\n        \"Canada Central\",\r\n        \"Japan East\",\r\n        \"Central India\",\r\n        \"UK South\",\r\n        \"Japan West\",\r\n        \"Korea Central\",\r\n        \"France Central\",\r\n        \"North Central US\",\r\n        \"Central US\",\r\n        \"South Africa North\",\r\n        \"UAE North\",\r\n        \"Sweden Central\",\r\n        \"Switzerland North\",\r\n        \"Switzerland West\",\r\n        \"Germany West Central\",\r\n        \"Norway East\",\r\n        \"West US 3\",\r\n        \"Jio India West\",\r\n        \"Qatar Central\",\r\n        \"Central US EUAP\",\r\n        \"East US 2 EUAP\"\r\n      ],\r\n      \"apiVersions\": [\r\n        \"2023-06-01-preview\",\r\n        \"2023-05-01\"\r\n      ]\r\n    },\r\n    {\r\n      \"resourceType\": \"locations/raiContentFilters\",\r\n      \"locations\": [\r\n        \"Global\",\r\n        \"Australia East\",\r\n        \"Brazil South\",\r\n        \"West US\",\r\n        \"West US 2\",\r\n        \"West Europe\",\r\n        \"North Europe\",\r\n        \"Southeast Asia\",\r\n        \"East Asia\",\r\n        \"West Central US\",\r\n        \"South Central US\",\r\n        \"East US\",\r\n        \"East US 2\",\r\n        \"Canada Central\",\r\n        \"Japan East\",\r\n        \"Central India\",\r\n        \"UK South\",\r\n        \"Japan West\",\r\n        \"Korea Central\",\r\n        \"France Central\",\r\n        \"North Central US\",\r\n        \"Central US\",\r\n        \"South Africa North\",\r\n        \"UAE North\",\r\n        \"Sweden Central\",\r\n        \"Switzerland North\",\r\n        \"Switzerland West\",\r\n        \"Germany West Central\",\r\n        \"Norway East\",\r\n        \"West US 3\",\r\n        \"Jio India West\",\r\n        \"Qatar Central\",\r\n        \"Central US EUAP\",\r\n        \"East US 2 EUAP\"\r\n      ],\r\n      \"apiVersions\": [\r\n        \"2023-06-01-preview\"\r\n      ]\r\n    },\r\n    {\r\n      \"resourceType\": \"locations/notifyNetworkSecurityPerimeterUpdatesAvailable\",\r\n      \"locations\": [\r\n        \"Central US EUAP\",\r\n        \"North Central US\",\r\n        \"East US 2 EUAP\"\r\n      ],\r\n      \"apiVersions\": [\r\n        \"2021-10-01\"\r\n      ]\r\n    },\r\n    {\r\n      \"resourceType\": \"accounts/networkSecurityPerimeterAssociationProxies\",\r\n      \"locations\": [\r\n        \"Global\",\r\n        \"Australia East\",\r\n        \"Brazil South\",\r\n        \"West US\",\r\n        \"West US 2\",\r\n        \"West Europe\",\r\n        \"North Europe\",\r\n        \"Southeast Asia\",\r\n        \"East Asia\",\r\n        \"West Central US\",\r\n        \"South Central US\",\r\n        \"East US\",\r\n        \"East US 2\",\r\n        \"Canada Central\",\r\n        \"Japan East\",\r\n        \"Central India\",\r\n        \"UK South\",\r\n        \"Japan West\",\r\n        \"Korea Central\",\r\n        \"France Central\",\r\n        \"North Central US\",\r\n        \"Central US\",\r\n        \"South Africa North\",\r\n        \"UAE North\",\r\n        \"Sweden Central\",\r\n        \"Switzerland North\",\r\n        \"Switzerland West\",\r\n        \"Germany West Central\",\r\n        \"Norway East\",\r\n        \"West US 3\",\r\n        \"Jio India West\",\r\n        \"Qatar Central\",\r\n        \"Central US EUAP\",\r\n        \"East US 2 EUAP\"\r\n      ],\r\n      \"apiVersions\": [\r\n        \"2021-10-01\"\r\n      ]\r\n    },\r\n    {\r\n      \"resourceType\": \"commitmentPlans\",\r\n      \"locations\": [\r\n        \"Global\",\r\n        \"Australia East\",\r\n        \"Brazil South\",\r\n        \"West US\",\r\n        \"West US 2\",\r\n        \"West Europe\",\r\n        \"North Europe\",\r\n        \"Southeast Asia\",\r\n        \"East Asia\",\r\n        \"West Central US\",\r\n        \"South Central US\",\r\n        \"East US\",\r\n        \"East US 2\",\r\n        \"Canada Central\",\r\n        \"Japan East\",\r\n        \"Central India\",\r\n        \"UK South\",\r\n        \"Japan West\",\r\n        \"Korea Central\",\r\n        \"France Central\",\r\n        \"North Central US\",\r\n        \"Central US\",\r\n        \"South Africa North\",\r\n        \"UAE North\",\r\n        \"Sweden Central\",\r\n        \"Switzerland North\",\r\n        \"Switzerland West\",\r\n        \"Germany West Central\",\r\n        \"Norway East\",\r\n        \"West US 3\",\r\n        \"Jio India West\",\r\n        \"Qatar Central\",\r\n        \"Central US EUAP\",\r\n        \"East US 2 EUAP\"\r\n      ],\r\n      \"apiVersions\": [\r\n        \"2023-06-01-preview\",\r\n        \"2023-05-01\",\r\n        \"2022-12-01\"\r\n      ],\r\n      \"capabilities\": \"CrossResourceGroupResourceMove, CrossSubscriptionResourceMove\"\r\n    },\r\n    {\r\n      \"resourceType\": \"locations/networkSecurityPerimeterProxies\",\r\n      \"locations\": [\r\n        \"Central US EUAP\",\r\n        \"East US 2 EUAP\"\r\n      ],\r\n      \"apiVersions\": [\r\n        \"2021-10-01\"\r\n      ]\r\n    },\r\n    {\r\n      \"resourceType\": \"locations/networkSecurityPerimeterProxies/profileProxies\",\r\n      \"locations\": [\r\n        \"Central US EUAP\",\r\n        \"East US 2 EUAP\"\r\n      ],\r\n      \"apiVersions\": [\r\n        \"2021-10-01\"\r\n      ]\r\n    },\r\n    {\r\n      \"resourceType\": \"locations/networkSecurityPerimeterProxies/profileProxies/accessRuleProxies\",\r\n      \"locations\": [\r\n        \"Central US EUAP\",\r\n        \"East US 2 EUAP\"\r\n      ],\r\n      \"apiVersions\": [\r\n        \"2021-10-01\"\r\n      ]\r\n    }\r\n  ],\r\n  \"registrationState\": \"Registered\"\r\n}",
      "StatusCode": 200
    },
    {
      "RequestUri": "/subscriptions/f9b96b36-1f5e-4021-8959-51527e26e6d3/resourcegroups/pstestrg2535?api-version=2016-09-01",
      "EncodedRequestUri": "L3N1YnNjcmlwdGlvbnMvZjliOTZiMzYtMWY1ZS00MDIxLTg5NTktNTE1MjdlMjZlNmQzL3Jlc291cmNlZ3JvdXBzL3BzdGVzdHJnMjUzNT9hcGktdmVyc2lvbj0yMDE2LTA5LTAx",
      "RequestMethod": "PUT",
      "RequestHeaders": {
        "x-ms-client-request-id": [
          "5b93cb97-47c6-430b-87e2-15bfb701f079"
        ],
        "Accept-Language": [
          "en-US"
        ],
        "User-Agent": [
          "FxVersion/4.700.22.55902",
          "OSName/Windows",
          "OSVersion/Microsoft.Windows.10.0.22621",
          "Microsoft.Azure.Management.Internal.Resources.ResourceManagementClient/1.3.76"
        ],
        "Content-Type": [
          "application/json; charset=utf-8"
        ],
        "Content-Length": [
          "29"
        ]
      },
      "RequestBody": "{\r\n  \"location\": \"West US\"\r\n}",
      "ResponseHeaders": {
        "Cache-Control": [
          "no-cache"
        ],
        "Pragma": [
          "no-cache"
        ],
        "x-ms-ratelimit-remaining-subscription-writes": [
          "1199"
        ],
        "x-ms-request-id": [
          "8bb6ce4b-8c49-4600-b0e8-4ae528c90684"
        ],
        "x-ms-correlation-request-id": [
          "8bb6ce4b-8c49-4600-b0e8-4ae528c90684"
        ],
        "x-ms-routing-request-id": [
          "WESTCENTRALUS:20230615T225347Z:8bb6ce4b-8c49-4600-b0e8-4ae528c90684"
        ],
        "Strict-Transport-Security": [
          "max-age=31536000; includeSubDomains"
        ],
        "X-Content-Type-Options": [
          "nosniff"
        ],
        "Date": [
          "Thu, 15 Jun 2023 22:53:46 GMT"
        ],
        "Content-Length": [
          "177"
        ],
        "Content-Type": [
          "application/json; charset=utf-8"
        ],
        "Expires": [
          "-1"
        ]
      },
      "ResponseBody": "{\r\n  \"id\": \"/subscriptions/f9b96b36-1f5e-4021-8959-51527e26e6d3/resourceGroups/pstestrg2535\",\r\n  \"name\": \"pstestrg2535\",\r\n  \"location\": \"westus\",\r\n  \"properties\": {\r\n    \"provisioningState\": \"Succeeded\"\r\n  }\r\n}",
      "StatusCode": 201
    },
    {
      "RequestUri": "/subscriptions/f9b96b36-1f5e-4021-8959-51527e26e6d3/resourceGroups/pstestrg2535/providers/Microsoft.CognitiveServices/accounts/csapstestrg2535?api-version=2023-05-01",
      "EncodedRequestUri": "L3N1YnNjcmlwdGlvbnMvZjliOTZiMzYtMWY1ZS00MDIxLTg5NTktNTE1MjdlMjZlNmQzL3Jlc291cmNlR3JvdXBzL3BzdGVzdHJnMjUzNS9wcm92aWRlcnMvTWljcm9zb2Z0LkNvZ25pdGl2ZVNlcnZpY2VzL2FjY291bnRzL2NzYXBzdGVzdHJnMjUzNT9hcGktdmVyc2lvbj0yMDIzLTA1LTAx",
      "RequestMethod": "PUT",
      "RequestHeaders": {
        "x-ms-client-request-id": [
          "3df9fd0e-69ef-47a0-8396-4f5102bb00b8"
        ],
        "Accept-Language": [
          "en-US"
        ],
        "User-Agent": [
          "FxVersion/4.700.22.55902",
          "OSName/Windows",
          "OSVersion/Microsoft.Windows.10.0.22621",
          "Microsoft.Azure.Management.CognitiveServices.CognitiveServicesManagementClient/9.0.0.0"
        ],
        "Content-Type": [
          "application/json; charset=utf-8"
        ],
        "Content-Length": [
          "114"
        ]
      },
      "RequestBody": "{\r\n  \"kind\": \"TextAnalytics\",\r\n  \"sku\": {\r\n    \"name\": \"S2\"\r\n  },\r\n  \"location\": \"West US\",\r\n  \"properties\": {}\r\n}",
      "ResponseHeaders": {
        "Cache-Control": [
          "no-cache"
        ],
        "Pragma": [
          "no-cache"
        ],
        "ETag": [
          "\"35038e6d-0000-0700-0000-648b967d0000\""
        ],
        "X-Content-Type-Options": [
          "nosniff"
        ],
        "x-ms-request-id": [
          "7b968950-7b21-4e0b-b713-eb5ac005e58e"
        ],
        "azure-asyncoperation": [
          "https://management.azure.com/subscriptions/f9b96b36-1f5e-4021-8959-51527e26e6d3/providers/Microsoft.CognitiveServices/locations/West US/operationResults/0b973eb1-8035-4af4-a3eb-ae7bbd6db7a1?api-version=2017-04-18"
        ],
        "x-envoy-upstream-service-time": [
          "635"
        ],
        "Server": [
          "istio-envoy"
        ],
        "x-ms-ratelimit-remaining-subscription-writes": [
          "1199"
        ],
        "x-ms-correlation-request-id": [
          "c44ecbfd-401b-4efe-b258-aa1d82cb5c6d"
        ],
        "x-ms-routing-request-id": [
          "WESTCENTRALUS:20230615T225350Z:c44ecbfd-401b-4efe-b258-aa1d82cb5c6d"
        ],
        "Strict-Transport-Security": [
          "max-age=31536000; includeSubDomains"
        ],
        "Date": [
          "Thu, 15 Jun 2023 22:53:49 GMT"
        ],
        "Content-Length": [
          "2715"
        ],
        "Content-Type": [
          "application/json; charset=utf-8"
        ],
        "Expires": [
          "-1"
        ]
      },
      "ResponseBody": "{\r\n  \"id\": \"/subscriptions/f9b96b36-1f5e-4021-8959-51527e26e6d3/resourceGroups/pstestrg2535/providers/Microsoft.CognitiveServices/accounts/csapstestrg2535\",\r\n  \"name\": \"csapstestrg2535\",\r\n  \"type\": \"Microsoft.CognitiveServices/accounts\",\r\n  \"etag\": \"\\\"35038e6d-0000-0700-0000-648b967d0000\\\"\",\r\n  \"location\": \"West US\",\r\n  \"sku\": {\r\n    \"name\": \"S2\"\r\n  },\r\n  \"kind\": \"TextAnalytics\",\r\n  \"properties\": {\r\n    \"endpoint\": \"https://westus.api.cognitive.microsoft.com/\",\r\n    \"internalId\": \"53350c458316487da5b9a15eaa3abf05\",\r\n    \"dateCreated\": \"2023-06-15T22:53:49.3979282Z\",\r\n    \"apiProperties\": {\r\n      \"qnaAzureSearchEndpointKey\": null\r\n    },\r\n    \"isMigrated\": false,\r\n    \"privateEndpointConnections\": [],\r\n    \"publicNetworkAccess\": \"Enabled\",\r\n    \"capabilities\": [\r\n      {\r\n        \"name\": \"VirtualNetworks\"\r\n      },\r\n      {\r\n        \"name\": \"CustomerManagedKey\"\r\n      },\r\n      {\r\n        \"name\": \"Container\",\r\n        \"value\": \"TextAnalytics.*,TextAnalytics.Healthcare,TextAnalytics.HealthcareFhir,TextAnalytics.Keyphrase,TextAnalytics.KeyphraseV2,TextAnalytics.KeyPhraseONNX,TextAnalytics.LanguageFastText,TextAnalytics.Language,TextAnalytics.LanguageV2,TextAnalytics.Sentiment,TextAnalytics.SentimentV2,TextAnalytics.SentimentV3,TextAnalytics.SentimentV3Preview,TextAnalytics.CustomNER,TextAnalytics.textanalyticsdispatcher\"\r\n      },\r\n      {\r\n        \"name\": \"Cloud\",\r\n        \"value\": \"QuestionAnswer.AllApis,LanguageService.QuestionAnsweringApis\"\r\n      }\r\n    ],\r\n    \"endpoints\": {\r\n      \"Text Analytics\": \"https://westus.api.cognitive.microsoft.com/\",\r\n      \"Custom Text Authoring\": \"https://westus.api.cognitive.microsoft.com/\",\r\n      \"Conversational Language Understanding Authoring\": \"https://westus.api.cognitive.microsoft.com/\",\r\n      \"Custom Question Answering Authoring\": \"https://westus.api.cognitive.microsoft.com/\",\r\n      \"Custom Question Answering\": \"https://westus.api.cognitive.microsoft.com/\",\r\n      \"ConversationalLURuntime\": \"https://westus.api.cognitive.microsoft.com/\",\r\n      \"Language\": \"https://westus.api.cognitive.microsoft.com/\",\r\n      \"Language-2022-05-01\": \"https://westus.api.cognitive.microsoft.com/\",\r\n      \"QnAMaker\": \"https://westus.api.cognitive.microsoft.com/\",\r\n      \"turing\": \"https://westus.api.cognitive.microsoft.com/\",\r\n      \"Turing DeepWrite\": \"https://westus.api.cognitive.microsoft.com/\",\r\n      \"QuestionAnswering\": \"https://westus.api.cognitive.microsoft.com/\",\r\n      \"QuestionAnsweringBizQA\": \"https://westus.api.cognitive.microsoft.com/\",\r\n      \"QuestionAnsweringQnAGen\": \"https://westus.api.cognitive.microsoft.com/\",\r\n      \"QuestionAnswering Generate\": \"https://westus.api.cognitive.microsoft.com/\",\r\n      \"LUIS.Authoring\": \"https://westus.api.cognitive.microsoft.com/\",\r\n      \"Container\": \"https://westus.api.cognitive.microsoft.com/\"\r\n    },\r\n    \"provisioningState\": \"Creating\"\r\n  },\r\n  \"systemData\": {\r\n    \"createdBy\": \"50841d5f-166a-406c-8472-6800c9698b43\",\r\n    \"createdByType\": \"Application\",\r\n    \"createdAt\": \"2023-06-15T22:53:49.1948204Z\",\r\n    \"lastModifiedBy\": \"50841d5f-166a-406c-8472-6800c9698b43\",\r\n    \"lastModifiedByType\": \"Application\",\r\n    \"lastModifiedAt\": \"2023-06-15T22:53:49.1948204Z\"\r\n  }\r\n}",
      "StatusCode": 201
    },
    {
      "RequestUri": "/subscriptions/f9b96b36-1f5e-4021-8959-51527e26e6d3/providers/Microsoft.CognitiveServices/locations/West%20US/operationResults/0b973eb1-8035-4af4-a3eb-ae7bbd6db7a1?api-version=2017-04-18",
      "EncodedRequestUri": "L3N1YnNjcmlwdGlvbnMvZjliOTZiMzYtMWY1ZS00MDIxLTg5NTktNTE1MjdlMjZlNmQzL3Byb3ZpZGVycy9NaWNyb3NvZnQuQ29nbml0aXZlU2VydmljZXMvbG9jYXRpb25zL1dlc3QlMjBVUy9vcGVyYXRpb25SZXN1bHRzLzBiOTczZWIxLTgwMzUtNGFmNC1hM2ViLWFlN2JiZDZkYjdhMT9hcGktdmVyc2lvbj0yMDE3LTA0LTE4",
      "RequestMethod": "GET",
      "RequestHeaders": {
        "x-ms-client-request-id": [
          "3df9fd0e-69ef-47a0-8396-4f5102bb00b8"
        ],
        "User-Agent": [
          "FxVersion/4.700.22.55902",
          "OSName/Windows",
          "OSVersion/Microsoft.Windows.10.0.22621",
          "Microsoft.Azure.Management.CognitiveServices.CognitiveServicesManagementClient/9.0.0.0"
        ]
      },
      "RequestBody": "",
      "ResponseHeaders": {
        "Cache-Control": [
          "no-cache"
        ],
        "Pragma": [
          "no-cache"
        ],
        "X-Content-Type-Options": [
          "nosniff"
        ],
        "x-ms-request-id": [
          "8e93b010-9f96-409d-b597-16ad464106b5"
        ],
        "x-envoy-upstream-service-time": [
          "9"
        ],
        "Server": [
          "istio-envoy"
        ],
        "x-ms-ratelimit-remaining-subscription-reads": [
          "11993"
        ],
        "x-ms-correlation-request-id": [
          "f566642d-e0a6-4958-aebe-231896860684"
        ],
        "x-ms-routing-request-id": [
          "WESTCENTRALUS:20230615T225420Z:f566642d-e0a6-4958-aebe-231896860684"
        ],
        "Strict-Transport-Security": [
          "max-age=31536000; includeSubDomains"
        ],
        "Date": [
          "Thu, 15 Jun 2023 22:54:19 GMT"
        ],
        "Content-Length": [
          "271"
        ],
        "Content-Type": [
          "application/json; charset=utf-8"
        ],
        "Expires": [
          "-1"
        ]
      },
      "ResponseBody": "{\r\n  \"id\": \"/subscriptions/f9b96b36-1f5e-4021-8959-51527e26e6d3/providers/Microsoft.CognitiveServices/locations/West US/operationResults/0b973eb1-8035-4af4-a3eb-ae7bbd6db7a1\",\r\n  \"name\": \"0b973eb1-8035-4af4-a3eb-ae7bbd6db7a1\",\r\n  \"status\": \"Creating\",\r\n  \"startTime\": \"2023-06-15T22:53:49Z\"\r\n}",
      "StatusCode": 200
    },
    {
      "RequestUri": "/subscriptions/f9b96b36-1f5e-4021-8959-51527e26e6d3/providers/Microsoft.CognitiveServices/locations/West%20US/operationResults/0b973eb1-8035-4af4-a3eb-ae7bbd6db7a1?api-version=2017-04-18",
      "EncodedRequestUri": "L3N1YnNjcmlwdGlvbnMvZjliOTZiMzYtMWY1ZS00MDIxLTg5NTktNTE1MjdlMjZlNmQzL3Byb3ZpZGVycy9NaWNyb3NvZnQuQ29nbml0aXZlU2VydmljZXMvbG9jYXRpb25zL1dlc3QlMjBVUy9vcGVyYXRpb25SZXN1bHRzLzBiOTczZWIxLTgwMzUtNGFmNC1hM2ViLWFlN2JiZDZkYjdhMT9hcGktdmVyc2lvbj0yMDE3LTA0LTE4",
      "RequestMethod": "GET",
      "RequestHeaders": {
        "x-ms-client-request-id": [
          "3df9fd0e-69ef-47a0-8396-4f5102bb00b8"
        ],
        "User-Agent": [
          "FxVersion/4.700.22.55902",
          "OSName/Windows",
          "OSVersion/Microsoft.Windows.10.0.22621",
          "Microsoft.Azure.Management.CognitiveServices.CognitiveServicesManagementClient/9.0.0.0"
        ]
      },
      "RequestBody": "",
      "ResponseHeaders": {
        "Cache-Control": [
          "no-cache"
        ],
        "Pragma": [
          "no-cache"
        ],
        "X-Content-Type-Options": [
          "nosniff"
        ],
        "x-ms-request-id": [
          "15edbf45-cf26-4b14-9e5c-48d12225803d"
        ],
        "x-envoy-upstream-service-time": [
          "9"
        ],
        "Server": [
          "istio-envoy"
        ],
        "x-ms-ratelimit-remaining-subscription-reads": [
          "11992"
        ],
        "x-ms-correlation-request-id": [
          "76412220-ccb6-4708-8671-520549ad47f4"
        ],
        "x-ms-routing-request-id": [
          "WESTCENTRALUS:20230615T225450Z:76412220-ccb6-4708-8671-520549ad47f4"
        ],
        "Strict-Transport-Security": [
          "max-age=31536000; includeSubDomains"
        ],
        "Date": [
          "Thu, 15 Jun 2023 22:54:50 GMT"
        ],
        "Content-Length": [
          "305"
        ],
        "Content-Type": [
          "application/json; charset=utf-8"
        ],
        "Expires": [
          "-1"
        ]
      },
      "ResponseBody": "{\r\n  \"id\": \"/subscriptions/f9b96b36-1f5e-4021-8959-51527e26e6d3/providers/Microsoft.CognitiveServices/locations/West US/operationResults/0b973eb1-8035-4af4-a3eb-ae7bbd6db7a1\",\r\n  \"name\": \"0b973eb1-8035-4af4-a3eb-ae7bbd6db7a1\",\r\n  \"status\": \"Succeeded\",\r\n  \"startTime\": \"2023-06-15T22:53:49Z\",\r\n  \"endTime\": \"2023-06-15T22:54:23Z\"\r\n}",
      "StatusCode": 200
    },
    {
      "RequestUri": "/subscriptions/f9b96b36-1f5e-4021-8959-51527e26e6d3/resourceGroups/pstestrg2535/providers/Microsoft.CognitiveServices/accounts/csapstestrg2535?api-version=2023-05-01",
      "EncodedRequestUri": "L3N1YnNjcmlwdGlvbnMvZjliOTZiMzYtMWY1ZS00MDIxLTg5NTktNTE1MjdlMjZlNmQzL3Jlc291cmNlR3JvdXBzL3BzdGVzdHJnMjUzNS9wcm92aWRlcnMvTWljcm9zb2Z0LkNvZ25pdGl2ZVNlcnZpY2VzL2FjY291bnRzL2NzYXBzdGVzdHJnMjUzNT9hcGktdmVyc2lvbj0yMDIzLTA1LTAx",
      "RequestMethod": "GET",
      "RequestHeaders": {
        "x-ms-client-request-id": [
          "3df9fd0e-69ef-47a0-8396-4f5102bb00b8"
        ],
        "User-Agent": [
          "FxVersion/4.700.22.55902",
          "OSName/Windows",
          "OSVersion/Microsoft.Windows.10.0.22621",
          "Microsoft.Azure.Management.CognitiveServices.CognitiveServicesManagementClient/9.0.0.0"
        ]
      },
      "RequestBody": "",
      "ResponseHeaders": {
        "Cache-Control": [
          "no-cache"
        ],
        "Pragma": [
          "no-cache"
        ],
        "ETag": [
          "\"3503c26d-0000-0700-0000-648b969e0000\""
        ],
        "X-Content-Type-Options": [
          "nosniff"
        ],
        "x-ms-request-id": [
          "d9b5060c-36ab-46fa-8fb7-ff2be4cc601c"
        ],
        "x-envoy-upstream-service-time": [
          "12"
        ],
        "Server": [
          "istio-envoy"
        ],
        "x-ms-ratelimit-remaining-subscription-reads": [
          "11991"
        ],
        "x-ms-correlation-request-id": [
          "ce992d2f-753b-4f72-a030-8129d3efd93b"
        ],
        "x-ms-routing-request-id": [
          "WESTCENTRALUS:20230615T225450Z:ce992d2f-753b-4f72-a030-8129d3efd93b"
        ],
        "Strict-Transport-Security": [
          "max-age=31536000; includeSubDomains"
        ],
        "Date": [
          "Thu, 15 Jun 2023 22:54:50 GMT"
        ],
        "Content-Length": [
          "2716"
        ],
        "Content-Type": [
          "application/json; charset=utf-8"
        ],
        "Expires": [
          "-1"
        ]
      },
      "ResponseBody": "{\r\n  \"id\": \"/subscriptions/f9b96b36-1f5e-4021-8959-51527e26e6d3/resourceGroups/pstestrg2535/providers/Microsoft.CognitiveServices/accounts/csapstestrg2535\",\r\n  \"name\": \"csapstestrg2535\",\r\n  \"type\": \"Microsoft.CognitiveServices/accounts\",\r\n  \"etag\": \"\\\"3503c26d-0000-0700-0000-648b969e0000\\\"\",\r\n  \"location\": \"West US\",\r\n  \"sku\": {\r\n    \"name\": \"S2\"\r\n  },\r\n  \"kind\": \"TextAnalytics\",\r\n  \"properties\": {\r\n    \"endpoint\": \"https://westus.api.cognitive.microsoft.com/\",\r\n    \"internalId\": \"53350c458316487da5b9a15eaa3abf05\",\r\n    \"dateCreated\": \"2023-06-15T22:53:49.3979282Z\",\r\n    \"apiProperties\": {\r\n      \"qnaAzureSearchEndpointKey\": null\r\n    },\r\n    \"isMigrated\": false,\r\n    \"privateEndpointConnections\": [],\r\n    \"publicNetworkAccess\": \"Enabled\",\r\n    \"capabilities\": [\r\n      {\r\n        \"name\": \"VirtualNetworks\"\r\n      },\r\n      {\r\n        \"name\": \"CustomerManagedKey\"\r\n      },\r\n      {\r\n        \"name\": \"Container\",\r\n        \"value\": \"TextAnalytics.*,TextAnalytics.Healthcare,TextAnalytics.HealthcareFhir,TextAnalytics.Keyphrase,TextAnalytics.KeyphraseV2,TextAnalytics.KeyPhraseONNX,TextAnalytics.LanguageFastText,TextAnalytics.Language,TextAnalytics.LanguageV2,TextAnalytics.Sentiment,TextAnalytics.SentimentV2,TextAnalytics.SentimentV3,TextAnalytics.SentimentV3Preview,TextAnalytics.CustomNER,TextAnalytics.textanalyticsdispatcher\"\r\n      },\r\n      {\r\n        \"name\": \"Cloud\",\r\n        \"value\": \"QuestionAnswer.AllApis,LanguageService.QuestionAnsweringApis\"\r\n      }\r\n    ],\r\n    \"endpoints\": {\r\n      \"Text Analytics\": \"https://westus.api.cognitive.microsoft.com/\",\r\n      \"Custom Text Authoring\": \"https://westus.api.cognitive.microsoft.com/\",\r\n      \"Conversational Language Understanding Authoring\": \"https://westus.api.cognitive.microsoft.com/\",\r\n      \"Custom Question Answering Authoring\": \"https://westus.api.cognitive.microsoft.com/\",\r\n      \"Custom Question Answering\": \"https://westus.api.cognitive.microsoft.com/\",\r\n      \"ConversationalLURuntime\": \"https://westus.api.cognitive.microsoft.com/\",\r\n      \"Language\": \"https://westus.api.cognitive.microsoft.com/\",\r\n      \"Language-2022-05-01\": \"https://westus.api.cognitive.microsoft.com/\",\r\n      \"QnAMaker\": \"https://westus.api.cognitive.microsoft.com/\",\r\n      \"turing\": \"https://westus.api.cognitive.microsoft.com/\",\r\n      \"Turing DeepWrite\": \"https://westus.api.cognitive.microsoft.com/\",\r\n      \"QuestionAnswering\": \"https://westus.api.cognitive.microsoft.com/\",\r\n      \"QuestionAnsweringBizQA\": \"https://westus.api.cognitive.microsoft.com/\",\r\n      \"QuestionAnsweringQnAGen\": \"https://westus.api.cognitive.microsoft.com/\",\r\n      \"QuestionAnswering Generate\": \"https://westus.api.cognitive.microsoft.com/\",\r\n      \"LUIS.Authoring\": \"https://westus.api.cognitive.microsoft.com/\",\r\n      \"Container\": \"https://westus.api.cognitive.microsoft.com/\"\r\n    },\r\n    \"provisioningState\": \"Succeeded\"\r\n  },\r\n  \"systemData\": {\r\n    \"createdBy\": \"50841d5f-166a-406c-8472-6800c9698b43\",\r\n    \"createdByType\": \"Application\",\r\n    \"createdAt\": \"2023-06-15T22:53:49.1948204Z\",\r\n    \"lastModifiedBy\": \"50841d5f-166a-406c-8472-6800c9698b43\",\r\n    \"lastModifiedByType\": \"Application\",\r\n    \"lastModifiedAt\": \"2023-06-15T22:53:49.1948204Z\"\r\n  }\r\n}",
      "StatusCode": 200
    },
    {
      "RequestUri": "/subscriptions/f9b96b36-1f5e-4021-8959-51527e26e6d3/resourceGroups/pstestrg2535/providers/Microsoft.CognitiveServices/accounts/csapstestrg2535?api-version=2023-05-01",
      "EncodedRequestUri": "L3N1YnNjcmlwdGlvbnMvZjliOTZiMzYtMWY1ZS00MDIxLTg5NTktNTE1MjdlMjZlNmQzL3Jlc291cmNlR3JvdXBzL3BzdGVzdHJnMjUzNS9wcm92aWRlcnMvTWljcm9zb2Z0LkNvZ25pdGl2ZVNlcnZpY2VzL2FjY291bnRzL2NzYXBzdGVzdHJnMjUzNT9hcGktdmVyc2lvbj0yMDIzLTA1LTAx",
      "RequestMethod": "GET",
      "RequestHeaders": {
        "x-ms-client-request-id": [
          "3df9fd0e-69ef-47a0-8396-4f5102bb00b8"
        ],
        "Accept-Language": [
          "en-US"
        ],
        "User-Agent": [
          "FxVersion/4.700.22.55902",
          "OSName/Windows",
          "OSVersion/Microsoft.Windows.10.0.22621",
          "Microsoft.Azure.Management.CognitiveServices.CognitiveServicesManagementClient/9.0.0.0"
        ]
      },
      "RequestBody": "",
      "ResponseHeaders": {
        "Cache-Control": [
          "no-cache"
        ],
        "Pragma": [
          "no-cache"
        ],
        "ETag": [
          "\"3503c26d-0000-0700-0000-648b969e0000\""
        ],
        "X-Content-Type-Options": [
          "nosniff"
        ],
        "x-ms-request-id": [
          "58a0b7df-37da-4320-a935-5f05ef4250ac"
        ],
        "x-envoy-upstream-service-time": [
          "10"
        ],
        "Server": [
          "istio-envoy"
        ],
        "x-ms-ratelimit-remaining-subscription-reads": [
          "11990"
        ],
        "x-ms-correlation-request-id": [
          "54df5e58-5184-4f7c-b03d-10803baef12d"
        ],
        "x-ms-routing-request-id": [
          "WESTCENTRALUS:20230615T225451Z:54df5e58-5184-4f7c-b03d-10803baef12d"
        ],
        "Strict-Transport-Security": [
          "max-age=31536000; includeSubDomains"
        ],
        "Date": [
          "Thu, 15 Jun 2023 22:54:50 GMT"
        ],
        "Content-Length": [
          "2716"
        ],
        "Content-Type": [
          "application/json; charset=utf-8"
        ],
        "Expires": [
          "-1"
        ]
      },
      "ResponseBody": "{\r\n  \"id\": \"/subscriptions/f9b96b36-1f5e-4021-8959-51527e26e6d3/resourceGroups/pstestrg2535/providers/Microsoft.CognitiveServices/accounts/csapstestrg2535\",\r\n  \"name\": \"csapstestrg2535\",\r\n  \"type\": \"Microsoft.CognitiveServices/accounts\",\r\n  \"etag\": \"\\\"3503c26d-0000-0700-0000-648b969e0000\\\"\",\r\n  \"location\": \"West US\",\r\n  \"sku\": {\r\n    \"name\": \"S2\"\r\n  },\r\n  \"kind\": \"TextAnalytics\",\r\n  \"properties\": {\r\n    \"endpoint\": \"https://westus.api.cognitive.microsoft.com/\",\r\n    \"internalId\": \"53350c458316487da5b9a15eaa3abf05\",\r\n    \"dateCreated\": \"2023-06-15T22:53:49.3979282Z\",\r\n    \"apiProperties\": {\r\n      \"qnaAzureSearchEndpointKey\": null\r\n    },\r\n    \"isMigrated\": false,\r\n    \"privateEndpointConnections\": [],\r\n    \"publicNetworkAccess\": \"Enabled\",\r\n    \"capabilities\": [\r\n      {\r\n        \"name\": \"VirtualNetworks\"\r\n      },\r\n      {\r\n        \"name\": \"CustomerManagedKey\"\r\n      },\r\n      {\r\n        \"name\": \"Container\",\r\n        \"value\": \"TextAnalytics.*,TextAnalytics.Healthcare,TextAnalytics.HealthcareFhir,TextAnalytics.Keyphrase,TextAnalytics.KeyphraseV2,TextAnalytics.KeyPhraseONNX,TextAnalytics.LanguageFastText,TextAnalytics.Language,TextAnalytics.LanguageV2,TextAnalytics.Sentiment,TextAnalytics.SentimentV2,TextAnalytics.SentimentV3,TextAnalytics.SentimentV3Preview,TextAnalytics.CustomNER,TextAnalytics.textanalyticsdispatcher\"\r\n      },\r\n      {\r\n        \"name\": \"Cloud\",\r\n        \"value\": \"QuestionAnswer.AllApis,LanguageService.QuestionAnsweringApis\"\r\n      }\r\n    ],\r\n    \"endpoints\": {\r\n      \"Text Analytics\": \"https://westus.api.cognitive.microsoft.com/\",\r\n      \"Custom Text Authoring\": \"https://westus.api.cognitive.microsoft.com/\",\r\n      \"Conversational Language Understanding Authoring\": \"https://westus.api.cognitive.microsoft.com/\",\r\n      \"Custom Question Answering Authoring\": \"https://westus.api.cognitive.microsoft.com/\",\r\n      \"Custom Question Answering\": \"https://westus.api.cognitive.microsoft.com/\",\r\n      \"ConversationalLURuntime\": \"https://westus.api.cognitive.microsoft.com/\",\r\n      \"Language\": \"https://westus.api.cognitive.microsoft.com/\",\r\n      \"Language-2022-05-01\": \"https://westus.api.cognitive.microsoft.com/\",\r\n      \"QnAMaker\": \"https://westus.api.cognitive.microsoft.com/\",\r\n      \"turing\": \"https://westus.api.cognitive.microsoft.com/\",\r\n      \"Turing DeepWrite\": \"https://westus.api.cognitive.microsoft.com/\",\r\n      \"QuestionAnswering\": \"https://westus.api.cognitive.microsoft.com/\",\r\n      \"QuestionAnsweringBizQA\": \"https://westus.api.cognitive.microsoft.com/\",\r\n      \"QuestionAnsweringQnAGen\": \"https://westus.api.cognitive.microsoft.com/\",\r\n      \"QuestionAnswering Generate\": \"https://westus.api.cognitive.microsoft.com/\",\r\n      \"LUIS.Authoring\": \"https://westus.api.cognitive.microsoft.com/\",\r\n      \"Container\": \"https://westus.api.cognitive.microsoft.com/\"\r\n    },\r\n    \"provisioningState\": \"Succeeded\"\r\n  },\r\n  \"systemData\": {\r\n    \"createdBy\": \"50841d5f-166a-406c-8472-6800c9698b43\",\r\n    \"createdByType\": \"Application\",\r\n    \"createdAt\": \"2023-06-15T22:53:49.1948204Z\",\r\n    \"lastModifiedBy\": \"50841d5f-166a-406c-8472-6800c9698b43\",\r\n    \"lastModifiedByType\": \"Application\",\r\n    \"lastModifiedAt\": \"2023-06-15T22:53:49.1948204Z\"\r\n  }\r\n}",
      "StatusCode": 200
    },
    {
      "RequestUri": "/subscriptions/f9b96b36-1f5e-4021-8959-51527e26e6d3/resourceGroups/pstestrg2535/providers/Microsoft.CognitiveServices/accounts/csapstestrg2535?api-version=2023-05-01",
      "EncodedRequestUri": "L3N1YnNjcmlwdGlvbnMvZjliOTZiMzYtMWY1ZS00MDIxLTg5NTktNTE1MjdlMjZlNmQzL3Jlc291cmNlR3JvdXBzL3BzdGVzdHJnMjUzNS9wcm92aWRlcnMvTWljcm9zb2Z0LkNvZ25pdGl2ZVNlcnZpY2VzL2FjY291bnRzL2NzYXBzdGVzdHJnMjUzNT9hcGktdmVyc2lvbj0yMDIzLTA1LTAx",
      "RequestMethod": "GET",
      "RequestHeaders": {
        "x-ms-client-request-id": [
          "6aa86af7-dd28-4548-8a3d-b0f36c902a53"
        ],
        "Accept-Language": [
          "en-US"
        ],
        "User-Agent": [
          "FxVersion/4.700.22.55902",
          "OSName/Windows",
          "OSVersion/Microsoft.Windows.10.0.22621",
          "Microsoft.Azure.Management.CognitiveServices.CognitiveServicesManagementClient/9.0.0.0"
        ]
      },
      "RequestBody": "",
      "ResponseHeaders": {
        "Cache-Control": [
          "no-cache"
        ],
        "Pragma": [
          "no-cache"
        ],
        "ETag": [
          "\"3503c26d-0000-0700-0000-648b969e0000\""
        ],
        "X-Content-Type-Options": [
          "nosniff"
        ],
        "x-ms-request-id": [
          "0b09b358-53c4-4bbb-9294-b09af3f8a000"
        ],
        "x-envoy-upstream-service-time": [
          "10"
        ],
        "Server": [
          "istio-envoy"
        ],
        "x-ms-ratelimit-remaining-subscription-reads": [
          "11999"
        ],
        "x-ms-correlation-request-id": [
          "b0fc9773-a2b9-42c2-a48c-7747ed9cae30"
        ],
        "x-ms-routing-request-id": [
          "WESTCENTRALUS:20230615T225451Z:b0fc9773-a2b9-42c2-a48c-7747ed9cae30"
        ],
        "Strict-Transport-Security": [
          "max-age=31536000; includeSubDomains"
        ],
        "Date": [
          "Thu, 15 Jun 2023 22:54:50 GMT"
        ],
        "Content-Length": [
          "2716"
        ],
        "Content-Type": [
          "application/json; charset=utf-8"
        ],
        "Expires": [
          "-1"
        ]
      },
      "ResponseBody": "{\r\n  \"id\": \"/subscriptions/f9b96b36-1f5e-4021-8959-51527e26e6d3/resourceGroups/pstestrg2535/providers/Microsoft.CognitiveServices/accounts/csapstestrg2535\",\r\n  \"name\": \"csapstestrg2535\",\r\n  \"type\": \"Microsoft.CognitiveServices/accounts\",\r\n  \"etag\": \"\\\"3503c26d-0000-0700-0000-648b969e0000\\\"\",\r\n  \"location\": \"West US\",\r\n  \"sku\": {\r\n    \"name\": \"S2\"\r\n  },\r\n  \"kind\": \"TextAnalytics\",\r\n  \"properties\": {\r\n    \"endpoint\": \"https://westus.api.cognitive.microsoft.com/\",\r\n    \"internalId\": \"53350c458316487da5b9a15eaa3abf05\",\r\n    \"dateCreated\": \"2023-06-15T22:53:49.3979282Z\",\r\n    \"apiProperties\": {\r\n      \"qnaAzureSearchEndpointKey\": null\r\n    },\r\n    \"isMigrated\": false,\r\n    \"privateEndpointConnections\": [],\r\n    \"publicNetworkAccess\": \"Enabled\",\r\n    \"capabilities\": [\r\n      {\r\n        \"name\": \"VirtualNetworks\"\r\n      },\r\n      {\r\n        \"name\": \"CustomerManagedKey\"\r\n      },\r\n      {\r\n        \"name\": \"Container\",\r\n        \"value\": \"TextAnalytics.*,TextAnalytics.Healthcare,TextAnalytics.HealthcareFhir,TextAnalytics.Keyphrase,TextAnalytics.KeyphraseV2,TextAnalytics.KeyPhraseONNX,TextAnalytics.LanguageFastText,TextAnalytics.Language,TextAnalytics.LanguageV2,TextAnalytics.Sentiment,TextAnalytics.SentimentV2,TextAnalytics.SentimentV3,TextAnalytics.SentimentV3Preview,TextAnalytics.CustomNER,TextAnalytics.textanalyticsdispatcher\"\r\n      },\r\n      {\r\n        \"name\": \"Cloud\",\r\n        \"value\": \"QuestionAnswer.AllApis,LanguageService.QuestionAnsweringApis\"\r\n      }\r\n    ],\r\n    \"endpoints\": {\r\n      \"Text Analytics\": \"https://westus.api.cognitive.microsoft.com/\",\r\n      \"Custom Text Authoring\": \"https://westus.api.cognitive.microsoft.com/\",\r\n      \"Conversational Language Understanding Authoring\": \"https://westus.api.cognitive.microsoft.com/\",\r\n      \"Custom Question Answering Authoring\": \"https://westus.api.cognitive.microsoft.com/\",\r\n      \"Custom Question Answering\": \"https://westus.api.cognitive.microsoft.com/\",\r\n      \"ConversationalLURuntime\": \"https://westus.api.cognitive.microsoft.com/\",\r\n      \"Language\": \"https://westus.api.cognitive.microsoft.com/\",\r\n      \"Language-2022-05-01\": \"https://westus.api.cognitive.microsoft.com/\",\r\n      \"QnAMaker\": \"https://westus.api.cognitive.microsoft.com/\",\r\n      \"turing\": \"https://westus.api.cognitive.microsoft.com/\",\r\n      \"Turing DeepWrite\": \"https://westus.api.cognitive.microsoft.com/\",\r\n      \"QuestionAnswering\": \"https://westus.api.cognitive.microsoft.com/\",\r\n      \"QuestionAnsweringBizQA\": \"https://westus.api.cognitive.microsoft.com/\",\r\n      \"QuestionAnsweringQnAGen\": \"https://westus.api.cognitive.microsoft.com/\",\r\n      \"QuestionAnswering Generate\": \"https://westus.api.cognitive.microsoft.com/\",\r\n      \"LUIS.Authoring\": \"https://westus.api.cognitive.microsoft.com/\",\r\n      \"Container\": \"https://westus.api.cognitive.microsoft.com/\"\r\n    },\r\n    \"provisioningState\": \"Succeeded\"\r\n  },\r\n  \"systemData\": {\r\n    \"createdBy\": \"50841d5f-166a-406c-8472-6800c9698b43\",\r\n    \"createdByType\": \"Application\",\r\n    \"createdAt\": \"2023-06-15T22:53:49.1948204Z\",\r\n    \"lastModifiedBy\": \"50841d5f-166a-406c-8472-6800c9698b43\",\r\n    \"lastModifiedByType\": \"Application\",\r\n    \"lastModifiedAt\": \"2023-06-15T22:53:49.1948204Z\"\r\n  }\r\n}",
      "StatusCode": 200
    },
    {
      "RequestUri": "/subscriptions/f9b96b36-1f5e-4021-8959-51527e26e6d3/resourceGroups/pstestrg2535/providers/Microsoft.CognitiveServices/accounts/csapstestrg2535/listKeys?api-version=2023-05-01",
      "EncodedRequestUri": "L3N1YnNjcmlwdGlvbnMvZjliOTZiMzYtMWY1ZS00MDIxLTg5NTktNTE1MjdlMjZlNmQzL3Jlc291cmNlR3JvdXBzL3BzdGVzdHJnMjUzNS9wcm92aWRlcnMvTWljcm9zb2Z0LkNvZ25pdGl2ZVNlcnZpY2VzL2FjY291bnRzL2NzYXBzdGVzdHJnMjUzNS9saXN0S2V5cz9hcGktdmVyc2lvbj0yMDIzLTA1LTAx",
      "RequestMethod": "POST",
      "RequestHeaders": {
        "x-ms-client-request-id": [
          "6aa86af7-dd28-4548-8a3d-b0f36c902a53"
        ],
        "Accept-Language": [
          "en-US"
        ],
        "User-Agent": [
          "FxVersion/4.700.22.55902",
          "OSName/Windows",
          "OSVersion/Microsoft.Windows.10.0.22621",
          "Microsoft.Azure.Management.CognitiveServices.CognitiveServicesManagementClient/9.0.0.0"
        ]
      },
      "RequestBody": "",
      "ResponseHeaders": {
        "Cache-Control": [
          "no-cache"
        ],
        "Pragma": [
          "no-cache"
        ],
        "X-Content-Type-Options": [
          "nosniff"
        ],
        "x-ms-request-id": [
          "ea64ea5a-7f6b-422d-a7d1-80ec87d7aa27"
        ],
        "x-envoy-upstream-service-time": [
          "25"
        ],
        "Server": [
          "istio-envoy"
        ],
        "x-ms-ratelimit-remaining-subscription-writes": [
          "1199"
        ],
        "x-ms-correlation-request-id": [
          "5c4cabbe-e3de-4381-af37-f8d789bf91a6"
        ],
        "x-ms-routing-request-id": [
          "WESTCENTRALUS:20230615T225452Z:5c4cabbe-e3de-4381-af37-f8d789bf91a6"
        ],
        "Strict-Transport-Security": [
          "max-age=31536000; includeSubDomains"
        ],
        "Date": [
          "Thu, 15 Jun 2023 22:54:51 GMT"
        ],
        "Content-Length": [
          "85"
        ],
        "Content-Type": [
          "application/json; charset=utf-8"
        ],
        "Expires": [
          "-1"
        ]
      },
      "ResponseBody": "{\r\n  \"key1\": \"67caf495ded84d24950a09bc97ef2e34\",\r\n  \"key2\": \"7f4ad7b179c34ab4872d882fdf5451a8\"\r\n}",
      "StatusCode": 200
    },
    {
      "RequestUri": "/subscriptions/f9b96b36-1f5e-4021-8959-51527e26e6d3/resourceGroups/pstestrg2535/providers/Microsoft.CognitiveServices/accounts/csapstestrg2535?api-version=2023-05-01",
      "EncodedRequestUri": "L3N1YnNjcmlwdGlvbnMvZjliOTZiMzYtMWY1ZS00MDIxLTg5NTktNTE1MjdlMjZlNmQzL3Jlc291cmNlR3JvdXBzL3BzdGVzdHJnMjUzNS9wcm92aWRlcnMvTWljcm9zb2Z0LkNvZ25pdGl2ZVNlcnZpY2VzL2FjY291bnRzL2NzYXBzdGVzdHJnMjUzNT9hcGktdmVyc2lvbj0yMDIzLTA1LTAx",
      "RequestMethod": "DELETE",
      "RequestHeaders": {
        "x-ms-client-request-id": [
          "6e511cb5-3309-426b-93b1-e99085052c63"
        ],
        "Accept-Language": [
          "en-US"
        ],
        "User-Agent": [
          "FxVersion/4.700.22.55902",
          "OSName/Windows",
          "OSVersion/Microsoft.Windows.10.0.22621",
          "Microsoft.Azure.Management.CognitiveServices.CognitiveServicesManagementClient/9.0.0.0"
        ]
      },
      "RequestBody": "",
      "ResponseHeaders": {
        "Cache-Control": [
          "no-cache"
        ],
        "Pragma": [
          "no-cache"
        ],
        "X-Content-Type-Options": [
          "nosniff"
        ],
        "x-envoy-upstream-service-time": [
          "108"
        ],
        "Server": [
          "istio-envoy"
        ],
        "x-ms-ratelimit-remaining-subscription-deletes": [
          "14999"
        ],
        "x-ms-request-id": [
          "fd1d4b08-9954-465f-8eca-a269ab3e1658"
        ],
        "x-ms-correlation-request-id": [
          "fd1d4b08-9954-465f-8eca-a269ab3e1658"
        ],
        "x-ms-routing-request-id": [
          "WESTCENTRALUS:20230615T225456Z:fd1d4b08-9954-465f-8eca-a269ab3e1658"
        ],
        "Strict-Transport-Security": [
          "max-age=31536000; includeSubDomains"
        ],
        "Date": [
          "Thu, 15 Jun 2023 22:54:55 GMT"
        ],
        "Expires": [
          "-1"
        ],
        "Content-Length": [
          "0"
        ]
      },
      "ResponseBody": "",
      "StatusCode": 200
    },
    {
      "RequestUri": "/subscriptions/f9b96b36-1f5e-4021-8959-51527e26e6d3/resourcegroups/pstestrg2535?api-version=2016-09-01",
      "EncodedRequestUri": "L3N1YnNjcmlwdGlvbnMvZjliOTZiMzYtMWY1ZS00MDIxLTg5NTktNTE1MjdlMjZlNmQzL3Jlc291cmNlZ3JvdXBzL3BzdGVzdHJnMjUzNT9hcGktdmVyc2lvbj0yMDE2LTA5LTAx",
      "RequestMethod": "DELETE",
      "RequestHeaders": {
        "x-ms-client-request-id": [
          "81654570-b369-449e-9a15-c8257f22ad6e"
        ],
        "Accept-Language": [
          "en-US"
        ],
        "User-Agent": [
          "FxVersion/4.700.22.55902",
          "OSName/Windows",
          "OSVersion/Microsoft.Windows.10.0.22621",
          "Microsoft.Azure.Management.Internal.Resources.ResourceManagementClient/1.3.76"
        ]
      },
      "RequestBody": "",
      "ResponseHeaders": {
        "Cache-Control": [
          "no-cache"
        ],
        "Pragma": [
          "no-cache"
        ],
        "Location": [
          "https://management.azure.com/subscriptions/f9b96b36-1f5e-4021-8959-51527e26e6d3/operationresults/eyJqb2JJZCI6IlJFU09VUkNFR1JPVVBERUxFVElPTkpPQi1QU1RFU1RSRzI1MzUtV0VTVFVTIiwiam9iTG9jYXRpb24iOiJ3ZXN0dXMifQ?api-version=2016-09-01"
        ],
        "Retry-After": [
          "15"
        ],
        "x-ms-ratelimit-remaining-subscription-deletes": [
          "14999"
        ],
        "x-ms-request-id": [
          "e1073afb-8896-4a4a-b7f4-5b367dce4948"
        ],
        "x-ms-correlation-request-id": [
          "e1073afb-8896-4a4a-b7f4-5b367dce4948"
        ],
        "x-ms-routing-request-id": [
          "WESTCENTRALUS:20230615T225457Z:e1073afb-8896-4a4a-b7f4-5b367dce4948"
        ],
        "Strict-Transport-Security": [
          "max-age=31536000; includeSubDomains"
        ],
        "X-Content-Type-Options": [
          "nosniff"
        ],
        "Date": [
          "Thu, 15 Jun 2023 22:54:56 GMT"
        ],
        "Expires": [
          "-1"
        ],
        "Content-Length": [
          "0"
        ]
      },
      "ResponseBody": "",
      "StatusCode": 202
    },
    {
      "RequestUri": "/subscriptions/f9b96b36-1f5e-4021-8959-51527e26e6d3/operationresults/eyJqb2JJZCI6IlJFU09VUkNFR1JPVVBERUxFVElPTkpPQi1QU1RFU1RSRzI1MzUtV0VTVFVTIiwiam9iTG9jYXRpb24iOiJ3ZXN0dXMifQ?api-version=2016-09-01",
      "EncodedRequestUri": "L3N1YnNjcmlwdGlvbnMvZjliOTZiMzYtMWY1ZS00MDIxLTg5NTktNTE1MjdlMjZlNmQzL29wZXJhdGlvbnJlc3VsdHMvZXlKcWIySkpaQ0k2SWxKRlUwOVZVa05GUjFKUFZWQkVSVXhGVkVsUFRrcFBRaTFRVTFSRlUxUlNSekkxTXpVdFYwVlRWRlZUSWl3aWFtOWlURzlqWVhScGIyNGlPaUozWlhOMGRYTWlmUT9hcGktdmVyc2lvbj0yMDE2LTA5LTAx",
      "RequestMethod": "GET",
      "RequestHeaders": {
        "User-Agent": [
          "FxVersion/4.700.22.55902",
          "OSName/Windows",
          "OSVersion/Microsoft.Windows.10.0.22621",
          "Microsoft.Azure.Management.Internal.Resources.ResourceManagementClient/1.3.76"
        ]
      },
      "RequestBody": "",
      "ResponseHeaders": {
        "Cache-Control": [
          "no-cache"
        ],
        "Pragma": [
          "no-cache"
        ],
        "Location": [
          "https://management.azure.com/subscriptions/f9b96b36-1f5e-4021-8959-51527e26e6d3/operationresults/eyJqb2JJZCI6IlJFU09VUkNFR1JPVVBERUxFVElPTkpPQi1QU1RFU1RSRzI1MzUtV0VTVFVTIiwiam9iTG9jYXRpb24iOiJ3ZXN0dXMifQ?api-version=2016-09-01"
        ],
        "Retry-After": [
          "15"
        ],
        "x-ms-ratelimit-remaining-subscription-reads": [
          "11996"
        ],
        "x-ms-request-id": [
          "b900a5d5-7839-420a-bdae-880c601e6214"
        ],
        "x-ms-correlation-request-id": [
          "b900a5d5-7839-420a-bdae-880c601e6214"
        ],
        "x-ms-routing-request-id": [
          "WESTCENTRALUS:20230615T225512Z:b900a5d5-7839-420a-bdae-880c601e6214"
        ],
        "Strict-Transport-Security": [
          "max-age=31536000; includeSubDomains"
        ],
        "X-Content-Type-Options": [
          "nosniff"
        ],
        "Date": [
          "Thu, 15 Jun 2023 22:55:12 GMT"
        ],
        "Expires": [
          "-1"
        ],
        "Content-Length": [
          "0"
        ]
      },
      "ResponseBody": "",
      "StatusCode": 202
    },
    {
      "RequestUri": "/subscriptions/f9b96b36-1f5e-4021-8959-51527e26e6d3/operationresults/eyJqb2JJZCI6IlJFU09VUkNFR1JPVVBERUxFVElPTkpPQi1QU1RFU1RSRzI1MzUtV0VTVFVTIiwiam9iTG9jYXRpb24iOiJ3ZXN0dXMifQ?api-version=2016-09-01",
      "EncodedRequestUri": "L3N1YnNjcmlwdGlvbnMvZjliOTZiMzYtMWY1ZS00MDIxLTg5NTktNTE1MjdlMjZlNmQzL29wZXJhdGlvbnJlc3VsdHMvZXlKcWIySkpaQ0k2SWxKRlUwOVZVa05GUjFKUFZWQkVSVXhGVkVsUFRrcFBRaTFRVTFSRlUxUlNSekkxTXpVdFYwVlRWRlZUSWl3aWFtOWlURzlqWVhScGIyNGlPaUozWlhOMGRYTWlmUT9hcGktdmVyc2lvbj0yMDE2LTA5LTAx",
      "RequestMethod": "GET",
      "RequestHeaders": {
        "User-Agent": [
          "FxVersion/4.700.22.55902",
          "OSName/Windows",
          "OSVersion/Microsoft.Windows.10.0.22621",
          "Microsoft.Azure.Management.Internal.Resources.ResourceManagementClient/1.3.76"
        ]
      },
      "RequestBody": "",
      "ResponseHeaders": {
        "Cache-Control": [
          "no-cache"
        ],
        "Pragma": [
          "no-cache"
        ],
        "Location": [
          "https://management.azure.com/subscriptions/f9b96b36-1f5e-4021-8959-51527e26e6d3/operationresults/eyJqb2JJZCI6IlJFU09VUkNFR1JPVVBERUxFVElPTkpPQi1QU1RFU1RSRzI1MzUtV0VTVFVTIiwiam9iTG9jYXRpb24iOiJ3ZXN0dXMifQ?api-version=2016-09-01"
        ],
        "Retry-After": [
          "15"
        ],
        "x-ms-ratelimit-remaining-subscription-reads": [
          "11995"
        ],
        "x-ms-request-id": [
          "c2843ead-a8af-459c-9c29-d513b26f1c8c"
        ],
        "x-ms-correlation-request-id": [
          "c2843ead-a8af-459c-9c29-d513b26f1c8c"
        ],
        "x-ms-routing-request-id": [
          "WESTCENTRALUS:20230615T225527Z:c2843ead-a8af-459c-9c29-d513b26f1c8c"
        ],
        "Strict-Transport-Security": [
          "max-age=31536000; includeSubDomains"
        ],
        "X-Content-Type-Options": [
          "nosniff"
        ],
        "Date": [
          "Thu, 15 Jun 2023 22:55:27 GMT"
        ],
        "Expires": [
          "-1"
        ],
        "Content-Length": [
          "0"
        ]
      },
      "ResponseBody": "",
      "StatusCode": 202
    },
    {
      "RequestUri": "/subscriptions/f9b96b36-1f5e-4021-8959-51527e26e6d3/operationresults/eyJqb2JJZCI6IlJFU09VUkNFR1JPVVBERUxFVElPTkpPQi1QU1RFU1RSRzI1MzUtV0VTVFVTIiwiam9iTG9jYXRpb24iOiJ3ZXN0dXMifQ?api-version=2016-09-01",
      "EncodedRequestUri": "L3N1YnNjcmlwdGlvbnMvZjliOTZiMzYtMWY1ZS00MDIxLTg5NTktNTE1MjdlMjZlNmQzL29wZXJhdGlvbnJlc3VsdHMvZXlKcWIySkpaQ0k2SWxKRlUwOVZVa05GUjFKUFZWQkVSVXhGVkVsUFRrcFBRaTFRVTFSRlUxUlNSekkxTXpVdFYwVlRWRlZUSWl3aWFtOWlURzlqWVhScGIyNGlPaUozWlhOMGRYTWlmUT9hcGktdmVyc2lvbj0yMDE2LTA5LTAx",
      "RequestMethod": "GET",
      "RequestHeaders": {
        "User-Agent": [
          "FxVersion/4.700.22.55902",
          "OSName/Windows",
          "OSVersion/Microsoft.Windows.10.0.22621",
          "Microsoft.Azure.Management.Internal.Resources.ResourceManagementClient/1.3.76"
        ]
      },
      "RequestBody": "",
      "ResponseHeaders": {
        "Cache-Control": [
          "no-cache"
        ],
        "Pragma": [
          "no-cache"
        ],
        "Location": [
          "https://management.azure.com/subscriptions/f9b96b36-1f5e-4021-8959-51527e26e6d3/operationresults/eyJqb2JJZCI6IlJFU09VUkNFR1JPVVBERUxFVElPTkpPQi1QU1RFU1RSRzI1MzUtV0VTVFVTIiwiam9iTG9jYXRpb24iOiJ3ZXN0dXMifQ?api-version=2016-09-01"
        ],
        "Retry-After": [
          "15"
        ],
        "x-ms-ratelimit-remaining-subscription-reads": [
          "11994"
        ],
        "x-ms-request-id": [
          "d393709c-c0b2-4109-8756-be43f37e1cac"
        ],
        "x-ms-correlation-request-id": [
          "d393709c-c0b2-4109-8756-be43f37e1cac"
        ],
        "x-ms-routing-request-id": [
          "WESTCENTRALUS:20230615T225542Z:d393709c-c0b2-4109-8756-be43f37e1cac"
        ],
        "Strict-Transport-Security": [
          "max-age=31536000; includeSubDomains"
        ],
        "X-Content-Type-Options": [
          "nosniff"
        ],
        "Date": [
          "Thu, 15 Jun 2023 22:55:42 GMT"
        ],
        "Expires": [
          "-1"
        ],
        "Content-Length": [
          "0"
        ]
      },
      "ResponseBody": "",
      "StatusCode": 202
    },
    {
      "RequestUri": "/subscriptions/f9b96b36-1f5e-4021-8959-51527e26e6d3/operationresults/eyJqb2JJZCI6IlJFU09VUkNFR1JPVVBERUxFVElPTkpPQi1QU1RFU1RSRzI1MzUtV0VTVFVTIiwiam9iTG9jYXRpb24iOiJ3ZXN0dXMifQ?api-version=2016-09-01",
      "EncodedRequestUri": "L3N1YnNjcmlwdGlvbnMvZjliOTZiMzYtMWY1ZS00MDIxLTg5NTktNTE1MjdlMjZlNmQzL29wZXJhdGlvbnJlc3VsdHMvZXlKcWIySkpaQ0k2SWxKRlUwOVZVa05GUjFKUFZWQkVSVXhGVkVsUFRrcFBRaTFRVTFSRlUxUlNSekkxTXpVdFYwVlRWRlZUSWl3aWFtOWlURzlqWVhScGIyNGlPaUozWlhOMGRYTWlmUT9hcGktdmVyc2lvbj0yMDE2LTA5LTAx",
      "RequestMethod": "GET",
      "RequestHeaders": {
        "User-Agent": [
          "FxVersion/4.700.22.55902",
          "OSName/Windows",
          "OSVersion/Microsoft.Windows.10.0.22621",
          "Microsoft.Azure.Management.Internal.Resources.ResourceManagementClient/1.3.76"
        ]
      },
      "RequestBody": "",
      "ResponseHeaders": {
        "Cache-Control": [
          "no-cache"
        ],
        "Pragma": [
          "no-cache"
        ],
        "Location": [
          "https://management.azure.com/subscriptions/f9b96b36-1f5e-4021-8959-51527e26e6d3/operationresults/eyJqb2JJZCI6IlJFU09VUkNFR1JPVVBERUxFVElPTkpPQi1QU1RFU1RSRzI1MzUtV0VTVFVTIiwiam9iTG9jYXRpb24iOiJ3ZXN0dXMifQ?api-version=2016-09-01"
        ],
        "Retry-After": [
          "15"
        ],
        "x-ms-ratelimit-remaining-subscription-reads": [
          "11993"
        ],
        "x-ms-request-id": [
          "c972f365-48f4-46e2-a1ea-810e45798113"
        ],
        "x-ms-correlation-request-id": [
          "c972f365-48f4-46e2-a1ea-810e45798113"
        ],
        "x-ms-routing-request-id": [
          "WESTCENTRALUS:20230615T225557Z:c972f365-48f4-46e2-a1ea-810e45798113"
        ],
        "Strict-Transport-Security": [
          "max-age=31536000; includeSubDomains"
        ],
        "X-Content-Type-Options": [
          "nosniff"
        ],
        "Date": [
          "Thu, 15 Jun 2023 22:55:57 GMT"
        ],
        "Expires": [
          "-1"
        ],
        "Content-Length": [
          "0"
        ]
      },
      "ResponseBody": "",
      "StatusCode": 202
    },
    {
      "RequestUri": "/subscriptions/f9b96b36-1f5e-4021-8959-51527e26e6d3/operationresults/eyJqb2JJZCI6IlJFU09VUkNFR1JPVVBERUxFVElPTkpPQi1QU1RFU1RSRzI1MzUtV0VTVFVTIiwiam9iTG9jYXRpb24iOiJ3ZXN0dXMifQ?api-version=2016-09-01",
      "EncodedRequestUri": "L3N1YnNjcmlwdGlvbnMvZjliOTZiMzYtMWY1ZS00MDIxLTg5NTktNTE1MjdlMjZlNmQzL29wZXJhdGlvbnJlc3VsdHMvZXlKcWIySkpaQ0k2SWxKRlUwOVZVa05GUjFKUFZWQkVSVXhGVkVsUFRrcFBRaTFRVTFSRlUxUlNSekkxTXpVdFYwVlRWRlZUSWl3aWFtOWlURzlqWVhScGIyNGlPaUozWlhOMGRYTWlmUT9hcGktdmVyc2lvbj0yMDE2LTA5LTAx",
      "RequestMethod": "GET",
      "RequestHeaders": {
        "User-Agent": [
          "FxVersion/4.700.22.55902",
          "OSName/Windows",
          "OSVersion/Microsoft.Windows.10.0.22621",
          "Microsoft.Azure.Management.Internal.Resources.ResourceManagementClient/1.3.76"
        ]
      },
      "RequestBody": "",
      "ResponseHeaders": {
        "Cache-Control": [
          "no-cache"
        ],
        "Pragma": [
          "no-cache"
        ],
        "x-ms-ratelimit-remaining-subscription-reads": [
          "11992"
        ],
        "x-ms-request-id": [
          "c9c1fc32-2f83-4743-8642-3a75743734e8"
        ],
        "x-ms-correlation-request-id": [
          "c9c1fc32-2f83-4743-8642-3a75743734e8"
        ],
        "x-ms-routing-request-id": [
          "WESTCENTRALUS:20230615T225613Z:c9c1fc32-2f83-4743-8642-3a75743734e8"
        ],
        "Strict-Transport-Security": [
          "max-age=31536000; includeSubDomains"
        ],
        "X-Content-Type-Options": [
          "nosniff"
        ],
        "Date": [
          "Thu, 15 Jun 2023 22:56:12 GMT"
        ],
        "Expires": [
          "-1"
        ],
        "Content-Length": [
          "0"
        ]
      },
      "ResponseBody": "",
      "StatusCode": 200
    },
    {
      "RequestUri": "/subscriptions/f9b96b36-1f5e-4021-8959-51527e26e6d3/operationresults/eyJqb2JJZCI6IlJFU09VUkNFR1JPVVBERUxFVElPTkpPQi1QU1RFU1RSRzI1MzUtV0VTVFVTIiwiam9iTG9jYXRpb24iOiJ3ZXN0dXMifQ?api-version=2016-09-01",
      "EncodedRequestUri": "L3N1YnNjcmlwdGlvbnMvZjliOTZiMzYtMWY1ZS00MDIxLTg5NTktNTE1MjdlMjZlNmQzL29wZXJhdGlvbnJlc3VsdHMvZXlKcWIySkpaQ0k2SWxKRlUwOVZVa05GUjFKUFZWQkVSVXhGVkVsUFRrcFBRaTFRVTFSRlUxUlNSekkxTXpVdFYwVlRWRlZUSWl3aWFtOWlURzlqWVhScGIyNGlPaUozWlhOMGRYTWlmUT9hcGktdmVyc2lvbj0yMDE2LTA5LTAx",
      "RequestMethod": "GET",
      "RequestHeaders": {
        "User-Agent": [
          "FxVersion/4.700.22.55902",
          "OSName/Windows",
          "OSVersion/Microsoft.Windows.10.0.22621",
          "Microsoft.Azure.Management.Internal.Resources.ResourceManagementClient/1.3.76"
        ]
      },
      "RequestBody": "",
      "ResponseHeaders": {
        "Cache-Control": [
          "no-cache"
        ],
        "Pragma": [
          "no-cache"
        ],
        "x-ms-ratelimit-remaining-subscription-reads": [
          "11991"
        ],
        "x-ms-request-id": [
          "a2bbd82d-697e-4b5d-824b-e29b5cf2a372"
        ],
        "x-ms-correlation-request-id": [
          "a2bbd82d-697e-4b5d-824b-e29b5cf2a372"
        ],
        "x-ms-routing-request-id": [
          "WESTCENTRALUS:20230615T225613Z:a2bbd82d-697e-4b5d-824b-e29b5cf2a372"
        ],
        "Strict-Transport-Security": [
          "max-age=31536000; includeSubDomains"
        ],
        "X-Content-Type-Options": [
          "nosniff"
        ],
        "Date": [
          "Thu, 15 Jun 2023 22:56:12 GMT"
        ],
        "Expires": [
          "-1"
        ],
        "Content-Length": [
          "0"
        ]
      },
      "ResponseBody": "",
      "StatusCode": 200
    }
  ],
  "Names": {
    "Test-PipingGetAccountToGetKey": [
      "pstestrg2535"
    ]
  },
  "Variables": {
    "SubscriptionId": "f9b96b36-1f5e-4021-8959-51527e26e6d3"
  }
}