{
  "Entries": [
    {
      "RequestUri": "/subscriptions/f9b96b36-1f5e-4021-8959-51527e26e6d3/providers/Microsoft.CognitiveServices?api-version=2016-09-01",
      "EncodedRequestUri": "L3N1YnNjcmlwdGlvbnMvZjliOTZiMzYtMWY1ZS00MDIxLTg5NTktNTE1MjdlMjZlNmQzL3Byb3ZpZGVycy9NaWNyb3NvZnQuQ29nbml0aXZlU2VydmljZXM/YXBpLXZlcnNpb249MjAxNi0wOS0wMQ==",
      "RequestMethod": "GET",
      "RequestBody": "",
      "RequestHeaders": {
        "x-ms-client-request-id": [
          "924e7408-bc7b-4ffa-9182-80ce1903338c"
        ],
        "Accept-Language": [
          "en-US"
        ],
        "User-Agent": [
          "FxVersion/4.6.27019.06",
          "OSName/Windows",
          "OSVersion/Microsoft.Windows.10.0.17763.",
          "Microsoft.Azure.Management.Internal.Resources.ResourceManagementClient/1.1.16"
        ]
      },
      "ResponseHeaders": {
        "Cache-Control": [
          "no-cache"
        ],
        "Pragma": [
          "no-cache"
        ],
        "x-ms-ratelimit-remaining-subscription-reads": [
          "11996"
        ],
        "x-ms-request-id": [
          "03dea442-d0ab-4474-b07b-edf47b461cc4"
        ],
        "x-ms-correlation-request-id": [
          "03dea442-d0ab-4474-b07b-edf47b461cc4"
        ],
        "x-ms-routing-request-id": [
          "JAPANEAST:20190214T053330Z:03dea442-d0ab-4474-b07b-edf47b461cc4"
        ],
        "Strict-Transport-Security": [
          "max-age=31536000; includeSubDomains"
        ],
        "X-Content-Type-Options": [
          "nosniff"
        ],
        "Date": [
          "Thu, 14 Feb 2019 05:33:29 GMT"
        ],
        "Content-Type": [
          "application/json; charset=utf-8"
        ],
        "Expires": [
          "-1"
        ],
        "Content-Length": [
          "2518"
        ]
      },
      "ResponseBody": "{\r\n  \"id\": \"/subscriptions/f9b96b36-1f5e-4021-8959-51527e26e6d3/providers/Microsoft.CognitiveServices\",\r\n  \"namespace\": \"Microsoft.CognitiveServices\",\r\n  \"authorizations\": [\r\n    {\r\n      \"applicationId\": \"7d312290-28c8-473c-a0ed-8e53749b6d6d\",\r\n      \"roleDefinitionId\": \"5cb87f79-a7c3-4a95-9414-45b65974b51b\"\r\n    }\r\n  ],\r\n  \"resourceTypes\": [\r\n    {\r\n      \"resourceType\": \"accounts\",\r\n      \"locations\": [\r\n        \"Global\",\r\n        \"Australia East\",\r\n        \"Brazil South\",\r\n        \"West US\",\r\n        \"West US 2\",\r\n        \"West Europe\",\r\n        \"North Europe\",\r\n        \"Southeast Asia\",\r\n        \"East Asia\",\r\n        \"West Central US\",\r\n        \"South Central US\",\r\n        \"East US\",\r\n        \"East US 2\",\r\n        \"Canada Central\",\r\n        \"Japan East\",\r\n        \"Central India\",\r\n        \"UK South\",\r\n        \"Central US EUAP\",\r\n        \"Japan West\",\r\n        \"Korea Central\",\r\n        \"France Central\",\r\n        \"North Central US\",\r\n        \"Central US\"\r\n      ],\r\n      \"apiVersions\": [\r\n        \"2017-04-18\",\r\n        \"2016-02-01-preview\"\r\n      ],\r\n      \"capabilities\": \"CrossResourceGroupResourceMove, CrossSubscriptionResourceMove\"\r\n    },\r\n    {\r\n      \"resourceType\": \"operations\",\r\n      \"locations\": [\r\n        \"Global\",\r\n        \"Australia East\",\r\n        \"Brazil South\",\r\n        \"West US\",\r\n        \"West US 2\",\r\n        \"West Europe\",\r\n        \"North Europe\",\r\n        \"Southeast Asia\",\r\n        \"East Asia\",\r\n        \"West Central US\",\r\n        \"South Central US\",\r\n        \"East US\",\r\n        \"East US 2\",\r\n        \"Canada Central\",\r\n        \"Japan East\",\r\n        \"Central India\",\r\n        \"UK South\",\r\n        \"Japan West\",\r\n        \"Korea Central\",\r\n        \"France Central\",\r\n        \"North Central US\",\r\n        \"Central US\",\r\n        \"Central US EUAP\"\r\n      ],\r\n      \"apiVersions\": [\r\n        \"2017-04-18\",\r\n        \"2016-02-01-preview\"\r\n      ]\r\n    },\r\n    {\r\n      \"resourceType\": \"locations\",\r\n      \"locations\": [\r\n        \"Global\",\r\n        \"Australia East\",\r\n        \"Brazil South\",\r\n        \"West US\",\r\n        \"West US 2\",\r\n        \"West Europe\",\r\n        \"North Europe\",\r\n        \"Southeast Asia\",\r\n        \"East Asia\",\r\n        \"West Central US\",\r\n        \"South Central US\",\r\n        \"East US\",\r\n        \"East US 2\",\r\n        \"Canada Central\",\r\n        \"Japan East\",\r\n        \"Central India\",\r\n        \"UK South\",\r\n        \"Japan West\",\r\n        \"Korea Central\",\r\n        \"France Central\",\r\n        \"North Central US\",\r\n        \"Central US\",\r\n        \"Central US EUAP\"\r\n      ],\r\n      \"apiVersions\": [\r\n        \"2017-04-18\",\r\n        \"2016-02-01-preview\"\r\n      ]\r\n    },\r\n    {\r\n      \"resourceType\": \"locations/checkSkuAvailability\",\r\n      \"locations\": [\r\n        \"Global\",\r\n        \"Australia East\",\r\n        \"Brazil South\",\r\n        \"West US\",\r\n        \"West US 2\",\r\n        \"West Europe\",\r\n        \"North Europe\",\r\n        \"Southeast Asia\",\r\n        \"East Asia\",\r\n        \"West Central US\",\r\n        \"South Central US\",\r\n        \"East US\",\r\n        \"East US 2\",\r\n        \"Canada Central\",\r\n        \"Japan East\",\r\n        \"Central India\",\r\n        \"UK South\",\r\n        \"Central US EUAP\",\r\n        \"Japan West\",\r\n        \"Korea Central\",\r\n        \"France Central\",\r\n        \"North Central US\",\r\n        \"Central US\"\r\n      ],\r\n      \"apiVersions\": [\r\n        \"2017-04-18\",\r\n        \"2016-02-01-preview\"\r\n      ]\r\n    },\r\n    {\r\n      \"resourceType\": \"locations/updateAccountsCreationSettings\",\r\n      \"locations\": [\r\n        \"West US\",\r\n        \"Global\",\r\n        \"West Europe\",\r\n        \"Southeast Asia\",\r\n        \"West Central US\",\r\n        \"East US 2\"\r\n      ],\r\n      \"apiVersions\": [\r\n        \"2017-04-18\",\r\n        \"2016-02-01-preview\"\r\n      ]\r\n    },\r\n    {\r\n      \"resourceType\": \"locations/accountsCreationSettings\",\r\n      \"locations\": [\r\n        \"West US\",\r\n        \"Global\",\r\n        \"West Europe\",\r\n        \"Southeast Asia\",\r\n        \"West Central US\",\r\n        \"East US 2\"\r\n      ],\r\n      \"apiVersions\": [\r\n        \"2016-02-01-preview\"\r\n      ]\r\n    }\r\n  ],\r\n  \"registrationState\": \"Registered\"\r\n}",
      "StatusCode": 200
    },
    {
      "RequestUri": "/subscriptions/f9b96b36-1f5e-4021-8959-51527e26e6d3/resourcegroups/pstestrg8430?api-version=2016-09-01",
      "EncodedRequestUri": "L3N1YnNjcmlwdGlvbnMvZjliOTZiMzYtMWY1ZS00MDIxLTg5NTktNTE1MjdlMjZlNmQzL3Jlc291cmNlZ3JvdXBzL3BzdGVzdHJnODQzMD9hcGktdmVyc2lvbj0yMDE2LTA5LTAx",
      "RequestMethod": "PUT",
      "RequestBody": "{\r\n  \"location\": \"West US\"\r\n}",
      "RequestHeaders": {
        "x-ms-client-request-id": [
          "8e030d14-a7e4-4cfd-97db-3e444a5306ce"
        ],
        "Accept-Language": [
          "en-US"
        ],
        "User-Agent": [
          "FxVersion/4.6.27019.06",
          "OSName/Windows",
          "OSVersion/Microsoft.Windows.10.0.17763.",
          "Microsoft.Azure.Management.Internal.Resources.ResourceManagementClient/1.1.16"
        ],
        "Content-Type": [
          "application/json; charset=utf-8"
        ],
        "Content-Length": [
          "29"
        ]
      },
      "ResponseHeaders": {
        "Cache-Control": [
          "no-cache"
        ],
        "Pragma": [
          "no-cache"
        ],
        "x-ms-ratelimit-remaining-subscription-writes": [
          "1199"
        ],
        "x-ms-request-id": [
          "fefd1986-7b6a-423a-9a2f-e3e67687e052"
        ],
        "x-ms-correlation-request-id": [
          "fefd1986-7b6a-423a-9a2f-e3e67687e052"
        ],
        "x-ms-routing-request-id": [
          "JAPANEAST:20190214T053332Z:fefd1986-7b6a-423a-9a2f-e3e67687e052"
        ],
        "Strict-Transport-Security": [
          "max-age=31536000; includeSubDomains"
        ],
        "X-Content-Type-Options": [
          "nosniff"
        ],
        "Date": [
          "Thu, 14 Feb 2019 05:33:32 GMT"
        ],
        "Content-Length": [
          "177"
        ],
        "Content-Type": [
          "application/json; charset=utf-8"
        ],
        "Expires": [
          "-1"
        ]
      },
      "ResponseBody": "{\r\n  \"id\": \"/subscriptions/f9b96b36-1f5e-4021-8959-51527e26e6d3/resourceGroups/pstestrg8430\",\r\n  \"name\": \"pstestrg8430\",\r\n  \"location\": \"westus\",\r\n  \"properties\": {\r\n    \"provisioningState\": \"Succeeded\"\r\n  }\r\n}",
      "StatusCode": 201
    },
    {
      "RequestUri": "/subscriptions/f9b96b36-1f5e-4021-8959-51527e26e6d3/resourceGroups/pstestrg8430/providers/Microsoft.CognitiveServices/accounts/aa?api-version=2017-04-18",
      "EncodedRequestUri": "L3N1YnNjcmlwdGlvbnMvZjliOTZiMzYtMWY1ZS00MDIxLTg5NTktNTE1MjdlMjZlNmQzL3Jlc291cmNlR3JvdXBzL3BzdGVzdHJnODQzMC9wcm92aWRlcnMvTWljcm9zb2Z0LkNvZ25pdGl2ZVNlcnZpY2VzL2FjY291bnRzL2FhP2FwaS12ZXJzaW9uPTIwMTctMDQtMTg=",
      "RequestMethod": "PUT",
      "RequestBody": "{\r\n  \"sku\": {\r\n    \"name\": \"S2\"\r\n  },\r\n  \"kind\": \"TextAnalytics\",\r\n  \"location\": \"West US\",\r\n  \"properties\": {}\r\n}",
      "RequestHeaders": {
        "x-ms-client-request-id": [
          "cbb550f5-7e7b-4f9d-bcfd-c3acdb20a0cf"
        ],
        "Accept-Language": [
          "en-US"
        ],
        "User-Agent": [
          "FxVersion/4.6.27019.06",
          "OSName/Windows",
          "OSVersion/Microsoft.Windows.10.0.17763.",
          "Microsoft.Azure.Management.CognitiveServices.CognitiveServicesManagementClient/4.1.1.0"
        ],
        "Content-Type": [
          "application/json; charset=utf-8"
        ],
        "Content-Length": [
          "114"
        ]
      },
      "ResponseHeaders": {
        "Cache-Control": [
          "no-cache"
        ],
        "Pragma": [
          "no-cache"
        ],
        "ETag": [
          "\"0a007c0c-0000-0000-0000-5c64fdaf0000\""
        ],
        "x-ms-request-id": [
          "2b46c5eb-be78-4975-b3d0-685bf1fe3e32"
        ],
        "Strict-Transport-Security": [
          "max-age=31536000; includeSubDomains"
        ],
        "Server": [
          "Microsoft-IIS/10.0"
        ],
        "X-AspNet-Version": [
          "4.0.30319"
        ],
        "X-Powered-By": [
          "ASP.NET"
        ],
        "x-ms-ratelimit-remaining-subscription-writes": [
          "1198"
        ],
        "x-ms-correlation-request-id": [
          "2b82d40f-883d-4f8f-a207-648fe4ea16be"
        ],
        "x-ms-routing-request-id": [
          "JAPANEAST:20190214T053336Z:2b82d40f-883d-4f8f-a207-648fe4ea16be"
        ],
        "X-Content-Type-Options": [
          "nosniff"
        ],
        "Date": [
          "Thu, 14 Feb 2019 05:33:36 GMT"
        ],
        "Content-Length": [
          "526"
        ],
        "Content-Type": [
          "application/json; charset=utf-8"
        ],
        "Expires": [
          "-1"
        ]
      },
      "ResponseBody": "{\r\n  \"id\": \"/subscriptions/f9b96b36-1f5e-4021-8959-51527e26e6d3/resourceGroups/pstestrg8430/providers/Microsoft.CognitiveServices/accounts/aa\",\r\n  \"name\": \"aa\",\r\n  \"type\": \"Microsoft.CognitiveServices/accounts\",\r\n  \"etag\": \"\\\"0a007c0c-0000-0000-0000-5c64fdaf0000\\\"\",\r\n  \"location\": \"West US\",\r\n  \"sku\": {\r\n    \"name\": \"S2\"\r\n  },\r\n  \"kind\": \"TextAnalytics\",\r\n  \"properties\": {\r\n    \"endpoint\": \"https://westus.api.cognitive.microsoft.com/text/analytics/v2.0\",\r\n    \"internalId\": \"a07fac43dbf54ba9ba320c057a40d038\",\r\n    \"dateCreated\": \"2019-02-14T05:33:35.4565609Z\",\r\n    \"provisioningState\": \"Succeeded\"\r\n  }\r\n}",
      "StatusCode": 201
    },
    {
      "RequestUri": "/subscriptions/f9b96b36-1f5e-4021-8959-51527e26e6d3/resourceGroups/pstestrg8430/providers/Microsoft.CognitiveServices/accounts/aa?api-version=2017-04-18",
      "EncodedRequestUri": "L3N1YnNjcmlwdGlvbnMvZjliOTZiMzYtMWY1ZS00MDIxLTg5NTktNTE1MjdlMjZlNmQzL3Jlc291cmNlR3JvdXBzL3BzdGVzdHJnODQzMC9wcm92aWRlcnMvTWljcm9zb2Z0LkNvZ25pdGl2ZVNlcnZpY2VzL2FjY291bnRzL2FhP2FwaS12ZXJzaW9uPTIwMTctMDQtMTg=",
      "RequestMethod": "GET",
      "RequestBody": "",
      "RequestHeaders": {
        "x-ms-client-request-id": [
          "f3c8569d-bdd1-47fc-927b-c585464636fd"
        ],
        "Accept-Language": [
          "en-US"
        ],
        "User-Agent": [
          "FxVersion/4.6.27019.06",
          "OSName/Windows",
          "OSVersion/Microsoft.Windows.10.0.17763.",
          "Microsoft.Azure.Management.CognitiveServices.CognitiveServicesManagementClient/4.1.1.0"
        ]
      },
      "ResponseHeaders": {
        "Cache-Control": [
          "no-cache"
        ],
        "Pragma": [
          "no-cache"
        ],
        "ETag": [
          "\"0a007c0c-0000-0000-0000-5c64fdaf0000\""
        ],
        "x-ms-request-id": [
          "cca9a4f6-fe52-4bf9-beb6-96ecd80f90b7"
        ],
        "Strict-Transport-Security": [
          "max-age=31536000; includeSubDomains"
        ],
        "Server": [
          "Microsoft-IIS/10.0"
        ],
        "X-AspNet-Version": [
          "4.0.30319"
        ],
        "X-Powered-By": [
          "ASP.NET"
        ],
        "x-ms-ratelimit-remaining-subscription-reads": [
          "11989"
        ],
        "x-ms-correlation-request-id": [
          "7cea5209-b390-4371-96aa-384bd1e4c0dc"
        ],
        "x-ms-routing-request-id": [
          "JAPANEAST:20190214T053336Z:7cea5209-b390-4371-96aa-384bd1e4c0dc"
        ],
        "X-Content-Type-Options": [
          "nosniff"
        ],
        "Date": [
          "Thu, 14 Feb 2019 05:33:36 GMT"
        ],
        "Content-Length": [
          "526"
        ],
        "Content-Type": [
          "application/json; charset=utf-8"
        ],
        "Expires": [
          "-1"
        ]
      },
      "ResponseBody": "{\r\n  \"id\": \"/subscriptions/f9b96b36-1f5e-4021-8959-51527e26e6d3/resourceGroups/pstestrg8430/providers/Microsoft.CognitiveServices/accounts/aa\",\r\n  \"name\": \"aa\",\r\n  \"type\": \"Microsoft.CognitiveServices/accounts\",\r\n  \"etag\": \"\\\"0a007c0c-0000-0000-0000-5c64fdaf0000\\\"\",\r\n  \"location\": \"West US\",\r\n  \"sku\": {\r\n    \"name\": \"S2\"\r\n  },\r\n  \"kind\": \"TextAnalytics\",\r\n  \"properties\": {\r\n    \"endpoint\": \"https://westus.api.cognitive.microsoft.com/text/analytics/v2.0\",\r\n    \"internalId\": \"a07fac43dbf54ba9ba320c057a40d038\",\r\n    \"dateCreated\": \"2019-02-14T05:33:35.4565609Z\",\r\n    \"provisioningState\": \"Succeeded\"\r\n  }\r\n}",
      "StatusCode": 200
    },
    {
      "RequestUri": "/subscriptions/f9b96b36-1f5e-4021-8959-51527e26e6d3/resourceGroups/pstestrg8430/providers/Microsoft.CognitiveServices/accounts/testtesttesttesttesttesttesttesttesttesttesttesttesttesttesttest?api-version=2017-04-18",
      "EncodedRequestUri": "L3N1YnNjcmlwdGlvbnMvZjliOTZiMzYtMWY1ZS00MDIxLTg5NTktNTE1MjdlMjZlNmQzL3Jlc291cmNlR3JvdXBzL3BzdGVzdHJnODQzMC9wcm92aWRlcnMvTWljcm9zb2Z0LkNvZ25pdGl2ZVNlcnZpY2VzL2FjY291bnRzL3Rlc3R0ZXN0dGVzdHRlc3R0ZXN0dGVzdHRlc3R0ZXN0dGVzdHRlc3R0ZXN0dGVzdHRlc3R0ZXN0dGVzdHRlc3Q/YXBpLXZlcnNpb249MjAxNy0wNC0xOA==",
      "RequestMethod": "PUT",
      "RequestBody": "{\r\n  \"sku\": {\r\n    \"name\": \"S2\"\r\n  },\r\n  \"kind\": \"TextAnalytics\",\r\n  \"location\": \"West US\",\r\n  \"properties\": {}\r\n}",
      "RequestHeaders": {
        "x-ms-client-request-id": [
          "47c8ceae-b325-4b18-945c-5e8b490d9a7b"
        ],
        "Accept-Language": [
          "en-US"
        ],
        "User-Agent": [
          "FxVersion/4.6.27019.06",
          "OSName/Windows",
          "OSVersion/Microsoft.Windows.10.0.17763.",
          "Microsoft.Azure.Management.CognitiveServices.CognitiveServicesManagementClient/4.1.1.0"
        ],
        "Content-Type": [
          "application/json; charset=utf-8"
        ],
        "Content-Length": [
          "114"
        ]
      },
      "ResponseHeaders": {
        "Cache-Control": [
          "no-cache"
        ],
        "Pragma": [
          "no-cache"
        ],
        "ETag": [
          "\"0a00820c-0000-0000-0000-5c64fdb10000\""
        ],
        "x-ms-request-id": [
          "425b1af3-9660-4bf0-bd1e-0a4fec373f4f"
        ],
        "Strict-Transport-Security": [
          "max-age=31536000; includeSubDomains"
        ],
        "Server": [
          "Microsoft-IIS/10.0"
        ],
        "X-AspNet-Version": [
          "4.0.30319"
        ],
        "X-Powered-By": [
          "ASP.NET"
        ],
        "x-ms-ratelimit-remaining-subscription-writes": [
          "1197"
        ],
        "x-ms-correlation-request-id": [
          "60cbf370-be52-4617-9234-3c41a4379002"
        ],
        "x-ms-routing-request-id": [
          "JAPANEAST:20190214T053338Z:60cbf370-be52-4617-9234-3c41a4379002"
        ],
        "X-Content-Type-Options": [
          "nosniff"
        ],
        "Date": [
          "Thu, 14 Feb 2019 05:33:37 GMT"
        ],
        "Content-Length": [
          "650"
        ],
        "Content-Type": [
          "application/json; charset=utf-8"
        ],
        "Expires": [
          "-1"
        ]
      },
      "ResponseBody": "{\r\n  \"id\": \"/subscriptions/f9b96b36-1f5e-4021-8959-51527e26e6d3/resourceGroups/pstestrg8430/providers/Microsoft.CognitiveServices/accounts/testtesttesttesttesttesttesttesttesttesttesttesttesttesttesttest\",\r\n  \"name\": \"testtesttesttesttesttesttesttesttesttesttesttesttesttesttesttest\",\r\n  \"type\": \"Microsoft.CognitiveServices/accounts\",\r\n  \"etag\": \"\\\"0a00820c-0000-0000-0000-5c64fdb10000\\\"\",\r\n  \"location\": \"West US\",\r\n  \"sku\": {\r\n    \"name\": \"S2\"\r\n  },\r\n  \"kind\": \"TextAnalytics\",\r\n  \"properties\": {\r\n    \"endpoint\": \"https://westus.api.cognitive.microsoft.com/text/analytics/v2.0\",\r\n    \"internalId\": \"0e80daf8f063441098dbfa7031f00fcf\",\r\n    \"dateCreated\": \"2019-02-14T05:33:37.3159325Z\",\r\n    \"provisioningState\": \"Succeeded\"\r\n  }\r\n}",
      "StatusCode": 201
    },
    {
      "RequestUri": "/subscriptions/f9b96b36-1f5e-4021-8959-51527e26e6d3/resourceGroups/pstestrg8430/providers/Microsoft.CognitiveServices/accounts/testtesttesttesttesttesttesttesttesttesttesttesttesttesttesttest?api-version=2017-04-18",
      "EncodedRequestUri": "L3N1YnNjcmlwdGlvbnMvZjliOTZiMzYtMWY1ZS00MDIxLTg5NTktNTE1MjdlMjZlNmQzL3Jlc291cmNlR3JvdXBzL3BzdGVzdHJnODQzMC9wcm92aWRlcnMvTWljcm9zb2Z0LkNvZ25pdGl2ZVNlcnZpY2VzL2FjY291bnRzL3Rlc3R0ZXN0dGVzdHRlc3R0ZXN0dGVzdHRlc3R0ZXN0dGVzdHRlc3R0ZXN0dGVzdHRlc3R0ZXN0dGVzdHRlc3Q/YXBpLXZlcnNpb249MjAxNy0wNC0xOA==",
      "RequestMethod": "GET",
      "RequestBody": "",
      "RequestHeaders": {
        "x-ms-client-request-id": [
          "3befc8e5-31a9-4dde-8536-1019b5ee96bd"
        ],
        "Accept-Language": [
          "en-US"
        ],
        "User-Agent": [
          "FxVersion/4.6.27019.06",
          "OSName/Windows",
          "OSVersion/Microsoft.Windows.10.0.17763.",
          "Microsoft.Azure.Management.CognitiveServices.CognitiveServicesManagementClient/4.1.1.0"
        ]
      },
      "ResponseHeaders": {
        "Cache-Control": [
          "no-cache"
        ],
        "Pragma": [
          "no-cache"
        ],
        "ETag": [
          "\"0a00820c-0000-0000-0000-5c64fdb10000\""
        ],
        "x-ms-request-id": [
          "75127073-2fbe-45d0-bef0-396d5a752dec"
        ],
        "Strict-Transport-Security": [
          "max-age=31536000; includeSubDomains"
        ],
        "Server": [
          "Microsoft-IIS/10.0"
        ],
        "X-AspNet-Version": [
          "4.0.30319"
        ],
        "X-Powered-By": [
          "ASP.NET"
        ],
        "x-ms-ratelimit-remaining-subscription-reads": [
          "11988"
        ],
        "x-ms-correlation-request-id": [
          "8fad469c-7006-454e-b331-a004ca1093b0"
        ],
        "x-ms-routing-request-id": [
          "JAPANEAST:20190214T053338Z:8fad469c-7006-454e-b331-a004ca1093b0"
        ],
        "X-Content-Type-Options": [
          "nosniff"
        ],
        "Date": [
          "Thu, 14 Feb 2019 05:33:38 GMT"
        ],
        "Content-Length": [
          "650"
        ],
        "Content-Type": [
          "application/json; charset=utf-8"
        ],
        "Expires": [
          "-1"
        ]
      },
      "ResponseBody": "{\r\n  \"id\": \"/subscriptions/f9b96b36-1f5e-4021-8959-51527e26e6d3/resourceGroups/pstestrg8430/providers/Microsoft.CognitiveServices/accounts/testtesttesttesttesttesttesttesttesttesttesttesttesttesttesttest\",\r\n  \"name\": \"testtesttesttesttesttesttesttesttesttesttesttesttesttesttesttest\",\r\n  \"type\": \"Microsoft.CognitiveServices/accounts\",\r\n  \"etag\": \"\\\"0a00820c-0000-0000-0000-5c64fdb10000\\\"\",\r\n  \"location\": \"West US\",\r\n  \"sku\": {\r\n    \"name\": \"S2\"\r\n  },\r\n  \"kind\": \"TextAnalytics\",\r\n  \"properties\": {\r\n    \"endpoint\": \"https://westus.api.cognitive.microsoft.com/text/analytics/v2.0\",\r\n    \"internalId\": \"0e80daf8f063441098dbfa7031f00fcf\",\r\n    \"dateCreated\": \"2019-02-14T05:33:37.3159325Z\",\r\n    \"provisioningState\": \"Succeeded\"\r\n  }\r\n}",
      "StatusCode": 200
    },
    {
      "RequestUri": "/subscriptions/f9b96b36-1f5e-4021-8959-51527e26e6d3/resourcegroups/pstestrg8430?api-version=2016-09-01",
      "EncodedRequestUri": "L3N1YnNjcmlwdGlvbnMvZjliOTZiMzYtMWY1ZS00MDIxLTg5NTktNTE1MjdlMjZlNmQzL3Jlc291cmNlZ3JvdXBzL3BzdGVzdHJnODQzMD9hcGktdmVyc2lvbj0yMDE2LTA5LTAx",
      "RequestMethod": "DELETE",
      "RequestBody": "",
      "RequestHeaders": {
        "x-ms-client-request-id": [
          "41e43e1d-1e32-4a21-adb3-a1b626a78350"
        ],
        "Accept-Language": [
          "en-US"
        ],
        "User-Agent": [
          "FxVersion/4.6.27019.06",
          "OSName/Windows",
          "OSVersion/Microsoft.Windows.10.0.17763.",
          "Microsoft.Azure.Management.Internal.Resources.ResourceManagementClient/1.1.16"
        ]
      },
      "ResponseHeaders": {
        "Cache-Control": [
          "no-cache"
        ],
        "Pragma": [
          "no-cache"
        ],
        "Location": [
          "https://management.azure.com/subscriptions/f9b96b36-1f5e-4021-8959-51527e26e6d3/operationresults/eyJqb2JJZCI6IlJFU09VUkNFR1JPVVBERUxFVElPTkpPQi1QU1RFU1RSRzg0MzAtV0VTVFVTIiwiam9iTG9jYXRpb24iOiJ3ZXN0dXMifQ?api-version=2016-09-01"
        ],
        "Retry-After": [
          "15"
        ],
        "x-ms-ratelimit-remaining-subscription-deletes": [
          "14998"
        ],
        "x-ms-request-id": [
          "61c5fc5f-d4e8-4449-ae3a-6cff2ba5b018"
        ],
        "x-ms-correlation-request-id": [
          "61c5fc5f-d4e8-4449-ae3a-6cff2ba5b018"
        ],
        "x-ms-routing-request-id": [
          "AUSTRALIAEAST:20190214T053843Z:61c5fc5f-d4e8-4449-ae3a-6cff2ba5b018"
        ],
        "Strict-Transport-Security": [
          "max-age=31536000; includeSubDomains"
        ],
        "X-Content-Type-Options": [
          "nosniff"
        ],
        "Date": [
          "Thu, 14 Feb 2019 05:38:42 GMT"
        ],
        "Expires": [
          "-1"
        ],
        "Content-Length": [
          "0"
        ]
      },
      "ResponseBody": "",
      "StatusCode": 202
    },
    {
      "RequestUri": "/subscriptions/f9b96b36-1f5e-4021-8959-51527e26e6d3/operationresults/eyJqb2JJZCI6IlJFU09VUkNFR1JPVVBERUxFVElPTkpPQi1QU1RFU1RSRzg0MzAtV0VTVFVTIiwiam9iTG9jYXRpb24iOiJ3ZXN0dXMifQ?api-version=2016-09-01",
      "EncodedRequestUri": "L3N1YnNjcmlwdGlvbnMvZjliOTZiMzYtMWY1ZS00MDIxLTg5NTktNTE1MjdlMjZlNmQzL29wZXJhdGlvbnJlc3VsdHMvZXlKcWIySkpaQ0k2SWxKRlUwOVZVa05GUjFKUFZWQkVSVXhGVkVsUFRrcFBRaTFRVTFSRlUxUlNSemcwTXpBdFYwVlRWRlZUSWl3aWFtOWlURzlqWVhScGIyNGlPaUozWlhOMGRYTWlmUT9hcGktdmVyc2lvbj0yMDE2LTA5LTAx",
      "RequestMethod": "GET",
      "RequestBody": "",
      "RequestHeaders": {
        "User-Agent": [
          "FxVersion/4.6.27019.06",
          "OSName/Windows",
          "OSVersion/Microsoft.Windows.10.0.17763.",
          "Microsoft.Azure.Management.Internal.Resources.ResourceManagementClient/1.1.16"
        ]
      },
      "ResponseHeaders": {
        "Cache-Control": [
          "no-cache"
        ],
        "Pragma": [
          "no-cache"
        ],
        "Location": [
          "https://management.azure.com/subscriptions/f9b96b36-1f5e-4021-8959-51527e26e6d3/operationresults/eyJqb2JJZCI6IlJFU09VUkNFR1JPVVBERUxFVElPTkpPQi1QU1RFU1RSRzg0MzAtV0VTVFVTIiwiam9iTG9jYXRpb24iOiJ3ZXN0dXMifQ?api-version=2016-09-01"
        ],
        "Retry-After": [
          "15"
        ],
        "x-ms-ratelimit-remaining-subscription-reads": [
          "11999"
        ],
        "x-ms-request-id": [
          "ecb69bbc-3812-4692-a11a-da2492aed455"
        ],
        "x-ms-correlation-request-id": [
          "ecb69bbc-3812-4692-a11a-da2492aed455"
        ],
        "x-ms-routing-request-id": [
          "AUSTRALIAEAST:20190214T053858Z:ecb69bbc-3812-4692-a11a-da2492aed455"
        ],
        "Strict-Transport-Security": [
          "max-age=31536000; includeSubDomains"
        ],
        "X-Content-Type-Options": [
          "nosniff"
        ],
        "Date": [
          "Thu, 14 Feb 2019 05:38:58 GMT"
        ],
        "Expires": [
          "-1"
        ],
        "Content-Length": [
          "0"
        ]
      },
      "ResponseBody": "",
      "StatusCode": 202
    },
    {
      "RequestUri": "/subscriptions/f9b96b36-1f5e-4021-8959-51527e26e6d3/operationresults/eyJqb2JJZCI6IlJFU09VUkNFR1JPVVBERUxFVElPTkpPQi1QU1RFU1RSRzg0MzAtV0VTVFVTIiwiam9iTG9jYXRpb24iOiJ3ZXN0dXMifQ?api-version=2016-09-01",
      "EncodedRequestUri": "L3N1YnNjcmlwdGlvbnMvZjliOTZiMzYtMWY1ZS00MDIxLTg5NTktNTE1MjdlMjZlNmQzL29wZXJhdGlvbnJlc3VsdHMvZXlKcWIySkpaQ0k2SWxKRlUwOVZVa05GUjFKUFZWQkVSVXhGVkVsUFRrcFBRaTFRVTFSRlUxUlNSemcwTXpBdFYwVlRWRlZUSWl3aWFtOWlURzlqWVhScGIyNGlPaUozWlhOMGRYTWlmUT9hcGktdmVyc2lvbj0yMDE2LTA5LTAx",
      "RequestMethod": "GET",
      "RequestBody": "",
      "RequestHeaders": {
        "User-Agent": [
          "FxVersion/4.6.27019.06",
          "OSName/Windows",
          "OSVersion/Microsoft.Windows.10.0.17763.",
          "Microsoft.Azure.Management.Internal.Resources.ResourceManagementClient/1.1.16"
        ]
      },
      "ResponseHeaders": {
        "Cache-Control": [
          "no-cache"
        ],
        "Pragma": [
          "no-cache"
        ],
        "Location": [
          "https://management.azure.com/subscriptions/f9b96b36-1f5e-4021-8959-51527e26e6d3/operationresults/eyJqb2JJZCI6IlJFU09VUkNFR1JPVVBERUxFVElPTkpPQi1QU1RFU1RSRzg0MzAtV0VTVFVTIiwiam9iTG9jYXRpb24iOiJ3ZXN0dXMifQ?api-version=2016-09-01"
        ],
        "Retry-After": [
          "15"
        ],
        "x-ms-ratelimit-remaining-subscription-reads": [
          "11998"
        ],
        "x-ms-request-id": [
          "6a0d83c5-1664-4d0c-a1ac-67f21fbb7e07"
        ],
        "x-ms-correlation-request-id": [
          "6a0d83c5-1664-4d0c-a1ac-67f21fbb7e07"
        ],
        "x-ms-routing-request-id": [
          "AUSTRALIAEAST:20190214T053914Z:6a0d83c5-1664-4d0c-a1ac-67f21fbb7e07"
        ],
        "Strict-Transport-Security": [
          "max-age=31536000; includeSubDomains"
        ],
        "X-Content-Type-Options": [
          "nosniff"
        ],
        "Date": [
          "Thu, 14 Feb 2019 05:39:13 GMT"
        ],
        "Expires": [
          "-1"
        ],
        "Content-Length": [
          "0"
        ]
      },
      "ResponseBody": "",
      "StatusCode": 202
    },
    {
      "RequestUri": "/subscriptions/f9b96b36-1f5e-4021-8959-51527e26e6d3/operationresults/eyJqb2JJZCI6IlJFU09VUkNFR1JPVVBERUxFVElPTkpPQi1QU1RFU1RSRzg0MzAtV0VTVFVTIiwiam9iTG9jYXRpb24iOiJ3ZXN0dXMifQ?api-version=2016-09-01",
      "EncodedRequestUri": "L3N1YnNjcmlwdGlvbnMvZjliOTZiMzYtMWY1ZS00MDIxLTg5NTktNTE1MjdlMjZlNmQzL29wZXJhdGlvbnJlc3VsdHMvZXlKcWIySkpaQ0k2SWxKRlUwOVZVa05GUjFKUFZWQkVSVXhGVkVsUFRrcFBRaTFRVTFSRlUxUlNSemcwTXpBdFYwVlRWRlZUSWl3aWFtOWlURzlqWVhScGIyNGlPaUozWlhOMGRYTWlmUT9hcGktdmVyc2lvbj0yMDE2LTA5LTAx",
      "RequestMethod": "GET",
      "RequestBody": "",
      "RequestHeaders": {
        "User-Agent": [
          "FxVersion/4.6.27019.06",
          "OSName/Windows",
          "OSVersion/Microsoft.Windows.10.0.17763.",
          "Microsoft.Azure.Management.Internal.Resources.ResourceManagementClient/1.1.16"
        ]
      },
      "ResponseHeaders": {
        "Cache-Control": [
          "no-cache"
        ],
        "Pragma": [
          "no-cache"
        ],
        "Location": [
          "https://management.azure.com/subscriptions/f9b96b36-1f5e-4021-8959-51527e26e6d3/operationresults/eyJqb2JJZCI6IlJFU09VUkNFR1JPVVBERUxFVElPTkpPQi1QU1RFU1RSRzg0MzAtV0VTVFVTIiwiam9iTG9jYXRpb24iOiJ3ZXN0dXMifQ?api-version=2016-09-01"
        ],
        "Retry-After": [
          "15"
        ],
        "x-ms-ratelimit-remaining-subscription-reads": [
          "11997"
        ],
        "x-ms-request-id": [
          "da4d2572-c973-4ac1-9ec9-2eb41472dd20"
        ],
        "x-ms-correlation-request-id": [
          "da4d2572-c973-4ac1-9ec9-2eb41472dd20"
        ],
        "x-ms-routing-request-id": [
          "AUSTRALIAEAST:20190214T053929Z:da4d2572-c973-4ac1-9ec9-2eb41472dd20"
        ],
        "Strict-Transport-Security": [
          "max-age=31536000; includeSubDomains"
        ],
        "X-Content-Type-Options": [
          "nosniff"
        ],
        "Date": [
          "Thu, 14 Feb 2019 05:39:29 GMT"
        ],
        "Expires": [
          "-1"
        ],
        "Content-Length": [
          "0"
        ]
      },
      "ResponseBody": "",
      "StatusCode": 202
    },
    {
      "RequestUri": "/subscriptions/f9b96b36-1f5e-4021-8959-51527e26e6d3/operationresults/eyJqb2JJZCI6IlJFU09VUkNFR1JPVVBERUxFVElPTkpPQi1QU1RFU1RSRzg0MzAtV0VTVFVTIiwiam9iTG9jYXRpb24iOiJ3ZXN0dXMifQ?api-version=2016-09-01",
      "EncodedRequestUri": "L3N1YnNjcmlwdGlvbnMvZjliOTZiMzYtMWY1ZS00MDIxLTg5NTktNTE1MjdlMjZlNmQzL29wZXJhdGlvbnJlc3VsdHMvZXlKcWIySkpaQ0k2SWxKRlUwOVZVa05GUjFKUFZWQkVSVXhGVkVsUFRrcFBRaTFRVTFSRlUxUlNSemcwTXpBdFYwVlRWRlZUSWl3aWFtOWlURzlqWVhScGIyNGlPaUozWlhOMGRYTWlmUT9hcGktdmVyc2lvbj0yMDE2LTA5LTAx",
      "RequestMethod": "GET",
      "RequestBody": "",
      "RequestHeaders": {
        "User-Agent": [
          "FxVersion/4.6.27019.06",
          "OSName/Windows",
          "OSVersion/Microsoft.Windows.10.0.17763.",
          "Microsoft.Azure.Management.Internal.Resources.ResourceManagementClient/1.1.16"
        ]
      },
      "ResponseHeaders": {
        "Cache-Control": [
          "no-cache"
        ],
        "Pragma": [
          "no-cache"
        ],
        "Location": [
          "https://management.azure.com/subscriptions/f9b96b36-1f5e-4021-8959-51527e26e6d3/operationresults/eyJqb2JJZCI6IlJFU09VUkNFR1JPVVBERUxFVElPTkpPQi1QU1RFU1RSRzg0MzAtV0VTVFVTIiwiam9iTG9jYXRpb24iOiJ3ZXN0dXMifQ?api-version=2016-09-01"
        ],
        "Retry-After": [
          "15"
        ],
        "x-ms-ratelimit-remaining-subscription-reads": [
          "11996"
        ],
        "x-ms-request-id": [
          "b75f40e8-800f-401d-b725-3817b2a57184"
        ],
        "x-ms-correlation-request-id": [
          "b75f40e8-800f-401d-b725-3817b2a57184"
        ],
        "x-ms-routing-request-id": [
          "AUSTRALIAEAST:20190214T053945Z:b75f40e8-800f-401d-b725-3817b2a57184"
        ],
        "Strict-Transport-Security": [
          "max-age=31536000; includeSubDomains"
        ],
        "X-Content-Type-Options": [
          "nosniff"
        ],
        "Date": [
          "Thu, 14 Feb 2019 05:39:45 GMT"
        ],
        "Expires": [
          "-1"
        ],
        "Content-Length": [
          "0"
        ]
      },
      "ResponseBody": "",
      "StatusCode": 202
    },
    {
      "RequestUri": "/subscriptions/f9b96b36-1f5e-4021-8959-51527e26e6d3/operationresults/eyJqb2JJZCI6IlJFU09VUkNFR1JPVVBERUxFVElPTkpPQi1QU1RFU1RSRzg0MzAtV0VTVFVTIiwiam9iTG9jYXRpb24iOiJ3ZXN0dXMifQ?api-version=2016-09-01",
      "EncodedRequestUri": "L3N1YnNjcmlwdGlvbnMvZjliOTZiMzYtMWY1ZS00MDIxLTg5NTktNTE1MjdlMjZlNmQzL29wZXJhdGlvbnJlc3VsdHMvZXlKcWIySkpaQ0k2SWxKRlUwOVZVa05GUjFKUFZWQkVSVXhGVkVsUFRrcFBRaTFRVTFSRlUxUlNSemcwTXpBdFYwVlRWRlZUSWl3aWFtOWlURzlqWVhScGIyNGlPaUozWlhOMGRYTWlmUT9hcGktdmVyc2lvbj0yMDE2LTA5LTAx",
      "RequestMethod": "GET",
      "RequestBody": "",
      "RequestHeaders": {
        "User-Agent": [
          "FxVersion/4.6.27019.06",
          "OSName/Windows",
          "OSVersion/Microsoft.Windows.10.0.17763.",
          "Microsoft.Azure.Management.Internal.Resources.ResourceManagementClient/1.1.16"
        ]
      },
      "ResponseHeaders": {
        "Cache-Control": [
          "no-cache"
        ],
        "Pragma": [
          "no-cache"
        ],
        "Location": [
          "https://management.azure.com/subscriptions/f9b96b36-1f5e-4021-8959-51527e26e6d3/operationresults/eyJqb2JJZCI6IlJFU09VUkNFR1JPVVBERUxFVElPTkpPQi1QU1RFU1RSRzg0MzAtV0VTVFVTIiwiam9iTG9jYXRpb24iOiJ3ZXN0dXMifQ?api-version=2016-09-01"
        ],
        "Retry-After": [
          "15"
        ],
        "x-ms-ratelimit-remaining-subscription-reads": [
          "11995"
        ],
        "x-ms-request-id": [
          "fd0e0966-2701-4b6e-983c-8bdf1dd1d7b5"
        ],
        "x-ms-correlation-request-id": [
          "fd0e0966-2701-4b6e-983c-8bdf1dd1d7b5"
        ],
        "x-ms-routing-request-id": [
          "AUSTRALIAEAST:20190214T054000Z:fd0e0966-2701-4b6e-983c-8bdf1dd1d7b5"
        ],
        "Strict-Transport-Security": [
          "max-age=31536000; includeSubDomains"
        ],
        "X-Content-Type-Options": [
          "nosniff"
        ],
        "Date": [
          "Thu, 14 Feb 2019 05:40:00 GMT"
        ],
        "Expires": [
          "-1"
        ],
        "Content-Length": [
          "0"
        ]
      },
      "ResponseBody": "",
      "StatusCode": 202
    },
    {
      "RequestUri": "/subscriptions/f9b96b36-1f5e-4021-8959-51527e26e6d3/operationresults/eyJqb2JJZCI6IlJFU09VUkNFR1JPVVBERUxFVElPTkpPQi1QU1RFU1RSRzg0MzAtV0VTVFVTIiwiam9iTG9jYXRpb24iOiJ3ZXN0dXMifQ?api-version=2016-09-01",
      "EncodedRequestUri": "L3N1YnNjcmlwdGlvbnMvZjliOTZiMzYtMWY1ZS00MDIxLTg5NTktNTE1MjdlMjZlNmQzL29wZXJhdGlvbnJlc3VsdHMvZXlKcWIySkpaQ0k2SWxKRlUwOVZVa05GUjFKUFZWQkVSVXhGVkVsUFRrcFBRaTFRVTFSRlUxUlNSemcwTXpBdFYwVlRWRlZUSWl3aWFtOWlURzlqWVhScGIyNGlPaUozWlhOMGRYTWlmUT9hcGktdmVyc2lvbj0yMDE2LTA5LTAx",
      "RequestMethod": "GET",
      "RequestBody": "",
      "RequestHeaders": {
        "User-Agent": [
          "FxVersion/4.6.27019.06",
          "OSName/Windows",
          "OSVersion/Microsoft.Windows.10.0.17763.",
          "Microsoft.Azure.Management.Internal.Resources.ResourceManagementClient/1.1.16"
        ]
      },
      "ResponseHeaders": {
        "Cache-Control": [
          "no-cache"
        ],
        "Pragma": [
          "no-cache"
        ],
        "Location": [
          "https://management.azure.com/subscriptions/f9b96b36-1f5e-4021-8959-51527e26e6d3/operationresults/eyJqb2JJZCI6IlJFU09VUkNFR1JPVVBERUxFVElPTkpPQi1QU1RFU1RSRzg0MzAtV0VTVFVTIiwiam9iTG9jYXRpb24iOiJ3ZXN0dXMifQ?api-version=2016-09-01"
        ],
        "Retry-After": [
          "15"
        ],
        "x-ms-ratelimit-remaining-subscription-reads": [
          "11994"
        ],
        "x-ms-request-id": [
          "e6f3284c-edd3-4eb6-8f5f-4a7300dc2177"
        ],
        "x-ms-correlation-request-id": [
          "e6f3284c-edd3-4eb6-8f5f-4a7300dc2177"
        ],
        "x-ms-routing-request-id": [
          "AUSTRALIAEAST:20190214T054016Z:e6f3284c-edd3-4eb6-8f5f-4a7300dc2177"
        ],
        "Strict-Transport-Security": [
          "max-age=31536000; includeSubDomains"
        ],
        "X-Content-Type-Options": [
          "nosniff"
        ],
        "Date": [
          "Thu, 14 Feb 2019 05:40:15 GMT"
        ],
        "Expires": [
          "-1"
        ],
        "Content-Length": [
          "0"
        ]
      },
      "ResponseBody": "",
      "StatusCode": 202
    },
    {
      "RequestUri": "/subscriptions/f9b96b36-1f5e-4021-8959-51527e26e6d3/operationresults/eyJqb2JJZCI6IlJFU09VUkNFR1JPVVBERUxFVElPTkpPQi1QU1RFU1RSRzg0MzAtV0VTVFVTIiwiam9iTG9jYXRpb24iOiJ3ZXN0dXMifQ?api-version=2016-09-01",
      "EncodedRequestUri": "L3N1YnNjcmlwdGlvbnMvZjliOTZiMzYtMWY1ZS00MDIxLTg5NTktNTE1MjdlMjZlNmQzL29wZXJhdGlvbnJlc3VsdHMvZXlKcWIySkpaQ0k2SWxKRlUwOVZVa05GUjFKUFZWQkVSVXhGVkVsUFRrcFBRaTFRVTFSRlUxUlNSemcwTXpBdFYwVlRWRlZUSWl3aWFtOWlURzlqWVhScGIyNGlPaUozWlhOMGRYTWlmUT9hcGktdmVyc2lvbj0yMDE2LTA5LTAx",
      "RequestMethod": "GET",
      "RequestBody": "",
      "RequestHeaders": {
        "User-Agent": [
          "FxVersion/4.6.27019.06",
          "OSName/Windows",
          "OSVersion/Microsoft.Windows.10.0.17763.",
          "Microsoft.Azure.Management.Internal.Resources.ResourceManagementClient/1.1.16"
        ]
      },
      "ResponseHeaders": {
        "Cache-Control": [
          "no-cache"
        ],
        "Pragma": [
          "no-cache"
        ],
        "x-ms-ratelimit-remaining-subscription-reads": [
          "11993"
        ],
        "x-ms-request-id": [
          "a053ca3f-f78d-4531-ae50-5a1cdb81c585"
        ],
        "x-ms-correlation-request-id": [
          "a053ca3f-f78d-4531-ae50-5a1cdb81c585"
        ],
        "x-ms-routing-request-id": [
          "AUSTRALIAEAST:20190214T054031Z:a053ca3f-f78d-4531-ae50-5a1cdb81c585"
        ],
        "Strict-Transport-Security": [
          "max-age=31536000; includeSubDomains"
        ],
        "X-Content-Type-Options": [
          "nosniff"
        ],
        "Date": [
          "Thu, 14 Feb 2019 05:40:30 GMT"
        ],
        "Expires": [
          "-1"
        ],
        "Content-Length": [
          "0"
        ]
      },
      "ResponseBody": "",
      "StatusCode": 200
    },
    {
      "RequestUri": "/subscriptions/f9b96b36-1f5e-4021-8959-51527e26e6d3/operationresults/eyJqb2JJZCI6IlJFU09VUkNFR1JPVVBERUxFVElPTkpPQi1QU1RFU1RSRzg0MzAtV0VTVFVTIiwiam9iTG9jYXRpb24iOiJ3ZXN0dXMifQ?api-version=2016-09-01",
      "EncodedRequestUri": "L3N1YnNjcmlwdGlvbnMvZjliOTZiMzYtMWY1ZS00MDIxLTg5NTktNTE1MjdlMjZlNmQzL29wZXJhdGlvbnJlc3VsdHMvZXlKcWIySkpaQ0k2SWxKRlUwOVZVa05GUjFKUFZWQkVSVXhGVkVsUFRrcFBRaTFRVTFSRlUxUlNSemcwTXpBdFYwVlRWRlZUSWl3aWFtOWlURzlqWVhScGIyNGlPaUozWlhOMGRYTWlmUT9hcGktdmVyc2lvbj0yMDE2LTA5LTAx",
      "RequestMethod": "GET",
      "RequestBody": "",
      "RequestHeaders": {
        "User-Agent": [
          "FxVersion/4.6.27019.06",
          "OSName/Windows",
          "OSVersion/Microsoft.Windows.10.0.17763.",
          "Microsoft.Azure.Management.Internal.Resources.ResourceManagementClient/1.1.16"
        ]
      },
      "ResponseHeaders": {
        "Cache-Control": [
          "no-cache"
        ],
        "Pragma": [
          "no-cache"
        ],
        "x-ms-ratelimit-remaining-subscription-reads": [
          "11992"
        ],
        "x-ms-request-id": [
          "3cfb1590-e023-4732-bb10-0e37184f01d8"
        ],
        "x-ms-correlation-request-id": [
          "3cfb1590-e023-4732-bb10-0e37184f01d8"
        ],
        "x-ms-routing-request-id": [
          "AUSTRALIAEAST:20190214T054032Z:3cfb1590-e023-4732-bb10-0e37184f01d8"
        ],
        "Strict-Transport-Security": [
          "max-age=31536000; includeSubDomains"
        ],
        "X-Content-Type-Options": [
          "nosniff"
        ],
        "Date": [
          "Thu, 14 Feb 2019 05:40:31 GMT"
        ],
        "Expires": [
          "-1"
        ],
        "Content-Length": [
          "0"
        ]
      },
      "ResponseBody": "",
      "StatusCode": 200
    }
  ],
  "Names": {
    "Test-MinMaxAccountName": [
      "pstestrg8430"
    ]
  },
  "Variables": {
    "SubscriptionId": "f9b96b36-1f5e-4021-8959-51527e26e6d3"
  }
}