{
  "Entries": [
    {
      "RequestUri": "/subscriptions/f9b96b36-1f5e-4021-8959-51527e26e6d3/resourcegroups/pstestrg9198?api-version=2016-09-01",
      "EncodedRequestUri": "L3N1YnNjcmlwdGlvbnMvZjliOTZiMzYtMWY1ZS00MDIxLTg5NTktNTE1MjdlMjZlNmQzL3Jlc291cmNlZ3JvdXBzL3BzdGVzdHJnOTE5OD9hcGktdmVyc2lvbj0yMDE2LTA5LTAx",
      "RequestMethod": "PUT",
      "RequestHeaders": {
        "x-ms-client-request-id": [
          "f219b852-2164-4003-82e2-a34b20b3c7d3"
        ],
        "Accept-Language": [
          "en-US"
        ],
        "User-Agent": [
          "FxVersion/4.700.22.55902",
          "OSName/Windows",
          "OSVersion/Microsoft.Windows.10.0.22621",
          "Microsoft.Azure.Management.Internal.Resources.ResourceManagementClient/1.3.68"
        ],
        "Content-Type": [
          "application/json; charset=utf-8"
        ],
        "Content-Length": [
          "36"
        ]
      },
      "RequestBody": "{\r\n  \"location\": \"SOUTHCENTRALUS\"\r\n}",
      "ResponseHeaders": {
        "Cache-Control": [
          "no-cache"
        ],
        "Pragma": [
          "no-cache"
        ],
        "x-ms-ratelimit-remaining-subscription-writes": [
          "1198"
        ],
        "x-ms-request-id": [
          "3bd3dcf7-8d05-441c-9efc-72d282eb6977"
        ],
        "x-ms-correlation-request-id": [
          "3bd3dcf7-8d05-441c-9efc-72d282eb6977"
        ],
        "x-ms-routing-request-id": [
          "CANADACENTRAL:20230131T002603Z:3bd3dcf7-8d05-441c-9efc-72d282eb6977"
        ],
        "Strict-Transport-Security": [
          "max-age=31536000; includeSubDomains"
        ],
        "X-Content-Type-Options": [
          "nosniff"
        ],
        "Date": [
          "Tue, 31 Jan 2023 00:26:02 GMT"
        ],
        "Content-Length": [
          "185"
        ],
        "Content-Type": [
          "application/json; charset=utf-8"
        ],
        "Expires": [
          "-1"
        ]
      },
      "ResponseBody": "{\r\n  \"id\": \"/subscriptions/f9b96b36-1f5e-4021-8959-51527e26e6d3/resourceGroups/pstestrg9198\",\r\n  \"name\": \"pstestrg9198\",\r\n  \"location\": \"southcentralus\",\r\n  \"properties\": {\r\n    \"provisioningState\": \"Succeeded\"\r\n  }\r\n}",
      "StatusCode": 201
    },
    {
      "RequestUri": "/subscriptions/f9b96b36-1f5e-4021-8959-51527e26e6d3/resourceGroups/pstestrg9198/providers/Microsoft.CognitiveServices/accounts/csapstestrg9198?api-version=2022-12-01",
      "EncodedRequestUri": "L3N1YnNjcmlwdGlvbnMvZjliOTZiMzYtMWY1ZS00MDIxLTg5NTktNTE1MjdlMjZlNmQzL3Jlc291cmNlR3JvdXBzL3BzdGVzdHJnOTE5OC9wcm92aWRlcnMvTWljcm9zb2Z0LkNvZ25pdGl2ZVNlcnZpY2VzL2FjY291bnRzL2NzYXBzdGVzdHJnOTE5OD9hcGktdmVyc2lvbj0yMDIyLTEyLTAx",
      "RequestMethod": "PUT",
      "RequestHeaders": {
        "x-ms-client-request-id": [
          "76b7f267-adeb-4fe9-8895-7178be2b4db5"
        ],
        "Accept-Language": [
          "en-US"
        ],
        "User-Agent": [
          "FxVersion/4.700.22.55902",
          "OSName/Windows",
          "OSVersion/Microsoft.Windows.10.0.22621",
          "Microsoft.Azure.Management.CognitiveServices.CognitiveServicesManagementClient/9.0.0.0"
        ],
        "Content-Type": [
          "application/json; charset=utf-8"
        ],
        "Content-Length": [
          "162"
        ]
      },
      "RequestBody": "{\r\n  \"kind\": \"Face\",\r\n  \"sku\": {\r\n    \"name\": \"S0\"\r\n  },\r\n  \"location\": \"SOUTHCENTRALUS\",\r\n  \"properties\": {\r\n    \"customSubDomainName\": \"csapstestrg9198\"\r\n  }\r\n}",
      "ResponseHeaders": {
        "Cache-Control": [
          "no-cache"
        ],
        "Pragma": [
          "no-cache"
        ],
        "ETag": [
          "\"3202720d-0000-0500-0000-63d8601f0000\""
        ],
        "X-Content-Type-Options": [
          "nosniff"
        ],
        "x-ms-request-id": [
          "1c85685c-a79e-44d7-9d08-5ca63c614548"
        ],
        "azure-asyncoperation": [
          "https://management.azure.com/subscriptions/f9b96b36-1f5e-4021-8959-51527e26e6d3/providers/Microsoft.CognitiveServices/locations/SOUTHCENTRALUS/operationResults/71ac04ce-fae8-4dd0-88c8-3b29905ddf80?api-version=2017-04-18"
        ],
        "x-envoy-upstream-service-time": [
          "1685"
        ],
        "Server": [
          "istio-envoy"
        ],
        "x-ms-ratelimit-remaining-subscription-writes": [
          "1198"
        ],
        "x-ms-correlation-request-id": [
          "c222eb46-8cd8-4463-8fe8-cf1e5474f2fa"
        ],
        "x-ms-routing-request-id": [
          "CANADACENTRAL:20230131T002607Z:c222eb46-8cd8-4463-8fe8-cf1e5474f2fa"
        ],
        "Strict-Transport-Security": [
          "max-age=31536000; includeSubDomains"
        ],
        "Date": [
          "Tue, 31 Jan 2023 00:26:06 GMT"
        ],
        "Content-Length": [
          "1492"
        ],
        "Content-Type": [
          "application/json; charset=utf-8"
        ],
        "Expires": [
          "-1"
        ]
      },
      "ResponseBody": "{\r\n  \"id\": \"/subscriptions/f9b96b36-1f5e-4021-8959-51527e26e6d3/resourceGroups/pstestrg9198/providers/Microsoft.CognitiveServices/accounts/csapstestrg9198\",\r\n  \"name\": \"csapstestrg9198\",\r\n  \"type\": \"Microsoft.CognitiveServices/accounts\",\r\n  \"etag\": \"\\\"3202720d-0000-0500-0000-63d8601f0000\\\"\",\r\n  \"location\": \"SOUTHCENTRALUS\",\r\n  \"sku\": {\r\n    \"name\": \"S0\"\r\n  },\r\n  \"kind\": \"Face\",\r\n  \"properties\": {\r\n    \"endpoint\": \"https://csapstestrg9198.cognitiveservices.azure.com/\",\r\n    \"internalId\": \"bf8f9772658542a2b8d849c6cf020b67\",\r\n    \"dateCreated\": \"2023-01-31T00:26:06.1360944Z\",\r\n    \"callRateLimit\": {\r\n      \"rules\": [\r\n        {\r\n          \"key\": \"face\",\r\n          \"renewalPeriod\": 1,\r\n          \"count\": 10,\r\n          \"matchPatterns\": [\r\n            {\r\n              \"path\": \"face/*\",\r\n              \"method\": \"*\"\r\n            }\r\n          ]\r\n        },\r\n        {\r\n          \"key\": \"container.billing\",\r\n          \"renewalPeriod\": 10,\r\n          \"count\": 500,\r\n          \"matchPatterns\": [\r\n            {\r\n              \"path\": \"billing/*\",\r\n              \"method\": \"*\"\r\n            }\r\n          ]\r\n        },\r\n        {\r\n          \"key\": \"default\",\r\n          \"renewalPeriod\": 1,\r\n          \"count\": 10,\r\n          \"matchPatterns\": [\r\n            {\r\n              \"path\": \"*\",\r\n              \"method\": \"*\"\r\n            }\r\n          ]\r\n        }\r\n      ]\r\n    },\r\n    \"isMigrated\": false,\r\n    \"customSubDomainName\": \"csapstestrg9198\",\r\n    \"privateEndpointConnections\": [],\r\n    \"publicNetworkAccess\": \"Enabled\",\r\n    \"capabilities\": [\r\n      {\r\n        \"name\": \"VirtualNetworks\"\r\n      },\r\n      {\r\n        \"name\": \"Container\",\r\n        \"value\": \"Face.*,Face.Face\"\r\n      },\r\n      {\r\n        \"name\": \"Scenario\",\r\n        \"value\": \"Face.LegacyPreview,Face.Legacy\"\r\n      }\r\n    ],\r\n    \"endpoints\": {\r\n      \"Face\": \"https://csapstestrg9198.cognitiveservices.azure.com/\"\r\n    },\r\n    \"provisioningState\": \"Creating\"\r\n  },\r\n  \"systemData\": {\r\n    \"createdBy\": \"50841d5f-166a-406c-8472-6800c9698b43\",\r\n    \"createdByType\": \"Application\",\r\n    \"createdAt\": \"2023-01-31T00:26:05.3010275Z\",\r\n    \"lastModifiedBy\": \"50841d5f-166a-406c-8472-6800c9698b43\",\r\n    \"lastModifiedByType\": \"Application\",\r\n    \"lastModifiedAt\": \"2023-01-31T00:26:05.3010275Z\"\r\n  }\r\n}",
      "StatusCode": 201
    },
    {
      "RequestUri": "/subscriptions/f9b96b36-1f5e-4021-8959-51527e26e6d3/providers/Microsoft.CognitiveServices/locations/SOUTHCENTRALUS/operationResults/71ac04ce-fae8-4dd0-88c8-3b29905ddf80?api-version=2017-04-18",
      "EncodedRequestUri": "L3N1YnNjcmlwdGlvbnMvZjliOTZiMzYtMWY1ZS00MDIxLTg5NTktNTE1MjdlMjZlNmQzL3Byb3ZpZGVycy9NaWNyb3NvZnQuQ29nbml0aXZlU2VydmljZXMvbG9jYXRpb25zL1NPVVRIQ0VOVFJBTFVTL29wZXJhdGlvblJlc3VsdHMvNzFhYzA0Y2UtZmFlOC00ZGQwLTg4YzgtM2IyOTkwNWRkZjgwP2FwaS12ZXJzaW9uPTIwMTctMDQtMTg=",
      "RequestMethod": "GET",
      "RequestHeaders": {
        "x-ms-client-request-id": [
          "76b7f267-adeb-4fe9-8895-7178be2b4db5"
        ],
        "User-Agent": [
          "FxVersion/4.700.22.55902",
          "OSName/Windows",
          "OSVersion/Microsoft.Windows.10.0.22621",
          "Microsoft.Azure.Management.CognitiveServices.CognitiveServicesManagementClient/9.0.0.0"
        ]
      },
      "RequestBody": "",
      "ResponseHeaders": {
        "Cache-Control": [
          "no-cache"
        ],
        "Pragma": [
          "no-cache"
        ],
        "X-Content-Type-Options": [
          "nosniff"
        ],
        "x-ms-request-id": [
          "c1257849-90df-49e1-9fe8-d13e9a4452a2"
        ],
        "x-envoy-upstream-service-time": [
          "8"
        ],
        "Server": [
          "istio-envoy"
        ],
        "x-ms-ratelimit-remaining-subscription-reads": [
          "11999"
        ],
        "x-ms-correlation-request-id": [
          "0813d33b-da4f-4c00-986e-69ec969a8403"
        ],
        "x-ms-routing-request-id": [
          "CANADACENTRAL:20230131T002637Z:0813d33b-da4f-4c00-986e-69ec969a8403"
        ],
        "Strict-Transport-Security": [
          "max-age=31536000; includeSubDomains"
        ],
        "Date": [
          "Tue, 31 Jan 2023 00:26:36 GMT"
        ],
        "Content-Length": [
          "312"
        ],
        "Content-Type": [
          "application/json; charset=utf-8"
        ],
        "Expires": [
          "-1"
        ]
      },
      "ResponseBody": "{\r\n  \"id\": \"/subscriptions/f9b96b36-1f5e-4021-8959-51527e26e6d3/providers/Microsoft.CognitiveServices/locations/SOUTHCENTRALUS/operationResults/71ac04ce-fae8-4dd0-88c8-3b29905ddf80\",\r\n  \"name\": \"71ac04ce-fae8-4dd0-88c8-3b29905ddf80\",\r\n  \"status\": \"Succeeded\",\r\n  \"startTime\": \"2023-01-31T00:26:07Z\",\r\n  \"endTime\": \"2023-01-31T00:26:07Z\"\r\n}",
      "StatusCode": 200
    },
    {
      "RequestUri": "/subscriptions/f9b96b36-1f5e-4021-8959-51527e26e6d3/resourceGroups/pstestrg9198/providers/Microsoft.CognitiveServices/accounts/csapstestrg9198?api-version=2022-12-01",
      "EncodedRequestUri": "L3N1YnNjcmlwdGlvbnMvZjliOTZiMzYtMWY1ZS00MDIxLTg5NTktNTE1MjdlMjZlNmQzL3Jlc291cmNlR3JvdXBzL3BzdGVzdHJnOTE5OC9wcm92aWRlcnMvTWljcm9zb2Z0LkNvZ25pdGl2ZVNlcnZpY2VzL2FjY291bnRzL2NzYXBzdGVzdHJnOTE5OD9hcGktdmVyc2lvbj0yMDIyLTEyLTAx",
      "RequestMethod": "GET",
      "RequestHeaders": {
        "x-ms-client-request-id": [
          "76b7f267-adeb-4fe9-8895-7178be2b4db5"
        ],
        "User-Agent": [
          "FxVersion/4.700.22.55902",
          "OSName/Windows",
          "OSVersion/Microsoft.Windows.10.0.22621",
          "Microsoft.Azure.Management.CognitiveServices.CognitiveServicesManagementClient/9.0.0.0"
        ]
      },
      "RequestBody": "",
      "ResponseHeaders": {
        "Cache-Control": [
          "no-cache"
        ],
        "Pragma": [
          "no-cache"
        ],
        "ETag": [
          "\"3202730d-0000-0500-0000-63d8601f0000\""
        ],
        "X-Content-Type-Options": [
          "nosniff"
        ],
        "x-ms-request-id": [
          "8cb80804-76ba-4384-8652-756b295beb46"
        ],
        "x-envoy-upstream-service-time": [
          "8"
        ],
        "Server": [
          "istio-envoy"
        ],
        "x-ms-ratelimit-remaining-subscription-reads": [
          "11998"
        ],
        "x-ms-correlation-request-id": [
          "5e7bb342-fdb8-49bd-8def-2732a99a2d41"
        ],
        "x-ms-routing-request-id": [
          "CANADACENTRAL:20230131T002638Z:5e7bb342-fdb8-49bd-8def-2732a99a2d41"
        ],
        "Strict-Transport-Security": [
          "max-age=31536000; includeSubDomains"
        ],
        "Date": [
          "Tue, 31 Jan 2023 00:26:37 GMT"
        ],
        "Content-Length": [
          "1493"
        ],
        "Content-Type": [
          "application/json; charset=utf-8"
        ],
        "Expires": [
          "-1"
        ]
      },
      "ResponseBody": "{\r\n  \"id\": \"/subscriptions/f9b96b36-1f5e-4021-8959-51527e26e6d3/resourceGroups/pstestrg9198/providers/Microsoft.CognitiveServices/accounts/csapstestrg9198\",\r\n  \"name\": \"csapstestrg9198\",\r\n  \"type\": \"Microsoft.CognitiveServices/accounts\",\r\n  \"etag\": \"\\\"3202730d-0000-0500-0000-63d8601f0000\\\"\",\r\n  \"location\": \"SOUTHCENTRALUS\",\r\n  \"sku\": {\r\n    \"name\": \"S0\"\r\n  },\r\n  \"kind\": \"Face\",\r\n  \"properties\": {\r\n    \"endpoint\": \"https://csapstestrg9198.cognitiveservices.azure.com/\",\r\n    \"internalId\": \"bf8f9772658542a2b8d849c6cf020b67\",\r\n    \"dateCreated\": \"2023-01-31T00:26:06.1360944Z\",\r\n    \"callRateLimit\": {\r\n      \"rules\": [\r\n        {\r\n          \"key\": \"face\",\r\n          \"renewalPeriod\": 1,\r\n          \"count\": 10,\r\n          \"matchPatterns\": [\r\n            {\r\n              \"path\": \"face/*\",\r\n              \"method\": \"*\"\r\n            }\r\n          ]\r\n        },\r\n        {\r\n          \"key\": \"container.billing\",\r\n          \"renewalPeriod\": 10,\r\n          \"count\": 500,\r\n          \"matchPatterns\": [\r\n            {\r\n              \"path\": \"billing/*\",\r\n              \"method\": \"*\"\r\n            }\r\n          ]\r\n        },\r\n        {\r\n          \"key\": \"default\",\r\n          \"renewalPeriod\": 1,\r\n          \"count\": 10,\r\n          \"matchPatterns\": [\r\n            {\r\n              \"path\": \"*\",\r\n              \"method\": \"*\"\r\n            }\r\n          ]\r\n        }\r\n      ]\r\n    },\r\n    \"isMigrated\": false,\r\n    \"customSubDomainName\": \"csapstestrg9198\",\r\n    \"privateEndpointConnections\": [],\r\n    \"publicNetworkAccess\": \"Enabled\",\r\n    \"capabilities\": [\r\n      {\r\n        \"name\": \"VirtualNetworks\"\r\n      },\r\n      {\r\n        \"name\": \"Container\",\r\n        \"value\": \"Face.*,Face.Face\"\r\n      },\r\n      {\r\n        \"name\": \"Scenario\",\r\n        \"value\": \"Face.LegacyPreview,Face.Legacy\"\r\n      }\r\n    ],\r\n    \"endpoints\": {\r\n      \"Face\": \"https://csapstestrg9198.cognitiveservices.azure.com/\"\r\n    },\r\n    \"provisioningState\": \"Succeeded\"\r\n  },\r\n  \"systemData\": {\r\n    \"createdBy\": \"50841d5f-166a-406c-8472-6800c9698b43\",\r\n    \"createdByType\": \"Application\",\r\n    \"createdAt\": \"2023-01-31T00:26:05.3010275Z\",\r\n    \"lastModifiedBy\": \"50841d5f-166a-406c-8472-6800c9698b43\",\r\n    \"lastModifiedByType\": \"Application\",\r\n    \"lastModifiedAt\": \"2023-01-31T00:26:05.3010275Z\"\r\n  }\r\n}",
      "StatusCode": 200
    },
    {
      "RequestUri": "/subscriptions/f9b96b36-1f5e-4021-8959-51527e26e6d3/resourceGroups/pstestrg9198/providers/Microsoft.CognitiveServices/accounts/csapstestrg9198?api-version=2022-12-01",
      "EncodedRequestUri": "L3N1YnNjcmlwdGlvbnMvZjliOTZiMzYtMWY1ZS00MDIxLTg5NTktNTE1MjdlMjZlNmQzL3Jlc291cmNlR3JvdXBzL3BzdGVzdHJnOTE5OC9wcm92aWRlcnMvTWljcm9zb2Z0LkNvZ25pdGl2ZVNlcnZpY2VzL2FjY291bnRzL2NzYXBzdGVzdHJnOTE5OD9hcGktdmVyc2lvbj0yMDIyLTEyLTAx",
      "RequestMethod": "GET",
      "RequestHeaders": {
        "x-ms-client-request-id": [
          "76b7f267-adeb-4fe9-8895-7178be2b4db5"
        ],
        "Accept-Language": [
          "en-US"
        ],
        "User-Agent": [
          "FxVersion/4.700.22.55902",
          "OSName/Windows",
          "OSVersion/Microsoft.Windows.10.0.22621",
          "Microsoft.Azure.Management.CognitiveServices.CognitiveServicesManagementClient/9.0.0.0"
        ]
      },
      "RequestBody": "",
      "ResponseHeaders": {
        "Cache-Control": [
          "no-cache"
        ],
        "Pragma": [
          "no-cache"
        ],
        "ETag": [
          "\"3202730d-0000-0500-0000-63d8601f0000\""
        ],
        "X-Content-Type-Options": [
          "nosniff"
        ],
        "x-ms-request-id": [
          "24209182-09ab-4b86-ae61-7aa3386f8977"
        ],
        "x-envoy-upstream-service-time": [
          "10"
        ],
        "Server": [
          "istio-envoy"
        ],
        "x-ms-ratelimit-remaining-subscription-reads": [
          "11997"
        ],
        "x-ms-correlation-request-id": [
          "bdc6c34c-d878-4972-8b2a-ca9867cf5ed7"
        ],
        "x-ms-routing-request-id": [
          "CANADACENTRAL:20230131T002638Z:bdc6c34c-d878-4972-8b2a-ca9867cf5ed7"
        ],
        "Strict-Transport-Security": [
          "max-age=31536000; includeSubDomains"
        ],
        "Date": [
          "Tue, 31 Jan 2023 00:26:37 GMT"
        ],
        "Content-Length": [
          "1493"
        ],
        "Content-Type": [
          "application/json; charset=utf-8"
        ],
        "Expires": [
          "-1"
        ]
      },
      "ResponseBody": "{\r\n  \"id\": \"/subscriptions/f9b96b36-1f5e-4021-8959-51527e26e6d3/resourceGroups/pstestrg9198/providers/Microsoft.CognitiveServices/accounts/csapstestrg9198\",\r\n  \"name\": \"csapstestrg9198\",\r\n  \"type\": \"Microsoft.CognitiveServices/accounts\",\r\n  \"etag\": \"\\\"3202730d-0000-0500-0000-63d8601f0000\\\"\",\r\n  \"location\": \"SOUTHCENTRALUS\",\r\n  \"sku\": {\r\n    \"name\": \"S0\"\r\n  },\r\n  \"kind\": \"Face\",\r\n  \"properties\": {\r\n    \"endpoint\": \"https://csapstestrg9198.cognitiveservices.azure.com/\",\r\n    \"internalId\": \"bf8f9772658542a2b8d849c6cf020b67\",\r\n    \"dateCreated\": \"2023-01-31T00:26:06.1360944Z\",\r\n    \"callRateLimit\": {\r\n      \"rules\": [\r\n        {\r\n          \"key\": \"face\",\r\n          \"renewalPeriod\": 1,\r\n          \"count\": 10,\r\n          \"matchPatterns\": [\r\n            {\r\n              \"path\": \"face/*\",\r\n              \"method\": \"*\"\r\n            }\r\n          ]\r\n        },\r\n        {\r\n          \"key\": \"container.billing\",\r\n          \"renewalPeriod\": 10,\r\n          \"count\": 500,\r\n          \"matchPatterns\": [\r\n            {\r\n              \"path\": \"billing/*\",\r\n              \"method\": \"*\"\r\n            }\r\n          ]\r\n        },\r\n        {\r\n          \"key\": \"default\",\r\n          \"renewalPeriod\": 1,\r\n          \"count\": 10,\r\n          \"matchPatterns\": [\r\n            {\r\n              \"path\": \"*\",\r\n              \"method\": \"*\"\r\n            }\r\n          ]\r\n        }\r\n      ]\r\n    },\r\n    \"isMigrated\": false,\r\n    \"customSubDomainName\": \"csapstestrg9198\",\r\n    \"privateEndpointConnections\": [],\r\n    \"publicNetworkAccess\": \"Enabled\",\r\n    \"capabilities\": [\r\n      {\r\n        \"name\": \"VirtualNetworks\"\r\n      },\r\n      {\r\n        \"name\": \"Container\",\r\n        \"value\": \"Face.*,Face.Face\"\r\n      },\r\n      {\r\n        \"name\": \"Scenario\",\r\n        \"value\": \"Face.LegacyPreview,Face.Legacy\"\r\n      }\r\n    ],\r\n    \"endpoints\": {\r\n      \"Face\": \"https://csapstestrg9198.cognitiveservices.azure.com/\"\r\n    },\r\n    \"provisioningState\": \"Succeeded\"\r\n  },\r\n  \"systemData\": {\r\n    \"createdBy\": \"50841d5f-166a-406c-8472-6800c9698b43\",\r\n    \"createdByType\": \"Application\",\r\n    \"createdAt\": \"2023-01-31T00:26:05.3010275Z\",\r\n    \"lastModifiedBy\": \"50841d5f-166a-406c-8472-6800c9698b43\",\r\n    \"lastModifiedByType\": \"Application\",\r\n    \"lastModifiedAt\": \"2023-01-31T00:26:05.3010275Z\"\r\n  }\r\n}",
      "StatusCode": 200
    },
    {
      "RequestUri": "/subscriptions/f9b96b36-1f5e-4021-8959-51527e26e6d3/resourceGroups/pstestrg9198/providers/Microsoft.CognitiveServices/accounts/csapstestrg9198?api-version=2022-12-01",
      "EncodedRequestUri": "L3N1YnNjcmlwdGlvbnMvZjliOTZiMzYtMWY1ZS00MDIxLTg5NTktNTE1MjdlMjZlNmQzL3Jlc291cmNlR3JvdXBzL3BzdGVzdHJnOTE5OC9wcm92aWRlcnMvTWljcm9zb2Z0LkNvZ25pdGl2ZVNlcnZpY2VzL2FjY291bnRzL2NzYXBzdGVzdHJnOTE5OD9hcGktdmVyc2lvbj0yMDIyLTEyLTAx",
      "RequestMethod": "GET",
      "RequestHeaders": {
        "x-ms-client-request-id": [
          "dc763249-5bba-45f2-855c-7294c2d41e18"
        ],
        "User-Agent": [
          "FxVersion/4.700.22.55902",
          "OSName/Windows",
          "OSVersion/Microsoft.Windows.10.0.22621",
          "Microsoft.Azure.Management.CognitiveServices.CognitiveServicesManagementClient/9.0.0.0"
        ]
      },
      "RequestBody": "",
      "ResponseHeaders": {
        "Cache-Control": [
          "no-cache"
        ],
        "Pragma": [
          "no-cache"
        ],
        "ETag": [
          "\"3202d90e-0000-0500-0000-63d860530000\""
        ],
        "X-Content-Type-Options": [
          "nosniff"
        ],
        "x-ms-request-id": [
          "64c827f6-5339-4a88-ba73-476832180d78"
        ],
        "x-envoy-upstream-service-time": [
          "10"
        ],
        "Server": [
          "istio-envoy"
        ],
        "x-ms-ratelimit-remaining-subscription-reads": [
          "11997"
        ],
        "x-ms-correlation-request-id": [
          "2fdcda42-62d9-40ec-a7c3-6e5d42f482f0"
        ],
        "x-ms-routing-request-id": [
          "CANADACENTRAL:20230131T002731Z:2fdcda42-62d9-40ec-a7c3-6e5d42f482f0"
        ],
        "Strict-Transport-Security": [
          "max-age=31536000; includeSubDomains"
        ],
        "Date": [
          "Tue, 31 Jan 2023 00:27:31 GMT"
        ],
        "Content-Length": [
          "1796"
        ],
        "Content-Type": [
          "application/json; charset=utf-8"
        ],
        "Expires": [
          "-1"
        ]
      },
      "ResponseBody": "{\r\n  \"id\": \"/subscriptions/f9b96b36-1f5e-4021-8959-51527e26e6d3/resourceGroups/pstestrg9198/providers/Microsoft.CognitiveServices/accounts/csapstestrg9198\",\r\n  \"name\": \"csapstestrg9198\",\r\n  \"type\": \"Microsoft.CognitiveServices/accounts\",\r\n  \"etag\": \"\\\"3202d90e-0000-0500-0000-63d860530000\\\"\",\r\n  \"location\": \"SOUTHCENTRALUS\",\r\n  \"sku\": {\r\n    \"name\": \"S0\"\r\n  },\r\n  \"kind\": \"Face\",\r\n  \"properties\": {\r\n    \"endpoint\": \"https://csapstestrg9198.cognitiveservices.azure.com/\",\r\n    \"provisioningState\": \"Succeeded\",\r\n    \"internalId\": \"bf8f9772658542a2b8d849c6cf020b67\",\r\n    \"dateCreated\": \"2023-01-31T00:26:06.1360944Z\",\r\n    \"callRateLimit\": {\r\n      \"rules\": [\r\n        {\r\n          \"key\": \"face\",\r\n          \"renewalPeriod\": 1,\r\n          \"count\": 10,\r\n          \"matchPatterns\": [\r\n            {\r\n              \"path\": \"face/*\",\r\n              \"method\": \"*\"\r\n            }\r\n          ]\r\n        },\r\n        {\r\n          \"key\": \"container.billing\",\r\n          \"renewalPeriod\": 10,\r\n          \"count\": 500,\r\n          \"matchPatterns\": [\r\n            {\r\n              \"path\": \"billing/*\",\r\n              \"method\": \"*\"\r\n            }\r\n          ]\r\n        },\r\n        {\r\n          \"key\": \"default\",\r\n          \"renewalPeriod\": 1,\r\n          \"count\": 10,\r\n          \"matchPatterns\": [\r\n            {\r\n              \"path\": \"*\",\r\n              \"method\": \"*\"\r\n            }\r\n          ]\r\n        }\r\n      ]\r\n    },\r\n    \"isMigrated\": false,\r\n    \"customSubDomainName\": \"csapstestrg9198\",\r\n    \"networkAcls\": {\r\n      \"defaultAction\": \"Deny\",\r\n      \"virtualNetworkRules\": [\r\n        {\r\n          \"id\": \"/subscriptions/f9b96b36-1f5e-4021-8959-51527e26e6d3/resourceGroups/pstestrg9198/providers/Microsoft.Network/virtualNetworks/vnetpstestrg9198/subnets/default\",\r\n          \"ignoreMissingVnetServiceEndpoint\": true\r\n        }\r\n      ],\r\n      \"ipRules\": [\r\n        {\r\n          \"value\": \"200.0.0.0\"\r\n        }\r\n      ]\r\n    },\r\n    \"privateEndpointConnections\": [],\r\n    \"publicNetworkAccess\": \"Enabled\",\r\n    \"capabilities\": [\r\n      {\r\n        \"name\": \"VirtualNetworks\"\r\n      },\r\n      {\r\n        \"name\": \"Container\",\r\n        \"value\": \"Face.*,Face.Face\"\r\n      },\r\n      {\r\n        \"name\": \"Scenario\",\r\n        \"value\": \"Face.LegacyPreview,Face.Legacy\"\r\n      }\r\n    ],\r\n    \"endpoints\": {\r\n      \"Face\": \"https://csapstestrg9198.cognitiveservices.azure.com/\"\r\n    }\r\n  },\r\n  \"systemData\": {\r\n    \"createdBy\": \"50841d5f-166a-406c-8472-6800c9698b43\",\r\n    \"createdByType\": \"Application\",\r\n    \"createdAt\": \"2023-01-31T00:26:05.3010275Z\",\r\n    \"lastModifiedBy\": \"50841d5f-166a-406c-8472-6800c9698b43\",\r\n    \"lastModifiedByType\": \"Application\",\r\n    \"lastModifiedAt\": \"2023-01-31T00:26:46.7043048Z\"\r\n  }\r\n}",
      "StatusCode": 200
    },
    {
      "RequestUri": "/subscriptions/f9b96b36-1f5e-4021-8959-51527e26e6d3/resourceGroups/pstestrg9198/providers/Microsoft.Network/virtualNetworks/vnetpstestrg9198?api-version=2022-07-01",
      "EncodedRequestUri": "L3N1YnNjcmlwdGlvbnMvZjliOTZiMzYtMWY1ZS00MDIxLTg5NTktNTE1MjdlMjZlNmQzL3Jlc291cmNlR3JvdXBzL3BzdGVzdHJnOTE5OC9wcm92aWRlcnMvTWljcm9zb2Z0Lk5ldHdvcmsvdmlydHVhbE5ldHdvcmtzL3ZuZXRwc3Rlc3RyZzkxOTg/YXBpLXZlcnNpb249MjAyMi0wNy0wMQ==",
      "RequestMethod": "GET",
      "RequestHeaders": {
        "x-ms-client-request-id": [
          "8fb165a8-93e4-4ae9-b821-90cd4d46293d"
        ],
        "Accept-Language": [
          "en-US"
        ],
        "User-Agent": [
          "FxVersion/4.700.22.55902",
          "OSName/Windows",
          "OSVersion/Microsoft.Windows.10.0.22621",
          "Microsoft.Azure.Management.Network.NetworkManagementClient/25.0.0.0"
        ]
      },
      "RequestBody": "",
      "ResponseHeaders": {
        "Cache-Control": [
          "no-cache"
        ],
        "Pragma": [
          "no-cache"
        ],
        "x-ms-failure-cause": [
          "gateway"
        ],
        "x-ms-request-id": [
          "922bc5bf-0e39-42a2-8298-a17cb39f539c"
        ],
        "x-ms-correlation-request-id": [
          "922bc5bf-0e39-42a2-8298-a17cb39f539c"
        ],
        "x-ms-routing-request-id": [
          "CANADACENTRAL:20230131T002638Z:922bc5bf-0e39-42a2-8298-a17cb39f539c"
        ],
        "Strict-Transport-Security": [
          "max-age=31536000; includeSubDomains"
        ],
        "X-Content-Type-Options": [
          "nosniff"
        ],
        "Date": [
          "Tue, 31 Jan 2023 00:26:37 GMT"
        ],
        "Content-Type": [
          "application/json; charset=utf-8"
        ],
        "Expires": [
          "-1"
        ],
        "Content-Length": [
          "234"
        ]
      },
      "ResponseBody": "{\r\n  \"error\": {\r\n    \"code\": \"ResourceNotFound\",\r\n    \"message\": \"The Resource 'Microsoft.Network/virtualNetworks/vnetpstestrg9198' under resource group 'pstestrg9198' was not found. For more details please go to https://aka.ms/ARMResourceNotFoundFix\"\r\n  }\r\n}",
      "StatusCode": 404
    },
    {
      "RequestUri": "/subscriptions/f9b96b36-1f5e-4021-8959-51527e26e6d3/resourceGroups/pstestrg9198/providers/Microsoft.Network/virtualNetworks/vnetpstestrg9198?api-version=2022-07-01",
      "EncodedRequestUri": "L3N1YnNjcmlwdGlvbnMvZjliOTZiMzYtMWY1ZS00MDIxLTg5NTktNTE1MjdlMjZlNmQzL3Jlc291cmNlR3JvdXBzL3BzdGVzdHJnOTE5OC9wcm92aWRlcnMvTWljcm9zb2Z0Lk5ldHdvcmsvdmlydHVhbE5ldHdvcmtzL3ZuZXRwc3Rlc3RyZzkxOTg/YXBpLXZlcnNpb249MjAyMi0wNy0wMQ==",
      "RequestMethod": "GET",
      "RequestHeaders": {
        "x-ms-client-request-id": [
          "8fb165a8-93e4-4ae9-b821-90cd4d46293d"
        ],
        "User-Agent": [
          "FxVersion/4.700.22.55902",
          "OSName/Windows",
          "OSVersion/Microsoft.Windows.10.0.22621",
          "Microsoft.Azure.Management.Network.NetworkManagementClient/25.0.0.0"
        ]
      },
      "RequestBody": "",
      "ResponseHeaders": {
        "Cache-Control": [
          "no-cache"
        ],
        "Pragma": [
          "no-cache"
        ],
        "ETag": [
          "W/\"8537eda2-4de0-4194-914d-f515a2d211f5\""
        ],
        "x-ms-request-id": [
          "b56cbb6e-0a84-4487-89c4-1e750b30b09a"
        ],
        "x-ms-correlation-request-id": [
          "7d14a775-0c7d-43e3-a627-43f97a6a8f30"
        ],
        "x-ms-arm-service-request-id": [
          "3cb6bc87-fcdd-44e3-a8ca-271482472b86"
        ],
        "Strict-Transport-Security": [
          "max-age=31536000; includeSubDomains"
        ],
        "Server": [
          "Microsoft-HTTPAPI/2.0",
          "Microsoft-HTTPAPI/2.0"
        ],
        "x-ms-ratelimit-remaining-subscription-reads": [
          "11993"
        ],
        "x-ms-routing-request-id": [
          "CANADACENTRAL:20230131T002643Z:7d14a775-0c7d-43e3-a627-43f97a6a8f30"
        ],
        "X-Content-Type-Options": [
          "nosniff"
        ],
        "Date": [
          "Tue, 31 Jan 2023 00:26:43 GMT"
        ],
        "Content-Length": [
          "1939"
        ],
        "Content-Type": [
          "application/json; charset=utf-8"
        ],
        "Expires": [
          "-1"
        ]
      },
      "ResponseBody": "{\r\n  \"name\": \"vnetpstestrg9198\",\r\n  \"id\": \"/subscriptions/f9b96b36-1f5e-4021-8959-51527e26e6d3/resourceGroups/pstestrg9198/providers/Microsoft.Network/virtualNetworks/vnetpstestrg9198\",\r\n  \"etag\": \"W/\\\"8537eda2-4de0-4194-914d-f515a2d211f5\\\"\",\r\n  \"type\": \"Microsoft.Network/virtualNetworks\",\r\n  \"location\": \"southcentralus\",\r\n  \"properties\": {\r\n    \"provisioningState\": \"Succeeded\",\r\n    \"resourceGuid\": \"59057ee9-ddbf-4dcf-b9f6-66ab75f7819c\",\r\n    \"addressSpace\": {\r\n      \"addressPrefixes\": [\r\n        \"200.0.0.0/16\"\r\n      ]\r\n    },\r\n    \"subnets\": [\r\n      {\r\n        \"name\": \"default\",\r\n        \"id\": \"/subscriptions/f9b96b36-1f5e-4021-8959-51527e26e6d3/resourceGroups/pstestrg9198/providers/Microsoft.Network/virtualNetworks/vnetpstestrg9198/subnets/default\",\r\n        \"etag\": \"W/\\\"8537eda2-4de0-4194-914d-f515a2d211f5\\\"\",\r\n        \"properties\": {\r\n          \"provisioningState\": \"Succeeded\",\r\n          \"addressPrefix\": \"200.0.0.0/24\",\r\n          \"serviceEndpoints\": [],\r\n          \"delegations\": [],\r\n          \"privateEndpointNetworkPolicies\": \"Disabled\",\r\n          \"privateLinkServiceNetworkPolicies\": \"Enabled\"\r\n        },\r\n        \"type\": \"Microsoft.Network/virtualNetworks/subnets\"\r\n      },\r\n      {\r\n        \"name\": \"subnet\",\r\n        \"id\": \"/subscriptions/f9b96b36-1f5e-4021-8959-51527e26e6d3/resourceGroups/pstestrg9198/providers/Microsoft.Network/virtualNetworks/vnetpstestrg9198/subnets/subnet\",\r\n        \"etag\": \"W/\\\"8537eda2-4de0-4194-914d-f515a2d211f5\\\"\",\r\n        \"properties\": {\r\n          \"provisioningState\": \"Succeeded\",\r\n          \"addressPrefix\": \"200.0.1.0/24\",\r\n          \"serviceEndpoints\": [],\r\n          \"delegations\": [],\r\n          \"privateEndpointNetworkPolicies\": \"Disabled\",\r\n          \"privateLinkServiceNetworkPolicies\": \"Enabled\"\r\n        },\r\n        \"type\": \"Microsoft.Network/virtualNetworks/subnets\"\r\n      }\r\n    ],\r\n    \"virtualNetworkPeerings\": [],\r\n    \"enableDdosProtection\": false\r\n  }\r\n}",
      "StatusCode": 200
    },
    {
      "RequestUri": "/subscriptions/f9b96b36-1f5e-4021-8959-51527e26e6d3/resourceGroups/pstestrg9198/providers/Microsoft.Network/virtualNetworks/vnetpstestrg9198?api-version=2022-07-01",
      "EncodedRequestUri": "L3N1YnNjcmlwdGlvbnMvZjliOTZiMzYtMWY1ZS00MDIxLTg5NTktNTE1MjdlMjZlNmQzL3Jlc291cmNlR3JvdXBzL3BzdGVzdHJnOTE5OC9wcm92aWRlcnMvTWljcm9zb2Z0Lk5ldHdvcmsvdmlydHVhbE5ldHdvcmtzL3ZuZXRwc3Rlc3RyZzkxOTg/YXBpLXZlcnNpb249MjAyMi0wNy0wMQ==",
      "RequestMethod": "GET",
      "RequestHeaders": {
        "x-ms-client-request-id": [
          "8fb165a8-93e4-4ae9-b821-90cd4d46293d"
        ],
        "Accept-Language": [
          "en-US"
        ],
        "User-Agent": [
          "FxVersion/4.700.22.55902",
          "OSName/Windows",
          "OSVersion/Microsoft.Windows.10.0.22621",
          "Microsoft.Azure.Management.Network.NetworkManagementClient/25.0.0.0"
        ]
      },
      "RequestBody": "",
      "ResponseHeaders": {
        "Cache-Control": [
          "no-cache"
        ],
        "Pragma": [
          "no-cache"
        ],
        "ETag": [
          "W/\"8537eda2-4de0-4194-914d-f515a2d211f5\""
        ],
        "x-ms-request-id": [
          "b2d18e53-4e94-4de6-ab64-34a9a9349d35"
        ],
        "x-ms-correlation-request-id": [
          "b6114980-dff3-4155-8718-80330c85f202"
        ],
        "x-ms-arm-service-request-id": [
          "4e0ab675-d344-44f8-8c5f-ba28625df35e"
        ],
        "Strict-Transport-Security": [
          "max-age=31536000; includeSubDomains"
        ],
        "Server": [
          "Microsoft-HTTPAPI/2.0",
          "Microsoft-HTTPAPI/2.0"
        ],
        "x-ms-ratelimit-remaining-subscription-reads": [
          "11992"
        ],
        "x-ms-routing-request-id": [
          "CANADACENTRAL:20230131T002644Z:b6114980-dff3-4155-8718-80330c85f202"
        ],
        "X-Content-Type-Options": [
          "nosniff"
        ],
        "Date": [
          "Tue, 31 Jan 2023 00:26:43 GMT"
        ],
        "Content-Length": [
          "1939"
        ],
        "Content-Type": [
          "application/json; charset=utf-8"
        ],
        "Expires": [
          "-1"
        ]
      },
      "ResponseBody": "{\r\n  \"name\": \"vnetpstestrg9198\",\r\n  \"id\": \"/subscriptions/f9b96b36-1f5e-4021-8959-51527e26e6d3/resourceGroups/pstestrg9198/providers/Microsoft.Network/virtualNetworks/vnetpstestrg9198\",\r\n  \"etag\": \"W/\\\"8537eda2-4de0-4194-914d-f515a2d211f5\\\"\",\r\n  \"type\": \"Microsoft.Network/virtualNetworks\",\r\n  \"location\": \"southcentralus\",\r\n  \"properties\": {\r\n    \"provisioningState\": \"Succeeded\",\r\n    \"resourceGuid\": \"59057ee9-ddbf-4dcf-b9f6-66ab75f7819c\",\r\n    \"addressSpace\": {\r\n      \"addressPrefixes\": [\r\n        \"200.0.0.0/16\"\r\n      ]\r\n    },\r\n    \"subnets\": [\r\n      {\r\n        \"name\": \"default\",\r\n        \"id\": \"/subscriptions/f9b96b36-1f5e-4021-8959-51527e26e6d3/resourceGroups/pstestrg9198/providers/Microsoft.Network/virtualNetworks/vnetpstestrg9198/subnets/default\",\r\n        \"etag\": \"W/\\\"8537eda2-4de0-4194-914d-f515a2d211f5\\\"\",\r\n        \"properties\": {\r\n          \"provisioningState\": \"Succeeded\",\r\n          \"addressPrefix\": \"200.0.0.0/24\",\r\n          \"serviceEndpoints\": [],\r\n          \"delegations\": [],\r\n          \"privateEndpointNetworkPolicies\": \"Disabled\",\r\n          \"privateLinkServiceNetworkPolicies\": \"Enabled\"\r\n        },\r\n        \"type\": \"Microsoft.Network/virtualNetworks/subnets\"\r\n      },\r\n      {\r\n        \"name\": \"subnet\",\r\n        \"id\": \"/subscriptions/f9b96b36-1f5e-4021-8959-51527e26e6d3/resourceGroups/pstestrg9198/providers/Microsoft.Network/virtualNetworks/vnetpstestrg9198/subnets/subnet\",\r\n        \"etag\": \"W/\\\"8537eda2-4de0-4194-914d-f515a2d211f5\\\"\",\r\n        \"properties\": {\r\n          \"provisioningState\": \"Succeeded\",\r\n          \"addressPrefix\": \"200.0.1.0/24\",\r\n          \"serviceEndpoints\": [],\r\n          \"delegations\": [],\r\n          \"privateEndpointNetworkPolicies\": \"Disabled\",\r\n          \"privateLinkServiceNetworkPolicies\": \"Enabled\"\r\n        },\r\n        \"type\": \"Microsoft.Network/virtualNetworks/subnets\"\r\n      }\r\n    ],\r\n    \"virtualNetworkPeerings\": [],\r\n    \"enableDdosProtection\": false\r\n  }\r\n}",
      "StatusCode": 200
    },
    {
      "RequestUri": "/subscriptions/f9b96b36-1f5e-4021-8959-51527e26e6d3/resourceGroups/pstestrg9198/providers/Microsoft.Network/virtualNetworks/vnetpstestrg9198?api-version=2022-07-01",
      "EncodedRequestUri": "L3N1YnNjcmlwdGlvbnMvZjliOTZiMzYtMWY1ZS00MDIxLTg5NTktNTE1MjdlMjZlNmQzL3Jlc291cmNlR3JvdXBzL3BzdGVzdHJnOTE5OC9wcm92aWRlcnMvTWljcm9zb2Z0Lk5ldHdvcmsvdmlydHVhbE5ldHdvcmtzL3ZuZXRwc3Rlc3RyZzkxOTg/YXBpLXZlcnNpb249MjAyMi0wNy0wMQ==",
      "RequestMethod": "GET",
      "RequestHeaders": {
        "x-ms-client-request-id": [
          "b4d10a01-e16d-46d3-b7cf-f6a47c4ca345"
        ],
        "Accept-Language": [
          "en-US"
        ],
        "User-Agent": [
          "FxVersion/4.700.22.55902",
          "OSName/Windows",
          "OSVersion/Microsoft.Windows.10.0.22621",
          "Microsoft.Azure.Management.Network.NetworkManagementClient/25.0.0.0"
        ]
      },
      "RequestBody": "",
      "ResponseHeaders": {
        "Cache-Control": [
          "no-cache"
        ],
        "Pragma": [
          "no-cache"
        ],
        "ETag": [
          "W/\"8537eda2-4de0-4194-914d-f515a2d211f5\""
        ],
        "x-ms-request-id": [
          "ceb1b5d5-88cc-406d-af4e-eaa83bd4288b"
        ],
        "x-ms-correlation-request-id": [
          "410a4600-9ddb-4bd8-bc3f-6cd867e7e993"
        ],
        "x-ms-arm-service-request-id": [
          "8a52c6ab-45c1-498d-81a0-0ad5563a9581"
        ],
        "Strict-Transport-Security": [
          "max-age=31536000; includeSubDomains"
        ],
        "Server": [
          "Microsoft-HTTPAPI/2.0",
          "Microsoft-HTTPAPI/2.0"
        ],
        "x-ms-ratelimit-remaining-subscription-reads": [
          "11987"
        ],
        "x-ms-routing-request-id": [
          "CANADACENTRAL:20230131T002644Z:410a4600-9ddb-4bd8-bc3f-6cd867e7e993"
        ],
        "X-Content-Type-Options": [
          "nosniff"
        ],
        "Date": [
          "Tue, 31 Jan 2023 00:26:44 GMT"
        ],
        "Content-Length": [
          "1939"
        ],
        "Content-Type": [
          "application/json; charset=utf-8"
        ],
        "Expires": [
          "-1"
        ]
      },
      "ResponseBody": "{\r\n  \"name\": \"vnetpstestrg9198\",\r\n  \"id\": \"/subscriptions/f9b96b36-1f5e-4021-8959-51527e26e6d3/resourceGroups/pstestrg9198/providers/Microsoft.Network/virtualNetworks/vnetpstestrg9198\",\r\n  \"etag\": \"W/\\\"8537eda2-4de0-4194-914d-f515a2d211f5\\\"\",\r\n  \"type\": \"Microsoft.Network/virtualNetworks\",\r\n  \"location\": \"southcentralus\",\r\n  \"properties\": {\r\n    \"provisioningState\": \"Succeeded\",\r\n    \"resourceGuid\": \"59057ee9-ddbf-4dcf-b9f6-66ab75f7819c\",\r\n    \"addressSpace\": {\r\n      \"addressPrefixes\": [\r\n        \"200.0.0.0/16\"\r\n      ]\r\n    },\r\n    \"subnets\": [\r\n      {\r\n        \"name\": \"default\",\r\n        \"id\": \"/subscriptions/f9b96b36-1f5e-4021-8959-51527e26e6d3/resourceGroups/pstestrg9198/providers/Microsoft.Network/virtualNetworks/vnetpstestrg9198/subnets/default\",\r\n        \"etag\": \"W/\\\"8537eda2-4de0-4194-914d-f515a2d211f5\\\"\",\r\n        \"properties\": {\r\n          \"provisioningState\": \"Succeeded\",\r\n          \"addressPrefix\": \"200.0.0.0/24\",\r\n          \"serviceEndpoints\": [],\r\n          \"delegations\": [],\r\n          \"privateEndpointNetworkPolicies\": \"Disabled\",\r\n          \"privateLinkServiceNetworkPolicies\": \"Enabled\"\r\n        },\r\n        \"type\": \"Microsoft.Network/virtualNetworks/subnets\"\r\n      },\r\n      {\r\n        \"name\": \"subnet\",\r\n        \"id\": \"/subscriptions/f9b96b36-1f5e-4021-8959-51527e26e6d3/resourceGroups/pstestrg9198/providers/Microsoft.Network/virtualNetworks/vnetpstestrg9198/subnets/subnet\",\r\n        \"etag\": \"W/\\\"8537eda2-4de0-4194-914d-f515a2d211f5\\\"\",\r\n        \"properties\": {\r\n          \"provisioningState\": \"Succeeded\",\r\n          \"addressPrefix\": \"200.0.1.0/24\",\r\n          \"serviceEndpoints\": [],\r\n          \"delegations\": [],\r\n          \"privateEndpointNetworkPolicies\": \"Disabled\",\r\n          \"privateLinkServiceNetworkPolicies\": \"Enabled\"\r\n        },\r\n        \"type\": \"Microsoft.Network/virtualNetworks/subnets\"\r\n      }\r\n    ],\r\n    \"virtualNetworkPeerings\": [],\r\n    \"enableDdosProtection\": false\r\n  }\r\n}",
      "StatusCode": 200
    },
    {
      "RequestUri": "/subscriptions/f9b96b36-1f5e-4021-8959-51527e26e6d3/resourceGroups/pstestrg9198/providers/Microsoft.Network/virtualNetworks/vnetpstestrg9198?api-version=2022-07-01",
      "EncodedRequestUri": "L3N1YnNjcmlwdGlvbnMvZjliOTZiMzYtMWY1ZS00MDIxLTg5NTktNTE1MjdlMjZlNmQzL3Jlc291cmNlR3JvdXBzL3BzdGVzdHJnOTE5OC9wcm92aWRlcnMvTWljcm9zb2Z0Lk5ldHdvcmsvdmlydHVhbE5ldHdvcmtzL3ZuZXRwc3Rlc3RyZzkxOTg/YXBpLXZlcnNpb249MjAyMi0wNy0wMQ==",
      "RequestMethod": "PUT",
      "RequestHeaders": {
        "x-ms-client-request-id": [
          "8fb165a8-93e4-4ae9-b821-90cd4d46293d"
        ],
        "Accept-Language": [
          "en-US"
        ],
        "User-Agent": [
          "FxVersion/4.700.22.55902",
          "OSName/Windows",
          "OSVersion/Microsoft.Windows.10.0.22621",
          "Microsoft.Azure.Management.Network.NetworkManagementClient/25.0.0.0"
        ],
        "Content-Type": [
          "application/json; charset=utf-8"
        ],
        "Content-Length": [
          "1209"
        ]
      },
      "RequestBody": "{\r\n  \"properties\": {\r\n    \"addressSpace\": {\r\n      \"addressPrefixes\": [\r\n        \"200.0.0.0/16\"\r\n      ]\r\n    },\r\n    \"subnets\": [\r\n      {\r\n        \"properties\": {\r\n          \"addressPrefix\": \"200.0.0.0/24\",\r\n          \"addressPrefixes\": [],\r\n          \"serviceEndpoints\": [],\r\n          \"serviceEndpointPolicies\": [],\r\n          \"ipAllocations\": [],\r\n          \"delegations\": [],\r\n          \"privateEndpointNetworkPolicies\": \"Disabled\",\r\n          \"privateLinkServiceNetworkPolicies\": \"Enabled\",\r\n          \"applicationGatewayIpConfigurations\": []\r\n        },\r\n        \"name\": \"default\"\r\n      },\r\n      {\r\n        \"properties\": {\r\n          \"addressPrefix\": \"200.0.1.0/24\",\r\n          \"addressPrefixes\": [],\r\n          \"serviceEndpoints\": [],\r\n          \"serviceEndpointPolicies\": [],\r\n          \"ipAllocations\": [],\r\n          \"delegations\": [],\r\n          \"privateEndpointNetworkPolicies\": \"Disabled\",\r\n          \"privateLinkServiceNetworkPolicies\": \"Enabled\",\r\n          \"applicationGatewayIpConfigurations\": []\r\n        },\r\n        \"name\": \"subnet\"\r\n      }\r\n    ],\r\n    \"virtualNetworkPeerings\": [],\r\n    \"enableDdosProtection\": false,\r\n    \"ipAllocations\": []\r\n  },\r\n  \"location\": \"SOUTHCENTRALUS\"\r\n}",
      "ResponseHeaders": {
        "Cache-Control": [
          "no-cache"
        ],
        "Pragma": [
          "no-cache"
        ],
        "Retry-After": [
          "3"
        ],
        "x-ms-request-id": [
          "805b2aa5-bc54-4859-bf25-500793b39813"
        ],
        "Azure-AsyncOperation": [
          "https://management.azure.com/subscriptions/f9b96b36-1f5e-4021-8959-51527e26e6d3/providers/Microsoft.Network/locations/southcentralus/operations/805b2aa5-bc54-4859-bf25-500793b39813?api-version=2022-07-01"
        ],
        "x-ms-correlation-request-id": [
          "3ac6b0c1-8305-4646-a096-faf95d180992"
        ],
        "Azure-AsyncNotification": [
          "Enabled"
        ],
        "x-ms-arm-service-request-id": [
          "c429d420-75dc-42cc-bf6d-6a0b1a97678e"
        ],
        "Strict-Transport-Security": [
          "max-age=31536000; includeSubDomains"
        ],
        "Server": [
          "Microsoft-HTTPAPI/2.0",
          "Microsoft-HTTPAPI/2.0"
        ],
        "x-ms-ratelimit-remaining-subscription-writes": [
          "1198"
        ],
        "x-ms-routing-request-id": [
          "CANADACENTRAL:20230131T002640Z:3ac6b0c1-8305-4646-a096-faf95d180992"
        ],
        "X-Content-Type-Options": [
          "nosniff"
        ],
        "Date": [
          "Tue, 31 Jan 2023 00:26:39 GMT"
        ],
        "Content-Length": [
          "1936"
        ],
        "Content-Type": [
          "application/json; charset=utf-8"
        ],
        "Expires": [
          "-1"
        ]
      },
      "ResponseBody": "{\r\n  \"name\": \"vnetpstestrg9198\",\r\n  \"id\": \"/subscriptions/f9b96b36-1f5e-4021-8959-51527e26e6d3/resourceGroups/pstestrg9198/providers/Microsoft.Network/virtualNetworks/vnetpstestrg9198\",\r\n  \"etag\": \"W/\\\"22b39865-ff2c-45fc-8bc3-1dc06717f0a1\\\"\",\r\n  \"type\": \"Microsoft.Network/virtualNetworks\",\r\n  \"location\": \"southcentralus\",\r\n  \"properties\": {\r\n    \"provisioningState\": \"Updating\",\r\n    \"resourceGuid\": \"59057ee9-ddbf-4dcf-b9f6-66ab75f7819c\",\r\n    \"addressSpace\": {\r\n      \"addressPrefixes\": [\r\n        \"200.0.0.0/16\"\r\n      ]\r\n    },\r\n    \"subnets\": [\r\n      {\r\n        \"name\": \"default\",\r\n        \"id\": \"/subscriptions/f9b96b36-1f5e-4021-8959-51527e26e6d3/resourceGroups/pstestrg9198/providers/Microsoft.Network/virtualNetworks/vnetpstestrg9198/subnets/default\",\r\n        \"etag\": \"W/\\\"22b39865-ff2c-45fc-8bc3-1dc06717f0a1\\\"\",\r\n        \"properties\": {\r\n          \"provisioningState\": \"Updating\",\r\n          \"addressPrefix\": \"200.0.0.0/24\",\r\n          \"serviceEndpoints\": [],\r\n          \"delegations\": [],\r\n          \"privateEndpointNetworkPolicies\": \"Disabled\",\r\n          \"privateLinkServiceNetworkPolicies\": \"Enabled\"\r\n        },\r\n        \"type\": \"Microsoft.Network/virtualNetworks/subnets\"\r\n      },\r\n      {\r\n        \"name\": \"subnet\",\r\n        \"id\": \"/subscriptions/f9b96b36-1f5e-4021-8959-51527e26e6d3/resourceGroups/pstestrg9198/providers/Microsoft.Network/virtualNetworks/vnetpstestrg9198/subnets/subnet\",\r\n        \"etag\": \"W/\\\"22b39865-ff2c-45fc-8bc3-1dc06717f0a1\\\"\",\r\n        \"properties\": {\r\n          \"provisioningState\": \"Updating\",\r\n          \"addressPrefix\": \"200.0.1.0/24\",\r\n          \"serviceEndpoints\": [],\r\n          \"delegations\": [],\r\n          \"privateEndpointNetworkPolicies\": \"Disabled\",\r\n          \"privateLinkServiceNetworkPolicies\": \"Enabled\"\r\n        },\r\n        \"type\": \"Microsoft.Network/virtualNetworks/subnets\"\r\n      }\r\n    ],\r\n    \"virtualNetworkPeerings\": [],\r\n    \"enableDdosProtection\": false\r\n  }\r\n}",
      "StatusCode": 201
    },
    {
      "RequestUri": "/subscriptions/f9b96b36-1f5e-4021-8959-51527e26e6d3/providers/Microsoft.Network/locations/southcentralus/operations/805b2aa5-bc54-4859-bf25-500793b39813?api-version=2022-07-01",
      "EncodedRequestUri": "L3N1YnNjcmlwdGlvbnMvZjliOTZiMzYtMWY1ZS00MDIxLTg5NTktNTE1MjdlMjZlNmQzL3Byb3ZpZGVycy9NaWNyb3NvZnQuTmV0d29yay9sb2NhdGlvbnMvc291dGhjZW50cmFsdXMvb3BlcmF0aW9ucy84MDViMmFhNS1iYzU0LTQ4NTktYmYyNS01MDA3OTNiMzk4MTM/YXBpLXZlcnNpb249MjAyMi0wNy0wMQ==",
      "RequestMethod": "GET",
      "RequestHeaders": {
        "x-ms-client-request-id": [
          "8fb165a8-93e4-4ae9-b821-90cd4d46293d"
        ],
        "User-Agent": [
          "FxVersion/4.700.22.55902",
          "OSName/Windows",
          "OSVersion/Microsoft.Windows.10.0.22621",
          "Microsoft.Azure.Management.Network.NetworkManagementClient/25.0.0.0"
        ]
      },
      "RequestBody": "",
      "ResponseHeaders": {
        "Cache-Control": [
          "no-cache"
        ],
        "Pragma": [
          "no-cache"
        ],
        "x-ms-request-id": [
          "931efd61-41ac-478b-94ac-e770658789b6"
        ],
        "x-ms-correlation-request-id": [
          "72b2cbe7-def3-494e-ab44-9a14ebafc0ee"
        ],
        "x-ms-arm-service-request-id": [
          "1f93d8e9-891c-45b9-9c68-180385f55fcc"
        ],
        "Strict-Transport-Security": [
          "max-age=31536000; includeSubDomains"
        ],
        "Server": [
          "Microsoft-HTTPAPI/2.0",
          "Microsoft-HTTPAPI/2.0"
        ],
        "x-ms-ratelimit-remaining-subscription-reads": [
          "11994"
        ],
        "x-ms-routing-request-id": [
          "CANADACENTRAL:20230131T002643Z:72b2cbe7-def3-494e-ab44-9a14ebafc0ee"
        ],
        "X-Content-Type-Options": [
          "nosniff"
        ],
        "Date": [
          "Tue, 31 Jan 2023 00:26:42 GMT"
        ],
        "Content-Length": [
          "29"
        ],
        "Content-Type": [
          "application/json; charset=utf-8"
        ],
        "Expires": [
          "-1"
        ]
      },
      "ResponseBody": "{\r\n  \"status\": \"Succeeded\"\r\n}",
      "StatusCode": 200
    },
    {
      "RequestUri": "/subscriptions/f9b96b36-1f5e-4021-8959-51527e26e6d3/resourceGroups/pstestrg9198/providers/Microsoft.CognitiveServices/accounts/csapstestrg9198?api-version=2022-12-01",
      "EncodedRequestUri": "L3N1YnNjcmlwdGlvbnMvZjliOTZiMzYtMWY1ZS00MDIxLTg5NTktNTE1MjdlMjZlNmQzL3Jlc291cmNlR3JvdXBzL3BzdGVzdHJnOTE5OC9wcm92aWRlcnMvTWljcm9zb2Z0LkNvZ25pdGl2ZVNlcnZpY2VzL2FjY291bnRzL2NzYXBzdGVzdHJnOTE5OD9hcGktdmVyc2lvbj0yMDIyLTEyLTAx",
      "RequestMethod": "PATCH",
      "RequestHeaders": {
        "x-ms-client-request-id": [
          "dc763249-5bba-45f2-855c-7294c2d41e18"
        ],
        "Accept-Language": [
          "en-US"
        ],
        "User-Agent": [
          "FxVersion/4.700.22.55902",
          "OSName/Windows",
          "OSVersion/Microsoft.Windows.10.0.22621",
          "Microsoft.Azure.Management.CognitiveServices.CognitiveServicesManagementClient/9.0.0.0"
        ],
        "Content-Type": [
          "application/json; charset=utf-8"
        ],
        "Content-Length": [
          "465"
        ]
      },
      "RequestBody": "{\r\n  \"properties\": {\r\n    \"networkAcls\": {\r\n      \"defaultAction\": \"Deny\",\r\n      \"ipRules\": [\r\n        {\r\n          \"value\": \"200.0.0.0\"\r\n        }\r\n      ],\r\n      \"virtualNetworkRules\": [\r\n        {\r\n          \"id\": \"/subscriptions/f9b96b36-1f5e-4021-8959-51527e26e6d3/resourceGroups/pstestrg9198/providers/Microsoft.Network/virtualNetworks/vnetpstestrg9198/subnets/default\",\r\n          \"ignoreMissingVnetServiceEndpoint\": true\r\n        }\r\n      ]\r\n    }\r\n  }\r\n}",
      "ResponseHeaders": {
        "Cache-Control": [
          "no-cache"
        ],
        "Pragma": [
          "no-cache"
        ],
        "ETag": [
          "\"32022e0e-0000-0500-0000-63d860460000\""
        ],
        "Location": [
          "https://management.azure.com/subscriptions/f9b96b36-1f5e-4021-8959-51527e26e6d3/providers/Microsoft.CognitiveServices/locations/SOUTHCENTRALUS/operationResults/29af4e4a-665c-4ecb-a6c9-ae6b2e455b67?api-version=2017-04-18&operationResultResponseType=Location"
        ],
        "X-Content-Type-Options": [
          "nosniff"
        ],
        "x-ms-request-id": [
          "62b91662-e06a-47cf-953d-1fcb75635090"
        ],
        "azure-asyncoperation": [
          "https://management.azure.com/subscriptions/f9b96b36-1f5e-4021-8959-51527e26e6d3/providers/Microsoft.CognitiveServices/locations/SOUTHCENTRALUS/operationResults/29af4e4a-665c-4ecb-a6c9-ae6b2e455b67?api-version=2017-04-18"
        ],
        "x-envoy-upstream-service-time": [
          "12493"
        ],
        "Server": [
          "istio-envoy"
        ],
        "x-ms-ratelimit-remaining-subscription-writes": [
          "1199"
        ],
        "x-ms-correlation-request-id": [
          "90523ec1-1358-44aa-80ce-22938cf17f46"
        ],
        "x-ms-routing-request-id": [
          "CANADACENTRAL:20230131T002701Z:90523ec1-1358-44aa-80ce-22938cf17f46"
        ],
        "Strict-Transport-Security": [
          "max-age=31536000; includeSubDomains"
        ],
        "Date": [
          "Tue, 31 Jan 2023 00:27:00 GMT"
        ],
        "Content-Length": [
          "1795"
        ],
        "Content-Type": [
          "application/json; charset=utf-8"
        ],
        "Expires": [
          "-1"
        ]
      },
      "ResponseBody": "{\r\n  \"id\": \"/subscriptions/f9b96b36-1f5e-4021-8959-51527e26e6d3/resourceGroups/pstestrg9198/providers/Microsoft.CognitiveServices/accounts/csapstestrg9198\",\r\n  \"name\": \"csapstestrg9198\",\r\n  \"type\": \"Microsoft.CognitiveServices/accounts\",\r\n  \"etag\": \"\\\"32022e0e-0000-0500-0000-63d860460000\\\"\",\r\n  \"location\": \"SOUTHCENTRALUS\",\r\n  \"sku\": {\r\n    \"name\": \"S0\"\r\n  },\r\n  \"kind\": \"Face\",\r\n  \"properties\": {\r\n    \"endpoint\": \"https://csapstestrg9198.cognitiveservices.azure.com/\",\r\n    \"provisioningState\": \"Accepted\",\r\n    \"internalId\": \"bf8f9772658542a2b8d849c6cf020b67\",\r\n    \"dateCreated\": \"2023-01-31T00:26:06.1360944Z\",\r\n    \"callRateLimit\": {\r\n      \"rules\": [\r\n        {\r\n          \"key\": \"face\",\r\n          \"renewalPeriod\": 1,\r\n          \"count\": 10,\r\n          \"matchPatterns\": [\r\n            {\r\n              \"path\": \"face/*\",\r\n              \"method\": \"*\"\r\n            }\r\n          ]\r\n        },\r\n        {\r\n          \"key\": \"container.billing\",\r\n          \"renewalPeriod\": 10,\r\n          \"count\": 500,\r\n          \"matchPatterns\": [\r\n            {\r\n              \"path\": \"billing/*\",\r\n              \"method\": \"*\"\r\n            }\r\n          ]\r\n        },\r\n        {\r\n          \"key\": \"default\",\r\n          \"renewalPeriod\": 1,\r\n          \"count\": 10,\r\n          \"matchPatterns\": [\r\n            {\r\n              \"path\": \"*\",\r\n              \"method\": \"*\"\r\n            }\r\n          ]\r\n        }\r\n      ]\r\n    },\r\n    \"isMigrated\": false,\r\n    \"customSubDomainName\": \"csapstestrg9198\",\r\n    \"networkAcls\": {\r\n      \"defaultAction\": \"Deny\",\r\n      \"virtualNetworkRules\": [\r\n        {\r\n          \"id\": \"/subscriptions/f9b96b36-1f5e-4021-8959-51527e26e6d3/resourceGroups/pstestrg9198/providers/Microsoft.Network/virtualNetworks/vnetpstestrg9198/subnets/default\",\r\n          \"ignoreMissingVnetServiceEndpoint\": true\r\n        }\r\n      ],\r\n      \"ipRules\": [\r\n        {\r\n          \"value\": \"200.0.0.0\"\r\n        }\r\n      ]\r\n    },\r\n    \"privateEndpointConnections\": [],\r\n    \"publicNetworkAccess\": \"Enabled\",\r\n    \"capabilities\": [\r\n      {\r\n        \"name\": \"VirtualNetworks\"\r\n      },\r\n      {\r\n        \"name\": \"Container\",\r\n        \"value\": \"Face.*,Face.Face\"\r\n      },\r\n      {\r\n        \"name\": \"Scenario\",\r\n        \"value\": \"Face.LegacyPreview,Face.Legacy\"\r\n      }\r\n    ],\r\n    \"endpoints\": {\r\n      \"Face\": \"https://csapstestrg9198.cognitiveservices.azure.com/\"\r\n    }\r\n  },\r\n  \"systemData\": {\r\n    \"createdBy\": \"50841d5f-166a-406c-8472-6800c9698b43\",\r\n    \"createdByType\": \"Application\",\r\n    \"createdAt\": \"2023-01-31T00:26:05.3010275Z\",\r\n    \"lastModifiedBy\": \"50841d5f-166a-406c-8472-6800c9698b43\",\r\n    \"lastModifiedByType\": \"Application\",\r\n    \"lastModifiedAt\": \"2023-01-31T00:26:46.7043048Z\"\r\n  }\r\n}",
      "StatusCode": 202
    },
    {
      "RequestUri": "/subscriptions/f9b96b36-1f5e-4021-8959-51527e26e6d3/providers/Microsoft.CognitiveServices/locations/SOUTHCENTRALUS/operationResults/29af4e4a-665c-4ecb-a6c9-ae6b2e455b67?api-version=2017-04-18",
      "EncodedRequestUri": "L3N1YnNjcmlwdGlvbnMvZjliOTZiMzYtMWY1ZS00MDIxLTg5NTktNTE1MjdlMjZlNmQzL3Byb3ZpZGVycy9NaWNyb3NvZnQuQ29nbml0aXZlU2VydmljZXMvbG9jYXRpb25zL1NPVVRIQ0VOVFJBTFVTL29wZXJhdGlvblJlc3VsdHMvMjlhZjRlNGEtNjY1Yy00ZWNiLWE2YzktYWU2YjJlNDU1YjY3P2FwaS12ZXJzaW9uPTIwMTctMDQtMTg=",
      "RequestMethod": "GET",
      "RequestHeaders": {
        "x-ms-client-request-id": [
          "dc763249-5bba-45f2-855c-7294c2d41e18"
        ],
        "User-Agent": [
          "FxVersion/4.700.22.55902",
          "OSName/Windows",
          "OSVersion/Microsoft.Windows.10.0.22621",
          "Microsoft.Azure.Management.CognitiveServices.CognitiveServicesManagementClient/9.0.0.0"
        ]
      },
      "RequestBody": "",
      "ResponseHeaders": {
        "Cache-Control": [
          "no-cache"
        ],
        "Pragma": [
          "no-cache"
        ],
        "X-Content-Type-Options": [
          "nosniff"
        ],
        "x-ms-request-id": [
          "7f502501-e3c0-495b-beea-a5cd16d3ac23"
        ],
        "x-envoy-upstream-service-time": [
          "5"
        ],
        "Server": [
          "istio-envoy"
        ],
        "x-ms-ratelimit-remaining-subscription-reads": [
          "11998"
        ],
        "x-ms-correlation-request-id": [
          "b6960f24-1d83-4b8f-96ac-2b209d63387c"
        ],
        "x-ms-routing-request-id": [
          "CANADACENTRAL:20230131T002731Z:b6960f24-1d83-4b8f-96ac-2b209d63387c"
        ],
        "Strict-Transport-Security": [
          "max-age=31536000; includeSubDomains"
        ],
        "Date": [
          "Tue, 31 Jan 2023 00:27:31 GMT"
        ],
        "Content-Length": [
          "312"
        ],
        "Content-Type": [
          "application/json; charset=utf-8"
        ],
        "Expires": [
          "-1"
        ]
      },
      "ResponseBody": "{\r\n  \"id\": \"/subscriptions/f9b96b36-1f5e-4021-8959-51527e26e6d3/providers/Microsoft.CognitiveServices/locations/SOUTHCENTRALUS/operationResults/29af4e4a-665c-4ecb-a6c9-ae6b2e455b67\",\r\n  \"name\": \"29af4e4a-665c-4ecb-a6c9-ae6b2e455b67\",\r\n  \"status\": \"Succeeded\",\r\n  \"startTime\": \"2023-01-31T00:26:59Z\",\r\n  \"endTime\": \"2023-01-31T00:26:59Z\"\r\n}",
      "StatusCode": 200
    },
    {
      "RequestUri": "/subscriptions/f9b96b36-1f5e-4021-8959-51527e26e6d3/resourcegroups/pstestrg9198?api-version=2016-09-01",
      "EncodedRequestUri": "L3N1YnNjcmlwdGlvbnMvZjliOTZiMzYtMWY1ZS00MDIxLTg5NTktNTE1MjdlMjZlNmQzL3Jlc291cmNlZ3JvdXBzL3BzdGVzdHJnOTE5OD9hcGktdmVyc2lvbj0yMDE2LTA5LTAx",
      "RequestMethod": "DELETE",
      "RequestHeaders": {
        "x-ms-client-request-id": [
          "d2065abf-1417-4cb9-bdf9-ebbb3e27fcea"
        ],
        "Accept-Language": [
          "en-US"
        ],
        "User-Agent": [
          "FxVersion/4.700.22.55902",
          "OSName/Windows",
          "OSVersion/Microsoft.Windows.10.0.22621",
          "Microsoft.Azure.Management.Internal.Resources.ResourceManagementClient/1.3.68"
        ]
      },
      "RequestBody": "",
      "ResponseHeaders": {
        "Cache-Control": [
          "no-cache"
        ],
        "Pragma": [
          "no-cache"
        ],
        "Location": [
          "https://management.azure.com/subscriptions/f9b96b36-1f5e-4021-8959-51527e26e6d3/operationresults/eyJqb2JJZCI6IlJFU09VUkNFR1JPVVBERUxFVElPTkpPQi1QU1RFU1RSRzkxOTgtU09VVEhDRU5UUkFMVVMiLCJqb2JMb2NhdGlvbiI6InNvdXRoY2VudHJhbHVzIn0?api-version=2016-09-01"
        ],
        "Retry-After": [
          "15"
        ],
        "x-ms-ratelimit-remaining-subscription-deletes": [
          "14997"
        ],
        "x-ms-request-id": [
          "e1437e76-1df7-407c-9a29-e649bf984a44"
        ],
        "x-ms-correlation-request-id": [
          "e1437e76-1df7-407c-9a29-e649bf984a44"
        ],
        "x-ms-routing-request-id": [
          "CANADACENTRAL:20230131T002733Z:e1437e76-1df7-407c-9a29-e649bf984a44"
        ],
        "Strict-Transport-Security": [
          "max-age=31536000; includeSubDomains"
        ],
        "X-Content-Type-Options": [
          "nosniff"
        ],
        "Date": [
          "Tue, 31 Jan 2023 00:27:33 GMT"
        ],
        "Expires": [
          "-1"
        ],
        "Content-Length": [
          "0"
        ]
      },
      "ResponseBody": "",
      "StatusCode": 202
    },
    {
      "RequestUri": "/subscriptions/f9b96b36-1f5e-4021-8959-51527e26e6d3/operationresults/eyJqb2JJZCI6IlJFU09VUkNFR1JPVVBERUxFVElPTkpPQi1QU1RFU1RSRzkxOTgtU09VVEhDRU5UUkFMVVMiLCJqb2JMb2NhdGlvbiI6InNvdXRoY2VudHJhbHVzIn0?api-version=2016-09-01",
      "EncodedRequestUri": "L3N1YnNjcmlwdGlvbnMvZjliOTZiMzYtMWY1ZS00MDIxLTg5NTktNTE1MjdlMjZlNmQzL29wZXJhdGlvbnJlc3VsdHMvZXlKcWIySkpaQ0k2SWxKRlUwOVZVa05GUjFKUFZWQkVSVXhGVkVsUFRrcFBRaTFRVTFSRlUxUlNSemt4T1RndFUwOVZWRWhEUlU1VVVrRk1WVk1pTENKcWIySk1iMk5oZEdsdmJpSTZJbk52ZFhSb1kyVnVkSEpoYkhWekluMD9hcGktdmVyc2lvbj0yMDE2LTA5LTAx",
      "RequestMethod": "GET",
      "RequestHeaders": {
        "User-Agent": [
          "FxVersion/4.700.22.55902",
          "OSName/Windows",
          "OSVersion/Microsoft.Windows.10.0.22621",
          "Microsoft.Azure.Management.Internal.Resources.ResourceManagementClient/1.3.68"
        ]
      },
      "RequestBody": "",
      "ResponseHeaders": {
        "Cache-Control": [
          "no-cache"
        ],
        "Pragma": [
          "no-cache"
        ],
        "Location": [
          "https://management.azure.com/subscriptions/f9b96b36-1f5e-4021-8959-51527e26e6d3/operationresults/eyJqb2JJZCI6IlJFU09VUkNFR1JPVVBERUxFVElPTkpPQi1QU1RFU1RSRzkxOTgtU09VVEhDRU5UUkFMVVMiLCJqb2JMb2NhdGlvbiI6InNvdXRoY2VudHJhbHVzIn0?api-version=2016-09-01"
        ],
        "Retry-After": [
          "15"
        ],
        "x-ms-ratelimit-remaining-subscription-reads": [
          "11995"
        ],
        "x-ms-request-id": [
          "69d90cb2-5702-4234-88e4-cac5c3931e7e"
        ],
        "x-ms-correlation-request-id": [
          "69d90cb2-5702-4234-88e4-cac5c3931e7e"
        ],
        "x-ms-routing-request-id": [
          "CANADACENTRAL:20230131T002748Z:69d90cb2-5702-4234-88e4-cac5c3931e7e"
        ],
        "Strict-Transport-Security": [
          "max-age=31536000; includeSubDomains"
        ],
        "X-Content-Type-Options": [
          "nosniff"
        ],
        "Date": [
          "Tue, 31 Jan 2023 00:27:48 GMT"
        ],
        "Expires": [
          "-1"
        ],
        "Content-Length": [
          "0"
        ]
      },
      "ResponseBody": "",
      "StatusCode": 202
    },
    {
      "RequestUri": "/subscriptions/f9b96b36-1f5e-4021-8959-51527e26e6d3/operationresults/eyJqb2JJZCI6IlJFU09VUkNFR1JPVVBERUxFVElPTkpPQi1QU1RFU1RSRzkxOTgtU09VVEhDRU5UUkFMVVMiLCJqb2JMb2NhdGlvbiI6InNvdXRoY2VudHJhbHVzIn0?api-version=2016-09-01",
      "EncodedRequestUri": "L3N1YnNjcmlwdGlvbnMvZjliOTZiMzYtMWY1ZS00MDIxLTg5NTktNTE1MjdlMjZlNmQzL29wZXJhdGlvbnJlc3VsdHMvZXlKcWIySkpaQ0k2SWxKRlUwOVZVa05GUjFKUFZWQkVSVXhGVkVsUFRrcFBRaTFRVTFSRlUxUlNSemt4T1RndFUwOVZWRWhEUlU1VVVrRk1WVk1pTENKcWIySk1iMk5oZEdsdmJpSTZJbk52ZFhSb1kyVnVkSEpoYkhWekluMD9hcGktdmVyc2lvbj0yMDE2LTA5LTAx",
      "RequestMethod": "GET",
      "RequestHeaders": {
        "User-Agent": [
          "FxVersion/4.700.22.55902",
          "OSName/Windows",
          "OSVersion/Microsoft.Windows.10.0.22621",
          "Microsoft.Azure.Management.Internal.Resources.ResourceManagementClient/1.3.68"
        ]
      },
      "RequestBody": "",
      "ResponseHeaders": {
        "Cache-Control": [
          "no-cache"
        ],
        "Pragma": [
          "no-cache"
        ],
        "Location": [
          "https://management.azure.com/subscriptions/f9b96b36-1f5e-4021-8959-51527e26e6d3/operationresults/eyJqb2JJZCI6IlJFU09VUkNFR1JPVVBERUxFVElPTkpPQi1QU1RFU1RSRzkxOTgtU09VVEhDRU5UUkFMVVMiLCJqb2JMb2NhdGlvbiI6InNvdXRoY2VudHJhbHVzIn0?api-version=2016-09-01"
        ],
        "Retry-After": [
          "15"
        ],
        "x-ms-ratelimit-remaining-subscription-reads": [
          "11994"
        ],
        "x-ms-request-id": [
          "de4923e0-6f95-4ecb-8575-bac737c2e0e9"
        ],
        "x-ms-correlation-request-id": [
          "de4923e0-6f95-4ecb-8575-bac737c2e0e9"
        ],
        "x-ms-routing-request-id": [
          "CANADACENTRAL:20230131T002803Z:de4923e0-6f95-4ecb-8575-bac737c2e0e9"
        ],
        "Strict-Transport-Security": [
          "max-age=31536000; includeSubDomains"
        ],
        "X-Content-Type-Options": [
          "nosniff"
        ],
        "Date": [
          "Tue, 31 Jan 2023 00:28:03 GMT"
        ],
        "Expires": [
          "-1"
        ],
        "Content-Length": [
          "0"
        ]
      },
      "ResponseBody": "",
      "StatusCode": 202
    },
    {
      "RequestUri": "/subscriptions/f9b96b36-1f5e-4021-8959-51527e26e6d3/operationresults/eyJqb2JJZCI6IlJFU09VUkNFR1JPVVBERUxFVElPTkpPQi1QU1RFU1RSRzkxOTgtU09VVEhDRU5UUkFMVVMiLCJqb2JMb2NhdGlvbiI6InNvdXRoY2VudHJhbHVzIn0?api-version=2016-09-01",
      "EncodedRequestUri": "L3N1YnNjcmlwdGlvbnMvZjliOTZiMzYtMWY1ZS00MDIxLTg5NTktNTE1MjdlMjZlNmQzL29wZXJhdGlvbnJlc3VsdHMvZXlKcWIySkpaQ0k2SWxKRlUwOVZVa05GUjFKUFZWQkVSVXhGVkVsUFRrcFBRaTFRVTFSRlUxUlNSemt4T1RndFUwOVZWRWhEUlU1VVVrRk1WVk1pTENKcWIySk1iMk5oZEdsdmJpSTZJbk52ZFhSb1kyVnVkSEpoYkhWekluMD9hcGktdmVyc2lvbj0yMDE2LTA5LTAx",
      "RequestMethod": "GET",
      "RequestHeaders": {
        "User-Agent": [
          "FxVersion/4.700.22.55902",
          "OSName/Windows",
          "OSVersion/Microsoft.Windows.10.0.22621",
          "Microsoft.Azure.Management.Internal.Resources.ResourceManagementClient/1.3.68"
        ]
      },
      "RequestBody": "",
      "ResponseHeaders": {
        "Cache-Control": [
          "no-cache"
        ],
        "Pragma": [
          "no-cache"
        ],
        "Location": [
          "https://management.azure.com/subscriptions/f9b96b36-1f5e-4021-8959-51527e26e6d3/operationresults/eyJqb2JJZCI6IlJFU09VUkNFR1JPVVBERUxFVElPTkpPQi1QU1RFU1RSRzkxOTgtU09VVEhDRU5UUkFMVVMiLCJqb2JMb2NhdGlvbiI6InNvdXRoY2VudHJhbHVzIn0?api-version=2016-09-01"
        ],
        "Retry-After": [
          "15"
        ],
        "x-ms-ratelimit-remaining-subscription-reads": [
          "11993"
        ],
        "x-ms-request-id": [
          "1283e89e-adda-426f-9935-18ec7d9fdfe9"
        ],
        "x-ms-correlation-request-id": [
          "1283e89e-adda-426f-9935-18ec7d9fdfe9"
        ],
        "x-ms-routing-request-id": [
          "CANADACENTRAL:20230131T002819Z:1283e89e-adda-426f-9935-18ec7d9fdfe9"
        ],
        "Strict-Transport-Security": [
          "max-age=31536000; includeSubDomains"
        ],
        "X-Content-Type-Options": [
          "nosniff"
        ],
        "Date": [
          "Tue, 31 Jan 2023 00:28:18 GMT"
        ],
        "Expires": [
          "-1"
        ],
        "Content-Length": [
          "0"
        ]
      },
      "ResponseBody": "",
      "StatusCode": 202
    },
    {
      "RequestUri": "/subscriptions/f9b96b36-1f5e-4021-8959-51527e26e6d3/operationresults/eyJqb2JJZCI6IlJFU09VUkNFR1JPVVBERUxFVElPTkpPQi1QU1RFU1RSRzkxOTgtU09VVEhDRU5UUkFMVVMiLCJqb2JMb2NhdGlvbiI6InNvdXRoY2VudHJhbHVzIn0?api-version=2016-09-01",
      "EncodedRequestUri": "L3N1YnNjcmlwdGlvbnMvZjliOTZiMzYtMWY1ZS00MDIxLTg5NTktNTE1MjdlMjZlNmQzL29wZXJhdGlvbnJlc3VsdHMvZXlKcWIySkpaQ0k2SWxKRlUwOVZVa05GUjFKUFZWQkVSVXhGVkVsUFRrcFBRaTFRVTFSRlUxUlNSemt4T1RndFUwOVZWRWhEUlU1VVVrRk1WVk1pTENKcWIySk1iMk5oZEdsdmJpSTZJbk52ZFhSb1kyVnVkSEpoYkhWekluMD9hcGktdmVyc2lvbj0yMDE2LTA5LTAx",
      "RequestMethod": "GET",
      "RequestHeaders": {
        "User-Agent": [
          "FxVersion/4.700.22.55902",
          "OSName/Windows",
          "OSVersion/Microsoft.Windows.10.0.22621",
          "Microsoft.Azure.Management.Internal.Resources.ResourceManagementClient/1.3.68"
        ]
      },
      "RequestBody": "",
      "ResponseHeaders": {
        "Cache-Control": [
          "no-cache"
        ],
        "Pragma": [
          "no-cache"
        ],
        "Location": [
          "https://management.azure.com/subscriptions/f9b96b36-1f5e-4021-8959-51527e26e6d3/operationresults/eyJqb2JJZCI6IlJFU09VUkNFR1JPVVBERUxFVElPTkpPQi1QU1RFU1RSRzkxOTgtU09VVEhDRU5UUkFMVVMiLCJqb2JMb2NhdGlvbiI6InNvdXRoY2VudHJhbHVzIn0?api-version=2016-09-01"
        ],
        "Retry-After": [
          "15"
        ],
        "x-ms-ratelimit-remaining-subscription-reads": [
          "11992"
        ],
        "x-ms-request-id": [
          "fc8ddb9b-b1ed-4e3d-bc5f-41b7e9c8a104"
        ],
        "x-ms-correlation-request-id": [
          "fc8ddb9b-b1ed-4e3d-bc5f-41b7e9c8a104"
        ],
        "x-ms-routing-request-id": [
          "CANADACENTRAL:20230131T002834Z:fc8ddb9b-b1ed-4e3d-bc5f-41b7e9c8a104"
        ],
        "Strict-Transport-Security": [
          "max-age=31536000; includeSubDomains"
        ],
        "X-Content-Type-Options": [
          "nosniff"
        ],
        "Date": [
          "Tue, 31 Jan 2023 00:28:33 GMT"
        ],
        "Expires": [
          "-1"
        ],
        "Content-Length": [
          "0"
        ]
      },
      "ResponseBody": "",
      "StatusCode": 202
    },
    {
      "RequestUri": "/subscriptions/f9b96b36-1f5e-4021-8959-51527e26e6d3/operationresults/eyJqb2JJZCI6IlJFU09VUkNFR1JPVVBERUxFVElPTkpPQi1QU1RFU1RSRzkxOTgtU09VVEhDRU5UUkFMVVMiLCJqb2JMb2NhdGlvbiI6InNvdXRoY2VudHJhbHVzIn0?api-version=2016-09-01",
      "EncodedRequestUri": "L3N1YnNjcmlwdGlvbnMvZjliOTZiMzYtMWY1ZS00MDIxLTg5NTktNTE1MjdlMjZlNmQzL29wZXJhdGlvbnJlc3VsdHMvZXlKcWIySkpaQ0k2SWxKRlUwOVZVa05GUjFKUFZWQkVSVXhGVkVsUFRrcFBRaTFRVTFSRlUxUlNSemt4T1RndFUwOVZWRWhEUlU1VVVrRk1WVk1pTENKcWIySk1iMk5oZEdsdmJpSTZJbk52ZFhSb1kyVnVkSEpoYkhWekluMD9hcGktdmVyc2lvbj0yMDE2LTA5LTAx",
      "RequestMethod": "GET",
      "RequestHeaders": {
        "User-Agent": [
          "FxVersion/4.700.22.55902",
          "OSName/Windows",
          "OSVersion/Microsoft.Windows.10.0.22621",
          "Microsoft.Azure.Management.Internal.Resources.ResourceManagementClient/1.3.68"
        ]
      },
      "RequestBody": "",
      "ResponseHeaders": {
        "Cache-Control": [
          "no-cache"
        ],
        "Pragma": [
          "no-cache"
        ],
        "Location": [
          "https://management.azure.com/subscriptions/f9b96b36-1f5e-4021-8959-51527e26e6d3/operationresults/eyJqb2JJZCI6IlJFU09VUkNFR1JPVVBERUxFVElPTkpPQi1QU1RFU1RSRzkxOTgtU09VVEhDRU5UUkFMVVMiLCJqb2JMb2NhdGlvbiI6InNvdXRoY2VudHJhbHVzIn0?api-version=2016-09-01"
        ],
        "Retry-After": [
          "15"
        ],
        "x-ms-ratelimit-remaining-subscription-reads": [
          "11991"
        ],
        "x-ms-request-id": [
          "44c06302-f0f1-477b-a7d3-3274f3c33238"
        ],
        "x-ms-correlation-request-id": [
          "44c06302-f0f1-477b-a7d3-3274f3c33238"
        ],
        "x-ms-routing-request-id": [
          "CANADACENTRAL:20230131T002849Z:44c06302-f0f1-477b-a7d3-3274f3c33238"
        ],
        "Strict-Transport-Security": [
          "max-age=31536000; includeSubDomains"
        ],
        "X-Content-Type-Options": [
          "nosniff"
        ],
        "Date": [
          "Tue, 31 Jan 2023 00:28:48 GMT"
        ],
        "Expires": [
          "-1"
        ],
        "Content-Length": [
          "0"
        ]
      },
      "ResponseBody": "",
      "StatusCode": 202
    },
    {
      "RequestUri": "/subscriptions/f9b96b36-1f5e-4021-8959-51527e26e6d3/operationresults/eyJqb2JJZCI6IlJFU09VUkNFR1JPVVBERUxFVElPTkpPQi1QU1RFU1RSRzkxOTgtU09VVEhDRU5UUkFMVVMiLCJqb2JMb2NhdGlvbiI6InNvdXRoY2VudHJhbHVzIn0?api-version=2016-09-01",
      "EncodedRequestUri": "L3N1YnNjcmlwdGlvbnMvZjliOTZiMzYtMWY1ZS00MDIxLTg5NTktNTE1MjdlMjZlNmQzL29wZXJhdGlvbnJlc3VsdHMvZXlKcWIySkpaQ0k2SWxKRlUwOVZVa05GUjFKUFZWQkVSVXhGVkVsUFRrcFBRaTFRVTFSRlUxUlNSemt4T1RndFUwOVZWRWhEUlU1VVVrRk1WVk1pTENKcWIySk1iMk5oZEdsdmJpSTZJbk52ZFhSb1kyVnVkSEpoYkhWekluMD9hcGktdmVyc2lvbj0yMDE2LTA5LTAx",
      "RequestMethod": "GET",
      "RequestHeaders": {
        "User-Agent": [
          "FxVersion/4.700.22.55902",
          "OSName/Windows",
          "OSVersion/Microsoft.Windows.10.0.22621",
          "Microsoft.Azure.Management.Internal.Resources.ResourceManagementClient/1.3.68"
        ]
      },
      "RequestBody": "",
      "ResponseHeaders": {
        "Cache-Control": [
          "no-cache"
        ],
        "Pragma": [
          "no-cache"
        ],
        "Location": [
          "https://management.azure.com/subscriptions/f9b96b36-1f5e-4021-8959-51527e26e6d3/operationresults/eyJqb2JJZCI6IlJFU09VUkNFR1JPVVBERUxFVElPTkpPQi1QU1RFU1RSRzkxOTgtU09VVEhDRU5UUkFMVVMiLCJqb2JMb2NhdGlvbiI6InNvdXRoY2VudHJhbHVzIn0?api-version=2016-09-01"
        ],
        "Retry-After": [
          "15"
        ],
        "x-ms-ratelimit-remaining-subscription-reads": [
          "11990"
        ],
        "x-ms-request-id": [
          "98f2f7e6-53b5-40f0-b1e2-3b5457d8e7e8"
        ],
        "x-ms-correlation-request-id": [
          "98f2f7e6-53b5-40f0-b1e2-3b5457d8e7e8"
        ],
        "x-ms-routing-request-id": [
          "CANADACENTRAL:20230131T002904Z:98f2f7e6-53b5-40f0-b1e2-3b5457d8e7e8"
        ],
        "Strict-Transport-Security": [
          "max-age=31536000; includeSubDomains"
        ],
        "X-Content-Type-Options": [
          "nosniff"
        ],
        "Date": [
          "Tue, 31 Jan 2023 00:29:03 GMT"
        ],
        "Expires": [
          "-1"
        ],
        "Content-Length": [
          "0"
        ]
      },
      "ResponseBody": "",
      "StatusCode": 202
    },
    {
      "RequestUri": "/subscriptions/f9b96b36-1f5e-4021-8959-51527e26e6d3/operationresults/eyJqb2JJZCI6IlJFU09VUkNFR1JPVVBERUxFVElPTkpPQi1QU1RFU1RSRzkxOTgtU09VVEhDRU5UUkFMVVMiLCJqb2JMb2NhdGlvbiI6InNvdXRoY2VudHJhbHVzIn0?api-version=2016-09-01",
      "EncodedRequestUri": "L3N1YnNjcmlwdGlvbnMvZjliOTZiMzYtMWY1ZS00MDIxLTg5NTktNTE1MjdlMjZlNmQzL29wZXJhdGlvbnJlc3VsdHMvZXlKcWIySkpaQ0k2SWxKRlUwOVZVa05GUjFKUFZWQkVSVXhGVkVsUFRrcFBRaTFRVTFSRlUxUlNSemt4T1RndFUwOVZWRWhEUlU1VVVrRk1WVk1pTENKcWIySk1iMk5oZEdsdmJpSTZJbk52ZFhSb1kyVnVkSEpoYkhWekluMD9hcGktdmVyc2lvbj0yMDE2LTA5LTAx",
      "RequestMethod": "GET",
      "RequestHeaders": {
        "User-Agent": [
          "FxVersion/4.700.22.55902",
          "OSName/Windows",
          "OSVersion/Microsoft.Windows.10.0.22621",
          "Microsoft.Azure.Management.Internal.Resources.ResourceManagementClient/1.3.68"
        ]
      },
      "RequestBody": "",
      "ResponseHeaders": {
        "Cache-Control": [
          "no-cache"
        ],
        "Pragma": [
          "no-cache"
        ],
        "Location": [
          "https://management.azure.com/subscriptions/f9b96b36-1f5e-4021-8959-51527e26e6d3/operationresults/eyJqb2JJZCI6IlJFU09VUkNFR1JPVVBERUxFVElPTkpPQi1QU1RFU1RSRzkxOTgtU09VVEhDRU5UUkFMVVMiLCJqb2JMb2NhdGlvbiI6InNvdXRoY2VudHJhbHVzIn0?api-version=2016-09-01"
        ],
        "Retry-After": [
          "15"
        ],
        "x-ms-ratelimit-remaining-subscription-reads": [
          "11989"
        ],
        "x-ms-request-id": [
          "4e682c25-c438-4582-a077-1cdd716611a1"
        ],
        "x-ms-correlation-request-id": [
          "4e682c25-c438-4582-a077-1cdd716611a1"
        ],
        "x-ms-routing-request-id": [
          "CANADACENTRAL:20230131T002919Z:4e682c25-c438-4582-a077-1cdd716611a1"
        ],
        "Strict-Transport-Security": [
          "max-age=31536000; includeSubDomains"
        ],
        "X-Content-Type-Options": [
          "nosniff"
        ],
        "Date": [
          "Tue, 31 Jan 2023 00:29:18 GMT"
        ],
        "Expires": [
          "-1"
        ],
        "Content-Length": [
          "0"
        ]
      },
      "ResponseBody": "",
      "StatusCode": 202
    },
    {
      "RequestUri": "/subscriptions/f9b96b36-1f5e-4021-8959-51527e26e6d3/operationresults/eyJqb2JJZCI6IlJFU09VUkNFR1JPVVBERUxFVElPTkpPQi1QU1RFU1RSRzkxOTgtU09VVEhDRU5UUkFMVVMiLCJqb2JMb2NhdGlvbiI6InNvdXRoY2VudHJhbHVzIn0?api-version=2016-09-01",
      "EncodedRequestUri": "L3N1YnNjcmlwdGlvbnMvZjliOTZiMzYtMWY1ZS00MDIxLTg5NTktNTE1MjdlMjZlNmQzL29wZXJhdGlvbnJlc3VsdHMvZXlKcWIySkpaQ0k2SWxKRlUwOVZVa05GUjFKUFZWQkVSVXhGVkVsUFRrcFBRaTFRVTFSRlUxUlNSemt4T1RndFUwOVZWRWhEUlU1VVVrRk1WVk1pTENKcWIySk1iMk5oZEdsdmJpSTZJbk52ZFhSb1kyVnVkSEpoYkhWekluMD9hcGktdmVyc2lvbj0yMDE2LTA5LTAx",
      "RequestMethod": "GET",
      "RequestHeaders": {
        "User-Agent": [
          "FxVersion/4.700.22.55902",
          "OSName/Windows",
          "OSVersion/Microsoft.Windows.10.0.22621",
          "Microsoft.Azure.Management.Internal.Resources.ResourceManagementClient/1.3.68"
        ]
      },
      "RequestBody": "",
      "ResponseHeaders": {
        "Cache-Control": [
          "no-cache"
        ],
        "Pragma": [
          "no-cache"
        ],
        "Location": [
          "https://management.azure.com/subscriptions/f9b96b36-1f5e-4021-8959-51527e26e6d3/operationresults/eyJqb2JJZCI6IlJFU09VUkNFR1JPVVBERUxFVElPTkpPQi1QU1RFU1RSRzkxOTgtU09VVEhDRU5UUkFMVVMiLCJqb2JMb2NhdGlvbiI6InNvdXRoY2VudHJhbHVzIn0?api-version=2016-09-01"
        ],
        "Retry-After": [
          "15"
        ],
        "x-ms-ratelimit-remaining-subscription-reads": [
          "11988"
        ],
        "x-ms-request-id": [
          "75dedadf-c603-4b5a-8b04-a4196862dccc"
        ],
        "x-ms-correlation-request-id": [
          "75dedadf-c603-4b5a-8b04-a4196862dccc"
        ],
        "x-ms-routing-request-id": [
          "CANADACENTRAL:20230131T002935Z:75dedadf-c603-4b5a-8b04-a4196862dccc"
        ],
        "Strict-Transport-Security": [
          "max-age=31536000; includeSubDomains"
        ],
        "X-Content-Type-Options": [
          "nosniff"
        ],
        "Date": [
          "Tue, 31 Jan 2023 00:29:35 GMT"
        ],
        "Expires": [
          "-1"
        ],
        "Content-Length": [
          "0"
        ]
      },
      "ResponseBody": "",
      "StatusCode": 202
    },
    {
      "RequestUri": "/subscriptions/f9b96b36-1f5e-4021-8959-51527e26e6d3/operationresults/eyJqb2JJZCI6IlJFU09VUkNFR1JPVVBERUxFVElPTkpPQi1QU1RFU1RSRzkxOTgtU09VVEhDRU5UUkFMVVMiLCJqb2JMb2NhdGlvbiI6InNvdXRoY2VudHJhbHVzIn0?api-version=2016-09-01",
      "EncodedRequestUri": "L3N1YnNjcmlwdGlvbnMvZjliOTZiMzYtMWY1ZS00MDIxLTg5NTktNTE1MjdlMjZlNmQzL29wZXJhdGlvbnJlc3VsdHMvZXlKcWIySkpaQ0k2SWxKRlUwOVZVa05GUjFKUFZWQkVSVXhGVkVsUFRrcFBRaTFRVTFSRlUxUlNSemt4T1RndFUwOVZWRWhEUlU1VVVrRk1WVk1pTENKcWIySk1iMk5oZEdsdmJpSTZJbk52ZFhSb1kyVnVkSEpoYkhWekluMD9hcGktdmVyc2lvbj0yMDE2LTA5LTAx",
      "RequestMethod": "GET",
      "RequestHeaders": {
        "User-Agent": [
          "FxVersion/4.700.22.55902",
          "OSName/Windows",
          "OSVersion/Microsoft.Windows.10.0.22621",
          "Microsoft.Azure.Management.Internal.Resources.ResourceManagementClient/1.3.68"
        ]
      },
      "RequestBody": "",
      "ResponseHeaders": {
        "Cache-Control": [
          "no-cache"
        ],
        "Pragma": [
          "no-cache"
        ],
        "x-ms-ratelimit-remaining-subscription-reads": [
          "11987"
        ],
        "x-ms-request-id": [
          "44bf7e77-3d45-4a21-b2f0-c764cc6a36bb"
        ],
        "x-ms-correlation-request-id": [
          "44bf7e77-3d45-4a21-b2f0-c764cc6a36bb"
        ],
        "x-ms-routing-request-id": [
          "CANADACENTRAL:20230131T002950Z:44bf7e77-3d45-4a21-b2f0-c764cc6a36bb"
        ],
        "Strict-Transport-Security": [
          "max-age=31536000; includeSubDomains"
        ],
        "X-Content-Type-Options": [
          "nosniff"
        ],
        "Date": [
          "Tue, 31 Jan 2023 00:29:50 GMT"
        ],
        "Expires": [
          "-1"
        ],
        "Content-Length": [
          "0"
        ]
      },
      "ResponseBody": "",
      "StatusCode": 200
    },
    {
      "RequestUri": "/subscriptions/f9b96b36-1f5e-4021-8959-51527e26e6d3/operationresults/eyJqb2JJZCI6IlJFU09VUkNFR1JPVVBERUxFVElPTkpPQi1QU1RFU1RSRzkxOTgtU09VVEhDRU5UUkFMVVMiLCJqb2JMb2NhdGlvbiI6InNvdXRoY2VudHJhbHVzIn0?api-version=2016-09-01",
      "EncodedRequestUri": "L3N1YnNjcmlwdGlvbnMvZjliOTZiMzYtMWY1ZS00MDIxLTg5NTktNTE1MjdlMjZlNmQzL29wZXJhdGlvbnJlc3VsdHMvZXlKcWIySkpaQ0k2SWxKRlUwOVZVa05GUjFKUFZWQkVSVXhGVkVsUFRrcFBRaTFRVTFSRlUxUlNSemt4T1RndFUwOVZWRWhEUlU1VVVrRk1WVk1pTENKcWIySk1iMk5oZEdsdmJpSTZJbk52ZFhSb1kyVnVkSEpoYkhWekluMD9hcGktdmVyc2lvbj0yMDE2LTA5LTAx",
      "RequestMethod": "GET",
      "RequestHeaders": {
        "User-Agent": [
          "FxVersion/4.700.22.55902",
          "OSName/Windows",
          "OSVersion/Microsoft.Windows.10.0.22621",
          "Microsoft.Azure.Management.Internal.Resources.ResourceManagementClient/1.3.68"
        ]
      },
      "RequestBody": "",
      "ResponseHeaders": {
        "Cache-Control": [
          "no-cache"
        ],
        "Pragma": [
          "no-cache"
        ],
        "x-ms-ratelimit-remaining-subscription-reads": [
          "11986"
        ],
        "x-ms-request-id": [
          "d71d5eec-3977-4ad5-a1e1-c764f6d39002"
        ],
        "x-ms-correlation-request-id": [
          "d71d5eec-3977-4ad5-a1e1-c764f6d39002"
        ],
        "x-ms-routing-request-id": [
          "CANADACENTRAL:20230131T002950Z:d71d5eec-3977-4ad5-a1e1-c764f6d39002"
        ],
        "Strict-Transport-Security": [
          "max-age=31536000; includeSubDomains"
        ],
        "X-Content-Type-Options": [
          "nosniff"
        ],
        "Date": [
          "Tue, 31 Jan 2023 00:29:50 GMT"
        ],
        "Expires": [
          "-1"
        ],
        "Content-Length": [
          "0"
        ]
      },
      "ResponseBody": "",
      "StatusCode": 200
    }
  ],
  "Names": {
    "Test-SetAzureRmCognitiveServicesAccountWithVnet": [
      "pstestrg9198"
    ]
  },
  "Variables": {
    "SubscriptionId": "f9b96b36-1f5e-4021-8959-51527e26e6d3"
  }
}