{
  "Entries": [
    {
      "RequestUri": "/subscriptions/f9b96b36-1f5e-4021-8959-51527e26e6d3/resourcegroups/pstestrg9831?api-version=2016-09-01",
      "EncodedRequestUri": "L3N1YnNjcmlwdGlvbnMvZjliOTZiMzYtMWY1ZS00MDIxLTg5NTktNTE1MjdlMjZlNmQzL3Jlc291cmNlZ3JvdXBzL3BzdGVzdHJnOTgzMT9hcGktdmVyc2lvbj0yMDE2LTA5LTAx",
      "RequestMethod": "PUT",
      "RequestHeaders": {
        "x-ms-client-request-id": [
          "fb5f84e4-ac48-40e8-9fba-bcadb43d8a6d"
        ],
        "Accept-Language": [
          "en-US"
        ],
        "User-Agent": [
          "FxVersion/4.700.22.55902",
          "OSName/Windows",
          "OSVersion/Microsoft.Windows.10.0.22621",
          "Microsoft.Azure.Management.Internal.Resources.ResourceManagementClient/1.3.76"
        ],
        "Content-Type": [
          "application/json; charset=utf-8"
        ],
        "Content-Length": [
          "28"
        ]
      },
      "RequestBody": "{\r\n  \"location\": \"eastus\"\r\n}",
      "ResponseHeaders": {
        "Cache-Control": [
          "no-cache"
        ],
        "Pragma": [
          "no-cache"
        ],
        "x-ms-ratelimit-remaining-subscription-writes": [
          "1199"
        ],
        "x-ms-request-id": [
          "21ca7419-3d85-4d19-9469-481d9158c8c3"
        ],
        "x-ms-correlation-request-id": [
          "21ca7419-3d85-4d19-9469-481d9158c8c3"
        ],
        "x-ms-routing-request-id": [
          "WESTUS2:20230622T212228Z:21ca7419-3d85-4d19-9469-481d9158c8c3"
        ],
        "Strict-Transport-Security": [
          "max-age=31536000; includeSubDomains"
        ],
        "X-Content-Type-Options": [
          "nosniff"
        ],
        "Date": [
          "Thu, 22 Jun 2023 21:22:27 GMT"
        ],
        "Content-Length": [
          "177"
        ],
        "Content-Type": [
          "application/json; charset=utf-8"
        ],
        "Expires": [
          "-1"
        ]
      },
      "ResponseBody": "{\r\n  \"id\": \"/subscriptions/f9b96b36-1f5e-4021-8959-51527e26e6d3/resourceGroups/pstestrg9831\",\r\n  \"name\": \"pstestrg9831\",\r\n  \"location\": \"eastus\",\r\n  \"properties\": {\r\n    \"provisioningState\": \"Succeeded\"\r\n  }\r\n}",
      "StatusCode": 201
    },
    {
      "RequestUri": "/subscriptions/f9b96b36-1f5e-4021-8959-51527e26e6d3/resourceGroups/pstestrg9831/providers/Microsoft.CognitiveServices/accounts/csapstestrg9831?api-version=2023-05-01",
      "EncodedRequestUri": "L3N1YnNjcmlwdGlvbnMvZjliOTZiMzYtMWY1ZS00MDIxLTg5NTktNTE1MjdlMjZlNmQzL3Jlc291cmNlR3JvdXBzL3BzdGVzdHJnOTgzMS9wcm92aWRlcnMvTWljcm9zb2Z0LkNvZ25pdGl2ZVNlcnZpY2VzL2FjY291bnRzL2NzYXBzdGVzdHJnOTgzMT9hcGktdmVyc2lvbj0yMDIzLTA1LTAx",
      "RequestMethod": "PUT",
      "RequestHeaders": {
        "x-ms-client-request-id": [
          "9e56896e-47fb-4a5c-9866-60135023809b"
        ],
        "Accept-Language": [
          "en-US"
        ],
        "User-Agent": [
          "FxVersion/4.700.22.55902",
          "OSName/Windows",
          "OSVersion/Microsoft.Windows.10.0.22621",
          "Microsoft.Azure.Management.CognitiveServices.CognitiveServicesManagementClient/9.0.0.0"
        ],
        "Content-Type": [
          "application/json; charset=utf-8"
        ],
        "Content-Length": [
          "106"
        ]
      },
      "RequestBody": "{\r\n  \"kind\": \"OpenAI\",\r\n  \"sku\": {\r\n    \"name\": \"S0\"\r\n  },\r\n  \"location\": \"eastus\",\r\n  \"properties\": {}\r\n}",
      "ResponseHeaders": {
        "Cache-Control": [
          "no-cache"
        ],
        "Pragma": [
          "no-cache"
        ],
        "ETag": [
          "\"bc017be5-0000-0100-0000-6494bb970000\""
        ],
        "X-Content-Type-Options": [
          "nosniff"
        ],
        "x-ms-request-id": [
          "a5217036-55e5-4ee4-aa0d-3854c3d777f1"
        ],
        "azure-asyncoperation": [
          "https://management.azure.com/subscriptions/f9b96b36-1f5e-4021-8959-51527e26e6d3/providers/Microsoft.CognitiveServices/locations/eastus/operationResults/3d09a6fb-e6fe-4132-a2de-50da825011a3?api-version=2017-04-18"
        ],
        "x-envoy-upstream-service-time": [
          "465"
        ],
        "Server": [
          "istio-envoy"
        ],
        "x-ms-ratelimit-remaining-subscription-writes": [
          "1199"
        ],
        "x-ms-correlation-request-id": [
          "4baf2a17-7c1c-4872-9ce2-6bf92b85897f"
        ],
        "x-ms-routing-request-id": [
          "WESTUS2:20230622T212232Z:4baf2a17-7c1c-4872-9ce2-6bf92b85897f"
        ],
        "Strict-Transport-Security": [
          "max-age=31536000; includeSubDomains"
        ],
        "Date": [
          "Thu, 22 Jun 2023 21:22:32 GMT"
        ],
        "Content-Length": [
          "2062"
        ],
        "Content-Type": [
          "application/json; charset=utf-8"
        ],
        "Expires": [
          "-1"
        ]
      },
      "ResponseBody": "{\r\n  \"id\": \"/subscriptions/f9b96b36-1f5e-4021-8959-51527e26e6d3/resourceGroups/pstestrg9831/providers/Microsoft.CognitiveServices/accounts/csapstestrg9831\",\r\n  \"name\": \"csapstestrg9831\",\r\n  \"type\": \"Microsoft.CognitiveServices/accounts\",\r\n  \"etag\": \"\\\"bc017be5-0000-0100-0000-6494bb970000\\\"\",\r\n  \"location\": \"eastus\",\r\n  \"sku\": {\r\n    \"name\": \"S0\"\r\n  },\r\n  \"kind\": \"OpenAI\",\r\n  \"properties\": {\r\n    \"endpoint\": \"https://eastus.api.cognitive.microsoft.com/\",\r\n    \"internalId\": \"a011e853565f40078e99591b0fb19d48\",\r\n    \"dateCreated\": \"2023-06-22T21:22:31.5827129Z\",\r\n    \"callRateLimit\": {\r\n      \"rules\": [\r\n        {\r\n          \"key\": \"openai.dalle.post\",\r\n          \"renewalPeriod\": 1,\r\n          \"count\": 30,\r\n          \"matchPatterns\": [\r\n            {\r\n              \"path\": \"dalle/*\",\r\n              \"method\": \"POST\"\r\n            },\r\n            {\r\n              \"path\": \"openai/images/*\",\r\n              \"method\": \"POST\"\r\n            }\r\n          ]\r\n        },\r\n        {\r\n          \"key\": \"openai.dalle.other\",\r\n          \"renewalPeriod\": 1,\r\n          \"count\": 30,\r\n          \"matchPatterns\": [\r\n            {\r\n              \"path\": \"dalle/*\",\r\n              \"method\": \"*\"\r\n            },\r\n            {\r\n              \"path\": \"openai/operations/images/*\",\r\n              \"method\": \"*\"\r\n            }\r\n          ]\r\n        },\r\n        {\r\n          \"key\": \"openai\",\r\n          \"renewalPeriod\": 1,\r\n          \"count\": 30,\r\n          \"matchPatterns\": [\r\n            {\r\n              \"path\": \"openai/*\",\r\n              \"method\": \"*\"\r\n            }\r\n          ]\r\n        },\r\n        {\r\n          \"key\": \"default\",\r\n          \"renewalPeriod\": 1,\r\n          \"count\": 30,\r\n          \"matchPatterns\": [\r\n            {\r\n              \"path\": \"*\",\r\n              \"method\": \"*\"\r\n            }\r\n          ]\r\n        }\r\n      ]\r\n    },\r\n    \"isMigrated\": false,\r\n    \"privateEndpointConnections\": [],\r\n    \"publicNetworkAccess\": \"Enabled\",\r\n    \"capabilities\": [\r\n      {\r\n        \"name\": \"VirtualNetworks\"\r\n      },\r\n      {\r\n        \"name\": \"CustomerManagedKey\"\r\n      },\r\n      {\r\n        \"name\": \"MaxFineTuneCount\",\r\n        \"value\": \"100\"\r\n      },\r\n      {\r\n        \"name\": \"MaxRunningFineTuneCount\",\r\n        \"value\": \"1\"\r\n      },\r\n      {\r\n        \"name\": \"MaxUserFileCount\",\r\n        \"value\": \"50\"\r\n      },\r\n      {\r\n        \"name\": \"MaxTrainingFileSize\",\r\n        \"value\": \"100000000\"\r\n      },\r\n      {\r\n        \"name\": \"MaxUserFileImportDurationInHours\",\r\n        \"value\": \"1\"\r\n      },\r\n      {\r\n        \"name\": \"MaxFineTuneJobDurationInHours\",\r\n        \"value\": \"720\"\r\n      },\r\n      {\r\n        \"name\": \"BypassBilling\"\r\n      },\r\n      {\r\n        \"name\": \"raiLevelOverride\"\r\n      }\r\n    ],\r\n    \"endpoints\": {\r\n      \"OpenAI Language Model Instance API\": \"https://eastus.api.cognitive.microsoft.com/\",\r\n      \"OpenAI Dall-E API\": \"https://eastus.api.cognitive.microsoft.com/\",\r\n      \"OpenAI Whisper API\": \"https://eastus.api.cognitive.microsoft.com/\"\r\n    },\r\n    \"provisioningState\": \"Creating\"\r\n  },\r\n  \"systemData\": {\r\n    \"createdBy\": \"50841d5f-166a-406c-8472-6800c9698b43\",\r\n    \"createdByType\": \"Application\",\r\n    \"createdAt\": \"2023-06-22T21:22:31.1452859Z\",\r\n    \"lastModifiedBy\": \"50841d5f-166a-406c-8472-6800c9698b43\",\r\n    \"lastModifiedByType\": \"Application\",\r\n    \"lastModifiedAt\": \"2023-06-22T21:22:31.1452859Z\"\r\n  }\r\n}",
      "StatusCode": 201
    },
    {
      "RequestUri": "/subscriptions/f9b96b36-1f5e-4021-8959-51527e26e6d3/providers/Microsoft.CognitiveServices/locations/eastus/operationResults/3d09a6fb-e6fe-4132-a2de-50da825011a3?api-version=2017-04-18",
      "EncodedRequestUri": "L3N1YnNjcmlwdGlvbnMvZjliOTZiMzYtMWY1ZS00MDIxLTg5NTktNTE1MjdlMjZlNmQzL3Byb3ZpZGVycy9NaWNyb3NvZnQuQ29nbml0aXZlU2VydmljZXMvbG9jYXRpb25zL2Vhc3R1cy9vcGVyYXRpb25SZXN1bHRzLzNkMDlhNmZiLWU2ZmUtNDEzMi1hMmRlLTUwZGE4MjUwMTFhMz9hcGktdmVyc2lvbj0yMDE3LTA0LTE4",
      "RequestMethod": "GET",
      "RequestHeaders": {
        "x-ms-client-request-id": [
          "9e56896e-47fb-4a5c-9866-60135023809b"
        ],
        "User-Agent": [
          "FxVersion/4.700.22.55902",
          "OSName/Windows",
          "OSVersion/Microsoft.Windows.10.0.22621",
          "Microsoft.Azure.Management.CognitiveServices.CognitiveServicesManagementClient/9.0.0.0"
        ]
      },
      "RequestBody": "",
      "ResponseHeaders": {
        "Cache-Control": [
          "no-cache"
        ],
        "Pragma": [
          "no-cache"
        ],
        "X-Content-Type-Options": [
          "nosniff"
        ],
        "x-ms-request-id": [
          "290ca8ef-2446-44b7-aa2f-22bd152db73c"
        ],
        "x-envoy-upstream-service-time": [
          "6"
        ],
        "Server": [
          "istio-envoy"
        ],
        "x-ms-ratelimit-remaining-subscription-reads": [
          "11999"
        ],
        "x-ms-correlation-request-id": [
          "3085e7f2-7ca3-4e35-b44c-7f3f2ddb216a"
        ],
        "x-ms-routing-request-id": [
          "WESTUS2:20230622T212302Z:3085e7f2-7ca3-4e35-b44c-7f3f2ddb216a"
        ],
        "Strict-Transport-Security": [
          "max-age=31536000; includeSubDomains"
        ],
        "Date": [
          "Thu, 22 Jun 2023 21:23:02 GMT"
        ],
        "Content-Length": [
          "270"
        ],
        "Content-Type": [
          "application/json; charset=utf-8"
        ],
        "Expires": [
          "-1"
        ]
      },
      "ResponseBody": "{\r\n  \"id\": \"/subscriptions/f9b96b36-1f5e-4021-8959-51527e26e6d3/providers/Microsoft.CognitiveServices/locations/eastus/operationResults/3d09a6fb-e6fe-4132-a2de-50da825011a3\",\r\n  \"name\": \"3d09a6fb-e6fe-4132-a2de-50da825011a3\",\r\n  \"status\": \"Creating\",\r\n  \"startTime\": \"2023-06-22T21:22:31Z\"\r\n}",
      "StatusCode": 200
    },
    {
      "RequestUri": "/subscriptions/f9b96b36-1f5e-4021-8959-51527e26e6d3/providers/Microsoft.CognitiveServices/locations/eastus/operationResults/3d09a6fb-e6fe-4132-a2de-50da825011a3?api-version=2017-04-18",
      "EncodedRequestUri": "L3N1YnNjcmlwdGlvbnMvZjliOTZiMzYtMWY1ZS00MDIxLTg5NTktNTE1MjdlMjZlNmQzL3Byb3ZpZGVycy9NaWNyb3NvZnQuQ29nbml0aXZlU2VydmljZXMvbG9jYXRpb25zL2Vhc3R1cy9vcGVyYXRpb25SZXN1bHRzLzNkMDlhNmZiLWU2ZmUtNDEzMi1hMmRlLTUwZGE4MjUwMTFhMz9hcGktdmVyc2lvbj0yMDE3LTA0LTE4",
      "RequestMethod": "GET",
      "RequestHeaders": {
        "x-ms-client-request-id": [
          "9e56896e-47fb-4a5c-9866-60135023809b"
        ],
        "User-Agent": [
          "FxVersion/4.700.22.55902",
          "OSName/Windows",
          "OSVersion/Microsoft.Windows.10.0.22621",
          "Microsoft.Azure.Management.CognitiveServices.CognitiveServicesManagementClient/9.0.0.0"
        ]
      },
      "RequestBody": "",
      "ResponseHeaders": {
        "Cache-Control": [
          "no-cache"
        ],
        "Pragma": [
          "no-cache"
        ],
        "X-Content-Type-Options": [
          "nosniff"
        ],
        "x-ms-request-id": [
          "75860a65-76a7-41b4-bb97-20d2fd7d5505"
        ],
        "x-envoy-upstream-service-time": [
          "8"
        ],
        "Server": [
          "istio-envoy"
        ],
        "x-ms-ratelimit-remaining-subscription-reads": [
          "11998"
        ],
        "x-ms-correlation-request-id": [
          "ac3b24ca-a4ea-4c12-9c0b-27a409b86743"
        ],
        "x-ms-routing-request-id": [
          "WESTUS2:20230622T212332Z:ac3b24ca-a4ea-4c12-9c0b-27a409b86743"
        ],
        "Strict-Transport-Security": [
          "max-age=31536000; includeSubDomains"
        ],
        "Date": [
          "Thu, 22 Jun 2023 21:23:32 GMT"
        ],
        "Content-Length": [
          "304"
        ],
        "Content-Type": [
          "application/json; charset=utf-8"
        ],
        "Expires": [
          "-1"
        ]
      },
      "ResponseBody": "{\r\n  \"id\": \"/subscriptions/f9b96b36-1f5e-4021-8959-51527e26e6d3/providers/Microsoft.CognitiveServices/locations/eastus/operationResults/3d09a6fb-e6fe-4132-a2de-50da825011a3\",\r\n  \"name\": \"3d09a6fb-e6fe-4132-a2de-50da825011a3\",\r\n  \"status\": \"Succeeded\",\r\n  \"startTime\": \"2023-06-22T21:22:31Z\",\r\n  \"endTime\": \"2023-06-22T21:23:11Z\"\r\n}",
      "StatusCode": 200
    },
    {
      "RequestUri": "/subscriptions/f9b96b36-1f5e-4021-8959-51527e26e6d3/resourceGroups/pstestrg9831/providers/Microsoft.CognitiveServices/accounts/csapstestrg9831?api-version=2023-05-01",
      "EncodedRequestUri": "L3N1YnNjcmlwdGlvbnMvZjliOTZiMzYtMWY1ZS00MDIxLTg5NTktNTE1MjdlMjZlNmQzL3Jlc291cmNlR3JvdXBzL3BzdGVzdHJnOTgzMS9wcm92aWRlcnMvTWljcm9zb2Z0LkNvZ25pdGl2ZVNlcnZpY2VzL2FjY291bnRzL2NzYXBzdGVzdHJnOTgzMT9hcGktdmVyc2lvbj0yMDIzLTA1LTAx",
      "RequestMethod": "GET",
      "RequestHeaders": {
        "x-ms-client-request-id": [
          "9e56896e-47fb-4a5c-9866-60135023809b"
        ],
        "User-Agent": [
          "FxVersion/4.700.22.55902",
          "OSName/Windows",
          "OSVersion/Microsoft.Windows.10.0.22621",
          "Microsoft.Azure.Management.CognitiveServices.CognitiveServicesManagementClient/9.0.0.0"
        ]
      },
      "RequestBody": "",
      "ResponseHeaders": {
        "Cache-Control": [
          "no-cache"
        ],
        "Pragma": [
          "no-cache"
        ],
        "ETag": [
          "\"bc010ce9-0000-0100-0000-6494bbbf0000\""
        ],
        "X-Content-Type-Options": [
          "nosniff"
        ],
        "x-ms-request-id": [
          "aa3c56ff-545c-4939-9cf4-0160e25f9cc6"
        ],
        "x-envoy-upstream-service-time": [
          "16"
        ],
        "Server": [
          "istio-envoy"
        ],
        "x-ms-ratelimit-remaining-subscription-reads": [
          "11997"
        ],
        "x-ms-correlation-request-id": [
          "1dd2c911-c386-44c9-a5c8-e5f0e52b7dca"
        ],
        "x-ms-routing-request-id": [
          "WESTUS2:20230622T212333Z:1dd2c911-c386-44c9-a5c8-e5f0e52b7dca"
        ],
        "Strict-Transport-Security": [
          "max-age=31536000; includeSubDomains"
        ],
        "Date": [
          "Thu, 22 Jun 2023 21:23:32 GMT"
        ],
        "Content-Length": [
          "2063"
        ],
        "Content-Type": [
          "application/json; charset=utf-8"
        ],
        "Expires": [
          "-1"
        ]
      },
      "ResponseBody": "{\r\n  \"id\": \"/subscriptions/f9b96b36-1f5e-4021-8959-51527e26e6d3/resourceGroups/pstestrg9831/providers/Microsoft.CognitiveServices/accounts/csapstestrg9831\",\r\n  \"name\": \"csapstestrg9831\",\r\n  \"type\": \"Microsoft.CognitiveServices/accounts\",\r\n  \"etag\": \"\\\"bc010ce9-0000-0100-0000-6494bbbf0000\\\"\",\r\n  \"location\": \"eastus\",\r\n  \"sku\": {\r\n    \"name\": \"S0\"\r\n  },\r\n  \"kind\": \"OpenAI\",\r\n  \"properties\": {\r\n    \"endpoint\": \"https://eastus.api.cognitive.microsoft.com/\",\r\n    \"internalId\": \"a011e853565f40078e99591b0fb19d48\",\r\n    \"dateCreated\": \"2023-06-22T21:22:31.5827129Z\",\r\n    \"callRateLimit\": {\r\n      \"rules\": [\r\n        {\r\n          \"key\": \"openai.dalle.post\",\r\n          \"renewalPeriod\": 1,\r\n          \"count\": 30,\r\n          \"matchPatterns\": [\r\n            {\r\n              \"path\": \"dalle/*\",\r\n              \"method\": \"POST\"\r\n            },\r\n            {\r\n              \"path\": \"openai/images/*\",\r\n              \"method\": \"POST\"\r\n            }\r\n          ]\r\n        },\r\n        {\r\n          \"key\": \"openai.dalle.other\",\r\n          \"renewalPeriod\": 1,\r\n          \"count\": 30,\r\n          \"matchPatterns\": [\r\n            {\r\n              \"path\": \"dalle/*\",\r\n              \"method\": \"*\"\r\n            },\r\n            {\r\n              \"path\": \"openai/operations/images/*\",\r\n              \"method\": \"*\"\r\n            }\r\n          ]\r\n        },\r\n        {\r\n          \"key\": \"openai\",\r\n          \"renewalPeriod\": 1,\r\n          \"count\": 30,\r\n          \"matchPatterns\": [\r\n            {\r\n              \"path\": \"openai/*\",\r\n              \"method\": \"*\"\r\n            }\r\n          ]\r\n        },\r\n        {\r\n          \"key\": \"default\",\r\n          \"renewalPeriod\": 1,\r\n          \"count\": 30,\r\n          \"matchPatterns\": [\r\n            {\r\n              \"path\": \"*\",\r\n              \"method\": \"*\"\r\n            }\r\n          ]\r\n        }\r\n      ]\r\n    },\r\n    \"isMigrated\": false,\r\n    \"privateEndpointConnections\": [],\r\n    \"publicNetworkAccess\": \"Enabled\",\r\n    \"capabilities\": [\r\n      {\r\n        \"name\": \"VirtualNetworks\"\r\n      },\r\n      {\r\n        \"name\": \"CustomerManagedKey\"\r\n      },\r\n      {\r\n        \"name\": \"MaxFineTuneCount\",\r\n        \"value\": \"100\"\r\n      },\r\n      {\r\n        \"name\": \"MaxRunningFineTuneCount\",\r\n        \"value\": \"1\"\r\n      },\r\n      {\r\n        \"name\": \"MaxUserFileCount\",\r\n        \"value\": \"50\"\r\n      },\r\n      {\r\n        \"name\": \"MaxTrainingFileSize\",\r\n        \"value\": \"100000000\"\r\n      },\r\n      {\r\n        \"name\": \"MaxUserFileImportDurationInHours\",\r\n        \"value\": \"1\"\r\n      },\r\n      {\r\n        \"name\": \"MaxFineTuneJobDurationInHours\",\r\n        \"value\": \"720\"\r\n      },\r\n      {\r\n        \"name\": \"BypassBilling\"\r\n      },\r\n      {\r\n        \"name\": \"raiLevelOverride\"\r\n      }\r\n    ],\r\n    \"endpoints\": {\r\n      \"OpenAI Language Model Instance API\": \"https://eastus.api.cognitive.microsoft.com/\",\r\n      \"OpenAI Dall-E API\": \"https://eastus.api.cognitive.microsoft.com/\",\r\n      \"OpenAI Whisper API\": \"https://eastus.api.cognitive.microsoft.com/\"\r\n    },\r\n    \"provisioningState\": \"Succeeded\"\r\n  },\r\n  \"systemData\": {\r\n    \"createdBy\": \"50841d5f-166a-406c-8472-6800c9698b43\",\r\n    \"createdByType\": \"Application\",\r\n    \"createdAt\": \"2023-06-22T21:22:31.1452859Z\",\r\n    \"lastModifiedBy\": \"50841d5f-166a-406c-8472-6800c9698b43\",\r\n    \"lastModifiedByType\": \"Application\",\r\n    \"lastModifiedAt\": \"2023-06-22T21:22:31.1452859Z\"\r\n  }\r\n}",
      "StatusCode": 200
    },
    {
      "RequestUri": "/subscriptions/f9b96b36-1f5e-4021-8959-51527e26e6d3/resourceGroups/pstestrg9831/providers/Microsoft.CognitiveServices/accounts/csapstestrg9831?api-version=2023-05-01",
      "EncodedRequestUri": "L3N1YnNjcmlwdGlvbnMvZjliOTZiMzYtMWY1ZS00MDIxLTg5NTktNTE1MjdlMjZlNmQzL3Jlc291cmNlR3JvdXBzL3BzdGVzdHJnOTgzMS9wcm92aWRlcnMvTWljcm9zb2Z0LkNvZ25pdGl2ZVNlcnZpY2VzL2FjY291bnRzL2NzYXBzdGVzdHJnOTgzMT9hcGktdmVyc2lvbj0yMDIzLTA1LTAx",
      "RequestMethod": "GET",
      "RequestHeaders": {
        "x-ms-client-request-id": [
          "9e56896e-47fb-4a5c-9866-60135023809b"
        ],
        "Accept-Language": [
          "en-US"
        ],
        "User-Agent": [
          "FxVersion/4.700.22.55902",
          "OSName/Windows",
          "OSVersion/Microsoft.Windows.10.0.22621",
          "Microsoft.Azure.Management.CognitiveServices.CognitiveServicesManagementClient/9.0.0.0"
        ]
      },
      "RequestBody": "",
      "ResponseHeaders": {
        "Cache-Control": [
          "no-cache"
        ],
        "Pragma": [
          "no-cache"
        ],
        "ETag": [
          "\"bc010ce9-0000-0100-0000-6494bbbf0000\""
        ],
        "X-Content-Type-Options": [
          "nosniff"
        ],
        "x-ms-request-id": [
          "16965398-f8f0-4c60-9851-a76604591462"
        ],
        "x-envoy-upstream-service-time": [
          "10"
        ],
        "Server": [
          "istio-envoy"
        ],
        "x-ms-ratelimit-remaining-subscription-reads": [
          "11996"
        ],
        "x-ms-correlation-request-id": [
          "9c7eec69-1dc1-4248-b46a-1b6823af4737"
        ],
        "x-ms-routing-request-id": [
          "WESTUS2:20230622T212333Z:9c7eec69-1dc1-4248-b46a-1b6823af4737"
        ],
        "Strict-Transport-Security": [
          "max-age=31536000; includeSubDomains"
        ],
        "Date": [
          "Thu, 22 Jun 2023 21:23:32 GMT"
        ],
        "Content-Length": [
          "2063"
        ],
        "Content-Type": [
          "application/json; charset=utf-8"
        ],
        "Expires": [
          "-1"
        ]
      },
      "ResponseBody": "{\r\n  \"id\": \"/subscriptions/f9b96b36-1f5e-4021-8959-51527e26e6d3/resourceGroups/pstestrg9831/providers/Microsoft.CognitiveServices/accounts/csapstestrg9831\",\r\n  \"name\": \"csapstestrg9831\",\r\n  \"type\": \"Microsoft.CognitiveServices/accounts\",\r\n  \"etag\": \"\\\"bc010ce9-0000-0100-0000-6494bbbf0000\\\"\",\r\n  \"location\": \"eastus\",\r\n  \"sku\": {\r\n    \"name\": \"S0\"\r\n  },\r\n  \"kind\": \"OpenAI\",\r\n  \"properties\": {\r\n    \"endpoint\": \"https://eastus.api.cognitive.microsoft.com/\",\r\n    \"internalId\": \"a011e853565f40078e99591b0fb19d48\",\r\n    \"dateCreated\": \"2023-06-22T21:22:31.5827129Z\",\r\n    \"callRateLimit\": {\r\n      \"rules\": [\r\n        {\r\n          \"key\": \"openai.dalle.post\",\r\n          \"renewalPeriod\": 1,\r\n          \"count\": 30,\r\n          \"matchPatterns\": [\r\n            {\r\n              \"path\": \"dalle/*\",\r\n              \"method\": \"POST\"\r\n            },\r\n            {\r\n              \"path\": \"openai/images/*\",\r\n              \"method\": \"POST\"\r\n            }\r\n          ]\r\n        },\r\n        {\r\n          \"key\": \"openai.dalle.other\",\r\n          \"renewalPeriod\": 1,\r\n          \"count\": 30,\r\n          \"matchPatterns\": [\r\n            {\r\n              \"path\": \"dalle/*\",\r\n              \"method\": \"*\"\r\n            },\r\n            {\r\n              \"path\": \"openai/operations/images/*\",\r\n              \"method\": \"*\"\r\n            }\r\n          ]\r\n        },\r\n        {\r\n          \"key\": \"openai\",\r\n          \"renewalPeriod\": 1,\r\n          \"count\": 30,\r\n          \"matchPatterns\": [\r\n            {\r\n              \"path\": \"openai/*\",\r\n              \"method\": \"*\"\r\n            }\r\n          ]\r\n        },\r\n        {\r\n          \"key\": \"default\",\r\n          \"renewalPeriod\": 1,\r\n          \"count\": 30,\r\n          \"matchPatterns\": [\r\n            {\r\n              \"path\": \"*\",\r\n              \"method\": \"*\"\r\n            }\r\n          ]\r\n        }\r\n      ]\r\n    },\r\n    \"isMigrated\": false,\r\n    \"privateEndpointConnections\": [],\r\n    \"publicNetworkAccess\": \"Enabled\",\r\n    \"capabilities\": [\r\n      {\r\n        \"name\": \"VirtualNetworks\"\r\n      },\r\n      {\r\n        \"name\": \"CustomerManagedKey\"\r\n      },\r\n      {\r\n        \"name\": \"MaxFineTuneCount\",\r\n        \"value\": \"100\"\r\n      },\r\n      {\r\n        \"name\": \"MaxRunningFineTuneCount\",\r\n        \"value\": \"1\"\r\n      },\r\n      {\r\n        \"name\": \"MaxUserFileCount\",\r\n        \"value\": \"50\"\r\n      },\r\n      {\r\n        \"name\": \"MaxTrainingFileSize\",\r\n        \"value\": \"100000000\"\r\n      },\r\n      {\r\n        \"name\": \"MaxUserFileImportDurationInHours\",\r\n        \"value\": \"1\"\r\n      },\r\n      {\r\n        \"name\": \"MaxFineTuneJobDurationInHours\",\r\n        \"value\": \"720\"\r\n      },\r\n      {\r\n        \"name\": \"BypassBilling\"\r\n      },\r\n      {\r\n        \"name\": \"raiLevelOverride\"\r\n      }\r\n    ],\r\n    \"endpoints\": {\r\n      \"OpenAI Language Model Instance API\": \"https://eastus.api.cognitive.microsoft.com/\",\r\n      \"OpenAI Dall-E API\": \"https://eastus.api.cognitive.microsoft.com/\",\r\n      \"OpenAI Whisper API\": \"https://eastus.api.cognitive.microsoft.com/\"\r\n    },\r\n    \"provisioningState\": \"Succeeded\"\r\n  },\r\n  \"systemData\": {\r\n    \"createdBy\": \"50841d5f-166a-406c-8472-6800c9698b43\",\r\n    \"createdByType\": \"Application\",\r\n    \"createdAt\": \"2023-06-22T21:22:31.1452859Z\",\r\n    \"lastModifiedBy\": \"50841d5f-166a-406c-8472-6800c9698b43\",\r\n    \"lastModifiedByType\": \"Application\",\r\n    \"lastModifiedAt\": \"2023-06-22T21:22:31.1452859Z\"\r\n  }\r\n}",
      "StatusCode": 200
    },
    {
      "RequestUri": "/subscriptions/f9b96b36-1f5e-4021-8959-51527e26e6d3/resourceGroups/pstestrg9831/providers/Microsoft.CognitiveServices/accounts/csapstestrg9831/models?api-version=2023-05-01",
      "EncodedRequestUri": "L3N1YnNjcmlwdGlvbnMvZjliOTZiMzYtMWY1ZS00MDIxLTg5NTktNTE1MjdlMjZlNmQzL3Jlc291cmNlR3JvdXBzL3BzdGVzdHJnOTgzMS9wcm92aWRlcnMvTWljcm9zb2Z0LkNvZ25pdGl2ZVNlcnZpY2VzL2FjY291bnRzL2NzYXBzdGVzdHJnOTgzMS9tb2RlbHM/YXBpLXZlcnNpb249MjAyMy0wNS0wMQ==",
      "RequestMethod": "GET",
      "RequestHeaders": {
        "x-ms-client-request-id": [
          "7700763f-81ef-4821-8621-13712815dad7"
        ],
        "Accept-Language": [
          "en-US"
        ],
        "User-Agent": [
          "FxVersion/4.700.22.55902",
          "OSName/Windows",
          "OSVersion/Microsoft.Windows.10.0.22621",
          "Microsoft.Azure.Management.CognitiveServices.CognitiveServicesManagementClient/9.0.0.0"
        ]
      },
      "RequestBody": "",
      "ResponseHeaders": {
        "Cache-Control": [
          "no-cache"
        ],
        "Pragma": [
          "no-cache"
        ],
        "X-Content-Type-Options": [
          "nosniff"
        ],
        "x-ms-request-id": [
          "8364c81f-417f-493a-bbdc-e5751abc0cd1"
        ],
        "x-envoy-upstream-service-time": [
          "94"
        ],
        "Server": [
          "istio-envoy"
        ],
        "x-ms-ratelimit-remaining-subscription-reads": [
          "11999"
        ],
        "x-ms-correlation-request-id": [
          "387f51fc-bdfd-42e6-9a99-c44e21893bee"
        ],
        "x-ms-routing-request-id": [
          "WESTUS2:20230622T212334Z:387f51fc-bdfd-42e6-9a99-c44e21893bee"
        ],
        "Strict-Transport-Security": [
          "max-age=31536000; includeSubDomains"
        ],
        "Date": [
          "Thu, 22 Jun 2023 21:23:33 GMT"
        ],
        "Content-Length": [
          "33262"
        ],
        "Content-Type": [
          "application/json; charset=utf-8"
        ],
        "Expires": [
          "-1"
        ]
      },
      "ResponseBody": "{\r\n  \"value\": [\r\n    {\r\n      \"format\": \"OpenAI\",\r\n      \"name\": \"ada\",\r\n      \"version\": \"1\",\r\n      \"isDefaultVersion\": false,\r\n      \"skus\": [\r\n        {\r\n          \"name\": \"Standard\",\r\n          \"usageName\": \"OpenAI.Standard.ada\",\r\n          \"capacity\": {\r\n            \"maximum\": 10000,\r\n            \"default\": 120\r\n          },\r\n          \"deprecationDate\": \"2024-03-01T00:00:00Z\",\r\n          \"ratelimits\": [\r\n            {\r\n              \"key\": \"request\",\r\n              \"renewalPeriod\": 10,\r\n              \"count\": 1\r\n            },\r\n            {\r\n              \"key\": \"token\",\r\n              \"renewalPeriod\": 60,\r\n              \"count\": 1000\r\n            }\r\n          ]\r\n        }\r\n      ],\r\n      \"maxCapacity\": 3,\r\n      \"capabilities\": {\r\n        \"fineTune\": \"true\",\r\n        \"inference\": \"false\",\r\n        \"scaleType\": \"Manual\",\r\n        \"completion\": \"true\",\r\n        \"search\": \"true\",\r\n        \"FineTuneTokensMaxValue\": \"2000000000\"\r\n      },\r\n      \"finetuneCapabilities\": {\r\n        \"scaleType\": \"Manual,Standard\",\r\n        \"completion\": \"true\",\r\n        \"search\": \"true\",\r\n        \"FineTuneTokensMaxValue\": \"2000000000\"\r\n      },\r\n      \"deprecation\": {\r\n        \"fineTune\": \"2024-03-01T00:00:00Z\",\r\n        \"inference\": \"2024-03-01T00:00:00Z\"\r\n      },\r\n      \"lifecycleStatus\": \"Preview\",\r\n      \"systemData\": {\r\n        \"createdBy\": \"Microsoft\",\r\n        \"createdAt\": \"2022-03-01T00:00:00Z\",\r\n        \"lastModifiedBy\": \"Microsoft\",\r\n        \"lastModifiedAt\": \"2022-03-01T00:00:00Z\"\r\n      },\r\n      \"canBeDeployed\": true\r\n    },\r\n    {\r\n      \"format\": \"OpenAI\",\r\n      \"name\": \"babbage\",\r\n      \"version\": \"1\",\r\n      \"isDefaultVersion\": false,\r\n      \"skus\": [\r\n        {\r\n          \"name\": \"Standard\",\r\n          \"usageName\": \"OpenAI.Standard.babbage\",\r\n          \"capacity\": {\r\n            \"maximum\": 10000,\r\n            \"default\": 120\r\n          },\r\n          \"deprecationDate\": \"2024-03-01T00:00:00Z\",\r\n          \"ratelimits\": [\r\n            {\r\n              \"key\": \"request\",\r\n              \"renewalPeriod\": 10,\r\n              \"count\": 1\r\n            },\r\n            {\r\n              \"key\": \"token\",\r\n              \"renewalPeriod\": 60,\r\n              \"count\": 1000\r\n            }\r\n          ]\r\n        }\r\n      ],\r\n      \"maxCapacity\": 3,\r\n      \"capabilities\": {\r\n        \"fineTune\": \"true\",\r\n        \"inference\": \"false\",\r\n        \"scaleType\": \"Manual\",\r\n        \"completion\": \"true\",\r\n        \"search\": \"true\",\r\n        \"FineTuneTokensMaxValue\": \"2000000000\"\r\n      },\r\n      \"finetuneCapabilities\": {\r\n        \"scaleType\": \"Manual,Standard\",\r\n        \"completion\": \"true\",\r\n        \"search\": \"true\",\r\n        \"FineTuneTokensMaxValue\": \"2000000000\"\r\n      },\r\n      \"deprecation\": {\r\n        \"fineTune\": \"2024-03-01T00:00:00Z\",\r\n        \"inference\": \"2024-03-01T00:00:00Z\"\r\n      },\r\n      \"lifecycleStatus\": \"Preview\",\r\n      \"systemData\": {\r\n        \"createdBy\": \"Microsoft\",\r\n        \"createdAt\": \"2022-03-01T00:00:00Z\",\r\n        \"lastModifiedBy\": \"Microsoft\",\r\n        \"lastModifiedAt\": \"2022-03-01T00:00:00Z\"\r\n      },\r\n      \"canBeDeployed\": true\r\n    },\r\n    {\r\n      \"format\": \"OpenAI\",\r\n      \"name\": \"curie\",\r\n      \"version\": \"1\",\r\n      \"isDefaultVersion\": false,\r\n      \"skus\": [\r\n        {\r\n          \"name\": \"Standard\",\r\n          \"usageName\": \"OpenAI.Standard.curie\",\r\n          \"capacity\": {\r\n            \"maximum\": 10000,\r\n            \"default\": 120\r\n          },\r\n          \"deprecationDate\": \"2024-03-01T00:00:00Z\",\r\n          \"ratelimits\": [\r\n            {\r\n              \"key\": \"request\",\r\n              \"renewalPeriod\": 10,\r\n              \"count\": 1\r\n            },\r\n            {\r\n              \"key\": \"token\",\r\n              \"renewalPeriod\": 60,\r\n              \"count\": 1000\r\n            }\r\n          ]\r\n        }\r\n      ],\r\n      \"maxCapacity\": 3,\r\n      \"capabilities\": {\r\n        \"fineTune\": \"true\",\r\n        \"inference\": \"false\",\r\n        \"scaleType\": \"Manual\",\r\n        \"completion\": \"true\",\r\n        \"search\": \"true\",\r\n        \"FineTuneTokensMaxValue\": \"2000000000\"\r\n      },\r\n      \"finetuneCapabilities\": {\r\n        \"scaleType\": \"Manual,Standard\",\r\n        \"completion\": \"true\",\r\n        \"search\": \"true\",\r\n        \"FineTuneTokensMaxValue\": \"2000000000\"\r\n      },\r\n      \"deprecation\": {\r\n        \"fineTune\": \"2024-03-01T00:00:00Z\",\r\n        \"inference\": \"2024-03-01T00:00:00Z\"\r\n      },\r\n      \"lifecycleStatus\": \"Preview\",\r\n      \"systemData\": {\r\n        \"createdBy\": \"Microsoft\",\r\n        \"createdAt\": \"2022-03-01T00:00:00Z\",\r\n        \"lastModifiedBy\": \"Microsoft\",\r\n        \"lastModifiedAt\": \"2022-03-01T00:00:00Z\"\r\n      },\r\n      \"canBeDeployed\": true\r\n    },\r\n    {\r\n      \"format\": \"OpenAI\",\r\n      \"name\": \"davinci\",\r\n      \"version\": \"1\",\r\n      \"isDefaultVersion\": false,\r\n      \"skus\": [\r\n        {\r\n          \"name\": \"Standard\",\r\n          \"usageName\": \"OpenAI.Standard.davinci\",\r\n          \"capacity\": {\r\n            \"maximum\": 10000,\r\n            \"default\": 120\r\n          },\r\n          \"deprecationDate\": \"2024-03-01T00:00:00Z\",\r\n          \"ratelimits\": [\r\n            {\r\n              \"key\": \"request\",\r\n              \"renewalPeriod\": 10,\r\n              \"count\": 1\r\n            },\r\n            {\r\n              \"key\": \"token\",\r\n              \"renewalPeriod\": 60,\r\n              \"count\": 1000\r\n            }\r\n          ]\r\n        }\r\n      ],\r\n      \"maxCapacity\": 3,\r\n      \"capabilities\": {\r\n        \"fineTune\": \"true\",\r\n        \"inference\": \"false\",\r\n        \"scaleType\": \"Manual\",\r\n        \"completion\": \"true\",\r\n        \"search\": \"true\",\r\n        \"FineTuneTokensMaxValue\": \"2000000000\",\r\n        \"maxStandardFinetuneDeploymentCount\": \"2\"\r\n      },\r\n      \"finetuneCapabilities\": {\r\n        \"scaleType\": \"Manual,Standard\",\r\n        \"completion\": \"true\",\r\n        \"search\": \"true\",\r\n        \"FineTuneTokensMaxValue\": \"2000000000\",\r\n        \"maxStandardFinetuneDeploymentCount\": \"2\"\r\n      },\r\n      \"deprecation\": {\r\n        \"fineTune\": \"2024-03-01T00:00:00Z\",\r\n        \"inference\": \"2024-03-01T00:00:00Z\"\r\n      },\r\n      \"lifecycleStatus\": \"Preview\",\r\n      \"systemData\": {\r\n        \"createdBy\": \"Microsoft\",\r\n        \"createdAt\": \"2022-03-01T00:00:00Z\",\r\n        \"lastModifiedBy\": \"Microsoft\",\r\n        \"lastModifiedAt\": \"2022-03-01T00:00:00Z\"\r\n      },\r\n      \"canBeDeployed\": true\r\n    },\r\n    {\r\n      \"format\": \"OpenAI\",\r\n      \"name\": \"text-ada-001\",\r\n      \"version\": \"1\",\r\n      \"isDefaultVersion\": false,\r\n      \"skus\": [\r\n        {\r\n          \"name\": \"Standard\",\r\n          \"usageName\": \"OpenAI.Standard.text-ada-001\",\r\n          \"capacity\": {\r\n            \"maximum\": 10000,\r\n            \"default\": 120\r\n          },\r\n          \"deprecationDate\": \"2024-03-01T00:00:00Z\",\r\n          \"ratelimits\": [\r\n            {\r\n              \"key\": \"request\",\r\n              \"renewalPeriod\": 10,\r\n              \"count\": 1\r\n            },\r\n            {\r\n              \"key\": \"token\",\r\n              \"renewalPeriod\": 60,\r\n              \"count\": 1000\r\n            }\r\n          ]\r\n        },\r\n        {\r\n          \"name\": \"Dedicated\",\r\n          \"usageName\": \"OpenAI.Dedicated.text-ada-001\",\r\n          \"capacity\": {\r\n            \"minimum\": 1,\r\n            \"maximum\": 30\r\n          },\r\n          \"deprecationDate\": \"2025-04-03T00:00:00Z\",\r\n          \"ratelimits\": [\r\n            {\r\n              \"key\": \"request\",\r\n              \"renewalPeriod\": 1,\r\n              \"count\": 30\r\n            }\r\n          ]\r\n        }\r\n      ],\r\n      \"maxCapacity\": 3,\r\n      \"capabilities\": {\r\n        \"scaleType\": \"Manual,Standard\",\r\n        \"completion\": \"true\",\r\n        \"search\": \"true\"\r\n      },\r\n      \"deprecation\": {\r\n        \"fineTune\": \"2024-03-01T00:00:00Z\",\r\n        \"inference\": \"2024-03-01T00:00:00Z\"\r\n      },\r\n      \"lifecycleStatus\": \"Preview\",\r\n      \"systemData\": {\r\n        \"createdBy\": \"Microsoft\",\r\n        \"createdAt\": \"2022-03-01T00:00:00Z\",\r\n        \"lastModifiedBy\": \"Microsoft\",\r\n        \"lastModifiedAt\": \"2022-03-01T00:00:00Z\"\r\n      },\r\n      \"canBeDeployed\": true\r\n    },\r\n    {\r\n      \"format\": \"OpenAI\",\r\n      \"name\": \"text-babbage-001\",\r\n      \"version\": \"1\",\r\n      \"isDefaultVersion\": false,\r\n      \"skus\": [\r\n        {\r\n          \"name\": \"Standard\",\r\n          \"usageName\": \"OpenAI.Standard.text-babbage-001\",\r\n          \"capacity\": {\r\n            \"maximum\": 10000,\r\n            \"default\": 120\r\n          },\r\n          \"deprecationDate\": \"2024-03-01T00:00:00Z\",\r\n          \"ratelimits\": [\r\n            {\r\n              \"key\": \"request\",\r\n              \"renewalPeriod\": 10,\r\n              \"count\": 1\r\n            },\r\n            {\r\n              \"key\": \"token\",\r\n              \"renewalPeriod\": 60,\r\n              \"count\": 1000\r\n            }\r\n          ]\r\n        },\r\n        {\r\n          \"name\": \"Dedicated\",\r\n          \"usageName\": \"OpenAI.Dedicated.text-babbage-001\",\r\n          \"capacity\": {\r\n            \"minimum\": 1,\r\n            \"maximum\": 30\r\n          },\r\n          \"deprecationDate\": \"2025-04-03T00:00:00Z\",\r\n          \"ratelimits\": [\r\n            {\r\n              \"key\": \"request\",\r\n              \"renewalPeriod\": 1,\r\n              \"count\": 30\r\n            }\r\n          ]\r\n        }\r\n      ],\r\n      \"maxCapacity\": 3,\r\n      \"capabilities\": {\r\n        \"scaleType\": \"Manual,Standard\",\r\n        \"completion\": \"true\",\r\n        \"search\": \"true\"\r\n      },\r\n      \"deprecation\": {\r\n        \"fineTune\": \"2024-03-01T00:00:00Z\",\r\n        \"inference\": \"2024-03-01T00:00:00Z\"\r\n      },\r\n      \"lifecycleStatus\": \"Preview\",\r\n      \"systemData\": {\r\n        \"createdBy\": \"Microsoft\",\r\n        \"createdAt\": \"2022-03-01T00:00:00Z\",\r\n        \"lastModifiedBy\": \"Microsoft\",\r\n        \"lastModifiedAt\": \"2022-03-01T00:00:00Z\"\r\n      },\r\n      \"canBeDeployed\": true\r\n    },\r\n    {\r\n      \"format\": \"OpenAI\",\r\n      \"name\": \"text-curie-001\",\r\n      \"version\": \"1\",\r\n      \"isDefaultVersion\": false,\r\n      \"skus\": [\r\n        {\r\n          \"name\": \"Standard\",\r\n          \"usageName\": \"OpenAI.Standard.text-curie-001\",\r\n          \"capacity\": {\r\n            \"maximum\": 10000,\r\n            \"default\": 120\r\n          },\r\n          \"deprecationDate\": \"2024-03-01T00:00:00Z\",\r\n          \"ratelimits\": [\r\n            {\r\n              \"key\": \"request\",\r\n              \"renewalPeriod\": 10,\r\n              \"count\": 1\r\n            },\r\n            {\r\n              \"key\": \"token\",\r\n              \"renewalPeriod\": 60,\r\n              \"count\": 1000\r\n            }\r\n          ]\r\n        },\r\n        {\r\n          \"name\": \"Dedicated\",\r\n          \"usageName\": \"OpenAI.Dedicated.text-curie-001\",\r\n          \"capacity\": {\r\n            \"minimum\": 1,\r\n            \"maximum\": 30\r\n          },\r\n          \"deprecationDate\": \"2025-04-03T00:00:00Z\",\r\n          \"ratelimits\": [\r\n            {\r\n              \"key\": \"request\",\r\n              \"renewalPeriod\": 1,\r\n              \"count\": 30\r\n            }\r\n          ]\r\n        }\r\n      ],\r\n      \"maxCapacity\": 3,\r\n      \"capabilities\": {\r\n        \"scaleType\": \"Manual,Standard\",\r\n        \"completion\": \"true\",\r\n        \"search\": \"true\"\r\n      },\r\n      \"deprecation\": {\r\n        \"fineTune\": \"2024-03-01T00:00:00Z\",\r\n        \"inference\": \"2024-03-01T00:00:00Z\"\r\n      },\r\n      \"lifecycleStatus\": \"GenerallyAvailable\",\r\n      \"systemData\": {\r\n        \"createdBy\": \"Microsoft\",\r\n        \"createdAt\": \"2022-03-01T00:00:00Z\",\r\n        \"lastModifiedBy\": \"Microsoft\",\r\n        \"lastModifiedAt\": \"2022-03-01T00:00:00Z\"\r\n      },\r\n      \"canBeDeployed\": true\r\n    },\r\n    {\r\n      \"format\": \"OpenAI\",\r\n      \"name\": \"text-davinci-001\",\r\n      \"version\": \"1\",\r\n      \"isDefaultVersion\": false,\r\n      \"skus\": [\r\n        {\r\n          \"name\": \"Dedicated\",\r\n          \"usageName\": \"OpenAI.Dedicated.text-davinci-001\",\r\n          \"capacity\": {\r\n            \"minimum\": 1,\r\n            \"maximum\": 30\r\n          },\r\n          \"deprecationDate\": \"2025-04-03T00:00:00Z\",\r\n          \"ratelimits\": [\r\n            {\r\n              \"key\": \"request\",\r\n              \"renewalPeriod\": 1,\r\n              \"count\": 30\r\n            }\r\n          ]\r\n        }\r\n      ],\r\n      \"maxCapacity\": 3,\r\n      \"capabilities\": {\r\n        \"scaleType\": \"Manual\",\r\n        \"completion\": \"true\",\r\n        \"search\": \"true\"\r\n      },\r\n      \"deprecation\": {\r\n        \"fineTune\": \"2024-03-01T00:00:00Z\",\r\n        \"inference\": \"2024-03-01T00:00:00Z\"\r\n      },\r\n      \"lifecycleStatus\": \"Preview\",\r\n      \"systemData\": {\r\n        \"createdBy\": \"Microsoft\",\r\n        \"createdAt\": \"2022-03-01T00:00:00Z\",\r\n        \"lastModifiedBy\": \"Microsoft\",\r\n        \"lastModifiedAt\": \"2022-03-01T00:00:00Z\"\r\n      },\r\n      \"canBeDeployed\": true\r\n    },\r\n    {\r\n      \"format\": \"OpenAI\",\r\n      \"name\": \"text-davinci-002\",\r\n      \"version\": \"1\",\r\n      \"isDefaultVersion\": false,\r\n      \"skus\": [\r\n        {\r\n          \"name\": \"Standard\",\r\n          \"usageName\": \"OpenAI.Standard.text-davinci-002\",\r\n          \"capacity\": {\r\n            \"maximum\": 5000,\r\n            \"default\": 120\r\n          },\r\n          \"deprecationDate\": \"2024-01-15T00:00:00Z\",\r\n          \"ratelimits\": [\r\n            {\r\n              \"key\": \"request\",\r\n              \"renewalPeriod\": 10,\r\n              \"count\": 1\r\n            },\r\n            {\r\n              \"key\": \"token\",\r\n              \"renewalPeriod\": 60,\r\n              \"count\": 1000\r\n            }\r\n          ]\r\n        },\r\n        {\r\n          \"name\": \"Dedicated\",\r\n          \"usageName\": \"OpenAI.Dedicated.text-davinci-002\",\r\n          \"capacity\": {\r\n            \"minimum\": 1,\r\n            \"maximum\": 30\r\n          },\r\n          \"deprecationDate\": \"2025-04-03T00:00:00Z\",\r\n          \"ratelimits\": [\r\n            {\r\n              \"key\": \"request\",\r\n              \"renewalPeriod\": 1,\r\n              \"count\": 30\r\n            }\r\n          ]\r\n        }\r\n      ],\r\n      \"maxCapacity\": 3,\r\n      \"capabilities\": {\r\n        \"scaleType\": \"Manual,Standard\",\r\n        \"completion\": \"true\",\r\n        \"search\": \"true\"\r\n      },\r\n      \"deprecation\": {\r\n        \"inference\": \"2024-01-15T00:00:00Z\"\r\n      },\r\n      \"lifecycleStatus\": \"GenerallyAvailable\",\r\n      \"systemData\": {\r\n        \"createdBy\": \"Microsoft\",\r\n        \"createdAt\": \"2022-01-22T00:00:00Z\",\r\n        \"lastModifiedBy\": \"Microsoft\",\r\n        \"lastModifiedAt\": \"2022-01-22T00:00:00Z\"\r\n      },\r\n      \"canBeDeployed\": true\r\n    },\r\n    {\r\n      \"format\": \"OpenAI\",\r\n      \"name\": \"text-chat-davinci-002\",\r\n      \"version\": \"1\",\r\n      \"isDefaultVersion\": false,\r\n      \"skus\": [],\r\n      \"maxCapacity\": 3,\r\n      \"capabilities\": {\r\n        \"scaleType\": \"Standard\",\r\n        \"completion\": \"true\",\r\n        \"search\": \"true\"\r\n      },\r\n      \"deprecation\": {\r\n        \"inference\": \"2024-12-09T00:00:00Z\"\r\n      },\r\n      \"lifecycleStatus\": \"Preview\",\r\n      \"systemData\": {\r\n        \"createdBy\": \"Microsoft\",\r\n        \"createdByType\": \"Application\",\r\n        \"createdAt\": \"2022-12-09T00:00:00Z\",\r\n        \"lastModifiedBy\": \"Microsoft\",\r\n        \"lastModifiedByType\": \"Application\",\r\n        \"lastModifiedAt\": \"2022-12-09T00:00:00Z\"\r\n      },\r\n      \"canBeDeployed\": true\r\n    },\r\n    {\r\n      \"format\": \"OpenAI\",\r\n      \"name\": \"gpt-35-turbo\",\r\n      \"version\": \"0301\",\r\n      \"isDefaultVersion\": true,\r\n      \"skus\": [\r\n        {\r\n          \"name\": \"Standard\",\r\n          \"usageName\": \"OpenAI.Standard.gpt-35-turbo\",\r\n          \"capacity\": {\r\n            \"maximum\": 5000,\r\n            \"default\": 120\r\n          },\r\n          \"deprecationDate\": \"2023-10-01T00:00:00Z\",\r\n          \"ratelimits\": [\r\n            {\r\n              \"key\": \"request\",\r\n              \"renewalPeriod\": 10,\r\n              \"count\": 1\r\n            },\r\n            {\r\n              \"key\": \"token\",\r\n              \"renewalPeriod\": 60,\r\n              \"count\": 1000\r\n            }\r\n          ]\r\n        }\r\n      ],\r\n      \"maxCapacity\": 9,\r\n      \"capabilities\": {\r\n        \"scaleType\": \"Manual,Standard\",\r\n        \"completion\": \"true\",\r\n        \"chatCompletion\": \"true\"\r\n      },\r\n      \"deprecation\": {\r\n        \"inference\": \"2023-10-01T00:00:00Z\"\r\n      },\r\n      \"lifecycleStatus\": \"GenerallyAvailable\",\r\n      \"systemData\": {\r\n        \"createdBy\": \"Microsoft\",\r\n        \"createdByType\": \"Application\",\r\n        \"createdAt\": \"2023-03-09T00:00:00Z\",\r\n        \"lastModifiedBy\": \"Microsoft\",\r\n        \"lastModifiedByType\": \"Application\",\r\n        \"lastModifiedAt\": \"2023-03-09T00:00:00Z\"\r\n      },\r\n      \"canBeDeployed\": true\r\n    },\r\n    {\r\n      \"format\": \"OpenAI\",\r\n      \"name\": \"gpt-35-turbo\",\r\n      \"version\": \"0613\",\r\n      \"isDefaultVersion\": false,\r\n      \"skus\": [\r\n        {\r\n          \"name\": \"Standard\",\r\n          \"usageName\": \"OpenAI.Standard.gpt-35-turbo\",\r\n          \"capacity\": {\r\n            \"maximum\": 240,\r\n            \"default\": 120\r\n          },\r\n          \"deprecationDate\": \"2024-01-15T00:00:00Z\",\r\n          \"ratelimits\": [\r\n            {\r\n              \"key\": \"request\",\r\n              \"renewalPeriod\": 10,\r\n              \"count\": 1\r\n            },\r\n            {\r\n              \"key\": \"token\",\r\n              \"renewalPeriod\": 60,\r\n              \"count\": 1000\r\n            }\r\n          ]\r\n        },\r\n        {\r\n          \"name\": \"Provisioned\",\r\n          \"usageName\": \"OpenAI.Provisioned.gpt-35-turbo\",\r\n          \"capacity\": {\r\n            \"minimum\": 300,\r\n            \"maximum\": 3000,\r\n            \"step\": 100,\r\n            \"default\": 300\r\n          },\r\n          \"deprecationDate\": \"2024-01-15T00:00:00Z\",\r\n          \"ratelimits\": [\r\n            {\r\n              \"key\": \"request\",\r\n              \"renewalPeriod\": 1,\r\n              \"count\": 50\r\n            }\r\n          ]\r\n        }\r\n      ],\r\n      \"maxCapacity\": 9,\r\n      \"capabilities\": {\r\n        \"scaleType\": \"Manual,Standard\",\r\n        \"chatCompletion\": \"true\"\r\n      },\r\n      \"deprecation\": {\r\n        \"inference\": \"2024-01-15T00:00:00Z\"\r\n      },\r\n      \"lifecycleStatus\": \"GenerallyAvailable\",\r\n      \"systemData\": {\r\n        \"createdBy\": \"Microsoft\",\r\n        \"createdByType\": \"Application\",\r\n        \"createdAt\": \"2023-06-19T00:00:00Z\",\r\n        \"lastModifiedBy\": \"Microsoft\",\r\n        \"lastModifiedByType\": \"Application\",\r\n        \"lastModifiedAt\": \"2023-06-19T00:00:00Z\"\r\n      },\r\n      \"canBeDeployed\": true\r\n    },\r\n    {\r\n      \"format\": \"OpenAI\",\r\n      \"name\": \"gpt-35-turbo-16k\",\r\n      \"version\": \"0613\",\r\n      \"isDefaultVersion\": true,\r\n      \"skus\": [\r\n        {\r\n          \"name\": \"Standard\",\r\n          \"usageName\": \"OpenAI.Standard.gpt-35-turbo\",\r\n          \"capacity\": {\r\n            \"maximum\": 240,\r\n            \"default\": 120\r\n          },\r\n          \"deprecationDate\": \"2024-01-15T00:00:00Z\",\r\n          \"ratelimits\": [\r\n            {\r\n              \"key\": \"request\",\r\n              \"renewalPeriod\": 10,\r\n              \"count\": 1\r\n            },\r\n            {\r\n              \"key\": \"token\",\r\n              \"renewalPeriod\": 60,\r\n              \"count\": 1000\r\n            }\r\n          ]\r\n        },\r\n        {\r\n          \"name\": \"Provisioned\",\r\n          \"usageName\": \"OpenAI.Provisioned.gpt-35-turbo\",\r\n          \"capacity\": {\r\n            \"minimum\": 300,\r\n            \"maximum\": 3000,\r\n            \"step\": 100,\r\n            \"default\": 300\r\n          },\r\n          \"deprecationDate\": \"2024-01-15T00:00:00Z\",\r\n          \"ratelimits\": [\r\n            {\r\n              \"key\": \"request\",\r\n              \"renewalPeriod\": 1,\r\n              \"count\": 50\r\n            }\r\n          ]\r\n        }\r\n      ],\r\n      \"maxCapacity\": 9,\r\n      \"capabilities\": {\r\n        \"scaleType\": \"Manual,Standard\",\r\n        \"chatCompletion\": \"true\"\r\n      },\r\n      \"deprecation\": {\r\n        \"inference\": \"2024-01-15T00:00:00Z\"\r\n      },\r\n      \"lifecycleStatus\": \"GenerallyAvailable\",\r\n      \"systemData\": {\r\n        \"createdBy\": \"Microsoft\",\r\n        \"createdByType\": \"Application\",\r\n        \"createdAt\": \"2023-06-19T00:00:00Z\",\r\n        \"lastModifiedBy\": \"Microsoft\",\r\n        \"lastModifiedByType\": \"Application\",\r\n        \"lastModifiedAt\": \"2023-06-19T00:00:00Z\"\r\n      },\r\n      \"canBeDeployed\": true\r\n    },\r\n    {\r\n      \"format\": \"OpenAI\",\r\n      \"name\": \"gpt-35-turbo\",\r\n      \"version\": \"gso\",\r\n      \"isDefaultVersion\": false,\r\n      \"skus\": [],\r\n      \"maxCapacity\": 3,\r\n      \"capabilities\": {\r\n        \"scaleType\": \"Manual\",\r\n        \"completion\": \"true\",\r\n        \"chatCompletion\": \"true\"\r\n      },\r\n      \"deprecation\": {\r\n        \"inference\": \"2023-10-01T00:00:00Z\"\r\n      },\r\n      \"lifecycleStatus\": \"Preview\",\r\n      \"systemData\": {\r\n        \"createdBy\": \"Microsoft\",\r\n        \"createdByType\": \"Application\",\r\n        \"createdAt\": \"2023-03-01T00:00:00Z\",\r\n        \"lastModifiedBy\": \"Microsoft\",\r\n        \"lastModifiedByType\": \"Application\",\r\n        \"lastModifiedAt\": \"2023-03-01T00:00:00Z\"\r\n      },\r\n      \"canBeDeployed\": true\r\n    },\r\n    {\r\n      \"format\": \"OpenAI\",\r\n      \"name\": \"gpt-4\",\r\n      \"version\": \"0314\",\r\n      \"isDefaultVersion\": true,\r\n      \"skus\": [\r\n        {\r\n          \"name\": \"Standard\",\r\n          \"usageName\": \"OpenAI.Standard.gpt-4\",\r\n          \"capacity\": {\r\n            \"maximum\": 2000,\r\n            \"default\": 10\r\n          },\r\n          \"deprecationDate\": \"2023-10-01T00:00:00Z\",\r\n          \"ratelimits\": [\r\n            {\r\n              \"key\": \"request\",\r\n              \"renewalPeriod\": 10,\r\n              \"count\": 1\r\n            },\r\n            {\r\n              \"key\": \"token\",\r\n              \"renewalPeriod\": 60,\r\n              \"count\": 1000\r\n            }\r\n          ]\r\n        }\r\n      ],\r\n      \"maxCapacity\": 3,\r\n      \"capabilities\": {\r\n        \"scaleType\": \"Standard\",\r\n        \"chatCompletion\": \"true\"\r\n      },\r\n      \"deprecation\": {\r\n        \"inference\": \"2023-10-01T00:00:00Z\"\r\n      },\r\n      \"lifecycleStatus\": \"GenerallyAvailable\",\r\n      \"systemData\": {\r\n        \"createdBy\": \"Microsoft\",\r\n        \"createdByType\": \"Application\",\r\n        \"createdAt\": \"2023-03-21T00:00:00Z\",\r\n        \"lastModifiedBy\": \"Microsoft\",\r\n        \"lastModifiedByType\": \"Application\",\r\n        \"lastModifiedAt\": \"2023-03-21T00:00:00Z\"\r\n      },\r\n      \"canBeDeployed\": true\r\n    },\r\n    {\r\n      \"format\": \"OpenAI\",\r\n      \"name\": \"gpt-4\",\r\n      \"version\": \"0613\",\r\n      \"isDefaultVersion\": false,\r\n      \"skus\": [\r\n        {\r\n          \"name\": \"Standard\",\r\n          \"usageName\": \"OpenAI.Standard.gpt-4\",\r\n          \"capacity\": {\r\n            \"maximum\": 2000,\r\n            \"default\": 10\r\n          },\r\n          \"deprecationDate\": \"2024-01-15T00:00:00Z\",\r\n          \"ratelimits\": [\r\n            {\r\n              \"key\": \"request\",\r\n              \"renewalPeriod\": 10,\r\n              \"count\": 1\r\n            },\r\n            {\r\n              \"key\": \"token\",\r\n              \"renewalPeriod\": 60,\r\n              \"count\": 1000\r\n            }\r\n          ]\r\n        },\r\n        {\r\n          \"name\": \"Provisioned\",\r\n          \"usageName\": \"OpenAI.Provisioned.gpt-4\",\r\n          \"capacity\": {\r\n            \"minimum\": 900,\r\n            \"maximum\": 3000,\r\n            \"step\": 300,\r\n            \"default\": 300\r\n          },\r\n          \"deprecationDate\": \"2024-06-15T00:00:00Z\",\r\n          \"ratelimits\": [\r\n            {\r\n              \"key\": \"request\",\r\n              \"renewalPeriod\": 1,\r\n              \"count\": 50\r\n            },\r\n            {\r\n              \"key\": \"token\",\r\n              \"renewalPeriod\": 60,\r\n              \"count\": 60000\r\n            }\r\n          ]\r\n        }\r\n      ],\r\n      \"maxCapacity\": 3,\r\n      \"capabilities\": {\r\n        \"scaleType\": \"Standard\",\r\n        \"chatCompletion\": \"true\"\r\n      },\r\n      \"deprecation\": {\r\n        \"inference\": \"2024-01-15T00:00:00Z\"\r\n      },\r\n      \"lifecycleStatus\": \"GenerallyAvailable\",\r\n      \"systemData\": {\r\n        \"createdBy\": \"Microsoft\",\r\n        \"createdByType\": \"Application\",\r\n        \"createdAt\": \"2023-06-19T00:00:00Z\",\r\n        \"lastModifiedBy\": \"Microsoft\",\r\n        \"lastModifiedByType\": \"Application\",\r\n        \"lastModifiedAt\": \"2023-06-19T00:00:00Z\"\r\n      },\r\n      \"canBeDeployed\": true\r\n    },\r\n    {\r\n      \"format\": \"OpenAI\",\r\n      \"name\": \"gpt-4-32k\",\r\n      \"version\": \"0314\",\r\n      \"isDefaultVersion\": true,\r\n      \"skus\": [\r\n        {\r\n          \"name\": \"Standard\",\r\n          \"usageName\": \"OpenAI.Standard.gpt-4-32k\",\r\n          \"capacity\": {\r\n            \"maximum\": 2000,\r\n            \"default\": 30\r\n          },\r\n          \"deprecationDate\": \"2023-10-01T00:00:00Z\",\r\n          \"ratelimits\": [\r\n            {\r\n              \"key\": \"request\",\r\n              \"renewalPeriod\": 10,\r\n              \"count\": 1\r\n            },\r\n            {\r\n              \"key\": \"token\",\r\n              \"renewalPeriod\": 60,\r\n              \"count\": 1000\r\n            }\r\n          ]\r\n        }\r\n      ],\r\n      \"maxCapacity\": 3,\r\n      \"capabilities\": {\r\n        \"scaleType\": \"Standard\",\r\n        \"chatCompletion\": \"true\"\r\n      },\r\n      \"deprecation\": {\r\n        \"inference\": \"2023-10-01T00:00:00Z\"\r\n      },\r\n      \"lifecycleStatus\": \"GenerallyAvailable\",\r\n      \"systemData\": {\r\n        \"createdBy\": \"Microsoft\",\r\n        \"createdByType\": \"Application\",\r\n        \"createdAt\": \"2023-03-21T00:00:00Z\",\r\n        \"lastModifiedBy\": \"Microsoft\",\r\n        \"lastModifiedByType\": \"Application\",\r\n        \"lastModifiedAt\": \"2023-03-21T00:00:00Z\"\r\n      },\r\n      \"canBeDeployed\": true\r\n    },\r\n    {\r\n      \"format\": \"OpenAI\",\r\n      \"name\": \"gpt-4-32k\",\r\n      \"version\": \"0613\",\r\n      \"isDefaultVersion\": false,\r\n      \"skus\": [\r\n        {\r\n          \"name\": \"Standard\",\r\n          \"usageName\": \"OpenAI.Standard.gpt-4-32k\",\r\n          \"capacity\": {\r\n            \"maximum\": 60,\r\n            \"default\": 30\r\n          },\r\n          \"deprecationDate\": \"2024-01-15T00:00:00Z\",\r\n          \"ratelimits\": [\r\n            {\r\n              \"key\": \"request\",\r\n              \"renewalPeriod\": 10,\r\n              \"count\": 1\r\n            },\r\n            {\r\n              \"key\": \"token\",\r\n              \"renewalPeriod\": 60,\r\n              \"count\": 1000\r\n            }\r\n          ]\r\n        },\r\n        {\r\n          \"name\": \"Provisioned\",\r\n          \"usageName\": \"OpenAI.Provisioned.gpt-4-32k\",\r\n          \"capacity\": {\r\n            \"minimum\": 1800,\r\n            \"maximum\": 6000,\r\n            \"step\": 600,\r\n            \"default\": 1800\r\n          },\r\n          \"deprecationDate\": \"2024-01-15T00:00:00Z\",\r\n          \"ratelimits\": [\r\n            {\r\n              \"key\": \"request\",\r\n              \"renewalPeriod\": 1,\r\n              \"count\": 5\r\n            }\r\n          ]\r\n        }\r\n      ],\r\n      \"maxCapacity\": 3,\r\n      \"capabilities\": {\r\n        \"scaleType\": \"Standard\",\r\n        \"chatCompletion\": \"true\"\r\n      },\r\n      \"deprecation\": {\r\n        \"inference\": \"2024-01-15T00:00:00Z\"\r\n      },\r\n      \"lifecycleStatus\": \"GenerallyAvailable\",\r\n      \"systemData\": {\r\n        \"createdBy\": \"Microsoft\",\r\n        \"createdByType\": \"Application\",\r\n        \"createdAt\": \"2023-06-19T00:00:00Z\",\r\n        \"lastModifiedBy\": \"Microsoft\",\r\n        \"lastModifiedByType\": \"Application\",\r\n        \"lastModifiedAt\": \"2023-06-19T00:00:00Z\"\r\n      },\r\n      \"canBeDeployed\": true\r\n    },\r\n    {\r\n      \"format\": \"OpenAI\",\r\n      \"name\": \"text-davinci-003\",\r\n      \"version\": \"1\",\r\n      \"isDefaultVersion\": false,\r\n      \"skus\": [\r\n        {\r\n          \"name\": \"Standard\",\r\n          \"usageName\": \"OpenAI.Standard.text-davinci-003\",\r\n          \"capacity\": {\r\n            \"maximum\": 5000,\r\n            \"default\": 60\r\n          },\r\n          \"deprecationDate\": \"2024-09-30T00:00:00Z\",\r\n          \"ratelimits\": [\r\n            {\r\n              \"key\": \"request\",\r\n              \"renewalPeriod\": 10,\r\n              \"count\": 1\r\n            },\r\n            {\r\n              \"key\": \"token\",\r\n              \"renewalPeriod\": 60,\r\n              \"count\": 1000\r\n            }\r\n          ]\r\n        },\r\n        {\r\n          \"name\": \"Dedicated\",\r\n          \"usageName\": \"OpenAI.Dedicated.text-davinci-003\",\r\n          \"capacity\": {\r\n            \"minimum\": 1,\r\n            \"maximum\": 30\r\n          },\r\n          \"deprecationDate\": \"2025-04-03T00:00:00Z\",\r\n          \"ratelimits\": [\r\n            {\r\n              \"key\": \"request\",\r\n              \"renewalPeriod\": 1,\r\n              \"count\": 30\r\n            }\r\n          ]\r\n        }\r\n      ],\r\n      \"maxCapacity\": 3,\r\n      \"capabilities\": {\r\n        \"scaleType\": \"Manual,Standard\",\r\n        \"completion\": \"true\",\r\n        \"search\": \"true\"\r\n      },\r\n      \"deprecation\": {\r\n        \"inference\": \"2024-09-30T00:00:00Z\"\r\n      },\r\n      \"lifecycleStatus\": \"Preview\",\r\n      \"systemData\": {\r\n        \"createdBy\": \"Microsoft\",\r\n        \"createdAt\": \"2022-09-30T00:00:00Z\",\r\n        \"lastModifiedBy\": \"Microsoft\",\r\n        \"lastModifiedAt\": \"2022-09-30T00:00:00Z\"\r\n      },\r\n      \"canBeDeployed\": true\r\n    },\r\n    {\r\n      \"format\": \"OpenAI\",\r\n      \"name\": \"text-davinci-fine-tune-002\",\r\n      \"version\": \"1\",\r\n      \"isDefaultVersion\": false,\r\n      \"skus\": [\r\n        {\r\n          \"name\": \"Standard\",\r\n          \"usageName\": \"OpenAI.Standard.text-davinci-fine-tune-002\",\r\n          \"capacity\": {\r\n            \"maximum\": 10000,\r\n            \"default\": 120\r\n          },\r\n          \"deprecationDate\": \"2024-03-01T00:00:00Z\",\r\n          \"ratelimits\": [\r\n            {\r\n              \"key\": \"request\",\r\n              \"renewalPeriod\": 10,\r\n              \"count\": 1\r\n            },\r\n            {\r\n              \"key\": \"token\",\r\n              \"renewalPeriod\": 60,\r\n              \"count\": 1000\r\n            }\r\n          ]\r\n        }\r\n      ],\r\n      \"maxCapacity\": 3,\r\n      \"capabilities\": {\r\n        \"fineTune\": \"true\",\r\n        \"inference\": \"false\",\r\n        \"scaleType\": \"Manual,Standard\",\r\n        \"completion\": \"true\",\r\n        \"search\": \"true\",\r\n        \"FineTuneTokensMaxValue\": \"2000000000\",\r\n        \"maxStandardFinetuneDeploymentCount\": \"2\"\r\n      },\r\n      \"finetuneCapabilities\": {\r\n        \"scaleType\": \"Manual,Standard\",\r\n        \"completion\": \"true\",\r\n        \"search\": \"true\",\r\n        \"FineTuneTokensMaxValue\": \"2000000000\",\r\n        \"maxStandardFinetuneDeploymentCount\": \"2\"\r\n      },\r\n      \"deprecation\": {\r\n        \"fineTune\": \"2024-03-01T00:00:00Z\",\r\n        \"inference\": \"2024-08-02T00:00:00Z\"\r\n      },\r\n      \"lifecycleStatus\": \"Preview\",\r\n      \"systemData\": {\r\n        \"createdBy\": \"Microsoft\",\r\n        \"createdAt\": \"2022-08-02T00:00:00Z\",\r\n        \"lastModifiedBy\": \"Microsoft\",\r\n        \"lastModifiedAt\": \"2022-08-02T00:00:00Z\"\r\n      },\r\n      \"canBeDeployed\": true\r\n    },\r\n    {\r\n      \"format\": \"OpenAI\",\r\n      \"name\": \"code-cushman-001\",\r\n      \"version\": \"1\",\r\n      \"isDefaultVersion\": false,\r\n      \"skus\": [\r\n        {\r\n          \"name\": \"Dedicated\",\r\n          \"usageName\": \"OpenAI.Dedicated.code-cushman-001\",\r\n          \"capacity\": {\r\n            \"minimum\": 1,\r\n            \"maximum\": 30\r\n          },\r\n          \"deprecationDate\": \"2025-04-03T00:00:00Z\",\r\n          \"ratelimits\": [\r\n            {\r\n              \"key\": \"request\",\r\n              \"renewalPeriod\": 1,\r\n              \"count\": 30\r\n            }\r\n          ]\r\n        }\r\n      ],\r\n      \"maxCapacity\": 3,\r\n      \"capabilities\": {\r\n        \"fineTune\": \"true\",\r\n        \"scaleType\": \"Manual\",\r\n        \"completion\": \"true\",\r\n        \"search\": \"true\",\r\n        \"FineTuneTokensMaxValue\": \"2000000000\"\r\n      },\r\n      \"finetuneCapabilities\": {\r\n        \"scaleType\": \"Manual\",\r\n        \"completion\": \"true\",\r\n        \"search\": \"true\",\r\n        \"FineTuneTokensMaxValue\": \"2000000000\"\r\n      },\r\n      \"deprecation\": {\r\n        \"fineTune\": \"2024-01-15T00:00:00Z\",\r\n        \"inference\": \"2024-10-15T00:00:00Z\"\r\n      },\r\n      \"lifecycleStatus\": \"Preview\",\r\n      \"systemData\": {\r\n        \"createdBy\": \"Microsoft\",\r\n        \"createdAt\": \"2022-01-22T00:00:00Z\",\r\n        \"lastModifiedBy\": \"Microsoft\",\r\n        \"lastModifiedAt\": \"2022-01-22T00:00:00Z\"\r\n      },\r\n      \"canBeDeployed\": true\r\n    },\r\n    {\r\n      \"format\": \"OpenAI\",\r\n      \"name\": \"code-cushman-002\",\r\n      \"version\": \"1\",\r\n      \"isDefaultVersion\": false,\r\n      \"skus\": [\r\n        {\r\n          \"name\": \"Standard\",\r\n          \"usageName\": \"OpenAI.Standard.code-cushman-002\",\r\n          \"capacity\": {\r\n            \"maximum\": 5000,\r\n            \"default\": 120\r\n          },\r\n          \"deprecationDate\": \"2024-01-15T00:00:00Z\",\r\n          \"ratelimits\": [\r\n            {\r\n              \"key\": \"request\",\r\n              \"renewalPeriod\": 10,\r\n              \"count\": 1\r\n            },\r\n            {\r\n              \"key\": \"token\",\r\n              \"renewalPeriod\": 60,\r\n              \"count\": 1000\r\n            }\r\n          ]\r\n        }\r\n      ],\r\n      \"maxCapacity\": 3,\r\n      \"capabilities\": {\r\n        \"scaleType\": \"Manual,Standard\",\r\n        \"completion\": \"true\",\r\n        \"search\": \"true\"\r\n      },\r\n      \"deprecation\": {\r\n        \"fineTune\": \"2024-01-15T00:00:00Z\",\r\n        \"inference\": \"2024-10-15T00:00:00Z\"\r\n      },\r\n      \"lifecycleStatus\": \"Preview\",\r\n      \"systemData\": {\r\n        \"createdBy\": \"Microsoft\",\r\n        \"createdAt\": \"2022-10-12T00:00:00Z\",\r\n        \"lastModifiedBy\": \"Microsoft\",\r\n        \"lastModifiedAt\": \"2022-10-12T00:00:00Z\"\r\n      },\r\n      \"canBeDeployed\": true\r\n    },\r\n    {\r\n      \"format\": \"OpenAI\",\r\n      \"name\": \"code-cushman-fine-tune-002\",\r\n      \"version\": \"1\",\r\n      \"isDefaultVersion\": false,\r\n      \"skus\": [\r\n        {\r\n          \"name\": \"Standard\",\r\n          \"usageName\": \"OpenAI.Standard.code-cushman-fine-tune-002\",\r\n          \"capacity\": {\r\n            \"maximum\": 10000,\r\n            \"default\": 120\r\n          },\r\n          \"deprecationDate\": \"2024-03-01T00:00:00Z\",\r\n          \"ratelimits\": [\r\n            {\r\n              \"key\": \"request\",\r\n              \"renewalPeriod\": 10,\r\n              \"count\": 1\r\n            },\r\n            {\r\n              \"key\": \"token\",\r\n              \"renewalPeriod\": 60,\r\n              \"count\": 1000\r\n            }\r\n          ]\r\n        }\r\n      ],\r\n      \"maxCapacity\": 3,\r\n      \"capabilities\": {\r\n        \"inference\": \"false\",\r\n        \"fineTune\": \"true\",\r\n        \"scaleType\": \"Manual\",\r\n        \"completion\": \"true\",\r\n        \"FineTuneTokensMaxValue\": \"2000000000\"\r\n      },\r\n      \"finetuneCapabilities\": {\r\n        \"scaleType\": \"Manual\",\r\n        \"completion\": \"true\",\r\n        \"FineTuneTokensMaxValue\": \"2000000000\"\r\n      },\r\n      \"deprecation\": {\r\n        \"fineTune\": \"2024-02-27T00:00:00Z\",\r\n        \"inference\": \"2025-02-27T00:00:00Z\"\r\n      },\r\n      \"lifecycleStatus\": \"Preview\",\r\n      \"systemData\": {\r\n        \"createdBy\": \"Microsoft\",\r\n        \"createdAt\": \"2023-02-27T00:00:00Z\",\r\n        \"lastModifiedBy\": \"Microsoft\",\r\n        \"lastModifiedAt\": \"2023-02-27T00:00:00Z\"\r\n      },\r\n      \"canBeDeployed\": true\r\n    },\r\n    {\r\n      \"format\": \"OpenAI\",\r\n      \"name\": \"code-davinci-002\",\r\n      \"version\": \"1\",\r\n      \"isDefaultVersion\": false,\r\n      \"skus\": [\r\n        {\r\n          \"name\": \"Standard\",\r\n          \"usageName\": \"OpenAI.Standard.code-davinci-002\",\r\n          \"capacity\": {\r\n            \"maximum\": 10000,\r\n            \"default\": 120\r\n          },\r\n          \"deprecationDate\": \"2024-07-11T00:00:00Z\",\r\n          \"ratelimits\": [\r\n            {\r\n              \"key\": \"request\",\r\n              \"renewalPeriod\": 10,\r\n              \"count\": 1\r\n            },\r\n            {\r\n              \"key\": \"token\",\r\n              \"renewalPeriod\": 60,\r\n              \"count\": 1000\r\n            }\r\n          ]\r\n        }\r\n      ],\r\n      \"maxCapacity\": 3,\r\n      \"capabilities\": {\r\n        \"scaleType\": \"Manual,Standard\",\r\n        \"completion\": \"true\",\r\n        \"search\": \"true\"\r\n      },\r\n      \"deprecation\": {\r\n        \"inference\": \"2024-07-11T00:00:00Z\"\r\n      },\r\n      \"lifecycleStatus\": \"Preview\",\r\n      \"systemData\": {\r\n        \"createdBy\": \"Microsoft\",\r\n        \"createdAt\": \"2022-07-11T00:00:00Z\",\r\n        \"lastModifiedBy\": \"Microsoft\",\r\n        \"lastModifiedAt\": \"2022-07-11T00:00:00Z\"\r\n      },\r\n      \"canBeDeployed\": true\r\n    },\r\n    {\r\n      \"format\": \"OpenAI\",\r\n      \"name\": \"code-davinci-fine-tune-002\",\r\n      \"version\": \"1\",\r\n      \"isDefaultVersion\": false,\r\n      \"skus\": [\r\n        {\r\n          \"name\": \"Standard\",\r\n          \"usageName\": \"OpenAI.Standard.code-davinci-fine-tune-002\",\r\n          \"capacity\": {\r\n            \"maximum\": 10000,\r\n            \"default\": 120\r\n          },\r\n          \"deprecationDate\": \"2024-03-01T00:00:00Z\",\r\n          \"ratelimits\": [\r\n            {\r\n              \"key\": \"request\",\r\n              \"renewalPeriod\": 10,\r\n              \"count\": 1\r\n            },\r\n            {\r\n              \"key\": \"token\",\r\n              \"renewalPeriod\": 60,\r\n              \"count\": 1000\r\n            }\r\n          ]\r\n        }\r\n      ],\r\n      \"maxCapacity\": 3,\r\n      \"capabilities\": {\r\n        \"fineTune\": \"true\",\r\n        \"inference\": \"false\",\r\n        \"scaleType\": \"Manual,Standard\",\r\n        \"completion\": \"true\",\r\n        \"FineTuneTokensMaxValue\": \"2000000000\",\r\n        \"maxStandardFinetuneDeploymentCount\": \"2\"\r\n      },\r\n      \"finetuneCapabilities\": {\r\n        \"scaleType\": \"Manual,Standard\",\r\n        \"completion\": \"true\",\r\n        \"FineTuneTokensMaxValue\": \"2000000000\",\r\n        \"maxStandardFinetuneDeploymentCount\": \"2\"\r\n      },\r\n      \"deprecation\": {\r\n        \"fineTune\": \"2024-01-15T00:00:00Z\",\r\n        \"inference\": \"2025-10-15T00:00:00Z\"\r\n      },\r\n      \"lifecycleStatus\": \"GenerallyAvailable\",\r\n      \"systemData\": {\r\n        \"createdBy\": \"Microsoft\",\r\n        \"createdAt\": \"2022-09-07T00:00:00Z\",\r\n        \"lastModifiedBy\": \"Microsoft\",\r\n        \"lastModifiedAt\": \"2022-09-07T00:00:00Z\"\r\n      },\r\n      \"canBeDeployed\": true\r\n    },\r\n    {\r\n      \"format\": \"OpenAI\",\r\n      \"name\": \"text-similarity-ada-001\",\r\n      \"version\": \"1\",\r\n      \"isDefaultVersion\": false,\r\n      \"skus\": [\r\n        {\r\n          \"name\": \"Standard\",\r\n          \"usageName\": \"OpenAI.Standard.text-similarity-ada-001\",\r\n          \"capacity\": {\r\n            \"maximum\": 10000,\r\n            \"default\": 120\r\n          },\r\n          \"deprecationDate\": \"2024-05-20T00:00:00Z\",\r\n          \"ratelimits\": [\r\n            {\r\n              \"key\": \"request\",\r\n              \"renewalPeriod\": 10,\r\n              \"count\": 1\r\n            },\r\n            {\r\n              \"key\": \"token\",\r\n              \"renewalPeriod\": 60,\r\n              \"count\": 1000\r\n            }\r\n          ]\r\n        }\r\n      ],\r\n      \"maxCapacity\": 3,\r\n      \"capabilities\": {\r\n        \"scaleType\": \"Manual,Standard\",\r\n        \"embeddings\": \"true\",\r\n        \"embeddingsMaxInputs\": \"1\"\r\n      },\r\n      \"deprecation\": {\r\n        \"inference\": \"2024-05-20T00:00:00Z\"\r\n      },\r\n      \"lifecycleStatus\": \"Preview\",\r\n      \"systemData\": {\r\n        \"createdBy\": \"Microsoft\",\r\n        \"createdAt\": \"2022-05-20T00:00:00Z\",\r\n        \"lastModifiedBy\": \"Microsoft\",\r\n        \"lastModifiedAt\": \"2022-05-20T00:00:00Z\"\r\n      },\r\n      \"canBeDeployed\": true\r\n    },\r\n    {\r\n      \"format\": \"OpenAI\",\r\n      \"name\": \"text-similarity-babbage-001\",\r\n      \"version\": \"1\",\r\n      \"isDefaultVersion\": false,\r\n      \"skus\": [],\r\n      \"maxCapacity\": 3,\r\n      \"capabilities\": {\r\n        \"scaleType\": \"Manual\",\r\n        \"embeddings\": \"true\",\r\n        \"embeddingsMaxInputs\": \"1\"\r\n      },\r\n      \"deprecation\": {\r\n        \"inference\": \"2024-05-20T00:00:00Z\"\r\n      },\r\n      \"lifecycleStatus\": \"Preview\",\r\n      \"systemData\": {\r\n        \"createdBy\": \"Microsoft\",\r\n        \"createdAt\": \"2022-05-20T00:00:00Z\",\r\n        \"lastModifiedBy\": \"Microsoft\",\r\n        \"lastModifiedAt\": \"2022-05-20T00:00:00Z\"\r\n      },\r\n      \"canBeDeployed\": true\r\n    },\r\n    {\r\n      \"format\": \"OpenAI\",\r\n      \"name\": \"text-similarity-curie-001\",\r\n      \"version\": \"1\",\r\n      \"isDefaultVersion\": false,\r\n      \"skus\": [\r\n        {\r\n          \"name\": \"Standard\",\r\n          \"usageName\": \"OpenAI.Standard.text-similarity-curie-001\",\r\n          \"capacity\": {\r\n            \"maximum\": 10000,\r\n            \"default\": 120\r\n          },\r\n          \"deprecationDate\": \"2024-05-20T00:00:00Z\",\r\n          \"ratelimits\": [\r\n            {\r\n              \"key\": \"request\",\r\n              \"renewalPeriod\": 10,\r\n              \"count\": 1\r\n            },\r\n            {\r\n              \"key\": \"token\",\r\n              \"renewalPeriod\": 60,\r\n              \"count\": 1000\r\n            }\r\n          ]\r\n        }\r\n      ],\r\n      \"maxCapacity\": 3,\r\n      \"capabilities\": {\r\n        \"scaleType\": \"Manual,Standard\",\r\n        \"embeddings\": \"true\",\r\n        \"embeddingsMaxInputs\": \"1\"\r\n      },\r\n      \"deprecation\": {\r\n        \"inference\": \"2024-05-20T00:00:00Z\"\r\n      },\r\n      \"lifecycleStatus\": \"Preview\",\r\n      \"systemData\": {\r\n        \"createdBy\": \"Microsoft\",\r\n        \"createdAt\": \"2022-05-20T00:00:00Z\",\r\n        \"lastModifiedBy\": \"Microsoft\",\r\n        \"lastModifiedAt\": \"2022-05-20T00:00:00Z\"\r\n      },\r\n      \"canBeDeployed\": true\r\n    },\r\n    {\r\n      \"format\": \"OpenAI\",\r\n      \"name\": \"text-similarity-davinci-001\",\r\n      \"version\": \"1\",\r\n      \"isDefaultVersion\": false,\r\n      \"skus\": [\r\n        {\r\n          \"name\": \"Dedicated\",\r\n          \"usageName\": \"OpenAI.Dedicated.text-similarity-davinci-001\",\r\n          \"capacity\": {\r\n            \"minimum\": 1,\r\n            \"maximum\": 30\r\n          },\r\n          \"deprecationDate\": \"2025-04-03T00:00:00Z\",\r\n          \"ratelimits\": [\r\n            {\r\n              \"key\": \"request\",\r\n              \"renewalPeriod\": 1,\r\n              \"count\": 30\r\n            }\r\n          ]\r\n        }\r\n      ],\r\n      \"maxCapacity\": 3,\r\n      \"capabilities\": {\r\n        \"scaleType\": \"Manual\",\r\n        \"embeddings\": \"true\",\r\n        \"embeddingsMaxInputs\": \"1\"\r\n      },\r\n      \"deprecation\": {\r\n        \"inference\": \"2024-05-20T00:00:00Z\"\r\n      },\r\n      \"lifecycleStatus\": \"Preview\",\r\n      \"systemData\": {\r\n        \"createdBy\": \"Microsoft\",\r\n        \"createdAt\": \"2022-05-20T00:00:00Z\",\r\n        \"lastModifiedBy\": \"Microsoft\",\r\n        \"lastModifiedAt\": \"2022-05-20T00:00:00Z\"\r\n      },\r\n      \"canBeDeployed\": true\r\n    },\r\n    {\r\n      \"format\": \"OpenAI\",\r\n      \"name\": \"text-search-ada-doc-001\",\r\n      \"version\": \"1\",\r\n      \"isDefaultVersion\": false,\r\n      \"skus\": [],\r\n      \"maxCapacity\": 3,\r\n      \"capabilities\": {\r\n        \"scaleType\": \"Manual\",\r\n        \"embeddings\": \"true\",\r\n        \"embeddingsMaxInputs\": \"1\"\r\n      },\r\n      \"deprecation\": {\r\n        \"inference\": \"2024-05-20T00:00:00Z\"\r\n      },\r\n      \"lifecycleStatus\": \"Preview\",\r\n      \"systemData\": {\r\n        \"createdBy\": \"Microsoft\",\r\n        \"createdAt\": \"2022-05-20T00:00:00Z\",\r\n        \"lastModifiedBy\": \"Microsoft\",\r\n        \"lastModifiedAt\": \"2022-05-20T00:00:00Z\"\r\n      },\r\n      \"canBeDeployed\": true\r\n    },\r\n    {\r\n      \"format\": \"OpenAI\",\r\n      \"name\": \"text-search-ada-query-001\",\r\n      \"version\": \"1\",\r\n      \"isDefaultVersion\": false,\r\n      \"skus\": [],\r\n      \"maxCapacity\": 3,\r\n      \"capabilities\": {\r\n        \"scaleType\": \"Manual\",\r\n        \"embeddings\": \"true\",\r\n        \"embeddingsMaxInputs\": \"1\"\r\n      },\r\n      \"deprecation\": {\r\n        \"inference\": \"2024-05-20T00:00:00Z\"\r\n      },\r\n      \"lifecycleStatus\": \"Preview\",\r\n      \"systemData\": {\r\n        \"createdBy\": \"Microsoft\",\r\n        \"createdAt\": \"2022-05-20T00:00:00Z\",\r\n        \"lastModifiedBy\": \"Microsoft\",\r\n        \"lastModifiedAt\": \"2022-05-20T00:00:00Z\"\r\n      },\r\n      \"canBeDeployed\": true\r\n    },\r\n    {\r\n      \"format\": \"OpenAI\",\r\n      \"name\": \"text-search-babbage-doc-001\",\r\n      \"version\": \"1\",\r\n      \"isDefaultVersion\": false,\r\n      \"skus\": [],\r\n      \"maxCapacity\": 3,\r\n      \"capabilities\": {\r\n        \"scaleType\": \"Manual\",\r\n        \"embeddings\": \"true\",\r\n        \"embeddingsMaxInputs\": \"1\"\r\n      },\r\n      \"deprecation\": {\r\n        \"inference\": \"2024-05-20T00:00:00Z\"\r\n      },\r\n      \"lifecycleStatus\": \"Preview\",\r\n      \"systemData\": {\r\n        \"createdBy\": \"Microsoft\",\r\n        \"createdAt\": \"2022-05-20T00:00:00Z\",\r\n        \"lastModifiedBy\": \"Microsoft\",\r\n        \"lastModifiedAt\": \"2022-05-20T00:00:00Z\"\r\n      },\r\n      \"canBeDeployed\": true\r\n    },\r\n    {\r\n      \"format\": \"OpenAI\",\r\n      \"name\": \"text-search-babbage-query-001\",\r\n      \"version\": \"1\",\r\n      \"isDefaultVersion\": false,\r\n      \"skus\": [],\r\n      \"maxCapacity\": 3,\r\n      \"capabilities\": {\r\n        \"scaleType\": \"Manual\",\r\n        \"embeddings\": \"true\",\r\n        \"embeddingsMaxInputs\": \"1\"\r\n      },\r\n      \"deprecation\": {\r\n        \"inference\": \"2024-05-20T00:00:00Z\"\r\n      },\r\n      \"lifecycleStatus\": \"Preview\",\r\n      \"systemData\": {\r\n        \"createdBy\": \"Microsoft\",\r\n        \"createdAt\": \"2022-05-20T00:00:00Z\",\r\n        \"lastModifiedBy\": \"Microsoft\",\r\n        \"lastModifiedAt\": \"2022-05-20T00:00:00Z\"\r\n      },\r\n      \"canBeDeployed\": true\r\n    },\r\n    {\r\n      \"format\": \"OpenAI\",\r\n      \"name\": \"text-search-curie-doc-001\",\r\n      \"version\": \"1\",\r\n      \"isDefaultVersion\": false,\r\n      \"skus\": [],\r\n      \"maxCapacity\": 3,\r\n      \"capabilities\": {\r\n        \"scaleType\": \"Manual\",\r\n        \"embeddings\": \"true\",\r\n        \"embeddingsMaxInputs\": \"1\"\r\n      },\r\n      \"deprecation\": {\r\n        \"inference\": \"2024-05-20T00:00:00Z\"\r\n      },\r\n      \"lifecycleStatus\": \"Preview\",\r\n      \"systemData\": {\r\n        \"createdBy\": \"Microsoft\",\r\n        \"createdAt\": \"2022-05-20T00:00:00Z\",\r\n        \"lastModifiedBy\": \"Microsoft\",\r\n        \"lastModifiedAt\": \"2022-05-20T00:00:00Z\"\r\n      },\r\n      \"canBeDeployed\": true\r\n    },\r\n    {\r\n      \"format\": \"OpenAI\",\r\n      \"name\": \"text-search-curie-query-001\",\r\n      \"version\": \"1\",\r\n      \"isDefaultVersion\": false,\r\n      \"skus\": [],\r\n      \"maxCapacity\": 3,\r\n      \"capabilities\": {\r\n        \"scaleType\": \"Manual\",\r\n        \"embeddings\": \"true\",\r\n        \"embeddingsMaxInputs\": \"1\"\r\n      },\r\n      \"deprecation\": {\r\n        \"inference\": \"2024-05-20T00:00:00Z\"\r\n      },\r\n      \"lifecycleStatus\": \"Preview\",\r\n      \"systemData\": {\r\n        \"createdBy\": \"Microsoft\",\r\n        \"createdAt\": \"2022-05-20T00:00:00Z\",\r\n        \"lastModifiedBy\": \"Microsoft\",\r\n        \"lastModifiedAt\": \"2022-05-20T00:00:00Z\"\r\n      },\r\n      \"canBeDeployed\": true\r\n    },\r\n    {\r\n      \"format\": \"OpenAI\",\r\n      \"name\": \"text-search-davinci-doc-001\",\r\n      \"version\": \"1\",\r\n      \"isDefaultVersion\": false,\r\n      \"skus\": [],\r\n      \"maxCapacity\": 3,\r\n      \"capabilities\": {\r\n        \"scaleType\": \"Manual\",\r\n        \"embeddings\": \"true\",\r\n        \"embeddingsMaxInputs\": \"1\"\r\n      },\r\n      \"deprecation\": {\r\n        \"inference\": \"2024-05-20T00:00:00Z\"\r\n      },\r\n      \"lifecycleStatus\": \"Preview\",\r\n      \"systemData\": {\r\n        \"createdBy\": \"Microsoft\",\r\n        \"createdAt\": \"2022-05-20T00:00:00Z\",\r\n        \"lastModifiedBy\": \"Microsoft\",\r\n        \"lastModifiedAt\": \"2022-05-20T00:00:00Z\"\r\n      },\r\n      \"canBeDeployed\": true\r\n    },\r\n    {\r\n      \"format\": \"OpenAI\",\r\n      \"name\": \"text-search-davinci-query-001\",\r\n      \"version\": \"1\",\r\n      \"isDefaultVersion\": false,\r\n      \"skus\": [],\r\n      \"maxCapacity\": 3,\r\n      \"capabilities\": {\r\n        \"scaleType\": \"Manual\",\r\n        \"embeddings\": \"true\",\r\n        \"embeddingsMaxInputs\": \"1\"\r\n      },\r\n      \"deprecation\": {\r\n        \"inference\": \"2024-05-20T00:00:00Z\"\r\n      },\r\n      \"lifecycleStatus\": \"Preview\",\r\n      \"systemData\": {\r\n        \"createdBy\": \"Microsoft\",\r\n        \"createdAt\": \"2022-05-20T00:00:00Z\",\r\n        \"lastModifiedBy\": \"Microsoft\",\r\n        \"lastModifiedAt\": \"2022-05-20T00:00:00Z\"\r\n      },\r\n      \"canBeDeployed\": true\r\n    },\r\n    {\r\n      \"format\": \"OpenAI\",\r\n      \"name\": \"code-search-ada-code-001\",\r\n      \"version\": \"1\",\r\n      \"isDefaultVersion\": false,\r\n      \"skus\": [],\r\n      \"maxCapacity\": 3,\r\n      \"capabilities\": {\r\n        \"scaleType\": \"Manual\",\r\n        \"embeddings\": \"true\",\r\n        \"embeddingsMaxInputs\": \"1\"\r\n      },\r\n      \"deprecation\": {\r\n        \"inference\": \"2024-05-20T00:00:00Z\"\r\n      },\r\n      \"lifecycleStatus\": \"Preview\",\r\n      \"systemData\": {\r\n        \"createdBy\": \"Microsoft\",\r\n        \"createdAt\": \"2022-05-20T00:00:00Z\",\r\n        \"lastModifiedBy\": \"Microsoft\",\r\n        \"lastModifiedAt\": \"2022-05-20T00:00:00Z\"\r\n      },\r\n      \"canBeDeployed\": true\r\n    },\r\n    {\r\n      \"format\": \"OpenAI\",\r\n      \"name\": \"code-search-ada-text-001\",\r\n      \"version\": \"1\",\r\n      \"isDefaultVersion\": false,\r\n      \"skus\": [],\r\n      \"maxCapacity\": 3,\r\n      \"capabilities\": {\r\n        \"scaleType\": \"Manual\",\r\n        \"embeddings\": \"true\",\r\n        \"embeddingsMaxInputs\": \"1\"\r\n      },\r\n      \"deprecation\": {\r\n        \"inference\": \"2024-05-20T00:00:00Z\"\r\n      },\r\n      \"lifecycleStatus\": \"Preview\",\r\n      \"systemData\": {\r\n        \"createdBy\": \"Microsoft\",\r\n        \"createdAt\": \"2022-05-20T00:00:00Z\",\r\n        \"lastModifiedBy\": \"Microsoft\",\r\n        \"lastModifiedAt\": \"2022-05-20T00:00:00Z\"\r\n      },\r\n      \"canBeDeployed\": true\r\n    },\r\n    {\r\n      \"format\": \"OpenAI\",\r\n      \"name\": \"code-search-babbage-code-001\",\r\n      \"version\": \"1\",\r\n      \"isDefaultVersion\": false,\r\n      \"skus\": [],\r\n      \"maxCapacity\": 3,\r\n      \"capabilities\": {\r\n        \"scaleType\": \"Manual\",\r\n        \"embeddings\": \"true\",\r\n        \"embeddingsMaxInputs\": \"1\"\r\n      },\r\n      \"deprecation\": {\r\n        \"inference\": \"2024-05-20T00:00:00Z\"\r\n      },\r\n      \"lifecycleStatus\": \"Preview\",\r\n      \"systemData\": {\r\n        \"createdBy\": \"Microsoft\",\r\n        \"createdAt\": \"2022-05-20T00:00:00Z\",\r\n        \"lastModifiedBy\": \"Microsoft\",\r\n        \"lastModifiedAt\": \"2022-05-20T00:00:00Z\"\r\n      },\r\n      \"canBeDeployed\": true\r\n    },\r\n    {\r\n      \"format\": \"OpenAI\",\r\n      \"name\": \"code-search-babbage-text-001\",\r\n      \"version\": \"1\",\r\n      \"isDefaultVersion\": false,\r\n      \"skus\": [],\r\n      \"maxCapacity\": 3,\r\n      \"capabilities\": {\r\n        \"scaleType\": \"Manual\",\r\n        \"embeddings\": \"true\",\r\n        \"embeddingsMaxInputs\": \"1\"\r\n      },\r\n      \"deprecation\": {\r\n        \"inference\": \"2024-05-20T00:00:00Z\"\r\n      },\r\n      \"lifecycleStatus\": \"Preview\",\r\n      \"systemData\": {\r\n        \"createdBy\": \"Microsoft\",\r\n        \"createdAt\": \"2022-05-20T00:00:00Z\",\r\n        \"lastModifiedBy\": \"Microsoft\",\r\n        \"lastModifiedAt\": \"2022-05-20T00:00:00Z\"\r\n      },\r\n      \"canBeDeployed\": true\r\n    },\r\n    {\r\n      \"format\": \"OpenAI\",\r\n      \"name\": \"cushman-dax-001\",\r\n      \"version\": \"1\",\r\n      \"isDefaultVersion\": false,\r\n      \"skus\": [],\r\n      \"maxCapacity\": 3,\r\n      \"capabilities\": {\r\n        \"scaleType\": \"Manual\",\r\n        \"completion\": \"true\",\r\n        \"search\": \"true\"\r\n      },\r\n      \"deprecation\": {\r\n        \"fineTune\": \"2024-03-01T00:00:00Z\",\r\n        \"inference\": \"2024-03-01T00:00:00Z\"\r\n      },\r\n      \"lifecycleStatus\": \"Preview\",\r\n      \"systemData\": {\r\n        \"createdBy\": \"Microsoft\",\r\n        \"createdAt\": \"2022-03-01T00:00:00Z\",\r\n        \"lastModifiedBy\": \"Microsoft\",\r\n        \"lastModifiedAt\": \"2022-03-01T00:00:00Z\"\r\n      },\r\n      \"canBeDeployed\": true\r\n    },\r\n    {\r\n      \"format\": \"OpenAI\",\r\n      \"name\": \"cushman-form-001\",\r\n      \"version\": \"1\",\r\n      \"isDefaultVersion\": false,\r\n      \"skus\": [],\r\n      \"maxCapacity\": 3,\r\n      \"capabilities\": {\r\n        \"scaleType\": \"Manual\",\r\n        \"completion\": \"true\",\r\n        \"search\": \"true\"\r\n      },\r\n      \"deprecation\": {\r\n        \"fineTune\": \"2024-03-01T00:00:00Z\",\r\n        \"inference\": \"2024-03-01T00:00:00Z\"\r\n      },\r\n      \"lifecycleStatus\": \"Preview\",\r\n      \"systemData\": {\r\n        \"createdBy\": \"Microsoft\",\r\n        \"createdAt\": \"2022-03-01T00:00:00Z\",\r\n        \"lastModifiedBy\": \"Microsoft\",\r\n        \"lastModifiedAt\": \"2022-03-01T00:00:00Z\"\r\n      },\r\n      \"canBeDeployed\": true\r\n    },\r\n    {\r\n      \"format\": \"OpenAI\",\r\n      \"name\": \"cushman-form-002\",\r\n      \"version\": \"2\",\r\n      \"isDefaultVersion\": false,\r\n      \"skus\": [],\r\n      \"maxCapacity\": 3,\r\n      \"capabilities\": {\r\n        \"scaleType\": \"Manual\",\r\n        \"completion\": \"true\",\r\n        \"search\": \"true\"\r\n      },\r\n      \"deprecation\": {\r\n        \"fineTune\": \"2024-03-01T00:00:00Z\",\r\n        \"inference\": \"2024-03-01T00:00:00Z\"\r\n      },\r\n      \"lifecycleStatus\": \"Preview\",\r\n      \"systemData\": {\r\n        \"createdBy\": \"Microsoft\",\r\n        \"createdAt\": \"2022-03-01T00:00:00Z\",\r\n        \"lastModifiedBy\": \"Microsoft\",\r\n        \"lastModifiedAt\": \"2022-03-01T00:00:00Z\"\r\n      },\r\n      \"canBeDeployed\": true\r\n    },\r\n    {\r\n      \"format\": \"OpenAI\",\r\n      \"name\": \"cushman-form-003\",\r\n      \"version\": \"1\",\r\n      \"isDefaultVersion\": false,\r\n      \"skus\": [],\r\n      \"maxCapacity\": 3,\r\n      \"capabilities\": {\r\n        \"scaleType\": \"Manual\",\r\n        \"completion\": \"true\",\r\n        \"search\": \"true\"\r\n      },\r\n      \"deprecation\": {\r\n        \"inference\": \"2024-11-30T00:00:00Z\"\r\n      },\r\n      \"lifecycleStatus\": \"Preview\",\r\n      \"systemData\": {\r\n        \"createdBy\": \"Microsoft\",\r\n        \"createdAt\": \"2022-11-30T00:00:00Z\",\r\n        \"lastModifiedBy\": \"Microsoft\",\r\n        \"lastModifiedAt\": \"2022-11-30T00:00:00Z\"\r\n      },\r\n      \"canBeDeployed\": true\r\n    },\r\n    {\r\n      \"format\": \"OpenAI\",\r\n      \"name\": \"code-nlsql-001\",\r\n      \"version\": \"1\",\r\n      \"isDefaultVersion\": false,\r\n      \"skus\": [],\r\n      \"maxCapacity\": 3,\r\n      \"capabilities\": {\r\n        \"scaleType\": \"Manual\",\r\n        \"completion\": \"true\",\r\n        \"search\": \"true\"\r\n      },\r\n      \"deprecation\": {\r\n        \"fineTune\": \"2024-03-01T00:00:00Z\",\r\n        \"inference\": \"2024-03-01T00:00:00Z\"\r\n      },\r\n      \"lifecycleStatus\": \"Preview\",\r\n      \"systemData\": {\r\n        \"createdBy\": \"Microsoft\",\r\n        \"createdAt\": \"2022-03-01T00:00:00Z\",\r\n        \"lastModifiedBy\": \"Microsoft\",\r\n        \"lastModifiedAt\": \"2022-03-01T00:00:00Z\"\r\n      },\r\n      \"canBeDeployed\": true\r\n    },\r\n    {\r\n      \"format\": \"OpenAI\",\r\n      \"name\": \"text-embedding-ada-002\",\r\n      \"version\": \"1\",\r\n      \"isDefaultVersion\": false,\r\n      \"skus\": [\r\n        {\r\n          \"name\": \"Standard\",\r\n          \"usageName\": \"OpenAI.Standard.text-embedding-ada-002\",\r\n          \"capacity\": {\r\n            \"maximum\": 10000,\r\n            \"default\": 120\r\n          },\r\n          \"deprecationDate\": \"2025-02-02T00:00:00Z\",\r\n          \"ratelimits\": [\r\n            {\r\n              \"key\": \"request\",\r\n              \"renewalPeriod\": 10,\r\n              \"count\": 1\r\n            },\r\n            {\r\n              \"key\": \"token\",\r\n              \"renewalPeriod\": 60,\r\n              \"count\": 1000\r\n            }\r\n          ]\r\n        }\r\n      ],\r\n      \"maxCapacity\": 3,\r\n      \"capabilities\": {\r\n        \"scaleType\": \"Standard\",\r\n        \"embeddings\": \"true\",\r\n        \"embeddingsMaxInputs\": \"1\"\r\n      },\r\n      \"deprecation\": {\r\n        \"inference\": \"2025-02-02T00:00:00Z\"\r\n      },\r\n      \"lifecycleStatus\": \"Preview\",\r\n      \"systemData\": {\r\n        \"createdBy\": \"Microsoft\",\r\n        \"createdByType\": \"Application\",\r\n        \"createdAt\": \"2023-02-02T00:00:00Z\",\r\n        \"lastModifiedBy\": \"Microsoft\",\r\n        \"lastModifiedByType\": \"Application\",\r\n        \"lastModifiedAt\": \"2023-02-02T00:00:00Z\"\r\n      },\r\n      \"canBeDeployed\": true\r\n    },\r\n    {\r\n      \"format\": \"OpenAI\",\r\n      \"name\": \"text-embedding-ada-002\",\r\n      \"version\": \"2\",\r\n      \"isDefaultVersion\": true,\r\n      \"skus\": [\r\n        {\r\n          \"name\": \"Standard\",\r\n          \"usageName\": \"OpenAI.Standard.text-embedding-ada-002\",\r\n          \"capacity\": {\r\n            \"maximum\": 10000,\r\n            \"default\": 120\r\n          },\r\n          \"deprecationDate\": \"2025-04-03T00:00:00Z\",\r\n          \"ratelimits\": [\r\n            {\r\n              \"key\": \"request\",\r\n              \"renewalPeriod\": 10,\r\n              \"count\": 1\r\n            },\r\n            {\r\n              \"key\": \"token\",\r\n              \"renewalPeriod\": 60,\r\n              \"count\": 1000\r\n            }\r\n          ]\r\n        }\r\n      ],\r\n      \"maxCapacity\": 3,\r\n      \"capabilities\": {\r\n        \"scaleType\": \"Standard,Manual\",\r\n        \"embeddings\": \"true\",\r\n        \"embeddingsMaxInputs\": \"1\"\r\n      },\r\n      \"deprecation\": {\r\n        \"inference\": \"2025-04-03T00:00:00Z\"\r\n      },\r\n      \"lifecycleStatus\": \"Preview\",\r\n      \"systemData\": {\r\n        \"createdBy\": \"Microsoft\",\r\n        \"createdByType\": \"Application\",\r\n        \"createdAt\": \"2023-04-03T00:00:00Z\",\r\n        \"lastModifiedBy\": \"Microsoft\",\r\n        \"lastModifiedByType\": \"Application\",\r\n        \"lastModifiedAt\": \"2023-04-03T00:00:00Z\"\r\n      },\r\n      \"canBeDeployed\": true\r\n    }\r\n  ]\r\n}",
      "StatusCode": 200
    },
    {
      "RequestUri": "/subscriptions/f9b96b36-1f5e-4021-8959-51527e26e6d3/resourcegroups/pstestrg9831?api-version=2016-09-01",
      "EncodedRequestUri": "L3N1YnNjcmlwdGlvbnMvZjliOTZiMzYtMWY1ZS00MDIxLTg5NTktNTE1MjdlMjZlNmQzL3Jlc291cmNlZ3JvdXBzL3BzdGVzdHJnOTgzMT9hcGktdmVyc2lvbj0yMDE2LTA5LTAx",
      "RequestMethod": "DELETE",
      "RequestHeaders": {
        "x-ms-client-request-id": [
          "0848f67c-7ce2-4ff0-9898-d84b6c2aecbc"
        ],
        "Accept-Language": [
          "en-US"
        ],
        "User-Agent": [
          "FxVersion/4.700.22.55902",
          "OSName/Windows",
          "OSVersion/Microsoft.Windows.10.0.22621",
          "Microsoft.Azure.Management.Internal.Resources.ResourceManagementClient/1.3.76"
        ]
      },
      "RequestBody": "",
      "ResponseHeaders": {
        "Cache-Control": [
          "no-cache"
        ],
        "Pragma": [
          "no-cache"
        ],
        "Location": [
          "https://management.azure.com/subscriptions/f9b96b36-1f5e-4021-8959-51527e26e6d3/operationresults/eyJqb2JJZCI6IlJFU09VUkNFR1JPVVBERUxFVElPTkpPQi1QU1RFU1RSRzk4MzEtRUFTVFVTIiwiam9iTG9jYXRpb24iOiJlYXN0dXMifQ?api-version=2016-09-01"
        ],
        "Retry-After": [
          "15"
        ],
        "x-ms-ratelimit-remaining-subscription-deletes": [
          "14999"
        ],
        "x-ms-request-id": [
          "7403fe76-851f-4773-adb1-5fe15d735e44"
        ],
        "x-ms-correlation-request-id": [
          "7403fe76-851f-4773-adb1-5fe15d735e44"
        ],
        "x-ms-routing-request-id": [
          "WESTUS2:20230622T212336Z:7403fe76-851f-4773-adb1-5fe15d735e44"
        ],
        "Strict-Transport-Security": [
          "max-age=31536000; includeSubDomains"
        ],
        "X-Content-Type-Options": [
          "nosniff"
        ],
        "Date": [
          "Thu, 22 Jun 2023 21:23:36 GMT"
        ],
        "Expires": [
          "-1"
        ],
        "Content-Length": [
          "0"
        ]
      },
      "ResponseBody": "",
      "StatusCode": 202
    },
    {
      "RequestUri": "/subscriptions/f9b96b36-1f5e-4021-8959-51527e26e6d3/operationresults/eyJqb2JJZCI6IlJFU09VUkNFR1JPVVBERUxFVElPTkpPQi1QU1RFU1RSRzk4MzEtRUFTVFVTIiwiam9iTG9jYXRpb24iOiJlYXN0dXMifQ?api-version=2016-09-01",
      "EncodedRequestUri": "L3N1YnNjcmlwdGlvbnMvZjliOTZiMzYtMWY1ZS00MDIxLTg5NTktNTE1MjdlMjZlNmQzL29wZXJhdGlvbnJlc3VsdHMvZXlKcWIySkpaQ0k2SWxKRlUwOVZVa05GUjFKUFZWQkVSVXhGVkVsUFRrcFBRaTFRVTFSRlUxUlNSems0TXpFdFJVRlRWRlZUSWl3aWFtOWlURzlqWVhScGIyNGlPaUpsWVhOMGRYTWlmUT9hcGktdmVyc2lvbj0yMDE2LTA5LTAx",
      "RequestMethod": "GET",
      "RequestHeaders": {
        "User-Agent": [
          "FxVersion/4.700.22.55902",
          "OSName/Windows",
          "OSVersion/Microsoft.Windows.10.0.22621",
          "Microsoft.Azure.Management.Internal.Resources.ResourceManagementClient/1.3.76"
        ]
      },
      "RequestBody": "",
      "ResponseHeaders": {
        "Cache-Control": [
          "no-cache"
        ],
        "Pragma": [
          "no-cache"
        ],
        "Location": [
          "https://management.azure.com/subscriptions/f9b96b36-1f5e-4021-8959-51527e26e6d3/operationresults/eyJqb2JJZCI6IlJFU09VUkNFR1JPVVBERUxFVElPTkpPQi1QU1RFU1RSRzk4MzEtRUFTVFVTIiwiam9iTG9jYXRpb24iOiJlYXN0dXMifQ?api-version=2016-09-01"
        ],
        "Retry-After": [
          "15"
        ],
        "x-ms-ratelimit-remaining-subscription-reads": [
          "11999"
        ],
        "x-ms-request-id": [
          "393042e3-1e24-4211-99f7-e7d4b3971880"
        ],
        "x-ms-correlation-request-id": [
          "393042e3-1e24-4211-99f7-e7d4b3971880"
        ],
        "x-ms-routing-request-id": [
          "WESTUS2:20230622T212351Z:393042e3-1e24-4211-99f7-e7d4b3971880"
        ],
        "Strict-Transport-Security": [
          "max-age=31536000; includeSubDomains"
        ],
        "X-Content-Type-Options": [
          "nosniff"
        ],
        "Date": [
          "Thu, 22 Jun 2023 21:23:51 GMT"
        ],
        "Expires": [
          "-1"
        ],
        "Content-Length": [
          "0"
        ]
      },
      "ResponseBody": "",
      "StatusCode": 202
    },
    {
      "RequestUri": "/subscriptions/f9b96b36-1f5e-4021-8959-51527e26e6d3/operationresults/eyJqb2JJZCI6IlJFU09VUkNFR1JPVVBERUxFVElPTkpPQi1QU1RFU1RSRzk4MzEtRUFTVFVTIiwiam9iTG9jYXRpb24iOiJlYXN0dXMifQ?api-version=2016-09-01",
      "EncodedRequestUri": "L3N1YnNjcmlwdGlvbnMvZjliOTZiMzYtMWY1ZS00MDIxLTg5NTktNTE1MjdlMjZlNmQzL29wZXJhdGlvbnJlc3VsdHMvZXlKcWIySkpaQ0k2SWxKRlUwOVZVa05GUjFKUFZWQkVSVXhGVkVsUFRrcFBRaTFRVTFSRlUxUlNSems0TXpFdFJVRlRWRlZUSWl3aWFtOWlURzlqWVhScGIyNGlPaUpsWVhOMGRYTWlmUT9hcGktdmVyc2lvbj0yMDE2LTA5LTAx",
      "RequestMethod": "GET",
      "RequestHeaders": {
        "User-Agent": [
          "FxVersion/4.700.22.55902",
          "OSName/Windows",
          "OSVersion/Microsoft.Windows.10.0.22621",
          "Microsoft.Azure.Management.Internal.Resources.ResourceManagementClient/1.3.76"
        ]
      },
      "RequestBody": "",
      "ResponseHeaders": {
        "Cache-Control": [
          "no-cache"
        ],
        "Pragma": [
          "no-cache"
        ],
        "Location": [
          "https://management.azure.com/subscriptions/f9b96b36-1f5e-4021-8959-51527e26e6d3/operationresults/eyJqb2JJZCI6IlJFU09VUkNFR1JPVVBERUxFVElPTkpPQi1QU1RFU1RSRzk4MzEtRUFTVFVTIiwiam9iTG9jYXRpb24iOiJlYXN0dXMifQ?api-version=2016-09-01"
        ],
        "Retry-After": [
          "15"
        ],
        "x-ms-ratelimit-remaining-subscription-reads": [
          "11998"
        ],
        "x-ms-request-id": [
          "8c28e438-ed5e-44ef-9c3f-fb88075c624e"
        ],
        "x-ms-correlation-request-id": [
          "8c28e438-ed5e-44ef-9c3f-fb88075c624e"
        ],
        "x-ms-routing-request-id": [
          "WESTUS2:20230622T212406Z:8c28e438-ed5e-44ef-9c3f-fb88075c624e"
        ],
        "Strict-Transport-Security": [
          "max-age=31536000; includeSubDomains"
        ],
        "X-Content-Type-Options": [
          "nosniff"
        ],
        "Date": [
          "Thu, 22 Jun 2023 21:24:06 GMT"
        ],
        "Expires": [
          "-1"
        ],
        "Content-Length": [
          "0"
        ]
      },
      "ResponseBody": "",
      "StatusCode": 202
    },
    {
      "RequestUri": "/subscriptions/f9b96b36-1f5e-4021-8959-51527e26e6d3/operationresults/eyJqb2JJZCI6IlJFU09VUkNFR1JPVVBERUxFVElPTkpPQi1QU1RFU1RSRzk4MzEtRUFTVFVTIiwiam9iTG9jYXRpb24iOiJlYXN0dXMifQ?api-version=2016-09-01",
      "EncodedRequestUri": "L3N1YnNjcmlwdGlvbnMvZjliOTZiMzYtMWY1ZS00MDIxLTg5NTktNTE1MjdlMjZlNmQzL29wZXJhdGlvbnJlc3VsdHMvZXlKcWIySkpaQ0k2SWxKRlUwOVZVa05GUjFKUFZWQkVSVXhGVkVsUFRrcFBRaTFRVTFSRlUxUlNSems0TXpFdFJVRlRWRlZUSWl3aWFtOWlURzlqWVhScGIyNGlPaUpsWVhOMGRYTWlmUT9hcGktdmVyc2lvbj0yMDE2LTA5LTAx",
      "RequestMethod": "GET",
      "RequestHeaders": {
        "User-Agent": [
          "FxVersion/4.700.22.55902",
          "OSName/Windows",
          "OSVersion/Microsoft.Windows.10.0.22621",
          "Microsoft.Azure.Management.Internal.Resources.ResourceManagementClient/1.3.76"
        ]
      },
      "RequestBody": "",
      "ResponseHeaders": {
        "Cache-Control": [
          "no-cache"
        ],
        "Pragma": [
          "no-cache"
        ],
        "Location": [
          "https://management.azure.com/subscriptions/f9b96b36-1f5e-4021-8959-51527e26e6d3/operationresults/eyJqb2JJZCI6IlJFU09VUkNFR1JPVVBERUxFVElPTkpPQi1QU1RFU1RSRzk4MzEtRUFTVFVTIiwiam9iTG9jYXRpb24iOiJlYXN0dXMifQ?api-version=2016-09-01"
        ],
        "Retry-After": [
          "15"
        ],
        "x-ms-ratelimit-remaining-subscription-reads": [
          "11997"
        ],
        "x-ms-request-id": [
          "289258ae-8060-42b6-85ab-54520c160ab8"
        ],
        "x-ms-correlation-request-id": [
          "289258ae-8060-42b6-85ab-54520c160ab8"
        ],
        "x-ms-routing-request-id": [
          "WESTUS2:20230622T212422Z:289258ae-8060-42b6-85ab-54520c160ab8"
        ],
        "Strict-Transport-Security": [
          "max-age=31536000; includeSubDomains"
        ],
        "X-Content-Type-Options": [
          "nosniff"
        ],
        "Date": [
          "Thu, 22 Jun 2023 21:24:21 GMT"
        ],
        "Expires": [
          "-1"
        ],
        "Content-Length": [
          "0"
        ]
      },
      "ResponseBody": "",
      "StatusCode": 202
    },
    {
      "RequestUri": "/subscriptions/f9b96b36-1f5e-4021-8959-51527e26e6d3/operationresults/eyJqb2JJZCI6IlJFU09VUkNFR1JPVVBERUxFVElPTkpPQi1QU1RFU1RSRzk4MzEtRUFTVFVTIiwiam9iTG9jYXRpb24iOiJlYXN0dXMifQ?api-version=2016-09-01",
      "EncodedRequestUri": "L3N1YnNjcmlwdGlvbnMvZjliOTZiMzYtMWY1ZS00MDIxLTg5NTktNTE1MjdlMjZlNmQzL29wZXJhdGlvbnJlc3VsdHMvZXlKcWIySkpaQ0k2SWxKRlUwOVZVa05GUjFKUFZWQkVSVXhGVkVsUFRrcFBRaTFRVTFSRlUxUlNSems0TXpFdFJVRlRWRlZUSWl3aWFtOWlURzlqWVhScGIyNGlPaUpsWVhOMGRYTWlmUT9hcGktdmVyc2lvbj0yMDE2LTA5LTAx",
      "RequestMethod": "GET",
      "RequestHeaders": {
        "User-Agent": [
          "FxVersion/4.700.22.55902",
          "OSName/Windows",
          "OSVersion/Microsoft.Windows.10.0.22621",
          "Microsoft.Azure.Management.Internal.Resources.ResourceManagementClient/1.3.76"
        ]
      },
      "RequestBody": "",
      "ResponseHeaders": {
        "Cache-Control": [
          "no-cache"
        ],
        "Pragma": [
          "no-cache"
        ],
        "Location": [
          "https://management.azure.com/subscriptions/f9b96b36-1f5e-4021-8959-51527e26e6d3/operationresults/eyJqb2JJZCI6IlJFU09VUkNFR1JPVVBERUxFVElPTkpPQi1QU1RFU1RSRzk4MzEtRUFTVFVTIiwiam9iTG9jYXRpb24iOiJlYXN0dXMifQ?api-version=2016-09-01"
        ],
        "Retry-After": [
          "15"
        ],
        "x-ms-ratelimit-remaining-subscription-reads": [
          "11996"
        ],
        "x-ms-request-id": [
          "867f4363-9703-48f0-a5d1-dcc491d93f2d"
        ],
        "x-ms-correlation-request-id": [
          "867f4363-9703-48f0-a5d1-dcc491d93f2d"
        ],
        "x-ms-routing-request-id": [
          "WESTUS2:20230622T212437Z:867f4363-9703-48f0-a5d1-dcc491d93f2d"
        ],
        "Strict-Transport-Security": [
          "max-age=31536000; includeSubDomains"
        ],
        "X-Content-Type-Options": [
          "nosniff"
        ],
        "Date": [
          "Thu, 22 Jun 2023 21:24:36 GMT"
        ],
        "Expires": [
          "-1"
        ],
        "Content-Length": [
          "0"
        ]
      },
      "ResponseBody": "",
      "StatusCode": 202
    },
    {
      "RequestUri": "/subscriptions/f9b96b36-1f5e-4021-8959-51527e26e6d3/operationresults/eyJqb2JJZCI6IlJFU09VUkNFR1JPVVBERUxFVElPTkpPQi1QU1RFU1RSRzk4MzEtRUFTVFVTIiwiam9iTG9jYXRpb24iOiJlYXN0dXMifQ?api-version=2016-09-01",
      "EncodedRequestUri": "L3N1YnNjcmlwdGlvbnMvZjliOTZiMzYtMWY1ZS00MDIxLTg5NTktNTE1MjdlMjZlNmQzL29wZXJhdGlvbnJlc3VsdHMvZXlKcWIySkpaQ0k2SWxKRlUwOVZVa05GUjFKUFZWQkVSVXhGVkVsUFRrcFBRaTFRVTFSRlUxUlNSems0TXpFdFJVRlRWRlZUSWl3aWFtOWlURzlqWVhScGIyNGlPaUpsWVhOMGRYTWlmUT9hcGktdmVyc2lvbj0yMDE2LTA5LTAx",
      "RequestMethod": "GET",
      "RequestHeaders": {
        "User-Agent": [
          "FxVersion/4.700.22.55902",
          "OSName/Windows",
          "OSVersion/Microsoft.Windows.10.0.22621",
          "Microsoft.Azure.Management.Internal.Resources.ResourceManagementClient/1.3.76"
        ]
      },
      "RequestBody": "",
      "ResponseHeaders": {
        "Cache-Control": [
          "no-cache"
        ],
        "Pragma": [
          "no-cache"
        ],
        "Location": [
          "https://management.azure.com/subscriptions/f9b96b36-1f5e-4021-8959-51527e26e6d3/operationresults/eyJqb2JJZCI6IlJFU09VUkNFR1JPVVBERUxFVElPTkpPQi1QU1RFU1RSRzk4MzEtRUFTVFVTIiwiam9iTG9jYXRpb24iOiJlYXN0dXMifQ?api-version=2016-09-01"
        ],
        "Retry-After": [
          "15"
        ],
        "x-ms-ratelimit-remaining-subscription-reads": [
          "11995"
        ],
        "x-ms-request-id": [
          "393b2ebc-4927-4dd3-b4f6-c26d859c951d"
        ],
        "x-ms-correlation-request-id": [
          "393b2ebc-4927-4dd3-b4f6-c26d859c951d"
        ],
        "x-ms-routing-request-id": [
          "WESTUS2:20230622T212452Z:393b2ebc-4927-4dd3-b4f6-c26d859c951d"
        ],
        "Strict-Transport-Security": [
          "max-age=31536000; includeSubDomains"
        ],
        "X-Content-Type-Options": [
          "nosniff"
        ],
        "Date": [
          "Thu, 22 Jun 2023 21:24:51 GMT"
        ],
        "Expires": [
          "-1"
        ],
        "Content-Length": [
          "0"
        ]
      },
      "ResponseBody": "",
      "StatusCode": 202
    },
    {
      "RequestUri": "/subscriptions/f9b96b36-1f5e-4021-8959-51527e26e6d3/operationresults/eyJqb2JJZCI6IlJFU09VUkNFR1JPVVBERUxFVElPTkpPQi1QU1RFU1RSRzk4MzEtRUFTVFVTIiwiam9iTG9jYXRpb24iOiJlYXN0dXMifQ?api-version=2016-09-01",
      "EncodedRequestUri": "L3N1YnNjcmlwdGlvbnMvZjliOTZiMzYtMWY1ZS00MDIxLTg5NTktNTE1MjdlMjZlNmQzL29wZXJhdGlvbnJlc3VsdHMvZXlKcWIySkpaQ0k2SWxKRlUwOVZVa05GUjFKUFZWQkVSVXhGVkVsUFRrcFBRaTFRVTFSRlUxUlNSems0TXpFdFJVRlRWRlZUSWl3aWFtOWlURzlqWVhScGIyNGlPaUpsWVhOMGRYTWlmUT9hcGktdmVyc2lvbj0yMDE2LTA5LTAx",
      "RequestMethod": "GET",
      "RequestHeaders": {
        "User-Agent": [
          "FxVersion/4.700.22.55902",
          "OSName/Windows",
          "OSVersion/Microsoft.Windows.10.0.22621",
          "Microsoft.Azure.Management.Internal.Resources.ResourceManagementClient/1.3.76"
        ]
      },
      "RequestBody": "",
      "ResponseHeaders": {
        "Cache-Control": [
          "no-cache"
        ],
        "Pragma": [
          "no-cache"
        ],
        "Location": [
          "https://management.azure.com/subscriptions/f9b96b36-1f5e-4021-8959-51527e26e6d3/operationresults/eyJqb2JJZCI6IlJFU09VUkNFR1JPVVBERUxFVElPTkpPQi1QU1RFU1RSRzk4MzEtRUFTVFVTIiwiam9iTG9jYXRpb24iOiJlYXN0dXMifQ?api-version=2016-09-01"
        ],
        "Retry-After": [
          "15"
        ],
        "x-ms-ratelimit-remaining-subscription-reads": [
          "11994"
        ],
        "x-ms-request-id": [
          "6db32fbd-cd14-4ca7-9bd6-06bc61b090ae"
        ],
        "x-ms-correlation-request-id": [
          "6db32fbd-cd14-4ca7-9bd6-06bc61b090ae"
        ],
        "x-ms-routing-request-id": [
          "WESTUS2:20230622T212507Z:6db32fbd-cd14-4ca7-9bd6-06bc61b090ae"
        ],
        "Strict-Transport-Security": [
          "max-age=31536000; includeSubDomains"
        ],
        "X-Content-Type-Options": [
          "nosniff"
        ],
        "Date": [
          "Thu, 22 Jun 2023 21:25:06 GMT"
        ],
        "Expires": [
          "-1"
        ],
        "Content-Length": [
          "0"
        ]
      },
      "ResponseBody": "",
      "StatusCode": 202
    },
    {
      "RequestUri": "/subscriptions/f9b96b36-1f5e-4021-8959-51527e26e6d3/operationresults/eyJqb2JJZCI6IlJFU09VUkNFR1JPVVBERUxFVElPTkpPQi1QU1RFU1RSRzk4MzEtRUFTVFVTIiwiam9iTG9jYXRpb24iOiJlYXN0dXMifQ?api-version=2016-09-01",
      "EncodedRequestUri": "L3N1YnNjcmlwdGlvbnMvZjliOTZiMzYtMWY1ZS00MDIxLTg5NTktNTE1MjdlMjZlNmQzL29wZXJhdGlvbnJlc3VsdHMvZXlKcWIySkpaQ0k2SWxKRlUwOVZVa05GUjFKUFZWQkVSVXhGVkVsUFRrcFBRaTFRVTFSRlUxUlNSems0TXpFdFJVRlRWRlZUSWl3aWFtOWlURzlqWVhScGIyNGlPaUpsWVhOMGRYTWlmUT9hcGktdmVyc2lvbj0yMDE2LTA5LTAx",
      "RequestMethod": "GET",
      "RequestHeaders": {
        "User-Agent": [
          "FxVersion/4.700.22.55902",
          "OSName/Windows",
          "OSVersion/Microsoft.Windows.10.0.22621",
          "Microsoft.Azure.Management.Internal.Resources.ResourceManagementClient/1.3.76"
        ]
      },
      "RequestBody": "",
      "ResponseHeaders": {
        "Cache-Control": [
          "no-cache"
        ],
        "Pragma": [
          "no-cache"
        ],
        "Location": [
          "https://management.azure.com/subscriptions/f9b96b36-1f5e-4021-8959-51527e26e6d3/operationresults/eyJqb2JJZCI6IlJFU09VUkNFR1JPVVBERUxFVElPTkpPQi1QU1RFU1RSRzk4MzEtRUFTVFVTIiwiam9iTG9jYXRpb24iOiJlYXN0dXMifQ?api-version=2016-09-01"
        ],
        "Retry-After": [
          "15"
        ],
        "x-ms-ratelimit-remaining-subscription-reads": [
          "11993"
        ],
        "x-ms-request-id": [
          "70203d22-8d20-4486-8738-5a51502a7d64"
        ],
        "x-ms-correlation-request-id": [
          "70203d22-8d20-4486-8738-5a51502a7d64"
        ],
        "x-ms-routing-request-id": [
          "WESTUS2:20230622T212522Z:70203d22-8d20-4486-8738-5a51502a7d64"
        ],
        "Strict-Transport-Security": [
          "max-age=31536000; includeSubDomains"
        ],
        "X-Content-Type-Options": [
          "nosniff"
        ],
        "Date": [
          "Thu, 22 Jun 2023 21:25:22 GMT"
        ],
        "Expires": [
          "-1"
        ],
        "Content-Length": [
          "0"
        ]
      },
      "ResponseBody": "",
      "StatusCode": 202
    },
    {
      "RequestUri": "/subscriptions/f9b96b36-1f5e-4021-8959-51527e26e6d3/operationresults/eyJqb2JJZCI6IlJFU09VUkNFR1JPVVBERUxFVElPTkpPQi1QU1RFU1RSRzk4MzEtRUFTVFVTIiwiam9iTG9jYXRpb24iOiJlYXN0dXMifQ?api-version=2016-09-01",
      "EncodedRequestUri": "L3N1YnNjcmlwdGlvbnMvZjliOTZiMzYtMWY1ZS00MDIxLTg5NTktNTE1MjdlMjZlNmQzL29wZXJhdGlvbnJlc3VsdHMvZXlKcWIySkpaQ0k2SWxKRlUwOVZVa05GUjFKUFZWQkVSVXhGVkVsUFRrcFBRaTFRVTFSRlUxUlNSems0TXpFdFJVRlRWRlZUSWl3aWFtOWlURzlqWVhScGIyNGlPaUpsWVhOMGRYTWlmUT9hcGktdmVyc2lvbj0yMDE2LTA5LTAx",
      "RequestMethod": "GET",
      "RequestHeaders": {
        "User-Agent": [
          "FxVersion/4.700.22.55902",
          "OSName/Windows",
          "OSVersion/Microsoft.Windows.10.0.22621",
          "Microsoft.Azure.Management.Internal.Resources.ResourceManagementClient/1.3.76"
        ]
      },
      "RequestBody": "",
      "ResponseHeaders": {
        "Cache-Control": [
          "no-cache"
        ],
        "Pragma": [
          "no-cache"
        ],
        "Location": [
          "https://management.azure.com/subscriptions/f9b96b36-1f5e-4021-8959-51527e26e6d3/operationresults/eyJqb2JJZCI6IlJFU09VUkNFR1JPVVBERUxFVElPTkpPQi1QU1RFU1RSRzk4MzEtRUFTVFVTIiwiam9iTG9jYXRpb24iOiJlYXN0dXMifQ?api-version=2016-09-01"
        ],
        "Retry-After": [
          "15"
        ],
        "x-ms-ratelimit-remaining-subscription-reads": [
          "11992"
        ],
        "x-ms-request-id": [
          "34992fd6-a778-4cd1-9574-b63c81588b05"
        ],
        "x-ms-correlation-request-id": [
          "34992fd6-a778-4cd1-9574-b63c81588b05"
        ],
        "x-ms-routing-request-id": [
          "WESTUS2:20230622T212537Z:34992fd6-a778-4cd1-9574-b63c81588b05"
        ],
        "Strict-Transport-Security": [
          "max-age=31536000; includeSubDomains"
        ],
        "X-Content-Type-Options": [
          "nosniff"
        ],
        "Date": [
          "Thu, 22 Jun 2023 21:25:37 GMT"
        ],
        "Expires": [
          "-1"
        ],
        "Content-Length": [
          "0"
        ]
      },
      "ResponseBody": "",
      "StatusCode": 202
    },
    {
      "RequestUri": "/subscriptions/f9b96b36-1f5e-4021-8959-51527e26e6d3/operationresults/eyJqb2JJZCI6IlJFU09VUkNFR1JPVVBERUxFVElPTkpPQi1QU1RFU1RSRzk4MzEtRUFTVFVTIiwiam9iTG9jYXRpb24iOiJlYXN0dXMifQ?api-version=2016-09-01",
      "EncodedRequestUri": "L3N1YnNjcmlwdGlvbnMvZjliOTZiMzYtMWY1ZS00MDIxLTg5NTktNTE1MjdlMjZlNmQzL29wZXJhdGlvbnJlc3VsdHMvZXlKcWIySkpaQ0k2SWxKRlUwOVZVa05GUjFKUFZWQkVSVXhGVkVsUFRrcFBRaTFRVTFSRlUxUlNSems0TXpFdFJVRlRWRlZUSWl3aWFtOWlURzlqWVhScGIyNGlPaUpsWVhOMGRYTWlmUT9hcGktdmVyc2lvbj0yMDE2LTA5LTAx",
      "RequestMethod": "GET",
      "RequestHeaders": {
        "User-Agent": [
          "FxVersion/4.700.22.55902",
          "OSName/Windows",
          "OSVersion/Microsoft.Windows.10.0.22621",
          "Microsoft.Azure.Management.Internal.Resources.ResourceManagementClient/1.3.76"
        ]
      },
      "RequestBody": "",
      "ResponseHeaders": {
        "Cache-Control": [
          "no-cache"
        ],
        "Pragma": [
          "no-cache"
        ],
        "x-ms-ratelimit-remaining-subscription-reads": [
          "11991"
        ],
        "x-ms-request-id": [
          "32798074-6b60-4a4b-ad73-19cd5c78de08"
        ],
        "x-ms-correlation-request-id": [
          "32798074-6b60-4a4b-ad73-19cd5c78de08"
        ],
        "x-ms-routing-request-id": [
          "WESTUS2:20230622T212553Z:32798074-6b60-4a4b-ad73-19cd5c78de08"
        ],
        "Strict-Transport-Security": [
          "max-age=31536000; includeSubDomains"
        ],
        "X-Content-Type-Options": [
          "nosniff"
        ],
        "Date": [
          "Thu, 22 Jun 2023 21:25:52 GMT"
        ],
        "Expires": [
          "-1"
        ],
        "Content-Length": [
          "0"
        ]
      },
      "ResponseBody": "",
      "StatusCode": 200
    },
    {
      "RequestUri": "/subscriptions/f9b96b36-1f5e-4021-8959-51527e26e6d3/operationresults/eyJqb2JJZCI6IlJFU09VUkNFR1JPVVBERUxFVElPTkpPQi1QU1RFU1RSRzk4MzEtRUFTVFVTIiwiam9iTG9jYXRpb24iOiJlYXN0dXMifQ?api-version=2016-09-01",
      "EncodedRequestUri": "L3N1YnNjcmlwdGlvbnMvZjliOTZiMzYtMWY1ZS00MDIxLTg5NTktNTE1MjdlMjZlNmQzL29wZXJhdGlvbnJlc3VsdHMvZXlKcWIySkpaQ0k2SWxKRlUwOVZVa05GUjFKUFZWQkVSVXhGVkVsUFRrcFBRaTFRVTFSRlUxUlNSems0TXpFdFJVRlRWRlZUSWl3aWFtOWlURzlqWVhScGIyNGlPaUpsWVhOMGRYTWlmUT9hcGktdmVyc2lvbj0yMDE2LTA5LTAx",
      "RequestMethod": "GET",
      "RequestHeaders": {
        "User-Agent": [
          "FxVersion/4.700.22.55902",
          "OSName/Windows",
          "OSVersion/Microsoft.Windows.10.0.22621",
          "Microsoft.Azure.Management.Internal.Resources.ResourceManagementClient/1.3.76"
        ]
      },
      "RequestBody": "",
      "ResponseHeaders": {
        "Cache-Control": [
          "no-cache"
        ],
        "Pragma": [
          "no-cache"
        ],
        "x-ms-ratelimit-remaining-subscription-reads": [
          "11990"
        ],
        "x-ms-request-id": [
          "847a3770-bb8e-4da8-882c-878c110ab50f"
        ],
        "x-ms-correlation-request-id": [
          "847a3770-bb8e-4da8-882c-878c110ab50f"
        ],
        "x-ms-routing-request-id": [
          "WESTUS2:20230622T212553Z:847a3770-bb8e-4da8-882c-878c110ab50f"
        ],
        "Strict-Transport-Security": [
          "max-age=31536000; includeSubDomains"
        ],
        "X-Content-Type-Options": [
          "nosniff"
        ],
        "Date": [
          "Thu, 22 Jun 2023 21:25:52 GMT"
        ],
        "Expires": [
          "-1"
        ],
        "Content-Length": [
          "0"
        ]
      },
      "ResponseBody": "",
      "StatusCode": 200
    }
  ],
  "Names": {
    "Test-ListModels": [
      "pstestrg9831"
    ]
  },
  "Variables": {
    "SubscriptionId": "f9b96b36-1f5e-4021-8959-51527e26e6d3"
  }
}