{
  "Entries": [
    {
      "RequestUri": "/subscriptions/a200340d-6b82-494d-9dbf-687ba6e33f9e/resourceGroups/Api-Default4528/providers/Microsoft.ApiManagement/service/hydraapimservice9914/apis?api-version=2014-02-14&$filter=name%20eq%20'Echo%20API'",
      "EncodedRequestUri": "L3N1YnNjcmlwdGlvbnMvYTIwMDM0MGQtNmI4Mi00OTRkLTlkYmYtNjg3YmE2ZTMzZjllL3Jlc291cmNlR3JvdXBzL0FwaS1EZWZhdWx0NDUyOC9wcm92aWRlcnMvTWljcm9zb2Z0LkFwaU1hbmFnZW1lbnQvc2VydmljZS9oeWRyYWFwaW1zZXJ2aWNlOTkxNC9hcGlzP2FwaS12ZXJzaW9uPTIwMTQtMDItMTQmJGZpbHRlcj1uYW1lJTIwZXElMjAlMjdFY2hvJTIwQVBJJTI3",
      "RequestMethod": "GET",
      "RequestBody": "",
      "RequestHeaders": {
        "User-Agent": [
          "Microsoft.Azure.Management.ApiManagement.ApiManagementClient/2.0.0.0"
        ]
      },
      "ResponseBody": "{\r\n  \"value\": [\r\n    {\r\n      \"id\": \"/apis/571ea82900710f0345040001\",\r\n      \"name\": \"Echo API\",\r\n      \"description\": null,\r\n      \"serviceUrl\": \"http://echoapi.cloudapp.net/api\",\r\n      \"path\": \"echo\",\r\n      \"protocols\": [\r\n        \"https\"\r\n      ],\r\n      \"authenticationSettings\": null,\r\n      \"subscriptionKeyParameterNames\": null\r\n    }\r\n  ],\r\n  \"count\": 1,\r\n  \"nextLink\": null\r\n}",
      "ResponseHeaders": {
        "Content-Length": [
          "264"
        ],
        "Content-Type": [
          "application/json; charset=utf-8"
        ],
        "Expires": [
          "-1"
        ],
        "Pragma": [
          "no-cache"
        ],
        "x-ms-request-id": [
          "6f36bf04-63c1-48de-9515-0bc610d4434f"
        ],
        "x-ms-ratelimit-remaining-subscription-reads": [
          "14999"
        ],
        "x-ms-correlation-request-id": [
          "ada35920-b516-4266-befc-f3a33ade433c"
        ],
        "x-ms-routing-request-id": [
          "CENTRALUS:20160427T231949Z:ada35920-b516-4266-befc-f3a33ade433c"
        ],
        "Strict-Transport-Security": [
          "max-age=31536000; includeSubDomains"
        ],
        "Cache-Control": [
          "no-cache"
        ],
        "Date": [
          "Wed, 27 Apr 2016 23:19:49 GMT"
        ],
        "Server": [
          "Microsoft-HTTPAPI/2.0"
        ]
      },
      "StatusCode": 200
    },
    {
      "RequestUri": "/subscriptions/a200340d-6b82-494d-9dbf-687ba6e33f9e/resourceGroups/Api-Default4528/providers/Microsoft.ApiManagement/service/hydraapimservice9914/apis/571ea82900710f0345040001/operations?api-version=2014-02-14",
      "EncodedRequestUri": "L3N1YnNjcmlwdGlvbnMvYTIwMDM0MGQtNmI4Mi00OTRkLTlkYmYtNjg3YmE2ZTMzZjllL3Jlc291cmNlR3JvdXBzL0FwaS1EZWZhdWx0NDUyOC9wcm92aWRlcnMvTWljcm9zb2Z0LkFwaU1hbmFnZW1lbnQvc2VydmljZS9oeWRyYWFwaW1zZXJ2aWNlOTkxNC9hcGlzLzU3MWVhODI5MDA3MTBmMDM0NTA0MDAwMS9vcGVyYXRpb25zP2FwaS12ZXJzaW9uPTIwMTQtMDItMTQ=",
      "RequestMethod": "GET",
      "RequestBody": "",
      "RequestHeaders": {
        "User-Agent": [
          "Microsoft.Azure.Management.ApiManagement.ApiManagementClient/2.0.0.0"
        ]
      },
      "ResponseBody": "{\r\n  \"value\": [\r\n    {\r\n      \"id\": \"/apis/571ea82900710f0345040001/operations/571ea82a00710f0345080004\",\r\n      \"name\": \"Create resource\",\r\n      \"method\": \"POST\",\r\n      \"urlTemplate\": \"/resource\",\r\n      \"description\": \"A demonstration of a POST call based on the echo backend above. The request body is expected to contain JSON-formatted data (see example below). A policy is used to automatically transform any request sent in JSON directly to XML. In a real-world scenario this could be used to enable modern clients to speak to a legacy backend.\"\r\n    },\r\n    {\r\n      \"id\": \"/apis/571ea82900710f0345040001/operations/571ea82900710f0345080003\",\r\n      \"name\": \"Modify Resource\",\r\n      \"method\": \"PUT\",\r\n      \"urlTemplate\": \"/resource\",\r\n      \"description\": \"A demonstration of a PUT call handled by the same \\\"echo\\\" backend as above. You can now specify a request body in addition to headers and it will be returned as well.\"\r\n    },\r\n    {\r\n      \"id\": \"/apis/571ea82900710f0345040001/operations/571ea82a00710f0345080005\",\r\n      \"name\": \"Remove resource\",\r\n      \"method\": \"DELETE\",\r\n      \"urlTemplate\": \"/resource\",\r\n      \"description\": \"A demonstration of a DELETE call which traditionally deletes the resource. It is based on the same \\\"echo\\\" backend as in all other operations so nothing is actually deleted.\"\r\n    },\r\n    {\r\n      \"id\": \"/apis/571ea82900710f0345040001/operations/571ea82a00710f0345080006\",\r\n      \"name\": \"Retrieve header only\",\r\n      \"method\": \"HEAD\",\r\n      \"urlTemplate\": \"/resource\",\r\n      \"description\": \"The HEAD operation returns only headers. In this demonstration a policy is used to set additional headers when the response is returned and to enable JSONP.\"\r\n    },\r\n    {\r\n      \"id\": \"/apis/571ea82900710f0345040001/operations/571ea82900710f0345080001\",\r\n      \"name\": \"Retrieve resource\",\r\n      \"method\": \"GET\",\r\n      \"urlTemplate\": \"/resource\",\r\n      \"description\": \"A demonstration of a GET call on a sample resource. It is handled by an \\\"echo\\\" backend which returns a response equal to the request (the supplied headers and body are being returned as received).\"\r\n    },\r\n    {\r\n      \"id\": \"/apis/571ea82900710f0345040001/operations/571ea82900710f0345080002\",\r\n      \"name\": \"Retrieve resource (cached)\",\r\n      \"method\": \"GET\",\r\n      \"urlTemplate\": \"/resource-cached\",\r\n      \"description\": \"A demonstration of a GET call with caching enabled on the same \\\"echo\\\" backend as above. Cache TTL is set to 1 hour. When you make the first request the headers you supplied will be cached. Subsequent calls will return the same headers as the first time even if you change them in your request.\"\r\n    }\r\n  ],\r\n  \"count\": 6,\r\n  \"nextLink\": null\r\n}",
      "ResponseHeaders": {
        "Content-Length": [
          "2340"
        ],
        "Content-Type": [
          "application/json; charset=utf-8"
        ],
        "Expires": [
          "-1"
        ],
        "Pragma": [
          "no-cache"
        ],
        "x-ms-request-id": [
          "678593bf-894c-4803-bce0-5e79fbed0c04"
        ],
        "x-ms-ratelimit-remaining-subscription-reads": [
          "14998"
        ],
        "x-ms-correlation-request-id": [
          "3528f9cb-9405-452b-a6a8-17c4497285f4"
        ],
        "x-ms-routing-request-id": [
          "CENTRALUS:20160427T231950Z:3528f9cb-9405-452b-a6a8-17c4497285f4"
        ],
        "Strict-Transport-Security": [
          "max-age=31536000; includeSubDomains"
        ],
        "Cache-Control": [
          "no-cache"
        ],
        "Date": [
          "Wed, 27 Apr 2016 23:19:49 GMT"
        ],
        "Server": [
          "Microsoft-HTTPAPI/2.0"
        ]
      },
      "StatusCode": 200
    },
    {
      "RequestUri": "/subscriptions/a200340d-6b82-494d-9dbf-687ba6e33f9e/resourceGroups/Api-Default4528/providers/Microsoft.ApiManagement/service/hydraapimservice9914/apis/571ea82900710f0345040001/operations/571ea82a00710f0345080004?api-version=2014-02-14",
      "EncodedRequestUri": "L3N1YnNjcmlwdGlvbnMvYTIwMDM0MGQtNmI4Mi00OTRkLTlkYmYtNjg3YmE2ZTMzZjllL3Jlc291cmNlR3JvdXBzL0FwaS1EZWZhdWx0NDUyOC9wcm92aWRlcnMvTWljcm9zb2Z0LkFwaU1hbmFnZW1lbnQvc2VydmljZS9oeWRyYWFwaW1zZXJ2aWNlOTkxNC9hcGlzLzU3MWVhODI5MDA3MTBmMDM0NTA0MDAwMS9vcGVyYXRpb25zLzU3MWVhODJhMDA3MTBmMDM0NTA4MDAwND9hcGktdmVyc2lvbj0yMDE0LTAyLTE0",
      "RequestMethod": "GET",
      "RequestBody": "",
      "RequestHeaders": {
        "User-Agent": [
          "Microsoft.Azure.Management.ApiManagement.ApiManagementClient/2.0.0.0"
        ]
      },
      "ResponseBody": "{\r\n  \"id\": \"/apis/571ea82900710f0345040001/operations/571ea82a00710f0345080004\",\r\n  \"name\": \"Create resource\",\r\n  \"method\": \"POST\",\r\n  \"urlTemplate\": \"/resource\",\r\n  \"templateParameters\": [],\r\n  \"description\": \"A demonstration of a POST call based on the echo backend above. The request body is expected to contain JSON-formatted data (see example below). A policy is used to automatically transform any request sent in JSON directly to XML. In a real-world scenario this could be used to enable modern clients to speak to a legacy backend.\",\r\n  \"request\": {\r\n    \"description\": null,\r\n    \"queryParameters\": [],\r\n    \"headers\": [],\r\n    \"representations\": [\r\n      {\r\n        \"contentType\": \"application/json\",\r\n        \"sample\": \"{\\r\\n\\t\\\"vehicleType\\\": \\\"train\\\",\\r\\n\\t\\\"maxSpeed\\\": 125,\\r\\n\\t\\\"avgSpeed\\\": 90,\\r\\n\\t\\\"speedUnit\\\": \\\"mph\\\"\\r\\n\\t\\t}\"\r\n      }\r\n    ]\r\n  },\r\n  \"responses\": [\r\n    {\r\n      \"statusCode\": 200,\r\n      \"description\": null,\r\n      \"representations\": [],\r\n      \"headers\": []\r\n    }\r\n  ]\r\n}",
      "ResponseHeaders": {
        "Content-Length": [
          "848"
        ],
        "Content-Type": [
          "application/json; charset=utf-8"
        ],
        "Expires": [
          "-1"
        ],
        "Pragma": [
          "no-cache"
        ],
        "x-ms-request-id": [
          "9927f66b-2ced-461f-bfb8-898c98e94745"
        ],
        "x-ms-ratelimit-remaining-subscription-reads": [
          "14997"
        ],
        "x-ms-correlation-request-id": [
          "12d2623e-76d8-4598-84ed-78459807d861"
        ],
        "x-ms-routing-request-id": [
          "CENTRALUS:20160427T231950Z:12d2623e-76d8-4598-84ed-78459807d861"
        ],
        "Strict-Transport-Security": [
          "max-age=31536000; includeSubDomains"
        ],
        "Cache-Control": [
          "no-cache"
        ],
        "Date": [
          "Wed, 27 Apr 2016 23:19:50 GMT"
        ],
        "ETag": [
          "\"AAAAAAAACJ8=\""
        ],
        "Server": [
          "Microsoft-HTTPAPI/2.0"
        ]
      },
      "StatusCode": 200
    },
    {
      "RequestUri": "/subscriptions/a200340d-6b82-494d-9dbf-687ba6e33f9e/resourceGroups/Api-Default4528/providers/Microsoft.ApiManagement/service/hydraapimservice9914/apis/571ea82900710f0345040001/operations/571ea82900710f0345080003?api-version=2014-02-14",
      "EncodedRequestUri": "L3N1YnNjcmlwdGlvbnMvYTIwMDM0MGQtNmI4Mi00OTRkLTlkYmYtNjg3YmE2ZTMzZjllL3Jlc291cmNlR3JvdXBzL0FwaS1EZWZhdWx0NDUyOC9wcm92aWRlcnMvTWljcm9zb2Z0LkFwaU1hbmFnZW1lbnQvc2VydmljZS9oeWRyYWFwaW1zZXJ2aWNlOTkxNC9hcGlzLzU3MWVhODI5MDA3MTBmMDM0NTA0MDAwMS9vcGVyYXRpb25zLzU3MWVhODI5MDA3MTBmMDM0NTA4MDAwMz9hcGktdmVyc2lvbj0yMDE0LTAyLTE0",
      "RequestMethod": "GET",
      "RequestBody": "",
      "RequestHeaders": {
        "User-Agent": [
          "Microsoft.Azure.Management.ApiManagement.ApiManagementClient/2.0.0.0"
        ]
      },
      "ResponseBody": "{\r\n  \"id\": \"/apis/571ea82900710f0345040001/operations/571ea82900710f0345080003\",\r\n  \"name\": \"Modify Resource\",\r\n  \"method\": \"PUT\",\r\n  \"urlTemplate\": \"/resource\",\r\n  \"templateParameters\": [],\r\n  \"description\": \"A demonstration of a PUT call handled by the same \\\"echo\\\" backend as above. You can now specify a request body in addition to headers and it will be returned as well.\",\r\n  \"request\": {\r\n    \"description\": null,\r\n    \"queryParameters\": [],\r\n    \"headers\": [],\r\n    \"representations\": []\r\n  },\r\n  \"responses\": [\r\n    {\r\n      \"statusCode\": 200,\r\n      \"description\": null,\r\n      \"representations\": [],\r\n      \"headers\": []\r\n    }\r\n  ]\r\n}",
      "ResponseHeaders": {
        "Content-Length": [
          "521"
        ],
        "Content-Type": [
          "application/json; charset=utf-8"
        ],
        "Expires": [
          "-1"
        ],
        "Pragma": [
          "no-cache"
        ],
        "x-ms-request-id": [
          "93e5ba15-cfd6-4502-8874-419c689cb644"
        ],
        "x-ms-ratelimit-remaining-subscription-reads": [
          "14996"
        ],
        "x-ms-correlation-request-id": [
          "cc0b1acd-7f8f-4bf0-87ce-08f7fb94ea67"
        ],
        "x-ms-routing-request-id": [
          "CENTRALUS:20160427T231950Z:cc0b1acd-7f8f-4bf0-87ce-08f7fb94ea67"
        ],
        "Strict-Transport-Security": [
          "max-age=31536000; includeSubDomains"
        ],
        "Cache-Control": [
          "no-cache"
        ],
        "Date": [
          "Wed, 27 Apr 2016 23:19:50 GMT"
        ],
        "ETag": [
          "\"AAAAAAAACD4=\""
        ],
        "Server": [
          "Microsoft-HTTPAPI/2.0"
        ]
      },
      "StatusCode": 200
    },
    {
      "RequestUri": "/subscriptions/a200340d-6b82-494d-9dbf-687ba6e33f9e/resourceGroups/Api-Default4528/providers/Microsoft.ApiManagement/service/hydraapimservice9914/apis/571ea82900710f0345040001/operations/571ea82a00710f0345080005?api-version=2014-02-14",
      "EncodedRequestUri": "L3N1YnNjcmlwdGlvbnMvYTIwMDM0MGQtNmI4Mi00OTRkLTlkYmYtNjg3YmE2ZTMzZjllL3Jlc291cmNlR3JvdXBzL0FwaS1EZWZhdWx0NDUyOC9wcm92aWRlcnMvTWljcm9zb2Z0LkFwaU1hbmFnZW1lbnQvc2VydmljZS9oeWRyYWFwaW1zZXJ2aWNlOTkxNC9hcGlzLzU3MWVhODI5MDA3MTBmMDM0NTA0MDAwMS9vcGVyYXRpb25zLzU3MWVhODJhMDA3MTBmMDM0NTA4MDAwNT9hcGktdmVyc2lvbj0yMDE0LTAyLTE0",
      "RequestMethod": "GET",
      "RequestBody": "",
      "RequestHeaders": {
        "User-Agent": [
          "Microsoft.Azure.Management.ApiManagement.ApiManagementClient/2.0.0.0"
        ]
      },
      "ResponseBody": "{\r\n  \"id\": \"/apis/571ea82900710f0345040001/operations/571ea82a00710f0345080005\",\r\n  \"name\": \"Remove resource\",\r\n  \"method\": \"DELETE\",\r\n  \"urlTemplate\": \"/resource\",\r\n  \"templateParameters\": [],\r\n  \"description\": \"A demonstration of a DELETE call which traditionally deletes the resource. It is based on the same \\\"echo\\\" backend as in all other operations so nothing is actually deleted.\",\r\n  \"request\": {\r\n    \"description\": null,\r\n    \"queryParameters\": [],\r\n    \"headers\": [],\r\n    \"representations\": []\r\n  },\r\n  \"responses\": [\r\n    {\r\n      \"statusCode\": 200,\r\n      \"description\": null,\r\n      \"representations\": [],\r\n      \"headers\": []\r\n    }\r\n  ]\r\n}",
      "ResponseHeaders": {
        "Content-Length": [
          "531"
        ],
        "Content-Type": [
          "application/json; charset=utf-8"
        ],
        "Expires": [
          "-1"
        ],
        "Pragma": [
          "no-cache"
        ],
        "x-ms-request-id": [
          "b3f4007f-f695-4ceb-b982-125ab37dbacd"
        ],
        "x-ms-ratelimit-remaining-subscription-reads": [
          "14995"
        ],
        "x-ms-correlation-request-id": [
          "91667e89-7b2f-4b87-8f5f-e531b4c16d21"
        ],
        "x-ms-routing-request-id": [
          "CENTRALUS:20160427T231951Z:91667e89-7b2f-4b87-8f5f-e531b4c16d21"
        ],
        "Strict-Transport-Security": [
          "max-age=31536000; includeSubDomains"
        ],
        "Cache-Control": [
          "no-cache"
        ],
        "Date": [
          "Wed, 27 Apr 2016 23:19:50 GMT"
        ],
        "ETag": [
          "\"AAAAAAAACEA=\""
        ],
        "Server": [
          "Microsoft-HTTPAPI/2.0"
        ]
      },
      "StatusCode": 200
    },
    {
      "RequestUri": "/subscriptions/a200340d-6b82-494d-9dbf-687ba6e33f9e/resourceGroups/Api-Default4528/providers/Microsoft.ApiManagement/service/hydraapimservice9914/apis/571ea82900710f0345040001/operations/571ea82a00710f0345080006?api-version=2014-02-14",
      "EncodedRequestUri": "L3N1YnNjcmlwdGlvbnMvYTIwMDM0MGQtNmI4Mi00OTRkLTlkYmYtNjg3YmE2ZTMzZjllL3Jlc291cmNlR3JvdXBzL0FwaS1EZWZhdWx0NDUyOC9wcm92aWRlcnMvTWljcm9zb2Z0LkFwaU1hbmFnZW1lbnQvc2VydmljZS9oeWRyYWFwaW1zZXJ2aWNlOTkxNC9hcGlzLzU3MWVhODI5MDA3MTBmMDM0NTA0MDAwMS9vcGVyYXRpb25zLzU3MWVhODJhMDA3MTBmMDM0NTA4MDAwNj9hcGktdmVyc2lvbj0yMDE0LTAyLTE0",
      "RequestMethod": "GET",
      "RequestBody": "",
      "RequestHeaders": {
        "User-Agent": [
          "Microsoft.Azure.Management.ApiManagement.ApiManagementClient/2.0.0.0"
        ]
      },
      "ResponseBody": "{\r\n  \"id\": \"/apis/571ea82900710f0345040001/operations/571ea82a00710f0345080006\",\r\n  \"name\": \"Retrieve header only\",\r\n  \"method\": \"HEAD\",\r\n  \"urlTemplate\": \"/resource\",\r\n  \"templateParameters\": [],\r\n  \"description\": \"The HEAD operation returns only headers. In this demonstration a policy is used to set additional headers when the response is returned and to enable JSONP.\",\r\n  \"request\": {\r\n    \"description\": null,\r\n    \"queryParameters\": [],\r\n    \"headers\": [],\r\n    \"representations\": []\r\n  },\r\n  \"responses\": [\r\n    {\r\n      \"statusCode\": 200,\r\n      \"description\": null,\r\n      \"representations\": [],\r\n      \"headers\": []\r\n    }\r\n  ]\r\n}",
      "ResponseHeaders": {
        "Content-Length": [
          "516"
        ],
        "Content-Type": [
          "application/json; charset=utf-8"
        ],
        "Expires": [
          "-1"
        ],
        "Pragma": [
          "no-cache"
        ],
        "x-ms-request-id": [
          "731664e8-78fe-4d6c-9af6-15067f4e8a9d"
        ],
        "x-ms-ratelimit-remaining-subscription-reads": [
          "14994"
        ],
        "x-ms-correlation-request-id": [
          "183303d9-5f92-4cd5-8175-205ac238bf91"
        ],
        "x-ms-routing-request-id": [
          "CENTRALUS:20160427T231951Z:183303d9-5f92-4cd5-8175-205ac238bf91"
        ],
        "Strict-Transport-Security": [
          "max-age=31536000; includeSubDomains"
        ],
        "Cache-Control": [
          "no-cache"
        ],
        "Date": [
          "Wed, 27 Apr 2016 23:19:51 GMT"
        ],
        "ETag": [
          "\"AAAAAAAACEE=\""
        ],
        "Server": [
          "Microsoft-HTTPAPI/2.0"
        ]
      },
      "StatusCode": 200
    },
    {
      "RequestUri": "/subscriptions/a200340d-6b82-494d-9dbf-687ba6e33f9e/resourceGroups/Api-Default4528/providers/Microsoft.ApiManagement/service/hydraapimservice9914/apis/571ea82900710f0345040001/operations/571ea82900710f0345080001?api-version=2014-02-14",
      "EncodedRequestUri": "L3N1YnNjcmlwdGlvbnMvYTIwMDM0MGQtNmI4Mi00OTRkLTlkYmYtNjg3YmE2ZTMzZjllL3Jlc291cmNlR3JvdXBzL0FwaS1EZWZhdWx0NDUyOC9wcm92aWRlcnMvTWljcm9zb2Z0LkFwaU1hbmFnZW1lbnQvc2VydmljZS9oeWRyYWFwaW1zZXJ2aWNlOTkxNC9hcGlzLzU3MWVhODI5MDA3MTBmMDM0NTA0MDAwMS9vcGVyYXRpb25zLzU3MWVhODI5MDA3MTBmMDM0NTA4MDAwMT9hcGktdmVyc2lvbj0yMDE0LTAyLTE0",
      "RequestMethod": "GET",
      "RequestBody": "",
      "RequestHeaders": {
        "User-Agent": [
          "Microsoft.Azure.Management.ApiManagement.ApiManagementClient/2.0.0.0"
        ]
      },
      "ResponseBody": "{\r\n  \"id\": \"/apis/571ea82900710f0345040001/operations/571ea82900710f0345080001\",\r\n  \"name\": \"Retrieve resource\",\r\n  \"method\": \"GET\",\r\n  \"urlTemplate\": \"/resource\",\r\n  \"templateParameters\": [],\r\n  \"description\": \"A demonstration of a GET call on a sample resource. It is handled by an \\\"echo\\\" backend which returns a response equal to the request (the supplied headers and body are being returned as received).\",\r\n  \"request\": {\r\n    \"description\": null,\r\n    \"queryParameters\": [\r\n      {\r\n        \"name\": \"param1\",\r\n        \"description\": \"A sample parameter that is required and has a default value of \\\"sample\\\".\",\r\n        \"type\": \"string\",\r\n        \"defaultValue\": \"sample\",\r\n        \"required\": true,\r\n        \"values\": [\r\n          \"sample\"\r\n        ]\r\n      },\r\n      {\r\n        \"name\": \"param2\",\r\n        \"description\": \"Another sample parameter, set to not required.\",\r\n        \"type\": \"number\",\r\n        \"defaultValue\": null,\r\n        \"required\": false,\r\n        \"values\": []\r\n      }\r\n    ],\r\n    \"headers\": [],\r\n    \"representations\": []\r\n  },\r\n  \"responses\": [\r\n    {\r\n      \"statusCode\": 200,\r\n      \"description\": \"Returned in all cases.\",\r\n      \"representations\": [],\r\n      \"headers\": []\r\n    }\r\n  ]\r\n}",
      "ResponseHeaders": {
        "Content-Length": [
          "904"
        ],
        "Content-Type": [
          "application/json; charset=utf-8"
        ],
        "Expires": [
          "-1"
        ],
        "Pragma": [
          "no-cache"
        ],
        "x-ms-request-id": [
          "00508b88-a0b0-446c-87e1-e3dfca8b4ea4"
        ],
        "x-ms-ratelimit-remaining-subscription-reads": [
          "14993"
        ],
        "x-ms-correlation-request-id": [
          "392a57fa-abc9-4a55-88ee-79c6d5a4292e"
        ],
        "x-ms-routing-request-id": [
          "CENTRALUS:20160427T231951Z:392a57fa-abc9-4a55-88ee-79c6d5a4292e"
        ],
        "Strict-Transport-Security": [
          "max-age=31536000; includeSubDomains"
        ],
        "Cache-Control": [
          "no-cache"
        ],
        "Date": [
          "Wed, 27 Apr 2016 23:19:51 GMT"
        ],
        "ETag": [
          "\"AAAAAAAACDw=\""
        ],
        "Server": [
          "Microsoft-HTTPAPI/2.0"
        ]
      },
      "StatusCode": 200
    },
    {
      "RequestUri": "/subscriptions/a200340d-6b82-494d-9dbf-687ba6e33f9e/resourceGroups/Api-Default4528/providers/Microsoft.ApiManagement/service/hydraapimservice9914/apis/571ea82900710f0345040001/operations/571ea82900710f0345080002?api-version=2014-02-14",
      "EncodedRequestUri": "L3N1YnNjcmlwdGlvbnMvYTIwMDM0MGQtNmI4Mi00OTRkLTlkYmYtNjg3YmE2ZTMzZjllL3Jlc291cmNlR3JvdXBzL0FwaS1EZWZhdWx0NDUyOC9wcm92aWRlcnMvTWljcm9zb2Z0LkFwaU1hbmFnZW1lbnQvc2VydmljZS9oeWRyYWFwaW1zZXJ2aWNlOTkxNC9hcGlzLzU3MWVhODI5MDA3MTBmMDM0NTA0MDAwMS9vcGVyYXRpb25zLzU3MWVhODI5MDA3MTBmMDM0NTA4MDAwMj9hcGktdmVyc2lvbj0yMDE0LTAyLTE0",
      "RequestMethod": "GET",
      "RequestBody": "",
      "RequestHeaders": {
        "User-Agent": [
          "Microsoft.Azure.Management.ApiManagement.ApiManagementClient/2.0.0.0"
        ]
      },
      "ResponseBody": "{\r\n  \"id\": \"/apis/571ea82900710f0345040001/operations/571ea82900710f0345080002\",\r\n  \"name\": \"Retrieve resource (cached)\",\r\n  \"method\": \"GET\",\r\n  \"urlTemplate\": \"/resource-cached\",\r\n  \"templateParameters\": [],\r\n  \"description\": \"A demonstration of a GET call with caching enabled on the same \\\"echo\\\" backend as above. Cache TTL is set to 1 hour. When you make the first request the headers you supplied will be cached. Subsequent calls will return the same headers as the first time even if you change them in your request.\",\r\n  \"request\": {\r\n    \"description\": null,\r\n    \"queryParameters\": [\r\n      {\r\n        \"name\": \"param1\",\r\n        \"description\": \"A sample parameter that is required and has a default value of \\\"sample\\\".\",\r\n        \"type\": \"string\",\r\n        \"defaultValue\": \"sample\",\r\n        \"required\": true,\r\n        \"values\": [\r\n          \"sample\"\r\n        ]\r\n      },\r\n      {\r\n        \"name\": \"param2\",\r\n        \"description\": \"Another sample parameter, set to not required.\",\r\n        \"type\": \"string\",\r\n        \"defaultValue\": null,\r\n        \"required\": false,\r\n        \"values\": []\r\n      }\r\n    ],\r\n    \"headers\": [],\r\n    \"representations\": []\r\n  },\r\n  \"responses\": [\r\n    {\r\n      \"statusCode\": 200,\r\n      \"description\": null,\r\n      \"representations\": [],\r\n      \"headers\": []\r\n    }\r\n  ]\r\n}",
      "ResponseHeaders": {
        "Content-Length": [
          "997"
        ],
        "Content-Type": [
          "application/json; charset=utf-8"
        ],
        "Expires": [
          "-1"
        ],
        "Pragma": [
          "no-cache"
        ],
        "x-ms-request-id": [
          "9f96b779-df98-41ab-bfb9-a7276bc8da56"
        ],
        "x-ms-ratelimit-remaining-subscription-reads": [
          "14992"
        ],
        "x-ms-correlation-request-id": [
          "954f9c27-ca8a-483c-8da7-554ef77723fd"
        ],
        "x-ms-routing-request-id": [
          "CENTRALUS:20160427T231951Z:954f9c27-ca8a-483c-8da7-554ef77723fd"
        ],
        "Strict-Transport-Security": [
          "max-age=31536000; includeSubDomains"
        ],
        "Cache-Control": [
          "no-cache"
        ],
        "Date": [
          "Wed, 27 Apr 2016 23:19:51 GMT"
        ],
        "ETag": [
          "\"AAAAAAAACD0=\""
        ],
        "Server": [
          "Microsoft-HTTPAPI/2.0"
        ]
      },
      "StatusCode": 200
    },
    {
      "RequestUri": "/subscriptions/a200340d-6b82-494d-9dbf-687ba6e33f9e/resourceGroups/Api-Default4528/providers/Microsoft.ApiManagement/service/hydraapimservice9914/apis/571ea82900710f0345040001/operations/onesdk1002?api-version=2014-02-14",
      "EncodedRequestUri": "L3N1YnNjcmlwdGlvbnMvYTIwMDM0MGQtNmI4Mi00OTRkLTlkYmYtNjg3YmE2ZTMzZjllL3Jlc291cmNlR3JvdXBzL0FwaS1EZWZhdWx0NDUyOC9wcm92aWRlcnMvTWljcm9zb2Z0LkFwaU1hbmFnZW1lbnQvc2VydmljZS9oeWRyYWFwaW1zZXJ2aWNlOTkxNC9hcGlzLzU3MWVhODI5MDA3MTBmMDM0NTA0MDAwMS9vcGVyYXRpb25zL29uZXNkazEwMDI/YXBpLXZlcnNpb249MjAxNC0wMi0xNA==",
      "RequestMethod": "PUT",
      "RequestBody": "{\r\n  \"name\": \"onesdk6106\",\r\n  \"method\": \"PATCH\",\r\n  \"urlTemplate\": \"/resource/{rid}?q={query}\",\r\n  \"templateParameters\": [\r\n    {\r\n      \"name\": \"rid\",\r\n      \"description\": \"Resource identifier\",\r\n      \"type\": \"string\",\r\n      \"required\": false,\r\n      \"values\": []\r\n    },\r\n    {\r\n      \"name\": \"query\",\r\n      \"description\": \"Query string\",\r\n      \"type\": \"string\",\r\n      \"required\": false,\r\n      \"values\": []\r\n    }\r\n  ],\r\n  \"description\": \"onesdk3850\",\r\n  \"request\": {\r\n    \"description\": \"Create/update resource request\",\r\n    \"queryParameters\": [\r\n      {\r\n        \"name\": \"onesdk5666\",\r\n        \"description\": \"onesdk3447\",\r\n        \"type\": \"string\",\r\n        \"defaultValue\": \"onesdk3638\",\r\n        \"required\": true,\r\n        \"values\": [\r\n          \"onesdk3638\"\r\n        ]\r\n      }\r\n    ],\r\n    \"headers\": [\r\n      {\r\n        \"name\": \"onesdk4569\",\r\n        \"description\": \"onesdk641\",\r\n        \"type\": \"string\",\r\n        \"defaultValue\": \"onesdk35\",\r\n        \"required\": true,\r\n        \"values\": [\r\n          \"onesdk35\"\r\n        ]\r\n      }\r\n    ],\r\n    \"representations\": [\r\n      {\r\n        \"contentType\": \"application/json\",\r\n        \"sample\": \"onesdk5455\"\r\n      }\r\n    ]\r\n  },\r\n  \"responses\": [\r\n    {\r\n      \"statusCode\": 1980785443,\r\n      \"description\": \"onesdk9410\",\r\n      \"representations\": [\r\n        {\r\n          \"contentType\": \"onesdk8404\",\r\n          \"sample\": \"onesdk1808\"\r\n        }\r\n      ]\r\n    }\r\n  ]\r\n}",
      "RequestHeaders": {
        "Content-Type": [
          "application/json"
        ],
        "Content-Length": [
          "1432"
        ],
        "User-Agent": [
          "Microsoft.Azure.Management.ApiManagement.ApiManagementClient/2.0.0.0"
        ]
      },
      "ResponseBody": "",
      "ResponseHeaders": {
        "Content-Length": [
          "0"
        ],
        "Expires": [
          "-1"
        ],
        "Pragma": [
          "no-cache"
        ],
        "x-ms-request-id": [
          "6a304c02-4876-41e0-9e64-7658f0e6cd58"
        ],
        "x-ms-ratelimit-remaining-subscription-writes": [
          "1199"
        ],
        "x-ms-correlation-request-id": [
          "ad95388f-c271-44c0-a7f9-38693043613d"
        ],
        "x-ms-routing-request-id": [
          "CENTRALUS:20160427T231953Z:ad95388f-c271-44c0-a7f9-38693043613d"
        ],
        "Strict-Transport-Security": [
          "max-age=31536000; includeSubDomains"
        ],
        "Cache-Control": [
          "no-cache"
        ],
        "Date": [
          "Wed, 27 Apr 2016 23:19:53 GMT"
        ],
        "Server": [
          "Microsoft-HTTPAPI/2.0"
        ]
      },
      "StatusCode": 201
    },
    {
      "RequestUri": "/subscriptions/a200340d-6b82-494d-9dbf-687ba6e33f9e/resourceGroups/Api-Default4528/providers/Microsoft.ApiManagement/service/hydraapimservice9914/apis/571ea82900710f0345040001/operations/onesdk1002?api-version=2014-02-14",
      "EncodedRequestUri": "L3N1YnNjcmlwdGlvbnMvYTIwMDM0MGQtNmI4Mi00OTRkLTlkYmYtNjg3YmE2ZTMzZjllL3Jlc291cmNlR3JvdXBzL0FwaS1EZWZhdWx0NDUyOC9wcm92aWRlcnMvTWljcm9zb2Z0LkFwaU1hbmFnZW1lbnQvc2VydmljZS9oeWRyYWFwaW1zZXJ2aWNlOTkxNC9hcGlzLzU3MWVhODI5MDA3MTBmMDM0NTA0MDAwMS9vcGVyYXRpb25zL29uZXNkazEwMDI/YXBpLXZlcnNpb249MjAxNC0wMi0xNA==",
      "RequestMethod": "GET",
      "RequestBody": "",
      "RequestHeaders": {
        "User-Agent": [
          "Microsoft.Azure.Management.ApiManagement.ApiManagementClient/2.0.0.0"
        ]
      },
      "ResponseBody": "{\r\n  \"id\": \"/apis/571ea82900710f0345040001/operations/onesdk1002\",\r\n  \"name\": \"onesdk6106\",\r\n  \"method\": \"PATCH\",\r\n  \"urlTemplate\": \"/resource/{rid}?q={query}\",\r\n  \"templateParameters\": [\r\n    {\r\n      \"name\": \"rid\",\r\n      \"description\": \"Resource identifier\",\r\n      \"type\": \"string\",\r\n      \"defaultValue\": null,\r\n      \"required\": true,\r\n      \"values\": []\r\n    },\r\n    {\r\n      \"name\": \"query\",\r\n      \"description\": \"Query string\",\r\n      \"type\": \"string\",\r\n      \"defaultValue\": null,\r\n      \"required\": true,\r\n      \"values\": []\r\n    }\r\n  ],\r\n  \"description\": \"onesdk3850\",\r\n  \"request\": {\r\n    \"description\": \"Create/update resource request\",\r\n    \"queryParameters\": [\r\n      {\r\n        \"name\": \"onesdk5666\",\r\n        \"description\": \"onesdk3447\",\r\n        \"type\": \"string\",\r\n        \"defaultValue\": \"onesdk3638\",\r\n        \"required\": true,\r\n        \"values\": [\r\n          \"onesdk3638\"\r\n        ]\r\n      }\r\n    ],\r\n    \"headers\": [\r\n      {\r\n        \"name\": \"onesdk4569\",\r\n        \"description\": \"onesdk641\",\r\n        \"type\": \"string\",\r\n        \"defaultValue\": \"onesdk35\",\r\n        \"required\": true,\r\n        \"values\": [\r\n          \"onesdk35\"\r\n        ]\r\n      }\r\n    ],\r\n    \"representations\": [\r\n      {\r\n        \"contentType\": \"application/json\",\r\n        \"sample\": \"onesdk5455\"\r\n      }\r\n    ]\r\n  },\r\n  \"responses\": [\r\n    {\r\n      \"statusCode\": 1980785443,\r\n      \"description\": \"onesdk9410\",\r\n      \"representations\": [\r\n        {\r\n          \"contentType\": \"onesdk8404\",\r\n          \"sample\": \"onesdk1808\"\r\n        }\r\n      ],\r\n      \"headers\": []\r\n    }\r\n  ]\r\n}",
      "ResponseHeaders": {
        "Content-Length": [
          "995"
        ],
        "Content-Type": [
          "application/json; charset=utf-8"
        ],
        "Expires": [
          "-1"
        ],
        "Pragma": [
          "no-cache"
        ],
        "x-ms-request-id": [
          "9b754cc0-67c6-419b-a8e6-cb3bb9f17921"
        ],
        "x-ms-ratelimit-remaining-subscription-reads": [
          "14991"
        ],
        "x-ms-correlation-request-id": [
          "354777d4-82f7-4fd9-a507-b5db34a8d4db"
        ],
        "x-ms-routing-request-id": [
          "CENTRALUS:20160427T231953Z:354777d4-82f7-4fd9-a507-b5db34a8d4db"
        ],
        "Strict-Transport-Security": [
          "max-age=31536000; includeSubDomains"
        ],
        "Cache-Control": [
          "no-cache"
        ],
        "Date": [
          "Wed, 27 Apr 2016 23:19:53 GMT"
        ],
        "ETag": [
          "\"AAAAAAAACLs=\""
        ],
        "Server": [
          "Microsoft-HTTPAPI/2.0"
        ]
      },
      "StatusCode": 200
    },
    {
      "RequestUri": "/subscriptions/a200340d-6b82-494d-9dbf-687ba6e33f9e/resourceGroups/Api-Default4528/providers/Microsoft.ApiManagement/service/hydraapimservice9914/apis/571ea82900710f0345040001/operations/onesdk1002?api-version=2014-02-14",
      "EncodedRequestUri": "L3N1YnNjcmlwdGlvbnMvYTIwMDM0MGQtNmI4Mi00OTRkLTlkYmYtNjg3YmE2ZTMzZjllL3Jlc291cmNlR3JvdXBzL0FwaS1EZWZhdWx0NDUyOC9wcm92aWRlcnMvTWljcm9zb2Z0LkFwaU1hbmFnZW1lbnQvc2VydmljZS9oeWRyYWFwaW1zZXJ2aWNlOTkxNC9hcGlzLzU3MWVhODI5MDA3MTBmMDM0NTA0MDAwMS9vcGVyYXRpb25zL29uZXNkazEwMDI/YXBpLXZlcnNpb249MjAxNC0wMi0xNA==",
      "RequestMethod": "GET",
      "RequestBody": "",
      "RequestHeaders": {
        "User-Agent": [
          "Microsoft.Azure.Management.ApiManagement.ApiManagementClient/2.0.0.0"
        ]
      },
      "ResponseBody": "{\r\n  \"id\": \"/apis/571ea82900710f0345040001/operations/onesdk1002\",\r\n  \"name\": \"onesdk9730\",\r\n  \"method\": \"PUT\",\r\n  \"urlTemplate\": \"/resource/{xrid}?q={xquery}\",\r\n  \"templateParameters\": [\r\n    {\r\n      \"name\": \"xrid\",\r\n      \"description\": \"Resource identifier modified\",\r\n      \"type\": \"string\",\r\n      \"defaultValue\": null,\r\n      \"required\": true,\r\n      \"values\": []\r\n    },\r\n    {\r\n      \"name\": \"xquery\",\r\n      \"description\": \"Query string modified\",\r\n      \"type\": \"string\",\r\n      \"defaultValue\": null,\r\n      \"required\": true,\r\n      \"values\": []\r\n    }\r\n  ],\r\n  \"description\": \"onesdk9175\",\r\n  \"request\": {\r\n    \"description\": \"Create/update resource request modified\",\r\n    \"queryParameters\": [\r\n      {\r\n        \"name\": \"onesdk5838\",\r\n        \"description\": \"onesdk3001\",\r\n        \"type\": \"string\",\r\n        \"defaultValue\": \"onesdk8996\",\r\n        \"required\": true,\r\n        \"values\": [\r\n          \"onesdk8996\"\r\n        ]\r\n      }\r\n    ],\r\n    \"headers\": [\r\n      {\r\n        \"name\": \"onesdk7750\",\r\n        \"description\": \"onesdk5605\",\r\n        \"type\": \"string\",\r\n        \"defaultValue\": \"onesdk8534\",\r\n        \"required\": true,\r\n        \"values\": [\r\n          \"onesdk8534\"\r\n        ]\r\n      }\r\n    ],\r\n    \"representations\": [\r\n      {\r\n        \"contentType\": \"application/json\",\r\n        \"sample\": \"onesdk3424\"\r\n      }\r\n    ]\r\n  },\r\n  \"responses\": [\r\n    {\r\n      \"statusCode\": 1980785443,\r\n      \"description\": \"onesdk8184\",\r\n      \"representations\": [\r\n        {\r\n          \"contentType\": \"onesdk843\",\r\n          \"sample\": \"onesdk5526\"\r\n        }\r\n      ],\r\n      \"headers\": []\r\n    }\r\n  ]\r\n}",
      "ResponseHeaders": {
        "Content-Length": [
          "1028"
        ],
        "Content-Type": [
          "application/json; charset=utf-8"
        ],
        "Expires": [
          "-1"
        ],
        "Pragma": [
          "no-cache"
        ],
        "x-ms-request-id": [
          "6c7947e9-b76a-4f5e-9567-bd6ca068c08e"
        ],
        "x-ms-ratelimit-remaining-subscription-reads": [
          "14990"
        ],
        "x-ms-correlation-request-id": [
          "149ae344-2b82-476f-9004-7d67ccde9aa6"
        ],
        "x-ms-routing-request-id": [
          "CENTRALUS:20160427T231954Z:149ae344-2b82-476f-9004-7d67ccde9aa6"
        ],
        "Strict-Transport-Security": [
          "max-age=31536000; includeSubDomains"
        ],
        "Cache-Control": [
          "no-cache"
        ],
        "Date": [
          "Wed, 27 Apr 2016 23:19:54 GMT"
        ],
        "ETag": [
          "\"AAAAAAAACLw=\""
        ],
        "Server": [
          "Microsoft-HTTPAPI/2.0"
        ]
      },
      "StatusCode": 200
    },
    {
      "RequestUri": "/subscriptions/a200340d-6b82-494d-9dbf-687ba6e33f9e/resourceGroups/Api-Default4528/providers/Microsoft.ApiManagement/service/hydraapimservice9914/apis/571ea82900710f0345040001/operations/onesdk1002?api-version=2014-02-14",
      "EncodedRequestUri": "L3N1YnNjcmlwdGlvbnMvYTIwMDM0MGQtNmI4Mi00OTRkLTlkYmYtNjg3YmE2ZTMzZjllL3Jlc291cmNlR3JvdXBzL0FwaS1EZWZhdWx0NDUyOC9wcm92aWRlcnMvTWljcm9zb2Z0LkFwaU1hbmFnZW1lbnQvc2VydmljZS9oeWRyYWFwaW1zZXJ2aWNlOTkxNC9hcGlzLzU3MWVhODI5MDA3MTBmMDM0NTA0MDAwMS9vcGVyYXRpb25zL29uZXNkazEwMDI/YXBpLXZlcnNpb249MjAxNC0wMi0xNA==",
      "RequestMethod": "GET",
      "RequestBody": "",
      "RequestHeaders": {
        "User-Agent": [
          "Microsoft.Azure.Management.ApiManagement.ApiManagementClient/2.0.0.0"
        ]
      },
      "ResponseBody": "{\r\n  \"error\": {\r\n    \"code\": \"ResourceNotFound\",\r\n    \"message\": \"Operation not found.\",\r\n    \"details\": null\r\n  }\r\n}",
      "ResponseHeaders": {
        "Content-Length": [
          "85"
        ],
        "Content-Type": [
          "application/json; charset=utf-8"
        ],
        "Expires": [
          "-1"
        ],
        "Pragma": [
          "no-cache"
        ],
        "x-ms-request-id": [
          "b7417d4f-edc1-492e-89a6-6ac036450851"
        ],
        "x-ms-ratelimit-remaining-subscription-reads": [
          "14989"
        ],
        "x-ms-correlation-request-id": [
          "b8396bee-aa33-42ad-b872-855bb472e9a9"
        ],
        "x-ms-routing-request-id": [
          "CENTRALUS:20160427T231957Z:b8396bee-aa33-42ad-b872-855bb472e9a9"
        ],
        "Strict-Transport-Security": [
          "max-age=31536000; includeSubDomains"
        ],
        "Cache-Control": [
          "no-cache"
        ],
        "Date": [
          "Wed, 27 Apr 2016 23:19:57 GMT"
        ],
        "Server": [
          "Microsoft-HTTPAPI/2.0"
        ]
      },
      "StatusCode": 404
    },
    {
      "RequestUri": "/subscriptions/a200340d-6b82-494d-9dbf-687ba6e33f9e/resourceGroups/Api-Default4528/providers/Microsoft.ApiManagement/service/hydraapimservice9914/apis/571ea82900710f0345040001/operations/onesdk1002?api-version=2014-02-14",
      "EncodedRequestUri": "L3N1YnNjcmlwdGlvbnMvYTIwMDM0MGQtNmI4Mi00OTRkLTlkYmYtNjg3YmE2ZTMzZjllL3Jlc291cmNlR3JvdXBzL0FwaS1EZWZhdWx0NDUyOC9wcm92aWRlcnMvTWljcm9zb2Z0LkFwaU1hbmFnZW1lbnQvc2VydmljZS9oeWRyYWFwaW1zZXJ2aWNlOTkxNC9hcGlzLzU3MWVhODI5MDA3MTBmMDM0NTA0MDAwMS9vcGVyYXRpb25zL29uZXNkazEwMDI/YXBpLXZlcnNpb249MjAxNC0wMi0xNA==",
      "RequestMethod": "PATCH",
      "RequestBody": "{\r\n  \"name\": \"onesdk9730\",\r\n  \"method\": \"PUT\",\r\n  \"urlTemplate\": \"/resource/{xrid}?q={xquery}\",\r\n  \"templateParameters\": [\r\n    {\r\n      \"name\": \"xrid\",\r\n      \"description\": \"Resource identifier modified\",\r\n      \"type\": \"string\",\r\n      \"required\": false,\r\n      \"values\": []\r\n    },\r\n    {\r\n      \"name\": \"xquery\",\r\n      \"description\": \"Query string modified\",\r\n      \"type\": \"string\",\r\n      \"required\": false,\r\n      \"values\": []\r\n    }\r\n  ],\r\n  \"description\": \"onesdk9175\",\r\n  \"request\": {\r\n    \"description\": \"Create/update resource request modified\",\r\n    \"queryParameters\": [\r\n      {\r\n        \"name\": \"onesdk5838\",\r\n        \"description\": \"onesdk3001\",\r\n        \"type\": \"string\",\r\n        \"defaultValue\": \"onesdk8996\",\r\n        \"required\": true,\r\n        \"values\": [\r\n          \"onesdk8996\"\r\n        ]\r\n      }\r\n    ],\r\n    \"headers\": [\r\n      {\r\n        \"name\": \"onesdk7750\",\r\n        \"description\": \"onesdk5605\",\r\n        \"type\": \"string\",\r\n        \"defaultValue\": \"onesdk8534\",\r\n        \"required\": true,\r\n        \"values\": [\r\n          \"onesdk8534\"\r\n        ]\r\n      }\r\n    ],\r\n    \"representations\": [\r\n      {\r\n        \"contentType\": \"application/json\",\r\n        \"sample\": \"onesdk3424\"\r\n      }\r\n    ]\r\n  },\r\n  \"responses\": [\r\n    {\r\n      \"statusCode\": 1980785443,\r\n      \"description\": \"onesdk8184\",\r\n      \"representations\": [\r\n        {\r\n          \"contentType\": \"onesdk843\",\r\n          \"sample\": \"onesdk5526\"\r\n        }\r\n      ]\r\n    }\r\n  ]\r\n}",
      "RequestHeaders": {
        "Content-Type": [
          "application/json"
        ],
        "Content-Length": [
          "1465"
        ],
        "If-Match": [
          "*"
        ],
        "User-Agent": [
          "Microsoft.Azure.Management.ApiManagement.ApiManagementClient/2.0.0.0"
        ]
      },
      "ResponseBody": "",
      "ResponseHeaders": {
        "Content-Length": [
          "0"
        ],
        "Expires": [
          "-1"
        ],
        "Pragma": [
          "no-cache"
        ],
        "x-ms-request-id": [
          "fab44d48-9fe4-4a02-97f0-dc34462e76df"
        ],
        "x-ms-ratelimit-remaining-subscription-writes": [
          "1198"
        ],
        "x-ms-correlation-request-id": [
          "ba6eba43-8a1b-4da1-830f-53ebe6d7a48f"
        ],
        "x-ms-routing-request-id": [
          "CENTRALUS:20160427T231954Z:ba6eba43-8a1b-4da1-830f-53ebe6d7a48f"
        ],
        "Strict-Transport-Security": [
          "max-age=31536000; includeSubDomains"
        ],
        "Cache-Control": [
          "no-cache"
        ],
        "Date": [
          "Wed, 27 Apr 2016 23:19:54 GMT"
        ],
        "Server": [
          "Microsoft-HTTPAPI/2.0"
        ]
      },
      "StatusCode": 204
    },
    {
      "RequestUri": "/subscriptions/a200340d-6b82-494d-9dbf-687ba6e33f9e/resourceGroups/Api-Default4528/providers/Microsoft.ApiManagement/service/hydraapimservice9914/apis/571ea82900710f0345040001/operations/onesdk1002?api-version=2014-02-14",
      "EncodedRequestUri": "L3N1YnNjcmlwdGlvbnMvYTIwMDM0MGQtNmI4Mi00OTRkLTlkYmYtNjg3YmE2ZTMzZjllL3Jlc291cmNlR3JvdXBzL0FwaS1EZWZhdWx0NDUyOC9wcm92aWRlcnMvTWljcm9zb2Z0LkFwaU1hbmFnZW1lbnQvc2VydmljZS9oeWRyYWFwaW1zZXJ2aWNlOTkxNC9hcGlzLzU3MWVhODI5MDA3MTBmMDM0NTA0MDAwMS9vcGVyYXRpb25zL29uZXNkazEwMDI/YXBpLXZlcnNpb249MjAxNC0wMi0xNA==",
      "RequestMethod": "DELETE",
      "RequestBody": "",
      "RequestHeaders": {
        "If-Match": [
          "*"
        ],
        "User-Agent": [
          "Microsoft.Azure.Management.ApiManagement.ApiManagementClient/2.0.0.0"
        ]
      },
      "ResponseBody": "",
      "ResponseHeaders": {
        "Content-Length": [
          "0"
        ],
        "Expires": [
          "-1"
        ],
        "Pragma": [
          "no-cache"
        ],
        "x-ms-request-id": [
          "6b27c6aa-c992-4902-a70c-6c3a7ca3b500"
        ],
        "x-ms-ratelimit-remaining-subscription-writes": [
          "1197"
        ],
        "x-ms-correlation-request-id": [
          "23c19829-9b02-4dbb-aa38-bc4f10c57d1e"
        ],
        "x-ms-routing-request-id": [
          "CENTRALUS:20160427T231957Z:23c19829-9b02-4dbb-aa38-bc4f10c57d1e"
        ],
        "Strict-Transport-Security": [
          "max-age=31536000; includeSubDomains"
        ],
        "Cache-Control": [
          "no-cache"
        ],
        "Date": [
          "Wed, 27 Apr 2016 23:19:56 GMT"
        ],
        "Server": [
          "Microsoft-HTTPAPI/2.0"
        ]
      },
      "StatusCode": 204
    }
  ],
  "Names": {
    "": [
      "onesdk1002",
      "onesdk6106",
      "onesdk3850",
      "onesdk1927",
      "onesdk4569",
      "onesdk641",
      "onesdk35",
      "onesdk5666",
      "onesdk3447",
      "onesdk3638",
      "onesdk5455",
      "onesdk9410",
      "onesdk8404",
      "onesdk1808",
      "onesdk9730",
      "onesdk9175",
      "onesdk7830",
      "onesdk7750",
      "onesdk5605",
      "onesdk8534",
      "onesdk5838",
      "onesdk3001",
      "onesdk8996",
      "onesdk3424",
      "onesdk8184",
      "onesdk843",
      "onesdk5526"
    ]
  },
  "Variables": {
    "SubscriptionId": "a200340d-6b82-494d-9dbf-687ba6e33f9e"
  }
}