{
  "Entries": [
    {
      "RequestUri": "/providers/Microsoft.Management/managementGroups/TestPSGetGroup1?api-version=2017-11-01-preview",
      "EncodedRequestUri": "L3Byb3ZpZGVycy9NaWNyb3NvZnQuTWFuYWdlbWVudC9tYW5hZ2VtZW50R3JvdXBzL1Rlc3RQU0dldEdyb3VwMT9hcGktdmVyc2lvbj0yMDE3LTExLTAxLXByZXZpZXc=",
      "RequestMethod": "PUT",
      "RequestBody": "{}",
      "RequestHeaders": {
        "Content-Type": [
          "application/json; charset=utf-8"
        ],
        "Content-Length": [
          "2"
        ],
        "x-ms-client-request-id": [
          "4e09a922-9401-45ce-868b-39bcd1b11507"
        ],
        "Cache-Control": [
          "no-cache"
        ],
        "accept-language": [
          "en-US"
        ],
        "User-Agent": [
          "FxVersion/4.7.2600.0",
          "OSName/Windows10Enterprise",
          "OSVersion/6.3.16299",
          "Microsoft.Azure.Management.ManagementGroups.ManagementGroupsAPIClient/1.0.0.0"
        ]
      },
      "ResponseBody": "{\r\n  \"id\": \"/providers/Microsoft.Management/managementGroups/TestPSGetGroup1\",\r\n  \"type\": \"/providers/Microsoft.Management/managementGroups\",\r\n  \"name\": \"TestPSGetGroup1\",\r\n  \"properties\": {\r\n    \"tenantId\": \"6b2064b9-34bd-46e6-9092-52f2dd5f7fc0\",\r\n    \"displayName\": \"TestPSGetGroup1\",\r\n    \"details\": {\r\n      \"version\": 1,\r\n      \"updatedTime\": \"2018-02-14T00:53:21.8990141Z\",\r\n      \"updatedBy\": \"8b8f2464-6ad0-4327-b9da-5cc8ac2c650d\",\r\n      \"parent\": {\r\n        \"parentId\": \"/providers/Microsoft.Management/managementGroups/6b2064b9-34bd-46e6-9092-52f2dd5f7fc0\",\r\n        \"displayName\": \"6b2064b9-34bd-46e6-9092-52f2dd5f7fc0\"\r\n      }\r\n    }\r\n  }\r\n}",
      "ResponseHeaders": {
        "Content-Length": [
          "536"
        ],
        "Content-Type": [
          "application/json; charset=utf-8"
        ],
        "Expires": [
          "-1"
        ],
        "Pragma": [
          "no-cache"
        ],
        "Vary": [
          "Accept-Encoding"
        ],
        "x-ms-ratelimit-remaining-tenant-writes": [
          "1184"
        ],
        "x-ms-request-id": [
          "westus:574dce14-0049-46a6-8c66-feadaf8c4fc4"
        ],
        "x-ba-restapi": [
          "1.0.3.524"
        ],
        "request-id": [
          "06a7af9c-6ad4-4281-9c8a-1da85120108f"
        ],
        "x-ms-correlation-request-id": [
          "44ea6b17-9985-4847-bbea-04153613338e"
        ],
        "x-ms-routing-request-id": [
          "CENTRALUS:20180214T005324Z:44ea6b17-9985-4847-bbea-04153613338e"
        ],
        "Strict-Transport-Security": [
          "max-age=31536000; includeSubDomains"
        ],
        "X-Content-Type-Options": [
          "nosniff"
        ],
        "Cache-Control": [
          "no-cache"
        ],
        "Date": [
          "Wed, 14 Feb 2018 00:53:23 GMT"
        ],
        "Server": [
          "Microsoft-IIS/8.5"
        ],
        "X-AspNet-Version": [
          "4.0.30319"
        ],
        "X-Powered-By": [
          "ASP.NET"
        ]
      },
      "StatusCode": 200
    },
    {
      "RequestUri": "/providers/Microsoft.Management/managementGroups/TestPSGetGroup2?api-version=2017-11-01-preview",
      "EncodedRequestUri": "L3Byb3ZpZGVycy9NaWNyb3NvZnQuTWFuYWdlbWVudC9tYW5hZ2VtZW50R3JvdXBzL1Rlc3RQU0dldEdyb3VwMj9hcGktdmVyc2lvbj0yMDE3LTExLTAxLXByZXZpZXc=",
      "RequestMethod": "PUT",
      "RequestBody": "{\r\n  \"parentId\": \"/providers/Microsoft.Management/managementGroups/TestPSGetGroup1\"\r\n}",
      "RequestHeaders": {
        "Content-Type": [
          "application/json; charset=utf-8"
        ],
        "Content-Length": [
          "86"
        ],
        "x-ms-client-request-id": [
          "e79dedb4-0d79-42d3-8dff-1bedc939a5b6"
        ],
        "Cache-Control": [
          "no-cache"
        ],
        "accept-language": [
          "en-US"
        ],
        "User-Agent": [
          "FxVersion/4.7.2600.0",
          "OSName/Windows10Enterprise",
          "OSVersion/6.3.16299",
          "Microsoft.Azure.Management.ManagementGroups.ManagementGroupsAPIClient/1.0.0.0"
        ]
      },
      "ResponseBody": "{\r\n  \"id\": \"/providers/Microsoft.Management/managementGroups/TestPSGetGroup2\",\r\n  \"type\": \"/providers/Microsoft.Management/managementGroups\",\r\n  \"name\": \"TestPSGetGroup2\",\r\n  \"properties\": {\r\n    \"tenantId\": \"6b2064b9-34bd-46e6-9092-52f2dd5f7fc0\",\r\n    \"displayName\": \"TestPSGetGroup2\",\r\n    \"details\": {\r\n      \"version\": 1,\r\n      \"updatedTime\": \"2018-02-14T00:53:25.7074356Z\",\r\n      \"updatedBy\": \"8b8f2464-6ad0-4327-b9da-5cc8ac2c650d\",\r\n      \"parent\": {\r\n        \"parentId\": \"/providers/Microsoft.Management/managementGroups/TestPSGetGroup1\",\r\n        \"displayName\": \"TestPSGetGroup1\"\r\n      }\r\n    }\r\n  }\r\n}",
      "ResponseHeaders": {
        "Content-Length": [
          "494"
        ],
        "Content-Type": [
          "application/json; charset=utf-8"
        ],
        "Expires": [
          "-1"
        ],
        "Pragma": [
          "no-cache"
        ],
        "Vary": [
          "Accept-Encoding"
        ],
        "x-ms-ratelimit-remaining-tenant-writes": [
          "1183"
        ],
        "x-ms-request-id": [
          "westus:1f6e3078-f3ec-47f2-ada0-bdbee8eb8a89"
        ],
        "x-ba-restapi": [
          "1.0.3.524"
        ],
        "request-id": [
          "aed9277c-3fa3-4005-a09d-eca79a810f25"
        ],
        "x-ms-correlation-request-id": [
          "a7aa4eb5-6b84-49db-b190-e13cb9c13622"
        ],
        "x-ms-routing-request-id": [
          "CENTRALUS:20180214T005327Z:a7aa4eb5-6b84-49db-b190-e13cb9c13622"
        ],
        "Strict-Transport-Security": [
          "max-age=31536000; includeSubDomains"
        ],
        "X-Content-Type-Options": [
          "nosniff"
        ],
        "Cache-Control": [
          "no-cache"
        ],
        "Date": [
          "Wed, 14 Feb 2018 00:53:26 GMT"
        ],
        "Server": [
          "Microsoft-IIS/8.5"
        ],
        "X-AspNet-Version": [
          "4.0.30319"
        ],
        "X-Powered-By": [
          "ASP.NET"
        ]
      },
      "StatusCode": 200
    },
    {
      "RequestUri": "/providers/Microsoft.Management/managementGroups/TestPSGetGroup2?api-version=2017-11-01-preview&$recurse=false",
      "EncodedRequestUri": "L3Byb3ZpZGVycy9NaWNyb3NvZnQuTWFuYWdlbWVudC9tYW5hZ2VtZW50R3JvdXBzL1Rlc3RQU0dldEdyb3VwMj9hcGktdmVyc2lvbj0yMDE3LTExLTAxLXByZXZpZXcmJHJlY3Vyc2U9ZmFsc2U=",
      "RequestMethod": "GET",
      "RequestBody": "",
      "RequestHeaders": {
        "x-ms-client-request-id": [
          "05adbd30-28dc-46ff-8427-2e6186447d51"
        ],
        "Cache-Control": [
          "no-cache"
        ],
        "accept-language": [
          "en-US"
        ],
        "User-Agent": [
          "FxVersion/4.7.2600.0",
          "OSName/Windows10Enterprise",
          "OSVersion/6.3.16299",
          "Microsoft.Azure.Management.ManagementGroups.ManagementGroupsAPIClient/1.0.0.0"
        ]
      },
      "ResponseBody": "{\r\n  \"id\": \"/providers/Microsoft.Management/managementGroups/TestPSGetGroup2\",\r\n  \"type\": \"/providers/Microsoft.Management/managementGroups\",\r\n  \"name\": \"TestPSGetGroup2\",\r\n  \"properties\": {\r\n    \"tenantId\": \"6b2064b9-34bd-46e6-9092-52f2dd5f7fc0\",\r\n    \"displayName\": \"TestPSGetGroup2\",\r\n    \"details\": {\r\n      \"version\": 1,\r\n      \"updatedTime\": \"2018-02-14T00:53:25.7074356Z\",\r\n      \"updatedBy\": \"8b8f2464-6ad0-4327-b9da-5cc8ac2c650d\",\r\n      \"parent\": {\r\n        \"parentId\": \"/providers/Microsoft.Management/managementGroups/TestPSGetGroup1\",\r\n        \"displayName\": \"TestPSGetGroup1\"\r\n      }\r\n    }\r\n  }\r\n}",
      "ResponseHeaders": {
        "Content-Length": [
          "494"
        ],
        "Content-Type": [
          "application/json; charset=utf-8"
        ],
        "Expires": [
          "-1"
        ],
        "Pragma": [
          "no-cache"
        ],
        "Vary": [
          "Accept-Encoding"
        ],
        "x-ms-ratelimit-remaining-tenant-reads": [
          "14969"
        ],
        "x-ms-request-id": [
          "westus:4536d55b-1f5b-469d-95b3-c1dd547f2450"
        ],
        "x-ba-restapi": [
          "1.0.3.524"
        ],
        "request-id": [
          "c1b69dc4-7d38-4fa2-b72f-d3510bb06516"
        ],
        "x-ms-correlation-request-id": [
          "5ab3f94c-7f08-4c01-9b38-eb6df04194f1"
        ],
        "x-ms-routing-request-id": [
          "CENTRALUS:20180214T005327Z:5ab3f94c-7f08-4c01-9b38-eb6df04194f1"
        ],
        "Strict-Transport-Security": [
          "max-age=31536000; includeSubDomains"
        ],
        "X-Content-Type-Options": [
          "nosniff"
        ],
        "Cache-Control": [
          "no-cache"
        ],
        "Date": [
          "Wed, 14 Feb 2018 00:53:26 GMT"
        ],
        "Server": [
          "Microsoft-IIS/8.5"
        ],
        "X-AspNet-Version": [
          "4.0.30319"
        ],
        "X-Powered-By": [
          "ASP.NET"
        ]
      },
      "StatusCode": 200
    },
    {
      "RequestUri": "/providers/Microsoft.Management/managementGroups/TestPSGetGroup2?api-version=2017-11-01-preview",
      "EncodedRequestUri": "L3Byb3ZpZGVycy9NaWNyb3NvZnQuTWFuYWdlbWVudC9tYW5hZ2VtZW50R3JvdXBzL1Rlc3RQU0dldEdyb3VwMj9hcGktdmVyc2lvbj0yMDE3LTExLTAxLXByZXZpZXc=",
      "RequestMethod": "DELETE",
      "RequestBody": "",
      "RequestHeaders": {
        "x-ms-client-request-id": [
          "8d6ff26d-e787-4454-bc79-d68b81c853c6"
        ],
        "Cache-Control": [
          "no-cache"
        ],
        "accept-language": [
          "en-US"
        ],
        "User-Agent": [
          "FxVersion/4.7.2600.0",
          "OSName/Windows10Enterprise",
          "OSVersion/6.3.16299",
          "Microsoft.Azure.Management.ManagementGroups.ManagementGroupsAPIClient/1.0.0.0"
        ]
      },
      "ResponseBody": "",
      "ResponseHeaders": {
        "Content-Length": [
          "0"
        ],
        "Expires": [
          "-1"
        ],
        "Pragma": [
          "no-cache"
        ],
        "x-ms-request-id": [
          "westus:00f6fd49-dd23-42bd-9388-ff0a3b718fc5"
        ],
        "x-ba-restapi": [
          "1.0.3.524"
        ],
        "request-id": [
          "16be8239-1922-41bb-b4e6-c50c9117d314"
        ],
        "x-ms-ratelimit-remaining-tenant-writes": [
          "1182"
        ],
        "x-ms-correlation-request-id": [
          "f8079ce6-2110-486d-8a3b-8d12264665da"
        ],
        "x-ms-routing-request-id": [
          "CENTRALUS:20180214T005330Z:f8079ce6-2110-486d-8a3b-8d12264665da"
        ],
        "Strict-Transport-Security": [
          "max-age=31536000; includeSubDomains"
        ],
        "X-Content-Type-Options": [
          "nosniff"
        ],
        "Cache-Control": [
          "no-cache"
        ],
        "Date": [
          "Wed, 14 Feb 2018 00:53:30 GMT"
        ],
        "Server": [
          "Microsoft-IIS/8.5"
        ],
        "X-AspNet-Version": [
          "4.0.30319"
        ],
        "X-Powered-By": [
          "ASP.NET"
        ]
      },
      "StatusCode": 200
    },
    {
      "RequestUri": "/providers/Microsoft.Management/managementGroups/TestPSGetGroup1?api-version=2017-11-01-preview",
      "EncodedRequestUri": "L3Byb3ZpZGVycy9NaWNyb3NvZnQuTWFuYWdlbWVudC9tYW5hZ2VtZW50R3JvdXBzL1Rlc3RQU0dldEdyb3VwMT9hcGktdmVyc2lvbj0yMDE3LTExLTAxLXByZXZpZXc=",
      "RequestMethod": "DELETE",
      "RequestBody": "",
      "RequestHeaders": {
        "x-ms-client-request-id": [
          "012fbd4a-cbb1-4841-8e87-cf11be0eb5fe"
        ],
        "Cache-Control": [
          "no-cache"
        ],
        "accept-language": [
          "en-US"
        ],
        "User-Agent": [
          "FxVersion/4.7.2600.0",
          "OSName/Windows10Enterprise",
          "OSVersion/6.3.16299",
          "Microsoft.Azure.Management.ManagementGroups.ManagementGroupsAPIClient/1.0.0.0"
        ]
      },
      "ResponseBody": "",
      "ResponseHeaders": {
        "Content-Length": [
          "0"
        ],
        "Expires": [
          "-1"
        ],
        "Pragma": [
          "no-cache"
        ],
        "x-ms-request-id": [
          "westus:2ab29145-9071-4b17-99ed-3686ce95542a"
        ],
        "x-ba-restapi": [
          "1.0.3.524"
        ],
        "request-id": [
          "e5ea919d-d499-4250-9b05-9cb29d786e9d"
        ],
        "x-ms-ratelimit-remaining-tenant-writes": [
          "1181"
        ],
        "x-ms-correlation-request-id": [
          "ff9c6be8-2bf3-42f5-b073-69d11dbd0a99"
        ],
        "x-ms-routing-request-id": [
          "CENTRALUS:20180214T005332Z:ff9c6be8-2bf3-42f5-b073-69d11dbd0a99"
        ],
        "Strict-Transport-Security": [
          "max-age=31536000; includeSubDomains"
        ],
        "X-Content-Type-Options": [
          "nosniff"
        ],
        "Cache-Control": [
          "no-cache"
        ],
        "Date": [
          "Wed, 14 Feb 2018 00:53:31 GMT"
        ],
        "Server": [
          "Microsoft-IIS/8.5"
        ],
        "X-AspNet-Version": [
          "4.0.30319"
        ],
        "X-Powered-By": [
          "ASP.NET"
        ]
      },
      "StatusCode": 200
    }
  ],
  "Names": {},
  "Variables": {
    "SubscriptionId": "394ae65d-9e71-4462-930f-3332dedf845c"
  }
}