{
  "New-AzFrontDoorWafPolicy+[NoContext]+CreateExpanded+$GET+https://management.azure.com/subscriptions/27cafca8-b9a4-4264-b399-45d0c9cca1ab/resourceGroups/testps-rg-ahz7/providers/Microsoft.Network/FrontDoorWebApplicationFirewallPolicies/testpsWaf6t4b?api-version=2024-02-01+1": {
    "Request": {
      "Method": "GET",
      "RequestUri": "https://management.azure.com/subscriptions/27cafca8-b9a4-4264-b399-45d0c9cca1ab/resourceGroups/testps-rg-ahz7/providers/Microsoft.Network/FrontDoorWebApplicationFirewallPolicies/testpsWaf6t4b?api-version=2024-02-01",
      "Content": null,
      "isContentBase64": false,
      "Headers": {
        "x-ms-unique-id": [ "18" ],
        "x-ms-client-request-id": [ "73f329a2-3fa2-42f9-bd30-6ccb05fb393f" ],
        "CommandName": [ "Get-AzFrontDoorWafPolicy" ],
        "FullCommandName": [ "Get-AzFrontDoorWafPolicy_Get" ],
        "ParameterSetName": [ "__AllParameterSets" ],
        "User-Agent": [ "AzurePowershell/v13.2.0", "PSVersion/v7.5.3", "Az.FrontDoor/1.13.0" ],
        "Authorization": [ "[Filtered]" ]
      },
      "ContentHeaders": {
      }
    },
    "Response": {
      "StatusCode": 404,
      "Headers": {
        "Cache-Control": [ "no-cache" ],
        "Pragma": [ "no-cache" ],
        "x-ms-failure-cause": [ "gateway" ],
        "x-ms-request-id": [ "0e9e9316-053f-4705-b54c-552ae48fc95f" ],
        "x-ms-correlation-request-id": [ "0e9e9316-053f-4705-b54c-552ae48fc95f" ],
        "x-ms-routing-request-id": [ "WESTUS:20251014T061712Z:0e9e9316-053f-4705-b54c-552ae48fc95f" ],
        "Strict-Transport-Security": [ "max-age=31536000; includeSubDomains" ],
        "X-Content-Type-Options": [ "nosniff" ],
        "X-Cache": [ "CONFIG_NOCACHE" ],
        "X-MSEdge-Ref": [ "Ref A: D379E72FD215438CBEC45611DAFFE4AB Ref B: SYD03EDGE1114 Ref C: 2025-10-14T06:17:12Z" ],
        "Date": [ "Tue, 14 Oct 2025 06:17:11 GMT" ]
      },
      "ContentHeaders": {
        "Content-Length": [ "257" ],
        "Content-Type": [ "application/json; charset=utf-8" ],
        "Expires": [ "-1" ]
      },
      "Content": "{\"error\":{\"code\":\"ResourceNotFound\",\"message\":\"The Resource \u0027Microsoft.Network/frontdoorWebApplicationFirewallPolicies/testpsWaf6t4b\u0027 under resource group \u0027testps-rg-ahz7\u0027 was not found. For more details please go to https://aka.ms/ARMResourceNotFoundFix\"}}",
      "isContentBase64": false
    }
  },
  "New-AzFrontDoorWafPolicy+[NoContext]+CreateExpanded+$PUT+https://management.azure.com/subscriptions/27cafca8-b9a4-4264-b399-45d0c9cca1ab/resourceGroups/testps-rg-ahz7/providers/Microsoft.Network/FrontDoorWebApplicationFirewallPolicies/testpsWaf6t4b?api-version=2024-02-01+2": {
    "Request": {
      "Method": "PUT",
      "RequestUri": "https://management.azure.com/subscriptions/27cafca8-b9a4-4264-b399-45d0c9cca1ab/resourceGroups/testps-rg-ahz7/providers/Microsoft.Network/FrontDoorWebApplicationFirewallPolicies/testpsWaf6t4b?api-version=2024-02-01",
      "Content": "{\r\n  \"location\": \"global\",\r\n  \"properties\": {\r\n    \"customRules\": {\r\n      \"rules\": [\r\n        {\r\n          \"name\": \"Rule1\",\r\n          \"priority\": 2,\r\n          \"enabledState\": \"Enabled\",\r\n          \"ruleType\": \"MatchRule\",\r\n          \"rateLimitDurationInMinutes\": 1,\r\n          \"matchConditions\": [\r\n            {\r\n              \"matchVariable\": \"RequestHeader\",\r\n              \"selector\": \"UserAgent\",\r\n              \"operator\": \"Contains\",\r\n              \"matchValue\": [ \"WINDOWS\" ],\r\n              \"transforms\": [ \"Uppercase\" ]\r\n            }\r\n          ],\r\n          \"action\": \"Block\"\r\n        }\r\n      ]\r\n    },\r\n    \"managedRules\": {\r\n      \"managedRuleSets\": [\r\n        {\r\n          \"ruleSetType\": \"DefaultRuleSet\",\r\n          \"ruleSetVersion\": \"1.0\",\r\n          \"exclusions\": [\r\n            {\r\n              \"matchVariable\": \"QueryStringArgNames\",\r\n              \"selectorMatchOperator\": \"Equals\",\r\n              \"selector\": \"ExcludeInSet\"\r\n            }\r\n          ],\r\n          \"ruleGroupOverrides\": [\r\n            {\r\n              \"ruleGroupName\": \"SQLI\",\r\n              \"exclusions\": [\r\n                {\r\n                  \"matchVariable\": \"QueryStringArgNames\",\r\n                  \"selectorMatchOperator\": \"Equals\",\r\n                  \"selector\": \"ExcludeInGroup\"\r\n                }\r\n              ],\r\n              \"rules\": [\r\n                {\r\n                  \"ruleId\": \"942100\",\r\n                  \"action\": \"Log\",\r\n                  \"exclusions\": [\r\n                    {\r\n                      \"matchVariable\": \"QueryStringArgNames\",\r\n                      \"selectorMatchOperator\": \"Equals\",\r\n                      \"selector\": \"ExcludeInRule\"\r\n                    }\r\n                  ]\r\n                }\r\n              ]\r\n            }\r\n          ]\r\n        },\r\n        {\r\n          \"ruleSetType\": \"BotProtection\",\r\n          \"ruleSetVersion\": \"preview-0.1\"\r\n        }\r\n      ]\r\n    },\r\n    \"policySettings\": {\r\n      \"enabledState\": \"Enabled\",\r\n      \"mode\": \"Prevention\",\r\n      \"requestBodyCheck\": \"Disabled\",\r\n      \"javascriptChallengeExpirationInMinutes\": 30,\r\n      \"logScrubbing\": {\r\n        \"state\": \"Enabled\",\r\n        \"scrubbingRules\": [\r\n          {\r\n            \"matchVariable\": \"RequestHeaderNames\",\r\n            \"selectorMatchOperator\": \"EqualsAny\",\r\n            \"state\": \"Enabled\"\r\n          }\r\n        ]\r\n      }\r\n    }\r\n  },\r\n  \"sku\": {\r\n    \"name\": \"Premium_AzureFrontDoor\"\r\n  }\r\n}",
      "isContentBase64": false,
      "Headers": {
      },
      "ContentHeaders": {
        "Content-Type": [ "application/json" ],
        "Content-Length": [ "2426" ]
      }
    },
    "Response": {
      "StatusCode": 201,
      "Headers": {
        "Cache-Control": [ "no-cache" ],
        "Pragma": [ "no-cache" ],
        "Strict-Transport-Security": [ "max-age=31536000; includeSubDomains" ],
        "x-ms-request-id": [ "e07b4add-bc73-4903-bd04-4c09e066f521" ],
        "x-ms-client-request-id": [ "f4013ea1-256b-43e9-b618-60d378419eb4" ],
        "x-ms-operation-identifier": [ "tenantId=72f988bf-86f1-41af-91ab-2d7cd011db47,objectId=2e396a67-4dc1-43ae-afcc-c6747d291866/westus/7c6c4d82-0789-4677-ac6d-af9e7e38d120" ],
        "x-ms-ratelimit-remaining-subscription-writes": [ "799" ],
        "x-ms-ratelimit-remaining-subscription-global-writes": [ "11999" ],
        "x-ms-correlation-request-id": [ "0208674e-f966-4967-9d40-07f107fa499b" ],
        "x-ms-routing-request-id": [ "WESTUS:20251014T061714Z:0208674e-f966-4967-9d40-07f107fa499b" ],
        "X-Content-Type-Options": [ "nosniff" ],
        "X-Cache": [ "CONFIG_NOCACHE" ],
        "X-MSEdge-Ref": [ "Ref A: A9A41EBF1B834E8B8319336C197A790C Ref B: SYD03EDGE1114 Ref C: 2025-10-14T06:17:12Z" ],
        "Date": [ "Tue, 14 Oct 2025 06:17:13 GMT" ]
      },
      "ContentHeaders": {
        "Content-Length": [ "1912" ],
        "Content-Type": [ "application/json; charset=utf-8" ],
        "Expires": [ "-1" ]
      },
      "Content": "{\"id\":\"/subscriptions/27cafca8-b9a4-4264-b399-45d0c9cca1ab/resourcegroups/testps-rg-ahz7/providers/Microsoft.Network/frontdoorwebapplicationfirewallpolicies/testpsWaf6t4b\",\"type\":\"Microsoft.Network/frontdoorwebapplicationfirewallpolicies\",\"name\":\"testpsWaf6t4b\",\"location\":\"Global\",\"tags\":{},\"sku\":{\"name\":\"Premium_AzureFrontDoor\"},\"properties\":{\"policySettings\":{\"enabledState\":\"Enabled\",\"mode\":\"Prevention\",\"redirectUrl\":null,\"customBlockResponseStatusCode\":null,\"customBlockResponseBody\":null,\"requestBodyCheck\":\"Disabled\",\"javascriptChallengeExpirationInMinutes\":30,\"logScrubbing\":{\"state\":\"Enabled\",\"scrubbingRules\":[{\"matchVariable\":\"RequestHeaderNames\",\"selectorMatchOperator\":\"EqualsAny\",\"selector\":null,\"state\":\"Enabled\"}]}},\"customRules\":{\"rules\":[{\"name\":\"Rule1\",\"enabledState\":\"Enabled\",\"priority\":2,\"ruleType\":\"MatchRule\",\"rateLimitDurationInMinutes\":1,\"rateLimitThreshold\":null,\"matchConditions\":[{\"matchVariable\":\"RequestHeader\",\"selector\":\"UserAgent\",\"operator\":\"Contains\",\"negateCondition\":false,\"matchValue\":[\"WINDOWS\"],\"transforms\":[\"Uppercase\"]}],\"action\":\"Block\",\"groupBy\":[]}]},\"managedRules\":{\"managedRuleSets\":[{\"ruleSetType\":\"DefaultRuleSet\",\"ruleSetVersion\":\"1.0\",\"ruleSetAction\":null,\"ruleGroupOverrides\":[{\"ruleGroupName\":\"SQLI\",\"rules\":[{\"ruleId\":\"942100\",\"enabledState\":\"Enabled\",\"action\":\"Log\",\"exclusions\":[{\"matchVariable\":\"QueryStringArgNames\",\"selectorMatchOperator\":\"Equals\",\"selector\":\"ExcludeInRule\"}]}],\"exclusions\":[{\"matchVariable\":\"QueryStringArgNames\",\"selectorMatchOperator\":\"Equals\",\"selector\":\"ExcludeInGroup\"}]}],\"exclusions\":[{\"matchVariable\":\"QueryStringArgNames\",\"selectorMatchOperator\":\"Equals\",\"selector\":\"ExcludeInSet\"}]},{\"ruleSetType\":\"BotProtection\",\"ruleSetVersion\":\"preview-0.1\",\"ruleSetAction\":null,\"ruleGroupOverrides\":[],\"exclusions\":[]}]},\"frontendEndpointLinks\":[],\"securityPolicyLinks\":[],\"resourceState\":\"Enabled\",\"provisioningState\":\"Succeeded\"}}",
      "isContentBase64": false
    }
  },
  "New-AzFrontDoorWafPolicy+[NoContext]+CreateExpanded+$GET+https://management.azure.com/subscriptions/27cafca8-b9a4-4264-b399-45d0c9cca1ab/resourceGroups/testps-rg-ahz7/providers/Microsoft.Network/FrontDoorWebApplicationFirewallPolicies/testpsWaf6t4b?api-version=2024-02-01+3": {
    "Request": {
      "Method": "GET",
      "RequestUri": "https://management.azure.com/subscriptions/27cafca8-b9a4-4264-b399-45d0c9cca1ab/resourceGroups/testps-rg-ahz7/providers/Microsoft.Network/FrontDoorWebApplicationFirewallPolicies/testpsWaf6t4b?api-version=2024-02-01",
      "Content": null,
      "isContentBase64": false,
      "Headers": {
        "Authorization": [ "[Filtered]" ],
        "x-ms-unique-id": [ "20" ],
        "x-ms-client-request-id": [ "f4013ea1-256b-43e9-b618-60d378419eb4" ],
        "CommandName": [ "Az.FrontDoor.internal\\New-AzFrontDoorWafPolicy" ],
        "FullCommandName": [ "New-AzFrontDoorWafPolicy_CreateExpanded" ],
        "ParameterSetName": [ "__AllParameterSets" ],
        "User-Agent": [ "AzurePowershell/v13.2.0", "PSVersion/v7.5.3", "Az.FrontDoor/1.13.0" ]
      },
      "ContentHeaders": {
      }
    },
    "Response": {
      "StatusCode": 200,
      "Headers": {
        "Cache-Control": [ "no-cache" ],
        "Pragma": [ "no-cache" ],
        "Strict-Transport-Security": [ "max-age=31536000; includeSubDomains" ],
        "x-ms-request-id": [ "8c396a4d-bf31-47b0-a187-b798194b5e7a" ],
        "x-ms-client-request-id": [ "f4013ea1-256b-43e9-b618-60d378419eb4" ],
        "x-ms-ratelimit-remaining-subscription-reads": [ "1099" ],
        "x-ms-ratelimit-remaining-subscription-global-reads": [ "16499" ],
        "x-ms-correlation-request-id": [ "6fee8e92-1573-404e-9888-70d436df8087" ],
        "x-ms-routing-request-id": [ "WESTUS:20251014T061745Z:6fee8e92-1573-404e-9888-70d436df8087" ],
        "X-Content-Type-Options": [ "nosniff" ],
        "X-Cache": [ "CONFIG_NOCACHE" ],
        "X-MSEdge-Ref": [ "Ref A: 1A07DA1DA55A4CC39AA6A4868829B7AB Ref B: SYD03EDGE1114 Ref C: 2025-10-14T06:17:44Z" ],
        "Date": [ "Tue, 14 Oct 2025 06:17:44 GMT" ]
      },
      "ContentHeaders": {
        "Content-Length": [ "1912" ],
        "Content-Type": [ "application/json; charset=utf-8" ],
        "Expires": [ "-1" ]
      },
      "Content": "{\"id\":\"/subscriptions/27cafca8-b9a4-4264-b399-45d0c9cca1ab/resourcegroups/testps-rg-ahz7/providers/Microsoft.Network/frontdoorwebapplicationfirewallpolicies/testpsWaf6t4b\",\"type\":\"Microsoft.Network/frontdoorwebapplicationfirewallpolicies\",\"name\":\"testpsWaf6t4b\",\"location\":\"Global\",\"tags\":{},\"sku\":{\"name\":\"Premium_AzureFrontDoor\"},\"properties\":{\"policySettings\":{\"enabledState\":\"Enabled\",\"mode\":\"Prevention\",\"redirectUrl\":null,\"customBlockResponseStatusCode\":null,\"customBlockResponseBody\":null,\"requestBodyCheck\":\"Disabled\",\"javascriptChallengeExpirationInMinutes\":30,\"logScrubbing\":{\"state\":\"Enabled\",\"scrubbingRules\":[{\"matchVariable\":\"RequestHeaderNames\",\"selectorMatchOperator\":\"EqualsAny\",\"selector\":null,\"state\":\"Enabled\"}]}},\"customRules\":{\"rules\":[{\"name\":\"Rule1\",\"enabledState\":\"Enabled\",\"priority\":2,\"ruleType\":\"MatchRule\",\"rateLimitDurationInMinutes\":1,\"rateLimitThreshold\":null,\"matchConditions\":[{\"matchVariable\":\"RequestHeader\",\"selector\":\"UserAgent\",\"operator\":\"Contains\",\"negateCondition\":false,\"matchValue\":[\"WINDOWS\"],\"transforms\":[\"Uppercase\"]}],\"action\":\"Block\",\"groupBy\":[]}]},\"managedRules\":{\"managedRuleSets\":[{\"ruleSetType\":\"DefaultRuleSet\",\"ruleSetVersion\":\"1.0\",\"ruleSetAction\":null,\"ruleGroupOverrides\":[{\"ruleGroupName\":\"SQLI\",\"rules\":[{\"ruleId\":\"942100\",\"enabledState\":\"Enabled\",\"action\":\"Log\",\"exclusions\":[{\"matchVariable\":\"QueryStringArgNames\",\"selectorMatchOperator\":\"Equals\",\"selector\":\"ExcludeInRule\"}]}],\"exclusions\":[{\"matchVariable\":\"QueryStringArgNames\",\"selectorMatchOperator\":\"Equals\",\"selector\":\"ExcludeInGroup\"}]}],\"exclusions\":[{\"matchVariable\":\"QueryStringArgNames\",\"selectorMatchOperator\":\"Equals\",\"selector\":\"ExcludeInSet\"}]},{\"ruleSetType\":\"BotProtection\",\"ruleSetVersion\":\"preview-0.1\",\"ruleSetAction\":null,\"ruleGroupOverrides\":[],\"exclusions\":[]}]},\"frontendEndpointLinks\":[],\"securityPolicyLinks\":[],\"resourceState\":\"Enabled\",\"provisioningState\":\"Succeeded\"}}",
      "isContentBase64": false
    }
  },
  "New-AzFrontDoorWafPolicy+[NoContext]+CreateExpanded+$GET+https://management.azure.com/subscriptions/27cafca8-b9a4-4264-b399-45d0c9cca1ab/resourceGroups/testps-rg-ahz7/providers/Microsoft.Network/FrontDoorWebApplicationFirewallPolicies/testpsWaf6t4b?api-version=2024-02-01+4": {
    "Request": {
      "Method": "GET",
      "RequestUri": "https://management.azure.com/subscriptions/27cafca8-b9a4-4264-b399-45d0c9cca1ab/resourceGroups/testps-rg-ahz7/providers/Microsoft.Network/FrontDoorWebApplicationFirewallPolicies/testpsWaf6t4b?api-version=2024-02-01",
      "Content": null,
      "isContentBase64": false,
      "Headers": {
        "Authorization": [ "[Filtered]" ],
        "x-ms-unique-id": [ "21" ],
        "x-ms-client-request-id": [ "f4013ea1-256b-43e9-b618-60d378419eb4" ],
        "CommandName": [ "Az.FrontDoor.internal\\New-AzFrontDoorWafPolicy" ],
        "FullCommandName": [ "New-AzFrontDoorWafPolicy_CreateExpanded" ],
        "ParameterSetName": [ "__AllParameterSets" ],
        "User-Agent": [ "AzurePowershell/v13.2.0", "PSVersion/v7.5.3", "Az.FrontDoor/1.13.0" ]
      },
      "ContentHeaders": {
      }
    },
    "Response": {
      "StatusCode": 200,
      "Headers": {
        "Cache-Control": [ "no-cache" ],
        "Pragma": [ "no-cache" ],
        "Strict-Transport-Security": [ "max-age=31536000; includeSubDomains" ],
        "x-ms-request-id": [ "232d47a5-0d20-42cb-8dc8-4a837d835745" ],
        "x-ms-client-request-id": [ "f4013ea1-256b-43e9-b618-60d378419eb4" ],
        "x-ms-ratelimit-remaining-subscription-reads": [ "1099" ],
        "x-ms-ratelimit-remaining-subscription-global-reads": [ "16499" ],
        "x-ms-correlation-request-id": [ "900cbe0d-5c74-4fa7-8967-df6c5dfb4b12" ],
        "x-ms-routing-request-id": [ "WESTUS:20251014T061745Z:900cbe0d-5c74-4fa7-8967-df6c5dfb4b12" ],
        "X-Content-Type-Options": [ "nosniff" ],
        "X-Cache": [ "CONFIG_NOCACHE" ],
        "X-MSEdge-Ref": [ "Ref A: A806F544A8B64C29B43833A3A2A684E9 Ref B: SYD03EDGE1114 Ref C: 2025-10-14T06:17:45Z" ],
        "Date": [ "Tue, 14 Oct 2025 06:17:44 GMT" ]
      },
      "ContentHeaders": {
        "Content-Length": [ "1912" ],
        "Content-Type": [ "application/json; charset=utf-8" ],
        "Expires": [ "-1" ]
      },
      "Content": "{\"id\":\"/subscriptions/27cafca8-b9a4-4264-b399-45d0c9cca1ab/resourcegroups/testps-rg-ahz7/providers/Microsoft.Network/frontdoorwebapplicationfirewallpolicies/testpsWaf6t4b\",\"type\":\"Microsoft.Network/frontdoorwebapplicationfirewallpolicies\",\"name\":\"testpsWaf6t4b\",\"location\":\"Global\",\"tags\":{},\"sku\":{\"name\":\"Premium_AzureFrontDoor\"},\"properties\":{\"policySettings\":{\"enabledState\":\"Enabled\",\"mode\":\"Prevention\",\"redirectUrl\":null,\"customBlockResponseStatusCode\":null,\"customBlockResponseBody\":null,\"requestBodyCheck\":\"Disabled\",\"javascriptChallengeExpirationInMinutes\":30,\"logScrubbing\":{\"state\":\"Enabled\",\"scrubbingRules\":[{\"matchVariable\":\"RequestHeaderNames\",\"selectorMatchOperator\":\"EqualsAny\",\"selector\":null,\"state\":\"Enabled\"}]}},\"customRules\":{\"rules\":[{\"name\":\"Rule1\",\"enabledState\":\"Enabled\",\"priority\":2,\"ruleType\":\"MatchRule\",\"rateLimitDurationInMinutes\":1,\"rateLimitThreshold\":null,\"matchConditions\":[{\"matchVariable\":\"RequestHeader\",\"selector\":\"UserAgent\",\"operator\":\"Contains\",\"negateCondition\":false,\"matchValue\":[\"WINDOWS\"],\"transforms\":[\"Uppercase\"]}],\"action\":\"Block\",\"groupBy\":[]}]},\"managedRules\":{\"managedRuleSets\":[{\"ruleSetType\":\"DefaultRuleSet\",\"ruleSetVersion\":\"1.0\",\"ruleSetAction\":null,\"ruleGroupOverrides\":[{\"ruleGroupName\":\"SQLI\",\"rules\":[{\"ruleId\":\"942100\",\"enabledState\":\"Enabled\",\"action\":\"Log\",\"exclusions\":[{\"matchVariable\":\"QueryStringArgNames\",\"selectorMatchOperator\":\"Equals\",\"selector\":\"ExcludeInRule\"}]}],\"exclusions\":[{\"matchVariable\":\"QueryStringArgNames\",\"selectorMatchOperator\":\"Equals\",\"selector\":\"ExcludeInGroup\"}]}],\"exclusions\":[{\"matchVariable\":\"QueryStringArgNames\",\"selectorMatchOperator\":\"Equals\",\"selector\":\"ExcludeInSet\"}]},{\"ruleSetType\":\"BotProtection\",\"ruleSetVersion\":\"preview-0.1\",\"ruleSetAction\":null,\"ruleGroupOverrides\":[],\"exclusions\":[]}]},\"frontendEndpointLinks\":[],\"securityPolicyLinks\":[],\"resourceState\":\"Enabled\",\"provisioningState\":\"Succeeded\"}}",
      "isContentBase64": false
    }
  }
}