{
  "Update-AzFrontDoorWafPolicy+[NoContext]+UpdateExpanded+$GET+https://management.azure.com/subscriptions/27cafca8-b9a4-4264-b399-45d0c9cca1ab/resourceGroups/testps-rg-woz4/providers/Microsoft.Network/FrontDoorWebApplicationFirewallPolicies/testpsWafq3p2?api-version=2024-02-01+1": {
    "Request": {
      "Method": "GET",
      "RequestUri": "https://management.azure.com/subscriptions/27cafca8-b9a4-4264-b399-45d0c9cca1ab/resourceGroups/testps-rg-woz4/providers/Microsoft.Network/FrontDoorWebApplicationFirewallPolicies/testpsWafq3p2?api-version=2024-02-01",
      "Content": null,
      "isContentBase64": false,
      "Headers": {
        "x-ms-unique-id": [ "55" ],
        "x-ms-client-request-id": [ "c67379f8-04b5-4727-8e68-a601f8cf5d27" ],
        "CommandName": [ "Get-AzFrontDoorWafPolicy" ],
        "FullCommandName": [ "Get-AzFrontDoorWafPolicy_Get" ],
        "ParameterSetName": [ "__AllParameterSets" ],
        "User-Agent": [ "AzurePowershell/v13.2.0", "PSVersion/v7.5.3", "Az.FrontDoor/0.1.0" ],
        "Authorization": [ "[Filtered]" ]
      },
      "ContentHeaders": {
      }
    },
    "Response": {
      "StatusCode": 200,
      "Headers": {
        "Cache-Control": [ "no-cache" ],
        "Pragma": [ "no-cache" ],
        "Strict-Transport-Security": [ "max-age=31536000; includeSubDomains" ],
        "x-ms-request-id": [ "8ce06263-8bee-4e05-9a3a-fa42a861b48d" ],
        "x-ms-client-request-id": [ "c67379f8-04b5-4727-8e68-a601f8cf5d27" ],
        "x-ms-ratelimit-remaining-subscription-reads": [ "1099" ],
        "x-ms-ratelimit-remaining-subscription-global-reads": [ "16499" ],
        "x-ms-correlation-request-id": [ "ece06478-bbb9-4b39-b71a-eb7b008bacb8" ],
        "x-ms-routing-request-id": [ "WESTUS:20251016T030319Z:ece06478-bbb9-4b39-b71a-eb7b008bacb8" ],
        "X-Content-Type-Options": [ "nosniff" ],
        "X-Cache": [ "CONFIG_NOCACHE" ],
        "X-MSEdge-Ref": [ "Ref A: AF1F70C7FDB944E98E96264D263C3FEA Ref B: SYD03EDGE1713 Ref C: 2025-10-16T03:03:18Z" ],
        "Date": [ "Thu, 16 Oct 2025 03:03:18 GMT" ]
      },
      "ContentHeaders": {
        "Content-Length": [ "1912" ],
        "Content-Type": [ "application/json; charset=utf-8" ],
        "Expires": [ "-1" ]
      },
      "Content": "{\"id\":\"/subscriptions/27cafca8-b9a4-4264-b399-45d0c9cca1ab/resourcegroups/testps-rg-woz4/providers/Microsoft.Network/frontdoorwebapplicationfirewallpolicies/testpsWafq3p2\",\"type\":\"Microsoft.Network/frontdoorwebapplicationfirewallpolicies\",\"name\":\"testpsWafq3p2\",\"location\":\"Global\",\"tags\":{},\"sku\":{\"name\":\"Premium_AzureFrontDoor\"},\"properties\":{\"policySettings\":{\"enabledState\":\"Enabled\",\"mode\":\"Prevention\",\"redirectUrl\":null,\"customBlockResponseStatusCode\":null,\"customBlockResponseBody\":null,\"requestBodyCheck\":\"Disabled\",\"javascriptChallengeExpirationInMinutes\":30,\"logScrubbing\":{\"state\":\"Enabled\",\"scrubbingRules\":[{\"matchVariable\":\"RequestHeaderNames\",\"selectorMatchOperator\":\"EqualsAny\",\"selector\":null,\"state\":\"Enabled\"}]}},\"customRules\":{\"rules\":[{\"name\":\"Rule1\",\"enabledState\":\"Enabled\",\"priority\":2,\"ruleType\":\"MatchRule\",\"rateLimitDurationInMinutes\":1,\"rateLimitThreshold\":null,\"matchConditions\":[{\"matchVariable\":\"RequestHeader\",\"selector\":\"UserAgent\",\"operator\":\"Contains\",\"negateCondition\":false,\"matchValue\":[\"WINDOWS\"],\"transforms\":[\"Uppercase\"]}],\"action\":\"Block\",\"groupBy\":[]}]},\"managedRules\":{\"managedRuleSets\":[{\"ruleSetType\":\"DefaultRuleSet\",\"ruleSetVersion\":\"1.0\",\"ruleSetAction\":null,\"ruleGroupOverrides\":[{\"ruleGroupName\":\"SQLI\",\"rules\":[{\"ruleId\":\"942100\",\"enabledState\":\"Enabled\",\"action\":\"Log\",\"exclusions\":[{\"matchVariable\":\"QueryStringArgNames\",\"selectorMatchOperator\":\"Equals\",\"selector\":\"ExcludeInRule\"}]}],\"exclusions\":[{\"matchVariable\":\"QueryStringArgNames\",\"selectorMatchOperator\":\"Equals\",\"selector\":\"ExcludeInGroup\"}]}],\"exclusions\":[{\"matchVariable\":\"QueryStringArgNames\",\"selectorMatchOperator\":\"Equals\",\"selector\":\"ExcludeInSet\"}]},{\"ruleSetType\":\"BotProtection\",\"ruleSetVersion\":\"preview-0.1\",\"ruleSetAction\":null,\"ruleGroupOverrides\":[],\"exclusions\":[]}]},\"frontendEndpointLinks\":[],\"securityPolicyLinks\":[],\"resourceState\":\"Enabled\",\"provisioningState\":\"Succeeded\"}}",
      "isContentBase64": false
    }
  },
  "Update-AzFrontDoorWafPolicy+[NoContext]+UpdateExpanded+$GET+https://management.azure.com/subscriptions/27cafca8-b9a4-4264-b399-45d0c9cca1ab/resourceGroups/testps-rg-woz4/providers/Microsoft.Network/FrontDoorWebApplicationFirewallPolicies/testpsWafq3p2?api-version=2024-02-01+2": {
    "Request": {
      "Method": "GET",
      "RequestUri": "https://management.azure.com/subscriptions/27cafca8-b9a4-4264-b399-45d0c9cca1ab/resourceGroups/testps-rg-woz4/providers/Microsoft.Network/FrontDoorWebApplicationFirewallPolicies/testpsWafq3p2?api-version=2024-02-01",
      "Content": null,
      "isContentBase64": false,
      "Headers": {
        "x-ms-unique-id": [ "56" ],
        "x-ms-client-request-id": [ "f252ca0c-b60e-4651-8bc2-05b1daedb1c4" ],
        "CommandName": [ "Az.FrontDoor.internal\\Update-AzFrontDoorWafPolicy" ],
        "FullCommandName": [ "Update-AzFrontDoorWafPolicy_UpdateExpanded" ],
        "ParameterSetName": [ "__AllParameterSets" ],
        "User-Agent": [ "AzurePowershell/v13.2.0", "PSVersion/v7.5.3", "Az.FrontDoor/0.1.0" ],
        "Authorization": [ "[Filtered]" ]
      },
      "ContentHeaders": {
      }
    },
    "Response": {
      "StatusCode": 200,
      "Headers": {
        "Cache-Control": [ "no-cache" ],
        "Pragma": [ "no-cache" ],
        "Strict-Transport-Security": [ "max-age=31536000; includeSubDomains" ],
        "x-ms-request-id": [ "92bc2334-c285-4205-835d-150c8e55214d" ],
        "x-ms-client-request-id": [ "f252ca0c-b60e-4651-8bc2-05b1daedb1c4" ],
        "x-ms-ratelimit-remaining-subscription-reads": [ "1099" ],
        "x-ms-ratelimit-remaining-subscription-global-reads": [ "16499" ],
        "x-ms-correlation-request-id": [ "e431a62b-cb01-4753-930b-05d31155f9b3" ],
        "x-ms-routing-request-id": [ "WESTUS:20251016T030319Z:e431a62b-cb01-4753-930b-05d31155f9b3" ],
        "X-Content-Type-Options": [ "nosniff" ],
        "X-Cache": [ "CONFIG_NOCACHE" ],
        "X-MSEdge-Ref": [ "Ref A: 8CB4929559914914856839FD2C5315DC Ref B: SYD03EDGE1713 Ref C: 2025-10-16T03:03:19Z" ],
        "Date": [ "Thu, 16 Oct 2025 03:03:19 GMT" ]
      },
      "ContentHeaders": {
        "Content-Length": [ "1912" ],
        "Content-Type": [ "application/json; charset=utf-8" ],
        "Expires": [ "-1" ]
      },
      "Content": "{\"id\":\"/subscriptions/27cafca8-b9a4-4264-b399-45d0c9cca1ab/resourcegroups/testps-rg-woz4/providers/Microsoft.Network/frontdoorwebapplicationfirewallpolicies/testpsWafq3p2\",\"type\":\"Microsoft.Network/frontdoorwebapplicationfirewallpolicies\",\"name\":\"testpsWafq3p2\",\"location\":\"Global\",\"tags\":{},\"sku\":{\"name\":\"Premium_AzureFrontDoor\"},\"properties\":{\"policySettings\":{\"enabledState\":\"Enabled\",\"mode\":\"Prevention\",\"redirectUrl\":null,\"customBlockResponseStatusCode\":null,\"customBlockResponseBody\":null,\"requestBodyCheck\":\"Disabled\",\"javascriptChallengeExpirationInMinutes\":30,\"logScrubbing\":{\"state\":\"Enabled\",\"scrubbingRules\":[{\"matchVariable\":\"RequestHeaderNames\",\"selectorMatchOperator\":\"EqualsAny\",\"selector\":null,\"state\":\"Enabled\"}]}},\"customRules\":{\"rules\":[{\"name\":\"Rule1\",\"enabledState\":\"Enabled\",\"priority\":2,\"ruleType\":\"MatchRule\",\"rateLimitDurationInMinutes\":1,\"rateLimitThreshold\":null,\"matchConditions\":[{\"matchVariable\":\"RequestHeader\",\"selector\":\"UserAgent\",\"operator\":\"Contains\",\"negateCondition\":false,\"matchValue\":[\"WINDOWS\"],\"transforms\":[\"Uppercase\"]}],\"action\":\"Block\",\"groupBy\":[]}]},\"managedRules\":{\"managedRuleSets\":[{\"ruleSetType\":\"DefaultRuleSet\",\"ruleSetVersion\":\"1.0\",\"ruleSetAction\":null,\"ruleGroupOverrides\":[{\"ruleGroupName\":\"SQLI\",\"rules\":[{\"ruleId\":\"942100\",\"enabledState\":\"Enabled\",\"action\":\"Log\",\"exclusions\":[{\"matchVariable\":\"QueryStringArgNames\",\"selectorMatchOperator\":\"Equals\",\"selector\":\"ExcludeInRule\"}]}],\"exclusions\":[{\"matchVariable\":\"QueryStringArgNames\",\"selectorMatchOperator\":\"Equals\",\"selector\":\"ExcludeInGroup\"}]}],\"exclusions\":[{\"matchVariable\":\"QueryStringArgNames\",\"selectorMatchOperator\":\"Equals\",\"selector\":\"ExcludeInSet\"}]},{\"ruleSetType\":\"BotProtection\",\"ruleSetVersion\":\"preview-0.1\",\"ruleSetAction\":null,\"ruleGroupOverrides\":[],\"exclusions\":[]}]},\"frontendEndpointLinks\":[],\"securityPolicyLinks\":[],\"resourceState\":\"Enabled\",\"provisioningState\":\"Succeeded\"}}",
      "isContentBase64": false
    }
  },
  "Update-AzFrontDoorWafPolicy+[NoContext]+UpdateExpanded+$PUT+https://management.azure.com/subscriptions/27cafca8-b9a4-4264-b399-45d0c9cca1ab/resourceGroups/testps-rg-woz4/providers/Microsoft.Network/FrontDoorWebApplicationFirewallPolicies/testpsWafq3p2?api-version=2024-02-01+3": {
    "Request": {
      "Method": "PUT",
      "RequestUri": "https://management.azure.com/subscriptions/27cafca8-b9a4-4264-b399-45d0c9cca1ab/resourceGroups/testps-rg-woz4/providers/Microsoft.Network/FrontDoorWebApplicationFirewallPolicies/testpsWafq3p2?api-version=2024-02-01",
      "Content": "{\r\n  \"location\": \"global\",\r\n  \"properties\": {\r\n    \"customRules\": {\r\n      \"rules\": [\r\n        {\r\n          \"name\": \"Rule2\",\r\n          \"priority\": 2,\r\n          \"enabledState\": \"Enabled\",\r\n          \"ruleType\": \"MatchRule\",\r\n          \"rateLimitDurationInMinutes\": 1,\r\n          \"matchConditions\": [\r\n            {\r\n              \"matchVariable\": \"RequestHeader\",\r\n              \"selector\": \"UserAgent\",\r\n              \"operator\": \"Contains\",\r\n              \"matchValue\": [ \"WINDOWS\" ],\r\n              \"transforms\": [ \"Uppercase\" ]\r\n            }\r\n          ],\r\n          \"action\": \"Log\"\r\n        }\r\n      ]\r\n    },\r\n    \"managedRules\": {\r\n      \"managedRuleSets\": [\r\n        {\r\n          \"ruleSetType\": \"DefaultRuleSet\",\r\n          \"ruleSetVersion\": \"1.0\",\r\n          \"exclusions\": [\r\n            {\r\n              \"matchVariable\": \"QueryStringArgNames\",\r\n              \"selectorMatchOperator\": \"Equals\",\r\n              \"selector\": \"ExcludeInSet\"\r\n            }\r\n          ],\r\n          \"ruleGroupOverrides\": [\r\n            {\r\n              \"ruleGroupName\": \"SQLI\",\r\n              \"exclusions\": [\r\n                {\r\n                  \"matchVariable\": \"QueryStringArgNames\",\r\n                  \"selectorMatchOperator\": \"Equals\",\r\n                  \"selector\": \"ExcludeInGroup\"\r\n                }\r\n              ],\r\n              \"rules\": [\r\n                {\r\n                  \"ruleId\": \"942100\",\r\n                  \"enabledState\": \"Enabled\",\r\n                  \"action\": \"Log\",\r\n                  \"exclusions\": [\r\n                    {\r\n                      \"matchVariable\": \"QueryStringArgNames\",\r\n                      \"selectorMatchOperator\": \"Equals\",\r\n                      \"selector\": \"ExcludeInRule\"\r\n                    }\r\n                  ]\r\n                }\r\n              ]\r\n            }\r\n          ]\r\n        },\r\n        {\r\n          \"ruleSetType\": \"BotProtection\",\r\n          \"ruleSetVersion\": \"preview-0.1\",\r\n          \"exclusions\": [ ],\r\n          \"ruleGroupOverrides\": [ ]\r\n        }\r\n      ]\r\n    },\r\n    \"policySettings\": {\r\n      \"enabledState\": \"Enabled\",\r\n      \"mode\": \"Prevention\",\r\n      \"requestBodyCheck\": \"Disabled\",\r\n      \"javascriptChallengeExpirationInMinutes\": 30\r\n    }\r\n  },\r\n  \"sku\": {\r\n    \"name\": \"Premium_AzureFrontDoor\"\r\n  }\r\n}",
      "isContentBase64": false,
      "Headers": {
      },
      "ContentHeaders": {
        "Content-Type": [ "application/json" ],
        "Content-Length": [ "2273" ]
      }
    },
    "Response": {
      "StatusCode": 200,
      "Headers": {
        "Cache-Control": [ "no-cache" ],
        "Pragma": [ "no-cache" ],
        "Strict-Transport-Security": [ "max-age=31536000; includeSubDomains" ],
        "x-ms-request-id": [ "68900e91-7249-479e-8021-4229959ce852" ],
        "x-ms-client-request-id": [ "f252ca0c-b60e-4651-8bc2-05b1daedb1c4" ],
        "x-ms-operation-identifier": [ "tenantId=72f988bf-86f1-41af-91ab-2d7cd011db47,objectId=2e396a67-4dc1-43ae-afcc-c6747d291866/westus/cdb598b4-20fc-45ba-ac25-f0d83f0185d8" ],
        "x-ms-ratelimit-remaining-subscription-writes": [ "799" ],
        "x-ms-ratelimit-remaining-subscription-global-writes": [ "11999" ],
        "x-ms-correlation-request-id": [ "87720c8a-c328-4c11-aeea-8d939ca1a1b7" ],
        "x-ms-routing-request-id": [ "WESTUS:20251016T030321Z:87720c8a-c328-4c11-aeea-8d939ca1a1b7" ],
        "X-Content-Type-Options": [ "nosniff" ],
        "X-Cache": [ "CONFIG_NOCACHE" ],
        "X-MSEdge-Ref": [ "Ref A: 007D68739DCB453A83E83AC0876E674A Ref B: SYD03EDGE1713 Ref C: 2025-10-16T03:03:19Z" ],
        "Date": [ "Thu, 16 Oct 2025 03:03:21 GMT" ]
      },
      "ContentHeaders": {
        "Content-Length": [ "1767" ],
        "Content-Type": [ "application/json; charset=utf-8" ],
        "Expires": [ "-1" ]
      },
      "Content": "{\"id\":\"/subscriptions/27cafca8-b9a4-4264-b399-45d0c9cca1ab/resourcegroups/testps-rg-woz4/providers/Microsoft.Network/frontdoorwebapplicationfirewallpolicies/testpsWafq3p2\",\"type\":\"Microsoft.Network/frontdoorwebapplicationfirewallpolicies\",\"name\":\"testpsWafq3p2\",\"location\":\"Global\",\"tags\":{},\"sku\":{\"name\":\"Premium_AzureFrontDoor\"},\"properties\":{\"policySettings\":{\"enabledState\":\"Enabled\",\"mode\":\"Prevention\",\"redirectUrl\":null,\"customBlockResponseStatusCode\":null,\"customBlockResponseBody\":null,\"requestBodyCheck\":\"Disabled\",\"javascriptChallengeExpirationInMinutes\":30,\"logScrubbing\":null},\"customRules\":{\"rules\":[{\"name\":\"Rule2\",\"enabledState\":\"Enabled\",\"priority\":2,\"ruleType\":\"MatchRule\",\"rateLimitDurationInMinutes\":1,\"rateLimitThreshold\":null,\"matchConditions\":[{\"matchVariable\":\"RequestHeader\",\"selector\":\"UserAgent\",\"operator\":\"Contains\",\"negateCondition\":false,\"matchValue\":[\"WINDOWS\"],\"transforms\":[\"Uppercase\"]}],\"action\":\"Log\",\"groupBy\":[]}]},\"managedRules\":{\"managedRuleSets\":[{\"ruleSetType\":\"DefaultRuleSet\",\"ruleSetVersion\":\"1.0\",\"ruleSetAction\":null,\"ruleGroupOverrides\":[{\"ruleGroupName\":\"SQLI\",\"rules\":[{\"ruleId\":\"942100\",\"enabledState\":\"Enabled\",\"action\":\"Log\",\"exclusions\":[{\"matchVariable\":\"QueryStringArgNames\",\"selectorMatchOperator\":\"Equals\",\"selector\":\"ExcludeInRule\"}]}],\"exclusions\":[{\"matchVariable\":\"QueryStringArgNames\",\"selectorMatchOperator\":\"Equals\",\"selector\":\"ExcludeInGroup\"}]}],\"exclusions\":[{\"matchVariable\":\"QueryStringArgNames\",\"selectorMatchOperator\":\"Equals\",\"selector\":\"ExcludeInSet\"}]},{\"ruleSetType\":\"BotProtection\",\"ruleSetVersion\":\"preview-0.1\",\"ruleSetAction\":null,\"ruleGroupOverrides\":[],\"exclusions\":[]}]},\"frontendEndpointLinks\":[],\"securityPolicyLinks\":[],\"resourceState\":\"Enabled\",\"provisioningState\":\"Succeeded\"}}",
      "isContentBase64": false
    }
  },
  "Update-AzFrontDoorWafPolicy+[NoContext]+UpdateExpanded+$GET+https://management.azure.com/subscriptions/27cafca8-b9a4-4264-b399-45d0c9cca1ab/resourceGroups/testps-rg-woz4/providers/Microsoft.Network/FrontDoorWebApplicationFirewallPolicies/testpsWafq3p2?api-version=2024-02-01+4": {
    "Request": {
      "Method": "GET",
      "RequestUri": "https://management.azure.com/subscriptions/27cafca8-b9a4-4264-b399-45d0c9cca1ab/resourceGroups/testps-rg-woz4/providers/Microsoft.Network/FrontDoorWebApplicationFirewallPolicies/testpsWafq3p2?api-version=2024-02-01",
      "Content": null,
      "isContentBase64": false,
      "Headers": {
        "Authorization": [ "[Filtered]" ],
        "x-ms-unique-id": [ "58" ],
        "x-ms-client-request-id": [ "f252ca0c-b60e-4651-8bc2-05b1daedb1c4" ],
        "CommandName": [ "Az.FrontDoor.internal\\Update-AzFrontDoorWafPolicy" ],
        "FullCommandName": [ "Update-AzFrontDoorWafPolicy_UpdateExpanded" ],
        "ParameterSetName": [ "__AllParameterSets" ],
        "User-Agent": [ "AzurePowershell/v13.2.0", "PSVersion/v7.5.3", "Az.FrontDoor/0.1.0" ]
      },
      "ContentHeaders": {
      }
    },
    "Response": {
      "StatusCode": 200,
      "Headers": {
        "Cache-Control": [ "no-cache" ],
        "Pragma": [ "no-cache" ],
        "Strict-Transport-Security": [ "max-age=31536000; includeSubDomains" ],
        "x-ms-request-id": [ "07ed84e0-5c9c-480b-ba5c-1b7f8ba2b0ec" ],
        "x-ms-client-request-id": [ "f252ca0c-b60e-4651-8bc2-05b1daedb1c4" ],
        "x-ms-ratelimit-remaining-subscription-reads": [ "1099" ],
        "x-ms-ratelimit-remaining-subscription-global-reads": [ "16499" ],
        "x-ms-correlation-request-id": [ "516f49ef-e634-4995-87f5-da35236682f8" ],
        "x-ms-routing-request-id": [ "WESTUS:20251016T030352Z:516f49ef-e634-4995-87f5-da35236682f8" ],
        "X-Content-Type-Options": [ "nosniff" ],
        "X-Cache": [ "CONFIG_NOCACHE" ],
        "X-MSEdge-Ref": [ "Ref A: 6BECA2E373B74D4C87E58AA795CFAE8C Ref B: SYD03EDGE1713 Ref C: 2025-10-16T03:03:52Z" ],
        "Date": [ "Thu, 16 Oct 2025 03:03:51 GMT" ]
      },
      "ContentHeaders": {
        "Content-Length": [ "1767" ],
        "Content-Type": [ "application/json; charset=utf-8" ],
        "Expires": [ "-1" ]
      },
      "Content": "{\"id\":\"/subscriptions/27cafca8-b9a4-4264-b399-45d0c9cca1ab/resourcegroups/testps-rg-woz4/providers/Microsoft.Network/frontdoorwebapplicationfirewallpolicies/testpsWafq3p2\",\"type\":\"Microsoft.Network/frontdoorwebapplicationfirewallpolicies\",\"name\":\"testpsWafq3p2\",\"location\":\"Global\",\"tags\":{},\"sku\":{\"name\":\"Premium_AzureFrontDoor\"},\"properties\":{\"policySettings\":{\"enabledState\":\"Enabled\",\"mode\":\"Prevention\",\"redirectUrl\":null,\"customBlockResponseStatusCode\":null,\"customBlockResponseBody\":null,\"requestBodyCheck\":\"Disabled\",\"javascriptChallengeExpirationInMinutes\":30,\"logScrubbing\":null},\"customRules\":{\"rules\":[{\"name\":\"Rule2\",\"enabledState\":\"Enabled\",\"priority\":2,\"ruleType\":\"MatchRule\",\"rateLimitDurationInMinutes\":1,\"rateLimitThreshold\":null,\"matchConditions\":[{\"matchVariable\":\"RequestHeader\",\"selector\":\"UserAgent\",\"operator\":\"Contains\",\"negateCondition\":false,\"matchValue\":[\"WINDOWS\"],\"transforms\":[\"Uppercase\"]}],\"action\":\"Log\",\"groupBy\":[]}]},\"managedRules\":{\"managedRuleSets\":[{\"ruleSetType\":\"DefaultRuleSet\",\"ruleSetVersion\":\"1.0\",\"ruleSetAction\":null,\"ruleGroupOverrides\":[{\"ruleGroupName\":\"SQLI\",\"rules\":[{\"ruleId\":\"942100\",\"enabledState\":\"Enabled\",\"action\":\"Log\",\"exclusions\":[{\"matchVariable\":\"QueryStringArgNames\",\"selectorMatchOperator\":\"Equals\",\"selector\":\"ExcludeInRule\"}]}],\"exclusions\":[{\"matchVariable\":\"QueryStringArgNames\",\"selectorMatchOperator\":\"Equals\",\"selector\":\"ExcludeInGroup\"}]}],\"exclusions\":[{\"matchVariable\":\"QueryStringArgNames\",\"selectorMatchOperator\":\"Equals\",\"selector\":\"ExcludeInSet\"}]},{\"ruleSetType\":\"BotProtection\",\"ruleSetVersion\":\"preview-0.1\",\"ruleSetAction\":null,\"ruleGroupOverrides\":[],\"exclusions\":[]}]},\"frontendEndpointLinks\":[],\"securityPolicyLinks\":[],\"resourceState\":\"Enabled\",\"provisioningState\":\"Succeeded\"}}",
      "isContentBase64": false
    }
  },
  "Update-AzFrontDoorWafPolicy+[NoContext]+UpdateExpanded+$GET+https://management.azure.com/subscriptions/27cafca8-b9a4-4264-b399-45d0c9cca1ab/resourceGroups/testps-rg-woz4/providers/Microsoft.Network/FrontDoorWebApplicationFirewallPolicies/testpsWafq3p2?api-version=2024-02-01+5": {
    "Request": {
      "Method": "GET",
      "RequestUri": "https://management.azure.com/subscriptions/27cafca8-b9a4-4264-b399-45d0c9cca1ab/resourceGroups/testps-rg-woz4/providers/Microsoft.Network/FrontDoorWebApplicationFirewallPolicies/testpsWafq3p2?api-version=2024-02-01",
      "Content": null,
      "isContentBase64": false,
      "Headers": {
        "Authorization": [ "[Filtered]" ],
        "x-ms-unique-id": [ "59" ],
        "x-ms-client-request-id": [ "f252ca0c-b60e-4651-8bc2-05b1daedb1c4" ],
        "CommandName": [ "Az.FrontDoor.internal\\Update-AzFrontDoorWafPolicy" ],
        "FullCommandName": [ "Update-AzFrontDoorWafPolicy_UpdateExpanded" ],
        "ParameterSetName": [ "__AllParameterSets" ],
        "User-Agent": [ "AzurePowershell/v13.2.0", "PSVersion/v7.5.3", "Az.FrontDoor/0.1.0" ]
      },
      "ContentHeaders": {
      }
    },
    "Response": {
      "StatusCode": 200,
      "Headers": {
        "Cache-Control": [ "no-cache" ],
        "Pragma": [ "no-cache" ],
        "Strict-Transport-Security": [ "max-age=31536000; includeSubDomains" ],
        "x-ms-request-id": [ "fb470b66-48ec-412c-8a60-8602c03a31f1" ],
        "x-ms-client-request-id": [ "f252ca0c-b60e-4651-8bc2-05b1daedb1c4" ],
        "x-ms-ratelimit-remaining-subscription-reads": [ "1099" ],
        "x-ms-ratelimit-remaining-subscription-global-reads": [ "16499" ],
        "x-ms-correlation-request-id": [ "9b8008f8-0e77-4b0f-92ec-02c4d19ef7cd" ],
        "x-ms-routing-request-id": [ "WESTUS:20251016T030352Z:9b8008f8-0e77-4b0f-92ec-02c4d19ef7cd" ],
        "X-Content-Type-Options": [ "nosniff" ],
        "X-Cache": [ "CONFIG_NOCACHE" ],
        "X-MSEdge-Ref": [ "Ref A: C14A07D066124A36B309BDD28145D3EE Ref B: SYD03EDGE1713 Ref C: 2025-10-16T03:03:52Z" ],
        "Date": [ "Thu, 16 Oct 2025 03:03:52 GMT" ]
      },
      "ContentHeaders": {
        "Content-Length": [ "1767" ],
        "Content-Type": [ "application/json; charset=utf-8" ],
        "Expires": [ "-1" ]
      },
      "Content": "{\"id\":\"/subscriptions/27cafca8-b9a4-4264-b399-45d0c9cca1ab/resourcegroups/testps-rg-woz4/providers/Microsoft.Network/frontdoorwebapplicationfirewallpolicies/testpsWafq3p2\",\"type\":\"Microsoft.Network/frontdoorwebapplicationfirewallpolicies\",\"name\":\"testpsWafq3p2\",\"location\":\"Global\",\"tags\":{},\"sku\":{\"name\":\"Premium_AzureFrontDoor\"},\"properties\":{\"policySettings\":{\"enabledState\":\"Enabled\",\"mode\":\"Prevention\",\"redirectUrl\":null,\"customBlockResponseStatusCode\":null,\"customBlockResponseBody\":null,\"requestBodyCheck\":\"Disabled\",\"javascriptChallengeExpirationInMinutes\":30,\"logScrubbing\":null},\"customRules\":{\"rules\":[{\"name\":\"Rule2\",\"enabledState\":\"Enabled\",\"priority\":2,\"ruleType\":\"MatchRule\",\"rateLimitDurationInMinutes\":1,\"rateLimitThreshold\":null,\"matchConditions\":[{\"matchVariable\":\"RequestHeader\",\"selector\":\"UserAgent\",\"operator\":\"Contains\",\"negateCondition\":false,\"matchValue\":[\"WINDOWS\"],\"transforms\":[\"Uppercase\"]}],\"action\":\"Log\",\"groupBy\":[]}]},\"managedRules\":{\"managedRuleSets\":[{\"ruleSetType\":\"DefaultRuleSet\",\"ruleSetVersion\":\"1.0\",\"ruleSetAction\":null,\"ruleGroupOverrides\":[{\"ruleGroupName\":\"SQLI\",\"rules\":[{\"ruleId\":\"942100\",\"enabledState\":\"Enabled\",\"action\":\"Log\",\"exclusions\":[{\"matchVariable\":\"QueryStringArgNames\",\"selectorMatchOperator\":\"Equals\",\"selector\":\"ExcludeInRule\"}]}],\"exclusions\":[{\"matchVariable\":\"QueryStringArgNames\",\"selectorMatchOperator\":\"Equals\",\"selector\":\"ExcludeInGroup\"}]}],\"exclusions\":[{\"matchVariable\":\"QueryStringArgNames\",\"selectorMatchOperator\":\"Equals\",\"selector\":\"ExcludeInSet\"}]},{\"ruleSetType\":\"BotProtection\",\"ruleSetVersion\":\"preview-0.1\",\"ruleSetAction\":null,\"ruleGroupOverrides\":[],\"exclusions\":[]}]},\"frontendEndpointLinks\":[],\"securityPolicyLinks\":[],\"resourceState\":\"Enabled\",\"provisioningState\":\"Succeeded\"}}",
      "isContentBase64": false
    }
  }
}