{
  "Entries": [
    {
      "RequestUri": "/subscriptions/4c552dc7-a66c-4fb3-a3ee-0941f36833f6/resourcegroups/pstestrg1223?api-version=2016-02-01",
      "EncodedRequestUri": "L3N1YnNjcmlwdGlvbnMvNGM1NTJkYzctYTY2Yy00ZmIzLWEzZWUtMDk0MWYzNjgzM2Y2L3Jlc291cmNlZ3JvdXBzL3BzdGVzdHJnMTIyMz9hcGktdmVyc2lvbj0yMDE2LTAyLTAx",
      "RequestMethod": "PUT",
      "RequestBody": "{\r\n  \"location\": \"East US\"\r\n}",
      "RequestHeaders": {
        "Content-Type": [
          "application/json; charset=utf-8"
        ],
        "Content-Length": [
          "29"
        ],
        "User-Agent": [
          "Microsoft.Azure.Management.Resources.ResourceManagementClient/2.0.0.0"
        ]
      },
      "ResponseBody": "{\r\n  \"id\": \"/subscriptions/4c552dc7-a66c-4fb3-a3ee-0941f36833f6/resourceGroups/pstestrg1223\",\r\n  \"name\": \"pstestrg1223\",\r\n  \"location\": \"eastus\",\r\n  \"properties\": {\r\n    \"provisioningState\": \"Succeeded\"\r\n  }\r\n}",
      "ResponseHeaders": {
        "Content-Length": [
          "177"
        ],
        "Content-Type": [
          "application/json; charset=utf-8"
        ],
        "Expires": [
          "-1"
        ],
        "Pragma": [
          "no-cache"
        ],
        "x-ms-ratelimit-remaining-subscription-writes": [
          "1197"
        ],
        "x-ms-request-id": [
          "7b28e3e0-fe0e-4ecd-a7c7-1b9cb99d32b9"
        ],
        "x-ms-correlation-request-id": [
          "7b28e3e0-fe0e-4ecd-a7c7-1b9cb99d32b9"
        ],
        "x-ms-routing-request-id": [
          "WESTUS:20160705T200009Z:7b28e3e0-fe0e-4ecd-a7c7-1b9cb99d32b9"
        ],
        "Strict-Transport-Security": [
          "max-age=31536000; includeSubDomains"
        ],
        "Cache-Control": [
          "no-cache"
        ],
        "Date": [
          "Tue, 05 Jul 2016 20:00:09 GMT"
        ]
      },
      "StatusCode": 201
    },
    {
      "RequestUri": "/subscriptions/4c552dc7-a66c-4fb3-a3ee-0941f36833f6/resourceGroups/pstestrg1223/providers/Microsoft.Storage/storageAccounts/stopstestrg1223?api-version=2015-06-15",
      "EncodedRequestUri": "L3N1YnNjcmlwdGlvbnMvNGM1NTJkYzctYTY2Yy00ZmIzLWEzZWUtMDk0MWYzNjgzM2Y2L3Jlc291cmNlR3JvdXBzL3BzdGVzdHJnMTIyMy9wcm92aWRlcnMvTWljcm9zb2Z0LlN0b3JhZ2Uvc3RvcmFnZUFjY291bnRzL3N0b3BzdGVzdHJnMTIyMz9hcGktdmVyc2lvbj0yMDE1LTA2LTE1",
      "RequestMethod": "PUT",
      "RequestBody": "{\r\n  \"location\": \"East US\",\r\n  \"properties\": {\r\n    \"accountType\": \"Standard_GRS\"\r\n  }\r\n}",
      "RequestHeaders": {
        "Content-Type": [
          "application/json"
        ],
        "Content-Length": [
          "89"
        ],
        "x-ms-client-request-id": [
          "d5ef569a-c284-491f-b19e-870dd457f9ce"
        ],
        "User-Agent": [
          "Microsoft.Azure.Management.Storage.StorageManagementClient/3.0.0.0"
        ]
      },
      "ResponseBody": "",
      "ResponseHeaders": {
        "Content-Length": [
          "0"
        ],
        "Expires": [
          "-1"
        ],
        "Pragma": [
          "no-cache"
        ],
        "Retry-After": [
          "25"
        ],
        "x-ms-ratelimit-remaining-subscription-writes": [
          "1195"
        ],
        "x-ms-request-id": [
          "b1b92bb9-bbfb-4263-93ac-bd35998a53a2"
        ],
        "Cache-Control": [
          "no-cache"
        ],
        "Location": [
          "https://management.azure.com/subscriptions/4c552dc7-a66c-4fb3-a3ee-0941f36833f6/providers/Microsoft.Storage/operations/208a08dc-a94c-481b-8c55-409795253d05?monitor=true&api-version=2015-06-15"
        ],
        "Server": [
          "Microsoft-Azure-Storage-Resource-Provider/1.0",
          "Microsoft-HTTPAPI/2.0"
        ],
        "x-ms-correlation-request-id": [
          "b1b92bb9-bbfb-4263-93ac-bd35998a53a2"
        ],
        "x-ms-routing-request-id": [
          "WESTUS:20160705T200012Z:b1b92bb9-bbfb-4263-93ac-bd35998a53a2"
        ],
        "Strict-Transport-Security": [
          "max-age=31536000; includeSubDomains"
        ],
        "Date": [
          "Tue, 05 Jul 2016 20:00:11 GMT"
        ]
      },
      "StatusCode": 202
    },
    {
      "RequestUri": "/subscriptions/4c552dc7-a66c-4fb3-a3ee-0941f36833f6/providers/Microsoft.Storage/operations/208a08dc-a94c-481b-8c55-409795253d05?monitor=true&api-version=2015-06-15",
      "EncodedRequestUri": "L3N1YnNjcmlwdGlvbnMvNGM1NTJkYzctYTY2Yy00ZmIzLWEzZWUtMDk0MWYzNjgzM2Y2L3Byb3ZpZGVycy9NaWNyb3NvZnQuU3RvcmFnZS9vcGVyYXRpb25zLzIwOGEwOGRjLWE5NGMtNDgxYi04YzU1LTQwOTc5NTI1M2QwNT9tb25pdG9yPXRydWUmYXBpLXZlcnNpb249MjAxNS0wNi0xNQ==",
      "RequestMethod": "GET",
      "RequestBody": "",
      "RequestHeaders": {
        "x-ms-client-request-id": [
          "502d1bd6-51fd-4afb-8c7d-290612c90fa6"
        ],
        "User-Agent": [
          "Microsoft.Azure.Management.Storage.StorageManagementClient/3.0.0.0"
        ]
      },
      "ResponseBody": "",
      "ResponseHeaders": {
        "Content-Length": [
          "0"
        ],
        "Expires": [
          "-1"
        ],
        "Pragma": [
          "no-cache"
        ],
        "Retry-After": [
          "25"
        ],
        "x-ms-ratelimit-remaining-subscription-reads": [
          "14980"
        ],
        "x-ms-request-id": [
          "299d76a5-bfda-4ece-bf44-7c097910ceed"
        ],
        "Cache-Control": [
          "no-cache"
        ],
        "Location": [
          "https://management.azure.com/subscriptions/4c552dc7-a66c-4fb3-a3ee-0941f36833f6/providers/Microsoft.Storage/operations/208a08dc-a94c-481b-8c55-409795253d05?monitor=true&api-version=2015-06-15"
        ],
        "Server": [
          "Microsoft-Azure-Storage-Resource-Provider/1.0",
          "Microsoft-HTTPAPI/2.0"
        ],
        "x-ms-correlation-request-id": [
          "299d76a5-bfda-4ece-bf44-7c097910ceed"
        ],
        "x-ms-routing-request-id": [
          "WESTUS:20160705T200012Z:299d76a5-bfda-4ece-bf44-7c097910ceed"
        ],
        "Strict-Transport-Security": [
          "max-age=31536000; includeSubDomains"
        ],
        "Date": [
          "Tue, 05 Jul 2016 20:00:11 GMT"
        ]
      },
      "StatusCode": 202
    },
    {
      "RequestUri": "/subscriptions/4c552dc7-a66c-4fb3-a3ee-0941f36833f6/providers/Microsoft.Storage/operations/208a08dc-a94c-481b-8c55-409795253d05?monitor=true&api-version=2015-06-15",
      "EncodedRequestUri": "L3N1YnNjcmlwdGlvbnMvNGM1NTJkYzctYTY2Yy00ZmIzLWEzZWUtMDk0MWYzNjgzM2Y2L3Byb3ZpZGVycy9NaWNyb3NvZnQuU3RvcmFnZS9vcGVyYXRpb25zLzIwOGEwOGRjLWE5NGMtNDgxYi04YzU1LTQwOTc5NTI1M2QwNT9tb25pdG9yPXRydWUmYXBpLXZlcnNpb249MjAxNS0wNi0xNQ==",
      "RequestMethod": "GET",
      "RequestBody": "",
      "RequestHeaders": {
        "x-ms-client-request-id": [
          "9fd9dbd2-0ca0-4387-a44e-53b1abab4228"
        ],
        "User-Agent": [
          "Microsoft.Azure.Management.Storage.StorageManagementClient/3.0.0.0"
        ]
      },
      "ResponseBody": "{\r\n  \"location\": \"East US\",\r\n  \"properties\": {\r\n    \"accountType\": \"Standard_GRS\"\r\n  }\r\n}",
      "ResponseHeaders": {
        "Content-Length": [
          "66"
        ],
        "Content-Type": [
          "application/json"
        ],
        "Expires": [
          "-1"
        ],
        "Pragma": [
          "no-cache"
        ],
        "x-ms-request-id": [
          "5f9e1862-6f75-4cc0-b1b5-235158b6c0fb"
        ],
        "Cache-Control": [
          "no-cache"
        ],
        "Server": [
          "Microsoft-Azure-Storage-Resource-Provider/1.0",
          "Microsoft-HTTPAPI/2.0"
        ],
        "x-ms-ratelimit-remaining-subscription-reads": [
          "14978"
        ],
        "x-ms-correlation-request-id": [
          "5f9e1862-6f75-4cc0-b1b5-235158b6c0fb"
        ],
        "x-ms-routing-request-id": [
          "WESTUS:20160705T200037Z:5f9e1862-6f75-4cc0-b1b5-235158b6c0fb"
        ],
        "Strict-Transport-Security": [
          "max-age=31536000; includeSubDomains"
        ],
        "Date": [
          "Tue, 05 Jul 2016 20:00:37 GMT"
        ]
      },
      "StatusCode": 200
    },
    {
      "RequestUri": "/subscriptions/4c552dc7-a66c-4fb3-a3ee-0941f36833f6/resourceGroups/pstestrg1223/providers/Microsoft.Storage/storageAccounts/stopstestrg1223?api-version=2015-06-15",
      "EncodedRequestUri": "L3N1YnNjcmlwdGlvbnMvNGM1NTJkYzctYTY2Yy00ZmIzLWEzZWUtMDk0MWYzNjgzM2Y2L3Jlc291cmNlR3JvdXBzL3BzdGVzdHJnMTIyMy9wcm92aWRlcnMvTWljcm9zb2Z0LlN0b3JhZ2Uvc3RvcmFnZUFjY291bnRzL3N0b3BzdGVzdHJnMTIyMz9hcGktdmVyc2lvbj0yMDE1LTA2LTE1",
      "RequestMethod": "GET",
      "RequestBody": "",
      "RequestHeaders": {
        "x-ms-client-request-id": [
          "84842767-bc61-4963-b4a2-e1b48ef04726"
        ],
        "User-Agent": [
          "Microsoft.Azure.Management.Storage.StorageManagementClient/3.0.0.0"
        ]
      },
      "ResponseBody": "{\r\n  \"id\": \"/subscriptions/4c552dc7-a66c-4fb3-a3ee-0941f36833f6/resourceGroups/pstestrg1223/providers/Microsoft.Storage/storageAccounts/stopstestrg1223\",\r\n  \"location\": \"eastus\",\r\n  \"name\": \"stopstestrg1223\",\r\n  \"properties\": {\r\n    \"accountType\": \"Standard_GRS\",\r\n    \"creationTime\": \"2016-07-05T20:00:11.7618423Z\",\r\n    \"primaryEndpoints\": {\r\n      \"blob\": \"https://stopstestrg1223.blob.core.windows.net/\",\r\n      \"file\": \"https://stopstestrg1223.file.core.windows.net/\",\r\n      \"queue\": \"https://stopstestrg1223.queue.core.windows.net/\",\r\n      \"table\": \"https://stopstestrg1223.table.core.windows.net/\"\r\n    },\r\n    \"primaryLocation\": \"eastus\",\r\n    \"provisioningState\": \"Succeeded\",\r\n    \"secondaryLocation\": \"westus\",\r\n    \"statusOfPrimary\": \"available\",\r\n    \"statusOfSecondary\": \"available\"\r\n  },\r\n  \"tags\": {},\r\n  \"type\": \"Microsoft.Storage/storageAccounts\"\r\n}",
      "ResponseHeaders": {
        "Content-Length": [
          "736"
        ],
        "Content-Type": [
          "application/json"
        ],
        "Expires": [
          "-1"
        ],
        "Pragma": [
          "no-cache"
        ],
        "x-ms-request-id": [
          "3783012a-0141-4b6e-83e4-235da777761a"
        ],
        "Cache-Control": [
          "no-cache"
        ],
        "Server": [
          "Microsoft-Azure-Storage-Resource-Provider/1.0",
          "Microsoft-HTTPAPI/2.0"
        ],
        "x-ms-ratelimit-remaining-subscription-reads": [
          "14977"
        ],
        "x-ms-correlation-request-id": [
          "3783012a-0141-4b6e-83e4-235da777761a"
        ],
        "x-ms-routing-request-id": [
          "WESTUS:20160705T200037Z:3783012a-0141-4b6e-83e4-235da777761a"
        ],
        "Strict-Transport-Security": [
          "max-age=31536000; includeSubDomains"
        ],
        "Date": [
          "Tue, 05 Jul 2016 20:00:37 GMT"
        ]
      },
      "StatusCode": 200
    },
    {
      "RequestUri": "/subscriptions/4c552dc7-a66c-4fb3-a3ee-0941f36833f6/resourceGroups/pstestrg1223/providers/Microsoft.Storage/storageAccounts/stopstestrg1223?api-version=2015-06-15",
      "EncodedRequestUri": "L3N1YnNjcmlwdGlvbnMvNGM1NTJkYzctYTY2Yy00ZmIzLWEzZWUtMDk0MWYzNjgzM2Y2L3Jlc291cmNlR3JvdXBzL3BzdGVzdHJnMTIyMy9wcm92aWRlcnMvTWljcm9zb2Z0LlN0b3JhZ2Uvc3RvcmFnZUFjY291bnRzL3N0b3BzdGVzdHJnMTIyMz9hcGktdmVyc2lvbj0yMDE1LTA2LTE1",
      "RequestMethod": "GET",
      "RequestBody": "",
      "RequestHeaders": {
        "x-ms-client-request-id": [
          "7c5f36dc-c873-4499-a3ec-9cd18a6ce78f"
        ],
        "User-Agent": [
          "Microsoft.Azure.Management.Storage.StorageManagementClient/3.0.0.0"
        ]
      },
      "ResponseBody": "{\r\n  \"id\": \"/subscriptions/4c552dc7-a66c-4fb3-a3ee-0941f36833f6/resourceGroups/pstestrg1223/providers/Microsoft.Storage/storageAccounts/stopstestrg1223\",\r\n  \"location\": \"eastus\",\r\n  \"name\": \"stopstestrg1223\",\r\n  \"properties\": {\r\n    \"accountType\": \"Standard_GRS\",\r\n    \"creationTime\": \"2016-07-05T20:00:11.7618423Z\",\r\n    \"primaryEndpoints\": {\r\n      \"blob\": \"https://stopstestrg1223.blob.core.windows.net/\",\r\n      \"file\": \"https://stopstestrg1223.file.core.windows.net/\",\r\n      \"queue\": \"https://stopstestrg1223.queue.core.windows.net/\",\r\n      \"table\": \"https://stopstestrg1223.table.core.windows.net/\"\r\n    },\r\n    \"primaryLocation\": \"eastus\",\r\n    \"provisioningState\": \"Succeeded\",\r\n    \"secondaryLocation\": \"westus\",\r\n    \"statusOfPrimary\": \"available\",\r\n    \"statusOfSecondary\": \"available\"\r\n  },\r\n  \"tags\": {},\r\n  \"type\": \"Microsoft.Storage/storageAccounts\"\r\n}",
      "ResponseHeaders": {
        "Content-Length": [
          "736"
        ],
        "Content-Type": [
          "application/json"
        ],
        "Expires": [
          "-1"
        ],
        "Pragma": [
          "no-cache"
        ],
        "x-ms-request-id": [
          "e9600f0b-60d3-4307-8daa-2fb586dee773"
        ],
        "Cache-Control": [
          "no-cache"
        ],
        "Server": [
          "Microsoft-Azure-Storage-Resource-Provider/1.0",
          "Microsoft-HTTPAPI/2.0"
        ],
        "x-ms-ratelimit-remaining-subscription-reads": [
          "14976"
        ],
        "x-ms-correlation-request-id": [
          "e9600f0b-60d3-4307-8daa-2fb586dee773"
        ],
        "x-ms-routing-request-id": [
          "WESTUS:20160705T200038Z:e9600f0b-60d3-4307-8daa-2fb586dee773"
        ],
        "Strict-Transport-Security": [
          "max-age=31536000; includeSubDomains"
        ],
        "Date": [
          "Tue, 05 Jul 2016 20:00:37 GMT"
        ]
      },
      "StatusCode": 200
    },
    {
      "RequestUri": "/subscriptions/4c552dc7-a66c-4fb3-a3ee-0941f36833f6/resourceGroups/pstestrg1223/providers/Microsoft.Media/mediaservices/medpstestrg1223?api-version=2015-10-01",
      "EncodedRequestUri": "L3N1YnNjcmlwdGlvbnMvNGM1NTJkYzctYTY2Yy00ZmIzLWEzZWUtMDk0MWYzNjgzM2Y2L3Jlc291cmNlR3JvdXBzL3BzdGVzdHJnMTIyMy9wcm92aWRlcnMvTWljcm9zb2Z0Lk1lZGlhL21lZGlhc2VydmljZXMvbWVkcHN0ZXN0cmcxMjIzP2FwaS12ZXJzaW9uPTIwMTUtMTAtMDE=",
      "RequestMethod": "GET",
      "RequestBody": "",
      "RequestHeaders": {
        "x-ms-client-request-id": [
          "d2fdf0da-2b44-4bd3-b28a-aeccf9a2c294"
        ],
        "accept-language": [
          "en-US"
        ],
        "User-Agent": [
          "Microsoft.Azure.Management.Media.MediaServicesManagementClient/1.0.0.0"
        ]
      },
      "ResponseBody": "{\r\n  \"error\": {\r\n    \"code\": \"ResourceNotFound\",\r\n    \"message\": \"The Resource 'Microsoft.Media/mediaservices/medpstestrg1223' under resource group 'pstestrg1223' was not found.\"\r\n  }\r\n}",
      "ResponseHeaders": {
        "Content-Length": [
          "161"
        ],
        "Content-Type": [
          "application/json; charset=utf-8"
        ],
        "Expires": [
          "-1"
        ],
        "Pragma": [
          "no-cache"
        ],
        "x-ms-failure-cause": [
          "gateway"
        ],
        "x-ms-request-id": [
          "7bab0071-78a0-4e60-8639-a186bbec3e35"
        ],
        "x-ms-correlation-request-id": [
          "7bab0071-78a0-4e60-8639-a186bbec3e35"
        ],
        "x-ms-routing-request-id": [
          "WESTUS:20160705T200038Z:7bab0071-78a0-4e60-8639-a186bbec3e35"
        ],
        "Strict-Transport-Security": [
          "max-age=31536000; includeSubDomains"
        ],
        "Cache-Control": [
          "no-cache"
        ],
        "Date": [
          "Tue, 05 Jul 2016 20:00:38 GMT"
        ]
      },
      "StatusCode": 404
    },
    {
      "RequestUri": "/subscriptions/4c552dc7-a66c-4fb3-a3ee-0941f36833f6/resourceGroups/pstestrg1223/providers/Microsoft.Media/mediaservices/medpstestrg1223?api-version=2015-10-01",
      "EncodedRequestUri": "L3N1YnNjcmlwdGlvbnMvNGM1NTJkYzctYTY2Yy00ZmIzLWEzZWUtMDk0MWYzNjgzM2Y2L3Jlc291cmNlR3JvdXBzL3BzdGVzdHJnMTIyMy9wcm92aWRlcnMvTWljcm9zb2Z0Lk1lZGlhL21lZGlhc2VydmljZXMvbWVkcHN0ZXN0cmcxMjIzP2FwaS12ZXJzaW9uPTIwMTUtMTAtMDE=",
      "RequestMethod": "GET",
      "RequestBody": "",
      "RequestHeaders": {
        "x-ms-client-request-id": [
          "2189b40c-cb7c-46f3-80a1-ecba245dff01"
        ],
        "accept-language": [
          "en-US"
        ],
        "User-Agent": [
          "Microsoft.Azure.Management.Media.MediaServicesManagementClient/1.0.0.0"
        ]
      },
      "ResponseBody": "{\r\n  \"name\": \"medpstestrg1223\",\r\n  \"id\": \"/subscriptions/4c552dc7-a66c-4fb3-a3ee-0941f36833f6/resourcegroups/pstestrg1223/providers/Microsoft.Media/mediaservices/medpstestrg1223\",\r\n  \"type\": \"Microsoft.Media/mediaservices\",\r\n  \"tags\": {\r\n    \"tag2\": \"value2\",\r\n    \"tag1\": \"value1\"\r\n  },\r\n  \"location\": \"East US\",\r\n  \"properties\": {\r\n    \"apiEndpoints\": [\r\n      {\r\n        \"endpoint\": \"https://wamsbluclus001rest-hs.cloudapp.net/api/\",\r\n        \"majorVersion\": \"2\"\r\n      }\r\n    ],\r\n    \"storageAccounts\": [\r\n      {\r\n        \"id\": \"/subscriptions/4c552dc7-a66c-4fb3-a3ee-0941f36833f6/resourceGroups/pstestrg1223/providers/Microsoft.Storage/storageAccounts/stopstestrg1223\",\r\n        \"isPrimary\": true\r\n      }\r\n    ]\r\n  }\r\n}",
      "ResponseHeaders": {
        "Content-Length": [
          "660"
        ],
        "Content-Type": [
          "application/json; odata.metadata=minimal; odata.streaming=true"
        ],
        "Expires": [
          "-1"
        ],
        "Pragma": [
          "no-cache"
        ],
        "x-ms-request-id": [
          "2f40c36f-6511-41c9-94ec-166ed9cb18b3"
        ],
        "x-ms-client-request-id": [
          "2189b40c-cb7c-46f3-80a1-ecba245dff01"
        ],
        "OData-Version": [
          "4.0"
        ],
        "Strict-Transport-Security": [
          "max-age=31536000; includeSubDomains"
        ],
        "x-ms-ratelimit-remaining-subscription-reads": [
          "14963"
        ],
        "x-ms-correlation-request-id": [
          "02bc3358-223b-4765-a3ff-ae3123ea6711"
        ],
        "x-ms-routing-request-id": [
          "WESTUS:20160705T200046Z:02bc3358-223b-4765-a3ff-ae3123ea6711"
        ],
        "Cache-Control": [
          "no-cache"
        ],
        "Date": [
          "Tue, 05 Jul 2016 20:00:45 GMT"
        ],
        "Server": [
          "Microsoft-IIS/8.5"
        ],
        "X-AspNet-Version": [
          "4.0.30319"
        ],
        "X-Powered-By": [
          "ASP.NET"
        ]
      },
      "StatusCode": 200
    },
    {
      "RequestUri": "/subscriptions/4c552dc7-a66c-4fb3-a3ee-0941f36833f6/resourceGroups/pstestrg1223/providers/Microsoft.Media/mediaservices/medpstestrg1223?api-version=2015-10-01",
      "EncodedRequestUri": "L3N1YnNjcmlwdGlvbnMvNGM1NTJkYzctYTY2Yy00ZmIzLWEzZWUtMDk0MWYzNjgzM2Y2L3Jlc291cmNlR3JvdXBzL3BzdGVzdHJnMTIyMy9wcm92aWRlcnMvTWljcm9zb2Z0Lk1lZGlhL21lZGlhc2VydmljZXMvbWVkcHN0ZXN0cmcxMjIzP2FwaS12ZXJzaW9uPTIwMTUtMTAtMDE=",
      "RequestMethod": "GET",
      "RequestBody": "",
      "RequestHeaders": {
        "x-ms-client-request-id": [
          "5a6aab5f-11e1-4f5f-aa3f-0515a6107e9a"
        ],
        "accept-language": [
          "en-US"
        ],
        "User-Agent": [
          "Microsoft.Azure.Management.Media.MediaServicesManagementClient/1.0.0.0"
        ]
      },
      "ResponseBody": "{\r\n  \"name\": \"medpstestrg1223\",\r\n  \"id\": \"/subscriptions/4c552dc7-a66c-4fb3-a3ee-0941f36833f6/resourcegroups/pstestrg1223/providers/Microsoft.Media/mediaservices/medpstestrg1223\",\r\n  \"type\": \"Microsoft.Media/mediaservices\",\r\n  \"tags\": {\r\n    \"tag4\": \"value4\",\r\n    \"tag3\": \"value3\"\r\n  },\r\n  \"location\": \"East US\",\r\n  \"properties\": {\r\n    \"apiEndpoints\": [\r\n      {\r\n        \"endpoint\": \"https://wamsbluclus001rest-hs.cloudapp.net/api/\",\r\n        \"majorVersion\": \"2\"\r\n      }\r\n    ],\r\n    \"storageAccounts\": [\r\n      {\r\n        \"id\": \"/subscriptions/4c552dc7-a66c-4fb3-a3ee-0941f36833f6/resourceGroups/pstestrg1223/providers/Microsoft.Storage/storageAccounts/stopstestrg1223\",\r\n        \"isPrimary\": true\r\n      }\r\n    ]\r\n  }\r\n}",
      "ResponseHeaders": {
        "Content-Length": [
          "660"
        ],
        "Content-Type": [
          "application/json; odata.metadata=minimal; odata.streaming=true"
        ],
        "Expires": [
          "-1"
        ],
        "Pragma": [
          "no-cache"
        ],
        "x-ms-request-id": [
          "d7332f5e-0dde-47ed-b212-b944dd15b387"
        ],
        "x-ms-client-request-id": [
          "5a6aab5f-11e1-4f5f-aa3f-0515a6107e9a"
        ],
        "OData-Version": [
          "4.0"
        ],
        "Strict-Transport-Security": [
          "max-age=31536000; includeSubDomains"
        ],
        "x-ms-ratelimit-remaining-subscription-reads": [
          "14962"
        ],
        "x-ms-correlation-request-id": [
          "aa7bd3df-3a26-4eec-8146-b155659be9d8"
        ],
        "x-ms-routing-request-id": [
          "WESTUS:20160705T200049Z:aa7bd3df-3a26-4eec-8146-b155659be9d8"
        ],
        "Cache-Control": [
          "no-cache"
        ],
        "Date": [
          "Tue, 05 Jul 2016 20:00:48 GMT"
        ],
        "Server": [
          "Microsoft-IIS/8.5"
        ],
        "X-AspNet-Version": [
          "4.0.30319"
        ],
        "X-Powered-By": [
          "ASP.NET"
        ]
      },
      "StatusCode": 200
    },
    {
      "RequestUri": "/subscriptions/4c552dc7-a66c-4fb3-a3ee-0941f36833f6/resourceGroups/pstestrg1223/providers/Microsoft.Media/mediaservices/medpstestrg1223?api-version=2015-10-01",
      "EncodedRequestUri": "L3N1YnNjcmlwdGlvbnMvNGM1NTJkYzctYTY2Yy00ZmIzLWEzZWUtMDk0MWYzNjgzM2Y2L3Jlc291cmNlR3JvdXBzL3BzdGVzdHJnMTIyMy9wcm92aWRlcnMvTWljcm9zb2Z0Lk1lZGlhL21lZGlhc2VydmljZXMvbWVkcHN0ZXN0cmcxMjIzP2FwaS12ZXJzaW9uPTIwMTUtMTAtMDE=",
      "RequestMethod": "GET",
      "RequestBody": "",
      "RequestHeaders": {
        "x-ms-client-request-id": [
          "c0d927e5-3243-4743-aa10-4c57663ee1b4"
        ],
        "accept-language": [
          "en-US"
        ],
        "User-Agent": [
          "Microsoft.Azure.Management.Media.MediaServicesManagementClient/1.0.0.0"
        ]
      },
      "ResponseBody": "{\r\n  \"name\": \"medpstestrg1223\",\r\n  \"id\": \"/subscriptions/4c552dc7-a66c-4fb3-a3ee-0941f36833f6/resourcegroups/pstestrg1223/providers/Microsoft.Media/mediaservices/medpstestrg1223\",\r\n  \"type\": \"Microsoft.Media/mediaservices\",\r\n  \"tags\": {\r\n    \"tag4\": \"value4\",\r\n    \"tag3\": \"value3\"\r\n  },\r\n  \"location\": \"East US\",\r\n  \"properties\": {\r\n    \"apiEndpoints\": [\r\n      {\r\n        \"endpoint\": \"https://wamsbluclus001rest-hs.cloudapp.net/api/\",\r\n        \"majorVersion\": \"2\"\r\n      }\r\n    ],\r\n    \"storageAccounts\": [\r\n      {\r\n        \"id\": \"/subscriptions/4c552dc7-a66c-4fb3-a3ee-0941f36833f6/resourceGroups/pstestrg1223/providers/Microsoft.Storage/storageAccounts/stopstestrg1223\",\r\n        \"isPrimary\": true\r\n      }\r\n    ]\r\n  }\r\n}",
      "ResponseHeaders": {
        "Content-Length": [
          "660"
        ],
        "Content-Type": [
          "application/json; odata.metadata=minimal; odata.streaming=true"
        ],
        "Expires": [
          "-1"
        ],
        "Pragma": [
          "no-cache"
        ],
        "x-ms-request-id": [
          "0c1291d9-92b8-49c7-9ad5-3741cb8b38e0"
        ],
        "x-ms-client-request-id": [
          "c0d927e5-3243-4743-aa10-4c57663ee1b4"
        ],
        "OData-Version": [
          "4.0"
        ],
        "Strict-Transport-Security": [
          "max-age=31536000; includeSubDomains"
        ],
        "x-ms-ratelimit-remaining-subscription-reads": [
          "14961"
        ],
        "x-ms-correlation-request-id": [
          "5750cd0c-c4b5-4d67-b857-eac193d76d80"
        ],
        "x-ms-routing-request-id": [
          "WESTUS:20160705T200049Z:5750cd0c-c4b5-4d67-b857-eac193d76d80"
        ],
        "Cache-Control": [
          "no-cache"
        ],
        "Date": [
          "Tue, 05 Jul 2016 20:00:48 GMT"
        ],
        "Server": [
          "Microsoft-IIS/8.5"
        ],
        "X-AspNet-Version": [
          "4.0.30319"
        ],
        "X-Powered-By": [
          "ASP.NET"
        ]
      },
      "StatusCode": 200
    },
    {
      "RequestUri": "/subscriptions/4c552dc7-a66c-4fb3-a3ee-0941f36833f6/resourceGroups/pstestrg1223/providers/Microsoft.Media/mediaservices/medpstestrg1223?api-version=2015-10-01",
      "EncodedRequestUri": "L3N1YnNjcmlwdGlvbnMvNGM1NTJkYzctYTY2Yy00ZmIzLWEzZWUtMDk0MWYzNjgzM2Y2L3Jlc291cmNlR3JvdXBzL3BzdGVzdHJnMTIyMy9wcm92aWRlcnMvTWljcm9zb2Z0Lk1lZGlhL21lZGlhc2VydmljZXMvbWVkcHN0ZXN0cmcxMjIzP2FwaS12ZXJzaW9uPTIwMTUtMTAtMDE=",
      "RequestMethod": "GET",
      "RequestBody": "",
      "RequestHeaders": {
        "x-ms-client-request-id": [
          "d9de9254-cd49-4ba1-ac72-61a0fb2649a9"
        ],
        "accept-language": [
          "en-US"
        ],
        "User-Agent": [
          "Microsoft.Azure.Management.Media.MediaServicesManagementClient/1.0.0.0"
        ]
      },
      "ResponseBody": "{\r\n  \"name\": \"medpstestrg1223\",\r\n  \"id\": \"/subscriptions/4c552dc7-a66c-4fb3-a3ee-0941f36833f6/resourcegroups/pstestrg1223/providers/Microsoft.Media/mediaservices/medpstestrg1223\",\r\n  \"type\": \"Microsoft.Media/mediaservices\",\r\n  \"tags\": {\r\n    \"tag4\": \"value4\",\r\n    \"tag3\": \"value3\"\r\n  },\r\n  \"location\": \"East US\",\r\n  \"properties\": {\r\n    \"apiEndpoints\": [\r\n      {\r\n        \"endpoint\": \"https://wamsbluclus001rest-hs.cloudapp.net/api/\",\r\n        \"majorVersion\": \"2\"\r\n      }\r\n    ],\r\n    \"storageAccounts\": [\r\n      {\r\n        \"id\": \"/subscriptions/4c552dc7-a66c-4fb3-a3ee-0941f36833f6/resourceGroups/pstestrg1223/providers/Microsoft.Storage/storageAccounts/stopstestrg1223\",\r\n        \"isPrimary\": true\r\n      }\r\n    ]\r\n  }\r\n}",
      "ResponseHeaders": {
        "Content-Length": [
          "660"
        ],
        "Content-Type": [
          "application/json; odata.metadata=minimal; odata.streaming=true"
        ],
        "Expires": [
          "-1"
        ],
        "Pragma": [
          "no-cache"
        ],
        "x-ms-request-id": [
          "0edb1539-a736-4c40-b445-4a8d95d71dd0"
        ],
        "x-ms-client-request-id": [
          "d9de9254-cd49-4ba1-ac72-61a0fb2649a9"
        ],
        "OData-Version": [
          "4.0"
        ],
        "Strict-Transport-Security": [
          "max-age=31536000; includeSubDomains"
        ],
        "x-ms-ratelimit-remaining-subscription-reads": [
          "14960"
        ],
        "x-ms-correlation-request-id": [
          "abf82a06-b6a6-4c9d-8ee2-c97af43f9cc3"
        ],
        "x-ms-routing-request-id": [
          "WESTUS:20160705T200050Z:abf82a06-b6a6-4c9d-8ee2-c97af43f9cc3"
        ],
        "Cache-Control": [
          "no-cache"
        ],
        "Date": [
          "Tue, 05 Jul 2016 20:00:49 GMT"
        ],
        "Server": [
          "Microsoft-IIS/8.5"
        ],
        "X-AspNet-Version": [
          "4.0.30319"
        ],
        "X-Powered-By": [
          "ASP.NET"
        ]
      },
      "StatusCode": 200
    },
    {
      "RequestUri": "/subscriptions/4c552dc7-a66c-4fb3-a3ee-0941f36833f6/resourceGroups/pstestrg1223/providers/Microsoft.Media/mediaservices/medpstestrg1223?api-version=2015-10-01",
      "EncodedRequestUri": "L3N1YnNjcmlwdGlvbnMvNGM1NTJkYzctYTY2Yy00ZmIzLWEzZWUtMDk0MWYzNjgzM2Y2L3Jlc291cmNlR3JvdXBzL3BzdGVzdHJnMTIyMy9wcm92aWRlcnMvTWljcm9zb2Z0Lk1lZGlhL21lZGlhc2VydmljZXMvbWVkcHN0ZXN0cmcxMjIzP2FwaS12ZXJzaW9uPTIwMTUtMTAtMDE=",
      "RequestMethod": "PUT",
      "RequestBody": "{\r\n  \"properties\": {\r\n    \"storageAccounts\": [\r\n      {\r\n        \"id\": \"/subscriptions/4c552dc7-a66c-4fb3-a3ee-0941f36833f6/resourceGroups/pstestrg1223/providers/Microsoft.Storage/storageAccounts/stopstestrg1223\",\r\n        \"isPrimary\": true\r\n      }\r\n    ]\r\n  },\r\n  \"location\": \"East US\",\r\n  \"tags\": {\r\n    \"tag2\": \"value2\",\r\n    \"tag1\": \"value1\"\r\n  }\r\n}",
      "RequestHeaders": {
        "Content-Type": [
          "application/json; charset=utf-8"
        ],
        "Content-Length": [
          "354"
        ],
        "x-ms-client-request-id": [
          "0108147d-b5c4-4119-82a2-9f389de98f2b"
        ],
        "accept-language": [
          "en-US"
        ],
        "User-Agent": [
          "Microsoft.Azure.Management.Media.MediaServicesManagementClient/1.0.0.0"
        ]
      },
      "ResponseBody": "{\r\n  \"name\": \"medpstestrg1223\",\r\n  \"id\": \"/subscriptions/4c552dc7-a66c-4fb3-a3ee-0941f36833f6/resourcegroups/pstestrg1223/providers/Microsoft.Media/mediaservices/medpstestrg1223\",\r\n  \"type\": \"Microsoft.Media/mediaservices\",\r\n  \"tags\": {\r\n    \"tag2\": \"value2\",\r\n    \"tag1\": \"value1\"\r\n  },\r\n  \"location\": \"East US\",\r\n  \"properties\": {\r\n    \"apiEndpoints\": [\r\n      {\r\n        \"endpoint\": \"https://wamsbluclus001rest-hs.cloudapp.net/api/\",\r\n        \"majorVersion\": \"2\"\r\n      }\r\n    ],\r\n    \"storageAccounts\": [\r\n      {\r\n        \"id\": \"/subscriptions/4c552dc7-a66c-4fb3-a3ee-0941f36833f6/resourceGroups/pstestrg1223/providers/Microsoft.Storage/storageAccounts/stopstestrg1223\",\r\n        \"isPrimary\": true\r\n      }\r\n    ]\r\n  }\r\n}",
      "ResponseHeaders": {
        "Content-Length": [
          "660"
        ],
        "Content-Type": [
          "application/json; odata.metadata=minimal"
        ],
        "Expires": [
          "-1"
        ],
        "Pragma": [
          "no-cache"
        ],
        "x-ms-request-id": [
          "71e5cc02-c783-4e09-b93f-43c9b0528a2f"
        ],
        "x-ms-client-request-id": [
          "0108147d-b5c4-4119-82a2-9f389de98f2b"
        ],
        "OData-Version": [
          "4.0"
        ],
        "Strict-Transport-Security": [
          "max-age=31536000; includeSubDomains"
        ],
        "x-ms-ratelimit-remaining-subscription-writes": [
          "1196"
        ],
        "x-ms-correlation-request-id": [
          "ff77b39f-a5f0-4768-a62f-8717713f0b99"
        ],
        "x-ms-routing-request-id": [
          "WESTUS:20160705T200045Z:ff77b39f-a5f0-4768-a62f-8717713f0b99"
        ],
        "Cache-Control": [
          "no-cache"
        ],
        "Date": [
          "Tue, 05 Jul 2016 20:00:45 GMT"
        ],
        "Server": [
          "Microsoft-IIS/8.5"
        ],
        "X-AspNet-Version": [
          "4.0.30319"
        ],
        "X-Powered-By": [
          "ASP.NET"
        ]
      },
      "StatusCode": 201
    },
    {
      "RequestUri": "/subscriptions/4c552dc7-a66c-4fb3-a3ee-0941f36833f6/resourceGroups/pstestrg1223/providers/Microsoft.Media/mediaservices/medpstestrg1223?api-version=2015-10-01",
      "EncodedRequestUri": "L3N1YnNjcmlwdGlvbnMvNGM1NTJkYzctYTY2Yy00ZmIzLWEzZWUtMDk0MWYzNjgzM2Y2L3Jlc291cmNlR3JvdXBzL3BzdGVzdHJnMTIyMy9wcm92aWRlcnMvTWljcm9zb2Z0Lk1lZGlhL21lZGlhc2VydmljZXMvbWVkcHN0ZXN0cmcxMjIzP2FwaS12ZXJzaW9uPTIwMTUtMTAtMDE=",
      "RequestMethod": "PATCH",
      "RequestBody": "{\r\n  \"tags\": {\r\n    \"tag4\": \"value4\",\r\n    \"tag3\": \"value3\"\r\n  }\r\n}",
      "RequestHeaders": {
        "Content-Type": [
          "application/json; charset=utf-8"
        ],
        "Content-Length": [
          "67"
        ],
        "x-ms-client-request-id": [
          "ee93fb29-a2ea-47ff-bdc0-323e715dc198"
        ],
        "accept-language": [
          "en-US"
        ],
        "User-Agent": [
          "Microsoft.Azure.Management.Media.MediaServicesManagementClient/1.0.0.0"
        ]
      },
      "ResponseBody": "{\r\n  \"name\": \"medpstestrg1223\",\r\n  \"id\": \"/subscriptions/4c552dc7-a66c-4fb3-a3ee-0941f36833f6/resourcegroups/pstestrg1223/providers/Microsoft.Media/mediaservices/medpstestrg1223\",\r\n  \"type\": \"Microsoft.Media/mediaservices\",\r\n  \"tags\": {\r\n    \"tag4\": \"value4\",\r\n    \"tag3\": \"value3\"\r\n  },\r\n  \"location\": \"East US\",\r\n  \"properties\": {\r\n    \"apiEndpoints\": [\r\n      {\r\n        \"endpoint\": \"https://wamsbluclus001rest-hs.cloudapp.net/api/\",\r\n        \"majorVersion\": \"2\"\r\n      }\r\n    ],\r\n    \"storageAccounts\": [\r\n      {\r\n        \"id\": \"/subscriptions/4c552dc7-a66c-4fb3-a3ee-0941f36833f6/resourceGroups/pstestrg1223/providers/Microsoft.Storage/storageAccounts/stopstestrg1223\",\r\n        \"isPrimary\": true\r\n      }\r\n    ]\r\n  }\r\n}",
      "ResponseHeaders": {
        "Content-Length": [
          "660"
        ],
        "Content-Type": [
          "application/json; odata.metadata=minimal"
        ],
        "Expires": [
          "-1"
        ],
        "Pragma": [
          "no-cache"
        ],
        "x-ms-request-id": [
          "b8caf265-6d80-487b-ae4d-84f5f78e6dc8"
        ],
        "x-ms-client-request-id": [
          "ee93fb29-a2ea-47ff-bdc0-323e715dc198"
        ],
        "OData-Version": [
          "4.0"
        ],
        "Strict-Transport-Security": [
          "max-age=31536000; includeSubDomains"
        ],
        "x-ms-ratelimit-remaining-subscription-writes": [
          "1195"
        ],
        "x-ms-correlation-request-id": [
          "39e0d564-a9e5-4690-9428-6949c8827493"
        ],
        "x-ms-routing-request-id": [
          "WESTUS:20160705T200048Z:39e0d564-a9e5-4690-9428-6949c8827493"
        ],
        "Cache-Control": [
          "no-cache"
        ],
        "Date": [
          "Tue, 05 Jul 2016 20:00:47 GMT"
        ],
        "Server": [
          "Microsoft-IIS/8.5"
        ],
        "X-AspNet-Version": [
          "4.0.30319"
        ],
        "X-Powered-By": [
          "ASP.NET"
        ]
      },
      "StatusCode": 200
    },
    {
      "RequestUri": "/subscriptions/4c552dc7-a66c-4fb3-a3ee-0941f36833f6/resourceGroups/pstestrg1223/providers/Microsoft.Media/mediaservices/medpstestrg1223/listKeys?api-version=2015-10-01",
      "EncodedRequestUri": "L3N1YnNjcmlwdGlvbnMvNGM1NTJkYzctYTY2Yy00ZmIzLWEzZWUtMDk0MWYzNjgzM2Y2L3Jlc291cmNlR3JvdXBzL3BzdGVzdHJnMTIyMy9wcm92aWRlcnMvTWljcm9zb2Z0Lk1lZGlhL21lZGlhc2VydmljZXMvbWVkcHN0ZXN0cmcxMjIzL2xpc3RLZXlzP2FwaS12ZXJzaW9uPTIwMTUtMTAtMDE=",
      "RequestMethod": "POST",
      "RequestBody": "",
      "RequestHeaders": {
        "x-ms-client-request-id": [
          "0a4d15b5-020b-4a36-8b63-962eb3b97621"
        ],
        "accept-language": [
          "en-US"
        ],
        "User-Agent": [
          "Microsoft.Azure.Management.Media.MediaServicesManagementClient/1.0.0.0"
        ]
      },
      "ResponseBody": "{\r\n  \"primaryAuthEndpoint\": \"https://wamsprodglobal001acs.accesscontrol.windows.net/\",\r\n  \"secondaryAuthEndpoint\": \"https://wamsprodglobal002acs.accesscontrol.windows.net/\",\r\n  \"primaryKey\": \"ti2VqR22T+u7P5nVMGBV9xTXtpRA1PXiWqwDGvxZS/o=\",\r\n  \"secondaryKey\": \"KM48E1BhyzB4kINDXuoIvcbkIvrw0Ec2tm1QZwj0R4I=\",\r\n  \"scope\": \"urn:windowsazuremediaservices\"\r\n}",
      "ResponseHeaders": {
        "Content-Length": [
          "331"
        ],
        "Content-Type": [
          "application/json; odata.metadata=minimal; odata.streaming=true"
        ],
        "Expires": [
          "-1"
        ],
        "Pragma": [
          "no-cache"
        ],
        "x-ms-request-id": [
          "aa7f72cc-f7ec-485d-945b-f0cb1ce3b21d"
        ],
        "x-ms-client-request-id": [
          "0a4d15b5-020b-4a36-8b63-962eb3b97621"
        ],
        "OData-Version": [
          "4.0"
        ],
        "Strict-Transport-Security": [
          "max-age=31536000; includeSubDomains"
        ],
        "x-ms-ratelimit-remaining-subscription-writes": [
          "1194"
        ],
        "x-ms-correlation-request-id": [
          "4c7a6def-cddc-4c2a-a9d2-cb0b5927f787"
        ],
        "x-ms-routing-request-id": [
          "WESTUS:20160705T200049Z:4c7a6def-cddc-4c2a-a9d2-cb0b5927f787"
        ],
        "Cache-Control": [
          "no-cache"
        ],
        "Date": [
          "Tue, 05 Jul 2016 20:00:48 GMT"
        ],
        "Server": [
          "Microsoft-IIS/8.5"
        ],
        "X-AspNet-Version": [
          "4.0.30319"
        ],
        "X-Powered-By": [
          "ASP.NET"
        ]
      },
      "StatusCode": 200
    },
    {
      "RequestUri": "/subscriptions/4c552dc7-a66c-4fb3-a3ee-0941f36833f6/resourceGroups/pstestrg1223/providers/Microsoft.Media/mediaservices/medpstestrg1223/regenerateKey?api-version=2015-10-01",
      "EncodedRequestUri": "L3N1YnNjcmlwdGlvbnMvNGM1NTJkYzctYTY2Yy00ZmIzLWEzZWUtMDk0MWYzNjgzM2Y2L3Jlc291cmNlR3JvdXBzL3BzdGVzdHJnMTIyMy9wcm92aWRlcnMvTWljcm9zb2Z0Lk1lZGlhL21lZGlhc2VydmljZXMvbWVkcHN0ZXN0cmcxMjIzL3JlZ2VuZXJhdGVLZXk/YXBpLXZlcnNpb249MjAxNS0xMC0wMQ==",
      "RequestMethod": "POST",
      "RequestBody": "{\r\n  \"keyType\": \"Secondary\"\r\n}",
      "RequestHeaders": {
        "Content-Type": [
          "application/json; charset=utf-8"
        ],
        "Content-Length": [
          "30"
        ],
        "x-ms-client-request-id": [
          "16ca3345-0ea6-4029-8c7e-70f53802baf0"
        ],
        "accept-language": [
          "en-US"
        ],
        "User-Agent": [
          "Microsoft.Azure.Management.Media.MediaServicesManagementClient/1.0.0.0"
        ]
      },
      "ResponseBody": "{\r\n  \"key\": \"FK8pNrs+ChlDPUS9wWm96/SmIvG6Tbk1zt48z0cohUQ=\"\r\n}",
      "ResponseHeaders": {
        "Content-Length": [
          "60"
        ],
        "Content-Type": [
          "application/json; odata.metadata=minimal"
        ],
        "Expires": [
          "-1"
        ],
        "Pragma": [
          "no-cache"
        ],
        "x-ms-request-id": [
          "67149a0c-56d1-4260-a4f6-dc6348880136"
        ],
        "x-ms-client-request-id": [
          "16ca3345-0ea6-4029-8c7e-70f53802baf0"
        ],
        "OData-Version": [
          "4.0"
        ],
        "Strict-Transport-Security": [
          "max-age=31536000; includeSubDomains"
        ],
        "x-ms-ratelimit-remaining-subscription-writes": [
          "1193"
        ],
        "x-ms-correlation-request-id": [
          "3ae8f888-2190-47c0-8c02-132b1f90532a"
        ],
        "x-ms-routing-request-id": [
          "WESTUS:20160705T200050Z:3ae8f888-2190-47c0-8c02-132b1f90532a"
        ],
        "Cache-Control": [
          "no-cache"
        ],
        "Date": [
          "Tue, 05 Jul 2016 20:00:49 GMT"
        ],
        "Server": [
          "Microsoft-IIS/8.5"
        ],
        "X-AspNet-Version": [
          "4.0.30319"
        ],
        "X-Powered-By": [
          "ASP.NET"
        ]
      },
      "StatusCode": 200
    },
    {
      "RequestUri": "/subscriptions/4c552dc7-a66c-4fb3-a3ee-0941f36833f6/resourceGroups/pstestrg1223/providers/Microsoft.Media/mediaservices/medpstestrg1223?api-version=2015-10-01",
      "EncodedRequestUri": "L3N1YnNjcmlwdGlvbnMvNGM1NTJkYzctYTY2Yy00ZmIzLWEzZWUtMDk0MWYzNjgzM2Y2L3Jlc291cmNlR3JvdXBzL3BzdGVzdHJnMTIyMy9wcm92aWRlcnMvTWljcm9zb2Z0Lk1lZGlhL21lZGlhc2VydmljZXMvbWVkcHN0ZXN0cmcxMjIzP2FwaS12ZXJzaW9uPTIwMTUtMTAtMDE=",
      "RequestMethod": "DELETE",
      "RequestBody": "",
      "RequestHeaders": {
        "x-ms-client-request-id": [
          "78413407-d1ea-49dd-b718-a858d79a7120"
        ],
        "accept-language": [
          "en-US"
        ],
        "User-Agent": [
          "Microsoft.Azure.Management.Media.MediaServicesManagementClient/1.0.0.0"
        ]
      },
      "ResponseBody": "",
      "ResponseHeaders": {
        "Content-Length": [
          "0"
        ],
        "Expires": [
          "-1"
        ],
        "Pragma": [
          "no-cache"
        ],
        "x-ms-request-id": [
          "5f32e1fb-f30c-4b6f-ad90-3c992bde8dae"
        ],
        "x-ms-client-request-id": [
          "78413407-d1ea-49dd-b718-a858d79a7120"
        ],
        "Strict-Transport-Security": [
          "max-age=31536000; includeSubDomains"
        ],
        "x-ms-ratelimit-remaining-subscription-writes": [
          "1192"
        ],
        "x-ms-correlation-request-id": [
          "784682be-bf4b-49fb-b659-08fde4d5b194"
        ],
        "x-ms-routing-request-id": [
          "WESTUS:20160705T200053Z:784682be-bf4b-49fb-b659-08fde4d5b194"
        ],
        "Cache-Control": [
          "no-cache"
        ],
        "Date": [
          "Tue, 05 Jul 2016 20:00:52 GMT"
        ],
        "Server": [
          "Microsoft-IIS/8.5"
        ],
        "X-AspNet-Version": [
          "4.0.30319"
        ],
        "X-Powered-By": [
          "ASP.NET"
        ]
      },
      "StatusCode": 200
    },
    {
      "RequestUri": "/subscriptions/4c552dc7-a66c-4fb3-a3ee-0941f36833f6/resourcegroups/pstestrg1223?api-version=2016-02-01",
      "EncodedRequestUri": "L3N1YnNjcmlwdGlvbnMvNGM1NTJkYzctYTY2Yy00ZmIzLWEzZWUtMDk0MWYzNjgzM2Y2L3Jlc291cmNlZ3JvdXBzL3BzdGVzdHJnMTIyMz9hcGktdmVyc2lvbj0yMDE2LTAyLTAx",
      "RequestMethod": "DELETE",
      "RequestBody": "",
      "RequestHeaders": {
        "User-Agent": [
          "Microsoft.Azure.Management.Resources.ResourceManagementClient/2.0.0.0"
        ]
      },
      "ResponseBody": "",
      "ResponseHeaders": {
        "Content-Length": [
          "0"
        ],
        "Expires": [
          "-1"
        ],
        "Pragma": [
          "no-cache"
        ],
        "Retry-After": [
          "15"
        ],
        "x-ms-ratelimit-remaining-subscription-writes": [
          "1191"
        ],
        "x-ms-request-id": [
          "48afff48-bc22-4144-b33b-b7609bd7fe07"
        ],
        "x-ms-correlation-request-id": [
          "48afff48-bc22-4144-b33b-b7609bd7fe07"
        ],
        "x-ms-routing-request-id": [
          "WESTUS:20160705T200054Z:48afff48-bc22-4144-b33b-b7609bd7fe07"
        ],
        "Strict-Transport-Security": [
          "max-age=31536000; includeSubDomains"
        ],
        "Cache-Control": [
          "no-cache"
        ],
        "Date": [
          "Tue, 05 Jul 2016 20:00:53 GMT"
        ],
        "Location": [
          "https://management.azure.com/subscriptions/4c552dc7-a66c-4fb3-a3ee-0941f36833f6/operationresults/eyJqb2JJZCI6IlJFU09VUkNFR1JPVVBERUxFVElPTkpPQi1QU1RFU1RSRzEyMjMtRUFTVFVTIiwiam9iTG9jYXRpb24iOiJlYXN0dXMifQ?api-version=2016-02-01"
        ]
      },
      "StatusCode": 202
    },
    {
      "RequestUri": "/subscriptions/4c552dc7-a66c-4fb3-a3ee-0941f36833f6/operationresults/eyJqb2JJZCI6IlJFU09VUkNFR1JPVVBERUxFVElPTkpPQi1QU1RFU1RSRzEyMjMtRUFTVFVTIiwiam9iTG9jYXRpb24iOiJlYXN0dXMifQ?api-version=2016-02-01",
      "EncodedRequestUri": "L3N1YnNjcmlwdGlvbnMvNGM1NTJkYzctYTY2Yy00ZmIzLWEzZWUtMDk0MWYzNjgzM2Y2L29wZXJhdGlvbnJlc3VsdHMvZXlKcWIySkpaQ0k2SWxKRlUwOVZVa05GUjFKUFZWQkVSVXhGVkVsUFRrcFBRaTFRVTFSRlUxUlNSekV5TWpNdFJVRlRWRlZUSWl3aWFtOWlURzlqWVhScGIyNGlPaUpsWVhOMGRYTWlmUT9hcGktdmVyc2lvbj0yMDE2LTAyLTAx",
      "RequestMethod": "GET",
      "RequestBody": "",
      "RequestHeaders": {
        "x-ms-version": [
          "2016-02-01"
        ],
        "User-Agent": [
          "Microsoft.Azure.Management.Resources.ResourceManagementClient/2.0.0.0"
        ]
      },
      "ResponseBody": "",
      "ResponseHeaders": {
        "Content-Length": [
          "0"
        ],
        "Expires": [
          "-1"
        ],
        "Pragma": [
          "no-cache"
        ],
        "Retry-After": [
          "15"
        ],
        "x-ms-ratelimit-remaining-subscription-reads": [
          "14959"
        ],
        "x-ms-request-id": [
          "4198e401-4a1a-4130-936a-196391ca47bf"
        ],
        "x-ms-correlation-request-id": [
          "4198e401-4a1a-4130-936a-196391ca47bf"
        ],
        "x-ms-routing-request-id": [
          "WESTUS:20160705T200054Z:4198e401-4a1a-4130-936a-196391ca47bf"
        ],
        "Strict-Transport-Security": [
          "max-age=31536000; includeSubDomains"
        ],
        "Cache-Control": [
          "no-cache"
        ],
        "Date": [
          "Tue, 05 Jul 2016 20:00:53 GMT"
        ],
        "Location": [
          "https://management.azure.com/subscriptions/4c552dc7-a66c-4fb3-a3ee-0941f36833f6/operationresults/eyJqb2JJZCI6IlJFU09VUkNFR1JPVVBERUxFVElPTkpPQi1QU1RFU1RSRzEyMjMtRUFTVFVTIiwiam9iTG9jYXRpb24iOiJlYXN0dXMifQ?api-version=2016-02-01"
        ]
      },
      "StatusCode": 202
    },
    {
      "RequestUri": "/subscriptions/4c552dc7-a66c-4fb3-a3ee-0941f36833f6/operationresults/eyJqb2JJZCI6IlJFU09VUkNFR1JPVVBERUxFVElPTkpPQi1QU1RFU1RSRzEyMjMtRUFTVFVTIiwiam9iTG9jYXRpb24iOiJlYXN0dXMifQ?api-version=2016-02-01",
      "EncodedRequestUri": "L3N1YnNjcmlwdGlvbnMvNGM1NTJkYzctYTY2Yy00ZmIzLWEzZWUtMDk0MWYzNjgzM2Y2L29wZXJhdGlvbnJlc3VsdHMvZXlKcWIySkpaQ0k2SWxKRlUwOVZVa05GUjFKUFZWQkVSVXhGVkVsUFRrcFBRaTFRVTFSRlUxUlNSekV5TWpNdFJVRlRWRlZUSWl3aWFtOWlURzlqWVhScGIyNGlPaUpsWVhOMGRYTWlmUT9hcGktdmVyc2lvbj0yMDE2LTAyLTAx",
      "RequestMethod": "GET",
      "RequestBody": "",
      "RequestHeaders": {
        "x-ms-version": [
          "2016-02-01"
        ],
        "User-Agent": [
          "Microsoft.Azure.Management.Resources.ResourceManagementClient/2.0.0.0"
        ]
      },
      "ResponseBody": "",
      "ResponseHeaders": {
        "Content-Length": [
          "0"
        ],
        "Expires": [
          "-1"
        ],
        "Pragma": [
          "no-cache"
        ],
        "Retry-After": [
          "15"
        ],
        "x-ms-ratelimit-remaining-subscription-reads": [
          "14975"
        ],
        "x-ms-request-id": [
          "7ec6cc15-ef25-4409-8cfa-bcb13d6c8873"
        ],
        "x-ms-correlation-request-id": [
          "7ec6cc15-ef25-4409-8cfa-bcb13d6c8873"
        ],
        "x-ms-routing-request-id": [
          "WESTUS:20160705T200109Z:7ec6cc15-ef25-4409-8cfa-bcb13d6c8873"
        ],
        "Strict-Transport-Security": [
          "max-age=31536000; includeSubDomains"
        ],
        "Cache-Control": [
          "no-cache"
        ],
        "Date": [
          "Tue, 05 Jul 2016 20:01:09 GMT"
        ],
        "Location": [
          "https://management.azure.com/subscriptions/4c552dc7-a66c-4fb3-a3ee-0941f36833f6/operationresults/eyJqb2JJZCI6IlJFU09VUkNFR1JPVVBERUxFVElPTkpPQi1QU1RFU1RSRzEyMjMtRUFTVFVTIiwiam9iTG9jYXRpb24iOiJlYXN0dXMifQ?api-version=2016-02-01"
        ]
      },
      "StatusCode": 202
    },
    {
      "RequestUri": "/subscriptions/4c552dc7-a66c-4fb3-a3ee-0941f36833f6/operationresults/eyJqb2JJZCI6IlJFU09VUkNFR1JPVVBERUxFVElPTkpPQi1QU1RFU1RSRzEyMjMtRUFTVFVTIiwiam9iTG9jYXRpb24iOiJlYXN0dXMifQ?api-version=2016-02-01",
      "EncodedRequestUri": "L3N1YnNjcmlwdGlvbnMvNGM1NTJkYzctYTY2Yy00ZmIzLWEzZWUtMDk0MWYzNjgzM2Y2L29wZXJhdGlvbnJlc3VsdHMvZXlKcWIySkpaQ0k2SWxKRlUwOVZVa05GUjFKUFZWQkVSVXhGVkVsUFRrcFBRaTFRVTFSRlUxUlNSekV5TWpNdFJVRlRWRlZUSWl3aWFtOWlURzlqWVhScGIyNGlPaUpsWVhOMGRYTWlmUT9hcGktdmVyc2lvbj0yMDE2LTAyLTAx",
      "RequestMethod": "GET",
      "RequestBody": "",
      "RequestHeaders": {
        "x-ms-version": [
          "2016-02-01"
        ],
        "User-Agent": [
          "Microsoft.Azure.Management.Resources.ResourceManagementClient/2.0.0.0"
        ]
      },
      "ResponseBody": "",
      "ResponseHeaders": {
        "Content-Length": [
          "0"
        ],
        "Expires": [
          "-1"
        ],
        "Pragma": [
          "no-cache"
        ],
        "Retry-After": [
          "15"
        ],
        "x-ms-ratelimit-remaining-subscription-reads": [
          "14992"
        ],
        "x-ms-request-id": [
          "6c94ff52-d44d-451d-83c9-0707bddc6ad0"
        ],
        "x-ms-correlation-request-id": [
          "6c94ff52-d44d-451d-83c9-0707bddc6ad0"
        ],
        "x-ms-routing-request-id": [
          "WESTUS:20160705T200125Z:6c94ff52-d44d-451d-83c9-0707bddc6ad0"
        ],
        "Strict-Transport-Security": [
          "max-age=31536000; includeSubDomains"
        ],
        "Cache-Control": [
          "no-cache"
        ],
        "Date": [
          "Tue, 05 Jul 2016 20:01:25 GMT"
        ],
        "Location": [
          "https://management.azure.com/subscriptions/4c552dc7-a66c-4fb3-a3ee-0941f36833f6/operationresults/eyJqb2JJZCI6IlJFU09VUkNFR1JPVVBERUxFVElPTkpPQi1QU1RFU1RSRzEyMjMtRUFTVFVTIiwiam9iTG9jYXRpb24iOiJlYXN0dXMifQ?api-version=2016-02-01"
        ]
      },
      "StatusCode": 202
    },
    {
      "RequestUri": "/subscriptions/4c552dc7-a66c-4fb3-a3ee-0941f36833f6/operationresults/eyJqb2JJZCI6IlJFU09VUkNFR1JPVVBERUxFVElPTkpPQi1QU1RFU1RSRzEyMjMtRUFTVFVTIiwiam9iTG9jYXRpb24iOiJlYXN0dXMifQ?api-version=2016-02-01",
      "EncodedRequestUri": "L3N1YnNjcmlwdGlvbnMvNGM1NTJkYzctYTY2Yy00ZmIzLWEzZWUtMDk0MWYzNjgzM2Y2L29wZXJhdGlvbnJlc3VsdHMvZXlKcWIySkpaQ0k2SWxKRlUwOVZVa05GUjFKUFZWQkVSVXhGVkVsUFRrcFBRaTFRVTFSRlUxUlNSekV5TWpNdFJVRlRWRlZUSWl3aWFtOWlURzlqWVhScGIyNGlPaUpsWVhOMGRYTWlmUT9hcGktdmVyc2lvbj0yMDE2LTAyLTAx",
      "RequestMethod": "GET",
      "RequestBody": "",
      "RequestHeaders": {
        "x-ms-version": [
          "2016-02-01"
        ],
        "User-Agent": [
          "Microsoft.Azure.Management.Resources.ResourceManagementClient/2.0.0.0"
        ]
      },
      "ResponseBody": "",
      "ResponseHeaders": {
        "Content-Length": [
          "0"
        ],
        "Expires": [
          "-1"
        ],
        "Pragma": [
          "no-cache"
        ],
        "Retry-After": [
          "15"
        ],
        "x-ms-ratelimit-remaining-subscription-reads": [
          "14991"
        ],
        "x-ms-request-id": [
          "402247df-a68b-4834-8a76-53ce42c89bca"
        ],
        "x-ms-correlation-request-id": [
          "402247df-a68b-4834-8a76-53ce42c89bca"
        ],
        "x-ms-routing-request-id": [
          "WESTUS:20160705T200140Z:402247df-a68b-4834-8a76-53ce42c89bca"
        ],
        "Strict-Transport-Security": [
          "max-age=31536000; includeSubDomains"
        ],
        "Cache-Control": [
          "no-cache"
        ],
        "Date": [
          "Tue, 05 Jul 2016 20:01:40 GMT"
        ],
        "Location": [
          "https://management.azure.com/subscriptions/4c552dc7-a66c-4fb3-a3ee-0941f36833f6/operationresults/eyJqb2JJZCI6IlJFU09VUkNFR1JPVVBERUxFVElPTkpPQi1QU1RFU1RSRzEyMjMtRUFTVFVTIiwiam9iTG9jYXRpb24iOiJlYXN0dXMifQ?api-version=2016-02-01"
        ]
      },
      "StatusCode": 202
    },
    {
      "RequestUri": "/subscriptions/4c552dc7-a66c-4fb3-a3ee-0941f36833f6/operationresults/eyJqb2JJZCI6IlJFU09VUkNFR1JPVVBERUxFVElPTkpPQi1QU1RFU1RSRzEyMjMtRUFTVFVTIiwiam9iTG9jYXRpb24iOiJlYXN0dXMifQ?api-version=2016-02-01",
      "EncodedRequestUri": "L3N1YnNjcmlwdGlvbnMvNGM1NTJkYzctYTY2Yy00ZmIzLWEzZWUtMDk0MWYzNjgzM2Y2L29wZXJhdGlvbnJlc3VsdHMvZXlKcWIySkpaQ0k2SWxKRlUwOVZVa05GUjFKUFZWQkVSVXhGVkVsUFRrcFBRaTFRVTFSRlUxUlNSekV5TWpNdFJVRlRWRlZUSWl3aWFtOWlURzlqWVhScGIyNGlPaUpsWVhOMGRYTWlmUT9hcGktdmVyc2lvbj0yMDE2LTAyLTAx",
      "RequestMethod": "GET",
      "RequestBody": "",
      "RequestHeaders": {
        "x-ms-version": [
          "2016-02-01"
        ],
        "User-Agent": [
          "Microsoft.Azure.Management.Resources.ResourceManagementClient/2.0.0.0"
        ]
      },
      "ResponseBody": "",
      "ResponseHeaders": {
        "Content-Length": [
          "0"
        ],
        "Expires": [
          "-1"
        ],
        "Pragma": [
          "no-cache"
        ],
        "Retry-After": [
          "15"
        ],
        "x-ms-ratelimit-remaining-subscription-reads": [
          "14990"
        ],
        "x-ms-request-id": [
          "3360701d-7049-435c-a341-3e35a230c840"
        ],
        "x-ms-correlation-request-id": [
          "3360701d-7049-435c-a341-3e35a230c840"
        ],
        "x-ms-routing-request-id": [
          "WESTUS:20160705T200156Z:3360701d-7049-435c-a341-3e35a230c840"
        ],
        "Strict-Transport-Security": [
          "max-age=31536000; includeSubDomains"
        ],
        "Cache-Control": [
          "no-cache"
        ],
        "Date": [
          "Tue, 05 Jul 2016 20:01:55 GMT"
        ],
        "Location": [
          "https://management.azure.com/subscriptions/4c552dc7-a66c-4fb3-a3ee-0941f36833f6/operationresults/eyJqb2JJZCI6IlJFU09VUkNFR1JPVVBERUxFVElPTkpPQi1QU1RFU1RSRzEyMjMtRUFTVFVTIiwiam9iTG9jYXRpb24iOiJlYXN0dXMifQ?api-version=2016-02-01"
        ]
      },
      "StatusCode": 202
    },
    {
      "RequestUri": "/subscriptions/4c552dc7-a66c-4fb3-a3ee-0941f36833f6/operationresults/eyJqb2JJZCI6IlJFU09VUkNFR1JPVVBERUxFVElPTkpPQi1QU1RFU1RSRzEyMjMtRUFTVFVTIiwiam9iTG9jYXRpb24iOiJlYXN0dXMifQ?api-version=2016-02-01",
      "EncodedRequestUri": "L3N1YnNjcmlwdGlvbnMvNGM1NTJkYzctYTY2Yy00ZmIzLWEzZWUtMDk0MWYzNjgzM2Y2L29wZXJhdGlvbnJlc3VsdHMvZXlKcWIySkpaQ0k2SWxKRlUwOVZVa05GUjFKUFZWQkVSVXhGVkVsUFRrcFBRaTFRVTFSRlUxUlNSekV5TWpNdFJVRlRWRlZUSWl3aWFtOWlURzlqWVhScGIyNGlPaUpsWVhOMGRYTWlmUT9hcGktdmVyc2lvbj0yMDE2LTAyLTAx",
      "RequestMethod": "GET",
      "RequestBody": "",
      "RequestHeaders": {
        "x-ms-version": [
          "2016-02-01"
        ],
        "User-Agent": [
          "Microsoft.Azure.Management.Resources.ResourceManagementClient/2.0.0.0"
        ]
      },
      "ResponseBody": "",
      "ResponseHeaders": {
        "Content-Length": [
          "0"
        ],
        "Expires": [
          "-1"
        ],
        "Pragma": [
          "no-cache"
        ],
        "Retry-After": [
          "15"
        ],
        "x-ms-ratelimit-remaining-subscription-reads": [
          "14989"
        ],
        "x-ms-request-id": [
          "9d754956-43fb-4527-bd12-35cb1f4e2809"
        ],
        "x-ms-correlation-request-id": [
          "9d754956-43fb-4527-bd12-35cb1f4e2809"
        ],
        "x-ms-routing-request-id": [
          "WESTUS:20160705T200211Z:9d754956-43fb-4527-bd12-35cb1f4e2809"
        ],
        "Strict-Transport-Security": [
          "max-age=31536000; includeSubDomains"
        ],
        "Cache-Control": [
          "no-cache"
        ],
        "Date": [
          "Tue, 05 Jul 2016 20:02:11 GMT"
        ],
        "Location": [
          "https://management.azure.com/subscriptions/4c552dc7-a66c-4fb3-a3ee-0941f36833f6/operationresults/eyJqb2JJZCI6IlJFU09VUkNFR1JPVVBERUxFVElPTkpPQi1QU1RFU1RSRzEyMjMtRUFTVFVTIiwiam9iTG9jYXRpb24iOiJlYXN0dXMifQ?api-version=2016-02-01"
        ]
      },
      "StatusCode": 202
    },
    {
      "RequestUri": "/subscriptions/4c552dc7-a66c-4fb3-a3ee-0941f36833f6/operationresults/eyJqb2JJZCI6IlJFU09VUkNFR1JPVVBERUxFVElPTkpPQi1QU1RFU1RSRzEyMjMtRUFTVFVTIiwiam9iTG9jYXRpb24iOiJlYXN0dXMifQ?api-version=2016-02-01",
      "EncodedRequestUri": "L3N1YnNjcmlwdGlvbnMvNGM1NTJkYzctYTY2Yy00ZmIzLWEzZWUtMDk0MWYzNjgzM2Y2L29wZXJhdGlvbnJlc3VsdHMvZXlKcWIySkpaQ0k2SWxKRlUwOVZVa05GUjFKUFZWQkVSVXhGVkVsUFRrcFBRaTFRVTFSRlUxUlNSekV5TWpNdFJVRlRWRlZUSWl3aWFtOWlURzlqWVhScGIyNGlPaUpsWVhOMGRYTWlmUT9hcGktdmVyc2lvbj0yMDE2LTAyLTAx",
      "RequestMethod": "GET",
      "RequestBody": "",
      "RequestHeaders": {
        "x-ms-version": [
          "2016-02-01"
        ],
        "User-Agent": [
          "Microsoft.Azure.Management.Resources.ResourceManagementClient/2.0.0.0"
        ]
      },
      "ResponseBody": "",
      "ResponseHeaders": {
        "Content-Length": [
          "0"
        ],
        "Expires": [
          "-1"
        ],
        "Pragma": [
          "no-cache"
        ],
        "Retry-After": [
          "15"
        ],
        "x-ms-ratelimit-remaining-subscription-reads": [
          "14987"
        ],
        "x-ms-request-id": [
          "8f9370d5-98f6-4212-8640-3baeed22a03e"
        ],
        "x-ms-correlation-request-id": [
          "8f9370d5-98f6-4212-8640-3baeed22a03e"
        ],
        "x-ms-routing-request-id": [
          "WESTUS:20160705T200226Z:8f9370d5-98f6-4212-8640-3baeed22a03e"
        ],
        "Strict-Transport-Security": [
          "max-age=31536000; includeSubDomains"
        ],
        "Cache-Control": [
          "no-cache"
        ],
        "Date": [
          "Tue, 05 Jul 2016 20:02:26 GMT"
        ],
        "Location": [
          "https://management.azure.com/subscriptions/4c552dc7-a66c-4fb3-a3ee-0941f36833f6/operationresults/eyJqb2JJZCI6IlJFU09VUkNFR1JPVVBERUxFVElPTkpPQi1QU1RFU1RSRzEyMjMtRUFTVFVTIiwiam9iTG9jYXRpb24iOiJlYXN0dXMifQ?api-version=2016-02-01"
        ]
      },
      "StatusCode": 202
    },
    {
      "RequestUri": "/subscriptions/4c552dc7-a66c-4fb3-a3ee-0941f36833f6/operationresults/eyJqb2JJZCI6IlJFU09VUkNFR1JPVVBERUxFVElPTkpPQi1QU1RFU1RSRzEyMjMtRUFTVFVTIiwiam9iTG9jYXRpb24iOiJlYXN0dXMifQ?api-version=2016-02-01",
      "EncodedRequestUri": "L3N1YnNjcmlwdGlvbnMvNGM1NTJkYzctYTY2Yy00ZmIzLWEzZWUtMDk0MWYzNjgzM2Y2L29wZXJhdGlvbnJlc3VsdHMvZXlKcWIySkpaQ0k2SWxKRlUwOVZVa05GUjFKUFZWQkVSVXhGVkVsUFRrcFBRaTFRVTFSRlUxUlNSekV5TWpNdFJVRlRWRlZUSWl3aWFtOWlURzlqWVhScGIyNGlPaUpsWVhOMGRYTWlmUT9hcGktdmVyc2lvbj0yMDE2LTAyLTAx",
      "RequestMethod": "GET",
      "RequestBody": "",
      "RequestHeaders": {
        "x-ms-version": [
          "2016-02-01"
        ],
        "User-Agent": [
          "Microsoft.Azure.Management.Resources.ResourceManagementClient/2.0.0.0"
        ]
      },
      "ResponseBody": "",
      "ResponseHeaders": {
        "Content-Length": [
          "0"
        ],
        "Expires": [
          "-1"
        ],
        "Pragma": [
          "no-cache"
        ],
        "x-ms-ratelimit-remaining-subscription-reads": [
          "14986"
        ],
        "x-ms-request-id": [
          "2ceae6d2-e6b3-45dd-b1f6-00d57919ac65"
        ],
        "x-ms-correlation-request-id": [
          "2ceae6d2-e6b3-45dd-b1f6-00d57919ac65"
        ],
        "x-ms-routing-request-id": [
          "WESTUS:20160705T200242Z:2ceae6d2-e6b3-45dd-b1f6-00d57919ac65"
        ],
        "Strict-Transport-Security": [
          "max-age=31536000; includeSubDomains"
        ],
        "Cache-Control": [
          "no-cache"
        ],
        "Date": [
          "Tue, 05 Jul 2016 20:02:41 GMT"
        ]
      },
      "StatusCode": 200
    }
  ],
  "Names": {
    "Test-MediaWithPiping": [
      "pstestrg1223"
    ]
  },
  "Variables": {
    "SubscriptionId": "4c552dc7-a66c-4fb3-a3ee-0941f36833f6"
  }
}