{
  "Entries": [
    {
      "RequestUri": "/subscriptions/f34b22a3-2202-4fb1-b040-1332bd928c84/providers/Microsoft.Resources?api-version=2016-09-01",
      "EncodedRequestUri": "L3N1YnNjcmlwdGlvbnMvZjM0YjIyYTMtMjIwMi00ZmIxLWIwNDAtMTMzMmJkOTI4Yzg0L3Byb3ZpZGVycy9NaWNyb3NvZnQuUmVzb3VyY2VzP2FwaS12ZXJzaW9uPTIwMTYtMDktMDE=",
      "RequestMethod": "GET",
      "RequestBody": "",
      "RequestHeaders": {
        "x-ms-client-request-id": [
          "45323419-689d-4e8b-98db-eb4ca8abca83"
        ],
        "accept-language": [
          "en-US"
        ],
        "User-Agent": [
          "FxVersion/4.7.3190.0",
          "OSName/Windows",
          "OSVersion/6.3.9600.0",
          "Microsoft.Azure.Management.Internal.Resources.ResourceManagementClient/4.1.0"
        ]
      },
      "ResponseHeaders": {
        "Pragma": [
          "no-cache"
        ],
        "x-ms-ratelimit-remaining-subscription-reads": [
          "11999"
        ],
        "x-ms-request-id": [
          "184739d9-3f71-410c-9afb-00ef1429a857"
        ],
        "x-ms-correlation-request-id": [
          "184739d9-3f71-410c-9afb-00ef1429a857"
        ],
        "x-ms-routing-request-id": [
          "WESTUS2:20181210T211936Z:184739d9-3f71-410c-9afb-00ef1429a857"
        ],
        "Strict-Transport-Security": [
          "max-age=31536000; includeSubDomains"
        ],
        "X-Content-Type-Options": [
          "nosniff"
        ],
        "Cache-Control": [
          "no-cache"
        ],
        "Date": [
          "Mon, 10 Dec 2018 21:19:35 GMT"
        ],
        "Content-Length": [
          "7108"
        ],
        "Content-Type": [
          "application/json; charset=utf-8"
        ],
        "Expires": [
          "-1"
        ]
      },
      "ResponseBody": "{\r\n  \"id\": \"/subscriptions/f34b22a3-2202-4fb1-b040-1332bd928c84/providers/Microsoft.Resources\",\r\n  \"namespace\": \"Microsoft.Resources\",\r\n  \"resourceTypes\": [\r\n    {\r\n      \"resourceType\": \"tenants\",\r\n      \"locations\": [],\r\n      \"apiVersions\": [\r\n        \"2018-09-01\",\r\n        \"2018-08-01\",\r\n        \"2018-07-01\",\r\n        \"2018-05-01\",\r\n        \"2018-02-01\",\r\n        \"2018-01-01\",\r\n        \"2017-08-01\",\r\n        \"2017-06-01\",\r\n        \"2017-05-10\",\r\n        \"2017-05-01\",\r\n        \"2017-03-01\",\r\n        \"2016-09-01\",\r\n        \"2016-07-01\",\r\n        \"2016-06-01\",\r\n        \"2016-02-01\",\r\n        \"2015-11-01\",\r\n        \"2015-01-01\",\r\n        \"2014-04-01-preview\"\r\n      ]\r\n    },\r\n    {\r\n      \"resourceType\": \"locations\",\r\n      \"locations\": [],\r\n      \"apiVersions\": [\r\n        \"2018-09-01\",\r\n        \"2018-08-01\",\r\n        \"2018-07-01\",\r\n        \"2018-05-01\",\r\n        \"2018-02-01\",\r\n        \"2018-01-01\",\r\n        \"2017-08-01\",\r\n        \"2017-06-01\",\r\n        \"2017-05-10\",\r\n        \"2017-05-01\",\r\n        \"2017-03-01\",\r\n        \"2016-09-01\",\r\n        \"2016-07-01\",\r\n        \"2016-06-01\",\r\n        \"2016-02-01\",\r\n        \"2015-11-01\",\r\n        \"2015-01-01\",\r\n        \"2014-04-01-preview\"\r\n      ]\r\n    },\r\n    {\r\n      \"resourceType\": \"notifyResourceJobs\",\r\n      \"locations\": [],\r\n      \"apiVersions\": [\r\n        \"2018-02-01\"\r\n      ]\r\n    },\r\n    {\r\n      \"resourceType\": \"checkPolicyCompliance\",\r\n      \"locations\": [],\r\n      \"apiVersions\": [\r\n        \"2018-09-01\",\r\n        \"2018-08-01\",\r\n        \"2018-07-01\",\r\n        \"2018-05-01\",\r\n        \"2018-02-01\",\r\n        \"2018-01-01\",\r\n        \"2017-08-01\",\r\n        \"2017-06-01\",\r\n        \"2017-05-10\",\r\n        \"2017-05-01\",\r\n        \"2017-03-01\",\r\n        \"2016-09-01\",\r\n        \"2016-07-01\",\r\n        \"2016-06-01\",\r\n        \"2016-02-01\",\r\n        \"2015-11-01\",\r\n        \"2015-01-01\",\r\n        \"2014-04-01-preview\"\r\n      ]\r\n    },\r\n    {\r\n      \"resourceType\": \"providers\",\r\n      \"locations\": [],\r\n      \"apiVersions\": [\r\n        \"2018-09-01\",\r\n        \"2018-08-01\",\r\n        \"2018-07-01\",\r\n        \"2018-05-01\",\r\n        \"2018-02-01\",\r\n        \"2018-01-01\",\r\n        \"2017-08-01\",\r\n        \"2017-06-01\",\r\n        \"2017-05-10\",\r\n        \"2017-05-01\",\r\n        \"2017-03-01\",\r\n        \"2016-09-01\",\r\n        \"2016-07-01\",\r\n        \"2016-06-01\",\r\n        \"2016-02-01\",\r\n        \"2015-11-01\",\r\n        \"2015-01-01\",\r\n        \"2014-04-01-preview\"\r\n      ]\r\n    },\r\n    {\r\n      \"resourceType\": \"checkresourcename\",\r\n      \"locations\": [],\r\n      \"apiVersions\": [\r\n        \"2018-09-01\",\r\n        \"2018-08-01\",\r\n        \"2018-07-01\",\r\n        \"2018-05-01\",\r\n        \"2018-02-01\",\r\n        \"2018-01-01\",\r\n        \"2017-08-01\",\r\n        \"2017-06-01\",\r\n        \"2017-05-10\",\r\n        \"2017-05-01\",\r\n        \"2017-03-01\",\r\n        \"2016-09-01\",\r\n        \"2016-07-01\",\r\n        \"2016-06-01\",\r\n        \"2016-02-01\",\r\n        \"2015-11-01\",\r\n        \"2015-01-01\",\r\n        \"2014-04-01-preview\"\r\n      ]\r\n    },\r\n    {\r\n      \"resourceType\": \"resources\",\r\n      \"locations\": [],\r\n      \"apiVersions\": [\r\n        \"2018-09-01\",\r\n        \"2018-08-01\",\r\n        \"2018-07-01\",\r\n        \"2018-05-01\",\r\n        \"2018-02-01\",\r\n        \"2018-01-01\",\r\n        \"2017-08-01\",\r\n        \"2017-06-01\",\r\n        \"2017-05-10\",\r\n        \"2017-05-01\",\r\n        \"2017-03-01\",\r\n        \"2016-09-01\",\r\n        \"2016-07-01\",\r\n        \"2016-06-01\",\r\n        \"2016-02-01\",\r\n        \"2015-11-01\",\r\n        \"2015-01-01\",\r\n        \"2014-04-01-preview\"\r\n      ]\r\n    },\r\n    {\r\n      \"resourceType\": \"subscriptions\",\r\n      \"locations\": [],\r\n      \"apiVersions\": [\r\n        \"2018-09-01\",\r\n        \"2018-08-01\",\r\n        \"2018-07-01\",\r\n        \"2018-05-01\",\r\n        \"2018-02-01\",\r\n        \"2018-01-01\",\r\n        \"2017-08-01\",\r\n        \"2017-06-01\",\r\n        \"2017-05-10\",\r\n        \"2017-05-01\",\r\n        \"2017-03-01\",\r\n        \"2016-09-01\",\r\n        \"2016-07-01\",\r\n        \"2016-06-01\",\r\n        \"2016-02-01\",\r\n        \"2015-11-01\",\r\n        \"2015-01-01\",\r\n        \"2014-04-01-preview\"\r\n      ]\r\n    },\r\n    {\r\n      \"resourceType\": \"subscriptions/resources\",\r\n      \"locations\": [],\r\n      \"apiVersions\": [\r\n        \"2018-09-01\",\r\n        \"2018-08-01\",\r\n        \"2018-07-01\",\r\n        \"2018-05-01\",\r\n        \"2018-02-01\",\r\n        \"2018-01-01\",\r\n        \"2017-08-01\",\r\n        \"2017-06-01\",\r\n        \"2017-05-10\",\r\n        \"2017-05-01\",\r\n        \"2017-03-01\",\r\n        \"2016-09-01\",\r\n        \"2016-07-01\",\r\n        \"2016-06-01\",\r\n        \"2016-02-01\",\r\n        \"2015-11-01\",\r\n        \"2015-01-01\",\r\n        \"2014-04-01-preview\"\r\n      ]\r\n    },\r\n    {\r\n      \"resourceType\": \"subscriptions/providers\",\r\n      \"locations\": [],\r\n      \"apiVersions\": [\r\n        \"2018-09-01\",\r\n        \"2018-08-01\",\r\n        \"2018-07-01\",\r\n        \"2018-05-01\",\r\n        \"2018-02-01\",\r\n        \"2018-01-01\",\r\n        \"2017-08-01\",\r\n        \"2017-06-01\",\r\n        \"2017-05-10\",\r\n        \"2017-05-01\",\r\n        \"2017-03-01\",\r\n        \"2016-09-01\",\r\n        \"2016-07-01\",\r\n        \"2016-06-01\",\r\n        \"2016-02-01\",\r\n        \"2015-11-01\",\r\n        \"2015-01-01\",\r\n        \"2014-04-01-preview\"\r\n      ]\r\n    },\r\n    {\r\n      \"resourceType\": \"subscriptions/operationresults\",\r\n      \"locations\": [],\r\n      \"apiVersions\": [\r\n        \"2018-09-01\",\r\n        \"2018-08-01\",\r\n        \"2018-07-01\",\r\n        \"2018-05-01\",\r\n        \"2018-02-01\",\r\n        \"2018-01-01\",\r\n        \"2017-08-01\",\r\n        \"2017-06-01\",\r\n        \"2017-05-10\",\r\n        \"2017-05-01\",\r\n        \"2017-03-01\",\r\n        \"2016-09-01\",\r\n        \"2016-07-01\",\r\n        \"2016-06-01\",\r\n        \"2016-02-01\",\r\n        \"2015-11-01\",\r\n        \"2015-01-01\",\r\n        \"2014-04-01-preview\"\r\n      ]\r\n    },\r\n    {\r\n      \"resourceType\": \"resourceGroups\",\r\n      \"locations\": [\r\n        \"Central US\",\r\n        \"East Asia\",\r\n        \"Southeast Asia\",\r\n        \"East US\",\r\n        \"East US 2\",\r\n        \"West US\",\r\n        \"West US 2\",\r\n        \"North Central US\",\r\n        \"South Central US\",\r\n        \"West Central US\",\r\n        \"North Europe\",\r\n        \"West Europe\",\r\n        \"Japan East\",\r\n        \"Japan West\",\r\n        \"Brazil South\",\r\n        \"Australia Southeast\",\r\n        \"Australia East\",\r\n        \"West India\",\r\n        \"South India\",\r\n        \"Central India\",\r\n        \"Canada Central\",\r\n        \"Canada East\",\r\n        \"UK South\",\r\n        \"UK West\",\r\n        \"Korea Central\",\r\n        \"Korea South\",\r\n        \"France Central\",\r\n        \"East US 2 EUAP\",\r\n        \"Central US EUAP\"\r\n      ],\r\n      \"apiVersions\": [\r\n        \"2018-09-01\",\r\n        \"2018-08-01\",\r\n        \"2018-07-01\",\r\n        \"2018-05-01\",\r\n        \"2018-02-01\",\r\n        \"2018-01-01\",\r\n        \"2017-08-01\",\r\n        \"2017-06-01\",\r\n        \"2017-05-10\",\r\n        \"2017-05-01\",\r\n        \"2017-03-01\",\r\n        \"2016-09-01\",\r\n        \"2016-07-01\",\r\n        \"2016-06-01\",\r\n        \"2016-02-01\",\r\n        \"2015-11-01\",\r\n        \"2015-01-01\",\r\n        \"2014-04-01-preview\"\r\n      ]\r\n    },\r\n    {\r\n      \"resourceType\": \"subscriptions/resourceGroups\",\r\n      \"locations\": [\r\n        \"Central US\",\r\n        \"East Asia\",\r\n        \"Southeast Asia\",\r\n        \"East US\",\r\n        \"East US 2\",\r\n        \"West US\",\r\n        \"West US 2\",\r\n        \"North Central US\",\r\n        \"South Central US\",\r\n        \"West Central US\",\r\n        \"North Europe\",\r\n        \"West Europe\",\r\n        \"Japan East\",\r\n        \"Japan West\",\r\n        \"Brazil South\",\r\n        \"Australia Southeast\",\r\n        \"Australia East\",\r\n        \"West India\",\r\n        \"South India\",\r\n        \"Central India\",\r\n        \"Canada Central\",\r\n        \"Canada East\",\r\n        \"UK South\",\r\n        \"UK West\",\r\n        \"Korea Central\",\r\n        \"Korea South\",\r\n        \"France Central\",\r\n        \"East US 2 EUAP\",\r\n        \"Central US EUAP\"\r\n      ],\r\n      \"apiVersions\": [\r\n        \"2018-09-01\",\r\n        \"2018-08-01\",\r\n        \"2018-07-01\",\r\n        \"2018-05-01\",\r\n        \"2018-02-01\",\r\n        \"2018-01-01\",\r\n        \"2017-08-01\",\r\n        \"2017-06-01\",\r\n        \"2017-05-10\",\r\n        \"2017-05-01\",\r\n        \"2017-03-01\",\r\n        \"2016-09-01\",\r\n        \"2016-07-01\",\r\n        \"2016-06-01\",\r\n        \"2016-02-01\",\r\n        \"2015-11-01\",\r\n        \"2015-01-01\",\r\n        \"2014-04-01-preview\"\r\n      ]\r\n    },\r\n    {\r\n      \"resourceType\": \"subscriptions/resourcegroups/resources\",\r\n      \"locations\": [],\r\n      \"apiVersions\": [\r\n        \"2018-09-01\",\r\n        \"2018-08-01\",\r\n        \"2018-07-01\",\r\n        \"2018-05-01\",\r\n        \"2018-02-01\",\r\n        \"2018-01-01\",\r\n        \"2017-08-01\",\r\n        \"2017-06-01\",\r\n        \"2017-05-10\",\r\n        \"2017-05-01\",\r\n        \"2017-03-01\",\r\n        \"2016-09-01\",\r\n        \"2016-07-01\",\r\n        \"2016-06-01\",\r\n        \"2016-02-01\",\r\n        \"2015-11-01\",\r\n        \"2015-01-01\",\r\n        \"2014-04-01-preview\"\r\n      ]\r\n    },\r\n    {\r\n      \"resourceType\": \"subscriptions/locations\",\r\n      \"locations\": [],\r\n      \"apiVersions\": [\r\n        \"2018-09-01\",\r\n        \"2018-08-01\",\r\n        \"2018-07-01\",\r\n        \"2018-05-01\",\r\n        \"2018-02-01\",\r\n        \"2018-01-01\",\r\n        \"2017-08-01\",\r\n        \"2017-06-01\",\r\n        \"2017-05-10\",\r\n        \"2017-05-01\",\r\n        \"2017-03-01\",\r\n        \"2016-09-01\",\r\n        \"2016-07-01\",\r\n        \"2016-06-01\",\r\n        \"2016-02-01\",\r\n        \"2015-11-01\",\r\n        \"2015-01-01\",\r\n        \"2014-04-01-preview\"\r\n      ]\r\n    },\r\n    {\r\n      \"resourceType\": \"subscriptions/tagnames\",\r\n      \"locations\": [],\r\n      \"apiVersions\": [\r\n        \"2018-09-01\",\r\n        \"2018-08-01\",\r\n        \"2018-07-01\",\r\n        \"2018-05-01\",\r\n        \"2018-02-01\",\r\n        \"2018-01-01\",\r\n        \"2017-08-01\",\r\n        \"2017-06-01\",\r\n        \"2017-05-10\",\r\n        \"2017-05-01\",\r\n        \"2017-03-01\",\r\n        \"2016-09-01\",\r\n        \"2016-07-01\",\r\n        \"2016-06-01\",\r\n        \"2016-02-01\",\r\n        \"2015-11-01\",\r\n        \"2015-01-01\",\r\n        \"2014-04-01-preview\"\r\n      ]\r\n    },\r\n    {\r\n      \"resourceType\": \"subscriptions/tagNames/tagValues\",\r\n      \"locations\": [],\r\n      \"apiVersions\": [\r\n        \"2018-09-01\",\r\n        \"2018-08-01\",\r\n        \"2018-07-01\",\r\n        \"2018-05-01\",\r\n        \"2018-02-01\",\r\n        \"2018-01-01\",\r\n        \"2017-08-01\",\r\n        \"2017-06-01\",\r\n        \"2017-05-10\",\r\n        \"2017-05-01\",\r\n        \"2017-03-01\",\r\n        \"2016-09-01\",\r\n        \"2016-07-01\",\r\n        \"2016-06-01\",\r\n        \"2016-02-01\",\r\n        \"2015-11-01\",\r\n        \"2015-01-01\",\r\n        \"2014-04-01-preview\"\r\n      ]\r\n    },\r\n    {\r\n      \"resourceType\": \"deployments\",\r\n      \"locations\": [],\r\n      \"apiVersions\": [\r\n        \"2018-09-01\",\r\n        \"2018-08-01\",\r\n        \"2018-07-01\",\r\n        \"2018-05-01\",\r\n        \"2018-02-01\",\r\n        \"2018-01-01\",\r\n        \"2017-08-01\",\r\n        \"2017-06-01\",\r\n        \"2017-05-10\",\r\n        \"2017-05-01\",\r\n        \"2017-03-01\",\r\n        \"2016-09-01\",\r\n        \"2016-07-01\",\r\n        \"2016-06-01\",\r\n        \"2016-02-01\",\r\n        \"2015-11-01\",\r\n        \"2015-01-01\",\r\n        \"2014-04-01-preview\"\r\n      ]\r\n    },\r\n    {\r\n      \"resourceType\": \"deployments/operations\",\r\n      \"locations\": [],\r\n      \"apiVersions\": [\r\n        \"2018-09-01\",\r\n        \"2018-08-01\",\r\n        \"2018-07-01\",\r\n        \"2018-05-01\",\r\n        \"2018-02-01\",\r\n        \"2018-01-01\",\r\n        \"2017-08-01\",\r\n        \"2017-06-01\",\r\n        \"2017-05-10\",\r\n        \"2017-05-01\",\r\n        \"2017-03-01\",\r\n        \"2016-09-01\",\r\n        \"2016-07-01\",\r\n        \"2016-06-01\",\r\n        \"2016-02-01\",\r\n        \"2015-11-01\",\r\n        \"2015-01-01\",\r\n        \"2014-04-01-preview\"\r\n      ]\r\n    },\r\n    {\r\n      \"resourceType\": \"links\",\r\n      \"locations\": [],\r\n      \"apiVersions\": [\r\n        \"2018-09-01\",\r\n        \"2018-08-01\",\r\n        \"2018-07-01\",\r\n        \"2018-05-01\",\r\n        \"2018-02-01\",\r\n        \"2018-01-01\",\r\n        \"2017-08-01\",\r\n        \"2017-06-01\",\r\n        \"2017-05-10\",\r\n        \"2017-05-01\",\r\n        \"2017-03-01\",\r\n        \"2016-09-01\",\r\n        \"2016-07-01\",\r\n        \"2016-06-01\",\r\n        \"2016-02-01\",\r\n        \"2015-11-01\",\r\n        \"2015-01-01\",\r\n        \"2014-04-01-preview\"\r\n      ]\r\n    },\r\n    {\r\n      \"resourceType\": \"operations\",\r\n      \"locations\": [],\r\n      \"apiVersions\": [\r\n        \"2015-01-01\"\r\n      ]\r\n    }\r\n  ],\r\n  \"registrationState\": \"Registered\"\r\n}",
      "StatusCode": 200
    },
    {
      "RequestUri": "/subscriptions/f34b22a3-2202-4fb1-b040-1332bd928c84/resourcegroups/RG-ps5562?api-version=2016-09-01",
      "EncodedRequestUri": "L3N1YnNjcmlwdGlvbnMvZjM0YjIyYTMtMjIwMi00ZmIxLWIwNDAtMTMzMmJkOTI4Yzg0L3Jlc291cmNlZ3JvdXBzL1JHLXBzNTU2Mj9hcGktdmVyc2lvbj0yMDE2LTA5LTAx",
      "RequestMethod": "PUT",
      "RequestBody": "{\r\n  \"location\": \"West US\"\r\n}",
      "RequestHeaders": {
        "x-ms-client-request-id": [
          "90486a48-aec3-4ad3-97a3-35327748abef"
        ],
        "accept-language": [
          "en-US"
        ],
        "User-Agent": [
          "FxVersion/4.7.3190.0",
          "OSName/Windows",
          "OSVersion/6.3.9600.0",
          "Microsoft.Azure.Management.Internal.Resources.ResourceManagementClient/4.1.0"
        ],
        "Content-Type": [
          "application/json; charset=utf-8"
        ],
        "Content-Length": [
          "29"
        ]
      },
      "ResponseHeaders": {
        "Pragma": [
          "no-cache"
        ],
        "x-ms-ratelimit-remaining-subscription-writes": [
          "1199"
        ],
        "x-ms-request-id": [
          "91f2425f-800d-4baa-a219-82ef4474587a"
        ],
        "x-ms-correlation-request-id": [
          "91f2425f-800d-4baa-a219-82ef4474587a"
        ],
        "x-ms-routing-request-id": [
          "WESTUS2:20181210T211937Z:91f2425f-800d-4baa-a219-82ef4474587a"
        ],
        "Strict-Transport-Security": [
          "max-age=31536000; includeSubDomains"
        ],
        "X-Content-Type-Options": [
          "nosniff"
        ],
        "Cache-Control": [
          "no-cache"
        ],
        "Date": [
          "Mon, 10 Dec 2018 21:19:36 GMT"
        ],
        "Content-Length": [
          "171"
        ],
        "Content-Type": [
          "application/json; charset=utf-8"
        ],
        "Expires": [
          "-1"
        ]
      },
      "ResponseBody": "{\r\n  \"id\": \"/subscriptions/f34b22a3-2202-4fb1-b040-1332bd928c84/resourceGroups/RG-ps5562\",\r\n  \"name\": \"RG-ps5562\",\r\n  \"location\": \"westus\",\r\n  \"properties\": {\r\n    \"provisioningState\": \"Succeeded\"\r\n  }\r\n}",
      "StatusCode": 201
    },
    {
      "RequestUri": "/subscriptions/f34b22a3-2202-4fb1-b040-1332bd928c84/providers/Microsoft.Logic?api-version=2016-09-01",
      "EncodedRequestUri": "L3N1YnNjcmlwdGlvbnMvZjM0YjIyYTMtMjIwMi00ZmIxLWIwNDAtMTMzMmJkOTI4Yzg0L3Byb3ZpZGVycy9NaWNyb3NvZnQuTG9naWM/YXBpLXZlcnNpb249MjAxNi0wOS0wMQ==",
      "RequestMethod": "GET",
      "RequestBody": "",
      "RequestHeaders": {
        "x-ms-client-request-id": [
          "f096bfe0-260a-43c8-ac21-ee1a8629bc53"
        ],
        "accept-language": [
          "en-US"
        ],
        "User-Agent": [
          "FxVersion/4.7.3190.0",
          "OSName/Windows",
          "OSVersion/6.3.9600.0",
          "Microsoft.Azure.Management.Internal.Resources.ResourceManagementClient/4.1.0"
        ]
      },
      "ResponseHeaders": {
        "Pragma": [
          "no-cache"
        ],
        "x-ms-ratelimit-remaining-subscription-reads": [
          "11998"
        ],
        "x-ms-request-id": [
          "f665604f-d63d-4e0a-9ee7-df1beb28b85d"
        ],
        "x-ms-correlation-request-id": [
          "f665604f-d63d-4e0a-9ee7-df1beb28b85d"
        ],
        "x-ms-routing-request-id": [
          "WESTUS2:20181210T211937Z:f665604f-d63d-4e0a-9ee7-df1beb28b85d"
        ],
        "Strict-Transport-Security": [
          "max-age=31536000; includeSubDomains"
        ],
        "X-Content-Type-Options": [
          "nosniff"
        ],
        "Cache-Control": [
          "no-cache"
        ],
        "Date": [
          "Mon, 10 Dec 2018 21:19:36 GMT"
        ],
        "Content-Length": [
          "3710"
        ],
        "Content-Type": [
          "application/json; charset=utf-8"
        ],
        "Expires": [
          "-1"
        ]
      },
      "ResponseBody": "{\r\n  \"id\": \"/subscriptions/f34b22a3-2202-4fb1-b040-1332bd928c84/providers/Microsoft.Logic\",\r\n  \"namespace\": \"Microsoft.Logic\",\r\n  \"authorization\": {\r\n    \"applicationId\": \"7cd684f4-8a78-49b0-91ec-6a35d38739ba\",\r\n    \"roleDefinitionId\": \"cb3ef1fb-6e31-49e2-9d87-ed821053fe58\"\r\n  },\r\n  \"resourceTypes\": [\r\n    {\r\n      \"resourceType\": \"workflows\",\r\n      \"locations\": [\r\n        \"North Central US\",\r\n        \"Central US\",\r\n        \"South Central US\",\r\n        \"North Europe\",\r\n        \"West Europe\",\r\n        \"East Asia\",\r\n        \"Southeast Asia\",\r\n        \"West US\",\r\n        \"East US\",\r\n        \"East US 2\",\r\n        \"Japan West\",\r\n        \"Japan East\",\r\n        \"Australia East\",\r\n        \"Australia Southeast\",\r\n        \"South India\",\r\n        \"Central India\",\r\n        \"West India\",\r\n        \"Canada Central\",\r\n        \"Canada East\",\r\n        \"West US 2\",\r\n        \"West Central US\",\r\n        \"UK South\",\r\n        \"UK West\",\r\n        \"Brazil South\",\r\n        \"Central US EUAP\",\r\n        \"East US 2 EUAP\"\r\n      ],\r\n      \"apiVersions\": [\r\n        \"2018-07-01-preview\",\r\n        \"2017-07-01\",\r\n        \"2016-10-01\",\r\n        \"2016-06-01\",\r\n        \"2015-08-01-preview\",\r\n        \"2015-02-01-preview\"\r\n      ],\r\n      \"capabilities\": \"CrossResourceGroupResourceMove, CrossSubscriptionResourceMove, SystemAssignedResourceIdentity\"\r\n    },\r\n    {\r\n      \"resourceType\": \"locations/workflows\",\r\n      \"locations\": [\r\n        \"North Central US\",\r\n        \"Central US\",\r\n        \"South Central US\",\r\n        \"North Europe\",\r\n        \"West Europe\",\r\n        \"East Asia\",\r\n        \"Southeast Asia\",\r\n        \"West US\",\r\n        \"East US\",\r\n        \"East US 2\",\r\n        \"Japan West\",\r\n        \"Japan East\",\r\n        \"Australia East\",\r\n        \"Australia Southeast\",\r\n        \"South India\",\r\n        \"Central India\",\r\n        \"West India\",\r\n        \"Canada Central\",\r\n        \"Canada East\",\r\n        \"West US 2\",\r\n        \"West Central US\",\r\n        \"UK South\",\r\n        \"UK West\",\r\n        \"Brazil South\",\r\n        \"Central US EUAP\",\r\n        \"East US 2 EUAP\"\r\n      ],\r\n      \"apiVersions\": [\r\n        \"2018-07-01-preview\",\r\n        \"2017-07-01\",\r\n        \"2016-10-01\",\r\n        \"2016-06-01\",\r\n        \"2015-08-01-preview\",\r\n        \"2015-02-01-preview\"\r\n      ]\r\n    },\r\n    {\r\n      \"resourceType\": \"locations\",\r\n      \"locations\": [\r\n        \"North Central US\"\r\n      ],\r\n      \"apiVersions\": [\r\n        \"2018-07-01-preview\",\r\n        \"2017-07-01\",\r\n        \"2016-10-01\",\r\n        \"2016-06-01\",\r\n        \"2015-08-01-preview\",\r\n        \"2015-02-01-preview\"\r\n      ]\r\n    },\r\n    {\r\n      \"resourceType\": \"operations\",\r\n      \"locations\": [\r\n        \"North Central US\",\r\n        \"Central US\",\r\n        \"South Central US\",\r\n        \"North Europe\",\r\n        \"West Europe\",\r\n        \"East Asia\",\r\n        \"Southeast Asia\",\r\n        \"West US\",\r\n        \"East US\",\r\n        \"East US 2\",\r\n        \"Japan West\",\r\n        \"Japan East\",\r\n        \"Brazil South\",\r\n        \"Australia East\",\r\n        \"Australia Southeast\",\r\n        \"South India\",\r\n        \"Central India\",\r\n        \"West India\",\r\n        \"Canada Central\",\r\n        \"Canada East\",\r\n        \"West US 2\",\r\n        \"West Central US\",\r\n        \"UK South\",\r\n        \"UK West\"\r\n      ],\r\n      \"apiVersions\": [\r\n        \"2018-07-01-preview\",\r\n        \"2017-07-01\",\r\n        \"2016-10-01\",\r\n        \"2016-06-01\",\r\n        \"2015-08-01-preview\",\r\n        \"2015-02-01-preview\"\r\n      ]\r\n    },\r\n    {\r\n      \"resourceType\": \"integrationAccounts\",\r\n      \"locations\": [\r\n        \"North Central US\",\r\n        \"Central US\",\r\n        \"South Central US\",\r\n        \"North Europe\",\r\n        \"West Europe\",\r\n        \"East Asia\",\r\n        \"Southeast Asia\",\r\n        \"West US\",\r\n        \"East US\",\r\n        \"East US 2\",\r\n        \"Japan West\",\r\n        \"Japan East\",\r\n        \"Australia East\",\r\n        \"Australia Southeast\",\r\n        \"South India\",\r\n        \"Central India\",\r\n        \"West India\",\r\n        \"Canada Central\",\r\n        \"Canada East\",\r\n        \"West US 2\",\r\n        \"West Central US\",\r\n        \"UK South\",\r\n        \"UK West\",\r\n        \"Brazil South\",\r\n        \"Central US EUAP\",\r\n        \"East US 2 EUAP\"\r\n      ],\r\n      \"apiVersions\": [\r\n        \"2018-07-01-preview\",\r\n        \"2016-06-01\",\r\n        \"2015-08-01-preview\"\r\n      ],\r\n      \"capabilities\": \"CrossResourceGroupResourceMove, CrossSubscriptionResourceMove\"\r\n    },\r\n    {\r\n      \"resourceType\": \"hostingEnvironments\",\r\n      \"locations\": [\r\n        \"Brazil South\",\r\n        \"Central US EUAP\",\r\n        \"East US 2 EUAP\"\r\n      ],\r\n      \"apiVersions\": [\r\n        \"2018-04-01-privatepreview\"\r\n      ],\r\n      \"capabilities\": \"CrossResourceGroupResourceMove, CrossSubscriptionResourceMove\"\r\n    },\r\n    {\r\n      \"resourceType\": \"isolatedEnvironments\",\r\n      \"locations\": [\r\n        \"Brazil South\",\r\n        \"Central US EUAP\",\r\n        \"East US 2 EUAP\"\r\n      ],\r\n      \"apiVersions\": [\r\n        \"2018-07-01-preview\",\r\n        \"2018-03-01-preview\"\r\n      ],\r\n      \"capabilities\": \"None\"\r\n    },\r\n    {\r\n      \"resourceType\": \"integrationServiceEnvironments\",\r\n      \"locations\": [\r\n        \"North Central US\",\r\n        \"Central US\",\r\n        \"South Central US\",\r\n        \"North Europe\",\r\n        \"West Europe\",\r\n        \"East Asia\",\r\n        \"Southeast Asia\",\r\n        \"West US\",\r\n        \"East US\",\r\n        \"East US 2\",\r\n        \"Japan West\",\r\n        \"Japan East\",\r\n        \"Brazil South\",\r\n        \"Central US EUAP\",\r\n        \"East US 2 EUAP\",\r\n        \"Australia East\",\r\n        \"Australia Southeast\",\r\n        \"South India\",\r\n        \"Central India\",\r\n        \"West India\",\r\n        \"Canada Central\",\r\n        \"Canada East\",\r\n        \"West US 2\",\r\n        \"West Central US\",\r\n        \"UK South\",\r\n        \"UK West\"\r\n      ],\r\n      \"apiVersions\": [\r\n        \"2018-07-01-preview\",\r\n        \"2018-03-01-preview\"\r\n      ],\r\n      \"capabilities\": \"None\"\r\n    }\r\n  ],\r\n  \"registrationState\": \"Registered\"\r\n}",
      "StatusCode": 200
    },
    {
      "RequestUri": "/subscriptions/f34b22a3-2202-4fb1-b040-1332bd928c84/resourceGroups/RG-ps5562/providers/Microsoft.Logic/integrationAccounts/IA-ps5276?api-version=2018-07-01-preview",
      "EncodedRequestUri": "L3N1YnNjcmlwdGlvbnMvZjM0YjIyYTMtMjIwMi00ZmIxLWIwNDAtMTMzMmJkOTI4Yzg0L3Jlc291cmNlR3JvdXBzL1JHLXBzNTU2Mi9wcm92aWRlcnMvTWljcm9zb2Z0LkxvZ2ljL2ludGVncmF0aW9uQWNjb3VudHMvSUEtcHM1Mjc2P2FwaS12ZXJzaW9uPTIwMTgtMDctMDEtcHJldmlldw==",
      "RequestMethod": "GET",
      "RequestBody": "",
      "RequestHeaders": {
        "x-ms-client-request-id": [
          "a21d77ff-916f-44ab-9612-295da576531d"
        ],
        "accept-language": [
          "en-US"
        ],
        "User-Agent": [
          "FxVersion/4.7.3190.0",
          "OSName/Windows",
          "OSVersion/6.3.9600.0",
          "Microsoft.Azure.Management.Logic.LogicManagementClient/4.0.0.0"
        ]
      },
      "ResponseHeaders": {
        "Pragma": [
          "no-cache"
        ],
        "x-ms-failure-cause": [
          "gateway"
        ],
        "x-ms-request-id": [
          "7b157edc-19e9-4c54-b34a-00fef64ef945"
        ],
        "x-ms-correlation-request-id": [
          "7b157edc-19e9-4c54-b34a-00fef64ef945"
        ],
        "x-ms-routing-request-id": [
          "WESTUS2:20181210T211937Z:7b157edc-19e9-4c54-b34a-00fef64ef945"
        ],
        "Strict-Transport-Security": [
          "max-age=31536000; includeSubDomains"
        ],
        "X-Content-Type-Options": [
          "nosniff"
        ],
        "Cache-Control": [
          "no-cache"
        ],
        "Date": [
          "Mon, 10 Dec 2018 21:19:36 GMT"
        ],
        "Content-Length": [
          "158"
        ],
        "Content-Type": [
          "application/json; charset=utf-8"
        ],
        "Expires": [
          "-1"
        ]
      },
      "ResponseBody": "{\r\n  \"error\": {\r\n    \"code\": \"ResourceNotFound\",\r\n    \"message\": \"The Resource 'Microsoft.Logic/integrationAccounts/IA-ps5276' under resource group 'RG-ps5562' was not found.\"\r\n  }\r\n}",
      "StatusCode": 404
    },
    {
      "RequestUri": "/subscriptions/f34b22a3-2202-4fb1-b040-1332bd928c84/resourceGroups/RG-ps5562/providers/Microsoft.Logic/integrationAccounts/IA-ps5276?api-version=2018-07-01-preview",
      "EncodedRequestUri": "L3N1YnNjcmlwdGlvbnMvZjM0YjIyYTMtMjIwMi00ZmIxLWIwNDAtMTMzMmJkOTI4Yzg0L3Jlc291cmNlR3JvdXBzL1JHLXBzNTU2Mi9wcm92aWRlcnMvTWljcm9zb2Z0LkxvZ2ljL2ludGVncmF0aW9uQWNjb3VudHMvSUEtcHM1Mjc2P2FwaS12ZXJzaW9uPTIwMTgtMDctMDEtcHJldmlldw==",
      "RequestMethod": "PUT",
      "RequestBody": "{\r\n  \"properties\": {},\r\n  \"sku\": {\r\n    \"name\": \"Standard\"\r\n  },\r\n  \"location\": \"West US\"\r\n}",
      "RequestHeaders": {
        "x-ms-client-request-id": [
          "67d3eae4-6761-4e51-9775-e7f3538db937"
        ],
        "accept-language": [
          "en-US"
        ],
        "User-Agent": [
          "FxVersion/4.7.3190.0",
          "OSName/Windows",
          "OSVersion/6.3.9600.0",
          "Microsoft.Azure.Management.Logic.LogicManagementClient/4.0.0.0"
        ],
        "Content-Type": [
          "application/json; charset=utf-8"
        ],
        "Content-Length": [
          "92"
        ]
      },
      "ResponseHeaders": {
        "Pragma": [
          "no-cache"
        ],
        "x-ms-request-id": [
          "westus:1596eb3f-fffe-486f-a0d0-2a0539d70077"
        ],
        "Strict-Transport-Security": [
          "max-age=31536000; includeSubDomains"
        ],
        "x-ms-ratelimit-remaining-subscription-writes": [
          "1199"
        ],
        "x-ms-correlation-request-id": [
          "91df7069-abc1-44de-a0eb-14369ee6d55f"
        ],
        "x-ms-routing-request-id": [
          "WESTUS2:20181210T211938Z:91df7069-abc1-44de-a0eb-14369ee6d55f"
        ],
        "X-Content-Type-Options": [
          "nosniff"
        ],
        "Cache-Control": [
          "no-cache"
        ],
        "Date": [
          "Mon, 10 Dec 2018 21:19:37 GMT"
        ],
        "Content-Length": [
          "285"
        ],
        "Content-Type": [
          "application/json; charset=utf-8"
        ],
        "Expires": [
          "-1"
        ]
      },
      "ResponseBody": "{\r\n  \"properties\": {\r\n    \"state\": \"Enabled\"\r\n  },\r\n  \"sku\": {\r\n    \"name\": \"Standard\"\r\n  },\r\n  \"id\": \"/subscriptions/f34b22a3-2202-4fb1-b040-1332bd928c84/resourceGroups/RG-ps5562/providers/Microsoft.Logic/integrationAccounts/IA-ps5276\",\r\n  \"name\": \"IA-ps5276\",\r\n  \"type\": \"Microsoft.Logic/integrationAccounts\",\r\n  \"location\": \"West US\"\r\n}",
      "StatusCode": 201
    },
    {
      "RequestUri": "/subscriptions/f34b22a3-2202-4fb1-b040-1332bd928c84/resourceGroups/RG-ps5562/providers/Microsoft.Logic/integrationAccounts/IA-ps5276/assemblies/BCps7314?api-version=2018-07-01-preview",
      "EncodedRequestUri": "L3N1YnNjcmlwdGlvbnMvZjM0YjIyYTMtMjIwMi00ZmIxLWIwNDAtMTMzMmJkOTI4Yzg0L3Jlc291cmNlR3JvdXBzL1JHLXBzNTU2Mi9wcm92aWRlcnMvTWljcm9zb2Z0LkxvZ2ljL2ludGVncmF0aW9uQWNjb3VudHMvSUEtcHM1Mjc2L2Fzc2VtYmxpZXMvQkNwczczMTQ/YXBpLXZlcnNpb249MjAxOC0wNy0wMS1wcmV2aWV3",
      "RequestMethod": "GET",
      "RequestBody": "",
      "RequestHeaders": {
        "x-ms-client-request-id": [
          "613e7046-4d00-4f17-8d32-c62e020b65a2"
        ],
        "accept-language": [
          "en-US"
        ],
        "User-Agent": [
          "FxVersion/4.7.3190.0",
          "OSName/Windows",
          "OSVersion/6.3.9600.0",
          "Microsoft.Azure.Management.Logic.LogicManagementClient/4.0.0.0"
        ]
      },
      "ResponseHeaders": {
        "Pragma": [
          "no-cache"
        ],
        "x-ms-request-id": [
          "westus:2c6c0200-985c-4ee7-aca3-d0ec2782e844"
        ],
        "Strict-Transport-Security": [
          "max-age=31536000; includeSubDomains"
        ],
        "x-ms-ratelimit-remaining-subscription-reads": [
          "11996"
        ],
        "x-ms-correlation-request-id": [
          "b9224ae0-1dfa-4f9f-81b6-cb186fad7fbc"
        ],
        "x-ms-routing-request-id": [
          "WESTUS2:20181210T211938Z:b9224ae0-1dfa-4f9f-81b6-cb186fad7fbc"
        ],
        "X-Content-Type-Options": [
          "nosniff"
        ],
        "Cache-Control": [
          "no-cache"
        ],
        "Date": [
          "Mon, 10 Dec 2018 21:19:37 GMT"
        ],
        "Content-Length": [
          "128"
        ],
        "Content-Type": [
          "application/json; charset=utf-8"
        ],
        "Expires": [
          "-1"
        ]
      },
      "ResponseBody": "{\r\n  \"error\": {\r\n    \"code\": \"AssemblyNotFound\",\r\n    \"message\": \"The assembly 'BCps7314' could not be found in integration account 'IA-ps5276'.\"\r\n  }\r\n}",
      "StatusCode": 404
    },
    {
      "RequestUri": "/subscriptions/f34b22a3-2202-4fb1-b040-1332bd928c84/resourceGroups/RG-ps5562/providers/Microsoft.Logic/integrationAccounts/IA-ps5276/assemblies/BCps7314?api-version=2018-07-01-preview",
      "EncodedRequestUri": "L3N1YnNjcmlwdGlvbnMvZjM0YjIyYTMtMjIwMi00ZmIxLWIwNDAtMTMzMmJkOTI4Yzg0L3Jlc291cmNlR3JvdXBzL1JHLXBzNTU2Mi9wcm92aWRlcnMvTWljcm9zb2Z0LkxvZ2ljL2ludGVncmF0aW9uQWNjb3VudHMvSUEtcHM1Mjc2L2Fzc2VtYmxpZXMvQkNwczczMTQ/YXBpLXZlcnNpb249MjAxOC0wNy0wMS1wcmV2aWV3",
      "RequestMethod": "GET",
      "RequestBody": "",
      "RequestHeaders": {
        "x-ms-client-request-id": [
          "7f8790b6-e67a-4dba-8e73-246991a5bb66"
        ],
        "accept-language": [
          "en-US"
        ],
        "User-Agent": [
          "FxVersion/4.7.3190.0",
          "OSName/Windows",
          "OSVersion/6.3.9600.0",
          "Microsoft.Azure.Management.Logic.LogicManagementClient/4.0.0.0"
        ]
      },
      "ResponseHeaders": {
        "Pragma": [
          "no-cache"
        ],
        "x-ms-request-id": [
          "westus:b87e1b16-de7e-4b86-9788-799bd7df7de4"
        ],
        "Strict-Transport-Security": [
          "max-age=31536000; includeSubDomains"
        ],
        "x-ms-ratelimit-remaining-subscription-reads": [
          "11995"
        ],
        "x-ms-correlation-request-id": [
          "a963d0f4-da80-4cc7-b537-93b87dc3ac1d"
        ],
        "x-ms-routing-request-id": [
          "WESTUS2:20181210T211940Z:a963d0f4-da80-4cc7-b537-93b87dc3ac1d"
        ],
        "X-Content-Type-Options": [
          "nosniff"
        ],
        "Cache-Control": [
          "no-cache"
        ],
        "Date": [
          "Mon, 10 Dec 2018 21:19:39 GMT"
        ],
        "Content-Length": [
          "128"
        ],
        "Content-Type": [
          "application/json; charset=utf-8"
        ],
        "Expires": [
          "-1"
        ]
      },
      "ResponseBody": "{\r\n  \"error\": {\r\n    \"code\": \"AssemblyNotFound\",\r\n    \"message\": \"The assembly 'BCps7314' could not be found in integration account 'IA-ps5276'.\"\r\n  }\r\n}",
      "StatusCode": 404
    },
    {
      "RequestUri": "/subscriptions/f34b22a3-2202-4fb1-b040-1332bd928c84/resourceGroups/RG-ps5562/providers/Microsoft.Logic/integrationAccounts/IA-ps5276/assemblies/BCps7314?api-version=2018-07-01-preview",
      "EncodedRequestUri": "L3N1YnNjcmlwdGlvbnMvZjM0YjIyYTMtMjIwMi00ZmIxLWIwNDAtMTMzMmJkOTI4Yzg0L3Jlc291cmNlR3JvdXBzL1JHLXBzNTU2Mi9wcm92aWRlcnMvTWljcm9zb2Z0LkxvZ2ljL2ludGVncmF0aW9uQWNjb3VudHMvSUEtcHM1Mjc2L2Fzc2VtYmxpZXMvQkNwczczMTQ/YXBpLXZlcnNpb249MjAxOC0wNy0wMS1wcmV2aWV3",
      "RequestMethod": "GET",
      "RequestBody": "",
      "RequestHeaders": {
        "x-ms-client-request-id": [
          "c72bd5b3-5493-4e3a-b1b2-f0707149c5d4"
        ],
        "accept-language": [
          "en-US"
        ],
        "User-Agent": [
          "FxVersion/4.7.3190.0",
          "OSName/Windows",
          "OSVersion/6.3.9600.0",
          "Microsoft.Azure.Management.Logic.LogicManagementClient/4.0.0.0"
        ]
      },
      "ResponseHeaders": {
        "Pragma": [
          "no-cache"
        ],
        "x-ms-request-id": [
          "westus:985b9a5e-0aed-4565-9451-358332153d11"
        ],
        "Strict-Transport-Security": [
          "max-age=31536000; includeSubDomains"
        ],
        "x-ms-ratelimit-remaining-subscription-reads": [
          "11994"
        ],
        "x-ms-correlation-request-id": [
          "fa9bfbe9-f138-481d-8c4f-fc0a970cddfa"
        ],
        "x-ms-routing-request-id": [
          "WESTUS2:20181210T211940Z:fa9bfbe9-f138-481d-8c4f-fc0a970cddfa"
        ],
        "X-Content-Type-Options": [
          "nosniff"
        ],
        "Cache-Control": [
          "no-cache"
        ],
        "Date": [
          "Mon, 10 Dec 2018 21:19:39 GMT"
        ],
        "Content-Length": [
          "128"
        ],
        "Content-Type": [
          "application/json; charset=utf-8"
        ],
        "Expires": [
          "-1"
        ]
      },
      "ResponseBody": "{\r\n  \"error\": {\r\n    \"code\": \"AssemblyNotFound\",\r\n    \"message\": \"The assembly 'BCps7314' could not be found in integration account 'IA-ps5276'.\"\r\n  }\r\n}",
      "StatusCode": 404
    },
    {
      "RequestUri": "/subscriptions/f34b22a3-2202-4fb1-b040-1332bd928c84/resourceGroups/RG-ps5562/providers/Microsoft.Logic/integrationAccounts/IA-ps5276/assemblies/BCps7314?api-version=2018-07-01-preview",
      "EncodedRequestUri": "L3N1YnNjcmlwdGlvbnMvZjM0YjIyYTMtMjIwMi00ZmIxLWIwNDAtMTMzMmJkOTI4Yzg0L3Jlc291cmNlR3JvdXBzL1JHLXBzNTU2Mi9wcm92aWRlcnMvTWljcm9zb2Z0LkxvZ2ljL2ludGVncmF0aW9uQWNjb3VudHMvSUEtcHM1Mjc2L2Fzc2VtYmxpZXMvQkNwczczMTQ/YXBpLXZlcnNpb249MjAxOC0wNy0wMS1wcmV2aWV3",
      "RequestMethod": "GET",
      "RequestBody": "",
      "RequestHeaders": {
        "x-ms-client-request-id": [
          "0b834f74-a8b2-4f00-909c-d4f3a5eaaca5"
        ],
        "accept-language": [
          "en-US"
        ],
        "User-Agent": [
          "FxVersion/4.7.3190.0",
          "OSName/Windows",
          "OSVersion/6.3.9600.0",
          "Microsoft.Azure.Management.Logic.LogicManagementClient/4.0.0.0"
        ]
      },
      "ResponseHeaders": {
        "Pragma": [
          "no-cache"
        ],
        "x-ms-request-id": [
          "westus:1c8e41b2-4528-4ef9-8c96-0befa062a0d9"
        ],
        "Strict-Transport-Security": [
          "max-age=31536000; includeSubDomains"
        ],
        "x-ms-ratelimit-remaining-subscription-reads": [
          "11993"
        ],
        "x-ms-correlation-request-id": [
          "fd6cbc0c-3cfb-4a25-90eb-9ae6a4291a44"
        ],
        "x-ms-routing-request-id": [
          "WESTUS2:20181210T211940Z:fd6cbc0c-3cfb-4a25-90eb-9ae6a4291a44"
        ],
        "X-Content-Type-Options": [
          "nosniff"
        ],
        "Cache-Control": [
          "no-cache"
        ],
        "Date": [
          "Mon, 10 Dec 2018 21:19:39 GMT"
        ],
        "Content-Length": [
          "128"
        ],
        "Content-Type": [
          "application/json; charset=utf-8"
        ],
        "Expires": [
          "-1"
        ]
      },
      "ResponseBody": "{\r\n  \"error\": {\r\n    \"code\": \"AssemblyNotFound\",\r\n    \"message\": \"The assembly 'BCps7314' could not be found in integration account 'IA-ps5276'.\"\r\n  }\r\n}",
      "StatusCode": 404
    },
    {
      "RequestUri": "/subscriptions/f34b22a3-2202-4fb1-b040-1332bd928c84/resourceGroups/RG-ps5562/providers/Microsoft.Logic/integrationAccounts/IA-ps5276/assemblies/BCps7314?api-version=2018-07-01-preview",
      "EncodedRequestUri": "L3N1YnNjcmlwdGlvbnMvZjM0YjIyYTMtMjIwMi00ZmIxLWIwNDAtMTMzMmJkOTI4Yzg0L3Jlc291cmNlR3JvdXBzL1JHLXBzNTU2Mi9wcm92aWRlcnMvTWljcm9zb2Z0LkxvZ2ljL2ludGVncmF0aW9uQWNjb3VudHMvSUEtcHM1Mjc2L2Fzc2VtYmxpZXMvQkNwczczMTQ/YXBpLXZlcnNpb249MjAxOC0wNy0wMS1wcmV2aWV3",
      "RequestMethod": "GET",
      "RequestBody": "",
      "RequestHeaders": {
        "x-ms-client-request-id": [
          "32878937-1d4b-415b-8a95-e8c4f55eb246"
        ],
        "accept-language": [
          "en-US"
        ],
        "User-Agent": [
          "FxVersion/4.7.3190.0",
          "OSName/Windows",
          "OSVersion/6.3.9600.0",
          "Microsoft.Azure.Management.Logic.LogicManagementClient/4.0.0.0"
        ]
      },
      "ResponseHeaders": {
        "Pragma": [
          "no-cache"
        ],
        "x-ms-request-id": [
          "westus:b3023377-8c77-4a5b-9f05-525026c8a1c1"
        ],
        "Strict-Transport-Security": [
          "max-age=31536000; includeSubDomains"
        ],
        "x-ms-ratelimit-remaining-subscription-reads": [
          "11992"
        ],
        "x-ms-correlation-request-id": [
          "74871ba5-14af-48e9-987e-84b641d43065"
        ],
        "x-ms-routing-request-id": [
          "WESTUS2:20181210T211941Z:74871ba5-14af-48e9-987e-84b641d43065"
        ],
        "X-Content-Type-Options": [
          "nosniff"
        ],
        "Cache-Control": [
          "no-cache"
        ],
        "Date": [
          "Mon, 10 Dec 2018 21:19:40 GMT"
        ],
        "Content-Length": [
          "128"
        ],
        "Content-Type": [
          "application/json; charset=utf-8"
        ],
        "Expires": [
          "-1"
        ]
      },
      "ResponseBody": "{\r\n  \"error\": {\r\n    \"code\": \"AssemblyNotFound\",\r\n    \"message\": \"The assembly 'BCps7314' could not be found in integration account 'IA-ps5276'.\"\r\n  }\r\n}",
      "StatusCode": 404
    },
    {
      "RequestUri": "/subscriptions/f34b22a3-2202-4fb1-b040-1332bd928c84/resourceGroups/RG-ps5562/providers/Microsoft.Logic/integrationAccounts/IA-ps5276/batchConfigurations/BCps7314?api-version=2018-07-01-preview",
      "EncodedRequestUri": "L3N1YnNjcmlwdGlvbnMvZjM0YjIyYTMtMjIwMi00ZmIxLWIwNDAtMTMzMmJkOTI4Yzg0L3Jlc291cmNlR3JvdXBzL1JHLXBzNTU2Mi9wcm92aWRlcnMvTWljcm9zb2Z0LkxvZ2ljL2ludGVncmF0aW9uQWNjb3VudHMvSUEtcHM1Mjc2L2JhdGNoQ29uZmlndXJhdGlvbnMvQkNwczczMTQ/YXBpLXZlcnNpb249MjAxOC0wNy0wMS1wcmV2aWV3",
      "RequestMethod": "PUT",
      "RequestBody": "{\r\n  \"properties\": {\r\n    \"batchGroupName\": \"DEFAULT\",\r\n    \"releaseCriteria\": {\r\n      \"recurrence\": {\r\n        \"frequency\": \"Week\",\r\n        \"interval\": 1\r\n      }\r\n    }\r\n  }\r\n}",
      "RequestHeaders": {
        "x-ms-client-request-id": [
          "cc5b5370-75fc-46b2-bce0-57237ab7a1b9"
        ],
        "accept-language": [
          "en-US"
        ],
        "User-Agent": [
          "FxVersion/4.7.3190.0",
          "OSName/Windows",
          "OSVersion/6.3.9600.0",
          "Microsoft.Azure.Management.Logic.LogicManagementClient/4.0.0.0"
        ],
        "Content-Type": [
          "application/json; charset=utf-8"
        ],
        "Content-Length": [
          "180"
        ]
      },
      "ResponseHeaders": {
        "Pragma": [
          "no-cache"
        ],
        "x-ms-request-id": [
          "westus:b5ca378c-5862-444f-ba42-c7c2a09b30b1"
        ],
        "Strict-Transport-Security": [
          "max-age=31536000; includeSubDomains"
        ],
        "x-ms-ratelimit-remaining-subscription-writes": [
          "1198"
        ],
        "x-ms-correlation-request-id": [
          "50cb2323-f172-4487-836a-8c6daf05783e"
        ],
        "x-ms-routing-request-id": [
          "WESTUS2:20181210T211939Z:50cb2323-f172-4487-836a-8c6daf05783e"
        ],
        "X-Content-Type-Options": [
          "nosniff"
        ],
        "Cache-Control": [
          "no-cache"
        ],
        "Date": [
          "Mon, 10 Dec 2018 21:19:38 GMT"
        ],
        "Content-Length": [
          "452"
        ],
        "Content-Type": [
          "application/json; charset=utf-8"
        ],
        "Expires": [
          "-1"
        ]
      },
      "ResponseBody": "{\r\n  \"properties\": {\r\n    \"batchGroupName\": \"DEFAULT\",\r\n    \"releaseCriteria\": {\r\n      \"recurrence\": {\r\n        \"frequency\": \"Week\",\r\n        \"interval\": 1\r\n      }\r\n    },\r\n    \"createdTime\": \"2018-12-10T21:19:39.6049196Z\",\r\n    \"changedTime\": \"2018-12-10T21:19:39.6171506Z\"\r\n  },\r\n  \"id\": \"/subscriptions/f34b22a3-2202-4fb1-b040-1332bd928c84/resourceGroups/RG-ps5562/providers/Microsoft.Logic/integrationAccounts/IA-ps5276/batchConfigurations/BCps7314\",\r\n  \"name\": \"BCps7314\",\r\n  \"type\": \"Microsoft.Logic/integrationAccounts/batchConfigurations\"\r\n}",
      "StatusCode": 201
    },
    {
      "RequestUri": "/subscriptions/f34b22a3-2202-4fb1-b040-1332bd928c84/resourceGroups/RG-ps5562/providers/Microsoft.Logic/integrationAccounts/IA-ps5276/batchConfigurations/BCps7314?api-version=2018-07-01-preview",
      "EncodedRequestUri": "L3N1YnNjcmlwdGlvbnMvZjM0YjIyYTMtMjIwMi00ZmIxLWIwNDAtMTMzMmJkOTI4Yzg0L3Jlc291cmNlR3JvdXBzL1JHLXBzNTU2Mi9wcm92aWRlcnMvTWljcm9zb2Z0LkxvZ2ljL2ludGVncmF0aW9uQWNjb3VudHMvSUEtcHM1Mjc2L2JhdGNoQ29uZmlndXJhdGlvbnMvQkNwczczMTQ/YXBpLXZlcnNpb249MjAxOC0wNy0wMS1wcmV2aWV3",
      "RequestMethod": "PUT",
      "RequestBody": "{\r\n  \"properties\": {\r\n    \"batchGroupName\": \"DEFAULT\",\r\n    \"releaseCriteria\": {\r\n      \"recurrence\": {\r\n        \"frequency\": \"Week\",\r\n        \"interval\": 1\r\n      }\r\n    }\r\n  }\r\n}",
      "RequestHeaders": {
        "x-ms-client-request-id": [
          "98d676f6-eeb4-4f4c-bf44-9a3bb758a672"
        ],
        "accept-language": [
          "en-US"
        ],
        "User-Agent": [
          "FxVersion/4.7.3190.0",
          "OSName/Windows",
          "OSVersion/6.3.9600.0",
          "Microsoft.Azure.Management.Logic.LogicManagementClient/4.0.0.0"
        ],
        "Content-Type": [
          "application/json; charset=utf-8"
        ],
        "Content-Length": [
          "180"
        ]
      },
      "ResponseHeaders": {
        "Pragma": [
          "no-cache"
        ],
        "Vary": [
          "Accept-Encoding"
        ],
        "x-ms-request-id": [
          "westus:b01d4cbb-5b3c-4eb1-a873-40cebac80788"
        ],
        "Strict-Transport-Security": [
          "max-age=31536000; includeSubDomains"
        ],
        "x-ms-ratelimit-remaining-subscription-writes": [
          "1197"
        ],
        "x-ms-correlation-request-id": [
          "54439abb-5a64-41f7-819e-58303a7f98ab"
        ],
        "x-ms-routing-request-id": [
          "WESTUS2:20181210T211940Z:54439abb-5a64-41f7-819e-58303a7f98ab"
        ],
        "X-Content-Type-Options": [
          "nosniff"
        ],
        "Cache-Control": [
          "no-cache"
        ],
        "Date": [
          "Mon, 10 Dec 2018 21:19:39 GMT"
        ],
        "Content-Length": [
          "452"
        ],
        "Content-Type": [
          "application/json; charset=utf-8"
        ],
        "Expires": [
          "-1"
        ]
      },
      "ResponseBody": "{\r\n  \"properties\": {\r\n    \"batchGroupName\": \"DEFAULT\",\r\n    \"releaseCriteria\": {\r\n      \"recurrence\": {\r\n        \"frequency\": \"Week\",\r\n        \"interval\": 1\r\n      }\r\n    },\r\n    \"createdTime\": \"2018-12-10T21:19:39.6049196Z\",\r\n    \"changedTime\": \"2018-12-10T21:19:40.1812833Z\"\r\n  },\r\n  \"id\": \"/subscriptions/f34b22a3-2202-4fb1-b040-1332bd928c84/resourceGroups/RG-ps5562/providers/Microsoft.Logic/integrationAccounts/IA-ps5276/batchConfigurations/BCps7314\",\r\n  \"name\": \"BCps7314\",\r\n  \"type\": \"Microsoft.Logic/integrationAccounts/batchConfigurations\"\r\n}",
      "StatusCode": 200
    },
    {
      "RequestUri": "/subscriptions/f34b22a3-2202-4fb1-b040-1332bd928c84/resourceGroups/RG-ps5562/providers/Microsoft.Logic/integrationAccounts/IA-ps5276/batchConfigurations/BCps7314?api-version=2018-07-01-preview",
      "EncodedRequestUri": "L3N1YnNjcmlwdGlvbnMvZjM0YjIyYTMtMjIwMi00ZmIxLWIwNDAtMTMzMmJkOTI4Yzg0L3Jlc291cmNlR3JvdXBzL1JHLXBzNTU2Mi9wcm92aWRlcnMvTWljcm9zb2Z0LkxvZ2ljL2ludGVncmF0aW9uQWNjb3VudHMvSUEtcHM1Mjc2L2JhdGNoQ29uZmlndXJhdGlvbnMvQkNwczczMTQ/YXBpLXZlcnNpb249MjAxOC0wNy0wMS1wcmV2aWV3",
      "RequestMethod": "PUT",
      "RequestBody": "{\r\n  \"properties\": {\r\n    \"batchGroupName\": \"DEFAULT\",\r\n    \"releaseCriteria\": {\r\n      \"recurrence\": {\r\n        \"frequency\": \"Week\",\r\n        \"interval\": 1\r\n      }\r\n    }\r\n  }\r\n}",
      "RequestHeaders": {
        "x-ms-client-request-id": [
          "95693496-09dd-4d09-9a26-c65858730be6"
        ],
        "accept-language": [
          "en-US"
        ],
        "User-Agent": [
          "FxVersion/4.7.3190.0",
          "OSName/Windows",
          "OSVersion/6.3.9600.0",
          "Microsoft.Azure.Management.Logic.LogicManagementClient/4.0.0.0"
        ],
        "Content-Type": [
          "application/json; charset=utf-8"
        ],
        "Content-Length": [
          "180"
        ]
      },
      "ResponseHeaders": {
        "Pragma": [
          "no-cache"
        ],
        "Vary": [
          "Accept-Encoding"
        ],
        "x-ms-request-id": [
          "westus:3c279a6f-d110-4502-b7b6-835357c882fa"
        ],
        "Strict-Transport-Security": [
          "max-age=31536000; includeSubDomains"
        ],
        "x-ms-ratelimit-remaining-subscription-writes": [
          "1196"
        ],
        "x-ms-correlation-request-id": [
          "c20df2c3-24d0-47c8-8594-d5615fd70b1b"
        ],
        "x-ms-routing-request-id": [
          "WESTUS2:20181210T211940Z:c20df2c3-24d0-47c8-8594-d5615fd70b1b"
        ],
        "X-Content-Type-Options": [
          "nosniff"
        ],
        "Cache-Control": [
          "no-cache"
        ],
        "Date": [
          "Mon, 10 Dec 2018 21:19:39 GMT"
        ],
        "Content-Length": [
          "452"
        ],
        "Content-Type": [
          "application/json; charset=utf-8"
        ],
        "Expires": [
          "-1"
        ]
      },
      "ResponseBody": "{\r\n  \"properties\": {\r\n    \"batchGroupName\": \"DEFAULT\",\r\n    \"releaseCriteria\": {\r\n      \"recurrence\": {\r\n        \"frequency\": \"Week\",\r\n        \"interval\": 1\r\n      }\r\n    },\r\n    \"createdTime\": \"2018-12-10T21:19:39.6049196Z\",\r\n    \"changedTime\": \"2018-12-10T21:19:40.4365843Z\"\r\n  },\r\n  \"id\": \"/subscriptions/f34b22a3-2202-4fb1-b040-1332bd928c84/resourceGroups/RG-ps5562/providers/Microsoft.Logic/integrationAccounts/IA-ps5276/batchConfigurations/BCps7314\",\r\n  \"name\": \"BCps7314\",\r\n  \"type\": \"Microsoft.Logic/integrationAccounts/batchConfigurations\"\r\n}",
      "StatusCode": 200
    },
    {
      "RequestUri": "/subscriptions/f34b22a3-2202-4fb1-b040-1332bd928c84/resourceGroups/RG-ps5562/providers/Microsoft.Logic/integrationAccounts/IA-ps5276/batchConfigurations/BCps7314?api-version=2018-07-01-preview",
      "EncodedRequestUri": "L3N1YnNjcmlwdGlvbnMvZjM0YjIyYTMtMjIwMi00ZmIxLWIwNDAtMTMzMmJkOTI4Yzg0L3Jlc291cmNlR3JvdXBzL1JHLXBzNTU2Mi9wcm92aWRlcnMvTWljcm9zb2Z0LkxvZ2ljL2ludGVncmF0aW9uQWNjb3VudHMvSUEtcHM1Mjc2L2JhdGNoQ29uZmlndXJhdGlvbnMvQkNwczczMTQ/YXBpLXZlcnNpb249MjAxOC0wNy0wMS1wcmV2aWV3",
      "RequestMethod": "PUT",
      "RequestBody": "{\r\n  \"properties\": {\r\n    \"batchGroupName\": \"DEFAULT\",\r\n    \"releaseCriteria\": {\r\n      \"recurrence\": {\r\n        \"frequency\": \"Week\",\r\n        \"interval\": 1\r\n      }\r\n    }\r\n  }\r\n}",
      "RequestHeaders": {
        "x-ms-client-request-id": [
          "14ebe131-d1da-4840-b725-17cdb9af2bfb"
        ],
        "accept-language": [
          "en-US"
        ],
        "User-Agent": [
          "FxVersion/4.7.3190.0",
          "OSName/Windows",
          "OSVersion/6.3.9600.0",
          "Microsoft.Azure.Management.Logic.LogicManagementClient/4.0.0.0"
        ],
        "Content-Type": [
          "application/json; charset=utf-8"
        ],
        "Content-Length": [
          "180"
        ]
      },
      "ResponseHeaders": {
        "Pragma": [
          "no-cache"
        ],
        "Vary": [
          "Accept-Encoding"
        ],
        "x-ms-request-id": [
          "westus:092696a3-bfc2-4289-888b-3bd73bf81734"
        ],
        "Strict-Transport-Security": [
          "max-age=31536000; includeSubDomains"
        ],
        "x-ms-ratelimit-remaining-subscription-writes": [
          "1195"
        ],
        "x-ms-correlation-request-id": [
          "ce3210b1-6684-4b3f-a5f7-e784af7db7a5"
        ],
        "x-ms-routing-request-id": [
          "WESTUS2:20181210T211940Z:ce3210b1-6684-4b3f-a5f7-e784af7db7a5"
        ],
        "X-Content-Type-Options": [
          "nosniff"
        ],
        "Cache-Control": [
          "no-cache"
        ],
        "Date": [
          "Mon, 10 Dec 2018 21:19:40 GMT"
        ],
        "Content-Length": [
          "452"
        ],
        "Content-Type": [
          "application/json; charset=utf-8"
        ],
        "Expires": [
          "-1"
        ]
      },
      "ResponseBody": "{\r\n  \"properties\": {\r\n    \"batchGroupName\": \"DEFAULT\",\r\n    \"releaseCriteria\": {\r\n      \"recurrence\": {\r\n        \"frequency\": \"Week\",\r\n        \"interval\": 1\r\n      }\r\n    },\r\n    \"createdTime\": \"2018-12-10T21:19:39.6049196Z\",\r\n    \"changedTime\": \"2018-12-10T21:19:40.8835303Z\"\r\n  },\r\n  \"id\": \"/subscriptions/f34b22a3-2202-4fb1-b040-1332bd928c84/resourceGroups/RG-ps5562/providers/Microsoft.Logic/integrationAccounts/IA-ps5276/batchConfigurations/BCps7314\",\r\n  \"name\": \"BCps7314\",\r\n  \"type\": \"Microsoft.Logic/integrationAccounts/batchConfigurations\"\r\n}",
      "StatusCode": 200
    },
    {
      "RequestUri": "/subscriptions/f34b22a3-2202-4fb1-b040-1332bd928c84/resourceGroups/RG-ps5562/providers/Microsoft.Logic/integrationAccounts/IA-ps5276/batchConfigurations/BCps7314?api-version=2018-07-01-preview",
      "EncodedRequestUri": "L3N1YnNjcmlwdGlvbnMvZjM0YjIyYTMtMjIwMi00ZmIxLWIwNDAtMTMzMmJkOTI4Yzg0L3Jlc291cmNlR3JvdXBzL1JHLXBzNTU2Mi9wcm92aWRlcnMvTWljcm9zb2Z0LkxvZ2ljL2ludGVncmF0aW9uQWNjb3VudHMvSUEtcHM1Mjc2L2JhdGNoQ29uZmlndXJhdGlvbnMvQkNwczczMTQ/YXBpLXZlcnNpb249MjAxOC0wNy0wMS1wcmV2aWV3",
      "RequestMethod": "PUT",
      "RequestBody": "{\r\n  \"properties\": {\r\n    \"batchGroupName\": \"DEFAULT\",\r\n    \"releaseCriteria\": {\r\n      \"recurrence\": {\r\n        \"frequency\": \"Week\",\r\n        \"interval\": 1\r\n      }\r\n    }\r\n  }\r\n}",
      "RequestHeaders": {
        "x-ms-client-request-id": [
          "3ca873e4-9009-40fe-ba5e-c463a9d67060"
        ],
        "accept-language": [
          "en-US"
        ],
        "User-Agent": [
          "FxVersion/4.7.3190.0",
          "OSName/Windows",
          "OSVersion/6.3.9600.0",
          "Microsoft.Azure.Management.Logic.LogicManagementClient/4.0.0.0"
        ],
        "Content-Type": [
          "application/json; charset=utf-8"
        ],
        "Content-Length": [
          "180"
        ]
      },
      "ResponseHeaders": {
        "Pragma": [
          "no-cache"
        ],
        "Vary": [
          "Accept-Encoding"
        ],
        "x-ms-request-id": [
          "westus:fa9b1142-ba95-4c60-9690-79dbda50b5c7"
        ],
        "Strict-Transport-Security": [
          "max-age=31536000; includeSubDomains"
        ],
        "x-ms-ratelimit-remaining-subscription-writes": [
          "1194"
        ],
        "x-ms-correlation-request-id": [
          "3d5c4cd1-5ca3-4756-99b9-7f25726e94a8"
        ],
        "x-ms-routing-request-id": [
          "WESTUS2:20181210T211941Z:3d5c4cd1-5ca3-4756-99b9-7f25726e94a8"
        ],
        "X-Content-Type-Options": [
          "nosniff"
        ],
        "Cache-Control": [
          "no-cache"
        ],
        "Date": [
          "Mon, 10 Dec 2018 21:19:40 GMT"
        ],
        "Content-Length": [
          "451"
        ],
        "Content-Type": [
          "application/json; charset=utf-8"
        ],
        "Expires": [
          "-1"
        ]
      },
      "ResponseBody": "{\r\n  \"properties\": {\r\n    \"batchGroupName\": \"DEFAULT\",\r\n    \"releaseCriteria\": {\r\n      \"recurrence\": {\r\n        \"frequency\": \"Week\",\r\n        \"interval\": 1\r\n      }\r\n    },\r\n    \"createdTime\": \"2018-12-10T21:19:39.6049196Z\",\r\n    \"changedTime\": \"2018-12-10T21:19:41.156487Z\"\r\n  },\r\n  \"id\": \"/subscriptions/f34b22a3-2202-4fb1-b040-1332bd928c84/resourceGroups/RG-ps5562/providers/Microsoft.Logic/integrationAccounts/IA-ps5276/batchConfigurations/BCps7314\",\r\n  \"name\": \"BCps7314\",\r\n  \"type\": \"Microsoft.Logic/integrationAccounts/batchConfigurations\"\r\n}",
      "StatusCode": 200
    },
    {
      "RequestUri": "/subscriptions/f34b22a3-2202-4fb1-b040-1332bd928c84/resourceGroups/RG-ps5562/providers/Microsoft.Logic/integrationAccounts/IA-ps5276/assemblies/BCps7314?api-version=2018-07-01-preview",
      "EncodedRequestUri": "L3N1YnNjcmlwdGlvbnMvZjM0YjIyYTMtMjIwMi00ZmIxLWIwNDAtMTMzMmJkOTI4Yzg0L3Jlc291cmNlR3JvdXBzL1JHLXBzNTU2Mi9wcm92aWRlcnMvTWljcm9zb2Z0LkxvZ2ljL2ludGVncmF0aW9uQWNjb3VudHMvSUEtcHM1Mjc2L2Fzc2VtYmxpZXMvQkNwczczMTQ/YXBpLXZlcnNpb249MjAxOC0wNy0wMS1wcmV2aWV3",
      "RequestMethod": "DELETE",
      "RequestBody": "",
      "RequestHeaders": {
        "x-ms-client-request-id": [
          "05f43b9f-b76c-4b42-b7ee-dfa9a2425880"
        ],
        "accept-language": [
          "en-US"
        ],
        "User-Agent": [
          "FxVersion/4.7.3190.0",
          "OSName/Windows",
          "OSVersion/6.3.9600.0",
          "Microsoft.Azure.Management.Logic.LogicManagementClient/4.0.0.0"
        ]
      },
      "ResponseHeaders": {
        "Pragma": [
          "no-cache"
        ],
        "x-ms-request-id": [
          "westus:e7f73e07-e895-4c0d-b8c0-ea756e650c91"
        ],
        "Strict-Transport-Security": [
          "max-age=31536000; includeSubDomains"
        ],
        "x-ms-ratelimit-remaining-subscription-deletes": [
          "14999"
        ],
        "x-ms-correlation-request-id": [
          "34db2b2c-a58f-4f6f-a796-aa76672b8fe8"
        ],
        "x-ms-routing-request-id": [
          "WESTUS2:20181210T211940Z:34db2b2c-a58f-4f6f-a796-aa76672b8fe8"
        ],
        "X-Content-Type-Options": [
          "nosniff"
        ],
        "Cache-Control": [
          "no-cache"
        ],
        "Date": [
          "Mon, 10 Dec 2018 21:19:39 GMT"
        ],
        "Expires": [
          "-1"
        ]
      },
      "ResponseBody": "",
      "StatusCode": 204
    },
    {
      "RequestUri": "/subscriptions/f34b22a3-2202-4fb1-b040-1332bd928c84/resourceGroups/RG-ps5562/providers/Microsoft.Logic/integrationAccounts/IA-ps5276/assemblies/BCps7314?api-version=2018-07-01-preview",
      "EncodedRequestUri": "L3N1YnNjcmlwdGlvbnMvZjM0YjIyYTMtMjIwMi00ZmIxLWIwNDAtMTMzMmJkOTI4Yzg0L3Jlc291cmNlR3JvdXBzL1JHLXBzNTU2Mi9wcm92aWRlcnMvTWljcm9zb2Z0LkxvZ2ljL2ludGVncmF0aW9uQWNjb3VudHMvSUEtcHM1Mjc2L2Fzc2VtYmxpZXMvQkNwczczMTQ/YXBpLXZlcnNpb249MjAxOC0wNy0wMS1wcmV2aWV3",
      "RequestMethod": "DELETE",
      "RequestBody": "",
      "RequestHeaders": {
        "x-ms-client-request-id": [
          "322220c8-5b0f-4d7c-b2ac-f4afb3ac9dc4"
        ],
        "accept-language": [
          "en-US"
        ],
        "User-Agent": [
          "FxVersion/4.7.3190.0",
          "OSName/Windows",
          "OSVersion/6.3.9600.0",
          "Microsoft.Azure.Management.Logic.LogicManagementClient/4.0.0.0"
        ]
      },
      "ResponseHeaders": {
        "Pragma": [
          "no-cache"
        ],
        "x-ms-request-id": [
          "westus:40975276-b137-406f-8dd9-385282c4b69f"
        ],
        "Strict-Transport-Security": [
          "max-age=31536000; includeSubDomains"
        ],
        "x-ms-ratelimit-remaining-subscription-deletes": [
          "14998"
        ],
        "x-ms-correlation-request-id": [
          "f5cacb47-f4ec-4a6a-8337-02ecaea61899"
        ],
        "x-ms-routing-request-id": [
          "WESTUS2:20181210T211940Z:f5cacb47-f4ec-4a6a-8337-02ecaea61899"
        ],
        "X-Content-Type-Options": [
          "nosniff"
        ],
        "Cache-Control": [
          "no-cache"
        ],
        "Date": [
          "Mon, 10 Dec 2018 21:19:39 GMT"
        ],
        "Expires": [
          "-1"
        ]
      },
      "ResponseBody": "",
      "StatusCode": 204
    },
    {
      "RequestUri": "/subscriptions/f34b22a3-2202-4fb1-b040-1332bd928c84/resourceGroups/RG-ps5562/providers/Microsoft.Logic/integrationAccounts/IA-ps5276/assemblies/BCps7314?api-version=2018-07-01-preview",
      "EncodedRequestUri": "L3N1YnNjcmlwdGlvbnMvZjM0YjIyYTMtMjIwMi00ZmIxLWIwNDAtMTMzMmJkOTI4Yzg0L3Jlc291cmNlR3JvdXBzL1JHLXBzNTU2Mi9wcm92aWRlcnMvTWljcm9zb2Z0LkxvZ2ljL2ludGVncmF0aW9uQWNjb3VudHMvSUEtcHM1Mjc2L2Fzc2VtYmxpZXMvQkNwczczMTQ/YXBpLXZlcnNpb249MjAxOC0wNy0wMS1wcmV2aWV3",
      "RequestMethod": "DELETE",
      "RequestBody": "",
      "RequestHeaders": {
        "x-ms-client-request-id": [
          "6c210099-94d2-4319-a38d-2d254665d261"
        ],
        "accept-language": [
          "en-US"
        ],
        "User-Agent": [
          "FxVersion/4.7.3190.0",
          "OSName/Windows",
          "OSVersion/6.3.9600.0",
          "Microsoft.Azure.Management.Logic.LogicManagementClient/4.0.0.0"
        ]
      },
      "ResponseHeaders": {
        "Pragma": [
          "no-cache"
        ],
        "x-ms-request-id": [
          "westus:b5504dbc-92dc-4ade-9c86-0bb981db08d8"
        ],
        "Strict-Transport-Security": [
          "max-age=31536000; includeSubDomains"
        ],
        "x-ms-ratelimit-remaining-subscription-deletes": [
          "14997"
        ],
        "x-ms-correlation-request-id": [
          "9037897f-b2fd-4bd2-8872-76020ad79e4b"
        ],
        "x-ms-routing-request-id": [
          "WESTUS2:20181210T211940Z:9037897f-b2fd-4bd2-8872-76020ad79e4b"
        ],
        "X-Content-Type-Options": [
          "nosniff"
        ],
        "Cache-Control": [
          "no-cache"
        ],
        "Date": [
          "Mon, 10 Dec 2018 21:19:39 GMT"
        ],
        "Expires": [
          "-1"
        ]
      },
      "ResponseBody": "",
      "StatusCode": 204
    },
    {
      "RequestUri": "/subscriptions/f34b22a3-2202-4fb1-b040-1332bd928c84/resourceGroups/RG-ps5562/providers/Microsoft.Logic/integrationAccounts/IA-ps5276/assemblies/BCps7314?api-version=2018-07-01-preview",
      "EncodedRequestUri": "L3N1YnNjcmlwdGlvbnMvZjM0YjIyYTMtMjIwMi00ZmIxLWIwNDAtMTMzMmJkOTI4Yzg0L3Jlc291cmNlR3JvdXBzL1JHLXBzNTU2Mi9wcm92aWRlcnMvTWljcm9zb2Z0LkxvZ2ljL2ludGVncmF0aW9uQWNjb3VudHMvSUEtcHM1Mjc2L2Fzc2VtYmxpZXMvQkNwczczMTQ/YXBpLXZlcnNpb249MjAxOC0wNy0wMS1wcmV2aWV3",
      "RequestMethod": "DELETE",
      "RequestBody": "",
      "RequestHeaders": {
        "x-ms-client-request-id": [
          "8167534e-2b97-4cbe-9402-c997f707b7c2"
        ],
        "accept-language": [
          "en-US"
        ],
        "User-Agent": [
          "FxVersion/4.7.3190.0",
          "OSName/Windows",
          "OSVersion/6.3.9600.0",
          "Microsoft.Azure.Management.Logic.LogicManagementClient/4.0.0.0"
        ]
      },
      "ResponseHeaders": {
        "Pragma": [
          "no-cache"
        ],
        "x-ms-request-id": [
          "westus:71684f24-1fdd-4d0a-b968-69ff6f0eb016"
        ],
        "Strict-Transport-Security": [
          "max-age=31536000; includeSubDomains"
        ],
        "x-ms-ratelimit-remaining-subscription-deletes": [
          "14996"
        ],
        "x-ms-correlation-request-id": [
          "bf8fac56-da69-4cd1-8a27-43aa62c39905"
        ],
        "x-ms-routing-request-id": [
          "WESTUS2:20181210T211940Z:bf8fac56-da69-4cd1-8a27-43aa62c39905"
        ],
        "X-Content-Type-Options": [
          "nosniff"
        ],
        "Cache-Control": [
          "no-cache"
        ],
        "Date": [
          "Mon, 10 Dec 2018 21:19:40 GMT"
        ],
        "Expires": [
          "-1"
        ]
      },
      "ResponseBody": "",
      "StatusCode": 204
    },
    {
      "RequestUri": "/subscriptions/f34b22a3-2202-4fb1-b040-1332bd928c84/resourceGroups/RG-ps5562/providers/Microsoft.Logic/integrationAccounts/IA-ps5276/assemblies/BCps7314?api-version=2018-07-01-preview",
      "EncodedRequestUri": "L3N1YnNjcmlwdGlvbnMvZjM0YjIyYTMtMjIwMi00ZmIxLWIwNDAtMTMzMmJkOTI4Yzg0L3Jlc291cmNlR3JvdXBzL1JHLXBzNTU2Mi9wcm92aWRlcnMvTWljcm9zb2Z0LkxvZ2ljL2ludGVncmF0aW9uQWNjb3VudHMvSUEtcHM1Mjc2L2Fzc2VtYmxpZXMvQkNwczczMTQ/YXBpLXZlcnNpb249MjAxOC0wNy0wMS1wcmV2aWV3",
      "RequestMethod": "DELETE",
      "RequestBody": "",
      "RequestHeaders": {
        "x-ms-client-request-id": [
          "f937ec24-5895-4d27-a168-0807c3256185"
        ],
        "accept-language": [
          "en-US"
        ],
        "User-Agent": [
          "FxVersion/4.7.3190.0",
          "OSName/Windows",
          "OSVersion/6.3.9600.0",
          "Microsoft.Azure.Management.Logic.LogicManagementClient/4.0.0.0"
        ]
      },
      "ResponseHeaders": {
        "Pragma": [
          "no-cache"
        ],
        "x-ms-request-id": [
          "westus:528791c6-8ded-4ed1-b0dc-8a6cc7c539a4"
        ],
        "Strict-Transport-Security": [
          "max-age=31536000; includeSubDomains"
        ],
        "x-ms-ratelimit-remaining-subscription-deletes": [
          "14995"
        ],
        "x-ms-correlation-request-id": [
          "69ce7d87-138b-43a4-827e-aab5069a81eb"
        ],
        "x-ms-routing-request-id": [
          "WESTUS2:20181210T211941Z:69ce7d87-138b-43a4-827e-aab5069a81eb"
        ],
        "X-Content-Type-Options": [
          "nosniff"
        ],
        "Cache-Control": [
          "no-cache"
        ],
        "Date": [
          "Mon, 10 Dec 2018 21:19:40 GMT"
        ],
        "Expires": [
          "-1"
        ]
      },
      "ResponseBody": "",
      "StatusCode": 204
    },
    {
      "RequestUri": "/subscriptions/f34b22a3-2202-4fb1-b040-1332bd928c84/resourceGroups/RG-ps5562/providers/Microsoft.Logic/integrationAccounts/IA-ps5276?api-version=2018-07-01-preview",
      "EncodedRequestUri": "L3N1YnNjcmlwdGlvbnMvZjM0YjIyYTMtMjIwMi00ZmIxLWIwNDAtMTMzMmJkOTI4Yzg0L3Jlc291cmNlR3JvdXBzL1JHLXBzNTU2Mi9wcm92aWRlcnMvTWljcm9zb2Z0LkxvZ2ljL2ludGVncmF0aW9uQWNjb3VudHMvSUEtcHM1Mjc2P2FwaS12ZXJzaW9uPTIwMTgtMDctMDEtcHJldmlldw==",
      "RequestMethod": "DELETE",
      "RequestBody": "",
      "RequestHeaders": {
        "x-ms-client-request-id": [
          "935f45dc-5aff-48bf-b7c1-875c384577d4"
        ],
        "accept-language": [
          "en-US"
        ],
        "User-Agent": [
          "FxVersion/4.7.3190.0",
          "OSName/Windows",
          "OSVersion/6.3.9600.0",
          "Microsoft.Azure.Management.Logic.LogicManagementClient/4.0.0.0"
        ]
      },
      "ResponseHeaders": {
        "Pragma": [
          "no-cache"
        ],
        "x-ms-request-id": [
          "westus:14b5dec1-c918-46ad-afe4-82d2905af474"
        ],
        "Strict-Transport-Security": [
          "max-age=31536000; includeSubDomains"
        ],
        "x-ms-ratelimit-remaining-subscription-deletes": [
          "14994"
        ],
        "x-ms-correlation-request-id": [
          "eb0517e5-c331-49bc-88af-6faa985a762f"
        ],
        "x-ms-routing-request-id": [
          "WESTUS2:20181210T211941Z:eb0517e5-c331-49bc-88af-6faa985a762f"
        ],
        "X-Content-Type-Options": [
          "nosniff"
        ],
        "Cache-Control": [
          "no-cache"
        ],
        "Date": [
          "Mon, 10 Dec 2018 21:19:40 GMT"
        ],
        "Content-Length": [
          "0"
        ],
        "Expires": [
          "-1"
        ]
      },
      "ResponseBody": "",
      "StatusCode": 200
    }
  ],
  "Names": {
    "Test-RemoveIntegrationAccountBatchConfiguration": [
      "ps5562",
      "ps5276",
      "ps7314"
    ]
  },
  "Variables": {
    "SubscriptionId": "f34b22a3-2202-4fb1-b040-1332bd928c84"
  }
}