{
  "Entries": [
    {
      "RequestUri": "/subscriptions?api-version=2016-06-01",
      "EncodedRequestUri": "L3N1YnNjcmlwdGlvbnM/YXBpLXZlcnNpb249MjAxNi0wNi0wMQ==",
      "RequestMethod": "GET",
      "RequestBody": "",
      "RequestHeaders": {
        "x-ms-client-request-id": [
          "31537677-7032-4654-becb-372f2eeebf21"
        ],
        "accept-language": [
          "en-US"
        ],
        "User-Agent": [
          "FxVersion/4.7.3163.0",
          "OSName/Windows10Enterprise",
          "OSVersion/6.3.17134",
          "Microsoft.Azure.Internal.Subscriptions.SubscriptionClient/4.1.0"
        ]
      },
      "ResponseBody": "{\"value\": [{\"id\": \"/subscriptions/00000000-0000-0000-0000-000000000000\", \"subscriptionId\": \"00000000-0000-0000-0000-000000000000\", \"displayName\": \"Test Subscription\", \"state\": \"Enabled\", \"authorizationSource\": \"RoleBased\"}]}",
      "ResponseHeaders": {
        "Content-Length": [
          "987"
        ],
        "Content-Type": [
          "application/json; charset=utf-8"
        ],
        "Expires": [
          "-1"
        ],
        "Pragma": [
          "no-cache"
        ],
        "x-ms-ratelimit-remaining-tenant-reads": [
          "11999"
        ],
        "x-ms-request-id": [
          "dc5b4ea5-4059-44fa-9d49-5c48f46224f4"
        ],
        "x-ms-correlation-request-id": [
          "dc5b4ea5-4059-44fa-9d49-5c48f46224f4"
        ],
        "x-ms-routing-request-id": [
          "WESTUS2:20180926T232942Z:dc5b4ea5-4059-44fa-9d49-5c48f46224f4"
        ],
        "Strict-Transport-Security": [
          "max-age=31536000; includeSubDomains"
        ],
        "X-Content-Type-Options": [
          "nosniff"
        ],
        "Cache-Control": [
          "no-cache"
        ],
        "Date": [
          "Wed, 26 Sep 2018 23:29:41 GMT"
        ]
      },
      "StatusCode": 200
    },
    {
      "RequestUri": "/providers/Microsoft.ResourceGraph/resources?api-version=2018-09-01-preview",
      "EncodedRequestUri": "L3Byb3ZpZGVycy9NaWNyb3NvZnQuUmVzb3VyY2VHcmFwaC9yZXNvdXJjZXM/YXBpLXZlcnNpb249MjAxOC0wOS0wMS1wcmV2aWV3",
      "RequestMethod": "POST",
      "RequestBody": "{\r\n  \"subscriptions\": [\r\n    \"00000000-0000-0000-0000-000000000000\"\r\n  ],\r\n  \"query\": \"distinct subscriptionId | order by subscriptionId asc\",\r\n  \"options\": {\r\n    \"$top\": 100,\r\n    \"$skip\": 0\r\n  }\r\n}",
      "RequestHeaders": {
        "Content-Type": [
          "application/json; charset=utf-8"
        ],
        "Content-Length": [
          "200"
        ],
        "x-ms-client-request-id": [
          "734561a3-74bf-4762-a941-20d98158229c"
        ],
        "accept-language": [
          "en-US"
        ],
        "User-Agent": [
          "FxVersion/4.7.3163.0",
          "OSName/Windows10Enterprise",
          "OSVersion/6.3.17134",
          "Microsoft.Azure.Management.ResourceGraph.ResourceGraphClient/0.9.0.0"
        ]
      },
      "ResponseBody": "{\r\n  \"totalRecords\": 1,\r\n  \"count\": 1,\r\n  \"data\": {\r\n    \"columns\": [\r\n      {\r\n        \"name\": \"subscriptionId\",\r\n        \"type\": \"string\"\r\n      }\r\n    ],\r\n    \"rows\": [\r\n      [\r\n        \"00000000-0000-0000-0000-000000000000\"\r\n      ]\r\n    ]\r\n  },\r\n  \"facets\": [],\r\n  \"resultTruncated\": \"false\"\r\n}",
      "ResponseHeaders": {
        "Content-Length": [
          "179"
        ],
        "Content-Type": [
          "application/json; charset=utf-8"
        ],
        "Expires": [
          "-1"
        ],
        "Pragma": [
          "no-cache"
        ],
        "Strict-Transport-Security": [
          "max-age=31536000; includeSubDomains"
        ],
        "x-ms-ratelimit-remaining-tenant-writes": [
          "1199"
        ],
        "x-ms-request-id": [
          "e475050e-cb2f-4051-945e-0e1aed50d631"
        ],
        "x-ms-correlation-request-id": [
          "e475050e-cb2f-4051-945e-0e1aed50d631"
        ],
        "x-ms-routing-request-id": [
          "WESTUS2:20180913T223146Z:e475050e-cb2f-4051-945e-0e1aed50d631"
        ],
        "X-Content-Type-Options": [
          "nosniff"
        ],
        "Cache-Control": [
          "no-cache"
        ],
        "Date": [
          "Thu, 13 Sep 2018 22:31:46 GMT"
        ],
        "Server": [
          "Microsoft-HTTPAPI/2.0"
        ]
      },
      "StatusCode": 200
    },
    {
      "RequestUri": "/providers/Microsoft.ResourceGraph/resources?api-version=2018-09-01-preview",
      "EncodedRequestUri": "L3Byb3ZpZGVycy9NaWNyb3NvZnQuUmVzb3VyY2VHcmFwaC9yZXNvdXJjZXM/YXBpLXZlcnNpb249MjAxOC0wOS0wMS1wcmV2aWV3",
      "RequestMethod": "POST",
      "RequestBody": "{\r\n  \"subscriptions\": [\r\n    \"11111111-1111-1111-1111-111111111111\"\r\n  ],\r\n  \"query\": \"distinct subscriptionId | order by subscriptionId asc\",\r\n  \"options\": {\r\n    \"$top\": 100,\r\n    \"$skip\": 0\r\n  }\r\n}",
      "RequestHeaders": {
        "Content-Type": [
          "application/json; charset=utf-8"
        ],
        "Content-Length": [
          "200"
        ],
        "x-ms-client-request-id": [
          "d33570c9-2cff-4e57-8779-feb38486930a"
        ],
        "accept-language": [
          "en-US"
        ],
        "User-Agent": [
          "FxVersion/4.7.3163.0",
          "OSName/Windows10Enterprise",
          "OSVersion/6.3.17134",
          "Microsoft.Azure.Management.ResourceGraph.ResourceGraphClient/0.9.0.0"
        ]
      },
      "ResponseBody": "{\r\n  \"totalRecords\": 1,\r\n  \"count\": 1,\r\n  \"data\": {\r\n    \"columns\": [\r\n      {\r\n        \"name\": \"subscriptionId\",\r\n        \"type\": \"string\"\r\n      }\r\n    ],\r\n    \"rows\": [\r\n      [\r\n        \"11111111-1111-1111-1111-111111111111\"\r\n      ]\r\n    ]\r\n  },\r\n  \"facets\": [],\r\n  \"resultTruncated\": \"false\"\r\n}",
      "ResponseHeaders": {
        "Content-Length": [
          "179"
        ],
        "Content-Type": [
          "application/json; charset=utf-8"
        ],
        "Expires": [
          "-1"
        ],
        "Pragma": [
          "no-cache"
        ],
        "Strict-Transport-Security": [
          "max-age=31536000; includeSubDomains"
        ],
        "x-ms-ratelimit-remaining-tenant-writes": [
          "1198"
        ],
        "x-ms-request-id": [
          "cebbeeb1-8873-41ea-9985-6401adf2a050"
        ],
        "x-ms-correlation-request-id": [
          "cebbeeb1-8873-41ea-9985-6401adf2a050"
        ],
        "x-ms-routing-request-id": [
          "WESTUS2:20180913T223146Z:cebbeeb1-8873-41ea-9985-6401adf2a050"
        ],
        "X-Content-Type-Options": [
          "nosniff"
        ],
        "Cache-Control": [
          "no-cache"
        ],
        "Date": [
          "Thu, 13 Sep 2018 22:31:46 GMT"
        ],
        "Server": [
          "Microsoft-HTTPAPI/2.0"
        ]
      },
      "StatusCode": 200
    },
    {
      "RequestUri": "/providers/Microsoft.ResourceGraph/resources?api-version=2018-09-01-preview",
      "EncodedRequestUri": "L3Byb3ZpZGVycy9NaWNyb3NvZnQuUmVzb3VyY2VHcmFwaC9yZXNvdXJjZXM/YXBpLXZlcnNpb249MjAxOC0wOS0wMS1wcmV2aWV3",
      "RequestMethod": "POST",
      "RequestBody": "{\r\n  \"subscriptions\": [\r\n    \"11111111-1111-1111-1111-111111111111\",\r\n    \"22222222-2222-2222-2222-222222222222\"\r\n  ],\r\n  \"query\": \"distinct subscriptionId | order by subscriptionId asc\",\r\n  \"options\": {\r\n    \"$top\": 100,\r\n    \"$skip\": 0\r\n  }\r\n}",
      "RequestHeaders": {
        "Content-Type": [
          "application/json; charset=utf-8"
        ],
        "Content-Length": [
          "245"
        ],
        "x-ms-client-request-id": [
          "93ef2c01-fb51-4262-b93e-07fdc1f331e4"
        ],
        "accept-language": [
          "en-US"
        ],
        "User-Agent": [
          "FxVersion/4.7.3163.0",
          "OSName/Windows10Enterprise",
          "OSVersion/6.3.17134",
          "Microsoft.Azure.Management.ResourceGraph.ResourceGraphClient/0.9.0.0"
        ]
      },
      "ResponseBody": "{\r\n  \"totalRecords\": 2,\r\n  \"count\": 2,\r\n  \"data\": {\r\n    \"columns\": [\r\n      {\r\n        \"name\": \"subscriptionId\",\r\n        \"type\": \"string\"\r\n      }\r\n    ],\r\n    \"rows\": [\r\n      [\r\n        \"11111111-1111-1111-1111-111111111111\"\r\n      ],\r\n      [\r\n        \"22222222-2222-2222-2222-222222222222\"\r\n      ]\r\n    ]\r\n  },\r\n  \"facets\": [],\r\n  \"resultTruncated\": \"false\"\r\n}",
      "ResponseHeaders": {
        "Content-Length": [
          "220"
        ],
        "Content-Type": [
          "application/json; charset=utf-8"
        ],
        "Expires": [
          "-1"
        ],
        "Pragma": [
          "no-cache"
        ],
        "Strict-Transport-Security": [
          "max-age=31536000; includeSubDomains"
        ],
        "x-ms-ratelimit-remaining-tenant-writes": [
          "1197"
        ],
        "x-ms-request-id": [
          "e1740124-92ef-4e5e-b925-dbb7812db2af"
        ],
        "x-ms-correlation-request-id": [
          "e1740124-92ef-4e5e-b925-dbb7812db2af"
        ],
        "x-ms-routing-request-id": [
          "WESTUS2:20180913T223147Z:e1740124-92ef-4e5e-b925-dbb7812db2af"
        ],
        "X-Content-Type-Options": [
          "nosniff"
        ],
        "Cache-Control": [
          "no-cache"
        ],
        "Date": [
          "Thu, 13 Sep 2018 22:31:47 GMT"
        ],
        "Server": [
          "Microsoft-HTTPAPI/2.0"
        ]
      },
      "StatusCode": 200
    }
  ],
  "Names": {},
  "Variables": {
    "SubscriptionId": "00000000-0000-0000-0000-000000000000"
  }
}