{
  "Entries": [
    {
      "RequestUri": "/subscriptions/cca24ec8-99b5-4aa7-9ff6-486e886f304c/resourcegroups/sql-atp-cmdlet-test-rgps8415?api-version=2016-09-01",
      "EncodedRequestUri": "L3N1YnNjcmlwdGlvbnMvY2NhMjRlYzgtOTliNS00YWE3LTlmZjYtNDg2ZTg4NmYzMDRjL3Jlc291cmNlZ3JvdXBzL3NxbC1hdHAtY21kbGV0LXRlc3Qtcmdwczg0MTU/YXBpLXZlcnNpb249MjAxNi0wOS0wMQ==",
      "RequestMethod": "PUT",
      "RequestBody": "{\r\n  \"location\": \"West Central US\"\r\n}",
      "RequestHeaders": {
        "Content-Type": [
          "application/json; charset=utf-8"
        ],
        "Content-Length": [
          "37"
        ],
        "x-ms-client-request-id": [
          "5b768731-45f8-4ec9-a006-5112abb1d7b7"
        ],
        "accept-language": [
          "en-US"
        ],
        "User-Agent": [
          "FxVersion/4.7.2650.0",
          "OSName/Windows10Enterprise",
          "OSVersion/6.3.16299",
          "Microsoft.Azure.Management.Internal.Resources.ResourceManagementClient/4.1.0"
        ]
      },
      "ResponseBody": "{\r\n  \"id\": \"/subscriptions/cca24ec8-99b5-4aa7-9ff6-486e886f304c/resourceGroups/sql-atp-cmdlet-test-rgps8415\",\r\n  \"name\": \"sql-atp-cmdlet-test-rgps8415\",\r\n  \"location\": \"westcentralus\",\r\n  \"properties\": {\r\n    \"provisioningState\": \"Succeeded\"\r\n  }\r\n}",
      "ResponseHeaders": {
        "Content-Length": [
          "216"
        ],
        "Content-Type": [
          "application/json; charset=utf-8"
        ],
        "Expires": [
          "-1"
        ],
        "Pragma": [
          "no-cache"
        ],
        "x-ms-ratelimit-remaining-subscription-writes": [
          "1194"
        ],
        "x-ms-request-id": [
          "40eef0b5-578d-47f4-8b5f-fd73a3028fe7"
        ],
        "x-ms-correlation-request-id": [
          "40eef0b5-578d-47f4-8b5f-fd73a3028fe7"
        ],
        "x-ms-routing-request-id": [
          "UKSOUTH:20180628T074232Z:40eef0b5-578d-47f4-8b5f-fd73a3028fe7"
        ],
        "Strict-Transport-Security": [
          "max-age=31536000; includeSubDomains"
        ],
        "X-Content-Type-Options": [
          "nosniff"
        ],
        "Cache-Control": [
          "no-cache"
        ],
        "Date": [
          "Thu, 28 Jun 2018 07:42:31 GMT"
        ]
      },
      "StatusCode": 201
    },
    {
      "RequestUri": "/subscriptions/cca24ec8-99b5-4aa7-9ff6-486e886f304c/resourceGroups/sql-atp-cmdlet-test-rgps8415/providers/Microsoft.Sql/servers/sql-atp-cmdlet-serverps8415?api-version=2015-05-01-preview",
      "EncodedRequestUri": "L3N1YnNjcmlwdGlvbnMvY2NhMjRlYzgtOTliNS00YWE3LTlmZjYtNDg2ZTg4NmYzMDRjL3Jlc291cmNlR3JvdXBzL3NxbC1hdHAtY21kbGV0LXRlc3Qtcmdwczg0MTUvcHJvdmlkZXJzL01pY3Jvc29mdC5TcWwvc2VydmVycy9zcWwtYXRwLWNtZGxldC1zZXJ2ZXJwczg0MTU/YXBpLXZlcnNpb249MjAxNS0wNS0wMS1wcmV2aWV3",
      "RequestMethod": "GET",
      "RequestBody": "",
      "RequestHeaders": {
        "x-ms-client-request-id": [
          "76cbfdbd-92b0-4ccd-9baf-cb5c0a894d81"
        ],
        "accept-language": [
          "en-US"
        ],
        "User-Agent": [
          "FxVersion/4.7.2650.0",
          "OSName/Windows10Enterprise",
          "OSVersion/6.3.16299",
          "Microsoft.Azure.Management.Sql.SqlManagementClient/1.18.0.0"
        ]
      },
      "ResponseBody": "{\r\n  \"error\": {\r\n    \"code\": \"ResourceNotFound\",\r\n    \"message\": \"The Resource 'Microsoft.Sql/servers/sql-atp-cmdlet-serverps8415' under resource group 'sql-atp-cmdlet-test-rgps8415' was not found.\"\r\n  }\r\n}",
      "ResponseHeaders": {
        "Content-Length": [
          "181"
        ],
        "Content-Type": [
          "application/json; charset=utf-8"
        ],
        "Expires": [
          "-1"
        ],
        "Pragma": [
          "no-cache"
        ],
        "x-ms-failure-cause": [
          "gateway"
        ],
        "x-ms-request-id": [
          "59797f79-be14-4b37-976a-5c5e66eb70a7"
        ],
        "x-ms-correlation-request-id": [
          "59797f79-be14-4b37-976a-5c5e66eb70a7"
        ],
        "x-ms-routing-request-id": [
          "UKSOUTH:20180628T074233Z:59797f79-be14-4b37-976a-5c5e66eb70a7"
        ],
        "Strict-Transport-Security": [
          "max-age=31536000; includeSubDomains"
        ],
        "X-Content-Type-Options": [
          "nosniff"
        ],
        "Cache-Control": [
          "no-cache"
        ],
        "Date": [
          "Thu, 28 Jun 2018 07:42:32 GMT"
        ]
      },
      "StatusCode": 404
    },
    {
      "RequestUri": "/subscriptions/cca24ec8-99b5-4aa7-9ff6-486e886f304c/resourceGroups/sql-atp-cmdlet-test-rgps8415/providers/Microsoft.Sql/servers/sql-atp-cmdlet-serverps8415?api-version=2015-05-01-preview",
      "EncodedRequestUri": "L3N1YnNjcmlwdGlvbnMvY2NhMjRlYzgtOTliNS00YWE3LTlmZjYtNDg2ZTg4NmYzMDRjL3Jlc291cmNlR3JvdXBzL3NxbC1hdHAtY21kbGV0LXRlc3Qtcmdwczg0MTUvcHJvdmlkZXJzL01pY3Jvc29mdC5TcWwvc2VydmVycy9zcWwtYXRwLWNtZGxldC1zZXJ2ZXJwczg0MTU/YXBpLXZlcnNpb249MjAxNS0wNS0wMS1wcmV2aWV3",
      "RequestMethod": "GET",
      "RequestBody": "",
      "RequestHeaders": {
        "User-Agent": [
          "FxVersion/4.7.2650.0",
          "OSName/Windows10Enterprise",
          "OSVersion/6.3.16299",
          "Microsoft.Azure.Management.Sql.SqlManagementClient/1.18.0.0"
        ]
      },
      "ResponseBody": "{\r\n  \"kind\": \"v12.0\",\r\n  \"properties\": {\r\n    \"administratorLogin\": \"testusername\",\r\n    \"version\": \"12.0\",\r\n    \"state\": \"Ready\",\r\n    \"fullyQualifiedDomainName\": \"sql-atp-cmdlet-serverps8415.database.windows.net\"\r\n  },\r\n  \"location\": \"westcentralus\",\r\n  \"id\": \"/subscriptions/cca24ec8-99b5-4aa7-9ff6-486e886f304c/resourceGroups/sql-atp-cmdlet-test-rgps8415/providers/Microsoft.Sql/servers/sql-atp-cmdlet-serverps8415\",\r\n  \"name\": \"sql-atp-cmdlet-serverps8415\",\r\n  \"type\": \"Microsoft.Sql/servers\"\r\n}",
      "ResponseHeaders": {
        "Content-Length": [
          "436"
        ],
        "Content-Type": [
          "application/json; charset=utf-8"
        ],
        "Expires": [
          "-1"
        ],
        "Pragma": [
          "no-cache"
        ],
        "x-ms-request-id": [
          "46ab9c5a-dad5-461a-94c3-f64d14c5a32e"
        ],
        "x-ms-ratelimit-remaining-subscription-reads": [
          "14927"
        ],
        "x-ms-correlation-request-id": [
          "fcc66ad4-b952-4871-b98b-64497fa5a064"
        ],
        "x-ms-routing-request-id": [
          "UKSOUTH:20180628T074327Z:fcc66ad4-b952-4871-b98b-64497fa5a064"
        ],
        "Strict-Transport-Security": [
          "max-age=31536000; includeSubDomains"
        ],
        "X-Content-Type-Options": [
          "nosniff"
        ],
        "Cache-Control": [
          "no-cache"
        ],
        "Date": [
          "Thu, 28 Jun 2018 07:43:26 GMT"
        ],
        "Server": [
          "Microsoft-HTTPAPI/2.0"
        ]
      },
      "StatusCode": 200
    },
    {
      "RequestUri": "/subscriptions/cca24ec8-99b5-4aa7-9ff6-486e886f304c/resourceGroups/sql-atp-cmdlet-test-rgps8415/providers/Microsoft.Sql/servers/sql-atp-cmdlet-serverps8415?api-version=2015-05-01-preview",
      "EncodedRequestUri": "L3N1YnNjcmlwdGlvbnMvY2NhMjRlYzgtOTliNS00YWE3LTlmZjYtNDg2ZTg4NmYzMDRjL3Jlc291cmNlR3JvdXBzL3NxbC1hdHAtY21kbGV0LXRlc3Qtcmdwczg0MTUvcHJvdmlkZXJzL01pY3Jvc29mdC5TcWwvc2VydmVycy9zcWwtYXRwLWNtZGxldC1zZXJ2ZXJwczg0MTU/YXBpLXZlcnNpb249MjAxNS0wNS0wMS1wcmV2aWV3",
      "RequestMethod": "GET",
      "RequestBody": "",
      "RequestHeaders": {
        "x-ms-client-request-id": [
          "a67d7cef-dad8-4857-8dc2-18f4646a94f0"
        ],
        "accept-language": [
          "en-US"
        ],
        "User-Agent": [
          "FxVersion/4.7.2650.0",
          "OSName/Windows10Enterprise",
          "OSVersion/6.3.16299",
          "Microsoft.Azure.Management.Sql.SqlManagementClient/1.18.0.0"
        ]
      },
      "ResponseBody": "{\r\n  \"kind\": \"v12.0\",\r\n  \"properties\": {\r\n    \"administratorLogin\": \"testusername\",\r\n    \"version\": \"12.0\",\r\n    \"state\": \"Ready\",\r\n    \"fullyQualifiedDomainName\": \"sql-atp-cmdlet-serverps8415.database.windows.net\"\r\n  },\r\n  \"location\": \"westcentralus\",\r\n  \"id\": \"/subscriptions/cca24ec8-99b5-4aa7-9ff6-486e886f304c/resourceGroups/sql-atp-cmdlet-test-rgps8415/providers/Microsoft.Sql/servers/sql-atp-cmdlet-serverps8415\",\r\n  \"name\": \"sql-atp-cmdlet-serverps8415\",\r\n  \"type\": \"Microsoft.Sql/servers\"\r\n}",
      "ResponseHeaders": {
        "Content-Length": [
          "436"
        ],
        "Content-Type": [
          "application/json; charset=utf-8"
        ],
        "Expires": [
          "-1"
        ],
        "Pragma": [
          "no-cache"
        ],
        "x-ms-request-id": [
          "4c01f26b-cc9e-4bc3-a33a-3bd46b3f7b9b"
        ],
        "x-ms-ratelimit-remaining-subscription-reads": [
          "14925"
        ],
        "x-ms-correlation-request-id": [
          "4e99ee3f-6e25-4ffc-ac7b-6ee989f93bbc"
        ],
        "x-ms-routing-request-id": [
          "UKSOUTH:20180628T074328Z:4e99ee3f-6e25-4ffc-ac7b-6ee989f93bbc"
        ],
        "Strict-Transport-Security": [
          "max-age=31536000; includeSubDomains"
        ],
        "X-Content-Type-Options": [
          "nosniff"
        ],
        "Cache-Control": [
          "no-cache"
        ],
        "Date": [
          "Thu, 28 Jun 2018 07:43:27 GMT"
        ],
        "Server": [
          "Microsoft-HTTPAPI/2.0"
        ]
      },
      "StatusCode": 200
    },
    {
      "RequestUri": "/subscriptions/cca24ec8-99b5-4aa7-9ff6-486e886f304c/resourceGroups/sql-atp-cmdlet-test-rgps8415/providers/Microsoft.Sql/servers/sql-atp-cmdlet-serverps8415?api-version=2015-05-01-preview",
      "EncodedRequestUri": "L3N1YnNjcmlwdGlvbnMvY2NhMjRlYzgtOTliNS00YWE3LTlmZjYtNDg2ZTg4NmYzMDRjL3Jlc291cmNlR3JvdXBzL3NxbC1hdHAtY21kbGV0LXRlc3Qtcmdwczg0MTUvcHJvdmlkZXJzL01pY3Jvc29mdC5TcWwvc2VydmVycy9zcWwtYXRwLWNtZGxldC1zZXJ2ZXJwczg0MTU/YXBpLXZlcnNpb249MjAxNS0wNS0wMS1wcmV2aWV3",
      "RequestMethod": "GET",
      "RequestBody": "",
      "RequestHeaders": {
        "x-ms-client-request-id": [
          "c49d9f33-a37c-40ae-976d-b4ef5b9d4bbd"
        ],
        "accept-language": [
          "en-US"
        ],
        "User-Agent": [
          "FxVersion/4.7.2650.0",
          "OSName/Windows10Enterprise",
          "OSVersion/6.3.16299",
          "Microsoft.Azure.Management.Sql.SqlManagementClient/1.18.0.0"
        ]
      },
      "ResponseBody": "{\r\n  \"kind\": \"v12.0\",\r\n  \"properties\": {\r\n    \"administratorLogin\": \"testusername\",\r\n    \"version\": \"12.0\",\r\n    \"state\": \"Ready\",\r\n    \"fullyQualifiedDomainName\": \"sql-atp-cmdlet-serverps8415.database.windows.net\"\r\n  },\r\n  \"location\": \"westcentralus\",\r\n  \"id\": \"/subscriptions/cca24ec8-99b5-4aa7-9ff6-486e886f304c/resourceGroups/sql-atp-cmdlet-test-rgps8415/providers/Microsoft.Sql/servers/sql-atp-cmdlet-serverps8415\",\r\n  \"name\": \"sql-atp-cmdlet-serverps8415\",\r\n  \"type\": \"Microsoft.Sql/servers\"\r\n}",
      "ResponseHeaders": {
        "Content-Length": [
          "436"
        ],
        "Content-Type": [
          "application/json; charset=utf-8"
        ],
        "Expires": [
          "-1"
        ],
        "Pragma": [
          "no-cache"
        ],
        "x-ms-request-id": [
          "990b9166-26ce-444b-ba90-bfb45bf661f7"
        ],
        "x-ms-ratelimit-remaining-subscription-reads": [
          "14920"
        ],
        "x-ms-correlation-request-id": [
          "be1ae8c0-76be-4040-b609-10c9a409c725"
        ],
        "x-ms-routing-request-id": [
          "UKSOUTH:20180628T074417Z:be1ae8c0-76be-4040-b609-10c9a409c725"
        ],
        "Strict-Transport-Security": [
          "max-age=31536000; includeSubDomains"
        ],
        "X-Content-Type-Options": [
          "nosniff"
        ],
        "Cache-Control": [
          "no-cache"
        ],
        "Date": [
          "Thu, 28 Jun 2018 07:44:16 GMT"
        ],
        "Server": [
          "Microsoft-HTTPAPI/2.0"
        ]
      },
      "StatusCode": 200
    },
    {
      "RequestUri": "/subscriptions/cca24ec8-99b5-4aa7-9ff6-486e886f304c/resourceGroups/sql-atp-cmdlet-test-rgps8415/providers/Microsoft.Sql/servers/sql-atp-cmdlet-serverps8415?api-version=2015-05-01-preview",
      "EncodedRequestUri": "L3N1YnNjcmlwdGlvbnMvY2NhMjRlYzgtOTliNS00YWE3LTlmZjYtNDg2ZTg4NmYzMDRjL3Jlc291cmNlR3JvdXBzL3NxbC1hdHAtY21kbGV0LXRlc3Qtcmdwczg0MTUvcHJvdmlkZXJzL01pY3Jvc29mdC5TcWwvc2VydmVycy9zcWwtYXRwLWNtZGxldC1zZXJ2ZXJwczg0MTU/YXBpLXZlcnNpb249MjAxNS0wNS0wMS1wcmV2aWV3",
      "RequestMethod": "GET",
      "RequestBody": "",
      "RequestHeaders": {
        "x-ms-client-request-id": [
          "f5fc5ca1-9fe6-4dad-ba5d-ed98c9e963d2"
        ],
        "accept-language": [
          "en-US"
        ],
        "User-Agent": [
          "FxVersion/4.7.2650.0",
          "OSName/Windows10Enterprise",
          "OSVersion/6.3.16299",
          "Microsoft.Azure.Management.Sql.SqlManagementClient/1.18.0.0"
        ]
      },
      "ResponseBody": "{\r\n  \"kind\": \"v12.0\",\r\n  \"properties\": {\r\n    \"administratorLogin\": \"testusername\",\r\n    \"version\": \"12.0\",\r\n    \"state\": \"Ready\",\r\n    \"fullyQualifiedDomainName\": \"sql-atp-cmdlet-serverps8415.database.windows.net\"\r\n  },\r\n  \"location\": \"westcentralus\",\r\n  \"id\": \"/subscriptions/cca24ec8-99b5-4aa7-9ff6-486e886f304c/resourceGroups/sql-atp-cmdlet-test-rgps8415/providers/Microsoft.Sql/servers/sql-atp-cmdlet-serverps8415\",\r\n  \"name\": \"sql-atp-cmdlet-serverps8415\",\r\n  \"type\": \"Microsoft.Sql/servers\"\r\n}",
      "ResponseHeaders": {
        "Content-Length": [
          "436"
        ],
        "Content-Type": [
          "application/json; charset=utf-8"
        ],
        "Expires": [
          "-1"
        ],
        "Pragma": [
          "no-cache"
        ],
        "x-ms-request-id": [
          "049bf3a2-ffe8-4e1c-93cf-34a0ae3342ed"
        ],
        "x-ms-ratelimit-remaining-subscription-reads": [
          "14918"
        ],
        "x-ms-correlation-request-id": [
          "a5c7447d-b293-488a-b405-4642a1f4b891"
        ],
        "x-ms-routing-request-id": [
          "UKSOUTH:20180628T074418Z:a5c7447d-b293-488a-b405-4642a1f4b891"
        ],
        "Strict-Transport-Security": [
          "max-age=31536000; includeSubDomains"
        ],
        "X-Content-Type-Options": [
          "nosniff"
        ],
        "Cache-Control": [
          "no-cache"
        ],
        "Date": [
          "Thu, 28 Jun 2018 07:44:17 GMT"
        ],
        "Server": [
          "Microsoft-HTTPAPI/2.0"
        ]
      },
      "StatusCode": 200
    },
    {
      "RequestUri": "/subscriptions/cca24ec8-99b5-4aa7-9ff6-486e886f304c/resourceGroups/sql-atp-cmdlet-test-rgps8415/providers/Microsoft.Sql/servers/sql-atp-cmdlet-serverps8415?api-version=2015-05-01-preview",
      "EncodedRequestUri": "L3N1YnNjcmlwdGlvbnMvY2NhMjRlYzgtOTliNS00YWE3LTlmZjYtNDg2ZTg4NmYzMDRjL3Jlc291cmNlR3JvdXBzL3NxbC1hdHAtY21kbGV0LXRlc3Qtcmdwczg0MTUvcHJvdmlkZXJzL01pY3Jvc29mdC5TcWwvc2VydmVycy9zcWwtYXRwLWNtZGxldC1zZXJ2ZXJwczg0MTU/YXBpLXZlcnNpb249MjAxNS0wNS0wMS1wcmV2aWV3",
      "RequestMethod": "GET",
      "RequestBody": "",
      "RequestHeaders": {
        "x-ms-client-request-id": [
          "3523e752-be1f-435a-b7b7-fa526d0464c4"
        ],
        "accept-language": [
          "en-US"
        ],
        "User-Agent": [
          "FxVersion/4.7.2650.0",
          "OSName/Windows10Enterprise",
          "OSVersion/6.3.16299",
          "Microsoft.Azure.Management.Sql.SqlManagementClient/1.18.0.0"
        ]
      },
      "ResponseBody": "{\r\n  \"kind\": \"v12.0\",\r\n  \"properties\": {\r\n    \"administratorLogin\": \"testusername\",\r\n    \"version\": \"12.0\",\r\n    \"state\": \"Ready\",\r\n    \"fullyQualifiedDomainName\": \"sql-atp-cmdlet-serverps8415.database.windows.net\"\r\n  },\r\n  \"location\": \"westcentralus\",\r\n  \"id\": \"/subscriptions/cca24ec8-99b5-4aa7-9ff6-486e886f304c/resourceGroups/sql-atp-cmdlet-test-rgps8415/providers/Microsoft.Sql/servers/sql-atp-cmdlet-serverps8415\",\r\n  \"name\": \"sql-atp-cmdlet-serverps8415\",\r\n  \"type\": \"Microsoft.Sql/servers\"\r\n}",
      "ResponseHeaders": {
        "Content-Length": [
          "436"
        ],
        "Content-Type": [
          "application/json; charset=utf-8"
        ],
        "Expires": [
          "-1"
        ],
        "Pragma": [
          "no-cache"
        ],
        "x-ms-request-id": [
          "c774217d-53ce-4e8c-ba8d-6de9bc5dabed"
        ],
        "x-ms-ratelimit-remaining-subscription-reads": [
          "14916"
        ],
        "x-ms-correlation-request-id": [
          "49239176-41a7-4f33-800d-64a91fda0fbc"
        ],
        "x-ms-routing-request-id": [
          "UKSOUTH:20180628T074418Z:49239176-41a7-4f33-800d-64a91fda0fbc"
        ],
        "Strict-Transport-Security": [
          "max-age=31536000; includeSubDomains"
        ],
        "X-Content-Type-Options": [
          "nosniff"
        ],
        "Cache-Control": [
          "no-cache"
        ],
        "Date": [
          "Thu, 28 Jun 2018 07:44:17 GMT"
        ],
        "Server": [
          "Microsoft-HTTPAPI/2.0"
        ]
      },
      "StatusCode": 200
    },
    {
      "RequestUri": "/subscriptions/cca24ec8-99b5-4aa7-9ff6-486e886f304c/resourceGroups/sql-atp-cmdlet-test-rgps8415/providers/Microsoft.Sql/servers/sql-atp-cmdlet-serverps8415?api-version=2015-05-01-preview",
      "EncodedRequestUri": "L3N1YnNjcmlwdGlvbnMvY2NhMjRlYzgtOTliNS00YWE3LTlmZjYtNDg2ZTg4NmYzMDRjL3Jlc291cmNlR3JvdXBzL3NxbC1hdHAtY21kbGV0LXRlc3Qtcmdwczg0MTUvcHJvdmlkZXJzL01pY3Jvc29mdC5TcWwvc2VydmVycy9zcWwtYXRwLWNtZGxldC1zZXJ2ZXJwczg0MTU/YXBpLXZlcnNpb249MjAxNS0wNS0wMS1wcmV2aWV3",
      "RequestMethod": "GET",
      "RequestBody": "",
      "RequestHeaders": {
        "x-ms-client-request-id": [
          "94262821-7c73-4cb3-afe6-987af1df0bf3"
        ],
        "accept-language": [
          "en-US"
        ],
        "User-Agent": [
          "FxVersion/4.7.2650.0",
          "OSName/Windows10Enterprise",
          "OSVersion/6.3.16299",
          "Microsoft.Azure.Management.Sql.SqlManagementClient/1.18.0.0"
        ]
      },
      "ResponseBody": "{\r\n  \"kind\": \"v12.0\",\r\n  \"properties\": {\r\n    \"administratorLogin\": \"testusername\",\r\n    \"version\": \"12.0\",\r\n    \"state\": \"Ready\",\r\n    \"fullyQualifiedDomainName\": \"sql-atp-cmdlet-serverps8415.database.windows.net\"\r\n  },\r\n  \"location\": \"westcentralus\",\r\n  \"id\": \"/subscriptions/cca24ec8-99b5-4aa7-9ff6-486e886f304c/resourceGroups/sql-atp-cmdlet-test-rgps8415/providers/Microsoft.Sql/servers/sql-atp-cmdlet-serverps8415\",\r\n  \"name\": \"sql-atp-cmdlet-serverps8415\",\r\n  \"type\": \"Microsoft.Sql/servers\"\r\n}",
      "ResponseHeaders": {
        "Content-Length": [
          "436"
        ],
        "Content-Type": [
          "application/json; charset=utf-8"
        ],
        "Expires": [
          "-1"
        ],
        "Pragma": [
          "no-cache"
        ],
        "x-ms-request-id": [
          "a1cd55ff-0a05-467a-be7a-c0af53be8322"
        ],
        "x-ms-ratelimit-remaining-subscription-reads": [
          "14918"
        ],
        "x-ms-correlation-request-id": [
          "0887a396-ceb6-474e-b721-595895569f7e"
        ],
        "x-ms-routing-request-id": [
          "UKSOUTH:20180628T074521Z:0887a396-ceb6-474e-b721-595895569f7e"
        ],
        "Strict-Transport-Security": [
          "max-age=31536000; includeSubDomains"
        ],
        "X-Content-Type-Options": [
          "nosniff"
        ],
        "Cache-Control": [
          "no-cache"
        ],
        "Date": [
          "Thu, 28 Jun 2018 07:45:21 GMT"
        ],
        "Server": [
          "Microsoft-HTTPAPI/2.0"
        ]
      },
      "StatusCode": 200
    },
    {
      "RequestUri": "/subscriptions/cca24ec8-99b5-4aa7-9ff6-486e886f304c/resourceGroups/sql-atp-cmdlet-test-rgps8415/providers/Microsoft.Sql/servers/sql-atp-cmdlet-serverps8415?api-version=2015-05-01-preview",
      "EncodedRequestUri": "L3N1YnNjcmlwdGlvbnMvY2NhMjRlYzgtOTliNS00YWE3LTlmZjYtNDg2ZTg4NmYzMDRjL3Jlc291cmNlR3JvdXBzL3NxbC1hdHAtY21kbGV0LXRlc3Qtcmdwczg0MTUvcHJvdmlkZXJzL01pY3Jvc29mdC5TcWwvc2VydmVycy9zcWwtYXRwLWNtZGxldC1zZXJ2ZXJwczg0MTU/YXBpLXZlcnNpb249MjAxNS0wNS0wMS1wcmV2aWV3",
      "RequestMethod": "GET",
      "RequestBody": "",
      "RequestHeaders": {
        "x-ms-client-request-id": [
          "d2acced2-aee4-4c08-872e-641beca90c2c"
        ],
        "accept-language": [
          "en-US"
        ],
        "User-Agent": [
          "FxVersion/4.7.2650.0",
          "OSName/Windows10Enterprise",
          "OSVersion/6.3.16299",
          "Microsoft.Azure.Management.Sql.SqlManagementClient/1.18.0.0"
        ]
      },
      "ResponseBody": "{\r\n  \"kind\": \"v12.0\",\r\n  \"properties\": {\r\n    \"administratorLogin\": \"testusername\",\r\n    \"version\": \"12.0\",\r\n    \"state\": \"Ready\",\r\n    \"fullyQualifiedDomainName\": \"sql-atp-cmdlet-serverps8415.database.windows.net\"\r\n  },\r\n  \"location\": \"westcentralus\",\r\n  \"id\": \"/subscriptions/cca24ec8-99b5-4aa7-9ff6-486e886f304c/resourceGroups/sql-atp-cmdlet-test-rgps8415/providers/Microsoft.Sql/servers/sql-atp-cmdlet-serverps8415\",\r\n  \"name\": \"sql-atp-cmdlet-serverps8415\",\r\n  \"type\": \"Microsoft.Sql/servers\"\r\n}",
      "ResponseHeaders": {
        "Content-Length": [
          "436"
        ],
        "Content-Type": [
          "application/json; charset=utf-8"
        ],
        "Expires": [
          "-1"
        ],
        "Pragma": [
          "no-cache"
        ],
        "x-ms-request-id": [
          "d4bc505f-1dfa-42c8-852e-7ae1af3f305f"
        ],
        "x-ms-ratelimit-remaining-subscription-reads": [
          "14916"
        ],
        "x-ms-correlation-request-id": [
          "c49fdbc5-f90c-46e1-81af-38f4c43acb37"
        ],
        "x-ms-routing-request-id": [
          "UKSOUTH:20180628T074522Z:c49fdbc5-f90c-46e1-81af-38f4c43acb37"
        ],
        "Strict-Transport-Security": [
          "max-age=31536000; includeSubDomains"
        ],
        "X-Content-Type-Options": [
          "nosniff"
        ],
        "Cache-Control": [
          "no-cache"
        ],
        "Date": [
          "Thu, 28 Jun 2018 07:45:21 GMT"
        ],
        "Server": [
          "Microsoft-HTTPAPI/2.0"
        ]
      },
      "StatusCode": 200
    },
    {
      "RequestUri": "/subscriptions/cca24ec8-99b5-4aa7-9ff6-486e886f304c/resourceGroups/sql-atp-cmdlet-test-rgps8415/providers/Microsoft.Sql/servers/sql-atp-cmdlet-serverps8415?api-version=2015-05-01-preview",
      "EncodedRequestUri": "L3N1YnNjcmlwdGlvbnMvY2NhMjRlYzgtOTliNS00YWE3LTlmZjYtNDg2ZTg4NmYzMDRjL3Jlc291cmNlR3JvdXBzL3NxbC1hdHAtY21kbGV0LXRlc3Qtcmdwczg0MTUvcHJvdmlkZXJzL01pY3Jvc29mdC5TcWwvc2VydmVycy9zcWwtYXRwLWNtZGxldC1zZXJ2ZXJwczg0MTU/YXBpLXZlcnNpb249MjAxNS0wNS0wMS1wcmV2aWV3",
      "RequestMethod": "GET",
      "RequestBody": "",
      "RequestHeaders": {
        "x-ms-client-request-id": [
          "90ed4261-044a-4440-8689-7db7aac57bd3"
        ],
        "accept-language": [
          "en-US"
        ],
        "User-Agent": [
          "FxVersion/4.7.2650.0",
          "OSName/Windows10Enterprise",
          "OSVersion/6.3.16299",
          "Microsoft.Azure.Management.Sql.SqlManagementClient/1.18.0.0"
        ]
      },
      "ResponseBody": "{\r\n  \"kind\": \"v12.0\",\r\n  \"properties\": {\r\n    \"administratorLogin\": \"testusername\",\r\n    \"version\": \"12.0\",\r\n    \"state\": \"Ready\",\r\n    \"fullyQualifiedDomainName\": \"sql-atp-cmdlet-serverps8415.database.windows.net\"\r\n  },\r\n  \"location\": \"westcentralus\",\r\n  \"id\": \"/subscriptions/cca24ec8-99b5-4aa7-9ff6-486e886f304c/resourceGroups/sql-atp-cmdlet-test-rgps8415/providers/Microsoft.Sql/servers/sql-atp-cmdlet-serverps8415\",\r\n  \"name\": \"sql-atp-cmdlet-serverps8415\",\r\n  \"type\": \"Microsoft.Sql/servers\"\r\n}",
      "ResponseHeaders": {
        "Content-Length": [
          "436"
        ],
        "Content-Type": [
          "application/json; charset=utf-8"
        ],
        "Expires": [
          "-1"
        ],
        "Pragma": [
          "no-cache"
        ],
        "x-ms-request-id": [
          "bccf6985-352c-4989-a2c0-307d9515f13c"
        ],
        "x-ms-ratelimit-remaining-subscription-reads": [
          "14910"
        ],
        "x-ms-correlation-request-id": [
          "8c801468-dfd4-4e4b-970e-c21f4e10c740"
        ],
        "x-ms-routing-request-id": [
          "UKSOUTH:20180628T074625Z:8c801468-dfd4-4e4b-970e-c21f4e10c740"
        ],
        "Strict-Transport-Security": [
          "max-age=31536000; includeSubDomains"
        ],
        "X-Content-Type-Options": [
          "nosniff"
        ],
        "Cache-Control": [
          "no-cache"
        ],
        "Date": [
          "Thu, 28 Jun 2018 07:46:24 GMT"
        ],
        "Server": [
          "Microsoft-HTTPAPI/2.0"
        ]
      },
      "StatusCode": 200
    },
    {
      "RequestUri": "/subscriptions/cca24ec8-99b5-4aa7-9ff6-486e886f304c/resourceGroups/sql-atp-cmdlet-test-rgps8415/providers/Microsoft.Sql/servers/sql-atp-cmdlet-serverps8415?api-version=2015-05-01-preview",
      "EncodedRequestUri": "L3N1YnNjcmlwdGlvbnMvY2NhMjRlYzgtOTliNS00YWE3LTlmZjYtNDg2ZTg4NmYzMDRjL3Jlc291cmNlR3JvdXBzL3NxbC1hdHAtY21kbGV0LXRlc3Qtcmdwczg0MTUvcHJvdmlkZXJzL01pY3Jvc29mdC5TcWwvc2VydmVycy9zcWwtYXRwLWNtZGxldC1zZXJ2ZXJwczg0MTU/YXBpLXZlcnNpb249MjAxNS0wNS0wMS1wcmV2aWV3",
      "RequestMethod": "GET",
      "RequestBody": "",
      "RequestHeaders": {
        "x-ms-client-request-id": [
          "3a450895-d4ac-4c18-ba63-5ce53813b833"
        ],
        "accept-language": [
          "en-US"
        ],
        "User-Agent": [
          "FxVersion/4.7.2650.0",
          "OSName/Windows10Enterprise",
          "OSVersion/6.3.16299",
          "Microsoft.Azure.Management.Sql.SqlManagementClient/1.18.0.0"
        ]
      },
      "ResponseBody": "{\r\n  \"kind\": \"v12.0\",\r\n  \"properties\": {\r\n    \"administratorLogin\": \"testusername\",\r\n    \"version\": \"12.0\",\r\n    \"state\": \"Ready\",\r\n    \"fullyQualifiedDomainName\": \"sql-atp-cmdlet-serverps8415.database.windows.net\"\r\n  },\r\n  \"location\": \"westcentralus\",\r\n  \"id\": \"/subscriptions/cca24ec8-99b5-4aa7-9ff6-486e886f304c/resourceGroups/sql-atp-cmdlet-test-rgps8415/providers/Microsoft.Sql/servers/sql-atp-cmdlet-serverps8415\",\r\n  \"name\": \"sql-atp-cmdlet-serverps8415\",\r\n  \"type\": \"Microsoft.Sql/servers\"\r\n}",
      "ResponseHeaders": {
        "Content-Length": [
          "436"
        ],
        "Content-Type": [
          "application/json; charset=utf-8"
        ],
        "Expires": [
          "-1"
        ],
        "Pragma": [
          "no-cache"
        ],
        "x-ms-request-id": [
          "1abf007e-ea79-43eb-89a7-9df62ad84c42"
        ],
        "x-ms-ratelimit-remaining-subscription-reads": [
          "14908"
        ],
        "x-ms-correlation-request-id": [
          "683865f8-eb19-4e0f-8921-aee390331ab1"
        ],
        "x-ms-routing-request-id": [
          "UKSOUTH:20180628T074625Z:683865f8-eb19-4e0f-8921-aee390331ab1"
        ],
        "Strict-Transport-Security": [
          "max-age=31536000; includeSubDomains"
        ],
        "X-Content-Type-Options": [
          "nosniff"
        ],
        "Cache-Control": [
          "no-cache"
        ],
        "Date": [
          "Thu, 28 Jun 2018 07:46:24 GMT"
        ],
        "Server": [
          "Microsoft-HTTPAPI/2.0"
        ]
      },
      "StatusCode": 200
    },
    {
      "RequestUri": "/subscriptions/cca24ec8-99b5-4aa7-9ff6-486e886f304c/resourceGroups/sql-atp-cmdlet-test-rgps8415/providers/Microsoft.Sql/servers/sql-atp-cmdlet-serverps8415?api-version=2015-05-01-preview",
      "EncodedRequestUri": "L3N1YnNjcmlwdGlvbnMvY2NhMjRlYzgtOTliNS00YWE3LTlmZjYtNDg2ZTg4NmYzMDRjL3Jlc291cmNlR3JvdXBzL3NxbC1hdHAtY21kbGV0LXRlc3Qtcmdwczg0MTUvcHJvdmlkZXJzL01pY3Jvc29mdC5TcWwvc2VydmVycy9zcWwtYXRwLWNtZGxldC1zZXJ2ZXJwczg0MTU/YXBpLXZlcnNpb249MjAxNS0wNS0wMS1wcmV2aWV3",
      "RequestMethod": "GET",
      "RequestBody": "",
      "RequestHeaders": {
        "x-ms-client-request-id": [
          "19953ea8-7fea-4e34-b0b1-a89f25f270f3"
        ],
        "accept-language": [
          "en-US"
        ],
        "User-Agent": [
          "FxVersion/4.7.2650.0",
          "OSName/Windows10Enterprise",
          "OSVersion/6.3.16299",
          "Microsoft.Azure.Management.Sql.SqlManagementClient/1.18.0.0"
        ]
      },
      "ResponseBody": "{\r\n  \"kind\": \"v12.0\",\r\n  \"properties\": {\r\n    \"administratorLogin\": \"testusername\",\r\n    \"version\": \"12.0\",\r\n    \"state\": \"Ready\",\r\n    \"fullyQualifiedDomainName\": \"sql-atp-cmdlet-serverps8415.database.windows.net\"\r\n  },\r\n  \"location\": \"westcentralus\",\r\n  \"id\": \"/subscriptions/cca24ec8-99b5-4aa7-9ff6-486e886f304c/resourceGroups/sql-atp-cmdlet-test-rgps8415/providers/Microsoft.Sql/servers/sql-atp-cmdlet-serverps8415\",\r\n  \"name\": \"sql-atp-cmdlet-serverps8415\",\r\n  \"type\": \"Microsoft.Sql/servers\"\r\n}",
      "ResponseHeaders": {
        "Content-Length": [
          "436"
        ],
        "Content-Type": [
          "application/json; charset=utf-8"
        ],
        "Expires": [
          "-1"
        ],
        "Pragma": [
          "no-cache"
        ],
        "x-ms-request-id": [
          "44fdd653-506d-436b-8b69-f253809fdf08"
        ],
        "x-ms-ratelimit-remaining-subscription-reads": [
          "14906"
        ],
        "x-ms-correlation-request-id": [
          "6727fe07-29a1-465f-be2e-a6bfb6715a0c"
        ],
        "x-ms-routing-request-id": [
          "UKSOUTH:20180628T074626Z:6727fe07-29a1-465f-be2e-a6bfb6715a0c"
        ],
        "Strict-Transport-Security": [
          "max-age=31536000; includeSubDomains"
        ],
        "X-Content-Type-Options": [
          "nosniff"
        ],
        "Cache-Control": [
          "no-cache"
        ],
        "Date": [
          "Thu, 28 Jun 2018 07:46:25 GMT"
        ],
        "Server": [
          "Microsoft-HTTPAPI/2.0"
        ]
      },
      "StatusCode": 200
    },
    {
      "RequestUri": "/subscriptions/cca24ec8-99b5-4aa7-9ff6-486e886f304c/resourceGroups/sql-atp-cmdlet-test-rgps8415/providers/Microsoft.Sql/servers/sql-atp-cmdlet-serverps8415?api-version=2015-05-01-preview",
      "EncodedRequestUri": "L3N1YnNjcmlwdGlvbnMvY2NhMjRlYzgtOTliNS00YWE3LTlmZjYtNDg2ZTg4NmYzMDRjL3Jlc291cmNlR3JvdXBzL3NxbC1hdHAtY21kbGV0LXRlc3Qtcmdwczg0MTUvcHJvdmlkZXJzL01pY3Jvc29mdC5TcWwvc2VydmVycy9zcWwtYXRwLWNtZGxldC1zZXJ2ZXJwczg0MTU/YXBpLXZlcnNpb249MjAxNS0wNS0wMS1wcmV2aWV3",
      "RequestMethod": "GET",
      "RequestBody": "",
      "RequestHeaders": {
        "x-ms-client-request-id": [
          "2e6d9eee-f0aa-493a-8bfe-1aae862c4872"
        ],
        "accept-language": [
          "en-US"
        ],
        "User-Agent": [
          "FxVersion/4.7.2650.0",
          "OSName/Windows10Enterprise",
          "OSVersion/6.3.16299",
          "Microsoft.Azure.Management.Sql.SqlManagementClient/1.18.0.0"
        ]
      },
      "ResponseBody": "{\r\n  \"kind\": \"v12.0\",\r\n  \"properties\": {\r\n    \"administratorLogin\": \"testusername\",\r\n    \"version\": \"12.0\",\r\n    \"state\": \"Ready\",\r\n    \"fullyQualifiedDomainName\": \"sql-atp-cmdlet-serverps8415.database.windows.net\"\r\n  },\r\n  \"location\": \"westcentralus\",\r\n  \"id\": \"/subscriptions/cca24ec8-99b5-4aa7-9ff6-486e886f304c/resourceGroups/sql-atp-cmdlet-test-rgps8415/providers/Microsoft.Sql/servers/sql-atp-cmdlet-serverps8415\",\r\n  \"name\": \"sql-atp-cmdlet-serverps8415\",\r\n  \"type\": \"Microsoft.Sql/servers\"\r\n}",
      "ResponseHeaders": {
        "Content-Length": [
          "436"
        ],
        "Content-Type": [
          "application/json; charset=utf-8"
        ],
        "Expires": [
          "-1"
        ],
        "Pragma": [
          "no-cache"
        ],
        "x-ms-request-id": [
          "0b18dcc9-eec6-4c4a-8ef2-909c9665ee6f"
        ],
        "x-ms-ratelimit-remaining-subscription-reads": [
          "14902"
        ],
        "x-ms-correlation-request-id": [
          "a72bcd5e-f2ed-4e27-a734-70c368f38e67"
        ],
        "x-ms-routing-request-id": [
          "UKSOUTH:20180628T074728Z:a72bcd5e-f2ed-4e27-a734-70c368f38e67"
        ],
        "Strict-Transport-Security": [
          "max-age=31536000; includeSubDomains"
        ],
        "X-Content-Type-Options": [
          "nosniff"
        ],
        "Cache-Control": [
          "no-cache"
        ],
        "Date": [
          "Thu, 28 Jun 2018 07:47:27 GMT"
        ],
        "Server": [
          "Microsoft-HTTPAPI/2.0"
        ]
      },
      "StatusCode": 200
    },
    {
      "RequestUri": "/subscriptions/cca24ec8-99b5-4aa7-9ff6-486e886f304c/resourceGroups/sql-atp-cmdlet-test-rgps8415/providers/Microsoft.Sql/servers/sql-atp-cmdlet-serverps8415?api-version=2015-05-01-preview",
      "EncodedRequestUri": "L3N1YnNjcmlwdGlvbnMvY2NhMjRlYzgtOTliNS00YWE3LTlmZjYtNDg2ZTg4NmYzMDRjL3Jlc291cmNlR3JvdXBzL3NxbC1hdHAtY21kbGV0LXRlc3Qtcmdwczg0MTUvcHJvdmlkZXJzL01pY3Jvc29mdC5TcWwvc2VydmVycy9zcWwtYXRwLWNtZGxldC1zZXJ2ZXJwczg0MTU/YXBpLXZlcnNpb249MjAxNS0wNS0wMS1wcmV2aWV3",
      "RequestMethod": "GET",
      "RequestBody": "",
      "RequestHeaders": {
        "x-ms-client-request-id": [
          "b55d8e21-1c74-4c29-944e-2f9670303197"
        ],
        "accept-language": [
          "en-US"
        ],
        "User-Agent": [
          "FxVersion/4.7.2650.0",
          "OSName/Windows10Enterprise",
          "OSVersion/6.3.16299",
          "Microsoft.Azure.Management.Sql.SqlManagementClient/1.18.0.0"
        ]
      },
      "ResponseBody": "{\r\n  \"kind\": \"v12.0\",\r\n  \"properties\": {\r\n    \"administratorLogin\": \"testusername\",\r\n    \"version\": \"12.0\",\r\n    \"state\": \"Ready\",\r\n    \"fullyQualifiedDomainName\": \"sql-atp-cmdlet-serverps8415.database.windows.net\"\r\n  },\r\n  \"location\": \"westcentralus\",\r\n  \"id\": \"/subscriptions/cca24ec8-99b5-4aa7-9ff6-486e886f304c/resourceGroups/sql-atp-cmdlet-test-rgps8415/providers/Microsoft.Sql/servers/sql-atp-cmdlet-serverps8415\",\r\n  \"name\": \"sql-atp-cmdlet-serverps8415\",\r\n  \"type\": \"Microsoft.Sql/servers\"\r\n}",
      "ResponseHeaders": {
        "Content-Length": [
          "436"
        ],
        "Content-Type": [
          "application/json; charset=utf-8"
        ],
        "Expires": [
          "-1"
        ],
        "Pragma": [
          "no-cache"
        ],
        "x-ms-request-id": [
          "61be6608-b8ad-4b79-8dc1-bafb46dc801e"
        ],
        "x-ms-ratelimit-remaining-subscription-reads": [
          "14898"
        ],
        "x-ms-correlation-request-id": [
          "2a425700-8fc6-4284-8a94-816be04bd6d1"
        ],
        "x-ms-routing-request-id": [
          "UKSOUTH:20180628T074830Z:2a425700-8fc6-4284-8a94-816be04bd6d1"
        ],
        "Strict-Transport-Security": [
          "max-age=31536000; includeSubDomains"
        ],
        "X-Content-Type-Options": [
          "nosniff"
        ],
        "Cache-Control": [
          "no-cache"
        ],
        "Date": [
          "Thu, 28 Jun 2018 07:48:29 GMT"
        ],
        "Server": [
          "Microsoft-HTTPAPI/2.0"
        ]
      },
      "StatusCode": 200
    },
    {
      "RequestUri": "/subscriptions/cca24ec8-99b5-4aa7-9ff6-486e886f304c/resourceGroups/sql-atp-cmdlet-test-rgps8415/providers/Microsoft.Sql/servers/sql-atp-cmdlet-serverps8415?api-version=2015-05-01-preview",
      "EncodedRequestUri": "L3N1YnNjcmlwdGlvbnMvY2NhMjRlYzgtOTliNS00YWE3LTlmZjYtNDg2ZTg4NmYzMDRjL3Jlc291cmNlR3JvdXBzL3NxbC1hdHAtY21kbGV0LXRlc3Qtcmdwczg0MTUvcHJvdmlkZXJzL01pY3Jvc29mdC5TcWwvc2VydmVycy9zcWwtYXRwLWNtZGxldC1zZXJ2ZXJwczg0MTU/YXBpLXZlcnNpb249MjAxNS0wNS0wMS1wcmV2aWV3",
      "RequestMethod": "GET",
      "RequestBody": "",
      "RequestHeaders": {
        "x-ms-client-request-id": [
          "921f5cd9-1971-4b22-9afd-00da45cef268"
        ],
        "accept-language": [
          "en-US"
        ],
        "User-Agent": [
          "FxVersion/4.7.2650.0",
          "OSName/Windows10Enterprise",
          "OSVersion/6.3.16299",
          "Microsoft.Azure.Management.Sql.SqlManagementClient/1.18.0.0"
        ]
      },
      "ResponseBody": "{\r\n  \"kind\": \"v12.0\",\r\n  \"properties\": {\r\n    \"administratorLogin\": \"testusername\",\r\n    \"version\": \"12.0\",\r\n    \"state\": \"Ready\",\r\n    \"fullyQualifiedDomainName\": \"sql-atp-cmdlet-serverps8415.database.windows.net\"\r\n  },\r\n  \"location\": \"westcentralus\",\r\n  \"id\": \"/subscriptions/cca24ec8-99b5-4aa7-9ff6-486e886f304c/resourceGroups/sql-atp-cmdlet-test-rgps8415/providers/Microsoft.Sql/servers/sql-atp-cmdlet-serverps8415\",\r\n  \"name\": \"sql-atp-cmdlet-serverps8415\",\r\n  \"type\": \"Microsoft.Sql/servers\"\r\n}",
      "ResponseHeaders": {
        "Content-Length": [
          "436"
        ],
        "Content-Type": [
          "application/json; charset=utf-8"
        ],
        "Expires": [
          "-1"
        ],
        "Pragma": [
          "no-cache"
        ],
        "x-ms-request-id": [
          "07a24dfd-d2a4-4af6-9dbf-c4dd4fb66902"
        ],
        "x-ms-ratelimit-remaining-subscription-reads": [
          "14896"
        ],
        "x-ms-correlation-request-id": [
          "8435e952-ebcb-4900-91f2-a4d87732b8f8"
        ],
        "x-ms-routing-request-id": [
          "UKSOUTH:20180628T074831Z:8435e952-ebcb-4900-91f2-a4d87732b8f8"
        ],
        "Strict-Transport-Security": [
          "max-age=31536000; includeSubDomains"
        ],
        "X-Content-Type-Options": [
          "nosniff"
        ],
        "Cache-Control": [
          "no-cache"
        ],
        "Date": [
          "Thu, 28 Jun 2018 07:48:30 GMT"
        ],
        "Server": [
          "Microsoft-HTTPAPI/2.0"
        ]
      },
      "StatusCode": 200
    },
    {
      "RequestUri": "/subscriptions/cca24ec8-99b5-4aa7-9ff6-486e886f304c/resourceGroups/sql-atp-cmdlet-test-rgps8415/providers/Microsoft.Sql/servers/sql-atp-cmdlet-serverps8415?api-version=2015-05-01-preview",
      "EncodedRequestUri": "L3N1YnNjcmlwdGlvbnMvY2NhMjRlYzgtOTliNS00YWE3LTlmZjYtNDg2ZTg4NmYzMDRjL3Jlc291cmNlR3JvdXBzL3NxbC1hdHAtY21kbGV0LXRlc3Qtcmdwczg0MTUvcHJvdmlkZXJzL01pY3Jvc29mdC5TcWwvc2VydmVycy9zcWwtYXRwLWNtZGxldC1zZXJ2ZXJwczg0MTU/YXBpLXZlcnNpb249MjAxNS0wNS0wMS1wcmV2aWV3",
      "RequestMethod": "GET",
      "RequestBody": "",
      "RequestHeaders": {
        "x-ms-client-request-id": [
          "6d840810-09a3-4011-92eb-72a1ba1f6858"
        ],
        "accept-language": [
          "en-US"
        ],
        "User-Agent": [
          "FxVersion/4.7.2650.0",
          "OSName/Windows10Enterprise",
          "OSVersion/6.3.16299",
          "Microsoft.Azure.Management.Sql.SqlManagementClient/1.18.0.0"
        ]
      },
      "ResponseBody": "{\r\n  \"kind\": \"v12.0\",\r\n  \"properties\": {\r\n    \"administratorLogin\": \"testusername\",\r\n    \"version\": \"12.0\",\r\n    \"state\": \"Ready\",\r\n    \"fullyQualifiedDomainName\": \"sql-atp-cmdlet-serverps8415.database.windows.net\"\r\n  },\r\n  \"location\": \"westcentralus\",\r\n  \"id\": \"/subscriptions/cca24ec8-99b5-4aa7-9ff6-486e886f304c/resourceGroups/sql-atp-cmdlet-test-rgps8415/providers/Microsoft.Sql/servers/sql-atp-cmdlet-serverps8415\",\r\n  \"name\": \"sql-atp-cmdlet-serverps8415\",\r\n  \"type\": \"Microsoft.Sql/servers\"\r\n}",
      "ResponseHeaders": {
        "Content-Length": [
          "436"
        ],
        "Content-Type": [
          "application/json; charset=utf-8"
        ],
        "Expires": [
          "-1"
        ],
        "Pragma": [
          "no-cache"
        ],
        "x-ms-request-id": [
          "c85430f0-4834-458f-aa53-4f644bcd433d"
        ],
        "x-ms-ratelimit-remaining-subscription-reads": [
          "14894"
        ],
        "x-ms-correlation-request-id": [
          "3c2be0d6-26f4-47c5-868b-6979ef97f876"
        ],
        "x-ms-routing-request-id": [
          "UKSOUTH:20180628T074831Z:3c2be0d6-26f4-47c5-868b-6979ef97f876"
        ],
        "Strict-Transport-Security": [
          "max-age=31536000; includeSubDomains"
        ],
        "X-Content-Type-Options": [
          "nosniff"
        ],
        "Cache-Control": [
          "no-cache"
        ],
        "Date": [
          "Thu, 28 Jun 2018 07:48:30 GMT"
        ],
        "Server": [
          "Microsoft-HTTPAPI/2.0"
        ]
      },
      "StatusCode": 200
    },
    {
      "RequestUri": "/subscriptions/cca24ec8-99b5-4aa7-9ff6-486e886f304c/resourceGroups/sql-atp-cmdlet-test-rgps8415/providers/Microsoft.Sql/servers/sql-atp-cmdlet-serverps8415?api-version=2015-05-01-preview",
      "EncodedRequestUri": "L3N1YnNjcmlwdGlvbnMvY2NhMjRlYzgtOTliNS00YWE3LTlmZjYtNDg2ZTg4NmYzMDRjL3Jlc291cmNlR3JvdXBzL3NxbC1hdHAtY21kbGV0LXRlc3Qtcmdwczg0MTUvcHJvdmlkZXJzL01pY3Jvc29mdC5TcWwvc2VydmVycy9zcWwtYXRwLWNtZGxldC1zZXJ2ZXJwczg0MTU/YXBpLXZlcnNpb249MjAxNS0wNS0wMS1wcmV2aWV3",
      "RequestMethod": "GET",
      "RequestBody": "",
      "RequestHeaders": {
        "x-ms-client-request-id": [
          "d37b50aa-1f96-4771-a152-f315e9058377"
        ],
        "accept-language": [
          "en-US"
        ],
        "User-Agent": [
          "FxVersion/4.7.2650.0",
          "OSName/Windows10Enterprise",
          "OSVersion/6.3.16299",
          "Microsoft.Azure.Management.Sql.SqlManagementClient/1.18.0.0"
        ]
      },
      "ResponseBody": "{\r\n  \"kind\": \"v12.0\",\r\n  \"properties\": {\r\n    \"administratorLogin\": \"testusername\",\r\n    \"version\": \"12.0\",\r\n    \"state\": \"Ready\",\r\n    \"fullyQualifiedDomainName\": \"sql-atp-cmdlet-serverps8415.database.windows.net\"\r\n  },\r\n  \"location\": \"westcentralus\",\r\n  \"id\": \"/subscriptions/cca24ec8-99b5-4aa7-9ff6-486e886f304c/resourceGroups/sql-atp-cmdlet-test-rgps8415/providers/Microsoft.Sql/servers/sql-atp-cmdlet-serverps8415\",\r\n  \"name\": \"sql-atp-cmdlet-serverps8415\",\r\n  \"type\": \"Microsoft.Sql/servers\"\r\n}",
      "ResponseHeaders": {
        "Content-Length": [
          "436"
        ],
        "Content-Type": [
          "application/json; charset=utf-8"
        ],
        "Expires": [
          "-1"
        ],
        "Pragma": [
          "no-cache"
        ],
        "x-ms-request-id": [
          "b7bcdb2f-70aa-41df-b11d-2d7fd76df455"
        ],
        "x-ms-ratelimit-remaining-subscription-reads": [
          "14891"
        ],
        "x-ms-correlation-request-id": [
          "badb063c-3f55-4d3d-89f2-cf629c3db0a6"
        ],
        "x-ms-routing-request-id": [
          "UKSOUTH:20180628T074933Z:badb063c-3f55-4d3d-89f2-cf629c3db0a6"
        ],
        "Strict-Transport-Security": [
          "max-age=31536000; includeSubDomains"
        ],
        "X-Content-Type-Options": [
          "nosniff"
        ],
        "Cache-Control": [
          "no-cache"
        ],
        "Date": [
          "Thu, 28 Jun 2018 07:49:33 GMT"
        ],
        "Server": [
          "Microsoft-HTTPAPI/2.0"
        ]
      },
      "StatusCode": 200
    },
    {
      "RequestUri": "/subscriptions/cca24ec8-99b5-4aa7-9ff6-486e886f304c/resourceGroups/sql-atp-cmdlet-test-rgps8415/providers/Microsoft.Sql/servers/sql-atp-cmdlet-serverps8415?api-version=2015-05-01-preview",
      "EncodedRequestUri": "L3N1YnNjcmlwdGlvbnMvY2NhMjRlYzgtOTliNS00YWE3LTlmZjYtNDg2ZTg4NmYzMDRjL3Jlc291cmNlR3JvdXBzL3NxbC1hdHAtY21kbGV0LXRlc3Qtcmdwczg0MTUvcHJvdmlkZXJzL01pY3Jvc29mdC5TcWwvc2VydmVycy9zcWwtYXRwLWNtZGxldC1zZXJ2ZXJwczg0MTU/YXBpLXZlcnNpb249MjAxNS0wNS0wMS1wcmV2aWV3",
      "RequestMethod": "PUT",
      "RequestBody": "{\r\n  \"properties\": {\r\n    \"administratorLogin\": \"testusername\",\r\n    \"administratorLoginPassword\": \"t357ingP@s5w0rd!Sec\",\r\n    \"version\": \"12.0\"\r\n  },\r\n  \"location\": \"West Central US\"\r\n}",
      "RequestHeaders": {
        "Content-Type": [
          "application/json; charset=utf-8"
        ],
        "Content-Length": [
          "186"
        ],
        "x-ms-client-request-id": [
          "94975b07-49ab-482b-a1f8-c9bee7932adb"
        ],
        "accept-language": [
          "en-US"
        ],
        "User-Agent": [
          "FxVersion/4.7.2650.0",
          "OSName/Windows10Enterprise",
          "OSVersion/6.3.16299",
          "Microsoft.Azure.Management.Sql.SqlManagementClient/1.18.0.0"
        ]
      },
      "ResponseBody": "{\r\n  \"operation\": \"UpsertLogicalServer\",\r\n  \"startTime\": \"2018-06-28T07:42:35.633Z\"\r\n}",
      "ResponseHeaders": {
        "Content-Length": [
          "74"
        ],
        "Content-Type": [
          "application/json; charset=utf-8"
        ],
        "Expires": [
          "-1"
        ],
        "Pragma": [
          "no-cache"
        ],
        "Retry-After": [
          "1"
        ],
        "Azure-AsyncOperation": [
          "https://management.azure.com/subscriptions/cca24ec8-99b5-4aa7-9ff6-486e886f304c/resourceGroups/sql-atp-cmdlet-test-rgps8415/providers/Microsoft.Sql/locations/westcentralus/serverAzureAsyncOperation/a720efbe-4b74-474a-94c9-d4936ebe1583?api-version=2015-05-01-preview"
        ],
        "x-ms-request-id": [
          "a720efbe-4b74-474a-94c9-d4936ebe1583"
        ],
        "x-ms-ratelimit-remaining-subscription-writes": [
          "1199"
        ],
        "x-ms-correlation-request-id": [
          "aaaab2db-d97b-4b8d-9b7c-7b194b0eba25"
        ],
        "x-ms-routing-request-id": [
          "UKSOUTH:20180628T074235Z:aaaab2db-d97b-4b8d-9b7c-7b194b0eba25"
        ],
        "Strict-Transport-Security": [
          "max-age=31536000; includeSubDomains"
        ],
        "X-Content-Type-Options": [
          "nosniff"
        ],
        "Cache-Control": [
          "no-cache"
        ],
        "Date": [
          "Thu, 28 Jun 2018 07:42:34 GMT"
        ],
        "Location": [
          "https://management.azure.com/subscriptions/cca24ec8-99b5-4aa7-9ff6-486e886f304c/resourceGroups/sql-atp-cmdlet-test-rgps8415/providers/Microsoft.Sql/locations/westcentralus/serverOperationResults/a720efbe-4b74-474a-94c9-d4936ebe1583?api-version=2015-05-01-preview"
        ],
        "Server": [
          "Microsoft-HTTPAPI/2.0"
        ]
      },
      "StatusCode": 202
    },
    {
      "RequestUri": "/subscriptions/cca24ec8-99b5-4aa7-9ff6-486e886f304c/resourceGroups/sql-atp-cmdlet-test-rgps8415/providers/Microsoft.Sql/locations/westcentralus/serverAzureAsyncOperation/a720efbe-4b74-474a-94c9-d4936ebe1583?api-version=2015-05-01-preview",
      "EncodedRequestUri": "L3N1YnNjcmlwdGlvbnMvY2NhMjRlYzgtOTliNS00YWE3LTlmZjYtNDg2ZTg4NmYzMDRjL3Jlc291cmNlR3JvdXBzL3NxbC1hdHAtY21kbGV0LXRlc3Qtcmdwczg0MTUvcHJvdmlkZXJzL01pY3Jvc29mdC5TcWwvbG9jYXRpb25zL3dlc3RjZW50cmFsdXMvc2VydmVyQXp1cmVBc3luY09wZXJhdGlvbi9hNzIwZWZiZS00Yjc0LTQ3NGEtOTRjOS1kNDkzNmViZTE1ODM/YXBpLXZlcnNpb249MjAxNS0wNS0wMS1wcmV2aWV3",
      "RequestMethod": "GET",
      "RequestBody": "",
      "RequestHeaders": {
        "User-Agent": [
          "FxVersion/4.7.2650.0",
          "OSName/Windows10Enterprise",
          "OSVersion/6.3.16299",
          "Microsoft.Azure.Management.Sql.SqlManagementClient/1.18.0.0"
        ]
      },
      "ResponseBody": "{\r\n  \"name\": \"a720efbe-4b74-474a-94c9-d4936ebe1583\",\r\n  \"status\": \"InProgress\",\r\n  \"startTime\": \"2018-06-28T07:42:35.633Z\"\r\n}",
      "ResponseHeaders": {
        "Content-Length": [
          "108"
        ],
        "Content-Type": [
          "application/json; charset=utf-8"
        ],
        "Expires": [
          "-1"
        ],
        "Pragma": [
          "no-cache"
        ],
        "Retry-After": [
          "20"
        ],
        "x-ms-request-id": [
          "0fb79092-71f4-43b1-8828-3730a9a81dcc"
        ],
        "x-ms-ratelimit-remaining-subscription-reads": [
          "14930"
        ],
        "x-ms-correlation-request-id": [
          "4c979512-04cf-4b79-8c0e-e8c3186ec3de"
        ],
        "x-ms-routing-request-id": [
          "UKSOUTH:20180628T074246Z:4c979512-04cf-4b79-8c0e-e8c3186ec3de"
        ],
        "Strict-Transport-Security": [
          "max-age=31536000; includeSubDomains"
        ],
        "X-Content-Type-Options": [
          "nosniff"
        ],
        "Cache-Control": [
          "no-cache"
        ],
        "Date": [
          "Thu, 28 Jun 2018 07:42:46 GMT"
        ],
        "Server": [
          "Microsoft-HTTPAPI/2.0"
        ]
      },
      "StatusCode": 200
    },
    {
      "RequestUri": "/subscriptions/cca24ec8-99b5-4aa7-9ff6-486e886f304c/resourceGroups/sql-atp-cmdlet-test-rgps8415/providers/Microsoft.Sql/locations/westcentralus/serverAzureAsyncOperation/a720efbe-4b74-474a-94c9-d4936ebe1583?api-version=2015-05-01-preview",
      "EncodedRequestUri": "L3N1YnNjcmlwdGlvbnMvY2NhMjRlYzgtOTliNS00YWE3LTlmZjYtNDg2ZTg4NmYzMDRjL3Jlc291cmNlR3JvdXBzL3NxbC1hdHAtY21kbGV0LXRlc3Qtcmdwczg0MTUvcHJvdmlkZXJzL01pY3Jvc29mdC5TcWwvbG9jYXRpb25zL3dlc3RjZW50cmFsdXMvc2VydmVyQXp1cmVBc3luY09wZXJhdGlvbi9hNzIwZWZiZS00Yjc0LTQ3NGEtOTRjOS1kNDkzNmViZTE1ODM/YXBpLXZlcnNpb249MjAxNS0wNS0wMS1wcmV2aWV3",
      "RequestMethod": "GET",
      "RequestBody": "",
      "RequestHeaders": {
        "User-Agent": [
          "FxVersion/4.7.2650.0",
          "OSName/Windows10Enterprise",
          "OSVersion/6.3.16299",
          "Microsoft.Azure.Management.Sql.SqlManagementClient/1.18.0.0"
        ]
      },
      "ResponseBody": "{\r\n  \"name\": \"a720efbe-4b74-474a-94c9-d4936ebe1583\",\r\n  \"status\": \"InProgress\",\r\n  \"startTime\": \"2018-06-28T07:42:35.633Z\"\r\n}",
      "ResponseHeaders": {
        "Content-Length": [
          "108"
        ],
        "Content-Type": [
          "application/json; charset=utf-8"
        ],
        "Expires": [
          "-1"
        ],
        "Pragma": [
          "no-cache"
        ],
        "Retry-After": [
          "20"
        ],
        "x-ms-request-id": [
          "d8ed4d72-3bdb-4719-adce-abc4baffa8ec"
        ],
        "x-ms-ratelimit-remaining-subscription-reads": [
          "14929"
        ],
        "x-ms-correlation-request-id": [
          "c4d29a3f-a154-4cc8-923d-d16af7b93e27"
        ],
        "x-ms-routing-request-id": [
          "UKSOUTH:20180628T074306Z:c4d29a3f-a154-4cc8-923d-d16af7b93e27"
        ],
        "Strict-Transport-Security": [
          "max-age=31536000; includeSubDomains"
        ],
        "X-Content-Type-Options": [
          "nosniff"
        ],
        "Cache-Control": [
          "no-cache"
        ],
        "Date": [
          "Thu, 28 Jun 2018 07:43:06 GMT"
        ],
        "Server": [
          "Microsoft-HTTPAPI/2.0"
        ]
      },
      "StatusCode": 200
    },
    {
      "RequestUri": "/subscriptions/cca24ec8-99b5-4aa7-9ff6-486e886f304c/resourceGroups/sql-atp-cmdlet-test-rgps8415/providers/Microsoft.Sql/locations/westcentralus/serverAzureAsyncOperation/a720efbe-4b74-474a-94c9-d4936ebe1583?api-version=2015-05-01-preview",
      "EncodedRequestUri": "L3N1YnNjcmlwdGlvbnMvY2NhMjRlYzgtOTliNS00YWE3LTlmZjYtNDg2ZTg4NmYzMDRjL3Jlc291cmNlR3JvdXBzL3NxbC1hdHAtY21kbGV0LXRlc3Qtcmdwczg0MTUvcHJvdmlkZXJzL01pY3Jvc29mdC5TcWwvbG9jYXRpb25zL3dlc3RjZW50cmFsdXMvc2VydmVyQXp1cmVBc3luY09wZXJhdGlvbi9hNzIwZWZiZS00Yjc0LTQ3NGEtOTRjOS1kNDkzNmViZTE1ODM/YXBpLXZlcnNpb249MjAxNS0wNS0wMS1wcmV2aWV3",
      "RequestMethod": "GET",
      "RequestBody": "",
      "RequestHeaders": {
        "User-Agent": [
          "FxVersion/4.7.2650.0",
          "OSName/Windows10Enterprise",
          "OSVersion/6.3.16299",
          "Microsoft.Azure.Management.Sql.SqlManagementClient/1.18.0.0"
        ]
      },
      "ResponseBody": "{\r\n  \"name\": \"a720efbe-4b74-474a-94c9-d4936ebe1583\",\r\n  \"status\": \"Succeeded\",\r\n  \"startTime\": \"2018-06-28T07:42:35.633Z\"\r\n}",
      "ResponseHeaders": {
        "Content-Length": [
          "107"
        ],
        "Content-Type": [
          "application/json; charset=utf-8"
        ],
        "Expires": [
          "-1"
        ],
        "Pragma": [
          "no-cache"
        ],
        "Retry-After": [
          "15"
        ],
        "x-ms-request-id": [
          "6654ee30-6138-4db5-8462-98445ffb51f4"
        ],
        "x-ms-ratelimit-remaining-subscription-reads": [
          "14928"
        ],
        "x-ms-correlation-request-id": [
          "21e63fad-ebdc-4b02-b9da-db6088308e98"
        ],
        "x-ms-routing-request-id": [
          "UKSOUTH:20180628T074326Z:21e63fad-ebdc-4b02-b9da-db6088308e98"
        ],
        "Strict-Transport-Security": [
          "max-age=31536000; includeSubDomains"
        ],
        "X-Content-Type-Options": [
          "nosniff"
        ],
        "Cache-Control": [
          "no-cache"
        ],
        "Date": [
          "Thu, 28 Jun 2018 07:43:25 GMT"
        ],
        "Server": [
          "Microsoft-HTTPAPI/2.0"
        ]
      },
      "StatusCode": 200
    },
    {
      "RequestUri": "/subscriptions/cca24ec8-99b5-4aa7-9ff6-486e886f304c/resourceGroups/sql-atp-cmdlet-test-rgps8415/providers/Microsoft.Sql/servers/sql-atp-cmdlet-serverps8415/databases/sql-atp-cmdlet-dbps8415?api-version=2017-10-01-preview",
      "EncodedRequestUri": "L3N1YnNjcmlwdGlvbnMvY2NhMjRlYzgtOTliNS00YWE3LTlmZjYtNDg2ZTg4NmYzMDRjL3Jlc291cmNlR3JvdXBzL3NxbC1hdHAtY21kbGV0LXRlc3Qtcmdwczg0MTUvcHJvdmlkZXJzL01pY3Jvc29mdC5TcWwvc2VydmVycy9zcWwtYXRwLWNtZGxldC1zZXJ2ZXJwczg0MTUvZGF0YWJhc2VzL3NxbC1hdHAtY21kbGV0LWRicHM4NDE1P2FwaS12ZXJzaW9uPTIwMTctMTAtMDEtcHJldmlldw==",
      "RequestMethod": "GET",
      "RequestBody": "",
      "RequestHeaders": {
        "x-ms-client-request-id": [
          "077d5c8b-e7b6-4652-a56f-5fbe5f3842fc"
        ],
        "accept-language": [
          "en-US"
        ],
        "User-Agent": [
          "FxVersion/4.7.2650.0",
          "OSName/Windows10Enterprise",
          "OSVersion/6.3.16299",
          "Microsoft.Azure.Management.Sql.SqlManagementClient/1.18.0.0"
        ]
      },
      "ResponseBody": "{\r\n  \"error\": {\r\n    \"code\": \"ResourceNotFound\",\r\n    \"message\": \"The Resource 'Microsoft.Sql/servers/sql-atp-cmdlet-serverps8415/databases/sql-atp-cmdlet-dbps8415' under resource group 'sql-atp-cmdlet-test-rgps8415' was not found.\"\r\n  }\r\n}",
      "ResponseHeaders": {
        "Content-Length": [
          "215"
        ],
        "Content-Type": [
          "application/json; charset=utf-8"
        ],
        "Expires": [
          "-1"
        ],
        "Pragma": [
          "no-cache"
        ],
        "x-ms-failure-cause": [
          "gateway"
        ],
        "x-ms-request-id": [
          "a1f439a8-fc80-48b7-b3c4-28276e25cc35"
        ],
        "x-ms-correlation-request-id": [
          "a1f439a8-fc80-48b7-b3c4-28276e25cc35"
        ],
        "x-ms-routing-request-id": [
          "UKSOUTH:20180628T074328Z:a1f439a8-fc80-48b7-b3c4-28276e25cc35"
        ],
        "Strict-Transport-Security": [
          "max-age=31536000; includeSubDomains"
        ],
        "X-Content-Type-Options": [
          "nosniff"
        ],
        "Cache-Control": [
          "no-cache"
        ],
        "Date": [
          "Thu, 28 Jun 2018 07:43:27 GMT"
        ]
      },
      "StatusCode": 404
    },
    {
      "RequestUri": "/subscriptions/cca24ec8-99b5-4aa7-9ff6-486e886f304c/resourceGroups/sql-atp-cmdlet-test-rgps8415/providers/Microsoft.Sql/servers/sql-atp-cmdlet-serverps8415/databases/sql-atp-cmdlet-dbps8415?api-version=2017-10-01-preview",
      "EncodedRequestUri": "L3N1YnNjcmlwdGlvbnMvY2NhMjRlYzgtOTliNS00YWE3LTlmZjYtNDg2ZTg4NmYzMDRjL3Jlc291cmNlR3JvdXBzL3NxbC1hdHAtY21kbGV0LXRlc3Qtcmdwczg0MTUvcHJvdmlkZXJzL01pY3Jvc29mdC5TcWwvc2VydmVycy9zcWwtYXRwLWNtZGxldC1zZXJ2ZXJwczg0MTUvZGF0YWJhc2VzL3NxbC1hdHAtY21kbGV0LWRicHM4NDE1P2FwaS12ZXJzaW9uPTIwMTctMTAtMDEtcHJldmlldw==",
      "RequestMethod": "GET",
      "RequestBody": "",
      "RequestHeaders": {
        "User-Agent": [
          "FxVersion/4.7.2650.0",
          "OSName/Windows10Enterprise",
          "OSVersion/6.3.16299",
          "Microsoft.Azure.Management.Sql.SqlManagementClient/1.18.0.0"
        ]
      },
      "ResponseBody": "{\r\n  \"sku\": {\r\n    \"name\": \"Basic\",\r\n    \"tier\": \"Basic\",\r\n    \"capacity\": 5\r\n  },\r\n  \"kind\": \"v12.0,user\",\r\n  \"properties\": {\r\n    \"collation\": \"SQL_Latin1_General_CP1_CI_AS\",\r\n    \"maxSizeBytes\": 2147483648,\r\n    \"status\": \"Online\",\r\n    \"databaseId\": \"2497db6e-7475-4aaf-a23f-bca38b4a984c\",\r\n    \"creationDate\": \"2018-06-28T07:44:04.437Z\",\r\n    \"currentServiceObjectiveName\": \"Basic\",\r\n    \"requestedServiceObjectiveName\": \"Basic\",\r\n    \"defaultSecondaryLocation\": \"westus2\",\r\n    \"catalogCollation\": \"SQL_Latin1_General_CP1_CI_AS\",\r\n    \"zoneRedundant\": false,\r\n    \"earliestRestoreDate\": \"2018-06-28T08:14:04.437Z\",\r\n    \"readScale\": \"Disabled\",\r\n    \"currentSku\": {\r\n      \"name\": \"Basic\",\r\n      \"tier\": \"Basic\",\r\n      \"capacity\": 5\r\n    }\r\n  },\r\n  \"location\": \"westcentralus\",\r\n  \"id\": \"/subscriptions/cca24ec8-99b5-4aa7-9ff6-486e886f304c/resourceGroups/sql-atp-cmdlet-test-rgps8415/providers/Microsoft.Sql/servers/sql-atp-cmdlet-serverps8415/databases/sql-atp-cmdlet-dbps8415\",\r\n  \"name\": \"sql-atp-cmdlet-dbps8415\",\r\n  \"type\": \"Microsoft.Sql/servers/databases\"\r\n}",
      "ResponseHeaders": {
        "Content-Length": [
          "883"
        ],
        "Content-Type": [
          "application/json; charset=utf-8"
        ],
        "Expires": [
          "-1"
        ],
        "Pragma": [
          "no-cache"
        ],
        "x-ms-request-id": [
          "80caf84c-a80f-48db-96b2-fe30d7e2015d"
        ],
        "x-ms-ratelimit-remaining-subscription-reads": [
          "14921"
        ],
        "x-ms-correlation-request-id": [
          "748de79a-1e70-4ca3-8ce5-efdbb38dbb05"
        ],
        "x-ms-routing-request-id": [
          "UKSOUTH:20180628T074417Z:748de79a-1e70-4ca3-8ce5-efdbb38dbb05"
        ],
        "Strict-Transport-Security": [
          "max-age=31536000; includeSubDomains"
        ],
        "X-Content-Type-Options": [
          "nosniff"
        ],
        "Cache-Control": [
          "no-cache"
        ],
        "Date": [
          "Thu, 28 Jun 2018 07:44:16 GMT"
        ],
        "Server": [
          "Microsoft-HTTPAPI/2.0"
        ]
      },
      "StatusCode": 200
    },
    {
      "RequestUri": "/subscriptions/cca24ec8-99b5-4aa7-9ff6-486e886f304c/resourceGroups/sql-atp-cmdlet-test-rgps8415/providers/Microsoft.Sql/servers/sql-atp-cmdlet-serverps8415/databases/sql-atp-cmdlet-dbps8415?api-version=2017-10-01-preview",
      "EncodedRequestUri": "L3N1YnNjcmlwdGlvbnMvY2NhMjRlYzgtOTliNS00YWE3LTlmZjYtNDg2ZTg4NmYzMDRjL3Jlc291cmNlR3JvdXBzL3NxbC1hdHAtY21kbGV0LXRlc3Qtcmdwczg0MTUvcHJvdmlkZXJzL01pY3Jvc29mdC5TcWwvc2VydmVycy9zcWwtYXRwLWNtZGxldC1zZXJ2ZXJwczg0MTUvZGF0YWJhc2VzL3NxbC1hdHAtY21kbGV0LWRicHM4NDE1P2FwaS12ZXJzaW9uPTIwMTctMTAtMDEtcHJldmlldw==",
      "RequestMethod": "PUT",
      "RequestBody": "{\r\n  \"sku\": {\r\n    \"name\": \"Basic\",\r\n    \"tier\": \"Basic\"\r\n  },\r\n  \"properties\": {\r\n    \"maxSizeBytes\": 0,\r\n    \"readScale\": \"Disabled\"\r\n  },\r\n  \"location\": \"westcentralus\"\r\n}",
      "RequestHeaders": {
        "Content-Type": [
          "application/json; charset=utf-8"
        ],
        "Content-Length": [
          "174"
        ],
        "x-ms-client-request-id": [
          "edbc2f12-e7cf-4b2c-948e-f913a4b53e13"
        ],
        "accept-language": [
          "en-US"
        ],
        "User-Agent": [
          "FxVersion/4.7.2650.0",
          "OSName/Windows10Enterprise",
          "OSVersion/6.3.16299",
          "Microsoft.Azure.Management.Sql.SqlManagementClient/1.18.0.0"
        ]
      },
      "ResponseBody": "{\r\n  \"operation\": \"CreateLogicalDatabase\",\r\n  \"startTime\": \"2018-06-28T07:43:30.68Z\"\r\n}",
      "ResponseHeaders": {
        "Content-Length": [
          "75"
        ],
        "Content-Type": [
          "application/json; charset=utf-8"
        ],
        "Expires": [
          "-1"
        ],
        "Pragma": [
          "no-cache"
        ],
        "Retry-After": [
          "15"
        ],
        "Azure-AsyncOperation": [
          "https://management.azure.com/subscriptions/cca24ec8-99b5-4aa7-9ff6-486e886f304c/resourceGroups/sql-atp-cmdlet-test-rgps8415/providers/Microsoft.Sql/locations/westcentralus/databaseAzureAsyncOperation/88878364-4555-4a79-8c93-de1b59b6a06f?api-version=2017-10-01-preview"
        ],
        "x-ms-request-id": [
          "88878364-4555-4a79-8c93-de1b59b6a06f"
        ],
        "x-ms-ratelimit-remaining-subscription-writes": [
          "1198"
        ],
        "x-ms-correlation-request-id": [
          "c115a986-11ee-4bcf-a451-1dca24ca1cbc"
        ],
        "x-ms-routing-request-id": [
          "UKSOUTH:20180628T074330Z:c115a986-11ee-4bcf-a451-1dca24ca1cbc"
        ],
        "Strict-Transport-Security": [
          "max-age=31536000; includeSubDomains"
        ],
        "X-Content-Type-Options": [
          "nosniff"
        ],
        "Cache-Control": [
          "no-cache"
        ],
        "Date": [
          "Thu, 28 Jun 2018 07:43:29 GMT"
        ],
        "Location": [
          "https://management.azure.com/subscriptions/cca24ec8-99b5-4aa7-9ff6-486e886f304c/resourceGroups/sql-atp-cmdlet-test-rgps8415/providers/Microsoft.Sql/locations/westcentralus/databaseOperationResults/88878364-4555-4a79-8c93-de1b59b6a06f?api-version=2017-10-01-preview"
        ],
        "Server": [
          "Microsoft-HTTPAPI/2.0"
        ]
      },
      "StatusCode": 202
    },
    {
      "RequestUri": "/subscriptions/cca24ec8-99b5-4aa7-9ff6-486e886f304c/resourceGroups/sql-atp-cmdlet-test-rgps8415/providers/Microsoft.Sql/locations/westcentralus/databaseAzureAsyncOperation/88878364-4555-4a79-8c93-de1b59b6a06f?api-version=2017-10-01-preview",
      "EncodedRequestUri": "L3N1YnNjcmlwdGlvbnMvY2NhMjRlYzgtOTliNS00YWE3LTlmZjYtNDg2ZTg4NmYzMDRjL3Jlc291cmNlR3JvdXBzL3NxbC1hdHAtY21kbGV0LXRlc3Qtcmdwczg0MTUvcHJvdmlkZXJzL01pY3Jvc29mdC5TcWwvbG9jYXRpb25zL3dlc3RjZW50cmFsdXMvZGF0YWJhc2VBenVyZUFzeW5jT3BlcmF0aW9uLzg4ODc4MzY0LTQ1NTUtNGE3OS04YzkzLWRlMWI1OWI2YTA2Zj9hcGktdmVyc2lvbj0yMDE3LTEwLTAxLXByZXZpZXc=",
      "RequestMethod": "GET",
      "RequestBody": "",
      "RequestHeaders": {
        "User-Agent": [
          "FxVersion/4.7.2650.0",
          "OSName/Windows10Enterprise",
          "OSVersion/6.3.16299",
          "Microsoft.Azure.Management.Sql.SqlManagementClient/1.18.0.0"
        ]
      },
      "ResponseBody": "{\r\n  \"name\": \"88878364-4555-4a79-8c93-de1b59b6a06f\",\r\n  \"status\": \"InProgress\",\r\n  \"startTime\": \"2018-06-28T07:43:30.68Z\"\r\n}",
      "ResponseHeaders": {
        "Content-Length": [
          "107"
        ],
        "Content-Type": [
          "application/json; charset=utf-8"
        ],
        "Expires": [
          "-1"
        ],
        "Pragma": [
          "no-cache"
        ],
        "Retry-After": [
          "15"
        ],
        "x-ms-request-id": [
          "9b19556a-84ed-461c-8f48-50b74f39a983"
        ],
        "x-ms-ratelimit-remaining-subscription-reads": [
          "14924"
        ],
        "x-ms-correlation-request-id": [
          "fd388e02-3645-46ad-8b60-e7044cfffc84"
        ],
        "x-ms-routing-request-id": [
          "UKSOUTH:20180628T074346Z:fd388e02-3645-46ad-8b60-e7044cfffc84"
        ],
        "Strict-Transport-Security": [
          "max-age=31536000; includeSubDomains"
        ],
        "X-Content-Type-Options": [
          "nosniff"
        ],
        "Cache-Control": [
          "no-cache"
        ],
        "Date": [
          "Thu, 28 Jun 2018 07:43:45 GMT"
        ],
        "Server": [
          "Microsoft-HTTPAPI/2.0"
        ]
      },
      "StatusCode": 200
    },
    {
      "RequestUri": "/subscriptions/cca24ec8-99b5-4aa7-9ff6-486e886f304c/resourceGroups/sql-atp-cmdlet-test-rgps8415/providers/Microsoft.Sql/locations/westcentralus/databaseAzureAsyncOperation/88878364-4555-4a79-8c93-de1b59b6a06f?api-version=2017-10-01-preview",
      "EncodedRequestUri": "L3N1YnNjcmlwdGlvbnMvY2NhMjRlYzgtOTliNS00YWE3LTlmZjYtNDg2ZTg4NmYzMDRjL3Jlc291cmNlR3JvdXBzL3NxbC1hdHAtY21kbGV0LXRlc3Qtcmdwczg0MTUvcHJvdmlkZXJzL01pY3Jvc29mdC5TcWwvbG9jYXRpb25zL3dlc3RjZW50cmFsdXMvZGF0YWJhc2VBenVyZUFzeW5jT3BlcmF0aW9uLzg4ODc4MzY0LTQ1NTUtNGE3OS04YzkzLWRlMWI1OWI2YTA2Zj9hcGktdmVyc2lvbj0yMDE3LTEwLTAxLXByZXZpZXc=",
      "RequestMethod": "GET",
      "RequestBody": "",
      "RequestHeaders": {
        "User-Agent": [
          "FxVersion/4.7.2650.0",
          "OSName/Windows10Enterprise",
          "OSVersion/6.3.16299",
          "Microsoft.Azure.Management.Sql.SqlManagementClient/1.18.0.0"
        ]
      },
      "ResponseBody": "{\r\n  \"name\": \"88878364-4555-4a79-8c93-de1b59b6a06f\",\r\n  \"status\": \"InProgress\",\r\n  \"startTime\": \"2018-06-28T07:43:30.68Z\"\r\n}",
      "ResponseHeaders": {
        "Content-Length": [
          "107"
        ],
        "Content-Type": [
          "application/json; charset=utf-8"
        ],
        "Expires": [
          "-1"
        ],
        "Pragma": [
          "no-cache"
        ],
        "Retry-After": [
          "15"
        ],
        "x-ms-request-id": [
          "684b65de-c652-4536-abcc-3ebab4403e48"
        ],
        "x-ms-ratelimit-remaining-subscription-reads": [
          "14923"
        ],
        "x-ms-correlation-request-id": [
          "1e7f248e-2b25-439e-89c4-b580cd1e1231"
        ],
        "x-ms-routing-request-id": [
          "UKSOUTH:20180628T074401Z:1e7f248e-2b25-439e-89c4-b580cd1e1231"
        ],
        "Strict-Transport-Security": [
          "max-age=31536000; includeSubDomains"
        ],
        "X-Content-Type-Options": [
          "nosniff"
        ],
        "Cache-Control": [
          "no-cache"
        ],
        "Date": [
          "Thu, 28 Jun 2018 07:44:00 GMT"
        ],
        "Server": [
          "Microsoft-HTTPAPI/2.0"
        ]
      },
      "StatusCode": 200
    },
    {
      "RequestUri": "/subscriptions/cca24ec8-99b5-4aa7-9ff6-486e886f304c/resourceGroups/sql-atp-cmdlet-test-rgps8415/providers/Microsoft.Sql/locations/westcentralus/databaseAzureAsyncOperation/88878364-4555-4a79-8c93-de1b59b6a06f?api-version=2017-10-01-preview",
      "EncodedRequestUri": "L3N1YnNjcmlwdGlvbnMvY2NhMjRlYzgtOTliNS00YWE3LTlmZjYtNDg2ZTg4NmYzMDRjL3Jlc291cmNlR3JvdXBzL3NxbC1hdHAtY21kbGV0LXRlc3Qtcmdwczg0MTUvcHJvdmlkZXJzL01pY3Jvc29mdC5TcWwvbG9jYXRpb25zL3dlc3RjZW50cmFsdXMvZGF0YWJhc2VBenVyZUFzeW5jT3BlcmF0aW9uLzg4ODc4MzY0LTQ1NTUtNGE3OS04YzkzLWRlMWI1OWI2YTA2Zj9hcGktdmVyc2lvbj0yMDE3LTEwLTAxLXByZXZpZXc=",
      "RequestMethod": "GET",
      "RequestBody": "",
      "RequestHeaders": {
        "User-Agent": [
          "FxVersion/4.7.2650.0",
          "OSName/Windows10Enterprise",
          "OSVersion/6.3.16299",
          "Microsoft.Azure.Management.Sql.SqlManagementClient/1.18.0.0"
        ]
      },
      "ResponseBody": "{\r\n  \"name\": \"88878364-4555-4a79-8c93-de1b59b6a06f\",\r\n  \"status\": \"Succeeded\",\r\n  \"startTime\": \"2018-06-28T07:43:30.68Z\"\r\n}",
      "ResponseHeaders": {
        "Content-Length": [
          "106"
        ],
        "Content-Type": [
          "application/json; charset=utf-8"
        ],
        "Expires": [
          "-1"
        ],
        "Pragma": [
          "no-cache"
        ],
        "Retry-After": [
          "15"
        ],
        "x-ms-request-id": [
          "a5629c48-a55d-4560-bf2c-460a6cadc933"
        ],
        "x-ms-ratelimit-remaining-subscription-reads": [
          "14922"
        ],
        "x-ms-correlation-request-id": [
          "e44249c8-3750-4e41-a72d-1aef4aa64f88"
        ],
        "x-ms-routing-request-id": [
          "UKSOUTH:20180628T074416Z:e44249c8-3750-4e41-a72d-1aef4aa64f88"
        ],
        "Strict-Transport-Security": [
          "max-age=31536000; includeSubDomains"
        ],
        "X-Content-Type-Options": [
          "nosniff"
        ],
        "Cache-Control": [
          "no-cache"
        ],
        "Date": [
          "Thu, 28 Jun 2018 07:44:15 GMT"
        ],
        "Server": [
          "Microsoft-HTTPAPI/2.0"
        ]
      },
      "StatusCode": 200
    },
    {
      "RequestUri": "/subscriptions/cca24ec8-99b5-4aa7-9ff6-486e886f304c/resourceGroups/sql-atp-cmdlet-test-rgps8415/providers/Microsoft.Sql/servers/sql-atp-cmdlet-serverps8415/securityAlertPolicies/Default?api-version=2017-03-01-preview",
      "EncodedRequestUri": "L3N1YnNjcmlwdGlvbnMvY2NhMjRlYzgtOTliNS00YWE3LTlmZjYtNDg2ZTg4NmYzMDRjL3Jlc291cmNlR3JvdXBzL3NxbC1hdHAtY21kbGV0LXRlc3Qtcmdwczg0MTUvcHJvdmlkZXJzL01pY3Jvc29mdC5TcWwvc2VydmVycy9zcWwtYXRwLWNtZGxldC1zZXJ2ZXJwczg0MTUvc2VjdXJpdHlBbGVydFBvbGljaWVzL0RlZmF1bHQ/YXBpLXZlcnNpb249MjAxNy0wMy0wMS1wcmV2aWV3",
      "RequestMethod": "GET",
      "RequestBody": "",
      "RequestHeaders": {
        "x-ms-client-request-id": [
          "75c15266-b58f-4350-8d9c-d67e1c90f476"
        ],
        "accept-language": [
          "en-US"
        ],
        "User-Agent": [
          "FxVersion/4.7.2650.0",
          "OSName/Windows10Enterprise",
          "OSVersion/6.3.16299",
          "Microsoft.Azure.Management.Sql.SqlManagementClient/1.18.0.0"
        ]
      },
      "ResponseBody": "{\r\n  \"properties\": {\r\n    \"state\": \"Disabled\",\r\n    \"disabledAlerts\": [\r\n      \"\"\r\n    ],\r\n    \"emailAddresses\": [\r\n      \"\"\r\n    ],\r\n    \"emailAccountAdmins\": false,\r\n    \"storageEndpoint\": \"\",\r\n    \"storageAccountAccessKey\": \"\",\r\n    \"retentionDays\": 0\r\n  },\r\n  \"id\": \"/subscriptions/cca24ec8-99b5-4aa7-9ff6-486e886f304c/resourceGroups/sql-atp-cmdlet-test-rgps8415/providers/Microsoft.Sql/servers/sql-atp-cmdlet-serverps8415/securityAlertPolicies/Default\",\r\n  \"name\": \"Default\",\r\n  \"type\": \"Microsoft.Sql/servers/securityAlertPolicies\"\r\n}",
      "ResponseHeaders": {
        "Content-Length": [
          "437"
        ],
        "Content-Type": [
          "application/json; charset=utf-8"
        ],
        "Expires": [
          "-1"
        ],
        "Pragma": [
          "no-cache"
        ],
        "x-ms-request-id": [
          "7d6cdb36-7a8c-415b-b95b-5d0a1b710cd6"
        ],
        "x-ms-ratelimit-remaining-subscription-reads": [
          "14919"
        ],
        "x-ms-correlation-request-id": [
          "abedf118-e14e-4de2-92d2-9aa601d21516"
        ],
        "x-ms-routing-request-id": [
          "UKSOUTH:20180628T074417Z:abedf118-e14e-4de2-92d2-9aa601d21516"
        ],
        "Strict-Transport-Security": [
          "max-age=31536000; includeSubDomains"
        ],
        "X-Content-Type-Options": [
          "nosniff"
        ],
        "Cache-Control": [
          "no-cache"
        ],
        "Date": [
          "Thu, 28 Jun 2018 07:44:16 GMT"
        ],
        "Server": [
          "Microsoft-HTTPAPI/2.0"
        ]
      },
      "StatusCode": 200
    },
    {
      "RequestUri": "/subscriptions/cca24ec8-99b5-4aa7-9ff6-486e886f304c/resourceGroups/sql-atp-cmdlet-test-rgps8415/providers/Microsoft.Sql/servers/sql-atp-cmdlet-serverps8415/securityAlertPolicies/Default?api-version=2017-03-01-preview",
      "EncodedRequestUri": "L3N1YnNjcmlwdGlvbnMvY2NhMjRlYzgtOTliNS00YWE3LTlmZjYtNDg2ZTg4NmYzMDRjL3Jlc291cmNlR3JvdXBzL3NxbC1hdHAtY21kbGV0LXRlc3Qtcmdwczg0MTUvcHJvdmlkZXJzL01pY3Jvc29mdC5TcWwvc2VydmVycy9zcWwtYXRwLWNtZGxldC1zZXJ2ZXJwczg0MTUvc2VjdXJpdHlBbGVydFBvbGljaWVzL0RlZmF1bHQ/YXBpLXZlcnNpb249MjAxNy0wMy0wMS1wcmV2aWV3",
      "RequestMethod": "GET",
      "RequestBody": "",
      "RequestHeaders": {
        "x-ms-client-request-id": [
          "ef24a952-bfb3-4ad5-89e2-77858c8666e4"
        ],
        "accept-language": [
          "en-US"
        ],
        "User-Agent": [
          "FxVersion/4.7.2650.0",
          "OSName/Windows10Enterprise",
          "OSVersion/6.3.16299",
          "Microsoft.Azure.Management.Sql.SqlManagementClient/1.18.0.0"
        ]
      },
      "ResponseBody": "{\r\n  \"properties\": {\r\n    \"state\": \"Disabled\",\r\n    \"disabledAlerts\": [\r\n      \"\"\r\n    ],\r\n    \"emailAddresses\": [\r\n      \"\"\r\n    ],\r\n    \"emailAccountAdmins\": false,\r\n    \"storageEndpoint\": \"\",\r\n    \"storageAccountAccessKey\": \"\",\r\n    \"retentionDays\": 0\r\n  },\r\n  \"id\": \"/subscriptions/cca24ec8-99b5-4aa7-9ff6-486e886f304c/resourceGroups/sql-atp-cmdlet-test-rgps8415/providers/Microsoft.Sql/servers/sql-atp-cmdlet-serverps8415/securityAlertPolicies/Default\",\r\n  \"name\": \"Default\",\r\n  \"type\": \"Microsoft.Sql/servers/securityAlertPolicies\"\r\n}",
      "ResponseHeaders": {
        "Content-Length": [
          "437"
        ],
        "Content-Type": [
          "application/json; charset=utf-8"
        ],
        "Expires": [
          "-1"
        ],
        "Pragma": [
          "no-cache"
        ],
        "x-ms-request-id": [
          "3865e33e-a148-4da8-9712-5270e0bff1b6"
        ],
        "x-ms-ratelimit-remaining-subscription-reads": [
          "14917"
        ],
        "x-ms-correlation-request-id": [
          "e2e1f096-b15b-4249-86cd-b8033bdbcb15"
        ],
        "x-ms-routing-request-id": [
          "UKSOUTH:20180628T074418Z:e2e1f096-b15b-4249-86cd-b8033bdbcb15"
        ],
        "Strict-Transport-Security": [
          "max-age=31536000; includeSubDomains"
        ],
        "X-Content-Type-Options": [
          "nosniff"
        ],
        "Cache-Control": [
          "no-cache"
        ],
        "Date": [
          "Thu, 28 Jun 2018 07:44:17 GMT"
        ],
        "Server": [
          "Microsoft-HTTPAPI/2.0"
        ]
      },
      "StatusCode": 200
    },
    {
      "RequestUri": "/subscriptions/cca24ec8-99b5-4aa7-9ff6-486e886f304c/resourceGroups/sql-atp-cmdlet-test-rgps8415/providers/Microsoft.Sql/servers/sql-atp-cmdlet-serverps8415/securityAlertPolicies/Default?api-version=2017-03-01-preview",
      "EncodedRequestUri": "L3N1YnNjcmlwdGlvbnMvY2NhMjRlYzgtOTliNS00YWE3LTlmZjYtNDg2ZTg4NmYzMDRjL3Jlc291cmNlR3JvdXBzL3NxbC1hdHAtY21kbGV0LXRlc3Qtcmdwczg0MTUvcHJvdmlkZXJzL01pY3Jvc29mdC5TcWwvc2VydmVycy9zcWwtYXRwLWNtZGxldC1zZXJ2ZXJwczg0MTUvc2VjdXJpdHlBbGVydFBvbGljaWVzL0RlZmF1bHQ/YXBpLXZlcnNpb249MjAxNy0wMy0wMS1wcmV2aWV3",
      "RequestMethod": "GET",
      "RequestBody": "",
      "RequestHeaders": {
        "User-Agent": [
          "FxVersion/4.7.2650.0",
          "OSName/Windows10Enterprise",
          "OSVersion/6.3.16299",
          "Microsoft.Azure.Management.Sql.SqlManagementClient/1.18.0.0"
        ]
      },
      "ResponseBody": "{\r\n  \"properties\": {\r\n    \"state\": \"Enabled\",\r\n    \"disabledAlerts\": [\r\n      \"Sql_Injection\"\r\n    ],\r\n    \"emailAddresses\": [\r\n      \"\"\r\n    ],\r\n    \"emailAccountAdmins\": true,\r\n    \"storageEndpoint\": \"\",\r\n    \"storageAccountAccessKey\": \"\",\r\n    \"retentionDays\": 0\r\n  },\r\n  \"id\": \"/subscriptions/cca24ec8-99b5-4aa7-9ff6-486e886f304c/resourceGroups/sql-atp-cmdlet-test-rgps8415/providers/Microsoft.Sql/servers/sql-atp-cmdlet-serverps8415/securityAlertPolicies/Default\",\r\n  \"name\": \"Default\",\r\n  \"type\": \"Microsoft.Sql/servers/securityAlertPolicies\"\r\n}",
      "ResponseHeaders": {
        "Content-Length": [
          "448"
        ],
        "Content-Type": [
          "application/json; charset=utf-8"
        ],
        "Expires": [
          "-1"
        ],
        "Pragma": [
          "no-cache"
        ],
        "x-ms-request-id": [
          "2782c9d8-554d-4381-9d02-7593520db43e"
        ],
        "x-ms-ratelimit-remaining-subscription-reads": [
          "14919"
        ],
        "x-ms-correlation-request-id": [
          "3f272d72-b087-4e7f-9eb2-f07326703191"
        ],
        "x-ms-routing-request-id": [
          "UKSOUTH:20180628T074521Z:3f272d72-b087-4e7f-9eb2-f07326703191"
        ],
        "Strict-Transport-Security": [
          "max-age=31536000; includeSubDomains"
        ],
        "X-Content-Type-Options": [
          "nosniff"
        ],
        "Cache-Control": [
          "no-cache"
        ],
        "Date": [
          "Thu, 28 Jun 2018 07:45:20 GMT"
        ],
        "Server": [
          "Microsoft-HTTPAPI/2.0"
        ]
      },
      "StatusCode": 200
    },
    {
      "RequestUri": "/subscriptions/cca24ec8-99b5-4aa7-9ff6-486e886f304c/resourceGroups/sql-atp-cmdlet-test-rgps8415/providers/Microsoft.Sql/servers/sql-atp-cmdlet-serverps8415/securityAlertPolicies/Default?api-version=2017-03-01-preview",
      "EncodedRequestUri": "L3N1YnNjcmlwdGlvbnMvY2NhMjRlYzgtOTliNS00YWE3LTlmZjYtNDg2ZTg4NmYzMDRjL3Jlc291cmNlR3JvdXBzL3NxbC1hdHAtY21kbGV0LXRlc3Qtcmdwczg0MTUvcHJvdmlkZXJzL01pY3Jvc29mdC5TcWwvc2VydmVycy9zcWwtYXRwLWNtZGxldC1zZXJ2ZXJwczg0MTUvc2VjdXJpdHlBbGVydFBvbGljaWVzL0RlZmF1bHQ/YXBpLXZlcnNpb249MjAxNy0wMy0wMS1wcmV2aWV3",
      "RequestMethod": "GET",
      "RequestBody": "",
      "RequestHeaders": {
        "x-ms-client-request-id": [
          "6ee1da57-cc24-41fc-ad81-3ab18058aaba"
        ],
        "accept-language": [
          "en-US"
        ],
        "User-Agent": [
          "FxVersion/4.7.2650.0",
          "OSName/Windows10Enterprise",
          "OSVersion/6.3.16299",
          "Microsoft.Azure.Management.Sql.SqlManagementClient/1.18.0.0"
        ]
      },
      "ResponseBody": "{\r\n  \"properties\": {\r\n    \"state\": \"Enabled\",\r\n    \"disabledAlerts\": [\r\n      \"Sql_Injection\"\r\n    ],\r\n    \"emailAddresses\": [\r\n      \"\"\r\n    ],\r\n    \"emailAccountAdmins\": true,\r\n    \"storageEndpoint\": \"\",\r\n    \"storageAccountAccessKey\": \"\",\r\n    \"retentionDays\": 0\r\n  },\r\n  \"id\": \"/subscriptions/cca24ec8-99b5-4aa7-9ff6-486e886f304c/resourceGroups/sql-atp-cmdlet-test-rgps8415/providers/Microsoft.Sql/servers/sql-atp-cmdlet-serverps8415/securityAlertPolicies/Default\",\r\n  \"name\": \"Default\",\r\n  \"type\": \"Microsoft.Sql/servers/securityAlertPolicies\"\r\n}",
      "ResponseHeaders": {
        "Content-Length": [
          "448"
        ],
        "Content-Type": [
          "application/json; charset=utf-8"
        ],
        "Expires": [
          "-1"
        ],
        "Pragma": [
          "no-cache"
        ],
        "x-ms-request-id": [
          "ddef5b2c-c104-48d3-9a4b-241c13a84e46"
        ],
        "x-ms-ratelimit-remaining-subscription-reads": [
          "14917"
        ],
        "x-ms-correlation-request-id": [
          "13182f41-9d10-4bc7-b32d-d8623107c6d2"
        ],
        "x-ms-routing-request-id": [
          "UKSOUTH:20180628T074521Z:13182f41-9d10-4bc7-b32d-d8623107c6d2"
        ],
        "Strict-Transport-Security": [
          "max-age=31536000; includeSubDomains"
        ],
        "X-Content-Type-Options": [
          "nosniff"
        ],
        "Cache-Control": [
          "no-cache"
        ],
        "Date": [
          "Thu, 28 Jun 2018 07:45:21 GMT"
        ],
        "Server": [
          "Microsoft-HTTPAPI/2.0"
        ]
      },
      "StatusCode": 200
    },
    {
      "RequestUri": "/subscriptions/cca24ec8-99b5-4aa7-9ff6-486e886f304c/resourceGroups/sql-atp-cmdlet-test-rgps8415/providers/Microsoft.Sql/servers/sql-atp-cmdlet-serverps8415/securityAlertPolicies/Default?api-version=2017-03-01-preview",
      "EncodedRequestUri": "L3N1YnNjcmlwdGlvbnMvY2NhMjRlYzgtOTliNS00YWE3LTlmZjYtNDg2ZTg4NmYzMDRjL3Jlc291cmNlR3JvdXBzL3NxbC1hdHAtY21kbGV0LXRlc3Qtcmdwczg0MTUvcHJvdmlkZXJzL01pY3Jvc29mdC5TcWwvc2VydmVycy9zcWwtYXRwLWNtZGxldC1zZXJ2ZXJwczg0MTUvc2VjdXJpdHlBbGVydFBvbGljaWVzL0RlZmF1bHQ/YXBpLXZlcnNpb249MjAxNy0wMy0wMS1wcmV2aWV3",
      "RequestMethod": "GET",
      "RequestBody": "",
      "RequestHeaders": {
        "x-ms-client-request-id": [
          "3b7c5f7f-8bef-43ac-a33f-f22bb9f5bcfb"
        ],
        "accept-language": [
          "en-US"
        ],
        "User-Agent": [
          "FxVersion/4.7.2650.0",
          "OSName/Windows10Enterprise",
          "OSVersion/6.3.16299",
          "Microsoft.Azure.Management.Sql.SqlManagementClient/1.18.0.0"
        ]
      },
      "ResponseBody": "{\r\n  \"properties\": {\r\n    \"state\": \"Enabled\",\r\n    \"disabledAlerts\": [\r\n      \"Sql_Injection\"\r\n    ],\r\n    \"emailAddresses\": [\r\n      \"\"\r\n    ],\r\n    \"emailAccountAdmins\": true,\r\n    \"storageEndpoint\": \"\",\r\n    \"storageAccountAccessKey\": \"\",\r\n    \"retentionDays\": 0\r\n  },\r\n  \"id\": \"/subscriptions/cca24ec8-99b5-4aa7-9ff6-486e886f304c/resourceGroups/sql-atp-cmdlet-test-rgps8415/providers/Microsoft.Sql/servers/sql-atp-cmdlet-serverps8415/securityAlertPolicies/Default\",\r\n  \"name\": \"Default\",\r\n  \"type\": \"Microsoft.Sql/servers/securityAlertPolicies\"\r\n}",
      "ResponseHeaders": {
        "Content-Length": [
          "448"
        ],
        "Content-Type": [
          "application/json; charset=utf-8"
        ],
        "Expires": [
          "-1"
        ],
        "Pragma": [
          "no-cache"
        ],
        "x-ms-request-id": [
          "42e1089a-d64e-4489-8a02-56fcb9d1e15c"
        ],
        "x-ms-ratelimit-remaining-subscription-reads": [
          "14915"
        ],
        "x-ms-correlation-request-id": [
          "d9668038-5e08-4fdd-9b4d-a7f03bdb83f9"
        ],
        "x-ms-routing-request-id": [
          "UKSOUTH:20180628T074522Z:d9668038-5e08-4fdd-9b4d-a7f03bdb83f9"
        ],
        "Strict-Transport-Security": [
          "max-age=31536000; includeSubDomains"
        ],
        "X-Content-Type-Options": [
          "nosniff"
        ],
        "Cache-Control": [
          "no-cache"
        ],
        "Date": [
          "Thu, 28 Jun 2018 07:45:21 GMT"
        ],
        "Server": [
          "Microsoft-HTTPAPI/2.0"
        ]
      },
      "StatusCode": 200
    },
    {
      "RequestUri": "/subscriptions/cca24ec8-99b5-4aa7-9ff6-486e886f304c/resourceGroups/sql-atp-cmdlet-test-rgps8415/providers/Microsoft.Sql/servers/sql-atp-cmdlet-serverps8415/securityAlertPolicies/Default?api-version=2017-03-01-preview",
      "EncodedRequestUri": "L3N1YnNjcmlwdGlvbnMvY2NhMjRlYzgtOTliNS00YWE3LTlmZjYtNDg2ZTg4NmYzMDRjL3Jlc291cmNlR3JvdXBzL3NxbC1hdHAtY21kbGV0LXRlc3Qtcmdwczg0MTUvcHJvdmlkZXJzL01pY3Jvc29mdC5TcWwvc2VydmVycy9zcWwtYXRwLWNtZGxldC1zZXJ2ZXJwczg0MTUvc2VjdXJpdHlBbGVydFBvbGljaWVzL0RlZmF1bHQ/YXBpLXZlcnNpb249MjAxNy0wMy0wMS1wcmV2aWV3",
      "RequestMethod": "GET",
      "RequestBody": "",
      "RequestHeaders": {
        "User-Agent": [
          "FxVersion/4.7.2650.0",
          "OSName/Windows10Enterprise",
          "OSVersion/6.3.16299",
          "Microsoft.Azure.Management.Sql.SqlManagementClient/1.18.0.0"
        ]
      },
      "ResponseBody": "{\r\n  \"properties\": {\r\n    \"state\": \"Disabled\",\r\n    \"disabledAlerts\": [\r\n      \"Sql_Injection\"\r\n    ],\r\n    \"emailAddresses\": [\r\n      \"\"\r\n    ],\r\n    \"emailAccountAdmins\": true,\r\n    \"storageEndpoint\": \"\",\r\n    \"storageAccountAccessKey\": \"\",\r\n    \"retentionDays\": 0\r\n  },\r\n  \"id\": \"/subscriptions/cca24ec8-99b5-4aa7-9ff6-486e886f304c/resourceGroups/sql-atp-cmdlet-test-rgps8415/providers/Microsoft.Sql/servers/sql-atp-cmdlet-serverps8415/securityAlertPolicies/Default\",\r\n  \"name\": \"Default\",\r\n  \"type\": \"Microsoft.Sql/servers/securityAlertPolicies\"\r\n}",
      "ResponseHeaders": {
        "Content-Length": [
          "449"
        ],
        "Content-Type": [
          "application/json; charset=utf-8"
        ],
        "Expires": [
          "-1"
        ],
        "Pragma": [
          "no-cache"
        ],
        "x-ms-request-id": [
          "cd1b327b-820c-4e3c-a125-96702be377f8"
        ],
        "x-ms-ratelimit-remaining-subscription-reads": [
          "14911"
        ],
        "x-ms-correlation-request-id": [
          "2b47cb3e-3a2f-4b11-bfbf-20dab2501215"
        ],
        "x-ms-routing-request-id": [
          "UKSOUTH:20180628T074624Z:2b47cb3e-3a2f-4b11-bfbf-20dab2501215"
        ],
        "Strict-Transport-Security": [
          "max-age=31536000; includeSubDomains"
        ],
        "X-Content-Type-Options": [
          "nosniff"
        ],
        "Cache-Control": [
          "no-cache"
        ],
        "Date": [
          "Thu, 28 Jun 2018 07:46:24 GMT"
        ],
        "Server": [
          "Microsoft-HTTPAPI/2.0"
        ]
      },
      "StatusCode": 200
    },
    {
      "RequestUri": "/subscriptions/cca24ec8-99b5-4aa7-9ff6-486e886f304c/resourceGroups/sql-atp-cmdlet-test-rgps8415/providers/Microsoft.Sql/servers/sql-atp-cmdlet-serverps8415/securityAlertPolicies/Default?api-version=2017-03-01-preview",
      "EncodedRequestUri": "L3N1YnNjcmlwdGlvbnMvY2NhMjRlYzgtOTliNS00YWE3LTlmZjYtNDg2ZTg4NmYzMDRjL3Jlc291cmNlR3JvdXBzL3NxbC1hdHAtY21kbGV0LXRlc3Qtcmdwczg0MTUvcHJvdmlkZXJzL01pY3Jvc29mdC5TcWwvc2VydmVycy9zcWwtYXRwLWNtZGxldC1zZXJ2ZXJwczg0MTUvc2VjdXJpdHlBbGVydFBvbGljaWVzL0RlZmF1bHQ/YXBpLXZlcnNpb249MjAxNy0wMy0wMS1wcmV2aWV3",
      "RequestMethod": "GET",
      "RequestBody": "",
      "RequestHeaders": {
        "x-ms-client-request-id": [
          "2e45ca83-38c5-48ab-b274-5745bbebe7fb"
        ],
        "accept-language": [
          "en-US"
        ],
        "User-Agent": [
          "FxVersion/4.7.2650.0",
          "OSName/Windows10Enterprise",
          "OSVersion/6.3.16299",
          "Microsoft.Azure.Management.Sql.SqlManagementClient/1.18.0.0"
        ]
      },
      "ResponseBody": "{\r\n  \"properties\": {\r\n    \"state\": \"Disabled\",\r\n    \"disabledAlerts\": [\r\n      \"Sql_Injection\"\r\n    ],\r\n    \"emailAddresses\": [\r\n      \"\"\r\n    ],\r\n    \"emailAccountAdmins\": true,\r\n    \"storageEndpoint\": \"\",\r\n    \"storageAccountAccessKey\": \"\",\r\n    \"retentionDays\": 0\r\n  },\r\n  \"id\": \"/subscriptions/cca24ec8-99b5-4aa7-9ff6-486e886f304c/resourceGroups/sql-atp-cmdlet-test-rgps8415/providers/Microsoft.Sql/servers/sql-atp-cmdlet-serverps8415/securityAlertPolicies/Default\",\r\n  \"name\": \"Default\",\r\n  \"type\": \"Microsoft.Sql/servers/securityAlertPolicies\"\r\n}",
      "ResponseHeaders": {
        "Content-Length": [
          "449"
        ],
        "Content-Type": [
          "application/json; charset=utf-8"
        ],
        "Expires": [
          "-1"
        ],
        "Pragma": [
          "no-cache"
        ],
        "x-ms-request-id": [
          "94f9bd2c-4912-45f0-ac2a-d72b946856b7"
        ],
        "x-ms-ratelimit-remaining-subscription-reads": [
          "14909"
        ],
        "x-ms-correlation-request-id": [
          "b7191dff-f95a-47f0-a940-9b94a2b7cdb4"
        ],
        "x-ms-routing-request-id": [
          "UKSOUTH:20180628T074625Z:b7191dff-f95a-47f0-a940-9b94a2b7cdb4"
        ],
        "Strict-Transport-Security": [
          "max-age=31536000; includeSubDomains"
        ],
        "X-Content-Type-Options": [
          "nosniff"
        ],
        "Cache-Control": [
          "no-cache"
        ],
        "Date": [
          "Thu, 28 Jun 2018 07:46:24 GMT"
        ],
        "Server": [
          "Microsoft-HTTPAPI/2.0"
        ]
      },
      "StatusCode": 200
    },
    {
      "RequestUri": "/subscriptions/cca24ec8-99b5-4aa7-9ff6-486e886f304c/resourceGroups/sql-atp-cmdlet-test-rgps8415/providers/Microsoft.Sql/servers/sql-atp-cmdlet-serverps8415/securityAlertPolicies/Default?api-version=2017-03-01-preview",
      "EncodedRequestUri": "L3N1YnNjcmlwdGlvbnMvY2NhMjRlYzgtOTliNS00YWE3LTlmZjYtNDg2ZTg4NmYzMDRjL3Jlc291cmNlR3JvdXBzL3NxbC1hdHAtY21kbGV0LXRlc3Qtcmdwczg0MTUvcHJvdmlkZXJzL01pY3Jvc29mdC5TcWwvc2VydmVycy9zcWwtYXRwLWNtZGxldC1zZXJ2ZXJwczg0MTUvc2VjdXJpdHlBbGVydFBvbGljaWVzL0RlZmF1bHQ/YXBpLXZlcnNpb249MjAxNy0wMy0wMS1wcmV2aWV3",
      "RequestMethod": "GET",
      "RequestBody": "",
      "RequestHeaders": {
        "x-ms-client-request-id": [
          "841e2811-3f31-491f-b62c-bc345885b1b3"
        ],
        "accept-language": [
          "en-US"
        ],
        "User-Agent": [
          "FxVersion/4.7.2650.0",
          "OSName/Windows10Enterprise",
          "OSVersion/6.3.16299",
          "Microsoft.Azure.Management.Sql.SqlManagementClient/1.18.0.0"
        ]
      },
      "ResponseBody": "{\r\n  \"properties\": {\r\n    \"state\": \"Disabled\",\r\n    \"disabledAlerts\": [\r\n      \"Sql_Injection\"\r\n    ],\r\n    \"emailAddresses\": [\r\n      \"\"\r\n    ],\r\n    \"emailAccountAdmins\": true,\r\n    \"storageEndpoint\": \"\",\r\n    \"storageAccountAccessKey\": \"\",\r\n    \"retentionDays\": 0\r\n  },\r\n  \"id\": \"/subscriptions/cca24ec8-99b5-4aa7-9ff6-486e886f304c/resourceGroups/sql-atp-cmdlet-test-rgps8415/providers/Microsoft.Sql/servers/sql-atp-cmdlet-serverps8415/securityAlertPolicies/Default\",\r\n  \"name\": \"Default\",\r\n  \"type\": \"Microsoft.Sql/servers/securityAlertPolicies\"\r\n}",
      "ResponseHeaders": {
        "Content-Length": [
          "449"
        ],
        "Content-Type": [
          "application/json; charset=utf-8"
        ],
        "Expires": [
          "-1"
        ],
        "Pragma": [
          "no-cache"
        ],
        "x-ms-request-id": [
          "76085dee-c600-44d9-81de-6220ac1a7543"
        ],
        "x-ms-ratelimit-remaining-subscription-reads": [
          "14907"
        ],
        "x-ms-correlation-request-id": [
          "b81da12e-1799-4419-9bcd-b51413f7d4a8"
        ],
        "x-ms-routing-request-id": [
          "UKSOUTH:20180628T074625Z:b81da12e-1799-4419-9bcd-b51413f7d4a8"
        ],
        "Strict-Transport-Security": [
          "max-age=31536000; includeSubDomains"
        ],
        "X-Content-Type-Options": [
          "nosniff"
        ],
        "Cache-Control": [
          "no-cache"
        ],
        "Date": [
          "Thu, 28 Jun 2018 07:46:25 GMT"
        ],
        "Server": [
          "Microsoft-HTTPAPI/2.0"
        ]
      },
      "StatusCode": 200
    },
    {
      "RequestUri": "/subscriptions/cca24ec8-99b5-4aa7-9ff6-486e886f304c/resourceGroups/sql-atp-cmdlet-test-rgps8415/providers/Microsoft.Sql/servers/sql-atp-cmdlet-serverps8415/securityAlertPolicies/Default?api-version=2017-03-01-preview",
      "EncodedRequestUri": "L3N1YnNjcmlwdGlvbnMvY2NhMjRlYzgtOTliNS00YWE3LTlmZjYtNDg2ZTg4NmYzMDRjL3Jlc291cmNlR3JvdXBzL3NxbC1hdHAtY21kbGV0LXRlc3Qtcmdwczg0MTUvcHJvdmlkZXJzL01pY3Jvc29mdC5TcWwvc2VydmVycy9zcWwtYXRwLWNtZGxldC1zZXJ2ZXJwczg0MTUvc2VjdXJpdHlBbGVydFBvbGljaWVzL0RlZmF1bHQ/YXBpLXZlcnNpb249MjAxNy0wMy0wMS1wcmV2aWV3",
      "RequestMethod": "GET",
      "RequestBody": "",
      "RequestHeaders": {
        "User-Agent": [
          "FxVersion/4.7.2650.0",
          "OSName/Windows10Enterprise",
          "OSVersion/6.3.16299",
          "Microsoft.Azure.Management.Sql.SqlManagementClient/1.18.0.0"
        ]
      },
      "ResponseBody": "{\r\n  \"properties\": {\r\n    \"state\": \"Enabled\",\r\n    \"disabledAlerts\": [\r\n      \"Sql_Injection_Vulnerability\"\r\n    ],\r\n    \"emailAddresses\": [\r\n      \"koko@mailTest.com\",\r\n      \"koko1@mailTest.com\"\r\n    ],\r\n    \"emailAccountAdmins\": false,\r\n    \"storageEndpoint\": \"\",\r\n    \"storageAccountAccessKey\": \"\",\r\n    \"retentionDays\": 0\r\n  },\r\n  \"id\": \"/subscriptions/cca24ec8-99b5-4aa7-9ff6-486e886f304c/resourceGroups/sql-atp-cmdlet-test-rgps8415/providers/Microsoft.Sql/servers/sql-atp-cmdlet-serverps8415/securityAlertPolicies/Default\",\r\n  \"name\": \"Default\",\r\n  \"type\": \"Microsoft.Sql/servers/securityAlertPolicies\"\r\n}",
      "ResponseHeaders": {
        "Content-Length": [
          "501"
        ],
        "Content-Type": [
          "application/json; charset=utf-8"
        ],
        "Expires": [
          "-1"
        ],
        "Pragma": [
          "no-cache"
        ],
        "x-ms-request-id": [
          "0ee4c8d7-9e03-41fa-9e81-ffce1fad6730"
        ],
        "x-ms-ratelimit-remaining-subscription-reads": [
          "14903"
        ],
        "x-ms-correlation-request-id": [
          "c8d11a9e-c910-4da0-8714-ebc5d5a15ac5"
        ],
        "x-ms-routing-request-id": [
          "UKSOUTH:20180628T074727Z:c8d11a9e-c910-4da0-8714-ebc5d5a15ac5"
        ],
        "Strict-Transport-Security": [
          "max-age=31536000; includeSubDomains"
        ],
        "X-Content-Type-Options": [
          "nosniff"
        ],
        "Cache-Control": [
          "no-cache"
        ],
        "Date": [
          "Thu, 28 Jun 2018 07:47:27 GMT"
        ],
        "Server": [
          "Microsoft-HTTPAPI/2.0"
        ]
      },
      "StatusCode": 200
    },
    {
      "RequestUri": "/subscriptions/cca24ec8-99b5-4aa7-9ff6-486e886f304c/resourceGroups/sql-atp-cmdlet-test-rgps8415/providers/Microsoft.Sql/servers/sql-atp-cmdlet-serverps8415/securityAlertPolicies/Default?api-version=2017-03-01-preview",
      "EncodedRequestUri": "L3N1YnNjcmlwdGlvbnMvY2NhMjRlYzgtOTliNS00YWE3LTlmZjYtNDg2ZTg4NmYzMDRjL3Jlc291cmNlR3JvdXBzL3NxbC1hdHAtY21kbGV0LXRlc3Qtcmdwczg0MTUvcHJvdmlkZXJzL01pY3Jvc29mdC5TcWwvc2VydmVycy9zcWwtYXRwLWNtZGxldC1zZXJ2ZXJwczg0MTUvc2VjdXJpdHlBbGVydFBvbGljaWVzL0RlZmF1bHQ/YXBpLXZlcnNpb249MjAxNy0wMy0wMS1wcmV2aWV3",
      "RequestMethod": "GET",
      "RequestBody": "",
      "RequestHeaders": {
        "x-ms-client-request-id": [
          "96507bec-4188-4e03-a8fe-1a02ca1896a1"
        ],
        "accept-language": [
          "en-US"
        ],
        "User-Agent": [
          "FxVersion/4.7.2650.0",
          "OSName/Windows10Enterprise",
          "OSVersion/6.3.16299",
          "Microsoft.Azure.Management.Sql.SqlManagementClient/1.18.0.0"
        ]
      },
      "ResponseBody": "{\r\n  \"properties\": {\r\n    \"state\": \"Enabled\",\r\n    \"disabledAlerts\": [\r\n      \"Sql_Injection_Vulnerability\"\r\n    ],\r\n    \"emailAddresses\": [\r\n      \"koko@mailTest.com\",\r\n      \"koko1@mailTest.com\"\r\n    ],\r\n    \"emailAccountAdmins\": false,\r\n    \"storageEndpoint\": \"\",\r\n    \"storageAccountAccessKey\": \"\",\r\n    \"retentionDays\": 0\r\n  },\r\n  \"id\": \"/subscriptions/cca24ec8-99b5-4aa7-9ff6-486e886f304c/resourceGroups/sql-atp-cmdlet-test-rgps8415/providers/Microsoft.Sql/servers/sql-atp-cmdlet-serverps8415/securityAlertPolicies/Default\",\r\n  \"name\": \"Default\",\r\n  \"type\": \"Microsoft.Sql/servers/securityAlertPolicies\"\r\n}",
      "ResponseHeaders": {
        "Content-Length": [
          "501"
        ],
        "Content-Type": [
          "application/json; charset=utf-8"
        ],
        "Expires": [
          "-1"
        ],
        "Pragma": [
          "no-cache"
        ],
        "x-ms-request-id": [
          "40b1de21-f96a-4ffb-af0d-6201d5fe50c8"
        ],
        "x-ms-ratelimit-remaining-subscription-reads": [
          "14901"
        ],
        "x-ms-correlation-request-id": [
          "04547801-2aad-4a9f-ad2f-f75e74a1a2f7"
        ],
        "x-ms-routing-request-id": [
          "UKSOUTH:20180628T074728Z:04547801-2aad-4a9f-ad2f-f75e74a1a2f7"
        ],
        "Strict-Transport-Security": [
          "max-age=31536000; includeSubDomains"
        ],
        "X-Content-Type-Options": [
          "nosniff"
        ],
        "Cache-Control": [
          "no-cache"
        ],
        "Date": [
          "Thu, 28 Jun 2018 07:47:28 GMT"
        ],
        "Server": [
          "Microsoft-HTTPAPI/2.0"
        ]
      },
      "StatusCode": 200
    },
    {
      "RequestUri": "/subscriptions/cca24ec8-99b5-4aa7-9ff6-486e886f304c/resourceGroups/sql-atp-cmdlet-test-rgps8415/providers/Microsoft.Sql/servers/sql-atp-cmdlet-serverps8415/securityAlertPolicies/Default?api-version=2017-03-01-preview",
      "EncodedRequestUri": "L3N1YnNjcmlwdGlvbnMvY2NhMjRlYzgtOTliNS00YWE3LTlmZjYtNDg2ZTg4NmYzMDRjL3Jlc291cmNlR3JvdXBzL3NxbC1hdHAtY21kbGV0LXRlc3Qtcmdwczg0MTUvcHJvdmlkZXJzL01pY3Jvc29mdC5TcWwvc2VydmVycy9zcWwtYXRwLWNtZGxldC1zZXJ2ZXJwczg0MTUvc2VjdXJpdHlBbGVydFBvbGljaWVzL0RlZmF1bHQ/YXBpLXZlcnNpb249MjAxNy0wMy0wMS1wcmV2aWV3",
      "RequestMethod": "GET",
      "RequestBody": "",
      "RequestHeaders": {
        "User-Agent": [
          "FxVersion/4.7.2650.0",
          "OSName/Windows10Enterprise",
          "OSVersion/6.3.16299",
          "Microsoft.Azure.Management.Sql.SqlManagementClient/1.18.0.0"
        ]
      },
      "ResponseBody": "{\r\n  \"properties\": {\r\n    \"state\": \"Disabled\",\r\n    \"disabledAlerts\": [\r\n      \"Sql_Injection_Vulnerability\"\r\n    ],\r\n    \"emailAddresses\": [\r\n      \"koko@mailTest.com\",\r\n      \"koko1@mailTest.com\"\r\n    ],\r\n    \"emailAccountAdmins\": false,\r\n    \"storageEndpoint\": \"\",\r\n    \"storageAccountAccessKey\": \"\",\r\n    \"retentionDays\": 0\r\n  },\r\n  \"id\": \"/subscriptions/cca24ec8-99b5-4aa7-9ff6-486e886f304c/resourceGroups/sql-atp-cmdlet-test-rgps8415/providers/Microsoft.Sql/servers/sql-atp-cmdlet-serverps8415/securityAlertPolicies/Default\",\r\n  \"name\": \"Default\",\r\n  \"type\": \"Microsoft.Sql/servers/securityAlertPolicies\"\r\n}",
      "ResponseHeaders": {
        "Content-Length": [
          "502"
        ],
        "Content-Type": [
          "application/json; charset=utf-8"
        ],
        "Expires": [
          "-1"
        ],
        "Pragma": [
          "no-cache"
        ],
        "x-ms-request-id": [
          "fa0880b0-52b6-4ad6-ab9a-baa55e1c8139"
        ],
        "x-ms-ratelimit-remaining-subscription-reads": [
          "14899"
        ],
        "x-ms-correlation-request-id": [
          "4abffff5-5a40-427a-91b8-203b57ae8348"
        ],
        "x-ms-routing-request-id": [
          "UKSOUTH:20180628T074830Z:4abffff5-5a40-427a-91b8-203b57ae8348"
        ],
        "Strict-Transport-Security": [
          "max-age=31536000; includeSubDomains"
        ],
        "X-Content-Type-Options": [
          "nosniff"
        ],
        "Cache-Control": [
          "no-cache"
        ],
        "Date": [
          "Thu, 28 Jun 2018 07:48:29 GMT"
        ],
        "Server": [
          "Microsoft-HTTPAPI/2.0"
        ]
      },
      "StatusCode": 200
    },
    {
      "RequestUri": "/subscriptions/cca24ec8-99b5-4aa7-9ff6-486e886f304c/resourceGroups/sql-atp-cmdlet-test-rgps8415/providers/Microsoft.Sql/servers/sql-atp-cmdlet-serverps8415/securityAlertPolicies/Default?api-version=2017-03-01-preview",
      "EncodedRequestUri": "L3N1YnNjcmlwdGlvbnMvY2NhMjRlYzgtOTliNS00YWE3LTlmZjYtNDg2ZTg4NmYzMDRjL3Jlc291cmNlR3JvdXBzL3NxbC1hdHAtY21kbGV0LXRlc3Qtcmdwczg0MTUvcHJvdmlkZXJzL01pY3Jvc29mdC5TcWwvc2VydmVycy9zcWwtYXRwLWNtZGxldC1zZXJ2ZXJwczg0MTUvc2VjdXJpdHlBbGVydFBvbGljaWVzL0RlZmF1bHQ/YXBpLXZlcnNpb249MjAxNy0wMy0wMS1wcmV2aWV3",
      "RequestMethod": "GET",
      "RequestBody": "",
      "RequestHeaders": {
        "x-ms-client-request-id": [
          "4e510c7f-f460-4ee2-b4d6-93a9c9f06fc6"
        ],
        "accept-language": [
          "en-US"
        ],
        "User-Agent": [
          "FxVersion/4.7.2650.0",
          "OSName/Windows10Enterprise",
          "OSVersion/6.3.16299",
          "Microsoft.Azure.Management.Sql.SqlManagementClient/1.18.0.0"
        ]
      },
      "ResponseBody": "{\r\n  \"properties\": {\r\n    \"state\": \"Disabled\",\r\n    \"disabledAlerts\": [\r\n      \"Sql_Injection_Vulnerability\"\r\n    ],\r\n    \"emailAddresses\": [\r\n      \"koko@mailTest.com\",\r\n      \"koko1@mailTest.com\"\r\n    ],\r\n    \"emailAccountAdmins\": false,\r\n    \"storageEndpoint\": \"\",\r\n    \"storageAccountAccessKey\": \"\",\r\n    \"retentionDays\": 0\r\n  },\r\n  \"id\": \"/subscriptions/cca24ec8-99b5-4aa7-9ff6-486e886f304c/resourceGroups/sql-atp-cmdlet-test-rgps8415/providers/Microsoft.Sql/servers/sql-atp-cmdlet-serverps8415/securityAlertPolicies/Default\",\r\n  \"name\": \"Default\",\r\n  \"type\": \"Microsoft.Sql/servers/securityAlertPolicies\"\r\n}",
      "ResponseHeaders": {
        "Content-Length": [
          "502"
        ],
        "Content-Type": [
          "application/json; charset=utf-8"
        ],
        "Expires": [
          "-1"
        ],
        "Pragma": [
          "no-cache"
        ],
        "x-ms-request-id": [
          "f2a6d2b7-5567-4693-80ca-80b4863649b0"
        ],
        "x-ms-ratelimit-remaining-subscription-reads": [
          "14897"
        ],
        "x-ms-correlation-request-id": [
          "5961c70d-e902-400b-ac61-c105e7a8dd29"
        ],
        "x-ms-routing-request-id": [
          "UKSOUTH:20180628T074830Z:5961c70d-e902-400b-ac61-c105e7a8dd29"
        ],
        "Strict-Transport-Security": [
          "max-age=31536000; includeSubDomains"
        ],
        "X-Content-Type-Options": [
          "nosniff"
        ],
        "Cache-Control": [
          "no-cache"
        ],
        "Date": [
          "Thu, 28 Jun 2018 07:48:30 GMT"
        ],
        "Server": [
          "Microsoft-HTTPAPI/2.0"
        ]
      },
      "StatusCode": 200
    },
    {
      "RequestUri": "/subscriptions/cca24ec8-99b5-4aa7-9ff6-486e886f304c/resourceGroups/sql-atp-cmdlet-test-rgps8415/providers/Microsoft.Sql/servers/sql-atp-cmdlet-serverps8415/securityAlertPolicies/Default?api-version=2017-03-01-preview",
      "EncodedRequestUri": "L3N1YnNjcmlwdGlvbnMvY2NhMjRlYzgtOTliNS00YWE3LTlmZjYtNDg2ZTg4NmYzMDRjL3Jlc291cmNlR3JvdXBzL3NxbC1hdHAtY21kbGV0LXRlc3Qtcmdwczg0MTUvcHJvdmlkZXJzL01pY3Jvc29mdC5TcWwvc2VydmVycy9zcWwtYXRwLWNtZGxldC1zZXJ2ZXJwczg0MTUvc2VjdXJpdHlBbGVydFBvbGljaWVzL0RlZmF1bHQ/YXBpLXZlcnNpb249MjAxNy0wMy0wMS1wcmV2aWV3",
      "RequestMethod": "GET",
      "RequestBody": "",
      "RequestHeaders": {
        "x-ms-client-request-id": [
          "9544e97c-55ee-412e-8402-05f0dc3887e4"
        ],
        "accept-language": [
          "en-US"
        ],
        "User-Agent": [
          "FxVersion/4.7.2650.0",
          "OSName/Windows10Enterprise",
          "OSVersion/6.3.16299",
          "Microsoft.Azure.Management.Sql.SqlManagementClient/1.18.0.0"
        ]
      },
      "ResponseBody": "{\r\n  \"properties\": {\r\n    \"state\": \"Disabled\",\r\n    \"disabledAlerts\": [\r\n      \"Sql_Injection_Vulnerability\"\r\n    ],\r\n    \"emailAddresses\": [\r\n      \"koko@mailTest.com\",\r\n      \"koko1@mailTest.com\"\r\n    ],\r\n    \"emailAccountAdmins\": false,\r\n    \"storageEndpoint\": \"\",\r\n    \"storageAccountAccessKey\": \"\",\r\n    \"retentionDays\": 0\r\n  },\r\n  \"id\": \"/subscriptions/cca24ec8-99b5-4aa7-9ff6-486e886f304c/resourceGroups/sql-atp-cmdlet-test-rgps8415/providers/Microsoft.Sql/servers/sql-atp-cmdlet-serverps8415/securityAlertPolicies/Default\",\r\n  \"name\": \"Default\",\r\n  \"type\": \"Microsoft.Sql/servers/securityAlertPolicies\"\r\n}",
      "ResponseHeaders": {
        "Content-Length": [
          "502"
        ],
        "Content-Type": [
          "application/json; charset=utf-8"
        ],
        "Expires": [
          "-1"
        ],
        "Pragma": [
          "no-cache"
        ],
        "x-ms-request-id": [
          "0d6f8265-885a-43da-ab8a-fd9d4e931fc1"
        ],
        "x-ms-ratelimit-remaining-subscription-reads": [
          "14895"
        ],
        "x-ms-correlation-request-id": [
          "517e673f-6230-49c3-9323-5b1e5b173f52"
        ],
        "x-ms-routing-request-id": [
          "UKSOUTH:20180628T074831Z:517e673f-6230-49c3-9323-5b1e5b173f52"
        ],
        "Strict-Transport-Security": [
          "max-age=31536000; includeSubDomains"
        ],
        "X-Content-Type-Options": [
          "nosniff"
        ],
        "Cache-Control": [
          "no-cache"
        ],
        "Date": [
          "Thu, 28 Jun 2018 07:48:30 GMT"
        ],
        "Server": [
          "Microsoft-HTTPAPI/2.0"
        ]
      },
      "StatusCode": 200
    },
    {
      "RequestUri": "/subscriptions/cca24ec8-99b5-4aa7-9ff6-486e886f304c/resourceGroups/sql-atp-cmdlet-test-rgps8415/providers/Microsoft.Sql/servers/sql-atp-cmdlet-serverps8415/securityAlertPolicies/Default?api-version=2017-03-01-preview",
      "EncodedRequestUri": "L3N1YnNjcmlwdGlvbnMvY2NhMjRlYzgtOTliNS00YWE3LTlmZjYtNDg2ZTg4NmYzMDRjL3Jlc291cmNlR3JvdXBzL3NxbC1hdHAtY21kbGV0LXRlc3Qtcmdwczg0MTUvcHJvdmlkZXJzL01pY3Jvc29mdC5TcWwvc2VydmVycy9zcWwtYXRwLWNtZGxldC1zZXJ2ZXJwczg0MTUvc2VjdXJpdHlBbGVydFBvbGljaWVzL0RlZmF1bHQ/YXBpLXZlcnNpb249MjAxNy0wMy0wMS1wcmV2aWV3",
      "RequestMethod": "GET",
      "RequestBody": "",
      "RequestHeaders": {
        "User-Agent": [
          "FxVersion/4.7.2650.0",
          "OSName/Windows10Enterprise",
          "OSVersion/6.3.16299",
          "Microsoft.Azure.Management.Sql.SqlManagementClient/1.18.0.0"
        ]
      },
      "ResponseBody": "{\r\n  \"properties\": {\r\n    \"state\": \"Enabled\",\r\n    \"disabledAlerts\": [\r\n      \"Sql_Injection_Vulnerability\"\r\n    ],\r\n    \"emailAddresses\": [\r\n      \"koko@mailTest.com\",\r\n      \"koko1@mailTest.com\"\r\n    ],\r\n    \"emailAccountAdmins\": false,\r\n    \"storageEndpoint\": \"\",\r\n    \"storageAccountAccessKey\": \"\",\r\n    \"retentionDays\": 0\r\n  },\r\n  \"id\": \"/subscriptions/cca24ec8-99b5-4aa7-9ff6-486e886f304c/resourceGroups/sql-atp-cmdlet-test-rgps8415/providers/Microsoft.Sql/servers/sql-atp-cmdlet-serverps8415/securityAlertPolicies/Default\",\r\n  \"name\": \"Default\",\r\n  \"type\": \"Microsoft.Sql/servers/securityAlertPolicies\"\r\n}",
      "ResponseHeaders": {
        "Content-Length": [
          "501"
        ],
        "Content-Type": [
          "application/json; charset=utf-8"
        ],
        "Expires": [
          "-1"
        ],
        "Pragma": [
          "no-cache"
        ],
        "x-ms-request-id": [
          "7e39a4d3-106e-4de6-8695-53b6f6b40ff2"
        ],
        "x-ms-ratelimit-remaining-subscription-reads": [
          "14892"
        ],
        "x-ms-correlation-request-id": [
          "c9fae7cb-5317-4cb1-9e87-eb16b85765ee"
        ],
        "x-ms-routing-request-id": [
          "UKSOUTH:20180628T074933Z:c9fae7cb-5317-4cb1-9e87-eb16b85765ee"
        ],
        "Strict-Transport-Security": [
          "max-age=31536000; includeSubDomains"
        ],
        "X-Content-Type-Options": [
          "nosniff"
        ],
        "Cache-Control": [
          "no-cache"
        ],
        "Date": [
          "Thu, 28 Jun 2018 07:49:33 GMT"
        ],
        "Server": [
          "Microsoft-HTTPAPI/2.0"
        ]
      },
      "StatusCode": 200
    },
    {
      "RequestUri": "/subscriptions/cca24ec8-99b5-4aa7-9ff6-486e886f304c/resourceGroups/sql-atp-cmdlet-test-rgps8415/providers/Microsoft.Sql/servers/sql-atp-cmdlet-serverps8415/securityAlertPolicies/Default?api-version=2017-03-01-preview",
      "EncodedRequestUri": "L3N1YnNjcmlwdGlvbnMvY2NhMjRlYzgtOTliNS00YWE3LTlmZjYtNDg2ZTg4NmYzMDRjL3Jlc291cmNlR3JvdXBzL3NxbC1hdHAtY21kbGV0LXRlc3Qtcmdwczg0MTUvcHJvdmlkZXJzL01pY3Jvc29mdC5TcWwvc2VydmVycy9zcWwtYXRwLWNtZGxldC1zZXJ2ZXJwczg0MTUvc2VjdXJpdHlBbGVydFBvbGljaWVzL0RlZmF1bHQ/YXBpLXZlcnNpb249MjAxNy0wMy0wMS1wcmV2aWV3",
      "RequestMethod": "GET",
      "RequestBody": "",
      "RequestHeaders": {
        "x-ms-client-request-id": [
          "5c70061a-e04f-4104-8513-ac5b44cb813f"
        ],
        "accept-language": [
          "en-US"
        ],
        "User-Agent": [
          "FxVersion/4.7.2650.0",
          "OSName/Windows10Enterprise",
          "OSVersion/6.3.16299",
          "Microsoft.Azure.Management.Sql.SqlManagementClient/1.18.0.0"
        ]
      },
      "ResponseBody": "{\r\n  \"properties\": {\r\n    \"state\": \"Enabled\",\r\n    \"disabledAlerts\": [\r\n      \"Sql_Injection_Vulnerability\"\r\n    ],\r\n    \"emailAddresses\": [\r\n      \"koko@mailTest.com\",\r\n      \"koko1@mailTest.com\"\r\n    ],\r\n    \"emailAccountAdmins\": false,\r\n    \"storageEndpoint\": \"\",\r\n    \"storageAccountAccessKey\": \"\",\r\n    \"retentionDays\": 0\r\n  },\r\n  \"id\": \"/subscriptions/cca24ec8-99b5-4aa7-9ff6-486e886f304c/resourceGroups/sql-atp-cmdlet-test-rgps8415/providers/Microsoft.Sql/servers/sql-atp-cmdlet-serverps8415/securityAlertPolicies/Default\",\r\n  \"name\": \"Default\",\r\n  \"type\": \"Microsoft.Sql/servers/securityAlertPolicies\"\r\n}",
      "ResponseHeaders": {
        "Content-Length": [
          "501"
        ],
        "Content-Type": [
          "application/json; charset=utf-8"
        ],
        "Expires": [
          "-1"
        ],
        "Pragma": [
          "no-cache"
        ],
        "x-ms-request-id": [
          "5b49ce40-f7c3-46bf-a117-9cc530ce1c97"
        ],
        "x-ms-ratelimit-remaining-subscription-reads": [
          "14890"
        ],
        "x-ms-correlation-request-id": [
          "c962e0e3-550e-4c7a-85c5-6398213c4815"
        ],
        "x-ms-routing-request-id": [
          "UKSOUTH:20180628T074933Z:c962e0e3-550e-4c7a-85c5-6398213c4815"
        ],
        "Strict-Transport-Security": [
          "max-age=31536000; includeSubDomains"
        ],
        "X-Content-Type-Options": [
          "nosniff"
        ],
        "Cache-Control": [
          "no-cache"
        ],
        "Date": [
          "Thu, 28 Jun 2018 07:49:33 GMT"
        ],
        "Server": [
          "Microsoft-HTTPAPI/2.0"
        ]
      },
      "StatusCode": 200
    },
    {
      "RequestUri": "/subscriptions/cca24ec8-99b5-4aa7-9ff6-486e886f304c/resourceGroups/sql-atp-cmdlet-test-rgps8415/providers/Microsoft.Sql/servers/sql-atp-cmdlet-serverps8415/securityAlertPolicies/Default?api-version=2017-03-01-preview",
      "EncodedRequestUri": "L3N1YnNjcmlwdGlvbnMvY2NhMjRlYzgtOTliNS00YWE3LTlmZjYtNDg2ZTg4NmYzMDRjL3Jlc291cmNlR3JvdXBzL3NxbC1hdHAtY21kbGV0LXRlc3Qtcmdwczg0MTUvcHJvdmlkZXJzL01pY3Jvc29mdC5TcWwvc2VydmVycy9zcWwtYXRwLWNtZGxldC1zZXJ2ZXJwczg0MTUvc2VjdXJpdHlBbGVydFBvbGljaWVzL0RlZmF1bHQ/YXBpLXZlcnNpb249MjAxNy0wMy0wMS1wcmV2aWV3",
      "RequestMethod": "PUT",
      "RequestBody": "{\r\n  \"properties\": {\r\n    \"state\": \"Enabled\",\r\n    \"disabledAlerts\": [\r\n      \"Sql_Injection\"\r\n    ],\r\n    \"emailAddresses\": [],\r\n    \"emailAccountAdmins\": true,\r\n    \"retentionDays\": 0\r\n  }\r\n}",
      "RequestHeaders": {
        "Content-Type": [
          "application/json; charset=utf-8"
        ],
        "Content-Length": [
          "193"
        ],
        "x-ms-client-request-id": [
          "86c88ca4-38fe-4b56-8089-b77674514b37"
        ],
        "accept-language": [
          "en-US"
        ],
        "User-Agent": [
          "FxVersion/4.7.2650.0",
          "OSName/Windows10Enterprise",
          "OSVersion/6.3.16299",
          "Microsoft.Azure.Management.Sql.SqlManagementClient/1.18.0.0"
        ]
      },
      "ResponseBody": "{\r\n  \"operation\": \"UpsertServerThreatDetectionPolicy\",\r\n  \"startTime\": \"2018-06-28T07:44:19.667Z\"\r\n}",
      "ResponseHeaders": {
        "Content-Length": [
          "88"
        ],
        "Content-Type": [
          "application/json; charset=utf-8"
        ],
        "Expires": [
          "-1"
        ],
        "Pragma": [
          "no-cache"
        ],
        "Retry-After": [
          "60"
        ],
        "Azure-AsyncOperation": [
          "https://management.azure.com/subscriptions/cca24ec8-99b5-4aa7-9ff6-486e886f304c/providers/Microsoft.Sql/locations/westcentralus/securityAlertPoliciesAzureAsyncOperation/dc194c4f-ca73-4c6c-8fd7-0a590e3fa487?api-version=2017-03-01-preview"
        ],
        "x-ms-request-id": [
          "cffe1d31-1004-41e1-ac6b-46f25bc17604"
        ],
        "x-ms-ratelimit-remaining-subscription-writes": [
          "1197"
        ],
        "x-ms-correlation-request-id": [
          "b49dc85d-9c4a-4839-aa6a-36427fce0246"
        ],
        "x-ms-routing-request-id": [
          "UKSOUTH:20180628T074420Z:b49dc85d-9c4a-4839-aa6a-36427fce0246"
        ],
        "Strict-Transport-Security": [
          "max-age=31536000; includeSubDomains"
        ],
        "X-Content-Type-Options": [
          "nosniff"
        ],
        "Cache-Control": [
          "no-cache"
        ],
        "Date": [
          "Thu, 28 Jun 2018 07:44:19 GMT"
        ],
        "Location": [
          "https://management.azure.com/subscriptions/cca24ec8-99b5-4aa7-9ff6-486e886f304c/providers/Microsoft.Sql/locations/westcentralus/securityAlertPoliciesOperationResults/dc194c4f-ca73-4c6c-8fd7-0a590e3fa487?api-version=2017-03-01-preview"
        ],
        "Server": [
          "Microsoft-HTTPAPI/2.0"
        ]
      },
      "StatusCode": 202
    },
    {
      "RequestUri": "/subscriptions/cca24ec8-99b5-4aa7-9ff6-486e886f304c/resourceGroups/sql-atp-cmdlet-test-rgps8415/providers/Microsoft.Sql/servers/sql-atp-cmdlet-serverps8415/securityAlertPolicies/Default?api-version=2017-03-01-preview",
      "EncodedRequestUri": "L3N1YnNjcmlwdGlvbnMvY2NhMjRlYzgtOTliNS00YWE3LTlmZjYtNDg2ZTg4NmYzMDRjL3Jlc291cmNlR3JvdXBzL3NxbC1hdHAtY21kbGV0LXRlc3Qtcmdwczg0MTUvcHJvdmlkZXJzL01pY3Jvc29mdC5TcWwvc2VydmVycy9zcWwtYXRwLWNtZGxldC1zZXJ2ZXJwczg0MTUvc2VjdXJpdHlBbGVydFBvbGljaWVzL0RlZmF1bHQ/YXBpLXZlcnNpb249MjAxNy0wMy0wMS1wcmV2aWV3",
      "RequestMethod": "PUT",
      "RequestBody": "{\r\n  \"properties\": {\r\n    \"state\": \"Disabled\",\r\n    \"disabledAlerts\": [\r\n      \"Sql_Injection\"\r\n    ],\r\n    \"emailAddresses\": [],\r\n    \"emailAccountAdmins\": true,\r\n    \"retentionDays\": 0\r\n  }\r\n}",
      "RequestHeaders": {
        "Content-Type": [
          "application/json; charset=utf-8"
        ],
        "Content-Length": [
          "194"
        ],
        "x-ms-client-request-id": [
          "92e398a4-a908-410c-97a8-4d866ca302b9"
        ],
        "accept-language": [
          "en-US"
        ],
        "User-Agent": [
          "FxVersion/4.7.2650.0",
          "OSName/Windows10Enterprise",
          "OSVersion/6.3.16299",
          "Microsoft.Azure.Management.Sql.SqlManagementClient/1.18.0.0"
        ]
      },
      "ResponseBody": "{\r\n  \"operation\": \"UpsertServerThreatDetectionPolicy\",\r\n  \"startTime\": \"2018-06-28T07:45:22.763Z\"\r\n}",
      "ResponseHeaders": {
        "Content-Length": [
          "88"
        ],
        "Content-Type": [
          "application/json; charset=utf-8"
        ],
        "Expires": [
          "-1"
        ],
        "Pragma": [
          "no-cache"
        ],
        "Retry-After": [
          "60"
        ],
        "Azure-AsyncOperation": [
          "https://management.azure.com/subscriptions/cca24ec8-99b5-4aa7-9ff6-486e886f304c/providers/Microsoft.Sql/locations/westcentralus/securityAlertPoliciesAzureAsyncOperation/aa0b9c95-ee68-4af5-a98b-9e947004833d?api-version=2017-03-01-preview"
        ],
        "x-ms-request-id": [
          "0b06c2ac-fd03-4bbf-b5c3-43a3661e6791"
        ],
        "x-ms-ratelimit-remaining-subscription-writes": [
          "1196"
        ],
        "x-ms-correlation-request-id": [
          "ec0ca836-4c35-4bdd-8c12-892293f11abb"
        ],
        "x-ms-routing-request-id": [
          "UKSOUTH:20180628T074524Z:ec0ca836-4c35-4bdd-8c12-892293f11abb"
        ],
        "Strict-Transport-Security": [
          "max-age=31536000; includeSubDomains"
        ],
        "X-Content-Type-Options": [
          "nosniff"
        ],
        "Cache-Control": [
          "no-cache"
        ],
        "Date": [
          "Thu, 28 Jun 2018 07:45:23 GMT"
        ],
        "Location": [
          "https://management.azure.com/subscriptions/cca24ec8-99b5-4aa7-9ff6-486e886f304c/providers/Microsoft.Sql/locations/westcentralus/securityAlertPoliciesOperationResults/aa0b9c95-ee68-4af5-a98b-9e947004833d?api-version=2017-03-01-preview"
        ],
        "Server": [
          "Microsoft-HTTPAPI/2.0"
        ]
      },
      "StatusCode": 202
    },
    {
      "RequestUri": "/subscriptions/cca24ec8-99b5-4aa7-9ff6-486e886f304c/resourceGroups/sql-atp-cmdlet-test-rgps8415/providers/Microsoft.Sql/servers/sql-atp-cmdlet-serverps8415/securityAlertPolicies/Default?api-version=2017-03-01-preview",
      "EncodedRequestUri": "L3N1YnNjcmlwdGlvbnMvY2NhMjRlYzgtOTliNS00YWE3LTlmZjYtNDg2ZTg4NmYzMDRjL3Jlc291cmNlR3JvdXBzL3NxbC1hdHAtY21kbGV0LXRlc3Qtcmdwczg0MTUvcHJvdmlkZXJzL01pY3Jvc29mdC5TcWwvc2VydmVycy9zcWwtYXRwLWNtZGxldC1zZXJ2ZXJwczg0MTUvc2VjdXJpdHlBbGVydFBvbGljaWVzL0RlZmF1bHQ/YXBpLXZlcnNpb249MjAxNy0wMy0wMS1wcmV2aWV3",
      "RequestMethod": "PUT",
      "RequestBody": "{\r\n  \"properties\": {\r\n    \"state\": \"Enabled\",\r\n    \"disabledAlerts\": [\r\n      \"Sql_Injection_Vulnerability\"\r\n    ],\r\n    \"emailAddresses\": [\r\n      \"koko@mailTest.com\",\r\n      \"koko1@mailTest.com\"\r\n    ],\r\n    \"emailAccountAdmins\": false,\r\n    \"retentionDays\": 0\r\n  }\r\n}",
      "RequestHeaders": {
        "Content-Type": [
          "application/json; charset=utf-8"
        ],
        "Content-Length": [
          "270"
        ],
        "x-ms-client-request-id": [
          "1059c74c-fe01-478e-a33b-a28d901ee5ab"
        ],
        "accept-language": [
          "en-US"
        ],
        "User-Agent": [
          "FxVersion/4.7.2650.0",
          "OSName/Windows10Enterprise",
          "OSVersion/6.3.16299",
          "Microsoft.Azure.Management.Sql.SqlManagementClient/1.18.0.0"
        ]
      },
      "ResponseBody": "{\r\n  \"operation\": \"UpsertServerThreatDetectionPolicy\",\r\n  \"startTime\": \"2018-06-28T07:46:26.7Z\"\r\n}",
      "ResponseHeaders": {
        "Content-Length": [
          "86"
        ],
        "Content-Type": [
          "application/json; charset=utf-8"
        ],
        "Expires": [
          "-1"
        ],
        "Pragma": [
          "no-cache"
        ],
        "Retry-After": [
          "60"
        ],
        "Azure-AsyncOperation": [
          "https://management.azure.com/subscriptions/cca24ec8-99b5-4aa7-9ff6-486e886f304c/providers/Microsoft.Sql/locations/westcentralus/securityAlertPoliciesAzureAsyncOperation/db7f32df-6190-4492-8220-ef61714c6a4b?api-version=2017-03-01-preview"
        ],
        "x-ms-request-id": [
          "0418d1bd-fc55-4438-ae76-ee2cbc8531e5"
        ],
        "x-ms-ratelimit-remaining-subscription-writes": [
          "1195"
        ],
        "x-ms-correlation-request-id": [
          "4d25ba1a-518e-4129-b20e-d6e735072692"
        ],
        "x-ms-routing-request-id": [
          "UKSOUTH:20180628T074626Z:4d25ba1a-518e-4129-b20e-d6e735072692"
        ],
        "Strict-Transport-Security": [
          "max-age=31536000; includeSubDomains"
        ],
        "X-Content-Type-Options": [
          "nosniff"
        ],
        "Cache-Control": [
          "no-cache"
        ],
        "Date": [
          "Thu, 28 Jun 2018 07:46:26 GMT"
        ],
        "Location": [
          "https://management.azure.com/subscriptions/cca24ec8-99b5-4aa7-9ff6-486e886f304c/providers/Microsoft.Sql/locations/westcentralus/securityAlertPoliciesOperationResults/db7f32df-6190-4492-8220-ef61714c6a4b?api-version=2017-03-01-preview"
        ],
        "Server": [
          "Microsoft-HTTPAPI/2.0"
        ]
      },
      "StatusCode": 202
    },
    {
      "RequestUri": "/subscriptions/cca24ec8-99b5-4aa7-9ff6-486e886f304c/resourceGroups/sql-atp-cmdlet-test-rgps8415/providers/Microsoft.Sql/servers/sql-atp-cmdlet-serverps8415/securityAlertPolicies/Default?api-version=2017-03-01-preview",
      "EncodedRequestUri": "L3N1YnNjcmlwdGlvbnMvY2NhMjRlYzgtOTliNS00YWE3LTlmZjYtNDg2ZTg4NmYzMDRjL3Jlc291cmNlR3JvdXBzL3NxbC1hdHAtY21kbGV0LXRlc3Qtcmdwczg0MTUvcHJvdmlkZXJzL01pY3Jvc29mdC5TcWwvc2VydmVycy9zcWwtYXRwLWNtZGxldC1zZXJ2ZXJwczg0MTUvc2VjdXJpdHlBbGVydFBvbGljaWVzL0RlZmF1bHQ/YXBpLXZlcnNpb249MjAxNy0wMy0wMS1wcmV2aWV3",
      "RequestMethod": "PUT",
      "RequestBody": "{\r\n  \"properties\": {\r\n    \"state\": \"Disabled\",\r\n    \"disabledAlerts\": [\r\n      \"Sql_Injection_Vulnerability\"\r\n    ],\r\n    \"emailAddresses\": [\r\n      \"koko@mailTest.com\",\r\n      \"koko1@mailTest.com\"\r\n    ],\r\n    \"emailAccountAdmins\": false,\r\n    \"retentionDays\": 0\r\n  }\r\n}",
      "RequestHeaders": {
        "Content-Type": [
          "application/json; charset=utf-8"
        ],
        "Content-Length": [
          "271"
        ],
        "x-ms-client-request-id": [
          "f9318d11-5898-49f6-819f-6ab4dab3ef14"
        ],
        "accept-language": [
          "en-US"
        ],
        "User-Agent": [
          "FxVersion/4.7.2650.0",
          "OSName/Windows10Enterprise",
          "OSVersion/6.3.16299",
          "Microsoft.Azure.Management.Sql.SqlManagementClient/1.18.0.0"
        ]
      },
      "ResponseBody": "{\r\n  \"operation\": \"UpsertServerThreatDetectionPolicy\",\r\n  \"startTime\": \"2018-06-28T07:47:28.93Z\"\r\n}",
      "ResponseHeaders": {
        "Content-Length": [
          "87"
        ],
        "Content-Type": [
          "application/json; charset=utf-8"
        ],
        "Expires": [
          "-1"
        ],
        "Pragma": [
          "no-cache"
        ],
        "Retry-After": [
          "60"
        ],
        "Azure-AsyncOperation": [
          "https://management.azure.com/subscriptions/cca24ec8-99b5-4aa7-9ff6-486e886f304c/providers/Microsoft.Sql/locations/westcentralus/securityAlertPoliciesAzureAsyncOperation/7385512d-680f-43c5-a105-2978aac4a995?api-version=2017-03-01-preview"
        ],
        "x-ms-request-id": [
          "d0f6e1e6-079b-4e63-a8a2-25b056b8f0f1"
        ],
        "x-ms-ratelimit-remaining-subscription-writes": [
          "1194"
        ],
        "x-ms-correlation-request-id": [
          "c1fa1984-d14b-4812-bd67-d383b3c30580"
        ],
        "x-ms-routing-request-id": [
          "UKSOUTH:20180628T074729Z:c1fa1984-d14b-4812-bd67-d383b3c30580"
        ],
        "Strict-Transport-Security": [
          "max-age=31536000; includeSubDomains"
        ],
        "X-Content-Type-Options": [
          "nosniff"
        ],
        "Cache-Control": [
          "no-cache"
        ],
        "Date": [
          "Thu, 28 Jun 2018 07:47:29 GMT"
        ],
        "Location": [
          "https://management.azure.com/subscriptions/cca24ec8-99b5-4aa7-9ff6-486e886f304c/providers/Microsoft.Sql/locations/westcentralus/securityAlertPoliciesOperationResults/7385512d-680f-43c5-a105-2978aac4a995?api-version=2017-03-01-preview"
        ],
        "Server": [
          "Microsoft-HTTPAPI/2.0"
        ]
      },
      "StatusCode": 202
    },
    {
      "RequestUri": "/subscriptions/cca24ec8-99b5-4aa7-9ff6-486e886f304c/resourceGroups/sql-atp-cmdlet-test-rgps8415/providers/Microsoft.Sql/servers/sql-atp-cmdlet-serverps8415/securityAlertPolicies/Default?api-version=2017-03-01-preview",
      "EncodedRequestUri": "L3N1YnNjcmlwdGlvbnMvY2NhMjRlYzgtOTliNS00YWE3LTlmZjYtNDg2ZTg4NmYzMDRjL3Jlc291cmNlR3JvdXBzL3NxbC1hdHAtY21kbGV0LXRlc3Qtcmdwczg0MTUvcHJvdmlkZXJzL01pY3Jvc29mdC5TcWwvc2VydmVycy9zcWwtYXRwLWNtZGxldC1zZXJ2ZXJwczg0MTUvc2VjdXJpdHlBbGVydFBvbGljaWVzL0RlZmF1bHQ/YXBpLXZlcnNpb249MjAxNy0wMy0wMS1wcmV2aWV3",
      "RequestMethod": "PUT",
      "RequestBody": "{\r\n  \"properties\": {\r\n    \"state\": \"Enabled\",\r\n    \"disabledAlerts\": [\r\n      \"Sql_Injection_Vulnerability\"\r\n    ],\r\n    \"emailAddresses\": [\r\n      \"koko@mailTest.com\",\r\n      \"koko1@mailTest.com\"\r\n    ],\r\n    \"emailAccountAdmins\": false,\r\n    \"retentionDays\": 0\r\n  }\r\n}",
      "RequestHeaders": {
        "Content-Type": [
          "application/json; charset=utf-8"
        ],
        "Content-Length": [
          "270"
        ],
        "x-ms-client-request-id": [
          "5ff5c9f8-7aaa-4450-bc44-80e8705329a2"
        ],
        "accept-language": [
          "en-US"
        ],
        "User-Agent": [
          "FxVersion/4.7.2650.0",
          "OSName/Windows10Enterprise",
          "OSVersion/6.3.16299",
          "Microsoft.Azure.Management.Sql.SqlManagementClient/1.18.0.0"
        ]
      },
      "ResponseBody": "{\r\n  \"operation\": \"UpsertServerThreatDetectionPolicy\",\r\n  \"startTime\": \"2018-06-28T07:48:32.197Z\"\r\n}",
      "ResponseHeaders": {
        "Content-Length": [
          "88"
        ],
        "Content-Type": [
          "application/json; charset=utf-8"
        ],
        "Expires": [
          "-1"
        ],
        "Pragma": [
          "no-cache"
        ],
        "Retry-After": [
          "60"
        ],
        "Azure-AsyncOperation": [
          "https://management.azure.com/subscriptions/cca24ec8-99b5-4aa7-9ff6-486e886f304c/providers/Microsoft.Sql/locations/westcentralus/securityAlertPoliciesAzureAsyncOperation/c037c183-144a-43db-ab73-f8dd98c643ce?api-version=2017-03-01-preview"
        ],
        "x-ms-request-id": [
          "b96daea9-b685-4cf6-aa95-b3cea0599bdc"
        ],
        "x-ms-ratelimit-remaining-subscription-writes": [
          "1193"
        ],
        "x-ms-correlation-request-id": [
          "60fa8a2d-ff7e-49ec-9a7e-9fe7e60f38cd"
        ],
        "x-ms-routing-request-id": [
          "UKSOUTH:20180628T074832Z:60fa8a2d-ff7e-49ec-9a7e-9fe7e60f38cd"
        ],
        "Strict-Transport-Security": [
          "max-age=31536000; includeSubDomains"
        ],
        "X-Content-Type-Options": [
          "nosniff"
        ],
        "Cache-Control": [
          "no-cache"
        ],
        "Date": [
          "Thu, 28 Jun 2018 07:48:32 GMT"
        ],
        "Location": [
          "https://management.azure.com/subscriptions/cca24ec8-99b5-4aa7-9ff6-486e886f304c/providers/Microsoft.Sql/locations/westcentralus/securityAlertPoliciesOperationResults/c037c183-144a-43db-ab73-f8dd98c643ce?api-version=2017-03-01-preview"
        ],
        "Server": [
          "Microsoft-HTTPAPI/2.0"
        ]
      },
      "StatusCode": 202
    },
    {
      "RequestUri": "/subscriptions/cca24ec8-99b5-4aa7-9ff6-486e886f304c/providers/Microsoft.Sql/locations/westcentralus/securityAlertPoliciesAzureAsyncOperation/dc194c4f-ca73-4c6c-8fd7-0a590e3fa487?api-version=2017-03-01-preview",
      "EncodedRequestUri": "L3N1YnNjcmlwdGlvbnMvY2NhMjRlYzgtOTliNS00YWE3LTlmZjYtNDg2ZTg4NmYzMDRjL3Byb3ZpZGVycy9NaWNyb3NvZnQuU3FsL2xvY2F0aW9ucy93ZXN0Y2VudHJhbHVzL3NlY3VyaXR5QWxlcnRQb2xpY2llc0F6dXJlQXN5bmNPcGVyYXRpb24vZGMxOTRjNGYtY2E3My00YzZjLThmZDctMGE1OTBlM2ZhNDg3P2FwaS12ZXJzaW9uPTIwMTctMDMtMDEtcHJldmlldw==",
      "RequestMethod": "GET",
      "RequestBody": "",
      "RequestHeaders": {
        "User-Agent": [
          "FxVersion/4.7.2650.0",
          "OSName/Windows10Enterprise",
          "OSVersion/6.3.16299",
          "Microsoft.Azure.Management.Sql.SqlManagementClient/1.18.0.0"
        ]
      },
      "ResponseBody": "{\r\n  \"name\": \"dc194c4f-ca73-4c6c-8fd7-0a590e3fa487\",\r\n  \"status\": \"Succeeded\",\r\n  \"startTime\": \"2018-06-28T07:44:19.667Z\"\r\n}",
      "ResponseHeaders": {
        "Content-Length": [
          "107"
        ],
        "Content-Type": [
          "application/json; charset=utf-8"
        ],
        "Expires": [
          "-1"
        ],
        "Pragma": [
          "no-cache"
        ],
        "x-ms-request-id": [
          "656d8efc-a34b-44f8-963b-63d2266c44e3"
        ],
        "x-ms-ratelimit-remaining-subscription-reads": [
          "14920"
        ],
        "x-ms-correlation-request-id": [
          "d799995c-b539-4b98-9e25-aa8561cb891b"
        ],
        "x-ms-routing-request-id": [
          "UKSOUTH:20180628T074520Z:d799995c-b539-4b98-9e25-aa8561cb891b"
        ],
        "Strict-Transport-Security": [
          "max-age=31536000; includeSubDomains"
        ],
        "X-Content-Type-Options": [
          "nosniff"
        ],
        "Cache-Control": [
          "no-cache"
        ],
        "Date": [
          "Thu, 28 Jun 2018 07:45:20 GMT"
        ],
        "Server": [
          "Microsoft-HTTPAPI/2.0"
        ]
      },
      "StatusCode": 200
    },
    {
      "RequestUri": "/subscriptions/cca24ec8-99b5-4aa7-9ff6-486e886f304c/providers/Microsoft.Sql/locations/westcentralus/securityAlertPoliciesAzureAsyncOperation/aa0b9c95-ee68-4af5-a98b-9e947004833d?api-version=2017-03-01-preview",
      "EncodedRequestUri": "L3N1YnNjcmlwdGlvbnMvY2NhMjRlYzgtOTliNS00YWE3LTlmZjYtNDg2ZTg4NmYzMDRjL3Byb3ZpZGVycy9NaWNyb3NvZnQuU3FsL2xvY2F0aW9ucy93ZXN0Y2VudHJhbHVzL3NlY3VyaXR5QWxlcnRQb2xpY2llc0F6dXJlQXN5bmNPcGVyYXRpb24vYWEwYjljOTUtZWU2OC00YWY1LWE5OGItOWU5NDcwMDQ4MzNkP2FwaS12ZXJzaW9uPTIwMTctMDMtMDEtcHJldmlldw==",
      "RequestMethod": "GET",
      "RequestBody": "",
      "RequestHeaders": {
        "User-Agent": [
          "FxVersion/4.7.2650.0",
          "OSName/Windows10Enterprise",
          "OSVersion/6.3.16299",
          "Microsoft.Azure.Management.Sql.SqlManagementClient/1.18.0.0"
        ]
      },
      "ResponseBody": "{\r\n  \"name\": \"aa0b9c95-ee68-4af5-a98b-9e947004833d\",\r\n  \"status\": \"Succeeded\",\r\n  \"startTime\": \"2018-06-28T07:45:22.763Z\"\r\n}",
      "ResponseHeaders": {
        "Content-Length": [
          "107"
        ],
        "Content-Type": [
          "application/json; charset=utf-8"
        ],
        "Expires": [
          "-1"
        ],
        "Pragma": [
          "no-cache"
        ],
        "x-ms-request-id": [
          "41e5ecfa-c3f0-4951-bbce-23b537e7c3b4"
        ],
        "x-ms-ratelimit-remaining-subscription-reads": [
          "14912"
        ],
        "x-ms-correlation-request-id": [
          "3ea776d6-8f4d-4691-b454-655cc143814d"
        ],
        "x-ms-routing-request-id": [
          "UKSOUTH:20180628T074624Z:3ea776d6-8f4d-4691-b454-655cc143814d"
        ],
        "Strict-Transport-Security": [
          "max-age=31536000; includeSubDomains"
        ],
        "X-Content-Type-Options": [
          "nosniff"
        ],
        "Cache-Control": [
          "no-cache"
        ],
        "Date": [
          "Thu, 28 Jun 2018 07:46:23 GMT"
        ],
        "Server": [
          "Microsoft-HTTPAPI/2.0"
        ]
      },
      "StatusCode": 200
    },
    {
      "RequestUri": "/subscriptions/cca24ec8-99b5-4aa7-9ff6-486e886f304c/providers/Microsoft.Sql/locations/westcentralus/securityAlertPoliciesAzureAsyncOperation/db7f32df-6190-4492-8220-ef61714c6a4b?api-version=2017-03-01-preview",
      "EncodedRequestUri": "L3N1YnNjcmlwdGlvbnMvY2NhMjRlYzgtOTliNS00YWE3LTlmZjYtNDg2ZTg4NmYzMDRjL3Byb3ZpZGVycy9NaWNyb3NvZnQuU3FsL2xvY2F0aW9ucy93ZXN0Y2VudHJhbHVzL3NlY3VyaXR5QWxlcnRQb2xpY2llc0F6dXJlQXN5bmNPcGVyYXRpb24vZGI3ZjMyZGYtNjE5MC00NDkyLTgyMjAtZWY2MTcxNGM2YTRiP2FwaS12ZXJzaW9uPTIwMTctMDMtMDEtcHJldmlldw==",
      "RequestMethod": "GET",
      "RequestBody": "",
      "RequestHeaders": {
        "User-Agent": [
          "FxVersion/4.7.2650.0",
          "OSName/Windows10Enterprise",
          "OSVersion/6.3.16299",
          "Microsoft.Azure.Management.Sql.SqlManagementClient/1.18.0.0"
        ]
      },
      "ResponseBody": "{\r\n  \"name\": \"db7f32df-6190-4492-8220-ef61714c6a4b\",\r\n  \"status\": \"Succeeded\",\r\n  \"startTime\": \"2018-06-28T07:46:26.7Z\"\r\n}",
      "ResponseHeaders": {
        "Content-Length": [
          "105"
        ],
        "Content-Type": [
          "application/json; charset=utf-8"
        ],
        "Expires": [
          "-1"
        ],
        "Pragma": [
          "no-cache"
        ],
        "x-ms-request-id": [
          "1a35d088-0816-4650-be82-882ca7a9f923"
        ],
        "x-ms-ratelimit-remaining-subscription-reads": [
          "14904"
        ],
        "x-ms-correlation-request-id": [
          "ac6aad9a-6d3a-4ae1-adf2-d9e41dcb49e2"
        ],
        "x-ms-routing-request-id": [
          "UKSOUTH:20180628T074727Z:ac6aad9a-6d3a-4ae1-adf2-d9e41dcb49e2"
        ],
        "Strict-Transport-Security": [
          "max-age=31536000; includeSubDomains"
        ],
        "X-Content-Type-Options": [
          "nosniff"
        ],
        "Cache-Control": [
          "no-cache"
        ],
        "Date": [
          "Thu, 28 Jun 2018 07:47:27 GMT"
        ],
        "Server": [
          "Microsoft-HTTPAPI/2.0"
        ]
      },
      "StatusCode": 200
    },
    {
      "RequestUri": "/subscriptions/cca24ec8-99b5-4aa7-9ff6-486e886f304c/providers/Microsoft.Sql/locations/westcentralus/securityAlertPoliciesAzureAsyncOperation/7385512d-680f-43c5-a105-2978aac4a995?api-version=2017-03-01-preview",
      "EncodedRequestUri": "L3N1YnNjcmlwdGlvbnMvY2NhMjRlYzgtOTliNS00YWE3LTlmZjYtNDg2ZTg4NmYzMDRjL3Byb3ZpZGVycy9NaWNyb3NvZnQuU3FsL2xvY2F0aW9ucy93ZXN0Y2VudHJhbHVzL3NlY3VyaXR5QWxlcnRQb2xpY2llc0F6dXJlQXN5bmNPcGVyYXRpb24vNzM4NTUxMmQtNjgwZi00M2M1LWExMDUtMjk3OGFhYzRhOTk1P2FwaS12ZXJzaW9uPTIwMTctMDMtMDEtcHJldmlldw==",
      "RequestMethod": "GET",
      "RequestBody": "",
      "RequestHeaders": {
        "User-Agent": [
          "FxVersion/4.7.2650.0",
          "OSName/Windows10Enterprise",
          "OSVersion/6.3.16299",
          "Microsoft.Azure.Management.Sql.SqlManagementClient/1.18.0.0"
        ]
      },
      "ResponseBody": "{\r\n  \"name\": \"7385512d-680f-43c5-a105-2978aac4a995\",\r\n  \"status\": \"Succeeded\",\r\n  \"startTime\": \"2018-06-28T07:47:28.93Z\"\r\n}",
      "ResponseHeaders": {
        "Content-Length": [
          "106"
        ],
        "Content-Type": [
          "application/json; charset=utf-8"
        ],
        "Expires": [
          "-1"
        ],
        "Pragma": [
          "no-cache"
        ],
        "x-ms-request-id": [
          "c3df2637-52d6-4b4e-a02c-112e67df3cdd"
        ],
        "x-ms-ratelimit-remaining-subscription-reads": [
          "14900"
        ],
        "x-ms-correlation-request-id": [
          "18e2ff71-8657-42ca-a781-98ddef93ae43"
        ],
        "x-ms-routing-request-id": [
          "UKSOUTH:20180628T074830Z:18e2ff71-8657-42ca-a781-98ddef93ae43"
        ],
        "Strict-Transport-Security": [
          "max-age=31536000; includeSubDomains"
        ],
        "X-Content-Type-Options": [
          "nosniff"
        ],
        "Cache-Control": [
          "no-cache"
        ],
        "Date": [
          "Thu, 28 Jun 2018 07:48:29 GMT"
        ],
        "Server": [
          "Microsoft-HTTPAPI/2.0"
        ]
      },
      "StatusCode": 200
    },
    {
      "RequestUri": "/subscriptions/cca24ec8-99b5-4aa7-9ff6-486e886f304c/providers/Microsoft.Sql/locations/westcentralus/securityAlertPoliciesAzureAsyncOperation/c037c183-144a-43db-ab73-f8dd98c643ce?api-version=2017-03-01-preview",
      "EncodedRequestUri": "L3N1YnNjcmlwdGlvbnMvY2NhMjRlYzgtOTliNS00YWE3LTlmZjYtNDg2ZTg4NmYzMDRjL3Byb3ZpZGVycy9NaWNyb3NvZnQuU3FsL2xvY2F0aW9ucy93ZXN0Y2VudHJhbHVzL3NlY3VyaXR5QWxlcnRQb2xpY2llc0F6dXJlQXN5bmNPcGVyYXRpb24vYzAzN2MxODMtMTQ0YS00M2RiLWFiNzMtZjhkZDk4YzY0M2NlP2FwaS12ZXJzaW9uPTIwMTctMDMtMDEtcHJldmlldw==",
      "RequestMethod": "GET",
      "RequestBody": "",
      "RequestHeaders": {
        "User-Agent": [
          "FxVersion/4.7.2650.0",
          "OSName/Windows10Enterprise",
          "OSVersion/6.3.16299",
          "Microsoft.Azure.Management.Sql.SqlManagementClient/1.18.0.0"
        ]
      },
      "ResponseBody": "{\r\n  \"name\": \"c037c183-144a-43db-ab73-f8dd98c643ce\",\r\n  \"status\": \"Succeeded\",\r\n  \"startTime\": \"2018-06-28T07:48:32.197Z\"\r\n}",
      "ResponseHeaders": {
        "Content-Length": [
          "107"
        ],
        "Content-Type": [
          "application/json; charset=utf-8"
        ],
        "Expires": [
          "-1"
        ],
        "Pragma": [
          "no-cache"
        ],
        "x-ms-request-id": [
          "1fa82406-65a4-4f3a-9e7e-4668a120c93a"
        ],
        "x-ms-ratelimit-remaining-subscription-reads": [
          "14893"
        ],
        "x-ms-correlation-request-id": [
          "7f129f02-cadc-41f6-a0a1-35dd5cac2aca"
        ],
        "x-ms-routing-request-id": [
          "UKSOUTH:20180628T074932Z:7f129f02-cadc-41f6-a0a1-35dd5cac2aca"
        ],
        "Strict-Transport-Security": [
          "max-age=31536000; includeSubDomains"
        ],
        "X-Content-Type-Options": [
          "nosniff"
        ],
        "Cache-Control": [
          "no-cache"
        ],
        "Date": [
          "Thu, 28 Jun 2018 07:49:32 GMT"
        ],
        "Server": [
          "Microsoft-HTTPAPI/2.0"
        ]
      },
      "StatusCode": 200
    },
    {
      "RequestUri": "/subscriptions/cca24ec8-99b5-4aa7-9ff6-486e886f304c/resourcegroups/sql-atp-cmdlet-test-rgps8415?api-version=2016-09-01",
      "EncodedRequestUri": "L3N1YnNjcmlwdGlvbnMvY2NhMjRlYzgtOTliNS00YWE3LTlmZjYtNDg2ZTg4NmYzMDRjL3Jlc291cmNlZ3JvdXBzL3NxbC1hdHAtY21kbGV0LXRlc3Qtcmdwczg0MTU/YXBpLXZlcnNpb249MjAxNi0wOS0wMQ==",
      "RequestMethod": "DELETE",
      "RequestBody": "",
      "RequestHeaders": {
        "x-ms-client-request-id": [
          "68208776-35cd-4d20-9569-eda35e9618e0"
        ],
        "accept-language": [
          "en-US"
        ],
        "User-Agent": [
          "FxVersion/4.7.2650.0",
          "OSName/Windows10Enterprise",
          "OSVersion/6.3.16299",
          "Microsoft.Azure.Management.Internal.Resources.ResourceManagementClient/4.1.0"
        ]
      },
      "ResponseBody": "",
      "ResponseHeaders": {
        "Content-Length": [
          "0"
        ],
        "Expires": [
          "-1"
        ],
        "Pragma": [
          "no-cache"
        ],
        "Retry-After": [
          "15"
        ],
        "x-ms-ratelimit-remaining-subscription-deletes": [
          "14999"
        ],
        "x-ms-request-id": [
          "99c2f22e-97fe-4c6d-84c4-1706fcb9e482"
        ],
        "x-ms-correlation-request-id": [
          "99c2f22e-97fe-4c6d-84c4-1706fcb9e482"
        ],
        "x-ms-routing-request-id": [
          "UKSOUTH:20180628T074936Z:99c2f22e-97fe-4c6d-84c4-1706fcb9e482"
        ],
        "Strict-Transport-Security": [
          "max-age=31536000; includeSubDomains"
        ],
        "X-Content-Type-Options": [
          "nosniff"
        ],
        "Cache-Control": [
          "no-cache"
        ],
        "Date": [
          "Thu, 28 Jun 2018 07:49:36 GMT"
        ],
        "Location": [
          "https://management.azure.com/subscriptions/cca24ec8-99b5-4aa7-9ff6-486e886f304c/operationresults/eyJqb2JJZCI6IlJFU09VUkNFR1JPVVBERUxFVElPTkpPQi1TUUw6MkRBVFA6MkRDTURMRVQ6MkRURVNUOjJEUkdQUzg0MTUtV0VTVENFTlRSQUxVUyIsImpvYkxvY2F0aW9uIjoid2VzdGNlbnRyYWx1cyJ9?api-version=2016-09-01"
        ]
      },
      "StatusCode": 202
    },
    {
      "RequestUri": "/subscriptions/cca24ec8-99b5-4aa7-9ff6-486e886f304c/operationresults/eyJqb2JJZCI6IlJFU09VUkNFR1JPVVBERUxFVElPTkpPQi1TUUw6MkRBVFA6MkRDTURMRVQ6MkRURVNUOjJEUkdQUzg0MTUtV0VTVENFTlRSQUxVUyIsImpvYkxvY2F0aW9uIjoid2VzdGNlbnRyYWx1cyJ9?api-version=2016-09-01",
      "EncodedRequestUri": "L3N1YnNjcmlwdGlvbnMvY2NhMjRlYzgtOTliNS00YWE3LTlmZjYtNDg2ZTg4NmYzMDRjL29wZXJhdGlvbnJlc3VsdHMvZXlKcWIySkpaQ0k2SWxKRlUwOVZVa05GUjFKUFZWQkVSVXhGVkVsUFRrcFBRaTFUVVV3Nk1rUkJWRkE2TWtSRFRVUk1SVlE2TWtSVVJWTlVPakpFVWtkUVV6ZzBNVFV0VjBWVFZFTkZUbFJTUVV4VlV5SXNJbXB2WWt4dlkyRjBhVzl1SWpvaWQyVnpkR05sYm5SeVlXeDFjeUo5P2FwaS12ZXJzaW9uPTIwMTYtMDktMDE=",
      "RequestMethod": "GET",
      "RequestBody": "",
      "RequestHeaders": {
        "User-Agent": [
          "FxVersion/4.7.2650.0",
          "OSName/Windows10Enterprise",
          "OSVersion/6.3.16299",
          "Microsoft.Azure.Management.Internal.Resources.ResourceManagementClient/4.1.0"
        ]
      },
      "ResponseBody": "",
      "ResponseHeaders": {
        "Content-Length": [
          "0"
        ],
        "Expires": [
          "-1"
        ],
        "Pragma": [
          "no-cache"
        ],
        "Retry-After": [
          "15"
        ],
        "x-ms-ratelimit-remaining-subscription-reads": [
          "14999"
        ],
        "x-ms-request-id": [
          "9273cdfc-e19b-4e10-8121-f669fc20dc29"
        ],
        "x-ms-correlation-request-id": [
          "9273cdfc-e19b-4e10-8121-f669fc20dc29"
        ],
        "x-ms-routing-request-id": [
          "UKSOUTH:20180628T074952Z:9273cdfc-e19b-4e10-8121-f669fc20dc29"
        ],
        "Strict-Transport-Security": [
          "max-age=31536000; includeSubDomains"
        ],
        "X-Content-Type-Options": [
          "nosniff"
        ],
        "Cache-Control": [
          "no-cache"
        ],
        "Date": [
          "Thu, 28 Jun 2018 07:49:51 GMT"
        ],
        "Location": [
          "https://management.azure.com/subscriptions/cca24ec8-99b5-4aa7-9ff6-486e886f304c/operationresults/eyJqb2JJZCI6IlJFU09VUkNFR1JPVVBERUxFVElPTkpPQi1TUUw6MkRBVFA6MkRDTURMRVQ6MkRURVNUOjJEUkdQUzg0MTUtV0VTVENFTlRSQUxVUyIsImpvYkxvY2F0aW9uIjoid2VzdGNlbnRyYWx1cyJ9?api-version=2016-09-01"
        ]
      },
      "StatusCode": 202
    },
    {
      "RequestUri": "/subscriptions/cca24ec8-99b5-4aa7-9ff6-486e886f304c/operationresults/eyJqb2JJZCI6IlJFU09VUkNFR1JPVVBERUxFVElPTkpPQi1TUUw6MkRBVFA6MkRDTURMRVQ6MkRURVNUOjJEUkdQUzg0MTUtV0VTVENFTlRSQUxVUyIsImpvYkxvY2F0aW9uIjoid2VzdGNlbnRyYWx1cyJ9?api-version=2016-09-01",
      "EncodedRequestUri": "L3N1YnNjcmlwdGlvbnMvY2NhMjRlYzgtOTliNS00YWE3LTlmZjYtNDg2ZTg4NmYzMDRjL29wZXJhdGlvbnJlc3VsdHMvZXlKcWIySkpaQ0k2SWxKRlUwOVZVa05GUjFKUFZWQkVSVXhGVkVsUFRrcFBRaTFUVVV3Nk1rUkJWRkE2TWtSRFRVUk1SVlE2TWtSVVJWTlVPakpFVWtkUVV6ZzBNVFV0VjBWVFZFTkZUbFJTUVV4VlV5SXNJbXB2WWt4dlkyRjBhVzl1SWpvaWQyVnpkR05sYm5SeVlXeDFjeUo5P2FwaS12ZXJzaW9uPTIwMTYtMDktMDE=",
      "RequestMethod": "GET",
      "RequestBody": "",
      "RequestHeaders": {
        "User-Agent": [
          "FxVersion/4.7.2650.0",
          "OSName/Windows10Enterprise",
          "OSVersion/6.3.16299",
          "Microsoft.Azure.Management.Internal.Resources.ResourceManagementClient/4.1.0"
        ]
      },
      "ResponseBody": "",
      "ResponseHeaders": {
        "Content-Length": [
          "0"
        ],
        "Expires": [
          "-1"
        ],
        "Pragma": [
          "no-cache"
        ],
        "Retry-After": [
          "15"
        ],
        "x-ms-ratelimit-remaining-subscription-reads": [
          "14998"
        ],
        "x-ms-request-id": [
          "3fc3280b-2035-4628-b250-f3570679e92f"
        ],
        "x-ms-correlation-request-id": [
          "3fc3280b-2035-4628-b250-f3570679e92f"
        ],
        "x-ms-routing-request-id": [
          "UKSOUTH:20180628T075007Z:3fc3280b-2035-4628-b250-f3570679e92f"
        ],
        "Strict-Transport-Security": [
          "max-age=31536000; includeSubDomains"
        ],
        "X-Content-Type-Options": [
          "nosniff"
        ],
        "Cache-Control": [
          "no-cache"
        ],
        "Date": [
          "Thu, 28 Jun 2018 07:50:07 GMT"
        ],
        "Location": [
          "https://management.azure.com/subscriptions/cca24ec8-99b5-4aa7-9ff6-486e886f304c/operationresults/eyJqb2JJZCI6IlJFU09VUkNFR1JPVVBERUxFVElPTkpPQi1TUUw6MkRBVFA6MkRDTURMRVQ6MkRURVNUOjJEUkdQUzg0MTUtV0VTVENFTlRSQUxVUyIsImpvYkxvY2F0aW9uIjoid2VzdGNlbnRyYWx1cyJ9?api-version=2016-09-01"
        ]
      },
      "StatusCode": 202
    },
    {
      "RequestUri": "/subscriptions/cca24ec8-99b5-4aa7-9ff6-486e886f304c/operationresults/eyJqb2JJZCI6IlJFU09VUkNFR1JPVVBERUxFVElPTkpPQi1TUUw6MkRBVFA6MkRDTURMRVQ6MkRURVNUOjJEUkdQUzg0MTUtV0VTVENFTlRSQUxVUyIsImpvYkxvY2F0aW9uIjoid2VzdGNlbnRyYWx1cyJ9?api-version=2016-09-01",
      "EncodedRequestUri": "L3N1YnNjcmlwdGlvbnMvY2NhMjRlYzgtOTliNS00YWE3LTlmZjYtNDg2ZTg4NmYzMDRjL29wZXJhdGlvbnJlc3VsdHMvZXlKcWIySkpaQ0k2SWxKRlUwOVZVa05GUjFKUFZWQkVSVXhGVkVsUFRrcFBRaTFUVVV3Nk1rUkJWRkE2TWtSRFRVUk1SVlE2TWtSVVJWTlVPakpFVWtkUVV6ZzBNVFV0VjBWVFZFTkZUbFJTUVV4VlV5SXNJbXB2WWt4dlkyRjBhVzl1SWpvaWQyVnpkR05sYm5SeVlXeDFjeUo5P2FwaS12ZXJzaW9uPTIwMTYtMDktMDE=",
      "RequestMethod": "GET",
      "RequestBody": "",
      "RequestHeaders": {
        "User-Agent": [
          "FxVersion/4.7.2650.0",
          "OSName/Windows10Enterprise",
          "OSVersion/6.3.16299",
          "Microsoft.Azure.Management.Internal.Resources.ResourceManagementClient/4.1.0"
        ]
      },
      "ResponseBody": "",
      "ResponseHeaders": {
        "Content-Length": [
          "0"
        ],
        "Expires": [
          "-1"
        ],
        "Pragma": [
          "no-cache"
        ],
        "Retry-After": [
          "15"
        ],
        "x-ms-ratelimit-remaining-subscription-reads": [
          "14997"
        ],
        "x-ms-request-id": [
          "502da2c9-bd8f-410a-b1ea-8f85ad8c0941"
        ],
        "x-ms-correlation-request-id": [
          "502da2c9-bd8f-410a-b1ea-8f85ad8c0941"
        ],
        "x-ms-routing-request-id": [
          "UKSOUTH:20180628T075022Z:502da2c9-bd8f-410a-b1ea-8f85ad8c0941"
        ],
        "Strict-Transport-Security": [
          "max-age=31536000; includeSubDomains"
        ],
        "X-Content-Type-Options": [
          "nosniff"
        ],
        "Cache-Control": [
          "no-cache"
        ],
        "Date": [
          "Thu, 28 Jun 2018 07:50:22 GMT"
        ],
        "Location": [
          "https://management.azure.com/subscriptions/cca24ec8-99b5-4aa7-9ff6-486e886f304c/operationresults/eyJqb2JJZCI6IlJFU09VUkNFR1JPVVBERUxFVElPTkpPQi1TUUw6MkRBVFA6MkRDTURMRVQ6MkRURVNUOjJEUkdQUzg0MTUtV0VTVENFTlRSQUxVUyIsImpvYkxvY2F0aW9uIjoid2VzdGNlbnRyYWx1cyJ9?api-version=2016-09-01"
        ]
      },
      "StatusCode": 202
    },
    {
      "RequestUri": "/subscriptions/cca24ec8-99b5-4aa7-9ff6-486e886f304c/operationresults/eyJqb2JJZCI6IlJFU09VUkNFR1JPVVBERUxFVElPTkpPQi1TUUw6MkRBVFA6MkRDTURMRVQ6MkRURVNUOjJEUkdQUzg0MTUtV0VTVENFTlRSQUxVUyIsImpvYkxvY2F0aW9uIjoid2VzdGNlbnRyYWx1cyJ9?api-version=2016-09-01",
      "EncodedRequestUri": "L3N1YnNjcmlwdGlvbnMvY2NhMjRlYzgtOTliNS00YWE3LTlmZjYtNDg2ZTg4NmYzMDRjL29wZXJhdGlvbnJlc3VsdHMvZXlKcWIySkpaQ0k2SWxKRlUwOVZVa05GUjFKUFZWQkVSVXhGVkVsUFRrcFBRaTFUVVV3Nk1rUkJWRkE2TWtSRFRVUk1SVlE2TWtSVVJWTlVPakpFVWtkUVV6ZzBNVFV0VjBWVFZFTkZUbFJTUVV4VlV5SXNJbXB2WWt4dlkyRjBhVzl1SWpvaWQyVnpkR05sYm5SeVlXeDFjeUo5P2FwaS12ZXJzaW9uPTIwMTYtMDktMDE=",
      "RequestMethod": "GET",
      "RequestBody": "",
      "RequestHeaders": {
        "User-Agent": [
          "FxVersion/4.7.2650.0",
          "OSName/Windows10Enterprise",
          "OSVersion/6.3.16299",
          "Microsoft.Azure.Management.Internal.Resources.ResourceManagementClient/4.1.0"
        ]
      },
      "ResponseBody": "",
      "ResponseHeaders": {
        "Content-Length": [
          "0"
        ],
        "Expires": [
          "-1"
        ],
        "Pragma": [
          "no-cache"
        ],
        "Retry-After": [
          "15"
        ],
        "x-ms-ratelimit-remaining-subscription-reads": [
          "14996"
        ],
        "x-ms-request-id": [
          "b58bc129-89d5-4351-9e74-d2521214ceab"
        ],
        "x-ms-correlation-request-id": [
          "b58bc129-89d5-4351-9e74-d2521214ceab"
        ],
        "x-ms-routing-request-id": [
          "UKSOUTH:20180628T075038Z:b58bc129-89d5-4351-9e74-d2521214ceab"
        ],
        "Strict-Transport-Security": [
          "max-age=31536000; includeSubDomains"
        ],
        "X-Content-Type-Options": [
          "nosniff"
        ],
        "Cache-Control": [
          "no-cache"
        ],
        "Date": [
          "Thu, 28 Jun 2018 07:50:37 GMT"
        ],
        "Location": [
          "https://management.azure.com/subscriptions/cca24ec8-99b5-4aa7-9ff6-486e886f304c/operationresults/eyJqb2JJZCI6IlJFU09VUkNFR1JPVVBERUxFVElPTkpPQi1TUUw6MkRBVFA6MkRDTURMRVQ6MkRURVNUOjJEUkdQUzg0MTUtV0VTVENFTlRSQUxVUyIsImpvYkxvY2F0aW9uIjoid2VzdGNlbnRyYWx1cyJ9?api-version=2016-09-01"
        ]
      },
      "StatusCode": 202
    },
    {
      "RequestUri": "/subscriptions/cca24ec8-99b5-4aa7-9ff6-486e886f304c/operationresults/eyJqb2JJZCI6IlJFU09VUkNFR1JPVVBERUxFVElPTkpPQi1TUUw6MkRBVFA6MkRDTURMRVQ6MkRURVNUOjJEUkdQUzg0MTUtV0VTVENFTlRSQUxVUyIsImpvYkxvY2F0aW9uIjoid2VzdGNlbnRyYWx1cyJ9?api-version=2016-09-01",
      "EncodedRequestUri": "L3N1YnNjcmlwdGlvbnMvY2NhMjRlYzgtOTliNS00YWE3LTlmZjYtNDg2ZTg4NmYzMDRjL29wZXJhdGlvbnJlc3VsdHMvZXlKcWIySkpaQ0k2SWxKRlUwOVZVa05GUjFKUFZWQkVSVXhGVkVsUFRrcFBRaTFUVVV3Nk1rUkJWRkE2TWtSRFRVUk1SVlE2TWtSVVJWTlVPakpFVWtkUVV6ZzBNVFV0VjBWVFZFTkZUbFJTUVV4VlV5SXNJbXB2WWt4dlkyRjBhVzl1SWpvaWQyVnpkR05sYm5SeVlXeDFjeUo5P2FwaS12ZXJzaW9uPTIwMTYtMDktMDE=",
      "RequestMethod": "GET",
      "RequestBody": "",
      "RequestHeaders": {
        "User-Agent": [
          "FxVersion/4.7.2650.0",
          "OSName/Windows10Enterprise",
          "OSVersion/6.3.16299",
          "Microsoft.Azure.Management.Internal.Resources.ResourceManagementClient/4.1.0"
        ]
      },
      "ResponseBody": "",
      "ResponseHeaders": {
        "Content-Length": [
          "0"
        ],
        "Expires": [
          "-1"
        ],
        "Pragma": [
          "no-cache"
        ],
        "Retry-After": [
          "15"
        ],
        "x-ms-ratelimit-remaining-subscription-reads": [
          "14995"
        ],
        "x-ms-request-id": [
          "0267992e-9852-4e76-8a29-bab6013494c1"
        ],
        "x-ms-correlation-request-id": [
          "0267992e-9852-4e76-8a29-bab6013494c1"
        ],
        "x-ms-routing-request-id": [
          "UKSOUTH:20180628T075053Z:0267992e-9852-4e76-8a29-bab6013494c1"
        ],
        "Strict-Transport-Security": [
          "max-age=31536000; includeSubDomains"
        ],
        "X-Content-Type-Options": [
          "nosniff"
        ],
        "Cache-Control": [
          "no-cache"
        ],
        "Date": [
          "Thu, 28 Jun 2018 07:50:53 GMT"
        ],
        "Location": [
          "https://management.azure.com/subscriptions/cca24ec8-99b5-4aa7-9ff6-486e886f304c/operationresults/eyJqb2JJZCI6IlJFU09VUkNFR1JPVVBERUxFVElPTkpPQi1TUUw6MkRBVFA6MkRDTURMRVQ6MkRURVNUOjJEUkdQUzg0MTUtV0VTVENFTlRSQUxVUyIsImpvYkxvY2F0aW9uIjoid2VzdGNlbnRyYWx1cyJ9?api-version=2016-09-01"
        ]
      },
      "StatusCode": 202
    },
    {
      "RequestUri": "/subscriptions/cca24ec8-99b5-4aa7-9ff6-486e886f304c/operationresults/eyJqb2JJZCI6IlJFU09VUkNFR1JPVVBERUxFVElPTkpPQi1TUUw6MkRBVFA6MkRDTURMRVQ6MkRURVNUOjJEUkdQUzg0MTUtV0VTVENFTlRSQUxVUyIsImpvYkxvY2F0aW9uIjoid2VzdGNlbnRyYWx1cyJ9?api-version=2016-09-01",
      "EncodedRequestUri": "L3N1YnNjcmlwdGlvbnMvY2NhMjRlYzgtOTliNS00YWE3LTlmZjYtNDg2ZTg4NmYzMDRjL29wZXJhdGlvbnJlc3VsdHMvZXlKcWIySkpaQ0k2SWxKRlUwOVZVa05GUjFKUFZWQkVSVXhGVkVsUFRrcFBRaTFUVVV3Nk1rUkJWRkE2TWtSRFRVUk1SVlE2TWtSVVJWTlVPakpFVWtkUVV6ZzBNVFV0VjBWVFZFTkZUbFJTUVV4VlV5SXNJbXB2WWt4dlkyRjBhVzl1SWpvaWQyVnpkR05sYm5SeVlXeDFjeUo5P2FwaS12ZXJzaW9uPTIwMTYtMDktMDE=",
      "RequestMethod": "GET",
      "RequestBody": "",
      "RequestHeaders": {
        "User-Agent": [
          "FxVersion/4.7.2650.0",
          "OSName/Windows10Enterprise",
          "OSVersion/6.3.16299",
          "Microsoft.Azure.Management.Internal.Resources.ResourceManagementClient/4.1.0"
        ]
      },
      "ResponseBody": "",
      "ResponseHeaders": {
        "Content-Length": [
          "0"
        ],
        "Expires": [
          "-1"
        ],
        "Pragma": [
          "no-cache"
        ],
        "Retry-After": [
          "15"
        ],
        "x-ms-ratelimit-remaining-subscription-reads": [
          "14994"
        ],
        "x-ms-request-id": [
          "f7a81fbf-d90c-4602-99cd-d08d05418a49"
        ],
        "x-ms-correlation-request-id": [
          "f7a81fbf-d90c-4602-99cd-d08d05418a49"
        ],
        "x-ms-routing-request-id": [
          "UKSOUTH:20180628T075108Z:f7a81fbf-d90c-4602-99cd-d08d05418a49"
        ],
        "Strict-Transport-Security": [
          "max-age=31536000; includeSubDomains"
        ],
        "X-Content-Type-Options": [
          "nosniff"
        ],
        "Cache-Control": [
          "no-cache"
        ],
        "Date": [
          "Thu, 28 Jun 2018 07:51:08 GMT"
        ],
        "Location": [
          "https://management.azure.com/subscriptions/cca24ec8-99b5-4aa7-9ff6-486e886f304c/operationresults/eyJqb2JJZCI6IlJFU09VUkNFR1JPVVBERUxFVElPTkpPQi1TUUw6MkRBVFA6MkRDTURMRVQ6MkRURVNUOjJEUkdQUzg0MTUtV0VTVENFTlRSQUxVUyIsImpvYkxvY2F0aW9uIjoid2VzdGNlbnRyYWx1cyJ9?api-version=2016-09-01"
        ]
      },
      "StatusCode": 202
    },
    {
      "RequestUri": "/subscriptions/cca24ec8-99b5-4aa7-9ff6-486e886f304c/operationresults/eyJqb2JJZCI6IlJFU09VUkNFR1JPVVBERUxFVElPTkpPQi1TUUw6MkRBVFA6MkRDTURMRVQ6MkRURVNUOjJEUkdQUzg0MTUtV0VTVENFTlRSQUxVUyIsImpvYkxvY2F0aW9uIjoid2VzdGNlbnRyYWx1cyJ9?api-version=2016-09-01",
      "EncodedRequestUri": "L3N1YnNjcmlwdGlvbnMvY2NhMjRlYzgtOTliNS00YWE3LTlmZjYtNDg2ZTg4NmYzMDRjL29wZXJhdGlvbnJlc3VsdHMvZXlKcWIySkpaQ0k2SWxKRlUwOVZVa05GUjFKUFZWQkVSVXhGVkVsUFRrcFBRaTFUVVV3Nk1rUkJWRkE2TWtSRFRVUk1SVlE2TWtSVVJWTlVPakpFVWtkUVV6ZzBNVFV0VjBWVFZFTkZUbFJTUVV4VlV5SXNJbXB2WWt4dlkyRjBhVzl1SWpvaWQyVnpkR05sYm5SeVlXeDFjeUo5P2FwaS12ZXJzaW9uPTIwMTYtMDktMDE=",
      "RequestMethod": "GET",
      "RequestBody": "",
      "RequestHeaders": {
        "User-Agent": [
          "FxVersion/4.7.2650.0",
          "OSName/Windows10Enterprise",
          "OSVersion/6.3.16299",
          "Microsoft.Azure.Management.Internal.Resources.ResourceManagementClient/4.1.0"
        ]
      },
      "ResponseBody": "",
      "ResponseHeaders": {
        "Content-Length": [
          "0"
        ],
        "Expires": [
          "-1"
        ],
        "Pragma": [
          "no-cache"
        ],
        "Retry-After": [
          "15"
        ],
        "x-ms-ratelimit-remaining-subscription-reads": [
          "14993"
        ],
        "x-ms-request-id": [
          "444af545-2614-4a7d-91f6-166ab91e06a6"
        ],
        "x-ms-correlation-request-id": [
          "444af545-2614-4a7d-91f6-166ab91e06a6"
        ],
        "x-ms-routing-request-id": [
          "UKSOUTH:20180628T075124Z:444af545-2614-4a7d-91f6-166ab91e06a6"
        ],
        "Strict-Transport-Security": [
          "max-age=31536000; includeSubDomains"
        ],
        "X-Content-Type-Options": [
          "nosniff"
        ],
        "Cache-Control": [
          "no-cache"
        ],
        "Date": [
          "Thu, 28 Jun 2018 07:51:23 GMT"
        ],
        "Location": [
          "https://management.azure.com/subscriptions/cca24ec8-99b5-4aa7-9ff6-486e886f304c/operationresults/eyJqb2JJZCI6IlJFU09VUkNFR1JPVVBERUxFVElPTkpPQi1TUUw6MkRBVFA6MkRDTURMRVQ6MkRURVNUOjJEUkdQUzg0MTUtV0VTVENFTlRSQUxVUyIsImpvYkxvY2F0aW9uIjoid2VzdGNlbnRyYWx1cyJ9?api-version=2016-09-01"
        ]
      },
      "StatusCode": 202
    },
    {
      "RequestUri": "/subscriptions/cca24ec8-99b5-4aa7-9ff6-486e886f304c/operationresults/eyJqb2JJZCI6IlJFU09VUkNFR1JPVVBERUxFVElPTkpPQi1TUUw6MkRBVFA6MkRDTURMRVQ6MkRURVNUOjJEUkdQUzg0MTUtV0VTVENFTlRSQUxVUyIsImpvYkxvY2F0aW9uIjoid2VzdGNlbnRyYWx1cyJ9?api-version=2016-09-01",
      "EncodedRequestUri": "L3N1YnNjcmlwdGlvbnMvY2NhMjRlYzgtOTliNS00YWE3LTlmZjYtNDg2ZTg4NmYzMDRjL29wZXJhdGlvbnJlc3VsdHMvZXlKcWIySkpaQ0k2SWxKRlUwOVZVa05GUjFKUFZWQkVSVXhGVkVsUFRrcFBRaTFUVVV3Nk1rUkJWRkE2TWtSRFRVUk1SVlE2TWtSVVJWTlVPakpFVWtkUVV6ZzBNVFV0VjBWVFZFTkZUbFJTUVV4VlV5SXNJbXB2WWt4dlkyRjBhVzl1SWpvaWQyVnpkR05sYm5SeVlXeDFjeUo5P2FwaS12ZXJzaW9uPTIwMTYtMDktMDE=",
      "RequestMethod": "GET",
      "RequestBody": "",
      "RequestHeaders": {
        "User-Agent": [
          "FxVersion/4.7.2650.0",
          "OSName/Windows10Enterprise",
          "OSVersion/6.3.16299",
          "Microsoft.Azure.Management.Internal.Resources.ResourceManagementClient/4.1.0"
        ]
      },
      "ResponseBody": "",
      "ResponseHeaders": {
        "Content-Length": [
          "0"
        ],
        "Expires": [
          "-1"
        ],
        "Pragma": [
          "no-cache"
        ],
        "Retry-After": [
          "15"
        ],
        "x-ms-ratelimit-remaining-subscription-reads": [
          "14992"
        ],
        "x-ms-request-id": [
          "9123e2b8-7128-4b4d-ae12-5b8815d1f839"
        ],
        "x-ms-correlation-request-id": [
          "9123e2b8-7128-4b4d-ae12-5b8815d1f839"
        ],
        "x-ms-routing-request-id": [
          "UKSOUTH:20180628T075139Z:9123e2b8-7128-4b4d-ae12-5b8815d1f839"
        ],
        "Strict-Transport-Security": [
          "max-age=31536000; includeSubDomains"
        ],
        "X-Content-Type-Options": [
          "nosniff"
        ],
        "Cache-Control": [
          "no-cache"
        ],
        "Date": [
          "Thu, 28 Jun 2018 07:51:39 GMT"
        ],
        "Location": [
          "https://management.azure.com/subscriptions/cca24ec8-99b5-4aa7-9ff6-486e886f304c/operationresults/eyJqb2JJZCI6IlJFU09VUkNFR1JPVVBERUxFVElPTkpPQi1TUUw6MkRBVFA6MkRDTURMRVQ6MkRURVNUOjJEUkdQUzg0MTUtV0VTVENFTlRSQUxVUyIsImpvYkxvY2F0aW9uIjoid2VzdGNlbnRyYWx1cyJ9?api-version=2016-09-01"
        ]
      },
      "StatusCode": 202
    },
    {
      "RequestUri": "/subscriptions/cca24ec8-99b5-4aa7-9ff6-486e886f304c/operationresults/eyJqb2JJZCI6IlJFU09VUkNFR1JPVVBERUxFVElPTkpPQi1TUUw6MkRBVFA6MkRDTURMRVQ6MkRURVNUOjJEUkdQUzg0MTUtV0VTVENFTlRSQUxVUyIsImpvYkxvY2F0aW9uIjoid2VzdGNlbnRyYWx1cyJ9?api-version=2016-09-01",
      "EncodedRequestUri": "L3N1YnNjcmlwdGlvbnMvY2NhMjRlYzgtOTliNS00YWE3LTlmZjYtNDg2ZTg4NmYzMDRjL29wZXJhdGlvbnJlc3VsdHMvZXlKcWIySkpaQ0k2SWxKRlUwOVZVa05GUjFKUFZWQkVSVXhGVkVsUFRrcFBRaTFUVVV3Nk1rUkJWRkE2TWtSRFRVUk1SVlE2TWtSVVJWTlVPakpFVWtkUVV6ZzBNVFV0VjBWVFZFTkZUbFJTUVV4VlV5SXNJbXB2WWt4dlkyRjBhVzl1SWpvaWQyVnpkR05sYm5SeVlXeDFjeUo5P2FwaS12ZXJzaW9uPTIwMTYtMDktMDE=",
      "RequestMethod": "GET",
      "RequestBody": "",
      "RequestHeaders": {
        "User-Agent": [
          "FxVersion/4.7.2650.0",
          "OSName/Windows10Enterprise",
          "OSVersion/6.3.16299",
          "Microsoft.Azure.Management.Internal.Resources.ResourceManagementClient/4.1.0"
        ]
      },
      "ResponseBody": "",
      "ResponseHeaders": {
        "Content-Length": [
          "0"
        ],
        "Expires": [
          "-1"
        ],
        "Pragma": [
          "no-cache"
        ],
        "Retry-After": [
          "15"
        ],
        "x-ms-ratelimit-remaining-subscription-reads": [
          "14991"
        ],
        "x-ms-request-id": [
          "032a0378-e8b2-4c23-a32d-cf5c42390252"
        ],
        "x-ms-correlation-request-id": [
          "032a0378-e8b2-4c23-a32d-cf5c42390252"
        ],
        "x-ms-routing-request-id": [
          "UKSOUTH:20180628T075154Z:032a0378-e8b2-4c23-a32d-cf5c42390252"
        ],
        "Strict-Transport-Security": [
          "max-age=31536000; includeSubDomains"
        ],
        "X-Content-Type-Options": [
          "nosniff"
        ],
        "Cache-Control": [
          "no-cache"
        ],
        "Date": [
          "Thu, 28 Jun 2018 07:51:54 GMT"
        ],
        "Location": [
          "https://management.azure.com/subscriptions/cca24ec8-99b5-4aa7-9ff6-486e886f304c/operationresults/eyJqb2JJZCI6IlJFU09VUkNFR1JPVVBERUxFVElPTkpPQi1TUUw6MkRBVFA6MkRDTURMRVQ6MkRURVNUOjJEUkdQUzg0MTUtV0VTVENFTlRSQUxVUyIsImpvYkxvY2F0aW9uIjoid2VzdGNlbnRyYWx1cyJ9?api-version=2016-09-01"
        ]
      },
      "StatusCode": 202
    },
    {
      "RequestUri": "/subscriptions/cca24ec8-99b5-4aa7-9ff6-486e886f304c/operationresults/eyJqb2JJZCI6IlJFU09VUkNFR1JPVVBERUxFVElPTkpPQi1TUUw6MkRBVFA6MkRDTURMRVQ6MkRURVNUOjJEUkdQUzg0MTUtV0VTVENFTlRSQUxVUyIsImpvYkxvY2F0aW9uIjoid2VzdGNlbnRyYWx1cyJ9?api-version=2016-09-01",
      "EncodedRequestUri": "L3N1YnNjcmlwdGlvbnMvY2NhMjRlYzgtOTliNS00YWE3LTlmZjYtNDg2ZTg4NmYzMDRjL29wZXJhdGlvbnJlc3VsdHMvZXlKcWIySkpaQ0k2SWxKRlUwOVZVa05GUjFKUFZWQkVSVXhGVkVsUFRrcFBRaTFUVVV3Nk1rUkJWRkE2TWtSRFRVUk1SVlE2TWtSVVJWTlVPakpFVWtkUVV6ZzBNVFV0VjBWVFZFTkZUbFJTUVV4VlV5SXNJbXB2WWt4dlkyRjBhVzl1SWpvaWQyVnpkR05sYm5SeVlXeDFjeUo5P2FwaS12ZXJzaW9uPTIwMTYtMDktMDE=",
      "RequestMethod": "GET",
      "RequestBody": "",
      "RequestHeaders": {
        "User-Agent": [
          "FxVersion/4.7.2650.0",
          "OSName/Windows10Enterprise",
          "OSVersion/6.3.16299",
          "Microsoft.Azure.Management.Internal.Resources.ResourceManagementClient/4.1.0"
        ]
      },
      "ResponseBody": "",
      "ResponseHeaders": {
        "Content-Length": [
          "0"
        ],
        "Expires": [
          "-1"
        ],
        "Pragma": [
          "no-cache"
        ],
        "x-ms-ratelimit-remaining-subscription-reads": [
          "14990"
        ],
        "x-ms-request-id": [
          "e2e682c5-1680-465c-b482-05ff2e1ebd92"
        ],
        "x-ms-correlation-request-id": [
          "e2e682c5-1680-465c-b482-05ff2e1ebd92"
        ],
        "x-ms-routing-request-id": [
          "UKSOUTH:20180628T075210Z:e2e682c5-1680-465c-b482-05ff2e1ebd92"
        ],
        "Strict-Transport-Security": [
          "max-age=31536000; includeSubDomains"
        ],
        "X-Content-Type-Options": [
          "nosniff"
        ],
        "Cache-Control": [
          "no-cache"
        ],
        "Date": [
          "Thu, 28 Jun 2018 07:52:09 GMT"
        ]
      },
      "StatusCode": 200
    },
    {
      "RequestUri": "/subscriptions/cca24ec8-99b5-4aa7-9ff6-486e886f304c/operationresults/eyJqb2JJZCI6IlJFU09VUkNFR1JPVVBERUxFVElPTkpPQi1TUUw6MkRBVFA6MkRDTURMRVQ6MkRURVNUOjJEUkdQUzg0MTUtV0VTVENFTlRSQUxVUyIsImpvYkxvY2F0aW9uIjoid2VzdGNlbnRyYWx1cyJ9?api-version=2016-09-01",
      "EncodedRequestUri": "L3N1YnNjcmlwdGlvbnMvY2NhMjRlYzgtOTliNS00YWE3LTlmZjYtNDg2ZTg4NmYzMDRjL29wZXJhdGlvbnJlc3VsdHMvZXlKcWIySkpaQ0k2SWxKRlUwOVZVa05GUjFKUFZWQkVSVXhGVkVsUFRrcFBRaTFUVVV3Nk1rUkJWRkE2TWtSRFRVUk1SVlE2TWtSVVJWTlVPakpFVWtkUVV6ZzBNVFV0VjBWVFZFTkZUbFJTUVV4VlV5SXNJbXB2WWt4dlkyRjBhVzl1SWpvaWQyVnpkR05sYm5SeVlXeDFjeUo5P2FwaS12ZXJzaW9uPTIwMTYtMDktMDE=",
      "RequestMethod": "GET",
      "RequestBody": "",
      "RequestHeaders": {
        "User-Agent": [
          "FxVersion/4.7.2650.0",
          "OSName/Windows10Enterprise",
          "OSVersion/6.3.16299",
          "Microsoft.Azure.Management.Internal.Resources.ResourceManagementClient/4.1.0"
        ]
      },
      "ResponseBody": "",
      "ResponseHeaders": {
        "Content-Length": [
          "0"
        ],
        "Expires": [
          "-1"
        ],
        "Pragma": [
          "no-cache"
        ],
        "x-ms-ratelimit-remaining-subscription-reads": [
          "14989"
        ],
        "x-ms-request-id": [
          "64b01df7-81cc-407b-901f-e8fa28fdd961"
        ],
        "x-ms-correlation-request-id": [
          "64b01df7-81cc-407b-901f-e8fa28fdd961"
        ],
        "x-ms-routing-request-id": [
          "UKSOUTH:20180628T075210Z:64b01df7-81cc-407b-901f-e8fa28fdd961"
        ],
        "Strict-Transport-Security": [
          "max-age=31536000; includeSubDomains"
        ],
        "X-Content-Type-Options": [
          "nosniff"
        ],
        "Cache-Control": [
          "no-cache"
        ],
        "Date": [
          "Thu, 28 Jun 2018 07:52:09 GMT"
        ]
      },
      "StatusCode": 200
    }
  ],
  "Names": {
    "Test-AdvancedThreatProtectionPolicyTest": [
      "ps8415"
    ]
  },
  "Variables": {
    "SubscriptionId": "cca24ec8-99b5-4aa7-9ff6-486e886f304c"
  }
}