{
  "Entries": [
    {
      "RequestUri": "/subscriptions/cd45f23b-b832-4fa4-a434-1bf7e6f14a5a/resourceGroups/to-delete-01/providers/Microsoft.Automation/automationAccounts/fbs-aa-01?api-version=2022-08-08",
      "EncodedRequestUri": "L3N1YnNjcmlwdGlvbnMvY2Q0NWYyM2ItYjgzMi00ZmE0LWE0MzQtMWJmN2U2ZjE0YTVhL3Jlc291cmNlR3JvdXBzL3RvLWRlbGV0ZS0wMS9wcm92aWRlcnMvTWljcm9zb2Z0LkF1dG9tYXRpb24vYXV0b21hdGlvbkFjY291bnRzL2Zicy1hYS0wMT9hcGktdmVyc2lvbj0yMDIyLTA4LTA4",
      "RequestMethod": "GET",
      "RequestHeaders": {
        "x-ms-client-request-id": [
          "6a1ce260-a4ec-4b2f-b010-8878937f5bd1"
        ],
        "Accept-Language": [
          "en-US"
        ],
        "User-Agent": [
          "FxVersion/4.700.22.41602",
          "OSName/Windows",
          "OSVersion/Microsoft.Windows.10.0.22621",
          "Microsoft.Azure.Management.Automation.AutomationClient/1.8.0"
        ]
      },
      "RequestBody": "",
      "ResponseHeaders": {
        "Cache-Control": [
          "no-cache"
        ],
        "Pragma": [
          "no-cache"
        ],
        "ocp-automation-accountid": [
          "218e46c5-178e-4c30-8c21-be9be00b6bc3"
        ],
        "x-ms-request-id": [
          "6a1ce260-a4ec-4b2f-b010-8878937f5bd1"
        ],
        "Server": [
          "Microsoft-HTTPAPI/2.0"
        ],
        "x-ms-ratelimit-remaining-subscription-reads": [
          "11999"
        ],
        "x-ms-correlation-request-id": [
          "201807f6-9a31-42b6-8e84-7a0a1cd5e6b8"
        ],
        "x-ms-routing-request-id": [
          "JIOINDIAWEST:20221007T105726Z:201807f6-9a31-42b6-8e84-7a0a1cd5e6b8"
        ],
        "Strict-Transport-Security": [
          "max-age=31536000; includeSubDomains"
        ],
        "X-Content-Type-Options": [
          "nosniff"
        ],
        "Date": [
          "Fri, 07 Oct 2022 10:57:26 GMT"
        ],
        "Content-Length": [
          "1312"
        ],
        "Content-Type": [
          "application/json; charset=utf-8"
        ],
        "Expires": [
          "-1"
        ]
      },
      "ResponseBody": "{\r\n  \"name\": \"fbs-aa-01\",\r\n  \"systemData\": {\r\n    \"createdAt\": \"2022-10-06T15:03:29.98+05:30\",\r\n    \"lastModifiedAt\": \"2022-10-06T15:03:29.98+05:30\"\r\n  },\r\n  \"id\": \"/subscriptions/cd45f23b-b832-4fa4-a434-1bf7e6f14a5a/resourceGroups/to-delete-01/providers/Microsoft.Automation/automationAccounts/fbs-aa-01\",\r\n  \"type\": \"Microsoft.Automation/AutomationAccounts\",\r\n  \"location\": \"centraluseuap\",\r\n  \"identity\": {\r\n    \"type\": \"SystemAssigned\",\r\n    \"principalId\": \"acb803c6-bbbf-4089-a495-f412171778bb\",\r\n    \"tenantId\": \"72f988bf-86f1-41af-91ab-2d7cd011db47\"\r\n  },\r\n  \"tags\": {},\r\n  \"etag\": null,\r\n  \"properties\": {\r\n    \"publicNetworkAccess\": true,\r\n    \"disableLocalAuth\": false,\r\n    \"sku\": {\r\n      \"name\": \"Basic\",\r\n      \"family\": null,\r\n      \"capacity\": null\r\n    },\r\n    \"state\": \"Ok\",\r\n    \"RegistrationUrl\": \"https://218e46c5-178e-4c30-8c21-be9be00b6bc3.agentsvc.eap.azure-automation.net/accounts/218e46c5-178e-4c30-8c21-be9be00b6bc3\",\r\n    \"encryption\": {\r\n      \"keySource\": \"Microsoft.Automation\",\r\n      \"identity\": {\r\n        \"userAssignedIdentity\": null\r\n      }\r\n    },\r\n    \"privateEndpointConnections\": [],\r\n    \"automationHybridServiceUrl\": \"https://218e46c5-178e-4c30-8c21-be9be00b6bc3.jrds.eap.azure-automation.net/automationAccounts/218e46c5-178e-4c30-8c21-be9be00b6bc3\",\r\n    \"RuntimeConfiguration\": {\r\n      \"powershell\": {\r\n        \"builtinModules\": {\r\n          \"Az\": \"8.0.0\"\r\n        }\r\n      },\r\n      \"powershell7\": {\r\n        \"builtinModules\": {\r\n          \"Az\": \"8.0.0\"\r\n        }\r\n      }\r\n    },\r\n    \"creationTime\": \"2022-10-06T15:03:29.98+05:30\",\r\n    \"lastModifiedBy\": null,\r\n    \"lastModifiedTime\": \"2022-10-06T15:03:29.98+05:30\"\r\n  }\r\n}",
      "StatusCode": 200
    },
    {
      "RequestUri": "/subscriptions/cd45f23b-b832-4fa4-a434-1bf7e6f14a5a/resourceGroups/to-delete-01/providers/Microsoft.Automation/automationAccounts/fbs-aa-01/schedules/Schedule3?api-version=2022-08-08",
      "EncodedRequestUri": "L3N1YnNjcmlwdGlvbnMvY2Q0NWYyM2ItYjgzMi00ZmE0LWE0MzQtMWJmN2U2ZjE0YTVhL3Jlc291cmNlR3JvdXBzL3RvLWRlbGV0ZS0wMS9wcm92aWRlcnMvTWljcm9zb2Z0LkF1dG9tYXRpb24vYXV0b21hdGlvbkFjY291bnRzL2Zicy1hYS0wMS9zY2hlZHVsZXMvU2NoZWR1bGUzP2FwaS12ZXJzaW9uPTIwMjItMDgtMDg=",
      "RequestMethod": "PUT",
      "RequestHeaders": {
        "x-ms-client-request-id": [
          "2df59590-9792-4fa2-8ce7-9fd612dc6a01"
        ],
        "Accept-Language": [
          "en-US"
        ],
        "User-Agent": [
          "FxVersion/4.700.22.41602",
          "OSName/Windows",
          "OSVersion/Microsoft.Windows.10.0.22621",
          "Microsoft.Azure.Management.Automation.AutomationClient/1.8.0"
        ],
        "Content-Type": [
          "application/json; charset=utf-8"
        ],
        "Content-Length": [
          "220"
        ]
      },
      "RequestBody": "{\r\n  \"name\": \"Schedule3\",\r\n  \"properties\": {\r\n    \"description\": \"Hello\",\r\n    \"startTime\": \"2022-10-08T13:00:00+05:30\",\r\n    \"expiryTime\": \"2023-10-08T13:00:00+05:30\",\r\n    \"interval\": 1,\r\n    \"frequency\": \"Day\"\r\n  }\r\n}",
      "ResponseHeaders": {
        "Cache-Control": [
          "no-cache"
        ],
        "Pragma": [
          "no-cache"
        ],
        "Location": [
          "https://management.azure.com/subscriptions/cd45f23b-b832-4fa4-a434-1bf7e6f14a5a/resourceGroups/to-delete-01/providers/Microsoft.Automation/automationAccounts/fbs-aa-01/schedules/Schedule3?api-version=2022-08-08"
        ],
        "x-ms-request-id": [
          "2df59590-9792-4fa2-8ce7-9fd612dc6a01"
        ],
        "Server": [
          "Microsoft-HTTPAPI/2.0"
        ],
        "x-ms-ratelimit-remaining-subscription-writes": [
          "1199"
        ],
        "x-ms-correlation-request-id": [
          "c11ceb9a-d061-41be-8f83-3f7adc4133ad"
        ],
        "x-ms-routing-request-id": [
          "JIOINDIAWEST:20221007T105730Z:c11ceb9a-d061-41be-8f83-3f7adc4133ad"
        ],
        "Strict-Transport-Security": [
          "max-age=31536000; includeSubDomains"
        ],
        "X-Content-Type-Options": [
          "nosniff"
        ],
        "Date": [
          "Fri, 07 Oct 2022 10:57:29 GMT"
        ],
        "Content-Length": [
          "677"
        ],
        "Content-Type": [
          "application/json; charset=utf-8"
        ],
        "Expires": [
          "-1"
        ]
      },
      "ResponseBody": "{\r\n  \"id\": \"/subscriptions/cd45f23b-b832-4fa4-a434-1bf7e6f14a5a/resourceGroups/to-delete-01/providers/Microsoft.Automation/automationAccounts/fbs-aa-01/schedules/Schedule3\",\r\n  \"name\": \"Schedule3\",\r\n  \"type\": \"Microsoft.Automation/AutomationAccounts/Schedules\",\r\n  \"properties\": {\r\n    \"description\": \"Hello\",\r\n    \"startTime\": \"2022-10-08T13:00:00+05:30\",\r\n    \"startTimeOffsetMinutes\": 0.0,\r\n    \"expiryTime\": \"2023-10-08T13:00:00+05:30\",\r\n    \"expiryTimeOffsetMinutes\": 0.0,\r\n    \"isEnabled\": true,\r\n    \"nextRun\": \"2022-10-08T13:00:00+05:30\",\r\n    \"nextRunOffsetMinutes\": 0.0,\r\n    \"interval\": 1,\r\n    \"frequency\": \"Day\",\r\n    \"creationTime\": \"2022-10-07T16:27:30.04+05:30\",\r\n    \"lastModifiedTime\": \"2022-10-07T16:27:30.04+05:30\",\r\n    \"timeZone\": \"Etc/UTC\",\r\n    \"advancedSchedule\": null\r\n  }\r\n}",
      "StatusCode": 201
    },
    {
      "RequestUri": "/subscriptions/cd45f23b-b832-4fa4-a434-1bf7e6f14a5a/resourceGroups/to-delete-01/providers/Microsoft.Automation/automationAccounts/fbs-aa-01/schedules/Schedule3?api-version=2022-08-08",
      "EncodedRequestUri": "L3N1YnNjcmlwdGlvbnMvY2Q0NWYyM2ItYjgzMi00ZmE0LWE0MzQtMWJmN2U2ZjE0YTVhL3Jlc291cmNlR3JvdXBzL3RvLWRlbGV0ZS0wMS9wcm92aWRlcnMvTWljcm9zb2Z0LkF1dG9tYXRpb24vYXV0b21hdGlvbkFjY291bnRzL2Zicy1hYS0wMS9zY2hlZHVsZXMvU2NoZWR1bGUzP2FwaS12ZXJzaW9uPTIwMjItMDgtMDg=",
      "RequestMethod": "PUT",
      "RequestHeaders": {
        "x-ms-client-request-id": [
          "65a54146-0353-4bb1-be60-159661e87424"
        ],
        "Accept-Language": [
          "en-US"
        ],
        "User-Agent": [
          "FxVersion/4.700.22.41602",
          "OSName/Windows",
          "OSVersion/Microsoft.Windows.10.0.22621",
          "Microsoft.Azure.Management.Automation.AutomationClient/1.8.0"
        ],
        "Content-Type": [
          "application/json; charset=utf-8"
        ],
        "Content-Length": [
          "227"
        ]
      },
      "RequestBody": "{\r\n  \"name\": \"Schedule3\",\r\n  \"properties\": {\r\n    \"description\": \"Hello Again\",\r\n    \"startTime\": \"2022-10-08T13:00:00+05:30\",\r\n    \"expiryTime\": \"2023-10-08T13:00:00+05:30\",\r\n    \"interval\": 3,\r\n    \"frequency\": \"Week\"\r\n  }\r\n}",
      "ResponseHeaders": {
        "Cache-Control": [
          "no-cache"
        ],
        "Pragma": [
          "no-cache"
        ],
        "x-ms-request-id": [
          "65a54146-0353-4bb1-be60-159661e87424"
        ],
        "Server": [
          "Microsoft-HTTPAPI/2.0"
        ],
        "x-ms-ratelimit-remaining-subscription-writes": [
          "1199"
        ],
        "x-ms-correlation-request-id": [
          "d46ba9a0-f342-4b1b-a12e-ddd0ca31cbe1"
        ],
        "x-ms-routing-request-id": [
          "JIOINDIAWEST:20221007T105734Z:d46ba9a0-f342-4b1b-a12e-ddd0ca31cbe1"
        ],
        "Strict-Transport-Security": [
          "max-age=31536000; includeSubDomains"
        ],
        "X-Content-Type-Options": [
          "nosniff"
        ],
        "Date": [
          "Fri, 07 Oct 2022 10:57:33 GMT"
        ],
        "Content-Length": [
          "740"
        ],
        "Content-Type": [
          "application/json; charset=utf-8"
        ],
        "Expires": [
          "-1"
        ]
      },
      "ResponseBody": "{\r\n  \"id\": \"/subscriptions/cd45f23b-b832-4fa4-a434-1bf7e6f14a5a/resourceGroups/to-delete-01/providers/Microsoft.Automation/automationAccounts/fbs-aa-01/schedules/Schedule3\",\r\n  \"name\": \"Schedule3\",\r\n  \"type\": \"Microsoft.Automation/AutomationAccounts/Schedules\",\r\n  \"properties\": {\r\n    \"description\": \"Hello Again\",\r\n    \"startTime\": \"2022-10-08T13:00:00+05:30\",\r\n    \"startTimeOffsetMinutes\": 0.0,\r\n    \"expiryTime\": \"2023-10-08T13:00:00+05:30\",\r\n    \"expiryTimeOffsetMinutes\": 0.0,\r\n    \"isEnabled\": true,\r\n    \"nextRun\": \"2022-10-08T13:00:00+05:30\",\r\n    \"nextRunOffsetMinutes\": 0.0,\r\n    \"interval\": 3,\r\n    \"frequency\": \"Week\",\r\n    \"creationTime\": \"2022-10-07T16:27:30.04+05:30\",\r\n    \"lastModifiedTime\": \"2022-10-07T16:27:30.04+05:30\",\r\n    \"timeZone\": \"Etc/UTC\",\r\n    \"advancedSchedule\": {\r\n      \"monthDays\": null,\r\n      \"monthlyOccurrences\": null,\r\n      \"weekDays\": null\r\n    }\r\n  }\r\n}",
      "StatusCode": 200
    },
    {
      "RequestUri": "/subscriptions/cd45f23b-b832-4fa4-a434-1bf7e6f14a5a/resourceGroups/to-delete-01/providers/Microsoft.Automation/automationAccounts/fbs-aa-01/schedules/Schedule3?api-version=2022-08-08",
      "EncodedRequestUri": "L3N1YnNjcmlwdGlvbnMvY2Q0NWYyM2ItYjgzMi00ZmE0LWE0MzQtMWJmN2U2ZjE0YTVhL3Jlc291cmNlR3JvdXBzL3RvLWRlbGV0ZS0wMS9wcm92aWRlcnMvTWljcm9zb2Z0LkF1dG9tYXRpb24vYXV0b21hdGlvbkFjY291bnRzL2Zicy1hYS0wMS9zY2hlZHVsZXMvU2NoZWR1bGUzP2FwaS12ZXJzaW9uPTIwMjItMDgtMDg=",
      "RequestMethod": "GET",
      "RequestHeaders": {
        "x-ms-client-request-id": [
          "2df59590-9792-4fa2-8ce7-9fd612dc6a01"
        ],
        "Accept-Language": [
          "en-US"
        ],
        "User-Agent": [
          "FxVersion/4.700.22.41602",
          "OSName/Windows",
          "OSVersion/Microsoft.Windows.10.0.22621",
          "Microsoft.Azure.Management.Automation.AutomationClient/1.8.0"
        ]
      },
      "RequestBody": "",
      "ResponseHeaders": {
        "Cache-Control": [
          "no-cache"
        ],
        "Pragma": [
          "no-cache"
        ],
        "x-ms-request-id": [
          "2df59590-9792-4fa2-8ce7-9fd612dc6a01"
        ],
        "Server": [
          "Microsoft-HTTPAPI/2.0"
        ],
        "x-ms-ratelimit-remaining-subscription-reads": [
          "11999"
        ],
        "x-ms-correlation-request-id": [
          "f95fd6ef-e77a-4f6c-85ab-9aa7b3718176"
        ],
        "x-ms-routing-request-id": [
          "JIOINDIAWEST:20221007T105731Z:f95fd6ef-e77a-4f6c-85ab-9aa7b3718176"
        ],
        "Strict-Transport-Security": [
          "max-age=31536000; includeSubDomains"
        ],
        "X-Content-Type-Options": [
          "nosniff"
        ],
        "Date": [
          "Fri, 07 Oct 2022 10:57:30 GMT"
        ],
        "Content-Length": [
          "677"
        ],
        "Content-Type": [
          "application/json; charset=utf-8"
        ],
        "Expires": [
          "-1"
        ]
      },
      "ResponseBody": "{\r\n  \"id\": \"/subscriptions/cd45f23b-b832-4fa4-a434-1bf7e6f14a5a/resourceGroups/to-delete-01/providers/Microsoft.Automation/automationAccounts/fbs-aa-01/schedules/Schedule3\",\r\n  \"name\": \"Schedule3\",\r\n  \"type\": \"Microsoft.Automation/AutomationAccounts/Schedules\",\r\n  \"properties\": {\r\n    \"description\": \"Hello\",\r\n    \"startTime\": \"2022-10-08T13:00:00+05:30\",\r\n    \"startTimeOffsetMinutes\": 0.0,\r\n    \"expiryTime\": \"2023-10-08T13:00:00+05:30\",\r\n    \"expiryTimeOffsetMinutes\": 0.0,\r\n    \"isEnabled\": true,\r\n    \"nextRun\": \"2022-10-08T13:00:00+05:30\",\r\n    \"nextRunOffsetMinutes\": 0.0,\r\n    \"interval\": 1,\r\n    \"frequency\": \"Day\",\r\n    \"creationTime\": \"2022-10-07T16:27:30.04+05:30\",\r\n    \"lastModifiedTime\": \"2022-10-07T16:27:30.04+05:30\",\r\n    \"timeZone\": \"Etc/UTC\",\r\n    \"advancedSchedule\": null\r\n  }\r\n}",
      "StatusCode": 200
    },
    {
      "RequestUri": "/subscriptions/cd45f23b-b832-4fa4-a434-1bf7e6f14a5a/resourceGroups/to-delete-01/providers/Microsoft.Automation/automationAccounts/fbs-aa-01/schedules/Schedule3?api-version=2022-08-08",
      "EncodedRequestUri": "L3N1YnNjcmlwdGlvbnMvY2Q0NWYyM2ItYjgzMi00ZmE0LWE0MzQtMWJmN2U2ZjE0YTVhL3Jlc291cmNlR3JvdXBzL3RvLWRlbGV0ZS0wMS9wcm92aWRlcnMvTWljcm9zb2Z0LkF1dG9tYXRpb24vYXV0b21hdGlvbkFjY291bnRzL2Zicy1hYS0wMS9zY2hlZHVsZXMvU2NoZWR1bGUzP2FwaS12ZXJzaW9uPTIwMjItMDgtMDg=",
      "RequestMethod": "GET",
      "RequestHeaders": {
        "x-ms-client-request-id": [
          "65a54146-0353-4bb1-be60-159661e87424"
        ],
        "Accept-Language": [
          "en-US"
        ],
        "User-Agent": [
          "FxVersion/4.700.22.41602",
          "OSName/Windows",
          "OSVersion/Microsoft.Windows.10.0.22621",
          "Microsoft.Azure.Management.Automation.AutomationClient/1.8.0"
        ]
      },
      "RequestBody": "",
      "ResponseHeaders": {
        "Cache-Control": [
          "no-cache"
        ],
        "Pragma": [
          "no-cache"
        ],
        "x-ms-request-id": [
          "65a54146-0353-4bb1-be60-159661e87424"
        ],
        "Server": [
          "Microsoft-HTTPAPI/2.0"
        ],
        "x-ms-ratelimit-remaining-subscription-reads": [
          "11999"
        ],
        "x-ms-correlation-request-id": [
          "d3fd29af-1bd1-40de-83e9-723509d48bda"
        ],
        "x-ms-routing-request-id": [
          "JIOINDIAWEST:20221007T105734Z:d3fd29af-1bd1-40de-83e9-723509d48bda"
        ],
        "Strict-Transport-Security": [
          "max-age=31536000; includeSubDomains"
        ],
        "X-Content-Type-Options": [
          "nosniff"
        ],
        "Date": [
          "Fri, 07 Oct 2022 10:57:34 GMT"
        ],
        "Content-Length": [
          "740"
        ],
        "Content-Type": [
          "application/json; charset=utf-8"
        ],
        "Expires": [
          "-1"
        ]
      },
      "ResponseBody": "{\r\n  \"id\": \"/subscriptions/cd45f23b-b832-4fa4-a434-1bf7e6f14a5a/resourceGroups/to-delete-01/providers/Microsoft.Automation/automationAccounts/fbs-aa-01/schedules/Schedule3\",\r\n  \"name\": \"Schedule3\",\r\n  \"type\": \"Microsoft.Automation/AutomationAccounts/Schedules\",\r\n  \"properties\": {\r\n    \"description\": \"Hello Again\",\r\n    \"startTime\": \"2022-10-08T13:00:00+05:30\",\r\n    \"startTimeOffsetMinutes\": 0.0,\r\n    \"expiryTime\": \"2023-10-08T13:00:00+05:30\",\r\n    \"expiryTimeOffsetMinutes\": 0.0,\r\n    \"isEnabled\": true,\r\n    \"nextRun\": \"2022-10-08T13:00:00+05:30\",\r\n    \"nextRunOffsetMinutes\": 0.0,\r\n    \"interval\": 3,\r\n    \"frequency\": \"Week\",\r\n    \"creationTime\": \"2022-10-07T16:27:30.04+05:30\",\r\n    \"lastModifiedTime\": \"2022-10-07T16:27:34.07+05:30\",\r\n    \"timeZone\": \"Etc/UTC\",\r\n    \"advancedSchedule\": {\r\n      \"monthDays\": null,\r\n      \"monthlyOccurrences\": null,\r\n      \"weekDays\": null\r\n    }\r\n  }\r\n}",
      "StatusCode": 200
    },
    {
      "RequestUri": "/subscriptions/cd45f23b-b832-4fa4-a434-1bf7e6f14a5a/resourceGroups/to-delete-01/providers/Microsoft.Automation/automationAccounts/fbs-aa-01/schedules/Schedule3?api-version=2022-08-08",
      "EncodedRequestUri": "L3N1YnNjcmlwdGlvbnMvY2Q0NWYyM2ItYjgzMi00ZmE0LWE0MzQtMWJmN2U2ZjE0YTVhL3Jlc291cmNlR3JvdXBzL3RvLWRlbGV0ZS0wMS9wcm92aWRlcnMvTWljcm9zb2Z0LkF1dG9tYXRpb24vYXV0b21hdGlvbkFjY291bnRzL2Zicy1hYS0wMS9zY2hlZHVsZXMvU2NoZWR1bGUzP2FwaS12ZXJzaW9uPTIwMjItMDgtMDg=",
      "RequestMethod": "GET",
      "RequestHeaders": {
        "x-ms-client-request-id": [
          "86358b5b-b282-4c27-b359-6481257d7f88"
        ],
        "Accept-Language": [
          "en-US"
        ],
        "User-Agent": [
          "FxVersion/4.700.22.41602",
          "OSName/Windows",
          "OSVersion/Microsoft.Windows.10.0.22621",
          "Microsoft.Azure.Management.Automation.AutomationClient/1.8.0"
        ]
      },
      "RequestBody": "",
      "ResponseHeaders": {
        "Cache-Control": [
          "no-cache"
        ],
        "Pragma": [
          "no-cache"
        ],
        "x-ms-request-id": [
          "86358b5b-b282-4c27-b359-6481257d7f88"
        ],
        "Server": [
          "Microsoft-HTTPAPI/2.0"
        ],
        "x-ms-ratelimit-remaining-subscription-reads": [
          "11999"
        ],
        "x-ms-correlation-request-id": [
          "6b5ef7cb-c48e-4cba-966e-685c1b867588"
        ],
        "x-ms-routing-request-id": [
          "JIOINDIAWEST:20221007T105736Z:6b5ef7cb-c48e-4cba-966e-685c1b867588"
        ],
        "Strict-Transport-Security": [
          "max-age=31536000; includeSubDomains"
        ],
        "X-Content-Type-Options": [
          "nosniff"
        ],
        "Date": [
          "Fri, 07 Oct 2022 10:57:35 GMT"
        ],
        "Content-Length": [
          "740"
        ],
        "Content-Type": [
          "application/json; charset=utf-8"
        ],
        "Expires": [
          "-1"
        ]
      },
      "ResponseBody": "{\r\n  \"id\": \"/subscriptions/cd45f23b-b832-4fa4-a434-1bf7e6f14a5a/resourceGroups/to-delete-01/providers/Microsoft.Automation/automationAccounts/fbs-aa-01/schedules/Schedule3\",\r\n  \"name\": \"Schedule3\",\r\n  \"type\": \"Microsoft.Automation/AutomationAccounts/Schedules\",\r\n  \"properties\": {\r\n    \"description\": \"Hello Again\",\r\n    \"startTime\": \"2022-10-08T13:00:00+05:30\",\r\n    \"startTimeOffsetMinutes\": 0.0,\r\n    \"expiryTime\": \"2023-10-08T13:00:00+05:30\",\r\n    \"expiryTimeOffsetMinutes\": 0.0,\r\n    \"isEnabled\": true,\r\n    \"nextRun\": \"2022-10-08T13:00:00+05:30\",\r\n    \"nextRunOffsetMinutes\": 0.0,\r\n    \"interval\": 3,\r\n    \"frequency\": \"Week\",\r\n    \"creationTime\": \"2022-10-07T16:27:30.04+05:30\",\r\n    \"lastModifiedTime\": \"2022-10-07T16:27:34.07+05:30\",\r\n    \"timeZone\": \"Etc/UTC\",\r\n    \"advancedSchedule\": {\r\n      \"monthDays\": null,\r\n      \"monthlyOccurrences\": null,\r\n      \"weekDays\": null\r\n    }\r\n  }\r\n}",
      "StatusCode": 200
    },
    {
      "RequestUri": "/subscriptions/cd45f23b-b832-4fa4-a434-1bf7e6f14a5a/resourceGroups/to-delete-01/providers/Microsoft.Automation/automationAccounts/fbs-aa-01/schedules/Schedule3?api-version=2022-08-08",
      "EncodedRequestUri": "L3N1YnNjcmlwdGlvbnMvY2Q0NWYyM2ItYjgzMi00ZmE0LWE0MzQtMWJmN2U2ZjE0YTVhL3Jlc291cmNlR3JvdXBzL3RvLWRlbGV0ZS0wMS9wcm92aWRlcnMvTWljcm9zb2Z0LkF1dG9tYXRpb24vYXV0b21hdGlvbkFjY291bnRzL2Zicy1hYS0wMS9zY2hlZHVsZXMvU2NoZWR1bGUzP2FwaS12ZXJzaW9uPTIwMjItMDgtMDg=",
      "RequestMethod": "GET",
      "RequestHeaders": {
        "x-ms-client-request-id": [
          "1ed014a6-4de7-417f-941d-9886999d5b76"
        ],
        "Accept-Language": [
          "en-US"
        ],
        "User-Agent": [
          "FxVersion/4.700.22.41602",
          "OSName/Windows",
          "OSVersion/Microsoft.Windows.10.0.22621",
          "Microsoft.Azure.Management.Automation.AutomationClient/1.8.0"
        ]
      },
      "RequestBody": "",
      "ResponseHeaders": {
        "Cache-Control": [
          "no-cache"
        ],
        "Pragma": [
          "no-cache"
        ],
        "x-ms-request-id": [
          "1ed014a6-4de7-417f-941d-9886999d5b76"
        ],
        "Server": [
          "Microsoft-HTTPAPI/2.0"
        ],
        "x-ms-ratelimit-remaining-subscription-reads": [
          "11999"
        ],
        "x-ms-correlation-request-id": [
          "66dbb25a-2bf8-4fbd-9f1d-208f48389919"
        ],
        "x-ms-routing-request-id": [
          "JIOINDIAWEST:20221007T105738Z:66dbb25a-2bf8-4fbd-9f1d-208f48389919"
        ],
        "Strict-Transport-Security": [
          "max-age=31536000; includeSubDomains"
        ],
        "X-Content-Type-Options": [
          "nosniff"
        ],
        "Date": [
          "Fri, 07 Oct 2022 10:57:37 GMT"
        ],
        "Content-Length": [
          "740"
        ],
        "Content-Type": [
          "application/json; charset=utf-8"
        ],
        "Expires": [
          "-1"
        ]
      },
      "ResponseBody": "{\r\n  \"id\": \"/subscriptions/cd45f23b-b832-4fa4-a434-1bf7e6f14a5a/resourceGroups/to-delete-01/providers/Microsoft.Automation/automationAccounts/fbs-aa-01/schedules/Schedule3\",\r\n  \"name\": \"Schedule3\",\r\n  \"type\": \"Microsoft.Automation/AutomationAccounts/Schedules\",\r\n  \"properties\": {\r\n    \"description\": \"Hello Again\",\r\n    \"startTime\": \"2022-10-08T13:00:00+05:30\",\r\n    \"startTimeOffsetMinutes\": 0.0,\r\n    \"expiryTime\": \"2023-10-08T13:00:00+05:30\",\r\n    \"expiryTimeOffsetMinutes\": 0.0,\r\n    \"isEnabled\": true,\r\n    \"nextRun\": \"2022-10-08T13:00:00+05:30\",\r\n    \"nextRunOffsetMinutes\": 0.0,\r\n    \"interval\": 3,\r\n    \"frequency\": \"Week\",\r\n    \"creationTime\": \"2022-10-07T16:27:30.04+05:30\",\r\n    \"lastModifiedTime\": \"2022-10-07T16:27:34.07+05:30\",\r\n    \"timeZone\": \"Etc/UTC\",\r\n    \"advancedSchedule\": {\r\n      \"monthDays\": null,\r\n      \"monthlyOccurrences\": null,\r\n      \"weekDays\": null\r\n    }\r\n  }\r\n}",
      "StatusCode": 200
    },
    {
      "RequestUri": "/subscriptions/cd45f23b-b832-4fa4-a434-1bf7e6f14a5a/resourceGroups/to-delete-01/providers/Microsoft.Automation/automationAccounts/fbs-aa-01/schedules/Schedule3?api-version=2022-08-08",
      "EncodedRequestUri": "L3N1YnNjcmlwdGlvbnMvY2Q0NWYyM2ItYjgzMi00ZmE0LWE0MzQtMWJmN2U2ZjE0YTVhL3Jlc291cmNlR3JvdXBzL3RvLWRlbGV0ZS0wMS9wcm92aWRlcnMvTWljcm9zb2Z0LkF1dG9tYXRpb24vYXV0b21hdGlvbkFjY291bnRzL2Zicy1hYS0wMS9zY2hlZHVsZXMvU2NoZWR1bGUzP2FwaS12ZXJzaW9uPTIwMjItMDgtMDg=",
      "RequestMethod": "GET",
      "RequestHeaders": {
        "x-ms-client-request-id": [
          "1ed014a6-4de7-417f-941d-9886999d5b76"
        ],
        "Accept-Language": [
          "en-US"
        ],
        "User-Agent": [
          "FxVersion/4.700.22.41602",
          "OSName/Windows",
          "OSVersion/Microsoft.Windows.10.0.22621",
          "Microsoft.Azure.Management.Automation.AutomationClient/1.8.0"
        ]
      },
      "RequestBody": "",
      "ResponseHeaders": {
        "Cache-Control": [
          "no-cache"
        ],
        "Pragma": [
          "no-cache"
        ],
        "x-ms-request-id": [
          "1ed014a6-4de7-417f-941d-9886999d5b76"
        ],
        "Server": [
          "Microsoft-HTTPAPI/2.0"
        ],
        "x-ms-ratelimit-remaining-subscription-reads": [
          "11998"
        ],
        "x-ms-correlation-request-id": [
          "e91f66d5-778d-4b5b-84ce-bd0e5ded0bff"
        ],
        "x-ms-routing-request-id": [
          "JIOINDIAWEST:20221007T105740Z:e91f66d5-778d-4b5b-84ce-bd0e5ded0bff"
        ],
        "Strict-Transport-Security": [
          "max-age=31536000; includeSubDomains"
        ],
        "X-Content-Type-Options": [
          "nosniff"
        ],
        "Date": [
          "Fri, 07 Oct 2022 10:57:40 GMT"
        ],
        "Content-Length": [
          "742"
        ],
        "Content-Type": [
          "application/json; charset=utf-8"
        ],
        "Expires": [
          "-1"
        ]
      },
      "ResponseBody": "{\r\n  \"id\": \"/subscriptions/cd45f23b-b832-4fa4-a434-1bf7e6f14a5a/resourceGroups/to-delete-01/providers/Microsoft.Automation/automationAccounts/fbs-aa-01/schedules/Schedule3\",\r\n  \"name\": \"Schedule3\",\r\n  \"type\": \"Microsoft.Automation/AutomationAccounts/Schedules\",\r\n  \"properties\": {\r\n    \"description\": \"Goodbye\",\r\n    \"startTime\": \"2022-10-08T13:00:00+05:30\",\r\n    \"startTimeOffsetMinutes\": 0.0,\r\n    \"expiryTime\": \"2023-10-08T13:00:00+05:30\",\r\n    \"expiryTimeOffsetMinutes\": 0.0,\r\n    \"isEnabled\": false,\r\n    \"nextRun\": \"2022-10-08T13:00:00+05:30\",\r\n    \"nextRunOffsetMinutes\": 0.0,\r\n    \"interval\": 3,\r\n    \"frequency\": \"Week\",\r\n    \"creationTime\": \"2022-10-07T16:27:30.04+05:30\",\r\n    \"lastModifiedTime\": \"2022-10-07T16:27:40.2666667+05:30\",\r\n    \"timeZone\": \"Etc/UTC\",\r\n    \"advancedSchedule\": {\r\n      \"monthDays\": null,\r\n      \"monthlyOccurrences\": null,\r\n      \"weekDays\": null\r\n    }\r\n  }\r\n}",
      "StatusCode": 200
    },
    {
      "RequestUri": "/subscriptions/cd45f23b-b832-4fa4-a434-1bf7e6f14a5a/resourceGroups/to-delete-01/providers/Microsoft.Automation/automationAccounts/fbs-aa-01/schedules/Schedule3?api-version=2022-08-08",
      "EncodedRequestUri": "L3N1YnNjcmlwdGlvbnMvY2Q0NWYyM2ItYjgzMi00ZmE0LWE0MzQtMWJmN2U2ZjE0YTVhL3Jlc291cmNlR3JvdXBzL3RvLWRlbGV0ZS0wMS9wcm92aWRlcnMvTWljcm9zb2Z0LkF1dG9tYXRpb24vYXV0b21hdGlvbkFjY291bnRzL2Zicy1hYS0wMS9zY2hlZHVsZXMvU2NoZWR1bGUzP2FwaS12ZXJzaW9uPTIwMjItMDgtMDg=",
      "RequestMethod": "GET",
      "RequestHeaders": {
        "x-ms-client-request-id": [
          "153470f0-bd51-4f14-af3e-0dcaae72198e"
        ],
        "Accept-Language": [
          "en-US"
        ],
        "User-Agent": [
          "FxVersion/4.700.22.41602",
          "OSName/Windows",
          "OSVersion/Microsoft.Windows.10.0.22621",
          "Microsoft.Azure.Management.Automation.AutomationClient/1.8.0"
        ]
      },
      "RequestBody": "",
      "ResponseHeaders": {
        "Cache-Control": [
          "no-cache"
        ],
        "Pragma": [
          "no-cache"
        ],
        "x-ms-request-id": [
          "153470f0-bd51-4f14-af3e-0dcaae72198e"
        ],
        "Server": [
          "Microsoft-HTTPAPI/2.0"
        ],
        "x-ms-ratelimit-remaining-subscription-reads": [
          "11999"
        ],
        "x-ms-correlation-request-id": [
          "41dfcc5e-8fc7-4a8c-b761-808587d0ff8b"
        ],
        "x-ms-routing-request-id": [
          "JIOINDIAWEST:20221007T105742Z:41dfcc5e-8fc7-4a8c-b761-808587d0ff8b"
        ],
        "Strict-Transport-Security": [
          "max-age=31536000; includeSubDomains"
        ],
        "X-Content-Type-Options": [
          "nosniff"
        ],
        "Date": [
          "Fri, 07 Oct 2022 10:57:42 GMT"
        ],
        "Content-Length": [
          "742"
        ],
        "Content-Type": [
          "application/json; charset=utf-8"
        ],
        "Expires": [
          "-1"
        ]
      },
      "ResponseBody": "{\r\n  \"id\": \"/subscriptions/cd45f23b-b832-4fa4-a434-1bf7e6f14a5a/resourceGroups/to-delete-01/providers/Microsoft.Automation/automationAccounts/fbs-aa-01/schedules/Schedule3\",\r\n  \"name\": \"Schedule3\",\r\n  \"type\": \"Microsoft.Automation/AutomationAccounts/Schedules\",\r\n  \"properties\": {\r\n    \"description\": \"Goodbye\",\r\n    \"startTime\": \"2022-10-08T13:00:00+05:30\",\r\n    \"startTimeOffsetMinutes\": 0.0,\r\n    \"expiryTime\": \"2023-10-08T13:00:00+05:30\",\r\n    \"expiryTimeOffsetMinutes\": 0.0,\r\n    \"isEnabled\": false,\r\n    \"nextRun\": \"2022-10-08T13:00:00+05:30\",\r\n    \"nextRunOffsetMinutes\": 0.0,\r\n    \"interval\": 3,\r\n    \"frequency\": \"Week\",\r\n    \"creationTime\": \"2022-10-07T16:27:30.04+05:30\",\r\n    \"lastModifiedTime\": \"2022-10-07T16:27:40.2666667+05:30\",\r\n    \"timeZone\": \"Etc/UTC\",\r\n    \"advancedSchedule\": {\r\n      \"monthDays\": null,\r\n      \"monthlyOccurrences\": null,\r\n      \"weekDays\": null\r\n    }\r\n  }\r\n}",
      "StatusCode": 200
    },
    {
      "RequestUri": "/subscriptions/cd45f23b-b832-4fa4-a434-1bf7e6f14a5a/resourceGroups/to-delete-01/providers/Microsoft.Automation/automationAccounts/fbs-aa-01/schedules/Schedule3?api-version=2022-08-08",
      "EncodedRequestUri": "L3N1YnNjcmlwdGlvbnMvY2Q0NWYyM2ItYjgzMi00ZmE0LWE0MzQtMWJmN2U2ZjE0YTVhL3Jlc291cmNlR3JvdXBzL3RvLWRlbGV0ZS0wMS9wcm92aWRlcnMvTWljcm9zb2Z0LkF1dG9tYXRpb24vYXV0b21hdGlvbkFjY291bnRzL2Zicy1hYS0wMS9zY2hlZHVsZXMvU2NoZWR1bGUzP2FwaS12ZXJzaW9uPTIwMjItMDgtMDg=",
      "RequestMethod": "GET",
      "RequestHeaders": {
        "x-ms-client-request-id": [
          "948dd9ac-9f89-4d37-a9dc-cacbac8a5621"
        ],
        "Accept-Language": [
          "en-US"
        ],
        "User-Agent": [
          "FxVersion/4.700.22.41602",
          "OSName/Windows",
          "OSVersion/Microsoft.Windows.10.0.22621",
          "Microsoft.Azure.Management.Automation.AutomationClient/1.8.0"
        ]
      },
      "RequestBody": "",
      "ResponseHeaders": {
        "Cache-Control": [
          "no-cache"
        ],
        "Pragma": [
          "no-cache"
        ],
        "x-ms-request-id": [
          "948dd9ac-9f89-4d37-a9dc-cacbac8a5621"
        ],
        "Server": [
          "Microsoft-HTTPAPI/2.0"
        ],
        "x-ms-ratelimit-remaining-subscription-reads": [
          "11999"
        ],
        "x-ms-correlation-request-id": [
          "be306102-ce03-436b-a30a-7165f336a580"
        ],
        "x-ms-routing-request-id": [
          "JIOINDIAWEST:20221007T105749Z:be306102-ce03-436b-a30a-7165f336a580"
        ],
        "Strict-Transport-Security": [
          "max-age=31536000; includeSubDomains"
        ],
        "X-Content-Type-Options": [
          "nosniff"
        ],
        "Date": [
          "Fri, 07 Oct 2022 10:57:48 GMT"
        ],
        "Content-Length": [
          "32"
        ],
        "Content-Type": [
          "application/json; charset=utf-8"
        ],
        "Expires": [
          "-1"
        ]
      },
      "ResponseBody": "{\r\n  \"code\": \"NotFound\",\r\n  \"message\": \"\"\r\n}",
      "StatusCode": 404
    },
    {
      "RequestUri": "/subscriptions/cd45f23b-b832-4fa4-a434-1bf7e6f14a5a/resourceGroups/to-delete-01/providers/Microsoft.Automation/automationAccounts/fbs-aa-01/schedules/Schedule3?api-version=2022-08-08",
      "EncodedRequestUri": "L3N1YnNjcmlwdGlvbnMvY2Q0NWYyM2ItYjgzMi00ZmE0LWE0MzQtMWJmN2U2ZjE0YTVhL3Jlc291cmNlR3JvdXBzL3RvLWRlbGV0ZS0wMS9wcm92aWRlcnMvTWljcm9zb2Z0LkF1dG9tYXRpb24vYXV0b21hdGlvbkFjY291bnRzL2Zicy1hYS0wMS9zY2hlZHVsZXMvU2NoZWR1bGUzP2FwaS12ZXJzaW9uPTIwMjItMDgtMDg=",
      "RequestMethod": "PATCH",
      "RequestHeaders": {
        "x-ms-client-request-id": [
          "1ed014a6-4de7-417f-941d-9886999d5b76"
        ],
        "Accept-Language": [
          "en-US"
        ],
        "User-Agent": [
          "FxVersion/4.700.22.41602",
          "OSName/Windows",
          "OSVersion/Microsoft.Windows.10.0.22621",
          "Microsoft.Azure.Management.Automation.AutomationClient/1.8.0"
        ],
        "Content-Type": [
          "application/json; charset=utf-8"
        ],
        "Content-Length": [
          "107"
        ]
      },
      "RequestBody": "{\r\n  \"name\": \"Schedule3\",\r\n  \"properties\": {\r\n    \"description\": \"Goodbye\",\r\n    \"isEnabled\": false\r\n  }\r\n}",
      "ResponseHeaders": {
        "Cache-Control": [
          "no-cache"
        ],
        "Pragma": [
          "no-cache"
        ],
        "x-ms-request-id": [
          "1ed014a6-4de7-417f-941d-9886999d5b76"
        ],
        "Server": [
          "Microsoft-HTTPAPI/2.0"
        ],
        "x-ms-ratelimit-remaining-subscription-writes": [
          "1199"
        ],
        "x-ms-correlation-request-id": [
          "4a5521d3-0ff7-492f-91c1-5b4c25237880"
        ],
        "x-ms-routing-request-id": [
          "JIOINDIAWEST:20221007T105740Z:4a5521d3-0ff7-492f-91c1-5b4c25237880"
        ],
        "Strict-Transport-Security": [
          "max-age=31536000; includeSubDomains"
        ],
        "X-Content-Type-Options": [
          "nosniff"
        ],
        "Date": [
          "Fri, 07 Oct 2022 10:57:39 GMT"
        ],
        "Content-Length": [
          "737"
        ],
        "Content-Type": [
          "application/json; charset=utf-8"
        ],
        "Expires": [
          "-1"
        ]
      },
      "ResponseBody": "{\r\n  \"id\": \"/subscriptions/cd45f23b-b832-4fa4-a434-1bf7e6f14a5a/resourceGroups/to-delete-01/providers/Microsoft.Automation/automationAccounts/fbs-aa-01/schedules/Schedule3\",\r\n  \"name\": \"Schedule3\",\r\n  \"type\": \"Microsoft.Automation/AutomationAccounts/Schedules\",\r\n  \"properties\": {\r\n    \"description\": \"Goodbye\",\r\n    \"startTime\": \"2022-10-08T13:00:00+05:30\",\r\n    \"startTimeOffsetMinutes\": 0.0,\r\n    \"expiryTime\": \"2023-10-08T13:00:00+05:30\",\r\n    \"expiryTimeOffsetMinutes\": 0.0,\r\n    \"isEnabled\": false,\r\n    \"nextRun\": \"2022-10-08T13:00:00+05:30\",\r\n    \"nextRunOffsetMinutes\": 0.0,\r\n    \"interval\": 3,\r\n    \"frequency\": \"Week\",\r\n    \"creationTime\": \"2022-10-07T16:27:30.04+05:30\",\r\n    \"lastModifiedTime\": \"2022-10-07T16:27:34.07+05:30\",\r\n    \"timeZone\": \"Etc/UTC\",\r\n    \"advancedSchedule\": {\r\n      \"monthDays\": null,\r\n      \"monthlyOccurrences\": null,\r\n      \"weekDays\": null\r\n    }\r\n  }\r\n}",
      "StatusCode": 200
    },
    {
      "RequestUri": "/subscriptions/cd45f23b-b832-4fa4-a434-1bf7e6f14a5a/resourceGroups/to-delete-01/providers/Microsoft.Automation/automationAccounts/fbs-aa-01/schedules/Schedule3?api-version=2022-08-08",
      "EncodedRequestUri": "L3N1YnNjcmlwdGlvbnMvY2Q0NWYyM2ItYjgzMi00ZmE0LWE0MzQtMWJmN2U2ZjE0YTVhL3Jlc291cmNlR3JvdXBzL3RvLWRlbGV0ZS0wMS9wcm92aWRlcnMvTWljcm9zb2Z0LkF1dG9tYXRpb24vYXV0b21hdGlvbkFjY291bnRzL2Zicy1hYS0wMS9zY2hlZHVsZXMvU2NoZWR1bGUzP2FwaS12ZXJzaW9uPTIwMjItMDgtMDg=",
      "RequestMethod": "DELETE",
      "RequestHeaders": {
        "x-ms-client-request-id": [
          "283d2ade-ac98-4291-ba4b-0adbe70b3537"
        ],
        "Accept-Language": [
          "en-US"
        ],
        "User-Agent": [
          "FxVersion/4.700.22.41602",
          "OSName/Windows",
          "OSVersion/Microsoft.Windows.10.0.22621",
          "Microsoft.Azure.Management.Automation.AutomationClient/1.8.0"
        ]
      },
      "RequestBody": "",
      "ResponseHeaders": {
        "Cache-Control": [
          "no-cache"
        ],
        "Pragma": [
          "no-cache"
        ],
        "x-ms-request-id": [
          "283d2ade-ac98-4291-ba4b-0adbe70b3537"
        ],
        "Server": [
          "Microsoft-HTTPAPI/2.0"
        ],
        "x-ms-ratelimit-remaining-subscription-deletes": [
          "14999"
        ],
        "x-ms-correlation-request-id": [
          "d125143e-4cb2-4bb1-90f1-0b1fa5c0f604"
        ],
        "x-ms-routing-request-id": [
          "JIOINDIAWEST:20221007T105746Z:d125143e-4cb2-4bb1-90f1-0b1fa5c0f604"
        ],
        "Strict-Transport-Security": [
          "max-age=31536000; includeSubDomains"
        ],
        "X-Content-Type-Options": [
          "nosniff"
        ],
        "Date": [
          "Fri, 07 Oct 2022 10:57:46 GMT"
        ],
        "Expires": [
          "-1"
        ],
        "Content-Length": [
          "0"
        ]
      },
      "ResponseBody": "",
      "StatusCode": 200
    }
  ],
  "Names": {},
  "Variables": {
    "SubscriptionId": "cd45f23b-b832-4fa4-a434-1bf7e6f14a5a"
  }
}