{
  "Entries": [
    {
      "RequestUri": "/subscriptions/947d47b4-7883-4bb9-9d85-c5e8e2f572ce/resourcegroups/ps4913?api-version=2016-09-01",
      "EncodedRequestUri": "L3N1YnNjcmlwdGlvbnMvOTQ3ZDQ3YjQtNzg4My00YmI5LTlkODUtYzVlOGUyZjU3MmNlL3Jlc291cmNlZ3JvdXBzL3BzNDkxMz9hcGktdmVyc2lvbj0yMDE2LTA5LTAx",
      "RequestMethod": "PUT",
      "RequestBody": "{\r\n  \"location\": \"West US\"\r\n}",
      "RequestHeaders": {
        "x-ms-client-request-id": [
          "bf43206a-db5b-4c61-b7b2-1025b3297244"
        ],
        "Accept-Language": [
          "en-US"
        ],
        "User-Agent": [
          "FxVersion/4.6.28516.03",
          "OSName/Windows",
          "OSVersion/Microsoft.Windows.10.0.18363.",
          "Microsoft.Azure.Management.Internal.Resources.ResourceManagementClient/1.3.11"
        ],
        "Content-Type": [
          "application/json; charset=utf-8"
        ],
        "Content-Length": [
          "29"
        ]
      },
      "ResponseHeaders": {
        "Cache-Control": [
          "no-cache"
        ],
        "Pragma": [
          "no-cache"
        ],
        "x-ms-ratelimit-remaining-subscription-writes": [
          "1199"
        ],
        "x-ms-request-id": [
          "2e05da1e-6c31-425a-97d5-ef604f716751"
        ],
        "x-ms-correlation-request-id": [
          "2e05da1e-6c31-425a-97d5-ef604f716751"
        ],
        "x-ms-routing-request-id": [
          "WESTEUROPE:20200409T123252Z:2e05da1e-6c31-425a-97d5-ef604f716751"
        ],
        "Strict-Transport-Security": [
          "max-age=31536000; includeSubDomains"
        ],
        "X-Content-Type-Options": [
          "nosniff"
        ],
        "Date": [
          "Thu, 09 Apr 2020 12:32:51 GMT"
        ],
        "Content-Length": [
          "165"
        ],
        "Content-Type": [
          "application/json; charset=utf-8"
        ],
        "Expires": [
          "-1"
        ]
      },
      "ResponseBody": "{\r\n  \"id\": \"/subscriptions/947d47b4-7883-4bb9-9d85-c5e8e2f572ce/resourceGroups/ps4913\",\r\n  \"name\": \"ps4913\",\r\n  \"location\": \"westus\",\r\n  \"properties\": {\r\n    \"provisioningState\": \"Succeeded\"\r\n  }\r\n}",
      "StatusCode": 201
    },
    {
      "RequestUri": "/subscriptions/947d47b4-7883-4bb9-9d85-c5e8e2f572ce/resourceGroups/ps4913/providers/Microsoft.Network/privateDnsZones/ps7339.pstest.test?api-version=2018-09-01",
      "EncodedRequestUri": "L3N1YnNjcmlwdGlvbnMvOTQ3ZDQ3YjQtNzg4My00YmI5LTlkODUtYzVlOGUyZjU3MmNlL3Jlc291cmNlR3JvdXBzL3BzNDkxMy9wcm92aWRlcnMvTWljcm9zb2Z0Lk5ldHdvcmsvcHJpdmF0ZURuc1pvbmVzL3BzNzMzOS5wc3Rlc3QudGVzdD9hcGktdmVyc2lvbj0yMDE4LTA5LTAx",
      "RequestMethod": "PUT",
      "RequestBody": "{\r\n  \"tags\": {\r\n    \"tag1\": \"value1\"\r\n  },\r\n  \"location\": \"global\"\r\n}",
      "RequestHeaders": {
        "x-ms-client-request-id": [
          "cc411382-f086-4c25-b66f-7f1722bb41f1"
        ],
        "If-None-Match": [
          "*"
        ],
        "Accept-Language": [
          "en-US"
        ],
        "User-Agent": [
          "FxVersion/4.6.28516.03",
          "OSName/Windows",
          "OSVersion/Microsoft.Windows.10.0.18363.",
          "Microsoft.Azure.Management.PrivateDns.PrivateDnsManagementClient/1.0.0.0"
        ],
        "Content-Type": [
          "application/json; charset=utf-8"
        ],
        "Content-Length": [
          "69"
        ]
      },
      "ResponseHeaders": {
        "Cache-Control": [
          "private"
        ],
        "Location": [
          "https://management.azure.com/subscriptions/947d47b4-7883-4bb9-9d85-c5e8e2f572ce/resourceGroups/ps4913/providers/Microsoft.Network/privateDnsOperationResults/RnJvbnRFbmRBc3luY09wZXJhdGlvbjtVcHNlcnRQcml2YXRlRG5zWm9uZTs3NDg1ZGQ5Yi01OTZjLTQ5OWQtOTM5ZC1lN2JkYTg0YWM0ZWI=?api-version=2018-09-01"
        ],
        "Retry-After": [
          "30"
        ],
        "X-Content-Type-Options": [
          "nosniff"
        ],
        "Strict-Transport-Security": [
          "max-age=31536000; includeSubDomains"
        ],
        "Azure-AsyncOperation": [
          "https://management.azure.com:443/subscriptions/947d47b4-7883-4bb9-9d85-c5e8e2f572ce/resourceGroups/ps4913/providers/Microsoft.Network/privateDnsOperationStatuses/RnJvbnRFbmRBc3luY09wZXJhdGlvbjtVcHNlcnRQcml2YXRlRG5zWm9uZTs3NDg1ZGQ5Yi01OTZjLTQ5OWQtOTM5ZC1lN2JkYTg0YWM0ZWI=?api-version=2018-09-01"
        ],
        "x-ms-request-id": [
          "cc411382-f086-4c25-b66f-7f1722bb41f1"
        ],
        "x-ms-ratelimit-remaining-subscription-resource-requests": [
          "11999"
        ],
        "Server": [
          "Microsoft-IIS/10.0"
        ],
        "X-AspNet-Version": [
          "4.0.30319"
        ],
        "X-Powered-By": [
          "ASP.NET"
        ],
        "x-ms-correlation-request-id": [
          "d8d3cc6c-9f8b-4860-800d-d3d08230d875"
        ],
        "x-ms-routing-request-id": [
          "WESTEUROPE:20200409T123257Z:d8d3cc6c-9f8b-4860-800d-d3d08230d875"
        ],
        "Date": [
          "Thu, 09 Apr 2020 12:32:56 GMT"
        ],
        "Content-Length": [
          "2"
        ],
        "Content-Type": [
          "application/json; charset=utf-8"
        ]
      },
      "ResponseBody": "{}",
      "StatusCode": 202
    },
    {
      "RequestUri": "/subscriptions/947d47b4-7883-4bb9-9d85-c5e8e2f572ce/resourceGroups/ps4913/providers/Microsoft.Network/privateDnsZones/ps7339.pstest.test?api-version=2018-09-01",
      "EncodedRequestUri": "L3N1YnNjcmlwdGlvbnMvOTQ3ZDQ3YjQtNzg4My00YmI5LTlkODUtYzVlOGUyZjU3MmNlL3Jlc291cmNlR3JvdXBzL3BzNDkxMy9wcm92aWRlcnMvTWljcm9zb2Z0Lk5ldHdvcmsvcHJpdmF0ZURuc1pvbmVzL3BzNzMzOS5wc3Rlc3QudGVzdD9hcGktdmVyc2lvbj0yMDE4LTA5LTAx",
      "RequestMethod": "PUT",
      "RequestBody": "{\r\n  \"location\": \"global\"\r\n}",
      "RequestHeaders": {
        "x-ms-client-request-id": [
          "5e4e86df-f75d-4c6f-86eb-89c4d83c2948"
        ],
        "If-Match": [
          "530f8f45-c906-45d9-9827-7e0bcb49e74b"
        ],
        "Accept-Language": [
          "en-US"
        ],
        "User-Agent": [
          "FxVersion/4.6.28516.03",
          "OSName/Windows",
          "OSVersion/Microsoft.Windows.10.0.18363.",
          "Microsoft.Azure.Management.PrivateDns.PrivateDnsManagementClient/1.0.0.0"
        ],
        "Content-Type": [
          "application/json; charset=utf-8"
        ],
        "Content-Length": [
          "28"
        ]
      },
      "ResponseHeaders": {
        "Cache-Control": [
          "private"
        ],
        "Location": [
          "https://management.azure.com/subscriptions/947d47b4-7883-4bb9-9d85-c5e8e2f572ce/resourceGroups/ps4913/providers/Microsoft.Network/privateDnsOperationResults/RnJvbnRFbmRBc3luY09wZXJhdGlvbjtVcHNlcnRQcml2YXRlRG5zWm9uZTswYzk4MTJmZi1jMGZhLTRmODktODU3Zi0wMDM1Mjc4N2UyNDE=?api-version=2018-09-01"
        ],
        "Retry-After": [
          "30"
        ],
        "X-Content-Type-Options": [
          "nosniff"
        ],
        "Strict-Transport-Security": [
          "max-age=31536000; includeSubDomains"
        ],
        "Azure-AsyncOperation": [
          "https://management.azure.com:443/subscriptions/947d47b4-7883-4bb9-9d85-c5e8e2f572ce/resourceGroups/ps4913/providers/Microsoft.Network/privateDnsOperationStatuses/RnJvbnRFbmRBc3luY09wZXJhdGlvbjtVcHNlcnRQcml2YXRlRG5zWm9uZTswYzk4MTJmZi1jMGZhLTRmODktODU3Zi0wMDM1Mjc4N2UyNDE=?api-version=2018-09-01"
        ],
        "x-ms-request-id": [
          "5e4e86df-f75d-4c6f-86eb-89c4d83c2948"
        ],
        "Server": [
          "Microsoft-IIS/10.0"
        ],
        "X-AspNet-Version": [
          "4.0.30319"
        ],
        "X-Powered-By": [
          "ASP.NET"
        ],
        "x-ms-ratelimit-remaining-subscription-resource-requests": [
          "11998"
        ],
        "x-ms-correlation-request-id": [
          "1297aaf5-8807-4ce7-a5f0-3679ea0fc3c7"
        ],
        "x-ms-routing-request-id": [
          "WESTEUROPE:20200409T123329Z:1297aaf5-8807-4ce7-a5f0-3679ea0fc3c7"
        ],
        "Date": [
          "Thu, 09 Apr 2020 12:33:28 GMT"
        ],
        "Content-Length": [
          "2"
        ],
        "Content-Type": [
          "application/json; charset=utf-8"
        ]
      },
      "ResponseBody": "{}",
      "StatusCode": 202
    },
    {
      "RequestUri": "/subscriptions/947d47b4-7883-4bb9-9d85-c5e8e2f572ce/resourceGroups/ps4913/providers/Microsoft.Network/privateDnsOperationStatuses/RnJvbnRFbmRBc3luY09wZXJhdGlvbjtVcHNlcnRQcml2YXRlRG5zWm9uZTs3NDg1ZGQ5Yi01OTZjLTQ5OWQtOTM5ZC1lN2JkYTg0YWM0ZWI=?api-version=2018-09-01",
      "EncodedRequestUri": "L3N1YnNjcmlwdGlvbnMvOTQ3ZDQ3YjQtNzg4My00YmI5LTlkODUtYzVlOGUyZjU3MmNlL3Jlc291cmNlR3JvdXBzL3BzNDkxMy9wcm92aWRlcnMvTWljcm9zb2Z0Lk5ldHdvcmsvcHJpdmF0ZURuc09wZXJhdGlvblN0YXR1c2VzL1JuSnZiblJGYm1SQmMzbHVZMDl3WlhKaGRHbHZianRWY0hObGNuUlFjbWwyWVhSbFJHNXpXbTl1WlRzM05EZzFaR1E1WWkwMU9UWmpMVFE1T1dRdE9UTTVaQzFsTjJKa1lUZzBZV00wWldJPT9hcGktdmVyc2lvbj0yMDE4LTA5LTAx",
      "RequestMethod": "GET",
      "RequestBody": "",
      "RequestHeaders": {
        "User-Agent": [
          "FxVersion/4.6.28516.03",
          "OSName/Windows",
          "OSVersion/Microsoft.Windows.10.0.18363.",
          "Microsoft.Azure.Management.PrivateDns.PrivateDnsManagementClient/1.0.0.0"
        ]
      },
      "ResponseHeaders": {
        "Cache-Control": [
          "private"
        ],
        "X-Content-Type-Options": [
          "nosniff"
        ],
        "Strict-Transport-Security": [
          "max-age=31536000; includeSubDomains"
        ],
        "x-ms-request-id": [
          "64491ae7-40cf-4885-ad53-7a41c2df8c1e"
        ],
        "Server": [
          "Microsoft-IIS/10.0"
        ],
        "X-AspNet-Version": [
          "4.0.30319"
        ],
        "X-Powered-By": [
          "ASP.NET"
        ],
        "x-ms-ratelimit-remaining-subscription-resource-requests": [
          "499"
        ],
        "x-ms-correlation-request-id": [
          "3e9657f2-a4e2-4189-b464-92373b858ef1"
        ],
        "x-ms-routing-request-id": [
          "WESTEUROPE:20200409T123327Z:3e9657f2-a4e2-4189-b464-92373b858ef1"
        ],
        "Date": [
          "Thu, 09 Apr 2020 12:33:26 GMT"
        ],
        "Content-Length": [
          "22"
        ],
        "Content-Type": [
          "application/json; charset=utf-8"
        ]
      },
      "ResponseBody": "{\r\n  \"status\": \"Succeeded\"\r\n}",
      "StatusCode": 200
    },
    {
      "RequestUri": "/subscriptions/947d47b4-7883-4bb9-9d85-c5e8e2f572ce/resourceGroups/ps4913/providers/Microsoft.Network/privateDnsZones/ps7339.pstest.test?api-version=2018-09-01",
      "EncodedRequestUri": "L3N1YnNjcmlwdGlvbnMvOTQ3ZDQ3YjQtNzg4My00YmI5LTlkODUtYzVlOGUyZjU3MmNlL3Jlc291cmNlR3JvdXBzL3BzNDkxMy9wcm92aWRlcnMvTWljcm9zb2Z0Lk5ldHdvcmsvcHJpdmF0ZURuc1pvbmVzL3BzNzMzOS5wc3Rlc3QudGVzdD9hcGktdmVyc2lvbj0yMDE4LTA5LTAx",
      "RequestMethod": "GET",
      "RequestBody": "",
      "RequestHeaders": {
        "User-Agent": [
          "FxVersion/4.6.28516.03",
          "OSName/Windows",
          "OSVersion/Microsoft.Windows.10.0.18363.",
          "Microsoft.Azure.Management.PrivateDns.PrivateDnsManagementClient/1.0.0.0"
        ]
      },
      "ResponseHeaders": {
        "Cache-Control": [
          "private"
        ],
        "ETag": [
          "530f8f45-c906-45d9-9827-7e0bcb49e74b"
        ],
        "X-Content-Type-Options": [
          "nosniff"
        ],
        "Strict-Transport-Security": [
          "max-age=31536000; includeSubDomains"
        ],
        "x-ms-request-id": [
          "d27a9ba8-1c1e-4313-8973-5ce7bf325cc6"
        ],
        "Server": [
          "Microsoft-IIS/10.0"
        ],
        "X-AspNet-Version": [
          "4.0.30319"
        ],
        "X-Powered-By": [
          "ASP.NET"
        ],
        "x-ms-ratelimit-remaining-subscription-resource-requests": [
          "499"
        ],
        "x-ms-correlation-request-id": [
          "225cafa3-7b23-4242-9a2c-134f77107443"
        ],
        "x-ms-routing-request-id": [
          "WESTEUROPE:20200409T123327Z:225cafa3-7b23-4242-9a2c-134f77107443"
        ],
        "Date": [
          "Thu, 09 Apr 2020 12:33:26 GMT"
        ],
        "Content-Length": [
          "587"
        ],
        "Content-Type": [
          "application/json; charset=utf-8"
        ]
      },
      "ResponseBody": "{\r\n  \"id\": \"/subscriptions/947d47b4-7883-4bb9-9d85-c5e8e2f572ce/resourceGroups/ps4913/providers/Microsoft.Network/privateDnsZones/ps7339.pstest.test\",\r\n  \"name\": \"ps7339.pstest.test\",\r\n  \"type\": \"Microsoft.Network/privateDnsZones\",\r\n  \"etag\": \"530f8f45-c906-45d9-9827-7e0bcb49e74b\",\r\n  \"location\": \"global\",\r\n  \"tags\": {\r\n    \"tag1\": \"value1\"\r\n  },\r\n  \"properties\": {\r\n    \"maxNumberOfRecordSets\": 25000,\r\n    \"maxNumberOfVirtualNetworkLinks\": 1000,\r\n    \"maxNumberOfVirtualNetworkLinksWithRegistration\": 100,\r\n    \"numberOfRecordSets\": 1,\r\n    \"numberOfVirtualNetworkLinks\": 0,\r\n    \"numberOfVirtualNetworkLinksWithRegistration\": 0,\r\n    \"provisioningState\": \"Succeeded\"\r\n  }\r\n}",
      "StatusCode": 200
    },
    {
      "RequestUri": "/subscriptions/947d47b4-7883-4bb9-9d85-c5e8e2f572ce/resourceGroups/ps4913/providers/Microsoft.Network/privateDnsZones/ps7339.pstest.test?api-version=2018-09-01",
      "EncodedRequestUri": "L3N1YnNjcmlwdGlvbnMvOTQ3ZDQ3YjQtNzg4My00YmI5LTlkODUtYzVlOGUyZjU3MmNlL3Jlc291cmNlR3JvdXBzL3BzNDkxMy9wcm92aWRlcnMvTWljcm9zb2Z0Lk5ldHdvcmsvcHJpdmF0ZURuc1pvbmVzL3BzNzMzOS5wc3Rlc3QudGVzdD9hcGktdmVyc2lvbj0yMDE4LTA5LTAx",
      "RequestMethod": "GET",
      "RequestBody": "",
      "RequestHeaders": {
        "x-ms-client-request-id": [
          "ff8c65b7-eba0-4fc4-bdc0-be5b40811c8a"
        ],
        "Accept-Language": [
          "en-US"
        ],
        "User-Agent": [
          "FxVersion/4.6.28516.03",
          "OSName/Windows",
          "OSVersion/Microsoft.Windows.10.0.18363.",
          "Microsoft.Azure.Management.PrivateDns.PrivateDnsManagementClient/1.0.0.0"
        ]
      },
      "ResponseHeaders": {
        "Cache-Control": [
          "private"
        ],
        "ETag": [
          "530f8f45-c906-45d9-9827-7e0bcb49e74b"
        ],
        "X-Content-Type-Options": [
          "nosniff"
        ],
        "Strict-Transport-Security": [
          "max-age=31536000; includeSubDomains"
        ],
        "x-ms-request-id": [
          "ff8c65b7-eba0-4fc4-bdc0-be5b40811c8a"
        ],
        "Server": [
          "Microsoft-IIS/10.0"
        ],
        "X-AspNet-Version": [
          "4.0.30319"
        ],
        "X-Powered-By": [
          "ASP.NET"
        ],
        "x-ms-ratelimit-remaining-subscription-resource-requests": [
          "498"
        ],
        "x-ms-correlation-request-id": [
          "9d634c21-409a-4363-8321-e23406bc3d5f"
        ],
        "x-ms-routing-request-id": [
          "WESTEUROPE:20200409T123327Z:9d634c21-409a-4363-8321-e23406bc3d5f"
        ],
        "Date": [
          "Thu, 09 Apr 2020 12:33:27 GMT"
        ],
        "Content-Length": [
          "587"
        ],
        "Content-Type": [
          "application/json; charset=utf-8"
        ]
      },
      "ResponseBody": "{\r\n  \"id\": \"/subscriptions/947d47b4-7883-4bb9-9d85-c5e8e2f572ce/resourceGroups/ps4913/providers/Microsoft.Network/privateDnsZones/ps7339.pstest.test\",\r\n  \"name\": \"ps7339.pstest.test\",\r\n  \"type\": \"Microsoft.Network/privateDnsZones\",\r\n  \"etag\": \"530f8f45-c906-45d9-9827-7e0bcb49e74b\",\r\n  \"location\": \"global\",\r\n  \"tags\": {\r\n    \"tag1\": \"value1\"\r\n  },\r\n  \"properties\": {\r\n    \"maxNumberOfRecordSets\": 25000,\r\n    \"maxNumberOfVirtualNetworkLinks\": 1000,\r\n    \"maxNumberOfVirtualNetworkLinksWithRegistration\": 100,\r\n    \"numberOfRecordSets\": 1,\r\n    \"numberOfVirtualNetworkLinks\": 0,\r\n    \"numberOfVirtualNetworkLinksWithRegistration\": 0,\r\n    \"provisioningState\": \"Succeeded\"\r\n  }\r\n}",
      "StatusCode": 200
    },
    {
      "RequestUri": "/subscriptions/947d47b4-7883-4bb9-9d85-c5e8e2f572ce/resourceGroups/ps4913/providers/Microsoft.Network/privateDnsZones/ps7339.pstest.test?api-version=2018-09-01",
      "EncodedRequestUri": "L3N1YnNjcmlwdGlvbnMvOTQ3ZDQ3YjQtNzg4My00YmI5LTlkODUtYzVlOGUyZjU3MmNlL3Jlc291cmNlR3JvdXBzL3BzNDkxMy9wcm92aWRlcnMvTWljcm9zb2Z0Lk5ldHdvcmsvcHJpdmF0ZURuc1pvbmVzL3BzNzMzOS5wc3Rlc3QudGVzdD9hcGktdmVyc2lvbj0yMDE4LTA5LTAx",
      "RequestMethod": "GET",
      "RequestBody": "",
      "RequestHeaders": {
        "User-Agent": [
          "FxVersion/4.6.28516.03",
          "OSName/Windows",
          "OSVersion/Microsoft.Windows.10.0.18363.",
          "Microsoft.Azure.Management.PrivateDns.PrivateDnsManagementClient/1.0.0.0"
        ]
      },
      "ResponseHeaders": {
        "Cache-Control": [
          "private"
        ],
        "ETag": [
          "0116eef8-f90a-44fb-929c-09dd5cc445a4"
        ],
        "X-Content-Type-Options": [
          "nosniff"
        ],
        "Strict-Transport-Security": [
          "max-age=31536000; includeSubDomains"
        ],
        "x-ms-request-id": [
          "f2800ae0-99b2-4151-8fdd-ec05928db685"
        ],
        "Server": [
          "Microsoft-IIS/10.0"
        ],
        "X-AspNet-Version": [
          "4.0.30319"
        ],
        "X-Powered-By": [
          "ASP.NET"
        ],
        "x-ms-ratelimit-remaining-subscription-resource-requests": [
          "497"
        ],
        "x-ms-correlation-request-id": [
          "723f0f11-4892-4d86-8137-760f561f621a"
        ],
        "x-ms-routing-request-id": [
          "WESTEUROPE:20200409T123359Z:723f0f11-4892-4d86-8137-760f561f621a"
        ],
        "Date": [
          "Thu, 09 Apr 2020 12:33:58 GMT"
        ],
        "Content-Length": [
          "562"
        ],
        "Content-Type": [
          "application/json; charset=utf-8"
        ]
      },
      "ResponseBody": "{\r\n  \"id\": \"/subscriptions/947d47b4-7883-4bb9-9d85-c5e8e2f572ce/resourceGroups/ps4913/providers/Microsoft.Network/privateDnsZones/ps7339.pstest.test\",\r\n  \"name\": \"ps7339.pstest.test\",\r\n  \"type\": \"Microsoft.Network/privateDnsZones\",\r\n  \"etag\": \"0116eef8-f90a-44fb-929c-09dd5cc445a4\",\r\n  \"location\": \"global\",\r\n  \"properties\": {\r\n    \"maxNumberOfRecordSets\": 25000,\r\n    \"maxNumberOfVirtualNetworkLinks\": 1000,\r\n    \"maxNumberOfVirtualNetworkLinksWithRegistration\": 100,\r\n    \"numberOfRecordSets\": 1,\r\n    \"numberOfVirtualNetworkLinks\": 0,\r\n    \"numberOfVirtualNetworkLinksWithRegistration\": 0,\r\n    \"provisioningState\": \"Succeeded\"\r\n  }\r\n}",
      "StatusCode": 200
    },
    {
      "RequestUri": "/subscriptions/947d47b4-7883-4bb9-9d85-c5e8e2f572ce/resourceGroups/ps4913/providers/Microsoft.Network/privateDnsZones/ps7339.pstest.test?api-version=2018-09-01",
      "EncodedRequestUri": "L3N1YnNjcmlwdGlvbnMvOTQ3ZDQ3YjQtNzg4My00YmI5LTlkODUtYzVlOGUyZjU3MmNlL3Jlc291cmNlR3JvdXBzL3BzNDkxMy9wcm92aWRlcnMvTWljcm9zb2Z0Lk5ldHdvcmsvcHJpdmF0ZURuc1pvbmVzL3BzNzMzOS5wc3Rlc3QudGVzdD9hcGktdmVyc2lvbj0yMDE4LTA5LTAx",
      "RequestMethod": "GET",
      "RequestBody": "",
      "RequestHeaders": {
        "x-ms-client-request-id": [
          "3c920a0e-806f-4891-9160-57d9be24c42a"
        ],
        "Accept-Language": [
          "en-US"
        ],
        "User-Agent": [
          "FxVersion/4.6.28516.03",
          "OSName/Windows",
          "OSVersion/Microsoft.Windows.10.0.18363.",
          "Microsoft.Azure.Management.PrivateDns.PrivateDnsManagementClient/1.0.0.0"
        ]
      },
      "ResponseHeaders": {
        "Cache-Control": [
          "private"
        ],
        "ETag": [
          "0116eef8-f90a-44fb-929c-09dd5cc445a4"
        ],
        "X-Content-Type-Options": [
          "nosniff"
        ],
        "Strict-Transport-Security": [
          "max-age=31536000; includeSubDomains"
        ],
        "x-ms-request-id": [
          "3c920a0e-806f-4891-9160-57d9be24c42a"
        ],
        "Server": [
          "Microsoft-IIS/10.0"
        ],
        "X-AspNet-Version": [
          "4.0.30319"
        ],
        "X-Powered-By": [
          "ASP.NET"
        ],
        "x-ms-ratelimit-remaining-subscription-resource-requests": [
          "496"
        ],
        "x-ms-correlation-request-id": [
          "4d4fc6d1-69dc-4db7-a453-5b890d5ead6c"
        ],
        "x-ms-routing-request-id": [
          "WESTEUROPE:20200409T123359Z:4d4fc6d1-69dc-4db7-a453-5b890d5ead6c"
        ],
        "Date": [
          "Thu, 09 Apr 2020 12:33:58 GMT"
        ],
        "Content-Length": [
          "562"
        ],
        "Content-Type": [
          "application/json; charset=utf-8"
        ]
      },
      "ResponseBody": "{\r\n  \"id\": \"/subscriptions/947d47b4-7883-4bb9-9d85-c5e8e2f572ce/resourceGroups/ps4913/providers/Microsoft.Network/privateDnsZones/ps7339.pstest.test\",\r\n  \"name\": \"ps7339.pstest.test\",\r\n  \"type\": \"Microsoft.Network/privateDnsZones\",\r\n  \"etag\": \"0116eef8-f90a-44fb-929c-09dd5cc445a4\",\r\n  \"location\": \"global\",\r\n  \"properties\": {\r\n    \"maxNumberOfRecordSets\": 25000,\r\n    \"maxNumberOfVirtualNetworkLinks\": 1000,\r\n    \"maxNumberOfVirtualNetworkLinksWithRegistration\": 100,\r\n    \"numberOfRecordSets\": 1,\r\n    \"numberOfVirtualNetworkLinks\": 0,\r\n    \"numberOfVirtualNetworkLinksWithRegistration\": 0,\r\n    \"provisioningState\": \"Succeeded\"\r\n  }\r\n}",
      "StatusCode": 200
    },
    {
      "RequestUri": "/subscriptions/947d47b4-7883-4bb9-9d85-c5e8e2f572ce/resourceGroups/ps4913/providers/Microsoft.Network/privateDnsZones/ps7339.pstest.test?api-version=2018-09-01",
      "EncodedRequestUri": "L3N1YnNjcmlwdGlvbnMvOTQ3ZDQ3YjQtNzg4My00YmI5LTlkODUtYzVlOGUyZjU3MmNlL3Jlc291cmNlR3JvdXBzL3BzNDkxMy9wcm92aWRlcnMvTWljcm9zb2Z0Lk5ldHdvcmsvcHJpdmF0ZURuc1pvbmVzL3BzNzMzOS5wc3Rlc3QudGVzdD9hcGktdmVyc2lvbj0yMDE4LTA5LTAx",
      "RequestMethod": "GET",
      "RequestBody": "",
      "RequestHeaders": {
        "x-ms-client-request-id": [
          "819ea320-b3a3-4a2a-a2b8-5ae0dddafbe1"
        ],
        "Accept-Language": [
          "en-US"
        ],
        "User-Agent": [
          "FxVersion/4.6.28516.03",
          "OSName/Windows",
          "OSVersion/Microsoft.Windows.10.0.18363.",
          "Microsoft.Azure.Management.PrivateDns.PrivateDnsManagementClient/1.0.0.0"
        ]
      },
      "ResponseHeaders": {
        "Cache-Control": [
          "private"
        ],
        "X-Content-Type-Options": [
          "nosniff"
        ],
        "Strict-Transport-Security": [
          "max-age=31536000; includeSubDomains"
        ],
        "x-ms-request-id": [
          "819ea320-b3a3-4a2a-a2b8-5ae0dddafbe1"
        ],
        "Server": [
          "Microsoft-IIS/10.0"
        ],
        "X-AspNet-Version": [
          "4.0.30319"
        ],
        "X-Powered-By": [
          "ASP.NET"
        ],
        "x-ms-ratelimit-remaining-subscription-resource-requests": [
          "495"
        ],
        "x-ms-correlation-request-id": [
          "cfbfe908-2a7a-4b20-964c-1812ad2f915c"
        ],
        "x-ms-routing-request-id": [
          "WESTEUROPE:20200409T123431Z:cfbfe908-2a7a-4b20-964c-1812ad2f915c"
        ],
        "Date": [
          "Thu, 09 Apr 2020 12:34:31 GMT"
        ],
        "Content-Length": [
          "159"
        ],
        "Content-Type": [
          "application/json; charset=utf-8"
        ]
      },
      "ResponseBody": "{\r\n  \"code\": \"NotFound\",\r\n  \"message\": \"The zone 'ps7339.pstest.test' does not exist in resource group 'ps4913' of subscription '947d47b4-7883-4bb9-9d85-c5e8e2f572ce'.\"\r\n}",
      "StatusCode": 404
    },
    {
      "RequestUri": "/subscriptions/947d47b4-7883-4bb9-9d85-c5e8e2f572ce/resourceGroups/ps4913/providers/Microsoft.Network/privateDnsOperationStatuses/RnJvbnRFbmRBc3luY09wZXJhdGlvbjtVcHNlcnRQcml2YXRlRG5zWm9uZTswYzk4MTJmZi1jMGZhLTRmODktODU3Zi0wMDM1Mjc4N2UyNDE=?api-version=2018-09-01",
      "EncodedRequestUri": "L3N1YnNjcmlwdGlvbnMvOTQ3ZDQ3YjQtNzg4My00YmI5LTlkODUtYzVlOGUyZjU3MmNlL3Jlc291cmNlR3JvdXBzL3BzNDkxMy9wcm92aWRlcnMvTWljcm9zb2Z0Lk5ldHdvcmsvcHJpdmF0ZURuc09wZXJhdGlvblN0YXR1c2VzL1JuSnZiblJGYm1SQmMzbHVZMDl3WlhKaGRHbHZianRWY0hObGNuUlFjbWwyWVhSbFJHNXpXbTl1WlRzd1l6azRNVEptWmkxak1HWmhMVFJtT0RrdE9EVTNaaTB3TURNMU1qYzROMlV5TkRFPT9hcGktdmVyc2lvbj0yMDE4LTA5LTAx",
      "RequestMethod": "GET",
      "RequestBody": "",
      "RequestHeaders": {
        "User-Agent": [
          "FxVersion/4.6.28516.03",
          "OSName/Windows",
          "OSVersion/Microsoft.Windows.10.0.18363.",
          "Microsoft.Azure.Management.PrivateDns.PrivateDnsManagementClient/1.0.0.0"
        ]
      },
      "ResponseHeaders": {
        "Cache-Control": [
          "private"
        ],
        "X-Content-Type-Options": [
          "nosniff"
        ],
        "Strict-Transport-Security": [
          "max-age=31536000; includeSubDomains"
        ],
        "x-ms-request-id": [
          "f1852697-d144-4c7e-942a-298dd75e3719"
        ],
        "x-ms-ratelimit-remaining-subscription-resource-requests": [
          "498"
        ],
        "Server": [
          "Microsoft-IIS/10.0"
        ],
        "X-AspNet-Version": [
          "4.0.30319"
        ],
        "X-Powered-By": [
          "ASP.NET"
        ],
        "x-ms-correlation-request-id": [
          "0f7532f8-49cd-41e9-89da-a25a576470b4"
        ],
        "x-ms-routing-request-id": [
          "WESTEUROPE:20200409T123359Z:0f7532f8-49cd-41e9-89da-a25a576470b4"
        ],
        "Date": [
          "Thu, 09 Apr 2020 12:33:58 GMT"
        ],
        "Content-Length": [
          "22"
        ],
        "Content-Type": [
          "application/json; charset=utf-8"
        ]
      },
      "ResponseBody": "{\r\n  \"status\": \"Succeeded\"\r\n}",
      "StatusCode": 200
    },
    {
      "RequestUri": "/subscriptions/947d47b4-7883-4bb9-9d85-c5e8e2f572ce/resourceGroups/ps4913/providers/Microsoft.Network/privateDnsZones/ps7339.pstest.test?api-version=2018-09-01",
      "EncodedRequestUri": "L3N1YnNjcmlwdGlvbnMvOTQ3ZDQ3YjQtNzg4My00YmI5LTlkODUtYzVlOGUyZjU3MmNlL3Jlc291cmNlR3JvdXBzL3BzNDkxMy9wcm92aWRlcnMvTWljcm9zb2Z0Lk5ldHdvcmsvcHJpdmF0ZURuc1pvbmVzL3BzNzMzOS5wc3Rlc3QudGVzdD9hcGktdmVyc2lvbj0yMDE4LTA5LTAx",
      "RequestMethod": "DELETE",
      "RequestBody": "",
      "RequestHeaders": {
        "x-ms-client-request-id": [
          "f047ecea-3dfb-46db-9664-32b6a032a001"
        ],
        "If-Match": [
          "0116eef8-f90a-44fb-929c-09dd5cc445a4"
        ],
        "Accept-Language": [
          "en-US"
        ],
        "User-Agent": [
          "FxVersion/4.6.28516.03",
          "OSName/Windows",
          "OSVersion/Microsoft.Windows.10.0.18363.",
          "Microsoft.Azure.Management.PrivateDns.PrivateDnsManagementClient/1.0.0.0"
        ]
      },
      "ResponseHeaders": {
        "Cache-Control": [
          "private"
        ],
        "Location": [
          "https://management.azure.com/subscriptions/947d47b4-7883-4bb9-9d85-c5e8e2f572ce/resourceGroups/ps4913/providers/Microsoft.Network/privateDnsOperationResults/RnJvbnRFbmRBc3luY09wZXJhdGlvbjtEZWxldGVQcml2YXRlRG5zWm9uZTsxNDcyYzUxMC1hNWQzLTQ1MmUtODQ0Ni1iNjIwNmMxZjBlOWQ=?api-version=2018-09-01"
        ],
        "Retry-After": [
          "30"
        ],
        "X-Content-Type-Options": [
          "nosniff"
        ],
        "Strict-Transport-Security": [
          "max-age=31536000; includeSubDomains"
        ],
        "Azure-AsyncOperation": [
          "https://management.azure.com:443/subscriptions/947d47b4-7883-4bb9-9d85-c5e8e2f572ce/resourceGroups/ps4913/providers/Microsoft.Network/privateDnsOperationStatuses/RnJvbnRFbmRBc3luY09wZXJhdGlvbjtEZWxldGVQcml2YXRlRG5zWm9uZTsxNDcyYzUxMC1hNWQzLTQ1MmUtODQ0Ni1iNjIwNmMxZjBlOWQ=?api-version=2018-09-01"
        ],
        "x-ms-request-id": [
          "f047ecea-3dfb-46db-9664-32b6a032a001"
        ],
        "Server": [
          "Microsoft-IIS/10.0"
        ],
        "X-AspNet-Version": [
          "4.0.30319"
        ],
        "X-Powered-By": [
          "ASP.NET"
        ],
        "x-ms-ratelimit-remaining-subscription-resource-requests": [
          "11999"
        ],
        "x-ms-correlation-request-id": [
          "4010b383-3e52-44ab-80cf-7af359a9c0d5"
        ],
        "x-ms-routing-request-id": [
          "WESTEUROPE:20200409T123401Z:4010b383-3e52-44ab-80cf-7af359a9c0d5"
        ],
        "Date": [
          "Thu, 09 Apr 2020 12:34:00 GMT"
        ],
        "Content-Length": [
          "0"
        ]
      },
      "ResponseBody": "",
      "StatusCode": 202
    },
    {
      "RequestUri": "/subscriptions/947d47b4-7883-4bb9-9d85-c5e8e2f572ce/resourceGroups/ps4913/providers/Microsoft.Network/privateDnsOperationStatuses/RnJvbnRFbmRBc3luY09wZXJhdGlvbjtEZWxldGVQcml2YXRlRG5zWm9uZTsxNDcyYzUxMC1hNWQzLTQ1MmUtODQ0Ni1iNjIwNmMxZjBlOWQ=?api-version=2018-09-01",
      "EncodedRequestUri": "L3N1YnNjcmlwdGlvbnMvOTQ3ZDQ3YjQtNzg4My00YmI5LTlkODUtYzVlOGUyZjU3MmNlL3Jlc291cmNlR3JvdXBzL3BzNDkxMy9wcm92aWRlcnMvTWljcm9zb2Z0Lk5ldHdvcmsvcHJpdmF0ZURuc09wZXJhdGlvblN0YXR1c2VzL1JuSnZiblJGYm1SQmMzbHVZMDl3WlhKaGRHbHZianRFWld4bGRHVlFjbWwyWVhSbFJHNXpXbTl1WlRzeE5EY3lZelV4TUMxaE5XUXpMVFExTW1VdE9EUTBOaTFpTmpJd05tTXhaakJsT1dRPT9hcGktdmVyc2lvbj0yMDE4LTA5LTAx",
      "RequestMethod": "GET",
      "RequestBody": "",
      "RequestHeaders": {
        "User-Agent": [
          "FxVersion/4.6.28516.03",
          "OSName/Windows",
          "OSVersion/Microsoft.Windows.10.0.18363.",
          "Microsoft.Azure.Management.PrivateDns.PrivateDnsManagementClient/1.0.0.0"
        ]
      },
      "ResponseHeaders": {
        "Cache-Control": [
          "private"
        ],
        "X-Content-Type-Options": [
          "nosniff"
        ],
        "Strict-Transport-Security": [
          "max-age=31536000; includeSubDomains"
        ],
        "x-ms-request-id": [
          "92996217-bd72-41be-841b-4f9b6ad5f0e9"
        ],
        "Server": [
          "Microsoft-IIS/10.0"
        ],
        "X-AspNet-Version": [
          "4.0.30319"
        ],
        "X-Powered-By": [
          "ASP.NET"
        ],
        "x-ms-ratelimit-remaining-subscription-resource-requests": [
          "497"
        ],
        "x-ms-correlation-request-id": [
          "b90a4ba6-97f0-4b6a-8b98-c3ad0d96ae4b"
        ],
        "x-ms-routing-request-id": [
          "WESTEUROPE:20200409T123431Z:b90a4ba6-97f0-4b6a-8b98-c3ad0d96ae4b"
        ],
        "Date": [
          "Thu, 09 Apr 2020 12:34:31 GMT"
        ],
        "Content-Length": [
          "22"
        ],
        "Content-Type": [
          "application/json; charset=utf-8"
        ]
      },
      "ResponseBody": "{\r\n  \"status\": \"Succeeded\"\r\n}",
      "StatusCode": 200
    },
    {
      "RequestUri": "/subscriptions/947d47b4-7883-4bb9-9d85-c5e8e2f572ce/resourceGroups/ps4913/providers/Microsoft.Network/privateDnsOperationResults/RnJvbnRFbmRBc3luY09wZXJhdGlvbjtEZWxldGVQcml2YXRlRG5zWm9uZTsxNDcyYzUxMC1hNWQzLTQ1MmUtODQ0Ni1iNjIwNmMxZjBlOWQ=?api-version=2018-09-01",
      "EncodedRequestUri": "L3N1YnNjcmlwdGlvbnMvOTQ3ZDQ3YjQtNzg4My00YmI5LTlkODUtYzVlOGUyZjU3MmNlL3Jlc291cmNlR3JvdXBzL3BzNDkxMy9wcm92aWRlcnMvTWljcm9zb2Z0Lk5ldHdvcmsvcHJpdmF0ZURuc09wZXJhdGlvblJlc3VsdHMvUm5KdmJuUkZibVJCYzNsdVkwOXdaWEpoZEdsdmJqdEVaV3hsZEdWUWNtbDJZWFJsUkc1eldtOXVaVHN4TkRjeVl6VXhNQzFoTldRekxUUTFNbVV0T0RRME5pMWlOakl3Tm1NeFpqQmxPV1E9P2FwaS12ZXJzaW9uPTIwMTgtMDktMDE=",
      "RequestMethod": "GET",
      "RequestBody": "",
      "RequestHeaders": {
        "User-Agent": [
          "FxVersion/4.6.28516.03",
          "OSName/Windows",
          "OSVersion/Microsoft.Windows.10.0.18363.",
          "Microsoft.Azure.Management.PrivateDns.PrivateDnsManagementClient/1.0.0.0"
        ]
      },
      "ResponseHeaders": {
        "Cache-Control": [
          "private"
        ],
        "X-Content-Type-Options": [
          "nosniff"
        ],
        "Strict-Transport-Security": [
          "max-age=31536000; includeSubDomains"
        ],
        "x-ms-request-id": [
          "6b418df8-8dda-4039-9509-5cbfe0645af4"
        ],
        "Server": [
          "Microsoft-IIS/10.0"
        ],
        "X-AspNet-Version": [
          "4.0.30319"
        ],
        "X-Powered-By": [
          "ASP.NET"
        ],
        "x-ms-ratelimit-remaining-subscription-resource-requests": [
          "499"
        ],
        "x-ms-correlation-request-id": [
          "c50614ac-3eb1-40bb-89f1-c01dfa2a2c0e"
        ],
        "x-ms-routing-request-id": [
          "WESTEUROPE:20200409T123431Z:c50614ac-3eb1-40bb-89f1-c01dfa2a2c0e"
        ],
        "Date": [
          "Thu, 09 Apr 2020 12:34:31 GMT"
        ],
        "Content-Length": [
          "2"
        ],
        "Content-Type": [
          "application/json; charset=utf-8"
        ]
      },
      "ResponseBody": "{}",
      "StatusCode": 200
    },
    {
      "RequestUri": "/subscriptions/947d47b4-7883-4bb9-9d85-c5e8e2f572ce/resourcegroups/ps4913?api-version=2016-09-01",
      "EncodedRequestUri": "L3N1YnNjcmlwdGlvbnMvOTQ3ZDQ3YjQtNzg4My00YmI5LTlkODUtYzVlOGUyZjU3MmNlL3Jlc291cmNlZ3JvdXBzL3BzNDkxMz9hcGktdmVyc2lvbj0yMDE2LTA5LTAx",
      "RequestMethod": "DELETE",
      "RequestBody": "",
      "RequestHeaders": {
        "x-ms-client-request-id": [
          "d2f09f3f-37a0-43f4-a62b-ea168870bdbd"
        ],
        "Accept-Language": [
          "en-US"
        ],
        "User-Agent": [
          "FxVersion/4.6.28516.03",
          "OSName/Windows",
          "OSVersion/Microsoft.Windows.10.0.18363.",
          "Microsoft.Azure.Management.Internal.Resources.ResourceManagementClient/1.3.11"
        ]
      },
      "ResponseHeaders": {
        "Cache-Control": [
          "no-cache"
        ],
        "Pragma": [
          "no-cache"
        ],
        "Location": [
          "https://management.azure.com/subscriptions/947d47b4-7883-4bb9-9d85-c5e8e2f572ce/operationresults/eyJqb2JJZCI6IlJFU09VUkNFR1JPVVBERUxFVElPTkpPQi1QUzQ5MTMtV0VTVFVTIiwiam9iTG9jYXRpb24iOiJ3ZXN0dXMifQ?api-version=2016-09-01"
        ],
        "Retry-After": [
          "15"
        ],
        "x-ms-ratelimit-remaining-subscription-deletes": [
          "14999"
        ],
        "x-ms-request-id": [
          "e9e1c489-ebfa-4203-a364-311a9ea130b0"
        ],
        "x-ms-correlation-request-id": [
          "e9e1c489-ebfa-4203-a364-311a9ea130b0"
        ],
        "x-ms-routing-request-id": [
          "WESTEUROPE:20200409T123435Z:e9e1c489-ebfa-4203-a364-311a9ea130b0"
        ],
        "Strict-Transport-Security": [
          "max-age=31536000; includeSubDomains"
        ],
        "X-Content-Type-Options": [
          "nosniff"
        ],
        "Date": [
          "Thu, 09 Apr 2020 12:34:35 GMT"
        ],
        "Expires": [
          "-1"
        ],
        "Content-Length": [
          "0"
        ]
      },
      "ResponseBody": "",
      "StatusCode": 202
    },
    {
      "RequestUri": "/subscriptions/947d47b4-7883-4bb9-9d85-c5e8e2f572ce/operationresults/eyJqb2JJZCI6IlJFU09VUkNFR1JPVVBERUxFVElPTkpPQi1QUzQ5MTMtV0VTVFVTIiwiam9iTG9jYXRpb24iOiJ3ZXN0dXMifQ?api-version=2016-09-01",
      "EncodedRequestUri": "L3N1YnNjcmlwdGlvbnMvOTQ3ZDQ3YjQtNzg4My00YmI5LTlkODUtYzVlOGUyZjU3MmNlL29wZXJhdGlvbnJlc3VsdHMvZXlKcWIySkpaQ0k2SWxKRlUwOVZVa05GUjFKUFZWQkVSVXhGVkVsUFRrcFBRaTFRVXpRNU1UTXRWMFZUVkZWVElpd2lhbTlpVEc5allYUnBiMjRpT2lKM1pYTjBkWE1pZlE/YXBpLXZlcnNpb249MjAxNi0wOS0wMQ==",
      "RequestMethod": "GET",
      "RequestBody": "",
      "RequestHeaders": {
        "User-Agent": [
          "FxVersion/4.6.28516.03",
          "OSName/Windows",
          "OSVersion/Microsoft.Windows.10.0.18363.",
          "Microsoft.Azure.Management.Internal.Resources.ResourceManagementClient/1.3.11"
        ]
      },
      "ResponseHeaders": {
        "Cache-Control": [
          "no-cache"
        ],
        "Pragma": [
          "no-cache"
        ],
        "Location": [
          "https://management.azure.com/subscriptions/947d47b4-7883-4bb9-9d85-c5e8e2f572ce/operationresults/eyJqb2JJZCI6IlJFU09VUkNFR1JPVVBERUxFVElPTkpPQi1QUzQ5MTMtV0VTVFVTIiwiam9iTG9jYXRpb24iOiJ3ZXN0dXMifQ?api-version=2016-09-01"
        ],
        "Retry-After": [
          "15"
        ],
        "x-ms-ratelimit-remaining-subscription-reads": [
          "11999"
        ],
        "x-ms-request-id": [
          "3f18dab2-12a5-4616-88ae-0462fbba9b74"
        ],
        "x-ms-correlation-request-id": [
          "3f18dab2-12a5-4616-88ae-0462fbba9b74"
        ],
        "x-ms-routing-request-id": [
          "WESTEUROPE:20200409T123451Z:3f18dab2-12a5-4616-88ae-0462fbba9b74"
        ],
        "Strict-Transport-Security": [
          "max-age=31536000; includeSubDomains"
        ],
        "X-Content-Type-Options": [
          "nosniff"
        ],
        "Date": [
          "Thu, 09 Apr 2020 12:34:50 GMT"
        ],
        "Expires": [
          "-1"
        ],
        "Content-Length": [
          "0"
        ]
      },
      "ResponseBody": "",
      "StatusCode": 202
    },
    {
      "RequestUri": "/subscriptions/947d47b4-7883-4bb9-9d85-c5e8e2f572ce/operationresults/eyJqb2JJZCI6IlJFU09VUkNFR1JPVVBERUxFVElPTkpPQi1QUzQ5MTMtV0VTVFVTIiwiam9iTG9jYXRpb24iOiJ3ZXN0dXMifQ?api-version=2016-09-01",
      "EncodedRequestUri": "L3N1YnNjcmlwdGlvbnMvOTQ3ZDQ3YjQtNzg4My00YmI5LTlkODUtYzVlOGUyZjU3MmNlL29wZXJhdGlvbnJlc3VsdHMvZXlKcWIySkpaQ0k2SWxKRlUwOVZVa05GUjFKUFZWQkVSVXhGVkVsUFRrcFBRaTFRVXpRNU1UTXRWMFZUVkZWVElpd2lhbTlpVEc5allYUnBiMjRpT2lKM1pYTjBkWE1pZlE/YXBpLXZlcnNpb249MjAxNi0wOS0wMQ==",
      "RequestMethod": "GET",
      "RequestBody": "",
      "RequestHeaders": {
        "User-Agent": [
          "FxVersion/4.6.28516.03",
          "OSName/Windows",
          "OSVersion/Microsoft.Windows.10.0.18363.",
          "Microsoft.Azure.Management.Internal.Resources.ResourceManagementClient/1.3.11"
        ]
      },
      "ResponseHeaders": {
        "Cache-Control": [
          "no-cache"
        ],
        "Pragma": [
          "no-cache"
        ],
        "Location": [
          "https://management.azure.com/subscriptions/947d47b4-7883-4bb9-9d85-c5e8e2f572ce/operationresults/eyJqb2JJZCI6IlJFU09VUkNFR1JPVVBERUxFVElPTkpPQi1QUzQ5MTMtV0VTVFVTIiwiam9iTG9jYXRpb24iOiJ3ZXN0dXMifQ?api-version=2016-09-01"
        ],
        "Retry-After": [
          "15"
        ],
        "x-ms-ratelimit-remaining-subscription-reads": [
          "11998"
        ],
        "x-ms-request-id": [
          "c8ee0540-ff91-444b-97fc-a20ffa7df4b1"
        ],
        "x-ms-correlation-request-id": [
          "c8ee0540-ff91-444b-97fc-a20ffa7df4b1"
        ],
        "x-ms-routing-request-id": [
          "WESTEUROPE:20200409T123506Z:c8ee0540-ff91-444b-97fc-a20ffa7df4b1"
        ],
        "Strict-Transport-Security": [
          "max-age=31536000; includeSubDomains"
        ],
        "X-Content-Type-Options": [
          "nosniff"
        ],
        "Date": [
          "Thu, 09 Apr 2020 12:35:06 GMT"
        ],
        "Expires": [
          "-1"
        ],
        "Content-Length": [
          "0"
        ]
      },
      "ResponseBody": "",
      "StatusCode": 202
    },
    {
      "RequestUri": "/subscriptions/947d47b4-7883-4bb9-9d85-c5e8e2f572ce/operationresults/eyJqb2JJZCI6IlJFU09VUkNFR1JPVVBERUxFVElPTkpPQi1QUzQ5MTMtV0VTVFVTIiwiam9iTG9jYXRpb24iOiJ3ZXN0dXMifQ?api-version=2016-09-01",
      "EncodedRequestUri": "L3N1YnNjcmlwdGlvbnMvOTQ3ZDQ3YjQtNzg4My00YmI5LTlkODUtYzVlOGUyZjU3MmNlL29wZXJhdGlvbnJlc3VsdHMvZXlKcWIySkpaQ0k2SWxKRlUwOVZVa05GUjFKUFZWQkVSVXhGVkVsUFRrcFBRaTFRVXpRNU1UTXRWMFZUVkZWVElpd2lhbTlpVEc5allYUnBiMjRpT2lKM1pYTjBkWE1pZlE/YXBpLXZlcnNpb249MjAxNi0wOS0wMQ==",
      "RequestMethod": "GET",
      "RequestBody": "",
      "RequestHeaders": {
        "User-Agent": [
          "FxVersion/4.6.28516.03",
          "OSName/Windows",
          "OSVersion/Microsoft.Windows.10.0.18363.",
          "Microsoft.Azure.Management.Internal.Resources.ResourceManagementClient/1.3.11"
        ]
      },
      "ResponseHeaders": {
        "Cache-Control": [
          "no-cache"
        ],
        "Pragma": [
          "no-cache"
        ],
        "Location": [
          "https://management.azure.com/subscriptions/947d47b4-7883-4bb9-9d85-c5e8e2f572ce/operationresults/eyJqb2JJZCI6IlJFU09VUkNFR1JPVVBERUxFVElPTkpPQi1QUzQ5MTMtV0VTVFVTIiwiam9iTG9jYXRpb24iOiJ3ZXN0dXMifQ?api-version=2016-09-01"
        ],
        "Retry-After": [
          "15"
        ],
        "x-ms-ratelimit-remaining-subscription-reads": [
          "11997"
        ],
        "x-ms-request-id": [
          "7f4fc3e0-527c-42eb-844e-38c05323cea5"
        ],
        "x-ms-correlation-request-id": [
          "7f4fc3e0-527c-42eb-844e-38c05323cea5"
        ],
        "x-ms-routing-request-id": [
          "WESTEUROPE:20200409T123522Z:7f4fc3e0-527c-42eb-844e-38c05323cea5"
        ],
        "Strict-Transport-Security": [
          "max-age=31536000; includeSubDomains"
        ],
        "X-Content-Type-Options": [
          "nosniff"
        ],
        "Date": [
          "Thu, 09 Apr 2020 12:35:21 GMT"
        ],
        "Expires": [
          "-1"
        ],
        "Content-Length": [
          "0"
        ]
      },
      "ResponseBody": "",
      "StatusCode": 202
    },
    {
      "RequestUri": "/subscriptions/947d47b4-7883-4bb9-9d85-c5e8e2f572ce/operationresults/eyJqb2JJZCI6IlJFU09VUkNFR1JPVVBERUxFVElPTkpPQi1QUzQ5MTMtV0VTVFVTIiwiam9iTG9jYXRpb24iOiJ3ZXN0dXMifQ?api-version=2016-09-01",
      "EncodedRequestUri": "L3N1YnNjcmlwdGlvbnMvOTQ3ZDQ3YjQtNzg4My00YmI5LTlkODUtYzVlOGUyZjU3MmNlL29wZXJhdGlvbnJlc3VsdHMvZXlKcWIySkpaQ0k2SWxKRlUwOVZVa05GUjFKUFZWQkVSVXhGVkVsUFRrcFBRaTFRVXpRNU1UTXRWMFZUVkZWVElpd2lhbTlpVEc5allYUnBiMjRpT2lKM1pYTjBkWE1pZlE/YXBpLXZlcnNpb249MjAxNi0wOS0wMQ==",
      "RequestMethod": "GET",
      "RequestBody": "",
      "RequestHeaders": {
        "User-Agent": [
          "FxVersion/4.6.28516.03",
          "OSName/Windows",
          "OSVersion/Microsoft.Windows.10.0.18363.",
          "Microsoft.Azure.Management.Internal.Resources.ResourceManagementClient/1.3.11"
        ]
      },
      "ResponseHeaders": {
        "Cache-Control": [
          "no-cache"
        ],
        "Pragma": [
          "no-cache"
        ],
        "Location": [
          "https://management.azure.com/subscriptions/947d47b4-7883-4bb9-9d85-c5e8e2f572ce/operationresults/eyJqb2JJZCI6IlJFU09VUkNFR1JPVVBERUxFVElPTkpPQi1QUzQ5MTMtV0VTVFVTIiwiam9iTG9jYXRpb24iOiJ3ZXN0dXMifQ?api-version=2016-09-01"
        ],
        "Retry-After": [
          "15"
        ],
        "x-ms-ratelimit-remaining-subscription-reads": [
          "11996"
        ],
        "x-ms-request-id": [
          "46b5e9da-29bb-48ac-ba83-06826cc126ed"
        ],
        "x-ms-correlation-request-id": [
          "46b5e9da-29bb-48ac-ba83-06826cc126ed"
        ],
        "x-ms-routing-request-id": [
          "WESTEUROPE:20200409T123537Z:46b5e9da-29bb-48ac-ba83-06826cc126ed"
        ],
        "Strict-Transport-Security": [
          "max-age=31536000; includeSubDomains"
        ],
        "X-Content-Type-Options": [
          "nosniff"
        ],
        "Date": [
          "Thu, 09 Apr 2020 12:35:36 GMT"
        ],
        "Expires": [
          "-1"
        ],
        "Content-Length": [
          "0"
        ]
      },
      "ResponseBody": "",
      "StatusCode": 202
    },
    {
      "RequestUri": "/subscriptions/947d47b4-7883-4bb9-9d85-c5e8e2f572ce/operationresults/eyJqb2JJZCI6IlJFU09VUkNFR1JPVVBERUxFVElPTkpPQi1QUzQ5MTMtV0VTVFVTIiwiam9iTG9jYXRpb24iOiJ3ZXN0dXMifQ?api-version=2016-09-01",
      "EncodedRequestUri": "L3N1YnNjcmlwdGlvbnMvOTQ3ZDQ3YjQtNzg4My00YmI5LTlkODUtYzVlOGUyZjU3MmNlL29wZXJhdGlvbnJlc3VsdHMvZXlKcWIySkpaQ0k2SWxKRlUwOVZVa05GUjFKUFZWQkVSVXhGVkVsUFRrcFBRaTFRVXpRNU1UTXRWMFZUVkZWVElpd2lhbTlpVEc5allYUnBiMjRpT2lKM1pYTjBkWE1pZlE/YXBpLXZlcnNpb249MjAxNi0wOS0wMQ==",
      "RequestMethod": "GET",
      "RequestBody": "",
      "RequestHeaders": {
        "User-Agent": [
          "FxVersion/4.6.28516.03",
          "OSName/Windows",
          "OSVersion/Microsoft.Windows.10.0.18363.",
          "Microsoft.Azure.Management.Internal.Resources.ResourceManagementClient/1.3.11"
        ]
      },
      "ResponseHeaders": {
        "Cache-Control": [
          "no-cache"
        ],
        "Pragma": [
          "no-cache"
        ],
        "x-ms-ratelimit-remaining-subscription-reads": [
          "11995"
        ],
        "x-ms-request-id": [
          "a68049e9-061a-41c3-83e7-f40f2f295b9b"
        ],
        "x-ms-correlation-request-id": [
          "a68049e9-061a-41c3-83e7-f40f2f295b9b"
        ],
        "x-ms-routing-request-id": [
          "WESTEUROPE:20200409T123552Z:a68049e9-061a-41c3-83e7-f40f2f295b9b"
        ],
        "Strict-Transport-Security": [
          "max-age=31536000; includeSubDomains"
        ],
        "X-Content-Type-Options": [
          "nosniff"
        ],
        "Date": [
          "Thu, 09 Apr 2020 12:35:52 GMT"
        ],
        "Expires": [
          "-1"
        ],
        "Content-Length": [
          "0"
        ]
      },
      "ResponseBody": "",
      "StatusCode": 200
    },
    {
      "RequestUri": "/subscriptions/947d47b4-7883-4bb9-9d85-c5e8e2f572ce/operationresults/eyJqb2JJZCI6IlJFU09VUkNFR1JPVVBERUxFVElPTkpPQi1QUzQ5MTMtV0VTVFVTIiwiam9iTG9jYXRpb24iOiJ3ZXN0dXMifQ?api-version=2016-09-01",
      "EncodedRequestUri": "L3N1YnNjcmlwdGlvbnMvOTQ3ZDQ3YjQtNzg4My00YmI5LTlkODUtYzVlOGUyZjU3MmNlL29wZXJhdGlvbnJlc3VsdHMvZXlKcWIySkpaQ0k2SWxKRlUwOVZVa05GUjFKUFZWQkVSVXhGVkVsUFRrcFBRaTFRVXpRNU1UTXRWMFZUVkZWVElpd2lhbTlpVEc5allYUnBiMjRpT2lKM1pYTjBkWE1pZlE/YXBpLXZlcnNpb249MjAxNi0wOS0wMQ==",
      "RequestMethod": "GET",
      "RequestBody": "",
      "RequestHeaders": {
        "User-Agent": [
          "FxVersion/4.6.28516.03",
          "OSName/Windows",
          "OSVersion/Microsoft.Windows.10.0.18363.",
          "Microsoft.Azure.Management.Internal.Resources.ResourceManagementClient/1.3.11"
        ]
      },
      "ResponseHeaders": {
        "Cache-Control": [
          "no-cache"
        ],
        "Pragma": [
          "no-cache"
        ],
        "x-ms-ratelimit-remaining-subscription-reads": [
          "11994"
        ],
        "x-ms-request-id": [
          "27b84a29-f75b-4035-9963-e14a94fe1e0a"
        ],
        "x-ms-correlation-request-id": [
          "27b84a29-f75b-4035-9963-e14a94fe1e0a"
        ],
        "x-ms-routing-request-id": [
          "WESTEUROPE:20200409T123553Z:27b84a29-f75b-4035-9963-e14a94fe1e0a"
        ],
        "Strict-Transport-Security": [
          "max-age=31536000; includeSubDomains"
        ],
        "X-Content-Type-Options": [
          "nosniff"
        ],
        "Date": [
          "Thu, 09 Apr 2020 12:35:53 GMT"
        ],
        "Expires": [
          "-1"
        ],
        "Content-Length": [
          "0"
        ]
      },
      "ResponseBody": "",
      "StatusCode": 200
    }
  ],
  "Names": {
    "Test-ZoneCrudWithPiping": [
      "ps7339",
      "ps4913"
    ]
  },
  "Variables": {
    "SubscriptionId": "947d47b4-7883-4bb9-9d85-c5e8e2f572ce"
  }
}