{
  "[NoDescription]+[NoContext]+CreateExpanded+$PUT+https://management.azure.com/subscriptions/8b3b8a60-1dd0-4824-8770-2ed6a55d8e27/resourceGroups/testgroupoqj4ni/providers/Microsoft.Synapse/workspaces/workspaceoqj4ni/kustoPools/testkustopooloqj4ni/databases/testdatabasegex5hd?api-version=2021-06-01-preview+1": {
    "Request": {
      "Method": "PUT",
      "RequestUri": "https://management.azure.com/subscriptions/8b3b8a60-1dd0-4824-8770-2ed6a55d8e27/resourceGroups/testgroupoqj4ni/providers/Microsoft.Synapse/workspaces/workspaceoqj4ni/kustoPools/testkustopooloqj4ni/databases/testdatabasegex5hd?api-version=2021-06-01-preview",
      "Content": "{\r\n  \"location\": \"East US 2\",\r\n  \"kind\": \"ReadWrite\",\r\n  \"properties\": {\r\n    \"hotCachePeriod\": \"P2D\"\r\n  }\r\n}",
      "isContentBase64": false,
      "Headers": {
      },
      "ContentHeaders": {
        "Content-Type": [ "application/json" ],
        "Content-Length": [ "109" ]
      }
    },
    "Response": {
      "StatusCode": 201,
      "Headers": {
        "Cache-Control": [ "no-cache" ],
        "Pragma": [ "no-cache" ],
        "x-ms-request-id": [ "e81711c0-7abd-4bb9-955e-cbbba0f11e8f" ],
        "Azure-AsyncOperation": [ "https://management.azure.com/subscriptions/8b3b8a60-1dd0-4824-8770-2ed6a55d8e27/providers/Microsoft.Synapse/locations/East US 2/kustoPoolOperationResults/08e45f0b-abd8-410c-88e2-1f1fa4b7c67a?api-version=2021-06-01-preview" ],
        "Server": [ "Microsoft-HTTPAPI/2.0" ],
        "x-ms-ratelimit-remaining-subscription-writes": [ "1193" ],
        "x-ms-correlation-request-id": [ "eb0afe22-e4a3-40f6-a25f-847a5a3e229a" ],
        "x-ms-routing-request-id": [ "JAPANEAST:20210830T112849Z:eb0afe22-e4a3-40f6-a25f-847a5a3e229a" ],
        "Strict-Transport-Security": [ "max-age=31536000; includeSubDomains" ],
        "X-Content-Type-Options": [ "nosniff" ],
        "Date": [ "Mon, 30 Aug 2021 11:28:48 GMT" ]
      },
      "ContentHeaders": {
        "Content-Length": [ "440" ],
        "Content-Type": [ "application/json; charset=utf-8" ],
        "Expires": [ "-1" ]
      },
      "Content": "{\"id\":\"/subscriptions/8b3b8a60-1dd0-4824-8770-2ed6a55d8e27/resourceGroups/testgroupoqj4ni/providers/Microsoft.Synapse/workspaces/workspaceoqj4ni/kustoPools/testkustopooloqj4ni/Databases/testdatabasegex5hd\",\"name\":\"workspaceoqj4ni/testkustopooloqj4ni/testdatabasegex5hd\",\"type\":\"Microsoft.Synapse/workspaces/kustoPools/Databases\",\"location\":\"East US 2\",\"kind\":\"ReadWrite\",\"properties\":{\"hotCachePeriod\":\"P2D\",\"provisioningState\":\"Creating\"}}",
      "isContentBase64": false
    }
  },
  "[NoDescription]+[NoContext]+CreateExpanded+$GET+https://management.azure.com/subscriptions/8b3b8a60-1dd0-4824-8770-2ed6a55d8e27/providers/Microsoft.Synapse/locations/East US 2/kustoPoolOperationResults/08e45f0b-abd8-410c-88e2-1f1fa4b7c67a?api-version=2021-06-01-preview+2": {
    "Request": {
      "Method": "GET",
      "RequestUri": "https://management.azure.com/subscriptions/8b3b8a60-1dd0-4824-8770-2ed6a55d8e27/providers/Microsoft.Synapse/locations/East%20US%202/kustoPoolOperationResults/08e45f0b-abd8-410c-88e2-1f1fa4b7c67a?api-version=2021-06-01-preview",
      "Content": null,
      "isContentBase64": false,
      "Headers": {
        "Authorization": [ "[Filtered]" ],
        "x-ms-unique-id": [ "74" ],
        "x-ms-client-request-id": [ "2a755c69-2966-45b3-8571-322f00f0aea7" ],
        "CommandName": [ "Az.Synapse.internal\\New-AzSynapseKustoDatabase" ],
        "FullCommandName": [ "New-AzSynapseKustoDatabase_Create" ],
        "ParameterSetName": [ "__AllParameterSets" ],
        "User-Agent": [ "AzurePowershell/Az4.0.0-preview" ]
      },
      "ContentHeaders": {
      }
    },
    "Response": {
      "StatusCode": 200,
      "Headers": {
        "Cache-Control": [ "no-cache" ],
        "Pragma": [ "no-cache" ],
        "x-ms-request-id": [ "394f4a85-fe8e-4df2-bf45-1feb3848fd20" ],
        "Server": [ "Microsoft-HTTPAPI/2.0" ],
        "x-ms-ratelimit-remaining-subscription-reads": [ "11944" ],
        "x-ms-correlation-request-id": [ "36ea0d88-81d4-4ff9-ba1f-edcc571c557a" ],
        "x-ms-routing-request-id": [ "JAPANEAST:20210830T112919Z:36ea0d88-81d4-4ff9-ba1f-edcc571c557a" ],
        "Strict-Transport-Security": [ "max-age=31536000; includeSubDomains" ],
        "X-Content-Type-Options": [ "nosniff" ],
        "Date": [ "Mon, 30 Aug 2021 11:29:19 GMT" ]
      },
      "ContentHeaders": {
        "Content-Length": [ "509" ],
        "Content-Type": [ "application/json; charset=utf-8" ],
        "Expires": [ "-1" ]
      },
      "Content": "{\"id\":\"/subscriptions/8b3b8a60-1dd0-4824-8770-2ed6a55d8e27/providers/Microsoft.Synapse/locations/East US 2/kustoPoolOperationResults/08e45f0b-abd8-410c-88e2-1f1fa4b7c67a\",\"name\":\"08e45f0b-abd8-410c-88e2-1f1fa4b7c67a\",\"status\":\"Succeeded\",\"startTime\":\"2021-08-30T11:28:48.8924981Z\",\"endTime\":\"2021-08-30T11:28:50.5019879Z\",\"percentComplete\":1.0,\"properties\":{\"OperationKind\":\"DatabaseCreate\",\"RootActivityId\":\"39209a08-ef96-4b51-801d-a15132820f21\",\"provisioningState\":\"Succeeded\",\"OperationState\":\"Completed\"}}",
      "isContentBase64": false
    }
  },
  "[NoDescription]+[NoContext]+CreateExpanded+$GET+https://management.azure.com/subscriptions/8b3b8a60-1dd0-4824-8770-2ed6a55d8e27/resourceGroups/testgroupoqj4ni/providers/Microsoft.Synapse/workspaces/workspaceoqj4ni/kustoPools/testkustopooloqj4ni/databases/testdatabasegex5hd?api-version=2021-06-01-preview+3": {
    "Request": {
      "Method": "GET",
      "RequestUri": "https://management.azure.com/subscriptions/8b3b8a60-1dd0-4824-8770-2ed6a55d8e27/resourceGroups/testgroupoqj4ni/providers/Microsoft.Synapse/workspaces/workspaceoqj4ni/kustoPools/testkustopooloqj4ni/databases/testdatabasegex5hd?api-version=2021-06-01-preview",
      "Content": null,
      "isContentBase64": false,
      "Headers": {
        "Authorization": [ "[Filtered]" ],
        "x-ms-unique-id": [ "75" ],
        "x-ms-client-request-id": [ "2a755c69-2966-45b3-8571-322f00f0aea7" ],
        "CommandName": [ "Az.Synapse.internal\\New-AzSynapseKustoDatabase" ],
        "FullCommandName": [ "New-AzSynapseKustoDatabase_Create" ],
        "ParameterSetName": [ "__AllParameterSets" ],
        "User-Agent": [ "AzurePowershell/Az4.0.0-preview" ]
      },
      "ContentHeaders": {
      }
    },
    "Response": {
      "StatusCode": 200,
      "Headers": {
        "Cache-Control": [ "no-cache" ],
        "Pragma": [ "no-cache" ],
        "x-ms-request-id": [ "7294ea93-06bf-44e3-b1c7-dd513df23ba8" ],
        "Server": [ "Microsoft-HTTPAPI/2.0" ],
        "x-ms-ratelimit-remaining-subscription-reads": [ "11943" ],
        "x-ms-correlation-request-id": [ "e34e263f-f84f-4ecb-be7f-dc09af1db61a" ],
        "x-ms-routing-request-id": [ "JAPANEAST:20210830T112919Z:e34e263f-f84f-4ecb-be7f-dc09af1db61a" ],
        "Strict-Transport-Security": [ "max-age=31536000; includeSubDomains" ],
        "X-Content-Type-Options": [ "nosniff" ],
        "Date": [ "Mon, 30 Aug 2021 11:29:19 GMT" ]
      },
      "ContentHeaders": {
        "Content-Length": [ "486" ],
        "Content-Type": [ "application/json; charset=utf-8" ],
        "Expires": [ "-1" ]
      },
      "Content": "{\"id\":\"/subscriptions/8b3b8a60-1dd0-4824-8770-2ed6a55d8e27/resourceGroups/testgroupoqj4ni/providers/Microsoft.Synapse/workspaces/workspaceoqj4ni/kustoPools/testkustopooloqj4ni/Databases/testdatabasegex5hd\",\"name\":\"workspaceoqj4ni/testkustopooloqj4ni/testdatabasegex5hd\",\"type\":\"Microsoft.Synapse/workspaces/kustoPools/Databases\",\"location\":\"East US 2\",\"kind\":\"ReadWrite\",\"properties\":{\"hotCachePeriod\":\"P2D\",\"statistics\":{\"size\":0.0},\"isFollowed\":false,\"provisioningState\":\"Succeeded\"}}",
      "isContentBase64": false
    }
  },
  "[NoDescription]+[NoContext]+CreateExpanded+$DELETE+https://management.azure.com/subscriptions/8b3b8a60-1dd0-4824-8770-2ed6a55d8e27/resourceGroups/testgroupoqj4ni/providers/Microsoft.Synapse/workspaces/workspaceoqj4ni/kustoPools/testkustopooloqj4ni/databases/testdatabasegex5hd?api-version=2021-06-01-preview+4": {
    "Request": {
      "Method": "DELETE",
      "RequestUri": "https://management.azure.com/subscriptions/8b3b8a60-1dd0-4824-8770-2ed6a55d8e27/resourceGroups/testgroupoqj4ni/providers/Microsoft.Synapse/workspaces/workspaceoqj4ni/kustoPools/testkustopooloqj4ni/databases/testdatabasegex5hd?api-version=2021-06-01-preview",
      "Content": null,
      "isContentBase64": false,
      "Headers": {
        "x-ms-unique-id": [ "76" ],
        "x-ms-client-request-id": [ "51dd5520-b2a1-4c9d-b846-91e200a3e6cc" ],
        "CommandName": [ "Remove-AzSynapseKustoDatabase" ],
        "FullCommandName": [ "Remove-AzSynapseKustoDatabase_Delete" ],
        "ParameterSetName": [ "__AllParameterSets" ],
        "User-Agent": [ "AzurePowershell/Az4.0.0-preview" ],
        "Authorization": [ "[Filtered]" ]
      },
      "ContentHeaders": {
      }
    },
    "Response": {
      "StatusCode": 202,
      "Headers": {
        "Cache-Control": [ "no-cache" ],
        "Pragma": [ "no-cache" ],
        "Location": [ "https://management.azure.com/subscriptions/8b3b8a60-1dd0-4824-8770-2ed6a55d8e27/providers/Microsoft.Synapse/locations/East%20US%202/kustoPoolOperationResults/533bde4a-ed16-4158-8466-e402f289babb?api-version=2021-06-01-preview\u0026operationResultResponseType=Location" ],
        "Azure-AsyncOperation": [ "https://management.azure.com/subscriptions/8b3b8a60-1dd0-4824-8770-2ed6a55d8e27/providers/Microsoft.Synapse/locations/East US 2/kustoPoolOperationResults/533bde4a-ed16-4158-8466-e402f289babb?api-version=2021-06-01-preview" ],
        "Server": [ "Microsoft-HTTPAPI/2.0" ],
        "x-ms-ratelimit-remaining-subscription-deletes": [ "14999" ],
        "x-ms-request-id": [ "204306fc-4b85-4c75-b114-f482cd723a13" ],
        "x-ms-correlation-request-id": [ "204306fc-4b85-4c75-b114-f482cd723a13" ],
        "x-ms-routing-request-id": [ "JAPANEAST:20210830T112920Z:204306fc-4b85-4c75-b114-f482cd723a13" ],
        "Strict-Transport-Security": [ "max-age=31536000; includeSubDomains" ],
        "X-Content-Type-Options": [ "nosniff" ],
        "Date": [ "Mon, 30 Aug 2021 11:29:20 GMT" ]
      },
      "ContentHeaders": {
        "Expires": [ "-1" ],
        "Content-Length": [ "0" ]
      },
      "Content": null,
      "isContentBase64": false
    }
  },
  "[NoDescription]+[NoContext]+CreateExpanded+$GET+https://management.azure.com/subscriptions/8b3b8a60-1dd0-4824-8770-2ed6a55d8e27/providers/Microsoft.Synapse/locations/East US 2/kustoPoolOperationResults/533bde4a-ed16-4158-8466-e402f289babb?api-version=2021-06-01-preview+5": {
    "Request": {
      "Method": "GET",
      "RequestUri": "https://management.azure.com/subscriptions/8b3b8a60-1dd0-4824-8770-2ed6a55d8e27/providers/Microsoft.Synapse/locations/East%20US%202/kustoPoolOperationResults/533bde4a-ed16-4158-8466-e402f289babb?api-version=2021-06-01-preview",
      "Content": null,
      "isContentBase64": false,
      "Headers": {
        "Authorization": [ "[Filtered]" ],
        "x-ms-unique-id": [ "77" ],
        "x-ms-client-request-id": [ "51dd5520-b2a1-4c9d-b846-91e200a3e6cc" ],
        "CommandName": [ "Remove-AzSynapseKustoDatabase" ],
        "FullCommandName": [ "Remove-AzSynapseKustoDatabase_Delete" ],
        "ParameterSetName": [ "__AllParameterSets" ],
        "User-Agent": [ "AzurePowershell/Az4.0.0-preview" ]
      },
      "ContentHeaders": {
      }
    },
    "Response": {
      "StatusCode": 200,
      "Headers": {
        "Cache-Control": [ "no-cache" ],
        "Pragma": [ "no-cache" ],
        "x-ms-request-id": [ "66831451-5f4f-436d-aba8-eacd6380f7ab" ],
        "Server": [ "Microsoft-HTTPAPI/2.0" ],
        "x-ms-ratelimit-remaining-subscription-reads": [ "11942" ],
        "x-ms-correlation-request-id": [ "b61e709b-860e-4fbe-a153-b1c5b565f097" ],
        "x-ms-routing-request-id": [ "JAPANEAST:20210830T112950Z:b61e709b-860e-4fbe-a153-b1c5b565f097" ],
        "Strict-Transport-Security": [ "max-age=31536000; includeSubDomains" ],
        "X-Content-Type-Options": [ "nosniff" ],
        "Date": [ "Mon, 30 Aug 2021 11:29:50 GMT" ]
      },
      "ContentHeaders": {
        "Content-Length": [ "509" ],
        "Content-Type": [ "application/json; charset=utf-8" ],
        "Expires": [ "-1" ]
      },
      "Content": "{\"id\":\"/subscriptions/8b3b8a60-1dd0-4824-8770-2ed6a55d8e27/providers/Microsoft.Synapse/locations/East US 2/kustoPoolOperationResults/533bde4a-ed16-4158-8466-e402f289babb\",\"name\":\"533bde4a-ed16-4158-8466-e402f289babb\",\"status\":\"Succeeded\",\"startTime\":\"2021-08-30T11:29:20.2980921Z\",\"endTime\":\"2021-08-30T11:29:24.0015186Z\",\"percentComplete\":1.0,\"properties\":{\"OperationKind\":\"DatabaseDelete\",\"RootActivityId\":\"7a3f604f-03c1-4330-9caf-69e31c3071ea\",\"provisioningState\":\"Succeeded\",\"OperationState\":\"Completed\"}}",
      "isContentBase64": false
    }
  },
  "[NoDescription]+[NoContext]+CreateExpanded+$GET+https://management.azure.com/subscriptions/8b3b8a60-1dd0-4824-8770-2ed6a55d8e27/providers/Microsoft.Synapse/locations/East US 2/kustoPoolOperationResults/533bde4a-ed16-4158-8466-e402f289babb?api-version=2021-06-01-preview\u0026operationResultResponseType=Location+6": {
    "Request": {
      "Method": "GET",
      "RequestUri": "https://management.azure.com/subscriptions/8b3b8a60-1dd0-4824-8770-2ed6a55d8e27/providers/Microsoft.Synapse/locations/East%20US%202/kustoPoolOperationResults/533bde4a-ed16-4158-8466-e402f289babb?api-version=2021-06-01-preview\u0026operationResultResponseType=Location",
      "Content": null,
      "isContentBase64": false,
      "Headers": {
        "Authorization": [ "[Filtered]" ],
        "x-ms-unique-id": [ "78" ],
        "x-ms-client-request-id": [ "51dd5520-b2a1-4c9d-b846-91e200a3e6cc" ],
        "CommandName": [ "Remove-AzSynapseKustoDatabase" ],
        "FullCommandName": [ "Remove-AzSynapseKustoDatabase_Delete" ],
        "ParameterSetName": [ "__AllParameterSets" ],
        "User-Agent": [ "AzurePowershell/Az4.0.0-preview" ]
      },
      "ContentHeaders": {
      }
    },
    "Response": {
      "StatusCode": 200,
      "Headers": {
        "Cache-Control": [ "no-cache" ],
        "Pragma": [ "no-cache" ],
        "x-ms-request-id": [ "ef0e0463-fead-4551-b233-954088c06b28" ],
        "Server": [ "Microsoft-HTTPAPI/2.0" ],
        "x-ms-ratelimit-remaining-subscription-reads": [ "11941" ],
        "x-ms-correlation-request-id": [ "268494a3-d5c3-411f-a4a0-4f2cf63beb3c" ],
        "x-ms-routing-request-id": [ "JAPANEAST:20210830T112950Z:268494a3-d5c3-411f-a4a0-4f2cf63beb3c" ],
        "Strict-Transport-Security": [ "max-age=31536000; includeSubDomains" ],
        "X-Content-Type-Options": [ "nosniff" ],
        "Date": [ "Mon, 30 Aug 2021 11:29:50 GMT" ]
      },
      "ContentHeaders": {
        "Expires": [ "-1" ],
        "Content-Length": [ "0" ]
      },
      "Content": null,
      "isContentBase64": false
    }
  }
}