{
  "Entries": [
    {
      "RequestUri": "/subscriptions/47f4bc68-6fe4-43a2-be8b-dfd0e290efa2/resourcegroups/ps4140?api-version=2016-09-01",
      "EncodedRequestUri": "L3N1YnNjcmlwdGlvbnMvNDdmNGJjNjgtNmZlNC00M2EyLWJlOGItZGZkMGUyOTBlZmEyL3Jlc291cmNlZ3JvdXBzL3BzNDE0MD9hcGktdmVyc2lvbj0yMDE2LTA5LTAx",
      "RequestMethod": "PUT",
      "RequestBody": "{\r\n  \"location\": \"West US\"\r\n}",
      "RequestHeaders": {
        "x-ms-client-request-id": [
          "3ea16a91-d048-455b-8a62-32216f2693df"
        ],
        "Accept-Language": [
          "en-US"
        ],
        "User-Agent": [
          "FxVersion/4.6.27129.04",
          "OSName/Windows",
          "OSVersion/Microsoft.Windows.10.0.17763.",
          "Microsoft.Azure.Management.Internal.Resources.ResourceManagementClient/1.2.0"
        ],
        "Content-Type": [
          "application/json; charset=utf-8"
        ],
        "Content-Length": [
          "29"
        ]
      },
      "ResponseHeaders": {
        "Cache-Control": [
          "no-cache"
        ],
        "Pragma": [
          "no-cache"
        ],
        "x-ms-ratelimit-remaining-subscription-writes": [
          "1199"
        ],
        "x-ms-request-id": [
          "a144a5eb-5cab-41af-a619-db11a86635cc"
        ],
        "x-ms-correlation-request-id": [
          "a144a5eb-5cab-41af-a619-db11a86635cc"
        ],
        "x-ms-routing-request-id": [
          "WESTUS2:20190510T234123Z:a144a5eb-5cab-41af-a619-db11a86635cc"
        ],
        "Strict-Transport-Security": [
          "max-age=31536000; includeSubDomains"
        ],
        "X-Content-Type-Options": [
          "nosniff"
        ],
        "Date": [
          "Fri, 10 May 2019 23:41:22 GMT"
        ],
        "Content-Length": [
          "165"
        ],
        "Content-Type": [
          "application/json; charset=utf-8"
        ],
        "Expires": [
          "-1"
        ]
      },
      "ResponseBody": "{\r\n  \"id\": \"/subscriptions/47f4bc68-6fe4-43a2-be8b-dfd0e290efa2/resourceGroups/ps4140\",\r\n  \"name\": \"ps4140\",\r\n  \"location\": \"westus\",\r\n  \"properties\": {\r\n    \"provisioningState\": \"Succeeded\"\r\n  }\r\n}",
      "StatusCode": 201
    },
    {
      "RequestUri": "/subscriptions/47f4bc68-6fe4-43a2-be8b-dfd0e290efa2/providers/Microsoft.Cdn/profiles?api-version=2019-04-15",
      "EncodedRequestUri": "L3N1YnNjcmlwdGlvbnMvNDdmNGJjNjgtNmZlNC00M2EyLWJlOGItZGZkMGUyOTBlZmEyL3Byb3ZpZGVycy9NaWNyb3NvZnQuQ2RuL3Byb2ZpbGVzP2FwaS12ZXJzaW9uPTIwMTktMDQtMTU=",
      "RequestMethod": "GET",
      "RequestBody": "",
      "RequestHeaders": {
        "x-ms-client-request-id": [
          "3a9c9f24-10d8-4f20-9efb-24cae8af7caa"
        ],
        "Accept-Language": [
          "en-US"
        ],
        "User-Agent": [
          "FxVersion/4.6.27129.04",
          "OSName/Windows",
          "OSVersion/Microsoft.Windows.10.0.17763.",
          "Microsoft.Azure.Management.Cdn.CdnManagementClient/4.2.2.0"
        ]
      },
      "ResponseHeaders": {
        "Cache-Control": [
          "no-cache"
        ],
        "Pragma": [
          "no-cache"
        ],
        "x-ms-request-id": [
          "ee63b093-0478-4aff-baf8-c9f54f913a98"
        ],
        "x-ms-client-request-id": [
          "3a9c9f24-10d8-4f20-9efb-24cae8af7caa"
        ],
        "OData-Version": [
          "4.0"
        ],
        "Strict-Transport-Security": [
          "max-age=31536000; includeSubDomains"
        ],
        "Server": [
          "Microsoft-IIS/8.5"
        ],
        "X-AspNet-Version": [
          "4.0.30319"
        ],
        "X-Powered-By": [
          "ASP.NET"
        ],
        "x-ms-ratelimit-remaining-subscription-reads": [
          "11999"
        ],
        "x-ms-correlation-request-id": [
          "70415408-9c40-4c85-8c01-fc7424346ada"
        ],
        "x-ms-routing-request-id": [
          "WESTUS2:20190510T234124Z:70415408-9c40-4c85-8c01-fc7424346ada"
        ],
        "X-Content-Type-Options": [
          "nosniff"
        ],
        "Date": [
          "Fri, 10 May 2019 23:41:24 GMT"
        ],
        "Content-Length": [
          "5756"
        ],
        "Content-Type": [
          "application/json; odata.metadata=minimal; odata.streaming=true"
        ],
        "Expires": [
          "-1"
        ]
      },
      "ResponseBody": "{\r\n  \"value\": [\r\n    {\r\n      \"name\": \"profile4551\",\r\n      \"id\": \"/subscriptions/47f4bc68-6fe4-43a2-be8b-dfd0e290efa2/resourcegroups/cdnResourceGroup7011/providers/Microsoft.Cdn/profiles/profile4551\",\r\n      \"type\": \"Microsoft.Cdn/profiles\",\r\n      \"tags\": {\r\n        \"key1\": \"value1\",\r\n        \"key2\": \"value2\"\r\n      },\r\n      \"location\": \"WestUs\",\r\n      \"sku\": {\r\n        \"name\": \"Standard_Akamai\"\r\n      },\r\n      \"properties\": {\r\n        \"provisioningState\": \"Succeeded\",\r\n        \"resourceState\": \"Active\"\r\n      }\r\n    },\r\n    {\r\n      \"name\": \"hata-verizon\",\r\n      \"id\": \"/subscriptions/47f4bc68-6fe4-43a2-be8b-dfd0e290efa2/resourcegroups/azureedgedefault/providers/Microsoft.Cdn/profiles/hata-verizon\",\r\n      \"type\": \"Microsoft.Cdn/profiles\",\r\n      \"tags\": {},\r\n      \"location\": \"CentralUs\",\r\n      \"sku\": {\r\n        \"name\": \"Standard_Verizon\"\r\n      },\r\n      \"properties\": {\r\n        \"provisioningState\": \"Succeeded\",\r\n        \"resourceState\": \"Active\"\r\n      }\r\n    },\r\n    {\r\n      \"name\": \"profile981\",\r\n      \"id\": \"/subscriptions/47f4bc68-6fe4-43a2-be8b-dfd0e290efa2/resourcegroups/cdnResourceGroup5308/providers/Microsoft.Cdn/profiles/profile981\",\r\n      \"type\": \"Microsoft.Cdn/profiles\",\r\n      \"tags\": {\r\n        \"key1\": \"value1\",\r\n        \"key2\": \"value2\"\r\n      },\r\n      \"location\": \"WestUs\",\r\n      \"sku\": {\r\n        \"name\": \"Standard_Akamai\"\r\n      },\r\n      \"properties\": {\r\n        \"provisioningState\": \"Succeeded\",\r\n        \"resourceState\": \"Active\"\r\n      }\r\n    },\r\n    {\r\n      \"name\": \"profile3470\",\r\n      \"id\": \"/subscriptions/47f4bc68-6fe4-43a2-be8b-dfd0e290efa2/resourcegroups/cdnResourceGroup7289/providers/Microsoft.Cdn/profiles/profile3470\",\r\n      \"type\": \"Microsoft.Cdn/profiles\",\r\n      \"tags\": {\r\n        \"key1\": \"value1\",\r\n        \"key2\": \"value2\"\r\n      },\r\n      \"location\": \"WestUs\",\r\n      \"sku\": {\r\n        \"name\": \"Standard_Microsoft\"\r\n      },\r\n      \"properties\": {\r\n        \"provisioningState\": \"Succeeded\",\r\n        \"resourceState\": \"Active\"\r\n      }\r\n    },\r\n    {\r\n      \"name\": \"ravindpAkamai\",\r\n      \"id\": \"/subscriptions/47f4bc68-6fe4-43a2-be8b-dfd0e290efa2/resourcegroups/ravindp/providers/Microsoft.Cdn/profiles/ravindpAkamai\",\r\n      \"type\": \"Microsoft.Cdn/profiles\",\r\n      \"tags\": {},\r\n      \"location\": \"CentralUs\",\r\n      \"sku\": {\r\n        \"name\": \"Standard_Akamai\"\r\n      },\r\n      \"properties\": {\r\n        \"provisioningState\": \"Succeeded\",\r\n        \"resourceState\": \"Active\"\r\n      }\r\n    },\r\n    {\r\n      \"name\": \"profile5369\",\r\n      \"id\": \"/subscriptions/47f4bc68-6fe4-43a2-be8b-dfd0e290efa2/resourcegroups/cdnResourceGroup3295/providers/Microsoft.Cdn/profiles/profile5369\",\r\n      \"type\": \"Microsoft.Cdn/profiles\",\r\n      \"tags\": {\r\n        \"key1\": \"value1\",\r\n        \"key2\": \"value2\"\r\n      },\r\n      \"location\": \"WestUs\",\r\n      \"sku\": {\r\n        \"name\": \"Standard_Microsoft\"\r\n      },\r\n      \"properties\": {\r\n        \"provisioningState\": \"Succeeded\",\r\n        \"resourceState\": \"Active\"\r\n      }\r\n    },\r\n    {\r\n      \"name\": \"profile6554\",\r\n      \"id\": \"/subscriptions/47f4bc68-6fe4-43a2-be8b-dfd0e290efa2/resourcegroups/cdnResourceGroup7289/providers/Microsoft.Cdn/profiles/profile6554\",\r\n      \"type\": \"Microsoft.Cdn/profiles\",\r\n      \"tags\": {\r\n        \"key1\": \"value1\",\r\n        \"key2\": \"value2\"\r\n      },\r\n      \"location\": \"WestUs\",\r\n      \"sku\": {\r\n        \"name\": \"Standard_Microsoft\"\r\n      },\r\n      \"properties\": {\r\n        \"provisioningState\": \"Succeeded\",\r\n        \"resourceState\": \"Active\"\r\n      }\r\n    },\r\n    {\r\n      \"name\": \"Hata-AFD\",\r\n      \"id\": \"/subscriptions/47f4bc68-6fe4-43a2-be8b-dfd0e290efa2/resourcegroups/HataTest/providers/Microsoft.Cdn/profiles/Hata-AFD\",\r\n      \"type\": \"Microsoft.Cdn/profiles\",\r\n      \"tags\": {},\r\n      \"location\": \"CentralUs\",\r\n      \"sku\": {\r\n        \"name\": \"Standard_Microsoft\"\r\n      },\r\n      \"properties\": {\r\n        \"provisioningState\": \"Succeeded\",\r\n        \"resourceState\": \"Active\"\r\n      }\r\n    },\r\n    {\r\n      \"name\": \"ps8126\",\r\n      \"id\": \"/subscriptions/47f4bc68-6fe4-43a2-be8b-dfd0e290efa2/resourcegroups/ps6218/providers/Microsoft.Cdn/profiles/ps8126\",\r\n      \"type\": \"Microsoft.Cdn/profiles\",\r\n      \"tags\": {\r\n        \"tag2\": \"value2\",\r\n        \"tag1\": \"value1\"\r\n      },\r\n      \"location\": \"EastUs\",\r\n      \"sku\": {\r\n        \"name\": \"Standard_Verizon\"\r\n      },\r\n      \"properties\": {\r\n        \"provisioningState\": \"Succeeded\",\r\n        \"resourceState\": \"Active\"\r\n      }\r\n    },\r\n    {\r\n      \"name\": \"IStayTaiwanMSCDN\",\r\n      \"id\": \"/subscriptions/47f4bc68-6fe4-43a2-be8b-dfd0e290efa2/resourcegroups/istaytaiwanresgroup/providers/Microsoft.Cdn/profiles/IStayTaiwanMSCDN\",\r\n      \"type\": \"Microsoft.Cdn/profiles\",\r\n      \"tags\": {},\r\n      \"location\": \"EastAsia\",\r\n      \"sku\": {\r\n        \"name\": \"Standard_Microsoft\"\r\n      },\r\n      \"properties\": {\r\n        \"provisioningState\": \"Succeeded\",\r\n        \"resourceState\": \"Active\"\r\n      }\r\n    },\r\n    {\r\n      \"name\": \"testProfile\",\r\n      \"id\": \"/subscriptions/47f4bc68-6fe4-43a2-be8b-dfd0e290efa2/resourcegroups/frontdoorpreview/providers/Microsoft.Cdn/profiles/testProfile\",\r\n      \"type\": \"Microsoft.Cdn/profiles\",\r\n      \"tags\": {\r\n        \"tag2\": \"value2\",\r\n        \"tag1\": \"value1\"\r\n      },\r\n      \"location\": \"EastUs\",\r\n      \"sku\": {\r\n        \"name\": \"Standard_Microsoft\"\r\n      },\r\n      \"properties\": {\r\n        \"provisioningState\": \"Succeeded\",\r\n        \"resourceState\": \"Active\"\r\n      }\r\n    },\r\n    {\r\n      \"name\": \"ravindpBYoC\",\r\n      \"id\": \"/subscriptions/47f4bc68-6fe4-43a2-be8b-dfd0e290efa2/resourcegroups/ravindp/providers/Microsoft.Cdn/profiles/ravindpBYoC\",\r\n      \"type\": \"Microsoft.Cdn/profiles\",\r\n      \"tags\": {},\r\n      \"location\": \"CentralUs\",\r\n      \"sku\": {\r\n        \"name\": \"Standard_Verizon\"\r\n      },\r\n      \"properties\": {\r\n        \"provisioningState\": \"Succeeded\",\r\n        \"resourceState\": \"Active\"\r\n      }\r\n    },\r\n    {\r\n      \"name\": \"test\",\r\n      \"id\": \"/subscriptions/47f4bc68-6fe4-43a2-be8b-dfd0e290efa2/resourcegroups/frontdoorpreview/providers/Microsoft.Cdn/profiles/test\",\r\n      \"type\": \"Microsoft.Cdn/profiles\",\r\n      \"tags\": {},\r\n      \"location\": \"WestUs\",\r\n      \"sku\": {\r\n        \"name\": \"Standard_Microsoft\"\r\n      },\r\n      \"properties\": {\r\n        \"provisioningState\": \"Succeeded\",\r\n        \"resourceState\": \"Active\"\r\n      }\r\n    },\r\n    {\r\n      \"name\": \"susi-test\",\r\n      \"id\": \"/subscriptions/47f4bc68-6fe4-43a2-be8b-dfd0e290efa2/resourcegroups/susi/providers/Microsoft.Cdn/profiles/susi-test\",\r\n      \"type\": \"Microsoft.Cdn/profiles\",\r\n      \"tags\": {},\r\n      \"location\": \"WestUs\",\r\n      \"sku\": {\r\n        \"name\": \"Standard_Microsoft\"\r\n      },\r\n      \"properties\": {\r\n        \"provisioningState\": \"Succeeded\",\r\n        \"resourceState\": \"Active\"\r\n      }\r\n    }\r\n  ]\r\n}",
      "StatusCode": 200
    },
    {
      "RequestUri": "/subscriptions/47f4bc68-6fe4-43a2-be8b-dfd0e290efa2/resourceGroups/ps4140/providers/Microsoft.Cdn/profiles/ps3936?api-version=2019-04-15",
      "EncodedRequestUri": "L3N1YnNjcmlwdGlvbnMvNDdmNGJjNjgtNmZlNC00M2EyLWJlOGItZGZkMGUyOTBlZmEyL3Jlc291cmNlR3JvdXBzL3BzNDE0MC9wcm92aWRlcnMvTWljcm9zb2Z0LkNkbi9wcm9maWxlcy9wczM5MzY/YXBpLXZlcnNpb249MjAxOS0wNC0xNQ==",
      "RequestMethod": "PUT",
      "RequestBody": "{\r\n  \"sku\": {\r\n    \"name\": \"Standard_Verizon\"\r\n  },\r\n  \"location\": \"EastUS\"\r\n}",
      "RequestHeaders": {
        "x-ms-client-request-id": [
          "92ac125e-1144-44fd-b7dd-162f818711ab"
        ],
        "Accept-Language": [
          "en-US"
        ],
        "User-Agent": [
          "FxVersion/4.6.27129.04",
          "OSName/Windows",
          "OSVersion/Microsoft.Windows.10.0.17763.",
          "Microsoft.Azure.Management.Cdn.CdnManagementClient/4.2.2.0"
        ],
        "Content-Type": [
          "application/json; charset=utf-8"
        ],
        "Content-Length": [
          "78"
        ]
      },
      "ResponseHeaders": {
        "Cache-Control": [
          "no-cache"
        ],
        "Pragma": [
          "no-cache"
        ],
        "Retry-After": [
          "10"
        ],
        "x-ms-request-id": [
          "6bb2581e-d083-411d-a884-f745e580ad99"
        ],
        "x-ms-client-request-id": [
          "92ac125e-1144-44fd-b7dd-162f818711ab"
        ],
        "Azure-AsyncOperation": [
          "https://management.azure.com/subscriptions/47f4bc68-6fe4-43a2-be8b-dfd0e290efa2/resourcegroups/ps4140/providers/Microsoft.Cdn/operationresults/de9b888e-2471-4b07-b82e-1df4cbdaae00?api-version=2019-04-15"
        ],
        "OData-Version": [
          "4.0"
        ],
        "Strict-Transport-Security": [
          "max-age=31536000; includeSubDomains"
        ],
        "Server": [
          "Microsoft-IIS/8.5"
        ],
        "X-AspNet-Version": [
          "4.0.30319"
        ],
        "X-Powered-By": [
          "ASP.NET"
        ],
        "x-ms-ratelimit-remaining-subscription-writes": [
          "1199"
        ],
        "x-ms-correlation-request-id": [
          "1408a891-a176-4a4e-8481-fe0d129f2cbe"
        ],
        "x-ms-routing-request-id": [
          "WESTUS2:20190510T234126Z:1408a891-a176-4a4e-8481-fe0d129f2cbe"
        ],
        "X-Content-Type-Options": [
          "nosniff"
        ],
        "Date": [
          "Fri, 10 May 2019 23:41:25 GMT"
        ],
        "Content-Length": [
          "343"
        ],
        "Content-Type": [
          "application/json; odata.metadata=minimal"
        ],
        "Expires": [
          "-1"
        ]
      },
      "ResponseBody": "{\r\n  \"name\": \"ps3936\",\r\n  \"id\": \"/subscriptions/47f4bc68-6fe4-43a2-be8b-dfd0e290efa2/resourcegroups/ps4140/providers/Microsoft.Cdn/profiles/ps3936\",\r\n  \"type\": \"Microsoft.Cdn/profiles\",\r\n  \"tags\": {},\r\n  \"location\": \"EastUs\",\r\n  \"sku\": {\r\n    \"name\": \"Standard_Verizon\"\r\n  },\r\n  \"properties\": {\r\n    \"provisioningState\": \"Creating\",\r\n    \"resourceState\": \"Creating\"\r\n  }\r\n}",
      "StatusCode": 201
    },
    {
      "RequestUri": "/subscriptions/47f4bc68-6fe4-43a2-be8b-dfd0e290efa2/resourcegroups/ps4140/providers/Microsoft.Cdn/operationresults/de9b888e-2471-4b07-b82e-1df4cbdaae00?api-version=2019-04-15",
      "EncodedRequestUri": "L3N1YnNjcmlwdGlvbnMvNDdmNGJjNjgtNmZlNC00M2EyLWJlOGItZGZkMGUyOTBlZmEyL3Jlc291cmNlZ3JvdXBzL3BzNDE0MC9wcm92aWRlcnMvTWljcm9zb2Z0LkNkbi9vcGVyYXRpb25yZXN1bHRzL2RlOWI4ODhlLTI0NzEtNGIwNy1iODJlLTFkZjRjYmRhYWUwMD9hcGktdmVyc2lvbj0yMDE5LTA0LTE1",
      "RequestMethod": "GET",
      "RequestBody": "",
      "RequestHeaders": {
        "User-Agent": [
          "FxVersion/4.6.27129.04",
          "OSName/Windows",
          "OSVersion/Microsoft.Windows.10.0.17763.",
          "Microsoft.Azure.Management.Cdn.CdnManagementClient/4.2.2.0"
        ]
      },
      "ResponseHeaders": {
        "Cache-Control": [
          "no-cache"
        ],
        "Pragma": [
          "no-cache"
        ],
        "x-ms-request-id": [
          "ded72ce6-5d74-4162-b82b-afcdc61563ae"
        ],
        "x-ms-client-request-id": [
          "492356b4-6bfd-4c95-bf37-20d8126be0e7"
        ],
        "OData-Version": [
          "4.0"
        ],
        "Strict-Transport-Security": [
          "max-age=31536000; includeSubDomains"
        ],
        "Server": [
          "Microsoft-IIS/8.5"
        ],
        "X-AspNet-Version": [
          "4.0.30319"
        ],
        "X-Powered-By": [
          "ASP.NET"
        ],
        "x-ms-ratelimit-remaining-subscription-reads": [
          "11998"
        ],
        "x-ms-correlation-request-id": [
          "e77c4f19-315b-4b0f-ad1e-1b39d6e12288"
        ],
        "x-ms-routing-request-id": [
          "WESTUS2:20190510T234150Z:e77c4f19-315b-4b0f-ad1e-1b39d6e12288"
        ],
        "X-Content-Type-Options": [
          "nosniff"
        ],
        "Date": [
          "Fri, 10 May 2019 23:41:49 GMT"
        ],
        "Content-Length": [
          "77"
        ],
        "Content-Type": [
          "application/json; odata.metadata=minimal; odata.streaming=true"
        ],
        "Expires": [
          "-1"
        ]
      },
      "ResponseBody": "{\r\n  \"status\": \"Succeeded\",\r\n  \"error\": {\r\n    \"code\": \"None\",\r\n    \"message\": null\r\n  }\r\n}",
      "StatusCode": 200
    },
    {
      "RequestUri": "/subscriptions/47f4bc68-6fe4-43a2-be8b-dfd0e290efa2/resourceGroups/ps4140/providers/Microsoft.Cdn/profiles/ps3936?api-version=2019-04-15",
      "EncodedRequestUri": "L3N1YnNjcmlwdGlvbnMvNDdmNGJjNjgtNmZlNC00M2EyLWJlOGItZGZkMGUyOTBlZmEyL3Jlc291cmNlR3JvdXBzL3BzNDE0MC9wcm92aWRlcnMvTWljcm9zb2Z0LkNkbi9wcm9maWxlcy9wczM5MzY/YXBpLXZlcnNpb249MjAxOS0wNC0xNQ==",
      "RequestMethod": "GET",
      "RequestBody": "",
      "RequestHeaders": {
        "User-Agent": [
          "FxVersion/4.6.27129.04",
          "OSName/Windows",
          "OSVersion/Microsoft.Windows.10.0.17763.",
          "Microsoft.Azure.Management.Cdn.CdnManagementClient/4.2.2.0"
        ]
      },
      "ResponseHeaders": {
        "Cache-Control": [
          "no-cache"
        ],
        "Pragma": [
          "no-cache"
        ],
        "x-ms-request-id": [
          "e2455a01-7ef6-44e9-8ee5-936ff09fc5f9"
        ],
        "x-ms-client-request-id": [
          "42cc144c-bdc4-4b61-bd7e-89aa1e8cc9ae"
        ],
        "OData-Version": [
          "4.0"
        ],
        "Strict-Transport-Security": [
          "max-age=31536000; includeSubDomains"
        ],
        "Server": [
          "Microsoft-IIS/8.5"
        ],
        "X-AspNet-Version": [
          "4.0.30319"
        ],
        "X-Powered-By": [
          "ASP.NET"
        ],
        "x-ms-ratelimit-remaining-subscription-reads": [
          "11997"
        ],
        "x-ms-correlation-request-id": [
          "b0f8729f-6a1d-4a0e-bc69-7e8105d9cf4f"
        ],
        "x-ms-routing-request-id": [
          "WESTUS2:20190510T234151Z:b0f8729f-6a1d-4a0e-bc69-7e8105d9cf4f"
        ],
        "X-Content-Type-Options": [
          "nosniff"
        ],
        "Date": [
          "Fri, 10 May 2019 23:41:51 GMT"
        ],
        "Content-Length": [
          "342"
        ],
        "Content-Type": [
          "application/json; odata.metadata=minimal; odata.streaming=true"
        ],
        "Expires": [
          "-1"
        ]
      },
      "ResponseBody": "{\r\n  \"name\": \"ps3936\",\r\n  \"id\": \"/subscriptions/47f4bc68-6fe4-43a2-be8b-dfd0e290efa2/resourcegroups/ps4140/providers/Microsoft.Cdn/profiles/ps3936\",\r\n  \"type\": \"Microsoft.Cdn/profiles\",\r\n  \"tags\": {},\r\n  \"location\": \"EastUs\",\r\n  \"sku\": {\r\n    \"name\": \"Standard_Verizon\"\r\n  },\r\n  \"properties\": {\r\n    \"provisioningState\": \"Succeeded\",\r\n    \"resourceState\": \"Active\"\r\n  }\r\n}",
      "StatusCode": 200
    },
    {
      "RequestUri": "/providers/Microsoft.Cdn/checkNameAvailability?api-version=2019-04-15",
      "EncodedRequestUri": "L3Byb3ZpZGVycy9NaWNyb3NvZnQuQ2RuL2NoZWNrTmFtZUF2YWlsYWJpbGl0eT9hcGktdmVyc2lvbj0yMDE5LTA0LTE1",
      "RequestMethod": "POST",
      "RequestBody": "{\r\n  \"name\": \"ps1775\",\r\n  \"type\": \"Microsoft.Cdn/Profiles/Endpoints\"\r\n}",
      "RequestHeaders": {
        "x-ms-client-request-id": [
          "5525a31e-c0b3-48cc-9ebf-de003aaf7b2f"
        ],
        "Accept-Language": [
          "en-US"
        ],
        "User-Agent": [
          "FxVersion/4.6.27129.04",
          "OSName/Windows",
          "OSVersion/Microsoft.Windows.10.0.17763.",
          "Microsoft.Azure.Management.Cdn.CdnManagementClient/4.2.2.0"
        ],
        "Content-Type": [
          "application/json; charset=utf-8"
        ],
        "Content-Length": [
          "71"
        ]
      },
      "ResponseHeaders": {
        "Cache-Control": [
          "no-cache"
        ],
        "Pragma": [
          "no-cache"
        ],
        "x-ms-request-id": [
          "eb30cf37-e4df-4a70-9fb5-b0133340422f"
        ],
        "x-ms-client-request-id": [
          "5525a31e-c0b3-48cc-9ebf-de003aaf7b2f"
        ],
        "OData-Version": [
          "4.0"
        ],
        "Strict-Transport-Security": [
          "max-age=31536000; includeSubDomains"
        ],
        "Server": [
          "Microsoft-IIS/8.5"
        ],
        "X-AspNet-Version": [
          "4.0.30319"
        ],
        "X-Powered-By": [
          "ASP.NET"
        ],
        "x-ms-ratelimit-remaining-tenant-writes": [
          "1199"
        ],
        "x-ms-correlation-request-id": [
          "336d830e-f92f-4efd-86f5-3f3ac19d4188"
        ],
        "x-ms-routing-request-id": [
          "WESTUS2:20190510T234151Z:336d830e-f92f-4efd-86f5-3f3ac19d4188"
        ],
        "X-Content-Type-Options": [
          "nosniff"
        ],
        "Date": [
          "Fri, 10 May 2019 23:41:51 GMT"
        ],
        "Content-Length": [
          "57"
        ],
        "Content-Type": [
          "application/json; odata.metadata=minimal"
        ],
        "Expires": [
          "-1"
        ]
      },
      "ResponseBody": "{\r\n  \"nameAvailable\": true,\r\n  \"reason\": null,\r\n  \"message\": null\r\n}",
      "StatusCode": 200
    },
    {
      "RequestUri": "/providers/Microsoft.Cdn/checkNameAvailability?api-version=2019-04-15",
      "EncodedRequestUri": "L3Byb3ZpZGVycy9NaWNyb3NvZnQuQ2RuL2NoZWNrTmFtZUF2YWlsYWJpbGl0eT9hcGktdmVyc2lvbj0yMDE5LTA0LTE1",
      "RequestMethod": "POST",
      "RequestBody": "{\r\n  \"name\": \"ps1775\",\r\n  \"type\": \"Microsoft.Cdn/Profiles/Endpoints\"\r\n}",
      "RequestHeaders": {
        "x-ms-client-request-id": [
          "115cd08e-e4bc-481b-a3e7-3818f3359ac8"
        ],
        "Accept-Language": [
          "en-US"
        ],
        "User-Agent": [
          "FxVersion/4.6.27129.04",
          "OSName/Windows",
          "OSVersion/Microsoft.Windows.10.0.17763.",
          "Microsoft.Azure.Management.Cdn.CdnManagementClient/4.2.2.0"
        ],
        "Content-Type": [
          "application/json; charset=utf-8"
        ],
        "Content-Length": [
          "71"
        ]
      },
      "ResponseHeaders": {
        "Cache-Control": [
          "no-cache"
        ],
        "Pragma": [
          "no-cache"
        ],
        "x-ms-request-id": [
          "7af7e209-7160-48ac-857d-51c17b84968f"
        ],
        "x-ms-client-request-id": [
          "115cd08e-e4bc-481b-a3e7-3818f3359ac8"
        ],
        "OData-Version": [
          "4.0"
        ],
        "Strict-Transport-Security": [
          "max-age=31536000; includeSubDomains"
        ],
        "Server": [
          "Microsoft-IIS/8.5"
        ],
        "X-AspNet-Version": [
          "4.0.30319"
        ],
        "X-Powered-By": [
          "ASP.NET"
        ],
        "x-ms-ratelimit-remaining-tenant-writes": [
          "1198"
        ],
        "x-ms-correlation-request-id": [
          "8ca92eea-dd5a-4b3c-8b5a-961b7ee2395a"
        ],
        "x-ms-routing-request-id": [
          "WESTUS2:20190510T234152Z:8ca92eea-dd5a-4b3c-8b5a-961b7ee2395a"
        ],
        "X-Content-Type-Options": [
          "nosniff"
        ],
        "Date": [
          "Fri, 10 May 2019 23:41:52 GMT"
        ],
        "Content-Length": [
          "57"
        ],
        "Content-Type": [
          "application/json; odata.metadata=minimal"
        ],
        "Expires": [
          "-1"
        ]
      },
      "ResponseBody": "{\r\n  \"nameAvailable\": true,\r\n  \"reason\": null,\r\n  \"message\": null\r\n}",
      "StatusCode": 200
    },
    {
      "RequestUri": "/subscriptions/47f4bc68-6fe4-43a2-be8b-dfd0e290efa2/resourceGroups/ps4140/providers/Microsoft.Cdn/profiles/ps3936/endpoints/ps1775?api-version=2019-04-15",
      "EncodedRequestUri": "L3N1YnNjcmlwdGlvbnMvNDdmNGJjNjgtNmZlNC00M2EyLWJlOGItZGZkMGUyOTBlZmEyL3Jlc291cmNlR3JvdXBzL3BzNDE0MC9wcm92aWRlcnMvTWljcm9zb2Z0LkNkbi9wcm9maWxlcy9wczM5MzYvZW5kcG9pbnRzL3BzMTc3NT9hcGktdmVyc2lvbj0yMDE5LTA0LTE1",
      "RequestMethod": "PUT",
      "RequestBody": "{\r\n  \"properties\": {\r\n    \"originHostHeader\": \"azurecdn-files.azureedge.net\",\r\n    \"originPath\": \"/dsa-test\",\r\n    \"contentTypesToCompress\": [],\r\n    \"isCompressionEnabled\": false,\r\n    \"isHttpAllowed\": true,\r\n    \"isHttpsAllowed\": true,\r\n    \"queryStringCachingBehavior\": \"NotSet\",\r\n    \"optimizationType\": \"DynamicSiteAcceleration\",\r\n    \"probePath\": \"/probe-v.txt\",\r\n    \"origins\": [\r\n      {\r\n        \"name\": \"ps3691\",\r\n        \"properties\": {\r\n          \"hostName\": \"www.microsoft.com\"\r\n        }\r\n      }\r\n    ]\r\n  },\r\n  \"location\": \"EastUS\"\r\n}",
      "RequestHeaders": {
        "x-ms-client-request-id": [
          "c3fb976f-bac9-4e79-b37a-6a5b3fbd6f8f"
        ],
        "Accept-Language": [
          "en-US"
        ],
        "User-Agent": [
          "FxVersion/4.6.27129.04",
          "OSName/Windows",
          "OSVersion/Microsoft.Windows.10.0.17763.",
          "Microsoft.Azure.Management.Cdn.CdnManagementClient/4.2.2.0"
        ],
        "Content-Type": [
          "application/json; charset=utf-8"
        ],
        "Content-Length": [
          "550"
        ]
      },
      "ResponseHeaders": {
        "Cache-Control": [
          "no-cache"
        ],
        "Pragma": [
          "no-cache"
        ],
        "Retry-After": [
          "10"
        ],
        "x-ms-request-id": [
          "172b3f93-f730-4584-bfac-57b4df43822d"
        ],
        "x-ms-client-request-id": [
          "c3fb976f-bac9-4e79-b37a-6a5b3fbd6f8f"
        ],
        "Azure-AsyncOperation": [
          "https://management.azure.com/subscriptions/47f4bc68-6fe4-43a2-be8b-dfd0e290efa2/resourcegroups/ps4140/providers/Microsoft.Cdn/operationresults/a70e82ab-9473-404a-b77b-07bbf74778c4?api-version=2019-04-15"
        ],
        "OData-Version": [
          "4.0"
        ],
        "Strict-Transport-Security": [
          "max-age=31536000; includeSubDomains"
        ],
        "Server": [
          "Microsoft-IIS/8.5"
        ],
        "X-AspNet-Version": [
          "4.0.30319"
        ],
        "X-Powered-By": [
          "ASP.NET"
        ],
        "x-ms-ratelimit-remaining-subscription-writes": [
          "1198"
        ],
        "x-ms-correlation-request-id": [
          "320a7c79-2416-4bfb-9456-a3a80d999515"
        ],
        "x-ms-routing-request-id": [
          "WESTUS2:20190510T234205Z:320a7c79-2416-4bfb-9456-a3a80d999515"
        ],
        "X-Content-Type-Options": [
          "nosniff"
        ],
        "Date": [
          "Fri, 10 May 2019 23:42:05 GMT"
        ],
        "Content-Length": [
          "918"
        ],
        "Content-Type": [
          "application/json; odata.metadata=minimal"
        ],
        "Expires": [
          "-1"
        ]
      },
      "ResponseBody": "{\r\n  \"name\": \"ps1775\",\r\n  \"id\": \"/subscriptions/47f4bc68-6fe4-43a2-be8b-dfd0e290efa2/resourcegroups/ps4140/providers/Microsoft.Cdn/profiles/ps3936/endpoints/ps1775\",\r\n  \"type\": \"Microsoft.Cdn/profiles/endpoints\",\r\n  \"tags\": {},\r\n  \"location\": \"EastUs\",\r\n  \"properties\": {\r\n    \"hostName\": \"ps1775.azureedge.net\",\r\n    \"originHostHeader\": \"azurecdn-files.azureedge.net\",\r\n    \"provisioningState\": \"Creating\",\r\n    \"resourceState\": \"Creating\",\r\n    \"isHttpAllowed\": true,\r\n    \"isHttpsAllowed\": true,\r\n    \"queryStringCachingBehavior\": \"IgnoreQueryString\",\r\n    \"originPath\": \"/dsa-test\",\r\n    \"origins\": [\r\n      {\r\n        \"name\": \"ps3691\",\r\n        \"properties\": {\r\n          \"hostName\": \"www.microsoft.com\",\r\n          \"httpPort\": null,\r\n          \"httpsPort\": null\r\n        }\r\n      }\r\n    ],\r\n    \"customDomains\": [],\r\n    \"contentTypesToCompress\": [],\r\n    \"isCompressionEnabled\": false,\r\n    \"optimizationType\": \"DynamicSiteAcceleration\",\r\n    \"probePath\": \"/probe-v.txt\",\r\n    \"geoFilters\": [],\r\n    \"deliveryPolicy\": null\r\n  }\r\n}",
      "StatusCode": 201
    },
    {
      "RequestUri": "/subscriptions/47f4bc68-6fe4-43a2-be8b-dfd0e290efa2/resourcegroups/ps4140/providers/Microsoft.Cdn/operationresults/a70e82ab-9473-404a-b77b-07bbf74778c4?api-version=2019-04-15",
      "EncodedRequestUri": "L3N1YnNjcmlwdGlvbnMvNDdmNGJjNjgtNmZlNC00M2EyLWJlOGItZGZkMGUyOTBlZmEyL3Jlc291cmNlZ3JvdXBzL3BzNDE0MC9wcm92aWRlcnMvTWljcm9zb2Z0LkNkbi9vcGVyYXRpb25yZXN1bHRzL2E3MGU4MmFiLTk0NzMtNDA0YS1iNzdiLTA3YmJmNzQ3NzhjND9hcGktdmVyc2lvbj0yMDE5LTA0LTE1",
      "RequestMethod": "GET",
      "RequestBody": "",
      "RequestHeaders": {
        "User-Agent": [
          "FxVersion/4.6.27129.04",
          "OSName/Windows",
          "OSVersion/Microsoft.Windows.10.0.17763.",
          "Microsoft.Azure.Management.Cdn.CdnManagementClient/4.2.2.0"
        ]
      },
      "ResponseHeaders": {
        "Cache-Control": [
          "no-cache"
        ],
        "Pragma": [
          "no-cache"
        ],
        "x-ms-request-id": [
          "377327a9-4213-4f9f-abe0-ee9f8fd22816"
        ],
        "x-ms-client-request-id": [
          "cc10945c-6055-46f3-a537-36b21bc33972"
        ],
        "OData-Version": [
          "4.0"
        ],
        "Strict-Transport-Security": [
          "max-age=31536000; includeSubDomains"
        ],
        "Server": [
          "Microsoft-IIS/8.5"
        ],
        "X-AspNet-Version": [
          "4.0.30319"
        ],
        "X-Powered-By": [
          "ASP.NET"
        ],
        "x-ms-ratelimit-remaining-subscription-reads": [
          "11996"
        ],
        "x-ms-correlation-request-id": [
          "e4aa1d4c-2ab6-4467-bd20-9e175abe688c"
        ],
        "x-ms-routing-request-id": [
          "WESTUS2:20190510T234215Z:e4aa1d4c-2ab6-4467-bd20-9e175abe688c"
        ],
        "X-Content-Type-Options": [
          "nosniff"
        ],
        "Date": [
          "Fri, 10 May 2019 23:42:15 GMT"
        ],
        "Content-Length": [
          "77"
        ],
        "Content-Type": [
          "application/json; odata.metadata=minimal; odata.streaming=true"
        ],
        "Expires": [
          "-1"
        ]
      },
      "ResponseBody": "{\r\n  \"status\": \"Succeeded\",\r\n  \"error\": {\r\n    \"code\": \"None\",\r\n    \"message\": null\r\n  }\r\n}",
      "StatusCode": 200
    },
    {
      "RequestUri": "/subscriptions/47f4bc68-6fe4-43a2-be8b-dfd0e290efa2/resourceGroups/ps4140/providers/Microsoft.Cdn/profiles/ps3936/endpoints/ps1775?api-version=2019-04-15",
      "EncodedRequestUri": "L3N1YnNjcmlwdGlvbnMvNDdmNGJjNjgtNmZlNC00M2EyLWJlOGItZGZkMGUyOTBlZmEyL3Jlc291cmNlR3JvdXBzL3BzNDE0MC9wcm92aWRlcnMvTWljcm9zb2Z0LkNkbi9wcm9maWxlcy9wczM5MzYvZW5kcG9pbnRzL3BzMTc3NT9hcGktdmVyc2lvbj0yMDE5LTA0LTE1",
      "RequestMethod": "GET",
      "RequestBody": "",
      "RequestHeaders": {
        "User-Agent": [
          "FxVersion/4.6.27129.04",
          "OSName/Windows",
          "OSVersion/Microsoft.Windows.10.0.17763.",
          "Microsoft.Azure.Management.Cdn.CdnManagementClient/4.2.2.0"
        ]
      },
      "ResponseHeaders": {
        "Cache-Control": [
          "no-cache"
        ],
        "Pragma": [
          "no-cache"
        ],
        "x-ms-request-id": [
          "4d45e649-5cab-4758-af91-a840e6033ef3"
        ],
        "x-ms-client-request-id": [
          "2eafd7ff-976d-4e0b-8e9c-ad57d60c709f"
        ],
        "OData-Version": [
          "4.0"
        ],
        "Strict-Transport-Security": [
          "max-age=31536000; includeSubDomains"
        ],
        "Server": [
          "Microsoft-IIS/8.5"
        ],
        "X-AspNet-Version": [
          "4.0.30319"
        ],
        "X-Powered-By": [
          "ASP.NET"
        ],
        "x-ms-ratelimit-remaining-subscription-reads": [
          "11995"
        ],
        "x-ms-correlation-request-id": [
          "549f0b0e-85b8-41bc-80bc-bab8645f9346"
        ],
        "x-ms-routing-request-id": [
          "WESTUS2:20190510T234216Z:549f0b0e-85b8-41bc-80bc-bab8645f9346"
        ],
        "X-Content-Type-Options": [
          "nosniff"
        ],
        "Date": [
          "Fri, 10 May 2019 23:42:16 GMT"
        ],
        "Content-Length": [
          "918"
        ],
        "Content-Type": [
          "application/json; odata.metadata=minimal; odata.streaming=true"
        ],
        "Expires": [
          "-1"
        ]
      },
      "ResponseBody": "{\r\n  \"name\": \"ps1775\",\r\n  \"id\": \"/subscriptions/47f4bc68-6fe4-43a2-be8b-dfd0e290efa2/resourcegroups/ps4140/providers/Microsoft.Cdn/profiles/ps3936/endpoints/ps1775\",\r\n  \"type\": \"Microsoft.Cdn/profiles/endpoints\",\r\n  \"tags\": {},\r\n  \"location\": \"EastUs\",\r\n  \"properties\": {\r\n    \"hostName\": \"ps1775.azureedge.net\",\r\n    \"originHostHeader\": \"azurecdn-files.azureedge.net\",\r\n    \"provisioningState\": \"Succeeded\",\r\n    \"resourceState\": \"Running\",\r\n    \"isHttpAllowed\": true,\r\n    \"isHttpsAllowed\": true,\r\n    \"queryStringCachingBehavior\": \"IgnoreQueryString\",\r\n    \"originPath\": \"/dsa-test\",\r\n    \"origins\": [\r\n      {\r\n        \"name\": \"ps3691\",\r\n        \"properties\": {\r\n          \"hostName\": \"www.microsoft.com\",\r\n          \"httpPort\": null,\r\n          \"httpsPort\": null\r\n        }\r\n      }\r\n    ],\r\n    \"customDomains\": [],\r\n    \"contentTypesToCompress\": [],\r\n    \"isCompressionEnabled\": false,\r\n    \"optimizationType\": \"DynamicSiteAcceleration\",\r\n    \"probePath\": \"/probe-v.txt\",\r\n    \"geoFilters\": [],\r\n    \"deliveryPolicy\": null\r\n  }\r\n}",
      "StatusCode": 200
    },
    {
      "RequestUri": "/subscriptions/47f4bc68-6fe4-43a2-be8b-dfd0e290efa2/resourcegroups/ps4140?api-version=2016-09-01",
      "EncodedRequestUri": "L3N1YnNjcmlwdGlvbnMvNDdmNGJjNjgtNmZlNC00M2EyLWJlOGItZGZkMGUyOTBlZmEyL3Jlc291cmNlZ3JvdXBzL3BzNDE0MD9hcGktdmVyc2lvbj0yMDE2LTA5LTAx",
      "RequestMethod": "DELETE",
      "RequestBody": "",
      "RequestHeaders": {
        "x-ms-client-request-id": [
          "5eed41fe-8ca3-44f9-a75b-bd2eab806cb5"
        ],
        "Accept-Language": [
          "en-US"
        ],
        "User-Agent": [
          "FxVersion/4.6.27129.04",
          "OSName/Windows",
          "OSVersion/Microsoft.Windows.10.0.17763.",
          "Microsoft.Azure.Management.Internal.Resources.ResourceManagementClient/1.2.0"
        ]
      },
      "ResponseHeaders": {
        "Cache-Control": [
          "no-cache"
        ],
        "Pragma": [
          "no-cache"
        ],
        "Location": [
          "https://management.azure.com/subscriptions/47f4bc68-6fe4-43a2-be8b-dfd0e290efa2/operationresults/eyJqb2JJZCI6IlJFU09VUkNFR1JPVVBERUxFVElPTkpPQi1QUzQxNDAtV0VTVFVTIiwiam9iTG9jYXRpb24iOiJ3ZXN0dXMifQ?api-version=2016-09-01"
        ],
        "Retry-After": [
          "15"
        ],
        "x-ms-ratelimit-remaining-subscription-deletes": [
          "14999"
        ],
        "x-ms-request-id": [
          "09f19c93-3fd6-4013-813f-893575c97ab1"
        ],
        "x-ms-correlation-request-id": [
          "09f19c93-3fd6-4013-813f-893575c97ab1"
        ],
        "x-ms-routing-request-id": [
          "WESTUS2:20190510T234216Z:09f19c93-3fd6-4013-813f-893575c97ab1"
        ],
        "Strict-Transport-Security": [
          "max-age=31536000; includeSubDomains"
        ],
        "X-Content-Type-Options": [
          "nosniff"
        ],
        "Date": [
          "Fri, 10 May 2019 23:42:16 GMT"
        ],
        "Expires": [
          "-1"
        ],
        "Content-Length": [
          "0"
        ]
      },
      "ResponseBody": "",
      "StatusCode": 202
    },
    {
      "RequestUri": "/subscriptions/47f4bc68-6fe4-43a2-be8b-dfd0e290efa2/operationresults/eyJqb2JJZCI6IlJFU09VUkNFR1JPVVBERUxFVElPTkpPQi1QUzQxNDAtV0VTVFVTIiwiam9iTG9jYXRpb24iOiJ3ZXN0dXMifQ?api-version=2016-09-01",
      "EncodedRequestUri": "L3N1YnNjcmlwdGlvbnMvNDdmNGJjNjgtNmZlNC00M2EyLWJlOGItZGZkMGUyOTBlZmEyL29wZXJhdGlvbnJlc3VsdHMvZXlKcWIySkpaQ0k2SWxKRlUwOVZVa05GUjFKUFZWQkVSVXhGVkVsUFRrcFBRaTFRVXpReE5EQXRWMFZUVkZWVElpd2lhbTlpVEc5allYUnBiMjRpT2lKM1pYTjBkWE1pZlE/YXBpLXZlcnNpb249MjAxNi0wOS0wMQ==",
      "RequestMethod": "GET",
      "RequestBody": "",
      "RequestHeaders": {
        "User-Agent": [
          "FxVersion/4.6.27129.04",
          "OSName/Windows",
          "OSVersion/Microsoft.Windows.10.0.17763.",
          "Microsoft.Azure.Management.Internal.Resources.ResourceManagementClient/1.2.0"
        ]
      },
      "ResponseHeaders": {
        "Cache-Control": [
          "no-cache"
        ],
        "Pragma": [
          "no-cache"
        ],
        "Location": [
          "https://management.azure.com/subscriptions/47f4bc68-6fe4-43a2-be8b-dfd0e290efa2/operationresults/eyJqb2JJZCI6IlJFU09VUkNFR1JPVVBERUxFVElPTkpPQi1QUzQxNDAtV0VTVFVTIiwiam9iTG9jYXRpb24iOiJ3ZXN0dXMifQ?api-version=2016-09-01"
        ],
        "Retry-After": [
          "15"
        ],
        "x-ms-ratelimit-remaining-subscription-reads": [
          "11994"
        ],
        "x-ms-request-id": [
          "099cd879-6831-43ea-acf8-1a871fb92f86"
        ],
        "x-ms-correlation-request-id": [
          "099cd879-6831-43ea-acf8-1a871fb92f86"
        ],
        "x-ms-routing-request-id": [
          "WESTUS2:20190510T234231Z:099cd879-6831-43ea-acf8-1a871fb92f86"
        ],
        "Strict-Transport-Security": [
          "max-age=31536000; includeSubDomains"
        ],
        "X-Content-Type-Options": [
          "nosniff"
        ],
        "Date": [
          "Fri, 10 May 2019 23:42:31 GMT"
        ],
        "Expires": [
          "-1"
        ],
        "Content-Length": [
          "0"
        ]
      },
      "ResponseBody": "",
      "StatusCode": 202
    },
    {
      "RequestUri": "/subscriptions/47f4bc68-6fe4-43a2-be8b-dfd0e290efa2/operationresults/eyJqb2JJZCI6IlJFU09VUkNFR1JPVVBERUxFVElPTkpPQi1QUzQxNDAtV0VTVFVTIiwiam9iTG9jYXRpb24iOiJ3ZXN0dXMifQ?api-version=2016-09-01",
      "EncodedRequestUri": "L3N1YnNjcmlwdGlvbnMvNDdmNGJjNjgtNmZlNC00M2EyLWJlOGItZGZkMGUyOTBlZmEyL29wZXJhdGlvbnJlc3VsdHMvZXlKcWIySkpaQ0k2SWxKRlUwOVZVa05GUjFKUFZWQkVSVXhGVkVsUFRrcFBRaTFRVXpReE5EQXRWMFZUVkZWVElpd2lhbTlpVEc5allYUnBiMjRpT2lKM1pYTjBkWE1pZlE/YXBpLXZlcnNpb249MjAxNi0wOS0wMQ==",
      "RequestMethod": "GET",
      "RequestBody": "",
      "RequestHeaders": {
        "User-Agent": [
          "FxVersion/4.6.27129.04",
          "OSName/Windows",
          "OSVersion/Microsoft.Windows.10.0.17763.",
          "Microsoft.Azure.Management.Internal.Resources.ResourceManagementClient/1.2.0"
        ]
      },
      "ResponseHeaders": {
        "Cache-Control": [
          "no-cache"
        ],
        "Pragma": [
          "no-cache"
        ],
        "Location": [
          "https://management.azure.com/subscriptions/47f4bc68-6fe4-43a2-be8b-dfd0e290efa2/operationresults/eyJqb2JJZCI6IlJFU09VUkNFR1JPVVBERUxFVElPTkpPQi1QUzQxNDAtV0VTVFVTIiwiam9iTG9jYXRpb24iOiJ3ZXN0dXMifQ?api-version=2016-09-01"
        ],
        "Retry-After": [
          "15"
        ],
        "x-ms-ratelimit-remaining-subscription-reads": [
          "11993"
        ],
        "x-ms-request-id": [
          "7fc41530-ff11-41e2-924b-1025b18ede32"
        ],
        "x-ms-correlation-request-id": [
          "7fc41530-ff11-41e2-924b-1025b18ede32"
        ],
        "x-ms-routing-request-id": [
          "WESTUS2:20190510T234246Z:7fc41530-ff11-41e2-924b-1025b18ede32"
        ],
        "Strict-Transport-Security": [
          "max-age=31536000; includeSubDomains"
        ],
        "X-Content-Type-Options": [
          "nosniff"
        ],
        "Date": [
          "Fri, 10 May 2019 23:42:46 GMT"
        ],
        "Expires": [
          "-1"
        ],
        "Content-Length": [
          "0"
        ]
      },
      "ResponseBody": "",
      "StatusCode": 202
    },
    {
      "RequestUri": "/subscriptions/47f4bc68-6fe4-43a2-be8b-dfd0e290efa2/operationresults/eyJqb2JJZCI6IlJFU09VUkNFR1JPVVBERUxFVElPTkpPQi1QUzQxNDAtV0VTVFVTIiwiam9iTG9jYXRpb24iOiJ3ZXN0dXMifQ?api-version=2016-09-01",
      "EncodedRequestUri": "L3N1YnNjcmlwdGlvbnMvNDdmNGJjNjgtNmZlNC00M2EyLWJlOGItZGZkMGUyOTBlZmEyL29wZXJhdGlvbnJlc3VsdHMvZXlKcWIySkpaQ0k2SWxKRlUwOVZVa05GUjFKUFZWQkVSVXhGVkVsUFRrcFBRaTFRVXpReE5EQXRWMFZUVkZWVElpd2lhbTlpVEc5allYUnBiMjRpT2lKM1pYTjBkWE1pZlE/YXBpLXZlcnNpb249MjAxNi0wOS0wMQ==",
      "RequestMethod": "GET",
      "RequestBody": "",
      "RequestHeaders": {
        "User-Agent": [
          "FxVersion/4.6.27129.04",
          "OSName/Windows",
          "OSVersion/Microsoft.Windows.10.0.17763.",
          "Microsoft.Azure.Management.Internal.Resources.ResourceManagementClient/1.2.0"
        ]
      },
      "ResponseHeaders": {
        "Cache-Control": [
          "no-cache"
        ],
        "Pragma": [
          "no-cache"
        ],
        "Location": [
          "https://management.azure.com/subscriptions/47f4bc68-6fe4-43a2-be8b-dfd0e290efa2/operationresults/eyJqb2JJZCI6IlJFU09VUkNFR1JPVVBERUxFVElPTkpPQi1QUzQxNDAtV0VTVFVTIiwiam9iTG9jYXRpb24iOiJ3ZXN0dXMifQ?api-version=2016-09-01"
        ],
        "Retry-After": [
          "15"
        ],
        "x-ms-ratelimit-remaining-subscription-reads": [
          "11992"
        ],
        "x-ms-request-id": [
          "8b347acb-aa3e-4959-895d-05f060466223"
        ],
        "x-ms-correlation-request-id": [
          "8b347acb-aa3e-4959-895d-05f060466223"
        ],
        "x-ms-routing-request-id": [
          "WESTUS2:20190510T234302Z:8b347acb-aa3e-4959-895d-05f060466223"
        ],
        "Strict-Transport-Security": [
          "max-age=31536000; includeSubDomains"
        ],
        "X-Content-Type-Options": [
          "nosniff"
        ],
        "Date": [
          "Fri, 10 May 2019 23:43:01 GMT"
        ],
        "Expires": [
          "-1"
        ],
        "Content-Length": [
          "0"
        ]
      },
      "ResponseBody": "",
      "StatusCode": 202
    },
    {
      "RequestUri": "/subscriptions/47f4bc68-6fe4-43a2-be8b-dfd0e290efa2/operationresults/eyJqb2JJZCI6IlJFU09VUkNFR1JPVVBERUxFVElPTkpPQi1QUzQxNDAtV0VTVFVTIiwiam9iTG9jYXRpb24iOiJ3ZXN0dXMifQ?api-version=2016-09-01",
      "EncodedRequestUri": "L3N1YnNjcmlwdGlvbnMvNDdmNGJjNjgtNmZlNC00M2EyLWJlOGItZGZkMGUyOTBlZmEyL29wZXJhdGlvbnJlc3VsdHMvZXlKcWIySkpaQ0k2SWxKRlUwOVZVa05GUjFKUFZWQkVSVXhGVkVsUFRrcFBRaTFRVXpReE5EQXRWMFZUVkZWVElpd2lhbTlpVEc5allYUnBiMjRpT2lKM1pYTjBkWE1pZlE/YXBpLXZlcnNpb249MjAxNi0wOS0wMQ==",
      "RequestMethod": "GET",
      "RequestBody": "",
      "RequestHeaders": {
        "User-Agent": [
          "FxVersion/4.6.27129.04",
          "OSName/Windows",
          "OSVersion/Microsoft.Windows.10.0.17763.",
          "Microsoft.Azure.Management.Internal.Resources.ResourceManagementClient/1.2.0"
        ]
      },
      "ResponseHeaders": {
        "Cache-Control": [
          "no-cache"
        ],
        "Pragma": [
          "no-cache"
        ],
        "Location": [
          "https://management.azure.com/subscriptions/47f4bc68-6fe4-43a2-be8b-dfd0e290efa2/operationresults/eyJqb2JJZCI6IlJFU09VUkNFR1JPVVBERUxFVElPTkpPQi1QUzQxNDAtV0VTVFVTIiwiam9iTG9jYXRpb24iOiJ3ZXN0dXMifQ?api-version=2016-09-01"
        ],
        "Retry-After": [
          "15"
        ],
        "x-ms-ratelimit-remaining-subscription-reads": [
          "11991"
        ],
        "x-ms-request-id": [
          "1c309725-cb05-4d5e-b418-b984fbaf5809"
        ],
        "x-ms-correlation-request-id": [
          "1c309725-cb05-4d5e-b418-b984fbaf5809"
        ],
        "x-ms-routing-request-id": [
          "WESTUS2:20190510T234317Z:1c309725-cb05-4d5e-b418-b984fbaf5809"
        ],
        "Strict-Transport-Security": [
          "max-age=31536000; includeSubDomains"
        ],
        "X-Content-Type-Options": [
          "nosniff"
        ],
        "Date": [
          "Fri, 10 May 2019 23:43:16 GMT"
        ],
        "Expires": [
          "-1"
        ],
        "Content-Length": [
          "0"
        ]
      },
      "ResponseBody": "",
      "StatusCode": 202
    },
    {
      "RequestUri": "/subscriptions/47f4bc68-6fe4-43a2-be8b-dfd0e290efa2/operationresults/eyJqb2JJZCI6IlJFU09VUkNFR1JPVVBERUxFVElPTkpPQi1QUzQxNDAtV0VTVFVTIiwiam9iTG9jYXRpb24iOiJ3ZXN0dXMifQ?api-version=2016-09-01",
      "EncodedRequestUri": "L3N1YnNjcmlwdGlvbnMvNDdmNGJjNjgtNmZlNC00M2EyLWJlOGItZGZkMGUyOTBlZmEyL29wZXJhdGlvbnJlc3VsdHMvZXlKcWIySkpaQ0k2SWxKRlUwOVZVa05GUjFKUFZWQkVSVXhGVkVsUFRrcFBRaTFRVXpReE5EQXRWMFZUVkZWVElpd2lhbTlpVEc5allYUnBiMjRpT2lKM1pYTjBkWE1pZlE/YXBpLXZlcnNpb249MjAxNi0wOS0wMQ==",
      "RequestMethod": "GET",
      "RequestBody": "",
      "RequestHeaders": {
        "User-Agent": [
          "FxVersion/4.6.27129.04",
          "OSName/Windows",
          "OSVersion/Microsoft.Windows.10.0.17763.",
          "Microsoft.Azure.Management.Internal.Resources.ResourceManagementClient/1.2.0"
        ]
      },
      "ResponseHeaders": {
        "Cache-Control": [
          "no-cache"
        ],
        "Pragma": [
          "no-cache"
        ],
        "Location": [
          "https://management.azure.com/subscriptions/47f4bc68-6fe4-43a2-be8b-dfd0e290efa2/operationresults/eyJqb2JJZCI6IlJFU09VUkNFR1JPVVBERUxFVElPTkpPQi1QUzQxNDAtV0VTVFVTIiwiam9iTG9jYXRpb24iOiJ3ZXN0dXMifQ?api-version=2016-09-01"
        ],
        "Retry-After": [
          "15"
        ],
        "x-ms-ratelimit-remaining-subscription-reads": [
          "11990"
        ],
        "x-ms-request-id": [
          "c364ec36-4994-4546-9668-d200ce3cc309"
        ],
        "x-ms-correlation-request-id": [
          "c364ec36-4994-4546-9668-d200ce3cc309"
        ],
        "x-ms-routing-request-id": [
          "WESTUS2:20190510T234332Z:c364ec36-4994-4546-9668-d200ce3cc309"
        ],
        "Strict-Transport-Security": [
          "max-age=31536000; includeSubDomains"
        ],
        "X-Content-Type-Options": [
          "nosniff"
        ],
        "Date": [
          "Fri, 10 May 2019 23:43:32 GMT"
        ],
        "Expires": [
          "-1"
        ],
        "Content-Length": [
          "0"
        ]
      },
      "ResponseBody": "",
      "StatusCode": 202
    },
    {
      "RequestUri": "/subscriptions/47f4bc68-6fe4-43a2-be8b-dfd0e290efa2/operationresults/eyJqb2JJZCI6IlJFU09VUkNFR1JPVVBERUxFVElPTkpPQi1QUzQxNDAtV0VTVFVTIiwiam9iTG9jYXRpb24iOiJ3ZXN0dXMifQ?api-version=2016-09-01",
      "EncodedRequestUri": "L3N1YnNjcmlwdGlvbnMvNDdmNGJjNjgtNmZlNC00M2EyLWJlOGItZGZkMGUyOTBlZmEyL29wZXJhdGlvbnJlc3VsdHMvZXlKcWIySkpaQ0k2SWxKRlUwOVZVa05GUjFKUFZWQkVSVXhGVkVsUFRrcFBRaTFRVXpReE5EQXRWMFZUVkZWVElpd2lhbTlpVEc5allYUnBiMjRpT2lKM1pYTjBkWE1pZlE/YXBpLXZlcnNpb249MjAxNi0wOS0wMQ==",
      "RequestMethod": "GET",
      "RequestBody": "",
      "RequestHeaders": {
        "User-Agent": [
          "FxVersion/4.6.27129.04",
          "OSName/Windows",
          "OSVersion/Microsoft.Windows.10.0.17763.",
          "Microsoft.Azure.Management.Internal.Resources.ResourceManagementClient/1.2.0"
        ]
      },
      "ResponseHeaders": {
        "Cache-Control": [
          "no-cache"
        ],
        "Pragma": [
          "no-cache"
        ],
        "Location": [
          "https://management.azure.com/subscriptions/47f4bc68-6fe4-43a2-be8b-dfd0e290efa2/operationresults/eyJqb2JJZCI6IlJFU09VUkNFR1JPVVBERUxFVElPTkpPQi1QUzQxNDAtV0VTVFVTIiwiam9iTG9jYXRpb24iOiJ3ZXN0dXMifQ?api-version=2016-09-01"
        ],
        "Retry-After": [
          "15"
        ],
        "x-ms-ratelimit-remaining-subscription-reads": [
          "11989"
        ],
        "x-ms-request-id": [
          "9d25402d-9348-443c-bc73-06fc05a24f0f"
        ],
        "x-ms-correlation-request-id": [
          "9d25402d-9348-443c-bc73-06fc05a24f0f"
        ],
        "x-ms-routing-request-id": [
          "WESTUS2:20190510T234347Z:9d25402d-9348-443c-bc73-06fc05a24f0f"
        ],
        "Strict-Transport-Security": [
          "max-age=31536000; includeSubDomains"
        ],
        "X-Content-Type-Options": [
          "nosniff"
        ],
        "Date": [
          "Fri, 10 May 2019 23:43:46 GMT"
        ],
        "Expires": [
          "-1"
        ],
        "Content-Length": [
          "0"
        ]
      },
      "ResponseBody": "",
      "StatusCode": 202
    },
    {
      "RequestUri": "/subscriptions/47f4bc68-6fe4-43a2-be8b-dfd0e290efa2/operationresults/eyJqb2JJZCI6IlJFU09VUkNFR1JPVVBERUxFVElPTkpPQi1QUzQxNDAtV0VTVFVTIiwiam9iTG9jYXRpb24iOiJ3ZXN0dXMifQ?api-version=2016-09-01",
      "EncodedRequestUri": "L3N1YnNjcmlwdGlvbnMvNDdmNGJjNjgtNmZlNC00M2EyLWJlOGItZGZkMGUyOTBlZmEyL29wZXJhdGlvbnJlc3VsdHMvZXlKcWIySkpaQ0k2SWxKRlUwOVZVa05GUjFKUFZWQkVSVXhGVkVsUFRrcFBRaTFRVXpReE5EQXRWMFZUVkZWVElpd2lhbTlpVEc5allYUnBiMjRpT2lKM1pYTjBkWE1pZlE/YXBpLXZlcnNpb249MjAxNi0wOS0wMQ==",
      "RequestMethod": "GET",
      "RequestBody": "",
      "RequestHeaders": {
        "User-Agent": [
          "FxVersion/4.6.27129.04",
          "OSName/Windows",
          "OSVersion/Microsoft.Windows.10.0.17763.",
          "Microsoft.Azure.Management.Internal.Resources.ResourceManagementClient/1.2.0"
        ]
      },
      "ResponseHeaders": {
        "Cache-Control": [
          "no-cache"
        ],
        "Pragma": [
          "no-cache"
        ],
        "Location": [
          "https://management.azure.com/subscriptions/47f4bc68-6fe4-43a2-be8b-dfd0e290efa2/operationresults/eyJqb2JJZCI6IlJFU09VUkNFR1JPVVBERUxFVElPTkpPQi1QUzQxNDAtV0VTVFVTIiwiam9iTG9jYXRpb24iOiJ3ZXN0dXMifQ?api-version=2016-09-01"
        ],
        "Retry-After": [
          "15"
        ],
        "x-ms-ratelimit-remaining-subscription-reads": [
          "11988"
        ],
        "x-ms-request-id": [
          "4aaed0aa-f65a-45dc-9e05-7fe49366c649"
        ],
        "x-ms-correlation-request-id": [
          "4aaed0aa-f65a-45dc-9e05-7fe49366c649"
        ],
        "x-ms-routing-request-id": [
          "WESTUS2:20190510T234402Z:4aaed0aa-f65a-45dc-9e05-7fe49366c649"
        ],
        "Strict-Transport-Security": [
          "max-age=31536000; includeSubDomains"
        ],
        "X-Content-Type-Options": [
          "nosniff"
        ],
        "Date": [
          "Fri, 10 May 2019 23:44:01 GMT"
        ],
        "Expires": [
          "-1"
        ],
        "Content-Length": [
          "0"
        ]
      },
      "ResponseBody": "",
      "StatusCode": 202
    },
    {
      "RequestUri": "/subscriptions/47f4bc68-6fe4-43a2-be8b-dfd0e290efa2/operationresults/eyJqb2JJZCI6IlJFU09VUkNFR1JPVVBERUxFVElPTkpPQi1QUzQxNDAtV0VTVFVTIiwiam9iTG9jYXRpb24iOiJ3ZXN0dXMifQ?api-version=2016-09-01",
      "EncodedRequestUri": "L3N1YnNjcmlwdGlvbnMvNDdmNGJjNjgtNmZlNC00M2EyLWJlOGItZGZkMGUyOTBlZmEyL29wZXJhdGlvbnJlc3VsdHMvZXlKcWIySkpaQ0k2SWxKRlUwOVZVa05GUjFKUFZWQkVSVXhGVkVsUFRrcFBRaTFRVXpReE5EQXRWMFZUVkZWVElpd2lhbTlpVEc5allYUnBiMjRpT2lKM1pYTjBkWE1pZlE/YXBpLXZlcnNpb249MjAxNi0wOS0wMQ==",
      "RequestMethod": "GET",
      "RequestBody": "",
      "RequestHeaders": {
        "User-Agent": [
          "FxVersion/4.6.27129.04",
          "OSName/Windows",
          "OSVersion/Microsoft.Windows.10.0.17763.",
          "Microsoft.Azure.Management.Internal.Resources.ResourceManagementClient/1.2.0"
        ]
      },
      "ResponseHeaders": {
        "Cache-Control": [
          "no-cache"
        ],
        "Pragma": [
          "no-cache"
        ],
        "Location": [
          "https://management.azure.com/subscriptions/47f4bc68-6fe4-43a2-be8b-dfd0e290efa2/operationresults/eyJqb2JJZCI6IlJFU09VUkNFR1JPVVBERUxFVElPTkpPQi1QUzQxNDAtV0VTVFVTIiwiam9iTG9jYXRpb24iOiJ3ZXN0dXMifQ?api-version=2016-09-01"
        ],
        "Retry-After": [
          "15"
        ],
        "x-ms-ratelimit-remaining-subscription-reads": [
          "11987"
        ],
        "x-ms-request-id": [
          "a3cf3447-2252-4124-bdcc-1e7fa2fbe8ba"
        ],
        "x-ms-correlation-request-id": [
          "a3cf3447-2252-4124-bdcc-1e7fa2fbe8ba"
        ],
        "x-ms-routing-request-id": [
          "WESTUS2:20190510T234417Z:a3cf3447-2252-4124-bdcc-1e7fa2fbe8ba"
        ],
        "Strict-Transport-Security": [
          "max-age=31536000; includeSubDomains"
        ],
        "X-Content-Type-Options": [
          "nosniff"
        ],
        "Date": [
          "Fri, 10 May 2019 23:44:16 GMT"
        ],
        "Expires": [
          "-1"
        ],
        "Content-Length": [
          "0"
        ]
      },
      "ResponseBody": "",
      "StatusCode": 202
    },
    {
      "RequestUri": "/subscriptions/47f4bc68-6fe4-43a2-be8b-dfd0e290efa2/operationresults/eyJqb2JJZCI6IlJFU09VUkNFR1JPVVBERUxFVElPTkpPQi1QUzQxNDAtV0VTVFVTIiwiam9iTG9jYXRpb24iOiJ3ZXN0dXMifQ?api-version=2016-09-01",
      "EncodedRequestUri": "L3N1YnNjcmlwdGlvbnMvNDdmNGJjNjgtNmZlNC00M2EyLWJlOGItZGZkMGUyOTBlZmEyL29wZXJhdGlvbnJlc3VsdHMvZXlKcWIySkpaQ0k2SWxKRlUwOVZVa05GUjFKUFZWQkVSVXhGVkVsUFRrcFBRaTFRVXpReE5EQXRWMFZUVkZWVElpd2lhbTlpVEc5allYUnBiMjRpT2lKM1pYTjBkWE1pZlE/YXBpLXZlcnNpb249MjAxNi0wOS0wMQ==",
      "RequestMethod": "GET",
      "RequestBody": "",
      "RequestHeaders": {
        "User-Agent": [
          "FxVersion/4.6.27129.04",
          "OSName/Windows",
          "OSVersion/Microsoft.Windows.10.0.17763.",
          "Microsoft.Azure.Management.Internal.Resources.ResourceManagementClient/1.2.0"
        ]
      },
      "ResponseHeaders": {
        "Cache-Control": [
          "no-cache"
        ],
        "Pragma": [
          "no-cache"
        ],
        "Location": [
          "https://management.azure.com/subscriptions/47f4bc68-6fe4-43a2-be8b-dfd0e290efa2/operationresults/eyJqb2JJZCI6IlJFU09VUkNFR1JPVVBERUxFVElPTkpPQi1QUzQxNDAtV0VTVFVTIiwiam9iTG9jYXRpb24iOiJ3ZXN0dXMifQ?api-version=2016-09-01"
        ],
        "Retry-After": [
          "15"
        ],
        "x-ms-ratelimit-remaining-subscription-reads": [
          "11986"
        ],
        "x-ms-request-id": [
          "cd267f3e-7427-4f15-997a-100115567ba2"
        ],
        "x-ms-correlation-request-id": [
          "cd267f3e-7427-4f15-997a-100115567ba2"
        ],
        "x-ms-routing-request-id": [
          "WESTUS2:20190510T234432Z:cd267f3e-7427-4f15-997a-100115567ba2"
        ],
        "Strict-Transport-Security": [
          "max-age=31536000; includeSubDomains"
        ],
        "X-Content-Type-Options": [
          "nosniff"
        ],
        "Date": [
          "Fri, 10 May 2019 23:44:31 GMT"
        ],
        "Expires": [
          "-1"
        ],
        "Content-Length": [
          "0"
        ]
      },
      "ResponseBody": "",
      "StatusCode": 202
    },
    {
      "RequestUri": "/subscriptions/47f4bc68-6fe4-43a2-be8b-dfd0e290efa2/operationresults/eyJqb2JJZCI6IlJFU09VUkNFR1JPVVBERUxFVElPTkpPQi1QUzQxNDAtV0VTVFVTIiwiam9iTG9jYXRpb24iOiJ3ZXN0dXMifQ?api-version=2016-09-01",
      "EncodedRequestUri": "L3N1YnNjcmlwdGlvbnMvNDdmNGJjNjgtNmZlNC00M2EyLWJlOGItZGZkMGUyOTBlZmEyL29wZXJhdGlvbnJlc3VsdHMvZXlKcWIySkpaQ0k2SWxKRlUwOVZVa05GUjFKUFZWQkVSVXhGVkVsUFRrcFBRaTFRVXpReE5EQXRWMFZUVkZWVElpd2lhbTlpVEc5allYUnBiMjRpT2lKM1pYTjBkWE1pZlE/YXBpLXZlcnNpb249MjAxNi0wOS0wMQ==",
      "RequestMethod": "GET",
      "RequestBody": "",
      "RequestHeaders": {
        "User-Agent": [
          "FxVersion/4.6.27129.04",
          "OSName/Windows",
          "OSVersion/Microsoft.Windows.10.0.17763.",
          "Microsoft.Azure.Management.Internal.Resources.ResourceManagementClient/1.2.0"
        ]
      },
      "ResponseHeaders": {
        "Cache-Control": [
          "no-cache"
        ],
        "Pragma": [
          "no-cache"
        ],
        "Location": [
          "https://management.azure.com/subscriptions/47f4bc68-6fe4-43a2-be8b-dfd0e290efa2/operationresults/eyJqb2JJZCI6IlJFU09VUkNFR1JPVVBERUxFVElPTkpPQi1QUzQxNDAtV0VTVFVTIiwiam9iTG9jYXRpb24iOiJ3ZXN0dXMifQ?api-version=2016-09-01"
        ],
        "Retry-After": [
          "15"
        ],
        "x-ms-ratelimit-remaining-subscription-reads": [
          "11985"
        ],
        "x-ms-request-id": [
          "f7c6db5d-2541-4c57-8fab-21361e5200d9"
        ],
        "x-ms-correlation-request-id": [
          "f7c6db5d-2541-4c57-8fab-21361e5200d9"
        ],
        "x-ms-routing-request-id": [
          "WESTUS2:20190510T234447Z:f7c6db5d-2541-4c57-8fab-21361e5200d9"
        ],
        "Strict-Transport-Security": [
          "max-age=31536000; includeSubDomains"
        ],
        "X-Content-Type-Options": [
          "nosniff"
        ],
        "Date": [
          "Fri, 10 May 2019 23:44:47 GMT"
        ],
        "Expires": [
          "-1"
        ],
        "Content-Length": [
          "0"
        ]
      },
      "ResponseBody": "",
      "StatusCode": 202
    },
    {
      "RequestUri": "/subscriptions/47f4bc68-6fe4-43a2-be8b-dfd0e290efa2/operationresults/eyJqb2JJZCI6IlJFU09VUkNFR1JPVVBERUxFVElPTkpPQi1QUzQxNDAtV0VTVFVTIiwiam9iTG9jYXRpb24iOiJ3ZXN0dXMifQ?api-version=2016-09-01",
      "EncodedRequestUri": "L3N1YnNjcmlwdGlvbnMvNDdmNGJjNjgtNmZlNC00M2EyLWJlOGItZGZkMGUyOTBlZmEyL29wZXJhdGlvbnJlc3VsdHMvZXlKcWIySkpaQ0k2SWxKRlUwOVZVa05GUjFKUFZWQkVSVXhGVkVsUFRrcFBRaTFRVXpReE5EQXRWMFZUVkZWVElpd2lhbTlpVEc5allYUnBiMjRpT2lKM1pYTjBkWE1pZlE/YXBpLXZlcnNpb249MjAxNi0wOS0wMQ==",
      "RequestMethod": "GET",
      "RequestBody": "",
      "RequestHeaders": {
        "User-Agent": [
          "FxVersion/4.6.27129.04",
          "OSName/Windows",
          "OSVersion/Microsoft.Windows.10.0.17763.",
          "Microsoft.Azure.Management.Internal.Resources.ResourceManagementClient/1.2.0"
        ]
      },
      "ResponseHeaders": {
        "Cache-Control": [
          "no-cache"
        ],
        "Pragma": [
          "no-cache"
        ],
        "x-ms-ratelimit-remaining-subscription-reads": [
          "11984"
        ],
        "x-ms-request-id": [
          "38ed4004-109b-46ef-88d1-d41257401f78"
        ],
        "x-ms-correlation-request-id": [
          "38ed4004-109b-46ef-88d1-d41257401f78"
        ],
        "x-ms-routing-request-id": [
          "WESTUS2:20190510T234502Z:38ed4004-109b-46ef-88d1-d41257401f78"
        ],
        "Strict-Transport-Security": [
          "max-age=31536000; includeSubDomains"
        ],
        "X-Content-Type-Options": [
          "nosniff"
        ],
        "Date": [
          "Fri, 10 May 2019 23:45:02 GMT"
        ],
        "Expires": [
          "-1"
        ],
        "Content-Length": [
          "0"
        ]
      },
      "ResponseBody": "",
      "StatusCode": 200
    },
    {
      "RequestUri": "/subscriptions/47f4bc68-6fe4-43a2-be8b-dfd0e290efa2/operationresults/eyJqb2JJZCI6IlJFU09VUkNFR1JPVVBERUxFVElPTkpPQi1QUzQxNDAtV0VTVFVTIiwiam9iTG9jYXRpb24iOiJ3ZXN0dXMifQ?api-version=2016-09-01",
      "EncodedRequestUri": "L3N1YnNjcmlwdGlvbnMvNDdmNGJjNjgtNmZlNC00M2EyLWJlOGItZGZkMGUyOTBlZmEyL29wZXJhdGlvbnJlc3VsdHMvZXlKcWIySkpaQ0k2SWxKRlUwOVZVa05GUjFKUFZWQkVSVXhGVkVsUFRrcFBRaTFRVXpReE5EQXRWMFZUVkZWVElpd2lhbTlpVEc5allYUnBiMjRpT2lKM1pYTjBkWE1pZlE/YXBpLXZlcnNpb249MjAxNi0wOS0wMQ==",
      "RequestMethod": "GET",
      "RequestBody": "",
      "RequestHeaders": {
        "User-Agent": [
          "FxVersion/4.6.27129.04",
          "OSName/Windows",
          "OSVersion/Microsoft.Windows.10.0.17763.",
          "Microsoft.Azure.Management.Internal.Resources.ResourceManagementClient/1.2.0"
        ]
      },
      "ResponseHeaders": {
        "Cache-Control": [
          "no-cache"
        ],
        "Pragma": [
          "no-cache"
        ],
        "x-ms-ratelimit-remaining-subscription-reads": [
          "11983"
        ],
        "x-ms-request-id": [
          "786d8da2-a22a-4400-ad76-78d7b024a6a4"
        ],
        "x-ms-correlation-request-id": [
          "786d8da2-a22a-4400-ad76-78d7b024a6a4"
        ],
        "x-ms-routing-request-id": [
          "WESTUS2:20190510T234502Z:786d8da2-a22a-4400-ad76-78d7b024a6a4"
        ],
        "Strict-Transport-Security": [
          "max-age=31536000; includeSubDomains"
        ],
        "X-Content-Type-Options": [
          "nosniff"
        ],
        "Date": [
          "Fri, 10 May 2019 23:45:02 GMT"
        ],
        "Expires": [
          "-1"
        ],
        "Content-Length": [
          "0"
        ]
      },
      "ResponseBody": "",
      "StatusCode": 200
    }
  ],
  "Names": {
    "Test-EndpointCreateWithDsa": [
      "ps3936",
      "ps4140",
      "ps1775",
      "ps3691"
    ]
  },
  "Variables": {
    "SubscriptionId": "47f4bc68-6fe4-43a2-be8b-dfd0e290efa2"
  }
}