{
  "Entries": [
    {
      "RequestUri": "/subscriptions/947d47b4-7883-4bb9-9d85-c5e8e2f572ce/resourcegroups/ps9819?api-version=2016-09-01",
      "EncodedRequestUri": "L3N1YnNjcmlwdGlvbnMvOTQ3ZDQ3YjQtNzg4My00YmI5LTlkODUtYzVlOGUyZjU3MmNlL3Jlc291cmNlZ3JvdXBzL3BzOTgxOT9hcGktdmVyc2lvbj0yMDE2LTA5LTAx",
      "RequestMethod": "PUT",
      "RequestHeaders": {
        "x-ms-client-request-id": [
          "67906b4e-cf9b-40dd-b8f0-7cfbda5e6b97"
        ],
        "Accept-Language": [
          "en-US"
        ],
        "User-Agent": [
          "FxVersion/4.700.22.55902",
          "OSName/Windows",
          "OSVersion/Microsoft.Windows.10.0.17763",
          "Microsoft.Azure.Management.Internal.Resources.ResourceManagementClient/1.3.75"
        ],
        "Content-Type": [
          "application/json; charset=utf-8"
        ],
        "Content-Length": [
          "78"
        ]
      },
      "RequestBody": "{\r\n  \"location\": \"eastus2euap\",\r\n  \"tags\": {\r\n    \"testtag\": \"testval\"\r\n  }\r\n}",
      "ResponseHeaders": {
        "Cache-Control": [
          "no-cache"
        ],
        "Pragma": [
          "no-cache"
        ],
        "x-ms-ratelimit-remaining-subscription-writes": [
          "1192"
        ],
        "x-ms-request-id": [
          "5492cda9-90ff-4020-9f72-164a77365505"
        ],
        "x-ms-correlation-request-id": [
          "5492cda9-90ff-4020-9f72-164a77365505"
        ],
        "x-ms-routing-request-id": [
          "CENTRALUS:20230511T195050Z:5492cda9-90ff-4020-9f72-164a77365505"
        ],
        "Strict-Transport-Security": [
          "max-age=31536000; includeSubDomains"
        ],
        "X-Content-Type-Options": [
          "nosniff"
        ],
        "Date": [
          "Thu, 11 May 2023 19:50:49 GMT"
        ],
        "Content-Length": [
          "240"
        ],
        "Content-Type": [
          "application/json; charset=utf-8"
        ],
        "Expires": [
          "-1"
        ]
      },
      "ResponseBody": "{\r\n  \"id\": \"/subscriptions/947d47b4-7883-4bb9-9d85-c5e8e2f572ce/resourceGroups/ps9819\",\r\n  \"name\": \"ps9819\",\r\n  \"location\": \"eastus2euap\",\r\n  \"tags\": {\r\n    \"testtag\": \"testval\",\r\n    \"Created\": \"2023-05-11T19:50:50.6291443Z\"\r\n  },\r\n  \"properties\": {\r\n    \"provisioningState\": \"Succeeded\"\r\n  }\r\n}",
      "StatusCode": 201
    },
    {
      "RequestUri": "/subscriptions/947d47b4-7883-4bb9-9d85-c5e8e2f572ce/resourceGroups/ps9819/providers/Microsoft.Network/virtualNetworks/ps4344?api-version=2022-11-01",
      "EncodedRequestUri": "L3N1YnNjcmlwdGlvbnMvOTQ3ZDQ3YjQtNzg4My00YmI5LTlkODUtYzVlOGUyZjU3MmNlL3Jlc291cmNlR3JvdXBzL3BzOTgxOS9wcm92aWRlcnMvTWljcm9zb2Z0Lk5ldHdvcmsvdmlydHVhbE5ldHdvcmtzL3BzNDM0ND9hcGktdmVyc2lvbj0yMDIyLTExLTAx",
      "RequestMethod": "GET",
      "RequestHeaders": {
        "x-ms-client-request-id": [
          "3f037c5b-9d71-4e18-8366-5cde72b8bdb4"
        ],
        "Accept-Language": [
          "en-US"
        ],
        "User-Agent": [
          "FxVersion/4.700.22.55902",
          "OSName/Windows",
          "OSVersion/Microsoft.Windows.10.0.17763",
          "Microsoft.Azure.Management.Network.NetworkManagementClient/27.0.0.0"
        ]
      },
      "RequestBody": "",
      "ResponseHeaders": {
        "Cache-Control": [
          "no-cache"
        ],
        "Pragma": [
          "no-cache"
        ],
        "x-ms-failure-cause": [
          "gateway"
        ],
        "x-ms-request-id": [
          "31a7a86e-30ca-4491-92ff-74ded275768c"
        ],
        "x-ms-correlation-request-id": [
          "31a7a86e-30ca-4491-92ff-74ded275768c"
        ],
        "x-ms-routing-request-id": [
          "CENTRALUS:20230511T195051Z:31a7a86e-30ca-4491-92ff-74ded275768c"
        ],
        "Strict-Transport-Security": [
          "max-age=31536000; includeSubDomains"
        ],
        "X-Content-Type-Options": [
          "nosniff"
        ],
        "Date": [
          "Thu, 11 May 2023 19:50:50 GMT"
        ],
        "Content-Type": [
          "application/json; charset=utf-8"
        ],
        "Expires": [
          "-1"
        ],
        "Content-Length": [
          "218"
        ]
      },
      "ResponseBody": "{\r\n  \"error\": {\r\n    \"code\": \"ResourceNotFound\",\r\n    \"message\": \"The Resource 'Microsoft.Network/virtualNetworks/ps4344' under resource group 'ps9819' was not found. For more details please go to https://aka.ms/ARMResourceNotFoundFix\"\r\n  }\r\n}",
      "StatusCode": 404
    },
    {
      "RequestUri": "/subscriptions/947d47b4-7883-4bb9-9d85-c5e8e2f572ce/resourceGroups/ps9819/providers/Microsoft.Network/virtualNetworks/ps4344?api-version=2022-11-01",
      "EncodedRequestUri": "L3N1YnNjcmlwdGlvbnMvOTQ3ZDQ3YjQtNzg4My00YmI5LTlkODUtYzVlOGUyZjU3MmNlL3Jlc291cmNlR3JvdXBzL3BzOTgxOS9wcm92aWRlcnMvTWljcm9zb2Z0Lk5ldHdvcmsvdmlydHVhbE5ldHdvcmtzL3BzNDM0ND9hcGktdmVyc2lvbj0yMDIyLTExLTAx",
      "RequestMethod": "GET",
      "RequestHeaders": {
        "x-ms-client-request-id": [
          "3f037c5b-9d71-4e18-8366-5cde72b8bdb4"
        ],
        "User-Agent": [
          "FxVersion/4.700.22.55902",
          "OSName/Windows",
          "OSVersion/Microsoft.Windows.10.0.17763",
          "Microsoft.Azure.Management.Network.NetworkManagementClient/27.0.0.0"
        ]
      },
      "RequestBody": "",
      "ResponseHeaders": {
        "Cache-Control": [
          "no-cache"
        ],
        "Pragma": [
          "no-cache"
        ],
        "ETag": [
          "W/\"632e83e1-afdd-4db8-bfad-b20081087ac3\""
        ],
        "x-ms-request-id": [
          "cfca43ae-37bf-4bb4-98a5-93e57a8ba257"
        ],
        "x-ms-correlation-request-id": [
          "dee321b4-ab0c-46e4-b8ec-12c2a697e493"
        ],
        "x-ms-arm-service-request-id": [
          "1a576571-cd01-454f-ab49-f1bc75c70ff3"
        ],
        "Strict-Transport-Security": [
          "max-age=31536000; includeSubDomains"
        ],
        "Server": [
          "Microsoft-HTTPAPI/2.0",
          "Microsoft-HTTPAPI/2.0"
        ],
        "x-ms-ratelimit-remaining-subscription-reads": [
          "11971"
        ],
        "x-ms-routing-request-id": [
          "CENTRALUS:20230511T195055Z:dee321b4-ab0c-46e4-b8ec-12c2a697e493"
        ],
        "X-Content-Type-Options": [
          "nosniff"
        ],
        "Date": [
          "Thu, 11 May 2023 19:50:54 GMT"
        ],
        "Content-Length": [
          "964"
        ],
        "Content-Type": [
          "application/json; charset=utf-8"
        ],
        "Expires": [
          "-1"
        ]
      },
      "ResponseBody": "{\r\n  \"name\": \"ps4344\",\r\n  \"id\": \"/subscriptions/947d47b4-7883-4bb9-9d85-c5e8e2f572ce/resourceGroups/ps9819/providers/Microsoft.Network/virtualNetworks/ps4344\",\r\n  \"etag\": \"W/\\\"632e83e1-afdd-4db8-bfad-b20081087ac3\\\"\",\r\n  \"type\": \"Microsoft.Network/virtualNetworks\",\r\n  \"location\": \"eastus2euap\",\r\n  \"properties\": {\r\n    \"provisioningState\": \"Succeeded\",\r\n    \"resourceGuid\": \"c7f11c05-2397-4e93-b5b6-67e069b47cfc\",\r\n    \"addressSpace\": {\r\n      \"addressPrefixes\": [\r\n        \"10.0.0.0/16\"\r\n      ]\r\n    },\r\n    \"subnets\": [\r\n      {\r\n        \"name\": \"ps2683\",\r\n        \"id\": \"/subscriptions/947d47b4-7883-4bb9-9d85-c5e8e2f572ce/resourceGroups/ps9819/providers/Microsoft.Network/virtualNetworks/ps4344/subnets/ps2683\",\r\n        \"etag\": \"W/\\\"632e83e1-afdd-4db8-bfad-b20081087ac3\\\"\",\r\n        \"properties\": {\r\n          \"provisioningState\": \"Succeeded\",\r\n          \"addressPrefix\": \"10.0.1.0/24\",\r\n          \"serviceEndpoints\": [],\r\n          \"delegations\": [],\r\n          \"privateEndpointNetworkPolicies\": \"Disabled\",\r\n          \"privateLinkServiceNetworkPolicies\": \"Enabled\"\r\n        },\r\n        \"type\": \"Microsoft.Network/virtualNetworks/subnets\"\r\n      }\r\n    ],\r\n    \"virtualNetworkPeerings\": [],\r\n    \"enableDdosProtection\": false\r\n  }\r\n}",
      "StatusCode": 200
    },
    {
      "RequestUri": "/subscriptions/947d47b4-7883-4bb9-9d85-c5e8e2f572ce/resourceGroups/ps9819/providers/Microsoft.Network/virtualNetworks/ps4344?api-version=2022-11-01",
      "EncodedRequestUri": "L3N1YnNjcmlwdGlvbnMvOTQ3ZDQ3YjQtNzg4My00YmI5LTlkODUtYzVlOGUyZjU3MmNlL3Jlc291cmNlR3JvdXBzL3BzOTgxOS9wcm92aWRlcnMvTWljcm9zb2Z0Lk5ldHdvcmsvdmlydHVhbE5ldHdvcmtzL3BzNDM0ND9hcGktdmVyc2lvbj0yMDIyLTExLTAx",
      "RequestMethod": "GET",
      "RequestHeaders": {
        "x-ms-client-request-id": [
          "3f037c5b-9d71-4e18-8366-5cde72b8bdb4"
        ],
        "Accept-Language": [
          "en-US"
        ],
        "User-Agent": [
          "FxVersion/4.700.22.55902",
          "OSName/Windows",
          "OSVersion/Microsoft.Windows.10.0.17763",
          "Microsoft.Azure.Management.Network.NetworkManagementClient/27.0.0.0"
        ]
      },
      "RequestBody": "",
      "ResponseHeaders": {
        "Cache-Control": [
          "no-cache"
        ],
        "Pragma": [
          "no-cache"
        ],
        "ETag": [
          "W/\"632e83e1-afdd-4db8-bfad-b20081087ac3\""
        ],
        "x-ms-request-id": [
          "7ab605bc-9f80-474f-b7b4-40a5ee868b4b"
        ],
        "x-ms-correlation-request-id": [
          "11570b1b-a216-4168-bda8-1114d37738d2"
        ],
        "x-ms-arm-service-request-id": [
          "bf648eb3-c7af-47fc-bfe8-f7c92ac3b401"
        ],
        "Strict-Transport-Security": [
          "max-age=31536000; includeSubDomains"
        ],
        "Server": [
          "Microsoft-HTTPAPI/2.0",
          "Microsoft-HTTPAPI/2.0"
        ],
        "x-ms-ratelimit-remaining-subscription-reads": [
          "11970"
        ],
        "x-ms-routing-request-id": [
          "CENTRALUS:20230511T195055Z:11570b1b-a216-4168-bda8-1114d37738d2"
        ],
        "X-Content-Type-Options": [
          "nosniff"
        ],
        "Date": [
          "Thu, 11 May 2023 19:50:55 GMT"
        ],
        "Content-Length": [
          "964"
        ],
        "Content-Type": [
          "application/json; charset=utf-8"
        ],
        "Expires": [
          "-1"
        ]
      },
      "ResponseBody": "{\r\n  \"name\": \"ps4344\",\r\n  \"id\": \"/subscriptions/947d47b4-7883-4bb9-9d85-c5e8e2f572ce/resourceGroups/ps9819/providers/Microsoft.Network/virtualNetworks/ps4344\",\r\n  \"etag\": \"W/\\\"632e83e1-afdd-4db8-bfad-b20081087ac3\\\"\",\r\n  \"type\": \"Microsoft.Network/virtualNetworks\",\r\n  \"location\": \"eastus2euap\",\r\n  \"properties\": {\r\n    \"provisioningState\": \"Succeeded\",\r\n    \"resourceGuid\": \"c7f11c05-2397-4e93-b5b6-67e069b47cfc\",\r\n    \"addressSpace\": {\r\n      \"addressPrefixes\": [\r\n        \"10.0.0.0/16\"\r\n      ]\r\n    },\r\n    \"subnets\": [\r\n      {\r\n        \"name\": \"ps2683\",\r\n        \"id\": \"/subscriptions/947d47b4-7883-4bb9-9d85-c5e8e2f572ce/resourceGroups/ps9819/providers/Microsoft.Network/virtualNetworks/ps4344/subnets/ps2683\",\r\n        \"etag\": \"W/\\\"632e83e1-afdd-4db8-bfad-b20081087ac3\\\"\",\r\n        \"properties\": {\r\n          \"provisioningState\": \"Succeeded\",\r\n          \"addressPrefix\": \"10.0.1.0/24\",\r\n          \"serviceEndpoints\": [],\r\n          \"delegations\": [],\r\n          \"privateEndpointNetworkPolicies\": \"Disabled\",\r\n          \"privateLinkServiceNetworkPolicies\": \"Enabled\"\r\n        },\r\n        \"type\": \"Microsoft.Network/virtualNetworks/subnets\"\r\n      }\r\n    ],\r\n    \"virtualNetworkPeerings\": [],\r\n    \"enableDdosProtection\": false\r\n  }\r\n}",
      "StatusCode": 200
    },
    {
      "RequestUri": "/subscriptions/947d47b4-7883-4bb9-9d85-c5e8e2f572ce/resourceGroups/ps9819/providers/Microsoft.Network/virtualNetworks/ps4344?api-version=2022-11-01",
      "EncodedRequestUri": "L3N1YnNjcmlwdGlvbnMvOTQ3ZDQ3YjQtNzg4My00YmI5LTlkODUtYzVlOGUyZjU3MmNlL3Jlc291cmNlR3JvdXBzL3BzOTgxOS9wcm92aWRlcnMvTWljcm9zb2Z0Lk5ldHdvcmsvdmlydHVhbE5ldHdvcmtzL3BzNDM0ND9hcGktdmVyc2lvbj0yMDIyLTExLTAx",
      "RequestMethod": "GET",
      "RequestHeaders": {
        "x-ms-client-request-id": [
          "8b78b332-eeb8-4474-a014-76ed112f8435"
        ],
        "Accept-Language": [
          "en-US"
        ],
        "User-Agent": [
          "FxVersion/4.700.22.55902",
          "OSName/Windows",
          "OSVersion/Microsoft.Windows.10.0.17763",
          "Microsoft.Azure.Management.Network.NetworkManagementClient/27.0.0.0"
        ]
      },
      "RequestBody": "",
      "ResponseHeaders": {
        "Cache-Control": [
          "no-cache"
        ],
        "Pragma": [
          "no-cache"
        ],
        "ETag": [
          "W/\"632e83e1-afdd-4db8-bfad-b20081087ac3\""
        ],
        "x-ms-request-id": [
          "8dfb43d2-ac35-485d-af73-195bfacdb1af"
        ],
        "x-ms-correlation-request-id": [
          "2b367639-c19e-486c-9165-2708513cadc5"
        ],
        "x-ms-arm-service-request-id": [
          "5b9013a7-4c9f-495e-97a3-87d9a83d39c3"
        ],
        "Strict-Transport-Security": [
          "max-age=31536000; includeSubDomains"
        ],
        "Server": [
          "Microsoft-HTTPAPI/2.0",
          "Microsoft-HTTPAPI/2.0"
        ],
        "x-ms-ratelimit-remaining-subscription-reads": [
          "11951"
        ],
        "x-ms-routing-request-id": [
          "CENTRALUS:20230511T195102Z:2b367639-c19e-486c-9165-2708513cadc5"
        ],
        "X-Content-Type-Options": [
          "nosniff"
        ],
        "Date": [
          "Thu, 11 May 2023 19:51:02 GMT"
        ],
        "Content-Length": [
          "1148"
        ],
        "Content-Type": [
          "application/json; charset=utf-8"
        ],
        "Expires": [
          "-1"
        ]
      },
      "ResponseBody": "{\r\n  \"name\": \"ps4344\",\r\n  \"id\": \"/subscriptions/947d47b4-7883-4bb9-9d85-c5e8e2f572ce/resourceGroups/ps9819/providers/Microsoft.Network/virtualNetworks/ps4344\",\r\n  \"etag\": \"W/\\\"632e83e1-afdd-4db8-bfad-b20081087ac3\\\"\",\r\n  \"type\": \"Microsoft.Network/virtualNetworks\",\r\n  \"location\": \"eastus2euap\",\r\n  \"properties\": {\r\n    \"provisioningState\": \"Succeeded\",\r\n    \"resourceGuid\": \"c7f11c05-2397-4e93-b5b6-67e069b47cfc\",\r\n    \"addressSpace\": {\r\n      \"addressPrefixes\": [\r\n        \"10.0.0.0/16\"\r\n      ]\r\n    },\r\n    \"subnets\": [\r\n      {\r\n        \"name\": \"ps2683\",\r\n        \"id\": \"/subscriptions/947d47b4-7883-4bb9-9d85-c5e8e2f572ce/resourceGroups/ps9819/providers/Microsoft.Network/virtualNetworks/ps4344/subnets/ps2683\",\r\n        \"etag\": \"W/\\\"632e83e1-afdd-4db8-bfad-b20081087ac3\\\"\",\r\n        \"properties\": {\r\n          \"provisioningState\": \"Succeeded\",\r\n          \"addressPrefix\": \"10.0.1.0/24\",\r\n          \"ipConfigurations\": [\r\n            {\r\n              \"id\": \"/subscriptions/947d47b4-7883-4bb9-9d85-c5e8e2f572ce/resourceGroups/PS9819/providers/Microsoft.Network/networkInterfaces/PS1441/ipConfigurations/IPCONFIG1\"\r\n            }\r\n          ],\r\n          \"serviceEndpoints\": [],\r\n          \"delegations\": [],\r\n          \"privateEndpointNetworkPolicies\": \"Disabled\",\r\n          \"privateLinkServiceNetworkPolicies\": \"Enabled\"\r\n        },\r\n        \"type\": \"Microsoft.Network/virtualNetworks/subnets\"\r\n      }\r\n    ],\r\n    \"virtualNetworkPeerings\": [],\r\n    \"enableDdosProtection\": false\r\n  }\r\n}",
      "StatusCode": 200
    },
    {
      "RequestUri": "/subscriptions/947d47b4-7883-4bb9-9d85-c5e8e2f572ce/resourceGroups/ps9819/providers/Microsoft.Network/virtualNetworks/ps4344?api-version=2022-11-01",
      "EncodedRequestUri": "L3N1YnNjcmlwdGlvbnMvOTQ3ZDQ3YjQtNzg4My00YmI5LTlkODUtYzVlOGUyZjU3MmNlL3Jlc291cmNlR3JvdXBzL3BzOTgxOS9wcm92aWRlcnMvTWljcm9zb2Z0Lk5ldHdvcmsvdmlydHVhbE5ldHdvcmtzL3BzNDM0ND9hcGktdmVyc2lvbj0yMDIyLTExLTAx",
      "RequestMethod": "PUT",
      "RequestHeaders": {
        "x-ms-client-request-id": [
          "3f037c5b-9d71-4e18-8366-5cde72b8bdb4"
        ],
        "Accept-Language": [
          "en-US"
        ],
        "User-Agent": [
          "FxVersion/4.700.22.55902",
          "OSName/Windows",
          "OSVersion/Microsoft.Windows.10.0.17763",
          "Microsoft.Azure.Management.Network.NetworkManagementClient/27.0.0.0"
        ],
        "Content-Type": [
          "application/json; charset=utf-8"
        ],
        "Content-Length": [
          "736"
        ]
      },
      "RequestBody": "{\r\n  \"properties\": {\r\n    \"addressSpace\": {\r\n      \"addressPrefixes\": [\r\n        \"10.0.0.0/16\"\r\n      ]\r\n    },\r\n    \"subnets\": [\r\n      {\r\n        \"properties\": {\r\n          \"addressPrefix\": \"10.0.1.0/24\",\r\n          \"addressPrefixes\": [],\r\n          \"serviceEndpoints\": [],\r\n          \"serviceEndpointPolicies\": [],\r\n          \"ipAllocations\": [],\r\n          \"delegations\": [],\r\n          \"privateEndpointNetworkPolicies\": \"Disabled\",\r\n          \"privateLinkServiceNetworkPolicies\": \"Enabled\",\r\n          \"applicationGatewayIPConfigurations\": []\r\n        },\r\n        \"name\": \"ps2683\"\r\n      }\r\n    ],\r\n    \"virtualNetworkPeerings\": [],\r\n    \"enableDdosProtection\": false,\r\n    \"ipAllocations\": []\r\n  },\r\n  \"location\": \"eastus2euap\"\r\n}",
      "ResponseHeaders": {
        "Cache-Control": [
          "no-cache"
        ],
        "Pragma": [
          "no-cache"
        ],
        "Retry-After": [
          "3"
        ],
        "x-ms-request-id": [
          "2782e7fe-d7b3-476b-8b1b-5cd11c33996d"
        ],
        "azure-asyncoperation": [
          "https://management.azure.com/subscriptions/947d47b4-7883-4bb9-9d85-c5e8e2f572ce/providers/Microsoft.Network/locations/eastus2euap/operations/2782e7fe-d7b3-476b-8b1b-5cd11c33996d?api-version=2022-11-01"
        ],
        "x-ms-correlation-request-id": [
          "28d36798-1f73-49a9-a882-50937abd0dc7"
        ],
        "azure-asyncnotification": [
          "Enabled"
        ],
        "x-ms-arm-service-request-id": [
          "b463248d-e17c-4246-8346-4305fadd2592"
        ],
        "Strict-Transport-Security": [
          "max-age=31536000; includeSubDomains"
        ],
        "Server": [
          "Microsoft-HTTPAPI/2.0",
          "Microsoft-HTTPAPI/2.0"
        ],
        "x-ms-ratelimit-remaining-subscription-writes": [
          "1194"
        ],
        "x-ms-routing-request-id": [
          "CENTRALUS:20230511T195052Z:28d36798-1f73-49a9-a882-50937abd0dc7"
        ],
        "X-Content-Type-Options": [
          "nosniff"
        ],
        "Date": [
          "Thu, 11 May 2023 19:50:51 GMT"
        ],
        "Content-Length": [
          "962"
        ],
        "Content-Type": [
          "application/json; charset=utf-8"
        ],
        "Expires": [
          "-1"
        ]
      },
      "ResponseBody": "{\r\n  \"name\": \"ps4344\",\r\n  \"id\": \"/subscriptions/947d47b4-7883-4bb9-9d85-c5e8e2f572ce/resourceGroups/ps9819/providers/Microsoft.Network/virtualNetworks/ps4344\",\r\n  \"etag\": \"W/\\\"2b3e5e55-387e-4a79-ac68-ce26000ac91f\\\"\",\r\n  \"type\": \"Microsoft.Network/virtualNetworks\",\r\n  \"location\": \"eastus2euap\",\r\n  \"properties\": {\r\n    \"provisioningState\": \"Updating\",\r\n    \"resourceGuid\": \"c7f11c05-2397-4e93-b5b6-67e069b47cfc\",\r\n    \"addressSpace\": {\r\n      \"addressPrefixes\": [\r\n        \"10.0.0.0/16\"\r\n      ]\r\n    },\r\n    \"subnets\": [\r\n      {\r\n        \"name\": \"ps2683\",\r\n        \"id\": \"/subscriptions/947d47b4-7883-4bb9-9d85-c5e8e2f572ce/resourceGroups/ps9819/providers/Microsoft.Network/virtualNetworks/ps4344/subnets/ps2683\",\r\n        \"etag\": \"W/\\\"2b3e5e55-387e-4a79-ac68-ce26000ac91f\\\"\",\r\n        \"properties\": {\r\n          \"provisioningState\": \"Updating\",\r\n          \"addressPrefix\": \"10.0.1.0/24\",\r\n          \"serviceEndpoints\": [],\r\n          \"delegations\": [],\r\n          \"privateEndpointNetworkPolicies\": \"Disabled\",\r\n          \"privateLinkServiceNetworkPolicies\": \"Enabled\"\r\n        },\r\n        \"type\": \"Microsoft.Network/virtualNetworks/subnets\"\r\n      }\r\n    ],\r\n    \"virtualNetworkPeerings\": [],\r\n    \"enableDdosProtection\": false\r\n  }\r\n}",
      "StatusCode": 201
    },
    {
      "RequestUri": "/subscriptions/947d47b4-7883-4bb9-9d85-c5e8e2f572ce/providers/Microsoft.Network/locations/eastus2euap/operations/2782e7fe-d7b3-476b-8b1b-5cd11c33996d?api-version=2022-11-01",
      "EncodedRequestUri": "L3N1YnNjcmlwdGlvbnMvOTQ3ZDQ3YjQtNzg4My00YmI5LTlkODUtYzVlOGUyZjU3MmNlL3Byb3ZpZGVycy9NaWNyb3NvZnQuTmV0d29yay9sb2NhdGlvbnMvZWFzdHVzMmV1YXAvb3BlcmF0aW9ucy8yNzgyZTdmZS1kN2IzLTQ3NmItOGIxYi01Y2QxMWMzMzk5NmQ/YXBpLXZlcnNpb249MjAyMi0xMS0wMQ==",
      "RequestMethod": "GET",
      "RequestHeaders": {
        "x-ms-client-request-id": [
          "3f037c5b-9d71-4e18-8366-5cde72b8bdb4"
        ],
        "User-Agent": [
          "FxVersion/4.700.22.55902",
          "OSName/Windows",
          "OSVersion/Microsoft.Windows.10.0.17763",
          "Microsoft.Azure.Management.Network.NetworkManagementClient/27.0.0.0"
        ]
      },
      "RequestBody": "",
      "ResponseHeaders": {
        "Cache-Control": [
          "no-cache"
        ],
        "Pragma": [
          "no-cache"
        ],
        "x-ms-request-id": [
          "461409ea-5504-4ef9-a31e-629bcc08c578"
        ],
        "x-ms-correlation-request-id": [
          "2311d8f6-04f1-432f-b10b-3318b308bcb9"
        ],
        "x-ms-arm-service-request-id": [
          "25a14f09-0aab-428e-bd98-660c6416da24"
        ],
        "Strict-Transport-Security": [
          "max-age=31536000; includeSubDomains"
        ],
        "Server": [
          "Microsoft-HTTPAPI/2.0",
          "Microsoft-HTTPAPI/2.0"
        ],
        "x-ms-ratelimit-remaining-subscription-reads": [
          "11972"
        ],
        "x-ms-routing-request-id": [
          "CENTRALUS:20230511T195055Z:2311d8f6-04f1-432f-b10b-3318b308bcb9"
        ],
        "X-Content-Type-Options": [
          "nosniff"
        ],
        "Date": [
          "Thu, 11 May 2023 19:50:54 GMT"
        ],
        "Content-Length": [
          "22"
        ],
        "Content-Type": [
          "application/json; charset=utf-8"
        ],
        "Expires": [
          "-1"
        ]
      },
      "ResponseBody": "{\r\n  \"status\": \"Succeeded\"\r\n}",
      "StatusCode": 200
    },
    {
      "RequestUri": "/subscriptions/947d47b4-7883-4bb9-9d85-c5e8e2f572ce/resourceGroups/ps9819/providers/Microsoft.Network/publicIPAddresses/ps1169?api-version=2022-11-01",
      "EncodedRequestUri": "L3N1YnNjcmlwdGlvbnMvOTQ3ZDQ3YjQtNzg4My00YmI5LTlkODUtYzVlOGUyZjU3MmNlL3Jlc291cmNlR3JvdXBzL3BzOTgxOS9wcm92aWRlcnMvTWljcm9zb2Z0Lk5ldHdvcmsvcHVibGljSVBBZGRyZXNzZXMvcHMxMTY5P2FwaS12ZXJzaW9uPTIwMjItMTEtMDE=",
      "RequestMethod": "GET",
      "RequestHeaders": {
        "x-ms-client-request-id": [
          "8362761e-61f7-4e5a-bd66-677c6ea5d032"
        ],
        "Accept-Language": [
          "en-US"
        ],
        "User-Agent": [
          "FxVersion/4.700.22.55902",
          "OSName/Windows",
          "OSVersion/Microsoft.Windows.10.0.17763",
          "Microsoft.Azure.Management.Network.NetworkManagementClient/27.0.0.0"
        ]
      },
      "RequestBody": "",
      "ResponseHeaders": {
        "Cache-Control": [
          "no-cache"
        ],
        "Pragma": [
          "no-cache"
        ],
        "x-ms-failure-cause": [
          "gateway"
        ],
        "x-ms-request-id": [
          "f475c064-06bc-4347-93e3-a85c23afff08"
        ],
        "x-ms-correlation-request-id": [
          "f475c064-06bc-4347-93e3-a85c23afff08"
        ],
        "x-ms-routing-request-id": [
          "CENTRALUS:20230511T195055Z:f475c064-06bc-4347-93e3-a85c23afff08"
        ],
        "Strict-Transport-Security": [
          "max-age=31536000; includeSubDomains"
        ],
        "X-Content-Type-Options": [
          "nosniff"
        ],
        "Date": [
          "Thu, 11 May 2023 19:50:54 GMT"
        ],
        "Content-Type": [
          "application/json; charset=utf-8"
        ],
        "Expires": [
          "-1"
        ],
        "Content-Length": [
          "220"
        ]
      },
      "ResponseBody": "{\r\n  \"error\": {\r\n    \"code\": \"ResourceNotFound\",\r\n    \"message\": \"The Resource 'Microsoft.Network/publicIPAddresses/ps1169' under resource group 'ps9819' was not found. For more details please go to https://aka.ms/ARMResourceNotFoundFix\"\r\n  }\r\n}",
      "StatusCode": 404
    },
    {
      "RequestUri": "/subscriptions/947d47b4-7883-4bb9-9d85-c5e8e2f572ce/resourceGroups/ps9819/providers/Microsoft.Network/publicIPAddresses/ps1169?api-version=2022-11-01",
      "EncodedRequestUri": "L3N1YnNjcmlwdGlvbnMvOTQ3ZDQ3YjQtNzg4My00YmI5LTlkODUtYzVlOGUyZjU3MmNlL3Jlc291cmNlR3JvdXBzL3BzOTgxOS9wcm92aWRlcnMvTWljcm9zb2Z0Lk5ldHdvcmsvcHVibGljSVBBZGRyZXNzZXMvcHMxMTY5P2FwaS12ZXJzaW9uPTIwMjItMTEtMDE=",
      "RequestMethod": "GET",
      "RequestHeaders": {
        "x-ms-client-request-id": [
          "8362761e-61f7-4e5a-bd66-677c6ea5d032"
        ],
        "User-Agent": [
          "FxVersion/4.700.22.55902",
          "OSName/Windows",
          "OSVersion/Microsoft.Windows.10.0.17763",
          "Microsoft.Azure.Management.Network.NetworkManagementClient/27.0.0.0"
        ]
      },
      "RequestBody": "",
      "ResponseHeaders": {
        "Cache-Control": [
          "no-cache"
        ],
        "Pragma": [
          "no-cache"
        ],
        "ETag": [
          "W/\"3c67e9d2-fd28-4247-8b05-096233e1648b\""
        ],
        "x-ms-request-id": [
          "3108f876-7123-4b9b-9eda-d80ef43e8da8"
        ],
        "x-ms-correlation-request-id": [
          "e6f81e7c-7607-4937-b07b-4fd29e5a20f6"
        ],
        "x-ms-arm-service-request-id": [
          "350e3b60-bd81-4dc4-bc1a-1744a6877196"
        ],
        "Strict-Transport-Security": [
          "max-age=31536000; includeSubDomains"
        ],
        "Server": [
          "Microsoft-HTTPAPI/2.0",
          "Microsoft-HTTPAPI/2.0"
        ],
        "x-ms-ratelimit-remaining-subscription-reads": [
          "11941"
        ],
        "x-ms-routing-request-id": [
          "CENTRALUS:20230511T195100Z:e6f81e7c-7607-4937-b07b-4fd29e5a20f6"
        ],
        "X-Content-Type-Options": [
          "nosniff"
        ],
        "Date": [
          "Thu, 11 May 2023 19:50:59 GMT"
        ],
        "Content-Length": [
          "701"
        ],
        "Content-Type": [
          "application/json; charset=utf-8"
        ],
        "Expires": [
          "-1"
        ]
      },
      "ResponseBody": "{\r\n  \"name\": \"ps1169\",\r\n  \"id\": \"/subscriptions/947d47b4-7883-4bb9-9d85-c5e8e2f572ce/resourceGroups/ps9819/providers/Microsoft.Network/publicIPAddresses/ps1169\",\r\n  \"etag\": \"W/\\\"3c67e9d2-fd28-4247-8b05-096233e1648b\\\"\",\r\n  \"location\": \"eastus2euap\",\r\n  \"properties\": {\r\n    \"provisioningState\": \"Succeeded\",\r\n    \"resourceGuid\": \"49135756-fd8c-4e77-8823-283add37de88\",\r\n    \"ipAddress\": \"20.102.138.33\",\r\n    \"publicIPAddressVersion\": \"IPv4\",\r\n    \"publicIPAllocationMethod\": \"Static\",\r\n    \"idleTimeoutInMinutes\": 4,\r\n    \"dnsSettings\": {\r\n      \"domainNameLabel\": \"ps6725\",\r\n      \"fqdn\": \"ps6725.eastus2euap.cloudapp.azure.com\"\r\n    },\r\n    \"ipTags\": [],\r\n    \"ddosSettings\": {\r\n      \"protectionMode\": \"VirtualNetworkInherited\"\r\n    }\r\n  },\r\n  \"type\": \"Microsoft.Network/publicIPAddresses\",\r\n  \"sku\": {\r\n    \"name\": \"Standard\",\r\n    \"tier\": \"Regional\"\r\n  }\r\n}",
      "StatusCode": 200
    },
    {
      "RequestUri": "/subscriptions/947d47b4-7883-4bb9-9d85-c5e8e2f572ce/resourceGroups/ps9819/providers/Microsoft.Network/publicIPAddresses/ps1169?api-version=2022-11-01",
      "EncodedRequestUri": "L3N1YnNjcmlwdGlvbnMvOTQ3ZDQ3YjQtNzg4My00YmI5LTlkODUtYzVlOGUyZjU3MmNlL3Jlc291cmNlR3JvdXBzL3BzOTgxOS9wcm92aWRlcnMvTWljcm9zb2Z0Lk5ldHdvcmsvcHVibGljSVBBZGRyZXNzZXMvcHMxMTY5P2FwaS12ZXJzaW9uPTIwMjItMTEtMDE=",
      "RequestMethod": "GET",
      "RequestHeaders": {
        "x-ms-client-request-id": [
          "8362761e-61f7-4e5a-bd66-677c6ea5d032"
        ],
        "Accept-Language": [
          "en-US"
        ],
        "User-Agent": [
          "FxVersion/4.700.22.55902",
          "OSName/Windows",
          "OSVersion/Microsoft.Windows.10.0.17763",
          "Microsoft.Azure.Management.Network.NetworkManagementClient/27.0.0.0"
        ]
      },
      "RequestBody": "",
      "ResponseHeaders": {
        "Cache-Control": [
          "no-cache"
        ],
        "Pragma": [
          "no-cache"
        ],
        "ETag": [
          "W/\"3c67e9d2-fd28-4247-8b05-096233e1648b\""
        ],
        "x-ms-request-id": [
          "7f8560f8-257f-40c3-86ae-b88afa1853cf"
        ],
        "x-ms-correlation-request-id": [
          "1ceabc53-0d7e-4c9c-ad98-0f84c0869875"
        ],
        "x-ms-arm-service-request-id": [
          "f77a3290-b8a3-42c1-8d2c-9dbc5f55f397"
        ],
        "Strict-Transport-Security": [
          "max-age=31536000; includeSubDomains"
        ],
        "Server": [
          "Microsoft-HTTPAPI/2.0",
          "Microsoft-HTTPAPI/2.0"
        ],
        "x-ms-ratelimit-remaining-subscription-reads": [
          "11940"
        ],
        "x-ms-routing-request-id": [
          "CENTRALUS:20230511T195100Z:1ceabc53-0d7e-4c9c-ad98-0f84c0869875"
        ],
        "X-Content-Type-Options": [
          "nosniff"
        ],
        "Date": [
          "Thu, 11 May 2023 19:50:59 GMT"
        ],
        "Content-Length": [
          "701"
        ],
        "Content-Type": [
          "application/json; charset=utf-8"
        ],
        "Expires": [
          "-1"
        ]
      },
      "ResponseBody": "{\r\n  \"name\": \"ps1169\",\r\n  \"id\": \"/subscriptions/947d47b4-7883-4bb9-9d85-c5e8e2f572ce/resourceGroups/ps9819/providers/Microsoft.Network/publicIPAddresses/ps1169\",\r\n  \"etag\": \"W/\\\"3c67e9d2-fd28-4247-8b05-096233e1648b\\\"\",\r\n  \"location\": \"eastus2euap\",\r\n  \"properties\": {\r\n    \"provisioningState\": \"Succeeded\",\r\n    \"resourceGuid\": \"49135756-fd8c-4e77-8823-283add37de88\",\r\n    \"ipAddress\": \"20.102.138.33\",\r\n    \"publicIPAddressVersion\": \"IPv4\",\r\n    \"publicIPAllocationMethod\": \"Static\",\r\n    \"idleTimeoutInMinutes\": 4,\r\n    \"dnsSettings\": {\r\n      \"domainNameLabel\": \"ps6725\",\r\n      \"fqdn\": \"ps6725.eastus2euap.cloudapp.azure.com\"\r\n    },\r\n    \"ipTags\": [],\r\n    \"ddosSettings\": {\r\n      \"protectionMode\": \"VirtualNetworkInherited\"\r\n    }\r\n  },\r\n  \"type\": \"Microsoft.Network/publicIPAddresses\",\r\n  \"sku\": {\r\n    \"name\": \"Standard\",\r\n    \"tier\": \"Regional\"\r\n  }\r\n}",
      "StatusCode": 200
    },
    {
      "RequestUri": "/subscriptions/947d47b4-7883-4bb9-9d85-c5e8e2f572ce/resourceGroups/ps9819/providers/Microsoft.Network/publicIPAddresses/ps1169?api-version=2022-11-01",
      "EncodedRequestUri": "L3N1YnNjcmlwdGlvbnMvOTQ3ZDQ3YjQtNzg4My00YmI5LTlkODUtYzVlOGUyZjU3MmNlL3Jlc291cmNlR3JvdXBzL3BzOTgxOS9wcm92aWRlcnMvTWljcm9zb2Z0Lk5ldHdvcmsvcHVibGljSVBBZGRyZXNzZXMvcHMxMTY5P2FwaS12ZXJzaW9uPTIwMjItMTEtMDE=",
      "RequestMethod": "GET",
      "RequestHeaders": {
        "x-ms-client-request-id": [
          "941fce61-c9ff-42c1-9bed-7af15d18b2d3"
        ],
        "Accept-Language": [
          "en-US"
        ],
        "User-Agent": [
          "FxVersion/4.700.22.55902",
          "OSName/Windows",
          "OSVersion/Microsoft.Windows.10.0.17763",
          "Microsoft.Azure.Management.Network.NetworkManagementClient/27.0.0.0"
        ]
      },
      "RequestBody": "",
      "ResponseHeaders": {
        "Cache-Control": [
          "no-cache"
        ],
        "Pragma": [
          "no-cache"
        ],
        "ETag": [
          "W/\"28a8c60d-0f9f-49f3-837c-6ab915968edd\""
        ],
        "x-ms-request-id": [
          "6d76a84a-0035-417e-b17d-8aa723787a64"
        ],
        "x-ms-correlation-request-id": [
          "957a8838-d166-4821-81cc-3beafe3e4240"
        ],
        "x-ms-arm-service-request-id": [
          "68725039-e657-4250-80fc-304cad48c45f"
        ],
        "Strict-Transport-Security": [
          "max-age=31536000; includeSubDomains"
        ],
        "Server": [
          "Microsoft-HTTPAPI/2.0",
          "Microsoft-HTTPAPI/2.0"
        ],
        "x-ms-ratelimit-remaining-subscription-reads": [
          "11935"
        ],
        "x-ms-routing-request-id": [
          "CENTRALUS:20230511T195102Z:957a8838-d166-4821-81cc-3beafe3e4240"
        ],
        "X-Content-Type-Options": [
          "nosniff"
        ],
        "Date": [
          "Thu, 11 May 2023 19:51:02 GMT"
        ],
        "Content-Length": [
          "882"
        ],
        "Content-Type": [
          "application/json; charset=utf-8"
        ],
        "Expires": [
          "-1"
        ]
      },
      "ResponseBody": "{\r\n  \"name\": \"ps1169\",\r\n  \"id\": \"/subscriptions/947d47b4-7883-4bb9-9d85-c5e8e2f572ce/resourceGroups/ps9819/providers/Microsoft.Network/publicIPAddresses/ps1169\",\r\n  \"etag\": \"W/\\\"28a8c60d-0f9f-49f3-837c-6ab915968edd\\\"\",\r\n  \"location\": \"eastus2euap\",\r\n  \"properties\": {\r\n    \"provisioningState\": \"Succeeded\",\r\n    \"resourceGuid\": \"49135756-fd8c-4e77-8823-283add37de88\",\r\n    \"ipAddress\": \"20.102.138.33\",\r\n    \"publicIPAddressVersion\": \"IPv4\",\r\n    \"publicIPAllocationMethod\": \"Static\",\r\n    \"idleTimeoutInMinutes\": 4,\r\n    \"dnsSettings\": {\r\n      \"domainNameLabel\": \"ps6725\",\r\n      \"fqdn\": \"ps6725.eastus2euap.cloudapp.azure.com\"\r\n    },\r\n    \"ipTags\": [],\r\n    \"ipConfiguration\": {\r\n      \"id\": \"/subscriptions/947d47b4-7883-4bb9-9d85-c5e8e2f572ce/resourceGroups/ps9819/providers/Microsoft.Network/networkInterfaces/ps1441/ipConfigurations/ipconfig1\"\r\n    },\r\n    \"ddosSettings\": {\r\n      \"protectionMode\": \"VirtualNetworkInherited\"\r\n    }\r\n  },\r\n  \"type\": \"Microsoft.Network/publicIPAddresses\",\r\n  \"sku\": {\r\n    \"name\": \"Standard\",\r\n    \"tier\": \"Regional\"\r\n  }\r\n}",
      "StatusCode": 200
    },
    {
      "RequestUri": "/subscriptions/947d47b4-7883-4bb9-9d85-c5e8e2f572ce/resourceGroups/ps9819/providers/Microsoft.Network/publicIPAddresses/ps1169?api-version=2022-11-01",
      "EncodedRequestUri": "L3N1YnNjcmlwdGlvbnMvOTQ3ZDQ3YjQtNzg4My00YmI5LTlkODUtYzVlOGUyZjU3MmNlL3Jlc291cmNlR3JvdXBzL3BzOTgxOS9wcm92aWRlcnMvTWljcm9zb2Z0Lk5ldHdvcmsvcHVibGljSVBBZGRyZXNzZXMvcHMxMTY5P2FwaS12ZXJzaW9uPTIwMjItMTEtMDE=",
      "RequestMethod": "PUT",
      "RequestHeaders": {
        "x-ms-client-request-id": [
          "8362761e-61f7-4e5a-bd66-677c6ea5d032"
        ],
        "Accept-Language": [
          "en-US"
        ],
        "User-Agent": [
          "FxVersion/4.700.22.55902",
          "OSName/Windows",
          "OSVersion/Microsoft.Windows.10.0.17763",
          "Microsoft.Azure.Management.Network.NetworkManagementClient/27.0.0.0"
        ],
        "Content-Type": [
          "application/json; charset=utf-8"
        ],
        "Content-Length": [
          "242"
        ]
      },
      "RequestBody": "{\r\n  \"sku\": {\r\n    \"name\": \"Standard\"\r\n  },\r\n  \"properties\": {\r\n    \"publicIPAllocationMethod\": \"Static\",\r\n    \"dnsSettings\": {\r\n      \"domainNameLabel\": \"ps6725\"\r\n    },\r\n    \"ipTags\": []\r\n  },\r\n  \"zones\": [],\r\n  \"location\": \"eastus2euap\"\r\n}",
      "ResponseHeaders": {
        "Cache-Control": [
          "no-cache"
        ],
        "Pragma": [
          "no-cache"
        ],
        "Retry-After": [
          "1"
        ],
        "x-ms-request-id": [
          "f0bc0561-798c-43d2-a623-47ef8d9b4b21"
        ],
        "azure-asyncoperation": [
          "https://management.azure.com/subscriptions/947d47b4-7883-4bb9-9d85-c5e8e2f572ce/providers/Microsoft.Network/locations/eastus2euap/operations/f0bc0561-798c-43d2-a623-47ef8d9b4b21?api-version=2022-11-01"
        ],
        "x-ms-correlation-request-id": [
          "667ca588-f0f8-448f-8d4e-653a31bd93c3"
        ],
        "azure-asyncnotification": [
          "Enabled"
        ],
        "x-ms-arm-service-request-id": [
          "419e5a90-f005-4258-8f48-a84bf8715739"
        ],
        "Strict-Transport-Security": [
          "max-age=31536000; includeSubDomains"
        ],
        "Server": [
          "Microsoft-HTTPAPI/2.0",
          "Microsoft-HTTPAPI/2.0"
        ],
        "x-ms-ratelimit-remaining-subscription-writes": [
          "1191"
        ],
        "x-ms-routing-request-id": [
          "CENTRALUS:20230511T195057Z:667ca588-f0f8-448f-8d4e-653a31bd93c3"
        ],
        "X-Content-Type-Options": [
          "nosniff"
        ],
        "Date": [
          "Thu, 11 May 2023 19:50:56 GMT"
        ],
        "Content-Length": [
          "672"
        ],
        "Content-Type": [
          "application/json; charset=utf-8"
        ],
        "Expires": [
          "-1"
        ]
      },
      "ResponseBody": "{\r\n  \"name\": \"ps1169\",\r\n  \"id\": \"/subscriptions/947d47b4-7883-4bb9-9d85-c5e8e2f572ce/resourceGroups/ps9819/providers/Microsoft.Network/publicIPAddresses/ps1169\",\r\n  \"etag\": \"W/\\\"ec7b4997-2259-43d8-85a7-f6a78b84f479\\\"\",\r\n  \"location\": \"eastus2euap\",\r\n  \"properties\": {\r\n    \"provisioningState\": \"Updating\",\r\n    \"resourceGuid\": \"49135756-fd8c-4e77-8823-283add37de88\",\r\n    \"publicIPAddressVersion\": \"IPv4\",\r\n    \"publicIPAllocationMethod\": \"Static\",\r\n    \"idleTimeoutInMinutes\": 4,\r\n    \"dnsSettings\": {\r\n      \"domainNameLabel\": \"ps6725\",\r\n      \"fqdn\": \"ps6725.eastus2euap.cloudapp.azure.com\"\r\n    },\r\n    \"ipTags\": [],\r\n    \"ddosSettings\": {\r\n      \"protectionMode\": \"VirtualNetworkInherited\"\r\n    }\r\n  },\r\n  \"type\": \"Microsoft.Network/publicIPAddresses\",\r\n  \"sku\": {\r\n    \"name\": \"Standard\",\r\n    \"tier\": \"Regional\"\r\n  }\r\n}",
      "StatusCode": 201
    },
    {
      "RequestUri": "/subscriptions/947d47b4-7883-4bb9-9d85-c5e8e2f572ce/providers/Microsoft.Network/locations/eastus2euap/operations/f0bc0561-798c-43d2-a623-47ef8d9b4b21?api-version=2022-11-01",
      "EncodedRequestUri": "L3N1YnNjcmlwdGlvbnMvOTQ3ZDQ3YjQtNzg4My00YmI5LTlkODUtYzVlOGUyZjU3MmNlL3Byb3ZpZGVycy9NaWNyb3NvZnQuTmV0d29yay9sb2NhdGlvbnMvZWFzdHVzMmV1YXAvb3BlcmF0aW9ucy9mMGJjMDU2MS03OThjLTQzZDItYTYyMy00N2VmOGQ5YjRiMjE/YXBpLXZlcnNpb249MjAyMi0xMS0wMQ==",
      "RequestMethod": "GET",
      "RequestHeaders": {
        "x-ms-client-request-id": [
          "8362761e-61f7-4e5a-bd66-677c6ea5d032"
        ],
        "User-Agent": [
          "FxVersion/4.700.22.55902",
          "OSName/Windows",
          "OSVersion/Microsoft.Windows.10.0.17763",
          "Microsoft.Azure.Management.Network.NetworkManagementClient/27.0.0.0"
        ]
      },
      "RequestBody": "",
      "ResponseHeaders": {
        "Cache-Control": [
          "no-cache"
        ],
        "Pragma": [
          "no-cache"
        ],
        "Retry-After": [
          "2"
        ],
        "x-ms-request-id": [
          "9ec4e4a3-3cd9-4210-862f-e1d690be6788"
        ],
        "x-ms-correlation-request-id": [
          "da48db60-839f-4feb-a3ff-ca44ab7efb06"
        ],
        "x-ms-arm-service-request-id": [
          "4b14cbe8-4013-46cc-b5a7-85ada8151214"
        ],
        "Strict-Transport-Security": [
          "max-age=31536000; includeSubDomains"
        ],
        "Server": [
          "Microsoft-HTTPAPI/2.0",
          "Microsoft-HTTPAPI/2.0"
        ],
        "x-ms-ratelimit-remaining-subscription-reads": [
          "11943"
        ],
        "x-ms-routing-request-id": [
          "CENTRALUS:20230511T195058Z:da48db60-839f-4feb-a3ff-ca44ab7efb06"
        ],
        "X-Content-Type-Options": [
          "nosniff"
        ],
        "Date": [
          "Thu, 11 May 2023 19:50:57 GMT"
        ],
        "Content-Length": [
          "23"
        ],
        "Content-Type": [
          "application/json; charset=utf-8"
        ],
        "Expires": [
          "-1"
        ]
      },
      "ResponseBody": "{\r\n  \"status\": \"InProgress\"\r\n}",
      "StatusCode": 200
    },
    {
      "RequestUri": "/subscriptions/947d47b4-7883-4bb9-9d85-c5e8e2f572ce/providers/Microsoft.Network/locations/eastus2euap/operations/f0bc0561-798c-43d2-a623-47ef8d9b4b21?api-version=2022-11-01",
      "EncodedRequestUri": "L3N1YnNjcmlwdGlvbnMvOTQ3ZDQ3YjQtNzg4My00YmI5LTlkODUtYzVlOGUyZjU3MmNlL3Byb3ZpZGVycy9NaWNyb3NvZnQuTmV0d29yay9sb2NhdGlvbnMvZWFzdHVzMmV1YXAvb3BlcmF0aW9ucy9mMGJjMDU2MS03OThjLTQzZDItYTYyMy00N2VmOGQ5YjRiMjE/YXBpLXZlcnNpb249MjAyMi0xMS0wMQ==",
      "RequestMethod": "GET",
      "RequestHeaders": {
        "x-ms-client-request-id": [
          "8362761e-61f7-4e5a-bd66-677c6ea5d032"
        ],
        "User-Agent": [
          "FxVersion/4.700.22.55902",
          "OSName/Windows",
          "OSVersion/Microsoft.Windows.10.0.17763",
          "Microsoft.Azure.Management.Network.NetworkManagementClient/27.0.0.0"
        ]
      },
      "RequestBody": "",
      "ResponseHeaders": {
        "Cache-Control": [
          "no-cache"
        ],
        "Pragma": [
          "no-cache"
        ],
        "x-ms-request-id": [
          "972dabfc-5c89-4de3-b46e-64575a11aa29"
        ],
        "x-ms-correlation-request-id": [
          "d04ea5e6-d724-423d-9515-a3f2c4eafe88"
        ],
        "x-ms-arm-service-request-id": [
          "5f76e80a-c9a5-403b-9f24-5faa0bb0ebde"
        ],
        "Strict-Transport-Security": [
          "max-age=31536000; includeSubDomains"
        ],
        "Server": [
          "Microsoft-HTTPAPI/2.0",
          "Microsoft-HTTPAPI/2.0"
        ],
        "x-ms-ratelimit-remaining-subscription-reads": [
          "11942"
        ],
        "x-ms-routing-request-id": [
          "CENTRALUS:20230511T195100Z:d04ea5e6-d724-423d-9515-a3f2c4eafe88"
        ],
        "X-Content-Type-Options": [
          "nosniff"
        ],
        "Date": [
          "Thu, 11 May 2023 19:50:59 GMT"
        ],
        "Content-Length": [
          "22"
        ],
        "Content-Type": [
          "application/json; charset=utf-8"
        ],
        "Expires": [
          "-1"
        ]
      },
      "ResponseBody": "{\r\n  \"status\": \"Succeeded\"\r\n}",
      "StatusCode": 200
    },
    {
      "RequestUri": "/subscriptions/947d47b4-7883-4bb9-9d85-c5e8e2f572ce/resourceGroups/ps9819/providers/Microsoft.Network/networkInterfaces/ps1441?api-version=2022-11-01",
      "EncodedRequestUri": "L3N1YnNjcmlwdGlvbnMvOTQ3ZDQ3YjQtNzg4My00YmI5LTlkODUtYzVlOGUyZjU3MmNlL3Jlc291cmNlR3JvdXBzL3BzOTgxOS9wcm92aWRlcnMvTWljcm9zb2Z0Lk5ldHdvcmsvbmV0d29ya0ludGVyZmFjZXMvcHMxNDQxP2FwaS12ZXJzaW9uPTIwMjItMTEtMDE=",
      "RequestMethod": "GET",
      "RequestHeaders": {
        "x-ms-client-request-id": [
          "7ee5cc30-e517-4308-9bce-4d701874e30a"
        ],
        "Accept-Language": [
          "en-US"
        ],
        "User-Agent": [
          "FxVersion/4.700.22.55902",
          "OSName/Windows",
          "OSVersion/Microsoft.Windows.10.0.17763",
          "Microsoft.Azure.Management.Network.NetworkManagementClient/27.0.0.0"
        ]
      },
      "RequestBody": "",
      "ResponseHeaders": {
        "Cache-Control": [
          "no-cache"
        ],
        "Pragma": [
          "no-cache"
        ],
        "x-ms-failure-cause": [
          "gateway"
        ],
        "x-ms-request-id": [
          "57629d9f-a9f0-4a97-9260-5706a54982e5"
        ],
        "x-ms-correlation-request-id": [
          "57629d9f-a9f0-4a97-9260-5706a54982e5"
        ],
        "x-ms-routing-request-id": [
          "CENTRALUS:20230511T195100Z:57629d9f-a9f0-4a97-9260-5706a54982e5"
        ],
        "Strict-Transport-Security": [
          "max-age=31536000; includeSubDomains"
        ],
        "X-Content-Type-Options": [
          "nosniff"
        ],
        "Date": [
          "Thu, 11 May 2023 19:51:00 GMT"
        ],
        "Content-Type": [
          "application/json; charset=utf-8"
        ],
        "Expires": [
          "-1"
        ],
        "Content-Length": [
          "220"
        ]
      },
      "ResponseBody": "{\r\n  \"error\": {\r\n    \"code\": \"ResourceNotFound\",\r\n    \"message\": \"The Resource 'Microsoft.Network/networkInterfaces/ps1441' under resource group 'ps9819' was not found. For more details please go to https://aka.ms/ARMResourceNotFoundFix\"\r\n  }\r\n}",
      "StatusCode": 404
    },
    {
      "RequestUri": "/subscriptions/947d47b4-7883-4bb9-9d85-c5e8e2f572ce/resourceGroups/ps9819/providers/Microsoft.Network/networkInterfaces/ps1441?api-version=2022-11-01",
      "EncodedRequestUri": "L3N1YnNjcmlwdGlvbnMvOTQ3ZDQ3YjQtNzg4My00YmI5LTlkODUtYzVlOGUyZjU3MmNlL3Jlc291cmNlR3JvdXBzL3BzOTgxOS9wcm92aWRlcnMvTWljcm9zb2Z0Lk5ldHdvcmsvbmV0d29ya0ludGVyZmFjZXMvcHMxNDQxP2FwaS12ZXJzaW9uPTIwMjItMTEtMDE=",
      "RequestMethod": "GET",
      "RequestHeaders": {
        "User-Agent": [
          "FxVersion/4.700.22.55902",
          "OSName/Windows",
          "OSVersion/Microsoft.Windows.10.0.17763",
          "Microsoft.Azure.Management.Network.NetworkManagementClient/27.0.0.0"
        ]
      },
      "RequestBody": "",
      "ResponseHeaders": {
        "Cache-Control": [
          "no-cache"
        ],
        "Pragma": [
          "no-cache"
        ],
        "ETag": [
          "W/\"b16bed77-1c63-41ce-b21f-2e63a621f25d\""
        ],
        "x-ms-request-id": [
          "7a4f730d-8f6c-43ab-b635-1407c30f0fdd"
        ],
        "x-ms-correlation-request-id": [
          "94b83631-e9b5-4119-a07e-551aac6db652"
        ],
        "x-ms-arm-service-request-id": [
          "93736885-92ab-4ba1-8376-b8f8cdb8397e"
        ],
        "Strict-Transport-Security": [
          "max-age=31536000; includeSubDomains"
        ],
        "Server": [
          "Microsoft-HTTPAPI/2.0",
          "Microsoft-HTTPAPI/2.0"
        ],
        "x-ms-ratelimit-remaining-subscription-reads": [
          "11930"
        ],
        "x-ms-routing-request-id": [
          "CENTRALUS:20230511T195102Z:94b83631-e9b5-4119-a07e-551aac6db652"
        ],
        "X-Content-Type-Options": [
          "nosniff"
        ],
        "Date": [
          "Thu, 11 May 2023 19:51:01 GMT"
        ],
        "Content-Length": [
          "1535"
        ],
        "Content-Type": [
          "application/json; charset=utf-8"
        ],
        "Expires": [
          "-1"
        ]
      },
      "ResponseBody": "{\r\n  \"name\": \"ps1441\",\r\n  \"id\": \"/subscriptions/947d47b4-7883-4bb9-9d85-c5e8e2f572ce/resourceGroups/ps9819/providers/Microsoft.Network/networkInterfaces/ps1441\",\r\n  \"etag\": \"W/\\\"b16bed77-1c63-41ce-b21f-2e63a621f25d\\\"\",\r\n  \"properties\": {\r\n    \"provisioningState\": \"Succeeded\",\r\n    \"resourceGuid\": \"a2ba9d3a-747c-4748-ad2b-7ee2e008aa17\",\r\n    \"ipConfigurations\": [\r\n      {\r\n        \"name\": \"ipconfig1\",\r\n        \"id\": \"/subscriptions/947d47b4-7883-4bb9-9d85-c5e8e2f572ce/resourceGroups/ps9819/providers/Microsoft.Network/networkInterfaces/ps1441/ipConfigurations/ipconfig1\",\r\n        \"etag\": \"W/\\\"b16bed77-1c63-41ce-b21f-2e63a621f25d\\\"\",\r\n        \"type\": \"Microsoft.Network/networkInterfaces/ipConfigurations\",\r\n        \"properties\": {\r\n          \"provisioningState\": \"Succeeded\",\r\n          \"privateIPAddress\": \"10.0.1.4\",\r\n          \"privateIPAllocationMethod\": \"Dynamic\",\r\n          \"publicIPAddress\": {\r\n            \"id\": \"/subscriptions/947d47b4-7883-4bb9-9d85-c5e8e2f572ce/resourceGroups/ps9819/providers/Microsoft.Network/publicIPAddresses/ps1169\"\r\n          },\r\n          \"subnet\": {\r\n            \"id\": \"/subscriptions/947d47b4-7883-4bb9-9d85-c5e8e2f572ce/resourceGroups/ps9819/providers/Microsoft.Network/virtualNetworks/ps4344/subnets/ps2683\"\r\n          },\r\n          \"primary\": true,\r\n          \"privateIPAddressVersion\": \"IPv4\"\r\n        }\r\n      }\r\n    ],\r\n    \"dnsSettings\": {\r\n      \"dnsServers\": [],\r\n      \"appliedDnsServers\": [],\r\n      \"internalDomainNameSuffix\": \"auopdr2xeoju3nnwm5qgtnd25e.cbnx.internal.cloudapp.net\"\r\n    },\r\n    \"enableAcceleratedNetworking\": false,\r\n    \"vnetEncryptionSupported\": false,\r\n    \"enableIPForwarding\": false,\r\n    \"disableTcpStateTracking\": false,\r\n    \"hostedWorkloads\": [],\r\n    \"tapConfigurations\": [],\r\n    \"nicType\": \"Standard\",\r\n    \"allowPort25Out\": true\r\n  },\r\n  \"type\": \"Microsoft.Network/networkInterfaces\",\r\n  \"location\": \"eastus2euap\",\r\n  \"kind\": \"Regular\"\r\n}",
      "StatusCode": 200
    },
    {
      "RequestUri": "/subscriptions/947d47b4-7883-4bb9-9d85-c5e8e2f572ce/resourceGroups/ps9819/providers/Microsoft.Network/networkInterfaces/ps1441?api-version=2022-11-01",
      "EncodedRequestUri": "L3N1YnNjcmlwdGlvbnMvOTQ3ZDQ3YjQtNzg4My00YmI5LTlkODUtYzVlOGUyZjU3MmNlL3Jlc291cmNlR3JvdXBzL3BzOTgxOS9wcm92aWRlcnMvTWljcm9zb2Z0Lk5ldHdvcmsvbmV0d29ya0ludGVyZmFjZXMvcHMxNDQxP2FwaS12ZXJzaW9uPTIwMjItMTEtMDE=",
      "RequestMethod": "GET",
      "RequestHeaders": {
        "x-ms-client-request-id": [
          "6fe576aa-b350-41c7-b0dc-0f1a10828b6f"
        ],
        "Accept-Language": [
          "en-US"
        ],
        "User-Agent": [
          "FxVersion/4.700.22.55902",
          "OSName/Windows",
          "OSVersion/Microsoft.Windows.10.0.17763",
          "Microsoft.Azure.Management.Network.NetworkManagementClient/27.0.0.0"
        ]
      },
      "RequestBody": "",
      "ResponseHeaders": {
        "Cache-Control": [
          "no-cache"
        ],
        "Pragma": [
          "no-cache"
        ],
        "ETag": [
          "W/\"b16bed77-1c63-41ce-b21f-2e63a621f25d\""
        ],
        "x-ms-request-id": [
          "73d5f8cb-1413-491c-ba40-3c38693c03e9"
        ],
        "x-ms-correlation-request-id": [
          "05c5e0c0-5671-4287-9843-caf1a2651a19"
        ],
        "x-ms-arm-service-request-id": [
          "3f5065b0-ad95-4d15-ad06-9cd281c3d58f"
        ],
        "Strict-Transport-Security": [
          "max-age=31536000; includeSubDomains"
        ],
        "Server": [
          "Microsoft-HTTPAPI/2.0",
          "Microsoft-HTTPAPI/2.0"
        ],
        "x-ms-ratelimit-remaining-subscription-reads": [
          "11929"
        ],
        "x-ms-routing-request-id": [
          "CENTRALUS:20230511T195102Z:05c5e0c0-5671-4287-9843-caf1a2651a19"
        ],
        "X-Content-Type-Options": [
          "nosniff"
        ],
        "Date": [
          "Thu, 11 May 2023 19:51:01 GMT"
        ],
        "Content-Length": [
          "1535"
        ],
        "Content-Type": [
          "application/json; charset=utf-8"
        ],
        "Expires": [
          "-1"
        ]
      },
      "ResponseBody": "{\r\n  \"name\": \"ps1441\",\r\n  \"id\": \"/subscriptions/947d47b4-7883-4bb9-9d85-c5e8e2f572ce/resourceGroups/ps9819/providers/Microsoft.Network/networkInterfaces/ps1441\",\r\n  \"etag\": \"W/\\\"b16bed77-1c63-41ce-b21f-2e63a621f25d\\\"\",\r\n  \"properties\": {\r\n    \"provisioningState\": \"Succeeded\",\r\n    \"resourceGuid\": \"a2ba9d3a-747c-4748-ad2b-7ee2e008aa17\",\r\n    \"ipConfigurations\": [\r\n      {\r\n        \"name\": \"ipconfig1\",\r\n        \"id\": \"/subscriptions/947d47b4-7883-4bb9-9d85-c5e8e2f572ce/resourceGroups/ps9819/providers/Microsoft.Network/networkInterfaces/ps1441/ipConfigurations/ipconfig1\",\r\n        \"etag\": \"W/\\\"b16bed77-1c63-41ce-b21f-2e63a621f25d\\\"\",\r\n        \"type\": \"Microsoft.Network/networkInterfaces/ipConfigurations\",\r\n        \"properties\": {\r\n          \"provisioningState\": \"Succeeded\",\r\n          \"privateIPAddress\": \"10.0.1.4\",\r\n          \"privateIPAllocationMethod\": \"Dynamic\",\r\n          \"publicIPAddress\": {\r\n            \"id\": \"/subscriptions/947d47b4-7883-4bb9-9d85-c5e8e2f572ce/resourceGroups/ps9819/providers/Microsoft.Network/publicIPAddresses/ps1169\"\r\n          },\r\n          \"subnet\": {\r\n            \"id\": \"/subscriptions/947d47b4-7883-4bb9-9d85-c5e8e2f572ce/resourceGroups/ps9819/providers/Microsoft.Network/virtualNetworks/ps4344/subnets/ps2683\"\r\n          },\r\n          \"primary\": true,\r\n          \"privateIPAddressVersion\": \"IPv4\"\r\n        }\r\n      }\r\n    ],\r\n    \"dnsSettings\": {\r\n      \"dnsServers\": [],\r\n      \"appliedDnsServers\": [],\r\n      \"internalDomainNameSuffix\": \"auopdr2xeoju3nnwm5qgtnd25e.cbnx.internal.cloudapp.net\"\r\n    },\r\n    \"enableAcceleratedNetworking\": false,\r\n    \"vnetEncryptionSupported\": false,\r\n    \"enableIPForwarding\": false,\r\n    \"disableTcpStateTracking\": false,\r\n    \"hostedWorkloads\": [],\r\n    \"tapConfigurations\": [],\r\n    \"nicType\": \"Standard\",\r\n    \"allowPort25Out\": true\r\n  },\r\n  \"type\": \"Microsoft.Network/networkInterfaces\",\r\n  \"location\": \"eastus2euap\",\r\n  \"kind\": \"Regular\"\r\n}",
      "StatusCode": 200
    },
    {
      "RequestUri": "/subscriptions/947d47b4-7883-4bb9-9d85-c5e8e2f572ce/resourceGroups/ps9819/providers/Microsoft.Network/networkInterfaces/ps1441?api-version=2022-11-01",
      "EncodedRequestUri": "L3N1YnNjcmlwdGlvbnMvOTQ3ZDQ3YjQtNzg4My00YmI5LTlkODUtYzVlOGUyZjU3MmNlL3Jlc291cmNlR3JvdXBzL3BzOTgxOS9wcm92aWRlcnMvTWljcm9zb2Z0Lk5ldHdvcmsvbmV0d29ya0ludGVyZmFjZXMvcHMxNDQxP2FwaS12ZXJzaW9uPTIwMjItMTEtMDE=",
      "RequestMethod": "GET",
      "RequestHeaders": {
        "x-ms-client-request-id": [
          "7d183ea7-29cf-498c-a0a1-1542ddc668e4"
        ],
        "Accept-Language": [
          "en-US"
        ],
        "User-Agent": [
          "FxVersion/4.700.22.55902",
          "OSName/Windows",
          "OSVersion/Microsoft.Windows.10.0.17763",
          "Microsoft.Azure.Management.Network.NetworkManagementClient/27.0.0.0"
        ]
      },
      "RequestBody": "",
      "ResponseHeaders": {
        "Cache-Control": [
          "no-cache"
        ],
        "Pragma": [
          "no-cache"
        ],
        "ETag": [
          "W/\"b16bed77-1c63-41ce-b21f-2e63a621f25d\""
        ],
        "x-ms-request-id": [
          "8a44f0ff-a525-4d88-9389-27fa0796bbe9"
        ],
        "x-ms-correlation-request-id": [
          "5822be6e-ff1b-4825-9c8c-d4681acf088d"
        ],
        "x-ms-arm-service-request-id": [
          "b559eb1b-9f36-46b4-a6ba-be6476e4900d"
        ],
        "Strict-Transport-Security": [
          "max-age=31536000; includeSubDomains"
        ],
        "Server": [
          "Microsoft-HTTPAPI/2.0",
          "Microsoft-HTTPAPI/2.0"
        ],
        "x-ms-ratelimit-remaining-subscription-reads": [
          "11950"
        ],
        "x-ms-routing-request-id": [
          "CENTRALUS:20230511T195102Z:5822be6e-ff1b-4825-9c8c-d4681acf088d"
        ],
        "X-Content-Type-Options": [
          "nosniff"
        ],
        "Date": [
          "Thu, 11 May 2023 19:51:01 GMT"
        ],
        "Content-Length": [
          "1535"
        ],
        "Content-Type": [
          "application/json; charset=utf-8"
        ],
        "Expires": [
          "-1"
        ]
      },
      "ResponseBody": "{\r\n  \"name\": \"ps1441\",\r\n  \"id\": \"/subscriptions/947d47b4-7883-4bb9-9d85-c5e8e2f572ce/resourceGroups/ps9819/providers/Microsoft.Network/networkInterfaces/ps1441\",\r\n  \"etag\": \"W/\\\"b16bed77-1c63-41ce-b21f-2e63a621f25d\\\"\",\r\n  \"properties\": {\r\n    \"provisioningState\": \"Succeeded\",\r\n    \"resourceGuid\": \"a2ba9d3a-747c-4748-ad2b-7ee2e008aa17\",\r\n    \"ipConfigurations\": [\r\n      {\r\n        \"name\": \"ipconfig1\",\r\n        \"id\": \"/subscriptions/947d47b4-7883-4bb9-9d85-c5e8e2f572ce/resourceGroups/ps9819/providers/Microsoft.Network/networkInterfaces/ps1441/ipConfigurations/ipconfig1\",\r\n        \"etag\": \"W/\\\"b16bed77-1c63-41ce-b21f-2e63a621f25d\\\"\",\r\n        \"type\": \"Microsoft.Network/networkInterfaces/ipConfigurations\",\r\n        \"properties\": {\r\n          \"provisioningState\": \"Succeeded\",\r\n          \"privateIPAddress\": \"10.0.1.4\",\r\n          \"privateIPAllocationMethod\": \"Dynamic\",\r\n          \"publicIPAddress\": {\r\n            \"id\": \"/subscriptions/947d47b4-7883-4bb9-9d85-c5e8e2f572ce/resourceGroups/ps9819/providers/Microsoft.Network/publicIPAddresses/ps1169\"\r\n          },\r\n          \"subnet\": {\r\n            \"id\": \"/subscriptions/947d47b4-7883-4bb9-9d85-c5e8e2f572ce/resourceGroups/ps9819/providers/Microsoft.Network/virtualNetworks/ps4344/subnets/ps2683\"\r\n          },\r\n          \"primary\": true,\r\n          \"privateIPAddressVersion\": \"IPv4\"\r\n        }\r\n      }\r\n    ],\r\n    \"dnsSettings\": {\r\n      \"dnsServers\": [],\r\n      \"appliedDnsServers\": [],\r\n      \"internalDomainNameSuffix\": \"auopdr2xeoju3nnwm5qgtnd25e.cbnx.internal.cloudapp.net\"\r\n    },\r\n    \"enableAcceleratedNetworking\": false,\r\n    \"vnetEncryptionSupported\": false,\r\n    \"enableIPForwarding\": false,\r\n    \"disableTcpStateTracking\": false,\r\n    \"hostedWorkloads\": [],\r\n    \"tapConfigurations\": [],\r\n    \"nicType\": \"Standard\",\r\n    \"allowPort25Out\": true\r\n  },\r\n  \"type\": \"Microsoft.Network/networkInterfaces\",\r\n  \"location\": \"eastus2euap\",\r\n  \"kind\": \"Regular\"\r\n}",
      "StatusCode": 200
    },
    {
      "RequestUri": "/subscriptions/947d47b4-7883-4bb9-9d85-c5e8e2f572ce/resourceGroups/ps9819/providers/Microsoft.Network/networkInterfaces/ps1441?api-version=2022-11-01",
      "EncodedRequestUri": "L3N1YnNjcmlwdGlvbnMvOTQ3ZDQ3YjQtNzg4My00YmI5LTlkODUtYzVlOGUyZjU3MmNlL3Jlc291cmNlR3JvdXBzL3BzOTgxOS9wcm92aWRlcnMvTWljcm9zb2Z0Lk5ldHdvcmsvbmV0d29ya0ludGVyZmFjZXMvcHMxNDQxP2FwaS12ZXJzaW9uPTIwMjItMTEtMDE=",
      "RequestMethod": "PUT",
      "RequestHeaders": {
        "x-ms-client-request-id": [
          "38897345-9d07-4d2d-81a7-7fd634d99eab"
        ],
        "Accept-Language": [
          "en-US"
        ],
        "User-Agent": [
          "FxVersion/4.700.22.55902",
          "OSName/Windows",
          "OSVersion/Microsoft.Windows.10.0.17763",
          "Microsoft.Azure.Management.Network.NetworkManagementClient/27.0.0.0"
        ],
        "Content-Type": [
          "application/json; charset=utf-8"
        ],
        "Content-Length": [
          "1330"
        ]
      },
      "RequestBody": "{\r\n  \"properties\": {\r\n    \"ipConfigurations\": [\r\n      {\r\n        \"properties\": {\r\n          \"virtualNetworkTaps\": [],\r\n          \"applicationGatewayBackendAddressPools\": [],\r\n          \"loadBalancerBackendAddressPools\": [],\r\n          \"loadBalancerInboundNatRules\": [],\r\n          \"privateIPAllocationMethod\": \"Dynamic\",\r\n          \"subnet\": {\r\n            \"properties\": {\r\n              \"addressPrefixes\": [],\r\n              \"serviceEndpoints\": [],\r\n              \"serviceEndpointPolicies\": [],\r\n              \"ipAllocations\": [],\r\n              \"delegations\": [],\r\n              \"applicationGatewayIPConfigurations\": []\r\n            },\r\n            \"id\": \"/subscriptions/947d47b4-7883-4bb9-9d85-c5e8e2f572ce/resourceGroups/ps9819/providers/Microsoft.Network/virtualNetworks/ps4344/subnets/ps2683\"\r\n          },\r\n          \"primary\": true,\r\n          \"publicIPAddress\": {\r\n            \"properties\": {\r\n              \"ipTags\": []\r\n            },\r\n            \"zones\": [],\r\n            \"id\": \"/subscriptions/947d47b4-7883-4bb9-9d85-c5e8e2f572ce/resourceGroups/ps9819/providers/Microsoft.Network/publicIPAddresses/ps1169\",\r\n            \"tags\": {}\r\n          }\r\n        },\r\n        \"name\": \"ipconfig1\"\r\n      }\r\n    ],\r\n    \"enableAcceleratedNetworking\": false,\r\n    \"enableIPForwarding\": false\r\n  },\r\n  \"location\": \"eastus2euap\"\r\n}",
      "ResponseHeaders": {
        "Cache-Control": [
          "no-cache"
        ],
        "Pragma": [
          "no-cache"
        ],
        "x-ms-request-id": [
          "57173f39-60f1-47e7-9fd6-742891d8a57f"
        ],
        "azure-asyncoperation": [
          "https://management.azure.com/subscriptions/947d47b4-7883-4bb9-9d85-c5e8e2f572ce/providers/Microsoft.Network/locations/eastus2euap/operations/57173f39-60f1-47e7-9fd6-742891d8a57f?api-version=2022-11-01"
        ],
        "x-ms-correlation-request-id": [
          "53794b16-7994-47ba-893a-01ce35fcbc20"
        ],
        "azure-asyncnotification": [
          "Enabled"
        ],
        "x-ms-arm-service-request-id": [
          "0c7a7576-5dd2-44bf-a7b8-1af0e5fd16f4"
        ],
        "Strict-Transport-Security": [
          "max-age=31536000; includeSubDomains"
        ],
        "Server": [
          "Microsoft-HTTPAPI/2.0",
          "Microsoft-HTTPAPI/2.0"
        ],
        "x-ms-ratelimit-remaining-subscription-writes": [
          "1188"
        ],
        "x-ms-routing-request-id": [
          "CENTRALUS:20230511T195101Z:53794b16-7994-47ba-893a-01ce35fcbc20"
        ],
        "X-Content-Type-Options": [
          "nosniff"
        ],
        "Date": [
          "Thu, 11 May 2023 19:51:01 GMT"
        ],
        "Content-Length": [
          "1535"
        ],
        "Content-Type": [
          "application/json; charset=utf-8"
        ],
        "Expires": [
          "-1"
        ]
      },
      "ResponseBody": "{\r\n  \"name\": \"ps1441\",\r\n  \"id\": \"/subscriptions/947d47b4-7883-4bb9-9d85-c5e8e2f572ce/resourceGroups/ps9819/providers/Microsoft.Network/networkInterfaces/ps1441\",\r\n  \"etag\": \"W/\\\"b16bed77-1c63-41ce-b21f-2e63a621f25d\\\"\",\r\n  \"properties\": {\r\n    \"provisioningState\": \"Succeeded\",\r\n    \"resourceGuid\": \"a2ba9d3a-747c-4748-ad2b-7ee2e008aa17\",\r\n    \"ipConfigurations\": [\r\n      {\r\n        \"name\": \"ipconfig1\",\r\n        \"id\": \"/subscriptions/947d47b4-7883-4bb9-9d85-c5e8e2f572ce/resourceGroups/ps9819/providers/Microsoft.Network/networkInterfaces/ps1441/ipConfigurations/ipconfig1\",\r\n        \"etag\": \"W/\\\"b16bed77-1c63-41ce-b21f-2e63a621f25d\\\"\",\r\n        \"type\": \"Microsoft.Network/networkInterfaces/ipConfigurations\",\r\n        \"properties\": {\r\n          \"provisioningState\": \"Succeeded\",\r\n          \"privateIPAddress\": \"10.0.1.4\",\r\n          \"privateIPAllocationMethod\": \"Dynamic\",\r\n          \"publicIPAddress\": {\r\n            \"id\": \"/subscriptions/947d47b4-7883-4bb9-9d85-c5e8e2f572ce/resourceGroups/ps9819/providers/Microsoft.Network/publicIPAddresses/ps1169\"\r\n          },\r\n          \"subnet\": {\r\n            \"id\": \"/subscriptions/947d47b4-7883-4bb9-9d85-c5e8e2f572ce/resourceGroups/ps9819/providers/Microsoft.Network/virtualNetworks/ps4344/subnets/ps2683\"\r\n          },\r\n          \"primary\": true,\r\n          \"privateIPAddressVersion\": \"IPv4\"\r\n        }\r\n      }\r\n    ],\r\n    \"dnsSettings\": {\r\n      \"dnsServers\": [],\r\n      \"appliedDnsServers\": [],\r\n      \"internalDomainNameSuffix\": \"auopdr2xeoju3nnwm5qgtnd25e.cbnx.internal.cloudapp.net\"\r\n    },\r\n    \"enableAcceleratedNetworking\": false,\r\n    \"vnetEncryptionSupported\": false,\r\n    \"enableIPForwarding\": false,\r\n    \"disableTcpStateTracking\": false,\r\n    \"hostedWorkloads\": [],\r\n    \"tapConfigurations\": [],\r\n    \"nicType\": \"Standard\",\r\n    \"allowPort25Out\": true\r\n  },\r\n  \"type\": \"Microsoft.Network/networkInterfaces\",\r\n  \"location\": \"eastus2euap\",\r\n  \"kind\": \"Regular\"\r\n}",
      "StatusCode": 201
    },
    {
      "RequestUri": "/subscriptions/947d47b4-7883-4bb9-9d85-c5e8e2f572ce/resourceGroups/ps9819/providers/Microsoft.Network/networkInterfaces/ps1441?api-version=2022-11-01&$expand=IpConfigurations%2FSubnet",
      "EncodedRequestUri": "L3N1YnNjcmlwdGlvbnMvOTQ3ZDQ3YjQtNzg4My00YmI5LTlkODUtYzVlOGUyZjU3MmNlL3Jlc291cmNlR3JvdXBzL3BzOTgxOS9wcm92aWRlcnMvTWljcm9zb2Z0Lk5ldHdvcmsvbmV0d29ya0ludGVyZmFjZXMvcHMxNDQxP2FwaS12ZXJzaW9uPTIwMjItMTEtMDEmJGV4cGFuZD1JcENvbmZpZ3VyYXRpb25zJTJGU3VibmV0",
      "RequestMethod": "GET",
      "RequestHeaders": {
        "x-ms-client-request-id": [
          "cb79bf87-8b20-4000-be07-e300b74378a4"
        ],
        "Accept-Language": [
          "en-US"
        ],
        "User-Agent": [
          "FxVersion/4.700.22.55902",
          "OSName/Windows",
          "OSVersion/Microsoft.Windows.10.0.17763",
          "Microsoft.Azure.Management.Network.NetworkManagementClient/27.0.0.0"
        ]
      },
      "RequestBody": "",
      "ResponseHeaders": {
        "Cache-Control": [
          "no-cache"
        ],
        "Pragma": [
          "no-cache"
        ],
        "ETag": [
          "W/\"b16bed77-1c63-41ce-b21f-2e63a621f25d\""
        ],
        "x-ms-request-id": [
          "26542e26-c880-4eb5-96c8-ec45483a981d"
        ],
        "x-ms-correlation-request-id": [
          "658da93d-46a4-4696-b7bb-77961513d854"
        ],
        "x-ms-arm-service-request-id": [
          "3bd23c93-45ad-4343-8ab2-5b8b884f94a2"
        ],
        "Strict-Transport-Security": [
          "max-age=31536000; includeSubDomains"
        ],
        "Server": [
          "Microsoft-HTTPAPI/2.0",
          "Microsoft-HTTPAPI/2.0"
        ],
        "x-ms-ratelimit-remaining-subscription-reads": [
          "11964"
        ],
        "x-ms-routing-request-id": [
          "CENTRALUS:20230511T195102Z:658da93d-46a4-4696-b7bb-77961513d854"
        ],
        "X-Content-Type-Options": [
          "nosniff"
        ],
        "Date": [
          "Thu, 11 May 2023 19:51:02 GMT"
        ],
        "Content-Length": [
          "2044"
        ],
        "Content-Type": [
          "application/json; charset=utf-8"
        ],
        "Expires": [
          "-1"
        ]
      },
      "ResponseBody": "{\r\n  \"name\": \"ps1441\",\r\n  \"id\": \"/subscriptions/947d47b4-7883-4bb9-9d85-c5e8e2f572ce/resourceGroups/ps9819/providers/Microsoft.Network/networkInterfaces/ps1441\",\r\n  \"etag\": \"W/\\\"b16bed77-1c63-41ce-b21f-2e63a621f25d\\\"\",\r\n  \"properties\": {\r\n    \"provisioningState\": \"Succeeded\",\r\n    \"resourceGuid\": \"a2ba9d3a-747c-4748-ad2b-7ee2e008aa17\",\r\n    \"ipConfigurations\": [\r\n      {\r\n        \"name\": \"ipconfig1\",\r\n        \"id\": \"/subscriptions/947d47b4-7883-4bb9-9d85-c5e8e2f572ce/resourceGroups/ps9819/providers/Microsoft.Network/networkInterfaces/ps1441/ipConfigurations/ipconfig1\",\r\n        \"etag\": \"W/\\\"b16bed77-1c63-41ce-b21f-2e63a621f25d\\\"\",\r\n        \"type\": \"Microsoft.Network/networkInterfaces/ipConfigurations\",\r\n        \"properties\": {\r\n          \"provisioningState\": \"Succeeded\",\r\n          \"privateIPAddress\": \"10.0.1.4\",\r\n          \"privateIPAllocationMethod\": \"Dynamic\",\r\n          \"publicIPAddress\": {\r\n            \"id\": \"/subscriptions/947d47b4-7883-4bb9-9d85-c5e8e2f572ce/resourceGroups/ps9819/providers/Microsoft.Network/publicIPAddresses/ps1169\"\r\n          },\r\n          \"subnet\": {\r\n            \"name\": \"ps2683\",\r\n            \"id\": \"/subscriptions/947d47b4-7883-4bb9-9d85-c5e8e2f572ce/resourceGroups/ps9819/providers/Microsoft.Network/virtualNetworks/ps4344/subnets/ps2683\",\r\n            \"etag\": \"W/\\\"632e83e1-afdd-4db8-bfad-b20081087ac3\\\"\",\r\n            \"properties\": {\r\n              \"provisioningState\": \"Succeeded\",\r\n              \"addressPrefix\": \"10.0.1.0/24\",\r\n              \"ipConfigurations\": [\r\n                {\r\n                  \"id\": \"/subscriptions/947d47b4-7883-4bb9-9d85-c5e8e2f572ce/resourceGroups/ps9819/providers/Microsoft.Network/networkInterfaces/ps1441/ipConfigurations/ipconfig1\"\r\n                }\r\n              ],\r\n              \"serviceEndpoints\": [],\r\n              \"delegations\": [],\r\n              \"privateEndpointNetworkPolicies\": \"Disabled\",\r\n              \"privateLinkServiceNetworkPolicies\": \"Enabled\"\r\n            },\r\n            \"type\": \"Microsoft.Network/virtualNetworks/subnets\"\r\n          },\r\n          \"primary\": true,\r\n          \"privateIPAddressVersion\": \"IPv4\"\r\n        }\r\n      }\r\n    ],\r\n    \"dnsSettings\": {\r\n      \"dnsServers\": [],\r\n      \"appliedDnsServers\": [],\r\n      \"internalDomainNameSuffix\": \"auopdr2xeoju3nnwm5qgtnd25e.cbnx.internal.cloudapp.net\"\r\n    },\r\n    \"enableAcceleratedNetworking\": false,\r\n    \"vnetEncryptionSupported\": false,\r\n    \"enableIPForwarding\": false,\r\n    \"disableTcpStateTracking\": false,\r\n    \"hostedWorkloads\": [],\r\n    \"tapConfigurations\": [],\r\n    \"nicType\": \"Standard\",\r\n    \"allowPort25Out\": true\r\n  },\r\n  \"type\": \"Microsoft.Network/networkInterfaces\",\r\n  \"location\": \"eastus2euap\",\r\n  \"kind\": \"Regular\"\r\n}",
      "StatusCode": 200
    },
    {
      "RequestUri": "/subscriptions/947d47b4-7883-4bb9-9d85-c5e8e2f572ce/resourceGroups/ps9819/providers/Microsoft.Network/networkInterfaces/ps1441?api-version=2022-11-01&$expand=IpConfigurations%2FSubnet",
      "EncodedRequestUri": "L3N1YnNjcmlwdGlvbnMvOTQ3ZDQ3YjQtNzg4My00YmI5LTlkODUtYzVlOGUyZjU3MmNlL3Jlc291cmNlR3JvdXBzL3BzOTgxOS9wcm92aWRlcnMvTWljcm9zb2Z0Lk5ldHdvcmsvbmV0d29ya0ludGVyZmFjZXMvcHMxNDQxP2FwaS12ZXJzaW9uPTIwMjItMTEtMDEmJGV4cGFuZD1JcENvbmZpZ3VyYXRpb25zJTJGU3VibmV0",
      "RequestMethod": "GET",
      "RequestHeaders": {
        "x-ms-client-request-id": [
          "22af15ed-f0e6-4375-a2a0-a68b772e7ca5"
        ],
        "Accept-Language": [
          "en-US"
        ],
        "User-Agent": [
          "FxVersion/4.700.22.55902",
          "OSName/Windows",
          "OSVersion/Microsoft.Windows.10.0.17763",
          "Microsoft.Azure.Management.Network.NetworkManagementClient/27.0.0.0"
        ]
      },
      "RequestBody": "",
      "ResponseHeaders": {
        "Cache-Control": [
          "no-cache"
        ],
        "Pragma": [
          "no-cache"
        ],
        "ETag": [
          "W/\"b16bed77-1c63-41ce-b21f-2e63a621f25d\""
        ],
        "x-ms-request-id": [
          "9ea77232-3beb-46f9-a711-f5f026daa24c"
        ],
        "x-ms-correlation-request-id": [
          "c7b90f2e-0f29-4e6c-92dd-f0d4c7aba99f"
        ],
        "x-ms-arm-service-request-id": [
          "d9358087-24ea-4c90-8510-e3ae18909522"
        ],
        "Strict-Transport-Security": [
          "max-age=31536000; includeSubDomains"
        ],
        "Server": [
          "Microsoft-HTTPAPI/2.0",
          "Microsoft-HTTPAPI/2.0"
        ],
        "x-ms-ratelimit-remaining-subscription-reads": [
          "11967"
        ],
        "x-ms-routing-request-id": [
          "CENTRALUS:20230511T195103Z:c7b90f2e-0f29-4e6c-92dd-f0d4c7aba99f"
        ],
        "X-Content-Type-Options": [
          "nosniff"
        ],
        "Date": [
          "Thu, 11 May 2023 19:51:02 GMT"
        ],
        "Content-Length": [
          "2044"
        ],
        "Content-Type": [
          "application/json; charset=utf-8"
        ],
        "Expires": [
          "-1"
        ]
      },
      "ResponseBody": "{\r\n  \"name\": \"ps1441\",\r\n  \"id\": \"/subscriptions/947d47b4-7883-4bb9-9d85-c5e8e2f572ce/resourceGroups/ps9819/providers/Microsoft.Network/networkInterfaces/ps1441\",\r\n  \"etag\": \"W/\\\"b16bed77-1c63-41ce-b21f-2e63a621f25d\\\"\",\r\n  \"properties\": {\r\n    \"provisioningState\": \"Succeeded\",\r\n    \"resourceGuid\": \"a2ba9d3a-747c-4748-ad2b-7ee2e008aa17\",\r\n    \"ipConfigurations\": [\r\n      {\r\n        \"name\": \"ipconfig1\",\r\n        \"id\": \"/subscriptions/947d47b4-7883-4bb9-9d85-c5e8e2f572ce/resourceGroups/ps9819/providers/Microsoft.Network/networkInterfaces/ps1441/ipConfigurations/ipconfig1\",\r\n        \"etag\": \"W/\\\"b16bed77-1c63-41ce-b21f-2e63a621f25d\\\"\",\r\n        \"type\": \"Microsoft.Network/networkInterfaces/ipConfigurations\",\r\n        \"properties\": {\r\n          \"provisioningState\": \"Succeeded\",\r\n          \"privateIPAddress\": \"10.0.1.4\",\r\n          \"privateIPAllocationMethod\": \"Dynamic\",\r\n          \"publicIPAddress\": {\r\n            \"id\": \"/subscriptions/947d47b4-7883-4bb9-9d85-c5e8e2f572ce/resourceGroups/ps9819/providers/Microsoft.Network/publicIPAddresses/ps1169\"\r\n          },\r\n          \"subnet\": {\r\n            \"name\": \"ps2683\",\r\n            \"id\": \"/subscriptions/947d47b4-7883-4bb9-9d85-c5e8e2f572ce/resourceGroups/ps9819/providers/Microsoft.Network/virtualNetworks/ps4344/subnets/ps2683\",\r\n            \"etag\": \"W/\\\"632e83e1-afdd-4db8-bfad-b20081087ac3\\\"\",\r\n            \"properties\": {\r\n              \"provisioningState\": \"Succeeded\",\r\n              \"addressPrefix\": \"10.0.1.0/24\",\r\n              \"ipConfigurations\": [\r\n                {\r\n                  \"id\": \"/subscriptions/947d47b4-7883-4bb9-9d85-c5e8e2f572ce/resourceGroups/ps9819/providers/Microsoft.Network/networkInterfaces/ps1441/ipConfigurations/ipconfig1\"\r\n                }\r\n              ],\r\n              \"serviceEndpoints\": [],\r\n              \"delegations\": [],\r\n              \"privateEndpointNetworkPolicies\": \"Disabled\",\r\n              \"privateLinkServiceNetworkPolicies\": \"Enabled\"\r\n            },\r\n            \"type\": \"Microsoft.Network/virtualNetworks/subnets\"\r\n          },\r\n          \"primary\": true,\r\n          \"privateIPAddressVersion\": \"IPv4\"\r\n        }\r\n      }\r\n    ],\r\n    \"dnsSettings\": {\r\n      \"dnsServers\": [],\r\n      \"appliedDnsServers\": [],\r\n      \"internalDomainNameSuffix\": \"auopdr2xeoju3nnwm5qgtnd25e.cbnx.internal.cloudapp.net\"\r\n    },\r\n    \"enableAcceleratedNetworking\": false,\r\n    \"vnetEncryptionSupported\": false,\r\n    \"enableIPForwarding\": false,\r\n    \"disableTcpStateTracking\": false,\r\n    \"hostedWorkloads\": [],\r\n    \"tapConfigurations\": [],\r\n    \"nicType\": \"Standard\",\r\n    \"allowPort25Out\": true\r\n  },\r\n  \"type\": \"Microsoft.Network/networkInterfaces\",\r\n  \"location\": \"eastus2euap\",\r\n  \"kind\": \"Regular\"\r\n}",
      "StatusCode": 200
    },
    {
      "RequestUri": "/subscriptions/947d47b4-7883-4bb9-9d85-c5e8e2f572ce/resourceGroups/ps9819/providers/Microsoft.Network/networkInterfaces/ps1441?api-version=2022-11-01&$expand=IpConfigurations%2FPublicIPAddress",
      "EncodedRequestUri": "L3N1YnNjcmlwdGlvbnMvOTQ3ZDQ3YjQtNzg4My00YmI5LTlkODUtYzVlOGUyZjU3MmNlL3Jlc291cmNlR3JvdXBzL3BzOTgxOS9wcm92aWRlcnMvTWljcm9zb2Z0Lk5ldHdvcmsvbmV0d29ya0ludGVyZmFjZXMvcHMxNDQxP2FwaS12ZXJzaW9uPTIwMjItMTEtMDEmJGV4cGFuZD1JcENvbmZpZ3VyYXRpb25zJTJGUHVibGljSVBBZGRyZXNz",
      "RequestMethod": "GET",
      "RequestHeaders": {
        "x-ms-client-request-id": [
          "0c654ed4-7f2c-4694-ab69-97f51ecea87c"
        ],
        "Accept-Language": [
          "en-US"
        ],
        "User-Agent": [
          "FxVersion/4.700.22.55902",
          "OSName/Windows",
          "OSVersion/Microsoft.Windows.10.0.17763",
          "Microsoft.Azure.Management.Network.NetworkManagementClient/27.0.0.0"
        ]
      },
      "RequestBody": "",
      "ResponseHeaders": {
        "Cache-Control": [
          "no-cache"
        ],
        "Pragma": [
          "no-cache"
        ],
        "ETag": [
          "W/\"b16bed77-1c63-41ce-b21f-2e63a621f25d\""
        ],
        "x-ms-request-id": [
          "861b6465-ce0f-4c58-a018-42fa35b7f5e5"
        ],
        "x-ms-correlation-request-id": [
          "721ca71d-9445-4dad-88c9-789c6ede6eda"
        ],
        "x-ms-arm-service-request-id": [
          "d16ec008-9e12-406e-9153-d6de30963b7a"
        ],
        "Strict-Transport-Security": [
          "max-age=31536000; includeSubDomains"
        ],
        "Server": [
          "Microsoft-HTTPAPI/2.0",
          "Microsoft-HTTPAPI/2.0"
        ],
        "x-ms-ratelimit-remaining-subscription-reads": [
          "11975"
        ],
        "x-ms-routing-request-id": [
          "CENTRALUS:20230511T195103Z:721ca71d-9445-4dad-88c9-789c6ede6eda"
        ],
        "X-Content-Type-Options": [
          "nosniff"
        ],
        "Date": [
          "Thu, 11 May 2023 19:51:02 GMT"
        ],
        "Content-Length": [
          "2282"
        ],
        "Content-Type": [
          "application/json; charset=utf-8"
        ],
        "Expires": [
          "-1"
        ]
      },
      "ResponseBody": "{\r\n  \"name\": \"ps1441\",\r\n  \"id\": \"/subscriptions/947d47b4-7883-4bb9-9d85-c5e8e2f572ce/resourceGroups/ps9819/providers/Microsoft.Network/networkInterfaces/ps1441\",\r\n  \"etag\": \"W/\\\"b16bed77-1c63-41ce-b21f-2e63a621f25d\\\"\",\r\n  \"properties\": {\r\n    \"provisioningState\": \"Succeeded\",\r\n    \"resourceGuid\": \"a2ba9d3a-747c-4748-ad2b-7ee2e008aa17\",\r\n    \"ipConfigurations\": [\r\n      {\r\n        \"name\": \"ipconfig1\",\r\n        \"id\": \"/subscriptions/947d47b4-7883-4bb9-9d85-c5e8e2f572ce/resourceGroups/ps9819/providers/Microsoft.Network/networkInterfaces/ps1441/ipConfigurations/ipconfig1\",\r\n        \"etag\": \"W/\\\"b16bed77-1c63-41ce-b21f-2e63a621f25d\\\"\",\r\n        \"type\": \"Microsoft.Network/networkInterfaces/ipConfigurations\",\r\n        \"properties\": {\r\n          \"provisioningState\": \"Succeeded\",\r\n          \"privateIPAddress\": \"10.0.1.4\",\r\n          \"privateIPAllocationMethod\": \"Dynamic\",\r\n          \"publicIPAddress\": {\r\n            \"name\": \"ps1169\",\r\n            \"id\": \"/subscriptions/947d47b4-7883-4bb9-9d85-c5e8e2f572ce/resourceGroups/ps9819/providers/Microsoft.Network/publicIPAddresses/ps1169\",\r\n            \"etag\": \"W/\\\"28a8c60d-0f9f-49f3-837c-6ab915968edd\\\"\",\r\n            \"location\": \"eastus2euap\",\r\n            \"properties\": {\r\n              \"provisioningState\": \"Succeeded\",\r\n              \"resourceGuid\": \"49135756-fd8c-4e77-8823-283add37de88\",\r\n              \"ipAddress\": \"20.102.138.33\",\r\n              \"publicIPAddressVersion\": \"IPv4\",\r\n              \"publicIPAllocationMethod\": \"Static\",\r\n              \"idleTimeoutInMinutes\": 4,\r\n              \"dnsSettings\": {\r\n                \"domainNameLabel\": \"ps6725\",\r\n                \"fqdn\": \"ps6725.eastus2euap.cloudapp.azure.com\"\r\n              },\r\n              \"ipTags\": [],\r\n              \"ipConfiguration\": {\r\n                \"id\": \"/subscriptions/947d47b4-7883-4bb9-9d85-c5e8e2f572ce/resourceGroups/ps9819/providers/Microsoft.Network/networkInterfaces/ps1441/ipConfigurations/ipconfig1\"\r\n              },\r\n              \"ddosSettings\": {\r\n                \"protectionMode\": \"VirtualNetworkInherited\"\r\n              }\r\n            },\r\n            \"type\": \"Microsoft.Network/publicIPAddresses\",\r\n            \"sku\": {\r\n              \"name\": \"Standard\",\r\n              \"tier\": \"Regional\"\r\n            }\r\n          },\r\n          \"subnet\": {\r\n            \"id\": \"/subscriptions/947d47b4-7883-4bb9-9d85-c5e8e2f572ce/resourceGroups/ps9819/providers/Microsoft.Network/virtualNetworks/ps4344/subnets/ps2683\"\r\n          },\r\n          \"primary\": true,\r\n          \"privateIPAddressVersion\": \"IPv4\"\r\n        }\r\n      }\r\n    ],\r\n    \"dnsSettings\": {\r\n      \"dnsServers\": [],\r\n      \"appliedDnsServers\": [],\r\n      \"internalDomainNameSuffix\": \"auopdr2xeoju3nnwm5qgtnd25e.cbnx.internal.cloudapp.net\"\r\n    },\r\n    \"enableAcceleratedNetworking\": false,\r\n    \"vnetEncryptionSupported\": false,\r\n    \"enableIPForwarding\": false,\r\n    \"disableTcpStateTracking\": false,\r\n    \"hostedWorkloads\": [],\r\n    \"tapConfigurations\": [],\r\n    \"nicType\": \"Standard\",\r\n    \"allowPort25Out\": true\r\n  },\r\n  \"type\": \"Microsoft.Network/networkInterfaces\",\r\n  \"location\": \"eastus2euap\",\r\n  \"kind\": \"Regular\"\r\n}",
      "StatusCode": 200
    },
    {
      "RequestUri": "/subscriptions/947d47b4-7883-4bb9-9d85-c5e8e2f572ce/resourceGroups/ps9819/providers/Microsoft.Network/networkInterfaces/ps1441?api-version=2022-11-01&$expand=IpConfigurations%2FPublicIPAddress",
      "EncodedRequestUri": "L3N1YnNjcmlwdGlvbnMvOTQ3ZDQ3YjQtNzg4My00YmI5LTlkODUtYzVlOGUyZjU3MmNlL3Jlc291cmNlR3JvdXBzL3BzOTgxOS9wcm92aWRlcnMvTWljcm9zb2Z0Lk5ldHdvcmsvbmV0d29ya0ludGVyZmFjZXMvcHMxNDQxP2FwaS12ZXJzaW9uPTIwMjItMTEtMDEmJGV4cGFuZD1JcENvbmZpZ3VyYXRpb25zJTJGUHVibGljSVBBZGRyZXNz",
      "RequestMethod": "GET",
      "RequestHeaders": {
        "x-ms-client-request-id": [
          "ad6b8957-0ea1-4900-abb9-a0553132fd0f"
        ],
        "Accept-Language": [
          "en-US"
        ],
        "User-Agent": [
          "FxVersion/4.700.22.55902",
          "OSName/Windows",
          "OSVersion/Microsoft.Windows.10.0.17763",
          "Microsoft.Azure.Management.Network.NetworkManagementClient/27.0.0.0"
        ]
      },
      "RequestBody": "",
      "ResponseHeaders": {
        "Cache-Control": [
          "no-cache"
        ],
        "Pragma": [
          "no-cache"
        ],
        "ETag": [
          "W/\"b16bed77-1c63-41ce-b21f-2e63a621f25d\""
        ],
        "x-ms-request-id": [
          "aa148158-ed76-42b8-842d-89bb04636251"
        ],
        "x-ms-correlation-request-id": [
          "7fc63585-9e28-438d-a6ec-3cb4b7842b65"
        ],
        "x-ms-arm-service-request-id": [
          "4bf9c61d-28a4-4aaa-bdf9-c2811fe6582f"
        ],
        "Strict-Transport-Security": [
          "max-age=31536000; includeSubDomains"
        ],
        "Server": [
          "Microsoft-HTTPAPI/2.0",
          "Microsoft-HTTPAPI/2.0"
        ],
        "x-ms-ratelimit-remaining-subscription-reads": [
          "11978"
        ],
        "x-ms-routing-request-id": [
          "CENTRALUS:20230511T195103Z:7fc63585-9e28-438d-a6ec-3cb4b7842b65"
        ],
        "X-Content-Type-Options": [
          "nosniff"
        ],
        "Date": [
          "Thu, 11 May 2023 19:51:02 GMT"
        ],
        "Content-Length": [
          "2282"
        ],
        "Content-Type": [
          "application/json; charset=utf-8"
        ],
        "Expires": [
          "-1"
        ]
      },
      "ResponseBody": "{\r\n  \"name\": \"ps1441\",\r\n  \"id\": \"/subscriptions/947d47b4-7883-4bb9-9d85-c5e8e2f572ce/resourceGroups/ps9819/providers/Microsoft.Network/networkInterfaces/ps1441\",\r\n  \"etag\": \"W/\\\"b16bed77-1c63-41ce-b21f-2e63a621f25d\\\"\",\r\n  \"properties\": {\r\n    \"provisioningState\": \"Succeeded\",\r\n    \"resourceGuid\": \"a2ba9d3a-747c-4748-ad2b-7ee2e008aa17\",\r\n    \"ipConfigurations\": [\r\n      {\r\n        \"name\": \"ipconfig1\",\r\n        \"id\": \"/subscriptions/947d47b4-7883-4bb9-9d85-c5e8e2f572ce/resourceGroups/ps9819/providers/Microsoft.Network/networkInterfaces/ps1441/ipConfigurations/ipconfig1\",\r\n        \"etag\": \"W/\\\"b16bed77-1c63-41ce-b21f-2e63a621f25d\\\"\",\r\n        \"type\": \"Microsoft.Network/networkInterfaces/ipConfigurations\",\r\n        \"properties\": {\r\n          \"provisioningState\": \"Succeeded\",\r\n          \"privateIPAddress\": \"10.0.1.4\",\r\n          \"privateIPAllocationMethod\": \"Dynamic\",\r\n          \"publicIPAddress\": {\r\n            \"name\": \"ps1169\",\r\n            \"id\": \"/subscriptions/947d47b4-7883-4bb9-9d85-c5e8e2f572ce/resourceGroups/ps9819/providers/Microsoft.Network/publicIPAddresses/ps1169\",\r\n            \"etag\": \"W/\\\"28a8c60d-0f9f-49f3-837c-6ab915968edd\\\"\",\r\n            \"location\": \"eastus2euap\",\r\n            \"properties\": {\r\n              \"provisioningState\": \"Succeeded\",\r\n              \"resourceGuid\": \"49135756-fd8c-4e77-8823-283add37de88\",\r\n              \"ipAddress\": \"20.102.138.33\",\r\n              \"publicIPAddressVersion\": \"IPv4\",\r\n              \"publicIPAllocationMethod\": \"Static\",\r\n              \"idleTimeoutInMinutes\": 4,\r\n              \"dnsSettings\": {\r\n                \"domainNameLabel\": \"ps6725\",\r\n                \"fqdn\": \"ps6725.eastus2euap.cloudapp.azure.com\"\r\n              },\r\n              \"ipTags\": [],\r\n              \"ipConfiguration\": {\r\n                \"id\": \"/subscriptions/947d47b4-7883-4bb9-9d85-c5e8e2f572ce/resourceGroups/ps9819/providers/Microsoft.Network/networkInterfaces/ps1441/ipConfigurations/ipconfig1\"\r\n              },\r\n              \"ddosSettings\": {\r\n                \"protectionMode\": \"VirtualNetworkInherited\"\r\n              }\r\n            },\r\n            \"type\": \"Microsoft.Network/publicIPAddresses\",\r\n            \"sku\": {\r\n              \"name\": \"Standard\",\r\n              \"tier\": \"Regional\"\r\n            }\r\n          },\r\n          \"subnet\": {\r\n            \"id\": \"/subscriptions/947d47b4-7883-4bb9-9d85-c5e8e2f572ce/resourceGroups/ps9819/providers/Microsoft.Network/virtualNetworks/ps4344/subnets/ps2683\"\r\n          },\r\n          \"primary\": true,\r\n          \"privateIPAddressVersion\": \"IPv4\"\r\n        }\r\n      }\r\n    ],\r\n    \"dnsSettings\": {\r\n      \"dnsServers\": [],\r\n      \"appliedDnsServers\": [],\r\n      \"internalDomainNameSuffix\": \"auopdr2xeoju3nnwm5qgtnd25e.cbnx.internal.cloudapp.net\"\r\n    },\r\n    \"enableAcceleratedNetworking\": false,\r\n    \"vnetEncryptionSupported\": false,\r\n    \"enableIPForwarding\": false,\r\n    \"disableTcpStateTracking\": false,\r\n    \"hostedWorkloads\": [],\r\n    \"tapConfigurations\": [],\r\n    \"nicType\": \"Standard\",\r\n    \"allowPort25Out\": true\r\n  },\r\n  \"type\": \"Microsoft.Network/networkInterfaces\",\r\n  \"location\": \"eastus2euap\",\r\n  \"kind\": \"Regular\"\r\n}",
      "StatusCode": 200
    },
    {
      "RequestUri": "/subscriptions/947d47b4-7883-4bb9-9d85-c5e8e2f572ce/resourceGroups/ps9819/providers/Microsoft.Network/networkInterfaces/ps1441?api-version=2022-11-01",
      "EncodedRequestUri": "L3N1YnNjcmlwdGlvbnMvOTQ3ZDQ3YjQtNzg4My00YmI5LTlkODUtYzVlOGUyZjU3MmNlL3Jlc291cmNlR3JvdXBzL3BzOTgxOS9wcm92aWRlcnMvTWljcm9zb2Z0Lk5ldHdvcmsvbmV0d29ya0ludGVyZmFjZXMvcHMxNDQxP2FwaS12ZXJzaW9uPTIwMjItMTEtMDE=",
      "RequestMethod": "DELETE",
      "RequestHeaders": {
        "x-ms-client-request-id": [
          "7b31f0a3-f6e8-4e24-a214-bdc6aba46c1d"
        ],
        "Accept-Language": [
          "en-US"
        ],
        "User-Agent": [
          "FxVersion/4.700.22.55902",
          "OSName/Windows",
          "OSVersion/Microsoft.Windows.10.0.17763",
          "Microsoft.Azure.Management.Network.NetworkManagementClient/27.0.0.0"
        ]
      },
      "RequestBody": "",
      "ResponseHeaders": {
        "Cache-Control": [
          "no-cache"
        ],
        "Pragma": [
          "no-cache"
        ],
        "Location": [
          "https://management.azure.com/subscriptions/947d47b4-7883-4bb9-9d85-c5e8e2f572ce/providers/Microsoft.Network/locations/eastus2euap/operationResults/5fa439dd-7549-476e-8ae6-7479921e13b4?api-version=2022-11-01"
        ],
        "Retry-After": [
          "4"
        ],
        "x-ms-request-id": [
          "5fa439dd-7549-476e-8ae6-7479921e13b4"
        ],
        "azure-asyncoperation": [
          "https://management.azure.com/subscriptions/947d47b4-7883-4bb9-9d85-c5e8e2f572ce/providers/Microsoft.Network/locations/eastus2euap/operations/5fa439dd-7549-476e-8ae6-7479921e13b4?api-version=2022-11-01"
        ],
        "x-ms-correlation-request-id": [
          "fc0c5fc9-e258-45f3-968e-d77810a7405d"
        ],
        "azure-asyncnotification": [
          "Enabled"
        ],
        "x-ms-arm-service-request-id": [
          "c046b0cf-485c-4ec7-8114-643cc4f9c1ef"
        ],
        "Strict-Transport-Security": [
          "max-age=31536000; includeSubDomains"
        ],
        "Server": [
          "Microsoft-HTTPAPI/2.0",
          "Microsoft-HTTPAPI/2.0"
        ],
        "x-ms-ratelimit-remaining-subscription-deletes": [
          "14994"
        ],
        "x-ms-routing-request-id": [
          "CENTRALUS:20230511T195103Z:fc0c5fc9-e258-45f3-968e-d77810a7405d"
        ],
        "X-Content-Type-Options": [
          "nosniff"
        ],
        "Date": [
          "Thu, 11 May 2023 19:51:03 GMT"
        ],
        "Expires": [
          "-1"
        ],
        "Content-Length": [
          "0"
        ]
      },
      "ResponseBody": "",
      "StatusCode": 202
    },
    {
      "RequestUri": "/subscriptions/947d47b4-7883-4bb9-9d85-c5e8e2f572ce/providers/Microsoft.Network/locations/eastus2euap/operations/5fa439dd-7549-476e-8ae6-7479921e13b4?api-version=2022-11-01",
      "EncodedRequestUri": "L3N1YnNjcmlwdGlvbnMvOTQ3ZDQ3YjQtNzg4My00YmI5LTlkODUtYzVlOGUyZjU3MmNlL3Byb3ZpZGVycy9NaWNyb3NvZnQuTmV0d29yay9sb2NhdGlvbnMvZWFzdHVzMmV1YXAvb3BlcmF0aW9ucy81ZmE0MzlkZC03NTQ5LTQ3NmUtOGFlNi03NDc5OTIxZTEzYjQ/YXBpLXZlcnNpb249MjAyMi0xMS0wMQ==",
      "RequestMethod": "GET",
      "RequestHeaders": {
        "x-ms-client-request-id": [
          "7b31f0a3-f6e8-4e24-a214-bdc6aba46c1d"
        ],
        "User-Agent": [
          "FxVersion/4.700.22.55902",
          "OSName/Windows",
          "OSVersion/Microsoft.Windows.10.0.17763",
          "Microsoft.Azure.Management.Network.NetworkManagementClient/27.0.0.0"
        ]
      },
      "RequestBody": "",
      "ResponseHeaders": {
        "Cache-Control": [
          "no-cache"
        ],
        "Pragma": [
          "no-cache"
        ],
        "x-ms-request-id": [
          "7ae7a44a-cf4c-4dc8-804f-e8229d79fcd7"
        ],
        "x-ms-correlation-request-id": [
          "414c7791-5b13-4416-affa-1c75b6083f94"
        ],
        "x-ms-arm-service-request-id": [
          "ba790cf8-8f49-4f94-b8d3-db16e2d76b55"
        ],
        "Strict-Transport-Security": [
          "max-age=31536000; includeSubDomains"
        ],
        "Server": [
          "Microsoft-HTTPAPI/2.0",
          "Microsoft-HTTPAPI/2.0"
        ],
        "x-ms-ratelimit-remaining-subscription-reads": [
          "11978"
        ],
        "x-ms-routing-request-id": [
          "CENTRALUS:20230511T195107Z:414c7791-5b13-4416-affa-1c75b6083f94"
        ],
        "X-Content-Type-Options": [
          "nosniff"
        ],
        "Date": [
          "Thu, 11 May 2023 19:51:07 GMT"
        ],
        "Content-Length": [
          "22"
        ],
        "Content-Type": [
          "application/json; charset=utf-8"
        ],
        "Expires": [
          "-1"
        ]
      },
      "ResponseBody": "{\r\n  \"status\": \"Succeeded\"\r\n}",
      "StatusCode": 200
    },
    {
      "RequestUri": "/subscriptions/947d47b4-7883-4bb9-9d85-c5e8e2f572ce/providers/Microsoft.Network/locations/eastus2euap/operationResults/5fa439dd-7549-476e-8ae6-7479921e13b4?api-version=2022-11-01",
      "EncodedRequestUri": "L3N1YnNjcmlwdGlvbnMvOTQ3ZDQ3YjQtNzg4My00YmI5LTlkODUtYzVlOGUyZjU3MmNlL3Byb3ZpZGVycy9NaWNyb3NvZnQuTmV0d29yay9sb2NhdGlvbnMvZWFzdHVzMmV1YXAvb3BlcmF0aW9uUmVzdWx0cy81ZmE0MzlkZC03NTQ5LTQ3NmUtOGFlNi03NDc5OTIxZTEzYjQ/YXBpLXZlcnNpb249MjAyMi0xMS0wMQ==",
      "RequestMethod": "GET",
      "RequestHeaders": {
        "x-ms-client-request-id": [
          "7b31f0a3-f6e8-4e24-a214-bdc6aba46c1d"
        ],
        "User-Agent": [
          "FxVersion/4.700.22.55902",
          "OSName/Windows",
          "OSVersion/Microsoft.Windows.10.0.17763",
          "Microsoft.Azure.Management.Network.NetworkManagementClient/27.0.0.0"
        ]
      },
      "RequestBody": "",
      "ResponseHeaders": {
        "Cache-Control": [
          "no-cache"
        ],
        "Pragma": [
          "no-cache"
        ],
        "Location": [
          "https://management.azure.com/subscriptions/947d47b4-7883-4bb9-9d85-c5e8e2f572ce/providers/Microsoft.Network/locations/eastus2euap/operationResults/5fa439dd-7549-476e-8ae6-7479921e13b4?api-version=2022-11-01"
        ],
        "x-ms-request-id": [
          "5fa439dd-7549-476e-8ae6-7479921e13b4"
        ],
        "Azure-AsyncOperation": [
          "https://management.azure.com/subscriptions/947d47b4-7883-4bb9-9d85-c5e8e2f572ce/providers/Microsoft.Network/locations/eastus2euap/operations/5fa439dd-7549-476e-8ae6-7479921e13b4?api-version=2022-11-01"
        ],
        "x-ms-correlation-request-id": [
          "fc0c5fc9-e258-45f3-968e-d77810a7405d"
        ],
        "Azure-AsyncNotification": [
          "Enabled"
        ],
        "x-ms-arm-service-request-id": [
          "c046b0cf-485c-4ec7-8114-643cc4f9c1ef"
        ],
        "Strict-Transport-Security": [
          "max-age=31536000; includeSubDomains"
        ],
        "Server": [
          "Microsoft-HTTPAPI/2.0",
          "Microsoft-HTTPAPI/2.0"
        ],
        "x-ms-ratelimit-remaining-subscription-reads": [
          "11977"
        ],
        "x-ms-routing-request-id": [
          "CENTRALUS:20230511T195108Z:bf561d1d-97d2-4067-b09e-03609fb88fbc"
        ],
        "X-Content-Type-Options": [
          "nosniff"
        ],
        "Date": [
          "Thu, 11 May 2023 19:51:07 GMT"
        ],
        "Content-Type": [
          "application/json; charset=utf-8"
        ],
        "Expires": [
          "-1"
        ]
      },
      "ResponseBody": "",
      "StatusCode": 204
    },
    {
      "RequestUri": "/subscriptions/947d47b4-7883-4bb9-9d85-c5e8e2f572ce/resourceGroups/ps9819/providers/Microsoft.Network/networkInterfaces?api-version=2022-11-01",
      "EncodedRequestUri": "L3N1YnNjcmlwdGlvbnMvOTQ3ZDQ3YjQtNzg4My00YmI5LTlkODUtYzVlOGUyZjU3MmNlL3Jlc291cmNlR3JvdXBzL3BzOTgxOS9wcm92aWRlcnMvTWljcm9zb2Z0Lk5ldHdvcmsvbmV0d29ya0ludGVyZmFjZXM/YXBpLXZlcnNpb249MjAyMi0xMS0wMQ==",
      "RequestMethod": "GET",
      "RequestHeaders": {
        "x-ms-client-request-id": [
          "df896998-e687-49af-878a-2d4ac7609835"
        ],
        "Accept-Language": [
          "en-US"
        ],
        "User-Agent": [
          "FxVersion/4.700.22.55902",
          "OSName/Windows",
          "OSVersion/Microsoft.Windows.10.0.17763",
          "Microsoft.Azure.Management.Network.NetworkManagementClient/27.0.0.0"
        ]
      },
      "RequestBody": "",
      "ResponseHeaders": {
        "Cache-Control": [
          "no-cache"
        ],
        "Pragma": [
          "no-cache"
        ],
        "x-ms-ratelimit-remaining-subscription-reads": [
          "11974"
        ],
        "x-ms-request-id": [
          "c8f463e6-c2bd-4b1f-826e-2935374b0c38"
        ],
        "x-ms-correlation-request-id": [
          "c8f463e6-c2bd-4b1f-826e-2935374b0c38"
        ],
        "x-ms-routing-request-id": [
          "CENTRALUS:20230511T195108Z:c8f463e6-c2bd-4b1f-826e-2935374b0c38"
        ],
        "Strict-Transport-Security": [
          "max-age=31536000; includeSubDomains"
        ],
        "X-Content-Type-Options": [
          "nosniff"
        ],
        "Date": [
          "Thu, 11 May 2023 19:51:07 GMT"
        ],
        "Content-Type": [
          "application/json; charset=utf-8"
        ],
        "Expires": [
          "-1"
        ],
        "Content-Length": [
          "12"
        ]
      },
      "ResponseBody": "{\r\n  \"value\": []\r\n}",
      "StatusCode": 200
    },
    {
      "RequestUri": "/subscriptions/947d47b4-7883-4bb9-9d85-c5e8e2f572ce/resourcegroups/ps9819?api-version=2016-09-01",
      "EncodedRequestUri": "L3N1YnNjcmlwdGlvbnMvOTQ3ZDQ3YjQtNzg4My00YmI5LTlkODUtYzVlOGUyZjU3MmNlL3Jlc291cmNlZ3JvdXBzL3BzOTgxOT9hcGktdmVyc2lvbj0yMDE2LTA5LTAx",
      "RequestMethod": "DELETE",
      "RequestHeaders": {
        "x-ms-client-request-id": [
          "a0017ab9-c4a7-400d-bfa9-d6df687b2121"
        ],
        "Accept-Language": [
          "en-US"
        ],
        "User-Agent": [
          "FxVersion/4.700.22.55902",
          "OSName/Windows",
          "OSVersion/Microsoft.Windows.10.0.17763",
          "Microsoft.Azure.Management.Internal.Resources.ResourceManagementClient/1.3.75"
        ]
      },
      "RequestBody": "",
      "ResponseHeaders": {
        "Cache-Control": [
          "no-cache"
        ],
        "Pragma": [
          "no-cache"
        ],
        "Location": [
          "https://management.azure.com/subscriptions/947d47b4-7883-4bb9-9d85-c5e8e2f572ce/operationresults/eyJqb2JJZCI6IlJFU09VUkNFR1JPVVBERUxFVElPTkpPQi1QUzk4MTktRUFTVFVTMkVVQVAiLCJqb2JMb2NhdGlvbiI6ImVhc3R1czJldWFwIn0?api-version=2016-09-01"
        ],
        "Retry-After": [
          "15"
        ],
        "x-ms-ratelimit-remaining-subscription-deletes": [
          "14997"
        ],
        "x-ms-request-id": [
          "aa03f635-e286-401a-bb72-9d1d369458d4"
        ],
        "x-ms-correlation-request-id": [
          "aa03f635-e286-401a-bb72-9d1d369458d4"
        ],
        "x-ms-routing-request-id": [
          "CENTRALUS:20230511T195108Z:aa03f635-e286-401a-bb72-9d1d369458d4"
        ],
        "Strict-Transport-Security": [
          "max-age=31536000; includeSubDomains"
        ],
        "X-Content-Type-Options": [
          "nosniff"
        ],
        "Date": [
          "Thu, 11 May 2023 19:51:08 GMT"
        ],
        "Expires": [
          "-1"
        ],
        "Content-Length": [
          "0"
        ]
      },
      "ResponseBody": "",
      "StatusCode": 202
    },
    {
      "RequestUri": "/subscriptions/947d47b4-7883-4bb9-9d85-c5e8e2f572ce/operationresults/eyJqb2JJZCI6IlJFU09VUkNFR1JPVVBERUxFVElPTkpPQi1QUzk4MTktRUFTVFVTMkVVQVAiLCJqb2JMb2NhdGlvbiI6ImVhc3R1czJldWFwIn0?api-version=2016-09-01",
      "EncodedRequestUri": "L3N1YnNjcmlwdGlvbnMvOTQ3ZDQ3YjQtNzg4My00YmI5LTlkODUtYzVlOGUyZjU3MmNlL29wZXJhdGlvbnJlc3VsdHMvZXlKcWIySkpaQ0k2SWxKRlUwOVZVa05GUjFKUFZWQkVSVXhGVkVsUFRrcFBRaTFRVXprNE1Ua3RSVUZUVkZWVE1rVlZRVkFpTENKcWIySk1iMk5oZEdsdmJpSTZJbVZoYzNSMWN6SmxkV0Z3SW4wP2FwaS12ZXJzaW9uPTIwMTYtMDktMDE=",
      "RequestMethod": "GET",
      "RequestHeaders": {
        "User-Agent": [
          "FxVersion/4.700.22.55902",
          "OSName/Windows",
          "OSVersion/Microsoft.Windows.10.0.17763",
          "Microsoft.Azure.Management.Internal.Resources.ResourceManagementClient/1.3.75"
        ]
      },
      "RequestBody": "",
      "ResponseHeaders": {
        "Cache-Control": [
          "no-cache"
        ],
        "Pragma": [
          "no-cache"
        ],
        "Location": [
          "https://management.azure.com/subscriptions/947d47b4-7883-4bb9-9d85-c5e8e2f572ce/operationresults/eyJqb2JJZCI6IlJFU09VUkNFR1JPVVBERUxFVElPTkpPQi1QUzk4MTktRUFTVFVTMkVVQVAiLCJqb2JMb2NhdGlvbiI6ImVhc3R1czJldWFwIn0?api-version=2016-09-01"
        ],
        "Retry-After": [
          "15"
        ],
        "x-ms-ratelimit-remaining-subscription-reads": [
          "11968"
        ],
        "x-ms-request-id": [
          "ee69e6ed-9fea-47a1-b317-6623e24bb841"
        ],
        "x-ms-correlation-request-id": [
          "ee69e6ed-9fea-47a1-b317-6623e24bb841"
        ],
        "x-ms-routing-request-id": [
          "CENTRALUS:20230511T195123Z:ee69e6ed-9fea-47a1-b317-6623e24bb841"
        ],
        "Strict-Transport-Security": [
          "max-age=31536000; includeSubDomains"
        ],
        "X-Content-Type-Options": [
          "nosniff"
        ],
        "Date": [
          "Thu, 11 May 2023 19:51:23 GMT"
        ],
        "Expires": [
          "-1"
        ],
        "Content-Length": [
          "0"
        ]
      },
      "ResponseBody": "",
      "StatusCode": 202
    },
    {
      "RequestUri": "/subscriptions/947d47b4-7883-4bb9-9d85-c5e8e2f572ce/operationresults/eyJqb2JJZCI6IlJFU09VUkNFR1JPVVBERUxFVElPTkpPQi1QUzk4MTktRUFTVFVTMkVVQVAiLCJqb2JMb2NhdGlvbiI6ImVhc3R1czJldWFwIn0?api-version=2016-09-01",
      "EncodedRequestUri": "L3N1YnNjcmlwdGlvbnMvOTQ3ZDQ3YjQtNzg4My00YmI5LTlkODUtYzVlOGUyZjU3MmNlL29wZXJhdGlvbnJlc3VsdHMvZXlKcWIySkpaQ0k2SWxKRlUwOVZVa05GUjFKUFZWQkVSVXhGVkVsUFRrcFBRaTFRVXprNE1Ua3RSVUZUVkZWVE1rVlZRVkFpTENKcWIySk1iMk5oZEdsdmJpSTZJbVZoYzNSMWN6SmxkV0Z3SW4wP2FwaS12ZXJzaW9uPTIwMTYtMDktMDE=",
      "RequestMethod": "GET",
      "RequestHeaders": {
        "User-Agent": [
          "FxVersion/4.700.22.55902",
          "OSName/Windows",
          "OSVersion/Microsoft.Windows.10.0.17763",
          "Microsoft.Azure.Management.Internal.Resources.ResourceManagementClient/1.3.75"
        ]
      },
      "RequestBody": "",
      "ResponseHeaders": {
        "Cache-Control": [
          "no-cache"
        ],
        "Pragma": [
          "no-cache"
        ],
        "Location": [
          "https://management.azure.com/subscriptions/947d47b4-7883-4bb9-9d85-c5e8e2f572ce/operationresults/eyJqb2JJZCI6IlJFU09VUkNFR1JPVVBERUxFVElPTkpPQi1QUzk4MTktRUFTVFVTMkVVQVAiLCJqb2JMb2NhdGlvbiI6ImVhc3R1czJldWFwIn0?api-version=2016-09-01"
        ],
        "Retry-After": [
          "15"
        ],
        "x-ms-ratelimit-remaining-subscription-reads": [
          "11967"
        ],
        "x-ms-request-id": [
          "dbeada11-54c9-46a2-9069-19beaeb6b2b1"
        ],
        "x-ms-correlation-request-id": [
          "dbeada11-54c9-46a2-9069-19beaeb6b2b1"
        ],
        "x-ms-routing-request-id": [
          "CENTRALUS:20230511T195139Z:dbeada11-54c9-46a2-9069-19beaeb6b2b1"
        ],
        "Strict-Transport-Security": [
          "max-age=31536000; includeSubDomains"
        ],
        "X-Content-Type-Options": [
          "nosniff"
        ],
        "Date": [
          "Thu, 11 May 2023 19:51:38 GMT"
        ],
        "Expires": [
          "-1"
        ],
        "Content-Length": [
          "0"
        ]
      },
      "ResponseBody": "",
      "StatusCode": 202
    },
    {
      "RequestUri": "/subscriptions/947d47b4-7883-4bb9-9d85-c5e8e2f572ce/operationresults/eyJqb2JJZCI6IlJFU09VUkNFR1JPVVBERUxFVElPTkpPQi1QUzk4MTktRUFTVFVTMkVVQVAiLCJqb2JMb2NhdGlvbiI6ImVhc3R1czJldWFwIn0?api-version=2016-09-01",
      "EncodedRequestUri": "L3N1YnNjcmlwdGlvbnMvOTQ3ZDQ3YjQtNzg4My00YmI5LTlkODUtYzVlOGUyZjU3MmNlL29wZXJhdGlvbnJlc3VsdHMvZXlKcWIySkpaQ0k2SWxKRlUwOVZVa05GUjFKUFZWQkVSVXhGVkVsUFRrcFBRaTFRVXprNE1Ua3RSVUZUVkZWVE1rVlZRVkFpTENKcWIySk1iMk5oZEdsdmJpSTZJbVZoYzNSMWN6SmxkV0Z3SW4wP2FwaS12ZXJzaW9uPTIwMTYtMDktMDE=",
      "RequestMethod": "GET",
      "RequestHeaders": {
        "User-Agent": [
          "FxVersion/4.700.22.55902",
          "OSName/Windows",
          "OSVersion/Microsoft.Windows.10.0.17763",
          "Microsoft.Azure.Management.Internal.Resources.ResourceManagementClient/1.3.75"
        ]
      },
      "RequestBody": "",
      "ResponseHeaders": {
        "Cache-Control": [
          "no-cache"
        ],
        "Pragma": [
          "no-cache"
        ],
        "Location": [
          "https://management.azure.com/subscriptions/947d47b4-7883-4bb9-9d85-c5e8e2f572ce/operationresults/eyJqb2JJZCI6IlJFU09VUkNFR1JPVVBERUxFVElPTkpPQi1QUzk4MTktRUFTVFVTMkVVQVAiLCJqb2JMb2NhdGlvbiI6ImVhc3R1czJldWFwIn0?api-version=2016-09-01"
        ],
        "Retry-After": [
          "15"
        ],
        "x-ms-ratelimit-remaining-subscription-reads": [
          "11966"
        ],
        "x-ms-request-id": [
          "26e5bf90-2d98-4324-b10f-49fd780d327c"
        ],
        "x-ms-correlation-request-id": [
          "26e5bf90-2d98-4324-b10f-49fd780d327c"
        ],
        "x-ms-routing-request-id": [
          "CENTRALUS:20230511T195154Z:26e5bf90-2d98-4324-b10f-49fd780d327c"
        ],
        "Strict-Transport-Security": [
          "max-age=31536000; includeSubDomains"
        ],
        "X-Content-Type-Options": [
          "nosniff"
        ],
        "Date": [
          "Thu, 11 May 2023 19:51:53 GMT"
        ],
        "Expires": [
          "-1"
        ],
        "Content-Length": [
          "0"
        ]
      },
      "ResponseBody": "",
      "StatusCode": 202
    },
    {
      "RequestUri": "/subscriptions/947d47b4-7883-4bb9-9d85-c5e8e2f572ce/operationresults/eyJqb2JJZCI6IlJFU09VUkNFR1JPVVBERUxFVElPTkpPQi1QUzk4MTktRUFTVFVTMkVVQVAiLCJqb2JMb2NhdGlvbiI6ImVhc3R1czJldWFwIn0?api-version=2016-09-01",
      "EncodedRequestUri": "L3N1YnNjcmlwdGlvbnMvOTQ3ZDQ3YjQtNzg4My00YmI5LTlkODUtYzVlOGUyZjU3MmNlL29wZXJhdGlvbnJlc3VsdHMvZXlKcWIySkpaQ0k2SWxKRlUwOVZVa05GUjFKUFZWQkVSVXhGVkVsUFRrcFBRaTFRVXprNE1Ua3RSVUZUVkZWVE1rVlZRVkFpTENKcWIySk1iMk5oZEdsdmJpSTZJbVZoYzNSMWN6SmxkV0Z3SW4wP2FwaS12ZXJzaW9uPTIwMTYtMDktMDE=",
      "RequestMethod": "GET",
      "RequestHeaders": {
        "User-Agent": [
          "FxVersion/4.700.22.55902",
          "OSName/Windows",
          "OSVersion/Microsoft.Windows.10.0.17763",
          "Microsoft.Azure.Management.Internal.Resources.ResourceManagementClient/1.3.75"
        ]
      },
      "RequestBody": "",
      "ResponseHeaders": {
        "Cache-Control": [
          "no-cache"
        ],
        "Pragma": [
          "no-cache"
        ],
        "Location": [
          "https://management.azure.com/subscriptions/947d47b4-7883-4bb9-9d85-c5e8e2f572ce/operationresults/eyJqb2JJZCI6IlJFU09VUkNFR1JPVVBERUxFVElPTkpPQi1QUzk4MTktRUFTVFVTMkVVQVAiLCJqb2JMb2NhdGlvbiI6ImVhc3R1czJldWFwIn0?api-version=2016-09-01"
        ],
        "Retry-After": [
          "15"
        ],
        "x-ms-ratelimit-remaining-subscription-reads": [
          "11965"
        ],
        "x-ms-request-id": [
          "0ef4d0d1-7745-41d4-9d19-3239b8046e3d"
        ],
        "x-ms-correlation-request-id": [
          "0ef4d0d1-7745-41d4-9d19-3239b8046e3d"
        ],
        "x-ms-routing-request-id": [
          "CENTRALUS:20230511T195209Z:0ef4d0d1-7745-41d4-9d19-3239b8046e3d"
        ],
        "Strict-Transport-Security": [
          "max-age=31536000; includeSubDomains"
        ],
        "X-Content-Type-Options": [
          "nosniff"
        ],
        "Date": [
          "Thu, 11 May 2023 19:52:08 GMT"
        ],
        "Expires": [
          "-1"
        ],
        "Content-Length": [
          "0"
        ]
      },
      "ResponseBody": "",
      "StatusCode": 202
    },
    {
      "RequestUri": "/subscriptions/947d47b4-7883-4bb9-9d85-c5e8e2f572ce/operationresults/eyJqb2JJZCI6IlJFU09VUkNFR1JPVVBERUxFVElPTkpPQi1QUzk4MTktRUFTVFVTMkVVQVAiLCJqb2JMb2NhdGlvbiI6ImVhc3R1czJldWFwIn0?api-version=2016-09-01",
      "EncodedRequestUri": "L3N1YnNjcmlwdGlvbnMvOTQ3ZDQ3YjQtNzg4My00YmI5LTlkODUtYzVlOGUyZjU3MmNlL29wZXJhdGlvbnJlc3VsdHMvZXlKcWIySkpaQ0k2SWxKRlUwOVZVa05GUjFKUFZWQkVSVXhGVkVsUFRrcFBRaTFRVXprNE1Ua3RSVUZUVkZWVE1rVlZRVkFpTENKcWIySk1iMk5oZEdsdmJpSTZJbVZoYzNSMWN6SmxkV0Z3SW4wP2FwaS12ZXJzaW9uPTIwMTYtMDktMDE=",
      "RequestMethod": "GET",
      "RequestHeaders": {
        "User-Agent": [
          "FxVersion/4.700.22.55902",
          "OSName/Windows",
          "OSVersion/Microsoft.Windows.10.0.17763",
          "Microsoft.Azure.Management.Internal.Resources.ResourceManagementClient/1.3.75"
        ]
      },
      "RequestBody": "",
      "ResponseHeaders": {
        "Cache-Control": [
          "no-cache"
        ],
        "Pragma": [
          "no-cache"
        ],
        "x-ms-ratelimit-remaining-subscription-reads": [
          "11964"
        ],
        "x-ms-request-id": [
          "4ac054ac-a078-4bda-85f9-c231e902c478"
        ],
        "x-ms-correlation-request-id": [
          "4ac054ac-a078-4bda-85f9-c231e902c478"
        ],
        "x-ms-routing-request-id": [
          "CENTRALUS:20230511T195224Z:4ac054ac-a078-4bda-85f9-c231e902c478"
        ],
        "Strict-Transport-Security": [
          "max-age=31536000; includeSubDomains"
        ],
        "X-Content-Type-Options": [
          "nosniff"
        ],
        "Date": [
          "Thu, 11 May 2023 19:52:23 GMT"
        ],
        "Expires": [
          "-1"
        ],
        "Content-Length": [
          "0"
        ]
      },
      "ResponseBody": "",
      "StatusCode": 200
    },
    {
      "RequestUri": "/subscriptions/947d47b4-7883-4bb9-9d85-c5e8e2f572ce/operationresults/eyJqb2JJZCI6IlJFU09VUkNFR1JPVVBERUxFVElPTkpPQi1QUzk4MTktRUFTVFVTMkVVQVAiLCJqb2JMb2NhdGlvbiI6ImVhc3R1czJldWFwIn0?api-version=2016-09-01",
      "EncodedRequestUri": "L3N1YnNjcmlwdGlvbnMvOTQ3ZDQ3YjQtNzg4My00YmI5LTlkODUtYzVlOGUyZjU3MmNlL29wZXJhdGlvbnJlc3VsdHMvZXlKcWIySkpaQ0k2SWxKRlUwOVZVa05GUjFKUFZWQkVSVXhGVkVsUFRrcFBRaTFRVXprNE1Ua3RSVUZUVkZWVE1rVlZRVkFpTENKcWIySk1iMk5oZEdsdmJpSTZJbVZoYzNSMWN6SmxkV0Z3SW4wP2FwaS12ZXJzaW9uPTIwMTYtMDktMDE=",
      "RequestMethod": "GET",
      "RequestHeaders": {
        "User-Agent": [
          "FxVersion/4.700.22.55902",
          "OSName/Windows",
          "OSVersion/Microsoft.Windows.10.0.17763",
          "Microsoft.Azure.Management.Internal.Resources.ResourceManagementClient/1.3.75"
        ]
      },
      "RequestBody": "",
      "ResponseHeaders": {
        "Cache-Control": [
          "no-cache"
        ],
        "Pragma": [
          "no-cache"
        ],
        "x-ms-ratelimit-remaining-subscription-reads": [
          "11963"
        ],
        "x-ms-request-id": [
          "2e36e525-4eac-4c87-9dd0-ebe184131a45"
        ],
        "x-ms-correlation-request-id": [
          "2e36e525-4eac-4c87-9dd0-ebe184131a45"
        ],
        "x-ms-routing-request-id": [
          "CENTRALUS:20230511T195224Z:2e36e525-4eac-4c87-9dd0-ebe184131a45"
        ],
        "Strict-Transport-Security": [
          "max-age=31536000; includeSubDomains"
        ],
        "X-Content-Type-Options": [
          "nosniff"
        ],
        "Date": [
          "Thu, 11 May 2023 19:52:23 GMT"
        ],
        "Expires": [
          "-1"
        ],
        "Content-Length": [
          "0"
        ]
      },
      "ResponseBody": "",
      "StatusCode": 200
    }
  ],
  "Names": {
    "Test-NetworkInterfaceExpandResource": [
      "ps9819",
      "ps4344",
      "ps2683",
      "ps1169",
      "ps1441",
      "ps6725"
    ]
  },
  "Variables": {
    "SubscriptionId": "947d47b4-7883-4bb9-9d85-c5e8e2f572ce"
  }
}