{
  "Entries": [
    {
      "RequestUri": "/subscriptions/cd45f23b-b832-4fa4-a434-1bf7e6f14a5a/resourceGroups/py3-RG/providers/Microsoft.Automation/automationAccounts/py3-aa123/python3Packages/py3-package?api-version=2022-08-08",
      "EncodedRequestUri": "L3N1YnNjcmlwdGlvbnMvY2Q0NWYyM2ItYjgzMi00ZmE0LWE0MzQtMWJmN2U2ZjE0YTVhL3Jlc291cmNlR3JvdXBzL3B5My1SRy9wcm92aWRlcnMvTWljcm9zb2Z0LkF1dG9tYXRpb24vYXV0b21hdGlvbkFjY291bnRzL3B5My1hYTEyMy9weXRob24zUGFja2FnZXMvcHkzLXBhY2thZ2U/YXBpLXZlcnNpb249MjAyMi0wOC0wOA==",
      "RequestMethod": "PUT",
      "RequestHeaders": {
        "x-ms-client-request-id": [
          "3321d972-a1d8-4eb1-99db-2222bb97e46d"
        ],
        "Accept-Language": [
          "en-US"
        ],
        "User-Agent": [
          "FxVersion/4.700.22.41602",
          "OSName/Windows",
          "OSVersion/Microsoft.Windows.10.0.22621",
          "Microsoft.Azure.Management.Automation.AutomationClient/1.8.0"
        ],
        "Content-Type": [
          "application/json; charset=utf-8"
        ],
        "Content-Length": [
          "219"
        ]
      },
      "RequestBody": "{\r\n  \"properties\": {\r\n    \"contentLink\": {\r\n      \"uri\": \"https://files.pythonhosted.org/packages/7f/e2/85dfb9f7364cbd7a9213caea0e91fc948da3c912a2b222a3e43bc9cc6432/requires.io-0.2.6-py2.py3-none-any.whl\"\r\n    }\r\n  }\r\n}",
      "ResponseHeaders": {
        "Cache-Control": [
          "no-cache"
        ],
        "Pragma": [
          "no-cache"
        ],
        "Location": [
          "https://management.azure.com/subscriptions/cd45f23b-b832-4fa4-a434-1bf7e6f14a5a/resourceGroups/py3-RG/providers/Microsoft.Automation/automationAccounts/py3-aa123/python3Packages/py3-package?api-version=2022-08-08"
        ],
        "x-ms-request-id": [
          "3321d972-a1d8-4eb1-99db-2222bb97e46d"
        ],
        "Server": [
          "Microsoft-HTTPAPI/2.0"
        ],
        "x-ms-ratelimit-remaining-subscription-writes": [
          "1199"
        ],
        "x-ms-correlation-request-id": [
          "67d422dd-b750-4497-9fc2-fe4c9232adbf"
        ],
        "x-ms-routing-request-id": [
          "WESTINDIA:20221017T080436Z:67d422dd-b750-4497-9fc2-fe4c9232adbf"
        ],
        "Strict-Transport-Security": [
          "max-age=31536000; includeSubDomains"
        ],
        "X-Content-Type-Options": [
          "nosniff"
        ],
        "Date": [
          "Mon, 17 Oct 2022 08:04:35 GMT"
        ],
        "Content-Length": [
          "568"
        ],
        "Content-Type": [
          "application/json; charset=utf-8"
        ],
        "Expires": [
          "-1"
        ]
      },
      "ResponseBody": "{\r\n  \"id\": \"/subscriptions/cd45f23b-b832-4fa4-a434-1bf7e6f14a5a/resourceGroups/py3-RG/providers/Microsoft.Automation/automationAccounts/py3-aa123/python3Packages/py3-package\",\r\n  \"name\": \"py3-package\",\r\n  \"type\": \"Microsoft.Automation/AutomationAccounts/Python3Packages\",\r\n  \"location\": \"eastus\",\r\n  \"tags\": {},\r\n  \"etag\": null,\r\n  \"properties\": {\r\n    \"isGlobal\": false,\r\n    \"version\": null,\r\n    \"sizeInBytes\": 0,\r\n    \"activityCount\": 0,\r\n    \"creationTime\": \"2022-10-17T13:34:36.1533333+05:30\",\r\n    \"lastModifiedTime\": \"2022-10-17T13:34:36.23+05:30\",\r\n    \"error\": {\r\n      \"code\": null,\r\n      \"message\": null\r\n    },\r\n    \"provisioningState\": \"Creating\",\r\n    \"isComposite\": false\r\n  }\r\n}",
      "StatusCode": 201
    },
    {
      "RequestUri": "/subscriptions/cd45f23b-b832-4fa4-a434-1bf7e6f14a5a/resourceGroups/py3-RG/providers/Microsoft.Automation/automationAccounts/py3-aa123/python3Packages/py3-package?api-version=2022-08-08",
      "EncodedRequestUri": "L3N1YnNjcmlwdGlvbnMvY2Q0NWYyM2ItYjgzMi00ZmE0LWE0MzQtMWJmN2U2ZjE0YTVhL3Jlc291cmNlR3JvdXBzL3B5My1SRy9wcm92aWRlcnMvTWljcm9zb2Z0LkF1dG9tYXRpb24vYXV0b21hdGlvbkFjY291bnRzL3B5My1hYTEyMy9weXRob24zUGFja2FnZXMvcHkzLXBhY2thZ2U/YXBpLXZlcnNpb249MjAyMi0wOC0wOA==",
      "RequestMethod": "GET",
      "RequestHeaders": {
        "x-ms-client-request-id": [
          "3321d972-a1d8-4eb1-99db-2222bb97e46d"
        ],
        "Accept-Language": [
          "en-US"
        ],
        "User-Agent": [
          "FxVersion/4.700.22.41602",
          "OSName/Windows",
          "OSVersion/Microsoft.Windows.10.0.22621",
          "Microsoft.Azure.Management.Automation.AutomationClient/1.8.0"
        ]
      },
      "RequestBody": "",
      "ResponseHeaders": {
        "Cache-Control": [
          "no-cache"
        ],
        "Pragma": [
          "no-cache"
        ],
        "x-ms-request-id": [
          "3321d972-a1d8-4eb1-99db-2222bb97e46d"
        ],
        "Server": [
          "Microsoft-HTTPAPI/2.0"
        ],
        "x-ms-ratelimit-remaining-subscription-reads": [
          "11999"
        ],
        "x-ms-correlation-request-id": [
          "8b3054ed-57eb-4d7e-9b5e-90e66e3aa908"
        ],
        "x-ms-routing-request-id": [
          "WESTINDIA:20221017T080437Z:8b3054ed-57eb-4d7e-9b5e-90e66e3aa908"
        ],
        "Strict-Transport-Security": [
          "max-age=31536000; includeSubDomains"
        ],
        "X-Content-Type-Options": [
          "nosniff"
        ],
        "Date": [
          "Mon, 17 Oct 2022 08:04:36 GMT"
        ],
        "Content-Length": [
          "566"
        ],
        "Content-Type": [
          "application/json; charset=utf-8"
        ],
        "Expires": [
          "-1"
        ]
      },
      "ResponseBody": "{\r\n  \"id\": \"/subscriptions/cd45f23b-b832-4fa4-a434-1bf7e6f14a5a/resourceGroups/py3-RG/providers/Microsoft.Automation/automationAccounts/py3-aa123/python3Packages/py3-package\",\r\n  \"name\": \"py3-package\",\r\n  \"type\": \"Microsoft.Automation/AutomationAccounts/Python3Packages\",\r\n  \"location\": \"eastus\",\r\n  \"tags\": {},\r\n  \"etag\": null,\r\n  \"properties\": {\r\n    \"isGlobal\": false,\r\n    \"version\": null,\r\n    \"sizeInBytes\": 0,\r\n    \"activityCount\": 0,\r\n    \"creationTime\": \"2022-10-17T13:34:36.1533333+05:30\",\r\n    \"lastModifiedTime\": \"2022-10-17T13:34:36.23+05:30\",\r\n    \"error\": {\r\n      \"code\": null,\r\n      \"message\": \"\"\r\n    },\r\n    \"provisioningState\": \"Creating\",\r\n    \"isComposite\": false\r\n  }\r\n}",
      "StatusCode": 200
    },
    {
      "RequestUri": "/subscriptions/cd45f23b-b832-4fa4-a434-1bf7e6f14a5a/resourceGroups/py3-RG/providers/Microsoft.Automation/automationAccounts/py3-aa123/python3Packages/py3-package?api-version=2022-08-08",
      "EncodedRequestUri": "L3N1YnNjcmlwdGlvbnMvY2Q0NWYyM2ItYjgzMi00ZmE0LWE0MzQtMWJmN2U2ZjE0YTVhL3Jlc291cmNlR3JvdXBzL3B5My1SRy9wcm92aWRlcnMvTWljcm9zb2Z0LkF1dG9tYXRpb24vYXV0b21hdGlvbkFjY291bnRzL3B5My1hYTEyMy9weXRob24zUGFja2FnZXMvcHkzLXBhY2thZ2U/YXBpLXZlcnNpb249MjAyMi0wOC0wOA==",
      "RequestMethod": "GET",
      "RequestHeaders": {
        "x-ms-client-request-id": [
          "6436b9c5-031c-45e6-8dfa-b64521512740"
        ],
        "Accept-Language": [
          "en-US"
        ],
        "User-Agent": [
          "FxVersion/4.700.22.41602",
          "OSName/Windows",
          "OSVersion/Microsoft.Windows.10.0.22621",
          "Microsoft.Azure.Management.Automation.AutomationClient/1.8.0"
        ]
      },
      "RequestBody": "",
      "ResponseHeaders": {
        "Cache-Control": [
          "no-cache"
        ],
        "Pragma": [
          "no-cache"
        ],
        "x-ms-request-id": [
          "6436b9c5-031c-45e6-8dfa-b64521512740"
        ],
        "Server": [
          "Microsoft-HTTPAPI/2.0"
        ],
        "x-ms-ratelimit-remaining-subscription-reads": [
          "11999"
        ],
        "x-ms-correlation-request-id": [
          "af63c4d7-f00e-4723-bc7a-ad7db49dc3e3"
        ],
        "x-ms-routing-request-id": [
          "WESTINDIA:20221017T080441Z:af63c4d7-f00e-4723-bc7a-ad7db49dc3e3"
        ],
        "Strict-Transport-Security": [
          "max-age=31536000; includeSubDomains"
        ],
        "X-Content-Type-Options": [
          "nosniff"
        ],
        "Date": [
          "Mon, 17 Oct 2022 08:04:41 GMT"
        ],
        "Content-Length": [
          "566"
        ],
        "Content-Type": [
          "application/json; charset=utf-8"
        ],
        "Expires": [
          "-1"
        ]
      },
      "ResponseBody": "{\r\n  \"id\": \"/subscriptions/cd45f23b-b832-4fa4-a434-1bf7e6f14a5a/resourceGroups/py3-RG/providers/Microsoft.Automation/automationAccounts/py3-aa123/python3Packages/py3-package\",\r\n  \"name\": \"py3-package\",\r\n  \"type\": \"Microsoft.Automation/AutomationAccounts/Python3Packages\",\r\n  \"location\": \"eastus\",\r\n  \"tags\": {},\r\n  \"etag\": null,\r\n  \"properties\": {\r\n    \"isGlobal\": false,\r\n    \"version\": null,\r\n    \"sizeInBytes\": 0,\r\n    \"activityCount\": 0,\r\n    \"creationTime\": \"2022-10-17T13:34:36.1533333+05:30\",\r\n    \"lastModifiedTime\": \"2022-10-17T13:34:36.23+05:30\",\r\n    \"error\": {\r\n      \"code\": null,\r\n      \"message\": \"\"\r\n    },\r\n    \"provisioningState\": \"Creating\",\r\n    \"isComposite\": false\r\n  }\r\n}",
      "StatusCode": 200
    },
    {
      "RequestUri": "/subscriptions/cd45f23b-b832-4fa4-a434-1bf7e6f14a5a/resourceGroups/py3-RG/providers/Microsoft.Automation/automationAccounts/py3-aa123/python3Packages/py3-package?api-version=2022-08-08",
      "EncodedRequestUri": "L3N1YnNjcmlwdGlvbnMvY2Q0NWYyM2ItYjgzMi00ZmE0LWE0MzQtMWJmN2U2ZjE0YTVhL3Jlc291cmNlR3JvdXBzL3B5My1SRy9wcm92aWRlcnMvTWljcm9zb2Z0LkF1dG9tYXRpb24vYXV0b21hdGlvbkFjY291bnRzL3B5My1hYTEyMy9weXRob24zUGFja2FnZXMvcHkzLXBhY2thZ2U/YXBpLXZlcnNpb249MjAyMi0wOC0wOA==",
      "RequestMethod": "GET",
      "RequestHeaders": {
        "x-ms-client-request-id": [
          "04c471c6-5888-4f84-b53b-d3b96ea008a4"
        ],
        "Accept-Language": [
          "en-US"
        ],
        "User-Agent": [
          "FxVersion/4.700.22.41602",
          "OSName/Windows",
          "OSVersion/Microsoft.Windows.10.0.22621",
          "Microsoft.Azure.Management.Automation.AutomationClient/1.8.0"
        ]
      },
      "RequestBody": "",
      "ResponseHeaders": {
        "Cache-Control": [
          "no-cache"
        ],
        "Pragma": [
          "no-cache"
        ],
        "x-ms-request-id": [
          "04c471c6-5888-4f84-b53b-d3b96ea008a4"
        ],
        "Server": [
          "Microsoft-HTTPAPI/2.0"
        ],
        "x-ms-ratelimit-remaining-subscription-reads": [
          "11996"
        ],
        "x-ms-correlation-request-id": [
          "718a5904-6f13-4d2d-b840-088f2921653c"
        ],
        "x-ms-routing-request-id": [
          "WESTINDIA:20221017T080444Z:718a5904-6f13-4d2d-b840-088f2921653c"
        ],
        "Strict-Transport-Security": [
          "max-age=31536000; includeSubDomains"
        ],
        "X-Content-Type-Options": [
          "nosniff"
        ],
        "Date": [
          "Mon, 17 Oct 2022 08:04:44 GMT"
        ],
        "Content-Length": [
          "32"
        ],
        "Content-Type": [
          "application/json; charset=utf-8"
        ],
        "Expires": [
          "-1"
        ]
      },
      "ResponseBody": "{\r\n  \"code\": \"NotFound\",\r\n  \"message\": \"\"\r\n}",
      "StatusCode": 404
    },
    {
      "RequestUri": "/subscriptions/cd45f23b-b832-4fa4-a434-1bf7e6f14a5a/resourceGroups/py3-RG/providers/Microsoft.Automation/automationAccounts/py3-aa123/python3Packages/py3-package?api-version=2022-08-08",
      "EncodedRequestUri": "L3N1YnNjcmlwdGlvbnMvY2Q0NWYyM2ItYjgzMi00ZmE0LWE0MzQtMWJmN2U2ZjE0YTVhL3Jlc291cmNlR3JvdXBzL3B5My1SRy9wcm92aWRlcnMvTWljcm9zb2Z0LkF1dG9tYXRpb24vYXV0b21hdGlvbkFjY291bnRzL3B5My1hYTEyMy9weXRob24zUGFja2FnZXMvcHkzLXBhY2thZ2U/YXBpLXZlcnNpb249MjAyMi0wOC0wOA==",
      "RequestMethod": "DELETE",
      "RequestHeaders": {
        "x-ms-client-request-id": [
          "7889a4ec-347a-4adc-9da6-292ac3a83b70"
        ],
        "Accept-Language": [
          "en-US"
        ],
        "User-Agent": [
          "FxVersion/4.700.22.41602",
          "OSName/Windows",
          "OSVersion/Microsoft.Windows.10.0.22621",
          "Microsoft.Azure.Management.Automation.AutomationClient/1.8.0"
        ]
      },
      "RequestBody": "",
      "ResponseHeaders": {
        "Cache-Control": [
          "no-cache"
        ],
        "Pragma": [
          "no-cache"
        ],
        "x-ms-request-id": [
          "7889a4ec-347a-4adc-9da6-292ac3a83b70"
        ],
        "Server": [
          "Microsoft-HTTPAPI/2.0"
        ],
        "x-ms-ratelimit-remaining-subscription-deletes": [
          "14999"
        ],
        "x-ms-correlation-request-id": [
          "e0db3e91-67e6-4e38-bca5-b052d9c0cf4e"
        ],
        "x-ms-routing-request-id": [
          "WESTINDIA:20221017T080443Z:e0db3e91-67e6-4e38-bca5-b052d9c0cf4e"
        ],
        "Strict-Transport-Security": [
          "max-age=31536000; includeSubDomains"
        ],
        "X-Content-Type-Options": [
          "nosniff"
        ],
        "Date": [
          "Mon, 17 Oct 2022 08:04:42 GMT"
        ],
        "Expires": [
          "-1"
        ],
        "Content-Length": [
          "0"
        ]
      },
      "ResponseBody": "",
      "StatusCode": 200
    }
  ],
  "Names": {},
  "Variables": {
    "SubscriptionId": "cd45f23b-b832-4fa4-a434-1bf7e6f14a5a"
  }
}