{
  "Entries": [
    {
      "RequestUri": "/subscriptions/0b35c512-e1ea-4c38-bd26-41d0e9d5b54f/resourceGroups/to-delete-01/providers/Microsoft.Automation/automationAccounts/fbs-aa-01/python3Packages/py3-package?api-version=2023-11-01",
      "EncodedRequestUri": "L3N1YnNjcmlwdGlvbnMvMGIzNWM1MTItZTFlYS00YzM4LWJkMjYtNDFkMGU5ZDViNTRmL3Jlc291cmNlR3JvdXBzL3RvLWRlbGV0ZS0wMS9wcm92aWRlcnMvTWljcm9zb2Z0LkF1dG9tYXRpb24vYXV0b21hdGlvbkFjY291bnRzL2Zicy1hYS0wMS9weXRob24zUGFja2FnZXMvcHkzLXBhY2thZ2U/YXBpLXZlcnNpb249MjAyMy0xMS0wMQ==",
      "RequestMethod": "PUT",
      "RequestHeaders": {
        "x-ms-client-request-id": [
          "806edecb-25ee-41db-9762-ddc67c73994d"
        ],
        "Accept-Language": [
          "en-US"
        ],
        "User-Agent": [
          "FxVersion/6.0.2523.51912",
          "OSName/Windows",
          "OSVersion/Microsoft.Windows.10.0.22631",
          "Microsoft.Azure.Management.Automation.AutomationClient/1.9.1"
        ],
        "Content-Type": [
          "application/json; charset=utf-8"
        ],
        "Content-Length": [
          "219"
        ]
      },
      "RequestBody": "{\r\n  \"properties\": {\r\n    \"contentLink\": {\r\n      \"uri\": \"https://files.pythonhosted.org/packages/7f/e2/85dfb9f7364cbd7a9213caea0e91fc948da3c912a2b222a3e43bc9cc6432/requires.io-0.2.6-py2.py3-none-any.whl\"\r\n    }\r\n  }\r\n}",
      "ResponseHeaders": {
        "Cache-Control": [
          "no-cache"
        ],
        "Pragma": [
          "no-cache"
        ],
        "Location": [
          "https://management.azure.com/subscriptions/0b35c512-e1ea-4c38-bd26-41d0e9d5b54f/resourceGroups/to-delete-01/providers/Microsoft.Automation/automationAccounts/fbs-aa-01/python3Packages/py3-package?api-version=2023-11-01"
        ],
        "x-ms-request-id": [
          "806edecb-25ee-41db-9762-ddc67c73994d"
        ],
        "Server": [
          "Microsoft-HTTPAPI/2.0"
        ],
        "x-ms-ratelimit-remaining-subscription-writes": [
          "1198"
        ],
        "x-ms-correlation-request-id": [
          "7602bec8-5147-4b54-98f7-1c76a3e15e06"
        ],
        "x-ms-routing-request-id": [
          "JIOINDIAWEST:20231122T111603Z:7602bec8-5147-4b54-98f7-1c76a3e15e06"
        ],
        "Strict-Transport-Security": [
          "max-age=31536000; includeSubDomains"
        ],
        "X-Content-Type-Options": [
          "nosniff"
        ],
        "Date": [
          "Wed, 22 Nov 2023 11:16:02 GMT"
        ],
        "Content-Length": [
          "579"
        ],
        "Content-Type": [
          "application/json; charset=utf-8"
        ],
        "Expires": [
          "-1"
        ]
      },
      "ResponseBody": "{\r\n  \"id\": \"/subscriptions/0b35c512-e1ea-4c38-bd26-41d0e9d5b54f/resourceGroups/to-delete-01/providers/Microsoft.Automation/automationAccounts/fbs-aa-01/python3Packages/py3-package\",\r\n  \"name\": \"py3-package\",\r\n  \"type\": \"Microsoft.Automation/AutomationAccounts/Python3Packages\",\r\n  \"location\": \"eastus\",\r\n  \"tags\": {},\r\n  \"etag\": null,\r\n  \"properties\": {\r\n    \"isGlobal\": false,\r\n    \"version\": null,\r\n    \"sizeInBytes\": 0,\r\n    \"activityCount\": 0,\r\n    \"creationTime\": \"2023-11-22T16:46:02.9533333+05:30\",\r\n    \"lastModifiedTime\": \"2023-11-22T16:46:03.0166667+05:30\",\r\n    \"error\": {\r\n      \"code\": null,\r\n      \"message\": null\r\n    },\r\n    \"provisioningState\": \"Creating\",\r\n    \"isComposite\": false\r\n  }\r\n}",
      "StatusCode": 201
    },
    {
      "RequestUri": "/subscriptions/0b35c512-e1ea-4c38-bd26-41d0e9d5b54f/resourceGroups/to-delete-01/providers/Microsoft.Automation/automationAccounts/fbs-aa-01/python3Packages/py3-package?api-version=2023-11-01",
      "EncodedRequestUri": "L3N1YnNjcmlwdGlvbnMvMGIzNWM1MTItZTFlYS00YzM4LWJkMjYtNDFkMGU5ZDViNTRmL3Jlc291cmNlR3JvdXBzL3RvLWRlbGV0ZS0wMS9wcm92aWRlcnMvTWljcm9zb2Z0LkF1dG9tYXRpb24vYXV0b21hdGlvbkFjY291bnRzL2Zicy1hYS0wMS9weXRob24zUGFja2FnZXMvcHkzLXBhY2thZ2U/YXBpLXZlcnNpb249MjAyMy0xMS0wMQ==",
      "RequestMethod": "GET",
      "RequestHeaders": {
        "x-ms-client-request-id": [
          "806edecb-25ee-41db-9762-ddc67c73994d"
        ],
        "Accept-Language": [
          "en-US"
        ],
        "User-Agent": [
          "FxVersion/6.0.2523.51912",
          "OSName/Windows",
          "OSVersion/Microsoft.Windows.10.0.22631",
          "Microsoft.Azure.Management.Automation.AutomationClient/1.9.1"
        ]
      },
      "RequestBody": "",
      "ResponseHeaders": {
        "Cache-Control": [
          "no-cache"
        ],
        "Pragma": [
          "no-cache"
        ],
        "x-ms-request-id": [
          "806edecb-25ee-41db-9762-ddc67c73994d"
        ],
        "Server": [
          "Microsoft-HTTPAPI/2.0"
        ],
        "x-ms-ratelimit-remaining-subscription-reads": [
          "11994"
        ],
        "x-ms-correlation-request-id": [
          "4ade2475-1878-4d91-83c0-c6d8a907ffa5"
        ],
        "x-ms-routing-request-id": [
          "JIOINDIAWEST:20231122T111604Z:4ade2475-1878-4d91-83c0-c6d8a907ffa5"
        ],
        "Strict-Transport-Security": [
          "max-age=31536000; includeSubDomains"
        ],
        "X-Content-Type-Options": [
          "nosniff"
        ],
        "Date": [
          "Wed, 22 Nov 2023 11:16:03 GMT"
        ],
        "Content-Length": [
          "577"
        ],
        "Content-Type": [
          "application/json; charset=utf-8"
        ],
        "Expires": [
          "-1"
        ]
      },
      "ResponseBody": "{\r\n  \"id\": \"/subscriptions/0b35c512-e1ea-4c38-bd26-41d0e9d5b54f/resourceGroups/to-delete-01/providers/Microsoft.Automation/automationAccounts/fbs-aa-01/python3Packages/py3-package\",\r\n  \"name\": \"py3-package\",\r\n  \"type\": \"Microsoft.Automation/AutomationAccounts/Python3Packages\",\r\n  \"location\": \"eastus\",\r\n  \"tags\": {},\r\n  \"etag\": null,\r\n  \"properties\": {\r\n    \"isGlobal\": false,\r\n    \"version\": null,\r\n    \"sizeInBytes\": 0,\r\n    \"activityCount\": 0,\r\n    \"creationTime\": \"2023-11-22T16:46:02.9533333+05:30\",\r\n    \"lastModifiedTime\": \"2023-11-22T16:46:03.0166667+05:30\",\r\n    \"error\": {\r\n      \"code\": null,\r\n      \"message\": \"\"\r\n    },\r\n    \"provisioningState\": \"Creating\",\r\n    \"isComposite\": false\r\n  }\r\n}",
      "StatusCode": 200
    },
    {
      "RequestUri": "/subscriptions/0b35c512-e1ea-4c38-bd26-41d0e9d5b54f/resourceGroups/to-delete-01/providers/Microsoft.Automation/automationAccounts/fbs-aa-01/python3Packages/py3-package?api-version=2023-11-01",
      "EncodedRequestUri": "L3N1YnNjcmlwdGlvbnMvMGIzNWM1MTItZTFlYS00YzM4LWJkMjYtNDFkMGU5ZDViNTRmL3Jlc291cmNlR3JvdXBzL3RvLWRlbGV0ZS0wMS9wcm92aWRlcnMvTWljcm9zb2Z0LkF1dG9tYXRpb24vYXV0b21hdGlvbkFjY291bnRzL2Zicy1hYS0wMS9weXRob24zUGFja2FnZXMvcHkzLXBhY2thZ2U/YXBpLXZlcnNpb249MjAyMy0xMS0wMQ==",
      "RequestMethod": "GET",
      "RequestHeaders": {
        "x-ms-client-request-id": [
          "3d6628e1-0d3c-4851-b88f-97edf7bdea39"
        ],
        "Accept-Language": [
          "en-US"
        ],
        "User-Agent": [
          "FxVersion/6.0.2523.51912",
          "OSName/Windows",
          "OSVersion/Microsoft.Windows.10.0.22631",
          "Microsoft.Azure.Management.Automation.AutomationClient/1.9.1"
        ]
      },
      "RequestBody": "",
      "ResponseHeaders": {
        "Cache-Control": [
          "no-cache"
        ],
        "Pragma": [
          "no-cache"
        ],
        "x-ms-request-id": [
          "3d6628e1-0d3c-4851-b88f-97edf7bdea39"
        ],
        "Server": [
          "Microsoft-HTTPAPI/2.0"
        ],
        "x-ms-ratelimit-remaining-subscription-reads": [
          "11998"
        ],
        "x-ms-correlation-request-id": [
          "d2316fba-0074-474b-b0ed-a3a15b00d92d"
        ],
        "x-ms-routing-request-id": [
          "WESTINDIA:20231122T111605Z:d2316fba-0074-474b-b0ed-a3a15b00d92d"
        ],
        "Strict-Transport-Security": [
          "max-age=31536000; includeSubDomains"
        ],
        "X-Content-Type-Options": [
          "nosniff"
        ],
        "Date": [
          "Wed, 22 Nov 2023 11:16:04 GMT"
        ],
        "Content-Length": [
          "577"
        ],
        "Content-Type": [
          "application/json; charset=utf-8"
        ],
        "Expires": [
          "-1"
        ]
      },
      "ResponseBody": "{\r\n  \"id\": \"/subscriptions/0b35c512-e1ea-4c38-bd26-41d0e9d5b54f/resourceGroups/to-delete-01/providers/Microsoft.Automation/automationAccounts/fbs-aa-01/python3Packages/py3-package\",\r\n  \"name\": \"py3-package\",\r\n  \"type\": \"Microsoft.Automation/AutomationAccounts/Python3Packages\",\r\n  \"location\": \"eastus\",\r\n  \"tags\": {},\r\n  \"etag\": null,\r\n  \"properties\": {\r\n    \"isGlobal\": false,\r\n    \"version\": null,\r\n    \"sizeInBytes\": 0,\r\n    \"activityCount\": 0,\r\n    \"creationTime\": \"2023-11-22T16:46:02.9533333+05:30\",\r\n    \"lastModifiedTime\": \"2023-11-22T16:46:03.0166667+05:30\",\r\n    \"error\": {\r\n      \"code\": null,\r\n      \"message\": \"\"\r\n    },\r\n    \"provisioningState\": \"Creating\",\r\n    \"isComposite\": false\r\n  }\r\n}",
      "StatusCode": 200
    },
    {
      "RequestUri": "/subscriptions/0b35c512-e1ea-4c38-bd26-41d0e9d5b54f/resourceGroups/to-delete-01/providers/Microsoft.Automation/automationAccounts/fbs-aa-01/python3Packages/py3-package?api-version=2023-11-01",
      "EncodedRequestUri": "L3N1YnNjcmlwdGlvbnMvMGIzNWM1MTItZTFlYS00YzM4LWJkMjYtNDFkMGU5ZDViNTRmL3Jlc291cmNlR3JvdXBzL3RvLWRlbGV0ZS0wMS9wcm92aWRlcnMvTWljcm9zb2Z0LkF1dG9tYXRpb24vYXV0b21hdGlvbkFjY291bnRzL2Zicy1hYS0wMS9weXRob24zUGFja2FnZXMvcHkzLXBhY2thZ2U/YXBpLXZlcnNpb249MjAyMy0xMS0wMQ==",
      "RequestMethod": "GET",
      "RequestHeaders": {
        "x-ms-client-request-id": [
          "1b3bd272-7b40-48d3-a253-6ceefe12bdd4"
        ],
        "Accept-Language": [
          "en-US"
        ],
        "User-Agent": [
          "FxVersion/6.0.2523.51912",
          "OSName/Windows",
          "OSVersion/Microsoft.Windows.10.0.22631",
          "Microsoft.Azure.Management.Automation.AutomationClient/1.9.1"
        ]
      },
      "RequestBody": "",
      "ResponseHeaders": {
        "Cache-Control": [
          "no-cache"
        ],
        "Pragma": [
          "no-cache"
        ],
        "x-ms-request-id": [
          "1b3bd272-7b40-48d3-a253-6ceefe12bdd4"
        ],
        "Server": [
          "Microsoft-HTTPAPI/2.0"
        ],
        "x-ms-ratelimit-remaining-subscription-reads": [
          "11999"
        ],
        "x-ms-correlation-request-id": [
          "1c548a20-3b63-4112-87ae-17449de2afca"
        ],
        "x-ms-routing-request-id": [
          "WESTINDIA:20231122T111608Z:1c548a20-3b63-4112-87ae-17449de2afca"
        ],
        "Strict-Transport-Security": [
          "max-age=31536000; includeSubDomains"
        ],
        "X-Content-Type-Options": [
          "nosniff"
        ],
        "Date": [
          "Wed, 22 Nov 2023 11:16:07 GMT"
        ],
        "Content-Length": [
          "32"
        ],
        "Content-Type": [
          "application/json; charset=utf-8"
        ],
        "Expires": [
          "-1"
        ]
      },
      "ResponseBody": "{\r\n  \"code\": \"NotFound\",\r\n  \"message\": \"\"\r\n}",
      "StatusCode": 404
    },
    {
      "RequestUri": "/subscriptions/0b35c512-e1ea-4c38-bd26-41d0e9d5b54f/resourceGroups/to-delete-01/providers/Microsoft.Automation/automationAccounts/fbs-aa-01/python3Packages/py3-package?api-version=2023-11-01",
      "EncodedRequestUri": "L3N1YnNjcmlwdGlvbnMvMGIzNWM1MTItZTFlYS00YzM4LWJkMjYtNDFkMGU5ZDViNTRmL3Jlc291cmNlR3JvdXBzL3RvLWRlbGV0ZS0wMS9wcm92aWRlcnMvTWljcm9zb2Z0LkF1dG9tYXRpb24vYXV0b21hdGlvbkFjY291bnRzL2Zicy1hYS0wMS9weXRob24zUGFja2FnZXMvcHkzLXBhY2thZ2U/YXBpLXZlcnNpb249MjAyMy0xMS0wMQ==",
      "RequestMethod": "DELETE",
      "RequestHeaders": {
        "x-ms-client-request-id": [
          "73ab2954-b5b5-4b29-9492-3fd453eceda0"
        ],
        "Accept-Language": [
          "en-US"
        ],
        "User-Agent": [
          "FxVersion/6.0.2523.51912",
          "OSName/Windows",
          "OSVersion/Microsoft.Windows.10.0.22631",
          "Microsoft.Azure.Management.Automation.AutomationClient/1.9.1"
        ]
      },
      "RequestBody": "",
      "ResponseHeaders": {
        "Cache-Control": [
          "no-cache"
        ],
        "Pragma": [
          "no-cache"
        ],
        "x-ms-request-id": [
          "73ab2954-b5b5-4b29-9492-3fd453eceda0"
        ],
        "Server": [
          "Microsoft-HTTPAPI/2.0"
        ],
        "x-ms-ratelimit-remaining-subscription-deletes": [
          "14999"
        ],
        "x-ms-correlation-request-id": [
          "3a7d5206-5c57-4a6f-ab9a-611e1a255106"
        ],
        "x-ms-routing-request-id": [
          "WESTINDIA:20231122T111606Z:3a7d5206-5c57-4a6f-ab9a-611e1a255106"
        ],
        "Strict-Transport-Security": [
          "max-age=31536000; includeSubDomains"
        ],
        "X-Content-Type-Options": [
          "nosniff"
        ],
        "Date": [
          "Wed, 22 Nov 2023 11:16:06 GMT"
        ],
        "Expires": [
          "-1"
        ],
        "Content-Length": [
          "0"
        ]
      },
      "ResponseBody": "",
      "StatusCode": 200
    }
  ],
  "Names": {},
  "Variables": {
    "SubscriptionId": "0b35c512-e1ea-4c38-bd26-41d0e9d5b54f"
  }
}