{
  "Entries": [
    {
      "RequestUri": "/subscriptions/6368ed38-3570-481f-b4fa-1d0a6e8d3f3b/resourcegroups/test-list-job?api-version=2014-04-01-preview",
      "EncodedRequestUri": "L3N1YnNjcmlwdGlvbnMvNjM2OGVkMzgtMzU3MC00ODFmLWI0ZmEtMWQwYTZlOGQzZjNiL3Jlc291cmNlZ3JvdXBzL3Rlc3QtbGlzdC1qb2I/YXBpLXZlcnNpb249MjAxNC0wNC0wMS1wcmV2aWV3",
      "RequestMethod": "PUT",
      "RequestBody": "{\r\n  \"location\": \"eastus\"\r\n}",
      "RequestHeaders": {
        "Content-Type": [
          "application/json; charset=utf-8"
        ],
        "Content-Length": [
          "28"
        ],
        "User-Agent": [
          "Microsoft.Azure.Management.Resources.ResourceManagementClient/2.0.0.0"
        ]
      },
      "ResponseBody": "{\r\n  \"id\": \"/subscriptions/6368ed38-3570-481f-b4fa-1d0a6e8d3f3b/resourceGroups/test-list-job\",\r\n  \"name\": \"test-list-job\",\r\n  \"location\": \"eastus\",\r\n  \"properties\": {\r\n    \"provisioningState\": \"Succeeded\"\r\n  }\r\n}",
      "ResponseHeaders": {
        "Content-Length": [
          "179"
        ],
        "Content-Type": [
          "application/json; charset=utf-8"
        ],
        "Expires": [
          "-1"
        ],
        "Pragma": [
          "no-cache"
        ],
        "x-ms-ratelimit-remaining-subscription-writes": [
          "1187"
        ],
        "x-ms-request-id": [
          "c4e6cee4-a665-4636-91d8-f620b98e5b5f"
        ],
        "x-ms-correlation-request-id": [
          "c4e6cee4-a665-4636-91d8-f620b98e5b5f"
        ],
        "x-ms-routing-request-id": [
          "WESTUS:20150304T225530Z:c4e6cee4-a665-4636-91d8-f620b98e5b5f"
        ],
        "Strict-Transport-Security": [
          "max-age=31536000; includeSubDomains"
        ],
        "Cache-Control": [
          "no-cache"
        ],
        "Date": [
          "Wed, 04 Mar 2015 22:55:29 GMT"
        ]
      },
      "StatusCode": 201
    },
    {
      "RequestUri": "/subscriptions/6368ed38-3570-481f-b4fa-1d0a6e8d3f3b/resourceGroups/test-list-job/providers/Microsoft.Batch/batchAccounts/testlistjob?api-version=2014-05-01-privatepreview",
      "EncodedRequestUri": "L3N1YnNjcmlwdGlvbnMvNjM2OGVkMzgtMzU3MC00ODFmLWI0ZmEtMWQwYTZlOGQzZjNiL3Jlc291cmNlR3JvdXBzL3Rlc3QtbGlzdC1qb2IvcHJvdmlkZXJzL01pY3Jvc29mdC5CYXRjaC9iYXRjaEFjY291bnRzL3Rlc3RsaXN0am9iP2FwaS12ZXJzaW9uPTIwMTQtMDUtMDEtcHJpdmF0ZXByZXZpZXc=",
      "RequestMethod": "PUT",
      "RequestBody": "{\r\n  \"location\": \"eastus\"\r\n}",
      "RequestHeaders": {
        "Content-Type": [
          "application/json; charset=utf-8"
        ],
        "Content-Length": [
          "28"
        ],
        "User-Agent": [
          "Microsoft.Azure.Management.Batch.BatchManagementClient/1.0.0.0"
        ]
      },
      "ResponseBody": "",
      "ResponseHeaders": {
        "Content-Length": [
          "0"
        ],
        "Expires": [
          "-1"
        ],
        "Pragma": [
          "no-cache"
        ],
        "Retry-After": [
          "15"
        ],
        "x-ms-ratelimit-remaining-subscription-writes": [
          "1186"
        ],
        "request-id": [
          "958bbcc9-bbac-4adb-a726-806e29135615"
        ],
        "Strict-Transport-Security": [
          "max-age=31536000; includeSubDomains"
        ],
        "x-ms-request-id": [
          "8abb6af6-b799-4e72-9a05-5c719e67854e"
        ],
        "x-ms-correlation-request-id": [
          "8abb6af6-b799-4e72-9a05-5c719e67854e"
        ],
        "x-ms-routing-request-id": [
          "WESTUS:20150304T225535Z:8abb6af6-b799-4e72-9a05-5c719e67854e"
        ],
        "Cache-Control": [
          "no-cache"
        ],
        "Date": [
          "Wed, 04 Mar 2015 22:55:35 GMT"
        ],
        "Location": [
          "https://management.azure.com/subscriptions/6368ed38-3570-481f-b4fa-1d0a6e8d3f3b/resourceGroups/test-list-job/providers/Microsoft.Batch/batchAccounts/testlistjob/operationResults/958bbcc9-bbac-4adb-a726-806e29135615?api-version=2014-05-01-privatepreview"
        ],
        "Server": [
          "Microsoft-HTTPAPI/2.0"
        ]
      },
      "StatusCode": 202
    },
    {
      "RequestUri": "/subscriptions/6368ed38-3570-481f-b4fa-1d0a6e8d3f3b/resourceGroups/test-list-job/providers/Microsoft.Batch/batchAccounts/testlistjob/operationResults/958bbcc9-bbac-4adb-a726-806e29135615?api-version=2014-05-01-privatepreview",
      "EncodedRequestUri": "L3N1YnNjcmlwdGlvbnMvNjM2OGVkMzgtMzU3MC00ODFmLWI0ZmEtMWQwYTZlOGQzZjNiL3Jlc291cmNlR3JvdXBzL3Rlc3QtbGlzdC1qb2IvcHJvdmlkZXJzL01pY3Jvc29mdC5CYXRjaC9iYXRjaEFjY291bnRzL3Rlc3RsaXN0am9iL29wZXJhdGlvblJlc3VsdHMvOTU4YmJjYzktYmJhYy00YWRiLWE3MjYtODA2ZTI5MTM1NjE1P2FwaS12ZXJzaW9uPTIwMTQtMDUtMDEtcHJpdmF0ZXByZXZpZXc=",
      "RequestMethod": "GET",
      "RequestBody": "",
      "RequestHeaders": {
        "x-ms-version": [
          "2014-05-01-privatepreview"
        ],
        "User-Agent": [
          "Microsoft.Azure.Management.Batch.BatchManagementClient/1.0.0.0"
        ]
      },
      "ResponseBody": "{\r\n  \"name\": \"testlistjob\",\r\n  \"location\": \"eastus\",\r\n  \"properties\": {\r\n    \"accountEndpoint\": \"testlistjob.batch.core.windows.net\",\r\n    \"provisioningState\": \"Succeeded\"\r\n  },\r\n  \"id\": \"/subscriptions/6368ed38-3570-481f-b4fa-1d0a6e8d3f3b/resourceGroups/test-list-job/providers/Microsoft.Batch/batchAccounts/testlistjob\",\r\n  \"type\": \"Microsoft.Batch/batchAccounts\"\r\n}",
      "ResponseHeaders": {
        "Content-Length": [
          "323"
        ],
        "Content-Type": [
          "application/json; charset=utf-8"
        ],
        "Expires": [
          "-1"
        ],
        "Last-Modified": [
          "Wed, 04 Mar 2015 22:55:34 GMT"
        ],
        "Pragma": [
          "no-cache"
        ],
        "request-id": [
          "a49792cd-f592-4f26-9387-e3d845447602"
        ],
        "Strict-Transport-Security": [
          "max-age=31536000; includeSubDomains"
        ],
        "x-ms-ratelimit-remaining-subscription-reads": [
          "31982"
        ],
        "x-ms-request-id": [
          "0bb7eb9b-e9be-431b-95ee-46257db73426"
        ],
        "x-ms-correlation-request-id": [
          "0bb7eb9b-e9be-431b-95ee-46257db73426"
        ],
        "x-ms-routing-request-id": [
          "WESTUS:20150304T225535Z:0bb7eb9b-e9be-431b-95ee-46257db73426"
        ],
        "Cache-Control": [
          "no-cache"
        ],
        "Date": [
          "Wed, 04 Mar 2015 22:55:35 GMT"
        ],
        "ETag": [
          "0x8D224E5754B2F4D"
        ],
        "Server": [
          "Microsoft-HTTPAPI/2.0"
        ]
      },
      "StatusCode": 200
    },
    {
      "RequestUri": "/subscriptions/6368ed38-3570-481f-b4fa-1d0a6e8d3f3b/resourceGroups/test-list-job/providers/Microsoft.Batch/batchAccounts/testlistjob/listKeys?api-version=2014-05-01-privatepreview",
      "EncodedRequestUri": "L3N1YnNjcmlwdGlvbnMvNjM2OGVkMzgtMzU3MC00ODFmLWI0ZmEtMWQwYTZlOGQzZjNiL3Jlc291cmNlR3JvdXBzL3Rlc3QtbGlzdC1qb2IvcHJvdmlkZXJzL01pY3Jvc29mdC5CYXRjaC9iYXRjaEFjY291bnRzL3Rlc3RsaXN0am9iL2xpc3RLZXlzP2FwaS12ZXJzaW9uPTIwMTQtMDUtMDEtcHJpdmF0ZXByZXZpZXc=",
      "RequestMethod": "POST",
      "RequestBody": "",
      "RequestHeaders": {
        "x-ms-version": [
          "2014-05-01-privatepreview"
        ],
        "User-Agent": [
          "Microsoft.Azure.Management.Batch.BatchManagementClient/1.0.0.0"
        ]
      },
      "ResponseBody": "{\r\n  \"accountName\": \"testlistjob\",\r\n  \"primary\": \"CKUOQktq0NQHxCUrWJLCoe2BFhYIbW5WYGuru5V55otpiC2VGVPI2qvmhykIGRP34dnLMdHkkXygL3qJzjuFYQ==\",\r\n  \"secondary\": \"8j9r6xM9J9zHaVAHxwm9e1dTlNqOa5SfjrfrIKYtMU675O2SI5lD+Z2KfOyU65LEXKLiHDBz1kqFVg5rW/HEPw==\"\r\n}",
      "ResponseHeaders": {
        "Content-Length": [
          "233"
        ],
        "Content-Type": [
          "application/json; charset=utf-8"
        ],
        "Expires": [
          "-1"
        ],
        "Pragma": [
          "no-cache"
        ],
        "request-id": [
          "7de590ce-88f5-4ad9-8abe-05a9ba75293e"
        ],
        "Strict-Transport-Security": [
          "max-age=31536000; includeSubDomains"
        ],
        "x-ms-ratelimit-remaining-subscription-writes": [
          "1185"
        ],
        "x-ms-request-id": [
          "2c9ffe6d-a021-4f16-8f94-eb68481a63e6"
        ],
        "x-ms-correlation-request-id": [
          "2c9ffe6d-a021-4f16-8f94-eb68481a63e6"
        ],
        "x-ms-routing-request-id": [
          "WESTUS:20150304T225535Z:2c9ffe6d-a021-4f16-8f94-eb68481a63e6"
        ],
        "Cache-Control": [
          "no-cache"
        ],
        "Date": [
          "Wed, 04 Mar 2015 22:55:35 GMT"
        ],
        "Server": [
          "Microsoft-HTTPAPI/2.0"
        ]
      },
      "StatusCode": 200
    },
    {
      "RequestUri": "/subscriptions/6368ed38-3570-481f-b4fa-1d0a6e8d3f3b/resourceGroups/test-list-job/providers/Microsoft.Batch/batchAccounts/testlistjob/listKeys?api-version=2014-05-01-privatepreview",
      "EncodedRequestUri": "L3N1YnNjcmlwdGlvbnMvNjM2OGVkMzgtMzU3MC00ODFmLWI0ZmEtMWQwYTZlOGQzZjNiL3Jlc291cmNlR3JvdXBzL3Rlc3QtbGlzdC1qb2IvcHJvdmlkZXJzL01pY3Jvc29mdC5CYXRjaC9iYXRjaEFjY291bnRzL3Rlc3RsaXN0am9iL2xpc3RLZXlzP2FwaS12ZXJzaW9uPTIwMTQtMDUtMDEtcHJpdmF0ZXByZXZpZXc=",
      "RequestMethod": "POST",
      "RequestBody": "",
      "RequestHeaders": {
        "x-ms-version": [
          "2014-05-01-privatepreview"
        ],
        "User-Agent": [
          "Microsoft.Azure.Management.Batch.BatchManagementClient/1.0.0.0"
        ]
      },
      "ResponseBody": "{\r\n  \"accountName\": \"testlistjob\",\r\n  \"primary\": \"CKUOQktq0NQHxCUrWJLCoe2BFhYIbW5WYGuru5V55otpiC2VGVPI2qvmhykIGRP34dnLMdHkkXygL3qJzjuFYQ==\",\r\n  \"secondary\": \"8j9r6xM9J9zHaVAHxwm9e1dTlNqOa5SfjrfrIKYtMU675O2SI5lD+Z2KfOyU65LEXKLiHDBz1kqFVg5rW/HEPw==\"\r\n}",
      "ResponseHeaders": {
        "Content-Length": [
          "233"
        ],
        "Content-Type": [
          "application/json; charset=utf-8"
        ],
        "Expires": [
          "-1"
        ],
        "Pragma": [
          "no-cache"
        ],
        "request-id": [
          "2e1a5c3e-d6bc-4df7-90cd-3d6727bcf0c8"
        ],
        "Strict-Transport-Security": [
          "max-age=31536000; includeSubDomains"
        ],
        "x-ms-ratelimit-remaining-subscription-writes": [
          "1184"
        ],
        "x-ms-request-id": [
          "c10bf1d3-3d96-47af-9a05-77ea359940dd"
        ],
        "x-ms-correlation-request-id": [
          "c10bf1d3-3d96-47af-9a05-77ea359940dd"
        ],
        "x-ms-routing-request-id": [
          "WESTUS:20150304T225713Z:c10bf1d3-3d96-47af-9a05-77ea359940dd"
        ],
        "Cache-Control": [
          "no-cache"
        ],
        "Date": [
          "Wed, 04 Mar 2015 22:57:12 GMT"
        ],
        "Server": [
          "Microsoft-HTTPAPI/2.0"
        ]
      },
      "StatusCode": 200
    },
    {
      "RequestUri": "/workitems?api-version=2014-10-01.1.0",
      "EncodedRequestUri": "L3dvcmtpdGVtcz9hcGktdmVyc2lvbj0yMDE0LTEwLTAxLjEuMA==",
      "RequestMethod": "POST",
      "RequestBody": "{\r\n  \"odata.metadata\": \"https://batch.core.windows.net/$metadata#workitems/@Element\",\r\n  \"name\": \"testWorkItem\",\r\n  \"schedule\": {\r\n    \"recurrenceInterval\": \"PT1M\"\r\n  },\r\n  \"jobExecutionEnvironment\": {\r\n    \"poolName\": \"testPool\"\r\n  }\r\n}",
      "RequestHeaders": {
        "Content-Type": [
          "application/json;odata=minimalmetadata"
        ],
        "Content-Length": [
          "219"
        ],
        "User-Agent": [
          "WA-Batch/1.0"
        ],
        "client-request-id": [
          "f3e8e6e8-9c73-41fa-93ac-db1e0d8ca50e"
        ],
        "return-client-request-id": [
          "False"
        ],
        "ocp-date": [
          "Wed, 04 Mar 2015 22:56:10 GMT"
        ]
      },
      "ResponseBody": "",
      "ResponseHeaders": {
        "Last-Modified": [
          "Wed, 04 Mar 2015 22:56:09 GMT"
        ],
        "Transfer-Encoding": [
          "chunked"
        ],
        "request-id": [
          "eaaafd22-1ea7-47e5-b2c0-79b5c4504683"
        ],
        "Strict-Transport-Security": [
          "max-age=31536000; includeSubDomains"
        ],
        "DataServiceVersion": [
          "3.0"
        ],
        "DataServiceId": [
          "https://testlistjob.batch.core.windows.net/workitems/testWorkItem"
        ],
        "Date": [
          "Wed, 04 Mar 2015 22:56:10 GMT"
        ],
        "ETag": [
          "0x8D224E58A3F33F9"
        ],
        "Location": [
          "https://testlistjob.batch.core.windows.net/workitems/testWorkItem"
        ],
        "Server": [
          "Microsoft-HTTPAPI/2.0"
        ]
      },
      "StatusCode": 201
    },
    {
      "RequestUri": "/workitems/testWorkItem?api-version=2014-10-01.1.0",
      "EncodedRequestUri": "L3dvcmtpdGVtcy90ZXN0V29ya0l0ZW0/YXBpLXZlcnNpb249MjAxNC0xMC0wMS4xLjA=",
      "RequestMethod": "GET",
      "RequestBody": "",
      "RequestHeaders": {
        "User-Agent": [
          "WA-Batch/1.0"
        ],
        "client-request-id": [
          "9406881b-84b0-4240-ac17-5df8adb0bbaf"
        ],
        "return-client-request-id": [
          "False"
        ],
        "ocp-date": [
          "Wed, 04 Mar 2015 22:56:10 GMT"
        ]
      },
      "ResponseBody": "{\r\n  \"odata.metadata\": \"https://testlistjob.batch.core.windows.net/$metadata#workitems/@Element\",\r\n  \"name\": \"testWorkItem\",\r\n  \"url\": \"https://testlistjob.batch.core.windows.net/workitems/testWorkItem\",\r\n  \"eTag\": \"0x8D224E58A3F33F9\",\r\n  \"lastModified\": \"2015-03-04T22:56:09.8169849Z\",\r\n  \"creationTime\": \"2015-03-04T22:56:09.8169849Z\",\r\n  \"state\": \"active\",\r\n  \"stateTransitionTime\": \"2015-03-04T22:56:09.8169849Z\",\r\n  \"schedule\": {\r\n    \"recurrenceInterval\": \"PT1M\"\r\n  },\r\n  \"jobExecutionEnvironment\": {\r\n    \"poolName\": \"testPool\"\r\n  },\r\n  \"executionInfo\": {\r\n    \"nextRunTime\": \"2015-03-04T22:57:09.8169849Z\",\r\n    \"recentJob\": {\r\n      \"url\": \"https://testlistjob.batch.core.windows.net/workitems/testWorkItem/jobs/job-0000000001\",\r\n      \"name\": \"job-0000000001\"\r\n    }\r\n  }\r\n}",
      "ResponseHeaders": {
        "Content-Type": [
          "application/json; odata=minimalmetadata"
        ],
        "Last-Modified": [
          "Wed, 04 Mar 2015 22:56:09 GMT"
        ],
        "Transfer-Encoding": [
          "chunked"
        ],
        "request-id": [
          "379a4644-5e8f-4c29-99e3-5f180bd8bc0b"
        ],
        "Strict-Transport-Security": [
          "max-age=31536000; includeSubDomains"
        ],
        "DataServiceVersion": [
          "3.0"
        ],
        "Date": [
          "Wed, 04 Mar 2015 22:56:10 GMT"
        ],
        "ETag": [
          "0x8D224E58A3F33F9"
        ],
        "Server": [
          "Microsoft-HTTPAPI/2.0"
        ]
      },
      "StatusCode": 200
    },
    {
      "RequestUri": "/workitems/testWorkItem?api-version=2014-10-01.1.0",
      "EncodedRequestUri": "L3dvcmtpdGVtcy90ZXN0V29ya0l0ZW0/YXBpLXZlcnNpb249MjAxNC0xMC0wMS4xLjA=",
      "RequestMethod": "GET",
      "RequestBody": "",
      "RequestHeaders": {
        "User-Agent": [
          "WA-Batch/1.0"
        ],
        "client-request-id": [
          "ae445860-fef5-4777-984e-4753cd4de002"
        ],
        "return-client-request-id": [
          "False"
        ],
        "ocp-date": [
          "Wed, 04 Mar 2015 22:56:11 GMT"
        ]
      },
      "ResponseBody": "{\r\n  \"odata.metadata\": \"https://testlistjob.batch.core.windows.net/$metadata#workitems/@Element\",\r\n  \"name\": \"testWorkItem\",\r\n  \"url\": \"https://testlistjob.batch.core.windows.net/workitems/testWorkItem\",\r\n  \"eTag\": \"0x8D224E58A3F33F9\",\r\n  \"lastModified\": \"2015-03-04T22:56:09.8169849Z\",\r\n  \"creationTime\": \"2015-03-04T22:56:09.8169849Z\",\r\n  \"state\": \"active\",\r\n  \"stateTransitionTime\": \"2015-03-04T22:56:09.8169849Z\",\r\n  \"schedule\": {\r\n    \"recurrenceInterval\": \"PT1M\"\r\n  },\r\n  \"jobExecutionEnvironment\": {\r\n    \"poolName\": \"testPool\"\r\n  },\r\n  \"executionInfo\": {\r\n    \"nextRunTime\": \"2015-03-04T22:57:09.8169849Z\",\r\n    \"recentJob\": {\r\n      \"url\": \"https://testlistjob.batch.core.windows.net/workitems/testWorkItem/jobs/job-0000000001\",\r\n      \"name\": \"job-0000000001\"\r\n    }\r\n  }\r\n}",
      "ResponseHeaders": {
        "Content-Type": [
          "application/json; odata=minimalmetadata"
        ],
        "Last-Modified": [
          "Wed, 04 Mar 2015 22:56:09 GMT"
        ],
        "Transfer-Encoding": [
          "chunked"
        ],
        "request-id": [
          "9e963d58-ce97-4a40-93ee-af9d52b3d0f5"
        ],
        "Strict-Transport-Security": [
          "max-age=31536000; includeSubDomains"
        ],
        "DataServiceVersion": [
          "3.0"
        ],
        "Date": [
          "Wed, 04 Mar 2015 22:56:10 GMT"
        ],
        "ETag": [
          "0x8D224E58A3F33F9"
        ],
        "Server": [
          "Microsoft-HTTPAPI/2.0"
        ]
      },
      "StatusCode": 200
    },
    {
      "RequestUri": "/workitems/testWorkItem?api-version=2014-10-01.1.0",
      "EncodedRequestUri": "L3dvcmtpdGVtcy90ZXN0V29ya0l0ZW0/YXBpLXZlcnNpb249MjAxNC0xMC0wMS4xLjA=",
      "RequestMethod": "GET",
      "RequestBody": "",
      "RequestHeaders": {
        "User-Agent": [
          "WA-Batch/1.0"
        ],
        "client-request-id": [
          "47f8418c-94a4-45c4-9e98-ca8f0bc59497"
        ],
        "return-client-request-id": [
          "False"
        ],
        "ocp-date": [
          "Wed, 04 Mar 2015 22:56:16 GMT"
        ]
      },
      "ResponseBody": "{\r\n  \"odata.metadata\": \"https://testlistjob.batch.core.windows.net/$metadata#workitems/@Element\",\r\n  \"name\": \"testWorkItem\",\r\n  \"url\": \"https://testlistjob.batch.core.windows.net/workitems/testWorkItem\",\r\n  \"eTag\": \"0x8D224E58A3F33F9\",\r\n  \"lastModified\": \"2015-03-04T22:56:09.8169849Z\",\r\n  \"creationTime\": \"2015-03-04T22:56:09.8169849Z\",\r\n  \"state\": \"active\",\r\n  \"stateTransitionTime\": \"2015-03-04T22:56:09.8169849Z\",\r\n  \"schedule\": {\r\n    \"recurrenceInterval\": \"PT1M\"\r\n  },\r\n  \"jobExecutionEnvironment\": {\r\n    \"poolName\": \"testPool\"\r\n  },\r\n  \"executionInfo\": {\r\n    \"nextRunTime\": \"2015-03-04T22:57:09.8169849Z\",\r\n    \"recentJob\": {\r\n      \"url\": \"https://testlistjob.batch.core.windows.net/workitems/testWorkItem/jobs/job-0000000001\",\r\n      \"name\": \"job-0000000001\"\r\n    }\r\n  }\r\n}",
      "ResponseHeaders": {
        "Content-Type": [
          "application/json; odata=minimalmetadata"
        ],
        "Last-Modified": [
          "Wed, 04 Mar 2015 22:56:09 GMT"
        ],
        "Transfer-Encoding": [
          "chunked"
        ],
        "request-id": [
          "e46af10d-cdae-4df5-8031-a305c7074e91"
        ],
        "Strict-Transport-Security": [
          "max-age=31536000; includeSubDomains"
        ],
        "DataServiceVersion": [
          "3.0"
        ],
        "Date": [
          "Wed, 04 Mar 2015 22:56:16 GMT"
        ],
        "ETag": [
          "0x8D224E58A3F33F9"
        ],
        "Server": [
          "Microsoft-HTTPAPI/2.0"
        ]
      },
      "StatusCode": 200
    },
    {
      "RequestUri": "/workitems/testWorkItem?api-version=2014-10-01.1.0",
      "EncodedRequestUri": "L3dvcmtpdGVtcy90ZXN0V29ya0l0ZW0/YXBpLXZlcnNpb249MjAxNC0xMC0wMS4xLjA=",
      "RequestMethod": "GET",
      "RequestBody": "",
      "RequestHeaders": {
        "User-Agent": [
          "WA-Batch/1.0"
        ],
        "client-request-id": [
          "4eb458c3-4452-4950-8501-a72344ba3d75"
        ],
        "return-client-request-id": [
          "False"
        ],
        "ocp-date": [
          "Wed, 04 Mar 2015 22:56:22 GMT"
        ]
      },
      "ResponseBody": "{\r\n  \"odata.metadata\": \"https://testlistjob.batch.core.windows.net/$metadata#workitems/@Element\",\r\n  \"name\": \"testWorkItem\",\r\n  \"url\": \"https://testlistjob.batch.core.windows.net/workitems/testWorkItem\",\r\n  \"eTag\": \"0x8D224E58A3F33F9\",\r\n  \"lastModified\": \"2015-03-04T22:56:09.8169849Z\",\r\n  \"creationTime\": \"2015-03-04T22:56:09.8169849Z\",\r\n  \"state\": \"active\",\r\n  \"stateTransitionTime\": \"2015-03-04T22:56:09.8169849Z\",\r\n  \"schedule\": {\r\n    \"recurrenceInterval\": \"PT1M\"\r\n  },\r\n  \"jobExecutionEnvironment\": {\r\n    \"poolName\": \"testPool\"\r\n  },\r\n  \"executionInfo\": {\r\n    \"nextRunTime\": \"2015-03-04T22:57:09.8169849Z\",\r\n    \"recentJob\": {\r\n      \"url\": \"https://testlistjob.batch.core.windows.net/workitems/testWorkItem/jobs/job-0000000001\",\r\n      \"name\": \"job-0000000001\"\r\n    }\r\n  }\r\n}",
      "ResponseHeaders": {
        "Content-Type": [
          "application/json; odata=minimalmetadata"
        ],
        "Last-Modified": [
          "Wed, 04 Mar 2015 22:56:09 GMT"
        ],
        "Transfer-Encoding": [
          "chunked"
        ],
        "request-id": [
          "c078c741-3796-40d2-9571-e5921a26df2c"
        ],
        "Strict-Transport-Security": [
          "max-age=31536000; includeSubDomains"
        ],
        "DataServiceVersion": [
          "3.0"
        ],
        "Date": [
          "Wed, 04 Mar 2015 22:56:22 GMT"
        ],
        "ETag": [
          "0x8D224E58A3F33F9"
        ],
        "Server": [
          "Microsoft-HTTPAPI/2.0"
        ]
      },
      "StatusCode": 200
    },
    {
      "RequestUri": "/workitems/testWorkItem?api-version=2014-10-01.1.0",
      "EncodedRequestUri": "L3dvcmtpdGVtcy90ZXN0V29ya0l0ZW0/YXBpLXZlcnNpb249MjAxNC0xMC0wMS4xLjA=",
      "RequestMethod": "GET",
      "RequestBody": "",
      "RequestHeaders": {
        "User-Agent": [
          "WA-Batch/1.0"
        ],
        "client-request-id": [
          "a1f8d5e1-630f-4ec1-afe0-8879c4a89a71"
        ],
        "return-client-request-id": [
          "False"
        ],
        "ocp-date": [
          "Wed, 04 Mar 2015 22:56:27 GMT"
        ]
      },
      "ResponseBody": "{\r\n  \"odata.metadata\": \"https://testlistjob.batch.core.windows.net/$metadata#workitems/@Element\",\r\n  \"name\": \"testWorkItem\",\r\n  \"url\": \"https://testlistjob.batch.core.windows.net/workitems/testWorkItem\",\r\n  \"eTag\": \"0x8D224E58A3F33F9\",\r\n  \"lastModified\": \"2015-03-04T22:56:09.8169849Z\",\r\n  \"creationTime\": \"2015-03-04T22:56:09.8169849Z\",\r\n  \"state\": \"active\",\r\n  \"stateTransitionTime\": \"2015-03-04T22:56:09.8169849Z\",\r\n  \"schedule\": {\r\n    \"recurrenceInterval\": \"PT1M\"\r\n  },\r\n  \"jobExecutionEnvironment\": {\r\n    \"poolName\": \"testPool\"\r\n  },\r\n  \"executionInfo\": {\r\n    \"nextRunTime\": \"2015-03-04T22:57:09.8169849Z\",\r\n    \"recentJob\": {\r\n      \"url\": \"https://testlistjob.batch.core.windows.net/workitems/testWorkItem/jobs/job-0000000001\",\r\n      \"name\": \"job-0000000001\"\r\n    }\r\n  }\r\n}",
      "ResponseHeaders": {
        "Content-Type": [
          "application/json; odata=minimalmetadata"
        ],
        "Last-Modified": [
          "Wed, 04 Mar 2015 22:56:09 GMT"
        ],
        "Transfer-Encoding": [
          "chunked"
        ],
        "request-id": [
          "2e829b25-31a7-4b7e-8921-e4cb0790088d"
        ],
        "Strict-Transport-Security": [
          "max-age=31536000; includeSubDomains"
        ],
        "DataServiceVersion": [
          "3.0"
        ],
        "Date": [
          "Wed, 04 Mar 2015 22:56:27 GMT"
        ],
        "ETag": [
          "0x8D224E58A3F33F9"
        ],
        "Server": [
          "Microsoft-HTTPAPI/2.0"
        ]
      },
      "StatusCode": 200
    },
    {
      "RequestUri": "/workitems/testWorkItem?api-version=2014-10-01.1.0",
      "EncodedRequestUri": "L3dvcmtpdGVtcy90ZXN0V29ya0l0ZW0/YXBpLXZlcnNpb249MjAxNC0xMC0wMS4xLjA=",
      "RequestMethod": "GET",
      "RequestBody": "",
      "RequestHeaders": {
        "User-Agent": [
          "WA-Batch/1.0"
        ],
        "client-request-id": [
          "ff2162b6-5a9c-4548-b37c-ca5ff696bc56"
        ],
        "return-client-request-id": [
          "False"
        ],
        "ocp-date": [
          "Wed, 04 Mar 2015 22:56:33 GMT"
        ]
      },
      "ResponseBody": "{\r\n  \"odata.metadata\": \"https://testlistjob.batch.core.windows.net/$metadata#workitems/@Element\",\r\n  \"name\": \"testWorkItem\",\r\n  \"url\": \"https://testlistjob.batch.core.windows.net/workitems/testWorkItem\",\r\n  \"eTag\": \"0x8D224E58A3F33F9\",\r\n  \"lastModified\": \"2015-03-04T22:56:09.8169849Z\",\r\n  \"creationTime\": \"2015-03-04T22:56:09.8169849Z\",\r\n  \"state\": \"active\",\r\n  \"stateTransitionTime\": \"2015-03-04T22:56:09.8169849Z\",\r\n  \"schedule\": {\r\n    \"recurrenceInterval\": \"PT1M\"\r\n  },\r\n  \"jobExecutionEnvironment\": {\r\n    \"poolName\": \"testPool\"\r\n  },\r\n  \"executionInfo\": {\r\n    \"nextRunTime\": \"2015-03-04T22:57:09.8169849Z\",\r\n    \"recentJob\": {\r\n      \"url\": \"https://testlistjob.batch.core.windows.net/workitems/testWorkItem/jobs/job-0000000001\",\r\n      \"name\": \"job-0000000001\"\r\n    }\r\n  }\r\n}",
      "ResponseHeaders": {
        "Content-Type": [
          "application/json; odata=minimalmetadata"
        ],
        "Last-Modified": [
          "Wed, 04 Mar 2015 22:56:09 GMT"
        ],
        "Transfer-Encoding": [
          "chunked"
        ],
        "request-id": [
          "4ed0c76c-e7ac-492a-800a-37684210e22a"
        ],
        "Strict-Transport-Security": [
          "max-age=31536000; includeSubDomains"
        ],
        "DataServiceVersion": [
          "3.0"
        ],
        "Date": [
          "Wed, 04 Mar 2015 22:56:32 GMT"
        ],
        "ETag": [
          "0x8D224E58A3F33F9"
        ],
        "Server": [
          "Microsoft-HTTPAPI/2.0"
        ]
      },
      "StatusCode": 200
    },
    {
      "RequestUri": "/workitems/testWorkItem?api-version=2014-10-01.1.0",
      "EncodedRequestUri": "L3dvcmtpdGVtcy90ZXN0V29ya0l0ZW0/YXBpLXZlcnNpb249MjAxNC0xMC0wMS4xLjA=",
      "RequestMethod": "GET",
      "RequestBody": "",
      "RequestHeaders": {
        "User-Agent": [
          "WA-Batch/1.0"
        ],
        "client-request-id": [
          "54c8a203-5319-4681-bef4-8882f8691137"
        ],
        "return-client-request-id": [
          "False"
        ],
        "ocp-date": [
          "Wed, 04 Mar 2015 22:56:38 GMT"
        ]
      },
      "ResponseBody": "{\r\n  \"odata.metadata\": \"https://testlistjob.batch.core.windows.net/$metadata#workitems/@Element\",\r\n  \"name\": \"testWorkItem\",\r\n  \"url\": \"https://testlistjob.batch.core.windows.net/workitems/testWorkItem\",\r\n  \"eTag\": \"0x8D224E58A3F33F9\",\r\n  \"lastModified\": \"2015-03-04T22:56:09.8169849Z\",\r\n  \"creationTime\": \"2015-03-04T22:56:09.8169849Z\",\r\n  \"state\": \"active\",\r\n  \"stateTransitionTime\": \"2015-03-04T22:56:09.8169849Z\",\r\n  \"schedule\": {\r\n    \"recurrenceInterval\": \"PT1M\"\r\n  },\r\n  \"jobExecutionEnvironment\": {\r\n    \"poolName\": \"testPool\"\r\n  },\r\n  \"executionInfo\": {\r\n    \"nextRunTime\": \"2015-03-04T22:57:09.8169849Z\",\r\n    \"recentJob\": {\r\n      \"url\": \"https://testlistjob.batch.core.windows.net/workitems/testWorkItem/jobs/job-0000000001\",\r\n      \"name\": \"job-0000000001\"\r\n    }\r\n  }\r\n}",
      "ResponseHeaders": {
        "Content-Type": [
          "application/json; odata=minimalmetadata"
        ],
        "Last-Modified": [
          "Wed, 04 Mar 2015 22:56:09 GMT"
        ],
        "Transfer-Encoding": [
          "chunked"
        ],
        "request-id": [
          "ca4b72b9-6c99-4b6e-9d2d-79161a37b5a4"
        ],
        "Strict-Transport-Security": [
          "max-age=31536000; includeSubDomains"
        ],
        "DataServiceVersion": [
          "3.0"
        ],
        "Date": [
          "Wed, 04 Mar 2015 22:56:37 GMT"
        ],
        "ETag": [
          "0x8D224E58A3F33F9"
        ],
        "Server": [
          "Microsoft-HTTPAPI/2.0"
        ]
      },
      "StatusCode": 200
    },
    {
      "RequestUri": "/workitems/testWorkItem?api-version=2014-10-01.1.0",
      "EncodedRequestUri": "L3dvcmtpdGVtcy90ZXN0V29ya0l0ZW0/YXBpLXZlcnNpb249MjAxNC0xMC0wMS4xLjA=",
      "RequestMethod": "GET",
      "RequestBody": "",
      "RequestHeaders": {
        "User-Agent": [
          "WA-Batch/1.0"
        ],
        "client-request-id": [
          "28c1e3f4-f75c-41fc-95bb-15b664fe8800"
        ],
        "return-client-request-id": [
          "False"
        ],
        "ocp-date": [
          "Wed, 04 Mar 2015 22:56:43 GMT"
        ]
      },
      "ResponseBody": "{\r\n  \"odata.metadata\": \"https://testlistjob.batch.core.windows.net/$metadata#workitems/@Element\",\r\n  \"name\": \"testWorkItem\",\r\n  \"url\": \"https://testlistjob.batch.core.windows.net/workitems/testWorkItem\",\r\n  \"eTag\": \"0x8D224E58A3F33F9\",\r\n  \"lastModified\": \"2015-03-04T22:56:09.8169849Z\",\r\n  \"creationTime\": \"2015-03-04T22:56:09.8169849Z\",\r\n  \"state\": \"active\",\r\n  \"stateTransitionTime\": \"2015-03-04T22:56:09.8169849Z\",\r\n  \"schedule\": {\r\n    \"recurrenceInterval\": \"PT1M\"\r\n  },\r\n  \"jobExecutionEnvironment\": {\r\n    \"poolName\": \"testPool\"\r\n  },\r\n  \"executionInfo\": {\r\n    \"nextRunTime\": \"2015-03-04T22:57:09.8169849Z\",\r\n    \"recentJob\": {\r\n      \"url\": \"https://testlistjob.batch.core.windows.net/workitems/testWorkItem/jobs/job-0000000001\",\r\n      \"name\": \"job-0000000001\"\r\n    }\r\n  }\r\n}",
      "ResponseHeaders": {
        "Content-Type": [
          "application/json; odata=minimalmetadata"
        ],
        "Last-Modified": [
          "Wed, 04 Mar 2015 22:56:09 GMT"
        ],
        "Transfer-Encoding": [
          "chunked"
        ],
        "request-id": [
          "9d6ac1f8-68a4-4482-8818-0b360e26acea"
        ],
        "Strict-Transport-Security": [
          "max-age=31536000; includeSubDomains"
        ],
        "DataServiceVersion": [
          "3.0"
        ],
        "Date": [
          "Wed, 04 Mar 2015 22:56:43 GMT"
        ],
        "ETag": [
          "0x8D224E58A3F33F9"
        ],
        "Server": [
          "Microsoft-HTTPAPI/2.0"
        ]
      },
      "StatusCode": 200
    },
    {
      "RequestUri": "/workitems/testWorkItem?api-version=2014-10-01.1.0",
      "EncodedRequestUri": "L3dvcmtpdGVtcy90ZXN0V29ya0l0ZW0/YXBpLXZlcnNpb249MjAxNC0xMC0wMS4xLjA=",
      "RequestMethod": "GET",
      "RequestBody": "",
      "RequestHeaders": {
        "User-Agent": [
          "WA-Batch/1.0"
        ],
        "client-request-id": [
          "7f128ebc-2c5c-417a-9eb6-3a4c39165f83"
        ],
        "return-client-request-id": [
          "False"
        ],
        "ocp-date": [
          "Wed, 04 Mar 2015 22:56:49 GMT"
        ]
      },
      "ResponseBody": "{\r\n  \"odata.metadata\": \"https://testlistjob.batch.core.windows.net/$metadata#workitems/@Element\",\r\n  \"name\": \"testWorkItem\",\r\n  \"url\": \"https://testlistjob.batch.core.windows.net/workitems/testWorkItem\",\r\n  \"eTag\": \"0x8D224E58A3F33F9\",\r\n  \"lastModified\": \"2015-03-04T22:56:09.8169849Z\",\r\n  \"creationTime\": \"2015-03-04T22:56:09.8169849Z\",\r\n  \"state\": \"active\",\r\n  \"stateTransitionTime\": \"2015-03-04T22:56:09.8169849Z\",\r\n  \"schedule\": {\r\n    \"recurrenceInterval\": \"PT1M\"\r\n  },\r\n  \"jobExecutionEnvironment\": {\r\n    \"poolName\": \"testPool\"\r\n  },\r\n  \"executionInfo\": {\r\n    \"nextRunTime\": \"2015-03-04T22:57:09.8169849Z\",\r\n    \"recentJob\": {\r\n      \"url\": \"https://testlistjob.batch.core.windows.net/workitems/testWorkItem/jobs/job-0000000001\",\r\n      \"name\": \"job-0000000001\"\r\n    }\r\n  }\r\n}",
      "ResponseHeaders": {
        "Content-Type": [
          "application/json; odata=minimalmetadata"
        ],
        "Last-Modified": [
          "Wed, 04 Mar 2015 22:56:09 GMT"
        ],
        "Transfer-Encoding": [
          "chunked"
        ],
        "request-id": [
          "6d725274-3366-407b-9ad0-b4c5f25ca811"
        ],
        "Strict-Transport-Security": [
          "max-age=31536000; includeSubDomains"
        ],
        "DataServiceVersion": [
          "3.0"
        ],
        "Date": [
          "Wed, 04 Mar 2015 22:56:49 GMT"
        ],
        "ETag": [
          "0x8D224E58A3F33F9"
        ],
        "Server": [
          "Microsoft-HTTPAPI/2.0"
        ]
      },
      "StatusCode": 200
    },
    {
      "RequestUri": "/workitems/testWorkItem?api-version=2014-10-01.1.0",
      "EncodedRequestUri": "L3dvcmtpdGVtcy90ZXN0V29ya0l0ZW0/YXBpLXZlcnNpb249MjAxNC0xMC0wMS4xLjA=",
      "RequestMethod": "GET",
      "RequestBody": "",
      "RequestHeaders": {
        "User-Agent": [
          "WA-Batch/1.0"
        ],
        "client-request-id": [
          "b0364a11-4139-420a-9b6a-f0c573ff30bb"
        ],
        "return-client-request-id": [
          "False"
        ],
        "ocp-date": [
          "Wed, 04 Mar 2015 22:56:54 GMT"
        ]
      },
      "ResponseBody": "{\r\n  \"odata.metadata\": \"https://testlistjob.batch.core.windows.net/$metadata#workitems/@Element\",\r\n  \"name\": \"testWorkItem\",\r\n  \"url\": \"https://testlistjob.batch.core.windows.net/workitems/testWorkItem\",\r\n  \"eTag\": \"0x8D224E58A3F33F9\",\r\n  \"lastModified\": \"2015-03-04T22:56:09.8169849Z\",\r\n  \"creationTime\": \"2015-03-04T22:56:09.8169849Z\",\r\n  \"state\": \"active\",\r\n  \"stateTransitionTime\": \"2015-03-04T22:56:09.8169849Z\",\r\n  \"schedule\": {\r\n    \"recurrenceInterval\": \"PT1M\"\r\n  },\r\n  \"jobExecutionEnvironment\": {\r\n    \"poolName\": \"testPool\"\r\n  },\r\n  \"executionInfo\": {\r\n    \"nextRunTime\": \"2015-03-04T22:57:09.8169849Z\",\r\n    \"recentJob\": {\r\n      \"url\": \"https://testlistjob.batch.core.windows.net/workitems/testWorkItem/jobs/job-0000000001\",\r\n      \"name\": \"job-0000000001\"\r\n    }\r\n  }\r\n}",
      "ResponseHeaders": {
        "Content-Type": [
          "application/json; odata=minimalmetadata"
        ],
        "Last-Modified": [
          "Wed, 04 Mar 2015 22:56:09 GMT"
        ],
        "Transfer-Encoding": [
          "chunked"
        ],
        "request-id": [
          "5eddacca-ce31-4f15-a1d2-602a28c7b6c5"
        ],
        "Strict-Transport-Security": [
          "max-age=31536000; includeSubDomains"
        ],
        "DataServiceVersion": [
          "3.0"
        ],
        "Date": [
          "Wed, 04 Mar 2015 22:56:54 GMT"
        ],
        "ETag": [
          "0x8D224E58A3F33F9"
        ],
        "Server": [
          "Microsoft-HTTPAPI/2.0"
        ]
      },
      "StatusCode": 200
    },
    {
      "RequestUri": "/workitems/testWorkItem?api-version=2014-10-01.1.0",
      "EncodedRequestUri": "L3dvcmtpdGVtcy90ZXN0V29ya0l0ZW0/YXBpLXZlcnNpb249MjAxNC0xMC0wMS4xLjA=",
      "RequestMethod": "GET",
      "RequestBody": "",
      "RequestHeaders": {
        "User-Agent": [
          "WA-Batch/1.0"
        ],
        "client-request-id": [
          "64ab6438-64c6-4e20-97cd-a2fb24a3aeb0"
        ],
        "return-client-request-id": [
          "False"
        ],
        "ocp-date": [
          "Wed, 04 Mar 2015 22:56:59 GMT"
        ]
      },
      "ResponseBody": "{\r\n  \"odata.metadata\": \"https://testlistjob.batch.core.windows.net/$metadata#workitems/@Element\",\r\n  \"name\": \"testWorkItem\",\r\n  \"url\": \"https://testlistjob.batch.core.windows.net/workitems/testWorkItem\",\r\n  \"eTag\": \"0x8D224E58A3F33F9\",\r\n  \"lastModified\": \"2015-03-04T22:56:09.8169849Z\",\r\n  \"creationTime\": \"2015-03-04T22:56:09.8169849Z\",\r\n  \"state\": \"active\",\r\n  \"stateTransitionTime\": \"2015-03-04T22:56:09.8169849Z\",\r\n  \"schedule\": {\r\n    \"recurrenceInterval\": \"PT1M\"\r\n  },\r\n  \"jobExecutionEnvironment\": {\r\n    \"poolName\": \"testPool\"\r\n  },\r\n  \"executionInfo\": {\r\n    \"nextRunTime\": \"2015-03-04T22:57:09.8169849Z\",\r\n    \"recentJob\": {\r\n      \"url\": \"https://testlistjob.batch.core.windows.net/workitems/testWorkItem/jobs/job-0000000001\",\r\n      \"name\": \"job-0000000001\"\r\n    }\r\n  }\r\n}",
      "ResponseHeaders": {
        "Content-Type": [
          "application/json; odata=minimalmetadata"
        ],
        "Last-Modified": [
          "Wed, 04 Mar 2015 22:56:09 GMT"
        ],
        "Transfer-Encoding": [
          "chunked"
        ],
        "request-id": [
          "f108515b-b779-4791-858c-b4bd48320aa7"
        ],
        "Strict-Transport-Security": [
          "max-age=31536000; includeSubDomains"
        ],
        "DataServiceVersion": [
          "3.0"
        ],
        "Date": [
          "Wed, 04 Mar 2015 22:56:59 GMT"
        ],
        "ETag": [
          "0x8D224E58A3F33F9"
        ],
        "Server": [
          "Microsoft-HTTPAPI/2.0"
        ]
      },
      "StatusCode": 200
    },
    {
      "RequestUri": "/workitems/testWorkItem?api-version=2014-10-01.1.0",
      "EncodedRequestUri": "L3dvcmtpdGVtcy90ZXN0V29ya0l0ZW0/YXBpLXZlcnNpb249MjAxNC0xMC0wMS4xLjA=",
      "RequestMethod": "GET",
      "RequestBody": "",
      "RequestHeaders": {
        "User-Agent": [
          "WA-Batch/1.0"
        ],
        "client-request-id": [
          "1ecc6e51-b984-45bf-9df1-1bbda4e20b6e"
        ],
        "return-client-request-id": [
          "False"
        ],
        "ocp-date": [
          "Wed, 04 Mar 2015 22:57:05 GMT"
        ]
      },
      "ResponseBody": "{\r\n  \"odata.metadata\": \"https://testlistjob.batch.core.windows.net/$metadata#workitems/@Element\",\r\n  \"name\": \"testWorkItem\",\r\n  \"url\": \"https://testlistjob.batch.core.windows.net/workitems/testWorkItem\",\r\n  \"eTag\": \"0x8D224E58A3F33F9\",\r\n  \"lastModified\": \"2015-03-04T22:56:09.8169849Z\",\r\n  \"creationTime\": \"2015-03-04T22:56:09.8169849Z\",\r\n  \"state\": \"active\",\r\n  \"stateTransitionTime\": \"2015-03-04T22:56:09.8169849Z\",\r\n  \"schedule\": {\r\n    \"recurrenceInterval\": \"PT1M\"\r\n  },\r\n  \"jobExecutionEnvironment\": {\r\n    \"poolName\": \"testPool\"\r\n  },\r\n  \"executionInfo\": {\r\n    \"nextRunTime\": \"2015-03-04T22:57:09.8169849Z\",\r\n    \"recentJob\": {\r\n      \"url\": \"https://testlistjob.batch.core.windows.net/workitems/testWorkItem/jobs/job-0000000001\",\r\n      \"name\": \"job-0000000001\"\r\n    }\r\n  }\r\n}",
      "ResponseHeaders": {
        "Content-Type": [
          "application/json; odata=minimalmetadata"
        ],
        "Last-Modified": [
          "Wed, 04 Mar 2015 22:56:09 GMT"
        ],
        "Transfer-Encoding": [
          "chunked"
        ],
        "request-id": [
          "f95edc27-15cf-4927-9133-1add38373fc4"
        ],
        "Strict-Transport-Security": [
          "max-age=31536000; includeSubDomains"
        ],
        "DataServiceVersion": [
          "3.0"
        ],
        "Date": [
          "Wed, 04 Mar 2015 22:57:04 GMT"
        ],
        "ETag": [
          "0x8D224E58A3F33F9"
        ],
        "Server": [
          "Microsoft-HTTPAPI/2.0"
        ]
      },
      "StatusCode": 200
    },
    {
      "RequestUri": "/workitems/testWorkItem?api-version=2014-10-01.1.0",
      "EncodedRequestUri": "L3dvcmtpdGVtcy90ZXN0V29ya0l0ZW0/YXBpLXZlcnNpb249MjAxNC0xMC0wMS4xLjA=",
      "RequestMethod": "GET",
      "RequestBody": "",
      "RequestHeaders": {
        "User-Agent": [
          "WA-Batch/1.0"
        ],
        "client-request-id": [
          "ecbee9c7-e140-4bfb-8be9-adb9a7d41f18"
        ],
        "return-client-request-id": [
          "False"
        ],
        "ocp-date": [
          "Wed, 04 Mar 2015 22:57:10 GMT"
        ]
      },
      "ResponseBody": "{\r\n  \"odata.metadata\": \"https://testlistjob.batch.core.windows.net/$metadata#workitems/@Element\",\r\n  \"name\": \"testWorkItem\",\r\n  \"url\": \"https://testlistjob.batch.core.windows.net/workitems/testWorkItem\",\r\n  \"eTag\": \"0x8D224E58A3F33F9\",\r\n  \"lastModified\": \"2015-03-04T22:56:09.8169849Z\",\r\n  \"creationTime\": \"2015-03-04T22:56:09.8169849Z\",\r\n  \"state\": \"active\",\r\n  \"stateTransitionTime\": \"2015-03-04T22:56:09.8169849Z\",\r\n  \"schedule\": {\r\n    \"recurrenceInterval\": \"PT1M\"\r\n  },\r\n  \"jobExecutionEnvironment\": {\r\n    \"poolName\": \"testPool\"\r\n  },\r\n  \"executionInfo\": {\r\n    \"nextRunTime\": \"2015-03-04T22:58:09.8169849Z\",\r\n    \"recentJob\": {\r\n      \"url\": \"https://testlistjob.batch.core.windows.net/workitems/testWorkItem/jobs/job-0000000002\",\r\n      \"name\": \"job-0000000002\"\r\n    }\r\n  }\r\n}",
      "ResponseHeaders": {
        "Content-Type": [
          "application/json; odata=minimalmetadata"
        ],
        "Last-Modified": [
          "Wed, 04 Mar 2015 22:56:09 GMT"
        ],
        "Transfer-Encoding": [
          "chunked"
        ],
        "request-id": [
          "0e1637f6-faa6-4e7a-85f8-4893218b357a"
        ],
        "Strict-Transport-Security": [
          "max-age=31536000; includeSubDomains"
        ],
        "DataServiceVersion": [
          "3.0"
        ],
        "Date": [
          "Wed, 04 Mar 2015 22:57:10 GMT"
        ],
        "ETag": [
          "0x8D224E58A3F33F9"
        ],
        "Server": [
          "Microsoft-HTTPAPI/2.0"
        ]
      },
      "StatusCode": 200
    },
    {
      "RequestUri": "/workitems/testWorkItem?api-version=2014-10-01.1.0",
      "EncodedRequestUri": "L3dvcmtpdGVtcy90ZXN0V29ya0l0ZW0/YXBpLXZlcnNpb249MjAxNC0xMC0wMS4xLjA=",
      "RequestMethod": "GET",
      "RequestBody": "",
      "RequestHeaders": {
        "User-Agent": [
          "WA-Batch/1.0"
        ],
        "client-request-id": [
          "4ebad7b0-cdc5-4cb3-bb4f-296bc8ddaafd"
        ],
        "return-client-request-id": [
          "False"
        ],
        "ocp-date": [
          "Wed, 04 Mar 2015 22:57:13 GMT"
        ]
      },
      "ResponseBody": "{\r\n  \"odata.metadata\": \"https://testlistjob.batch.core.windows.net/$metadata#workitems/@Element\",\r\n  \"name\": \"testWorkItem\",\r\n  \"url\": \"https://testlistjob.batch.core.windows.net/workitems/testWorkItem\",\r\n  \"eTag\": \"0x8D224E58A3F33F9\",\r\n  \"lastModified\": \"2015-03-04T22:56:09.8169849Z\",\r\n  \"creationTime\": \"2015-03-04T22:56:09.8169849Z\",\r\n  \"state\": \"active\",\r\n  \"stateTransitionTime\": \"2015-03-04T22:56:09.8169849Z\",\r\n  \"schedule\": {\r\n    \"recurrenceInterval\": \"PT1M\"\r\n  },\r\n  \"jobExecutionEnvironment\": {\r\n    \"poolName\": \"testPool\"\r\n  },\r\n  \"executionInfo\": {\r\n    \"nextRunTime\": \"2015-03-04T22:58:09.8169849Z\",\r\n    \"recentJob\": {\r\n      \"url\": \"https://testlistjob.batch.core.windows.net/workitems/testWorkItem/jobs/job-0000000002\",\r\n      \"name\": \"job-0000000002\"\r\n    }\r\n  }\r\n}",
      "ResponseHeaders": {
        "Content-Type": [
          "application/json; odata=minimalmetadata"
        ],
        "Last-Modified": [
          "Wed, 04 Mar 2015 22:56:09 GMT"
        ],
        "Transfer-Encoding": [
          "chunked"
        ],
        "request-id": [
          "b7fcde39-b70a-44a1-91ec-ac722f3415ef"
        ],
        "Strict-Transport-Security": [
          "max-age=31536000; includeSubDomains"
        ],
        "DataServiceVersion": [
          "3.0"
        ],
        "Date": [
          "Wed, 04 Mar 2015 22:57:12 GMT"
        ],
        "ETag": [
          "0x8D224E58A3F33F9"
        ],
        "Server": [
          "Microsoft-HTTPAPI/2.0"
        ]
      },
      "StatusCode": 200
    },
    {
      "RequestUri": "/subscriptions/6368ed38-3570-481f-b4fa-1d0a6e8d3f3b/resources?$filter=resourceType%20eq%20'Microsoft.Batch%2FbatchAccounts'&api-version=2014-04-01-preview",
      "EncodedRequestUri": "L3N1YnNjcmlwdGlvbnMvNjM2OGVkMzgtMzU3MC00ODFmLWI0ZmEtMWQwYTZlOGQzZjNiL3Jlc291cmNlcz8kZmlsdGVyPXJlc291cmNlVHlwZSUyMGVxJTIwJ01pY3Jvc29mdC5CYXRjaCUyRmJhdGNoQWNjb3VudHMnJmFwaS12ZXJzaW9uPTIwMTQtMDQtMDEtcHJldmlldw==",
      "RequestMethod": "GET",
      "RequestBody": "",
      "RequestHeaders": {
        "User-Agent": [
          "Microsoft.Azure.Management.Resources.ResourceManagementClient/2.0.0.0"
        ]
      },
      "ResponseBody": "{\r\n  \"value\": [\r\n    {\r\n      \"id\": \"/subscriptions/6368ed38-3570-481f-b4fa-1d0a6e8d3f3b/resourceGroups/default-azurebatch-centralus/providers/Microsoft.Batch/batchAccounts/jaschneibatch2\",\r\n      \"name\": \"jaschneibatch2\",\r\n      \"type\": \"Microsoft.Batch/batchAccounts\",\r\n      \"location\": \"centralus\",\r\n      \"tags\": {\r\n        \"tagname\": \"tagvalue\"\r\n      }\r\n    },\r\n    {\r\n      \"id\": \"/subscriptions/6368ed38-3570-481f-b4fa-1d0a6e8d3f3b/resourceGroups/Default-AzureBatch-WestUS/providers/Microsoft.Batch/batchAccounts/jaschneibatch\",\r\n      \"name\": \"jaschneibatch\",\r\n      \"type\": \"Microsoft.Batch/batchAccounts\",\r\n      \"location\": \"westus\"\r\n    },\r\n    {\r\n      \"id\": \"/subscriptions/6368ed38-3570-481f-b4fa-1d0a6e8d3f3b/resourceGroups/test-list-job/providers/Microsoft.Batch/batchAccounts/testlistjob\",\r\n      \"name\": \"testlistjob\",\r\n      \"type\": \"Microsoft.Batch/batchAccounts\",\r\n      \"location\": \"eastus\"\r\n    }\r\n  ]\r\n}",
      "ResponseHeaders": {
        "Content-Length": [
          "747"
        ],
        "Content-Type": [
          "application/json; charset=utf-8"
        ],
        "Expires": [
          "-1"
        ],
        "Pragma": [
          "no-cache"
        ],
        "x-ms-ratelimit-remaining-subscription-reads": [
          "31979"
        ],
        "x-ms-request-id": [
          "bd9dc902-ed4a-4c3b-b404-f7490b1b5c36"
        ],
        "x-ms-correlation-request-id": [
          "bd9dc902-ed4a-4c3b-b404-f7490b1b5c36"
        ],
        "x-ms-routing-request-id": [
          "WESTUS:20150304T225712Z:bd9dc902-ed4a-4c3b-b404-f7490b1b5c36"
        ],
        "Strict-Transport-Security": [
          "max-age=31536000; includeSubDomains"
        ],
        "Cache-Control": [
          "no-cache"
        ],
        "Date": [
          "Wed, 04 Mar 2015 22:57:11 GMT"
        ]
      },
      "StatusCode": 200
    },
    {
      "RequestUri": "/subscriptions/6368ed38-3570-481f-b4fa-1d0a6e8d3f3b/resourceGroups/test-list-job/providers/Microsoft.Batch/batchAccounts/testlistjob?api-version=2014-05-01-privatepreview",
      "EncodedRequestUri": "L3N1YnNjcmlwdGlvbnMvNjM2OGVkMzgtMzU3MC00ODFmLWI0ZmEtMWQwYTZlOGQzZjNiL3Jlc291cmNlR3JvdXBzL3Rlc3QtbGlzdC1qb2IvcHJvdmlkZXJzL01pY3Jvc29mdC5CYXRjaC9iYXRjaEFjY291bnRzL3Rlc3RsaXN0am9iP2FwaS12ZXJzaW9uPTIwMTQtMDUtMDEtcHJpdmF0ZXByZXZpZXc=",
      "RequestMethod": "GET",
      "RequestBody": "",
      "RequestHeaders": {
        "x-ms-version": [
          "2014-05-01-privatepreview"
        ],
        "User-Agent": [
          "Microsoft.Azure.Management.Batch.BatchManagementClient/1.0.0.0"
        ]
      },
      "ResponseBody": "{\r\n  \"name\": \"testlistjob\",\r\n  \"location\": \"eastus\",\r\n  \"properties\": {\r\n    \"accountEndpoint\": \"testlistjob.batch.core.windows.net\",\r\n    \"provisioningState\": \"Succeeded\"\r\n  },\r\n  \"id\": \"/subscriptions/6368ed38-3570-481f-b4fa-1d0a6e8d3f3b/resourceGroups/test-list-job/providers/Microsoft.Batch/batchAccounts/testlistjob\",\r\n  \"type\": \"Microsoft.Batch/batchAccounts\"\r\n}",
      "ResponseHeaders": {
        "Content-Length": [
          "323"
        ],
        "Content-Type": [
          "application/json; charset=utf-8"
        ],
        "Expires": [
          "-1"
        ],
        "Last-Modified": [
          "Wed, 04 Mar 2015 22:57:12 GMT"
        ],
        "Pragma": [
          "no-cache"
        ],
        "request-id": [
          "ea90deed-b568-48a8-9859-b3155f2b4eb6"
        ],
        "Strict-Transport-Security": [
          "max-age=31536000; includeSubDomains"
        ],
        "x-ms-ratelimit-remaining-subscription-reads": [
          "31981"
        ],
        "x-ms-request-id": [
          "78eb1335-d96c-403a-ad8e-3eae3a6730e3"
        ],
        "x-ms-correlation-request-id": [
          "78eb1335-d96c-403a-ad8e-3eae3a6730e3"
        ],
        "x-ms-routing-request-id": [
          "WESTUS:20150304T225713Z:78eb1335-d96c-403a-ad8e-3eae3a6730e3"
        ],
        "Cache-Control": [
          "no-cache"
        ],
        "Date": [
          "Wed, 04 Mar 2015 22:57:12 GMT"
        ],
        "ETag": [
          "0x8D224E5AF904073"
        ],
        "Server": [
          "Microsoft-HTTPAPI/2.0"
        ]
      },
      "StatusCode": 200
    },
    {
      "RequestUri": "/workitems/testWorkItem/jobs?api-version=2014-10-01.1.0",
      "EncodedRequestUri": "L3dvcmtpdGVtcy90ZXN0V29ya0l0ZW0vam9icz9hcGktdmVyc2lvbj0yMDE0LTEwLTAxLjEuMA==",
      "RequestMethod": "GET",
      "RequestBody": "",
      "RequestHeaders": {
        "User-Agent": [
          "WA-Batch/1.0"
        ],
        "client-request-id": [
          "355dce36-e7b7-4e56-b00f-19cf81cfb749"
        ],
        "return-client-request-id": [
          "False"
        ],
        "ocp-date": [
          "Wed, 04 Mar 2015 22:57:13 GMT"
        ]
      },
      "ResponseBody": "{\r\n  \"odata.metadata\": \"https://testlistjob.batch.core.windows.net/$metadata#jobs\",\r\n  \"value\": [\r\n    {\r\n      \"name\": \"job-0000000002\",\r\n      \"url\": \"https://testlistjob.batch.core.windows.net/workitems/testWorkItem/jobs/job-0000000002\",\r\n      \"eTag\": \"0x8D224E5AE064264\",\r\n      \"lastModified\": \"2015-03-04T22:57:09.8417764Z\",\r\n      \"creationTime\": \"2015-03-04T22:57:09.8177703Z\",\r\n      \"state\": \"active\",\r\n      \"stateTransitionTime\": \"2015-03-04T22:57:09.8417764Z\",\r\n      \"poolName\": \"testPool\",\r\n      \"executionInfo\": {\r\n        \"startTime\": \"2015-03-04T22:57:09.8417764Z\"\r\n      }\r\n    },\r\n    {\r\n      \"name\": \"job-0000000001\",\r\n      \"url\": \"https://testlistjob.batch.core.windows.net/workitems/testWorkItem/jobs/job-0000000001\",\r\n      \"eTag\": \"0x8D224E58AE9AD62\",\r\n      \"lastModified\": \"2015-03-04T22:56:10.934205Z\",\r\n      \"creationTime\": \"2015-03-04T22:56:09.8509767Z\",\r\n      \"state\": \"completed\",\r\n      \"stateTransitionTime\": \"2015-03-04T22:56:10.9668348Z\",\r\n      \"previousState\": \"active\",\r\n      \"previousStateTransitionTime\": \"2015-03-04T22:56:09.8883137Z\",\r\n      \"poolName\": \"testPool\",\r\n      \"executionInfo\": {\r\n        \"startTime\": \"2015-03-04T22:56:09.8883137Z\",\r\n        \"endTime\": \"2015-03-04T22:56:10.9668348Z\",\r\n        \"terminateReason\": \"UserTerminate\"\r\n      }\r\n    }\r\n  ]\r\n}",
      "ResponseHeaders": {
        "Content-Type": [
          "application/json; odata=minimalmetadata"
        ],
        "Transfer-Encoding": [
          "chunked"
        ],
        "request-id": [
          "3283fd5e-628c-48a8-a9ae-6fa47ab59d92"
        ],
        "Strict-Transport-Security": [
          "max-age=31536000; includeSubDomains"
        ],
        "DataServiceVersion": [
          "3.0"
        ],
        "Date": [
          "Wed, 04 Mar 2015 22:57:12 GMT"
        ],
        "Server": [
          "Microsoft-HTTPAPI/2.0"
        ]
      },
      "StatusCode": 200
    },
    {
      "RequestUri": "/workitems/testWorkItem/jobs?api-version=2014-10-01.1.0",
      "EncodedRequestUri": "L3dvcmtpdGVtcy90ZXN0V29ya0l0ZW0vam9icz9hcGktdmVyc2lvbj0yMDE0LTEwLTAxLjEuMA==",
      "RequestMethod": "GET",
      "RequestBody": "",
      "RequestHeaders": {
        "User-Agent": [
          "WA-Batch/1.0"
        ],
        "client-request-id": [
          "c6e62a74-0d76-4a89-9743-fbdba472e80f"
        ],
        "return-client-request-id": [
          "False"
        ],
        "ocp-date": [
          "Wed, 04 Mar 2015 22:57:13 GMT"
        ]
      },
      "ResponseBody": "{\r\n  \"odata.metadata\": \"https://testlistjob.batch.core.windows.net/$metadata#jobs\",\r\n  \"value\": [\r\n    {\r\n      \"name\": \"job-0000000002\",\r\n      \"url\": \"https://testlistjob.batch.core.windows.net/workitems/testWorkItem/jobs/job-0000000002\",\r\n      \"eTag\": \"0x8D224E5AE064264\",\r\n      \"lastModified\": \"2015-03-04T22:57:09.8417764Z\",\r\n      \"creationTime\": \"2015-03-04T22:57:09.8177703Z\",\r\n      \"state\": \"active\",\r\n      \"stateTransitionTime\": \"2015-03-04T22:57:09.8417764Z\",\r\n      \"poolName\": \"testPool\",\r\n      \"executionInfo\": {\r\n        \"startTime\": \"2015-03-04T22:57:09.8417764Z\"\r\n      }\r\n    },\r\n    {\r\n      \"name\": \"job-0000000001\",\r\n      \"url\": \"https://testlistjob.batch.core.windows.net/workitems/testWorkItem/jobs/job-0000000001\",\r\n      \"eTag\": \"0x8D224E58AE9AD62\",\r\n      \"lastModified\": \"2015-03-04T22:56:10.934205Z\",\r\n      \"creationTime\": \"2015-03-04T22:56:09.8509767Z\",\r\n      \"state\": \"completed\",\r\n      \"stateTransitionTime\": \"2015-03-04T22:56:10.9668348Z\",\r\n      \"previousState\": \"active\",\r\n      \"previousStateTransitionTime\": \"2015-03-04T22:56:09.8883137Z\",\r\n      \"poolName\": \"testPool\",\r\n      \"executionInfo\": {\r\n        \"startTime\": \"2015-03-04T22:56:09.8883137Z\",\r\n        \"endTime\": \"2015-03-04T22:56:10.9668348Z\",\r\n        \"terminateReason\": \"UserTerminate\"\r\n      }\r\n    }\r\n  ]\r\n}",
      "ResponseHeaders": {
        "Content-Type": [
          "application/json; odata=minimalmetadata"
        ],
        "Transfer-Encoding": [
          "chunked"
        ],
        "request-id": [
          "c40c867f-dac6-44b1-a288-4ea5a516dd7a"
        ],
        "Strict-Transport-Security": [
          "max-age=31536000; includeSubDomains"
        ],
        "DataServiceVersion": [
          "3.0"
        ],
        "Date": [
          "Wed, 04 Mar 2015 22:57:13 GMT"
        ],
        "Server": [
          "Microsoft-HTTPAPI/2.0"
        ]
      },
      "StatusCode": 200
    },
    {
      "RequestUri": "/workitems/testWorkItem?api-version=2014-10-01.1.0",
      "EncodedRequestUri": "L3dvcmtpdGVtcy90ZXN0V29ya0l0ZW0/YXBpLXZlcnNpb249MjAxNC0xMC0wMS4xLjA=",
      "RequestMethod": "DELETE",
      "RequestBody": "",
      "RequestHeaders": {
        "User-Agent": [
          "WA-Batch/1.0"
        ],
        "client-request-id": [
          "7c76f028-6586-498c-b434-9242c800ad0f"
        ],
        "return-client-request-id": [
          "False"
        ],
        "ocp-date": [
          "Wed, 04 Mar 2015 22:57:14 GMT"
        ]
      },
      "ResponseBody": "",
      "ResponseHeaders": {
        "Transfer-Encoding": [
          "chunked"
        ],
        "request-id": [
          "07b06e31-4f5d-48db-942a-e35daf12da3d"
        ],
        "Strict-Transport-Security": [
          "max-age=31536000; includeSubDomains"
        ],
        "DataServiceVersion": [
          "3.0"
        ],
        "Date": [
          "Wed, 04 Mar 2015 22:57:13 GMT"
        ],
        "Server": [
          "Microsoft-HTTPAPI/2.0"
        ]
      },
      "StatusCode": 202
    },
    {
      "RequestUri": "/subscriptions/6368ed38-3570-481f-b4fa-1d0a6e8d3f3b/resourceGroups/test-list-job/providers/Microsoft.Batch/batchAccounts/testlistjob?api-version=2014-05-01-privatepreview",
      "EncodedRequestUri": "L3N1YnNjcmlwdGlvbnMvNjM2OGVkMzgtMzU3MC00ODFmLWI0ZmEtMWQwYTZlOGQzZjNiL3Jlc291cmNlR3JvdXBzL3Rlc3QtbGlzdC1qb2IvcHJvdmlkZXJzL01pY3Jvc29mdC5CYXRjaC9iYXRjaEFjY291bnRzL3Rlc3RsaXN0am9iP2FwaS12ZXJzaW9uPTIwMTQtMDUtMDEtcHJpdmF0ZXByZXZpZXc=",
      "RequestMethod": "DELETE",
      "RequestBody": "",
      "RequestHeaders": {
        "User-Agent": [
          "Microsoft.Azure.Management.Batch.BatchManagementClient/1.0.0.0"
        ]
      },
      "ResponseBody": "",
      "ResponseHeaders": {
        "Content-Length": [
          "0"
        ],
        "Expires": [
          "-1"
        ],
        "Pragma": [
          "no-cache"
        ],
        "Retry-After": [
          "15"
        ],
        "request-id": [
          "39155378-7601-49a3-8a65-27e67f041c9b"
        ],
        "Strict-Transport-Security": [
          "max-age=31536000; includeSubDomains"
        ],
        "x-ms-ratelimit-remaining-subscription-writes": [
          "1183"
        ],
        "x-ms-request-id": [
          "34f9ea30-6294-45ae-9fec-05ec4a76ee37"
        ],
        "x-ms-correlation-request-id": [
          "34f9ea30-6294-45ae-9fec-05ec4a76ee37"
        ],
        "x-ms-routing-request-id": [
          "WESTUS:20150304T225717Z:34f9ea30-6294-45ae-9fec-05ec4a76ee37"
        ],
        "Cache-Control": [
          "no-cache"
        ],
        "Date": [
          "Wed, 04 Mar 2015 22:57:16 GMT"
        ],
        "Location": [
          "https://management.azure.com/subscriptions/6368ed38-3570-481f-b4fa-1d0a6e8d3f3b/resourceGroups/test-list-job/providers/Microsoft.Batch/batchAccounts/testlistjob/operationResults/39155378-7601-49a3-8a65-27e67f041c9b?api-version=2014-05-01-privatepreview"
        ],
        "Server": [
          "Microsoft-HTTPAPI/2.0"
        ]
      },
      "StatusCode": 202
    },
    {
      "RequestUri": "/subscriptions/6368ed38-3570-481f-b4fa-1d0a6e8d3f3b/resourceGroups/test-list-job/providers/Microsoft.Batch/batchAccounts/testlistjob/operationResults/39155378-7601-49a3-8a65-27e67f041c9b?api-version=2014-05-01-privatepreview",
      "EncodedRequestUri": "L3N1YnNjcmlwdGlvbnMvNjM2OGVkMzgtMzU3MC00ODFmLWI0ZmEtMWQwYTZlOGQzZjNiL3Jlc291cmNlR3JvdXBzL3Rlc3QtbGlzdC1qb2IvcHJvdmlkZXJzL01pY3Jvc29mdC5CYXRjaC9iYXRjaEFjY291bnRzL3Rlc3RsaXN0am9iL29wZXJhdGlvblJlc3VsdHMvMzkxNTUzNzgtNzYwMS00OWEzLThhNjUtMjdlNjdmMDQxYzliP2FwaS12ZXJzaW9uPTIwMTQtMDUtMDEtcHJpdmF0ZXByZXZpZXc=",
      "RequestMethod": "GET",
      "RequestBody": "",
      "RequestHeaders": {
        "x-ms-version": [
          "2014-05-01-privatepreview"
        ],
        "User-Agent": [
          "Microsoft.Azure.Management.Batch.BatchManagementClient/1.0.0.0"
        ]
      },
      "ResponseBody": "",
      "ResponseHeaders": {
        "Content-Length": [
          "0"
        ],
        "Expires": [
          "-1"
        ],
        "Pragma": [
          "no-cache"
        ],
        "Retry-After": [
          "15"
        ],
        "request-id": [
          "55cc66fc-934c-46bd-8a78-dd38e401eb4d"
        ],
        "Strict-Transport-Security": [
          "max-age=31536000; includeSubDomains"
        ],
        "x-ms-ratelimit-remaining-subscription-reads": [
          "31980"
        ],
        "x-ms-request-id": [
          "e95d689b-2045-4bcb-9b8e-4202cf0cfd5d"
        ],
        "x-ms-correlation-request-id": [
          "e95d689b-2045-4bcb-9b8e-4202cf0cfd5d"
        ],
        "x-ms-routing-request-id": [
          "WESTUS:20150304T225717Z:e95d689b-2045-4bcb-9b8e-4202cf0cfd5d"
        ],
        "Cache-Control": [
          "no-cache"
        ],
        "Date": [
          "Wed, 04 Mar 2015 22:57:16 GMT"
        ],
        "Location": [
          "https://management.azure.com/subscriptions/6368ed38-3570-481f-b4fa-1d0a6e8d3f3b/resourceGroups/test-list-job/providers/Microsoft.Batch/batchAccounts/testlistjob/operationResults/39155378-7601-49a3-8a65-27e67f041c9b?api-version=2014-05-01-privatepreview"
        ],
        "Server": [
          "Microsoft-HTTPAPI/2.0"
        ]
      },
      "StatusCode": 202
    },
    {
      "RequestUri": "/subscriptions/6368ed38-3570-481f-b4fa-1d0a6e8d3f3b/resourceGroups/test-list-job/providers/Microsoft.Batch/batchAccounts/testlistjob/operationResults/39155378-7601-49a3-8a65-27e67f041c9b?api-version=2014-05-01-privatepreview",
      "EncodedRequestUri": "L3N1YnNjcmlwdGlvbnMvNjM2OGVkMzgtMzU3MC00ODFmLWI0ZmEtMWQwYTZlOGQzZjNiL3Jlc291cmNlR3JvdXBzL3Rlc3QtbGlzdC1qb2IvcHJvdmlkZXJzL01pY3Jvc29mdC5CYXRjaC9iYXRjaEFjY291bnRzL3Rlc3RsaXN0am9iL29wZXJhdGlvblJlc3VsdHMvMzkxNTUzNzgtNzYwMS00OWEzLThhNjUtMjdlNjdmMDQxYzliP2FwaS12ZXJzaW9uPTIwMTQtMDUtMDEtcHJpdmF0ZXByZXZpZXc=",
      "RequestMethod": "GET",
      "RequestBody": "",
      "RequestHeaders": {
        "x-ms-version": [
          "2014-05-01-privatepreview"
        ],
        "User-Agent": [
          "Microsoft.Azure.Management.Batch.BatchManagementClient/1.0.0.0"
        ]
      },
      "ResponseBody": "",
      "ResponseHeaders": {
        "Content-Length": [
          "0"
        ],
        "Expires": [
          "-1"
        ],
        "Last-Modified": [
          "Wed, 04 Mar 2015 22:57:32 GMT"
        ],
        "Pragma": [
          "no-cache"
        ],
        "request-id": [
          "bfcb0838-50db-4fad-9e31-c5a772ff61f1"
        ],
        "Strict-Transport-Security": [
          "max-age=31536000; includeSubDomains"
        ],
        "x-ms-ratelimit-remaining-subscription-reads": [
          "31979"
        ],
        "x-ms-request-id": [
          "34cba33f-98fb-4f46-8a47-03c479f09871"
        ],
        "x-ms-correlation-request-id": [
          "34cba33f-98fb-4f46-8a47-03c479f09871"
        ],
        "x-ms-routing-request-id": [
          "WESTUS:20150304T225732Z:34cba33f-98fb-4f46-8a47-03c479f09871"
        ],
        "Cache-Control": [
          "no-cache"
        ],
        "Date": [
          "Wed, 04 Mar 2015 22:57:31 GMT"
        ],
        "ETag": [
          "0x8D224E5BB44B673"
        ],
        "Server": [
          "Microsoft-HTTPAPI/2.0"
        ]
      },
      "StatusCode": 200
    },
    {
      "RequestUri": "/subscriptions/6368ed38-3570-481f-b4fa-1d0a6e8d3f3b/resourcegroups/test-list-job?api-version=2014-04-01-preview",
      "EncodedRequestUri": "L3N1YnNjcmlwdGlvbnMvNjM2OGVkMzgtMzU3MC00ODFmLWI0ZmEtMWQwYTZlOGQzZjNiL3Jlc291cmNlZ3JvdXBzL3Rlc3QtbGlzdC1qb2I/YXBpLXZlcnNpb249MjAxNC0wNC0wMS1wcmV2aWV3",
      "RequestMethod": "DELETE",
      "RequestBody": "",
      "RequestHeaders": {
        "User-Agent": [
          "Microsoft.Azure.Management.Resources.ResourceManagementClient/2.0.0.0"
        ]
      },
      "ResponseBody": "",
      "ResponseHeaders": {
        "Content-Length": [
          "0"
        ],
        "Expires": [
          "-1"
        ],
        "Pragma": [
          "no-cache"
        ],
        "Retry-After": [
          "15"
        ],
        "x-ms-ratelimit-remaining-subscription-writes": [
          "1186"
        ],
        "x-ms-request-id": [
          "62e524fa-6091-4d47-b1ac-76cd753062a7"
        ],
        "x-ms-correlation-request-id": [
          "62e524fa-6091-4d47-b1ac-76cd753062a7"
        ],
        "x-ms-routing-request-id": [
          "WESTUS:20150304T225733Z:62e524fa-6091-4d47-b1ac-76cd753062a7"
        ],
        "Strict-Transport-Security": [
          "max-age=31536000; includeSubDomains"
        ],
        "Cache-Control": [
          "no-cache"
        ],
        "Date": [
          "Wed, 04 Mar 2015 22:57:32 GMT"
        ],
        "Location": [
          "https://management.azure.com/subscriptions/6368ed38-3570-481f-b4fa-1d0a6e8d3f3b/operationresults/eyJqb2JJZCI6IlJFU09VUkNFR1JPVVBERUxFVElPTkpPQi1URVNUOjJETElTVDoyREpPQi1FQVNUVVMiLCJqb2JMb2NhdGlvbiI6ImVhc3R1cyJ9?api-version=2014-04-01-preview"
        ]
      },
      "StatusCode": 202
    },
    {
      "RequestUri": "/subscriptions/6368ed38-3570-481f-b4fa-1d0a6e8d3f3b/operationresults/eyJqb2JJZCI6IlJFU09VUkNFR1JPVVBERUxFVElPTkpPQi1URVNUOjJETElTVDoyREpPQi1FQVNUVVMiLCJqb2JMb2NhdGlvbiI6ImVhc3R1cyJ9?api-version=2014-04-01-preview",
      "EncodedRequestUri": "L3N1YnNjcmlwdGlvbnMvNjM2OGVkMzgtMzU3MC00ODFmLWI0ZmEtMWQwYTZlOGQzZjNiL29wZXJhdGlvbnJlc3VsdHMvZXlKcWIySkpaQ0k2SWxKRlUwOVZVa05GUjFKUFZWQkVSVXhGVkVsUFRrcFBRaTFVUlZOVU9qSkVURWxUVkRveVJFcFBRaTFGUVZOVVZWTWlMQ0pxYjJKTWIyTmhkR2x2YmlJNkltVmhjM1IxY3lKOT9hcGktdmVyc2lvbj0yMDE0LTA0LTAxLXByZXZpZXc=",
      "RequestMethod": "GET",
      "RequestBody": "",
      "RequestHeaders": {
        "x-ms-version": [
          "2014-04-01-preview"
        ],
        "User-Agent": [
          "Microsoft.Azure.Management.Resources.ResourceManagementClient/2.0.0.0"
        ]
      },
      "ResponseBody": "",
      "ResponseHeaders": {
        "Content-Length": [
          "0"
        ],
        "Expires": [
          "-1"
        ],
        "Pragma": [
          "no-cache"
        ],
        "Retry-After": [
          "15"
        ],
        "x-ms-ratelimit-remaining-subscription-reads": [
          "31978"
        ],
        "x-ms-request-id": [
          "0b77ab00-0ef1-42cc-825a-7e81125d4be9"
        ],
        "x-ms-correlation-request-id": [
          "0b77ab00-0ef1-42cc-825a-7e81125d4be9"
        ],
        "x-ms-routing-request-id": [
          "WESTUS:20150304T225733Z:0b77ab00-0ef1-42cc-825a-7e81125d4be9"
        ],
        "Strict-Transport-Security": [
          "max-age=31536000; includeSubDomains"
        ],
        "Cache-Control": [
          "no-cache"
        ],
        "Date": [
          "Wed, 04 Mar 2015 22:57:33 GMT"
        ],
        "Location": [
          "https://management.azure.com/subscriptions/6368ed38-3570-481f-b4fa-1d0a6e8d3f3b/operationresults/eyJqb2JJZCI6IlJFU09VUkNFR1JPVVBERUxFVElPTkpPQi1URVNUOjJETElTVDoyREpPQi1FQVNUVVMiLCJqb2JMb2NhdGlvbiI6ImVhc3R1cyJ9?api-version=2014-04-01-preview"
        ]
      },
      "StatusCode": 202
    },
    {
      "RequestUri": "/subscriptions/6368ed38-3570-481f-b4fa-1d0a6e8d3f3b/operationresults/eyJqb2JJZCI6IlJFU09VUkNFR1JPVVBERUxFVElPTkpPQi1URVNUOjJETElTVDoyREpPQi1FQVNUVVMiLCJqb2JMb2NhdGlvbiI6ImVhc3R1cyJ9?api-version=2014-04-01-preview",
      "EncodedRequestUri": "L3N1YnNjcmlwdGlvbnMvNjM2OGVkMzgtMzU3MC00ODFmLWI0ZmEtMWQwYTZlOGQzZjNiL29wZXJhdGlvbnJlc3VsdHMvZXlKcWIySkpaQ0k2SWxKRlUwOVZVa05GUjFKUFZWQkVSVXhGVkVsUFRrcFBRaTFVUlZOVU9qSkVURWxUVkRveVJFcFBRaTFGUVZOVVZWTWlMQ0pxYjJKTWIyTmhkR2x2YmlJNkltVmhjM1IxY3lKOT9hcGktdmVyc2lvbj0yMDE0LTA0LTAxLXByZXZpZXc=",
      "RequestMethod": "GET",
      "RequestBody": "",
      "RequestHeaders": {
        "x-ms-version": [
          "2014-04-01-preview"
        ],
        "User-Agent": [
          "Microsoft.Azure.Management.Resources.ResourceManagementClient/2.0.0.0"
        ]
      },
      "ResponseBody": "",
      "ResponseHeaders": {
        "Content-Length": [
          "0"
        ],
        "Expires": [
          "-1"
        ],
        "Pragma": [
          "no-cache"
        ],
        "Retry-After": [
          "15"
        ],
        "x-ms-ratelimit-remaining-subscription-reads": [
          "31977"
        ],
        "x-ms-request-id": [
          "25392397-537c-4260-93d3-74a352526785"
        ],
        "x-ms-correlation-request-id": [
          "25392397-537c-4260-93d3-74a352526785"
        ],
        "x-ms-routing-request-id": [
          "WESTUS:20150304T225749Z:25392397-537c-4260-93d3-74a352526785"
        ],
        "Strict-Transport-Security": [
          "max-age=31536000; includeSubDomains"
        ],
        "Cache-Control": [
          "no-cache"
        ],
        "Date": [
          "Wed, 04 Mar 2015 22:57:48 GMT"
        ],
        "Location": [
          "https://management.azure.com/subscriptions/6368ed38-3570-481f-b4fa-1d0a6e8d3f3b/operationresults/eyJqb2JJZCI6IlJFU09VUkNFR1JPVVBERUxFVElPTkpPQi1URVNUOjJETElTVDoyREpPQi1FQVNUVVMiLCJqb2JMb2NhdGlvbiI6ImVhc3R1cyJ9?api-version=2014-04-01-preview"
        ]
      },
      "StatusCode": 202
    },
    {
      "RequestUri": "/subscriptions/6368ed38-3570-481f-b4fa-1d0a6e8d3f3b/operationresults/eyJqb2JJZCI6IlJFU09VUkNFR1JPVVBERUxFVElPTkpPQi1URVNUOjJETElTVDoyREpPQi1FQVNUVVMiLCJqb2JMb2NhdGlvbiI6ImVhc3R1cyJ9?api-version=2014-04-01-preview",
      "EncodedRequestUri": "L3N1YnNjcmlwdGlvbnMvNjM2OGVkMzgtMzU3MC00ODFmLWI0ZmEtMWQwYTZlOGQzZjNiL29wZXJhdGlvbnJlc3VsdHMvZXlKcWIySkpaQ0k2SWxKRlUwOVZVa05GUjFKUFZWQkVSVXhGVkVsUFRrcFBRaTFVUlZOVU9qSkVURWxUVkRveVJFcFBRaTFGUVZOVVZWTWlMQ0pxYjJKTWIyTmhkR2x2YmlJNkltVmhjM1IxY3lKOT9hcGktdmVyc2lvbj0yMDE0LTA0LTAxLXByZXZpZXc=",
      "RequestMethod": "GET",
      "RequestBody": "",
      "RequestHeaders": {
        "x-ms-version": [
          "2014-04-01-preview"
        ],
        "User-Agent": [
          "Microsoft.Azure.Management.Resources.ResourceManagementClient/2.0.0.0"
        ]
      },
      "ResponseBody": "",
      "ResponseHeaders": {
        "Content-Length": [
          "0"
        ],
        "Expires": [
          "-1"
        ],
        "Pragma": [
          "no-cache"
        ],
        "Retry-After": [
          "15"
        ],
        "x-ms-ratelimit-remaining-subscription-reads": [
          "31976"
        ],
        "x-ms-request-id": [
          "25e423d5-8a3a-42aa-b469-7c87aba02d98"
        ],
        "x-ms-correlation-request-id": [
          "25e423d5-8a3a-42aa-b469-7c87aba02d98"
        ],
        "x-ms-routing-request-id": [
          "WESTUS:20150304T225804Z:25e423d5-8a3a-42aa-b469-7c87aba02d98"
        ],
        "Strict-Transport-Security": [
          "max-age=31536000; includeSubDomains"
        ],
        "Cache-Control": [
          "no-cache"
        ],
        "Date": [
          "Wed, 04 Mar 2015 22:58:03 GMT"
        ],
        "Location": [
          "https://management.azure.com/subscriptions/6368ed38-3570-481f-b4fa-1d0a6e8d3f3b/operationresults/eyJqb2JJZCI6IlJFU09VUkNFR1JPVVBERUxFVElPTkpPQi1URVNUOjJETElTVDoyREpPQi1FQVNUVVMiLCJqb2JMb2NhdGlvbiI6ImVhc3R1cyJ9?api-version=2014-04-01-preview"
        ]
      },
      "StatusCode": 202
    },
    {
      "RequestUri": "/subscriptions/6368ed38-3570-481f-b4fa-1d0a6e8d3f3b/operationresults/eyJqb2JJZCI6IlJFU09VUkNFR1JPVVBERUxFVElPTkpPQi1URVNUOjJETElTVDoyREpPQi1FQVNUVVMiLCJqb2JMb2NhdGlvbiI6ImVhc3R1cyJ9?api-version=2014-04-01-preview",
      "EncodedRequestUri": "L3N1YnNjcmlwdGlvbnMvNjM2OGVkMzgtMzU3MC00ODFmLWI0ZmEtMWQwYTZlOGQzZjNiL29wZXJhdGlvbnJlc3VsdHMvZXlKcWIySkpaQ0k2SWxKRlUwOVZVa05GUjFKUFZWQkVSVXhGVkVsUFRrcFBRaTFVUlZOVU9qSkVURWxUVkRveVJFcFBRaTFGUVZOVVZWTWlMQ0pxYjJKTWIyTmhkR2x2YmlJNkltVmhjM1IxY3lKOT9hcGktdmVyc2lvbj0yMDE0LTA0LTAxLXByZXZpZXc=",
      "RequestMethod": "GET",
      "RequestBody": "",
      "RequestHeaders": {
        "x-ms-version": [
          "2014-04-01-preview"
        ],
        "User-Agent": [
          "Microsoft.Azure.Management.Resources.ResourceManagementClient/2.0.0.0"
        ]
      },
      "ResponseBody": "",
      "ResponseHeaders": {
        "Content-Length": [
          "0"
        ],
        "Expires": [
          "-1"
        ],
        "Pragma": [
          "no-cache"
        ],
        "x-ms-ratelimit-remaining-subscription-reads": [
          "31975"
        ],
        "x-ms-request-id": [
          "553cf142-28cf-48cf-9098-a218321ce064"
        ],
        "x-ms-correlation-request-id": [
          "553cf142-28cf-48cf-9098-a218321ce064"
        ],
        "x-ms-routing-request-id": [
          "WESTUS:20150304T225819Z:553cf142-28cf-48cf-9098-a218321ce064"
        ],
        "Strict-Transport-Security": [
          "max-age=31536000; includeSubDomains"
        ],
        "Cache-Control": [
          "no-cache"
        ],
        "Date": [
          "Wed, 04 Mar 2015 22:58:19 GMT"
        ]
      },
      "StatusCode": 200
    }
  ],
  "Names": {},
  "Variables": {
    "SubscriptionId": "6368ed38-3570-481f-b4fa-1d0a6e8d3f3b"
  }
}