{
  "Entries": [
    {
      "RequestUri": "/pools?api-version=2024-02-01.19.0",
      "EncodedRequestUri": "L3Bvb2xzP2FwaS12ZXJzaW9uPTIwMjQtMDItMDEuMTkuMA==",
      "RequestMethod": "POST",
      "RequestHeaders": {
        "Accept-Language": [
          "en-US"
        ],
        "client-request-id": [
          "8cdc5996-d044-45bd-b0c3-0a2a39925f08"
        ],
        "ocp-date": [
          "Thu, 11 Sep 2025 23:16:09 GMT"
        ],
        "User-Agent": [
          "FxVersion/8.0.2025.41914",
          "OSName/Windows",
          "OSVersion/Microsoft.Windows.10.0.26100",
          "Microsoft.Azure.Batch.Protocol.BatchServiceClient/16.200.24.12902",
          "AzurePowershell/Az1.0.0"
        ],
        "Content-Type": [
          "application/json; odata=minimalmetadata; charset=utf-8"
        ],
        "Content-Length": [
          "531"
        ]
      },
      "RequestBody": "{\r\n  \"id\": \"testPool\",\r\n  \"vmSize\": \"STANDARD_D2S_V3\",\r\n  \"virtualMachineConfiguration\": {\r\n    \"imageReference\": {\r\n      \"publisher\": \"canonical\",\r\n      \"offer\": \"0001-com-ubuntu-server-focal\",\r\n      \"sku\": \"20_04-lts\"\r\n    },\r\n    \"nodeAgentSKUId\": \"batch.node.ubuntu 20.04\",\r\n    \"nodePlacementConfiguration\": {\r\n      \"policy\": \"zonal\"\r\n    }\r\n  },\r\n  \"targetDedicatedNodes\": 2,\r\n  \"targetLowPriorityNodes\": 0,\r\n  \"enableInterNodeCommunication\": true,\r\n  \"taskSlotsPerNode\": 1,\r\n  \"targetNodeCommunicationMode\": \"default\"\r\n}",
      "ResponseHeaders": {
        "Server": [
          "Microsoft-HTTPAPI/2.0"
        ],
        "request-id": [
          "89d3bc5d-b8e7-4cc1-ae4d-f32b910af0da"
        ],
        "Strict-Transport-Security": [
          "max-age=31536000; includeSubDomains"
        ],
        "X-Content-Type-Options": [
          "nosniff"
        ],
        "DataServiceVersion": [
          "3.0"
        ],
        "Date": [
          "Thu, 11 Sep 2025 23:16:09 GMT"
        ],
        "Content-Length": [
          "342"
        ],
        "Content-Type": [
          "application/json; odata=minimalmetadata"
        ]
      },
      "ResponseBody": "{\r\n  \"odata.metadata\": \"https://dotnotsdkbatchaccount2.eastus2.batch.azure.com/$metadata#Microsoft.Azure.Batch.Protocol.Entities.Container.errors/@Element\",\r\n  \"code\": \"PoolExists\",\r\n  \"message\": {\r\n    \"lang\": \"en-US\",\r\n    \"value\": \"The specified pool already exists.\\nRequestId:89d3bc5d-b8e7-4cc1-ae4d-f32b910af0da\\nTime:2025-09-11T23:16:09.9370655Z\"\r\n  }\r\n}",
      "StatusCode": 409
    },
    {
      "RequestUri": "/pools?api-version=2024-02-01.19.0",
      "EncodedRequestUri": "L3Bvb2xzP2FwaS12ZXJzaW9uPTIwMjQtMDItMDEuMTkuMA==",
      "RequestMethod": "POST",
      "RequestHeaders": {
        "Accept-Language": [
          "en-US"
        ],
        "client-request-id": [
          "45151947-e4df-414e-811d-4d390e995c9d"
        ],
        "ocp-date": [
          "Thu, 11 Sep 2025 23:16:10 GMT"
        ],
        "User-Agent": [
          "FxVersion/8.0.2025.41914",
          "OSName/Windows",
          "OSVersion/Microsoft.Windows.10.0.26100",
          "Microsoft.Azure.Batch.Protocol.BatchServiceClient/16.200.24.12902",
          "AzurePowershell/Az1.0.0"
        ],
        "Content-Type": [
          "application/json; odata=minimalmetadata; charset=utf-8"
        ],
        "Content-Length": [
          "532"
        ]
      },
      "RequestBody": "{\r\n  \"id\": \"testPool2\",\r\n  \"vmSize\": \"STANDARD_D2S_V3\",\r\n  \"virtualMachineConfiguration\": {\r\n    \"imageReference\": {\r\n      \"publisher\": \"canonical\",\r\n      \"offer\": \"0001-com-ubuntu-server-focal\",\r\n      \"sku\": \"20_04-lts\"\r\n    },\r\n    \"nodeAgentSKUId\": \"batch.node.ubuntu 20.04\",\r\n    \"nodePlacementConfiguration\": {\r\n      \"policy\": \"zonal\"\r\n    }\r\n  },\r\n  \"targetDedicatedNodes\": 2,\r\n  \"targetLowPriorityNodes\": 0,\r\n  \"enableInterNodeCommunication\": true,\r\n  \"taskSlotsPerNode\": 1,\r\n  \"targetNodeCommunicationMode\": \"default\"\r\n}",
      "ResponseHeaders": {
        "Server": [
          "Microsoft-HTTPAPI/2.0"
        ],
        "request-id": [
          "46048655-1464-4a68-b069-7216e8a53d20"
        ],
        "Strict-Transport-Security": [
          "max-age=31536000; includeSubDomains"
        ],
        "X-Content-Type-Options": [
          "nosniff"
        ],
        "DataServiceVersion": [
          "3.0"
        ],
        "Date": [
          "Thu, 11 Sep 2025 23:16:09 GMT"
        ],
        "Content-Length": [
          "342"
        ],
        "Content-Type": [
          "application/json; odata=minimalmetadata"
        ]
      },
      "ResponseBody": "{\r\n  \"odata.metadata\": \"https://dotnotsdkbatchaccount2.eastus2.batch.azure.com/$metadata#Microsoft.Azure.Batch.Protocol.Entities.Container.errors/@Element\",\r\n  \"code\": \"PoolExists\",\r\n  \"message\": {\r\n    \"lang\": \"en-US\",\r\n    \"value\": \"The specified pool already exists.\\nRequestId:46048655-1464-4a68-b069-7216e8a53d20\\nTime:2025-09-11T23:16:10.3050680Z\"\r\n  }\r\n}",
      "StatusCode": 409
    },
    {
      "RequestUri": "/pools/testPool?api-version=2024-02-01.19.0",
      "EncodedRequestUri": "L3Bvb2xzL3Rlc3RQb29sP2FwaS12ZXJzaW9uPTIwMjQtMDItMDEuMTkuMA==",
      "RequestMethod": "GET",
      "RequestHeaders": {
        "Accept-Language": [
          "en-US"
        ],
        "client-request-id": [
          "815f96a0-9e43-4e25-b1f5-7e368300e804"
        ],
        "ocp-date": [
          "Thu, 11 Sep 2025 23:16:09 GMT"
        ],
        "User-Agent": [
          "FxVersion/8.0.2025.41914",
          "OSName/Windows",
          "OSVersion/Microsoft.Windows.10.0.26100",
          "Microsoft.Azure.Batch.Protocol.BatchServiceClient/16.200.24.12902",
          "AzurePowershell/Az1.0.0"
        ]
      },
      "RequestBody": "",
      "ResponseHeaders": {
        "Transfer-Encoding": [
          "chunked"
        ],
        "ETag": [
          "0x8DDF187F2E2D964"
        ],
        "Server": [
          "Microsoft-HTTPAPI/2.0"
        ],
        "request-id": [
          "683b5093-488e-491b-b30a-01f38cacc737"
        ],
        "Strict-Transport-Security": [
          "max-age=31536000; includeSubDomains"
        ],
        "X-Content-Type-Options": [
          "nosniff"
        ],
        "DataServiceVersion": [
          "3.0"
        ],
        "Date": [
          "Thu, 11 Sep 2025 23:16:09 GMT"
        ],
        "Content-Type": [
          "application/json; odata=minimalmetadata"
        ],
        "Last-Modified": [
          "Thu, 11 Sep 2025 23:07:15 GMT"
        ]
      },
      "ResponseBody": "{\r\n  \"odata.metadata\": \"https://dotnotsdkbatchaccount2.eastus2.batch.azure.com/$metadata#pools/@Element\",\r\n  \"id\": \"testPool\",\r\n  \"url\": \"https://dotnotsdkbatchaccount2.eastus2.batch.azure.com/pools/testPool\",\r\n  \"eTag\": \"0x8DDF187F2E2D964\",\r\n  \"lastModified\": \"2025-09-11T23:07:15.43105Z\",\r\n  \"creationTime\": \"2025-09-11T23:07:15.4310489Z\",\r\n  \"state\": \"active\",\r\n  \"stateTransitionTime\": \"2025-09-11T23:07:15.4310489Z\",\r\n  \"allocationState\": \"steady\",\r\n  \"allocationStateTransitionTime\": \"2025-09-11T23:08:08.0132508Z\",\r\n  \"vmSize\": \"standard_d2s_v3\",\r\n  \"resizeTimeout\": \"PT15M\",\r\n  \"currentDedicatedNodes\": 2,\r\n  \"targetDedicatedNodes\": 2,\r\n  \"currentLowPriorityNodes\": 0,\r\n  \"targetLowPriorityNodes\": 0,\r\n  \"enableAutoScale\": false,\r\n  \"enableInterNodeCommunication\": true,\r\n  \"certificateReferences\": [],\r\n  \"taskSlotsPerNode\": 1,\r\n  \"taskSchedulingPolicy\": {\r\n    \"nodeFillType\": \"Spread\"\r\n  },\r\n  \"virtualMachineConfiguration\": {\r\n    \"imageReference\": {\r\n      \"publisher\": \"canonical\",\r\n      \"offer\": \"0001-com-ubuntu-server-focal\",\r\n      \"sku\": \"20_04-lts\",\r\n      \"version\": \"latest\"\r\n    },\r\n    \"nodeAgentSKUId\": \"batch.node.ubuntu 20.04\",\r\n    \"nodePlacementConfiguration\": {\r\n      \"policy\": \"Zonal\"\r\n    }\r\n  },\r\n  \"targetNodeCommunicationMode\": \"default\",\r\n  \"currentNodeCommunicationMode\": \"simplified\"\r\n}",
      "StatusCode": 200
    },
    {
      "RequestUri": "/pools/testPool2?api-version=2024-02-01.19.0",
      "EncodedRequestUri": "L3Bvb2xzL3Rlc3RQb29sMj9hcGktdmVyc2lvbj0yMDI0LTAyLTAxLjE5LjA=",
      "RequestMethod": "GET",
      "RequestHeaders": {
        "Accept-Language": [
          "en-US"
        ],
        "client-request-id": [
          "fcfa616c-8c66-4448-8a4a-33eedb116fc6"
        ],
        "ocp-date": [
          "Thu, 11 Sep 2025 23:16:10 GMT"
        ],
        "User-Agent": [
          "FxVersion/8.0.2025.41914",
          "OSName/Windows",
          "OSVersion/Microsoft.Windows.10.0.26100",
          "Microsoft.Azure.Batch.Protocol.BatchServiceClient/16.200.24.12902",
          "AzurePowershell/Az1.0.0"
        ]
      },
      "RequestBody": "",
      "ResponseHeaders": {
        "Transfer-Encoding": [
          "chunked"
        ],
        "ETag": [
          "0x8DDF188155DB50C"
        ],
        "Server": [
          "Microsoft-HTTPAPI/2.0"
        ],
        "request-id": [
          "c644d684-c144-45e4-b4ed-0d823c047dc5"
        ],
        "Strict-Transport-Security": [
          "max-age=31536000; includeSubDomains"
        ],
        "X-Content-Type-Options": [
          "nosniff"
        ],
        "DataServiceVersion": [
          "3.0"
        ],
        "Date": [
          "Thu, 11 Sep 2025 23:16:09 GMT"
        ],
        "Content-Type": [
          "application/json; odata=minimalmetadata"
        ],
        "Last-Modified": [
          "Thu, 11 Sep 2025 23:08:13 GMT"
        ]
      },
      "ResponseBody": "{\r\n  \"odata.metadata\": \"https://dotnotsdkbatchaccount2.eastus2.batch.azure.com/$metadata#pools/@Element\",\r\n  \"id\": \"testPool2\",\r\n  \"url\": \"https://dotnotsdkbatchaccount2.eastus2.batch.azure.com/pools/testPool2\",\r\n  \"eTag\": \"0x8DDF188155DB50C\",\r\n  \"lastModified\": \"2025-09-11T23:08:13.2787468Z\",\r\n  \"creationTime\": \"2025-09-11T23:08:13.2787458Z\",\r\n  \"state\": \"active\",\r\n  \"stateTransitionTime\": \"2025-09-11T23:08:13.2787458Z\",\r\n  \"allocationState\": \"steady\",\r\n  \"allocationStateTransitionTime\": \"2025-09-11T23:08:45.7408527Z\",\r\n  \"vmSize\": \"standard_d2s_v3\",\r\n  \"resizeTimeout\": \"PT15M\",\r\n  \"currentDedicatedNodes\": 2,\r\n  \"targetDedicatedNodes\": 2,\r\n  \"currentLowPriorityNodes\": 0,\r\n  \"targetLowPriorityNodes\": 0,\r\n  \"enableAutoScale\": false,\r\n  \"enableInterNodeCommunication\": true,\r\n  \"certificateReferences\": [],\r\n  \"taskSlotsPerNode\": 1,\r\n  \"taskSchedulingPolicy\": {\r\n    \"nodeFillType\": \"Spread\"\r\n  },\r\n  \"virtualMachineConfiguration\": {\r\n    \"imageReference\": {\r\n      \"publisher\": \"canonical\",\r\n      \"offer\": \"0001-com-ubuntu-server-focal\",\r\n      \"sku\": \"20_04-lts\",\r\n      \"version\": \"latest\"\r\n    },\r\n    \"nodeAgentSKUId\": \"batch.node.ubuntu 20.04\",\r\n    \"nodePlacementConfiguration\": {\r\n      \"policy\": \"Zonal\"\r\n    }\r\n  },\r\n  \"targetNodeCommunicationMode\": \"default\",\r\n  \"currentNodeCommunicationMode\": \"simplified\"\r\n}",
      "StatusCode": 200
    },
    {
      "RequestUri": "/jobschedules?api-version=2024-02-01.19.0",
      "EncodedRequestUri": "L2pvYnNjaGVkdWxlcz9hcGktdmVyc2lvbj0yMDI0LTAyLTAxLjE5LjA=",
      "RequestMethod": "POST",
      "RequestHeaders": {
        "Accept-Language": [
          "en-US"
        ],
        "client-request-id": [
          "f2ab0555-4a43-4697-bee5-4ffc6992f925"
        ],
        "ocp-date": [
          "Thu, 11 Sep 2025 23:16:13 GMT"
        ],
        "x-ms-client-request-id": [
          "caaf851a-73d3-4273-a504-ca21898cdd35"
        ],
        "User-Agent": [
          "FxVersion/8.0.2025.41914",
          "OSName/Windows",
          "OSVersion/Microsoft.Windows.10.0.26100",
          "Microsoft.Azure.Batch.Protocol.BatchServiceClient/16.200.24.12902",
          "AzurePowershell/Az1.0.0"
        ],
        "Content-Type": [
          "application/json; odata=minimalmetadata; charset=utf-8"
        ],
        "Content-Length": [
          "132"
        ]
      },
      "RequestBody": "{\r\n  \"id\": \"jobSchedule1\",\r\n  \"schedule\": {},\r\n  \"jobSpecification\": {\r\n    \"poolInfo\": {\r\n      \"poolId\": \"testPool\"\r\n    }\r\n  }\r\n}",
      "ResponseHeaders": {
        "Transfer-Encoding": [
          "chunked"
        ],
        "ETag": [
          "0x8DDF18933A4F7DE"
        ],
        "Location": [
          "https://dotnotsdkbatchaccount2.eastus2.batch.azure.com/jobschedules/jobSchedule1"
        ],
        "Server": [
          "Microsoft-HTTPAPI/2.0"
        ],
        "request-id": [
          "0c59c9b8-ccdd-41d3-9c91-809c5ddc1cad"
        ],
        "Strict-Transport-Security": [
          "max-age=31536000; includeSubDomains"
        ],
        "X-Content-Type-Options": [
          "nosniff"
        ],
        "DataServiceVersion": [
          "3.0"
        ],
        "DataServiceId": [
          "https://dotnotsdkbatchaccount2.eastus2.batch.azure.com/jobschedules/jobSchedule1"
        ],
        "Date": [
          "Thu, 11 Sep 2025 23:16:12 GMT"
        ],
        "Last-Modified": [
          "Thu, 11 Sep 2025 23:16:13 GMT"
        ]
      },
      "ResponseBody": "",
      "StatusCode": 201
    },
    {
      "RequestUri": "/jobschedules?api-version=2024-02-01.19.0",
      "EncodedRequestUri": "L2pvYnNjaGVkdWxlcz9hcGktdmVyc2lvbj0yMDI0LTAyLTAxLjE5LjA=",
      "RequestMethod": "POST",
      "RequestHeaders": {
        "Accept-Language": [
          "en-US"
        ],
        "client-request-id": [
          "9dc8e32a-25e9-4d9f-889f-5d1a103a8ab4"
        ],
        "ocp-date": [
          "Thu, 11 Sep 2025 23:16:13 GMT"
        ],
        "x-ms-client-request-id": [
          "74cb990d-8f0e-48fb-be46-0172d3d7580b"
        ],
        "User-Agent": [
          "FxVersion/8.0.2025.41914",
          "OSName/Windows",
          "OSVersion/Microsoft.Windows.10.0.26100",
          "Microsoft.Azure.Batch.Protocol.BatchServiceClient/16.200.24.12902",
          "AzurePowershell/Az1.0.0"
        ],
        "Content-Type": [
          "application/json; odata=minimalmetadata; charset=utf-8"
        ],
        "Content-Length": [
          "182"
        ]
      },
      "RequestBody": "{\r\n  \"id\": \"jobSchedule2\",\r\n  \"schedule\": {\r\n    \"doNotRunUntil\": \"2025-12-01T12:30:00Z\"\r\n  },\r\n  \"jobSpecification\": {\r\n    \"poolInfo\": {\r\n      \"poolId\": \"testPool2\"\r\n    }\r\n  }\r\n}",
      "ResponseHeaders": {
        "Transfer-Encoding": [
          "chunked"
        ],
        "ETag": [
          "0x8DDF18933B635AB"
        ],
        "Location": [
          "https://dotnotsdkbatchaccount2.eastus2.batch.azure.com/jobschedules/jobSchedule2"
        ],
        "Server": [
          "Microsoft-HTTPAPI/2.0"
        ],
        "request-id": [
          "78ac550f-ed77-460b-af37-dfad1f8a1175"
        ],
        "Strict-Transport-Security": [
          "max-age=31536000; includeSubDomains"
        ],
        "X-Content-Type-Options": [
          "nosniff"
        ],
        "DataServiceVersion": [
          "3.0"
        ],
        "DataServiceId": [
          "https://dotnotsdkbatchaccount2.eastus2.batch.azure.com/jobschedules/jobSchedule2"
        ],
        "Date": [
          "Thu, 11 Sep 2025 23:16:12 GMT"
        ],
        "Last-Modified": [
          "Thu, 11 Sep 2025 23:16:13 GMT"
        ]
      },
      "ResponseBody": "",
      "StatusCode": 201
    },
    {
      "RequestUri": "/jobschedules?api-version=2024-02-01.19.0&$filter=id%20eq%20%27jobSchedule1%27%20or%20id%20eq%20%27jobSchedule2%27",
      "EncodedRequestUri": "L2pvYnNjaGVkdWxlcz9hcGktdmVyc2lvbj0yMDI0LTAyLTAxLjE5LjAmJGZpbHRlcj1pZCUyMGVxJTIwJTI3am9iU2NoZWR1bGUxJTI3JTIwb3IlMjBpZCUyMGVxJTIwJTI3am9iU2NoZWR1bGUyJTI3",
      "RequestMethod": "GET",
      "RequestHeaders": {
        "Accept-Language": [
          "en-US"
        ],
        "client-request-id": [
          "8d1e0ed6-0ab4-4601-8d27-eb081d2724d7"
        ],
        "ocp-date": [
          "Thu, 11 Sep 2025 23:16:13 GMT"
        ],
        "x-ms-client-request-id": [
          "03056beb-8b35-4f05-b4a0-4bcac14a82ad"
        ],
        "User-Agent": [
          "FxVersion/8.0.2025.41914",
          "OSName/Windows",
          "OSVersion/Microsoft.Windows.10.0.26100",
          "Microsoft.Azure.Batch.Protocol.BatchServiceClient/16.200.24.12902",
          "AzurePowershell/Az1.0.0"
        ]
      },
      "RequestBody": "",
      "ResponseHeaders": {
        "Transfer-Encoding": [
          "chunked"
        ],
        "Server": [
          "Microsoft-HTTPAPI/2.0"
        ],
        "request-id": [
          "5f64495a-1714-4477-84b7-2d9881f0f15b"
        ],
        "Strict-Transport-Security": [
          "max-age=31536000; includeSubDomains"
        ],
        "X-Content-Type-Options": [
          "nosniff"
        ],
        "DataServiceVersion": [
          "3.0"
        ],
        "Date": [
          "Thu, 11 Sep 2025 23:16:12 GMT"
        ],
        "Content-Type": [
          "application/json; odata=minimalmetadata"
        ]
      },
      "ResponseBody": "{\r\n  \"odata.metadata\": \"https://dotnotsdkbatchaccount2.eastus2.batch.azure.com/$metadata#jobschedules\",\r\n  \"value\": [\r\n    {\r\n      \"id\": \"jobSchedule1\",\r\n      \"url\": \"https://dotnotsdkbatchaccount2.eastus2.batch.azure.com/jobschedules/jobSchedule1\",\r\n      \"eTag\": \"0x8DDF18933A4F7DE\",\r\n      \"lastModified\": \"2025-09-11T23:16:13.5741406Z\",\r\n      \"creationTime\": \"2025-09-11T23:16:13.5741406Z\",\r\n      \"state\": \"active\",\r\n      \"stateTransitionTime\": \"2025-09-11T23:16:13.5741406Z\",\r\n      \"jobSpecification\": {\r\n        \"priority\": 0,\r\n        \"maxParallelTasks\": -1,\r\n        \"allowTaskPreemption\": false,\r\n        \"usesTaskDependencies\": false,\r\n        \"onAllTasksComplete\": \"noaction\",\r\n        \"onTaskFailure\": \"noaction\",\r\n        \"constraints\": {\r\n          \"maxWallClockTime\": \"P10675199DT2H48M5.4775807S\",\r\n          \"maxTaskRetryCount\": 0\r\n        },\r\n        \"poolInfo\": {\r\n          \"poolId\": \"testPool\"\r\n        }\r\n      },\r\n      \"executionInfo\": {\r\n        \"recentJob\": {\r\n          \"url\": \"https://dotnotsdkbatchaccount2.eastus2.batch.azure.com/jobs/jobSchedule1:job-1\",\r\n          \"id\": \"jobSchedule1:job-1\"\r\n        }\r\n      }\r\n    },\r\n    {\r\n      \"id\": \"jobSchedule2\",\r\n      \"url\": \"https://dotnotsdkbatchaccount2.eastus2.batch.azure.com/jobschedules/jobSchedule2\",\r\n      \"eTag\": \"0x8DDF18933B635AB\",\r\n      \"lastModified\": \"2025-09-11T23:16:13.6871339Z\",\r\n      \"creationTime\": \"2025-09-11T23:16:13.6871339Z\",\r\n      \"state\": \"active\",\r\n      \"stateTransitionTime\": \"2025-09-11T23:16:13.6871339Z\",\r\n      \"schedule\": {\r\n        \"doNotRunUntil\": \"2025-12-01T12:30:00Z\"\r\n      },\r\n      \"jobSpecification\": {\r\n        \"priority\": 0,\r\n        \"maxParallelTasks\": -1,\r\n        \"allowTaskPreemption\": false,\r\n        \"usesTaskDependencies\": false,\r\n        \"onAllTasksComplete\": \"noaction\",\r\n        \"onTaskFailure\": \"noaction\",\r\n        \"constraints\": {\r\n          \"maxWallClockTime\": \"P10675199DT2H48M5.4775807S\",\r\n          \"maxTaskRetryCount\": 0\r\n        },\r\n        \"poolInfo\": {\r\n          \"poolId\": \"testPool2\"\r\n        }\r\n      },\r\n      \"executionInfo\": {\r\n        \"nextRunTime\": \"2025-12-01T12:30:00Z\"\r\n      }\r\n    }\r\n  ]\r\n}",
      "StatusCode": 200
    },
    {
      "RequestUri": "/jobschedules/jobSchedule2?api-version=2024-02-01.19.0",
      "EncodedRequestUri": "L2pvYnNjaGVkdWxlcy9qb2JTY2hlZHVsZTI/YXBpLXZlcnNpb249MjAyNC0wMi0wMS4xOS4w",
      "RequestMethod": "PUT",
      "RequestHeaders": {
        "Accept-Language": [
          "en-US"
        ],
        "client-request-id": [
          "c930f8d5-5f9a-48b7-9596-c49a5e8b8aee"
        ],
        "ocp-date": [
          "Thu, 11 Sep 2025 23:16:14 GMT"
        ],
        "x-ms-client-request-id": [
          "317ac49f-5161-40f8-ad39-bc7b7f6df716"
        ],
        "User-Agent": [
          "FxVersion/8.0.2025.41914",
          "OSName/Windows",
          "OSVersion/Microsoft.Windows.10.0.26100",
          "Microsoft.Azure.Batch.Protocol.BatchServiceClient/16.200.24.12902",
          "AzurePowershell/Az1.0.0"
        ],
        "Content-Type": [
          "application/json; odata=minimalmetadata; charset=utf-8"
        ],
        "Content-Length": [
          "467"
        ]
      },
      "RequestBody": "{\r\n  \"schedule\": {\r\n    \"doNotRunUntil\": \"2026-01-01T12:30:00Z\"\r\n  },\r\n  \"jobSpecification\": {\r\n    \"priority\": 0,\r\n    \"allowTaskPreemption\": false,\r\n    \"maxParallelTasks\": -1,\r\n    \"usesTaskDependencies\": false,\r\n    \"onAllTasksComplete\": \"noaction\",\r\n    \"onTaskFailure\": \"noaction\",\r\n    \"constraints\": {\r\n      \"maxWallClockTime\": \"P10675199DT2H48M5.4775807S\",\r\n      \"maxTaskRetryCount\": 0\r\n    },\r\n    \"poolInfo\": {\r\n      \"poolId\": \"testPool2\"\r\n    }\r\n  }\r\n}",
      "ResponseHeaders": {
        "Transfer-Encoding": [
          "chunked"
        ],
        "ETag": [
          "0x8DDF189345DA3A8"
        ],
        "Server": [
          "Microsoft-HTTPAPI/2.0"
        ],
        "request-id": [
          "eba0fd38-f803-4534-86b4-5684cda0ac69"
        ],
        "Strict-Transport-Security": [
          "max-age=31536000; includeSubDomains"
        ],
        "X-Content-Type-Options": [
          "nosniff"
        ],
        "DataServiceVersion": [
          "3.0"
        ],
        "DataServiceId": [
          "https://dotnotsdkbatchaccount2.eastus2.batch.azure.com/jobschedules/jobSchedule2"
        ],
        "Date": [
          "Thu, 11 Sep 2025 23:16:13 GMT"
        ],
        "Last-Modified": [
          "Thu, 11 Sep 2025 23:16:14 GMT"
        ]
      },
      "ResponseBody": "",
      "StatusCode": 200
    },
    {
      "RequestUri": "/jobschedules/jobSchedule2?api-version=2024-02-01.19.0",
      "EncodedRequestUri": "L2pvYnNjaGVkdWxlcy9qb2JTY2hlZHVsZTI/YXBpLXZlcnNpb249MjAyNC0wMi0wMS4xOS4w",
      "RequestMethod": "GET",
      "RequestHeaders": {
        "Accept-Language": [
          "en-US"
        ],
        "client-request-id": [
          "a49c745e-5e6a-4413-b0b7-2be726214ebd"
        ],
        "ocp-date": [
          "Thu, 11 Sep 2025 23:16:14 GMT"
        ],
        "x-ms-client-request-id": [
          "86eb594b-c4ad-4b00-9493-49dacb44ccb7"
        ],
        "User-Agent": [
          "FxVersion/8.0.2025.41914",
          "OSName/Windows",
          "OSVersion/Microsoft.Windows.10.0.26100",
          "Microsoft.Azure.Batch.Protocol.BatchServiceClient/16.200.24.12902",
          "AzurePowershell/Az1.0.0"
        ]
      },
      "RequestBody": "",
      "ResponseHeaders": {
        "Transfer-Encoding": [
          "chunked"
        ],
        "ETag": [
          "0x8DDF189345DA3A8"
        ],
        "Server": [
          "Microsoft-HTTPAPI/2.0"
        ],
        "request-id": [
          "9f03ac52-36b6-4065-944a-744ecb48f134"
        ],
        "Strict-Transport-Security": [
          "max-age=31536000; includeSubDomains"
        ],
        "X-Content-Type-Options": [
          "nosniff"
        ],
        "DataServiceVersion": [
          "3.0"
        ],
        "Date": [
          "Thu, 11 Sep 2025 23:16:14 GMT"
        ],
        "Content-Type": [
          "application/json; odata=minimalmetadata"
        ],
        "Last-Modified": [
          "Thu, 11 Sep 2025 23:16:14 GMT"
        ]
      },
      "ResponseBody": "{\r\n  \"odata.metadata\": \"https://dotnotsdkbatchaccount2.eastus2.batch.azure.com/$metadata#jobschedules/@Element\",\r\n  \"id\": \"jobSchedule2\",\r\n  \"url\": \"https://dotnotsdkbatchaccount2.eastus2.batch.azure.com/jobschedules/jobSchedule2\",\r\n  \"eTag\": \"0x8DDF189345DA3A8\",\r\n  \"lastModified\": \"2025-09-11T23:16:14.7844008Z\",\r\n  \"creationTime\": \"2025-09-11T23:16:13.6871339Z\",\r\n  \"state\": \"active\",\r\n  \"stateTransitionTime\": \"2025-09-11T23:16:13.6871339Z\",\r\n  \"schedule\": {\r\n    \"doNotRunUntil\": \"2026-01-01T12:30:00Z\"\r\n  },\r\n  \"jobSpecification\": {\r\n    \"priority\": 0,\r\n    \"maxParallelTasks\": -1,\r\n    \"allowTaskPreemption\": false,\r\n    \"usesTaskDependencies\": false,\r\n    \"onAllTasksComplete\": \"noaction\",\r\n    \"onTaskFailure\": \"noaction\",\r\n    \"constraints\": {\r\n      \"maxWallClockTime\": \"P10675199DT2H48M5.4775807S\",\r\n      \"maxTaskRetryCount\": 0\r\n    },\r\n    \"poolInfo\": {\r\n      \"poolId\": \"testPool2\"\r\n    }\r\n  },\r\n  \"executionInfo\": {\r\n    \"nextRunTime\": \"2026-01-01T12:30:00Z\"\r\n  }\r\n}",
      "StatusCode": 200
    },
    {
      "RequestUri": "/jobschedules/jobSchedule1?api-version=2024-02-01.19.0",
      "EncodedRequestUri": "L2pvYnNjaGVkdWxlcy9qb2JTY2hlZHVsZTE/YXBpLXZlcnNpb249MjAyNC0wMi0wMS4xOS4w",
      "RequestMethod": "DELETE",
      "RequestHeaders": {
        "Accept-Language": [
          "en-US"
        ],
        "client-request-id": [
          "803a8d4a-4e07-4c59-bdf4-521fbc30e785"
        ],
        "ocp-date": [
          "Thu, 11 Sep 2025 23:16:14 GMT"
        ],
        "x-ms-client-request-id": [
          "e7e0b405-4088-4fb6-84b0-8e0045c6e159"
        ],
        "User-Agent": [
          "FxVersion/8.0.2025.41914",
          "OSName/Windows",
          "OSVersion/Microsoft.Windows.10.0.26100",
          "Microsoft.Azure.Batch.Protocol.BatchServiceClient/16.200.24.12902",
          "AzurePowershell/Az1.0.0"
        ],
        "Content-Length": [
          "0"
        ]
      },
      "RequestBody": "",
      "ResponseHeaders": {
        "Transfer-Encoding": [
          "chunked"
        ],
        "Server": [
          "Microsoft-HTTPAPI/2.0"
        ],
        "request-id": [
          "0348e901-985a-46c7-81f5-aa65bbb8f806"
        ],
        "Strict-Transport-Security": [
          "max-age=31536000; includeSubDomains"
        ],
        "X-Content-Type-Options": [
          "nosniff"
        ],
        "DataServiceVersion": [
          "3.0"
        ],
        "Date": [
          "Thu, 11 Sep 2025 23:16:14 GMT"
        ]
      },
      "ResponseBody": "",
      "StatusCode": 202
    },
    {
      "RequestUri": "/jobschedules/jobSchedule2?api-version=2024-02-01.19.0",
      "EncodedRequestUri": "L2pvYnNjaGVkdWxlcy9qb2JTY2hlZHVsZTI/YXBpLXZlcnNpb249MjAyNC0wMi0wMS4xOS4w",
      "RequestMethod": "DELETE",
      "RequestHeaders": {
        "Accept-Language": [
          "en-US"
        ],
        "client-request-id": [
          "779dbe71-0d01-4fca-a3a7-5365c3bc48d5"
        ],
        "ocp-date": [
          "Thu, 11 Sep 2025 23:16:15 GMT"
        ],
        "x-ms-client-request-id": [
          "fc3e42bd-9cc1-4bae-94f1-b98866b13676"
        ],
        "User-Agent": [
          "FxVersion/8.0.2025.41914",
          "OSName/Windows",
          "OSVersion/Microsoft.Windows.10.0.26100",
          "Microsoft.Azure.Batch.Protocol.BatchServiceClient/16.200.24.12902",
          "AzurePowershell/Az1.0.0"
        ],
        "Content-Length": [
          "0"
        ]
      },
      "RequestBody": "",
      "ResponseHeaders": {
        "Transfer-Encoding": [
          "chunked"
        ],
        "Server": [
          "Microsoft-HTTPAPI/2.0"
        ],
        "request-id": [
          "2d1962a9-0486-481a-8e41-c83c798bea12"
        ],
        "Strict-Transport-Security": [
          "max-age=31536000; includeSubDomains"
        ],
        "X-Content-Type-Options": [
          "nosniff"
        ],
        "DataServiceVersion": [
          "3.0"
        ],
        "Date": [
          "Thu, 11 Sep 2025 23:16:14 GMT"
        ]
      },
      "ResponseBody": "",
      "StatusCode": 202
    },
    {
      "RequestUri": "/jobschedules?api-version=2024-02-01.19.0",
      "EncodedRequestUri": "L2pvYnNjaGVkdWxlcz9hcGktdmVyc2lvbj0yMDI0LTAyLTAxLjE5LjA=",
      "RequestMethod": "GET",
      "RequestHeaders": {
        "Accept-Language": [
          "en-US"
        ],
        "client-request-id": [
          "eeb0ed68-40e9-42ba-bef3-626b4e687aea"
        ],
        "ocp-date": [
          "Thu, 11 Sep 2025 23:16:15 GMT"
        ],
        "x-ms-client-request-id": [
          "567c82ee-d81b-4815-b753-b94943cc7488"
        ],
        "User-Agent": [
          "FxVersion/8.0.2025.41914",
          "OSName/Windows",
          "OSVersion/Microsoft.Windows.10.0.26100",
          "Microsoft.Azure.Batch.Protocol.BatchServiceClient/16.200.24.12902",
          "AzurePowershell/Az1.0.0"
        ]
      },
      "RequestBody": "",
      "ResponseHeaders": {
        "Transfer-Encoding": [
          "chunked"
        ],
        "Server": [
          "Microsoft-HTTPAPI/2.0"
        ],
        "request-id": [
          "a9015f7e-d046-4a0a-80b6-ecf8a269acff"
        ],
        "Strict-Transport-Security": [
          "max-age=31536000; includeSubDomains"
        ],
        "X-Content-Type-Options": [
          "nosniff"
        ],
        "DataServiceVersion": [
          "3.0"
        ],
        "Date": [
          "Thu, 11 Sep 2025 23:16:14 GMT"
        ],
        "Content-Type": [
          "application/json; odata=minimalmetadata"
        ]
      },
      "ResponseBody": "{\r\n  \"odata.metadata\": \"https://dotnotsdkbatchaccount2.eastus2.batch.azure.com/$metadata#jobschedules\",\r\n  \"value\": [\r\n    {\r\n      \"id\": \"jobSchedule1\",\r\n      \"url\": \"https://dotnotsdkbatchaccount2.eastus2.batch.azure.com/jobschedules/jobSchedule1\",\r\n      \"eTag\": \"0x8DDF18933A4F7DE\",\r\n      \"lastModified\": \"2025-09-11T23:16:13.5741406Z\",\r\n      \"creationTime\": \"2025-09-11T23:16:13.5741406Z\",\r\n      \"state\": \"deleting\",\r\n      \"stateTransitionTime\": \"2025-09-11T23:16:15.0637207Z\",\r\n      \"previousState\": \"active\",\r\n      \"previousStateTransitionTime\": \"2025-09-11T23:16:13.5741406Z\",\r\n      \"jobSpecification\": {\r\n        \"priority\": 0,\r\n        \"maxParallelTasks\": -1,\r\n        \"allowTaskPreemption\": false,\r\n        \"usesTaskDependencies\": false,\r\n        \"onAllTasksComplete\": \"noaction\",\r\n        \"onTaskFailure\": \"noaction\",\r\n        \"constraints\": {\r\n          \"maxWallClockTime\": \"P10675199DT2H48M5.4775807S\",\r\n          \"maxTaskRetryCount\": 0\r\n        },\r\n        \"poolInfo\": {\r\n          \"poolId\": \"testPool\"\r\n        }\r\n      },\r\n      \"executionInfo\": {\r\n        \"recentJob\": {\r\n          \"url\": \"https://dotnotsdkbatchaccount2.eastus2.batch.azure.com/jobs/jobSchedule1:job-1\",\r\n          \"id\": \"jobSchedule1:job-1\"\r\n        }\r\n      }\r\n    },\r\n    {\r\n      \"id\": \"jobSchedule2\",\r\n      \"url\": \"https://dotnotsdkbatchaccount2.eastus2.batch.azure.com/jobschedules/jobSchedule2\",\r\n      \"eTag\": \"0x8DDF189345DA3A8\",\r\n      \"lastModified\": \"2025-09-11T23:16:14.7844008Z\",\r\n      \"creationTime\": \"2025-09-11T23:16:13.6871339Z\",\r\n      \"state\": \"deleting\",\r\n      \"stateTransitionTime\": \"2025-09-11T23:16:15.1577193Z\",\r\n      \"previousState\": \"active\",\r\n      \"previousStateTransitionTime\": \"2025-09-11T23:16:13.6871339Z\",\r\n      \"schedule\": {\r\n        \"doNotRunUntil\": \"2026-01-01T12:30:00Z\"\r\n      },\r\n      \"jobSpecification\": {\r\n        \"priority\": 0,\r\n        \"maxParallelTasks\": -1,\r\n        \"allowTaskPreemption\": false,\r\n        \"usesTaskDependencies\": false,\r\n        \"onAllTasksComplete\": \"noaction\",\r\n        \"onTaskFailure\": \"noaction\",\r\n        \"constraints\": {\r\n          \"maxWallClockTime\": \"P10675199DT2H48M5.4775807S\",\r\n          \"maxTaskRetryCount\": 0\r\n        },\r\n        \"poolInfo\": {\r\n          \"poolId\": \"testPool2\"\r\n        }\r\n      },\r\n      \"executionInfo\": {\r\n        \"nextRunTime\": \"2026-01-01T12:30:00Z\"\r\n      }\r\n    }\r\n  ]\r\n}",
      "StatusCode": 200
    },
    {
      "RequestUri": "/pools/testPool?api-version=2024-02-01.19.0",
      "EncodedRequestUri": "L3Bvb2xzL3Rlc3RQb29sP2FwaS12ZXJzaW9uPTIwMjQtMDItMDEuMTkuMA==",
      "RequestMethod": "DELETE",
      "RequestHeaders": {
        "Accept-Language": [
          "en-US"
        ],
        "client-request-id": [
          "14a55659-d578-4f1e-995c-3ca2a49b9531"
        ],
        "ocp-date": [
          "Thu, 11 Sep 2025 23:16:15 GMT"
        ],
        "User-Agent": [
          "FxVersion/8.0.2025.41914",
          "OSName/Windows",
          "OSVersion/Microsoft.Windows.10.0.26100",
          "Microsoft.Azure.Batch.Protocol.BatchServiceClient/16.200.24.12902",
          "AzurePowershell/Az1.0.0"
        ],
        "Content-Length": [
          "0"
        ]
      },
      "RequestBody": "",
      "ResponseHeaders": {
        "Transfer-Encoding": [
          "chunked"
        ],
        "Server": [
          "Microsoft-HTTPAPI/2.0"
        ],
        "request-id": [
          "f9479984-c061-46bd-8e72-4d473206531a"
        ],
        "Strict-Transport-Security": [
          "max-age=31536000; includeSubDomains"
        ],
        "X-Content-Type-Options": [
          "nosniff"
        ],
        "DataServiceVersion": [
          "3.0"
        ],
        "Date": [
          "Thu, 11 Sep 2025 23:16:15 GMT"
        ]
      },
      "ResponseBody": "",
      "StatusCode": 202
    },
    {
      "RequestUri": "/pools/testPool2?api-version=2024-02-01.19.0",
      "EncodedRequestUri": "L3Bvb2xzL3Rlc3RQb29sMj9hcGktdmVyc2lvbj0yMDI0LTAyLTAxLjE5LjA=",
      "RequestMethod": "DELETE",
      "RequestHeaders": {
        "Accept-Language": [
          "en-US"
        ],
        "client-request-id": [
          "529d94d6-2b6d-411f-88d9-7de96a3fc162"
        ],
        "ocp-date": [
          "Thu, 11 Sep 2025 23:16:15 GMT"
        ],
        "User-Agent": [
          "FxVersion/8.0.2025.41914",
          "OSName/Windows",
          "OSVersion/Microsoft.Windows.10.0.26100",
          "Microsoft.Azure.Batch.Protocol.BatchServiceClient/16.200.24.12902",
          "AzurePowershell/Az1.0.0"
        ],
        "Content-Length": [
          "0"
        ]
      },
      "RequestBody": "",
      "ResponseHeaders": {
        "Transfer-Encoding": [
          "chunked"
        ],
        "Server": [
          "Microsoft-HTTPAPI/2.0"
        ],
        "request-id": [
          "164e5e19-4767-45d4-a1b4-c4907782ceef"
        ],
        "Strict-Transport-Security": [
          "max-age=31536000; includeSubDomains"
        ],
        "X-Content-Type-Options": [
          "nosniff"
        ],
        "DataServiceVersion": [
          "3.0"
        ],
        "Date": [
          "Thu, 11 Sep 2025 23:16:15 GMT"
        ]
      },
      "ResponseBody": "",
      "StatusCode": 202
    }
  ],
  "Names": {},
  "Variables": {
    "SubscriptionId": "94bd7ded-68b4-4ffa-82a5-37ac72caa2ec",
    "AZURE_BATCH_ACCOUNT": "dotnotsdkbatchaccount2",
    "AZURE_BATCH_ENDPOINT": "https://dotnotsdkbatchaccount2.eastus2.batch.azure.com",
    "AZURE_BATCH_RESOURCE_GROUP": "automation"
  }
}