{
  "Entries": [
    {
      "RequestUri": "/subscriptions/cca24ec8-99b5-4aa7-9ff6-486e886f304c/resourcegroups/sql-dm-cmdlet-test-rg20777?api-version=2014-04-01-preview",
      "EncodedRequestUri": "L3N1YnNjcmlwdGlvbnMvY2NhMjRlYzgtOTliNS00YWE3LTlmZjYtNDg2ZTg4NmYzMDRjL3Jlc291cmNlZ3JvdXBzL3NxbC1kbS1jbWRsZXQtdGVzdC1yZzIwNzc3P2FwaS12ZXJzaW9uPTIwMTQtMDQtMDEtcHJldmlldw==",
      "RequestMethod": "HEAD",
      "RequestBody": "",
      "RequestHeaders": {
        "User-Agent": [
          "Microsoft.Azure.Management.Resources.ResourceManagementClient/2.0.0.0"
        ]
      },
      "ResponseBody": "",
      "ResponseHeaders": {
        "Content-Length": [
          "118"
        ],
        "Content-Type": [
          "application/json; charset=utf-8"
        ],
        "Expires": [
          "-1"
        ],
        "Pragma": [
          "no-cache"
        ],
        "x-ms-failure-cause": [
          "gateway"
        ],
        "x-ms-ratelimit-remaining-subscription-reads": [
          "14977"
        ],
        "x-ms-request-id": [
          "5f6fda8b-f18d-42f1-95cb-8faf4baaecd4"
        ],
        "x-ms-correlation-request-id": [
          "5f6fda8b-f18d-42f1-95cb-8faf4baaecd4"
        ],
        "x-ms-routing-request-id": [
          "WESTEUROPE:20150522T085543Z:5f6fda8b-f18d-42f1-95cb-8faf4baaecd4"
        ],
        "Strict-Transport-Security": [
          "max-age=31536000; includeSubDomains"
        ],
        "Cache-Control": [
          "no-cache"
        ],
        "Date": [
          "Fri, 22 May 2015 08:55:42 GMT"
        ]
      },
      "StatusCode": 404
    },
    {
      "RequestUri": "/subscriptions/cca24ec8-99b5-4aa7-9ff6-486e886f304c/resourcegroups/sql-dm-cmdlet-test-rg20777?api-version=2014-04-01-preview",
      "EncodedRequestUri": "L3N1YnNjcmlwdGlvbnMvY2NhMjRlYzgtOTliNS00YWE3LTlmZjYtNDg2ZTg4NmYzMDRjL3Jlc291cmNlZ3JvdXBzL3NxbC1kbS1jbWRsZXQtdGVzdC1yZzIwNzc3P2FwaS12ZXJzaW9uPTIwMTQtMDQtMDEtcHJldmlldw==",
      "RequestMethod": "PUT",
      "RequestBody": "{\r\n  \"location\": \"West US\"\r\n}",
      "RequestHeaders": {
        "Content-Type": [
          "application/json; charset=utf-8"
        ],
        "Content-Length": [
          "29"
        ],
        "User-Agent": [
          "Microsoft.Azure.Management.Resources.ResourceManagementClient/2.0.0.0"
        ]
      },
      "ResponseBody": "{\r\n  \"id\": \"/subscriptions/cca24ec8-99b5-4aa7-9ff6-486e886f304c/resourceGroups/sql-dm-cmdlet-test-rg20777\",\r\n  \"name\": \"sql-dm-cmdlet-test-rg20777\",\r\n  \"location\": \"westus\",\r\n  \"properties\": {\r\n    \"provisioningState\": \"Succeeded\"\r\n  }\r\n}",
      "ResponseHeaders": {
        "Content-Length": [
          "205"
        ],
        "Content-Type": [
          "application/json; charset=utf-8"
        ],
        "Expires": [
          "-1"
        ],
        "Pragma": [
          "no-cache"
        ],
        "x-ms-ratelimit-remaining-subscription-writes": [
          "1193"
        ],
        "x-ms-request-id": [
          "cd9cc332-4ce6-45ae-9b80-95b0789ab7d8"
        ],
        "x-ms-correlation-request-id": [
          "cd9cc332-4ce6-45ae-9b80-95b0789ab7d8"
        ],
        "x-ms-routing-request-id": [
          "WESTEUROPE:20150522T085545Z:cd9cc332-4ce6-45ae-9b80-95b0789ab7d8"
        ],
        "Strict-Transport-Security": [
          "max-age=31536000; includeSubDomains"
        ],
        "Cache-Control": [
          "no-cache"
        ],
        "Date": [
          "Fri, 22 May 2015 08:55:44 GMT"
        ]
      },
      "StatusCode": 201
    },
    {
      "RequestUri": "/subscriptions/cca24ec8-99b5-4aa7-9ff6-486e886f304c/resourcegroups/sql-dm-cmdlet-test-rg20777/deployments/sql-audit-test-env-setup/validate?api-version=2014-04-01-preview",
      "EncodedRequestUri": "L3N1YnNjcmlwdGlvbnMvY2NhMjRlYzgtOTliNS00YWE3LTlmZjYtNDg2ZTg4NmYzMDRjL3Jlc291cmNlZ3JvdXBzL3NxbC1kbS1jbWRsZXQtdGVzdC1yZzIwNzc3L2RlcGxveW1lbnRzL3NxbC1hdWRpdC10ZXN0LWVudi1zZXR1cC92YWxpZGF0ZT9hcGktdmVyc2lvbj0yMDE0LTA0LTAxLXByZXZpZXc=",
      "RequestMethod": "POST",
      "RequestBody": "{\r\n  \"properties\": {\r\n    \"template\": {\r\n      \"$schema\": \"http://schemas.management.azure.com/deploymentTemplate?api-version=2014-04-01-preview\",\r\n      \"contentVersion\": \"1.0.0.0\",\r\n      \"parameters\": {\r\n        \"administratorLogin\": {\r\n          \"type\": \"string\",\r\n          \"defaultValue\": \"testlogin\"\r\n        },\r\n        \"administratorLoginPassword\": {\r\n          \"type\": \"securestring\",\r\n          \"defaultValue\": \"testp@ssMakingIt1007Longer\"\r\n        },\r\n        \"collation\": {\r\n          \"type\": \"string\",\r\n          \"defaultValue\": \"SQL_Latin1_General_CP1_CI_AS\"\r\n        },\r\n        \"databaseName\": {\r\n          \"type\": \"string\"\r\n        },\r\n        \"edition\": {\r\n          \"type\": \"string\",\r\n          \"defaultValue\": \"Basic\"\r\n        },\r\n        \"configuredServiceLevelObjectiveId\": {\r\n          \"type\": \"string\",\r\n          \"defaultValue\": \"910b4fcb-8a29-4c3e-958f-f7ba794388b2\"\r\n        },\r\n        \"EnvLocation\": {\r\n          \"type\": \"string\"\r\n        },\r\n        \"serverName\": {\r\n          \"type\": \"string\"\r\n        }\r\n      },\r\n      \"resources\": [\r\n        {\r\n          \"apiVersion\": \"2.0\",\r\n          \"location\": \"[parameters('EnvLocation')]\",\r\n          \"name\": \"[parameters('serverName')]\",\r\n          \"properties\": {\r\n            \"administratorLogin\": \"[parameters('administratorLogin')]\",\r\n            \"administratorLoginPassword\": \"[parameters('administratorLoginPassword')]\"\r\n          },\r\n          \"resources\": [\r\n            {\r\n              \"apiVersion\": \"2.0\",\r\n              \"dependsOn\": [\r\n                \"[concat('Microsoft.Sql/servers/', parameters('serverName'))]\"\r\n              ],\r\n              \"location\": \"[parameters('EnvLocation')]\",\r\n              \"name\": \"[parameters('databaseName')]\",\r\n              \"properties\": {\r\n                \"collation\": \"[parameters('collation')]\",\r\n                \"edition\": \"[parameters('edition')]\",\r\n                \"maxSizeBytes\": \"1073741824\"\r\n              },\r\n              \"type\": \"databases\"\r\n            }\r\n          ],\r\n          \"type\": \"Microsoft.Sql/servers\"\r\n        }\r\n      ]\r\n    },\r\n    \"parameters\": {\r\n      \"databaseName\": {\r\n        \"value\": \"sql-dm-cmdlet-db20777\"\r\n      },\r\n      \"serverName\": {\r\n        \"value\": \"sql-dm-cmdlet-server20777\"\r\n      },\r\n      \"EnvLocation\": {\r\n        \"value\": \"West US\"\r\n      }\r\n    },\r\n    \"mode\": \"Incremental\"\r\n  }\r\n}",
      "RequestHeaders": {
        "Content-Type": [
          "application/json; charset=utf-8"
        ],
        "Content-Length": [
          "2358"
        ],
        "User-Agent": [
          "Microsoft.Azure.Management.Resources.ResourceManagementClient/2.0.0.0"
        ]
      },
      "ResponseBody": "{\r\n  \"id\": \"/subscriptions/cca24ec8-99b5-4aa7-9ff6-486e886f304c/resourceGroups/sql-dm-cmdlet-test-rg20777/deployments/sql-audit-test-env-setup\",\r\n  \"name\": \"sql-audit-test-env-setup\",\r\n  \"properties\": {\r\n    \"parameters\": {\r\n      \"administratorLogin\": {\r\n        \"type\": \"String\",\r\n        \"value\": \"testlogin\"\r\n      },\r\n      \"administratorLoginPassword\": {\r\n        \"type\": \"SecureString\"\r\n      },\r\n      \"collation\": {\r\n        \"type\": \"String\",\r\n        \"value\": \"SQL_Latin1_General_CP1_CI_AS\"\r\n      },\r\n      \"databaseName\": {\r\n        \"type\": \"String\",\r\n        \"value\": \"sql-dm-cmdlet-db20777\"\r\n      },\r\n      \"edition\": {\r\n        \"type\": \"String\",\r\n        \"value\": \"Basic\"\r\n      },\r\n      \"configuredServiceLevelObjectiveId\": {\r\n        \"type\": \"String\",\r\n        \"value\": \"910b4fcb-8a29-4c3e-958f-f7ba794388b2\"\r\n      },\r\n      \"envLocation\": {\r\n        \"type\": \"String\",\r\n        \"value\": \"West US\"\r\n      },\r\n      \"serverName\": {\r\n        \"type\": \"String\",\r\n        \"value\": \"sql-dm-cmdlet-server20777\"\r\n      }\r\n    },\r\n    \"mode\": \"Incremental\",\r\n    \"provisioningState\": \"Accepted\",\r\n    \"timestamp\": \"2015-05-22T08:55:45.8871755Z\",\r\n    \"duration\": \"PT0S\",\r\n    \"correlationId\": \"bda0a83e-8c0e-4bb9-8130-a561ea296b46\",\r\n    \"providers\": [\r\n      {\r\n        \"namespace\": \"Microsoft.Sql\",\r\n        \"resourceTypes\": [\r\n          {\r\n            \"resourceType\": \"servers\",\r\n            \"locations\": [\r\n              \"westus\"\r\n            ]\r\n          },\r\n          {\r\n            \"resourceType\": \"servers/databases\",\r\n            \"locations\": [\r\n              \"westus\"\r\n            ]\r\n          }\r\n        ]\r\n      }\r\n    ],\r\n    \"dependencies\": [\r\n      {\r\n        \"dependsOn\": [\r\n          {\r\n            \"id\": \"/subscriptions/cca24ec8-99b5-4aa7-9ff6-486e886f304c/resourceGroups/sql-dm-cmdlet-test-rg20777/providers/Microsoft.Sql/servers/sql-dm-cmdlet-server20777\",\r\n            \"resourceType\": \"Microsoft.Sql/servers\",\r\n            \"resourceName\": \"sql-dm-cmdlet-server20777\"\r\n          }\r\n        ],\r\n        \"id\": \"/subscriptions/cca24ec8-99b5-4aa7-9ff6-486e886f304c/resourceGroups/sql-dm-cmdlet-test-rg20777/providers/Microsoft.Sql/servers/sql-dm-cmdlet-server20777/databases/sql-dm-cmdlet-db20777\",\r\n        \"resourceType\": \"Microsoft.Sql/servers/databases\",\r\n        \"resourceName\": \"sql-dm-cmdlet-server20777/sql-dm-cmdlet-db20777\"\r\n      }\r\n    ]\r\n  }\r\n}",
      "ResponseHeaders": {
        "Content-Length": [
          "1632"
        ],
        "Content-Type": [
          "application/json; charset=utf-8"
        ],
        "Expires": [
          "-1"
        ],
        "Pragma": [
          "no-cache"
        ],
        "x-ms-ratelimit-remaining-subscription-writes": [
          "1192"
        ],
        "x-ms-request-id": [
          "bda0a83e-8c0e-4bb9-8130-a561ea296b46"
        ],
        "x-ms-correlation-request-id": [
          "bda0a83e-8c0e-4bb9-8130-a561ea296b46"
        ],
        "x-ms-routing-request-id": [
          "WESTEUROPE:20150522T085545Z:bda0a83e-8c0e-4bb9-8130-a561ea296b46"
        ],
        "Strict-Transport-Security": [
          "max-age=31536000; includeSubDomains"
        ],
        "Cache-Control": [
          "no-cache"
        ],
        "Date": [
          "Fri, 22 May 2015 08:55:45 GMT"
        ]
      },
      "StatusCode": 200
    },
    {
      "RequestUri": "/subscriptions/cca24ec8-99b5-4aa7-9ff6-486e886f304c/resourcegroups/sql-dm-cmdlet-test-rg20777/deployments/sql-audit-test-env-setup?api-version=2014-04-01-preview",
      "EncodedRequestUri": "L3N1YnNjcmlwdGlvbnMvY2NhMjRlYzgtOTliNS00YWE3LTlmZjYtNDg2ZTg4NmYzMDRjL3Jlc291cmNlZ3JvdXBzL3NxbC1kbS1jbWRsZXQtdGVzdC1yZzIwNzc3L2RlcGxveW1lbnRzL3NxbC1hdWRpdC10ZXN0LWVudi1zZXR1cD9hcGktdmVyc2lvbj0yMDE0LTA0LTAxLXByZXZpZXc=",
      "RequestMethod": "PUT",
      "RequestBody": "{\r\n  \"properties\": {\r\n    \"template\": {\r\n      \"$schema\": \"http://schemas.management.azure.com/deploymentTemplate?api-version=2014-04-01-preview\",\r\n      \"contentVersion\": \"1.0.0.0\",\r\n      \"parameters\": {\r\n        \"administratorLogin\": {\r\n          \"type\": \"string\",\r\n          \"defaultValue\": \"testlogin\"\r\n        },\r\n        \"administratorLoginPassword\": {\r\n          \"type\": \"securestring\",\r\n          \"defaultValue\": \"testp@ssMakingIt1007Longer\"\r\n        },\r\n        \"collation\": {\r\n          \"type\": \"string\",\r\n          \"defaultValue\": \"SQL_Latin1_General_CP1_CI_AS\"\r\n        },\r\n        \"databaseName\": {\r\n          \"type\": \"string\"\r\n        },\r\n        \"edition\": {\r\n          \"type\": \"string\",\r\n          \"defaultValue\": \"Basic\"\r\n        },\r\n        \"configuredServiceLevelObjectiveId\": {\r\n          \"type\": \"string\",\r\n          \"defaultValue\": \"910b4fcb-8a29-4c3e-958f-f7ba794388b2\"\r\n        },\r\n        \"EnvLocation\": {\r\n          \"type\": \"string\"\r\n        },\r\n        \"serverName\": {\r\n          \"type\": \"string\"\r\n        }\r\n      },\r\n      \"resources\": [\r\n        {\r\n          \"apiVersion\": \"2.0\",\r\n          \"location\": \"[parameters('EnvLocation')]\",\r\n          \"name\": \"[parameters('serverName')]\",\r\n          \"properties\": {\r\n            \"administratorLogin\": \"[parameters('administratorLogin')]\",\r\n            \"administratorLoginPassword\": \"[parameters('administratorLoginPassword')]\"\r\n          },\r\n          \"resources\": [\r\n            {\r\n              \"apiVersion\": \"2.0\",\r\n              \"dependsOn\": [\r\n                \"[concat('Microsoft.Sql/servers/', parameters('serverName'))]\"\r\n              ],\r\n              \"location\": \"[parameters('EnvLocation')]\",\r\n              \"name\": \"[parameters('databaseName')]\",\r\n              \"properties\": {\r\n                \"collation\": \"[parameters('collation')]\",\r\n                \"edition\": \"[parameters('edition')]\",\r\n                \"maxSizeBytes\": \"1073741824\"\r\n              },\r\n              \"type\": \"databases\"\r\n            }\r\n          ],\r\n          \"type\": \"Microsoft.Sql/servers\"\r\n        }\r\n      ]\r\n    },\r\n    \"parameters\": {\r\n      \"databaseName\": {\r\n        \"value\": \"sql-dm-cmdlet-db20777\"\r\n      },\r\n      \"serverName\": {\r\n        \"value\": \"sql-dm-cmdlet-server20777\"\r\n      },\r\n      \"EnvLocation\": {\r\n        \"value\": \"West US\"\r\n      }\r\n    },\r\n    \"mode\": \"Incremental\"\r\n  }\r\n}",
      "RequestHeaders": {
        "Content-Type": [
          "application/json; charset=utf-8"
        ],
        "Content-Length": [
          "2358"
        ],
        "User-Agent": [
          "Microsoft.Azure.Management.Resources.ResourceManagementClient/2.0.0.0"
        ]
      },
      "ResponseBody": "{\r\n  \"id\": \"/subscriptions/cca24ec8-99b5-4aa7-9ff6-486e886f304c/resourceGroups/sql-dm-cmdlet-test-rg20777/deployments/sql-audit-test-env-setup\",\r\n  \"name\": \"sql-audit-test-env-setup\",\r\n  \"properties\": {\r\n    \"parameters\": {\r\n      \"administratorLogin\": {\r\n        \"type\": \"String\",\r\n        \"value\": \"testlogin\"\r\n      },\r\n      \"administratorLoginPassword\": {\r\n        \"type\": \"SecureString\"\r\n      },\r\n      \"collation\": {\r\n        \"type\": \"String\",\r\n        \"value\": \"SQL_Latin1_General_CP1_CI_AS\"\r\n      },\r\n      \"databaseName\": {\r\n        \"type\": \"String\",\r\n        \"value\": \"sql-dm-cmdlet-db20777\"\r\n      },\r\n      \"edition\": {\r\n        \"type\": \"String\",\r\n        \"value\": \"Basic\"\r\n      },\r\n      \"configuredServiceLevelObjectiveId\": {\r\n        \"type\": \"String\",\r\n        \"value\": \"910b4fcb-8a29-4c3e-958f-f7ba794388b2\"\r\n      },\r\n      \"envLocation\": {\r\n        \"type\": \"String\",\r\n        \"value\": \"West US\"\r\n      },\r\n      \"serverName\": {\r\n        \"type\": \"String\",\r\n        \"value\": \"sql-dm-cmdlet-server20777\"\r\n      }\r\n    },\r\n    \"mode\": \"Incremental\",\r\n    \"provisioningState\": \"Accepted\",\r\n    \"timestamp\": \"2015-05-22T08:55:47.7219079Z\",\r\n    \"duration\": \"PT1.0894954S\",\r\n    \"correlationId\": \"c2594a30-8010-4f03-8a7b-a198601946d8\",\r\n    \"providers\": [\r\n      {\r\n        \"namespace\": \"Microsoft.Sql\",\r\n        \"resourceTypes\": [\r\n          {\r\n            \"resourceType\": \"servers\",\r\n            \"locations\": [\r\n              \"westus\"\r\n            ]\r\n          },\r\n          {\r\n            \"resourceType\": \"servers/databases\",\r\n            \"locations\": [\r\n              \"westus\"\r\n            ]\r\n          }\r\n        ]\r\n      }\r\n    ],\r\n    \"dependencies\": [\r\n      {\r\n        \"dependsOn\": [\r\n          {\r\n            \"id\": \"/subscriptions/cca24ec8-99b5-4aa7-9ff6-486e886f304c/resourceGroups/sql-dm-cmdlet-test-rg20777/providers/Microsoft.Sql/servers/sql-dm-cmdlet-server20777\",\r\n            \"resourceType\": \"Microsoft.Sql/servers\",\r\n            \"resourceName\": \"sql-dm-cmdlet-server20777\"\r\n          }\r\n        ],\r\n        \"id\": \"/subscriptions/cca24ec8-99b5-4aa7-9ff6-486e886f304c/resourceGroups/sql-dm-cmdlet-test-rg20777/providers/Microsoft.Sql/servers/sql-dm-cmdlet-server20777/databases/sql-dm-cmdlet-db20777\",\r\n        \"resourceType\": \"Microsoft.Sql/servers/databases\",\r\n        \"resourceName\": \"sql-dm-cmdlet-server20777/sql-dm-cmdlet-db20777\"\r\n      }\r\n    ]\r\n  }\r\n}",
      "ResponseHeaders": {
        "Content-Length": [
          "1640"
        ],
        "Content-Type": [
          "application/json; charset=utf-8"
        ],
        "Expires": [
          "-1"
        ],
        "Pragma": [
          "no-cache"
        ],
        "x-ms-ratelimit-remaining-subscription-writes": [
          "1191"
        ],
        "x-ms-request-id": [
          "c2594a30-8010-4f03-8a7b-a198601946d8"
        ],
        "x-ms-correlation-request-id": [
          "c2594a30-8010-4f03-8a7b-a198601946d8"
        ],
        "x-ms-routing-request-id": [
          "WESTEUROPE:20150522T085548Z:c2594a30-8010-4f03-8a7b-a198601946d8"
        ],
        "Strict-Transport-Security": [
          "max-age=31536000; includeSubDomains"
        ],
        "Cache-Control": [
          "no-cache"
        ],
        "Date": [
          "Fri, 22 May 2015 08:55:47 GMT"
        ]
      },
      "StatusCode": 201
    },
    {
      "RequestUri": "/subscriptions/cca24ec8-99b5-4aa7-9ff6-486e886f304c/resourcegroups/sql-dm-cmdlet-test-rg20777/deployments/sql-audit-test-env-setup/operations?api-version=2014-04-01-preview",
      "EncodedRequestUri": "L3N1YnNjcmlwdGlvbnMvY2NhMjRlYzgtOTliNS00YWE3LTlmZjYtNDg2ZTg4NmYzMDRjL3Jlc291cmNlZ3JvdXBzL3NxbC1kbS1jbWRsZXQtdGVzdC1yZzIwNzc3L2RlcGxveW1lbnRzL3NxbC1hdWRpdC10ZXN0LWVudi1zZXR1cC9vcGVyYXRpb25zP2FwaS12ZXJzaW9uPTIwMTQtMDQtMDEtcHJldmlldw==",
      "RequestMethod": "GET",
      "RequestBody": "",
      "RequestHeaders": {
        "User-Agent": [
          "Microsoft.Azure.Management.Resources.ResourceManagementClient/2.0.0.0"
        ]
      },
      "ResponseBody": "{\r\n  \"value\": []\r\n}",
      "ResponseHeaders": {
        "Content-Length": [
          "12"
        ],
        "Content-Type": [
          "application/json; charset=utf-8"
        ],
        "Expires": [
          "-1"
        ],
        "Pragma": [
          "no-cache"
        ],
        "x-ms-ratelimit-remaining-subscription-reads": [
          "14976"
        ],
        "x-ms-request-id": [
          "61aac4f7-4835-42f1-9874-cf5c6d353d9c"
        ],
        "x-ms-correlation-request-id": [
          "61aac4f7-4835-42f1-9874-cf5c6d353d9c"
        ],
        "x-ms-routing-request-id": [
          "WESTEUROPE:20150522T085548Z:61aac4f7-4835-42f1-9874-cf5c6d353d9c"
        ],
        "Strict-Transport-Security": [
          "max-age=31536000; includeSubDomains"
        ],
        "Cache-Control": [
          "no-cache"
        ],
        "Date": [
          "Fri, 22 May 2015 08:55:48 GMT"
        ]
      },
      "StatusCode": 200
    },
    {
      "RequestUri": "/subscriptions/cca24ec8-99b5-4aa7-9ff6-486e886f304c/resourcegroups/sql-dm-cmdlet-test-rg20777/deployments/sql-audit-test-env-setup/operations?api-version=2014-04-01-preview",
      "EncodedRequestUri": "L3N1YnNjcmlwdGlvbnMvY2NhMjRlYzgtOTliNS00YWE3LTlmZjYtNDg2ZTg4NmYzMDRjL3Jlc291cmNlZ3JvdXBzL3NxbC1kbS1jbWRsZXQtdGVzdC1yZzIwNzc3L2RlcGxveW1lbnRzL3NxbC1hdWRpdC10ZXN0LWVudi1zZXR1cC9vcGVyYXRpb25zP2FwaS12ZXJzaW9uPTIwMTQtMDQtMDEtcHJldmlldw==",
      "RequestMethod": "GET",
      "RequestBody": "",
      "RequestHeaders": {
        "User-Agent": [
          "Microsoft.Azure.Management.Resources.ResourceManagementClient/2.0.0.0"
        ]
      },
      "ResponseBody": "{\r\n  \"value\": []\r\n}",
      "ResponseHeaders": {
        "Content-Length": [
          "12"
        ],
        "Content-Type": [
          "application/json; charset=utf-8"
        ],
        "Expires": [
          "-1"
        ],
        "Pragma": [
          "no-cache"
        ],
        "x-ms-ratelimit-remaining-subscription-reads": [
          "14974"
        ],
        "x-ms-request-id": [
          "d989c4fb-27d0-4edc-a35b-8074237fd6ce"
        ],
        "x-ms-correlation-request-id": [
          "d989c4fb-27d0-4edc-a35b-8074237fd6ce"
        ],
        "x-ms-routing-request-id": [
          "WESTEUROPE:20150522T085551Z:d989c4fb-27d0-4edc-a35b-8074237fd6ce"
        ],
        "Strict-Transport-Security": [
          "max-age=31536000; includeSubDomains"
        ],
        "Cache-Control": [
          "no-cache"
        ],
        "Date": [
          "Fri, 22 May 2015 08:55:51 GMT"
        ]
      },
      "StatusCode": 200
    },
    {
      "RequestUri": "/subscriptions/cca24ec8-99b5-4aa7-9ff6-486e886f304c/resourcegroups/sql-dm-cmdlet-test-rg20777/deployments/sql-audit-test-env-setup/operations?api-version=2014-04-01-preview",
      "EncodedRequestUri": "L3N1YnNjcmlwdGlvbnMvY2NhMjRlYzgtOTliNS00YWE3LTlmZjYtNDg2ZTg4NmYzMDRjL3Jlc291cmNlZ3JvdXBzL3NxbC1kbS1jbWRsZXQtdGVzdC1yZzIwNzc3L2RlcGxveW1lbnRzL3NxbC1hdWRpdC10ZXN0LWVudi1zZXR1cC9vcGVyYXRpb25zP2FwaS12ZXJzaW9uPTIwMTQtMDQtMDEtcHJldmlldw==",
      "RequestMethod": "GET",
      "RequestBody": "",
      "RequestHeaders": {
        "User-Agent": [
          "Microsoft.Azure.Management.Resources.ResourceManagementClient/2.0.0.0"
        ]
      },
      "ResponseBody": "{\r\n  \"value\": []\r\n}",
      "ResponseHeaders": {
        "Content-Length": [
          "12"
        ],
        "Content-Type": [
          "application/json; charset=utf-8"
        ],
        "Expires": [
          "-1"
        ],
        "Pragma": [
          "no-cache"
        ],
        "x-ms-ratelimit-remaining-subscription-reads": [
          "14972"
        ],
        "x-ms-request-id": [
          "d6c07af8-fac1-4f50-a7d6-7db32782f1d6"
        ],
        "x-ms-correlation-request-id": [
          "d6c07af8-fac1-4f50-a7d6-7db32782f1d6"
        ],
        "x-ms-routing-request-id": [
          "WESTEUROPE:20150522T085554Z:d6c07af8-fac1-4f50-a7d6-7db32782f1d6"
        ],
        "Strict-Transport-Security": [
          "max-age=31536000; includeSubDomains"
        ],
        "Cache-Control": [
          "no-cache"
        ],
        "Date": [
          "Fri, 22 May 2015 08:55:54 GMT"
        ]
      },
      "StatusCode": 200
    },
    {
      "RequestUri": "/subscriptions/cca24ec8-99b5-4aa7-9ff6-486e886f304c/resourcegroups/sql-dm-cmdlet-test-rg20777/deployments/sql-audit-test-env-setup/operations?api-version=2014-04-01-preview",
      "EncodedRequestUri": "L3N1YnNjcmlwdGlvbnMvY2NhMjRlYzgtOTliNS00YWE3LTlmZjYtNDg2ZTg4NmYzMDRjL3Jlc291cmNlZ3JvdXBzL3NxbC1kbS1jbWRsZXQtdGVzdC1yZzIwNzc3L2RlcGxveW1lbnRzL3NxbC1hdWRpdC10ZXN0LWVudi1zZXR1cC9vcGVyYXRpb25zP2FwaS12ZXJzaW9uPTIwMTQtMDQtMDEtcHJldmlldw==",
      "RequestMethod": "GET",
      "RequestBody": "",
      "RequestHeaders": {
        "User-Agent": [
          "Microsoft.Azure.Management.Resources.ResourceManagementClient/2.0.0.0"
        ]
      },
      "ResponseBody": "{\r\n  \"value\": []\r\n}",
      "ResponseHeaders": {
        "Content-Length": [
          "12"
        ],
        "Content-Type": [
          "application/json; charset=utf-8"
        ],
        "Expires": [
          "-1"
        ],
        "Pragma": [
          "no-cache"
        ],
        "x-ms-ratelimit-remaining-subscription-reads": [
          "14970"
        ],
        "x-ms-request-id": [
          "0a34cdee-5de0-4ead-87b2-511c89c6fb35"
        ],
        "x-ms-correlation-request-id": [
          "0a34cdee-5de0-4ead-87b2-511c89c6fb35"
        ],
        "x-ms-routing-request-id": [
          "WESTEUROPE:20150522T085557Z:0a34cdee-5de0-4ead-87b2-511c89c6fb35"
        ],
        "Strict-Transport-Security": [
          "max-age=31536000; includeSubDomains"
        ],
        "Cache-Control": [
          "no-cache"
        ],
        "Date": [
          "Fri, 22 May 2015 08:55:57 GMT"
        ]
      },
      "StatusCode": 200
    },
    {
      "RequestUri": "/subscriptions/cca24ec8-99b5-4aa7-9ff6-486e886f304c/resourcegroups/sql-dm-cmdlet-test-rg20777/deployments/sql-audit-test-env-setup/operations?api-version=2014-04-01-preview",
      "EncodedRequestUri": "L3N1YnNjcmlwdGlvbnMvY2NhMjRlYzgtOTliNS00YWE3LTlmZjYtNDg2ZTg4NmYzMDRjL3Jlc291cmNlZ3JvdXBzL3NxbC1kbS1jbWRsZXQtdGVzdC1yZzIwNzc3L2RlcGxveW1lbnRzL3NxbC1hdWRpdC10ZXN0LWVudi1zZXR1cC9vcGVyYXRpb25zP2FwaS12ZXJzaW9uPTIwMTQtMDQtMDEtcHJldmlldw==",
      "RequestMethod": "GET",
      "RequestBody": "",
      "RequestHeaders": {
        "User-Agent": [
          "Microsoft.Azure.Management.Resources.ResourceManagementClient/2.0.0.0"
        ]
      },
      "ResponseBody": "{\r\n  \"value\": [\r\n    {\r\n      \"id\": \"/subscriptions/cca24ec8-99b5-4aa7-9ff6-486e886f304c/resourceGroups/sql-dm-cmdlet-test-rg20777/deployments/sql-audit-test-env-setup/operations/B1D0DB095C697CDE\",\r\n      \"operationId\": \"B1D0DB095C697CDE\",\r\n      \"properties\": {\r\n        \"provisioningState\": \"Succeeded\",\r\n        \"timestamp\": \"2015-05-22T08:56:00.0192169Z\",\r\n        \"duration\": \"PT9.7365182S\",\r\n        \"trackingId\": \"eb8c69a6-03ba-483f-9807-0d0943bc8aa3\",\r\n        \"statusCode\": \"Created\",\r\n        \"targetResource\": {\r\n          \"id\": \"/subscriptions/cca24ec8-99b5-4aa7-9ff6-486e886f304c/resourceGroups/sql-dm-cmdlet-test-rg20777/providers/Microsoft.Sql/servers/sql-dm-cmdlet-server20777\",\r\n          \"resourceType\": \"Microsoft.Sql/servers\",\r\n          \"resourceName\": \"sql-dm-cmdlet-server20777\"\r\n        }\r\n      }\r\n    }\r\n  ]\r\n}",
      "ResponseHeaders": {
        "Content-Length": [
          "663"
        ],
        "Content-Type": [
          "application/json; charset=utf-8"
        ],
        "Expires": [
          "-1"
        ],
        "Pragma": [
          "no-cache"
        ],
        "x-ms-ratelimit-remaining-subscription-reads": [
          "14968"
        ],
        "x-ms-request-id": [
          "964f5bba-cc2e-4979-ad35-bb81f0ee9a28"
        ],
        "x-ms-correlation-request-id": [
          "964f5bba-cc2e-4979-ad35-bb81f0ee9a28"
        ],
        "x-ms-routing-request-id": [
          "WESTEUROPE:20150522T085600Z:964f5bba-cc2e-4979-ad35-bb81f0ee9a28"
        ],
        "Strict-Transport-Security": [
          "max-age=31536000; includeSubDomains"
        ],
        "Cache-Control": [
          "no-cache"
        ],
        "Date": [
          "Fri, 22 May 2015 08:56:00 GMT"
        ]
      },
      "StatusCode": 200
    },
    {
      "RequestUri": "/subscriptions/cca24ec8-99b5-4aa7-9ff6-486e886f304c/resourcegroups/sql-dm-cmdlet-test-rg20777/deployments/sql-audit-test-env-setup/operations?api-version=2014-04-01-preview",
      "EncodedRequestUri": "L3N1YnNjcmlwdGlvbnMvY2NhMjRlYzgtOTliNS00YWE3LTlmZjYtNDg2ZTg4NmYzMDRjL3Jlc291cmNlZ3JvdXBzL3NxbC1kbS1jbWRsZXQtdGVzdC1yZzIwNzc3L2RlcGxveW1lbnRzL3NxbC1hdWRpdC10ZXN0LWVudi1zZXR1cC9vcGVyYXRpb25zP2FwaS12ZXJzaW9uPTIwMTQtMDQtMDEtcHJldmlldw==",
      "RequestMethod": "GET",
      "RequestBody": "",
      "RequestHeaders": {
        "User-Agent": [
          "Microsoft.Azure.Management.Resources.ResourceManagementClient/2.0.0.0"
        ]
      },
      "ResponseBody": "{\r\n  \"value\": [\r\n    {\r\n      \"id\": \"/subscriptions/cca24ec8-99b5-4aa7-9ff6-486e886f304c/resourceGroups/sql-dm-cmdlet-test-rg20777/deployments/sql-audit-test-env-setup/operations/B1D0DB095C697CDE\",\r\n      \"operationId\": \"B1D0DB095C697CDE\",\r\n      \"properties\": {\r\n        \"provisioningState\": \"Succeeded\",\r\n        \"timestamp\": \"2015-05-22T08:56:00.0192169Z\",\r\n        \"duration\": \"PT9.7365182S\",\r\n        \"trackingId\": \"eb8c69a6-03ba-483f-9807-0d0943bc8aa3\",\r\n        \"statusCode\": \"Created\",\r\n        \"targetResource\": {\r\n          \"id\": \"/subscriptions/cca24ec8-99b5-4aa7-9ff6-486e886f304c/resourceGroups/sql-dm-cmdlet-test-rg20777/providers/Microsoft.Sql/servers/sql-dm-cmdlet-server20777\",\r\n          \"resourceType\": \"Microsoft.Sql/servers\",\r\n          \"resourceName\": \"sql-dm-cmdlet-server20777\"\r\n        }\r\n      }\r\n    }\r\n  ]\r\n}",
      "ResponseHeaders": {
        "Content-Length": [
          "663"
        ],
        "Content-Type": [
          "application/json; charset=utf-8"
        ],
        "Expires": [
          "-1"
        ],
        "Pragma": [
          "no-cache"
        ],
        "x-ms-ratelimit-remaining-subscription-reads": [
          "14966"
        ],
        "x-ms-request-id": [
          "23d5cd5a-7e16-453b-a9fe-3d3bbdbac7d6"
        ],
        "x-ms-correlation-request-id": [
          "23d5cd5a-7e16-453b-a9fe-3d3bbdbac7d6"
        ],
        "x-ms-routing-request-id": [
          "WESTEUROPE:20150522T085604Z:23d5cd5a-7e16-453b-a9fe-3d3bbdbac7d6"
        ],
        "Strict-Transport-Security": [
          "max-age=31536000; includeSubDomains"
        ],
        "Cache-Control": [
          "no-cache"
        ],
        "Date": [
          "Fri, 22 May 2015 08:56:03 GMT"
        ]
      },
      "StatusCode": 200
    },
    {
      "RequestUri": "/subscriptions/cca24ec8-99b5-4aa7-9ff6-486e886f304c/resourcegroups/sql-dm-cmdlet-test-rg20777/deployments/sql-audit-test-env-setup/operations?api-version=2014-04-01-preview",
      "EncodedRequestUri": "L3N1YnNjcmlwdGlvbnMvY2NhMjRlYzgtOTliNS00YWE3LTlmZjYtNDg2ZTg4NmYzMDRjL3Jlc291cmNlZ3JvdXBzL3NxbC1kbS1jbWRsZXQtdGVzdC1yZzIwNzc3L2RlcGxveW1lbnRzL3NxbC1hdWRpdC10ZXN0LWVudi1zZXR1cC9vcGVyYXRpb25zP2FwaS12ZXJzaW9uPTIwMTQtMDQtMDEtcHJldmlldw==",
      "RequestMethod": "GET",
      "RequestBody": "",
      "RequestHeaders": {
        "User-Agent": [
          "Microsoft.Azure.Management.Resources.ResourceManagementClient/2.0.0.0"
        ]
      },
      "ResponseBody": "{\r\n  \"value\": [\r\n    {\r\n      \"id\": \"/subscriptions/cca24ec8-99b5-4aa7-9ff6-486e886f304c/resourceGroups/sql-dm-cmdlet-test-rg20777/deployments/sql-audit-test-env-setup/operations/B1D0DB095C697CDE\",\r\n      \"operationId\": \"B1D0DB095C697CDE\",\r\n      \"properties\": {\r\n        \"provisioningState\": \"Succeeded\",\r\n        \"timestamp\": \"2015-05-22T08:56:00.0192169Z\",\r\n        \"duration\": \"PT9.7365182S\",\r\n        \"trackingId\": \"eb8c69a6-03ba-483f-9807-0d0943bc8aa3\",\r\n        \"statusCode\": \"Created\",\r\n        \"targetResource\": {\r\n          \"id\": \"/subscriptions/cca24ec8-99b5-4aa7-9ff6-486e886f304c/resourceGroups/sql-dm-cmdlet-test-rg20777/providers/Microsoft.Sql/servers/sql-dm-cmdlet-server20777\",\r\n          \"resourceType\": \"Microsoft.Sql/servers\",\r\n          \"resourceName\": \"sql-dm-cmdlet-server20777\"\r\n        }\r\n      }\r\n    }\r\n  ]\r\n}",
      "ResponseHeaders": {
        "Content-Length": [
          "663"
        ],
        "Content-Type": [
          "application/json; charset=utf-8"
        ],
        "Expires": [
          "-1"
        ],
        "Pragma": [
          "no-cache"
        ],
        "x-ms-ratelimit-remaining-subscription-reads": [
          "14964"
        ],
        "x-ms-request-id": [
          "65efe146-0ebf-4ac3-83f5-15729af0be83"
        ],
        "x-ms-correlation-request-id": [
          "65efe146-0ebf-4ac3-83f5-15729af0be83"
        ],
        "x-ms-routing-request-id": [
          "WESTEUROPE:20150522T085607Z:65efe146-0ebf-4ac3-83f5-15729af0be83"
        ],
        "Strict-Transport-Security": [
          "max-age=31536000; includeSubDomains"
        ],
        "Cache-Control": [
          "no-cache"
        ],
        "Date": [
          "Fri, 22 May 2015 08:56:06 GMT"
        ]
      },
      "StatusCode": 200
    },
    {
      "RequestUri": "/subscriptions/cca24ec8-99b5-4aa7-9ff6-486e886f304c/resourcegroups/sql-dm-cmdlet-test-rg20777/deployments/sql-audit-test-env-setup/operations?api-version=2014-04-01-preview",
      "EncodedRequestUri": "L3N1YnNjcmlwdGlvbnMvY2NhMjRlYzgtOTliNS00YWE3LTlmZjYtNDg2ZTg4NmYzMDRjL3Jlc291cmNlZ3JvdXBzL3NxbC1kbS1jbWRsZXQtdGVzdC1yZzIwNzc3L2RlcGxveW1lbnRzL3NxbC1hdWRpdC10ZXN0LWVudi1zZXR1cC9vcGVyYXRpb25zP2FwaS12ZXJzaW9uPTIwMTQtMDQtMDEtcHJldmlldw==",
      "RequestMethod": "GET",
      "RequestBody": "",
      "RequestHeaders": {
        "User-Agent": [
          "Microsoft.Azure.Management.Resources.ResourceManagementClient/2.0.0.0"
        ]
      },
      "ResponseBody": "{\r\n  \"value\": [\r\n    {\r\n      \"id\": \"/subscriptions/cca24ec8-99b5-4aa7-9ff6-486e886f304c/resourceGroups/sql-dm-cmdlet-test-rg20777/deployments/sql-audit-test-env-setup/operations/211B56626F770D4C\",\r\n      \"operationId\": \"211B56626F770D4C\",\r\n      \"properties\": {\r\n        \"provisioningState\": \"Succeeded\",\r\n        \"timestamp\": \"2015-05-22T08:56:07.806701Z\",\r\n        \"duration\": \"PT7.1921044S\",\r\n        \"trackingId\": \"0255274b-b6b7-4fc3-bb61-3c5fadcf5a25\",\r\n        \"statusCode\": \"Created\",\r\n        \"targetResource\": {\r\n          \"id\": \"/subscriptions/cca24ec8-99b5-4aa7-9ff6-486e886f304c/resourceGroups/sql-dm-cmdlet-test-rg20777/providers/Microsoft.Sql/servers/sql-dm-cmdlet-server20777/databases/sql-dm-cmdlet-db20777\",\r\n          \"resourceType\": \"Microsoft.Sql/servers/databases\",\r\n          \"resourceName\": \"sql-dm-cmdlet-server20777/sql-dm-cmdlet-db20777\"\r\n        }\r\n      }\r\n    },\r\n    {\r\n      \"id\": \"/subscriptions/cca24ec8-99b5-4aa7-9ff6-486e886f304c/resourceGroups/sql-dm-cmdlet-test-rg20777/deployments/sql-audit-test-env-setup/operations/B1D0DB095C697CDE\",\r\n      \"operationId\": \"B1D0DB095C697CDE\",\r\n      \"properties\": {\r\n        \"provisioningState\": \"Succeeded\",\r\n        \"timestamp\": \"2015-05-22T08:56:00.0192169Z\",\r\n        \"duration\": \"PT9.7365182S\",\r\n        \"trackingId\": \"eb8c69a6-03ba-483f-9807-0d0943bc8aa3\",\r\n        \"statusCode\": \"Created\",\r\n        \"targetResource\": {\r\n          \"id\": \"/subscriptions/cca24ec8-99b5-4aa7-9ff6-486e886f304c/resourceGroups/sql-dm-cmdlet-test-rg20777/providers/Microsoft.Sql/servers/sql-dm-cmdlet-server20777\",\r\n          \"resourceType\": \"Microsoft.Sql/servers\",\r\n          \"resourceName\": \"sql-dm-cmdlet-server20777\"\r\n        }\r\n      }\r\n    }\r\n  ]\r\n}",
      "ResponseHeaders": {
        "Content-Length": [
          "1378"
        ],
        "Content-Type": [
          "application/json; charset=utf-8"
        ],
        "Expires": [
          "-1"
        ],
        "Pragma": [
          "no-cache"
        ],
        "x-ms-ratelimit-remaining-subscription-reads": [
          "14962"
        ],
        "x-ms-request-id": [
          "50c1e798-b8ab-44a4-95ab-09fbe31e7d40"
        ],
        "x-ms-correlation-request-id": [
          "50c1e798-b8ab-44a4-95ab-09fbe31e7d40"
        ],
        "x-ms-routing-request-id": [
          "WESTEUROPE:20150522T085610Z:50c1e798-b8ab-44a4-95ab-09fbe31e7d40"
        ],
        "Strict-Transport-Security": [
          "max-age=31536000; includeSubDomains"
        ],
        "Cache-Control": [
          "no-cache"
        ],
        "Date": [
          "Fri, 22 May 2015 08:56:09 GMT"
        ]
      },
      "StatusCode": 200
    },
    {
      "RequestUri": "/subscriptions/cca24ec8-99b5-4aa7-9ff6-486e886f304c/resourcegroups/sql-dm-cmdlet-test-rg20777/deployments/sql-audit-test-env-setup/operations?api-version=2014-04-01-preview",
      "EncodedRequestUri": "L3N1YnNjcmlwdGlvbnMvY2NhMjRlYzgtOTliNS00YWE3LTlmZjYtNDg2ZTg4NmYzMDRjL3Jlc291cmNlZ3JvdXBzL3NxbC1kbS1jbWRsZXQtdGVzdC1yZzIwNzc3L2RlcGxveW1lbnRzL3NxbC1hdWRpdC10ZXN0LWVudi1zZXR1cC9vcGVyYXRpb25zP2FwaS12ZXJzaW9uPTIwMTQtMDQtMDEtcHJldmlldw==",
      "RequestMethod": "GET",
      "RequestBody": "",
      "RequestHeaders": {
        "User-Agent": [
          "Microsoft.Azure.Management.Resources.ResourceManagementClient/2.0.0.0"
        ]
      },
      "ResponseBody": "{\r\n  \"value\": [\r\n    {\r\n      \"id\": \"/subscriptions/cca24ec8-99b5-4aa7-9ff6-486e886f304c/resourceGroups/sql-dm-cmdlet-test-rg20777/deployments/sql-audit-test-env-setup/operations/211B56626F770D4C\",\r\n      \"operationId\": \"211B56626F770D4C\",\r\n      \"properties\": {\r\n        \"provisioningState\": \"Succeeded\",\r\n        \"timestamp\": \"2015-05-22T08:56:07.806701Z\",\r\n        \"duration\": \"PT7.1921044S\",\r\n        \"trackingId\": \"0255274b-b6b7-4fc3-bb61-3c5fadcf5a25\",\r\n        \"statusCode\": \"Created\",\r\n        \"targetResource\": {\r\n          \"id\": \"/subscriptions/cca24ec8-99b5-4aa7-9ff6-486e886f304c/resourceGroups/sql-dm-cmdlet-test-rg20777/providers/Microsoft.Sql/servers/sql-dm-cmdlet-server20777/databases/sql-dm-cmdlet-db20777\",\r\n          \"resourceType\": \"Microsoft.Sql/servers/databases\",\r\n          \"resourceName\": \"sql-dm-cmdlet-server20777/sql-dm-cmdlet-db20777\"\r\n        }\r\n      }\r\n    },\r\n    {\r\n      \"id\": \"/subscriptions/cca24ec8-99b5-4aa7-9ff6-486e886f304c/resourceGroups/sql-dm-cmdlet-test-rg20777/deployments/sql-audit-test-env-setup/operations/B1D0DB095C697CDE\",\r\n      \"operationId\": \"B1D0DB095C697CDE\",\r\n      \"properties\": {\r\n        \"provisioningState\": \"Succeeded\",\r\n        \"timestamp\": \"2015-05-22T08:56:00.0192169Z\",\r\n        \"duration\": \"PT9.7365182S\",\r\n        \"trackingId\": \"eb8c69a6-03ba-483f-9807-0d0943bc8aa3\",\r\n        \"statusCode\": \"Created\",\r\n        \"targetResource\": {\r\n          \"id\": \"/subscriptions/cca24ec8-99b5-4aa7-9ff6-486e886f304c/resourceGroups/sql-dm-cmdlet-test-rg20777/providers/Microsoft.Sql/servers/sql-dm-cmdlet-server20777\",\r\n          \"resourceType\": \"Microsoft.Sql/servers\",\r\n          \"resourceName\": \"sql-dm-cmdlet-server20777\"\r\n        }\r\n      }\r\n    }\r\n  ]\r\n}",
      "ResponseHeaders": {
        "Content-Length": [
          "1378"
        ],
        "Content-Type": [
          "application/json; charset=utf-8"
        ],
        "Expires": [
          "-1"
        ],
        "Pragma": [
          "no-cache"
        ],
        "x-ms-ratelimit-remaining-subscription-reads": [
          "14960"
        ],
        "x-ms-request-id": [
          "10581b4c-78ce-4ef2-b634-b3fb969f45d9"
        ],
        "x-ms-correlation-request-id": [
          "10581b4c-78ce-4ef2-b634-b3fb969f45d9"
        ],
        "x-ms-routing-request-id": [
          "WESTEUROPE:20150522T085613Z:10581b4c-78ce-4ef2-b634-b3fb969f45d9"
        ],
        "Strict-Transport-Security": [
          "max-age=31536000; includeSubDomains"
        ],
        "Cache-Control": [
          "no-cache"
        ],
        "Date": [
          "Fri, 22 May 2015 08:56:12 GMT"
        ]
      },
      "StatusCode": 200
    },
    {
      "RequestUri": "/subscriptions/cca24ec8-99b5-4aa7-9ff6-486e886f304c/resourcegroups/sql-dm-cmdlet-test-rg20777/deployments/sql-audit-test-env-setup?api-version=2014-04-01-preview",
      "EncodedRequestUri": "L3N1YnNjcmlwdGlvbnMvY2NhMjRlYzgtOTliNS00YWE3LTlmZjYtNDg2ZTg4NmYzMDRjL3Jlc291cmNlZ3JvdXBzL3NxbC1kbS1jbWRsZXQtdGVzdC1yZzIwNzc3L2RlcGxveW1lbnRzL3NxbC1hdWRpdC10ZXN0LWVudi1zZXR1cD9hcGktdmVyc2lvbj0yMDE0LTA0LTAxLXByZXZpZXc=",
      "RequestMethod": "GET",
      "RequestBody": "",
      "RequestHeaders": {
        "User-Agent": [
          "Microsoft.Azure.Management.Resources.ResourceManagementClient/2.0.0.0"
        ]
      },
      "ResponseBody": "{\r\n  \"id\": \"/subscriptions/cca24ec8-99b5-4aa7-9ff6-486e886f304c/resourceGroups/sql-dm-cmdlet-test-rg20777/deployments/sql-audit-test-env-setup\",\r\n  \"name\": \"sql-audit-test-env-setup\",\r\n  \"properties\": {\r\n    \"parameters\": {\r\n      \"administratorLogin\": {\r\n        \"type\": \"String\",\r\n        \"value\": \"testlogin\"\r\n      },\r\n      \"administratorLoginPassword\": {\r\n        \"type\": \"SecureString\"\r\n      },\r\n      \"collation\": {\r\n        \"type\": \"String\",\r\n        \"value\": \"SQL_Latin1_General_CP1_CI_AS\"\r\n      },\r\n      \"databaseName\": {\r\n        \"type\": \"String\",\r\n        \"value\": \"sql-dm-cmdlet-db20777\"\r\n      },\r\n      \"edition\": {\r\n        \"type\": \"String\",\r\n        \"value\": \"Basic\"\r\n      },\r\n      \"configuredServiceLevelObjectiveId\": {\r\n        \"type\": \"String\",\r\n        \"value\": \"910b4fcb-8a29-4c3e-958f-f7ba794388b2\"\r\n      },\r\n      \"envLocation\": {\r\n        \"type\": \"String\",\r\n        \"value\": \"West US\"\r\n      },\r\n      \"serverName\": {\r\n        \"type\": \"String\",\r\n        \"value\": \"sql-dm-cmdlet-server20777\"\r\n      }\r\n    },\r\n    \"mode\": \"Incremental\",\r\n    \"provisioningState\": \"Accepted\",\r\n    \"timestamp\": \"2015-05-22T08:55:47.7219079Z\",\r\n    \"duration\": \"PT1.0894954S\",\r\n    \"correlationId\": \"c2594a30-8010-4f03-8a7b-a198601946d8\",\r\n    \"providers\": [\r\n      {\r\n        \"namespace\": \"Microsoft.Sql\",\r\n        \"resourceTypes\": [\r\n          {\r\n            \"resourceType\": \"servers\",\r\n            \"locations\": [\r\n              \"westus\"\r\n            ]\r\n          },\r\n          {\r\n            \"resourceType\": \"servers/databases\",\r\n            \"locations\": [\r\n              \"westus\"\r\n            ]\r\n          }\r\n        ]\r\n      }\r\n    ],\r\n    \"dependencies\": [\r\n      {\r\n        \"dependsOn\": [\r\n          {\r\n            \"id\": \"/subscriptions/cca24ec8-99b5-4aa7-9ff6-486e886f304c/resourceGroups/sql-dm-cmdlet-test-rg20777/providers/Microsoft.Sql/servers/sql-dm-cmdlet-server20777\",\r\n            \"resourceType\": \"Microsoft.Sql/servers\",\r\n            \"resourceName\": \"sql-dm-cmdlet-server20777\"\r\n          }\r\n        ],\r\n        \"id\": \"/subscriptions/cca24ec8-99b5-4aa7-9ff6-486e886f304c/resourceGroups/sql-dm-cmdlet-test-rg20777/providers/Microsoft.Sql/servers/sql-dm-cmdlet-server20777/databases/sql-dm-cmdlet-db20777\",\r\n        \"resourceType\": \"Microsoft.Sql/servers/databases\",\r\n        \"resourceName\": \"sql-dm-cmdlet-server20777/sql-dm-cmdlet-db20777\"\r\n      }\r\n    ]\r\n  }\r\n}",
      "ResponseHeaders": {
        "Content-Length": [
          "1640"
        ],
        "Content-Type": [
          "application/json; charset=utf-8"
        ],
        "Expires": [
          "-1"
        ],
        "Pragma": [
          "no-cache"
        ],
        "x-ms-ratelimit-remaining-subscription-reads": [
          "14975"
        ],
        "x-ms-request-id": [
          "ae94b22f-584c-4605-b15e-fba9ee428f40"
        ],
        "x-ms-correlation-request-id": [
          "ae94b22f-584c-4605-b15e-fba9ee428f40"
        ],
        "x-ms-routing-request-id": [
          "WESTEUROPE:20150522T085549Z:ae94b22f-584c-4605-b15e-fba9ee428f40"
        ],
        "Strict-Transport-Security": [
          "max-age=31536000; includeSubDomains"
        ],
        "Cache-Control": [
          "no-cache"
        ],
        "Date": [
          "Fri, 22 May 2015 08:55:48 GMT"
        ]
      },
      "StatusCode": 200
    },
    {
      "RequestUri": "/subscriptions/cca24ec8-99b5-4aa7-9ff6-486e886f304c/resourcegroups/sql-dm-cmdlet-test-rg20777/deployments/sql-audit-test-env-setup?api-version=2014-04-01-preview",
      "EncodedRequestUri": "L3N1YnNjcmlwdGlvbnMvY2NhMjRlYzgtOTliNS00YWE3LTlmZjYtNDg2ZTg4NmYzMDRjL3Jlc291cmNlZ3JvdXBzL3NxbC1kbS1jbWRsZXQtdGVzdC1yZzIwNzc3L2RlcGxveW1lbnRzL3NxbC1hdWRpdC10ZXN0LWVudi1zZXR1cD9hcGktdmVyc2lvbj0yMDE0LTA0LTAxLXByZXZpZXc=",
      "RequestMethod": "GET",
      "RequestBody": "",
      "RequestHeaders": {
        "User-Agent": [
          "Microsoft.Azure.Management.Resources.ResourceManagementClient/2.0.0.0"
        ]
      },
      "ResponseBody": "{\r\n  \"id\": \"/subscriptions/cca24ec8-99b5-4aa7-9ff6-486e886f304c/resourceGroups/sql-dm-cmdlet-test-rg20777/deployments/sql-audit-test-env-setup\",\r\n  \"name\": \"sql-audit-test-env-setup\",\r\n  \"properties\": {\r\n    \"parameters\": {\r\n      \"administratorLogin\": {\r\n        \"type\": \"String\",\r\n        \"value\": \"testlogin\"\r\n      },\r\n      \"administratorLoginPassword\": {\r\n        \"type\": \"SecureString\"\r\n      },\r\n      \"collation\": {\r\n        \"type\": \"String\",\r\n        \"value\": \"SQL_Latin1_General_CP1_CI_AS\"\r\n      },\r\n      \"databaseName\": {\r\n        \"type\": \"String\",\r\n        \"value\": \"sql-dm-cmdlet-db20777\"\r\n      },\r\n      \"edition\": {\r\n        \"type\": \"String\",\r\n        \"value\": \"Basic\"\r\n      },\r\n      \"configuredServiceLevelObjectiveId\": {\r\n        \"type\": \"String\",\r\n        \"value\": \"910b4fcb-8a29-4c3e-958f-f7ba794388b2\"\r\n      },\r\n      \"envLocation\": {\r\n        \"type\": \"String\",\r\n        \"value\": \"West US\"\r\n      },\r\n      \"serverName\": {\r\n        \"type\": \"String\",\r\n        \"value\": \"sql-dm-cmdlet-server20777\"\r\n      }\r\n    },\r\n    \"mode\": \"Incremental\",\r\n    \"provisioningState\": \"Running\",\r\n    \"timestamp\": \"2015-05-22T08:55:49.7833753Z\",\r\n    \"duration\": \"PT3.1509628S\",\r\n    \"correlationId\": \"c2594a30-8010-4f03-8a7b-a198601946d8\",\r\n    \"providers\": [\r\n      {\r\n        \"namespace\": \"Microsoft.Sql\",\r\n        \"resourceTypes\": [\r\n          {\r\n            \"resourceType\": \"servers\",\r\n            \"locations\": [\r\n              \"westus\"\r\n            ]\r\n          },\r\n          {\r\n            \"resourceType\": \"servers/databases\",\r\n            \"locations\": [\r\n              \"westus\"\r\n            ]\r\n          }\r\n        ]\r\n      }\r\n    ],\r\n    \"dependencies\": [\r\n      {\r\n        \"dependsOn\": [\r\n          {\r\n            \"id\": \"/subscriptions/cca24ec8-99b5-4aa7-9ff6-486e886f304c/resourceGroups/sql-dm-cmdlet-test-rg20777/providers/Microsoft.Sql/servers/sql-dm-cmdlet-server20777\",\r\n            \"resourceType\": \"Microsoft.Sql/servers\",\r\n            \"resourceName\": \"sql-dm-cmdlet-server20777\"\r\n          }\r\n        ],\r\n        \"id\": \"/subscriptions/cca24ec8-99b5-4aa7-9ff6-486e886f304c/resourceGroups/sql-dm-cmdlet-test-rg20777/providers/Microsoft.Sql/servers/sql-dm-cmdlet-server20777/databases/sql-dm-cmdlet-db20777\",\r\n        \"resourceType\": \"Microsoft.Sql/servers/databases\",\r\n        \"resourceName\": \"sql-dm-cmdlet-server20777/sql-dm-cmdlet-db20777\"\r\n      }\r\n    ]\r\n  }\r\n}",
      "ResponseHeaders": {
        "Content-Length": [
          "1639"
        ],
        "Content-Type": [
          "application/json; charset=utf-8"
        ],
        "Expires": [
          "-1"
        ],
        "Pragma": [
          "no-cache"
        ],
        "x-ms-ratelimit-remaining-subscription-reads": [
          "14973"
        ],
        "x-ms-request-id": [
          "28918104-b077-4d69-b17e-b4c33d2b2d5b"
        ],
        "x-ms-correlation-request-id": [
          "28918104-b077-4d69-b17e-b4c33d2b2d5b"
        ],
        "x-ms-routing-request-id": [
          "WESTEUROPE:20150522T085552Z:28918104-b077-4d69-b17e-b4c33d2b2d5b"
        ],
        "Strict-Transport-Security": [
          "max-age=31536000; includeSubDomains"
        ],
        "Cache-Control": [
          "no-cache"
        ],
        "Date": [
          "Fri, 22 May 2015 08:55:51 GMT"
        ]
      },
      "StatusCode": 200
    },
    {
      "RequestUri": "/subscriptions/cca24ec8-99b5-4aa7-9ff6-486e886f304c/resourcegroups/sql-dm-cmdlet-test-rg20777/deployments/sql-audit-test-env-setup?api-version=2014-04-01-preview",
      "EncodedRequestUri": "L3N1YnNjcmlwdGlvbnMvY2NhMjRlYzgtOTliNS00YWE3LTlmZjYtNDg2ZTg4NmYzMDRjL3Jlc291cmNlZ3JvdXBzL3NxbC1kbS1jbWRsZXQtdGVzdC1yZzIwNzc3L2RlcGxveW1lbnRzL3NxbC1hdWRpdC10ZXN0LWVudi1zZXR1cD9hcGktdmVyc2lvbj0yMDE0LTA0LTAxLXByZXZpZXc=",
      "RequestMethod": "GET",
      "RequestBody": "",
      "RequestHeaders": {
        "User-Agent": [
          "Microsoft.Azure.Management.Resources.ResourceManagementClient/2.0.0.0"
        ]
      },
      "ResponseBody": "{\r\n  \"id\": \"/subscriptions/cca24ec8-99b5-4aa7-9ff6-486e886f304c/resourceGroups/sql-dm-cmdlet-test-rg20777/deployments/sql-audit-test-env-setup\",\r\n  \"name\": \"sql-audit-test-env-setup\",\r\n  \"properties\": {\r\n    \"parameters\": {\r\n      \"administratorLogin\": {\r\n        \"type\": \"String\",\r\n        \"value\": \"testlogin\"\r\n      },\r\n      \"administratorLoginPassword\": {\r\n        \"type\": \"SecureString\"\r\n      },\r\n      \"collation\": {\r\n        \"type\": \"String\",\r\n        \"value\": \"SQL_Latin1_General_CP1_CI_AS\"\r\n      },\r\n      \"databaseName\": {\r\n        \"type\": \"String\",\r\n        \"value\": \"sql-dm-cmdlet-db20777\"\r\n      },\r\n      \"edition\": {\r\n        \"type\": \"String\",\r\n        \"value\": \"Basic\"\r\n      },\r\n      \"configuredServiceLevelObjectiveId\": {\r\n        \"type\": \"String\",\r\n        \"value\": \"910b4fcb-8a29-4c3e-958f-f7ba794388b2\"\r\n      },\r\n      \"envLocation\": {\r\n        \"type\": \"String\",\r\n        \"value\": \"West US\"\r\n      },\r\n      \"serverName\": {\r\n        \"type\": \"String\",\r\n        \"value\": \"sql-dm-cmdlet-server20777\"\r\n      }\r\n    },\r\n    \"mode\": \"Incremental\",\r\n    \"provisioningState\": \"Running\",\r\n    \"timestamp\": \"2015-05-22T08:55:49.7833753Z\",\r\n    \"duration\": \"PT3.1509628S\",\r\n    \"correlationId\": \"c2594a30-8010-4f03-8a7b-a198601946d8\",\r\n    \"providers\": [\r\n      {\r\n        \"namespace\": \"Microsoft.Sql\",\r\n        \"resourceTypes\": [\r\n          {\r\n            \"resourceType\": \"servers\",\r\n            \"locations\": [\r\n              \"westus\"\r\n            ]\r\n          },\r\n          {\r\n            \"resourceType\": \"servers/databases\",\r\n            \"locations\": [\r\n              \"westus\"\r\n            ]\r\n          }\r\n        ]\r\n      }\r\n    ],\r\n    \"dependencies\": [\r\n      {\r\n        \"dependsOn\": [\r\n          {\r\n            \"id\": \"/subscriptions/cca24ec8-99b5-4aa7-9ff6-486e886f304c/resourceGroups/sql-dm-cmdlet-test-rg20777/providers/Microsoft.Sql/servers/sql-dm-cmdlet-server20777\",\r\n            \"resourceType\": \"Microsoft.Sql/servers\",\r\n            \"resourceName\": \"sql-dm-cmdlet-server20777\"\r\n          }\r\n        ],\r\n        \"id\": \"/subscriptions/cca24ec8-99b5-4aa7-9ff6-486e886f304c/resourceGroups/sql-dm-cmdlet-test-rg20777/providers/Microsoft.Sql/servers/sql-dm-cmdlet-server20777/databases/sql-dm-cmdlet-db20777\",\r\n        \"resourceType\": \"Microsoft.Sql/servers/databases\",\r\n        \"resourceName\": \"sql-dm-cmdlet-server20777/sql-dm-cmdlet-db20777\"\r\n      }\r\n    ]\r\n  }\r\n}",
      "ResponseHeaders": {
        "Content-Length": [
          "1639"
        ],
        "Content-Type": [
          "application/json; charset=utf-8"
        ],
        "Expires": [
          "-1"
        ],
        "Pragma": [
          "no-cache"
        ],
        "x-ms-ratelimit-remaining-subscription-reads": [
          "14971"
        ],
        "x-ms-request-id": [
          "7306b428-db96-4787-adfa-e7dac5eac430"
        ],
        "x-ms-correlation-request-id": [
          "7306b428-db96-4787-adfa-e7dac5eac430"
        ],
        "x-ms-routing-request-id": [
          "WESTEUROPE:20150522T085555Z:7306b428-db96-4787-adfa-e7dac5eac430"
        ],
        "Strict-Transport-Security": [
          "max-age=31536000; includeSubDomains"
        ],
        "Cache-Control": [
          "no-cache"
        ],
        "Date": [
          "Fri, 22 May 2015 08:55:54 GMT"
        ]
      },
      "StatusCode": 200
    },
    {
      "RequestUri": "/subscriptions/cca24ec8-99b5-4aa7-9ff6-486e886f304c/resourcegroups/sql-dm-cmdlet-test-rg20777/deployments/sql-audit-test-env-setup?api-version=2014-04-01-preview",
      "EncodedRequestUri": "L3N1YnNjcmlwdGlvbnMvY2NhMjRlYzgtOTliNS00YWE3LTlmZjYtNDg2ZTg4NmYzMDRjL3Jlc291cmNlZ3JvdXBzL3NxbC1kbS1jbWRsZXQtdGVzdC1yZzIwNzc3L2RlcGxveW1lbnRzL3NxbC1hdWRpdC10ZXN0LWVudi1zZXR1cD9hcGktdmVyc2lvbj0yMDE0LTA0LTAxLXByZXZpZXc=",
      "RequestMethod": "GET",
      "RequestBody": "",
      "RequestHeaders": {
        "User-Agent": [
          "Microsoft.Azure.Management.Resources.ResourceManagementClient/2.0.0.0"
        ]
      },
      "ResponseBody": "{\r\n  \"id\": \"/subscriptions/cca24ec8-99b5-4aa7-9ff6-486e886f304c/resourceGroups/sql-dm-cmdlet-test-rg20777/deployments/sql-audit-test-env-setup\",\r\n  \"name\": \"sql-audit-test-env-setup\",\r\n  \"properties\": {\r\n    \"parameters\": {\r\n      \"administratorLogin\": {\r\n        \"type\": \"String\",\r\n        \"value\": \"testlogin\"\r\n      },\r\n      \"administratorLoginPassword\": {\r\n        \"type\": \"SecureString\"\r\n      },\r\n      \"collation\": {\r\n        \"type\": \"String\",\r\n        \"value\": \"SQL_Latin1_General_CP1_CI_AS\"\r\n      },\r\n      \"databaseName\": {\r\n        \"type\": \"String\",\r\n        \"value\": \"sql-dm-cmdlet-db20777\"\r\n      },\r\n      \"edition\": {\r\n        \"type\": \"String\",\r\n        \"value\": \"Basic\"\r\n      },\r\n      \"configuredServiceLevelObjectiveId\": {\r\n        \"type\": \"String\",\r\n        \"value\": \"910b4fcb-8a29-4c3e-958f-f7ba794388b2\"\r\n      },\r\n      \"envLocation\": {\r\n        \"type\": \"String\",\r\n        \"value\": \"West US\"\r\n      },\r\n      \"serverName\": {\r\n        \"type\": \"String\",\r\n        \"value\": \"sql-dm-cmdlet-server20777\"\r\n      }\r\n    },\r\n    \"mode\": \"Incremental\",\r\n    \"provisioningState\": \"Running\",\r\n    \"timestamp\": \"2015-05-22T08:55:49.7833753Z\",\r\n    \"duration\": \"PT3.1509628S\",\r\n    \"correlationId\": \"c2594a30-8010-4f03-8a7b-a198601946d8\",\r\n    \"providers\": [\r\n      {\r\n        \"namespace\": \"Microsoft.Sql\",\r\n        \"resourceTypes\": [\r\n          {\r\n            \"resourceType\": \"servers\",\r\n            \"locations\": [\r\n              \"westus\"\r\n            ]\r\n          },\r\n          {\r\n            \"resourceType\": \"servers/databases\",\r\n            \"locations\": [\r\n              \"westus\"\r\n            ]\r\n          }\r\n        ]\r\n      }\r\n    ],\r\n    \"dependencies\": [\r\n      {\r\n        \"dependsOn\": [\r\n          {\r\n            \"id\": \"/subscriptions/cca24ec8-99b5-4aa7-9ff6-486e886f304c/resourceGroups/sql-dm-cmdlet-test-rg20777/providers/Microsoft.Sql/servers/sql-dm-cmdlet-server20777\",\r\n            \"resourceType\": \"Microsoft.Sql/servers\",\r\n            \"resourceName\": \"sql-dm-cmdlet-server20777\"\r\n          }\r\n        ],\r\n        \"id\": \"/subscriptions/cca24ec8-99b5-4aa7-9ff6-486e886f304c/resourceGroups/sql-dm-cmdlet-test-rg20777/providers/Microsoft.Sql/servers/sql-dm-cmdlet-server20777/databases/sql-dm-cmdlet-db20777\",\r\n        \"resourceType\": \"Microsoft.Sql/servers/databases\",\r\n        \"resourceName\": \"sql-dm-cmdlet-server20777/sql-dm-cmdlet-db20777\"\r\n      }\r\n    ]\r\n  }\r\n}",
      "ResponseHeaders": {
        "Content-Length": [
          "1639"
        ],
        "Content-Type": [
          "application/json; charset=utf-8"
        ],
        "Expires": [
          "-1"
        ],
        "Pragma": [
          "no-cache"
        ],
        "x-ms-ratelimit-remaining-subscription-reads": [
          "14969"
        ],
        "x-ms-request-id": [
          "246093e5-64fb-427a-a5f5-5104644d7794"
        ],
        "x-ms-correlation-request-id": [
          "246093e5-64fb-427a-a5f5-5104644d7794"
        ],
        "x-ms-routing-request-id": [
          "WESTEUROPE:20150522T085558Z:246093e5-64fb-427a-a5f5-5104644d7794"
        ],
        "Strict-Transport-Security": [
          "max-age=31536000; includeSubDomains"
        ],
        "Cache-Control": [
          "no-cache"
        ],
        "Date": [
          "Fri, 22 May 2015 08:55:57 GMT"
        ]
      },
      "StatusCode": 200
    },
    {
      "RequestUri": "/subscriptions/cca24ec8-99b5-4aa7-9ff6-486e886f304c/resourcegroups/sql-dm-cmdlet-test-rg20777/deployments/sql-audit-test-env-setup?api-version=2014-04-01-preview",
      "EncodedRequestUri": "L3N1YnNjcmlwdGlvbnMvY2NhMjRlYzgtOTliNS00YWE3LTlmZjYtNDg2ZTg4NmYzMDRjL3Jlc291cmNlZ3JvdXBzL3NxbC1kbS1jbWRsZXQtdGVzdC1yZzIwNzc3L2RlcGxveW1lbnRzL3NxbC1hdWRpdC10ZXN0LWVudi1zZXR1cD9hcGktdmVyc2lvbj0yMDE0LTA0LTAxLXByZXZpZXc=",
      "RequestMethod": "GET",
      "RequestBody": "",
      "RequestHeaders": {
        "User-Agent": [
          "Microsoft.Azure.Management.Resources.ResourceManagementClient/2.0.0.0"
        ]
      },
      "ResponseBody": "{\r\n  \"id\": \"/subscriptions/cca24ec8-99b5-4aa7-9ff6-486e886f304c/resourceGroups/sql-dm-cmdlet-test-rg20777/deployments/sql-audit-test-env-setup\",\r\n  \"name\": \"sql-audit-test-env-setup\",\r\n  \"properties\": {\r\n    \"parameters\": {\r\n      \"administratorLogin\": {\r\n        \"type\": \"String\",\r\n        \"value\": \"testlogin\"\r\n      },\r\n      \"administratorLoginPassword\": {\r\n        \"type\": \"SecureString\"\r\n      },\r\n      \"collation\": {\r\n        \"type\": \"String\",\r\n        \"value\": \"SQL_Latin1_General_CP1_CI_AS\"\r\n      },\r\n      \"databaseName\": {\r\n        \"type\": \"String\",\r\n        \"value\": \"sql-dm-cmdlet-db20777\"\r\n      },\r\n      \"edition\": {\r\n        \"type\": \"String\",\r\n        \"value\": \"Basic\"\r\n      },\r\n      \"configuredServiceLevelObjectiveId\": {\r\n        \"type\": \"String\",\r\n        \"value\": \"910b4fcb-8a29-4c3e-958f-f7ba794388b2\"\r\n      },\r\n      \"envLocation\": {\r\n        \"type\": \"String\",\r\n        \"value\": \"West US\"\r\n      },\r\n      \"serverName\": {\r\n        \"type\": \"String\",\r\n        \"value\": \"sql-dm-cmdlet-server20777\"\r\n      }\r\n    },\r\n    \"mode\": \"Incremental\",\r\n    \"provisioningState\": \"Running\",\r\n    \"timestamp\": \"2015-05-22T08:55:49.7833753Z\",\r\n    \"duration\": \"PT3.1509628S\",\r\n    \"correlationId\": \"c2594a30-8010-4f03-8a7b-a198601946d8\",\r\n    \"providers\": [\r\n      {\r\n        \"namespace\": \"Microsoft.Sql\",\r\n        \"resourceTypes\": [\r\n          {\r\n            \"resourceType\": \"servers\",\r\n            \"locations\": [\r\n              \"westus\"\r\n            ]\r\n          },\r\n          {\r\n            \"resourceType\": \"servers/databases\",\r\n            \"locations\": [\r\n              \"westus\"\r\n            ]\r\n          }\r\n        ]\r\n      }\r\n    ],\r\n    \"dependencies\": [\r\n      {\r\n        \"dependsOn\": [\r\n          {\r\n            \"id\": \"/subscriptions/cca24ec8-99b5-4aa7-9ff6-486e886f304c/resourceGroups/sql-dm-cmdlet-test-rg20777/providers/Microsoft.Sql/servers/sql-dm-cmdlet-server20777\",\r\n            \"resourceType\": \"Microsoft.Sql/servers\",\r\n            \"resourceName\": \"sql-dm-cmdlet-server20777\"\r\n          }\r\n        ],\r\n        \"id\": \"/subscriptions/cca24ec8-99b5-4aa7-9ff6-486e886f304c/resourceGroups/sql-dm-cmdlet-test-rg20777/providers/Microsoft.Sql/servers/sql-dm-cmdlet-server20777/databases/sql-dm-cmdlet-db20777\",\r\n        \"resourceType\": \"Microsoft.Sql/servers/databases\",\r\n        \"resourceName\": \"sql-dm-cmdlet-server20777/sql-dm-cmdlet-db20777\"\r\n      }\r\n    ]\r\n  }\r\n}",
      "ResponseHeaders": {
        "Content-Length": [
          "1639"
        ],
        "Content-Type": [
          "application/json; charset=utf-8"
        ],
        "Expires": [
          "-1"
        ],
        "Pragma": [
          "no-cache"
        ],
        "x-ms-ratelimit-remaining-subscription-reads": [
          "14967"
        ],
        "x-ms-request-id": [
          "c16f7240-5da9-479d-a45e-6ba9028c2ab1"
        ],
        "x-ms-correlation-request-id": [
          "c16f7240-5da9-479d-a45e-6ba9028c2ab1"
        ],
        "x-ms-routing-request-id": [
          "WESTEUROPE:20150522T085601Z:c16f7240-5da9-479d-a45e-6ba9028c2ab1"
        ],
        "Strict-Transport-Security": [
          "max-age=31536000; includeSubDomains"
        ],
        "Cache-Control": [
          "no-cache"
        ],
        "Date": [
          "Fri, 22 May 2015 08:56:00 GMT"
        ]
      },
      "StatusCode": 200
    },
    {
      "RequestUri": "/subscriptions/cca24ec8-99b5-4aa7-9ff6-486e886f304c/resourcegroups/sql-dm-cmdlet-test-rg20777/deployments/sql-audit-test-env-setup?api-version=2014-04-01-preview",
      "EncodedRequestUri": "L3N1YnNjcmlwdGlvbnMvY2NhMjRlYzgtOTliNS00YWE3LTlmZjYtNDg2ZTg4NmYzMDRjL3Jlc291cmNlZ3JvdXBzL3NxbC1kbS1jbWRsZXQtdGVzdC1yZzIwNzc3L2RlcGxveW1lbnRzL3NxbC1hdWRpdC10ZXN0LWVudi1zZXR1cD9hcGktdmVyc2lvbj0yMDE0LTA0LTAxLXByZXZpZXc=",
      "RequestMethod": "GET",
      "RequestBody": "",
      "RequestHeaders": {
        "User-Agent": [
          "Microsoft.Azure.Management.Resources.ResourceManagementClient/2.0.0.0"
        ]
      },
      "ResponseBody": "{\r\n  \"id\": \"/subscriptions/cca24ec8-99b5-4aa7-9ff6-486e886f304c/resourceGroups/sql-dm-cmdlet-test-rg20777/deployments/sql-audit-test-env-setup\",\r\n  \"name\": \"sql-audit-test-env-setup\",\r\n  \"properties\": {\r\n    \"parameters\": {\r\n      \"administratorLogin\": {\r\n        \"type\": \"String\",\r\n        \"value\": \"testlogin\"\r\n      },\r\n      \"administratorLoginPassword\": {\r\n        \"type\": \"SecureString\"\r\n      },\r\n      \"collation\": {\r\n        \"type\": \"String\",\r\n        \"value\": \"SQL_Latin1_General_CP1_CI_AS\"\r\n      },\r\n      \"databaseName\": {\r\n        \"type\": \"String\",\r\n        \"value\": \"sql-dm-cmdlet-db20777\"\r\n      },\r\n      \"edition\": {\r\n        \"type\": \"String\",\r\n        \"value\": \"Basic\"\r\n      },\r\n      \"configuredServiceLevelObjectiveId\": {\r\n        \"type\": \"String\",\r\n        \"value\": \"910b4fcb-8a29-4c3e-958f-f7ba794388b2\"\r\n      },\r\n      \"envLocation\": {\r\n        \"type\": \"String\",\r\n        \"value\": \"West US\"\r\n      },\r\n      \"serverName\": {\r\n        \"type\": \"String\",\r\n        \"value\": \"sql-dm-cmdlet-server20777\"\r\n      }\r\n    },\r\n    \"mode\": \"Incremental\",\r\n    \"provisioningState\": \"Running\",\r\n    \"timestamp\": \"2015-05-22T08:55:49.7833753Z\",\r\n    \"duration\": \"PT3.1509628S\",\r\n    \"correlationId\": \"c2594a30-8010-4f03-8a7b-a198601946d8\",\r\n    \"providers\": [\r\n      {\r\n        \"namespace\": \"Microsoft.Sql\",\r\n        \"resourceTypes\": [\r\n          {\r\n            \"resourceType\": \"servers\",\r\n            \"locations\": [\r\n              \"westus\"\r\n            ]\r\n          },\r\n          {\r\n            \"resourceType\": \"servers/databases\",\r\n            \"locations\": [\r\n              \"westus\"\r\n            ]\r\n          }\r\n        ]\r\n      }\r\n    ],\r\n    \"dependencies\": [\r\n      {\r\n        \"dependsOn\": [\r\n          {\r\n            \"id\": \"/subscriptions/cca24ec8-99b5-4aa7-9ff6-486e886f304c/resourceGroups/sql-dm-cmdlet-test-rg20777/providers/Microsoft.Sql/servers/sql-dm-cmdlet-server20777\",\r\n            \"resourceType\": \"Microsoft.Sql/servers\",\r\n            \"resourceName\": \"sql-dm-cmdlet-server20777\"\r\n          }\r\n        ],\r\n        \"id\": \"/subscriptions/cca24ec8-99b5-4aa7-9ff6-486e886f304c/resourceGroups/sql-dm-cmdlet-test-rg20777/providers/Microsoft.Sql/servers/sql-dm-cmdlet-server20777/databases/sql-dm-cmdlet-db20777\",\r\n        \"resourceType\": \"Microsoft.Sql/servers/databases\",\r\n        \"resourceName\": \"sql-dm-cmdlet-server20777/sql-dm-cmdlet-db20777\"\r\n      }\r\n    ]\r\n  }\r\n}",
      "ResponseHeaders": {
        "Content-Length": [
          "1639"
        ],
        "Content-Type": [
          "application/json; charset=utf-8"
        ],
        "Expires": [
          "-1"
        ],
        "Pragma": [
          "no-cache"
        ],
        "x-ms-ratelimit-remaining-subscription-reads": [
          "14965"
        ],
        "x-ms-request-id": [
          "bff02f09-102e-4d0e-b7d1-28da1e26b577"
        ],
        "x-ms-correlation-request-id": [
          "bff02f09-102e-4d0e-b7d1-28da1e26b577"
        ],
        "x-ms-routing-request-id": [
          "WESTEUROPE:20150522T085604Z:bff02f09-102e-4d0e-b7d1-28da1e26b577"
        ],
        "Strict-Transport-Security": [
          "max-age=31536000; includeSubDomains"
        ],
        "Cache-Control": [
          "no-cache"
        ],
        "Date": [
          "Fri, 22 May 2015 08:56:03 GMT"
        ]
      },
      "StatusCode": 200
    },
    {
      "RequestUri": "/subscriptions/cca24ec8-99b5-4aa7-9ff6-486e886f304c/resourcegroups/sql-dm-cmdlet-test-rg20777/deployments/sql-audit-test-env-setup?api-version=2014-04-01-preview",
      "EncodedRequestUri": "L3N1YnNjcmlwdGlvbnMvY2NhMjRlYzgtOTliNS00YWE3LTlmZjYtNDg2ZTg4NmYzMDRjL3Jlc291cmNlZ3JvdXBzL3NxbC1kbS1jbWRsZXQtdGVzdC1yZzIwNzc3L2RlcGxveW1lbnRzL3NxbC1hdWRpdC10ZXN0LWVudi1zZXR1cD9hcGktdmVyc2lvbj0yMDE0LTA0LTAxLXByZXZpZXc=",
      "RequestMethod": "GET",
      "RequestBody": "",
      "RequestHeaders": {
        "User-Agent": [
          "Microsoft.Azure.Management.Resources.ResourceManagementClient/2.0.0.0"
        ]
      },
      "ResponseBody": "{\r\n  \"id\": \"/subscriptions/cca24ec8-99b5-4aa7-9ff6-486e886f304c/resourceGroups/sql-dm-cmdlet-test-rg20777/deployments/sql-audit-test-env-setup\",\r\n  \"name\": \"sql-audit-test-env-setup\",\r\n  \"properties\": {\r\n    \"parameters\": {\r\n      \"administratorLogin\": {\r\n        \"type\": \"String\",\r\n        \"value\": \"testlogin\"\r\n      },\r\n      \"administratorLoginPassword\": {\r\n        \"type\": \"SecureString\"\r\n      },\r\n      \"collation\": {\r\n        \"type\": \"String\",\r\n        \"value\": \"SQL_Latin1_General_CP1_CI_AS\"\r\n      },\r\n      \"databaseName\": {\r\n        \"type\": \"String\",\r\n        \"value\": \"sql-dm-cmdlet-db20777\"\r\n      },\r\n      \"edition\": {\r\n        \"type\": \"String\",\r\n        \"value\": \"Basic\"\r\n      },\r\n      \"configuredServiceLevelObjectiveId\": {\r\n        \"type\": \"String\",\r\n        \"value\": \"910b4fcb-8a29-4c3e-958f-f7ba794388b2\"\r\n      },\r\n      \"envLocation\": {\r\n        \"type\": \"String\",\r\n        \"value\": \"West US\"\r\n      },\r\n      \"serverName\": {\r\n        \"type\": \"String\",\r\n        \"value\": \"sql-dm-cmdlet-server20777\"\r\n      }\r\n    },\r\n    \"mode\": \"Incremental\",\r\n    \"provisioningState\": \"Running\",\r\n    \"timestamp\": \"2015-05-22T08:55:49.7833753Z\",\r\n    \"duration\": \"PT3.1509628S\",\r\n    \"correlationId\": \"c2594a30-8010-4f03-8a7b-a198601946d8\",\r\n    \"providers\": [\r\n      {\r\n        \"namespace\": \"Microsoft.Sql\",\r\n        \"resourceTypes\": [\r\n          {\r\n            \"resourceType\": \"servers\",\r\n            \"locations\": [\r\n              \"westus\"\r\n            ]\r\n          },\r\n          {\r\n            \"resourceType\": \"servers/databases\",\r\n            \"locations\": [\r\n              \"westus\"\r\n            ]\r\n          }\r\n        ]\r\n      }\r\n    ],\r\n    \"dependencies\": [\r\n      {\r\n        \"dependsOn\": [\r\n          {\r\n            \"id\": \"/subscriptions/cca24ec8-99b5-4aa7-9ff6-486e886f304c/resourceGroups/sql-dm-cmdlet-test-rg20777/providers/Microsoft.Sql/servers/sql-dm-cmdlet-server20777\",\r\n            \"resourceType\": \"Microsoft.Sql/servers\",\r\n            \"resourceName\": \"sql-dm-cmdlet-server20777\"\r\n          }\r\n        ],\r\n        \"id\": \"/subscriptions/cca24ec8-99b5-4aa7-9ff6-486e886f304c/resourceGroups/sql-dm-cmdlet-test-rg20777/providers/Microsoft.Sql/servers/sql-dm-cmdlet-server20777/databases/sql-dm-cmdlet-db20777\",\r\n        \"resourceType\": \"Microsoft.Sql/servers/databases\",\r\n        \"resourceName\": \"sql-dm-cmdlet-server20777/sql-dm-cmdlet-db20777\"\r\n      }\r\n    ]\r\n  }\r\n}",
      "ResponseHeaders": {
        "Content-Length": [
          "1639"
        ],
        "Content-Type": [
          "application/json; charset=utf-8"
        ],
        "Expires": [
          "-1"
        ],
        "Pragma": [
          "no-cache"
        ],
        "x-ms-ratelimit-remaining-subscription-reads": [
          "14963"
        ],
        "x-ms-request-id": [
          "32b2e89f-63a4-44a1-8f60-f0def44fb3ea"
        ],
        "x-ms-correlation-request-id": [
          "32b2e89f-63a4-44a1-8f60-f0def44fb3ea"
        ],
        "x-ms-routing-request-id": [
          "WESTEUROPE:20150522T085607Z:32b2e89f-63a4-44a1-8f60-f0def44fb3ea"
        ],
        "Strict-Transport-Security": [
          "max-age=31536000; includeSubDomains"
        ],
        "Cache-Control": [
          "no-cache"
        ],
        "Date": [
          "Fri, 22 May 2015 08:56:06 GMT"
        ]
      },
      "StatusCode": 200
    },
    {
      "RequestUri": "/subscriptions/cca24ec8-99b5-4aa7-9ff6-486e886f304c/resourcegroups/sql-dm-cmdlet-test-rg20777/deployments/sql-audit-test-env-setup?api-version=2014-04-01-preview",
      "EncodedRequestUri": "L3N1YnNjcmlwdGlvbnMvY2NhMjRlYzgtOTliNS00YWE3LTlmZjYtNDg2ZTg4NmYzMDRjL3Jlc291cmNlZ3JvdXBzL3NxbC1kbS1jbWRsZXQtdGVzdC1yZzIwNzc3L2RlcGxveW1lbnRzL3NxbC1hdWRpdC10ZXN0LWVudi1zZXR1cD9hcGktdmVyc2lvbj0yMDE0LTA0LTAxLXByZXZpZXc=",
      "RequestMethod": "GET",
      "RequestBody": "",
      "RequestHeaders": {
        "User-Agent": [
          "Microsoft.Azure.Management.Resources.ResourceManagementClient/2.0.0.0"
        ]
      },
      "ResponseBody": "{\r\n  \"id\": \"/subscriptions/cca24ec8-99b5-4aa7-9ff6-486e886f304c/resourceGroups/sql-dm-cmdlet-test-rg20777/deployments/sql-audit-test-env-setup\",\r\n  \"name\": \"sql-audit-test-env-setup\",\r\n  \"properties\": {\r\n    \"parameters\": {\r\n      \"administratorLogin\": {\r\n        \"type\": \"String\",\r\n        \"value\": \"testlogin\"\r\n      },\r\n      \"administratorLoginPassword\": {\r\n        \"type\": \"SecureString\"\r\n      },\r\n      \"collation\": {\r\n        \"type\": \"String\",\r\n        \"value\": \"SQL_Latin1_General_CP1_CI_AS\"\r\n      },\r\n      \"databaseName\": {\r\n        \"type\": \"String\",\r\n        \"value\": \"sql-dm-cmdlet-db20777\"\r\n      },\r\n      \"edition\": {\r\n        \"type\": \"String\",\r\n        \"value\": \"Basic\"\r\n      },\r\n      \"configuredServiceLevelObjectiveId\": {\r\n        \"type\": \"String\",\r\n        \"value\": \"910b4fcb-8a29-4c3e-958f-f7ba794388b2\"\r\n      },\r\n      \"envLocation\": {\r\n        \"type\": \"String\",\r\n        \"value\": \"West US\"\r\n      },\r\n      \"serverName\": {\r\n        \"type\": \"String\",\r\n        \"value\": \"sql-dm-cmdlet-server20777\"\r\n      }\r\n    },\r\n    \"mode\": \"Incremental\",\r\n    \"provisioningState\": \"Running\",\r\n    \"timestamp\": \"2015-05-22T08:55:49.7833753Z\",\r\n    \"duration\": \"PT3.1509628S\",\r\n    \"correlationId\": \"c2594a30-8010-4f03-8a7b-a198601946d8\",\r\n    \"providers\": [\r\n      {\r\n        \"namespace\": \"Microsoft.Sql\",\r\n        \"resourceTypes\": [\r\n          {\r\n            \"resourceType\": \"servers\",\r\n            \"locations\": [\r\n              \"westus\"\r\n            ]\r\n          },\r\n          {\r\n            \"resourceType\": \"servers/databases\",\r\n            \"locations\": [\r\n              \"westus\"\r\n            ]\r\n          }\r\n        ]\r\n      }\r\n    ],\r\n    \"dependencies\": [\r\n      {\r\n        \"dependsOn\": [\r\n          {\r\n            \"id\": \"/subscriptions/cca24ec8-99b5-4aa7-9ff6-486e886f304c/resourceGroups/sql-dm-cmdlet-test-rg20777/providers/Microsoft.Sql/servers/sql-dm-cmdlet-server20777\",\r\n            \"resourceType\": \"Microsoft.Sql/servers\",\r\n            \"resourceName\": \"sql-dm-cmdlet-server20777\"\r\n          }\r\n        ],\r\n        \"id\": \"/subscriptions/cca24ec8-99b5-4aa7-9ff6-486e886f304c/resourceGroups/sql-dm-cmdlet-test-rg20777/providers/Microsoft.Sql/servers/sql-dm-cmdlet-server20777/databases/sql-dm-cmdlet-db20777\",\r\n        \"resourceType\": \"Microsoft.Sql/servers/databases\",\r\n        \"resourceName\": \"sql-dm-cmdlet-server20777/sql-dm-cmdlet-db20777\"\r\n      }\r\n    ]\r\n  }\r\n}",
      "ResponseHeaders": {
        "Content-Length": [
          "1639"
        ],
        "Content-Type": [
          "application/json; charset=utf-8"
        ],
        "Expires": [
          "-1"
        ],
        "Pragma": [
          "no-cache"
        ],
        "x-ms-ratelimit-remaining-subscription-reads": [
          "14961"
        ],
        "x-ms-request-id": [
          "b52531f6-29ca-4cd6-b6d5-55459b50ec89"
        ],
        "x-ms-correlation-request-id": [
          "b52531f6-29ca-4cd6-b6d5-55459b50ec89"
        ],
        "x-ms-routing-request-id": [
          "WESTEUROPE:20150522T085610Z:b52531f6-29ca-4cd6-b6d5-55459b50ec89"
        ],
        "Strict-Transport-Security": [
          "max-age=31536000; includeSubDomains"
        ],
        "Cache-Control": [
          "no-cache"
        ],
        "Date": [
          "Fri, 22 May 2015 08:56:09 GMT"
        ]
      },
      "StatusCode": 200
    },
    {
      "RequestUri": "/subscriptions/cca24ec8-99b5-4aa7-9ff6-486e886f304c/resourcegroups/sql-dm-cmdlet-test-rg20777/deployments/sql-audit-test-env-setup?api-version=2014-04-01-preview",
      "EncodedRequestUri": "L3N1YnNjcmlwdGlvbnMvY2NhMjRlYzgtOTliNS00YWE3LTlmZjYtNDg2ZTg4NmYzMDRjL3Jlc291cmNlZ3JvdXBzL3NxbC1kbS1jbWRsZXQtdGVzdC1yZzIwNzc3L2RlcGxveW1lbnRzL3NxbC1hdWRpdC10ZXN0LWVudi1zZXR1cD9hcGktdmVyc2lvbj0yMDE0LTA0LTAxLXByZXZpZXc=",
      "RequestMethod": "GET",
      "RequestBody": "",
      "RequestHeaders": {
        "User-Agent": [
          "Microsoft.Azure.Management.Resources.ResourceManagementClient/2.0.0.0"
        ]
      },
      "ResponseBody": "{\r\n  \"id\": \"/subscriptions/cca24ec8-99b5-4aa7-9ff6-486e886f304c/resourceGroups/sql-dm-cmdlet-test-rg20777/deployments/sql-audit-test-env-setup\",\r\n  \"name\": \"sql-audit-test-env-setup\",\r\n  \"properties\": {\r\n    \"parameters\": {\r\n      \"administratorLogin\": {\r\n        \"type\": \"String\",\r\n        \"value\": \"testlogin\"\r\n      },\r\n      \"administratorLoginPassword\": {\r\n        \"type\": \"SecureString\"\r\n      },\r\n      \"collation\": {\r\n        \"type\": \"String\",\r\n        \"value\": \"SQL_Latin1_General_CP1_CI_AS\"\r\n      },\r\n      \"databaseName\": {\r\n        \"type\": \"String\",\r\n        \"value\": \"sql-dm-cmdlet-db20777\"\r\n      },\r\n      \"edition\": {\r\n        \"type\": \"String\",\r\n        \"value\": \"Basic\"\r\n      },\r\n      \"configuredServiceLevelObjectiveId\": {\r\n        \"type\": \"String\",\r\n        \"value\": \"910b4fcb-8a29-4c3e-958f-f7ba794388b2\"\r\n      },\r\n      \"envLocation\": {\r\n        \"type\": \"String\",\r\n        \"value\": \"West US\"\r\n      },\r\n      \"serverName\": {\r\n        \"type\": \"String\",\r\n        \"value\": \"sql-dm-cmdlet-server20777\"\r\n      }\r\n    },\r\n    \"mode\": \"Incremental\",\r\n    \"provisioningState\": \"Succeeded\",\r\n    \"timestamp\": \"2015-05-22T08:56:10.6956337Z\",\r\n    \"duration\": \"PT24.0632212S\",\r\n    \"correlationId\": \"c2594a30-8010-4f03-8a7b-a198601946d8\",\r\n    \"providers\": [\r\n      {\r\n        \"namespace\": \"Microsoft.Sql\",\r\n        \"resourceTypes\": [\r\n          {\r\n            \"resourceType\": \"servers\",\r\n            \"locations\": [\r\n              \"westus\"\r\n            ]\r\n          },\r\n          {\r\n            \"resourceType\": \"servers/databases\",\r\n            \"locations\": [\r\n              \"westus\"\r\n            ]\r\n          }\r\n        ]\r\n      }\r\n    ],\r\n    \"dependencies\": [\r\n      {\r\n        \"dependsOn\": [\r\n          {\r\n            \"id\": \"/subscriptions/cca24ec8-99b5-4aa7-9ff6-486e886f304c/resourceGroups/sql-dm-cmdlet-test-rg20777/providers/Microsoft.Sql/servers/sql-dm-cmdlet-server20777\",\r\n            \"resourceType\": \"Microsoft.Sql/servers\",\r\n            \"resourceName\": \"sql-dm-cmdlet-server20777\"\r\n          }\r\n        ],\r\n        \"id\": \"/subscriptions/cca24ec8-99b5-4aa7-9ff6-486e886f304c/resourceGroups/sql-dm-cmdlet-test-rg20777/providers/Microsoft.Sql/servers/sql-dm-cmdlet-server20777/databases/sql-dm-cmdlet-db20777\",\r\n        \"resourceType\": \"Microsoft.Sql/servers/databases\",\r\n        \"resourceName\": \"sql-dm-cmdlet-server20777/sql-dm-cmdlet-db20777\"\r\n      }\r\n    ]\r\n  }\r\n}",
      "ResponseHeaders": {
        "Content-Length": [
          "1642"
        ],
        "Content-Type": [
          "application/json; charset=utf-8"
        ],
        "Expires": [
          "-1"
        ],
        "Pragma": [
          "no-cache"
        ],
        "x-ms-ratelimit-remaining-subscription-reads": [
          "14959"
        ],
        "x-ms-request-id": [
          "3dc716c0-89bc-40db-a795-3942fa87b8f4"
        ],
        "x-ms-correlation-request-id": [
          "3dc716c0-89bc-40db-a795-3942fa87b8f4"
        ],
        "x-ms-routing-request-id": [
          "WESTEUROPE:20150522T085613Z:3dc716c0-89bc-40db-a795-3942fa87b8f4"
        ],
        "Strict-Transport-Security": [
          "max-age=31536000; includeSubDomains"
        ],
        "Cache-Control": [
          "no-cache"
        ],
        "Date": [
          "Fri, 22 May 2015 08:56:13 GMT"
        ]
      },
      "StatusCode": 200
    },
    {
      "RequestUri": "/subscriptions/cca24ec8-99b5-4aa7-9ff6-486e886f304c/resourceGroups/sql-dm-cmdlet-test-rg20777/resources?api-version=2014-04-01-preview",
      "EncodedRequestUri": "L3N1YnNjcmlwdGlvbnMvY2NhMjRlYzgtOTliNS00YWE3LTlmZjYtNDg2ZTg4NmYzMDRjL3Jlc291cmNlR3JvdXBzL3NxbC1kbS1jbWRsZXQtdGVzdC1yZzIwNzc3L3Jlc291cmNlcz9hcGktdmVyc2lvbj0yMDE0LTA0LTAxLXByZXZpZXc=",
      "RequestMethod": "GET",
      "RequestBody": "",
      "RequestHeaders": {
        "User-Agent": [
          "Microsoft.Azure.Management.Resources.ResourceManagementClient/2.0.0.0"
        ]
      },
      "ResponseBody": "{\r\n  \"value\": [\r\n    {\r\n      \"id\": \"/subscriptions/cca24ec8-99b5-4aa7-9ff6-486e886f304c/resourceGroups/sql-dm-cmdlet-test-rg20777/providers/Microsoft.Sql/servers/sql-dm-cmdlet-server20777\",\r\n      \"name\": \"sql-dm-cmdlet-server20777\",\r\n      \"type\": \"Microsoft.Sql/servers\",\r\n      \"kind\": \"v2.0\",\r\n      \"location\": \"westus\"\r\n    },\r\n    {\r\n      \"id\": \"/subscriptions/cca24ec8-99b5-4aa7-9ff6-486e886f304c/resourceGroups/sql-dm-cmdlet-test-rg20777/providers/Microsoft.Sql/servers/sql-dm-cmdlet-server20777/databases/sql-dm-cmdlet-db20777\",\r\n      \"name\": \"sql-dm-cmdlet-server20777/sql-dm-cmdlet-db20777\",\r\n      \"type\": \"Microsoft.Sql/servers/databases\",\r\n      \"kind\": \"v2.0,user\",\r\n      \"location\": \"westus\"\r\n    }\r\n  ]\r\n}",
      "ResponseHeaders": {
        "Content-Length": [
          "602"
        ],
        "Content-Type": [
          "application/json; charset=utf-8"
        ],
        "Expires": [
          "-1"
        ],
        "Pragma": [
          "no-cache"
        ],
        "x-ms-ratelimit-remaining-subscription-reads": [
          "14958"
        ],
        "x-ms-request-id": [
          "3f3dc135-36b3-4335-bd33-5dec6a105487"
        ],
        "x-ms-correlation-request-id": [
          "3f3dc135-36b3-4335-bd33-5dec6a105487"
        ],
        "x-ms-routing-request-id": [
          "WESTEUROPE:20150522T085616Z:3f3dc135-36b3-4335-bd33-5dec6a105487"
        ],
        "Strict-Transport-Security": [
          "max-age=31536000; includeSubDomains"
        ],
        "Cache-Control": [
          "no-cache"
        ],
        "Date": [
          "Fri, 22 May 2015 08:56:15 GMT"
        ]
      },
      "StatusCode": 200
    },
    {
      "RequestUri": "/subscriptions/cca24ec8-99b5-4aa7-9ff6-486e886f304c/resourcegroups/sql-dm-cmdlet-test-rg20777/providers/Microsoft.Authorization/permissions?api-version=2014-07-01-preview",
      "EncodedRequestUri": "L3N1YnNjcmlwdGlvbnMvY2NhMjRlYzgtOTliNS00YWE3LTlmZjYtNDg2ZTg4NmYzMDRjL3Jlc291cmNlZ3JvdXBzL3NxbC1kbS1jbWRsZXQtdGVzdC1yZzIwNzc3L3Byb3ZpZGVycy9NaWNyb3NvZnQuQXV0aG9yaXphdGlvbi9wZXJtaXNzaW9ucz9hcGktdmVyc2lvbj0yMDE0LTA3LTAxLXByZXZpZXc=",
      "RequestMethod": "GET",
      "RequestBody": "",
      "RequestHeaders": {
        "User-Agent": [
          "Microsoft.Azure.Management.Authorization.AuthorizationManagementClient/0.9.0.0"
        ]
      },
      "ResponseBody": "{\r\n  \"value\": [\r\n    {\r\n      \"actions\": [\r\n        \"*\"\r\n      ],\r\n      \"notActions\": []\r\n    }\r\n  ]\r\n}",
      "ResponseHeaders": {
        "Content-Length": [
          "45"
        ],
        "Content-Type": [
          "application/json; charset=utf-8"
        ],
        "Expires": [
          "-1"
        ],
        "Pragma": [
          "no-cache"
        ],
        "Vary": [
          "Accept-Encoding"
        ],
        "x-ms-request-id": [
          "westeurope:f3bff442-38dd-4aa8-ac04-2d5392defa1a"
        ],
        "x-ms-ratelimit-remaining-subscription-reads": [
          "14951"
        ],
        "x-ms-correlation-request-id": [
          "8ffa1864-29b9-4e5f-af92-de2d3f0584f9"
        ],
        "x-ms-routing-request-id": [
          "WESTEUROPE:20150522T085616Z:8ffa1864-29b9-4e5f-af92-de2d3f0584f9"
        ],
        "Strict-Transport-Security": [
          "max-age=31536000; includeSubDomains"
        ],
        "Cache-Control": [
          "no-cache"
        ],
        "Date": [
          "Fri, 22 May 2015 08:56:16 GMT"
        ]
      },
      "StatusCode": 200
    },
    {
      "RequestUri": "/subscriptions/cca24ec8-99b5-4aa7-9ff6-486e886f304c/resourceGroups/sql-dm-cmdlet-test-rg20777/providers/Microsoft.Sql/servers/sql-dm-cmdlet-server20777/databases/sql-dm-cmdlet-db20777/dataMaskingPolicies/Default?api-version=2014-04-01",
      "EncodedRequestUri": "L3N1YnNjcmlwdGlvbnMvY2NhMjRlYzgtOTliNS00YWE3LTlmZjYtNDg2ZTg4NmYzMDRjL3Jlc291cmNlR3JvdXBzL3NxbC1kbS1jbWRsZXQtdGVzdC1yZzIwNzc3L3Byb3ZpZGVycy9NaWNyb3NvZnQuU3FsL3NlcnZlcnMvc3FsLWRtLWNtZGxldC1zZXJ2ZXIyMDc3Ny9kYXRhYmFzZXMvc3FsLWRtLWNtZGxldC1kYjIwNzc3L2RhdGFNYXNraW5nUG9saWNpZXMvRGVmYXVsdD9hcGktdmVyc2lvbj0yMDE0LTA0LTAx",
      "RequestMethod": "GET",
      "RequestBody": "",
      "RequestHeaders": {
        "User-Agent": [
          "Microsoft.Azure.Management.Sql.SqlManagementClient/0.9.0.0"
        ],
        "x-ms-client-request-id": [
          "24631cce-11db-490d-b12b-40024875f2a5"
        ]
      },
      "ResponseBody": "{\r\n  \"id\": \"/subscriptions/cca24ec8-99b5-4aa7-9ff6-486e886f304c/resourceGroups/sql-dm-cmdlet-test-rg20777/providers/Microsoft.Sql/servers/sql-dm-cmdlet-server20777/databases/sql-dm-cmdlet-db20777/dataMaskingPolicies/Default\",\r\n  \"name\": \"Default\",\r\n  \"type\": \"Microsoft.Sql/servers/databases/dataMaskingPolicies\",\r\n  \"location\": \"West US\",\r\n  \"properties\": {\r\n    \"dataMaskingState\": \"Enabled\",\r\n    \"applicationPrincipals\": \"\",\r\n    \"exemptPrincipals\": \"\",\r\n    \"maskingLevel\": \"Relaxed\"\r\n  }\r\n}",
      "ResponseHeaders": {
        "Content-Length": [
          "437"
        ],
        "Content-Type": [
          "application/json; odata=minimalmetadata; streaming=true; charset=utf-8"
        ],
        "x-ms-request-id": [
          "0bd98974-c138-4c4d-99f1-055173393547"
        ],
        "X-Content-Type-Options": [
          "nosniff"
        ],
        "DataServiceVersion": [
          "3.0;"
        ],
        "x-ms-ratelimit-remaining-subscription-reads": [
          "14991"
        ],
        "x-ms-correlation-request-id": [
          "38ec32fa-0215-4071-84c3-d54101137e1b"
        ],
        "x-ms-routing-request-id": [
          "WESTEUROPE:20150522T085618Z:38ec32fa-0215-4071-84c3-d54101137e1b"
        ],
        "Strict-Transport-Security": [
          "max-age=31536000; includeSubDomains"
        ],
        "Cache-Control": [
          "no-store, no-cache"
        ],
        "Date": [
          "Fri, 22 May 2015 08:56:17 GMT"
        ],
        "Server": [
          "Microsoft-HTTPAPI/2.0"
        ]
      },
      "StatusCode": 200
    },
    {
      "RequestUri": "/subscriptions/cca24ec8-99b5-4aa7-9ff6-486e886f304c/resourceGroups/sql-dm-cmdlet-test-rg20777/providers/Microsoft.Sql/servers/sql-dm-cmdlet-server20777/databases/sql-dm-cmdlet-db20777/dataMaskingPolicies/Default?api-version=2014-04-01",
      "EncodedRequestUri": "L3N1YnNjcmlwdGlvbnMvY2NhMjRlYzgtOTliNS00YWE3LTlmZjYtNDg2ZTg4NmYzMDRjL3Jlc291cmNlR3JvdXBzL3NxbC1kbS1jbWRsZXQtdGVzdC1yZzIwNzc3L3Byb3ZpZGVycy9NaWNyb3NvZnQuU3FsL3NlcnZlcnMvc3FsLWRtLWNtZGxldC1zZXJ2ZXIyMDc3Ny9kYXRhYmFzZXMvc3FsLWRtLWNtZGxldC1kYjIwNzc3L2RhdGFNYXNraW5nUG9saWNpZXMvRGVmYXVsdD9hcGktdmVyc2lvbj0yMDE0LTA0LTAx",
      "RequestMethod": "GET",
      "RequestBody": "",
      "RequestHeaders": {
        "User-Agent": [
          "Microsoft.Azure.Management.Sql.SqlManagementClient/0.9.0.0"
        ],
        "x-ms-client-request-id": [
          "1d636e67-844a-4ae6-a706-612e2d3e9d0c"
        ]
      },
      "ResponseBody": "{\r\n  \"id\": \"/subscriptions/cca24ec8-99b5-4aa7-9ff6-486e886f304c/resourceGroups/sql-dm-cmdlet-test-rg20777/providers/Microsoft.Sql/servers/sql-dm-cmdlet-server20777/databases/sql-dm-cmdlet-db20777/dataMaskingPolicies/Default\",\r\n  \"name\": \"Default\",\r\n  \"type\": \"Microsoft.Sql/servers/databases/dataMaskingPolicies\",\r\n  \"location\": \"West US\",\r\n  \"properties\": {\r\n    \"dataMaskingState\": \"Enabled\",\r\n    \"applicationPrincipals\": \"\",\r\n    \"exemptPrincipals\": \"\",\r\n    \"maskingLevel\": \"Relaxed\"\r\n  }\r\n}",
      "ResponseHeaders": {
        "Content-Length": [
          "437"
        ],
        "Content-Type": [
          "application/json; odata=minimalmetadata; streaming=true; charset=utf-8"
        ],
        "x-ms-request-id": [
          "4e81248c-55a5-4fd6-be06-4c348c424680"
        ],
        "X-Content-Type-Options": [
          "nosniff"
        ],
        "DataServiceVersion": [
          "3.0;"
        ],
        "x-ms-ratelimit-remaining-subscription-reads": [
          "14990"
        ],
        "x-ms-correlation-request-id": [
          "0bd207b4-1a04-4eed-8e1c-8c9725f47372"
        ],
        "x-ms-routing-request-id": [
          "WESTEUROPE:20150522T085621Z:0bd207b4-1a04-4eed-8e1c-8c9725f47372"
        ],
        "Strict-Transport-Security": [
          "max-age=31536000; includeSubDomains"
        ],
        "Cache-Control": [
          "no-store, no-cache"
        ],
        "Date": [
          "Fri, 22 May 2015 08:56:21 GMT"
        ],
        "Server": [
          "Microsoft-HTTPAPI/2.0"
        ]
      },
      "StatusCode": 200
    },
    {
      "RequestUri": "/subscriptions/cca24ec8-99b5-4aa7-9ff6-486e886f304c/resourceGroups/sql-dm-cmdlet-test-rg20777/providers/Microsoft.Sql/servers/sql-dm-cmdlet-server20777/databases/sql-dm-cmdlet-db20777/dataMaskingPolicies/Default?api-version=2014-04-01",
      "EncodedRequestUri": "L3N1YnNjcmlwdGlvbnMvY2NhMjRlYzgtOTliNS00YWE3LTlmZjYtNDg2ZTg4NmYzMDRjL3Jlc291cmNlR3JvdXBzL3NxbC1kbS1jbWRsZXQtdGVzdC1yZzIwNzc3L3Byb3ZpZGVycy9NaWNyb3NvZnQuU3FsL3NlcnZlcnMvc3FsLWRtLWNtZGxldC1zZXJ2ZXIyMDc3Ny9kYXRhYmFzZXMvc3FsLWRtLWNtZGxldC1kYjIwNzc3L2RhdGFNYXNraW5nUG9saWNpZXMvRGVmYXVsdD9hcGktdmVyc2lvbj0yMDE0LTA0LTAx",
      "RequestMethod": "GET",
      "RequestBody": "",
      "RequestHeaders": {
        "User-Agent": [
          "Microsoft.Azure.Management.Sql.SqlManagementClient/0.9.0.0"
        ],
        "x-ms-client-request-id": [
          "63edc78b-6794-4bc8-aa14-5e8e94adf462"
        ]
      },
      "ResponseBody": "{\r\n  \"id\": \"/subscriptions/cca24ec8-99b5-4aa7-9ff6-486e886f304c/resourceGroups/sql-dm-cmdlet-test-rg20777/providers/Microsoft.Sql/servers/sql-dm-cmdlet-server20777/databases/sql-dm-cmdlet-db20777/dataMaskingPolicies/Default\",\r\n  \"name\": \"Default\",\r\n  \"type\": \"Microsoft.Sql/servers/databases/dataMaskingPolicies\",\r\n  \"location\": \"West US\",\r\n  \"properties\": {\r\n    \"dataMaskingState\": \"Enabled\",\r\n    \"applicationPrincipals\": \"\",\r\n    \"exemptPrincipals\": \"\",\r\n    \"maskingLevel\": \"Relaxed\"\r\n  }\r\n}",
      "ResponseHeaders": {
        "Content-Length": [
          "437"
        ],
        "Content-Type": [
          "application/json; odata=minimalmetadata; streaming=true; charset=utf-8"
        ],
        "x-ms-request-id": [
          "7715f419-13ce-44c2-a5d0-d91524f16d65"
        ],
        "X-Content-Type-Options": [
          "nosniff"
        ],
        "DataServiceVersion": [
          "3.0;"
        ],
        "x-ms-ratelimit-remaining-subscription-reads": [
          "14989"
        ],
        "x-ms-correlation-request-id": [
          "701e7241-bcb3-46b3-95ee-30c8d8059fa7"
        ],
        "x-ms-routing-request-id": [
          "WESTEUROPE:20150522T085623Z:701e7241-bcb3-46b3-95ee-30c8d8059fa7"
        ],
        "Strict-Transport-Security": [
          "max-age=31536000; includeSubDomains"
        ],
        "Cache-Control": [
          "no-store, no-cache"
        ],
        "Date": [
          "Fri, 22 May 2015 08:56:23 GMT"
        ],
        "Server": [
          "Microsoft-HTTPAPI/2.0"
        ]
      },
      "StatusCode": 200
    },
    {
      "RequestUri": "/subscriptions/cca24ec8-99b5-4aa7-9ff6-486e886f304c/resourceGroups/sql-dm-cmdlet-test-rg20777/providers/Microsoft.Sql/servers/sql-dm-cmdlet-server20777/databases/sql-dm-cmdlet-db20777/dataMaskingPolicies/Default?api-version=2014-04-01",
      "EncodedRequestUri": "L3N1YnNjcmlwdGlvbnMvY2NhMjRlYzgtOTliNS00YWE3LTlmZjYtNDg2ZTg4NmYzMDRjL3Jlc291cmNlR3JvdXBzL3NxbC1kbS1jbWRsZXQtdGVzdC1yZzIwNzc3L3Byb3ZpZGVycy9NaWNyb3NvZnQuU3FsL3NlcnZlcnMvc3FsLWRtLWNtZGxldC1zZXJ2ZXIyMDc3Ny9kYXRhYmFzZXMvc3FsLWRtLWNtZGxldC1kYjIwNzc3L2RhdGFNYXNraW5nUG9saWNpZXMvRGVmYXVsdD9hcGktdmVyc2lvbj0yMDE0LTA0LTAx",
      "RequestMethod": "GET",
      "RequestBody": "",
      "RequestHeaders": {
        "User-Agent": [
          "Microsoft.Azure.Management.Sql.SqlManagementClient/0.9.0.0"
        ],
        "x-ms-client-request-id": [
          "1bfd6260-ec4f-47e1-b80f-b627dff654a6"
        ]
      },
      "ResponseBody": "{\r\n  \"id\": \"/subscriptions/cca24ec8-99b5-4aa7-9ff6-486e886f304c/resourceGroups/sql-dm-cmdlet-test-rg20777/providers/Microsoft.Sql/servers/sql-dm-cmdlet-server20777/databases/sql-dm-cmdlet-db20777/dataMaskingPolicies/Default\",\r\n  \"name\": \"Default\",\r\n  \"type\": \"Microsoft.Sql/servers/databases/dataMaskingPolicies\",\r\n  \"location\": \"West US\",\r\n  \"properties\": {\r\n    \"dataMaskingState\": \"Enabled\",\r\n    \"applicationPrincipals\": \"\",\r\n    \"exemptPrincipals\": \"\",\r\n    \"maskingLevel\": \"Relaxed\"\r\n  }\r\n}",
      "ResponseHeaders": {
        "Content-Length": [
          "437"
        ],
        "Content-Type": [
          "application/json; odata=minimalmetadata; streaming=true; charset=utf-8"
        ],
        "x-ms-request-id": [
          "c620d5ed-3f40-4000-a166-951ec5204361"
        ],
        "X-Content-Type-Options": [
          "nosniff"
        ],
        "DataServiceVersion": [
          "3.0;"
        ],
        "x-ms-ratelimit-remaining-subscription-reads": [
          "14988"
        ],
        "x-ms-correlation-request-id": [
          "31495888-080a-4c1e-9ac5-4750da9a5fcf"
        ],
        "x-ms-routing-request-id": [
          "WESTEUROPE:20150522T085626Z:31495888-080a-4c1e-9ac5-4750da9a5fcf"
        ],
        "Strict-Transport-Security": [
          "max-age=31536000; includeSubDomains"
        ],
        "Cache-Control": [
          "no-store, no-cache"
        ],
        "Date": [
          "Fri, 22 May 2015 08:56:26 GMT"
        ],
        "Server": [
          "Microsoft-HTTPAPI/2.0"
        ]
      },
      "StatusCode": 200
    },
    {
      "RequestUri": "/subscriptions/cca24ec8-99b5-4aa7-9ff6-486e886f304c/resourceGroups/sql-dm-cmdlet-test-rg20777/providers/Microsoft.Sql/servers/sql-dm-cmdlet-server20777/databases/sql-dm-cmdlet-db20777/dataMaskingPolicies/Default?api-version=2014-04-01",
      "EncodedRequestUri": "L3N1YnNjcmlwdGlvbnMvY2NhMjRlYzgtOTliNS00YWE3LTlmZjYtNDg2ZTg4NmYzMDRjL3Jlc291cmNlR3JvdXBzL3NxbC1kbS1jbWRsZXQtdGVzdC1yZzIwNzc3L3Byb3ZpZGVycy9NaWNyb3NvZnQuU3FsL3NlcnZlcnMvc3FsLWRtLWNtZGxldC1zZXJ2ZXIyMDc3Ny9kYXRhYmFzZXMvc3FsLWRtLWNtZGxldC1kYjIwNzc3L2RhdGFNYXNraW5nUG9saWNpZXMvRGVmYXVsdD9hcGktdmVyc2lvbj0yMDE0LTA0LTAx",
      "RequestMethod": "GET",
      "RequestBody": "",
      "RequestHeaders": {
        "User-Agent": [
          "Microsoft.Azure.Management.Sql.SqlManagementClient/0.9.0.0"
        ],
        "x-ms-client-request-id": [
          "2cabcfd8-b24e-461f-b01b-8461f601e560"
        ]
      },
      "ResponseBody": "{\r\n  \"id\": \"/subscriptions/cca24ec8-99b5-4aa7-9ff6-486e886f304c/resourceGroups/sql-dm-cmdlet-test-rg20777/providers/Microsoft.Sql/servers/sql-dm-cmdlet-server20777/databases/sql-dm-cmdlet-db20777/dataMaskingPolicies/Default\",\r\n  \"name\": \"Default\",\r\n  \"type\": \"Microsoft.Sql/servers/databases/dataMaskingPolicies\",\r\n  \"location\": \"West US\",\r\n  \"properties\": {\r\n    \"dataMaskingState\": \"Enabled\",\r\n    \"applicationPrincipals\": \"\",\r\n    \"exemptPrincipals\": \"\",\r\n    \"maskingLevel\": \"Relaxed\"\r\n  }\r\n}",
      "ResponseHeaders": {
        "Content-Length": [
          "437"
        ],
        "Content-Type": [
          "application/json; odata=minimalmetadata; streaming=true; charset=utf-8"
        ],
        "x-ms-request-id": [
          "c3eb3190-94ee-4f9d-bfbb-91ccb447d193"
        ],
        "X-Content-Type-Options": [
          "nosniff"
        ],
        "DataServiceVersion": [
          "3.0;"
        ],
        "x-ms-ratelimit-remaining-subscription-reads": [
          "14987"
        ],
        "x-ms-correlation-request-id": [
          "6e5e173d-ab0a-4b14-9fbc-869d070b69fb"
        ],
        "x-ms-routing-request-id": [
          "WESTEUROPE:20150522T085627Z:6e5e173d-ab0a-4b14-9fbc-869d070b69fb"
        ],
        "Strict-Transport-Security": [
          "max-age=31536000; includeSubDomains"
        ],
        "Cache-Control": [
          "no-store, no-cache"
        ],
        "Date": [
          "Fri, 22 May 2015 08:56:27 GMT"
        ],
        "Server": [
          "Microsoft-HTTPAPI/2.0"
        ]
      },
      "StatusCode": 200
    },
    {
      "RequestUri": "/subscriptions/cca24ec8-99b5-4aa7-9ff6-486e886f304c/resourceGroups/sql-dm-cmdlet-test-rg20777/providers/Microsoft.Sql/servers/sql-dm-cmdlet-server20777/databases/sql-dm-cmdlet-db20777/dataMaskingPolicies/Default?api-version=2014-04-01",
      "EncodedRequestUri": "L3N1YnNjcmlwdGlvbnMvY2NhMjRlYzgtOTliNS00YWE3LTlmZjYtNDg2ZTg4NmYzMDRjL3Jlc291cmNlR3JvdXBzL3NxbC1kbS1jbWRsZXQtdGVzdC1yZzIwNzc3L3Byb3ZpZGVycy9NaWNyb3NvZnQuU3FsL3NlcnZlcnMvc3FsLWRtLWNtZGxldC1zZXJ2ZXIyMDc3Ny9kYXRhYmFzZXMvc3FsLWRtLWNtZGxldC1kYjIwNzc3L2RhdGFNYXNraW5nUG9saWNpZXMvRGVmYXVsdD9hcGktdmVyc2lvbj0yMDE0LTA0LTAx",
      "RequestMethod": "GET",
      "RequestBody": "",
      "RequestHeaders": {
        "User-Agent": [
          "Microsoft.Azure.Management.Sql.SqlManagementClient/0.9.0.0"
        ],
        "x-ms-client-request-id": [
          "3c7b7828-ed44-4e7e-ae85-6d26eb93461c"
        ]
      },
      "ResponseBody": "{\r\n  \"id\": \"/subscriptions/cca24ec8-99b5-4aa7-9ff6-486e886f304c/resourceGroups/sql-dm-cmdlet-test-rg20777/providers/Microsoft.Sql/servers/sql-dm-cmdlet-server20777/databases/sql-dm-cmdlet-db20777/dataMaskingPolicies/Default\",\r\n  \"name\": \"Default\",\r\n  \"type\": \"Microsoft.Sql/servers/databases/dataMaskingPolicies\",\r\n  \"location\": \"West US\",\r\n  \"properties\": {\r\n    \"dataMaskingState\": \"Enabled\",\r\n    \"applicationPrincipals\": \"\",\r\n    \"exemptPrincipals\": \"\",\r\n    \"maskingLevel\": \"Restricted\"\r\n  }\r\n}",
      "ResponseHeaders": {
        "Content-Length": [
          "440"
        ],
        "Content-Type": [
          "application/json; odata=minimalmetadata; streaming=true; charset=utf-8"
        ],
        "x-ms-request-id": [
          "df1606c2-224c-4fb6-bb46-b64a776bebaf"
        ],
        "X-Content-Type-Options": [
          "nosniff"
        ],
        "DataServiceVersion": [
          "3.0;"
        ],
        "x-ms-ratelimit-remaining-subscription-reads": [
          "14986"
        ],
        "x-ms-correlation-request-id": [
          "98d2bebb-4b47-4caf-9b16-433fcb71c4f9"
        ],
        "x-ms-routing-request-id": [
          "WESTEUROPE:20150522T085630Z:98d2bebb-4b47-4caf-9b16-433fcb71c4f9"
        ],
        "Strict-Transport-Security": [
          "max-age=31536000; includeSubDomains"
        ],
        "Cache-Control": [
          "no-store, no-cache"
        ],
        "Date": [
          "Fri, 22 May 2015 08:56:30 GMT"
        ],
        "Server": [
          "Microsoft-HTTPAPI/2.0"
        ]
      },
      "StatusCode": 200
    },
    {
      "RequestUri": "/subscriptions/cca24ec8-99b5-4aa7-9ff6-486e886f304c/resourceGroups/sql-dm-cmdlet-test-rg20777/providers/Microsoft.Sql/servers/sql-dm-cmdlet-server20777/databases/sql-dm-cmdlet-db20777/dataMaskingPolicies/Default?api-version=2014-04-01",
      "EncodedRequestUri": "L3N1YnNjcmlwdGlvbnMvY2NhMjRlYzgtOTliNS00YWE3LTlmZjYtNDg2ZTg4NmYzMDRjL3Jlc291cmNlR3JvdXBzL3NxbC1kbS1jbWRsZXQtdGVzdC1yZzIwNzc3L3Byb3ZpZGVycy9NaWNyb3NvZnQuU3FsL3NlcnZlcnMvc3FsLWRtLWNtZGxldC1zZXJ2ZXIyMDc3Ny9kYXRhYmFzZXMvc3FsLWRtLWNtZGxldC1kYjIwNzc3L2RhdGFNYXNraW5nUG9saWNpZXMvRGVmYXVsdD9hcGktdmVyc2lvbj0yMDE0LTA0LTAx",
      "RequestMethod": "GET",
      "RequestBody": "",
      "RequestHeaders": {
        "User-Agent": [
          "Microsoft.Azure.Management.Sql.SqlManagementClient/0.9.0.0"
        ],
        "x-ms-client-request-id": [
          "cd067c8b-28b2-42f8-bf44-9c8b61deebc8"
        ]
      },
      "ResponseBody": "{\r\n  \"id\": \"/subscriptions/cca24ec8-99b5-4aa7-9ff6-486e886f304c/resourceGroups/sql-dm-cmdlet-test-rg20777/providers/Microsoft.Sql/servers/sql-dm-cmdlet-server20777/databases/sql-dm-cmdlet-db20777/dataMaskingPolicies/Default\",\r\n  \"name\": \"Default\",\r\n  \"type\": \"Microsoft.Sql/servers/databases/dataMaskingPolicies\",\r\n  \"location\": \"West US\",\r\n  \"properties\": {\r\n    \"dataMaskingState\": \"Enabled\",\r\n    \"applicationPrincipals\": \"\",\r\n    \"exemptPrincipals\": \"\",\r\n    \"maskingLevel\": \"Restricted\"\r\n  }\r\n}",
      "ResponseHeaders": {
        "Content-Length": [
          "440"
        ],
        "Content-Type": [
          "application/json; odata=minimalmetadata; streaming=true; charset=utf-8"
        ],
        "x-ms-request-id": [
          "fc6c21a0-b978-42ab-97c2-7d8b16c19240"
        ],
        "X-Content-Type-Options": [
          "nosniff"
        ],
        "DataServiceVersion": [
          "3.0;"
        ],
        "x-ms-ratelimit-remaining-subscription-reads": [
          "14985"
        ],
        "x-ms-correlation-request-id": [
          "6390df45-9a85-42b1-847f-ca6b04ec19f9"
        ],
        "x-ms-routing-request-id": [
          "WESTEUROPE:20150522T085632Z:6390df45-9a85-42b1-847f-ca6b04ec19f9"
        ],
        "Strict-Transport-Security": [
          "max-age=31536000; includeSubDomains"
        ],
        "Cache-Control": [
          "no-store, no-cache"
        ],
        "Date": [
          "Fri, 22 May 2015 08:56:32 GMT"
        ],
        "Server": [
          "Microsoft-HTTPAPI/2.0"
        ]
      },
      "StatusCode": 200
    },
    {
      "RequestUri": "/subscriptions/cca24ec8-99b5-4aa7-9ff6-486e886f304c/resourceGroups/sql-dm-cmdlet-test-rg20777/providers/Microsoft.Sql/servers/sql-dm-cmdlet-server20777/databases/sql-dm-cmdlet-db20777/dataMaskingPolicies/Default?api-version=2014-04-01",
      "EncodedRequestUri": "L3N1YnNjcmlwdGlvbnMvY2NhMjRlYzgtOTliNS00YWE3LTlmZjYtNDg2ZTg4NmYzMDRjL3Jlc291cmNlR3JvdXBzL3NxbC1kbS1jbWRsZXQtdGVzdC1yZzIwNzc3L3Byb3ZpZGVycy9NaWNyb3NvZnQuU3FsL3NlcnZlcnMvc3FsLWRtLWNtZGxldC1zZXJ2ZXIyMDc3Ny9kYXRhYmFzZXMvc3FsLWRtLWNtZGxldC1kYjIwNzc3L2RhdGFNYXNraW5nUG9saWNpZXMvRGVmYXVsdD9hcGktdmVyc2lvbj0yMDE0LTA0LTAx",
      "RequestMethod": "GET",
      "RequestBody": "",
      "RequestHeaders": {
        "User-Agent": [
          "Microsoft.Azure.Management.Sql.SqlManagementClient/0.9.0.0"
        ],
        "x-ms-client-request-id": [
          "120afb9e-bded-409f-ac10-498b2fb5f6d8"
        ]
      },
      "ResponseBody": "{\r\n  \"id\": \"/subscriptions/cca24ec8-99b5-4aa7-9ff6-486e886f304c/resourceGroups/sql-dm-cmdlet-test-rg20777/providers/Microsoft.Sql/servers/sql-dm-cmdlet-server20777/databases/sql-dm-cmdlet-db20777/dataMaskingPolicies/Default\",\r\n  \"name\": \"Default\",\r\n  \"type\": \"Microsoft.Sql/servers/databases/dataMaskingPolicies\",\r\n  \"location\": \"West US\",\r\n  \"properties\": {\r\n    \"dataMaskingState\": \"Enabled\",\r\n    \"applicationPrincipals\": \"\",\r\n    \"exemptPrincipals\": \"\",\r\n    \"maskingLevel\": \"Relaxed\"\r\n  }\r\n}",
      "ResponseHeaders": {
        "Content-Length": [
          "437"
        ],
        "Content-Type": [
          "application/json; odata=minimalmetadata; streaming=true; charset=utf-8"
        ],
        "x-ms-request-id": [
          "4ab1e642-5a3a-48b0-885c-7db0da3b74aa"
        ],
        "X-Content-Type-Options": [
          "nosniff"
        ],
        "DataServiceVersion": [
          "3.0;"
        ],
        "x-ms-ratelimit-remaining-subscription-reads": [
          "14984"
        ],
        "x-ms-correlation-request-id": [
          "44c7b27c-d422-4fdb-a7ee-757241de1449"
        ],
        "x-ms-routing-request-id": [
          "WESTEUROPE:20150522T085635Z:44c7b27c-d422-4fdb-a7ee-757241de1449"
        ],
        "Strict-Transport-Security": [
          "max-age=31536000; includeSubDomains"
        ],
        "Cache-Control": [
          "no-store, no-cache"
        ],
        "Date": [
          "Fri, 22 May 2015 08:56:35 GMT"
        ],
        "Server": [
          "Microsoft-HTTPAPI/2.0"
        ]
      },
      "StatusCode": 200
    },
    {
      "RequestUri": "/subscriptions/cca24ec8-99b5-4aa7-9ff6-486e886f304c/resourceGroups/sql-dm-cmdlet-test-rg20777/providers/Microsoft.Sql/servers/sql-dm-cmdlet-server20777/databases/sql-dm-cmdlet-db20777/dataMaskingPolicies/Default?api-version=2014-04-01",
      "EncodedRequestUri": "L3N1YnNjcmlwdGlvbnMvY2NhMjRlYzgtOTliNS00YWE3LTlmZjYtNDg2ZTg4NmYzMDRjL3Jlc291cmNlR3JvdXBzL3NxbC1kbS1jbWRsZXQtdGVzdC1yZzIwNzc3L3Byb3ZpZGVycy9NaWNyb3NvZnQuU3FsL3NlcnZlcnMvc3FsLWRtLWNtZGxldC1zZXJ2ZXIyMDc3Ny9kYXRhYmFzZXMvc3FsLWRtLWNtZGxldC1kYjIwNzc3L2RhdGFNYXNraW5nUG9saWNpZXMvRGVmYXVsdD9hcGktdmVyc2lvbj0yMDE0LTA0LTAx",
      "RequestMethod": "PUT",
      "RequestBody": "{\r\n  \"properties\": {\r\n    \"dataMaskingState\": \"Enabled\",\r\n    \"exemptPrincipals\": \"\",\r\n    \"maskingLevel\": \"Relaxed\"\r\n  }\r\n}",
      "RequestHeaders": {
        "Content-Type": [
          "application/json; charset=utf-8"
        ],
        "Content-Length": [
          "124"
        ],
        "User-Agent": [
          "Microsoft.Azure.Management.Sql.SqlManagementClient/0.9.0.0"
        ],
        "x-ms-client-request-id": [
          "24631cce-11db-490d-b12b-40024875f2a5"
        ]
      },
      "ResponseBody": "{\r\n  \"id\": \"/subscriptions/cca24ec8-99b5-4aa7-9ff6-486e886f304c/resourceGroups/sql-dm-cmdlet-test-rg20777/providers/Microsoft.Sql/servers/sql-dm-cmdlet-server20777/databases/sql-dm-cmdlet-db20777/dataMaskingPolicies/Default\",\r\n  \"name\": \"Default\",\r\n  \"type\": \"Microsoft.Sql/servers/databases/dataMaskingPolicies\",\r\n  \"location\": null,\r\n  \"properties\": {\r\n    \"dataMaskingState\": \"Enabled\",\r\n    \"applicationPrincipals\": null,\r\n    \"exemptPrincipals\": \"\",\r\n    \"maskingLevel\": \"Relaxed\"\r\n  }\r\n}",
      "ResponseHeaders": {
        "Content-Length": [
          "434"
        ],
        "Content-Type": [
          "application/json; odata=minimalmetadata; streaming=true; charset=utf-8"
        ],
        "x-ms-request-id": [
          "e684fc9a-53be-4da5-a2ad-1ac60cdbce92"
        ],
        "X-Content-Type-Options": [
          "nosniff"
        ],
        "Preference-Applied": [
          "return-content"
        ],
        "DataServiceVersion": [
          "3.0;"
        ],
        "x-ms-ratelimit-remaining-subscription-writes": [
          "1195"
        ],
        "x-ms-correlation-request-id": [
          "5c1e1110-b2fa-48e2-a979-b45d12af70ac"
        ],
        "x-ms-routing-request-id": [
          "WESTEUROPE:20150522T085620Z:5c1e1110-b2fa-48e2-a979-b45d12af70ac"
        ],
        "Strict-Transport-Security": [
          "max-age=31536000; includeSubDomains"
        ],
        "Cache-Control": [
          "no-store, no-cache"
        ],
        "Date": [
          "Fri, 22 May 2015 08:56:19 GMT"
        ],
        "Server": [
          "Microsoft-HTTPAPI/2.0"
        ]
      },
      "StatusCode": 200
    },
    {
      "RequestUri": "/subscriptions/cca24ec8-99b5-4aa7-9ff6-486e886f304c/resourceGroups/sql-dm-cmdlet-test-rg20777/providers/Microsoft.Sql/servers/sql-dm-cmdlet-server20777/databases/sql-dm-cmdlet-db20777/dataMaskingPolicies/Default?api-version=2014-04-01",
      "EncodedRequestUri": "L3N1YnNjcmlwdGlvbnMvY2NhMjRlYzgtOTliNS00YWE3LTlmZjYtNDg2ZTg4NmYzMDRjL3Jlc291cmNlR3JvdXBzL3NxbC1kbS1jbWRsZXQtdGVzdC1yZzIwNzc3L3Byb3ZpZGVycy9NaWNyb3NvZnQuU3FsL3NlcnZlcnMvc3FsLWRtLWNtZGxldC1zZXJ2ZXIyMDc3Ny9kYXRhYmFzZXMvc3FsLWRtLWNtZGxldC1kYjIwNzc3L2RhdGFNYXNraW5nUG9saWNpZXMvRGVmYXVsdD9hcGktdmVyc2lvbj0yMDE0LTA0LTAx",
      "RequestMethod": "PUT",
      "RequestBody": "{\r\n  \"properties\": {\r\n    \"dataMaskingState\": \"Enabled\",\r\n    \"exemptPrincipals\": \"\",\r\n    \"maskingLevel\": \"Relaxed\"\r\n  }\r\n}",
      "RequestHeaders": {
        "Content-Type": [
          "application/json; charset=utf-8"
        ],
        "Content-Length": [
          "124"
        ],
        "User-Agent": [
          "Microsoft.Azure.Management.Sql.SqlManagementClient/0.9.0.0"
        ],
        "x-ms-client-request-id": [
          "63edc78b-6794-4bc8-aa14-5e8e94adf462"
        ]
      },
      "ResponseBody": "{\r\n  \"id\": \"/subscriptions/cca24ec8-99b5-4aa7-9ff6-486e886f304c/resourceGroups/sql-dm-cmdlet-test-rg20777/providers/Microsoft.Sql/servers/sql-dm-cmdlet-server20777/databases/sql-dm-cmdlet-db20777/dataMaskingPolicies/Default\",\r\n  \"name\": \"Default\",\r\n  \"type\": \"Microsoft.Sql/servers/databases/dataMaskingPolicies\",\r\n  \"location\": null,\r\n  \"properties\": {\r\n    \"dataMaskingState\": \"Enabled\",\r\n    \"applicationPrincipals\": null,\r\n    \"exemptPrincipals\": \"\",\r\n    \"maskingLevel\": \"Relaxed\"\r\n  }\r\n}",
      "ResponseHeaders": {
        "Content-Length": [
          "434"
        ],
        "Content-Type": [
          "application/json; odata=minimalmetadata; streaming=true; charset=utf-8"
        ],
        "x-ms-request-id": [
          "e55fa0d8-9b11-48a5-b641-7f06f7efe1f0"
        ],
        "X-Content-Type-Options": [
          "nosniff"
        ],
        "Preference-Applied": [
          "return-content"
        ],
        "DataServiceVersion": [
          "3.0;"
        ],
        "x-ms-ratelimit-remaining-subscription-writes": [
          "1194"
        ],
        "x-ms-correlation-request-id": [
          "432e0a53-a15e-49a2-9980-973bec80a25e"
        ],
        "x-ms-routing-request-id": [
          "WESTEUROPE:20150522T085625Z:432e0a53-a15e-49a2-9980-973bec80a25e"
        ],
        "Strict-Transport-Security": [
          "max-age=31536000; includeSubDomains"
        ],
        "Cache-Control": [
          "no-store, no-cache"
        ],
        "Date": [
          "Fri, 22 May 2015 08:56:25 GMT"
        ],
        "Server": [
          "Microsoft-HTTPAPI/2.0"
        ]
      },
      "StatusCode": 200
    },
    {
      "RequestUri": "/subscriptions/cca24ec8-99b5-4aa7-9ff6-486e886f304c/resourceGroups/sql-dm-cmdlet-test-rg20777/providers/Microsoft.Sql/servers/sql-dm-cmdlet-server20777/databases/sql-dm-cmdlet-db20777/dataMaskingPolicies/Default?api-version=2014-04-01",
      "EncodedRequestUri": "L3N1YnNjcmlwdGlvbnMvY2NhMjRlYzgtOTliNS00YWE3LTlmZjYtNDg2ZTg4NmYzMDRjL3Jlc291cmNlR3JvdXBzL3NxbC1kbS1jbWRsZXQtdGVzdC1yZzIwNzc3L3Byb3ZpZGVycy9NaWNyb3NvZnQuU3FsL3NlcnZlcnMvc3FsLWRtLWNtZGxldC1zZXJ2ZXIyMDc3Ny9kYXRhYmFzZXMvc3FsLWRtLWNtZGxldC1kYjIwNzc3L2RhdGFNYXNraW5nUG9saWNpZXMvRGVmYXVsdD9hcGktdmVyc2lvbj0yMDE0LTA0LTAx",
      "RequestMethod": "PUT",
      "RequestBody": "{\r\n  \"properties\": {\r\n    \"dataMaskingState\": \"Enabled\",\r\n    \"exemptPrincipals\": \"\",\r\n    \"maskingLevel\": \"Restricted\"\r\n  }\r\n}",
      "RequestHeaders": {
        "Content-Type": [
          "application/json; charset=utf-8"
        ],
        "Content-Length": [
          "127"
        ],
        "User-Agent": [
          "Microsoft.Azure.Management.Sql.SqlManagementClient/0.9.0.0"
        ],
        "x-ms-client-request-id": [
          "2cabcfd8-b24e-461f-b01b-8461f601e560"
        ]
      },
      "ResponseBody": "{\r\n  \"id\": \"/subscriptions/cca24ec8-99b5-4aa7-9ff6-486e886f304c/resourceGroups/sql-dm-cmdlet-test-rg20777/providers/Microsoft.Sql/servers/sql-dm-cmdlet-server20777/databases/sql-dm-cmdlet-db20777/dataMaskingPolicies/Default\",\r\n  \"name\": \"Default\",\r\n  \"type\": \"Microsoft.Sql/servers/databases/dataMaskingPolicies\",\r\n  \"location\": null,\r\n  \"properties\": {\r\n    \"dataMaskingState\": \"Enabled\",\r\n    \"applicationPrincipals\": null,\r\n    \"exemptPrincipals\": \"\",\r\n    \"maskingLevel\": \"Restricted\"\r\n  }\r\n}",
      "ResponseHeaders": {
        "Content-Length": [
          "437"
        ],
        "Content-Type": [
          "application/json; odata=minimalmetadata; streaming=true; charset=utf-8"
        ],
        "x-ms-request-id": [
          "7fec1d05-c2bd-4dcb-9895-592b171d5b43"
        ],
        "X-Content-Type-Options": [
          "nosniff"
        ],
        "Preference-Applied": [
          "return-content"
        ],
        "DataServiceVersion": [
          "3.0;"
        ],
        "x-ms-ratelimit-remaining-subscription-writes": [
          "1193"
        ],
        "x-ms-correlation-request-id": [
          "486f2751-780a-4afa-a3ef-c2d259c212a3"
        ],
        "x-ms-routing-request-id": [
          "WESTEUROPE:20150522T085629Z:486f2751-780a-4afa-a3ef-c2d259c212a3"
        ],
        "Strict-Transport-Security": [
          "max-age=31536000; includeSubDomains"
        ],
        "Cache-Control": [
          "no-store, no-cache"
        ],
        "Date": [
          "Fri, 22 May 2015 08:56:29 GMT"
        ],
        "Server": [
          "Microsoft-HTTPAPI/2.0"
        ]
      },
      "StatusCode": 200
    },
    {
      "RequestUri": "/subscriptions/cca24ec8-99b5-4aa7-9ff6-486e886f304c/resourceGroups/sql-dm-cmdlet-test-rg20777/providers/Microsoft.Sql/servers/sql-dm-cmdlet-server20777/databases/sql-dm-cmdlet-db20777/dataMaskingPolicies/Default?api-version=2014-04-01",
      "EncodedRequestUri": "L3N1YnNjcmlwdGlvbnMvY2NhMjRlYzgtOTliNS00YWE3LTlmZjYtNDg2ZTg4NmYzMDRjL3Jlc291cmNlR3JvdXBzL3NxbC1kbS1jbWRsZXQtdGVzdC1yZzIwNzc3L3Byb3ZpZGVycy9NaWNyb3NvZnQuU3FsL3NlcnZlcnMvc3FsLWRtLWNtZGxldC1zZXJ2ZXIyMDc3Ny9kYXRhYmFzZXMvc3FsLWRtLWNtZGxldC1kYjIwNzc3L2RhdGFNYXNraW5nUG9saWNpZXMvRGVmYXVsdD9hcGktdmVyc2lvbj0yMDE0LTA0LTAx",
      "RequestMethod": "PUT",
      "RequestBody": "{\r\n  \"properties\": {\r\n    \"dataMaskingState\": \"Enabled\",\r\n    \"exemptPrincipals\": \"\",\r\n    \"maskingLevel\": \"Relaxed\"\r\n  }\r\n}",
      "RequestHeaders": {
        "Content-Type": [
          "application/json; charset=utf-8"
        ],
        "Content-Length": [
          "124"
        ],
        "User-Agent": [
          "Microsoft.Azure.Management.Sql.SqlManagementClient/0.9.0.0"
        ],
        "x-ms-client-request-id": [
          "cd067c8b-28b2-42f8-bf44-9c8b61deebc8"
        ]
      },
      "ResponseBody": "{\r\n  \"id\": \"/subscriptions/cca24ec8-99b5-4aa7-9ff6-486e886f304c/resourceGroups/sql-dm-cmdlet-test-rg20777/providers/Microsoft.Sql/servers/sql-dm-cmdlet-server20777/databases/sql-dm-cmdlet-db20777/dataMaskingPolicies/Default\",\r\n  \"name\": \"Default\",\r\n  \"type\": \"Microsoft.Sql/servers/databases/dataMaskingPolicies\",\r\n  \"location\": null,\r\n  \"properties\": {\r\n    \"dataMaskingState\": \"Enabled\",\r\n    \"applicationPrincipals\": null,\r\n    \"exemptPrincipals\": \"\",\r\n    \"maskingLevel\": \"Relaxed\"\r\n  }\r\n}",
      "ResponseHeaders": {
        "Content-Length": [
          "434"
        ],
        "Content-Type": [
          "application/json; odata=minimalmetadata; streaming=true; charset=utf-8"
        ],
        "x-ms-request-id": [
          "181f1e89-4260-4bc9-a077-8838db1a5d78"
        ],
        "X-Content-Type-Options": [
          "nosniff"
        ],
        "Preference-Applied": [
          "return-content"
        ],
        "DataServiceVersion": [
          "3.0;"
        ],
        "x-ms-ratelimit-remaining-subscription-writes": [
          "1192"
        ],
        "x-ms-correlation-request-id": [
          "f4a352b1-23b2-4c1f-96e2-4ecb0b81bde5"
        ],
        "x-ms-routing-request-id": [
          "WESTEUROPE:20150522T085633Z:f4a352b1-23b2-4c1f-96e2-4ecb0b81bde5"
        ],
        "Strict-Transport-Security": [
          "max-age=31536000; includeSubDomains"
        ],
        "Cache-Control": [
          "no-store, no-cache"
        ],
        "Date": [
          "Fri, 22 May 2015 08:56:33 GMT"
        ],
        "Server": [
          "Microsoft-HTTPAPI/2.0"
        ]
      },
      "StatusCode": 200
    }
  ],
  "Names": {},
  "Variables": {
    "SubscriptionId": "cca24ec8-99b5-4aa7-9ff6-486e886f304c"
  }
}