{
  "Entries": [
    {
      "RequestUri": "/subscriptions/cca24ec8-99b5-4aa7-9ff6-486e886f304c/resourcegroups/sql-dm-cmdlet-test-rg30777?api-version=2014-04-01-preview",
      "EncodedRequestUri": "L3N1YnNjcmlwdGlvbnMvY2NhMjRlYzgtOTliNS00YWE3LTlmZjYtNDg2ZTg4NmYzMDRjL3Jlc291cmNlZ3JvdXBzL3NxbC1kbS1jbWRsZXQtdGVzdC1yZzMwNzc3P2FwaS12ZXJzaW9uPTIwMTQtMDQtMDEtcHJldmlldw==",
      "RequestMethod": "HEAD",
      "RequestBody": "",
      "RequestHeaders": {
        "User-Agent": [
          "Microsoft.Azure.Management.Resources.ResourceManagementClient/2.0.0.0"
        ]
      },
      "ResponseBody": "",
      "ResponseHeaders": {
        "Content-Length": [
          "118"
        ],
        "Content-Type": [
          "application/json; charset=utf-8"
        ],
        "Expires": [
          "-1"
        ],
        "Pragma": [
          "no-cache"
        ],
        "x-ms-failure-cause": [
          "gateway"
        ],
        "x-ms-ratelimit-remaining-subscription-reads": [
          "14941"
        ],
        "x-ms-request-id": [
          "b67ccbe4-4694-4642-b623-efcae6e5bec3"
        ],
        "x-ms-correlation-request-id": [
          "b67ccbe4-4694-4642-b623-efcae6e5bec3"
        ],
        "x-ms-routing-request-id": [
          "WESTEUROPE:20150522T090053Z:b67ccbe4-4694-4642-b623-efcae6e5bec3"
        ],
        "Strict-Transport-Security": [
          "max-age=31536000; includeSubDomains"
        ],
        "Cache-Control": [
          "no-cache"
        ],
        "Date": [
          "Fri, 22 May 2015 09:00:53 GMT"
        ]
      },
      "StatusCode": 404
    },
    {
      "RequestUri": "/subscriptions/cca24ec8-99b5-4aa7-9ff6-486e886f304c/resourcegroups/sql-dm-cmdlet-test-rg30777?api-version=2014-04-01-preview",
      "EncodedRequestUri": "L3N1YnNjcmlwdGlvbnMvY2NhMjRlYzgtOTliNS00YWE3LTlmZjYtNDg2ZTg4NmYzMDRjL3Jlc291cmNlZ3JvdXBzL3NxbC1kbS1jbWRsZXQtdGVzdC1yZzMwNzc3P2FwaS12ZXJzaW9uPTIwMTQtMDQtMDEtcHJldmlldw==",
      "RequestMethod": "PUT",
      "RequestBody": "{\r\n  \"location\": \"West US\"\r\n}",
      "RequestHeaders": {
        "Content-Type": [
          "application/json; charset=utf-8"
        ],
        "Content-Length": [
          "29"
        ],
        "User-Agent": [
          "Microsoft.Azure.Management.Resources.ResourceManagementClient/2.0.0.0"
        ]
      },
      "ResponseBody": "{\r\n  \"id\": \"/subscriptions/cca24ec8-99b5-4aa7-9ff6-486e886f304c/resourceGroups/sql-dm-cmdlet-test-rg30777\",\r\n  \"name\": \"sql-dm-cmdlet-test-rg30777\",\r\n  \"location\": \"westus\",\r\n  \"properties\": {\r\n    \"provisioningState\": \"Succeeded\"\r\n  }\r\n}",
      "ResponseHeaders": {
        "Content-Length": [
          "205"
        ],
        "Content-Type": [
          "application/json; charset=utf-8"
        ],
        "Expires": [
          "-1"
        ],
        "Pragma": [
          "no-cache"
        ],
        "x-ms-ratelimit-remaining-subscription-writes": [
          "1186"
        ],
        "x-ms-request-id": [
          "bcfcc17c-b479-4c35-b02d-c472f43cfd60"
        ],
        "x-ms-correlation-request-id": [
          "bcfcc17c-b479-4c35-b02d-c472f43cfd60"
        ],
        "x-ms-routing-request-id": [
          "WESTEUROPE:20150522T090055Z:bcfcc17c-b479-4c35-b02d-c472f43cfd60"
        ],
        "Strict-Transport-Security": [
          "max-age=31536000; includeSubDomains"
        ],
        "Cache-Control": [
          "no-cache"
        ],
        "Date": [
          "Fri, 22 May 2015 09:00:55 GMT"
        ]
      },
      "StatusCode": 201
    },
    {
      "RequestUri": "/subscriptions/cca24ec8-99b5-4aa7-9ff6-486e886f304c/resourcegroups/sql-dm-cmdlet-test-rg30777/deployments/sql-audit-test-env-setup/validate?api-version=2014-04-01-preview",
      "EncodedRequestUri": "L3N1YnNjcmlwdGlvbnMvY2NhMjRlYzgtOTliNS00YWE3LTlmZjYtNDg2ZTg4NmYzMDRjL3Jlc291cmNlZ3JvdXBzL3NxbC1kbS1jbWRsZXQtdGVzdC1yZzMwNzc3L2RlcGxveW1lbnRzL3NxbC1hdWRpdC10ZXN0LWVudi1zZXR1cC92YWxpZGF0ZT9hcGktdmVyc2lvbj0yMDE0LTA0LTAxLXByZXZpZXc=",
      "RequestMethod": "POST",
      "RequestBody": "{\r\n  \"properties\": {\r\n    \"template\": {\r\n      \"$schema\": \"http://schemas.management.azure.com/deploymentTemplate?api-version=2014-04-01-preview\",\r\n      \"contentVersion\": \"1.0.0.0\",\r\n      \"parameters\": {\r\n        \"administratorLogin\": {\r\n          \"type\": \"string\",\r\n          \"defaultValue\": \"testlogin\"\r\n        },\r\n        \"administratorLoginPassword\": {\r\n          \"type\": \"securestring\",\r\n          \"defaultValue\": \"testp@ssMakingIt1007Longer\"\r\n        },\r\n        \"collation\": {\r\n          \"type\": \"string\",\r\n          \"defaultValue\": \"SQL_Latin1_General_CP1_CI_AS\"\r\n        },\r\n        \"databaseName\": {\r\n          \"type\": \"string\"\r\n        },\r\n        \"edition\": {\r\n          \"type\": \"string\",\r\n          \"defaultValue\": \"Basic\"\r\n        },\r\n        \"configuredServiceLevelObjectiveId\": {\r\n          \"type\": \"string\",\r\n          \"defaultValue\": \"910b4fcb-8a29-4c3e-958f-f7ba794388b2\"\r\n        },\r\n        \"EnvLocation\": {\r\n          \"type\": \"string\"\r\n        },\r\n        \"serverName\": {\r\n          \"type\": \"string\"\r\n        }\r\n      },\r\n      \"resources\": [\r\n        {\r\n          \"apiVersion\": \"2.0\",\r\n          \"location\": \"[parameters('EnvLocation')]\",\r\n          \"name\": \"[parameters('serverName')]\",\r\n          \"properties\": {\r\n            \"administratorLogin\": \"[parameters('administratorLogin')]\",\r\n            \"administratorLoginPassword\": \"[parameters('administratorLoginPassword')]\"\r\n          },\r\n          \"resources\": [\r\n            {\r\n              \"apiVersion\": \"2.0\",\r\n              \"dependsOn\": [\r\n                \"[concat('Microsoft.Sql/servers/', parameters('serverName'))]\"\r\n              ],\r\n              \"location\": \"[parameters('EnvLocation')]\",\r\n              \"name\": \"[parameters('databaseName')]\",\r\n              \"properties\": {\r\n                \"collation\": \"[parameters('collation')]\",\r\n                \"edition\": \"[parameters('edition')]\",\r\n                \"maxSizeBytes\": \"1073741824\"\r\n              },\r\n              \"type\": \"databases\"\r\n            }\r\n          ],\r\n          \"type\": \"Microsoft.Sql/servers\"\r\n        }\r\n      ]\r\n    },\r\n    \"parameters\": {\r\n      \"databaseName\": {\r\n        \"value\": \"sql-dm-cmdlet-db30777\"\r\n      },\r\n      \"serverName\": {\r\n        \"value\": \"sql-dm-cmdlet-server30777\"\r\n      },\r\n      \"EnvLocation\": {\r\n        \"value\": \"West US\"\r\n      }\r\n    },\r\n    \"mode\": \"Incremental\"\r\n  }\r\n}",
      "RequestHeaders": {
        "Content-Type": [
          "application/json; charset=utf-8"
        ],
        "Content-Length": [
          "2358"
        ],
        "User-Agent": [
          "Microsoft.Azure.Management.Resources.ResourceManagementClient/2.0.0.0"
        ]
      },
      "ResponseBody": "{\r\n  \"id\": \"/subscriptions/cca24ec8-99b5-4aa7-9ff6-486e886f304c/resourceGroups/sql-dm-cmdlet-test-rg30777/deployments/sql-audit-test-env-setup\",\r\n  \"name\": \"sql-audit-test-env-setup\",\r\n  \"properties\": {\r\n    \"parameters\": {\r\n      \"administratorLogin\": {\r\n        \"type\": \"String\",\r\n        \"value\": \"testlogin\"\r\n      },\r\n      \"administratorLoginPassword\": {\r\n        \"type\": \"SecureString\"\r\n      },\r\n      \"collation\": {\r\n        \"type\": \"String\",\r\n        \"value\": \"SQL_Latin1_General_CP1_CI_AS\"\r\n      },\r\n      \"databaseName\": {\r\n        \"type\": \"String\",\r\n        \"value\": \"sql-dm-cmdlet-db30777\"\r\n      },\r\n      \"edition\": {\r\n        \"type\": \"String\",\r\n        \"value\": \"Basic\"\r\n      },\r\n      \"configuredServiceLevelObjectiveId\": {\r\n        \"type\": \"String\",\r\n        \"value\": \"910b4fcb-8a29-4c3e-958f-f7ba794388b2\"\r\n      },\r\n      \"envLocation\": {\r\n        \"type\": \"String\",\r\n        \"value\": \"West US\"\r\n      },\r\n      \"serverName\": {\r\n        \"type\": \"String\",\r\n        \"value\": \"sql-dm-cmdlet-server30777\"\r\n      }\r\n    },\r\n    \"mode\": \"Incremental\",\r\n    \"provisioningState\": \"Accepted\",\r\n    \"timestamp\": \"2015-05-22T09:00:56.268495Z\",\r\n    \"duration\": \"PT0S\",\r\n    \"correlationId\": \"9705a683-b594-4435-929c-76bd9f168e9d\",\r\n    \"providers\": [\r\n      {\r\n        \"namespace\": \"Microsoft.Sql\",\r\n        \"resourceTypes\": [\r\n          {\r\n            \"resourceType\": \"servers\",\r\n            \"locations\": [\r\n              \"westus\"\r\n            ]\r\n          },\r\n          {\r\n            \"resourceType\": \"servers/databases\",\r\n            \"locations\": [\r\n              \"westus\"\r\n            ]\r\n          }\r\n        ]\r\n      }\r\n    ],\r\n    \"dependencies\": [\r\n      {\r\n        \"dependsOn\": [\r\n          {\r\n            \"id\": \"/subscriptions/cca24ec8-99b5-4aa7-9ff6-486e886f304c/resourceGroups/sql-dm-cmdlet-test-rg30777/providers/Microsoft.Sql/servers/sql-dm-cmdlet-server30777\",\r\n            \"resourceType\": \"Microsoft.Sql/servers\",\r\n            \"resourceName\": \"sql-dm-cmdlet-server30777\"\r\n          }\r\n        ],\r\n        \"id\": \"/subscriptions/cca24ec8-99b5-4aa7-9ff6-486e886f304c/resourceGroups/sql-dm-cmdlet-test-rg30777/providers/Microsoft.Sql/servers/sql-dm-cmdlet-server30777/databases/sql-dm-cmdlet-db30777\",\r\n        \"resourceType\": \"Microsoft.Sql/servers/databases\",\r\n        \"resourceName\": \"sql-dm-cmdlet-server30777/sql-dm-cmdlet-db30777\"\r\n      }\r\n    ]\r\n  }\r\n}",
      "ResponseHeaders": {
        "Content-Length": [
          "1631"
        ],
        "Content-Type": [
          "application/json; charset=utf-8"
        ],
        "Expires": [
          "-1"
        ],
        "Pragma": [
          "no-cache"
        ],
        "x-ms-ratelimit-remaining-subscription-writes": [
          "1185"
        ],
        "x-ms-request-id": [
          "9705a683-b594-4435-929c-76bd9f168e9d"
        ],
        "x-ms-correlation-request-id": [
          "9705a683-b594-4435-929c-76bd9f168e9d"
        ],
        "x-ms-routing-request-id": [
          "WESTEUROPE:20150522T090056Z:9705a683-b594-4435-929c-76bd9f168e9d"
        ],
        "Strict-Transport-Security": [
          "max-age=31536000; includeSubDomains"
        ],
        "Cache-Control": [
          "no-cache"
        ],
        "Date": [
          "Fri, 22 May 2015 09:00:56 GMT"
        ]
      },
      "StatusCode": 200
    },
    {
      "RequestUri": "/subscriptions/cca24ec8-99b5-4aa7-9ff6-486e886f304c/resourcegroups/sql-dm-cmdlet-test-rg30777/deployments/sql-audit-test-env-setup?api-version=2014-04-01-preview",
      "EncodedRequestUri": "L3N1YnNjcmlwdGlvbnMvY2NhMjRlYzgtOTliNS00YWE3LTlmZjYtNDg2ZTg4NmYzMDRjL3Jlc291cmNlZ3JvdXBzL3NxbC1kbS1jbWRsZXQtdGVzdC1yZzMwNzc3L2RlcGxveW1lbnRzL3NxbC1hdWRpdC10ZXN0LWVudi1zZXR1cD9hcGktdmVyc2lvbj0yMDE0LTA0LTAxLXByZXZpZXc=",
      "RequestMethod": "PUT",
      "RequestBody": "{\r\n  \"properties\": {\r\n    \"template\": {\r\n      \"$schema\": \"http://schemas.management.azure.com/deploymentTemplate?api-version=2014-04-01-preview\",\r\n      \"contentVersion\": \"1.0.0.0\",\r\n      \"parameters\": {\r\n        \"administratorLogin\": {\r\n          \"type\": \"string\",\r\n          \"defaultValue\": \"testlogin\"\r\n        },\r\n        \"administratorLoginPassword\": {\r\n          \"type\": \"securestring\",\r\n          \"defaultValue\": \"testp@ssMakingIt1007Longer\"\r\n        },\r\n        \"collation\": {\r\n          \"type\": \"string\",\r\n          \"defaultValue\": \"SQL_Latin1_General_CP1_CI_AS\"\r\n        },\r\n        \"databaseName\": {\r\n          \"type\": \"string\"\r\n        },\r\n        \"edition\": {\r\n          \"type\": \"string\",\r\n          \"defaultValue\": \"Basic\"\r\n        },\r\n        \"configuredServiceLevelObjectiveId\": {\r\n          \"type\": \"string\",\r\n          \"defaultValue\": \"910b4fcb-8a29-4c3e-958f-f7ba794388b2\"\r\n        },\r\n        \"EnvLocation\": {\r\n          \"type\": \"string\"\r\n        },\r\n        \"serverName\": {\r\n          \"type\": \"string\"\r\n        }\r\n      },\r\n      \"resources\": [\r\n        {\r\n          \"apiVersion\": \"2.0\",\r\n          \"location\": \"[parameters('EnvLocation')]\",\r\n          \"name\": \"[parameters('serverName')]\",\r\n          \"properties\": {\r\n            \"administratorLogin\": \"[parameters('administratorLogin')]\",\r\n            \"administratorLoginPassword\": \"[parameters('administratorLoginPassword')]\"\r\n          },\r\n          \"resources\": [\r\n            {\r\n              \"apiVersion\": \"2.0\",\r\n              \"dependsOn\": [\r\n                \"[concat('Microsoft.Sql/servers/', parameters('serverName'))]\"\r\n              ],\r\n              \"location\": \"[parameters('EnvLocation')]\",\r\n              \"name\": \"[parameters('databaseName')]\",\r\n              \"properties\": {\r\n                \"collation\": \"[parameters('collation')]\",\r\n                \"edition\": \"[parameters('edition')]\",\r\n                \"maxSizeBytes\": \"1073741824\"\r\n              },\r\n              \"type\": \"databases\"\r\n            }\r\n          ],\r\n          \"type\": \"Microsoft.Sql/servers\"\r\n        }\r\n      ]\r\n    },\r\n    \"parameters\": {\r\n      \"databaseName\": {\r\n        \"value\": \"sql-dm-cmdlet-db30777\"\r\n      },\r\n      \"serverName\": {\r\n        \"value\": \"sql-dm-cmdlet-server30777\"\r\n      },\r\n      \"EnvLocation\": {\r\n        \"value\": \"West US\"\r\n      }\r\n    },\r\n    \"mode\": \"Incremental\"\r\n  }\r\n}",
      "RequestHeaders": {
        "Content-Type": [
          "application/json; charset=utf-8"
        ],
        "Content-Length": [
          "2358"
        ],
        "User-Agent": [
          "Microsoft.Azure.Management.Resources.ResourceManagementClient/2.0.0.0"
        ]
      },
      "ResponseBody": "{\r\n  \"id\": \"/subscriptions/cca24ec8-99b5-4aa7-9ff6-486e886f304c/resourceGroups/sql-dm-cmdlet-test-rg30777/deployments/sql-audit-test-env-setup\",\r\n  \"name\": \"sql-audit-test-env-setup\",\r\n  \"properties\": {\r\n    \"parameters\": {\r\n      \"administratorLogin\": {\r\n        \"type\": \"String\",\r\n        \"value\": \"testlogin\"\r\n      },\r\n      \"administratorLoginPassword\": {\r\n        \"type\": \"SecureString\"\r\n      },\r\n      \"collation\": {\r\n        \"type\": \"String\",\r\n        \"value\": \"SQL_Latin1_General_CP1_CI_AS\"\r\n      },\r\n      \"databaseName\": {\r\n        \"type\": \"String\",\r\n        \"value\": \"sql-dm-cmdlet-db30777\"\r\n      },\r\n      \"edition\": {\r\n        \"type\": \"String\",\r\n        \"value\": \"Basic\"\r\n      },\r\n      \"configuredServiceLevelObjectiveId\": {\r\n        \"type\": \"String\",\r\n        \"value\": \"910b4fcb-8a29-4c3e-958f-f7ba794388b2\"\r\n      },\r\n      \"envLocation\": {\r\n        \"type\": \"String\",\r\n        \"value\": \"West US\"\r\n      },\r\n      \"serverName\": {\r\n        \"type\": \"String\",\r\n        \"value\": \"sql-dm-cmdlet-server30777\"\r\n      }\r\n    },\r\n    \"mode\": \"Incremental\",\r\n    \"provisioningState\": \"Accepted\",\r\n    \"timestamp\": \"2015-05-22T09:00:58.080204Z\",\r\n    \"duration\": \"PT1.0857164S\",\r\n    \"correlationId\": \"c2fb3da9-688f-4f53-bf22-2c24cb0e0117\",\r\n    \"providers\": [\r\n      {\r\n        \"namespace\": \"Microsoft.Sql\",\r\n        \"resourceTypes\": [\r\n          {\r\n            \"resourceType\": \"servers\",\r\n            \"locations\": [\r\n              \"westus\"\r\n            ]\r\n          },\r\n          {\r\n            \"resourceType\": \"servers/databases\",\r\n            \"locations\": [\r\n              \"westus\"\r\n            ]\r\n          }\r\n        ]\r\n      }\r\n    ],\r\n    \"dependencies\": [\r\n      {\r\n        \"dependsOn\": [\r\n          {\r\n            \"id\": \"/subscriptions/cca24ec8-99b5-4aa7-9ff6-486e886f304c/resourceGroups/sql-dm-cmdlet-test-rg30777/providers/Microsoft.Sql/servers/sql-dm-cmdlet-server30777\",\r\n            \"resourceType\": \"Microsoft.Sql/servers\",\r\n            \"resourceName\": \"sql-dm-cmdlet-server30777\"\r\n          }\r\n        ],\r\n        \"id\": \"/subscriptions/cca24ec8-99b5-4aa7-9ff6-486e886f304c/resourceGroups/sql-dm-cmdlet-test-rg30777/providers/Microsoft.Sql/servers/sql-dm-cmdlet-server30777/databases/sql-dm-cmdlet-db30777\",\r\n        \"resourceType\": \"Microsoft.Sql/servers/databases\",\r\n        \"resourceName\": \"sql-dm-cmdlet-server30777/sql-dm-cmdlet-db30777\"\r\n      }\r\n    ]\r\n  }\r\n}",
      "ResponseHeaders": {
        "Content-Length": [
          "1639"
        ],
        "Content-Type": [
          "application/json; charset=utf-8"
        ],
        "Expires": [
          "-1"
        ],
        "Pragma": [
          "no-cache"
        ],
        "x-ms-ratelimit-remaining-subscription-writes": [
          "1184"
        ],
        "x-ms-request-id": [
          "c2fb3da9-688f-4f53-bf22-2c24cb0e0117"
        ],
        "x-ms-correlation-request-id": [
          "c2fb3da9-688f-4f53-bf22-2c24cb0e0117"
        ],
        "x-ms-routing-request-id": [
          "WESTEUROPE:20150522T090058Z:c2fb3da9-688f-4f53-bf22-2c24cb0e0117"
        ],
        "Strict-Transport-Security": [
          "max-age=31536000; includeSubDomains"
        ],
        "Cache-Control": [
          "no-cache"
        ],
        "Date": [
          "Fri, 22 May 2015 09:00:58 GMT"
        ]
      },
      "StatusCode": 201
    },
    {
      "RequestUri": "/subscriptions/cca24ec8-99b5-4aa7-9ff6-486e886f304c/resourcegroups/sql-dm-cmdlet-test-rg30777/deployments/sql-audit-test-env-setup/operations?api-version=2014-04-01-preview",
      "EncodedRequestUri": "L3N1YnNjcmlwdGlvbnMvY2NhMjRlYzgtOTliNS00YWE3LTlmZjYtNDg2ZTg4NmYzMDRjL3Jlc291cmNlZ3JvdXBzL3NxbC1kbS1jbWRsZXQtdGVzdC1yZzMwNzc3L2RlcGxveW1lbnRzL3NxbC1hdWRpdC10ZXN0LWVudi1zZXR1cC9vcGVyYXRpb25zP2FwaS12ZXJzaW9uPTIwMTQtMDQtMDEtcHJldmlldw==",
      "RequestMethod": "GET",
      "RequestBody": "",
      "RequestHeaders": {
        "User-Agent": [
          "Microsoft.Azure.Management.Resources.ResourceManagementClient/2.0.0.0"
        ]
      },
      "ResponseBody": "{\r\n  \"value\": []\r\n}",
      "ResponseHeaders": {
        "Content-Length": [
          "12"
        ],
        "Content-Type": [
          "application/json; charset=utf-8"
        ],
        "Expires": [
          "-1"
        ],
        "Pragma": [
          "no-cache"
        ],
        "x-ms-ratelimit-remaining-subscription-reads": [
          "14940"
        ],
        "x-ms-request-id": [
          "1bfbfe29-c5a4-4a9b-9dce-d7013e9e82ce"
        ],
        "x-ms-correlation-request-id": [
          "1bfbfe29-c5a4-4a9b-9dce-d7013e9e82ce"
        ],
        "x-ms-routing-request-id": [
          "WESTEUROPE:20150522T090059Z:1bfbfe29-c5a4-4a9b-9dce-d7013e9e82ce"
        ],
        "Strict-Transport-Security": [
          "max-age=31536000; includeSubDomains"
        ],
        "Cache-Control": [
          "no-cache"
        ],
        "Date": [
          "Fri, 22 May 2015 09:00:58 GMT"
        ]
      },
      "StatusCode": 200
    },
    {
      "RequestUri": "/subscriptions/cca24ec8-99b5-4aa7-9ff6-486e886f304c/resourcegroups/sql-dm-cmdlet-test-rg30777/deployments/sql-audit-test-env-setup/operations?api-version=2014-04-01-preview",
      "EncodedRequestUri": "L3N1YnNjcmlwdGlvbnMvY2NhMjRlYzgtOTliNS00YWE3LTlmZjYtNDg2ZTg4NmYzMDRjL3Jlc291cmNlZ3JvdXBzL3NxbC1kbS1jbWRsZXQtdGVzdC1yZzMwNzc3L2RlcGxveW1lbnRzL3NxbC1hdWRpdC10ZXN0LWVudi1zZXR1cC9vcGVyYXRpb25zP2FwaS12ZXJzaW9uPTIwMTQtMDQtMDEtcHJldmlldw==",
      "RequestMethod": "GET",
      "RequestBody": "",
      "RequestHeaders": {
        "User-Agent": [
          "Microsoft.Azure.Management.Resources.ResourceManagementClient/2.0.0.0"
        ]
      },
      "ResponseBody": "{\r\n  \"value\": []\r\n}",
      "ResponseHeaders": {
        "Content-Length": [
          "12"
        ],
        "Content-Type": [
          "application/json; charset=utf-8"
        ],
        "Expires": [
          "-1"
        ],
        "Pragma": [
          "no-cache"
        ],
        "x-ms-ratelimit-remaining-subscription-reads": [
          "14938"
        ],
        "x-ms-request-id": [
          "1a9dd42f-a622-4cd4-b3b9-f77e3690d404"
        ],
        "x-ms-correlation-request-id": [
          "1a9dd42f-a622-4cd4-b3b9-f77e3690d404"
        ],
        "x-ms-routing-request-id": [
          "WESTEUROPE:20150522T090102Z:1a9dd42f-a622-4cd4-b3b9-f77e3690d404"
        ],
        "Strict-Transport-Security": [
          "max-age=31536000; includeSubDomains"
        ],
        "Cache-Control": [
          "no-cache"
        ],
        "Date": [
          "Fri, 22 May 2015 09:01:01 GMT"
        ]
      },
      "StatusCode": 200
    },
    {
      "RequestUri": "/subscriptions/cca24ec8-99b5-4aa7-9ff6-486e886f304c/resourcegroups/sql-dm-cmdlet-test-rg30777/deployments/sql-audit-test-env-setup/operations?api-version=2014-04-01-preview",
      "EncodedRequestUri": "L3N1YnNjcmlwdGlvbnMvY2NhMjRlYzgtOTliNS00YWE3LTlmZjYtNDg2ZTg4NmYzMDRjL3Jlc291cmNlZ3JvdXBzL3NxbC1kbS1jbWRsZXQtdGVzdC1yZzMwNzc3L2RlcGxveW1lbnRzL3NxbC1hdWRpdC10ZXN0LWVudi1zZXR1cC9vcGVyYXRpb25zP2FwaS12ZXJzaW9uPTIwMTQtMDQtMDEtcHJldmlldw==",
      "RequestMethod": "GET",
      "RequestBody": "",
      "RequestHeaders": {
        "User-Agent": [
          "Microsoft.Azure.Management.Resources.ResourceManagementClient/2.0.0.0"
        ]
      },
      "ResponseBody": "{\r\n  \"value\": []\r\n}",
      "ResponseHeaders": {
        "Content-Length": [
          "12"
        ],
        "Content-Type": [
          "application/json; charset=utf-8"
        ],
        "Expires": [
          "-1"
        ],
        "Pragma": [
          "no-cache"
        ],
        "x-ms-ratelimit-remaining-subscription-reads": [
          "14936"
        ],
        "x-ms-request-id": [
          "878e84a7-f20f-4f7f-8c60-fa2c18b75199"
        ],
        "x-ms-correlation-request-id": [
          "878e84a7-f20f-4f7f-8c60-fa2c18b75199"
        ],
        "x-ms-routing-request-id": [
          "WESTEUROPE:20150522T090105Z:878e84a7-f20f-4f7f-8c60-fa2c18b75199"
        ],
        "Strict-Transport-Security": [
          "max-age=31536000; includeSubDomains"
        ],
        "Cache-Control": [
          "no-cache"
        ],
        "Date": [
          "Fri, 22 May 2015 09:01:05 GMT"
        ]
      },
      "StatusCode": 200
    },
    {
      "RequestUri": "/subscriptions/cca24ec8-99b5-4aa7-9ff6-486e886f304c/resourcegroups/sql-dm-cmdlet-test-rg30777/deployments/sql-audit-test-env-setup/operations?api-version=2014-04-01-preview",
      "EncodedRequestUri": "L3N1YnNjcmlwdGlvbnMvY2NhMjRlYzgtOTliNS00YWE3LTlmZjYtNDg2ZTg4NmYzMDRjL3Jlc291cmNlZ3JvdXBzL3NxbC1kbS1jbWRsZXQtdGVzdC1yZzMwNzc3L2RlcGxveW1lbnRzL3NxbC1hdWRpdC10ZXN0LWVudi1zZXR1cC9vcGVyYXRpb25zP2FwaS12ZXJzaW9uPTIwMTQtMDQtMDEtcHJldmlldw==",
      "RequestMethod": "GET",
      "RequestBody": "",
      "RequestHeaders": {
        "User-Agent": [
          "Microsoft.Azure.Management.Resources.ResourceManagementClient/2.0.0.0"
        ]
      },
      "ResponseBody": "{\r\n  \"value\": []\r\n}",
      "ResponseHeaders": {
        "Content-Length": [
          "12"
        ],
        "Content-Type": [
          "application/json; charset=utf-8"
        ],
        "Expires": [
          "-1"
        ],
        "Pragma": [
          "no-cache"
        ],
        "x-ms-ratelimit-remaining-subscription-reads": [
          "14934"
        ],
        "x-ms-request-id": [
          "58185fe0-7d0f-4219-bf7e-19daa870e521"
        ],
        "x-ms-correlation-request-id": [
          "58185fe0-7d0f-4219-bf7e-19daa870e521"
        ],
        "x-ms-routing-request-id": [
          "WESTEUROPE:20150522T090108Z:58185fe0-7d0f-4219-bf7e-19daa870e521"
        ],
        "Strict-Transport-Security": [
          "max-age=31536000; includeSubDomains"
        ],
        "Cache-Control": [
          "no-cache"
        ],
        "Date": [
          "Fri, 22 May 2015 09:01:08 GMT"
        ]
      },
      "StatusCode": 200
    },
    {
      "RequestUri": "/subscriptions/cca24ec8-99b5-4aa7-9ff6-486e886f304c/resourcegroups/sql-dm-cmdlet-test-rg30777/deployments/sql-audit-test-env-setup/operations?api-version=2014-04-01-preview",
      "EncodedRequestUri": "L3N1YnNjcmlwdGlvbnMvY2NhMjRlYzgtOTliNS00YWE3LTlmZjYtNDg2ZTg4NmYzMDRjL3Jlc291cmNlZ3JvdXBzL3NxbC1kbS1jbWRsZXQtdGVzdC1yZzMwNzc3L2RlcGxveW1lbnRzL3NxbC1hdWRpdC10ZXN0LWVudi1zZXR1cC9vcGVyYXRpb25zP2FwaS12ZXJzaW9uPTIwMTQtMDQtMDEtcHJldmlldw==",
      "RequestMethod": "GET",
      "RequestBody": "",
      "RequestHeaders": {
        "User-Agent": [
          "Microsoft.Azure.Management.Resources.ResourceManagementClient/2.0.0.0"
        ]
      },
      "ResponseBody": "{\r\n  \"value\": [\r\n    {\r\n      \"id\": \"/subscriptions/cca24ec8-99b5-4aa7-9ff6-486e886f304c/resourceGroups/sql-dm-cmdlet-test-rg30777/deployments/sql-audit-test-env-setup/operations/61C1318DAF80D0AB\",\r\n      \"operationId\": \"61C1318DAF80D0AB\",\r\n      \"properties\": {\r\n        \"provisioningState\": \"Succeeded\",\r\n        \"timestamp\": \"2015-05-22T09:01:08.3992278Z\",\r\n        \"duration\": \"PT9.8485764S\",\r\n        \"trackingId\": \"5f633d18-f04a-46ee-bd0d-5b1a991dae30\",\r\n        \"statusCode\": \"Created\",\r\n        \"targetResource\": {\r\n          \"id\": \"/subscriptions/cca24ec8-99b5-4aa7-9ff6-486e886f304c/resourceGroups/sql-dm-cmdlet-test-rg30777/providers/Microsoft.Sql/servers/sql-dm-cmdlet-server30777\",\r\n          \"resourceType\": \"Microsoft.Sql/servers\",\r\n          \"resourceName\": \"sql-dm-cmdlet-server30777\"\r\n        }\r\n      }\r\n    }\r\n  ]\r\n}",
      "ResponseHeaders": {
        "Content-Length": [
          "663"
        ],
        "Content-Type": [
          "application/json; charset=utf-8"
        ],
        "Expires": [
          "-1"
        ],
        "Pragma": [
          "no-cache"
        ],
        "x-ms-ratelimit-remaining-subscription-reads": [
          "14932"
        ],
        "x-ms-request-id": [
          "89e6ed88-b06a-4c66-9b0f-6341d4faf7c6"
        ],
        "x-ms-correlation-request-id": [
          "89e6ed88-b06a-4c66-9b0f-6341d4faf7c6"
        ],
        "x-ms-routing-request-id": [
          "WESTEUROPE:20150522T090112Z:89e6ed88-b06a-4c66-9b0f-6341d4faf7c6"
        ],
        "Strict-Transport-Security": [
          "max-age=31536000; includeSubDomains"
        ],
        "Cache-Control": [
          "no-cache"
        ],
        "Date": [
          "Fri, 22 May 2015 09:01:11 GMT"
        ]
      },
      "StatusCode": 200
    },
    {
      "RequestUri": "/subscriptions/cca24ec8-99b5-4aa7-9ff6-486e886f304c/resourcegroups/sql-dm-cmdlet-test-rg30777/deployments/sql-audit-test-env-setup/operations?api-version=2014-04-01-preview",
      "EncodedRequestUri": "L3N1YnNjcmlwdGlvbnMvY2NhMjRlYzgtOTliNS00YWE3LTlmZjYtNDg2ZTg4NmYzMDRjL3Jlc291cmNlZ3JvdXBzL3NxbC1kbS1jbWRsZXQtdGVzdC1yZzMwNzc3L2RlcGxveW1lbnRzL3NxbC1hdWRpdC10ZXN0LWVudi1zZXR1cC9vcGVyYXRpb25zP2FwaS12ZXJzaW9uPTIwMTQtMDQtMDEtcHJldmlldw==",
      "RequestMethod": "GET",
      "RequestBody": "",
      "RequestHeaders": {
        "User-Agent": [
          "Microsoft.Azure.Management.Resources.ResourceManagementClient/2.0.0.0"
        ]
      },
      "ResponseBody": "{\r\n  \"value\": [\r\n    {\r\n      \"id\": \"/subscriptions/cca24ec8-99b5-4aa7-9ff6-486e886f304c/resourceGroups/sql-dm-cmdlet-test-rg30777/deployments/sql-audit-test-env-setup/operations/35142F853E824FB8\",\r\n      \"operationId\": \"35142F853E824FB8\",\r\n      \"properties\": {\r\n        \"provisioningState\": \"Succeeded\",\r\n        \"timestamp\": \"2015-05-22T09:01:13.5770244Z\",\r\n        \"duration\": \"PT4.4834744S\",\r\n        \"trackingId\": \"88acee9f-105a-4987-8118-0e114554132b\",\r\n        \"statusCode\": \"Created\",\r\n        \"targetResource\": {\r\n          \"id\": \"/subscriptions/cca24ec8-99b5-4aa7-9ff6-486e886f304c/resourceGroups/sql-dm-cmdlet-test-rg30777/providers/Microsoft.Sql/servers/sql-dm-cmdlet-server30777/databases/sql-dm-cmdlet-db30777\",\r\n          \"resourceType\": \"Microsoft.Sql/servers/databases\",\r\n          \"resourceName\": \"sql-dm-cmdlet-server30777/sql-dm-cmdlet-db30777\"\r\n        }\r\n      }\r\n    },\r\n    {\r\n      \"id\": \"/subscriptions/cca24ec8-99b5-4aa7-9ff6-486e886f304c/resourceGroups/sql-dm-cmdlet-test-rg30777/deployments/sql-audit-test-env-setup/operations/61C1318DAF80D0AB\",\r\n      \"operationId\": \"61C1318DAF80D0AB\",\r\n      \"properties\": {\r\n        \"provisioningState\": \"Succeeded\",\r\n        \"timestamp\": \"2015-05-22T09:01:08.3992278Z\",\r\n        \"duration\": \"PT9.8485764S\",\r\n        \"trackingId\": \"5f633d18-f04a-46ee-bd0d-5b1a991dae30\",\r\n        \"statusCode\": \"Created\",\r\n        \"targetResource\": {\r\n          \"id\": \"/subscriptions/cca24ec8-99b5-4aa7-9ff6-486e886f304c/resourceGroups/sql-dm-cmdlet-test-rg30777/providers/Microsoft.Sql/servers/sql-dm-cmdlet-server30777\",\r\n          \"resourceType\": \"Microsoft.Sql/servers\",\r\n          \"resourceName\": \"sql-dm-cmdlet-server30777\"\r\n        }\r\n      }\r\n    }\r\n  ]\r\n}",
      "ResponseHeaders": {
        "Content-Length": [
          "1379"
        ],
        "Content-Type": [
          "application/json; charset=utf-8"
        ],
        "Expires": [
          "-1"
        ],
        "Pragma": [
          "no-cache"
        ],
        "x-ms-ratelimit-remaining-subscription-reads": [
          "14930"
        ],
        "x-ms-request-id": [
          "b81f2521-7971-4001-bcdc-902ee307026f"
        ],
        "x-ms-correlation-request-id": [
          "b81f2521-7971-4001-bcdc-902ee307026f"
        ],
        "x-ms-routing-request-id": [
          "WESTEUROPE:20150522T090115Z:b81f2521-7971-4001-bcdc-902ee307026f"
        ],
        "Strict-Transport-Security": [
          "max-age=31536000; includeSubDomains"
        ],
        "Cache-Control": [
          "no-cache"
        ],
        "Date": [
          "Fri, 22 May 2015 09:01:14 GMT"
        ]
      },
      "StatusCode": 200
    },
    {
      "RequestUri": "/subscriptions/cca24ec8-99b5-4aa7-9ff6-486e886f304c/resourcegroups/sql-dm-cmdlet-test-rg30777/deployments/sql-audit-test-env-setup?api-version=2014-04-01-preview",
      "EncodedRequestUri": "L3N1YnNjcmlwdGlvbnMvY2NhMjRlYzgtOTliNS00YWE3LTlmZjYtNDg2ZTg4NmYzMDRjL3Jlc291cmNlZ3JvdXBzL3NxbC1kbS1jbWRsZXQtdGVzdC1yZzMwNzc3L2RlcGxveW1lbnRzL3NxbC1hdWRpdC10ZXN0LWVudi1zZXR1cD9hcGktdmVyc2lvbj0yMDE0LTA0LTAxLXByZXZpZXc=",
      "RequestMethod": "GET",
      "RequestBody": "",
      "RequestHeaders": {
        "User-Agent": [
          "Microsoft.Azure.Management.Resources.ResourceManagementClient/2.0.0.0"
        ]
      },
      "ResponseBody": "{\r\n  \"id\": \"/subscriptions/cca24ec8-99b5-4aa7-9ff6-486e886f304c/resourceGroups/sql-dm-cmdlet-test-rg30777/deployments/sql-audit-test-env-setup\",\r\n  \"name\": \"sql-audit-test-env-setup\",\r\n  \"properties\": {\r\n    \"parameters\": {\r\n      \"administratorLogin\": {\r\n        \"type\": \"String\",\r\n        \"value\": \"testlogin\"\r\n      },\r\n      \"administratorLoginPassword\": {\r\n        \"type\": \"SecureString\"\r\n      },\r\n      \"collation\": {\r\n        \"type\": \"String\",\r\n        \"value\": \"SQL_Latin1_General_CP1_CI_AS\"\r\n      },\r\n      \"databaseName\": {\r\n        \"type\": \"String\",\r\n        \"value\": \"sql-dm-cmdlet-db30777\"\r\n      },\r\n      \"edition\": {\r\n        \"type\": \"String\",\r\n        \"value\": \"Basic\"\r\n      },\r\n      \"configuredServiceLevelObjectiveId\": {\r\n        \"type\": \"String\",\r\n        \"value\": \"910b4fcb-8a29-4c3e-958f-f7ba794388b2\"\r\n      },\r\n      \"envLocation\": {\r\n        \"type\": \"String\",\r\n        \"value\": \"West US\"\r\n      },\r\n      \"serverName\": {\r\n        \"type\": \"String\",\r\n        \"value\": \"sql-dm-cmdlet-server30777\"\r\n      }\r\n    },\r\n    \"mode\": \"Incremental\",\r\n    \"provisioningState\": \"Running\",\r\n    \"timestamp\": \"2015-05-22T09:00:58.4855591Z\",\r\n    \"duration\": \"PT1.4910715S\",\r\n    \"correlationId\": \"c2fb3da9-688f-4f53-bf22-2c24cb0e0117\",\r\n    \"providers\": [\r\n      {\r\n        \"namespace\": \"Microsoft.Sql\",\r\n        \"resourceTypes\": [\r\n          {\r\n            \"resourceType\": \"servers\",\r\n            \"locations\": [\r\n              \"westus\"\r\n            ]\r\n          },\r\n          {\r\n            \"resourceType\": \"servers/databases\",\r\n            \"locations\": [\r\n              \"westus\"\r\n            ]\r\n          }\r\n        ]\r\n      }\r\n    ],\r\n    \"dependencies\": [\r\n      {\r\n        \"dependsOn\": [\r\n          {\r\n            \"id\": \"/subscriptions/cca24ec8-99b5-4aa7-9ff6-486e886f304c/resourceGroups/sql-dm-cmdlet-test-rg30777/providers/Microsoft.Sql/servers/sql-dm-cmdlet-server30777\",\r\n            \"resourceType\": \"Microsoft.Sql/servers\",\r\n            \"resourceName\": \"sql-dm-cmdlet-server30777\"\r\n          }\r\n        ],\r\n        \"id\": \"/subscriptions/cca24ec8-99b5-4aa7-9ff6-486e886f304c/resourceGroups/sql-dm-cmdlet-test-rg30777/providers/Microsoft.Sql/servers/sql-dm-cmdlet-server30777/databases/sql-dm-cmdlet-db30777\",\r\n        \"resourceType\": \"Microsoft.Sql/servers/databases\",\r\n        \"resourceName\": \"sql-dm-cmdlet-server30777/sql-dm-cmdlet-db30777\"\r\n      }\r\n    ]\r\n  }\r\n}",
      "ResponseHeaders": {
        "Content-Length": [
          "1639"
        ],
        "Content-Type": [
          "application/json; charset=utf-8"
        ],
        "Expires": [
          "-1"
        ],
        "Pragma": [
          "no-cache"
        ],
        "x-ms-ratelimit-remaining-subscription-reads": [
          "14939"
        ],
        "x-ms-request-id": [
          "f41cd16a-e074-4a00-b4de-9df6c39601b4"
        ],
        "x-ms-correlation-request-id": [
          "f41cd16a-e074-4a00-b4de-9df6c39601b4"
        ],
        "x-ms-routing-request-id": [
          "WESTEUROPE:20150522T090059Z:f41cd16a-e074-4a00-b4de-9df6c39601b4"
        ],
        "Strict-Transport-Security": [
          "max-age=31536000; includeSubDomains"
        ],
        "Cache-Control": [
          "no-cache"
        ],
        "Date": [
          "Fri, 22 May 2015 09:00:59 GMT"
        ]
      },
      "StatusCode": 200
    },
    {
      "RequestUri": "/subscriptions/cca24ec8-99b5-4aa7-9ff6-486e886f304c/resourcegroups/sql-dm-cmdlet-test-rg30777/deployments/sql-audit-test-env-setup?api-version=2014-04-01-preview",
      "EncodedRequestUri": "L3N1YnNjcmlwdGlvbnMvY2NhMjRlYzgtOTliNS00YWE3LTlmZjYtNDg2ZTg4NmYzMDRjL3Jlc291cmNlZ3JvdXBzL3NxbC1kbS1jbWRsZXQtdGVzdC1yZzMwNzc3L2RlcGxveW1lbnRzL3NxbC1hdWRpdC10ZXN0LWVudi1zZXR1cD9hcGktdmVyc2lvbj0yMDE0LTA0LTAxLXByZXZpZXc=",
      "RequestMethod": "GET",
      "RequestBody": "",
      "RequestHeaders": {
        "User-Agent": [
          "Microsoft.Azure.Management.Resources.ResourceManagementClient/2.0.0.0"
        ]
      },
      "ResponseBody": "{\r\n  \"id\": \"/subscriptions/cca24ec8-99b5-4aa7-9ff6-486e886f304c/resourceGroups/sql-dm-cmdlet-test-rg30777/deployments/sql-audit-test-env-setup\",\r\n  \"name\": \"sql-audit-test-env-setup\",\r\n  \"properties\": {\r\n    \"parameters\": {\r\n      \"administratorLogin\": {\r\n        \"type\": \"String\",\r\n        \"value\": \"testlogin\"\r\n      },\r\n      \"administratorLoginPassword\": {\r\n        \"type\": \"SecureString\"\r\n      },\r\n      \"collation\": {\r\n        \"type\": \"String\",\r\n        \"value\": \"SQL_Latin1_General_CP1_CI_AS\"\r\n      },\r\n      \"databaseName\": {\r\n        \"type\": \"String\",\r\n        \"value\": \"sql-dm-cmdlet-db30777\"\r\n      },\r\n      \"edition\": {\r\n        \"type\": \"String\",\r\n        \"value\": \"Basic\"\r\n      },\r\n      \"configuredServiceLevelObjectiveId\": {\r\n        \"type\": \"String\",\r\n        \"value\": \"910b4fcb-8a29-4c3e-958f-f7ba794388b2\"\r\n      },\r\n      \"envLocation\": {\r\n        \"type\": \"String\",\r\n        \"value\": \"West US\"\r\n      },\r\n      \"serverName\": {\r\n        \"type\": \"String\",\r\n        \"value\": \"sql-dm-cmdlet-server30777\"\r\n      }\r\n    },\r\n    \"mode\": \"Incremental\",\r\n    \"provisioningState\": \"Running\",\r\n    \"timestamp\": \"2015-05-22T09:00:58.4855591Z\",\r\n    \"duration\": \"PT1.4910715S\",\r\n    \"correlationId\": \"c2fb3da9-688f-4f53-bf22-2c24cb0e0117\",\r\n    \"providers\": [\r\n      {\r\n        \"namespace\": \"Microsoft.Sql\",\r\n        \"resourceTypes\": [\r\n          {\r\n            \"resourceType\": \"servers\",\r\n            \"locations\": [\r\n              \"westus\"\r\n            ]\r\n          },\r\n          {\r\n            \"resourceType\": \"servers/databases\",\r\n            \"locations\": [\r\n              \"westus\"\r\n            ]\r\n          }\r\n        ]\r\n      }\r\n    ],\r\n    \"dependencies\": [\r\n      {\r\n        \"dependsOn\": [\r\n          {\r\n            \"id\": \"/subscriptions/cca24ec8-99b5-4aa7-9ff6-486e886f304c/resourceGroups/sql-dm-cmdlet-test-rg30777/providers/Microsoft.Sql/servers/sql-dm-cmdlet-server30777\",\r\n            \"resourceType\": \"Microsoft.Sql/servers\",\r\n            \"resourceName\": \"sql-dm-cmdlet-server30777\"\r\n          }\r\n        ],\r\n        \"id\": \"/subscriptions/cca24ec8-99b5-4aa7-9ff6-486e886f304c/resourceGroups/sql-dm-cmdlet-test-rg30777/providers/Microsoft.Sql/servers/sql-dm-cmdlet-server30777/databases/sql-dm-cmdlet-db30777\",\r\n        \"resourceType\": \"Microsoft.Sql/servers/databases\",\r\n        \"resourceName\": \"sql-dm-cmdlet-server30777/sql-dm-cmdlet-db30777\"\r\n      }\r\n    ]\r\n  }\r\n}",
      "ResponseHeaders": {
        "Content-Length": [
          "1639"
        ],
        "Content-Type": [
          "application/json; charset=utf-8"
        ],
        "Expires": [
          "-1"
        ],
        "Pragma": [
          "no-cache"
        ],
        "x-ms-ratelimit-remaining-subscription-reads": [
          "14937"
        ],
        "x-ms-request-id": [
          "f9a48acd-11f9-4afa-891d-596233ded07d"
        ],
        "x-ms-correlation-request-id": [
          "f9a48acd-11f9-4afa-891d-596233ded07d"
        ],
        "x-ms-routing-request-id": [
          "WESTEUROPE:20150522T090102Z:f9a48acd-11f9-4afa-891d-596233ded07d"
        ],
        "Strict-Transport-Security": [
          "max-age=31536000; includeSubDomains"
        ],
        "Cache-Control": [
          "no-cache"
        ],
        "Date": [
          "Fri, 22 May 2015 09:01:02 GMT"
        ]
      },
      "StatusCode": 200
    },
    {
      "RequestUri": "/subscriptions/cca24ec8-99b5-4aa7-9ff6-486e886f304c/resourcegroups/sql-dm-cmdlet-test-rg30777/deployments/sql-audit-test-env-setup?api-version=2014-04-01-preview",
      "EncodedRequestUri": "L3N1YnNjcmlwdGlvbnMvY2NhMjRlYzgtOTliNS00YWE3LTlmZjYtNDg2ZTg4NmYzMDRjL3Jlc291cmNlZ3JvdXBzL3NxbC1kbS1jbWRsZXQtdGVzdC1yZzMwNzc3L2RlcGxveW1lbnRzL3NxbC1hdWRpdC10ZXN0LWVudi1zZXR1cD9hcGktdmVyc2lvbj0yMDE0LTA0LTAxLXByZXZpZXc=",
      "RequestMethod": "GET",
      "RequestBody": "",
      "RequestHeaders": {
        "User-Agent": [
          "Microsoft.Azure.Management.Resources.ResourceManagementClient/2.0.0.0"
        ]
      },
      "ResponseBody": "{\r\n  \"id\": \"/subscriptions/cca24ec8-99b5-4aa7-9ff6-486e886f304c/resourceGroups/sql-dm-cmdlet-test-rg30777/deployments/sql-audit-test-env-setup\",\r\n  \"name\": \"sql-audit-test-env-setup\",\r\n  \"properties\": {\r\n    \"parameters\": {\r\n      \"administratorLogin\": {\r\n        \"type\": \"String\",\r\n        \"value\": \"testlogin\"\r\n      },\r\n      \"administratorLoginPassword\": {\r\n        \"type\": \"SecureString\"\r\n      },\r\n      \"collation\": {\r\n        \"type\": \"String\",\r\n        \"value\": \"SQL_Latin1_General_CP1_CI_AS\"\r\n      },\r\n      \"databaseName\": {\r\n        \"type\": \"String\",\r\n        \"value\": \"sql-dm-cmdlet-db30777\"\r\n      },\r\n      \"edition\": {\r\n        \"type\": \"String\",\r\n        \"value\": \"Basic\"\r\n      },\r\n      \"configuredServiceLevelObjectiveId\": {\r\n        \"type\": \"String\",\r\n        \"value\": \"910b4fcb-8a29-4c3e-958f-f7ba794388b2\"\r\n      },\r\n      \"envLocation\": {\r\n        \"type\": \"String\",\r\n        \"value\": \"West US\"\r\n      },\r\n      \"serverName\": {\r\n        \"type\": \"String\",\r\n        \"value\": \"sql-dm-cmdlet-server30777\"\r\n      }\r\n    },\r\n    \"mode\": \"Incremental\",\r\n    \"provisioningState\": \"Running\",\r\n    \"timestamp\": \"2015-05-22T09:00:58.4855591Z\",\r\n    \"duration\": \"PT1.4910715S\",\r\n    \"correlationId\": \"c2fb3da9-688f-4f53-bf22-2c24cb0e0117\",\r\n    \"providers\": [\r\n      {\r\n        \"namespace\": \"Microsoft.Sql\",\r\n        \"resourceTypes\": [\r\n          {\r\n            \"resourceType\": \"servers\",\r\n            \"locations\": [\r\n              \"westus\"\r\n            ]\r\n          },\r\n          {\r\n            \"resourceType\": \"servers/databases\",\r\n            \"locations\": [\r\n              \"westus\"\r\n            ]\r\n          }\r\n        ]\r\n      }\r\n    ],\r\n    \"dependencies\": [\r\n      {\r\n        \"dependsOn\": [\r\n          {\r\n            \"id\": \"/subscriptions/cca24ec8-99b5-4aa7-9ff6-486e886f304c/resourceGroups/sql-dm-cmdlet-test-rg30777/providers/Microsoft.Sql/servers/sql-dm-cmdlet-server30777\",\r\n            \"resourceType\": \"Microsoft.Sql/servers\",\r\n            \"resourceName\": \"sql-dm-cmdlet-server30777\"\r\n          }\r\n        ],\r\n        \"id\": \"/subscriptions/cca24ec8-99b5-4aa7-9ff6-486e886f304c/resourceGroups/sql-dm-cmdlet-test-rg30777/providers/Microsoft.Sql/servers/sql-dm-cmdlet-server30777/databases/sql-dm-cmdlet-db30777\",\r\n        \"resourceType\": \"Microsoft.Sql/servers/databases\",\r\n        \"resourceName\": \"sql-dm-cmdlet-server30777/sql-dm-cmdlet-db30777\"\r\n      }\r\n    ]\r\n  }\r\n}",
      "ResponseHeaders": {
        "Content-Length": [
          "1639"
        ],
        "Content-Type": [
          "application/json; charset=utf-8"
        ],
        "Expires": [
          "-1"
        ],
        "Pragma": [
          "no-cache"
        ],
        "x-ms-ratelimit-remaining-subscription-reads": [
          "14935"
        ],
        "x-ms-request-id": [
          "6ee98281-8582-46e8-8561-45ff528dc23c"
        ],
        "x-ms-correlation-request-id": [
          "6ee98281-8582-46e8-8561-45ff528dc23c"
        ],
        "x-ms-routing-request-id": [
          "WESTEUROPE:20150522T090105Z:6ee98281-8582-46e8-8561-45ff528dc23c"
        ],
        "Strict-Transport-Security": [
          "max-age=31536000; includeSubDomains"
        ],
        "Cache-Control": [
          "no-cache"
        ],
        "Date": [
          "Fri, 22 May 2015 09:01:05 GMT"
        ]
      },
      "StatusCode": 200
    },
    {
      "RequestUri": "/subscriptions/cca24ec8-99b5-4aa7-9ff6-486e886f304c/resourcegroups/sql-dm-cmdlet-test-rg30777/deployments/sql-audit-test-env-setup?api-version=2014-04-01-preview",
      "EncodedRequestUri": "L3N1YnNjcmlwdGlvbnMvY2NhMjRlYzgtOTliNS00YWE3LTlmZjYtNDg2ZTg4NmYzMDRjL3Jlc291cmNlZ3JvdXBzL3NxbC1kbS1jbWRsZXQtdGVzdC1yZzMwNzc3L2RlcGxveW1lbnRzL3NxbC1hdWRpdC10ZXN0LWVudi1zZXR1cD9hcGktdmVyc2lvbj0yMDE0LTA0LTAxLXByZXZpZXc=",
      "RequestMethod": "GET",
      "RequestBody": "",
      "RequestHeaders": {
        "User-Agent": [
          "Microsoft.Azure.Management.Resources.ResourceManagementClient/2.0.0.0"
        ]
      },
      "ResponseBody": "{\r\n  \"id\": \"/subscriptions/cca24ec8-99b5-4aa7-9ff6-486e886f304c/resourceGroups/sql-dm-cmdlet-test-rg30777/deployments/sql-audit-test-env-setup\",\r\n  \"name\": \"sql-audit-test-env-setup\",\r\n  \"properties\": {\r\n    \"parameters\": {\r\n      \"administratorLogin\": {\r\n        \"type\": \"String\",\r\n        \"value\": \"testlogin\"\r\n      },\r\n      \"administratorLoginPassword\": {\r\n        \"type\": \"SecureString\"\r\n      },\r\n      \"collation\": {\r\n        \"type\": \"String\",\r\n        \"value\": \"SQL_Latin1_General_CP1_CI_AS\"\r\n      },\r\n      \"databaseName\": {\r\n        \"type\": \"String\",\r\n        \"value\": \"sql-dm-cmdlet-db30777\"\r\n      },\r\n      \"edition\": {\r\n        \"type\": \"String\",\r\n        \"value\": \"Basic\"\r\n      },\r\n      \"configuredServiceLevelObjectiveId\": {\r\n        \"type\": \"String\",\r\n        \"value\": \"910b4fcb-8a29-4c3e-958f-f7ba794388b2\"\r\n      },\r\n      \"envLocation\": {\r\n        \"type\": \"String\",\r\n        \"value\": \"West US\"\r\n      },\r\n      \"serverName\": {\r\n        \"type\": \"String\",\r\n        \"value\": \"sql-dm-cmdlet-server30777\"\r\n      }\r\n    },\r\n    \"mode\": \"Incremental\",\r\n    \"provisioningState\": \"Running\",\r\n    \"timestamp\": \"2015-05-22T09:00:58.4855591Z\",\r\n    \"duration\": \"PT1.4910715S\",\r\n    \"correlationId\": \"c2fb3da9-688f-4f53-bf22-2c24cb0e0117\",\r\n    \"providers\": [\r\n      {\r\n        \"namespace\": \"Microsoft.Sql\",\r\n        \"resourceTypes\": [\r\n          {\r\n            \"resourceType\": \"servers\",\r\n            \"locations\": [\r\n              \"westus\"\r\n            ]\r\n          },\r\n          {\r\n            \"resourceType\": \"servers/databases\",\r\n            \"locations\": [\r\n              \"westus\"\r\n            ]\r\n          }\r\n        ]\r\n      }\r\n    ],\r\n    \"dependencies\": [\r\n      {\r\n        \"dependsOn\": [\r\n          {\r\n            \"id\": \"/subscriptions/cca24ec8-99b5-4aa7-9ff6-486e886f304c/resourceGroups/sql-dm-cmdlet-test-rg30777/providers/Microsoft.Sql/servers/sql-dm-cmdlet-server30777\",\r\n            \"resourceType\": \"Microsoft.Sql/servers\",\r\n            \"resourceName\": \"sql-dm-cmdlet-server30777\"\r\n          }\r\n        ],\r\n        \"id\": \"/subscriptions/cca24ec8-99b5-4aa7-9ff6-486e886f304c/resourceGroups/sql-dm-cmdlet-test-rg30777/providers/Microsoft.Sql/servers/sql-dm-cmdlet-server30777/databases/sql-dm-cmdlet-db30777\",\r\n        \"resourceType\": \"Microsoft.Sql/servers/databases\",\r\n        \"resourceName\": \"sql-dm-cmdlet-server30777/sql-dm-cmdlet-db30777\"\r\n      }\r\n    ]\r\n  }\r\n}",
      "ResponseHeaders": {
        "Content-Length": [
          "1639"
        ],
        "Content-Type": [
          "application/json; charset=utf-8"
        ],
        "Expires": [
          "-1"
        ],
        "Pragma": [
          "no-cache"
        ],
        "x-ms-ratelimit-remaining-subscription-reads": [
          "14933"
        ],
        "x-ms-request-id": [
          "5f81059b-237b-4b49-88c7-83540624789b"
        ],
        "x-ms-correlation-request-id": [
          "5f81059b-237b-4b49-88c7-83540624789b"
        ],
        "x-ms-routing-request-id": [
          "WESTEUROPE:20150522T090108Z:5f81059b-237b-4b49-88c7-83540624789b"
        ],
        "Strict-Transport-Security": [
          "max-age=31536000; includeSubDomains"
        ],
        "Cache-Control": [
          "no-cache"
        ],
        "Date": [
          "Fri, 22 May 2015 09:01:08 GMT"
        ]
      },
      "StatusCode": 200
    },
    {
      "RequestUri": "/subscriptions/cca24ec8-99b5-4aa7-9ff6-486e886f304c/resourcegroups/sql-dm-cmdlet-test-rg30777/deployments/sql-audit-test-env-setup?api-version=2014-04-01-preview",
      "EncodedRequestUri": "L3N1YnNjcmlwdGlvbnMvY2NhMjRlYzgtOTliNS00YWE3LTlmZjYtNDg2ZTg4NmYzMDRjL3Jlc291cmNlZ3JvdXBzL3NxbC1kbS1jbWRsZXQtdGVzdC1yZzMwNzc3L2RlcGxveW1lbnRzL3NxbC1hdWRpdC10ZXN0LWVudi1zZXR1cD9hcGktdmVyc2lvbj0yMDE0LTA0LTAxLXByZXZpZXc=",
      "RequestMethod": "GET",
      "RequestBody": "",
      "RequestHeaders": {
        "User-Agent": [
          "Microsoft.Azure.Management.Resources.ResourceManagementClient/2.0.0.0"
        ]
      },
      "ResponseBody": "{\r\n  \"id\": \"/subscriptions/cca24ec8-99b5-4aa7-9ff6-486e886f304c/resourceGroups/sql-dm-cmdlet-test-rg30777/deployments/sql-audit-test-env-setup\",\r\n  \"name\": \"sql-audit-test-env-setup\",\r\n  \"properties\": {\r\n    \"parameters\": {\r\n      \"administratorLogin\": {\r\n        \"type\": \"String\",\r\n        \"value\": \"testlogin\"\r\n      },\r\n      \"administratorLoginPassword\": {\r\n        \"type\": \"SecureString\"\r\n      },\r\n      \"collation\": {\r\n        \"type\": \"String\",\r\n        \"value\": \"SQL_Latin1_General_CP1_CI_AS\"\r\n      },\r\n      \"databaseName\": {\r\n        \"type\": \"String\",\r\n        \"value\": \"sql-dm-cmdlet-db30777\"\r\n      },\r\n      \"edition\": {\r\n        \"type\": \"String\",\r\n        \"value\": \"Basic\"\r\n      },\r\n      \"configuredServiceLevelObjectiveId\": {\r\n        \"type\": \"String\",\r\n        \"value\": \"910b4fcb-8a29-4c3e-958f-f7ba794388b2\"\r\n      },\r\n      \"envLocation\": {\r\n        \"type\": \"String\",\r\n        \"value\": \"West US\"\r\n      },\r\n      \"serverName\": {\r\n        \"type\": \"String\",\r\n        \"value\": \"sql-dm-cmdlet-server30777\"\r\n      }\r\n    },\r\n    \"mode\": \"Incremental\",\r\n    \"provisioningState\": \"Running\",\r\n    \"timestamp\": \"2015-05-22T09:00:58.4855591Z\",\r\n    \"duration\": \"PT1.4910715S\",\r\n    \"correlationId\": \"c2fb3da9-688f-4f53-bf22-2c24cb0e0117\",\r\n    \"providers\": [\r\n      {\r\n        \"namespace\": \"Microsoft.Sql\",\r\n        \"resourceTypes\": [\r\n          {\r\n            \"resourceType\": \"servers\",\r\n            \"locations\": [\r\n              \"westus\"\r\n            ]\r\n          },\r\n          {\r\n            \"resourceType\": \"servers/databases\",\r\n            \"locations\": [\r\n              \"westus\"\r\n            ]\r\n          }\r\n        ]\r\n      }\r\n    ],\r\n    \"dependencies\": [\r\n      {\r\n        \"dependsOn\": [\r\n          {\r\n            \"id\": \"/subscriptions/cca24ec8-99b5-4aa7-9ff6-486e886f304c/resourceGroups/sql-dm-cmdlet-test-rg30777/providers/Microsoft.Sql/servers/sql-dm-cmdlet-server30777\",\r\n            \"resourceType\": \"Microsoft.Sql/servers\",\r\n            \"resourceName\": \"sql-dm-cmdlet-server30777\"\r\n          }\r\n        ],\r\n        \"id\": \"/subscriptions/cca24ec8-99b5-4aa7-9ff6-486e886f304c/resourceGroups/sql-dm-cmdlet-test-rg30777/providers/Microsoft.Sql/servers/sql-dm-cmdlet-server30777/databases/sql-dm-cmdlet-db30777\",\r\n        \"resourceType\": \"Microsoft.Sql/servers/databases\",\r\n        \"resourceName\": \"sql-dm-cmdlet-server30777/sql-dm-cmdlet-db30777\"\r\n      }\r\n    ]\r\n  }\r\n}",
      "ResponseHeaders": {
        "Content-Length": [
          "1639"
        ],
        "Content-Type": [
          "application/json; charset=utf-8"
        ],
        "Expires": [
          "-1"
        ],
        "Pragma": [
          "no-cache"
        ],
        "x-ms-ratelimit-remaining-subscription-reads": [
          "14931"
        ],
        "x-ms-request-id": [
          "69b56691-965a-40cb-b18b-db02d7823d89"
        ],
        "x-ms-correlation-request-id": [
          "69b56691-965a-40cb-b18b-db02d7823d89"
        ],
        "x-ms-routing-request-id": [
          "WESTEUROPE:20150522T090112Z:69b56691-965a-40cb-b18b-db02d7823d89"
        ],
        "Strict-Transport-Security": [
          "max-age=31536000; includeSubDomains"
        ],
        "Cache-Control": [
          "no-cache"
        ],
        "Date": [
          "Fri, 22 May 2015 09:01:12 GMT"
        ]
      },
      "StatusCode": 200
    },
    {
      "RequestUri": "/subscriptions/cca24ec8-99b5-4aa7-9ff6-486e886f304c/resourcegroups/sql-dm-cmdlet-test-rg30777/deployments/sql-audit-test-env-setup?api-version=2014-04-01-preview",
      "EncodedRequestUri": "L3N1YnNjcmlwdGlvbnMvY2NhMjRlYzgtOTliNS00YWE3LTlmZjYtNDg2ZTg4NmYzMDRjL3Jlc291cmNlZ3JvdXBzL3NxbC1kbS1jbWRsZXQtdGVzdC1yZzMwNzc3L2RlcGxveW1lbnRzL3NxbC1hdWRpdC10ZXN0LWVudi1zZXR1cD9hcGktdmVyc2lvbj0yMDE0LTA0LTAxLXByZXZpZXc=",
      "RequestMethod": "GET",
      "RequestBody": "",
      "RequestHeaders": {
        "User-Agent": [
          "Microsoft.Azure.Management.Resources.ResourceManagementClient/2.0.0.0"
        ]
      },
      "ResponseBody": "{\r\n  \"id\": \"/subscriptions/cca24ec8-99b5-4aa7-9ff6-486e886f304c/resourceGroups/sql-dm-cmdlet-test-rg30777/deployments/sql-audit-test-env-setup\",\r\n  \"name\": \"sql-audit-test-env-setup\",\r\n  \"properties\": {\r\n    \"parameters\": {\r\n      \"administratorLogin\": {\r\n        \"type\": \"String\",\r\n        \"value\": \"testlogin\"\r\n      },\r\n      \"administratorLoginPassword\": {\r\n        \"type\": \"SecureString\"\r\n      },\r\n      \"collation\": {\r\n        \"type\": \"String\",\r\n        \"value\": \"SQL_Latin1_General_CP1_CI_AS\"\r\n      },\r\n      \"databaseName\": {\r\n        \"type\": \"String\",\r\n        \"value\": \"sql-dm-cmdlet-db30777\"\r\n      },\r\n      \"edition\": {\r\n        \"type\": \"String\",\r\n        \"value\": \"Basic\"\r\n      },\r\n      \"configuredServiceLevelObjectiveId\": {\r\n        \"type\": \"String\",\r\n        \"value\": \"910b4fcb-8a29-4c3e-958f-f7ba794388b2\"\r\n      },\r\n      \"envLocation\": {\r\n        \"type\": \"String\",\r\n        \"value\": \"West US\"\r\n      },\r\n      \"serverName\": {\r\n        \"type\": \"String\",\r\n        \"value\": \"sql-dm-cmdlet-server30777\"\r\n      }\r\n    },\r\n    \"mode\": \"Incremental\",\r\n    \"provisioningState\": \"Succeeded\",\r\n    \"timestamp\": \"2015-05-22T09:01:15.1480344Z\",\r\n    \"duration\": \"PT18.1535468S\",\r\n    \"correlationId\": \"c2fb3da9-688f-4f53-bf22-2c24cb0e0117\",\r\n    \"providers\": [\r\n      {\r\n        \"namespace\": \"Microsoft.Sql\",\r\n        \"resourceTypes\": [\r\n          {\r\n            \"resourceType\": \"servers\",\r\n            \"locations\": [\r\n              \"westus\"\r\n            ]\r\n          },\r\n          {\r\n            \"resourceType\": \"servers/databases\",\r\n            \"locations\": [\r\n              \"westus\"\r\n            ]\r\n          }\r\n        ]\r\n      }\r\n    ],\r\n    \"dependencies\": [\r\n      {\r\n        \"dependsOn\": [\r\n          {\r\n            \"id\": \"/subscriptions/cca24ec8-99b5-4aa7-9ff6-486e886f304c/resourceGroups/sql-dm-cmdlet-test-rg30777/providers/Microsoft.Sql/servers/sql-dm-cmdlet-server30777\",\r\n            \"resourceType\": \"Microsoft.Sql/servers\",\r\n            \"resourceName\": \"sql-dm-cmdlet-server30777\"\r\n          }\r\n        ],\r\n        \"id\": \"/subscriptions/cca24ec8-99b5-4aa7-9ff6-486e886f304c/resourceGroups/sql-dm-cmdlet-test-rg30777/providers/Microsoft.Sql/servers/sql-dm-cmdlet-server30777/databases/sql-dm-cmdlet-db30777\",\r\n        \"resourceType\": \"Microsoft.Sql/servers/databases\",\r\n        \"resourceName\": \"sql-dm-cmdlet-server30777/sql-dm-cmdlet-db30777\"\r\n      }\r\n    ]\r\n  }\r\n}",
      "ResponseHeaders": {
        "Content-Length": [
          "1642"
        ],
        "Content-Type": [
          "application/json; charset=utf-8"
        ],
        "Expires": [
          "-1"
        ],
        "Pragma": [
          "no-cache"
        ],
        "x-ms-ratelimit-remaining-subscription-reads": [
          "14929"
        ],
        "x-ms-request-id": [
          "efe87440-a46f-437b-9624-df488deb9502"
        ],
        "x-ms-correlation-request-id": [
          "efe87440-a46f-437b-9624-df488deb9502"
        ],
        "x-ms-routing-request-id": [
          "WESTEUROPE:20150522T090115Z:efe87440-a46f-437b-9624-df488deb9502"
        ],
        "Strict-Transport-Security": [
          "max-age=31536000; includeSubDomains"
        ],
        "Cache-Control": [
          "no-cache"
        ],
        "Date": [
          "Fri, 22 May 2015 09:01:15 GMT"
        ]
      },
      "StatusCode": 200
    },
    {
      "RequestUri": "/subscriptions/cca24ec8-99b5-4aa7-9ff6-486e886f304c/resourceGroups/sql-dm-cmdlet-test-rg30777/resources?api-version=2014-04-01-preview",
      "EncodedRequestUri": "L3N1YnNjcmlwdGlvbnMvY2NhMjRlYzgtOTliNS00YWE3LTlmZjYtNDg2ZTg4NmYzMDRjL3Jlc291cmNlR3JvdXBzL3NxbC1kbS1jbWRsZXQtdGVzdC1yZzMwNzc3L3Jlc291cmNlcz9hcGktdmVyc2lvbj0yMDE0LTA0LTAxLXByZXZpZXc=",
      "RequestMethod": "GET",
      "RequestBody": "",
      "RequestHeaders": {
        "User-Agent": [
          "Microsoft.Azure.Management.Resources.ResourceManagementClient/2.0.0.0"
        ]
      },
      "ResponseBody": "{\r\n  \"value\": [\r\n    {\r\n      \"id\": \"/subscriptions/cca24ec8-99b5-4aa7-9ff6-486e886f304c/resourceGroups/sql-dm-cmdlet-test-rg30777/providers/Microsoft.Sql/servers/sql-dm-cmdlet-server30777/databases/sql-dm-cmdlet-db30777\",\r\n      \"name\": \"sql-dm-cmdlet-server30777/sql-dm-cmdlet-db30777\",\r\n      \"type\": \"Microsoft.Sql/servers/databases\",\r\n      \"kind\": \"v2.0,user\",\r\n      \"location\": \"westus\"\r\n    }\r\n  ]\r\n}",
      "ResponseHeaders": {
        "Content-Length": [
          "341"
        ],
        "Content-Type": [
          "application/json; charset=utf-8"
        ],
        "Expires": [
          "-1"
        ],
        "Pragma": [
          "no-cache"
        ],
        "x-ms-ratelimit-remaining-subscription-reads": [
          "14928"
        ],
        "x-ms-request-id": [
          "db711adb-65a7-4b6c-b484-2848cebf5566"
        ],
        "x-ms-correlation-request-id": [
          "db711adb-65a7-4b6c-b484-2848cebf5566"
        ],
        "x-ms-routing-request-id": [
          "WESTEUROPE:20150522T090117Z:db711adb-65a7-4b6c-b484-2848cebf5566"
        ],
        "Strict-Transport-Security": [
          "max-age=31536000; includeSubDomains"
        ],
        "Cache-Control": [
          "no-cache"
        ],
        "Date": [
          "Fri, 22 May 2015 09:01:17 GMT"
        ]
      },
      "StatusCode": 200
    },
    {
      "RequestUri": "/subscriptions/cca24ec8-99b5-4aa7-9ff6-486e886f304c/resourcegroups/sql-dm-cmdlet-test-rg30777/providers/Microsoft.Authorization/permissions?api-version=2014-07-01-preview",
      "EncodedRequestUri": "L3N1YnNjcmlwdGlvbnMvY2NhMjRlYzgtOTliNS00YWE3LTlmZjYtNDg2ZTg4NmYzMDRjL3Jlc291cmNlZ3JvdXBzL3NxbC1kbS1jbWRsZXQtdGVzdC1yZzMwNzc3L3Byb3ZpZGVycy9NaWNyb3NvZnQuQXV0aG9yaXphdGlvbi9wZXJtaXNzaW9ucz9hcGktdmVyc2lvbj0yMDE0LTA3LTAxLXByZXZpZXc=",
      "RequestMethod": "GET",
      "RequestBody": "",
      "RequestHeaders": {
        "User-Agent": [
          "Microsoft.Azure.Management.Authorization.AuthorizationManagementClient/0.9.0.0"
        ]
      },
      "ResponseBody": "{\r\n  \"value\": [\r\n    {\r\n      \"actions\": [\r\n        \"*\"\r\n      ],\r\n      \"notActions\": []\r\n    }\r\n  ]\r\n}",
      "ResponseHeaders": {
        "Content-Length": [
          "45"
        ],
        "Content-Type": [
          "application/json; charset=utf-8"
        ],
        "Expires": [
          "-1"
        ],
        "Pragma": [
          "no-cache"
        ],
        "Vary": [
          "Accept-Encoding"
        ],
        "x-ms-request-id": [
          "westeurope:76dabbab-baa0-45bd-ad39-f68e62274202"
        ],
        "x-ms-ratelimit-remaining-subscription-reads": [
          "14986"
        ],
        "x-ms-correlation-request-id": [
          "a2d2500a-fa9d-4d65-9c4d-88c5cd0ef7a7"
        ],
        "x-ms-routing-request-id": [
          "WESTEUROPE:20150522T090118Z:a2d2500a-fa9d-4d65-9c4d-88c5cd0ef7a7"
        ],
        "Strict-Transport-Security": [
          "max-age=31536000; includeSubDomains"
        ],
        "Cache-Control": [
          "no-cache"
        ],
        "Date": [
          "Fri, 22 May 2015 09:01:17 GMT"
        ]
      },
      "StatusCode": 200
    },
    {
      "RequestUri": "/subscriptions/cca24ec8-99b5-4aa7-9ff6-486e886f304c/resourceGroups/sql-dm-cmdlet-test-rg30777/providers/Microsoft.Sql/servers/sql-dm-cmdlet-server30777/databases/sql-dm-cmdlet-db30777/dataMaskingPolicies/Default?api-version=2014-04-01",
      "EncodedRequestUri": "L3N1YnNjcmlwdGlvbnMvY2NhMjRlYzgtOTliNS00YWE3LTlmZjYtNDg2ZTg4NmYzMDRjL3Jlc291cmNlR3JvdXBzL3NxbC1kbS1jbWRsZXQtdGVzdC1yZzMwNzc3L3Byb3ZpZGVycy9NaWNyb3NvZnQuU3FsL3NlcnZlcnMvc3FsLWRtLWNtZGxldC1zZXJ2ZXIzMDc3Ny9kYXRhYmFzZXMvc3FsLWRtLWNtZGxldC1kYjMwNzc3L2RhdGFNYXNraW5nUG9saWNpZXMvRGVmYXVsdD9hcGktdmVyc2lvbj0yMDE0LTA0LTAx",
      "RequestMethod": "GET",
      "RequestBody": "",
      "RequestHeaders": {
        "User-Agent": [
          "Microsoft.Azure.Management.Sql.SqlManagementClient/0.9.0.0"
        ],
        "x-ms-client-request-id": [
          "92269de1-4a32-413c-961f-20eefd976936"
        ]
      },
      "ResponseBody": "{\r\n  \"id\": \"/subscriptions/cca24ec8-99b5-4aa7-9ff6-486e886f304c/resourceGroups/sql-dm-cmdlet-test-rg30777/providers/Microsoft.Sql/servers/sql-dm-cmdlet-server30777/databases/sql-dm-cmdlet-db30777/dataMaskingPolicies/Default\",\r\n  \"name\": \"Default\",\r\n  \"type\": \"Microsoft.Sql/servers/databases/dataMaskingPolicies\",\r\n  \"location\": \"West US\",\r\n  \"properties\": {\r\n    \"dataMaskingState\": \"Disabled\",\r\n    \"applicationPrincipals\": \"\",\r\n    \"exemptPrincipals\": \"\",\r\n    \"maskingLevel\": \"Restricted\"\r\n  }\r\n}",
      "ResponseHeaders": {
        "Content-Length": [
          "441"
        ],
        "Content-Type": [
          "application/json; odata=minimalmetadata; streaming=true; charset=utf-8"
        ],
        "x-ms-request-id": [
          "bd9ddbae-5a1b-4030-b22e-e6948e97189e"
        ],
        "X-Content-Type-Options": [
          "nosniff"
        ],
        "DataServiceVersion": [
          "3.0;"
        ],
        "x-ms-ratelimit-remaining-subscription-reads": [
          "14995"
        ],
        "x-ms-correlation-request-id": [
          "bbabe693-2761-4c43-aca0-259aaba821c6"
        ],
        "x-ms-routing-request-id": [
          "WESTEUROPE:20150522T090120Z:bbabe693-2761-4c43-aca0-259aaba821c6"
        ],
        "Strict-Transport-Security": [
          "max-age=31536000; includeSubDomains"
        ],
        "Cache-Control": [
          "no-store, no-cache"
        ],
        "Date": [
          "Fri, 22 May 2015 09:01:20 GMT"
        ],
        "Server": [
          "Microsoft-HTTPAPI/2.0"
        ]
      },
      "StatusCode": 200
    },
    {
      "RequestUri": "/subscriptions/cca24ec8-99b5-4aa7-9ff6-486e886f304c/resourceGroups/sql-dm-cmdlet-test-rg30777/providers/Microsoft.Sql/servers/sql-dm-cmdlet-server30777/databases/sql-dm-cmdlet-db30777/dataMaskingPolicies/Default?api-version=2014-04-01",
      "EncodedRequestUri": "L3N1YnNjcmlwdGlvbnMvY2NhMjRlYzgtOTliNS00YWE3LTlmZjYtNDg2ZTg4NmYzMDRjL3Jlc291cmNlR3JvdXBzL3NxbC1kbS1jbWRsZXQtdGVzdC1yZzMwNzc3L3Byb3ZpZGVycy9NaWNyb3NvZnQuU3FsL3NlcnZlcnMvc3FsLWRtLWNtZGxldC1zZXJ2ZXIzMDc3Ny9kYXRhYmFzZXMvc3FsLWRtLWNtZGxldC1kYjMwNzc3L2RhdGFNYXNraW5nUG9saWNpZXMvRGVmYXVsdD9hcGktdmVyc2lvbj0yMDE0LTA0LTAx",
      "RequestMethod": "GET",
      "RequestBody": "",
      "RequestHeaders": {
        "User-Agent": [
          "Microsoft.Azure.Management.Sql.SqlManagementClient/0.9.0.0"
        ],
        "x-ms-client-request-id": [
          "71b1a9cf-36ee-4fcc-8943-2ba3d9d0bccb"
        ]
      },
      "ResponseBody": "{\r\n  \"id\": \"/subscriptions/cca24ec8-99b5-4aa7-9ff6-486e886f304c/resourceGroups/sql-dm-cmdlet-test-rg30777/providers/Microsoft.Sql/servers/sql-dm-cmdlet-server30777/databases/sql-dm-cmdlet-db30777/dataMaskingPolicies/Default\",\r\n  \"name\": \"Default\",\r\n  \"type\": \"Microsoft.Sql/servers/databases/dataMaskingPolicies\",\r\n  \"location\": \"West US\",\r\n  \"properties\": {\r\n    \"dataMaskingState\": \"Disabled\",\r\n    \"applicationPrincipals\": \"\",\r\n    \"exemptPrincipals\": \"A;B;C\",\r\n    \"maskingLevel\": \"Restricted\"\r\n  }\r\n}",
      "ResponseHeaders": {
        "Content-Length": [
          "446"
        ],
        "Content-Type": [
          "application/json; odata=minimalmetadata; streaming=true; charset=utf-8"
        ],
        "x-ms-request-id": [
          "696666dc-b1d1-491c-8aed-c23eac579a22"
        ],
        "X-Content-Type-Options": [
          "nosniff"
        ],
        "DataServiceVersion": [
          "3.0;"
        ],
        "x-ms-ratelimit-remaining-subscription-reads": [
          "14994"
        ],
        "x-ms-correlation-request-id": [
          "4fb8f0a4-1c6a-4dfc-a4aa-2d59d9174cf9"
        ],
        "x-ms-routing-request-id": [
          "WESTEUROPE:20150522T090123Z:4fb8f0a4-1c6a-4dfc-a4aa-2d59d9174cf9"
        ],
        "Strict-Transport-Security": [
          "max-age=31536000; includeSubDomains"
        ],
        "Cache-Control": [
          "no-store, no-cache"
        ],
        "Date": [
          "Fri, 22 May 2015 09:01:23 GMT"
        ],
        "Server": [
          "Microsoft-HTTPAPI/2.0"
        ]
      },
      "StatusCode": 200
    },
    {
      "RequestUri": "/subscriptions/cca24ec8-99b5-4aa7-9ff6-486e886f304c/resourceGroups/sql-dm-cmdlet-test-rg30777/providers/Microsoft.Sql/servers/sql-dm-cmdlet-server30777/databases/sql-dm-cmdlet-db30777/dataMaskingPolicies/Default?api-version=2014-04-01",
      "EncodedRequestUri": "L3N1YnNjcmlwdGlvbnMvY2NhMjRlYzgtOTliNS00YWE3LTlmZjYtNDg2ZTg4NmYzMDRjL3Jlc291cmNlR3JvdXBzL3NxbC1kbS1jbWRsZXQtdGVzdC1yZzMwNzc3L3Byb3ZpZGVycy9NaWNyb3NvZnQuU3FsL3NlcnZlcnMvc3FsLWRtLWNtZGxldC1zZXJ2ZXIzMDc3Ny9kYXRhYmFzZXMvc3FsLWRtLWNtZGxldC1kYjMwNzc3L2RhdGFNYXNraW5nUG9saWNpZXMvRGVmYXVsdD9hcGktdmVyc2lvbj0yMDE0LTA0LTAx",
      "RequestMethod": "GET",
      "RequestBody": "",
      "RequestHeaders": {
        "User-Agent": [
          "Microsoft.Azure.Management.Sql.SqlManagementClient/0.9.0.0"
        ],
        "x-ms-client-request-id": [
          "dfde8360-ae4b-4c72-b96b-a51ba86d82e3"
        ]
      },
      "ResponseBody": "{\r\n  \"id\": \"/subscriptions/cca24ec8-99b5-4aa7-9ff6-486e886f304c/resourceGroups/sql-dm-cmdlet-test-rg30777/providers/Microsoft.Sql/servers/sql-dm-cmdlet-server30777/databases/sql-dm-cmdlet-db30777/dataMaskingPolicies/Default\",\r\n  \"name\": \"Default\",\r\n  \"type\": \"Microsoft.Sql/servers/databases/dataMaskingPolicies\",\r\n  \"location\": \"West US\",\r\n  \"properties\": {\r\n    \"dataMaskingState\": \"Disabled\",\r\n    \"applicationPrincipals\": \"\",\r\n    \"exemptPrincipals\": \"A;B;C\",\r\n    \"maskingLevel\": \"Restricted\"\r\n  }\r\n}",
      "ResponseHeaders": {
        "Content-Length": [
          "446"
        ],
        "Content-Type": [
          "application/json; odata=minimalmetadata; streaming=true; charset=utf-8"
        ],
        "x-ms-request-id": [
          "2bd30e48-e5b3-4cf7-99f0-b8fefaac1d37"
        ],
        "X-Content-Type-Options": [
          "nosniff"
        ],
        "DataServiceVersion": [
          "3.0;"
        ],
        "x-ms-ratelimit-remaining-subscription-reads": [
          "14993"
        ],
        "x-ms-correlation-request-id": [
          "94c51aec-3070-4c3d-b780-bea6ed2c27e6"
        ],
        "x-ms-routing-request-id": [
          "WESTEUROPE:20150522T090124Z:94c51aec-3070-4c3d-b780-bea6ed2c27e6"
        ],
        "Strict-Transport-Security": [
          "max-age=31536000; includeSubDomains"
        ],
        "Cache-Control": [
          "no-store, no-cache"
        ],
        "Date": [
          "Fri, 22 May 2015 09:01:24 GMT"
        ],
        "Server": [
          "Microsoft-HTTPAPI/2.0"
        ]
      },
      "StatusCode": 200
    },
    {
      "RequestUri": "/subscriptions/cca24ec8-99b5-4aa7-9ff6-486e886f304c/resourceGroups/sql-dm-cmdlet-test-rg30777/providers/Microsoft.Sql/servers/sql-dm-cmdlet-server30777/databases/sql-dm-cmdlet-db30777/dataMaskingPolicies/Default?api-version=2014-04-01",
      "EncodedRequestUri": "L3N1YnNjcmlwdGlvbnMvY2NhMjRlYzgtOTliNS00YWE3LTlmZjYtNDg2ZTg4NmYzMDRjL3Jlc291cmNlR3JvdXBzL3NxbC1kbS1jbWRsZXQtdGVzdC1yZzMwNzc3L3Byb3ZpZGVycy9NaWNyb3NvZnQuU3FsL3NlcnZlcnMvc3FsLWRtLWNtZGxldC1zZXJ2ZXIzMDc3Ny9kYXRhYmFzZXMvc3FsLWRtLWNtZGxldC1kYjMwNzc3L2RhdGFNYXNraW5nUG9saWNpZXMvRGVmYXVsdD9hcGktdmVyc2lvbj0yMDE0LTA0LTAx",
      "RequestMethod": "GET",
      "RequestBody": "",
      "RequestHeaders": {
        "User-Agent": [
          "Microsoft.Azure.Management.Sql.SqlManagementClient/0.9.0.0"
        ],
        "x-ms-client-request-id": [
          "516d8108-c651-48d7-86ac-c8e49fa80376"
        ]
      },
      "ResponseBody": "{\r\n  \"id\": \"/subscriptions/cca24ec8-99b5-4aa7-9ff6-486e886f304c/resourceGroups/sql-dm-cmdlet-test-rg30777/providers/Microsoft.Sql/servers/sql-dm-cmdlet-server30777/databases/sql-dm-cmdlet-db30777/dataMaskingPolicies/Default\",\r\n  \"name\": \"Default\",\r\n  \"type\": \"Microsoft.Sql/servers/databases/dataMaskingPolicies\",\r\n  \"location\": \"West US\",\r\n  \"properties\": {\r\n    \"dataMaskingState\": \"Disabled\",\r\n    \"applicationPrincipals\": \"\",\r\n    \"exemptPrincipals\": \"A;B;C\",\r\n    \"maskingLevel\": \"Restricted\"\r\n  }\r\n}",
      "ResponseHeaders": {
        "Content-Length": [
          "446"
        ],
        "Content-Type": [
          "application/json; odata=minimalmetadata; streaming=true; charset=utf-8"
        ],
        "x-ms-request-id": [
          "9fc3ad28-3a44-44bf-b7dd-c20ecb6886b5"
        ],
        "X-Content-Type-Options": [
          "nosniff"
        ],
        "DataServiceVersion": [
          "3.0;"
        ],
        "x-ms-ratelimit-remaining-subscription-reads": [
          "14992"
        ],
        "x-ms-correlation-request-id": [
          "f27ebb55-fdca-4c1b-85cd-44578467c235"
        ],
        "x-ms-routing-request-id": [
          "WESTEUROPE:20150522T090127Z:f27ebb55-fdca-4c1b-85cd-44578467c235"
        ],
        "Strict-Transport-Security": [
          "max-age=31536000; includeSubDomains"
        ],
        "Cache-Control": [
          "no-store, no-cache"
        ],
        "Date": [
          "Fri, 22 May 2015 09:01:27 GMT"
        ],
        "Server": [
          "Microsoft-HTTPAPI/2.0"
        ]
      },
      "StatusCode": 200
    },
    {
      "RequestUri": "/subscriptions/cca24ec8-99b5-4aa7-9ff6-486e886f304c/resourceGroups/sql-dm-cmdlet-test-rg30777/providers/Microsoft.Sql/servers/sql-dm-cmdlet-server30777/databases/sql-dm-cmdlet-db30777/dataMaskingPolicies/Default?api-version=2014-04-01",
      "EncodedRequestUri": "L3N1YnNjcmlwdGlvbnMvY2NhMjRlYzgtOTliNS00YWE3LTlmZjYtNDg2ZTg4NmYzMDRjL3Jlc291cmNlR3JvdXBzL3NxbC1kbS1jbWRsZXQtdGVzdC1yZzMwNzc3L3Byb3ZpZGVycy9NaWNyb3NvZnQuU3FsL3NlcnZlcnMvc3FsLWRtLWNtZGxldC1zZXJ2ZXIzMDc3Ny9kYXRhYmFzZXMvc3FsLWRtLWNtZGxldC1kYjMwNzc3L2RhdGFNYXNraW5nUG9saWNpZXMvRGVmYXVsdD9hcGktdmVyc2lvbj0yMDE0LTA0LTAx",
      "RequestMethod": "GET",
      "RequestBody": "",
      "RequestHeaders": {
        "User-Agent": [
          "Microsoft.Azure.Management.Sql.SqlManagementClient/0.9.0.0"
        ],
        "x-ms-client-request-id": [
          "6990c3cb-f4bb-4c55-ad2a-9ca3ca8bca67"
        ]
      },
      "ResponseBody": "{\r\n  \"id\": \"/subscriptions/cca24ec8-99b5-4aa7-9ff6-486e886f304c/resourceGroups/sql-dm-cmdlet-test-rg30777/providers/Microsoft.Sql/servers/sql-dm-cmdlet-server30777/databases/sql-dm-cmdlet-db30777/dataMaskingPolicies/Default\",\r\n  \"name\": \"Default\",\r\n  \"type\": \"Microsoft.Sql/servers/databases/dataMaskingPolicies\",\r\n  \"location\": \"West US\",\r\n  \"properties\": {\r\n    \"dataMaskingState\": \"Disabled\",\r\n    \"applicationPrincipals\": \"\",\r\n    \"exemptPrincipals\": \"A;B;C\",\r\n    \"maskingLevel\": \"Restricted\"\r\n  }\r\n}",
      "ResponseHeaders": {
        "Content-Length": [
          "446"
        ],
        "Content-Type": [
          "application/json; odata=minimalmetadata; streaming=true; charset=utf-8"
        ],
        "x-ms-request-id": [
          "af968990-949f-439a-8040-aab876203ccf"
        ],
        "X-Content-Type-Options": [
          "nosniff"
        ],
        "DataServiceVersion": [
          "3.0;"
        ],
        "x-ms-ratelimit-remaining-subscription-reads": [
          "14991"
        ],
        "x-ms-correlation-request-id": [
          "61014f43-1f79-4255-ab1c-fddd6b8c646f"
        ],
        "x-ms-routing-request-id": [
          "WESTEUROPE:20150522T090128Z:61014f43-1f79-4255-ab1c-fddd6b8c646f"
        ],
        "Strict-Transport-Security": [
          "max-age=31536000; includeSubDomains"
        ],
        "Cache-Control": [
          "no-store, no-cache"
        ],
        "Date": [
          "Fri, 22 May 2015 09:01:28 GMT"
        ],
        "Server": [
          "Microsoft-HTTPAPI/2.0"
        ]
      },
      "StatusCode": 200
    },
    {
      "RequestUri": "/subscriptions/cca24ec8-99b5-4aa7-9ff6-486e886f304c/resourceGroups/sql-dm-cmdlet-test-rg30777/providers/Microsoft.Sql/servers/sql-dm-cmdlet-server30777/databases/sql-dm-cmdlet-db30777/dataMaskingPolicies/Default?api-version=2014-04-01",
      "EncodedRequestUri": "L3N1YnNjcmlwdGlvbnMvY2NhMjRlYzgtOTliNS00YWE3LTlmZjYtNDg2ZTg4NmYzMDRjL3Jlc291cmNlR3JvdXBzL3NxbC1kbS1jbWRsZXQtdGVzdC1yZzMwNzc3L3Byb3ZpZGVycy9NaWNyb3NvZnQuU3FsL3NlcnZlcnMvc3FsLWRtLWNtZGxldC1zZXJ2ZXIzMDc3Ny9kYXRhYmFzZXMvc3FsLWRtLWNtZGxldC1kYjMwNzc3L2RhdGFNYXNraW5nUG9saWNpZXMvRGVmYXVsdD9hcGktdmVyc2lvbj0yMDE0LTA0LTAx",
      "RequestMethod": "GET",
      "RequestBody": "",
      "RequestHeaders": {
        "User-Agent": [
          "Microsoft.Azure.Management.Sql.SqlManagementClient/0.9.0.0"
        ],
        "x-ms-client-request-id": [
          "e2ce24bf-5b1c-4e20-8d4d-1ac3b95f90fc"
        ]
      },
      "ResponseBody": "{\r\n  \"id\": \"/subscriptions/cca24ec8-99b5-4aa7-9ff6-486e886f304c/resourceGroups/sql-dm-cmdlet-test-rg30777/providers/Microsoft.Sql/servers/sql-dm-cmdlet-server30777/databases/sql-dm-cmdlet-db30777/dataMaskingPolicies/Default\",\r\n  \"name\": \"Default\",\r\n  \"type\": \"Microsoft.Sql/servers/databases/dataMaskingPolicies\",\r\n  \"location\": \"West US\",\r\n  \"properties\": {\r\n    \"dataMaskingState\": \"Disabled\",\r\n    \"applicationPrincipals\": \"\",\r\n    \"exemptPrincipals\": \"\",\r\n    \"maskingLevel\": \"Restricted\"\r\n  }\r\n}",
      "ResponseHeaders": {
        "Content-Length": [
          "441"
        ],
        "Content-Type": [
          "application/json; odata=minimalmetadata; streaming=true; charset=utf-8"
        ],
        "x-ms-request-id": [
          "b640fdb2-da48-4b5b-b2fe-6d81876e829a"
        ],
        "X-Content-Type-Options": [
          "nosniff"
        ],
        "DataServiceVersion": [
          "3.0;"
        ],
        "x-ms-ratelimit-remaining-subscription-reads": [
          "14990"
        ],
        "x-ms-correlation-request-id": [
          "9b5c4009-1997-4ebb-bb93-7b6396029e6c"
        ],
        "x-ms-routing-request-id": [
          "WESTEUROPE:20150522T090131Z:9b5c4009-1997-4ebb-bb93-7b6396029e6c"
        ],
        "Strict-Transport-Security": [
          "max-age=31536000; includeSubDomains"
        ],
        "Cache-Control": [
          "no-store, no-cache"
        ],
        "Date": [
          "Fri, 22 May 2015 09:01:31 GMT"
        ],
        "Server": [
          "Microsoft-HTTPAPI/2.0"
        ]
      },
      "StatusCode": 200
    },
    {
      "RequestUri": "/subscriptions/cca24ec8-99b5-4aa7-9ff6-486e886f304c/resourceGroups/sql-dm-cmdlet-test-rg30777/providers/Microsoft.Sql/servers/sql-dm-cmdlet-server30777/databases/sql-dm-cmdlet-db30777/dataMaskingPolicies/Default?api-version=2014-04-01",
      "EncodedRequestUri": "L3N1YnNjcmlwdGlvbnMvY2NhMjRlYzgtOTliNS00YWE3LTlmZjYtNDg2ZTg4NmYzMDRjL3Jlc291cmNlR3JvdXBzL3NxbC1kbS1jbWRsZXQtdGVzdC1yZzMwNzc3L3Byb3ZpZGVycy9NaWNyb3NvZnQuU3FsL3NlcnZlcnMvc3FsLWRtLWNtZGxldC1zZXJ2ZXIzMDc3Ny9kYXRhYmFzZXMvc3FsLWRtLWNtZGxldC1kYjMwNzc3L2RhdGFNYXNraW5nUG9saWNpZXMvRGVmYXVsdD9hcGktdmVyc2lvbj0yMDE0LTA0LTAx",
      "RequestMethod": "PUT",
      "RequestBody": "{\r\n  \"properties\": {\r\n    \"dataMaskingState\": \"Disabled\",\r\n    \"exemptPrincipals\": \"A;B;C\",\r\n    \"maskingLevel\": \"Restricted\"\r\n  }\r\n}",
      "RequestHeaders": {
        "Content-Type": [
          "application/json; charset=utf-8"
        ],
        "Content-Length": [
          "133"
        ],
        "User-Agent": [
          "Microsoft.Azure.Management.Sql.SqlManagementClient/0.9.0.0"
        ],
        "x-ms-client-request-id": [
          "92269de1-4a32-413c-961f-20eefd976936"
        ]
      },
      "ResponseBody": "{\r\n  \"id\": \"/subscriptions/cca24ec8-99b5-4aa7-9ff6-486e886f304c/resourceGroups/sql-dm-cmdlet-test-rg30777/providers/Microsoft.Sql/servers/sql-dm-cmdlet-server30777/databases/sql-dm-cmdlet-db30777/dataMaskingPolicies/Default\",\r\n  \"name\": \"Default\",\r\n  \"type\": \"Microsoft.Sql/servers/databases/dataMaskingPolicies\",\r\n  \"location\": null,\r\n  \"properties\": {\r\n    \"dataMaskingState\": \"Disabled\",\r\n    \"applicationPrincipals\": null,\r\n    \"exemptPrincipals\": \"A;B;C\",\r\n    \"maskingLevel\": \"Restricted\"\r\n  }\r\n}",
      "ResponseHeaders": {
        "Content-Length": [
          "443"
        ],
        "Content-Type": [
          "application/json; odata=minimalmetadata; streaming=true; charset=utf-8"
        ],
        "x-ms-request-id": [
          "44da8380-ebf1-4527-8e25-2fb4e7218d34"
        ],
        "X-Content-Type-Options": [
          "nosniff"
        ],
        "Preference-Applied": [
          "return-content"
        ],
        "DataServiceVersion": [
          "3.0;"
        ],
        "x-ms-ratelimit-remaining-subscription-writes": [
          "1197"
        ],
        "x-ms-correlation-request-id": [
          "23c005d1-bee5-4847-b031-83861e5b7a0d"
        ],
        "x-ms-routing-request-id": [
          "WESTEUROPE:20150522T090122Z:23c005d1-bee5-4847-b031-83861e5b7a0d"
        ],
        "Strict-Transport-Security": [
          "max-age=31536000; includeSubDomains"
        ],
        "Cache-Control": [
          "no-store, no-cache"
        ],
        "Date": [
          "Fri, 22 May 2015 09:01:21 GMT"
        ],
        "Server": [
          "Microsoft-HTTPAPI/2.0"
        ]
      },
      "StatusCode": 200
    },
    {
      "RequestUri": "/subscriptions/cca24ec8-99b5-4aa7-9ff6-486e886f304c/resourceGroups/sql-dm-cmdlet-test-rg30777/providers/Microsoft.Sql/servers/sql-dm-cmdlet-server30777/databases/sql-dm-cmdlet-db30777/dataMaskingPolicies/Default?api-version=2014-04-01",
      "EncodedRequestUri": "L3N1YnNjcmlwdGlvbnMvY2NhMjRlYzgtOTliNS00YWE3LTlmZjYtNDg2ZTg4NmYzMDRjL3Jlc291cmNlR3JvdXBzL3NxbC1kbS1jbWRsZXQtdGVzdC1yZzMwNzc3L3Byb3ZpZGVycy9NaWNyb3NvZnQuU3FsL3NlcnZlcnMvc3FsLWRtLWNtZGxldC1zZXJ2ZXIzMDc3Ny9kYXRhYmFzZXMvc3FsLWRtLWNtZGxldC1kYjMwNzc3L2RhdGFNYXNraW5nUG9saWNpZXMvRGVmYXVsdD9hcGktdmVyc2lvbj0yMDE0LTA0LTAx",
      "RequestMethod": "PUT",
      "RequestBody": "{\r\n  \"properties\": {\r\n    \"dataMaskingState\": \"Disabled\",\r\n    \"exemptPrincipals\": \"A;B;C\",\r\n    \"maskingLevel\": \"Restricted\"\r\n  }\r\n}",
      "RequestHeaders": {
        "Content-Type": [
          "application/json; charset=utf-8"
        ],
        "Content-Length": [
          "133"
        ],
        "User-Agent": [
          "Microsoft.Azure.Management.Sql.SqlManagementClient/0.9.0.0"
        ],
        "x-ms-client-request-id": [
          "dfde8360-ae4b-4c72-b96b-a51ba86d82e3"
        ]
      },
      "ResponseBody": "{\r\n  \"id\": \"/subscriptions/cca24ec8-99b5-4aa7-9ff6-486e886f304c/resourceGroups/sql-dm-cmdlet-test-rg30777/providers/Microsoft.Sql/servers/sql-dm-cmdlet-server30777/databases/sql-dm-cmdlet-db30777/dataMaskingPolicies/Default\",\r\n  \"name\": \"Default\",\r\n  \"type\": \"Microsoft.Sql/servers/databases/dataMaskingPolicies\",\r\n  \"location\": null,\r\n  \"properties\": {\r\n    \"dataMaskingState\": \"Disabled\",\r\n    \"applicationPrincipals\": null,\r\n    \"exemptPrincipals\": \"A;B;C\",\r\n    \"maskingLevel\": \"Restricted\"\r\n  }\r\n}",
      "ResponseHeaders": {
        "Content-Length": [
          "443"
        ],
        "Content-Type": [
          "application/json; odata=minimalmetadata; streaming=true; charset=utf-8"
        ],
        "x-ms-request-id": [
          "f49dc99f-ef00-48c1-83aa-ea6e913d8a0c"
        ],
        "X-Content-Type-Options": [
          "nosniff"
        ],
        "Preference-Applied": [
          "return-content"
        ],
        "DataServiceVersion": [
          "3.0;"
        ],
        "x-ms-ratelimit-remaining-subscription-writes": [
          "1196"
        ],
        "x-ms-correlation-request-id": [
          "8a506577-ec41-4370-abc8-7a04b97f9892"
        ],
        "x-ms-routing-request-id": [
          "WESTEUROPE:20150522T090126Z:8a506577-ec41-4370-abc8-7a04b97f9892"
        ],
        "Strict-Transport-Security": [
          "max-age=31536000; includeSubDomains"
        ],
        "Cache-Control": [
          "no-store, no-cache"
        ],
        "Date": [
          "Fri, 22 May 2015 09:01:26 GMT"
        ],
        "Server": [
          "Microsoft-HTTPAPI/2.0"
        ]
      },
      "StatusCode": 200
    },
    {
      "RequestUri": "/subscriptions/cca24ec8-99b5-4aa7-9ff6-486e886f304c/resourceGroups/sql-dm-cmdlet-test-rg30777/providers/Microsoft.Sql/servers/sql-dm-cmdlet-server30777/databases/sql-dm-cmdlet-db30777/dataMaskingPolicies/Default?api-version=2014-04-01",
      "EncodedRequestUri": "L3N1YnNjcmlwdGlvbnMvY2NhMjRlYzgtOTliNS00YWE3LTlmZjYtNDg2ZTg4NmYzMDRjL3Jlc291cmNlR3JvdXBzL3NxbC1kbS1jbWRsZXQtdGVzdC1yZzMwNzc3L3Byb3ZpZGVycy9NaWNyb3NvZnQuU3FsL3NlcnZlcnMvc3FsLWRtLWNtZGxldC1zZXJ2ZXIzMDc3Ny9kYXRhYmFzZXMvc3FsLWRtLWNtZGxldC1kYjMwNzc3L2RhdGFNYXNraW5nUG9saWNpZXMvRGVmYXVsdD9hcGktdmVyc2lvbj0yMDE0LTA0LTAx",
      "RequestMethod": "PUT",
      "RequestBody": "{\r\n  \"properties\": {\r\n    \"dataMaskingState\": \"Disabled\",\r\n    \"exemptPrincipals\": \"\",\r\n    \"maskingLevel\": \"Restricted\"\r\n  }\r\n}",
      "RequestHeaders": {
        "Content-Type": [
          "application/json; charset=utf-8"
        ],
        "Content-Length": [
          "128"
        ],
        "User-Agent": [
          "Microsoft.Azure.Management.Sql.SqlManagementClient/0.9.0.0"
        ],
        "x-ms-client-request-id": [
          "6990c3cb-f4bb-4c55-ad2a-9ca3ca8bca67"
        ]
      },
      "ResponseBody": "{\r\n  \"id\": \"/subscriptions/cca24ec8-99b5-4aa7-9ff6-486e886f304c/resourceGroups/sql-dm-cmdlet-test-rg30777/providers/Microsoft.Sql/servers/sql-dm-cmdlet-server30777/databases/sql-dm-cmdlet-db30777/dataMaskingPolicies/Default\",\r\n  \"name\": \"Default\",\r\n  \"type\": \"Microsoft.Sql/servers/databases/dataMaskingPolicies\",\r\n  \"location\": null,\r\n  \"properties\": {\r\n    \"dataMaskingState\": \"Disabled\",\r\n    \"applicationPrincipals\": null,\r\n    \"exemptPrincipals\": \"\",\r\n    \"maskingLevel\": \"Restricted\"\r\n  }\r\n}",
      "ResponseHeaders": {
        "Content-Length": [
          "438"
        ],
        "Content-Type": [
          "application/json; odata=minimalmetadata; streaming=true; charset=utf-8"
        ],
        "x-ms-request-id": [
          "d6f1355d-e203-4c31-ae36-a2c69921869b"
        ],
        "X-Content-Type-Options": [
          "nosniff"
        ],
        "Preference-Applied": [
          "return-content"
        ],
        "DataServiceVersion": [
          "3.0;"
        ],
        "x-ms-ratelimit-remaining-subscription-writes": [
          "1195"
        ],
        "x-ms-correlation-request-id": [
          "9c6600e4-c86f-4fac-b8ff-638a197fae56"
        ],
        "x-ms-routing-request-id": [
          "WESTEUROPE:20150522T090130Z:9c6600e4-c86f-4fac-b8ff-638a197fae56"
        ],
        "Strict-Transport-Security": [
          "max-age=31536000; includeSubDomains"
        ],
        "Cache-Control": [
          "no-store, no-cache"
        ],
        "Date": [
          "Fri, 22 May 2015 09:01:29 GMT"
        ],
        "Server": [
          "Microsoft-HTTPAPI/2.0"
        ]
      },
      "StatusCode": 200
    }
  ],
  "Names": {},
  "Variables": {
    "SubscriptionId": "cca24ec8-99b5-4aa7-9ff6-486e886f304c"
  }
}