{
  "Entries": [
    {
      "RequestUri": "/subscriptions/c39dce18-cead-4065-8fb1-3af7683a5038/resourcegroups/ps4461?api-version=2016-09-01",
      "EncodedRequestUri": "L3N1YnNjcmlwdGlvbnMvYzM5ZGNlMTgtY2VhZC00MDY1LThmYjEtM2FmNzY4M2E1MDM4L3Jlc291cmNlZ3JvdXBzL3BzNDQ2MT9hcGktdmVyc2lvbj0yMDE2LTA5LTAx",
      "RequestMethod": "PUT",
      "RequestBody": "{\r\n  \"location\": \"West US\"\r\n}",
      "RequestHeaders": {
        "Content-Type": [
          "application/json; charset=utf-8"
        ],
        "Content-Length": [
          "29"
        ],
        "x-ms-client-request-id": [
          "71a6ba6c-022d-4a41-95fd-b509d98f61f5"
        ],
        "accept-language": [
          "en-US"
        ],
        "User-Agent": [
          "FxVersion/4.7.2650.0",
          "OSName/Windows10Enterprise",
          "OSVersion/6.3.16299",
          "Microsoft.Azure.Management.Internal.Resources.ResourceManagementClient/4.1.0"
        ]
      },
      "ResponseBody": "{\r\n  \"id\": \"/subscriptions/c39dce18-cead-4065-8fb1-3af7683a5038/resourceGroups/ps4461\",\r\n  \"name\": \"ps4461\",\r\n  \"location\": \"westus\",\r\n  \"properties\": {\r\n    \"provisioningState\": \"Succeeded\"\r\n  }\r\n}",
      "ResponseHeaders": {
        "Content-Length": [
          "165"
        ],
        "Content-Type": [
          "application/json; charset=utf-8"
        ],
        "Expires": [
          "-1"
        ],
        "Pragma": [
          "no-cache"
        ],
        "x-ms-ratelimit-remaining-subscription-writes": [
          "1181"
        ],
        "x-ms-request-id": [
          "771b750b-1d49-4c6f-933c-9e47c846b254"
        ],
        "x-ms-correlation-request-id": [
          "771b750b-1d49-4c6f-933c-9e47c846b254"
        ],
        "x-ms-routing-request-id": [
          "NORTHEUROPE:20180713T201103Z:771b750b-1d49-4c6f-933c-9e47c846b254"
        ],
        "Strict-Transport-Security": [
          "max-age=31536000; includeSubDomains"
        ],
        "X-Content-Type-Options": [
          "nosniff"
        ],
        "Cache-Control": [
          "no-cache"
        ],
        "Date": [
          "Fri, 13 Jul 2018 20:11:03 GMT"
        ]
      },
      "StatusCode": 201
    },
    {
      "RequestUri": "/subscriptions/c39dce18-cead-4065-8fb1-3af7683a5038/resourceGroups/ps4461/providers/Microsoft.DataFactory/factories/ps2591?api-version=2018-06-01",
      "EncodedRequestUri": "L3N1YnNjcmlwdGlvbnMvYzM5ZGNlMTgtY2VhZC00MDY1LThmYjEtM2FmNzY4M2E1MDM4L3Jlc291cmNlR3JvdXBzL3BzNDQ2MS9wcm92aWRlcnMvTWljcm9zb2Z0LkRhdGFGYWN0b3J5L2ZhY3Rvcmllcy9wczI1OTE/YXBpLXZlcnNpb249MjAxOC0wNi0wMQ==",
      "RequestMethod": "PUT",
      "RequestBody": "{\r\n  \"identity\": {\r\n    \"type\": \"SystemAssigned\"\r\n  },\r\n  \"location\": \"West US\"\r\n}",
      "RequestHeaders": {
        "Content-Type": [
          "application/json; charset=utf-8"
        ],
        "Content-Length": [
          "82"
        ],
        "x-ms-client-request-id": [
          "4f1fe1ed-646a-4382-9174-2b4a9cf15939"
        ],
        "accept-language": [
          "en-US"
        ],
        "User-Agent": [
          "FxVersion/4.7.2650.0",
          "OSName/Windows10Enterprise",
          "OSVersion/6.3.16299",
          "Microsoft.Azure.Management.DataFactory.DataFactoryManagementClient/1.0.0.0"
        ]
      },
      "ResponseBody": "{\r\n  \"name\": \"ps2591\",\r\n  \"identity\": {\r\n    \"type\": \"SystemAssigned\",\r\n    \"principalId\": \"72eaedcb-6aec-4eab-baeb-5d291349fe24\",\r\n    \"tenantId\": \"f686d426-8d16-42db-81b7-ab578e110ccd\"\r\n  },\r\n  \"id\": \"/subscriptions/c39dce18-cead-4065-8fb1-3af7683a5038/resourceGroups/ps4461/providers/Microsoft.DataFactory/factories/ps2591\",\r\n  \"type\": \"Microsoft.DataFactory/factories\",\r\n  \"properties\": {\r\n    \"provisioningState\": \"Succeeded\",\r\n    \"createTime\": \"2018-07-13T20:11:14.5381765Z\",\r\n    \"version\": \"2018-06-01\"\r\n  },\r\n  \"eTag\": \"\\\"00008c05-0000-0000-0000-5b4907620000\\\"\",\r\n  \"location\": \"West US\",\r\n  \"tags\": {}\r\n}",
      "ResponseHeaders": {
        "Content-Length": [
          "523"
        ],
        "Content-Type": [
          "application/json; charset=utf-8"
        ],
        "Expires": [
          "-1"
        ],
        "Pragma": [
          "no-cache"
        ],
        "Strict-Transport-Security": [
          "max-age=31536000; includeSubDomains"
        ],
        "X-Content-Type-Options": [
          "nosniff"
        ],
        "x-ms-ratelimit-remaining-subscription-writes": [
          "1173"
        ],
        "x-ms-request-id": [
          "a158a8f3-5c50-4ecb-b208-6fe50d2d27f2"
        ],
        "x-ms-correlation-request-id": [
          "a158a8f3-5c50-4ecb-b208-6fe50d2d27f2"
        ],
        "x-ms-routing-request-id": [
          "NORTHEUROPE:20180713T201115Z:a158a8f3-5c50-4ecb-b208-6fe50d2d27f2"
        ],
        "Cache-Control": [
          "no-cache"
        ],
        "Date": [
          "Fri, 13 Jul 2018 20:11:14 GMT"
        ],
        "Server": [
          "Microsoft-IIS/8.5"
        ],
        "X-Powered-By": [
          "ASP.NET"
        ]
      },
      "StatusCode": 200
    },
    {
      "RequestUri": "/subscriptions/c39dce18-cead-4065-8fb1-3af7683a5038/resourceGroups/ps4461/providers/Microsoft.DataFactory/factories/ps2591?api-version=2018-06-01",
      "EncodedRequestUri": "L3N1YnNjcmlwdGlvbnMvYzM5ZGNlMTgtY2VhZC00MDY1LThmYjEtM2FmNzY4M2E1MDM4L3Jlc291cmNlR3JvdXBzL3BzNDQ2MS9wcm92aWRlcnMvTWljcm9zb2Z0LkRhdGFGYWN0b3J5L2ZhY3Rvcmllcy9wczI1OTE/YXBpLXZlcnNpb249MjAxOC0wNi0wMQ==",
      "RequestMethod": "PATCH",
      "RequestBody": "{\r\n  \"tags\": {\r\n    \"newTag\": \"NewTagValue\"\r\n  }\r\n}",
      "RequestHeaders": {
        "Content-Type": [
          "application/json; charset=utf-8"
        ],
        "Content-Length": [
          "51"
        ],
        "x-ms-client-request-id": [
          "2d2802d1-85fc-4d3e-8abb-072d9949d4cd"
        ],
        "accept-language": [
          "en-US"
        ],
        "User-Agent": [
          "FxVersion/4.7.2650.0",
          "OSName/Windows10Enterprise",
          "OSVersion/6.3.16299",
          "Microsoft.Azure.Management.DataFactory.DataFactoryManagementClient/1.0.0.0"
        ]
      },
      "ResponseBody": "{\r\n  \"name\": \"ps2591\",\r\n  \"id\": \"/subscriptions/c39dce18-cead-4065-8fb1-3af7683a5038/resourceGroups/ps4461/providers/Microsoft.DataFactory/factories/ps2591\",\r\n  \"type\": \"Microsoft.DataFactory/factories\",\r\n  \"properties\": {\r\n    \"provisioningState\": \"Succeeded\",\r\n    \"createTime\": \"2018-07-13T20:11:14.5381765Z\",\r\n    \"version\": \"2018-06-01\"\r\n  },\r\n  \"eTag\": \"\\\"00008d05-0000-0000-0000-5b4907630000\\\"\",\r\n  \"location\": \"West US\",\r\n  \"tags\": {\r\n    \"newTag\": \"NewTagValue\"\r\n  }\r\n}",
      "ResponseHeaders": {
        "Content-Length": [
          "405"
        ],
        "Content-Type": [
          "application/json; charset=utf-8"
        ],
        "Expires": [
          "-1"
        ],
        "Pragma": [
          "no-cache"
        ],
        "Strict-Transport-Security": [
          "max-age=31536000; includeSubDomains"
        ],
        "X-Content-Type-Options": [
          "nosniff"
        ],
        "x-ms-ratelimit-remaining-subscription-writes": [
          "1172"
        ],
        "x-ms-request-id": [
          "c63ae0f6-59eb-41c8-b3a5-59fe0215592d"
        ],
        "x-ms-correlation-request-id": [
          "c63ae0f6-59eb-41c8-b3a5-59fe0215592d"
        ],
        "x-ms-routing-request-id": [
          "NORTHEUROPE:20180713T201116Z:c63ae0f6-59eb-41c8-b3a5-59fe0215592d"
        ],
        "Cache-Control": [
          "no-cache"
        ],
        "Date": [
          "Fri, 13 Jul 2018 20:11:15 GMT"
        ],
        "Server": [
          "Microsoft-IIS/8.5"
        ],
        "X-Powered-By": [
          "ASP.NET"
        ]
      },
      "StatusCode": 200
    },
    {
      "RequestUri": "/subscriptions/c39dce18-cead-4065-8fb1-3af7683a5038/resourceGroups/ps4461/providers/Microsoft.DataFactory/factories/ps2591?api-version=2018-06-01",
      "EncodedRequestUri": "L3N1YnNjcmlwdGlvbnMvYzM5ZGNlMTgtY2VhZC00MDY1LThmYjEtM2FmNzY4M2E1MDM4L3Jlc291cmNlR3JvdXBzL3BzNDQ2MS9wcm92aWRlcnMvTWljcm9zb2Z0LkRhdGFGYWN0b3J5L2ZhY3Rvcmllcy9wczI1OTE/YXBpLXZlcnNpb249MjAxOC0wNi0wMQ==",
      "RequestMethod": "GET",
      "RequestBody": "",
      "RequestHeaders": {
        "x-ms-client-request-id": [
          "200aa292-2b06-46fd-8b9c-71aa39248867"
        ],
        "accept-language": [
          "en-US"
        ],
        "User-Agent": [
          "FxVersion/4.7.2650.0",
          "OSName/Windows10Enterprise",
          "OSVersion/6.3.16299",
          "Microsoft.Azure.Management.DataFactory.DataFactoryManagementClient/1.0.0.0"
        ]
      },
      "ResponseBody": "{\r\n  \"name\": \"ps2591\",\r\n  \"id\": \"/subscriptions/c39dce18-cead-4065-8fb1-3af7683a5038/resourceGroups/ps4461/providers/Microsoft.DataFactory/factories/ps2591\",\r\n  \"type\": \"Microsoft.DataFactory/factories\",\r\n  \"properties\": {\r\n    \"provisioningState\": \"Succeeded\",\r\n    \"createTime\": \"2018-07-13T20:11:14.5381765Z\",\r\n    \"version\": \"2018-06-01\"\r\n  },\r\n  \"eTag\": \"\\\"00008d05-0000-0000-0000-5b4907630000\\\"\",\r\n  \"location\": \"West US\",\r\n  \"tags\": {\r\n    \"newTag\": \"NewTagValue\"\r\n  }\r\n}",
      "ResponseHeaders": {
        "Content-Length": [
          "405"
        ],
        "Content-Type": [
          "application/json; charset=utf-8"
        ],
        "Expires": [
          "-1"
        ],
        "Pragma": [
          "no-cache"
        ],
        "Strict-Transport-Security": [
          "max-age=31536000; includeSubDomains"
        ],
        "X-Content-Type-Options": [
          "nosniff"
        ],
        "x-ms-ratelimit-remaining-subscription-reads": [
          "14967"
        ],
        "x-ms-request-id": [
          "4585f0e5-143c-4ea7-aeb4-4277f4100c42"
        ],
        "x-ms-correlation-request-id": [
          "4585f0e5-143c-4ea7-aeb4-4277f4100c42"
        ],
        "x-ms-routing-request-id": [
          "NORTHEUROPE:20180713T201116Z:4585f0e5-143c-4ea7-aeb4-4277f4100c42"
        ],
        "Cache-Control": [
          "no-cache"
        ],
        "Date": [
          "Fri, 13 Jul 2018 20:11:15 GMT"
        ],
        "Server": [
          "Microsoft-IIS/8.5"
        ],
        "X-Powered-By": [
          "ASP.NET"
        ]
      },
      "StatusCode": 200
    },
    {
      "RequestUri": "/subscriptions/c39dce18-cead-4065-8fb1-3af7683a5038/resourceGroups/ps4461/providers/Microsoft.DataFactory/factories/ps2591?api-version=2018-06-01",
      "EncodedRequestUri": "L3N1YnNjcmlwdGlvbnMvYzM5ZGNlMTgtY2VhZC00MDY1LThmYjEtM2FmNzY4M2E1MDM4L3Jlc291cmNlR3JvdXBzL3BzNDQ2MS9wcm92aWRlcnMvTWljcm9zb2Z0LkRhdGFGYWN0b3J5L2ZhY3Rvcmllcy9wczI1OTE/YXBpLXZlcnNpb249MjAxOC0wNi0wMQ==",
      "RequestMethod": "DELETE",
      "RequestBody": "",
      "RequestHeaders": {
        "x-ms-client-request-id": [
          "12fbc755-d80b-4d79-b71c-6ea1a06c38a9"
        ],
        "accept-language": [
          "en-US"
        ],
        "User-Agent": [
          "FxVersion/4.7.2650.0",
          "OSName/Windows10Enterprise",
          "OSVersion/6.3.16299",
          "Microsoft.Azure.Management.DataFactory.DataFactoryManagementClient/1.0.0.0"
        ]
      },
      "ResponseBody": "",
      "ResponseHeaders": {
        "Content-Length": [
          "0"
        ],
        "Expires": [
          "-1"
        ],
        "Pragma": [
          "no-cache"
        ],
        "Strict-Transport-Security": [
          "max-age=31536000; includeSubDomains"
        ],
        "X-Content-Type-Options": [
          "nosniff"
        ],
        "x-ms-ratelimit-remaining-subscription-deletes": [
          "14983"
        ],
        "x-ms-request-id": [
          "1e67da97-926d-4c4d-b2c4-565ad8c17608"
        ],
        "x-ms-correlation-request-id": [
          "1e67da97-926d-4c4d-b2c4-565ad8c17608"
        ],
        "x-ms-routing-request-id": [
          "NORTHEUROPE:20180713T201118Z:1e67da97-926d-4c4d-b2c4-565ad8c17608"
        ],
        "Cache-Control": [
          "no-cache"
        ],
        "Date": [
          "Fri, 13 Jul 2018 20:11:17 GMT"
        ],
        "Server": [
          "Microsoft-IIS/8.5"
        ],
        "X-Powered-By": [
          "ASP.NET"
        ]
      },
      "StatusCode": 200
    },
    {
      "RequestUri": "/subscriptions/c39dce18-cead-4065-8fb1-3af7683a5038/resourcegroups/ps4461?api-version=2016-09-01",
      "EncodedRequestUri": "L3N1YnNjcmlwdGlvbnMvYzM5ZGNlMTgtY2VhZC00MDY1LThmYjEtM2FmNzY4M2E1MDM4L3Jlc291cmNlZ3JvdXBzL3BzNDQ2MT9hcGktdmVyc2lvbj0yMDE2LTA5LTAx",
      "RequestMethod": "DELETE",
      "RequestBody": "",
      "RequestHeaders": {
        "x-ms-client-request-id": [
          "7562c67c-7fb5-4bb0-804a-51425ac71c61"
        ],
        "accept-language": [
          "en-US"
        ],
        "User-Agent": [
          "FxVersion/4.7.2650.0",
          "OSName/Windows10Enterprise",
          "OSVersion/6.3.16299",
          "Microsoft.Azure.Management.Internal.Resources.ResourceManagementClient/4.1.0"
        ]
      },
      "ResponseBody": "",
      "ResponseHeaders": {
        "Content-Length": [
          "0"
        ],
        "Expires": [
          "-1"
        ],
        "Pragma": [
          "no-cache"
        ],
        "Retry-After": [
          "15"
        ],
        "x-ms-ratelimit-remaining-subscription-deletes": [
          "14976"
        ],
        "x-ms-request-id": [
          "e2d2f0e4-48e3-48ad-ad72-5392c52146ee"
        ],
        "x-ms-correlation-request-id": [
          "e2d2f0e4-48e3-48ad-ad72-5392c52146ee"
        ],
        "x-ms-routing-request-id": [
          "NORTHEUROPE:20180713T201119Z:e2d2f0e4-48e3-48ad-ad72-5392c52146ee"
        ],
        "Strict-Transport-Security": [
          "max-age=31536000; includeSubDomains"
        ],
        "X-Content-Type-Options": [
          "nosniff"
        ],
        "Cache-Control": [
          "no-cache"
        ],
        "Date": [
          "Fri, 13 Jul 2018 20:11:19 GMT"
        ],
        "Location": [
          "https://api-dogfood.resources.windows-int.net/subscriptions/c39dce18-cead-4065-8fb1-3af7683a5038/operationresults/eyJqb2JJZCI6IlJFU09VUkNFR1JPVVBERUxFVElPTkpPQi1QUzQ0NjEtV0VTVFVTIiwiam9iTG9jYXRpb24iOiJ3ZXN0dXMifQ?api-version=2016-09-01"
        ]
      },
      "StatusCode": 202
    },
    {
      "RequestUri": "/subscriptions/c39dce18-cead-4065-8fb1-3af7683a5038/operationresults/eyJqb2JJZCI6IlJFU09VUkNFR1JPVVBERUxFVElPTkpPQi1QUzQ0NjEtV0VTVFVTIiwiam9iTG9jYXRpb24iOiJ3ZXN0dXMifQ?api-version=2016-09-01",
      "EncodedRequestUri": "L3N1YnNjcmlwdGlvbnMvYzM5ZGNlMTgtY2VhZC00MDY1LThmYjEtM2FmNzY4M2E1MDM4L29wZXJhdGlvbnJlc3VsdHMvZXlKcWIySkpaQ0k2SWxKRlUwOVZVa05GUjFKUFZWQkVSVXhGVkVsUFRrcFBRaTFRVXpRME5qRXRWMFZUVkZWVElpd2lhbTlpVEc5allYUnBiMjRpT2lKM1pYTjBkWE1pZlE/YXBpLXZlcnNpb249MjAxNi0wOS0wMQ==",
      "RequestMethod": "GET",
      "RequestBody": "",
      "RequestHeaders": {
        "User-Agent": [
          "FxVersion/4.7.2650.0",
          "OSName/Windows10Enterprise",
          "OSVersion/6.3.16299",
          "Microsoft.Azure.Management.Internal.Resources.ResourceManagementClient/4.1.0"
        ]
      },
      "ResponseBody": "",
      "ResponseHeaders": {
        "Content-Length": [
          "0"
        ],
        "Expires": [
          "-1"
        ],
        "Pragma": [
          "no-cache"
        ],
        "Retry-After": [
          "15"
        ],
        "x-ms-ratelimit-remaining-subscription-reads": [
          "14978"
        ],
        "x-ms-request-id": [
          "d8e86086-861b-4119-b4ce-71033c488a20"
        ],
        "x-ms-correlation-request-id": [
          "d8e86086-861b-4119-b4ce-71033c488a20"
        ],
        "x-ms-routing-request-id": [
          "NORTHEUROPE:20180713T201135Z:d8e86086-861b-4119-b4ce-71033c488a20"
        ],
        "Strict-Transport-Security": [
          "max-age=31536000; includeSubDomains"
        ],
        "X-Content-Type-Options": [
          "nosniff"
        ],
        "Cache-Control": [
          "no-cache"
        ],
        "Date": [
          "Fri, 13 Jul 2018 20:11:34 GMT"
        ],
        "Location": [
          "https://api-dogfood.resources.windows-int.net/subscriptions/c39dce18-cead-4065-8fb1-3af7683a5038/operationresults/eyJqb2JJZCI6IlJFU09VUkNFR1JPVVBERUxFVElPTkpPQi1QUzQ0NjEtV0VTVFVTIiwiam9iTG9jYXRpb24iOiJ3ZXN0dXMifQ?api-version=2016-09-01"
        ]
      },
      "StatusCode": 202
    },
    {
      "RequestUri": "/subscriptions/c39dce18-cead-4065-8fb1-3af7683a5038/operationresults/eyJqb2JJZCI6IlJFU09VUkNFR1JPVVBERUxFVElPTkpPQi1QUzQ0NjEtV0VTVFVTIiwiam9iTG9jYXRpb24iOiJ3ZXN0dXMifQ?api-version=2016-09-01",
      "EncodedRequestUri": "L3N1YnNjcmlwdGlvbnMvYzM5ZGNlMTgtY2VhZC00MDY1LThmYjEtM2FmNzY4M2E1MDM4L29wZXJhdGlvbnJlc3VsdHMvZXlKcWIySkpaQ0k2SWxKRlUwOVZVa05GUjFKUFZWQkVSVXhGVkVsUFRrcFBRaTFRVXpRME5qRXRWMFZUVkZWVElpd2lhbTlpVEc5allYUnBiMjRpT2lKM1pYTjBkWE1pZlE/YXBpLXZlcnNpb249MjAxNi0wOS0wMQ==",
      "RequestMethod": "GET",
      "RequestBody": "",
      "RequestHeaders": {
        "User-Agent": [
          "FxVersion/4.7.2650.0",
          "OSName/Windows10Enterprise",
          "OSVersion/6.3.16299",
          "Microsoft.Azure.Management.Internal.Resources.ResourceManagementClient/4.1.0"
        ]
      },
      "ResponseBody": "",
      "ResponseHeaders": {
        "Content-Length": [
          "0"
        ],
        "Expires": [
          "-1"
        ],
        "Pragma": [
          "no-cache"
        ],
        "Retry-After": [
          "15"
        ],
        "x-ms-ratelimit-remaining-subscription-reads": [
          "14977"
        ],
        "x-ms-request-id": [
          "c9a34399-4c1c-4601-be4a-148496b48675"
        ],
        "x-ms-correlation-request-id": [
          "c9a34399-4c1c-4601-be4a-148496b48675"
        ],
        "x-ms-routing-request-id": [
          "NORTHEUROPE:20180713T201150Z:c9a34399-4c1c-4601-be4a-148496b48675"
        ],
        "Strict-Transport-Security": [
          "max-age=31536000; includeSubDomains"
        ],
        "X-Content-Type-Options": [
          "nosniff"
        ],
        "Cache-Control": [
          "no-cache"
        ],
        "Date": [
          "Fri, 13 Jul 2018 20:11:49 GMT"
        ],
        "Location": [
          "https://api-dogfood.resources.windows-int.net/subscriptions/c39dce18-cead-4065-8fb1-3af7683a5038/operationresults/eyJqb2JJZCI6IlJFU09VUkNFR1JPVVBERUxFVElPTkpPQi1QUzQ0NjEtV0VTVFVTIiwiam9iTG9jYXRpb24iOiJ3ZXN0dXMifQ?api-version=2016-09-01"
        ]
      },
      "StatusCode": 202
    },
    {
      "RequestUri": "/subscriptions/c39dce18-cead-4065-8fb1-3af7683a5038/operationresults/eyJqb2JJZCI6IlJFU09VUkNFR1JPVVBERUxFVElPTkpPQi1QUzQ0NjEtV0VTVFVTIiwiam9iTG9jYXRpb24iOiJ3ZXN0dXMifQ?api-version=2016-09-01",
      "EncodedRequestUri": "L3N1YnNjcmlwdGlvbnMvYzM5ZGNlMTgtY2VhZC00MDY1LThmYjEtM2FmNzY4M2E1MDM4L29wZXJhdGlvbnJlc3VsdHMvZXlKcWIySkpaQ0k2SWxKRlUwOVZVa05GUjFKUFZWQkVSVXhGVkVsUFRrcFBRaTFRVXpRME5qRXRWMFZUVkZWVElpd2lhbTlpVEc5allYUnBiMjRpT2lKM1pYTjBkWE1pZlE/YXBpLXZlcnNpb249MjAxNi0wOS0wMQ==",
      "RequestMethod": "GET",
      "RequestBody": "",
      "RequestHeaders": {
        "User-Agent": [
          "FxVersion/4.7.2650.0",
          "OSName/Windows10Enterprise",
          "OSVersion/6.3.16299",
          "Microsoft.Azure.Management.Internal.Resources.ResourceManagementClient/4.1.0"
        ]
      },
      "ResponseBody": "",
      "ResponseHeaders": {
        "Content-Length": [
          "0"
        ],
        "Expires": [
          "-1"
        ],
        "Pragma": [
          "no-cache"
        ],
        "x-ms-ratelimit-remaining-subscription-reads": [
          "14976"
        ],
        "x-ms-request-id": [
          "12d7ed56-c8fb-4c7e-97aa-3fd0ff496382"
        ],
        "x-ms-correlation-request-id": [
          "12d7ed56-c8fb-4c7e-97aa-3fd0ff496382"
        ],
        "x-ms-routing-request-id": [
          "NORTHEUROPE:20180713T201205Z:12d7ed56-c8fb-4c7e-97aa-3fd0ff496382"
        ],
        "Strict-Transport-Security": [
          "max-age=31536000; includeSubDomains"
        ],
        "X-Content-Type-Options": [
          "nosniff"
        ],
        "Cache-Control": [
          "no-cache"
        ],
        "Date": [
          "Fri, 13 Jul 2018 20:12:04 GMT"
        ]
      },
      "StatusCode": 200
    },
    {
      "RequestUri": "/subscriptions/c39dce18-cead-4065-8fb1-3af7683a5038/operationresults/eyJqb2JJZCI6IlJFU09VUkNFR1JPVVBERUxFVElPTkpPQi1QUzQ0NjEtV0VTVFVTIiwiam9iTG9jYXRpb24iOiJ3ZXN0dXMifQ?api-version=2016-09-01",
      "EncodedRequestUri": "L3N1YnNjcmlwdGlvbnMvYzM5ZGNlMTgtY2VhZC00MDY1LThmYjEtM2FmNzY4M2E1MDM4L29wZXJhdGlvbnJlc3VsdHMvZXlKcWIySkpaQ0k2SWxKRlUwOVZVa05GUjFKUFZWQkVSVXhGVkVsUFRrcFBRaTFRVXpRME5qRXRWMFZUVkZWVElpd2lhbTlpVEc5allYUnBiMjRpT2lKM1pYTjBkWE1pZlE/YXBpLXZlcnNpb249MjAxNi0wOS0wMQ==",
      "RequestMethod": "GET",
      "RequestBody": "",
      "RequestHeaders": {
        "User-Agent": [
          "FxVersion/4.7.2650.0",
          "OSName/Windows10Enterprise",
          "OSVersion/6.3.16299",
          "Microsoft.Azure.Management.Internal.Resources.ResourceManagementClient/4.1.0"
        ]
      },
      "ResponseBody": "",
      "ResponseHeaders": {
        "Content-Length": [
          "0"
        ],
        "Expires": [
          "-1"
        ],
        "Pragma": [
          "no-cache"
        ],
        "x-ms-ratelimit-remaining-subscription-reads": [
          "14975"
        ],
        "x-ms-request-id": [
          "fa34a068-f0ef-4000-b924-8a65f2b3407b"
        ],
        "x-ms-correlation-request-id": [
          "fa34a068-f0ef-4000-b924-8a65f2b3407b"
        ],
        "x-ms-routing-request-id": [
          "NORTHEUROPE:20180713T201206Z:fa34a068-f0ef-4000-b924-8a65f2b3407b"
        ],
        "Strict-Transport-Security": [
          "max-age=31536000; includeSubDomains"
        ],
        "X-Content-Type-Options": [
          "nosniff"
        ],
        "Cache-Control": [
          "no-cache"
        ],
        "Date": [
          "Fri, 13 Jul 2018 20:12:06 GMT"
        ]
      },
      "StatusCode": 200
    }
  ],
  "Names": {
    "Test-UpdateDataFactory": [
      "ps2591",
      "ps4461"
    ]
  },
  "Variables": {
    "SubscriptionId": "c39dce18-cead-4065-8fb1-3af7683a5038"
  }
}