{
  "Entries": [
    {
      "RequestUri": "/subscriptions/18b0dc06-a2b8-4c0f-95af-550319fa5eac/resourcegroups/filter?api-version=2016-02-01",
      "EncodedRequestUri": "L3N1YnNjcmlwdGlvbnMvMThiMGRjMDYtYTJiOC00YzBmLTk1YWYtNTUwMzE5ZmE1ZWFjL3Jlc291cmNlZ3JvdXBzL2ZpbHRlcj9hcGktdmVyc2lvbj0yMDE2LTAyLTAx",
      "RequestMethod": "PUT",
      "RequestBody": "{\r\n  \"location\": \"westus\"\r\n}",
      "RequestHeaders": {
        "Content-Type": [
          "application/json; charset=utf-8"
        ],
        "Content-Length": [
          "28"
        ],
        "User-Agent": [
          "Microsoft.Azure.Management.Resources.ResourceManagementClient/2.0.0.0"
        ]
      },
      "ResponseBody": "{\r\n  \"id\": \"/subscriptions/18b0dc06-a2b8-4c0f-95af-550319fa5eac/resourceGroups/filter\",\r\n  \"name\": \"filter\",\r\n  \"location\": \"westus\",\r\n  \"properties\": {\r\n    \"provisioningState\": \"Succeeded\"\r\n  }\r\n}",
      "ResponseHeaders": {
        "Content-Length": [
          "165"
        ],
        "Content-Type": [
          "application/json; charset=utf-8"
        ],
        "Expires": [
          "-1"
        ],
        "Pragma": [
          "no-cache"
        ],
        "x-ms-ratelimit-remaining-subscription-writes": [
          "1198"
        ],
        "x-ms-request-id": [
          "56016528-b517-4568-a8ce-f4b0e7d4b8a1"
        ],
        "x-ms-correlation-request-id": [
          "56016528-b517-4568-a8ce-f4b0e7d4b8a1"
        ],
        "x-ms-routing-request-id": [
          "WESTUS:20180123T084511Z:56016528-b517-4568-a8ce-f4b0e7d4b8a1"
        ],
        "Strict-Transport-Security": [
          "max-age=31536000; includeSubDomains"
        ],
        "Cache-Control": [
          "no-cache"
        ],
        "Date": [
          "Tue, 23 Jan 2018 08:45:11 GMT"
        ]
      },
      "StatusCode": 200
    },
    {
      "RequestUri": "/subscriptions/18b0dc06-a2b8-4c0f-95af-550319fa5eac/resourceGroups/filter/providers/Microsoft.Network/routeFilters/filter?api-version=2017-11-01",
      "EncodedRequestUri": "L3N1YnNjcmlwdGlvbnMvMThiMGRjMDYtYTJiOC00YzBmLTk1YWYtNTUwMzE5ZmE1ZWFjL3Jlc291cmNlR3JvdXBzL2ZpbHRlci9wcm92aWRlcnMvTWljcm9zb2Z0Lk5ldHdvcmsvcm91dGVGaWx0ZXJzL2ZpbHRlcj9hcGktdmVyc2lvbj0yMDE3LTExLTAx",
      "RequestMethod": "GET",
      "RequestBody": "",
      "RequestHeaders": {
        "x-ms-client-request-id": [
          "95f4476e-30ef-4aa0-9952-1969eefcffd0"
        ],
        "accept-language": [
          "en-US"
        ],
        "User-Agent": [
          "FxVersion/4.7.2600.0",
          "OSName/Windows10Enterprise",
          "OSVersion/6.3.16299",
          "Microsoft.Azure.Management.Network.NetworkManagementClient/17.0.0.0"
        ]
      },
      "ResponseBody": "{\r\n  \"error\": {\r\n    \"code\": \"ResourceNotFound\",\r\n    \"message\": \"The Resource 'Microsoft.Network/routeFilters/filter' under resource group 'filter' was not found.\"\r\n  }\r\n}",
      "ResponseHeaders": {
        "Content-Length": [
          "147"
        ],
        "Content-Type": [
          "application/json; charset=utf-8"
        ],
        "Expires": [
          "-1"
        ],
        "Pragma": [
          "no-cache"
        ],
        "x-ms-failure-cause": [
          "gateway"
        ],
        "x-ms-request-id": [
          "9e4647fe-6d6c-41a9-a671-caabee407847"
        ],
        "x-ms-correlation-request-id": [
          "9e4647fe-6d6c-41a9-a671-caabee407847"
        ],
        "x-ms-routing-request-id": [
          "WESTUS:20180123T084512Z:9e4647fe-6d6c-41a9-a671-caabee407847"
        ],
        "Strict-Transport-Security": [
          "max-age=31536000; includeSubDomains"
        ],
        "Cache-Control": [
          "no-cache"
        ],
        "Date": [
          "Tue, 23 Jan 2018 08:45:11 GMT"
        ]
      },
      "StatusCode": 404
    },
    {
      "RequestUri": "/subscriptions/18b0dc06-a2b8-4c0f-95af-550319fa5eac/resourceGroups/filter/providers/Microsoft.Network/routeFilters/filter?api-version=2017-11-01",
      "EncodedRequestUri": "L3N1YnNjcmlwdGlvbnMvMThiMGRjMDYtYTJiOC00YzBmLTk1YWYtNTUwMzE5ZmE1ZWFjL3Jlc291cmNlR3JvdXBzL2ZpbHRlci9wcm92aWRlcnMvTWljcm9zb2Z0Lk5ldHdvcmsvcm91dGVGaWx0ZXJzL2ZpbHRlcj9hcGktdmVyc2lvbj0yMDE3LTExLTAx",
      "RequestMethod": "GET",
      "RequestBody": "",
      "RequestHeaders": {
        "User-Agent": [
          "FxVersion/4.7.2600.0",
          "OSName/Windows10Enterprise",
          "OSVersion/6.3.16299",
          "Microsoft.Azure.Management.Network.NetworkManagementClient/17.0.0.0"
        ]
      },
      "ResponseBody": "{\r\n  \"name\": \"filter\",\r\n  \"id\": \"/subscriptions/18b0dc06-a2b8-4c0f-95af-550319fa5eac/resourceGroups/filter/providers/Microsoft.Network/routeFilters/filter\",\r\n  \"etag\": \"W/\\\"c709c47f-c88c-4a87-bdac-7a6e90a6f135\\\"\",\r\n  \"type\": \"Microsoft.Network/routeFilters\",\r\n  \"location\": \"westus\",\r\n  \"properties\": {\r\n    \"provisioningState\": \"Succeeded\",\r\n    \"rules\": []\r\n  }\r\n}",
      "ResponseHeaders": {
        "Content-Length": [
          "366"
        ],
        "Content-Type": [
          "application/json; charset=utf-8"
        ],
        "Expires": [
          "-1"
        ],
        "Pragma": [
          "no-cache"
        ],
        "x-ms-request-id": [
          "227278ba-40e7-42e6-be33-0616ca76858d"
        ],
        "Strict-Transport-Security": [
          "max-age=31536000; includeSubDomains"
        ],
        "Cache-Control": [
          "no-cache"
        ],
        "ETag": [
          "W/\"c709c47f-c88c-4a87-bdac-7a6e90a6f135\""
        ],
        "Server": [
          "Microsoft-HTTPAPI/2.0",
          "Microsoft-HTTPAPI/2.0"
        ],
        "x-ms-ratelimit-remaining-subscription-reads": [
          "14993"
        ],
        "x-ms-correlation-request-id": [
          "c84bbb9c-cae6-46b8-8a55-bff8eb98a79b"
        ],
        "x-ms-routing-request-id": [
          "WESTUS:20180123T084543Z:c84bbb9c-cae6-46b8-8a55-bff8eb98a79b"
        ],
        "Date": [
          "Tue, 23 Jan 2018 08:45:42 GMT"
        ]
      },
      "StatusCode": 200
    },
    {
      "RequestUri": "/subscriptions/18b0dc06-a2b8-4c0f-95af-550319fa5eac/resourceGroups/filter/providers/Microsoft.Network/routeFilters/filter?api-version=2017-11-01",
      "EncodedRequestUri": "L3N1YnNjcmlwdGlvbnMvMThiMGRjMDYtYTJiOC00YzBmLTk1YWYtNTUwMzE5ZmE1ZWFjL3Jlc291cmNlR3JvdXBzL2ZpbHRlci9wcm92aWRlcnMvTWljcm9zb2Z0Lk5ldHdvcmsvcm91dGVGaWx0ZXJzL2ZpbHRlcj9hcGktdmVyc2lvbj0yMDE3LTExLTAx",
      "RequestMethod": "GET",
      "RequestBody": "",
      "RequestHeaders": {
        "x-ms-client-request-id": [
          "efbdc59a-9dd2-4e2b-9010-2b9cf3ce9009"
        ],
        "accept-language": [
          "en-US"
        ],
        "User-Agent": [
          "FxVersion/4.7.2600.0",
          "OSName/Windows10Enterprise",
          "OSVersion/6.3.16299",
          "Microsoft.Azure.Management.Network.NetworkManagementClient/17.0.0.0"
        ]
      },
      "ResponseBody": "{\r\n  \"name\": \"filter\",\r\n  \"id\": \"/subscriptions/18b0dc06-a2b8-4c0f-95af-550319fa5eac/resourceGroups/filter/providers/Microsoft.Network/routeFilters/filter\",\r\n  \"etag\": \"W/\\\"c709c47f-c88c-4a87-bdac-7a6e90a6f135\\\"\",\r\n  \"type\": \"Microsoft.Network/routeFilters\",\r\n  \"location\": \"westus\",\r\n  \"properties\": {\r\n    \"provisioningState\": \"Succeeded\",\r\n    \"rules\": []\r\n  }\r\n}",
      "ResponseHeaders": {
        "Content-Length": [
          "366"
        ],
        "Content-Type": [
          "application/json; charset=utf-8"
        ],
        "Expires": [
          "-1"
        ],
        "Pragma": [
          "no-cache"
        ],
        "x-ms-request-id": [
          "880d521f-c6fb-4378-a8a7-46d4b65eb965"
        ],
        "Strict-Transport-Security": [
          "max-age=31536000; includeSubDomains"
        ],
        "Cache-Control": [
          "no-cache"
        ],
        "ETag": [
          "W/\"c709c47f-c88c-4a87-bdac-7a6e90a6f135\""
        ],
        "Server": [
          "Microsoft-HTTPAPI/2.0",
          "Microsoft-HTTPAPI/2.0"
        ],
        "x-ms-ratelimit-remaining-subscription-reads": [
          "14992"
        ],
        "x-ms-correlation-request-id": [
          "16647c72-0413-4264-9544-6b413ae5eee9"
        ],
        "x-ms-routing-request-id": [
          "WESTUS:20180123T084543Z:16647c72-0413-4264-9544-6b413ae5eee9"
        ],
        "Date": [
          "Tue, 23 Jan 2018 08:45:43 GMT"
        ]
      },
      "StatusCode": 200
    },
    {
      "RequestUri": "/subscriptions/18b0dc06-a2b8-4c0f-95af-550319fa5eac/resourceGroups/filter/providers/Microsoft.Network/routeFilters/filter?api-version=2017-11-01",
      "EncodedRequestUri": "L3N1YnNjcmlwdGlvbnMvMThiMGRjMDYtYTJiOC00YzBmLTk1YWYtNTUwMzE5ZmE1ZWFjL3Jlc291cmNlR3JvdXBzL2ZpbHRlci9wcm92aWRlcnMvTWljcm9zb2Z0Lk5ldHdvcmsvcm91dGVGaWx0ZXJzL2ZpbHRlcj9hcGktdmVyc2lvbj0yMDE3LTExLTAx",
      "RequestMethod": "GET",
      "RequestBody": "",
      "RequestHeaders": {
        "x-ms-client-request-id": [
          "35fa6460-38f7-4132-8c7c-6c36f50da7b4"
        ],
        "accept-language": [
          "en-US"
        ],
        "User-Agent": [
          "FxVersion/4.7.2600.0",
          "OSName/Windows10Enterprise",
          "OSVersion/6.3.16299",
          "Microsoft.Azure.Management.Network.NetworkManagementClient/17.0.0.0"
        ]
      },
      "ResponseBody": "{\r\n  \"name\": \"filter\",\r\n  \"id\": \"/subscriptions/18b0dc06-a2b8-4c0f-95af-550319fa5eac/resourceGroups/filter/providers/Microsoft.Network/routeFilters/filter\",\r\n  \"etag\": \"W/\\\"c709c47f-c88c-4a87-bdac-7a6e90a6f135\\\"\",\r\n  \"type\": \"Microsoft.Network/routeFilters\",\r\n  \"location\": \"westus\",\r\n  \"properties\": {\r\n    \"provisioningState\": \"Succeeded\",\r\n    \"rules\": []\r\n  }\r\n}",
      "ResponseHeaders": {
        "Content-Length": [
          "366"
        ],
        "Content-Type": [
          "application/json; charset=utf-8"
        ],
        "Expires": [
          "-1"
        ],
        "Pragma": [
          "no-cache"
        ],
        "x-ms-request-id": [
          "39a6ed09-3af9-42c9-97e8-9b995fbf73b1"
        ],
        "Strict-Transport-Security": [
          "max-age=31536000; includeSubDomains"
        ],
        "Cache-Control": [
          "no-cache"
        ],
        "ETag": [
          "W/\"c709c47f-c88c-4a87-bdac-7a6e90a6f135\""
        ],
        "Server": [
          "Microsoft-HTTPAPI/2.0",
          "Microsoft-HTTPAPI/2.0"
        ],
        "x-ms-ratelimit-remaining-subscription-reads": [
          "14991"
        ],
        "x-ms-correlation-request-id": [
          "f1d96eca-770b-4944-a281-c9adb1e61a49"
        ],
        "x-ms-routing-request-id": [
          "WESTUS:20180123T084543Z:f1d96eca-770b-4944-a281-c9adb1e61a49"
        ],
        "Date": [
          "Tue, 23 Jan 2018 08:45:43 GMT"
        ]
      },
      "StatusCode": 200
    },
    {
      "RequestUri": "/subscriptions/18b0dc06-a2b8-4c0f-95af-550319fa5eac/resourceGroups/filter/providers/Microsoft.Network/routeFilters/filter?api-version=2017-11-01",
      "EncodedRequestUri": "L3N1YnNjcmlwdGlvbnMvMThiMGRjMDYtYTJiOC00YzBmLTk1YWYtNTUwMzE5ZmE1ZWFjL3Jlc291cmNlR3JvdXBzL2ZpbHRlci9wcm92aWRlcnMvTWljcm9zb2Z0Lk5ldHdvcmsvcm91dGVGaWx0ZXJzL2ZpbHRlcj9hcGktdmVyc2lvbj0yMDE3LTExLTAx",
      "RequestMethod": "GET",
      "RequestBody": "",
      "RequestHeaders": {
        "User-Agent": [
          "FxVersion/4.7.2600.0",
          "OSName/Windows10Enterprise",
          "OSVersion/6.3.16299",
          "Microsoft.Azure.Management.Network.NetworkManagementClient/17.0.0.0"
        ]
      },
      "ResponseBody": "{\r\n  \"name\": \"filter\",\r\n  \"id\": \"/subscriptions/18b0dc06-a2b8-4c0f-95af-550319fa5eac/resourceGroups/filter/providers/Microsoft.Network/routeFilters/filter\",\r\n  \"etag\": \"W/\\\"ffedc9a6-7088-4ae4-bf81-bf0d9108f89b\\\"\",\r\n  \"type\": \"Microsoft.Network/routeFilters\",\r\n  \"location\": \"westus\",\r\n  \"properties\": {\r\n    \"provisioningState\": \"Succeeded\",\r\n    \"rules\": [\r\n      {\r\n        \"name\": \"rule\",\r\n        \"id\": \"/subscriptions/18b0dc06-a2b8-4c0f-95af-550319fa5eac/resourceGroups/filter/providers/Microsoft.Network/routeFilters/filter/routeFilterRules/rule\",\r\n        \"etag\": \"W/\\\"ffedc9a6-7088-4ae4-bf81-bf0d9108f89b\\\"\",\r\n        \"properties\": {\r\n          \"provisioningState\": \"Succeeded\",\r\n          \"access\": \"Allow\",\r\n          \"routeFilterRuleType\": \"Community\",\r\n          \"communities\": [\r\n            \"12076:5010\"\r\n          ]\r\n        }\r\n      }\r\n    ]\r\n  }\r\n}",
      "ResponseHeaders": {
        "Content-Length": [
          "865"
        ],
        "Content-Type": [
          "application/json; charset=utf-8"
        ],
        "Expires": [
          "-1"
        ],
        "Pragma": [
          "no-cache"
        ],
        "x-ms-request-id": [
          "40ae69a3-74a1-4c43-acb9-ea7ca91fc432"
        ],
        "Strict-Transport-Security": [
          "max-age=31536000; includeSubDomains"
        ],
        "Cache-Control": [
          "no-cache"
        ],
        "ETag": [
          "W/\"ffedc9a6-7088-4ae4-bf81-bf0d9108f89b\""
        ],
        "Server": [
          "Microsoft-HTTPAPI/2.0",
          "Microsoft-HTTPAPI/2.0"
        ],
        "x-ms-ratelimit-remaining-subscription-reads": [
          "14987"
        ],
        "x-ms-correlation-request-id": [
          "c345a661-4bf6-4840-91e1-1995d084e896"
        ],
        "x-ms-routing-request-id": [
          "WESTUS:20180123T084613Z:c345a661-4bf6-4840-91e1-1995d084e896"
        ],
        "Date": [
          "Tue, 23 Jan 2018 08:46:12 GMT"
        ]
      },
      "StatusCode": 200
    },
    {
      "RequestUri": "/subscriptions/18b0dc06-a2b8-4c0f-95af-550319fa5eac/resourceGroups/filter/providers/Microsoft.Network/routeFilters/filter?api-version=2017-11-01",
      "EncodedRequestUri": "L3N1YnNjcmlwdGlvbnMvMThiMGRjMDYtYTJiOC00YzBmLTk1YWYtNTUwMzE5ZmE1ZWFjL3Jlc291cmNlR3JvdXBzL2ZpbHRlci9wcm92aWRlcnMvTWljcm9zb2Z0Lk5ldHdvcmsvcm91dGVGaWx0ZXJzL2ZpbHRlcj9hcGktdmVyc2lvbj0yMDE3LTExLTAx",
      "RequestMethod": "GET",
      "RequestBody": "",
      "RequestHeaders": {
        "x-ms-client-request-id": [
          "407f251a-459b-43dd-9c2b-f77492130298"
        ],
        "accept-language": [
          "en-US"
        ],
        "User-Agent": [
          "FxVersion/4.7.2600.0",
          "OSName/Windows10Enterprise",
          "OSVersion/6.3.16299",
          "Microsoft.Azure.Management.Network.NetworkManagementClient/17.0.0.0"
        ]
      },
      "ResponseBody": "{\r\n  \"name\": \"filter\",\r\n  \"id\": \"/subscriptions/18b0dc06-a2b8-4c0f-95af-550319fa5eac/resourceGroups/filter/providers/Microsoft.Network/routeFilters/filter\",\r\n  \"etag\": \"W/\\\"ffedc9a6-7088-4ae4-bf81-bf0d9108f89b\\\"\",\r\n  \"type\": \"Microsoft.Network/routeFilters\",\r\n  \"location\": \"westus\",\r\n  \"properties\": {\r\n    \"provisioningState\": \"Succeeded\",\r\n    \"rules\": [\r\n      {\r\n        \"name\": \"rule\",\r\n        \"id\": \"/subscriptions/18b0dc06-a2b8-4c0f-95af-550319fa5eac/resourceGroups/filter/providers/Microsoft.Network/routeFilters/filter/routeFilterRules/rule\",\r\n        \"etag\": \"W/\\\"ffedc9a6-7088-4ae4-bf81-bf0d9108f89b\\\"\",\r\n        \"properties\": {\r\n          \"provisioningState\": \"Succeeded\",\r\n          \"access\": \"Allow\",\r\n          \"routeFilterRuleType\": \"Community\",\r\n          \"communities\": [\r\n            \"12076:5010\"\r\n          ]\r\n        }\r\n      }\r\n    ]\r\n  }\r\n}",
      "ResponseHeaders": {
        "Content-Length": [
          "865"
        ],
        "Content-Type": [
          "application/json; charset=utf-8"
        ],
        "Expires": [
          "-1"
        ],
        "Pragma": [
          "no-cache"
        ],
        "x-ms-request-id": [
          "f935ca07-9dd3-4e11-81fa-01440f6a9e6b"
        ],
        "Strict-Transport-Security": [
          "max-age=31536000; includeSubDomains"
        ],
        "Cache-Control": [
          "no-cache"
        ],
        "ETag": [
          "W/\"ffedc9a6-7088-4ae4-bf81-bf0d9108f89b\""
        ],
        "Server": [
          "Microsoft-HTTPAPI/2.0",
          "Microsoft-HTTPAPI/2.0"
        ],
        "x-ms-ratelimit-remaining-subscription-reads": [
          "14986"
        ],
        "x-ms-correlation-request-id": [
          "2abde8a1-2eb9-4f95-b663-faa525b7a556"
        ],
        "x-ms-routing-request-id": [
          "WESTUS:20180123T084613Z:2abde8a1-2eb9-4f95-b663-faa525b7a556"
        ],
        "Date": [
          "Tue, 23 Jan 2018 08:46:12 GMT"
        ]
      },
      "StatusCode": 200
    },
    {
      "RequestUri": "/subscriptions/18b0dc06-a2b8-4c0f-95af-550319fa5eac/resourceGroups/filter/providers/Microsoft.Network/routeFilters/filter?api-version=2017-11-01",
      "EncodedRequestUri": "L3N1YnNjcmlwdGlvbnMvMThiMGRjMDYtYTJiOC00YzBmLTk1YWYtNTUwMzE5ZmE1ZWFjL3Jlc291cmNlR3JvdXBzL2ZpbHRlci9wcm92aWRlcnMvTWljcm9zb2Z0Lk5ldHdvcmsvcm91dGVGaWx0ZXJzL2ZpbHRlcj9hcGktdmVyc2lvbj0yMDE3LTExLTAx",
      "RequestMethod": "GET",
      "RequestBody": "",
      "RequestHeaders": {
        "x-ms-client-request-id": [
          "0b430f4d-05d7-4a82-8c43-99790cf47b0b"
        ],
        "accept-language": [
          "en-US"
        ],
        "User-Agent": [
          "FxVersion/4.7.2600.0",
          "OSName/Windows10Enterprise",
          "OSVersion/6.3.16299",
          "Microsoft.Azure.Management.Network.NetworkManagementClient/17.0.0.0"
        ]
      },
      "ResponseBody": "{\r\n  \"name\": \"filter\",\r\n  \"id\": \"/subscriptions/18b0dc06-a2b8-4c0f-95af-550319fa5eac/resourceGroups/filter/providers/Microsoft.Network/routeFilters/filter\",\r\n  \"etag\": \"W/\\\"ffedc9a6-7088-4ae4-bf81-bf0d9108f89b\\\"\",\r\n  \"type\": \"Microsoft.Network/routeFilters\",\r\n  \"location\": \"westus\",\r\n  \"properties\": {\r\n    \"provisioningState\": \"Succeeded\",\r\n    \"rules\": [\r\n      {\r\n        \"name\": \"rule\",\r\n        \"id\": \"/subscriptions/18b0dc06-a2b8-4c0f-95af-550319fa5eac/resourceGroups/filter/providers/Microsoft.Network/routeFilters/filter/routeFilterRules/rule\",\r\n        \"etag\": \"W/\\\"ffedc9a6-7088-4ae4-bf81-bf0d9108f89b\\\"\",\r\n        \"properties\": {\r\n          \"provisioningState\": \"Succeeded\",\r\n          \"access\": \"Allow\",\r\n          \"routeFilterRuleType\": \"Community\",\r\n          \"communities\": [\r\n            \"12076:5010\"\r\n          ]\r\n        }\r\n      }\r\n    ]\r\n  }\r\n}",
      "ResponseHeaders": {
        "Content-Length": [
          "865"
        ],
        "Content-Type": [
          "application/json; charset=utf-8"
        ],
        "Expires": [
          "-1"
        ],
        "Pragma": [
          "no-cache"
        ],
        "x-ms-request-id": [
          "b9a50bda-cd8c-4547-9989-517907698f20"
        ],
        "Strict-Transport-Security": [
          "max-age=31536000; includeSubDomains"
        ],
        "Cache-Control": [
          "no-cache"
        ],
        "ETag": [
          "W/\"ffedc9a6-7088-4ae4-bf81-bf0d9108f89b\""
        ],
        "Server": [
          "Microsoft-HTTPAPI/2.0",
          "Microsoft-HTTPAPI/2.0"
        ],
        "x-ms-ratelimit-remaining-subscription-reads": [
          "14985"
        ],
        "x-ms-correlation-request-id": [
          "8df9973b-efff-4ec0-b17c-a839d62b5d61"
        ],
        "x-ms-routing-request-id": [
          "WESTUS:20180123T084613Z:8df9973b-efff-4ec0-b17c-a839d62b5d61"
        ],
        "Date": [
          "Tue, 23 Jan 2018 08:46:12 GMT"
        ]
      },
      "StatusCode": 200
    },
    {
      "RequestUri": "/subscriptions/18b0dc06-a2b8-4c0f-95af-550319fa5eac/resourceGroups/filter/providers/Microsoft.Network/routeFilters/filter?api-version=2017-11-01",
      "EncodedRequestUri": "L3N1YnNjcmlwdGlvbnMvMThiMGRjMDYtYTJiOC00YzBmLTk1YWYtNTUwMzE5ZmE1ZWFjL3Jlc291cmNlR3JvdXBzL2ZpbHRlci9wcm92aWRlcnMvTWljcm9zb2Z0Lk5ldHdvcmsvcm91dGVGaWx0ZXJzL2ZpbHRlcj9hcGktdmVyc2lvbj0yMDE3LTExLTAx",
      "RequestMethod": "GET",
      "RequestBody": "",
      "RequestHeaders": {
        "User-Agent": [
          "FxVersion/4.7.2600.0",
          "OSName/Windows10Enterprise",
          "OSVersion/6.3.16299",
          "Microsoft.Azure.Management.Network.NetworkManagementClient/17.0.0.0"
        ]
      },
      "ResponseBody": "{\r\n  \"name\": \"filter\",\r\n  \"id\": \"/subscriptions/18b0dc06-a2b8-4c0f-95af-550319fa5eac/resourceGroups/filter/providers/Microsoft.Network/routeFilters/filter\",\r\n  \"etag\": \"W/\\\"38cf864d-ead7-4265-8a1b-1706daf93034\\\"\",\r\n  \"type\": \"Microsoft.Network/routeFilters\",\r\n  \"location\": \"westus\",\r\n  \"properties\": {\r\n    \"provisioningState\": \"Succeeded\",\r\n    \"rules\": []\r\n  }\r\n}",
      "ResponseHeaders": {
        "Content-Length": [
          "366"
        ],
        "Content-Type": [
          "application/json; charset=utf-8"
        ],
        "Expires": [
          "-1"
        ],
        "Pragma": [
          "no-cache"
        ],
        "x-ms-request-id": [
          "3541e6e2-9921-416c-8d6e-6dc0d55ec417"
        ],
        "Strict-Transport-Security": [
          "max-age=31536000; includeSubDomains"
        ],
        "Cache-Control": [
          "no-cache"
        ],
        "ETag": [
          "W/\"38cf864d-ead7-4265-8a1b-1706daf93034\""
        ],
        "Server": [
          "Microsoft-HTTPAPI/2.0",
          "Microsoft-HTTPAPI/2.0"
        ],
        "x-ms-ratelimit-remaining-subscription-reads": [
          "14981"
        ],
        "x-ms-correlation-request-id": [
          "3718b2c8-2ea5-4a34-ad07-9a69f416e69c"
        ],
        "x-ms-routing-request-id": [
          "WESTUS:20180123T084644Z:3718b2c8-2ea5-4a34-ad07-9a69f416e69c"
        ],
        "Date": [
          "Tue, 23 Jan 2018 08:46:43 GMT"
        ]
      },
      "StatusCode": 200
    },
    {
      "RequestUri": "/subscriptions/18b0dc06-a2b8-4c0f-95af-550319fa5eac/resourceGroups/filter/providers/Microsoft.Network/routeFilters/filter?api-version=2017-11-01",
      "EncodedRequestUri": "L3N1YnNjcmlwdGlvbnMvMThiMGRjMDYtYTJiOC00YzBmLTk1YWYtNTUwMzE5ZmE1ZWFjL3Jlc291cmNlR3JvdXBzL2ZpbHRlci9wcm92aWRlcnMvTWljcm9zb2Z0Lk5ldHdvcmsvcm91dGVGaWx0ZXJzL2ZpbHRlcj9hcGktdmVyc2lvbj0yMDE3LTExLTAx",
      "RequestMethod": "GET",
      "RequestBody": "",
      "RequestHeaders": {
        "x-ms-client-request-id": [
          "735fcc37-523c-4574-88af-c6873fa10ad5"
        ],
        "accept-language": [
          "en-US"
        ],
        "User-Agent": [
          "FxVersion/4.7.2600.0",
          "OSName/Windows10Enterprise",
          "OSVersion/6.3.16299",
          "Microsoft.Azure.Management.Network.NetworkManagementClient/17.0.0.0"
        ]
      },
      "ResponseBody": "{\r\n  \"name\": \"filter\",\r\n  \"id\": \"/subscriptions/18b0dc06-a2b8-4c0f-95af-550319fa5eac/resourceGroups/filter/providers/Microsoft.Network/routeFilters/filter\",\r\n  \"etag\": \"W/\\\"38cf864d-ead7-4265-8a1b-1706daf93034\\\"\",\r\n  \"type\": \"Microsoft.Network/routeFilters\",\r\n  \"location\": \"westus\",\r\n  \"properties\": {\r\n    \"provisioningState\": \"Succeeded\",\r\n    \"rules\": []\r\n  }\r\n}",
      "ResponseHeaders": {
        "Content-Length": [
          "366"
        ],
        "Content-Type": [
          "application/json; charset=utf-8"
        ],
        "Expires": [
          "-1"
        ],
        "Pragma": [
          "no-cache"
        ],
        "x-ms-request-id": [
          "8f1dce00-88b0-4432-b834-7803a664418d"
        ],
        "Strict-Transport-Security": [
          "max-age=31536000; includeSubDomains"
        ],
        "Cache-Control": [
          "no-cache"
        ],
        "ETag": [
          "W/\"38cf864d-ead7-4265-8a1b-1706daf93034\""
        ],
        "Server": [
          "Microsoft-HTTPAPI/2.0",
          "Microsoft-HTTPAPI/2.0"
        ],
        "x-ms-ratelimit-remaining-subscription-reads": [
          "14980"
        ],
        "x-ms-correlation-request-id": [
          "c7b0bc67-bbb0-4fd3-a734-14b47c6586e0"
        ],
        "x-ms-routing-request-id": [
          "WESTUS:20180123T084644Z:c7b0bc67-bbb0-4fd3-a734-14b47c6586e0"
        ],
        "Date": [
          "Tue, 23 Jan 2018 08:46:43 GMT"
        ]
      },
      "StatusCode": 200
    },
    {
      "RequestUri": "/subscriptions/18b0dc06-a2b8-4c0f-95af-550319fa5eac/resourceGroups/filter/providers/Microsoft.Network/routeFilters/filter?api-version=2017-11-01",
      "EncodedRequestUri": "L3N1YnNjcmlwdGlvbnMvMThiMGRjMDYtYTJiOC00YzBmLTk1YWYtNTUwMzE5ZmE1ZWFjL3Jlc291cmNlR3JvdXBzL2ZpbHRlci9wcm92aWRlcnMvTWljcm9zb2Z0Lk5ldHdvcmsvcm91dGVGaWx0ZXJzL2ZpbHRlcj9hcGktdmVyc2lvbj0yMDE3LTExLTAx",
      "RequestMethod": "PUT",
      "RequestBody": "{\r\n  \"properties\": {\r\n    \"rules\": [],\r\n    \"peerings\": []\r\n  },\r\n  \"location\": \"westus\"\r\n}",
      "RequestHeaders": {
        "Content-Type": [
          "application/json; charset=utf-8"
        ],
        "Content-Length": [
          "91"
        ],
        "x-ms-client-request-id": [
          "5c06f4d6-d696-40af-9579-4dfcdd414013"
        ],
        "accept-language": [
          "en-US"
        ],
        "User-Agent": [
          "FxVersion/4.7.2600.0",
          "OSName/Windows10Enterprise",
          "OSVersion/6.3.16299",
          "Microsoft.Azure.Management.Network.NetworkManagementClient/17.0.0.0"
        ]
      },
      "ResponseBody": "{\r\n  \"name\": \"filter\",\r\n  \"id\": \"/subscriptions/18b0dc06-a2b8-4c0f-95af-550319fa5eac/resourceGroups/filter/providers/Microsoft.Network/routeFilters/filter\",\r\n  \"etag\": \"W/\\\"da7c7d8e-7721-4703-ba8f-1236f0051628\\\"\",\r\n  \"type\": \"Microsoft.Network/routeFilters\",\r\n  \"location\": \"westus\",\r\n  \"properties\": {\r\n    \"provisioningState\": \"Updating\",\r\n    \"rules\": []\r\n  }\r\n}",
      "ResponseHeaders": {
        "Content-Length": [
          "365"
        ],
        "Content-Type": [
          "application/json; charset=utf-8"
        ],
        "Expires": [
          "-1"
        ],
        "Pragma": [
          "no-cache"
        ],
        "Retry-After": [
          "10"
        ],
        "x-ms-request-id": [
          "3d4da826-4f87-4457-aca0-86510429bc39"
        ],
        "Azure-AsyncOperation": [
          "https://management.azure.com/subscriptions/18b0dc06-a2b8-4c0f-95af-550319fa5eac/providers/Microsoft.Network/locations/westus.validation/operations/3d4da826-4f87-4457-aca0-86510429bc39?api-version=2017-11-01"
        ],
        "Strict-Transport-Security": [
          "max-age=31536000; includeSubDomains"
        ],
        "Cache-Control": [
          "no-cache"
        ],
        "Server": [
          "Microsoft-HTTPAPI/2.0",
          "Microsoft-HTTPAPI/2.0"
        ],
        "x-ms-ratelimit-remaining-subscription-writes": [
          "1199"
        ],
        "x-ms-correlation-request-id": [
          "cf63ebd4-725e-448e-944b-fd8cc7936e63"
        ],
        "x-ms-routing-request-id": [
          "WESTUS:20180123T084513Z:cf63ebd4-725e-448e-944b-fd8cc7936e63"
        ],
        "Date": [
          "Tue, 23 Jan 2018 08:45:12 GMT"
        ]
      },
      "StatusCode": 201
    },
    {
      "RequestUri": "/subscriptions/18b0dc06-a2b8-4c0f-95af-550319fa5eac/resourceGroups/filter/providers/Microsoft.Network/routeFilters/filter?api-version=2017-11-01",
      "EncodedRequestUri": "L3N1YnNjcmlwdGlvbnMvMThiMGRjMDYtYTJiOC00YzBmLTk1YWYtNTUwMzE5ZmE1ZWFjL3Jlc291cmNlR3JvdXBzL2ZpbHRlci9wcm92aWRlcnMvTWljcm9zb2Z0Lk5ldHdvcmsvcm91dGVGaWx0ZXJzL2ZpbHRlcj9hcGktdmVyc2lvbj0yMDE3LTExLTAx",
      "RequestMethod": "PUT",
      "RequestBody": "{\r\n  \"properties\": {\r\n    \"rules\": [\r\n      {\r\n        \"properties\": {\r\n          \"access\": \"Allow\",\r\n          \"communities\": [\r\n            \"12076:5010\"\r\n          ],\r\n          \"routeFilterRuleType\": \"Community\"\r\n        },\r\n        \"name\": \"rule\"\r\n      }\r\n    ],\r\n    \"peerings\": []\r\n  },\r\n  \"id\": \"/subscriptions/18b0dc06-a2b8-4c0f-95af-550319fa5eac/resourceGroups/filter/providers/Microsoft.Network/routeFilters/filter\",\r\n  \"location\": \"westus\"\r\n}",
      "RequestHeaders": {
        "Content-Type": [
          "application/json; charset=utf-8"
        ],
        "Content-Length": [
          "454"
        ],
        "x-ms-client-request-id": [
          "3e4acfe8-b138-4746-a60d-de369994b536"
        ],
        "accept-language": [
          "en-US"
        ],
        "User-Agent": [
          "FxVersion/4.7.2600.0",
          "OSName/Windows10Enterprise",
          "OSVersion/6.3.16299",
          "Microsoft.Azure.Management.Network.NetworkManagementClient/17.0.0.0"
        ]
      },
      "ResponseBody": "{\r\n  \"name\": \"filter\",\r\n  \"id\": \"/subscriptions/18b0dc06-a2b8-4c0f-95af-550319fa5eac/resourceGroups/filter/providers/Microsoft.Network/routeFilters/filter\",\r\n  \"etag\": \"W/\\\"b7afa703-66bd-45ef-914e-9d43ada5e6a5\\\"\",\r\n  \"type\": \"Microsoft.Network/routeFilters\",\r\n  \"location\": \"westus\",\r\n  \"properties\": {\r\n    \"provisioningState\": \"Updating\",\r\n    \"rules\": [\r\n      {\r\n        \"name\": \"rule\",\r\n        \"id\": \"/subscriptions/18b0dc06-a2b8-4c0f-95af-550319fa5eac/resourceGroups/filter/providers/Microsoft.Network/routeFilters/filter/routeFilterRules/rule\",\r\n        \"etag\": \"W/\\\"b7afa703-66bd-45ef-914e-9d43ada5e6a5\\\"\",\r\n        \"properties\": {\r\n          \"provisioningState\": \"Updating\",\r\n          \"access\": \"Allow\",\r\n          \"routeFilterRuleType\": \"Community\",\r\n          \"communities\": [\r\n            \"12076:5010\"\r\n          ]\r\n        }\r\n      }\r\n    ]\r\n  }\r\n}",
      "ResponseHeaders": {
        "Content-Length": [
          "863"
        ],
        "Content-Type": [
          "application/json; charset=utf-8"
        ],
        "Expires": [
          "-1"
        ],
        "Pragma": [
          "no-cache"
        ],
        "Retry-After": [
          "10"
        ],
        "x-ms-request-id": [
          "4a001e06-4d1e-40c1-bcb8-ec3e94f1398a"
        ],
        "Azure-AsyncOperation": [
          "https://management.azure.com/subscriptions/18b0dc06-a2b8-4c0f-95af-550319fa5eac/providers/Microsoft.Network/locations/westus.validation/operations/4a001e06-4d1e-40c1-bcb8-ec3e94f1398a?api-version=2017-11-01"
        ],
        "Strict-Transport-Security": [
          "max-age=31536000; includeSubDomains"
        ],
        "Cache-Control": [
          "no-cache"
        ],
        "Server": [
          "Microsoft-HTTPAPI/2.0",
          "Microsoft-HTTPAPI/2.0"
        ],
        "x-ms-ratelimit-remaining-subscription-writes": [
          "1198"
        ],
        "x-ms-correlation-request-id": [
          "b7512724-3e87-4067-8c77-15bf08b3a935"
        ],
        "x-ms-routing-request-id": [
          "WESTUS:20180123T084543Z:b7512724-3e87-4067-8c77-15bf08b3a935"
        ],
        "Date": [
          "Tue, 23 Jan 2018 08:45:43 GMT"
        ]
      },
      "StatusCode": 200
    },
    {
      "RequestUri": "/subscriptions/18b0dc06-a2b8-4c0f-95af-550319fa5eac/resourceGroups/filter/providers/Microsoft.Network/routeFilters/filter?api-version=2017-11-01",
      "EncodedRequestUri": "L3N1YnNjcmlwdGlvbnMvMThiMGRjMDYtYTJiOC00YzBmLTk1YWYtNTUwMzE5ZmE1ZWFjL3Jlc291cmNlR3JvdXBzL2ZpbHRlci9wcm92aWRlcnMvTWljcm9zb2Z0Lk5ldHdvcmsvcm91dGVGaWx0ZXJzL2ZpbHRlcj9hcGktdmVyc2lvbj0yMDE3LTExLTAx",
      "RequestMethod": "PUT",
      "RequestBody": "{\r\n  \"properties\": {\r\n    \"rules\": [],\r\n    \"peerings\": []\r\n  },\r\n  \"id\": \"/subscriptions/18b0dc06-a2b8-4c0f-95af-550319fa5eac/resourceGroups/filter/providers/Microsoft.Network/routeFilters/filter\",\r\n  \"location\": \"westus\"\r\n}",
      "RequestHeaders": {
        "Content-Type": [
          "application/json; charset=utf-8"
        ],
        "Content-Length": [
          "225"
        ],
        "x-ms-client-request-id": [
          "f7b402c3-f1c7-4b10-9f05-ef2c21679f5d"
        ],
        "accept-language": [
          "en-US"
        ],
        "User-Agent": [
          "FxVersion/4.7.2600.0",
          "OSName/Windows10Enterprise",
          "OSVersion/6.3.16299",
          "Microsoft.Azure.Management.Network.NetworkManagementClient/17.0.0.0"
        ]
      },
      "ResponseBody": "{\r\n  \"name\": \"filter\",\r\n  \"id\": \"/subscriptions/18b0dc06-a2b8-4c0f-95af-550319fa5eac/resourceGroups/filter/providers/Microsoft.Network/routeFilters/filter\",\r\n  \"etag\": \"W/\\\"53b4bd91-9d0a-478a-8ab0-82bd8c140f95\\\"\",\r\n  \"type\": \"Microsoft.Network/routeFilters\",\r\n  \"location\": \"westus\",\r\n  \"properties\": {\r\n    \"provisioningState\": \"Updating\",\r\n    \"rules\": []\r\n  }\r\n}",
      "ResponseHeaders": {
        "Content-Length": [
          "365"
        ],
        "Content-Type": [
          "application/json; charset=utf-8"
        ],
        "Expires": [
          "-1"
        ],
        "Pragma": [
          "no-cache"
        ],
        "Retry-After": [
          "10"
        ],
        "x-ms-request-id": [
          "8365c6b4-ae99-4ccf-b272-2b8a0f613313"
        ],
        "Azure-AsyncOperation": [
          "https://management.azure.com/subscriptions/18b0dc06-a2b8-4c0f-95af-550319fa5eac/providers/Microsoft.Network/locations/westus.validation/operations/8365c6b4-ae99-4ccf-b272-2b8a0f613313?api-version=2017-11-01"
        ],
        "Strict-Transport-Security": [
          "max-age=31536000; includeSubDomains"
        ],
        "Cache-Control": [
          "no-cache"
        ],
        "Server": [
          "Microsoft-HTTPAPI/2.0",
          "Microsoft-HTTPAPI/2.0"
        ],
        "x-ms-ratelimit-remaining-subscription-writes": [
          "1197"
        ],
        "x-ms-correlation-request-id": [
          "a4771ff7-a036-4fec-b3d2-f923c1464996"
        ],
        "x-ms-routing-request-id": [
          "WESTUS:20180123T084613Z:a4771ff7-a036-4fec-b3d2-f923c1464996"
        ],
        "Date": [
          "Tue, 23 Jan 2018 08:46:13 GMT"
        ]
      },
      "StatusCode": 200
    },
    {
      "RequestUri": "/subscriptions/18b0dc06-a2b8-4c0f-95af-550319fa5eac/providers/Microsoft.Network/locations/westus.validation/operations/3d4da826-4f87-4457-aca0-86510429bc39?api-version=2017-11-01",
      "EncodedRequestUri": "L3N1YnNjcmlwdGlvbnMvMThiMGRjMDYtYTJiOC00YzBmLTk1YWYtNTUwMzE5ZmE1ZWFjL3Byb3ZpZGVycy9NaWNyb3NvZnQuTmV0d29yay9sb2NhdGlvbnMvd2VzdHVzLnZhbGlkYXRpb24vb3BlcmF0aW9ucy8zZDRkYTgyNi00Zjg3LTQ0NTctYWNhMC04NjUxMDQyOWJjMzk/YXBpLXZlcnNpb249MjAxNy0xMS0wMQ==",
      "RequestMethod": "GET",
      "RequestBody": "",
      "RequestHeaders": {
        "User-Agent": [
          "FxVersion/4.7.2600.0",
          "OSName/Windows10Enterprise",
          "OSVersion/6.3.16299",
          "Microsoft.Azure.Management.Network.NetworkManagementClient/17.0.0.0"
        ]
      },
      "ResponseBody": "{\r\n  \"status\": \"InProgress\"\r\n}",
      "ResponseHeaders": {
        "Content-Length": [
          "30"
        ],
        "Content-Type": [
          "application/json; charset=utf-8"
        ],
        "Expires": [
          "-1"
        ],
        "Pragma": [
          "no-cache"
        ],
        "Retry-After": [
          "10"
        ],
        "x-ms-request-id": [
          "c5cd594e-a25b-48e3-a08d-c7611abde833"
        ],
        "Strict-Transport-Security": [
          "max-age=31536000; includeSubDomains"
        ],
        "Cache-Control": [
          "no-cache"
        ],
        "Server": [
          "Microsoft-HTTPAPI/2.0",
          "Microsoft-HTTPAPI/2.0"
        ],
        "x-ms-ratelimit-remaining-subscription-reads": [
          "14996"
        ],
        "x-ms-correlation-request-id": [
          "2920eef3-a9e1-4680-8652-b23fc2b6a1dd"
        ],
        "x-ms-routing-request-id": [
          "WESTUS:20180123T084523Z:2920eef3-a9e1-4680-8652-b23fc2b6a1dd"
        ],
        "Date": [
          "Tue, 23 Jan 2018 08:45:22 GMT"
        ]
      },
      "StatusCode": 200
    },
    {
      "RequestUri": "/subscriptions/18b0dc06-a2b8-4c0f-95af-550319fa5eac/providers/Microsoft.Network/locations/westus.validation/operations/3d4da826-4f87-4457-aca0-86510429bc39?api-version=2017-11-01",
      "EncodedRequestUri": "L3N1YnNjcmlwdGlvbnMvMThiMGRjMDYtYTJiOC00YzBmLTk1YWYtNTUwMzE5ZmE1ZWFjL3Byb3ZpZGVycy9NaWNyb3NvZnQuTmV0d29yay9sb2NhdGlvbnMvd2VzdHVzLnZhbGlkYXRpb24vb3BlcmF0aW9ucy8zZDRkYTgyNi00Zjg3LTQ0NTctYWNhMC04NjUxMDQyOWJjMzk/YXBpLXZlcnNpb249MjAxNy0xMS0wMQ==",
      "RequestMethod": "GET",
      "RequestBody": "",
      "RequestHeaders": {
        "User-Agent": [
          "FxVersion/4.7.2600.0",
          "OSName/Windows10Enterprise",
          "OSVersion/6.3.16299",
          "Microsoft.Azure.Management.Network.NetworkManagementClient/17.0.0.0"
        ]
      },
      "ResponseBody": "{\r\n  \"status\": \"InProgress\"\r\n}",
      "ResponseHeaders": {
        "Content-Length": [
          "30"
        ],
        "Content-Type": [
          "application/json; charset=utf-8"
        ],
        "Expires": [
          "-1"
        ],
        "Pragma": [
          "no-cache"
        ],
        "Retry-After": [
          "10"
        ],
        "x-ms-request-id": [
          "c8aa9cdc-1907-4b55-8dcb-cb9dd5f20d4e"
        ],
        "Strict-Transport-Security": [
          "max-age=31536000; includeSubDomains"
        ],
        "Cache-Control": [
          "no-cache"
        ],
        "Server": [
          "Microsoft-HTTPAPI/2.0",
          "Microsoft-HTTPAPI/2.0"
        ],
        "x-ms-ratelimit-remaining-subscription-reads": [
          "14995"
        ],
        "x-ms-correlation-request-id": [
          "9ef9d59c-22e6-4a52-9084-43eb48301594"
        ],
        "x-ms-routing-request-id": [
          "WESTUS:20180123T084533Z:9ef9d59c-22e6-4a52-9084-43eb48301594"
        ],
        "Date": [
          "Tue, 23 Jan 2018 08:45:33 GMT"
        ]
      },
      "StatusCode": 200
    },
    {
      "RequestUri": "/subscriptions/18b0dc06-a2b8-4c0f-95af-550319fa5eac/providers/Microsoft.Network/locations/westus.validation/operations/3d4da826-4f87-4457-aca0-86510429bc39?api-version=2017-11-01",
      "EncodedRequestUri": "L3N1YnNjcmlwdGlvbnMvMThiMGRjMDYtYTJiOC00YzBmLTk1YWYtNTUwMzE5ZmE1ZWFjL3Byb3ZpZGVycy9NaWNyb3NvZnQuTmV0d29yay9sb2NhdGlvbnMvd2VzdHVzLnZhbGlkYXRpb24vb3BlcmF0aW9ucy8zZDRkYTgyNi00Zjg3LTQ0NTctYWNhMC04NjUxMDQyOWJjMzk/YXBpLXZlcnNpb249MjAxNy0xMS0wMQ==",
      "RequestMethod": "GET",
      "RequestBody": "",
      "RequestHeaders": {
        "User-Agent": [
          "FxVersion/4.7.2600.0",
          "OSName/Windows10Enterprise",
          "OSVersion/6.3.16299",
          "Microsoft.Azure.Management.Network.NetworkManagementClient/17.0.0.0"
        ]
      },
      "ResponseBody": "{\r\n  \"status\": \"Succeeded\"\r\n}",
      "ResponseHeaders": {
        "Content-Length": [
          "29"
        ],
        "Content-Type": [
          "application/json; charset=utf-8"
        ],
        "Expires": [
          "-1"
        ],
        "Pragma": [
          "no-cache"
        ],
        "x-ms-request-id": [
          "77ba41e4-6c19-4e66-b1cd-0aea1389b40b"
        ],
        "Strict-Transport-Security": [
          "max-age=31536000; includeSubDomains"
        ],
        "Cache-Control": [
          "no-cache"
        ],
        "Server": [
          "Microsoft-HTTPAPI/2.0",
          "Microsoft-HTTPAPI/2.0"
        ],
        "x-ms-ratelimit-remaining-subscription-reads": [
          "14994"
        ],
        "x-ms-correlation-request-id": [
          "cdfa5554-e0bf-4183-95f0-8d613c82f3cc"
        ],
        "x-ms-routing-request-id": [
          "WESTUS:20180123T084543Z:cdfa5554-e0bf-4183-95f0-8d613c82f3cc"
        ],
        "Date": [
          "Tue, 23 Jan 2018 08:45:42 GMT"
        ]
      },
      "StatusCode": 200
    },
    {
      "RequestUri": "/subscriptions/18b0dc06-a2b8-4c0f-95af-550319fa5eac/providers/Microsoft.Network/locations/westus.validation/operations/4a001e06-4d1e-40c1-bcb8-ec3e94f1398a?api-version=2017-11-01",
      "EncodedRequestUri": "L3N1YnNjcmlwdGlvbnMvMThiMGRjMDYtYTJiOC00YzBmLTk1YWYtNTUwMzE5ZmE1ZWFjL3Byb3ZpZGVycy9NaWNyb3NvZnQuTmV0d29yay9sb2NhdGlvbnMvd2VzdHVzLnZhbGlkYXRpb24vb3BlcmF0aW9ucy80YTAwMWUwNi00ZDFlLTQwYzEtYmNiOC1lYzNlOTRmMTM5OGE/YXBpLXZlcnNpb249MjAxNy0xMS0wMQ==",
      "RequestMethod": "GET",
      "RequestBody": "",
      "RequestHeaders": {
        "User-Agent": [
          "FxVersion/4.7.2600.0",
          "OSName/Windows10Enterprise",
          "OSVersion/6.3.16299",
          "Microsoft.Azure.Management.Network.NetworkManagementClient/17.0.0.0"
        ]
      },
      "ResponseBody": "{\r\n  \"status\": \"InProgress\"\r\n}",
      "ResponseHeaders": {
        "Content-Length": [
          "30"
        ],
        "Content-Type": [
          "application/json; charset=utf-8"
        ],
        "Expires": [
          "-1"
        ],
        "Pragma": [
          "no-cache"
        ],
        "Retry-After": [
          "10"
        ],
        "x-ms-request-id": [
          "5aff9608-31e3-49de-9623-15b535daf65d"
        ],
        "Strict-Transport-Security": [
          "max-age=31536000; includeSubDomains"
        ],
        "Cache-Control": [
          "no-cache"
        ],
        "Server": [
          "Microsoft-HTTPAPI/2.0",
          "Microsoft-HTTPAPI/2.0"
        ],
        "x-ms-ratelimit-remaining-subscription-reads": [
          "14990"
        ],
        "x-ms-correlation-request-id": [
          "03ff1b42-796b-450c-a192-de3de7636c6f"
        ],
        "x-ms-routing-request-id": [
          "WESTUS:20180123T084553Z:03ff1b42-796b-450c-a192-de3de7636c6f"
        ],
        "Date": [
          "Tue, 23 Jan 2018 08:45:53 GMT"
        ]
      },
      "StatusCode": 200
    },
    {
      "RequestUri": "/subscriptions/18b0dc06-a2b8-4c0f-95af-550319fa5eac/providers/Microsoft.Network/locations/westus.validation/operations/4a001e06-4d1e-40c1-bcb8-ec3e94f1398a?api-version=2017-11-01",
      "EncodedRequestUri": "L3N1YnNjcmlwdGlvbnMvMThiMGRjMDYtYTJiOC00YzBmLTk1YWYtNTUwMzE5ZmE1ZWFjL3Byb3ZpZGVycy9NaWNyb3NvZnQuTmV0d29yay9sb2NhdGlvbnMvd2VzdHVzLnZhbGlkYXRpb24vb3BlcmF0aW9ucy80YTAwMWUwNi00ZDFlLTQwYzEtYmNiOC1lYzNlOTRmMTM5OGE/YXBpLXZlcnNpb249MjAxNy0xMS0wMQ==",
      "RequestMethod": "GET",
      "RequestBody": "",
      "RequestHeaders": {
        "User-Agent": [
          "FxVersion/4.7.2600.0",
          "OSName/Windows10Enterprise",
          "OSVersion/6.3.16299",
          "Microsoft.Azure.Management.Network.NetworkManagementClient/17.0.0.0"
        ]
      },
      "ResponseBody": "{\r\n  \"status\": \"InProgress\"\r\n}",
      "ResponseHeaders": {
        "Content-Length": [
          "30"
        ],
        "Content-Type": [
          "application/json; charset=utf-8"
        ],
        "Expires": [
          "-1"
        ],
        "Pragma": [
          "no-cache"
        ],
        "Retry-After": [
          "10"
        ],
        "x-ms-request-id": [
          "1d704e6a-1409-45a9-8785-7d32218b3011"
        ],
        "Strict-Transport-Security": [
          "max-age=31536000; includeSubDomains"
        ],
        "Cache-Control": [
          "no-cache"
        ],
        "Server": [
          "Microsoft-HTTPAPI/2.0",
          "Microsoft-HTTPAPI/2.0"
        ],
        "x-ms-ratelimit-remaining-subscription-reads": [
          "14989"
        ],
        "x-ms-correlation-request-id": [
          "05d0bc10-5f43-4429-abd1-c3d9e1cc7792"
        ],
        "x-ms-routing-request-id": [
          "WESTUS:20180123T084603Z:05d0bc10-5f43-4429-abd1-c3d9e1cc7792"
        ],
        "Date": [
          "Tue, 23 Jan 2018 08:46:02 GMT"
        ]
      },
      "StatusCode": 200
    },
    {
      "RequestUri": "/subscriptions/18b0dc06-a2b8-4c0f-95af-550319fa5eac/providers/Microsoft.Network/locations/westus.validation/operations/4a001e06-4d1e-40c1-bcb8-ec3e94f1398a?api-version=2017-11-01",
      "EncodedRequestUri": "L3N1YnNjcmlwdGlvbnMvMThiMGRjMDYtYTJiOC00YzBmLTk1YWYtNTUwMzE5ZmE1ZWFjL3Byb3ZpZGVycy9NaWNyb3NvZnQuTmV0d29yay9sb2NhdGlvbnMvd2VzdHVzLnZhbGlkYXRpb24vb3BlcmF0aW9ucy80YTAwMWUwNi00ZDFlLTQwYzEtYmNiOC1lYzNlOTRmMTM5OGE/YXBpLXZlcnNpb249MjAxNy0xMS0wMQ==",
      "RequestMethod": "GET",
      "RequestBody": "",
      "RequestHeaders": {
        "User-Agent": [
          "FxVersion/4.7.2600.0",
          "OSName/Windows10Enterprise",
          "OSVersion/6.3.16299",
          "Microsoft.Azure.Management.Network.NetworkManagementClient/17.0.0.0"
        ]
      },
      "ResponseBody": "{\r\n  \"status\": \"Succeeded\"\r\n}",
      "ResponseHeaders": {
        "Content-Length": [
          "29"
        ],
        "Content-Type": [
          "application/json; charset=utf-8"
        ],
        "Expires": [
          "-1"
        ],
        "Pragma": [
          "no-cache"
        ],
        "x-ms-request-id": [
          "c508c62c-521c-47a5-85b9-e959944eb55b"
        ],
        "Strict-Transport-Security": [
          "max-age=31536000; includeSubDomains"
        ],
        "Cache-Control": [
          "no-cache"
        ],
        "Server": [
          "Microsoft-HTTPAPI/2.0",
          "Microsoft-HTTPAPI/2.0"
        ],
        "x-ms-ratelimit-remaining-subscription-reads": [
          "14988"
        ],
        "x-ms-correlation-request-id": [
          "39e26345-02d8-46af-9b42-ee42540798bb"
        ],
        "x-ms-routing-request-id": [
          "WESTUS:20180123T084613Z:39e26345-02d8-46af-9b42-ee42540798bb"
        ],
        "Date": [
          "Tue, 23 Jan 2018 08:46:12 GMT"
        ]
      },
      "StatusCode": 200
    },
    {
      "RequestUri": "/subscriptions/18b0dc06-a2b8-4c0f-95af-550319fa5eac/providers/Microsoft.Network/locations/westus.validation/operations/8365c6b4-ae99-4ccf-b272-2b8a0f613313?api-version=2017-11-01",
      "EncodedRequestUri": "L3N1YnNjcmlwdGlvbnMvMThiMGRjMDYtYTJiOC00YzBmLTk1YWYtNTUwMzE5ZmE1ZWFjL3Byb3ZpZGVycy9NaWNyb3NvZnQuTmV0d29yay9sb2NhdGlvbnMvd2VzdHVzLnZhbGlkYXRpb24vb3BlcmF0aW9ucy84MzY1YzZiNC1hZTk5LTRjY2YtYjI3Mi0yYjhhMGY2MTMzMTM/YXBpLXZlcnNpb249MjAxNy0xMS0wMQ==",
      "RequestMethod": "GET",
      "RequestBody": "",
      "RequestHeaders": {
        "User-Agent": [
          "FxVersion/4.7.2600.0",
          "OSName/Windows10Enterprise",
          "OSVersion/6.3.16299",
          "Microsoft.Azure.Management.Network.NetworkManagementClient/17.0.0.0"
        ]
      },
      "ResponseBody": "{\r\n  \"status\": \"InProgress\"\r\n}",
      "ResponseHeaders": {
        "Content-Length": [
          "30"
        ],
        "Content-Type": [
          "application/json; charset=utf-8"
        ],
        "Expires": [
          "-1"
        ],
        "Pragma": [
          "no-cache"
        ],
        "Retry-After": [
          "10"
        ],
        "x-ms-request-id": [
          "9d1ad9cc-a6de-4e99-9492-ed76c3901f12"
        ],
        "Strict-Transport-Security": [
          "max-age=31536000; includeSubDomains"
        ],
        "Cache-Control": [
          "no-cache"
        ],
        "Server": [
          "Microsoft-HTTPAPI/2.0",
          "Microsoft-HTTPAPI/2.0"
        ],
        "x-ms-ratelimit-remaining-subscription-reads": [
          "14984"
        ],
        "x-ms-correlation-request-id": [
          "a5f889d8-4ea6-4647-84c5-81ea835127e8"
        ],
        "x-ms-routing-request-id": [
          "WESTUS:20180123T084624Z:a5f889d8-4ea6-4647-84c5-81ea835127e8"
        ],
        "Date": [
          "Tue, 23 Jan 2018 08:46:23 GMT"
        ]
      },
      "StatusCode": 200
    },
    {
      "RequestUri": "/subscriptions/18b0dc06-a2b8-4c0f-95af-550319fa5eac/providers/Microsoft.Network/locations/westus.validation/operations/8365c6b4-ae99-4ccf-b272-2b8a0f613313?api-version=2017-11-01",
      "EncodedRequestUri": "L3N1YnNjcmlwdGlvbnMvMThiMGRjMDYtYTJiOC00YzBmLTk1YWYtNTUwMzE5ZmE1ZWFjL3Byb3ZpZGVycy9NaWNyb3NvZnQuTmV0d29yay9sb2NhdGlvbnMvd2VzdHVzLnZhbGlkYXRpb24vb3BlcmF0aW9ucy84MzY1YzZiNC1hZTk5LTRjY2YtYjI3Mi0yYjhhMGY2MTMzMTM/YXBpLXZlcnNpb249MjAxNy0xMS0wMQ==",
      "RequestMethod": "GET",
      "RequestBody": "",
      "RequestHeaders": {
        "User-Agent": [
          "FxVersion/4.7.2600.0",
          "OSName/Windows10Enterprise",
          "OSVersion/6.3.16299",
          "Microsoft.Azure.Management.Network.NetworkManagementClient/17.0.0.0"
        ]
      },
      "ResponseBody": "{\r\n  \"status\": \"InProgress\"\r\n}",
      "ResponseHeaders": {
        "Content-Length": [
          "30"
        ],
        "Content-Type": [
          "application/json; charset=utf-8"
        ],
        "Expires": [
          "-1"
        ],
        "Pragma": [
          "no-cache"
        ],
        "Retry-After": [
          "10"
        ],
        "x-ms-request-id": [
          "5ae8acb4-bd35-40ba-a463-bfde003fbfe1"
        ],
        "Strict-Transport-Security": [
          "max-age=31536000; includeSubDomains"
        ],
        "Cache-Control": [
          "no-cache"
        ],
        "Server": [
          "Microsoft-HTTPAPI/2.0",
          "Microsoft-HTTPAPI/2.0"
        ],
        "x-ms-ratelimit-remaining-subscription-reads": [
          "14983"
        ],
        "x-ms-correlation-request-id": [
          "a6020130-1774-4ca1-bc3c-e3c893c4ee06"
        ],
        "x-ms-routing-request-id": [
          "WESTUS:20180123T084634Z:a6020130-1774-4ca1-bc3c-e3c893c4ee06"
        ],
        "Date": [
          "Tue, 23 Jan 2018 08:46:33 GMT"
        ]
      },
      "StatusCode": 200
    },
    {
      "RequestUri": "/subscriptions/18b0dc06-a2b8-4c0f-95af-550319fa5eac/providers/Microsoft.Network/locations/westus.validation/operations/8365c6b4-ae99-4ccf-b272-2b8a0f613313?api-version=2017-11-01",
      "EncodedRequestUri": "L3N1YnNjcmlwdGlvbnMvMThiMGRjMDYtYTJiOC00YzBmLTk1YWYtNTUwMzE5ZmE1ZWFjL3Byb3ZpZGVycy9NaWNyb3NvZnQuTmV0d29yay9sb2NhdGlvbnMvd2VzdHVzLnZhbGlkYXRpb24vb3BlcmF0aW9ucy84MzY1YzZiNC1hZTk5LTRjY2YtYjI3Mi0yYjhhMGY2MTMzMTM/YXBpLXZlcnNpb249MjAxNy0xMS0wMQ==",
      "RequestMethod": "GET",
      "RequestBody": "",
      "RequestHeaders": {
        "User-Agent": [
          "FxVersion/4.7.2600.0",
          "OSName/Windows10Enterprise",
          "OSVersion/6.3.16299",
          "Microsoft.Azure.Management.Network.NetworkManagementClient/17.0.0.0"
        ]
      },
      "ResponseBody": "{\r\n  \"status\": \"Succeeded\"\r\n}",
      "ResponseHeaders": {
        "Content-Length": [
          "29"
        ],
        "Content-Type": [
          "application/json; charset=utf-8"
        ],
        "Expires": [
          "-1"
        ],
        "Pragma": [
          "no-cache"
        ],
        "x-ms-request-id": [
          "90829e0a-3b7c-4a10-b857-2a6079a969cf"
        ],
        "Strict-Transport-Security": [
          "max-age=31536000; includeSubDomains"
        ],
        "Cache-Control": [
          "no-cache"
        ],
        "Server": [
          "Microsoft-HTTPAPI/2.0",
          "Microsoft-HTTPAPI/2.0"
        ],
        "x-ms-ratelimit-remaining-subscription-reads": [
          "14982"
        ],
        "x-ms-correlation-request-id": [
          "8e709b63-3ea6-4e16-8290-bcea9b6b6aaa"
        ],
        "x-ms-routing-request-id": [
          "WESTUS:20180123T084644Z:8e709b63-3ea6-4e16-8290-bcea9b6b6aaa"
        ],
        "Date": [
          "Tue, 23 Jan 2018 08:46:43 GMT"
        ]
      },
      "StatusCode": 200
    },
    {
      "RequestUri": "/subscriptions/18b0dc06-a2b8-4c0f-95af-550319fa5eac/resourcegroups/filter?api-version=2016-02-01",
      "EncodedRequestUri": "L3N1YnNjcmlwdGlvbnMvMThiMGRjMDYtYTJiOC00YzBmLTk1YWYtNTUwMzE5ZmE1ZWFjL3Jlc291cmNlZ3JvdXBzL2ZpbHRlcj9hcGktdmVyc2lvbj0yMDE2LTAyLTAx",
      "RequestMethod": "DELETE",
      "RequestBody": "",
      "RequestHeaders": {
        "User-Agent": [
          "Microsoft.Azure.Management.Resources.ResourceManagementClient/2.0.0.0"
        ]
      },
      "ResponseBody": "",
      "ResponseHeaders": {
        "Content-Length": [
          "0"
        ],
        "Expires": [
          "-1"
        ],
        "Pragma": [
          "no-cache"
        ],
        "Retry-After": [
          "15"
        ],
        "x-ms-ratelimit-remaining-subscription-writes": [
          "1197"
        ],
        "x-ms-request-id": [
          "2bc6e925-402d-4cb4-81d1-c20e873a93aa"
        ],
        "x-ms-correlation-request-id": [
          "2bc6e925-402d-4cb4-81d1-c20e873a93aa"
        ],
        "x-ms-routing-request-id": [
          "WESTUS:20180123T084644Z:2bc6e925-402d-4cb4-81d1-c20e873a93aa"
        ],
        "Strict-Transport-Security": [
          "max-age=31536000; includeSubDomains"
        ],
        "Cache-Control": [
          "no-cache"
        ],
        "Date": [
          "Tue, 23 Jan 2018 08:46:44 GMT"
        ],
        "Location": [
          "https://management.azure.com/subscriptions/18b0dc06-a2b8-4c0f-95af-550319fa5eac/operationresults/eyJqb2JJZCI6IlJFU09VUkNFR1JPVVBERUxFVElPTkpPQi1GSUxURVItV0VTVFVTIiwiam9iTG9jYXRpb24iOiJ3ZXN0dXMifQ?api-version=2016-02-01"
        ]
      },
      "StatusCode": 202
    },
    {
      "RequestUri": "/subscriptions/18b0dc06-a2b8-4c0f-95af-550319fa5eac/operationresults/eyJqb2JJZCI6IlJFU09VUkNFR1JPVVBERUxFVElPTkpPQi1GSUxURVItV0VTVFVTIiwiam9iTG9jYXRpb24iOiJ3ZXN0dXMifQ?api-version=2016-02-01",
      "EncodedRequestUri": "L3N1YnNjcmlwdGlvbnMvMThiMGRjMDYtYTJiOC00YzBmLTk1YWYtNTUwMzE5ZmE1ZWFjL29wZXJhdGlvbnJlc3VsdHMvZXlKcWIySkpaQ0k2SWxKRlUwOVZVa05GUjFKUFZWQkVSVXhGVkVsUFRrcFBRaTFHU1V4VVJWSXRWMFZUVkZWVElpd2lhbTlpVEc5allYUnBiMjRpT2lKM1pYTjBkWE1pZlE/YXBpLXZlcnNpb249MjAxNi0wMi0wMQ==",
      "RequestMethod": "GET",
      "RequestBody": "",
      "RequestHeaders": {
        "x-ms-version": [
          "2016-02-01"
        ],
        "User-Agent": [
          "Microsoft.Azure.Management.Resources.ResourceManagementClient/2.0.0.0"
        ]
      },
      "ResponseBody": "",
      "ResponseHeaders": {
        "Content-Length": [
          "0"
        ],
        "Expires": [
          "-1"
        ],
        "Pragma": [
          "no-cache"
        ],
        "Retry-After": [
          "15"
        ],
        "x-ms-ratelimit-remaining-subscription-reads": [
          "14995"
        ],
        "x-ms-request-id": [
          "621e81bc-643e-4664-8d77-2ac2aa7c962e"
        ],
        "x-ms-correlation-request-id": [
          "621e81bc-643e-4664-8d77-2ac2aa7c962e"
        ],
        "x-ms-routing-request-id": [
          "WESTUS:20180123T084644Z:621e81bc-643e-4664-8d77-2ac2aa7c962e"
        ],
        "Strict-Transport-Security": [
          "max-age=31536000; includeSubDomains"
        ],
        "Cache-Control": [
          "no-cache"
        ],
        "Date": [
          "Tue, 23 Jan 2018 08:46:44 GMT"
        ],
        "Location": [
          "https://management.azure.com/subscriptions/18b0dc06-a2b8-4c0f-95af-550319fa5eac/operationresults/eyJqb2JJZCI6IlJFU09VUkNFR1JPVVBERUxFVElPTkpPQi1GSUxURVItV0VTVFVTIiwiam9iTG9jYXRpb24iOiJ3ZXN0dXMifQ?api-version=2016-02-01"
        ]
      },
      "StatusCode": 202
    },
    {
      "RequestUri": "/subscriptions/18b0dc06-a2b8-4c0f-95af-550319fa5eac/operationresults/eyJqb2JJZCI6IlJFU09VUkNFR1JPVVBERUxFVElPTkpPQi1GSUxURVItV0VTVFVTIiwiam9iTG9jYXRpb24iOiJ3ZXN0dXMifQ?api-version=2016-02-01",
      "EncodedRequestUri": "L3N1YnNjcmlwdGlvbnMvMThiMGRjMDYtYTJiOC00YzBmLTk1YWYtNTUwMzE5ZmE1ZWFjL29wZXJhdGlvbnJlc3VsdHMvZXlKcWIySkpaQ0k2SWxKRlUwOVZVa05GUjFKUFZWQkVSVXhGVkVsUFRrcFBRaTFHU1V4VVJWSXRWMFZUVkZWVElpd2lhbTlpVEc5allYUnBiMjRpT2lKM1pYTjBkWE1pZlE/YXBpLXZlcnNpb249MjAxNi0wMi0wMQ==",
      "RequestMethod": "GET",
      "RequestBody": "",
      "RequestHeaders": {
        "x-ms-version": [
          "2016-02-01"
        ],
        "User-Agent": [
          "Microsoft.Azure.Management.Resources.ResourceManagementClient/2.0.0.0"
        ]
      },
      "ResponseBody": "",
      "ResponseHeaders": {
        "Content-Length": [
          "0"
        ],
        "Expires": [
          "-1"
        ],
        "Pragma": [
          "no-cache"
        ],
        "Retry-After": [
          "15"
        ],
        "x-ms-ratelimit-remaining-subscription-reads": [
          "14994"
        ],
        "x-ms-request-id": [
          "1e3d4ce0-ca00-4448-8955-cf305e68018c"
        ],
        "x-ms-correlation-request-id": [
          "1e3d4ce0-ca00-4448-8955-cf305e68018c"
        ],
        "x-ms-routing-request-id": [
          "WESTUS:20180123T084659Z:1e3d4ce0-ca00-4448-8955-cf305e68018c"
        ],
        "Strict-Transport-Security": [
          "max-age=31536000; includeSubDomains"
        ],
        "Cache-Control": [
          "no-cache"
        ],
        "Date": [
          "Tue, 23 Jan 2018 08:46:59 GMT"
        ],
        "Location": [
          "https://management.azure.com/subscriptions/18b0dc06-a2b8-4c0f-95af-550319fa5eac/operationresults/eyJqb2JJZCI6IlJFU09VUkNFR1JPVVBERUxFVElPTkpPQi1GSUxURVItV0VTVFVTIiwiam9iTG9jYXRpb24iOiJ3ZXN0dXMifQ?api-version=2016-02-01"
        ]
      },
      "StatusCode": 202
    },
    {
      "RequestUri": "/subscriptions/18b0dc06-a2b8-4c0f-95af-550319fa5eac/operationresults/eyJqb2JJZCI6IlJFU09VUkNFR1JPVVBERUxFVElPTkpPQi1GSUxURVItV0VTVFVTIiwiam9iTG9jYXRpb24iOiJ3ZXN0dXMifQ?api-version=2016-02-01",
      "EncodedRequestUri": "L3N1YnNjcmlwdGlvbnMvMThiMGRjMDYtYTJiOC00YzBmLTk1YWYtNTUwMzE5ZmE1ZWFjL29wZXJhdGlvbnJlc3VsdHMvZXlKcWIySkpaQ0k2SWxKRlUwOVZVa05GUjFKUFZWQkVSVXhGVkVsUFRrcFBRaTFHU1V4VVJWSXRWMFZUVkZWVElpd2lhbTlpVEc5allYUnBiMjRpT2lKM1pYTjBkWE1pZlE/YXBpLXZlcnNpb249MjAxNi0wMi0wMQ==",
      "RequestMethod": "GET",
      "RequestBody": "",
      "RequestHeaders": {
        "x-ms-version": [
          "2016-02-01"
        ],
        "User-Agent": [
          "Microsoft.Azure.Management.Resources.ResourceManagementClient/2.0.0.0"
        ]
      },
      "ResponseBody": "",
      "ResponseHeaders": {
        "Content-Length": [
          "0"
        ],
        "Expires": [
          "-1"
        ],
        "Pragma": [
          "no-cache"
        ],
        "Retry-After": [
          "15"
        ],
        "x-ms-ratelimit-remaining-subscription-reads": [
          "14993"
        ],
        "x-ms-request-id": [
          "4b0349af-654c-42a9-bfd5-0a1703f40194"
        ],
        "x-ms-correlation-request-id": [
          "4b0349af-654c-42a9-bfd5-0a1703f40194"
        ],
        "x-ms-routing-request-id": [
          "WESTUS:20180123T084714Z:4b0349af-654c-42a9-bfd5-0a1703f40194"
        ],
        "Strict-Transport-Security": [
          "max-age=31536000; includeSubDomains"
        ],
        "Cache-Control": [
          "no-cache"
        ],
        "Date": [
          "Tue, 23 Jan 2018 08:47:14 GMT"
        ],
        "Location": [
          "https://management.azure.com/subscriptions/18b0dc06-a2b8-4c0f-95af-550319fa5eac/operationresults/eyJqb2JJZCI6IlJFU09VUkNFR1JPVVBERUxFVElPTkpPQi1GSUxURVItV0VTVFVTIiwiam9iTG9jYXRpb24iOiJ3ZXN0dXMifQ?api-version=2016-02-01"
        ]
      },
      "StatusCode": 202
    },
    {
      "RequestUri": "/subscriptions/18b0dc06-a2b8-4c0f-95af-550319fa5eac/operationresults/eyJqb2JJZCI6IlJFU09VUkNFR1JPVVBERUxFVElPTkpPQi1GSUxURVItV0VTVFVTIiwiam9iTG9jYXRpb24iOiJ3ZXN0dXMifQ?api-version=2016-02-01",
      "EncodedRequestUri": "L3N1YnNjcmlwdGlvbnMvMThiMGRjMDYtYTJiOC00YzBmLTk1YWYtNTUwMzE5ZmE1ZWFjL29wZXJhdGlvbnJlc3VsdHMvZXlKcWIySkpaQ0k2SWxKRlUwOVZVa05GUjFKUFZWQkVSVXhGVkVsUFRrcFBRaTFHU1V4VVJWSXRWMFZUVkZWVElpd2lhbTlpVEc5allYUnBiMjRpT2lKM1pYTjBkWE1pZlE/YXBpLXZlcnNpb249MjAxNi0wMi0wMQ==",
      "RequestMethod": "GET",
      "RequestBody": "",
      "RequestHeaders": {
        "x-ms-version": [
          "2016-02-01"
        ],
        "User-Agent": [
          "Microsoft.Azure.Management.Resources.ResourceManagementClient/2.0.0.0"
        ]
      },
      "ResponseBody": "",
      "ResponseHeaders": {
        "Content-Length": [
          "0"
        ],
        "Expires": [
          "-1"
        ],
        "Pragma": [
          "no-cache"
        ],
        "Retry-After": [
          "15"
        ],
        "x-ms-ratelimit-remaining-subscription-reads": [
          "14992"
        ],
        "x-ms-request-id": [
          "8eedba74-b58e-443e-b7de-4523c83dc47e"
        ],
        "x-ms-correlation-request-id": [
          "8eedba74-b58e-443e-b7de-4523c83dc47e"
        ],
        "x-ms-routing-request-id": [
          "WESTUS:20180123T084729Z:8eedba74-b58e-443e-b7de-4523c83dc47e"
        ],
        "Strict-Transport-Security": [
          "max-age=31536000; includeSubDomains"
        ],
        "Cache-Control": [
          "no-cache"
        ],
        "Date": [
          "Tue, 23 Jan 2018 08:47:29 GMT"
        ],
        "Location": [
          "https://management.azure.com/subscriptions/18b0dc06-a2b8-4c0f-95af-550319fa5eac/operationresults/eyJqb2JJZCI6IlJFU09VUkNFR1JPVVBERUxFVElPTkpPQi1GSUxURVItV0VTVFVTIiwiam9iTG9jYXRpb24iOiJ3ZXN0dXMifQ?api-version=2016-02-01"
        ]
      },
      "StatusCode": 202
    },
    {
      "RequestUri": "/subscriptions/18b0dc06-a2b8-4c0f-95af-550319fa5eac/operationresults/eyJqb2JJZCI6IlJFU09VUkNFR1JPVVBERUxFVElPTkpPQi1GSUxURVItV0VTVFVTIiwiam9iTG9jYXRpb24iOiJ3ZXN0dXMifQ?api-version=2016-02-01",
      "EncodedRequestUri": "L3N1YnNjcmlwdGlvbnMvMThiMGRjMDYtYTJiOC00YzBmLTk1YWYtNTUwMzE5ZmE1ZWFjL29wZXJhdGlvbnJlc3VsdHMvZXlKcWIySkpaQ0k2SWxKRlUwOVZVa05GUjFKUFZWQkVSVXhGVkVsUFRrcFBRaTFHU1V4VVJWSXRWMFZUVkZWVElpd2lhbTlpVEc5allYUnBiMjRpT2lKM1pYTjBkWE1pZlE/YXBpLXZlcnNpb249MjAxNi0wMi0wMQ==",
      "RequestMethod": "GET",
      "RequestBody": "",
      "RequestHeaders": {
        "x-ms-version": [
          "2016-02-01"
        ],
        "User-Agent": [
          "Microsoft.Azure.Management.Resources.ResourceManagementClient/2.0.0.0"
        ]
      },
      "ResponseBody": "",
      "ResponseHeaders": {
        "Content-Length": [
          "0"
        ],
        "Expires": [
          "-1"
        ],
        "Pragma": [
          "no-cache"
        ],
        "Retry-After": [
          "15"
        ],
        "x-ms-ratelimit-remaining-subscription-reads": [
          "14991"
        ],
        "x-ms-request-id": [
          "e3307746-4b93-4076-8053-e7da435d88c3"
        ],
        "x-ms-correlation-request-id": [
          "e3307746-4b93-4076-8053-e7da435d88c3"
        ],
        "x-ms-routing-request-id": [
          "WESTUS:20180123T084744Z:e3307746-4b93-4076-8053-e7da435d88c3"
        ],
        "Strict-Transport-Security": [
          "max-age=31536000; includeSubDomains"
        ],
        "Cache-Control": [
          "no-cache"
        ],
        "Date": [
          "Tue, 23 Jan 2018 08:47:44 GMT"
        ],
        "Location": [
          "https://management.azure.com/subscriptions/18b0dc06-a2b8-4c0f-95af-550319fa5eac/operationresults/eyJqb2JJZCI6IlJFU09VUkNFR1JPVVBERUxFVElPTkpPQi1GSUxURVItV0VTVFVTIiwiam9iTG9jYXRpb24iOiJ3ZXN0dXMifQ?api-version=2016-02-01"
        ]
      },
      "StatusCode": 202
    },
    {
      "RequestUri": "/subscriptions/18b0dc06-a2b8-4c0f-95af-550319fa5eac/operationresults/eyJqb2JJZCI6IlJFU09VUkNFR1JPVVBERUxFVElPTkpPQi1GSUxURVItV0VTVFVTIiwiam9iTG9jYXRpb24iOiJ3ZXN0dXMifQ?api-version=2016-02-01",
      "EncodedRequestUri": "L3N1YnNjcmlwdGlvbnMvMThiMGRjMDYtYTJiOC00YzBmLTk1YWYtNTUwMzE5ZmE1ZWFjL29wZXJhdGlvbnJlc3VsdHMvZXlKcWIySkpaQ0k2SWxKRlUwOVZVa05GUjFKUFZWQkVSVXhGVkVsUFRrcFBRaTFHU1V4VVJWSXRWMFZUVkZWVElpd2lhbTlpVEc5allYUnBiMjRpT2lKM1pYTjBkWE1pZlE/YXBpLXZlcnNpb249MjAxNi0wMi0wMQ==",
      "RequestMethod": "GET",
      "RequestBody": "",
      "RequestHeaders": {
        "x-ms-version": [
          "2016-02-01"
        ],
        "User-Agent": [
          "Microsoft.Azure.Management.Resources.ResourceManagementClient/2.0.0.0"
        ]
      },
      "ResponseBody": "",
      "ResponseHeaders": {
        "Content-Length": [
          "0"
        ],
        "Expires": [
          "-1"
        ],
        "Pragma": [
          "no-cache"
        ],
        "Retry-After": [
          "15"
        ],
        "x-ms-ratelimit-remaining-subscription-reads": [
          "14990"
        ],
        "x-ms-request-id": [
          "f0dcdef1-e32c-49ba-b187-f2297ff64500"
        ],
        "x-ms-correlation-request-id": [
          "f0dcdef1-e32c-49ba-b187-f2297ff64500"
        ],
        "x-ms-routing-request-id": [
          "WESTUS:20180123T084759Z:f0dcdef1-e32c-49ba-b187-f2297ff64500"
        ],
        "Strict-Transport-Security": [
          "max-age=31536000; includeSubDomains"
        ],
        "Cache-Control": [
          "no-cache"
        ],
        "Date": [
          "Tue, 23 Jan 2018 08:47:58 GMT"
        ],
        "Location": [
          "https://management.azure.com/subscriptions/18b0dc06-a2b8-4c0f-95af-550319fa5eac/operationresults/eyJqb2JJZCI6IlJFU09VUkNFR1JPVVBERUxFVElPTkpPQi1GSUxURVItV0VTVFVTIiwiam9iTG9jYXRpb24iOiJ3ZXN0dXMifQ?api-version=2016-02-01"
        ]
      },
      "StatusCode": 202
    },
    {
      "RequestUri": "/subscriptions/18b0dc06-a2b8-4c0f-95af-550319fa5eac/operationresults/eyJqb2JJZCI6IlJFU09VUkNFR1JPVVBERUxFVElPTkpPQi1GSUxURVItV0VTVFVTIiwiam9iTG9jYXRpb24iOiJ3ZXN0dXMifQ?api-version=2016-02-01",
      "EncodedRequestUri": "L3N1YnNjcmlwdGlvbnMvMThiMGRjMDYtYTJiOC00YzBmLTk1YWYtNTUwMzE5ZmE1ZWFjL29wZXJhdGlvbnJlc3VsdHMvZXlKcWIySkpaQ0k2SWxKRlUwOVZVa05GUjFKUFZWQkVSVXhGVkVsUFRrcFBRaTFHU1V4VVJWSXRWMFZUVkZWVElpd2lhbTlpVEc5allYUnBiMjRpT2lKM1pYTjBkWE1pZlE/YXBpLXZlcnNpb249MjAxNi0wMi0wMQ==",
      "RequestMethod": "GET",
      "RequestBody": "",
      "RequestHeaders": {
        "x-ms-version": [
          "2016-02-01"
        ],
        "User-Agent": [
          "Microsoft.Azure.Management.Resources.ResourceManagementClient/2.0.0.0"
        ]
      },
      "ResponseBody": "",
      "ResponseHeaders": {
        "Content-Length": [
          "0"
        ],
        "Expires": [
          "-1"
        ],
        "Pragma": [
          "no-cache"
        ],
        "Retry-After": [
          "15"
        ],
        "x-ms-ratelimit-remaining-subscription-reads": [
          "14989"
        ],
        "x-ms-request-id": [
          "d5c63e50-cbb2-4c9c-bc28-52dd53356f65"
        ],
        "x-ms-correlation-request-id": [
          "d5c63e50-cbb2-4c9c-bc28-52dd53356f65"
        ],
        "x-ms-routing-request-id": [
          "WESTUS:20180123T084814Z:d5c63e50-cbb2-4c9c-bc28-52dd53356f65"
        ],
        "Strict-Transport-Security": [
          "max-age=31536000; includeSubDomains"
        ],
        "Cache-Control": [
          "no-cache"
        ],
        "Date": [
          "Tue, 23 Jan 2018 08:48:14 GMT"
        ],
        "Location": [
          "https://management.azure.com/subscriptions/18b0dc06-a2b8-4c0f-95af-550319fa5eac/operationresults/eyJqb2JJZCI6IlJFU09VUkNFR1JPVVBERUxFVElPTkpPQi1GSUxURVItV0VTVFVTIiwiam9iTG9jYXRpb24iOiJ3ZXN0dXMifQ?api-version=2016-02-01"
        ]
      },
      "StatusCode": 202
    },
    {
      "RequestUri": "/subscriptions/18b0dc06-a2b8-4c0f-95af-550319fa5eac/operationresults/eyJqb2JJZCI6IlJFU09VUkNFR1JPVVBERUxFVElPTkpPQi1GSUxURVItV0VTVFVTIiwiam9iTG9jYXRpb24iOiJ3ZXN0dXMifQ?api-version=2016-02-01",
      "EncodedRequestUri": "L3N1YnNjcmlwdGlvbnMvMThiMGRjMDYtYTJiOC00YzBmLTk1YWYtNTUwMzE5ZmE1ZWFjL29wZXJhdGlvbnJlc3VsdHMvZXlKcWIySkpaQ0k2SWxKRlUwOVZVa05GUjFKUFZWQkVSVXhGVkVsUFRrcFBRaTFHU1V4VVJWSXRWMFZUVkZWVElpd2lhbTlpVEc5allYUnBiMjRpT2lKM1pYTjBkWE1pZlE/YXBpLXZlcnNpb249MjAxNi0wMi0wMQ==",
      "RequestMethod": "GET",
      "RequestBody": "",
      "RequestHeaders": {
        "x-ms-version": [
          "2016-02-01"
        ],
        "User-Agent": [
          "Microsoft.Azure.Management.Resources.ResourceManagementClient/2.0.0.0"
        ]
      },
      "ResponseBody": "",
      "ResponseHeaders": {
        "Content-Length": [
          "0"
        ],
        "Expires": [
          "-1"
        ],
        "Pragma": [
          "no-cache"
        ],
        "x-ms-ratelimit-remaining-subscription-reads": [
          "14988"
        ],
        "x-ms-request-id": [
          "ab23da48-9d73-41ea-845c-5c6655234f72"
        ],
        "x-ms-correlation-request-id": [
          "ab23da48-9d73-41ea-845c-5c6655234f72"
        ],
        "x-ms-routing-request-id": [
          "WESTUS:20180123T084830Z:ab23da48-9d73-41ea-845c-5c6655234f72"
        ],
        "Strict-Transport-Security": [
          "max-age=31536000; includeSubDomains"
        ],
        "Cache-Control": [
          "no-cache"
        ],
        "Date": [
          "Tue, 23 Jan 2018 08:48:29 GMT"
        ]
      },
      "StatusCode": 200
    }
  ],
  "Names": {},
  "Variables": {
    "SubscriptionId": "18b0dc06-a2b8-4c0f-95af-550319fa5eac"
  }
}