{
  "Entries": [
    {
      "RequestUri": "/subscriptions/18b0dc06-a2b8-4c0f-95af-550319fa5eac/providers/Microsoft.Network?api-version=2014-04-01-preview",
      "EncodedRequestUri": "L3N1YnNjcmlwdGlvbnMvMThiMGRjMDYtYTJiOC00YzBmLTk1YWYtNTUwMzE5ZmE1ZWFjL3Byb3ZpZGVycy9NaWNyb3NvZnQuTmV0d29yaz9hcGktdmVyc2lvbj0yMDE0LTA0LTAxLXByZXZpZXc=",
      "RequestMethod": "GET",
      "RequestBody": "",
      "RequestHeaders": {
        "User-Agent": [
          "Microsoft.Azure.Management.Resources.ResourceManagementClient/2.0.0.0"
        ]
      },
      "ResponseBody": "{\r\n  \"id\": \"/subscriptions/18b0dc06-a2b8-4c0f-95af-550319fa5eac/providers/Microsoft.Network\",\r\n  \"namespace\": \"Microsoft.Network\",\r\n  \"authorization\": {\r\n    \"applicationId\": \"2cf9eb86-36b5-49dc-86ae-9a63135dfa8c\",\r\n    \"roleDefinitionId\": \"13ba9ab4-19f0-4804-adc4-14ece36cc7a1\"\r\n  },\r\n  \"resourceTypes\": [\r\n    {\r\n      \"resourceType\": \"virtualNetworks\",\r\n      \"locations\": [\r\n        \"West US\",\r\n        \"East US\",\r\n        \"North Europe\",\r\n        \"West Europe\",\r\n        \"East Asia\",\r\n        \"Southeast Asia\",\r\n        \"North Central US\",\r\n        \"South Central US\",\r\n        \"Central US\",\r\n        \"East US 2\",\r\n        \"Japan East\",\r\n        \"Japan West\",\r\n        \"Brazil South\",\r\n        \"Australia East\",\r\n        \"Australia Southeast\"\r\n      ],\r\n      \"apiVersions\": [\r\n        \"2016-03-30\",\r\n        \"2015-05-01-preview\",\r\n        \"2014-12-01-preview\"\r\n      ]\r\n    },\r\n    {\r\n      \"resourceType\": \"publicIPAddresses\",\r\n      \"locations\": [\r\n        \"West US\",\r\n        \"East US\",\r\n        \"North Europe\",\r\n        \"West Europe\",\r\n        \"East Asia\",\r\n        \"Southeast Asia\",\r\n        \"North Central US\",\r\n        \"South Central US\",\r\n        \"Central US\",\r\n        \"East US 2\",\r\n        \"Japan East\",\r\n        \"Japan West\",\r\n        \"Brazil South\",\r\n        \"Australia East\",\r\n        \"Australia Southeast\"\r\n      ],\r\n      \"apiVersions\": [\r\n        \"2016-03-30\",\r\n        \"2015-05-01-preview\",\r\n        \"2014-12-01-preview\"\r\n      ]\r\n    },\r\n    {\r\n      \"resourceType\": \"networkInterfaces\",\r\n      \"locations\": [\r\n        \"West US\",\r\n        \"East US\",\r\n        \"North Europe\",\r\n        \"West Europe\",\r\n        \"East Asia\",\r\n        \"Southeast Asia\",\r\n        \"North Central US\",\r\n        \"South Central US\",\r\n        \"Central US\",\r\n        \"East US 2\",\r\n        \"Japan East\",\r\n        \"Japan West\",\r\n        \"Brazil South\",\r\n        \"Australia East\",\r\n        \"Australia Southeast\"\r\n      ],\r\n      \"apiVersions\": [\r\n        \"2016-03-30\",\r\n        \"2015-05-01-preview\",\r\n        \"2014-12-01-preview\"\r\n      ]\r\n    },\r\n    {\r\n      \"resourceType\": \"loadBalancers\",\r\n      \"locations\": [\r\n        \"West US\",\r\n        \"East US\",\r\n        \"North Europe\",\r\n        \"West Europe\",\r\n        \"East Asia\",\r\n        \"Southeast Asia\",\r\n        \"North Central US\",\r\n        \"South Central US\",\r\n        \"Central US\",\r\n        \"East US 2\",\r\n        \"Japan East\",\r\n        \"Japan West\",\r\n        \"Brazil South\",\r\n        \"Australia East\",\r\n        \"Australia Southeast\"\r\n      ],\r\n      \"apiVersions\": [\r\n        \"2016-03-30\",\r\n        \"2015-05-01-preview\",\r\n        \"2014-12-01-preview\"\r\n      ]\r\n    },\r\n    {\r\n      \"resourceType\": \"networkSecurityGroups\",\r\n      \"locations\": [\r\n        \"West US\",\r\n        \"East US\",\r\n        \"North Europe\",\r\n        \"West Europe\",\r\n        \"East Asia\",\r\n        \"Southeast Asia\",\r\n        \"North Central US\",\r\n        \"South Central US\",\r\n        \"Central US\",\r\n        \"East US 2\",\r\n        \"Japan East\",\r\n        \"Japan West\",\r\n        \"Brazil South\",\r\n        \"Australia East\",\r\n        \"Australia Southeast\"\r\n      ],\r\n      \"apiVersions\": [\r\n        \"2016-03-30\",\r\n        \"2015-05-01-preview\",\r\n        \"2014-12-01-preview\"\r\n      ]\r\n    },\r\n    {\r\n      \"resourceType\": \"routeTables\",\r\n      \"locations\": [\r\n        \"West US\",\r\n        \"East US\",\r\n        \"North Europe\",\r\n        \"West Europe\",\r\n        \"East Asia\",\r\n        \"Southeast Asia\",\r\n        \"North Central US\",\r\n        \"South Central US\",\r\n        \"Central US\",\r\n        \"East US 2\",\r\n        \"Japan East\",\r\n        \"Japan West\",\r\n        \"Brazil South\",\r\n        \"Australia East\",\r\n        \"Australia Southeast\"\r\n      ],\r\n      \"apiVersions\": [\r\n        \"2016-03-30\",\r\n        \"2015-05-01-preview\",\r\n        \"2014-12-01-preview\"\r\n      ]\r\n    },\r\n    {\r\n      \"resourceType\": \"virtualNetworkGateways\",\r\n      \"locations\": [\r\n        \"West US\",\r\n        \"East US\",\r\n        \"North Europe\",\r\n        \"West Europe\",\r\n        \"East Asia\",\r\n        \"Southeast Asia\",\r\n        \"North Central US\",\r\n        \"South Central US\",\r\n        \"Central US\",\r\n        \"East US 2\",\r\n        \"Japan East\",\r\n        \"Japan West\",\r\n        \"Brazil South\",\r\n        \"Australia East\",\r\n        \"Australia Southeast\"\r\n      ],\r\n      \"apiVersions\": [\r\n        \"2016-03-30\",\r\n        \"2015-05-01-preview\",\r\n        \"2014-12-01-preview\"\r\n      ]\r\n    },\r\n    {\r\n      \"resourceType\": \"localNetworkGateways\",\r\n      \"locations\": [\r\n        \"West US\",\r\n        \"East US\",\r\n        \"North Europe\",\r\n        \"West Europe\",\r\n        \"East Asia\",\r\n        \"Southeast Asia\",\r\n        \"North Central US\",\r\n        \"South Central US\",\r\n        \"Central US\",\r\n        \"East US 2\",\r\n        \"Japan East\",\r\n        \"Japan West\",\r\n        \"Brazil South\",\r\n        \"Australia East\",\r\n        \"Australia Southeast\"\r\n      ],\r\n      \"apiVersions\": [\r\n        \"2016-03-30\",\r\n        \"2015-05-01-preview\",\r\n        \"2014-12-01-preview\"\r\n      ]\r\n    },\r\n    {\r\n      \"resourceType\": \"connections\",\r\n      \"locations\": [\r\n        \"West US\",\r\n        \"East US\",\r\n        \"North Europe\",\r\n        \"West Europe\",\r\n        \"East Asia\",\r\n        \"Southeast Asia\",\r\n        \"North Central US\",\r\n        \"South Central US\",\r\n        \"Central US\",\r\n        \"East US 2\",\r\n        \"Japan East\",\r\n        \"Japan West\",\r\n        \"Brazil South\",\r\n        \"Australia East\",\r\n        \"Australia Southeast\"\r\n      ],\r\n      \"apiVersions\": [\r\n        \"2016-03-30\",\r\n        \"2015-05-01-preview\",\r\n        \"2014-12-01-preview\"\r\n      ]\r\n    },\r\n    {\r\n      \"resourceType\": \"applicationGateways\",\r\n      \"locations\": [\r\n        \"West US\",\r\n        \"East US\",\r\n        \"North Europe\",\r\n        \"West Europe\",\r\n        \"East Asia\",\r\n        \"Southeast Asia\",\r\n        \"North Central US\",\r\n        \"South Central US\",\r\n        \"Central US\",\r\n        \"East US 2\",\r\n        \"Japan East\",\r\n        \"Japan West\",\r\n        \"Brazil South\",\r\n        \"Australia East\",\r\n        \"Australia Southeast\"\r\n      ],\r\n      \"apiVersions\": [\r\n        \"2016-03-30\",\r\n        \"2015-05-01-preview\",\r\n        \"2014-12-01-preview\"\r\n      ]\r\n    },\r\n    {\r\n      \"resourceType\": \"locations\",\r\n      \"locations\": [],\r\n      \"apiVersions\": [\r\n        \"2016-03-30\",\r\n        \"2015-05-01-preview\",\r\n        \"2014-12-01-preview\"\r\n      ]\r\n    },\r\n    {\r\n      \"resourceType\": \"locations/operations\",\r\n      \"locations\": [],\r\n      \"apiVersions\": [\r\n        \"2016-03-30\",\r\n        \"2015-05-01-preview\",\r\n        \"2014-12-01-preview\"\r\n      ]\r\n    },\r\n    {\r\n      \"resourceType\": \"locations/operationResults\",\r\n      \"locations\": [],\r\n      \"apiVersions\": [\r\n        \"2016-03-30\",\r\n        \"2015-05-01-preview\",\r\n        \"2014-12-01-preview\"\r\n      ]\r\n    },\r\n    {\r\n      \"resourceType\": \"locations/CheckDnsNameAvailability\",\r\n      \"locations\": [],\r\n      \"apiVersions\": [\r\n        \"2016-03-30\",\r\n        \"2015-05-01-preview\",\r\n        \"2014-12-01-preview\"\r\n      ]\r\n    },\r\n    {\r\n      \"resourceType\": \"locations/usages\",\r\n      \"locations\": [],\r\n      \"apiVersions\": [\r\n        \"2016-03-30\",\r\n        \"2015-05-01-preview\",\r\n        \"2014-12-01-preview\"\r\n      ]\r\n    },\r\n    {\r\n      \"resourceType\": \"operations\",\r\n      \"locations\": [],\r\n      \"apiVersions\": [\r\n        \"2016-03-30\",\r\n        \"2015-05-01-preview\",\r\n        \"2014-12-01-preview\"\r\n      ]\r\n    },\r\n    {\r\n      \"resourceType\": \"expressRouteCircuits\",\r\n      \"locations\": [\r\n        \"West US\",\r\n        \"East US\",\r\n        \"North Europe\",\r\n        \"West Europe\",\r\n        \"East Asia\",\r\n        \"Southeast Asia\",\r\n        \"North Central US\",\r\n        \"South Central US\",\r\n        \"Central US\",\r\n        \"East US 2\",\r\n        \"Japan East\",\r\n        \"Japan West\",\r\n        \"Brazil South\",\r\n        \"Australia East\",\r\n        \"Australia Southeast\"\r\n      ],\r\n      \"apiVersions\": [\r\n        \"2016-03-30\",\r\n        \"2015-05-01-preview\",\r\n        \"2014-12-01-preview\"\r\n      ]\r\n    },\r\n    {\r\n      \"resourceType\": \"expressRouteServiceProviders\",\r\n      \"locations\": [],\r\n      \"apiVersions\": [\r\n        \"2016-03-30\",\r\n        \"2015-05-01-preview\",\r\n        \"2014-12-01-preview\"\r\n      ]\r\n    },\r\n    {\r\n      \"resourceType\": \"dnszones\",\r\n      \"locations\": [\r\n        \"global\"\r\n      ],\r\n      \"apiVersions\": [\r\n        \"2015-05-04-preview\"\r\n      ]\r\n    },\r\n    {\r\n      \"resourceType\": \"dnszones/A\",\r\n      \"locations\": [\r\n        \"global\"\r\n      ],\r\n      \"apiVersions\": [\r\n        \"2015-05-04-preview\"\r\n      ]\r\n    },\r\n    {\r\n      \"resourceType\": \"dnszones/AAAA\",\r\n      \"locations\": [\r\n        \"global\"\r\n      ],\r\n      \"apiVersions\": [\r\n        \"2015-05-04-preview\"\r\n      ]\r\n    },\r\n    {\r\n      \"resourceType\": \"dnszones/CNAME\",\r\n      \"locations\": [\r\n        \"global\"\r\n      ],\r\n      \"apiVersions\": [\r\n        \"2015-05-04-preview\"\r\n      ]\r\n    },\r\n    {\r\n      \"resourceType\": \"dnszones/PTR\",\r\n      \"locations\": [\r\n        \"global\"\r\n      ],\r\n      \"apiVersions\": [\r\n        \"2015-05-04-preview\"\r\n      ]\r\n    },\r\n    {\r\n      \"resourceType\": \"dnszones/MX\",\r\n      \"locations\": [\r\n        \"global\"\r\n      ],\r\n      \"apiVersions\": [\r\n        \"2015-05-04-preview\"\r\n      ]\r\n    },\r\n    {\r\n      \"resourceType\": \"dnszones/TXT\",\r\n      \"locations\": [\r\n        \"global\"\r\n      ],\r\n      \"apiVersions\": [\r\n        \"2015-05-04-preview\"\r\n      ]\r\n    },\r\n    {\r\n      \"resourceType\": \"dnszones/SRV\",\r\n      \"locations\": [\r\n        \"global\"\r\n      ],\r\n      \"apiVersions\": [\r\n        \"2015-05-04-preview\"\r\n      ]\r\n    },\r\n    {\r\n      \"resourceType\": \"trafficmanagerprofiles\",\r\n      \"locations\": [\r\n        \"global\"\r\n      ],\r\n      \"apiVersions\": [\r\n        \"2015-11-01\",\r\n        \"2015-04-28-preview\"\r\n      ]\r\n    },\r\n    {\r\n      \"resourceType\": \"checkTrafficManagerNameAvailability\",\r\n      \"locations\": [\r\n        \"global\"\r\n      ],\r\n      \"apiVersions\": [\r\n        \"2015-11-01\",\r\n        \"2015-04-28-preview\"\r\n      ]\r\n    }\r\n  ],\r\n  \"registrationState\": \"Registered\"\r\n}",
      "ResponseHeaders": {
        "Content-Length": [
          "5934"
        ],
        "Content-Type": [
          "application/json; charset=utf-8"
        ],
        "Expires": [
          "-1"
        ],
        "Pragma": [
          "no-cache"
        ],
        "x-ms-ratelimit-remaining-subscription-reads": [
          "14999"
        ],
        "x-ms-request-id": [
          "9aef34d0-90c6-4268-900c-111ec7c7a37a"
        ],
        "x-ms-correlation-request-id": [
          "9aef34d0-90c6-4268-900c-111ec7c7a37a"
        ],
        "x-ms-routing-request-id": [
          "WESTUS:20160224T213048Z:9aef34d0-90c6-4268-900c-111ec7c7a37a"
        ],
        "Strict-Transport-Security": [
          "max-age=31536000; includeSubDomains"
        ],
        "Cache-Control": [
          "no-cache"
        ],
        "Date": [
          "Wed, 24 Feb 2016 21:30:48 GMT"
        ]
      },
      "StatusCode": 200
    },
    {
      "RequestUri": "/subscriptions/18b0dc06-a2b8-4c0f-95af-550319fa5eac/resourcegroups/onesdk3248?api-version=2014-04-01-preview",
      "EncodedRequestUri": "L3N1YnNjcmlwdGlvbnMvMThiMGRjMDYtYTJiOC00YzBmLTk1YWYtNTUwMzE5ZmE1ZWFjL3Jlc291cmNlZ3JvdXBzL29uZXNkazMyNDg/YXBpLXZlcnNpb249MjAxNC0wNC0wMS1wcmV2aWV3",
      "RequestMethod": "HEAD",
      "RequestBody": "",
      "RequestHeaders": {
        "User-Agent": [
          "Microsoft.Azure.Management.Resources.ResourceManagementClient/2.0.0.0"
        ]
      },
      "ResponseBody": "",
      "ResponseHeaders": {
        "Content-Length": [
          "102"
        ],
        "Content-Type": [
          "application/json; charset=utf-8"
        ],
        "Expires": [
          "-1"
        ],
        "Pragma": [
          "no-cache"
        ],
        "x-ms-failure-cause": [
          "gateway"
        ],
        "x-ms-ratelimit-remaining-subscription-reads": [
          "14998"
        ],
        "x-ms-request-id": [
          "0e3d67d3-bcd1-47cf-945f-4e05aae139a8"
        ],
        "x-ms-correlation-request-id": [
          "0e3d67d3-bcd1-47cf-945f-4e05aae139a8"
        ],
        "x-ms-routing-request-id": [
          "WESTUS:20160224T213048Z:0e3d67d3-bcd1-47cf-945f-4e05aae139a8"
        ],
        "Strict-Transport-Security": [
          "max-age=31536000; includeSubDomains"
        ],
        "Cache-Control": [
          "no-cache"
        ],
        "Date": [
          "Wed, 24 Feb 2016 21:30:48 GMT"
        ]
      },
      "StatusCode": 404
    },
    {
      "RequestUri": "/subscriptions/18b0dc06-a2b8-4c0f-95af-550319fa5eac/resourcegroups/onesdk3248?api-version=2014-04-01-preview",
      "EncodedRequestUri": "L3N1YnNjcmlwdGlvbnMvMThiMGRjMDYtYTJiOC00YzBmLTk1YWYtNTUwMzE5ZmE1ZWFjL3Jlc291cmNlZ3JvdXBzL29uZXNkazMyNDg/YXBpLXZlcnNpb249MjAxNC0wNC0wMS1wcmV2aWV3",
      "RequestMethod": "HEAD",
      "RequestBody": "",
      "RequestHeaders": {
        "User-Agent": [
          "Microsoft.Azure.Management.Resources.ResourceManagementClient/2.0.0.0"
        ]
      },
      "ResponseBody": "",
      "ResponseHeaders": {
        "Content-Length": [
          "0"
        ],
        "Expires": [
          "-1"
        ],
        "Pragma": [
          "no-cache"
        ],
        "x-ms-ratelimit-remaining-subscription-reads": [
          "14999"
        ],
        "x-ms-request-id": [
          "e5ccf781-4c6e-4e61-b440-1a058e3717a4"
        ],
        "x-ms-correlation-request-id": [
          "e5ccf781-4c6e-4e61-b440-1a058e3717a4"
        ],
        "x-ms-routing-request-id": [
          "WESTUS:20160224T213725Z:e5ccf781-4c6e-4e61-b440-1a058e3717a4"
        ],
        "Strict-Transport-Security": [
          "max-age=31536000; includeSubDomains"
        ],
        "Cache-Control": [
          "no-cache"
        ],
        "Date": [
          "Wed, 24 Feb 2016 21:37:24 GMT"
        ]
      },
      "StatusCode": 204
    },
    {
      "RequestUri": "/subscriptions/18b0dc06-a2b8-4c0f-95af-550319fa5eac/resourcegroups/onesdk3248?api-version=2014-04-01-preview",
      "EncodedRequestUri": "L3N1YnNjcmlwdGlvbnMvMThiMGRjMDYtYTJiOC00YzBmLTk1YWYtNTUwMzE5ZmE1ZWFjL3Jlc291cmNlZ3JvdXBzL29uZXNkazMyNDg/YXBpLXZlcnNpb249MjAxNC0wNC0wMS1wcmV2aWV3",
      "RequestMethod": "PUT",
      "RequestBody": "{\r\n  \"location\": \"West US\"\r\n}",
      "RequestHeaders": {
        "Content-Type": [
          "application/json; charset=utf-8"
        ],
        "Content-Length": [
          "29"
        ],
        "User-Agent": [
          "Microsoft.Azure.Management.Resources.ResourceManagementClient/2.0.0.0"
        ]
      },
      "ResponseBody": "{\r\n  \"id\": \"/subscriptions/18b0dc06-a2b8-4c0f-95af-550319fa5eac/resourceGroups/onesdk3248\",\r\n  \"name\": \"onesdk3248\",\r\n  \"location\": \"westus\",\r\n  \"properties\": {\r\n    \"provisioningState\": \"Succeeded\"\r\n  }\r\n}",
      "ResponseHeaders": {
        "Content-Length": [
          "173"
        ],
        "Content-Type": [
          "application/json; charset=utf-8"
        ],
        "Expires": [
          "-1"
        ],
        "Pragma": [
          "no-cache"
        ],
        "x-ms-ratelimit-remaining-subscription-writes": [
          "1199"
        ],
        "x-ms-request-id": [
          "29cb5bda-3388-49ca-b7ec-d6f6d2eb0033"
        ],
        "x-ms-correlation-request-id": [
          "29cb5bda-3388-49ca-b7ec-d6f6d2eb0033"
        ],
        "x-ms-routing-request-id": [
          "WESTUS:20160224T213049Z:29cb5bda-3388-49ca-b7ec-d6f6d2eb0033"
        ],
        "Strict-Transport-Security": [
          "max-age=31536000; includeSubDomains"
        ],
        "Cache-Control": [
          "no-cache"
        ],
        "Date": [
          "Wed, 24 Feb 2016 21:30:48 GMT"
        ]
      },
      "StatusCode": 201
    },
    {
      "RequestUri": "/subscriptions/18b0dc06-a2b8-4c0f-95af-550319fa5eac/resourceGroups/onesdk3248/resources?api-version=2014-04-01-preview",
      "EncodedRequestUri": "L3N1YnNjcmlwdGlvbnMvMThiMGRjMDYtYTJiOC00YzBmLTk1YWYtNTUwMzE5ZmE1ZWFjL3Jlc291cmNlR3JvdXBzL29uZXNkazMyNDgvcmVzb3VyY2VzP2FwaS12ZXJzaW9uPTIwMTQtMDQtMDEtcHJldmlldw==",
      "RequestMethod": "GET",
      "RequestBody": "",
      "RequestHeaders": {
        "User-Agent": [
          "Microsoft.Azure.Management.Resources.ResourceManagementClient/2.0.0.0"
        ]
      },
      "ResponseBody": "{\r\n  \"value\": []\r\n}",
      "ResponseHeaders": {
        "Content-Length": [
          "12"
        ],
        "Content-Type": [
          "application/json; charset=utf-8"
        ],
        "Expires": [
          "-1"
        ],
        "Pragma": [
          "no-cache"
        ],
        "x-ms-ratelimit-remaining-subscription-reads": [
          "14997"
        ],
        "x-ms-request-id": [
          "42c716d9-e72b-4839-b9c4-ed85f44d01f3"
        ],
        "x-ms-correlation-request-id": [
          "42c716d9-e72b-4839-b9c4-ed85f44d01f3"
        ],
        "x-ms-routing-request-id": [
          "WESTUS:20160224T213049Z:42c716d9-e72b-4839-b9c4-ed85f44d01f3"
        ],
        "Strict-Transport-Security": [
          "max-age=31536000; includeSubDomains"
        ],
        "Cache-Control": [
          "no-cache"
        ],
        "Date": [
          "Wed, 24 Feb 2016 21:30:49 GMT"
        ]
      },
      "StatusCode": 200
    },
    {
      "RequestUri": "/subscriptions/18b0dc06-a2b8-4c0f-95af-550319fa5eac/resourceGroups/onesdk3248/providers/Microsoft.Network/expressRouteCircuits/onesdk1113/?api-version=2016-03-30",
      "EncodedRequestUri": "L3N1YnNjcmlwdGlvbnMvMThiMGRjMDYtYTJiOC00YzBmLTk1YWYtNTUwMzE5ZmE1ZWFjL3Jlc291cmNlR3JvdXBzL29uZXNkazMyNDgvcHJvdmlkZXJzL01pY3Jvc29mdC5OZXR3b3JrL2V4cHJlc3NSb3V0ZUNpcmN1aXRzL29uZXNkazExMTMvP2FwaS12ZXJzaW9uPTIwMTYtMDMtMzA=",
      "RequestMethod": "GET",
      "RequestBody": "",
      "RequestHeaders": {
        "x-ms-client-request-id": [
          "76135d96-d7e1-4f0c-95a6-fa88697c6bd2"
        ],
        "accept-language": [
          "en-US"
        ],
        "User-Agent": [
          "Microsoft.Azure.Management.Network.NetworkManagementClient/3.0.0.0"
        ]
      },
      "ResponseBody": "{\r\n  \"error\": {\r\n    \"code\": \"ResourceNotFound\",\r\n    \"message\": \"The Resource 'Microsoft.Network/expressRouteCircuits/onesdk1113' under resource group 'onesdk3248' was not found.\"\r\n  }\r\n}",
      "ResponseHeaders": {
        "Content-Length": [
          "163"
        ],
        "Content-Type": [
          "application/json; charset=utf-8"
        ],
        "Expires": [
          "-1"
        ],
        "Pragma": [
          "no-cache"
        ],
        "x-ms-failure-cause": [
          "gateway"
        ],
        "x-ms-request-id": [
          "031d7882-97bb-4945-a25b-eeddde3daa9b"
        ],
        "x-ms-correlation-request-id": [
          "031d7882-97bb-4945-a25b-eeddde3daa9b"
        ],
        "x-ms-routing-request-id": [
          "WESTUS:20160224T213050Z:031d7882-97bb-4945-a25b-eeddde3daa9b"
        ],
        "Strict-Transport-Security": [
          "max-age=31536000; includeSubDomains"
        ],
        "Cache-Control": [
          "no-cache"
        ],
        "Date": [
          "Wed, 24 Feb 2016 21:30:49 GMT"
        ]
      },
      "StatusCode": 404
    },
    {
      "RequestUri": "/subscriptions/18b0dc06-a2b8-4c0f-95af-550319fa5eac/resourceGroups/onesdk3248/providers/Microsoft.Network/expressRouteCircuits/onesdk1113/?api-version=2016-03-30",
      "EncodedRequestUri": "L3N1YnNjcmlwdGlvbnMvMThiMGRjMDYtYTJiOC00YzBmLTk1YWYtNTUwMzE5ZmE1ZWFjL3Jlc291cmNlR3JvdXBzL29uZXNkazMyNDgvcHJvdmlkZXJzL01pY3Jvc29mdC5OZXR3b3JrL2V4cHJlc3NSb3V0ZUNpcmN1aXRzL29uZXNkazExMTMvP2FwaS12ZXJzaW9uPTIwMTYtMDMtMzA=",
      "RequestMethod": "GET",
      "RequestBody": "",
      "RequestHeaders": {
        "User-Agent": [
          "Microsoft.Azure.Management.Network.NetworkManagementClient/3.0.0.0"
        ]
      },
      "ResponseBody": "{\r\n  \"name\": \"onesdk1113\",\r\n  \"id\": \"/subscriptions/18b0dc06-a2b8-4c0f-95af-550319fa5eac/resourceGroups/onesdk3248/providers/Microsoft.Network/expressRouteCircuits/onesdk1113\",\r\n  \"etag\": \"W/\\\"f3908f07-2b95-4b9f-8671-9f3211ff29e3\\\"\",\r\n  \"type\": \"Microsoft.Network/expressRouteCircuits\",\r\n  \"location\": \"brazilsouth\",\r\n  \"properties\": {\r\n    \"provisioningState\": \"Succeeded\",\r\n    \"resourceGuid\": \"e72a4bbb-394c-419d-9edc-05dc2322a477\",\r\n    \"peerings\": [\r\n      {\r\n        \"name\": \"MicrosoftPeering\",\r\n        \"id\": \"/subscriptions/18b0dc06-a2b8-4c0f-95af-550319fa5eac/resourceGroups/onesdk3248/providers/Microsoft.Network/expressRouteCircuits/onesdk1113/peerings/MicrosoftPeering\",\r\n        \"etag\": \"W/\\\"f3908f07-2b95-4b9f-8671-9f3211ff29e3\\\"\",\r\n        \"properties\": {\r\n          \"provisioningState\": \"Succeeded\",\r\n          \"peeringType\": \"MicrosoftPeering\",\r\n          \"azureASN\": 12076,\r\n          \"peerASN\": 33,\r\n          \"primaryPeerAddressPrefix\": \"192.168.1.0/30\",\r\n          \"secondaryPeerAddressPrefix\": \"192.168.2.0/30\",\r\n          \"primaryAzurePort\": \"EQIX-SJC-06GMR-CIS-1-PRI-A\",\r\n          \"secondaryAzurePort\": \"EQIX-SJC-06GMR-CIS-2-SEC-A\",\r\n          \"state\": \"Enabled\",\r\n          \"vlanId\": 223,\r\n          \"microsoftPeeringConfig\": {\r\n            \"advertisedPublicPrefixes\": [\r\n              \"11.2.3.4/30\",\r\n              \"12.2.3.4/30\"\r\n            ],\r\n            \"advertisedPublicPrefixesState\": \"ValidationNeeded\",\r\n            \"customerASN\": 1000,\r\n            \"routingRegistryName\": \"AFRINIC\"\r\n          }\r\n        }\r\n      }\r\n    ],\r\n    \"authorizations\": [],\r\n    \"serviceProviderProperties\": {\r\n      \"serviceProviderName\": \"equinix\",\r\n      \"peeringLocation\": \"Silicon Valley\",\r\n      \"bandwidthInMbps\": 1000\r\n    },\r\n    \"circuitProvisioningState\": \"Enabled\",\r\n    \"serviceKey\": \"27dbc354-a766-47c8-a30e-25302c5ba2a7\",\r\n    \"serviceProviderProvisioningState\": \"NotProvisioned\"\r\n  },\r\n  \"sku\": {\r\n    \"name\": \"Premium_MeteredData\",\r\n    \"tier\": \"Premium\",\r\n    \"family\": \"MeteredData\"\r\n  }\r\n}",
      "ResponseHeaders": {
        "Content-Length": [
          "2021"
        ],
        "Content-Type": [
          "application/json; charset=utf-8"
        ],
        "Expires": [
          "-1"
        ],
        "Pragma": [
          "no-cache"
        ],
        "x-ms-request-id": [
          "0fa66175-33a5-424d-bd08-2ee4868a0f54"
        ],
        "Strict-Transport-Security": [
          "max-age=31536000; includeSubDomains"
        ],
        "Cache-Control": [
          "no-cache"
        ],
        "Server": [
          "Microsoft-HTTPAPI/2.0",
          "Microsoft-HTTPAPI/2.0"
        ],
        "x-ms-ratelimit-remaining-subscription-reads": [
          "14993"
        ],
        "x-ms-correlation-request-id": [
          "a3426074-d318-435e-9231-606f85daa92a"
        ],
        "x-ms-routing-request-id": [
          "WESTUS:20160224T213335Z:a3426074-d318-435e-9231-606f85daa92a"
        ],
        "Date": [
          "Wed, 24 Feb 2016 21:33:35 GMT"
        ]
      },
      "StatusCode": 200
    },
    {
      "RequestUri": "/subscriptions/18b0dc06-a2b8-4c0f-95af-550319fa5eac/resourceGroups/onesdk3248/providers/Microsoft.Network/expressRouteCircuits/onesdk1113/?api-version=2016-03-30",
      "EncodedRequestUri": "L3N1YnNjcmlwdGlvbnMvMThiMGRjMDYtYTJiOC00YzBmLTk1YWYtNTUwMzE5ZmE1ZWFjL3Jlc291cmNlR3JvdXBzL29uZXNkazMyNDgvcHJvdmlkZXJzL01pY3Jvc29mdC5OZXR3b3JrL2V4cHJlc3NSb3V0ZUNpcmN1aXRzL29uZXNkazExMTMvP2FwaS12ZXJzaW9uPTIwMTYtMDMtMzA=",
      "RequestMethod": "GET",
      "RequestBody": "",
      "RequestHeaders": {
        "x-ms-client-request-id": [
          "c0f65a0d-2a42-4dad-b828-995d86ebf726"
        ],
        "accept-language": [
          "en-US"
        ],
        "User-Agent": [
          "Microsoft.Azure.Management.Network.NetworkManagementClient/3.0.0.0"
        ]
      },
      "ResponseBody": "{\r\n  \"name\": \"onesdk1113\",\r\n  \"id\": \"/subscriptions/18b0dc06-a2b8-4c0f-95af-550319fa5eac/resourceGroups/onesdk3248/providers/Microsoft.Network/expressRouteCircuits/onesdk1113\",\r\n  \"etag\": \"W/\\\"f3908f07-2b95-4b9f-8671-9f3211ff29e3\\\"\",\r\n  \"type\": \"Microsoft.Network/expressRouteCircuits\",\r\n  \"location\": \"brazilsouth\",\r\n  \"properties\": {\r\n    \"provisioningState\": \"Succeeded\",\r\n    \"resourceGuid\": \"e72a4bbb-394c-419d-9edc-05dc2322a477\",\r\n    \"peerings\": [\r\n      {\r\n        \"name\": \"MicrosoftPeering\",\r\n        \"id\": \"/subscriptions/18b0dc06-a2b8-4c0f-95af-550319fa5eac/resourceGroups/onesdk3248/providers/Microsoft.Network/expressRouteCircuits/onesdk1113/peerings/MicrosoftPeering\",\r\n        \"etag\": \"W/\\\"f3908f07-2b95-4b9f-8671-9f3211ff29e3\\\"\",\r\n        \"properties\": {\r\n          \"provisioningState\": \"Succeeded\",\r\n          \"peeringType\": \"MicrosoftPeering\",\r\n          \"azureASN\": 12076,\r\n          \"peerASN\": 33,\r\n          \"primaryPeerAddressPrefix\": \"192.168.1.0/30\",\r\n          \"secondaryPeerAddressPrefix\": \"192.168.2.0/30\",\r\n          \"primaryAzurePort\": \"EQIX-SJC-06GMR-CIS-1-PRI-A\",\r\n          \"secondaryAzurePort\": \"EQIX-SJC-06GMR-CIS-2-SEC-A\",\r\n          \"state\": \"Enabled\",\r\n          \"vlanId\": 223,\r\n          \"microsoftPeeringConfig\": {\r\n            \"advertisedPublicPrefixes\": [\r\n              \"11.2.3.4/30\",\r\n              \"12.2.3.4/30\"\r\n            ],\r\n            \"advertisedPublicPrefixesState\": \"ValidationNeeded\",\r\n            \"customerASN\": 1000,\r\n            \"routingRegistryName\": \"AFRINIC\"\r\n          }\r\n        }\r\n      }\r\n    ],\r\n    \"authorizations\": [],\r\n    \"serviceProviderProperties\": {\r\n      \"serviceProviderName\": \"equinix\",\r\n      \"peeringLocation\": \"Silicon Valley\",\r\n      \"bandwidthInMbps\": 1000\r\n    },\r\n    \"circuitProvisioningState\": \"Enabled\",\r\n    \"serviceKey\": \"27dbc354-a766-47c8-a30e-25302c5ba2a7\",\r\n    \"serviceProviderProvisioningState\": \"NotProvisioned\"\r\n  },\r\n  \"sku\": {\r\n    \"name\": \"Premium_MeteredData\",\r\n    \"tier\": \"Premium\",\r\n    \"family\": \"MeteredData\"\r\n  }\r\n}",
      "ResponseHeaders": {
        "Content-Length": [
          "2021"
        ],
        "Content-Type": [
          "application/json; charset=utf-8"
        ],
        "Expires": [
          "-1"
        ],
        "Pragma": [
          "no-cache"
        ],
        "x-ms-request-id": [
          "42d64095-bd43-40ff-95e6-6d7aa024a088"
        ],
        "Strict-Transport-Security": [
          "max-age=31536000; includeSubDomains"
        ],
        "Cache-Control": [
          "no-cache"
        ],
        "Server": [
          "Microsoft-HTTPAPI/2.0",
          "Microsoft-HTTPAPI/2.0"
        ],
        "x-ms-ratelimit-remaining-subscription-reads": [
          "14992"
        ],
        "x-ms-correlation-request-id": [
          "1e413c31-f5d3-4571-870d-832d8c811a3d"
        ],
        "x-ms-routing-request-id": [
          "WESTUS:20160224T213342Z:1e413c31-f5d3-4571-870d-832d8c811a3d"
        ],
        "Date": [
          "Wed, 24 Feb 2016 21:33:41 GMT"
        ]
      },
      "StatusCode": 200
    },
    {
      "RequestUri": "/subscriptions/18b0dc06-a2b8-4c0f-95af-550319fa5eac/resourceGroups/onesdk3248/providers/Microsoft.Network/expressRouteCircuits/onesdk1113/?api-version=2016-03-30",
      "EncodedRequestUri": "L3N1YnNjcmlwdGlvbnMvMThiMGRjMDYtYTJiOC00YzBmLTk1YWYtNTUwMzE5ZmE1ZWFjL3Jlc291cmNlR3JvdXBzL29uZXNkazMyNDgvcHJvdmlkZXJzL01pY3Jvc29mdC5OZXR3b3JrL2V4cHJlc3NSb3V0ZUNpcmN1aXRzL29uZXNkazExMTMvP2FwaS12ZXJzaW9uPTIwMTYtMDMtMzA=",
      "RequestMethod": "GET",
      "RequestBody": "",
      "RequestHeaders": {
        "x-ms-client-request-id": [
          "368a926f-08f8-4ee3-8a6a-66c655bb639d"
        ],
        "accept-language": [
          "en-US"
        ],
        "User-Agent": [
          "Microsoft.Azure.Management.Network.NetworkManagementClient/3.0.0.0"
        ]
      },
      "ResponseBody": "{\r\n  \"name\": \"onesdk1113\",\r\n  \"id\": \"/subscriptions/18b0dc06-a2b8-4c0f-95af-550319fa5eac/resourceGroups/onesdk3248/providers/Microsoft.Network/expressRouteCircuits/onesdk1113\",\r\n  \"etag\": \"W/\\\"f3908f07-2b95-4b9f-8671-9f3211ff29e3\\\"\",\r\n  \"type\": \"Microsoft.Network/expressRouteCircuits\",\r\n  \"location\": \"brazilsouth\",\r\n  \"properties\": {\r\n    \"provisioningState\": \"Succeeded\",\r\n    \"resourceGuid\": \"e72a4bbb-394c-419d-9edc-05dc2322a477\",\r\n    \"peerings\": [\r\n      {\r\n        \"name\": \"MicrosoftPeering\",\r\n        \"id\": \"/subscriptions/18b0dc06-a2b8-4c0f-95af-550319fa5eac/resourceGroups/onesdk3248/providers/Microsoft.Network/expressRouteCircuits/onesdk1113/peerings/MicrosoftPeering\",\r\n        \"etag\": \"W/\\\"f3908f07-2b95-4b9f-8671-9f3211ff29e3\\\"\",\r\n        \"properties\": {\r\n          \"provisioningState\": \"Succeeded\",\r\n          \"peeringType\": \"MicrosoftPeering\",\r\n          \"azureASN\": 12076,\r\n          \"peerASN\": 33,\r\n          \"primaryPeerAddressPrefix\": \"192.168.1.0/30\",\r\n          \"secondaryPeerAddressPrefix\": \"192.168.2.0/30\",\r\n          \"primaryAzurePort\": \"EQIX-SJC-06GMR-CIS-1-PRI-A\",\r\n          \"secondaryAzurePort\": \"EQIX-SJC-06GMR-CIS-2-SEC-A\",\r\n          \"state\": \"Enabled\",\r\n          \"vlanId\": 223,\r\n          \"microsoftPeeringConfig\": {\r\n            \"advertisedPublicPrefixes\": [\r\n              \"11.2.3.4/30\",\r\n              \"12.2.3.4/30\"\r\n            ],\r\n            \"advertisedPublicPrefixesState\": \"ValidationNeeded\",\r\n            \"customerASN\": 1000,\r\n            \"routingRegistryName\": \"AFRINIC\"\r\n          }\r\n        }\r\n      }\r\n    ],\r\n    \"authorizations\": [],\r\n    \"serviceProviderProperties\": {\r\n      \"serviceProviderName\": \"equinix\",\r\n      \"peeringLocation\": \"Silicon Valley\",\r\n      \"bandwidthInMbps\": 1000\r\n    },\r\n    \"circuitProvisioningState\": \"Enabled\",\r\n    \"serviceKey\": \"27dbc354-a766-47c8-a30e-25302c5ba2a7\",\r\n    \"serviceProviderProvisioningState\": \"NotProvisioned\"\r\n  },\r\n  \"sku\": {\r\n    \"name\": \"Premium_MeteredData\",\r\n    \"tier\": \"Premium\",\r\n    \"family\": \"MeteredData\"\r\n  }\r\n}",
      "ResponseHeaders": {
        "Content-Length": [
          "2021"
        ],
        "Content-Type": [
          "application/json; charset=utf-8"
        ],
        "Expires": [
          "-1"
        ],
        "Pragma": [
          "no-cache"
        ],
        "x-ms-request-id": [
          "4c8f94f1-803c-41eb-89f0-c1e60e439776"
        ],
        "Strict-Transport-Security": [
          "max-age=31536000; includeSubDomains"
        ],
        "Cache-Control": [
          "no-cache"
        ],
        "Server": [
          "Microsoft-HTTPAPI/2.0",
          "Microsoft-HTTPAPI/2.0"
        ],
        "x-ms-ratelimit-remaining-subscription-reads": [
          "14991"
        ],
        "x-ms-correlation-request-id": [
          "eeeb4d68-1a45-4718-8073-73fb1a41f348"
        ],
        "x-ms-routing-request-id": [
          "WESTUS:20160224T213347Z:eeeb4d68-1a45-4718-8073-73fb1a41f348"
        ],
        "Date": [
          "Wed, 24 Feb 2016 21:33:47 GMT"
        ]
      },
      "StatusCode": 200
    },
    {
      "RequestUri": "/subscriptions/18b0dc06-a2b8-4c0f-95af-550319fa5eac/resourceGroups/onesdk3248/providers/Microsoft.Network/expressRouteCircuits/onesdk1113/?api-version=2016-03-30",
      "EncodedRequestUri": "L3N1YnNjcmlwdGlvbnMvMThiMGRjMDYtYTJiOC00YzBmLTk1YWYtNTUwMzE5ZmE1ZWFjL3Jlc291cmNlR3JvdXBzL29uZXNkazMyNDgvcHJvdmlkZXJzL01pY3Jvc29mdC5OZXR3b3JrL2V4cHJlc3NSb3V0ZUNpcmN1aXRzL29uZXNkazExMTMvP2FwaS12ZXJzaW9uPTIwMTYtMDMtMzA=",
      "RequestMethod": "GET",
      "RequestBody": "",
      "RequestHeaders": {
        "x-ms-client-request-id": [
          "fe92eb0d-0de5-41e0-b5db-d4fd6b288cfd"
        ],
        "accept-language": [
          "en-US"
        ],
        "User-Agent": [
          "Microsoft.Azure.Management.Network.NetworkManagementClient/3.0.0.0"
        ]
      },
      "ResponseBody": "{\r\n  \"name\": \"onesdk1113\",\r\n  \"id\": \"/subscriptions/18b0dc06-a2b8-4c0f-95af-550319fa5eac/resourceGroups/onesdk3248/providers/Microsoft.Network/expressRouteCircuits/onesdk1113\",\r\n  \"etag\": \"W/\\\"f3908f07-2b95-4b9f-8671-9f3211ff29e3\\\"\",\r\n  \"type\": \"Microsoft.Network/expressRouteCircuits\",\r\n  \"location\": \"brazilsouth\",\r\n  \"properties\": {\r\n    \"provisioningState\": \"Succeeded\",\r\n    \"resourceGuid\": \"e72a4bbb-394c-419d-9edc-05dc2322a477\",\r\n    \"peerings\": [\r\n      {\r\n        \"name\": \"MicrosoftPeering\",\r\n        \"id\": \"/subscriptions/18b0dc06-a2b8-4c0f-95af-550319fa5eac/resourceGroups/onesdk3248/providers/Microsoft.Network/expressRouteCircuits/onesdk1113/peerings/MicrosoftPeering\",\r\n        \"etag\": \"W/\\\"f3908f07-2b95-4b9f-8671-9f3211ff29e3\\\"\",\r\n        \"properties\": {\r\n          \"provisioningState\": \"Succeeded\",\r\n          \"peeringType\": \"MicrosoftPeering\",\r\n          \"azureASN\": 12076,\r\n          \"peerASN\": 33,\r\n          \"primaryPeerAddressPrefix\": \"192.168.1.0/30\",\r\n          \"secondaryPeerAddressPrefix\": \"192.168.2.0/30\",\r\n          \"primaryAzurePort\": \"EQIX-SJC-06GMR-CIS-1-PRI-A\",\r\n          \"secondaryAzurePort\": \"EQIX-SJC-06GMR-CIS-2-SEC-A\",\r\n          \"state\": \"Enabled\",\r\n          \"vlanId\": 223,\r\n          \"microsoftPeeringConfig\": {\r\n            \"advertisedPublicPrefixes\": [\r\n              \"11.2.3.4/30\",\r\n              \"12.2.3.4/30\"\r\n            ],\r\n            \"advertisedPublicPrefixesState\": \"ValidationNeeded\",\r\n            \"customerASN\": 1000,\r\n            \"routingRegistryName\": \"AFRINIC\"\r\n          }\r\n        }\r\n      }\r\n    ],\r\n    \"authorizations\": [],\r\n    \"serviceProviderProperties\": {\r\n      \"serviceProviderName\": \"equinix\",\r\n      \"peeringLocation\": \"Silicon Valley\",\r\n      \"bandwidthInMbps\": 1000\r\n    },\r\n    \"circuitProvisioningState\": \"Enabled\",\r\n    \"serviceKey\": \"27dbc354-a766-47c8-a30e-25302c5ba2a7\",\r\n    \"serviceProviderProvisioningState\": \"NotProvisioned\"\r\n  },\r\n  \"sku\": {\r\n    \"name\": \"Premium_MeteredData\",\r\n    \"tier\": \"Premium\",\r\n    \"family\": \"MeteredData\"\r\n  }\r\n}",
      "ResponseHeaders": {
        "Content-Length": [
          "2021"
        ],
        "Content-Type": [
          "application/json; charset=utf-8"
        ],
        "Expires": [
          "-1"
        ],
        "Pragma": [
          "no-cache"
        ],
        "x-ms-request-id": [
          "152d4faa-4e33-47cb-a7fe-00265c427347"
        ],
        "Strict-Transport-Security": [
          "max-age=31536000; includeSubDomains"
        ],
        "Cache-Control": [
          "no-cache"
        ],
        "Server": [
          "Microsoft-HTTPAPI/2.0",
          "Microsoft-HTTPAPI/2.0"
        ],
        "x-ms-ratelimit-remaining-subscription-reads": [
          "14990"
        ],
        "x-ms-correlation-request-id": [
          "c221fb6e-52d4-49bd-96c3-12aac0d0ecf5"
        ],
        "x-ms-routing-request-id": [
          "WESTUS:20160224T213430Z:c221fb6e-52d4-49bd-96c3-12aac0d0ecf5"
        ],
        "Date": [
          "Wed, 24 Feb 2016 21:34:29 GMT"
        ]
      },
      "StatusCode": 200
    },
    {
      "RequestUri": "/subscriptions/18b0dc06-a2b8-4c0f-95af-550319fa5eac/resourceGroups/onesdk3248/providers/Microsoft.Network/expressRouteCircuits/onesdk1113/?api-version=2016-03-30",
      "EncodedRequestUri": "L3N1YnNjcmlwdGlvbnMvMThiMGRjMDYtYTJiOC00YzBmLTk1YWYtNTUwMzE5ZmE1ZWFjL3Jlc291cmNlR3JvdXBzL29uZXNkazMyNDgvcHJvdmlkZXJzL01pY3Jvc29mdC5OZXR3b3JrL2V4cHJlc3NSb3V0ZUNpcmN1aXRzL29uZXNkazExMTMvP2FwaS12ZXJzaW9uPTIwMTYtMDMtMzA=",
      "RequestMethod": "GET",
      "RequestBody": "",
      "RequestHeaders": {
        "User-Agent": [
          "Microsoft.Azure.Management.Network.NetworkManagementClient/3.0.0.0"
        ]
      },
      "ResponseBody": "{\r\n  \"name\": \"onesdk1113\",\r\n  \"id\": \"/subscriptions/18b0dc06-a2b8-4c0f-95af-550319fa5eac/resourceGroups/onesdk3248/providers/Microsoft.Network/expressRouteCircuits/onesdk1113\",\r\n  \"etag\": \"W/\\\"ecb21263-42bc-4293-af40-02056b8b88ca\\\"\",\r\n  \"type\": \"Microsoft.Network/expressRouteCircuits\",\r\n  \"location\": \"brazilsouth\",\r\n  \"properties\": {\r\n    \"provisioningState\": \"Succeeded\",\r\n    \"resourceGuid\": \"e72a4bbb-394c-419d-9edc-05dc2322a477\",\r\n    \"peerings\": [\r\n      {\r\n        \"name\": \"MicrosoftPeering\",\r\n        \"id\": \"/subscriptions/18b0dc06-a2b8-4c0f-95af-550319fa5eac/resourceGroups/onesdk3248/providers/Microsoft.Network/expressRouteCircuits/onesdk1113/peerings/MicrosoftPeering\",\r\n        \"etag\": \"W/\\\"ecb21263-42bc-4293-af40-02056b8b88ca\\\"\",\r\n        \"properties\": {\r\n          \"provisioningState\": \"Succeeded\",\r\n          \"peeringType\": \"MicrosoftPeering\",\r\n          \"azureASN\": 12076,\r\n          \"peerASN\": 44,\r\n          \"primaryPeerAddressPrefix\": \"192.168.1.0/30\",\r\n          \"secondaryPeerAddressPrefix\": \"192.168.2.0/30\",\r\n          \"primaryAzurePort\": \"EQIX-SJC-06GMR-CIS-1-PRI-A\",\r\n          \"secondaryAzurePort\": \"EQIX-SJC-06GMR-CIS-2-SEC-A\",\r\n          \"state\": \"Enabled\",\r\n          \"vlanId\": 555,\r\n          \"microsoftPeeringConfig\": {\r\n            \"advertisedPublicPrefixes\": [\r\n              \"11.2.3.4/30\",\r\n              \"12.2.3.4/30\"\r\n            ],\r\n            \"advertisedPublicPrefixesState\": \"ValidationNeeded\",\r\n            \"customerASN\": 1000,\r\n            \"routingRegistryName\": \"AFRINIC\"\r\n          }\r\n        }\r\n      }\r\n    ],\r\n    \"authorizations\": [],\r\n    \"serviceProviderProperties\": {\r\n      \"serviceProviderName\": \"equinix\",\r\n      \"peeringLocation\": \"Silicon Valley\",\r\n      \"bandwidthInMbps\": 1000\r\n    },\r\n    \"circuitProvisioningState\": \"Enabled\",\r\n    \"serviceKey\": \"27dbc354-a766-47c8-a30e-25302c5ba2a7\",\r\n    \"serviceProviderProvisioningState\": \"NotProvisioned\"\r\n  },\r\n  \"sku\": {\r\n    \"name\": \"Premium_MeteredData\",\r\n    \"tier\": \"Premium\",\r\n    \"family\": \"MeteredData\"\r\n  }\r\n}",
      "ResponseHeaders": {
        "Content-Length": [
          "2021"
        ],
        "Content-Type": [
          "application/json; charset=utf-8"
        ],
        "Expires": [
          "-1"
        ],
        "Pragma": [
          "no-cache"
        ],
        "x-ms-request-id": [
          "ae25d9ec-a725-437c-b461-63e7f6b42497"
        ],
        "Strict-Transport-Security": [
          "max-age=31536000; includeSubDomains"
        ],
        "Cache-Control": [
          "no-cache"
        ],
        "Server": [
          "Microsoft-HTTPAPI/2.0",
          "Microsoft-HTTPAPI/2.0"
        ],
        "x-ms-ratelimit-remaining-subscription-reads": [
          "14987"
        ],
        "x-ms-correlation-request-id": [
          "97715811-8127-4037-a818-6e63f200b0e8"
        ],
        "x-ms-routing-request-id": [
          "WESTUS:20160224T213542Z:97715811-8127-4037-a818-6e63f200b0e8"
        ],
        "Date": [
          "Wed, 24 Feb 2016 21:35:42 GMT"
        ]
      },
      "StatusCode": 200
    },
    {
      "RequestUri": "/subscriptions/18b0dc06-a2b8-4c0f-95af-550319fa5eac/resourceGroups/onesdk3248/providers/Microsoft.Network/expressRouteCircuits/onesdk1113/?api-version=2016-03-30",
      "EncodedRequestUri": "L3N1YnNjcmlwdGlvbnMvMThiMGRjMDYtYTJiOC00YzBmLTk1YWYtNTUwMzE5ZmE1ZWFjL3Jlc291cmNlR3JvdXBzL29uZXNkazMyNDgvcHJvdmlkZXJzL01pY3Jvc29mdC5OZXR3b3JrL2V4cHJlc3NSb3V0ZUNpcmN1aXRzL29uZXNkazExMTMvP2FwaS12ZXJzaW9uPTIwMTYtMDMtMzA=",
      "RequestMethod": "GET",
      "RequestBody": "",
      "RequestHeaders": {
        "x-ms-client-request-id": [
          "7eed8e5b-a6b6-41bd-b10e-e038abe4d02d"
        ],
        "accept-language": [
          "en-US"
        ],
        "User-Agent": [
          "Microsoft.Azure.Management.Network.NetworkManagementClient/3.0.0.0"
        ]
      },
      "ResponseBody": "{\r\n  \"name\": \"onesdk1113\",\r\n  \"id\": \"/subscriptions/18b0dc06-a2b8-4c0f-95af-550319fa5eac/resourceGroups/onesdk3248/providers/Microsoft.Network/expressRouteCircuits/onesdk1113\",\r\n  \"etag\": \"W/\\\"ecb21263-42bc-4293-af40-02056b8b88ca\\\"\",\r\n  \"type\": \"Microsoft.Network/expressRouteCircuits\",\r\n  \"location\": \"brazilsouth\",\r\n  \"properties\": {\r\n    \"provisioningState\": \"Succeeded\",\r\n    \"resourceGuid\": \"e72a4bbb-394c-419d-9edc-05dc2322a477\",\r\n    \"peerings\": [\r\n      {\r\n        \"name\": \"MicrosoftPeering\",\r\n        \"id\": \"/subscriptions/18b0dc06-a2b8-4c0f-95af-550319fa5eac/resourceGroups/onesdk3248/providers/Microsoft.Network/expressRouteCircuits/onesdk1113/peerings/MicrosoftPeering\",\r\n        \"etag\": \"W/\\\"ecb21263-42bc-4293-af40-02056b8b88ca\\\"\",\r\n        \"properties\": {\r\n          \"provisioningState\": \"Succeeded\",\r\n          \"peeringType\": \"MicrosoftPeering\",\r\n          \"azureASN\": 12076,\r\n          \"peerASN\": 44,\r\n          \"primaryPeerAddressPrefix\": \"192.168.1.0/30\",\r\n          \"secondaryPeerAddressPrefix\": \"192.168.2.0/30\",\r\n          \"primaryAzurePort\": \"EQIX-SJC-06GMR-CIS-1-PRI-A\",\r\n          \"secondaryAzurePort\": \"EQIX-SJC-06GMR-CIS-2-SEC-A\",\r\n          \"state\": \"Enabled\",\r\n          \"vlanId\": 555,\r\n          \"microsoftPeeringConfig\": {\r\n            \"advertisedPublicPrefixes\": [\r\n              \"11.2.3.4/30\",\r\n              \"12.2.3.4/30\"\r\n            ],\r\n            \"advertisedPublicPrefixesState\": \"ValidationNeeded\",\r\n            \"customerASN\": 1000,\r\n            \"routingRegistryName\": \"AFRINIC\"\r\n          }\r\n        }\r\n      }\r\n    ],\r\n    \"authorizations\": [],\r\n    \"serviceProviderProperties\": {\r\n      \"serviceProviderName\": \"equinix\",\r\n      \"peeringLocation\": \"Silicon Valley\",\r\n      \"bandwidthInMbps\": 1000\r\n    },\r\n    \"circuitProvisioningState\": \"Enabled\",\r\n    \"serviceKey\": \"27dbc354-a766-47c8-a30e-25302c5ba2a7\",\r\n    \"serviceProviderProvisioningState\": \"NotProvisioned\"\r\n  },\r\n  \"sku\": {\r\n    \"name\": \"Premium_MeteredData\",\r\n    \"tier\": \"Premium\",\r\n    \"family\": \"MeteredData\"\r\n  }\r\n}",
      "ResponseHeaders": {
        "Content-Length": [
          "2021"
        ],
        "Content-Type": [
          "application/json; charset=utf-8"
        ],
        "Expires": [
          "-1"
        ],
        "Pragma": [
          "no-cache"
        ],
        "x-ms-request-id": [
          "1a832f83-8288-4e20-adb4-57a754769e7a"
        ],
        "Strict-Transport-Security": [
          "max-age=31536000; includeSubDomains"
        ],
        "Cache-Control": [
          "no-cache"
        ],
        "Server": [
          "Microsoft-HTTPAPI/2.0",
          "Microsoft-HTTPAPI/2.0"
        ],
        "x-ms-ratelimit-remaining-subscription-reads": [
          "14986"
        ],
        "x-ms-correlation-request-id": [
          "76eaf922-6fb5-4a9b-96fc-051a2be4603c"
        ],
        "x-ms-routing-request-id": [
          "WESTUS:20160224T213551Z:76eaf922-6fb5-4a9b-96fc-051a2be4603c"
        ],
        "Date": [
          "Wed, 24 Feb 2016 21:35:50 GMT"
        ]
      },
      "StatusCode": 200
    },
    {
      "RequestUri": "/subscriptions/18b0dc06-a2b8-4c0f-95af-550319fa5eac/resourceGroups/onesdk3248/providers/Microsoft.Network/expressRouteCircuits/onesdk1113/?api-version=2016-03-30",
      "EncodedRequestUri": "L3N1YnNjcmlwdGlvbnMvMThiMGRjMDYtYTJiOC00YzBmLTk1YWYtNTUwMzE5ZmE1ZWFjL3Jlc291cmNlR3JvdXBzL29uZXNkazMyNDgvcHJvdmlkZXJzL01pY3Jvc29mdC5OZXR3b3JrL2V4cHJlc3NSb3V0ZUNpcmN1aXRzL29uZXNkazExMTMvP2FwaS12ZXJzaW9uPTIwMTYtMDMtMzA=",
      "RequestMethod": "PUT",
      "RequestBody": "{\r\n  \"sku\": {\r\n    \"name\": \"Premium_MeteredData\",\r\n    \"tier\": \"Premium\",\r\n    \"family\": \"MeteredData\"\r\n  },\r\n  \"location\": \"brazilSouth\",\r\n  \"properties\": {\r\n    \"authorizations\": [],\r\n    \"peerings\": [\r\n      {\r\n        \"name\": \"MicrosoftPeering\",\r\n        \"properties\": {\r\n          \"peeringType\": \"MicrosoftPeering\",\r\n          \"azureASN\": 0,\r\n          \"peerASN\": 33,\r\n          \"primaryPeerAddressPrefix\": \"192.168.1.0/30\",\r\n          \"secondaryPeerAddressPrefix\": \"192.168.2.0/30\",\r\n          \"vlanId\": 223,\r\n          \"microsoftPeeringConfig\": {\r\n            \"advertisedPublicPrefixes\": [\r\n              \"11.2.3.4/30\",\r\n              \"12.2.3.4/30\"\r\n            ],\r\n            \"customerASN\": 1000,\r\n            \"routingRegistryName\": \"AFRINIC\"\r\n          }\r\n        }\r\n      }\r\n    ],\r\n    \"serviceProviderProperties\": {\r\n      \"serviceProviderName\": \"equinix\",\r\n      \"peeringLocation\": \"Silicon Valley\",\r\n      \"bandwidthInMbps\": 1000\r\n    }\r\n  }\r\n}",
      "RequestHeaders": {
        "Content-Type": [
          "application/json; charset=utf-8"
        ],
        "Content-Length": [
          "959"
        ],
        "x-ms-client-request-id": [
          "b7b2973e-d958-4a3f-a2af-2ff13f669fe9"
        ],
        "accept-language": [
          "en-US"
        ],
        "User-Agent": [
          "Microsoft.Azure.Management.Network.NetworkManagementClient/3.0.0.0"
        ]
      },
      "ResponseBody": "{\r\n  \"name\": \"onesdk1113\",\r\n  \"id\": \"/subscriptions/18b0dc06-a2b8-4c0f-95af-550319fa5eac/resourceGroups/onesdk3248/providers/Microsoft.Network/expressRouteCircuits/onesdk1113\",\r\n  \"etag\": \"W/\\\"a4a1c9a7-44a3-45a4-afbd-e7a6d87065bd\\\"\",\r\n  \"type\": \"Microsoft.Network/expressRouteCircuits\",\r\n  \"location\": \"brazilsouth\",\r\n  \"properties\": {\r\n    \"provisioningState\": \"Updating\",\r\n    \"resourceGuid\": \"e72a4bbb-394c-419d-9edc-05dc2322a477\",\r\n    \"peerings\": [\r\n      {\r\n        \"name\": \"MicrosoftPeering\",\r\n        \"id\": \"/subscriptions/18b0dc06-a2b8-4c0f-95af-550319fa5eac/resourceGroups/onesdk3248/providers/Microsoft.Network/expressRouteCircuits/onesdk1113/peerings/MicrosoftPeering\",\r\n        \"etag\": \"W/\\\"a4a1c9a7-44a3-45a4-afbd-e7a6d87065bd\\\"\",\r\n        \"properties\": {\r\n          \"provisioningState\": \"Updating\",\r\n          \"peeringType\": \"MicrosoftPeering\",\r\n          \"azureASN\": 0,\r\n          \"peerASN\": 33,\r\n          \"primaryPeerAddressPrefix\": \"192.168.1.0/30\",\r\n          \"secondaryPeerAddressPrefix\": \"192.168.2.0/30\",\r\n          \"state\": \"Disabled\",\r\n          \"vlanId\": 223,\r\n          \"microsoftPeeringConfig\": {\r\n            \"advertisedPublicPrefixes\": [\r\n              \"11.2.3.4/30\",\r\n              \"12.2.3.4/30\"\r\n            ],\r\n            \"advertisedPublicPrefixesState\": \"NotConfigured\",\r\n            \"customerASN\": 1000,\r\n            \"routingRegistryName\": \"AFRINIC\"\r\n          }\r\n        }\r\n      }\r\n    ],\r\n    \"authorizations\": [],\r\n    \"serviceProviderProperties\": {\r\n      \"serviceProviderName\": \"equinix\",\r\n      \"peeringLocation\": \"Silicon Valley\",\r\n      \"bandwidthInMbps\": 1000\r\n    },\r\n    \"circuitProvisioningState\": \"Disabled\",\r\n    \"serviceKey\": \"00000000-0000-0000-0000-000000000000\",\r\n    \"serviceProviderProvisioningState\": \"NotProvisioned\"\r\n  },\r\n  \"sku\": {\r\n    \"name\": \"Premium_MeteredData\",\r\n    \"tier\": \"Premium\",\r\n    \"family\": \"MeteredData\"\r\n  }\r\n}",
      "ResponseHeaders": {
        "Content-Length": [
          "1890"
        ],
        "Content-Type": [
          "application/json; charset=utf-8"
        ],
        "Expires": [
          "-1"
        ],
        "Pragma": [
          "no-cache"
        ],
        "Retry-After": [
          "10"
        ],
        "x-ms-request-id": [
          "5b7169d6-67e7-4e23-85f0-8b46475829fd"
        ],
        "Azure-AsyncOperation": [
          "https://management.azure.com/subscriptions/18b0dc06-a2b8-4c0f-95af-550319fa5eac/providers/Microsoft.Network/locations/brazilsouth/operations/5b7169d6-67e7-4e23-85f0-8b46475829fd?api-version=2016-03-30"
        ],
        "Strict-Transport-Security": [
          "max-age=31536000; includeSubDomains"
        ],
        "Cache-Control": [
          "no-cache"
        ],
        "Server": [
          "Microsoft-HTTPAPI/2.0",
          "Microsoft-HTTPAPI/2.0"
        ],
        "x-ms-ratelimit-remaining-subscription-writes": [
          "1199"
        ],
        "x-ms-correlation-request-id": [
          "57352655-6dce-439c-a0d8-fa31ce2c9cd7"
        ],
        "x-ms-routing-request-id": [
          "WESTUS:20160224T213054Z:57352655-6dce-439c-a0d8-fa31ce2c9cd7"
        ],
        "Date": [
          "Wed, 24 Feb 2016 21:30:53 GMT"
        ]
      },
      "StatusCode": 201
    },
    {
      "RequestUri": "/subscriptions/18b0dc06-a2b8-4c0f-95af-550319fa5eac/resourceGroups/onesdk3248/providers/Microsoft.Network/expressRouteCircuits/onesdk1113/?api-version=2016-03-30",
      "EncodedRequestUri": "L3N1YnNjcmlwdGlvbnMvMThiMGRjMDYtYTJiOC00YzBmLTk1YWYtNTUwMzE5ZmE1ZWFjL3Jlc291cmNlR3JvdXBzL29uZXNkazMyNDgvcHJvdmlkZXJzL01pY3Jvc29mdC5OZXR3b3JrL2V4cHJlc3NSb3V0ZUNpcmN1aXRzL29uZXNkazExMTMvP2FwaS12ZXJzaW9uPTIwMTYtMDMtMzA=",
      "RequestMethod": "PUT",
      "RequestBody": "{\r\n  \"sku\": {\r\n    \"name\": \"Premium_MeteredData\",\r\n    \"tier\": \"Premium\",\r\n    \"family\": \"MeteredData\"\r\n  },\r\n  \"etag\": \"W/\\\"f3908f07-2b95-4b9f-8671-9f3211ff29e3\\\"\",\r\n  \"id\": \"/subscriptions/18b0dc06-a2b8-4c0f-95af-550319fa5eac/resourceGroups/onesdk3248/providers/Microsoft.Network/expressRouteCircuits/onesdk1113\",\r\n  \"location\": \"brazilsouth\",\r\n  \"properties\": {\r\n    \"circuitProvisioningState\": \"Enabled\",\r\n    \"serviceProviderProvisioningState\": \"NotProvisioned\",\r\n    \"authorizations\": [],\r\n    \"peerings\": [\r\n      {\r\n        \"name\": \"MicrosoftPeering\",\r\n        \"etag\": \"W/\\\"f3908f07-2b95-4b9f-8671-9f3211ff29e3\\\"\",\r\n        \"id\": \"/subscriptions/18b0dc06-a2b8-4c0f-95af-550319fa5eac/resourceGroups/onesdk3248/providers/Microsoft.Network/expressRouteCircuits/onesdk1113/peerings/MicrosoftPeering\",\r\n        \"properties\": {\r\n          \"peeringType\": \"MicrosoftPeering\",\r\n          \"state\": \"Enabled\",\r\n          \"azureASN\": 12076,\r\n          \"peerASN\": 44,\r\n          \"primaryPeerAddressPrefix\": \"192.168.1.0/30\",\r\n          \"secondaryPeerAddressPrefix\": \"192.168.2.0/30\",\r\n          \"primaryAzurePort\": \"EQIX-SJC-06GMR-CIS-1-PRI-A\",\r\n          \"secondaryAzurePort\": \"EQIX-SJC-06GMR-CIS-2-SEC-A\",\r\n          \"vlanId\": 555,\r\n          \"microsoftPeeringConfig\": {\r\n            \"advertisedPublicPrefixes\": [\r\n              \"11.2.3.4/30\",\r\n              \"12.2.3.4/30\"\r\n            ],\r\n            \"customerASN\": 1000,\r\n            \"routingRegistryName\": \"AFRINIC\"\r\n          },\r\n          \"provisioningState\": \"Succeeded\"\r\n        }\r\n      }\r\n    ],\r\n    \"serviceKey\": \"27dbc354-a766-47c8-a30e-25302c5ba2a7\",\r\n    \"serviceProviderProperties\": {\r\n      \"serviceProviderName\": \"equinix\",\r\n      \"peeringLocation\": \"Silicon Valley\",\r\n      \"bandwidthInMbps\": 1000\r\n    },\r\n    \"provisioningState\": \"Succeeded\"\r\n  }\r\n}",
      "RequestHeaders": {
        "Content-Type": [
          "application/json; charset=utf-8"
        ],
        "Content-Length": [
          "1816"
        ],
        "x-ms-client-request-id": [
          "14d61732-65a0-43c4-852d-7e89492d29fc"
        ],
        "accept-language": [
          "en-US"
        ],
        "User-Agent": [
          "Microsoft.Azure.Management.Network.NetworkManagementClient/3.0.0.0"
        ]
      },
      "ResponseBody": "{\r\n  \"name\": \"onesdk1113\",\r\n  \"id\": \"/subscriptions/18b0dc06-a2b8-4c0f-95af-550319fa5eac/resourceGroups/onesdk3248/providers/Microsoft.Network/expressRouteCircuits/onesdk1113\",\r\n  \"etag\": \"W/\\\"865ed48d-1629-43cd-9ef9-09c7badd6279\\\"\",\r\n  \"type\": \"Microsoft.Network/expressRouteCircuits\",\r\n  \"location\": \"brazilsouth\",\r\n  \"properties\": {\r\n    \"provisioningState\": \"Updating\",\r\n    \"resourceGuid\": \"e72a4bbb-394c-419d-9edc-05dc2322a477\",\r\n    \"peerings\": [\r\n      {\r\n        \"name\": \"MicrosoftPeering\",\r\n        \"id\": \"/subscriptions/18b0dc06-a2b8-4c0f-95af-550319fa5eac/resourceGroups/onesdk3248/providers/Microsoft.Network/expressRouteCircuits/onesdk1113/peerings/MicrosoftPeering\",\r\n        \"etag\": \"W/\\\"865ed48d-1629-43cd-9ef9-09c7badd6279\\\"\",\r\n        \"properties\": {\r\n          \"provisioningState\": \"Updating\",\r\n          \"peeringType\": \"MicrosoftPeering\",\r\n          \"azureASN\": 12076,\r\n          \"peerASN\": 44,\r\n          \"primaryPeerAddressPrefix\": \"192.168.1.0/30\",\r\n          \"secondaryPeerAddressPrefix\": \"192.168.2.0/30\",\r\n          \"primaryAzurePort\": \"EQIX-SJC-06GMR-CIS-1-PRI-A\",\r\n          \"secondaryAzurePort\": \"EQIX-SJC-06GMR-CIS-2-SEC-A\",\r\n          \"state\": \"Enabled\",\r\n          \"vlanId\": 555,\r\n          \"microsoftPeeringConfig\": {\r\n            \"advertisedPublicPrefixes\": [\r\n              \"11.2.3.4/30\",\r\n              \"12.2.3.4/30\"\r\n            ],\r\n            \"advertisedPublicPrefixesState\": \"ValidationNeeded\",\r\n            \"customerASN\": 1000,\r\n            \"routingRegistryName\": \"AFRINIC\"\r\n          }\r\n        }\r\n      }\r\n    ],\r\n    \"authorizations\": [],\r\n    \"serviceProviderProperties\": {\r\n      \"serviceProviderName\": \"equinix\",\r\n      \"peeringLocation\": \"Silicon Valley\",\r\n      \"bandwidthInMbps\": 1000\r\n    },\r\n    \"circuitProvisioningState\": \"Disabled\",\r\n    \"serviceKey\": \"27dbc354-a766-47c8-a30e-25302c5ba2a7\",\r\n    \"serviceProviderProvisioningState\": \"NotProvisioned\"\r\n  },\r\n  \"sku\": {\r\n    \"name\": \"Premium_MeteredData\",\r\n    \"tier\": \"Premium\",\r\n    \"family\": \"MeteredData\"\r\n  }\r\n}",
      "ResponseHeaders": {
        "Content-Length": [
          "2020"
        ],
        "Content-Type": [
          "application/json; charset=utf-8"
        ],
        "Expires": [
          "-1"
        ],
        "Pragma": [
          "no-cache"
        ],
        "Retry-After": [
          "10"
        ],
        "x-ms-request-id": [
          "dc6b41bb-df0c-4e13-8633-7da1c984756f"
        ],
        "Azure-AsyncOperation": [
          "https://management.azure.com/subscriptions/18b0dc06-a2b8-4c0f-95af-550319fa5eac/providers/Microsoft.Network/locations/brazilsouth/operations/dc6b41bb-df0c-4e13-8633-7da1c984756f?api-version=2016-03-30"
        ],
        "Strict-Transport-Security": [
          "max-age=31536000; includeSubDomains"
        ],
        "Cache-Control": [
          "no-cache"
        ],
        "Server": [
          "Microsoft-HTTPAPI/2.0",
          "Microsoft-HTTPAPI/2.0"
        ],
        "x-ms-ratelimit-remaining-subscription-writes": [
          "1198"
        ],
        "x-ms-correlation-request-id": [
          "2c8fa414-4f74-4348-b631-68f653fa9fce"
        ],
        "x-ms-routing-request-id": [
          "WESTUS:20160224T213432Z:2c8fa414-4f74-4348-b631-68f653fa9fce"
        ],
        "Date": [
          "Wed, 24 Feb 2016 21:34:31 GMT"
        ]
      },
      "StatusCode": 200
    },
    {
      "RequestUri": "/subscriptions/18b0dc06-a2b8-4c0f-95af-550319fa5eac/providers/Microsoft.Network/locations/brazilsouth/operations/5b7169d6-67e7-4e23-85f0-8b46475829fd?api-version=2016-03-30",
      "EncodedRequestUri": "L3N1YnNjcmlwdGlvbnMvMThiMGRjMDYtYTJiOC00YzBmLTk1YWYtNTUwMzE5ZmE1ZWFjL3Byb3ZpZGVycy9NaWNyb3NvZnQuTmV0d29yay9sb2NhdGlvbnMvYnJhemlsc291dGgvb3BlcmF0aW9ucy81YjcxNjlkNi02N2U3LTRlMjMtODVmMC04YjQ2NDc1ODI5ZmQ/YXBpLXZlcnNpb249MjAxNi0wMy0zMA==",
      "RequestMethod": "GET",
      "RequestBody": "",
      "RequestHeaders": {
        "User-Agent": [
          "Microsoft.Azure.Management.Network.NetworkManagementClient/3.0.0.0"
        ]
      },
      "ResponseBody": "{\r\n  \"status\": \"InProgress\"\r\n}",
      "ResponseHeaders": {
        "Content-Length": [
          "30"
        ],
        "Content-Type": [
          "application/json; charset=utf-8"
        ],
        "Expires": [
          "-1"
        ],
        "Pragma": [
          "no-cache"
        ],
        "x-ms-request-id": [
          "2a300091-def3-407a-91fb-2bea957282b1"
        ],
        "Strict-Transport-Security": [
          "max-age=31536000; includeSubDomains"
        ],
        "Cache-Control": [
          "no-cache"
        ],
        "Server": [
          "Microsoft-HTTPAPI/2.0",
          "Microsoft-HTTPAPI/2.0"
        ],
        "x-ms-ratelimit-remaining-subscription-reads": [
          "14998"
        ],
        "x-ms-correlation-request-id": [
          "fb7e5bd4-abf1-4539-86aa-bbaa6a86701c"
        ],
        "x-ms-routing-request-id": [
          "WESTUS:20160224T213125Z:fb7e5bd4-abf1-4539-86aa-bbaa6a86701c"
        ],
        "Date": [
          "Wed, 24 Feb 2016 21:31:24 GMT"
        ]
      },
      "StatusCode": 200
    },
    {
      "RequestUri": "/subscriptions/18b0dc06-a2b8-4c0f-95af-550319fa5eac/providers/Microsoft.Network/locations/brazilsouth/operations/5b7169d6-67e7-4e23-85f0-8b46475829fd?api-version=2016-03-30",
      "EncodedRequestUri": "L3N1YnNjcmlwdGlvbnMvMThiMGRjMDYtYTJiOC00YzBmLTk1YWYtNTUwMzE5ZmE1ZWFjL3Byb3ZpZGVycy9NaWNyb3NvZnQuTmV0d29yay9sb2NhdGlvbnMvYnJhemlsc291dGgvb3BlcmF0aW9ucy81YjcxNjlkNi02N2U3LTRlMjMtODVmMC04YjQ2NDc1ODI5ZmQ/YXBpLXZlcnNpb249MjAxNi0wMy0zMA==",
      "RequestMethod": "GET",
      "RequestBody": "",
      "RequestHeaders": {
        "User-Agent": [
          "Microsoft.Azure.Management.Network.NetworkManagementClient/3.0.0.0"
        ]
      },
      "ResponseBody": "{\r\n  \"status\": \"InProgress\"\r\n}",
      "ResponseHeaders": {
        "Content-Length": [
          "30"
        ],
        "Content-Type": [
          "application/json; charset=utf-8"
        ],
        "Expires": [
          "-1"
        ],
        "Pragma": [
          "no-cache"
        ],
        "x-ms-request-id": [
          "9df770dd-371f-4d3c-be46-6b6fefe729be"
        ],
        "Strict-Transport-Security": [
          "max-age=31536000; includeSubDomains"
        ],
        "Cache-Control": [
          "no-cache"
        ],
        "Server": [
          "Microsoft-HTTPAPI/2.0",
          "Microsoft-HTTPAPI/2.0"
        ],
        "x-ms-ratelimit-remaining-subscription-reads": [
          "14997"
        ],
        "x-ms-correlation-request-id": [
          "d05a77db-91d9-4218-a194-871472907f44"
        ],
        "x-ms-routing-request-id": [
          "WESTUS:20160224T213156Z:d05a77db-91d9-4218-a194-871472907f44"
        ],
        "Date": [
          "Wed, 24 Feb 2016 21:31:55 GMT"
        ]
      },
      "StatusCode": 200
    },
    {
      "RequestUri": "/subscriptions/18b0dc06-a2b8-4c0f-95af-550319fa5eac/providers/Microsoft.Network/locations/brazilsouth/operations/5b7169d6-67e7-4e23-85f0-8b46475829fd?api-version=2016-03-30",
      "EncodedRequestUri": "L3N1YnNjcmlwdGlvbnMvMThiMGRjMDYtYTJiOC00YzBmLTk1YWYtNTUwMzE5ZmE1ZWFjL3Byb3ZpZGVycy9NaWNyb3NvZnQuTmV0d29yay9sb2NhdGlvbnMvYnJhemlsc291dGgvb3BlcmF0aW9ucy81YjcxNjlkNi02N2U3LTRlMjMtODVmMC04YjQ2NDc1ODI5ZmQ/YXBpLXZlcnNpb249MjAxNi0wMy0zMA==",
      "RequestMethod": "GET",
      "RequestBody": "",
      "RequestHeaders": {
        "User-Agent": [
          "Microsoft.Azure.Management.Network.NetworkManagementClient/3.0.0.0"
        ]
      },
      "ResponseBody": "{\r\n  \"status\": \"InProgress\"\r\n}",
      "ResponseHeaders": {
        "Content-Length": [
          "30"
        ],
        "Content-Type": [
          "application/json; charset=utf-8"
        ],
        "Expires": [
          "-1"
        ],
        "Pragma": [
          "no-cache"
        ],
        "x-ms-request-id": [
          "a92526e0-3a9d-4629-9771-dbe0b59651d9"
        ],
        "Strict-Transport-Security": [
          "max-age=31536000; includeSubDomains"
        ],
        "Cache-Control": [
          "no-cache"
        ],
        "Server": [
          "Microsoft-HTTPAPI/2.0",
          "Microsoft-HTTPAPI/2.0"
        ],
        "x-ms-ratelimit-remaining-subscription-reads": [
          "14996"
        ],
        "x-ms-correlation-request-id": [
          "c7141950-6023-431a-b137-c4d285562f69"
        ],
        "x-ms-routing-request-id": [
          "WESTUS:20160224T213227Z:c7141950-6023-431a-b137-c4d285562f69"
        ],
        "Date": [
          "Wed, 24 Feb 2016 21:32:26 GMT"
        ]
      },
      "StatusCode": 200
    },
    {
      "RequestUri": "/subscriptions/18b0dc06-a2b8-4c0f-95af-550319fa5eac/providers/Microsoft.Network/locations/brazilsouth/operations/5b7169d6-67e7-4e23-85f0-8b46475829fd?api-version=2016-03-30",
      "EncodedRequestUri": "L3N1YnNjcmlwdGlvbnMvMThiMGRjMDYtYTJiOC00YzBmLTk1YWYtNTUwMzE5ZmE1ZWFjL3Byb3ZpZGVycy9NaWNyb3NvZnQuTmV0d29yay9sb2NhdGlvbnMvYnJhemlsc291dGgvb3BlcmF0aW9ucy81YjcxNjlkNi02N2U3LTRlMjMtODVmMC04YjQ2NDc1ODI5ZmQ/YXBpLXZlcnNpb249MjAxNi0wMy0zMA==",
      "RequestMethod": "GET",
      "RequestBody": "",
      "RequestHeaders": {
        "User-Agent": [
          "Microsoft.Azure.Management.Network.NetworkManagementClient/3.0.0.0"
        ]
      },
      "ResponseBody": "{\r\n  \"status\": \"InProgress\"\r\n}",
      "ResponseHeaders": {
        "Content-Length": [
          "30"
        ],
        "Content-Type": [
          "application/json; charset=utf-8"
        ],
        "Expires": [
          "-1"
        ],
        "Pragma": [
          "no-cache"
        ],
        "x-ms-request-id": [
          "ca5c6278-8fcd-4656-a785-0ca3523c13fb"
        ],
        "Strict-Transport-Security": [
          "max-age=31536000; includeSubDomains"
        ],
        "Cache-Control": [
          "no-cache"
        ],
        "Server": [
          "Microsoft-HTTPAPI/2.0",
          "Microsoft-HTTPAPI/2.0"
        ],
        "x-ms-ratelimit-remaining-subscription-reads": [
          "14995"
        ],
        "x-ms-correlation-request-id": [
          "95caab90-01c0-43ab-9093-5dc526707fe5"
        ],
        "x-ms-routing-request-id": [
          "WESTUS:20160224T213258Z:95caab90-01c0-43ab-9093-5dc526707fe5"
        ],
        "Date": [
          "Wed, 24 Feb 2016 21:32:57 GMT"
        ]
      },
      "StatusCode": 200
    },
    {
      "RequestUri": "/subscriptions/18b0dc06-a2b8-4c0f-95af-550319fa5eac/providers/Microsoft.Network/locations/brazilsouth/operations/5b7169d6-67e7-4e23-85f0-8b46475829fd?api-version=2016-03-30",
      "EncodedRequestUri": "L3N1YnNjcmlwdGlvbnMvMThiMGRjMDYtYTJiOC00YzBmLTk1YWYtNTUwMzE5ZmE1ZWFjL3Byb3ZpZGVycy9NaWNyb3NvZnQuTmV0d29yay9sb2NhdGlvbnMvYnJhemlsc291dGgvb3BlcmF0aW9ucy81YjcxNjlkNi02N2U3LTRlMjMtODVmMC04YjQ2NDc1ODI5ZmQ/YXBpLXZlcnNpb249MjAxNi0wMy0zMA==",
      "RequestMethod": "GET",
      "RequestBody": "",
      "RequestHeaders": {
        "User-Agent": [
          "Microsoft.Azure.Management.Network.NetworkManagementClient/3.0.0.0"
        ]
      },
      "ResponseBody": "{\r\n  \"status\": \"Succeeded\"\r\n}",
      "ResponseHeaders": {
        "Content-Length": [
          "29"
        ],
        "Content-Type": [
          "application/json; charset=utf-8"
        ],
        "Expires": [
          "-1"
        ],
        "Pragma": [
          "no-cache"
        ],
        "x-ms-request-id": [
          "b2aa8ffb-0199-43c8-a016-bd5347d22e29"
        ],
        "Strict-Transport-Security": [
          "max-age=31536000; includeSubDomains"
        ],
        "Cache-Control": [
          "no-cache"
        ],
        "Server": [
          "Microsoft-HTTPAPI/2.0",
          "Microsoft-HTTPAPI/2.0"
        ],
        "x-ms-ratelimit-remaining-subscription-reads": [
          "14994"
        ],
        "x-ms-correlation-request-id": [
          "a275df5a-7d50-4104-915b-3d90b3a211a6"
        ],
        "x-ms-routing-request-id": [
          "WESTUS:20160224T213328Z:a275df5a-7d50-4104-915b-3d90b3a211a6"
        ],
        "Date": [
          "Wed, 24 Feb 2016 21:33:28 GMT"
        ]
      },
      "StatusCode": 200
    },
    {
      "RequestUri": "/subscriptions/18b0dc06-a2b8-4c0f-95af-550319fa5eac/providers/Microsoft.Network/locations/brazilsouth/operations/dc6b41bb-df0c-4e13-8633-7da1c984756f?api-version=2016-03-30",
      "EncodedRequestUri": "L3N1YnNjcmlwdGlvbnMvMThiMGRjMDYtYTJiOC00YzBmLTk1YWYtNTUwMzE5ZmE1ZWFjL3Byb3ZpZGVycy9NaWNyb3NvZnQuTmV0d29yay9sb2NhdGlvbnMvYnJhemlsc291dGgvb3BlcmF0aW9ucy9kYzZiNDFiYi1kZjBjLTRlMTMtODYzMy03ZGExYzk4NDc1NmY/YXBpLXZlcnNpb249MjAxNi0wMy0zMA==",
      "RequestMethod": "GET",
      "RequestBody": "",
      "RequestHeaders": {
        "User-Agent": [
          "Microsoft.Azure.Management.Network.NetworkManagementClient/3.0.0.0"
        ]
      },
      "ResponseBody": "{\r\n  \"status\": \"InProgress\"\r\n}",
      "ResponseHeaders": {
        "Content-Length": [
          "30"
        ],
        "Content-Type": [
          "application/json; charset=utf-8"
        ],
        "Expires": [
          "-1"
        ],
        "Pragma": [
          "no-cache"
        ],
        "x-ms-request-id": [
          "0509a603-8de0-4f11-b5e0-187bd2662724"
        ],
        "Strict-Transport-Security": [
          "max-age=31536000; includeSubDomains"
        ],
        "Cache-Control": [
          "no-cache"
        ],
        "Server": [
          "Microsoft-HTTPAPI/2.0",
          "Microsoft-HTTPAPI/2.0"
        ],
        "x-ms-ratelimit-remaining-subscription-reads": [
          "14989"
        ],
        "x-ms-correlation-request-id": [
          "43be7810-c616-4d7d-b4bb-79da5f452046"
        ],
        "x-ms-routing-request-id": [
          "WESTUS:20160224T213503Z:43be7810-c616-4d7d-b4bb-79da5f452046"
        ],
        "Date": [
          "Wed, 24 Feb 2016 21:35:02 GMT"
        ]
      },
      "StatusCode": 200
    },
    {
      "RequestUri": "/subscriptions/18b0dc06-a2b8-4c0f-95af-550319fa5eac/providers/Microsoft.Network/locations/brazilsouth/operations/dc6b41bb-df0c-4e13-8633-7da1c984756f?api-version=2016-03-30",
      "EncodedRequestUri": "L3N1YnNjcmlwdGlvbnMvMThiMGRjMDYtYTJiOC00YzBmLTk1YWYtNTUwMzE5ZmE1ZWFjL3Byb3ZpZGVycy9NaWNyb3NvZnQuTmV0d29yay9sb2NhdGlvbnMvYnJhemlsc291dGgvb3BlcmF0aW9ucy9kYzZiNDFiYi1kZjBjLTRlMTMtODYzMy03ZGExYzk4NDc1NmY/YXBpLXZlcnNpb249MjAxNi0wMy0zMA==",
      "RequestMethod": "GET",
      "RequestBody": "",
      "RequestHeaders": {
        "User-Agent": [
          "Microsoft.Azure.Management.Network.NetworkManagementClient/3.0.0.0"
        ]
      },
      "ResponseBody": "{\r\n  \"status\": \"Succeeded\"\r\n}",
      "ResponseHeaders": {
        "Content-Length": [
          "29"
        ],
        "Content-Type": [
          "application/json; charset=utf-8"
        ],
        "Expires": [
          "-1"
        ],
        "Pragma": [
          "no-cache"
        ],
        "x-ms-request-id": [
          "0079924c-cc02-4805-84d8-7f83b39f0645"
        ],
        "Strict-Transport-Security": [
          "max-age=31536000; includeSubDomains"
        ],
        "Cache-Control": [
          "no-cache"
        ],
        "Server": [
          "Microsoft-HTTPAPI/2.0",
          "Microsoft-HTTPAPI/2.0"
        ],
        "x-ms-ratelimit-remaining-subscription-reads": [
          "14988"
        ],
        "x-ms-correlation-request-id": [
          "fe92f719-bc69-430d-bc54-16a4608ae7bc"
        ],
        "x-ms-routing-request-id": [
          "WESTUS:20160224T213534Z:fe92f719-bc69-430d-bc54-16a4608ae7bc"
        ],
        "Date": [
          "Wed, 24 Feb 2016 21:35:33 GMT"
        ]
      },
      "StatusCode": 200
    },
    {
      "RequestUri": "/subscriptions/18b0dc06-a2b8-4c0f-95af-550319fa5eac/resourceGroups/onesdk3248/providers/Microsoft.Network/expressRouteCircuits/onesdk1113/?api-version=2016-03-30",
      "EncodedRequestUri": "L3N1YnNjcmlwdGlvbnMvMThiMGRjMDYtYTJiOC00YzBmLTk1YWYtNTUwMzE5ZmE1ZWFjL3Jlc291cmNlR3JvdXBzL29uZXNkazMyNDgvcHJvdmlkZXJzL01pY3Jvc29mdC5OZXR3b3JrL2V4cHJlc3NSb3V0ZUNpcmN1aXRzL29uZXNkazExMTMvP2FwaS12ZXJzaW9uPTIwMTYtMDMtMzA=",
      "RequestMethod": "DELETE",
      "RequestBody": "",
      "RequestHeaders": {
        "x-ms-client-request-id": [
          "d9c41c02-0db2-4da6-954c-3dad1ff097e3"
        ],
        "accept-language": [
          "en-US"
        ],
        "User-Agent": [
          "Microsoft.Azure.Management.Network.NetworkManagementClient/3.0.0.0"
        ]
      },
      "ResponseBody": "",
      "ResponseHeaders": {
        "Content-Length": [
          "0"
        ],
        "Expires": [
          "-1"
        ],
        "Pragma": [
          "no-cache"
        ],
        "Retry-After": [
          "10"
        ],
        "x-ms-request-id": [
          "930f5177-5176-48bd-a42a-dd7d6a67fac1"
        ],
        "Azure-AsyncOperation": [
          "https://management.azure.com/subscriptions/18b0dc06-a2b8-4c0f-95af-550319fa5eac/providers/Microsoft.Network/locations/brazilsouth/operations/930f5177-5176-48bd-a42a-dd7d6a67fac1?api-version=2016-03-30"
        ],
        "Strict-Transport-Security": [
          "max-age=31536000; includeSubDomains"
        ],
        "Cache-Control": [
          "no-cache"
        ],
        "Location": [
          "https://management.azure.com/subscriptions/18b0dc06-a2b8-4c0f-95af-550319fa5eac/providers/Microsoft.Network/locations/brazilsouth/operationResults/930f5177-5176-48bd-a42a-dd7d6a67fac1?api-version=2016-03-30"
        ],
        "Server": [
          "Microsoft-HTTPAPI/2.0",
          "Microsoft-HTTPAPI/2.0"
        ],
        "x-ms-ratelimit-remaining-subscription-writes": [
          "1197"
        ],
        "x-ms-correlation-request-id": [
          "848af695-f769-45e8-854a-977254c3025a"
        ],
        "x-ms-routing-request-id": [
          "WESTUS:20160224T213552Z:848af695-f769-45e8-854a-977254c3025a"
        ],
        "Date": [
          "Wed, 24 Feb 2016 21:35:51 GMT"
        ]
      },
      "StatusCode": 202
    },
    {
      "RequestUri": "/subscriptions/18b0dc06-a2b8-4c0f-95af-550319fa5eac/providers/Microsoft.Network/locations/brazilsouth/operations/930f5177-5176-48bd-a42a-dd7d6a67fac1?api-version=2016-03-30",
      "EncodedRequestUri": "L3N1YnNjcmlwdGlvbnMvMThiMGRjMDYtYTJiOC00YzBmLTk1YWYtNTUwMzE5ZmE1ZWFjL3Byb3ZpZGVycy9NaWNyb3NvZnQuTmV0d29yay9sb2NhdGlvbnMvYnJhemlsc291dGgvb3BlcmF0aW9ucy85MzBmNTE3Ny01MTc2LTQ4YmQtYTQyYS1kZDdkNmE2N2ZhYzE/YXBpLXZlcnNpb249MjAxNi0wMy0zMA==",
      "RequestMethod": "GET",
      "RequestBody": "",
      "RequestHeaders": {
        "User-Agent": [
          "Microsoft.Azure.Management.Network.NetworkManagementClient/3.0.0.0"
        ]
      },
      "ResponseBody": "{\r\n  \"status\": \"InProgress\"\r\n}",
      "ResponseHeaders": {
        "Content-Length": [
          "30"
        ],
        "Content-Type": [
          "application/json; charset=utf-8"
        ],
        "Expires": [
          "-1"
        ],
        "Pragma": [
          "no-cache"
        ],
        "x-ms-request-id": [
          "2beedaa8-1230-4f28-821b-725130853364"
        ],
        "Strict-Transport-Security": [
          "max-age=31536000; includeSubDomains"
        ],
        "Cache-Control": [
          "no-cache"
        ],
        "Server": [
          "Microsoft-HTTPAPI/2.0",
          "Microsoft-HTTPAPI/2.0"
        ],
        "x-ms-ratelimit-remaining-subscription-reads": [
          "14985"
        ],
        "x-ms-correlation-request-id": [
          "58e59edf-2ee2-45aa-86c3-deaea8fdbd4c"
        ],
        "x-ms-routing-request-id": [
          "WESTUS:20160224T213623Z:58e59edf-2ee2-45aa-86c3-deaea8fdbd4c"
        ],
        "Date": [
          "Wed, 24 Feb 2016 21:36:22 GMT"
        ]
      },
      "StatusCode": 200
    },
    {
      "RequestUri": "/subscriptions/18b0dc06-a2b8-4c0f-95af-550319fa5eac/providers/Microsoft.Network/locations/brazilsouth/operations/930f5177-5176-48bd-a42a-dd7d6a67fac1?api-version=2016-03-30",
      "EncodedRequestUri": "L3N1YnNjcmlwdGlvbnMvMThiMGRjMDYtYTJiOC00YzBmLTk1YWYtNTUwMzE5ZmE1ZWFjL3Byb3ZpZGVycy9NaWNyb3NvZnQuTmV0d29yay9sb2NhdGlvbnMvYnJhemlsc291dGgvb3BlcmF0aW9ucy85MzBmNTE3Ny01MTc2LTQ4YmQtYTQyYS1kZDdkNmE2N2ZhYzE/YXBpLXZlcnNpb249MjAxNi0wMy0zMA==",
      "RequestMethod": "GET",
      "RequestBody": "",
      "RequestHeaders": {
        "User-Agent": [
          "Microsoft.Azure.Management.Network.NetworkManagementClient/3.0.0.0"
        ]
      },
      "ResponseBody": "{\r\n  \"status\": \"InProgress\"\r\n}",
      "ResponseHeaders": {
        "Content-Length": [
          "30"
        ],
        "Content-Type": [
          "application/json; charset=utf-8"
        ],
        "Expires": [
          "-1"
        ],
        "Pragma": [
          "no-cache"
        ],
        "x-ms-request-id": [
          "c0401d72-92dd-488f-b29e-344303480b0c"
        ],
        "Strict-Transport-Security": [
          "max-age=31536000; includeSubDomains"
        ],
        "Cache-Control": [
          "no-cache"
        ],
        "Server": [
          "Microsoft-HTTPAPI/2.0",
          "Microsoft-HTTPAPI/2.0"
        ],
        "x-ms-ratelimit-remaining-subscription-reads": [
          "14984"
        ],
        "x-ms-correlation-request-id": [
          "b2b0072d-67fe-4e1d-85c3-db81368d046b"
        ],
        "x-ms-routing-request-id": [
          "WESTUS:20160224T213653Z:b2b0072d-67fe-4e1d-85c3-db81368d046b"
        ],
        "Date": [
          "Wed, 24 Feb 2016 21:36:53 GMT"
        ]
      },
      "StatusCode": 200
    },
    {
      "RequestUri": "/subscriptions/18b0dc06-a2b8-4c0f-95af-550319fa5eac/providers/Microsoft.Network/locations/brazilsouth/operations/930f5177-5176-48bd-a42a-dd7d6a67fac1?api-version=2016-03-30",
      "EncodedRequestUri": "L3N1YnNjcmlwdGlvbnMvMThiMGRjMDYtYTJiOC00YzBmLTk1YWYtNTUwMzE5ZmE1ZWFjL3Byb3ZpZGVycy9NaWNyb3NvZnQuTmV0d29yay9sb2NhdGlvbnMvYnJhemlsc291dGgvb3BlcmF0aW9ucy85MzBmNTE3Ny01MTc2LTQ4YmQtYTQyYS1kZDdkNmE2N2ZhYzE/YXBpLXZlcnNpb249MjAxNi0wMy0zMA==",
      "RequestMethod": "GET",
      "RequestBody": "",
      "RequestHeaders": {
        "User-Agent": [
          "Microsoft.Azure.Management.Network.NetworkManagementClient/3.0.0.0"
        ]
      },
      "ResponseBody": "{\r\n  \"status\": \"Succeeded\"\r\n}",
      "ResponseHeaders": {
        "Content-Length": [
          "29"
        ],
        "Content-Type": [
          "application/json; charset=utf-8"
        ],
        "Expires": [
          "-1"
        ],
        "Pragma": [
          "no-cache"
        ],
        "x-ms-request-id": [
          "8e5d44eb-e3ab-4b2f-96eb-0027f821686b"
        ],
        "Strict-Transport-Security": [
          "max-age=31536000; includeSubDomains"
        ],
        "Cache-Control": [
          "no-cache"
        ],
        "Server": [
          "Microsoft-HTTPAPI/2.0",
          "Microsoft-HTTPAPI/2.0"
        ],
        "x-ms-ratelimit-remaining-subscription-reads": [
          "14983"
        ],
        "x-ms-correlation-request-id": [
          "2b511cb5-b640-4610-9bc6-02943a306482"
        ],
        "x-ms-routing-request-id": [
          "WESTUS:20160224T213724Z:2b511cb5-b640-4610-9bc6-02943a306482"
        ],
        "Date": [
          "Wed, 24 Feb 2016 21:37:24 GMT"
        ]
      },
      "StatusCode": 200
    },
    {
      "RequestUri": "/subscriptions/18b0dc06-a2b8-4c0f-95af-550319fa5eac/resourceGroups/onesdk3248/providers/Microsoft.Network/expressRouteCircuits?api-version=2016-03-30",
      "EncodedRequestUri": "L3N1YnNjcmlwdGlvbnMvMThiMGRjMDYtYTJiOC00YzBmLTk1YWYtNTUwMzE5ZmE1ZWFjL3Jlc291cmNlR3JvdXBzL29uZXNkazMyNDgvcHJvdmlkZXJzL01pY3Jvc29mdC5OZXR3b3JrL2V4cHJlc3NSb3V0ZUNpcmN1aXRzP2FwaS12ZXJzaW9uPTIwMTYtMDMtMzA=",
      "RequestMethod": "GET",
      "RequestBody": "",
      "RequestHeaders": {
        "x-ms-client-request-id": [
          "53453632-69d6-4b03-a53c-b03cabcdbb88"
        ],
        "accept-language": [
          "en-US"
        ],
        "User-Agent": [
          "Microsoft.Azure.Management.Network.NetworkManagementClient/3.0.0.0"
        ]
      },
      "ResponseBody": "{\r\n  \"value\": []\r\n}",
      "ResponseHeaders": {
        "Content-Length": [
          "12"
        ],
        "Content-Type": [
          "application/json; charset=utf-8"
        ],
        "Expires": [
          "-1"
        ],
        "Pragma": [
          "no-cache"
        ],
        "x-ms-ratelimit-remaining-subscription-reads": [
          "14982"
        ],
        "x-ms-request-id": [
          "ed312706-254e-4340-bcf0-fe0a4eef96cc"
        ],
        "x-ms-correlation-request-id": [
          "ed312706-254e-4340-bcf0-fe0a4eef96cc"
        ],
        "x-ms-routing-request-id": [
          "WESTUS:20160224T213724Z:ed312706-254e-4340-bcf0-fe0a4eef96cc"
        ],
        "Strict-Transport-Security": [
          "max-age=31536000; includeSubDomains"
        ],
        "Cache-Control": [
          "no-cache"
        ],
        "Date": [
          "Wed, 24 Feb 2016 21:37:24 GMT"
        ]
      },
      "StatusCode": 200
    },
    {
      "RequestUri": "/subscriptions/18b0dc06-a2b8-4c0f-95af-550319fa5eac/resourcegroups/onesdk3248?api-version=2014-04-01-preview",
      "EncodedRequestUri": "L3N1YnNjcmlwdGlvbnMvMThiMGRjMDYtYTJiOC00YzBmLTk1YWYtNTUwMzE5ZmE1ZWFjL3Jlc291cmNlZ3JvdXBzL29uZXNkazMyNDg/YXBpLXZlcnNpb249MjAxNC0wNC0wMS1wcmV2aWV3",
      "RequestMethod": "DELETE",
      "RequestBody": "",
      "RequestHeaders": {
        "User-Agent": [
          "Microsoft.Azure.Management.Resources.ResourceManagementClient/2.0.0.0"
        ]
      },
      "ResponseBody": "",
      "ResponseHeaders": {
        "Content-Length": [
          "0"
        ],
        "Expires": [
          "-1"
        ],
        "Pragma": [
          "no-cache"
        ],
        "Retry-After": [
          "15"
        ],
        "x-ms-ratelimit-remaining-subscription-writes": [
          "1199"
        ],
        "x-ms-request-id": [
          "1435b3b2-ae88-4807-b72c-1ac0c9120f3c"
        ],
        "x-ms-correlation-request-id": [
          "1435b3b2-ae88-4807-b72c-1ac0c9120f3c"
        ],
        "x-ms-routing-request-id": [
          "WESTUS:20160224T213725Z:1435b3b2-ae88-4807-b72c-1ac0c9120f3c"
        ],
        "Strict-Transport-Security": [
          "max-age=31536000; includeSubDomains"
        ],
        "Cache-Control": [
          "no-cache"
        ],
        "Date": [
          "Wed, 24 Feb 2016 21:37:24 GMT"
        ],
        "Location": [
          "https://management.azure.com/subscriptions/18b0dc06-a2b8-4c0f-95af-550319fa5eac/operationresults/eyJqb2JJZCI6IlJFU09VUkNFR1JPVVBERUxFVElPTkpPQi1PTkVTREszMjQ4LVdFU1RVUyIsImpvYkxvY2F0aW9uIjoid2VzdHVzIn0?api-version=2014-04-01-preview"
        ]
      },
      "StatusCode": 202
    },
    {
      "RequestUri": "/subscriptions/18b0dc06-a2b8-4c0f-95af-550319fa5eac/operationresults/eyJqb2JJZCI6IlJFU09VUkNFR1JPVVBERUxFVElPTkpPQi1PTkVTREszMjQ4LVdFU1RVUyIsImpvYkxvY2F0aW9uIjoid2VzdHVzIn0?api-version=2014-04-01-preview",
      "EncodedRequestUri": "L3N1YnNjcmlwdGlvbnMvMThiMGRjMDYtYTJiOC00YzBmLTk1YWYtNTUwMzE5ZmE1ZWFjL29wZXJhdGlvbnJlc3VsdHMvZXlKcWIySkpaQ0k2SWxKRlUwOVZVa05GUjFKUFZWQkVSVXhGVkVsUFRrcFBRaTFQVGtWVFJFc3pNalE0TFZkRlUxUlZVeUlzSW1wdllreHZZMkYwYVc5dUlqb2lkMlZ6ZEhWekluMD9hcGktdmVyc2lvbj0yMDE0LTA0LTAxLXByZXZpZXc=",
      "RequestMethod": "GET",
      "RequestBody": "",
      "RequestHeaders": {
        "x-ms-version": [
          "2014-04-01-preview"
        ],
        "User-Agent": [
          "Microsoft.Azure.Management.Resources.ResourceManagementClient/2.0.0.0"
        ]
      },
      "ResponseBody": "",
      "ResponseHeaders": {
        "Content-Length": [
          "0"
        ],
        "Expires": [
          "-1"
        ],
        "Pragma": [
          "no-cache"
        ],
        "Retry-After": [
          "15"
        ],
        "x-ms-ratelimit-remaining-subscription-reads": [
          "14998"
        ],
        "x-ms-request-id": [
          "dd8fe161-46c6-4b89-81bb-bbe099da545b"
        ],
        "x-ms-correlation-request-id": [
          "dd8fe161-46c6-4b89-81bb-bbe099da545b"
        ],
        "x-ms-routing-request-id": [
          "WESTUS:20160224T213725Z:dd8fe161-46c6-4b89-81bb-bbe099da545b"
        ],
        "Strict-Transport-Security": [
          "max-age=31536000; includeSubDomains"
        ],
        "Cache-Control": [
          "no-cache"
        ],
        "Date": [
          "Wed, 24 Feb 2016 21:37:25 GMT"
        ],
        "Location": [
          "https://management.azure.com/subscriptions/18b0dc06-a2b8-4c0f-95af-550319fa5eac/operationresults/eyJqb2JJZCI6IlJFU09VUkNFR1JPVVBERUxFVElPTkpPQi1PTkVTREszMjQ4LVdFU1RVUyIsImpvYkxvY2F0aW9uIjoid2VzdHVzIn0?api-version=2014-04-01-preview"
        ]
      },
      "StatusCode": 202
    },
    {
      "RequestUri": "/subscriptions/18b0dc06-a2b8-4c0f-95af-550319fa5eac/operationresults/eyJqb2JJZCI6IlJFU09VUkNFR1JPVVBERUxFVElPTkpPQi1PTkVTREszMjQ4LVdFU1RVUyIsImpvYkxvY2F0aW9uIjoid2VzdHVzIn0?api-version=2014-04-01-preview",
      "EncodedRequestUri": "L3N1YnNjcmlwdGlvbnMvMThiMGRjMDYtYTJiOC00YzBmLTk1YWYtNTUwMzE5ZmE1ZWFjL29wZXJhdGlvbnJlc3VsdHMvZXlKcWIySkpaQ0k2SWxKRlUwOVZVa05GUjFKUFZWQkVSVXhGVkVsUFRrcFBRaTFQVGtWVFJFc3pNalE0TFZkRlUxUlZVeUlzSW1wdllreHZZMkYwYVc5dUlqb2lkMlZ6ZEhWekluMD9hcGktdmVyc2lvbj0yMDE0LTA0LTAxLXByZXZpZXc=",
      "RequestMethod": "GET",
      "RequestBody": "",
      "RequestHeaders": {
        "x-ms-version": [
          "2014-04-01-preview"
        ],
        "User-Agent": [
          "Microsoft.Azure.Management.Resources.ResourceManagementClient/2.0.0.0"
        ]
      },
      "ResponseBody": "",
      "ResponseHeaders": {
        "Content-Length": [
          "0"
        ],
        "Expires": [
          "-1"
        ],
        "Pragma": [
          "no-cache"
        ],
        "Retry-After": [
          "15"
        ],
        "x-ms-ratelimit-remaining-subscription-reads": [
          "14997"
        ],
        "x-ms-request-id": [
          "92736a12-ce62-4dd8-8dac-797fee593154"
        ],
        "x-ms-correlation-request-id": [
          "92736a12-ce62-4dd8-8dac-797fee593154"
        ],
        "x-ms-routing-request-id": [
          "WESTUS:20160224T213740Z:92736a12-ce62-4dd8-8dac-797fee593154"
        ],
        "Strict-Transport-Security": [
          "max-age=31536000; includeSubDomains"
        ],
        "Cache-Control": [
          "no-cache"
        ],
        "Date": [
          "Wed, 24 Feb 2016 21:37:39 GMT"
        ],
        "Location": [
          "https://management.azure.com/subscriptions/18b0dc06-a2b8-4c0f-95af-550319fa5eac/operationresults/eyJqb2JJZCI6IlJFU09VUkNFR1JPVVBERUxFVElPTkpPQi1PTkVTREszMjQ4LVdFU1RVUyIsImpvYkxvY2F0aW9uIjoid2VzdHVzIn0?api-version=2014-04-01-preview"
        ]
      },
      "StatusCode": 202
    },
    {
      "RequestUri": "/subscriptions/18b0dc06-a2b8-4c0f-95af-550319fa5eac/operationresults/eyJqb2JJZCI6IlJFU09VUkNFR1JPVVBERUxFVElPTkpPQi1PTkVTREszMjQ4LVdFU1RVUyIsImpvYkxvY2F0aW9uIjoid2VzdHVzIn0?api-version=2014-04-01-preview",
      "EncodedRequestUri": "L3N1YnNjcmlwdGlvbnMvMThiMGRjMDYtYTJiOC00YzBmLTk1YWYtNTUwMzE5ZmE1ZWFjL29wZXJhdGlvbnJlc3VsdHMvZXlKcWIySkpaQ0k2SWxKRlUwOVZVa05GUjFKUFZWQkVSVXhGVkVsUFRrcFBRaTFQVGtWVFJFc3pNalE0TFZkRlUxUlZVeUlzSW1wdllreHZZMkYwYVc5dUlqb2lkMlZ6ZEhWekluMD9hcGktdmVyc2lvbj0yMDE0LTA0LTAxLXByZXZpZXc=",
      "RequestMethod": "GET",
      "RequestBody": "",
      "RequestHeaders": {
        "x-ms-version": [
          "2014-04-01-preview"
        ],
        "User-Agent": [
          "Microsoft.Azure.Management.Resources.ResourceManagementClient/2.0.0.0"
        ]
      },
      "ResponseBody": "",
      "ResponseHeaders": {
        "Content-Length": [
          "0"
        ],
        "Expires": [
          "-1"
        ],
        "Pragma": [
          "no-cache"
        ],
        "Retry-After": [
          "15"
        ],
        "x-ms-ratelimit-remaining-subscription-reads": [
          "14996"
        ],
        "x-ms-request-id": [
          "8213207e-5894-47b6-8ea4-a7e9cd35f08e"
        ],
        "x-ms-correlation-request-id": [
          "8213207e-5894-47b6-8ea4-a7e9cd35f08e"
        ],
        "x-ms-routing-request-id": [
          "WESTUS:20160224T213755Z:8213207e-5894-47b6-8ea4-a7e9cd35f08e"
        ],
        "Strict-Transport-Security": [
          "max-age=31536000; includeSubDomains"
        ],
        "Cache-Control": [
          "no-cache"
        ],
        "Date": [
          "Wed, 24 Feb 2016 21:37:55 GMT"
        ],
        "Location": [
          "https://management.azure.com/subscriptions/18b0dc06-a2b8-4c0f-95af-550319fa5eac/operationresults/eyJqb2JJZCI6IlJFU09VUkNFR1JPVVBERUxFVElPTkpPQi1PTkVTREszMjQ4LVdFU1RVUyIsImpvYkxvY2F0aW9uIjoid2VzdHVzIn0?api-version=2014-04-01-preview"
        ]
      },
      "StatusCode": 202
    },
    {
      "RequestUri": "/subscriptions/18b0dc06-a2b8-4c0f-95af-550319fa5eac/operationresults/eyJqb2JJZCI6IlJFU09VUkNFR1JPVVBERUxFVElPTkpPQi1PTkVTREszMjQ4LVdFU1RVUyIsImpvYkxvY2F0aW9uIjoid2VzdHVzIn0?api-version=2014-04-01-preview",
      "EncodedRequestUri": "L3N1YnNjcmlwdGlvbnMvMThiMGRjMDYtYTJiOC00YzBmLTk1YWYtNTUwMzE5ZmE1ZWFjL29wZXJhdGlvbnJlc3VsdHMvZXlKcWIySkpaQ0k2SWxKRlUwOVZVa05GUjFKUFZWQkVSVXhGVkVsUFRrcFBRaTFQVGtWVFJFc3pNalE0TFZkRlUxUlZVeUlzSW1wdllreHZZMkYwYVc5dUlqb2lkMlZ6ZEhWekluMD9hcGktdmVyc2lvbj0yMDE0LTA0LTAxLXByZXZpZXc=",
      "RequestMethod": "GET",
      "RequestBody": "",
      "RequestHeaders": {
        "x-ms-version": [
          "2014-04-01-preview"
        ],
        "User-Agent": [
          "Microsoft.Azure.Management.Resources.ResourceManagementClient/2.0.0.0"
        ]
      },
      "ResponseBody": "",
      "ResponseHeaders": {
        "Content-Length": [
          "0"
        ],
        "Expires": [
          "-1"
        ],
        "Pragma": [
          "no-cache"
        ],
        "x-ms-ratelimit-remaining-subscription-reads": [
          "14995"
        ],
        "x-ms-request-id": [
          "24ea23b3-1676-414a-97e4-c04057e031ed"
        ],
        "x-ms-correlation-request-id": [
          "24ea23b3-1676-414a-97e4-c04057e031ed"
        ],
        "x-ms-routing-request-id": [
          "WESTUS:20160224T213810Z:24ea23b3-1676-414a-97e4-c04057e031ed"
        ],
        "Strict-Transport-Security": [
          "max-age=31536000; includeSubDomains"
        ],
        "Cache-Control": [
          "no-cache"
        ],
        "Date": [
          "Wed, 24 Feb 2016 21:38:10 GMT"
        ]
      },
      "StatusCode": 200
    }
  ],
  "Names": {
    "Test-ExpressRouteCircuitMicrosoftPeeringCRUD": [
      "onesdk3248",
      "onesdk1113"
    ]
  },
  "Variables": {
    "SubscriptionId": "18b0dc06-a2b8-4c0f-95af-550319fa5eac"
  }
}
