{
  "Entries": [
    {
      "RequestUri": "/subscriptions/c9cbd920-c00c-427c-852b-8aaf38badaeb/resourcegroups/movecircuit?api-version=2016-02-01",
      "EncodedRequestUri": "L3N1YnNjcmlwdGlvbnMvYzljYmQ5MjAtYzAwYy00MjdjLTg1MmItOGFhZjM4YmFkYWViL3Jlc291cmNlZ3JvdXBzL21vdmVjaXJjdWl0P2FwaS12ZXJzaW9uPTIwMTYtMDItMDE=",
      "RequestMethod": "PUT",
      "RequestBody": "{\r\n  \"location\": \"brazilSouth\"\r\n}",
      "RequestHeaders": {
        "Content-Type": [
          "application/json; charset=utf-8"
        ],
        "Content-Length": [
          "33"
        ],
        "User-Agent": [
          "Microsoft.Azure.Management.Resources.ResourceManagementClient/2.0.0.0"
        ]
      },
      "ResponseBody": "{\r\n  \"id\": \"/subscriptions/c9cbd920-c00c-427c-852b-8aaf38badaeb/resourceGroups/movecircuit\",\r\n  \"name\": \"movecircuit\",\r\n  \"location\": \"brazilsouth\",\r\n  \"properties\": {\r\n    \"provisioningState\": \"Succeeded\"\r\n  }\r\n}",
      "ResponseHeaders": {
        "Content-Length": [
          "180"
        ],
        "Content-Type": [
          "application/json; charset=utf-8"
        ],
        "Expires": [
          "-1"
        ],
        "Pragma": [
          "no-cache"
        ],
        "x-ms-ratelimit-remaining-subscription-writes": [
          "1199"
        ],
        "x-ms-request-id": [
          "71957c93-d5ac-4197-ab78-93b078d2e8e8"
        ],
        "x-ms-correlation-request-id": [
          "71957c93-d5ac-4197-ab78-93b078d2e8e8"
        ],
        "x-ms-routing-request-id": [
          "WESTUS2:20180227T174152Z:71957c93-d5ac-4197-ab78-93b078d2e8e8"
        ],
        "Strict-Transport-Security": [
          "max-age=31536000; includeSubDomains"
        ],
        "X-Content-Type-Options": [
          "nosniff"
        ],
        "Cache-Control": [
          "no-cache"
        ],
        "Date": [
          "Tue, 27 Feb 2018 17:41:51 GMT"
        ]
      },
      "StatusCode": 201
    },
    {
      "RequestUri": "/subscriptions/c9cbd920-c00c-427c-852b-8aaf38badaeb/resourceGroups/movecircuit/providers/Microsoft.Network/expressRouteCircuits/ps5181?api-version=2017-11-01",
      "EncodedRequestUri": "L3N1YnNjcmlwdGlvbnMvYzljYmQ5MjAtYzAwYy00MjdjLTg1MmItOGFhZjM4YmFkYWViL3Jlc291cmNlR3JvdXBzL21vdmVjaXJjdWl0L3Byb3ZpZGVycy9NaWNyb3NvZnQuTmV0d29yay9leHByZXNzUm91dGVDaXJjdWl0cy9wczUxODE/YXBpLXZlcnNpb249MjAxNy0xMS0wMQ==",
      "RequestMethod": "GET",
      "RequestBody": "",
      "RequestHeaders": {
        "x-ms-client-request-id": [
          "fed5d6da-8c04-40c9-8100-c366d33f2598"
        ],
        "accept-language": [
          "en-US"
        ],
        "User-Agent": [
          "FxVersion/4.7.2633.0",
          "OSName/Windows10Enterprise",
          "OSVersion/6.3.16299",
          "Microsoft.Azure.Management.Network.NetworkManagementClient/17.0.0.0"
        ]
      },
      "ResponseBody": "{\r\n  \"error\": {\r\n    \"code\": \"ResourceNotFound\",\r\n    \"message\": \"The Resource 'Microsoft.Network/expressRouteCircuits/ps5181' under resource group 'movecircuit' was not found.\"\r\n  }\r\n}",
      "ResponseHeaders": {
        "Content-Length": [
          "160"
        ],
        "Content-Type": [
          "application/json; charset=utf-8"
        ],
        "Expires": [
          "-1"
        ],
        "Pragma": [
          "no-cache"
        ],
        "x-ms-failure-cause": [
          "gateway"
        ],
        "x-ms-request-id": [
          "e03f97a3-db76-4154-a3a9-247aaad30893"
        ],
        "x-ms-correlation-request-id": [
          "e03f97a3-db76-4154-a3a9-247aaad30893"
        ],
        "x-ms-routing-request-id": [
          "WESTUS2:20180227T174153Z:e03f97a3-db76-4154-a3a9-247aaad30893"
        ],
        "Strict-Transport-Security": [
          "max-age=31536000; includeSubDomains"
        ],
        "X-Content-Type-Options": [
          "nosniff"
        ],
        "Cache-Control": [
          "no-cache"
        ],
        "Date": [
          "Tue, 27 Feb 2018 17:41:52 GMT"
        ]
      },
      "StatusCode": 404
    },
    {
      "RequestUri": "/subscriptions/c9cbd920-c00c-427c-852b-8aaf38badaeb/resourceGroups/movecircuit/providers/Microsoft.Network/expressRouteCircuits/ps5181?api-version=2017-11-01",
      "EncodedRequestUri": "L3N1YnNjcmlwdGlvbnMvYzljYmQ5MjAtYzAwYy00MjdjLTg1MmItOGFhZjM4YmFkYWViL3Jlc291cmNlR3JvdXBzL21vdmVjaXJjdWl0L3Byb3ZpZGVycy9NaWNyb3NvZnQuTmV0d29yay9leHByZXNzUm91dGVDaXJjdWl0cy9wczUxODE/YXBpLXZlcnNpb249MjAxNy0xMS0wMQ==",
      "RequestMethod": "GET",
      "RequestBody": "",
      "RequestHeaders": {
        "User-Agent": [
          "FxVersion/4.7.2633.0",
          "OSName/Windows10Enterprise",
          "OSVersion/6.3.16299",
          "Microsoft.Azure.Management.Network.NetworkManagementClient/17.0.0.0"
        ]
      },
      "ResponseBody": "{\r\n  \"name\": \"ps5181\",\r\n  \"id\": \"/subscriptions/c9cbd920-c00c-427c-852b-8aaf38badaeb/resourceGroups/movecircuit/providers/Microsoft.Network/expressRouteCircuits/ps5181\",\r\n  \"etag\": \"W/\\\"a5feb573-64b1-41ee-9fe5-90d2f78e1c3e\\\"\",\r\n  \"type\": \"Microsoft.Network/expressRouteCircuits\",\r\n  \"location\": \"brazilsouth\",\r\n  \"properties\": {\r\n    \"provisioningState\": \"Succeeded\",\r\n    \"resourceGuid\": \"e4a34839-5e0b-476b-abd0-dee40441ebab\",\r\n    \"peerings\": [],\r\n    \"authorizations\": [],\r\n    \"serviceProviderProperties\": {\r\n      \"serviceProviderName\": \"equinix\",\r\n      \"peeringLocation\": \"Silicon Valley\",\r\n      \"bandwidthInMbps\": 500\r\n    },\r\n    \"circuitProvisioningState\": \"Enabled\",\r\n    \"allowClassicOperations\": true,\r\n    \"gatewayManagerEtag\": \"\",\r\n    \"serviceKey\": \"b608e1f4-d3a9-435e-b2dd-bd5ed40e18f9\",\r\n    \"serviceProviderProvisioningState\": \"NotProvisioned\"\r\n  },\r\n  \"sku\": {\r\n    \"name\": \"Standard_MeteredData\",\r\n    \"tier\": \"Standard\",\r\n    \"family\": \"MeteredData\"\r\n  }\r\n}",
      "ResponseHeaders": {
        "Content-Length": [
          "981"
        ],
        "Content-Type": [
          "application/json; charset=utf-8"
        ],
        "Expires": [
          "-1"
        ],
        "Pragma": [
          "no-cache"
        ],
        "x-ms-request-id": [
          "44925578-73b7-4499-90c0-a7fe38bb0554"
        ],
        "Strict-Transport-Security": [
          "max-age=31536000; includeSubDomains"
        ],
        "Cache-Control": [
          "no-cache"
        ],
        "Server": [
          "Microsoft-HTTPAPI/2.0",
          "Microsoft-HTTPAPI/2.0"
        ],
        "x-ms-ratelimit-remaining-subscription-reads": [
          "14994"
        ],
        "x-ms-correlation-request-id": [
          "aae009e8-4a66-44e0-a944-d6a38649596c"
        ],
        "x-ms-routing-request-id": [
          "WESTUS2:20180227T174222Z:aae009e8-4a66-44e0-a944-d6a38649596c"
        ],
        "X-Content-Type-Options": [
          "nosniff"
        ],
        "Date": [
          "Tue, 27 Feb 2018 17:42:21 GMT"
        ]
      },
      "StatusCode": 200
    },
    {
      "RequestUri": "/subscriptions/c9cbd920-c00c-427c-852b-8aaf38badaeb/resourceGroups/movecircuit/providers/Microsoft.Network/expressRouteCircuits/ps5181?api-version=2017-11-01",
      "EncodedRequestUri": "L3N1YnNjcmlwdGlvbnMvYzljYmQ5MjAtYzAwYy00MjdjLTg1MmItOGFhZjM4YmFkYWViL3Jlc291cmNlR3JvdXBzL21vdmVjaXJjdWl0L3Byb3ZpZGVycy9NaWNyb3NvZnQuTmV0d29yay9leHByZXNzUm91dGVDaXJjdWl0cy9wczUxODE/YXBpLXZlcnNpb249MjAxNy0xMS0wMQ==",
      "RequestMethod": "GET",
      "RequestBody": "",
      "RequestHeaders": {
        "x-ms-client-request-id": [
          "556c7378-81e6-4d1b-9ff4-7ca7f909aa3d"
        ],
        "accept-language": [
          "en-US"
        ],
        "User-Agent": [
          "FxVersion/4.7.2633.0",
          "OSName/Windows10Enterprise",
          "OSVersion/6.3.16299",
          "Microsoft.Azure.Management.Network.NetworkManagementClient/17.0.0.0"
        ]
      },
      "ResponseBody": "{\r\n  \"name\": \"ps5181\",\r\n  \"id\": \"/subscriptions/c9cbd920-c00c-427c-852b-8aaf38badaeb/resourceGroups/movecircuit/providers/Microsoft.Network/expressRouteCircuits/ps5181\",\r\n  \"etag\": \"W/\\\"a5feb573-64b1-41ee-9fe5-90d2f78e1c3e\\\"\",\r\n  \"type\": \"Microsoft.Network/expressRouteCircuits\",\r\n  \"location\": \"brazilsouth\",\r\n  \"properties\": {\r\n    \"provisioningState\": \"Succeeded\",\r\n    \"resourceGuid\": \"e4a34839-5e0b-476b-abd0-dee40441ebab\",\r\n    \"peerings\": [],\r\n    \"authorizations\": [],\r\n    \"serviceProviderProperties\": {\r\n      \"serviceProviderName\": \"equinix\",\r\n      \"peeringLocation\": \"Silicon Valley\",\r\n      \"bandwidthInMbps\": 500\r\n    },\r\n    \"circuitProvisioningState\": \"Enabled\",\r\n    \"allowClassicOperations\": true,\r\n    \"gatewayManagerEtag\": \"\",\r\n    \"serviceKey\": \"b608e1f4-d3a9-435e-b2dd-bd5ed40e18f9\",\r\n    \"serviceProviderProvisioningState\": \"NotProvisioned\"\r\n  },\r\n  \"sku\": {\r\n    \"name\": \"Standard_MeteredData\",\r\n    \"tier\": \"Standard\",\r\n    \"family\": \"MeteredData\"\r\n  }\r\n}",
      "ResponseHeaders": {
        "Content-Length": [
          "981"
        ],
        "Content-Type": [
          "application/json; charset=utf-8"
        ],
        "Expires": [
          "-1"
        ],
        "Pragma": [
          "no-cache"
        ],
        "x-ms-request-id": [
          "162ed0ba-82f5-4482-9143-f86b05509f84"
        ],
        "Strict-Transport-Security": [
          "max-age=31536000; includeSubDomains"
        ],
        "Cache-Control": [
          "no-cache"
        ],
        "Server": [
          "Microsoft-HTTPAPI/2.0",
          "Microsoft-HTTPAPI/2.0"
        ],
        "x-ms-ratelimit-remaining-subscription-reads": [
          "14993"
        ],
        "x-ms-correlation-request-id": [
          "4b29c8e5-851e-4a39-9208-cdb39224c21e"
        ],
        "x-ms-routing-request-id": [
          "WESTUS2:20180227T174223Z:4b29c8e5-851e-4a39-9208-cdb39224c21e"
        ],
        "X-Content-Type-Options": [
          "nosniff"
        ],
        "Date": [
          "Tue, 27 Feb 2018 17:42:23 GMT"
        ]
      },
      "StatusCode": 200
    },
    {
      "RequestUri": "/subscriptions/c9cbd920-c00c-427c-852b-8aaf38badaeb/resourceGroups/movecircuit/providers/Microsoft.Network/expressRouteCircuits/ps5181?api-version=2017-11-01",
      "EncodedRequestUri": "L3N1YnNjcmlwdGlvbnMvYzljYmQ5MjAtYzAwYy00MjdjLTg1MmItOGFhZjM4YmFkYWViL3Jlc291cmNlR3JvdXBzL21vdmVjaXJjdWl0L3Byb3ZpZGVycy9NaWNyb3NvZnQuTmV0d29yay9leHByZXNzUm91dGVDaXJjdWl0cy9wczUxODE/YXBpLXZlcnNpb249MjAxNy0xMS0wMQ==",
      "RequestMethod": "GET",
      "RequestBody": "",
      "RequestHeaders": {
        "x-ms-client-request-id": [
          "0eebc476-d4ba-4aa3-b274-8932d0d30c8b"
        ],
        "accept-language": [
          "en-US"
        ],
        "User-Agent": [
          "FxVersion/4.7.2633.0",
          "OSName/Windows10Enterprise",
          "OSVersion/6.3.16299",
          "Microsoft.Azure.Management.Network.NetworkManagementClient/17.0.0.0"
        ]
      },
      "ResponseBody": "{\r\n  \"name\": \"ps5181\",\r\n  \"id\": \"/subscriptions/c9cbd920-c00c-427c-852b-8aaf38badaeb/resourceGroups/movecircuit/providers/Microsoft.Network/expressRouteCircuits/ps5181\",\r\n  \"etag\": \"W/\\\"a5feb573-64b1-41ee-9fe5-90d2f78e1c3e\\\"\",\r\n  \"type\": \"Microsoft.Network/expressRouteCircuits\",\r\n  \"location\": \"brazilsouth\",\r\n  \"properties\": {\r\n    \"provisioningState\": \"Succeeded\",\r\n    \"resourceGuid\": \"e4a34839-5e0b-476b-abd0-dee40441ebab\",\r\n    \"peerings\": [],\r\n    \"authorizations\": [],\r\n    \"serviceProviderProperties\": {\r\n      \"serviceProviderName\": \"equinix\",\r\n      \"peeringLocation\": \"Silicon Valley\",\r\n      \"bandwidthInMbps\": 500\r\n    },\r\n    \"circuitProvisioningState\": \"Enabled\",\r\n    \"allowClassicOperations\": true,\r\n    \"gatewayManagerEtag\": \"\",\r\n    \"serviceKey\": \"b608e1f4-d3a9-435e-b2dd-bd5ed40e18f9\",\r\n    \"serviceProviderProvisioningState\": \"NotProvisioned\"\r\n  },\r\n  \"sku\": {\r\n    \"name\": \"Standard_MeteredData\",\r\n    \"tier\": \"Standard\",\r\n    \"family\": \"MeteredData\"\r\n  }\r\n}",
      "ResponseHeaders": {
        "Content-Length": [
          "981"
        ],
        "Content-Type": [
          "application/json; charset=utf-8"
        ],
        "Expires": [
          "-1"
        ],
        "Pragma": [
          "no-cache"
        ],
        "x-ms-request-id": [
          "d2648748-c457-496f-b028-5c325e454f31"
        ],
        "Strict-Transport-Security": [
          "max-age=31536000; includeSubDomains"
        ],
        "Cache-Control": [
          "no-cache"
        ],
        "Server": [
          "Microsoft-HTTPAPI/2.0",
          "Microsoft-HTTPAPI/2.0"
        ],
        "x-ms-ratelimit-remaining-subscription-reads": [
          "14992"
        ],
        "x-ms-correlation-request-id": [
          "b6cba26a-078f-480b-a2de-869f3d297d79"
        ],
        "x-ms-routing-request-id": [
          "WESTUS2:20180227T174225Z:b6cba26a-078f-480b-a2de-869f3d297d79"
        ],
        "X-Content-Type-Options": [
          "nosniff"
        ],
        "Date": [
          "Tue, 27 Feb 2018 17:42:25 GMT"
        ]
      },
      "StatusCode": 200
    },
    {
      "RequestUri": "/subscriptions/c9cbd920-c00c-427c-852b-8aaf38badaeb/resourceGroups/movecircuit/providers/Microsoft.Network/expressRouteCircuits/ps5181?api-version=2017-11-01",
      "EncodedRequestUri": "L3N1YnNjcmlwdGlvbnMvYzljYmQ5MjAtYzAwYy00MjdjLTg1MmItOGFhZjM4YmFkYWViL3Jlc291cmNlR3JvdXBzL21vdmVjaXJjdWl0L3Byb3ZpZGVycy9NaWNyb3NvZnQuTmV0d29yay9leHByZXNzUm91dGVDaXJjdWl0cy9wczUxODE/YXBpLXZlcnNpb249MjAxNy0xMS0wMQ==",
      "RequestMethod": "GET",
      "RequestBody": "",
      "RequestHeaders": {
        "x-ms-client-request-id": [
          "d9d2f774-a0bf-45aa-8d4b-f676d6d0b0b6"
        ],
        "accept-language": [
          "en-US"
        ],
        "User-Agent": [
          "FxVersion/4.7.2633.0",
          "OSName/Windows10Enterprise",
          "OSVersion/6.3.16299",
          "Microsoft.Azure.Management.Network.NetworkManagementClient/17.0.0.0"
        ]
      },
      "ResponseBody": "{\r\n  \"name\": \"ps5181\",\r\n  \"id\": \"/subscriptions/c9cbd920-c00c-427c-852b-8aaf38badaeb/resourceGroups/movecircuit/providers/Microsoft.Network/expressRouteCircuits/ps5181\",\r\n  \"etag\": \"W/\\\"a5feb573-64b1-41ee-9fe5-90d2f78e1c3e\\\"\",\r\n  \"type\": \"Microsoft.Network/expressRouteCircuits\",\r\n  \"location\": \"brazilsouth\",\r\n  \"properties\": {\r\n    \"provisioningState\": \"Succeeded\",\r\n    \"resourceGuid\": \"e4a34839-5e0b-476b-abd0-dee40441ebab\",\r\n    \"peerings\": [],\r\n    \"authorizations\": [],\r\n    \"serviceProviderProperties\": {\r\n      \"serviceProviderName\": \"equinix\",\r\n      \"peeringLocation\": \"Silicon Valley\",\r\n      \"bandwidthInMbps\": 500\r\n    },\r\n    \"circuitProvisioningState\": \"Enabled\",\r\n    \"allowClassicOperations\": true,\r\n    \"gatewayManagerEtag\": \"\",\r\n    \"serviceKey\": \"b608e1f4-d3a9-435e-b2dd-bd5ed40e18f9\",\r\n    \"serviceProviderProvisioningState\": \"NotProvisioned\"\r\n  },\r\n  \"sku\": {\r\n    \"name\": \"Standard_MeteredData\",\r\n    \"tier\": \"Standard\",\r\n    \"family\": \"MeteredData\"\r\n  }\r\n}",
      "ResponseHeaders": {
        "Content-Length": [
          "981"
        ],
        "Content-Type": [
          "application/json; charset=utf-8"
        ],
        "Expires": [
          "-1"
        ],
        "Pragma": [
          "no-cache"
        ],
        "x-ms-request-id": [
          "d6cd639e-7f7f-485a-be00-7ef3a6c0f48c"
        ],
        "Strict-Transport-Security": [
          "max-age=31536000; includeSubDomains"
        ],
        "Cache-Control": [
          "no-cache"
        ],
        "Server": [
          "Microsoft-HTTPAPI/2.0",
          "Microsoft-HTTPAPI/2.0"
        ],
        "x-ms-ratelimit-remaining-subscription-reads": [
          "14991"
        ],
        "x-ms-correlation-request-id": [
          "2a4bab5b-710d-4e0f-bc00-3f45ac679f23"
        ],
        "x-ms-routing-request-id": [
          "WESTUS2:20180227T174227Z:2a4bab5b-710d-4e0f-bc00-3f45ac679f23"
        ],
        "X-Content-Type-Options": [
          "nosniff"
        ],
        "Date": [
          "Tue, 27 Feb 2018 17:42:26 GMT"
        ]
      },
      "StatusCode": 200
    },
    {
      "RequestUri": "/subscriptions/c9cbd920-c00c-427c-852b-8aaf38badaeb/resourceGroups/movecircuit/providers/Microsoft.Network/expressRouteCircuits/ps5181?api-version=2017-11-01",
      "EncodedRequestUri": "L3N1YnNjcmlwdGlvbnMvYzljYmQ5MjAtYzAwYy00MjdjLTg1MmItOGFhZjM4YmFkYWViL3Jlc291cmNlR3JvdXBzL21vdmVjaXJjdWl0L3Byb3ZpZGVycy9NaWNyb3NvZnQuTmV0d29yay9leHByZXNzUm91dGVDaXJjdWl0cy9wczUxODE/YXBpLXZlcnNpb249MjAxNy0xMS0wMQ==",
      "RequestMethod": "GET",
      "RequestBody": "",
      "RequestHeaders": {
        "User-Agent": [
          "FxVersion/4.7.2633.0",
          "OSName/Windows10Enterprise",
          "OSVersion/6.3.16299",
          "Microsoft.Azure.Management.Network.NetworkManagementClient/17.0.0.0"
        ]
      },
      "ResponseBody": "{\r\n  \"name\": \"ps5181\",\r\n  \"id\": \"/subscriptions/c9cbd920-c00c-427c-852b-8aaf38badaeb/resourceGroups/movecircuit/providers/Microsoft.Network/expressRouteCircuits/ps5181\",\r\n  \"etag\": \"W/\\\"ea23c012-a663-4247-a766-014852bc6ddc\\\"\",\r\n  \"type\": \"Microsoft.Network/expressRouteCircuits\",\r\n  \"location\": \"brazilsouth\",\r\n  \"properties\": {\r\n    \"provisioningState\": \"Succeeded\",\r\n    \"resourceGuid\": \"e4a34839-5e0b-476b-abd0-dee40441ebab\",\r\n    \"peerings\": [],\r\n    \"authorizations\": [],\r\n    \"serviceProviderProperties\": {\r\n      \"serviceProviderName\": \"equinix\",\r\n      \"peeringLocation\": \"Silicon Valley\",\r\n      \"bandwidthInMbps\": 500\r\n    },\r\n    \"circuitProvisioningState\": \"Enabled\",\r\n    \"allowClassicOperations\": false,\r\n    \"gatewayManagerEtag\": \"\",\r\n    \"serviceKey\": \"b608e1f4-d3a9-435e-b2dd-bd5ed40e18f9\",\r\n    \"serviceProviderProvisioningState\": \"NotProvisioned\"\r\n  },\r\n  \"sku\": {\r\n    \"name\": \"Standard_MeteredData\",\r\n    \"tier\": \"Standard\",\r\n    \"family\": \"MeteredData\"\r\n  }\r\n}",
      "ResponseHeaders": {
        "Content-Length": [
          "982"
        ],
        "Content-Type": [
          "application/json; charset=utf-8"
        ],
        "Expires": [
          "-1"
        ],
        "Pragma": [
          "no-cache"
        ],
        "x-ms-request-id": [
          "e6212221-f417-4944-872d-9b6a7d380b2a"
        ],
        "Strict-Transport-Security": [
          "max-age=31536000; includeSubDomains"
        ],
        "Cache-Control": [
          "no-cache"
        ],
        "Server": [
          "Microsoft-HTTPAPI/2.0",
          "Microsoft-HTTPAPI/2.0"
        ],
        "x-ms-ratelimit-remaining-subscription-reads": [
          "14989"
        ],
        "x-ms-correlation-request-id": [
          "771969a1-79d9-4229-9746-aadb2aa141ae"
        ],
        "x-ms-routing-request-id": [
          "WESTUS2:20180227T174240Z:771969a1-79d9-4229-9746-aadb2aa141ae"
        ],
        "X-Content-Type-Options": [
          "nosniff"
        ],
        "Date": [
          "Tue, 27 Feb 2018 17:42:40 GMT"
        ]
      },
      "StatusCode": 200
    },
    {
      "RequestUri": "/subscriptions/c9cbd920-c00c-427c-852b-8aaf38badaeb/resourceGroups/movecircuit/providers/Microsoft.Network/expressRouteCircuits/ps5181?api-version=2017-11-01",
      "EncodedRequestUri": "L3N1YnNjcmlwdGlvbnMvYzljYmQ5MjAtYzAwYy00MjdjLTg1MmItOGFhZjM4YmFkYWViL3Jlc291cmNlR3JvdXBzL21vdmVjaXJjdWl0L3Byb3ZpZGVycy9NaWNyb3NvZnQuTmV0d29yay9leHByZXNzUm91dGVDaXJjdWl0cy9wczUxODE/YXBpLXZlcnNpb249MjAxNy0xMS0wMQ==",
      "RequestMethod": "GET",
      "RequestBody": "",
      "RequestHeaders": {
        "x-ms-client-request-id": [
          "7917ca9e-68a6-4512-a2ed-c540afb58cfa"
        ],
        "accept-language": [
          "en-US"
        ],
        "User-Agent": [
          "FxVersion/4.7.2633.0",
          "OSName/Windows10Enterprise",
          "OSVersion/6.3.16299",
          "Microsoft.Azure.Management.Network.NetworkManagementClient/17.0.0.0"
        ]
      },
      "ResponseBody": "{\r\n  \"name\": \"ps5181\",\r\n  \"id\": \"/subscriptions/c9cbd920-c00c-427c-852b-8aaf38badaeb/resourceGroups/movecircuit/providers/Microsoft.Network/expressRouteCircuits/ps5181\",\r\n  \"etag\": \"W/\\\"ea23c012-a663-4247-a766-014852bc6ddc\\\"\",\r\n  \"type\": \"Microsoft.Network/expressRouteCircuits\",\r\n  \"location\": \"brazilsouth\",\r\n  \"properties\": {\r\n    \"provisioningState\": \"Succeeded\",\r\n    \"resourceGuid\": \"e4a34839-5e0b-476b-abd0-dee40441ebab\",\r\n    \"peerings\": [],\r\n    \"authorizations\": [],\r\n    \"serviceProviderProperties\": {\r\n      \"serviceProviderName\": \"equinix\",\r\n      \"peeringLocation\": \"Silicon Valley\",\r\n      \"bandwidthInMbps\": 500\r\n    },\r\n    \"circuitProvisioningState\": \"Enabled\",\r\n    \"allowClassicOperations\": false,\r\n    \"gatewayManagerEtag\": \"\",\r\n    \"serviceKey\": \"b608e1f4-d3a9-435e-b2dd-bd5ed40e18f9\",\r\n    \"serviceProviderProvisioningState\": \"NotProvisioned\"\r\n  },\r\n  \"sku\": {\r\n    \"name\": \"Standard_MeteredData\",\r\n    \"tier\": \"Standard\",\r\n    \"family\": \"MeteredData\"\r\n  }\r\n}",
      "ResponseHeaders": {
        "Content-Length": [
          "982"
        ],
        "Content-Type": [
          "application/json; charset=utf-8"
        ],
        "Expires": [
          "-1"
        ],
        "Pragma": [
          "no-cache"
        ],
        "x-ms-request-id": [
          "81b32576-8b32-4754-b1a5-53cc2c10493d"
        ],
        "Strict-Transport-Security": [
          "max-age=31536000; includeSubDomains"
        ],
        "Cache-Control": [
          "no-cache"
        ],
        "Server": [
          "Microsoft-HTTPAPI/2.0",
          "Microsoft-HTTPAPI/2.0"
        ],
        "x-ms-ratelimit-remaining-subscription-reads": [
          "14988"
        ],
        "x-ms-correlation-request-id": [
          "f587976c-e9fa-4543-bb37-7e039dd97fd3"
        ],
        "x-ms-routing-request-id": [
          "WESTUS2:20180227T174242Z:f587976c-e9fa-4543-bb37-7e039dd97fd3"
        ],
        "X-Content-Type-Options": [
          "nosniff"
        ],
        "Date": [
          "Tue, 27 Feb 2018 17:42:41 GMT"
        ]
      },
      "StatusCode": 200
    },
    {
      "RequestUri": "/subscriptions/c9cbd920-c00c-427c-852b-8aaf38badaeb/resourceGroups/movecircuit/providers/Microsoft.Network/expressRouteCircuits/ps5181?api-version=2017-11-01",
      "EncodedRequestUri": "L3N1YnNjcmlwdGlvbnMvYzljYmQ5MjAtYzAwYy00MjdjLTg1MmItOGFhZjM4YmFkYWViL3Jlc291cmNlR3JvdXBzL21vdmVjaXJjdWl0L3Byb3ZpZGVycy9NaWNyb3NvZnQuTmV0d29yay9leHByZXNzUm91dGVDaXJjdWl0cy9wczUxODE/YXBpLXZlcnNpb249MjAxNy0xMS0wMQ==",
      "RequestMethod": "GET",
      "RequestBody": "",
      "RequestHeaders": {
        "x-ms-client-request-id": [
          "31683cb0-5718-4578-a3ca-ae4dad2b0b20"
        ],
        "accept-language": [
          "en-US"
        ],
        "User-Agent": [
          "FxVersion/4.7.2633.0",
          "OSName/Windows10Enterprise",
          "OSVersion/6.3.16299",
          "Microsoft.Azure.Management.Network.NetworkManagementClient/17.0.0.0"
        ]
      },
      "ResponseBody": "{\r\n  \"name\": \"ps5181\",\r\n  \"id\": \"/subscriptions/c9cbd920-c00c-427c-852b-8aaf38badaeb/resourceGroups/movecircuit/providers/Microsoft.Network/expressRouteCircuits/ps5181\",\r\n  \"etag\": \"W/\\\"ea23c012-a663-4247-a766-014852bc6ddc\\\"\",\r\n  \"type\": \"Microsoft.Network/expressRouteCircuits\",\r\n  \"location\": \"brazilsouth\",\r\n  \"properties\": {\r\n    \"provisioningState\": \"Succeeded\",\r\n    \"resourceGuid\": \"e4a34839-5e0b-476b-abd0-dee40441ebab\",\r\n    \"peerings\": [],\r\n    \"authorizations\": [],\r\n    \"serviceProviderProperties\": {\r\n      \"serviceProviderName\": \"equinix\",\r\n      \"peeringLocation\": \"Silicon Valley\",\r\n      \"bandwidthInMbps\": 500\r\n    },\r\n    \"circuitProvisioningState\": \"Enabled\",\r\n    \"allowClassicOperations\": false,\r\n    \"gatewayManagerEtag\": \"\",\r\n    \"serviceKey\": \"b608e1f4-d3a9-435e-b2dd-bd5ed40e18f9\",\r\n    \"serviceProviderProvisioningState\": \"NotProvisioned\"\r\n  },\r\n  \"sku\": {\r\n    \"name\": \"Standard_MeteredData\",\r\n    \"tier\": \"Standard\",\r\n    \"family\": \"MeteredData\"\r\n  }\r\n}",
      "ResponseHeaders": {
        "Content-Length": [
          "982"
        ],
        "Content-Type": [
          "application/json; charset=utf-8"
        ],
        "Expires": [
          "-1"
        ],
        "Pragma": [
          "no-cache"
        ],
        "x-ms-request-id": [
          "c2553626-9d85-4c16-a002-f2d9783b8257"
        ],
        "Strict-Transport-Security": [
          "max-age=31536000; includeSubDomains"
        ],
        "Cache-Control": [
          "no-cache"
        ],
        "Server": [
          "Microsoft-HTTPAPI/2.0",
          "Microsoft-HTTPAPI/2.0"
        ],
        "x-ms-ratelimit-remaining-subscription-reads": [
          "14986"
        ],
        "x-ms-correlation-request-id": [
          "6ecf3f51-4737-4c32-a2ed-0cef603b2c76"
        ],
        "x-ms-routing-request-id": [
          "WESTUS2:20180227T174246Z:6ecf3f51-4737-4c32-a2ed-0cef603b2c76"
        ],
        "X-Content-Type-Options": [
          "nosniff"
        ],
        "Date": [
          "Tue, 27 Feb 2018 17:42:45 GMT"
        ]
      },
      "StatusCode": 200
    },
    {
      "RequestUri": "/subscriptions/c9cbd920-c00c-427c-852b-8aaf38badaeb/resourceGroups/movecircuit/providers/Microsoft.Network/expressRouteCircuits/ps5181?api-version=2017-11-01",
      "EncodedRequestUri": "L3N1YnNjcmlwdGlvbnMvYzljYmQ5MjAtYzAwYy00MjdjLTg1MmItOGFhZjM4YmFkYWViL3Jlc291cmNlR3JvdXBzL21vdmVjaXJjdWl0L3Byb3ZpZGVycy9NaWNyb3NvZnQuTmV0d29yay9leHByZXNzUm91dGVDaXJjdWl0cy9wczUxODE/YXBpLXZlcnNpb249MjAxNy0xMS0wMQ==",
      "RequestMethod": "GET",
      "RequestBody": "",
      "RequestHeaders": {
        "User-Agent": [
          "FxVersion/4.7.2633.0",
          "OSName/Windows10Enterprise",
          "OSVersion/6.3.16299",
          "Microsoft.Azure.Management.Network.NetworkManagementClient/17.0.0.0"
        ]
      },
      "ResponseBody": "{\r\n  \"name\": \"ps5181\",\r\n  \"id\": \"/subscriptions/c9cbd920-c00c-427c-852b-8aaf38badaeb/resourceGroups/movecircuit/providers/Microsoft.Network/expressRouteCircuits/ps5181\",\r\n  \"etag\": \"W/\\\"83b2605c-4897-4486-80d9-81c21d532030\\\"\",\r\n  \"type\": \"Microsoft.Network/expressRouteCircuits\",\r\n  \"location\": \"brazilsouth\",\r\n  \"properties\": {\r\n    \"provisioningState\": \"Succeeded\",\r\n    \"resourceGuid\": \"e4a34839-5e0b-476b-abd0-dee40441ebab\",\r\n    \"peerings\": [],\r\n    \"authorizations\": [],\r\n    \"serviceProviderProperties\": {\r\n      \"serviceProviderName\": \"equinix\",\r\n      \"peeringLocation\": \"Silicon Valley\",\r\n      \"bandwidthInMbps\": 500\r\n    },\r\n    \"circuitProvisioningState\": \"Enabled\",\r\n    \"allowClassicOperations\": false,\r\n    \"gatewayManagerEtag\": \"\",\r\n    \"serviceKey\": \"b608e1f4-d3a9-435e-b2dd-bd5ed40e18f9\",\r\n    \"serviceProviderProvisioningState\": \"NotProvisioned\"\r\n  },\r\n  \"sku\": {\r\n    \"name\": \"Standard_MeteredData\",\r\n    \"tier\": \"Standard\",\r\n    \"family\": \"MeteredData\"\r\n  }\r\n}",
      "ResponseHeaders": {
        "Content-Length": [
          "982"
        ],
        "Content-Type": [
          "application/json; charset=utf-8"
        ],
        "Expires": [
          "-1"
        ],
        "Pragma": [
          "no-cache"
        ],
        "x-ms-request-id": [
          "b716c3ac-8c47-44cd-a05b-07f835f5160d"
        ],
        "Strict-Transport-Security": [
          "max-age=31536000; includeSubDomains"
        ],
        "Cache-Control": [
          "no-cache"
        ],
        "Server": [
          "Microsoft-HTTPAPI/2.0",
          "Microsoft-HTTPAPI/2.0"
        ],
        "x-ms-ratelimit-remaining-subscription-reads": [
          "14984"
        ],
        "x-ms-correlation-request-id": [
          "4ce0ff2b-40d5-488f-ae0d-8e37e5b64278"
        ],
        "x-ms-routing-request-id": [
          "WESTUS2:20180227T174300Z:4ce0ff2b-40d5-488f-ae0d-8e37e5b64278"
        ],
        "X-Content-Type-Options": [
          "nosniff"
        ],
        "Date": [
          "Tue, 27 Feb 2018 17:43:00 GMT"
        ]
      },
      "StatusCode": 200
    },
    {
      "RequestUri": "/subscriptions/c9cbd920-c00c-427c-852b-8aaf38badaeb/resourceGroups/movecircuit/providers/Microsoft.Network/expressRouteCircuits/ps5181?api-version=2017-11-01",
      "EncodedRequestUri": "L3N1YnNjcmlwdGlvbnMvYzljYmQ5MjAtYzAwYy00MjdjLTg1MmItOGFhZjM4YmFkYWViL3Jlc291cmNlR3JvdXBzL21vdmVjaXJjdWl0L3Byb3ZpZGVycy9NaWNyb3NvZnQuTmV0d29yay9leHByZXNzUm91dGVDaXJjdWl0cy9wczUxODE/YXBpLXZlcnNpb249MjAxNy0xMS0wMQ==",
      "RequestMethod": "GET",
      "RequestBody": "",
      "RequestHeaders": {
        "x-ms-client-request-id": [
          "5da9c17e-d571-4b4c-9c54-e3f522abd140"
        ],
        "accept-language": [
          "en-US"
        ],
        "User-Agent": [
          "FxVersion/4.7.2633.0",
          "OSName/Windows10Enterprise",
          "OSVersion/6.3.16299",
          "Microsoft.Azure.Management.Network.NetworkManagementClient/17.0.0.0"
        ]
      },
      "ResponseBody": "{\r\n  \"name\": \"ps5181\",\r\n  \"id\": \"/subscriptions/c9cbd920-c00c-427c-852b-8aaf38badaeb/resourceGroups/movecircuit/providers/Microsoft.Network/expressRouteCircuits/ps5181\",\r\n  \"etag\": \"W/\\\"83b2605c-4897-4486-80d9-81c21d532030\\\"\",\r\n  \"type\": \"Microsoft.Network/expressRouteCircuits\",\r\n  \"location\": \"brazilsouth\",\r\n  \"properties\": {\r\n    \"provisioningState\": \"Succeeded\",\r\n    \"resourceGuid\": \"e4a34839-5e0b-476b-abd0-dee40441ebab\",\r\n    \"peerings\": [],\r\n    \"authorizations\": [],\r\n    \"serviceProviderProperties\": {\r\n      \"serviceProviderName\": \"equinix\",\r\n      \"peeringLocation\": \"Silicon Valley\",\r\n      \"bandwidthInMbps\": 500\r\n    },\r\n    \"circuitProvisioningState\": \"Enabled\",\r\n    \"allowClassicOperations\": false,\r\n    \"gatewayManagerEtag\": \"\",\r\n    \"serviceKey\": \"b608e1f4-d3a9-435e-b2dd-bd5ed40e18f9\",\r\n    \"serviceProviderProvisioningState\": \"NotProvisioned\"\r\n  },\r\n  \"sku\": {\r\n    \"name\": \"Standard_MeteredData\",\r\n    \"tier\": \"Standard\",\r\n    \"family\": \"MeteredData\"\r\n  }\r\n}",
      "ResponseHeaders": {
        "Content-Length": [
          "982"
        ],
        "Content-Type": [
          "application/json; charset=utf-8"
        ],
        "Expires": [
          "-1"
        ],
        "Pragma": [
          "no-cache"
        ],
        "x-ms-request-id": [
          "3d74e5da-ce5b-486e-862e-95f991367ed6"
        ],
        "Strict-Transport-Security": [
          "max-age=31536000; includeSubDomains"
        ],
        "Cache-Control": [
          "no-cache"
        ],
        "Server": [
          "Microsoft-HTTPAPI/2.0",
          "Microsoft-HTTPAPI/2.0"
        ],
        "x-ms-ratelimit-remaining-subscription-reads": [
          "14983"
        ],
        "x-ms-correlation-request-id": [
          "e99f04e4-70bf-4ed2-911c-8c2449b74e2f"
        ],
        "x-ms-routing-request-id": [
          "WESTUS2:20180227T174302Z:e99f04e4-70bf-4ed2-911c-8c2449b74e2f"
        ],
        "X-Content-Type-Options": [
          "nosniff"
        ],
        "Date": [
          "Tue, 27 Feb 2018 17:43:01 GMT"
        ]
      },
      "StatusCode": 200
    },
    {
      "RequestUri": "/subscriptions/c9cbd920-c00c-427c-852b-8aaf38badaeb/resourceGroups/movecircuit/providers/Microsoft.Network/expressRouteCircuits/ps5181?api-version=2017-11-01",
      "EncodedRequestUri": "L3N1YnNjcmlwdGlvbnMvYzljYmQ5MjAtYzAwYy00MjdjLTg1MmItOGFhZjM4YmFkYWViL3Jlc291cmNlR3JvdXBzL21vdmVjaXJjdWl0L3Byb3ZpZGVycy9NaWNyb3NvZnQuTmV0d29yay9leHByZXNzUm91dGVDaXJjdWl0cy9wczUxODE/YXBpLXZlcnNpb249MjAxNy0xMS0wMQ==",
      "RequestMethod": "PUT",
      "RequestBody": "{\r\n  \"sku\": {\r\n    \"name\": \"Standard_MeteredData\",\r\n    \"tier\": \"Standard\",\r\n    \"family\": \"MeteredData\"\r\n  },\r\n  \"properties\": {\r\n    \"allowClassicOperations\": true,\r\n    \"authorizations\": [],\r\n    \"peerings\": [],\r\n    \"serviceProviderProperties\": {\r\n      \"serviceProviderName\": \"equinix\",\r\n      \"peeringLocation\": \"Silicon Valley\",\r\n      \"bandwidthInMbps\": 500\r\n    }\r\n  },\r\n  \"location\": \"brazilSouth\"\r\n}",
      "RequestHeaders": {
        "Content-Type": [
          "application/json; charset=utf-8"
        ],
        "Content-Length": [
          "410"
        ],
        "x-ms-client-request-id": [
          "51fe76e0-841a-4cc9-9278-b65d2391c015"
        ],
        "accept-language": [
          "en-US"
        ],
        "User-Agent": [
          "FxVersion/4.7.2633.0",
          "OSName/Windows10Enterprise",
          "OSVersion/6.3.16299",
          "Microsoft.Azure.Management.Network.NetworkManagementClient/17.0.0.0"
        ]
      },
      "ResponseBody": "{\r\n  \"name\": \"ps5181\",\r\n  \"id\": \"/subscriptions/c9cbd920-c00c-427c-852b-8aaf38badaeb/resourceGroups/movecircuit/providers/Microsoft.Network/expressRouteCircuits/ps5181\",\r\n  \"etag\": \"W/\\\"8db703a1-6e3e-4aee-8e69-2821e20061fd\\\"\",\r\n  \"type\": \"Microsoft.Network/expressRouteCircuits\",\r\n  \"location\": \"brazilsouth\",\r\n  \"properties\": {\r\n    \"provisioningState\": \"Updating\",\r\n    \"resourceGuid\": \"e4a34839-5e0b-476b-abd0-dee40441ebab\",\r\n    \"peerings\": [],\r\n    \"authorizations\": [],\r\n    \"serviceProviderProperties\": {\r\n      \"serviceProviderName\": \"equinix\",\r\n      \"peeringLocation\": \"Silicon Valley\",\r\n      \"bandwidthInMbps\": 500\r\n    },\r\n    \"circuitProvisioningState\": \"Disabled\",\r\n    \"allowClassicOperations\": true,\r\n    \"serviceKey\": \"00000000-0000-0000-0000-000000000000\",\r\n    \"serviceProviderProvisioningState\": \"NotProvisioned\"\r\n  },\r\n  \"sku\": {\r\n    \"name\": \"Standard_MeteredData\",\r\n    \"tier\": \"Standard\",\r\n    \"family\": \"MeteredData\"\r\n  }\r\n}",
      "ResponseHeaders": {
        "Content-Length": [
          "950"
        ],
        "Content-Type": [
          "application/json; charset=utf-8"
        ],
        "Expires": [
          "-1"
        ],
        "Pragma": [
          "no-cache"
        ],
        "Retry-After": [
          "10"
        ],
        "x-ms-request-id": [
          "152cf0f4-b193-410a-92cd-51a64e652406"
        ],
        "Azure-AsyncOperation": [
          "https://management.azure.com/subscriptions/c9cbd920-c00c-427c-852b-8aaf38badaeb/providers/Microsoft.Network/locations/brazilsouth/operations/152cf0f4-b193-410a-92cd-51a64e652406?api-version=2017-11-01"
        ],
        "Strict-Transport-Security": [
          "max-age=31536000; includeSubDomains"
        ],
        "Cache-Control": [
          "no-cache"
        ],
        "Server": [
          "Microsoft-HTTPAPI/2.0",
          "Microsoft-HTTPAPI/2.0"
        ],
        "x-ms-ratelimit-remaining-subscription-writes": [
          "1199"
        ],
        "x-ms-correlation-request-id": [
          "7a2809bd-5bbf-4881-a9d8-272806248bbb"
        ],
        "x-ms-routing-request-id": [
          "WESTUS2:20180227T174158Z:7a2809bd-5bbf-4881-a9d8-272806248bbb"
        ],
        "X-Content-Type-Options": [
          "nosniff"
        ],
        "Date": [
          "Tue, 27 Feb 2018 17:41:57 GMT"
        ]
      },
      "StatusCode": 201
    },
    {
      "RequestUri": "/subscriptions/c9cbd920-c00c-427c-852b-8aaf38badaeb/resourceGroups/movecircuit/providers/Microsoft.Network/expressRouteCircuits/ps5181?api-version=2017-11-01",
      "EncodedRequestUri": "L3N1YnNjcmlwdGlvbnMvYzljYmQ5MjAtYzAwYy00MjdjLTg1MmItOGFhZjM4YmFkYWViL3Jlc291cmNlR3JvdXBzL21vdmVjaXJjdWl0L3Byb3ZpZGVycy9NaWNyb3NvZnQuTmV0d29yay9leHByZXNzUm91dGVDaXJjdWl0cy9wczUxODE/YXBpLXZlcnNpb249MjAxNy0xMS0wMQ==",
      "RequestMethod": "PUT",
      "RequestBody": "{\r\n  \"sku\": {\r\n    \"name\": \"Standard_MeteredData\",\r\n    \"tier\": \"Standard\",\r\n    \"family\": \"MeteredData\"\r\n  },\r\n  \"properties\": {\r\n    \"allowClassicOperations\": false,\r\n    \"circuitProvisioningState\": \"Enabled\",\r\n    \"serviceProviderProvisioningState\": \"NotProvisioned\",\r\n    \"authorizations\": [],\r\n    \"peerings\": [],\r\n    \"serviceKey\": \"b608e1f4-d3a9-435e-b2dd-bd5ed40e18f9\",\r\n    \"serviceProviderProperties\": {\r\n      \"serviceProviderName\": \"equinix\",\r\n      \"peeringLocation\": \"Silicon Valley\",\r\n      \"bandwidthInMbps\": 500\r\n    },\r\n    \"provisioningState\": \"Succeeded\",\r\n    \"gatewayManagerEtag\": \"\"\r\n  },\r\n  \"id\": \"/subscriptions/c9cbd920-c00c-427c-852b-8aaf38badaeb/resourceGroups/movecircuit/providers/Microsoft.Network/expressRouteCircuits/ps5181\",\r\n  \"location\": \"brazilsouth\"\r\n}",
      "RequestHeaders": {
        "Content-Type": [
          "application/json; charset=utf-8"
        ],
        "Content-Length": [
          "790"
        ],
        "x-ms-client-request-id": [
          "5e7e918c-dfc4-455c-aabe-04225f9b879b"
        ],
        "accept-language": [
          "en-US"
        ],
        "User-Agent": [
          "FxVersion/4.7.2633.0",
          "OSName/Windows10Enterprise",
          "OSVersion/6.3.16299",
          "Microsoft.Azure.Management.Network.NetworkManagementClient/17.0.0.0"
        ]
      },
      "ResponseBody": "{\r\n  \"name\": \"ps5181\",\r\n  \"id\": \"/subscriptions/c9cbd920-c00c-427c-852b-8aaf38badaeb/resourceGroups/movecircuit/providers/Microsoft.Network/expressRouteCircuits/ps5181\",\r\n  \"etag\": \"W/\\\"90355a0c-8708-42a5-bd53-d35ea6797c44\\\"\",\r\n  \"type\": \"Microsoft.Network/expressRouteCircuits\",\r\n  \"location\": \"brazilsouth\",\r\n  \"properties\": {\r\n    \"provisioningState\": \"Updating\",\r\n    \"resourceGuid\": \"e4a34839-5e0b-476b-abd0-dee40441ebab\",\r\n    \"peerings\": [],\r\n    \"authorizations\": [],\r\n    \"serviceProviderProperties\": {\r\n      \"serviceProviderName\": \"equinix\",\r\n      \"peeringLocation\": \"Silicon Valley\",\r\n      \"bandwidthInMbps\": 500\r\n    },\r\n    \"circuitProvisioningState\": \"Disabled\",\r\n    \"allowClassicOperations\": false,\r\n    \"gatewayManagerEtag\": \"\",\r\n    \"serviceKey\": \"b608e1f4-d3a9-435e-b2dd-bd5ed40e18f9\",\r\n    \"serviceProviderProvisioningState\": \"NotProvisioned\"\r\n  },\r\n  \"sku\": {\r\n    \"name\": \"Standard_MeteredData\",\r\n    \"tier\": \"Standard\",\r\n    \"family\": \"MeteredData\"\r\n  }\r\n}",
      "ResponseHeaders": {
        "Content-Length": [
          "982"
        ],
        "Content-Type": [
          "application/json; charset=utf-8"
        ],
        "Expires": [
          "-1"
        ],
        "Pragma": [
          "no-cache"
        ],
        "Retry-After": [
          "10"
        ],
        "x-ms-request-id": [
          "b7313ddb-1c05-433b-9986-d5cc961924af"
        ],
        "Azure-AsyncOperation": [
          "https://management.azure.com/subscriptions/c9cbd920-c00c-427c-852b-8aaf38badaeb/providers/Microsoft.Network/locations/brazilsouth/operations/b7313ddb-1c05-433b-9986-d5cc961924af?api-version=2017-11-01"
        ],
        "Strict-Transport-Security": [
          "max-age=31536000; includeSubDomains"
        ],
        "Cache-Control": [
          "no-cache"
        ],
        "Server": [
          "Microsoft-HTTPAPI/2.0",
          "Microsoft-HTTPAPI/2.0"
        ],
        "x-ms-ratelimit-remaining-subscription-writes": [
          "1198"
        ],
        "x-ms-correlation-request-id": [
          "2609f5a3-add9-457a-8c2c-427e6d3b1be0"
        ],
        "x-ms-routing-request-id": [
          "WESTUS2:20180227T174228Z:2609f5a3-add9-457a-8c2c-427e6d3b1be0"
        ],
        "X-Content-Type-Options": [
          "nosniff"
        ],
        "Date": [
          "Tue, 27 Feb 2018 17:42:27 GMT"
        ]
      },
      "StatusCode": 200
    },
    {
      "RequestUri": "/subscriptions/c9cbd920-c00c-427c-852b-8aaf38badaeb/resourceGroups/movecircuit/providers/Microsoft.Network/expressRouteCircuits/ps5181?api-version=2017-11-01",
      "EncodedRequestUri": "L3N1YnNjcmlwdGlvbnMvYzljYmQ5MjAtYzAwYy00MjdjLTg1MmItOGFhZjM4YmFkYWViL3Jlc291cmNlR3JvdXBzL21vdmVjaXJjdWl0L3Byb3ZpZGVycy9NaWNyb3NvZnQuTmV0d29yay9leHByZXNzUm91dGVDaXJjdWl0cy9wczUxODE/YXBpLXZlcnNpb249MjAxNy0xMS0wMQ==",
      "RequestMethod": "PUT",
      "RequestBody": "{\r\n  \"properties\": {\r\n    \"authorizations\": [],\r\n    \"peerings\": [],\r\n    \"serviceKey\": \"b608e1f4-d3a9-435e-b2dd-bd5ed40e18f9\"\r\n  },\r\n  \"location\": \"brazilSouth\"\r\n}",
      "RequestHeaders": {
        "Content-Type": [
          "application/json; charset=utf-8"
        ],
        "Content-Length": [
          "164"
        ],
        "x-ms-client-request-id": [
          "9df6f46e-dc0e-4f27-9468-f166d5ec023d"
        ],
        "accept-language": [
          "en-US"
        ],
        "User-Agent": [
          "FxVersion/4.7.2633.0",
          "OSName/Windows10Enterprise",
          "OSVersion/6.3.16299",
          "Microsoft.Azure.Management.Network.NetworkManagementClient/17.0.0.0"
        ]
      },
      "ResponseBody": "{\r\n  \"name\": \"ps5181\",\r\n  \"id\": \"/subscriptions/c9cbd920-c00c-427c-852b-8aaf38badaeb/resourceGroups/movecircuit/providers/Microsoft.Network/expressRouteCircuits/ps5181\",\r\n  \"etag\": \"W/\\\"121cb8ae-df51-4e02-91aa-555d4f5de961\\\"\",\r\n  \"type\": \"Microsoft.Network/expressRouteCircuits\",\r\n  \"location\": \"brazilsouth\",\r\n  \"properties\": {\r\n    \"provisioningState\": \"Updating\",\r\n    \"resourceGuid\": \"e4a34839-5e0b-476b-abd0-dee40441ebab\",\r\n    \"peerings\": [],\r\n    \"authorizations\": [],\r\n    \"circuitProvisioningState\": \"Disabled\",\r\n    \"allowClassicOperations\": false,\r\n    \"serviceKey\": \"b608e1f4-d3a9-435e-b2dd-bd5ed40e18f9\",\r\n    \"serviceProviderProvisioningState\": \"NotProvisioned\"\r\n  }\r\n}",
      "ResponseHeaders": {
        "Content-Length": [
          "683"
        ],
        "Content-Type": [
          "application/json; charset=utf-8"
        ],
        "Expires": [
          "-1"
        ],
        "Pragma": [
          "no-cache"
        ],
        "Retry-After": [
          "10"
        ],
        "x-ms-request-id": [
          "24705e78-624e-4e42-a470-dacafa5a4e69"
        ],
        "Azure-AsyncOperation": [
          "https://management.azure.com/subscriptions/c9cbd920-c00c-427c-852b-8aaf38badaeb/providers/Microsoft.Network/locations/brazilsouth/operations/24705e78-624e-4e42-a470-dacafa5a4e69?api-version=2017-11-01"
        ],
        "Strict-Transport-Security": [
          "max-age=31536000; includeSubDomains"
        ],
        "Cache-Control": [
          "no-cache"
        ],
        "Server": [
          "Microsoft-HTTPAPI/2.0",
          "Microsoft-HTTPAPI/2.0"
        ],
        "x-ms-ratelimit-remaining-subscription-writes": [
          "1197"
        ],
        "x-ms-correlation-request-id": [
          "6ecdfa1a-5ed3-472f-bcf9-a4cfb1f4f2a0"
        ],
        "x-ms-routing-request-id": [
          "WESTUS2:20180227T174247Z:6ecdfa1a-5ed3-472f-bcf9-a4cfb1f4f2a0"
        ],
        "X-Content-Type-Options": [
          "nosniff"
        ],
        "Date": [
          "Tue, 27 Feb 2018 17:42:46 GMT"
        ]
      },
      "StatusCode": 200
    },
    {
      "RequestUri": "/subscriptions/c9cbd920-c00c-427c-852b-8aaf38badaeb/providers/Microsoft.Network/locations/brazilsouth/operations/152cf0f4-b193-410a-92cd-51a64e652406?api-version=2017-11-01",
      "EncodedRequestUri": "L3N1YnNjcmlwdGlvbnMvYzljYmQ5MjAtYzAwYy00MjdjLTg1MmItOGFhZjM4YmFkYWViL3Byb3ZpZGVycy9NaWNyb3NvZnQuTmV0d29yay9sb2NhdGlvbnMvYnJhemlsc291dGgvb3BlcmF0aW9ucy8xNTJjZjBmNC1iMTkzLTQxMGEtOTJjZC01MWE2NGU2NTI0MDY/YXBpLXZlcnNpb249MjAxNy0xMS0wMQ==",
      "RequestMethod": "GET",
      "RequestBody": "",
      "RequestHeaders": {
        "User-Agent": [
          "FxVersion/4.7.2633.0",
          "OSName/Windows10Enterprise",
          "OSVersion/6.3.16299",
          "Microsoft.Azure.Management.Network.NetworkManagementClient/17.0.0.0"
        ]
      },
      "ResponseBody": "{\r\n  \"status\": \"InProgress\"\r\n}",
      "ResponseHeaders": {
        "Content-Length": [
          "30"
        ],
        "Content-Type": [
          "application/json; charset=utf-8"
        ],
        "Expires": [
          "-1"
        ],
        "Pragma": [
          "no-cache"
        ],
        "Retry-After": [
          "10"
        ],
        "x-ms-request-id": [
          "10c392c4-6f1f-4235-b918-dd547611cf11"
        ],
        "Strict-Transport-Security": [
          "max-age=31536000; includeSubDomains"
        ],
        "Cache-Control": [
          "no-cache"
        ],
        "Server": [
          "Microsoft-HTTPAPI/2.0",
          "Microsoft-HTTPAPI/2.0"
        ],
        "x-ms-ratelimit-remaining-subscription-reads": [
          "14996"
        ],
        "x-ms-correlation-request-id": [
          "6cad3087-8870-40aa-a9ab-29be4421aed7"
        ],
        "x-ms-routing-request-id": [
          "WESTUS2:20180227T174209Z:6cad3087-8870-40aa-a9ab-29be4421aed7"
        ],
        "X-Content-Type-Options": [
          "nosniff"
        ],
        "Date": [
          "Tue, 27 Feb 2018 17:42:09 GMT"
        ]
      },
      "StatusCode": 200
    },
    {
      "RequestUri": "/subscriptions/c9cbd920-c00c-427c-852b-8aaf38badaeb/providers/Microsoft.Network/locations/brazilsouth/operations/152cf0f4-b193-410a-92cd-51a64e652406?api-version=2017-11-01",
      "EncodedRequestUri": "L3N1YnNjcmlwdGlvbnMvYzljYmQ5MjAtYzAwYy00MjdjLTg1MmItOGFhZjM4YmFkYWViL3Byb3ZpZGVycy9NaWNyb3NvZnQuTmV0d29yay9sb2NhdGlvbnMvYnJhemlsc291dGgvb3BlcmF0aW9ucy8xNTJjZjBmNC1iMTkzLTQxMGEtOTJjZC01MWE2NGU2NTI0MDY/YXBpLXZlcnNpb249MjAxNy0xMS0wMQ==",
      "RequestMethod": "GET",
      "RequestBody": "",
      "RequestHeaders": {
        "User-Agent": [
          "FxVersion/4.7.2633.0",
          "OSName/Windows10Enterprise",
          "OSVersion/6.3.16299",
          "Microsoft.Azure.Management.Network.NetworkManagementClient/17.0.0.0"
        ]
      },
      "ResponseBody": "{\r\n  \"status\": \"Succeeded\"\r\n}",
      "ResponseHeaders": {
        "Content-Length": [
          "29"
        ],
        "Content-Type": [
          "application/json; charset=utf-8"
        ],
        "Expires": [
          "-1"
        ],
        "Pragma": [
          "no-cache"
        ],
        "x-ms-request-id": [
          "1b0c9e4c-4c1f-4e83-b414-cd45ced03247"
        ],
        "Strict-Transport-Security": [
          "max-age=31536000; includeSubDomains"
        ],
        "Cache-Control": [
          "no-cache"
        ],
        "Server": [
          "Microsoft-HTTPAPI/2.0",
          "Microsoft-HTTPAPI/2.0"
        ],
        "x-ms-ratelimit-remaining-subscription-reads": [
          "14995"
        ],
        "x-ms-correlation-request-id": [
          "e1d6aa82-573d-49ec-83ce-f635da640562"
        ],
        "x-ms-routing-request-id": [
          "WESTUS2:20180227T174220Z:e1d6aa82-573d-49ec-83ce-f635da640562"
        ],
        "X-Content-Type-Options": [
          "nosniff"
        ],
        "Date": [
          "Tue, 27 Feb 2018 17:42:19 GMT"
        ]
      },
      "StatusCode": 200
    },
    {
      "RequestUri": "/subscriptions/c9cbd920-c00c-427c-852b-8aaf38badaeb/providers/Microsoft.Network/locations/brazilsouth/operations/b7313ddb-1c05-433b-9986-d5cc961924af?api-version=2017-11-01",
      "EncodedRequestUri": "L3N1YnNjcmlwdGlvbnMvYzljYmQ5MjAtYzAwYy00MjdjLTg1MmItOGFhZjM4YmFkYWViL3Byb3ZpZGVycy9NaWNyb3NvZnQuTmV0d29yay9sb2NhdGlvbnMvYnJhemlsc291dGgvb3BlcmF0aW9ucy9iNzMxM2RkYi0xYzA1LTQzM2ItOTk4Ni1kNWNjOTYxOTI0YWY/YXBpLXZlcnNpb249MjAxNy0xMS0wMQ==",
      "RequestMethod": "GET",
      "RequestBody": "",
      "RequestHeaders": {
        "User-Agent": [
          "FxVersion/4.7.2633.0",
          "OSName/Windows10Enterprise",
          "OSVersion/6.3.16299",
          "Microsoft.Azure.Management.Network.NetworkManagementClient/17.0.0.0"
        ]
      },
      "ResponseBody": "{\r\n  \"status\": \"Succeeded\"\r\n}",
      "ResponseHeaders": {
        "Content-Length": [
          "29"
        ],
        "Content-Type": [
          "application/json; charset=utf-8"
        ],
        "Expires": [
          "-1"
        ],
        "Pragma": [
          "no-cache"
        ],
        "x-ms-request-id": [
          "d7ca9598-841b-4a22-8781-b44e8bf0d1a2"
        ],
        "Strict-Transport-Security": [
          "max-age=31536000; includeSubDomains"
        ],
        "Cache-Control": [
          "no-cache"
        ],
        "Server": [
          "Microsoft-HTTPAPI/2.0",
          "Microsoft-HTTPAPI/2.0"
        ],
        "x-ms-ratelimit-remaining-subscription-reads": [
          "14990"
        ],
        "x-ms-correlation-request-id": [
          "0bac47fc-7ec8-47aa-83db-7f3e70909333"
        ],
        "x-ms-routing-request-id": [
          "WESTUS2:20180227T174238Z:0bac47fc-7ec8-47aa-83db-7f3e70909333"
        ],
        "X-Content-Type-Options": [
          "nosniff"
        ],
        "Date": [
          "Tue, 27 Feb 2018 17:42:38 GMT"
        ]
      },
      "StatusCode": 200
    },
    {
      "RequestUri": "/subscriptions/c9cbd920-c00c-427c-852b-8aaf38badaeb/resourceGroups/movecircuit/providers/Microsoft.Network/expressRouteCircuits/ps5181/stats?api-version=2017-11-01",
      "EncodedRequestUri": "L3N1YnNjcmlwdGlvbnMvYzljYmQ5MjAtYzAwYy00MjdjLTg1MmItOGFhZjM4YmFkYWViL3Jlc291cmNlR3JvdXBzL21vdmVjaXJjdWl0L3Byb3ZpZGVycy9NaWNyb3NvZnQuTmV0d29yay9leHByZXNzUm91dGVDaXJjdWl0cy9wczUxODEvc3RhdHM/YXBpLXZlcnNpb249MjAxNy0xMS0wMQ==",
      "RequestMethod": "GET",
      "RequestBody": "",
      "RequestHeaders": {
        "x-ms-client-request-id": [
          "f1d99728-d5e4-44d5-922b-5b72d60e893a"
        ],
        "accept-language": [
          "en-US"
        ],
        "User-Agent": [
          "FxVersion/4.7.2633.0",
          "OSName/Windows10Enterprise",
          "OSVersion/6.3.16299",
          "Microsoft.Azure.Management.Network.NetworkManagementClient/17.0.0.0"
        ]
      },
      "ResponseBody": "{\r\n  \"primaryBytesIn\": 0,\r\n  \"primaryBytesOut\": 0,\r\n  \"secondaryBytesIn\": 0,\r\n  \"secondaryBytesOut\": 0\r\n}",
      "ResponseHeaders": {
        "Content-Length": [
          "105"
        ],
        "Content-Type": [
          "application/json; charset=utf-8"
        ],
        "Expires": [
          "-1"
        ],
        "Pragma": [
          "no-cache"
        ],
        "x-ms-request-id": [
          "9f7db121-af52-4895-a8fa-086a51ebc969"
        ],
        "Strict-Transport-Security": [
          "max-age=31536000; includeSubDomains"
        ],
        "Cache-Control": [
          "no-cache"
        ],
        "Server": [
          "Microsoft-HTTPAPI/2.0",
          "Microsoft-HTTPAPI/2.0"
        ],
        "x-ms-ratelimit-remaining-subscription-reads": [
          "14987"
        ],
        "x-ms-correlation-request-id": [
          "4ff90184-766d-4402-a4ba-55187d2dd5f1"
        ],
        "x-ms-routing-request-id": [
          "WESTUS2:20180227T174244Z:4ff90184-766d-4402-a4ba-55187d2dd5f1"
        ],
        "X-Content-Type-Options": [
          "nosniff"
        ],
        "Date": [
          "Tue, 27 Feb 2018 17:42:43 GMT"
        ]
      },
      "StatusCode": 200
    },
    {
      "RequestUri": "/subscriptions/c9cbd920-c00c-427c-852b-8aaf38badaeb/providers/Microsoft.Network/locations/brazilsouth/operations/24705e78-624e-4e42-a470-dacafa5a4e69?api-version=2017-11-01",
      "EncodedRequestUri": "L3N1YnNjcmlwdGlvbnMvYzljYmQ5MjAtYzAwYy00MjdjLTg1MmItOGFhZjM4YmFkYWViL3Byb3ZpZGVycy9NaWNyb3NvZnQuTmV0d29yay9sb2NhdGlvbnMvYnJhemlsc291dGgvb3BlcmF0aW9ucy8yNDcwNWU3OC02MjRlLTRlNDItYTQ3MC1kYWNhZmE1YTRlNjk/YXBpLXZlcnNpb249MjAxNy0xMS0wMQ==",
      "RequestMethod": "GET",
      "RequestBody": "",
      "RequestHeaders": {
        "User-Agent": [
          "FxVersion/4.7.2633.0",
          "OSName/Windows10Enterprise",
          "OSVersion/6.3.16299",
          "Microsoft.Azure.Management.Network.NetworkManagementClient/17.0.0.0"
        ]
      },
      "ResponseBody": "{\r\n  \"status\": \"Succeeded\"\r\n}",
      "ResponseHeaders": {
        "Content-Length": [
          "29"
        ],
        "Content-Type": [
          "application/json; charset=utf-8"
        ],
        "Expires": [
          "-1"
        ],
        "Pragma": [
          "no-cache"
        ],
        "x-ms-request-id": [
          "bda74e8c-af46-40be-baad-a9f4a6e521e7"
        ],
        "Strict-Transport-Security": [
          "max-age=31536000; includeSubDomains"
        ],
        "Cache-Control": [
          "no-cache"
        ],
        "Server": [
          "Microsoft-HTTPAPI/2.0",
          "Microsoft-HTTPAPI/2.0"
        ],
        "x-ms-ratelimit-remaining-subscription-reads": [
          "14985"
        ],
        "x-ms-correlation-request-id": [
          "280196b7-fade-4b23-ab9a-eb313cf6b6ab"
        ],
        "x-ms-routing-request-id": [
          "WESTUS2:20180227T174258Z:280196b7-fade-4b23-ab9a-eb313cf6b6ab"
        ],
        "X-Content-Type-Options": [
          "nosniff"
        ],
        "Date": [
          "Tue, 27 Feb 2018 17:42:58 GMT"
        ]
      },
      "StatusCode": 200
    },
    {
      "RequestUri": "/subscriptions/c9cbd920-c00c-427c-852b-8aaf38badaeb/resourceGroups/movecircuit/providers/Microsoft.Network/expressRouteCircuits/ps5181?api-version=2017-11-01",
      "EncodedRequestUri": "L3N1YnNjcmlwdGlvbnMvYzljYmQ5MjAtYzAwYy00MjdjLTg1MmItOGFhZjM4YmFkYWViL3Jlc291cmNlR3JvdXBzL21vdmVjaXJjdWl0L3Byb3ZpZGVycy9NaWNyb3NvZnQuTmV0d29yay9leHByZXNzUm91dGVDaXJjdWl0cy9wczUxODE/YXBpLXZlcnNpb249MjAxNy0xMS0wMQ==",
      "RequestMethod": "DELETE",
      "RequestBody": "",
      "RequestHeaders": {
        "x-ms-client-request-id": [
          "8cdb3ae0-2fbc-4927-938c-7adb637c64b9"
        ],
        "accept-language": [
          "en-US"
        ],
        "User-Agent": [
          "FxVersion/4.7.2633.0",
          "OSName/Windows10Enterprise",
          "OSVersion/6.3.16299",
          "Microsoft.Azure.Management.Network.NetworkManagementClient/17.0.0.0"
        ]
      },
      "ResponseBody": "",
      "ResponseHeaders": {
        "Content-Length": [
          "0"
        ],
        "Expires": [
          "-1"
        ],
        "Pragma": [
          "no-cache"
        ],
        "Retry-After": [
          "10"
        ],
        "x-ms-request-id": [
          "27de33ee-422a-40e6-b3d7-bdeefc4013b7"
        ],
        "Azure-AsyncOperation": [
          "https://management.azure.com/subscriptions/c9cbd920-c00c-427c-852b-8aaf38badaeb/providers/Microsoft.Network/locations/brazilsouth/operations/27de33ee-422a-40e6-b3d7-bdeefc4013b7?api-version=2017-11-01"
        ],
        "Strict-Transport-Security": [
          "max-age=31536000; includeSubDomains"
        ],
        "Cache-Control": [
          "no-cache"
        ],
        "Location": [
          "https://management.azure.com/subscriptions/c9cbd920-c00c-427c-852b-8aaf38badaeb/providers/Microsoft.Network/locations/brazilsouth/operationResults/27de33ee-422a-40e6-b3d7-bdeefc4013b7?api-version=2017-11-01"
        ],
        "Server": [
          "Microsoft-HTTPAPI/2.0",
          "Microsoft-HTTPAPI/2.0"
        ],
        "x-ms-ratelimit-remaining-subscription-writes": [
          "1196"
        ],
        "x-ms-correlation-request-id": [
          "38ff6d25-eb64-45f4-b74e-d6815430054b"
        ],
        "x-ms-routing-request-id": [
          "WESTUS2:20180227T174304Z:38ff6d25-eb64-45f4-b74e-d6815430054b"
        ],
        "X-Content-Type-Options": [
          "nosniff"
        ],
        "Date": [
          "Tue, 27 Feb 2018 17:43:04 GMT"
        ]
      },
      "StatusCode": 202
    },
    {
      "RequestUri": "/subscriptions/c9cbd920-c00c-427c-852b-8aaf38badaeb/providers/Microsoft.Network/locations/brazilsouth/operations/27de33ee-422a-40e6-b3d7-bdeefc4013b7?api-version=2017-11-01",
      "EncodedRequestUri": "L3N1YnNjcmlwdGlvbnMvYzljYmQ5MjAtYzAwYy00MjdjLTg1MmItOGFhZjM4YmFkYWViL3Byb3ZpZGVycy9NaWNyb3NvZnQuTmV0d29yay9sb2NhdGlvbnMvYnJhemlsc291dGgvb3BlcmF0aW9ucy8yN2RlMzNlZS00MjJhLTQwZTYtYjNkNy1iZGVlZmM0MDEzYjc/YXBpLXZlcnNpb249MjAxNy0xMS0wMQ==",
      "RequestMethod": "GET",
      "RequestBody": "",
      "RequestHeaders": {
        "User-Agent": [
          "FxVersion/4.7.2633.0",
          "OSName/Windows10Enterprise",
          "OSVersion/6.3.16299",
          "Microsoft.Azure.Management.Network.NetworkManagementClient/17.0.0.0"
        ]
      },
      "ResponseBody": "{\r\n  \"status\": \"InProgress\"\r\n}",
      "ResponseHeaders": {
        "Content-Length": [
          "30"
        ],
        "Content-Type": [
          "application/json; charset=utf-8"
        ],
        "Expires": [
          "-1"
        ],
        "Pragma": [
          "no-cache"
        ],
        "Retry-After": [
          "10"
        ],
        "x-ms-request-id": [
          "7e782ea3-6a62-4601-83fe-9a3e597a31f6"
        ],
        "Strict-Transport-Security": [
          "max-age=31536000; includeSubDomains"
        ],
        "Cache-Control": [
          "no-cache"
        ],
        "Server": [
          "Microsoft-HTTPAPI/2.0",
          "Microsoft-HTTPAPI/2.0"
        ],
        "x-ms-ratelimit-remaining-subscription-reads": [
          "14982"
        ],
        "x-ms-correlation-request-id": [
          "50506966-d86a-4cb6-9741-aa4bf0bbac80"
        ],
        "x-ms-routing-request-id": [
          "WESTUS2:20180227T174315Z:50506966-d86a-4cb6-9741-aa4bf0bbac80"
        ],
        "X-Content-Type-Options": [
          "nosniff"
        ],
        "Date": [
          "Tue, 27 Feb 2018 17:43:14 GMT"
        ]
      },
      "StatusCode": 200
    },
    {
      "RequestUri": "/subscriptions/c9cbd920-c00c-427c-852b-8aaf38badaeb/providers/Microsoft.Network/locations/brazilsouth/operations/27de33ee-422a-40e6-b3d7-bdeefc4013b7?api-version=2017-11-01",
      "EncodedRequestUri": "L3N1YnNjcmlwdGlvbnMvYzljYmQ5MjAtYzAwYy00MjdjLTg1MmItOGFhZjM4YmFkYWViL3Byb3ZpZGVycy9NaWNyb3NvZnQuTmV0d29yay9sb2NhdGlvbnMvYnJhemlsc291dGgvb3BlcmF0aW9ucy8yN2RlMzNlZS00MjJhLTQwZTYtYjNkNy1iZGVlZmM0MDEzYjc/YXBpLXZlcnNpb249MjAxNy0xMS0wMQ==",
      "RequestMethod": "GET",
      "RequestBody": "",
      "RequestHeaders": {
        "User-Agent": [
          "FxVersion/4.7.2633.0",
          "OSName/Windows10Enterprise",
          "OSVersion/6.3.16299",
          "Microsoft.Azure.Management.Network.NetworkManagementClient/17.0.0.0"
        ]
      },
      "ResponseBody": "{\r\n  \"status\": \"Succeeded\"\r\n}",
      "ResponseHeaders": {
        "Content-Length": [
          "29"
        ],
        "Content-Type": [
          "application/json; charset=utf-8"
        ],
        "Expires": [
          "-1"
        ],
        "Pragma": [
          "no-cache"
        ],
        "x-ms-request-id": [
          "29c0709c-b6cc-4c2b-90e3-747bb86a64ff"
        ],
        "Strict-Transport-Security": [
          "max-age=31536000; includeSubDomains"
        ],
        "Cache-Control": [
          "no-cache"
        ],
        "Server": [
          "Microsoft-HTTPAPI/2.0",
          "Microsoft-HTTPAPI/2.0"
        ],
        "x-ms-ratelimit-remaining-subscription-reads": [
          "14981"
        ],
        "x-ms-correlation-request-id": [
          "013c552d-d458-4664-9507-2f5a23c413b3"
        ],
        "x-ms-routing-request-id": [
          "WESTUS2:20180227T174326Z:013c552d-d458-4664-9507-2f5a23c413b3"
        ],
        "X-Content-Type-Options": [
          "nosniff"
        ],
        "Date": [
          "Tue, 27 Feb 2018 17:43:25 GMT"
        ]
      },
      "StatusCode": 200
    },
    {
      "RequestUri": "/subscriptions/c9cbd920-c00c-427c-852b-8aaf38badaeb/providers/Microsoft.Network/locations/brazilsouth/operationResults/27de33ee-422a-40e6-b3d7-bdeefc4013b7?api-version=2017-11-01",
      "EncodedRequestUri": "L3N1YnNjcmlwdGlvbnMvYzljYmQ5MjAtYzAwYy00MjdjLTg1MmItOGFhZjM4YmFkYWViL3Byb3ZpZGVycy9NaWNyb3NvZnQuTmV0d29yay9sb2NhdGlvbnMvYnJhemlsc291dGgvb3BlcmF0aW9uUmVzdWx0cy8yN2RlMzNlZS00MjJhLTQwZTYtYjNkNy1iZGVlZmM0MDEzYjc/YXBpLXZlcnNpb249MjAxNy0xMS0wMQ==",
      "RequestMethod": "GET",
      "RequestBody": "",
      "RequestHeaders": {
        "User-Agent": [
          "FxVersion/4.7.2633.0",
          "OSName/Windows10Enterprise",
          "OSVersion/6.3.16299",
          "Microsoft.Azure.Management.Network.NetworkManagementClient/17.0.0.0"
        ]
      },
      "ResponseBody": "",
      "ResponseHeaders": {
        "Content-Type": [
          "application/json; charset=utf-8"
        ],
        "Expires": [
          "-1"
        ],
        "Pragma": [
          "no-cache"
        ],
        "x-ms-request-id": [
          "27de33ee-422a-40e6-b3d7-bdeefc4013b7"
        ],
        "Azure-AsyncOperation": [
          "https://management.azure.com/subscriptions/c9cbd920-c00c-427c-852b-8aaf38badaeb/providers/Microsoft.Network/locations/brazilsouth/operations/27de33ee-422a-40e6-b3d7-bdeefc4013b7?api-version=2017-11-01"
        ],
        "Strict-Transport-Security": [
          "max-age=31536000; includeSubDomains"
        ],
        "Cache-Control": [
          "no-cache"
        ],
        "Location": [
          "https://management.azure.com/subscriptions/c9cbd920-c00c-427c-852b-8aaf38badaeb/providers/Microsoft.Network/locations/brazilsouth/operationResults/27de33ee-422a-40e6-b3d7-bdeefc4013b7?api-version=2017-11-01"
        ],
        "Server": [
          "Microsoft-HTTPAPI/2.0",
          "Microsoft-HTTPAPI/2.0"
        ],
        "x-ms-ratelimit-remaining-subscription-reads": [
          "14980"
        ],
        "x-ms-correlation-request-id": [
          "fcbb6eda-b63b-4814-a6d7-94421e7d74ab"
        ],
        "x-ms-routing-request-id": [
          "WESTUS2:20180227T174326Z:fcbb6eda-b63b-4814-a6d7-94421e7d74ab"
        ],
        "X-Content-Type-Options": [
          "nosniff"
        ],
        "Date": [
          "Tue, 27 Feb 2018 17:43:26 GMT"
        ]
      },
      "StatusCode": 204
    },
    {
      "RequestUri": "/subscriptions/c9cbd920-c00c-427c-852b-8aaf38badaeb/resourceGroups/movecircuit/providers/Microsoft.Network/expressRouteCircuits?api-version=2017-11-01",
      "EncodedRequestUri": "L3N1YnNjcmlwdGlvbnMvYzljYmQ5MjAtYzAwYy00MjdjLTg1MmItOGFhZjM4YmFkYWViL3Jlc291cmNlR3JvdXBzL21vdmVjaXJjdWl0L3Byb3ZpZGVycy9NaWNyb3NvZnQuTmV0d29yay9leHByZXNzUm91dGVDaXJjdWl0cz9hcGktdmVyc2lvbj0yMDE3LTExLTAx",
      "RequestMethod": "GET",
      "RequestBody": "",
      "RequestHeaders": {
        "x-ms-client-request-id": [
          "3788fb71-8ce1-4613-96cd-c40d23e7315d"
        ],
        "accept-language": [
          "en-US"
        ],
        "User-Agent": [
          "FxVersion/4.7.2633.0",
          "OSName/Windows10Enterprise",
          "OSVersion/6.3.16299",
          "Microsoft.Azure.Management.Network.NetworkManagementClient/17.0.0.0"
        ]
      },
      "ResponseBody": "{\r\n  \"value\": []\r\n}",
      "ResponseHeaders": {
        "Content-Length": [
          "19"
        ],
        "Content-Type": [
          "application/json; charset=utf-8"
        ],
        "Expires": [
          "-1"
        ],
        "Pragma": [
          "no-cache"
        ],
        "x-ms-request-id": [
          "bd88dace-811c-4225-91c9-c9f83e6a2139"
        ],
        "Strict-Transport-Security": [
          "max-age=31536000; includeSubDomains"
        ],
        "Cache-Control": [
          "no-cache"
        ],
        "Server": [
          "Microsoft-HTTPAPI/2.0",
          "Microsoft-HTTPAPI/2.0"
        ],
        "x-ms-ratelimit-remaining-subscription-reads": [
          "14979"
        ],
        "x-ms-correlation-request-id": [
          "c1545003-62c5-41e4-bab0-a3ac4b602ce2"
        ],
        "x-ms-routing-request-id": [
          "WESTUS2:20180227T174332Z:c1545003-62c5-41e4-bab0-a3ac4b602ce2"
        ],
        "X-Content-Type-Options": [
          "nosniff"
        ],
        "Date": [
          "Tue, 27 Feb 2018 17:43:31 GMT"
        ]
      },
      "StatusCode": 200
    },
    {
      "RequestUri": "/subscriptions/c9cbd920-c00c-427c-852b-8aaf38badaeb/resourcegroups/movecircuit?api-version=2016-02-01",
      "EncodedRequestUri": "L3N1YnNjcmlwdGlvbnMvYzljYmQ5MjAtYzAwYy00MjdjLTg1MmItOGFhZjM4YmFkYWViL3Jlc291cmNlZ3JvdXBzL21vdmVjaXJjdWl0P2FwaS12ZXJzaW9uPTIwMTYtMDItMDE=",
      "RequestMethod": "DELETE",
      "RequestBody": "",
      "RequestHeaders": {
        "User-Agent": [
          "Microsoft.Azure.Management.Resources.ResourceManagementClient/2.0.0.0"
        ]
      },
      "ResponseBody": "",
      "ResponseHeaders": {
        "Content-Length": [
          "0"
        ],
        "Expires": [
          "-1"
        ],
        "Pragma": [
          "no-cache"
        ],
        "Retry-After": [
          "15"
        ],
        "x-ms-ratelimit-remaining-subscription-writes": [
          "1197"
        ],
        "x-ms-request-id": [
          "eb5794ad-8f54-44f4-ba9b-1584285a3e0d"
        ],
        "x-ms-correlation-request-id": [
          "eb5794ad-8f54-44f4-ba9b-1584285a3e0d"
        ],
        "x-ms-routing-request-id": [
          "WESTUS2:20180227T174336Z:eb5794ad-8f54-44f4-ba9b-1584285a3e0d"
        ],
        "Strict-Transport-Security": [
          "max-age=31536000; includeSubDomains"
        ],
        "X-Content-Type-Options": [
          "nosniff"
        ],
        "Cache-Control": [
          "no-cache"
        ],
        "Date": [
          "Tue, 27 Feb 2018 17:43:36 GMT"
        ],
        "Location": [
          "https://management.azure.com/subscriptions/c9cbd920-c00c-427c-852b-8aaf38badaeb/operationresults/eyJqb2JJZCI6IlJFU09VUkNFR1JPVVBERUxFVElPTkpPQi1NT1ZFQ0lSQ1VJVC1CUkFaSUxTT1VUSCIsImpvYkxvY2F0aW9uIjoiYnJhemlsc291dGgifQ?api-version=2016-02-01"
        ]
      },
      "StatusCode": 202
    },
    {
      "RequestUri": "/subscriptions/c9cbd920-c00c-427c-852b-8aaf38badaeb/operationresults/eyJqb2JJZCI6IlJFU09VUkNFR1JPVVBERUxFVElPTkpPQi1NT1ZFQ0lSQ1VJVC1CUkFaSUxTT1VUSCIsImpvYkxvY2F0aW9uIjoiYnJhemlsc291dGgifQ?api-version=2016-02-01",
      "EncodedRequestUri": "L3N1YnNjcmlwdGlvbnMvYzljYmQ5MjAtYzAwYy00MjdjLTg1MmItOGFhZjM4YmFkYWViL29wZXJhdGlvbnJlc3VsdHMvZXlKcWIySkpaQ0k2SWxKRlUwOVZVa05GUjFKUFZWQkVSVXhGVkVsUFRrcFBRaTFOVDFaRlEwbFNRMVZKVkMxQ1VrRmFTVXhUVDFWVVNDSXNJbXB2WWt4dlkyRjBhVzl1SWpvaVluSmhlbWxzYzI5MWRHZ2lmUT9hcGktdmVyc2lvbj0yMDE2LTAyLTAx",
      "RequestMethod": "GET",
      "RequestBody": "",
      "RequestHeaders": {
        "x-ms-version": [
          "2016-02-01"
        ],
        "User-Agent": [
          "Microsoft.Azure.Management.Resources.ResourceManagementClient/2.0.0.0"
        ]
      },
      "ResponseBody": "",
      "ResponseHeaders": {
        "Content-Length": [
          "0"
        ],
        "Expires": [
          "-1"
        ],
        "Pragma": [
          "no-cache"
        ],
        "Retry-After": [
          "15"
        ],
        "x-ms-ratelimit-remaining-subscription-reads": [
          "14993"
        ],
        "x-ms-request-id": [
          "017b58fa-dbe8-4636-a39c-1b2aea8f4889"
        ],
        "x-ms-correlation-request-id": [
          "017b58fa-dbe8-4636-a39c-1b2aea8f4889"
        ],
        "x-ms-routing-request-id": [
          "WESTUS2:20180227T174337Z:017b58fa-dbe8-4636-a39c-1b2aea8f4889"
        ],
        "Strict-Transport-Security": [
          "max-age=31536000; includeSubDomains"
        ],
        "X-Content-Type-Options": [
          "nosniff"
        ],
        "Cache-Control": [
          "no-cache"
        ],
        "Date": [
          "Tue, 27 Feb 2018 17:43:36 GMT"
        ],
        "Location": [
          "https://management.azure.com/subscriptions/c9cbd920-c00c-427c-852b-8aaf38badaeb/operationresults/eyJqb2JJZCI6IlJFU09VUkNFR1JPVVBERUxFVElPTkpPQi1NT1ZFQ0lSQ1VJVC1CUkFaSUxTT1VUSCIsImpvYkxvY2F0aW9uIjoiYnJhemlsc291dGgifQ?api-version=2016-02-01"
        ]
      },
      "StatusCode": 202
    },
    {
      "RequestUri": "/subscriptions/c9cbd920-c00c-427c-852b-8aaf38badaeb/operationresults/eyJqb2JJZCI6IlJFU09VUkNFR1JPVVBERUxFVElPTkpPQi1NT1ZFQ0lSQ1VJVC1CUkFaSUxTT1VUSCIsImpvYkxvY2F0aW9uIjoiYnJhemlsc291dGgifQ?api-version=2016-02-01",
      "EncodedRequestUri": "L3N1YnNjcmlwdGlvbnMvYzljYmQ5MjAtYzAwYy00MjdjLTg1MmItOGFhZjM4YmFkYWViL29wZXJhdGlvbnJlc3VsdHMvZXlKcWIySkpaQ0k2SWxKRlUwOVZVa05GUjFKUFZWQkVSVXhGVkVsUFRrcFBRaTFOVDFaRlEwbFNRMVZKVkMxQ1VrRmFTVXhUVDFWVVNDSXNJbXB2WWt4dlkyRjBhVzl1SWpvaVluSmhlbWxzYzI5MWRHZ2lmUT9hcGktdmVyc2lvbj0yMDE2LTAyLTAx",
      "RequestMethod": "GET",
      "RequestBody": "",
      "RequestHeaders": {
        "x-ms-version": [
          "2016-02-01"
        ],
        "User-Agent": [
          "Microsoft.Azure.Management.Resources.ResourceManagementClient/2.0.0.0"
        ]
      },
      "ResponseBody": "",
      "ResponseHeaders": {
        "Content-Length": [
          "0"
        ],
        "Expires": [
          "-1"
        ],
        "Pragma": [
          "no-cache"
        ],
        "Retry-After": [
          "15"
        ],
        "x-ms-ratelimit-remaining-subscription-reads": [
          "14992"
        ],
        "x-ms-request-id": [
          "19242172-4b5d-4560-ba31-3031601ee953"
        ],
        "x-ms-correlation-request-id": [
          "19242172-4b5d-4560-ba31-3031601ee953"
        ],
        "x-ms-routing-request-id": [
          "WESTUS2:20180227T174352Z:19242172-4b5d-4560-ba31-3031601ee953"
        ],
        "Strict-Transport-Security": [
          "max-age=31536000; includeSubDomains"
        ],
        "X-Content-Type-Options": [
          "nosniff"
        ],
        "Cache-Control": [
          "no-cache"
        ],
        "Date": [
          "Tue, 27 Feb 2018 17:43:51 GMT"
        ],
        "Location": [
          "https://management.azure.com/subscriptions/c9cbd920-c00c-427c-852b-8aaf38badaeb/operationresults/eyJqb2JJZCI6IlJFU09VUkNFR1JPVVBERUxFVElPTkpPQi1NT1ZFQ0lSQ1VJVC1CUkFaSUxTT1VUSCIsImpvYkxvY2F0aW9uIjoiYnJhemlsc291dGgifQ?api-version=2016-02-01"
        ]
      },
      "StatusCode": 202
    },
    {
      "RequestUri": "/subscriptions/c9cbd920-c00c-427c-852b-8aaf38badaeb/operationresults/eyJqb2JJZCI6IlJFU09VUkNFR1JPVVBERUxFVElPTkpPQi1NT1ZFQ0lSQ1VJVC1CUkFaSUxTT1VUSCIsImpvYkxvY2F0aW9uIjoiYnJhemlsc291dGgifQ?api-version=2016-02-01",
      "EncodedRequestUri": "L3N1YnNjcmlwdGlvbnMvYzljYmQ5MjAtYzAwYy00MjdjLTg1MmItOGFhZjM4YmFkYWViL29wZXJhdGlvbnJlc3VsdHMvZXlKcWIySkpaQ0k2SWxKRlUwOVZVa05GUjFKUFZWQkVSVXhGVkVsUFRrcFBRaTFOVDFaRlEwbFNRMVZKVkMxQ1VrRmFTVXhUVDFWVVNDSXNJbXB2WWt4dlkyRjBhVzl1SWpvaVluSmhlbWxzYzI5MWRHZ2lmUT9hcGktdmVyc2lvbj0yMDE2LTAyLTAx",
      "RequestMethod": "GET",
      "RequestBody": "",
      "RequestHeaders": {
        "x-ms-version": [
          "2016-02-01"
        ],
        "User-Agent": [
          "Microsoft.Azure.Management.Resources.ResourceManagementClient/2.0.0.0"
        ]
      },
      "ResponseBody": "",
      "ResponseHeaders": {
        "Content-Length": [
          "0"
        ],
        "Expires": [
          "-1"
        ],
        "Pragma": [
          "no-cache"
        ],
        "Retry-After": [
          "15"
        ],
        "x-ms-ratelimit-remaining-subscription-reads": [
          "14991"
        ],
        "x-ms-request-id": [
          "f9b9e7bd-0e60-45b9-81d9-6e4519ce4024"
        ],
        "x-ms-correlation-request-id": [
          "f9b9e7bd-0e60-45b9-81d9-6e4519ce4024"
        ],
        "x-ms-routing-request-id": [
          "WESTUS2:20180227T174408Z:f9b9e7bd-0e60-45b9-81d9-6e4519ce4024"
        ],
        "Strict-Transport-Security": [
          "max-age=31536000; includeSubDomains"
        ],
        "X-Content-Type-Options": [
          "nosniff"
        ],
        "Cache-Control": [
          "no-cache"
        ],
        "Date": [
          "Tue, 27 Feb 2018 17:44:07 GMT"
        ],
        "Location": [
          "https://management.azure.com/subscriptions/c9cbd920-c00c-427c-852b-8aaf38badaeb/operationresults/eyJqb2JJZCI6IlJFU09VUkNFR1JPVVBERUxFVElPTkpPQi1NT1ZFQ0lSQ1VJVC1CUkFaSUxTT1VUSCIsImpvYkxvY2F0aW9uIjoiYnJhemlsc291dGgifQ?api-version=2016-02-01"
        ]
      },
      "StatusCode": 202
    },
    {
      "RequestUri": "/subscriptions/c9cbd920-c00c-427c-852b-8aaf38badaeb/operationresults/eyJqb2JJZCI6IlJFU09VUkNFR1JPVVBERUxFVElPTkpPQi1NT1ZFQ0lSQ1VJVC1CUkFaSUxTT1VUSCIsImpvYkxvY2F0aW9uIjoiYnJhemlsc291dGgifQ?api-version=2016-02-01",
      "EncodedRequestUri": "L3N1YnNjcmlwdGlvbnMvYzljYmQ5MjAtYzAwYy00MjdjLTg1MmItOGFhZjM4YmFkYWViL29wZXJhdGlvbnJlc3VsdHMvZXlKcWIySkpaQ0k2SWxKRlUwOVZVa05GUjFKUFZWQkVSVXhGVkVsUFRrcFBRaTFOVDFaRlEwbFNRMVZKVkMxQ1VrRmFTVXhUVDFWVVNDSXNJbXB2WWt4dlkyRjBhVzl1SWpvaVluSmhlbWxzYzI5MWRHZ2lmUT9hcGktdmVyc2lvbj0yMDE2LTAyLTAx",
      "RequestMethod": "GET",
      "RequestBody": "",
      "RequestHeaders": {
        "x-ms-version": [
          "2016-02-01"
        ],
        "User-Agent": [
          "Microsoft.Azure.Management.Resources.ResourceManagementClient/2.0.0.0"
        ]
      },
      "ResponseBody": "",
      "ResponseHeaders": {
        "Content-Length": [
          "0"
        ],
        "Expires": [
          "-1"
        ],
        "Pragma": [
          "no-cache"
        ],
        "x-ms-ratelimit-remaining-subscription-reads": [
          "14990"
        ],
        "x-ms-request-id": [
          "e16d74ef-1e47-46a9-9077-1e9a5a38dfec"
        ],
        "x-ms-correlation-request-id": [
          "e16d74ef-1e47-46a9-9077-1e9a5a38dfec"
        ],
        "x-ms-routing-request-id": [
          "WESTUS2:20180227T174423Z:e16d74ef-1e47-46a9-9077-1e9a5a38dfec"
        ],
        "Strict-Transport-Security": [
          "max-age=31536000; includeSubDomains"
        ],
        "X-Content-Type-Options": [
          "nosniff"
        ],
        "Cache-Control": [
          "no-cache"
        ],
        "Date": [
          "Tue, 27 Feb 2018 17:44:23 GMT"
        ]
      },
      "StatusCode": 200
    }
  ],
  "Names": {
    "Test-ExpressRouteCircuitStageCRUD": [
      "ps5181"
    ]
  },
  "Variables": {
    "SubscriptionId": "c9cbd920-c00c-427c-852b-8aaf38badaeb"
  }
}