{
  "Entries": [
    {
      "RequestUri": "/subscriptions/18b0dc06-a2b8-4c0f-95af-550319fa5eac/providers/Microsoft.Network?api-version=2017-03-01",
      "EncodedRequestUri": "L3N1YnNjcmlwdGlvbnMvMThiMGRjMDYtYTJiOC00YzBmLTk1YWYtNTUwMzE5ZmE1ZWFjL3Byb3ZpZGVycy9NaWNyb3NvZnQuTmV0d29yaz9hcGktdmVyc2lvbj0yMDE3LTAzLTAx",
      "RequestMethod": "GET",
      "RequestBody": "",
      "RequestHeaders": {
        "User-Agent": [
          "Microsoft.Azure.Management.Resources.ResourceManagementClient/2.0.0.0"
        ]
      },
      "ResponseBody": "{\r\n  \"id\": \"/subscriptions/18b0dc06-a2b8-4c0f-95af-550319fa5eac/providers/Microsoft.Network\",\r\n  \"namespace\": \"Microsoft.Network\",\r\n  \"authorization\": {\r\n    \"applicationId\": \"2cf9eb86-36b5-49dc-86ae-9a63135dfa8c\",\r\n    \"roleDefinitionId\": \"13ba9ab4-19f0-4804-adc4-14ece36cc7a1\"\r\n  },\r\n  \"resourceTypes\": [\r\n    {\r\n      \"resourceType\": \"virtualNetworks\",\r\n      \"locations\": [\r\n        \"East US\",\r\n        \"North Europe\",\r\n        \"West Europe\",\r\n        \"East Asia\",\r\n        \"Southeast Asia\",\r\n        \"North Central US\",\r\n        \"South Central US\",\r\n        \"Central US\",\r\n        \"East US 2\",\r\n        \"Japan East\",\r\n        \"Japan West\",\r\n        \"Brazil South\",\r\n        \"Australia East\",\r\n        \"Australia Southeast\",\r\n        \"Central India\",\r\n        \"South India\",\r\n        \"Canada Central\",\r\n        \"Canada East\",\r\n        \"West Central US\",\r\n        \"West US 2\",\r\n        \"UK West\",\r\n        \"UK South\",\r\n        \"West US\"\r\n      ],\r\n      \"apiVersions\": [\r\n        \"2017-03-01\",\r\n        \"2016-11-01\",\r\n        \"2016-10-01\",\r\n        \"2017-03-01\",\r\n        \"2016-08-01\",\r\n        \"2016-07-01\",\r\n        \"2016-06-01\",\r\n        \"2016-03-30\",\r\n        \"2015-06-15\",\r\n        \"2015-05-01-preview\",\r\n        \"2014-12-01-preview\"\r\n      ],\r\n      \"capabilities\": \"CrossResourceGroupResourceMove, CrossSubscriptionResourceMove\"\r\n    },\r\n    {\r\n      \"resourceType\": \"publicIPAddresses\",\r\n      \"locations\": [\r\n        \"East US\",\r\n        \"North Europe\",\r\n        \"West Europe\",\r\n        \"East Asia\",\r\n        \"Southeast Asia\",\r\n        \"North Central US\",\r\n        \"South Central US\",\r\n        \"Central US\",\r\n        \"East US 2\",\r\n        \"Japan East\",\r\n        \"Japan West\",\r\n        \"Brazil South\",\r\n        \"Australia East\",\r\n        \"Australia Southeast\",\r\n        \"Central India\",\r\n        \"South India\",\r\n        \"Canada Central\",\r\n        \"Canada East\",\r\n        \"West Central US\",\r\n        \"West US 2\",\r\n        \"UK West\",\r\n        \"UK South\",\r\n        \"West US\"\r\n      ],\r\n      \"apiVersions\": [\r\n        \"2017-03-01\",\r\n        \"2016-11-01\",\r\n        \"2016-10-01\",\r\n        \"2017-03-01\",\r\n        \"2016-08-01\",\r\n        \"2016-07-01\",\r\n        \"2016-06-01\",\r\n        \"2016-03-30\",\r\n        \"2015-06-15\",\r\n        \"2015-05-01-preview\",\r\n        \"2014-12-01-preview\"\r\n      ],\r\n      \"capabilities\": \"CrossResourceGroupResourceMove, CrossSubscriptionResourceMove\"\r\n    },\r\n    {\r\n      \"resourceType\": \"networkInterfaces\",\r\n      \"locations\": [\r\n        \"East US\",\r\n        \"North Europe\",\r\n        \"West Europe\",\r\n        \"East Asia\",\r\n        \"Southeast Asia\",\r\n        \"North Central US\",\r\n        \"South Central US\",\r\n        \"Central US\",\r\n        \"East US 2\",\r\n        \"Japan East\",\r\n        \"Japan West\",\r\n        \"Brazil South\",\r\n        \"Australia East\",\r\n        \"Australia Southeast\",\r\n        \"Central India\",\r\n        \"South India\",\r\n        \"Canada Central\",\r\n        \"Canada East\",\r\n        \"West Central US\",\r\n        \"West US 2\",\r\n        \"UK West\",\r\n        \"UK South\",\r\n        \"West US\"\r\n      ],\r\n      \"apiVersions\": [\r\n        \"2017-03-01\",\r\n        \"2016-11-01\",\r\n        \"2016-10-01\",\r\n        \"2017-03-01\",\r\n        \"2016-08-01\",\r\n        \"2016-07-01\",\r\n        \"2016-06-01\",\r\n        \"2016-03-30\",\r\n        \"2015-06-15\",\r\n        \"2015-05-01-preview\",\r\n        \"2014-12-01-preview\"\r\n      ],\r\n      \"capabilities\": \"CrossResourceGroupResourceMove, CrossSubscriptionResourceMove\"\r\n    },\r\n    {\r\n      \"resourceType\": \"loadBalancers\",\r\n      \"locations\": [\r\n        \"East US\",\r\n        \"North Europe\",\r\n        \"West Europe\",\r\n        \"East Asia\",\r\n        \"Southeast Asia\",\r\n        \"North Central US\",\r\n        \"South Central US\",\r\n        \"Central US\",\r\n        \"East US 2\",\r\n        \"Japan East\",\r\n        \"Japan West\",\r\n        \"Brazil South\",\r\n        \"Australia East\",\r\n        \"Australia Southeast\",\r\n        \"Central India\",\r\n        \"South India\",\r\n        \"Canada Central\",\r\n        \"Canada East\",\r\n        \"West Central US\",\r\n        \"West US 2\",\r\n        \"UK West\",\r\n        \"UK South\",\r\n        \"West US\"\r\n      ],\r\n      \"apiVersions\": [\r\n        \"2017-03-01\",\r\n        \"2016-11-01\",\r\n        \"2016-10-01\",\r\n        \"2017-03-01\",\r\n        \"2016-08-01\",\r\n        \"2016-07-01\",\r\n        \"2016-06-01\",\r\n        \"2016-03-30\",\r\n        \"2015-06-15\",\r\n        \"2015-05-01-preview\",\r\n        \"2014-12-01-preview\"\r\n      ],\r\n      \"capabilities\": \"CrossResourceGroupResourceMove, CrossSubscriptionResourceMove\"\r\n    },\r\n    {\r\n      \"resourceType\": \"networkSecurityGroups\",\r\n      \"locations\": [\r\n        \"East US\",\r\n        \"North Europe\",\r\n        \"West Europe\",\r\n        \"East Asia\",\r\n        \"Southeast Asia\",\r\n        \"North Central US\",\r\n        \"South Central US\",\r\n        \"Central US\",\r\n        \"East US 2\",\r\n        \"Japan East\",\r\n        \"Japan West\",\r\n        \"Brazil South\",\r\n        \"Australia East\",\r\n        \"Australia Southeast\",\r\n        \"Central India\",\r\n        \"South India\",\r\n        \"Canada Central\",\r\n        \"Canada East\",\r\n        \"West Central US\",\r\n        \"West US 2\",\r\n        \"UK West\",\r\n        \"UK South\",\r\n        \"West US\"\r\n      ],\r\n      \"apiVersions\": [\r\n        \"2017-03-01\",\r\n        \"2016-11-01\",\r\n        \"2016-10-01\",\r\n        \"2017-03-01\",\r\n        \"2016-08-01\",\r\n        \"2016-07-01\",\r\n        \"2016-06-01\",\r\n        \"2016-03-30\",\r\n        \"2015-06-15\",\r\n        \"2015-05-01-preview\",\r\n        \"2014-12-01-preview\"\r\n      ],\r\n      \"capabilities\": \"CrossResourceGroupResourceMove, CrossSubscriptionResourceMove\"\r\n    },\r\n    {\r\n      \"resourceType\": \"routeTables\",\r\n      \"locations\": [\r\n        \"East US\",\r\n        \"North Europe\",\r\n        \"West Europe\",\r\n        \"East Asia\",\r\n        \"Southeast Asia\",\r\n        \"North Central US\",\r\n        \"South Central US\",\r\n        \"Central US\",\r\n        \"East US 2\",\r\n        \"Japan East\",\r\n        \"Japan West\",\r\n        \"Brazil South\",\r\n        \"Australia East\",\r\n        \"Australia Southeast\",\r\n        \"Central India\",\r\n        \"South India\",\r\n        \"Canada Central\",\r\n        \"Canada East\",\r\n        \"West Central US\",\r\n        \"West US 2\",\r\n        \"UK West\",\r\n        \"UK South\",\r\n        \"West US\"\r\n      ],\r\n      \"apiVersions\": [\r\n        \"2017-03-01\",\r\n        \"2016-11-01\",\r\n        \"2016-10-01\",\r\n        \"2017-03-01\",\r\n        \"2016-08-01\",\r\n        \"2016-07-01\",\r\n        \"2016-06-01\",\r\n        \"2016-03-30\",\r\n        \"2015-06-15\",\r\n        \"2015-05-01-preview\",\r\n        \"2014-12-01-preview\"\r\n      ],\r\n      \"capabilities\": \"CrossResourceGroupResourceMove, CrossSubscriptionResourceMove\"\r\n    },\r\n    {\r\n      \"resourceType\": \"virtualNetworkGateways\",\r\n      \"locations\": [\r\n        \"East US\",\r\n        \"North Europe\",\r\n        \"West Europe\",\r\n        \"East Asia\",\r\n        \"Southeast Asia\",\r\n        \"North Central US\",\r\n        \"South Central US\",\r\n        \"Central US\",\r\n        \"East US 2\",\r\n        \"Japan East\",\r\n        \"Japan West\",\r\n        \"Brazil South\",\r\n        \"Australia East\",\r\n        \"Australia Southeast\",\r\n        \"Central India\",\r\n        \"South India\",\r\n        \"Canada Central\",\r\n        \"Canada East\",\r\n        \"West Central US\",\r\n        \"West US 2\",\r\n        \"UK West\",\r\n        \"UK South\",\r\n        \"West US\"\r\n      ],\r\n      \"apiVersions\": [\r\n        \"2017-03-01\",\r\n        \"2016-11-01\",\r\n        \"2016-10-01\",\r\n        \"2017-03-01\",\r\n        \"2016-08-01\",\r\n        \"2016-07-01\",\r\n        \"2016-06-01\",\r\n        \"2016-03-30\",\r\n        \"2015-06-15\",\r\n        \"2015-05-01-preview\",\r\n        \"2014-12-01-preview\"\r\n      ],\r\n      \"capabilities\": \"CrossResourceGroupResourceMove, CrossSubscriptionResourceMove\"\r\n    },\r\n    {\r\n      \"resourceType\": \"localNetworkGateways\",\r\n      \"locations\": [\r\n        \"East US\",\r\n        \"North Europe\",\r\n        \"West Europe\",\r\n        \"East Asia\",\r\n        \"Southeast Asia\",\r\n        \"North Central US\",\r\n        \"South Central US\",\r\n        \"Central US\",\r\n        \"East US 2\",\r\n        \"Japan East\",\r\n        \"Japan West\",\r\n        \"Brazil South\",\r\n        \"Australia East\",\r\n        \"Australia Southeast\",\r\n        \"Central India\",\r\n        \"South India\",\r\n        \"Canada Central\",\r\n        \"Canada East\",\r\n        \"West Central US\",\r\n        \"West US 2\",\r\n        \"UK West\",\r\n        \"UK South\",\r\n        \"West US\"\r\n      ],\r\n      \"apiVersions\": [\r\n        \"2017-03-01\",\r\n        \"2016-11-01\",\r\n        \"2016-10-01\",\r\n        \"2017-03-01\",\r\n        \"2016-08-01\",\r\n        \"2016-07-01\",\r\n        \"2016-06-01\",\r\n        \"2016-03-30\",\r\n        \"2015-06-15\",\r\n        \"2015-05-01-preview\",\r\n        \"2014-12-01-preview\"\r\n      ],\r\n      \"capabilities\": \"CrossResourceGroupResourceMove, CrossSubscriptionResourceMove\"\r\n    },\r\n    {\r\n      \"resourceType\": \"connections\",\r\n      \"locations\": [\r\n        \"East US\",\r\n        \"North Europe\",\r\n        \"West Europe\",\r\n        \"East Asia\",\r\n        \"Southeast Asia\",\r\n        \"North Central US\",\r\n        \"South Central US\",\r\n        \"Central US\",\r\n        \"East US 2\",\r\n        \"Japan East\",\r\n        \"Japan West\",\r\n        \"Brazil South\",\r\n        \"Australia East\",\r\n        \"Australia Southeast\",\r\n        \"Central India\",\r\n        \"South India\",\r\n        \"Canada Central\",\r\n        \"Canada East\",\r\n        \"West Central US\",\r\n        \"West US 2\",\r\n        \"UK West\",\r\n        \"UK South\",\r\n        \"West US\"\r\n      ],\r\n      \"apiVersions\": [\r\n        \"2017-03-01\",\r\n        \"2016-11-01\",\r\n        \"2016-10-01\",\r\n        \"2017-03-01\",\r\n        \"2016-08-01\",\r\n        \"2016-07-01\",\r\n        \"2016-06-01\",\r\n        \"2016-03-30\",\r\n        \"2015-06-15\",\r\n        \"2015-05-01-preview\",\r\n        \"2014-12-01-preview\"\r\n      ],\r\n      \"capabilities\": \"CrossResourceGroupResourceMove, CrossSubscriptionResourceMove\"\r\n    },\r\n    {\r\n      \"resourceType\": \"applicationGateways\",\r\n      \"locations\": [\r\n        \"East US\",\r\n        \"North Europe\",\r\n        \"West Europe\",\r\n        \"East Asia\",\r\n        \"Southeast Asia\",\r\n        \"North Central US\",\r\n        \"South Central US\",\r\n        \"Central US\",\r\n        \"East US 2\",\r\n        \"Japan East\",\r\n        \"Japan West\",\r\n        \"Brazil South\",\r\n        \"Australia East\",\r\n        \"Australia Southeast\",\r\n        \"Central India\",\r\n        \"South India\",\r\n        \"Canada Central\",\r\n        \"Canada East\",\r\n        \"West Central US\",\r\n        \"West US 2\",\r\n        \"UK West\",\r\n        \"UK South\",\r\n        \"West US\"\r\n      ],\r\n      \"apiVersions\": [\r\n        \"2017-03-01\",\r\n        \"2016-11-01\",\r\n        \"2016-10-01\",\r\n        \"2017-03-01\",\r\n        \"2016-08-01\",\r\n        \"2016-07-01\",\r\n        \"2016-06-01\",\r\n        \"2016-03-30\",\r\n        \"2015-06-15\",\r\n        \"2015-05-01-preview\",\r\n        \"2014-12-01-preview\"\r\n      ],\r\n      \"capabilities\": \"None\"\r\n    },\r\n    {\r\n      \"resourceType\": \"locations\",\r\n      \"locations\": [],\r\n      \"apiVersions\": [\r\n        \"2017-03-01\",\r\n        \"2016-11-01\",\r\n        \"2016-10-01\",\r\n        \"2017-03-01\",\r\n        \"2016-08-01\",\r\n        \"2016-07-01\",\r\n        \"2016-06-01\",\r\n        \"2016-03-30\",\r\n        \"2015-06-15\",\r\n        \"2015-05-01-preview\",\r\n        \"2014-12-01-preview\"\r\n      ]\r\n    },\r\n    {\r\n      \"resourceType\": \"locations/operations\",\r\n      \"locations\": [],\r\n      \"apiVersions\": [\r\n        \"2017-03-01\",\r\n        \"2016-11-01\",\r\n        \"2016-10-01\",\r\n        \"2017-03-01\",\r\n        \"2016-08-01\",\r\n        \"2016-07-01\",\r\n        \"2016-06-01\",\r\n        \"2016-03-30\",\r\n        \"2015-06-15\",\r\n        \"2015-05-01-preview\",\r\n        \"2014-12-01-preview\"\r\n      ]\r\n    },\r\n    {\r\n      \"resourceType\": \"locations/operationResults\",\r\n      \"locations\": [],\r\n      \"apiVersions\": [\r\n        \"2017-03-01\",\r\n        \"2016-11-01\",\r\n        \"2016-10-01\",\r\n        \"2017-03-01\",\r\n        \"2016-08-01\",\r\n        \"2016-07-01\",\r\n        \"2016-06-01\",\r\n        \"2016-03-30\",\r\n        \"2015-06-15\",\r\n        \"2015-05-01-preview\",\r\n        \"2014-12-01-preview\"\r\n      ]\r\n    },\r\n    {\r\n      \"resourceType\": \"locations/CheckDnsNameAvailability\",\r\n      \"locations\": [\r\n        \"East US\",\r\n        \"North Europe\",\r\n        \"West Europe\",\r\n        \"East Asia\",\r\n        \"Southeast Asia\",\r\n        \"North Central US\",\r\n        \"South Central US\",\r\n        \"Central US\",\r\n        \"East US 2\",\r\n        \"Japan East\",\r\n        \"Japan West\",\r\n        \"Brazil South\",\r\n        \"Australia East\",\r\n        \"Australia Southeast\",\r\n        \"Central India\",\r\n        \"South India\",\r\n        \"Canada Central\",\r\n        \"Canada East\",\r\n        \"West Central US\",\r\n        \"West US 2\",\r\n        \"UK West\",\r\n        \"UK South\",\r\n        \"West US\"\r\n      ],\r\n      \"apiVersions\": [\r\n        \"2017-03-01\",\r\n        \"2016-11-01\",\r\n        \"2016-10-01\",\r\n        \"2017-03-01\",\r\n        \"2016-08-01\",\r\n        \"2016-07-01\",\r\n        \"2016-06-01\",\r\n        \"2016-03-30\",\r\n        \"2015-06-15\",\r\n        \"2015-05-01-preview\",\r\n        \"2014-12-01-preview\"\r\n      ]\r\n    },\r\n    {\r\n      \"resourceType\": \"locations/usages\",\r\n      \"locations\": [\r\n        \"East US\",\r\n        \"North Europe\",\r\n        \"West Europe\",\r\n        \"East Asia\",\r\n        \"Southeast Asia\",\r\n        \"North Central US\",\r\n        \"South Central US\",\r\n        \"Central US\",\r\n        \"East US 2\",\r\n        \"Japan East\",\r\n        \"Japan West\",\r\n        \"Brazil South\",\r\n        \"Australia East\",\r\n        \"Australia Southeast\",\r\n        \"Central India\",\r\n        \"South India\",\r\n        \"Canada Central\",\r\n        \"Canada East\",\r\n        \"West Central US\",\r\n        \"West US 2\",\r\n        \"UK West\",\r\n        \"UK South\",\r\n        \"West US\"\r\n      ],\r\n      \"apiVersions\": [\r\n        \"2017-03-01\",\r\n        \"2016-11-01\",\r\n        \"2016-10-01\",\r\n        \"2017-03-01\",\r\n        \"2016-08-01\",\r\n        \"2016-07-01\",\r\n        \"2016-06-01\",\r\n        \"2016-03-30\",\r\n        \"2015-06-15\",\r\n        \"2015-05-01-preview\",\r\n        \"2014-12-01-preview\"\r\n      ]\r\n    },\r\n    {\r\n      \"resourceType\": \"operations\",\r\n      \"locations\": [],\r\n      \"apiVersions\": [\r\n        \"2017-03-01\",\r\n        \"2016-11-01\",\r\n        \"2016-10-01\",\r\n        \"2017-03-01\",\r\n        \"2016-08-01\",\r\n        \"2016-07-01\",\r\n        \"2016-06-01\",\r\n        \"2016-03-30\",\r\n        \"2015-06-15\",\r\n        \"2015-05-01-preview\",\r\n        \"2014-12-01-preview\"\r\n      ]\r\n    },\r\n    {\r\n      \"resourceType\": \"dnszones\",\r\n      \"locations\": [\r\n        \"global\"\r\n      ],\r\n      \"apiVersions\": [\r\n        \"2016-04-01\",\r\n        \"2015-05-04-preview\"\r\n      ],\r\n      \"capabilities\": \"CrossResourceGroupResourceMove, CrossSubscriptionResourceMove\"\r\n    },\r\n    {\r\n      \"resourceType\": \"dnsOperationResults\",\r\n      \"locations\": [\r\n        \"global\"\r\n      ],\r\n      \"apiVersions\": [\r\n        \"2016-04-01\"\r\n      ]\r\n    },\r\n    {\r\n      \"resourceType\": \"dnsOperationStatuses\",\r\n      \"locations\": [\r\n        \"global\"\r\n      ],\r\n      \"apiVersions\": [\r\n        \"2016-04-01\"\r\n      ]\r\n    },\r\n    {\r\n      \"resourceType\": \"dnszones/A\",\r\n      \"locations\": [\r\n        \"global\"\r\n      ],\r\n      \"apiVersions\": [\r\n        \"2016-04-01\",\r\n        \"2015-05-04-preview\"\r\n      ]\r\n    },\r\n    {\r\n      \"resourceType\": \"dnszones/AAAA\",\r\n      \"locations\": [\r\n        \"global\"\r\n      ],\r\n      \"apiVersions\": [\r\n        \"2016-04-01\",\r\n        \"2015-05-04-preview\"\r\n      ]\r\n    },\r\n    {\r\n      \"resourceType\": \"dnszones/CNAME\",\r\n      \"locations\": [\r\n        \"global\"\r\n      ],\r\n      \"apiVersions\": [\r\n        \"2016-04-01\",\r\n        \"2015-05-04-preview\"\r\n      ]\r\n    },\r\n    {\r\n      \"resourceType\": \"dnszones/PTR\",\r\n      \"locations\": [\r\n        \"global\"\r\n      ],\r\n      \"apiVersions\": [\r\n        \"2016-04-01\",\r\n        \"2015-05-04-preview\"\r\n      ]\r\n    },\r\n    {\r\n      \"resourceType\": \"dnszones/MX\",\r\n      \"locations\": [\r\n        \"global\"\r\n      ],\r\n      \"apiVersions\": [\r\n        \"2016-04-01\",\r\n        \"2015-05-04-preview\"\r\n      ]\r\n    },\r\n    {\r\n      \"resourceType\": \"dnszones/TXT\",\r\n      \"locations\": [\r\n        \"global\"\r\n      ],\r\n      \"apiVersions\": [\r\n        \"2016-04-01\",\r\n        \"2015-05-04-preview\"\r\n      ]\r\n    },\r\n    {\r\n      \"resourceType\": \"dnszones/SRV\",\r\n      \"locations\": [\r\n        \"global\"\r\n      ],\r\n      \"apiVersions\": [\r\n        \"2016-04-01\",\r\n        \"2015-05-04-preview\"\r\n      ]\r\n    },\r\n    {\r\n      \"resourceType\": \"trafficmanagerprofiles\",\r\n      \"locations\": [\r\n        \"global\"\r\n      ],\r\n      \"apiVersions\": [\r\n        \"2015-11-01\",\r\n        \"2015-04-28-preview\"\r\n      ],\r\n      \"capabilities\": \"CrossResourceGroupResourceMove, CrossSubscriptionResourceMove\"\r\n    },\r\n    {\r\n      \"resourceType\": \"checkTrafficManagerNameAvailability\",\r\n      \"locations\": [\r\n        \"global\"\r\n      ],\r\n      \"apiVersions\": [\r\n        \"2015-11-01\",\r\n        \"2015-04-28-preview\"\r\n      ]\r\n    },\r\n    {\r\n      \"resourceType\": \"expressRouteCircuits\",\r\n      \"locations\": [\r\n        \"East US\",\r\n        \"North Europe\",\r\n        \"West Europe\",\r\n        \"East Asia\",\r\n        \"Southeast Asia\",\r\n        \"North Central US\",\r\n        \"South Central US\",\r\n        \"Central US\",\r\n        \"East US 2\",\r\n        \"Japan East\",\r\n        \"Japan West\",\r\n        \"Brazil South\",\r\n        \"Australia East\",\r\n        \"Australia Southeast\",\r\n        \"Central India\",\r\n        \"South India\",\r\n        \"Canada Central\",\r\n        \"Canada East\",\r\n        \"West Central US\",\r\n        \"West US 2\",\r\n        \"UK West\",\r\n        \"UK South\",\r\n        \"West US\"\r\n      ],\r\n      \"apiVersions\": [\r\n        \"2017-03-01\",\r\n        \"2016-11-01\",\r\n        \"2016-10-01\",\r\n        \"2017-03-01\",\r\n        \"2016-08-01\",\r\n        \"2016-07-01\",\r\n        \"2016-06-01\",\r\n        \"2016-03-30\",\r\n        \"2015-06-15\",\r\n        \"2015-05-01-preview\",\r\n        \"2014-12-01-preview\"\r\n      ],\r\n      \"capabilities\": \"None\"\r\n    },\r\n    {\r\n      \"resourceType\": \"expressRouteServiceProviders\",\r\n      \"locations\": [],\r\n      \"apiVersions\": [\r\n        \"2017-03-01\",\r\n        \"2016-11-01\",\r\n        \"2016-10-01\",\r\n        \"2017-03-01\",\r\n        \"2016-08-01\",\r\n        \"2016-07-01\",\r\n        \"2016-06-01\",\r\n        \"2016-03-30\",\r\n        \"2015-06-15\",\r\n        \"2015-05-01-preview\",\r\n        \"2014-12-01-preview\"\r\n      ]\r\n    },\r\n    {\r\n      \"resourceType\": \"networkWatchers\",\r\n      \"locations\": [\r\n        \"West US\"\r\n      ],\r\n      \"apiVersions\": [\r\n        \"2017-03-01\",\r\n        \"2016-11-01\",\r\n        \"2016-10-01\",\r\n        \"2017-03-01\",\r\n        \"2016-08-01\",\r\n        \"2016-07-01\",\r\n        \"2016-06-01\",\r\n        \"2016-03-30\"\r\n      ],\r\n      \"capabilities\": \"CrossResourceGroupResourceMove, CrossSubscriptionResourceMove\"\r\n    }\r\n  ],\r\n  \"registrationState\": \"Registered\"\r\n}",
      "ResponseHeaders": {
        "Content-Length": [
          "11160"
        ],
        "Content-Type": [
          "application/json; charset=utf-8"
        ],
        "Expires": [
          "-1"
        ],
        "Pragma": [
          "no-cache"
        ],
        "x-ms-ratelimit-remaining-subscription-reads": [
          "14956"
        ],
        "x-ms-request-id": [
          "92313ab5-05dc-48e8-ad3e-361e4f6ec850"
        ],
        "x-ms-correlation-request-id": [
          "92313ab5-05dc-48e8-ad3e-361e4f6ec850"
        ],
        "x-ms-routing-request-id": [
          "WESTUS:20170214T210108Z:92313ab5-05dc-48e8-ad3e-361e4f6ec850"
        ],
        "Strict-Transport-Security": [
          "max-age=31536000; includeSubDomains"
        ],
        "Cache-Control": [
          "no-cache"
        ],
        "Date": [
          "Tue, 14 Feb 2017 21:01:08 GMT"
        ]
      },
      "StatusCode": 200
    },
    {
      "RequestUri": "/subscriptions/18b0dc06-a2b8-4c0f-95af-550319fa5eac/resourcegroups/onesdk2822?api-version=2016-02-01",
      "EncodedRequestUri": "L3N1YnNjcmlwdGlvbnMvMThiMGRjMDYtYTJiOC00YzBmLTk1YWYtNTUwMzE5ZmE1ZWFjL3Jlc291cmNlZ3JvdXBzL29uZXNkazI4MjI/YXBpLXZlcnNpb249MjAxNi0wMi0wMQ==",
      "RequestMethod": "PUT",
      "RequestBody": "{\r\n  \"location\": \"West US\"\r\n}",
      "RequestHeaders": {
        "Content-Type": [
          "application/json; charset=utf-8"
        ],
        "Content-Length": [
          "29"
        ],
        "User-Agent": [
          "Microsoft.Azure.Management.Resources.ResourceManagementClient/2.0.0.0"
        ]
      },
      "ResponseBody": "{\r\n  \"id\": \"/subscriptions/18b0dc06-a2b8-4c0f-95af-550319fa5eac/resourceGroups/onesdk2822\",\r\n  \"name\": \"onesdk2822\",\r\n  \"location\": \"westus\",\r\n  \"properties\": {\r\n    \"provisioningState\": \"Succeeded\"\r\n  }\r\n}",
      "ResponseHeaders": {
        "Content-Length": [
          "173"
        ],
        "Content-Type": [
          "application/json; charset=utf-8"
        ],
        "Expires": [
          "-1"
        ],
        "Pragma": [
          "no-cache"
        ],
        "x-ms-ratelimit-remaining-subscription-writes": [
          "1192"
        ],
        "x-ms-request-id": [
          "8bf794d6-9cee-4bcb-a4a8-49b5d69d4818"
        ],
        "x-ms-correlation-request-id": [
          "8bf794d6-9cee-4bcb-a4a8-49b5d69d4818"
        ],
        "x-ms-routing-request-id": [
          "WESTUS:20170214T210108Z:8bf794d6-9cee-4bcb-a4a8-49b5d69d4818"
        ],
        "Strict-Transport-Security": [
          "max-age=31536000; includeSubDomains"
        ],
        "Cache-Control": [
          "no-cache"
        ],
        "Date": [
          "Tue, 14 Feb 2017 21:01:08 GMT"
        ]
      },
      "StatusCode": 201
    },
    {
      "RequestUri": "/subscriptions/18b0dc06-a2b8-4c0f-95af-550319fa5eac/resourceGroups/onesdk2822/providers/Microsoft.Network/expressRouteCircuits/onesdk5001?api-version=2017-03-01",
      "EncodedRequestUri": "L3N1YnNjcmlwdGlvbnMvMThiMGRjMDYtYTJiOC00YzBmLTk1YWYtNTUwMzE5ZmE1ZWFjL3Jlc291cmNlR3JvdXBzL29uZXNkazI4MjIvcHJvdmlkZXJzL01pY3Jvc29mdC5OZXR3b3JrL2V4cHJlc3NSb3V0ZUNpcmN1aXRzL29uZXNkazUwMDE/YXBpLXZlcnNpb249MjAxNy0wMy0wMQ==",
      "RequestMethod": "GET",
      "RequestBody": "",
      "RequestHeaders": {
        "x-ms-client-request-id": [
          "e5303a51-c85e-4c34-b898-67cb6cbb0149"
        ],
        "accept-language": [
          "en-US"
        ],
        "User-Agent": [
          "FxVersion/4.6.1586.0",
          "OSName/Windows_10_Enterprise",
          "OSVersion/6.3.14393",
          "Microsoft.Azure.Management.Network.NetworkManagementClient/8.2.0-preview"
        ]
      },
      "ResponseBody": "{\r\n  \"error\": {\r\n    \"code\": \"ResourceNotFound\",\r\n    \"message\": \"The Resource 'Microsoft.Network/expressRouteCircuits/onesdk5001' under resource group 'onesdk2822' was not found.\"\r\n  }\r\n}",
      "ResponseHeaders": {
        "Content-Length": [
          "163"
        ],
        "Content-Type": [
          "application/json; charset=utf-8"
        ],
        "Expires": [
          "-1"
        ],
        "Pragma": [
          "no-cache"
        ],
        "x-ms-failure-cause": [
          "gateway"
        ],
        "x-ms-request-id": [
          "590a66ab-bb83-40cd-8f32-6b2307428867"
        ],
        "x-ms-correlation-request-id": [
          "590a66ab-bb83-40cd-8f32-6b2307428867"
        ],
        "x-ms-routing-request-id": [
          "WESTUS:20170214T210109Z:590a66ab-bb83-40cd-8f32-6b2307428867"
        ],
        "Strict-Transport-Security": [
          "max-age=31536000; includeSubDomains"
        ],
        "Cache-Control": [
          "no-cache"
        ],
        "Date": [
          "Tue, 14 Feb 2017 21:01:09 GMT"
        ]
      },
      "StatusCode": 404
    },
    {
      "RequestUri": "/subscriptions/18b0dc06-a2b8-4c0f-95af-550319fa5eac/resourceGroups/onesdk2822/providers/Microsoft.Network/expressRouteCircuits/onesdk5001?api-version=2017-03-01",
      "EncodedRequestUri": "L3N1YnNjcmlwdGlvbnMvMThiMGRjMDYtYTJiOC00YzBmLTk1YWYtNTUwMzE5ZmE1ZWFjL3Jlc291cmNlR3JvdXBzL29uZXNkazI4MjIvcHJvdmlkZXJzL01pY3Jvc29mdC5OZXR3b3JrL2V4cHJlc3NSb3V0ZUNpcmN1aXRzL29uZXNkazUwMDE/YXBpLXZlcnNpb249MjAxNy0wMy0wMQ==",
      "RequestMethod": "GET",
      "RequestBody": "",
      "RequestHeaders": {
        "User-Agent": [
          "FxVersion/4.6.1586.0",
          "OSName/Windows_10_Enterprise",
          "OSVersion/6.3.14393",
          "Microsoft.Azure.Management.Network.NetworkManagementClient/8.2.0-preview"
        ]
      },
      "ResponseBody": "{\r\n  \"name\": \"onesdk5001\",\r\n  \"id\": \"/subscriptions/18b0dc06-a2b8-4c0f-95af-550319fa5eac/resourceGroups/onesdk2822/providers/Microsoft.Network/expressRouteCircuits/onesdk5001\",\r\n  \"etag\": \"W/\\\"fa60bdad-ec73-4240-8bc3-ab04e06d6402\\\"\",\r\n  \"type\": \"Microsoft.Network/expressRouteCircuits\",\r\n  \"location\": \"brazilsouth\",\r\n  \"properties\": {\r\n    \"provisioningState\": \"Succeeded\",\r\n    \"resourceGuid\": \"b069a7ed-1cc0-491e-82fd-1d450a96dfcb\",\r\n    \"peerings\": [],\r\n    \"authorizations\": [],\r\n    \"serviceProviderProperties\": {\r\n      \"serviceProviderName\": \"equinix\",\r\n      \"peeringLocation\": \"Silicon Valley\",\r\n      \"bandwidthInMbps\": 500\r\n    },\r\n    \"circuitProvisioningState\": \"Enabled\",\r\n    \"allowClassicOperations\": false,\r\n    \"gatewayManagerEtag\": \"\",\r\n    \"serviceKey\": \"37eafdaa-8247-45d2-88f4-9173d2f8a498\",\r\n    \"serviceProviderProvisioningState\": \"NotProvisioned\"\r\n  },\r\n  \"sku\": {\r\n    \"name\": \"Standard_MeteredData\",\r\n    \"tier\": \"Standard\",\r\n    \"family\": \"MeteredData\"\r\n  }\r\n}",
      "ResponseHeaders": {
        "Content-Length": [
          "989"
        ],
        "Content-Type": [
          "application/json; charset=utf-8"
        ],
        "Expires": [
          "-1"
        ],
        "Pragma": [
          "no-cache"
        ],
        "x-ms-request-id": [
          "5835cf55-5868-4a3a-bd1e-d95aec9c53cd"
        ],
        "Strict-Transport-Security": [
          "max-age=31536000; includeSubDomains"
        ],
        "Cache-Control": [
          "no-cache"
        ],
        "Server": [
          "Microsoft-HTTPAPI/2.0",
          "Microsoft-HTTPAPI/2.0"
        ],
        "x-ms-ratelimit-remaining-subscription-reads": [
          "14989"
        ],
        "x-ms-correlation-request-id": [
          "aff9b120-3c8e-46fc-8156-cb7b83c69f70"
        ],
        "x-ms-routing-request-id": [
          "WESTUS:20170214T210215Z:aff9b120-3c8e-46fc-8156-cb7b83c69f70"
        ],
        "Date": [
          "Tue, 14 Feb 2017 21:02:14 GMT"
        ]
      },
      "StatusCode": 200
    },
    {
      "RequestUri": "/subscriptions/18b0dc06-a2b8-4c0f-95af-550319fa5eac/resourceGroups/onesdk2822/providers/Microsoft.Network/expressRouteCircuits/onesdk5001?api-version=2017-03-01",
      "EncodedRequestUri": "L3N1YnNjcmlwdGlvbnMvMThiMGRjMDYtYTJiOC00YzBmLTk1YWYtNTUwMzE5ZmE1ZWFjL3Jlc291cmNlR3JvdXBzL29uZXNkazI4MjIvcHJvdmlkZXJzL01pY3Jvc29mdC5OZXR3b3JrL2V4cHJlc3NSb3V0ZUNpcmN1aXRzL29uZXNkazUwMDE/YXBpLXZlcnNpb249MjAxNy0wMy0wMQ==",
      "RequestMethod": "GET",
      "RequestBody": "",
      "RequestHeaders": {
        "x-ms-client-request-id": [
          "1b513463-79cf-4ce8-b0b3-eaa6d4013023"
        ],
        "accept-language": [
          "en-US"
        ],
        "User-Agent": [
          "FxVersion/4.6.1586.0",
          "OSName/Windows_10_Enterprise",
          "OSVersion/6.3.14393",
          "Microsoft.Azure.Management.Network.NetworkManagementClient/8.2.0-preview"
        ]
      },
      "ResponseBody": "{\r\n  \"name\": \"onesdk5001\",\r\n  \"id\": \"/subscriptions/18b0dc06-a2b8-4c0f-95af-550319fa5eac/resourceGroups/onesdk2822/providers/Microsoft.Network/expressRouteCircuits/onesdk5001\",\r\n  \"etag\": \"W/\\\"fa60bdad-ec73-4240-8bc3-ab04e06d6402\\\"\",\r\n  \"type\": \"Microsoft.Network/expressRouteCircuits\",\r\n  \"location\": \"brazilsouth\",\r\n  \"properties\": {\r\n    \"provisioningState\": \"Succeeded\",\r\n    \"resourceGuid\": \"b069a7ed-1cc0-491e-82fd-1d450a96dfcb\",\r\n    \"peerings\": [],\r\n    \"authorizations\": [],\r\n    \"serviceProviderProperties\": {\r\n      \"serviceProviderName\": \"equinix\",\r\n      \"peeringLocation\": \"Silicon Valley\",\r\n      \"bandwidthInMbps\": 500\r\n    },\r\n    \"circuitProvisioningState\": \"Enabled\",\r\n    \"allowClassicOperations\": false,\r\n    \"gatewayManagerEtag\": \"\",\r\n    \"serviceKey\": \"37eafdaa-8247-45d2-88f4-9173d2f8a498\",\r\n    \"serviceProviderProvisioningState\": \"NotProvisioned\"\r\n  },\r\n  \"sku\": {\r\n    \"name\": \"Standard_MeteredData\",\r\n    \"tier\": \"Standard\",\r\n    \"family\": \"MeteredData\"\r\n  }\r\n}",
      "ResponseHeaders": {
        "Content-Length": [
          "989"
        ],
        "Content-Type": [
          "application/json; charset=utf-8"
        ],
        "Expires": [
          "-1"
        ],
        "Pragma": [
          "no-cache"
        ],
        "x-ms-request-id": [
          "36320de9-ee97-4ea0-b073-e60862250d88"
        ],
        "Strict-Transport-Security": [
          "max-age=31536000; includeSubDomains"
        ],
        "Cache-Control": [
          "no-cache"
        ],
        "Server": [
          "Microsoft-HTTPAPI/2.0",
          "Microsoft-HTTPAPI/2.0"
        ],
        "x-ms-ratelimit-remaining-subscription-reads": [
          "14988"
        ],
        "x-ms-correlation-request-id": [
          "fb515822-19b3-40db-9f6a-dc114ef75d71"
        ],
        "x-ms-routing-request-id": [
          "WESTUS:20170214T210215Z:fb515822-19b3-40db-9f6a-dc114ef75d71"
        ],
        "Date": [
          "Tue, 14 Feb 2017 21:02:15 GMT"
        ]
      },
      "StatusCode": 200
    },
    {
      "RequestUri": "/subscriptions/18b0dc06-a2b8-4c0f-95af-550319fa5eac/resourceGroups/onesdk2822/providers/Microsoft.Network/expressRouteCircuits/onesdk5001?api-version=2017-03-01",
      "EncodedRequestUri": "L3N1YnNjcmlwdGlvbnMvMThiMGRjMDYtYTJiOC00YzBmLTk1YWYtNTUwMzE5ZmE1ZWFjL3Jlc291cmNlR3JvdXBzL29uZXNkazI4MjIvcHJvdmlkZXJzL01pY3Jvc29mdC5OZXR3b3JrL2V4cHJlc3NSb3V0ZUNpcmN1aXRzL29uZXNkazUwMDE/YXBpLXZlcnNpb249MjAxNy0wMy0wMQ==",
      "RequestMethod": "GET",
      "RequestBody": "",
      "RequestHeaders": {
        "x-ms-client-request-id": [
          "9da0ce3d-1677-46f8-a802-73bbfc9a9243"
        ],
        "accept-language": [
          "en-US"
        ],
        "User-Agent": [
          "FxVersion/4.6.1586.0",
          "OSName/Windows_10_Enterprise",
          "OSVersion/6.3.14393",
          "Microsoft.Azure.Management.Network.NetworkManagementClient/8.2.0-preview"
        ]
      },
      "ResponseBody": "{\r\n  \"name\": \"onesdk5001\",\r\n  \"id\": \"/subscriptions/18b0dc06-a2b8-4c0f-95af-550319fa5eac/resourceGroups/onesdk2822/providers/Microsoft.Network/expressRouteCircuits/onesdk5001\",\r\n  \"etag\": \"W/\\\"fa60bdad-ec73-4240-8bc3-ab04e06d6402\\\"\",\r\n  \"type\": \"Microsoft.Network/expressRouteCircuits\",\r\n  \"location\": \"brazilsouth\",\r\n  \"properties\": {\r\n    \"provisioningState\": \"Succeeded\",\r\n    \"resourceGuid\": \"b069a7ed-1cc0-491e-82fd-1d450a96dfcb\",\r\n    \"peerings\": [],\r\n    \"authorizations\": [],\r\n    \"serviceProviderProperties\": {\r\n      \"serviceProviderName\": \"equinix\",\r\n      \"peeringLocation\": \"Silicon Valley\",\r\n      \"bandwidthInMbps\": 500\r\n    },\r\n    \"circuitProvisioningState\": \"Enabled\",\r\n    \"allowClassicOperations\": false,\r\n    \"gatewayManagerEtag\": \"\",\r\n    \"serviceKey\": \"37eafdaa-8247-45d2-88f4-9173d2f8a498\",\r\n    \"serviceProviderProvisioningState\": \"NotProvisioned\"\r\n  },\r\n  \"sku\": {\r\n    \"name\": \"Standard_MeteredData\",\r\n    \"tier\": \"Standard\",\r\n    \"family\": \"MeteredData\"\r\n  }\r\n}",
      "ResponseHeaders": {
        "Content-Length": [
          "989"
        ],
        "Content-Type": [
          "application/json; charset=utf-8"
        ],
        "Expires": [
          "-1"
        ],
        "Pragma": [
          "no-cache"
        ],
        "x-ms-request-id": [
          "7b0968e0-b697-49d6-8737-947c85fee576"
        ],
        "Strict-Transport-Security": [
          "max-age=31536000; includeSubDomains"
        ],
        "Cache-Control": [
          "no-cache"
        ],
        "Server": [
          "Microsoft-HTTPAPI/2.0",
          "Microsoft-HTTPAPI/2.0"
        ],
        "x-ms-ratelimit-remaining-subscription-reads": [
          "14987"
        ],
        "x-ms-correlation-request-id": [
          "0f53f547-c54e-4268-9bfe-94fdb82da5d8"
        ],
        "x-ms-routing-request-id": [
          "WESTUS:20170214T210217Z:0f53f547-c54e-4268-9bfe-94fdb82da5d8"
        ],
        "Date": [
          "Tue, 14 Feb 2017 21:02:16 GMT"
        ]
      },
      "StatusCode": 200
    },
    {
      "RequestUri": "/subscriptions/18b0dc06-a2b8-4c0f-95af-550319fa5eac/resourceGroups/onesdk2822/providers/Microsoft.Network/expressRouteCircuits/onesdk5001?api-version=2017-03-01",
      "EncodedRequestUri": "L3N1YnNjcmlwdGlvbnMvMThiMGRjMDYtYTJiOC00YzBmLTk1YWYtNTUwMzE5ZmE1ZWFjL3Jlc291cmNlR3JvdXBzL29uZXNkazI4MjIvcHJvdmlkZXJzL01pY3Jvc29mdC5OZXR3b3JrL2V4cHJlc3NSb3V0ZUNpcmN1aXRzL29uZXNkazUwMDE/YXBpLXZlcnNpb249MjAxNy0wMy0wMQ==",
      "RequestMethod": "GET",
      "RequestBody": "",
      "RequestHeaders": {
        "x-ms-client-request-id": [
          "d4711489-7888-4e76-a019-d4bcb9ddfafa"
        ],
        "accept-language": [
          "en-US"
        ],
        "User-Agent": [
          "FxVersion/4.6.1586.0",
          "OSName/Windows_10_Enterprise",
          "OSVersion/6.3.14393",
          "Microsoft.Azure.Management.Network.NetworkManagementClient/8.2.0-preview"
        ]
      },
      "ResponseBody": "{\r\n  \"name\": \"onesdk5001\",\r\n  \"id\": \"/subscriptions/18b0dc06-a2b8-4c0f-95af-550319fa5eac/resourceGroups/onesdk2822/providers/Microsoft.Network/expressRouteCircuits/onesdk5001\",\r\n  \"etag\": \"W/\\\"fa60bdad-ec73-4240-8bc3-ab04e06d6402\\\"\",\r\n  \"type\": \"Microsoft.Network/expressRouteCircuits\",\r\n  \"location\": \"brazilsouth\",\r\n  \"properties\": {\r\n    \"provisioningState\": \"Succeeded\",\r\n    \"resourceGuid\": \"b069a7ed-1cc0-491e-82fd-1d450a96dfcb\",\r\n    \"peerings\": [],\r\n    \"authorizations\": [],\r\n    \"serviceProviderProperties\": {\r\n      \"serviceProviderName\": \"equinix\",\r\n      \"peeringLocation\": \"Silicon Valley\",\r\n      \"bandwidthInMbps\": 500\r\n    },\r\n    \"circuitProvisioningState\": \"Enabled\",\r\n    \"allowClassicOperations\": false,\r\n    \"gatewayManagerEtag\": \"\",\r\n    \"serviceKey\": \"37eafdaa-8247-45d2-88f4-9173d2f8a498\",\r\n    \"serviceProviderProvisioningState\": \"NotProvisioned\"\r\n  },\r\n  \"sku\": {\r\n    \"name\": \"Standard_MeteredData\",\r\n    \"tier\": \"Standard\",\r\n    \"family\": \"MeteredData\"\r\n  }\r\n}",
      "ResponseHeaders": {
        "Content-Length": [
          "989"
        ],
        "Content-Type": [
          "application/json; charset=utf-8"
        ],
        "Expires": [
          "-1"
        ],
        "Pragma": [
          "no-cache"
        ],
        "x-ms-request-id": [
          "09665724-b9fb-44fa-93be-c35cff12e082"
        ],
        "Strict-Transport-Security": [
          "max-age=31536000; includeSubDomains"
        ],
        "Cache-Control": [
          "no-cache"
        ],
        "Server": [
          "Microsoft-HTTPAPI/2.0",
          "Microsoft-HTTPAPI/2.0"
        ],
        "x-ms-ratelimit-remaining-subscription-reads": [
          "14985"
        ],
        "x-ms-correlation-request-id": [
          "15a348ee-be36-4d55-84e8-57e27981b65c"
        ],
        "x-ms-routing-request-id": [
          "WESTUS:20170214T210218Z:15a348ee-be36-4d55-84e8-57e27981b65c"
        ],
        "Date": [
          "Tue, 14 Feb 2017 21:02:17 GMT"
        ]
      },
      "StatusCode": 200
    },
    {
      "RequestUri": "/subscriptions/18b0dc06-a2b8-4c0f-95af-550319fa5eac/resourceGroups/onesdk2822/providers/Microsoft.Network/expressRouteCircuits/onesdk5001?api-version=2017-03-01",
      "EncodedRequestUri": "L3N1YnNjcmlwdGlvbnMvMThiMGRjMDYtYTJiOC00YzBmLTk1YWYtNTUwMzE5ZmE1ZWFjL3Jlc291cmNlR3JvdXBzL29uZXNkazI4MjIvcHJvdmlkZXJzL01pY3Jvc29mdC5OZXR3b3JrL2V4cHJlc3NSb3V0ZUNpcmN1aXRzL29uZXNkazUwMDE/YXBpLXZlcnNpb249MjAxNy0wMy0wMQ==",
      "RequestMethod": "GET",
      "RequestBody": "",
      "RequestHeaders": {
        "User-Agent": [
          "FxVersion/4.6.1586.0",
          "OSName/Windows_10_Enterprise",
          "OSVersion/6.3.14393",
          "Microsoft.Azure.Management.Network.NetworkManagementClient/8.2.0-preview"
        ]
      },
      "ResponseBody": "{\r\n  \"name\": \"onesdk5001\",\r\n  \"id\": \"/subscriptions/18b0dc06-a2b8-4c0f-95af-550319fa5eac/resourceGroups/onesdk2822/providers/Microsoft.Network/expressRouteCircuits/onesdk5001\",\r\n  \"etag\": \"W/\\\"f9d33b7f-35c4-486b-a43a-706720e5ead2\\\"\",\r\n  \"type\": \"Microsoft.Network/expressRouteCircuits\",\r\n  \"location\": \"brazilsouth\",\r\n  \"properties\": {\r\n    \"provisioningState\": \"Succeeded\",\r\n    \"resourceGuid\": \"b069a7ed-1cc0-491e-82fd-1d450a96dfcb\",\r\n    \"peerings\": [],\r\n    \"authorizations\": [],\r\n    \"serviceProviderProperties\": {\r\n      \"serviceProviderName\": \"equinix\",\r\n      \"peeringLocation\": \"Silicon Valley\",\r\n      \"bandwidthInMbps\": 1000\r\n    },\r\n    \"circuitProvisioningState\": \"Enabled\",\r\n    \"allowClassicOperations\": false,\r\n    \"gatewayManagerEtag\": \"\",\r\n    \"serviceKey\": \"37eafdaa-8247-45d2-88f4-9173d2f8a498\",\r\n    \"serviceProviderProvisioningState\": \"NotProvisioned\"\r\n  },\r\n  \"sku\": {\r\n    \"name\": \"Standard_MeteredData\",\r\n    \"tier\": \"Premium\",\r\n    \"family\": \"UnlimitedData\"\r\n  }\r\n}",
      "ResponseHeaders": {
        "Content-Length": [
          "991"
        ],
        "Content-Type": [
          "application/json; charset=utf-8"
        ],
        "Expires": [
          "-1"
        ],
        "Pragma": [
          "no-cache"
        ],
        "x-ms-request-id": [
          "72c3dd82-2b01-4bd2-b4b3-779e0b067070"
        ],
        "Strict-Transport-Security": [
          "max-age=31536000; includeSubDomains"
        ],
        "Cache-Control": [
          "no-cache"
        ],
        "Server": [
          "Microsoft-HTTPAPI/2.0",
          "Microsoft-HTTPAPI/2.0"
        ],
        "x-ms-ratelimit-remaining-subscription-reads": [
          "14981"
        ],
        "x-ms-correlation-request-id": [
          "90365bd2-15b1-4ed2-990e-778e273f3008"
        ],
        "x-ms-routing-request-id": [
          "WESTUS:20170214T210352Z:90365bd2-15b1-4ed2-990e-778e273f3008"
        ],
        "Date": [
          "Tue, 14 Feb 2017 21:03:51 GMT"
        ]
      },
      "StatusCode": 200
    },
    {
      "RequestUri": "/subscriptions/18b0dc06-a2b8-4c0f-95af-550319fa5eac/resourceGroups/onesdk2822/providers/Microsoft.Network/expressRouteCircuits/onesdk5001?api-version=2017-03-01",
      "EncodedRequestUri": "L3N1YnNjcmlwdGlvbnMvMThiMGRjMDYtYTJiOC00YzBmLTk1YWYtNTUwMzE5ZmE1ZWFjL3Jlc291cmNlR3JvdXBzL29uZXNkazI4MjIvcHJvdmlkZXJzL01pY3Jvc29mdC5OZXR3b3JrL2V4cHJlc3NSb3V0ZUNpcmN1aXRzL29uZXNkazUwMDE/YXBpLXZlcnNpb249MjAxNy0wMy0wMQ==",
      "RequestMethod": "GET",
      "RequestBody": "",
      "RequestHeaders": {
        "x-ms-client-request-id": [
          "0944f8fa-f9c5-413a-a5b6-00704dab3b07"
        ],
        "accept-language": [
          "en-US"
        ],
        "User-Agent": [
          "FxVersion/4.6.1586.0",
          "OSName/Windows_10_Enterprise",
          "OSVersion/6.3.14393",
          "Microsoft.Azure.Management.Network.NetworkManagementClient/8.2.0-preview"
        ]
      },
      "ResponseBody": "{\r\n  \"name\": \"onesdk5001\",\r\n  \"id\": \"/subscriptions/18b0dc06-a2b8-4c0f-95af-550319fa5eac/resourceGroups/onesdk2822/providers/Microsoft.Network/expressRouteCircuits/onesdk5001\",\r\n  \"etag\": \"W/\\\"f9d33b7f-35c4-486b-a43a-706720e5ead2\\\"\",\r\n  \"type\": \"Microsoft.Network/expressRouteCircuits\",\r\n  \"location\": \"brazilsouth\",\r\n  \"properties\": {\r\n    \"provisioningState\": \"Succeeded\",\r\n    \"resourceGuid\": \"b069a7ed-1cc0-491e-82fd-1d450a96dfcb\",\r\n    \"peerings\": [],\r\n    \"authorizations\": [],\r\n    \"serviceProviderProperties\": {\r\n      \"serviceProviderName\": \"equinix\",\r\n      \"peeringLocation\": \"Silicon Valley\",\r\n      \"bandwidthInMbps\": 1000\r\n    },\r\n    \"circuitProvisioningState\": \"Enabled\",\r\n    \"allowClassicOperations\": false,\r\n    \"gatewayManagerEtag\": \"\",\r\n    \"serviceKey\": \"37eafdaa-8247-45d2-88f4-9173d2f8a498\",\r\n    \"serviceProviderProvisioningState\": \"NotProvisioned\"\r\n  },\r\n  \"sku\": {\r\n    \"name\": \"Standard_MeteredData\",\r\n    \"tier\": \"Premium\",\r\n    \"family\": \"UnlimitedData\"\r\n  }\r\n}",
      "ResponseHeaders": {
        "Content-Length": [
          "991"
        ],
        "Content-Type": [
          "application/json; charset=utf-8"
        ],
        "Expires": [
          "-1"
        ],
        "Pragma": [
          "no-cache"
        ],
        "x-ms-request-id": [
          "d73a885e-d297-48e4-a3ad-5f4852707760"
        ],
        "Strict-Transport-Security": [
          "max-age=31536000; includeSubDomains"
        ],
        "Cache-Control": [
          "no-cache"
        ],
        "Server": [
          "Microsoft-HTTPAPI/2.0",
          "Microsoft-HTTPAPI/2.0"
        ],
        "x-ms-ratelimit-remaining-subscription-reads": [
          "14980"
        ],
        "x-ms-correlation-request-id": [
          "b45ffbe4-38a2-4e54-b7c4-86f21331299a"
        ],
        "x-ms-routing-request-id": [
          "WESTUS:20170214T210352Z:b45ffbe4-38a2-4e54-b7c4-86f21331299a"
        ],
        "Date": [
          "Tue, 14 Feb 2017 21:03:52 GMT"
        ]
      },
      "StatusCode": 200
    },
    {
      "RequestUri": "/subscriptions/18b0dc06-a2b8-4c0f-95af-550319fa5eac/resourceGroups/onesdk2822/providers/Microsoft.Network/expressRouteCircuits/onesdk5001?api-version=2017-03-01",
      "EncodedRequestUri": "L3N1YnNjcmlwdGlvbnMvMThiMGRjMDYtYTJiOC00YzBmLTk1YWYtNTUwMzE5ZmE1ZWFjL3Jlc291cmNlR3JvdXBzL29uZXNkazI4MjIvcHJvdmlkZXJzL01pY3Jvc29mdC5OZXR3b3JrL2V4cHJlc3NSb3V0ZUNpcmN1aXRzL29uZXNkazUwMDE/YXBpLXZlcnNpb249MjAxNy0wMy0wMQ==",
      "RequestMethod": "PUT",
      "RequestBody": "{\r\n  \"sku\": {\r\n    \"name\": \"Standard_MeteredData\",\r\n    \"tier\": \"Standard\",\r\n    \"family\": \"MeteredData\"\r\n  },\r\n  \"properties\": {\r\n    \"authorizations\": [],\r\n    \"peerings\": [],\r\n    \"serviceProviderProperties\": {\r\n      \"serviceProviderName\": \"equinix\",\r\n      \"peeringLocation\": \"Silicon Valley\",\r\n      \"bandwidthInMbps\": 500\r\n    }\r\n  },\r\n  \"name\": \"onesdk5001\",\r\n  \"location\": \"brazilSouth\"\r\n}",
      "RequestHeaders": {
        "Content-Type": [
          "application/json; charset=utf-8"
        ],
        "Content-Length": [
          "398"
        ],
        "x-ms-client-request-id": [
          "cbc7a33d-8516-4fff-ad71-fcd41e51142c"
        ],
        "accept-language": [
          "en-US"
        ],
        "User-Agent": [
          "FxVersion/4.6.1586.0",
          "OSName/Windows_10_Enterprise",
          "OSVersion/6.3.14393",
          "Microsoft.Azure.Management.Network.NetworkManagementClient/8.2.0-preview"
        ]
      },
      "ResponseBody": "{\r\n  \"name\": \"onesdk5001\",\r\n  \"id\": \"/subscriptions/18b0dc06-a2b8-4c0f-95af-550319fa5eac/resourceGroups/onesdk2822/providers/Microsoft.Network/expressRouteCircuits/onesdk5001\",\r\n  \"etag\": \"W/\\\"04c31916-ba5c-4fbb-b893-e20ec4c093dd\\\"\",\r\n  \"type\": \"Microsoft.Network/expressRouteCircuits\",\r\n  \"location\": \"brazilsouth\",\r\n  \"properties\": {\r\n    \"provisioningState\": \"Updating\",\r\n    \"resourceGuid\": \"b069a7ed-1cc0-491e-82fd-1d450a96dfcb\",\r\n    \"peerings\": [],\r\n    \"authorizations\": [],\r\n    \"serviceProviderProperties\": {\r\n      \"serviceProviderName\": \"equinix\",\r\n      \"peeringLocation\": \"Silicon Valley\",\r\n      \"bandwidthInMbps\": 500\r\n    },\r\n    \"circuitProvisioningState\": \"Disabled\",\r\n    \"allowClassicOperations\": false,\r\n    \"serviceKey\": \"00000000-0000-0000-0000-000000000000\",\r\n    \"serviceProviderProvisioningState\": \"NotProvisioned\"\r\n  },\r\n  \"sku\": {\r\n    \"name\": \"Standard_MeteredData\",\r\n    \"tier\": \"Standard\",\r\n    \"family\": \"MeteredData\"\r\n  }\r\n}",
      "ResponseHeaders": {
        "Content-Length": [
          "958"
        ],
        "Content-Type": [
          "application/json; charset=utf-8"
        ],
        "Expires": [
          "-1"
        ],
        "Pragma": [
          "no-cache"
        ],
        "Retry-After": [
          "10"
        ],
        "x-ms-request-id": [
          "032f8788-964c-4ed1-bfb1-e5b31d3b4caa"
        ],
        "Azure-AsyncOperation": [
          "https://management.azure.com/subscriptions/18b0dc06-a2b8-4c0f-95af-550319fa5eac/providers/Microsoft.Network/locations/brazilsouth/operations/032f8788-964c-4ed1-bfb1-e5b31d3b4caa?api-version=2017-03-01"
        ],
        "Strict-Transport-Security": [
          "max-age=31536000; includeSubDomains"
        ],
        "Cache-Control": [
          "no-cache"
        ],
        "Server": [
          "Microsoft-HTTPAPI/2.0",
          "Microsoft-HTTPAPI/2.0"
        ],
        "x-ms-ratelimit-remaining-subscription-writes": [
          "1198"
        ],
        "x-ms-correlation-request-id": [
          "26d6b9c3-c3ce-44f8-bcf8-f5ab20147795"
        ],
        "x-ms-routing-request-id": [
          "WESTUS:20170214T210112Z:26d6b9c3-c3ce-44f8-bcf8-f5ab20147795"
        ],
        "Date": [
          "Tue, 14 Feb 2017 21:01:12 GMT"
        ]
      },
      "StatusCode": 201
    },
    {
      "RequestUri": "/subscriptions/18b0dc06-a2b8-4c0f-95af-550319fa5eac/resourceGroups/onesdk2822/providers/Microsoft.Network/expressRouteCircuits/onesdk5001?api-version=2017-03-01",
      "EncodedRequestUri": "L3N1YnNjcmlwdGlvbnMvMThiMGRjMDYtYTJiOC00YzBmLTk1YWYtNTUwMzE5ZmE1ZWFjL3Jlc291cmNlR3JvdXBzL29uZXNkazI4MjIvcHJvdmlkZXJzL01pY3Jvc29mdC5OZXR3b3JrL2V4cHJlc3NSb3V0ZUNpcmN1aXRzL29uZXNkazUwMDE/YXBpLXZlcnNpb249MjAxNy0wMy0wMQ==",
      "RequestMethod": "PUT",
      "RequestBody": "{\r\n  \"sku\": {\r\n    \"name\": \"Standard_MeteredData\",\r\n    \"tier\": \"Premium\",\r\n    \"family\": \"UnlimitedData\"\r\n  },\r\n  \"properties\": {\r\n    \"allowClassicOperations\": false,\r\n    \"circuitProvisioningState\": \"Enabled\",\r\n    \"serviceProviderProvisioningState\": \"NotProvisioned\",\r\n    \"authorizations\": [],\r\n    \"peerings\": [],\r\n    \"serviceKey\": \"37eafdaa-8247-45d2-88f4-9173d2f8a498\",\r\n    \"serviceProviderProperties\": {\r\n      \"serviceProviderName\": \"equinix\",\r\n      \"peeringLocation\": \"Silicon Valley\",\r\n      \"bandwidthInMbps\": 1000\r\n    },\r\n    \"provisioningState\": \"Succeeded\",\r\n    \"gatewayManagerEtag\": \"\"\r\n  },\r\n  \"etag\": \"W/\\\"fa60bdad-ec73-4240-8bc3-ab04e06d6402\\\"\",\r\n  \"id\": \"/subscriptions/18b0dc06-a2b8-4c0f-95af-550319fa5eac/resourceGroups/onesdk2822/providers/Microsoft.Network/expressRouteCircuits/onesdk5001\",\r\n  \"name\": \"onesdk5001\",\r\n  \"type\": \"Microsoft.Network/expressRouteCircuits\",\r\n  \"location\": \"brazilsouth\"\r\n}",
      "RequestHeaders": {
        "Content-Type": [
          "application/json; charset=utf-8"
        ],
        "Content-Length": [
          "930"
        ],
        "x-ms-client-request-id": [
          "c7e02ef7-3042-45e0-8341-b211a6b82a91"
        ],
        "accept-language": [
          "en-US"
        ],
        "User-Agent": [
          "FxVersion/4.6.1586.0",
          "OSName/Windows_10_Enterprise",
          "OSVersion/6.3.14393",
          "Microsoft.Azure.Management.Network.NetworkManagementClient/8.2.0-preview"
        ]
      },
      "ResponseBody": "{\r\n  \"name\": \"onesdk5001\",\r\n  \"id\": \"/subscriptions/18b0dc06-a2b8-4c0f-95af-550319fa5eac/resourceGroups/onesdk2822/providers/Microsoft.Network/expressRouteCircuits/onesdk5001\",\r\n  \"etag\": \"W/\\\"fc1c6a3e-18ac-400f-b346-7b73682e3a43\\\"\",\r\n  \"type\": \"Microsoft.Network/expressRouteCircuits\",\r\n  \"location\": \"brazilsouth\",\r\n  \"properties\": {\r\n    \"provisioningState\": \"Updating\",\r\n    \"resourceGuid\": \"b069a7ed-1cc0-491e-82fd-1d450a96dfcb\",\r\n    \"peerings\": [],\r\n    \"authorizations\": [],\r\n    \"serviceProviderProperties\": {\r\n      \"serviceProviderName\": \"equinix\",\r\n      \"peeringLocation\": \"Silicon Valley\",\r\n      \"bandwidthInMbps\": 1000\r\n    },\r\n    \"circuitProvisioningState\": \"Disabled\",\r\n    \"allowClassicOperations\": false,\r\n    \"gatewayManagerEtag\": \"\",\r\n    \"serviceKey\": \"37eafdaa-8247-45d2-88f4-9173d2f8a498\",\r\n    \"serviceProviderProvisioningState\": \"NotProvisioned\"\r\n  },\r\n  \"sku\": {\r\n    \"name\": \"Standard_MeteredData\",\r\n    \"tier\": \"Premium\",\r\n    \"family\": \"UnlimitedData\"\r\n  }\r\n}",
      "ResponseHeaders": {
        "Content-Length": [
          "991"
        ],
        "Content-Type": [
          "application/json; charset=utf-8"
        ],
        "Expires": [
          "-1"
        ],
        "Pragma": [
          "no-cache"
        ],
        "Retry-After": [
          "10"
        ],
        "x-ms-request-id": [
          "b0ac05dc-a7b1-49a8-a107-2f36233e5a65"
        ],
        "Azure-AsyncOperation": [
          "https://management.azure.com/subscriptions/18b0dc06-a2b8-4c0f-95af-550319fa5eac/providers/Microsoft.Network/locations/brazilsouth/operations/b0ac05dc-a7b1-49a8-a107-2f36233e5a65?api-version=2017-03-01"
        ],
        "Strict-Transport-Security": [
          "max-age=31536000; includeSubDomains"
        ],
        "Cache-Control": [
          "no-cache"
        ],
        "Server": [
          "Microsoft-HTTPAPI/2.0",
          "Microsoft-HTTPAPI/2.0"
        ],
        "x-ms-ratelimit-remaining-subscription-writes": [
          "1197"
        ],
        "x-ms-correlation-request-id": [
          "168f8900-ec00-402e-a2f6-78a707fb4dd8"
        ],
        "x-ms-routing-request-id": [
          "WESTUS:20170214T210218Z:168f8900-ec00-402e-a2f6-78a707fb4dd8"
        ],
        "Date": [
          "Tue, 14 Feb 2017 21:02:18 GMT"
        ]
      },
      "StatusCode": 200
    },
    {
      "RequestUri": "/subscriptions/18b0dc06-a2b8-4c0f-95af-550319fa5eac/providers/Microsoft.Network/locations/brazilsouth/operations/032f8788-964c-4ed1-bfb1-e5b31d3b4caa?api-version=2017-03-01",
      "EncodedRequestUri": "L3N1YnNjcmlwdGlvbnMvMThiMGRjMDYtYTJiOC00YzBmLTk1YWYtNTUwMzE5ZmE1ZWFjL3Byb3ZpZGVycy9NaWNyb3NvZnQuTmV0d29yay9sb2NhdGlvbnMvYnJhemlsc291dGgvb3BlcmF0aW9ucy8wMzJmODc4OC05NjRjLTRlZDEtYmZiMS1lNWIzMWQzYjRjYWE/YXBpLXZlcnNpb249MjAxNy0wMy0wMQ==",
      "RequestMethod": "GET",
      "RequestBody": "",
      "RequestHeaders": {
        "User-Agent": [
          "FxVersion/4.6.1586.0",
          "OSName/Windows_10_Enterprise",
          "OSVersion/6.3.14393",
          "Microsoft.Azure.Management.Network.NetworkManagementClient/8.2.0-preview"
        ]
      },
      "ResponseBody": "{\r\n  \"status\": \"InProgress\"\r\n}",
      "ResponseHeaders": {
        "Content-Length": [
          "30"
        ],
        "Content-Type": [
          "application/json; charset=utf-8"
        ],
        "Expires": [
          "-1"
        ],
        "Pragma": [
          "no-cache"
        ],
        "Retry-After": [
          "10"
        ],
        "x-ms-request-id": [
          "c23c3b5d-252d-42d3-ae46-ab56540ce1eb"
        ],
        "Strict-Transport-Security": [
          "max-age=31536000; includeSubDomains"
        ],
        "Cache-Control": [
          "no-cache"
        ],
        "Server": [
          "Microsoft-HTTPAPI/2.0",
          "Microsoft-HTTPAPI/2.0"
        ],
        "x-ms-ratelimit-remaining-subscription-reads": [
          "14991"
        ],
        "x-ms-correlation-request-id": [
          "46a3b072-6f9c-49a4-a888-b3f811f12246"
        ],
        "x-ms-routing-request-id": [
          "WESTUS:20170214T210143Z:46a3b072-6f9c-49a4-a888-b3f811f12246"
        ],
        "Date": [
          "Tue, 14 Feb 2017 21:01:42 GMT"
        ]
      },
      "StatusCode": 200
    },
    {
      "RequestUri": "/subscriptions/18b0dc06-a2b8-4c0f-95af-550319fa5eac/providers/Microsoft.Network/locations/brazilsouth/operations/032f8788-964c-4ed1-bfb1-e5b31d3b4caa?api-version=2017-03-01",
      "EncodedRequestUri": "L3N1YnNjcmlwdGlvbnMvMThiMGRjMDYtYTJiOC00YzBmLTk1YWYtNTUwMzE5ZmE1ZWFjL3Byb3ZpZGVycy9NaWNyb3NvZnQuTmV0d29yay9sb2NhdGlvbnMvYnJhemlsc291dGgvb3BlcmF0aW9ucy8wMzJmODc4OC05NjRjLTRlZDEtYmZiMS1lNWIzMWQzYjRjYWE/YXBpLXZlcnNpb249MjAxNy0wMy0wMQ==",
      "RequestMethod": "GET",
      "RequestBody": "",
      "RequestHeaders": {
        "User-Agent": [
          "FxVersion/4.6.1586.0",
          "OSName/Windows_10_Enterprise",
          "OSVersion/6.3.14393",
          "Microsoft.Azure.Management.Network.NetworkManagementClient/8.2.0-preview"
        ]
      },
      "ResponseBody": "{\r\n  \"status\": \"Succeeded\"\r\n}",
      "ResponseHeaders": {
        "Content-Length": [
          "29"
        ],
        "Content-Type": [
          "application/json; charset=utf-8"
        ],
        "Expires": [
          "-1"
        ],
        "Pragma": [
          "no-cache"
        ],
        "x-ms-request-id": [
          "56cb5cb9-a93d-477e-85c7-e4c8de5141eb"
        ],
        "Strict-Transport-Security": [
          "max-age=31536000; includeSubDomains"
        ],
        "Cache-Control": [
          "no-cache"
        ],
        "Server": [
          "Microsoft-HTTPAPI/2.0",
          "Microsoft-HTTPAPI/2.0"
        ],
        "x-ms-ratelimit-remaining-subscription-reads": [
          "14990"
        ],
        "x-ms-correlation-request-id": [
          "b8eb9f6d-62ae-4fe7-b09c-4c9c3c563c72"
        ],
        "x-ms-routing-request-id": [
          "WESTUS:20170214T210214Z:b8eb9f6d-62ae-4fe7-b09c-4c9c3c563c72"
        ],
        "Date": [
          "Tue, 14 Feb 2017 21:02:13 GMT"
        ]
      },
      "StatusCode": 200
    },
    {
      "RequestUri": "/subscriptions/18b0dc06-a2b8-4c0f-95af-550319fa5eac/resourceGroups/onesdk2822/providers/Microsoft.Network/expressRouteCircuits?api-version=2017-03-01",
      "EncodedRequestUri": "L3N1YnNjcmlwdGlvbnMvMThiMGRjMDYtYTJiOC00YzBmLTk1YWYtNTUwMzE5ZmE1ZWFjL3Jlc291cmNlR3JvdXBzL29uZXNkazI4MjIvcHJvdmlkZXJzL01pY3Jvc29mdC5OZXR3b3JrL2V4cHJlc3NSb3V0ZUNpcmN1aXRzP2FwaS12ZXJzaW9uPTIwMTctMDMtMDE=",
      "RequestMethod": "GET",
      "RequestBody": "",
      "RequestHeaders": {
        "x-ms-client-request-id": [
          "fdb375a9-218d-46bf-9799-05d07839157e"
        ],
        "accept-language": [
          "en-US"
        ],
        "User-Agent": [
          "FxVersion/4.6.1586.0",
          "OSName/Windows_10_Enterprise",
          "OSVersion/6.3.14393",
          "Microsoft.Azure.Management.Network.NetworkManagementClient/8.2.0-preview"
        ]
      },
      "ResponseBody": "{\r\n  \"value\": [\r\n    {\r\n      \"name\": \"onesdk5001\",\r\n      \"id\": \"/subscriptions/18b0dc06-a2b8-4c0f-95af-550319fa5eac/resourceGroups/onesdk2822/providers/Microsoft.Network/expressRouteCircuits/onesdk5001\",\r\n      \"etag\": \"W/\\\"fa60bdad-ec73-4240-8bc3-ab04e06d6402\\\"\",\r\n      \"type\": \"Microsoft.Network/expressRouteCircuits\",\r\n      \"location\": \"brazilsouth\",\r\n      \"properties\": {\r\n        \"provisioningState\": \"Succeeded\",\r\n        \"resourceGuid\": \"b069a7ed-1cc0-491e-82fd-1d450a96dfcb\",\r\n        \"peerings\": [],\r\n        \"authorizations\": [],\r\n        \"serviceProviderProperties\": {\r\n          \"serviceProviderName\": \"equinix\",\r\n          \"peeringLocation\": \"Silicon Valley\",\r\n          \"bandwidthInMbps\": 500\r\n        },\r\n        \"circuitProvisioningState\": \"Enabled\",\r\n        \"allowClassicOperations\": false,\r\n        \"serviceKey\": \"37eafdaa-8247-45d2-88f4-9173d2f8a498\",\r\n        \"serviceProviderProvisioningState\": \"NotProvisioned\"\r\n      },\r\n      \"sku\": {\r\n        \"name\": \"Standard_MeteredData\",\r\n        \"tier\": \"Standard\",\r\n        \"family\": \"MeteredData\"\r\n      }\r\n    }\r\n  ]\r\n}",
      "ResponseHeaders": {
        "Content-Length": [
          "1091"
        ],
        "Content-Type": [
          "application/json; charset=utf-8"
        ],
        "Expires": [
          "-1"
        ],
        "Pragma": [
          "no-cache"
        ],
        "x-ms-request-id": [
          "134141fe-7a0d-49ea-a1ae-00b4b1a02fc1"
        ],
        "Strict-Transport-Security": [
          "max-age=31536000; includeSubDomains"
        ],
        "Cache-Control": [
          "no-cache"
        ],
        "Server": [
          "Microsoft-HTTPAPI/2.0",
          "Microsoft-HTTPAPI/2.0"
        ],
        "x-ms-ratelimit-remaining-subscription-reads": [
          "14986"
        ],
        "x-ms-correlation-request-id": [
          "c5161b76-4b9d-4adc-92ba-c856c0587cc1"
        ],
        "x-ms-routing-request-id": [
          "WESTUS:20170214T210217Z:c5161b76-4b9d-4adc-92ba-c856c0587cc1"
        ],
        "Date": [
          "Tue, 14 Feb 2017 21:02:16 GMT"
        ]
      },
      "StatusCode": 200
    },
    {
      "RequestUri": "/subscriptions/18b0dc06-a2b8-4c0f-95af-550319fa5eac/resourceGroups/onesdk2822/providers/Microsoft.Network/expressRouteCircuits?api-version=2017-03-01",
      "EncodedRequestUri": "L3N1YnNjcmlwdGlvbnMvMThiMGRjMDYtYTJiOC00YzBmLTk1YWYtNTUwMzE5ZmE1ZWFjL3Jlc291cmNlR3JvdXBzL29uZXNkazI4MjIvcHJvdmlkZXJzL01pY3Jvc29mdC5OZXR3b3JrL2V4cHJlc3NSb3V0ZUNpcmN1aXRzP2FwaS12ZXJzaW9uPTIwMTctMDMtMDE=",
      "RequestMethod": "GET",
      "RequestBody": "",
      "RequestHeaders": {
        "x-ms-client-request-id": [
          "e7d039ed-fc39-4b69-8b55-3e33058ed0ce"
        ],
        "accept-language": [
          "en-US"
        ],
        "User-Agent": [
          "FxVersion/4.6.1586.0",
          "OSName/Windows_10_Enterprise",
          "OSVersion/6.3.14393",
          "Microsoft.Azure.Management.Network.NetworkManagementClient/8.2.0-preview"
        ]
      },
      "ResponseBody": "{\r\n  \"value\": []\r\n}",
      "ResponseHeaders": {
        "Content-Length": [
          "12"
        ],
        "Content-Type": [
          "application/json; charset=utf-8"
        ],
        "Expires": [
          "-1"
        ],
        "Pragma": [
          "no-cache"
        ],
        "x-ms-ratelimit-remaining-subscription-reads": [
          "14977"
        ],
        "x-ms-request-id": [
          "47d4a61b-9172-4b68-a0bb-144393be71bb"
        ],
        "x-ms-correlation-request-id": [
          "47d4a61b-9172-4b68-a0bb-144393be71bb"
        ],
        "x-ms-routing-request-id": [
          "WESTUS:20170214T210454Z:47d4a61b-9172-4b68-a0bb-144393be71bb"
        ],
        "Strict-Transport-Security": [
          "max-age=31536000; includeSubDomains"
        ],
        "Cache-Control": [
          "no-cache"
        ],
        "Date": [
          "Tue, 14 Feb 2017 21:04:54 GMT"
        ]
      },
      "StatusCode": 200
    },
    {
      "RequestUri": "/subscriptions/18b0dc06-a2b8-4c0f-95af-550319fa5eac/providers/Microsoft.Network/locations/brazilsouth/operations/b0ac05dc-a7b1-49a8-a107-2f36233e5a65?api-version=2017-03-01",
      "EncodedRequestUri": "L3N1YnNjcmlwdGlvbnMvMThiMGRjMDYtYTJiOC00YzBmLTk1YWYtNTUwMzE5ZmE1ZWFjL3Byb3ZpZGVycy9NaWNyb3NvZnQuTmV0d29yay9sb2NhdGlvbnMvYnJhemlsc291dGgvb3BlcmF0aW9ucy9iMGFjMDVkYy1hN2IxLTQ5YTgtYTEwNy0yZjM2MjMzZTVhNjU/YXBpLXZlcnNpb249MjAxNy0wMy0wMQ==",
      "RequestMethod": "GET",
      "RequestBody": "",
      "RequestHeaders": {
        "User-Agent": [
          "FxVersion/4.6.1586.0",
          "OSName/Windows_10_Enterprise",
          "OSVersion/6.3.14393",
          "Microsoft.Azure.Management.Network.NetworkManagementClient/8.2.0-preview"
        ]
      },
      "ResponseBody": "{\r\n  \"status\": \"InProgress\"\r\n}",
      "ResponseHeaders": {
        "Content-Length": [
          "30"
        ],
        "Content-Type": [
          "application/json; charset=utf-8"
        ],
        "Expires": [
          "-1"
        ],
        "Pragma": [
          "no-cache"
        ],
        "Retry-After": [
          "10"
        ],
        "x-ms-request-id": [
          "9ec7ec85-560b-46e4-846c-2eb3c540fb70"
        ],
        "Strict-Transport-Security": [
          "max-age=31536000; includeSubDomains"
        ],
        "Cache-Control": [
          "no-cache"
        ],
        "Server": [
          "Microsoft-HTTPAPI/2.0",
          "Microsoft-HTTPAPI/2.0"
        ],
        "x-ms-ratelimit-remaining-subscription-reads": [
          "14984"
        ],
        "x-ms-correlation-request-id": [
          "e1264fc3-d19b-4150-b281-e122a69789be"
        ],
        "x-ms-routing-request-id": [
          "WESTUS:20170214T210249Z:e1264fc3-d19b-4150-b281-e122a69789be"
        ],
        "Date": [
          "Tue, 14 Feb 2017 21:02:49 GMT"
        ]
      },
      "StatusCode": 200
    },
    {
      "RequestUri": "/subscriptions/18b0dc06-a2b8-4c0f-95af-550319fa5eac/providers/Microsoft.Network/locations/brazilsouth/operations/b0ac05dc-a7b1-49a8-a107-2f36233e5a65?api-version=2017-03-01",
      "EncodedRequestUri": "L3N1YnNjcmlwdGlvbnMvMThiMGRjMDYtYTJiOC00YzBmLTk1YWYtNTUwMzE5ZmE1ZWFjL3Byb3ZpZGVycy9NaWNyb3NvZnQuTmV0d29yay9sb2NhdGlvbnMvYnJhemlsc291dGgvb3BlcmF0aW9ucy9iMGFjMDVkYy1hN2IxLTQ5YTgtYTEwNy0yZjM2MjMzZTVhNjU/YXBpLXZlcnNpb249MjAxNy0wMy0wMQ==",
      "RequestMethod": "GET",
      "RequestBody": "",
      "RequestHeaders": {
        "User-Agent": [
          "FxVersion/4.6.1586.0",
          "OSName/Windows_10_Enterprise",
          "OSVersion/6.3.14393",
          "Microsoft.Azure.Management.Network.NetworkManagementClient/8.2.0-preview"
        ]
      },
      "ResponseBody": "{\r\n  \"status\": \"InProgress\"\r\n}",
      "ResponseHeaders": {
        "Content-Length": [
          "30"
        ],
        "Content-Type": [
          "application/json; charset=utf-8"
        ],
        "Expires": [
          "-1"
        ],
        "Pragma": [
          "no-cache"
        ],
        "Retry-After": [
          "10"
        ],
        "x-ms-request-id": [
          "00c3e1e3-9407-4a8a-bd88-17a43e68e6ae"
        ],
        "Strict-Transport-Security": [
          "max-age=31536000; includeSubDomains"
        ],
        "Cache-Control": [
          "no-cache"
        ],
        "Server": [
          "Microsoft-HTTPAPI/2.0",
          "Microsoft-HTTPAPI/2.0"
        ],
        "x-ms-ratelimit-remaining-subscription-reads": [
          "14983"
        ],
        "x-ms-correlation-request-id": [
          "cfb62cd7-f66c-4bb2-9dad-5c84df30d0e8"
        ],
        "x-ms-routing-request-id": [
          "WESTUS:20170214T210320Z:cfb62cd7-f66c-4bb2-9dad-5c84df30d0e8"
        ],
        "Date": [
          "Tue, 14 Feb 2017 21:03:19 GMT"
        ]
      },
      "StatusCode": 200
    },
    {
      "RequestUri": "/subscriptions/18b0dc06-a2b8-4c0f-95af-550319fa5eac/providers/Microsoft.Network/locations/brazilsouth/operations/b0ac05dc-a7b1-49a8-a107-2f36233e5a65?api-version=2017-03-01",
      "EncodedRequestUri": "L3N1YnNjcmlwdGlvbnMvMThiMGRjMDYtYTJiOC00YzBmLTk1YWYtNTUwMzE5ZmE1ZWFjL3Byb3ZpZGVycy9NaWNyb3NvZnQuTmV0d29yay9sb2NhdGlvbnMvYnJhemlsc291dGgvb3BlcmF0aW9ucy9iMGFjMDVkYy1hN2IxLTQ5YTgtYTEwNy0yZjM2MjMzZTVhNjU/YXBpLXZlcnNpb249MjAxNy0wMy0wMQ==",
      "RequestMethod": "GET",
      "RequestBody": "",
      "RequestHeaders": {
        "User-Agent": [
          "FxVersion/4.6.1586.0",
          "OSName/Windows_10_Enterprise",
          "OSVersion/6.3.14393",
          "Microsoft.Azure.Management.Network.NetworkManagementClient/8.2.0-preview"
        ]
      },
      "ResponseBody": "{\r\n  \"status\": \"Succeeded\"\r\n}",
      "ResponseHeaders": {
        "Content-Length": [
          "29"
        ],
        "Content-Type": [
          "application/json; charset=utf-8"
        ],
        "Expires": [
          "-1"
        ],
        "Pragma": [
          "no-cache"
        ],
        "x-ms-request-id": [
          "f0af5430-e8b9-4ae1-8cee-3c7883ba0c32"
        ],
        "Strict-Transport-Security": [
          "max-age=31536000; includeSubDomains"
        ],
        "Cache-Control": [
          "no-cache"
        ],
        "Server": [
          "Microsoft-HTTPAPI/2.0",
          "Microsoft-HTTPAPI/2.0"
        ],
        "x-ms-ratelimit-remaining-subscription-reads": [
          "14982"
        ],
        "x-ms-correlation-request-id": [
          "5c33232b-d5a0-409f-946d-26e6f74ea73f"
        ],
        "x-ms-routing-request-id": [
          "WESTUS:20170214T210351Z:5c33232b-d5a0-409f-946d-26e6f74ea73f"
        ],
        "Date": [
          "Tue, 14 Feb 2017 21:03:50 GMT"
        ]
      },
      "StatusCode": 200
    },
    {
      "RequestUri": "/subscriptions/18b0dc06-a2b8-4c0f-95af-550319fa5eac/resourceGroups/onesdk2822/providers/Microsoft.Network/expressRouteCircuits/onesdk5001?api-version=2017-03-01",
      "EncodedRequestUri": "L3N1YnNjcmlwdGlvbnMvMThiMGRjMDYtYTJiOC00YzBmLTk1YWYtNTUwMzE5ZmE1ZWFjL3Jlc291cmNlR3JvdXBzL29uZXNkazI4MjIvcHJvdmlkZXJzL01pY3Jvc29mdC5OZXR3b3JrL2V4cHJlc3NSb3V0ZUNpcmN1aXRzL29uZXNkazUwMDE/YXBpLXZlcnNpb249MjAxNy0wMy0wMQ==",
      "RequestMethod": "DELETE",
      "RequestBody": "",
      "RequestHeaders": {
        "x-ms-client-request-id": [
          "561522ab-cfa1-4fa0-a0a2-2ff7c4d712fc"
        ],
        "accept-language": [
          "en-US"
        ],
        "User-Agent": [
          "FxVersion/4.6.1586.0",
          "OSName/Windows_10_Enterprise",
          "OSVersion/6.3.14393",
          "Microsoft.Azure.Management.Network.NetworkManagementClient/8.2.0-preview"
        ]
      },
      "ResponseBody": "",
      "ResponseHeaders": {
        "Content-Length": [
          "0"
        ],
        "Expires": [
          "-1"
        ],
        "Pragma": [
          "no-cache"
        ],
        "Retry-After": [
          "10"
        ],
        "x-ms-request-id": [
          "69159b82-439c-41c6-a364-e11f12265dea"
        ],
        "Azure-AsyncOperation": [
          "https://management.azure.com/subscriptions/18b0dc06-a2b8-4c0f-95af-550319fa5eac/providers/Microsoft.Network/locations/brazilsouth/operations/69159b82-439c-41c6-a364-e11f12265dea?api-version=2017-03-01"
        ],
        "Strict-Transport-Security": [
          "max-age=31536000; includeSubDomains"
        ],
        "Cache-Control": [
          "no-cache"
        ],
        "Location": [
          "https://management.azure.com/subscriptions/18b0dc06-a2b8-4c0f-95af-550319fa5eac/providers/Microsoft.Network/locations/brazilsouth/operationResults/69159b82-439c-41c6-a364-e11f12265dea?api-version=2017-03-01"
        ],
        "Server": [
          "Microsoft-HTTPAPI/2.0",
          "Microsoft-HTTPAPI/2.0"
        ],
        "x-ms-ratelimit-remaining-subscription-writes": [
          "1196"
        ],
        "x-ms-correlation-request-id": [
          "74e80ae4-234e-4bb3-9600-2b4d405c273f"
        ],
        "x-ms-routing-request-id": [
          "WESTUS:20170214T210353Z:74e80ae4-234e-4bb3-9600-2b4d405c273f"
        ],
        "Date": [
          "Tue, 14 Feb 2017 21:03:52 GMT"
        ]
      },
      "StatusCode": 202
    },
    {
      "RequestUri": "/subscriptions/18b0dc06-a2b8-4c0f-95af-550319fa5eac/providers/Microsoft.Network/locations/brazilsouth/operations/69159b82-439c-41c6-a364-e11f12265dea?api-version=2017-03-01",
      "EncodedRequestUri": "L3N1YnNjcmlwdGlvbnMvMThiMGRjMDYtYTJiOC00YzBmLTk1YWYtNTUwMzE5ZmE1ZWFjL3Byb3ZpZGVycy9NaWNyb3NvZnQuTmV0d29yay9sb2NhdGlvbnMvYnJhemlsc291dGgvb3BlcmF0aW9ucy82OTE1OWI4Mi00MzljLTQxYzYtYTM2NC1lMTFmMTIyNjVkZWE/YXBpLXZlcnNpb249MjAxNy0wMy0wMQ==",
      "RequestMethod": "GET",
      "RequestBody": "",
      "RequestHeaders": {
        "User-Agent": [
          "FxVersion/4.6.1586.0",
          "OSName/Windows_10_Enterprise",
          "OSVersion/6.3.14393",
          "Microsoft.Azure.Management.Network.NetworkManagementClient/8.2.0-preview"
        ]
      },
      "ResponseBody": "{\r\n  \"status\": \"InProgress\"\r\n}",
      "ResponseHeaders": {
        "Content-Length": [
          "30"
        ],
        "Content-Type": [
          "application/json; charset=utf-8"
        ],
        "Expires": [
          "-1"
        ],
        "Pragma": [
          "no-cache"
        ],
        "Retry-After": [
          "10"
        ],
        "x-ms-request-id": [
          "059ff821-9d9c-47c7-8e97-63466e3c20b0"
        ],
        "Strict-Transport-Security": [
          "max-age=31536000; includeSubDomains"
        ],
        "Cache-Control": [
          "no-cache"
        ],
        "Server": [
          "Microsoft-HTTPAPI/2.0",
          "Microsoft-HTTPAPI/2.0"
        ],
        "x-ms-ratelimit-remaining-subscription-reads": [
          "14979"
        ],
        "x-ms-correlation-request-id": [
          "280b088c-dc9a-487a-a4ab-b2221baf7a77"
        ],
        "x-ms-routing-request-id": [
          "WESTUS:20170214T210424Z:280b088c-dc9a-487a-a4ab-b2221baf7a77"
        ],
        "Date": [
          "Tue, 14 Feb 2017 21:04:24 GMT"
        ]
      },
      "StatusCode": 200
    },
    {
      "RequestUri": "/subscriptions/18b0dc06-a2b8-4c0f-95af-550319fa5eac/providers/Microsoft.Network/locations/brazilsouth/operations/69159b82-439c-41c6-a364-e11f12265dea?api-version=2017-03-01",
      "EncodedRequestUri": "L3N1YnNjcmlwdGlvbnMvMThiMGRjMDYtYTJiOC00YzBmLTk1YWYtNTUwMzE5ZmE1ZWFjL3Byb3ZpZGVycy9NaWNyb3NvZnQuTmV0d29yay9sb2NhdGlvbnMvYnJhemlsc291dGgvb3BlcmF0aW9ucy82OTE1OWI4Mi00MzljLTQxYzYtYTM2NC1lMTFmMTIyNjVkZWE/YXBpLXZlcnNpb249MjAxNy0wMy0wMQ==",
      "RequestMethod": "GET",
      "RequestBody": "",
      "RequestHeaders": {
        "User-Agent": [
          "FxVersion/4.6.1586.0",
          "OSName/Windows_10_Enterprise",
          "OSVersion/6.3.14393",
          "Microsoft.Azure.Management.Network.NetworkManagementClient/8.2.0-preview"
        ]
      },
      "ResponseBody": "{\r\n  \"status\": \"Succeeded\"\r\n}",
      "ResponseHeaders": {
        "Content-Length": [
          "29"
        ],
        "Content-Type": [
          "application/json; charset=utf-8"
        ],
        "Expires": [
          "-1"
        ],
        "Pragma": [
          "no-cache"
        ],
        "x-ms-request-id": [
          "603f2bca-48d6-4032-acfd-94f460c1f0f7"
        ],
        "Strict-Transport-Security": [
          "max-age=31536000; includeSubDomains"
        ],
        "Cache-Control": [
          "no-cache"
        ],
        "Server": [
          "Microsoft-HTTPAPI/2.0",
          "Microsoft-HTTPAPI/2.0"
        ],
        "x-ms-ratelimit-remaining-subscription-reads": [
          "14978"
        ],
        "x-ms-correlation-request-id": [
          "b23fda05-a8a5-41e2-abdb-44ca2dfc3e76"
        ],
        "x-ms-routing-request-id": [
          "WESTUS:20170214T210454Z:b23fda05-a8a5-41e2-abdb-44ca2dfc3e76"
        ],
        "Date": [
          "Tue, 14 Feb 2017 21:04:54 GMT"
        ]
      },
      "StatusCode": 200
    },
    {
      "RequestUri": "/subscriptions/18b0dc06-a2b8-4c0f-95af-550319fa5eac/resourcegroups/onesdk2822?api-version=2016-02-01",
      "EncodedRequestUri": "L3N1YnNjcmlwdGlvbnMvMThiMGRjMDYtYTJiOC00YzBmLTk1YWYtNTUwMzE5ZmE1ZWFjL3Jlc291cmNlZ3JvdXBzL29uZXNkazI4MjI/YXBpLXZlcnNpb249MjAxNi0wMi0wMQ==",
      "RequestMethod": "DELETE",
      "RequestBody": "",
      "RequestHeaders": {
        "User-Agent": [
          "Microsoft.Azure.Management.Resources.ResourceManagementClient/2.0.0.0"
        ]
      },
      "ResponseBody": "",
      "ResponseHeaders": {
        "Content-Length": [
          "0"
        ],
        "Expires": [
          "-1"
        ],
        "Pragma": [
          "no-cache"
        ],
        "Retry-After": [
          "15"
        ],
        "x-ms-ratelimit-remaining-subscription-writes": [
          "1198"
        ],
        "x-ms-request-id": [
          "63a971b3-dd1b-47c9-9022-846bcfa48aec"
        ],
        "x-ms-correlation-request-id": [
          "63a971b3-dd1b-47c9-9022-846bcfa48aec"
        ],
        "x-ms-routing-request-id": [
          "WESTUS:20170214T210455Z:63a971b3-dd1b-47c9-9022-846bcfa48aec"
        ],
        "Strict-Transport-Security": [
          "max-age=31536000; includeSubDomains"
        ],
        "Cache-Control": [
          "no-cache"
        ],
        "Date": [
          "Tue, 14 Feb 2017 21:04:54 GMT"
        ],
        "Location": [
          "https://management.azure.com/subscriptions/18b0dc06-a2b8-4c0f-95af-550319fa5eac/operationresults/eyJqb2JJZCI6IlJFU09VUkNFR1JPVVBERUxFVElPTkpPQi1PTkVTREsyODIyLVdFU1RVUyIsImpvYkxvY2F0aW9uIjoid2VzdHVzIn0?api-version=2016-02-01"
        ]
      },
      "StatusCode": 202
    },
    {
      "RequestUri": "/subscriptions/18b0dc06-a2b8-4c0f-95af-550319fa5eac/operationresults/eyJqb2JJZCI6IlJFU09VUkNFR1JPVVBERUxFVElPTkpPQi1PTkVTREsyODIyLVdFU1RVUyIsImpvYkxvY2F0aW9uIjoid2VzdHVzIn0?api-version=2016-02-01",
      "EncodedRequestUri": "L3N1YnNjcmlwdGlvbnMvMThiMGRjMDYtYTJiOC00YzBmLTk1YWYtNTUwMzE5ZmE1ZWFjL29wZXJhdGlvbnJlc3VsdHMvZXlKcWIySkpaQ0k2SWxKRlUwOVZVa05GUjFKUFZWQkVSVXhGVkVsUFRrcFBRaTFQVGtWVFJFc3lPREl5TFZkRlUxUlZVeUlzSW1wdllreHZZMkYwYVc5dUlqb2lkMlZ6ZEhWekluMD9hcGktdmVyc2lvbj0yMDE2LTAyLTAx",
      "RequestMethod": "GET",
      "RequestBody": "",
      "RequestHeaders": {
        "x-ms-version": [
          "2016-02-01"
        ],
        "User-Agent": [
          "Microsoft.Azure.Management.Resources.ResourceManagementClient/2.0.0.0"
        ]
      },
      "ResponseBody": "",
      "ResponseHeaders": {
        "Content-Length": [
          "0"
        ],
        "Expires": [
          "-1"
        ],
        "Pragma": [
          "no-cache"
        ],
        "Retry-After": [
          "15"
        ],
        "x-ms-ratelimit-remaining-subscription-reads": [
          "14990"
        ],
        "x-ms-request-id": [
          "120e0a63-df0f-4117-80eb-266bff006340"
        ],
        "x-ms-correlation-request-id": [
          "120e0a63-df0f-4117-80eb-266bff006340"
        ],
        "x-ms-routing-request-id": [
          "WESTUS:20170214T210455Z:120e0a63-df0f-4117-80eb-266bff006340"
        ],
        "Strict-Transport-Security": [
          "max-age=31536000; includeSubDomains"
        ],
        "Cache-Control": [
          "no-cache"
        ],
        "Date": [
          "Tue, 14 Feb 2017 21:04:54 GMT"
        ],
        "Location": [
          "https://management.azure.com/subscriptions/18b0dc06-a2b8-4c0f-95af-550319fa5eac/operationresults/eyJqb2JJZCI6IlJFU09VUkNFR1JPVVBERUxFVElPTkpPQi1PTkVTREsyODIyLVdFU1RVUyIsImpvYkxvY2F0aW9uIjoid2VzdHVzIn0?api-version=2016-02-01"
        ]
      },
      "StatusCode": 202
    },
    {
      "RequestUri": "/subscriptions/18b0dc06-a2b8-4c0f-95af-550319fa5eac/operationresults/eyJqb2JJZCI6IlJFU09VUkNFR1JPVVBERUxFVElPTkpPQi1PTkVTREsyODIyLVdFU1RVUyIsImpvYkxvY2F0aW9uIjoid2VzdHVzIn0?api-version=2016-02-01",
      "EncodedRequestUri": "L3N1YnNjcmlwdGlvbnMvMThiMGRjMDYtYTJiOC00YzBmLTk1YWYtNTUwMzE5ZmE1ZWFjL29wZXJhdGlvbnJlc3VsdHMvZXlKcWIySkpaQ0k2SWxKRlUwOVZVa05GUjFKUFZWQkVSVXhGVkVsUFRrcFBRaTFQVGtWVFJFc3lPREl5TFZkRlUxUlZVeUlzSW1wdllreHZZMkYwYVc5dUlqb2lkMlZ6ZEhWekluMD9hcGktdmVyc2lvbj0yMDE2LTAyLTAx",
      "RequestMethod": "GET",
      "RequestBody": "",
      "RequestHeaders": {
        "x-ms-version": [
          "2016-02-01"
        ],
        "User-Agent": [
          "Microsoft.Azure.Management.Resources.ResourceManagementClient/2.0.0.0"
        ]
      },
      "ResponseBody": "",
      "ResponseHeaders": {
        "Content-Length": [
          "0"
        ],
        "Expires": [
          "-1"
        ],
        "Pragma": [
          "no-cache"
        ],
        "Retry-After": [
          "15"
        ],
        "x-ms-ratelimit-remaining-subscription-reads": [
          "14989"
        ],
        "x-ms-request-id": [
          "67b37096-c4ea-4cb6-a388-b6b446d21c2d"
        ],
        "x-ms-correlation-request-id": [
          "67b37096-c4ea-4cb6-a388-b6b446d21c2d"
        ],
        "x-ms-routing-request-id": [
          "WESTUS:20170214T210510Z:67b37096-c4ea-4cb6-a388-b6b446d21c2d"
        ],
        "Strict-Transport-Security": [
          "max-age=31536000; includeSubDomains"
        ],
        "Cache-Control": [
          "no-cache"
        ],
        "Date": [
          "Tue, 14 Feb 2017 21:05:09 GMT"
        ],
        "Location": [
          "https://management.azure.com/subscriptions/18b0dc06-a2b8-4c0f-95af-550319fa5eac/operationresults/eyJqb2JJZCI6IlJFU09VUkNFR1JPVVBERUxFVElPTkpPQi1PTkVTREsyODIyLVdFU1RVUyIsImpvYkxvY2F0aW9uIjoid2VzdHVzIn0?api-version=2016-02-01"
        ]
      },
      "StatusCode": 202
    },
    {
      "RequestUri": "/subscriptions/18b0dc06-a2b8-4c0f-95af-550319fa5eac/operationresults/eyJqb2JJZCI6IlJFU09VUkNFR1JPVVBERUxFVElPTkpPQi1PTkVTREsyODIyLVdFU1RVUyIsImpvYkxvY2F0aW9uIjoid2VzdHVzIn0?api-version=2016-02-01",
      "EncodedRequestUri": "L3N1YnNjcmlwdGlvbnMvMThiMGRjMDYtYTJiOC00YzBmLTk1YWYtNTUwMzE5ZmE1ZWFjL29wZXJhdGlvbnJlc3VsdHMvZXlKcWIySkpaQ0k2SWxKRlUwOVZVa05GUjFKUFZWQkVSVXhGVkVsUFRrcFBRaTFQVGtWVFJFc3lPREl5TFZkRlUxUlZVeUlzSW1wdllreHZZMkYwYVc5dUlqb2lkMlZ6ZEhWekluMD9hcGktdmVyc2lvbj0yMDE2LTAyLTAx",
      "RequestMethod": "GET",
      "RequestBody": "",
      "RequestHeaders": {
        "x-ms-version": [
          "2016-02-01"
        ],
        "User-Agent": [
          "Microsoft.Azure.Management.Resources.ResourceManagementClient/2.0.0.0"
        ]
      },
      "ResponseBody": "",
      "ResponseHeaders": {
        "Content-Length": [
          "0"
        ],
        "Expires": [
          "-1"
        ],
        "Pragma": [
          "no-cache"
        ],
        "Retry-After": [
          "15"
        ],
        "x-ms-ratelimit-remaining-subscription-reads": [
          "14988"
        ],
        "x-ms-request-id": [
          "d29d78cc-102b-4c64-b7f0-e0d906961d2e"
        ],
        "x-ms-correlation-request-id": [
          "d29d78cc-102b-4c64-b7f0-e0d906961d2e"
        ],
        "x-ms-routing-request-id": [
          "WESTUS:20170214T210525Z:d29d78cc-102b-4c64-b7f0-e0d906961d2e"
        ],
        "Strict-Transport-Security": [
          "max-age=31536000; includeSubDomains"
        ],
        "Cache-Control": [
          "no-cache"
        ],
        "Date": [
          "Tue, 14 Feb 2017 21:05:24 GMT"
        ],
        "Location": [
          "https://management.azure.com/subscriptions/18b0dc06-a2b8-4c0f-95af-550319fa5eac/operationresults/eyJqb2JJZCI6IlJFU09VUkNFR1JPVVBERUxFVElPTkpPQi1PTkVTREsyODIyLVdFU1RVUyIsImpvYkxvY2F0aW9uIjoid2VzdHVzIn0?api-version=2016-02-01"
        ]
      },
      "StatusCode": 202
    },
    {
      "RequestUri": "/subscriptions/18b0dc06-a2b8-4c0f-95af-550319fa5eac/operationresults/eyJqb2JJZCI6IlJFU09VUkNFR1JPVVBERUxFVElPTkpPQi1PTkVTREsyODIyLVdFU1RVUyIsImpvYkxvY2F0aW9uIjoid2VzdHVzIn0?api-version=2016-02-01",
      "EncodedRequestUri": "L3N1YnNjcmlwdGlvbnMvMThiMGRjMDYtYTJiOC00YzBmLTk1YWYtNTUwMzE5ZmE1ZWFjL29wZXJhdGlvbnJlc3VsdHMvZXlKcWIySkpaQ0k2SWxKRlUwOVZVa05GUjFKUFZWQkVSVXhGVkVsUFRrcFBRaTFQVGtWVFJFc3lPREl5TFZkRlUxUlZVeUlzSW1wdllreHZZMkYwYVc5dUlqb2lkMlZ6ZEhWekluMD9hcGktdmVyc2lvbj0yMDE2LTAyLTAx",
      "RequestMethod": "GET",
      "RequestBody": "",
      "RequestHeaders": {
        "x-ms-version": [
          "2016-02-01"
        ],
        "User-Agent": [
          "Microsoft.Azure.Management.Resources.ResourceManagementClient/2.0.0.0"
        ]
      },
      "ResponseBody": "",
      "ResponseHeaders": {
        "Content-Length": [
          "0"
        ],
        "Expires": [
          "-1"
        ],
        "Pragma": [
          "no-cache"
        ],
        "x-ms-ratelimit-remaining-subscription-reads": [
          "14987"
        ],
        "x-ms-request-id": [
          "a16db285-7222-47f7-87f5-39fb2f4d6ad5"
        ],
        "x-ms-correlation-request-id": [
          "a16db285-7222-47f7-87f5-39fb2f4d6ad5"
        ],
        "x-ms-routing-request-id": [
          "WESTUS:20170214T210540Z:a16db285-7222-47f7-87f5-39fb2f4d6ad5"
        ],
        "Strict-Transport-Security": [
          "max-age=31536000; includeSubDomains"
        ],
        "Cache-Control": [
          "no-cache"
        ],
        "Date": [
          "Tue, 14 Feb 2017 21:05:39 GMT"
        ]
      },
      "StatusCode": 200
    }
  ],
  "Names": {
    "Test-ExpressRouteCircuitCRUD": [
      "onesdk2822",
      "onesdk5001"
    ]
  },
  "Variables": {
    "SubscriptionId": "18b0dc06-a2b8-4c0f-95af-550319fa5eac"
  }
}
