{
  "Entries": [
    {
      "RequestUri": "/tenants?api-version=2019-06-01",
      "EncodedRequestUri": "L3RlbmFudHM/YXBpLXZlcnNpb249MjAxOS0wNi0wMQ==",
      "RequestMethod": "GET",
      "RequestBody": "",
      "RequestHeaders": {
        "x-ms-client-request-id": [
          "f530a6aa-4c6d-41d2-a2cd-0f9406c57fa5"
        ],
        "Accept-Language": [
          "en-US"
        ],
        "User-Agent": [
          "FxVersion/4.6.28928.01",
          "OSName/Windows",
          "OSVersion/Microsoft.Windows.10.0.18363.",
          "Microsoft.Azure.Management.ResourceManager.Version2019.06.01.SubscriptionClient/1.3.18"
        ]
      },
      "ResponseHeaders": {
        "Cache-Control": [
          "no-cache"
        ],
        "Pragma": [
          "no-cache"
        ],
        "x-ms-ratelimit-remaining-tenant-reads": [
          "11996"
        ],
        "x-ms-request-id": [
          "0bb98f8a-1176-4325-be33-c650201bc6c5"
        ],
        "x-ms-correlation-request-id": [
          "0bb98f8a-1176-4325-be33-c650201bc6c5"
        ],
        "x-ms-routing-request-id": [
          "EASTASIA:20200713T080603Z:0bb98f8a-1176-4325-be33-c650201bc6c5"
        ],
        "Strict-Transport-Security": [
          "max-age=31536000; includeSubDomains"
        ],
        "X-Content-Type-Options": [
          "nosniff"
        ],
        "Date": [
          "Mon, 13 Jul 2020 08:06:02 GMT"
        ],
        "Content-Type": [
          "application/json; charset=utf-8"
        ],
        "Expires": [
          "-1"
        ],
        "Content-Length": [
          "140"
        ]
      },
      "ResponseBody": "{\r\n  \"value\": [\r\n    {\r\n      \"id\": \"/tenants/72f988bf-86f1-41af-91ab-2d7cd011db47\",\r\n      \"tenantId\": \"72f988bf-86f1-41af-91ab-2d7cd011db47\",\r\n      \"tenantCategory\": \"Home\"\r\n    }\r\n  ]\r\n}",
      "StatusCode": 200
    },
    {
      "RequestUri": "/tenants?api-version=2019-06-01",
      "EncodedRequestUri": "L3RlbmFudHM/YXBpLXZlcnNpb249MjAxOS0wNi0wMQ==",
      "RequestMethod": "GET",
      "RequestBody": "",
      "RequestHeaders": {
        "x-ms-client-request-id": [
          "dc9191cc-bdfc-4596-b52b-3660e20021ed"
        ],
        "Accept-Language": [
          "en-US"
        ],
        "User-Agent": [
          "FxVersion/4.6.28928.01",
          "OSName/Windows",
          "OSVersion/Microsoft.Windows.10.0.18363.",
          "Microsoft.Azure.Management.ResourceManager.Version2019.06.01.SubscriptionClient/1.3.18"
        ]
      },
      "ResponseHeaders": {
        "Cache-Control": [
          "no-cache"
        ],
        "Pragma": [
          "no-cache"
        ],
        "x-ms-ratelimit-remaining-tenant-reads": [
          "11995"
        ],
        "x-ms-request-id": [
          "e868aae7-c160-49b9-9088-9da76ed99980"
        ],
        "x-ms-correlation-request-id": [
          "e868aae7-c160-49b9-9088-9da76ed99980"
        ],
        "x-ms-routing-request-id": [
          "EASTASIA:20200713T080615Z:e868aae7-c160-49b9-9088-9da76ed99980"
        ],
        "Strict-Transport-Security": [
          "max-age=31536000; includeSubDomains"
        ],
        "X-Content-Type-Options": [
          "nosniff"
        ],
        "Date": [
          "Mon, 13 Jul 2020 08:06:15 GMT"
        ],
        "Content-Type": [
          "application/json; charset=utf-8"
        ],
        "Expires": [
          "-1"
        ],
        "Content-Length": [
          "140"
        ]
      },
      "ResponseBody": "{\r\n  \"value\": [\r\n    {\r\n      \"id\": \"/tenants/72f988bf-86f1-41af-91ab-2d7cd011db47\",\r\n      \"tenantId\": \"72f988bf-86f1-41af-91ab-2d7cd011db47\",\r\n      \"tenantCategory\": \"Home\"\r\n    }\r\n  ]\r\n}",
      "StatusCode": 200
    },
    {
      "RequestUri": "/tenants?api-version=2019-06-01",
      "EncodedRequestUri": "L3RlbmFudHM/YXBpLXZlcnNpb249MjAxOS0wNi0wMQ==",
      "RequestMethod": "GET",
      "RequestBody": "",
      "RequestHeaders": {
        "x-ms-client-request-id": [
          "744b26f0-b341-4b1f-b65a-55a4f5af9aa2"
        ],
        "Accept-Language": [
          "en-US"
        ],
        "User-Agent": [
          "FxVersion/4.6.28928.01",
          "OSName/Windows",
          "OSVersion/Microsoft.Windows.10.0.18363.",
          "Microsoft.Azure.Management.ResourceManager.Version2019.06.01.SubscriptionClient/1.3.18"
        ]
      },
      "ResponseHeaders": {
        "Cache-Control": [
          "no-cache"
        ],
        "Pragma": [
          "no-cache"
        ],
        "x-ms-ratelimit-remaining-tenant-reads": [
          "11998"
        ],
        "x-ms-request-id": [
          "9fddf1d5-0753-48cc-b731-976275d6ad7f"
        ],
        "x-ms-correlation-request-id": [
          "9fddf1d5-0753-48cc-b731-976275d6ad7f"
        ],
        "x-ms-routing-request-id": [
          "EASTASIA:20200713T080617Z:9fddf1d5-0753-48cc-b731-976275d6ad7f"
        ],
        "Strict-Transport-Security": [
          "max-age=31536000; includeSubDomains"
        ],
        "X-Content-Type-Options": [
          "nosniff"
        ],
        "Date": [
          "Mon, 13 Jul 2020 08:06:16 GMT"
        ],
        "Content-Type": [
          "application/json; charset=utf-8"
        ],
        "Expires": [
          "-1"
        ],
        "Content-Length": [
          "140"
        ]
      },
      "ResponseBody": "{\r\n  \"value\": [\r\n    {\r\n      \"id\": \"/tenants/72f988bf-86f1-41af-91ab-2d7cd011db47\",\r\n      \"tenantId\": \"72f988bf-86f1-41af-91ab-2d7cd011db47\",\r\n      \"tenantCategory\": \"Home\"\r\n    }\r\n  ]\r\n}",
      "StatusCode": 200
    },
    {
      "RequestUri": "/tenants?api-version=2019-06-01",
      "EncodedRequestUri": "L3RlbmFudHM/YXBpLXZlcnNpb249MjAxOS0wNi0wMQ==",
      "RequestMethod": "GET",
      "RequestBody": "",
      "RequestHeaders": {
        "x-ms-client-request-id": [
          "50f50f23-9e49-4071-a82f-288c9350625f"
        ],
        "Accept-Language": [
          "en-US"
        ],
        "User-Agent": [
          "FxVersion/4.6.28928.01",
          "OSName/Windows",
          "OSVersion/Microsoft.Windows.10.0.18363.",
          "Microsoft.Azure.Management.ResourceManager.Version2019.06.01.SubscriptionClient/1.3.18"
        ]
      },
      "ResponseHeaders": {
        "Cache-Control": [
          "no-cache"
        ],
        "Pragma": [
          "no-cache"
        ],
        "x-ms-ratelimit-remaining-tenant-reads": [
          "11998"
        ],
        "x-ms-request-id": [
          "afe65f06-7661-469d-99cc-0dd2bea53321"
        ],
        "x-ms-correlation-request-id": [
          "afe65f06-7661-469d-99cc-0dd2bea53321"
        ],
        "x-ms-routing-request-id": [
          "EASTASIA:20200713T080623Z:afe65f06-7661-469d-99cc-0dd2bea53321"
        ],
        "Strict-Transport-Security": [
          "max-age=31536000; includeSubDomains"
        ],
        "X-Content-Type-Options": [
          "nosniff"
        ],
        "Date": [
          "Mon, 13 Jul 2020 08:06:23 GMT"
        ],
        "Content-Type": [
          "application/json; charset=utf-8"
        ],
        "Expires": [
          "-1"
        ],
        "Content-Length": [
          "140"
        ]
      },
      "ResponseBody": "{\r\n  \"value\": [\r\n    {\r\n      \"id\": \"/tenants/72f988bf-86f1-41af-91ab-2d7cd011db47\",\r\n      \"tenantId\": \"72f988bf-86f1-41af-91ab-2d7cd011db47\",\r\n      \"tenantCategory\": \"Home\"\r\n    }\r\n  ]\r\n}",
      "StatusCode": 200
    },
    {
      "RequestUri": "/tenants?api-version=2019-06-01",
      "EncodedRequestUri": "L3RlbmFudHM/YXBpLXZlcnNpb249MjAxOS0wNi0wMQ==",
      "RequestMethod": "GET",
      "RequestBody": "",
      "RequestHeaders": {
        "x-ms-client-request-id": [
          "a54ee24c-ff2b-46a7-b7bd-491f87aae7cb"
        ],
        "Accept-Language": [
          "en-US"
        ],
        "User-Agent": [
          "FxVersion/4.6.28928.01",
          "OSName/Windows",
          "OSVersion/Microsoft.Windows.10.0.18363.",
          "Microsoft.Azure.Management.ResourceManager.Version2019.06.01.SubscriptionClient/1.3.18"
        ]
      },
      "ResponseHeaders": {
        "Cache-Control": [
          "no-cache"
        ],
        "Pragma": [
          "no-cache"
        ],
        "x-ms-ratelimit-remaining-tenant-reads": [
          "11997"
        ],
        "x-ms-request-id": [
          "c27dd57a-7c11-4454-b0ce-efdd6c71b3f5"
        ],
        "x-ms-correlation-request-id": [
          "c27dd57a-7c11-4454-b0ce-efdd6c71b3f5"
        ],
        "x-ms-routing-request-id": [
          "EASTASIA:20200713T080628Z:c27dd57a-7c11-4454-b0ce-efdd6c71b3f5"
        ],
        "Strict-Transport-Security": [
          "max-age=31536000; includeSubDomains"
        ],
        "X-Content-Type-Options": [
          "nosniff"
        ],
        "Date": [
          "Mon, 13 Jul 2020 08:06:28 GMT"
        ],
        "Content-Type": [
          "application/json; charset=utf-8"
        ],
        "Expires": [
          "-1"
        ],
        "Content-Length": [
          "140"
        ]
      },
      "ResponseBody": "{\r\n  \"value\": [\r\n    {\r\n      \"id\": \"/tenants/72f988bf-86f1-41af-91ab-2d7cd011db47\",\r\n      \"tenantId\": \"72f988bf-86f1-41af-91ab-2d7cd011db47\",\r\n      \"tenantCategory\": \"Home\"\r\n    }\r\n  ]\r\n}",
      "StatusCode": 200
    },
    {
      "RequestUri": "/tenants?api-version=2019-06-01",
      "EncodedRequestUri": "L3RlbmFudHM/YXBpLXZlcnNpb249MjAxOS0wNi0wMQ==",
      "RequestMethod": "GET",
      "RequestBody": "",
      "RequestHeaders": {
        "x-ms-client-request-id": [
          "909a2a7d-2d4d-4693-8ced-1a655b622d61"
        ],
        "Accept-Language": [
          "en-US"
        ],
        "User-Agent": [
          "FxVersion/4.6.28928.01",
          "OSName/Windows",
          "OSVersion/Microsoft.Windows.10.0.18363.",
          "Microsoft.Azure.Management.ResourceManager.Version2019.06.01.SubscriptionClient/1.3.18"
        ]
      },
      "ResponseHeaders": {
        "Cache-Control": [
          "no-cache"
        ],
        "Pragma": [
          "no-cache"
        ],
        "x-ms-ratelimit-remaining-tenant-reads": [
          "11994"
        ],
        "x-ms-request-id": [
          "db64fbd2-5eb1-4408-bd78-46998e21b8ce"
        ],
        "x-ms-correlation-request-id": [
          "db64fbd2-5eb1-4408-bd78-46998e21b8ce"
        ],
        "x-ms-routing-request-id": [
          "EASTASIA:20200713T080630Z:db64fbd2-5eb1-4408-bd78-46998e21b8ce"
        ],
        "Strict-Transport-Security": [
          "max-age=31536000; includeSubDomains"
        ],
        "X-Content-Type-Options": [
          "nosniff"
        ],
        "Date": [
          "Mon, 13 Jul 2020 08:06:30 GMT"
        ],
        "Content-Type": [
          "application/json; charset=utf-8"
        ],
        "Expires": [
          "-1"
        ],
        "Content-Length": [
          "140"
        ]
      },
      "ResponseBody": "{\r\n  \"value\": [\r\n    {\r\n      \"id\": \"/tenants/72f988bf-86f1-41af-91ab-2d7cd011db47\",\r\n      \"tenantId\": \"72f988bf-86f1-41af-91ab-2d7cd011db47\",\r\n      \"tenantCategory\": \"Home\"\r\n    }\r\n  ]\r\n}",
      "StatusCode": 200
    },
    {
      "RequestUri": "/subscriptions?api-version=2019-06-01",
      "EncodedRequestUri": "L3N1YnNjcmlwdGlvbnM/YXBpLXZlcnNpb249MjAxOS0wNi0wMQ==",
      "RequestMethod": "GET",
      "RequestBody": "",
      "RequestHeaders": {
        "x-ms-client-request-id": [
          "cb06321b-baa5-4b19-9375-dc8313e6eb28"
        ],
        "Accept-Language": [
          "en-US"
        ],
        "User-Agent": [
          "FxVersion/4.6.28928.01",
          "OSName/Windows",
          "OSVersion/Microsoft.Windows.10.0.18363.",
          "Microsoft.Azure.Management.ResourceManager.Version2019.06.01.SubscriptionClient/1.3.18"
        ]
      },
      "ResponseHeaders": {
        "Cache-Control": [
          "no-cache"
        ],
        "Pragma": [
          "no-cache"
        ],
        "x-ms-ratelimit-remaining-tenant-reads": [
          "11997"
        ],
        "x-ms-request-id": [
          "e5303e5f-90f2-4bbe-b613-a2bd3f8e6d22"
        ],
        "x-ms-correlation-request-id": [
          "e5303e5f-90f2-4bbe-b613-a2bd3f8e6d22"
        ],
        "x-ms-routing-request-id": [
          "EASTASIA:20200713T080605Z:e5303e5f-90f2-4bbe-b613-a2bd3f8e6d22"
        ],
        "Strict-Transport-Security": [
          "max-age=31536000; includeSubDomains"
        ],
        "X-Content-Type-Options": [
          "nosniff"
        ],
        "Date": [
          "Mon, 13 Jul 2020 08:06:05 GMT"
        ],
        "Content-Type": [
          "application/json; charset=utf-8"
        ],
        "Expires": [
          "-1"
        ],
        "Content-Length": [
          "908"
        ]
      },
      "ResponseBody": "{\r\n  \"value\": [\r\n    {\r\n      \"id\": \"/subscriptions/c9cbd920-c00c-427c-852b-8aaf38badaeb\",\r\n      \"authorizationSource\": \"RoleBased\",\r\n      \"managedByTenants\": [\r\n        {\r\n          \"tenantId\": \"2f4a9838-26b7-47ee-be60-ccc1fdec5953\"\r\n        }\r\n      ],\r\n      \"subscriptionId\": \"c9cbd920-c00c-427c-852b-8aaf38badaeb\",\r\n      \"tenantId\": \"72f988bf-86f1-41af-91ab-2d7cd011db47\",\r\n      \"displayName\": \"Azure SDK Powershell Test\",\r\n      \"state\": \"Enabled\",\r\n      \"subscriptionPolicies\": {\r\n        \"locationPlacementId\": \"Internal_2014-09-01\",\r\n        \"quotaId\": \"Internal_2014-09-01\",\r\n        \"spendingLimit\": \"Off\"\r\n      }\r\n    },\r\n    {\r\n      \"id\": \"/subscriptions/6b085460-5f21-477e-ba44-1035046e9101\",\r\n      \"authorizationSource\": \"RoleBased\",\r\n      \"managedByTenants\": [],\r\n      \"subscriptionId\": \"6b085460-5f21-477e-ba44-1035046e9101\",\r\n      \"tenantId\": \"72f988bf-86f1-41af-91ab-2d7cd011db47\",\r\n      \"displayName\": \"Azure SDK Infrastructure\",\r\n      \"state\": \"Enabled\",\r\n      \"subscriptionPolicies\": {\r\n        \"locationPlacementId\": \"Internal_2014-09-01\",\r\n        \"quotaId\": \"Internal_2014-09-01\",\r\n        \"spendingLimit\": \"Off\"\r\n      }\r\n    }\r\n  ],\r\n  \"count\": {\r\n    \"type\": \"Total\",\r\n    \"value\": 2\r\n  }\r\n}",
      "StatusCode": 200
    },
    {
      "RequestUri": "/subscriptions?api-version=2019-06-01",
      "EncodedRequestUri": "L3N1YnNjcmlwdGlvbnM/YXBpLXZlcnNpb249MjAxOS0wNi0wMQ==",
      "RequestMethod": "GET",
      "RequestBody": "",
      "RequestHeaders": {
        "x-ms-client-request-id": [
          "251f7c52-7c00-4e64-a47d-7eadb9ea1961"
        ],
        "Accept-Language": [
          "en-US"
        ],
        "User-Agent": [
          "FxVersion/4.6.28928.01",
          "OSName/Windows",
          "OSVersion/Microsoft.Windows.10.0.18363.",
          "Microsoft.Azure.Management.ResourceManager.Version2019.06.01.SubscriptionClient/1.3.18"
        ]
      },
      "ResponseHeaders": {
        "Cache-Control": [
          "no-cache"
        ],
        "Pragma": [
          "no-cache"
        ],
        "x-ms-ratelimit-remaining-tenant-reads": [
          "11998"
        ],
        "x-ms-request-id": [
          "8894ad36-37a0-4531-86b0-a65ec3abe780"
        ],
        "x-ms-correlation-request-id": [
          "8894ad36-37a0-4531-86b0-a65ec3abe780"
        ],
        "x-ms-routing-request-id": [
          "EASTASIA:20200713T080616Z:8894ad36-37a0-4531-86b0-a65ec3abe780"
        ],
        "Strict-Transport-Security": [
          "max-age=31536000; includeSubDomains"
        ],
        "X-Content-Type-Options": [
          "nosniff"
        ],
        "Date": [
          "Mon, 13 Jul 2020 08:06:16 GMT"
        ],
        "Content-Type": [
          "application/json; charset=utf-8"
        ],
        "Expires": [
          "-1"
        ],
        "Content-Length": [
          "908"
        ]
      },
      "ResponseBody": "{\r\n  \"value\": [\r\n    {\r\n      \"id\": \"/subscriptions/c9cbd920-c00c-427c-852b-8aaf38badaeb\",\r\n      \"authorizationSource\": \"RoleBased\",\r\n      \"managedByTenants\": [\r\n        {\r\n          \"tenantId\": \"2f4a9838-26b7-47ee-be60-ccc1fdec5953\"\r\n        }\r\n      ],\r\n      \"subscriptionId\": \"c9cbd920-c00c-427c-852b-8aaf38badaeb\",\r\n      \"tenantId\": \"72f988bf-86f1-41af-91ab-2d7cd011db47\",\r\n      \"displayName\": \"Azure SDK Powershell Test\",\r\n      \"state\": \"Enabled\",\r\n      \"subscriptionPolicies\": {\r\n        \"locationPlacementId\": \"Internal_2014-09-01\",\r\n        \"quotaId\": \"Internal_2014-09-01\",\r\n        \"spendingLimit\": \"Off\"\r\n      }\r\n    },\r\n    {\r\n      \"id\": \"/subscriptions/6b085460-5f21-477e-ba44-1035046e9101\",\r\n      \"authorizationSource\": \"RoleBased\",\r\n      \"managedByTenants\": [],\r\n      \"subscriptionId\": \"6b085460-5f21-477e-ba44-1035046e9101\",\r\n      \"tenantId\": \"72f988bf-86f1-41af-91ab-2d7cd011db47\",\r\n      \"displayName\": \"Azure SDK Infrastructure\",\r\n      \"state\": \"Enabled\",\r\n      \"subscriptionPolicies\": {\r\n        \"locationPlacementId\": \"Internal_2014-09-01\",\r\n        \"quotaId\": \"Internal_2014-09-01\",\r\n        \"spendingLimit\": \"Off\"\r\n      }\r\n    }\r\n  ],\r\n  \"count\": {\r\n    \"type\": \"Total\",\r\n    \"value\": 2\r\n  }\r\n}",
      "StatusCode": 200
    },
    {
      "RequestUri": "/subscriptions?api-version=2019-06-01",
      "EncodedRequestUri": "L3N1YnNjcmlwdGlvbnM/YXBpLXZlcnNpb249MjAxOS0wNi0wMQ==",
      "RequestMethod": "GET",
      "RequestBody": "",
      "RequestHeaders": {
        "x-ms-client-request-id": [
          "c48fcb01-7ad7-4e48-9af1-8f40ce796b2c"
        ],
        "Accept-Language": [
          "en-US"
        ],
        "User-Agent": [
          "FxVersion/4.6.28928.01",
          "OSName/Windows",
          "OSVersion/Microsoft.Windows.10.0.18363.",
          "Microsoft.Azure.Management.ResourceManager.Version2019.06.01.SubscriptionClient/1.3.18"
        ]
      },
      "ResponseHeaders": {
        "Cache-Control": [
          "no-cache"
        ],
        "Pragma": [
          "no-cache"
        ],
        "x-ms-ratelimit-remaining-tenant-reads": [
          "11998"
        ],
        "x-ms-request-id": [
          "f9d7cb7b-f21a-461d-8591-c2483d89e1ec"
        ],
        "x-ms-correlation-request-id": [
          "f9d7cb7b-f21a-461d-8591-c2483d89e1ec"
        ],
        "x-ms-routing-request-id": [
          "EASTASIA:20200713T080620Z:f9d7cb7b-f21a-461d-8591-c2483d89e1ec"
        ],
        "Strict-Transport-Security": [
          "max-age=31536000; includeSubDomains"
        ],
        "X-Content-Type-Options": [
          "nosniff"
        ],
        "Date": [
          "Mon, 13 Jul 2020 08:06:20 GMT"
        ],
        "Content-Type": [
          "application/json; charset=utf-8"
        ],
        "Expires": [
          "-1"
        ],
        "Content-Length": [
          "908"
        ]
      },
      "ResponseBody": "{\r\n  \"value\": [\r\n    {\r\n      \"id\": \"/subscriptions/c9cbd920-c00c-427c-852b-8aaf38badaeb\",\r\n      \"authorizationSource\": \"RoleBased\",\r\n      \"managedByTenants\": [\r\n        {\r\n          \"tenantId\": \"2f4a9838-26b7-47ee-be60-ccc1fdec5953\"\r\n        }\r\n      ],\r\n      \"subscriptionId\": \"c9cbd920-c00c-427c-852b-8aaf38badaeb\",\r\n      \"tenantId\": \"72f988bf-86f1-41af-91ab-2d7cd011db47\",\r\n      \"displayName\": \"Azure SDK Powershell Test\",\r\n      \"state\": \"Enabled\",\r\n      \"subscriptionPolicies\": {\r\n        \"locationPlacementId\": \"Internal_2014-09-01\",\r\n        \"quotaId\": \"Internal_2014-09-01\",\r\n        \"spendingLimit\": \"Off\"\r\n      }\r\n    },\r\n    {\r\n      \"id\": \"/subscriptions/6b085460-5f21-477e-ba44-1035046e9101\",\r\n      \"authorizationSource\": \"RoleBased\",\r\n      \"managedByTenants\": [],\r\n      \"subscriptionId\": \"6b085460-5f21-477e-ba44-1035046e9101\",\r\n      \"tenantId\": \"72f988bf-86f1-41af-91ab-2d7cd011db47\",\r\n      \"displayName\": \"Azure SDK Infrastructure\",\r\n      \"state\": \"Enabled\",\r\n      \"subscriptionPolicies\": {\r\n        \"locationPlacementId\": \"Internal_2014-09-01\",\r\n        \"quotaId\": \"Internal_2014-09-01\",\r\n        \"spendingLimit\": \"Off\"\r\n      }\r\n    }\r\n  ],\r\n  \"count\": {\r\n    \"type\": \"Total\",\r\n    \"value\": 2\r\n  }\r\n}",
      "StatusCode": 200
    },
    {
      "RequestUri": "/subscriptions?api-version=2019-06-01",
      "EncodedRequestUri": "L3N1YnNjcmlwdGlvbnM/YXBpLXZlcnNpb249MjAxOS0wNi0wMQ==",
      "RequestMethod": "GET",
      "RequestBody": "",
      "RequestHeaders": {
        "x-ms-client-request-id": [
          "a1c0c62e-1c1b-4049-83e1-dabe87eb4d3f"
        ],
        "Accept-Language": [
          "en-US"
        ],
        "User-Agent": [
          "FxVersion/4.6.28928.01",
          "OSName/Windows",
          "OSVersion/Microsoft.Windows.10.0.18363.",
          "Microsoft.Azure.Management.ResourceManager.Version2019.06.01.SubscriptionClient/1.3.18"
        ]
      },
      "ResponseHeaders": {
        "Cache-Control": [
          "no-cache"
        ],
        "Pragma": [
          "no-cache"
        ],
        "x-ms-ratelimit-remaining-tenant-reads": [
          "11996"
        ],
        "x-ms-request-id": [
          "e801bcc7-50ec-4f12-99b8-6413d2ec6ba5"
        ],
        "x-ms-correlation-request-id": [
          "e801bcc7-50ec-4f12-99b8-6413d2ec6ba5"
        ],
        "x-ms-routing-request-id": [
          "EASTASIA:20200713T080624Z:e801bcc7-50ec-4f12-99b8-6413d2ec6ba5"
        ],
        "Strict-Transport-Security": [
          "max-age=31536000; includeSubDomains"
        ],
        "X-Content-Type-Options": [
          "nosniff"
        ],
        "Date": [
          "Mon, 13 Jul 2020 08:06:23 GMT"
        ],
        "Content-Type": [
          "application/json; charset=utf-8"
        ],
        "Expires": [
          "-1"
        ],
        "Content-Length": [
          "908"
        ]
      },
      "ResponseBody": "{\r\n  \"value\": [\r\n    {\r\n      \"id\": \"/subscriptions/c9cbd920-c00c-427c-852b-8aaf38badaeb\",\r\n      \"authorizationSource\": \"RoleBased\",\r\n      \"managedByTenants\": [\r\n        {\r\n          \"tenantId\": \"2f4a9838-26b7-47ee-be60-ccc1fdec5953\"\r\n        }\r\n      ],\r\n      \"subscriptionId\": \"c9cbd920-c00c-427c-852b-8aaf38badaeb\",\r\n      \"tenantId\": \"72f988bf-86f1-41af-91ab-2d7cd011db47\",\r\n      \"displayName\": \"Azure SDK Powershell Test\",\r\n      \"state\": \"Enabled\",\r\n      \"subscriptionPolicies\": {\r\n        \"locationPlacementId\": \"Internal_2014-09-01\",\r\n        \"quotaId\": \"Internal_2014-09-01\",\r\n        \"spendingLimit\": \"Off\"\r\n      }\r\n    },\r\n    {\r\n      \"id\": \"/subscriptions/6b085460-5f21-477e-ba44-1035046e9101\",\r\n      \"authorizationSource\": \"RoleBased\",\r\n      \"managedByTenants\": [],\r\n      \"subscriptionId\": \"6b085460-5f21-477e-ba44-1035046e9101\",\r\n      \"tenantId\": \"72f988bf-86f1-41af-91ab-2d7cd011db47\",\r\n      \"displayName\": \"Azure SDK Infrastructure\",\r\n      \"state\": \"Enabled\",\r\n      \"subscriptionPolicies\": {\r\n        \"locationPlacementId\": \"Internal_2014-09-01\",\r\n        \"quotaId\": \"Internal_2014-09-01\",\r\n        \"spendingLimit\": \"Off\"\r\n      }\r\n    }\r\n  ],\r\n  \"count\": {\r\n    \"type\": \"Total\",\r\n    \"value\": 2\r\n  }\r\n}",
      "StatusCode": 200
    },
    {
      "RequestUri": "/subscriptions?api-version=2019-06-01",
      "EncodedRequestUri": "L3N1YnNjcmlwdGlvbnM/YXBpLXZlcnNpb249MjAxOS0wNi0wMQ==",
      "RequestMethod": "GET",
      "RequestBody": "",
      "RequestHeaders": {
        "x-ms-client-request-id": [
          "65d3a087-3647-4b7f-b534-bc2a53b74e24"
        ],
        "Accept-Language": [
          "en-US"
        ],
        "User-Agent": [
          "FxVersion/4.6.28928.01",
          "OSName/Windows",
          "OSVersion/Microsoft.Windows.10.0.18363.",
          "Microsoft.Azure.Management.ResourceManager.Version2019.06.01.SubscriptionClient/1.3.18"
        ]
      },
      "ResponseHeaders": {
        "Cache-Control": [
          "no-cache"
        ],
        "Pragma": [
          "no-cache"
        ],
        "x-ms-ratelimit-remaining-tenant-reads": [
          "11995"
        ],
        "x-ms-request-id": [
          "f28f9f40-a973-4bd8-9939-60b215d07451"
        ],
        "x-ms-correlation-request-id": [
          "f28f9f40-a973-4bd8-9939-60b215d07451"
        ],
        "x-ms-routing-request-id": [
          "EASTASIA:20200713T080629Z:f28f9f40-a973-4bd8-9939-60b215d07451"
        ],
        "Strict-Transport-Security": [
          "max-age=31536000; includeSubDomains"
        ],
        "X-Content-Type-Options": [
          "nosniff"
        ],
        "Date": [
          "Mon, 13 Jul 2020 08:06:28 GMT"
        ],
        "Content-Type": [
          "application/json; charset=utf-8"
        ],
        "Expires": [
          "-1"
        ],
        "Content-Length": [
          "908"
        ]
      },
      "ResponseBody": "{\r\n  \"value\": [\r\n    {\r\n      \"id\": \"/subscriptions/c9cbd920-c00c-427c-852b-8aaf38badaeb\",\r\n      \"authorizationSource\": \"RoleBased\",\r\n      \"managedByTenants\": [\r\n        {\r\n          \"tenantId\": \"2f4a9838-26b7-47ee-be60-ccc1fdec5953\"\r\n        }\r\n      ],\r\n      \"subscriptionId\": \"c9cbd920-c00c-427c-852b-8aaf38badaeb\",\r\n      \"tenantId\": \"72f988bf-86f1-41af-91ab-2d7cd011db47\",\r\n      \"displayName\": \"Azure SDK Powershell Test\",\r\n      \"state\": \"Enabled\",\r\n      \"subscriptionPolicies\": {\r\n        \"locationPlacementId\": \"Internal_2014-09-01\",\r\n        \"quotaId\": \"Internal_2014-09-01\",\r\n        \"spendingLimit\": \"Off\"\r\n      }\r\n    },\r\n    {\r\n      \"id\": \"/subscriptions/6b085460-5f21-477e-ba44-1035046e9101\",\r\n      \"authorizationSource\": \"RoleBased\",\r\n      \"managedByTenants\": [],\r\n      \"subscriptionId\": \"6b085460-5f21-477e-ba44-1035046e9101\",\r\n      \"tenantId\": \"72f988bf-86f1-41af-91ab-2d7cd011db47\",\r\n      \"displayName\": \"Azure SDK Infrastructure\",\r\n      \"state\": \"Enabled\",\r\n      \"subscriptionPolicies\": {\r\n        \"locationPlacementId\": \"Internal_2014-09-01\",\r\n        \"quotaId\": \"Internal_2014-09-01\",\r\n        \"spendingLimit\": \"Off\"\r\n      }\r\n    }\r\n  ],\r\n  \"count\": {\r\n    \"type\": \"Total\",\r\n    \"value\": 2\r\n  }\r\n}",
      "StatusCode": 200
    },
    {
      "RequestUri": "/subscriptions?api-version=2019-06-01",
      "EncodedRequestUri": "L3N1YnNjcmlwdGlvbnM/YXBpLXZlcnNpb249MjAxOS0wNi0wMQ==",
      "RequestMethod": "GET",
      "RequestBody": "",
      "RequestHeaders": {
        "x-ms-client-request-id": [
          "ca236654-dfc0-4dba-af16-581f9b7b3b17"
        ],
        "Accept-Language": [
          "en-US"
        ],
        "User-Agent": [
          "FxVersion/4.6.28928.01",
          "OSName/Windows",
          "OSVersion/Microsoft.Windows.10.0.18363.",
          "Microsoft.Azure.Management.ResourceManager.Version2019.06.01.SubscriptionClient/1.3.18"
        ]
      },
      "ResponseHeaders": {
        "Cache-Control": [
          "no-cache"
        ],
        "Pragma": [
          "no-cache"
        ],
        "x-ms-ratelimit-remaining-tenant-reads": [
          "11998"
        ],
        "x-ms-request-id": [
          "827dbfe5-26b0-4355-bb49-0465c0a5461b"
        ],
        "x-ms-correlation-request-id": [
          "827dbfe5-26b0-4355-bb49-0465c0a5461b"
        ],
        "x-ms-routing-request-id": [
          "EASTASIA:20200713T080634Z:827dbfe5-26b0-4355-bb49-0465c0a5461b"
        ],
        "Strict-Transport-Security": [
          "max-age=31536000; includeSubDomains"
        ],
        "X-Content-Type-Options": [
          "nosniff"
        ],
        "Date": [
          "Mon, 13 Jul 2020 08:06:34 GMT"
        ],
        "Content-Type": [
          "application/json; charset=utf-8"
        ],
        "Expires": [
          "-1"
        ],
        "Content-Length": [
          "908"
        ]
      },
      "ResponseBody": "{\r\n  \"value\": [\r\n    {\r\n      \"id\": \"/subscriptions/c9cbd920-c00c-427c-852b-8aaf38badaeb\",\r\n      \"authorizationSource\": \"RoleBased\",\r\n      \"managedByTenants\": [\r\n        {\r\n          \"tenantId\": \"2f4a9838-26b7-47ee-be60-ccc1fdec5953\"\r\n        }\r\n      ],\r\n      \"subscriptionId\": \"c9cbd920-c00c-427c-852b-8aaf38badaeb\",\r\n      \"tenantId\": \"72f988bf-86f1-41af-91ab-2d7cd011db47\",\r\n      \"displayName\": \"Azure SDK Powershell Test\",\r\n      \"state\": \"Enabled\",\r\n      \"subscriptionPolicies\": {\r\n        \"locationPlacementId\": \"Internal_2014-09-01\",\r\n        \"quotaId\": \"Internal_2014-09-01\",\r\n        \"spendingLimit\": \"Off\"\r\n      }\r\n    },\r\n    {\r\n      \"id\": \"/subscriptions/6b085460-5f21-477e-ba44-1035046e9101\",\r\n      \"authorizationSource\": \"RoleBased\",\r\n      \"managedByTenants\": [],\r\n      \"subscriptionId\": \"6b085460-5f21-477e-ba44-1035046e9101\",\r\n      \"tenantId\": \"72f988bf-86f1-41af-91ab-2d7cd011db47\",\r\n      \"displayName\": \"Azure SDK Infrastructure\",\r\n      \"state\": \"Enabled\",\r\n      \"subscriptionPolicies\": {\r\n        \"locationPlacementId\": \"Internal_2014-09-01\",\r\n        \"quotaId\": \"Internal_2014-09-01\",\r\n        \"spendingLimit\": \"Off\"\r\n      }\r\n    }\r\n  ],\r\n  \"count\": {\r\n    \"type\": \"Total\",\r\n    \"value\": 2\r\n  }\r\n}",
      "StatusCode": 200
    }
  ],
  "Names": {},
  "Variables": {
    "SubscriptionId": "6b085460-5f21-477e-ba44-1035046e9101"
  }
}