{
  "Entries": [
    {
      "RequestUri": "/tenants?api-version=2019-06-01",
      "EncodedRequestUri": "L3RlbmFudHM/YXBpLXZlcnNpb249MjAxOS0wNi0wMQ==",
      "RequestMethod": "GET",
      "RequestBody": "",
      "RequestHeaders": {
        "x-ms-client-request-id": [
          "1d9e36a4-6ef4-4a78-a2a4-1458ce27defa"
        ],
        "Accept-Language": [
          "en-US"
        ],
        "User-Agent": [
          "FxVersion/4.6.28928.01",
          "OSName/Windows",
          "OSVersion/Microsoft.Windows.10.0.18363.",
          "Microsoft.Azure.Management.ResourceManager.Version2019.06.01.SubscriptionClient/1.3.18"
        ]
      },
      "ResponseHeaders": {
        "Cache-Control": [
          "no-cache"
        ],
        "Pragma": [
          "no-cache"
        ],
        "x-ms-ratelimit-remaining-tenant-reads": [
          "11974"
        ],
        "x-ms-request-id": [
          "d08a3b2d-5230-4092-abb3-abf81adbacab"
        ],
        "x-ms-correlation-request-id": [
          "d08a3b2d-5230-4092-abb3-abf81adbacab"
        ],
        "x-ms-routing-request-id": [
          "KOREASOUTH:20200713T081658Z:d08a3b2d-5230-4092-abb3-abf81adbacab"
        ],
        "Strict-Transport-Security": [
          "max-age=31536000; includeSubDomains"
        ],
        "X-Content-Type-Options": [
          "nosniff"
        ],
        "Date": [
          "Mon, 13 Jul 2020 08:16:57 GMT"
        ],
        "Content-Type": [
          "application/json; charset=utf-8"
        ],
        "Expires": [
          "-1"
        ],
        "Content-Length": [
          "140"
        ]
      },
      "ResponseBody": "{\r\n  \"value\": [\r\n    {\r\n      \"id\": \"/tenants/72f988bf-86f1-41af-91ab-2d7cd011db47\",\r\n      \"tenantId\": \"72f988bf-86f1-41af-91ab-2d7cd011db47\",\r\n      \"tenantCategory\": \"Home\"\r\n    }\r\n  ]\r\n}",
      "StatusCode": 200
    },
    {
      "RequestUri": "/subscriptions?api-version=2019-06-01",
      "EncodedRequestUri": "L3N1YnNjcmlwdGlvbnM/YXBpLXZlcnNpb249MjAxOS0wNi0wMQ==",
      "RequestMethod": "GET",
      "RequestBody": "",
      "RequestHeaders": {
        "x-ms-client-request-id": [
          "cc4e20f5-d294-4e15-ba90-f202adb2745c"
        ],
        "Accept-Language": [
          "en-US"
        ],
        "User-Agent": [
          "FxVersion/4.6.28928.01",
          "OSName/Windows",
          "OSVersion/Microsoft.Windows.10.0.18363.",
          "Microsoft.Azure.Management.ResourceManager.Version2019.06.01.SubscriptionClient/1.3.18"
        ]
      },
      "ResponseHeaders": {
        "Cache-Control": [
          "no-cache"
        ],
        "Pragma": [
          "no-cache"
        ],
        "x-ms-ratelimit-remaining-tenant-reads": [
          "11976"
        ],
        "x-ms-request-id": [
          "12c89e1d-18a4-470e-9377-d6a0f070cc9c"
        ],
        "x-ms-correlation-request-id": [
          "12c89e1d-18a4-470e-9377-d6a0f070cc9c"
        ],
        "x-ms-routing-request-id": [
          "KOREASOUTH:20200713T081659Z:12c89e1d-18a4-470e-9377-d6a0f070cc9c"
        ],
        "Strict-Transport-Security": [
          "max-age=31536000; includeSubDomains"
        ],
        "X-Content-Type-Options": [
          "nosniff"
        ],
        "Date": [
          "Mon, 13 Jul 2020 08:16:58 GMT"
        ],
        "Content-Type": [
          "application/json; charset=utf-8"
        ],
        "Expires": [
          "-1"
        ],
        "Content-Length": [
          "908"
        ]
      },
      "ResponseBody": "{\r\n  \"value\": [\r\n    {\r\n      \"id\": \"/subscriptions/c9cbd920-c00c-427c-852b-8aaf38badaeb\",\r\n      \"authorizationSource\": \"RoleBased\",\r\n      \"managedByTenants\": [\r\n        {\r\n          \"tenantId\": \"2f4a9838-26b7-47ee-be60-ccc1fdec5953\"\r\n        }\r\n      ],\r\n      \"subscriptionId\": \"c9cbd920-c00c-427c-852b-8aaf38badaeb\",\r\n      \"tenantId\": \"72f988bf-86f1-41af-91ab-2d7cd011db47\",\r\n      \"displayName\": \"Azure SDK Powershell Test\",\r\n      \"state\": \"Enabled\",\r\n      \"subscriptionPolicies\": {\r\n        \"locationPlacementId\": \"Internal_2014-09-01\",\r\n        \"quotaId\": \"Internal_2014-09-01\",\r\n        \"spendingLimit\": \"Off\"\r\n      }\r\n    },\r\n    {\r\n      \"id\": \"/subscriptions/6b085460-5f21-477e-ba44-1035046e9101\",\r\n      \"authorizationSource\": \"RoleBased\",\r\n      \"managedByTenants\": [],\r\n      \"subscriptionId\": \"6b085460-5f21-477e-ba44-1035046e9101\",\r\n      \"tenantId\": \"72f988bf-86f1-41af-91ab-2d7cd011db47\",\r\n      \"displayName\": \"Azure SDK Infrastructure\",\r\n      \"state\": \"Enabled\",\r\n      \"subscriptionPolicies\": {\r\n        \"locationPlacementId\": \"Internal_2014-09-01\",\r\n        \"quotaId\": \"Internal_2014-09-01\",\r\n        \"spendingLimit\": \"Off\"\r\n      }\r\n    }\r\n  ],\r\n  \"count\": {\r\n    \"type\": \"Total\",\r\n    \"value\": 2\r\n  }\r\n}",
      "StatusCode": 200
    },
    {
      "RequestUri": "/subscriptions?api-version=2019-06-01",
      "EncodedRequestUri": "L3N1YnNjcmlwdGlvbnM/YXBpLXZlcnNpb249MjAxOS0wNi0wMQ==",
      "RequestMethod": "GET",
      "RequestBody": "",
      "RequestHeaders": {
        "x-ms-client-request-id": [
          "b2d0029c-46e0-4e67-8e8c-9dba39e505d9"
        ],
        "Accept-Language": [
          "en-US"
        ],
        "User-Agent": [
          "FxVersion/4.6.28928.01",
          "OSName/Windows",
          "OSVersion/Microsoft.Windows.10.0.18363.",
          "Microsoft.Azure.Management.ResourceManager.Version2019.06.01.SubscriptionClient/1.3.18"
        ]
      },
      "ResponseHeaders": {
        "Cache-Control": [
          "no-cache"
        ],
        "Pragma": [
          "no-cache"
        ],
        "x-ms-ratelimit-remaining-tenant-reads": [
          "11980"
        ],
        "x-ms-request-id": [
          "3fc69063-02fe-43e0-b39b-cf7b45097093"
        ],
        "x-ms-correlation-request-id": [
          "3fc69063-02fe-43e0-b39b-cf7b45097093"
        ],
        "x-ms-routing-request-id": [
          "KOREASOUTH:20200713T081659Z:3fc69063-02fe-43e0-b39b-cf7b45097093"
        ],
        "Strict-Transport-Security": [
          "max-age=31536000; includeSubDomains"
        ],
        "X-Content-Type-Options": [
          "nosniff"
        ],
        "Date": [
          "Mon, 13 Jul 2020 08:16:59 GMT"
        ],
        "Content-Type": [
          "application/json; charset=utf-8"
        ],
        "Expires": [
          "-1"
        ],
        "Content-Length": [
          "908"
        ]
      },
      "ResponseBody": "{\r\n  \"value\": [\r\n    {\r\n      \"id\": \"/subscriptions/c9cbd920-c00c-427c-852b-8aaf38badaeb\",\r\n      \"authorizationSource\": \"RoleBased\",\r\n      \"managedByTenants\": [\r\n        {\r\n          \"tenantId\": \"2f4a9838-26b7-47ee-be60-ccc1fdec5953\"\r\n        }\r\n      ],\r\n      \"subscriptionId\": \"c9cbd920-c00c-427c-852b-8aaf38badaeb\",\r\n      \"tenantId\": \"72f988bf-86f1-41af-91ab-2d7cd011db47\",\r\n      \"displayName\": \"Azure SDK Powershell Test\",\r\n      \"state\": \"Enabled\",\r\n      \"subscriptionPolicies\": {\r\n        \"locationPlacementId\": \"Internal_2014-09-01\",\r\n        \"quotaId\": \"Internal_2014-09-01\",\r\n        \"spendingLimit\": \"Off\"\r\n      }\r\n    },\r\n    {\r\n      \"id\": \"/subscriptions/6b085460-5f21-477e-ba44-1035046e9101\",\r\n      \"authorizationSource\": \"RoleBased\",\r\n      \"managedByTenants\": [],\r\n      \"subscriptionId\": \"6b085460-5f21-477e-ba44-1035046e9101\",\r\n      \"tenantId\": \"72f988bf-86f1-41af-91ab-2d7cd011db47\",\r\n      \"displayName\": \"Azure SDK Infrastructure\",\r\n      \"state\": \"Enabled\",\r\n      \"subscriptionPolicies\": {\r\n        \"locationPlacementId\": \"Internal_2014-09-01\",\r\n        \"quotaId\": \"Internal_2014-09-01\",\r\n        \"spendingLimit\": \"Off\"\r\n      }\r\n    }\r\n  ],\r\n  \"count\": {\r\n    \"type\": \"Total\",\r\n    \"value\": 2\r\n  }\r\n}",
      "StatusCode": 200
    }
  ],
  "Names": {},
  "Variables": {
    "SubscriptionId": "6b085460-5f21-477e-ba44-1035046e9101"
  }
}