{
  "Entries": [
    {
      "RequestUri": "/subscriptions/947d47b4-7883-4bb9-9d85-c5e8e2f572ce/resourcegroups/ps5922?api-version=2016-09-01",
      "EncodedRequestUri": "L3N1YnNjcmlwdGlvbnMvOTQ3ZDQ3YjQtNzg4My00YmI5LTlkODUtYzVlOGUyZjU3MmNlL3Jlc291cmNlZ3JvdXBzL3BzNTkyMj9hcGktdmVyc2lvbj0yMDE2LTA5LTAx",
      "RequestMethod": "PUT",
      "RequestBody": "{\r\n  \"location\": \"West Central US\"\r\n}",
      "RequestHeaders": {
        "x-ms-client-request-id": [
          "78e74b0f-e654-4c7b-8034-58e3ed8be9ae"
        ],
        "Accept-Language": [
          "en-US"
        ],
        "User-Agent": [
          "FxVersion/4.6.28207.03",
          "OSName/Windows",
          "OSVersion/Microsoft.Windows.10.0.14393.",
          "Microsoft.Azure.Management.Internal.Resources.ResourceManagementClient/1.3.13"
        ],
        "Content-Type": [
          "application/json; charset=utf-8"
        ],
        "Content-Length": [
          "37"
        ]
      },
      "ResponseHeaders": {
        "Cache-Control": [
          "no-cache"
        ],
        "Pragma": [
          "no-cache"
        ],
        "x-ms-ratelimit-remaining-subscription-writes": [
          "1198"
        ],
        "x-ms-request-id": [
          "977930bf-7508-4e00-baa7-8cd23c1522c0"
        ],
        "x-ms-correlation-request-id": [
          "977930bf-7508-4e00-baa7-8cd23c1522c0"
        ],
        "x-ms-routing-request-id": [
          "WESTUS2:20200607T154817Z:977930bf-7508-4e00-baa7-8cd23c1522c0"
        ],
        "Strict-Transport-Security": [
          "max-age=31536000; includeSubDomains"
        ],
        "X-Content-Type-Options": [
          "nosniff"
        ],
        "Date": [
          "Sun, 07 Jun 2020 15:48:17 GMT"
        ],
        "Content-Length": [
          "172"
        ],
        "Content-Type": [
          "application/json; charset=utf-8"
        ],
        "Expires": [
          "-1"
        ]
      },
      "ResponseBody": "{\r\n  \"id\": \"/subscriptions/947d47b4-7883-4bb9-9d85-c5e8e2f572ce/resourceGroups/ps5922\",\r\n  \"name\": \"ps5922\",\r\n  \"location\": \"westcentralus\",\r\n  \"properties\": {\r\n    \"provisioningState\": \"Succeeded\"\r\n  }\r\n}",
      "StatusCode": 201
    },
    {
      "RequestUri": "/subscriptions/947d47b4-7883-4bb9-9d85-c5e8e2f572ce/resourceGroups/ps5922/providers/Microsoft.Network/publicIPAddresses/ps8287?api-version=2020-07-01",
      "EncodedRequestUri": "L3N1YnNjcmlwdGlvbnMvOTQ3ZDQ3YjQtNzg4My00YmI5LTlkODUtYzVlOGUyZjU3MmNlL3Jlc291cmNlR3JvdXBzL3BzNTkyMi9wcm92aWRlcnMvTWljcm9zb2Z0Lk5ldHdvcmsvcHVibGljSVBBZGRyZXNzZXMvcHM4Mjg3P2FwaS12ZXJzaW9uPTIwMjAtMDUtMDE=",
      "RequestMethod": "GET",
      "RequestBody": "",
      "RequestHeaders": {
        "x-ms-client-request-id": [
          "aa99333e-3826-40a2-9a77-bea2be8f8d83"
        ],
        "Accept-Language": [
          "en-US"
        ],
        "User-Agent": [
          "FxVersion/4.6.28207.03",
          "OSName/Windows",
          "OSVersion/Microsoft.Windows.10.0.14393.",
          "Microsoft.Azure.Management.Network.NetworkManagementClient/20.0.0.0"
        ]
      },
      "ResponseHeaders": {
        "Cache-Control": [
          "no-cache"
        ],
        "Pragma": [
          "no-cache"
        ],
        "x-ms-failure-cause": [
          "gateway"
        ],
        "x-ms-request-id": [
          "45334951-eaad-4021-9f02-e3425730978b"
        ],
        "x-ms-correlation-request-id": [
          "45334951-eaad-4021-9f02-e3425730978b"
        ],
        "x-ms-routing-request-id": [
          "WESTUS2:20200607T154817Z:45334951-eaad-4021-9f02-e3425730978b"
        ],
        "Strict-Transport-Security": [
          "max-age=31536000; includeSubDomains"
        ],
        "X-Content-Type-Options": [
          "nosniff"
        ],
        "Date": [
          "Sun, 07 Jun 2020 15:48:17 GMT"
        ],
        "Content-Type": [
          "application/json; charset=utf-8"
        ],
        "Expires": [
          "-1"
        ],
        "Content-Length": [
          "220"
        ]
      },
      "ResponseBody": "{\r\n  \"error\": {\r\n    \"code\": \"ResourceNotFound\",\r\n    \"message\": \"The Resource 'Microsoft.Network/publicIPAddresses/ps8287' under resource group 'ps5922' was not found. For more details please go to https://aka.ms/ARMResourceNotFoundFix\"\r\n  }\r\n}",
      "StatusCode": 404
    },
    {
      "RequestUri": "/subscriptions/947d47b4-7883-4bb9-9d85-c5e8e2f572ce/resourcegroups/ps5922?api-version=2016-09-01",
      "EncodedRequestUri": "L3N1YnNjcmlwdGlvbnMvOTQ3ZDQ3YjQtNzg4My00YmI5LTlkODUtYzVlOGUyZjU3MmNlL3Jlc291cmNlZ3JvdXBzL3BzNTkyMj9hcGktdmVyc2lvbj0yMDE2LTA5LTAx",
      "RequestMethod": "DELETE",
      "RequestBody": "",
      "RequestHeaders": {
        "x-ms-client-request-id": [
          "06951e24-9c11-4b2b-99e4-4ed8981ca2fb"
        ],
        "Accept-Language": [
          "en-US"
        ],
        "User-Agent": [
          "FxVersion/4.6.28207.03",
          "OSName/Windows",
          "OSVersion/Microsoft.Windows.10.0.14393.",
          "Microsoft.Azure.Management.Internal.Resources.ResourceManagementClient/1.3.13"
        ]
      },
      "ResponseHeaders": {
        "Cache-Control": [
          "no-cache"
        ],
        "Pragma": [
          "no-cache"
        ],
        "Location": [
          "https://management.azure.com/subscriptions/947d47b4-7883-4bb9-9d85-c5e8e2f572ce/operationresults/eyJqb2JJZCI6IlJFU09VUkNFR1JPVVBERUxFVElPTkpPQi1QUzU5MjItV0VTVENFTlRSQUxVUyIsImpvYkxvY2F0aW9uIjoid2VzdGNlbnRyYWx1cyJ9?api-version=2016-09-01"
        ],
        "Retry-After": [
          "15"
        ],
        "x-ms-ratelimit-remaining-subscription-deletes": [
          "14999"
        ],
        "x-ms-request-id": [
          "d4b80f42-5209-4117-8750-7046ce339b3c"
        ],
        "x-ms-correlation-request-id": [
          "d4b80f42-5209-4117-8750-7046ce339b3c"
        ],
        "x-ms-routing-request-id": [
          "WESTUS2:20200607T154818Z:d4b80f42-5209-4117-8750-7046ce339b3c"
        ],
        "Strict-Transport-Security": [
          "max-age=31536000; includeSubDomains"
        ],
        "X-Content-Type-Options": [
          "nosniff"
        ],
        "Date": [
          "Sun, 07 Jun 2020 15:48:17 GMT"
        ],
        "Expires": [
          "-1"
        ],
        "Content-Length": [
          "0"
        ]
      },
      "ResponseBody": "",
      "StatusCode": 202
    },
    {
      "RequestUri": "/subscriptions/947d47b4-7883-4bb9-9d85-c5e8e2f572ce/operationresults/eyJqb2JJZCI6IlJFU09VUkNFR1JPVVBERUxFVElPTkpPQi1QUzU5MjItV0VTVENFTlRSQUxVUyIsImpvYkxvY2F0aW9uIjoid2VzdGNlbnRyYWx1cyJ9?api-version=2016-09-01",
      "EncodedRequestUri": "L3N1YnNjcmlwdGlvbnMvOTQ3ZDQ3YjQtNzg4My00YmI5LTlkODUtYzVlOGUyZjU3MmNlL29wZXJhdGlvbnJlc3VsdHMvZXlKcWIySkpaQ0k2SWxKRlUwOVZVa05GUjFKUFZWQkVSVXhGVkVsUFRrcFBRaTFRVXpVNU1qSXRWMFZUVkVORlRsUlNRVXhWVXlJc0ltcHZZa3h2WTJGMGFXOXVJam9pZDJWemRHTmxiblJ5WVd4MWN5Sjk/YXBpLXZlcnNpb249MjAxNi0wOS0wMQ==",
      "RequestMethod": "GET",
      "RequestBody": "",
      "RequestHeaders": {
        "User-Agent": [
          "FxVersion/4.6.28207.03",
          "OSName/Windows",
          "OSVersion/Microsoft.Windows.10.0.14393.",
          "Microsoft.Azure.Management.Internal.Resources.ResourceManagementClient/1.3.13"
        ]
      },
      "ResponseHeaders": {
        "Cache-Control": [
          "no-cache"
        ],
        "Pragma": [
          "no-cache"
        ],
        "Location": [
          "https://management.azure.com/subscriptions/947d47b4-7883-4bb9-9d85-c5e8e2f572ce/operationresults/eyJqb2JJZCI6IlJFU09VUkNFR1JPVVBERUxFVElPTkpPQi1QUzU5MjItV0VTVENFTlRSQUxVUyIsImpvYkxvY2F0aW9uIjoid2VzdGNlbnRyYWx1cyJ9?api-version=2016-09-01"
        ],
        "Retry-After": [
          "15"
        ],
        "x-ms-ratelimit-remaining-subscription-reads": [
          "11998"
        ],
        "x-ms-request-id": [
          "5c38983e-32ee-4a27-af9a-195eebce220e"
        ],
        "x-ms-correlation-request-id": [
          "5c38983e-32ee-4a27-af9a-195eebce220e"
        ],
        "x-ms-routing-request-id": [
          "WESTUS2:20200607T154833Z:5c38983e-32ee-4a27-af9a-195eebce220e"
        ],
        "Strict-Transport-Security": [
          "max-age=31536000; includeSubDomains"
        ],
        "X-Content-Type-Options": [
          "nosniff"
        ],
        "Date": [
          "Sun, 07 Jun 2020 15:48:33 GMT"
        ],
        "Expires": [
          "-1"
        ],
        "Content-Length": [
          "0"
        ]
      },
      "ResponseBody": "",
      "StatusCode": 202
    },
    {
      "RequestUri": "/subscriptions/947d47b4-7883-4bb9-9d85-c5e8e2f572ce/operationresults/eyJqb2JJZCI6IlJFU09VUkNFR1JPVVBERUxFVElPTkpPQi1QUzU5MjItV0VTVENFTlRSQUxVUyIsImpvYkxvY2F0aW9uIjoid2VzdGNlbnRyYWx1cyJ9?api-version=2016-09-01",
      "EncodedRequestUri": "L3N1YnNjcmlwdGlvbnMvOTQ3ZDQ3YjQtNzg4My00YmI5LTlkODUtYzVlOGUyZjU3MmNlL29wZXJhdGlvbnJlc3VsdHMvZXlKcWIySkpaQ0k2SWxKRlUwOVZVa05GUjFKUFZWQkVSVXhGVkVsUFRrcFBRaTFRVXpVNU1qSXRWMFZUVkVORlRsUlNRVXhWVXlJc0ltcHZZa3h2WTJGMGFXOXVJam9pZDJWemRHTmxiblJ5WVd4MWN5Sjk/YXBpLXZlcnNpb249MjAxNi0wOS0wMQ==",
      "RequestMethod": "GET",
      "RequestBody": "",
      "RequestHeaders": {
        "User-Agent": [
          "FxVersion/4.6.28207.03",
          "OSName/Windows",
          "OSVersion/Microsoft.Windows.10.0.14393.",
          "Microsoft.Azure.Management.Internal.Resources.ResourceManagementClient/1.3.13"
        ]
      },
      "ResponseHeaders": {
        "Cache-Control": [
          "no-cache"
        ],
        "Pragma": [
          "no-cache"
        ],
        "Location": [
          "https://management.azure.com/subscriptions/947d47b4-7883-4bb9-9d85-c5e8e2f572ce/operationresults/eyJqb2JJZCI6IlJFU09VUkNFR1JPVVBERUxFVElPTkpPQi1QUzU5MjItV0VTVENFTlRSQUxVUyIsImpvYkxvY2F0aW9uIjoid2VzdGNlbnRyYWx1cyJ9?api-version=2016-09-01"
        ],
        "Retry-After": [
          "15"
        ],
        "x-ms-ratelimit-remaining-subscription-reads": [
          "11997"
        ],
        "x-ms-request-id": [
          "d0a17eb2-1685-438b-9b79-5de4c7b7b79b"
        ],
        "x-ms-correlation-request-id": [
          "d0a17eb2-1685-438b-9b79-5de4c7b7b79b"
        ],
        "x-ms-routing-request-id": [
          "WESTUS2:20200607T154848Z:d0a17eb2-1685-438b-9b79-5de4c7b7b79b"
        ],
        "Strict-Transport-Security": [
          "max-age=31536000; includeSubDomains"
        ],
        "X-Content-Type-Options": [
          "nosniff"
        ],
        "Date": [
          "Sun, 07 Jun 2020 15:48:47 GMT"
        ],
        "Expires": [
          "-1"
        ],
        "Content-Length": [
          "0"
        ]
      },
      "ResponseBody": "",
      "StatusCode": 202
    },
    {
      "RequestUri": "/subscriptions/947d47b4-7883-4bb9-9d85-c5e8e2f572ce/operationresults/eyJqb2JJZCI6IlJFU09VUkNFR1JPVVBERUxFVElPTkpPQi1QUzU5MjItV0VTVENFTlRSQUxVUyIsImpvYkxvY2F0aW9uIjoid2VzdGNlbnRyYWx1cyJ9?api-version=2016-09-01",
      "EncodedRequestUri": "L3N1YnNjcmlwdGlvbnMvOTQ3ZDQ3YjQtNzg4My00YmI5LTlkODUtYzVlOGUyZjU3MmNlL29wZXJhdGlvbnJlc3VsdHMvZXlKcWIySkpaQ0k2SWxKRlUwOVZVa05GUjFKUFZWQkVSVXhGVkVsUFRrcFBRaTFRVXpVNU1qSXRWMFZUVkVORlRsUlNRVXhWVXlJc0ltcHZZa3h2WTJGMGFXOXVJam9pZDJWemRHTmxiblJ5WVd4MWN5Sjk/YXBpLXZlcnNpb249MjAxNi0wOS0wMQ==",
      "RequestMethod": "GET",
      "RequestBody": "",
      "RequestHeaders": {
        "User-Agent": [
          "FxVersion/4.6.28207.03",
          "OSName/Windows",
          "OSVersion/Microsoft.Windows.10.0.14393.",
          "Microsoft.Azure.Management.Internal.Resources.ResourceManagementClient/1.3.13"
        ]
      },
      "ResponseHeaders": {
        "Cache-Control": [
          "no-cache"
        ],
        "Pragma": [
          "no-cache"
        ],
        "x-ms-ratelimit-remaining-subscription-reads": [
          "11996"
        ],
        "x-ms-request-id": [
          "3e62eec9-0e2c-411c-af57-df5d9b084c96"
        ],
        "x-ms-correlation-request-id": [
          "3e62eec9-0e2c-411c-af57-df5d9b084c96"
        ],
        "x-ms-routing-request-id": [
          "WESTUS2:20200607T154903Z:3e62eec9-0e2c-411c-af57-df5d9b084c96"
        ],
        "Strict-Transport-Security": [
          "max-age=31536000; includeSubDomains"
        ],
        "X-Content-Type-Options": [
          "nosniff"
        ],
        "Date": [
          "Sun, 07 Jun 2020 15:49:03 GMT"
        ],
        "Expires": [
          "-1"
        ],
        "Content-Length": [
          "0"
        ]
      },
      "ResponseBody": "",
      "StatusCode": 200
    },
    {
      "RequestUri": "/subscriptions/947d47b4-7883-4bb9-9d85-c5e8e2f572ce/operationresults/eyJqb2JJZCI6IlJFU09VUkNFR1JPVVBERUxFVElPTkpPQi1QUzU5MjItV0VTVENFTlRSQUxVUyIsImpvYkxvY2F0aW9uIjoid2VzdGNlbnRyYWx1cyJ9?api-version=2016-09-01",
      "EncodedRequestUri": "L3N1YnNjcmlwdGlvbnMvOTQ3ZDQ3YjQtNzg4My00YmI5LTlkODUtYzVlOGUyZjU3MmNlL29wZXJhdGlvbnJlc3VsdHMvZXlKcWIySkpaQ0k2SWxKRlUwOVZVa05GUjFKUFZWQkVSVXhGVkVsUFRrcFBRaTFRVXpVNU1qSXRWMFZUVkVORlRsUlNRVXhWVXlJc0ltcHZZa3h2WTJGMGFXOXVJam9pZDJWemRHTmxiblJ5WVd4MWN5Sjk/YXBpLXZlcnNpb249MjAxNi0wOS0wMQ==",
      "RequestMethod": "GET",
      "RequestBody": "",
      "RequestHeaders": {
        "User-Agent": [
          "FxVersion/4.6.28207.03",
          "OSName/Windows",
          "OSVersion/Microsoft.Windows.10.0.14393.",
          "Microsoft.Azure.Management.Internal.Resources.ResourceManagementClient/1.3.13"
        ]
      },
      "ResponseHeaders": {
        "Cache-Control": [
          "no-cache"
        ],
        "Pragma": [
          "no-cache"
        ],
        "x-ms-ratelimit-remaining-subscription-reads": [
          "11995"
        ],
        "x-ms-request-id": [
          "d6d0d3bb-df6f-40eb-9369-4fc0c321cfa9"
        ],
        "x-ms-correlation-request-id": [
          "d6d0d3bb-df6f-40eb-9369-4fc0c321cfa9"
        ],
        "x-ms-routing-request-id": [
          "WESTUS2:20200607T154903Z:d6d0d3bb-df6f-40eb-9369-4fc0c321cfa9"
        ],
        "Strict-Transport-Security": [
          "max-age=31536000; includeSubDomains"
        ],
        "X-Content-Type-Options": [
          "nosniff"
        ],
        "Date": [
          "Sun, 07 Jun 2020 15:49:03 GMT"
        ],
        "Expires": [
          "-1"
        ],
        "Content-Length": [
          "0"
        ]
      },
      "ResponseBody": "",
      "StatusCode": 200
    }
  ],
  "Names": {
    "Test-NotFound": [
      "ps5922",
      "ps8287"
    ]
  },
  "Variables": {
    "SubscriptionId": "947d47b4-7883-4bb9-9d85-c5e8e2f572ce"
  }
}
