{
  "Entries": [
    {
      "RequestUri": "/subscriptions/df7c055c-6310-4374-9852-10ef71ce5f85/resourcegroups/ps5213?api-version=2016-02-01",
      "EncodedRequestUri": "L3N1YnNjcmlwdGlvbnMvZGY3YzA1NWMtNjMxMC00Mzc0LTk4NTItMTBlZjcxY2U1Zjg1L3Jlc291cmNlZ3JvdXBzL3BzNTIxMz9hcGktdmVyc2lvbj0yMDE2LTAyLTAx",
      "RequestMethod": "PUT",
      "RequestBody": "{\r\n  \"location\": \"westcentralus\"\r\n}",
      "RequestHeaders": {
        "Content-Type": [
          "application/json; charset=utf-8"
        ],
        "Content-Length": [
          "35"
        ],
        "User-Agent": [
          "Microsoft.Azure.Management.Resources.ResourceManagementClient/2.0.0.0"
        ]
      },
      "ResponseBody": "{\r\n  \"id\": \"/subscriptions/df7c055c-6310-4374-9852-10ef71ce5f85/resourceGroups/ps5213\",\r\n  \"name\": \"ps5213\",\r\n  \"location\": \"westcentralus\",\r\n  \"properties\": {\r\n    \"provisioningState\": \"Succeeded\"\r\n  }\r\n}",
      "ResponseHeaders": {
        "Content-Length": [
          "172"
        ],
        "Content-Type": [
          "application/json; charset=utf-8"
        ],
        "Expires": [
          "-1"
        ],
        "Pragma": [
          "no-cache"
        ],
        "x-ms-ratelimit-remaining-subscription-writes": [
          "1196"
        ],
        "x-ms-request-id": [
          "441dccc0-48ed-4203-803a-77ad35e69b82"
        ],
        "x-ms-correlation-request-id": [
          "441dccc0-48ed-4203-803a-77ad35e69b82"
        ],
        "x-ms-routing-request-id": [
          "WESTUS2:20180506T055834Z:441dccc0-48ed-4203-803a-77ad35e69b82"
        ],
        "Strict-Transport-Security": [
          "max-age=31536000; includeSubDomains"
        ],
        "X-Content-Type-Options": [
          "nosniff"
        ],
        "Cache-Control": [
          "no-cache"
        ],
        "Date": [
          "Sun, 06 May 2018 05:58:33 GMT"
        ]
      },
      "StatusCode": 201
    },
    {
      "RequestUri": "/subscriptions/df7c055c-6310-4374-9852-10ef71ce5f85/resourceGroups/ps5213/providers/Microsoft.Sql/servers/ps2656?api-version=2015-05-01-preview",
      "EncodedRequestUri": "L3N1YnNjcmlwdGlvbnMvZGY3YzA1NWMtNjMxMC00Mzc0LTk4NTItMTBlZjcxY2U1Zjg1L3Jlc291cmNlR3JvdXBzL3BzNTIxMy9wcm92aWRlcnMvTWljcm9zb2Z0LlNxbC9zZXJ2ZXJzL3BzMjY1Nj9hcGktdmVyc2lvbj0yMDE1LTA1LTAxLXByZXZpZXc=",
      "RequestMethod": "GET",
      "RequestBody": "",
      "RequestHeaders": {
        "x-ms-client-request-id": [
          "2c164ac7-584a-447d-bcf2-419e9f30b644"
        ],
        "accept-language": [
          "en-US"
        ],
        "User-Agent": [
          "FxVersion/4.7.2633.0",
          "OSName/Windows10Enterprise",
          "OSVersion/6.3.16299",
          "Microsoft.Azure.Management.Sql.SqlManagementClient/1.15.0.0"
        ]
      },
      "ResponseBody": "{\r\n  \"error\": {\r\n    \"code\": \"ResourceNotFound\",\r\n    \"message\": \"The Resource 'Microsoft.Sql/servers/ps2656' under resource group 'ps5213' was not found.\"\r\n  }\r\n}",
      "ResponseHeaders": {
        "Content-Length": [
          "138"
        ],
        "Content-Type": [
          "application/json; charset=utf-8"
        ],
        "Expires": [
          "-1"
        ],
        "Pragma": [
          "no-cache"
        ],
        "x-ms-failure-cause": [
          "gateway"
        ],
        "x-ms-request-id": [
          "addceb6e-bb49-4b81-83c0-8b0791df7126"
        ],
        "x-ms-correlation-request-id": [
          "addceb6e-bb49-4b81-83c0-8b0791df7126"
        ],
        "x-ms-routing-request-id": [
          "WESTUS2:20180506T055834Z:addceb6e-bb49-4b81-83c0-8b0791df7126"
        ],
        "Strict-Transport-Security": [
          "max-age=31536000; includeSubDomains"
        ],
        "X-Content-Type-Options": [
          "nosniff"
        ],
        "Cache-Control": [
          "no-cache"
        ],
        "Date": [
          "Sun, 06 May 2018 05:58:33 GMT"
        ]
      },
      "StatusCode": 404
    },
    {
      "RequestUri": "/subscriptions/df7c055c-6310-4374-9852-10ef71ce5f85/resourceGroups/ps5213/providers/Microsoft.Sql/servers/ps2656?api-version=2015-05-01-preview",
      "EncodedRequestUri": "L3N1YnNjcmlwdGlvbnMvZGY3YzA1NWMtNjMxMC00Mzc0LTk4NTItMTBlZjcxY2U1Zjg1L3Jlc291cmNlR3JvdXBzL3BzNTIxMy9wcm92aWRlcnMvTWljcm9zb2Z0LlNxbC9zZXJ2ZXJzL3BzMjY1Nj9hcGktdmVyc2lvbj0yMDE1LTA1LTAxLXByZXZpZXc=",
      "RequestMethod": "GET",
      "RequestBody": "",
      "RequestHeaders": {
        "User-Agent": [
          "FxVersion/4.7.2633.0",
          "OSName/Windows10Enterprise",
          "OSVersion/6.3.16299",
          "Microsoft.Azure.Management.Sql.SqlManagementClient/1.15.0.0"
        ]
      },
      "ResponseBody": "{\r\n  \"kind\": \"v12.0\",\r\n  \"properties\": {\r\n    \"administratorLogin\": \"testusername\",\r\n    \"version\": \"12.0\",\r\n    \"state\": \"Ready\",\r\n    \"fullyQualifiedDomainName\": \"ps2656.database.windows.net\"\r\n  },\r\n  \"location\": \"westus2\",\r\n  \"id\": \"/subscriptions/df7c055c-6310-4374-9852-10ef71ce5f85/resourceGroups/ps5213/providers/Microsoft.Sql/servers/ps2656\",\r\n  \"name\": \"ps2656\",\r\n  \"type\": \"Microsoft.Sql/servers\"\r\n}",
      "ResponseHeaders": {
        "Content-Length": [
          "345"
        ],
        "Content-Type": [
          "application/json; charset=utf-8"
        ],
        "Expires": [
          "-1"
        ],
        "Pragma": [
          "no-cache"
        ],
        "x-ms-request-id": [
          "5ca5473d-3253-44c5-a0e0-ce324291cd1b"
        ],
        "x-ms-ratelimit-remaining-subscription-reads": [
          "14995"
        ],
        "x-ms-correlation-request-id": [
          "49308bee-3e87-423f-a6e1-cb53ba2c0a85"
        ],
        "x-ms-routing-request-id": [
          "WESTUS2:20180506T055925Z:49308bee-3e87-423f-a6e1-cb53ba2c0a85"
        ],
        "Strict-Transport-Security": [
          "max-age=31536000; includeSubDomains"
        ],
        "X-Content-Type-Options": [
          "nosniff"
        ],
        "Cache-Control": [
          "no-cache"
        ],
        "Date": [
          "Sun, 06 May 2018 05:59:25 GMT"
        ],
        "Server": [
          "Microsoft-HTTPAPI/2.0"
        ]
      },
      "StatusCode": 200
    },
    {
      "RequestUri": "/subscriptions/df7c055c-6310-4374-9852-10ef71ce5f85/resourceGroups/ps5213/providers/Microsoft.Sql/servers/ps2656?api-version=2015-05-01-preview",
      "EncodedRequestUri": "L3N1YnNjcmlwdGlvbnMvZGY3YzA1NWMtNjMxMC00Mzc0LTk4NTItMTBlZjcxY2U1Zjg1L3Jlc291cmNlR3JvdXBzL3BzNTIxMy9wcm92aWRlcnMvTWljcm9zb2Z0LlNxbC9zZXJ2ZXJzL3BzMjY1Nj9hcGktdmVyc2lvbj0yMDE1LTA1LTAxLXByZXZpZXc=",
      "RequestMethod": "GET",
      "RequestBody": "",
      "RequestHeaders": {
        "x-ms-client-request-id": [
          "a57a062f-2bf5-4f20-89d7-8b26d05fe90b"
        ],
        "accept-language": [
          "en-US"
        ],
        "User-Agent": [
          "FxVersion/4.7.2633.0",
          "OSName/Windows10Enterprise",
          "OSVersion/6.3.16299",
          "Microsoft.Azure.Management.Sql.SqlManagementClient/1.15.0.0"
        ]
      },
      "ResponseBody": "{\r\n  \"kind\": \"v12.0\",\r\n  \"properties\": {\r\n    \"administratorLogin\": \"testusername\",\r\n    \"version\": \"12.0\",\r\n    \"state\": \"Ready\",\r\n    \"fullyQualifiedDomainName\": \"ps2656.database.windows.net\"\r\n  },\r\n  \"location\": \"westus2\",\r\n  \"id\": \"/subscriptions/df7c055c-6310-4374-9852-10ef71ce5f85/resourceGroups/ps5213/providers/Microsoft.Sql/servers/ps2656\",\r\n  \"name\": \"ps2656\",\r\n  \"type\": \"Microsoft.Sql/servers\"\r\n}",
      "ResponseHeaders": {
        "Content-Length": [
          "345"
        ],
        "Content-Type": [
          "application/json; charset=utf-8"
        ],
        "Expires": [
          "-1"
        ],
        "Pragma": [
          "no-cache"
        ],
        "x-ms-request-id": [
          "5c866542-040d-48ff-b572-737aa546825a"
        ],
        "x-ms-ratelimit-remaining-subscription-reads": [
          "14993"
        ],
        "x-ms-correlation-request-id": [
          "438c9790-588b-4b1b-80b7-ac88fc68e8f4"
        ],
        "x-ms-routing-request-id": [
          "WESTUS2:20180506T055925Z:438c9790-588b-4b1b-80b7-ac88fc68e8f4"
        ],
        "Strict-Transport-Security": [
          "max-age=31536000; includeSubDomains"
        ],
        "X-Content-Type-Options": [
          "nosniff"
        ],
        "Cache-Control": [
          "no-cache"
        ],
        "Date": [
          "Sun, 06 May 2018 05:59:25 GMT"
        ],
        "Server": [
          "Microsoft-HTTPAPI/2.0"
        ]
      },
      "StatusCode": 200
    },
    {
      "RequestUri": "/subscriptions/df7c055c-6310-4374-9852-10ef71ce5f85/resourceGroups/ps5213/providers/Microsoft.Sql/servers/ps2656?api-version=2015-05-01-preview",
      "EncodedRequestUri": "L3N1YnNjcmlwdGlvbnMvZGY3YzA1NWMtNjMxMC00Mzc0LTk4NTItMTBlZjcxY2U1Zjg1L3Jlc291cmNlR3JvdXBzL3BzNTIxMy9wcm92aWRlcnMvTWljcm9zb2Z0LlNxbC9zZXJ2ZXJzL3BzMjY1Nj9hcGktdmVyc2lvbj0yMDE1LTA1LTAxLXByZXZpZXc=",
      "RequestMethod": "GET",
      "RequestBody": "",
      "RequestHeaders": {
        "x-ms-client-request-id": [
          "e6a06a10-1370-4ede-aeab-9ab2905983c8"
        ],
        "accept-language": [
          "en-US"
        ],
        "User-Agent": [
          "FxVersion/4.7.2633.0",
          "OSName/Windows10Enterprise",
          "OSVersion/6.3.16299",
          "Microsoft.Azure.Management.Sql.SqlManagementClient/1.15.0.0"
        ]
      },
      "ResponseBody": "{\r\n  \"kind\": \"v12.0\",\r\n  \"properties\": {\r\n    \"administratorLogin\": \"testusername\",\r\n    \"version\": \"12.0\",\r\n    \"state\": \"Ready\",\r\n    \"fullyQualifiedDomainName\": \"ps2656.database.windows.net\"\r\n  },\r\n  \"location\": \"westus2\",\r\n  \"id\": \"/subscriptions/df7c055c-6310-4374-9852-10ef71ce5f85/resourceGroups/ps5213/providers/Microsoft.Sql/servers/ps2656\",\r\n  \"name\": \"ps2656\",\r\n  \"type\": \"Microsoft.Sql/servers\"\r\n}",
      "ResponseHeaders": {
        "Content-Length": [
          "345"
        ],
        "Content-Type": [
          "application/json; charset=utf-8"
        ],
        "Expires": [
          "-1"
        ],
        "Pragma": [
          "no-cache"
        ],
        "x-ms-request-id": [
          "0dec29d9-9597-4c39-8345-d40e3ed0653f"
        ],
        "x-ms-ratelimit-remaining-subscription-reads": [
          "14987"
        ],
        "x-ms-correlation-request-id": [
          "d8bd9893-7626-4ad7-8de8-30b87b78042a"
        ],
        "x-ms-routing-request-id": [
          "WESTUS2:20180506T060011Z:d8bd9893-7626-4ad7-8de8-30b87b78042a"
        ],
        "Strict-Transport-Security": [
          "max-age=31536000; includeSubDomains"
        ],
        "X-Content-Type-Options": [
          "nosniff"
        ],
        "Cache-Control": [
          "no-cache"
        ],
        "Date": [
          "Sun, 06 May 2018 06:00:11 GMT"
        ],
        "Server": [
          "Microsoft-HTTPAPI/2.0"
        ]
      },
      "StatusCode": 200
    },
    {
      "RequestUri": "/subscriptions/df7c055c-6310-4374-9852-10ef71ce5f85/resourceGroups/ps5213/providers/Microsoft.Sql/servers/ps2656?api-version=2015-05-01-preview",
      "EncodedRequestUri": "L3N1YnNjcmlwdGlvbnMvZGY3YzA1NWMtNjMxMC00Mzc0LTk4NTItMTBlZjcxY2U1Zjg1L3Jlc291cmNlR3JvdXBzL3BzNTIxMy9wcm92aWRlcnMvTWljcm9zb2Z0LlNxbC9zZXJ2ZXJzL3BzMjY1Nj9hcGktdmVyc2lvbj0yMDE1LTA1LTAxLXByZXZpZXc=",
      "RequestMethod": "GET",
      "RequestBody": "",
      "RequestHeaders": {
        "x-ms-client-request-id": [
          "c9b484c3-a043-4843-9a2c-1bf97f4fcf0f"
        ],
        "accept-language": [
          "en-US"
        ],
        "User-Agent": [
          "FxVersion/4.7.2633.0",
          "OSName/Windows10Enterprise",
          "OSVersion/6.3.16299",
          "Microsoft.Azure.Management.Sql.SqlManagementClient/1.15.0.0"
        ]
      },
      "ResponseBody": "{\r\n  \"kind\": \"v12.0\",\r\n  \"properties\": {\r\n    \"administratorLogin\": \"testusername\",\r\n    \"version\": \"12.0\",\r\n    \"state\": \"Ready\",\r\n    \"fullyQualifiedDomainName\": \"ps2656.database.windows.net\"\r\n  },\r\n  \"location\": \"westus2\",\r\n  \"id\": \"/subscriptions/df7c055c-6310-4374-9852-10ef71ce5f85/resourceGroups/ps5213/providers/Microsoft.Sql/servers/ps2656\",\r\n  \"name\": \"ps2656\",\r\n  \"type\": \"Microsoft.Sql/servers\"\r\n}",
      "ResponseHeaders": {
        "Content-Length": [
          "345"
        ],
        "Content-Type": [
          "application/json; charset=utf-8"
        ],
        "Expires": [
          "-1"
        ],
        "Pragma": [
          "no-cache"
        ],
        "x-ms-request-id": [
          "d9b82477-364b-40b8-9266-b294753c7c4a"
        ],
        "x-ms-ratelimit-remaining-subscription-reads": [
          "14981"
        ],
        "x-ms-correlation-request-id": [
          "2963e7eb-665b-4e15-9645-588efd00594c"
        ],
        "x-ms-routing-request-id": [
          "WESTUS2:20180506T060057Z:2963e7eb-665b-4e15-9645-588efd00594c"
        ],
        "Strict-Transport-Security": [
          "max-age=31536000; includeSubDomains"
        ],
        "X-Content-Type-Options": [
          "nosniff"
        ],
        "Cache-Control": [
          "no-cache"
        ],
        "Date": [
          "Sun, 06 May 2018 06:00:57 GMT"
        ],
        "Server": [
          "Microsoft-HTTPAPI/2.0"
        ]
      },
      "StatusCode": 200
    },
    {
      "RequestUri": "/subscriptions/df7c055c-6310-4374-9852-10ef71ce5f85/resourceGroups/ps5213/providers/Microsoft.Sql/servers/ps2656?api-version=2015-05-01-preview",
      "EncodedRequestUri": "L3N1YnNjcmlwdGlvbnMvZGY3YzA1NWMtNjMxMC00Mzc0LTk4NTItMTBlZjcxY2U1Zjg1L3Jlc291cmNlR3JvdXBzL3BzNTIxMy9wcm92aWRlcnMvTWljcm9zb2Z0LlNxbC9zZXJ2ZXJzL3BzMjY1Nj9hcGktdmVyc2lvbj0yMDE1LTA1LTAxLXByZXZpZXc=",
      "RequestMethod": "PUT",
      "RequestBody": "{\r\n  \"properties\": {\r\n    \"administratorLogin\": \"testusername\",\r\n    \"administratorLoginPassword\": \"t357ingP@s5w0rd!\"\r\n  },\r\n  \"location\": \"West US 2\"\r\n}",
      "RequestHeaders": {
        "Content-Type": [
          "application/json; charset=utf-8"
        ],
        "Content-Length": [
          "153"
        ],
        "x-ms-client-request-id": [
          "67a178bc-18a7-477d-a916-1b99dfb75344"
        ],
        "accept-language": [
          "en-US"
        ],
        "User-Agent": [
          "FxVersion/4.7.2633.0",
          "OSName/Windows10Enterprise",
          "OSVersion/6.3.16299",
          "Microsoft.Azure.Management.Sql.SqlManagementClient/1.15.0.0"
        ]
      },
      "ResponseBody": "{\r\n  \"operation\": \"UpsertLogicalServer\",\r\n  \"startTime\": \"2018-05-06T05:58:34.86Z\"\r\n}",
      "ResponseHeaders": {
        "Content-Length": [
          "73"
        ],
        "Content-Type": [
          "application/json; charset=utf-8"
        ],
        "Expires": [
          "-1"
        ],
        "Pragma": [
          "no-cache"
        ],
        "Retry-After": [
          "1"
        ],
        "Azure-AsyncOperation": [
          "https://management.azure.com/subscriptions/df7c055c-6310-4374-9852-10ef71ce5f85/resourceGroups/ps5213/providers/Microsoft.Sql/locations/westus2/serverAzureAsyncOperation/2db7f5b6-4798-4c3e-a6db-ac01d7dbe3eb?api-version=2015-05-01-preview"
        ],
        "x-ms-request-id": [
          "2db7f5b6-4798-4c3e-a6db-ac01d7dbe3eb"
        ],
        "x-ms-ratelimit-remaining-subscription-writes": [
          "1199"
        ],
        "x-ms-correlation-request-id": [
          "aae4a809-f73d-43bd-9a15-28049f054b57"
        ],
        "x-ms-routing-request-id": [
          "WESTUS2:20180506T055835Z:aae4a809-f73d-43bd-9a15-28049f054b57"
        ],
        "Strict-Transport-Security": [
          "max-age=31536000; includeSubDomains"
        ],
        "X-Content-Type-Options": [
          "nosniff"
        ],
        "Cache-Control": [
          "no-cache"
        ],
        "Date": [
          "Sun, 06 May 2018 05:58:34 GMT"
        ],
        "Location": [
          "https://management.azure.com/subscriptions/df7c055c-6310-4374-9852-10ef71ce5f85/resourceGroups/ps5213/providers/Microsoft.Sql/locations/westus2/serverOperationResults/2db7f5b6-4798-4c3e-a6db-ac01d7dbe3eb?api-version=2015-05-01-preview"
        ],
        "Server": [
          "Microsoft-HTTPAPI/2.0"
        ]
      },
      "StatusCode": 202
    },
    {
      "RequestUri": "/subscriptions/df7c055c-6310-4374-9852-10ef71ce5f85/resourceGroups/ps5213/providers/Microsoft.Sql/locations/westus2/serverAzureAsyncOperation/2db7f5b6-4798-4c3e-a6db-ac01d7dbe3eb?api-version=2015-05-01-preview",
      "EncodedRequestUri": "L3N1YnNjcmlwdGlvbnMvZGY3YzA1NWMtNjMxMC00Mzc0LTk4NTItMTBlZjcxY2U1Zjg1L3Jlc291cmNlR3JvdXBzL3BzNTIxMy9wcm92aWRlcnMvTWljcm9zb2Z0LlNxbC9sb2NhdGlvbnMvd2VzdHVzMi9zZXJ2ZXJBenVyZUFzeW5jT3BlcmF0aW9uLzJkYjdmNWI2LTQ3OTgtNGMzZS1hNmRiLWFjMDFkN2RiZTNlYj9hcGktdmVyc2lvbj0yMDE1LTA1LTAxLXByZXZpZXc=",
      "RequestMethod": "GET",
      "RequestBody": "",
      "RequestHeaders": {
        "User-Agent": [
          "FxVersion/4.7.2633.0",
          "OSName/Windows10Enterprise",
          "OSVersion/6.3.16299",
          "Microsoft.Azure.Management.Sql.SqlManagementClient/1.15.0.0"
        ]
      },
      "ResponseBody": "{\r\n  \"name\": \"2db7f5b6-4798-4c3e-a6db-ac01d7dbe3eb\",\r\n  \"status\": \"InProgress\",\r\n  \"startTime\": \"2018-05-06T05:58:34.86Z\"\r\n}",
      "ResponseHeaders": {
        "Content-Length": [
          "107"
        ],
        "Content-Type": [
          "application/json; charset=utf-8"
        ],
        "Expires": [
          "-1"
        ],
        "Pragma": [
          "no-cache"
        ],
        "Retry-After": [
          "20"
        ],
        "x-ms-request-id": [
          "dcda1647-9de8-4283-8a9a-239102c15a9a"
        ],
        "x-ms-ratelimit-remaining-subscription-reads": [
          "14998"
        ],
        "x-ms-correlation-request-id": [
          "5d5bb9a8-9c41-47d1-9a4a-91f53fe110fc"
        ],
        "x-ms-routing-request-id": [
          "WESTUS2:20180506T055845Z:5d5bb9a8-9c41-47d1-9a4a-91f53fe110fc"
        ],
        "Strict-Transport-Security": [
          "max-age=31536000; includeSubDomains"
        ],
        "X-Content-Type-Options": [
          "nosniff"
        ],
        "Cache-Control": [
          "no-cache"
        ],
        "Date": [
          "Sun, 06 May 2018 05:58:44 GMT"
        ],
        "Server": [
          "Microsoft-HTTPAPI/2.0"
        ]
      },
      "StatusCode": 200
    },
    {
      "RequestUri": "/subscriptions/df7c055c-6310-4374-9852-10ef71ce5f85/resourceGroups/ps5213/providers/Microsoft.Sql/locations/westus2/serverAzureAsyncOperation/2db7f5b6-4798-4c3e-a6db-ac01d7dbe3eb?api-version=2015-05-01-preview",
      "EncodedRequestUri": "L3N1YnNjcmlwdGlvbnMvZGY3YzA1NWMtNjMxMC00Mzc0LTk4NTItMTBlZjcxY2U1Zjg1L3Jlc291cmNlR3JvdXBzL3BzNTIxMy9wcm92aWRlcnMvTWljcm9zb2Z0LlNxbC9sb2NhdGlvbnMvd2VzdHVzMi9zZXJ2ZXJBenVyZUFzeW5jT3BlcmF0aW9uLzJkYjdmNWI2LTQ3OTgtNGMzZS1hNmRiLWFjMDFkN2RiZTNlYj9hcGktdmVyc2lvbj0yMDE1LTA1LTAxLXByZXZpZXc=",
      "RequestMethod": "GET",
      "RequestBody": "",
      "RequestHeaders": {
        "User-Agent": [
          "FxVersion/4.7.2633.0",
          "OSName/Windows10Enterprise",
          "OSVersion/6.3.16299",
          "Microsoft.Azure.Management.Sql.SqlManagementClient/1.15.0.0"
        ]
      },
      "ResponseBody": "{\r\n  \"name\": \"2db7f5b6-4798-4c3e-a6db-ac01d7dbe3eb\",\r\n  \"status\": \"InProgress\",\r\n  \"startTime\": \"2018-05-06T05:58:34.86Z\"\r\n}",
      "ResponseHeaders": {
        "Content-Length": [
          "107"
        ],
        "Content-Type": [
          "application/json; charset=utf-8"
        ],
        "Expires": [
          "-1"
        ],
        "Pragma": [
          "no-cache"
        ],
        "Retry-After": [
          "20"
        ],
        "x-ms-request-id": [
          "c616acc4-77e8-4683-a8d2-4bc52b6772d8"
        ],
        "x-ms-ratelimit-remaining-subscription-reads": [
          "14997"
        ],
        "x-ms-correlation-request-id": [
          "7c3a6822-92f5-43b3-9e62-deb23bfd1901"
        ],
        "x-ms-routing-request-id": [
          "WESTUS2:20180506T055905Z:7c3a6822-92f5-43b3-9e62-deb23bfd1901"
        ],
        "Strict-Transport-Security": [
          "max-age=31536000; includeSubDomains"
        ],
        "X-Content-Type-Options": [
          "nosniff"
        ],
        "Cache-Control": [
          "no-cache"
        ],
        "Date": [
          "Sun, 06 May 2018 05:59:04 GMT"
        ],
        "Server": [
          "Microsoft-HTTPAPI/2.0"
        ]
      },
      "StatusCode": 200
    },
    {
      "RequestUri": "/subscriptions/df7c055c-6310-4374-9852-10ef71ce5f85/resourceGroups/ps5213/providers/Microsoft.Sql/locations/westus2/serverAzureAsyncOperation/2db7f5b6-4798-4c3e-a6db-ac01d7dbe3eb?api-version=2015-05-01-preview",
      "EncodedRequestUri": "L3N1YnNjcmlwdGlvbnMvZGY3YzA1NWMtNjMxMC00Mzc0LTk4NTItMTBlZjcxY2U1Zjg1L3Jlc291cmNlR3JvdXBzL3BzNTIxMy9wcm92aWRlcnMvTWljcm9zb2Z0LlNxbC9sb2NhdGlvbnMvd2VzdHVzMi9zZXJ2ZXJBenVyZUFzeW5jT3BlcmF0aW9uLzJkYjdmNWI2LTQ3OTgtNGMzZS1hNmRiLWFjMDFkN2RiZTNlYj9hcGktdmVyc2lvbj0yMDE1LTA1LTAxLXByZXZpZXc=",
      "RequestMethod": "GET",
      "RequestBody": "",
      "RequestHeaders": {
        "User-Agent": [
          "FxVersion/4.7.2633.0",
          "OSName/Windows10Enterprise",
          "OSVersion/6.3.16299",
          "Microsoft.Azure.Management.Sql.SqlManagementClient/1.15.0.0"
        ]
      },
      "ResponseBody": "{\r\n  \"name\": \"2db7f5b6-4798-4c3e-a6db-ac01d7dbe3eb\",\r\n  \"status\": \"Succeeded\",\r\n  \"startTime\": \"2018-05-06T05:58:34.86Z\"\r\n}",
      "ResponseHeaders": {
        "Content-Length": [
          "106"
        ],
        "Content-Type": [
          "application/json; charset=utf-8"
        ],
        "Expires": [
          "-1"
        ],
        "Pragma": [
          "no-cache"
        ],
        "Retry-After": [
          "15"
        ],
        "x-ms-request-id": [
          "89d726b9-b78e-4654-8ac5-1b39c88b6059"
        ],
        "x-ms-ratelimit-remaining-subscription-reads": [
          "14996"
        ],
        "x-ms-correlation-request-id": [
          "08c43b91-5aa2-4a99-85d8-1b07560fa75c"
        ],
        "x-ms-routing-request-id": [
          "WESTUS2:20180506T055925Z:08c43b91-5aa2-4a99-85d8-1b07560fa75c"
        ],
        "Strict-Transport-Security": [
          "max-age=31536000; includeSubDomains"
        ],
        "X-Content-Type-Options": [
          "nosniff"
        ],
        "Cache-Control": [
          "no-cache"
        ],
        "Date": [
          "Sun, 06 May 2018 05:59:25 GMT"
        ],
        "Server": [
          "Microsoft-HTTPAPI/2.0"
        ]
      },
      "StatusCode": 200
    },
    {
      "RequestUri": "/subscriptions/df7c055c-6310-4374-9852-10ef71ce5f85/resourceGroups/ps5213/providers/Microsoft.Sql/servers/ps2656/databases/ps9090?api-version=2017-10-01-preview",
      "EncodedRequestUri": "L3N1YnNjcmlwdGlvbnMvZGY3YzA1NWMtNjMxMC00Mzc0LTk4NTItMTBlZjcxY2U1Zjg1L3Jlc291cmNlR3JvdXBzL3BzNTIxMy9wcm92aWRlcnMvTWljcm9zb2Z0LlNxbC9zZXJ2ZXJzL3BzMjY1Ni9kYXRhYmFzZXMvcHM5MDkwP2FwaS12ZXJzaW9uPTIwMTctMTAtMDEtcHJldmlldw==",
      "RequestMethod": "GET",
      "RequestBody": "",
      "RequestHeaders": {
        "x-ms-client-request-id": [
          "f5073210-0c9d-4c0f-8430-76ba33816569"
        ],
        "accept-language": [
          "en-US"
        ],
        "User-Agent": [
          "FxVersion/4.7.2633.0",
          "OSName/Windows10Enterprise",
          "OSVersion/6.3.16299",
          "Microsoft.Azure.Management.Sql.SqlManagementClient/1.15.0.0"
        ]
      },
      "ResponseBody": "{\r\n  \"error\": {\r\n    \"code\": \"ResourceNotFound\",\r\n    \"message\": \"The Resource 'Microsoft.Sql/servers/ps2656/databases/ps9090' under resource group 'ps5213' was not found.\"\r\n  }\r\n}",
      "ResponseHeaders": {
        "Content-Length": [
          "155"
        ],
        "Content-Type": [
          "application/json; charset=utf-8"
        ],
        "Expires": [
          "-1"
        ],
        "Pragma": [
          "no-cache"
        ],
        "x-ms-failure-cause": [
          "gateway"
        ],
        "x-ms-request-id": [
          "37d629f5-7ea3-42d8-8821-f82764bdd743"
        ],
        "x-ms-correlation-request-id": [
          "37d629f5-7ea3-42d8-8821-f82764bdd743"
        ],
        "x-ms-routing-request-id": [
          "WESTUS2:20180506T055925Z:37d629f5-7ea3-42d8-8821-f82764bdd743"
        ],
        "Strict-Transport-Security": [
          "max-age=31536000; includeSubDomains"
        ],
        "X-Content-Type-Options": [
          "nosniff"
        ],
        "Cache-Control": [
          "no-cache"
        ],
        "Date": [
          "Sun, 06 May 2018 05:59:25 GMT"
        ]
      },
      "StatusCode": 404
    },
    {
      "RequestUri": "/subscriptions/df7c055c-6310-4374-9852-10ef71ce5f85/resourceGroups/ps5213/providers/Microsoft.Sql/servers/ps2656/databases/ps9090?api-version=2017-10-01-preview",
      "EncodedRequestUri": "L3N1YnNjcmlwdGlvbnMvZGY3YzA1NWMtNjMxMC00Mzc0LTk4NTItMTBlZjcxY2U1Zjg1L3Jlc291cmNlR3JvdXBzL3BzNTIxMy9wcm92aWRlcnMvTWljcm9zb2Z0LlNxbC9zZXJ2ZXJzL3BzMjY1Ni9kYXRhYmFzZXMvcHM5MDkwP2FwaS12ZXJzaW9uPTIwMTctMTAtMDEtcHJldmlldw==",
      "RequestMethod": "GET",
      "RequestBody": "",
      "RequestHeaders": {
        "User-Agent": [
          "FxVersion/4.7.2633.0",
          "OSName/Windows10Enterprise",
          "OSVersion/6.3.16299",
          "Microsoft.Azure.Management.Sql.SqlManagementClient/1.15.0.0"
        ]
      },
      "ResponseBody": "{\r\n  \"sku\": {\r\n    \"name\": \"Standard\",\r\n    \"tier\": \"Standard\",\r\n    \"capacity\": 10\r\n  },\r\n  \"kind\": \"v12.0,user\",\r\n  \"properties\": {\r\n    \"collation\": \"SQL_Latin1_General_CP1_CI_AS\",\r\n    \"maxSizeBytes\": 268435456000,\r\n    \"status\": \"Online\",\r\n    \"databaseId\": \"23c3cc2f-1b89-45da-a56b-58c1d005a99c\",\r\n    \"creationDate\": \"2018-05-06T05:59:26.647Z\",\r\n    \"currentServiceObjectiveName\": \"S0\",\r\n    \"requestedServiceObjectiveName\": \"S0\",\r\n    \"defaultSecondaryLocation\": \"West Central US\",\r\n    \"catalogCollation\": \"SQL_Latin1_General_CP1_CI_AS\",\r\n    \"zoneRedundant\": false,\r\n    \"earliestRestoreDate\": \"2018-05-06T06:30:05.16Z\",\r\n    \"readScale\": \"Disabled\",\r\n    \"currentSku\": {\r\n      \"name\": \"Standard\",\r\n      \"tier\": \"Standard\",\r\n      \"capacity\": 10\r\n    }\r\n  },\r\n  \"location\": \"westus2\",\r\n  \"id\": \"/subscriptions/df7c055c-6310-4374-9852-10ef71ce5f85/resourceGroups/ps5213/providers/Microsoft.Sql/servers/ps2656/databases/ps9090\",\r\n  \"name\": \"ps9090\",\r\n  \"type\": \"Microsoft.Sql/servers/databases\"\r\n}",
      "ResponseHeaders": {
        "Content-Length": [
          "817"
        ],
        "Content-Type": [
          "application/json; charset=utf-8"
        ],
        "Expires": [
          "-1"
        ],
        "Pragma": [
          "no-cache"
        ],
        "x-ms-request-id": [
          "1d680b07-8e63-4dbc-9c70-9514464eea7d"
        ],
        "x-ms-ratelimit-remaining-subscription-reads": [
          "14989"
        ],
        "x-ms-correlation-request-id": [
          "eb9f902d-d17d-4cb6-8947-331d48dc1e5e"
        ],
        "x-ms-routing-request-id": [
          "WESTUS2:20180506T060011Z:eb9f902d-d17d-4cb6-8947-331d48dc1e5e"
        ],
        "Strict-Transport-Security": [
          "max-age=31536000; includeSubDomains"
        ],
        "X-Content-Type-Options": [
          "nosniff"
        ],
        "Cache-Control": [
          "no-cache"
        ],
        "Date": [
          "Sun, 06 May 2018 06:00:11 GMT"
        ],
        "Server": [
          "Microsoft-HTTPAPI/2.0"
        ]
      },
      "StatusCode": 200
    },
    {
      "RequestUri": "/subscriptions/df7c055c-6310-4374-9852-10ef71ce5f85/resourceGroups/ps5213/providers/Microsoft.Sql/servers/ps2656/databases/ps9090?api-version=2017-10-01-preview",
      "EncodedRequestUri": "L3N1YnNjcmlwdGlvbnMvZGY3YzA1NWMtNjMxMC00Mzc0LTk4NTItMTBlZjcxY2U1Zjg1L3Jlc291cmNlR3JvdXBzL3BzNTIxMy9wcm92aWRlcnMvTWljcm9zb2Z0LlNxbC9zZXJ2ZXJzL3BzMjY1Ni9kYXRhYmFzZXMvcHM5MDkwP2FwaS12ZXJzaW9uPTIwMTctMTAtMDEtcHJldmlldw==",
      "RequestMethod": "PUT",
      "RequestBody": "{\r\n  \"properties\": {\r\n    \"maxSizeBytes\": 0,\r\n    \"readScale\": \"Disabled\"\r\n  },\r\n  \"location\": \"westus2\"\r\n}",
      "RequestHeaders": {
        "Content-Type": [
          "application/json; charset=utf-8"
        ],
        "Content-Length": [
          "107"
        ],
        "x-ms-client-request-id": [
          "3bdb5ad5-9ed6-4302-ae6a-b673dac78275"
        ],
        "accept-language": [
          "en-US"
        ],
        "User-Agent": [
          "FxVersion/4.7.2633.0",
          "OSName/Windows10Enterprise",
          "OSVersion/6.3.16299",
          "Microsoft.Azure.Management.Sql.SqlManagementClient/1.15.0.0"
        ]
      },
      "ResponseBody": "{\r\n  \"operation\": \"CreateLogicalDatabase\",\r\n  \"startTime\": \"2018-05-06T05:59:26.287Z\"\r\n}",
      "ResponseHeaders": {
        "Content-Length": [
          "76"
        ],
        "Content-Type": [
          "application/json; charset=utf-8"
        ],
        "Expires": [
          "-1"
        ],
        "Pragma": [
          "no-cache"
        ],
        "Retry-After": [
          "15"
        ],
        "Azure-AsyncOperation": [
          "https://management.azure.com/subscriptions/df7c055c-6310-4374-9852-10ef71ce5f85/resourceGroups/ps5213/providers/Microsoft.Sql/locations/westus2/databaseAzureAsyncOperation/c87a046d-30d4-4749-a6f3-596b361fc7ba?api-version=2017-10-01-preview"
        ],
        "x-ms-request-id": [
          "8723deef-6723-49f3-a44b-21c1c4514500"
        ],
        "x-ms-ratelimit-remaining-subscription-writes": [
          "1198"
        ],
        "x-ms-correlation-request-id": [
          "8d0815f6-4521-451f-9328-328a2192598c"
        ],
        "x-ms-routing-request-id": [
          "WESTUS2:20180506T055926Z:8d0815f6-4521-451f-9328-328a2192598c"
        ],
        "Strict-Transport-Security": [
          "max-age=31536000; includeSubDomains"
        ],
        "X-Content-Type-Options": [
          "nosniff"
        ],
        "Cache-Control": [
          "no-cache"
        ],
        "Date": [
          "Sun, 06 May 2018 05:59:26 GMT"
        ],
        "Location": [
          "https://management.azure.com/subscriptions/df7c055c-6310-4374-9852-10ef71ce5f85/resourceGroups/ps5213/providers/Microsoft.Sql/locations/westus2/databaseOperationResults/c87a046d-30d4-4749-a6f3-596b361fc7ba?api-version=2017-10-01-preview"
        ],
        "Server": [
          "Microsoft-HTTPAPI/2.0"
        ]
      },
      "StatusCode": 202
    },
    {
      "RequestUri": "/subscriptions/df7c055c-6310-4374-9852-10ef71ce5f85/resourceGroups/ps5213/providers/Microsoft.Sql/locations/westus2/databaseAzureAsyncOperation/c87a046d-30d4-4749-a6f3-596b361fc7ba?api-version=2017-10-01-preview",
      "EncodedRequestUri": "L3N1YnNjcmlwdGlvbnMvZGY3YzA1NWMtNjMxMC00Mzc0LTk4NTItMTBlZjcxY2U1Zjg1L3Jlc291cmNlR3JvdXBzL3BzNTIxMy9wcm92aWRlcnMvTWljcm9zb2Z0LlNxbC9sb2NhdGlvbnMvd2VzdHVzMi9kYXRhYmFzZUF6dXJlQXN5bmNPcGVyYXRpb24vYzg3YTA0NmQtMzBkNC00NzQ5LWE2ZjMtNTk2YjM2MWZjN2JhP2FwaS12ZXJzaW9uPTIwMTctMTAtMDEtcHJldmlldw==",
      "RequestMethod": "GET",
      "RequestBody": "",
      "RequestHeaders": {
        "User-Agent": [
          "FxVersion/4.7.2633.0",
          "OSName/Windows10Enterprise",
          "OSVersion/6.3.16299",
          "Microsoft.Azure.Management.Sql.SqlManagementClient/1.15.0.0"
        ]
      },
      "ResponseBody": "{\r\n  \"name\": \"c87a046d-30d4-4749-a6f3-596b361fc7ba\",\r\n  \"status\": \"InProgress\",\r\n  \"startTime\": \"2018-05-06T05:59:26.287Z\"\r\n}",
      "ResponseHeaders": {
        "Content-Length": [
          "108"
        ],
        "Content-Type": [
          "application/json; charset=utf-8"
        ],
        "Expires": [
          "-1"
        ],
        "Pragma": [
          "no-cache"
        ],
        "Retry-After": [
          "15"
        ],
        "x-ms-request-id": [
          "c280c899-303d-4f41-a79a-7c41780a10ab"
        ],
        "x-ms-ratelimit-remaining-subscription-reads": [
          "14992"
        ],
        "x-ms-correlation-request-id": [
          "bf43aa9f-af9c-48ba-90a4-5d88e123101a"
        ],
        "x-ms-routing-request-id": [
          "WESTUS2:20180506T055941Z:bf43aa9f-af9c-48ba-90a4-5d88e123101a"
        ],
        "Strict-Transport-Security": [
          "max-age=31536000; includeSubDomains"
        ],
        "X-Content-Type-Options": [
          "nosniff"
        ],
        "Cache-Control": [
          "no-cache"
        ],
        "Date": [
          "Sun, 06 May 2018 05:59:40 GMT"
        ],
        "Server": [
          "Microsoft-HTTPAPI/2.0"
        ]
      },
      "StatusCode": 200
    },
    {
      "RequestUri": "/subscriptions/df7c055c-6310-4374-9852-10ef71ce5f85/resourceGroups/ps5213/providers/Microsoft.Sql/locations/westus2/databaseAzureAsyncOperation/c87a046d-30d4-4749-a6f3-596b361fc7ba?api-version=2017-10-01-preview",
      "EncodedRequestUri": "L3N1YnNjcmlwdGlvbnMvZGY3YzA1NWMtNjMxMC00Mzc0LTk4NTItMTBlZjcxY2U1Zjg1L3Jlc291cmNlR3JvdXBzL3BzNTIxMy9wcm92aWRlcnMvTWljcm9zb2Z0LlNxbC9sb2NhdGlvbnMvd2VzdHVzMi9kYXRhYmFzZUF6dXJlQXN5bmNPcGVyYXRpb24vYzg3YTA0NmQtMzBkNC00NzQ5LWE2ZjMtNTk2YjM2MWZjN2JhP2FwaS12ZXJzaW9uPTIwMTctMTAtMDEtcHJldmlldw==",
      "RequestMethod": "GET",
      "RequestBody": "",
      "RequestHeaders": {
        "User-Agent": [
          "FxVersion/4.7.2633.0",
          "OSName/Windows10Enterprise",
          "OSVersion/6.3.16299",
          "Microsoft.Azure.Management.Sql.SqlManagementClient/1.15.0.0"
        ]
      },
      "ResponseBody": "{\r\n  \"name\": \"c87a046d-30d4-4749-a6f3-596b361fc7ba\",\r\n  \"status\": \"InProgress\",\r\n  \"startTime\": \"2018-05-06T05:59:26.287Z\"\r\n}",
      "ResponseHeaders": {
        "Content-Length": [
          "108"
        ],
        "Content-Type": [
          "application/json; charset=utf-8"
        ],
        "Expires": [
          "-1"
        ],
        "Pragma": [
          "no-cache"
        ],
        "Retry-After": [
          "15"
        ],
        "x-ms-request-id": [
          "98c97a66-f1ed-4db5-981b-915fc5bd95fb"
        ],
        "x-ms-ratelimit-remaining-subscription-reads": [
          "14991"
        ],
        "x-ms-correlation-request-id": [
          "cbb6614a-d3e8-491e-8f29-6b56df4f5721"
        ],
        "x-ms-routing-request-id": [
          "WESTUS2:20180506T055956Z:cbb6614a-d3e8-491e-8f29-6b56df4f5721"
        ],
        "Strict-Transport-Security": [
          "max-age=31536000; includeSubDomains"
        ],
        "X-Content-Type-Options": [
          "nosniff"
        ],
        "Cache-Control": [
          "no-cache"
        ],
        "Date": [
          "Sun, 06 May 2018 05:59:56 GMT"
        ],
        "Server": [
          "Microsoft-HTTPAPI/2.0"
        ]
      },
      "StatusCode": 200
    },
    {
      "RequestUri": "/subscriptions/df7c055c-6310-4374-9852-10ef71ce5f85/resourceGroups/ps5213/providers/Microsoft.Sql/locations/westus2/databaseAzureAsyncOperation/c87a046d-30d4-4749-a6f3-596b361fc7ba?api-version=2017-10-01-preview",
      "EncodedRequestUri": "L3N1YnNjcmlwdGlvbnMvZGY3YzA1NWMtNjMxMC00Mzc0LTk4NTItMTBlZjcxY2U1Zjg1L3Jlc291cmNlR3JvdXBzL3BzNTIxMy9wcm92aWRlcnMvTWljcm9zb2Z0LlNxbC9sb2NhdGlvbnMvd2VzdHVzMi9kYXRhYmFzZUF6dXJlQXN5bmNPcGVyYXRpb24vYzg3YTA0NmQtMzBkNC00NzQ5LWE2ZjMtNTk2YjM2MWZjN2JhP2FwaS12ZXJzaW9uPTIwMTctMTAtMDEtcHJldmlldw==",
      "RequestMethod": "GET",
      "RequestBody": "",
      "RequestHeaders": {
        "User-Agent": [
          "FxVersion/4.7.2633.0",
          "OSName/Windows10Enterprise",
          "OSVersion/6.3.16299",
          "Microsoft.Azure.Management.Sql.SqlManagementClient/1.15.0.0"
        ]
      },
      "ResponseBody": "{\r\n  \"name\": \"c87a046d-30d4-4749-a6f3-596b361fc7ba\",\r\n  \"status\": \"Succeeded\",\r\n  \"startTime\": \"2018-05-06T05:59:26.287Z\"\r\n}",
      "ResponseHeaders": {
        "Content-Length": [
          "107"
        ],
        "Content-Type": [
          "application/json; charset=utf-8"
        ],
        "Expires": [
          "-1"
        ],
        "Pragma": [
          "no-cache"
        ],
        "Retry-After": [
          "15"
        ],
        "x-ms-request-id": [
          "cc2d9319-f91e-4149-9716-cb678d01421a"
        ],
        "x-ms-ratelimit-remaining-subscription-reads": [
          "14990"
        ],
        "x-ms-correlation-request-id": [
          "887e11a2-f000-46a9-99ec-c2d2aaff43c2"
        ],
        "x-ms-routing-request-id": [
          "WESTUS2:20180506T060011Z:887e11a2-f000-46a9-99ec-c2d2aaff43c2"
        ],
        "Strict-Transport-Security": [
          "max-age=31536000; includeSubDomains"
        ],
        "X-Content-Type-Options": [
          "nosniff"
        ],
        "Cache-Control": [
          "no-cache"
        ],
        "Date": [
          "Sun, 06 May 2018 06:00:11 GMT"
        ],
        "Server": [
          "Microsoft-HTTPAPI/2.0"
        ]
      },
      "StatusCode": 200
    },
    {
      "RequestUri": "/subscriptions/df7c055c-6310-4374-9852-10ef71ce5f85/resourceGroups/ps5213/providers/Microsoft.Sql/servers/ps2656/databases/ps8157?api-version=2017-10-01-preview",
      "EncodedRequestUri": "L3N1YnNjcmlwdGlvbnMvZGY3YzA1NWMtNjMxMC00Mzc0LTk4NTItMTBlZjcxY2U1Zjg1L3Jlc291cmNlR3JvdXBzL3BzNTIxMy9wcm92aWRlcnMvTWljcm9zb2Z0LlNxbC9zZXJ2ZXJzL3BzMjY1Ni9kYXRhYmFzZXMvcHM4MTU3P2FwaS12ZXJzaW9uPTIwMTctMTAtMDEtcHJldmlldw==",
      "RequestMethod": "GET",
      "RequestBody": "",
      "RequestHeaders": {
        "x-ms-client-request-id": [
          "cbcf8409-c937-49e4-9b1f-3c2a2086a0bf"
        ],
        "accept-language": [
          "en-US"
        ],
        "User-Agent": [
          "FxVersion/4.7.2633.0",
          "OSName/Windows10Enterprise",
          "OSVersion/6.3.16299",
          "Microsoft.Azure.Management.Sql.SqlManagementClient/1.15.0.0"
        ]
      },
      "ResponseBody": "{\r\n  \"error\": {\r\n    \"code\": \"ResourceNotFound\",\r\n    \"message\": \"The Resource 'Microsoft.Sql/servers/ps2656/databases/ps8157' under resource group 'ps5213' was not found.\"\r\n  }\r\n}",
      "ResponseHeaders": {
        "Content-Length": [
          "155"
        ],
        "Content-Type": [
          "application/json; charset=utf-8"
        ],
        "Expires": [
          "-1"
        ],
        "Pragma": [
          "no-cache"
        ],
        "x-ms-failure-cause": [
          "gateway"
        ],
        "x-ms-request-id": [
          "f4da36d4-46d0-4b50-998c-830d61ab3cfd"
        ],
        "x-ms-correlation-request-id": [
          "f4da36d4-46d0-4b50-998c-830d61ab3cfd"
        ],
        "x-ms-routing-request-id": [
          "WESTUS2:20180506T060011Z:f4da36d4-46d0-4b50-998c-830d61ab3cfd"
        ],
        "Strict-Transport-Security": [
          "max-age=31536000; includeSubDomains"
        ],
        "X-Content-Type-Options": [
          "nosniff"
        ],
        "Cache-Control": [
          "no-cache"
        ],
        "Date": [
          "Sun, 06 May 2018 06:00:11 GMT"
        ]
      },
      "StatusCode": 404
    },
    {
      "RequestUri": "/subscriptions/df7c055c-6310-4374-9852-10ef71ce5f85/resourceGroups/ps5213/providers/Microsoft.Sql/servers/ps2656/databases/ps8157?api-version=2017-10-01-preview",
      "EncodedRequestUri": "L3N1YnNjcmlwdGlvbnMvZGY3YzA1NWMtNjMxMC00Mzc0LTk4NTItMTBlZjcxY2U1Zjg1L3Jlc291cmNlR3JvdXBzL3BzNTIxMy9wcm92aWRlcnMvTWljcm9zb2Z0LlNxbC9zZXJ2ZXJzL3BzMjY1Ni9kYXRhYmFzZXMvcHM4MTU3P2FwaS12ZXJzaW9uPTIwMTctMTAtMDEtcHJldmlldw==",
      "RequestMethod": "GET",
      "RequestBody": "",
      "RequestHeaders": {
        "User-Agent": [
          "FxVersion/4.7.2633.0",
          "OSName/Windows10Enterprise",
          "OSVersion/6.3.16299",
          "Microsoft.Azure.Management.Sql.SqlManagementClient/1.15.0.0"
        ]
      },
      "ResponseBody": "{\r\n  \"sku\": {\r\n    \"name\": \"Standard\",\r\n    \"tier\": \"Standard\",\r\n    \"capacity\": 10\r\n  },\r\n  \"kind\": \"v12.0,user\",\r\n  \"properties\": {\r\n    \"collation\": \"SQL_Latin1_General_CP1_CI_AS\",\r\n    \"maxSizeBytes\": 268435456000,\r\n    \"status\": \"Online\",\r\n    \"databaseId\": \"cccaff49-209f-4010-928e-f3007d6e8090\",\r\n    \"creationDate\": \"2018-05-06T06:00:12.13Z\",\r\n    \"currentServiceObjectiveName\": \"S0\",\r\n    \"requestedServiceObjectiveName\": \"S0\",\r\n    \"defaultSecondaryLocation\": \"West Central US\",\r\n    \"catalogCollation\": \"SQL_Latin1_General_CP1_CI_AS\",\r\n    \"zoneRedundant\": false,\r\n    \"earliestRestoreDate\": \"2018-05-06T06:30:52.963Z\",\r\n    \"readScale\": \"Disabled\",\r\n    \"currentSku\": {\r\n      \"name\": \"Standard\",\r\n      \"tier\": \"Standard\",\r\n      \"capacity\": 10\r\n    }\r\n  },\r\n  \"location\": \"westus2\",\r\n  \"id\": \"/subscriptions/df7c055c-6310-4374-9852-10ef71ce5f85/resourceGroups/ps5213/providers/Microsoft.Sql/servers/ps2656/databases/ps8157\",\r\n  \"name\": \"ps8157\",\r\n  \"type\": \"Microsoft.Sql/servers/databases\"\r\n}",
      "ResponseHeaders": {
        "Content-Length": [
          "817"
        ],
        "Content-Type": [
          "application/json; charset=utf-8"
        ],
        "Expires": [
          "-1"
        ],
        "Pragma": [
          "no-cache"
        ],
        "x-ms-request-id": [
          "682cf1cb-1ee9-4a62-98a0-c2a99df9c9ef"
        ],
        "x-ms-ratelimit-remaining-subscription-reads": [
          "14983"
        ],
        "x-ms-correlation-request-id": [
          "6283f516-69e2-4759-9278-0f8cd8d548ef"
        ],
        "x-ms-routing-request-id": [
          "WESTUS2:20180506T060057Z:6283f516-69e2-4759-9278-0f8cd8d548ef"
        ],
        "Strict-Transport-Security": [
          "max-age=31536000; includeSubDomains"
        ],
        "X-Content-Type-Options": [
          "nosniff"
        ],
        "Cache-Control": [
          "no-cache"
        ],
        "Date": [
          "Sun, 06 May 2018 06:00:57 GMT"
        ],
        "Server": [
          "Microsoft-HTTPAPI/2.0"
        ]
      },
      "StatusCode": 200
    },
    {
      "RequestUri": "/subscriptions/df7c055c-6310-4374-9852-10ef71ce5f85/resourceGroups/ps5213/providers/Microsoft.Sql/servers/ps2656/databases/ps8157?api-version=2017-10-01-preview",
      "EncodedRequestUri": "L3N1YnNjcmlwdGlvbnMvZGY3YzA1NWMtNjMxMC00Mzc0LTk4NTItMTBlZjcxY2U1Zjg1L3Jlc291cmNlR3JvdXBzL3BzNTIxMy9wcm92aWRlcnMvTWljcm9zb2Z0LlNxbC9zZXJ2ZXJzL3BzMjY1Ni9kYXRhYmFzZXMvcHM4MTU3P2FwaS12ZXJzaW9uPTIwMTctMTAtMDEtcHJldmlldw==",
      "RequestMethod": "PUT",
      "RequestBody": "{\r\n  \"properties\": {\r\n    \"maxSizeBytes\": 0,\r\n    \"readScale\": \"Disabled\"\r\n  },\r\n  \"location\": \"westus2\"\r\n}",
      "RequestHeaders": {
        "Content-Type": [
          "application/json; charset=utf-8"
        ],
        "Content-Length": [
          "107"
        ],
        "x-ms-client-request-id": [
          "0f17867b-e390-4b97-99f9-1acde2eacb0e"
        ],
        "accept-language": [
          "en-US"
        ],
        "User-Agent": [
          "FxVersion/4.7.2633.0",
          "OSName/Windows10Enterprise",
          "OSVersion/6.3.16299",
          "Microsoft.Azure.Management.Sql.SqlManagementClient/1.15.0.0"
        ]
      },
      "ResponseBody": "{\r\n  \"operation\": \"CreateLogicalDatabase\",\r\n  \"startTime\": \"2018-05-06T06:00:11.897Z\"\r\n}",
      "ResponseHeaders": {
        "Content-Length": [
          "76"
        ],
        "Content-Type": [
          "application/json; charset=utf-8"
        ],
        "Expires": [
          "-1"
        ],
        "Pragma": [
          "no-cache"
        ],
        "Retry-After": [
          "15"
        ],
        "Azure-AsyncOperation": [
          "https://management.azure.com/subscriptions/df7c055c-6310-4374-9852-10ef71ce5f85/resourceGroups/ps5213/providers/Microsoft.Sql/locations/westus2/databaseAzureAsyncOperation/3d719171-82ca-426d-8e4c-813b1f9eba73?api-version=2017-10-01-preview"
        ],
        "x-ms-request-id": [
          "39fad8b0-c9e7-47f4-ad65-3c4e5ab19098"
        ],
        "x-ms-ratelimit-remaining-subscription-writes": [
          "1197"
        ],
        "x-ms-correlation-request-id": [
          "32801e25-ab16-4d7b-83c7-1c0c8066bf4f"
        ],
        "x-ms-routing-request-id": [
          "WESTUS2:20180506T060012Z:32801e25-ab16-4d7b-83c7-1c0c8066bf4f"
        ],
        "Strict-Transport-Security": [
          "max-age=31536000; includeSubDomains"
        ],
        "X-Content-Type-Options": [
          "nosniff"
        ],
        "Cache-Control": [
          "no-cache"
        ],
        "Date": [
          "Sun, 06 May 2018 06:00:11 GMT"
        ],
        "Location": [
          "https://management.azure.com/subscriptions/df7c055c-6310-4374-9852-10ef71ce5f85/resourceGroups/ps5213/providers/Microsoft.Sql/locations/westus2/databaseOperationResults/3d719171-82ca-426d-8e4c-813b1f9eba73?api-version=2017-10-01-preview"
        ],
        "Server": [
          "Microsoft-HTTPAPI/2.0"
        ]
      },
      "StatusCode": 202
    },
    {
      "RequestUri": "/subscriptions/df7c055c-6310-4374-9852-10ef71ce5f85/resourceGroups/ps5213/providers/Microsoft.Sql/locations/westus2/databaseAzureAsyncOperation/3d719171-82ca-426d-8e4c-813b1f9eba73?api-version=2017-10-01-preview",
      "EncodedRequestUri": "L3N1YnNjcmlwdGlvbnMvZGY3YzA1NWMtNjMxMC00Mzc0LTk4NTItMTBlZjcxY2U1Zjg1L3Jlc291cmNlR3JvdXBzL3BzNTIxMy9wcm92aWRlcnMvTWljcm9zb2Z0LlNxbC9sb2NhdGlvbnMvd2VzdHVzMi9kYXRhYmFzZUF6dXJlQXN5bmNPcGVyYXRpb24vM2Q3MTkxNzEtODJjYS00MjZkLThlNGMtODEzYjFmOWViYTczP2FwaS12ZXJzaW9uPTIwMTctMTAtMDEtcHJldmlldw==",
      "RequestMethod": "GET",
      "RequestBody": "",
      "RequestHeaders": {
        "User-Agent": [
          "FxVersion/4.7.2633.0",
          "OSName/Windows10Enterprise",
          "OSVersion/6.3.16299",
          "Microsoft.Azure.Management.Sql.SqlManagementClient/1.15.0.0"
        ]
      },
      "ResponseBody": "{\r\n  \"name\": \"3d719171-82ca-426d-8e4c-813b1f9eba73\",\r\n  \"status\": \"InProgress\",\r\n  \"startTime\": \"2018-05-06T06:00:11.897Z\"\r\n}",
      "ResponseHeaders": {
        "Content-Length": [
          "108"
        ],
        "Content-Type": [
          "application/json; charset=utf-8"
        ],
        "Expires": [
          "-1"
        ],
        "Pragma": [
          "no-cache"
        ],
        "Retry-After": [
          "15"
        ],
        "x-ms-request-id": [
          "173bbd3e-b655-4fc6-bfee-ca2f561c256e"
        ],
        "x-ms-ratelimit-remaining-subscription-reads": [
          "14986"
        ],
        "x-ms-correlation-request-id": [
          "589f4f74-9e15-4fcb-b801-e6f2def3cf6f"
        ],
        "x-ms-routing-request-id": [
          "WESTUS2:20180506T060027Z:589f4f74-9e15-4fcb-b801-e6f2def3cf6f"
        ],
        "Strict-Transport-Security": [
          "max-age=31536000; includeSubDomains"
        ],
        "X-Content-Type-Options": [
          "nosniff"
        ],
        "Cache-Control": [
          "no-cache"
        ],
        "Date": [
          "Sun, 06 May 2018 06:00:26 GMT"
        ],
        "Server": [
          "Microsoft-HTTPAPI/2.0"
        ]
      },
      "StatusCode": 200
    },
    {
      "RequestUri": "/subscriptions/df7c055c-6310-4374-9852-10ef71ce5f85/resourceGroups/ps5213/providers/Microsoft.Sql/locations/westus2/databaseAzureAsyncOperation/3d719171-82ca-426d-8e4c-813b1f9eba73?api-version=2017-10-01-preview",
      "EncodedRequestUri": "L3N1YnNjcmlwdGlvbnMvZGY3YzA1NWMtNjMxMC00Mzc0LTk4NTItMTBlZjcxY2U1Zjg1L3Jlc291cmNlR3JvdXBzL3BzNTIxMy9wcm92aWRlcnMvTWljcm9zb2Z0LlNxbC9sb2NhdGlvbnMvd2VzdHVzMi9kYXRhYmFzZUF6dXJlQXN5bmNPcGVyYXRpb24vM2Q3MTkxNzEtODJjYS00MjZkLThlNGMtODEzYjFmOWViYTczP2FwaS12ZXJzaW9uPTIwMTctMTAtMDEtcHJldmlldw==",
      "RequestMethod": "GET",
      "RequestBody": "",
      "RequestHeaders": {
        "User-Agent": [
          "FxVersion/4.7.2633.0",
          "OSName/Windows10Enterprise",
          "OSVersion/6.3.16299",
          "Microsoft.Azure.Management.Sql.SqlManagementClient/1.15.0.0"
        ]
      },
      "ResponseBody": "{\r\n  \"name\": \"3d719171-82ca-426d-8e4c-813b1f9eba73\",\r\n  \"status\": \"InProgress\",\r\n  \"startTime\": \"2018-05-06T06:00:11.897Z\"\r\n}",
      "ResponseHeaders": {
        "Content-Length": [
          "108"
        ],
        "Content-Type": [
          "application/json; charset=utf-8"
        ],
        "Expires": [
          "-1"
        ],
        "Pragma": [
          "no-cache"
        ],
        "Retry-After": [
          "15"
        ],
        "x-ms-request-id": [
          "33d89b78-0974-4bb3-8ae3-86420570df7d"
        ],
        "x-ms-ratelimit-remaining-subscription-reads": [
          "14985"
        ],
        "x-ms-correlation-request-id": [
          "ded3c3ca-fa98-489b-97af-b1d14f57d6dc"
        ],
        "x-ms-routing-request-id": [
          "WESTUS2:20180506T060042Z:ded3c3ca-fa98-489b-97af-b1d14f57d6dc"
        ],
        "Strict-Transport-Security": [
          "max-age=31536000; includeSubDomains"
        ],
        "X-Content-Type-Options": [
          "nosniff"
        ],
        "Cache-Control": [
          "no-cache"
        ],
        "Date": [
          "Sun, 06 May 2018 06:00:41 GMT"
        ],
        "Server": [
          "Microsoft-HTTPAPI/2.0"
        ]
      },
      "StatusCode": 200
    },
    {
      "RequestUri": "/subscriptions/df7c055c-6310-4374-9852-10ef71ce5f85/resourceGroups/ps5213/providers/Microsoft.Sql/locations/westus2/databaseAzureAsyncOperation/3d719171-82ca-426d-8e4c-813b1f9eba73?api-version=2017-10-01-preview",
      "EncodedRequestUri": "L3N1YnNjcmlwdGlvbnMvZGY3YzA1NWMtNjMxMC00Mzc0LTk4NTItMTBlZjcxY2U1Zjg1L3Jlc291cmNlR3JvdXBzL3BzNTIxMy9wcm92aWRlcnMvTWljcm9zb2Z0LlNxbC9sb2NhdGlvbnMvd2VzdHVzMi9kYXRhYmFzZUF6dXJlQXN5bmNPcGVyYXRpb24vM2Q3MTkxNzEtODJjYS00MjZkLThlNGMtODEzYjFmOWViYTczP2FwaS12ZXJzaW9uPTIwMTctMTAtMDEtcHJldmlldw==",
      "RequestMethod": "GET",
      "RequestBody": "",
      "RequestHeaders": {
        "User-Agent": [
          "FxVersion/4.7.2633.0",
          "OSName/Windows10Enterprise",
          "OSVersion/6.3.16299",
          "Microsoft.Azure.Management.Sql.SqlManagementClient/1.15.0.0"
        ]
      },
      "ResponseBody": "{\r\n  \"name\": \"3d719171-82ca-426d-8e4c-813b1f9eba73\",\r\n  \"status\": \"Succeeded\",\r\n  \"startTime\": \"2018-05-06T06:00:11.897Z\"\r\n}",
      "ResponseHeaders": {
        "Content-Length": [
          "107"
        ],
        "Content-Type": [
          "application/json; charset=utf-8"
        ],
        "Expires": [
          "-1"
        ],
        "Pragma": [
          "no-cache"
        ],
        "Retry-After": [
          "15"
        ],
        "x-ms-request-id": [
          "558d8978-c3c9-4ed0-9ade-4a612dbb2fa6"
        ],
        "x-ms-ratelimit-remaining-subscription-reads": [
          "14984"
        ],
        "x-ms-correlation-request-id": [
          "17c79574-32d2-4062-b6e5-edeff1b09ac9"
        ],
        "x-ms-routing-request-id": [
          "WESTUS2:20180506T060057Z:17c79574-32d2-4062-b6e5-edeff1b09ac9"
        ],
        "Strict-Transport-Security": [
          "max-age=31536000; includeSubDomains"
        ],
        "X-Content-Type-Options": [
          "nosniff"
        ],
        "Cache-Control": [
          "no-cache"
        ],
        "Date": [
          "Sun, 06 May 2018 06:00:57 GMT"
        ],
        "Server": [
          "Microsoft-HTTPAPI/2.0"
        ]
      },
      "StatusCode": 200
    },
    {
      "RequestUri": "/subscriptions/df7c055c-6310-4374-9852-10ef71ce5f85/resourceGroups/ps5213/providers/Microsoft.Sql/servers/ps2656/databases/ps4195?api-version=2017-10-01-preview",
      "EncodedRequestUri": "L3N1YnNjcmlwdGlvbnMvZGY3YzA1NWMtNjMxMC00Mzc0LTk4NTItMTBlZjcxY2U1Zjg1L3Jlc291cmNlR3JvdXBzL3BzNTIxMy9wcm92aWRlcnMvTWljcm9zb2Z0LlNxbC9zZXJ2ZXJzL3BzMjY1Ni9kYXRhYmFzZXMvcHM0MTk1P2FwaS12ZXJzaW9uPTIwMTctMTAtMDEtcHJldmlldw==",
      "RequestMethod": "GET",
      "RequestBody": "",
      "RequestHeaders": {
        "x-ms-client-request-id": [
          "148c2549-b19b-47a0-b8ac-0b91ca87bc5c"
        ],
        "accept-language": [
          "en-US"
        ],
        "User-Agent": [
          "FxVersion/4.7.2633.0",
          "OSName/Windows10Enterprise",
          "OSVersion/6.3.16299",
          "Microsoft.Azure.Management.Sql.SqlManagementClient/1.15.0.0"
        ]
      },
      "ResponseBody": "{\r\n  \"error\": {\r\n    \"code\": \"ResourceNotFound\",\r\n    \"message\": \"The Resource 'Microsoft.Sql/servers/ps2656/databases/ps4195' under resource group 'ps5213' was not found.\"\r\n  }\r\n}",
      "ResponseHeaders": {
        "Content-Length": [
          "155"
        ],
        "Content-Type": [
          "application/json; charset=utf-8"
        ],
        "Expires": [
          "-1"
        ],
        "Pragma": [
          "no-cache"
        ],
        "x-ms-failure-cause": [
          "gateway"
        ],
        "x-ms-request-id": [
          "f68c8bf0-fc2b-4c50-bbc1-1133bd25dab6"
        ],
        "x-ms-correlation-request-id": [
          "f68c8bf0-fc2b-4c50-bbc1-1133bd25dab6"
        ],
        "x-ms-routing-request-id": [
          "WESTUS2:20180506T060057Z:f68c8bf0-fc2b-4c50-bbc1-1133bd25dab6"
        ],
        "Strict-Transport-Security": [
          "max-age=31536000; includeSubDomains"
        ],
        "X-Content-Type-Options": [
          "nosniff"
        ],
        "Cache-Control": [
          "no-cache"
        ],
        "Date": [
          "Sun, 06 May 2018 06:00:57 GMT"
        ]
      },
      "StatusCode": 404
    },
    {
      "RequestUri": "/subscriptions/df7c055c-6310-4374-9852-10ef71ce5f85/resourceGroups/ps5213/providers/Microsoft.Sql/servers/ps2656/databases/ps4195?api-version=2017-10-01-preview",
      "EncodedRequestUri": "L3N1YnNjcmlwdGlvbnMvZGY3YzA1NWMtNjMxMC00Mzc0LTk4NTItMTBlZjcxY2U1Zjg1L3Jlc291cmNlR3JvdXBzL3BzNTIxMy9wcm92aWRlcnMvTWljcm9zb2Z0LlNxbC9zZXJ2ZXJzL3BzMjY1Ni9kYXRhYmFzZXMvcHM0MTk1P2FwaS12ZXJzaW9uPTIwMTctMTAtMDEtcHJldmlldw==",
      "RequestMethod": "GET",
      "RequestBody": "",
      "RequestHeaders": {
        "User-Agent": [
          "FxVersion/4.7.2633.0",
          "OSName/Windows10Enterprise",
          "OSVersion/6.3.16299",
          "Microsoft.Azure.Management.Sql.SqlManagementClient/1.15.0.0"
        ]
      },
      "ResponseBody": "{\r\n  \"sku\": {\r\n    \"name\": \"Standard\",\r\n    \"tier\": \"Standard\",\r\n    \"capacity\": 10\r\n  },\r\n  \"kind\": \"v12.0,user\",\r\n  \"properties\": {\r\n    \"collation\": \"SQL_Latin1_General_CP1_CI_AS\",\r\n    \"maxSizeBytes\": 268435456000,\r\n    \"status\": \"Online\",\r\n    \"databaseId\": \"463a3eb1-e2c0-4c51-90c8-7b8bdf780d7b\",\r\n    \"creationDate\": \"2018-05-06T06:00:57.987Z\",\r\n    \"currentServiceObjectiveName\": \"S0\",\r\n    \"requestedServiceObjectiveName\": \"S0\",\r\n    \"defaultSecondaryLocation\": \"West Central US\",\r\n    \"catalogCollation\": \"SQL_Latin1_General_CP1_CI_AS\",\r\n    \"zoneRedundant\": false,\r\n    \"earliestRestoreDate\": \"2018-05-06T06:31:36.01Z\",\r\n    \"readScale\": \"Disabled\",\r\n    \"currentSku\": {\r\n      \"name\": \"Standard\",\r\n      \"tier\": \"Standard\",\r\n      \"capacity\": 10\r\n    }\r\n  },\r\n  \"location\": \"westus2\",\r\n  \"id\": \"/subscriptions/df7c055c-6310-4374-9852-10ef71ce5f85/resourceGroups/ps5213/providers/Microsoft.Sql/servers/ps2656/databases/ps4195\",\r\n  \"name\": \"ps4195\",\r\n  \"type\": \"Microsoft.Sql/servers/databases\"\r\n}",
      "ResponseHeaders": {
        "Content-Length": [
          "817"
        ],
        "Content-Type": [
          "application/json; charset=utf-8"
        ],
        "Expires": [
          "-1"
        ],
        "Pragma": [
          "no-cache"
        ],
        "x-ms-request-id": [
          "520cb525-d7b8-463b-a844-bb0f06127907"
        ],
        "x-ms-ratelimit-remaining-subscription-reads": [
          "14977"
        ],
        "x-ms-correlation-request-id": [
          "8294e424-b85c-4d75-b75c-5c5aba6ac4e3"
        ],
        "x-ms-routing-request-id": [
          "WESTUS2:20180506T060144Z:8294e424-b85c-4d75-b75c-5c5aba6ac4e3"
        ],
        "Strict-Transport-Security": [
          "max-age=31536000; includeSubDomains"
        ],
        "X-Content-Type-Options": [
          "nosniff"
        ],
        "Cache-Control": [
          "no-cache"
        ],
        "Date": [
          "Sun, 06 May 2018 06:01:43 GMT"
        ],
        "Server": [
          "Microsoft-HTTPAPI/2.0"
        ]
      },
      "StatusCode": 200
    },
    {
      "RequestUri": "/subscriptions/df7c055c-6310-4374-9852-10ef71ce5f85/resourceGroups/ps5213/providers/Microsoft.Sql/servers/ps2656/databases/ps4195?api-version=2017-10-01-preview",
      "EncodedRequestUri": "L3N1YnNjcmlwdGlvbnMvZGY3YzA1NWMtNjMxMC00Mzc0LTk4NTItMTBlZjcxY2U1Zjg1L3Jlc291cmNlR3JvdXBzL3BzNTIxMy9wcm92aWRlcnMvTWljcm9zb2Z0LlNxbC9zZXJ2ZXJzL3BzMjY1Ni9kYXRhYmFzZXMvcHM0MTk1P2FwaS12ZXJzaW9uPTIwMTctMTAtMDEtcHJldmlldw==",
      "RequestMethod": "PUT",
      "RequestBody": "{\r\n  \"properties\": {\r\n    \"maxSizeBytes\": 0,\r\n    \"readScale\": \"Disabled\"\r\n  },\r\n  \"location\": \"westus2\"\r\n}",
      "RequestHeaders": {
        "Content-Type": [
          "application/json; charset=utf-8"
        ],
        "Content-Length": [
          "107"
        ],
        "x-ms-client-request-id": [
          "9f228989-df28-41b8-854e-5c481d075c54"
        ],
        "accept-language": [
          "en-US"
        ],
        "User-Agent": [
          "FxVersion/4.7.2633.0",
          "OSName/Windows10Enterprise",
          "OSVersion/6.3.16299",
          "Microsoft.Azure.Management.Sql.SqlManagementClient/1.15.0.0"
        ]
      },
      "ResponseBody": "{\r\n  \"operation\": \"CreateLogicalDatabase\",\r\n  \"startTime\": \"2018-05-06T06:00:57.72Z\"\r\n}",
      "ResponseHeaders": {
        "Content-Length": [
          "75"
        ],
        "Content-Type": [
          "application/json; charset=utf-8"
        ],
        "Expires": [
          "-1"
        ],
        "Pragma": [
          "no-cache"
        ],
        "Retry-After": [
          "15"
        ],
        "Azure-AsyncOperation": [
          "https://management.azure.com/subscriptions/df7c055c-6310-4374-9852-10ef71ce5f85/resourceGroups/ps5213/providers/Microsoft.Sql/locations/westus2/databaseAzureAsyncOperation/275ada22-13ff-49b0-b1b1-4fefc0f09518?api-version=2017-10-01-preview"
        ],
        "x-ms-request-id": [
          "f79bc061-0c47-4eb8-afcc-0ba1e94571f8"
        ],
        "x-ms-ratelimit-remaining-subscription-writes": [
          "1196"
        ],
        "x-ms-correlation-request-id": [
          "35890386-d0d0-43b8-9a10-a3fd6c94faf6"
        ],
        "x-ms-routing-request-id": [
          "WESTUS2:20180506T060058Z:35890386-d0d0-43b8-9a10-a3fd6c94faf6"
        ],
        "Strict-Transport-Security": [
          "max-age=31536000; includeSubDomains"
        ],
        "X-Content-Type-Options": [
          "nosniff"
        ],
        "Cache-Control": [
          "no-cache"
        ],
        "Date": [
          "Sun, 06 May 2018 06:00:58 GMT"
        ],
        "Location": [
          "https://management.azure.com/subscriptions/df7c055c-6310-4374-9852-10ef71ce5f85/resourceGroups/ps5213/providers/Microsoft.Sql/locations/westus2/databaseOperationResults/275ada22-13ff-49b0-b1b1-4fefc0f09518?api-version=2017-10-01-preview"
        ],
        "Server": [
          "Microsoft-HTTPAPI/2.0"
        ]
      },
      "StatusCode": 202
    },
    {
      "RequestUri": "/subscriptions/df7c055c-6310-4374-9852-10ef71ce5f85/resourceGroups/ps5213/providers/Microsoft.Sql/locations/westus2/databaseAzureAsyncOperation/275ada22-13ff-49b0-b1b1-4fefc0f09518?api-version=2017-10-01-preview",
      "EncodedRequestUri": "L3N1YnNjcmlwdGlvbnMvZGY3YzA1NWMtNjMxMC00Mzc0LTk4NTItMTBlZjcxY2U1Zjg1L3Jlc291cmNlR3JvdXBzL3BzNTIxMy9wcm92aWRlcnMvTWljcm9zb2Z0LlNxbC9sb2NhdGlvbnMvd2VzdHVzMi9kYXRhYmFzZUF6dXJlQXN5bmNPcGVyYXRpb24vMjc1YWRhMjItMTNmZi00OWIwLWIxYjEtNGZlZmMwZjA5NTE4P2FwaS12ZXJzaW9uPTIwMTctMTAtMDEtcHJldmlldw==",
      "RequestMethod": "GET",
      "RequestBody": "",
      "RequestHeaders": {
        "User-Agent": [
          "FxVersion/4.7.2633.0",
          "OSName/Windows10Enterprise",
          "OSVersion/6.3.16299",
          "Microsoft.Azure.Management.Sql.SqlManagementClient/1.15.0.0"
        ]
      },
      "ResponseBody": "{\r\n  \"name\": \"275ada22-13ff-49b0-b1b1-4fefc0f09518\",\r\n  \"status\": \"InProgress\",\r\n  \"startTime\": \"2018-05-06T06:00:57.72Z\"\r\n}",
      "ResponseHeaders": {
        "Content-Length": [
          "107"
        ],
        "Content-Type": [
          "application/json; charset=utf-8"
        ],
        "Expires": [
          "-1"
        ],
        "Pragma": [
          "no-cache"
        ],
        "Retry-After": [
          "15"
        ],
        "x-ms-request-id": [
          "024fa064-2787-401c-ad45-13641baa6555"
        ],
        "x-ms-ratelimit-remaining-subscription-reads": [
          "14980"
        ],
        "x-ms-correlation-request-id": [
          "63e36a87-2694-4d3d-8b01-6d13250650f7"
        ],
        "x-ms-routing-request-id": [
          "WESTUS2:20180506T060113Z:63e36a87-2694-4d3d-8b01-6d13250650f7"
        ],
        "Strict-Transport-Security": [
          "max-age=31536000; includeSubDomains"
        ],
        "X-Content-Type-Options": [
          "nosniff"
        ],
        "Cache-Control": [
          "no-cache"
        ],
        "Date": [
          "Sun, 06 May 2018 06:01:13 GMT"
        ],
        "Server": [
          "Microsoft-HTTPAPI/2.0"
        ]
      },
      "StatusCode": 200
    },
    {
      "RequestUri": "/subscriptions/df7c055c-6310-4374-9852-10ef71ce5f85/resourceGroups/ps5213/providers/Microsoft.Sql/locations/westus2/databaseAzureAsyncOperation/275ada22-13ff-49b0-b1b1-4fefc0f09518?api-version=2017-10-01-preview",
      "EncodedRequestUri": "L3N1YnNjcmlwdGlvbnMvZGY3YzA1NWMtNjMxMC00Mzc0LTk4NTItMTBlZjcxY2U1Zjg1L3Jlc291cmNlR3JvdXBzL3BzNTIxMy9wcm92aWRlcnMvTWljcm9zb2Z0LlNxbC9sb2NhdGlvbnMvd2VzdHVzMi9kYXRhYmFzZUF6dXJlQXN5bmNPcGVyYXRpb24vMjc1YWRhMjItMTNmZi00OWIwLWIxYjEtNGZlZmMwZjA5NTE4P2FwaS12ZXJzaW9uPTIwMTctMTAtMDEtcHJldmlldw==",
      "RequestMethod": "GET",
      "RequestBody": "",
      "RequestHeaders": {
        "User-Agent": [
          "FxVersion/4.7.2633.0",
          "OSName/Windows10Enterprise",
          "OSVersion/6.3.16299",
          "Microsoft.Azure.Management.Sql.SqlManagementClient/1.15.0.0"
        ]
      },
      "ResponseBody": "{\r\n  \"name\": \"275ada22-13ff-49b0-b1b1-4fefc0f09518\",\r\n  \"status\": \"InProgress\",\r\n  \"startTime\": \"2018-05-06T06:00:57.72Z\"\r\n}",
      "ResponseHeaders": {
        "Content-Length": [
          "107"
        ],
        "Content-Type": [
          "application/json; charset=utf-8"
        ],
        "Expires": [
          "-1"
        ],
        "Pragma": [
          "no-cache"
        ],
        "Retry-After": [
          "15"
        ],
        "x-ms-request-id": [
          "54af5d83-8a33-4ee5-a3df-1a38a3f152a1"
        ],
        "x-ms-ratelimit-remaining-subscription-reads": [
          "14979"
        ],
        "x-ms-correlation-request-id": [
          "3b79f8fc-0b2a-419e-a6d7-2708066da5f4"
        ],
        "x-ms-routing-request-id": [
          "WESTUS2:20180506T060128Z:3b79f8fc-0b2a-419e-a6d7-2708066da5f4"
        ],
        "Strict-Transport-Security": [
          "max-age=31536000; includeSubDomains"
        ],
        "X-Content-Type-Options": [
          "nosniff"
        ],
        "Cache-Control": [
          "no-cache"
        ],
        "Date": [
          "Sun, 06 May 2018 06:01:28 GMT"
        ],
        "Server": [
          "Microsoft-HTTPAPI/2.0"
        ]
      },
      "StatusCode": 200
    },
    {
      "RequestUri": "/subscriptions/df7c055c-6310-4374-9852-10ef71ce5f85/resourceGroups/ps5213/providers/Microsoft.Sql/locations/westus2/databaseAzureAsyncOperation/275ada22-13ff-49b0-b1b1-4fefc0f09518?api-version=2017-10-01-preview",
      "EncodedRequestUri": "L3N1YnNjcmlwdGlvbnMvZGY3YzA1NWMtNjMxMC00Mzc0LTk4NTItMTBlZjcxY2U1Zjg1L3Jlc291cmNlR3JvdXBzL3BzNTIxMy9wcm92aWRlcnMvTWljcm9zb2Z0LlNxbC9sb2NhdGlvbnMvd2VzdHVzMi9kYXRhYmFzZUF6dXJlQXN5bmNPcGVyYXRpb24vMjc1YWRhMjItMTNmZi00OWIwLWIxYjEtNGZlZmMwZjA5NTE4P2FwaS12ZXJzaW9uPTIwMTctMTAtMDEtcHJldmlldw==",
      "RequestMethod": "GET",
      "RequestBody": "",
      "RequestHeaders": {
        "User-Agent": [
          "FxVersion/4.7.2633.0",
          "OSName/Windows10Enterprise",
          "OSVersion/6.3.16299",
          "Microsoft.Azure.Management.Sql.SqlManagementClient/1.15.0.0"
        ]
      },
      "ResponseBody": "{\r\n  \"name\": \"275ada22-13ff-49b0-b1b1-4fefc0f09518\",\r\n  \"status\": \"Succeeded\",\r\n  \"startTime\": \"2018-05-06T06:00:57.72Z\"\r\n}",
      "ResponseHeaders": {
        "Content-Length": [
          "106"
        ],
        "Content-Type": [
          "application/json; charset=utf-8"
        ],
        "Expires": [
          "-1"
        ],
        "Pragma": [
          "no-cache"
        ],
        "Retry-After": [
          "15"
        ],
        "x-ms-request-id": [
          "8112dbbb-04e5-4aaa-984d-896dcbb1d747"
        ],
        "x-ms-ratelimit-remaining-subscription-reads": [
          "14978"
        ],
        "x-ms-correlation-request-id": [
          "44ff1096-df0e-4c08-90b8-488fb196415f"
        ],
        "x-ms-routing-request-id": [
          "WESTUS2:20180506T060143Z:44ff1096-df0e-4c08-90b8-488fb196415f"
        ],
        "Strict-Transport-Security": [
          "max-age=31536000; includeSubDomains"
        ],
        "X-Content-Type-Options": [
          "nosniff"
        ],
        "Cache-Control": [
          "no-cache"
        ],
        "Date": [
          "Sun, 06 May 2018 06:01:43 GMT"
        ],
        "Server": [
          "Microsoft-HTTPAPI/2.0"
        ]
      },
      "StatusCode": 200
    },
    {
      "RequestUri": "/subscriptions/df7c055c-6310-4374-9852-10ef71ce5f85/resourceGroups/ps5213/providers/Microsoft.Sql/servers/ps2656/databases/ps9090/syncGroups/ps1697?api-version=2015-05-01-preview",
      "EncodedRequestUri": "L3N1YnNjcmlwdGlvbnMvZGY3YzA1NWMtNjMxMC00Mzc0LTk4NTItMTBlZjcxY2U1Zjg1L3Jlc291cmNlR3JvdXBzL3BzNTIxMy9wcm92aWRlcnMvTWljcm9zb2Z0LlNxbC9zZXJ2ZXJzL3BzMjY1Ni9kYXRhYmFzZXMvcHM5MDkwL3N5bmNHcm91cHMvcHMxNjk3P2FwaS12ZXJzaW9uPTIwMTUtMDUtMDEtcHJldmlldw==",
      "RequestMethod": "GET",
      "RequestBody": "",
      "RequestHeaders": {
        "User-Agent": [
          "Microsoft.Azure.Management.Sql.LegacySdk.SqlManagementClient/4.4.1.0"
        ]
      },
      "ResponseBody": "{\r\n  \"error\": {\r\n    \"code\": \"ResourceNotFound\",\r\n    \"message\": \"The requested resource of type 'Microsoft.Sql/servers/databases/syncGroups' with name 'ps1697' was not found.\"\r\n  }\r\n}",
      "ResponseHeaders": {
        "Content-Length": [
          "159"
        ],
        "Content-Type": [
          "application/json; charset=utf-8"
        ],
        "Expires": [
          "-1"
        ],
        "Pragma": [
          "no-cache"
        ],
        "x-ms-request-id": [
          "785054e0-2369-432c-baf8-76d30ee6adaf"
        ],
        "x-ms-ratelimit-remaining-subscription-reads": [
          "14998"
        ],
        "x-ms-correlation-request-id": [
          "acb97dcd-bdd9-4dfb-8f76-c348e10ed415"
        ],
        "x-ms-routing-request-id": [
          "WESTUS2:20180506T060144Z:acb97dcd-bdd9-4dfb-8f76-c348e10ed415"
        ],
        "Strict-Transport-Security": [
          "max-age=31536000; includeSubDomains"
        ],
        "X-Content-Type-Options": [
          "nosniff"
        ],
        "Cache-Control": [
          "no-cache"
        ],
        "Date": [
          "Sun, 06 May 2018 06:01:44 GMT"
        ],
        "Server": [
          "Microsoft-HTTPAPI/2.0"
        ]
      },
      "StatusCode": 404
    },
    {
      "RequestUri": "/subscriptions/df7c055c-6310-4374-9852-10ef71ce5f85/resourceGroups/ps5213/providers/Microsoft.Sql/servers/ps2656/databases/ps9090/syncGroups/ps1697?api-version=2015-05-01-preview",
      "EncodedRequestUri": "L3N1YnNjcmlwdGlvbnMvZGY3YzA1NWMtNjMxMC00Mzc0LTk4NTItMTBlZjcxY2U1Zjg1L3Jlc291cmNlR3JvdXBzL3BzNTIxMy9wcm92aWRlcnMvTWljcm9zb2Z0LlNxbC9zZXJ2ZXJzL3BzMjY1Ni9kYXRhYmFzZXMvcHM5MDkwL3N5bmNHcm91cHMvcHMxNjk3P2FwaS12ZXJzaW9uPTIwMTUtMDUtMDEtcHJldmlldw==",
      "RequestMethod": "GET",
      "RequestBody": "",
      "RequestHeaders": {
        "User-Agent": [
          "Microsoft.Azure.Management.Sql.LegacySdk.SqlManagementClient/4.4.1.0"
        ]
      },
      "ResponseBody": "{\r\n  \"properties\": {\r\n    \"interval\": 300,\r\n    \"lastSyncTime\": \"0001-01-01T00:00:00Z\",\r\n    \"conflictResolutionPolicy\": \"HubWin\",\r\n    \"syncDatabaseId\": \"/subscriptions/df7c055c-6310-4374-9852-10ef71ce5f85/resourceGroups/ps5213/providers/Microsoft.Sql/servers/ps2656/databases/ps4195\",\r\n    \"hubDatabaseUserName\": \"testusername\",\r\n    \"syncState\": \"NotReady\"\r\n  },\r\n  \"id\": \"/subscriptions/df7c055c-6310-4374-9852-10ef71ce5f85/resourceGroups/ps5213/providers/Microsoft.Sql/servers/ps2656/databases/ps9090/syncGroups/ps1697\",\r\n  \"name\": \"ps1697\",\r\n  \"type\": \"Microsoft.Sql/servers/databases/syncGroups\"\r\n}",
      "ResponseHeaders": {
        "Content-Length": [
          "537"
        ],
        "Content-Type": [
          "application/json; charset=utf-8"
        ],
        "Expires": [
          "-1"
        ],
        "Pragma": [
          "no-cache"
        ],
        "x-ms-request-id": [
          "4771f9af-8b32-49bd-93a0-d26e49fc0cab"
        ],
        "x-ms-ratelimit-remaining-subscription-reads": [
          "14993"
        ],
        "x-ms-correlation-request-id": [
          "2579e764-56d0-42e0-b131-3e08a73f36a1"
        ],
        "x-ms-routing-request-id": [
          "WESTUS2:20180506T060230Z:2579e764-56d0-42e0-b131-3e08a73f36a1"
        ],
        "Strict-Transport-Security": [
          "max-age=31536000; includeSubDomains"
        ],
        "X-Content-Type-Options": [
          "nosniff"
        ],
        "Cache-Control": [
          "no-cache"
        ],
        "Date": [
          "Sun, 06 May 2018 06:02:30 GMT"
        ],
        "Server": [
          "Microsoft-HTTPAPI/2.0"
        ]
      },
      "StatusCode": 200
    },
    {
      "RequestUri": "/subscriptions/df7c055c-6310-4374-9852-10ef71ce5f85/resourceGroups/ps5213/providers/Microsoft.Sql/servers/ps2656/databases/ps9090/syncGroups/ps1697?api-version=2015-05-01-preview",
      "EncodedRequestUri": "L3N1YnNjcmlwdGlvbnMvZGY3YzA1NWMtNjMxMC00Mzc0LTk4NTItMTBlZjcxY2U1Zjg1L3Jlc291cmNlR3JvdXBzL3BzNTIxMy9wcm92aWRlcnMvTWljcm9zb2Z0LlNxbC9zZXJ2ZXJzL3BzMjY1Ni9kYXRhYmFzZXMvcHM5MDkwL3N5bmNHcm91cHMvcHMxNjk3P2FwaS12ZXJzaW9uPTIwMTUtMDUtMDEtcHJldmlldw==",
      "RequestMethod": "PUT",
      "RequestBody": "{\r\n  \"properties\": {\r\n    \"interval\": 300,\r\n    \"conflictResolutionPolicy\": \"HubWin\",\r\n    \"syncDatabaseId\": \"/subscriptions/df7c055c-6310-4374-9852-10ef71ce5f85/resourceGroups/ps5213/providers/Microsoft.Sql/servers/ps2656/databases/ps4195\",\r\n    \"hubDatabaseUserName\": \"testusername\",\r\n    \"hubDatabasePassword\": \"t357ingP@s5w0rd!\"\r\n  }\r\n}",
      "RequestHeaders": {
        "Content-Type": [
          "application/json; charset=utf-8"
        ],
        "Content-Length": [
          "340"
        ],
        "User-Agent": [
          "Microsoft.Azure.Management.Sql.LegacySdk.SqlManagementClient/4.4.1.0"
        ]
      },
      "ResponseBody": "{\r\n  \"operation\": \"UpsertSyncGroup\",\r\n  \"startTime\": \"2018-05-06T06:01:45.003Z\"\r\n}",
      "ResponseHeaders": {
        "Content-Length": [
          "70"
        ],
        "Content-Type": [
          "application/json; charset=utf-8"
        ],
        "Expires": [
          "-1"
        ],
        "Pragma": [
          "no-cache"
        ],
        "Retry-After": [
          "15"
        ],
        "x-ms-request-id": [
          "f2627111-547c-42b7-ad35-97a9dab87ed8"
        ],
        "x-ms-ratelimit-remaining-subscription-writes": [
          "1198"
        ],
        "x-ms-correlation-request-id": [
          "e625ba4c-e9c0-4d1d-a59e-cecc5fbf2e51"
        ],
        "x-ms-routing-request-id": [
          "WESTUS2:20180506T060145Z:e625ba4c-e9c0-4d1d-a59e-cecc5fbf2e51"
        ],
        "Strict-Transport-Security": [
          "max-age=31536000; includeSubDomains"
        ],
        "X-Content-Type-Options": [
          "nosniff"
        ],
        "Cache-Control": [
          "no-cache"
        ],
        "Date": [
          "Sun, 06 May 2018 06:01:44 GMT"
        ],
        "Location": [
          "https://management.azure.com/subscriptions/df7c055c-6310-4374-9852-10ef71ce5f85/resourceGroups/ps5213/providers/Microsoft.Sql/locations/westus2/syncGroupOperationResults/f2627111-547c-42b7-ad35-97a9dab87ed8?api-version=2015-05-01-preview"
        ],
        "Server": [
          "Microsoft-HTTPAPI/2.0"
        ]
      },
      "StatusCode": 202
    },
    {
      "RequestUri": "/subscriptions/df7c055c-6310-4374-9852-10ef71ce5f85/resourceGroups/ps5213/providers/Microsoft.Sql/locations/westus2/syncGroupOperationResults/f2627111-547c-42b7-ad35-97a9dab87ed8?api-version=2015-05-01-preview",
      "EncodedRequestUri": "L3N1YnNjcmlwdGlvbnMvZGY3YzA1NWMtNjMxMC00Mzc0LTk4NTItMTBlZjcxY2U1Zjg1L3Jlc291cmNlR3JvdXBzL3BzNTIxMy9wcm92aWRlcnMvTWljcm9zb2Z0LlNxbC9sb2NhdGlvbnMvd2VzdHVzMi9zeW5jR3JvdXBPcGVyYXRpb25SZXN1bHRzL2YyNjI3MTExLTU0N2MtNDJiNy1hZDM1LTk3YTlkYWI4N2VkOD9hcGktdmVyc2lvbj0yMDE1LTA1LTAxLXByZXZpZXc=",
      "RequestMethod": "GET",
      "RequestBody": "",
      "RequestHeaders": {
        "User-Agent": [
          "Microsoft.Azure.Management.Sql.LegacySdk.SqlManagementClient/4.4.1.0"
        ]
      },
      "ResponseBody": "{\r\n  \"operation\": \"UpsertSyncGroup\",\r\n  \"startTime\": \"2018-05-06T06:01:45.003Z\"\r\n}",
      "ResponseHeaders": {
        "Content-Length": [
          "70"
        ],
        "Content-Type": [
          "application/json; charset=utf-8"
        ],
        "Expires": [
          "-1"
        ],
        "Pragma": [
          "no-cache"
        ],
        "Retry-After": [
          "15"
        ],
        "x-ms-request-id": [
          "770d7d48-7e79-4a54-867d-1e55606f3471"
        ],
        "x-ms-ratelimit-remaining-subscription-reads": [
          "14997"
        ],
        "x-ms-correlation-request-id": [
          "8242474f-7ea4-4937-9d7c-98aada6c5e57"
        ],
        "x-ms-routing-request-id": [
          "WESTUS2:20180506T060145Z:8242474f-7ea4-4937-9d7c-98aada6c5e57"
        ],
        "Strict-Transport-Security": [
          "max-age=31536000; includeSubDomains"
        ],
        "X-Content-Type-Options": [
          "nosniff"
        ],
        "Cache-Control": [
          "no-cache"
        ],
        "Date": [
          "Sun, 06 May 2018 06:01:45 GMT"
        ],
        "Location": [
          "https://management.azure.com/subscriptions/df7c055c-6310-4374-9852-10ef71ce5f85/resourceGroups/ps5213/providers/Microsoft.Sql/locations/westus2/syncGroupOperationResults/f2627111-547c-42b7-ad35-97a9dab87ed8?api-version=2015-05-01-preview"
        ],
        "Server": [
          "Microsoft-HTTPAPI/2.0"
        ]
      },
      "StatusCode": 202
    },
    {
      "RequestUri": "/subscriptions/df7c055c-6310-4374-9852-10ef71ce5f85/resourceGroups/ps5213/providers/Microsoft.Sql/locations/westus2/syncGroupOperationResults/f2627111-547c-42b7-ad35-97a9dab87ed8?api-version=2015-05-01-preview",
      "EncodedRequestUri": "L3N1YnNjcmlwdGlvbnMvZGY3YzA1NWMtNjMxMC00Mzc0LTk4NTItMTBlZjcxY2U1Zjg1L3Jlc291cmNlR3JvdXBzL3BzNTIxMy9wcm92aWRlcnMvTWljcm9zb2Z0LlNxbC9sb2NhdGlvbnMvd2VzdHVzMi9zeW5jR3JvdXBPcGVyYXRpb25SZXN1bHRzL2YyNjI3MTExLTU0N2MtNDJiNy1hZDM1LTk3YTlkYWI4N2VkOD9hcGktdmVyc2lvbj0yMDE1LTA1LTAxLXByZXZpZXc=",
      "RequestMethod": "GET",
      "RequestBody": "",
      "RequestHeaders": {
        "User-Agent": [
          "Microsoft.Azure.Management.Sql.LegacySdk.SqlManagementClient/4.4.1.0"
        ]
      },
      "ResponseBody": "{\r\n  \"operation\": \"UpsertSyncGroup\",\r\n  \"startTime\": \"2018-05-06T06:01:45.003Z\"\r\n}",
      "ResponseHeaders": {
        "Content-Length": [
          "70"
        ],
        "Content-Type": [
          "application/json; charset=utf-8"
        ],
        "Expires": [
          "-1"
        ],
        "Pragma": [
          "no-cache"
        ],
        "Retry-After": [
          "15"
        ],
        "x-ms-request-id": [
          "f7636c7e-ab1d-4205-b4e5-f9d36298c2ce"
        ],
        "x-ms-ratelimit-remaining-subscription-reads": [
          "14996"
        ],
        "x-ms-correlation-request-id": [
          "8bff5cfa-d7c8-4bd0-bbbb-5fe65a3dd5db"
        ],
        "x-ms-routing-request-id": [
          "WESTUS2:20180506T060200Z:8bff5cfa-d7c8-4bd0-bbbb-5fe65a3dd5db"
        ],
        "Strict-Transport-Security": [
          "max-age=31536000; includeSubDomains"
        ],
        "X-Content-Type-Options": [
          "nosniff"
        ],
        "Cache-Control": [
          "no-cache"
        ],
        "Date": [
          "Sun, 06 May 2018 06:01:59 GMT"
        ],
        "Location": [
          "https://management.azure.com/subscriptions/df7c055c-6310-4374-9852-10ef71ce5f85/resourceGroups/ps5213/providers/Microsoft.Sql/locations/westus2/syncGroupOperationResults/f2627111-547c-42b7-ad35-97a9dab87ed8?api-version=2015-05-01-preview"
        ],
        "Server": [
          "Microsoft-HTTPAPI/2.0"
        ]
      },
      "StatusCode": 202
    },
    {
      "RequestUri": "/subscriptions/df7c055c-6310-4374-9852-10ef71ce5f85/resourceGroups/ps5213/providers/Microsoft.Sql/locations/westus2/syncGroupOperationResults/f2627111-547c-42b7-ad35-97a9dab87ed8?api-version=2015-05-01-preview",
      "EncodedRequestUri": "L3N1YnNjcmlwdGlvbnMvZGY3YzA1NWMtNjMxMC00Mzc0LTk4NTItMTBlZjcxY2U1Zjg1L3Jlc291cmNlR3JvdXBzL3BzNTIxMy9wcm92aWRlcnMvTWljcm9zb2Z0LlNxbC9sb2NhdGlvbnMvd2VzdHVzMi9zeW5jR3JvdXBPcGVyYXRpb25SZXN1bHRzL2YyNjI3MTExLTU0N2MtNDJiNy1hZDM1LTk3YTlkYWI4N2VkOD9hcGktdmVyc2lvbj0yMDE1LTA1LTAxLXByZXZpZXc=",
      "RequestMethod": "GET",
      "RequestBody": "",
      "RequestHeaders": {
        "User-Agent": [
          "Microsoft.Azure.Management.Sql.LegacySdk.SqlManagementClient/4.4.1.0"
        ]
      },
      "ResponseBody": "{\r\n  \"operation\": \"UpsertSyncGroup\",\r\n  \"startTime\": \"2018-05-06T06:01:45.003Z\"\r\n}",
      "ResponseHeaders": {
        "Content-Length": [
          "70"
        ],
        "Content-Type": [
          "application/json; charset=utf-8"
        ],
        "Expires": [
          "-1"
        ],
        "Pragma": [
          "no-cache"
        ],
        "Retry-After": [
          "15"
        ],
        "x-ms-request-id": [
          "4f21103a-958a-4b6c-a682-3a39fa719443"
        ],
        "x-ms-ratelimit-remaining-subscription-reads": [
          "14995"
        ],
        "x-ms-correlation-request-id": [
          "63c2a6ae-bbe6-457f-affe-ceed3386ba00"
        ],
        "x-ms-routing-request-id": [
          "WESTUS2:20180506T060215Z:63c2a6ae-bbe6-457f-affe-ceed3386ba00"
        ],
        "Strict-Transport-Security": [
          "max-age=31536000; includeSubDomains"
        ],
        "X-Content-Type-Options": [
          "nosniff"
        ],
        "Cache-Control": [
          "no-cache"
        ],
        "Date": [
          "Sun, 06 May 2018 06:02:14 GMT"
        ],
        "Location": [
          "https://management.azure.com/subscriptions/df7c055c-6310-4374-9852-10ef71ce5f85/resourceGroups/ps5213/providers/Microsoft.Sql/locations/westus2/syncGroupOperationResults/f2627111-547c-42b7-ad35-97a9dab87ed8?api-version=2015-05-01-preview"
        ],
        "Server": [
          "Microsoft-HTTPAPI/2.0"
        ]
      },
      "StatusCode": 202
    },
    {
      "RequestUri": "/subscriptions/df7c055c-6310-4374-9852-10ef71ce5f85/resourceGroups/ps5213/providers/Microsoft.Sql/locations/westus2/syncGroupOperationResults/f2627111-547c-42b7-ad35-97a9dab87ed8?api-version=2015-05-01-preview",
      "EncodedRequestUri": "L3N1YnNjcmlwdGlvbnMvZGY3YzA1NWMtNjMxMC00Mzc0LTk4NTItMTBlZjcxY2U1Zjg1L3Jlc291cmNlR3JvdXBzL3BzNTIxMy9wcm92aWRlcnMvTWljcm9zb2Z0LlNxbC9sb2NhdGlvbnMvd2VzdHVzMi9zeW5jR3JvdXBPcGVyYXRpb25SZXN1bHRzL2YyNjI3MTExLTU0N2MtNDJiNy1hZDM1LTk3YTlkYWI4N2VkOD9hcGktdmVyc2lvbj0yMDE1LTA1LTAxLXByZXZpZXc=",
      "RequestMethod": "GET",
      "RequestBody": "",
      "RequestHeaders": {
        "User-Agent": [
          "Microsoft.Azure.Management.Sql.LegacySdk.SqlManagementClient/4.4.1.0"
        ]
      },
      "ResponseBody": "{\r\n  \"properties\": {\r\n    \"interval\": 300,\r\n    \"lastSyncTime\": \"0001-01-01T00:00:00Z\",\r\n    \"conflictResolutionPolicy\": \"HubWin\",\r\n    \"syncDatabaseId\": \"/subscriptions/df7c055c-6310-4374-9852-10ef71ce5f85/resourceGroups/ps5213/providers/Microsoft.Sql/servers/ps2656/databases/ps4195\",\r\n    \"syncState\": \"Good\",\r\n    \"enableConflictLogging\": false,\r\n    \"conflictLoggingRetentionInDays\": 30\r\n  },\r\n  \"id\": \"/subscriptions/df7c055c-6310-4374-9852-10ef71ce5f85/resourceGroups/ps5213/providers/Microsoft.Sql/servers/ps2656/databases/ps9090/syncGroups/ps1697\",\r\n  \"name\": \"ps1697\",\r\n  \"type\": \"Microsoft.Sql/servers/databases/syncGroups\"\r\n}",
      "ResponseHeaders": {
        "Content-Length": [
          "562"
        ],
        "Content-Type": [
          "application/json; charset=utf-8"
        ],
        "Expires": [
          "-1"
        ],
        "Pragma": [
          "no-cache"
        ],
        "x-ms-request-id": [
          "ce82205c-df8d-47f0-b8cf-6f959a185f9c"
        ],
        "x-ms-ratelimit-remaining-subscription-reads": [
          "14994"
        ],
        "x-ms-correlation-request-id": [
          "00eb3b42-3744-4206-a24a-edc6785559e6"
        ],
        "x-ms-routing-request-id": [
          "WESTUS2:20180506T060230Z:00eb3b42-3744-4206-a24a-edc6785559e6"
        ],
        "Strict-Transport-Security": [
          "max-age=31536000; includeSubDomains"
        ],
        "X-Content-Type-Options": [
          "nosniff"
        ],
        "Cache-Control": [
          "no-cache"
        ],
        "Date": [
          "Sun, 06 May 2018 06:02:30 GMT"
        ],
        "Server": [
          "Microsoft-HTTPAPI/2.0"
        ]
      },
      "StatusCode": 201
    },
    {
      "RequestUri": "/subscriptions/df7c055c-6310-4374-9852-10ef71ce5f85/resourceGroups/ps5213/providers/Microsoft.Sql/servers/ps2656/databases/ps9090/syncGroups/ps1697/syncMembers/ps3381?api-version=2015-05-01-preview",
      "EncodedRequestUri": "L3N1YnNjcmlwdGlvbnMvZGY3YzA1NWMtNjMxMC00Mzc0LTk4NTItMTBlZjcxY2U1Zjg1L3Jlc291cmNlR3JvdXBzL3BzNTIxMy9wcm92aWRlcnMvTWljcm9zb2Z0LlNxbC9zZXJ2ZXJzL3BzMjY1Ni9kYXRhYmFzZXMvcHM5MDkwL3N5bmNHcm91cHMvcHMxNjk3L3N5bmNNZW1iZXJzL3BzMzM4MT9hcGktdmVyc2lvbj0yMDE1LTA1LTAxLXByZXZpZXc=",
      "RequestMethod": "GET",
      "RequestBody": "",
      "RequestHeaders": {
        "User-Agent": [
          "Microsoft.Azure.Management.Sql.LegacySdk.SqlManagementClient/4.4.1.0"
        ]
      },
      "ResponseBody": "{\r\n  \"error\": {\r\n    \"code\": \"ResourceNotFound\",\r\n    \"message\": \"The requested resource of type 'Microsoft.Sql/servers/databases/syncGroups/syncMembers' with name 'ps3381' was not found.\"\r\n  }\r\n}",
      "ResponseHeaders": {
        "Content-Length": [
          "171"
        ],
        "Content-Type": [
          "application/json; charset=utf-8"
        ],
        "Expires": [
          "-1"
        ],
        "Pragma": [
          "no-cache"
        ],
        "x-ms-request-id": [
          "3ae9416d-3c91-498f-8cc8-35486a15649b"
        ],
        "x-ms-ratelimit-remaining-subscription-reads": [
          "14992"
        ],
        "x-ms-correlation-request-id": [
          "6f0cac0d-ba33-4ff8-99ce-625ff1dfdb03"
        ],
        "x-ms-routing-request-id": [
          "WESTUS2:20180506T060230Z:6f0cac0d-ba33-4ff8-99ce-625ff1dfdb03"
        ],
        "Strict-Transport-Security": [
          "max-age=31536000; includeSubDomains"
        ],
        "X-Content-Type-Options": [
          "nosniff"
        ],
        "Cache-Control": [
          "no-cache"
        ],
        "Date": [
          "Sun, 06 May 2018 06:02:30 GMT"
        ],
        "Server": [
          "Microsoft-HTTPAPI/2.0"
        ]
      },
      "StatusCode": 404
    },
    {
      "RequestUri": "/subscriptions/df7c055c-6310-4374-9852-10ef71ce5f85/resourceGroups/ps5213/providers/Microsoft.Sql/servers/ps2656/databases/ps9090/syncGroups/ps1697/syncMembers/ps3381?api-version=2015-05-01-preview",
      "EncodedRequestUri": "L3N1YnNjcmlwdGlvbnMvZGY3YzA1NWMtNjMxMC00Mzc0LTk4NTItMTBlZjcxY2U1Zjg1L3Jlc291cmNlR3JvdXBzL3BzNTIxMy9wcm92aWRlcnMvTWljcm9zb2Z0LlNxbC9zZXJ2ZXJzL3BzMjY1Ni9kYXRhYmFzZXMvcHM5MDkwL3N5bmNHcm91cHMvcHMxNjk3L3N5bmNNZW1iZXJzL3BzMzM4MT9hcGktdmVyc2lvbj0yMDE1LTA1LTAxLXByZXZpZXc=",
      "RequestMethod": "GET",
      "RequestBody": "",
      "RequestHeaders": {
        "User-Agent": [
          "Microsoft.Azure.Management.Sql.LegacySdk.SqlManagementClient/4.4.1.0"
        ]
      },
      "ResponseBody": "{\r\n  \"properties\": {\r\n    \"databaseType\": \"AzureSqlDatabase\",\r\n    \"serverName\": \"ps2656.database.windows.net\",\r\n    \"databaseName\": \"ps8157\",\r\n    \"userName\": \"testusername\",\r\n    \"syncDirection\": \"Bidirectional\",\r\n    \"syncState\": \"UnProvisioned\",\r\n    \"skipInitSync\": false\r\n  },\r\n  \"id\": \"/subscriptions/df7c055c-6310-4374-9852-10ef71ce5f85/resourceGroups/ps5213/providers/Microsoft.Sql/servers/ps2656/databases/ps9090/syncGroups/ps1697/syncMembers/ps3381\",\r\n  \"name\": \"ps3381\",\r\n  \"type\": \"Microsoft.Sql/servers/databases/syncGroups/syncMembers\"\r\n}",
      "ResponseHeaders": {
        "Content-Length": [
          "478"
        ],
        "Content-Type": [
          "application/json; charset=utf-8"
        ],
        "Expires": [
          "-1"
        ],
        "Pragma": [
          "no-cache"
        ],
        "x-ms-request-id": [
          "52506cf0-fcba-4f5a-9707-27e36e5cbfd9"
        ],
        "x-ms-ratelimit-remaining-subscription-reads": [
          "14988"
        ],
        "x-ms-correlation-request-id": [
          "0d1a6369-72bf-4730-a36d-bca40a45a9de"
        ],
        "x-ms-routing-request-id": [
          "WESTUS2:20180506T060301Z:0d1a6369-72bf-4730-a36d-bca40a45a9de"
        ],
        "Strict-Transport-Security": [
          "max-age=31536000; includeSubDomains"
        ],
        "X-Content-Type-Options": [
          "nosniff"
        ],
        "Cache-Control": [
          "no-cache"
        ],
        "Date": [
          "Sun, 06 May 2018 06:03:00 GMT"
        ],
        "Server": [
          "Microsoft-HTTPAPI/2.0"
        ]
      },
      "StatusCode": 200
    },
    {
      "RequestUri": "/subscriptions/df7c055c-6310-4374-9852-10ef71ce5f85/resourceGroups/ps5213/providers/Microsoft.Sql/servers/ps2656/databases/ps9090/syncGroups/ps1697/syncMembers/ps3381?api-version=2015-05-01-preview",
      "EncodedRequestUri": "L3N1YnNjcmlwdGlvbnMvZGY3YzA1NWMtNjMxMC00Mzc0LTk4NTItMTBlZjcxY2U1Zjg1L3Jlc291cmNlR3JvdXBzL3BzNTIxMy9wcm92aWRlcnMvTWljcm9zb2Z0LlNxbC9zZXJ2ZXJzL3BzMjY1Ni9kYXRhYmFzZXMvcHM5MDkwL3N5bmNHcm91cHMvcHMxNjk3L3N5bmNNZW1iZXJzL3BzMzM4MT9hcGktdmVyc2lvbj0yMDE1LTA1LTAxLXByZXZpZXc=",
      "RequestMethod": "GET",
      "RequestBody": "",
      "RequestHeaders": {
        "User-Agent": [
          "Microsoft.Azure.Management.Sql.LegacySdk.SqlManagementClient/4.4.1.0"
        ]
      },
      "ResponseBody": "{\r\n  \"properties\": {\r\n    \"databaseType\": \"AzureSqlDatabase\",\r\n    \"serverName\": \"ps2656.database.windows.net\",\r\n    \"databaseName\": \"ps8157\",\r\n    \"userName\": \"testusername\",\r\n    \"syncDirection\": \"Bidirectional\",\r\n    \"syncState\": \"UnProvisioned\",\r\n    \"skipInitSync\": false\r\n  },\r\n  \"id\": \"/subscriptions/df7c055c-6310-4374-9852-10ef71ce5f85/resourceGroups/ps5213/providers/Microsoft.Sql/servers/ps2656/databases/ps9090/syncGroups/ps1697/syncMembers/ps3381\",\r\n  \"name\": \"ps3381\",\r\n  \"type\": \"Microsoft.Sql/servers/databases/syncGroups/syncMembers\"\r\n}",
      "ResponseHeaders": {
        "Content-Length": [
          "478"
        ],
        "Content-Type": [
          "application/json; charset=utf-8"
        ],
        "Expires": [
          "-1"
        ],
        "Pragma": [
          "no-cache"
        ],
        "x-ms-request-id": [
          "e4d832f6-34c4-4ca7-909f-9be18961b026"
        ],
        "x-ms-ratelimit-remaining-subscription-reads": [
          "14987"
        ],
        "x-ms-correlation-request-id": [
          "263ac9c7-8e90-43aa-b96e-70bb7990420b"
        ],
        "x-ms-routing-request-id": [
          "WESTUS2:20180506T060301Z:263ac9c7-8e90-43aa-b96e-70bb7990420b"
        ],
        "Strict-Transport-Security": [
          "max-age=31536000; includeSubDomains"
        ],
        "X-Content-Type-Options": [
          "nosniff"
        ],
        "Cache-Control": [
          "no-cache"
        ],
        "Date": [
          "Sun, 06 May 2018 06:03:01 GMT"
        ],
        "Server": [
          "Microsoft-HTTPAPI/2.0"
        ]
      },
      "StatusCode": 200
    },
    {
      "RequestUri": "/subscriptions/df7c055c-6310-4374-9852-10ef71ce5f85/resourceGroups/ps5213/providers/Microsoft.Sql/servers/ps2656/databases/ps9090/syncGroups/ps1697/syncMembers/ps3381?api-version=2015-05-01-preview",
      "EncodedRequestUri": "L3N1YnNjcmlwdGlvbnMvZGY3YzA1NWMtNjMxMC00Mzc0LTk4NTItMTBlZjcxY2U1Zjg1L3Jlc291cmNlR3JvdXBzL3BzNTIxMy9wcm92aWRlcnMvTWljcm9zb2Z0LlNxbC9zZXJ2ZXJzL3BzMjY1Ni9kYXRhYmFzZXMvcHM5MDkwL3N5bmNHcm91cHMvcHMxNjk3L3N5bmNNZW1iZXJzL3BzMzM4MT9hcGktdmVyc2lvbj0yMDE1LTA1LTAxLXByZXZpZXc=",
      "RequestMethod": "PUT",
      "RequestBody": "{\r\n  \"properties\": {\r\n    \"syncDirection\": \"Bidirectional\",\r\n    \"serverName\": \"ps2656.database.windows.net\",\r\n    \"databaseName\": \"ps8157\",\r\n    \"userName\": \"testusername\",\r\n    \"password\": \"t357ingP@s5w0rd!\",\r\n    \"databaseType\": \"AzureSqlDatabase\"\r\n  }\r\n}",
      "RequestHeaders": {
        "Content-Type": [
          "application/json; charset=utf-8"
        ],
        "Content-Length": [
          "258"
        ],
        "User-Agent": [
          "Microsoft.Azure.Management.Sql.LegacySdk.SqlManagementClient/4.4.1.0"
        ]
      },
      "ResponseBody": "{\r\n  \"operation\": \"UpsertSyncMember\",\r\n  \"startTime\": \"2018-05-06T06:02:31.087Z\"\r\n}",
      "ResponseHeaders": {
        "Content-Length": [
          "71"
        ],
        "Content-Type": [
          "application/json; charset=utf-8"
        ],
        "Expires": [
          "-1"
        ],
        "Pragma": [
          "no-cache"
        ],
        "Retry-After": [
          "15"
        ],
        "x-ms-request-id": [
          "6adfc4ba-4b8d-43c2-abd5-ace2acddee42"
        ],
        "x-ms-ratelimit-remaining-subscription-writes": [
          "1197"
        ],
        "x-ms-correlation-request-id": [
          "2f1df947-1a51-46a9-ab54-3709553a7025"
        ],
        "x-ms-routing-request-id": [
          "WESTUS2:20180506T060231Z:2f1df947-1a51-46a9-ab54-3709553a7025"
        ],
        "Strict-Transport-Security": [
          "max-age=31536000; includeSubDomains"
        ],
        "X-Content-Type-Options": [
          "nosniff"
        ],
        "Cache-Control": [
          "no-cache"
        ],
        "Date": [
          "Sun, 06 May 2018 06:02:31 GMT"
        ],
        "Location": [
          "https://management.azure.com/subscriptions/df7c055c-6310-4374-9852-10ef71ce5f85/resourceGroups/ps5213/providers/Microsoft.Sql/locations/westus2/syncMemberOperationResults/6adfc4ba-4b8d-43c2-abd5-ace2acddee42?api-version=2015-05-01-preview"
        ],
        "Server": [
          "Microsoft-HTTPAPI/2.0"
        ]
      },
      "StatusCode": 202
    },
    {
      "RequestUri": "/subscriptions/df7c055c-6310-4374-9852-10ef71ce5f85/resourceGroups/ps5213/providers/Microsoft.Sql/locations/westus2/syncMemberOperationResults/6adfc4ba-4b8d-43c2-abd5-ace2acddee42?api-version=2015-05-01-preview",
      "EncodedRequestUri": "L3N1YnNjcmlwdGlvbnMvZGY3YzA1NWMtNjMxMC00Mzc0LTk4NTItMTBlZjcxY2U1Zjg1L3Jlc291cmNlR3JvdXBzL3BzNTIxMy9wcm92aWRlcnMvTWljcm9zb2Z0LlNxbC9sb2NhdGlvbnMvd2VzdHVzMi9zeW5jTWVtYmVyT3BlcmF0aW9uUmVzdWx0cy82YWRmYzRiYS00YjhkLTQzYzItYWJkNS1hY2UyYWNkZGVlNDI/YXBpLXZlcnNpb249MjAxNS0wNS0wMS1wcmV2aWV3",
      "RequestMethod": "GET",
      "RequestBody": "",
      "RequestHeaders": {
        "User-Agent": [
          "Microsoft.Azure.Management.Sql.LegacySdk.SqlManagementClient/4.4.1.0"
        ]
      },
      "ResponseBody": "{\r\n  \"operation\": \"UpsertSyncMember\",\r\n  \"startTime\": \"2018-05-06T06:02:31.087Z\"\r\n}",
      "ResponseHeaders": {
        "Content-Length": [
          "71"
        ],
        "Content-Type": [
          "application/json; charset=utf-8"
        ],
        "Expires": [
          "-1"
        ],
        "Pragma": [
          "no-cache"
        ],
        "Retry-After": [
          "15"
        ],
        "x-ms-request-id": [
          "d1824c56-d39d-4a3e-83a6-cf473e0c44bc"
        ],
        "x-ms-ratelimit-remaining-subscription-reads": [
          "14991"
        ],
        "x-ms-correlation-request-id": [
          "1ae503ce-d552-4736-b3fd-43f985a1f155"
        ],
        "x-ms-routing-request-id": [
          "WESTUS2:20180506T060231Z:1ae503ce-d552-4736-b3fd-43f985a1f155"
        ],
        "Strict-Transport-Security": [
          "max-age=31536000; includeSubDomains"
        ],
        "X-Content-Type-Options": [
          "nosniff"
        ],
        "Cache-Control": [
          "no-cache"
        ],
        "Date": [
          "Sun, 06 May 2018 06:02:31 GMT"
        ],
        "Location": [
          "https://management.azure.com/subscriptions/df7c055c-6310-4374-9852-10ef71ce5f85/resourceGroups/ps5213/providers/Microsoft.Sql/locations/westus2/syncMemberOperationResults/6adfc4ba-4b8d-43c2-abd5-ace2acddee42?api-version=2015-05-01-preview"
        ],
        "Server": [
          "Microsoft-HTTPAPI/2.0"
        ]
      },
      "StatusCode": 202
    },
    {
      "RequestUri": "/subscriptions/df7c055c-6310-4374-9852-10ef71ce5f85/resourceGroups/ps5213/providers/Microsoft.Sql/locations/westus2/syncMemberOperationResults/6adfc4ba-4b8d-43c2-abd5-ace2acddee42?api-version=2015-05-01-preview",
      "EncodedRequestUri": "L3N1YnNjcmlwdGlvbnMvZGY3YzA1NWMtNjMxMC00Mzc0LTk4NTItMTBlZjcxY2U1Zjg1L3Jlc291cmNlR3JvdXBzL3BzNTIxMy9wcm92aWRlcnMvTWljcm9zb2Z0LlNxbC9sb2NhdGlvbnMvd2VzdHVzMi9zeW5jTWVtYmVyT3BlcmF0aW9uUmVzdWx0cy82YWRmYzRiYS00YjhkLTQzYzItYWJkNS1hY2UyYWNkZGVlNDI/YXBpLXZlcnNpb249MjAxNS0wNS0wMS1wcmV2aWV3",
      "RequestMethod": "GET",
      "RequestBody": "",
      "RequestHeaders": {
        "User-Agent": [
          "Microsoft.Azure.Management.Sql.LegacySdk.SqlManagementClient/4.4.1.0"
        ]
      },
      "ResponseBody": "{\r\n  \"operation\": \"UpsertSyncMember\",\r\n  \"startTime\": \"2018-05-06T06:02:31.087Z\"\r\n}",
      "ResponseHeaders": {
        "Content-Length": [
          "71"
        ],
        "Content-Type": [
          "application/json; charset=utf-8"
        ],
        "Expires": [
          "-1"
        ],
        "Pragma": [
          "no-cache"
        ],
        "Retry-After": [
          "15"
        ],
        "x-ms-request-id": [
          "d942a36f-1685-4ef3-bd6c-25a77bc3b96d"
        ],
        "x-ms-ratelimit-remaining-subscription-reads": [
          "14990"
        ],
        "x-ms-correlation-request-id": [
          "2d69804a-5862-403f-b9aa-660d7286a0fd"
        ],
        "x-ms-routing-request-id": [
          "WESTUS2:20180506T060246Z:2d69804a-5862-403f-b9aa-660d7286a0fd"
        ],
        "Strict-Transport-Security": [
          "max-age=31536000; includeSubDomains"
        ],
        "X-Content-Type-Options": [
          "nosniff"
        ],
        "Cache-Control": [
          "no-cache"
        ],
        "Date": [
          "Sun, 06 May 2018 06:02:45 GMT"
        ],
        "Location": [
          "https://management.azure.com/subscriptions/df7c055c-6310-4374-9852-10ef71ce5f85/resourceGroups/ps5213/providers/Microsoft.Sql/locations/westus2/syncMemberOperationResults/6adfc4ba-4b8d-43c2-abd5-ace2acddee42?api-version=2015-05-01-preview"
        ],
        "Server": [
          "Microsoft-HTTPAPI/2.0"
        ]
      },
      "StatusCode": 202
    },
    {
      "RequestUri": "/subscriptions/df7c055c-6310-4374-9852-10ef71ce5f85/resourceGroups/ps5213/providers/Microsoft.Sql/locations/westus2/syncMemberOperationResults/6adfc4ba-4b8d-43c2-abd5-ace2acddee42?api-version=2015-05-01-preview",
      "EncodedRequestUri": "L3N1YnNjcmlwdGlvbnMvZGY3YzA1NWMtNjMxMC00Mzc0LTk4NTItMTBlZjcxY2U1Zjg1L3Jlc291cmNlR3JvdXBzL3BzNTIxMy9wcm92aWRlcnMvTWljcm9zb2Z0LlNxbC9sb2NhdGlvbnMvd2VzdHVzMi9zeW5jTWVtYmVyT3BlcmF0aW9uUmVzdWx0cy82YWRmYzRiYS00YjhkLTQzYzItYWJkNS1hY2UyYWNkZGVlNDI/YXBpLXZlcnNpb249MjAxNS0wNS0wMS1wcmV2aWV3",
      "RequestMethod": "GET",
      "RequestBody": "",
      "RequestHeaders": {
        "User-Agent": [
          "Microsoft.Azure.Management.Sql.LegacySdk.SqlManagementClient/4.4.1.0"
        ]
      },
      "ResponseBody": "{\r\n  \"properties\": {\r\n    \"databaseType\": \"AzureSqlDatabase\",\r\n    \"serverName\": \"ps2656.database.windows.net\",\r\n    \"databaseName\": \"ps8157\",\r\n    \"syncDirection\": \"Bidirectional\",\r\n    \"skipInitSync\": false\r\n  },\r\n  \"id\": \"/subscriptions/df7c055c-6310-4374-9852-10ef71ce5f85/resourceGroups/ps5213/providers/Microsoft.Sql/servers/ps2656/databases/ps9090/syncGroups/ps1697/syncMembers/ps3381\",\r\n  \"name\": \"ps3381\",\r\n  \"type\": \"Microsoft.Sql/servers/databases/syncGroups/syncMembers\"\r\n}",
      "ResponseHeaders": {
        "Content-Length": [
          "424"
        ],
        "Content-Type": [
          "application/json; charset=utf-8"
        ],
        "Expires": [
          "-1"
        ],
        "Pragma": [
          "no-cache"
        ],
        "x-ms-request-id": [
          "c3c86c38-3b02-4ae5-b114-bf9bceacc496"
        ],
        "x-ms-ratelimit-remaining-subscription-reads": [
          "14989"
        ],
        "x-ms-correlation-request-id": [
          "0dd86aeb-7623-4ca8-84bc-7cdd9cc641fe"
        ],
        "x-ms-routing-request-id": [
          "WESTUS2:20180506T060301Z:0dd86aeb-7623-4ca8-84bc-7cdd9cc641fe"
        ],
        "Strict-Transport-Security": [
          "max-age=31536000; includeSubDomains"
        ],
        "X-Content-Type-Options": [
          "nosniff"
        ],
        "Cache-Control": [
          "no-cache"
        ],
        "Date": [
          "Sun, 06 May 2018 06:03:00 GMT"
        ],
        "Server": [
          "Microsoft-HTTPAPI/2.0"
        ]
      },
      "StatusCode": 201
    },
    {
      "RequestUri": "/subscriptions/df7c055c-6310-4374-9852-10ef71ce5f85/resourceGroups/ps5213/providers/Microsoft.Sql/servers/ps2656/databases/ps9090/syncGroups/ps1697/syncMembers/ps3381?api-version=2015-05-01-preview",
      "EncodedRequestUri": "L3N1YnNjcmlwdGlvbnMvZGY3YzA1NWMtNjMxMC00Mzc0LTk4NTItMTBlZjcxY2U1Zjg1L3Jlc291cmNlR3JvdXBzL3BzNTIxMy9wcm92aWRlcnMvTWljcm9zb2Z0LlNxbC9zZXJ2ZXJzL3BzMjY1Ni9kYXRhYmFzZXMvcHM5MDkwL3N5bmNHcm91cHMvcHMxNjk3L3N5bmNNZW1iZXJzL3BzMzM4MT9hcGktdmVyc2lvbj0yMDE1LTA1LTAxLXByZXZpZXc=",
      "RequestMethod": "DELETE",
      "RequestBody": "",
      "RequestHeaders": {
        "User-Agent": [
          "Microsoft.Azure.Management.Sql.LegacySdk.SqlManagementClient/4.4.1.0"
        ]
      },
      "ResponseBody": "{\r\n  \"operation\": \"DropSyncMember\",\r\n  \"startTime\": \"2018-05-06T06:03:02.143Z\"\r\n}",
      "ResponseHeaders": {
        "Content-Length": [
          "69"
        ],
        "Content-Type": [
          "application/json; charset=utf-8"
        ],
        "Expires": [
          "-1"
        ],
        "Pragma": [
          "no-cache"
        ],
        "Retry-After": [
          "15"
        ],
        "x-ms-request-id": [
          "09fbca9c-0106-4142-9be0-9186e015ee79"
        ],
        "x-ms-ratelimit-remaining-subscription-writes": [
          "1196"
        ],
        "x-ms-correlation-request-id": [
          "5e9b9d53-74e6-4b58-9c5f-da8cb95b00e3"
        ],
        "x-ms-routing-request-id": [
          "WESTUS2:20180506T060302Z:5e9b9d53-74e6-4b58-9c5f-da8cb95b00e3"
        ],
        "Strict-Transport-Security": [
          "max-age=31536000; includeSubDomains"
        ],
        "X-Content-Type-Options": [
          "nosniff"
        ],
        "Cache-Control": [
          "no-cache"
        ],
        "Date": [
          "Sun, 06 May 2018 06:03:01 GMT"
        ],
        "Location": [
          "https://management.azure.com/subscriptions/df7c055c-6310-4374-9852-10ef71ce5f85/resourceGroups/ps5213/providers/Microsoft.Sql/locations/westus2/syncMemberOperationResults/09fbca9c-0106-4142-9be0-9186e015ee79?api-version=2015-05-01-preview"
        ],
        "Server": [
          "Microsoft-HTTPAPI/2.0"
        ]
      },
      "StatusCode": 202
    },
    {
      "RequestUri": "/subscriptions/df7c055c-6310-4374-9852-10ef71ce5f85/resourceGroups/ps5213/providers/Microsoft.Sql/locations/westus2/syncMemberOperationResults/09fbca9c-0106-4142-9be0-9186e015ee79?api-version=2015-05-01-preview",
      "EncodedRequestUri": "L3N1YnNjcmlwdGlvbnMvZGY3YzA1NWMtNjMxMC00Mzc0LTk4NTItMTBlZjcxY2U1Zjg1L3Jlc291cmNlR3JvdXBzL3BzNTIxMy9wcm92aWRlcnMvTWljcm9zb2Z0LlNxbC9sb2NhdGlvbnMvd2VzdHVzMi9zeW5jTWVtYmVyT3BlcmF0aW9uUmVzdWx0cy8wOWZiY2E5Yy0wMTA2LTQxNDItOWJlMC05MTg2ZTAxNWVlNzk/YXBpLXZlcnNpb249MjAxNS0wNS0wMS1wcmV2aWV3",
      "RequestMethod": "GET",
      "RequestBody": "",
      "RequestHeaders": {
        "User-Agent": [
          "Microsoft.Azure.Management.Sql.LegacySdk.SqlManagementClient/4.4.1.0"
        ]
      },
      "ResponseBody": "{\r\n  \"operation\": \"DropSyncMember\",\r\n  \"startTime\": \"2018-05-06T06:03:02.143Z\"\r\n}",
      "ResponseHeaders": {
        "Content-Length": [
          "69"
        ],
        "Content-Type": [
          "application/json; charset=utf-8"
        ],
        "Expires": [
          "-1"
        ],
        "Pragma": [
          "no-cache"
        ],
        "Retry-After": [
          "15"
        ],
        "x-ms-request-id": [
          "cfd2ced9-01ea-4c85-bff7-26c9ae335465"
        ],
        "x-ms-ratelimit-remaining-subscription-reads": [
          "14986"
        ],
        "x-ms-correlation-request-id": [
          "46a95749-c616-4c50-9e74-4ee3cbc4dacf"
        ],
        "x-ms-routing-request-id": [
          "WESTUS2:20180506T060302Z:46a95749-c616-4c50-9e74-4ee3cbc4dacf"
        ],
        "Strict-Transport-Security": [
          "max-age=31536000; includeSubDomains"
        ],
        "X-Content-Type-Options": [
          "nosniff"
        ],
        "Cache-Control": [
          "no-cache"
        ],
        "Date": [
          "Sun, 06 May 2018 06:03:01 GMT"
        ],
        "Location": [
          "https://management.azure.com/subscriptions/df7c055c-6310-4374-9852-10ef71ce5f85/resourceGroups/ps5213/providers/Microsoft.Sql/locations/westus2/syncMemberOperationResults/09fbca9c-0106-4142-9be0-9186e015ee79?api-version=2015-05-01-preview"
        ],
        "Server": [
          "Microsoft-HTTPAPI/2.0"
        ]
      },
      "StatusCode": 202
    },
    {
      "RequestUri": "/subscriptions/df7c055c-6310-4374-9852-10ef71ce5f85/resourceGroups/ps5213/providers/Microsoft.Sql/locations/westus2/syncMemberOperationResults/09fbca9c-0106-4142-9be0-9186e015ee79?api-version=2015-05-01-preview",
      "EncodedRequestUri": "L3N1YnNjcmlwdGlvbnMvZGY3YzA1NWMtNjMxMC00Mzc0LTk4NTItMTBlZjcxY2U1Zjg1L3Jlc291cmNlR3JvdXBzL3BzNTIxMy9wcm92aWRlcnMvTWljcm9zb2Z0LlNxbC9sb2NhdGlvbnMvd2VzdHVzMi9zeW5jTWVtYmVyT3BlcmF0aW9uUmVzdWx0cy8wOWZiY2E5Yy0wMTA2LTQxNDItOWJlMC05MTg2ZTAxNWVlNzk/YXBpLXZlcnNpb249MjAxNS0wNS0wMS1wcmV2aWV3",
      "RequestMethod": "GET",
      "RequestBody": "",
      "RequestHeaders": {
        "User-Agent": [
          "Microsoft.Azure.Management.Sql.LegacySdk.SqlManagementClient/4.4.1.0"
        ]
      },
      "ResponseBody": "{\r\n  \"properties\": {\r\n    \"skipInitSync\": false\r\n  },\r\n  \"id\": \"/subscriptions/df7c055c-6310-4374-9852-10ef71ce5f85/resourceGroups/ps5213/providers/Microsoft.Sql/servers/ps2656/databases/ps9090/syncGroups/ps1697/syncMembers/ps3381\",\r\n  \"name\": \"ps3381\",\r\n  \"type\": \"Microsoft.Sql/servers/databases/syncGroups/syncMembers\"\r\n}",
      "ResponseHeaders": {
        "Content-Length": [
          "291"
        ],
        "Content-Type": [
          "application/json; charset=utf-8"
        ],
        "Expires": [
          "-1"
        ],
        "Pragma": [
          "no-cache"
        ],
        "x-ms-request-id": [
          "2b709453-9f5e-4f0b-a89f-f998d3da71f3"
        ],
        "x-ms-ratelimit-remaining-subscription-reads": [
          "14985"
        ],
        "x-ms-correlation-request-id": [
          "ed732bdc-91d4-46e1-ac62-0b3f66e8f3a5"
        ],
        "x-ms-routing-request-id": [
          "WESTUS2:20180506T060317Z:ed732bdc-91d4-46e1-ac62-0b3f66e8f3a5"
        ],
        "Strict-Transport-Security": [
          "max-age=31536000; includeSubDomains"
        ],
        "X-Content-Type-Options": [
          "nosniff"
        ],
        "Cache-Control": [
          "no-cache"
        ],
        "Date": [
          "Sun, 06 May 2018 06:03:17 GMT"
        ],
        "Server": [
          "Microsoft-HTTPAPI/2.0"
        ]
      },
      "StatusCode": 200
    },
    {
      "RequestUri": "/subscriptions/df7c055c-6310-4374-9852-10ef71ce5f85/resourceGroups/ps5213/providers/Microsoft.Sql/servers/ps2656/databases/ps9090/syncGroups/ps1697/syncMembers?api-version=2015-05-01-preview",
      "EncodedRequestUri": "L3N1YnNjcmlwdGlvbnMvZGY3YzA1NWMtNjMxMC00Mzc0LTk4NTItMTBlZjcxY2U1Zjg1L3Jlc291cmNlR3JvdXBzL3BzNTIxMy9wcm92aWRlcnMvTWljcm9zb2Z0LlNxbC9zZXJ2ZXJzL3BzMjY1Ni9kYXRhYmFzZXMvcHM5MDkwL3N5bmNHcm91cHMvcHMxNjk3L3N5bmNNZW1iZXJzP2FwaS12ZXJzaW9uPTIwMTUtMDUtMDEtcHJldmlldw==",
      "RequestMethod": "GET",
      "RequestBody": "",
      "RequestHeaders": {
        "User-Agent": [
          "Microsoft.Azure.Management.Sql.LegacySdk.SqlManagementClient/4.4.1.0"
        ]
      },
      "ResponseBody": "{\r\n  \"value\": []\r\n}",
      "ResponseHeaders": {
        "Content-Length": [
          "12"
        ],
        "Content-Type": [
          "application/json; charset=utf-8"
        ],
        "Expires": [
          "-1"
        ],
        "Pragma": [
          "no-cache"
        ],
        "x-ms-request-id": [
          "69ea0b94-a87e-4a82-a1f6-e24c6e66954e"
        ],
        "x-ms-ratelimit-remaining-subscription-reads": [
          "14984"
        ],
        "x-ms-correlation-request-id": [
          "bd3049d0-1624-4ddf-bd7f-4305b3ed86ee"
        ],
        "x-ms-routing-request-id": [
          "WESTUS2:20180506T060317Z:bd3049d0-1624-4ddf-bd7f-4305b3ed86ee"
        ],
        "Strict-Transport-Security": [
          "max-age=31536000; includeSubDomains"
        ],
        "X-Content-Type-Options": [
          "nosniff"
        ],
        "Cache-Control": [
          "no-cache"
        ],
        "Date": [
          "Sun, 06 May 2018 06:03:17 GMT"
        ],
        "Server": [
          "Microsoft-HTTPAPI/2.0"
        ]
      },
      "StatusCode": 200
    },
    {
      "RequestUri": "/subscriptions/df7c055c-6310-4374-9852-10ef71ce5f85/resourcegroups/ps5213?api-version=2016-02-01",
      "EncodedRequestUri": "L3N1YnNjcmlwdGlvbnMvZGY3YzA1NWMtNjMxMC00Mzc0LTk4NTItMTBlZjcxY2U1Zjg1L3Jlc291cmNlZ3JvdXBzL3BzNTIxMz9hcGktdmVyc2lvbj0yMDE2LTAyLTAx",
      "RequestMethod": "DELETE",
      "RequestBody": "",
      "RequestHeaders": {
        "User-Agent": [
          "Microsoft.Azure.Management.Resources.ResourceManagementClient/2.0.0.0"
        ]
      },
      "ResponseBody": "",
      "ResponseHeaders": {
        "Content-Length": [
          "0"
        ],
        "Expires": [
          "-1"
        ],
        "Pragma": [
          "no-cache"
        ],
        "Retry-After": [
          "15"
        ],
        "x-ms-ratelimit-remaining-subscription-writes": [
          "1199"
        ],
        "x-ms-request-id": [
          "a791e025-352a-49d3-b7b0-8a891a5539b6"
        ],
        "x-ms-correlation-request-id": [
          "a791e025-352a-49d3-b7b0-8a891a5539b6"
        ],
        "x-ms-routing-request-id": [
          "WESTUS2:20180506T060318Z:a791e025-352a-49d3-b7b0-8a891a5539b6"
        ],
        "Strict-Transport-Security": [
          "max-age=31536000; includeSubDomains"
        ],
        "X-Content-Type-Options": [
          "nosniff"
        ],
        "Cache-Control": [
          "no-cache"
        ],
        "Date": [
          "Sun, 06 May 2018 06:03:17 GMT"
        ],
        "Location": [
          "https://management.azure.com/subscriptions/df7c055c-6310-4374-9852-10ef71ce5f85/operationresults/eyJqb2JJZCI6IlJFU09VUkNFR1JPVVBERUxFVElPTkpPQi1QUzUyMTMtV0VTVENFTlRSQUxVUyIsImpvYkxvY2F0aW9uIjoid2VzdGNlbnRyYWx1cyJ9?api-version=2016-02-01"
        ]
      },
      "StatusCode": 202
    },
    {
      "RequestUri": "/subscriptions/df7c055c-6310-4374-9852-10ef71ce5f85/operationresults/eyJqb2JJZCI6IlJFU09VUkNFR1JPVVBERUxFVElPTkpPQi1QUzUyMTMtV0VTVENFTlRSQUxVUyIsImpvYkxvY2F0aW9uIjoid2VzdGNlbnRyYWx1cyJ9?api-version=2016-02-01",
      "EncodedRequestUri": "L3N1YnNjcmlwdGlvbnMvZGY3YzA1NWMtNjMxMC00Mzc0LTk4NTItMTBlZjcxY2U1Zjg1L29wZXJhdGlvbnJlc3VsdHMvZXlKcWIySkpaQ0k2SWxKRlUwOVZVa05GUjFKUFZWQkVSVXhGVkVsUFRrcFBRaTFRVXpVeU1UTXRWMFZUVkVORlRsUlNRVXhWVXlJc0ltcHZZa3h2WTJGMGFXOXVJam9pZDJWemRHTmxiblJ5WVd4MWN5Sjk/YXBpLXZlcnNpb249MjAxNi0wMi0wMQ==",
      "RequestMethod": "GET",
      "RequestBody": "",
      "RequestHeaders": {
        "x-ms-version": [
          "2016-02-01"
        ],
        "User-Agent": [
          "Microsoft.Azure.Management.Resources.ResourceManagementClient/2.0.0.0"
        ]
      },
      "ResponseBody": "",
      "ResponseHeaders": {
        "Content-Length": [
          "0"
        ],
        "Expires": [
          "-1"
        ],
        "Pragma": [
          "no-cache"
        ],
        "Retry-After": [
          "15"
        ],
        "x-ms-ratelimit-remaining-subscription-reads": [
          "14999"
        ],
        "x-ms-request-id": [
          "c753b9f4-85dd-4cdd-a30c-d8f99d7f4767"
        ],
        "x-ms-correlation-request-id": [
          "c753b9f4-85dd-4cdd-a30c-d8f99d7f4767"
        ],
        "x-ms-routing-request-id": [
          "WESTUS2:20180506T060318Z:c753b9f4-85dd-4cdd-a30c-d8f99d7f4767"
        ],
        "Strict-Transport-Security": [
          "max-age=31536000; includeSubDomains"
        ],
        "X-Content-Type-Options": [
          "nosniff"
        ],
        "Cache-Control": [
          "no-cache"
        ],
        "Date": [
          "Sun, 06 May 2018 06:03:17 GMT"
        ],
        "Location": [
          "https://management.azure.com/subscriptions/df7c055c-6310-4374-9852-10ef71ce5f85/operationresults/eyJqb2JJZCI6IlJFU09VUkNFR1JPVVBERUxFVElPTkpPQi1QUzUyMTMtV0VTVENFTlRSQUxVUyIsImpvYkxvY2F0aW9uIjoid2VzdGNlbnRyYWx1cyJ9?api-version=2016-02-01"
        ]
      },
      "StatusCode": 202
    },
    {
      "RequestUri": "/subscriptions/df7c055c-6310-4374-9852-10ef71ce5f85/operationresults/eyJqb2JJZCI6IlJFU09VUkNFR1JPVVBERUxFVElPTkpPQi1QUzUyMTMtV0VTVENFTlRSQUxVUyIsImpvYkxvY2F0aW9uIjoid2VzdGNlbnRyYWx1cyJ9?api-version=2016-02-01",
      "EncodedRequestUri": "L3N1YnNjcmlwdGlvbnMvZGY3YzA1NWMtNjMxMC00Mzc0LTk4NTItMTBlZjcxY2U1Zjg1L29wZXJhdGlvbnJlc3VsdHMvZXlKcWIySkpaQ0k2SWxKRlUwOVZVa05GUjFKUFZWQkVSVXhGVkVsUFRrcFBRaTFRVXpVeU1UTXRWMFZUVkVORlRsUlNRVXhWVXlJc0ltcHZZa3h2WTJGMGFXOXVJam9pZDJWemRHTmxiblJ5WVd4MWN5Sjk/YXBpLXZlcnNpb249MjAxNi0wMi0wMQ==",
      "RequestMethod": "GET",
      "RequestBody": "",
      "RequestHeaders": {
        "x-ms-version": [
          "2016-02-01"
        ],
        "User-Agent": [
          "Microsoft.Azure.Management.Resources.ResourceManagementClient/2.0.0.0"
        ]
      },
      "ResponseBody": "",
      "ResponseHeaders": {
        "Content-Length": [
          "0"
        ],
        "Expires": [
          "-1"
        ],
        "Pragma": [
          "no-cache"
        ],
        "Retry-After": [
          "15"
        ],
        "x-ms-ratelimit-remaining-subscription-reads": [
          "14998"
        ],
        "x-ms-request-id": [
          "8469341d-ff78-4cb2-a6d9-9ae5da5115a6"
        ],
        "x-ms-correlation-request-id": [
          "8469341d-ff78-4cb2-a6d9-9ae5da5115a6"
        ],
        "x-ms-routing-request-id": [
          "WESTUS2:20180506T060333Z:8469341d-ff78-4cb2-a6d9-9ae5da5115a6"
        ],
        "Strict-Transport-Security": [
          "max-age=31536000; includeSubDomains"
        ],
        "X-Content-Type-Options": [
          "nosniff"
        ],
        "Cache-Control": [
          "no-cache"
        ],
        "Date": [
          "Sun, 06 May 2018 06:03:32 GMT"
        ],
        "Location": [
          "https://management.azure.com/subscriptions/df7c055c-6310-4374-9852-10ef71ce5f85/operationresults/eyJqb2JJZCI6IlJFU09VUkNFR1JPVVBERUxFVElPTkpPQi1QUzUyMTMtV0VTVENFTlRSQUxVUyIsImpvYkxvY2F0aW9uIjoid2VzdGNlbnRyYWx1cyJ9?api-version=2016-02-01"
        ]
      },
      "StatusCode": 202
    },
    {
      "RequestUri": "/subscriptions/df7c055c-6310-4374-9852-10ef71ce5f85/operationresults/eyJqb2JJZCI6IlJFU09VUkNFR1JPVVBERUxFVElPTkpPQi1QUzUyMTMtV0VTVENFTlRSQUxVUyIsImpvYkxvY2F0aW9uIjoid2VzdGNlbnRyYWx1cyJ9?api-version=2016-02-01",
      "EncodedRequestUri": "L3N1YnNjcmlwdGlvbnMvZGY3YzA1NWMtNjMxMC00Mzc0LTk4NTItMTBlZjcxY2U1Zjg1L29wZXJhdGlvbnJlc3VsdHMvZXlKcWIySkpaQ0k2SWxKRlUwOVZVa05GUjFKUFZWQkVSVXhGVkVsUFRrcFBRaTFRVXpVeU1UTXRWMFZUVkVORlRsUlNRVXhWVXlJc0ltcHZZa3h2WTJGMGFXOXVJam9pZDJWemRHTmxiblJ5WVd4MWN5Sjk/YXBpLXZlcnNpb249MjAxNi0wMi0wMQ==",
      "RequestMethod": "GET",
      "RequestBody": "",
      "RequestHeaders": {
        "x-ms-version": [
          "2016-02-01"
        ],
        "User-Agent": [
          "Microsoft.Azure.Management.Resources.ResourceManagementClient/2.0.0.0"
        ]
      },
      "ResponseBody": "",
      "ResponseHeaders": {
        "Content-Length": [
          "0"
        ],
        "Expires": [
          "-1"
        ],
        "Pragma": [
          "no-cache"
        ],
        "Retry-After": [
          "15"
        ],
        "x-ms-ratelimit-remaining-subscription-reads": [
          "14997"
        ],
        "x-ms-request-id": [
          "cb1e785b-15a3-4e4b-ac51-1e05d646dde4"
        ],
        "x-ms-correlation-request-id": [
          "cb1e785b-15a3-4e4b-ac51-1e05d646dde4"
        ],
        "x-ms-routing-request-id": [
          "WESTUS2:20180506T060348Z:cb1e785b-15a3-4e4b-ac51-1e05d646dde4"
        ],
        "Strict-Transport-Security": [
          "max-age=31536000; includeSubDomains"
        ],
        "X-Content-Type-Options": [
          "nosniff"
        ],
        "Cache-Control": [
          "no-cache"
        ],
        "Date": [
          "Sun, 06 May 2018 06:03:48 GMT"
        ],
        "Location": [
          "https://management.azure.com/subscriptions/df7c055c-6310-4374-9852-10ef71ce5f85/operationresults/eyJqb2JJZCI6IlJFU09VUkNFR1JPVVBERUxFVElPTkpPQi1QUzUyMTMtV0VTVENFTlRSQUxVUyIsImpvYkxvY2F0aW9uIjoid2VzdGNlbnRyYWx1cyJ9?api-version=2016-02-01"
        ]
      },
      "StatusCode": 202
    },
    {
      "RequestUri": "/subscriptions/df7c055c-6310-4374-9852-10ef71ce5f85/operationresults/eyJqb2JJZCI6IlJFU09VUkNFR1JPVVBERUxFVElPTkpPQi1QUzUyMTMtV0VTVENFTlRSQUxVUyIsImpvYkxvY2F0aW9uIjoid2VzdGNlbnRyYWx1cyJ9?api-version=2016-02-01",
      "EncodedRequestUri": "L3N1YnNjcmlwdGlvbnMvZGY3YzA1NWMtNjMxMC00Mzc0LTk4NTItMTBlZjcxY2U1Zjg1L29wZXJhdGlvbnJlc3VsdHMvZXlKcWIySkpaQ0k2SWxKRlUwOVZVa05GUjFKUFZWQkVSVXhGVkVsUFRrcFBRaTFRVXpVeU1UTXRWMFZUVkVORlRsUlNRVXhWVXlJc0ltcHZZa3h2WTJGMGFXOXVJam9pZDJWemRHTmxiblJ5WVd4MWN5Sjk/YXBpLXZlcnNpb249MjAxNi0wMi0wMQ==",
      "RequestMethod": "GET",
      "RequestBody": "",
      "RequestHeaders": {
        "x-ms-version": [
          "2016-02-01"
        ],
        "User-Agent": [
          "Microsoft.Azure.Management.Resources.ResourceManagementClient/2.0.0.0"
        ]
      },
      "ResponseBody": "",
      "ResponseHeaders": {
        "Content-Length": [
          "0"
        ],
        "Expires": [
          "-1"
        ],
        "Pragma": [
          "no-cache"
        ],
        "Retry-After": [
          "15"
        ],
        "x-ms-ratelimit-remaining-subscription-reads": [
          "14996"
        ],
        "x-ms-request-id": [
          "a681d20a-6368-4a30-a4ee-9d9b49122a49"
        ],
        "x-ms-correlation-request-id": [
          "a681d20a-6368-4a30-a4ee-9d9b49122a49"
        ],
        "x-ms-routing-request-id": [
          "WESTUS2:20180506T060403Z:a681d20a-6368-4a30-a4ee-9d9b49122a49"
        ],
        "Strict-Transport-Security": [
          "max-age=31536000; includeSubDomains"
        ],
        "X-Content-Type-Options": [
          "nosniff"
        ],
        "Cache-Control": [
          "no-cache"
        ],
        "Date": [
          "Sun, 06 May 2018 06:04:03 GMT"
        ],
        "Location": [
          "https://management.azure.com/subscriptions/df7c055c-6310-4374-9852-10ef71ce5f85/operationresults/eyJqb2JJZCI6IlJFU09VUkNFR1JPVVBERUxFVElPTkpPQi1QUzUyMTMtV0VTVENFTlRSQUxVUyIsImpvYkxvY2F0aW9uIjoid2VzdGNlbnRyYWx1cyJ9?api-version=2016-02-01"
        ]
      },
      "StatusCode": 202
    },
    {
      "RequestUri": "/subscriptions/df7c055c-6310-4374-9852-10ef71ce5f85/operationresults/eyJqb2JJZCI6IlJFU09VUkNFR1JPVVBERUxFVElPTkpPQi1QUzUyMTMtV0VTVENFTlRSQUxVUyIsImpvYkxvY2F0aW9uIjoid2VzdGNlbnRyYWx1cyJ9?api-version=2016-02-01",
      "EncodedRequestUri": "L3N1YnNjcmlwdGlvbnMvZGY3YzA1NWMtNjMxMC00Mzc0LTk4NTItMTBlZjcxY2U1Zjg1L29wZXJhdGlvbnJlc3VsdHMvZXlKcWIySkpaQ0k2SWxKRlUwOVZVa05GUjFKUFZWQkVSVXhGVkVsUFRrcFBRaTFRVXpVeU1UTXRWMFZUVkVORlRsUlNRVXhWVXlJc0ltcHZZa3h2WTJGMGFXOXVJam9pZDJWemRHTmxiblJ5WVd4MWN5Sjk/YXBpLXZlcnNpb249MjAxNi0wMi0wMQ==",
      "RequestMethod": "GET",
      "RequestBody": "",
      "RequestHeaders": {
        "x-ms-version": [
          "2016-02-01"
        ],
        "User-Agent": [
          "Microsoft.Azure.Management.Resources.ResourceManagementClient/2.0.0.0"
        ]
      },
      "ResponseBody": "",
      "ResponseHeaders": {
        "Content-Length": [
          "0"
        ],
        "Expires": [
          "-1"
        ],
        "Pragma": [
          "no-cache"
        ],
        "Retry-After": [
          "15"
        ],
        "x-ms-ratelimit-remaining-subscription-reads": [
          "14995"
        ],
        "x-ms-request-id": [
          "58de2eac-493a-43b2-a0c3-412372505d88"
        ],
        "x-ms-correlation-request-id": [
          "58de2eac-493a-43b2-a0c3-412372505d88"
        ],
        "x-ms-routing-request-id": [
          "WESTUS2:20180506T060418Z:58de2eac-493a-43b2-a0c3-412372505d88"
        ],
        "Strict-Transport-Security": [
          "max-age=31536000; includeSubDomains"
        ],
        "X-Content-Type-Options": [
          "nosniff"
        ],
        "Cache-Control": [
          "no-cache"
        ],
        "Date": [
          "Sun, 06 May 2018 06:04:18 GMT"
        ],
        "Location": [
          "https://management.azure.com/subscriptions/df7c055c-6310-4374-9852-10ef71ce5f85/operationresults/eyJqb2JJZCI6IlJFU09VUkNFR1JPVVBERUxFVElPTkpPQi1QUzUyMTMtV0VTVENFTlRSQUxVUyIsImpvYkxvY2F0aW9uIjoid2VzdGNlbnRyYWx1cyJ9?api-version=2016-02-01"
        ]
      },
      "StatusCode": 202
    },
    {
      "RequestUri": "/subscriptions/df7c055c-6310-4374-9852-10ef71ce5f85/operationresults/eyJqb2JJZCI6IlJFU09VUkNFR1JPVVBERUxFVElPTkpPQi1QUzUyMTMtV0VTVENFTlRSQUxVUyIsImpvYkxvY2F0aW9uIjoid2VzdGNlbnRyYWx1cyJ9?api-version=2016-02-01",
      "EncodedRequestUri": "L3N1YnNjcmlwdGlvbnMvZGY3YzA1NWMtNjMxMC00Mzc0LTk4NTItMTBlZjcxY2U1Zjg1L29wZXJhdGlvbnJlc3VsdHMvZXlKcWIySkpaQ0k2SWxKRlUwOVZVa05GUjFKUFZWQkVSVXhGVkVsUFRrcFBRaTFRVXpVeU1UTXRWMFZUVkVORlRsUlNRVXhWVXlJc0ltcHZZa3h2WTJGMGFXOXVJam9pZDJWemRHTmxiblJ5WVd4MWN5Sjk/YXBpLXZlcnNpb249MjAxNi0wMi0wMQ==",
      "RequestMethod": "GET",
      "RequestBody": "",
      "RequestHeaders": {
        "x-ms-version": [
          "2016-02-01"
        ],
        "User-Agent": [
          "Microsoft.Azure.Management.Resources.ResourceManagementClient/2.0.0.0"
        ]
      },
      "ResponseBody": "",
      "ResponseHeaders": {
        "Content-Length": [
          "0"
        ],
        "Expires": [
          "-1"
        ],
        "Pragma": [
          "no-cache"
        ],
        "Retry-After": [
          "15"
        ],
        "x-ms-ratelimit-remaining-subscription-reads": [
          "14994"
        ],
        "x-ms-request-id": [
          "d1c15036-299e-4f73-9054-c6c18453f8f3"
        ],
        "x-ms-correlation-request-id": [
          "d1c15036-299e-4f73-9054-c6c18453f8f3"
        ],
        "x-ms-routing-request-id": [
          "WESTUS2:20180506T060434Z:d1c15036-299e-4f73-9054-c6c18453f8f3"
        ],
        "Strict-Transport-Security": [
          "max-age=31536000; includeSubDomains"
        ],
        "X-Content-Type-Options": [
          "nosniff"
        ],
        "Cache-Control": [
          "no-cache"
        ],
        "Date": [
          "Sun, 06 May 2018 06:04:34 GMT"
        ],
        "Location": [
          "https://management.azure.com/subscriptions/df7c055c-6310-4374-9852-10ef71ce5f85/operationresults/eyJqb2JJZCI6IlJFU09VUkNFR1JPVVBERUxFVElPTkpPQi1QUzUyMTMtV0VTVENFTlRSQUxVUyIsImpvYkxvY2F0aW9uIjoid2VzdGNlbnRyYWx1cyJ9?api-version=2016-02-01"
        ]
      },
      "StatusCode": 202
    },
    {
      "RequestUri": "/subscriptions/df7c055c-6310-4374-9852-10ef71ce5f85/operationresults/eyJqb2JJZCI6IlJFU09VUkNFR1JPVVBERUxFVElPTkpPQi1QUzUyMTMtV0VTVENFTlRSQUxVUyIsImpvYkxvY2F0aW9uIjoid2VzdGNlbnRyYWx1cyJ9?api-version=2016-02-01",
      "EncodedRequestUri": "L3N1YnNjcmlwdGlvbnMvZGY3YzA1NWMtNjMxMC00Mzc0LTk4NTItMTBlZjcxY2U1Zjg1L29wZXJhdGlvbnJlc3VsdHMvZXlKcWIySkpaQ0k2SWxKRlUwOVZVa05GUjFKUFZWQkVSVXhGVkVsUFRrcFBRaTFRVXpVeU1UTXRWMFZUVkVORlRsUlNRVXhWVXlJc0ltcHZZa3h2WTJGMGFXOXVJam9pZDJWemRHTmxiblJ5WVd4MWN5Sjk/YXBpLXZlcnNpb249MjAxNi0wMi0wMQ==",
      "RequestMethod": "GET",
      "RequestBody": "",
      "RequestHeaders": {
        "x-ms-version": [
          "2016-02-01"
        ],
        "User-Agent": [
          "Microsoft.Azure.Management.Resources.ResourceManagementClient/2.0.0.0"
        ]
      },
      "ResponseBody": "",
      "ResponseHeaders": {
        "Content-Length": [
          "0"
        ],
        "Expires": [
          "-1"
        ],
        "Pragma": [
          "no-cache"
        ],
        "Retry-After": [
          "15"
        ],
        "x-ms-ratelimit-remaining-subscription-reads": [
          "14993"
        ],
        "x-ms-request-id": [
          "37b20c5c-60d1-4248-86e4-3343d98c33a8"
        ],
        "x-ms-correlation-request-id": [
          "37b20c5c-60d1-4248-86e4-3343d98c33a8"
        ],
        "x-ms-routing-request-id": [
          "WESTUS2:20180506T060449Z:37b20c5c-60d1-4248-86e4-3343d98c33a8"
        ],
        "Strict-Transport-Security": [
          "max-age=31536000; includeSubDomains"
        ],
        "X-Content-Type-Options": [
          "nosniff"
        ],
        "Cache-Control": [
          "no-cache"
        ],
        "Date": [
          "Sun, 06 May 2018 06:04:48 GMT"
        ],
        "Location": [
          "https://management.azure.com/subscriptions/df7c055c-6310-4374-9852-10ef71ce5f85/operationresults/eyJqb2JJZCI6IlJFU09VUkNFR1JPVVBERUxFVElPTkpPQi1QUzUyMTMtV0VTVENFTlRSQUxVUyIsImpvYkxvY2F0aW9uIjoid2VzdGNlbnRyYWx1cyJ9?api-version=2016-02-01"
        ]
      },
      "StatusCode": 202
    },
    {
      "RequestUri": "/subscriptions/df7c055c-6310-4374-9852-10ef71ce5f85/operationresults/eyJqb2JJZCI6IlJFU09VUkNFR1JPVVBERUxFVElPTkpPQi1QUzUyMTMtV0VTVENFTlRSQUxVUyIsImpvYkxvY2F0aW9uIjoid2VzdGNlbnRyYWx1cyJ9?api-version=2016-02-01",
      "EncodedRequestUri": "L3N1YnNjcmlwdGlvbnMvZGY3YzA1NWMtNjMxMC00Mzc0LTk4NTItMTBlZjcxY2U1Zjg1L29wZXJhdGlvbnJlc3VsdHMvZXlKcWIySkpaQ0k2SWxKRlUwOVZVa05GUjFKUFZWQkVSVXhGVkVsUFRrcFBRaTFRVXpVeU1UTXRWMFZUVkVORlRsUlNRVXhWVXlJc0ltcHZZa3h2WTJGMGFXOXVJam9pZDJWemRHTmxiblJ5WVd4MWN5Sjk/YXBpLXZlcnNpb249MjAxNi0wMi0wMQ==",
      "RequestMethod": "GET",
      "RequestBody": "",
      "RequestHeaders": {
        "x-ms-version": [
          "2016-02-01"
        ],
        "User-Agent": [
          "Microsoft.Azure.Management.Resources.ResourceManagementClient/2.0.0.0"
        ]
      },
      "ResponseBody": "",
      "ResponseHeaders": {
        "Content-Length": [
          "0"
        ],
        "Expires": [
          "-1"
        ],
        "Pragma": [
          "no-cache"
        ],
        "Retry-After": [
          "15"
        ],
        "x-ms-ratelimit-remaining-subscription-reads": [
          "14992"
        ],
        "x-ms-request-id": [
          "d112f56c-049c-44a8-adfd-0d81fd1a8dd0"
        ],
        "x-ms-correlation-request-id": [
          "d112f56c-049c-44a8-adfd-0d81fd1a8dd0"
        ],
        "x-ms-routing-request-id": [
          "WESTUS2:20180506T060504Z:d112f56c-049c-44a8-adfd-0d81fd1a8dd0"
        ],
        "Strict-Transport-Security": [
          "max-age=31536000; includeSubDomains"
        ],
        "X-Content-Type-Options": [
          "nosniff"
        ],
        "Cache-Control": [
          "no-cache"
        ],
        "Date": [
          "Sun, 06 May 2018 06:05:03 GMT"
        ],
        "Location": [
          "https://management.azure.com/subscriptions/df7c055c-6310-4374-9852-10ef71ce5f85/operationresults/eyJqb2JJZCI6IlJFU09VUkNFR1JPVVBERUxFVElPTkpPQi1QUzUyMTMtV0VTVENFTlRSQUxVUyIsImpvYkxvY2F0aW9uIjoid2VzdGNlbnRyYWx1cyJ9?api-version=2016-02-01"
        ]
      },
      "StatusCode": 202
    },
    {
      "RequestUri": "/subscriptions/df7c055c-6310-4374-9852-10ef71ce5f85/operationresults/eyJqb2JJZCI6IlJFU09VUkNFR1JPVVBERUxFVElPTkpPQi1QUzUyMTMtV0VTVENFTlRSQUxVUyIsImpvYkxvY2F0aW9uIjoid2VzdGNlbnRyYWx1cyJ9?api-version=2016-02-01",
      "EncodedRequestUri": "L3N1YnNjcmlwdGlvbnMvZGY3YzA1NWMtNjMxMC00Mzc0LTk4NTItMTBlZjcxY2U1Zjg1L29wZXJhdGlvbnJlc3VsdHMvZXlKcWIySkpaQ0k2SWxKRlUwOVZVa05GUjFKUFZWQkVSVXhGVkVsUFRrcFBRaTFRVXpVeU1UTXRWMFZUVkVORlRsUlNRVXhWVXlJc0ltcHZZa3h2WTJGMGFXOXVJam9pZDJWemRHTmxiblJ5WVd4MWN5Sjk/YXBpLXZlcnNpb249MjAxNi0wMi0wMQ==",
      "RequestMethod": "GET",
      "RequestBody": "",
      "RequestHeaders": {
        "x-ms-version": [
          "2016-02-01"
        ],
        "User-Agent": [
          "Microsoft.Azure.Management.Resources.ResourceManagementClient/2.0.0.0"
        ]
      },
      "ResponseBody": "",
      "ResponseHeaders": {
        "Content-Length": [
          "0"
        ],
        "Expires": [
          "-1"
        ],
        "Pragma": [
          "no-cache"
        ],
        "Retry-After": [
          "15"
        ],
        "x-ms-ratelimit-remaining-subscription-reads": [
          "14991"
        ],
        "x-ms-request-id": [
          "a1b51855-7ad6-485c-8197-cb0f475c0c3c"
        ],
        "x-ms-correlation-request-id": [
          "a1b51855-7ad6-485c-8197-cb0f475c0c3c"
        ],
        "x-ms-routing-request-id": [
          "WESTUS2:20180506T060519Z:a1b51855-7ad6-485c-8197-cb0f475c0c3c"
        ],
        "Strict-Transport-Security": [
          "max-age=31536000; includeSubDomains"
        ],
        "X-Content-Type-Options": [
          "nosniff"
        ],
        "Cache-Control": [
          "no-cache"
        ],
        "Date": [
          "Sun, 06 May 2018 06:05:19 GMT"
        ],
        "Location": [
          "https://management.azure.com/subscriptions/df7c055c-6310-4374-9852-10ef71ce5f85/operationresults/eyJqb2JJZCI6IlJFU09VUkNFR1JPVVBERUxFVElPTkpPQi1QUzUyMTMtV0VTVENFTlRSQUxVUyIsImpvYkxvY2F0aW9uIjoid2VzdGNlbnRyYWx1cyJ9?api-version=2016-02-01"
        ]
      },
      "StatusCode": 202
    },
    {
      "RequestUri": "/subscriptions/df7c055c-6310-4374-9852-10ef71ce5f85/operationresults/eyJqb2JJZCI6IlJFU09VUkNFR1JPVVBERUxFVElPTkpPQi1QUzUyMTMtV0VTVENFTlRSQUxVUyIsImpvYkxvY2F0aW9uIjoid2VzdGNlbnRyYWx1cyJ9?api-version=2016-02-01",
      "EncodedRequestUri": "L3N1YnNjcmlwdGlvbnMvZGY3YzA1NWMtNjMxMC00Mzc0LTk4NTItMTBlZjcxY2U1Zjg1L29wZXJhdGlvbnJlc3VsdHMvZXlKcWIySkpaQ0k2SWxKRlUwOVZVa05GUjFKUFZWQkVSVXhGVkVsUFRrcFBRaTFRVXpVeU1UTXRWMFZUVkVORlRsUlNRVXhWVXlJc0ltcHZZa3h2WTJGMGFXOXVJam9pZDJWemRHTmxiblJ5WVd4MWN5Sjk/YXBpLXZlcnNpb249MjAxNi0wMi0wMQ==",
      "RequestMethod": "GET",
      "RequestBody": "",
      "RequestHeaders": {
        "x-ms-version": [
          "2016-02-01"
        ],
        "User-Agent": [
          "Microsoft.Azure.Management.Resources.ResourceManagementClient/2.0.0.0"
        ]
      },
      "ResponseBody": "",
      "ResponseHeaders": {
        "Content-Length": [
          "0"
        ],
        "Expires": [
          "-1"
        ],
        "Pragma": [
          "no-cache"
        ],
        "Retry-After": [
          "15"
        ],
        "x-ms-ratelimit-remaining-subscription-reads": [
          "14990"
        ],
        "x-ms-request-id": [
          "8a297be8-13c5-4ed9-87c8-139e7a402006"
        ],
        "x-ms-correlation-request-id": [
          "8a297be8-13c5-4ed9-87c8-139e7a402006"
        ],
        "x-ms-routing-request-id": [
          "WESTUS2:20180506T060534Z:8a297be8-13c5-4ed9-87c8-139e7a402006"
        ],
        "Strict-Transport-Security": [
          "max-age=31536000; includeSubDomains"
        ],
        "X-Content-Type-Options": [
          "nosniff"
        ],
        "Cache-Control": [
          "no-cache"
        ],
        "Date": [
          "Sun, 06 May 2018 06:05:34 GMT"
        ],
        "Location": [
          "https://management.azure.com/subscriptions/df7c055c-6310-4374-9852-10ef71ce5f85/operationresults/eyJqb2JJZCI6IlJFU09VUkNFR1JPVVBERUxFVElPTkpPQi1QUzUyMTMtV0VTVENFTlRSQUxVUyIsImpvYkxvY2F0aW9uIjoid2VzdGNlbnRyYWx1cyJ9?api-version=2016-02-01"
        ]
      },
      "StatusCode": 202
    },
    {
      "RequestUri": "/subscriptions/df7c055c-6310-4374-9852-10ef71ce5f85/operationresults/eyJqb2JJZCI6IlJFU09VUkNFR1JPVVBERUxFVElPTkpPQi1QUzUyMTMtV0VTVENFTlRSQUxVUyIsImpvYkxvY2F0aW9uIjoid2VzdGNlbnRyYWx1cyJ9?api-version=2016-02-01",
      "EncodedRequestUri": "L3N1YnNjcmlwdGlvbnMvZGY3YzA1NWMtNjMxMC00Mzc0LTk4NTItMTBlZjcxY2U1Zjg1L29wZXJhdGlvbnJlc3VsdHMvZXlKcWIySkpaQ0k2SWxKRlUwOVZVa05GUjFKUFZWQkVSVXhGVkVsUFRrcFBRaTFRVXpVeU1UTXRWMFZUVkVORlRsUlNRVXhWVXlJc0ltcHZZa3h2WTJGMGFXOXVJam9pZDJWemRHTmxiblJ5WVd4MWN5Sjk/YXBpLXZlcnNpb249MjAxNi0wMi0wMQ==",
      "RequestMethod": "GET",
      "RequestBody": "",
      "RequestHeaders": {
        "x-ms-version": [
          "2016-02-01"
        ],
        "User-Agent": [
          "Microsoft.Azure.Management.Resources.ResourceManagementClient/2.0.0.0"
        ]
      },
      "ResponseBody": "",
      "ResponseHeaders": {
        "Content-Length": [
          "0"
        ],
        "Expires": [
          "-1"
        ],
        "Pragma": [
          "no-cache"
        ],
        "Retry-After": [
          "15"
        ],
        "x-ms-ratelimit-remaining-subscription-reads": [
          "14989"
        ],
        "x-ms-request-id": [
          "eef14540-60f4-4e39-a0c4-1838e36a2266"
        ],
        "x-ms-correlation-request-id": [
          "eef14540-60f4-4e39-a0c4-1838e36a2266"
        ],
        "x-ms-routing-request-id": [
          "WESTUS2:20180506T060549Z:eef14540-60f4-4e39-a0c4-1838e36a2266"
        ],
        "Strict-Transport-Security": [
          "max-age=31536000; includeSubDomains"
        ],
        "X-Content-Type-Options": [
          "nosniff"
        ],
        "Cache-Control": [
          "no-cache"
        ],
        "Date": [
          "Sun, 06 May 2018 06:05:49 GMT"
        ],
        "Location": [
          "https://management.azure.com/subscriptions/df7c055c-6310-4374-9852-10ef71ce5f85/operationresults/eyJqb2JJZCI6IlJFU09VUkNFR1JPVVBERUxFVElPTkpPQi1QUzUyMTMtV0VTVENFTlRSQUxVUyIsImpvYkxvY2F0aW9uIjoid2VzdGNlbnRyYWx1cyJ9?api-version=2016-02-01"
        ]
      },
      "StatusCode": 202
    },
    {
      "RequestUri": "/subscriptions/df7c055c-6310-4374-9852-10ef71ce5f85/operationresults/eyJqb2JJZCI6IlJFU09VUkNFR1JPVVBERUxFVElPTkpPQi1QUzUyMTMtV0VTVENFTlRSQUxVUyIsImpvYkxvY2F0aW9uIjoid2VzdGNlbnRyYWx1cyJ9?api-version=2016-02-01",
      "EncodedRequestUri": "L3N1YnNjcmlwdGlvbnMvZGY3YzA1NWMtNjMxMC00Mzc0LTk4NTItMTBlZjcxY2U1Zjg1L29wZXJhdGlvbnJlc3VsdHMvZXlKcWIySkpaQ0k2SWxKRlUwOVZVa05GUjFKUFZWQkVSVXhGVkVsUFRrcFBRaTFRVXpVeU1UTXRWMFZUVkVORlRsUlNRVXhWVXlJc0ltcHZZa3h2WTJGMGFXOXVJam9pZDJWemRHTmxiblJ5WVd4MWN5Sjk/YXBpLXZlcnNpb249MjAxNi0wMi0wMQ==",
      "RequestMethod": "GET",
      "RequestBody": "",
      "RequestHeaders": {
        "x-ms-version": [
          "2016-02-01"
        ],
        "User-Agent": [
          "Microsoft.Azure.Management.Resources.ResourceManagementClient/2.0.0.0"
        ]
      },
      "ResponseBody": "",
      "ResponseHeaders": {
        "Content-Length": [
          "0"
        ],
        "Expires": [
          "-1"
        ],
        "Pragma": [
          "no-cache"
        ],
        "x-ms-ratelimit-remaining-subscription-reads": [
          "14988"
        ],
        "x-ms-request-id": [
          "5f933bf8-8d36-4e66-a0b2-62decc0930fb"
        ],
        "x-ms-correlation-request-id": [
          "5f933bf8-8d36-4e66-a0b2-62decc0930fb"
        ],
        "x-ms-routing-request-id": [
          "WESTUS2:20180506T060604Z:5f933bf8-8d36-4e66-a0b2-62decc0930fb"
        ],
        "Strict-Transport-Security": [
          "max-age=31536000; includeSubDomains"
        ],
        "X-Content-Type-Options": [
          "nosniff"
        ],
        "Cache-Control": [
          "no-cache"
        ],
        "Date": [
          "Sun, 06 May 2018 06:06:04 GMT"
        ]
      },
      "StatusCode": 200
    }
  ],
  "Names": {
    "Test-RemoveSyncMember": [
      "ps5213",
      "ps2656",
      "ps9090",
      "ps8157",
      "ps4195",
      "ps1697",
      "ps3381"
    ]
  },
  "Variables": {
    "SubscriptionId": "df7c055c-6310-4374-9852-10ef71ce5f85",
    "User": "payi@microsoft.com",
    "TenantId": "72f988bf-86f1-41af-91ab-2d7cd011db47"
  }
}