{
  "Entries": [
    {
      "RequestUri": "/subscriptions/6368ed38-3570-481f-b4fa-1d0a6e8d3f3b/resources?$filter=resourceType%20eq%20'Microsoft.Batch%2FbatchAccounts'&api-version=2014-04-01-preview",
      "EncodedRequestUri": "L3N1YnNjcmlwdGlvbnMvNjM2OGVkMzgtMzU3MC00ODFmLWI0ZmEtMWQwYTZlOGQzZjNiL3Jlc291cmNlcz8kZmlsdGVyPXJlc291cmNlVHlwZSUyMGVxJTIwJ01pY3Jvc29mdC5CYXRjaCUyRmJhdGNoQWNjb3VudHMnJmFwaS12ZXJzaW9uPTIwMTQtMDQtMDEtcHJldmlldw==",
      "RequestMethod": "GET",
      "RequestBody": "",
      "RequestHeaders": {
        "User-Agent": [
          "Microsoft.Azure.Management.Resources.ResourceManagementClient/2.0.0.0"
        ]
      },
      "ResponseBody": "{\r\n  \"value\": [\r\n    {\r\n      \"id\": \"/subscriptions/6368ed38-3570-481f-b4fa-1d0a6e8d3f3b/resourceGroups/default-azurebatch-centralus/providers/Microsoft.Batch/batchAccounts/jaschneibatch2\",\r\n      \"name\": \"jaschneibatch2\",\r\n      \"type\": \"Microsoft.Batch/batchAccounts\",\r\n      \"location\": \"centralus\",\r\n      \"tags\": {\r\n        \"tagname\": \"tagvalue\"\r\n      }\r\n    },\r\n    {\r\n      \"id\": \"/subscriptions/6368ed38-3570-481f-b4fa-1d0a6e8d3f3b/resourceGroups/default-azurebatch-eastus/providers/Microsoft.Batch/batchAccounts/pooltests\",\r\n      \"name\": \"pooltests\",\r\n      \"type\": \"Microsoft.Batch/batchAccounts\",\r\n      \"location\": \"eastus\"\r\n    },\r\n    {\r\n      \"id\": \"/subscriptions/6368ed38-3570-481f-b4fa-1d0a6e8d3f3b/resourceGroups/Default-AzureBatch-WestUS/providers/Microsoft.Batch/batchAccounts/jaschneibatch\",\r\n      \"name\": \"jaschneibatch\",\r\n      \"type\": \"Microsoft.Batch/batchAccounts\",\r\n      \"location\": \"westus\"\r\n    }\r\n  ]\r\n}",
      "ResponseHeaders": {
        "Content-Length": [
          "755"
        ],
        "Content-Type": [
          "application/json; charset=utf-8"
        ],
        "Expires": [
          "-1"
        ],
        "Pragma": [
          "no-cache"
        ],
        "x-ms-ratelimit-remaining-subscription-reads": [
          "14997"
        ],
        "x-ms-request-id": [
          "bf34ea86-69fb-4558-9074-4c7ce4af83e0"
        ],
        "x-ms-correlation-request-id": [
          "bf34ea86-69fb-4558-9074-4c7ce4af83e0"
        ],
        "x-ms-routing-request-id": [
          "WESTUS:20150608T210304Z:bf34ea86-69fb-4558-9074-4c7ce4af83e0"
        ],
        "Strict-Transport-Security": [
          "max-age=31536000; includeSubDomains"
        ],
        "Cache-Control": [
          "no-cache"
        ],
        "Date": [
          "Mon, 08 Jun 2015 21:03:04 GMT"
        ]
      },
      "StatusCode": 200
    },
    {
      "RequestUri": "/subscriptions/6368ed38-3570-481f-b4fa-1d0a6e8d3f3b/resources?$filter=resourceType%20eq%20'Microsoft.Batch%2FbatchAccounts'&api-version=2014-04-01-preview",
      "EncodedRequestUri": "L3N1YnNjcmlwdGlvbnMvNjM2OGVkMzgtMzU3MC00ODFmLWI0ZmEtMWQwYTZlOGQzZjNiL3Jlc291cmNlcz8kZmlsdGVyPXJlc291cmNlVHlwZSUyMGVxJTIwJ01pY3Jvc29mdC5CYXRjaCUyRmJhdGNoQWNjb3VudHMnJmFwaS12ZXJzaW9uPTIwMTQtMDQtMDEtcHJldmlldw==",
      "RequestMethod": "GET",
      "RequestBody": "",
      "RequestHeaders": {
        "User-Agent": [
          "Microsoft.Azure.Management.Resources.ResourceManagementClient/2.0.0.0"
        ]
      },
      "ResponseBody": "{\r\n  \"value\": [\r\n    {\r\n      \"id\": \"/subscriptions/6368ed38-3570-481f-b4fa-1d0a6e8d3f3b/resourceGroups/default-azurebatch-centralus/providers/Microsoft.Batch/batchAccounts/jaschneibatch2\",\r\n      \"name\": \"jaschneibatch2\",\r\n      \"type\": \"Microsoft.Batch/batchAccounts\",\r\n      \"location\": \"centralus\",\r\n      \"tags\": {\r\n        \"tagname\": \"tagvalue\"\r\n      }\r\n    },\r\n    {\r\n      \"id\": \"/subscriptions/6368ed38-3570-481f-b4fa-1d0a6e8d3f3b/resourceGroups/default-azurebatch-eastus/providers/Microsoft.Batch/batchAccounts/pooltests\",\r\n      \"name\": \"pooltests\",\r\n      \"type\": \"Microsoft.Batch/batchAccounts\",\r\n      \"location\": \"eastus\"\r\n    },\r\n    {\r\n      \"id\": \"/subscriptions/6368ed38-3570-481f-b4fa-1d0a6e8d3f3b/resourceGroups/Default-AzureBatch-WestUS/providers/Microsoft.Batch/batchAccounts/jaschneibatch\",\r\n      \"name\": \"jaschneibatch\",\r\n      \"type\": \"Microsoft.Batch/batchAccounts\",\r\n      \"location\": \"westus\"\r\n    }\r\n  ]\r\n}",
      "ResponseHeaders": {
        "Content-Length": [
          "755"
        ],
        "Content-Type": [
          "application/json; charset=utf-8"
        ],
        "Expires": [
          "-1"
        ],
        "Pragma": [
          "no-cache"
        ],
        "x-ms-ratelimit-remaining-subscription-reads": [
          "14996"
        ],
        "x-ms-request-id": [
          "21aa7543-aa91-41ad-893f-b75ff52b4749"
        ],
        "x-ms-correlation-request-id": [
          "21aa7543-aa91-41ad-893f-b75ff52b4749"
        ],
        "x-ms-routing-request-id": [
          "WESTUS:20150608T210307Z:21aa7543-aa91-41ad-893f-b75ff52b4749"
        ],
        "Strict-Transport-Security": [
          "max-age=31536000; includeSubDomains"
        ],
        "Cache-Control": [
          "no-cache"
        ],
        "Date": [
          "Mon, 08 Jun 2015 21:03:06 GMT"
        ]
      },
      "StatusCode": 200
    },
    {
      "RequestUri": "/subscriptions/6368ed38-3570-481f-b4fa-1d0a6e8d3f3b/resourceGroups/default-azurebatch-eastus/providers/Microsoft.Batch/batchAccounts/pooltests?api-version=2014-05-01-privatepreview",
      "EncodedRequestUri": "L3N1YnNjcmlwdGlvbnMvNjM2OGVkMzgtMzU3MC00ODFmLWI0ZmEtMWQwYTZlOGQzZjNiL3Jlc291cmNlR3JvdXBzL2RlZmF1bHQtYXp1cmViYXRjaC1lYXN0dXMvcHJvdmlkZXJzL01pY3Jvc29mdC5CYXRjaC9iYXRjaEFjY291bnRzL3Bvb2x0ZXN0cz9hcGktdmVyc2lvbj0yMDE0LTA1LTAxLXByaXZhdGVwcmV2aWV3",
      "RequestMethod": "GET",
      "RequestBody": "",
      "RequestHeaders": {
        "x-ms-version": [
          "2014-05-01-privatepreview"
        ],
        "User-Agent": [
          "Microsoft.Azure.Management.Batch.BatchManagementClient/1.0.0.0"
        ]
      },
      "ResponseBody": "{\r\n  \"name\": \"pooltests\",\r\n  \"location\": \"eastus\",\r\n  \"properties\": {\r\n    \"accountEndpoint\": \"pooltests.batch.core.windows.net\",\r\n    \"provisioningState\": \"Succeeded\"\r\n  },\r\n  \"id\": \"/subscriptions/6368ed38-3570-481f-b4fa-1d0a6e8d3f3b/resourceGroups/default-azurebatch-eastus/providers/Microsoft.Batch/batchAccounts/pooltests\",\r\n  \"type\": \"Microsoft.Batch/batchAccounts\"\r\n}",
      "ResponseHeaders": {
        "Content-Length": [
          "329"
        ],
        "Content-Type": [
          "application/json; charset=utf-8"
        ],
        "Expires": [
          "-1"
        ],
        "Last-Modified": [
          "Mon, 08 Jun 2015 21:03:03 GMT"
        ],
        "Pragma": [
          "no-cache"
        ],
        "request-id": [
          "38e8150a-48ce-4787-95fb-e5fddba00284"
        ],
        "Strict-Transport-Security": [
          "max-age=31536000; includeSubDomains"
        ],
        "x-ms-ratelimit-remaining-subscription-reads": [
          "14998"
        ],
        "x-ms-request-id": [
          "aa7ae0aa-bad0-4348-8b83-e67c0c259baf"
        ],
        "x-ms-correlation-request-id": [
          "aa7ae0aa-bad0-4348-8b83-e67c0c259baf"
        ],
        "x-ms-routing-request-id": [
          "WESTUS:20150608T210305Z:aa7ae0aa-bad0-4348-8b83-e67c0c259baf"
        ],
        "Cache-Control": [
          "no-cache"
        ],
        "Date": [
          "Mon, 08 Jun 2015 21:03:05 GMT"
        ],
        "ETag": [
          "0x8D27045A4FB5F1B"
        ],
        "Server": [
          "Microsoft-HTTPAPI/2.0"
        ]
      },
      "StatusCode": 200
    },
    {
      "RequestUri": "/subscriptions/6368ed38-3570-481f-b4fa-1d0a6e8d3f3b/resourceGroups/default-azurebatch-eastus/providers/Microsoft.Batch/batchAccounts/pooltests?api-version=2014-05-01-privatepreview",
      "EncodedRequestUri": "L3N1YnNjcmlwdGlvbnMvNjM2OGVkMzgtMzU3MC00ODFmLWI0ZmEtMWQwYTZlOGQzZjNiL3Jlc291cmNlR3JvdXBzL2RlZmF1bHQtYXp1cmViYXRjaC1lYXN0dXMvcHJvdmlkZXJzL01pY3Jvc29mdC5CYXRjaC9iYXRjaEFjY291bnRzL3Bvb2x0ZXN0cz9hcGktdmVyc2lvbj0yMDE0LTA1LTAxLXByaXZhdGVwcmV2aWV3",
      "RequestMethod": "GET",
      "RequestBody": "",
      "RequestHeaders": {
        "x-ms-version": [
          "2014-05-01-privatepreview"
        ],
        "User-Agent": [
          "Microsoft.Azure.Management.Batch.BatchManagementClient/1.0.0.0"
        ]
      },
      "ResponseBody": "{\r\n  \"name\": \"pooltests\",\r\n  \"location\": \"eastus\",\r\n  \"properties\": {\r\n    \"accountEndpoint\": \"pooltests.batch.core.windows.net\",\r\n    \"provisioningState\": \"Succeeded\"\r\n  },\r\n  \"id\": \"/subscriptions/6368ed38-3570-481f-b4fa-1d0a6e8d3f3b/resourceGroups/default-azurebatch-eastus/providers/Microsoft.Batch/batchAccounts/pooltests\",\r\n  \"type\": \"Microsoft.Batch/batchAccounts\"\r\n}",
      "ResponseHeaders": {
        "Content-Length": [
          "329"
        ],
        "Content-Type": [
          "application/json; charset=utf-8"
        ],
        "Expires": [
          "-1"
        ],
        "Last-Modified": [
          "Mon, 08 Jun 2015 21:03:05 GMT"
        ],
        "Pragma": [
          "no-cache"
        ],
        "request-id": [
          "c662ae19-a317-438f-a5ad-37ef527b48fa"
        ],
        "Strict-Transport-Security": [
          "max-age=31536000; includeSubDomains"
        ],
        "x-ms-ratelimit-remaining-subscription-reads": [
          "14997"
        ],
        "x-ms-request-id": [
          "a4436763-8f43-4870-ab9b-55bfaf3a7731"
        ],
        "x-ms-correlation-request-id": [
          "a4436763-8f43-4870-ab9b-55bfaf3a7731"
        ],
        "x-ms-routing-request-id": [
          "WESTUS:20150608T210307Z:a4436763-8f43-4870-ab9b-55bfaf3a7731"
        ],
        "Cache-Control": [
          "no-cache"
        ],
        "Date": [
          "Mon, 08 Jun 2015 21:03:06 GMT"
        ],
        "ETag": [
          "0x8D27045A5E1BCA5"
        ],
        "Server": [
          "Microsoft-HTTPAPI/2.0"
        ]
      },
      "StatusCode": 200
    },
    {
      "RequestUri": "/subscriptions/6368ed38-3570-481f-b4fa-1d0a6e8d3f3b/resourceGroups/default-azurebatch-eastus/providers/Microsoft.Batch/batchAccounts/pooltests/listKeys?api-version=2014-05-01-privatepreview",
      "EncodedRequestUri": "L3N1YnNjcmlwdGlvbnMvNjM2OGVkMzgtMzU3MC00ODFmLWI0ZmEtMWQwYTZlOGQzZjNiL3Jlc291cmNlR3JvdXBzL2RlZmF1bHQtYXp1cmViYXRjaC1lYXN0dXMvcHJvdmlkZXJzL01pY3Jvc29mdC5CYXRjaC9iYXRjaEFjY291bnRzL3Bvb2x0ZXN0cy9saXN0S2V5cz9hcGktdmVyc2lvbj0yMDE0LTA1LTAxLXByaXZhdGVwcmV2aWV3",
      "RequestMethod": "POST",
      "RequestBody": "",
      "RequestHeaders": {
        "x-ms-version": [
          "2014-05-01-privatepreview"
        ],
        "User-Agent": [
          "Microsoft.Azure.Management.Batch.BatchManagementClient/1.0.0.0"
        ]
      },
      "ResponseBody": "{\r\n  \"accountName\": \"pooltests\",\r\n  \"primary\": \"mNcXt1ulmNKWLPzMgqN3oyST34BoNP4/F9R/S13QB8Ku8rNXq3BVy7vudmpc7AaEDz6dKJ+YJ8hqhFX2V/h5cg==\",\r\n  \"secondary\": \"EixR4L1IopGF7ofcF2dqBOshb8FkwE7tnOJCw2MjRn7CNBvwsWJpBBIELg3mJy3roBTdsuYOM2S4g1dicGsVKw==\"\r\n}",
      "ResponseHeaders": {
        "Content-Length": [
          "231"
        ],
        "Content-Type": [
          "application/json; charset=utf-8"
        ],
        "Expires": [
          "-1"
        ],
        "Pragma": [
          "no-cache"
        ],
        "request-id": [
          "d94255e6-0664-4eab-9d22-fd0f3c9fff2c"
        ],
        "Strict-Transport-Security": [
          "max-age=31536000; includeSubDomains"
        ],
        "x-ms-ratelimit-remaining-subscription-writes": [
          "1198"
        ],
        "x-ms-request-id": [
          "abbbe168-fa85-4938-8b44-f8737042f5e2"
        ],
        "x-ms-correlation-request-id": [
          "abbbe168-fa85-4938-8b44-f8737042f5e2"
        ],
        "x-ms-routing-request-id": [
          "WESTUS:20150608T210305Z:abbbe168-fa85-4938-8b44-f8737042f5e2"
        ],
        "Cache-Control": [
          "no-cache"
        ],
        "Date": [
          "Mon, 08 Jun 2015 21:03:05 GMT"
        ],
        "Server": [
          "Microsoft-HTTPAPI/2.0"
        ]
      },
      "StatusCode": 200
    },
    {
      "RequestUri": "/subscriptions/6368ed38-3570-481f-b4fa-1d0a6e8d3f3b/resourceGroups/default-azurebatch-eastus/providers/Microsoft.Batch/batchAccounts/pooltests/listKeys?api-version=2014-05-01-privatepreview",
      "EncodedRequestUri": "L3N1YnNjcmlwdGlvbnMvNjM2OGVkMzgtMzU3MC00ODFmLWI0ZmEtMWQwYTZlOGQzZjNiL3Jlc291cmNlR3JvdXBzL2RlZmF1bHQtYXp1cmViYXRjaC1lYXN0dXMvcHJvdmlkZXJzL01pY3Jvc29mdC5CYXRjaC9iYXRjaEFjY291bnRzL3Bvb2x0ZXN0cy9saXN0S2V5cz9hcGktdmVyc2lvbj0yMDE0LTA1LTAxLXByaXZhdGVwcmV2aWV3",
      "RequestMethod": "POST",
      "RequestBody": "",
      "RequestHeaders": {
        "x-ms-version": [
          "2014-05-01-privatepreview"
        ],
        "User-Agent": [
          "Microsoft.Azure.Management.Batch.BatchManagementClient/1.0.0.0"
        ]
      },
      "ResponseBody": "{\r\n  \"accountName\": \"pooltests\",\r\n  \"primary\": \"mNcXt1ulmNKWLPzMgqN3oyST34BoNP4/F9R/S13QB8Ku8rNXq3BVy7vudmpc7AaEDz6dKJ+YJ8hqhFX2V/h5cg==\",\r\n  \"secondary\": \"EixR4L1IopGF7ofcF2dqBOshb8FkwE7tnOJCw2MjRn7CNBvwsWJpBBIELg3mJy3roBTdsuYOM2S4g1dicGsVKw==\"\r\n}",
      "ResponseHeaders": {
        "Content-Length": [
          "231"
        ],
        "Content-Type": [
          "application/json; charset=utf-8"
        ],
        "Expires": [
          "-1"
        ],
        "Pragma": [
          "no-cache"
        ],
        "request-id": [
          "19cd0ff1-b7fe-415a-9e3e-77e00bf1f97b"
        ],
        "Strict-Transport-Security": [
          "max-age=31536000; includeSubDomains"
        ],
        "x-ms-ratelimit-remaining-subscription-writes": [
          "1197"
        ],
        "x-ms-request-id": [
          "65f032de-d7ea-40ff-9168-9643b4c08b5a"
        ],
        "x-ms-correlation-request-id": [
          "65f032de-d7ea-40ff-9168-9643b4c08b5a"
        ],
        "x-ms-routing-request-id": [
          "WESTUS:20150608T210307Z:65f032de-d7ea-40ff-9168-9643b4c08b5a"
        ],
        "Cache-Control": [
          "no-cache"
        ],
        "Date": [
          "Mon, 08 Jun 2015 21:03:07 GMT"
        ],
        "Server": [
          "Microsoft-HTTPAPI/2.0"
        ]
      },
      "StatusCode": 200
    },
    {
      "RequestUri": "/pools/testPool?api-version=2014-10-01.1.0",
      "EncodedRequestUri": "L3Bvb2xzL3Rlc3RQb29sP2FwaS12ZXJzaW9uPTIwMTQtMTAtMDEuMS4w",
      "RequestMethod": "GET",
      "RequestBody": "",
      "RequestHeaders": {
        "User-Agent": [
          "WA-Batch/1.0"
        ],
        "client-request-id": [
          "01544000-bd3a-40a7-895d-8b240aa4536f"
        ],
        "return-client-request-id": [
          "False"
        ],
        "ocp-date": [
          "Mon, 08 Jun 2015 21:03:05 GMT"
        ]
      },
      "ResponseBody": "{\r\n  \"odata.metadata\": \"https://pooltests.batch.core.windows.net/$metadata#pools/@Element\",\r\n  \"name\": \"testPool\",\r\n  \"url\": \"https://pooltests.batch.core.windows.net/pools/testPool\",\r\n  \"eTag\": \"0x8D27043EF8147BE\",\r\n  \"lastModified\": \"2015-06-08T20:50:49.6008126Z\",\r\n  \"creationTime\": \"2015-06-08T20:24:16.7074847Z\",\r\n  \"state\": \"active\",\r\n  \"stateTransitionTime\": \"2015-06-08T20:24:16.7074847Z\",\r\n  \"allocationState\": \"steady\",\r\n  \"allocationStateTransitionTime\": \"2015-06-08T20:52:14.2564039Z\",\r\n  \"osFamily\": \"4\",\r\n  \"targetOSVersion\": \"*\",\r\n  \"currentOSVersion\": \"*\",\r\n  \"tvmSize\": \"small\",\r\n  \"resizeTimeout\": \"PT5M\",\r\n  \"currentDedicated\": 3,\r\n  \"targetDedicated\": 3,\r\n  \"enableAutoScale\": false,\r\n  \"communication\": false,\r\n  \"maxTasksPerTVM\": 1,\r\n  \"schedulingPolicy\": {\r\n    \"tvmFillType\": \"Spread\"\r\n  }\r\n}",
      "ResponseHeaders": {
        "Content-Type": [
          "application/json; odata=minimalmetadata"
        ],
        "Last-Modified": [
          "Mon, 08 Jun 2015 20:50:49 GMT"
        ],
        "Transfer-Encoding": [
          "chunked"
        ],
        "request-id": [
          "eea5aa93-1b26-42fd-ab7c-0a19e38091e7"
        ],
        "Strict-Transport-Security": [
          "max-age=31536000; includeSubDomains"
        ],
        "DataServiceVersion": [
          "3.0"
        ],
        "Date": [
          "Mon, 08 Jun 2015 21:03:06 GMT"
        ],
        "ETag": [
          "0x8D27043EF8147BE"
        ],
        "Server": [
          "Microsoft-HTTPAPI/2.0"
        ]
      },
      "StatusCode": 200
    },
    {
      "RequestUri": "/pools/testPool?api-version=2014-10-01.1.0",
      "EncodedRequestUri": "L3Bvb2xzL3Rlc3RQb29sP2FwaS12ZXJzaW9uPTIwMTQtMTAtMDEuMS4w",
      "RequestMethod": "GET",
      "RequestBody": "",
      "RequestHeaders": {
        "User-Agent": [
          "WA-Batch/1.0"
        ],
        "client-request-id": [
          "308c2807-a035-4e97-a2d4-bcab4bc1f01a"
        ],
        "return-client-request-id": [
          "False"
        ],
        "ocp-date": [
          "Mon, 08 Jun 2015 21:03:07 GMT"
        ]
      },
      "ResponseBody": "{\r\n  \"odata.metadata\": \"https://pooltests.batch.core.windows.net/$metadata#pools/@Element\",\r\n  \"name\": \"testPool\",\r\n  \"url\": \"https://pooltests.batch.core.windows.net/pools/testPool\",\r\n  \"eTag\": \"0x8D27043EF8147BE\",\r\n  \"lastModified\": \"2015-06-08T20:50:49.6008126Z\",\r\n  \"creationTime\": \"2015-06-08T20:24:16.7074847Z\",\r\n  \"state\": \"active\",\r\n  \"stateTransitionTime\": \"2015-06-08T20:24:16.7074847Z\",\r\n  \"allocationState\": \"steady\",\r\n  \"allocationStateTransitionTime\": \"2015-06-08T20:52:14.2564039Z\",\r\n  \"osFamily\": \"4\",\r\n  \"targetOSVersion\": \"*\",\r\n  \"currentOSVersion\": \"*\",\r\n  \"tvmSize\": \"small\",\r\n  \"resizeTimeout\": \"PT5M\",\r\n  \"currentDedicated\": 3,\r\n  \"targetDedicated\": 3,\r\n  \"enableAutoScale\": false,\r\n  \"communication\": false,\r\n  \"maxTasksPerTVM\": 1,\r\n  \"schedulingPolicy\": {\r\n    \"tvmFillType\": \"Spread\"\r\n  }\r\n}",
      "ResponseHeaders": {
        "Content-Type": [
          "application/json; odata=minimalmetadata"
        ],
        "Last-Modified": [
          "Mon, 08 Jun 2015 20:50:49 GMT"
        ],
        "Transfer-Encoding": [
          "chunked"
        ],
        "request-id": [
          "b861e6fa-42e8-4732-9e2d-c6624ed217ed"
        ],
        "Strict-Transport-Security": [
          "max-age=31536000; includeSubDomains"
        ],
        "DataServiceVersion": [
          "3.0"
        ],
        "Date": [
          "Mon, 08 Jun 2015 21:03:07 GMT"
        ],
        "ETag": [
          "0x8D27043EF8147BE"
        ],
        "Server": [
          "Microsoft-HTTPAPI/2.0"
        ]
      },
      "StatusCode": 200
    },
    {
      "RequestUri": "/pools/testPool?api-version=2014-10-01.1.0",
      "EncodedRequestUri": "L3Bvb2xzL3Rlc3RQb29sP2FwaS12ZXJzaW9uPTIwMTQtMTAtMDEuMS4w",
      "RequestMethod": "GET",
      "RequestBody": "",
      "RequestHeaders": {
        "User-Agent": [
          "WA-Batch/1.0"
        ],
        "client-request-id": [
          "fd500f68-3a94-4c1a-957b-04ba17660d3a"
        ],
        "return-client-request-id": [
          "False"
        ],
        "ocp-date": [
          "Mon, 08 Jun 2015 21:03:08 GMT"
        ]
      },
      "ResponseBody": "{\r\n  \"odata.metadata\": \"https://pooltests.batch.core.windows.net/$metadata#pools/@Element\",\r\n  \"name\": \"testPool\",\r\n  \"url\": \"https://pooltests.batch.core.windows.net/pools/testPool\",\r\n  \"eTag\": \"0x8D27045A7EDA1F0\",\r\n  \"lastModified\": \"2015-06-08T21:03:08.5084144Z\",\r\n  \"creationTime\": \"2015-06-08T20:24:16.7074847Z\",\r\n  \"state\": \"active\",\r\n  \"stateTransitionTime\": \"2015-06-08T20:24:16.7074847Z\",\r\n  \"allocationState\": \"resizing\",\r\n  \"allocationStateTransitionTime\": \"2015-06-08T21:03:08.5084144Z\",\r\n  \"osFamily\": \"4\",\r\n  \"targetOSVersion\": \"*\",\r\n  \"currentOSVersion\": \"*\",\r\n  \"tvmSize\": \"small\",\r\n  \"resizeTimeout\": \"PT5M\",\r\n  \"currentDedicated\": 3,\r\n  \"targetDedicated\": 5,\r\n  \"enableAutoScale\": false,\r\n  \"communication\": false,\r\n  \"maxTasksPerTVM\": 1,\r\n  \"schedulingPolicy\": {\r\n    \"tvmFillType\": \"Spread\"\r\n  }\r\n}",
      "ResponseHeaders": {
        "Content-Type": [
          "application/json; odata=minimalmetadata"
        ],
        "Last-Modified": [
          "Mon, 08 Jun 2015 21:03:08 GMT"
        ],
        "Transfer-Encoding": [
          "chunked"
        ],
        "request-id": [
          "50d841ce-22f5-4487-a8cb-2a3e35b47d3c"
        ],
        "Strict-Transport-Security": [
          "max-age=31536000; includeSubDomains"
        ],
        "DataServiceVersion": [
          "3.0"
        ],
        "Date": [
          "Mon, 08 Jun 2015 21:03:07 GMT"
        ],
        "ETag": [
          "0x8D27045A7EDA1F0"
        ],
        "Server": [
          "Microsoft-HTTPAPI/2.0"
        ]
      },
      "StatusCode": 200
    },
    {
      "RequestUri": "/pools/testPool?resize&api-version=2014-10-01.1.0",
      "EncodedRequestUri": "L3Bvb2xzL3Rlc3RQb29sP3Jlc2l6ZSZhcGktdmVyc2lvbj0yMDE0LTEwLTAxLjEuMA==",
      "RequestMethod": "POST",
      "RequestBody": "{\r\n  \"targetDedicated\": 5,\r\n  \"resizeTimeout\": \"PT5M\"\r\n}",
      "RequestHeaders": {
        "Content-Type": [
          "application/json;odata=minimalmetadata"
        ],
        "Content-Length": [
          "50"
        ],
        "User-Agent": [
          "WA-Batch/1.0"
        ],
        "client-request-id": [
          "5f46cc3b-c2f1-4bf7-bee6-8003ea2ce738"
        ],
        "return-client-request-id": [
          "False"
        ],
        "ocp-date": [
          "Mon, 08 Jun 2015 21:03:07 GMT"
        ]
      },
      "ResponseBody": "",
      "ResponseHeaders": {
        "Last-Modified": [
          "Mon, 08 Jun 2015 21:03:08 GMT"
        ],
        "Transfer-Encoding": [
          "chunked"
        ],
        "request-id": [
          "8aead8f2-ca61-4286-b305-6301619445fa"
        ],
        "Strict-Transport-Security": [
          "max-age=31536000; includeSubDomains"
        ],
        "DataServiceVersion": [
          "3.0"
        ],
        "DataServiceId": [
          "https://pooltests.batch.core.windows.net/pools/testPool"
        ],
        "Date": [
          "Mon, 08 Jun 2015 21:03:08 GMT"
        ],
        "ETag": [
          "0x8D27045A7EDA1F0"
        ],
        "Server": [
          "Microsoft-HTTPAPI/2.0"
        ]
      },
      "StatusCode": 202
    }
  ],
  "Names": {},
  "Variables": {
    "SubscriptionId": "6368ed38-3570-481f-b4fa-1d0a6e8d3f3b"
  }
}