{
  "Entries": [
    {
      "RequestUri": "/subscriptions/6368ed38-3570-481f-b4fa-1d0a6e8d3f3b/resources?$filter=resourceType%20eq%20'Microsoft.Batch%2FbatchAccounts'&api-version=2014-04-01-preview",
      "EncodedRequestUri": "L3N1YnNjcmlwdGlvbnMvNjM2OGVkMzgtMzU3MC00ODFmLWI0ZmEtMWQwYTZlOGQzZjNiL3Jlc291cmNlcz8kZmlsdGVyPXJlc291cmNlVHlwZSUyMGVxJTIwJ01pY3Jvc29mdC5CYXRjaCUyRmJhdGNoQWNjb3VudHMnJmFwaS12ZXJzaW9uPTIwMTQtMDQtMDEtcHJldmlldw==",
      "RequestMethod": "GET",
      "RequestBody": "",
      "RequestHeaders": {
        "User-Agent": [
          "Microsoft.Azure.Management.Resources.ResourceManagementClient/2.0.0.0"
        ]
      },
      "ResponseBody": "{\r\n  \"value\": [\r\n    {\r\n      \"id\": \"/subscriptions/6368ed38-3570-481f-b4fa-1d0a6e8d3f3b/resourceGroups/default-azurebatch-centralus/providers/Microsoft.Batch/batchAccounts/jaschneibatch2\",\r\n      \"name\": \"jaschneibatch2\",\r\n      \"type\": \"Microsoft.Batch/batchAccounts\",\r\n      \"location\": \"centralus\",\r\n      \"tags\": {\r\n        \"tagname\": \"tagvalue\"\r\n      }\r\n    },\r\n    {\r\n      \"id\": \"/subscriptions/6368ed38-3570-481f-b4fa-1d0a6e8d3f3b/resourceGroups/default-azurebatch-eastus/providers/Microsoft.Batch/batchAccounts/pooltests\",\r\n      \"name\": \"pooltests\",\r\n      \"type\": \"Microsoft.Batch/batchAccounts\",\r\n      \"location\": \"eastus\"\r\n    },\r\n    {\r\n      \"id\": \"/subscriptions/6368ed38-3570-481f-b4fa-1d0a6e8d3f3b/resourceGroups/Default-AzureBatch-WestUS/providers/Microsoft.Batch/batchAccounts/jaschneibatch\",\r\n      \"name\": \"jaschneibatch\",\r\n      \"type\": \"Microsoft.Batch/batchAccounts\",\r\n      \"location\": \"westus\"\r\n    }\r\n  ]\r\n}",
      "ResponseHeaders": {
        "Content-Length": [
          "755"
        ],
        "Content-Type": [
          "application/json; charset=utf-8"
        ],
        "Expires": [
          "-1"
        ],
        "Pragma": [
          "no-cache"
        ],
        "x-ms-ratelimit-remaining-subscription-reads": [
          "14995"
        ],
        "x-ms-request-id": [
          "4751c9d7-f3f9-4cdc-ac30-c5d3d73ddab1"
        ],
        "x-ms-correlation-request-id": [
          "4751c9d7-f3f9-4cdc-ac30-c5d3d73ddab1"
        ],
        "x-ms-routing-request-id": [
          "WESTUS:20150608T211317Z:4751c9d7-f3f9-4cdc-ac30-c5d3d73ddab1"
        ],
        "Strict-Transport-Security": [
          "max-age=31536000; includeSubDomains"
        ],
        "Cache-Control": [
          "no-cache"
        ],
        "Date": [
          "Mon, 08 Jun 2015 21:13:16 GMT"
        ]
      },
      "StatusCode": 200
    },
    {
      "RequestUri": "/subscriptions/6368ed38-3570-481f-b4fa-1d0a6e8d3f3b/resources?$filter=resourceType%20eq%20'Microsoft.Batch%2FbatchAccounts'&api-version=2014-04-01-preview",
      "EncodedRequestUri": "L3N1YnNjcmlwdGlvbnMvNjM2OGVkMzgtMzU3MC00ODFmLWI0ZmEtMWQwYTZlOGQzZjNiL3Jlc291cmNlcz8kZmlsdGVyPXJlc291cmNlVHlwZSUyMGVxJTIwJ01pY3Jvc29mdC5CYXRjaCUyRmJhdGNoQWNjb3VudHMnJmFwaS12ZXJzaW9uPTIwMTQtMDQtMDEtcHJldmlldw==",
      "RequestMethod": "GET",
      "RequestBody": "",
      "RequestHeaders": {
        "User-Agent": [
          "Microsoft.Azure.Management.Resources.ResourceManagementClient/2.0.0.0"
        ]
      },
      "ResponseBody": "{\r\n  \"value\": [\r\n    {\r\n      \"id\": \"/subscriptions/6368ed38-3570-481f-b4fa-1d0a6e8d3f3b/resourceGroups/default-azurebatch-centralus/providers/Microsoft.Batch/batchAccounts/jaschneibatch2\",\r\n      \"name\": \"jaschneibatch2\",\r\n      \"type\": \"Microsoft.Batch/batchAccounts\",\r\n      \"location\": \"centralus\",\r\n      \"tags\": {\r\n        \"tagname\": \"tagvalue\"\r\n      }\r\n    },\r\n    {\r\n      \"id\": \"/subscriptions/6368ed38-3570-481f-b4fa-1d0a6e8d3f3b/resourceGroups/default-azurebatch-eastus/providers/Microsoft.Batch/batchAccounts/pooltests\",\r\n      \"name\": \"pooltests\",\r\n      \"type\": \"Microsoft.Batch/batchAccounts\",\r\n      \"location\": \"eastus\"\r\n    },\r\n    {\r\n      \"id\": \"/subscriptions/6368ed38-3570-481f-b4fa-1d0a6e8d3f3b/resourceGroups/Default-AzureBatch-WestUS/providers/Microsoft.Batch/batchAccounts/jaschneibatch\",\r\n      \"name\": \"jaschneibatch\",\r\n      \"type\": \"Microsoft.Batch/batchAccounts\",\r\n      \"location\": \"westus\"\r\n    }\r\n  ]\r\n}",
      "ResponseHeaders": {
        "Content-Length": [
          "755"
        ],
        "Content-Type": [
          "application/json; charset=utf-8"
        ],
        "Expires": [
          "-1"
        ],
        "Pragma": [
          "no-cache"
        ],
        "x-ms-ratelimit-remaining-subscription-reads": [
          "14994"
        ],
        "x-ms-request-id": [
          "b2c77334-751d-43f2-849b-23bf010865dd"
        ],
        "x-ms-correlation-request-id": [
          "b2c77334-751d-43f2-849b-23bf010865dd"
        ],
        "x-ms-routing-request-id": [
          "WESTUS:20150608T211320Z:b2c77334-751d-43f2-849b-23bf010865dd"
        ],
        "Strict-Transport-Security": [
          "max-age=31536000; includeSubDomains"
        ],
        "Cache-Control": [
          "no-cache"
        ],
        "Date": [
          "Mon, 08 Jun 2015 21:13:19 GMT"
        ]
      },
      "StatusCode": 200
    },
    {
      "RequestUri": "/subscriptions/6368ed38-3570-481f-b4fa-1d0a6e8d3f3b/resourceGroups/default-azurebatch-eastus/providers/Microsoft.Batch/batchAccounts/pooltests?api-version=2014-05-01-privatepreview",
      "EncodedRequestUri": "L3N1YnNjcmlwdGlvbnMvNjM2OGVkMzgtMzU3MC00ODFmLWI0ZmEtMWQwYTZlOGQzZjNiL3Jlc291cmNlR3JvdXBzL2RlZmF1bHQtYXp1cmViYXRjaC1lYXN0dXMvcHJvdmlkZXJzL01pY3Jvc29mdC5CYXRjaC9iYXRjaEFjY291bnRzL3Bvb2x0ZXN0cz9hcGktdmVyc2lvbj0yMDE0LTA1LTAxLXByaXZhdGVwcmV2aWV3",
      "RequestMethod": "GET",
      "RequestBody": "",
      "RequestHeaders": {
        "x-ms-version": [
          "2014-05-01-privatepreview"
        ],
        "User-Agent": [
          "Microsoft.Azure.Management.Batch.BatchManagementClient/1.0.0.0"
        ]
      },
      "ResponseBody": "{\r\n  \"name\": \"pooltests\",\r\n  \"location\": \"eastus\",\r\n  \"properties\": {\r\n    \"accountEndpoint\": \"pooltests.batch.core.windows.net\",\r\n    \"provisioningState\": \"Succeeded\"\r\n  },\r\n  \"id\": \"/subscriptions/6368ed38-3570-481f-b4fa-1d0a6e8d3f3b/resourceGroups/default-azurebatch-eastus/providers/Microsoft.Batch/batchAccounts/pooltests\",\r\n  \"type\": \"Microsoft.Batch/batchAccounts\"\r\n}",
      "ResponseHeaders": {
        "Content-Length": [
          "329"
        ],
        "Content-Type": [
          "application/json; charset=utf-8"
        ],
        "Expires": [
          "-1"
        ],
        "Last-Modified": [
          "Mon, 08 Jun 2015 21:13:16 GMT"
        ],
        "Pragma": [
          "no-cache"
        ],
        "request-id": [
          "e69c5669-5379-4312-a8d0-0bed3765d891"
        ],
        "Strict-Transport-Security": [
          "max-age=31536000; includeSubDomains"
        ],
        "x-ms-ratelimit-remaining-subscription-reads": [
          "14996"
        ],
        "x-ms-request-id": [
          "2de8e98a-509f-40e0-8f3b-73eece275700"
        ],
        "x-ms-correlation-request-id": [
          "2de8e98a-509f-40e0-8f3b-73eece275700"
        ],
        "x-ms-routing-request-id": [
          "WESTUS:20150608T211318Z:2de8e98a-509f-40e0-8f3b-73eece275700"
        ],
        "Cache-Control": [
          "no-cache"
        ],
        "Date": [
          "Mon, 08 Jun 2015 21:13:17 GMT"
        ],
        "ETag": [
          "0x8D2704712204C85"
        ],
        "Server": [
          "Microsoft-HTTPAPI/2.0"
        ]
      },
      "StatusCode": 200
    },
    {
      "RequestUri": "/subscriptions/6368ed38-3570-481f-b4fa-1d0a6e8d3f3b/resourceGroups/default-azurebatch-eastus/providers/Microsoft.Batch/batchAccounts/pooltests?api-version=2014-05-01-privatepreview",
      "EncodedRequestUri": "L3N1YnNjcmlwdGlvbnMvNjM2OGVkMzgtMzU3MC00ODFmLWI0ZmEtMWQwYTZlOGQzZjNiL3Jlc291cmNlR3JvdXBzL2RlZmF1bHQtYXp1cmViYXRjaC1lYXN0dXMvcHJvdmlkZXJzL01pY3Jvc29mdC5CYXRjaC9iYXRjaEFjY291bnRzL3Bvb2x0ZXN0cz9hcGktdmVyc2lvbj0yMDE0LTA1LTAxLXByaXZhdGVwcmV2aWV3",
      "RequestMethod": "GET",
      "RequestBody": "",
      "RequestHeaders": {
        "x-ms-version": [
          "2014-05-01-privatepreview"
        ],
        "User-Agent": [
          "Microsoft.Azure.Management.Batch.BatchManagementClient/1.0.0.0"
        ]
      },
      "ResponseBody": "{\r\n  \"name\": \"pooltests\",\r\n  \"location\": \"eastus\",\r\n  \"properties\": {\r\n    \"accountEndpoint\": \"pooltests.batch.core.windows.net\",\r\n    \"provisioningState\": \"Succeeded\"\r\n  },\r\n  \"id\": \"/subscriptions/6368ed38-3570-481f-b4fa-1d0a6e8d3f3b/resourceGroups/default-azurebatch-eastus/providers/Microsoft.Batch/batchAccounts/pooltests\",\r\n  \"type\": \"Microsoft.Batch/batchAccounts\"\r\n}",
      "ResponseHeaders": {
        "Content-Length": [
          "329"
        ],
        "Content-Type": [
          "application/json; charset=utf-8"
        ],
        "Expires": [
          "-1"
        ],
        "Last-Modified": [
          "Mon, 08 Jun 2015 21:13:18 GMT"
        ],
        "Pragma": [
          "no-cache"
        ],
        "request-id": [
          "da9e0fdc-53f4-47d9-8666-30b742820368"
        ],
        "Strict-Transport-Security": [
          "max-age=31536000; includeSubDomains"
        ],
        "x-ms-ratelimit-remaining-subscription-reads": [
          "14995"
        ],
        "x-ms-request-id": [
          "c92f3eea-8837-4a16-a59c-c14939fa13c4"
        ],
        "x-ms-correlation-request-id": [
          "c92f3eea-8837-4a16-a59c-c14939fa13c4"
        ],
        "x-ms-routing-request-id": [
          "WESTUS:20150608T211320Z:c92f3eea-8837-4a16-a59c-c14939fa13c4"
        ],
        "Cache-Control": [
          "no-cache"
        ],
        "Date": [
          "Mon, 08 Jun 2015 21:13:19 GMT"
        ],
        "ETag": [
          "0x8D270471337A88D"
        ],
        "Server": [
          "Microsoft-HTTPAPI/2.0"
        ]
      },
      "StatusCode": 200
    },
    {
      "RequestUri": "/subscriptions/6368ed38-3570-481f-b4fa-1d0a6e8d3f3b/resourceGroups/default-azurebatch-eastus/providers/Microsoft.Batch/batchAccounts/pooltests/listKeys?api-version=2014-05-01-privatepreview",
      "EncodedRequestUri": "L3N1YnNjcmlwdGlvbnMvNjM2OGVkMzgtMzU3MC00ODFmLWI0ZmEtMWQwYTZlOGQzZjNiL3Jlc291cmNlR3JvdXBzL2RlZmF1bHQtYXp1cmViYXRjaC1lYXN0dXMvcHJvdmlkZXJzL01pY3Jvc29mdC5CYXRjaC9iYXRjaEFjY291bnRzL3Bvb2x0ZXN0cy9saXN0S2V5cz9hcGktdmVyc2lvbj0yMDE0LTA1LTAxLXByaXZhdGVwcmV2aWV3",
      "RequestMethod": "POST",
      "RequestBody": "",
      "RequestHeaders": {
        "x-ms-version": [
          "2014-05-01-privatepreview"
        ],
        "User-Agent": [
          "Microsoft.Azure.Management.Batch.BatchManagementClient/1.0.0.0"
        ]
      },
      "ResponseBody": "{\r\n  \"accountName\": \"pooltests\",\r\n  \"primary\": \"mNcXt1ulmNKWLPzMgqN3oyST34BoNP4/F9R/S13QB8Ku8rNXq3BVy7vudmpc7AaEDz6dKJ+YJ8hqhFX2V/h5cg==\",\r\n  \"secondary\": \"EixR4L1IopGF7ofcF2dqBOshb8FkwE7tnOJCw2MjRn7CNBvwsWJpBBIELg3mJy3roBTdsuYOM2S4g1dicGsVKw==\"\r\n}",
      "ResponseHeaders": {
        "Content-Length": [
          "231"
        ],
        "Content-Type": [
          "application/json; charset=utf-8"
        ],
        "Expires": [
          "-1"
        ],
        "Pragma": [
          "no-cache"
        ],
        "request-id": [
          "ac13d324-7ddb-4d33-a690-2b17665db296"
        ],
        "Strict-Transport-Security": [
          "max-age=31536000; includeSubDomains"
        ],
        "x-ms-ratelimit-remaining-subscription-writes": [
          "1196"
        ],
        "x-ms-request-id": [
          "191168c4-9c52-4193-b4dd-ad568fa56e20"
        ],
        "x-ms-correlation-request-id": [
          "191168c4-9c52-4193-b4dd-ad568fa56e20"
        ],
        "x-ms-routing-request-id": [
          "WESTUS:20150608T211318Z:191168c4-9c52-4193-b4dd-ad568fa56e20"
        ],
        "Cache-Control": [
          "no-cache"
        ],
        "Date": [
          "Mon, 08 Jun 2015 21:13:17 GMT"
        ],
        "Server": [
          "Microsoft-HTTPAPI/2.0"
        ]
      },
      "StatusCode": 200
    },
    {
      "RequestUri": "/subscriptions/6368ed38-3570-481f-b4fa-1d0a6e8d3f3b/resourceGroups/default-azurebatch-eastus/providers/Microsoft.Batch/batchAccounts/pooltests/listKeys?api-version=2014-05-01-privatepreview",
      "EncodedRequestUri": "L3N1YnNjcmlwdGlvbnMvNjM2OGVkMzgtMzU3MC00ODFmLWI0ZmEtMWQwYTZlOGQzZjNiL3Jlc291cmNlR3JvdXBzL2RlZmF1bHQtYXp1cmViYXRjaC1lYXN0dXMvcHJvdmlkZXJzL01pY3Jvc29mdC5CYXRjaC9iYXRjaEFjY291bnRzL3Bvb2x0ZXN0cy9saXN0S2V5cz9hcGktdmVyc2lvbj0yMDE0LTA1LTAxLXByaXZhdGVwcmV2aWV3",
      "RequestMethod": "POST",
      "RequestBody": "",
      "RequestHeaders": {
        "x-ms-version": [
          "2014-05-01-privatepreview"
        ],
        "User-Agent": [
          "Microsoft.Azure.Management.Batch.BatchManagementClient/1.0.0.0"
        ]
      },
      "ResponseBody": "{\r\n  \"accountName\": \"pooltests\",\r\n  \"primary\": \"mNcXt1ulmNKWLPzMgqN3oyST34BoNP4/F9R/S13QB8Ku8rNXq3BVy7vudmpc7AaEDz6dKJ+YJ8hqhFX2V/h5cg==\",\r\n  \"secondary\": \"EixR4L1IopGF7ofcF2dqBOshb8FkwE7tnOJCw2MjRn7CNBvwsWJpBBIELg3mJy3roBTdsuYOM2S4g1dicGsVKw==\"\r\n}",
      "ResponseHeaders": {
        "Content-Length": [
          "231"
        ],
        "Content-Type": [
          "application/json; charset=utf-8"
        ],
        "Expires": [
          "-1"
        ],
        "Pragma": [
          "no-cache"
        ],
        "request-id": [
          "8c6ac24f-5047-4d8c-a73b-3e8f4621dde2"
        ],
        "Strict-Transport-Security": [
          "max-age=31536000; includeSubDomains"
        ],
        "x-ms-ratelimit-remaining-subscription-writes": [
          "1195"
        ],
        "x-ms-request-id": [
          "09e06675-e3c2-4ce4-99b6-730475fbecb4"
        ],
        "x-ms-correlation-request-id": [
          "09e06675-e3c2-4ce4-99b6-730475fbecb4"
        ],
        "x-ms-routing-request-id": [
          "WESTUS:20150608T211320Z:09e06675-e3c2-4ce4-99b6-730475fbecb4"
        ],
        "Cache-Control": [
          "no-cache"
        ],
        "Date": [
          "Mon, 08 Jun 2015 21:13:19 GMT"
        ],
        "Server": [
          "Microsoft-HTTPAPI/2.0"
        ]
      },
      "StatusCode": 200
    },
    {
      "RequestUri": "/pools/testPool?api-version=2014-10-01.1.0",
      "EncodedRequestUri": "L3Bvb2xzL3Rlc3RQb29sP2FwaS12ZXJzaW9uPTIwMTQtMTAtMDEuMS4w",
      "RequestMethod": "GET",
      "RequestBody": "",
      "RequestHeaders": {
        "User-Agent": [
          "WA-Batch/1.0"
        ],
        "client-request-id": [
          "97ddbca5-e29e-409a-bbb2-358c0671a931"
        ],
        "return-client-request-id": [
          "False"
        ],
        "ocp-date": [
          "Mon, 08 Jun 2015 21:13:18 GMT"
        ]
      },
      "ResponseBody": "{\r\n  \"odata.metadata\": \"https://pooltests.batch.core.windows.net/$metadata#pools/@Element\",\r\n  \"name\": \"testPool\",\r\n  \"url\": \"https://pooltests.batch.core.windows.net/pools/testPool\",\r\n  \"eTag\": \"0x8D270469CAB83C7\",\r\n  \"lastModified\": \"2015-06-08T21:09:59.1168967Z\",\r\n  \"creationTime\": \"2015-06-08T20:24:16.7074847Z\",\r\n  \"state\": \"active\",\r\n  \"stateTransitionTime\": \"2015-06-08T20:24:16.7074847Z\",\r\n  \"allocationState\": \"steady\",\r\n  \"allocationStateTransitionTime\": \"2015-06-08T21:12:16.7860326Z\",\r\n  \"osFamily\": \"4\",\r\n  \"targetOSVersion\": \"*\",\r\n  \"currentOSVersion\": \"*\",\r\n  \"tvmSize\": \"small\",\r\n  \"resizeTimeout\": \"PT5M\",\r\n  \"currentDedicated\": 2,\r\n  \"targetDedicated\": 2,\r\n  \"enableAutoScale\": false,\r\n  \"communication\": false,\r\n  \"maxTasksPerTVM\": 1,\r\n  \"schedulingPolicy\": {\r\n    \"tvmFillType\": \"Spread\"\r\n  }\r\n}",
      "ResponseHeaders": {
        "Content-Type": [
          "application/json; odata=minimalmetadata"
        ],
        "Last-Modified": [
          "Mon, 08 Jun 2015 21:09:59 GMT"
        ],
        "Transfer-Encoding": [
          "chunked"
        ],
        "request-id": [
          "a4bf285d-3738-4b08-a8da-1a26ecc5c505"
        ],
        "Strict-Transport-Security": [
          "max-age=31536000; includeSubDomains"
        ],
        "DataServiceVersion": [
          "3.0"
        ],
        "Date": [
          "Mon, 08 Jun 2015 21:13:19 GMT"
        ],
        "ETag": [
          "0x8D270469CAB83C7"
        ],
        "Server": [
          "Microsoft-HTTPAPI/2.0"
        ]
      },
      "StatusCode": 200
    },
    {
      "RequestUri": "/pools/testPool?api-version=2014-10-01.1.0",
      "EncodedRequestUri": "L3Bvb2xzL3Rlc3RQb29sP2FwaS12ZXJzaW9uPTIwMTQtMTAtMDEuMS4w",
      "RequestMethod": "GET",
      "RequestBody": "",
      "RequestHeaders": {
        "User-Agent": [
          "WA-Batch/1.0"
        ],
        "client-request-id": [
          "90da22d3-f512-49ff-afb7-68bc4344b469"
        ],
        "return-client-request-id": [
          "False"
        ],
        "ocp-date": [
          "Mon, 08 Jun 2015 21:13:20 GMT"
        ]
      },
      "ResponseBody": "{\r\n  \"odata.metadata\": \"https://pooltests.batch.core.windows.net/$metadata#pools/@Element\",\r\n  \"name\": \"testPool\",\r\n  \"url\": \"https://pooltests.batch.core.windows.net/pools/testPool\",\r\n  \"eTag\": \"0x8D270469CAB83C7\",\r\n  \"lastModified\": \"2015-06-08T21:09:59.1168967Z\",\r\n  \"creationTime\": \"2015-06-08T20:24:16.7074847Z\",\r\n  \"state\": \"active\",\r\n  \"stateTransitionTime\": \"2015-06-08T20:24:16.7074847Z\",\r\n  \"allocationState\": \"steady\",\r\n  \"allocationStateTransitionTime\": \"2015-06-08T21:12:16.7860326Z\",\r\n  \"osFamily\": \"4\",\r\n  \"targetOSVersion\": \"*\",\r\n  \"currentOSVersion\": \"*\",\r\n  \"tvmSize\": \"small\",\r\n  \"resizeTimeout\": \"PT5M\",\r\n  \"currentDedicated\": 2,\r\n  \"targetDedicated\": 2,\r\n  \"enableAutoScale\": false,\r\n  \"communication\": false,\r\n  \"maxTasksPerTVM\": 1,\r\n  \"schedulingPolicy\": {\r\n    \"tvmFillType\": \"Spread\"\r\n  }\r\n}",
      "ResponseHeaders": {
        "Content-Type": [
          "application/json; odata=minimalmetadata"
        ],
        "Last-Modified": [
          "Mon, 08 Jun 2015 21:09:59 GMT"
        ],
        "Transfer-Encoding": [
          "chunked"
        ],
        "request-id": [
          "c7ccb97c-9dd5-4711-91cc-28f986216fc7"
        ],
        "Strict-Transport-Security": [
          "max-age=31536000; includeSubDomains"
        ],
        "DataServiceVersion": [
          "3.0"
        ],
        "Date": [
          "Mon, 08 Jun 2015 21:13:20 GMT"
        ],
        "ETag": [
          "0x8D270469CAB83C7"
        ],
        "Server": [
          "Microsoft-HTTPAPI/2.0"
        ]
      },
      "StatusCode": 200
    },
    {
      "RequestUri": "/pools/testPool?api-version=2014-10-01.1.0",
      "EncodedRequestUri": "L3Bvb2xzL3Rlc3RQb29sP2FwaS12ZXJzaW9uPTIwMTQtMTAtMDEuMS4w",
      "RequestMethod": "GET",
      "RequestBody": "",
      "RequestHeaders": {
        "User-Agent": [
          "WA-Batch/1.0"
        ],
        "client-request-id": [
          "5e457058-44ac-4618-8ab1-f88df93f0ad2"
        ],
        "return-client-request-id": [
          "False"
        ],
        "ocp-date": [
          "Mon, 08 Jun 2015 21:13:21 GMT"
        ]
      },
      "ResponseBody": "{\r\n  \"odata.metadata\": \"https://pooltests.batch.core.windows.net/$metadata#pools/@Element\",\r\n  \"name\": \"testPool\",\r\n  \"url\": \"https://pooltests.batch.core.windows.net/pools/testPool\",\r\n  \"eTag\": \"0x8D270471550BDC8\",\r\n  \"lastModified\": \"2015-06-08T21:13:21.5263176Z\",\r\n  \"creationTime\": \"2015-06-08T20:24:16.7074847Z\",\r\n  \"state\": \"active\",\r\n  \"stateTransitionTime\": \"2015-06-08T20:24:16.7074847Z\",\r\n  \"allocationState\": \"resizing\",\r\n  \"allocationStateTransitionTime\": \"2015-06-08T21:13:21.5263176Z\",\r\n  \"osFamily\": \"4\",\r\n  \"targetOSVersion\": \"*\",\r\n  \"currentOSVersion\": \"*\",\r\n  \"tvmSize\": \"small\",\r\n  \"resizeTimeout\": \"PT1H\",\r\n  \"currentDedicated\": 2,\r\n  \"targetDedicated\": 4,\r\n  \"enableAutoScale\": false,\r\n  \"communication\": false,\r\n  \"maxTasksPerTVM\": 1,\r\n  \"schedulingPolicy\": {\r\n    \"tvmFillType\": \"Spread\"\r\n  }\r\n}",
      "ResponseHeaders": {
        "Content-Type": [
          "application/json; odata=minimalmetadata"
        ],
        "Last-Modified": [
          "Mon, 08 Jun 2015 21:13:21 GMT"
        ],
        "Transfer-Encoding": [
          "chunked"
        ],
        "request-id": [
          "1c5614c4-9faa-4ad8-b671-220b1bf3712a"
        ],
        "Strict-Transport-Security": [
          "max-age=31536000; includeSubDomains"
        ],
        "DataServiceVersion": [
          "3.0"
        ],
        "Date": [
          "Mon, 08 Jun 2015 21:13:21 GMT"
        ],
        "ETag": [
          "0x8D270471550BDC8"
        ],
        "Server": [
          "Microsoft-HTTPAPI/2.0"
        ]
      },
      "StatusCode": 200
    },
    {
      "RequestUri": "/pools/testPool?resize&api-version=2014-10-01.1.0",
      "EncodedRequestUri": "L3Bvb2xzL3Rlc3RQb29sP3Jlc2l6ZSZhcGktdmVyc2lvbj0yMDE0LTEwLTAxLjEuMA==",
      "RequestMethod": "POST",
      "RequestBody": "{\r\n  \"targetDedicated\": 4,\r\n  \"resizeTimeout\": \"PT1H\",\r\n  \"tvmDeallocationOption\": \"terminate\"\r\n}",
      "RequestHeaders": {
        "Content-Type": [
          "application/json;odata=minimalmetadata"
        ],
        "Content-Length": [
          "86"
        ],
        "User-Agent": [
          "WA-Batch/1.0"
        ],
        "client-request-id": [
          "b4a41147-3df9-4c1d-907d-5774d8a5506d"
        ],
        "return-client-request-id": [
          "False"
        ],
        "ocp-date": [
          "Mon, 08 Jun 2015 21:13:20 GMT"
        ]
      },
      "ResponseBody": "",
      "ResponseHeaders": {
        "Last-Modified": [
          "Mon, 08 Jun 2015 21:13:21 GMT"
        ],
        "Transfer-Encoding": [
          "chunked"
        ],
        "request-id": [
          "19e53cce-a2c5-4065-9575-550feb92be43"
        ],
        "Strict-Transport-Security": [
          "max-age=31536000; includeSubDomains"
        ],
        "DataServiceVersion": [
          "3.0"
        ],
        "DataServiceId": [
          "https://pooltests.batch.core.windows.net/pools/testPool"
        ],
        "Date": [
          "Mon, 08 Jun 2015 21:13:19 GMT"
        ],
        "ETag": [
          "0x8D270471550BDC8"
        ],
        "Server": [
          "Microsoft-HTTPAPI/2.0"
        ]
      },
      "StatusCode": 202
    }
  ],
  "Names": {},
  "Variables": {
    "SubscriptionId": "6368ed38-3570-481f-b4fa-1d0a6e8d3f3b"
  }
}