{
  "Entries": [
    {
      "RequestUri": "/subscriptions/3cfb1b34-e5a9-4f98-bf9c-e4d69a6b170c/resourcegroups/onesdk4731?api-version=2016-02-01",
      "EncodedRequestUri": "L3N1YnNjcmlwdGlvbnMvM2NmYjFiMzQtZTVhOS00Zjk4LWJmOWMtZTRkNjlhNmIxNzBjL3Jlc291cmNlZ3JvdXBzL29uZXNkazQ3MzE/YXBpLXZlcnNpb249MjAxNi0wMi0wMQ==",
      "RequestMethod": "PUT",
      "RequestBody": "{\r\n  \"location\": \"West US\"\r\n}",
      "RequestHeaders": {
        "Content-Type": [
          "application/json; charset=utf-8"
        ],
        "Content-Length": [
          "29"
        ],
        "User-Agent": [
          "Microsoft.Azure.Management.Resources.ResourceManagementClient/2.0.0.0"
        ]
      },
      "ResponseBody": "{\r\n  \"id\": \"/subscriptions/3cfb1b34-e5a9-4f98-bf9c-e4d69a6b170c/resourceGroups/onesdk4731\",\r\n  \"name\": \"onesdk4731\",\r\n  \"location\": \"westus\",\r\n  \"properties\": {\r\n    \"provisioningState\": \"Succeeded\"\r\n  }\r\n}",
      "ResponseHeaders": {
        "Content-Length": [
          "173"
        ],
        "Content-Type": [
          "application/json; charset=utf-8"
        ],
        "Expires": [
          "-1"
        ],
        "Pragma": [
          "no-cache"
        ],
        "x-ms-ratelimit-remaining-subscription-writes": [
          "1179"
        ],
        "x-ms-request-id": [
          "0b54cc42-7a35-471c-bd16-7a8dedeb97da"
        ],
        "x-ms-correlation-request-id": [
          "0b54cc42-7a35-471c-bd16-7a8dedeb97da"
        ],
        "x-ms-routing-request-id": [
          "CENTRALUS:20160702T024258Z:0b54cc42-7a35-471c-bd16-7a8dedeb97da"
        ],
        "Strict-Transport-Security": [
          "max-age=31536000; includeSubDomains"
        ],
        "Cache-Control": [
          "no-cache"
        ],
        "Date": [
          "Sat, 02 Jul 2016 02:42:57 GMT"
        ]
      },
      "StatusCode": 201
    },
    {
      "RequestUri": "/subscriptions/3cfb1b34-e5a9-4f98-bf9c-e4d69a6b170c/resourceGroups/onesdk4731/providers/Microsoft.Network/dnszones/onesdk7799.pstest.test?api-version=2016-04-01",
      "EncodedRequestUri": "L3N1YnNjcmlwdGlvbnMvM2NmYjFiMzQtZTVhOS00Zjk4LWJmOWMtZTRkNjlhNmIxNzBjL3Jlc291cmNlR3JvdXBzL29uZXNkazQ3MzEvcHJvdmlkZXJzL01pY3Jvc29mdC5OZXR3b3JrL2Ruc3pvbmVzL29uZXNkazc3OTkucHN0ZXN0LnRlc3Q/YXBpLXZlcnNpb249MjAxNi0wNC0wMQ==",
      "RequestMethod": "PUT",
      "RequestBody": "{\r\n  \"location\": \"global\"\r\n}",
      "RequestHeaders": {
        "Content-Type": [
          "application/json; charset=utf-8"
        ],
        "Content-Length": [
          "28"
        ],
        "x-ms-client-request-id": [
          "7d81feb5-08da-4a0a-8961-fdc156fce508"
        ],
        "If-None-Match": [
          "*"
        ],
        "accept-language": [
          "en-US"
        ],
        "User-Agent": [
          "Microsoft.Azure.Management.Dns.DnsManagementClient/1.7.2-preview"
        ]
      },
      "ResponseBody": "{\r\n  \"id\": \"/subscriptions/3cfb1b34-e5a9-4f98-bf9c-e4d69a6b170c/resourceGroups/onesdk4731/providers/Microsoft.Network/dnszones/onesdk7799.pstest.test\",\r\n  \"name\": \"onesdk7799.pstest.test\",\r\n  \"type\": \"Microsoft.Network/dnszones\",\r\n  \"etag\": \"00000002-0000-0000-38d1-d3700bd4d101\",\r\n  \"location\": \"global\",\r\n  \"tags\": {},\r\n  \"properties\": {\r\n    \"maxNumberOfRecordSets\": 5000,\r\n    \"nameServers\": [\r\n      \"ns1-04.daily.azure-dns.com.\",\r\n      \"ns2-04.daily.azure-dns.net.\",\r\n      \"ns3-04.daily.azure-dns.org.\",\r\n      \"ns4-04.daily.azure-dns.info.\"\r\n    ],\r\n    \"numberOfRecordSets\": 2\r\n  }\r\n}",
      "ResponseHeaders": {
        "Content-Length": [
          "503"
        ],
        "Content-Type": [
          "application/json; charset=utf-8"
        ],
        "X-Content-Type-Options": [
          "nosniff"
        ],
        "Strict-Transport-Security": [
          "max-age=31536000; includeSubDomains"
        ],
        "x-ms-request-id": [
          "7d81feb5-08da-4a0a-8961-fdc156fce508"
        ],
        "x-ms-ratelimit-remaining-subscription-resource-requests": [
          "11979"
        ],
        "x-ms-correlation-request-id": [
          "9138f11c-135e-4932-82ac-da17be1cada2"
        ],
        "x-ms-routing-request-id": [
          "CENTRALUS:20160702T024259Z:9138f11c-135e-4932-82ac-da17be1cada2"
        ],
        "Cache-Control": [
          "private"
        ],
        "Date": [
          "Sat, 02 Jul 2016 02:42:59 GMT"
        ],
        "ETag": [
          "00000002-0000-0000-38d1-d3700bd4d101"
        ],
        "Server": [
          "Microsoft-IIS/8.5"
        ],
        "X-AspNet-Version": [
          "4.0.30319"
        ],
        "X-Powered-By": [
          "ASP.NET"
        ]
      },
      "StatusCode": 201
    },
    {
      "RequestUri": "/subscriptions/3cfb1b34-e5a9-4f98-bf9c-e4d69a6b170c/resourceGroups/onesdk4731/providers/Microsoft.Network/dnszones/onesdk7799.pstest.test/MX/onesdk9673?api-version=2016-04-01",
      "EncodedRequestUri": "L3N1YnNjcmlwdGlvbnMvM2NmYjFiMzQtZTVhOS00Zjk4LWJmOWMtZTRkNjlhNmIxNzBjL3Jlc291cmNlR3JvdXBzL29uZXNkazQ3MzEvcHJvdmlkZXJzL01pY3Jvc29mdC5OZXR3b3JrL2Ruc3pvbmVzL29uZXNkazc3OTkucHN0ZXN0LnRlc3QvTVgvb25lc2RrOTY3Mz9hcGktdmVyc2lvbj0yMDE2LTA0LTAx",
      "RequestMethod": "PUT",
      "RequestBody": "{\r\n  \"name\": \"onesdk9673\",\r\n  \"properties\": {\r\n    \"TTL\": 100,\r\n    \"MXRecords\": [\r\n      {\r\n        \"preference\": 0,\r\n        \"exchange\": \"mail2.theg.com\"\r\n      }\r\n    ]\r\n  }\r\n}",
      "RequestHeaders": {
        "Content-Type": [
          "application/json; charset=utf-8"
        ],
        "Content-Length": [
          "179"
        ],
        "x-ms-client-request-id": [
          "49fad7c2-bee3-47f4-881d-3efa4a147c6e"
        ],
        "If-None-Match": [
          "*"
        ],
        "accept-language": [
          "en-US"
        ],
        "User-Agent": [
          "Microsoft.Azure.Management.Dns.DnsManagementClient/1.7.2-preview"
        ]
      },
      "ResponseBody": "{\r\n  \"id\": \"/subscriptions/3cfb1b34-e5a9-4f98-bf9c-e4d69a6b170c/resourceGroups/onesdk4731/providers/Microsoft.Network/dnszones/onesdk7799.pstest.test/MX/onesdk9673\",\r\n  \"name\": \"onesdk9673\",\r\n  \"type\": \"Microsoft.Network/dnszones/MX\",\r\n  \"etag\": \"23b0be28-19fd-45d9-83c1-c3785f64fe86\",\r\n  \"properties\": {\r\n    \"metadata\": null,\r\n    \"fqdn\": \"onesdk9673.onesdk7799.pstest.test.\",\r\n    \"TTL\": 100,\r\n    \"MXRecords\": [\r\n      {\r\n        \"exchange\": \"mail2.theg.com\",\r\n        \"preference\": 0\r\n      }\r\n    ]\r\n  }\r\n}",
      "ResponseHeaders": {
        "Content-Length": [
          "421"
        ],
        "Content-Type": [
          "application/json; charset=utf-8"
        ],
        "X-Content-Type-Options": [
          "nosniff"
        ],
        "Strict-Transport-Security": [
          "max-age=31536000; includeSubDomains"
        ],
        "x-ms-request-id": [
          "49fad7c2-bee3-47f4-881d-3efa4a147c6e"
        ],
        "x-ms-ratelimit-remaining-subscription-resource-requests": [
          "11997"
        ],
        "x-ms-correlation-request-id": [
          "fd86ab68-a3ef-4f40-b9d6-c58dc121aa2c"
        ],
        "x-ms-routing-request-id": [
          "CENTRALUS:20160702T024300Z:fd86ab68-a3ef-4f40-b9d6-c58dc121aa2c"
        ],
        "Cache-Control": [
          "private"
        ],
        "Date": [
          "Sat, 02 Jul 2016 02:43:00 GMT"
        ],
        "ETag": [
          "23b0be28-19fd-45d9-83c1-c3785f64fe86"
        ],
        "Server": [
          "Microsoft-IIS/8.5"
        ],
        "X-AspNet-Version": [
          "4.0.30319"
        ],
        "X-Powered-By": [
          "ASP.NET"
        ]
      },
      "StatusCode": 201
    },
    {
      "RequestUri": "/subscriptions/3cfb1b34-e5a9-4f98-bf9c-e4d69a6b170c/resourceGroups/onesdk4731/providers/Microsoft.Network/dnszones/onesdk7799.pstest.test/MX/onesdk9673?api-version=2016-04-01",
      "EncodedRequestUri": "L3N1YnNjcmlwdGlvbnMvM2NmYjFiMzQtZTVhOS00Zjk4LWJmOWMtZTRkNjlhNmIxNzBjL3Jlc291cmNlR3JvdXBzL29uZXNkazQ3MzEvcHJvdmlkZXJzL01pY3Jvc29mdC5OZXR3b3JrL2Ruc3pvbmVzL29uZXNkazc3OTkucHN0ZXN0LnRlc3QvTVgvb25lc2RrOTY3Mz9hcGktdmVyc2lvbj0yMDE2LTA0LTAx",
      "RequestMethod": "GET",
      "RequestBody": "",
      "RequestHeaders": {
        "x-ms-client-request-id": [
          "a92d36f1-fe48-4a7f-9a9b-ad15bbd3a703"
        ],
        "accept-language": [
          "en-US"
        ],
        "User-Agent": [
          "Microsoft.Azure.Management.Dns.DnsManagementClient/1.7.2-preview"
        ]
      },
      "ResponseBody": "{\r\n  \"id\": \"/subscriptions/3cfb1b34-e5a9-4f98-bf9c-e4d69a6b170c/resourceGroups/onesdk4731/providers/Microsoft.Network/dnszones/onesdk7799.pstest.test/MX/onesdk9673\",\r\n  \"name\": \"onesdk9673\",\r\n  \"type\": \"Microsoft.Network/dnszones/MX\",\r\n  \"etag\": \"23b0be28-19fd-45d9-83c1-c3785f64fe86\",\r\n  \"properties\": {\r\n    \"metadata\": null,\r\n    \"fqdn\": \"onesdk9673.onesdk7799.pstest.test.\",\r\n    \"TTL\": 100,\r\n    \"MXRecords\": [\r\n      {\r\n        \"exchange\": \"mail2.theg.com\",\r\n        \"preference\": 0\r\n      }\r\n    ]\r\n  }\r\n}",
      "ResponseHeaders": {
        "Content-Length": [
          "421"
        ],
        "Content-Type": [
          "application/json; charset=utf-8"
        ],
        "X-Content-Type-Options": [
          "nosniff"
        ],
        "Strict-Transport-Security": [
          "max-age=31536000; includeSubDomains"
        ],
        "x-ms-request-id": [
          "a92d36f1-fe48-4a7f-9a9b-ad15bbd3a703"
        ],
        "x-ms-ratelimit-remaining-subscription-resource-requests": [
          "11997"
        ],
        "x-ms-correlation-request-id": [
          "8504af78-21c1-4982-a275-3cf0d653e921"
        ],
        "x-ms-routing-request-id": [
          "CENTRALUS:20160702T024300Z:8504af78-21c1-4982-a275-3cf0d653e921"
        ],
        "Cache-Control": [
          "private"
        ],
        "Date": [
          "Sat, 02 Jul 2016 02:43:00 GMT"
        ],
        "ETag": [
          "23b0be28-19fd-45d9-83c1-c3785f64fe86"
        ],
        "Server": [
          "Microsoft-IIS/8.5"
        ],
        "X-AspNet-Version": [
          "4.0.30319"
        ],
        "X-Powered-By": [
          "ASP.NET"
        ]
      },
      "StatusCode": 200
    },
    {
      "RequestUri": "/subscriptions/3cfb1b34-e5a9-4f98-bf9c-e4d69a6b170c/resourceGroups/onesdk4731/providers/Microsoft.Network/dnszones/onesdk7799.pstest.test/MX/onesdk9673?api-version=2016-04-01",
      "EncodedRequestUri": "L3N1YnNjcmlwdGlvbnMvM2NmYjFiMzQtZTVhOS00Zjk4LWJmOWMtZTRkNjlhNmIxNzBjL3Jlc291cmNlR3JvdXBzL29uZXNkazQ3MzEvcHJvdmlkZXJzL01pY3Jvc29mdC5OZXR3b3JrL2Ruc3pvbmVzL29uZXNkazc3OTkucHN0ZXN0LnRlc3QvTVgvb25lc2RrOTY3Mz9hcGktdmVyc2lvbj0yMDE2LTA0LTAx",
      "RequestMethod": "DELETE",
      "RequestBody": "",
      "RequestHeaders": {
        "x-ms-client-request-id": [
          "2ee126c8-376d-402d-88a5-90eeab7c39d6"
        ],
        "If-Match": [
          "23b0be28-19fd-45d9-83c1-c3785f64fe86"
        ],
        "accept-language": [
          "en-US"
        ],
        "User-Agent": [
          "Microsoft.Azure.Management.Dns.DnsManagementClient/1.7.2-preview"
        ]
      },
      "ResponseBody": "",
      "ResponseHeaders": {
        "Content-Length": [
          "0"
        ],
        "X-Content-Type-Options": [
          "nosniff"
        ],
        "Strict-Transport-Security": [
          "max-age=31536000; includeSubDomains"
        ],
        "x-ms-request-id": [
          "2ee126c8-376d-402d-88a5-90eeab7c39d6"
        ],
        "x-ms-ratelimit-remaining-subscription-resource-requests": [
          "11998"
        ],
        "x-ms-correlation-request-id": [
          "d48d4323-6fde-4426-8e7a-65fb7c080323"
        ],
        "x-ms-routing-request-id": [
          "CENTRALUS:20160702T024300Z:d48d4323-6fde-4426-8e7a-65fb7c080323"
        ],
        "Cache-Control": [
          "private"
        ],
        "Date": [
          "Sat, 02 Jul 2016 02:43:00 GMT"
        ],
        "Server": [
          "Microsoft-IIS/8.5"
        ],
        "X-AspNet-Version": [
          "4.0.30319"
        ],
        "X-Powered-By": [
          "ASP.NET"
        ]
      },
      "StatusCode": 200
    },
    {
      "RequestUri": "/subscriptions/3cfb1b34-e5a9-4f98-bf9c-e4d69a6b170c/resourceGroups/onesdk4731/providers/Microsoft.Network/dnszones/onesdk7799.pstest.test?api-version=2016-04-01",
      "EncodedRequestUri": "L3N1YnNjcmlwdGlvbnMvM2NmYjFiMzQtZTVhOS00Zjk4LWJmOWMtZTRkNjlhNmIxNzBjL3Jlc291cmNlR3JvdXBzL29uZXNkazQ3MzEvcHJvdmlkZXJzL01pY3Jvc29mdC5OZXR3b3JrL2Ruc3pvbmVzL29uZXNkazc3OTkucHN0ZXN0LnRlc3Q/YXBpLXZlcnNpb249MjAxNi0wNC0wMQ==",
      "RequestMethod": "GET",
      "RequestBody": "",
      "RequestHeaders": {
        "x-ms-client-request-id": [
          "d411c00a-7ba7-47c3-9011-f66473eb5bb5"
        ],
        "accept-language": [
          "en-US"
        ],
        "User-Agent": [
          "Microsoft.Azure.Management.Dns.DnsManagementClient/1.7.2-preview"
        ]
      },
      "ResponseBody": "{\r\n  \"id\": \"/subscriptions/3cfb1b34-e5a9-4f98-bf9c-e4d69a6b170c/resourceGroups/onesdk4731/providers/Microsoft.Network/dnszones/onesdk7799.pstest.test\",\r\n  \"name\": \"onesdk7799.pstest.test\",\r\n  \"type\": \"Microsoft.Network/dnszones\",\r\n  \"etag\": \"00000002-0000-0000-38d1-d3700bd4d101\",\r\n  \"location\": \"global\",\r\n  \"tags\": {},\r\n  \"properties\": {\r\n    \"maxNumberOfRecordSets\": 100000,\r\n    \"nameServers\": [\r\n      \"ns1-04.daily.azure-dns.com.\",\r\n      \"ns2-04.daily.azure-dns.net.\",\r\n      \"ns3-04.daily.azure-dns.org.\",\r\n      \"ns4-04.daily.azure-dns.info.\"\r\n    ],\r\n    \"numberOfRecordSets\": 2\r\n  }\r\n}",
      "ResponseHeaders": {
        "Content-Length": [
          "505"
        ],
        "Content-Type": [
          "application/json; charset=utf-8"
        ],
        "X-Content-Type-Options": [
          "nosniff"
        ],
        "Strict-Transport-Security": [
          "max-age=31536000; includeSubDomains"
        ],
        "x-ms-request-id": [
          "d411c00a-7ba7-47c3-9011-f66473eb5bb5"
        ],
        "x-ms-ratelimit-remaining-subscription-resource-requests": [
          "11985"
        ],
        "x-ms-correlation-request-id": [
          "4da28df7-5fdf-4bd8-ba28-867290934b69"
        ],
        "x-ms-routing-request-id": [
          "CENTRALUS:20160702T024301Z:4da28df7-5fdf-4bd8-ba28-867290934b69"
        ],
        "Cache-Control": [
          "private"
        ],
        "Date": [
          "Sat, 02 Jul 2016 02:43:01 GMT"
        ],
        "ETag": [
          "00000002-0000-0000-38d1-d3700bd4d101"
        ],
        "Server": [
          "Microsoft-IIS/8.5"
        ],
        "X-AspNet-Version": [
          "4.0.30319"
        ],
        "X-Powered-By": [
          "ASP.NET"
        ]
      },
      "StatusCode": 200
    },
    {
      "RequestUri": "/subscriptions/3cfb1b34-e5a9-4f98-bf9c-e4d69a6b170c/resourceGroups/onesdk4731/providers/Microsoft.Network/dnszones/onesdk7799.pstest.test?api-version=2016-04-01",
      "EncodedRequestUri": "L3N1YnNjcmlwdGlvbnMvM2NmYjFiMzQtZTVhOS00Zjk4LWJmOWMtZTRkNjlhNmIxNzBjL3Jlc291cmNlR3JvdXBzL29uZXNkazQ3MzEvcHJvdmlkZXJzL01pY3Jvc29mdC5OZXR3b3JrL2Ruc3pvbmVzL29uZXNkazc3OTkucHN0ZXN0LnRlc3Q/YXBpLXZlcnNpb249MjAxNi0wNC0wMQ==",
      "RequestMethod": "DELETE",
      "RequestBody": "",
      "RequestHeaders": {
        "x-ms-client-request-id": [
          "a875de0a-2a95-476b-8cae-17ad14a69d91"
        ],
        "accept-language": [
          "en-US"
        ],
        "User-Agent": [
          "Microsoft.Azure.Management.Dns.DnsManagementClient/1.7.2-preview"
        ]
      },
      "ResponseBody": "",
      "ResponseHeaders": {
        "Content-Length": [
          "0"
        ],
        "X-Content-Type-Options": [
          "nosniff"
        ],
        "Strict-Transport-Security": [
          "max-age=31536000; includeSubDomains"
        ],
        "Azure-AsyncOperation": [
          "https://api-dogfood.resources.windows-int.net:443/subscriptions/3cfb1b34-e5a9-4f98-bf9c-e4d69a6b170c/resourceGroups/onesdk4731/providers/Microsoft.Network/dnsOperationStatuses/delzone636030241810532905dae52da8?api-version=2016-04-01"
        ],
        "x-ms-request-id": [
          "a875de0a-2a95-476b-8cae-17ad14a69d91"
        ],
        "x-ms-ratelimit-remaining-subscription-resource-requests": [
          "11984"
        ],
        "x-ms-correlation-request-id": [
          "dbd6242c-f4cd-47f9-b157-eb61d1607f34"
        ],
        "x-ms-routing-request-id": [
          "CENTRALUS:20160702T024301Z:dbd6242c-f4cd-47f9-b157-eb61d1607f34"
        ],
        "Cache-Control": [
          "private"
        ],
        "Date": [
          "Sat, 02 Jul 2016 02:43:01 GMT"
        ],
        "Location": [
          "https://api-dogfood.resources.windows-int.net/subscriptions/3cfb1b34-e5a9-4f98-bf9c-e4d69a6b170c/resourceGroups/onesdk4731/providers/Microsoft.Network/dnsOperationResults/delzone636030241810532905dae52da8?api-version=2016-04-01"
        ],
        "Server": [
          "Microsoft-IIS/8.5"
        ],
        "X-AspNet-Version": [
          "4.0.30319"
        ],
        "X-Powered-By": [
          "ASP.NET"
        ]
      },
      "StatusCode": 202
    },
    {
      "RequestUri": "/subscriptions/3cfb1b34-e5a9-4f98-bf9c-e4d69a6b170c/resourceGroups/onesdk4731/providers/Microsoft.Network/dnsOperationStatuses/delzone636030241810532905dae52da8?api-version=2016-04-01",
      "EncodedRequestUri": "L3N1YnNjcmlwdGlvbnMvM2NmYjFiMzQtZTVhOS00Zjk4LWJmOWMtZTRkNjlhNmIxNzBjL3Jlc291cmNlR3JvdXBzL29uZXNkazQ3MzEvcHJvdmlkZXJzL01pY3Jvc29mdC5OZXR3b3JrL2Ruc09wZXJhdGlvblN0YXR1c2VzL2RlbHpvbmU2MzYwMzAyNDE4MTA1MzI5MDVkYWU1MmRhOD9hcGktdmVyc2lvbj0yMDE2LTA0LTAx",
      "RequestMethod": "GET",
      "RequestBody": "",
      "RequestHeaders": {
        "User-Agent": [
          "Microsoft.Azure.Management.Dns.DnsManagementClient/1.7.2-preview"
        ]
      },
      "ResponseBody": "{\r\n  \"status\": \"Succeeded\"\r\n}",
      "ResponseHeaders": {
        "Content-Length": [
          "22"
        ],
        "Content-Type": [
          "application/json; charset=utf-8"
        ],
        "X-Content-Type-Options": [
          "nosniff"
        ],
        "Strict-Transport-Security": [
          "max-age=31536000; includeSubDomains"
        ],
        "x-ms-request-id": [
          "4ba395b7-3438-4460-a7ba-c78f0d49610c"
        ],
        "x-ms-ratelimit-remaining-subscription-resource-requests": [
          "11984"
        ],
        "x-ms-correlation-request-id": [
          "e46fb5cd-9163-4cb7-80b2-314a0045d810"
        ],
        "x-ms-routing-request-id": [
          "CENTRALUS:20160702T024331Z:e46fb5cd-9163-4cb7-80b2-314a0045d810"
        ],
        "Cache-Control": [
          "private"
        ],
        "Date": [
          "Sat, 02 Jul 2016 02:43:31 GMT"
        ],
        "Server": [
          "Microsoft-IIS/8.5"
        ],
        "X-AspNet-Version": [
          "4.0.30319"
        ],
        "X-Powered-By": [
          "ASP.NET"
        ]
      },
      "StatusCode": 200
    }
  ],
  "Names": {
    "Test-RecordSetMXNonEmpty": [
      "onesdk7799",
      "onesdk9673",
      "onesdk4731"
    ]
  },
  "Variables": {
    "SubscriptionId": "3cfb1b34-e5a9-4f98-bf9c-e4d69a6b170c"
  }
}