{
  "Entries": [
    {
      "RequestUri": "/subscriptions/c9cbd920-c00c-427c-852b-8aaf38badaeb/resourcegroups/ps1436?api-version=2016-02-01",
      "EncodedRequestUri": "L3N1YnNjcmlwdGlvbnMvYzljYmQ5MjAtYzAwYy00MjdjLTg1MmItOGFhZjM4YmFkYWViL3Jlc291cmNlZ3JvdXBzL3BzMTQzNj9hcGktdmVyc2lvbj0yMDE2LTAyLTAx",
      "RequestMethod": "PUT",
      "RequestBody": "{\r\n  \"location\": \"West US\"\r\n}",
      "RequestHeaders": {
        "Content-Type": [
          "application/json; charset=utf-8"
        ],
        "Content-Length": [
          "29"
        ],
        "User-Agent": [
          "Microsoft.Azure.Management.Resources.ResourceManagementClient/2.0.0.0"
        ]
      },
      "ResponseBody": "{\r\n  \"id\": \"/subscriptions/c9cbd920-c00c-427c-852b-8aaf38badaeb/resourceGroups/ps1436\",\r\n  \"name\": \"ps1436\",\r\n  \"location\": \"westus\",\r\n  \"properties\": {\r\n    \"provisioningState\": \"Succeeded\"\r\n  }\r\n}",
      "ResponseHeaders": {
        "Content-Length": [
          "165"
        ],
        "Content-Type": [
          "application/json; charset=utf-8"
        ],
        "Expires": [
          "-1"
        ],
        "Pragma": [
          "no-cache"
        ],
        "x-ms-ratelimit-remaining-subscription-writes": [
          "1199"
        ],
        "x-ms-request-id": [
          "0d37b763-163f-4939-9d31-ebf81b25023d"
        ],
        "x-ms-correlation-request-id": [
          "0d37b763-163f-4939-9d31-ebf81b25023d"
        ],
        "x-ms-routing-request-id": [
          "WESTUS:20180320T162155Z:0d37b763-163f-4939-9d31-ebf81b25023d"
        ],
        "Strict-Transport-Security": [
          "max-age=31536000; includeSubDomains"
        ],
        "X-Content-Type-Options": [
          "nosniff"
        ],
        "Cache-Control": [
          "no-cache"
        ],
        "Date": [
          "Tue, 20 Mar 2018 16:21:54 GMT"
        ]
      },
      "StatusCode": 201
    },
    {
      "RequestUri": "/subscriptions/c9cbd920-c00c-427c-852b-8aaf38badaeb/resourceGroups/ps1436/providers/Microsoft.Network/dnsZones/ps1099.pstest.test?api-version=2018-03-01-preview",
      "EncodedRequestUri": "L3N1YnNjcmlwdGlvbnMvYzljYmQ5MjAtYzAwYy00MjdjLTg1MmItOGFhZjM4YmFkYWViL3Jlc291cmNlR3JvdXBzL3BzMTQzNi9wcm92aWRlcnMvTWljcm9zb2Z0Lk5ldHdvcmsvZG5zWm9uZXMvcHMxMDk5LnBzdGVzdC50ZXN0P2FwaS12ZXJzaW9uPTIwMTgtMDMtMDEtcHJldmlldw==",
      "RequestMethod": "PUT",
      "RequestBody": "{\r\n  \"properties\": {\r\n    \"zoneType\": \"Public\",\r\n    \"registrationVirtualNetworks\": [],\r\n    \"resolutionVirtualNetworks\": []\r\n  },\r\n  \"location\": \"global\"\r\n}",
      "RequestHeaders": {
        "Content-Type": [
          "application/json; charset=utf-8"
        ],
        "Content-Length": [
          "157"
        ],
        "x-ms-client-request-id": [
          "7280d04f-9285-424a-8531-b5dcf45476c0"
        ],
        "If-None-Match": [
          "*"
        ],
        "accept-language": [
          "en-US"
        ],
        "User-Agent": [
          "FxVersion/4.7.2633.0",
          "OSName/Windows10Enterprise",
          "OSVersion/6.3.16299",
          "Microsoft.Azure.Management.Dns.DnsManagementClient/2.2.0.0"
        ]
      },
      "ResponseBody": "{\r\n  \"id\": \"/subscriptions/c9cbd920-c00c-427c-852b-8aaf38badaeb/resourceGroups/ps1436/providers/Microsoft.Network/dnszones/ps1099.pstest.test\",\r\n  \"name\": \"ps1099.pstest.test\",\r\n  \"type\": \"Microsoft.Network/dnszones\",\r\n  \"etag\": \"00000002-0000-0000-2026-dc9167c0d301\",\r\n  \"location\": \"global\",\r\n  \"tags\": {},\r\n  \"properties\": {\r\n    \"maxNumberOfRecordSets\": 5000,\r\n    \"nameServers\": [\r\n      \"ns1-08.azure-dns.com.\",\r\n      \"ns2-08.azure-dns.net.\",\r\n      \"ns3-08.azure-dns.org.\",\r\n      \"ns4-08.azure-dns.info.\"\r\n    ],\r\n    \"numberOfRecordSets\": 2,\r\n    \"zoneType\": \"Public\"\r\n  }\r\n}",
      "ResponseHeaders": {
        "Content-Length": [
          "487"
        ],
        "Content-Type": [
          "application/json; charset=utf-8"
        ],
        "X-Content-Type-Options": [
          "nosniff"
        ],
        "Strict-Transport-Security": [
          "max-age=31536000; includeSubDomains"
        ],
        "x-ms-request-id": [
          "7280d04f-9285-424a-8531-b5dcf45476c0"
        ],
        "x-ms-ratelimit-remaining-subscription-resource-requests": [
          "11999"
        ],
        "x-ms-correlation-request-id": [
          "da4b8a32-7290-4b10-8a94-3aa5107dd3b9"
        ],
        "x-ms-routing-request-id": [
          "WESTUS:20180320T162159Z:da4b8a32-7290-4b10-8a94-3aa5107dd3b9"
        ],
        "Cache-Control": [
          "private"
        ],
        "Date": [
          "Tue, 20 Mar 2018 16:21:58 GMT"
        ],
        "ETag": [
          "00000002-0000-0000-2026-dc9167c0d301"
        ],
        "Server": [
          "Microsoft-IIS/8.5"
        ],
        "X-AspNet-Version": [
          "4.0.30319"
        ],
        "X-Powered-By": [
          "ASP.NET"
        ]
      },
      "StatusCode": 201
    },
    {
      "RequestUri": "/subscriptions/c9cbd920-c00c-427c-852b-8aaf38badaeb/resourceGroups/ps1436/providers/Microsoft.Network/dnsZones/ps1099.pstest.test/CNAME/ps78?api-version=2018-03-01-preview",
      "EncodedRequestUri": "L3N1YnNjcmlwdGlvbnMvYzljYmQ5MjAtYzAwYy00MjdjLTg1MmItOGFhZjM4YmFkYWViL3Jlc291cmNlR3JvdXBzL3BzMTQzNi9wcm92aWRlcnMvTWljcm9zb2Z0Lk5ldHdvcmsvZG5zWm9uZXMvcHMxMDk5LnBzdGVzdC50ZXN0L0NOQU1FL3BzNzg/YXBpLXZlcnNpb249MjAxOC0wMy0wMS1wcmV2aWV3",
      "RequestMethod": "PUT",
      "RequestBody": "{\r\n  \"properties\": {\r\n    \"TTL\": 100,\r\n    \"CNAMERecord\": {\r\n      \"cname\": \"www.contoso.com\"\r\n    }\r\n  }\r\n}",
      "RequestHeaders": {
        "Content-Type": [
          "application/json; charset=utf-8"
        ],
        "Content-Length": [
          "108"
        ],
        "x-ms-client-request-id": [
          "19a531da-15d4-4a06-a844-b18fb9a905fa"
        ],
        "If-None-Match": [
          "*"
        ],
        "accept-language": [
          "en-US"
        ],
        "User-Agent": [
          "FxVersion/4.7.2633.0",
          "OSName/Windows10Enterprise",
          "OSVersion/6.3.16299",
          "Microsoft.Azure.Management.Dns.DnsManagementClient/2.2.0.0"
        ]
      },
      "ResponseBody": "{\r\n  \"id\": \"/subscriptions/c9cbd920-c00c-427c-852b-8aaf38badaeb/resourceGroups/ps1436/providers/Microsoft.Network/dnszones/ps1099.pstest.test/CNAME/ps78\",\r\n  \"name\": \"ps78\",\r\n  \"type\": \"Microsoft.Network/dnszones/CNAME\",\r\n  \"etag\": \"346e87ce-3bb6-475c-9dee-32d34f0355c9\",\r\n  \"properties\": {\r\n    \"fqdn\": \"ps78.ps1099.pstest.test.\",\r\n    \"TTL\": 100,\r\n    \"CNAMERecord\": {\r\n      \"cname\": \"www.contoso.com\"\r\n    }\r\n  }\r\n}",
      "ResponseHeaders": {
        "Content-Length": [
          "364"
        ],
        "Content-Type": [
          "application/json; charset=utf-8"
        ],
        "X-Content-Type-Options": [
          "nosniff"
        ],
        "Strict-Transport-Security": [
          "max-age=31536000; includeSubDomains"
        ],
        "x-ms-request-id": [
          "19a531da-15d4-4a06-a844-b18fb9a905fa"
        ],
        "x-ms-ratelimit-remaining-subscription-resource-requests": [
          "11999"
        ],
        "x-ms-correlation-request-id": [
          "01c8f48a-a874-4322-94cf-2165b6fe6448"
        ],
        "x-ms-routing-request-id": [
          "WESTUS:20180320T162201Z:01c8f48a-a874-4322-94cf-2165b6fe6448"
        ],
        "Cache-Control": [
          "private"
        ],
        "Date": [
          "Tue, 20 Mar 2018 16:22:00 GMT"
        ],
        "ETag": [
          "346e87ce-3bb6-475c-9dee-32d34f0355c9"
        ],
        "Server": [
          "Microsoft-IIS/8.5"
        ],
        "X-AspNet-Version": [
          "4.0.30319"
        ],
        "X-Powered-By": [
          "ASP.NET"
        ]
      },
      "StatusCode": 201
    },
    {
      "RequestUri": "/subscriptions/c9cbd920-c00c-427c-852b-8aaf38badaeb/resourceGroups/ps1436/providers/Microsoft.Network/dnsZones/ps1099.pstest.test/CNAME/ps78?api-version=2018-03-01-preview",
      "EncodedRequestUri": "L3N1YnNjcmlwdGlvbnMvYzljYmQ5MjAtYzAwYy00MjdjLTg1MmItOGFhZjM4YmFkYWViL3Jlc291cmNlR3JvdXBzL3BzMTQzNi9wcm92aWRlcnMvTWljcm9zb2Z0Lk5ldHdvcmsvZG5zWm9uZXMvcHMxMDk5LnBzdGVzdC50ZXN0L0NOQU1FL3BzNzg/YXBpLXZlcnNpb249MjAxOC0wMy0wMS1wcmV2aWV3",
      "RequestMethod": "GET",
      "RequestBody": "",
      "RequestHeaders": {
        "x-ms-client-request-id": [
          "b36f5bd7-4c4d-4597-9fbf-2062db474096"
        ],
        "accept-language": [
          "en-US"
        ],
        "User-Agent": [
          "FxVersion/4.7.2633.0",
          "OSName/Windows10Enterprise",
          "OSVersion/6.3.16299",
          "Microsoft.Azure.Management.Dns.DnsManagementClient/2.2.0.0"
        ]
      },
      "ResponseBody": "{\r\n  \"id\": \"/subscriptions/c9cbd920-c00c-427c-852b-8aaf38badaeb/resourceGroups/ps1436/providers/Microsoft.Network/dnszones/ps1099.pstest.test/CNAME/ps78\",\r\n  \"name\": \"ps78\",\r\n  \"type\": \"Microsoft.Network/dnszones/CNAME\",\r\n  \"etag\": \"346e87ce-3bb6-475c-9dee-32d34f0355c9\",\r\n  \"properties\": {\r\n    \"fqdn\": \"ps78.ps1099.pstest.test.\",\r\n    \"TTL\": 100,\r\n    \"CNAMERecord\": {\r\n      \"cname\": \"www.contoso.com\"\r\n    }\r\n  }\r\n}",
      "ResponseHeaders": {
        "Content-Length": [
          "364"
        ],
        "Content-Type": [
          "application/json; charset=utf-8"
        ],
        "X-Content-Type-Options": [
          "nosniff"
        ],
        "Strict-Transport-Security": [
          "max-age=31536000; includeSubDomains"
        ],
        "x-ms-request-id": [
          "b36f5bd7-4c4d-4597-9fbf-2062db474096"
        ],
        "x-ms-ratelimit-remaining-subscription-resource-requests": [
          "11999"
        ],
        "x-ms-correlation-request-id": [
          "f6beeba3-325f-45ba-b94c-ebcb17d90e8f"
        ],
        "x-ms-routing-request-id": [
          "WESTUS:20180320T162201Z:f6beeba3-325f-45ba-b94c-ebcb17d90e8f"
        ],
        "Cache-Control": [
          "private"
        ],
        "Date": [
          "Tue, 20 Mar 2018 16:22:01 GMT"
        ],
        "ETag": [
          "346e87ce-3bb6-475c-9dee-32d34f0355c9"
        ],
        "Server": [
          "Microsoft-IIS/8.5"
        ],
        "X-AspNet-Version": [
          "4.0.30319"
        ],
        "X-Powered-By": [
          "ASP.NET"
        ]
      },
      "StatusCode": 200
    },
    {
      "RequestUri": "/subscriptions/c9cbd920-c00c-427c-852b-8aaf38badaeb/resourceGroups/ps1436/providers/Microsoft.Network/dnsZones/ps1099.pstest.test/CNAME/ps78?api-version=2018-03-01-preview",
      "EncodedRequestUri": "L3N1YnNjcmlwdGlvbnMvYzljYmQ5MjAtYzAwYy00MjdjLTg1MmItOGFhZjM4YmFkYWViL3Jlc291cmNlR3JvdXBzL3BzMTQzNi9wcm92aWRlcnMvTWljcm9zb2Z0Lk5ldHdvcmsvZG5zWm9uZXMvcHMxMDk5LnBzdGVzdC50ZXN0L0NOQU1FL3BzNzg/YXBpLXZlcnNpb249MjAxOC0wMy0wMS1wcmV2aWV3",
      "RequestMethod": "DELETE",
      "RequestBody": "",
      "RequestHeaders": {
        "x-ms-client-request-id": [
          "b0f88db4-91e9-4fdb-a826-15c430bbbdca"
        ],
        "If-Match": [
          "346e87ce-3bb6-475c-9dee-32d34f0355c9"
        ],
        "accept-language": [
          "en-US"
        ],
        "User-Agent": [
          "FxVersion/4.7.2633.0",
          "OSName/Windows10Enterprise",
          "OSVersion/6.3.16299",
          "Microsoft.Azure.Management.Dns.DnsManagementClient/2.2.0.0"
        ]
      },
      "ResponseBody": "",
      "ResponseHeaders": {
        "Content-Length": [
          "0"
        ],
        "X-Content-Type-Options": [
          "nosniff"
        ],
        "Strict-Transport-Security": [
          "max-age=31536000; includeSubDomains"
        ],
        "x-ms-request-id": [
          "b0f88db4-91e9-4fdb-a826-15c430bbbdca"
        ],
        "x-ms-ratelimit-remaining-subscription-resource-requests": [
          "11999"
        ],
        "x-ms-correlation-request-id": [
          "57eaafda-d2f7-4436-843d-3322e6f8fd76"
        ],
        "x-ms-routing-request-id": [
          "WESTUS:20180320T162202Z:57eaafda-d2f7-4436-843d-3322e6f8fd76"
        ],
        "Cache-Control": [
          "private"
        ],
        "Date": [
          "Tue, 20 Mar 2018 16:22:02 GMT"
        ],
        "Server": [
          "Microsoft-IIS/8.5"
        ],
        "X-AspNet-Version": [
          "4.0.30319"
        ],
        "X-Powered-By": [
          "ASP.NET"
        ]
      },
      "StatusCode": 200
    },
    {
      "RequestUri": "/subscriptions/c9cbd920-c00c-427c-852b-8aaf38badaeb/resourceGroups/ps1436/providers/Microsoft.Network/dnsZones/ps1099.pstest.test?api-version=2018-03-01-preview",
      "EncodedRequestUri": "L3N1YnNjcmlwdGlvbnMvYzljYmQ5MjAtYzAwYy00MjdjLTg1MmItOGFhZjM4YmFkYWViL3Jlc291cmNlR3JvdXBzL3BzMTQzNi9wcm92aWRlcnMvTWljcm9zb2Z0Lk5ldHdvcmsvZG5zWm9uZXMvcHMxMDk5LnBzdGVzdC50ZXN0P2FwaS12ZXJzaW9uPTIwMTgtMDMtMDEtcHJldmlldw==",
      "RequestMethod": "GET",
      "RequestBody": "",
      "RequestHeaders": {
        "x-ms-client-request-id": [
          "c68f1d0e-f265-4524-96ef-1a56fbd8b708"
        ],
        "accept-language": [
          "en-US"
        ],
        "User-Agent": [
          "FxVersion/4.7.2633.0",
          "OSName/Windows10Enterprise",
          "OSVersion/6.3.16299",
          "Microsoft.Azure.Management.Dns.DnsManagementClient/2.2.0.0"
        ]
      },
      "ResponseBody": "{\r\n  \"id\": \"/subscriptions/c9cbd920-c00c-427c-852b-8aaf38badaeb/resourceGroups/ps1436/providers/Microsoft.Network/dnszones/ps1099.pstest.test\",\r\n  \"name\": \"ps1099.pstest.test\",\r\n  \"type\": \"Microsoft.Network/dnszones\",\r\n  \"etag\": \"00000002-0000-0000-2026-dc9167c0d301\",\r\n  \"location\": \"global\",\r\n  \"tags\": {},\r\n  \"properties\": {\r\n    \"maxNumberOfRecordSets\": 5000,\r\n    \"nameServers\": [\r\n      \"ns1-08.azure-dns.com.\",\r\n      \"ns2-08.azure-dns.net.\",\r\n      \"ns3-08.azure-dns.org.\",\r\n      \"ns4-08.azure-dns.info.\"\r\n    ],\r\n    \"numberOfRecordSets\": 2,\r\n    \"zoneType\": \"Public\"\r\n  }\r\n}",
      "ResponseHeaders": {
        "Content-Length": [
          "487"
        ],
        "Content-Type": [
          "application/json; charset=utf-8"
        ],
        "X-Content-Type-Options": [
          "nosniff"
        ],
        "Strict-Transport-Security": [
          "max-age=31536000; includeSubDomains"
        ],
        "x-ms-request-id": [
          "c68f1d0e-f265-4524-96ef-1a56fbd8b708"
        ],
        "x-ms-ratelimit-remaining-subscription-resource-requests": [
          "11999"
        ],
        "x-ms-correlation-request-id": [
          "61d2f508-c5aa-41d2-a1e6-5e182986d504"
        ],
        "x-ms-routing-request-id": [
          "WESTUS:20180320T162204Z:61d2f508-c5aa-41d2-a1e6-5e182986d504"
        ],
        "Cache-Control": [
          "private"
        ],
        "Date": [
          "Tue, 20 Mar 2018 16:22:03 GMT"
        ],
        "ETag": [
          "00000002-0000-0000-2026-dc9167c0d301"
        ],
        "Server": [
          "Microsoft-IIS/8.5"
        ],
        "X-AspNet-Version": [
          "4.0.30319"
        ],
        "X-Powered-By": [
          "ASP.NET"
        ]
      },
      "StatusCode": 200
    },
    {
      "RequestUri": "/subscriptions/c9cbd920-c00c-427c-852b-8aaf38badaeb/resourceGroups/ps1436/providers/Microsoft.Network/dnsZones/ps1099.pstest.test?api-version=2018-03-01-preview",
      "EncodedRequestUri": "L3N1YnNjcmlwdGlvbnMvYzljYmQ5MjAtYzAwYy00MjdjLTg1MmItOGFhZjM4YmFkYWViL3Jlc291cmNlR3JvdXBzL3BzMTQzNi9wcm92aWRlcnMvTWljcm9zb2Z0Lk5ldHdvcmsvZG5zWm9uZXMvcHMxMDk5LnBzdGVzdC50ZXN0P2FwaS12ZXJzaW9uPTIwMTgtMDMtMDEtcHJldmlldw==",
      "RequestMethod": "DELETE",
      "RequestBody": "",
      "RequestHeaders": {
        "x-ms-client-request-id": [
          "0e6107b2-bb64-4e97-8477-78e687158931"
        ],
        "If-Match": [
          "*"
        ],
        "accept-language": [
          "en-US"
        ],
        "User-Agent": [
          "FxVersion/4.7.2633.0",
          "OSName/Windows10Enterprise",
          "OSVersion/6.3.16299",
          "Microsoft.Azure.Management.Dns.DnsManagementClient/2.2.0.0"
        ]
      },
      "ResponseBody": "",
      "ResponseHeaders": {
        "Content-Length": [
          "0"
        ],
        "Retry-After": [
          "3"
        ],
        "X-Content-Type-Options": [
          "nosniff"
        ],
        "Strict-Transport-Security": [
          "max-age=31536000; includeSubDomains"
        ],
        "Azure-AsyncOperation": [
          "https://management.azure.com:443/subscriptions/c9cbd920-c00c-427c-852b-8aaf38badaeb/resourceGroups/ps1436/providers/Microsoft.Network/dnsOperationStatuses/delzone636571597255541927cd9137c9?api-version=2018-03-01-preview"
        ],
        "x-ms-request-id": [
          "0e6107b2-bb64-4e97-8477-78e687158931"
        ],
        "x-ms-ratelimit-remaining-subscription-resource-requests": [
          "11999"
        ],
        "x-ms-correlation-request-id": [
          "56600683-055d-4846-8009-ec0468dd7c98"
        ],
        "x-ms-routing-request-id": [
          "WESTUS:20180320T162206Z:56600683-055d-4846-8009-ec0468dd7c98"
        ],
        "Cache-Control": [
          "private"
        ],
        "Date": [
          "Tue, 20 Mar 2018 16:22:05 GMT"
        ],
        "Location": [
          "https://management.azure.com/subscriptions/c9cbd920-c00c-427c-852b-8aaf38badaeb/resourceGroups/ps1436/providers/Microsoft.Network/dnsOperationResults/delzone636571597255541927cd9137c9?api-version=2018-03-01-preview"
        ],
        "Server": [
          "Microsoft-IIS/8.5"
        ],
        "X-AspNet-Version": [
          "4.0.30319"
        ],
        "X-Powered-By": [
          "ASP.NET"
        ]
      },
      "StatusCode": 202
    },
    {
      "RequestUri": "/subscriptions/c9cbd920-c00c-427c-852b-8aaf38badaeb/resourceGroups/ps1436/providers/Microsoft.Network/dnsOperationStatuses/delzone636571597255541927cd9137c9?api-version=2018-03-01-preview",
      "EncodedRequestUri": "L3N1YnNjcmlwdGlvbnMvYzljYmQ5MjAtYzAwYy00MjdjLTg1MmItOGFhZjM4YmFkYWViL3Jlc291cmNlR3JvdXBzL3BzMTQzNi9wcm92aWRlcnMvTWljcm9zb2Z0Lk5ldHdvcmsvZG5zT3BlcmF0aW9uU3RhdHVzZXMvZGVsem9uZTYzNjU3MTU5NzI1NTU0MTkyN2NkOTEzN2M5P2FwaS12ZXJzaW9uPTIwMTgtMDMtMDEtcHJldmlldw==",
      "RequestMethod": "GET",
      "RequestBody": "",
      "RequestHeaders": {
        "User-Agent": [
          "FxVersion/4.7.2633.0",
          "OSName/Windows10Enterprise",
          "OSVersion/6.3.16299",
          "Microsoft.Azure.Management.Dns.DnsManagementClient/2.2.0.0"
        ]
      },
      "ResponseBody": "{\r\n  \"status\": \"Succeeded\"\r\n}",
      "ResponseHeaders": {
        "Content-Length": [
          "22"
        ],
        "Content-Type": [
          "application/json; charset=utf-8"
        ],
        "X-Content-Type-Options": [
          "nosniff"
        ],
        "Strict-Transport-Security": [
          "max-age=31536000; includeSubDomains"
        ],
        "x-ms-request-id": [
          "e63abb70-6afb-40f0-b81f-747902ae6030"
        ],
        "x-ms-ratelimit-remaining-subscription-resource-requests": [
          "11999"
        ],
        "x-ms-correlation-request-id": [
          "ccb78734-f402-4f3d-92ee-b86efce068c7"
        ],
        "x-ms-routing-request-id": [
          "WESTUS:20180320T162216Z:ccb78734-f402-4f3d-92ee-b86efce068c7"
        ],
        "Cache-Control": [
          "private"
        ],
        "Date": [
          "Tue, 20 Mar 2018 16:22:15 GMT"
        ],
        "Server": [
          "Microsoft-IIS/8.5"
        ],
        "X-AspNet-Version": [
          "4.0.30319"
        ],
        "X-Powered-By": [
          "ASP.NET"
        ]
      },
      "StatusCode": 200
    },
    {
      "RequestUri": "/subscriptions/c9cbd920-c00c-427c-852b-8aaf38badaeb/resourceGroups/ps1436/providers/Microsoft.Network/dnsOperationResults/delzone636571597255541927cd9137c9?api-version=2018-03-01-preview",
      "EncodedRequestUri": "L3N1YnNjcmlwdGlvbnMvYzljYmQ5MjAtYzAwYy00MjdjLTg1MmItOGFhZjM4YmFkYWViL3Jlc291cmNlR3JvdXBzL3BzMTQzNi9wcm92aWRlcnMvTWljcm9zb2Z0Lk5ldHdvcmsvZG5zT3BlcmF0aW9uUmVzdWx0cy9kZWx6b25lNjM2NTcxNTk3MjU1NTQxOTI3Y2Q5MTM3Yzk/YXBpLXZlcnNpb249MjAxOC0wMy0wMS1wcmV2aWV3",
      "RequestMethod": "GET",
      "RequestBody": "",
      "RequestHeaders": {
        "User-Agent": [
          "FxVersion/4.7.2633.0",
          "OSName/Windows10Enterprise",
          "OSVersion/6.3.16299",
          "Microsoft.Azure.Management.Dns.DnsManagementClient/2.2.0.0"
        ]
      },
      "ResponseBody": "true",
      "ResponseHeaders": {
        "Content-Length": [
          "4"
        ],
        "Content-Type": [
          "application/json; charset=utf-8"
        ],
        "X-Content-Type-Options": [
          "nosniff"
        ],
        "Strict-Transport-Security": [
          "max-age=31536000; includeSubDomains"
        ],
        "x-ms-request-id": [
          "d6ce808e-7992-4627-9150-3d9802c0fbe2"
        ],
        "x-ms-ratelimit-remaining-subscription-resource-requests": [
          "11999"
        ],
        "x-ms-correlation-request-id": [
          "0f29f411-a7e7-4b78-b8a7-5a361369411d"
        ],
        "x-ms-routing-request-id": [
          "WESTUS:20180320T162216Z:0f29f411-a7e7-4b78-b8a7-5a361369411d"
        ],
        "Cache-Control": [
          "private"
        ],
        "Date": [
          "Tue, 20 Mar 2018 16:22:15 GMT"
        ],
        "Server": [
          "Microsoft-IIS/8.5"
        ],
        "X-AspNet-Version": [
          "4.0.30319"
        ],
        "X-Powered-By": [
          "ASP.NET"
        ]
      },
      "StatusCode": 200
    },
    {
      "RequestUri": "/subscriptions/c9cbd920-c00c-427c-852b-8aaf38badaeb/resourcegroups/ps1436?api-version=2016-02-01",
      "EncodedRequestUri": "L3N1YnNjcmlwdGlvbnMvYzljYmQ5MjAtYzAwYy00MjdjLTg1MmItOGFhZjM4YmFkYWViL3Jlc291cmNlZ3JvdXBzL3BzMTQzNj9hcGktdmVyc2lvbj0yMDE2LTAyLTAx",
      "RequestMethod": "DELETE",
      "RequestBody": "",
      "RequestHeaders": {
        "User-Agent": [
          "Microsoft.Azure.Management.Resources.ResourceManagementClient/2.0.0.0"
        ]
      },
      "ResponseBody": "",
      "ResponseHeaders": {
        "Content-Length": [
          "0"
        ],
        "Expires": [
          "-1"
        ],
        "Pragma": [
          "no-cache"
        ],
        "Retry-After": [
          "15"
        ],
        "x-ms-ratelimit-remaining-subscription-writes": [
          "1198"
        ],
        "x-ms-request-id": [
          "f891d2d5-796a-4eec-bce7-1973fb409814"
        ],
        "x-ms-correlation-request-id": [
          "f891d2d5-796a-4eec-bce7-1973fb409814"
        ],
        "x-ms-routing-request-id": [
          "WESTUS:20180320T162217Z:f891d2d5-796a-4eec-bce7-1973fb409814"
        ],
        "Strict-Transport-Security": [
          "max-age=31536000; includeSubDomains"
        ],
        "X-Content-Type-Options": [
          "nosniff"
        ],
        "Cache-Control": [
          "no-cache"
        ],
        "Date": [
          "Tue, 20 Mar 2018 16:22:16 GMT"
        ],
        "Location": [
          "https://management.azure.com/subscriptions/c9cbd920-c00c-427c-852b-8aaf38badaeb/operationresults/eyJqb2JJZCI6IlJFU09VUkNFR1JPVVBERUxFVElPTkpPQi1QUzE0MzYtV0VTVFVTIiwiam9iTG9jYXRpb24iOiJ3ZXN0dXMifQ?api-version=2016-02-01"
        ]
      },
      "StatusCode": 202
    },
    {
      "RequestUri": "/subscriptions/c9cbd920-c00c-427c-852b-8aaf38badaeb/operationresults/eyJqb2JJZCI6IlJFU09VUkNFR1JPVVBERUxFVElPTkpPQi1QUzE0MzYtV0VTVFVTIiwiam9iTG9jYXRpb24iOiJ3ZXN0dXMifQ?api-version=2016-02-01",
      "EncodedRequestUri": "L3N1YnNjcmlwdGlvbnMvYzljYmQ5MjAtYzAwYy00MjdjLTg1MmItOGFhZjM4YmFkYWViL29wZXJhdGlvbnJlc3VsdHMvZXlKcWIySkpaQ0k2SWxKRlUwOVZVa05GUjFKUFZWQkVSVXhGVkVsUFRrcFBRaTFRVXpFME16WXRWMFZUVkZWVElpd2lhbTlpVEc5allYUnBiMjRpT2lKM1pYTjBkWE1pZlE/YXBpLXZlcnNpb249MjAxNi0wMi0wMQ==",
      "RequestMethod": "GET",
      "RequestBody": "",
      "RequestHeaders": {
        "x-ms-version": [
          "2016-02-01"
        ],
        "User-Agent": [
          "Microsoft.Azure.Management.Resources.ResourceManagementClient/2.0.0.0"
        ]
      },
      "ResponseBody": "",
      "ResponseHeaders": {
        "Content-Length": [
          "0"
        ],
        "Expires": [
          "-1"
        ],
        "Pragma": [
          "no-cache"
        ],
        "Retry-After": [
          "15"
        ],
        "x-ms-ratelimit-remaining-subscription-reads": [
          "14998"
        ],
        "x-ms-request-id": [
          "3ee0bfad-e9f3-4c48-ab88-303a35f8e9ca"
        ],
        "x-ms-correlation-request-id": [
          "3ee0bfad-e9f3-4c48-ab88-303a35f8e9ca"
        ],
        "x-ms-routing-request-id": [
          "WESTUS:20180320T162217Z:3ee0bfad-e9f3-4c48-ab88-303a35f8e9ca"
        ],
        "Strict-Transport-Security": [
          "max-age=31536000; includeSubDomains"
        ],
        "X-Content-Type-Options": [
          "nosniff"
        ],
        "Cache-Control": [
          "no-cache"
        ],
        "Date": [
          "Tue, 20 Mar 2018 16:22:17 GMT"
        ],
        "Location": [
          "https://management.azure.com/subscriptions/c9cbd920-c00c-427c-852b-8aaf38badaeb/operationresults/eyJqb2JJZCI6IlJFU09VUkNFR1JPVVBERUxFVElPTkpPQi1QUzE0MzYtV0VTVFVTIiwiam9iTG9jYXRpb24iOiJ3ZXN0dXMifQ?api-version=2016-02-01"
        ]
      },
      "StatusCode": 202
    },
    {
      "RequestUri": "/subscriptions/c9cbd920-c00c-427c-852b-8aaf38badaeb/operationresults/eyJqb2JJZCI6IlJFU09VUkNFR1JPVVBERUxFVElPTkpPQi1QUzE0MzYtV0VTVFVTIiwiam9iTG9jYXRpb24iOiJ3ZXN0dXMifQ?api-version=2016-02-01",
      "EncodedRequestUri": "L3N1YnNjcmlwdGlvbnMvYzljYmQ5MjAtYzAwYy00MjdjLTg1MmItOGFhZjM4YmFkYWViL29wZXJhdGlvbnJlc3VsdHMvZXlKcWIySkpaQ0k2SWxKRlUwOVZVa05GUjFKUFZWQkVSVXhGVkVsUFRrcFBRaTFRVXpFME16WXRWMFZUVkZWVElpd2lhbTlpVEc5allYUnBiMjRpT2lKM1pYTjBkWE1pZlE/YXBpLXZlcnNpb249MjAxNi0wMi0wMQ==",
      "RequestMethod": "GET",
      "RequestBody": "",
      "RequestHeaders": {
        "x-ms-version": [
          "2016-02-01"
        ],
        "User-Agent": [
          "Microsoft.Azure.Management.Resources.ResourceManagementClient/2.0.0.0"
        ]
      },
      "ResponseBody": "",
      "ResponseHeaders": {
        "Content-Length": [
          "0"
        ],
        "Expires": [
          "-1"
        ],
        "Pragma": [
          "no-cache"
        ],
        "Retry-After": [
          "15"
        ],
        "x-ms-ratelimit-remaining-subscription-reads": [
          "14997"
        ],
        "x-ms-request-id": [
          "6c5fa8d3-d746-428f-bc1b-601572ff0385"
        ],
        "x-ms-correlation-request-id": [
          "6c5fa8d3-d746-428f-bc1b-601572ff0385"
        ],
        "x-ms-routing-request-id": [
          "WESTUS:20180320T162233Z:6c5fa8d3-d746-428f-bc1b-601572ff0385"
        ],
        "Strict-Transport-Security": [
          "max-age=31536000; includeSubDomains"
        ],
        "X-Content-Type-Options": [
          "nosniff"
        ],
        "Cache-Control": [
          "no-cache"
        ],
        "Date": [
          "Tue, 20 Mar 2018 16:22:32 GMT"
        ],
        "Location": [
          "https://management.azure.com/subscriptions/c9cbd920-c00c-427c-852b-8aaf38badaeb/operationresults/eyJqb2JJZCI6IlJFU09VUkNFR1JPVVBERUxFVElPTkpPQi1QUzE0MzYtV0VTVFVTIiwiam9iTG9jYXRpb24iOiJ3ZXN0dXMifQ?api-version=2016-02-01"
        ]
      },
      "StatusCode": 202
    },
    {
      "RequestUri": "/subscriptions/c9cbd920-c00c-427c-852b-8aaf38badaeb/operationresults/eyJqb2JJZCI6IlJFU09VUkNFR1JPVVBERUxFVElPTkpPQi1QUzE0MzYtV0VTVFVTIiwiam9iTG9jYXRpb24iOiJ3ZXN0dXMifQ?api-version=2016-02-01",
      "EncodedRequestUri": "L3N1YnNjcmlwdGlvbnMvYzljYmQ5MjAtYzAwYy00MjdjLTg1MmItOGFhZjM4YmFkYWViL29wZXJhdGlvbnJlc3VsdHMvZXlKcWIySkpaQ0k2SWxKRlUwOVZVa05GUjFKUFZWQkVSVXhGVkVsUFRrcFBRaTFRVXpFME16WXRWMFZUVkZWVElpd2lhbTlpVEc5allYUnBiMjRpT2lKM1pYTjBkWE1pZlE/YXBpLXZlcnNpb249MjAxNi0wMi0wMQ==",
      "RequestMethod": "GET",
      "RequestBody": "",
      "RequestHeaders": {
        "x-ms-version": [
          "2016-02-01"
        ],
        "User-Agent": [
          "Microsoft.Azure.Management.Resources.ResourceManagementClient/2.0.0.0"
        ]
      },
      "ResponseBody": "",
      "ResponseHeaders": {
        "Content-Length": [
          "0"
        ],
        "Expires": [
          "-1"
        ],
        "Pragma": [
          "no-cache"
        ],
        "Retry-After": [
          "15"
        ],
        "x-ms-ratelimit-remaining-subscription-reads": [
          "14996"
        ],
        "x-ms-request-id": [
          "08aa6a9f-013a-4ae0-a15e-25f309eebdb2"
        ],
        "x-ms-correlation-request-id": [
          "08aa6a9f-013a-4ae0-a15e-25f309eebdb2"
        ],
        "x-ms-routing-request-id": [
          "WESTUS:20180320T162248Z:08aa6a9f-013a-4ae0-a15e-25f309eebdb2"
        ],
        "Strict-Transport-Security": [
          "max-age=31536000; includeSubDomains"
        ],
        "X-Content-Type-Options": [
          "nosniff"
        ],
        "Cache-Control": [
          "no-cache"
        ],
        "Date": [
          "Tue, 20 Mar 2018 16:22:47 GMT"
        ],
        "Location": [
          "https://management.azure.com/subscriptions/c9cbd920-c00c-427c-852b-8aaf38badaeb/operationresults/eyJqb2JJZCI6IlJFU09VUkNFR1JPVVBERUxFVElPTkpPQi1QUzE0MzYtV0VTVFVTIiwiam9iTG9jYXRpb24iOiJ3ZXN0dXMifQ?api-version=2016-02-01"
        ]
      },
      "StatusCode": 202
    },
    {
      "RequestUri": "/subscriptions/c9cbd920-c00c-427c-852b-8aaf38badaeb/operationresults/eyJqb2JJZCI6IlJFU09VUkNFR1JPVVBERUxFVElPTkpPQi1QUzE0MzYtV0VTVFVTIiwiam9iTG9jYXRpb24iOiJ3ZXN0dXMifQ?api-version=2016-02-01",
      "EncodedRequestUri": "L3N1YnNjcmlwdGlvbnMvYzljYmQ5MjAtYzAwYy00MjdjLTg1MmItOGFhZjM4YmFkYWViL29wZXJhdGlvbnJlc3VsdHMvZXlKcWIySkpaQ0k2SWxKRlUwOVZVa05GUjFKUFZWQkVSVXhGVkVsUFRrcFBRaTFRVXpFME16WXRWMFZUVkZWVElpd2lhbTlpVEc5allYUnBiMjRpT2lKM1pYTjBkWE1pZlE/YXBpLXZlcnNpb249MjAxNi0wMi0wMQ==",
      "RequestMethod": "GET",
      "RequestBody": "",
      "RequestHeaders": {
        "x-ms-version": [
          "2016-02-01"
        ],
        "User-Agent": [
          "Microsoft.Azure.Management.Resources.ResourceManagementClient/2.0.0.0"
        ]
      },
      "ResponseBody": "",
      "ResponseHeaders": {
        "Content-Length": [
          "0"
        ],
        "Expires": [
          "-1"
        ],
        "Pragma": [
          "no-cache"
        ],
        "x-ms-ratelimit-remaining-subscription-reads": [
          "14995"
        ],
        "x-ms-request-id": [
          "9318cdc3-a44b-405c-8b3f-83014ef87240"
        ],
        "x-ms-correlation-request-id": [
          "9318cdc3-a44b-405c-8b3f-83014ef87240"
        ],
        "x-ms-routing-request-id": [
          "WESTUS:20180320T162303Z:9318cdc3-a44b-405c-8b3f-83014ef87240"
        ],
        "Strict-Transport-Security": [
          "max-age=31536000; includeSubDomains"
        ],
        "X-Content-Type-Options": [
          "nosniff"
        ],
        "Cache-Control": [
          "no-cache"
        ],
        "Date": [
          "Tue, 20 Mar 2018 16:23:02 GMT"
        ]
      },
      "StatusCode": 200
    }
  ],
  "Names": {
    "Test-RecordSetCNAMENonEmpty": [
      "ps1099",
      "ps78",
      "ps1436"
    ]
  },
  "Variables": {
    "SubscriptionId": "c9cbd920-c00c-427c-852b-8aaf38badaeb"
  }
}