{
  "Entries": [
    {
      "RequestUri": "/subscriptions/3cfb1b34-e5a9-4f98-bf9c-e4d69a6b170c/resourcegroups/ps3696?api-version=2016-02-01",
      "EncodedRequestUri": "L3N1YnNjcmlwdGlvbnMvM2NmYjFiMzQtZTVhOS00Zjk4LWJmOWMtZTRkNjlhNmIxNzBjL3Jlc291cmNlZ3JvdXBzL3BzMzY5Nj9hcGktdmVyc2lvbj0yMDE2LTAyLTAx",
      "RequestMethod": "PUT",
      "RequestBody": "{\r\n  \"location\": \"West US\"\r\n}",
      "RequestHeaders": {
        "Content-Type": [
          "application/json; charset=utf-8"
        ],
        "Content-Length": [
          "29"
        ],
        "User-Agent": [
          "Microsoft.Azure.Management.Resources.ResourceManagementClient/2.0.0.0"
        ]
      },
      "ResponseBody": "{\r\n  \"id\": \"/subscriptions/3cfb1b34-e5a9-4f98-bf9c-e4d69a6b170c/resourceGroups/ps3696\",\r\n  \"name\": \"ps3696\",\r\n  \"location\": \"westus\",\r\n  \"properties\": {\r\n    \"provisioningState\": \"Succeeded\"\r\n  }\r\n}",
      "ResponseHeaders": {
        "Content-Length": [
          "165"
        ],
        "Content-Type": [
          "application/json; charset=utf-8"
        ],
        "Expires": [
          "-1"
        ],
        "Pragma": [
          "no-cache"
        ],
        "x-ms-ratelimit-remaining-subscription-writes": [
          "1198"
        ],
        "x-ms-request-id": [
          "b762d0f5-e90c-4fb3-8358-b6dde5c13a99"
        ],
        "x-ms-correlation-request-id": [
          "b762d0f5-e90c-4fb3-8358-b6dde5c13a99"
        ],
        "x-ms-routing-request-id": [
          "CENTRALUS:20180308T201905Z:b762d0f5-e90c-4fb3-8358-b6dde5c13a99"
        ],
        "Strict-Transport-Security": [
          "max-age=31536000; includeSubDomains"
        ],
        "X-Content-Type-Options": [
          "nosniff"
        ],
        "Cache-Control": [
          "no-cache"
        ],
        "Date": [
          "Thu, 08 Mar 2018 20:19:04 GMT"
        ]
      },
      "StatusCode": 201
    },
    {
      "RequestUri": "/subscriptions/3cfb1b34-e5a9-4f98-bf9c-e4d69a6b170c/resourceGroups/ps3696/providers/Microsoft.Network/dnsZones/ps1599.pstest.test?api-version=2018-03-01-preview",
      "EncodedRequestUri": "L3N1YnNjcmlwdGlvbnMvM2NmYjFiMzQtZTVhOS00Zjk4LWJmOWMtZTRkNjlhNmIxNzBjL3Jlc291cmNlR3JvdXBzL3BzMzY5Ni9wcm92aWRlcnMvTWljcm9zb2Z0Lk5ldHdvcmsvZG5zWm9uZXMvcHMxNTk5LnBzdGVzdC50ZXN0P2FwaS12ZXJzaW9uPTIwMTgtMDMtMDEtcHJldmlldw==",
      "RequestMethod": "PUT",
      "RequestBody": "{\r\n  \"properties\": {\r\n    \"zoneType\": \"Public\",\r\n    \"registrationVirtualNetworks\": [],\r\n    \"resolutionVirtualNetworks\": []\r\n  },\r\n  \"location\": \"global\"\r\n}",
      "RequestHeaders": {
        "Content-Type": [
          "application/json; charset=utf-8"
        ],
        "Content-Length": [
          "157"
        ],
        "x-ms-client-request-id": [
          "5fa75495-42e8-482a-aac6-6298859cffab"
        ],
        "If-None-Match": [
          "*"
        ],
        "accept-language": [
          "en-US"
        ],
        "User-Agent": [
          "FxVersion/4.7.3050.0",
          "OSName/Windows_10_Enterprise_Insider_Preview",
          "OSVersion/6.3.17101",
          "Microsoft.Azure.Management.Dns.DnsManagementClient/2.2.0.0"
        ]
      },
      "ResponseBody": "{\r\n  \"id\": \"/subscriptions/3cfb1b34-e5a9-4f98-bf9c-e4d69a6b170c/resourceGroups/ps3696/providers/Microsoft.Network/dnszones/ps1599.pstest.test\",\r\n  \"name\": \"ps1599.pstest.test\",\r\n  \"type\": \"Microsoft.Network/dnszones\",\r\n  \"etag\": \"00000002-0000-0000-c355-1eb61ab7d301\",\r\n  \"location\": \"global\",\r\n  \"tags\": {},\r\n  \"properties\": {\r\n    \"maxNumberOfRecordSets\": 10000000,\r\n    \"nameServers\": [\r\n      \"ns1-01.daily.azure-dns.com.\",\r\n      \"ns2-01.daily.azure-dns.net.\",\r\n      \"ns3-01.daily.azure-dns.org.\",\r\n      \"ns4-01.daily.azure-dns.info.\"\r\n    ],\r\n    \"numberOfRecordSets\": 2,\r\n    \"zoneType\": \"Public\"\r\n  }\r\n}",
      "ResponseHeaders": {
        "Content-Length": [
          "515"
        ],
        "Content-Type": [
          "application/json; charset=utf-8"
        ],
        "X-Content-Type-Options": [
          "nosniff"
        ],
        "Strict-Transport-Security": [
          "max-age=31536000; includeSubDomains"
        ],
        "x-ms-request-id": [
          "5fa75495-42e8-482a-aac6-6298859cffab"
        ],
        "x-ms-ratelimit-remaining-subscription-resource-requests": [
          "5999"
        ],
        "x-ms-correlation-request-id": [
          "e120053b-4e55-4f59-9a94-69f30a8b1625"
        ],
        "x-ms-routing-request-id": [
          "CENTRALUS:20180308T201908Z:e120053b-4e55-4f59-9a94-69f30a8b1625"
        ],
        "Cache-Control": [
          "private"
        ],
        "Date": [
          "Thu, 08 Mar 2018 20:19:08 GMT"
        ],
        "ETag": [
          "00000002-0000-0000-c355-1eb61ab7d301"
        ],
        "Server": [
          "Microsoft-IIS/8.5"
        ],
        "X-AspNet-Version": [
          "4.0.30319"
        ],
        "X-Powered-By": [
          "ASP.NET"
        ]
      },
      "StatusCode": 201
    },
    {
      "RequestUri": "/subscriptions/3cfb1b34-e5a9-4f98-bf9c-e4d69a6b170c/resourceGroups/ps3696/providers/Microsoft.Network/dnsZones/ps1599.pstest.test/NS/ps1843?api-version=2018-03-01-preview",
      "EncodedRequestUri": "L3N1YnNjcmlwdGlvbnMvM2NmYjFiMzQtZTVhOS00Zjk4LWJmOWMtZTRkNjlhNmIxNzBjL3Jlc291cmNlR3JvdXBzL3BzMzY5Ni9wcm92aWRlcnMvTWljcm9zb2Z0Lk5ldHdvcmsvZG5zWm9uZXMvcHMxNTk5LnBzdGVzdC50ZXN0L05TL3BzMTg0Mz9hcGktdmVyc2lvbj0yMDE4LTAzLTAxLXByZXZpZXc=",
      "RequestMethod": "PUT",
      "RequestBody": "{\r\n  \"properties\": {\r\n    \"TTL\": 100,\r\n    \"NSRecords\": [\r\n      {\r\n        \"nsdname\": \"ns1.example.com\"\r\n      },\r\n      {\r\n        \"nsdname\": \"ns2.example.com\"\r\n      }\r\n    ]\r\n  }\r\n}",
      "RequestHeaders": {
        "Content-Type": [
          "application/json; charset=utf-8"
        ],
        "Content-Length": [
          "185"
        ],
        "x-ms-client-request-id": [
          "b4e870ea-60ad-4ad3-84ac-298ec4e33639"
        ],
        "If-None-Match": [
          "*"
        ],
        "accept-language": [
          "en-US"
        ],
        "User-Agent": [
          "FxVersion/4.7.3050.0",
          "OSName/Windows_10_Enterprise_Insider_Preview",
          "OSVersion/6.3.17101",
          "Microsoft.Azure.Management.Dns.DnsManagementClient/2.2.0.0"
        ]
      },
      "ResponseBody": "{\r\n  \"id\": \"/subscriptions/3cfb1b34-e5a9-4f98-bf9c-e4d69a6b170c/resourceGroups/ps3696/providers/Microsoft.Network/dnszones/ps1599.pstest.test/NS/ps1843\",\r\n  \"name\": \"ps1843\",\r\n  \"type\": \"Microsoft.Network/dnszones/NS\",\r\n  \"etag\": \"d2fc589f-5446-4ce5-8088-84e7d6136338\",\r\n  \"properties\": {\r\n    \"fqdn\": \"ps1843.ps1599.pstest.test.\",\r\n    \"TTL\": 100,\r\n    \"NSRecords\": [\r\n      {\r\n        \"nsdname\": \"ns1.example.com\"\r\n      },\r\n      {\r\n        \"nsdname\": \"ns2.example.com\"\r\n      }\r\n    ]\r\n  }\r\n}",
      "ResponseHeaders": {
        "Content-Length": [
          "396"
        ],
        "Content-Type": [
          "application/json; charset=utf-8"
        ],
        "X-Content-Type-Options": [
          "nosniff"
        ],
        "Strict-Transport-Security": [
          "max-age=31536000; includeSubDomains"
        ],
        "x-ms-request-id": [
          "b4e870ea-60ad-4ad3-84ac-298ec4e33639"
        ],
        "x-ms-ratelimit-remaining-subscription-resource-requests": [
          "5999"
        ],
        "x-ms-correlation-request-id": [
          "5ffc691e-5e77-4be7-a9dc-c10dc0a99ec1"
        ],
        "x-ms-routing-request-id": [
          "CENTRALUS:20180308T201909Z:5ffc691e-5e77-4be7-a9dc-c10dc0a99ec1"
        ],
        "Cache-Control": [
          "private"
        ],
        "Date": [
          "Thu, 08 Mar 2018 20:19:09 GMT"
        ],
        "ETag": [
          "d2fc589f-5446-4ce5-8088-84e7d6136338"
        ],
        "Server": [
          "Microsoft-IIS/8.5"
        ],
        "X-AspNet-Version": [
          "4.0.30319"
        ],
        "X-Powered-By": [
          "ASP.NET"
        ]
      },
      "StatusCode": 201
    },
    {
      "RequestUri": "/subscriptions/3cfb1b34-e5a9-4f98-bf9c-e4d69a6b170c/resourceGroups/ps3696/providers/Microsoft.Network/dnsZones/ps1599.pstest.test/NS/ps1843?api-version=2018-03-01-preview",
      "EncodedRequestUri": "L3N1YnNjcmlwdGlvbnMvM2NmYjFiMzQtZTVhOS00Zjk4LWJmOWMtZTRkNjlhNmIxNzBjL3Jlc291cmNlR3JvdXBzL3BzMzY5Ni9wcm92aWRlcnMvTWljcm9zb2Z0Lk5ldHdvcmsvZG5zWm9uZXMvcHMxNTk5LnBzdGVzdC50ZXN0L05TL3BzMTg0Mz9hcGktdmVyc2lvbj0yMDE4LTAzLTAxLXByZXZpZXc=",
      "RequestMethod": "GET",
      "RequestBody": "",
      "RequestHeaders": {
        "x-ms-client-request-id": [
          "6b65f331-501f-4b92-b2e8-43698bce30ee"
        ],
        "accept-language": [
          "en-US"
        ],
        "User-Agent": [
          "FxVersion/4.7.3050.0",
          "OSName/Windows_10_Enterprise_Insider_Preview",
          "OSVersion/6.3.17101",
          "Microsoft.Azure.Management.Dns.DnsManagementClient/2.2.0.0"
        ]
      },
      "ResponseBody": "{\r\n  \"id\": \"/subscriptions/3cfb1b34-e5a9-4f98-bf9c-e4d69a6b170c/resourceGroups/ps3696/providers/Microsoft.Network/dnszones/ps1599.pstest.test/NS/ps1843\",\r\n  \"name\": \"ps1843\",\r\n  \"type\": \"Microsoft.Network/dnszones/NS\",\r\n  \"etag\": \"d2fc589f-5446-4ce5-8088-84e7d6136338\",\r\n  \"properties\": {\r\n    \"fqdn\": \"ps1843.ps1599.pstest.test.\",\r\n    \"TTL\": 100,\r\n    \"NSRecords\": [\r\n      {\r\n        \"nsdname\": \"ns1.example.com\"\r\n      },\r\n      {\r\n        \"nsdname\": \"ns2.example.com\"\r\n      }\r\n    ]\r\n  }\r\n}",
      "ResponseHeaders": {
        "Content-Length": [
          "396"
        ],
        "Content-Type": [
          "application/json; charset=utf-8"
        ],
        "X-Content-Type-Options": [
          "nosniff"
        ],
        "Strict-Transport-Security": [
          "max-age=31536000; includeSubDomains"
        ],
        "x-ms-request-id": [
          "6b65f331-501f-4b92-b2e8-43698bce30ee"
        ],
        "x-ms-ratelimit-remaining-subscription-resource-requests": [
          "5999"
        ],
        "x-ms-correlation-request-id": [
          "4de77a8d-7a5c-4ec2-b045-e06800a57300"
        ],
        "x-ms-routing-request-id": [
          "CENTRALUS:20180308T201910Z:4de77a8d-7a5c-4ec2-b045-e06800a57300"
        ],
        "Cache-Control": [
          "private"
        ],
        "Date": [
          "Thu, 08 Mar 2018 20:19:09 GMT"
        ],
        "ETag": [
          "d2fc589f-5446-4ce5-8088-84e7d6136338"
        ],
        "Server": [
          "Microsoft-IIS/8.5"
        ],
        "X-AspNet-Version": [
          "4.0.30319"
        ],
        "X-Powered-By": [
          "ASP.NET"
        ]
      },
      "StatusCode": 200
    },
    {
      "RequestUri": "/subscriptions/3cfb1b34-e5a9-4f98-bf9c-e4d69a6b170c/resourceGroups/ps3696/providers/Microsoft.Network/dnsZones/ps1599.pstest.test/NS?api-version=2018-03-01-preview",
      "EncodedRequestUri": "L3N1YnNjcmlwdGlvbnMvM2NmYjFiMzQtZTVhOS00Zjk4LWJmOWMtZTRkNjlhNmIxNzBjL3Jlc291cmNlR3JvdXBzL3BzMzY5Ni9wcm92aWRlcnMvTWljcm9zb2Z0Lk5ldHdvcmsvZG5zWm9uZXMvcHMxNTk5LnBzdGVzdC50ZXN0L05TP2FwaS12ZXJzaW9uPTIwMTgtMDMtMDEtcHJldmlldw==",
      "RequestMethod": "GET",
      "RequestBody": "",
      "RequestHeaders": {
        "x-ms-client-request-id": [
          "5fc2f06c-9b04-4b28-b814-6fdb5d6e568b"
        ],
        "accept-language": [
          "en-US"
        ],
        "User-Agent": [
          "FxVersion/4.7.3050.0",
          "OSName/Windows_10_Enterprise_Insider_Preview",
          "OSVersion/6.3.17101",
          "Microsoft.Azure.Management.Dns.DnsManagementClient/2.2.0.0"
        ]
      },
      "ResponseBody": "{\r\n  \"value\": [\r\n    {\r\n      \"id\": \"/subscriptions/3cfb1b34-e5a9-4f98-bf9c-e4d69a6b170c/resourceGroups/ps3696/providers/Microsoft.Network/dnszones/ps1599.pstest.test/NS/@\",\r\n      \"name\": \"@\",\r\n      \"type\": \"Microsoft.Network/dnszones/NS\",\r\n      \"etag\": \"712cb08d-f2e6-4b6a-af09-08977b90d89a\",\r\n      \"properties\": {\r\n        \"fqdn\": \"ps1599.pstest.test.\",\r\n        \"TTL\": 172800,\r\n        \"NSRecords\": [\r\n          {\r\n            \"nsdname\": \"ns1-01.daily.azure-dns.com.\"\r\n          },\r\n          {\r\n            \"nsdname\": \"ns2-01.daily.azure-dns.net.\"\r\n          },\r\n          {\r\n            \"nsdname\": \"ns3-01.daily.azure-dns.org.\"\r\n          },\r\n          {\r\n            \"nsdname\": \"ns4-01.daily.azure-dns.info.\"\r\n          }\r\n        ]\r\n      }\r\n    },\r\n    {\r\n      \"id\": \"/subscriptions/3cfb1b34-e5a9-4f98-bf9c-e4d69a6b170c/resourceGroups/ps3696/providers/Microsoft.Network/dnszones/ps1599.pstest.test/NS/ps1843\",\r\n      \"name\": \"ps1843\",\r\n      \"type\": \"Microsoft.Network/dnszones/NS\",\r\n      \"etag\": \"d2fc589f-5446-4ce5-8088-84e7d6136338\",\r\n      \"properties\": {\r\n        \"fqdn\": \"ps1843.ps1599.pstest.test.\",\r\n        \"TTL\": 100,\r\n        \"NSRecords\": [\r\n          {\r\n            \"nsdname\": \"ns1.example.com\"\r\n          },\r\n          {\r\n            \"nsdname\": \"ns2.example.com\"\r\n          }\r\n        ]\r\n      }\r\n    }\r\n  ]\r\n}",
      "ResponseHeaders": {
        "Content-Length": [
          "900"
        ],
        "Content-Type": [
          "application/json; charset=utf-8"
        ],
        "X-Content-Type-Options": [
          "nosniff"
        ],
        "Strict-Transport-Security": [
          "max-age=31536000; includeSubDomains"
        ],
        "x-ms-request-id": [
          "5fc2f06c-9b04-4b28-b814-6fdb5d6e568b"
        ],
        "x-ms-ratelimit-remaining-subscription-resource-requests": [
          "5998"
        ],
        "x-ms-correlation-request-id": [
          "c14a42d3-3cb6-4eb6-a4d1-3d304899f75e"
        ],
        "x-ms-routing-request-id": [
          "CENTRALUS:20180308T201910Z:c14a42d3-3cb6-4eb6-a4d1-3d304899f75e"
        ],
        "Cache-Control": [
          "private"
        ],
        "Date": [
          "Thu, 08 Mar 2018 20:19:10 GMT"
        ],
        "Server": [
          "Microsoft-IIS/8.5"
        ],
        "X-AspNet-Version": [
          "4.0.30319"
        ],
        "X-Powered-By": [
          "ASP.NET"
        ]
      },
      "StatusCode": 200
    },
    {
      "RequestUri": "/subscriptions/3cfb1b34-e5a9-4f98-bf9c-e4d69a6b170c/resourceGroups/ps3696/providers/Microsoft.Network/dnsZones/ps1599.pstest.test/NS/ps1843?api-version=2018-03-01-preview",
      "EncodedRequestUri": "L3N1YnNjcmlwdGlvbnMvM2NmYjFiMzQtZTVhOS00Zjk4LWJmOWMtZTRkNjlhNmIxNzBjL3Jlc291cmNlR3JvdXBzL3BzMzY5Ni9wcm92aWRlcnMvTWljcm9zb2Z0Lk5ldHdvcmsvZG5zWm9uZXMvcHMxNTk5LnBzdGVzdC50ZXN0L05TL3BzMTg0Mz9hcGktdmVyc2lvbj0yMDE4LTAzLTAxLXByZXZpZXc=",
      "RequestMethod": "DELETE",
      "RequestBody": "",
      "RequestHeaders": {
        "x-ms-client-request-id": [
          "a7faa044-f4dc-49a3-841c-d1073e7d80e7"
        ],
        "If-Match": [
          "d2fc589f-5446-4ce5-8088-84e7d6136338"
        ],
        "accept-language": [
          "en-US"
        ],
        "User-Agent": [
          "FxVersion/4.7.3050.0",
          "OSName/Windows_10_Enterprise_Insider_Preview",
          "OSVersion/6.3.17101",
          "Microsoft.Azure.Management.Dns.DnsManagementClient/2.2.0.0"
        ]
      },
      "ResponseBody": "",
      "ResponseHeaders": {
        "Content-Length": [
          "0"
        ],
        "X-Content-Type-Options": [
          "nosniff"
        ],
        "Strict-Transport-Security": [
          "max-age=31536000; includeSubDomains"
        ],
        "x-ms-request-id": [
          "a7faa044-f4dc-49a3-841c-d1073e7d80e7"
        ],
        "x-ms-ratelimit-remaining-subscription-resource-requests": [
          "5999"
        ],
        "x-ms-correlation-request-id": [
          "d7e98aca-58ad-4dc7-a483-bdf3dca86920"
        ],
        "x-ms-routing-request-id": [
          "CENTRALUS:20180308T201911Z:d7e98aca-58ad-4dc7-a483-bdf3dca86920"
        ],
        "Cache-Control": [
          "private"
        ],
        "Date": [
          "Thu, 08 Mar 2018 20:19:11 GMT"
        ],
        "Server": [
          "Microsoft-IIS/8.5"
        ],
        "X-AspNet-Version": [
          "4.0.30319"
        ],
        "X-Powered-By": [
          "ASP.NET"
        ]
      },
      "StatusCode": 200
    },
    {
      "RequestUri": "/subscriptions/3cfb1b34-e5a9-4f98-bf9c-e4d69a6b170c/resourceGroups/ps3696/providers/Microsoft.Network/dnsZones/ps1599.pstest.test?api-version=2018-03-01-preview",
      "EncodedRequestUri": "L3N1YnNjcmlwdGlvbnMvM2NmYjFiMzQtZTVhOS00Zjk4LWJmOWMtZTRkNjlhNmIxNzBjL3Jlc291cmNlR3JvdXBzL3BzMzY5Ni9wcm92aWRlcnMvTWljcm9zb2Z0Lk5ldHdvcmsvZG5zWm9uZXMvcHMxNTk5LnBzdGVzdC50ZXN0P2FwaS12ZXJzaW9uPTIwMTgtMDMtMDEtcHJldmlldw==",
      "RequestMethod": "GET",
      "RequestBody": "",
      "RequestHeaders": {
        "x-ms-client-request-id": [
          "4b5b5956-30a7-4836-aa91-97ace962a196"
        ],
        "accept-language": [
          "en-US"
        ],
        "User-Agent": [
          "FxVersion/4.7.3050.0",
          "OSName/Windows_10_Enterprise_Insider_Preview",
          "OSVersion/6.3.17101",
          "Microsoft.Azure.Management.Dns.DnsManagementClient/2.2.0.0"
        ]
      },
      "ResponseBody": "{\r\n  \"id\": \"/subscriptions/3cfb1b34-e5a9-4f98-bf9c-e4d69a6b170c/resourceGroups/ps3696/providers/Microsoft.Network/dnszones/ps1599.pstest.test\",\r\n  \"name\": \"ps1599.pstest.test\",\r\n  \"type\": \"Microsoft.Network/dnszones\",\r\n  \"etag\": \"00000002-0000-0000-c355-1eb61ab7d301\",\r\n  \"location\": \"global\",\r\n  \"tags\": {},\r\n  \"properties\": {\r\n    \"maxNumberOfRecordSets\": 10000000,\r\n    \"nameServers\": [\r\n      \"ns1-01.daily.azure-dns.com.\",\r\n      \"ns2-01.daily.azure-dns.net.\",\r\n      \"ns3-01.daily.azure-dns.org.\",\r\n      \"ns4-01.daily.azure-dns.info.\"\r\n    ],\r\n    \"numberOfRecordSets\": 2,\r\n    \"zoneType\": \"Public\"\r\n  }\r\n}",
      "ResponseHeaders": {
        "Content-Length": [
          "515"
        ],
        "Content-Type": [
          "application/json; charset=utf-8"
        ],
        "X-Content-Type-Options": [
          "nosniff"
        ],
        "Strict-Transport-Security": [
          "max-age=31536000; includeSubDomains"
        ],
        "x-ms-request-id": [
          "4b5b5956-30a7-4836-aa91-97ace962a196"
        ],
        "x-ms-ratelimit-remaining-subscription-resource-requests": [
          "5999"
        ],
        "x-ms-correlation-request-id": [
          "f36efa23-b0b4-4a14-bee8-84fc44bcfa2d"
        ],
        "x-ms-routing-request-id": [
          "CENTRALUS:20180308T201912Z:f36efa23-b0b4-4a14-bee8-84fc44bcfa2d"
        ],
        "Cache-Control": [
          "private"
        ],
        "Date": [
          "Thu, 08 Mar 2018 20:19:11 GMT"
        ],
        "ETag": [
          "00000002-0000-0000-c355-1eb61ab7d301"
        ],
        "Server": [
          "Microsoft-IIS/8.5"
        ],
        "X-AspNet-Version": [
          "4.0.30319"
        ],
        "X-Powered-By": [
          "ASP.NET"
        ]
      },
      "StatusCode": 200
    },
    {
      "RequestUri": "/subscriptions/3cfb1b34-e5a9-4f98-bf9c-e4d69a6b170c/resourceGroups/ps3696/providers/Microsoft.Network/dnsZones/ps1599.pstest.test?api-version=2018-03-01-preview",
      "EncodedRequestUri": "L3N1YnNjcmlwdGlvbnMvM2NmYjFiMzQtZTVhOS00Zjk4LWJmOWMtZTRkNjlhNmIxNzBjL3Jlc291cmNlR3JvdXBzL3BzMzY5Ni9wcm92aWRlcnMvTWljcm9zb2Z0Lk5ldHdvcmsvZG5zWm9uZXMvcHMxNTk5LnBzdGVzdC50ZXN0P2FwaS12ZXJzaW9uPTIwMTgtMDMtMDEtcHJldmlldw==",
      "RequestMethod": "DELETE",
      "RequestBody": "",
      "RequestHeaders": {
        "x-ms-client-request-id": [
          "8097d847-9469-48b3-b8b2-a03bdaa55df6"
        ],
        "If-Match": [
          "*"
        ],
        "accept-language": [
          "en-US"
        ],
        "User-Agent": [
          "FxVersion/4.7.3050.0",
          "OSName/Windows_10_Enterprise_Insider_Preview",
          "OSVersion/6.3.17101",
          "Microsoft.Azure.Management.Dns.DnsManagementClient/2.2.0.0"
        ]
      },
      "ResponseBody": "",
      "ResponseHeaders": {
        "Content-Length": [
          "0"
        ],
        "Retry-After": [
          "3"
        ],
        "X-Content-Type-Options": [
          "nosniff"
        ],
        "Strict-Transport-Security": [
          "max-age=31536000; includeSubDomains"
        ],
        "Azure-AsyncOperation": [
          "https://api-dogfood.resources.windows-int.net:443/subscriptions/3cfb1b34-e5a9-4f98-bf9c-e4d69a6b170c/resourceGroups/ps3696/providers/Microsoft.Network/dnsOperationStatuses/delzone636561371529061139a27d91e6?api-version=2018-03-01-preview"
        ],
        "x-ms-request-id": [
          "8097d847-9469-48b3-b8b2-a03bdaa55df6"
        ],
        "x-ms-ratelimit-remaining-subscription-resource-requests": [
          "5999"
        ],
        "x-ms-correlation-request-id": [
          "73b8f498-cde4-449e-8570-dcbb767bba92"
        ],
        "x-ms-routing-request-id": [
          "CENTRALUS:20180308T201913Z:73b8f498-cde4-449e-8570-dcbb767bba92"
        ],
        "Cache-Control": [
          "private"
        ],
        "Date": [
          "Thu, 08 Mar 2018 20:19:12 GMT"
        ],
        "Location": [
          "https://api-dogfood.resources.windows-int.net/subscriptions/3cfb1b34-e5a9-4f98-bf9c-e4d69a6b170c/resourceGroups/ps3696/providers/Microsoft.Network/dnsOperationResults/delzone636561371529061139a27d91e6?api-version=2018-03-01-preview"
        ],
        "Server": [
          "Microsoft-IIS/8.5"
        ],
        "X-AspNet-Version": [
          "4.0.30319"
        ],
        "X-Powered-By": [
          "ASP.NET"
        ]
      },
      "StatusCode": 202
    },
    {
      "RequestUri": "/subscriptions/3cfb1b34-e5a9-4f98-bf9c-e4d69a6b170c/resourceGroups/ps3696/providers/Microsoft.Network/dnsOperationStatuses/delzone636561371529061139a27d91e6?api-version=2018-03-01-preview",
      "EncodedRequestUri": "L3N1YnNjcmlwdGlvbnMvM2NmYjFiMzQtZTVhOS00Zjk4LWJmOWMtZTRkNjlhNmIxNzBjL3Jlc291cmNlR3JvdXBzL3BzMzY5Ni9wcm92aWRlcnMvTWljcm9zb2Z0Lk5ldHdvcmsvZG5zT3BlcmF0aW9uU3RhdHVzZXMvZGVsem9uZTYzNjU2MTM3MTUyOTA2MTEzOWEyN2Q5MWU2P2FwaS12ZXJzaW9uPTIwMTgtMDMtMDEtcHJldmlldw==",
      "RequestMethod": "GET",
      "RequestBody": "",
      "RequestHeaders": {
        "User-Agent": [
          "FxVersion/4.7.3050.0",
          "OSName/Windows_10_Enterprise_Insider_Preview",
          "OSVersion/6.3.17101",
          "Microsoft.Azure.Management.Dns.DnsManagementClient/2.2.0.0"
        ]
      },
      "ResponseBody": "{\r\n  \"status\": \"Succeeded\"\r\n}",
      "ResponseHeaders": {
        "Content-Length": [
          "22"
        ],
        "Content-Type": [
          "application/json; charset=utf-8"
        ],
        "X-Content-Type-Options": [
          "nosniff"
        ],
        "Strict-Transport-Security": [
          "max-age=31536000; includeSubDomains"
        ],
        "x-ms-request-id": [
          "aba3e0a3-d8aa-4647-b2cb-77fd31c47ef3"
        ],
        "x-ms-ratelimit-remaining-subscription-resource-requests": [
          "5999"
        ],
        "x-ms-correlation-request-id": [
          "64115104-9d2a-4df2-a1a8-c93977452a65"
        ],
        "x-ms-routing-request-id": [
          "CENTRALUS:20180308T201943Z:64115104-9d2a-4df2-a1a8-c93977452a65"
        ],
        "Cache-Control": [
          "private"
        ],
        "Date": [
          "Thu, 08 Mar 2018 20:19:43 GMT"
        ],
        "Server": [
          "Microsoft-IIS/8.5"
        ],
        "X-AspNet-Version": [
          "4.0.30319"
        ],
        "X-Powered-By": [
          "ASP.NET"
        ]
      },
      "StatusCode": 200
    },
    {
      "RequestUri": "/subscriptions/3cfb1b34-e5a9-4f98-bf9c-e4d69a6b170c/resourcegroups/ps3696?api-version=2016-02-01",
      "EncodedRequestUri": "L3N1YnNjcmlwdGlvbnMvM2NmYjFiMzQtZTVhOS00Zjk4LWJmOWMtZTRkNjlhNmIxNzBjL3Jlc291cmNlZ3JvdXBzL3BzMzY5Nj9hcGktdmVyc2lvbj0yMDE2LTAyLTAx",
      "RequestMethod": "DELETE",
      "RequestBody": "",
      "RequestHeaders": {
        "User-Agent": [
          "Microsoft.Azure.Management.Resources.ResourceManagementClient/2.0.0.0"
        ]
      },
      "ResponseBody": "",
      "ResponseHeaders": {
        "Content-Length": [
          "0"
        ],
        "Expires": [
          "-1"
        ],
        "Pragma": [
          "no-cache"
        ],
        "Retry-After": [
          "15"
        ],
        "x-ms-ratelimit-remaining-subscription-writes": [
          "1197"
        ],
        "x-ms-request-id": [
          "89a88ac3-1962-4f18-bcb5-f05980ff37f0"
        ],
        "x-ms-correlation-request-id": [
          "89a88ac3-1962-4f18-bcb5-f05980ff37f0"
        ],
        "x-ms-routing-request-id": [
          "CENTRALUS:20180308T201944Z:89a88ac3-1962-4f18-bcb5-f05980ff37f0"
        ],
        "Strict-Transport-Security": [
          "max-age=31536000; includeSubDomains"
        ],
        "X-Content-Type-Options": [
          "nosniff"
        ],
        "Cache-Control": [
          "no-cache"
        ],
        "Date": [
          "Thu, 08 Mar 2018 20:19:43 GMT"
        ],
        "Location": [
          "https://api-dogfood.resources.windows-int.net/subscriptions/3cfb1b34-e5a9-4f98-bf9c-e4d69a6b170c/operationresults/eyJqb2JJZCI6IlJFU09VUkNFR1JPVVBERUxFVElPTkpPQi1QUzM2OTYtV0VTVFVTIiwiam9iTG9jYXRpb24iOiJ3ZXN0dXMifQ?api-version=2016-02-01"
        ]
      },
      "StatusCode": 202
    },
    {
      "RequestUri": "/subscriptions/3cfb1b34-e5a9-4f98-bf9c-e4d69a6b170c/operationresults/eyJqb2JJZCI6IlJFU09VUkNFR1JPVVBERUxFVElPTkpPQi1QUzM2OTYtV0VTVFVTIiwiam9iTG9jYXRpb24iOiJ3ZXN0dXMifQ?api-version=2016-02-01",
      "EncodedRequestUri": "L3N1YnNjcmlwdGlvbnMvM2NmYjFiMzQtZTVhOS00Zjk4LWJmOWMtZTRkNjlhNmIxNzBjL29wZXJhdGlvbnJlc3VsdHMvZXlKcWIySkpaQ0k2SWxKRlUwOVZVa05GUjFKUFZWQkVSVXhGVkVsUFRrcFBRaTFRVXpNMk9UWXRWMFZUVkZWVElpd2lhbTlpVEc5allYUnBiMjRpT2lKM1pYTjBkWE1pZlE/YXBpLXZlcnNpb249MjAxNi0wMi0wMQ==",
      "RequestMethod": "GET",
      "RequestBody": "",
      "RequestHeaders": {
        "x-ms-version": [
          "2016-02-01"
        ],
        "User-Agent": [
          "Microsoft.Azure.Management.Resources.ResourceManagementClient/2.0.0.0"
        ]
      },
      "ResponseBody": "",
      "ResponseHeaders": {
        "Content-Length": [
          "0"
        ],
        "Expires": [
          "-1"
        ],
        "Pragma": [
          "no-cache"
        ],
        "Retry-After": [
          "15"
        ],
        "x-ms-ratelimit-remaining-subscription-reads": [
          "14999"
        ],
        "x-ms-request-id": [
          "97aedba9-5a43-4527-ac19-bde5c37b9cc7"
        ],
        "x-ms-correlation-request-id": [
          "97aedba9-5a43-4527-ac19-bde5c37b9cc7"
        ],
        "x-ms-routing-request-id": [
          "CENTRALUS:20180308T201944Z:97aedba9-5a43-4527-ac19-bde5c37b9cc7"
        ],
        "Strict-Transport-Security": [
          "max-age=31536000; includeSubDomains"
        ],
        "X-Content-Type-Options": [
          "nosniff"
        ],
        "Cache-Control": [
          "no-cache"
        ],
        "Date": [
          "Thu, 08 Mar 2018 20:19:43 GMT"
        ],
        "Location": [
          "https://api-dogfood.resources.windows-int.net/subscriptions/3cfb1b34-e5a9-4f98-bf9c-e4d69a6b170c/operationresults/eyJqb2JJZCI6IlJFU09VUkNFR1JPVVBERUxFVElPTkpPQi1QUzM2OTYtV0VTVFVTIiwiam9iTG9jYXRpb24iOiJ3ZXN0dXMifQ?api-version=2016-02-01"
        ]
      },
      "StatusCode": 202
    },
    {
      "RequestUri": "/subscriptions/3cfb1b34-e5a9-4f98-bf9c-e4d69a6b170c/operationresults/eyJqb2JJZCI6IlJFU09VUkNFR1JPVVBERUxFVElPTkpPQi1QUzM2OTYtV0VTVFVTIiwiam9iTG9jYXRpb24iOiJ3ZXN0dXMifQ?api-version=2016-02-01",
      "EncodedRequestUri": "L3N1YnNjcmlwdGlvbnMvM2NmYjFiMzQtZTVhOS00Zjk4LWJmOWMtZTRkNjlhNmIxNzBjL29wZXJhdGlvbnJlc3VsdHMvZXlKcWIySkpaQ0k2SWxKRlUwOVZVa05GUjFKUFZWQkVSVXhGVkVsUFRrcFBRaTFRVXpNMk9UWXRWMFZUVkZWVElpd2lhbTlpVEc5allYUnBiMjRpT2lKM1pYTjBkWE1pZlE/YXBpLXZlcnNpb249MjAxNi0wMi0wMQ==",
      "RequestMethod": "GET",
      "RequestBody": "",
      "RequestHeaders": {
        "x-ms-version": [
          "2016-02-01"
        ],
        "User-Agent": [
          "Microsoft.Azure.Management.Resources.ResourceManagementClient/2.0.0.0"
        ]
      },
      "ResponseBody": "",
      "ResponseHeaders": {
        "Content-Length": [
          "0"
        ],
        "Expires": [
          "-1"
        ],
        "Pragma": [
          "no-cache"
        ],
        "Retry-After": [
          "15"
        ],
        "x-ms-ratelimit-remaining-subscription-reads": [
          "14998"
        ],
        "x-ms-request-id": [
          "29659f3f-e3d8-4266-8fda-3adc3614c070"
        ],
        "x-ms-correlation-request-id": [
          "29659f3f-e3d8-4266-8fda-3adc3614c070"
        ],
        "x-ms-routing-request-id": [
          "CENTRALUS:20180308T201959Z:29659f3f-e3d8-4266-8fda-3adc3614c070"
        ],
        "Strict-Transport-Security": [
          "max-age=31536000; includeSubDomains"
        ],
        "X-Content-Type-Options": [
          "nosniff"
        ],
        "Cache-Control": [
          "no-cache"
        ],
        "Date": [
          "Thu, 08 Mar 2018 20:19:58 GMT"
        ],
        "Location": [
          "https://api-dogfood.resources.windows-int.net/subscriptions/3cfb1b34-e5a9-4f98-bf9c-e4d69a6b170c/operationresults/eyJqb2JJZCI6IlJFU09VUkNFR1JPVVBERUxFVElPTkpPQi1QUzM2OTYtV0VTVFVTIiwiam9iTG9jYXRpb24iOiJ3ZXN0dXMifQ?api-version=2016-02-01"
        ]
      },
      "StatusCode": 202
    },
    {
      "RequestUri": "/subscriptions/3cfb1b34-e5a9-4f98-bf9c-e4d69a6b170c/operationresults/eyJqb2JJZCI6IlJFU09VUkNFR1JPVVBERUxFVElPTkpPQi1QUzM2OTYtV0VTVFVTIiwiam9iTG9jYXRpb24iOiJ3ZXN0dXMifQ?api-version=2016-02-01",
      "EncodedRequestUri": "L3N1YnNjcmlwdGlvbnMvM2NmYjFiMzQtZTVhOS00Zjk4LWJmOWMtZTRkNjlhNmIxNzBjL29wZXJhdGlvbnJlc3VsdHMvZXlKcWIySkpaQ0k2SWxKRlUwOVZVa05GUjFKUFZWQkVSVXhGVkVsUFRrcFBRaTFRVXpNMk9UWXRWMFZUVkZWVElpd2lhbTlpVEc5allYUnBiMjRpT2lKM1pYTjBkWE1pZlE/YXBpLXZlcnNpb249MjAxNi0wMi0wMQ==",
      "RequestMethod": "GET",
      "RequestBody": "",
      "RequestHeaders": {
        "x-ms-version": [
          "2016-02-01"
        ],
        "User-Agent": [
          "Microsoft.Azure.Management.Resources.ResourceManagementClient/2.0.0.0"
        ]
      },
      "ResponseBody": "",
      "ResponseHeaders": {
        "Content-Length": [
          "0"
        ],
        "Expires": [
          "-1"
        ],
        "Pragma": [
          "no-cache"
        ],
        "x-ms-ratelimit-remaining-subscription-reads": [
          "14997"
        ],
        "x-ms-request-id": [
          "5df18092-48eb-4d16-acd3-5609e661344b"
        ],
        "x-ms-correlation-request-id": [
          "5df18092-48eb-4d16-acd3-5609e661344b"
        ],
        "x-ms-routing-request-id": [
          "CENTRALUS:20180308T202014Z:5df18092-48eb-4d16-acd3-5609e661344b"
        ],
        "Strict-Transport-Security": [
          "max-age=31536000; includeSubDomains"
        ],
        "X-Content-Type-Options": [
          "nosniff"
        ],
        "Cache-Control": [
          "no-cache"
        ],
        "Date": [
          "Thu, 08 Mar 2018 20:20:14 GMT"
        ]
      },
      "StatusCode": 200
    }
  ],
  "Names": {
    "Test-RecordSetNSNonEmpty": [
      "ps1599",
      "ps1843",
      "ps3696"
    ]
  },
  "Variables": {
    "SubscriptionId": "3cfb1b34-e5a9-4f98-bf9c-e4d69a6b170c"
  }
}