{
  "Entries": [
    {
      "RequestUri": "/subscriptions/3cfb1b34-e5a9-4f98-bf9c-e4d69a6b170c/resourcegroups/onesdk3388?api-version=2016-02-01",
      "EncodedRequestUri": "L3N1YnNjcmlwdGlvbnMvM2NmYjFiMzQtZTVhOS00Zjk4LWJmOWMtZTRkNjlhNmIxNzBjL3Jlc291cmNlZ3JvdXBzL29uZXNkazMzODg/YXBpLXZlcnNpb249MjAxNi0wMi0wMQ==",
      "RequestMethod": "PUT",
      "RequestBody": "{\r\n  \"location\": \"West US\"\r\n}",
      "RequestHeaders": {
        "Content-Type": [
          "application/json; charset=utf-8"
        ],
        "Content-Length": [
          "29"
        ],
        "User-Agent": [
          "Microsoft.Azure.Management.Resources.ResourceManagementClient/2.0.0.0"
        ]
      },
      "ResponseBody": "{\r\n  \"id\": \"/subscriptions/3cfb1b34-e5a9-4f98-bf9c-e4d69a6b170c/resourceGroups/onesdk3388\",\r\n  \"name\": \"onesdk3388\",\r\n  \"location\": \"westus\",\r\n  \"properties\": {\r\n    \"provisioningState\": \"Succeeded\"\r\n  }\r\n}",
      "ResponseHeaders": {
        "Content-Length": [
          "173"
        ],
        "Content-Type": [
          "application/json; charset=utf-8"
        ],
        "Expires": [
          "-1"
        ],
        "Pragma": [
          "no-cache"
        ],
        "x-ms-ratelimit-remaining-subscription-writes": [
          "1198"
        ],
        "x-ms-request-id": [
          "2111e0c2-41bb-417a-bd6d-4856dbef8219"
        ],
        "x-ms-correlation-request-id": [
          "2111e0c2-41bb-417a-bd6d-4856dbef8219"
        ],
        "x-ms-routing-request-id": [
          "CENTRALUS:20171101T005430Z:2111e0c2-41bb-417a-bd6d-4856dbef8219"
        ],
        "Strict-Transport-Security": [
          "max-age=31536000; includeSubDomains"
        ],
        "Cache-Control": [
          "no-cache"
        ],
        "Date": [
          "Wed, 01 Nov 2017 00:54:30 GMT"
        ]
      },
      "StatusCode": 201
    },
    {
      "RequestUri": "/subscriptions/3cfb1b34-e5a9-4f98-bf9c-e4d69a6b170c/resourceGroups/onesdk3388/providers/Microsoft.Network/dnsZones/onesdk9332.pstest.test?api-version=2017-09-01",
      "EncodedRequestUri": "L3N1YnNjcmlwdGlvbnMvM2NmYjFiMzQtZTVhOS00Zjk4LWJmOWMtZTRkNjlhNmIxNzBjL3Jlc291cmNlR3JvdXBzL29uZXNkazMzODgvcHJvdmlkZXJzL01pY3Jvc29mdC5OZXR3b3JrL2Ruc1pvbmVzL29uZXNkazkzMzIucHN0ZXN0LnRlc3Q/YXBpLXZlcnNpb249MjAxNy0wOS0wMQ==",
      "RequestMethod": "PUT",
      "RequestBody": "{\r\n  \"location\": \"global\"\r\n}",
      "RequestHeaders": {
        "Content-Type": [
          "application/json; charset=utf-8"
        ],
        "Content-Length": [
          "28"
        ],
        "x-ms-client-request-id": [
          "d91933fe-2833-4094-b4b5-8dbfb00c6feb"
        ],
        "If-None-Match": [
          "*"
        ],
        "accept-language": [
          "en-US"
        ],
        "User-Agent": [
          "FxVersion/4.7.2115.0",
          "OSName/Windows_10_Enterprise",
          "OSVersion/6.3.15063",
          "Microsoft.Azure.Management.Dns.DnsManagementClient/2.0.0-preview"
        ]
      },
      "ResponseBody": "{\r\n  \"id\": \"/subscriptions/3cfb1b34-e5a9-4f98-bf9c-e4d69a6b170c/resourceGroups/onesdk3388/providers/Microsoft.Network/dnszones/onesdk9332.pstest.test\",\r\n  \"name\": \"onesdk9332.pstest.test\",\r\n  \"type\": \"Microsoft.Network/dnszones\",\r\n  \"etag\": \"00000002-0000-0000-a0d2-18faab52d301\",\r\n  \"location\": \"global\",\r\n  \"tags\": {},\r\n  \"properties\": {\r\n    \"maxNumberOfRecordSets\": 10000000,\r\n    \"nameServers\": [\r\n      \"ns1-04.daily.azure-dns.com.\",\r\n      \"ns2-04.daily.azure-dns.net.\",\r\n      \"ns3-04.daily.azure-dns.org.\",\r\n      \"ns4-04.daily.azure-dns.info.\"\r\n    ],\r\n    \"numberOfRecordSets\": 2,\r\n    \"zoneType\": \"Public\"\r\n  }\r\n}",
      "ResponseHeaders": {
        "Content-Length": [
          "527"
        ],
        "Content-Type": [
          "application/json; charset=utf-8"
        ],
        "X-Content-Type-Options": [
          "nosniff"
        ],
        "Strict-Transport-Security": [
          "max-age=31536000; includeSubDomains"
        ],
        "x-ms-request-id": [
          "d91933fe-2833-4094-b4b5-8dbfb00c6feb"
        ],
        "x-ms-ratelimit-remaining-subscription-resource-requests": [
          "5999"
        ],
        "x-ms-correlation-request-id": [
          "a985fa70-7c1d-4ecb-b785-938d4db6d3d3"
        ],
        "x-ms-routing-request-id": [
          "CENTRALUS:20171101T005432Z:a985fa70-7c1d-4ecb-b785-938d4db6d3d3"
        ],
        "Cache-Control": [
          "private"
        ],
        "Date": [
          "Wed, 01 Nov 2017 00:54:31 GMT"
        ],
        "ETag": [
          "00000002-0000-0000-a0d2-18faab52d301"
        ],
        "Server": [
          "Microsoft-IIS/8.5"
        ],
        "X-AspNet-Version": [
          "4.0.30319"
        ],
        "X-Powered-By": [
          "ASP.NET"
        ]
      },
      "StatusCode": 201
    },
    {
      "RequestUri": "/subscriptions/3cfb1b34-e5a9-4f98-bf9c-e4d69a6b170c/resourceGroups/onesdk3388/providers/Microsoft.Network/dnsZones/onesdk9332.pstest.test/A/onesdk3119?api-version=2017-09-01",
      "EncodedRequestUri": "L3N1YnNjcmlwdGlvbnMvM2NmYjFiMzQtZTVhOS00Zjk4LWJmOWMtZTRkNjlhNmIxNzBjL3Jlc291cmNlR3JvdXBzL29uZXNkazMzODgvcHJvdmlkZXJzL01pY3Jvc29mdC5OZXR3b3JrL2Ruc1pvbmVzL29uZXNkazkzMzIucHN0ZXN0LnRlc3QvQS9vbmVzZGszMTE5P2FwaS12ZXJzaW9uPTIwMTctMDktMDE=",
      "RequestMethod": "PUT",
      "RequestBody": "{\r\n  \"properties\": {\r\n    \"TTL\": 100,\r\n    \"ARecords\": []\r\n  }\r\n}",
      "RequestHeaders": {
        "Content-Type": [
          "application/json; charset=utf-8"
        ],
        "Content-Length": [
          "65"
        ],
        "x-ms-client-request-id": [
          "7e265b65-77cc-416f-9dcd-328d9a90f588"
        ],
        "If-None-Match": [
          "*"
        ],
        "accept-language": [
          "en-US"
        ],
        "User-Agent": [
          "FxVersion/4.7.2115.0",
          "OSName/Windows_10_Enterprise",
          "OSVersion/6.3.15063",
          "Microsoft.Azure.Management.Dns.DnsManagementClient/2.0.0-preview"
        ]
      },
      "ResponseBody": "{\r\n  \"id\": \"/subscriptions/3cfb1b34-e5a9-4f98-bf9c-e4d69a6b170c/resourceGroups/onesdk3388/providers/Microsoft.Network/dnszones/onesdk9332.pstest.test/A/onesdk3119\",\r\n  \"name\": \"onesdk3119\",\r\n  \"type\": \"Microsoft.Network/dnszones/A\",\r\n  \"etag\": \"d7f5c21f-fb50-4e4f-aeae-9d56bf48d345\",\r\n  \"properties\": {\r\n    \"fqdn\": \"onesdk3119.onesdk9332.pstest.test.\",\r\n    \"TTL\": 100,\r\n    \"ARecords\": []\r\n  }\r\n}",
      "ResponseHeaders": {
        "Content-Length": [
          "358"
        ],
        "Content-Type": [
          "application/json; charset=utf-8"
        ],
        "X-Content-Type-Options": [
          "nosniff"
        ],
        "Strict-Transport-Security": [
          "max-age=31536000; includeSubDomains"
        ],
        "x-ms-request-id": [
          "7e265b65-77cc-416f-9dcd-328d9a90f588"
        ],
        "x-ms-ratelimit-remaining-subscription-resource-requests": [
          "5999"
        ],
        "x-ms-correlation-request-id": [
          "20da1b8d-8e3f-479c-bd78-d9e79d7350f4"
        ],
        "x-ms-routing-request-id": [
          "CENTRALUS:20171101T005432Z:20da1b8d-8e3f-479c-bd78-d9e79d7350f4"
        ],
        "Cache-Control": [
          "private"
        ],
        "Date": [
          "Wed, 01 Nov 2017 00:54:32 GMT"
        ],
        "ETag": [
          "d7f5c21f-fb50-4e4f-aeae-9d56bf48d345"
        ],
        "Server": [
          "Microsoft-IIS/8.5"
        ],
        "X-AspNet-Version": [
          "4.0.30319"
        ],
        "X-Powered-By": [
          "ASP.NET"
        ]
      },
      "StatusCode": 201
    },
    {
      "RequestUri": "/subscriptions/3cfb1b34-e5a9-4f98-bf9c-e4d69a6b170c/resourceGroups/onesdk3388/providers/Microsoft.Network/dnsZones/onesdk9332.pstest.test/A/onesdk3119?api-version=2017-09-01",
      "EncodedRequestUri": "L3N1YnNjcmlwdGlvbnMvM2NmYjFiMzQtZTVhOS00Zjk4LWJmOWMtZTRkNjlhNmIxNzBjL3Jlc291cmNlR3JvdXBzL29uZXNkazMzODgvcHJvdmlkZXJzL01pY3Jvc29mdC5OZXR3b3JrL2Ruc1pvbmVzL29uZXNkazkzMzIucHN0ZXN0LnRlc3QvQS9vbmVzZGszMTE5P2FwaS12ZXJzaW9uPTIwMTctMDktMDE=",
      "RequestMethod": "PUT",
      "RequestBody": "{\r\n  \"properties\": {\r\n    \"TTL\": 100,\r\n    \"ARecords\": [\r\n      {\r\n        \"ipv4Address\": \"2.2.2.2\"\r\n      }\r\n    ]\r\n  }\r\n}",
      "RequestHeaders": {
        "Content-Type": [
          "application/json; charset=utf-8"
        ],
        "Content-Length": [
          "123"
        ],
        "x-ms-client-request-id": [
          "297fe096-b89c-4ee7-af06-ffbc0ab7edee"
        ],
        "If-Match": [
          "d7f5c21f-fb50-4e4f-aeae-9d56bf48d345"
        ],
        "accept-language": [
          "en-US"
        ],
        "User-Agent": [
          "FxVersion/4.7.2115.0",
          "OSName/Windows_10_Enterprise",
          "OSVersion/6.3.15063",
          "Microsoft.Azure.Management.Dns.DnsManagementClient/2.0.0-preview"
        ]
      },
      "ResponseBody": "{\r\n  \"id\": \"/subscriptions/3cfb1b34-e5a9-4f98-bf9c-e4d69a6b170c/resourceGroups/onesdk3388/providers/Microsoft.Network/dnszones/onesdk9332.pstest.test/A/onesdk3119\",\r\n  \"name\": \"onesdk3119\",\r\n  \"type\": \"Microsoft.Network/dnszones/A\",\r\n  \"etag\": \"dcc0419b-d04a-437b-88cd-7b80231e8297\",\r\n  \"properties\": {\r\n    \"fqdn\": \"onesdk3119.onesdk9332.pstest.test.\",\r\n    \"TTL\": 100,\r\n    \"ARecords\": [\r\n      {\r\n        \"ipv4Address\": \"2.2.2.2\"\r\n      }\r\n    ]\r\n  }\r\n}",
      "ResponseHeaders": {
        "Content-Length": [
          "383"
        ],
        "Content-Type": [
          "application/json; charset=utf-8"
        ],
        "X-Content-Type-Options": [
          "nosniff"
        ],
        "Strict-Transport-Security": [
          "max-age=31536000; includeSubDomains"
        ],
        "x-ms-request-id": [
          "297fe096-b89c-4ee7-af06-ffbc0ab7edee"
        ],
        "x-ms-ratelimit-remaining-subscription-resource-requests": [
          "5998"
        ],
        "x-ms-correlation-request-id": [
          "fcac2385-85a0-4f51-abb2-f894d81393fa"
        ],
        "x-ms-routing-request-id": [
          "CENTRALUS:20171101T005433Z:fcac2385-85a0-4f51-abb2-f894d81393fa"
        ],
        "Cache-Control": [
          "private"
        ],
        "Date": [
          "Wed, 01 Nov 2017 00:54:32 GMT"
        ],
        "ETag": [
          "dcc0419b-d04a-437b-88cd-7b80231e8297"
        ],
        "Server": [
          "Microsoft-IIS/8.5"
        ],
        "X-AspNet-Version": [
          "4.0.30319"
        ],
        "X-Powered-By": [
          "ASP.NET"
        ]
      },
      "StatusCode": 200
    },
    {
      "RequestUri": "/subscriptions/3cfb1b34-e5a9-4f98-bf9c-e4d69a6b170c/resourceGroups/onesdk3388/providers/Microsoft.Network/dnsZones/onesdk9332.pstest.test/A/onesdk3119?api-version=2017-09-01",
      "EncodedRequestUri": "L3N1YnNjcmlwdGlvbnMvM2NmYjFiMzQtZTVhOS00Zjk4LWJmOWMtZTRkNjlhNmIxNzBjL3Jlc291cmNlR3JvdXBzL29uZXNkazMzODgvcHJvdmlkZXJzL01pY3Jvc29mdC5OZXR3b3JrL2Ruc1pvbmVzL29uZXNkazkzMzIucHN0ZXN0LnRlc3QvQS9vbmVzZGszMTE5P2FwaS12ZXJzaW9uPTIwMTctMDktMDE=",
      "RequestMethod": "GET",
      "RequestBody": "",
      "RequestHeaders": {
        "x-ms-client-request-id": [
          "47268e05-5f29-46e4-8d04-b3b6598804be"
        ],
        "accept-language": [
          "en-US"
        ],
        "User-Agent": [
          "FxVersion/4.7.2115.0",
          "OSName/Windows_10_Enterprise",
          "OSVersion/6.3.15063",
          "Microsoft.Azure.Management.Dns.DnsManagementClient/2.0.0-preview"
        ]
      },
      "ResponseBody": "{\r\n  \"id\": \"/subscriptions/3cfb1b34-e5a9-4f98-bf9c-e4d69a6b170c/resourceGroups/onesdk3388/providers/Microsoft.Network/dnszones/onesdk9332.pstest.test/A/onesdk3119\",\r\n  \"name\": \"onesdk3119\",\r\n  \"type\": \"Microsoft.Network/dnszones/A\",\r\n  \"etag\": \"dcc0419b-d04a-437b-88cd-7b80231e8297\",\r\n  \"properties\": {\r\n    \"fqdn\": \"onesdk3119.onesdk9332.pstest.test.\",\r\n    \"TTL\": 100,\r\n    \"ARecords\": [\r\n      {\r\n        \"ipv4Address\": \"2.2.2.2\"\r\n      }\r\n    ]\r\n  }\r\n}",
      "ResponseHeaders": {
        "Content-Length": [
          "383"
        ],
        "Content-Type": [
          "application/json; charset=utf-8"
        ],
        "X-Content-Type-Options": [
          "nosniff"
        ],
        "Strict-Transport-Security": [
          "max-age=31536000; includeSubDomains"
        ],
        "x-ms-request-id": [
          "47268e05-5f29-46e4-8d04-b3b6598804be"
        ],
        "x-ms-ratelimit-remaining-subscription-resource-requests": [
          "5999"
        ],
        "x-ms-correlation-request-id": [
          "16f3386e-13a9-424d-88ea-499f2c6cd449"
        ],
        "x-ms-routing-request-id": [
          "CENTRALUS:20171101T005433Z:16f3386e-13a9-424d-88ea-499f2c6cd449"
        ],
        "Cache-Control": [
          "private"
        ],
        "Date": [
          "Wed, 01 Nov 2017 00:54:32 GMT"
        ],
        "ETag": [
          "dcc0419b-d04a-437b-88cd-7b80231e8297"
        ],
        "Server": [
          "Microsoft-IIS/8.5"
        ],
        "X-AspNet-Version": [
          "4.0.30319"
        ],
        "X-Powered-By": [
          "ASP.NET"
        ]
      },
      "StatusCode": 200
    },
    {
      "RequestUri": "/subscriptions/3cfb1b34-e5a9-4f98-bf9c-e4d69a6b170c/resourceGroups/onesdk3388/providers/Microsoft.Network/dnsZones/onesdk9332.pstest.test/A?api-version=2017-09-01",
      "EncodedRequestUri": "L3N1YnNjcmlwdGlvbnMvM2NmYjFiMzQtZTVhOS00Zjk4LWJmOWMtZTRkNjlhNmIxNzBjL3Jlc291cmNlR3JvdXBzL29uZXNkazMzODgvcHJvdmlkZXJzL01pY3Jvc29mdC5OZXR3b3JrL2Ruc1pvbmVzL29uZXNkazkzMzIucHN0ZXN0LnRlc3QvQT9hcGktdmVyc2lvbj0yMDE3LTA5LTAx",
      "RequestMethod": "GET",
      "RequestBody": "",
      "RequestHeaders": {
        "x-ms-client-request-id": [
          "73c5a9d4-f2aa-43f1-a17b-535dbaededb0"
        ],
        "accept-language": [
          "en-US"
        ],
        "User-Agent": [
          "FxVersion/4.7.2115.0",
          "OSName/Windows_10_Enterprise",
          "OSVersion/6.3.15063",
          "Microsoft.Azure.Management.Dns.DnsManagementClient/2.0.0-preview"
        ]
      },
      "ResponseBody": "{\r\n  \"value\": [\r\n    {\r\n      \"id\": \"/subscriptions/3cfb1b34-e5a9-4f98-bf9c-e4d69a6b170c/resourceGroups/onesdk3388/providers/Microsoft.Network/dnszones/onesdk9332.pstest.test/A/onesdk3119\",\r\n      \"name\": \"onesdk3119\",\r\n      \"type\": \"Microsoft.Network/dnszones/A\",\r\n      \"etag\": \"dcc0419b-d04a-437b-88cd-7b80231e8297\",\r\n      \"properties\": {\r\n        \"fqdn\": \"onesdk3119.onesdk9332.pstest.test.\",\r\n        \"TTL\": 100,\r\n        \"ARecords\": [\r\n          {\r\n            \"ipv4Address\": \"2.2.2.2\"\r\n          }\r\n        ]\r\n      }\r\n    }\r\n  ]\r\n}",
      "ResponseHeaders": {
        "Content-Length": [
          "395"
        ],
        "Content-Type": [
          "application/json; charset=utf-8"
        ],
        "X-Content-Type-Options": [
          "nosniff"
        ],
        "Strict-Transport-Security": [
          "max-age=31536000; includeSubDomains"
        ],
        "x-ms-request-id": [
          "73c5a9d4-f2aa-43f1-a17b-535dbaededb0"
        ],
        "x-ms-ratelimit-remaining-subscription-resource-requests": [
          "5998"
        ],
        "x-ms-correlation-request-id": [
          "e5cc32a1-c306-4a2d-ac6e-d63dcf24e8b0"
        ],
        "x-ms-routing-request-id": [
          "CENTRALUS:20171101T005433Z:e5cc32a1-c306-4a2d-ac6e-d63dcf24e8b0"
        ],
        "Cache-Control": [
          "private"
        ],
        "Date": [
          "Wed, 01 Nov 2017 00:54:32 GMT"
        ],
        "Server": [
          "Microsoft-IIS/8.5"
        ],
        "X-AspNet-Version": [
          "4.0.30319"
        ],
        "X-Powered-By": [
          "ASP.NET"
        ]
      },
      "StatusCode": 200
    },
    {
      "RequestUri": "/subscriptions/3cfb1b34-e5a9-4f98-bf9c-e4d69a6b170c/resourceGroups/onesdk3388/providers/Microsoft.Network/dnsZones/onesdk9332.pstest.test/A/onesdk3119?api-version=2017-09-01",
      "EncodedRequestUri": "L3N1YnNjcmlwdGlvbnMvM2NmYjFiMzQtZTVhOS00Zjk4LWJmOWMtZTRkNjlhNmIxNzBjL3Jlc291cmNlR3JvdXBzL29uZXNkazMzODgvcHJvdmlkZXJzL01pY3Jvc29mdC5OZXR3b3JrL2Ruc1pvbmVzL29uZXNkazkzMzIucHN0ZXN0LnRlc3QvQS9vbmVzZGszMTE5P2FwaS12ZXJzaW9uPTIwMTctMDktMDE=",
      "RequestMethod": "DELETE",
      "RequestBody": "",
      "RequestHeaders": {
        "x-ms-client-request-id": [
          "2de8afa6-0432-4801-85c6-00bdb1597dae"
        ],
        "If-Match": [
          "dcc0419b-d04a-437b-88cd-7b80231e8297"
        ],
        "accept-language": [
          "en-US"
        ],
        "User-Agent": [
          "FxVersion/4.7.2115.0",
          "OSName/Windows_10_Enterprise",
          "OSVersion/6.3.15063",
          "Microsoft.Azure.Management.Dns.DnsManagementClient/2.0.0-preview"
        ]
      },
      "ResponseBody": "",
      "ResponseHeaders": {
        "Content-Length": [
          "0"
        ],
        "X-Content-Type-Options": [
          "nosniff"
        ],
        "Strict-Transport-Security": [
          "max-age=31536000; includeSubDomains"
        ],
        "x-ms-request-id": [
          "2de8afa6-0432-4801-85c6-00bdb1597dae"
        ],
        "x-ms-ratelimit-remaining-subscription-resource-requests": [
          "5999"
        ],
        "x-ms-correlation-request-id": [
          "18e8b0a5-73dd-4368-bcd9-c5923781f02e"
        ],
        "x-ms-routing-request-id": [
          "CENTRALUS:20171101T005433Z:18e8b0a5-73dd-4368-bcd9-c5923781f02e"
        ],
        "Cache-Control": [
          "private"
        ],
        "Date": [
          "Wed, 01 Nov 2017 00:54:33 GMT"
        ],
        "Server": [
          "Microsoft-IIS/8.5"
        ],
        "X-AspNet-Version": [
          "4.0.30319"
        ],
        "X-Powered-By": [
          "ASP.NET"
        ]
      },
      "StatusCode": 200
    },
    {
      "RequestUri": "/subscriptions/3cfb1b34-e5a9-4f98-bf9c-e4d69a6b170c/resourceGroups/onesdk3388/providers/Microsoft.Network/dnsZones/onesdk9332.pstest.test?api-version=2017-09-01",
      "EncodedRequestUri": "L3N1YnNjcmlwdGlvbnMvM2NmYjFiMzQtZTVhOS00Zjk4LWJmOWMtZTRkNjlhNmIxNzBjL3Jlc291cmNlR3JvdXBzL29uZXNkazMzODgvcHJvdmlkZXJzL01pY3Jvc29mdC5OZXR3b3JrL2Ruc1pvbmVzL29uZXNkazkzMzIucHN0ZXN0LnRlc3Q/YXBpLXZlcnNpb249MjAxNy0wOS0wMQ==",
      "RequestMethod": "GET",
      "RequestBody": "",
      "RequestHeaders": {
        "x-ms-client-request-id": [
          "76f0f9ff-d1b7-4609-9691-1cbc9fbbfba7"
        ],
        "accept-language": [
          "en-US"
        ],
        "User-Agent": [
          "FxVersion/4.7.2115.0",
          "OSName/Windows_10_Enterprise",
          "OSVersion/6.3.15063",
          "Microsoft.Azure.Management.Dns.DnsManagementClient/2.0.0-preview"
        ]
      },
      "ResponseBody": "{\r\n  \"id\": \"/subscriptions/3cfb1b34-e5a9-4f98-bf9c-e4d69a6b170c/resourceGroups/onesdk3388/providers/Microsoft.Network/dnszones/onesdk9332.pstest.test\",\r\n  \"name\": \"onesdk9332.pstest.test\",\r\n  \"type\": \"Microsoft.Network/dnszones\",\r\n  \"etag\": \"00000002-0000-0000-a0d2-18faab52d301\",\r\n  \"location\": \"global\",\r\n  \"tags\": {},\r\n  \"properties\": {\r\n    \"maxNumberOfRecordSets\": 10000000,\r\n    \"nameServers\": [\r\n      \"ns1-04.daily.azure-dns.com.\",\r\n      \"ns2-04.daily.azure-dns.net.\",\r\n      \"ns3-04.daily.azure-dns.org.\",\r\n      \"ns4-04.daily.azure-dns.info.\"\r\n    ],\r\n    \"numberOfRecordSets\": 2\r\n  }\r\n}",
      "ResponseHeaders": {
        "Content-Length": [
          "507"
        ],
        "Content-Type": [
          "application/json; charset=utf-8"
        ],
        "X-Content-Type-Options": [
          "nosniff"
        ],
        "Strict-Transport-Security": [
          "max-age=31536000; includeSubDomains"
        ],
        "x-ms-request-id": [
          "76f0f9ff-d1b7-4609-9691-1cbc9fbbfba7"
        ],
        "x-ms-ratelimit-remaining-subscription-resource-requests": [
          "5999"
        ],
        "x-ms-correlation-request-id": [
          "006c1ce6-fb1f-4a26-90f0-3b38b40ea4be"
        ],
        "x-ms-routing-request-id": [
          "CENTRALUS:20171101T005434Z:006c1ce6-fb1f-4a26-90f0-3b38b40ea4be"
        ],
        "Cache-Control": [
          "private"
        ],
        "Date": [
          "Wed, 01 Nov 2017 00:54:33 GMT"
        ],
        "ETag": [
          "00000002-0000-0000-a0d2-18faab52d301"
        ],
        "Server": [
          "Microsoft-IIS/8.5"
        ],
        "X-AspNet-Version": [
          "4.0.30319"
        ],
        "X-Powered-By": [
          "ASP.NET"
        ]
      },
      "StatusCode": 200
    },
    {
      "RequestUri": "/subscriptions/3cfb1b34-e5a9-4f98-bf9c-e4d69a6b170c/resourceGroups/onesdk3388/providers/Microsoft.Network/dnsZones/onesdk9332.pstest.test?api-version=2017-09-01",
      "EncodedRequestUri": "L3N1YnNjcmlwdGlvbnMvM2NmYjFiMzQtZTVhOS00Zjk4LWJmOWMtZTRkNjlhNmIxNzBjL3Jlc291cmNlR3JvdXBzL29uZXNkazMzODgvcHJvdmlkZXJzL01pY3Jvc29mdC5OZXR3b3JrL2Ruc1pvbmVzL29uZXNkazkzMzIucHN0ZXN0LnRlc3Q/YXBpLXZlcnNpb249MjAxNy0wOS0wMQ==",
      "RequestMethod": "DELETE",
      "RequestBody": "",
      "RequestHeaders": {
        "x-ms-client-request-id": [
          "fb3b0da0-7b8a-41ee-9289-16b625acd332"
        ],
        "accept-language": [
          "en-US"
        ],
        "User-Agent": [
          "FxVersion/4.7.2115.0",
          "OSName/Windows_10_Enterprise",
          "OSVersion/6.3.15063",
          "Microsoft.Azure.Management.Dns.DnsManagementClient/2.0.0-preview"
        ]
      },
      "ResponseBody": "",
      "ResponseHeaders": {
        "Content-Length": [
          "0"
        ],
        "Retry-After": [
          "3"
        ],
        "X-Content-Type-Options": [
          "nosniff"
        ],
        "Strict-Transport-Security": [
          "max-age=31536000; includeSubDomains"
        ],
        "Azure-AsyncOperation": [
          "https://api-dogfood.resources.windows-int.net:443/subscriptions/3cfb1b34-e5a9-4f98-bf9c-e4d69a6b170c/resourceGroups/onesdk3388/providers/Microsoft.Network/dnsOperationStatuses/delzone636450944741843139a8331a72?api-version=2017-09-01"
        ],
        "x-ms-request-id": [
          "fb3b0da0-7b8a-41ee-9289-16b625acd332"
        ],
        "x-ms-ratelimit-remaining-subscription-resource-requests": [
          "5999"
        ],
        "x-ms-correlation-request-id": [
          "387efc1e-c8ff-4208-bce1-f5ac10181327"
        ],
        "x-ms-routing-request-id": [
          "CENTRALUS:20171101T005434Z:387efc1e-c8ff-4208-bce1-f5ac10181327"
        ],
        "Cache-Control": [
          "private"
        ],
        "Date": [
          "Wed, 01 Nov 2017 00:54:33 GMT"
        ],
        "Location": [
          "https://api-dogfood.resources.windows-int.net/subscriptions/3cfb1b34-e5a9-4f98-bf9c-e4d69a6b170c/resourceGroups/onesdk3388/providers/Microsoft.Network/dnsOperationResults/delzone636450944741843139a8331a72?api-version=2017-09-01"
        ],
        "Server": [
          "Microsoft-IIS/8.5"
        ],
        "X-AspNet-Version": [
          "4.0.30319"
        ],
        "X-Powered-By": [
          "ASP.NET"
        ]
      },
      "StatusCode": 202
    },
    {
      "RequestUri": "/subscriptions/3cfb1b34-e5a9-4f98-bf9c-e4d69a6b170c/resourceGroups/onesdk3388/providers/Microsoft.Network/dnsOperationStatuses/delzone636450944741843139a8331a72?api-version=2017-09-01",
      "EncodedRequestUri": "L3N1YnNjcmlwdGlvbnMvM2NmYjFiMzQtZTVhOS00Zjk4LWJmOWMtZTRkNjlhNmIxNzBjL3Jlc291cmNlR3JvdXBzL29uZXNkazMzODgvcHJvdmlkZXJzL01pY3Jvc29mdC5OZXR3b3JrL2Ruc09wZXJhdGlvblN0YXR1c2VzL2RlbHpvbmU2MzY0NTA5NDQ3NDE4NDMxMzlhODMzMWE3Mj9hcGktdmVyc2lvbj0yMDE3LTA5LTAx",
      "RequestMethod": "GET",
      "RequestBody": "",
      "RequestHeaders": {
        "User-Agent": [
          "FxVersion/4.7.2115.0",
          "OSName/Windows_10_Enterprise",
          "OSVersion/6.3.15063",
          "Microsoft.Azure.Management.Dns.DnsManagementClient/2.0.0-preview"
        ]
      },
      "ResponseBody": "{\r\n  \"status\": \"InProgress\"\r\n}",
      "ResponseHeaders": {
        "Content-Length": [
          "23"
        ],
        "Content-Type": [
          "application/json; charset=utf-8"
        ],
        "Retry-After": [
          "3"
        ],
        "X-Content-Type-Options": [
          "nosniff"
        ],
        "Strict-Transport-Security": [
          "max-age=31536000; includeSubDomains"
        ],
        "Azure-AsyncOperation": [
          "https://api-dogfood.resources.windows-int.net:443/subscriptions/3cfb1b34-e5a9-4f98-bf9c-e4d69a6b170c/resourceGroups/onesdk3388/providers/Microsoft.Network/dnsOperationStatuses/delzone636450944741843139a8331a72?api-version=2017-09-01"
        ],
        "x-ms-request-id": [
          "9eb8ea39-feab-4470-8c88-58d1ccc98223"
        ],
        "x-ms-ratelimit-remaining-subscription-resource-requests": [
          "5999"
        ],
        "x-ms-correlation-request-id": [
          "90a7dff2-066f-460f-97d0-753f2d42f4db"
        ],
        "x-ms-routing-request-id": [
          "CENTRALUS:20171101T005434Z:90a7dff2-066f-460f-97d0-753f2d42f4db"
        ],
        "Cache-Control": [
          "private"
        ],
        "Date": [
          "Wed, 01 Nov 2017 00:54:33 GMT"
        ],
        "Location": [
          "https://api-dogfood.resources.windows-int.net/subscriptions/3cfb1b34-e5a9-4f98-bf9c-e4d69a6b170c/resourceGroups/onesdk3388/providers/Microsoft.Network/dnsOperationResults/delzone636450944741843139a8331a72?api-version=2017-09-01"
        ],
        "Server": [
          "Microsoft-IIS/8.5"
        ],
        "X-AspNet-Version": [
          "4.0.30319"
        ],
        "X-Powered-By": [
          "ASP.NET"
        ]
      },
      "StatusCode": 202
    },
    {
      "RequestUri": "/subscriptions/3cfb1b34-e5a9-4f98-bf9c-e4d69a6b170c/resourceGroups/onesdk3388/providers/Microsoft.Network/dnsOperationStatuses/delzone636450944741843139a8331a72?api-version=2017-09-01",
      "EncodedRequestUri": "L3N1YnNjcmlwdGlvbnMvM2NmYjFiMzQtZTVhOS00Zjk4LWJmOWMtZTRkNjlhNmIxNzBjL3Jlc291cmNlR3JvdXBzL29uZXNkazMzODgvcHJvdmlkZXJzL01pY3Jvc29mdC5OZXR3b3JrL2Ruc09wZXJhdGlvblN0YXR1c2VzL2RlbHpvbmU2MzY0NTA5NDQ3NDE4NDMxMzlhODMzMWE3Mj9hcGktdmVyc2lvbj0yMDE3LTA5LTAx",
      "RequestMethod": "GET",
      "RequestBody": "",
      "RequestHeaders": {
        "User-Agent": [
          "FxVersion/4.7.2115.0",
          "OSName/Windows_10_Enterprise",
          "OSVersion/6.3.15063",
          "Microsoft.Azure.Management.Dns.DnsManagementClient/2.0.0-preview"
        ]
      },
      "ResponseBody": "{\r\n  \"status\": \"InProgress\"\r\n}",
      "ResponseHeaders": {
        "Content-Length": [
          "23"
        ],
        "Content-Type": [
          "application/json; charset=utf-8"
        ],
        "Retry-After": [
          "3"
        ],
        "X-Content-Type-Options": [
          "nosniff"
        ],
        "Strict-Transport-Security": [
          "max-age=31536000; includeSubDomains"
        ],
        "Azure-AsyncOperation": [
          "https://api-dogfood.resources.windows-int.net:443/subscriptions/3cfb1b34-e5a9-4f98-bf9c-e4d69a6b170c/resourceGroups/onesdk3388/providers/Microsoft.Network/dnsOperationStatuses/delzone636450944741843139a8331a72?api-version=2017-09-01"
        ],
        "x-ms-request-id": [
          "3a6142fa-e3ee-4923-af51-cab0b0c89686"
        ],
        "x-ms-ratelimit-remaining-subscription-resource-requests": [
          "5998"
        ],
        "x-ms-correlation-request-id": [
          "1e931f6e-a063-4ca0-a6fc-6e89c071c268"
        ],
        "x-ms-routing-request-id": [
          "CENTRALUS:20171101T005434Z:1e931f6e-a063-4ca0-a6fc-6e89c071c268"
        ],
        "Cache-Control": [
          "private"
        ],
        "Date": [
          "Wed, 01 Nov 2017 00:54:33 GMT"
        ],
        "Location": [
          "https://api-dogfood.resources.windows-int.net/subscriptions/3cfb1b34-e5a9-4f98-bf9c-e4d69a6b170c/resourceGroups/onesdk3388/providers/Microsoft.Network/dnsOperationResults/delzone636450944741843139a8331a72?api-version=2017-09-01"
        ],
        "Server": [
          "Microsoft-IIS/8.5"
        ],
        "X-AspNet-Version": [
          "4.0.30319"
        ],
        "X-Powered-By": [
          "ASP.NET"
        ]
      },
      "StatusCode": 202
    },
    {
      "RequestUri": "/subscriptions/3cfb1b34-e5a9-4f98-bf9c-e4d69a6b170c/resourceGroups/onesdk3388/providers/Microsoft.Network/dnsOperationStatuses/delzone636450944741843139a8331a72?api-version=2017-09-01",
      "EncodedRequestUri": "L3N1YnNjcmlwdGlvbnMvM2NmYjFiMzQtZTVhOS00Zjk4LWJmOWMtZTRkNjlhNmIxNzBjL3Jlc291cmNlR3JvdXBzL29uZXNkazMzODgvcHJvdmlkZXJzL01pY3Jvc29mdC5OZXR3b3JrL2Ruc09wZXJhdGlvblN0YXR1c2VzL2RlbHpvbmU2MzY0NTA5NDQ3NDE4NDMxMzlhODMzMWE3Mj9hcGktdmVyc2lvbj0yMDE3LTA5LTAx",
      "RequestMethod": "GET",
      "RequestBody": "",
      "RequestHeaders": {
        "User-Agent": [
          "FxVersion/4.7.2115.0",
          "OSName/Windows_10_Enterprise",
          "OSVersion/6.3.15063",
          "Microsoft.Azure.Management.Dns.DnsManagementClient/2.0.0-preview"
        ]
      },
      "ResponseBody": "{\r\n  \"status\": \"InProgress\"\r\n}",
      "ResponseHeaders": {
        "Content-Length": [
          "23"
        ],
        "Content-Type": [
          "application/json; charset=utf-8"
        ],
        "Retry-After": [
          "3"
        ],
        "X-Content-Type-Options": [
          "nosniff"
        ],
        "Strict-Transport-Security": [
          "max-age=31536000; includeSubDomains"
        ],
        "Azure-AsyncOperation": [
          "https://api-dogfood.resources.windows-int.net:443/subscriptions/3cfb1b34-e5a9-4f98-bf9c-e4d69a6b170c/resourceGroups/onesdk3388/providers/Microsoft.Network/dnsOperationStatuses/delzone636450944741843139a8331a72?api-version=2017-09-01"
        ],
        "x-ms-request-id": [
          "ac22daac-9a87-479c-96b1-282a32f327b5"
        ],
        "x-ms-ratelimit-remaining-subscription-resource-requests": [
          "5997"
        ],
        "x-ms-correlation-request-id": [
          "a9b83a49-2a25-4674-8986-549e877ae516"
        ],
        "x-ms-routing-request-id": [
          "CENTRALUS:20171101T005434Z:a9b83a49-2a25-4674-8986-549e877ae516"
        ],
        "Cache-Control": [
          "private"
        ],
        "Date": [
          "Wed, 01 Nov 2017 00:54:33 GMT"
        ],
        "Location": [
          "https://api-dogfood.resources.windows-int.net/subscriptions/3cfb1b34-e5a9-4f98-bf9c-e4d69a6b170c/resourceGroups/onesdk3388/providers/Microsoft.Network/dnsOperationResults/delzone636450944741843139a8331a72?api-version=2017-09-01"
        ],
        "Server": [
          "Microsoft-IIS/8.5"
        ],
        "X-AspNet-Version": [
          "4.0.30319"
        ],
        "X-Powered-By": [
          "ASP.NET"
        ]
      },
      "StatusCode": 202
    },
    {
      "RequestUri": "/subscriptions/3cfb1b34-e5a9-4f98-bf9c-e4d69a6b170c/resourceGroups/onesdk3388/providers/Microsoft.Network/dnsOperationStatuses/delzone636450944741843139a8331a72?api-version=2017-09-01",
      "EncodedRequestUri": "L3N1YnNjcmlwdGlvbnMvM2NmYjFiMzQtZTVhOS00Zjk4LWJmOWMtZTRkNjlhNmIxNzBjL3Jlc291cmNlR3JvdXBzL29uZXNkazMzODgvcHJvdmlkZXJzL01pY3Jvc29mdC5OZXR3b3JrL2Ruc09wZXJhdGlvblN0YXR1c2VzL2RlbHpvbmU2MzY0NTA5NDQ3NDE4NDMxMzlhODMzMWE3Mj9hcGktdmVyc2lvbj0yMDE3LTA5LTAx",
      "RequestMethod": "GET",
      "RequestBody": "",
      "RequestHeaders": {
        "User-Agent": [
          "FxVersion/4.7.2115.0",
          "OSName/Windows_10_Enterprise",
          "OSVersion/6.3.15063",
          "Microsoft.Azure.Management.Dns.DnsManagementClient/2.0.0-preview"
        ]
      },
      "ResponseBody": "{\r\n  \"status\": \"InProgress\"\r\n}",
      "ResponseHeaders": {
        "Content-Length": [
          "23"
        ],
        "Content-Type": [
          "application/json; charset=utf-8"
        ],
        "Retry-After": [
          "3"
        ],
        "X-Content-Type-Options": [
          "nosniff"
        ],
        "Strict-Transport-Security": [
          "max-age=31536000; includeSubDomains"
        ],
        "Azure-AsyncOperation": [
          "https://api-dogfood.resources.windows-int.net:443/subscriptions/3cfb1b34-e5a9-4f98-bf9c-e4d69a6b170c/resourceGroups/onesdk3388/providers/Microsoft.Network/dnsOperationStatuses/delzone636450944741843139a8331a72?api-version=2017-09-01"
        ],
        "x-ms-request-id": [
          "6a3ec82e-e18d-4dc1-bf30-564aaedbdb5e"
        ],
        "x-ms-ratelimit-remaining-subscription-resource-requests": [
          "5996"
        ],
        "x-ms-correlation-request-id": [
          "f8604a15-6835-45bd-8442-d94dadf1ed5f"
        ],
        "x-ms-routing-request-id": [
          "CENTRALUS:20171101T005434Z:f8604a15-6835-45bd-8442-d94dadf1ed5f"
        ],
        "Cache-Control": [
          "private"
        ],
        "Date": [
          "Wed, 01 Nov 2017 00:54:33 GMT"
        ],
        "Location": [
          "https://api-dogfood.resources.windows-int.net/subscriptions/3cfb1b34-e5a9-4f98-bf9c-e4d69a6b170c/resourceGroups/onesdk3388/providers/Microsoft.Network/dnsOperationResults/delzone636450944741843139a8331a72?api-version=2017-09-01"
        ],
        "Server": [
          "Microsoft-IIS/8.5"
        ],
        "X-AspNet-Version": [
          "4.0.30319"
        ],
        "X-Powered-By": [
          "ASP.NET"
        ]
      },
      "StatusCode": 202
    },
    {
      "RequestUri": "/subscriptions/3cfb1b34-e5a9-4f98-bf9c-e4d69a6b170c/resourceGroups/onesdk3388/providers/Microsoft.Network/dnsOperationStatuses/delzone636450944741843139a8331a72?api-version=2017-09-01",
      "EncodedRequestUri": "L3N1YnNjcmlwdGlvbnMvM2NmYjFiMzQtZTVhOS00Zjk4LWJmOWMtZTRkNjlhNmIxNzBjL3Jlc291cmNlR3JvdXBzL29uZXNkazMzODgvcHJvdmlkZXJzL01pY3Jvc29mdC5OZXR3b3JrL2Ruc09wZXJhdGlvblN0YXR1c2VzL2RlbHpvbmU2MzY0NTA5NDQ3NDE4NDMxMzlhODMzMWE3Mj9hcGktdmVyc2lvbj0yMDE3LTA5LTAx",
      "RequestMethod": "GET",
      "RequestBody": "",
      "RequestHeaders": {
        "User-Agent": [
          "FxVersion/4.7.2115.0",
          "OSName/Windows_10_Enterprise",
          "OSVersion/6.3.15063",
          "Microsoft.Azure.Management.Dns.DnsManagementClient/2.0.0-preview"
        ]
      },
      "ResponseBody": "{\r\n  \"status\": \"InProgress\"\r\n}",
      "ResponseHeaders": {
        "Content-Length": [
          "23"
        ],
        "Content-Type": [
          "application/json; charset=utf-8"
        ],
        "Retry-After": [
          "3"
        ],
        "X-Content-Type-Options": [
          "nosniff"
        ],
        "Strict-Transport-Security": [
          "max-age=31536000; includeSubDomains"
        ],
        "Azure-AsyncOperation": [
          "https://api-dogfood.resources.windows-int.net:443/subscriptions/3cfb1b34-e5a9-4f98-bf9c-e4d69a6b170c/resourceGroups/onesdk3388/providers/Microsoft.Network/dnsOperationStatuses/delzone636450944741843139a8331a72?api-version=2017-09-01"
        ],
        "x-ms-request-id": [
          "91960633-ed30-4f20-b7f6-8c45a0434742"
        ],
        "x-ms-ratelimit-remaining-subscription-resource-requests": [
          "5995"
        ],
        "x-ms-correlation-request-id": [
          "d9002cd3-e455-4ccf-be90-ba9e58868901"
        ],
        "x-ms-routing-request-id": [
          "CENTRALUS:20171101T005434Z:d9002cd3-e455-4ccf-be90-ba9e58868901"
        ],
        "Cache-Control": [
          "private"
        ],
        "Date": [
          "Wed, 01 Nov 2017 00:54:33 GMT"
        ],
        "Location": [
          "https://api-dogfood.resources.windows-int.net/subscriptions/3cfb1b34-e5a9-4f98-bf9c-e4d69a6b170c/resourceGroups/onesdk3388/providers/Microsoft.Network/dnsOperationResults/delzone636450944741843139a8331a72?api-version=2017-09-01"
        ],
        "Server": [
          "Microsoft-IIS/8.5"
        ],
        "X-AspNet-Version": [
          "4.0.30319"
        ],
        "X-Powered-By": [
          "ASP.NET"
        ]
      },
      "StatusCode": 202
    },
    {
      "RequestUri": "/subscriptions/3cfb1b34-e5a9-4f98-bf9c-e4d69a6b170c/resourceGroups/onesdk3388/providers/Microsoft.Network/dnsOperationStatuses/delzone636450944741843139a8331a72?api-version=2017-09-01",
      "EncodedRequestUri": "L3N1YnNjcmlwdGlvbnMvM2NmYjFiMzQtZTVhOS00Zjk4LWJmOWMtZTRkNjlhNmIxNzBjL3Jlc291cmNlR3JvdXBzL29uZXNkazMzODgvcHJvdmlkZXJzL01pY3Jvc29mdC5OZXR3b3JrL2Ruc09wZXJhdGlvblN0YXR1c2VzL2RlbHpvbmU2MzY0NTA5NDQ3NDE4NDMxMzlhODMzMWE3Mj9hcGktdmVyc2lvbj0yMDE3LTA5LTAx",
      "RequestMethod": "GET",
      "RequestBody": "",
      "RequestHeaders": {
        "User-Agent": [
          "FxVersion/4.7.2115.0",
          "OSName/Windows_10_Enterprise",
          "OSVersion/6.3.15063",
          "Microsoft.Azure.Management.Dns.DnsManagementClient/2.0.0-preview"
        ]
      },
      "ResponseBody": "{\r\n  \"status\": \"InProgress\"\r\n}",
      "ResponseHeaders": {
        "Content-Length": [
          "23"
        ],
        "Content-Type": [
          "application/json; charset=utf-8"
        ],
        "Retry-After": [
          "3"
        ],
        "X-Content-Type-Options": [
          "nosniff"
        ],
        "Strict-Transport-Security": [
          "max-age=31536000; includeSubDomains"
        ],
        "Azure-AsyncOperation": [
          "https://api-dogfood.resources.windows-int.net:443/subscriptions/3cfb1b34-e5a9-4f98-bf9c-e4d69a6b170c/resourceGroups/onesdk3388/providers/Microsoft.Network/dnsOperationStatuses/delzone636450944741843139a8331a72?api-version=2017-09-01"
        ],
        "x-ms-request-id": [
          "a17aee77-7dde-4400-8b2a-e94122671c68"
        ],
        "x-ms-ratelimit-remaining-subscription-resource-requests": [
          "5994"
        ],
        "x-ms-correlation-request-id": [
          "7b492040-7a3a-4000-a713-53e77dfc863f"
        ],
        "x-ms-routing-request-id": [
          "CENTRALUS:20171101T005434Z:7b492040-7a3a-4000-a713-53e77dfc863f"
        ],
        "Cache-Control": [
          "private"
        ],
        "Date": [
          "Wed, 01 Nov 2017 00:54:34 GMT"
        ],
        "Location": [
          "https://api-dogfood.resources.windows-int.net/subscriptions/3cfb1b34-e5a9-4f98-bf9c-e4d69a6b170c/resourceGroups/onesdk3388/providers/Microsoft.Network/dnsOperationResults/delzone636450944741843139a8331a72?api-version=2017-09-01"
        ],
        "Server": [
          "Microsoft-IIS/8.5"
        ],
        "X-AspNet-Version": [
          "4.0.30319"
        ],
        "X-Powered-By": [
          "ASP.NET"
        ]
      },
      "StatusCode": 202
    },
    {
      "RequestUri": "/subscriptions/3cfb1b34-e5a9-4f98-bf9c-e4d69a6b170c/resourceGroups/onesdk3388/providers/Microsoft.Network/dnsOperationStatuses/delzone636450944741843139a8331a72?api-version=2017-09-01",
      "EncodedRequestUri": "L3N1YnNjcmlwdGlvbnMvM2NmYjFiMzQtZTVhOS00Zjk4LWJmOWMtZTRkNjlhNmIxNzBjL3Jlc291cmNlR3JvdXBzL29uZXNkazMzODgvcHJvdmlkZXJzL01pY3Jvc29mdC5OZXR3b3JrL2Ruc09wZXJhdGlvblN0YXR1c2VzL2RlbHpvbmU2MzY0NTA5NDQ3NDE4NDMxMzlhODMzMWE3Mj9hcGktdmVyc2lvbj0yMDE3LTA5LTAx",
      "RequestMethod": "GET",
      "RequestBody": "",
      "RequestHeaders": {
        "User-Agent": [
          "FxVersion/4.7.2115.0",
          "OSName/Windows_10_Enterprise",
          "OSVersion/6.3.15063",
          "Microsoft.Azure.Management.Dns.DnsManagementClient/2.0.0-preview"
        ]
      },
      "ResponseBody": "{\r\n  \"status\": \"InProgress\"\r\n}",
      "ResponseHeaders": {
        "Content-Length": [
          "23"
        ],
        "Content-Type": [
          "application/json; charset=utf-8"
        ],
        "Retry-After": [
          "3"
        ],
        "X-Content-Type-Options": [
          "nosniff"
        ],
        "Strict-Transport-Security": [
          "max-age=31536000; includeSubDomains"
        ],
        "Azure-AsyncOperation": [
          "https://api-dogfood.resources.windows-int.net:443/subscriptions/3cfb1b34-e5a9-4f98-bf9c-e4d69a6b170c/resourceGroups/onesdk3388/providers/Microsoft.Network/dnsOperationStatuses/delzone636450944741843139a8331a72?api-version=2017-09-01"
        ],
        "x-ms-request-id": [
          "92d41534-03b4-406e-9b5a-56c476657589"
        ],
        "x-ms-ratelimit-remaining-subscription-resource-requests": [
          "5993"
        ],
        "x-ms-correlation-request-id": [
          "18224d93-dec2-4faa-85bb-46e3d6b48e92"
        ],
        "x-ms-routing-request-id": [
          "CENTRALUS:20171101T005435Z:18224d93-dec2-4faa-85bb-46e3d6b48e92"
        ],
        "Cache-Control": [
          "private"
        ],
        "Date": [
          "Wed, 01 Nov 2017 00:54:34 GMT"
        ],
        "Location": [
          "https://api-dogfood.resources.windows-int.net/subscriptions/3cfb1b34-e5a9-4f98-bf9c-e4d69a6b170c/resourceGroups/onesdk3388/providers/Microsoft.Network/dnsOperationResults/delzone636450944741843139a8331a72?api-version=2017-09-01"
        ],
        "Server": [
          "Microsoft-IIS/8.5"
        ],
        "X-AspNet-Version": [
          "4.0.30319"
        ],
        "X-Powered-By": [
          "ASP.NET"
        ]
      },
      "StatusCode": 202
    },
    {
      "RequestUri": "/subscriptions/3cfb1b34-e5a9-4f98-bf9c-e4d69a6b170c/resourceGroups/onesdk3388/providers/Microsoft.Network/dnsOperationStatuses/delzone636450944741843139a8331a72?api-version=2017-09-01",
      "EncodedRequestUri": "L3N1YnNjcmlwdGlvbnMvM2NmYjFiMzQtZTVhOS00Zjk4LWJmOWMtZTRkNjlhNmIxNzBjL3Jlc291cmNlR3JvdXBzL29uZXNkazMzODgvcHJvdmlkZXJzL01pY3Jvc29mdC5OZXR3b3JrL2Ruc09wZXJhdGlvblN0YXR1c2VzL2RlbHpvbmU2MzY0NTA5NDQ3NDE4NDMxMzlhODMzMWE3Mj9hcGktdmVyc2lvbj0yMDE3LTA5LTAx",
      "RequestMethod": "GET",
      "RequestBody": "",
      "RequestHeaders": {
        "User-Agent": [
          "FxVersion/4.7.2115.0",
          "OSName/Windows_10_Enterprise",
          "OSVersion/6.3.15063",
          "Microsoft.Azure.Management.Dns.DnsManagementClient/2.0.0-preview"
        ]
      },
      "ResponseBody": "{\r\n  \"status\": \"InProgress\"\r\n}",
      "ResponseHeaders": {
        "Content-Length": [
          "23"
        ],
        "Content-Type": [
          "application/json; charset=utf-8"
        ],
        "Retry-After": [
          "3"
        ],
        "X-Content-Type-Options": [
          "nosniff"
        ],
        "Strict-Transport-Security": [
          "max-age=31536000; includeSubDomains"
        ],
        "Azure-AsyncOperation": [
          "https://api-dogfood.resources.windows-int.net:443/subscriptions/3cfb1b34-e5a9-4f98-bf9c-e4d69a6b170c/resourceGroups/onesdk3388/providers/Microsoft.Network/dnsOperationStatuses/delzone636450944741843139a8331a72?api-version=2017-09-01"
        ],
        "x-ms-request-id": [
          "ca88c1ac-cb22-49a6-8162-0a2b13981940"
        ],
        "x-ms-ratelimit-remaining-subscription-resource-requests": [
          "5992"
        ],
        "x-ms-correlation-request-id": [
          "4c18a18d-529e-4763-baca-fc4e299a001f"
        ],
        "x-ms-routing-request-id": [
          "CENTRALUS:20171101T005435Z:4c18a18d-529e-4763-baca-fc4e299a001f"
        ],
        "Cache-Control": [
          "private"
        ],
        "Date": [
          "Wed, 01 Nov 2017 00:54:34 GMT"
        ],
        "Location": [
          "https://api-dogfood.resources.windows-int.net/subscriptions/3cfb1b34-e5a9-4f98-bf9c-e4d69a6b170c/resourceGroups/onesdk3388/providers/Microsoft.Network/dnsOperationResults/delzone636450944741843139a8331a72?api-version=2017-09-01"
        ],
        "Server": [
          "Microsoft-IIS/8.5"
        ],
        "X-AspNet-Version": [
          "4.0.30319"
        ],
        "X-Powered-By": [
          "ASP.NET"
        ]
      },
      "StatusCode": 202
    },
    {
      "RequestUri": "/subscriptions/3cfb1b34-e5a9-4f98-bf9c-e4d69a6b170c/resourceGroups/onesdk3388/providers/Microsoft.Network/dnsOperationStatuses/delzone636450944741843139a8331a72?api-version=2017-09-01",
      "EncodedRequestUri": "L3N1YnNjcmlwdGlvbnMvM2NmYjFiMzQtZTVhOS00Zjk4LWJmOWMtZTRkNjlhNmIxNzBjL3Jlc291cmNlR3JvdXBzL29uZXNkazMzODgvcHJvdmlkZXJzL01pY3Jvc29mdC5OZXR3b3JrL2Ruc09wZXJhdGlvblN0YXR1c2VzL2RlbHpvbmU2MzY0NTA5NDQ3NDE4NDMxMzlhODMzMWE3Mj9hcGktdmVyc2lvbj0yMDE3LTA5LTAx",
      "RequestMethod": "GET",
      "RequestBody": "",
      "RequestHeaders": {
        "User-Agent": [
          "FxVersion/4.7.2115.0",
          "OSName/Windows_10_Enterprise",
          "OSVersion/6.3.15063",
          "Microsoft.Azure.Management.Dns.DnsManagementClient/2.0.0-preview"
        ]
      },
      "ResponseBody": "{\r\n  \"status\": \"InProgress\"\r\n}",
      "ResponseHeaders": {
        "Content-Length": [
          "23"
        ],
        "Content-Type": [
          "application/json; charset=utf-8"
        ],
        "Retry-After": [
          "3"
        ],
        "X-Content-Type-Options": [
          "nosniff"
        ],
        "Strict-Transport-Security": [
          "max-age=31536000; includeSubDomains"
        ],
        "Azure-AsyncOperation": [
          "https://api-dogfood.resources.windows-int.net:443/subscriptions/3cfb1b34-e5a9-4f98-bf9c-e4d69a6b170c/resourceGroups/onesdk3388/providers/Microsoft.Network/dnsOperationStatuses/delzone636450944741843139a8331a72?api-version=2017-09-01"
        ],
        "x-ms-request-id": [
          "f71e11d9-9816-42e3-b74e-706dffadaf3d"
        ],
        "x-ms-ratelimit-remaining-subscription-resource-requests": [
          "5991"
        ],
        "x-ms-correlation-request-id": [
          "342ae042-5c9a-4389-9921-f7dee76781ed"
        ],
        "x-ms-routing-request-id": [
          "CENTRALUS:20171101T005435Z:342ae042-5c9a-4389-9921-f7dee76781ed"
        ],
        "Cache-Control": [
          "private"
        ],
        "Date": [
          "Wed, 01 Nov 2017 00:54:34 GMT"
        ],
        "Location": [
          "https://api-dogfood.resources.windows-int.net/subscriptions/3cfb1b34-e5a9-4f98-bf9c-e4d69a6b170c/resourceGroups/onesdk3388/providers/Microsoft.Network/dnsOperationResults/delzone636450944741843139a8331a72?api-version=2017-09-01"
        ],
        "Server": [
          "Microsoft-IIS/8.5"
        ],
        "X-AspNet-Version": [
          "4.0.30319"
        ],
        "X-Powered-By": [
          "ASP.NET"
        ]
      },
      "StatusCode": 202
    },
    {
      "RequestUri": "/subscriptions/3cfb1b34-e5a9-4f98-bf9c-e4d69a6b170c/resourceGroups/onesdk3388/providers/Microsoft.Network/dnsOperationStatuses/delzone636450944741843139a8331a72?api-version=2017-09-01",
      "EncodedRequestUri": "L3N1YnNjcmlwdGlvbnMvM2NmYjFiMzQtZTVhOS00Zjk4LWJmOWMtZTRkNjlhNmIxNzBjL3Jlc291cmNlR3JvdXBzL29uZXNkazMzODgvcHJvdmlkZXJzL01pY3Jvc29mdC5OZXR3b3JrL2Ruc09wZXJhdGlvblN0YXR1c2VzL2RlbHpvbmU2MzY0NTA5NDQ3NDE4NDMxMzlhODMzMWE3Mj9hcGktdmVyc2lvbj0yMDE3LTA5LTAx",
      "RequestMethod": "GET",
      "RequestBody": "",
      "RequestHeaders": {
        "User-Agent": [
          "FxVersion/4.7.2115.0",
          "OSName/Windows_10_Enterprise",
          "OSVersion/6.3.15063",
          "Microsoft.Azure.Management.Dns.DnsManagementClient/2.0.0-preview"
        ]
      },
      "ResponseBody": "{\r\n  \"status\": \"InProgress\"\r\n}",
      "ResponseHeaders": {
        "Content-Length": [
          "23"
        ],
        "Content-Type": [
          "application/json; charset=utf-8"
        ],
        "Retry-After": [
          "3"
        ],
        "X-Content-Type-Options": [
          "nosniff"
        ],
        "Strict-Transport-Security": [
          "max-age=31536000; includeSubDomains"
        ],
        "Azure-AsyncOperation": [
          "https://api-dogfood.resources.windows-int.net:443/subscriptions/3cfb1b34-e5a9-4f98-bf9c-e4d69a6b170c/resourceGroups/onesdk3388/providers/Microsoft.Network/dnsOperationStatuses/delzone636450944741843139a8331a72?api-version=2017-09-01"
        ],
        "x-ms-request-id": [
          "41a60087-0304-4a73-b4a1-fb7d831e171e"
        ],
        "x-ms-ratelimit-remaining-subscription-resource-requests": [
          "5990"
        ],
        "x-ms-correlation-request-id": [
          "e86eaf35-e7f5-432f-820f-cf305ba82dca"
        ],
        "x-ms-routing-request-id": [
          "CENTRALUS:20171101T005435Z:e86eaf35-e7f5-432f-820f-cf305ba82dca"
        ],
        "Cache-Control": [
          "private"
        ],
        "Date": [
          "Wed, 01 Nov 2017 00:54:34 GMT"
        ],
        "Location": [
          "https://api-dogfood.resources.windows-int.net/subscriptions/3cfb1b34-e5a9-4f98-bf9c-e4d69a6b170c/resourceGroups/onesdk3388/providers/Microsoft.Network/dnsOperationResults/delzone636450944741843139a8331a72?api-version=2017-09-01"
        ],
        "Server": [
          "Microsoft-IIS/8.5"
        ],
        "X-AspNet-Version": [
          "4.0.30319"
        ],
        "X-Powered-By": [
          "ASP.NET"
        ]
      },
      "StatusCode": 202
    },
    {
      "RequestUri": "/subscriptions/3cfb1b34-e5a9-4f98-bf9c-e4d69a6b170c/resourceGroups/onesdk3388/providers/Microsoft.Network/dnsOperationStatuses/delzone636450944741843139a8331a72?api-version=2017-09-01",
      "EncodedRequestUri": "L3N1YnNjcmlwdGlvbnMvM2NmYjFiMzQtZTVhOS00Zjk4LWJmOWMtZTRkNjlhNmIxNzBjL3Jlc291cmNlR3JvdXBzL29uZXNkazMzODgvcHJvdmlkZXJzL01pY3Jvc29mdC5OZXR3b3JrL2Ruc09wZXJhdGlvblN0YXR1c2VzL2RlbHpvbmU2MzY0NTA5NDQ3NDE4NDMxMzlhODMzMWE3Mj9hcGktdmVyc2lvbj0yMDE3LTA5LTAx",
      "RequestMethod": "GET",
      "RequestBody": "",
      "RequestHeaders": {
        "User-Agent": [
          "FxVersion/4.7.2115.0",
          "OSName/Windows_10_Enterprise",
          "OSVersion/6.3.15063",
          "Microsoft.Azure.Management.Dns.DnsManagementClient/2.0.0-preview"
        ]
      },
      "ResponseBody": "{\r\n  \"status\": \"InProgress\"\r\n}",
      "ResponseHeaders": {
        "Content-Length": [
          "23"
        ],
        "Content-Type": [
          "application/json; charset=utf-8"
        ],
        "Retry-After": [
          "3"
        ],
        "X-Content-Type-Options": [
          "nosniff"
        ],
        "Strict-Transport-Security": [
          "max-age=31536000; includeSubDomains"
        ],
        "Azure-AsyncOperation": [
          "https://api-dogfood.resources.windows-int.net:443/subscriptions/3cfb1b34-e5a9-4f98-bf9c-e4d69a6b170c/resourceGroups/onesdk3388/providers/Microsoft.Network/dnsOperationStatuses/delzone636450944741843139a8331a72?api-version=2017-09-01"
        ],
        "x-ms-request-id": [
          "2e4b73a1-5f17-4185-a92a-15b098618717"
        ],
        "x-ms-ratelimit-remaining-subscription-resource-requests": [
          "5989"
        ],
        "x-ms-correlation-request-id": [
          "29b2f0ec-e867-4136-89bf-c60fd5490031"
        ],
        "x-ms-routing-request-id": [
          "CENTRALUS:20171101T005435Z:29b2f0ec-e867-4136-89bf-c60fd5490031"
        ],
        "Cache-Control": [
          "private"
        ],
        "Date": [
          "Wed, 01 Nov 2017 00:54:34 GMT"
        ],
        "Location": [
          "https://api-dogfood.resources.windows-int.net/subscriptions/3cfb1b34-e5a9-4f98-bf9c-e4d69a6b170c/resourceGroups/onesdk3388/providers/Microsoft.Network/dnsOperationResults/delzone636450944741843139a8331a72?api-version=2017-09-01"
        ],
        "Server": [
          "Microsoft-IIS/8.5"
        ],
        "X-AspNet-Version": [
          "4.0.30319"
        ],
        "X-Powered-By": [
          "ASP.NET"
        ]
      },
      "StatusCode": 202
    },
    {
      "RequestUri": "/subscriptions/3cfb1b34-e5a9-4f98-bf9c-e4d69a6b170c/resourceGroups/onesdk3388/providers/Microsoft.Network/dnsOperationStatuses/delzone636450944741843139a8331a72?api-version=2017-09-01",
      "EncodedRequestUri": "L3N1YnNjcmlwdGlvbnMvM2NmYjFiMzQtZTVhOS00Zjk4LWJmOWMtZTRkNjlhNmIxNzBjL3Jlc291cmNlR3JvdXBzL29uZXNkazMzODgvcHJvdmlkZXJzL01pY3Jvc29mdC5OZXR3b3JrL2Ruc09wZXJhdGlvblN0YXR1c2VzL2RlbHpvbmU2MzY0NTA5NDQ3NDE4NDMxMzlhODMzMWE3Mj9hcGktdmVyc2lvbj0yMDE3LTA5LTAx",
      "RequestMethod": "GET",
      "RequestBody": "",
      "RequestHeaders": {
        "User-Agent": [
          "FxVersion/4.7.2115.0",
          "OSName/Windows_10_Enterprise",
          "OSVersion/6.3.15063",
          "Microsoft.Azure.Management.Dns.DnsManagementClient/2.0.0-preview"
        ]
      },
      "ResponseBody": "{\r\n  \"status\": \"InProgress\"\r\n}",
      "ResponseHeaders": {
        "Content-Length": [
          "23"
        ],
        "Content-Type": [
          "application/json; charset=utf-8"
        ],
        "Retry-After": [
          "3"
        ],
        "X-Content-Type-Options": [
          "nosniff"
        ],
        "Strict-Transport-Security": [
          "max-age=31536000; includeSubDomains"
        ],
        "Azure-AsyncOperation": [
          "https://api-dogfood.resources.windows-int.net:443/subscriptions/3cfb1b34-e5a9-4f98-bf9c-e4d69a6b170c/resourceGroups/onesdk3388/providers/Microsoft.Network/dnsOperationStatuses/delzone636450944741843139a8331a72?api-version=2017-09-01"
        ],
        "x-ms-request-id": [
          "a2632be6-3ec4-4073-975b-db37146b3718"
        ],
        "x-ms-ratelimit-remaining-subscription-resource-requests": [
          "5988"
        ],
        "x-ms-correlation-request-id": [
          "62b1e4f8-754d-4db8-a2c3-d3c7d2202d93"
        ],
        "x-ms-routing-request-id": [
          "CENTRALUS:20171101T005435Z:62b1e4f8-754d-4db8-a2c3-d3c7d2202d93"
        ],
        "Cache-Control": [
          "private"
        ],
        "Date": [
          "Wed, 01 Nov 2017 00:54:34 GMT"
        ],
        "Location": [
          "https://api-dogfood.resources.windows-int.net/subscriptions/3cfb1b34-e5a9-4f98-bf9c-e4d69a6b170c/resourceGroups/onesdk3388/providers/Microsoft.Network/dnsOperationResults/delzone636450944741843139a8331a72?api-version=2017-09-01"
        ],
        "Server": [
          "Microsoft-IIS/8.5"
        ],
        "X-AspNet-Version": [
          "4.0.30319"
        ],
        "X-Powered-By": [
          "ASP.NET"
        ]
      },
      "StatusCode": 202
    },
    {
      "RequestUri": "/subscriptions/3cfb1b34-e5a9-4f98-bf9c-e4d69a6b170c/resourceGroups/onesdk3388/providers/Microsoft.Network/dnsOperationStatuses/delzone636450944741843139a8331a72?api-version=2017-09-01",
      "EncodedRequestUri": "L3N1YnNjcmlwdGlvbnMvM2NmYjFiMzQtZTVhOS00Zjk4LWJmOWMtZTRkNjlhNmIxNzBjL3Jlc291cmNlR3JvdXBzL29uZXNkazMzODgvcHJvdmlkZXJzL01pY3Jvc29mdC5OZXR3b3JrL2Ruc09wZXJhdGlvblN0YXR1c2VzL2RlbHpvbmU2MzY0NTA5NDQ3NDE4NDMxMzlhODMzMWE3Mj9hcGktdmVyc2lvbj0yMDE3LTA5LTAx",
      "RequestMethod": "GET",
      "RequestBody": "",
      "RequestHeaders": {
        "User-Agent": [
          "FxVersion/4.7.2115.0",
          "OSName/Windows_10_Enterprise",
          "OSVersion/6.3.15063",
          "Microsoft.Azure.Management.Dns.DnsManagementClient/2.0.0-preview"
        ]
      },
      "ResponseBody": "{\r\n  \"status\": \"InProgress\"\r\n}",
      "ResponseHeaders": {
        "Content-Length": [
          "23"
        ],
        "Content-Type": [
          "application/json; charset=utf-8"
        ],
        "Retry-After": [
          "3"
        ],
        "X-Content-Type-Options": [
          "nosniff"
        ],
        "Strict-Transport-Security": [
          "max-age=31536000; includeSubDomains"
        ],
        "Azure-AsyncOperation": [
          "https://api-dogfood.resources.windows-int.net:443/subscriptions/3cfb1b34-e5a9-4f98-bf9c-e4d69a6b170c/resourceGroups/onesdk3388/providers/Microsoft.Network/dnsOperationStatuses/delzone636450944741843139a8331a72?api-version=2017-09-01"
        ],
        "x-ms-request-id": [
          "3e420a5e-23de-4519-9ac3-fdaf3c1457aa"
        ],
        "x-ms-ratelimit-remaining-subscription-resource-requests": [
          "5987"
        ],
        "x-ms-correlation-request-id": [
          "4b1de816-661c-4538-a018-d53047073d32"
        ],
        "x-ms-routing-request-id": [
          "CENTRALUS:20171101T005435Z:4b1de816-661c-4538-a018-d53047073d32"
        ],
        "Cache-Control": [
          "private"
        ],
        "Date": [
          "Wed, 01 Nov 2017 00:54:34 GMT"
        ],
        "Location": [
          "https://api-dogfood.resources.windows-int.net/subscriptions/3cfb1b34-e5a9-4f98-bf9c-e4d69a6b170c/resourceGroups/onesdk3388/providers/Microsoft.Network/dnsOperationResults/delzone636450944741843139a8331a72?api-version=2017-09-01"
        ],
        "Server": [
          "Microsoft-IIS/8.5"
        ],
        "X-AspNet-Version": [
          "4.0.30319"
        ],
        "X-Powered-By": [
          "ASP.NET"
        ]
      },
      "StatusCode": 202
    },
    {
      "RequestUri": "/subscriptions/3cfb1b34-e5a9-4f98-bf9c-e4d69a6b170c/resourceGroups/onesdk3388/providers/Microsoft.Network/dnsOperationStatuses/delzone636450944741843139a8331a72?api-version=2017-09-01",
      "EncodedRequestUri": "L3N1YnNjcmlwdGlvbnMvM2NmYjFiMzQtZTVhOS00Zjk4LWJmOWMtZTRkNjlhNmIxNzBjL3Jlc291cmNlR3JvdXBzL29uZXNkazMzODgvcHJvdmlkZXJzL01pY3Jvc29mdC5OZXR3b3JrL2Ruc09wZXJhdGlvblN0YXR1c2VzL2RlbHpvbmU2MzY0NTA5NDQ3NDE4NDMxMzlhODMzMWE3Mj9hcGktdmVyc2lvbj0yMDE3LTA5LTAx",
      "RequestMethod": "GET",
      "RequestBody": "",
      "RequestHeaders": {
        "User-Agent": [
          "FxVersion/4.7.2115.0",
          "OSName/Windows_10_Enterprise",
          "OSVersion/6.3.15063",
          "Microsoft.Azure.Management.Dns.DnsManagementClient/2.0.0-preview"
        ]
      },
      "ResponseBody": "{\r\n  \"status\": \"InProgress\"\r\n}",
      "ResponseHeaders": {
        "Content-Length": [
          "23"
        ],
        "Content-Type": [
          "application/json; charset=utf-8"
        ],
        "Retry-After": [
          "3"
        ],
        "X-Content-Type-Options": [
          "nosniff"
        ],
        "Strict-Transport-Security": [
          "max-age=31536000; includeSubDomains"
        ],
        "Azure-AsyncOperation": [
          "https://api-dogfood.resources.windows-int.net:443/subscriptions/3cfb1b34-e5a9-4f98-bf9c-e4d69a6b170c/resourceGroups/onesdk3388/providers/Microsoft.Network/dnsOperationStatuses/delzone636450944741843139a8331a72?api-version=2017-09-01"
        ],
        "x-ms-request-id": [
          "55d3871a-a1ba-4ec8-a8bb-a01f1912c4e6"
        ],
        "x-ms-ratelimit-remaining-subscription-resource-requests": [
          "5986"
        ],
        "x-ms-correlation-request-id": [
          "30db500f-c102-4eae-8259-4ddf5d739674"
        ],
        "x-ms-routing-request-id": [
          "CENTRALUS:20171101T005435Z:30db500f-c102-4eae-8259-4ddf5d739674"
        ],
        "Cache-Control": [
          "private"
        ],
        "Date": [
          "Wed, 01 Nov 2017 00:54:34 GMT"
        ],
        "Location": [
          "https://api-dogfood.resources.windows-int.net/subscriptions/3cfb1b34-e5a9-4f98-bf9c-e4d69a6b170c/resourceGroups/onesdk3388/providers/Microsoft.Network/dnsOperationResults/delzone636450944741843139a8331a72?api-version=2017-09-01"
        ],
        "Server": [
          "Microsoft-IIS/8.5"
        ],
        "X-AspNet-Version": [
          "4.0.30319"
        ],
        "X-Powered-By": [
          "ASP.NET"
        ]
      },
      "StatusCode": 202
    },
    {
      "RequestUri": "/subscriptions/3cfb1b34-e5a9-4f98-bf9c-e4d69a6b170c/resourceGroups/onesdk3388/providers/Microsoft.Network/dnsOperationStatuses/delzone636450944741843139a8331a72?api-version=2017-09-01",
      "EncodedRequestUri": "L3N1YnNjcmlwdGlvbnMvM2NmYjFiMzQtZTVhOS00Zjk4LWJmOWMtZTRkNjlhNmIxNzBjL3Jlc291cmNlR3JvdXBzL29uZXNkazMzODgvcHJvdmlkZXJzL01pY3Jvc29mdC5OZXR3b3JrL2Ruc09wZXJhdGlvblN0YXR1c2VzL2RlbHpvbmU2MzY0NTA5NDQ3NDE4NDMxMzlhODMzMWE3Mj9hcGktdmVyc2lvbj0yMDE3LTA5LTAx",
      "RequestMethod": "GET",
      "RequestBody": "",
      "RequestHeaders": {
        "User-Agent": [
          "FxVersion/4.7.2115.0",
          "OSName/Windows_10_Enterprise",
          "OSVersion/6.3.15063",
          "Microsoft.Azure.Management.Dns.DnsManagementClient/2.0.0-preview"
        ]
      },
      "ResponseBody": "{\r\n  \"status\": \"InProgress\"\r\n}",
      "ResponseHeaders": {
        "Content-Length": [
          "23"
        ],
        "Content-Type": [
          "application/json; charset=utf-8"
        ],
        "Retry-After": [
          "3"
        ],
        "X-Content-Type-Options": [
          "nosniff"
        ],
        "Strict-Transport-Security": [
          "max-age=31536000; includeSubDomains"
        ],
        "Azure-AsyncOperation": [
          "https://api-dogfood.resources.windows-int.net:443/subscriptions/3cfb1b34-e5a9-4f98-bf9c-e4d69a6b170c/resourceGroups/onesdk3388/providers/Microsoft.Network/dnsOperationStatuses/delzone636450944741843139a8331a72?api-version=2017-09-01"
        ],
        "x-ms-request-id": [
          "345d0436-0056-47e4-a6e4-88be92c25d5e"
        ],
        "x-ms-ratelimit-remaining-subscription-resource-requests": [
          "5985"
        ],
        "x-ms-correlation-request-id": [
          "aa9a8ece-c65d-4368-9607-d98733852bd1"
        ],
        "x-ms-routing-request-id": [
          "CENTRALUS:20171101T005435Z:aa9a8ece-c65d-4368-9607-d98733852bd1"
        ],
        "Cache-Control": [
          "private"
        ],
        "Date": [
          "Wed, 01 Nov 2017 00:54:34 GMT"
        ],
        "Location": [
          "https://api-dogfood.resources.windows-int.net/subscriptions/3cfb1b34-e5a9-4f98-bf9c-e4d69a6b170c/resourceGroups/onesdk3388/providers/Microsoft.Network/dnsOperationResults/delzone636450944741843139a8331a72?api-version=2017-09-01"
        ],
        "Server": [
          "Microsoft-IIS/8.5"
        ],
        "X-AspNet-Version": [
          "4.0.30319"
        ],
        "X-Powered-By": [
          "ASP.NET"
        ]
      },
      "StatusCode": 202
    },
    {
      "RequestUri": "/subscriptions/3cfb1b34-e5a9-4f98-bf9c-e4d69a6b170c/resourceGroups/onesdk3388/providers/Microsoft.Network/dnsOperationStatuses/delzone636450944741843139a8331a72?api-version=2017-09-01",
      "EncodedRequestUri": "L3N1YnNjcmlwdGlvbnMvM2NmYjFiMzQtZTVhOS00Zjk4LWJmOWMtZTRkNjlhNmIxNzBjL3Jlc291cmNlR3JvdXBzL29uZXNkazMzODgvcHJvdmlkZXJzL01pY3Jvc29mdC5OZXR3b3JrL2Ruc09wZXJhdGlvblN0YXR1c2VzL2RlbHpvbmU2MzY0NTA5NDQ3NDE4NDMxMzlhODMzMWE3Mj9hcGktdmVyc2lvbj0yMDE3LTA5LTAx",
      "RequestMethod": "GET",
      "RequestBody": "",
      "RequestHeaders": {
        "User-Agent": [
          "FxVersion/4.7.2115.0",
          "OSName/Windows_10_Enterprise",
          "OSVersion/6.3.15063",
          "Microsoft.Azure.Management.Dns.DnsManagementClient/2.0.0-preview"
        ]
      },
      "ResponseBody": "{\r\n  \"status\": \"InProgress\"\r\n}",
      "ResponseHeaders": {
        "Content-Length": [
          "23"
        ],
        "Content-Type": [
          "application/json; charset=utf-8"
        ],
        "Retry-After": [
          "3"
        ],
        "X-Content-Type-Options": [
          "nosniff"
        ],
        "Strict-Transport-Security": [
          "max-age=31536000; includeSubDomains"
        ],
        "Azure-AsyncOperation": [
          "https://api-dogfood.resources.windows-int.net:443/subscriptions/3cfb1b34-e5a9-4f98-bf9c-e4d69a6b170c/resourceGroups/onesdk3388/providers/Microsoft.Network/dnsOperationStatuses/delzone636450944741843139a8331a72?api-version=2017-09-01"
        ],
        "x-ms-request-id": [
          "6fb8b288-c1c2-476e-847d-11367e40e23a"
        ],
        "x-ms-ratelimit-remaining-subscription-resource-requests": [
          "5984"
        ],
        "x-ms-correlation-request-id": [
          "1379022d-ea58-4111-b9fd-6d2d0901f3b7"
        ],
        "x-ms-routing-request-id": [
          "CENTRALUS:20171101T005435Z:1379022d-ea58-4111-b9fd-6d2d0901f3b7"
        ],
        "Cache-Control": [
          "private"
        ],
        "Date": [
          "Wed, 01 Nov 2017 00:54:34 GMT"
        ],
        "Location": [
          "https://api-dogfood.resources.windows-int.net/subscriptions/3cfb1b34-e5a9-4f98-bf9c-e4d69a6b170c/resourceGroups/onesdk3388/providers/Microsoft.Network/dnsOperationResults/delzone636450944741843139a8331a72?api-version=2017-09-01"
        ],
        "Server": [
          "Microsoft-IIS/8.5"
        ],
        "X-AspNet-Version": [
          "4.0.30319"
        ],
        "X-Powered-By": [
          "ASP.NET"
        ]
      },
      "StatusCode": 202
    },
    {
      "RequestUri": "/subscriptions/3cfb1b34-e5a9-4f98-bf9c-e4d69a6b170c/resourceGroups/onesdk3388/providers/Microsoft.Network/dnsOperationStatuses/delzone636450944741843139a8331a72?api-version=2017-09-01",
      "EncodedRequestUri": "L3N1YnNjcmlwdGlvbnMvM2NmYjFiMzQtZTVhOS00Zjk4LWJmOWMtZTRkNjlhNmIxNzBjL3Jlc291cmNlR3JvdXBzL29uZXNkazMzODgvcHJvdmlkZXJzL01pY3Jvc29mdC5OZXR3b3JrL2Ruc09wZXJhdGlvblN0YXR1c2VzL2RlbHpvbmU2MzY0NTA5NDQ3NDE4NDMxMzlhODMzMWE3Mj9hcGktdmVyc2lvbj0yMDE3LTA5LTAx",
      "RequestMethod": "GET",
      "RequestBody": "",
      "RequestHeaders": {
        "User-Agent": [
          "FxVersion/4.7.2115.0",
          "OSName/Windows_10_Enterprise",
          "OSVersion/6.3.15063",
          "Microsoft.Azure.Management.Dns.DnsManagementClient/2.0.0-preview"
        ]
      },
      "ResponseBody": "{\r\n  \"status\": \"InProgress\"\r\n}",
      "ResponseHeaders": {
        "Content-Length": [
          "23"
        ],
        "Content-Type": [
          "application/json; charset=utf-8"
        ],
        "Retry-After": [
          "3"
        ],
        "X-Content-Type-Options": [
          "nosniff"
        ],
        "Strict-Transport-Security": [
          "max-age=31536000; includeSubDomains"
        ],
        "Azure-AsyncOperation": [
          "https://api-dogfood.resources.windows-int.net:443/subscriptions/3cfb1b34-e5a9-4f98-bf9c-e4d69a6b170c/resourceGroups/onesdk3388/providers/Microsoft.Network/dnsOperationStatuses/delzone636450944741843139a8331a72?api-version=2017-09-01"
        ],
        "x-ms-request-id": [
          "cb18e06c-933b-44b3-92e5-9c263ca9b18d"
        ],
        "x-ms-ratelimit-remaining-subscription-resource-requests": [
          "5983"
        ],
        "x-ms-correlation-request-id": [
          "7f05511d-5ca6-4b73-abcc-d51082600cf2"
        ],
        "x-ms-routing-request-id": [
          "CENTRALUS:20171101T005435Z:7f05511d-5ca6-4b73-abcc-d51082600cf2"
        ],
        "Cache-Control": [
          "private"
        ],
        "Date": [
          "Wed, 01 Nov 2017 00:54:35 GMT"
        ],
        "Location": [
          "https://api-dogfood.resources.windows-int.net/subscriptions/3cfb1b34-e5a9-4f98-bf9c-e4d69a6b170c/resourceGroups/onesdk3388/providers/Microsoft.Network/dnsOperationResults/delzone636450944741843139a8331a72?api-version=2017-09-01"
        ],
        "Server": [
          "Microsoft-IIS/8.5"
        ],
        "X-AspNet-Version": [
          "4.0.30319"
        ],
        "X-Powered-By": [
          "ASP.NET"
        ]
      },
      "StatusCode": 202
    },
    {
      "RequestUri": "/subscriptions/3cfb1b34-e5a9-4f98-bf9c-e4d69a6b170c/resourceGroups/onesdk3388/providers/Microsoft.Network/dnsOperationStatuses/delzone636450944741843139a8331a72?api-version=2017-09-01",
      "EncodedRequestUri": "L3N1YnNjcmlwdGlvbnMvM2NmYjFiMzQtZTVhOS00Zjk4LWJmOWMtZTRkNjlhNmIxNzBjL3Jlc291cmNlR3JvdXBzL29uZXNkazMzODgvcHJvdmlkZXJzL01pY3Jvc29mdC5OZXR3b3JrL2Ruc09wZXJhdGlvblN0YXR1c2VzL2RlbHpvbmU2MzY0NTA5NDQ3NDE4NDMxMzlhODMzMWE3Mj9hcGktdmVyc2lvbj0yMDE3LTA5LTAx",
      "RequestMethod": "GET",
      "RequestBody": "",
      "RequestHeaders": {
        "User-Agent": [
          "FxVersion/4.7.2115.0",
          "OSName/Windows_10_Enterprise",
          "OSVersion/6.3.15063",
          "Microsoft.Azure.Management.Dns.DnsManagementClient/2.0.0-preview"
        ]
      },
      "ResponseBody": "{\r\n  \"status\": \"InProgress\"\r\n}",
      "ResponseHeaders": {
        "Content-Length": [
          "23"
        ],
        "Content-Type": [
          "application/json; charset=utf-8"
        ],
        "Retry-After": [
          "3"
        ],
        "X-Content-Type-Options": [
          "nosniff"
        ],
        "Strict-Transport-Security": [
          "max-age=31536000; includeSubDomains"
        ],
        "Azure-AsyncOperation": [
          "https://api-dogfood.resources.windows-int.net:443/subscriptions/3cfb1b34-e5a9-4f98-bf9c-e4d69a6b170c/resourceGroups/onesdk3388/providers/Microsoft.Network/dnsOperationStatuses/delzone636450944741843139a8331a72?api-version=2017-09-01"
        ],
        "x-ms-request-id": [
          "0a4ba785-bf4b-470a-b64c-1c8714df3f78"
        ],
        "x-ms-ratelimit-remaining-subscription-resource-requests": [
          "5982"
        ],
        "x-ms-correlation-request-id": [
          "a1e5566f-6b9b-4c53-8179-83b2b7921dec"
        ],
        "x-ms-routing-request-id": [
          "CENTRALUS:20171101T005436Z:a1e5566f-6b9b-4c53-8179-83b2b7921dec"
        ],
        "Cache-Control": [
          "private"
        ],
        "Date": [
          "Wed, 01 Nov 2017 00:54:35 GMT"
        ],
        "Location": [
          "https://api-dogfood.resources.windows-int.net/subscriptions/3cfb1b34-e5a9-4f98-bf9c-e4d69a6b170c/resourceGroups/onesdk3388/providers/Microsoft.Network/dnsOperationResults/delzone636450944741843139a8331a72?api-version=2017-09-01"
        ],
        "Server": [
          "Microsoft-IIS/8.5"
        ],
        "X-AspNet-Version": [
          "4.0.30319"
        ],
        "X-Powered-By": [
          "ASP.NET"
        ]
      },
      "StatusCode": 202
    },
    {
      "RequestUri": "/subscriptions/3cfb1b34-e5a9-4f98-bf9c-e4d69a6b170c/resourceGroups/onesdk3388/providers/Microsoft.Network/dnsOperationStatuses/delzone636450944741843139a8331a72?api-version=2017-09-01",
      "EncodedRequestUri": "L3N1YnNjcmlwdGlvbnMvM2NmYjFiMzQtZTVhOS00Zjk4LWJmOWMtZTRkNjlhNmIxNzBjL3Jlc291cmNlR3JvdXBzL29uZXNkazMzODgvcHJvdmlkZXJzL01pY3Jvc29mdC5OZXR3b3JrL2Ruc09wZXJhdGlvblN0YXR1c2VzL2RlbHpvbmU2MzY0NTA5NDQ3NDE4NDMxMzlhODMzMWE3Mj9hcGktdmVyc2lvbj0yMDE3LTA5LTAx",
      "RequestMethod": "GET",
      "RequestBody": "",
      "RequestHeaders": {
        "User-Agent": [
          "FxVersion/4.7.2115.0",
          "OSName/Windows_10_Enterprise",
          "OSVersion/6.3.15063",
          "Microsoft.Azure.Management.Dns.DnsManagementClient/2.0.0-preview"
        ]
      },
      "ResponseBody": "{\r\n  \"status\": \"InProgress\"\r\n}",
      "ResponseHeaders": {
        "Content-Length": [
          "23"
        ],
        "Content-Type": [
          "application/json; charset=utf-8"
        ],
        "Retry-After": [
          "3"
        ],
        "X-Content-Type-Options": [
          "nosniff"
        ],
        "Strict-Transport-Security": [
          "max-age=31536000; includeSubDomains"
        ],
        "Azure-AsyncOperation": [
          "https://api-dogfood.resources.windows-int.net:443/subscriptions/3cfb1b34-e5a9-4f98-bf9c-e4d69a6b170c/resourceGroups/onesdk3388/providers/Microsoft.Network/dnsOperationStatuses/delzone636450944741843139a8331a72?api-version=2017-09-01"
        ],
        "x-ms-request-id": [
          "b004be48-f7f2-4707-8faf-d65a980596d9"
        ],
        "x-ms-ratelimit-remaining-subscription-resource-requests": [
          "5981"
        ],
        "x-ms-correlation-request-id": [
          "5695b891-63a9-4ff0-b340-0c4241b9ba35"
        ],
        "x-ms-routing-request-id": [
          "CENTRALUS:20171101T005436Z:5695b891-63a9-4ff0-b340-0c4241b9ba35"
        ],
        "Cache-Control": [
          "private"
        ],
        "Date": [
          "Wed, 01 Nov 2017 00:54:35 GMT"
        ],
        "Location": [
          "https://api-dogfood.resources.windows-int.net/subscriptions/3cfb1b34-e5a9-4f98-bf9c-e4d69a6b170c/resourceGroups/onesdk3388/providers/Microsoft.Network/dnsOperationResults/delzone636450944741843139a8331a72?api-version=2017-09-01"
        ],
        "Server": [
          "Microsoft-IIS/8.5"
        ],
        "X-AspNet-Version": [
          "4.0.30319"
        ],
        "X-Powered-By": [
          "ASP.NET"
        ]
      },
      "StatusCode": 202
    },
    {
      "RequestUri": "/subscriptions/3cfb1b34-e5a9-4f98-bf9c-e4d69a6b170c/resourceGroups/onesdk3388/providers/Microsoft.Network/dnsOperationStatuses/delzone636450944741843139a8331a72?api-version=2017-09-01",
      "EncodedRequestUri": "L3N1YnNjcmlwdGlvbnMvM2NmYjFiMzQtZTVhOS00Zjk4LWJmOWMtZTRkNjlhNmIxNzBjL3Jlc291cmNlR3JvdXBzL29uZXNkazMzODgvcHJvdmlkZXJzL01pY3Jvc29mdC5OZXR3b3JrL2Ruc09wZXJhdGlvblN0YXR1c2VzL2RlbHpvbmU2MzY0NTA5NDQ3NDE4NDMxMzlhODMzMWE3Mj9hcGktdmVyc2lvbj0yMDE3LTA5LTAx",
      "RequestMethod": "GET",
      "RequestBody": "",
      "RequestHeaders": {
        "User-Agent": [
          "FxVersion/4.7.2115.0",
          "OSName/Windows_10_Enterprise",
          "OSVersion/6.3.15063",
          "Microsoft.Azure.Management.Dns.DnsManagementClient/2.0.0-preview"
        ]
      },
      "ResponseBody": "{\r\n  \"status\": \"InProgress\"\r\n}",
      "ResponseHeaders": {
        "Content-Length": [
          "23"
        ],
        "Content-Type": [
          "application/json; charset=utf-8"
        ],
        "Retry-After": [
          "3"
        ],
        "X-Content-Type-Options": [
          "nosniff"
        ],
        "Strict-Transport-Security": [
          "max-age=31536000; includeSubDomains"
        ],
        "Azure-AsyncOperation": [
          "https://api-dogfood.resources.windows-int.net:443/subscriptions/3cfb1b34-e5a9-4f98-bf9c-e4d69a6b170c/resourceGroups/onesdk3388/providers/Microsoft.Network/dnsOperationStatuses/delzone636450944741843139a8331a72?api-version=2017-09-01"
        ],
        "x-ms-request-id": [
          "d137c30f-51aa-404b-956a-a81149161241"
        ],
        "x-ms-ratelimit-remaining-subscription-resource-requests": [
          "5980"
        ],
        "x-ms-correlation-request-id": [
          "38681b5b-7810-4f90-bcfd-7b47924153e9"
        ],
        "x-ms-routing-request-id": [
          "CENTRALUS:20171101T005436Z:38681b5b-7810-4f90-bcfd-7b47924153e9"
        ],
        "Cache-Control": [
          "private"
        ],
        "Date": [
          "Wed, 01 Nov 2017 00:54:35 GMT"
        ],
        "Location": [
          "https://api-dogfood.resources.windows-int.net/subscriptions/3cfb1b34-e5a9-4f98-bf9c-e4d69a6b170c/resourceGroups/onesdk3388/providers/Microsoft.Network/dnsOperationResults/delzone636450944741843139a8331a72?api-version=2017-09-01"
        ],
        "Server": [
          "Microsoft-IIS/8.5"
        ],
        "X-AspNet-Version": [
          "4.0.30319"
        ],
        "X-Powered-By": [
          "ASP.NET"
        ]
      },
      "StatusCode": 202
    },
    {
      "RequestUri": "/subscriptions/3cfb1b34-e5a9-4f98-bf9c-e4d69a6b170c/resourceGroups/onesdk3388/providers/Microsoft.Network/dnsOperationStatuses/delzone636450944741843139a8331a72?api-version=2017-09-01",
      "EncodedRequestUri": "L3N1YnNjcmlwdGlvbnMvM2NmYjFiMzQtZTVhOS00Zjk4LWJmOWMtZTRkNjlhNmIxNzBjL3Jlc291cmNlR3JvdXBzL29uZXNkazMzODgvcHJvdmlkZXJzL01pY3Jvc29mdC5OZXR3b3JrL2Ruc09wZXJhdGlvblN0YXR1c2VzL2RlbHpvbmU2MzY0NTA5NDQ3NDE4NDMxMzlhODMzMWE3Mj9hcGktdmVyc2lvbj0yMDE3LTA5LTAx",
      "RequestMethod": "GET",
      "RequestBody": "",
      "RequestHeaders": {
        "User-Agent": [
          "FxVersion/4.7.2115.0",
          "OSName/Windows_10_Enterprise",
          "OSVersion/6.3.15063",
          "Microsoft.Azure.Management.Dns.DnsManagementClient/2.0.0-preview"
        ]
      },
      "ResponseBody": "{\r\n  \"status\": \"InProgress\"\r\n}",
      "ResponseHeaders": {
        "Content-Length": [
          "23"
        ],
        "Content-Type": [
          "application/json; charset=utf-8"
        ],
        "Retry-After": [
          "3"
        ],
        "X-Content-Type-Options": [
          "nosniff"
        ],
        "Strict-Transport-Security": [
          "max-age=31536000; includeSubDomains"
        ],
        "Azure-AsyncOperation": [
          "https://api-dogfood.resources.windows-int.net:443/subscriptions/3cfb1b34-e5a9-4f98-bf9c-e4d69a6b170c/resourceGroups/onesdk3388/providers/Microsoft.Network/dnsOperationStatuses/delzone636450944741843139a8331a72?api-version=2017-09-01"
        ],
        "x-ms-request-id": [
          "d66d9c77-398e-4e41-8089-1805d95e6975"
        ],
        "x-ms-ratelimit-remaining-subscription-resource-requests": [
          "5979"
        ],
        "x-ms-correlation-request-id": [
          "1e66b591-dbed-4320-8ccc-eb6dac351422"
        ],
        "x-ms-routing-request-id": [
          "CENTRALUS:20171101T005436Z:1e66b591-dbed-4320-8ccc-eb6dac351422"
        ],
        "Cache-Control": [
          "private"
        ],
        "Date": [
          "Wed, 01 Nov 2017 00:54:35 GMT"
        ],
        "Location": [
          "https://api-dogfood.resources.windows-int.net/subscriptions/3cfb1b34-e5a9-4f98-bf9c-e4d69a6b170c/resourceGroups/onesdk3388/providers/Microsoft.Network/dnsOperationResults/delzone636450944741843139a8331a72?api-version=2017-09-01"
        ],
        "Server": [
          "Microsoft-IIS/8.5"
        ],
        "X-AspNet-Version": [
          "4.0.30319"
        ],
        "X-Powered-By": [
          "ASP.NET"
        ]
      },
      "StatusCode": 202
    },
    {
      "RequestUri": "/subscriptions/3cfb1b34-e5a9-4f98-bf9c-e4d69a6b170c/resourceGroups/onesdk3388/providers/Microsoft.Network/dnsOperationStatuses/delzone636450944741843139a8331a72?api-version=2017-09-01",
      "EncodedRequestUri": "L3N1YnNjcmlwdGlvbnMvM2NmYjFiMzQtZTVhOS00Zjk4LWJmOWMtZTRkNjlhNmIxNzBjL3Jlc291cmNlR3JvdXBzL29uZXNkazMzODgvcHJvdmlkZXJzL01pY3Jvc29mdC5OZXR3b3JrL2Ruc09wZXJhdGlvblN0YXR1c2VzL2RlbHpvbmU2MzY0NTA5NDQ3NDE4NDMxMzlhODMzMWE3Mj9hcGktdmVyc2lvbj0yMDE3LTA5LTAx",
      "RequestMethod": "GET",
      "RequestBody": "",
      "RequestHeaders": {
        "User-Agent": [
          "FxVersion/4.7.2115.0",
          "OSName/Windows_10_Enterprise",
          "OSVersion/6.3.15063",
          "Microsoft.Azure.Management.Dns.DnsManagementClient/2.0.0-preview"
        ]
      },
      "ResponseBody": "{\r\n  \"status\": \"InProgress\"\r\n}",
      "ResponseHeaders": {
        "Content-Length": [
          "23"
        ],
        "Content-Type": [
          "application/json; charset=utf-8"
        ],
        "Retry-After": [
          "3"
        ],
        "X-Content-Type-Options": [
          "nosniff"
        ],
        "Strict-Transport-Security": [
          "max-age=31536000; includeSubDomains"
        ],
        "Azure-AsyncOperation": [
          "https://api-dogfood.resources.windows-int.net:443/subscriptions/3cfb1b34-e5a9-4f98-bf9c-e4d69a6b170c/resourceGroups/onesdk3388/providers/Microsoft.Network/dnsOperationStatuses/delzone636450944741843139a8331a72?api-version=2017-09-01"
        ],
        "x-ms-request-id": [
          "5b003931-ad9e-459c-b2b2-2c5acaf38a37"
        ],
        "x-ms-ratelimit-remaining-subscription-resource-requests": [
          "5978"
        ],
        "x-ms-correlation-request-id": [
          "6b9b0e09-f5fe-49a7-88f2-c014627f52d8"
        ],
        "x-ms-routing-request-id": [
          "CENTRALUS:20171101T005436Z:6b9b0e09-f5fe-49a7-88f2-c014627f52d8"
        ],
        "Cache-Control": [
          "private"
        ],
        "Date": [
          "Wed, 01 Nov 2017 00:54:35 GMT"
        ],
        "Location": [
          "https://api-dogfood.resources.windows-int.net/subscriptions/3cfb1b34-e5a9-4f98-bf9c-e4d69a6b170c/resourceGroups/onesdk3388/providers/Microsoft.Network/dnsOperationResults/delzone636450944741843139a8331a72?api-version=2017-09-01"
        ],
        "Server": [
          "Microsoft-IIS/8.5"
        ],
        "X-AspNet-Version": [
          "4.0.30319"
        ],
        "X-Powered-By": [
          "ASP.NET"
        ]
      },
      "StatusCode": 202
    },
    {
      "RequestUri": "/subscriptions/3cfb1b34-e5a9-4f98-bf9c-e4d69a6b170c/resourceGroups/onesdk3388/providers/Microsoft.Network/dnsOperationStatuses/delzone636450944741843139a8331a72?api-version=2017-09-01",
      "EncodedRequestUri": "L3N1YnNjcmlwdGlvbnMvM2NmYjFiMzQtZTVhOS00Zjk4LWJmOWMtZTRkNjlhNmIxNzBjL3Jlc291cmNlR3JvdXBzL29uZXNkazMzODgvcHJvdmlkZXJzL01pY3Jvc29mdC5OZXR3b3JrL2Ruc09wZXJhdGlvblN0YXR1c2VzL2RlbHpvbmU2MzY0NTA5NDQ3NDE4NDMxMzlhODMzMWE3Mj9hcGktdmVyc2lvbj0yMDE3LTA5LTAx",
      "RequestMethod": "GET",
      "RequestBody": "",
      "RequestHeaders": {
        "User-Agent": [
          "FxVersion/4.7.2115.0",
          "OSName/Windows_10_Enterprise",
          "OSVersion/6.3.15063",
          "Microsoft.Azure.Management.Dns.DnsManagementClient/2.0.0-preview"
        ]
      },
      "ResponseBody": "{\r\n  \"status\": \"InProgress\"\r\n}",
      "ResponseHeaders": {
        "Content-Length": [
          "23"
        ],
        "Content-Type": [
          "application/json; charset=utf-8"
        ],
        "Retry-After": [
          "3"
        ],
        "X-Content-Type-Options": [
          "nosniff"
        ],
        "Strict-Transport-Security": [
          "max-age=31536000; includeSubDomains"
        ],
        "Azure-AsyncOperation": [
          "https://api-dogfood.resources.windows-int.net:443/subscriptions/3cfb1b34-e5a9-4f98-bf9c-e4d69a6b170c/resourceGroups/onesdk3388/providers/Microsoft.Network/dnsOperationStatuses/delzone636450944741843139a8331a72?api-version=2017-09-01"
        ],
        "x-ms-request-id": [
          "4d15469b-20eb-4a9f-9170-187c639554f4"
        ],
        "x-ms-ratelimit-remaining-subscription-resource-requests": [
          "5977"
        ],
        "x-ms-correlation-request-id": [
          "ec8d1c54-d81c-4d43-9c1f-3dd1cefec965"
        ],
        "x-ms-routing-request-id": [
          "CENTRALUS:20171101T005436Z:ec8d1c54-d81c-4d43-9c1f-3dd1cefec965"
        ],
        "Cache-Control": [
          "private"
        ],
        "Date": [
          "Wed, 01 Nov 2017 00:54:35 GMT"
        ],
        "Location": [
          "https://api-dogfood.resources.windows-int.net/subscriptions/3cfb1b34-e5a9-4f98-bf9c-e4d69a6b170c/resourceGroups/onesdk3388/providers/Microsoft.Network/dnsOperationResults/delzone636450944741843139a8331a72?api-version=2017-09-01"
        ],
        "Server": [
          "Microsoft-IIS/8.5"
        ],
        "X-AspNet-Version": [
          "4.0.30319"
        ],
        "X-Powered-By": [
          "ASP.NET"
        ]
      },
      "StatusCode": 202
    },
    {
      "RequestUri": "/subscriptions/3cfb1b34-e5a9-4f98-bf9c-e4d69a6b170c/resourceGroups/onesdk3388/providers/Microsoft.Network/dnsOperationStatuses/delzone636450944741843139a8331a72?api-version=2017-09-01",
      "EncodedRequestUri": "L3N1YnNjcmlwdGlvbnMvM2NmYjFiMzQtZTVhOS00Zjk4LWJmOWMtZTRkNjlhNmIxNzBjL3Jlc291cmNlR3JvdXBzL29uZXNkazMzODgvcHJvdmlkZXJzL01pY3Jvc29mdC5OZXR3b3JrL2Ruc09wZXJhdGlvblN0YXR1c2VzL2RlbHpvbmU2MzY0NTA5NDQ3NDE4NDMxMzlhODMzMWE3Mj9hcGktdmVyc2lvbj0yMDE3LTA5LTAx",
      "RequestMethod": "GET",
      "RequestBody": "",
      "RequestHeaders": {
        "User-Agent": [
          "FxVersion/4.7.2115.0",
          "OSName/Windows_10_Enterprise",
          "OSVersion/6.3.15063",
          "Microsoft.Azure.Management.Dns.DnsManagementClient/2.0.0-preview"
        ]
      },
      "ResponseBody": "{\r\n  \"status\": \"InProgress\"\r\n}",
      "ResponseHeaders": {
        "Content-Length": [
          "23"
        ],
        "Content-Type": [
          "application/json; charset=utf-8"
        ],
        "Retry-After": [
          "3"
        ],
        "X-Content-Type-Options": [
          "nosniff"
        ],
        "Strict-Transport-Security": [
          "max-age=31536000; includeSubDomains"
        ],
        "Azure-AsyncOperation": [
          "https://api-dogfood.resources.windows-int.net:443/subscriptions/3cfb1b34-e5a9-4f98-bf9c-e4d69a6b170c/resourceGroups/onesdk3388/providers/Microsoft.Network/dnsOperationStatuses/delzone636450944741843139a8331a72?api-version=2017-09-01"
        ],
        "x-ms-request-id": [
          "556935a1-82f3-4d7d-9463-31ce83dcdb88"
        ],
        "x-ms-ratelimit-remaining-subscription-resource-requests": [
          "5976"
        ],
        "x-ms-correlation-request-id": [
          "fe4e40e1-e6b8-4967-be28-fb8a2948fe98"
        ],
        "x-ms-routing-request-id": [
          "CENTRALUS:20171101T005436Z:fe4e40e1-e6b8-4967-be28-fb8a2948fe98"
        ],
        "Cache-Control": [
          "private"
        ],
        "Date": [
          "Wed, 01 Nov 2017 00:54:35 GMT"
        ],
        "Location": [
          "https://api-dogfood.resources.windows-int.net/subscriptions/3cfb1b34-e5a9-4f98-bf9c-e4d69a6b170c/resourceGroups/onesdk3388/providers/Microsoft.Network/dnsOperationResults/delzone636450944741843139a8331a72?api-version=2017-09-01"
        ],
        "Server": [
          "Microsoft-IIS/8.5"
        ],
        "X-AspNet-Version": [
          "4.0.30319"
        ],
        "X-Powered-By": [
          "ASP.NET"
        ]
      },
      "StatusCode": 202
    },
    {
      "RequestUri": "/subscriptions/3cfb1b34-e5a9-4f98-bf9c-e4d69a6b170c/resourceGroups/onesdk3388/providers/Microsoft.Network/dnsOperationStatuses/delzone636450944741843139a8331a72?api-version=2017-09-01",
      "EncodedRequestUri": "L3N1YnNjcmlwdGlvbnMvM2NmYjFiMzQtZTVhOS00Zjk4LWJmOWMtZTRkNjlhNmIxNzBjL3Jlc291cmNlR3JvdXBzL29uZXNkazMzODgvcHJvdmlkZXJzL01pY3Jvc29mdC5OZXR3b3JrL2Ruc09wZXJhdGlvblN0YXR1c2VzL2RlbHpvbmU2MzY0NTA5NDQ3NDE4NDMxMzlhODMzMWE3Mj9hcGktdmVyc2lvbj0yMDE3LTA5LTAx",
      "RequestMethod": "GET",
      "RequestBody": "",
      "RequestHeaders": {
        "User-Agent": [
          "FxVersion/4.7.2115.0",
          "OSName/Windows_10_Enterprise",
          "OSVersion/6.3.15063",
          "Microsoft.Azure.Management.Dns.DnsManagementClient/2.0.0-preview"
        ]
      },
      "ResponseBody": "{\r\n  \"status\": \"Succeeded\"\r\n}",
      "ResponseHeaders": {
        "Content-Length": [
          "22"
        ],
        "Content-Type": [
          "application/json; charset=utf-8"
        ],
        "X-Content-Type-Options": [
          "nosniff"
        ],
        "Strict-Transport-Security": [
          "max-age=31536000; includeSubDomains"
        ],
        "x-ms-request-id": [
          "f1664c37-3bd5-4de7-b85e-7fe818d0398f"
        ],
        "x-ms-ratelimit-remaining-subscription-resource-requests": [
          "5975"
        ],
        "x-ms-correlation-request-id": [
          "51560b8f-e0a4-4803-bda1-5d1af65f5f7e"
        ],
        "x-ms-routing-request-id": [
          "CENTRALUS:20171101T005436Z:51560b8f-e0a4-4803-bda1-5d1af65f5f7e"
        ],
        "Cache-Control": [
          "private"
        ],
        "Date": [
          "Wed, 01 Nov 2017 00:54:35 GMT"
        ],
        "Server": [
          "Microsoft-IIS/8.5"
        ],
        "X-AspNet-Version": [
          "4.0.30319"
        ],
        "X-Powered-By": [
          "ASP.NET"
        ]
      },
      "StatusCode": 200
    },
    {
      "RequestUri": "/subscriptions/3cfb1b34-e5a9-4f98-bf9c-e4d69a6b170c/resourcegroups/onesdk3388?api-version=2016-02-01",
      "EncodedRequestUri": "L3N1YnNjcmlwdGlvbnMvM2NmYjFiMzQtZTVhOS00Zjk4LWJmOWMtZTRkNjlhNmIxNzBjL3Jlc291cmNlZ3JvdXBzL29uZXNkazMzODg/YXBpLXZlcnNpb249MjAxNi0wMi0wMQ==",
      "RequestMethod": "DELETE",
      "RequestBody": "",
      "RequestHeaders": {
        "User-Agent": [
          "Microsoft.Azure.Management.Resources.ResourceManagementClient/2.0.0.0"
        ]
      },
      "ResponseBody": "",
      "ResponseHeaders": {
        "Content-Length": [
          "0"
        ],
        "Expires": [
          "-1"
        ],
        "Pragma": [
          "no-cache"
        ],
        "Retry-After": [
          "15"
        ],
        "x-ms-ratelimit-remaining-subscription-writes": [
          "1197"
        ],
        "x-ms-request-id": [
          "9bdf79ce-4292-414a-9523-801d45743b81"
        ],
        "x-ms-correlation-request-id": [
          "9bdf79ce-4292-414a-9523-801d45743b81"
        ],
        "x-ms-routing-request-id": [
          "CENTRALUS:20171101T005437Z:9bdf79ce-4292-414a-9523-801d45743b81"
        ],
        "Strict-Transport-Security": [
          "max-age=31536000; includeSubDomains"
        ],
        "Cache-Control": [
          "no-cache"
        ],
        "Date": [
          "Wed, 01 Nov 2017 00:54:36 GMT"
        ],
        "Location": [
          "https://api-dogfood.resources.windows-int.net/subscriptions/3cfb1b34-e5a9-4f98-bf9c-e4d69a6b170c/operationresults/eyJqb2JJZCI6IlJFU09VUkNFR1JPVVBERUxFVElPTkpPQi1PTkVTREszMzg4LVdFU1RVUyIsImpvYkxvY2F0aW9uIjoid2VzdHVzIn0?api-version=2016-02-01"
        ]
      },
      "StatusCode": 202
    },
    {
      "RequestUri": "/subscriptions/3cfb1b34-e5a9-4f98-bf9c-e4d69a6b170c/operationresults/eyJqb2JJZCI6IlJFU09VUkNFR1JPVVBERUxFVElPTkpPQi1PTkVTREszMzg4LVdFU1RVUyIsImpvYkxvY2F0aW9uIjoid2VzdHVzIn0?api-version=2016-02-01",
      "EncodedRequestUri": "L3N1YnNjcmlwdGlvbnMvM2NmYjFiMzQtZTVhOS00Zjk4LWJmOWMtZTRkNjlhNmIxNzBjL29wZXJhdGlvbnJlc3VsdHMvZXlKcWIySkpaQ0k2SWxKRlUwOVZVa05GUjFKUFZWQkVSVXhGVkVsUFRrcFBRaTFQVGtWVFJFc3pNemc0TFZkRlUxUlZVeUlzSW1wdllreHZZMkYwYVc5dUlqb2lkMlZ6ZEhWekluMD9hcGktdmVyc2lvbj0yMDE2LTAyLTAx",
      "RequestMethod": "GET",
      "RequestBody": "",
      "RequestHeaders": {
        "x-ms-version": [
          "2016-02-01"
        ],
        "User-Agent": [
          "Microsoft.Azure.Management.Resources.ResourceManagementClient/2.0.0.0"
        ]
      },
      "ResponseBody": "",
      "ResponseHeaders": {
        "Content-Length": [
          "0"
        ],
        "Expires": [
          "-1"
        ],
        "Pragma": [
          "no-cache"
        ],
        "Retry-After": [
          "15"
        ],
        "x-ms-ratelimit-remaining-subscription-reads": [
          "14999"
        ],
        "x-ms-request-id": [
          "4baf5620-aaf3-4975-b78f-820541ca49ad"
        ],
        "x-ms-correlation-request-id": [
          "4baf5620-aaf3-4975-b78f-820541ca49ad"
        ],
        "x-ms-routing-request-id": [
          "CENTRALUS:20171101T005437Z:4baf5620-aaf3-4975-b78f-820541ca49ad"
        ],
        "Strict-Transport-Security": [
          "max-age=31536000; includeSubDomains"
        ],
        "Cache-Control": [
          "no-cache"
        ],
        "Date": [
          "Wed, 01 Nov 2017 00:54:37 GMT"
        ],
        "Location": [
          "https://api-dogfood.resources.windows-int.net/subscriptions/3cfb1b34-e5a9-4f98-bf9c-e4d69a6b170c/operationresults/eyJqb2JJZCI6IlJFU09VUkNFR1JPVVBERUxFVElPTkpPQi1PTkVTREszMzg4LVdFU1RVUyIsImpvYkxvY2F0aW9uIjoid2VzdHVzIn0?api-version=2016-02-01"
        ]
      },
      "StatusCode": 202
    },
    {
      "RequestUri": "/subscriptions/3cfb1b34-e5a9-4f98-bf9c-e4d69a6b170c/operationresults/eyJqb2JJZCI6IlJFU09VUkNFR1JPVVBERUxFVElPTkpPQi1PTkVTREszMzg4LVdFU1RVUyIsImpvYkxvY2F0aW9uIjoid2VzdHVzIn0?api-version=2016-02-01",
      "EncodedRequestUri": "L3N1YnNjcmlwdGlvbnMvM2NmYjFiMzQtZTVhOS00Zjk4LWJmOWMtZTRkNjlhNmIxNzBjL29wZXJhdGlvbnJlc3VsdHMvZXlKcWIySkpaQ0k2SWxKRlUwOVZVa05GUjFKUFZWQkVSVXhGVkVsUFRrcFBRaTFQVGtWVFJFc3pNemc0TFZkRlUxUlZVeUlzSW1wdllreHZZMkYwYVc5dUlqb2lkMlZ6ZEhWekluMD9hcGktdmVyc2lvbj0yMDE2LTAyLTAx",
      "RequestMethod": "GET",
      "RequestBody": "",
      "RequestHeaders": {
        "x-ms-version": [
          "2016-02-01"
        ],
        "User-Agent": [
          "Microsoft.Azure.Management.Resources.ResourceManagementClient/2.0.0.0"
        ]
      },
      "ResponseBody": "",
      "ResponseHeaders": {
        "Content-Length": [
          "0"
        ],
        "Expires": [
          "-1"
        ],
        "Pragma": [
          "no-cache"
        ],
        "Retry-After": [
          "15"
        ],
        "x-ms-ratelimit-remaining-subscription-reads": [
          "14998"
        ],
        "x-ms-request-id": [
          "42b86d0d-f386-4282-9b53-42287e6a98f0"
        ],
        "x-ms-correlation-request-id": [
          "42b86d0d-f386-4282-9b53-42287e6a98f0"
        ],
        "x-ms-routing-request-id": [
          "CENTRALUS:20171101T005453Z:42b86d0d-f386-4282-9b53-42287e6a98f0"
        ],
        "Strict-Transport-Security": [
          "max-age=31536000; includeSubDomains"
        ],
        "Cache-Control": [
          "no-cache"
        ],
        "Date": [
          "Wed, 01 Nov 2017 00:54:53 GMT"
        ],
        "Location": [
          "https://api-dogfood.resources.windows-int.net/subscriptions/3cfb1b34-e5a9-4f98-bf9c-e4d69a6b170c/operationresults/eyJqb2JJZCI6IlJFU09VUkNFR1JPVVBERUxFVElPTkpPQi1PTkVTREszMzg4LVdFU1RVUyIsImpvYkxvY2F0aW9uIjoid2VzdHVzIn0?api-version=2016-02-01"
        ]
      },
      "StatusCode": 202
    },
    {
      "RequestUri": "/subscriptions/3cfb1b34-e5a9-4f98-bf9c-e4d69a6b170c/operationresults/eyJqb2JJZCI6IlJFU09VUkNFR1JPVVBERUxFVElPTkpPQi1PTkVTREszMzg4LVdFU1RVUyIsImpvYkxvY2F0aW9uIjoid2VzdHVzIn0?api-version=2016-02-01",
      "EncodedRequestUri": "L3N1YnNjcmlwdGlvbnMvM2NmYjFiMzQtZTVhOS00Zjk4LWJmOWMtZTRkNjlhNmIxNzBjL29wZXJhdGlvbnJlc3VsdHMvZXlKcWIySkpaQ0k2SWxKRlUwOVZVa05GUjFKUFZWQkVSVXhGVkVsUFRrcFBRaTFQVGtWVFJFc3pNemc0TFZkRlUxUlZVeUlzSW1wdllreHZZMkYwYVc5dUlqb2lkMlZ6ZEhWekluMD9hcGktdmVyc2lvbj0yMDE2LTAyLTAx",
      "RequestMethod": "GET",
      "RequestBody": "",
      "RequestHeaders": {
        "x-ms-version": [
          "2016-02-01"
        ],
        "User-Agent": [
          "Microsoft.Azure.Management.Resources.ResourceManagementClient/2.0.0.0"
        ]
      },
      "ResponseBody": "",
      "ResponseHeaders": {
        "Content-Length": [
          "0"
        ],
        "Expires": [
          "-1"
        ],
        "Pragma": [
          "no-cache"
        ],
        "x-ms-ratelimit-remaining-subscription-reads": [
          "14997"
        ],
        "x-ms-request-id": [
          "2db02c24-650c-4d7f-b595-a370704ceee7"
        ],
        "x-ms-correlation-request-id": [
          "2db02c24-650c-4d7f-b595-a370704ceee7"
        ],
        "x-ms-routing-request-id": [
          "CENTRALUS:20171101T005509Z:2db02c24-650c-4d7f-b595-a370704ceee7"
        ],
        "Strict-Transport-Security": [
          "max-age=31536000; includeSubDomains"
        ],
        "Cache-Control": [
          "no-cache"
        ],
        "Date": [
          "Wed, 01 Nov 2017 00:55:08 GMT"
        ]
      },
      "StatusCode": 200
    }
  ],
  "Names": {
    "Test-RecordSetA": [
      "onesdk9332",
      "onesdk3119",
      "onesdk3388"
    ]
  },
  "Variables": {
    "SubscriptionId": "3cfb1b34-e5a9-4f98-bf9c-e4d69a6b170c"
  }
}