{
  "Entries": [
    {
      "RequestUri": "/subscriptions/5250dd92-b580-46be-b327-e6596c8de196/resourcegroups/onesdk4510?api-version=2016-02-01",
      "EncodedRequestUri": "L3N1YnNjcmlwdGlvbnMvNTI1MGRkOTItYjU4MC00NmJlLWIzMjctZTY1OTZjOGRlMTk2L3Jlc291cmNlZ3JvdXBzL29uZXNkazQ1MTA/YXBpLXZlcnNpb249MjAxNi0wMi0wMQ==",
      "RequestMethod": "PUT",
      "RequestBody": "{\r\n  \"location\": \"West US\"\r\n}",
      "RequestHeaders": {
        "Content-Type": [
          "application/json; charset=utf-8"
        ],
        "Content-Length": [
          "29"
        ],
        "User-Agent": [
          "Microsoft.Azure.Management.Resources.ResourceManagementClient/2.0.0.0"
        ]
      },
      "ResponseBody": "{\r\n  \"id\": \"/subscriptions/5250dd92-b580-46be-b327-e6596c8de196/resourceGroups/onesdk4510\",\r\n  \"name\": \"onesdk4510\",\r\n  \"location\": \"westus\",\r\n  \"properties\": {\r\n    \"provisioningState\": \"Succeeded\"\r\n  }\r\n}",
      "ResponseHeaders": {
        "Content-Length": [
          "173"
        ],
        "Content-Type": [
          "application/json; charset=utf-8"
        ],
        "Expires": [
          "-1"
        ],
        "Pragma": [
          "no-cache"
        ],
        "x-ms-ratelimit-remaining-subscription-writes": [
          "1199"
        ],
        "x-ms-request-id": [
          "be797f55-8b2f-4087-85d6-d3cf36f40b91"
        ],
        "x-ms-correlation-request-id": [
          "be797f55-8b2f-4087-85d6-d3cf36f40b91"
        ],
        "x-ms-routing-request-id": [
          "CENTRALUS:20160726T000008Z:be797f55-8b2f-4087-85d6-d3cf36f40b91"
        ],
        "Strict-Transport-Security": [
          "max-age=31536000; includeSubDomains"
        ],
        "Cache-Control": [
          "no-cache"
        ],
        "Date": [
          "Tue, 26 Jul 2016 00:00:08 GMT"
        ]
      },
      "StatusCode": 201
    },
    {
      "RequestUri": "/subscriptions/5250dd92-b580-46be-b327-e6596c8de196/resourceGroups/onesdk4510/providers/Microsoft.Logic/workflows/onesdk6970?api-version=2016-06-01",
      "EncodedRequestUri": "L3N1YnNjcmlwdGlvbnMvNTI1MGRkOTItYjU4MC00NmJlLWIzMjctZTY1OTZjOGRlMTk2L3Jlc291cmNlR3JvdXBzL29uZXNkazQ1MTAvcHJvdmlkZXJzL01pY3Jvc29mdC5Mb2dpYy93b3JrZmxvd3Mvb25lc2RrNjk3MD9hcGktdmVyc2lvbj0yMDE2LTA2LTAx",
      "RequestMethod": "GET",
      "RequestBody": "",
      "RequestHeaders": {
        "x-ms-client-request-id": [
          "ca181ff2-74d5-4556-a59f-c3e3c163e0de"
        ],
        "accept-language": [
          "en-US"
        ],
        "User-Agent": [
          "Microsoft.Azure.Management.Logic.LogicManagementClient/0.2.2.0"
        ]
      },
      "ResponseBody": "{\r\n  \"error\": {\r\n    \"code\": \"ResourceNotFound\",\r\n    \"message\": \"The Resource 'Microsoft.Logic/workflows/onesdk6970' under resource group 'onesdk4510' was not found.\"\r\n  }\r\n}",
      "ResponseHeaders": {
        "Content-Length": [
          "150"
        ],
        "Content-Type": [
          "application/json; charset=utf-8"
        ],
        "Expires": [
          "-1"
        ],
        "Pragma": [
          "no-cache"
        ],
        "x-ms-failure-cause": [
          "gateway"
        ],
        "x-ms-request-id": [
          "bde8d961-b441-497a-b8c0-70023ed23659"
        ],
        "x-ms-correlation-request-id": [
          "bde8d961-b441-497a-b8c0-70023ed23659"
        ],
        "x-ms-routing-request-id": [
          "CENTRALUS:20160726T000016Z:bde8d961-b441-497a-b8c0-70023ed23659"
        ],
        "Strict-Transport-Security": [
          "max-age=31536000; includeSubDomains"
        ],
        "Cache-Control": [
          "no-cache"
        ],
        "Date": [
          "Tue, 26 Jul 2016 00:00:15 GMT"
        ]
      },
      "StatusCode": 404
    },
    {
      "RequestUri": "/subscriptions/5250dd92-b580-46be-b327-e6596c8de196/resourceGroups/onesdk4510/providers/Microsoft.Logic/workflows/onesdk6970?api-version=2016-06-01",
      "EncodedRequestUri": "L3N1YnNjcmlwdGlvbnMvNTI1MGRkOTItYjU4MC00NmJlLWIzMjctZTY1OTZjOGRlMTk2L3Jlc291cmNlR3JvdXBzL29uZXNkazQ1MTAvcHJvdmlkZXJzL01pY3Jvc29mdC5Mb2dpYy93b3JrZmxvd3Mvb25lc2RrNjk3MD9hcGktdmVyc2lvbj0yMDE2LTA2LTAx",
      "RequestMethod": "PUT",
      "RequestBody": "{\r\n  \"properties\": {\r\n    \"state\": \"Enabled\",\r\n    \"definition\": {\r\n      \"$schema\": \"https://schema.management.azure.com/providers/Microsoft.Logic/schemas/2015-08-01-preview/workflowdefinition.json#\",\r\n      \"contentVersion\": \"1.0.0.0\",\r\n      \"parameters\": {\r\n        \"runworkflowmanually\": {\r\n          \"type\": \"bool\",\r\n          \"defaultValue\": true\r\n        },\r\n        \"destinationUri\": {\r\n          \"type\": \"string\",\r\n          \"defaultValue\": \"http://tempuri.org\"\r\n        }\r\n      },\r\n      \"triggers\": {\r\n        \"manualTrigger\": {\r\n          \"type\": \"Manual\"\r\n        }\r\n      },\r\n      \"actions\": {\r\n        \"http\": {\r\n          \"type\": \"Http\",\r\n          \"inputs\": {\r\n            \"method\": \"POST\",\r\n            \"uri\": \"@parameters('destinationUri')\",\r\n            \"body\": \"Test\"\r\n          },\r\n          \"conditions\": []\r\n        }\r\n      },\r\n      \"outputs\": {}\r\n    },\r\n    \"parameters\": {\r\n      \"destinationUri\": {\r\n        \"value\": \"http://requestb.in/1kj7g8e1\"\r\n      }\r\n    }\r\n  },\r\n  \"location\": \"westus\"\r\n}",
      "RequestHeaders": {
        "Content-Type": [
          "application/json; charset=utf-8"
        ],
        "Content-Length": [
          "1028"
        ],
        "x-ms-client-request-id": [
          "36d65312-f135-486e-8625-c7cdb48a9355"
        ],
        "accept-language": [
          "en-US"
        ],
        "User-Agent": [
          "Microsoft.Azure.Management.Logic.LogicManagementClient/0.2.2.0"
        ]
      },
      "ResponseBody": "{\r\n  \"properties\": {\r\n    \"provisioningState\": \"Succeeded\",\r\n    \"createdTime\": \"2016-07-26T00:00:17.0552242Z\",\r\n    \"changedTime\": \"2016-07-26T00:00:17.0552242Z\",\r\n    \"state\": \"Enabled\",\r\n    \"version\": \"08587321156684603554\",\r\n    \"accessEndpoint\": \"https://prod-10.westus.logic.azure.com:443/workflows/2e403dc6de9d4fa096cfc619cde10731\",\r\n    \"definition\": {\r\n      \"$schema\": \"https://schema.management.azure.com/providers/Microsoft.Logic/schemas/2015-08-01-preview/workflowdefinition.json#\",\r\n      \"contentVersion\": \"1.0.0.0\",\r\n      \"parameters\": {\r\n        \"runworkflowmanually\": {\r\n          \"defaultValue\": true,\r\n          \"type\": \"Bool\"\r\n        },\r\n        \"destinationUri\": {\r\n          \"defaultValue\": \"http://tempuri.org\",\r\n          \"type\": \"String\"\r\n        }\r\n      },\r\n      \"triggers\": {\r\n        \"manualTrigger\": {\r\n          \"type\": \"Manual\"\r\n        }\r\n      },\r\n      \"actions\": {\r\n        \"http\": {\r\n          \"type\": \"Http\",\r\n          \"inputs\": {\r\n            \"method\": \"POST\",\r\n            \"uri\": \"@parameters('destinationUri')\",\r\n            \"body\": \"Test\"\r\n          },\r\n          \"conditions\": []\r\n        }\r\n      },\r\n      \"outputs\": {}\r\n    },\r\n    \"parameters\": {\r\n      \"destinationUri\": {\r\n        \"value\": \"http://requestb.in/1kj7g8e1\"\r\n      }\r\n    }\r\n  },\r\n  \"id\": \"/subscriptions/5250dd92-b580-46be-b327-e6596c8de196/resourceGroups/onesdk4510/providers/Microsoft.Logic/workflows/onesdk6970\",\r\n  \"name\": \"onesdk6970\",\r\n  \"type\": \"Microsoft.Logic/workflows\",\r\n  \"location\": \"westus\"\r\n}",
      "ResponseHeaders": {
        "Content-Length": [
          "1075"
        ],
        "Content-Type": [
          "application/json; charset=utf-8"
        ],
        "Expires": [
          "-1"
        ],
        "Pragma": [
          "no-cache"
        ],
        "x-ms-request-id": [
          "westus:75874b4b-6050-42e3-b233-cb3832bb2a8e"
        ],
        "Strict-Transport-Security": [
          "max-age=31536000; includeSubDomains"
        ],
        "x-ms-ratelimit-remaining-subscription-writes": [
          "1199"
        ],
        "x-ms-correlation-request-id": [
          "7349067e-e6d8-43fb-a5df-0801f2e3d1df"
        ],
        "x-ms-routing-request-id": [
          "CENTRALUS:20160726T000017Z:7349067e-e6d8-43fb-a5df-0801f2e3d1df"
        ],
        "Cache-Control": [
          "no-cache"
        ],
        "Date": [
          "Tue, 26 Jul 2016 00:00:16 GMT"
        ]
      },
      "StatusCode": 201
    },
    {
      "RequestUri": "/subscriptions/5250dd92-b580-46be-b327-e6596c8de196/resourceGroups/onesdk4510/providers/Microsoft.Logic/locations/northeurope/workflows/onesdk6970/validate?api-version=2016-06-01",
      "EncodedRequestUri": "L3N1YnNjcmlwdGlvbnMvNTI1MGRkOTItYjU4MC00NmJlLWIzMjctZTY1OTZjOGRlMTk2L3Jlc291cmNlR3JvdXBzL29uZXNkazQ1MTAvcHJvdmlkZXJzL01pY3Jvc29mdC5Mb2dpYy9sb2NhdGlvbnMvbm9ydGhldXJvcGUvd29ya2Zsb3dzL29uZXNkazY5NzAvdmFsaWRhdGU/YXBpLXZlcnNpb249MjAxNi0wNi0wMQ==",
      "RequestMethod": "POST",
      "RequestBody": "{\r\n  \"properties\": {\r\n    \"state\": \"Enabled\",\r\n    \"definition\": {\r\n      \"$schema\": \"https://schema.management.azure.com/providers/Microsoft.Logic/schemas/2015-08-01-preview/workflowdefinition.json#\",\r\n      \"contentVersion\": \"1.0.0.0\",\r\n      \"parameters\": {\r\n        \"runworkflowmanually\": {\r\n          \"type\": \"bool\",\r\n          \"defaultValue\": true\r\n        },\r\n        \"destinationUri\": {\r\n          \"type\": \"string\",\r\n          \"defaultValue\": \"http://tempuri.org\"\r\n        }\r\n      },\r\n      \"triggers\": {\r\n        \"manualTrigger\": {\r\n          \"type\": \"Manual\"\r\n        }\r\n      },\r\n      \"actions\": {\r\n        \"http\": {\r\n          \"type\": \"Http\",\r\n          \"inputs\": {\r\n            \"method\": \"POST\",\r\n            \"uri\": \"@parameters('destinationUri')\",\r\n            \"body\": \"Test\"\r\n          },\r\n          \"conditions\": []\r\n        }\r\n      },\r\n      \"outputs\": {}\r\n    },\r\n    \"parameters\": {\r\n      \"destinationUri\": {\r\n        \"value\": \"http://requestb.in/1kj7g8e1\"\r\n      }\r\n    }\r\n  },\r\n  \"location\": \"northeurope\"\r\n}",
      "RequestHeaders": {
        "Content-Type": [
          "application/json; charset=utf-8"
        ],
        "Content-Length": [
          "1033"
        ],
        "x-ms-client-request-id": [
          "73b7ed63-499b-49b2-87f5-ef189a6b404c"
        ],
        "accept-language": [
          "en-US"
        ],
        "User-Agent": [
          "Microsoft.Azure.Management.Logic.LogicManagementClient/0.2.2.0"
        ]
      },
      "ResponseBody": "",
      "ResponseHeaders": {
        "Content-Length": [
          "0"
        ],
        "Expires": [
          "-1"
        ],
        "Pragma": [
          "no-cache"
        ],
        "x-ms-request-id": [
          "northeurope:25356f51-b292-4d81-92fb-84cf29f39948"
        ],
        "Strict-Transport-Security": [
          "max-age=31536000; includeSubDomains"
        ],
        "x-ms-ratelimit-remaining-subscription-writes": [
          "1198"
        ],
        "x-ms-correlation-request-id": [
          "2f276ee8-a314-4c5e-a6f1-1cf740838751"
        ],
        "x-ms-routing-request-id": [
          "CENTRALUS:20160726T000018Z:2f276ee8-a314-4c5e-a6f1-1cf740838751"
        ],
        "Cache-Control": [
          "no-cache"
        ],
        "Date": [
          "Tue, 26 Jul 2016 00:00:17 GMT"
        ]
      },
      "StatusCode": 200
    },
    {
      "RequestUri": "/subscriptions/5250dd92-b580-46be-b327-e6596c8de196/resourceGroups/onesdk4510/providers/Microsoft.Logic/locations/northeurope/workflows/onesdk6970/validate?api-version=2016-06-01",
      "EncodedRequestUri": "L3N1YnNjcmlwdGlvbnMvNTI1MGRkOTItYjU4MC00NmJlLWIzMjctZTY1OTZjOGRlMTk2L3Jlc291cmNlR3JvdXBzL29uZXNkazQ1MTAvcHJvdmlkZXJzL01pY3Jvc29mdC5Mb2dpYy9sb2NhdGlvbnMvbm9ydGhldXJvcGUvd29ya2Zsb3dzL29uZXNkazY5NzAvdmFsaWRhdGU/YXBpLXZlcnNpb249MjAxNi0wNi0wMQ==",
      "RequestMethod": "POST",
      "RequestBody": "{\r\n  \"properties\": {\r\n    \"state\": \"Enabled\",\r\n    \"definition\": {\r\n      \"$schema\": \"https://schema.management.azure.com/providers/Microsoft.Logic/schemas/2015-08-01-preview/workflowdefinition.json#\",\r\n      \"contentVersion\": \"1.0.0.0\",\r\n      \"parameters\": {\r\n        \"runworkflowmanually\": {\r\n          \"type\": \"bool\",\r\n          \"defaultValue\": true\r\n        },\r\n        \"destinationUri\": {\r\n          \"type\": \"string\",\r\n          \"defaultValue\": \"http://tempuri.org\"\r\n        }\r\n      },\r\n      \"triggers\": {\r\n        \"manualTrigger\": {\r\n          \"type\": \"Manual\"\r\n        }\r\n      },\r\n      \"actions\": {\r\n        \"http\": {\r\n          \"type\": \"Http\",\r\n          \"inputs\": {\r\n            \"method\": \"POST\",\r\n            \"uri\": \"@parameters('destinationUri')\",\r\n            \"body\": \"Test\"\r\n          },\r\n          \"conditions\": []\r\n        }\r\n      },\r\n      \"outputs\": {}\r\n    },\r\n    \"parameters\": {\r\n      \"destinationUri\": {\r\n        \"value\": \"http://requestb.in/1kj7g8e1\"\r\n      }\r\n    }\r\n  },\r\n  \"location\": \"northeurope\"\r\n}",
      "RequestHeaders": {
        "Content-Type": [
          "application/json; charset=utf-8"
        ],
        "Content-Length": [
          "1033"
        ],
        "x-ms-client-request-id": [
          "ec745608-a720-4686-a5c0-6f393061e947"
        ],
        "accept-language": [
          "en-US"
        ],
        "User-Agent": [
          "Microsoft.Azure.Management.Logic.LogicManagementClient/0.2.2.0"
        ]
      },
      "ResponseBody": "",
      "ResponseHeaders": {
        "Content-Length": [
          "0"
        ],
        "Expires": [
          "-1"
        ],
        "Pragma": [
          "no-cache"
        ],
        "x-ms-request-id": [
          "northeurope:52991aed-1410-48d7-be43-0a7cb2f53ee8"
        ],
        "Strict-Transport-Security": [
          "max-age=31536000; includeSubDomains"
        ],
        "x-ms-ratelimit-remaining-subscription-writes": [
          "1197"
        ],
        "x-ms-correlation-request-id": [
          "a9b2262f-5564-44e9-937d-b2ef8914f8e7"
        ],
        "x-ms-routing-request-id": [
          "CENTRALUS:20160726T000018Z:a9b2262f-5564-44e9-937d-b2ef8914f8e7"
        ],
        "Cache-Control": [
          "no-cache"
        ],
        "Date": [
          "Tue, 26 Jul 2016 00:00:17 GMT"
        ]
      },
      "StatusCode": 200
    },
    {
      "RequestUri": "/subscriptions/5250dd92-b580-46be-b327-e6596c8de196/resourceGroups/onesdk4510/providers/Microsoft.Logic/locations/northeurope/workflows/onesdk6970/validate?api-version=2016-06-01",
      "EncodedRequestUri": "L3N1YnNjcmlwdGlvbnMvNTI1MGRkOTItYjU4MC00NmJlLWIzMjctZTY1OTZjOGRlMTk2L3Jlc291cmNlR3JvdXBzL29uZXNkazQ1MTAvcHJvdmlkZXJzL01pY3Jvc29mdC5Mb2dpYy9sb2NhdGlvbnMvbm9ydGhldXJvcGUvd29ya2Zsb3dzL29uZXNkazY5NzAvdmFsaWRhdGU/YXBpLXZlcnNpb249MjAxNi0wNi0wMQ==",
      "RequestMethod": "POST",
      "RequestBody": "{\r\n  \"properties\": {\r\n    \"state\": \"Enabled\",\r\n    \"definition\": {}\r\n  },\r\n  \"location\": \"northeurope\"\r\n}",
      "RequestHeaders": {
        "Content-Type": [
          "application/json; charset=utf-8"
        ],
        "Content-Length": [
          "105"
        ],
        "x-ms-client-request-id": [
          "9c03a616-1e10-4e62-93fd-d3a49b87766e"
        ],
        "accept-language": [
          "en-US"
        ],
        "User-Agent": [
          "Microsoft.Azure.Management.Logic.LogicManagementClient/0.2.2.0"
        ]
      },
      "ResponseBody": "{\r\n  \"error\": {\r\n    \"code\": \"InvalidRequestContent\",\r\n    \"message\": \"The request content is not valid and could not be deserialized: 'Required property '$schema' not found in JSON. Path 'properties.definition', line 4, position 20.'.\"\r\n  }\r\n}",
      "ResponseHeaders": {
        "Content-Length": [
          "219"
        ],
        "Content-Type": [
          "application/json; charset=utf-8"
        ],
        "Expires": [
          "-1"
        ],
        "Pragma": [
          "no-cache"
        ],
        "x-ms-request-id": [
          "northeurope:ff1e93d9-013b-436d-9842-675944000e1c"
        ],
        "Strict-Transport-Security": [
          "max-age=31536000; includeSubDomains"
        ],
        "x-ms-ratelimit-remaining-subscription-writes": [
          "1196"
        ],
        "x-ms-correlation-request-id": [
          "7a84f577-7636-494b-9188-e192471d6e4c"
        ],
        "x-ms-routing-request-id": [
          "CENTRALUS:20160726T000019Z:7a84f577-7636-494b-9188-e192471d6e4c"
        ],
        "Cache-Control": [
          "no-cache"
        ],
        "Date": [
          "Tue, 26 Jul 2016 00:00:18 GMT"
        ]
      },
      "StatusCode": 400
    },
    {
      "RequestUri": "/subscriptions/5250dd92-b580-46be-b327-e6596c8de196/resourceGroups/onesdk4510/providers/Microsoft.Logic/workflows/onesdk6970?api-version=2016-06-01",
      "EncodedRequestUri": "L3N1YnNjcmlwdGlvbnMvNTI1MGRkOTItYjU4MC00NmJlLWIzMjctZTY1OTZjOGRlMTk2L3Jlc291cmNlR3JvdXBzL29uZXNkazQ1MTAvcHJvdmlkZXJzL01pY3Jvc29mdC5Mb2dpYy93b3JrZmxvd3Mvb25lc2RrNjk3MD9hcGktdmVyc2lvbj0yMDE2LTA2LTAx",
      "RequestMethod": "DELETE",
      "RequestBody": "",
      "RequestHeaders": {
        "x-ms-client-request-id": [
          "f64c79a8-7cad-43c1-80e1-c8b68d1afa54"
        ],
        "accept-language": [
          "en-US"
        ],
        "User-Agent": [
          "Microsoft.Azure.Management.Logic.LogicManagementClient/0.2.2.0"
        ]
      },
      "ResponseBody": "",
      "ResponseHeaders": {
        "Content-Length": [
          "0"
        ],
        "Expires": [
          "-1"
        ],
        "Pragma": [
          "no-cache"
        ],
        "x-ms-request-id": [
          "westus:21903941-df05-4759-a5e2-28d2a3c56785"
        ],
        "Strict-Transport-Security": [
          "max-age=31536000; includeSubDomains"
        ],
        "x-ms-ratelimit-remaining-subscription-writes": [
          "1195"
        ],
        "x-ms-correlation-request-id": [
          "54289a6c-f599-4426-98b3-bd441e6bbc84"
        ],
        "x-ms-routing-request-id": [
          "CENTRALUS:20160726T000019Z:54289a6c-f599-4426-98b3-bd441e6bbc84"
        ],
        "Cache-Control": [
          "no-cache"
        ],
        "Date": [
          "Tue, 26 Jul 2016 00:00:18 GMT"
        ]
      },
      "StatusCode": 200
    }
  ],
  "Names": {
    "Test-ValidateLogicApp": [
      "onesdk4510",
      "onesdk6970"
    ]
  },
  "Variables": {
    "SubscriptionId": "5250dd92-b580-46be-b327-e6596c8de196"
  }
}