{
  "Entries": [
    {
      "RequestUri": "/subscriptions/57b7034d-72d4-433d-ace2-a7460aed6a99/resourcegroups/onesdk1728?api-version=2014-04-01-preview",
      "EncodedRequestUri": "L3N1YnNjcmlwdGlvbnMvNTdiNzAzNGQtNzJkNC00MzNkLWFjZTItYTc0NjBhZWQ2YTk5L3Jlc291cmNlZ3JvdXBzL29uZXNkazE3Mjg/YXBpLXZlcnNpb249MjAxNC0wNC0wMS1wcmV2aWV3",
      "RequestMethod": "HEAD",
      "RequestBody": "",
      "RequestHeaders": {
        "User-Agent": [
          "Microsoft.Azure.Management.Resources.ResourceManagementClient/2.0.0.0"
        ]
      },
      "ResponseBody": "",
      "ResponseHeaders": {
        "Content-Length": [
          "102"
        ],
        "Content-Type": [
          "application/json; charset=utf-8"
        ],
        "Expires": [
          "-1"
        ],
        "Pragma": [
          "no-cache"
        ],
        "x-ms-failure-cause": [
          "gateway"
        ],
        "x-ms-ratelimit-remaining-subscription-reads": [
          "14958"
        ],
        "x-ms-request-id": [
          "841c8d8c-15e3-488b-93fa-a7e9b700abd7"
        ],
        "x-ms-correlation-request-id": [
          "841c8d8c-15e3-488b-93fa-a7e9b700abd7"
        ],
        "x-ms-routing-request-id": [
          "WESTUS:20160129T222016Z:841c8d8c-15e3-488b-93fa-a7e9b700abd7"
        ],
        "Strict-Transport-Security": [
          "max-age=31536000; includeSubDomains"
        ],
        "Cache-Control": [
          "no-cache"
        ],
        "Date": [
          "Fri, 29 Jan 2016 22:20:16 GMT"
        ]
      },
      "StatusCode": 404
    },
    {
      "RequestUri": "/subscriptions/57b7034d-72d4-433d-ace2-a7460aed6a99/resourcegroups/onesdk1728?api-version=2014-04-01-preview",
      "EncodedRequestUri": "L3N1YnNjcmlwdGlvbnMvNTdiNzAzNGQtNzJkNC00MzNkLWFjZTItYTc0NjBhZWQ2YTk5L3Jlc291cmNlZ3JvdXBzL29uZXNkazE3Mjg/YXBpLXZlcnNpb249MjAxNC0wNC0wMS1wcmV2aWV3",
      "RequestMethod": "PUT",
      "RequestBody": "{\r\n  \"location\": \"West US\"\r\n}",
      "RequestHeaders": {
        "Content-Type": [
          "application/json; charset=utf-8"
        ],
        "Content-Length": [
          "29"
        ],
        "User-Agent": [
          "Microsoft.Azure.Management.Resources.ResourceManagementClient/2.0.0.0"
        ]
      },
      "ResponseBody": "{\r\n  \"id\": \"/subscriptions/57b7034d-72d4-433d-ace2-a7460aed6a99/resourceGroups/onesdk1728\",\r\n  \"name\": \"onesdk1728\",\r\n  \"location\": \"westus\",\r\n  \"properties\": {\r\n    \"provisioningState\": \"Succeeded\"\r\n  }\r\n}",
      "ResponseHeaders": {
        "Content-Length": [
          "173"
        ],
        "Content-Type": [
          "application/json; charset=utf-8"
        ],
        "Expires": [
          "-1"
        ],
        "Pragma": [
          "no-cache"
        ],
        "x-ms-ratelimit-remaining-subscription-writes": [
          "1193"
        ],
        "x-ms-request-id": [
          "68b91c0e-2a48-45ee-bd97-0713d63339fb"
        ],
        "x-ms-correlation-request-id": [
          "68b91c0e-2a48-45ee-bd97-0713d63339fb"
        ],
        "x-ms-routing-request-id": [
          "WESTUS:20160129T222017Z:68b91c0e-2a48-45ee-bd97-0713d63339fb"
        ],
        "Strict-Transport-Security": [
          "max-age=31536000; includeSubDomains"
        ],
        "Cache-Control": [
          "no-cache"
        ],
        "Date": [
          "Fri, 29 Jan 2016 22:20:16 GMT"
        ]
      },
      "StatusCode": 201
    },
    {
      "RequestUri": "/subscriptions/57b7034d-72d4-433d-ace2-a7460aed6a99/resourceGroups/onesdk1728/resources?api-version=2014-04-01-preview",
      "EncodedRequestUri": "L3N1YnNjcmlwdGlvbnMvNTdiNzAzNGQtNzJkNC00MzNkLWFjZTItYTc0NjBhZWQ2YTk5L3Jlc291cmNlR3JvdXBzL29uZXNkazE3MjgvcmVzb3VyY2VzP2FwaS12ZXJzaW9uPTIwMTQtMDQtMDEtcHJldmlldw==",
      "RequestMethod": "GET",
      "RequestBody": "",
      "RequestHeaders": {
        "User-Agent": [
          "Microsoft.Azure.Management.Resources.ResourceManagementClient/2.0.0.0"
        ]
      },
      "ResponseBody": "{\r\n  \"value\": []\r\n}",
      "ResponseHeaders": {
        "Content-Length": [
          "12"
        ],
        "Content-Type": [
          "application/json; charset=utf-8"
        ],
        "Expires": [
          "-1"
        ],
        "Pragma": [
          "no-cache"
        ],
        "x-ms-ratelimit-remaining-subscription-reads": [
          "14957"
        ],
        "x-ms-request-id": [
          "dacca8fa-f84d-4991-a6ea-85cc55e31d75"
        ],
        "x-ms-correlation-request-id": [
          "dacca8fa-f84d-4991-a6ea-85cc55e31d75"
        ],
        "x-ms-routing-request-id": [
          "WESTUS:20160129T222017Z:dacca8fa-f84d-4991-a6ea-85cc55e31d75"
        ],
        "Strict-Transport-Security": [
          "max-age=31536000; includeSubDomains"
        ],
        "Cache-Control": [
          "no-cache"
        ],
        "Date": [
          "Fri, 29 Jan 2016 22:20:16 GMT"
        ]
      },
      "StatusCode": 200
    },
    {
      "RequestUri": "/subscriptions/57b7034d-72d4-433d-ace2-a7460aed6a99/resourceGroups/onesdk1728/providers/Microsoft.Web/serverfarms/StandardServicePlan?api-version=2015-08-01",
      "EncodedRequestUri": "L3N1YnNjcmlwdGlvbnMvNTdiNzAzNGQtNzJkNC00MzNkLWFjZTItYTc0NjBhZWQ2YTk5L3Jlc291cmNlR3JvdXBzL29uZXNkazE3MjgvcHJvdmlkZXJzL01pY3Jvc29mdC5XZWIvc2VydmVyZmFybXMvU3RhbmRhcmRTZXJ2aWNlUGxhbj9hcGktdmVyc2lvbj0yMDE1LTA4LTAx",
      "RequestMethod": "GET",
      "RequestBody": "",
      "RequestHeaders": {
        "x-ms-client-request-id": [
          "e8e31df1-a428-40ec-9237-8601f8f17417"
        ],
        "accept-language": [
          "en-US"
        ],
        "User-Agent": [
          "Microsoft.Azure.Management.WebSites.WebSiteManagementClient/0.9.0.0"
        ],
        "Accept": [
          "application/json"
        ]
      },
      "ResponseBody": "{\r\n  \"id\": \"/subscriptions/57b7034d-72d4-433d-ace2-a7460aed6a99/resourceGroups/onesdk1728/providers/Microsoft.Web/serverfarms/StandardServicePlan\",\r\n  \"name\": \"StandardServicePlan\",\r\n  \"type\": \"Microsoft.Web/serverfarms\",\r\n  \"location\": \"West US\",\r\n  \"tags\": null,\r\n  \"properties\": {\r\n    \"serverFarmId\": 0,\r\n    \"name\": \"StandardServicePlan\",\r\n    \"workerSize\": 0,\r\n    \"workerSizeId\": 0,\r\n    \"numberOfWorkers\": 1,\r\n    \"currentWorkerSize\": 0,\r\n    \"currentWorkerSizeId\": 0,\r\n    \"currentNumberOfWorkers\": 1,\r\n    \"status\": 0,\r\n    \"webSpace\": \"onesdk1728-WestUSwebspace\",\r\n    \"subscription\": \"57b7034d-72d4-433d-ace2-a7460aed6a99\",\r\n    \"adminSiteName\": null,\r\n    \"hostingEnvironment\": null,\r\n    \"hostingEnvironmentProfile\": null,\r\n    \"maximumNumberOfWorkers\": 10,\r\n    \"planName\": \"VirtualDedicatedPlan\",\r\n    \"adminRuntimeSiteName\": null,\r\n    \"computeMode\": 0,\r\n    \"siteMode\": null,\r\n    \"geoRegion\": \"West US\",\r\n    \"perSiteScaling\": false,\r\n    \"numberOfSites\": 0,\r\n    \"hostingEnvironmentId\": null,\r\n    \"tags\": null,\r\n    \"kind\": null,\r\n    \"resourceGroup\": \"onesdk1728\"\r\n  },\r\n  \"sku\": {\r\n    \"name\": \"S1\",\r\n    \"tier\": \"Standard\",\r\n    \"size\": \"S1\",\r\n    \"family\": \"S\",\r\n    \"capacity\": 1\r\n  }\r\n}",
      "ResponseHeaders": {
        "Content-Length": [
          "951"
        ],
        "Content-Type": [
          "application/json"
        ],
        "Expires": [
          "-1"
        ],
        "Pragma": [
          "no-cache"
        ],
        "Strict-Transport-Security": [
          "max-age=31536000; includeSubDomains"
        ],
        "x-ms-request-id": [
          "71602ba7-166b-48c8-844d-52cf8fff47ff"
        ],
        "x-ms-ratelimit-remaining-subscription-reads": [
          "14933"
        ],
        "x-ms-correlation-request-id": [
          "6125b943-68f3-42f4-9f0b-1d068ea7ee20"
        ],
        "x-ms-routing-request-id": [
          "WESTUS:20160129T222030Z:6125b943-68f3-42f4-9f0b-1d068ea7ee20"
        ],
        "Cache-Control": [
          "no-cache"
        ],
        "Date": [
          "Fri, 29 Jan 2016 22:20:29 GMT"
        ],
        "Server": [
          "Microsoft-IIS/8.0"
        ],
        "X-AspNet-Version": [
          "4.0.30319"
        ],
        "X-Powered-By": [
          "ASP.NET"
        ]
      },
      "StatusCode": 200
    },
    {
      "RequestUri": "/subscriptions/57b7034d-72d4-433d-ace2-a7460aed6a99/resourceGroups/onesdk1728/providers/Microsoft.Logic/workflows/onesdk3567?api-version=2015-02-01-preview",
      "EncodedRequestUri": "L3N1YnNjcmlwdGlvbnMvNTdiNzAzNGQtNzJkNC00MzNkLWFjZTItYTc0NjBhZWQ2YTk5L3Jlc291cmNlR3JvdXBzL29uZXNkazE3MjgvcHJvdmlkZXJzL01pY3Jvc29mdC5Mb2dpYy93b3JrZmxvd3Mvb25lc2RrMzU2Nz9hcGktdmVyc2lvbj0yMDE1LTAyLTAxLXByZXZpZXc=",
      "RequestMethod": "GET",
      "RequestBody": "",
      "RequestHeaders": {
        "x-ms-client-request-id": [
          "c4e64546-1238-4088-921a-43b0ef056e94"
        ],
        "accept-language": [
          "en-US"
        ],
        "User-Agent": [
          "Microsoft.Azure.Management.Logic.LogicManagementClient/0.1.0.0"
        ]
      },
      "ResponseBody": "{\r\n  \"error\": {\r\n    \"code\": \"ResourceNotFound\",\r\n    \"message\": \"The Resource 'Microsoft.Logic/workflows/onesdk3567' under resource group 'onesdk1728' was not found.\"\r\n  }\r\n}",
      "ResponseHeaders": {
        "Content-Length": [
          "150"
        ],
        "Content-Type": [
          "application/json; charset=utf-8"
        ],
        "Expires": [
          "-1"
        ],
        "Pragma": [
          "no-cache"
        ],
        "x-ms-failure-cause": [
          "gateway"
        ],
        "x-ms-request-id": [
          "e35c25c2-227c-4b1b-b064-5ef62ceeea2b"
        ],
        "x-ms-correlation-request-id": [
          "e35c25c2-227c-4b1b-b064-5ef62ceeea2b"
        ],
        "x-ms-routing-request-id": [
          "WESTUS:20160129T222030Z:e35c25c2-227c-4b1b-b064-5ef62ceeea2b"
        ],
        "Strict-Transport-Security": [
          "max-age=31536000; includeSubDomains"
        ],
        "Cache-Control": [
          "no-cache"
        ],
        "Date": [
          "Fri, 29 Jan 2016 22:20:29 GMT"
        ]
      },
      "StatusCode": 404
    },
    {
      "RequestUri": "/subscriptions/57b7034d-72d4-433d-ace2-a7460aed6a99/resourceGroups/onesdk1728/providers/Microsoft.Logic/workflows/onesdk3567?api-version=2015-02-01-preview",
      "EncodedRequestUri": "L3N1YnNjcmlwdGlvbnMvNTdiNzAzNGQtNzJkNC00MzNkLWFjZTItYTc0NjBhZWQ2YTk5L3Jlc291cmNlR3JvdXBzL29uZXNkazE3MjgvcHJvdmlkZXJzL01pY3Jvc29mdC5Mb2dpYy93b3JrZmxvd3Mvb25lc2RrMzU2Nz9hcGktdmVyc2lvbj0yMDE1LTAyLTAxLXByZXZpZXc=",
      "RequestMethod": "PUT",
      "RequestBody": "{\r\n  \"location\": \"West US\",\r\n  \"properties\": {\r\n    \"state\": \"Enabled\",\r\n    \"sku\": {\r\n      \"name\": \"Standard\",\r\n      \"plan\": {\r\n        \"id\": \"/subscriptions/57b7034d-72d4-433d-ace2-a7460aed6a99/resourceGroups/onesdk1728/providers/Microsoft.Web/serverfarms/StandardServicePlan\"\r\n      }\r\n    },\r\n    \"definition\": {\r\n      \"$schema\": \"https://schema.management.azure.com/providers/Microsoft.Logic/schemas/2014-12-01-preview/workflowdefinition.json#\",\r\n      \"contentVersion\": \"1.0.0.0\",\r\n      \"parameters\": {\r\n        \"runworkflowmanually\": {\r\n          \"type\": \"bool\",\r\n          \"defaultValue\": true\r\n        },\r\n        \"destinationUri\": {\r\n          \"type\": \"string\",\r\n          \"defaultValue\": \"http://tempuri.org\"\r\n        }\r\n      },\r\n      \"triggers\": {},\r\n      \"actions\": {\r\n        \"http\": {\r\n          \"type\": \"Http\",\r\n          \"inputs\": {\r\n            \"method\": \"POST\",\r\n            \"uri\": \"@parameters('destinationUri')\",\r\n            \"body\": \"Test\"\r\n          },\r\n          \"conditions\": []\r\n        }\r\n      },\r\n      \"outputs\": {}\r\n    },\r\n    \"parameters\": {\r\n      \"destinationUri\": {\r\n        \"value\": \"http://www.bing.com\"\r\n      }\r\n    }\r\n  }\r\n}",
      "RequestHeaders": {
        "Content-Type": [
          "application/json; charset=utf-8"
        ],
        "Content-Length": [
          "1172"
        ],
        "x-ms-client-request-id": [
          "73a056e6-a05c-4d02-aafe-554f634f2832"
        ],
        "accept-language": [
          "en-US"
        ],
        "User-Agent": [
          "Microsoft.Azure.Management.Logic.LogicManagementClient/0.1.0.0"
        ]
      },
      "ResponseBody": "{\r\n  \"properties\": {\r\n    \"provisioningState\": \"Succeeded\",\r\n    \"createdTime\": \"2016-01-29T22:20:32.4973472Z\",\r\n    \"changedTime\": \"2016-01-29T22:20:32.4973472Z\",\r\n    \"state\": \"Enabled\",\r\n    \"version\": \"08587475008531646505\",\r\n    \"accessEndpoint\": \"https://westus.logic.azure.com:443/subscriptions/57b7034d-72d4-433d-ace2-a7460aed6a99/resourcegroups/onesdk1728/providers/Microsoft.Logic/workflows/onesdk3567\",\r\n    \"sku\": {\r\n      \"name\": \"Standard\",\r\n      \"plan\": {\r\n        \"id\": \"/subscriptions/57b7034d-72d4-433d-ace2-a7460aed6a99/resourceGroups/onesdk1728/providers/Microsoft.Web/serverfarms/StandardServicePlan\",\r\n        \"type\": \"Microsoft.Web/ServerFarms\",\r\n        \"name\": \"StandardServicePlan\"\r\n      }\r\n    },\r\n    \"definition\": {\r\n      \"$schema\": \"https://schema.management.azure.com/providers/Microsoft.Logic/schemas/2014-12-01-preview/workflowdefinition.json#\",\r\n      \"contentVersion\": \"1.0.0.0\",\r\n      \"parameters\": {\r\n        \"runworkflowmanually\": {\r\n          \"defaultValue\": true,\r\n          \"type\": \"Bool\"\r\n        },\r\n        \"destinationUri\": {\r\n          \"defaultValue\": \"http://tempuri.org\",\r\n          \"type\": \"String\"\r\n        }\r\n      },\r\n      \"triggers\": {},\r\n      \"actions\": {\r\n        \"http\": {\r\n          \"type\": \"Http\",\r\n          \"inputs\": {\r\n            \"method\": \"POST\",\r\n            \"uri\": \"@parameters('destinationUri')\",\r\n            \"body\": \"Test\"\r\n          },\r\n          \"conditions\": []\r\n        }\r\n      },\r\n      \"outputs\": {}\r\n    },\r\n    \"parameters\": {\r\n      \"destinationUri\": {\r\n        \"value\": \"http://www.bing.com\"\r\n      }\r\n    }\r\n  },\r\n  \"id\": \"/subscriptions/57b7034d-72d4-433d-ace2-a7460aed6a99/resourceGroups/onesdk1728/providers/Microsoft.Logic/workflows/onesdk3567\",\r\n  \"name\": \"onesdk3567\",\r\n  \"type\": \"Microsoft.Logic/workflows\",\r\n  \"location\": \"West US\"\r\n}",
      "ResponseHeaders": {
        "Content-Length": [
          "1348"
        ],
        "Content-Type": [
          "application/json; charset=utf-8"
        ],
        "Expires": [
          "-1"
        ],
        "Pragma": [
          "no-cache"
        ],
        "x-ms-request-id": [
          "westus:e0f6b624-4933-4ac3-8f20-0e5678eb142b"
        ],
        "x-ms-ratelimit-remaining-subscription-writes": [
          "1199"
        ],
        "x-ms-correlation-request-id": [
          "81d9dde4-f645-426c-be7a-5a70efc1c82a"
        ],
        "x-ms-routing-request-id": [
          "WESTUS:20160129T222032Z:81d9dde4-f645-426c-be7a-5a70efc1c82a"
        ],
        "Strict-Transport-Security": [
          "max-age=31536000; includeSubDomains"
        ],
        "Cache-Control": [
          "no-cache"
        ],
        "Date": [
          "Fri, 29 Jan 2016 22:20:31 GMT"
        ]
      },
      "StatusCode": 201
    },
    {
      "RequestUri": "/subscriptions/57b7034d-72d4-433d-ace2-a7460aed6a99/resourceGroups/onesdk1728/providers/Microsoft.Logic/workflows/onesdk3567?api-version=2015-02-01-preview",
      "EncodedRequestUri": "L3N1YnNjcmlwdGlvbnMvNTdiNzAzNGQtNzJkNC00MzNkLWFjZTItYTc0NjBhZWQ2YTk5L3Jlc291cmNlR3JvdXBzL29uZXNkazE3MjgvcHJvdmlkZXJzL01pY3Jvc29mdC5Mb2dpYy93b3JrZmxvd3Mvb25lc2RrMzU2Nz9hcGktdmVyc2lvbj0yMDE1LTAyLTAxLXByZXZpZXc=",
      "RequestMethod": "DELETE",
      "RequestBody": "",
      "RequestHeaders": {
        "x-ms-client-request-id": [
          "172f9f3f-f08f-484c-a4b2-0347d45c6b0b"
        ],
        "accept-language": [
          "en-US"
        ],
        "User-Agent": [
          "Microsoft.Azure.Management.Logic.LogicManagementClient/0.1.0.0"
        ]
      },
      "ResponseBody": "",
      "ResponseHeaders": {
        "Content-Length": [
          "0"
        ],
        "Expires": [
          "-1"
        ],
        "Pragma": [
          "no-cache"
        ],
        "x-ms-request-id": [
          "westus:b20bcb11-b79e-4715-b900-693ec54cbab0"
        ],
        "x-ms-ratelimit-remaining-subscription-writes": [
          "1198"
        ],
        "x-ms-correlation-request-id": [
          "5c5e1e61-df6c-467f-a6ae-8d7f37d28ff9"
        ],
        "x-ms-routing-request-id": [
          "WESTUS:20160129T222033Z:5c5e1e61-df6c-467f-a6ae-8d7f37d28ff9"
        ],
        "Strict-Transport-Security": [
          "max-age=31536000; includeSubDomains"
        ],
        "Cache-Control": [
          "no-cache"
        ],
        "Date": [
          "Fri, 29 Jan 2016 22:20:32 GMT"
        ]
      },
      "StatusCode": 200
    }
  ],
  "Names": {
    "Test-CreateLogicAppUsingInputParameterAsHashTable": [
      "onesdk1728",
      "onesdk3567"
    ]
  },
  "Variables": {
    "SubscriptionId": "57b7034d-72d4-433d-ace2-a7460aed6a99"
  }
}