{
  "Entries": [
    {
      "RequestUri": "/24fb23e3-6ba3-41f0-9b6e-e41131d5d61e/services/storageservices",
      "EncodedRequestUri": "LzI0ZmIyM2UzLTZiYTMtNDFmMC05YjZlLWU0MTEzMWQ1ZDYxZS9zZXJ2aWNlcy9zdG9yYWdlc2VydmljZXM=",
      "RequestMethod": "POST",
      "RequestBody": "<CreateStorageServiceInput xmlns=\"http://schemas.microsoft.com/windowsazure\">\r\n  <ServiceName>onesdk9027</ServiceName>\r\n  <Description p2:nil=\"true\" xmlns:p2=\"http://www.w3.org/2001/XMLSchema-instance\" />\r\n  <Label>b25lc2RrOTAyNw==</Label>\r\n  <Location>Central US</Location>\r\n  <AccountType>Standard_GRS</AccountType>\r\n</CreateStorageServiceInput>",
      "RequestHeaders": {
        "Content-Type": [
          "application/xml"
        ],
        "Content-Length": [
          "347"
        ],
        "x-ms-version": [
          "2016-03-01"
        ],
        "User-Agent": [
          "Microsoft.WindowsAzure.Management.Storage.StorageManagementClient/6.0.0.0"
        ]
      },
      "ResponseBody": "",
      "ResponseHeaders": {
        "Content-Length": [
          "0"
        ],
        "x-ms-servedbyregion": [
          "ussouth3"
        ],
        "Strict-Transport-Security": [
          "max-age=31536000; includeSubDomains"
        ],
        "x-ms-request-id": [
          "924da2e7ecb7abeea7a7932ea1704b09"
        ],
        "Cache-Control": [
          "no-cache"
        ],
        "Date": [
          "Tue, 24 May 2016 10:41:32 GMT"
        ],
        "Location": [
          "https://management.core.windows.net/subscriptions/24fb23e3-6ba3-41f0-9b6e-e41131d5d61e/storage/onesdk9027"
        ],
        "Server": [
          "1.0.6198.382",
          "(rd_rdfe_stable.160516-1447)",
          "Microsoft-HTTPAPI/2.0"
        ]
      },
      "StatusCode": 202
    },
    {
      "RequestUri": "/24fb23e3-6ba3-41f0-9b6e-e41131d5d61e/operations/924da2e7ecb7abeea7a7932ea1704b09",
      "EncodedRequestUri": "LzI0ZmIyM2UzLTZiYTMtNDFmMC05YjZlLWU0MTEzMWQ1ZDYxZS9vcGVyYXRpb25zLzkyNGRhMmU3ZWNiN2FiZWVhN2E3OTMyZWExNzA0YjA5",
      "RequestMethod": "GET",
      "RequestBody": "",
      "RequestHeaders": {
        "x-ms-version": [
          "2016-03-01"
        ],
        "User-Agent": [
          "Microsoft.WindowsAzure.Management.Storage.StorageManagementClient/6.0.0.0"
        ]
      },
      "ResponseBody": "<Operation xmlns=\"http://schemas.microsoft.com/windowsazure\" xmlns:i=\"http://www.w3.org/2001/XMLSchema-instance\">\r\n  <ID>924da2e7-ecb7-abee-a7a7-932ea1704b09</ID>\r\n  <Status>InProgress</Status>\r\n</Operation>",
      "ResponseHeaders": {
        "Content-Length": [
          "197"
        ],
        "Content-Type": [
          "application/xml; charset=utf-8"
        ],
        "x-ms-servedbyregion": [
          "ussouth3"
        ],
        "Strict-Transport-Security": [
          "max-age=31536000; includeSubDomains"
        ],
        "x-ms-request-id": [
          "2d37b5a42e4caa11bb4a3da45d166484"
        ],
        "Cache-Control": [
          "no-cache"
        ],
        "Date": [
          "Tue, 24 May 2016 10:41:32 GMT"
        ],
        "Server": [
          "1.0.6198.382",
          "(rd_rdfe_stable.160516-1447)",
          "Microsoft-HTTPAPI/2.0"
        ]
      },
      "StatusCode": 200
    },
    {
      "RequestUri": "/24fb23e3-6ba3-41f0-9b6e-e41131d5d61e/operations/924da2e7ecb7abeea7a7932ea1704b09",
      "EncodedRequestUri": "LzI0ZmIyM2UzLTZiYTMtNDFmMC05YjZlLWU0MTEzMWQ1ZDYxZS9vcGVyYXRpb25zLzkyNGRhMmU3ZWNiN2FiZWVhN2E3OTMyZWExNzA0YjA5",
      "RequestMethod": "GET",
      "RequestBody": "",
      "RequestHeaders": {
        "x-ms-version": [
          "2016-03-01"
        ],
        "User-Agent": [
          "Microsoft.WindowsAzure.Management.Storage.StorageManagementClient/6.0.0.0"
        ]
      },
      "ResponseBody": "<Operation xmlns=\"http://schemas.microsoft.com/windowsazure\" xmlns:i=\"http://www.w3.org/2001/XMLSchema-instance\">\r\n  <ID>924da2e7-ecb7-abee-a7a7-932ea1704b09</ID>\r\n  <Status>Succeeded</Status>\r\n  <HttpStatusCode>200</HttpStatusCode>\r\n</Operation>",
      "ResponseHeaders": {
        "Content-Length": [
          "232"
        ],
        "Content-Type": [
          "application/xml; charset=utf-8"
        ],
        "x-ms-servedbyregion": [
          "ussouth3"
        ],
        "Strict-Transport-Security": [
          "max-age=31536000; includeSubDomains"
        ],
        "x-ms-request-id": [
          "e87a61abe93baa1692276af12b0cd81a"
        ],
        "Cache-Control": [
          "no-cache"
        ],
        "Date": [
          "Tue, 24 May 2016 10:42:02 GMT"
        ],
        "Server": [
          "1.0.6198.382",
          "(rd_rdfe_stable.160516-1447)",
          "Microsoft-HTTPAPI/2.0"
        ]
      },
      "StatusCode": 200
    },
    {
      "RequestUri": "/24fb23e3-6ba3-41f0-9b6e-e41131d5d61e/services/storageservices/onesdk9027",
      "EncodedRequestUri": "LzI0ZmIyM2UzLTZiYTMtNDFmMC05YjZlLWU0MTEzMWQ1ZDYxZS9zZXJ2aWNlcy9zdG9yYWdlc2VydmljZXMvb25lc2RrOTAyNw==",
      "RequestMethod": "GET",
      "RequestBody": "",
      "RequestHeaders": {
        "x-ms-version": [
          "2016-03-01"
        ],
        "User-Agent": [
          "Microsoft.WindowsAzure.Management.Storage.StorageManagementClient/6.0.0.0"
        ]
      },
      "ResponseBody": "<StorageService xmlns=\"http://schemas.microsoft.com/windowsazure\" xmlns:i=\"http://www.w3.org/2001/XMLSchema-instance\">\r\n  <Url>https://management.core.windows.net/24fb23e3-6ba3-41f0-9b6e-e41131d5d61e/services/storageservices/onesdk9027</Url>\r\n  <ServiceName>onesdk9027</ServiceName>\r\n  <StorageServiceProperties>\r\n    <Description i:nil=\"true\" />\r\n    <Location>Central US</Location>\r\n    <Label>b25lc2RrOTAyNw==</Label>\r\n    <Status>Created</Status>\r\n    <Endpoints>\r\n      <Endpoint>https://onesdk9027.blob.core.windows.net/</Endpoint>\r\n      <Endpoint>https://onesdk9027.queue.core.windows.net/</Endpoint>\r\n      <Endpoint>https://onesdk9027.table.core.windows.net/</Endpoint>\r\n      <Endpoint>https://onesdk9027.file.core.windows.net/</Endpoint>\r\n    </Endpoints>\r\n    <GeoPrimaryRegion>Central US</GeoPrimaryRegion>\r\n    <StatusOfPrimary>Available</StatusOfPrimary>\r\n    <GeoSecondaryRegion>East US 2</GeoSecondaryRegion>\r\n    <StatusOfSecondary>Available</StatusOfSecondary>\r\n    <CreationTime>2016-05-24T10:41:32Z</CreationTime>\r\n    <CustomDomains />\r\n    <AccountType>Standard_GRS</AccountType>\r\n  </StorageServiceProperties>\r\n  <ExtendedProperties>\r\n    <ExtendedProperty>\r\n      <Name>ResourceGroup</Name>\r\n      <Value>Default-Storage-CentralUS</Value>\r\n    </ExtendedProperty>\r\n    <ExtendedProperty>\r\n      <Name>ResourceLocation</Name>\r\n      <Value>Central US</Value>\r\n    </ExtendedProperty>\r\n  </ExtendedProperties>\r\n  <Capabilities>\r\n    <Capability>PersistentVMRole</Capability>\r\n  </Capabilities>\r\n</StorageService>",
      "ResponseHeaders": {
        "Content-Length": [
          "1328"
        ],
        "Content-Type": [
          "application/xml; charset=utf-8"
        ],
        "x-ms-servedbyregion": [
          "ussouth3"
        ],
        "Strict-Transport-Security": [
          "max-age=31536000; includeSubDomains"
        ],
        "x-ms-request-id": [
          "9511ff05ef0bab33ab1f4a02b77eb027"
        ],
        "Cache-Control": [
          "no-cache"
        ],
        "Date": [
          "Tue, 24 May 2016 10:42:03 GMT"
        ],
        "Server": [
          "1.0.6198.382",
          "(rd_rdfe_stable.160516-1447)",
          "Microsoft-HTTPAPI/2.0"
        ]
      },
      "StatusCode": 200
    },
    {
      "RequestUri": "/24fb23e3-6ba3-41f0-9b6e-e41131d5d61e/services/storageservices/onesdk9027",
      "EncodedRequestUri": "LzI0ZmIyM2UzLTZiYTMtNDFmMC05YjZlLWU0MTEzMWQ1ZDYxZS9zZXJ2aWNlcy9zdG9yYWdlc2VydmljZXMvb25lc2RrOTAyNw==",
      "RequestMethod": "GET",
      "RequestBody": "",
      "RequestHeaders": {
        "x-ms-version": [
          "2016-03-01"
        ],
        "User-Agent": [
          "Microsoft.WindowsAzure.Management.Storage.StorageManagementClient/6.0.0.0"
        ]
      },
      "ResponseBody": "<StorageService xmlns=\"http://schemas.microsoft.com/windowsazure\" xmlns:i=\"http://www.w3.org/2001/XMLSchema-instance\">\r\n  <Url>https://management.core.windows.net/24fb23e3-6ba3-41f0-9b6e-e41131d5d61e/services/storageservices/onesdk9027</Url>\r\n  <ServiceName>onesdk9027</ServiceName>\r\n  <StorageServiceProperties>\r\n    <Description i:nil=\"true\" />\r\n    <Location>Central US</Location>\r\n    <Label>b25lc2RrOTAyNw==</Label>\r\n    <Status>Created</Status>\r\n    <Endpoints>\r\n      <Endpoint>https://onesdk9027.blob.core.windows.net/</Endpoint>\r\n      <Endpoint>https://onesdk9027.queue.core.windows.net/</Endpoint>\r\n      <Endpoint>https://onesdk9027.table.core.windows.net/</Endpoint>\r\n      <Endpoint>https://onesdk9027.file.core.windows.net/</Endpoint>\r\n    </Endpoints>\r\n    <GeoPrimaryRegion>Central US</GeoPrimaryRegion>\r\n    <StatusOfPrimary>Available</StatusOfPrimary>\r\n    <GeoSecondaryRegion>East US 2</GeoSecondaryRegion>\r\n    <StatusOfSecondary>Available</StatusOfSecondary>\r\n    <CreationTime>2016-05-24T10:41:32Z</CreationTime>\r\n    <CustomDomains />\r\n    <AccountType>Standard_GRS</AccountType>\r\n  </StorageServiceProperties>\r\n  <ExtendedProperties>\r\n    <ExtendedProperty>\r\n      <Name>ResourceGroup</Name>\r\n      <Value>Default-Storage-CentralUS</Value>\r\n    </ExtendedProperty>\r\n    <ExtendedProperty>\r\n      <Name>ResourceLocation</Name>\r\n      <Value>Central US</Value>\r\n    </ExtendedProperty>\r\n  </ExtendedProperties>\r\n  <Capabilities>\r\n    <Capability>PersistentVMRole</Capability>\r\n  </Capabilities>\r\n  <MigrationState>Prepared</MigrationState>\r\n</StorageService>",
      "ResponseHeaders": {
        "Content-Length": [
          "1369"
        ],
        "Content-Type": [
          "application/xml; charset=utf-8"
        ],
        "x-ms-servedbyregion": [
          "ussouth3"
        ],
        "Strict-Transport-Security": [
          "max-age=31536000; includeSubDomains"
        ],
        "x-ms-request-id": [
          "9e6d816f39a6a0e99c97083237c7ed9e"
        ],
        "Cache-Control": [
          "no-cache"
        ],
        "Date": [
          "Tue, 24 May 2016 10:43:05 GMT"
        ],
        "Server": [
          "1.0.6198.382",
          "(rd_rdfe_stable.160516-1447)",
          "Microsoft-HTTPAPI/2.0"
        ]
      },
      "StatusCode": 200
    },
    {
      "RequestUri": "/24fb23e3-6ba3-41f0-9b6e-e41131d5d61e/services/storageservices/onesdk9027",
      "EncodedRequestUri": "LzI0ZmIyM2UzLTZiYTMtNDFmMC05YjZlLWU0MTEzMWQ1ZDYxZS9zZXJ2aWNlcy9zdG9yYWdlc2VydmljZXMvb25lc2RrOTAyNw==",
      "RequestMethod": "GET",
      "RequestBody": "",
      "RequestHeaders": {
        "x-ms-version": [
          "2016-03-01"
        ],
        "User-Agent": [
          "Microsoft.WindowsAzure.Management.Storage.StorageManagementClient/6.0.0.0"
        ]
      },
      "ResponseBody": "<Error xmlns=\"http://schemas.microsoft.com/windowsazure\" xmlns:i=\"http://www.w3.org/2001/XMLSchema-instance\">\r\n  <Code>ResourceNotFound</Code>\r\n  <Message>The storage account 'onesdk9027' was not found.</Message>\r\n</Error>",
      "ResponseHeaders": {
        "Content-Length": [
          "212"
        ],
        "Content-Type": [
          "application/xml; charset=utf-8"
        ],
        "x-ms-servedbyregion": [
          "ussouth3"
        ],
        "Strict-Transport-Security": [
          "max-age=31536000; includeSubDomains"
        ],
        "x-ms-request-id": [
          "5b0d08585856a31c84290ab88f2a888d"
        ],
        "Cache-Control": [
          "no-cache"
        ],
        "Date": [
          "Tue, 24 May 2016 10:44:06 GMT"
        ],
        "Server": [
          "1.0.6198.382",
          "(rd_rdfe_stable.160516-1447)",
          "Microsoft-HTTPAPI/2.0"
        ]
      },
      "StatusCode": 404
    },
    {
      "RequestUri": "/24fb23e3-6ba3-41f0-9b6e-e41131d5d61e/operations/9511ff05ef0bab33ab1f4a02b77eb027",
      "EncodedRequestUri": "LzI0ZmIyM2UzLTZiYTMtNDFmMC05YjZlLWU0MTEzMWQ1ZDYxZS9vcGVyYXRpb25zLzk1MTFmZjA1ZWYwYmFiMzNhYjFmNGEwMmI3N2ViMDI3",
      "RequestMethod": "GET",
      "RequestBody": "",
      "RequestHeaders": {
        "x-ms-version": [
          "2014-10-01"
        ],
        "User-Agent": [
          "Microsoft.WindowsAzure.Management.ManagementClient/4.0.0.0"
        ]
      },
      "ResponseBody": "<Operation xmlns=\"http://schemas.microsoft.com/windowsazure\" xmlns:i=\"http://www.w3.org/2001/XMLSchema-instance\">\r\n  <ID>9511ff05-ef0b-ab33-ab1f-4a02b77eb027</ID>\r\n  <Status>Succeeded</Status>\r\n  <HttpStatusCode>200</HttpStatusCode>\r\n</Operation>",
      "ResponseHeaders": {
        "Content-Length": [
          "232"
        ],
        "Content-Type": [
          "application/xml; charset=utf-8"
        ],
        "x-ms-servedbyregion": [
          "ussouth3"
        ],
        "x-ms-request-id": [
          "5fda52773675a659b952ca6dede362fa"
        ],
        "Cache-Control": [
          "no-cache"
        ],
        "Date": [
          "Tue, 24 May 2016 10:42:03 GMT"
        ],
        "Server": [
          "1.0.6198.382",
          "(rd_rdfe_stable.160516-1447)",
          "Microsoft-HTTPAPI/2.0"
        ]
      },
      "StatusCode": 200
    },
    {
      "RequestUri": "/24fb23e3-6ba3-41f0-9b6e-e41131d5d61e/services/storageservices/onesdk9027/migration?comp=prepare",
      "EncodedRequestUri": "LzI0ZmIyM2UzLTZiYTMtNDFmMC05YjZlLWU0MTEzMWQ1ZDYxZS9zZXJ2aWNlcy9zdG9yYWdlc2VydmljZXMvb25lc2RrOTAyNy9taWdyYXRpb24/Y29tcD1wcmVwYXJl",
      "RequestMethod": "POST",
      "RequestBody": "",
      "RequestHeaders": {
        "x-ms-version": [
          "2016-03-01"
        ],
        "User-Agent": [
          "Microsoft.WindowsAzure.Management.Storage.StorageManagementClient/6.0.0.0"
        ]
      },
      "ResponseBody": "",
      "ResponseHeaders": {
        "Content-Length": [
          "0"
        ],
        "x-ms-servedbyregion": [
          "ussouth3"
        ],
        "Strict-Transport-Security": [
          "max-age=31536000; includeSubDomains"
        ],
        "x-ms-request-id": [
          "95b527c9422cab0d8389611172fd83d8"
        ],
        "Cache-Control": [
          "no-cache"
        ],
        "Date": [
          "Tue, 24 May 2016 10:42:03 GMT"
        ],
        "Server": [
          "1.0.6198.382",
          "(rd_rdfe_stable.160516-1447)",
          "Microsoft-HTTPAPI/2.0"
        ]
      },
      "StatusCode": 202
    },
    {
      "RequestUri": "/24fb23e3-6ba3-41f0-9b6e-e41131d5d61e/operations/95b527c9422cab0d8389611172fd83d8",
      "EncodedRequestUri": "LzI0ZmIyM2UzLTZiYTMtNDFmMC05YjZlLWU0MTEzMWQ1ZDYxZS9vcGVyYXRpb25zLzk1YjUyN2M5NDIyY2FiMGQ4Mzg5NjExMTcyZmQ4M2Q4",
      "RequestMethod": "GET",
      "RequestBody": "",
      "RequestHeaders": {
        "x-ms-version": [
          "2016-03-01"
        ],
        "User-Agent": [
          "Microsoft.WindowsAzure.Management.Storage.StorageManagementClient/6.0.0.0"
        ]
      },
      "ResponseBody": "<Operation xmlns=\"http://schemas.microsoft.com/windowsazure\" xmlns:i=\"http://www.w3.org/2001/XMLSchema-instance\">\r\n  <ID>95b527c9-422c-ab0d-8389-611172fd83d8</ID>\r\n  <Status>InProgress</Status>\r\n</Operation>",
      "ResponseHeaders": {
        "Content-Length": [
          "197"
        ],
        "Content-Type": [
          "application/xml; charset=utf-8"
        ],
        "x-ms-servedbyregion": [
          "ussouth3"
        ],
        "Strict-Transport-Security": [
          "max-age=31536000; includeSubDomains"
        ],
        "x-ms-request-id": [
          "78d24c1df01dac3095c971289e2b9728"
        ],
        "Cache-Control": [
          "no-cache"
        ],
        "Date": [
          "Tue, 24 May 2016 10:42:03 GMT"
        ],
        "Server": [
          "1.0.6198.382",
          "(rd_rdfe_stable.160516-1447)",
          "Microsoft-HTTPAPI/2.0"
        ]
      },
      "StatusCode": 200
    },
    {
      "RequestUri": "/24fb23e3-6ba3-41f0-9b6e-e41131d5d61e/operations/95b527c9422cab0d8389611172fd83d8",
      "EncodedRequestUri": "LzI0ZmIyM2UzLTZiYTMtNDFmMC05YjZlLWU0MTEzMWQ1ZDYxZS9vcGVyYXRpb25zLzk1YjUyN2M5NDIyY2FiMGQ4Mzg5NjExMTcyZmQ4M2Q4",
      "RequestMethod": "GET",
      "RequestBody": "",
      "RequestHeaders": {
        "x-ms-version": [
          "2016-03-01"
        ],
        "User-Agent": [
          "Microsoft.WindowsAzure.Management.Storage.StorageManagementClient/6.0.0.0"
        ]
      },
      "ResponseBody": "<Operation xmlns=\"http://schemas.microsoft.com/windowsazure\" xmlns:i=\"http://www.w3.org/2001/XMLSchema-instance\">\r\n  <ID>95b527c9-422c-ab0d-8389-611172fd83d8</ID>\r\n  <Status>InProgress</Status>\r\n</Operation>",
      "ResponseHeaders": {
        "Content-Length": [
          "197"
        ],
        "Content-Type": [
          "application/xml; charset=utf-8"
        ],
        "x-ms-servedbyregion": [
          "ussouth3"
        ],
        "Strict-Transport-Security": [
          "max-age=31536000; includeSubDomains"
        ],
        "x-ms-request-id": [
          "7bdbc77fc794a1ee85bd1f37096dfdd8"
        ],
        "Cache-Control": [
          "no-cache"
        ],
        "Date": [
          "Tue, 24 May 2016 10:42:34 GMT"
        ],
        "Server": [
          "1.0.6198.382",
          "(rd_rdfe_stable.160516-1447)",
          "Microsoft-HTTPAPI/2.0"
        ]
      },
      "StatusCode": 200
    },
    {
      "RequestUri": "/24fb23e3-6ba3-41f0-9b6e-e41131d5d61e/operations/95b527c9422cab0d8389611172fd83d8",
      "EncodedRequestUri": "LzI0ZmIyM2UzLTZiYTMtNDFmMC05YjZlLWU0MTEzMWQ1ZDYxZS9vcGVyYXRpb25zLzk1YjUyN2M5NDIyY2FiMGQ4Mzg5NjExMTcyZmQ4M2Q4",
      "RequestMethod": "GET",
      "RequestBody": "",
      "RequestHeaders": {
        "x-ms-version": [
          "2016-03-01"
        ],
        "User-Agent": [
          "Microsoft.WindowsAzure.Management.Storage.StorageManagementClient/6.0.0.0"
        ]
      },
      "ResponseBody": "<Operation xmlns=\"http://schemas.microsoft.com/windowsazure\" xmlns:i=\"http://www.w3.org/2001/XMLSchema-instance\">\r\n  <ID>95b527c9-422c-ab0d-8389-611172fd83d8</ID>\r\n  <Status>Succeeded</Status>\r\n  <HttpStatusCode>200</HttpStatusCode>\r\n</Operation>",
      "ResponseHeaders": {
        "Content-Length": [
          "232"
        ],
        "Content-Type": [
          "application/xml; charset=utf-8"
        ],
        "x-ms-servedbyregion": [
          "ussouth3"
        ],
        "Strict-Transport-Security": [
          "max-age=31536000; includeSubDomains"
        ],
        "x-ms-request-id": [
          "7f6812fbcf73aa2aaa6209439bc4d8bd"
        ],
        "Cache-Control": [
          "no-cache"
        ],
        "Date": [
          "Tue, 24 May 2016 10:43:04 GMT"
        ],
        "Server": [
          "1.0.6198.382",
          "(rd_rdfe_stable.160516-1447)",
          "Microsoft-HTTPAPI/2.0"
        ]
      },
      "StatusCode": 200
    },
    {
      "RequestUri": "/24fb23e3-6ba3-41f0-9b6e-e41131d5d61e/operations/9e6d816f39a6a0e99c97083237c7ed9e",
      "EncodedRequestUri": "LzI0ZmIyM2UzLTZiYTMtNDFmMC05YjZlLWU0MTEzMWQ1ZDYxZS9vcGVyYXRpb25zLzllNmQ4MTZmMzlhNmEwZTk5Yzk3MDgzMjM3YzdlZDll",
      "RequestMethod": "GET",
      "RequestBody": "",
      "RequestHeaders": {
        "x-ms-version": [
          "2014-10-01"
        ],
        "User-Agent": [
          "Microsoft.WindowsAzure.Management.ManagementClient/4.0.0.0"
        ]
      },
      "ResponseBody": "<Operation xmlns=\"http://schemas.microsoft.com/windowsazure\" xmlns:i=\"http://www.w3.org/2001/XMLSchema-instance\">\r\n  <ID>9e6d816f-39a6-a0e9-9c97-083237c7ed9e</ID>\r\n  <Status>Succeeded</Status>\r\n  <HttpStatusCode>200</HttpStatusCode>\r\n</Operation>",
      "ResponseHeaders": {
        "Content-Length": [
          "232"
        ],
        "Content-Type": [
          "application/xml; charset=utf-8"
        ],
        "x-ms-servedbyregion": [
          "ussouth3"
        ],
        "x-ms-request-id": [
          "b8b0aed26d87a979ab29d88f36d1c1e6"
        ],
        "Cache-Control": [
          "no-cache"
        ],
        "Date": [
          "Tue, 24 May 2016 10:43:05 GMT"
        ],
        "Server": [
          "1.0.6198.382",
          "(rd_rdfe_stable.160516-1447)",
          "Microsoft-HTTPAPI/2.0"
        ]
      },
      "StatusCode": 200
    },
    {
      "RequestUri": "/24fb23e3-6ba3-41f0-9b6e-e41131d5d61e/services/storageservices/onesdk9027/migration?comp=commit",
      "EncodedRequestUri": "LzI0ZmIyM2UzLTZiYTMtNDFmMC05YjZlLWU0MTEzMWQ1ZDYxZS9zZXJ2aWNlcy9zdG9yYWdlc2VydmljZXMvb25lc2RrOTAyNy9taWdyYXRpb24/Y29tcD1jb21taXQ=",
      "RequestMethod": "POST",
      "RequestBody": "",
      "RequestHeaders": {
        "x-ms-version": [
          "2016-03-01"
        ],
        "User-Agent": [
          "Microsoft.WindowsAzure.Management.Storage.StorageManagementClient/6.0.0.0"
        ]
      },
      "ResponseBody": "",
      "ResponseHeaders": {
        "Content-Length": [
          "0"
        ],
        "x-ms-servedbyregion": [
          "ussouth3"
        ],
        "Strict-Transport-Security": [
          "max-age=31536000; includeSubDomains"
        ],
        "x-ms-request-id": [
          "9196b7e89113a47a919c9260ee3941a1"
        ],
        "Cache-Control": [
          "no-cache"
        ],
        "Date": [
          "Tue, 24 May 2016 10:43:05 GMT"
        ],
        "Server": [
          "1.0.6198.382",
          "(rd_rdfe_stable.160516-1447)",
          "Microsoft-HTTPAPI/2.0"
        ]
      },
      "StatusCode": 202
    },
    {
      "RequestUri": "/24fb23e3-6ba3-41f0-9b6e-e41131d5d61e/operations/9196b7e89113a47a919c9260ee3941a1",
      "EncodedRequestUri": "LzI0ZmIyM2UzLTZiYTMtNDFmMC05YjZlLWU0MTEzMWQ1ZDYxZS9vcGVyYXRpb25zLzkxOTZiN2U4OTExM2E0N2E5MTljOTI2MGVlMzk0MWEx",
      "RequestMethod": "GET",
      "RequestBody": "",
      "RequestHeaders": {
        "x-ms-version": [
          "2016-03-01"
        ],
        "User-Agent": [
          "Microsoft.WindowsAzure.Management.Storage.StorageManagementClient/6.0.0.0"
        ]
      },
      "ResponseBody": "<Operation xmlns=\"http://schemas.microsoft.com/windowsazure\" xmlns:i=\"http://www.w3.org/2001/XMLSchema-instance\">\r\n  <ID>9196b7e8-9113-a47a-919c-9260ee3941a1</ID>\r\n  <Status>InProgress</Status>\r\n</Operation>",
      "ResponseHeaders": {
        "Content-Length": [
          "197"
        ],
        "Content-Type": [
          "application/xml; charset=utf-8"
        ],
        "x-ms-servedbyregion": [
          "ussouth3"
        ],
        "Strict-Transport-Security": [
          "max-age=31536000; includeSubDomains"
        ],
        "x-ms-request-id": [
          "6f0dd91cd8e6a6d98e9a4c95db1a99ef"
        ],
        "Cache-Control": [
          "no-cache"
        ],
        "Date": [
          "Tue, 24 May 2016 10:43:06 GMT"
        ],
        "Server": [
          "1.0.6198.382",
          "(rd_rdfe_stable.160516-1447)",
          "Microsoft-HTTPAPI/2.0"
        ]
      },
      "StatusCode": 200
    },
    {
      "RequestUri": "/24fb23e3-6ba3-41f0-9b6e-e41131d5d61e/operations/9196b7e89113a47a919c9260ee3941a1",
      "EncodedRequestUri": "LzI0ZmIyM2UzLTZiYTMtNDFmMC05YjZlLWU0MTEzMWQ1ZDYxZS9vcGVyYXRpb25zLzkxOTZiN2U4OTExM2E0N2E5MTljOTI2MGVlMzk0MWEx",
      "RequestMethod": "GET",
      "RequestBody": "",
      "RequestHeaders": {
        "x-ms-version": [
          "2016-03-01"
        ],
        "User-Agent": [
          "Microsoft.WindowsAzure.Management.Storage.StorageManagementClient/6.0.0.0"
        ]
      },
      "ResponseBody": "<Operation xmlns=\"http://schemas.microsoft.com/windowsazure\" xmlns:i=\"http://www.w3.org/2001/XMLSchema-instance\">\r\n  <ID>9196b7e8-9113-a47a-919c-9260ee3941a1</ID>\r\n  <Status>InProgress</Status>\r\n</Operation>",
      "ResponseHeaders": {
        "Content-Length": [
          "197"
        ],
        "Content-Type": [
          "application/xml; charset=utf-8"
        ],
        "x-ms-servedbyregion": [
          "ussouth3"
        ],
        "Strict-Transport-Security": [
          "max-age=31536000; includeSubDomains"
        ],
        "x-ms-request-id": [
          "20914e9e5af5a3c0b143443f79747a8b"
        ],
        "Cache-Control": [
          "no-cache"
        ],
        "Date": [
          "Tue, 24 May 2016 10:43:35 GMT"
        ],
        "Server": [
          "1.0.6198.382",
          "(rd_rdfe_stable.160516-1447)",
          "Microsoft-HTTPAPI/2.0"
        ]
      },
      "StatusCode": 200
    },
    {
      "RequestUri": "/24fb23e3-6ba3-41f0-9b6e-e41131d5d61e/operations/9196b7e89113a47a919c9260ee3941a1",
      "EncodedRequestUri": "LzI0ZmIyM2UzLTZiYTMtNDFmMC05YjZlLWU0MTEzMWQ1ZDYxZS9vcGVyYXRpb25zLzkxOTZiN2U4OTExM2E0N2E5MTljOTI2MGVlMzk0MWEx",
      "RequestMethod": "GET",
      "RequestBody": "",
      "RequestHeaders": {
        "x-ms-version": [
          "2016-03-01"
        ],
        "User-Agent": [
          "Microsoft.WindowsAzure.Management.Storage.StorageManagementClient/6.0.0.0"
        ]
      },
      "ResponseBody": "<Operation xmlns=\"http://schemas.microsoft.com/windowsazure\" xmlns:i=\"http://www.w3.org/2001/XMLSchema-instance\">\r\n  <ID>9196b7e8-9113-a47a-919c-9260ee3941a1</ID>\r\n  <Status>Succeeded</Status>\r\n  <HttpStatusCode>200</HttpStatusCode>\r\n</Operation>",
      "ResponseHeaders": {
        "Content-Length": [
          "232"
        ],
        "Content-Type": [
          "application/xml; charset=utf-8"
        ],
        "x-ms-servedbyregion": [
          "ussouth3"
        ],
        "Strict-Transport-Security": [
          "max-age=31536000; includeSubDomains"
        ],
        "x-ms-request-id": [
          "e33e8207b991a9569c0f2503e1f22064"
        ],
        "Cache-Control": [
          "no-cache"
        ],
        "Date": [
          "Tue, 24 May 2016 10:44:06 GMT"
        ],
        "Server": [
          "1.0.6198.382",
          "(rd_rdfe_stable.160516-1447)",
          "Microsoft-HTTPAPI/2.0"
        ]
      },
      "StatusCode": 200
    }
  ],
  "Names": {
    "Test-MigrateAzureStorageAccount": [
      "onesdk9027"
    ]
  },
  "Variables": {
    "SubscriptionId": "24fb23e3-6ba3-41f0-9b6e-e41131d5d61e"
  }
}