{
  "AzContainerAppManagedEnvStorage+[NoContext]+CreateExpanded+$PUT+https://management.azure.com/subscriptions/9e223dbe-3399-4e19-88eb-0975f02ac87f/resourceGroups/testgroupwxln/providers/Microsoft.App/managedEnvironments/envwxln/storages/storageaccountwxln?api-version=2022-03-01+1": {
    "Request": {
      "Method": "PUT",
      "RequestUri": "https://management.azure.com/subscriptions/9e223dbe-3399-4e19-88eb-0975f02ac87f/resourceGroups/testgroupwxln/providers/Microsoft.App/managedEnvironments/envwxln/storages/storageaccountwxln?api-version=2022-03-01",
      "Content": "{\r\n  \"properties\": {\r\n    \"azureFile\": {\r\n      \"accountName\": \"storageaccountwxln\",\r\n      \"accountKey\": \"I17an0YMrHY7SN4Um7i8omYrTPDuKDbu04yem4mvlpUiGV9IgV567Twhxwnww9l0AE+uflj7hM7s+AStnGjOMQ==\",\r\n      \"accessMode\": \"ReadWrite\",\r\n      \"shareName\": \"azps-rw-sharename\"\r\n    }\r\n  }\r\n}",
      "isContentBase64": false,
      "Headers": {
      },
      "ContentHeaders": {
        "Content-Type": [ "application/json" ],
        "Content-Length": [ "286" ]
      }
    },
    "Response": {
      "StatusCode": 200,
      "Headers": {
        "Cache-Control": [ "no-cache" ],
        "Pragma": [ "no-cache" ],
        "Vary": [ "Accept-Encoding" ],
        "x-ms-ratelimit-remaining-subscription-writes": [ "1195" ],
        "api-supported-versions": [ "2022-01-01-preview, 2022-03-01, 2022-05-01" ],
        "Server": [ "Microsoft-IIS/10.0" ],
        "X-Powered-By": [ "ASP.NET" ],
        "x-ms-request-id": [ "04c8e525-45b4-41f4-9472-07a18a7535f9" ],
        "x-ms-correlation-request-id": [ "04c8e525-45b4-41f4-9472-07a18a7535f9" ],
        "x-ms-routing-request-id": [ "SOUTHEASTASIA:20220525T140436Z:04c8e525-45b4-41f4-9472-07a18a7535f9" ],
        "Strict-Transport-Security": [ "max-age=31536000; includeSubDomains" ],
        "X-Content-Type-Options": [ "nosniff" ],
        "Date": [ "Wed, 25 May 2022 14:04:35 GMT" ]
      },
      "ContentHeaders": {
        "Content-Length": [ "370" ],
        "Content-Type": [ "application/json; charset=utf-8" ],
        "Expires": [ "-1" ]
      },
      "Content": "{\"id\":\"/subscriptions/9e223dbe-3399-4e19-88eb-0975f02ac87f/resourceGroups/testgroupwxln/providers/Microsoft.App/managedEnvironments/envwxln/storages/storageaccountwxln\",\"name\":\"storageaccountwxln\",\"type\":\"Microsoft.App/managedenvironments/storages\",\"properties\":{\"azureFile\":{\"accountName\":\"storageaccountwxln\",\"shareName\":\"azps-rw-sharename\",\"accessMode\":\"ReadWrite\"}}}",
      "isContentBase64": false
    }
  },
  "AzContainerAppManagedEnvStorage+[NoContext]+List+$GET+https://management.azure.com/subscriptions/9e223dbe-3399-4e19-88eb-0975f02ac87f/resourceGroups/testgroupwxln/providers/Microsoft.App/managedEnvironments/envwxln/storages?api-version=2022-03-01+1": {
    "Request": {
      "Method": "GET",
      "RequestUri": "https://management.azure.com/subscriptions/9e223dbe-3399-4e19-88eb-0975f02ac87f/resourceGroups/testgroupwxln/providers/Microsoft.App/managedEnvironments/envwxln/storages?api-version=2022-03-01",
      "Content": null,
      "isContentBase64": false,
      "Headers": {
        "x-ms-unique-id": [ "79" ],
        "x-ms-client-request-id": [ "c7737112-7d14-4676-9b93-2613b236ef95" ],
        "CommandName": [ "Get-AzContainerAppManagedEnvStorage" ],
        "FullCommandName": [ "Get-AzContainerAppManagedEnvStorage_List" ],
        "ParameterSetName": [ "__AllParameterSets" ],
        "User-Agent": [ "AzurePowershell/v0.0.0", "PSVersion/v7.1.2", "Az.App/0.1.0" ],
        "Authorization": [ "[Filtered]" ]
      },
      "ContentHeaders": {
      }
    },
    "Response": {
      "StatusCode": 200,
      "Headers": {
        "Cache-Control": [ "no-cache" ],
        "Pragma": [ "no-cache" ],
        "Vary": [ "Accept-Encoding" ],
        "x-ms-ratelimit-remaining-subscription-reads": [ "11944" ],
        "api-supported-versions": [ "2022-01-01-preview, 2022-03-01, 2022-05-01" ],
        "Server": [ "Microsoft-IIS/10.0" ],
        "X-Powered-By": [ "ASP.NET" ],
        "x-ms-request-id": [ "9829e153-36bd-4dee-a5bf-d25050a481fc" ],
        "x-ms-correlation-request-id": [ "9829e153-36bd-4dee-a5bf-d25050a481fc" ],
        "x-ms-routing-request-id": [ "SOUTHEASTASIA:20220525T140437Z:9829e153-36bd-4dee-a5bf-d25050a481fc" ],
        "Strict-Transport-Security": [ "max-age=31536000; includeSubDomains" ],
        "X-Content-Type-Options": [ "nosniff" ],
        "Date": [ "Wed, 25 May 2022 14:04:36 GMT" ]
      },
      "ContentHeaders": {
        "Content-Length": [ "382" ],
        "Content-Type": [ "application/json; charset=utf-8" ],
        "Expires": [ "-1" ]
      },
      "Content": "{\"value\":[{\"id\":\"/subscriptions/9e223dbe-3399-4e19-88eb-0975f02ac87f/resourceGroups/testgroupwxln/providers/Microsoft.App/managedEnvironments/envwxln/storages/storageaccountwxln\",\"name\":\"storageaccountwxln\",\"type\":\"Microsoft.App/managedenvironments/storages\",\"properties\":{\"azureFile\":{\"accountName\":\"storageaccountwxln\",\"shareName\":\"azps-rw-sharename\",\"accessMode\":\"ReadWrite\"}}}]}",
      "isContentBase64": false
    }
  },
  "AzContainerAppManagedEnvStorage+[NoContext]+Get+$GET+https://management.azure.com/subscriptions/9e223dbe-3399-4e19-88eb-0975f02ac87f/resourceGroups/testgroupwxln/providers/Microsoft.App/managedEnvironments/envwxln/storages/storageaccountwxln?api-version=2022-03-01+1": {
    "Request": {
      "Method": "GET",
      "RequestUri": "https://management.azure.com/subscriptions/9e223dbe-3399-4e19-88eb-0975f02ac87f/resourceGroups/testgroupwxln/providers/Microsoft.App/managedEnvironments/envwxln/storages/storageaccountwxln?api-version=2022-03-01",
      "Content": null,
      "isContentBase64": false,
      "Headers": {
        "x-ms-unique-id": [ "80" ],
        "x-ms-client-request-id": [ "fc378a77-6ad8-4ce7-8d16-32f8a4c15dec" ],
        "CommandName": [ "Get-AzContainerAppManagedEnvStorage" ],
        "FullCommandName": [ "Get-AzContainerAppManagedEnvStorage_Get" ],
        "ParameterSetName": [ "__AllParameterSets" ],
        "User-Agent": [ "AzurePowershell/v0.0.0", "PSVersion/v7.1.2", "Az.App/0.1.0" ],
        "Authorization": [ "[Filtered]" ]
      },
      "ContentHeaders": {
      }
    },
    "Response": {
      "StatusCode": 200,
      "Headers": {
        "Cache-Control": [ "no-cache" ],
        "Pragma": [ "no-cache" ],
        "Vary": [ "Accept-Encoding" ],
        "x-ms-ratelimit-remaining-subscription-reads": [ "11943" ],
        "api-supported-versions": [ "2022-01-01-preview, 2022-03-01, 2022-05-01" ],
        "Server": [ "Microsoft-IIS/10.0" ],
        "X-Powered-By": [ "ASP.NET" ],
        "x-ms-request-id": [ "13a03d53-7bcf-4fee-9e7e-65d584faf198" ],
        "x-ms-correlation-request-id": [ "13a03d53-7bcf-4fee-9e7e-65d584faf198" ],
        "x-ms-routing-request-id": [ "SOUTHEASTASIA:20220525T140438Z:13a03d53-7bcf-4fee-9e7e-65d584faf198" ],
        "Strict-Transport-Security": [ "max-age=31536000; includeSubDomains" ],
        "X-Content-Type-Options": [ "nosniff" ],
        "Date": [ "Wed, 25 May 2022 14:04:38 GMT" ]
      },
      "ContentHeaders": {
        "Content-Length": [ "370" ],
        "Content-Type": [ "application/json; charset=utf-8" ],
        "Expires": [ "-1" ]
      },
      "Content": "{\"id\":\"/subscriptions/9e223dbe-3399-4e19-88eb-0975f02ac87f/resourceGroups/testgroupwxln/providers/Microsoft.App/managedEnvironments/envwxln/storages/storageaccountwxln\",\"name\":\"storageaccountwxln\",\"type\":\"Microsoft.App/managedenvironments/storages\",\"properties\":{\"azureFile\":{\"accountName\":\"storageaccountwxln\",\"shareName\":\"azps-rw-sharename\",\"accessMode\":\"ReadWrite\"}}}",
      "isContentBase64": false
    }
  },
  "AzContainerAppManagedEnvStorage+[NoContext]+Delete+$DELETE+https://management.azure.com/subscriptions/9e223dbe-3399-4e19-88eb-0975f02ac87f/resourceGroups/testgroupwxln/providers/Microsoft.App/managedEnvironments/envwxln/storages/storageaccountwxln?api-version=2022-03-01+1": {
    "Request": {
      "Method": "DELETE",
      "RequestUri": "https://management.azure.com/subscriptions/9e223dbe-3399-4e19-88eb-0975f02ac87f/resourceGroups/testgroupwxln/providers/Microsoft.App/managedEnvironments/envwxln/storages/storageaccountwxln?api-version=2022-03-01",
      "Content": null,
      "isContentBase64": false,
      "Headers": {
        "x-ms-unique-id": [ "81" ],
        "x-ms-client-request-id": [ "1fedf043-c4a5-4492-9f83-273eb594c8e0" ],
        "CommandName": [ "Remove-AzContainerAppManagedEnvStorage" ],
        "FullCommandName": [ "Remove-AzContainerAppManagedEnvStorage_Delete" ],
        "ParameterSetName": [ "__AllParameterSets" ],
        "User-Agent": [ "AzurePowershell/v0.0.0", "PSVersion/v7.1.2", "Az.App/0.1.0" ],
        "Authorization": [ "[Filtered]" ]
      },
      "ContentHeaders": {
      }
    },
    "Response": {
      "StatusCode": 200,
      "Headers": {
        "Cache-Control": [ "no-cache" ],
        "Pragma": [ "no-cache" ],
        "api-supported-versions": [ "2022-01-01-preview, 2022-03-01, 2022-05-01" ],
        "Server": [ "Microsoft-IIS/10.0" ],
        "X-Powered-By": [ "ASP.NET" ],
        "x-ms-ratelimit-remaining-subscription-deletes": [ "14991" ],
        "x-ms-request-id": [ "4cb485ef-144e-44c1-9e2e-cf6c8b01755f" ],
        "x-ms-correlation-request-id": [ "4cb485ef-144e-44c1-9e2e-cf6c8b01755f" ],
        "x-ms-routing-request-id": [ "SOUTHEASTASIA:20220525T140439Z:4cb485ef-144e-44c1-9e2e-cf6c8b01755f" ],
        "Strict-Transport-Security": [ "max-age=31536000; includeSubDomains" ],
        "X-Content-Type-Options": [ "nosniff" ],
        "Date": [ "Wed, 25 May 2022 14:04:39 GMT" ]
      },
      "ContentHeaders": {
        "Expires": [ "-1" ],
        "Content-Length": [ "0" ]
      },
      "Content": null,
      "isContentBase64": false
    }
  }
}