{
  "AzContainerAppAuthConfig+[NoContext]+CreateExpanded+$PUT+https://management.azure.com/subscriptions/9e223dbe-3399-4e19-88eb-0975f02ac87f/resourceGroups/testgroup6950/providers/Microsoft.App/containerApps/containerapp6950/authConfigs/current?api-version=2022-03-01+1": {
    "Request": {
      "Method": "PUT",
      "RequestUri": "https://management.azure.com/subscriptions/9e223dbe-3399-4e19-88eb-0975f02ac87f/resourceGroups/testgroup6950/providers/Microsoft.App/containerApps/containerapp6950/authConfigs/current?api-version=2022-03-01",
      "Content": "{\r\n  \"properties\": {\r\n    \"platform\": {\r\n      \"enabled\": true\r\n    },\r\n    \"globalValidation\": {\r\n      \"unauthenticatedClientAction\": \"AllowAnonymous\"\r\n    },\r\n    \"identityProviders\": {\r\n      \"facebook\": {\r\n        \"registration\": {\r\n          \"appId\": \"xxxx@xx.com\",\r\n          \"appSecretSettingName\": \"facebook-secret\"\r\n        }\r\n      }\r\n    }\r\n  }\r\n}",
      "isContentBase64": false,
      "Headers": {
      },
      "ContentHeaders": {
        "Content-Type": [ "application/json" ],
        "Content-Length": [ "359" ]
      }
    },
    "Response": {
      "StatusCode": 200,
      "Headers": {
        "Cache-Control": [ "no-cache" ],
        "Pragma": [ "no-cache" ],
        "Vary": [ "Accept-Encoding" ],
        "x-ms-ratelimit-remaining-subscription-writes": [ "1199" ],
        "api-supported-versions": [ "2022-01-01-preview, 2022-03-01, 2022-05-01" ],
        "Server": [ "Microsoft-IIS/10.0" ],
        "X-Powered-By": [ "ASP.NET" ],
        "x-ms-request-id": [ "78483bab-3fa8-4bc8-8422-ec33c7b7d9f3" ],
        "x-ms-correlation-request-id": [ "78483bab-3fa8-4bc8-8422-ec33c7b7d9f3" ],
        "x-ms-routing-request-id": [ "SOUTHEASTASIA:20220530T110205Z:78483bab-3fa8-4bc8-8422-ec33c7b7d9f3" ],
        "Strict-Transport-Security": [ "max-age=31536000; includeSubDomains" ],
        "X-Content-Type-Options": [ "nosniff" ],
        "Date": [ "Mon, 30 May 2022 11:02:05 GMT" ]
      },
      "ContentHeaders": {
        "Content-Length": [ "456" ],
        "Content-Type": [ "application/json; charset=utf-8" ],
        "Expires": [ "-1" ]
      },
      "Content": "{\"id\":\"/subscriptions/9e223dbe-3399-4e19-88eb-0975f02ac87f/resourceGroups/testgroup6950/providers/Microsoft.App/containerApps/containerapp6950/authConfigs/current\",\"name\":\"current\",\"type\":\"Microsoft.App/containerapps/authconfigs\",\"properties\":{\"platform\":{\"enabled\":true},\"globalValidation\":{\"unauthenticatedClientAction\":\"AllowAnonymous\"},\"identityProviders\":{\"facebook\":{\"registration\":{\"appId\":\"xxxx@xx.com\",\"appSecretSettingName\":\"facebook-secret\"}}}}}",
      "isContentBase64": false
    }
  },
  "AzContainerAppAuthConfig+[NoContext]+Get+$GET+https://management.azure.com/subscriptions/9e223dbe-3399-4e19-88eb-0975f02ac87f/resourceGroups/testgroup6950/providers/Microsoft.App/containerApps/containerapp6950/authConfigs/current?api-version=2022-03-01+1": {
    "Request": {
      "Method": "GET",
      "RequestUri": "https://management.azure.com/subscriptions/9e223dbe-3399-4e19-88eb-0975f02ac87f/resourceGroups/testgroup6950/providers/Microsoft.App/containerApps/containerapp6950/authConfigs/current?api-version=2022-03-01",
      "Content": null,
      "isContentBase64": false,
      "Headers": {
        "x-ms-unique-id": [ "48" ],
        "x-ms-client-request-id": [ "42da7dc9-8bbb-463b-80a7-6b10b1f2cd19" ],
        "CommandName": [ "Get-AzContainerAppAuthConfig" ],
        "FullCommandName": [ "Get-AzContainerAppAuthConfig_Get" ],
        "ParameterSetName": [ "__AllParameterSets" ],
        "User-Agent": [ "AzurePowershell/v0.0.0", "PSVersion/v7.1.2", "Az.App/0.1.0" ],
        "Authorization": [ "[Filtered]" ]
      },
      "ContentHeaders": {
      }
    },
    "Response": {
      "StatusCode": 200,
      "Headers": {
        "Cache-Control": [ "no-cache" ],
        "Pragma": [ "no-cache" ],
        "Vary": [ "Accept-Encoding" ],
        "x-ms-ratelimit-remaining-subscription-reads": [ "11963" ],
        "api-supported-versions": [ "2022-01-01-preview, 2022-03-01, 2022-05-01" ],
        "Server": [ "Microsoft-IIS/10.0" ],
        "X-Powered-By": [ "ASP.NET" ],
        "x-ms-request-id": [ "4642f622-649e-4d04-a677-1caefdbed0cc" ],
        "x-ms-correlation-request-id": [ "4642f622-649e-4d04-a677-1caefdbed0cc" ],
        "x-ms-routing-request-id": [ "SOUTHEASTASIA:20220530T110207Z:4642f622-649e-4d04-a677-1caefdbed0cc" ],
        "Strict-Transport-Security": [ "max-age=31536000; includeSubDomains" ],
        "X-Content-Type-Options": [ "nosniff" ],
        "Date": [ "Mon, 30 May 2022 11:02:06 GMT" ]
      },
      "ContentHeaders": {
        "Content-Length": [ "456" ],
        "Content-Type": [ "application/json; charset=utf-8" ],
        "Expires": [ "-1" ]
      },
      "Content": "{\"id\":\"/subscriptions/9e223dbe-3399-4e19-88eb-0975f02ac87f/resourceGroups/testgroup6950/providers/Microsoft.App/containerApps/containerapp6950/authConfigs/current\",\"name\":\"current\",\"type\":\"Microsoft.App/containerapps/authconfigs\",\"properties\":{\"platform\":{\"enabled\":true},\"globalValidation\":{\"unauthenticatedClientAction\":\"AllowAnonymous\"},\"identityProviders\":{\"facebook\":{\"registration\":{\"appId\":\"xxxx@xx.com\",\"appSecretSettingName\":\"facebook-secret\"}}}}}",
      "isContentBase64": false
    }
  },
  "AzContainerAppAuthConfig+[NoContext]+Delete+$DELETE+https://management.azure.com/subscriptions/9e223dbe-3399-4e19-88eb-0975f02ac87f/resourceGroups/testgroup6950/providers/Microsoft.App/containerApps/containerapp6950/authConfigs/current?api-version=2022-03-01+1": {
    "Request": {
      "Method": "DELETE",
      "RequestUri": "https://management.azure.com/subscriptions/9e223dbe-3399-4e19-88eb-0975f02ac87f/resourceGroups/testgroup6950/providers/Microsoft.App/containerApps/containerapp6950/authConfigs/current?api-version=2022-03-01",
      "Content": null,
      "isContentBase64": false,
      "Headers": {
        "x-ms-unique-id": [ "49" ],
        "x-ms-client-request-id": [ "104b6df3-1abf-4ed6-b289-cfc50dac8bf6" ],
        "CommandName": [ "Remove-AzContainerAppAuthConfig" ],
        "FullCommandName": [ "Remove-AzContainerAppAuthConfig_Delete" ],
        "ParameterSetName": [ "__AllParameterSets" ],
        "User-Agent": [ "AzurePowershell/v0.0.0", "PSVersion/v7.1.2", "Az.App/0.1.0" ],
        "Authorization": [ "[Filtered]" ]
      },
      "ContentHeaders": {
      }
    },
    "Response": {
      "StatusCode": 204,
      "Headers": {
        "Cache-Control": [ "no-cache" ],
        "Pragma": [ "no-cache" ],
        "api-supported-versions": [ "2022-01-01-preview, 2022-03-01, 2022-05-01" ],
        "Server": [ "Microsoft-IIS/10.0" ],
        "X-Powered-By": [ "ASP.NET" ],
        "x-ms-ratelimit-remaining-subscription-deletes": [ "14997" ],
        "x-ms-request-id": [ "1abd2b71-dcca-4700-a9b7-97ed635ef855" ],
        "x-ms-correlation-request-id": [ "1abd2b71-dcca-4700-a9b7-97ed635ef855" ],
        "x-ms-routing-request-id": [ "SOUTHEASTASIA:20220530T110209Z:1abd2b71-dcca-4700-a9b7-97ed635ef855" ],
        "Strict-Transport-Security": [ "max-age=31536000; includeSubDomains" ],
        "X-Content-Type-Options": [ "nosniff" ],
        "Date": [ "Mon, 30 May 2022 11:02:08 GMT" ]
      },
      "ContentHeaders": {
        "Expires": [ "-1" ]
      },
      "Content": null,
      "isContentBase64": false
    }
  }
}