{
  "Entries": [
    {
      "RequestUri": "/subscriptions/d3bbdcc6-c566-461d-adb1-f8963b79b30e/resourcegroups/onesdk8390?api-version=2014-04-01-preview",
      "EncodedRequestUri": "L3N1YnNjcmlwdGlvbnMvZDNiYmRjYzYtYzU2Ni00NjFkLWFkYjEtZjg5NjNiNzliMzBlL3Jlc291cmNlZ3JvdXBzL29uZXNkazgzOTA/YXBpLXZlcnNpb249MjAxNC0wNC0wMS1wcmV2aWV3",
      "RequestMethod": "HEAD",
      "RequestBody": "",
      "RequestHeaders": {
        "User-Agent": [
          "Microsoft.Azure.Management.Resources.ResourceManagementClient/2.0.0.0"
        ]
      },
      "ResponseBody": "",
      "ResponseHeaders": {
        "Content-Length": [
          "102"
        ],
        "Content-Type": [
          "application/json; charset=utf-8"
        ],
        "Expires": [
          "-1"
        ],
        "Pragma": [
          "no-cache"
        ],
        "x-ms-failure-cause": [
          "gateway"
        ],
        "x-ms-ratelimit-remaining-subscription-reads": [
          "31998"
        ],
        "x-ms-request-id": [
          "b88b3fb1-4f9c-4511-9309-80acec47c0a2"
        ],
        "x-ms-correlation-request-id": [
          "b88b3fb1-4f9c-4511-9309-80acec47c0a2"
        ],
        "x-ms-routing-request-id": [
          "CENTRALUS:20150424T092545Z:b88b3fb1-4f9c-4511-9309-80acec47c0a2"
        ],
        "Strict-Transport-Security": [
          "max-age=31536000; includeSubDomains"
        ],
        "Cache-Control": [
          "no-cache"
        ],
        "Date": [
          "Fri, 24 Apr 2015 09:25:45 GMT"
        ]
      },
      "StatusCode": 404
    },
    {
      "RequestUri": "/subscriptions/d3bbdcc6-c566-461d-adb1-f8963b79b30e/resourcegroups/onesdk8390?api-version=2014-04-01-preview",
      "EncodedRequestUri": "L3N1YnNjcmlwdGlvbnMvZDNiYmRjYzYtYzU2Ni00NjFkLWFkYjEtZjg5NjNiNzliMzBlL3Jlc291cmNlZ3JvdXBzL29uZXNkazgzOTA/YXBpLXZlcnNpb249MjAxNC0wNC0wMS1wcmV2aWV3",
      "RequestMethod": "HEAD",
      "RequestBody": "",
      "RequestHeaders": {
        "User-Agent": [
          "Microsoft.Azure.Management.Resources.ResourceManagementClient/2.0.0.0"
        ]
      },
      "ResponseBody": "",
      "ResponseHeaders": {
        "Content-Length": [
          "0"
        ],
        "Expires": [
          "-1"
        ],
        "Pragma": [
          "no-cache"
        ],
        "x-ms-ratelimit-remaining-subscription-reads": [
          "31994"
        ],
        "x-ms-request-id": [
          "fe5cd2ca-bfb5-4ddc-8afd-fa7fb7f6cbf4"
        ],
        "x-ms-correlation-request-id": [
          "fe5cd2ca-bfb5-4ddc-8afd-fa7fb7f6cbf4"
        ],
        "x-ms-routing-request-id": [
          "CENTRALUS:20150424T092624Z:fe5cd2ca-bfb5-4ddc-8afd-fa7fb7f6cbf4"
        ],
        "Strict-Transport-Security": [
          "max-age=31536000; includeSubDomains"
        ],
        "Cache-Control": [
          "no-cache"
        ],
        "Date": [
          "Fri, 24 Apr 2015 09:26:24 GMT"
        ]
      },
      "StatusCode": 204
    },
    {
      "RequestUri": "/subscriptions/d3bbdcc6-c566-461d-adb1-f8963b79b30e/resourcegroups/onesdk8390?api-version=2014-04-01-preview",
      "EncodedRequestUri": "L3N1YnNjcmlwdGlvbnMvZDNiYmRjYzYtYzU2Ni00NjFkLWFkYjEtZjg5NjNiNzliMzBlL3Jlc291cmNlZ3JvdXBzL29uZXNkazgzOTA/YXBpLXZlcnNpb249MjAxNC0wNC0wMS1wcmV2aWV3",
      "RequestMethod": "PUT",
      "RequestBody": "{\r\n  \"location\": \"Japan East\"\r\n}",
      "RequestHeaders": {
        "Content-Type": [
          "application/json; charset=utf-8"
        ],
        "Content-Length": [
          "32"
        ],
        "User-Agent": [
          "Microsoft.Azure.Management.Resources.ResourceManagementClient/2.0.0.0"
        ]
      },
      "ResponseBody": "{\r\n  \"id\": \"/subscriptions/d3bbdcc6-c566-461d-adb1-f8963b79b30e/resourceGroups/onesdk8390\",\r\n  \"name\": \"onesdk8390\",\r\n  \"location\": \"japaneast\",\r\n  \"properties\": {\r\n    \"provisioningState\": \"Succeeded\"\r\n  }\r\n}",
      "ResponseHeaders": {
        "Content-Length": [
          "176"
        ],
        "Content-Type": [
          "application/json; charset=utf-8"
        ],
        "Expires": [
          "-1"
        ],
        "Pragma": [
          "no-cache"
        ],
        "x-ms-ratelimit-remaining-subscription-writes": [
          "1199"
        ],
        "x-ms-request-id": [
          "9208b6ad-e14e-46a0-9fe9-e0781adc8c6d"
        ],
        "x-ms-correlation-request-id": [
          "9208b6ad-e14e-46a0-9fe9-e0781adc8c6d"
        ],
        "x-ms-routing-request-id": [
          "CENTRALUS:20150424T092546Z:9208b6ad-e14e-46a0-9fe9-e0781adc8c6d"
        ],
        "Strict-Transport-Security": [
          "max-age=31536000; includeSubDomains"
        ],
        "Cache-Control": [
          "no-cache"
        ],
        "Date": [
          "Fri, 24 Apr 2015 09:25:45 GMT"
        ]
      },
      "StatusCode": 201
    },
    {
      "RequestUri": "/subscriptions/d3bbdcc6-c566-461d-adb1-f8963b79b30e/resourceGroups/onesdk8390/resources?api-version=2014-04-01-preview",
      "EncodedRequestUri": "L3N1YnNjcmlwdGlvbnMvZDNiYmRjYzYtYzU2Ni00NjFkLWFkYjEtZjg5NjNiNzliMzBlL3Jlc291cmNlR3JvdXBzL29uZXNkazgzOTAvcmVzb3VyY2VzP2FwaS12ZXJzaW9uPTIwMTQtMDQtMDEtcHJldmlldw==",
      "RequestMethod": "GET",
      "RequestBody": "",
      "RequestHeaders": {
        "User-Agent": [
          "Microsoft.Azure.Management.Resources.ResourceManagementClient/2.0.0.0"
        ]
      },
      "ResponseBody": "{\r\n  \"value\": []\r\n}",
      "ResponseHeaders": {
        "Content-Length": [
          "12"
        ],
        "Content-Type": [
          "application/json; charset=utf-8"
        ],
        "Expires": [
          "-1"
        ],
        "Pragma": [
          "no-cache"
        ],
        "x-ms-ratelimit-remaining-subscription-reads": [
          "31997"
        ],
        "x-ms-request-id": [
          "c5692e4d-3749-44bb-989e-e177caab9913"
        ],
        "x-ms-correlation-request-id": [
          "c5692e4d-3749-44bb-989e-e177caab9913"
        ],
        "x-ms-routing-request-id": [
          "CENTRALUS:20150424T092546Z:c5692e4d-3749-44bb-989e-e177caab9913"
        ],
        "Strict-Transport-Security": [
          "max-age=31536000; includeSubDomains"
        ],
        "Cache-Control": [
          "no-cache"
        ],
        "Date": [
          "Fri, 24 Apr 2015 09:25:46 GMT"
        ]
      },
      "StatusCode": 200
    },
    {
      "RequestUri": "/subscriptions/d3bbdcc6-c566-461d-adb1-f8963b79b30e/resourcegroups/onesdk8390/providers/Microsoft.Authorization/permissions?api-version=2014-07-01-preview",
      "EncodedRequestUri": "L3N1YnNjcmlwdGlvbnMvZDNiYmRjYzYtYzU2Ni00NjFkLWFkYjEtZjg5NjNiNzliMzBlL3Jlc291cmNlZ3JvdXBzL29uZXNkazgzOTAvcHJvdmlkZXJzL01pY3Jvc29mdC5BdXRob3JpemF0aW9uL3Blcm1pc3Npb25zP2FwaS12ZXJzaW9uPTIwMTQtMDctMDEtcHJldmlldw==",
      "RequestMethod": "GET",
      "RequestBody": "",
      "RequestHeaders": {
        "User-Agent": [
          "Microsoft.Azure.Management.Authorization.AuthorizationManagementClient/0.9.0.0"
        ]
      },
      "ResponseBody": "{\r\n  \"value\": [\r\n    {\r\n      \"actions\": [\r\n        \"*\"\r\n      ],\r\n      \"notActions\": []\r\n    }\r\n  ]\r\n}",
      "ResponseHeaders": {
        "Content-Length": [
          "45"
        ],
        "Content-Type": [
          "application/json; charset=utf-8"
        ],
        "Expires": [
          "-1"
        ],
        "Pragma": [
          "no-cache"
        ],
        "Vary": [
          "Accept-Encoding"
        ],
        "x-ms-request-id": [
          "centralus:fb5e5cfd-be59-44ed-b2d2-39259732d3ea"
        ],
        "x-ms-ratelimit-remaining-subscription-reads": [
          "31979"
        ],
        "x-ms-correlation-request-id": [
          "c9c2a0f0-e8e7-451d-b978-1421e6fc8a5e"
        ],
        "x-ms-routing-request-id": [
          "CENTRALUS:20150424T092613Z:c9c2a0f0-e8e7-451d-b978-1421e6fc8a5e"
        ],
        "Strict-Transport-Security": [
          "max-age=31536000; includeSubDomains"
        ],
        "Cache-Control": [
          "no-cache"
        ],
        "Date": [
          "Fri, 24 Apr 2015 09:26:12 GMT"
        ]
      },
      "StatusCode": 200
    },
    {
      "RequestUri": "/subscriptions/d3bbdcc6-c566-461d-adb1-f8963b79b30e/resourceGroups/onesdk8390/providers/Microsoft.Sql/servers/onesdk5373?api-version=2014-04-01",
      "EncodedRequestUri": "L3N1YnNjcmlwdGlvbnMvZDNiYmRjYzYtYzU2Ni00NjFkLWFkYjEtZjg5NjNiNzliMzBlL3Jlc291cmNlR3JvdXBzL29uZXNkazgzOTAvcHJvdmlkZXJzL01pY3Jvc29mdC5TcWwvc2VydmVycy9vbmVzZGs1MzczP2FwaS12ZXJzaW9uPTIwMTQtMDQtMDE=",
      "RequestMethod": "GET",
      "RequestBody": "",
      "RequestHeaders": {
        "User-Agent": [
          "Microsoft.Azure.Management.Sql.SqlManagementClient/0.9.0.0"
        ],
        "x-ms-client-request-id": [
          "8fbcd860-44e4-4abb-99f8-62f99350b467"
        ]
      },
      "ResponseBody": "{\r\n  \"error\": {\r\n    \"code\": \"ResourceNotFound\",\r\n    \"message\": \"Resource not found.\"\r\n  }\r\n}",
      "ResponseHeaders": {
        "Content-Length": [
          "69"
        ],
        "Content-Type": [
          "application/json; charset=utf-8"
        ],
        "Expires": [
          "-1"
        ],
        "Pragma": [
          "no-cache"
        ],
        "x-ms-failure-cause": [
          "gateway"
        ],
        "x-ms-request-id": [
          "6a083288-af5b-45bf-973e-d03167a1dd20"
        ],
        "x-ms-correlation-request-id": [
          "6a083288-af5b-45bf-973e-d03167a1dd20"
        ],
        "x-ms-routing-request-id": [
          "CENTRALUS:20150424T092548Z:6a083288-af5b-45bf-973e-d03167a1dd20"
        ],
        "Strict-Transport-Security": [
          "max-age=31536000; includeSubDomains"
        ],
        "Cache-Control": [
          "no-cache"
        ],
        "Date": [
          "Fri, 24 Apr 2015 09:25:47 GMT"
        ]
      },
      "StatusCode": 404
    },
    {
      "RequestUri": "/subscriptions/d3bbdcc6-c566-461d-adb1-f8963b79b30e/resourceGroups/onesdk8390/providers/Microsoft.Sql/servers/onesdk5373?api-version=2014-04-01",
      "EncodedRequestUri": "L3N1YnNjcmlwdGlvbnMvZDNiYmRjYzYtYzU2Ni00NjFkLWFkYjEtZjg5NjNiNzliMzBlL3Jlc291cmNlR3JvdXBzL29uZXNkazgzOTAvcHJvdmlkZXJzL01pY3Jvc29mdC5TcWwvc2VydmVycy9vbmVzZGs1MzczP2FwaS12ZXJzaW9uPTIwMTQtMDQtMDE=",
      "RequestMethod": "PUT",
      "RequestBody": "{\r\n  \"properties\": {\r\n    \"version\": \"12.0\",\r\n    \"administratorLogin\": \"testusername\",\r\n    \"administratorLoginPassword\": \"t357ingP@s5w0rd!\"\r\n  },\r\n  \"location\": \"Japan East\"\r\n}",
      "RequestHeaders": {
        "Content-Type": [
          "application/json; charset=utf-8"
        ],
        "Content-Length": [
          "178"
        ],
        "User-Agent": [
          "Microsoft.Azure.Management.Sql.SqlManagementClient/0.9.0.0"
        ],
        "x-ms-client-request-id": [
          "36bf01d0-aa9c-425b-96ef-b99376c1f70a"
        ]
      },
      "ResponseBody": "{\r\n  \"id\": \"/subscriptions/d3bbdcc6-c566-461d-adb1-f8963b79b30e/resourceGroups/onesdk8390/providers/Microsoft.Sql/servers/onesdk5373\",\r\n  \"name\": \"onesdk5373\",\r\n  \"type\": \"Microsoft.Sql/servers\",\r\n  \"location\": \"Japan East\",\r\n  \"kind\": \"v12.0\",\r\n  \"properties\": {\r\n    \"fullyQualifiedDomainName\": \"onesdk5373.sqltest-eg1.mscds.com\",\r\n    \"administratorLogin\": \"testusername\",\r\n    \"administratorLoginPassword\": \"t357ingP@s5w0rd!\",\r\n    \"externalAdministratorLogin\": null,\r\n    \"externalAdministratorSid\": null,\r\n    \"version\": \"12.0\",\r\n    \"state\": \"Ready\"\r\n  }\r\n}",
      "ResponseHeaders": {
        "Content-Length": [
          "479"
        ],
        "Content-Type": [
          "application/json; odata=minimalmetadata; streaming=true; charset=utf-8"
        ],
        "x-ms-request-id": [
          "dac07bca-aaa7-493d-a602-1d8347cfa4a7"
        ],
        "X-Content-Type-Options": [
          "nosniff"
        ],
        "Preference-Applied": [
          "return-content"
        ],
        "DataServiceVersion": [
          "3.0;"
        ],
        "x-ms-ratelimit-remaining-subscription-writes": [
          "1198"
        ],
        "x-ms-correlation-request-id": [
          "df753940-cd0f-4725-b3a2-844cc2722245"
        ],
        "x-ms-routing-request-id": [
          "CENTRALUS:20150424T092623Z:df753940-cd0f-4725-b3a2-844cc2722245"
        ],
        "Strict-Transport-Security": [
          "max-age=31536000; includeSubDomains"
        ],
        "Cache-Control": [
          "no-store, no-cache"
        ],
        "Date": [
          "Fri, 24 Apr 2015 09:26:23 GMT"
        ],
        "Server": [
          "Microsoft-HTTPAPI/2.0"
        ]
      },
      "StatusCode": 201
    },
    {
      "RequestUri": "/subscriptions/d3bbdcc6-c566-461d-adb1-f8963b79b30e/resourceGroups/onesdk8390/providers/Microsoft.Sql/servers/onesdk5373/recommendedElasticPools/ElasticPool1?api-version=2014-04-01",
      "EncodedRequestUri": "L3N1YnNjcmlwdGlvbnMvZDNiYmRjYzYtYzU2Ni00NjFkLWFkYjEtZjg5NjNiNzliMzBlL3Jlc291cmNlR3JvdXBzL29uZXNkazgzOTAvcHJvdmlkZXJzL01pY3Jvc29mdC5TcWwvc2VydmVycy9vbmVzZGs1MzczL3JlY29tbWVuZGVkRWxhc3RpY1Bvb2xzL0VsYXN0aWNQb29sMT9hcGktdmVyc2lvbj0yMDE0LTA0LTAx",
      "RequestMethod": "GET",
      "RequestBody": "",
      "RequestHeaders": {
        "User-Agent": [
          "Microsoft.Azure.Management.Sql.SqlManagementClient/0.9.0.0"
        ],
        "x-ms-client-request-id": [
          "82b7891f-dd08-42e5-9e2b-b471aec14740"
        ]
      },
      "ResponseBody": "{\r\n  \"id\": \"\/subscriptions\/d3bbdcc6-c566-461d-adb1-f8963b79b30e\/resourceGroups\/onesdk8390\/providers\/Microsoft.Sql\/servers\/onesdk5373\/recommendedElasticPools\/ElasticPool1\",\r\n  \"name\": \"ElasticPool1\",\r\n  \"type\": \"Microsoft.Sql\/servers\/recommendedElasticPools\",\r\n  \"properties\": {\r\n    \"databaseEdition\": \"Standard\",\r\n    \"dtu\": 1000.0,\r\n    \"databaseDtuMin\": 100.6,\r\n    \"databaseDtuMax\": 200.5,\r\n    \"storageMB\": 1000.3,\r\n    \"observationPeriodStart\": \"2014-11-01T00:00:00Z\",\r\n    \"observationPeriodEnd\": \"2014-11-15T00:00:00Z\",\r\n    \"maxObservedDtu\": 900.2,\r\n    \"maxObservedStorageMB\": 350.0,\r\n    \"databases\": [],\r\n    \"metrics\": [\r\n      {\r\n        \"dateTime\": \"2015-04-01T00:00:00Z\",\r\n        \"dtu\": 100.5,\r\n        \"sizeGB\": 15.4\r\n      },\r\n      {\r\n        \"dateTime\": \"2015-04-02T00:00:00Z\",\r\n        \"dtu\": 135.0,\r\n        \"sizeGB\": 12.754\r\n      },\r\n      {\r\n        \"dateTime\": \"2015-04-03T00:00:00Z\",\r\n        \"dtu\": 135.0,\r\n        \"sizeGB\": 12.754\r\n      }\r\n    ]\r\n  }\r\n}",
      "ResponseHeaders": {
        "Content-Length": [
          "1300"
        ],
        "Content-Type": [
          "application/json; charset=utf-8"
        ],
        "Expires": [
          "-1"
        ],
        "Pragma": [
          "no-cache"
        ],
        "x-ms-failure-cause": [
          "gateway"
        ],
        "x-ms-request-id": [
          "b09567b3-f6ad-4a96-ba95-53ee1b8fd3e1"
        ],
        "x-ms-correlation-request-id": [
          "b09567b3-f6ad-4a96-ba95-53ee1b8fd3e1"
        ],
        "x-ms-routing-request-id": [
          "CENTRALUS:20150424T092624Z:b09567b3-f6ad-4a96-ba95-53ee1b8fd3e1"
        ],
        "Strict-Transport-Security": [
          "max-age=31536000; includeSubDomains"
        ],
        "Cache-Control": [
          "no-cache"
        ],
        "Date": [
          "Fri, 24 Apr 2015 09:26:24 GMT"
        ]
      },
      "StatusCode": 200
    },
    {
      "RequestUri": "/subscriptions/d3bbdcc6-c566-461d-adb1-f8963b79b30e/resourcegroups/onesdk8390?api-version=2014-04-01-preview",
      "EncodedRequestUri": "L3N1YnNjcmlwdGlvbnMvZDNiYmRjYzYtYzU2Ni00NjFkLWFkYjEtZjg5NjNiNzliMzBlL3Jlc291cmNlZ3JvdXBzL29uZXNkazgzOTA/YXBpLXZlcnNpb249MjAxNC0wNC0wMS1wcmV2aWV3",
      "RequestMethod": "DELETE",
      "RequestBody": "",
      "RequestHeaders": {
        "User-Agent": [
          "Microsoft.Azure.Management.Resources.ResourceManagementClient/2.0.0.0"
        ]
      },
      "ResponseBody": "",
      "ResponseHeaders": {
        "Content-Length": [
          "0"
        ],
        "Expires": [
          "-1"
        ],
        "Pragma": [
          "no-cache"
        ],
        "Retry-After": [
          "15"
        ],
        "x-ms-ratelimit-remaining-subscription-writes": [
          "1197"
        ],
        "x-ms-request-id": [
          "0938611b-0ef0-4c74-aeb6-69a012919876"
        ],
        "x-ms-correlation-request-id": [
          "0938611b-0ef0-4c74-aeb6-69a012919876"
        ],
        "x-ms-routing-request-id": [
          "CENTRALUS:20150424T092624Z:0938611b-0ef0-4c74-aeb6-69a012919876"
        ],
        "Strict-Transport-Security": [
          "max-age=31536000; includeSubDomains"
        ],
        "Cache-Control": [
          "no-cache"
        ],
        "Date": [
          "Fri, 24 Apr 2015 09:26:24 GMT"
        ],
        "Location": [
          "https://api-current.resources.windows-int.net/subscriptions/d3bbdcc6-c566-461d-adb1-f8963b79b30e/operationresults/eyJqb2JJZCI6IlJFU09VUkNFR1JPVVBERUxFVElPTkpPQi1PTkVTREs4MzkwLUpBUEFORUFTVCIsImpvYkxvY2F0aW9uIjoiamFwYW5lYXN0In0?api-version=2014-04-01-preview"
        ]
      },
      "StatusCode": 202
    },
    {
      "RequestUri": "/subscriptions/d3bbdcc6-c566-461d-adb1-f8963b79b30e/operationresults/eyJqb2JJZCI6IlJFU09VUkNFR1JPVVBERUxFVElPTkpPQi1PTkVTREs4MzkwLUpBUEFORUFTVCIsImpvYkxvY2F0aW9uIjoiamFwYW5lYXN0In0?api-version=2014-04-01-preview",
      "EncodedRequestUri": "L3N1YnNjcmlwdGlvbnMvZDNiYmRjYzYtYzU2Ni00NjFkLWFkYjEtZjg5NjNiNzliMzBlL29wZXJhdGlvbnJlc3VsdHMvZXlKcWIySkpaQ0k2SWxKRlUwOVZVa05GUjFKUFZWQkVSVXhGVkVsUFRrcFBRaTFQVGtWVFJFczRNemt3TFVwQlVFRk9SVUZUVkNJc0ltcHZZa3h2WTJGMGFXOXVJam9pYW1Gd1lXNWxZWE4wSW4wP2FwaS12ZXJzaW9uPTIwMTQtMDQtMDEtcHJldmlldw==",
      "RequestMethod": "GET",
      "RequestBody": "",
      "RequestHeaders": {
        "x-ms-version": [
          "2014-04-01-preview"
        ],
        "User-Agent": [
          "Microsoft.Azure.Management.Resources.ResourceManagementClient/2.0.0.0"
        ]
      },
      "ResponseBody": "",
      "ResponseHeaders": {
        "Content-Length": [
          "0"
        ],
        "Expires": [
          "-1"
        ],
        "Pragma": [
          "no-cache"
        ],
        "Retry-After": [
          "15"
        ],
        "x-ms-ratelimit-remaining-subscription-reads": [
          "31993"
        ],
        "x-ms-request-id": [
          "307b4bed-c79d-4832-974e-09d131049bae"
        ],
        "x-ms-correlation-request-id": [
          "307b4bed-c79d-4832-974e-09d131049bae"
        ],
        "x-ms-routing-request-id": [
          "CENTRALUS:20150424T092624Z:307b4bed-c79d-4832-974e-09d131049bae"
        ],
        "Strict-Transport-Security": [
          "max-age=31536000; includeSubDomains"
        ],
        "Cache-Control": [
          "no-cache"
        ],
        "Date": [
          "Fri, 24 Apr 2015 09:26:24 GMT"
        ],
        "Location": [
          "https://api-current.resources.windows-int.net/subscriptions/d3bbdcc6-c566-461d-adb1-f8963b79b30e/operationresults/eyJqb2JJZCI6IlJFU09VUkNFR1JPVVBERUxFVElPTkpPQi1PTkVTREs4MzkwLUpBUEFORUFTVCIsImpvYkxvY2F0aW9uIjoiamFwYW5lYXN0In0?api-version=2014-04-01-preview"
        ]
      },
      "StatusCode": 202
    },
    {
      "RequestUri": "/subscriptions/d3bbdcc6-c566-461d-adb1-f8963b79b30e/operationresults/eyJqb2JJZCI6IlJFU09VUkNFR1JPVVBERUxFVElPTkpPQi1PTkVTREs4MzkwLUpBUEFORUFTVCIsImpvYkxvY2F0aW9uIjoiamFwYW5lYXN0In0?api-version=2014-04-01-preview",
      "EncodedRequestUri": "L3N1YnNjcmlwdGlvbnMvZDNiYmRjYzYtYzU2Ni00NjFkLWFkYjEtZjg5NjNiNzliMzBlL29wZXJhdGlvbnJlc3VsdHMvZXlKcWIySkpaQ0k2SWxKRlUwOVZVa05GUjFKUFZWQkVSVXhGVkVsUFRrcFBRaTFQVGtWVFJFczRNemt3TFVwQlVFRk9SVUZUVkNJc0ltcHZZa3h2WTJGMGFXOXVJam9pYW1Gd1lXNWxZWE4wSW4wP2FwaS12ZXJzaW9uPTIwMTQtMDQtMDEtcHJldmlldw==",
      "RequestMethod": "GET",
      "RequestBody": "",
      "RequestHeaders": {
        "x-ms-version": [
          "2014-04-01-preview"
        ],
        "User-Agent": [
          "Microsoft.Azure.Management.Resources.ResourceManagementClient/2.0.0.0"
        ]
      },
      "ResponseBody": "",
      "ResponseHeaders": {
        "Content-Length": [
          "0"
        ],
        "Expires": [
          "-1"
        ],
        "Pragma": [
          "no-cache"
        ],
        "Retry-After": [
          "15"
        ],
        "x-ms-ratelimit-remaining-subscription-reads": [
          "31992"
        ],
        "x-ms-request-id": [
          "5fd10759-3c87-45ec-955e-ef336275610a"
        ],
        "x-ms-correlation-request-id": [
          "5fd10759-3c87-45ec-955e-ef336275610a"
        ],
        "x-ms-routing-request-id": [
          "CENTRALUS:20150424T092639Z:5fd10759-3c87-45ec-955e-ef336275610a"
        ],
        "Strict-Transport-Security": [
          "max-age=31536000; includeSubDomains"
        ],
        "Cache-Control": [
          "no-cache"
        ],
        "Date": [
          "Fri, 24 Apr 2015 09:26:39 GMT"
        ],
        "Location": [
          "https://api-current.resources.windows-int.net/subscriptions/d3bbdcc6-c566-461d-adb1-f8963b79b30e/operationresults/eyJqb2JJZCI6IlJFU09VUkNFR1JPVVBERUxFVElPTkpPQi1PTkVTREs4MzkwLUpBUEFORUFTVCIsImpvYkxvY2F0aW9uIjoiamFwYW5lYXN0In0?api-version=2014-04-01-preview"
        ]
      },
      "StatusCode": 202
    },
    {
      "RequestUri": "/subscriptions/d3bbdcc6-c566-461d-adb1-f8963b79b30e/operationresults/eyJqb2JJZCI6IlJFU09VUkNFR1JPVVBERUxFVElPTkpPQi1PTkVTREs4MzkwLUpBUEFORUFTVCIsImpvYkxvY2F0aW9uIjoiamFwYW5lYXN0In0?api-version=2014-04-01-preview",
      "EncodedRequestUri": "L3N1YnNjcmlwdGlvbnMvZDNiYmRjYzYtYzU2Ni00NjFkLWFkYjEtZjg5NjNiNzliMzBlL29wZXJhdGlvbnJlc3VsdHMvZXlKcWIySkpaQ0k2SWxKRlUwOVZVa05GUjFKUFZWQkVSVXhGVkVsUFRrcFBRaTFQVGtWVFJFczRNemt3TFVwQlVFRk9SVUZUVkNJc0ltcHZZa3h2WTJGMGFXOXVJam9pYW1Gd1lXNWxZWE4wSW4wP2FwaS12ZXJzaW9uPTIwMTQtMDQtMDEtcHJldmlldw==",
      "RequestMethod": "GET",
      "RequestBody": "",
      "RequestHeaders": {
        "x-ms-version": [
          "2014-04-01-preview"
        ],
        "User-Agent": [
          "Microsoft.Azure.Management.Resources.ResourceManagementClient/2.0.0.0"
        ]
      },
      "ResponseBody": "",
      "ResponseHeaders": {
        "Content-Length": [
          "0"
        ],
        "Expires": [
          "-1"
        ],
        "Pragma": [
          "no-cache"
        ],
        "Retry-After": [
          "15"
        ],
        "x-ms-ratelimit-remaining-subscription-reads": [
          "31991"
        ],
        "x-ms-request-id": [
          "02282977-fa1f-493e-93c0-55601229376b"
        ],
        "x-ms-correlation-request-id": [
          "02282977-fa1f-493e-93c0-55601229376b"
        ],
        "x-ms-routing-request-id": [
          "CENTRALUS:20150424T092655Z:02282977-fa1f-493e-93c0-55601229376b"
        ],
        "Strict-Transport-Security": [
          "max-age=31536000; includeSubDomains"
        ],
        "Cache-Control": [
          "no-cache"
        ],
        "Date": [
          "Fri, 24 Apr 2015 09:26:54 GMT"
        ],
        "Location": [
          "https://api-current.resources.windows-int.net/subscriptions/d3bbdcc6-c566-461d-adb1-f8963b79b30e/operationresults/eyJqb2JJZCI6IlJFU09VUkNFR1JPVVBERUxFVElPTkpPQi1PTkVTREs4MzkwLUpBUEFORUFTVCIsImpvYkxvY2F0aW9uIjoiamFwYW5lYXN0In0?api-version=2014-04-01-preview"
        ]
      },
      "StatusCode": 202
    },
    {
      "RequestUri": "/subscriptions/d3bbdcc6-c566-461d-adb1-f8963b79b30e/operationresults/eyJqb2JJZCI6IlJFU09VUkNFR1JPVVBERUxFVElPTkpPQi1PTkVTREs4MzkwLUpBUEFORUFTVCIsImpvYkxvY2F0aW9uIjoiamFwYW5lYXN0In0?api-version=2014-04-01-preview",
      "EncodedRequestUri": "L3N1YnNjcmlwdGlvbnMvZDNiYmRjYzYtYzU2Ni00NjFkLWFkYjEtZjg5NjNiNzliMzBlL29wZXJhdGlvbnJlc3VsdHMvZXlKcWIySkpaQ0k2SWxKRlUwOVZVa05GUjFKUFZWQkVSVXhGVkVsUFRrcFBRaTFQVGtWVFJFczRNemt3TFVwQlVFRk9SVUZUVkNJc0ltcHZZa3h2WTJGMGFXOXVJam9pYW1Gd1lXNWxZWE4wSW4wP2FwaS12ZXJzaW9uPTIwMTQtMDQtMDEtcHJldmlldw==",
      "RequestMethod": "GET",
      "RequestBody": "",
      "RequestHeaders": {
        "x-ms-version": [
          "2014-04-01-preview"
        ],
        "User-Agent": [
          "Microsoft.Azure.Management.Resources.ResourceManagementClient/2.0.0.0"
        ]
      },
      "ResponseBody": "",
      "ResponseHeaders": {
        "Content-Length": [
          "0"
        ],
        "Expires": [
          "-1"
        ],
        "Pragma": [
          "no-cache"
        ],
        "Retry-After": [
          "15"
        ],
        "x-ms-ratelimit-remaining-subscription-reads": [
          "31990"
        ],
        "x-ms-request-id": [
          "ed15f0f7-f70d-4ad1-a48d-dceb1b8e61d2"
        ],
        "x-ms-correlation-request-id": [
          "ed15f0f7-f70d-4ad1-a48d-dceb1b8e61d2"
        ],
        "x-ms-routing-request-id": [
          "CENTRALUS:20150424T092710Z:ed15f0f7-f70d-4ad1-a48d-dceb1b8e61d2"
        ],
        "Strict-Transport-Security": [
          "max-age=31536000; includeSubDomains"
        ],
        "Cache-Control": [
          "no-cache"
        ],
        "Date": [
          "Fri, 24 Apr 2015 09:27:09 GMT"
        ],
        "Location": [
          "https://api-current.resources.windows-int.net/subscriptions/d3bbdcc6-c566-461d-adb1-f8963b79b30e/operationresults/eyJqb2JJZCI6IlJFU09VUkNFR1JPVVBERUxFVElPTkpPQi1PTkVTREs4MzkwLUpBUEFORUFTVCIsImpvYkxvY2F0aW9uIjoiamFwYW5lYXN0In0?api-version=2014-04-01-preview"
        ]
      },
      "StatusCode": 202
    },
    {
      "RequestUri": "/subscriptions/d3bbdcc6-c566-461d-adb1-f8963b79b30e/operationresults/eyJqb2JJZCI6IlJFU09VUkNFR1JPVVBERUxFVElPTkpPQi1PTkVTREs4MzkwLUpBUEFORUFTVCIsImpvYkxvY2F0aW9uIjoiamFwYW5lYXN0In0?api-version=2014-04-01-preview",
      "EncodedRequestUri": "L3N1YnNjcmlwdGlvbnMvZDNiYmRjYzYtYzU2Ni00NjFkLWFkYjEtZjg5NjNiNzliMzBlL29wZXJhdGlvbnJlc3VsdHMvZXlKcWIySkpaQ0k2SWxKRlUwOVZVa05GUjFKUFZWQkVSVXhGVkVsUFRrcFBRaTFQVGtWVFJFczRNemt3TFVwQlVFRk9SVUZUVkNJc0ltcHZZa3h2WTJGMGFXOXVJam9pYW1Gd1lXNWxZWE4wSW4wP2FwaS12ZXJzaW9uPTIwMTQtMDQtMDEtcHJldmlldw==",
      "RequestMethod": "GET",
      "RequestBody": "",
      "RequestHeaders": {
        "x-ms-version": [
          "2014-04-01-preview"
        ],
        "User-Agent": [
          "Microsoft.Azure.Management.Resources.ResourceManagementClient/2.0.0.0"
        ]
      },
      "ResponseBody": "",
      "ResponseHeaders": {
        "Content-Length": [
          "0"
        ],
        "Expires": [
          "-1"
        ],
        "Pragma": [
          "no-cache"
        ],
        "Retry-After": [
          "15"
        ],
        "x-ms-ratelimit-remaining-subscription-reads": [
          "31989"
        ],
        "x-ms-request-id": [
          "786eb3a0-8f45-4216-ade8-2ce471cbd6ad"
        ],
        "x-ms-correlation-request-id": [
          "786eb3a0-8f45-4216-ade8-2ce471cbd6ad"
        ],
        "x-ms-routing-request-id": [
          "CENTRALUS:20150424T092725Z:786eb3a0-8f45-4216-ade8-2ce471cbd6ad"
        ],
        "Strict-Transport-Security": [
          "max-age=31536000; includeSubDomains"
        ],
        "Cache-Control": [
          "no-cache"
        ],
        "Date": [
          "Fri, 24 Apr 2015 09:27:24 GMT"
        ],
        "Location": [
          "https://api-current.resources.windows-int.net/subscriptions/d3bbdcc6-c566-461d-adb1-f8963b79b30e/operationresults/eyJqb2JJZCI6IlJFU09VUkNFR1JPVVBERUxFVElPTkpPQi1PTkVTREs4MzkwLUpBUEFORUFTVCIsImpvYkxvY2F0aW9uIjoiamFwYW5lYXN0In0?api-version=2014-04-01-preview"
        ]
      },
      "StatusCode": 202
    },
    {
      "RequestUri": "/subscriptions/d3bbdcc6-c566-461d-adb1-f8963b79b30e/operationresults/eyJqb2JJZCI6IlJFU09VUkNFR1JPVVBERUxFVElPTkpPQi1PTkVTREs4MzkwLUpBUEFORUFTVCIsImpvYkxvY2F0aW9uIjoiamFwYW5lYXN0In0?api-version=2014-04-01-preview",
      "EncodedRequestUri": "L3N1YnNjcmlwdGlvbnMvZDNiYmRjYzYtYzU2Ni00NjFkLWFkYjEtZjg5NjNiNzliMzBlL29wZXJhdGlvbnJlc3VsdHMvZXlKcWIySkpaQ0k2SWxKRlUwOVZVa05GUjFKUFZWQkVSVXhGVkVsUFRrcFBRaTFQVGtWVFJFczRNemt3TFVwQlVFRk9SVUZUVkNJc0ltcHZZa3h2WTJGMGFXOXVJam9pYW1Gd1lXNWxZWE4wSW4wP2FwaS12ZXJzaW9uPTIwMTQtMDQtMDEtcHJldmlldw==",
      "RequestMethod": "GET",
      "RequestBody": "",
      "RequestHeaders": {
        "x-ms-version": [
          "2014-04-01-preview"
        ],
        "User-Agent": [
          "Microsoft.Azure.Management.Resources.ResourceManagementClient/2.0.0.0"
        ]
      },
      "ResponseBody": "",
      "ResponseHeaders": {
        "Content-Length": [
          "0"
        ],
        "Expires": [
          "-1"
        ],
        "Pragma": [
          "no-cache"
        ],
        "Retry-After": [
          "15"
        ],
        "x-ms-ratelimit-remaining-subscription-reads": [
          "31988"
        ],
        "x-ms-request-id": [
          "29108226-8ccc-4e0e-a9ba-c46960538293"
        ],
        "x-ms-correlation-request-id": [
          "29108226-8ccc-4e0e-a9ba-c46960538293"
        ],
        "x-ms-routing-request-id": [
          "CENTRALUS:20150424T092740Z:29108226-8ccc-4e0e-a9ba-c46960538293"
        ],
        "Strict-Transport-Security": [
          "max-age=31536000; includeSubDomains"
        ],
        "Cache-Control": [
          "no-cache"
        ],
        "Date": [
          "Fri, 24 Apr 2015 09:27:39 GMT"
        ],
        "Location": [
          "https://api-current.resources.windows-int.net/subscriptions/d3bbdcc6-c566-461d-adb1-f8963b79b30e/operationresults/eyJqb2JJZCI6IlJFU09VUkNFR1JPVVBERUxFVElPTkpPQi1PTkVTREs4MzkwLUpBUEFORUFTVCIsImpvYkxvY2F0aW9uIjoiamFwYW5lYXN0In0?api-version=2014-04-01-preview"
        ]
      },
      "StatusCode": 202
    },
    {
      "RequestUri": "/subscriptions/d3bbdcc6-c566-461d-adb1-f8963b79b30e/operationresults/eyJqb2JJZCI6IlJFU09VUkNFR1JPVVBERUxFVElPTkpPQi1PTkVTREs4MzkwLUpBUEFORUFTVCIsImpvYkxvY2F0aW9uIjoiamFwYW5lYXN0In0?api-version=2014-04-01-preview",
      "EncodedRequestUri": "L3N1YnNjcmlwdGlvbnMvZDNiYmRjYzYtYzU2Ni00NjFkLWFkYjEtZjg5NjNiNzliMzBlL29wZXJhdGlvbnJlc3VsdHMvZXlKcWIySkpaQ0k2SWxKRlUwOVZVa05GUjFKUFZWQkVSVXhGVkVsUFRrcFBRaTFQVGtWVFJFczRNemt3TFVwQlVFRk9SVUZUVkNJc0ltcHZZa3h2WTJGMGFXOXVJam9pYW1Gd1lXNWxZWE4wSW4wP2FwaS12ZXJzaW9uPTIwMTQtMDQtMDEtcHJldmlldw==",
      "RequestMethod": "GET",
      "RequestBody": "",
      "RequestHeaders": {
        "x-ms-version": [
          "2014-04-01-preview"
        ],
        "User-Agent": [
          "Microsoft.Azure.Management.Resources.ResourceManagementClient/2.0.0.0"
        ]
      },
      "ResponseBody": "",
      "ResponseHeaders": {
        "Content-Length": [
          "0"
        ],
        "Expires": [
          "-1"
        ],
        "Pragma": [
          "no-cache"
        ],
        "Retry-After": [
          "15"
        ],
        "x-ms-ratelimit-remaining-subscription-reads": [
          "31987"
        ],
        "x-ms-request-id": [
          "6e2ac6b4-db5b-49d1-9bc7-7cc783c7bac1"
        ],
        "x-ms-correlation-request-id": [
          "6e2ac6b4-db5b-49d1-9bc7-7cc783c7bac1"
        ],
        "x-ms-routing-request-id": [
          "CENTRALUS:20150424T092755Z:6e2ac6b4-db5b-49d1-9bc7-7cc783c7bac1"
        ],
        "Strict-Transport-Security": [
          "max-age=31536000; includeSubDomains"
        ],
        "Cache-Control": [
          "no-cache"
        ],
        "Date": [
          "Fri, 24 Apr 2015 09:27:55 GMT"
        ],
        "Location": [
          "https://api-current.resources.windows-int.net/subscriptions/d3bbdcc6-c566-461d-adb1-f8963b79b30e/operationresults/eyJqb2JJZCI6IlJFU09VUkNFR1JPVVBERUxFVElPTkpPQi1PTkVTREs4MzkwLUpBUEFORUFTVCIsImpvYkxvY2F0aW9uIjoiamFwYW5lYXN0In0?api-version=2014-04-01-preview"
        ]
      },
      "StatusCode": 202
    },
    {
      "RequestUri": "/subscriptions/d3bbdcc6-c566-461d-adb1-f8963b79b30e/operationresults/eyJqb2JJZCI6IlJFU09VUkNFR1JPVVBERUxFVElPTkpPQi1PTkVTREs4MzkwLUpBUEFORUFTVCIsImpvYkxvY2F0aW9uIjoiamFwYW5lYXN0In0?api-version=2014-04-01-preview",
      "EncodedRequestUri": "L3N1YnNjcmlwdGlvbnMvZDNiYmRjYzYtYzU2Ni00NjFkLWFkYjEtZjg5NjNiNzliMzBlL29wZXJhdGlvbnJlc3VsdHMvZXlKcWIySkpaQ0k2SWxKRlUwOVZVa05GUjFKUFZWQkVSVXhGVkVsUFRrcFBRaTFQVGtWVFJFczRNemt3TFVwQlVFRk9SVUZUVkNJc0ltcHZZa3h2WTJGMGFXOXVJam9pYW1Gd1lXNWxZWE4wSW4wP2FwaS12ZXJzaW9uPTIwMTQtMDQtMDEtcHJldmlldw==",
      "RequestMethod": "GET",
      "RequestBody": "",
      "RequestHeaders": {
        "x-ms-version": [
          "2014-04-01-preview"
        ],
        "User-Agent": [
          "Microsoft.Azure.Management.Resources.ResourceManagementClient/2.0.0.0"
        ]
      },
      "ResponseBody": "",
      "ResponseHeaders": {
        "Content-Length": [
          "0"
        ],
        "Expires": [
          "-1"
        ],
        "Pragma": [
          "no-cache"
        ],
        "x-ms-ratelimit-remaining-subscription-reads": [
          "31986"
        ],
        "x-ms-request-id": [
          "41647ba6-d837-4e78-bccc-f40426338245"
        ],
        "x-ms-correlation-request-id": [
          "41647ba6-d837-4e78-bccc-f40426338245"
        ],
        "x-ms-routing-request-id": [
          "CENTRALUS:20150424T092811Z:41647ba6-d837-4e78-bccc-f40426338245"
        ],
        "Strict-Transport-Security": [
          "max-age=31536000; includeSubDomains"
        ],
        "Cache-Control": [
          "no-cache"
        ],
        "Date": [
          "Fri, 24 Apr 2015 09:28:10 GMT"
        ]
      },
      "StatusCode": 200
    }
  ],
  "Names": {
    "Test-GetRecommendedElasticPool": [
      "onesdk8390",
      "onesdk5373"
    ]
  },
  "Variables": {
    "SubscriptionId": "d3bbdcc6-c566-461d-adb1-f8963b79b30e"
  }
}