{
  "Approve-AzEventHubPrivateEndpointConnection+[NoContext]+[NoScenario]+$GET+https://management.azure.com/subscriptions/326100e2-f69d-4268-8503-075374f62b6e/resourceGroups/resourceGroupAutorestbexylc/providers/Microsoft.EventHub/namespaces/namespaceNameyb2pzf/privateEndpointConnections?api-version=2022-01-01-preview+1": {
    "Request": {
      "Method": "GET",
      "RequestUri": "https://management.azure.com/subscriptions/326100e2-f69d-4268-8503-075374f62b6e/resourceGroups/resourceGroupAutorestbexylc/providers/Microsoft.EventHub/namespaces/namespaceNameyb2pzf/privateEndpointConnections?api-version=2022-01-01-preview",
      "Content": null,
      "isContentBase64": false,
      "Headers": {
        "x-ms-unique-id": [ "3" ],
        "x-ms-client-request-id": [ "9e457a7f-fdf1-486e-970a-215c47a005c8" ],
        "CommandName": [ "Get-AzEventHubPrivateEndpointConnection" ],
        "FullCommandName": [ "Get-AzEventHubPrivateEndpointConnection_List" ],
        "ParameterSetName": [ "__AllParameterSets" ],
        "User-Agent": [ "AzurePowershell/v0.0.0", "PSVersion/v7.1.3", "Az.EventHub/0.1.0" ],
        "Authorization": [ "[Filtered]" ]
      },
      "ContentHeaders": {
      }
    },
    "Response": {
      "StatusCode": 200,
      "Headers": {
        "Cache-Control": [ "no-cache" ],
        "Pragma": [ "no-cache" ],
        "x-ms-request-id": [ "54f4fef9-bd47-47d3-b882-7db8139fd203_M0CH3_M0CH3" ],
        "Server-SB": [ "Service-Bus-Resource-Provider/CH3" ],
        "Server": [ "Service-Bus-Resource-Provider/CH3", "Microsoft-HTTPAPI/2.0" ],
        "x-ms-ratelimit-remaining-subscription-reads": [ "11990" ],
        "x-ms-correlation-request-id": [ "7349135d-5004-48a3-bcd7-6bbbb7c93210" ],
        "x-ms-routing-request-id": [ "KOREACENTRAL:20221125T102455Z:7349135d-5004-48a3-bcd7-6bbbb7c93210" ],
        "Strict-Transport-Security": [ "max-age=31536000; includeSubDomains" ],
        "X-Content-Type-Options": [ "nosniff" ],
        "Date": [ "Fri, 25 Nov 2022 10:24:55 GMT" ]
      },
      "ContentHeaders": {
        "Content-Length": [ "1415" ],
        "Content-Type": [ "application/json; charset=utf-8" ],
        "Expires": [ "-1" ]
      },
      "Content": "{\"value\":[{\"id\":\"/subscriptions/326100e2-f69d-4268-8503-075374f62b6e/resourceGroups/resourceGroupAutorestbexylc/providers/Microsoft.EventHub/namespaces/namespaceNameyb2pzf/privateEndpointConnections/4196b7ec-49ec-4c93-9d6e-4b406976d8d2\",\"name\":\"4196b7ec-49ec-4c93-9d6e-4b406976d8d2\",\"type\":\"Microsoft.EventHub/Namespaces/PrivateEndpointConnections\",\"location\":\"East US\",\"properties\":{\"provisioningState\":\"Succeeded\",\"privateEndpoint\":{\"id\":\"/subscriptions/326100e2-f69d-4268-8503-075374f62b6e/resourceGroups/resourceGroupAutorestbexylc/providers/Microsoft.Network/privateEndpoints/privateEndpoint-sf0nck\"},\"privateLinkServiceConnectionState\":{\"status\":\"Pending\",\"description\":\"Hello\"},\"groupIds\":[\"namespace\"]}},{\"id\":\"/subscriptions/326100e2-f69d-4268-8503-075374f62b6e/resourceGroups/resourceGroupAutorestbexylc/providers/Microsoft.EventHub/namespaces/namespaceNameyb2pzf/privateEndpointConnections/6db277bf-6c95-45d8-8a98-8646ac9bd3de\",\"name\":\"6db277bf-6c95-45d8-8a98-8646ac9bd3de\",\"type\":\"Microsoft.EventHub/Namespaces/PrivateEndpointConnections\",\"location\":\"East US\",\"properties\":{\"provisioningState\":\"Succeeded\",\"privateEndpoint\":{\"id\":\"/subscriptions/326100e2-f69d-4268-8503-075374f62b6e/resourceGroups/resourceGroupAutorestbexylc/providers/Microsoft.Network/privateEndpoints/privateEndpoint-6zqcbr\"},\"privateLinkServiceConnectionState\":{\"status\":\"Pending\",\"description\":\"Hello\"},\"groupIds\":[\"namespace\"]}}]}",
      "isContentBase64": false
    }
  },
  "Approve-AzEventHubPrivateEndpointConnection+[NoContext]+SetExpanded+$GET+https://management.azure.com/subscriptions/326100e2-f69d-4268-8503-075374f62b6e/resourceGroups/resourceGroupAutorestbexylc/providers/Microsoft.EventHub/namespaces/namespaceNameyb2pzf/privateEndpointConnections/4196b7ec-49ec-4c93-9d6e-4b406976d8d2?api-version=2022-01-01-preview+1": {
    "Request": {
      "Method": "GET",
      "RequestUri": "https://management.azure.com/subscriptions/326100e2-f69d-4268-8503-075374f62b6e/resourceGroups/resourceGroupAutorestbexylc/providers/Microsoft.EventHub/namespaces/namespaceNameyb2pzf/privateEndpointConnections/4196b7ec-49ec-4c93-9d6e-4b406976d8d2?api-version=2022-01-01-preview",
      "Content": null,
      "isContentBase64": false,
      "Headers": {
        "x-ms-unique-id": [ "4" ],
        "x-ms-client-request-id": [ "43d2603e-a20f-4560-b323-2631ded5a049" ],
        "CommandName": [ "Get-AzEventHubPrivateEndpointConnection" ],
        "FullCommandName": [ "Get-AzEventHubPrivateEndpointConnection_Get" ],
        "ParameterSetName": [ "__AllParameterSets" ],
        "User-Agent": [ "AzurePowershell/v0.0.0", "PSVersion/v7.1.3", "Az.EventHub/0.1.0" ],
        "Authorization": [ "[Filtered]" ]
      },
      "ContentHeaders": {
      }
    },
    "Response": {
      "StatusCode": 200,
      "Headers": {
        "Cache-Control": [ "no-cache" ],
        "Pragma": [ "no-cache" ],
        "x-ms-request-id": [ "839e0a0b-850b-4617-9e22-eac2d1c51010_M0CH3_M0CH3" ],
        "Server-SB": [ "Service-Bus-Resource-Provider/CH3" ],
        "Server": [ "Service-Bus-Resource-Provider/CH3", "Microsoft-HTTPAPI/2.0" ],
        "x-ms-ratelimit-remaining-subscription-reads": [ "11989" ],
        "x-ms-correlation-request-id": [ "2469dd05-23a6-432e-8ded-724f82bccc40" ],
        "x-ms-routing-request-id": [ "KOREACENTRAL:20221125T102456Z:2469dd05-23a6-432e-8ded-724f82bccc40" ],
        "Strict-Transport-Security": [ "max-age=31536000; includeSubDomains" ],
        "X-Content-Type-Options": [ "nosniff" ],
        "Date": [ "Fri, 25 Nov 2022 10:24:56 GMT" ]
      },
      "ContentHeaders": {
        "Content-Length": [ "701" ],
        "Content-Type": [ "application/json; charset=utf-8" ],
        "Expires": [ "-1" ]
      },
      "Content": "{\"id\":\"/subscriptions/326100e2-f69d-4268-8503-075374f62b6e/resourceGroups/resourceGroupAutorestbexylc/providers/Microsoft.EventHub/namespaces/namespaceNameyb2pzf/privateEndpointConnections/4196b7ec-49ec-4c93-9d6e-4b406976d8d2\",\"name\":\"4196b7ec-49ec-4c93-9d6e-4b406976d8d2\",\"type\":\"Microsoft.EventHub/Namespaces/PrivateEndpointConnections\",\"location\":\"East US\",\"properties\":{\"provisioningState\":\"Succeeded\",\"privateEndpoint\":{\"id\":\"/subscriptions/326100e2-f69d-4268-8503-075374f62b6e/resourceGroups/resourceGroupAutorestbexylc/providers/Microsoft.Network/privateEndpoints/privateEndpoint-sf0nck\"},\"privateLinkServiceConnectionState\":{\"status\":\"Pending\",\"description\":\"Hello\"},\"groupIds\":[\"namespace\"]}}",
      "isContentBase64": false
    }
  },
  "Approve-AzEventHubPrivateEndpointConnection+[NoContext]+SetExpanded+$PUT+https://management.azure.com/subscriptions/326100e2-f69d-4268-8503-075374f62b6e/resourceGroups/resourceGroupAutorestbexylc/providers/Microsoft.EventHub/namespaces/namespaceNameyb2pzf/privateEndpointConnections/4196b7ec-49ec-4c93-9d6e-4b406976d8d2?api-version=2022-01-01-preview+2": {
    "Request": {
      "Method": "PUT",
      "RequestUri": "https://management.azure.com/subscriptions/326100e2-f69d-4268-8503-075374f62b6e/resourceGroups/resourceGroupAutorestbexylc/providers/Microsoft.EventHub/namespaces/namespaceNameyb2pzf/privateEndpointConnections/4196b7ec-49ec-4c93-9d6e-4b406976d8d2?api-version=2022-01-01-preview",
      "Content": "{\n  \"properties\": {\n    \"privateEndpoint\": {\n      \"id\": \"/subscriptions/326100e2-f69d-4268-8503-075374f62b6e/resourceGroups/resourceGroupAutorestbexylc/providers/Microsoft.Network/privateEndpoints/privateEndpoint-sf0nck\"\n    },\n    \"privateLinkServiceConnectionState\": {\n      \"status\": \"Approved\",\n      \"description\": \"\"\n    },\n    \"provisioningState\": \"Succeeded\"\n  }\n}",
      "isContentBase64": false,
      "Headers": {
      },
      "ContentHeaders": {
        "Content-Type": [ "application/json" ],
        "Content-Length": [ "373" ]
      }
    },
    "Response": {
      "StatusCode": 202,
      "Headers": {
        "Cache-Control": [ "no-cache" ],
        "Pragma": [ "no-cache" ],
        "x-ms-request-id": [ "3a3c5681-3b2e-466d-aab3-58634e17d55b_M0CH3_M0CH3" ],
        "Azure-AsyncOperation": [ "https://management.azure.com:443/subscriptions/326100e2-f69d-4268-8503-075374f62b6e/resourceGroups/resourceGroupAutorestbexylc/providers/Microsoft.EventHub/namespaces/namespaceNameyb2pzf/privateEndpointConnections/4196b7ec-49ec-4c93-9d6e-4b406976d8d2/operationStatus/4196b7ec-49ec-4c93-9d6e-4b406976d8d2?api-version=2022-01-01-preview\u0026operationType=Update" ],
        "Server-SB": [ "Service-Bus-Resource-Provider/CH3" ],
        "Server": [ "Service-Bus-Resource-Provider/CH3", "Microsoft-HTTPAPI/2.0" ],
        "x-ms-ratelimit-remaining-subscription-writes": [ "1198" ],
        "x-ms-correlation-request-id": [ "c9963376-d00d-4a68-9720-62c0fd337eeb" ],
        "x-ms-routing-request-id": [ "KOREACENTRAL:20221125T102457Z:c9963376-d00d-4a68-9720-62c0fd337eeb" ],
        "Strict-Transport-Security": [ "max-age=31536000; includeSubDomains" ],
        "X-Content-Type-Options": [ "nosniff" ],
        "Date": [ "Fri, 25 Nov 2022 10:24:57 GMT" ]
      },
      "ContentHeaders": {
        "Content-Length": [ "696" ],
        "Content-Type": [ "application/json; charset=utf-8" ],
        "Expires": [ "-1" ]
      },
      "Content": "{\"id\":\"/subscriptions/326100e2-f69d-4268-8503-075374f62b6e/resourceGroups/resourceGroupAutorestbexylc/providers/Microsoft.EventHub/namespaces/namespaceNameyb2pzf/privateEndpointConnections/4196b7ec-49ec-4c93-9d6e-4b406976d8d2\",\"name\":\"4196b7ec-49ec-4c93-9d6e-4b406976d8d2\",\"type\":\"Microsoft.EventHub/Namespaces/PrivateEndpointConnections\",\"location\":\"East US\",\"properties\":{\"provisioningState\":\"Updating\",\"privateEndpoint\":{\"id\":\"/subscriptions/326100e2-f69d-4268-8503-075374f62b6e/resourceGroups/resourceGroupAutorestbexylc/providers/Microsoft.Network/privateEndpoints/privateEndpoint-sf0nck\"},\"privateLinkServiceConnectionState\":{\"status\":\"Approved\",\"description\":\"\"},\"groupIds\":[\"namespace\"]}}",
      "isContentBase64": false
    }
  },
  "Approve-AzEventHubPrivateEndpointConnection+[NoContext]+SetExpanded+$GET+https://management.azure.com/subscriptions/326100e2-f69d-4268-8503-075374f62b6e/resourceGroups/resourceGroupAutorestbexylc/providers/Microsoft.EventHub/namespaces/namespaceNameyb2pzf/privateEndpointConnections/4196b7ec-49ec-4c93-9d6e-4b406976d8d2?api-version=2022-01-01-preview+3": {
    "Request": {
      "Method": "GET",
      "RequestUri": "https://management.azure.com/subscriptions/326100e2-f69d-4268-8503-075374f62b6e/resourceGroups/resourceGroupAutorestbexylc/providers/Microsoft.EventHub/namespaces/namespaceNameyb2pzf/privateEndpointConnections/4196b7ec-49ec-4c93-9d6e-4b406976d8d2?api-version=2022-01-01-preview",
      "Content": null,
      "isContentBase64": false,
      "Headers": {
        "x-ms-unique-id": [ "6" ],
        "x-ms-client-request-id": [ "d24599e4-a583-4b05-b07b-269b2bea0133" ],
        "CommandName": [ "Get-AzEventHubPrivateEndpointConnection" ],
        "FullCommandName": [ "Get-AzEventHubPrivateEndpointConnection_Get" ],
        "ParameterSetName": [ "__AllParameterSets" ],
        "User-Agent": [ "AzurePowershell/v0.0.0", "PSVersion/v7.1.3", "Az.EventHub/0.1.0" ],
        "Authorization": [ "[Filtered]" ]
      },
      "ContentHeaders": {
      }
    },
    "Response": {
      "StatusCode": 200,
      "Headers": {
        "Cache-Control": [ "no-cache" ],
        "Pragma": [ "no-cache" ],
        "x-ms-request-id": [ "26b72625-4394-4e00-ae7c-71ce125a68cf_M0CH3_M0CH3" ],
        "Server-SB": [ "Service-Bus-Resource-Provider/CH3" ],
        "Server": [ "Service-Bus-Resource-Provider/CH3", "Microsoft-HTTPAPI/2.0" ],
        "x-ms-ratelimit-remaining-subscription-reads": [ "11988" ],
        "x-ms-correlation-request-id": [ "2b4ca97c-71bd-4cee-b600-91679f00984c" ],
        "x-ms-routing-request-id": [ "KOREACENTRAL:20221125T102458Z:2b4ca97c-71bd-4cee-b600-91679f00984c" ],
        "Strict-Transport-Security": [ "max-age=31536000; includeSubDomains" ],
        "X-Content-Type-Options": [ "nosniff" ],
        "Date": [ "Fri, 25 Nov 2022 10:24:58 GMT" ]
      },
      "ContentHeaders": {
        "Content-Length": [ "696" ],
        "Content-Type": [ "application/json; charset=utf-8" ],
        "Expires": [ "-1" ]
      },
      "Content": "{\"id\":\"/subscriptions/326100e2-f69d-4268-8503-075374f62b6e/resourceGroups/resourceGroupAutorestbexylc/providers/Microsoft.EventHub/namespaces/namespaceNameyb2pzf/privateEndpointConnections/4196b7ec-49ec-4c93-9d6e-4b406976d8d2\",\"name\":\"4196b7ec-49ec-4c93-9d6e-4b406976d8d2\",\"type\":\"Microsoft.EventHub/Namespaces/PrivateEndpointConnections\",\"location\":\"East US\",\"properties\":{\"provisioningState\":\"Updating\",\"privateEndpoint\":{\"id\":\"/subscriptions/326100e2-f69d-4268-8503-075374f62b6e/resourceGroups/resourceGroupAutorestbexylc/providers/Microsoft.Network/privateEndpoints/privateEndpoint-sf0nck\"},\"privateLinkServiceConnectionState\":{\"status\":\"Approved\",\"description\":\"\"},\"groupIds\":[\"namespace\"]}}",
      "isContentBase64": false
    }
  },
  "Approve-AzEventHubPrivateEndpointConnection+[NoContext]+SetExpanded+$GET+https://management.azure.com/subscriptions/326100e2-f69d-4268-8503-075374f62b6e/resourceGroups/resourceGroupAutorestbexylc/providers/Microsoft.EventHub/namespaces/namespaceNameyb2pzf/privateEndpointConnections/4196b7ec-49ec-4c93-9d6e-4b406976d8d2?api-version=2022-01-01-preview+4": {
    "Request": {
      "Method": "GET",
      "RequestUri": "https://management.azure.com/subscriptions/326100e2-f69d-4268-8503-075374f62b6e/resourceGroups/resourceGroupAutorestbexylc/providers/Microsoft.EventHub/namespaces/namespaceNameyb2pzf/privateEndpointConnections/4196b7ec-49ec-4c93-9d6e-4b406976d8d2?api-version=2022-01-01-preview",
      "Content": null,
      "isContentBase64": false,
      "Headers": {
        "x-ms-unique-id": [ "7" ],
        "x-ms-client-request-id": [ "7440e63f-5718-4095-974c-4362544e9388" ],
        "CommandName": [ "Get-AzEventHubPrivateEndpointConnection" ],
        "FullCommandName": [ "Get-AzEventHubPrivateEndpointConnection_Get" ],
        "ParameterSetName": [ "__AllParameterSets" ],
        "User-Agent": [ "AzurePowershell/v0.0.0", "PSVersion/v7.1.3", "Az.EventHub/0.1.0" ],
        "Authorization": [ "[Filtered]" ]
      },
      "ContentHeaders": {
      }
    },
    "Response": {
      "StatusCode": 200,
      "Headers": {
        "Cache-Control": [ "no-cache" ],
        "Pragma": [ "no-cache" ],
        "x-ms-request-id": [ "d06a508b-4a80-423c-b2cc-984f85f1aa21_M0CH3_M0CH3" ],
        "Server-SB": [ "Service-Bus-Resource-Provider/CH3" ],
        "Server": [ "Service-Bus-Resource-Provider/CH3", "Microsoft-HTTPAPI/2.0" ],
        "x-ms-ratelimit-remaining-subscription-reads": [ "11987" ],
        "x-ms-correlation-request-id": [ "9cc5cd94-a2bf-4c8c-95f8-24cd5e3daf3b" ],
        "x-ms-routing-request-id": [ "KOREACENTRAL:20221125T102508Z:9cc5cd94-a2bf-4c8c-95f8-24cd5e3daf3b" ],
        "Strict-Transport-Security": [ "max-age=31536000; includeSubDomains" ],
        "X-Content-Type-Options": [ "nosniff" ],
        "Date": [ "Fri, 25 Nov 2022 10:25:08 GMT" ]
      },
      "ContentHeaders": {
        "Content-Length": [ "696" ],
        "Content-Type": [ "application/json; charset=utf-8" ],
        "Expires": [ "-1" ]
      },
      "Content": "{\"id\":\"/subscriptions/326100e2-f69d-4268-8503-075374f62b6e/resourceGroups/resourceGroupAutorestbexylc/providers/Microsoft.EventHub/namespaces/namespaceNameyb2pzf/privateEndpointConnections/4196b7ec-49ec-4c93-9d6e-4b406976d8d2\",\"name\":\"4196b7ec-49ec-4c93-9d6e-4b406976d8d2\",\"type\":\"Microsoft.EventHub/Namespaces/PrivateEndpointConnections\",\"location\":\"East US\",\"properties\":{\"provisioningState\":\"Updating\",\"privateEndpoint\":{\"id\":\"/subscriptions/326100e2-f69d-4268-8503-075374f62b6e/resourceGroups/resourceGroupAutorestbexylc/providers/Microsoft.Network/privateEndpoints/privateEndpoint-sf0nck\"},\"privateLinkServiceConnectionState\":{\"status\":\"Approved\",\"description\":\"\"},\"groupIds\":[\"namespace\"]}}",
      "isContentBase64": false
    }
  },
  "Approve-AzEventHubPrivateEndpointConnection+[NoContext]+SetExpanded+$GET+https://management.azure.com/subscriptions/326100e2-f69d-4268-8503-075374f62b6e/resourceGroups/resourceGroupAutorestbexylc/providers/Microsoft.EventHub/namespaces/namespaceNameyb2pzf/privateEndpointConnections/4196b7ec-49ec-4c93-9d6e-4b406976d8d2?api-version=2022-01-01-preview+5": {
    "Request": {
      "Method": "GET",
      "RequestUri": "https://management.azure.com/subscriptions/326100e2-f69d-4268-8503-075374f62b6e/resourceGroups/resourceGroupAutorestbexylc/providers/Microsoft.EventHub/namespaces/namespaceNameyb2pzf/privateEndpointConnections/4196b7ec-49ec-4c93-9d6e-4b406976d8d2?api-version=2022-01-01-preview",
      "Content": null,
      "isContentBase64": false,
      "Headers": {
        "x-ms-unique-id": [ "8" ],
        "x-ms-client-request-id": [ "dd6eea01-37f2-4739-bd58-38c201c5c9bd" ],
        "CommandName": [ "Get-AzEventHubPrivateEndpointConnection" ],
        "FullCommandName": [ "Get-AzEventHubPrivateEndpointConnection_Get" ],
        "ParameterSetName": [ "__AllParameterSets" ],
        "User-Agent": [ "AzurePowershell/v0.0.0", "PSVersion/v7.1.3", "Az.EventHub/0.1.0" ],
        "Authorization": [ "[Filtered]" ]
      },
      "ContentHeaders": {
      }
    },
    "Response": {
      "StatusCode": 200,
      "Headers": {
        "Cache-Control": [ "no-cache" ],
        "Pragma": [ "no-cache" ],
        "x-ms-request-id": [ "53411e8f-b484-41ee-a957-c3baa41a3dd2_M0CH3_M0CH3" ],
        "Server-SB": [ "Service-Bus-Resource-Provider/CH3" ],
        "Server": [ "Service-Bus-Resource-Provider/CH3", "Microsoft-HTTPAPI/2.0" ],
        "x-ms-ratelimit-remaining-subscription-reads": [ "11986" ],
        "x-ms-correlation-request-id": [ "79cfc642-78f9-4deb-8ac4-917488f0e8c2" ],
        "x-ms-routing-request-id": [ "KOREACENTRAL:20221125T102519Z:79cfc642-78f9-4deb-8ac4-917488f0e8c2" ],
        "Strict-Transport-Security": [ "max-age=31536000; includeSubDomains" ],
        "X-Content-Type-Options": [ "nosniff" ],
        "Date": [ "Fri, 25 Nov 2022 10:25:19 GMT" ]
      },
      "ContentHeaders": {
        "Content-Length": [ "696" ],
        "Content-Type": [ "application/json; charset=utf-8" ],
        "Expires": [ "-1" ]
      },
      "Content": "{\"id\":\"/subscriptions/326100e2-f69d-4268-8503-075374f62b6e/resourceGroups/resourceGroupAutorestbexylc/providers/Microsoft.EventHub/namespaces/namespaceNameyb2pzf/privateEndpointConnections/4196b7ec-49ec-4c93-9d6e-4b406976d8d2\",\"name\":\"4196b7ec-49ec-4c93-9d6e-4b406976d8d2\",\"type\":\"Microsoft.EventHub/Namespaces/PrivateEndpointConnections\",\"location\":\"East US\",\"properties\":{\"provisioningState\":\"Updating\",\"privateEndpoint\":{\"id\":\"/subscriptions/326100e2-f69d-4268-8503-075374f62b6e/resourceGroups/resourceGroupAutorestbexylc/providers/Microsoft.Network/privateEndpoints/privateEndpoint-sf0nck\"},\"privateLinkServiceConnectionState\":{\"status\":\"Approved\",\"description\":\"\"},\"groupIds\":[\"namespace\"]}}",
      "isContentBase64": false
    }
  },
  "Approve-AzEventHubPrivateEndpointConnection+[NoContext]+SetExpanded+$GET+https://management.azure.com/subscriptions/326100e2-f69d-4268-8503-075374f62b6e/resourceGroups/resourceGroupAutorestbexylc/providers/Microsoft.EventHub/namespaces/namespaceNameyb2pzf/privateEndpointConnections/4196b7ec-49ec-4c93-9d6e-4b406976d8d2?api-version=2022-01-01-preview+6": {
    "Request": {
      "Method": "GET",
      "RequestUri": "https://management.azure.com/subscriptions/326100e2-f69d-4268-8503-075374f62b6e/resourceGroups/resourceGroupAutorestbexylc/providers/Microsoft.EventHub/namespaces/namespaceNameyb2pzf/privateEndpointConnections/4196b7ec-49ec-4c93-9d6e-4b406976d8d2?api-version=2022-01-01-preview",
      "Content": null,
      "isContentBase64": false,
      "Headers": {
        "x-ms-unique-id": [ "9" ],
        "x-ms-client-request-id": [ "dbb340e3-204d-4282-8d8b-3bf0ad3c191a" ],
        "CommandName": [ "Get-AzEventHubPrivateEndpointConnection" ],
        "FullCommandName": [ "Get-AzEventHubPrivateEndpointConnection_Get" ],
        "ParameterSetName": [ "__AllParameterSets" ],
        "User-Agent": [ "AzurePowershell/v0.0.0", "PSVersion/v7.1.3", "Az.EventHub/0.1.0" ],
        "Authorization": [ "[Filtered]" ]
      },
      "ContentHeaders": {
      }
    },
    "Response": {
      "StatusCode": 200,
      "Headers": {
        "Cache-Control": [ "no-cache" ],
        "Pragma": [ "no-cache" ],
        "x-ms-request-id": [ "48e42c71-126b-4518-ade7-6b0b9f095fd8_M0CH3_M0CH3" ],
        "Server-SB": [ "Service-Bus-Resource-Provider/CH3" ],
        "Server": [ "Service-Bus-Resource-Provider/CH3", "Microsoft-HTTPAPI/2.0" ],
        "x-ms-ratelimit-remaining-subscription-reads": [ "11985" ],
        "x-ms-correlation-request-id": [ "68a5b11e-0574-40e5-82c2-c05696650f65" ],
        "x-ms-routing-request-id": [ "KOREACENTRAL:20221125T102530Z:68a5b11e-0574-40e5-82c2-c05696650f65" ],
        "Strict-Transport-Security": [ "max-age=31536000; includeSubDomains" ],
        "X-Content-Type-Options": [ "nosniff" ],
        "Date": [ "Fri, 25 Nov 2022 10:25:29 GMT" ]
      },
      "ContentHeaders": {
        "Content-Length": [ "696" ],
        "Content-Type": [ "application/json; charset=utf-8" ],
        "Expires": [ "-1" ]
      },
      "Content": "{\"id\":\"/subscriptions/326100e2-f69d-4268-8503-075374f62b6e/resourceGroups/resourceGroupAutorestbexylc/providers/Microsoft.EventHub/namespaces/namespaceNameyb2pzf/privateEndpointConnections/4196b7ec-49ec-4c93-9d6e-4b406976d8d2\",\"name\":\"4196b7ec-49ec-4c93-9d6e-4b406976d8d2\",\"type\":\"Microsoft.EventHub/Namespaces/PrivateEndpointConnections\",\"location\":\"East US\",\"properties\":{\"provisioningState\":\"Updating\",\"privateEndpoint\":{\"id\":\"/subscriptions/326100e2-f69d-4268-8503-075374f62b6e/resourceGroups/resourceGroupAutorestbexylc/providers/Microsoft.Network/privateEndpoints/privateEndpoint-sf0nck\"},\"privateLinkServiceConnectionState\":{\"status\":\"Approved\",\"description\":\"\"},\"groupIds\":[\"namespace\"]}}",
      "isContentBase64": false
    }
  },
  "Approve-AzEventHubPrivateEndpointConnection+[NoContext]+SetExpanded+$GET+https://management.azure.com/subscriptions/326100e2-f69d-4268-8503-075374f62b6e/resourceGroups/resourceGroupAutorestbexylc/providers/Microsoft.EventHub/namespaces/namespaceNameyb2pzf/privateEndpointConnections/4196b7ec-49ec-4c93-9d6e-4b406976d8d2?api-version=2022-01-01-preview+7": {
    "Request": {
      "Method": "GET",
      "RequestUri": "https://management.azure.com/subscriptions/326100e2-f69d-4268-8503-075374f62b6e/resourceGroups/resourceGroupAutorestbexylc/providers/Microsoft.EventHub/namespaces/namespaceNameyb2pzf/privateEndpointConnections/4196b7ec-49ec-4c93-9d6e-4b406976d8d2?api-version=2022-01-01-preview",
      "Content": null,
      "isContentBase64": false,
      "Headers": {
        "x-ms-unique-id": [ "10" ],
        "x-ms-client-request-id": [ "80f8920e-8459-4fe0-8e83-4f76b7bebc34" ],
        "CommandName": [ "Get-AzEventHubPrivateEndpointConnection" ],
        "FullCommandName": [ "Get-AzEventHubPrivateEndpointConnection_Get" ],
        "ParameterSetName": [ "__AllParameterSets" ],
        "User-Agent": [ "AzurePowershell/v0.0.0", "PSVersion/v7.1.3", "Az.EventHub/0.1.0" ],
        "Authorization": [ "[Filtered]" ]
      },
      "ContentHeaders": {
      }
    },
    "Response": {
      "StatusCode": 200,
      "Headers": {
        "Cache-Control": [ "no-cache" ],
        "Pragma": [ "no-cache" ],
        "x-ms-request-id": [ "e90c345b-1776-4e8a-8725-282a28e7d75a_M0CH3_M0CH3" ],
        "Server-SB": [ "Service-Bus-Resource-Provider/CH3" ],
        "Server": [ "Service-Bus-Resource-Provider/CH3", "Microsoft-HTTPAPI/2.0" ],
        "x-ms-ratelimit-remaining-subscription-reads": [ "11984" ],
        "x-ms-correlation-request-id": [ "40a0b53f-8f95-4372-805e-60c168c05069" ],
        "x-ms-routing-request-id": [ "KOREACENTRAL:20221125T102540Z:40a0b53f-8f95-4372-805e-60c168c05069" ],
        "Strict-Transport-Security": [ "max-age=31536000; includeSubDomains" ],
        "X-Content-Type-Options": [ "nosniff" ],
        "Date": [ "Fri, 25 Nov 2022 10:25:40 GMT" ]
      },
      "ContentHeaders": {
        "Content-Length": [ "697" ],
        "Content-Type": [ "application/json; charset=utf-8" ],
        "Expires": [ "-1" ]
      },
      "Content": "{\"id\":\"/subscriptions/326100e2-f69d-4268-8503-075374f62b6e/resourceGroups/resourceGroupAutorestbexylc/providers/Microsoft.EventHub/namespaces/namespaceNameyb2pzf/privateEndpointConnections/4196b7ec-49ec-4c93-9d6e-4b406976d8d2\",\"name\":\"4196b7ec-49ec-4c93-9d6e-4b406976d8d2\",\"type\":\"Microsoft.EventHub/Namespaces/PrivateEndpointConnections\",\"location\":\"East US\",\"properties\":{\"provisioningState\":\"Succeeded\",\"privateEndpoint\":{\"id\":\"/subscriptions/326100e2-f69d-4268-8503-075374f62b6e/resourceGroups/resourceGroupAutorestbexylc/providers/Microsoft.Network/privateEndpoints/privateEndpoint-sf0nck\"},\"privateLinkServiceConnectionState\":{\"status\":\"Approved\",\"description\":\"\"},\"groupIds\":[\"namespace\"]}}",
      "isContentBase64": false
    }
  },
  "Approve-AzEventHubPrivateEndpointConnection+[NoContext]+SetViaIdentityExpanded+$GET+https://management.azure.com/subscriptions/326100e2-f69d-4268-8503-075374f62b6e/resourceGroups/resourceGroupAutorestbexylc/providers/Microsoft.EventHub/namespaces/namespaceNameyb2pzf/privateEndpointConnections/6db277bf-6c95-45d8-8a98-8646ac9bd3de?api-version=2022-01-01-preview+1": {
    "Request": {
      "Method": "GET",
      "RequestUri": "https://management.azure.com/subscriptions/326100e2-f69d-4268-8503-075374f62b6e/resourceGroups/resourceGroupAutorestbexylc/providers/Microsoft.EventHub/namespaces/namespaceNameyb2pzf/privateEndpointConnections/6db277bf-6c95-45d8-8a98-8646ac9bd3de?api-version=2022-01-01-preview",
      "Content": null,
      "isContentBase64": false,
      "Headers": {
        "x-ms-unique-id": [ "11" ],
        "x-ms-client-request-id": [ "7e1e09d4-f341-4ea6-8da4-87f544b42e8e" ],
        "CommandName": [ "Get-AzEventHubPrivateEndpointConnection" ],
        "FullCommandName": [ "Get-AzEventHubPrivateEndpointConnection_Get" ],
        "ParameterSetName": [ "__AllParameterSets" ],
        "User-Agent": [ "AzurePowershell/v0.0.0", "PSVersion/v7.1.3", "Az.EventHub/0.1.0" ],
        "Authorization": [ "[Filtered]" ]
      },
      "ContentHeaders": {
      }
    },
    "Response": {
      "StatusCode": 200,
      "Headers": {
        "Cache-Control": [ "no-cache" ],
        "Pragma": [ "no-cache" ],
        "x-ms-request-id": [ "5d2c506e-ed6c-4c71-a9f3-a34039be43fa_M0CH3_M0CH3" ],
        "Server-SB": [ "Service-Bus-Resource-Provider/CH3" ],
        "Server": [ "Service-Bus-Resource-Provider/CH3", "Microsoft-HTTPAPI/2.0" ],
        "x-ms-ratelimit-remaining-subscription-reads": [ "11983" ],
        "x-ms-correlation-request-id": [ "8fe2c532-e6db-4c45-87dd-2ca925736dac" ],
        "x-ms-routing-request-id": [ "KOREACENTRAL:20221125T102551Z:8fe2c532-e6db-4c45-87dd-2ca925736dac" ],
        "Strict-Transport-Security": [ "max-age=31536000; includeSubDomains" ],
        "X-Content-Type-Options": [ "nosniff" ],
        "Date": [ "Fri, 25 Nov 2022 10:25:50 GMT" ]
      },
      "ContentHeaders": {
        "Content-Length": [ "701" ],
        "Content-Type": [ "application/json; charset=utf-8" ],
        "Expires": [ "-1" ]
      },
      "Content": "{\"id\":\"/subscriptions/326100e2-f69d-4268-8503-075374f62b6e/resourceGroups/resourceGroupAutorestbexylc/providers/Microsoft.EventHub/namespaces/namespaceNameyb2pzf/privateEndpointConnections/6db277bf-6c95-45d8-8a98-8646ac9bd3de\",\"name\":\"6db277bf-6c95-45d8-8a98-8646ac9bd3de\",\"type\":\"Microsoft.EventHub/Namespaces/PrivateEndpointConnections\",\"location\":\"East US\",\"properties\":{\"provisioningState\":\"Succeeded\",\"privateEndpoint\":{\"id\":\"/subscriptions/326100e2-f69d-4268-8503-075374f62b6e/resourceGroups/resourceGroupAutorestbexylc/providers/Microsoft.Network/privateEndpoints/privateEndpoint-6zqcbr\"},\"privateLinkServiceConnectionState\":{\"status\":\"Pending\",\"description\":\"Hello\"},\"groupIds\":[\"namespace\"]}}",
      "isContentBase64": false
    }
  },
  "Approve-AzEventHubPrivateEndpointConnection+[NoContext]+SetViaIdentityExpanded+$GET+https://management.azure.com/subscriptions/326100e2-f69d-4268-8503-075374f62b6e/resourceGroups/resourceGroupAutorestbexylc/providers/Microsoft.EventHub/namespaces/namespaceNameyb2pzf/privateEndpointConnections/6db277bf-6c95-45d8-8a98-8646ac9bd3de?api-version=2022-01-01-preview+2": {
    "Request": {
      "Method": "GET",
      "RequestUri": "https://management.azure.com/subscriptions/326100e2-f69d-4268-8503-075374f62b6e/resourceGroups/resourceGroupAutorestbexylc/providers/Microsoft.EventHub/namespaces/namespaceNameyb2pzf/privateEndpointConnections/6db277bf-6c95-45d8-8a98-8646ac9bd3de?api-version=2022-01-01-preview",
      "Content": null,
      "isContentBase64": false,
      "Headers": {
        "x-ms-unique-id": [ "12" ],
        "x-ms-client-request-id": [ "a453595d-9873-4ce5-be91-13cf7f09cc6b" ],
        "CommandName": [ "Get-AzEventHubPrivateEndpointConnection" ],
        "FullCommandName": [ "Get-AzEventHubPrivateEndpointConnection_GetViaIdentity" ],
        "ParameterSetName": [ "__AllParameterSets" ],
        "User-Agent": [ "AzurePowershell/v0.0.0", "PSVersion/v7.1.3", "Az.EventHub/0.1.0" ],
        "Authorization": [ "[Filtered]" ]
      },
      "ContentHeaders": {
      }
    },
    "Response": {
      "StatusCode": 200,
      "Headers": {
        "Cache-Control": [ "no-cache" ],
        "Pragma": [ "no-cache" ],
        "x-ms-request-id": [ "22e4bb96-9853-41ff-800a-94f1aafe6b2b_M0CH3_M0CH3" ],
        "Server-SB": [ "Service-Bus-Resource-Provider/CH3" ],
        "Server": [ "Service-Bus-Resource-Provider/CH3", "Microsoft-HTTPAPI/2.0" ],
        "x-ms-ratelimit-remaining-subscription-reads": [ "11982" ],
        "x-ms-correlation-request-id": [ "c565a7dc-821a-4f64-ae54-5449dd2c7dc5" ],
        "x-ms-routing-request-id": [ "KOREACENTRAL:20221125T102552Z:c565a7dc-821a-4f64-ae54-5449dd2c7dc5" ],
        "Strict-Transport-Security": [ "max-age=31536000; includeSubDomains" ],
        "X-Content-Type-Options": [ "nosniff" ],
        "Date": [ "Fri, 25 Nov 2022 10:25:51 GMT" ]
      },
      "ContentHeaders": {
        "Content-Length": [ "701" ],
        "Content-Type": [ "application/json; charset=utf-8" ],
        "Expires": [ "-1" ]
      },
      "Content": "{\"id\":\"/subscriptions/326100e2-f69d-4268-8503-075374f62b6e/resourceGroups/resourceGroupAutorestbexylc/providers/Microsoft.EventHub/namespaces/namespaceNameyb2pzf/privateEndpointConnections/6db277bf-6c95-45d8-8a98-8646ac9bd3de\",\"name\":\"6db277bf-6c95-45d8-8a98-8646ac9bd3de\",\"type\":\"Microsoft.EventHub/Namespaces/PrivateEndpointConnections\",\"location\":\"East US\",\"properties\":{\"provisioningState\":\"Succeeded\",\"privateEndpoint\":{\"id\":\"/subscriptions/326100e2-f69d-4268-8503-075374f62b6e/resourceGroups/resourceGroupAutorestbexylc/providers/Microsoft.Network/privateEndpoints/privateEndpoint-6zqcbr\"},\"privateLinkServiceConnectionState\":{\"status\":\"Pending\",\"description\":\"Hello\"},\"groupIds\":[\"namespace\"]}}",
      "isContentBase64": false
    }
  },
  "Approve-AzEventHubPrivateEndpointConnection+[NoContext]+SetViaIdentityExpanded+$PUT+https://management.azure.com/subscriptions/326100e2-f69d-4268-8503-075374f62b6e/resourceGroups/resourceGroupAutorestbexylc/providers/Microsoft.EventHub/namespaces/namespaceNameyb2pzf/privateEndpointConnections/6db277bf-6c95-45d8-8a98-8646ac9bd3de?api-version=2022-01-01-preview+3": {
    "Request": {
      "Method": "PUT",
      "RequestUri": "https://management.azure.com/subscriptions/326100e2-f69d-4268-8503-075374f62b6e/resourceGroups/resourceGroupAutorestbexylc/providers/Microsoft.EventHub/namespaces/namespaceNameyb2pzf/privateEndpointConnections/6db277bf-6c95-45d8-8a98-8646ac9bd3de?api-version=2022-01-01-preview",
      "Content": "{\n  \"properties\": {\n    \"privateEndpoint\": {\n      \"id\": \"/subscriptions/326100e2-f69d-4268-8503-075374f62b6e/resourceGroups/resourceGroupAutorestbexylc/providers/Microsoft.Network/privateEndpoints/privateEndpoint-6zqcbr\"\n    },\n    \"privateLinkServiceConnectionState\": {\n      \"status\": \"Approved\",\n      \"description\": \"Bye\"\n    },\n    \"provisioningState\": \"Succeeded\"\n  }\n}",
      "isContentBase64": false,
      "Headers": {
      },
      "ContentHeaders": {
        "Content-Type": [ "application/json" ],
        "Content-Length": [ "376" ]
      }
    },
    "Response": {
      "StatusCode": 202,
      "Headers": {
        "Cache-Control": [ "no-cache" ],
        "Pragma": [ "no-cache" ],
        "x-ms-request-id": [ "622a5a04-9b97-4b7f-92f2-ee02f25af003_M0CH3_M0CH3" ],
        "Azure-AsyncOperation": [ "https://management.azure.com:443/subscriptions/326100e2-f69d-4268-8503-075374f62b6e/resourceGroups/resourceGroupAutorestbexylc/providers/Microsoft.EventHub/namespaces/namespaceNameyb2pzf/privateEndpointConnections/6db277bf-6c95-45d8-8a98-8646ac9bd3de/operationStatus/6db277bf-6c95-45d8-8a98-8646ac9bd3de?api-version=2022-01-01-preview\u0026operationType=Update" ],
        "Server-SB": [ "Service-Bus-Resource-Provider/CH3" ],
        "Server": [ "Service-Bus-Resource-Provider/CH3", "Microsoft-HTTPAPI/2.0" ],
        "x-ms-ratelimit-remaining-subscription-writes": [ "1197" ],
        "x-ms-correlation-request-id": [ "603d4809-f748-4d1a-80d3-e285346a56d1" ],
        "x-ms-routing-request-id": [ "KOREACENTRAL:20221125T102553Z:603d4809-f748-4d1a-80d3-e285346a56d1" ],
        "Strict-Transport-Security": [ "max-age=31536000; includeSubDomains" ],
        "X-Content-Type-Options": [ "nosniff" ],
        "Date": [ "Fri, 25 Nov 2022 10:25:52 GMT" ]
      },
      "ContentHeaders": {
        "Content-Length": [ "699" ],
        "Content-Type": [ "application/json; charset=utf-8" ],
        "Expires": [ "-1" ]
      },
      "Content": "{\"id\":\"/subscriptions/326100e2-f69d-4268-8503-075374f62b6e/resourceGroups/resourceGroupAutorestbexylc/providers/Microsoft.EventHub/namespaces/namespaceNameyb2pzf/privateEndpointConnections/6db277bf-6c95-45d8-8a98-8646ac9bd3de\",\"name\":\"6db277bf-6c95-45d8-8a98-8646ac9bd3de\",\"type\":\"Microsoft.EventHub/Namespaces/PrivateEndpointConnections\",\"location\":\"East US\",\"properties\":{\"provisioningState\":\"Updating\",\"privateEndpoint\":{\"id\":\"/subscriptions/326100e2-f69d-4268-8503-075374f62b6e/resourceGroups/resourceGroupAutorestbexylc/providers/Microsoft.Network/privateEndpoints/privateEndpoint-6zqcbr\"},\"privateLinkServiceConnectionState\":{\"status\":\"Approved\",\"description\":\"Bye\"},\"groupIds\":[\"namespace\"]}}",
      "isContentBase64": false
    }
  },
  "Approve-AzEventHubPrivateEndpointConnection+[NoContext]+SetViaIdentityExpanded+$GET+https://management.azure.com/subscriptions/326100e2-f69d-4268-8503-075374f62b6e/resourceGroups/resourceGroupAutorestbexylc/providers/Microsoft.EventHub/namespaces/namespaceNameyb2pzf/privateEndpointConnections/6db277bf-6c95-45d8-8a98-8646ac9bd3de?api-version=2022-01-01-preview+4": {
    "Request": {
      "Method": "GET",
      "RequestUri": "https://management.azure.com/subscriptions/326100e2-f69d-4268-8503-075374f62b6e/resourceGroups/resourceGroupAutorestbexylc/providers/Microsoft.EventHub/namespaces/namespaceNameyb2pzf/privateEndpointConnections/6db277bf-6c95-45d8-8a98-8646ac9bd3de?api-version=2022-01-01-preview",
      "Content": null,
      "isContentBase64": false,
      "Headers": {
        "x-ms-unique-id": [ "14" ],
        "x-ms-client-request-id": [ "fe4ea9d7-a0fd-4a12-8e32-7e273662f7ac" ],
        "CommandName": [ "Get-AzEventHubPrivateEndpointConnection" ],
        "FullCommandName": [ "Get-AzEventHubPrivateEndpointConnection_Get" ],
        "ParameterSetName": [ "__AllParameterSets" ],
        "User-Agent": [ "AzurePowershell/v0.0.0", "PSVersion/v7.1.3", "Az.EventHub/0.1.0" ],
        "Authorization": [ "[Filtered]" ]
      },
      "ContentHeaders": {
      }
    },
    "Response": {
      "StatusCode": 200,
      "Headers": {
        "Cache-Control": [ "no-cache" ],
        "Pragma": [ "no-cache" ],
        "x-ms-request-id": [ "a4324df5-fa70-4919-9340-a7e2b2d2bd9c_M8CH3_M8CH3" ],
        "Server-SB": [ "Service-Bus-Resource-Provider/CH3" ],
        "Server": [ "Service-Bus-Resource-Provider/CH3", "Microsoft-HTTPAPI/2.0" ],
        "x-ms-ratelimit-remaining-subscription-reads": [ "11981" ],
        "x-ms-correlation-request-id": [ "7289ef2c-131c-4514-9fcb-64a866369855" ],
        "x-ms-routing-request-id": [ "KOREACENTRAL:20221125T102554Z:7289ef2c-131c-4514-9fcb-64a866369855" ],
        "Strict-Transport-Security": [ "max-age=31536000; includeSubDomains" ],
        "X-Content-Type-Options": [ "nosniff" ],
        "Date": [ "Fri, 25 Nov 2022 10:25:54 GMT" ]
      },
      "ContentHeaders": {
        "Content-Length": [ "699" ],
        "Content-Type": [ "application/json; charset=utf-8" ],
        "Expires": [ "-1" ]
      },
      "Content": "{\"id\":\"/subscriptions/326100e2-f69d-4268-8503-075374f62b6e/resourceGroups/resourceGroupAutorestbexylc/providers/Microsoft.EventHub/namespaces/namespaceNameyb2pzf/privateEndpointConnections/6db277bf-6c95-45d8-8a98-8646ac9bd3de\",\"name\":\"6db277bf-6c95-45d8-8a98-8646ac9bd3de\",\"type\":\"Microsoft.EventHub/Namespaces/PrivateEndpointConnections\",\"location\":\"East US\",\"properties\":{\"provisioningState\":\"Updating\",\"privateEndpoint\":{\"id\":\"/subscriptions/326100e2-f69d-4268-8503-075374f62b6e/resourceGroups/resourceGroupAutorestbexylc/providers/Microsoft.Network/privateEndpoints/privateEndpoint-6zqcbr\"},\"privateLinkServiceConnectionState\":{\"status\":\"Approved\",\"description\":\"Bye\"},\"groupIds\":[\"namespace\"]}}",
      "isContentBase64": false
    }
  },
  "Approve-AzEventHubPrivateEndpointConnection+[NoContext]+SetViaIdentityExpanded+$GET+https://management.azure.com/subscriptions/326100e2-f69d-4268-8503-075374f62b6e/resourceGroups/resourceGroupAutorestbexylc/providers/Microsoft.EventHub/namespaces/namespaceNameyb2pzf/privateEndpointConnections/6db277bf-6c95-45d8-8a98-8646ac9bd3de?api-version=2022-01-01-preview+5": {
    "Request": {
      "Method": "GET",
      "RequestUri": "https://management.azure.com/subscriptions/326100e2-f69d-4268-8503-075374f62b6e/resourceGroups/resourceGroupAutorestbexylc/providers/Microsoft.EventHub/namespaces/namespaceNameyb2pzf/privateEndpointConnections/6db277bf-6c95-45d8-8a98-8646ac9bd3de?api-version=2022-01-01-preview",
      "Content": null,
      "isContentBase64": false,
      "Headers": {
        "x-ms-unique-id": [ "15" ],
        "x-ms-client-request-id": [ "4addc246-86f7-44fa-927d-32bdfd6546c6" ],
        "CommandName": [ "Get-AzEventHubPrivateEndpointConnection" ],
        "FullCommandName": [ "Get-AzEventHubPrivateEndpointConnection_Get" ],
        "ParameterSetName": [ "__AllParameterSets" ],
        "User-Agent": [ "AzurePowershell/v0.0.0", "PSVersion/v7.1.3", "Az.EventHub/0.1.0" ],
        "Authorization": [ "[Filtered]" ]
      },
      "ContentHeaders": {
      }
    },
    "Response": {
      "StatusCode": 200,
      "Headers": {
        "Cache-Control": [ "no-cache" ],
        "Pragma": [ "no-cache" ],
        "x-ms-request-id": [ "cfbe2c3d-0d5e-4308-8405-05ab35632b23_M8CH3_M8CH3" ],
        "Server-SB": [ "Service-Bus-Resource-Provider/CH3" ],
        "Server": [ "Service-Bus-Resource-Provider/CH3", "Microsoft-HTTPAPI/2.0" ],
        "x-ms-ratelimit-remaining-subscription-reads": [ "11980" ],
        "x-ms-correlation-request-id": [ "6de87f03-fa1d-44e6-8a03-f9381b9fd692" ],
        "x-ms-routing-request-id": [ "KOREACENTRAL:20221125T102605Z:6de87f03-fa1d-44e6-8a03-f9381b9fd692" ],
        "Strict-Transport-Security": [ "max-age=31536000; includeSubDomains" ],
        "X-Content-Type-Options": [ "nosniff" ],
        "Date": [ "Fri, 25 Nov 2022 10:26:05 GMT" ]
      },
      "ContentHeaders": {
        "Content-Length": [ "699" ],
        "Content-Type": [ "application/json; charset=utf-8" ],
        "Expires": [ "-1" ]
      },
      "Content": "{\"id\":\"/subscriptions/326100e2-f69d-4268-8503-075374f62b6e/resourceGroups/resourceGroupAutorestbexylc/providers/Microsoft.EventHub/namespaces/namespaceNameyb2pzf/privateEndpointConnections/6db277bf-6c95-45d8-8a98-8646ac9bd3de\",\"name\":\"6db277bf-6c95-45d8-8a98-8646ac9bd3de\",\"type\":\"Microsoft.EventHub/Namespaces/PrivateEndpointConnections\",\"location\":\"East US\",\"properties\":{\"provisioningState\":\"Updating\",\"privateEndpoint\":{\"id\":\"/subscriptions/326100e2-f69d-4268-8503-075374f62b6e/resourceGroups/resourceGroupAutorestbexylc/providers/Microsoft.Network/privateEndpoints/privateEndpoint-6zqcbr\"},\"privateLinkServiceConnectionState\":{\"status\":\"Approved\",\"description\":\"Bye\"},\"groupIds\":[\"namespace\"]}}",
      "isContentBase64": false
    }
  },
  "Approve-AzEventHubPrivateEndpointConnection+[NoContext]+SetViaIdentityExpanded+$GET+https://management.azure.com/subscriptions/326100e2-f69d-4268-8503-075374f62b6e/resourceGroups/resourceGroupAutorestbexylc/providers/Microsoft.EventHub/namespaces/namespaceNameyb2pzf/privateEndpointConnections/6db277bf-6c95-45d8-8a98-8646ac9bd3de?api-version=2022-01-01-preview+6": {
    "Request": {
      "Method": "GET",
      "RequestUri": "https://management.azure.com/subscriptions/326100e2-f69d-4268-8503-075374f62b6e/resourceGroups/resourceGroupAutorestbexylc/providers/Microsoft.EventHub/namespaces/namespaceNameyb2pzf/privateEndpointConnections/6db277bf-6c95-45d8-8a98-8646ac9bd3de?api-version=2022-01-01-preview",
      "Content": null,
      "isContentBase64": false,
      "Headers": {
        "x-ms-unique-id": [ "16" ],
        "x-ms-client-request-id": [ "0b9cb74a-66cd-4ff2-8ed4-0daec4f52014" ],
        "CommandName": [ "Get-AzEventHubPrivateEndpointConnection" ],
        "FullCommandName": [ "Get-AzEventHubPrivateEndpointConnection_Get" ],
        "ParameterSetName": [ "__AllParameterSets" ],
        "User-Agent": [ "AzurePowershell/v0.0.0", "PSVersion/v7.1.3", "Az.EventHub/0.1.0" ],
        "Authorization": [ "[Filtered]" ]
      },
      "ContentHeaders": {
      }
    },
    "Response": {
      "StatusCode": 200,
      "Headers": {
        "Cache-Control": [ "no-cache" ],
        "Pragma": [ "no-cache" ],
        "x-ms-request-id": [ "56a8ad6c-44e6-40cc-8389-1db9eeadea69_M8CH3_M8CH3" ],
        "Server-SB": [ "Service-Bus-Resource-Provider/CH3" ],
        "Server": [ "Service-Bus-Resource-Provider/CH3", "Microsoft-HTTPAPI/2.0" ],
        "x-ms-ratelimit-remaining-subscription-reads": [ "11979" ],
        "x-ms-correlation-request-id": [ "dc41bcf4-2126-4ac7-9c2f-8a417f323f6d" ],
        "x-ms-routing-request-id": [ "KOREACENTRAL:20221125T102616Z:dc41bcf4-2126-4ac7-9c2f-8a417f323f6d" ],
        "Strict-Transport-Security": [ "max-age=31536000; includeSubDomains" ],
        "X-Content-Type-Options": [ "nosniff" ],
        "Date": [ "Fri, 25 Nov 2022 10:26:15 GMT" ]
      },
      "ContentHeaders": {
        "Content-Length": [ "699" ],
        "Content-Type": [ "application/json; charset=utf-8" ],
        "Expires": [ "-1" ]
      },
      "Content": "{\"id\":\"/subscriptions/326100e2-f69d-4268-8503-075374f62b6e/resourceGroups/resourceGroupAutorestbexylc/providers/Microsoft.EventHub/namespaces/namespaceNameyb2pzf/privateEndpointConnections/6db277bf-6c95-45d8-8a98-8646ac9bd3de\",\"name\":\"6db277bf-6c95-45d8-8a98-8646ac9bd3de\",\"type\":\"Microsoft.EventHub/Namespaces/PrivateEndpointConnections\",\"location\":\"East US\",\"properties\":{\"provisioningState\":\"Updating\",\"privateEndpoint\":{\"id\":\"/subscriptions/326100e2-f69d-4268-8503-075374f62b6e/resourceGroups/resourceGroupAutorestbexylc/providers/Microsoft.Network/privateEndpoints/privateEndpoint-6zqcbr\"},\"privateLinkServiceConnectionState\":{\"status\":\"Approved\",\"description\":\"Bye\"},\"groupIds\":[\"namespace\"]}}",
      "isContentBase64": false
    }
  },
  "Approve-AzEventHubPrivateEndpointConnection+[NoContext]+SetViaIdentityExpanded+$GET+https://management.azure.com/subscriptions/326100e2-f69d-4268-8503-075374f62b6e/resourceGroups/resourceGroupAutorestbexylc/providers/Microsoft.EventHub/namespaces/namespaceNameyb2pzf/privateEndpointConnections/6db277bf-6c95-45d8-8a98-8646ac9bd3de?api-version=2022-01-01-preview+7": {
    "Request": {
      "Method": "GET",
      "RequestUri": "https://management.azure.com/subscriptions/326100e2-f69d-4268-8503-075374f62b6e/resourceGroups/resourceGroupAutorestbexylc/providers/Microsoft.EventHub/namespaces/namespaceNameyb2pzf/privateEndpointConnections/6db277bf-6c95-45d8-8a98-8646ac9bd3de?api-version=2022-01-01-preview",
      "Content": null,
      "isContentBase64": false,
      "Headers": {
        "x-ms-unique-id": [ "17" ],
        "x-ms-client-request-id": [ "08777b6e-1dab-4b56-bb64-88941900c1df" ],
        "CommandName": [ "Get-AzEventHubPrivateEndpointConnection" ],
        "FullCommandName": [ "Get-AzEventHubPrivateEndpointConnection_Get" ],
        "ParameterSetName": [ "__AllParameterSets" ],
        "User-Agent": [ "AzurePowershell/v0.0.0", "PSVersion/v7.1.3", "Az.EventHub/0.1.0" ],
        "Authorization": [ "[Filtered]" ]
      },
      "ContentHeaders": {
      }
    },
    "Response": {
      "StatusCode": 200,
      "Headers": {
        "Cache-Control": [ "no-cache" ],
        "Pragma": [ "no-cache" ],
        "x-ms-request-id": [ "132bd2ef-2370-4e9d-a351-93841fa6afea_M8CH3_M8CH3" ],
        "Server-SB": [ "Service-Bus-Resource-Provider/CH3" ],
        "Server": [ "Service-Bus-Resource-Provider/CH3", "Microsoft-HTTPAPI/2.0" ],
        "x-ms-ratelimit-remaining-subscription-reads": [ "11978" ],
        "x-ms-correlation-request-id": [ "814b8b6f-f6a8-4878-a381-42e72ab9cb58" ],
        "x-ms-routing-request-id": [ "KOREACENTRAL:20221125T102627Z:814b8b6f-f6a8-4878-a381-42e72ab9cb58" ],
        "Strict-Transport-Security": [ "max-age=31536000; includeSubDomains" ],
        "X-Content-Type-Options": [ "nosniff" ],
        "Date": [ "Fri, 25 Nov 2022 10:26:26 GMT" ]
      },
      "ContentHeaders": {
        "Content-Length": [ "699" ],
        "Content-Type": [ "application/json; charset=utf-8" ],
        "Expires": [ "-1" ]
      },
      "Content": "{\"id\":\"/subscriptions/326100e2-f69d-4268-8503-075374f62b6e/resourceGroups/resourceGroupAutorestbexylc/providers/Microsoft.EventHub/namespaces/namespaceNameyb2pzf/privateEndpointConnections/6db277bf-6c95-45d8-8a98-8646ac9bd3de\",\"name\":\"6db277bf-6c95-45d8-8a98-8646ac9bd3de\",\"type\":\"Microsoft.EventHub/Namespaces/PrivateEndpointConnections\",\"location\":\"East US\",\"properties\":{\"provisioningState\":\"Updating\",\"privateEndpoint\":{\"id\":\"/subscriptions/326100e2-f69d-4268-8503-075374f62b6e/resourceGroups/resourceGroupAutorestbexylc/providers/Microsoft.Network/privateEndpoints/privateEndpoint-6zqcbr\"},\"privateLinkServiceConnectionState\":{\"status\":\"Approved\",\"description\":\"Bye\"},\"groupIds\":[\"namespace\"]}}",
      "isContentBase64": false
    }
  },
  "Approve-AzEventHubPrivateEndpointConnection+[NoContext]+SetViaIdentityExpanded+$GET+https://management.azure.com/subscriptions/326100e2-f69d-4268-8503-075374f62b6e/resourceGroups/resourceGroupAutorestbexylc/providers/Microsoft.EventHub/namespaces/namespaceNameyb2pzf/privateEndpointConnections/6db277bf-6c95-45d8-8a98-8646ac9bd3de?api-version=2022-01-01-preview+8": {
    "Request": {
      "Method": "GET",
      "RequestUri": "https://management.azure.com/subscriptions/326100e2-f69d-4268-8503-075374f62b6e/resourceGroups/resourceGroupAutorestbexylc/providers/Microsoft.EventHub/namespaces/namespaceNameyb2pzf/privateEndpointConnections/6db277bf-6c95-45d8-8a98-8646ac9bd3de?api-version=2022-01-01-preview",
      "Content": null,
      "isContentBase64": false,
      "Headers": {
        "x-ms-unique-id": [ "18" ],
        "x-ms-client-request-id": [ "82294336-ebc1-4210-bf3a-5d863a377a82" ],
        "CommandName": [ "Get-AzEventHubPrivateEndpointConnection" ],
        "FullCommandName": [ "Get-AzEventHubPrivateEndpointConnection_Get" ],
        "ParameterSetName": [ "__AllParameterSets" ],
        "User-Agent": [ "AzurePowershell/v0.0.0", "PSVersion/v7.1.3", "Az.EventHub/0.1.0" ],
        "Authorization": [ "[Filtered]" ]
      },
      "ContentHeaders": {
      }
    },
    "Response": {
      "StatusCode": 200,
      "Headers": {
        "Cache-Control": [ "no-cache" ],
        "Pragma": [ "no-cache" ],
        "x-ms-request-id": [ "cae238b8-329d-4d64-942e-287f246658fe_M8CH3_M8CH3" ],
        "Server-SB": [ "Service-Bus-Resource-Provider/CH3" ],
        "Server": [ "Service-Bus-Resource-Provider/CH3", "Microsoft-HTTPAPI/2.0" ],
        "x-ms-ratelimit-remaining-subscription-reads": [ "11977" ],
        "x-ms-correlation-request-id": [ "56b8e23e-4ec7-45b5-9d2b-e93404fdeb6f" ],
        "x-ms-routing-request-id": [ "KOREACENTRAL:20221125T102637Z:56b8e23e-4ec7-45b5-9d2b-e93404fdeb6f" ],
        "Strict-Transport-Security": [ "max-age=31536000; includeSubDomains" ],
        "X-Content-Type-Options": [ "nosniff" ],
        "Date": [ "Fri, 25 Nov 2022 10:26:37 GMT" ]
      },
      "ContentHeaders": {
        "Content-Length": [ "700" ],
        "Content-Type": [ "application/json; charset=utf-8" ],
        "Expires": [ "-1" ]
      },
      "Content": "{\"id\":\"/subscriptions/326100e2-f69d-4268-8503-075374f62b6e/resourceGroups/resourceGroupAutorestbexylc/providers/Microsoft.EventHub/namespaces/namespaceNameyb2pzf/privateEndpointConnections/6db277bf-6c95-45d8-8a98-8646ac9bd3de\",\"name\":\"6db277bf-6c95-45d8-8a98-8646ac9bd3de\",\"type\":\"Microsoft.EventHub/Namespaces/PrivateEndpointConnections\",\"location\":\"East US\",\"properties\":{\"provisioningState\":\"Succeeded\",\"privateEndpoint\":{\"id\":\"/subscriptions/326100e2-f69d-4268-8503-075374f62b6e/resourceGroups/resourceGroupAutorestbexylc/providers/Microsoft.Network/privateEndpoints/privateEndpoint-6zqcbr\"},\"privateLinkServiceConnectionState\":{\"status\":\"Approved\",\"description\":\"Bye\"},\"groupIds\":[\"namespace\"]}}",
      "isContentBase64": false
    }
  }
}