{
  "Get-AzEventHubNamespaceV2+[NoContext]+Get+$GET+https://management.azure.com/subscriptions/326100e2-f69d-4268-8503-075374f62b6e/resourceGroups/resourceGroupAutoresta2s9gd/providers/Microsoft.EventHub/namespaces/namespaceNamed5orf8?api-version=2023-01-01-preview+1": {
    "Request": {
      "Method": "GET",
      "RequestUri": "https://management.azure.com/subscriptions/326100e2-f69d-4268-8503-075374f62b6e/resourceGroups/resourceGroupAutoresta2s9gd/providers/Microsoft.EventHub/namespaces/namespaceNamed5orf8?api-version=2023-01-01-preview",
      "Content": null,
      "isContentBase64": false,
      "Headers": {
        "x-ms-unique-id": [ "49" ],
        "x-ms-client-request-id": [ "7e3ea47b-7717-41cf-bcda-2555cdca0ceb" ],
        "CommandName": [ "Get-AzEventHubNamespaceV2" ],
        "FullCommandName": [ "Get-AzEventHubNamespace_Get" ],
        "ParameterSetName": [ "__AllParameterSets" ],
        "User-Agent": [ "AzurePowershell/v0.0.0", "PSVersion/v7.1.3", "Az.EventHub/0.1.0" ],
        "Authorization": [ "[Filtered]" ]
      },
      "ContentHeaders": {
      }
    },
    "Response": {
      "StatusCode": 200,
      "Headers": {
        "Cache-Control": [ "no-cache" ],
        "Pragma": [ "no-cache" ],
        "x-ms-request-id": [ "4bcb2be6-1003-43f7-9b62-3cdf3423923a_M5CH3_M5CH3" ],
        "Server-SB": [ "Service-Bus-Resource-Provider/CH3" ],
        "x-ms-ratelimit-remaining-subscription-reads": [ "11999" ],
        "x-ms-correlation-request-id": [ "81943d84-caae-43e3-aa38-3e9b4515cccf" ],
        "x-ms-routing-request-id": [ "KOREACENTRAL:20230918T074713Z:81943d84-caae-43e3-aa38-3e9b4515cccf" ],
        "Strict-Transport-Security": [ "max-age=31536000; includeSubDomains" ],
        "X-Content-Type-Options": [ "nosniff" ],
        "X-Cache": [ "CONFIG_NOCACHE" ],
        "X-MSEdge-Ref": [ "Ref A: 8868548D50AF4A0A9BC64F5D0D0D0D74 Ref B: SEL221051504011 Ref C: 2023-09-18T07:47:11Z" ],
        "Date": [ "Mon, 18 Sep 2023 07:47:13 GMT" ]
      },
      "ContentHeaders": {
        "Content-Length": [ "2218" ],
        "Content-Type": [ "application/json; charset=utf-8" ],
        "Expires": [ "-1" ]
      },
      "Content": "{\"sku\":{\"name\":\"Premium\",\"tier\":\"Premium\",\"capacity\":1},\"id\":\"/subscriptions/326100e2-f69d-4268-8503-075374f62b6e/resourceGroups/resourceGroupAutoresta2s9gd/providers/Microsoft.EventHub/namespaces/namespaceNamed5orf8\",\"name\":\"namespaceNamed5orf8\",\"type\":\"Microsoft.EventHub/Namespaces\",\"location\":\"East US\",\"tags\":{},\"properties\":{\"minimumTlsVersion\":\"1.2\",\"publicNetworkAccess\":\"Enabled\",\"disableLocalAuth\":false,\"zoneRedundant\":true,\"privateEndpointConnections\":[{\"id\":\"/subscriptions/326100e2-f69d-4268-8503-075374f62b6e/resourceGroups/resourceGroupAutoresta2s9gd/providers/Microsoft.EventHub/namespaces/namespaceNamed5orf8/privateEndpointConnections/039cd4e6-b8c0-4b3f-a6c2-41d367f808b5\",\"name\":\"039cd4e6-b8c0-4b3f-a6c2-41d367f808b5\",\"type\":\"Microsoft.EventHub/Namespaces/PrivateEndpointConnections\",\"location\":\"East US\",\"properties\":{\"provisioningState\":\"Succeeded\",\"privateEndpoint\":{\"id\":\"/subscriptions/326100e2-f69d-4268-8503-075374f62b6e/resourceGroups/resourceGroupAutoresta2s9gd/providers/Microsoft.Network/privateEndpoints/privateEndpoint-qyfutj\"},\"privateLinkServiceConnectionState\":{\"status\":\"Rejected\",\"description\":\"\"},\"groupIds\":[\"namespace\"]}},{\"id\":\"/subscriptions/326100e2-f69d-4268-8503-075374f62b6e/resourceGroups/resourceGroupAutoresta2s9gd/providers/Microsoft.EventHub/namespaces/namespaceNamed5orf8/privateEndpointConnections/cfdfc4e7-f5a8-465f-82a7-c4a77d84a956\",\"name\":\"cfdfc4e7-f5a8-465f-82a7-c4a77d84a956\",\"type\":\"Microsoft.EventHub/Namespaces/PrivateEndpointConnections\",\"location\":\"East US\",\"properties\":{\"provisioningState\":\"Succeeded\",\"privateEndpoint\":{\"id\":\"/subscriptions/326100e2-f69d-4268-8503-075374f62b6e/resourceGroups/resourceGroupAutoresta2s9gd/providers/Microsoft.Network/privateEndpoints/privateEndpoint-352l4o\"},\"privateLinkServiceConnectionState\":{\"status\":\"Rejected\",\"description\":\"Bye\"},\"groupIds\":[\"namespace\"]}}],\"isAutoInflateEnabled\":false,\"maximumThroughputUnits\":0,\"kafkaEnabled\":true,\"provisioningState\":\"Succeeded\",\"metricId\":\"326100e2-f69d-4268-8503-075374f62b6e:namespacenamed5orf8\",\"createdAt\":\"2023-09-18T07:32:30.42Z\",\"updatedAt\":\"2023-09-18T07:33:53.993Z\",\"serviceBusEndpoint\":\"https://namespaceNamed5orf8.servicebus.windows.net:443/\",\"status\":\"Active\"}}",
      "isContentBase64": false
    }
  },
  "Get-AzEventHubNamespaceV2+[NoContext]+List1+$GET+https://management.azure.com/subscriptions/326100e2-f69d-4268-8503-075374f62b6e/resourceGroups/resourceGroupAutoresta2s9gd/providers/Microsoft.EventHub/namespaces?api-version=2023-01-01-preview+1": {
    "Request": {
      "Method": "GET",
      "RequestUri": "https://management.azure.com/subscriptions/326100e2-f69d-4268-8503-075374f62b6e/resourceGroups/resourceGroupAutoresta2s9gd/providers/Microsoft.EventHub/namespaces?api-version=2023-01-01-preview",
      "Content": null,
      "isContentBase64": false,
      "Headers": {
        "x-ms-unique-id": [ "50" ],
        "x-ms-client-request-id": [ "7cd1ad18-578f-431b-91ab-ce64cf5cef81" ],
        "CommandName": [ "Get-AzEventHubNamespaceV2" ],
        "FullCommandName": [ "Get-AzEventHubNamespace_List1" ],
        "ParameterSetName": [ "__AllParameterSets" ],
        "User-Agent": [ "AzurePowershell/v0.0.0", "PSVersion/v7.1.3", "Az.EventHub/0.1.0" ],
        "Authorization": [ "[Filtered]" ]
      },
      "ContentHeaders": {
      }
    },
    "Response": {
      "StatusCode": 200,
      "Headers": {
        "Cache-Control": [ "no-cache" ],
        "Pragma": [ "no-cache" ],
        "x-ms-request-id": [ "e6a83c1a-7241-41e8-8e77-3d7b029311a4_M6SN1_M6SN1" ],
        "Server-SB": [ "Service-Bus-Resource-Provider/SN1" ],
        "x-ms-ratelimit-remaining-subscription-reads": [ "11995" ],
        "x-ms-correlation-request-id": [ "d408a5b9-4790-4f5d-87f5-3718a3dfe9d4" ],
        "x-ms-routing-request-id": [ "KOREACENTRAL:20230918T074713Z:d408a5b9-4790-4f5d-87f5-3718a3dfe9d4" ],
        "Strict-Transport-Security": [ "max-age=31536000; includeSubDomains" ],
        "X-Content-Type-Options": [ "nosniff" ],
        "X-Cache": [ "CONFIG_NOCACHE" ],
        "X-MSEdge-Ref": [ "Ref A: 9998CA6A49A34B1AB6CFB301566E2952 Ref B: SEL221051504011 Ref C: 2023-09-18T07:47:13Z" ],
        "Date": [ "Mon, 18 Sep 2023 07:47:13 GMT" ]
      },
      "ContentHeaders": {
        "Content-Length": [ "4707" ],
        "Content-Type": [ "application/json; charset=utf-8" ],
        "Expires": [ "-1" ]
      },
      "Content": "{\"value\":[{\"sku\":{\"name\":\"Premium\",\"tier\":\"Premium\",\"capacity\":1},\"id\":\"/subscriptions/326100e2-f69d-4268-8503-075374f62b6e/resourceGroups/resourceGroupAutoresta2s9gd/providers/Microsoft.EventHub/namespaces/namespaceNamed5orf8\",\"name\":\"namespaceNamed5orf8\",\"type\":\"Microsoft.EventHub/Namespaces\",\"location\":\"East US\",\"tags\":{},\"properties\":{\"minimumTlsVersion\":\"1.2\",\"publicNetworkAccess\":\"Enabled\",\"disableLocalAuth\":false,\"zoneRedundant\":true,\"privateEndpointConnections\":[{\"id\":\"/subscriptions/326100e2-f69d-4268-8503-075374f62b6e/resourceGroups/resourceGroupAutoresta2s9gd/providers/Microsoft.EventHub/namespaces/privateEndpointConnections/039cd4e6-b8c0-4b3f-a6c2-41d367f808b5\",\"name\":\"039cd4e6-b8c0-4b3f-a6c2-41d367f808b5\",\"type\":\"Microsoft.EventHub/Namespaces/PrivateEndpointConnections\",\"location\":\"East US\",\"properties\":{\"provisioningState\":\"Succeeded\",\"privateEndpoint\":{\"id\":\"/subscriptions/326100e2-f69d-4268-8503-075374f62b6e/resourceGroups/resourceGroupAutoresta2s9gd/providers/Microsoft.Network/privateEndpoints/privateEndpoint-qyfutj\"},\"privateLinkServiceConnectionState\":{\"status\":\"Rejected\",\"description\":\"\"},\"groupIds\":[\"namespace\"]}},{\"id\":\"/subscriptions/326100e2-f69d-4268-8503-075374f62b6e/resourceGroups/resourceGroupAutoresta2s9gd/providers/Microsoft.EventHub/namespaces/privateEndpointConnections/cfdfc4e7-f5a8-465f-82a7-c4a77d84a956\",\"name\":\"cfdfc4e7-f5a8-465f-82a7-c4a77d84a956\",\"type\":\"Microsoft.EventHub/Namespaces/PrivateEndpointConnections\",\"location\":\"East US\",\"properties\":{\"provisioningState\":\"Succeeded\",\"privateEndpoint\":{\"id\":\"/subscriptions/326100e2-f69d-4268-8503-075374f62b6e/resourceGroups/resourceGroupAutoresta2s9gd/providers/Microsoft.Network/privateEndpoints/privateEndpoint-352l4o\"},\"privateLinkServiceConnectionState\":{\"status\":\"Rejected\",\"description\":\"Bye\"},\"groupIds\":[\"namespace\"]}}],\"isAutoInflateEnabled\":false,\"maximumThroughputUnits\":0,\"kafkaEnabled\":true,\"provisioningState\":\"Succeeded\",\"metricId\":\"326100e2-f69d-4268-8503-075374f62b6e:namespacenamed5orf8\",\"createdAt\":\"2023-09-18T07:32:30.42Z\",\"updatedAt\":\"2023-09-18T07:33:53.993Z\",\"serviceBusEndpoint\":\"https://namespaceNamed5orf8.servicebus.windows.net:443/\",\"status\":\"Active\"}},{\"sku\":{\"name\":\"Premium\",\"tier\":\"Premium\",\"capacity\":1},\"id\":\"/subscriptions/326100e2-f69d-4268-8503-075374f62b6e/resourceGroups/resourceGroupAutoresta2s9gd/providers/Microsoft.EventHub/namespaces/namespaceNamewze84s\",\"name\":\"namespaceNamewze84s\",\"type\":\"Microsoft.EventHub/Namespaces\",\"location\":\"East US\",\"tags\":{},\"identity\":{\"principalId\":\"07331995-dc52-4f9b-898b-98ac4f0f5c53\",\"tenantId\":\"72f988bf-86f1-41af-91ab-2d7cd011db47\",\"type\":\"SystemAssigned\"},\"properties\":{\"minimumTlsVersion\":\"1.2\",\"publicNetworkAccess\":\"Enabled\",\"disableLocalAuth\":false,\"zoneRedundant\":true,\"isAutoInflateEnabled\":false,\"maximumThroughputUnits\":0,\"kafkaEnabled\":true,\"provisioningState\":\"Succeeded\",\"metricId\":\"326100e2-f69d-4268-8503-075374f62b6e:namespacenamewze84s\",\"createdAt\":\"2023-09-18T07:32:31.713Z\",\"updatedAt\":\"2023-09-18T07:39:50.78Z\",\"serviceBusEndpoint\":\"https://namespaceNamewze84s.servicebus.windows.net:443/\",\"status\":\"Active\"}},{\"sku\":{\"name\":\"Standard\",\"tier\":\"Standard\",\"capacity\":1},\"id\":\"/subscriptions/326100e2-f69d-4268-8503-075374f62b6e/resourceGroups/resourceGroupAutoresta2s9gd/providers/Microsoft.EventHub/namespaces/namespaceNamejwm6p8\",\"name\":\"namespaceNamejwm6p8\",\"type\":\"Microsoft.EventHub/Namespaces\",\"location\":\"East US\",\"tags\":{},\"properties\":{\"minimumTlsVersion\":\"1.2\",\"publicNetworkAccess\":\"Enabled\",\"disableLocalAuth\":false,\"zoneRedundant\":true,\"isAutoInflateEnabled\":false,\"maximumThroughputUnits\":0,\"kafkaEnabled\":true,\"provisioningState\":\"Succeeded\",\"metricId\":\"326100e2-f69d-4268-8503-075374f62b6e:namespacenamejwm6p8\",\"createdAt\":\"2023-09-18T07:40:21.923Z\",\"updatedAt\":\"2023-09-18T07:41:10.1Z\",\"serviceBusEndpoint\":\"https://namespaceNamejwm6p8.servicebus.windows.net:443/\",\"status\":\"Active\"}},{\"sku\":{\"name\":\"Standard\",\"tier\":\"Standard\",\"capacity\":1},\"id\":\"/subscriptions/326100e2-f69d-4268-8503-075374f62b6e/resourceGroups/resourceGroupAutoresta2s9gd/providers/Microsoft.EventHub/namespaces/namespaceNameyr61dz\",\"name\":\"namespaceNameyr61dz\",\"type\":\"Microsoft.EventHub/Namespaces\",\"location\":\"Australia East\",\"tags\":{},\"properties\":{\"minimumTlsVersion\":\"1.2\",\"publicNetworkAccess\":\"Enabled\",\"disableLocalAuth\":false,\"zoneRedundant\":true,\"isAutoInflateEnabled\":false,\"maximumThroughputUnits\":0,\"kafkaEnabled\":true,\"provisioningState\":\"Succeeded\",\"metricId\":\"326100e2-f69d-4268-8503-075374f62b6e:namespacenameyr61dz\",\"createdAt\":\"2023-09-18T07:40:22.723Z\",\"updatedAt\":\"2023-09-18T07:41:13.68Z\",\"serviceBusEndpoint\":\"https://namespaceNameyr61dz.servicebus.windows.net:443/\",\"status\":\"Active\"}}]}",
      "isContentBase64": false
    }
  },
  "Get-AzEventHubNamespaceV2+[NoContext]+GetViaIdentity+$GET+https://management.azure.com/subscriptions/326100e2-f69d-4268-8503-075374f62b6e/resourceGroups/resourceGroupAutoresta2s9gd/providers/Microsoft.EventHub/namespaces/namespaceNamed5orf8?api-version=2023-01-01-preview+1": {
    "Request": {
      "Method": "GET",
      "RequestUri": "https://management.azure.com/subscriptions/326100e2-f69d-4268-8503-075374f62b6e/resourceGroups/resourceGroupAutoresta2s9gd/providers/Microsoft.EventHub/namespaces/namespaceNamed5orf8?api-version=2023-01-01-preview",
      "Content": null,
      "isContentBase64": false,
      "Headers": {
        "x-ms-unique-id": [ "51" ],
        "x-ms-client-request-id": [ "8d493261-403f-4f5e-90ef-a2c3acbffe77" ],
        "CommandName": [ "Get-AzEventHubNamespaceV2" ],
        "FullCommandName": [ "Get-AzEventHubNamespace_Get" ],
        "ParameterSetName": [ "__AllParameterSets" ],
        "User-Agent": [ "AzurePowershell/v0.0.0", "PSVersion/v7.1.3", "Az.EventHub/0.1.0" ],
        "Authorization": [ "[Filtered]" ]
      },
      "ContentHeaders": {
      }
    },
    "Response": {
      "StatusCode": 200,
      "Headers": {
        "Cache-Control": [ "no-cache" ],
        "Pragma": [ "no-cache" ],
        "x-ms-request-id": [ "1ab5baf6-39c0-43a3-a8e5-c5fb22085222_M6CH3_M6CH3" ],
        "Server-SB": [ "Service-Bus-Resource-Provider/CH3" ],
        "x-ms-ratelimit-remaining-subscription-reads": [ "11997" ],
        "x-ms-correlation-request-id": [ "3ac3399d-be92-4214-b73e-29cdee4bf283" ],
        "x-ms-routing-request-id": [ "KOREACENTRAL:20230918T074715Z:3ac3399d-be92-4214-b73e-29cdee4bf283" ],
        "Strict-Transport-Security": [ "max-age=31536000; includeSubDomains" ],
        "X-Content-Type-Options": [ "nosniff" ],
        "X-Cache": [ "CONFIG_NOCACHE" ],
        "X-MSEdge-Ref": [ "Ref A: B06282DB998C49C18FEE45F33FB4402A Ref B: SEL221051504011 Ref C: 2023-09-18T07:47:14Z" ],
        "Date": [ "Mon, 18 Sep 2023 07:47:15 GMT" ]
      },
      "ContentHeaders": {
        "Content-Length": [ "2218" ],
        "Content-Type": [ "application/json; charset=utf-8" ],
        "Expires": [ "-1" ]
      },
      "Content": "{\"sku\":{\"name\":\"Premium\",\"tier\":\"Premium\",\"capacity\":1},\"id\":\"/subscriptions/326100e2-f69d-4268-8503-075374f62b6e/resourceGroups/resourceGroupAutoresta2s9gd/providers/Microsoft.EventHub/namespaces/namespaceNamed5orf8\",\"name\":\"namespaceNamed5orf8\",\"type\":\"Microsoft.EventHub/Namespaces\",\"location\":\"East US\",\"tags\":{},\"properties\":{\"minimumTlsVersion\":\"1.2\",\"publicNetworkAccess\":\"Enabled\",\"disableLocalAuth\":false,\"zoneRedundant\":true,\"privateEndpointConnections\":[{\"id\":\"/subscriptions/326100e2-f69d-4268-8503-075374f62b6e/resourceGroups/resourceGroupAutoresta2s9gd/providers/Microsoft.EventHub/namespaces/namespaceNamed5orf8/privateEndpointConnections/039cd4e6-b8c0-4b3f-a6c2-41d367f808b5\",\"name\":\"039cd4e6-b8c0-4b3f-a6c2-41d367f808b5\",\"type\":\"Microsoft.EventHub/Namespaces/PrivateEndpointConnections\",\"location\":\"East US\",\"properties\":{\"provisioningState\":\"Succeeded\",\"privateEndpoint\":{\"id\":\"/subscriptions/326100e2-f69d-4268-8503-075374f62b6e/resourceGroups/resourceGroupAutoresta2s9gd/providers/Microsoft.Network/privateEndpoints/privateEndpoint-qyfutj\"},\"privateLinkServiceConnectionState\":{\"status\":\"Rejected\",\"description\":\"\"},\"groupIds\":[\"namespace\"]}},{\"id\":\"/subscriptions/326100e2-f69d-4268-8503-075374f62b6e/resourceGroups/resourceGroupAutoresta2s9gd/providers/Microsoft.EventHub/namespaces/namespaceNamed5orf8/privateEndpointConnections/cfdfc4e7-f5a8-465f-82a7-c4a77d84a956\",\"name\":\"cfdfc4e7-f5a8-465f-82a7-c4a77d84a956\",\"type\":\"Microsoft.EventHub/Namespaces/PrivateEndpointConnections\",\"location\":\"East US\",\"properties\":{\"provisioningState\":\"Succeeded\",\"privateEndpoint\":{\"id\":\"/subscriptions/326100e2-f69d-4268-8503-075374f62b6e/resourceGroups/resourceGroupAutoresta2s9gd/providers/Microsoft.Network/privateEndpoints/privateEndpoint-352l4o\"},\"privateLinkServiceConnectionState\":{\"status\":\"Rejected\",\"description\":\"Bye\"},\"groupIds\":[\"namespace\"]}}],\"isAutoInflateEnabled\":false,\"maximumThroughputUnits\":0,\"kafkaEnabled\":true,\"provisioningState\":\"Succeeded\",\"metricId\":\"326100e2-f69d-4268-8503-075374f62b6e:namespacenamed5orf8\",\"createdAt\":\"2023-09-18T07:32:30.42Z\",\"updatedAt\":\"2023-09-18T07:33:53.993Z\",\"serviceBusEndpoint\":\"https://namespaceNamed5orf8.servicebus.windows.net:443/\",\"status\":\"Active\"}}",
      "isContentBase64": false
    }
  },
  "Get-AzEventHubNamespaceV2+[NoContext]+GetViaIdentity+$GET+https://management.azure.com/subscriptions/326100e2-f69d-4268-8503-075374f62b6e/resourceGroups/resourceGroupAutoresta2s9gd/providers/Microsoft.EventHub/namespaces/namespaceNamed5orf8?api-version=2023-01-01-preview+2": {
    "Request": {
      "Method": "GET",
      "RequestUri": "https://management.azure.com/subscriptions/326100e2-f69d-4268-8503-075374f62b6e/resourceGroups/resourceGroupAutoresta2s9gd/providers/Microsoft.EventHub/namespaces/namespaceNamed5orf8?api-version=2023-01-01-preview",
      "Content": null,
      "isContentBase64": false,
      "Headers": {
        "x-ms-unique-id": [ "52" ],
        "x-ms-client-request-id": [ "2c154258-3937-4ef9-a4ab-915f71668e3a" ],
        "CommandName": [ "Get-AzEventHubNamespaceV2" ],
        "FullCommandName": [ "Get-AzEventHubNamespace_GetViaIdentity" ],
        "ParameterSetName": [ "__AllParameterSets" ],
        "User-Agent": [ "AzurePowershell/v0.0.0", "PSVersion/v7.1.3", "Az.EventHub/0.1.0" ],
        "Authorization": [ "[Filtered]" ]
      },
      "ContentHeaders": {
      }
    },
    "Response": {
      "StatusCode": 200,
      "Headers": {
        "Cache-Control": [ "no-cache" ],
        "Pragma": [ "no-cache" ],
        "x-ms-request-id": [ "879e3b6a-daa3-4ccb-8a69-fb7a24b9ba36_M4CH3_M4CH3" ],
        "Server-SB": [ "Service-Bus-Resource-Provider/CH3" ],
        "x-ms-ratelimit-remaining-subscription-reads": [ "11994" ],
        "x-ms-correlation-request-id": [ "9657165f-0e58-4ec0-b15d-d99ceb4332b8" ],
        "x-ms-routing-request-id": [ "KOREACENTRAL:20230918T074716Z:9657165f-0e58-4ec0-b15d-d99ceb4332b8" ],
        "Strict-Transport-Security": [ "max-age=31536000; includeSubDomains" ],
        "X-Content-Type-Options": [ "nosniff" ],
        "X-Cache": [ "CONFIG_NOCACHE" ],
        "X-MSEdge-Ref": [ "Ref A: BFD1079A227B4B268668D4EC54823792 Ref B: SEL221051504011 Ref C: 2023-09-18T07:47:15Z" ],
        "Date": [ "Mon, 18 Sep 2023 07:47:15 GMT" ]
      },
      "ContentHeaders": {
        "Content-Length": [ "2218" ],
        "Content-Type": [ "application/json; charset=utf-8" ],
        "Expires": [ "-1" ]
      },
      "Content": "{\"sku\":{\"name\":\"Premium\",\"tier\":\"Premium\",\"capacity\":1},\"id\":\"/subscriptions/326100e2-f69d-4268-8503-075374f62b6e/resourceGroups/resourceGroupAutoresta2s9gd/providers/Microsoft.EventHub/namespaces/namespaceNamed5orf8\",\"name\":\"namespaceNamed5orf8\",\"type\":\"Microsoft.EventHub/Namespaces\",\"location\":\"East US\",\"tags\":{},\"properties\":{\"minimumTlsVersion\":\"1.2\",\"publicNetworkAccess\":\"Enabled\",\"disableLocalAuth\":false,\"zoneRedundant\":true,\"privateEndpointConnections\":[{\"id\":\"/subscriptions/326100e2-f69d-4268-8503-075374f62b6e/resourceGroups/resourceGroupAutoresta2s9gd/providers/Microsoft.EventHub/namespaces/namespaceNamed5orf8/privateEndpointConnections/039cd4e6-b8c0-4b3f-a6c2-41d367f808b5\",\"name\":\"039cd4e6-b8c0-4b3f-a6c2-41d367f808b5\",\"type\":\"Microsoft.EventHub/Namespaces/PrivateEndpointConnections\",\"location\":\"East US\",\"properties\":{\"provisioningState\":\"Succeeded\",\"privateEndpoint\":{\"id\":\"/subscriptions/326100e2-f69d-4268-8503-075374f62b6e/resourceGroups/resourceGroupAutoresta2s9gd/providers/Microsoft.Network/privateEndpoints/privateEndpoint-qyfutj\"},\"privateLinkServiceConnectionState\":{\"status\":\"Rejected\",\"description\":\"\"},\"groupIds\":[\"namespace\"]}},{\"id\":\"/subscriptions/326100e2-f69d-4268-8503-075374f62b6e/resourceGroups/resourceGroupAutoresta2s9gd/providers/Microsoft.EventHub/namespaces/namespaceNamed5orf8/privateEndpointConnections/cfdfc4e7-f5a8-465f-82a7-c4a77d84a956\",\"name\":\"cfdfc4e7-f5a8-465f-82a7-c4a77d84a956\",\"type\":\"Microsoft.EventHub/Namespaces/PrivateEndpointConnections\",\"location\":\"East US\",\"properties\":{\"provisioningState\":\"Succeeded\",\"privateEndpoint\":{\"id\":\"/subscriptions/326100e2-f69d-4268-8503-075374f62b6e/resourceGroups/resourceGroupAutoresta2s9gd/providers/Microsoft.Network/privateEndpoints/privateEndpoint-352l4o\"},\"privateLinkServiceConnectionState\":{\"status\":\"Rejected\",\"description\":\"Bye\"},\"groupIds\":[\"namespace\"]}}],\"isAutoInflateEnabled\":false,\"maximumThroughputUnits\":0,\"kafkaEnabled\":true,\"provisioningState\":\"Succeeded\",\"metricId\":\"326100e2-f69d-4268-8503-075374f62b6e:namespacenamed5orf8\",\"createdAt\":\"2023-09-18T07:32:30.42Z\",\"updatedAt\":\"2023-09-18T07:33:53.993Z\",\"serviceBusEndpoint\":\"https://namespaceNamed5orf8.servicebus.windows.net:443/\",\"status\":\"Active\"}}",
      "isContentBase64": false
    }
  }
}