{
  "Get-AzEventHubApplicationGroup+[NoContext]+List+$GET+https://management.azure.com/subscriptions/326100e2-f69d-4268-8503-075374f62b6e/resourceGroups/resourceGroupAutorestwogfts/providers/Microsoft.EventHub/namespaces/namespaceNamenysd8k/applicationGroups?api-version=2023-01-01-preview+1": {
    "Request": {
      "Method": "GET",
      "RequestUri": "https://management.azure.com/subscriptions/326100e2-f69d-4268-8503-075374f62b6e/resourceGroups/resourceGroupAutorestwogfts/providers/Microsoft.EventHub/namespaces/namespaceNamenysd8k/applicationGroups?api-version=2023-01-01-preview",
      "Content": null,
      "isContentBase64": false,
      "Headers": {
        "x-ms-unique-id": [ "29" ],
        "x-ms-client-request-id": [ "983b5f2b-cbfc-44cd-b6ac-60f1a7f9518d" ],
        "CommandName": [ "Get-AzEventHubApplicationGroup" ],
        "FullCommandName": [ "Get-AzEventHubApplicationGroup_List" ],
        "ParameterSetName": [ "__AllParameterSets" ],
        "User-Agent": [ "AzurePowershell/v0.0.0", "PSVersion/v7.1.3", "Az.EventHub/0.1.0" ],
        "Authorization": [ "[Filtered]" ]
      },
      "ContentHeaders": {
      }
    },
    "Response": {
      "StatusCode": 200,
      "Headers": {
        "Cache-Control": [ "no-cache" ],
        "Pragma": [ "no-cache" ],
        "x-ms-request-id": [ "bafe63f4-0eda-4182-af85-6eee6f37b65d_M8SN1_M8SN1" ],
        "Server-SB": [ "Service-Bus-Resource-Provider/SN1" ],
        "Server": [ "Service-Bus-Resource-Provider/SN1", "Microsoft-HTTPAPI/2.0" ],
        "x-ms-ratelimit-remaining-subscription-reads": [ "11983" ],
        "x-ms-correlation-request-id": [ "b797a402-cacf-40d2-ae46-b44dab92edaf" ],
        "x-ms-routing-request-id": [ "SOUTHCENTRALUS:20230817T172641Z:b797a402-cacf-40d2-ae46-b44dab92edaf" ],
        "Strict-Transport-Security": [ "max-age=31536000; includeSubDomains" ],
        "X-Content-Type-Options": [ "nosniff" ],
        "Date": [ "Thu, 17 Aug 2023 17:26:41 GMT" ]
      },
      "ContentHeaders": {
        "Content-Length": [ "477" ],
        "Content-Type": [ "application/json; charset=utf-8" ],
        "Expires": [ "-1" ]
      },
      "Content": "{\"value\":[{\"id\":\"/subscriptions/326100e2-f69d-4268-8503-075374f62b6e/resourceGroups/resourceGroupAutorestwogfts/providers/Microsoft.EventHub/namespaces/namespaceNamenysd8k/applicationGroups/appGroupl6sfgw\",\"name\":\"appGroupl6sfgw\",\"type\":\"\",\"location\":\"East US\",\"properties\":{\"clientAppGroupIdentifier\":\"NamespaceSASKeyName=RootManageSharedAccessKey\",\"policies\":[{\"type\":\"ThrottlingPolicy\",\"name\":\"t1\",\"metricId\":\"IncomingBytes\",\"rateLimitThreshold\":10234}],\"isEnabled\":true}}]}",
      "isContentBase64": false
    }
  },
  "Get-AzEventHubApplicationGroup+[NoContext]+Get+$GET+https://management.azure.com/subscriptions/326100e2-f69d-4268-8503-075374f62b6e/resourceGroups/resourceGroupAutorestwogfts/providers/Microsoft.EventHub/namespaces/namespaceNamenysd8k/applicationGroups/appGroupl6sfgw?api-version=2023-01-01-preview+1": {
    "Request": {
      "Method": "GET",
      "RequestUri": "https://management.azure.com/subscriptions/326100e2-f69d-4268-8503-075374f62b6e/resourceGroups/resourceGroupAutorestwogfts/providers/Microsoft.EventHub/namespaces/namespaceNamenysd8k/applicationGroups/appGroupl6sfgw?api-version=2023-01-01-preview",
      "Content": null,
      "isContentBase64": false,
      "Headers": {
        "x-ms-unique-id": [ "30" ],
        "x-ms-client-request-id": [ "48064bbe-5b0c-4367-9aac-0f34b0d8305b" ],
        "CommandName": [ "Get-AzEventHubApplicationGroup" ],
        "FullCommandName": [ "Get-AzEventHubApplicationGroup_Get" ],
        "ParameterSetName": [ "__AllParameterSets" ],
        "User-Agent": [ "AzurePowershell/v0.0.0", "PSVersion/v7.1.3", "Az.EventHub/0.1.0" ],
        "Authorization": [ "[Filtered]" ]
      },
      "ContentHeaders": {
      }
    },
    "Response": {
      "StatusCode": 200,
      "Headers": {
        "Cache-Control": [ "no-cache" ],
        "Pragma": [ "no-cache" ],
        "x-ms-request-id": [ "e98573aa-88b9-45c7-836b-f2f6cd89b233_M8SN1_M8SN1" ],
        "Server-SB": [ "Service-Bus-Resource-Provider/SN1" ],
        "Server": [ "Service-Bus-Resource-Provider/SN1", "Microsoft-HTTPAPI/2.0" ],
        "x-ms-ratelimit-remaining-subscription-reads": [ "11982" ],
        "x-ms-correlation-request-id": [ "02bf49e7-c0f2-48ff-8e34-a84dce89dfe8" ],
        "x-ms-routing-request-id": [ "SOUTHCENTRALUS:20230817T172642Z:02bf49e7-c0f2-48ff-8e34-a84dce89dfe8" ],
        "Strict-Transport-Security": [ "max-age=31536000; includeSubDomains" ],
        "X-Content-Type-Options": [ "nosniff" ],
        "Date": [ "Thu, 17 Aug 2023 17:26:41 GMT" ]
      },
      "ContentHeaders": {
        "Content-Length": [ "465" ],
        "Content-Type": [ "application/json; charset=utf-8" ],
        "Expires": [ "-1" ]
      },
      "Content": "{\"id\":\"/subscriptions/326100e2-f69d-4268-8503-075374f62b6e/resourceGroups/resourceGroupAutorestwogfts/providers/Microsoft.EventHub/namespaces/namespaceNamenysd8k/applicationGroups/appGroupl6sfgw\",\"name\":\"appGroupl6sfgw\",\"type\":\"\",\"location\":\"East US\",\"properties\":{\"clientAppGroupIdentifier\":\"NamespaceSASKeyName=RootManageSharedAccessKey\",\"policies\":[{\"type\":\"ThrottlingPolicy\",\"name\":\"t1\",\"metricId\":\"IncomingBytes\",\"rateLimitThreshold\":10234}],\"isEnabled\":true}}",
      "isContentBase64": false
    }
  },
  "Get-AzEventHubApplicationGroup+[NoContext]+GetViaIdentity+$GET+https://management.azure.com/subscriptions/326100e2-f69d-4268-8503-075374f62b6e/resourceGroups/resourceGroupAutorestwogfts/providers/Microsoft.EventHub/namespaces/namespaceNamenysd8k/applicationGroups/appGroupl6sfgw?api-version=2023-01-01-preview+1": {
    "Request": {
      "Method": "GET",
      "RequestUri": "https://management.azure.com/subscriptions/326100e2-f69d-4268-8503-075374f62b6e/resourceGroups/resourceGroupAutorestwogfts/providers/Microsoft.EventHub/namespaces/namespaceNamenysd8k/applicationGroups/appGroupl6sfgw?api-version=2023-01-01-preview",
      "Content": null,
      "isContentBase64": false,
      "Headers": {
        "x-ms-unique-id": [ "31" ],
        "x-ms-client-request-id": [ "35c000a1-67ee-4a58-8145-7b4d0053711c" ],
        "CommandName": [ "Get-AzEventHubApplicationGroup" ],
        "FullCommandName": [ "Get-AzEventHubApplicationGroup_Get" ],
        "ParameterSetName": [ "__AllParameterSets" ],
        "User-Agent": [ "AzurePowershell/v0.0.0", "PSVersion/v7.1.3", "Az.EventHub/0.1.0" ],
        "Authorization": [ "[Filtered]" ]
      },
      "ContentHeaders": {
      }
    },
    "Response": {
      "StatusCode": 200,
      "Headers": {
        "Cache-Control": [ "no-cache" ],
        "Pragma": [ "no-cache" ],
        "x-ms-request-id": [ "d9ba76ef-5870-4b43-bef5-d32a242dd331_M8SN1_M8SN1" ],
        "Server-SB": [ "Service-Bus-Resource-Provider/SN1" ],
        "Server": [ "Service-Bus-Resource-Provider/SN1", "Microsoft-HTTPAPI/2.0" ],
        "x-ms-ratelimit-remaining-subscription-reads": [ "11981" ],
        "x-ms-correlation-request-id": [ "78c5efb7-929f-4f56-8539-dc9c03c853cc" ],
        "x-ms-routing-request-id": [ "SOUTHCENTRALUS:20230817T172643Z:78c5efb7-929f-4f56-8539-dc9c03c853cc" ],
        "Strict-Transport-Security": [ "max-age=31536000; includeSubDomains" ],
        "X-Content-Type-Options": [ "nosniff" ],
        "Date": [ "Thu, 17 Aug 2023 17:26:42 GMT" ]
      },
      "ContentHeaders": {
        "Content-Length": [ "465" ],
        "Content-Type": [ "application/json; charset=utf-8" ],
        "Expires": [ "-1" ]
      },
      "Content": "{\"id\":\"/subscriptions/326100e2-f69d-4268-8503-075374f62b6e/resourceGroups/resourceGroupAutorestwogfts/providers/Microsoft.EventHub/namespaces/namespaceNamenysd8k/applicationGroups/appGroupl6sfgw\",\"name\":\"appGroupl6sfgw\",\"type\":\"\",\"location\":\"East US\",\"properties\":{\"clientAppGroupIdentifier\":\"NamespaceSASKeyName=RootManageSharedAccessKey\",\"policies\":[{\"type\":\"ThrottlingPolicy\",\"name\":\"t1\",\"metricId\":\"IncomingBytes\",\"rateLimitThreshold\":10234}],\"isEnabled\":true}}",
      "isContentBase64": false
    }
  },
  "Get-AzEventHubApplicationGroup+[NoContext]+GetViaIdentity+$GET+https://management.azure.com/subscriptions/326100e2-f69d-4268-8503-075374f62b6e/resourceGroups/resourceGroupAutorestwogfts/providers/Microsoft.EventHub/namespaces/namespaceNamenysd8k/applicationGroups/appGroupl6sfgw?api-version=2023-01-01-preview+2": {
    "Request": {
      "Method": "GET",
      "RequestUri": "https://management.azure.com/subscriptions/326100e2-f69d-4268-8503-075374f62b6e/resourceGroups/resourceGroupAutorestwogfts/providers/Microsoft.EventHub/namespaces/namespaceNamenysd8k/applicationGroups/appGroupl6sfgw?api-version=2023-01-01-preview",
      "Content": null,
      "isContentBase64": false,
      "Headers": {
        "x-ms-unique-id": [ "32" ],
        "x-ms-client-request-id": [ "6839bf88-9343-47c1-a0a5-20e4a4df72f7" ],
        "CommandName": [ "Get-AzEventHubApplicationGroup" ],
        "FullCommandName": [ "Get-AzEventHubApplicationGroup_GetViaIdentity" ],
        "ParameterSetName": [ "__AllParameterSets" ],
        "User-Agent": [ "AzurePowershell/v0.0.0", "PSVersion/v7.1.3", "Az.EventHub/0.1.0" ],
        "Authorization": [ "[Filtered]" ]
      },
      "ContentHeaders": {
      }
    },
    "Response": {
      "StatusCode": 200,
      "Headers": {
        "Cache-Control": [ "no-cache" ],
        "Pragma": [ "no-cache" ],
        "x-ms-request-id": [ "60240f30-e8f2-4e5b-8fd4-106d9b582c1c_M8SN1_M8SN1" ],
        "Server-SB": [ "Service-Bus-Resource-Provider/SN1" ],
        "Server": [ "Service-Bus-Resource-Provider/SN1", "Microsoft-HTTPAPI/2.0" ],
        "x-ms-ratelimit-remaining-subscription-reads": [ "11980" ],
        "x-ms-correlation-request-id": [ "db1031ca-fd7f-4266-a528-8c852fac63a0" ],
        "x-ms-routing-request-id": [ "SOUTHCENTRALUS:20230817T172644Z:db1031ca-fd7f-4266-a528-8c852fac63a0" ],
        "Strict-Transport-Security": [ "max-age=31536000; includeSubDomains" ],
        "X-Content-Type-Options": [ "nosniff" ],
        "Date": [ "Thu, 17 Aug 2023 17:26:43 GMT" ]
      },
      "ContentHeaders": {
        "Content-Length": [ "465" ],
        "Content-Type": [ "application/json; charset=utf-8" ],
        "Expires": [ "-1" ]
      },
      "Content": "{\"id\":\"/subscriptions/326100e2-f69d-4268-8503-075374f62b6e/resourceGroups/resourceGroupAutorestwogfts/providers/Microsoft.EventHub/namespaces/namespaceNamenysd8k/applicationGroups/appGroupl6sfgw\",\"name\":\"appGroupl6sfgw\",\"type\":\"\",\"location\":\"East US\",\"properties\":{\"clientAppGroupIdentifier\":\"NamespaceSASKeyName=RootManageSharedAccessKey\",\"policies\":[{\"type\":\"ThrottlingPolicy\",\"name\":\"t1\",\"metricId\":\"IncomingBytes\",\"rateLimitThreshold\":10234}],\"isEnabled\":true}}",
      "isContentBase64": false
    }
  },
  "Get-AzEventHubApplicationGroup+[NoContext]+GetViaIdentity+$GET+https://management.azure.com/subscriptions/326100e2-f69d-4268-8503-075374f62b6e/resourceGroups/resourceGroupAutorestwogfts/providers/Microsoft.EventHub/namespaces/namespaceNamenysd8k/applicationGroups/appGroupl6sfgw?api-version=2023-01-01-preview+3": {
    "Request": {
      "Method": "GET",
      "RequestUri": "https://management.azure.com/subscriptions/326100e2-f69d-4268-8503-075374f62b6e/resourceGroups/resourceGroupAutorestwogfts/providers/Microsoft.EventHub/namespaces/namespaceNamenysd8k/applicationGroups/appGroupl6sfgw?api-version=2023-01-01-preview",
      "Content": null,
      "isContentBase64": false,
      "Headers": {
        "x-ms-unique-id": [ "33" ],
        "x-ms-client-request-id": [ "5945ce9e-cbcc-4274-ae58-3854dafe1c95" ],
        "CommandName": [ "Get-AzEventHubApplicationGroup" ],
        "FullCommandName": [ "Get-AzEventHubApplicationGroup_GetViaIdentity" ],
        "ParameterSetName": [ "__AllParameterSets" ],
        "User-Agent": [ "AzurePowershell/v0.0.0", "PSVersion/v7.1.3", "Az.EventHub/0.1.0" ],
        "Authorization": [ "[Filtered]" ]
      },
      "ContentHeaders": {
      }
    },
    "Response": {
      "StatusCode": 200,
      "Headers": {
        "Cache-Control": [ "no-cache" ],
        "Pragma": [ "no-cache" ],
        "x-ms-request-id": [ "4d2ec6dc-fee2-4574-be73-65cb6a585675_M8SN1_M8SN1" ],
        "Server-SB": [ "Service-Bus-Resource-Provider/SN1" ],
        "Server": [ "Service-Bus-Resource-Provider/SN1", "Microsoft-HTTPAPI/2.0" ],
        "x-ms-ratelimit-remaining-subscription-reads": [ "11979" ],
        "x-ms-correlation-request-id": [ "78f04136-090f-4f37-b98e-0767e52e58da" ],
        "x-ms-routing-request-id": [ "SOUTHCENTRALUS:20230817T172644Z:78f04136-090f-4f37-b98e-0767e52e58da" ],
        "Strict-Transport-Security": [ "max-age=31536000; includeSubDomains" ],
        "X-Content-Type-Options": [ "nosniff" ],
        "Date": [ "Thu, 17 Aug 2023 17:26:44 GMT" ]
      },
      "ContentHeaders": {
        "Content-Length": [ "465" ],
        "Content-Type": [ "application/json; charset=utf-8" ],
        "Expires": [ "-1" ]
      },
      "Content": "{\"id\":\"/subscriptions/326100e2-f69d-4268-8503-075374f62b6e/resourceGroups/resourceGroupAutorestwogfts/providers/Microsoft.EventHub/namespaces/namespaceNamenysd8k/applicationGroups/appGroupl6sfgw\",\"name\":\"appGroupl6sfgw\",\"type\":\"\",\"location\":\"East US\",\"properties\":{\"clientAppGroupIdentifier\":\"NamespaceSASKeyName=RootManageSharedAccessKey\",\"policies\":[{\"type\":\"ThrottlingPolicy\",\"name\":\"t1\",\"metricId\":\"IncomingBytes\",\"rateLimitThreshold\":10234}],\"isEnabled\":true}}",
      "isContentBase64": false
    }
  }
}