{
  "Get-AzEventHub+[NoContext]+List+$GET+https://management.azure.com/subscriptions/326100e2-f69d-4268-8503-075374f62b6e/resourceGroups/resourceGroupAutorestil13y9/providers/Microsoft.EventHub/namespaces/namespaceNamefibdr3/eventhubs?api-version=2022-01-01-preview+1": {
    "Request": {
      "Method": "GET",
      "RequestUri": "https://management.azure.com/subscriptions/326100e2-f69d-4268-8503-075374f62b6e/resourceGroups/resourceGroupAutorestil13y9/providers/Microsoft.EventHub/namespaces/namespaceNamefibdr3/eventhubs?api-version=2022-01-01-preview",
      "Content": null,
      "isContentBase64": false,
      "Headers": {
        "x-ms-unique-id": [ "20" ],
        "x-ms-client-request-id": [ "83e2b83f-ab7b-433b-ba41-a24c55e42f3e" ],
        "CommandName": [ "Get-AzEventHub" ],
        "FullCommandName": [ "Get-AzEventHub_List" ],
        "ParameterSetName": [ "__AllParameterSets" ],
        "User-Agent": [ "AzurePowershell/v0.0.0", "PSVersion/v7.1.3", "Az.EventHub/0.1.0" ],
        "Authorization": [ "[Filtered]" ]
      },
      "ContentHeaders": {
      }
    },
    "Response": {
      "StatusCode": 200,
      "Headers": {
        "Cache-Control": [ "no-cache" ],
        "Pragma": [ "no-cache" ],
        "x-ms-inline-count": [ "" ],
        "Server": [ "Microsoft-HTTPAPI/2.0" ],
        "x-ms-ratelimit-remaining-subscription-reads": [ "11984" ],
        "x-ms-request-id": [ "53d7364d-441d-45d4-be8f-dd3881abe621" ],
        "x-ms-correlation-request-id": [ "53d7364d-441d-45d4-be8f-dd3881abe621" ],
        "x-ms-routing-request-id": [ "KOREACENTRAL:20220925T091939Z:53d7364d-441d-45d4-be8f-dd3881abe621" ],
        "Strict-Transport-Security": [ "max-age=31536000; includeSubDomains" ],
        "X-Content-Type-Options": [ "nosniff" ],
        "Date": [ "Sun, 25 Sep 2022 09:19:39 GMT" ]
      },
      "ContentHeaders": {
        "Content-Length": [ "468" ],
        "Content-Type": [ "application/json; charset=utf-8" ],
        "Expires": [ "-1" ]
      },
      "Content": "{\"value\":[{\"id\":\"/subscriptions/326100e2-f69d-4268-8503-075374f62b6e/resourceGroups/resourceGroupAutorestil13y9/providers/Microsoft.EventHub/namespaces/namespaceNamefibdr3/eventhubs/eventhub1y6jc9\",\"name\":\"eventhub1y6jc9\",\"type\":\"Microsoft.EventHub/namespaces/eventhubs\",\"location\":\"eastus\",\"properties\":{\"messageRetentionInDays\":1,\"partitionCount\":1,\"status\":\"Active\",\"createdAt\":\"2022-09-25T09:07:27.72\",\"updatedAt\":\"2022-09-25T09:07:29.547\",\"partitionIds\":[\"0\"]}}]}",
      "isContentBase64": false
    }
  },
  "Get-AzEventHub+[NoContext]+Get+$GET+https://management.azure.com/subscriptions/326100e2-f69d-4268-8503-075374f62b6e/resourceGroups/resourceGroupAutorestil13y9/providers/Microsoft.EventHub/namespaces/namespaceNamefibdr3/eventhubs/eventHub1y6jc9?api-version=2022-01-01-preview+1": {
    "Request": {
      "Method": "GET",
      "RequestUri": "https://management.azure.com/subscriptions/326100e2-f69d-4268-8503-075374f62b6e/resourceGroups/resourceGroupAutorestil13y9/providers/Microsoft.EventHub/namespaces/namespaceNamefibdr3/eventhubs/eventHub1y6jc9?api-version=2022-01-01-preview",
      "Content": null,
      "isContentBase64": false,
      "Headers": {
        "x-ms-unique-id": [ "21" ],
        "x-ms-client-request-id": [ "7ab96490-6c8c-4fea-ace6-a73ad466d846" ],
        "CommandName": [ "Get-AzEventHub" ],
        "FullCommandName": [ "Get-AzEventHub_Get" ],
        "ParameterSetName": [ "__AllParameterSets" ],
        "User-Agent": [ "AzurePowershell/v0.0.0", "PSVersion/v7.1.3", "Az.EventHub/0.1.0" ],
        "Authorization": [ "[Filtered]" ]
      },
      "ContentHeaders": {
      }
    },
    "Response": {
      "StatusCode": 200,
      "Headers": {
        "Cache-Control": [ "no-cache" ],
        "Pragma": [ "no-cache" ],
        "Server": [ "Microsoft-HTTPAPI/2.0" ],
        "x-ms-ratelimit-remaining-subscription-reads": [ "11983" ],
        "x-ms-request-id": [ "407df71e-d92e-41d8-a554-3f9f3bd3ffa1" ],
        "x-ms-correlation-request-id": [ "407df71e-d92e-41d8-a554-3f9f3bd3ffa1" ],
        "x-ms-routing-request-id": [ "KOREACENTRAL:20220925T091940Z:407df71e-d92e-41d8-a554-3f9f3bd3ffa1" ],
        "Strict-Transport-Security": [ "max-age=31536000; includeSubDomains" ],
        "X-Content-Type-Options": [ "nosniff" ],
        "Date": [ "Sun, 25 Sep 2022 09:19:39 GMT" ]
      },
      "ContentHeaders": {
        "Content-Length": [ "456" ],
        "Content-Type": [ "application/json; charset=utf-8" ],
        "Expires": [ "-1" ]
      },
      "Content": "{\"id\":\"/subscriptions/326100e2-f69d-4268-8503-075374f62b6e/resourceGroups/resourceGroupAutorestil13y9/providers/Microsoft.EventHub/namespaces/namespaceNamefibdr3/eventhubs/eventHub1y6jc9\",\"name\":\"eventHub1y6jc9\",\"type\":\"Microsoft.EventHub/namespaces/eventhubs\",\"location\":\"eastus\",\"properties\":{\"messageRetentionInDays\":1,\"partitionCount\":1,\"status\":\"Active\",\"createdAt\":\"2022-09-25T09:07:27.72\",\"updatedAt\":\"2022-09-25T09:07:29.547\",\"partitionIds\":[\"0\"]}}",
      "isContentBase64": false
    }
  },
  "Get-AzEventHub+[NoContext]+GetViaIdentity+$GET+https://management.azure.com/subscriptions/326100e2-f69d-4268-8503-075374f62b6e/resourceGroups/resourceGroupAutorestil13y9/providers/Microsoft.EventHub/namespaces/namespaceNamefibdr3/eventhubs/eventHub1y6jc9?api-version=2022-01-01-preview+1": {
    "Request": {
      "Method": "GET",
      "RequestUri": "https://management.azure.com/subscriptions/326100e2-f69d-4268-8503-075374f62b6e/resourceGroups/resourceGroupAutorestil13y9/providers/Microsoft.EventHub/namespaces/namespaceNamefibdr3/eventhubs/eventHub1y6jc9?api-version=2022-01-01-preview",
      "Content": null,
      "isContentBase64": false,
      "Headers": {
        "x-ms-unique-id": [ "22" ],
        "x-ms-client-request-id": [ "90fabaa9-c289-4f9a-b49f-9a2e4b3e4b7e" ],
        "CommandName": [ "Get-AzEventHub" ],
        "FullCommandName": [ "Get-AzEventHub_Get" ],
        "ParameterSetName": [ "__AllParameterSets" ],
        "User-Agent": [ "AzurePowershell/v0.0.0", "PSVersion/v7.1.3", "Az.EventHub/0.1.0" ],
        "Authorization": [ "[Filtered]" ]
      },
      "ContentHeaders": {
      }
    },
    "Response": {
      "StatusCode": 200,
      "Headers": {
        "Cache-Control": [ "no-cache" ],
        "Pragma": [ "no-cache" ],
        "Server": [ "Microsoft-HTTPAPI/2.0" ],
        "x-ms-ratelimit-remaining-subscription-reads": [ "11982" ],
        "x-ms-request-id": [ "76f5d1ba-0e55-4093-9231-aedae9b197e2" ],
        "x-ms-correlation-request-id": [ "76f5d1ba-0e55-4093-9231-aedae9b197e2" ],
        "x-ms-routing-request-id": [ "KOREACENTRAL:20220925T091941Z:76f5d1ba-0e55-4093-9231-aedae9b197e2" ],
        "Strict-Transport-Security": [ "max-age=31536000; includeSubDomains" ],
        "X-Content-Type-Options": [ "nosniff" ],
        "Date": [ "Sun, 25 Sep 2022 09:19:40 GMT" ]
      },
      "ContentHeaders": {
        "Content-Length": [ "456" ],
        "Content-Type": [ "application/json; charset=utf-8" ],
        "Expires": [ "-1" ]
      },
      "Content": "{\"id\":\"/subscriptions/326100e2-f69d-4268-8503-075374f62b6e/resourceGroups/resourceGroupAutorestil13y9/providers/Microsoft.EventHub/namespaces/namespaceNamefibdr3/eventhubs/eventHub1y6jc9\",\"name\":\"eventHub1y6jc9\",\"type\":\"Microsoft.EventHub/namespaces/eventhubs\",\"location\":\"eastus\",\"properties\":{\"messageRetentionInDays\":1,\"partitionCount\":1,\"status\":\"Active\",\"createdAt\":\"2022-09-25T09:07:27.72\",\"updatedAt\":\"2022-09-25T09:07:29.547\",\"partitionIds\":[\"0\"]}}",
      "isContentBase64": false
    }
  },
  "Get-AzEventHub+[NoContext]+GetViaIdentity+$GET+https://management.azure.com/subscriptions/326100e2-f69d-4268-8503-075374f62b6e/resourceGroups/resourceGroupAutorestil13y9/providers/Microsoft.EventHub/namespaces/namespaceNamefibdr3/eventhubs/eventHub1y6jc9?api-version=2022-01-01-preview+2": {
    "Request": {
      "Method": "GET",
      "RequestUri": "https://management.azure.com/subscriptions/326100e2-f69d-4268-8503-075374f62b6e/resourceGroups/resourceGroupAutorestil13y9/providers/Microsoft.EventHub/namespaces/namespaceNamefibdr3/eventhubs/eventHub1y6jc9?api-version=2022-01-01-preview",
      "Content": null,
      "isContentBase64": false,
      "Headers": {
        "x-ms-unique-id": [ "23" ],
        "x-ms-client-request-id": [ "ec091c7b-e577-4234-bc93-527d9daf2853" ],
        "CommandName": [ "Get-AzEventHub" ],
        "FullCommandName": [ "Get-AzEventHub_GetViaIdentity" ],
        "ParameterSetName": [ "__AllParameterSets" ],
        "User-Agent": [ "AzurePowershell/v0.0.0", "PSVersion/v7.1.3", "Az.EventHub/0.1.0" ],
        "Authorization": [ "[Filtered]" ]
      },
      "ContentHeaders": {
      }
    },
    "Response": {
      "StatusCode": 200,
      "Headers": {
        "Cache-Control": [ "no-cache" ],
        "Pragma": [ "no-cache" ],
        "Server": [ "Microsoft-HTTPAPI/2.0" ],
        "x-ms-ratelimit-remaining-subscription-reads": [ "11981" ],
        "x-ms-request-id": [ "206f606a-f792-48e8-ac89-c9157edf5391" ],
        "x-ms-correlation-request-id": [ "206f606a-f792-48e8-ac89-c9157edf5391" ],
        "x-ms-routing-request-id": [ "KOREACENTRAL:20220925T091941Z:206f606a-f792-48e8-ac89-c9157edf5391" ],
        "Strict-Transport-Security": [ "max-age=31536000; includeSubDomains" ],
        "X-Content-Type-Options": [ "nosniff" ],
        "Date": [ "Sun, 25 Sep 2022 09:19:40 GMT" ]
      },
      "ContentHeaders": {
        "Content-Length": [ "456" ],
        "Content-Type": [ "application/json; charset=utf-8" ],
        "Expires": [ "-1" ]
      },
      "Content": "{\"id\":\"/subscriptions/326100e2-f69d-4268-8503-075374f62b6e/resourceGroups/resourceGroupAutorestil13y9/providers/Microsoft.EventHub/namespaces/namespaceNamefibdr3/eventhubs/eventHub1y6jc9\",\"name\":\"eventHub1y6jc9\",\"type\":\"Microsoft.EventHub/namespaces/eventhubs\",\"location\":\"eastus\",\"properties\":{\"messageRetentionInDays\":1,\"partitionCount\":1,\"status\":\"Active\",\"createdAt\":\"2022-09-25T09:07:27.72\",\"updatedAt\":\"2022-09-25T09:07:29.547\",\"partitionIds\":[\"0\"]}}",
      "isContentBase64": false
    }
  },
  "Get-AzEventHub+[NoContext]+GetViaIdentity+$GET+https://management.azure.com/subscriptions/326100e2-f69d-4268-8503-075374f62b6e/resourceGroups/resourceGroupAutorestil13y9/providers/Microsoft.EventHub/namespaces/namespaceNamefibdr3/eventhubs/eventHub1y6jc9?api-version=2022-01-01-preview+3": {
    "Request": {
      "Method": "GET",
      "RequestUri": "https://management.azure.com/subscriptions/326100e2-f69d-4268-8503-075374f62b6e/resourceGroups/resourceGroupAutorestil13y9/providers/Microsoft.EventHub/namespaces/namespaceNamefibdr3/eventhubs/eventHub1y6jc9?api-version=2022-01-01-preview",
      "Content": null,
      "isContentBase64": false,
      "Headers": {
        "x-ms-unique-id": [ "24" ],
        "x-ms-client-request-id": [ "21695bfd-acbe-49ce-be6f-77063596263e" ],
        "CommandName": [ "Get-AzEventHub" ],
        "FullCommandName": [ "Get-AzEventHub_GetViaIdentity" ],
        "ParameterSetName": [ "__AllParameterSets" ],
        "User-Agent": [ "AzurePowershell/v0.0.0", "PSVersion/v7.1.3", "Az.EventHub/0.1.0" ],
        "Authorization": [ "[Filtered]" ]
      },
      "ContentHeaders": {
      }
    },
    "Response": {
      "StatusCode": 200,
      "Headers": {
        "Cache-Control": [ "no-cache" ],
        "Pragma": [ "no-cache" ],
        "Server": [ "Microsoft-HTTPAPI/2.0" ],
        "x-ms-ratelimit-remaining-subscription-reads": [ "11980" ],
        "x-ms-request-id": [ "ebbce84f-5f05-4479-98ff-8640b05a50bd" ],
        "x-ms-correlation-request-id": [ "ebbce84f-5f05-4479-98ff-8640b05a50bd" ],
        "x-ms-routing-request-id": [ "KOREACENTRAL:20220925T091942Z:ebbce84f-5f05-4479-98ff-8640b05a50bd" ],
        "Strict-Transport-Security": [ "max-age=31536000; includeSubDomains" ],
        "X-Content-Type-Options": [ "nosniff" ],
        "Date": [ "Sun, 25 Sep 2022 09:19:41 GMT" ]
      },
      "ContentHeaders": {
        "Content-Length": [ "456" ],
        "Content-Type": [ "application/json; charset=utf-8" ],
        "Expires": [ "-1" ]
      },
      "Content": "{\"id\":\"/subscriptions/326100e2-f69d-4268-8503-075374f62b6e/resourceGroups/resourceGroupAutorestil13y9/providers/Microsoft.EventHub/namespaces/namespaceNamefibdr3/eventhubs/eventHub1y6jc9\",\"name\":\"eventHub1y6jc9\",\"type\":\"Microsoft.EventHub/namespaces/eventhubs\",\"location\":\"eastus\",\"properties\":{\"messageRetentionInDays\":1,\"partitionCount\":1,\"status\":\"Active\",\"createdAt\":\"2022-09-25T09:07:27.72\",\"updatedAt\":\"2022-09-25T09:07:29.547\",\"partitionIds\":[\"0\"]}}",
      "isContentBase64": false
    }
  }
}