{
  "Get-AzEventHubPrivateEndpointConnection+[NoContext]+[NoScenario]+$GET+https://management.azure.com/subscriptions/326100e2-f69d-4268-8503-075374f62b6e/resourceGroups/resourceGroupAutorestfwtue1/providers/Microsoft.EventHub/namespaces/namespaceNamew5y7k6/privateEndpointConnections?api-version=2022-01-01-preview+1": {
    "Request": {
      "Method": "GET",
      "RequestUri": "https://management.azure.com/subscriptions/326100e2-f69d-4268-8503-075374f62b6e/resourceGroups/resourceGroupAutorestfwtue1/providers/Microsoft.EventHub/namespaces/namespaceNamew5y7k6/privateEndpointConnections?api-version=2022-01-01-preview",
      "Content": null,
      "isContentBase64": false,
      "Headers": {
        "x-ms-unique-id": [ "58" ],
        "x-ms-client-request-id": [ "2f95a9ef-4471-415d-a59c-9d9926b3d79d" ],
        "CommandName": [ "Get-AzEventHubPrivateEndpointConnection" ],
        "FullCommandName": [ "Get-AzEventHubPrivateEndpointConnection_List" ],
        "ParameterSetName": [ "__AllParameterSets" ],
        "User-Agent": [ "AzurePowershell/v0.0.0", "PSVersion/v7.1.3", "Az.EventHub/0.1.0" ],
        "Authorization": [ "[Filtered]" ]
      },
      "ContentHeaders": {
      }
    },
    "Response": {
      "StatusCode": 200,
      "Headers": {
        "Cache-Control": [ "no-cache" ],
        "Pragma": [ "no-cache" ],
        "x-ms-request-id": [ "2a1f1f6c-0726-4472-b393-95f93eeb801f_M9SN1_M9SN1" ],
        "Server-SB": [ "Service-Bus-Resource-Provider/SN1" ],
        "Server": [ "Service-Bus-Resource-Provider/SN1", "Microsoft-HTTPAPI/2.0" ],
        "x-ms-ratelimit-remaining-subscription-reads": [ "11920" ],
        "x-ms-correlation-request-id": [ "0384c69d-6296-4e5e-a209-1a791dfc1651" ],
        "x-ms-routing-request-id": [ "KOREACENTRAL:20221120T175452Z:0384c69d-6296-4e5e-a209-1a791dfc1651" ],
        "Strict-Transport-Security": [ "max-age=31536000; includeSubDomains" ],
        "X-Content-Type-Options": [ "nosniff" ],
        "Date": [ "Sun, 20 Nov 2022 17:54:52 GMT" ]
      },
      "ContentHeaders": {
        "Content-Length": [ "1410" ],
        "Content-Type": [ "application/json; charset=utf-8" ],
        "Expires": [ "-1" ]
      },
      "Content": "{\"value\":[{\"id\":\"/subscriptions/326100e2-f69d-4268-8503-075374f62b6e/resourceGroups/resourceGroupAutorestfwtue1/providers/Microsoft.EventHub/namespaces/namespaceNamew5y7k6/privateEndpointConnections/51f11bbb-fbd8-48a9-b207-d904509e536e\",\"name\":\"51f11bbb-fbd8-48a9-b207-d904509e536e\",\"type\":\"Microsoft.EventHub/Namespaces/PrivateEndpointConnections\",\"location\":\"East US\",\"properties\":{\"provisioningState\":\"Succeeded\",\"privateEndpoint\":{\"id\":\"/subscriptions/326100e2-f69d-4268-8503-075374f62b6e/resourceGroups/resourceGroupAutorestfwtue1/providers/Microsoft.Network/privateEndpoints/privateEndpoint-jtqrzl\"},\"privateLinkServiceConnectionState\":{\"status\":\"Rejected\",\"description\":\"\"},\"groupIds\":[\"namespace\"]}},{\"id\":\"/subscriptions/326100e2-f69d-4268-8503-075374f62b6e/resourceGroups/resourceGroupAutorestfwtue1/providers/Microsoft.EventHub/namespaces/namespaceNamew5y7k6/privateEndpointConnections/51d49cb7-a70f-44b6-866f-d09b2dba5c1f\",\"name\":\"51d49cb7-a70f-44b6-866f-d09b2dba5c1f\",\"type\":\"Microsoft.EventHub/Namespaces/PrivateEndpointConnections\",\"location\":\"East US\",\"properties\":{\"provisioningState\":\"Succeeded\",\"privateEndpoint\":{\"id\":\"/subscriptions/326100e2-f69d-4268-8503-075374f62b6e/resourceGroups/resourceGroupAutorestfwtue1/providers/Microsoft.Network/privateEndpoints/privateEndpoint-idn3zm\"},\"privateLinkServiceConnectionState\":{\"status\":\"Rejected\",\"description\":\"Bye\"},\"groupIds\":[\"namespace\"]}}]}",
      "isContentBase64": false
    }
  },
  "Get-AzEventHubPrivateEndpointConnection+[NoContext]+Get+$GET+https://management.azure.com/subscriptions/326100e2-f69d-4268-8503-075374f62b6e/resourceGroups/resourceGroupAutorestfwtue1/providers/Microsoft.EventHub/namespaces/namespaceNamew5y7k6/privateEndpointConnections/51f11bbb-fbd8-48a9-b207-d904509e536e?api-version=2022-01-01-preview+1": {
    "Request": {
      "Method": "GET",
      "RequestUri": "https://management.azure.com/subscriptions/326100e2-f69d-4268-8503-075374f62b6e/resourceGroups/resourceGroupAutorestfwtue1/providers/Microsoft.EventHub/namespaces/namespaceNamew5y7k6/privateEndpointConnections/51f11bbb-fbd8-48a9-b207-d904509e536e?api-version=2022-01-01-preview",
      "Content": null,
      "isContentBase64": false,
      "Headers": {
        "x-ms-unique-id": [ "59" ],
        "x-ms-client-request-id": [ "d47902d9-0f89-4e9c-9b40-cdc6423e274d" ],
        "CommandName": [ "Get-AzEventHubPrivateEndpointConnection" ],
        "FullCommandName": [ "Get-AzEventHubPrivateEndpointConnection_Get" ],
        "ParameterSetName": [ "__AllParameterSets" ],
        "User-Agent": [ "AzurePowershell/v0.0.0", "PSVersion/v7.1.3", "Az.EventHub/0.1.0" ],
        "Authorization": [ "[Filtered]" ]
      },
      "ContentHeaders": {
      }
    },
    "Response": {
      "StatusCode": 200,
      "Headers": {
        "Cache-Control": [ "no-cache" ],
        "Pragma": [ "no-cache" ],
        "x-ms-request-id": [ "422b12d1-e181-490a-82a7-6b3f8358982f_M9SN1_M9SN1" ],
        "Server-SB": [ "Service-Bus-Resource-Provider/SN1" ],
        "Server": [ "Service-Bus-Resource-Provider/SN1", "Microsoft-HTTPAPI/2.0" ],
        "x-ms-ratelimit-remaining-subscription-reads": [ "11919" ],
        "x-ms-correlation-request-id": [ "0344d90a-8cf6-4396-bbff-31b14d7e1ee8" ],
        "x-ms-routing-request-id": [ "KOREACENTRAL:20221120T175453Z:0344d90a-8cf6-4396-bbff-31b14d7e1ee8" ],
        "Strict-Transport-Security": [ "max-age=31536000; includeSubDomains" ],
        "X-Content-Type-Options": [ "nosniff" ],
        "Date": [ "Sun, 20 Nov 2022 17:54:53 GMT" ]
      },
      "ContentHeaders": {
        "Content-Length": [ "697" ],
        "Content-Type": [ "application/json; charset=utf-8" ],
        "Expires": [ "-1" ]
      },
      "Content": "{\"id\":\"/subscriptions/326100e2-f69d-4268-8503-075374f62b6e/resourceGroups/resourceGroupAutorestfwtue1/providers/Microsoft.EventHub/namespaces/namespaceNamew5y7k6/privateEndpointConnections/51f11bbb-fbd8-48a9-b207-d904509e536e\",\"name\":\"51f11bbb-fbd8-48a9-b207-d904509e536e\",\"type\":\"Microsoft.EventHub/Namespaces/PrivateEndpointConnections\",\"location\":\"East US\",\"properties\":{\"provisioningState\":\"Succeeded\",\"privateEndpoint\":{\"id\":\"/subscriptions/326100e2-f69d-4268-8503-075374f62b6e/resourceGroups/resourceGroupAutorestfwtue1/providers/Microsoft.Network/privateEndpoints/privateEndpoint-jtqrzl\"},\"privateLinkServiceConnectionState\":{\"status\":\"Rejected\",\"description\":\"\"},\"groupIds\":[\"namespace\"]}}",
      "isContentBase64": false
    }
  },
  "Get-AzEventHubPrivateEndpointConnection+[NoContext]+GetViaIdentity+$GET+https://management.azure.com/subscriptions/326100e2-f69d-4268-8503-075374f62b6e/resourceGroups/resourceGroupAutorestfwtue1/providers/Microsoft.EventHub/namespaces/namespaceNamew5y7k6/privateEndpointConnections/51d49cb7-a70f-44b6-866f-d09b2dba5c1f?api-version=2022-01-01-preview+1": {
    "Request": {
      "Method": "GET",
      "RequestUri": "https://management.azure.com/subscriptions/326100e2-f69d-4268-8503-075374f62b6e/resourceGroups/resourceGroupAutorestfwtue1/providers/Microsoft.EventHub/namespaces/namespaceNamew5y7k6/privateEndpointConnections/51d49cb7-a70f-44b6-866f-d09b2dba5c1f?api-version=2022-01-01-preview",
      "Content": null,
      "isContentBase64": false,
      "Headers": {
        "x-ms-unique-id": [ "60" ],
        "x-ms-client-request-id": [ "c46675e1-63ea-461a-b1ff-aff3db62a149" ],
        "CommandName": [ "Get-AzEventHubPrivateEndpointConnection" ],
        "FullCommandName": [ "Get-AzEventHubPrivateEndpointConnection_Get" ],
        "ParameterSetName": [ "__AllParameterSets" ],
        "User-Agent": [ "AzurePowershell/v0.0.0", "PSVersion/v7.1.3", "Az.EventHub/0.1.0" ],
        "Authorization": [ "[Filtered]" ]
      },
      "ContentHeaders": {
      }
    },
    "Response": {
      "StatusCode": 200,
      "Headers": {
        "Cache-Control": [ "no-cache" ],
        "Pragma": [ "no-cache" ],
        "x-ms-request-id": [ "6bf3a081-61af-4c6e-8ca7-ef0c5144b0ac_M9SN1_M9SN1" ],
        "Server-SB": [ "Service-Bus-Resource-Provider/SN1" ],
        "Server": [ "Service-Bus-Resource-Provider/SN1", "Microsoft-HTTPAPI/2.0" ],
        "x-ms-ratelimit-remaining-subscription-reads": [ "11918" ],
        "x-ms-correlation-request-id": [ "1a9b67aa-7655-4b28-ad4f-08fd22ed85bc" ],
        "x-ms-routing-request-id": [ "KOREACENTRAL:20221120T175454Z:1a9b67aa-7655-4b28-ad4f-08fd22ed85bc" ],
        "Strict-Transport-Security": [ "max-age=31536000; includeSubDomains" ],
        "X-Content-Type-Options": [ "nosniff" ],
        "Date": [ "Sun, 20 Nov 2022 17:54:53 GMT" ]
      },
      "ContentHeaders": {
        "Content-Length": [ "700" ],
        "Content-Type": [ "application/json; charset=utf-8" ],
        "Expires": [ "-1" ]
      },
      "Content": "{\"id\":\"/subscriptions/326100e2-f69d-4268-8503-075374f62b6e/resourceGroups/resourceGroupAutorestfwtue1/providers/Microsoft.EventHub/namespaces/namespaceNamew5y7k6/privateEndpointConnections/51d49cb7-a70f-44b6-866f-d09b2dba5c1f\",\"name\":\"51d49cb7-a70f-44b6-866f-d09b2dba5c1f\",\"type\":\"Microsoft.EventHub/Namespaces/PrivateEndpointConnections\",\"location\":\"East US\",\"properties\":{\"provisioningState\":\"Succeeded\",\"privateEndpoint\":{\"id\":\"/subscriptions/326100e2-f69d-4268-8503-075374f62b6e/resourceGroups/resourceGroupAutorestfwtue1/providers/Microsoft.Network/privateEndpoints/privateEndpoint-idn3zm\"},\"privateLinkServiceConnectionState\":{\"status\":\"Rejected\",\"description\":\"Bye\"},\"groupIds\":[\"namespace\"]}}",
      "isContentBase64": false
    }
  },
  "Get-AzEventHubPrivateEndpointConnection+[NoContext]+GetViaIdentity+$GET+https://management.azure.com/subscriptions/326100e2-f69d-4268-8503-075374f62b6e/resourceGroups/resourceGroupAutorestfwtue1/providers/Microsoft.EventHub/namespaces/namespaceNamew5y7k6/privateEndpointConnections/51d49cb7-a70f-44b6-866f-d09b2dba5c1f?api-version=2022-01-01-preview+2": {
    "Request": {
      "Method": "GET",
      "RequestUri": "https://management.azure.com/subscriptions/326100e2-f69d-4268-8503-075374f62b6e/resourceGroups/resourceGroupAutorestfwtue1/providers/Microsoft.EventHub/namespaces/namespaceNamew5y7k6/privateEndpointConnections/51d49cb7-a70f-44b6-866f-d09b2dba5c1f?api-version=2022-01-01-preview",
      "Content": null,
      "isContentBase64": false,
      "Headers": {
        "x-ms-unique-id": [ "61" ],
        "x-ms-client-request-id": [ "c50fddbc-8780-4185-9374-4942ba396324" ],
        "CommandName": [ "Get-AzEventHubPrivateEndpointConnection" ],
        "FullCommandName": [ "Get-AzEventHubPrivateEndpointConnection_GetViaIdentity" ],
        "ParameterSetName": [ "__AllParameterSets" ],
        "User-Agent": [ "AzurePowershell/v0.0.0", "PSVersion/v7.1.3", "Az.EventHub/0.1.0" ],
        "Authorization": [ "[Filtered]" ]
      },
      "ContentHeaders": {
      }
    },
    "Response": {
      "StatusCode": 200,
      "Headers": {
        "Cache-Control": [ "no-cache" ],
        "Pragma": [ "no-cache" ],
        "x-ms-request-id": [ "49537241-2f0b-47b0-a1be-672b225c2843_M9SN1_M9SN1" ],
        "Server-SB": [ "Service-Bus-Resource-Provider/SN1" ],
        "Server": [ "Service-Bus-Resource-Provider/SN1", "Microsoft-HTTPAPI/2.0" ],
        "x-ms-ratelimit-remaining-subscription-reads": [ "11917" ],
        "x-ms-correlation-request-id": [ "bdfe5213-8b44-44fe-a99b-8326c99fb8b7" ],
        "x-ms-routing-request-id": [ "KOREACENTRAL:20221120T175454Z:bdfe5213-8b44-44fe-a99b-8326c99fb8b7" ],
        "Strict-Transport-Security": [ "max-age=31536000; includeSubDomains" ],
        "X-Content-Type-Options": [ "nosniff" ],
        "Date": [ "Sun, 20 Nov 2022 17:54:54 GMT" ]
      },
      "ContentHeaders": {
        "Content-Length": [ "700" ],
        "Content-Type": [ "application/json; charset=utf-8" ],
        "Expires": [ "-1" ]
      },
      "Content": "{\"id\":\"/subscriptions/326100e2-f69d-4268-8503-075374f62b6e/resourceGroups/resourceGroupAutorestfwtue1/providers/Microsoft.EventHub/namespaces/namespaceNamew5y7k6/privateEndpointConnections/51d49cb7-a70f-44b6-866f-d09b2dba5c1f\",\"name\":\"51d49cb7-a70f-44b6-866f-d09b2dba5c1f\",\"type\":\"Microsoft.EventHub/Namespaces/PrivateEndpointConnections\",\"location\":\"East US\",\"properties\":{\"provisioningState\":\"Succeeded\",\"privateEndpoint\":{\"id\":\"/subscriptions/326100e2-f69d-4268-8503-075374f62b6e/resourceGroups/resourceGroupAutorestfwtue1/providers/Microsoft.Network/privateEndpoints/privateEndpoint-idn3zm\"},\"privateLinkServiceConnectionState\":{\"status\":\"Rejected\",\"description\":\"Bye\"},\"groupIds\":[\"namespace\"]}}",
      "isContentBase64": false
    }
  }
}