{
  "Get-AzEventHub+[NoContext]+List+$GET+https://management.azure.com/subscriptions/326100e2-f69d-4268-8503-075374f62b6e/resourceGroups/resourceGroupAutorestj9r7ot/providers/Microsoft.EventHub/namespaces/namespaceNameukj7mn/eventhubs?api-version=2022-01-01-preview+1": {
    "Request": {
      "Method": "GET",
      "RequestUri": "https://management.azure.com/subscriptions/326100e2-f69d-4268-8503-075374f62b6e/resourceGroups/resourceGroupAutorestj9r7ot/providers/Microsoft.EventHub/namespaces/namespaceNameukj7mn/eventhubs?api-version=2022-01-01-preview",
      "Content": null,
      "isContentBase64": false,
      "Headers": {
        "x-ms-unique-id": [ "25" ],
        "x-ms-client-request-id": [ "3f3d2967-cd1b-49db-8ddd-b9c2cef3e9d3" ],
        "CommandName": [ "Get-AzEventHub" ],
        "FullCommandName": [ "Get-AzEventHub_List" ],
        "ParameterSetName": [ "__AllParameterSets" ],
        "User-Agent": [ "AzurePowershell/v0.0.0", "PSVersion/v7.1.3", "Az.EventHub/0.1.0" ],
        "Authorization": [ "[Filtered]" ]
      },
      "ContentHeaders": {
      }
    },
    "Response": {
      "StatusCode": 200,
      "Headers": {
        "Cache-Control": [ "no-cache" ],
        "Pragma": [ "no-cache" ],
        "x-ms-inline-count": [ "" ],
        "Server": [ "Microsoft-HTTPAPI/2.0" ],
        "x-ms-ratelimit-remaining-subscription-reads": [ "11978" ],
        "x-ms-request-id": [ "c02dbece-7349-4cf3-a2ea-0bf61e5310f5" ],
        "x-ms-correlation-request-id": [ "c02dbece-7349-4cf3-a2ea-0bf61e5310f5" ],
        "x-ms-routing-request-id": [ "KOREACENTRAL:20221123T142901Z:c02dbece-7349-4cf3-a2ea-0bf61e5310f5" ],
        "Strict-Transport-Security": [ "max-age=31536000; includeSubDomains" ],
        "X-Content-Type-Options": [ "nosniff" ],
        "Date": [ "Wed, 23 Nov 2022 14:29:01 GMT" ]
      },
      "ContentHeaders": {
        "Content-Length": [ "468" ],
        "Content-Type": [ "application/json; charset=utf-8" ],
        "Expires": [ "-1" ]
      },
      "Content": "{\"value\":[{\"id\":\"/subscriptions/326100e2-f69d-4268-8503-075374f62b6e/resourceGroups/resourceGroupAutorestj9r7ot/providers/Microsoft.EventHub/namespaces/namespaceNameukj7mn/eventhubs/eventhuby2r57j\",\"name\":\"eventhuby2r57j\",\"type\":\"Microsoft.EventHub/namespaces/eventhubs\",\"location\":\"eastus\",\"properties\":{\"messageRetentionInDays\":1,\"partitionCount\":1,\"status\":\"Active\",\"createdAt\":\"2022-11-23T14:20:46.62\",\"updatedAt\":\"2022-11-23T14:20:48.547\",\"partitionIds\":[\"0\"]}}]}",
      "isContentBase64": false
    }
  },
  "Get-AzEventHub+[NoContext]+Get+$GET+https://management.azure.com/subscriptions/326100e2-f69d-4268-8503-075374f62b6e/resourceGroups/resourceGroupAutorestj9r7ot/providers/Microsoft.EventHub/namespaces/namespaceNameukj7mn/eventhubs/eventHuby2r57j?api-version=2022-01-01-preview+1": {
    "Request": {
      "Method": "GET",
      "RequestUri": "https://management.azure.com/subscriptions/326100e2-f69d-4268-8503-075374f62b6e/resourceGroups/resourceGroupAutorestj9r7ot/providers/Microsoft.EventHub/namespaces/namespaceNameukj7mn/eventhubs/eventHuby2r57j?api-version=2022-01-01-preview",
      "Content": null,
      "isContentBase64": false,
      "Headers": {
        "x-ms-unique-id": [ "26" ],
        "x-ms-client-request-id": [ "25519a19-048b-4466-9ad3-ee5215f45bbd" ],
        "CommandName": [ "Get-AzEventHub" ],
        "FullCommandName": [ "Get-AzEventHub_Get" ],
        "ParameterSetName": [ "__AllParameterSets" ],
        "User-Agent": [ "AzurePowershell/v0.0.0", "PSVersion/v7.1.3", "Az.EventHub/0.1.0" ],
        "Authorization": [ "[Filtered]" ]
      },
      "ContentHeaders": {
      }
    },
    "Response": {
      "StatusCode": 200,
      "Headers": {
        "Cache-Control": [ "no-cache" ],
        "Pragma": [ "no-cache" ],
        "Server": [ "Microsoft-HTTPAPI/2.0" ],
        "x-ms-ratelimit-remaining-subscription-reads": [ "11977" ],
        "x-ms-request-id": [ "2ac33f21-7c04-4a30-b5c5-83ceb36ff62a" ],
        "x-ms-correlation-request-id": [ "2ac33f21-7c04-4a30-b5c5-83ceb36ff62a" ],
        "x-ms-routing-request-id": [ "KOREACENTRAL:20221123T142902Z:2ac33f21-7c04-4a30-b5c5-83ceb36ff62a" ],
        "Strict-Transport-Security": [ "max-age=31536000; includeSubDomains" ],
        "X-Content-Type-Options": [ "nosniff" ],
        "Date": [ "Wed, 23 Nov 2022 14:29:02 GMT" ]
      },
      "ContentHeaders": {
        "Content-Length": [ "456" ],
        "Content-Type": [ "application/json; charset=utf-8" ],
        "Expires": [ "-1" ]
      },
      "Content": "{\"id\":\"/subscriptions/326100e2-f69d-4268-8503-075374f62b6e/resourceGroups/resourceGroupAutorestj9r7ot/providers/Microsoft.EventHub/namespaces/namespaceNameukj7mn/eventhubs/eventHuby2r57j\",\"name\":\"eventHuby2r57j\",\"type\":\"Microsoft.EventHub/namespaces/eventhubs\",\"location\":\"eastus\",\"properties\":{\"messageRetentionInDays\":1,\"partitionCount\":1,\"status\":\"Active\",\"createdAt\":\"2022-11-23T14:20:46.62\",\"updatedAt\":\"2022-11-23T14:20:48.547\",\"partitionIds\":[\"0\"]}}",
      "isContentBase64": false
    }
  },
  "Get-AzEventHub+[NoContext]+GetViaIdentity+$GET+https://management.azure.com/subscriptions/326100e2-f69d-4268-8503-075374f62b6e/resourceGroups/resourceGroupAutorestj9r7ot/providers/Microsoft.EventHub/namespaces/namespaceNameukj7mn/eventhubs/eventHuby2r57j?api-version=2022-01-01-preview+1": {
    "Request": {
      "Method": "GET",
      "RequestUri": "https://management.azure.com/subscriptions/326100e2-f69d-4268-8503-075374f62b6e/resourceGroups/resourceGroupAutorestj9r7ot/providers/Microsoft.EventHub/namespaces/namespaceNameukj7mn/eventhubs/eventHuby2r57j?api-version=2022-01-01-preview",
      "Content": null,
      "isContentBase64": false,
      "Headers": {
        "x-ms-unique-id": [ "27" ],
        "x-ms-client-request-id": [ "db2d0ce1-440d-4259-a0bb-af52e9677325" ],
        "CommandName": [ "Get-AzEventHub" ],
        "FullCommandName": [ "Get-AzEventHub_Get" ],
        "ParameterSetName": [ "__AllParameterSets" ],
        "User-Agent": [ "AzurePowershell/v0.0.0", "PSVersion/v7.1.3", "Az.EventHub/0.1.0" ],
        "Authorization": [ "[Filtered]" ]
      },
      "ContentHeaders": {
      }
    },
    "Response": {
      "StatusCode": 200,
      "Headers": {
        "Cache-Control": [ "no-cache" ],
        "Pragma": [ "no-cache" ],
        "Server": [ "Microsoft-HTTPAPI/2.0" ],
        "x-ms-ratelimit-remaining-subscription-reads": [ "11976" ],
        "x-ms-request-id": [ "bca39a14-f8e2-4caa-b47e-632361ed7dd4" ],
        "x-ms-correlation-request-id": [ "bca39a14-f8e2-4caa-b47e-632361ed7dd4" ],
        "x-ms-routing-request-id": [ "KOREACENTRAL:20221123T142902Z:bca39a14-f8e2-4caa-b47e-632361ed7dd4" ],
        "Strict-Transport-Security": [ "max-age=31536000; includeSubDomains" ],
        "X-Content-Type-Options": [ "nosniff" ],
        "Date": [ "Wed, 23 Nov 2022 14:29:02 GMT" ]
      },
      "ContentHeaders": {
        "Content-Length": [ "456" ],
        "Content-Type": [ "application/json; charset=utf-8" ],
        "Expires": [ "-1" ]
      },
      "Content": "{\"id\":\"/subscriptions/326100e2-f69d-4268-8503-075374f62b6e/resourceGroups/resourceGroupAutorestj9r7ot/providers/Microsoft.EventHub/namespaces/namespaceNameukj7mn/eventhubs/eventHuby2r57j\",\"name\":\"eventHuby2r57j\",\"type\":\"Microsoft.EventHub/namespaces/eventhubs\",\"location\":\"eastus\",\"properties\":{\"messageRetentionInDays\":1,\"partitionCount\":1,\"status\":\"Active\",\"createdAt\":\"2022-11-23T14:20:46.62\",\"updatedAt\":\"2022-11-23T14:20:48.547\",\"partitionIds\":[\"0\"]}}",
      "isContentBase64": false
    }
  },
  "Get-AzEventHub+[NoContext]+GetViaIdentity+$GET+https://management.azure.com/subscriptions/326100e2-f69d-4268-8503-075374f62b6e/resourceGroups/resourceGroupAutorestj9r7ot/providers/Microsoft.EventHub/namespaces/namespaceNameukj7mn/eventhubs/eventHuby2r57j?api-version=2022-01-01-preview+2": {
    "Request": {
      "Method": "GET",
      "RequestUri": "https://management.azure.com/subscriptions/326100e2-f69d-4268-8503-075374f62b6e/resourceGroups/resourceGroupAutorestj9r7ot/providers/Microsoft.EventHub/namespaces/namespaceNameukj7mn/eventhubs/eventHuby2r57j?api-version=2022-01-01-preview",
      "Content": null,
      "isContentBase64": false,
      "Headers": {
        "x-ms-unique-id": [ "28" ],
        "x-ms-client-request-id": [ "f3e485f7-c0d4-4ba6-8500-d78153a564b8" ],
        "CommandName": [ "Get-AzEventHub" ],
        "FullCommandName": [ "Get-AzEventHub_GetViaIdentity" ],
        "ParameterSetName": [ "__AllParameterSets" ],
        "User-Agent": [ "AzurePowershell/v0.0.0", "PSVersion/v7.1.3", "Az.EventHub/0.1.0" ],
        "Authorization": [ "[Filtered]" ]
      },
      "ContentHeaders": {
      }
    },
    "Response": {
      "StatusCode": 200,
      "Headers": {
        "Cache-Control": [ "no-cache" ],
        "Pragma": [ "no-cache" ],
        "Server": [ "Microsoft-HTTPAPI/2.0" ],
        "x-ms-ratelimit-remaining-subscription-reads": [ "11975" ],
        "x-ms-request-id": [ "0543f158-5273-48d4-ab77-dc68ef56765e" ],
        "x-ms-correlation-request-id": [ "0543f158-5273-48d4-ab77-dc68ef56765e" ],
        "x-ms-routing-request-id": [ "KOREACENTRAL:20221123T142903Z:0543f158-5273-48d4-ab77-dc68ef56765e" ],
        "Strict-Transport-Security": [ "max-age=31536000; includeSubDomains" ],
        "X-Content-Type-Options": [ "nosniff" ],
        "Date": [ "Wed, 23 Nov 2022 14:29:03 GMT" ]
      },
      "ContentHeaders": {
        "Content-Length": [ "456" ],
        "Content-Type": [ "application/json; charset=utf-8" ],
        "Expires": [ "-1" ]
      },
      "Content": "{\"id\":\"/subscriptions/326100e2-f69d-4268-8503-075374f62b6e/resourceGroups/resourceGroupAutorestj9r7ot/providers/Microsoft.EventHub/namespaces/namespaceNameukj7mn/eventhubs/eventHuby2r57j\",\"name\":\"eventHuby2r57j\",\"type\":\"Microsoft.EventHub/namespaces/eventhubs\",\"location\":\"eastus\",\"properties\":{\"messageRetentionInDays\":1,\"partitionCount\":1,\"status\":\"Active\",\"createdAt\":\"2022-11-23T14:20:46.62\",\"updatedAt\":\"2022-11-23T14:20:48.547\",\"partitionIds\":[\"0\"]}}",
      "isContentBase64": false
    }
  },
  "Get-AzEventHub+[NoContext]+GetViaIdentity+$GET+https://management.azure.com/subscriptions/326100e2-f69d-4268-8503-075374f62b6e/resourceGroups/resourceGroupAutorestj9r7ot/providers/Microsoft.EventHub/namespaces/namespaceNameukj7mn/eventhubs/eventHuby2r57j?api-version=2022-01-01-preview+3": {
    "Request": {
      "Method": "GET",
      "RequestUri": "https://management.azure.com/subscriptions/326100e2-f69d-4268-8503-075374f62b6e/resourceGroups/resourceGroupAutorestj9r7ot/providers/Microsoft.EventHub/namespaces/namespaceNameukj7mn/eventhubs/eventHuby2r57j?api-version=2022-01-01-preview",
      "Content": null,
      "isContentBase64": false,
      "Headers": {
        "x-ms-unique-id": [ "29" ],
        "x-ms-client-request-id": [ "df34a134-6e62-4a69-a22a-54bee9de93d5" ],
        "CommandName": [ "Get-AzEventHub" ],
        "FullCommandName": [ "Get-AzEventHub_GetViaIdentity" ],
        "ParameterSetName": [ "__AllParameterSets" ],
        "User-Agent": [ "AzurePowershell/v0.0.0", "PSVersion/v7.1.3", "Az.EventHub/0.1.0" ],
        "Authorization": [ "[Filtered]" ]
      },
      "ContentHeaders": {
      }
    },
    "Response": {
      "StatusCode": 200,
      "Headers": {
        "Cache-Control": [ "no-cache" ],
        "Pragma": [ "no-cache" ],
        "Server": [ "Microsoft-HTTPAPI/2.0" ],
        "x-ms-ratelimit-remaining-subscription-reads": [ "11974" ],
        "x-ms-request-id": [ "33e54cd4-686d-43b3-bc56-dee0681e5479" ],
        "x-ms-correlation-request-id": [ "33e54cd4-686d-43b3-bc56-dee0681e5479" ],
        "x-ms-routing-request-id": [ "KOREACENTRAL:20221123T142904Z:33e54cd4-686d-43b3-bc56-dee0681e5479" ],
        "Strict-Transport-Security": [ "max-age=31536000; includeSubDomains" ],
        "X-Content-Type-Options": [ "nosniff" ],
        "Date": [ "Wed, 23 Nov 2022 14:29:04 GMT" ]
      },
      "ContentHeaders": {
        "Content-Length": [ "456" ],
        "Content-Type": [ "application/json; charset=utf-8" ],
        "Expires": [ "-1" ]
      },
      "Content": "{\"id\":\"/subscriptions/326100e2-f69d-4268-8503-075374f62b6e/resourceGroups/resourceGroupAutorestj9r7ot/providers/Microsoft.EventHub/namespaces/namespaceNameukj7mn/eventhubs/eventHuby2r57j\",\"name\":\"eventHuby2r57j\",\"type\":\"Microsoft.EventHub/namespaces/eventhubs\",\"location\":\"eastus\",\"properties\":{\"messageRetentionInDays\":1,\"partitionCount\":1,\"status\":\"Active\",\"createdAt\":\"2022-11-23T14:20:46.62\",\"updatedAt\":\"2022-11-23T14:20:48.547\",\"partitionIds\":[\"0\"]}}",
      "isContentBase64": false
    }
  }
}