{
  "Get-AzEventHubSchemaGroup+[NoContext]+List+$GET+https://management.azure.com/subscriptions/326100e2-f69d-4268-8503-075374f62b6e/resourceGroups/resourceGroupAutorestxq9rwk/providers/Microsoft.EventHub/namespaces/namespaceNameiv2whs/schemagroups?api-version=2022-01-01-preview+1": {
    "Request": {
      "Method": "GET",
      "RequestUri": "https://management.azure.com/subscriptions/326100e2-f69d-4268-8503-075374f62b6e/resourceGroups/resourceGroupAutorestxq9rwk/providers/Microsoft.EventHub/namespaces/namespaceNameiv2whs/schemagroups?api-version=2022-01-01-preview",
      "Content": null,
      "isContentBase64": false,
      "Headers": {
        "x-ms-unique-id": [ "61" ],
        "x-ms-client-request-id": [ "700235ca-961c-453f-8fcc-05d5082e2b5c" ],
        "CommandName": [ "Get-AzEventHubSchemaGroup" ],
        "FullCommandName": [ "Get-AzEventHubSchemaGroup_List" ],
        "ParameterSetName": [ "__AllParameterSets" ],
        "User-Agent": [ "AzurePowershell/v0.0.0", "PSVersion/v7.1.3", "Az.EventHub/0.1.0" ],
        "Authorization": [ "[Filtered]" ]
      },
      "ContentHeaders": {
      }
    },
    "Response": {
      "StatusCode": 200,
      "Headers": {
        "Cache-Control": [ "no-cache" ],
        "Pragma": [ "no-cache" ],
        "x-ms-inline-count": [ "1" ],
        "x-ms-request-id": [ "4436298c-40b8-4f4f-b609-1a06b2f5cdee_M0SN1_M0SN1" ],
        "Server-SB": [ "Service-Bus-Resource-Provider/SN1" ],
        "Server": [ "Service-Bus-Resource-Provider/SN1", "Microsoft-HTTPAPI/2.0" ],
        "x-ms-ratelimit-remaining-subscription-reads": [ "11961" ],
        "x-ms-correlation-request-id": [ "5baf90b3-17cf-4702-9976-6ce4f731ba70" ],
        "x-ms-routing-request-id": [ "KOREACENTRAL:20221124T111654Z:5baf90b3-17cf-4702-9976-6ce4f731ba70" ],
        "Strict-Transport-Security": [ "max-age=31536000; includeSubDomains" ],
        "X-Content-Type-Options": [ "nosniff" ],
        "Date": [ "Thu, 24 Nov 2022 11:16:53 GMT" ]
      },
      "ContentHeaders": {
        "Content-Length": [ "529" ],
        "Content-Type": [ "application/json; charset=utf-8" ],
        "Expires": [ "-1" ]
      },
      "Content": "{\"value\":[{\"id\":\"/subscriptions/326100e2-f69d-4268-8503-075374f62b6e/resourceGroups/resourceGroupAutorestxq9rwk/providers/Microsoft.EventHub/namespaces/namespaceNameiv2whs/schemagroups/schemaGroup1e03hz\",\"name\":\"schemaGroup1e03hz\",\"type\":\"Microsoft.EventHub/Namespaces/SchemaGroups\",\"location\":\"East US\",\"properties\":{\"updatedAtUtc\":\"2022-11-24T11:04:42.3051285Z\",\"createdAtUtc\":\"2022-11-24T11:04:42.3051285Z\",\"eTag\":\"c3c3e350-c841-4a44-99e1-c26fcaa76e08\",\"groupProperties\":{},\"schemaCompatibility\":\"None\",\"schemaType\":\"Avro\"}}]}",
      "isContentBase64": false
    }
  },
  "Get-AzEventHubSchemaGroup+[NoContext]+Get+$GET+https://management.azure.com/subscriptions/326100e2-f69d-4268-8503-075374f62b6e/resourceGroups/resourceGroupAutorestxq9rwk/providers/Microsoft.EventHub/namespaces/namespaceNameiv2whs/schemagroups/schemaGroup1e03hz?api-version=2022-01-01-preview+1": {
    "Request": {
      "Method": "GET",
      "RequestUri": "https://management.azure.com/subscriptions/326100e2-f69d-4268-8503-075374f62b6e/resourceGroups/resourceGroupAutorestxq9rwk/providers/Microsoft.EventHub/namespaces/namespaceNameiv2whs/schemagroups/schemaGroup1e03hz?api-version=2022-01-01-preview",
      "Content": null,
      "isContentBase64": false,
      "Headers": {
        "x-ms-unique-id": [ "62" ],
        "x-ms-client-request-id": [ "5ef6939a-ebf7-4eac-9081-a8876b23b2f5" ],
        "CommandName": [ "Get-AzEventHubSchemaGroup" ],
        "FullCommandName": [ "Get-AzEventHubSchemaGroup_Get" ],
        "ParameterSetName": [ "__AllParameterSets" ],
        "User-Agent": [ "AzurePowershell/v0.0.0", "PSVersion/v7.1.3", "Az.EventHub/0.1.0" ],
        "Authorization": [ "[Filtered]" ]
      },
      "ContentHeaders": {
      }
    },
    "Response": {
      "StatusCode": 200,
      "Headers": {
        "Cache-Control": [ "no-cache" ],
        "Pragma": [ "no-cache" ],
        "x-ms-request-id": [ "3bff8936-7c27-45f9-82d0-73a20414ab5c_M0SN1_M0SN1" ],
        "Server-SB": [ "Service-Bus-Resource-Provider/SN1" ],
        "Server": [ "Service-Bus-Resource-Provider/SN1", "Microsoft-HTTPAPI/2.0" ],
        "x-ms-ratelimit-remaining-subscription-reads": [ "11960" ],
        "x-ms-correlation-request-id": [ "aba3412f-1123-4c37-b26f-2ffcfd786fcf" ],
        "x-ms-routing-request-id": [ "KOREACENTRAL:20221124T111654Z:aba3412f-1123-4c37-b26f-2ffcfd786fcf" ],
        "Strict-Transport-Security": [ "max-age=31536000; includeSubDomains" ],
        "X-Content-Type-Options": [ "nosniff" ],
        "Date": [ "Thu, 24 Nov 2022 11:16:54 GMT" ]
      },
      "ContentHeaders": {
        "Content-Length": [ "517" ],
        "Content-Type": [ "application/json; charset=utf-8" ],
        "Expires": [ "-1" ]
      },
      "Content": "{\"id\":\"/subscriptions/326100e2-f69d-4268-8503-075374f62b6e/resourceGroups/resourceGroupAutorestxq9rwk/providers/Microsoft.EventHub/namespaces/namespaceNameiv2whs/schemagroups/schemaGroup1e03hz\",\"name\":\"schemaGroup1e03hz\",\"type\":\"Microsoft.EventHub/Namespaces/SchemaGroups\",\"location\":\"East US\",\"properties\":{\"updatedAtUtc\":\"2022-11-24T11:04:42.3051285Z\",\"createdAtUtc\":\"2022-11-24T11:04:42.3051285Z\",\"eTag\":\"c3c3e350-c841-4a44-99e1-c26fcaa76e08\",\"groupProperties\":{},\"schemaCompatibility\":\"None\",\"schemaType\":\"Avro\"}}",
      "isContentBase64": false
    }
  },
  "Get-AzEventHubSchemaGroup+[NoContext]+GetViaIdentity+$GET+https://management.azure.com/subscriptions/326100e2-f69d-4268-8503-075374f62b6e/resourceGroups/resourceGroupAutorestxq9rwk/providers/Microsoft.EventHub/namespaces/namespaceNameiv2whs/schemagroups/schemaGroup1e03hz?api-version=2022-01-01-preview+1": {
    "Request": {
      "Method": "GET",
      "RequestUri": "https://management.azure.com/subscriptions/326100e2-f69d-4268-8503-075374f62b6e/resourceGroups/resourceGroupAutorestxq9rwk/providers/Microsoft.EventHub/namespaces/namespaceNameiv2whs/schemagroups/schemaGroup1e03hz?api-version=2022-01-01-preview",
      "Content": null,
      "isContentBase64": false,
      "Headers": {
        "x-ms-unique-id": [ "63" ],
        "x-ms-client-request-id": [ "62e30894-0f5a-43c2-a105-12e5fc7c8be5" ],
        "CommandName": [ "Get-AzEventHubSchemaGroup" ],
        "FullCommandName": [ "Get-AzEventHubSchemaGroup_Get" ],
        "ParameterSetName": [ "__AllParameterSets" ],
        "User-Agent": [ "AzurePowershell/v0.0.0", "PSVersion/v7.1.3", "Az.EventHub/0.1.0" ],
        "Authorization": [ "[Filtered]" ]
      },
      "ContentHeaders": {
      }
    },
    "Response": {
      "StatusCode": 200,
      "Headers": {
        "Cache-Control": [ "no-cache" ],
        "Pragma": [ "no-cache" ],
        "x-ms-request-id": [ "204af42a-4941-4dbc-9930-46d6c1f24849_M0SN1_M0SN1" ],
        "Server-SB": [ "Service-Bus-Resource-Provider/SN1" ],
        "Server": [ "Service-Bus-Resource-Provider/SN1", "Microsoft-HTTPAPI/2.0" ],
        "x-ms-ratelimit-remaining-subscription-reads": [ "11959" ],
        "x-ms-correlation-request-id": [ "6a7f9f48-c28c-47e7-a9e9-0d9928959b03" ],
        "x-ms-routing-request-id": [ "KOREACENTRAL:20221124T111655Z:6a7f9f48-c28c-47e7-a9e9-0d9928959b03" ],
        "Strict-Transport-Security": [ "max-age=31536000; includeSubDomains" ],
        "X-Content-Type-Options": [ "nosniff" ],
        "Date": [ "Thu, 24 Nov 2022 11:16:55 GMT" ]
      },
      "ContentHeaders": {
        "Content-Length": [ "517" ],
        "Content-Type": [ "application/json; charset=utf-8" ],
        "Expires": [ "-1" ]
      },
      "Content": "{\"id\":\"/subscriptions/326100e2-f69d-4268-8503-075374f62b6e/resourceGroups/resourceGroupAutorestxq9rwk/providers/Microsoft.EventHub/namespaces/namespaceNameiv2whs/schemagroups/schemaGroup1e03hz\",\"name\":\"schemaGroup1e03hz\",\"type\":\"Microsoft.EventHub/Namespaces/SchemaGroups\",\"location\":\"East US\",\"properties\":{\"updatedAtUtc\":\"2022-11-24T11:04:42.3051285Z\",\"createdAtUtc\":\"2022-11-24T11:04:42.3051285Z\",\"eTag\":\"c3c3e350-c841-4a44-99e1-c26fcaa76e08\",\"groupProperties\":{},\"schemaCompatibility\":\"None\",\"schemaType\":\"Avro\"}}",
      "isContentBase64": false
    }
  },
  "Get-AzEventHubSchemaGroup+[NoContext]+GetViaIdentity+$GET+https://management.azure.com/subscriptions/326100e2-f69d-4268-8503-075374f62b6e/resourceGroups/resourceGroupAutorestxq9rwk/providers/Microsoft.EventHub/namespaces/namespaceNameiv2whs/schemagroups/schemaGroup1e03hz?api-version=2022-01-01-preview+2": {
    "Request": {
      "Method": "GET",
      "RequestUri": "https://management.azure.com/subscriptions/326100e2-f69d-4268-8503-075374f62b6e/resourceGroups/resourceGroupAutorestxq9rwk/providers/Microsoft.EventHub/namespaces/namespaceNameiv2whs/schemagroups/schemaGroup1e03hz?api-version=2022-01-01-preview",
      "Content": null,
      "isContentBase64": false,
      "Headers": {
        "x-ms-unique-id": [ "64" ],
        "x-ms-client-request-id": [ "f9826af2-1db4-41ce-ab48-2a313ef24af8" ],
        "CommandName": [ "Get-AzEventHubSchemaGroup" ],
        "FullCommandName": [ "Get-AzEventHubSchemaGroup_GetViaIdentity" ],
        "ParameterSetName": [ "__AllParameterSets" ],
        "User-Agent": [ "AzurePowershell/v0.0.0", "PSVersion/v7.1.3", "Az.EventHub/0.1.0" ],
        "Authorization": [ "[Filtered]" ]
      },
      "ContentHeaders": {
      }
    },
    "Response": {
      "StatusCode": 200,
      "Headers": {
        "Cache-Control": [ "no-cache" ],
        "Pragma": [ "no-cache" ],
        "x-ms-request-id": [ "1eadad67-bfd7-41d4-95a5-8f201d46a1e4_M0SN1_M0SN1" ],
        "Server-SB": [ "Service-Bus-Resource-Provider/SN1" ],
        "Server": [ "Service-Bus-Resource-Provider/SN1", "Microsoft-HTTPAPI/2.0" ],
        "x-ms-ratelimit-remaining-subscription-reads": [ "11958" ],
        "x-ms-correlation-request-id": [ "b99309b1-ac4a-47d9-9150-3eea989e417c" ],
        "x-ms-routing-request-id": [ "KOREACENTRAL:20221124T111656Z:b99309b1-ac4a-47d9-9150-3eea989e417c" ],
        "Strict-Transport-Security": [ "max-age=31536000; includeSubDomains" ],
        "X-Content-Type-Options": [ "nosniff" ],
        "Date": [ "Thu, 24 Nov 2022 11:16:56 GMT" ]
      },
      "ContentHeaders": {
        "Content-Length": [ "517" ],
        "Content-Type": [ "application/json; charset=utf-8" ],
        "Expires": [ "-1" ]
      },
      "Content": "{\"id\":\"/subscriptions/326100e2-f69d-4268-8503-075374f62b6e/resourceGroups/resourceGroupAutorestxq9rwk/providers/Microsoft.EventHub/namespaces/namespaceNameiv2whs/schemagroups/schemaGroup1e03hz\",\"name\":\"schemaGroup1e03hz\",\"type\":\"Microsoft.EventHub/Namespaces/SchemaGroups\",\"location\":\"East US\",\"properties\":{\"updatedAtUtc\":\"2022-11-24T11:04:42.3051285Z\",\"createdAtUtc\":\"2022-11-24T11:04:42.3051285Z\",\"eTag\":\"c3c3e350-c841-4a44-99e1-c26fcaa76e08\",\"groupProperties\":{},\"schemaCompatibility\":\"None\",\"schemaType\":\"Avro\"}}",
      "isContentBase64": false
    }
  }
}