{
  "Get-AzEventHubSchemaGroup+[NoContext]+List+$GET+https://management.azure.com/subscriptions/326100e2-f69d-4268-8503-075374f62b6e/resourceGroups/resourceGroupAutorestbexylc/providers/Microsoft.EventHub/namespaces/namespaceNameyb2pzf/schemagroups?api-version=2022-01-01-preview+1": {
    "Request": {
      "Method": "GET",
      "RequestUri": "https://management.azure.com/subscriptions/326100e2-f69d-4268-8503-075374f62b6e/resourceGroups/resourceGroupAutorestbexylc/providers/Microsoft.EventHub/namespaces/namespaceNameyb2pzf/schemagroups?api-version=2022-01-01-preview",
      "Content": null,
      "isContentBase64": false,
      "Headers": {
        "x-ms-unique-id": [ "61" ],
        "x-ms-client-request-id": [ "7a3a191b-91f7-4c3a-9b70-2a230d51c95b" ],
        "CommandName": [ "Get-AzEventHubSchemaGroup" ],
        "FullCommandName": [ "Get-AzEventHubSchemaGroup_List" ],
        "ParameterSetName": [ "__AllParameterSets" ],
        "User-Agent": [ "AzurePowershell/v0.0.0", "PSVersion/v7.1.3", "Az.EventHub/0.1.0" ],
        "Authorization": [ "[Filtered]" ]
      },
      "ContentHeaders": {
      }
    },
    "Response": {
      "StatusCode": 200,
      "Headers": {
        "Cache-Control": [ "no-cache" ],
        "Pragma": [ "no-cache" ],
        "x-ms-inline-count": [ "1" ],
        "x-ms-request-id": [ "23be67cb-3802-4ea9-9731-87625afd6ced_M4SN1_M4SN1" ],
        "Server-SB": [ "Service-Bus-Resource-Provider/SN1" ],
        "Server": [ "Service-Bus-Resource-Provider/SN1", "Microsoft-HTTPAPI/2.0" ],
        "x-ms-ratelimit-remaining-subscription-reads": [ "11938" ],
        "x-ms-correlation-request-id": [ "42f7278e-9497-4d3e-b9f1-9d745eb2beca" ],
        "x-ms-routing-request-id": [ "KOREACENTRAL:20221125T103104Z:42f7278e-9497-4d3e-b9f1-9d745eb2beca" ],
        "Strict-Transport-Security": [ "max-age=31536000; includeSubDomains" ],
        "X-Content-Type-Options": [ "nosniff" ],
        "Date": [ "Fri, 25 Nov 2022 10:31:04 GMT" ]
      },
      "ContentHeaders": {
        "Content-Length": [ "529" ],
        "Content-Type": [ "application/json; charset=utf-8" ],
        "Expires": [ "-1" ]
      },
      "Content": "{\"value\":[{\"id\":\"/subscriptions/326100e2-f69d-4268-8503-075374f62b6e/resourceGroups/resourceGroupAutorestbexylc/providers/Microsoft.EventHub/namespaces/namespaceNameyb2pzf/schemagroups/schemaGroupuse8j5\",\"name\":\"schemaGroupuse8j5\",\"type\":\"Microsoft.EventHub/Namespaces/SchemaGroups\",\"location\":\"East US\",\"properties\":{\"updatedAtUtc\":\"2022-11-25T10:19:09.0590265Z\",\"createdAtUtc\":\"2022-11-25T10:19:09.0590265Z\",\"eTag\":\"ea08f824-42a4-4f1c-9dcb-06308381b9d0\",\"groupProperties\":{},\"schemaCompatibility\":\"None\",\"schemaType\":\"Avro\"}}]}",
      "isContentBase64": false
    }
  },
  "Get-AzEventHubSchemaGroup+[NoContext]+Get+$GET+https://management.azure.com/subscriptions/326100e2-f69d-4268-8503-075374f62b6e/resourceGroups/resourceGroupAutorestbexylc/providers/Microsoft.EventHub/namespaces/namespaceNameyb2pzf/schemagroups/schemaGroupuse8j5?api-version=2022-01-01-preview+1": {
    "Request": {
      "Method": "GET",
      "RequestUri": "https://management.azure.com/subscriptions/326100e2-f69d-4268-8503-075374f62b6e/resourceGroups/resourceGroupAutorestbexylc/providers/Microsoft.EventHub/namespaces/namespaceNameyb2pzf/schemagroups/schemaGroupuse8j5?api-version=2022-01-01-preview",
      "Content": null,
      "isContentBase64": false,
      "Headers": {
        "x-ms-unique-id": [ "62" ],
        "x-ms-client-request-id": [ "d002a03c-dee8-4b93-b73f-aeb832b4e321" ],
        "CommandName": [ "Get-AzEventHubSchemaGroup" ],
        "FullCommandName": [ "Get-AzEventHubSchemaGroup_Get" ],
        "ParameterSetName": [ "__AllParameterSets" ],
        "User-Agent": [ "AzurePowershell/v0.0.0", "PSVersion/v7.1.3", "Az.EventHub/0.1.0" ],
        "Authorization": [ "[Filtered]" ]
      },
      "ContentHeaders": {
      }
    },
    "Response": {
      "StatusCode": 200,
      "Headers": {
        "Cache-Control": [ "no-cache" ],
        "Pragma": [ "no-cache" ],
        "x-ms-request-id": [ "8d86dff2-a5b1-4b24-9a1f-adf380f93eba_M4SN1_M4SN1" ],
        "Server-SB": [ "Service-Bus-Resource-Provider/SN1" ],
        "Server": [ "Service-Bus-Resource-Provider/SN1", "Microsoft-HTTPAPI/2.0" ],
        "x-ms-ratelimit-remaining-subscription-reads": [ "11937" ],
        "x-ms-correlation-request-id": [ "589112b1-3bf6-4403-a66a-dce755e2f688" ],
        "x-ms-routing-request-id": [ "KOREACENTRAL:20221125T103105Z:589112b1-3bf6-4403-a66a-dce755e2f688" ],
        "Strict-Transport-Security": [ "max-age=31536000; includeSubDomains" ],
        "X-Content-Type-Options": [ "nosniff" ],
        "Date": [ "Fri, 25 Nov 2022 10:31:05 GMT" ]
      },
      "ContentHeaders": {
        "Content-Length": [ "517" ],
        "Content-Type": [ "application/json; charset=utf-8" ],
        "Expires": [ "-1" ]
      },
      "Content": "{\"id\":\"/subscriptions/326100e2-f69d-4268-8503-075374f62b6e/resourceGroups/resourceGroupAutorestbexylc/providers/Microsoft.EventHub/namespaces/namespaceNameyb2pzf/schemagroups/schemaGroupuse8j5\",\"name\":\"schemaGroupuse8j5\",\"type\":\"Microsoft.EventHub/Namespaces/SchemaGroups\",\"location\":\"East US\",\"properties\":{\"updatedAtUtc\":\"2022-11-25T10:19:09.0590265Z\",\"createdAtUtc\":\"2022-11-25T10:19:09.0590265Z\",\"eTag\":\"ea08f824-42a4-4f1c-9dcb-06308381b9d0\",\"groupProperties\":{},\"schemaCompatibility\":\"None\",\"schemaType\":\"Avro\"}}",
      "isContentBase64": false
    }
  },
  "Get-AzEventHubSchemaGroup+[NoContext]+GetViaIdentity+$GET+https://management.azure.com/subscriptions/326100e2-f69d-4268-8503-075374f62b6e/resourceGroups/resourceGroupAutorestbexylc/providers/Microsoft.EventHub/namespaces/namespaceNameyb2pzf/schemagroups/schemaGroupuse8j5?api-version=2022-01-01-preview+1": {
    "Request": {
      "Method": "GET",
      "RequestUri": "https://management.azure.com/subscriptions/326100e2-f69d-4268-8503-075374f62b6e/resourceGroups/resourceGroupAutorestbexylc/providers/Microsoft.EventHub/namespaces/namespaceNameyb2pzf/schemagroups/schemaGroupuse8j5?api-version=2022-01-01-preview",
      "Content": null,
      "isContentBase64": false,
      "Headers": {
        "x-ms-unique-id": [ "63" ],
        "x-ms-client-request-id": [ "38ec0920-ca53-4d44-821e-36dc8293ec11" ],
        "CommandName": [ "Get-AzEventHubSchemaGroup" ],
        "FullCommandName": [ "Get-AzEventHubSchemaGroup_Get" ],
        "ParameterSetName": [ "__AllParameterSets" ],
        "User-Agent": [ "AzurePowershell/v0.0.0", "PSVersion/v7.1.3", "Az.EventHub/0.1.0" ],
        "Authorization": [ "[Filtered]" ]
      },
      "ContentHeaders": {
      }
    },
    "Response": {
      "StatusCode": 200,
      "Headers": {
        "Cache-Control": [ "no-cache" ],
        "Pragma": [ "no-cache" ],
        "x-ms-request-id": [ "f39d068c-c753-4afa-ab9e-1db15f7eb501_M4SN1_M4SN1" ],
        "Server-SB": [ "Service-Bus-Resource-Provider/SN1" ],
        "Server": [ "Service-Bus-Resource-Provider/SN1", "Microsoft-HTTPAPI/2.0" ],
        "x-ms-ratelimit-remaining-subscription-reads": [ "11936" ],
        "x-ms-correlation-request-id": [ "83baac72-4fdd-43e7-b31d-0404c1115d0b" ],
        "x-ms-routing-request-id": [ "KOREACENTRAL:20221125T103106Z:83baac72-4fdd-43e7-b31d-0404c1115d0b" ],
        "Strict-Transport-Security": [ "max-age=31536000; includeSubDomains" ],
        "X-Content-Type-Options": [ "nosniff" ],
        "Date": [ "Fri, 25 Nov 2022 10:31:06 GMT" ]
      },
      "ContentHeaders": {
        "Content-Length": [ "517" ],
        "Content-Type": [ "application/json; charset=utf-8" ],
        "Expires": [ "-1" ]
      },
      "Content": "{\"id\":\"/subscriptions/326100e2-f69d-4268-8503-075374f62b6e/resourceGroups/resourceGroupAutorestbexylc/providers/Microsoft.EventHub/namespaces/namespaceNameyb2pzf/schemagroups/schemaGroupuse8j5\",\"name\":\"schemaGroupuse8j5\",\"type\":\"Microsoft.EventHub/Namespaces/SchemaGroups\",\"location\":\"East US\",\"properties\":{\"updatedAtUtc\":\"2022-11-25T10:19:09.0590265Z\",\"createdAtUtc\":\"2022-11-25T10:19:09.0590265Z\",\"eTag\":\"ea08f824-42a4-4f1c-9dcb-06308381b9d0\",\"groupProperties\":{},\"schemaCompatibility\":\"None\",\"schemaType\":\"Avro\"}}",
      "isContentBase64": false
    }
  },
  "Get-AzEventHubSchemaGroup+[NoContext]+GetViaIdentity+$GET+https://management.azure.com/subscriptions/326100e2-f69d-4268-8503-075374f62b6e/resourceGroups/resourceGroupAutorestbexylc/providers/Microsoft.EventHub/namespaces/namespaceNameyb2pzf/schemagroups/schemaGroupuse8j5?api-version=2022-01-01-preview+2": {
    "Request": {
      "Method": "GET",
      "RequestUri": "https://management.azure.com/subscriptions/326100e2-f69d-4268-8503-075374f62b6e/resourceGroups/resourceGroupAutorestbexylc/providers/Microsoft.EventHub/namespaces/namespaceNameyb2pzf/schemagroups/schemaGroupuse8j5?api-version=2022-01-01-preview",
      "Content": null,
      "isContentBase64": false,
      "Headers": {
        "x-ms-unique-id": [ "64" ],
        "x-ms-client-request-id": [ "cdc1bb25-5f77-4ac3-967f-f990a18130c4" ],
        "CommandName": [ "Get-AzEventHubSchemaGroup" ],
        "FullCommandName": [ "Get-AzEventHubSchemaGroup_GetViaIdentity" ],
        "ParameterSetName": [ "__AllParameterSets" ],
        "User-Agent": [ "AzurePowershell/v0.0.0", "PSVersion/v7.1.3", "Az.EventHub/0.1.0" ],
        "Authorization": [ "[Filtered]" ]
      },
      "ContentHeaders": {
      }
    },
    "Response": {
      "StatusCode": 200,
      "Headers": {
        "Cache-Control": [ "no-cache" ],
        "Pragma": [ "no-cache" ],
        "x-ms-request-id": [ "0b36eadb-4053-4f86-93ca-c27bf5033937_M4SN1_M4SN1" ],
        "Server-SB": [ "Service-Bus-Resource-Provider/SN1" ],
        "Server": [ "Service-Bus-Resource-Provider/SN1", "Microsoft-HTTPAPI/2.0" ],
        "x-ms-ratelimit-remaining-subscription-reads": [ "11935" ],
        "x-ms-correlation-request-id": [ "849dca9d-356b-4e3a-abf9-fa743e8ae55d" ],
        "x-ms-routing-request-id": [ "KOREACENTRAL:20221125T103107Z:849dca9d-356b-4e3a-abf9-fa743e8ae55d" ],
        "Strict-Transport-Security": [ "max-age=31536000; includeSubDomains" ],
        "X-Content-Type-Options": [ "nosniff" ],
        "Date": [ "Fri, 25 Nov 2022 10:31:07 GMT" ]
      },
      "ContentHeaders": {
        "Content-Length": [ "517" ],
        "Content-Type": [ "application/json; charset=utf-8" ],
        "Expires": [ "-1" ]
      },
      "Content": "{\"id\":\"/subscriptions/326100e2-f69d-4268-8503-075374f62b6e/resourceGroups/resourceGroupAutorestbexylc/providers/Microsoft.EventHub/namespaces/namespaceNameyb2pzf/schemagroups/schemaGroupuse8j5\",\"name\":\"schemaGroupuse8j5\",\"type\":\"Microsoft.EventHub/Namespaces/SchemaGroups\",\"location\":\"East US\",\"properties\":{\"updatedAtUtc\":\"2022-11-25T10:19:09.0590265Z\",\"createdAtUtc\":\"2022-11-25T10:19:09.0590265Z\",\"eTag\":\"ea08f824-42a4-4f1c-9dcb-06308381b9d0\",\"groupProperties\":{},\"schemaCompatibility\":\"None\",\"schemaType\":\"Avro\"}}",
      "isContentBase64": false
    }
  }
}