{
  "Get-AzEventHubNamespaceV2+[NoContext]+Get+$GET+https://management.azure.com/subscriptions/326100e2-f69d-4268-8503-075374f62b6e/resourceGroups/resourceGroupAutorestwogfts/providers/Microsoft.EventHub/namespaces/namespaceNamenysd8k?api-version=2023-01-01-preview+1": {
    "Request": {
      "Method": "GET",
      "RequestUri": "https://management.azure.com/subscriptions/326100e2-f69d-4268-8503-075374f62b6e/resourceGroups/resourceGroupAutorestwogfts/providers/Microsoft.EventHub/namespaces/namespaceNamenysd8k?api-version=2023-01-01-preview",
      "Content": null,
      "isContentBase64": false,
      "Headers": {
        "x-ms-unique-id": [ "50" ],
        "x-ms-client-request-id": [ "f9e6e09c-1318-405c-8b91-2d4db70fe1b2" ],
        "CommandName": [ "Get-AzEventHubNamespaceV2" ],
        "FullCommandName": [ "Get-AzEventHubNamespace_Get" ],
        "ParameterSetName": [ "__AllParameterSets" ],
        "User-Agent": [ "AzurePowershell/v0.0.0", "PSVersion/v7.1.3", "Az.EventHub/0.1.0" ],
        "Authorization": [ "[Filtered]" ]
      },
      "ContentHeaders": {
      }
    },
    "Response": {
      "StatusCode": 200,
      "Headers": {
        "Cache-Control": [ "no-cache" ],
        "Pragma": [ "no-cache" ],
        "x-ms-request-id": [ "3f68dc45-9d71-475a-9b64-9997c4a0fc5a_M2SN1_M2SN1" ],
        "Server-SB": [ "Service-Bus-Resource-Provider/SN1" ],
        "Server": [ "Service-Bus-Resource-Provider/SN1", "Microsoft-HTTPAPI/2.0" ],
        "x-ms-ratelimit-remaining-subscription-reads": [ "11964" ],
        "x-ms-correlation-request-id": [ "e6a6d59d-279a-4bbd-8a5a-0a2c0d72832c" ],
        "x-ms-routing-request-id": [ "SOUTHCENTRALUS:20230817T173004Z:e6a6d59d-279a-4bbd-8a5a-0a2c0d72832c" ],
        "Strict-Transport-Security": [ "max-age=31536000; includeSubDomains" ],
        "X-Content-Type-Options": [ "nosniff" ],
        "Date": [ "Thu, 17 Aug 2023 17:30:03 GMT" ]
      },
      "ContentHeaders": {
        "Content-Length": [ "2216" ],
        "Content-Type": [ "application/json; charset=utf-8" ],
        "Expires": [ "-1" ]
      },
      "Content": "{\"sku\":{\"name\":\"Premium\",\"tier\":\"Premium\",\"capacity\":1},\"id\":\"/subscriptions/326100e2-f69d-4268-8503-075374f62b6e/resourceGroups/resourceGroupAutorestwogfts/providers/Microsoft.EventHub/namespaces/namespaceNamenysd8k\",\"name\":\"namespaceNamenysd8k\",\"type\":\"Microsoft.EventHub/Namespaces\",\"location\":\"East US\",\"tags\":{},\"properties\":{\"minimumTlsVersion\":\"1.2\",\"publicNetworkAccess\":\"Enabled\",\"disableLocalAuth\":false,\"zoneRedundant\":true,\"privateEndpointConnections\":[{\"id\":\"/subscriptions/326100e2-f69d-4268-8503-075374f62b6e/resourceGroups/resourceGroupAutorestwogfts/providers/Microsoft.EventHub/namespaces/namespaceNamenysd8k/privateEndpointConnections/cf29c40e-c6a0-4b49-af10-2e4ef6b5d4da\",\"name\":\"cf29c40e-c6a0-4b49-af10-2e4ef6b5d4da\",\"type\":\"Microsoft.EventHub/Namespaces/PrivateEndpointConnections\",\"location\":\"East US\",\"properties\":{\"provisioningState\":\"Succeeded\",\"privateEndpoint\":{\"id\":\"/subscriptions/326100e2-f69d-4268-8503-075374f62b6e/resourceGroups/resourceGroupAutorestwogfts/providers/Microsoft.Network/privateEndpoints/privateEndpoint-y8fngz\"},\"privateLinkServiceConnectionState\":{\"status\":\"Rejected\",\"description\":\"\"},\"groupIds\":[\"namespace\"]}},{\"id\":\"/subscriptions/326100e2-f69d-4268-8503-075374f62b6e/resourceGroups/resourceGroupAutorestwogfts/providers/Microsoft.EventHub/namespaces/namespaceNamenysd8k/privateEndpointConnections/91e3c7e3-a1d6-43ea-a700-0aa349ab5ad5\",\"name\":\"91e3c7e3-a1d6-43ea-a700-0aa349ab5ad5\",\"type\":\"Microsoft.EventHub/Namespaces/PrivateEndpointConnections\",\"location\":\"East US\",\"properties\":{\"provisioningState\":\"Updating\",\"privateEndpoint\":{\"id\":\"/subscriptions/326100e2-f69d-4268-8503-075374f62b6e/resourceGroups/resourceGroupAutorestwogfts/providers/Microsoft.Network/privateEndpoints/privateEndpoint-dps5i6\"},\"privateLinkServiceConnectionState\":{\"status\":\"Rejected\",\"description\":\"Bye\"},\"groupIds\":[\"namespace\"]}}],\"isAutoInflateEnabled\":false,\"maximumThroughputUnits\":0,\"kafkaEnabled\":true,\"provisioningState\":\"Succeeded\",\"metricId\":\"326100e2-f69d-4268-8503-075374f62b6e:namespacenamenysd8k\",\"createdAt\":\"2023-08-17T17:14:09.82Z\",\"updatedAt\":\"2023-08-17T17:15:30.11Z\",\"serviceBusEndpoint\":\"https://namespaceNamenysd8k.servicebus.windows.net:443/\",\"status\":\"Active\"}}",
      "isContentBase64": false
    }
  },
  "Get-AzEventHubNamespaceV2+[NoContext]+List1+$GET+https://management.azure.com/subscriptions/326100e2-f69d-4268-8503-075374f62b6e/resourceGroups/resourceGroupAutorestwogfts/providers/Microsoft.EventHub/namespaces?api-version=2023-01-01-preview+1": {
    "Request": {
      "Method": "GET",
      "RequestUri": "https://management.azure.com/subscriptions/326100e2-f69d-4268-8503-075374f62b6e/resourceGroups/resourceGroupAutorestwogfts/providers/Microsoft.EventHub/namespaces?api-version=2023-01-01-preview",
      "Content": null,
      "isContentBase64": false,
      "Headers": {
        "x-ms-unique-id": [ "51" ],
        "x-ms-client-request-id": [ "9254cfb0-258f-40e6-9720-a95389410d23" ],
        "CommandName": [ "Get-AzEventHubNamespaceV2" ],
        "FullCommandName": [ "Get-AzEventHubNamespace_List1" ],
        "ParameterSetName": [ "__AllParameterSets" ],
        "User-Agent": [ "AzurePowershell/v0.0.0", "PSVersion/v7.1.3", "Az.EventHub/0.1.0" ],
        "Authorization": [ "[Filtered]" ]
      },
      "ContentHeaders": {
      }
    },
    "Response": {
      "StatusCode": 200,
      "Headers": {
        "Cache-Control": [ "no-cache" ],
        "Pragma": [ "no-cache" ],
        "x-ms-request-id": [ "5a8ec4f6-2222-4c29-a44c-57a57c674eab_M2SN1_M2SN1" ],
        "Server-SB": [ "Service-Bus-Resource-Provider/SN1" ],
        "Server": [ "Service-Bus-Resource-Provider/SN1", "Microsoft-HTTPAPI/2.0" ],
        "x-ms-ratelimit-remaining-subscription-reads": [ "11963" ],
        "x-ms-correlation-request-id": [ "6a140e12-e5c7-476c-bd64-5543e317d0a4" ],
        "x-ms-routing-request-id": [ "SOUTHCENTRALUS:20230817T173005Z:6a140e12-e5c7-476c-bd64-5543e317d0a4" ],
        "Strict-Transport-Security": [ "max-age=31536000; includeSubDomains" ],
        "X-Content-Type-Options": [ "nosniff" ],
        "Date": [ "Thu, 17 Aug 2023 17:30:04 GMT" ]
      },
      "ContentHeaders": {
        "Content-Length": [ "4706" ],
        "Content-Type": [ "application/json; charset=utf-8" ],
        "Expires": [ "-1" ]
      },
      "Content": "{\"value\":[{\"sku\":{\"name\":\"Premium\",\"tier\":\"Premium\",\"capacity\":1},\"id\":\"/subscriptions/326100e2-f69d-4268-8503-075374f62b6e/resourceGroups/resourceGroupAutorestwogfts/providers/Microsoft.EventHub/namespaces/namespaceNamenysd8k\",\"name\":\"namespaceNamenysd8k\",\"type\":\"Microsoft.EventHub/Namespaces\",\"location\":\"East US\",\"tags\":{},\"properties\":{\"minimumTlsVersion\":\"1.2\",\"publicNetworkAccess\":\"Enabled\",\"disableLocalAuth\":false,\"zoneRedundant\":true,\"privateEndpointConnections\":[{\"id\":\"/subscriptions/326100e2-f69d-4268-8503-075374f62b6e/resourceGroups/resourceGroupAutorestwogfts/providers/Microsoft.EventHub/namespaces/privateEndpointConnections/cf29c40e-c6a0-4b49-af10-2e4ef6b5d4da\",\"name\":\"cf29c40e-c6a0-4b49-af10-2e4ef6b5d4da\",\"type\":\"Microsoft.EventHub/Namespaces/PrivateEndpointConnections\",\"location\":\"East US\",\"properties\":{\"provisioningState\":\"Succeeded\",\"privateEndpoint\":{\"id\":\"/subscriptions/326100e2-f69d-4268-8503-075374f62b6e/resourceGroups/resourceGroupAutorestwogfts/providers/Microsoft.Network/privateEndpoints/privateEndpoint-y8fngz\"},\"privateLinkServiceConnectionState\":{\"status\":\"Rejected\",\"description\":\"\"},\"groupIds\":[\"namespace\"]}},{\"id\":\"/subscriptions/326100e2-f69d-4268-8503-075374f62b6e/resourceGroups/resourceGroupAutorestwogfts/providers/Microsoft.EventHub/namespaces/privateEndpointConnections/91e3c7e3-a1d6-43ea-a700-0aa349ab5ad5\",\"name\":\"91e3c7e3-a1d6-43ea-a700-0aa349ab5ad5\",\"type\":\"Microsoft.EventHub/Namespaces/PrivateEndpointConnections\",\"location\":\"East US\",\"properties\":{\"provisioningState\":\"Updating\",\"privateEndpoint\":{\"id\":\"/subscriptions/326100e2-f69d-4268-8503-075374f62b6e/resourceGroups/resourceGroupAutorestwogfts/providers/Microsoft.Network/privateEndpoints/privateEndpoint-dps5i6\"},\"privateLinkServiceConnectionState\":{\"status\":\"Rejected\",\"description\":\"Bye\"},\"groupIds\":[\"namespace\"]}}],\"isAutoInflateEnabled\":false,\"maximumThroughputUnits\":0,\"kafkaEnabled\":true,\"provisioningState\":\"Succeeded\",\"metricId\":\"326100e2-f69d-4268-8503-075374f62b6e:namespacenamenysd8k\",\"createdAt\":\"2023-08-17T17:14:09.82Z\",\"updatedAt\":\"2023-08-17T17:15:30.11Z\",\"serviceBusEndpoint\":\"https://namespaceNamenysd8k.servicebus.windows.net:443/\",\"status\":\"Active\"}},{\"sku\":{\"name\":\"Premium\",\"tier\":\"Premium\",\"capacity\":1},\"id\":\"/subscriptions/326100e2-f69d-4268-8503-075374f62b6e/resourceGroups/resourceGroupAutorestwogfts/providers/Microsoft.EventHub/namespaces/namespaceName45sv1u\",\"name\":\"namespaceName45sv1u\",\"type\":\"Microsoft.EventHub/Namespaces\",\"location\":\"East US\",\"tags\":{},\"identity\":{\"principalId\":\"67b90cb6-eb4b-461d-a56f-26d386a629d5\",\"tenantId\":\"72f988bf-86f1-41af-91ab-2d7cd011db47\",\"type\":\"SystemAssigned\"},\"properties\":{\"minimumTlsVersion\":\"1.2\",\"publicNetworkAccess\":\"Enabled\",\"disableLocalAuth\":false,\"zoneRedundant\":true,\"isAutoInflateEnabled\":false,\"maximumThroughputUnits\":0,\"kafkaEnabled\":true,\"provisioningState\":\"Succeeded\",\"metricId\":\"326100e2-f69d-4268-8503-075374f62b6e:namespacename45sv1u\",\"createdAt\":\"2023-08-17T17:14:10.403Z\",\"updatedAt\":\"2023-08-17T17:21:19.197Z\",\"serviceBusEndpoint\":\"https://namespaceName45sv1u.servicebus.windows.net:443/\",\"status\":\"Active\"}},{\"sku\":{\"name\":\"Standard\",\"tier\":\"Standard\",\"capacity\":1},\"id\":\"/subscriptions/326100e2-f69d-4268-8503-075374f62b6e/resourceGroups/resourceGroupAutorestwogfts/providers/Microsoft.EventHub/namespaces/namespaceNamezcpl45\",\"name\":\"namespaceNamezcpl45\",\"type\":\"Microsoft.EventHub/Namespaces\",\"location\":\"Australia East\",\"tags\":{},\"properties\":{\"minimumTlsVersion\":\"1.2\",\"publicNetworkAccess\":\"Enabled\",\"disableLocalAuth\":false,\"zoneRedundant\":true,\"isAutoInflateEnabled\":false,\"maximumThroughputUnits\":0,\"kafkaEnabled\":true,\"provisioningState\":\"Succeeded\",\"metricId\":\"326100e2-f69d-4268-8503-075374f62b6e:namespacenamezcpl45\",\"createdAt\":\"2023-08-17T17:21:37.11Z\",\"updatedAt\":\"2023-08-17T17:22:26.39Z\",\"serviceBusEndpoint\":\"https://namespaceNamezcpl45.servicebus.windows.net:443/\",\"status\":\"Active\"}},{\"sku\":{\"name\":\"Standard\",\"tier\":\"Standard\",\"capacity\":1},\"id\":\"/subscriptions/326100e2-f69d-4268-8503-075374f62b6e/resourceGroups/resourceGroupAutorestwogfts/providers/Microsoft.EventHub/namespaces/namespaceNamep9d7hv\",\"name\":\"namespaceNamep9d7hv\",\"type\":\"Microsoft.EventHub/Namespaces\",\"location\":\"East US\",\"tags\":{},\"properties\":{\"minimumTlsVersion\":\"1.2\",\"publicNetworkAccess\":\"Enabled\",\"disableLocalAuth\":false,\"zoneRedundant\":true,\"isAutoInflateEnabled\":false,\"maximumThroughputUnits\":0,\"kafkaEnabled\":true,\"provisioningState\":\"Succeeded\",\"metricId\":\"326100e2-f69d-4268-8503-075374f62b6e:namespacenamep9d7hv\",\"createdAt\":\"2023-08-17T17:21:37.217Z\",\"updatedAt\":\"2023-08-17T17:22:23.57Z\",\"serviceBusEndpoint\":\"https://namespaceNamep9d7hv.servicebus.windows.net:443/\",\"status\":\"Active\"}}]}",
      "isContentBase64": false
    }
  },
  "Get-AzEventHubNamespaceV2+[NoContext]+GetViaIdentity+$GET+https://management.azure.com/subscriptions/326100e2-f69d-4268-8503-075374f62b6e/resourceGroups/resourceGroupAutorestwogfts/providers/Microsoft.EventHub/namespaces/namespaceNamenysd8k?api-version=2023-01-01-preview+1": {
    "Request": {
      "Method": "GET",
      "RequestUri": "https://management.azure.com/subscriptions/326100e2-f69d-4268-8503-075374f62b6e/resourceGroups/resourceGroupAutorestwogfts/providers/Microsoft.EventHub/namespaces/namespaceNamenysd8k?api-version=2023-01-01-preview",
      "Content": null,
      "isContentBase64": false,
      "Headers": {
        "x-ms-unique-id": [ "52" ],
        "x-ms-client-request-id": [ "bf810c34-7458-485f-b8bd-08be52aad8ef" ],
        "CommandName": [ "Get-AzEventHubNamespaceV2" ],
        "FullCommandName": [ "Get-AzEventHubNamespace_Get" ],
        "ParameterSetName": [ "__AllParameterSets" ],
        "User-Agent": [ "AzurePowershell/v0.0.0", "PSVersion/v7.1.3", "Az.EventHub/0.1.0" ],
        "Authorization": [ "[Filtered]" ]
      },
      "ContentHeaders": {
      }
    },
    "Response": {
      "StatusCode": 200,
      "Headers": {
        "Cache-Control": [ "no-cache" ],
        "Pragma": [ "no-cache" ],
        "x-ms-request-id": [ "faef3d02-1418-4768-b498-6ef2729f037d_M2SN1_M2SN1" ],
        "Server-SB": [ "Service-Bus-Resource-Provider/SN1" ],
        "Server": [ "Service-Bus-Resource-Provider/SN1", "Microsoft-HTTPAPI/2.0" ],
        "x-ms-ratelimit-remaining-subscription-reads": [ "11962" ],
        "x-ms-correlation-request-id": [ "e0d89534-5a91-4b8e-9626-c5af7875be20" ],
        "x-ms-routing-request-id": [ "SOUTHCENTRALUS:20230817T173005Z:e0d89534-5a91-4b8e-9626-c5af7875be20" ],
        "Strict-Transport-Security": [ "max-age=31536000; includeSubDomains" ],
        "X-Content-Type-Options": [ "nosniff" ],
        "Date": [ "Thu, 17 Aug 2023 17:30:05 GMT" ]
      },
      "ContentHeaders": {
        "Content-Length": [ "2216" ],
        "Content-Type": [ "application/json; charset=utf-8" ],
        "Expires": [ "-1" ]
      },
      "Content": "{\"sku\":{\"name\":\"Premium\",\"tier\":\"Premium\",\"capacity\":1},\"id\":\"/subscriptions/326100e2-f69d-4268-8503-075374f62b6e/resourceGroups/resourceGroupAutorestwogfts/providers/Microsoft.EventHub/namespaces/namespaceNamenysd8k\",\"name\":\"namespaceNamenysd8k\",\"type\":\"Microsoft.EventHub/Namespaces\",\"location\":\"East US\",\"tags\":{},\"properties\":{\"minimumTlsVersion\":\"1.2\",\"publicNetworkAccess\":\"Enabled\",\"disableLocalAuth\":false,\"zoneRedundant\":true,\"privateEndpointConnections\":[{\"id\":\"/subscriptions/326100e2-f69d-4268-8503-075374f62b6e/resourceGroups/resourceGroupAutorestwogfts/providers/Microsoft.EventHub/namespaces/namespaceNamenysd8k/privateEndpointConnections/cf29c40e-c6a0-4b49-af10-2e4ef6b5d4da\",\"name\":\"cf29c40e-c6a0-4b49-af10-2e4ef6b5d4da\",\"type\":\"Microsoft.EventHub/Namespaces/PrivateEndpointConnections\",\"location\":\"East US\",\"properties\":{\"provisioningState\":\"Succeeded\",\"privateEndpoint\":{\"id\":\"/subscriptions/326100e2-f69d-4268-8503-075374f62b6e/resourceGroups/resourceGroupAutorestwogfts/providers/Microsoft.Network/privateEndpoints/privateEndpoint-y8fngz\"},\"privateLinkServiceConnectionState\":{\"status\":\"Rejected\",\"description\":\"\"},\"groupIds\":[\"namespace\"]}},{\"id\":\"/subscriptions/326100e2-f69d-4268-8503-075374f62b6e/resourceGroups/resourceGroupAutorestwogfts/providers/Microsoft.EventHub/namespaces/namespaceNamenysd8k/privateEndpointConnections/91e3c7e3-a1d6-43ea-a700-0aa349ab5ad5\",\"name\":\"91e3c7e3-a1d6-43ea-a700-0aa349ab5ad5\",\"type\":\"Microsoft.EventHub/Namespaces/PrivateEndpointConnections\",\"location\":\"East US\",\"properties\":{\"provisioningState\":\"Updating\",\"privateEndpoint\":{\"id\":\"/subscriptions/326100e2-f69d-4268-8503-075374f62b6e/resourceGroups/resourceGroupAutorestwogfts/providers/Microsoft.Network/privateEndpoints/privateEndpoint-dps5i6\"},\"privateLinkServiceConnectionState\":{\"status\":\"Rejected\",\"description\":\"Bye\"},\"groupIds\":[\"namespace\"]}}],\"isAutoInflateEnabled\":false,\"maximumThroughputUnits\":0,\"kafkaEnabled\":true,\"provisioningState\":\"Succeeded\",\"metricId\":\"326100e2-f69d-4268-8503-075374f62b6e:namespacenamenysd8k\",\"createdAt\":\"2023-08-17T17:14:09.82Z\",\"updatedAt\":\"2023-08-17T17:15:30.11Z\",\"serviceBusEndpoint\":\"https://namespaceNamenysd8k.servicebus.windows.net:443/\",\"status\":\"Active\"}}",
      "isContentBase64": false
    }
  },
  "Get-AzEventHubNamespaceV2+[NoContext]+GetViaIdentity+$GET+https://management.azure.com/subscriptions/326100e2-f69d-4268-8503-075374f62b6e/resourceGroups/resourceGroupAutorestwogfts/providers/Microsoft.EventHub/namespaces/namespaceNamenysd8k?api-version=2023-01-01-preview+2": {
    "Request": {
      "Method": "GET",
      "RequestUri": "https://management.azure.com/subscriptions/326100e2-f69d-4268-8503-075374f62b6e/resourceGroups/resourceGroupAutorestwogfts/providers/Microsoft.EventHub/namespaces/namespaceNamenysd8k?api-version=2023-01-01-preview",
      "Content": null,
      "isContentBase64": false,
      "Headers": {
        "x-ms-unique-id": [ "53" ],
        "x-ms-client-request-id": [ "06d2062b-ee34-4c60-8fe1-a922cff39a3f" ],
        "CommandName": [ "Get-AzEventHubNamespaceV2" ],
        "FullCommandName": [ "Get-AzEventHubNamespace_GetViaIdentity" ],
        "ParameterSetName": [ "__AllParameterSets" ],
        "User-Agent": [ "AzurePowershell/v0.0.0", "PSVersion/v7.1.3", "Az.EventHub/0.1.0" ],
        "Authorization": [ "[Filtered]" ]
      },
      "ContentHeaders": {
      }
    },
    "Response": {
      "StatusCode": 200,
      "Headers": {
        "Cache-Control": [ "no-cache" ],
        "Pragma": [ "no-cache" ],
        "x-ms-request-id": [ "0ef6a5a8-4d9e-45e5-af8e-5d33a6b63bb3_M0SN1_M0SN1" ],
        "Server-SB": [ "Service-Bus-Resource-Provider/SN1" ],
        "Server": [ "Service-Bus-Resource-Provider/SN1", "Microsoft-HTTPAPI/2.0" ],
        "x-ms-ratelimit-remaining-subscription-reads": [ "11961" ],
        "x-ms-correlation-request-id": [ "fae01217-551d-4d2b-9d28-c733b0f3231e" ],
        "x-ms-routing-request-id": [ "SOUTHCENTRALUS:20230817T173006Z:fae01217-551d-4d2b-9d28-c733b0f3231e" ],
        "Strict-Transport-Security": [ "max-age=31536000; includeSubDomains" ],
        "X-Content-Type-Options": [ "nosniff" ],
        "Date": [ "Thu, 17 Aug 2023 17:30:05 GMT" ]
      },
      "ContentHeaders": {
        "Content-Length": [ "2216" ],
        "Content-Type": [ "application/json; charset=utf-8" ],
        "Expires": [ "-1" ]
      },
      "Content": "{\"sku\":{\"name\":\"Premium\",\"tier\":\"Premium\",\"capacity\":1},\"id\":\"/subscriptions/326100e2-f69d-4268-8503-075374f62b6e/resourceGroups/resourceGroupAutorestwogfts/providers/Microsoft.EventHub/namespaces/namespaceNamenysd8k\",\"name\":\"namespaceNamenysd8k\",\"type\":\"Microsoft.EventHub/Namespaces\",\"location\":\"East US\",\"tags\":{},\"properties\":{\"minimumTlsVersion\":\"1.2\",\"publicNetworkAccess\":\"Enabled\",\"disableLocalAuth\":false,\"zoneRedundant\":true,\"privateEndpointConnections\":[{\"id\":\"/subscriptions/326100e2-f69d-4268-8503-075374f62b6e/resourceGroups/resourceGroupAutorestwogfts/providers/Microsoft.EventHub/namespaces/namespaceNamenysd8k/privateEndpointConnections/cf29c40e-c6a0-4b49-af10-2e4ef6b5d4da\",\"name\":\"cf29c40e-c6a0-4b49-af10-2e4ef6b5d4da\",\"type\":\"Microsoft.EventHub/Namespaces/PrivateEndpointConnections\",\"location\":\"East US\",\"properties\":{\"provisioningState\":\"Succeeded\",\"privateEndpoint\":{\"id\":\"/subscriptions/326100e2-f69d-4268-8503-075374f62b6e/resourceGroups/resourceGroupAutorestwogfts/providers/Microsoft.Network/privateEndpoints/privateEndpoint-y8fngz\"},\"privateLinkServiceConnectionState\":{\"status\":\"Rejected\",\"description\":\"\"},\"groupIds\":[\"namespace\"]}},{\"id\":\"/subscriptions/326100e2-f69d-4268-8503-075374f62b6e/resourceGroups/resourceGroupAutorestwogfts/providers/Microsoft.EventHub/namespaces/namespaceNamenysd8k/privateEndpointConnections/91e3c7e3-a1d6-43ea-a700-0aa349ab5ad5\",\"name\":\"91e3c7e3-a1d6-43ea-a700-0aa349ab5ad5\",\"type\":\"Microsoft.EventHub/Namespaces/PrivateEndpointConnections\",\"location\":\"East US\",\"properties\":{\"provisioningState\":\"Updating\",\"privateEndpoint\":{\"id\":\"/subscriptions/326100e2-f69d-4268-8503-075374f62b6e/resourceGroups/resourceGroupAutorestwogfts/providers/Microsoft.Network/privateEndpoints/privateEndpoint-dps5i6\"},\"privateLinkServiceConnectionState\":{\"status\":\"Rejected\",\"description\":\"Bye\"},\"groupIds\":[\"namespace\"]}}],\"isAutoInflateEnabled\":false,\"maximumThroughputUnits\":0,\"kafkaEnabled\":true,\"provisioningState\":\"Succeeded\",\"metricId\":\"326100e2-f69d-4268-8503-075374f62b6e:namespacenamenysd8k\",\"createdAt\":\"2023-08-17T17:14:09.82Z\",\"updatedAt\":\"2023-08-17T17:15:30.11Z\",\"serviceBusEndpoint\":\"https://namespaceNamenysd8k.servicebus.windows.net:443/\",\"status\":\"Active\"}}",
      "isContentBase64": false
    }
  }
}