{
  "New-AzEventHubNamespaceV2+[NoContext]+SetExpanded+$PUT+https://management.azure.com/subscriptions/326100e2-f69d-4268-8503-075374f62b6e/resourceGroups/resourceGroupAutorest6ngvcm/providers/Microsoft.EventHub/namespaces/namespaceV25rvcnq?api-version=2022-01-01-preview+1": {
    "Request": {
      "Method": "PUT",
      "RequestUri": "https://management.azure.com/subscriptions/326100e2-f69d-4268-8503-075374f62b6e/resourceGroups/resourceGroupAutorest6ngvcm/providers/Microsoft.EventHub/namespaces/namespaceV25rvcnq?api-version=2022-01-01-preview",
      "Content": "{\n  \"location\": \"eastus\",\n  \"sku\": {\n    \"name\": \"Standard\",\n    \"tier\": \"Standard\"\n  }\n}",
      "Headers": {
      },
      "ContentHeaders": {
        "Content-Type": [ "application/json" ],
        "Content-Length": [ "89" ]
      }
    },
    "Response": {
      "StatusCode": 200,
      "Headers": {
        "Cache-Control": [ "no-cache" ],
        "Pragma": [ "no-cache" ],
        "x-ms-request-id": [ "92ac80a5-c04f-43b3-a42d-55fe19889752_M4SN1_M4SN1" ],
        "Server-SB": [ "Service-Bus-Resource-Provider/SN1" ],
        "Server": [ "Service-Bus-Resource-Provider/SN1", "Microsoft-HTTPAPI/2.0" ],
        "x-ms-ratelimit-remaining-subscription-resource-requests": [ "49" ],
        "x-ms-correlation-request-id": [ "352673f8-7634-485f-9614-e68cdbc20d4b" ],
        "x-ms-routing-request-id": [ "SOUTHCENTRALUS:20221107T045903Z:352673f8-7634-485f-9614-e68cdbc20d4b" ],
        "Strict-Transport-Security": [ "max-age=31536000; includeSubDomains" ],
        "X-Content-Type-Options": [ "nosniff" ],
        "Date": [ "Mon, 07 Nov 2022 04:59:02 GMT" ]
      },
      "ContentHeaders": {
        "Content-Length": [ "784" ],
        "Content-Type": [ "application/json; charset=utf-8" ],
        "Expires": [ "-1" ]
      },
      "Content": "{\"sku\":{\"name\":\"Standard\",\"tier\":\"Standard\",\"capacity\":1},\"id\":\"/subscriptions/326100e2-f69d-4268-8503-075374f62b6e/resourceGroups/resourceGroupAutorest6ngvcm/providers/Microsoft.EventHub/namespaces/namespaceV25rvcnq\",\"name\":\"namespaceV25rvcnq\",\"type\":\"Microsoft.EventHub/Namespaces\",\"location\":\"East US\",\"tags\":{},\"properties\":{\"minimumTlsVersion\":\"1.2\",\"publicNetworkAccess\":\"Enabled\",\"disableLocalAuth\":false,\"zoneRedundant\":false,\"isAutoInflateEnabled\":false,\"maximumThroughputUnits\":0,\"kafkaEnabled\":true,\"provisioningState\":\"Created\",\"metricId\":\"326100e2-f69d-4268-8503-075374f62b6e:namespacev25rvcnq\",\"createdAt\":\"2022-11-07T04:59:02.64Z\",\"updatedAt\":\"2022-11-07T04:59:02.64Z\",\"serviceBusEndpoint\":\"https://namespaceV25rvcnq.servicebus.windows.net:443/\",\"status\":\"Activating\"}}"
    }
  },
  "New-AzEventHubNamespaceV2+[NoContext]+SetExpanded+$GET+https://management.azure.com/subscriptions/326100e2-f69d-4268-8503-075374f62b6e/resourceGroups/resourceGroupAutorest6ngvcm/providers/Microsoft.EventHub/namespaces/namespaceV25rvcnq?api-version=2022-01-01-preview+2": {
    "Request": {
      "Method": "GET",
      "RequestUri": "https://management.azure.com/subscriptions/326100e2-f69d-4268-8503-075374f62b6e/resourceGroups/resourceGroupAutorest6ngvcm/providers/Microsoft.EventHub/namespaces/namespaceV25rvcnq?api-version=2022-01-01-preview",
      "Content": null,
      "Headers": {
        "Authorization": [ "[Filtered]" ],
        "x-ms-unique-id": [ "5" ],
        "x-ms-client-request-id": [ "b075896d-09c9-4bbc-850b-6fd08ec926f8" ],
        "CommandName": [ "Az.EventHub.private\\New-AzEventHubNamespaceV2_CreateExpanded" ],
        "FullCommandName": [ "New-AzEventHubNamespaceV2_CreateExpanded" ],
        "ParameterSetName": [ "__AllParameterSets" ],
        "User-Agent": [ "AzurePowershell/Az4.0.0-preview" ]
      },
      "ContentHeaders": {
      }
    },
    "Response": {
      "StatusCode": 200,
      "Headers": {
        "Cache-Control": [ "no-cache" ],
        "Pragma": [ "no-cache" ],
        "x-ms-request-id": [ "30d52c41-83c6-4af7-952b-4a52f1e1d913_M4SN1_M4SN1" ],
        "Server-SB": [ "Service-Bus-Resource-Provider/SN1" ],
        "Server": [ "Service-Bus-Resource-Provider/SN1", "Microsoft-HTTPAPI/2.0" ],
        "x-ms-ratelimit-remaining-subscription-reads": [ "11999" ],
        "x-ms-correlation-request-id": [ "3531e63c-9950-441a-af93-7be10651fde9" ],
        "x-ms-routing-request-id": [ "SOUTHCENTRALUS:20221107T045933Z:3531e63c-9950-441a-af93-7be10651fde9" ],
        "Strict-Transport-Security": [ "max-age=31536000; includeSubDomains" ],
        "X-Content-Type-Options": [ "nosniff" ],
        "Date": [ "Mon, 07 Nov 2022 04:59:32 GMT" ]
      },
      "ContentHeaders": {
        "Content-Length": [ "784" ],
        "Content-Type": [ "application/json; charset=utf-8" ],
        "Expires": [ "-1" ]
      },
      "Content": "{\"sku\":{\"name\":\"Standard\",\"tier\":\"Standard\",\"capacity\":1},\"id\":\"/subscriptions/326100e2-f69d-4268-8503-075374f62b6e/resourceGroups/resourceGroupAutorest6ngvcm/providers/Microsoft.EventHub/namespaces/namespaceV25rvcnq\",\"name\":\"namespaceV25rvcnq\",\"type\":\"Microsoft.EventHub/Namespaces\",\"location\":\"East US\",\"tags\":{},\"properties\":{\"minimumTlsVersion\":\"1.2\",\"publicNetworkAccess\":\"Enabled\",\"disableLocalAuth\":false,\"zoneRedundant\":false,\"isAutoInflateEnabled\":false,\"maximumThroughputUnits\":0,\"kafkaEnabled\":true,\"provisioningState\":\"Created\",\"metricId\":\"326100e2-f69d-4268-8503-075374f62b6e:namespacev25rvcnq\",\"createdAt\":\"2022-11-07T04:59:02.64Z\",\"updatedAt\":\"2022-11-07T04:59:02.64Z\",\"serviceBusEndpoint\":\"https://namespaceV25rvcnq.servicebus.windows.net:443/\",\"status\":\"Activating\"}}"
    }
  },
  "New-AzEventHubNamespaceV2+[NoContext]+SetExpanded+$GET+https://management.azure.com/subscriptions/326100e2-f69d-4268-8503-075374f62b6e/resourceGroups/resourceGroupAutorest6ngvcm/providers/Microsoft.EventHub/namespaces/namespaceV25rvcnq?api-version=2022-01-01-preview+3": {
    "Request": {
      "Method": "GET",
      "RequestUri": "https://management.azure.com/subscriptions/326100e2-f69d-4268-8503-075374f62b6e/resourceGroups/resourceGroupAutorest6ngvcm/providers/Microsoft.EventHub/namespaces/namespaceV25rvcnq?api-version=2022-01-01-preview",
      "Content": null,
      "Headers": {
        "Authorization": [ "[Filtered]" ],
        "x-ms-unique-id": [ "6" ],
        "x-ms-client-request-id": [ "b075896d-09c9-4bbc-850b-6fd08ec926f8" ],
        "CommandName": [ "Az.EventHub.private\\New-AzEventHubNamespaceV2_CreateExpanded" ],
        "FullCommandName": [ "New-AzEventHubNamespaceV2_CreateExpanded" ],
        "ParameterSetName": [ "__AllParameterSets" ],
        "User-Agent": [ "AzurePowershell/Az4.0.0-preview" ]
      },
      "ContentHeaders": {
      }
    },
    "Response": {
      "StatusCode": 200,
      "Headers": {
        "Cache-Control": [ "no-cache" ],
        "Pragma": [ "no-cache" ],
        "x-ms-request-id": [ "e576db48-6314-4f21-94fc-08f7edc30439_M4SN1_M4SN1" ],
        "Server-SB": [ "Service-Bus-Resource-Provider/SN1" ],
        "Server": [ "Service-Bus-Resource-Provider/SN1", "Microsoft-HTTPAPI/2.0" ],
        "x-ms-ratelimit-remaining-subscription-reads": [ "11998" ],
        "x-ms-correlation-request-id": [ "025f6b59-8cbe-4890-bcc9-88fb8d45c1d1" ],
        "x-ms-routing-request-id": [ "SOUTHCENTRALUS:20221107T050003Z:025f6b59-8cbe-4890-bcc9-88fb8d45c1d1" ],
        "Strict-Transport-Security": [ "max-age=31536000; includeSubDomains" ],
        "X-Content-Type-Options": [ "nosniff" ],
        "Date": [ "Mon, 07 Nov 2022 05:00:03 GMT" ]
      },
      "ContentHeaders": {
        "Content-Length": [ "782" ],
        "Content-Type": [ "application/json; charset=utf-8" ],
        "Expires": [ "-1" ]
      },
      "Content": "{\"sku\":{\"name\":\"Standard\",\"tier\":\"Standard\",\"capacity\":1},\"id\":\"/subscriptions/326100e2-f69d-4268-8503-075374f62b6e/resourceGroups/resourceGroupAutorest6ngvcm/providers/Microsoft.EventHub/namespaces/namespaceV25rvcnq\",\"name\":\"namespaceV25rvcnq\",\"type\":\"Microsoft.EventHub/Namespaces\",\"location\":\"East US\",\"tags\":{},\"properties\":{\"minimumTlsVersion\":\"1.2\",\"publicNetworkAccess\":\"Enabled\",\"disableLocalAuth\":false,\"zoneRedundant\":false,\"isAutoInflateEnabled\":false,\"maximumThroughputUnits\":0,\"kafkaEnabled\":true,\"provisioningState\":\"Succeeded\",\"metricId\":\"326100e2-f69d-4268-8503-075374f62b6e:namespacev25rvcnq\",\"createdAt\":\"2022-11-07T04:59:02.64Z\",\"updatedAt\":\"2022-11-07T04:59:55.81Z\",\"serviceBusEndpoint\":\"https://namespaceV25rvcnq.servicebus.windows.net:443/\",\"status\":\"Active\"}}"
    }
  },
  "New-AzEventHubNamespaceV2+[NoContext]+SetExpanded+$GET+https://management.azure.com/subscriptions/326100e2-f69d-4268-8503-075374f62b6e/resourceGroups/resourceGroupAutorest6ngvcm/providers/Microsoft.EventHub/namespaces/namespaceV25rvcnq?api-version=2022-01-01-preview+4": {
    "Request": {
      "Method": "GET",
      "RequestUri": "https://management.azure.com/subscriptions/326100e2-f69d-4268-8503-075374f62b6e/resourceGroups/resourceGroupAutorest6ngvcm/providers/Microsoft.EventHub/namespaces/namespaceV25rvcnq?api-version=2022-01-01-preview",
      "Content": null,
      "Headers": {
        "Authorization": [ "[Filtered]" ],
        "x-ms-unique-id": [ "7" ],
        "x-ms-client-request-id": [ "b075896d-09c9-4bbc-850b-6fd08ec926f8" ],
        "CommandName": [ "Az.EventHub.private\\New-AzEventHubNamespaceV2_CreateExpanded" ],
        "FullCommandName": [ "New-AzEventHubNamespaceV2_CreateExpanded" ],
        "ParameterSetName": [ "__AllParameterSets" ],
        "User-Agent": [ "AzurePowershell/Az4.0.0-preview" ]
      },
      "ContentHeaders": {
      }
    },
    "Response": {
      "StatusCode": 200,
      "Headers": {
        "Cache-Control": [ "no-cache" ],
        "Pragma": [ "no-cache" ],
        "x-ms-request-id": [ "0ab6496e-1ede-4f18-aa15-59181d525de1_M4SN1_M4SN1" ],
        "Server-SB": [ "Service-Bus-Resource-Provider/SN1" ],
        "Server": [ "Service-Bus-Resource-Provider/SN1", "Microsoft-HTTPAPI/2.0" ],
        "x-ms-ratelimit-remaining-subscription-reads": [ "11997" ],
        "x-ms-correlation-request-id": [ "63f3dfcf-58ad-4b30-ae81-96b68e5bddbb" ],
        "x-ms-routing-request-id": [ "SOUTHCENTRALUS:20221107T050004Z:63f3dfcf-58ad-4b30-ae81-96b68e5bddbb" ],
        "Strict-Transport-Security": [ "max-age=31536000; includeSubDomains" ],
        "X-Content-Type-Options": [ "nosniff" ],
        "Date": [ "Mon, 07 Nov 2022 05:00:03 GMT" ]
      },
      "ContentHeaders": {
        "Content-Length": [ "782" ],
        "Content-Type": [ "application/json; charset=utf-8" ],
        "Expires": [ "-1" ]
      },
      "Content": "{\"sku\":{\"name\":\"Standard\",\"tier\":\"Standard\",\"capacity\":1},\"id\":\"/subscriptions/326100e2-f69d-4268-8503-075374f62b6e/resourceGroups/resourceGroupAutorest6ngvcm/providers/Microsoft.EventHub/namespaces/namespaceV25rvcnq\",\"name\":\"namespaceV25rvcnq\",\"type\":\"Microsoft.EventHub/Namespaces\",\"location\":\"East US\",\"tags\":{},\"properties\":{\"minimumTlsVersion\":\"1.2\",\"publicNetworkAccess\":\"Enabled\",\"disableLocalAuth\":false,\"zoneRedundant\":false,\"isAutoInflateEnabled\":false,\"maximumThroughputUnits\":0,\"kafkaEnabled\":true,\"provisioningState\":\"Succeeded\",\"metricId\":\"326100e2-f69d-4268-8503-075374f62b6e:namespacev25rvcnq\",\"createdAt\":\"2022-11-07T04:59:02.64Z\",\"updatedAt\":\"2022-11-07T04:59:55.81Z\",\"serviceBusEndpoint\":\"https://namespaceV25rvcnq.servicebus.windows.net:443/\",\"status\":\"Active\"}}"
    }
  },
  "New-AzEventHubNamespaceV2+[NoContext]+SetExpanded+$PUT+https://management.azure.com/subscriptions/326100e2-f69d-4268-8503-075374f62b6e/resourceGroups/resourceGroupAutorest6ngvcm/providers/Microsoft.EventHub/namespaces/namespaceV30ofzm8?api-version=2022-01-01-preview+5": {
    "Request": {
      "Method": "PUT",
      "RequestUri": "https://management.azure.com/subscriptions/326100e2-f69d-4268-8503-075374f62b6e/resourceGroups/resourceGroupAutorest6ngvcm/providers/Microsoft.EventHub/namespaces/namespaceV30ofzm8?api-version=2022-01-01-preview",
      "Content": "{\n  \"location\": \"southcentralus\",\n  \"tags\": {\n    \"k2\": \"v2\",\n    \"k1\": \"v1\"\n  },\n  \"sku\": {\n    \"name\": \"Standard\",\n    \"tier\": \"Standard\",\n    \"capacity\": 10\n  },\n  \"properties\": {\n    \"minimumTlsVersion\": \"1.1\",\n    \"isAutoInflateEnabled\": true,\n    \"maximumThroughputUnits\": 18,\n    \"kafkaEnabled\": true,\n    \"disableLocalAuth\": true\n  }\n}",
      "Headers": {
      },
      "ContentHeaders": {
        "Content-Type": [ "application/json" ],
        "Content-Length": [ "343" ]
      }
    },
    "Response": {
      "StatusCode": 200,
      "Headers": {
        "Cache-Control": [ "no-cache" ],
        "Pragma": [ "no-cache" ],
        "x-ms-request-id": [ "1623d19b-d951-4798-985c-7241cf2ea181_M4SN1_M4SN1" ],
        "Server-SB": [ "Service-Bus-Resource-Provider/SN1" ],
        "Server": [ "Service-Bus-Resource-Provider/SN1", "Microsoft-HTTPAPI/2.0" ],
        "x-ms-ratelimit-remaining-subscription-resource-requests": [ "48" ],
        "x-ms-correlation-request-id": [ "483ecc2b-31b7-4405-9344-62e327154e2d" ],
        "x-ms-routing-request-id": [ "SOUTHCENTRALUS:20221107T050007Z:483ecc2b-31b7-4405-9344-62e327154e2d" ],
        "Strict-Transport-Security": [ "max-age=31536000; includeSubDomains" ],
        "X-Content-Type-Options": [ "nosniff" ],
        "Date": [ "Mon, 07 Nov 2022 05:00:06 GMT" ]
      },
      "ContentHeaders": {
        "Content-Length": [ "812" ],
        "Content-Type": [ "application/json; charset=utf-8" ],
        "Expires": [ "-1" ]
      },
      "Content": "{\"sku\":{\"name\":\"Standard\",\"tier\":\"Standard\",\"capacity\":10},\"id\":\"/subscriptions/326100e2-f69d-4268-8503-075374f62b6e/resourceGroups/resourceGroupAutorest6ngvcm/providers/Microsoft.EventHub/namespaces/namespaceV30ofzm8\",\"name\":\"namespaceV30ofzm8\",\"type\":\"Microsoft.EventHub/Namespaces\",\"location\":\"South Central US\",\"tags\":{\"k2\":\"v2\",\"k1\":\"v1\"},\"properties\":{\"minimumTlsVersion\":\"1.1\",\"publicNetworkAccess\":\"Enabled\",\"disableLocalAuth\":true,\"zoneRedundant\":false,\"isAutoInflateEnabled\":true,\"maximumThroughputUnits\":18,\"kafkaEnabled\":true,\"provisioningState\":\"Created\",\"metricId\":\"326100e2-f69d-4268-8503-075374f62b6e:namespacev30ofzm8\",\"createdAt\":\"2022-11-07T05:00:06.13Z\",\"updatedAt\":\"2022-11-07T05:00:06.13Z\",\"serviceBusEndpoint\":\"https://namespaceV30ofzm8.servicebus.windows.net:443/\",\"status\":\"Activating\"}}"
    }
  },
  "New-AzEventHubNamespaceV2+[NoContext]+SetExpanded+$GET+https://management.azure.com/subscriptions/326100e2-f69d-4268-8503-075374f62b6e/resourceGroups/resourceGroupAutorest6ngvcm/providers/Microsoft.EventHub/namespaces/namespaceV30ofzm8?api-version=2022-01-01-preview+6": {
    "Request": {
      "Method": "GET",
      "RequestUri": "https://management.azure.com/subscriptions/326100e2-f69d-4268-8503-075374f62b6e/resourceGroups/resourceGroupAutorest6ngvcm/providers/Microsoft.EventHub/namespaces/namespaceV30ofzm8?api-version=2022-01-01-preview",
      "Content": null,
      "Headers": {
        "Authorization": [ "[Filtered]" ],
        "x-ms-unique-id": [ "9" ],
        "x-ms-client-request-id": [ "d0d0c1d2-9c5e-4f43-ae7e-dd88d3662d40" ],
        "CommandName": [ "Az.EventHub.private\\New-AzEventHubNamespaceV2_CreateExpanded" ],
        "FullCommandName": [ "New-AzEventHubNamespaceV2_CreateExpanded" ],
        "ParameterSetName": [ "__AllParameterSets" ],
        "User-Agent": [ "AzurePowershell/Az4.0.0-preview" ]
      },
      "ContentHeaders": {
      }
    },
    "Response": {
      "StatusCode": 200,
      "Headers": {
        "Cache-Control": [ "no-cache" ],
        "Pragma": [ "no-cache" ],
        "x-ms-request-id": [ "af0546e5-469f-4361-911d-0348cce1ded1_M4SN1_M4SN1" ],
        "Server-SB": [ "Service-Bus-Resource-Provider/SN1" ],
        "Server": [ "Service-Bus-Resource-Provider/SN1", "Microsoft-HTTPAPI/2.0" ],
        "x-ms-ratelimit-remaining-subscription-reads": [ "11996" ],
        "x-ms-correlation-request-id": [ "0bd425f4-2809-4f90-ab4d-6b1f6ba32b3a" ],
        "x-ms-routing-request-id": [ "SOUTHCENTRALUS:20221107T050037Z:0bd425f4-2809-4f90-ab4d-6b1f6ba32b3a" ],
        "Strict-Transport-Security": [ "max-age=31536000; includeSubDomains" ],
        "X-Content-Type-Options": [ "nosniff" ],
        "Date": [ "Mon, 07 Nov 2022 05:00:36 GMT" ]
      },
      "ContentHeaders": {
        "Content-Length": [ "812" ],
        "Content-Type": [ "application/json; charset=utf-8" ],
        "Expires": [ "-1" ]
      },
      "Content": "{\"sku\":{\"name\":\"Standard\",\"tier\":\"Standard\",\"capacity\":10},\"id\":\"/subscriptions/326100e2-f69d-4268-8503-075374f62b6e/resourceGroups/resourceGroupAutorest6ngvcm/providers/Microsoft.EventHub/namespaces/namespaceV30ofzm8\",\"name\":\"namespaceV30ofzm8\",\"type\":\"Microsoft.EventHub/Namespaces\",\"location\":\"South Central US\",\"tags\":{\"k2\":\"v2\",\"k1\":\"v1\"},\"properties\":{\"minimumTlsVersion\":\"1.1\",\"publicNetworkAccess\":\"Enabled\",\"disableLocalAuth\":true,\"zoneRedundant\":false,\"isAutoInflateEnabled\":true,\"maximumThroughputUnits\":18,\"kafkaEnabled\":true,\"provisioningState\":\"Created\",\"metricId\":\"326100e2-f69d-4268-8503-075374f62b6e:namespacev30ofzm8\",\"createdAt\":\"2022-11-07T05:00:06.13Z\",\"updatedAt\":\"2022-11-07T05:00:06.13Z\",\"serviceBusEndpoint\":\"https://namespaceV30ofzm8.servicebus.windows.net:443/\",\"status\":\"Activating\"}}"
    }
  },
  "New-AzEventHubNamespaceV2+[NoContext]+SetExpanded+$GET+https://management.azure.com/subscriptions/326100e2-f69d-4268-8503-075374f62b6e/resourceGroups/resourceGroupAutorest6ngvcm/providers/Microsoft.EventHub/namespaces/namespaceV30ofzm8?api-version=2022-01-01-preview+7": {
    "Request": {
      "Method": "GET",
      "RequestUri": "https://management.azure.com/subscriptions/326100e2-f69d-4268-8503-075374f62b6e/resourceGroups/resourceGroupAutorest6ngvcm/providers/Microsoft.EventHub/namespaces/namespaceV30ofzm8?api-version=2022-01-01-preview",
      "Content": null,
      "Headers": {
        "Authorization": [ "[Filtered]" ],
        "x-ms-unique-id": [ "10" ],
        "x-ms-client-request-id": [ "d0d0c1d2-9c5e-4f43-ae7e-dd88d3662d40" ],
        "CommandName": [ "Az.EventHub.private\\New-AzEventHubNamespaceV2_CreateExpanded" ],
        "FullCommandName": [ "New-AzEventHubNamespaceV2_CreateExpanded" ],
        "ParameterSetName": [ "__AllParameterSets" ],
        "User-Agent": [ "AzurePowershell/Az4.0.0-preview" ]
      },
      "ContentHeaders": {
      }
    },
    "Response": {
      "StatusCode": 200,
      "Headers": {
        "Cache-Control": [ "no-cache" ],
        "Pragma": [ "no-cache" ],
        "x-ms-request-id": [ "22f9369b-32a8-4b8b-9c1d-ac9775460390_M4SN1_M4SN1" ],
        "Server-SB": [ "Service-Bus-Resource-Provider/SN1" ],
        "Server": [ "Service-Bus-Resource-Provider/SN1", "Microsoft-HTTPAPI/2.0" ],
        "x-ms-ratelimit-remaining-subscription-reads": [ "11995" ],
        "x-ms-correlation-request-id": [ "367e50f3-20cf-48f2-86ff-8304e0f0ef47" ],
        "x-ms-routing-request-id": [ "SOUTHCENTRALUS:20221107T050107Z:367e50f3-20cf-48f2-86ff-8304e0f0ef47" ],
        "Strict-Transport-Security": [ "max-age=31536000; includeSubDomains" ],
        "X-Content-Type-Options": [ "nosniff" ],
        "Date": [ "Mon, 07 Nov 2022 05:01:07 GMT" ]
      },
      "ContentHeaders": {
        "Content-Length": [ "811" ],
        "Content-Type": [ "application/json; charset=utf-8" ],
        "Expires": [ "-1" ]
      },
      "Content": "{\"sku\":{\"name\":\"Standard\",\"tier\":\"Standard\",\"capacity\":10},\"id\":\"/subscriptions/326100e2-f69d-4268-8503-075374f62b6e/resourceGroups/resourceGroupAutorest6ngvcm/providers/Microsoft.EventHub/namespaces/namespaceV30ofzm8\",\"name\":\"namespaceV30ofzm8\",\"type\":\"Microsoft.EventHub/Namespaces\",\"location\":\"South Central US\",\"tags\":{\"k2\":\"v2\",\"k1\":\"v1\"},\"properties\":{\"minimumTlsVersion\":\"1.1\",\"publicNetworkAccess\":\"Enabled\",\"disableLocalAuth\":true,\"zoneRedundant\":false,\"isAutoInflateEnabled\":true,\"maximumThroughputUnits\":18,\"kafkaEnabled\":true,\"provisioningState\":\"Succeeded\",\"metricId\":\"326100e2-f69d-4268-8503-075374f62b6e:namespacev30ofzm8\",\"createdAt\":\"2022-11-07T05:00:06.13Z\",\"updatedAt\":\"2022-11-07T05:00:57.623Z\",\"serviceBusEndpoint\":\"https://namespaceV30ofzm8.servicebus.windows.net:443/\",\"status\":\"Active\"}}"
    }
  },
  "New-AzEventHubNamespaceV2+[NoContext]+SetExpanded+$GET+https://management.azure.com/subscriptions/326100e2-f69d-4268-8503-075374f62b6e/resourceGroups/resourceGroupAutorest6ngvcm/providers/Microsoft.EventHub/namespaces/namespaceV30ofzm8?api-version=2022-01-01-preview+8": {
    "Request": {
      "Method": "GET",
      "RequestUri": "https://management.azure.com/subscriptions/326100e2-f69d-4268-8503-075374f62b6e/resourceGroups/resourceGroupAutorest6ngvcm/providers/Microsoft.EventHub/namespaces/namespaceV30ofzm8?api-version=2022-01-01-preview",
      "Content": null,
      "Headers": {
        "Authorization": [ "[Filtered]" ],
        "x-ms-unique-id": [ "11" ],
        "x-ms-client-request-id": [ "d0d0c1d2-9c5e-4f43-ae7e-dd88d3662d40" ],
        "CommandName": [ "Az.EventHub.private\\New-AzEventHubNamespaceV2_CreateExpanded" ],
        "FullCommandName": [ "New-AzEventHubNamespaceV2_CreateExpanded" ],
        "ParameterSetName": [ "__AllParameterSets" ],
        "User-Agent": [ "AzurePowershell/Az4.0.0-preview" ]
      },
      "ContentHeaders": {
      }
    },
    "Response": {
      "StatusCode": 200,
      "Headers": {
        "Cache-Control": [ "no-cache" ],
        "Pragma": [ "no-cache" ],
        "x-ms-request-id": [ "41ae42b6-1656-43ce-bfed-292330dd0ced_M4SN1_M4SN1" ],
        "Server-SB": [ "Service-Bus-Resource-Provider/SN1" ],
        "Server": [ "Service-Bus-Resource-Provider/SN1", "Microsoft-HTTPAPI/2.0" ],
        "x-ms-ratelimit-remaining-subscription-reads": [ "11994" ],
        "x-ms-correlation-request-id": [ "dba260e5-36cd-497b-adc5-d81ec63348c7" ],
        "x-ms-routing-request-id": [ "SOUTHCENTRALUS:20221107T050107Z:dba260e5-36cd-497b-adc5-d81ec63348c7" ],
        "Strict-Transport-Security": [ "max-age=31536000; includeSubDomains" ],
        "X-Content-Type-Options": [ "nosniff" ],
        "Date": [ "Mon, 07 Nov 2022 05:01:07 GMT" ]
      },
      "ContentHeaders": {
        "Content-Length": [ "811" ],
        "Content-Type": [ "application/json; charset=utf-8" ],
        "Expires": [ "-1" ]
      },
      "Content": "{\"sku\":{\"name\":\"Standard\",\"tier\":\"Standard\",\"capacity\":10},\"id\":\"/subscriptions/326100e2-f69d-4268-8503-075374f62b6e/resourceGroups/resourceGroupAutorest6ngvcm/providers/Microsoft.EventHub/namespaces/namespaceV30ofzm8\",\"name\":\"namespaceV30ofzm8\",\"type\":\"Microsoft.EventHub/Namespaces\",\"location\":\"South Central US\",\"tags\":{\"k2\":\"v2\",\"k1\":\"v1\"},\"properties\":{\"minimumTlsVersion\":\"1.1\",\"publicNetworkAccess\":\"Enabled\",\"disableLocalAuth\":true,\"zoneRedundant\":false,\"isAutoInflateEnabled\":true,\"maximumThroughputUnits\":18,\"kafkaEnabled\":true,\"provisioningState\":\"Succeeded\",\"metricId\":\"326100e2-f69d-4268-8503-075374f62b6e:namespacev30ofzm8\",\"createdAt\":\"2022-11-07T05:00:06.13Z\",\"updatedAt\":\"2022-11-07T05:00:57.623Z\",\"serviceBusEndpoint\":\"https://namespaceV30ofzm8.servicebus.windows.net:443/\",\"status\":\"Active\"}}"
    }
  },
  "New-AzEventHubNamespaceV2+[NoContext]+SetExpanded+$PUT+https://management.azure.com/subscriptions/326100e2-f69d-4268-8503-075374f62b6e/resourceGroups/resourceGroupAutorest6ngvcm/providers/Microsoft.EventHub/namespaces/namespaceV4pq1o40?api-version=2022-01-01-preview+9": {
    "Request": {
      "Method": "PUT",
      "RequestUri": "https://management.azure.com/subscriptions/326100e2-f69d-4268-8503-075374f62b6e/resourceGroups/resourceGroupAutorest6ngvcm/providers/Microsoft.EventHub/namespaces/namespaceV4pq1o40?api-version=2022-01-01-preview",
      "Content": "{\n  \"location\": \"eastus\",\n  \"sku\": {\n    \"name\": \"Premium\",\n    \"tier\": \"Premium\"\n  },\n  \"identity\": {\n    \"type\": \"SystemAssigned\"\n  }\n}",
      "Headers": {
      },
      "ContentHeaders": {
        "Content-Type": [ "application/json" ],
        "Content-Length": [ "137" ]
      }
    },
    "Response": {
      "StatusCode": 200,
      "Headers": {
        "Cache-Control": [ "no-cache" ],
        "Pragma": [ "no-cache" ],
        "x-ms-request-id": [ "05727400-962d-40e4-8cdf-32863e451e3a_M4SN1_M4SN1" ],
        "Server-SB": [ "Service-Bus-Resource-Provider/SN1" ],
        "Server": [ "Service-Bus-Resource-Provider/SN1", "Microsoft-HTTPAPI/2.0" ],
        "x-ms-ratelimit-remaining-subscription-resource-requests": [ "47" ],
        "x-ms-correlation-request-id": [ "71b33329-ae86-4c5f-bcf2-e3cbefd84451" ],
        "x-ms-routing-request-id": [ "SOUTHCENTRALUS:20221107T050110Z:71b33329-ae86-4c5f-bcf2-e3cbefd84451" ],
        "Strict-Transport-Security": [ "max-age=31536000; includeSubDomains" ],
        "X-Content-Type-Options": [ "nosniff" ],
        "Date": [ "Mon, 07 Nov 2022 05:01:10 GMT" ]
      },
      "ContentHeaders": {
        "Content-Length": [ "934" ],
        "Content-Type": [ "application/json; charset=utf-8" ],
        "Expires": [ "-1" ]
      },
      "Content": "{\"sku\":{\"name\":\"Premium\",\"tier\":\"Premium\",\"capacity\":1},\"id\":\"/subscriptions/326100e2-f69d-4268-8503-075374f62b6e/resourceGroups/resourceGroupAutorest6ngvcm/providers/Microsoft.EventHub/namespaces/namespaceV4pq1o40\",\"name\":\"namespaceV4pq1o40\",\"type\":\"Microsoft.EventHub/Namespaces\",\"location\":\"East US\",\"tags\":{},\"identity\":{\"principalId\":\"6039e8be-3547-4e7a-8302-675b887fa702\",\"tenantId\":\"72f988bf-86f1-41af-91ab-2d7cd011db47\",\"type\":\"SystemAssigned\"},\"properties\":{\"minimumTlsVersion\":\"1.2\",\"publicNetworkAccess\":\"Enabled\",\"disableLocalAuth\":false,\"zoneRedundant\":true,\"isAutoInflateEnabled\":false,\"maximumThroughputUnits\":0,\"kafkaEnabled\":true,\"provisioningState\":\"ActivatingIdentity\",\"metricId\":\"326100e2-f69d-4268-8503-075374f62b6e:namespacev4pq1o40\",\"createdAt\":\"2022-11-07T05:01:09.953Z\",\"updatedAt\":\"2022-11-07T05:01:09.953Z\",\"serviceBusEndpoint\":\"https://namespaceV4pq1o40.servicebus.windows.net:443/\",\"status\":\"Activating\"}}"
    }
  },
  "New-AzEventHubNamespaceV2+[NoContext]+SetExpanded+$GET+https://management.azure.com/subscriptions/326100e2-f69d-4268-8503-075374f62b6e/resourceGroups/resourceGroupAutorest6ngvcm/providers/Microsoft.EventHub/namespaces/namespaceV4pq1o40?api-version=2022-01-01-preview+10": {
    "Request": {
      "Method": "GET",
      "RequestUri": "https://management.azure.com/subscriptions/326100e2-f69d-4268-8503-075374f62b6e/resourceGroups/resourceGroupAutorest6ngvcm/providers/Microsoft.EventHub/namespaces/namespaceV4pq1o40?api-version=2022-01-01-preview",
      "Content": null,
      "Headers": {
        "Authorization": [ "[Filtered]" ],
        "x-ms-unique-id": [ "13" ],
        "x-ms-client-request-id": [ "6ba250ac-f8d4-4b2c-b32a-1e5e88675273" ],
        "CommandName": [ "Az.EventHub.private\\New-AzEventHubNamespaceV2_CreateExpanded" ],
        "FullCommandName": [ "New-AzEventHubNamespaceV2_CreateExpanded" ],
        "ParameterSetName": [ "__AllParameterSets" ],
        "User-Agent": [ "AzurePowershell/Az4.0.0-preview" ]
      },
      "ContentHeaders": {
      }
    },
    "Response": {
      "StatusCode": 200,
      "Headers": {
        "Cache-Control": [ "no-cache" ],
        "Pragma": [ "no-cache" ],
        "x-ms-request-id": [ "4b2ec01e-27b5-43af-9fa4-d0c234b2f11a_M4SN1_M4SN1" ],
        "Server-SB": [ "Service-Bus-Resource-Provider/SN1" ],
        "Server": [ "Service-Bus-Resource-Provider/SN1", "Microsoft-HTTPAPI/2.0" ],
        "x-ms-ratelimit-remaining-subscription-reads": [ "11993" ],
        "x-ms-correlation-request-id": [ "37e4315b-5f5f-4cd9-bf95-ba0c771aaae7" ],
        "x-ms-routing-request-id": [ "SOUTHCENTRALUS:20221107T050140Z:37e4315b-5f5f-4cd9-bf95-ba0c771aaae7" ],
        "Strict-Transport-Security": [ "max-age=31536000; includeSubDomains" ],
        "X-Content-Type-Options": [ "nosniff" ],
        "Date": [ "Mon, 07 Nov 2022 05:01:40 GMT" ]
      },
      "ContentHeaders": {
        "Content-Length": [ "934" ],
        "Content-Type": [ "application/json; charset=utf-8" ],
        "Expires": [ "-1" ]
      },
      "Content": "{\"sku\":{\"name\":\"Premium\",\"tier\":\"Premium\",\"capacity\":1},\"id\":\"/subscriptions/326100e2-f69d-4268-8503-075374f62b6e/resourceGroups/resourceGroupAutorest6ngvcm/providers/Microsoft.EventHub/namespaces/namespaceV4pq1o40\",\"name\":\"namespaceV4pq1o40\",\"type\":\"Microsoft.EventHub/Namespaces\",\"location\":\"East US\",\"tags\":{},\"identity\":{\"principalId\":\"6039e8be-3547-4e7a-8302-675b887fa702\",\"tenantId\":\"72f988bf-86f1-41af-91ab-2d7cd011db47\",\"type\":\"SystemAssigned\"},\"properties\":{\"minimumTlsVersion\":\"1.2\",\"publicNetworkAccess\":\"Enabled\",\"disableLocalAuth\":false,\"zoneRedundant\":true,\"isAutoInflateEnabled\":false,\"maximumThroughputUnits\":0,\"kafkaEnabled\":true,\"provisioningState\":\"ActivatingIdentity\",\"metricId\":\"326100e2-f69d-4268-8503-075374f62b6e:namespacev4pq1o40\",\"createdAt\":\"2022-11-07T05:01:09.953Z\",\"updatedAt\":\"2022-11-07T05:01:09.953Z\",\"serviceBusEndpoint\":\"https://namespaceV4pq1o40.servicebus.windows.net:443/\",\"status\":\"Activating\"}}"
    }
  },
  "New-AzEventHubNamespaceV2+[NoContext]+SetExpanded+$GET+https://management.azure.com/subscriptions/326100e2-f69d-4268-8503-075374f62b6e/resourceGroups/resourceGroupAutorest6ngvcm/providers/Microsoft.EventHub/namespaces/namespaceV4pq1o40?api-version=2022-01-01-preview+11": {
    "Request": {
      "Method": "GET",
      "RequestUri": "https://management.azure.com/subscriptions/326100e2-f69d-4268-8503-075374f62b6e/resourceGroups/resourceGroupAutorest6ngvcm/providers/Microsoft.EventHub/namespaces/namespaceV4pq1o40?api-version=2022-01-01-preview",
      "Content": null,
      "Headers": {
        "Authorization": [ "[Filtered]" ],
        "x-ms-unique-id": [ "14" ],
        "x-ms-client-request-id": [ "6ba250ac-f8d4-4b2c-b32a-1e5e88675273" ],
        "CommandName": [ "Az.EventHub.private\\New-AzEventHubNamespaceV2_CreateExpanded" ],
        "FullCommandName": [ "New-AzEventHubNamespaceV2_CreateExpanded" ],
        "ParameterSetName": [ "__AllParameterSets" ],
        "User-Agent": [ "AzurePowershell/Az4.0.0-preview" ]
      },
      "ContentHeaders": {
      }
    },
    "Response": {
      "StatusCode": 200,
      "Headers": {
        "Cache-Control": [ "no-cache" ],
        "Pragma": [ "no-cache" ],
        "x-ms-request-id": [ "bb4f6ed4-3207-49e8-85bf-1f0359614153_M4SN1_M4SN1" ],
        "Server-SB": [ "Service-Bus-Resource-Provider/SN1" ],
        "Server": [ "Service-Bus-Resource-Provider/SN1", "Microsoft-HTTPAPI/2.0" ],
        "x-ms-ratelimit-remaining-subscription-reads": [ "11992" ],
        "x-ms-correlation-request-id": [ "4c463fd5-9701-4846-8e17-7180ef9c2006" ],
        "x-ms-routing-request-id": [ "SOUTHCENTRALUS:20221107T050211Z:4c463fd5-9701-4846-8e17-7180ef9c2006" ],
        "Strict-Transport-Security": [ "max-age=31536000; includeSubDomains" ],
        "X-Content-Type-Options": [ "nosniff" ],
        "Date": [ "Mon, 07 Nov 2022 05:02:10 GMT" ]
      },
      "ContentHeaders": {
        "Content-Length": [ "934" ],
        "Content-Type": [ "application/json; charset=utf-8" ],
        "Expires": [ "-1" ]
      },
      "Content": "{\"sku\":{\"name\":\"Premium\",\"tier\":\"Premium\",\"capacity\":1},\"id\":\"/subscriptions/326100e2-f69d-4268-8503-075374f62b6e/resourceGroups/resourceGroupAutorest6ngvcm/providers/Microsoft.EventHub/namespaces/namespaceV4pq1o40\",\"name\":\"namespaceV4pq1o40\",\"type\":\"Microsoft.EventHub/Namespaces\",\"location\":\"East US\",\"tags\":{},\"identity\":{\"principalId\":\"6039e8be-3547-4e7a-8302-675b887fa702\",\"tenantId\":\"72f988bf-86f1-41af-91ab-2d7cd011db47\",\"type\":\"SystemAssigned\"},\"properties\":{\"minimumTlsVersion\":\"1.2\",\"publicNetworkAccess\":\"Enabled\",\"disableLocalAuth\":false,\"zoneRedundant\":true,\"isAutoInflateEnabled\":false,\"maximumThroughputUnits\":0,\"kafkaEnabled\":true,\"provisioningState\":\"ActivatingIdentity\",\"metricId\":\"326100e2-f69d-4268-8503-075374f62b6e:namespacev4pq1o40\",\"createdAt\":\"2022-11-07T05:01:09.953Z\",\"updatedAt\":\"2022-11-07T05:01:09.953Z\",\"serviceBusEndpoint\":\"https://namespaceV4pq1o40.servicebus.windows.net:443/\",\"status\":\"Activating\"}}"
    }
  },
  "New-AzEventHubNamespaceV2+[NoContext]+SetExpanded+$GET+https://management.azure.com/subscriptions/326100e2-f69d-4268-8503-075374f62b6e/resourceGroups/resourceGroupAutorest6ngvcm/providers/Microsoft.EventHub/namespaces/namespaceV4pq1o40?api-version=2022-01-01-preview+12": {
    "Request": {
      "Method": "GET",
      "RequestUri": "https://management.azure.com/subscriptions/326100e2-f69d-4268-8503-075374f62b6e/resourceGroups/resourceGroupAutorest6ngvcm/providers/Microsoft.EventHub/namespaces/namespaceV4pq1o40?api-version=2022-01-01-preview",
      "Content": null,
      "Headers": {
        "Authorization": [ "[Filtered]" ],
        "x-ms-unique-id": [ "15" ],
        "x-ms-client-request-id": [ "6ba250ac-f8d4-4b2c-b32a-1e5e88675273" ],
        "CommandName": [ "Az.EventHub.private\\New-AzEventHubNamespaceV2_CreateExpanded" ],
        "FullCommandName": [ "New-AzEventHubNamespaceV2_CreateExpanded" ],
        "ParameterSetName": [ "__AllParameterSets" ],
        "User-Agent": [ "AzurePowershell/Az4.0.0-preview" ]
      },
      "ContentHeaders": {
      }
    },
    "Response": {
      "StatusCode": 200,
      "Headers": {
        "Cache-Control": [ "no-cache" ],
        "Pragma": [ "no-cache" ],
        "x-ms-request-id": [ "46f1a5fc-5908-41dd-be31-8fe31bd1a6ed_M4SN1_M4SN1" ],
        "Server-SB": [ "Service-Bus-Resource-Provider/SN1" ],
        "Server": [ "Service-Bus-Resource-Provider/SN1", "Microsoft-HTTPAPI/2.0" ],
        "x-ms-ratelimit-remaining-subscription-reads": [ "11991" ],
        "x-ms-correlation-request-id": [ "1c1f0d95-de55-46d6-98dd-62bdd17dca2e" ],
        "x-ms-routing-request-id": [ "SOUTHCENTRALUS:20221107T050241Z:1c1f0d95-de55-46d6-98dd-62bdd17dca2e" ],
        "Strict-Transport-Security": [ "max-age=31536000; includeSubDomains" ],
        "X-Content-Type-Options": [ "nosniff" ],
        "Date": [ "Mon, 07 Nov 2022 05:02:40 GMT" ]
      },
      "ContentHeaders": {
        "Content-Length": [ "934" ],
        "Content-Type": [ "application/json; charset=utf-8" ],
        "Expires": [ "-1" ]
      },
      "Content": "{\"sku\":{\"name\":\"Premium\",\"tier\":\"Premium\",\"capacity\":1},\"id\":\"/subscriptions/326100e2-f69d-4268-8503-075374f62b6e/resourceGroups/resourceGroupAutorest6ngvcm/providers/Microsoft.EventHub/namespaces/namespaceV4pq1o40\",\"name\":\"namespaceV4pq1o40\",\"type\":\"Microsoft.EventHub/Namespaces\",\"location\":\"East US\",\"tags\":{},\"identity\":{\"principalId\":\"6039e8be-3547-4e7a-8302-675b887fa702\",\"tenantId\":\"72f988bf-86f1-41af-91ab-2d7cd011db47\",\"type\":\"SystemAssigned\"},\"properties\":{\"minimumTlsVersion\":\"1.2\",\"publicNetworkAccess\":\"Enabled\",\"disableLocalAuth\":false,\"zoneRedundant\":true,\"isAutoInflateEnabled\":false,\"maximumThroughputUnits\":0,\"kafkaEnabled\":true,\"provisioningState\":\"ActivatingIdentity\",\"metricId\":\"326100e2-f69d-4268-8503-075374f62b6e:namespacev4pq1o40\",\"createdAt\":\"2022-11-07T05:01:09.953Z\",\"updatedAt\":\"2022-11-07T05:01:09.953Z\",\"serviceBusEndpoint\":\"https://namespaceV4pq1o40.servicebus.windows.net:443/\",\"status\":\"Activating\"}}"
    }
  },
  "New-AzEventHubNamespaceV2+[NoContext]+SetExpanded+$GET+https://management.azure.com/subscriptions/326100e2-f69d-4268-8503-075374f62b6e/resourceGroups/resourceGroupAutorest6ngvcm/providers/Microsoft.EventHub/namespaces/namespaceV4pq1o40?api-version=2022-01-01-preview+13": {
    "Request": {
      "Method": "GET",
      "RequestUri": "https://management.azure.com/subscriptions/326100e2-f69d-4268-8503-075374f62b6e/resourceGroups/resourceGroupAutorest6ngvcm/providers/Microsoft.EventHub/namespaces/namespaceV4pq1o40?api-version=2022-01-01-preview",
      "Content": null,
      "Headers": {
        "Authorization": [ "[Filtered]" ],
        "x-ms-unique-id": [ "16" ],
        "x-ms-client-request-id": [ "6ba250ac-f8d4-4b2c-b32a-1e5e88675273" ],
        "CommandName": [ "Az.EventHub.private\\New-AzEventHubNamespaceV2_CreateExpanded" ],
        "FullCommandName": [ "New-AzEventHubNamespaceV2_CreateExpanded" ],
        "ParameterSetName": [ "__AllParameterSets" ],
        "User-Agent": [ "AzurePowershell/Az4.0.0-preview" ]
      },
      "ContentHeaders": {
      }
    },
    "Response": {
      "StatusCode": 200,
      "Headers": {
        "Cache-Control": [ "no-cache" ],
        "Pragma": [ "no-cache" ],
        "x-ms-request-id": [ "6778d186-b8d7-4424-a009-38cc4ab4602f_M4SN1_M4SN1" ],
        "Server-SB": [ "Service-Bus-Resource-Provider/SN1" ],
        "Server": [ "Service-Bus-Resource-Provider/SN1", "Microsoft-HTTPAPI/2.0" ],
        "x-ms-ratelimit-remaining-subscription-reads": [ "11990" ],
        "x-ms-correlation-request-id": [ "435ef6e7-b340-4901-a90f-5277d468e6bf" ],
        "x-ms-routing-request-id": [ "SOUTHCENTRALUS:20221107T050311Z:435ef6e7-b340-4901-a90f-5277d468e6bf" ],
        "Strict-Transport-Security": [ "max-age=31536000; includeSubDomains" ],
        "X-Content-Type-Options": [ "nosniff" ],
        "Date": [ "Mon, 07 Nov 2022 05:03:11 GMT" ]
      },
      "ContentHeaders": {
        "Content-Length": [ "934" ],
        "Content-Type": [ "application/json; charset=utf-8" ],
        "Expires": [ "-1" ]
      },
      "Content": "{\"sku\":{\"name\":\"Premium\",\"tier\":\"Premium\",\"capacity\":1},\"id\":\"/subscriptions/326100e2-f69d-4268-8503-075374f62b6e/resourceGroups/resourceGroupAutorest6ngvcm/providers/Microsoft.EventHub/namespaces/namespaceV4pq1o40\",\"name\":\"namespaceV4pq1o40\",\"type\":\"Microsoft.EventHub/Namespaces\",\"location\":\"East US\",\"tags\":{},\"identity\":{\"principalId\":\"6039e8be-3547-4e7a-8302-675b887fa702\",\"tenantId\":\"72f988bf-86f1-41af-91ab-2d7cd011db47\",\"type\":\"SystemAssigned\"},\"properties\":{\"minimumTlsVersion\":\"1.2\",\"publicNetworkAccess\":\"Enabled\",\"disableLocalAuth\":false,\"zoneRedundant\":true,\"isAutoInflateEnabled\":false,\"maximumThroughputUnits\":0,\"kafkaEnabled\":true,\"provisioningState\":\"ActivatingIdentity\",\"metricId\":\"326100e2-f69d-4268-8503-075374f62b6e:namespacev4pq1o40\",\"createdAt\":\"2022-11-07T05:01:09.953Z\",\"updatedAt\":\"2022-11-07T05:01:09.953Z\",\"serviceBusEndpoint\":\"https://namespaceV4pq1o40.servicebus.windows.net:443/\",\"status\":\"Activating\"}}"
    }
  },
  "New-AzEventHubNamespaceV2+[NoContext]+SetExpanded+$GET+https://management.azure.com/subscriptions/326100e2-f69d-4268-8503-075374f62b6e/resourceGroups/resourceGroupAutorest6ngvcm/providers/Microsoft.EventHub/namespaces/namespaceV4pq1o40?api-version=2022-01-01-preview+14": {
    "Request": {
      "Method": "GET",
      "RequestUri": "https://management.azure.com/subscriptions/326100e2-f69d-4268-8503-075374f62b6e/resourceGroups/resourceGroupAutorest6ngvcm/providers/Microsoft.EventHub/namespaces/namespaceV4pq1o40?api-version=2022-01-01-preview",
      "Content": null,
      "Headers": {
        "Authorization": [ "[Filtered]" ],
        "x-ms-unique-id": [ "17" ],
        "x-ms-client-request-id": [ "6ba250ac-f8d4-4b2c-b32a-1e5e88675273" ],
        "CommandName": [ "Az.EventHub.private\\New-AzEventHubNamespaceV2_CreateExpanded" ],
        "FullCommandName": [ "New-AzEventHubNamespaceV2_CreateExpanded" ],
        "ParameterSetName": [ "__AllParameterSets" ],
        "User-Agent": [ "AzurePowershell/Az4.0.0-preview" ]
      },
      "ContentHeaders": {
      }
    },
    "Response": {
      "StatusCode": 200,
      "Headers": {
        "Cache-Control": [ "no-cache" ],
        "Pragma": [ "no-cache" ],
        "x-ms-request-id": [ "3edd0137-d0f6-4e9c-ac65-4207a7e838ea_M6SN1_M6SN1" ],
        "Server-SB": [ "Service-Bus-Resource-Provider/SN1" ],
        "Server": [ "Service-Bus-Resource-Provider/SN1", "Microsoft-HTTPAPI/2.0" ],
        "x-ms-ratelimit-remaining-subscription-reads": [ "11989" ],
        "x-ms-correlation-request-id": [ "af597637-4232-4726-8907-9077d1f64b0c" ],
        "x-ms-routing-request-id": [ "SOUTHCENTRALUS:20221107T050341Z:af597637-4232-4726-8907-9077d1f64b0c" ],
        "Strict-Transport-Security": [ "max-age=31536000; includeSubDomains" ],
        "X-Content-Type-Options": [ "nosniff" ],
        "Date": [ "Mon, 07 Nov 2022 05:03:41 GMT" ]
      },
      "ContentHeaders": {
        "Content-Length": [ "934" ],
        "Content-Type": [ "application/json; charset=utf-8" ],
        "Expires": [ "-1" ]
      },
      "Content": "{\"sku\":{\"name\":\"Premium\",\"tier\":\"Premium\",\"capacity\":1},\"id\":\"/subscriptions/326100e2-f69d-4268-8503-075374f62b6e/resourceGroups/resourceGroupAutorest6ngvcm/providers/Microsoft.EventHub/namespaces/namespaceV4pq1o40\",\"name\":\"namespaceV4pq1o40\",\"type\":\"Microsoft.EventHub/Namespaces\",\"location\":\"East US\",\"tags\":{},\"identity\":{\"principalId\":\"6039e8be-3547-4e7a-8302-675b887fa702\",\"tenantId\":\"72f988bf-86f1-41af-91ab-2d7cd011db47\",\"type\":\"SystemAssigned\"},\"properties\":{\"minimumTlsVersion\":\"1.2\",\"publicNetworkAccess\":\"Enabled\",\"disableLocalAuth\":false,\"zoneRedundant\":true,\"isAutoInflateEnabled\":false,\"maximumThroughputUnits\":0,\"kafkaEnabled\":true,\"provisioningState\":\"ActivatingIdentity\",\"metricId\":\"326100e2-f69d-4268-8503-075374f62b6e:namespacev4pq1o40\",\"createdAt\":\"2022-11-07T05:01:09.953Z\",\"updatedAt\":\"2022-11-07T05:01:09.953Z\",\"serviceBusEndpoint\":\"https://namespaceV4pq1o40.servicebus.windows.net:443/\",\"status\":\"Activating\"}}"
    }
  },
  "New-AzEventHubNamespaceV2+[NoContext]+SetExpanded+$GET+https://management.azure.com/subscriptions/326100e2-f69d-4268-8503-075374f62b6e/resourceGroups/resourceGroupAutorest6ngvcm/providers/Microsoft.EventHub/namespaces/namespaceV4pq1o40?api-version=2022-01-01-preview+15": {
    "Request": {
      "Method": "GET",
      "RequestUri": "https://management.azure.com/subscriptions/326100e2-f69d-4268-8503-075374f62b6e/resourceGroups/resourceGroupAutorest6ngvcm/providers/Microsoft.EventHub/namespaces/namespaceV4pq1o40?api-version=2022-01-01-preview",
      "Content": null,
      "Headers": {
        "Authorization": [ "[Filtered]" ],
        "x-ms-unique-id": [ "18" ],
        "x-ms-client-request-id": [ "6ba250ac-f8d4-4b2c-b32a-1e5e88675273" ],
        "CommandName": [ "Az.EventHub.private\\New-AzEventHubNamespaceV2_CreateExpanded" ],
        "FullCommandName": [ "New-AzEventHubNamespaceV2_CreateExpanded" ],
        "ParameterSetName": [ "__AllParameterSets" ],
        "User-Agent": [ "AzurePowershell/Az4.0.0-preview" ]
      },
      "ContentHeaders": {
      }
    },
    "Response": {
      "StatusCode": 200,
      "Headers": {
        "Cache-Control": [ "no-cache" ],
        "Pragma": [ "no-cache" ],
        "x-ms-request-id": [ "7308a8e9-093c-4335-91c5-d41927895947_M6SN1_M6SN1" ],
        "Server-SB": [ "Service-Bus-Resource-Provider/SN1" ],
        "Server": [ "Service-Bus-Resource-Provider/SN1", "Microsoft-HTTPAPI/2.0" ],
        "x-ms-ratelimit-remaining-subscription-reads": [ "11988" ],
        "x-ms-correlation-request-id": [ "67de9260-e79d-4cec-9e75-db0efdbe5d8b" ],
        "x-ms-routing-request-id": [ "SOUTHCENTRALUS:20221107T050412Z:67de9260-e79d-4cec-9e75-db0efdbe5d8b" ],
        "Strict-Transport-Security": [ "max-age=31536000; includeSubDomains" ],
        "X-Content-Type-Options": [ "nosniff" ],
        "Date": [ "Mon, 07 Nov 2022 05:04:11 GMT" ]
      },
      "ContentHeaders": {
        "Content-Length": [ "934" ],
        "Content-Type": [ "application/json; charset=utf-8" ],
        "Expires": [ "-1" ]
      },
      "Content": "{\"sku\":{\"name\":\"Premium\",\"tier\":\"Premium\",\"capacity\":1},\"id\":\"/subscriptions/326100e2-f69d-4268-8503-075374f62b6e/resourceGroups/resourceGroupAutorest6ngvcm/providers/Microsoft.EventHub/namespaces/namespaceV4pq1o40\",\"name\":\"namespaceV4pq1o40\",\"type\":\"Microsoft.EventHub/Namespaces\",\"location\":\"East US\",\"tags\":{},\"identity\":{\"principalId\":\"6039e8be-3547-4e7a-8302-675b887fa702\",\"tenantId\":\"72f988bf-86f1-41af-91ab-2d7cd011db47\",\"type\":\"SystemAssigned\"},\"properties\":{\"minimumTlsVersion\":\"1.2\",\"publicNetworkAccess\":\"Enabled\",\"disableLocalAuth\":false,\"zoneRedundant\":true,\"isAutoInflateEnabled\":false,\"maximumThroughputUnits\":0,\"kafkaEnabled\":true,\"provisioningState\":\"ActivatingIdentity\",\"metricId\":\"326100e2-f69d-4268-8503-075374f62b6e:namespacev4pq1o40\",\"createdAt\":\"2022-11-07T05:01:09.953Z\",\"updatedAt\":\"2022-11-07T05:01:09.953Z\",\"serviceBusEndpoint\":\"https://namespaceV4pq1o40.servicebus.windows.net:443/\",\"status\":\"Activating\"}}"
    }
  },
  "New-AzEventHubNamespaceV2+[NoContext]+SetExpanded+$GET+https://management.azure.com/subscriptions/326100e2-f69d-4268-8503-075374f62b6e/resourceGroups/resourceGroupAutorest6ngvcm/providers/Microsoft.EventHub/namespaces/namespaceV4pq1o40?api-version=2022-01-01-preview+16": {
    "Request": {
      "Method": "GET",
      "RequestUri": "https://management.azure.com/subscriptions/326100e2-f69d-4268-8503-075374f62b6e/resourceGroups/resourceGroupAutorest6ngvcm/providers/Microsoft.EventHub/namespaces/namespaceV4pq1o40?api-version=2022-01-01-preview",
      "Content": null,
      "Headers": {
        "Authorization": [ "[Filtered]" ],
        "x-ms-unique-id": [ "19" ],
        "x-ms-client-request-id": [ "6ba250ac-f8d4-4b2c-b32a-1e5e88675273" ],
        "CommandName": [ "Az.EventHub.private\\New-AzEventHubNamespaceV2_CreateExpanded" ],
        "FullCommandName": [ "New-AzEventHubNamespaceV2_CreateExpanded" ],
        "ParameterSetName": [ "__AllParameterSets" ],
        "User-Agent": [ "AzurePowershell/Az4.0.0-preview" ]
      },
      "ContentHeaders": {
      }
    },
    "Response": {
      "StatusCode": 200,
      "Headers": {
        "Cache-Control": [ "no-cache" ],
        "Pragma": [ "no-cache" ],
        "x-ms-request-id": [ "4553a279-40f3-4317-bfb7-726517adc118_M4SN1_M4SN1" ],
        "Server-SB": [ "Service-Bus-Resource-Provider/SN1" ],
        "x-ms-ratelimit-remaining-subscription-reads": [ "11987" ],
        "Server": [ "Service-Bus-Resource-Provider/SN1", "Microsoft-HTTPAPI/2.0" ],
        "x-ms-correlation-request-id": [ "855c0d31-7e37-42c9-82e1-5e9251abcb75" ],
        "x-ms-routing-request-id": [ "SOUTHCENTRALUS:20221107T050442Z:855c0d31-7e37-42c9-82e1-5e9251abcb75" ],
        "Strict-Transport-Security": [ "max-age=31536000; includeSubDomains" ],
        "X-Content-Type-Options": [ "nosniff" ],
        "Date": [ "Mon, 07 Nov 2022 05:04:41 GMT" ]
      },
      "ContentHeaders": {
        "Content-Length": [ "934" ],
        "Content-Type": [ "application/json; charset=utf-8" ],
        "Expires": [ "-1" ]
      },
      "Content": "{\"sku\":{\"name\":\"Premium\",\"tier\":\"Premium\",\"capacity\":1},\"id\":\"/subscriptions/326100e2-f69d-4268-8503-075374f62b6e/resourceGroups/resourceGroupAutorest6ngvcm/providers/Microsoft.EventHub/namespaces/namespaceV4pq1o40\",\"name\":\"namespaceV4pq1o40\",\"type\":\"Microsoft.EventHub/Namespaces\",\"location\":\"East US\",\"tags\":{},\"identity\":{\"principalId\":\"6039e8be-3547-4e7a-8302-675b887fa702\",\"tenantId\":\"72f988bf-86f1-41af-91ab-2d7cd011db47\",\"type\":\"SystemAssigned\"},\"properties\":{\"minimumTlsVersion\":\"1.2\",\"publicNetworkAccess\":\"Enabled\",\"disableLocalAuth\":false,\"zoneRedundant\":true,\"isAutoInflateEnabled\":false,\"maximumThroughputUnits\":0,\"kafkaEnabled\":true,\"provisioningState\":\"ActivatingIdentity\",\"metricId\":\"326100e2-f69d-4268-8503-075374f62b6e:namespacev4pq1o40\",\"createdAt\":\"2022-11-07T05:01:09.953Z\",\"updatedAt\":\"2022-11-07T05:01:09.953Z\",\"serviceBusEndpoint\":\"https://namespaceV4pq1o40.servicebus.windows.net:443/\",\"status\":\"Activating\"}}"
    }
  },
  "New-AzEventHubNamespaceV2+[NoContext]+SetExpanded+$GET+https://management.azure.com/subscriptions/326100e2-f69d-4268-8503-075374f62b6e/resourceGroups/resourceGroupAutorest6ngvcm/providers/Microsoft.EventHub/namespaces/namespaceV4pq1o40?api-version=2022-01-01-preview+17": {
    "Request": {
      "Method": "GET",
      "RequestUri": "https://management.azure.com/subscriptions/326100e2-f69d-4268-8503-075374f62b6e/resourceGroups/resourceGroupAutorest6ngvcm/providers/Microsoft.EventHub/namespaces/namespaceV4pq1o40?api-version=2022-01-01-preview",
      "Content": null,
      "Headers": {
        "Authorization": [ "[Filtered]" ],
        "x-ms-unique-id": [ "20" ],
        "x-ms-client-request-id": [ "6ba250ac-f8d4-4b2c-b32a-1e5e88675273" ],
        "CommandName": [ "Az.EventHub.private\\New-AzEventHubNamespaceV2_CreateExpanded" ],
        "FullCommandName": [ "New-AzEventHubNamespaceV2_CreateExpanded" ],
        "ParameterSetName": [ "__AllParameterSets" ],
        "User-Agent": [ "AzurePowershell/Az4.0.0-preview" ]
      },
      "ContentHeaders": {
      }
    },
    "Response": {
      "StatusCode": 200,
      "Headers": {
        "Cache-Control": [ "no-cache" ],
        "Pragma": [ "no-cache" ],
        "x-ms-request-id": [ "6d0441b1-169d-486b-9bde-ae1a840ff222_M6SN1_M6SN1" ],
        "Server-SB": [ "Service-Bus-Resource-Provider/SN1" ],
        "Server": [ "Service-Bus-Resource-Provider/SN1", "Microsoft-HTTPAPI/2.0" ],
        "x-ms-ratelimit-remaining-subscription-reads": [ "11986" ],
        "x-ms-correlation-request-id": [ "c9e8a404-7126-4c62-8a47-904db19e39ab" ],
        "x-ms-routing-request-id": [ "SOUTHCENTRALUS:20221107T050512Z:c9e8a404-7126-4c62-8a47-904db19e39ab" ],
        "Strict-Transport-Security": [ "max-age=31536000; includeSubDomains" ],
        "X-Content-Type-Options": [ "nosniff" ],
        "Date": [ "Mon, 07 Nov 2022 05:05:12 GMT" ]
      },
      "ContentHeaders": {
        "Content-Length": [ "930" ],
        "Content-Type": [ "application/json; charset=utf-8" ],
        "Expires": [ "-1" ]
      },
      "Content": "{\"sku\":{\"name\":\"Premium\",\"tier\":\"Premium\",\"capacity\":1},\"id\":\"/subscriptions/326100e2-f69d-4268-8503-075374f62b6e/resourceGroups/resourceGroupAutorest6ngvcm/providers/Microsoft.EventHub/namespaces/namespaceV4pq1o40\",\"name\":\"namespaceV4pq1o40\",\"type\":\"Microsoft.EventHub/Namespaces\",\"location\":\"East US\",\"tags\":{},\"identity\":{\"principalId\":\"6039e8be-3547-4e7a-8302-675b887fa702\",\"tenantId\":\"72f988bf-86f1-41af-91ab-2d7cd011db47\",\"type\":\"SystemAssigned\"},\"properties\":{\"minimumTlsVersion\":\"1.2\",\"publicNetworkAccess\":\"Enabled\",\"disableLocalAuth\":false,\"zoneRedundant\":true,\"isAutoInflateEnabled\":false,\"maximumThroughputUnits\":0,\"kafkaEnabled\":true,\"provisioningState\":\"ActivatingIdentity\",\"metricId\":\"326100e2-f69d-4268-8503-075374f62b6e:namespacev4pq1o40\",\"createdAt\":\"2022-11-07T05:01:09.953Z\",\"updatedAt\":\"2022-11-07T05:05:04.123Z\",\"serviceBusEndpoint\":\"https://namespaceV4pq1o40.servicebus.windows.net:443/\",\"status\":\"Active\"}}"
    }
  },
  "New-AzEventHubNamespaceV2+[NoContext]+SetExpanded+$GET+https://management.azure.com/subscriptions/326100e2-f69d-4268-8503-075374f62b6e/resourceGroups/resourceGroupAutorest6ngvcm/providers/Microsoft.EventHub/namespaces/namespaceV4pq1o40?api-version=2022-01-01-preview+18": {
    "Request": {
      "Method": "GET",
      "RequestUri": "https://management.azure.com/subscriptions/326100e2-f69d-4268-8503-075374f62b6e/resourceGroups/resourceGroupAutorest6ngvcm/providers/Microsoft.EventHub/namespaces/namespaceV4pq1o40?api-version=2022-01-01-preview",
      "Content": null,
      "Headers": {
        "Authorization": [ "[Filtered]" ],
        "x-ms-unique-id": [ "21" ],
        "x-ms-client-request-id": [ "6ba250ac-f8d4-4b2c-b32a-1e5e88675273" ],
        "CommandName": [ "Az.EventHub.private\\New-AzEventHubNamespaceV2_CreateExpanded" ],
        "FullCommandName": [ "New-AzEventHubNamespaceV2_CreateExpanded" ],
        "ParameterSetName": [ "__AllParameterSets" ],
        "User-Agent": [ "AzurePowershell/Az4.0.0-preview" ]
      },
      "ContentHeaders": {
      }
    },
    "Response": {
      "StatusCode": 200,
      "Headers": {
        "Cache-Control": [ "no-cache" ],
        "Pragma": [ "no-cache" ],
        "x-ms-request-id": [ "c20797b3-c4bc-43b4-84fd-57e3e0941aab_M6SN1_M6SN1" ],
        "Server-SB": [ "Service-Bus-Resource-Provider/SN1" ],
        "Server": [ "Service-Bus-Resource-Provider/SN1", "Microsoft-HTTPAPI/2.0" ],
        "x-ms-ratelimit-remaining-subscription-reads": [ "11985" ],
        "x-ms-correlation-request-id": [ "8fe94300-ec0e-45dc-b906-01463787dd53" ],
        "x-ms-routing-request-id": [ "SOUTHCENTRALUS:20221107T050543Z:8fe94300-ec0e-45dc-b906-01463787dd53" ],
        "Strict-Transport-Security": [ "max-age=31536000; includeSubDomains" ],
        "X-Content-Type-Options": [ "nosniff" ],
        "Date": [ "Mon, 07 Nov 2022 05:05:42 GMT" ]
      },
      "ContentHeaders": {
        "Content-Length": [ "930" ],
        "Content-Type": [ "application/json; charset=utf-8" ],
        "Expires": [ "-1" ]
      },
      "Content": "{\"sku\":{\"name\":\"Premium\",\"tier\":\"Premium\",\"capacity\":1},\"id\":\"/subscriptions/326100e2-f69d-4268-8503-075374f62b6e/resourceGroups/resourceGroupAutorest6ngvcm/providers/Microsoft.EventHub/namespaces/namespaceV4pq1o40\",\"name\":\"namespaceV4pq1o40\",\"type\":\"Microsoft.EventHub/Namespaces\",\"location\":\"East US\",\"tags\":{},\"identity\":{\"principalId\":\"6039e8be-3547-4e7a-8302-675b887fa702\",\"tenantId\":\"72f988bf-86f1-41af-91ab-2d7cd011db47\",\"type\":\"SystemAssigned\"},\"properties\":{\"minimumTlsVersion\":\"1.2\",\"publicNetworkAccess\":\"Enabled\",\"disableLocalAuth\":false,\"zoneRedundant\":true,\"isAutoInflateEnabled\":false,\"maximumThroughputUnits\":0,\"kafkaEnabled\":true,\"provisioningState\":\"ActivatingIdentity\",\"metricId\":\"326100e2-f69d-4268-8503-075374f62b6e:namespacev4pq1o40\",\"createdAt\":\"2022-11-07T05:01:09.953Z\",\"updatedAt\":\"2022-11-07T05:05:04.123Z\",\"serviceBusEndpoint\":\"https://namespaceV4pq1o40.servicebus.windows.net:443/\",\"status\":\"Active\"}}"
    }
  },
  "New-AzEventHubNamespaceV2+[NoContext]+SetExpanded+$GET+https://management.azure.com/subscriptions/326100e2-f69d-4268-8503-075374f62b6e/resourceGroups/resourceGroupAutorest6ngvcm/providers/Microsoft.EventHub/namespaces/namespaceV4pq1o40?api-version=2022-01-01-preview+19": {
    "Request": {
      "Method": "GET",
      "RequestUri": "https://management.azure.com/subscriptions/326100e2-f69d-4268-8503-075374f62b6e/resourceGroups/resourceGroupAutorest6ngvcm/providers/Microsoft.EventHub/namespaces/namespaceV4pq1o40?api-version=2022-01-01-preview",
      "Content": null,
      "Headers": {
        "Authorization": [ "[Filtered]" ],
        "x-ms-unique-id": [ "22" ],
        "x-ms-client-request-id": [ "6ba250ac-f8d4-4b2c-b32a-1e5e88675273" ],
        "CommandName": [ "Az.EventHub.private\\New-AzEventHubNamespaceV2_CreateExpanded" ],
        "FullCommandName": [ "New-AzEventHubNamespaceV2_CreateExpanded" ],
        "ParameterSetName": [ "__AllParameterSets" ],
        "User-Agent": [ "AzurePowershell/Az4.0.0-preview" ]
      },
      "ContentHeaders": {
      }
    },
    "Response": {
      "StatusCode": 200,
      "Headers": {
        "Cache-Control": [ "no-cache" ],
        "Pragma": [ "no-cache" ],
        "x-ms-request-id": [ "283a4ddf-49db-4544-b0d1-ba1d6408338f_M6SN1_M6SN1" ],
        "Server-SB": [ "Service-Bus-Resource-Provider/SN1" ],
        "Server": [ "Service-Bus-Resource-Provider/SN1", "Microsoft-HTTPAPI/2.0" ],
        "x-ms-ratelimit-remaining-subscription-reads": [ "11984" ],
        "x-ms-correlation-request-id": [ "9617c7ce-028b-47d5-add2-a317c182989e" ],
        "x-ms-routing-request-id": [ "SOUTHCENTRALUS:20221107T050613Z:9617c7ce-028b-47d5-add2-a317c182989e" ],
        "Strict-Transport-Security": [ "max-age=31536000; includeSubDomains" ],
        "X-Content-Type-Options": [ "nosniff" ],
        "Date": [ "Mon, 07 Nov 2022 05:06:13 GMT" ]
      },
      "ContentHeaders": {
        "Content-Length": [ "930" ],
        "Content-Type": [ "application/json; charset=utf-8" ],
        "Expires": [ "-1" ]
      },
      "Content": "{\"sku\":{\"name\":\"Premium\",\"tier\":\"Premium\",\"capacity\":1},\"id\":\"/subscriptions/326100e2-f69d-4268-8503-075374f62b6e/resourceGroups/resourceGroupAutorest6ngvcm/providers/Microsoft.EventHub/namespaces/namespaceV4pq1o40\",\"name\":\"namespaceV4pq1o40\",\"type\":\"Microsoft.EventHub/Namespaces\",\"location\":\"East US\",\"tags\":{},\"identity\":{\"principalId\":\"6039e8be-3547-4e7a-8302-675b887fa702\",\"tenantId\":\"72f988bf-86f1-41af-91ab-2d7cd011db47\",\"type\":\"SystemAssigned\"},\"properties\":{\"minimumTlsVersion\":\"1.2\",\"publicNetworkAccess\":\"Enabled\",\"disableLocalAuth\":false,\"zoneRedundant\":true,\"isAutoInflateEnabled\":false,\"maximumThroughputUnits\":0,\"kafkaEnabled\":true,\"provisioningState\":\"ActivatingIdentity\",\"metricId\":\"326100e2-f69d-4268-8503-075374f62b6e:namespacev4pq1o40\",\"createdAt\":\"2022-11-07T05:01:09.953Z\",\"updatedAt\":\"2022-11-07T05:05:04.123Z\",\"serviceBusEndpoint\":\"https://namespaceV4pq1o40.servicebus.windows.net:443/\",\"status\":\"Active\"}}"
    }
  },
  "New-AzEventHubNamespaceV2+[NoContext]+SetExpanded+$GET+https://management.azure.com/subscriptions/326100e2-f69d-4268-8503-075374f62b6e/resourceGroups/resourceGroupAutorest6ngvcm/providers/Microsoft.EventHub/namespaces/namespaceV4pq1o40?api-version=2022-01-01-preview+20": {
    "Request": {
      "Method": "GET",
      "RequestUri": "https://management.azure.com/subscriptions/326100e2-f69d-4268-8503-075374f62b6e/resourceGroups/resourceGroupAutorest6ngvcm/providers/Microsoft.EventHub/namespaces/namespaceV4pq1o40?api-version=2022-01-01-preview",
      "Content": null,
      "Headers": {
        "Authorization": [ "[Filtered]" ],
        "x-ms-unique-id": [ "23" ],
        "x-ms-client-request-id": [ "6ba250ac-f8d4-4b2c-b32a-1e5e88675273" ],
        "CommandName": [ "Az.EventHub.private\\New-AzEventHubNamespaceV2_CreateExpanded" ],
        "FullCommandName": [ "New-AzEventHubNamespaceV2_CreateExpanded" ],
        "ParameterSetName": [ "__AllParameterSets" ],
        "User-Agent": [ "AzurePowershell/Az4.0.0-preview" ]
      },
      "ContentHeaders": {
      }
    },
    "Response": {
      "StatusCode": 200,
      "Headers": {
        "Cache-Control": [ "no-cache" ],
        "Pragma": [ "no-cache" ],
        "x-ms-request-id": [ "9a26df58-8c45-4a04-9d24-6dd4df0ef2e7_M6SN1_M6SN1" ],
        "Server-SB": [ "Service-Bus-Resource-Provider/SN1" ],
        "Server": [ "Service-Bus-Resource-Provider/SN1", "Microsoft-HTTPAPI/2.0" ],
        "x-ms-ratelimit-remaining-subscription-reads": [ "11983" ],
        "x-ms-correlation-request-id": [ "3cb85eef-7ab3-4107-ae0d-6c2ef3d8ee96" ],
        "x-ms-routing-request-id": [ "SOUTHCENTRALUS:20221107T050643Z:3cb85eef-7ab3-4107-ae0d-6c2ef3d8ee96" ],
        "Strict-Transport-Security": [ "max-age=31536000; includeSubDomains" ],
        "X-Content-Type-Options": [ "nosniff" ],
        "Date": [ "Mon, 07 Nov 2022 05:06:42 GMT" ]
      },
      "ContentHeaders": {
        "Content-Length": [ "930" ],
        "Content-Type": [ "application/json; charset=utf-8" ],
        "Expires": [ "-1" ]
      },
      "Content": "{\"sku\":{\"name\":\"Premium\",\"tier\":\"Premium\",\"capacity\":1},\"id\":\"/subscriptions/326100e2-f69d-4268-8503-075374f62b6e/resourceGroups/resourceGroupAutorest6ngvcm/providers/Microsoft.EventHub/namespaces/namespaceV4pq1o40\",\"name\":\"namespaceV4pq1o40\",\"type\":\"Microsoft.EventHub/Namespaces\",\"location\":\"East US\",\"tags\":{},\"identity\":{\"principalId\":\"6039e8be-3547-4e7a-8302-675b887fa702\",\"tenantId\":\"72f988bf-86f1-41af-91ab-2d7cd011db47\",\"type\":\"SystemAssigned\"},\"properties\":{\"minimumTlsVersion\":\"1.2\",\"publicNetworkAccess\":\"Enabled\",\"disableLocalAuth\":false,\"zoneRedundant\":true,\"isAutoInflateEnabled\":false,\"maximumThroughputUnits\":0,\"kafkaEnabled\":true,\"provisioningState\":\"ActivatingIdentity\",\"metricId\":\"326100e2-f69d-4268-8503-075374f62b6e:namespacev4pq1o40\",\"createdAt\":\"2022-11-07T05:01:09.953Z\",\"updatedAt\":\"2022-11-07T05:05:04.123Z\",\"serviceBusEndpoint\":\"https://namespaceV4pq1o40.servicebus.windows.net:443/\",\"status\":\"Active\"}}"
    }
  },
  "New-AzEventHubNamespaceV2+[NoContext]+SetExpanded+$GET+https://management.azure.com/subscriptions/326100e2-f69d-4268-8503-075374f62b6e/resourceGroups/resourceGroupAutorest6ngvcm/providers/Microsoft.EventHub/namespaces/namespaceV4pq1o40?api-version=2022-01-01-preview+21": {
    "Request": {
      "Method": "GET",
      "RequestUri": "https://management.azure.com/subscriptions/326100e2-f69d-4268-8503-075374f62b6e/resourceGroups/resourceGroupAutorest6ngvcm/providers/Microsoft.EventHub/namespaces/namespaceV4pq1o40?api-version=2022-01-01-preview",
      "Content": null,
      "Headers": {
        "Authorization": [ "[Filtered]" ],
        "x-ms-unique-id": [ "24" ],
        "x-ms-client-request-id": [ "6ba250ac-f8d4-4b2c-b32a-1e5e88675273" ],
        "CommandName": [ "Az.EventHub.private\\New-AzEventHubNamespaceV2_CreateExpanded" ],
        "FullCommandName": [ "New-AzEventHubNamespaceV2_CreateExpanded" ],
        "ParameterSetName": [ "__AllParameterSets" ],
        "User-Agent": [ "AzurePowershell/Az4.0.0-preview" ]
      },
      "ContentHeaders": {
      }
    },
    "Response": {
      "StatusCode": 200,
      "Headers": {
        "Cache-Control": [ "no-cache" ],
        "Pragma": [ "no-cache" ],
        "x-ms-request-id": [ "19cc56b2-6179-4eb2-9eda-a23fa18ac5f7_M6SN1_M6SN1" ],
        "Server-SB": [ "Service-Bus-Resource-Provider/SN1" ],
        "Server": [ "Service-Bus-Resource-Provider/SN1", "Microsoft-HTTPAPI/2.0" ],
        "x-ms-ratelimit-remaining-subscription-reads": [ "11982" ],
        "x-ms-correlation-request-id": [ "31dd16f5-1584-4c90-bcc8-8e10f7634747" ],
        "x-ms-routing-request-id": [ "SOUTHCENTRALUS:20221107T050713Z:31dd16f5-1584-4c90-bcc8-8e10f7634747" ],
        "Strict-Transport-Security": [ "max-age=31536000; includeSubDomains" ],
        "X-Content-Type-Options": [ "nosniff" ],
        "Date": [ "Mon, 07 Nov 2022 05:07:13 GMT" ]
      },
      "ContentHeaders": {
        "Content-Length": [ "930" ],
        "Content-Type": [ "application/json; charset=utf-8" ],
        "Expires": [ "-1" ]
      },
      "Content": "{\"sku\":{\"name\":\"Premium\",\"tier\":\"Premium\",\"capacity\":1},\"id\":\"/subscriptions/326100e2-f69d-4268-8503-075374f62b6e/resourceGroups/resourceGroupAutorest6ngvcm/providers/Microsoft.EventHub/namespaces/namespaceV4pq1o40\",\"name\":\"namespaceV4pq1o40\",\"type\":\"Microsoft.EventHub/Namespaces\",\"location\":\"East US\",\"tags\":{},\"identity\":{\"principalId\":\"6039e8be-3547-4e7a-8302-675b887fa702\",\"tenantId\":\"72f988bf-86f1-41af-91ab-2d7cd011db47\",\"type\":\"SystemAssigned\"},\"properties\":{\"minimumTlsVersion\":\"1.2\",\"publicNetworkAccess\":\"Enabled\",\"disableLocalAuth\":false,\"zoneRedundant\":true,\"isAutoInflateEnabled\":false,\"maximumThroughputUnits\":0,\"kafkaEnabled\":true,\"provisioningState\":\"ActivatingIdentity\",\"metricId\":\"326100e2-f69d-4268-8503-075374f62b6e:namespacev4pq1o40\",\"createdAt\":\"2022-11-07T05:01:09.953Z\",\"updatedAt\":\"2022-11-07T05:05:04.123Z\",\"serviceBusEndpoint\":\"https://namespaceV4pq1o40.servicebus.windows.net:443/\",\"status\":\"Active\"}}"
    }
  },
  "New-AzEventHubNamespaceV2+[NoContext]+SetExpanded+$GET+https://management.azure.com/subscriptions/326100e2-f69d-4268-8503-075374f62b6e/resourceGroups/resourceGroupAutorest6ngvcm/providers/Microsoft.EventHub/namespaces/namespaceV4pq1o40?api-version=2022-01-01-preview+22": {
    "Request": {
      "Method": "GET",
      "RequestUri": "https://management.azure.com/subscriptions/326100e2-f69d-4268-8503-075374f62b6e/resourceGroups/resourceGroupAutorest6ngvcm/providers/Microsoft.EventHub/namespaces/namespaceV4pq1o40?api-version=2022-01-01-preview",
      "Content": null,
      "Headers": {
        "Authorization": [ "[Filtered]" ],
        "x-ms-unique-id": [ "25" ],
        "x-ms-client-request-id": [ "6ba250ac-f8d4-4b2c-b32a-1e5e88675273" ],
        "CommandName": [ "Az.EventHub.private\\New-AzEventHubNamespaceV2_CreateExpanded" ],
        "FullCommandName": [ "New-AzEventHubNamespaceV2_CreateExpanded" ],
        "ParameterSetName": [ "__AllParameterSets" ],
        "User-Agent": [ "AzurePowershell/Az4.0.0-preview" ]
      },
      "ContentHeaders": {
      }
    },
    "Response": {
      "StatusCode": 200,
      "Headers": {
        "Cache-Control": [ "no-cache" ],
        "Pragma": [ "no-cache" ],
        "x-ms-request-id": [ "613fa90e-85cb-46ed-950b-7d8e9e6dabc2_M6SN1_M6SN1" ],
        "Server-SB": [ "Service-Bus-Resource-Provider/SN1" ],
        "Server": [ "Service-Bus-Resource-Provider/SN1", "Microsoft-HTTPAPI/2.0" ],
        "x-ms-ratelimit-remaining-subscription-reads": [ "11981" ],
        "x-ms-correlation-request-id": [ "9ce939d2-904e-4c0b-a074-d1e6405c0a51" ],
        "x-ms-routing-request-id": [ "SOUTHCENTRALUS:20221107T050743Z:9ce939d2-904e-4c0b-a074-d1e6405c0a51" ],
        "Strict-Transport-Security": [ "max-age=31536000; includeSubDomains" ],
        "X-Content-Type-Options": [ "nosniff" ],
        "Date": [ "Mon, 07 Nov 2022 05:07:43 GMT" ]
      },
      "ContentHeaders": {
        "Content-Length": [ "930" ],
        "Content-Type": [ "application/json; charset=utf-8" ],
        "Expires": [ "-1" ]
      },
      "Content": "{\"sku\":{\"name\":\"Premium\",\"tier\":\"Premium\",\"capacity\":1},\"id\":\"/subscriptions/326100e2-f69d-4268-8503-075374f62b6e/resourceGroups/resourceGroupAutorest6ngvcm/providers/Microsoft.EventHub/namespaces/namespaceV4pq1o40\",\"name\":\"namespaceV4pq1o40\",\"type\":\"Microsoft.EventHub/Namespaces\",\"location\":\"East US\",\"tags\":{},\"identity\":{\"principalId\":\"6039e8be-3547-4e7a-8302-675b887fa702\",\"tenantId\":\"72f988bf-86f1-41af-91ab-2d7cd011db47\",\"type\":\"SystemAssigned\"},\"properties\":{\"minimumTlsVersion\":\"1.2\",\"publicNetworkAccess\":\"Enabled\",\"disableLocalAuth\":false,\"zoneRedundant\":true,\"isAutoInflateEnabled\":false,\"maximumThroughputUnits\":0,\"kafkaEnabled\":true,\"provisioningState\":\"ActivatingIdentity\",\"metricId\":\"326100e2-f69d-4268-8503-075374f62b6e:namespacev4pq1o40\",\"createdAt\":\"2022-11-07T05:01:09.953Z\",\"updatedAt\":\"2022-11-07T05:05:04.123Z\",\"serviceBusEndpoint\":\"https://namespaceV4pq1o40.servicebus.windows.net:443/\",\"status\":\"Active\"}}"
    }
  },
  "New-AzEventHubNamespaceV2+[NoContext]+SetExpanded+$GET+https://management.azure.com/subscriptions/326100e2-f69d-4268-8503-075374f62b6e/resourceGroups/resourceGroupAutorest6ngvcm/providers/Microsoft.EventHub/namespaces/namespaceV4pq1o40?api-version=2022-01-01-preview+23": {
    "Request": {
      "Method": "GET",
      "RequestUri": "https://management.azure.com/subscriptions/326100e2-f69d-4268-8503-075374f62b6e/resourceGroups/resourceGroupAutorest6ngvcm/providers/Microsoft.EventHub/namespaces/namespaceV4pq1o40?api-version=2022-01-01-preview",
      "Content": null,
      "Headers": {
        "Authorization": [ "[Filtered]" ],
        "x-ms-unique-id": [ "26" ],
        "x-ms-client-request-id": [ "6ba250ac-f8d4-4b2c-b32a-1e5e88675273" ],
        "CommandName": [ "Az.EventHub.private\\New-AzEventHubNamespaceV2_CreateExpanded" ],
        "FullCommandName": [ "New-AzEventHubNamespaceV2_CreateExpanded" ],
        "ParameterSetName": [ "__AllParameterSets" ],
        "User-Agent": [ "AzurePowershell/Az4.0.0-preview" ]
      },
      "ContentHeaders": {
      }
    },
    "Response": {
      "StatusCode": 200,
      "Headers": {
        "Cache-Control": [ "no-cache" ],
        "Pragma": [ "no-cache" ],
        "x-ms-request-id": [ "7003afda-d4c5-4735-9e69-8f3a98e8b218_M6SN1_M6SN1" ],
        "Server-SB": [ "Service-Bus-Resource-Provider/SN1" ],
        "Server": [ "Service-Bus-Resource-Provider/SN1", "Microsoft-HTTPAPI/2.0" ],
        "x-ms-ratelimit-remaining-subscription-reads": [ "11980" ],
        "x-ms-correlation-request-id": [ "6d7e4644-1b1b-439a-94d3-cb08327d08fc" ],
        "x-ms-routing-request-id": [ "SOUTHCENTRALUS:20221107T050814Z:6d7e4644-1b1b-439a-94d3-cb08327d08fc" ],
        "Strict-Transport-Security": [ "max-age=31536000; includeSubDomains" ],
        "X-Content-Type-Options": [ "nosniff" ],
        "Date": [ "Mon, 07 Nov 2022 05:08:14 GMT" ]
      },
      "ContentHeaders": {
        "Content-Length": [ "930" ],
        "Content-Type": [ "application/json; charset=utf-8" ],
        "Expires": [ "-1" ]
      },
      "Content": "{\"sku\":{\"name\":\"Premium\",\"tier\":\"Premium\",\"capacity\":1},\"id\":\"/subscriptions/326100e2-f69d-4268-8503-075374f62b6e/resourceGroups/resourceGroupAutorest6ngvcm/providers/Microsoft.EventHub/namespaces/namespaceV4pq1o40\",\"name\":\"namespaceV4pq1o40\",\"type\":\"Microsoft.EventHub/Namespaces\",\"location\":\"East US\",\"tags\":{},\"identity\":{\"principalId\":\"6039e8be-3547-4e7a-8302-675b887fa702\",\"tenantId\":\"72f988bf-86f1-41af-91ab-2d7cd011db47\",\"type\":\"SystemAssigned\"},\"properties\":{\"minimumTlsVersion\":\"1.2\",\"publicNetworkAccess\":\"Enabled\",\"disableLocalAuth\":false,\"zoneRedundant\":true,\"isAutoInflateEnabled\":false,\"maximumThroughputUnits\":0,\"kafkaEnabled\":true,\"provisioningState\":\"ActivatingIdentity\",\"metricId\":\"326100e2-f69d-4268-8503-075374f62b6e:namespacev4pq1o40\",\"createdAt\":\"2022-11-07T05:01:09.953Z\",\"updatedAt\":\"2022-11-07T05:05:04.123Z\",\"serviceBusEndpoint\":\"https://namespaceV4pq1o40.servicebus.windows.net:443/\",\"status\":\"Active\"}}"
    }
  },
  "New-AzEventHubNamespaceV2+[NoContext]+SetExpanded+$GET+https://management.azure.com/subscriptions/326100e2-f69d-4268-8503-075374f62b6e/resourceGroups/resourceGroupAutorest6ngvcm/providers/Microsoft.EventHub/namespaces/namespaceV4pq1o40?api-version=2022-01-01-preview+24": {
    "Request": {
      "Method": "GET",
      "RequestUri": "https://management.azure.com/subscriptions/326100e2-f69d-4268-8503-075374f62b6e/resourceGroups/resourceGroupAutorest6ngvcm/providers/Microsoft.EventHub/namespaces/namespaceV4pq1o40?api-version=2022-01-01-preview",
      "Content": null,
      "Headers": {
        "Authorization": [ "[Filtered]" ],
        "x-ms-unique-id": [ "27" ],
        "x-ms-client-request-id": [ "6ba250ac-f8d4-4b2c-b32a-1e5e88675273" ],
        "CommandName": [ "Az.EventHub.private\\New-AzEventHubNamespaceV2_CreateExpanded" ],
        "FullCommandName": [ "New-AzEventHubNamespaceV2_CreateExpanded" ],
        "ParameterSetName": [ "__AllParameterSets" ],
        "User-Agent": [ "AzurePowershell/Az4.0.0-preview" ]
      },
      "ContentHeaders": {
      }
    },
    "Response": {
      "StatusCode": 200,
      "Headers": {
        "Cache-Control": [ "no-cache" ],
        "Pragma": [ "no-cache" ],
        "x-ms-request-id": [ "bd508d3c-4930-42d1-b048-7fa7b6f4d61e_M6SN1_M6SN1" ],
        "Server-SB": [ "Service-Bus-Resource-Provider/SN1" ],
        "Server": [ "Service-Bus-Resource-Provider/SN1", "Microsoft-HTTPAPI/2.0" ],
        "x-ms-ratelimit-remaining-subscription-reads": [ "11979" ],
        "x-ms-correlation-request-id": [ "7b269649-abc2-41b2-92f2-2e1d4cf12ade" ],
        "x-ms-routing-request-id": [ "SOUTHCENTRALUS:20221107T050844Z:7b269649-abc2-41b2-92f2-2e1d4cf12ade" ],
        "Strict-Transport-Security": [ "max-age=31536000; includeSubDomains" ],
        "X-Content-Type-Options": [ "nosniff" ],
        "Date": [ "Mon, 07 Nov 2022 05:08:44 GMT" ]
      },
      "ContentHeaders": {
        "Content-Length": [ "921" ],
        "Content-Type": [ "application/json; charset=utf-8" ],
        "Expires": [ "-1" ]
      },
      "Content": "{\"sku\":{\"name\":\"Premium\",\"tier\":\"Premium\",\"capacity\":1},\"id\":\"/subscriptions/326100e2-f69d-4268-8503-075374f62b6e/resourceGroups/resourceGroupAutorest6ngvcm/providers/Microsoft.EventHub/namespaces/namespaceV4pq1o40\",\"name\":\"namespaceV4pq1o40\",\"type\":\"Microsoft.EventHub/Namespaces\",\"location\":\"East US\",\"tags\":{},\"identity\":{\"principalId\":\"6039e8be-3547-4e7a-8302-675b887fa702\",\"tenantId\":\"72f988bf-86f1-41af-91ab-2d7cd011db47\",\"type\":\"SystemAssigned\"},\"properties\":{\"minimumTlsVersion\":\"1.2\",\"publicNetworkAccess\":\"Enabled\",\"disableLocalAuth\":false,\"zoneRedundant\":true,\"isAutoInflateEnabled\":false,\"maximumThroughputUnits\":0,\"kafkaEnabled\":true,\"provisioningState\":\"Succeeded\",\"metricId\":\"326100e2-f69d-4268-8503-075374f62b6e:namespacev4pq1o40\",\"createdAt\":\"2022-11-07T05:01:09.953Z\",\"updatedAt\":\"2022-11-07T05:08:18.577Z\",\"serviceBusEndpoint\":\"https://namespaceV4pq1o40.servicebus.windows.net:443/\",\"status\":\"Active\"}}"
    }
  },
  "New-AzEventHubNamespaceV2+[NoContext]+SetExpanded+$GET+https://management.azure.com/subscriptions/326100e2-f69d-4268-8503-075374f62b6e/resourceGroups/resourceGroupAutorest6ngvcm/providers/Microsoft.EventHub/namespaces/namespaceV4pq1o40?api-version=2022-01-01-preview+25": {
    "Request": {
      "Method": "GET",
      "RequestUri": "https://management.azure.com/subscriptions/326100e2-f69d-4268-8503-075374f62b6e/resourceGroups/resourceGroupAutorest6ngvcm/providers/Microsoft.EventHub/namespaces/namespaceV4pq1o40?api-version=2022-01-01-preview",
      "Content": null,
      "Headers": {
        "Authorization": [ "[Filtered]" ],
        "x-ms-unique-id": [ "28" ],
        "x-ms-client-request-id": [ "6ba250ac-f8d4-4b2c-b32a-1e5e88675273" ],
        "CommandName": [ "Az.EventHub.private\\New-AzEventHubNamespaceV2_CreateExpanded" ],
        "FullCommandName": [ "New-AzEventHubNamespaceV2_CreateExpanded" ],
        "ParameterSetName": [ "__AllParameterSets" ],
        "User-Agent": [ "AzurePowershell/Az4.0.0-preview" ]
      },
      "ContentHeaders": {
      }
    },
    "Response": {
      "StatusCode": 200,
      "Headers": {
        "Cache-Control": [ "no-cache" ],
        "Pragma": [ "no-cache" ],
        "x-ms-request-id": [ "21bc460a-e13e-49c4-b614-aeedaec53bdb_M6SN1_M6SN1" ],
        "Server-SB": [ "Service-Bus-Resource-Provider/SN1" ],
        "Server": [ "Service-Bus-Resource-Provider/SN1", "Microsoft-HTTPAPI/2.0" ],
        "x-ms-ratelimit-remaining-subscription-reads": [ "11978" ],
        "x-ms-correlation-request-id": [ "ad7373a7-e79f-421b-a1b6-7b1001bd0f95" ],
        "x-ms-routing-request-id": [ "SOUTHCENTRALUS:20221107T050844Z:ad7373a7-e79f-421b-a1b6-7b1001bd0f95" ],
        "Strict-Transport-Security": [ "max-age=31536000; includeSubDomains" ],
        "X-Content-Type-Options": [ "nosniff" ],
        "Date": [ "Mon, 07 Nov 2022 05:08:44 GMT" ]
      },
      "ContentHeaders": {
        "Content-Length": [ "921" ],
        "Content-Type": [ "application/json; charset=utf-8" ],
        "Expires": [ "-1" ]
      },
      "Content": "{\"sku\":{\"name\":\"Premium\",\"tier\":\"Premium\",\"capacity\":1},\"id\":\"/subscriptions/326100e2-f69d-4268-8503-075374f62b6e/resourceGroups/resourceGroupAutorest6ngvcm/providers/Microsoft.EventHub/namespaces/namespaceV4pq1o40\",\"name\":\"namespaceV4pq1o40\",\"type\":\"Microsoft.EventHub/Namespaces\",\"location\":\"East US\",\"tags\":{},\"identity\":{\"principalId\":\"6039e8be-3547-4e7a-8302-675b887fa702\",\"tenantId\":\"72f988bf-86f1-41af-91ab-2d7cd011db47\",\"type\":\"SystemAssigned\"},\"properties\":{\"minimumTlsVersion\":\"1.2\",\"publicNetworkAccess\":\"Enabled\",\"disableLocalAuth\":false,\"zoneRedundant\":true,\"isAutoInflateEnabled\":false,\"maximumThroughputUnits\":0,\"kafkaEnabled\":true,\"provisioningState\":\"Succeeded\",\"metricId\":\"326100e2-f69d-4268-8503-075374f62b6e:namespacev4pq1o40\",\"createdAt\":\"2022-11-07T05:01:09.953Z\",\"updatedAt\":\"2022-11-07T05:08:18.577Z\",\"serviceBusEndpoint\":\"https://namespaceV4pq1o40.servicebus.windows.net:443/\",\"status\":\"Active\"}}"
    }
  },
  "New-AzEventHubNamespaceV2+[NoContext]+SetExpanded+$PUT+https://management.azure.com/subscriptions/326100e2-f69d-4268-8503-075374f62b6e/resourceGroups/resourceGroupAutorest6ngvcm/providers/Microsoft.EventHub/namespaces/namespaceV5b251c4?api-version=2022-01-01-preview+26": {
    "Request": {
      "Method": "PUT",
      "RequestUri": "https://management.azure.com/subscriptions/326100e2-f69d-4268-8503-075374f62b6e/resourceGroups/resourceGroupAutorest6ngvcm/providers/Microsoft.EventHub/namespaces/namespaceV5b251c4?api-version=2022-01-01-preview",
      "Content": "{\n  \"location\": \"northeurope\",\n  \"sku\": {\n    \"name\": \"Premium\",\n    \"tier\": \"Premium\"\n  },\n  \"identity\": {\n    \"type\": \"UserAssigned\",\n    \"userAssignedIdentities\": {\n      \"/subscriptions/326100e2-f69d-4268-8503-075374f62b6e/resourcegroups/shubham-rg/providers/Microsoft.ManagedIdentity/userAssignedIdentities/MSI-rg01\": {\n      },\n      \"/subscriptions/326100e2-f69d-4268-8503-075374f62b6e/resourcegroups/shubham-rg/providers/Microsoft.ManagedIdentity/userAssignedIdentities/MSI-rg02\": {\n      }\n    }\n  },\n  \"properties\": {\n    \"encryption\": {\n      \"keyVaultProperties\": [\n        {\n          \"identity\": {\n            \"userAssignedIdentity\": \"/subscriptions/326100e2-f69d-4268-8503-075374f62b6e/resourcegroups/shubham-rg/providers/Microsoft.ManagedIdentity/userAssignedIdentities/MSI-rg01\"\n          },\n          \"keyName\": \"key4\",\n          \"keyVaultUri\": \"https://keyvault-rg1.vault.azure.net/\"\n        },\n        {\n          \"identity\": {\n            \"userAssignedIdentity\": \"/subscriptions/326100e2-f69d-4268-8503-075374f62b6e/resourcegroups/shubham-rg/providers/Microsoft.ManagedIdentity/userAssignedIdentities/MSI-rg01\"\n          },\n          \"keyName\": \"key5\",\n          \"keyVaultUri\": \"https://keyvault-rg1.vault.azure.net/\"\n        }\n      ],\n      \"keySource\": \"Microsoft.KeyVault\"\n    }\n  }\n}",
      "Headers": {
      },
      "ContentHeaders": {
        "Content-Type": [ "application/json" ],
        "Content-Length": [ "1309" ]
      }
    },
    "Response": {
      "StatusCode": 200,
      "Headers": {
        "Cache-Control": [ "no-cache" ],
        "Pragma": [ "no-cache" ],
        "x-ms-request-id": [ "94ae486e-09f7-4892-95d5-0b5c4709f30e_M6SN1_M6SN1" ],
        "Server-SB": [ "Service-Bus-Resource-Provider/SN1" ],
        "Server": [ "Service-Bus-Resource-Provider/SN1", "Microsoft-HTTPAPI/2.0" ],
        "x-ms-ratelimit-remaining-subscription-resource-requests": [ "46" ],
        "x-ms-correlation-request-id": [ "aeca3572-7407-4123-9926-c8171aacec23" ],
        "x-ms-routing-request-id": [ "SOUTHCENTRALUS:20221107T050850Z:aeca3572-7407-4123-9926-c8171aacec23" ],
        "Strict-Transport-Security": [ "max-age=31536000; includeSubDomains" ],
        "X-Content-Type-Options": [ "nosniff" ],
        "Date": [ "Mon, 07 Nov 2022 05:08:50 GMT" ]
      },
      "ContentHeaders": {
        "Content-Length": [ "1818" ],
        "Content-Type": [ "application/json; charset=utf-8" ],
        "Expires": [ "-1" ]
      },
      "Content": "{\"sku\":{\"name\":\"Premium\",\"tier\":\"Premium\",\"capacity\":1},\"id\":\"/subscriptions/326100e2-f69d-4268-8503-075374f62b6e/resourceGroups/resourceGroupAutorest6ngvcm/providers/Microsoft.EventHub/namespaces/namespaceV5b251c4\",\"name\":\"namespaceV5b251c4\",\"type\":\"Microsoft.EventHub/Namespaces\",\"location\":\"North Europe\",\"tags\":{},\"identity\":{\"type\":\"UserAssigned\",\"userAssignedIdentities\":{\"/subscriptions/326100e2-f69d-4268-8503-075374f62b6e/resourcegroups/shubham-rg/providers/Microsoft.ManagedIdentity/userAssignedIdentities/MSI-rg02\":{},\"/subscriptions/326100e2-f69d-4268-8503-075374f62b6e/resourcegroups/shubham-rg/providers/Microsoft.ManagedIdentity/userAssignedIdentities/MSI-rg01\":{}}},\"properties\":{\"minimumTlsVersion\":\"1.2\",\"publicNetworkAccess\":\"Enabled\",\"disableLocalAuth\":false,\"zoneRedundant\":true,\"isAutoInflateEnabled\":false,\"maximumThroughputUnits\":0,\"encryption\":{\"keySource\":\"Microsoft.KeyVault\",\"keyVaultProperties\":[{\"keyName\":\"key4\",\"keyVaultUri\":\"https://keyvault-rg1.vault.azure.net\",\"keyVersion\":\"\",\"identity\":{\"userAssignedIdentity\":\"/subscriptions/326100e2-f69d-4268-8503-075374f62b6e/resourcegroups/shubham-rg/providers/Microsoft.ManagedIdentity/userAssignedIdentities/MSI-rg01\"}},{\"keyName\":\"key5\",\"keyVaultUri\":\"https://keyvault-rg1.vault.azure.net\",\"keyVersion\":\"\",\"identity\":{\"userAssignedIdentity\":\"/subscriptions/326100e2-f69d-4268-8503-075374f62b6e/resourcegroups/shubham-rg/providers/Microsoft.ManagedIdentity/userAssignedIdentities/MSI-rg01\"}}],\"requireInfrastructureEncryption\":false},\"kafkaEnabled\":true,\"provisioningState\":\"ActivatingIdentity\",\"metricId\":\"326100e2-f69d-4268-8503-075374f62b6e:namespacev5b251c4\",\"createdAt\":\"2022-11-07T05:08:49.437Z\",\"updatedAt\":\"2022-11-07T05:08:49.437Z\",\"serviceBusEndpoint\":\"https://namespaceV5b251c4.servicebus.windows.net:443/\",\"status\":\"Activating\"}}"
    }
  },
  "New-AzEventHubNamespaceV2+[NoContext]+SetExpanded+$GET+https://management.azure.com/subscriptions/326100e2-f69d-4268-8503-075374f62b6e/resourceGroups/resourceGroupAutorest6ngvcm/providers/Microsoft.EventHub/namespaces/namespaceV5b251c4?api-version=2022-01-01-preview+27": {
    "Request": {
      "Method": "GET",
      "RequestUri": "https://management.azure.com/subscriptions/326100e2-f69d-4268-8503-075374f62b6e/resourceGroups/resourceGroupAutorest6ngvcm/providers/Microsoft.EventHub/namespaces/namespaceV5b251c4?api-version=2022-01-01-preview",
      "Content": null,
      "Headers": {
        "Authorization": [ "[Filtered]" ],
        "x-ms-unique-id": [ "30" ],
        "x-ms-client-request-id": [ "8d6878bd-09ef-4766-8a4e-49587f4c571f" ],
        "CommandName": [ "Az.EventHub.private\\New-AzEventHubNamespaceV2_CreateExpanded" ],
        "FullCommandName": [ "New-AzEventHubNamespaceV2_CreateExpanded" ],
        "ParameterSetName": [ "__AllParameterSets" ],
        "User-Agent": [ "AzurePowershell/Az4.0.0-preview" ]
      },
      "ContentHeaders": {
      }
    },
    "Response": {
      "StatusCode": 200,
      "Headers": {
        "Cache-Control": [ "no-cache" ],
        "Pragma": [ "no-cache" ],
        "x-ms-request-id": [ "4a4e0702-3391-44d6-92dd-a6b9121e0b91_M6SN1_M6SN1" ],
        "Server-SB": [ "Service-Bus-Resource-Provider/SN1" ],
        "x-ms-ratelimit-remaining-subscription-reads": [ "11977" ],
        "Server": [ "Service-Bus-Resource-Provider/SN1", "Microsoft-HTTPAPI/2.0" ],
        "x-ms-correlation-request-id": [ "202a026c-b235-4c5f-a8f0-0c2f7dbb7801" ],
        "x-ms-routing-request-id": [ "SOUTHCENTRALUS:20221107T050920Z:202a026c-b235-4c5f-a8f0-0c2f7dbb7801" ],
        "Strict-Transport-Security": [ "max-age=31536000; includeSubDomains" ],
        "X-Content-Type-Options": [ "nosniff" ],
        "Date": [ "Mon, 07 Nov 2022 05:09:20 GMT" ]
      },
      "ContentHeaders": {
        "Content-Length": [ "1818" ],
        "Content-Type": [ "application/json; charset=utf-8" ],
        "Expires": [ "-1" ]
      },
      "Content": "{\"sku\":{\"name\":\"Premium\",\"tier\":\"Premium\",\"capacity\":1},\"id\":\"/subscriptions/326100e2-f69d-4268-8503-075374f62b6e/resourceGroups/resourceGroupAutorest6ngvcm/providers/Microsoft.EventHub/namespaces/namespaceV5b251c4\",\"name\":\"namespaceV5b251c4\",\"type\":\"Microsoft.EventHub/Namespaces\",\"location\":\"North Europe\",\"tags\":{},\"identity\":{\"type\":\"UserAssigned\",\"userAssignedIdentities\":{\"/subscriptions/326100e2-f69d-4268-8503-075374f62b6e/resourcegroups/shubham-rg/providers/Microsoft.ManagedIdentity/userAssignedIdentities/MSI-rg02\":{},\"/subscriptions/326100e2-f69d-4268-8503-075374f62b6e/resourcegroups/shubham-rg/providers/Microsoft.ManagedIdentity/userAssignedIdentities/MSI-rg01\":{}}},\"properties\":{\"minimumTlsVersion\":\"1.2\",\"publicNetworkAccess\":\"Enabled\",\"disableLocalAuth\":false,\"zoneRedundant\":true,\"isAutoInflateEnabled\":false,\"maximumThroughputUnits\":0,\"encryption\":{\"keySource\":\"Microsoft.KeyVault\",\"keyVaultProperties\":[{\"keyName\":\"key4\",\"keyVaultUri\":\"https://keyvault-rg1.vault.azure.net\",\"keyVersion\":\"\",\"identity\":{\"userAssignedIdentity\":\"/subscriptions/326100e2-f69d-4268-8503-075374f62b6e/resourcegroups/shubham-rg/providers/Microsoft.ManagedIdentity/userAssignedIdentities/MSI-rg01\"}},{\"keyName\":\"key5\",\"keyVaultUri\":\"https://keyvault-rg1.vault.azure.net\",\"keyVersion\":\"\",\"identity\":{\"userAssignedIdentity\":\"/subscriptions/326100e2-f69d-4268-8503-075374f62b6e/resourcegroups/shubham-rg/providers/Microsoft.ManagedIdentity/userAssignedIdentities/MSI-rg01\"}}],\"requireInfrastructureEncryption\":false},\"kafkaEnabled\":true,\"provisioningState\":\"ActivatingIdentity\",\"metricId\":\"326100e2-f69d-4268-8503-075374f62b6e:namespacev5b251c4\",\"createdAt\":\"2022-11-07T05:08:49.437Z\",\"updatedAt\":\"2022-11-07T05:08:49.437Z\",\"serviceBusEndpoint\":\"https://namespaceV5b251c4.servicebus.windows.net:443/\",\"status\":\"Activating\"}}"
    }
  },
  "New-AzEventHubNamespaceV2+[NoContext]+SetExpanded+$GET+https://management.azure.com/subscriptions/326100e2-f69d-4268-8503-075374f62b6e/resourceGroups/resourceGroupAutorest6ngvcm/providers/Microsoft.EventHub/namespaces/namespaceV5b251c4?api-version=2022-01-01-preview+28": {
    "Request": {
      "Method": "GET",
      "RequestUri": "https://management.azure.com/subscriptions/326100e2-f69d-4268-8503-075374f62b6e/resourceGroups/resourceGroupAutorest6ngvcm/providers/Microsoft.EventHub/namespaces/namespaceV5b251c4?api-version=2022-01-01-preview",
      "Content": null,
      "Headers": {
        "Authorization": [ "[Filtered]" ],
        "x-ms-unique-id": [ "31" ],
        "x-ms-client-request-id": [ "8d6878bd-09ef-4766-8a4e-49587f4c571f" ],
        "CommandName": [ "Az.EventHub.private\\New-AzEventHubNamespaceV2_CreateExpanded" ],
        "FullCommandName": [ "New-AzEventHubNamespaceV2_CreateExpanded" ],
        "ParameterSetName": [ "__AllParameterSets" ],
        "User-Agent": [ "AzurePowershell/Az4.0.0-preview" ]
      },
      "ContentHeaders": {
      }
    },
    "Response": {
      "StatusCode": 200,
      "Headers": {
        "Cache-Control": [ "no-cache" ],
        "Pragma": [ "no-cache" ],
        "x-ms-request-id": [ "43869f46-1bcd-4df5-8afa-b7ffeb8f50d0_M1SN1_M1SN1" ],
        "Server-SB": [ "Service-Bus-Resource-Provider/SN1" ],
        "Server": [ "Service-Bus-Resource-Provider/SN1", "Microsoft-HTTPAPI/2.0" ],
        "x-ms-ratelimit-remaining-subscription-reads": [ "11976" ],
        "x-ms-correlation-request-id": [ "a029d124-11fe-4e8e-b68d-e7a2940f8aa6" ],
        "x-ms-routing-request-id": [ "SOUTHCENTRALUS:20221107T050951Z:a029d124-11fe-4e8e-b68d-e7a2940f8aa6" ],
        "Strict-Transport-Security": [ "max-age=31536000; includeSubDomains" ],
        "X-Content-Type-Options": [ "nosniff" ],
        "Date": [ "Mon, 07 Nov 2022 05:09:50 GMT" ]
      },
      "ContentHeaders": {
        "Content-Length": [ "1818" ],
        "Content-Type": [ "application/json; charset=utf-8" ],
        "Expires": [ "-1" ]
      },
      "Content": "{\"sku\":{\"name\":\"Premium\",\"tier\":\"Premium\",\"capacity\":1},\"id\":\"/subscriptions/326100e2-f69d-4268-8503-075374f62b6e/resourceGroups/resourceGroupAutorest6ngvcm/providers/Microsoft.EventHub/namespaces/namespaceV5b251c4\",\"name\":\"namespaceV5b251c4\",\"type\":\"Microsoft.EventHub/Namespaces\",\"location\":\"North Europe\",\"tags\":{},\"identity\":{\"type\":\"UserAssigned\",\"userAssignedIdentities\":{\"/subscriptions/326100e2-f69d-4268-8503-075374f62b6e/resourcegroups/shubham-rg/providers/Microsoft.ManagedIdentity/userAssignedIdentities/MSI-rg02\":{},\"/subscriptions/326100e2-f69d-4268-8503-075374f62b6e/resourcegroups/shubham-rg/providers/Microsoft.ManagedIdentity/userAssignedIdentities/MSI-rg01\":{}}},\"properties\":{\"minimumTlsVersion\":\"1.2\",\"publicNetworkAccess\":\"Enabled\",\"disableLocalAuth\":false,\"zoneRedundant\":true,\"isAutoInflateEnabled\":false,\"maximumThroughputUnits\":0,\"encryption\":{\"keySource\":\"Microsoft.KeyVault\",\"keyVaultProperties\":[{\"keyName\":\"key4\",\"keyVaultUri\":\"https://keyvault-rg1.vault.azure.net\",\"keyVersion\":\"\",\"identity\":{\"userAssignedIdentity\":\"/subscriptions/326100e2-f69d-4268-8503-075374f62b6e/resourcegroups/shubham-rg/providers/Microsoft.ManagedIdentity/userAssignedIdentities/MSI-rg01\"}},{\"keyName\":\"key5\",\"keyVaultUri\":\"https://keyvault-rg1.vault.azure.net\",\"keyVersion\":\"\",\"identity\":{\"userAssignedIdentity\":\"/subscriptions/326100e2-f69d-4268-8503-075374f62b6e/resourcegroups/shubham-rg/providers/Microsoft.ManagedIdentity/userAssignedIdentities/MSI-rg01\"}}],\"requireInfrastructureEncryption\":false},\"kafkaEnabled\":true,\"provisioningState\":\"ActivatingIdentity\",\"metricId\":\"326100e2-f69d-4268-8503-075374f62b6e:namespacev5b251c4\",\"createdAt\":\"2022-11-07T05:08:49.437Z\",\"updatedAt\":\"2022-11-07T05:08:49.437Z\",\"serviceBusEndpoint\":\"https://namespaceV5b251c4.servicebus.windows.net:443/\",\"status\":\"Activating\"}}"
    }
  },
  "New-AzEventHubNamespaceV2+[NoContext]+SetExpanded+$GET+https://management.azure.com/subscriptions/326100e2-f69d-4268-8503-075374f62b6e/resourceGroups/resourceGroupAutorest6ngvcm/providers/Microsoft.EventHub/namespaces/namespaceV5b251c4?api-version=2022-01-01-preview+29": {
    "Request": {
      "Method": "GET",
      "RequestUri": "https://management.azure.com/subscriptions/326100e2-f69d-4268-8503-075374f62b6e/resourceGroups/resourceGroupAutorest6ngvcm/providers/Microsoft.EventHub/namespaces/namespaceV5b251c4?api-version=2022-01-01-preview",
      "Content": null,
      "Headers": {
        "Authorization": [ "[Filtered]" ],
        "x-ms-unique-id": [ "32" ],
        "x-ms-client-request-id": [ "8d6878bd-09ef-4766-8a4e-49587f4c571f" ],
        "CommandName": [ "Az.EventHub.private\\New-AzEventHubNamespaceV2_CreateExpanded" ],
        "FullCommandName": [ "New-AzEventHubNamespaceV2_CreateExpanded" ],
        "ParameterSetName": [ "__AllParameterSets" ],
        "User-Agent": [ "AzurePowershell/Az4.0.0-preview" ]
      },
      "ContentHeaders": {
      }
    },
    "Response": {
      "StatusCode": 200,
      "Headers": {
        "Cache-Control": [ "no-cache" ],
        "Pragma": [ "no-cache" ],
        "x-ms-request-id": [ "2263d875-aa76-4259-88d8-6072a374b107_M1SN1_M1SN1" ],
        "Server-SB": [ "Service-Bus-Resource-Provider/SN1" ],
        "Server": [ "Service-Bus-Resource-Provider/SN1", "Microsoft-HTTPAPI/2.0" ],
        "x-ms-ratelimit-remaining-subscription-reads": [ "11975" ],
        "x-ms-correlation-request-id": [ "a5db6171-3bc8-43ee-8430-b99555a6f98b" ],
        "x-ms-routing-request-id": [ "SOUTHCENTRALUS:20221107T051021Z:a5db6171-3bc8-43ee-8430-b99555a6f98b" ],
        "Strict-Transport-Security": [ "max-age=31536000; includeSubDomains" ],
        "X-Content-Type-Options": [ "nosniff" ],
        "Date": [ "Mon, 07 Nov 2022 05:10:21 GMT" ]
      },
      "ContentHeaders": {
        "Content-Length": [ "1818" ],
        "Content-Type": [ "application/json; charset=utf-8" ],
        "Expires": [ "-1" ]
      },
      "Content": "{\"sku\":{\"name\":\"Premium\",\"tier\":\"Premium\",\"capacity\":1},\"id\":\"/subscriptions/326100e2-f69d-4268-8503-075374f62b6e/resourceGroups/resourceGroupAutorest6ngvcm/providers/Microsoft.EventHub/namespaces/namespaceV5b251c4\",\"name\":\"namespaceV5b251c4\",\"type\":\"Microsoft.EventHub/Namespaces\",\"location\":\"North Europe\",\"tags\":{},\"identity\":{\"type\":\"UserAssigned\",\"userAssignedIdentities\":{\"/subscriptions/326100e2-f69d-4268-8503-075374f62b6e/resourcegroups/shubham-rg/providers/Microsoft.ManagedIdentity/userAssignedIdentities/MSI-rg02\":{},\"/subscriptions/326100e2-f69d-4268-8503-075374f62b6e/resourcegroups/shubham-rg/providers/Microsoft.ManagedIdentity/userAssignedIdentities/MSI-rg01\":{}}},\"properties\":{\"minimumTlsVersion\":\"1.2\",\"publicNetworkAccess\":\"Enabled\",\"disableLocalAuth\":false,\"zoneRedundant\":true,\"isAutoInflateEnabled\":false,\"maximumThroughputUnits\":0,\"encryption\":{\"keySource\":\"Microsoft.KeyVault\",\"keyVaultProperties\":[{\"keyName\":\"key4\",\"keyVaultUri\":\"https://keyvault-rg1.vault.azure.net\",\"keyVersion\":\"\",\"identity\":{\"userAssignedIdentity\":\"/subscriptions/326100e2-f69d-4268-8503-075374f62b6e/resourcegroups/shubham-rg/providers/Microsoft.ManagedIdentity/userAssignedIdentities/MSI-rg01\"}},{\"keyName\":\"key5\",\"keyVaultUri\":\"https://keyvault-rg1.vault.azure.net\",\"keyVersion\":\"\",\"identity\":{\"userAssignedIdentity\":\"/subscriptions/326100e2-f69d-4268-8503-075374f62b6e/resourcegroups/shubham-rg/providers/Microsoft.ManagedIdentity/userAssignedIdentities/MSI-rg01\"}}],\"requireInfrastructureEncryption\":false},\"kafkaEnabled\":true,\"provisioningState\":\"ActivatingIdentity\",\"metricId\":\"326100e2-f69d-4268-8503-075374f62b6e:namespacev5b251c4\",\"createdAt\":\"2022-11-07T05:08:49.437Z\",\"updatedAt\":\"2022-11-07T05:08:49.437Z\",\"serviceBusEndpoint\":\"https://namespaceV5b251c4.servicebus.windows.net:443/\",\"status\":\"Activating\"}}"
    }
  },
  "New-AzEventHubNamespaceV2+[NoContext]+SetExpanded+$GET+https://management.azure.com/subscriptions/326100e2-f69d-4268-8503-075374f62b6e/resourceGroups/resourceGroupAutorest6ngvcm/providers/Microsoft.EventHub/namespaces/namespaceV5b251c4?api-version=2022-01-01-preview+30": {
    "Request": {
      "Method": "GET",
      "RequestUri": "https://management.azure.com/subscriptions/326100e2-f69d-4268-8503-075374f62b6e/resourceGroups/resourceGroupAutorest6ngvcm/providers/Microsoft.EventHub/namespaces/namespaceV5b251c4?api-version=2022-01-01-preview",
      "Content": null,
      "Headers": {
        "Authorization": [ "[Filtered]" ],
        "x-ms-unique-id": [ "33" ],
        "x-ms-client-request-id": [ "8d6878bd-09ef-4766-8a4e-49587f4c571f" ],
        "CommandName": [ "Az.EventHub.private\\New-AzEventHubNamespaceV2_CreateExpanded" ],
        "FullCommandName": [ "New-AzEventHubNamespaceV2_CreateExpanded" ],
        "ParameterSetName": [ "__AllParameterSets" ],
        "User-Agent": [ "AzurePowershell/Az4.0.0-preview" ]
      },
      "ContentHeaders": {
      }
    },
    "Response": {
      "StatusCode": 200,
      "Headers": {
        "Cache-Control": [ "no-cache" ],
        "Pragma": [ "no-cache" ],
        "x-ms-request-id": [ "63aea580-3dd5-41ab-b653-5444dddc543a_M1SN1_M1SN1" ],
        "Server-SB": [ "Service-Bus-Resource-Provider/SN1" ],
        "Server": [ "Service-Bus-Resource-Provider/SN1", "Microsoft-HTTPAPI/2.0" ],
        "x-ms-ratelimit-remaining-subscription-reads": [ "11974" ],
        "x-ms-correlation-request-id": [ "b4b05aff-e995-47eb-9f1c-f96eca4dd2db" ],
        "x-ms-routing-request-id": [ "SOUTHCENTRALUS:20221107T051051Z:b4b05aff-e995-47eb-9f1c-f96eca4dd2db" ],
        "Strict-Transport-Security": [ "max-age=31536000; includeSubDomains" ],
        "X-Content-Type-Options": [ "nosniff" ],
        "Date": [ "Mon, 07 Nov 2022 05:10:50 GMT" ]
      },
      "ContentHeaders": {
        "Content-Length": [ "1818" ],
        "Content-Type": [ "application/json; charset=utf-8" ],
        "Expires": [ "-1" ]
      },
      "Content": "{\"sku\":{\"name\":\"Premium\",\"tier\":\"Premium\",\"capacity\":1},\"id\":\"/subscriptions/326100e2-f69d-4268-8503-075374f62b6e/resourceGroups/resourceGroupAutorest6ngvcm/providers/Microsoft.EventHub/namespaces/namespaceV5b251c4\",\"name\":\"namespaceV5b251c4\",\"type\":\"Microsoft.EventHub/Namespaces\",\"location\":\"North Europe\",\"tags\":{},\"identity\":{\"type\":\"UserAssigned\",\"userAssignedIdentities\":{\"/subscriptions/326100e2-f69d-4268-8503-075374f62b6e/resourcegroups/shubham-rg/providers/Microsoft.ManagedIdentity/userAssignedIdentities/MSI-rg02\":{},\"/subscriptions/326100e2-f69d-4268-8503-075374f62b6e/resourcegroups/shubham-rg/providers/Microsoft.ManagedIdentity/userAssignedIdentities/MSI-rg01\":{}}},\"properties\":{\"minimumTlsVersion\":\"1.2\",\"publicNetworkAccess\":\"Enabled\",\"disableLocalAuth\":false,\"zoneRedundant\":true,\"isAutoInflateEnabled\":false,\"maximumThroughputUnits\":0,\"encryption\":{\"keySource\":\"Microsoft.KeyVault\",\"keyVaultProperties\":[{\"keyName\":\"key4\",\"keyVaultUri\":\"https://keyvault-rg1.vault.azure.net\",\"keyVersion\":\"\",\"identity\":{\"userAssignedIdentity\":\"/subscriptions/326100e2-f69d-4268-8503-075374f62b6e/resourcegroups/shubham-rg/providers/Microsoft.ManagedIdentity/userAssignedIdentities/MSI-rg01\"}},{\"keyName\":\"key5\",\"keyVaultUri\":\"https://keyvault-rg1.vault.azure.net\",\"keyVersion\":\"\",\"identity\":{\"userAssignedIdentity\":\"/subscriptions/326100e2-f69d-4268-8503-075374f62b6e/resourcegroups/shubham-rg/providers/Microsoft.ManagedIdentity/userAssignedIdentities/MSI-rg01\"}}],\"requireInfrastructureEncryption\":false},\"kafkaEnabled\":true,\"provisioningState\":\"ActivatingIdentity\",\"metricId\":\"326100e2-f69d-4268-8503-075374f62b6e:namespacev5b251c4\",\"createdAt\":\"2022-11-07T05:08:49.437Z\",\"updatedAt\":\"2022-11-07T05:08:49.437Z\",\"serviceBusEndpoint\":\"https://namespaceV5b251c4.servicebus.windows.net:443/\",\"status\":\"Activating\"}}"
    }
  },
  "New-AzEventHubNamespaceV2+[NoContext]+SetExpanded+$GET+https://management.azure.com/subscriptions/326100e2-f69d-4268-8503-075374f62b6e/resourceGroups/resourceGroupAutorest6ngvcm/providers/Microsoft.EventHub/namespaces/namespaceV5b251c4?api-version=2022-01-01-preview+31": {
    "Request": {
      "Method": "GET",
      "RequestUri": "https://management.azure.com/subscriptions/326100e2-f69d-4268-8503-075374f62b6e/resourceGroups/resourceGroupAutorest6ngvcm/providers/Microsoft.EventHub/namespaces/namespaceV5b251c4?api-version=2022-01-01-preview",
      "Content": null,
      "Headers": {
        "Authorization": [ "[Filtered]" ],
        "x-ms-unique-id": [ "34" ],
        "x-ms-client-request-id": [ "8d6878bd-09ef-4766-8a4e-49587f4c571f" ],
        "CommandName": [ "Az.EventHub.private\\New-AzEventHubNamespaceV2_CreateExpanded" ],
        "FullCommandName": [ "New-AzEventHubNamespaceV2_CreateExpanded" ],
        "ParameterSetName": [ "__AllParameterSets" ],
        "User-Agent": [ "AzurePowershell/Az4.0.0-preview" ]
      },
      "ContentHeaders": {
      }
    },
    "Response": {
      "StatusCode": 200,
      "Headers": {
        "Cache-Control": [ "no-cache" ],
        "Pragma": [ "no-cache" ],
        "x-ms-request-id": [ "ce343b80-388d-4e9a-847f-f84fd56f2768_M1SN1_M1SN1" ],
        "Server-SB": [ "Service-Bus-Resource-Provider/SN1" ],
        "Server": [ "Service-Bus-Resource-Provider/SN1", "Microsoft-HTTPAPI/2.0" ],
        "x-ms-ratelimit-remaining-subscription-reads": [ "11973" ],
        "x-ms-correlation-request-id": [ "79a31ce6-6c71-41f2-ab41-d32bdbba7d47" ],
        "x-ms-routing-request-id": [ "SOUTHCENTRALUS:20221107T051121Z:79a31ce6-6c71-41f2-ab41-d32bdbba7d47" ],
        "Strict-Transport-Security": [ "max-age=31536000; includeSubDomains" ],
        "X-Content-Type-Options": [ "nosniff" ],
        "Date": [ "Mon, 07 Nov 2022 05:11:21 GMT" ]
      },
      "ContentHeaders": {
        "Content-Length": [ "1818" ],
        "Content-Type": [ "application/json; charset=utf-8" ],
        "Expires": [ "-1" ]
      },
      "Content": "{\"sku\":{\"name\":\"Premium\",\"tier\":\"Premium\",\"capacity\":1},\"id\":\"/subscriptions/326100e2-f69d-4268-8503-075374f62b6e/resourceGroups/resourceGroupAutorest6ngvcm/providers/Microsoft.EventHub/namespaces/namespaceV5b251c4\",\"name\":\"namespaceV5b251c4\",\"type\":\"Microsoft.EventHub/Namespaces\",\"location\":\"North Europe\",\"tags\":{},\"identity\":{\"type\":\"UserAssigned\",\"userAssignedIdentities\":{\"/subscriptions/326100e2-f69d-4268-8503-075374f62b6e/resourcegroups/shubham-rg/providers/Microsoft.ManagedIdentity/userAssignedIdentities/MSI-rg02\":{},\"/subscriptions/326100e2-f69d-4268-8503-075374f62b6e/resourcegroups/shubham-rg/providers/Microsoft.ManagedIdentity/userAssignedIdentities/MSI-rg01\":{}}},\"properties\":{\"minimumTlsVersion\":\"1.2\",\"publicNetworkAccess\":\"Enabled\",\"disableLocalAuth\":false,\"zoneRedundant\":true,\"isAutoInflateEnabled\":false,\"maximumThroughputUnits\":0,\"encryption\":{\"keySource\":\"Microsoft.KeyVault\",\"keyVaultProperties\":[{\"keyName\":\"key4\",\"keyVaultUri\":\"https://keyvault-rg1.vault.azure.net\",\"keyVersion\":\"\",\"identity\":{\"userAssignedIdentity\":\"/subscriptions/326100e2-f69d-4268-8503-075374f62b6e/resourcegroups/shubham-rg/providers/Microsoft.ManagedIdentity/userAssignedIdentities/MSI-rg01\"}},{\"keyName\":\"key5\",\"keyVaultUri\":\"https://keyvault-rg1.vault.azure.net\",\"keyVersion\":\"\",\"identity\":{\"userAssignedIdentity\":\"/subscriptions/326100e2-f69d-4268-8503-075374f62b6e/resourcegroups/shubham-rg/providers/Microsoft.ManagedIdentity/userAssignedIdentities/MSI-rg01\"}}],\"requireInfrastructureEncryption\":false},\"kafkaEnabled\":true,\"provisioningState\":\"ActivatingIdentity\",\"metricId\":\"326100e2-f69d-4268-8503-075374f62b6e:namespacev5b251c4\",\"createdAt\":\"2022-11-07T05:08:49.437Z\",\"updatedAt\":\"2022-11-07T05:08:49.437Z\",\"serviceBusEndpoint\":\"https://namespaceV5b251c4.servicebus.windows.net:443/\",\"status\":\"Activating\"}}"
    }
  },
  "New-AzEventHubNamespaceV2+[NoContext]+SetExpanded+$GET+https://management.azure.com/subscriptions/326100e2-f69d-4268-8503-075374f62b6e/resourceGroups/resourceGroupAutorest6ngvcm/providers/Microsoft.EventHub/namespaces/namespaceV5b251c4?api-version=2022-01-01-preview+32": {
    "Request": {
      "Method": "GET",
      "RequestUri": "https://management.azure.com/subscriptions/326100e2-f69d-4268-8503-075374f62b6e/resourceGroups/resourceGroupAutorest6ngvcm/providers/Microsoft.EventHub/namespaces/namespaceV5b251c4?api-version=2022-01-01-preview",
      "Content": null,
      "Headers": {
        "Authorization": [ "[Filtered]" ],
        "x-ms-unique-id": [ "35" ],
        "x-ms-client-request-id": [ "8d6878bd-09ef-4766-8a4e-49587f4c571f" ],
        "CommandName": [ "Az.EventHub.private\\New-AzEventHubNamespaceV2_CreateExpanded" ],
        "FullCommandName": [ "New-AzEventHubNamespaceV2_CreateExpanded" ],
        "ParameterSetName": [ "__AllParameterSets" ],
        "User-Agent": [ "AzurePowershell/Az4.0.0-preview" ]
      },
      "ContentHeaders": {
      }
    },
    "Response": {
      "StatusCode": 200,
      "Headers": {
        "Cache-Control": [ "no-cache" ],
        "Pragma": [ "no-cache" ],
        "x-ms-request-id": [ "b9f70e83-c76b-4158-baea-c43792bf9fea_M1SN1_M1SN1" ],
        "Server-SB": [ "Service-Bus-Resource-Provider/SN1" ],
        "Server": [ "Service-Bus-Resource-Provider/SN1", "Microsoft-HTTPAPI/2.0" ],
        "x-ms-ratelimit-remaining-subscription-reads": [ "11972" ],
        "x-ms-correlation-request-id": [ "eb208930-6d2f-40b9-877a-eeded0374cc5" ],
        "x-ms-routing-request-id": [ "SOUTHCENTRALUS:20221107T051152Z:eb208930-6d2f-40b9-877a-eeded0374cc5" ],
        "Strict-Transport-Security": [ "max-age=31536000; includeSubDomains" ],
        "X-Content-Type-Options": [ "nosniff" ],
        "Date": [ "Mon, 07 Nov 2022 05:11:51 GMT" ]
      },
      "ContentHeaders": {
        "Content-Length": [ "1818" ],
        "Content-Type": [ "application/json; charset=utf-8" ],
        "Expires": [ "-1" ]
      },
      "Content": "{\"sku\":{\"name\":\"Premium\",\"tier\":\"Premium\",\"capacity\":1},\"id\":\"/subscriptions/326100e2-f69d-4268-8503-075374f62b6e/resourceGroups/resourceGroupAutorest6ngvcm/providers/Microsoft.EventHub/namespaces/namespaceV5b251c4\",\"name\":\"namespaceV5b251c4\",\"type\":\"Microsoft.EventHub/Namespaces\",\"location\":\"North Europe\",\"tags\":{},\"identity\":{\"type\":\"UserAssigned\",\"userAssignedIdentities\":{\"/subscriptions/326100e2-f69d-4268-8503-075374f62b6e/resourcegroups/shubham-rg/providers/Microsoft.ManagedIdentity/userAssignedIdentities/MSI-rg02\":{},\"/subscriptions/326100e2-f69d-4268-8503-075374f62b6e/resourcegroups/shubham-rg/providers/Microsoft.ManagedIdentity/userAssignedIdentities/MSI-rg01\":{}}},\"properties\":{\"minimumTlsVersion\":\"1.2\",\"publicNetworkAccess\":\"Enabled\",\"disableLocalAuth\":false,\"zoneRedundant\":true,\"isAutoInflateEnabled\":false,\"maximumThroughputUnits\":0,\"encryption\":{\"keySource\":\"Microsoft.KeyVault\",\"keyVaultProperties\":[{\"keyName\":\"key4\",\"keyVaultUri\":\"https://keyvault-rg1.vault.azure.net\",\"keyVersion\":\"\",\"identity\":{\"userAssignedIdentity\":\"/subscriptions/326100e2-f69d-4268-8503-075374f62b6e/resourcegroups/shubham-rg/providers/Microsoft.ManagedIdentity/userAssignedIdentities/MSI-rg01\"}},{\"keyName\":\"key5\",\"keyVaultUri\":\"https://keyvault-rg1.vault.azure.net\",\"keyVersion\":\"\",\"identity\":{\"userAssignedIdentity\":\"/subscriptions/326100e2-f69d-4268-8503-075374f62b6e/resourcegroups/shubham-rg/providers/Microsoft.ManagedIdentity/userAssignedIdentities/MSI-rg01\"}}],\"requireInfrastructureEncryption\":false},\"kafkaEnabled\":true,\"provisioningState\":\"ActivatingIdentity\",\"metricId\":\"326100e2-f69d-4268-8503-075374f62b6e:namespacev5b251c4\",\"createdAt\":\"2022-11-07T05:08:49.437Z\",\"updatedAt\":\"2022-11-07T05:08:49.437Z\",\"serviceBusEndpoint\":\"https://namespaceV5b251c4.servicebus.windows.net:443/\",\"status\":\"Activating\"}}"
    }
  },
  "New-AzEventHubNamespaceV2+[NoContext]+SetExpanded+$GET+https://management.azure.com/subscriptions/326100e2-f69d-4268-8503-075374f62b6e/resourceGroups/resourceGroupAutorest6ngvcm/providers/Microsoft.EventHub/namespaces/namespaceV5b251c4?api-version=2022-01-01-preview+33": {
    "Request": {
      "Method": "GET",
      "RequestUri": "https://management.azure.com/subscriptions/326100e2-f69d-4268-8503-075374f62b6e/resourceGroups/resourceGroupAutorest6ngvcm/providers/Microsoft.EventHub/namespaces/namespaceV5b251c4?api-version=2022-01-01-preview",
      "Content": null,
      "Headers": {
        "Authorization": [ "[Filtered]" ],
        "x-ms-unique-id": [ "36" ],
        "x-ms-client-request-id": [ "8d6878bd-09ef-4766-8a4e-49587f4c571f" ],
        "CommandName": [ "Az.EventHub.private\\New-AzEventHubNamespaceV2_CreateExpanded" ],
        "FullCommandName": [ "New-AzEventHubNamespaceV2_CreateExpanded" ],
        "ParameterSetName": [ "__AllParameterSets" ],
        "User-Agent": [ "AzurePowershell/Az4.0.0-preview" ]
      },
      "ContentHeaders": {
      }
    },
    "Response": {
      "StatusCode": 200,
      "Headers": {
        "Cache-Control": [ "no-cache" ],
        "Pragma": [ "no-cache" ],
        "x-ms-request-id": [ "b699bc27-93f6-44fd-b911-66ea31f4a347_M1SN1_M1SN1" ],
        "Server-SB": [ "Service-Bus-Resource-Provider/SN1" ],
        "Server": [ "Service-Bus-Resource-Provider/SN1", "Microsoft-HTTPAPI/2.0" ],
        "x-ms-ratelimit-remaining-subscription-reads": [ "11971" ],
        "x-ms-correlation-request-id": [ "2a28f6dc-3b55-4078-a5f7-b90c69963b32" ],
        "x-ms-routing-request-id": [ "SOUTHCENTRALUS:20221107T051222Z:2a28f6dc-3b55-4078-a5f7-b90c69963b32" ],
        "Strict-Transport-Security": [ "max-age=31536000; includeSubDomains" ],
        "X-Content-Type-Options": [ "nosniff" ],
        "Date": [ "Mon, 07 Nov 2022 05:12:21 GMT" ]
      },
      "ContentHeaders": {
        "Content-Length": [ "1818" ],
        "Content-Type": [ "application/json; charset=utf-8" ],
        "Expires": [ "-1" ]
      },
      "Content": "{\"sku\":{\"name\":\"Premium\",\"tier\":\"Premium\",\"capacity\":1},\"id\":\"/subscriptions/326100e2-f69d-4268-8503-075374f62b6e/resourceGroups/resourceGroupAutorest6ngvcm/providers/Microsoft.EventHub/namespaces/namespaceV5b251c4\",\"name\":\"namespaceV5b251c4\",\"type\":\"Microsoft.EventHub/Namespaces\",\"location\":\"North Europe\",\"tags\":{},\"identity\":{\"type\":\"UserAssigned\",\"userAssignedIdentities\":{\"/subscriptions/326100e2-f69d-4268-8503-075374f62b6e/resourcegroups/shubham-rg/providers/Microsoft.ManagedIdentity/userAssignedIdentities/MSI-rg02\":{},\"/subscriptions/326100e2-f69d-4268-8503-075374f62b6e/resourcegroups/shubham-rg/providers/Microsoft.ManagedIdentity/userAssignedIdentities/MSI-rg01\":{}}},\"properties\":{\"minimumTlsVersion\":\"1.2\",\"publicNetworkAccess\":\"Enabled\",\"disableLocalAuth\":false,\"zoneRedundant\":true,\"isAutoInflateEnabled\":false,\"maximumThroughputUnits\":0,\"encryption\":{\"keySource\":\"Microsoft.KeyVault\",\"keyVaultProperties\":[{\"keyName\":\"key4\",\"keyVaultUri\":\"https://keyvault-rg1.vault.azure.net\",\"keyVersion\":\"\",\"identity\":{\"userAssignedIdentity\":\"/subscriptions/326100e2-f69d-4268-8503-075374f62b6e/resourcegroups/shubham-rg/providers/Microsoft.ManagedIdentity/userAssignedIdentities/MSI-rg01\"}},{\"keyName\":\"key5\",\"keyVaultUri\":\"https://keyvault-rg1.vault.azure.net\",\"keyVersion\":\"\",\"identity\":{\"userAssignedIdentity\":\"/subscriptions/326100e2-f69d-4268-8503-075374f62b6e/resourcegroups/shubham-rg/providers/Microsoft.ManagedIdentity/userAssignedIdentities/MSI-rg01\"}}],\"requireInfrastructureEncryption\":false},\"kafkaEnabled\":true,\"provisioningState\":\"ActivatingIdentity\",\"metricId\":\"326100e2-f69d-4268-8503-075374f62b6e:namespacev5b251c4\",\"createdAt\":\"2022-11-07T05:08:49.437Z\",\"updatedAt\":\"2022-11-07T05:08:49.437Z\",\"serviceBusEndpoint\":\"https://namespaceV5b251c4.servicebus.windows.net:443/\",\"status\":\"Activating\"}}"
    }
  },
  "New-AzEventHubNamespaceV2+[NoContext]+SetExpanded+$GET+https://management.azure.com/subscriptions/326100e2-f69d-4268-8503-075374f62b6e/resourceGroups/resourceGroupAutorest6ngvcm/providers/Microsoft.EventHub/namespaces/namespaceV5b251c4?api-version=2022-01-01-preview+34": {
    "Request": {
      "Method": "GET",
      "RequestUri": "https://management.azure.com/subscriptions/326100e2-f69d-4268-8503-075374f62b6e/resourceGroups/resourceGroupAutorest6ngvcm/providers/Microsoft.EventHub/namespaces/namespaceV5b251c4?api-version=2022-01-01-preview",
      "Content": null,
      "Headers": {
        "Authorization": [ "[Filtered]" ],
        "x-ms-unique-id": [ "37" ],
        "x-ms-client-request-id": [ "8d6878bd-09ef-4766-8a4e-49587f4c571f" ],
        "CommandName": [ "Az.EventHub.private\\New-AzEventHubNamespaceV2_CreateExpanded" ],
        "FullCommandName": [ "New-AzEventHubNamespaceV2_CreateExpanded" ],
        "ParameterSetName": [ "__AllParameterSets" ],
        "User-Agent": [ "AzurePowershell/Az4.0.0-preview" ]
      },
      "ContentHeaders": {
      }
    },
    "Response": {
      "StatusCode": 200,
      "Headers": {
        "Cache-Control": [ "no-cache" ],
        "Pragma": [ "no-cache" ],
        "x-ms-request-id": [ "e1eed3d3-a77c-4c3c-bc11-7e26ef8b4135_M1SN1_M1SN1" ],
        "Server-SB": [ "Service-Bus-Resource-Provider/SN1" ],
        "Server": [ "Service-Bus-Resource-Provider/SN1", "Microsoft-HTTPAPI/2.0" ],
        "x-ms-ratelimit-remaining-subscription-reads": [ "11970" ],
        "x-ms-correlation-request-id": [ "f8bcc427-3902-434e-934e-5f326d181ec5" ],
        "x-ms-routing-request-id": [ "SOUTHCENTRALUS:20221107T051252Z:f8bcc427-3902-434e-934e-5f326d181ec5" ],
        "Strict-Transport-Security": [ "max-age=31536000; includeSubDomains" ],
        "X-Content-Type-Options": [ "nosniff" ],
        "Date": [ "Mon, 07 Nov 2022 05:12:52 GMT" ]
      },
      "ContentHeaders": {
        "Content-Length": [ "1814" ],
        "Content-Type": [ "application/json; charset=utf-8" ],
        "Expires": [ "-1" ]
      },
      "Content": "{\"sku\":{\"name\":\"Premium\",\"tier\":\"Premium\",\"capacity\":1},\"id\":\"/subscriptions/326100e2-f69d-4268-8503-075374f62b6e/resourceGroups/resourceGroupAutorest6ngvcm/providers/Microsoft.EventHub/namespaces/namespaceV5b251c4\",\"name\":\"namespaceV5b251c4\",\"type\":\"Microsoft.EventHub/Namespaces\",\"location\":\"North Europe\",\"tags\":{},\"identity\":{\"type\":\"UserAssigned\",\"userAssignedIdentities\":{\"/subscriptions/326100e2-f69d-4268-8503-075374f62b6e/resourcegroups/shubham-rg/providers/Microsoft.ManagedIdentity/userAssignedIdentities/MSI-rg02\":{},\"/subscriptions/326100e2-f69d-4268-8503-075374f62b6e/resourcegroups/shubham-rg/providers/Microsoft.ManagedIdentity/userAssignedIdentities/MSI-rg01\":{}}},\"properties\":{\"minimumTlsVersion\":\"1.2\",\"publicNetworkAccess\":\"Enabled\",\"disableLocalAuth\":false,\"zoneRedundant\":true,\"isAutoInflateEnabled\":false,\"maximumThroughputUnits\":0,\"encryption\":{\"keySource\":\"Microsoft.KeyVault\",\"keyVaultProperties\":[{\"keyName\":\"key4\",\"keyVaultUri\":\"https://keyvault-rg1.vault.azure.net\",\"keyVersion\":\"\",\"identity\":{\"userAssignedIdentity\":\"/subscriptions/326100e2-f69d-4268-8503-075374f62b6e/resourcegroups/shubham-rg/providers/Microsoft.ManagedIdentity/userAssignedIdentities/MSI-rg01\"}},{\"keyName\":\"key5\",\"keyVaultUri\":\"https://keyvault-rg1.vault.azure.net\",\"keyVersion\":\"\",\"identity\":{\"userAssignedIdentity\":\"/subscriptions/326100e2-f69d-4268-8503-075374f62b6e/resourcegroups/shubham-rg/providers/Microsoft.ManagedIdentity/userAssignedIdentities/MSI-rg01\"}}],\"requireInfrastructureEncryption\":false},\"kafkaEnabled\":true,\"provisioningState\":\"ActivatingIdentity\",\"metricId\":\"326100e2-f69d-4268-8503-075374f62b6e:namespacev5b251c4\",\"createdAt\":\"2022-11-07T05:08:49.437Z\",\"updatedAt\":\"2022-11-07T05:12:46.127Z\",\"serviceBusEndpoint\":\"https://namespaceV5b251c4.servicebus.windows.net:443/\",\"status\":\"Active\"}}"
    }
  },
  "New-AzEventHubNamespaceV2+[NoContext]+SetExpanded+$GET+https://management.azure.com/subscriptions/326100e2-f69d-4268-8503-075374f62b6e/resourceGroups/resourceGroupAutorest6ngvcm/providers/Microsoft.EventHub/namespaces/namespaceV5b251c4?api-version=2022-01-01-preview+35": {
    "Request": {
      "Method": "GET",
      "RequestUri": "https://management.azure.com/subscriptions/326100e2-f69d-4268-8503-075374f62b6e/resourceGroups/resourceGroupAutorest6ngvcm/providers/Microsoft.EventHub/namespaces/namespaceV5b251c4?api-version=2022-01-01-preview",
      "Content": null,
      "Headers": {
        "Authorization": [ "[Filtered]" ],
        "x-ms-unique-id": [ "38" ],
        "x-ms-client-request-id": [ "8d6878bd-09ef-4766-8a4e-49587f4c571f" ],
        "CommandName": [ "Az.EventHub.private\\New-AzEventHubNamespaceV2_CreateExpanded" ],
        "FullCommandName": [ "New-AzEventHubNamespaceV2_CreateExpanded" ],
        "ParameterSetName": [ "__AllParameterSets" ],
        "User-Agent": [ "AzurePowershell/Az4.0.0-preview" ]
      },
      "ContentHeaders": {
      }
    },
    "Response": {
      "StatusCode": 200,
      "Headers": {
        "Cache-Control": [ "no-cache" ],
        "Pragma": [ "no-cache" ],
        "x-ms-request-id": [ "eeb36d1e-b1b2-451c-b8dd-0998f7ca5cd6_M1SN1_M1SN1" ],
        "Server-SB": [ "Service-Bus-Resource-Provider/SN1" ],
        "Server": [ "Service-Bus-Resource-Provider/SN1", "Microsoft-HTTPAPI/2.0" ],
        "x-ms-ratelimit-remaining-subscription-reads": [ "11969" ],
        "x-ms-correlation-request-id": [ "481284eb-7c0d-41f5-9c0d-332656e69150" ],
        "x-ms-routing-request-id": [ "SOUTHCENTRALUS:20221107T051322Z:481284eb-7c0d-41f5-9c0d-332656e69150" ],
        "Strict-Transport-Security": [ "max-age=31536000; includeSubDomains" ],
        "X-Content-Type-Options": [ "nosniff" ],
        "Date": [ "Mon, 07 Nov 2022 05:13:22 GMT" ]
      },
      "ContentHeaders": {
        "Content-Length": [ "1814" ],
        "Content-Type": [ "application/json; charset=utf-8" ],
        "Expires": [ "-1" ]
      },
      "Content": "{\"sku\":{\"name\":\"Premium\",\"tier\":\"Premium\",\"capacity\":1},\"id\":\"/subscriptions/326100e2-f69d-4268-8503-075374f62b6e/resourceGroups/resourceGroupAutorest6ngvcm/providers/Microsoft.EventHub/namespaces/namespaceV5b251c4\",\"name\":\"namespaceV5b251c4\",\"type\":\"Microsoft.EventHub/Namespaces\",\"location\":\"North Europe\",\"tags\":{},\"identity\":{\"type\":\"UserAssigned\",\"userAssignedIdentities\":{\"/subscriptions/326100e2-f69d-4268-8503-075374f62b6e/resourcegroups/shubham-rg/providers/Microsoft.ManagedIdentity/userAssignedIdentities/MSI-rg02\":{},\"/subscriptions/326100e2-f69d-4268-8503-075374f62b6e/resourcegroups/shubham-rg/providers/Microsoft.ManagedIdentity/userAssignedIdentities/MSI-rg01\":{}}},\"properties\":{\"minimumTlsVersion\":\"1.2\",\"publicNetworkAccess\":\"Enabled\",\"disableLocalAuth\":false,\"zoneRedundant\":true,\"isAutoInflateEnabled\":false,\"maximumThroughputUnits\":0,\"encryption\":{\"keySource\":\"Microsoft.KeyVault\",\"keyVaultProperties\":[{\"keyName\":\"key4\",\"keyVaultUri\":\"https://keyvault-rg1.vault.azure.net\",\"keyVersion\":\"\",\"identity\":{\"userAssignedIdentity\":\"/subscriptions/326100e2-f69d-4268-8503-075374f62b6e/resourcegroups/shubham-rg/providers/Microsoft.ManagedIdentity/userAssignedIdentities/MSI-rg01\"}},{\"keyName\":\"key5\",\"keyVaultUri\":\"https://keyvault-rg1.vault.azure.net\",\"keyVersion\":\"\",\"identity\":{\"userAssignedIdentity\":\"/subscriptions/326100e2-f69d-4268-8503-075374f62b6e/resourcegroups/shubham-rg/providers/Microsoft.ManagedIdentity/userAssignedIdentities/MSI-rg01\"}}],\"requireInfrastructureEncryption\":false},\"kafkaEnabled\":true,\"provisioningState\":\"ActivatingIdentity\",\"metricId\":\"326100e2-f69d-4268-8503-075374f62b6e:namespacev5b251c4\",\"createdAt\":\"2022-11-07T05:08:49.437Z\",\"updatedAt\":\"2022-11-07T05:12:46.127Z\",\"serviceBusEndpoint\":\"https://namespaceV5b251c4.servicebus.windows.net:443/\",\"status\":\"Active\"}}"
    }
  },
  "New-AzEventHubNamespaceV2+[NoContext]+SetExpanded+$GET+https://management.azure.com/subscriptions/326100e2-f69d-4268-8503-075374f62b6e/resourceGroups/resourceGroupAutorest6ngvcm/providers/Microsoft.EventHub/namespaces/namespaceV5b251c4?api-version=2022-01-01-preview+36": {
    "Request": {
      "Method": "GET",
      "RequestUri": "https://management.azure.com/subscriptions/326100e2-f69d-4268-8503-075374f62b6e/resourceGroups/resourceGroupAutorest6ngvcm/providers/Microsoft.EventHub/namespaces/namespaceV5b251c4?api-version=2022-01-01-preview",
      "Content": null,
      "Headers": {
        "Authorization": [ "[Filtered]" ],
        "x-ms-unique-id": [ "39" ],
        "x-ms-client-request-id": [ "8d6878bd-09ef-4766-8a4e-49587f4c571f" ],
        "CommandName": [ "Az.EventHub.private\\New-AzEventHubNamespaceV2_CreateExpanded" ],
        "FullCommandName": [ "New-AzEventHubNamespaceV2_CreateExpanded" ],
        "ParameterSetName": [ "__AllParameterSets" ],
        "User-Agent": [ "AzurePowershell/Az4.0.0-preview" ]
      },
      "ContentHeaders": {
      }
    },
    "Response": {
      "StatusCode": 200,
      "Headers": {
        "Cache-Control": [ "no-cache" ],
        "Pragma": [ "no-cache" ],
        "x-ms-request-id": [ "222bbd38-df49-4530-b205-69e362cde7fc_M1SN1_M1SN1" ],
        "Server-SB": [ "Service-Bus-Resource-Provider/SN1" ],
        "Server": [ "Service-Bus-Resource-Provider/SN1", "Microsoft-HTTPAPI/2.0" ],
        "x-ms-ratelimit-remaining-subscription-reads": [ "11968" ],
        "x-ms-correlation-request-id": [ "3c9a99c1-dc6d-41fd-8f87-1acd178c718b" ],
        "x-ms-routing-request-id": [ "SOUTHCENTRALUS:20221107T051353Z:3c9a99c1-dc6d-41fd-8f87-1acd178c718b" ],
        "Strict-Transport-Security": [ "max-age=31536000; includeSubDomains" ],
        "X-Content-Type-Options": [ "nosniff" ],
        "Date": [ "Mon, 07 Nov 2022 05:13:52 GMT" ]
      },
      "ContentHeaders": {
        "Content-Length": [ "1814" ],
        "Content-Type": [ "application/json; charset=utf-8" ],
        "Expires": [ "-1" ]
      },
      "Content": "{\"sku\":{\"name\":\"Premium\",\"tier\":\"Premium\",\"capacity\":1},\"id\":\"/subscriptions/326100e2-f69d-4268-8503-075374f62b6e/resourceGroups/resourceGroupAutorest6ngvcm/providers/Microsoft.EventHub/namespaces/namespaceV5b251c4\",\"name\":\"namespaceV5b251c4\",\"type\":\"Microsoft.EventHub/Namespaces\",\"location\":\"North Europe\",\"tags\":{},\"identity\":{\"type\":\"UserAssigned\",\"userAssignedIdentities\":{\"/subscriptions/326100e2-f69d-4268-8503-075374f62b6e/resourcegroups/shubham-rg/providers/Microsoft.ManagedIdentity/userAssignedIdentities/MSI-rg02\":{},\"/subscriptions/326100e2-f69d-4268-8503-075374f62b6e/resourcegroups/shubham-rg/providers/Microsoft.ManagedIdentity/userAssignedIdentities/MSI-rg01\":{}}},\"properties\":{\"minimumTlsVersion\":\"1.2\",\"publicNetworkAccess\":\"Enabled\",\"disableLocalAuth\":false,\"zoneRedundant\":true,\"isAutoInflateEnabled\":false,\"maximumThroughputUnits\":0,\"encryption\":{\"keySource\":\"Microsoft.KeyVault\",\"keyVaultProperties\":[{\"keyName\":\"key4\",\"keyVaultUri\":\"https://keyvault-rg1.vault.azure.net\",\"keyVersion\":\"\",\"identity\":{\"userAssignedIdentity\":\"/subscriptions/326100e2-f69d-4268-8503-075374f62b6e/resourcegroups/shubham-rg/providers/Microsoft.ManagedIdentity/userAssignedIdentities/MSI-rg01\"}},{\"keyName\":\"key5\",\"keyVaultUri\":\"https://keyvault-rg1.vault.azure.net\",\"keyVersion\":\"\",\"identity\":{\"userAssignedIdentity\":\"/subscriptions/326100e2-f69d-4268-8503-075374f62b6e/resourcegroups/shubham-rg/providers/Microsoft.ManagedIdentity/userAssignedIdentities/MSI-rg01\"}}],\"requireInfrastructureEncryption\":false},\"kafkaEnabled\":true,\"provisioningState\":\"ActivatingIdentity\",\"metricId\":\"326100e2-f69d-4268-8503-075374f62b6e:namespacev5b251c4\",\"createdAt\":\"2022-11-07T05:08:49.437Z\",\"updatedAt\":\"2022-11-07T05:12:46.127Z\",\"serviceBusEndpoint\":\"https://namespaceV5b251c4.servicebus.windows.net:443/\",\"status\":\"Active\"}}"
    }
  },
  "New-AzEventHubNamespaceV2+[NoContext]+SetExpanded+$GET+https://management.azure.com/subscriptions/326100e2-f69d-4268-8503-075374f62b6e/resourceGroups/resourceGroupAutorest6ngvcm/providers/Microsoft.EventHub/namespaces/namespaceV5b251c4?api-version=2022-01-01-preview+37": {
    "Request": {
      "Method": "GET",
      "RequestUri": "https://management.azure.com/subscriptions/326100e2-f69d-4268-8503-075374f62b6e/resourceGroups/resourceGroupAutorest6ngvcm/providers/Microsoft.EventHub/namespaces/namespaceV5b251c4?api-version=2022-01-01-preview",
      "Content": null,
      "Headers": {
        "Authorization": [ "[Filtered]" ],
        "x-ms-unique-id": [ "40" ],
        "x-ms-client-request-id": [ "8d6878bd-09ef-4766-8a4e-49587f4c571f" ],
        "CommandName": [ "Az.EventHub.private\\New-AzEventHubNamespaceV2_CreateExpanded" ],
        "FullCommandName": [ "New-AzEventHubNamespaceV2_CreateExpanded" ],
        "ParameterSetName": [ "__AllParameterSets" ],
        "User-Agent": [ "AzurePowershell/Az4.0.0-preview" ]
      },
      "ContentHeaders": {
      }
    },
    "Response": {
      "StatusCode": 200,
      "Headers": {
        "Cache-Control": [ "no-cache" ],
        "Pragma": [ "no-cache" ],
        "x-ms-request-id": [ "d03cdd68-626e-4726-9dc3-e1dc4c5f419b_M1SN1_M1SN1" ],
        "Server-SB": [ "Service-Bus-Resource-Provider/SN1" ],
        "Server": [ "Service-Bus-Resource-Provider/SN1", "Microsoft-HTTPAPI/2.0" ],
        "x-ms-ratelimit-remaining-subscription-reads": [ "11967" ],
        "x-ms-correlation-request-id": [ "31db2055-c43e-4e8f-b6c7-e7d063055720" ],
        "x-ms-routing-request-id": [ "SOUTHCENTRALUS:20221107T051423Z:31db2055-c43e-4e8f-b6c7-e7d063055720" ],
        "Strict-Transport-Security": [ "max-age=31536000; includeSubDomains" ],
        "X-Content-Type-Options": [ "nosniff" ],
        "Date": [ "Mon, 07 Nov 2022 05:14:23 GMT" ]
      },
      "ContentHeaders": {
        "Content-Length": [ "1814" ],
        "Content-Type": [ "application/json; charset=utf-8" ],
        "Expires": [ "-1" ]
      },
      "Content": "{\"sku\":{\"name\":\"Premium\",\"tier\":\"Premium\",\"capacity\":1},\"id\":\"/subscriptions/326100e2-f69d-4268-8503-075374f62b6e/resourceGroups/resourceGroupAutorest6ngvcm/providers/Microsoft.EventHub/namespaces/namespaceV5b251c4\",\"name\":\"namespaceV5b251c4\",\"type\":\"Microsoft.EventHub/Namespaces\",\"location\":\"North Europe\",\"tags\":{},\"identity\":{\"type\":\"UserAssigned\",\"userAssignedIdentities\":{\"/subscriptions/326100e2-f69d-4268-8503-075374f62b6e/resourcegroups/shubham-rg/providers/Microsoft.ManagedIdentity/userAssignedIdentities/MSI-rg02\":{},\"/subscriptions/326100e2-f69d-4268-8503-075374f62b6e/resourcegroups/shubham-rg/providers/Microsoft.ManagedIdentity/userAssignedIdentities/MSI-rg01\":{}}},\"properties\":{\"minimumTlsVersion\":\"1.2\",\"publicNetworkAccess\":\"Enabled\",\"disableLocalAuth\":false,\"zoneRedundant\":true,\"isAutoInflateEnabled\":false,\"maximumThroughputUnits\":0,\"encryption\":{\"keySource\":\"Microsoft.KeyVault\",\"keyVaultProperties\":[{\"keyName\":\"key4\",\"keyVaultUri\":\"https://keyvault-rg1.vault.azure.net\",\"keyVersion\":\"\",\"identity\":{\"userAssignedIdentity\":\"/subscriptions/326100e2-f69d-4268-8503-075374f62b6e/resourcegroups/shubham-rg/providers/Microsoft.ManagedIdentity/userAssignedIdentities/MSI-rg01\"}},{\"keyName\":\"key5\",\"keyVaultUri\":\"https://keyvault-rg1.vault.azure.net\",\"keyVersion\":\"\",\"identity\":{\"userAssignedIdentity\":\"/subscriptions/326100e2-f69d-4268-8503-075374f62b6e/resourcegroups/shubham-rg/providers/Microsoft.ManagedIdentity/userAssignedIdentities/MSI-rg01\"}}],\"requireInfrastructureEncryption\":false},\"kafkaEnabled\":true,\"provisioningState\":\"ActivatingIdentity\",\"metricId\":\"326100e2-f69d-4268-8503-075374f62b6e:namespacev5b251c4\",\"createdAt\":\"2022-11-07T05:08:49.437Z\",\"updatedAt\":\"2022-11-07T05:12:46.127Z\",\"serviceBusEndpoint\":\"https://namespaceV5b251c4.servicebus.windows.net:443/\",\"status\":\"Active\"}}"
    }
  },
  "New-AzEventHubNamespaceV2+[NoContext]+SetExpanded+$GET+https://management.azure.com/subscriptions/326100e2-f69d-4268-8503-075374f62b6e/resourceGroups/resourceGroupAutorest6ngvcm/providers/Microsoft.EventHub/namespaces/namespaceV5b251c4?api-version=2022-01-01-preview+38": {
    "Request": {
      "Method": "GET",
      "RequestUri": "https://management.azure.com/subscriptions/326100e2-f69d-4268-8503-075374f62b6e/resourceGroups/resourceGroupAutorest6ngvcm/providers/Microsoft.EventHub/namespaces/namespaceV5b251c4?api-version=2022-01-01-preview",
      "Content": null,
      "Headers": {
        "Authorization": [ "[Filtered]" ],
        "x-ms-unique-id": [ "41" ],
        "x-ms-client-request-id": [ "8d6878bd-09ef-4766-8a4e-49587f4c571f" ],
        "CommandName": [ "Az.EventHub.private\\New-AzEventHubNamespaceV2_CreateExpanded" ],
        "FullCommandName": [ "New-AzEventHubNamespaceV2_CreateExpanded" ],
        "ParameterSetName": [ "__AllParameterSets" ],
        "User-Agent": [ "AzurePowershell/Az4.0.0-preview" ]
      },
      "ContentHeaders": {
      }
    },
    "Response": {
      "StatusCode": 200,
      "Headers": {
        "Cache-Control": [ "no-cache" ],
        "Pragma": [ "no-cache" ],
        "x-ms-request-id": [ "b9e5c68d-269e-4d5b-ae3b-021efc658790_M1SN1_M1SN1" ],
        "Server-SB": [ "Service-Bus-Resource-Provider/SN1" ],
        "x-ms-ratelimit-remaining-subscription-reads": [ "11966" ],
        "Server": [ "Service-Bus-Resource-Provider/SN1", "Microsoft-HTTPAPI/2.0" ],
        "x-ms-correlation-request-id": [ "e504a95b-e969-4b16-9352-11631380d59b" ],
        "x-ms-routing-request-id": [ "SOUTHCENTRALUS:20221107T051453Z:e504a95b-e969-4b16-9352-11631380d59b" ],
        "Strict-Transport-Security": [ "max-age=31536000; includeSubDomains" ],
        "X-Content-Type-Options": [ "nosniff" ],
        "Date": [ "Mon, 07 Nov 2022 05:14:52 GMT" ]
      },
      "ContentHeaders": {
        "Content-Length": [ "1814" ],
        "Content-Type": [ "application/json; charset=utf-8" ],
        "Expires": [ "-1" ]
      },
      "Content": "{\"sku\":{\"name\":\"Premium\",\"tier\":\"Premium\",\"capacity\":1},\"id\":\"/subscriptions/326100e2-f69d-4268-8503-075374f62b6e/resourceGroups/resourceGroupAutorest6ngvcm/providers/Microsoft.EventHub/namespaces/namespaceV5b251c4\",\"name\":\"namespaceV5b251c4\",\"type\":\"Microsoft.EventHub/Namespaces\",\"location\":\"North Europe\",\"tags\":{},\"identity\":{\"type\":\"UserAssigned\",\"userAssignedIdentities\":{\"/subscriptions/326100e2-f69d-4268-8503-075374f62b6e/resourcegroups/shubham-rg/providers/Microsoft.ManagedIdentity/userAssignedIdentities/MSI-rg02\":{},\"/subscriptions/326100e2-f69d-4268-8503-075374f62b6e/resourcegroups/shubham-rg/providers/Microsoft.ManagedIdentity/userAssignedIdentities/MSI-rg01\":{}}},\"properties\":{\"minimumTlsVersion\":\"1.2\",\"publicNetworkAccess\":\"Enabled\",\"disableLocalAuth\":false,\"zoneRedundant\":true,\"isAutoInflateEnabled\":false,\"maximumThroughputUnits\":0,\"encryption\":{\"keySource\":\"Microsoft.KeyVault\",\"keyVaultProperties\":[{\"keyName\":\"key4\",\"keyVaultUri\":\"https://keyvault-rg1.vault.azure.net\",\"keyVersion\":\"\",\"identity\":{\"userAssignedIdentity\":\"/subscriptions/326100e2-f69d-4268-8503-075374f62b6e/resourcegroups/shubham-rg/providers/Microsoft.ManagedIdentity/userAssignedIdentities/MSI-rg01\"}},{\"keyName\":\"key5\",\"keyVaultUri\":\"https://keyvault-rg1.vault.azure.net\",\"keyVersion\":\"\",\"identity\":{\"userAssignedIdentity\":\"/subscriptions/326100e2-f69d-4268-8503-075374f62b6e/resourcegroups/shubham-rg/providers/Microsoft.ManagedIdentity/userAssignedIdentities/MSI-rg01\"}}],\"requireInfrastructureEncryption\":false},\"kafkaEnabled\":true,\"provisioningState\":\"ActivatingIdentity\",\"metricId\":\"326100e2-f69d-4268-8503-075374f62b6e:namespacev5b251c4\",\"createdAt\":\"2022-11-07T05:08:49.437Z\",\"updatedAt\":\"2022-11-07T05:12:46.127Z\",\"serviceBusEndpoint\":\"https://namespaceV5b251c4.servicebus.windows.net:443/\",\"status\":\"Active\"}}"
    }
  },
  "New-AzEventHubNamespaceV2+[NoContext]+SetExpanded+$GET+https://management.azure.com/subscriptions/326100e2-f69d-4268-8503-075374f62b6e/resourceGroups/resourceGroupAutorest6ngvcm/providers/Microsoft.EventHub/namespaces/namespaceV5b251c4?api-version=2022-01-01-preview+39": {
    "Request": {
      "Method": "GET",
      "RequestUri": "https://management.azure.com/subscriptions/326100e2-f69d-4268-8503-075374f62b6e/resourceGroups/resourceGroupAutorest6ngvcm/providers/Microsoft.EventHub/namespaces/namespaceV5b251c4?api-version=2022-01-01-preview",
      "Content": null,
      "Headers": {
        "Authorization": [ "[Filtered]" ],
        "x-ms-unique-id": [ "42" ],
        "x-ms-client-request-id": [ "8d6878bd-09ef-4766-8a4e-49587f4c571f" ],
        "CommandName": [ "Az.EventHub.private\\New-AzEventHubNamespaceV2_CreateExpanded" ],
        "FullCommandName": [ "New-AzEventHubNamespaceV2_CreateExpanded" ],
        "ParameterSetName": [ "__AllParameterSets" ],
        "User-Agent": [ "AzurePowershell/Az4.0.0-preview" ]
      },
      "ContentHeaders": {
      }
    },
    "Response": {
      "StatusCode": 200,
      "Headers": {
        "Cache-Control": [ "no-cache" ],
        "Pragma": [ "no-cache" ],
        "x-ms-request-id": [ "53b43b7f-3168-4cb1-977e-7ba5e13ea474_M11SN1_M11SN1" ],
        "Server-SB": [ "Service-Bus-Resource-Provider/SN1" ],
        "Server": [ "Service-Bus-Resource-Provider/SN1", "Microsoft-HTTPAPI/2.0" ],
        "x-ms-ratelimit-remaining-subscription-reads": [ "11965" ],
        "x-ms-correlation-request-id": [ "c8a547b1-10b4-441d-8de1-4223090925b6" ],
        "x-ms-routing-request-id": [ "SOUTHCENTRALUS:20221107T051523Z:c8a547b1-10b4-441d-8de1-4223090925b6" ],
        "Strict-Transport-Security": [ "max-age=31536000; includeSubDomains" ],
        "X-Content-Type-Options": [ "nosniff" ],
        "Date": [ "Mon, 07 Nov 2022 05:15:23 GMT" ]
      },
      "ContentHeaders": {
        "Content-Length": [ "1814" ],
        "Content-Type": [ "application/json; charset=utf-8" ],
        "Expires": [ "-1" ]
      },
      "Content": "{\"sku\":{\"name\":\"Premium\",\"tier\":\"Premium\",\"capacity\":1},\"id\":\"/subscriptions/326100e2-f69d-4268-8503-075374f62b6e/resourceGroups/resourceGroupAutorest6ngvcm/providers/Microsoft.EventHub/namespaces/namespaceV5b251c4\",\"name\":\"namespaceV5b251c4\",\"type\":\"Microsoft.EventHub/Namespaces\",\"location\":\"North Europe\",\"tags\":{},\"identity\":{\"type\":\"UserAssigned\",\"userAssignedIdentities\":{\"/subscriptions/326100e2-f69d-4268-8503-075374f62b6e/resourcegroups/shubham-rg/providers/Microsoft.ManagedIdentity/userAssignedIdentities/MSI-rg02\":{},\"/subscriptions/326100e2-f69d-4268-8503-075374f62b6e/resourcegroups/shubham-rg/providers/Microsoft.ManagedIdentity/userAssignedIdentities/MSI-rg01\":{}}},\"properties\":{\"minimumTlsVersion\":\"1.2\",\"publicNetworkAccess\":\"Enabled\",\"disableLocalAuth\":false,\"zoneRedundant\":true,\"isAutoInflateEnabled\":false,\"maximumThroughputUnits\":0,\"encryption\":{\"keySource\":\"Microsoft.KeyVault\",\"keyVaultProperties\":[{\"keyName\":\"key4\",\"keyVaultUri\":\"https://keyvault-rg1.vault.azure.net\",\"keyVersion\":\"\",\"identity\":{\"userAssignedIdentity\":\"/subscriptions/326100e2-f69d-4268-8503-075374f62b6e/resourcegroups/shubham-rg/providers/Microsoft.ManagedIdentity/userAssignedIdentities/MSI-rg01\"}},{\"keyName\":\"key5\",\"keyVaultUri\":\"https://keyvault-rg1.vault.azure.net\",\"keyVersion\":\"\",\"identity\":{\"userAssignedIdentity\":\"/subscriptions/326100e2-f69d-4268-8503-075374f62b6e/resourcegroups/shubham-rg/providers/Microsoft.ManagedIdentity/userAssignedIdentities/MSI-rg01\"}}],\"requireInfrastructureEncryption\":false},\"kafkaEnabled\":true,\"provisioningState\":\"ActivatingIdentity\",\"metricId\":\"326100e2-f69d-4268-8503-075374f62b6e:namespacev5b251c4\",\"createdAt\":\"2022-11-07T05:08:49.437Z\",\"updatedAt\":\"2022-11-07T05:12:46.127Z\",\"serviceBusEndpoint\":\"https://namespaceV5b251c4.servicebus.windows.net:443/\",\"status\":\"Active\"}}"
    }
  },
  "New-AzEventHubNamespaceV2+[NoContext]+SetExpanded+$GET+https://management.azure.com/subscriptions/326100e2-f69d-4268-8503-075374f62b6e/resourceGroups/resourceGroupAutorest6ngvcm/providers/Microsoft.EventHub/namespaces/namespaceV5b251c4?api-version=2022-01-01-preview+40": {
    "Request": {
      "Method": "GET",
      "RequestUri": "https://management.azure.com/subscriptions/326100e2-f69d-4268-8503-075374f62b6e/resourceGroups/resourceGroupAutorest6ngvcm/providers/Microsoft.EventHub/namespaces/namespaceV5b251c4?api-version=2022-01-01-preview",
      "Content": null,
      "Headers": {
        "Authorization": [ "[Filtered]" ],
        "x-ms-unique-id": [ "43" ],
        "x-ms-client-request-id": [ "8d6878bd-09ef-4766-8a4e-49587f4c571f" ],
        "CommandName": [ "Az.EventHub.private\\New-AzEventHubNamespaceV2_CreateExpanded" ],
        "FullCommandName": [ "New-AzEventHubNamespaceV2_CreateExpanded" ],
        "ParameterSetName": [ "__AllParameterSets" ],
        "User-Agent": [ "AzurePowershell/Az4.0.0-preview" ]
      },
      "ContentHeaders": {
      }
    },
    "Response": {
      "StatusCode": 200,
      "Headers": {
        "Cache-Control": [ "no-cache" ],
        "Pragma": [ "no-cache" ],
        "x-ms-request-id": [ "435d4152-1e39-40d1-8327-219c3d926e95_M11SN1_M11SN1" ],
        "Server-SB": [ "Service-Bus-Resource-Provider/SN1" ],
        "Server": [ "Service-Bus-Resource-Provider/SN1", "Microsoft-HTTPAPI/2.0" ],
        "x-ms-ratelimit-remaining-subscription-reads": [ "11964" ],
        "x-ms-correlation-request-id": [ "f0e8684f-f0dc-4d62-873f-576abbd44f7e" ],
        "x-ms-routing-request-id": [ "SOUTHCENTRALUS:20221107T051554Z:f0e8684f-f0dc-4d62-873f-576abbd44f7e" ],
        "Strict-Transport-Security": [ "max-age=31536000; includeSubDomains" ],
        "X-Content-Type-Options": [ "nosniff" ],
        "Date": [ "Mon, 07 Nov 2022 05:15:53 GMT" ]
      },
      "ContentHeaders": {
        "Content-Length": [ "1814" ],
        "Content-Type": [ "application/json; charset=utf-8" ],
        "Expires": [ "-1" ]
      },
      "Content": "{\"sku\":{\"name\":\"Premium\",\"tier\":\"Premium\",\"capacity\":1},\"id\":\"/subscriptions/326100e2-f69d-4268-8503-075374f62b6e/resourceGroups/resourceGroupAutorest6ngvcm/providers/Microsoft.EventHub/namespaces/namespaceV5b251c4\",\"name\":\"namespaceV5b251c4\",\"type\":\"Microsoft.EventHub/Namespaces\",\"location\":\"North Europe\",\"tags\":{},\"identity\":{\"type\":\"UserAssigned\",\"userAssignedIdentities\":{\"/subscriptions/326100e2-f69d-4268-8503-075374f62b6e/resourcegroups/shubham-rg/providers/Microsoft.ManagedIdentity/userAssignedIdentities/MSI-rg02\":{},\"/subscriptions/326100e2-f69d-4268-8503-075374f62b6e/resourcegroups/shubham-rg/providers/Microsoft.ManagedIdentity/userAssignedIdentities/MSI-rg01\":{}}},\"properties\":{\"minimumTlsVersion\":\"1.2\",\"publicNetworkAccess\":\"Enabled\",\"disableLocalAuth\":false,\"zoneRedundant\":true,\"isAutoInflateEnabled\":false,\"maximumThroughputUnits\":0,\"encryption\":{\"keySource\":\"Microsoft.KeyVault\",\"keyVaultProperties\":[{\"keyName\":\"key4\",\"keyVaultUri\":\"https://keyvault-rg1.vault.azure.net\",\"keyVersion\":\"\",\"identity\":{\"userAssignedIdentity\":\"/subscriptions/326100e2-f69d-4268-8503-075374f62b6e/resourcegroups/shubham-rg/providers/Microsoft.ManagedIdentity/userAssignedIdentities/MSI-rg01\"}},{\"keyName\":\"key5\",\"keyVaultUri\":\"https://keyvault-rg1.vault.azure.net\",\"keyVersion\":\"\",\"identity\":{\"userAssignedIdentity\":\"/subscriptions/326100e2-f69d-4268-8503-075374f62b6e/resourcegroups/shubham-rg/providers/Microsoft.ManagedIdentity/userAssignedIdentities/MSI-rg01\"}}],\"requireInfrastructureEncryption\":false},\"kafkaEnabled\":true,\"provisioningState\":\"ActivatingIdentity\",\"metricId\":\"326100e2-f69d-4268-8503-075374f62b6e:namespacev5b251c4\",\"createdAt\":\"2022-11-07T05:08:49.437Z\",\"updatedAt\":\"2022-11-07T05:12:46.127Z\",\"serviceBusEndpoint\":\"https://namespaceV5b251c4.servicebus.windows.net:443/\",\"status\":\"Active\"}}"
    }
  },
  "New-AzEventHubNamespaceV2+[NoContext]+SetExpanded+$GET+https://management.azure.com/subscriptions/326100e2-f69d-4268-8503-075374f62b6e/resourceGroups/resourceGroupAutorest6ngvcm/providers/Microsoft.EventHub/namespaces/namespaceV5b251c4?api-version=2022-01-01-preview+41": {
    "Request": {
      "Method": "GET",
      "RequestUri": "https://management.azure.com/subscriptions/326100e2-f69d-4268-8503-075374f62b6e/resourceGroups/resourceGroupAutorest6ngvcm/providers/Microsoft.EventHub/namespaces/namespaceV5b251c4?api-version=2022-01-01-preview",
      "Content": null,
      "Headers": {
        "Authorization": [ "[Filtered]" ],
        "x-ms-unique-id": [ "44" ],
        "x-ms-client-request-id": [ "8d6878bd-09ef-4766-8a4e-49587f4c571f" ],
        "CommandName": [ "Az.EventHub.private\\New-AzEventHubNamespaceV2_CreateExpanded" ],
        "FullCommandName": [ "New-AzEventHubNamespaceV2_CreateExpanded" ],
        "ParameterSetName": [ "__AllParameterSets" ],
        "User-Agent": [ "AzurePowershell/Az4.0.0-preview" ]
      },
      "ContentHeaders": {
      }
    },
    "Response": {
      "StatusCode": 200,
      "Headers": {
        "Cache-Control": [ "no-cache" ],
        "Pragma": [ "no-cache" ],
        "x-ms-request-id": [ "5bcf83d6-3028-4f18-bdad-3e84866952ae_M11SN1_M11SN1" ],
        "Server-SB": [ "Service-Bus-Resource-Provider/SN1" ],
        "Server": [ "Service-Bus-Resource-Provider/SN1", "Microsoft-HTTPAPI/2.0" ],
        "x-ms-ratelimit-remaining-subscription-reads": [ "11963" ],
        "x-ms-correlation-request-id": [ "f6eba5ff-7f32-4add-97f3-b4573f9b10ef" ],
        "x-ms-routing-request-id": [ "SOUTHCENTRALUS:20221107T051624Z:f6eba5ff-7f32-4add-97f3-b4573f9b10ef" ],
        "Strict-Transport-Security": [ "max-age=31536000; includeSubDomains" ],
        "X-Content-Type-Options": [ "nosniff" ],
        "Date": [ "Mon, 07 Nov 2022 05:16:23 GMT" ]
      },
      "ContentHeaders": {
        "Content-Length": [ "2008" ],
        "Content-Type": [ "application/json; charset=utf-8" ],
        "Expires": [ "-1" ]
      },
      "Content": "{\"sku\":{\"name\":\"Premium\",\"tier\":\"Premium\",\"capacity\":1},\"id\":\"/subscriptions/326100e2-f69d-4268-8503-075374f62b6e/resourceGroups/resourceGroupAutorest6ngvcm/providers/Microsoft.EventHub/namespaces/namespaceV5b251c4\",\"name\":\"namespaceV5b251c4\",\"type\":\"Microsoft.EventHub/Namespaces\",\"location\":\"North Europe\",\"tags\":{},\"identity\":{\"type\":\"UserAssigned\",\"userAssignedIdentities\":{\"/subscriptions/326100e2-f69d-4268-8503-075374f62b6e/resourcegroups/shubham-rg/providers/Microsoft.ManagedIdentity/userAssignedIdentities/MSI-rg02\":{\"clientId\":\"1201f723-2b58-448d-9e5e-e302fcdfacbc\",\"principalId\":\"ceee4453-2c61-4e1b-bff7-87dedfb25103\"},\"/subscriptions/326100e2-f69d-4268-8503-075374f62b6e/resourcegroups/shubham-rg/providers/Microsoft.ManagedIdentity/userAssignedIdentities/MSI-rg01\":{\"clientId\":\"aeb590de-880a-494c-a9c4-eedd842272f0\",\"principalId\":\"723e19ad-62ca-4b38-af07-4d9b7c3261a3\"}}},\"properties\":{\"minimumTlsVersion\":\"1.2\",\"publicNetworkAccess\":\"Enabled\",\"disableLocalAuth\":false,\"zoneRedundant\":true,\"isAutoInflateEnabled\":false,\"maximumThroughputUnits\":0,\"encryption\":{\"keySource\":\"Microsoft.KeyVault\",\"keyVaultProperties\":[{\"keyName\":\"key4\",\"keyVaultUri\":\"https://keyvault-rg1.vault.azure.net\",\"keyVersion\":\"\",\"identity\":{\"userAssignedIdentity\":\"/subscriptions/326100e2-f69d-4268-8503-075374f62b6e/resourcegroups/shubham-rg/providers/Microsoft.ManagedIdentity/userAssignedIdentities/MSI-rg01\"}},{\"keyName\":\"key5\",\"keyVaultUri\":\"https://keyvault-rg1.vault.azure.net\",\"keyVersion\":\"\",\"identity\":{\"userAssignedIdentity\":\"/subscriptions/326100e2-f69d-4268-8503-075374f62b6e/resourcegroups/shubham-rg/providers/Microsoft.ManagedIdentity/userAssignedIdentities/MSI-rg01\"}}],\"requireInfrastructureEncryption\":false},\"kafkaEnabled\":true,\"provisioningState\":\"Succeeded\",\"metricId\":\"326100e2-f69d-4268-8503-075374f62b6e:namespacev5b251c4\",\"createdAt\":\"2022-11-07T05:08:49.437Z\",\"updatedAt\":\"2022-11-07T05:16:07.12Z\",\"serviceBusEndpoint\":\"https://namespaceV5b251c4.servicebus.windows.net:443/\",\"status\":\"Active\"}}"
    }
  },
  "New-AzEventHubNamespaceV2+[NoContext]+SetExpanded+$GET+https://management.azure.com/subscriptions/326100e2-f69d-4268-8503-075374f62b6e/resourceGroups/resourceGroupAutorest6ngvcm/providers/Microsoft.EventHub/namespaces/namespaceV5b251c4?api-version=2022-01-01-preview+42": {
    "Request": {
      "Method": "GET",
      "RequestUri": "https://management.azure.com/subscriptions/326100e2-f69d-4268-8503-075374f62b6e/resourceGroups/resourceGroupAutorest6ngvcm/providers/Microsoft.EventHub/namespaces/namespaceV5b251c4?api-version=2022-01-01-preview",
      "Content": null,
      "Headers": {
        "Authorization": [ "[Filtered]" ],
        "x-ms-unique-id": [ "45" ],
        "x-ms-client-request-id": [ "8d6878bd-09ef-4766-8a4e-49587f4c571f" ],
        "CommandName": [ "Az.EventHub.private\\New-AzEventHubNamespaceV2_CreateExpanded" ],
        "FullCommandName": [ "New-AzEventHubNamespaceV2_CreateExpanded" ],
        "ParameterSetName": [ "__AllParameterSets" ],
        "User-Agent": [ "AzurePowershell/Az4.0.0-preview" ]
      },
      "ContentHeaders": {
      }
    },
    "Response": {
      "StatusCode": 200,
      "Headers": {
        "Cache-Control": [ "no-cache" ],
        "Pragma": [ "no-cache" ],
        "x-ms-request-id": [ "199272bf-6011-49a2-90d3-48922bb55265_M11SN1_M11SN1" ],
        "Server-SB": [ "Service-Bus-Resource-Provider/SN1" ],
        "Server": [ "Service-Bus-Resource-Provider/SN1", "Microsoft-HTTPAPI/2.0" ],
        "x-ms-ratelimit-remaining-subscription-reads": [ "11962" ],
        "x-ms-correlation-request-id": [ "0c17041d-39d6-4620-822f-7877e007bfd5" ],
        "x-ms-routing-request-id": [ "SOUTHCENTRALUS:20221107T051624Z:0c17041d-39d6-4620-822f-7877e007bfd5" ],
        "Strict-Transport-Security": [ "max-age=31536000; includeSubDomains" ],
        "X-Content-Type-Options": [ "nosniff" ],
        "Date": [ "Mon, 07 Nov 2022 05:16:23 GMT" ]
      },
      "ContentHeaders": {
        "Content-Length": [ "2008" ],
        "Content-Type": [ "application/json; charset=utf-8" ],
        "Expires": [ "-1" ]
      },
      "Content": "{\"sku\":{\"name\":\"Premium\",\"tier\":\"Premium\",\"capacity\":1},\"id\":\"/subscriptions/326100e2-f69d-4268-8503-075374f62b6e/resourceGroups/resourceGroupAutorest6ngvcm/providers/Microsoft.EventHub/namespaces/namespaceV5b251c4\",\"name\":\"namespaceV5b251c4\",\"type\":\"Microsoft.EventHub/Namespaces\",\"location\":\"North Europe\",\"tags\":{},\"identity\":{\"type\":\"UserAssigned\",\"userAssignedIdentities\":{\"/subscriptions/326100e2-f69d-4268-8503-075374f62b6e/resourcegroups/shubham-rg/providers/Microsoft.ManagedIdentity/userAssignedIdentities/MSI-rg02\":{\"clientId\":\"1201f723-2b58-448d-9e5e-e302fcdfacbc\",\"principalId\":\"ceee4453-2c61-4e1b-bff7-87dedfb25103\"},\"/subscriptions/326100e2-f69d-4268-8503-075374f62b6e/resourcegroups/shubham-rg/providers/Microsoft.ManagedIdentity/userAssignedIdentities/MSI-rg01\":{\"clientId\":\"aeb590de-880a-494c-a9c4-eedd842272f0\",\"principalId\":\"723e19ad-62ca-4b38-af07-4d9b7c3261a3\"}}},\"properties\":{\"minimumTlsVersion\":\"1.2\",\"publicNetworkAccess\":\"Enabled\",\"disableLocalAuth\":false,\"zoneRedundant\":true,\"isAutoInflateEnabled\":false,\"maximumThroughputUnits\":0,\"encryption\":{\"keySource\":\"Microsoft.KeyVault\",\"keyVaultProperties\":[{\"keyName\":\"key4\",\"keyVaultUri\":\"https://keyvault-rg1.vault.azure.net\",\"keyVersion\":\"\",\"identity\":{\"userAssignedIdentity\":\"/subscriptions/326100e2-f69d-4268-8503-075374f62b6e/resourcegroups/shubham-rg/providers/Microsoft.ManagedIdentity/userAssignedIdentities/MSI-rg01\"}},{\"keyName\":\"key5\",\"keyVaultUri\":\"https://keyvault-rg1.vault.azure.net\",\"keyVersion\":\"\",\"identity\":{\"userAssignedIdentity\":\"/subscriptions/326100e2-f69d-4268-8503-075374f62b6e/resourcegroups/shubham-rg/providers/Microsoft.ManagedIdentity/userAssignedIdentities/MSI-rg01\"}}],\"requireInfrastructureEncryption\":false},\"kafkaEnabled\":true,\"provisioningState\":\"Succeeded\",\"metricId\":\"326100e2-f69d-4268-8503-075374f62b6e:namespacev5b251c4\",\"createdAt\":\"2022-11-07T05:08:49.437Z\",\"updatedAt\":\"2022-11-07T05:16:07.12Z\",\"serviceBusEndpoint\":\"https://namespaceV5b251c4.servicebus.windows.net:443/\",\"status\":\"Active\"}}"
    }
  },
  "New-AzEventHubNamespaceV2+[NoContext]+SetExpanded+$GET+https://management.azure.com/subscriptions/326100e2-f69d-4268-8503-075374f62b6e/resourceGroups/resourceGroupAutorest6ngvcm/providers/Microsoft.EventHub/namespaces/namespaceV5b251c4?api-version=2022-01-01-preview+43": {
    "Request": {
      "Method": "GET",
      "RequestUri": "https://management.azure.com/subscriptions/326100e2-f69d-4268-8503-075374f62b6e/resourceGroups/resourceGroupAutorest6ngvcm/providers/Microsoft.EventHub/namespaces/namespaceV5b251c4?api-version=2022-01-01-preview",
      "Content": null,
      "Headers": {
        "x-ms-unique-id": [ "46" ],
        "x-ms-client-request-id": [ "fc5a73c5-9daa-466a-b69b-b0bb3c0b61c7" ],
        "CommandName": [ "Get-AzEventHubNamespaceV2" ],
        "FullCommandName": [ "Get-AzEventHubNamespaceV2_Get" ],
        "ParameterSetName": [ "__AllParameterSets" ],
        "User-Agent": [ "AzurePowershell/Az4.0.0-preview" ],
        "Authorization": [ "[Filtered]" ]
      },
      "ContentHeaders": {
      }
    },
    "Response": {
      "StatusCode": 200,
      "Headers": {
        "Cache-Control": [ "no-cache" ],
        "Pragma": [ "no-cache" ],
        "x-ms-request-id": [ "b0c5387f-2acf-42b3-af13-a46442a86615_M11SN1_M11SN1" ],
        "Server-SB": [ "Service-Bus-Resource-Provider/SN1" ],
        "Server": [ "Service-Bus-Resource-Provider/SN1", "Microsoft-HTTPAPI/2.0" ],
        "x-ms-ratelimit-remaining-subscription-reads": [ "11961" ],
        "x-ms-correlation-request-id": [ "a0893b23-7bfc-4bf3-9682-465201f49e10" ],
        "x-ms-routing-request-id": [ "SOUTHCENTRALUS:20221107T051624Z:a0893b23-7bfc-4bf3-9682-465201f49e10" ],
        "Strict-Transport-Security": [ "max-age=31536000; includeSubDomains" ],
        "X-Content-Type-Options": [ "nosniff" ],
        "Date": [ "Mon, 07 Nov 2022 05:16:24 GMT" ]
      },
      "ContentHeaders": {
        "Content-Length": [ "2008" ],
        "Content-Type": [ "application/json; charset=utf-8" ],
        "Expires": [ "-1" ]
      },
      "Content": "{\"sku\":{\"name\":\"Premium\",\"tier\":\"Premium\",\"capacity\":1},\"id\":\"/subscriptions/326100e2-f69d-4268-8503-075374f62b6e/resourceGroups/resourceGroupAutorest6ngvcm/providers/Microsoft.EventHub/namespaces/namespaceV5b251c4\",\"name\":\"namespaceV5b251c4\",\"type\":\"Microsoft.EventHub/Namespaces\",\"location\":\"North Europe\",\"tags\":{},\"identity\":{\"type\":\"UserAssigned\",\"userAssignedIdentities\":{\"/subscriptions/326100e2-f69d-4268-8503-075374f62b6e/resourcegroups/shubham-rg/providers/Microsoft.ManagedIdentity/userAssignedIdentities/MSI-rg02\":{\"clientId\":\"1201f723-2b58-448d-9e5e-e302fcdfacbc\",\"principalId\":\"ceee4453-2c61-4e1b-bff7-87dedfb25103\"},\"/subscriptions/326100e2-f69d-4268-8503-075374f62b6e/resourcegroups/shubham-rg/providers/Microsoft.ManagedIdentity/userAssignedIdentities/MSI-rg01\":{\"clientId\":\"aeb590de-880a-494c-a9c4-eedd842272f0\",\"principalId\":\"723e19ad-62ca-4b38-af07-4d9b7c3261a3\"}}},\"properties\":{\"minimumTlsVersion\":\"1.2\",\"publicNetworkAccess\":\"Enabled\",\"disableLocalAuth\":false,\"zoneRedundant\":true,\"isAutoInflateEnabled\":false,\"maximumThroughputUnits\":0,\"encryption\":{\"keySource\":\"Microsoft.KeyVault\",\"keyVaultProperties\":[{\"keyName\":\"key4\",\"keyVaultUri\":\"https://keyvault-rg1.vault.azure.net\",\"keyVersion\":\"\",\"identity\":{\"userAssignedIdentity\":\"/subscriptions/326100e2-f69d-4268-8503-075374f62b6e/resourcegroups/shubham-rg/providers/Microsoft.ManagedIdentity/userAssignedIdentities/MSI-rg01\"}},{\"keyName\":\"key5\",\"keyVaultUri\":\"https://keyvault-rg1.vault.azure.net\",\"keyVersion\":\"\",\"identity\":{\"userAssignedIdentity\":\"/subscriptions/326100e2-f69d-4268-8503-075374f62b6e/resourcegroups/shubham-rg/providers/Microsoft.ManagedIdentity/userAssignedIdentities/MSI-rg01\"}}],\"requireInfrastructureEncryption\":false},\"kafkaEnabled\":true,\"provisioningState\":\"Succeeded\",\"metricId\":\"326100e2-f69d-4268-8503-075374f62b6e:namespacev5b251c4\",\"createdAt\":\"2022-11-07T05:08:49.437Z\",\"updatedAt\":\"2022-11-07T05:16:07.12Z\",\"serviceBusEndpoint\":\"https://namespaceV5b251c4.servicebus.windows.net:443/\",\"status\":\"Active\"}}"
    }
  }
}