{
  "New-AzEventHubGeoDRConfiguration+[NoContext]+CreateExpanded+$PUT+https://management.azure.com/subscriptions/326100e2-f69d-4268-8503-075374f62b6e/resourceGroups/resourceGroupAutorestwfkmlo/providers/Microsoft.EventHub/namespaces/namespaceNamerje0s7/disasterRecoveryConfigs/aliasx2g159?api-version=2022-10-01-preview+1": {
    "Request": {
      "Method": "PUT",
      "RequestUri": "https://management.azure.com/subscriptions/326100e2-f69d-4268-8503-075374f62b6e/resourceGroups/resourceGroupAutorestwfkmlo/providers/Microsoft.EventHub/namespaces/namespaceNamerje0s7/disasterRecoveryConfigs/aliasx2g159?api-version=2022-10-01-preview",
      "Content": "{\n  \"properties\": {\n    \"partnerNamespace\": \"/subscriptions/326100e2-f69d-4268-8503-075374f62b6e/resourceGroups/resourceGroupAutorestwfkmlo/providers/Microsoft.EventHub/namespaces/namespaceNameknezys\"\n  }\n}",
      "isContentBase64": false,
      "Headers": {
      },
      "ContentHeaders": {
        "Content-Type": [ "application/json" ],
        "Content-Length": [ "206" ]
      }
    },
    "Response": {
      "StatusCode": 200,
      "Headers": {
        "Cache-Control": [ "no-cache" ],
        "Pragma": [ "no-cache" ],
        "x-ms-request-id": [ "5b13d6ec-ac5d-49a0-bc01-39e84e5091ba_M3SN1_M3SN1" ],
        "Server-SB": [ "Service-Bus-Resource-Provider/SN1" ],
        "Server": [ "Service-Bus-Resource-Provider/SN1", "Microsoft-HTTPAPI/2.0" ],
        "x-ms-ratelimit-remaining-subscription-writes": [ "1186" ],
        "x-ms-correlation-request-id": [ "3feb9756-2f7d-4a73-8849-c41b1af6109c" ],
        "x-ms-routing-request-id": [ "SOUTHCENTRALUS:20230213T173824Z:3feb9756-2f7d-4a73-8849-c41b1af6109c" ],
        "Strict-Transport-Security": [ "max-age=31536000; includeSubDomains" ],
        "X-Content-Type-Options": [ "nosniff" ],
        "Date": [ "Mon, 13 Feb 2023 17:38:23 GMT" ]
      },
      "ContentHeaders": {
        "Content-Length": [ "551" ],
        "Content-Type": [ "application/json; charset=utf-8" ],
        "Expires": [ "-1" ]
      },
      "Content": "{\"id\":\"/subscriptions/326100e2-f69d-4268-8503-075374f62b6e/resourceGroups/resourceGroupAutorestwfkmlo/providers/Microsoft.EventHub/namespaces/namespaceNamerje0s7/disasterRecoveryConfigs/aliasx2g159\",\"name\":\"aliasx2g159\",\"type\":\"Microsoft.EventHub/Namespaces/disasterrecoveryconfigs\",\"properties\":{\"provisioningState\":\"Accepted\",\"partnerNamespace\":\"/subscriptions/326100e2-f69d-4268-8503-075374f62b6e/resourceGroups/resourceGroupAutorestwfkmlo/providers/Microsoft.EventHub/namespaces/namespaceNameknezys\",\"role\":\"Primary\",\"type\":\"MetadataReplication\"}}",
      "isContentBase64": false
    }
  },
  "New-AzEventHubGeoDRConfiguration+[NoContext]+CreateExpanded+$GET+https://management.azure.com/subscriptions/326100e2-f69d-4268-8503-075374f62b6e/resourceGroups/resourceGroupAutorestwfkmlo/providers/Microsoft.EventHub/namespaces/namespaceNamerje0s7/disasterRecoveryConfigs/aliasx2g159?api-version=2022-10-01-preview+2": {
    "Request": {
      "Method": "GET",
      "RequestUri": "https://management.azure.com/subscriptions/326100e2-f69d-4268-8503-075374f62b6e/resourceGroups/resourceGroupAutorestwfkmlo/providers/Microsoft.EventHub/namespaces/namespaceNamerje0s7/disasterRecoveryConfigs/aliasx2g159?api-version=2022-10-01-preview",
      "Content": null,
      "isContentBase64": false,
      "Headers": {
        "x-ms-unique-id": [ "87" ],
        "x-ms-client-request-id": [ "f585801e-87bc-4d0f-bf28-9d39c2f27c23" ],
        "CommandName": [ "Get-AzEventHubGeoDRConfiguration" ],
        "FullCommandName": [ "Get-AzEventHubGeoDRConfiguration_Get" ],
        "ParameterSetName": [ "__AllParameterSets" ],
        "User-Agent": [ "AzurePowershell/v0.0.0", "PSVersion/v7.1.3", "Az.EventHub/0.1.0" ],
        "Authorization": [ "[Filtered]" ]
      },
      "ContentHeaders": {
      }
    },
    "Response": {
      "StatusCode": 200,
      "Headers": {
        "Cache-Control": [ "no-cache" ],
        "Pragma": [ "no-cache" ],
        "x-ms-request-id": [ "abc04c10-96f9-4507-9620-e66dc31b3e7d_M3SN1_M3SN1" ],
        "Server-SB": [ "Service-Bus-Resource-Provider/SN1" ],
        "Server": [ "Service-Bus-Resource-Provider/SN1", "Microsoft-HTTPAPI/2.0" ],
        "x-ms-ratelimit-remaining-subscription-reads": [ "11931" ],
        "x-ms-correlation-request-id": [ "af883ed0-4cb0-4ba6-bf70-f7395f3fb328" ],
        "x-ms-routing-request-id": [ "SOUTHCENTRALUS:20230213T173824Z:af883ed0-4cb0-4ba6-bf70-f7395f3fb328" ],
        "Strict-Transport-Security": [ "max-age=31536000; includeSubDomains" ],
        "X-Content-Type-Options": [ "nosniff" ],
        "Date": [ "Mon, 13 Feb 2023 17:38:24 GMT" ]
      },
      "ContentHeaders": {
        "Content-Length": [ "551" ],
        "Content-Type": [ "application/json; charset=utf-8" ],
        "Expires": [ "-1" ]
      },
      "Content": "{\"id\":\"/subscriptions/326100e2-f69d-4268-8503-075374f62b6e/resourceGroups/resourceGroupAutorestwfkmlo/providers/Microsoft.EventHub/namespaces/namespaceNamerje0s7/disasterRecoveryConfigs/aliasx2g159\",\"name\":\"aliasx2g159\",\"type\":\"Microsoft.EventHub/Namespaces/disasterrecoveryconfigs\",\"properties\":{\"provisioningState\":\"Accepted\",\"partnerNamespace\":\"/subscriptions/326100e2-f69d-4268-8503-075374f62b6e/resourceGroups/resourceGroupAutorestwfkmlo/providers/Microsoft.EventHub/namespaces/namespaceNameknezys\",\"role\":\"Primary\",\"type\":\"MetadataReplication\"}}",
      "isContentBase64": false
    }
  },
  "New-AzEventHubGeoDRConfiguration+[NoContext]+CreateExpanded+$GET+https://management.azure.com/subscriptions/326100e2-f69d-4268-8503-075374f62b6e/resourceGroups/resourceGroupAutorestwfkmlo/providers/Microsoft.EventHub/namespaces/namespaceNamerje0s7/disasterRecoveryConfigs/aliasx2g159?api-version=2022-10-01-preview+3": {
    "Request": {
      "Method": "GET",
      "RequestUri": "https://management.azure.com/subscriptions/326100e2-f69d-4268-8503-075374f62b6e/resourceGroups/resourceGroupAutorestwfkmlo/providers/Microsoft.EventHub/namespaces/namespaceNamerje0s7/disasterRecoveryConfigs/aliasx2g159?api-version=2022-10-01-preview",
      "Content": null,
      "isContentBase64": false,
      "Headers": {
        "x-ms-unique-id": [ "88" ],
        "x-ms-client-request-id": [ "0c9e88ab-5f0a-46c9-b73c-7c66f20cfd58" ],
        "CommandName": [ "Get-AzEventHubGeoDRConfiguration" ],
        "FullCommandName": [ "Get-AzEventHubGeoDRConfiguration_Get" ],
        "ParameterSetName": [ "__AllParameterSets" ],
        "User-Agent": [ "AzurePowershell/v0.0.0", "PSVersion/v7.1.3", "Az.EventHub/0.1.0" ],
        "Authorization": [ "[Filtered]" ]
      },
      "ContentHeaders": {
      }
    },
    "Response": {
      "StatusCode": 200,
      "Headers": {
        "Cache-Control": [ "no-cache" ],
        "Pragma": [ "no-cache" ],
        "x-ms-request-id": [ "c0972363-ea70-4ee3-9409-5394d6410c7c_M3SN1_M3SN1" ],
        "Server-SB": [ "Service-Bus-Resource-Provider/SN1" ],
        "Server": [ "Service-Bus-Resource-Provider/SN1", "Microsoft-HTTPAPI/2.0" ],
        "x-ms-ratelimit-remaining-subscription-reads": [ "11930" ],
        "x-ms-correlation-request-id": [ "b813f05c-06cd-4c27-8a0b-9be12931f19a" ],
        "x-ms-routing-request-id": [ "SOUTHCENTRALUS:20230213T173835Z:b813f05c-06cd-4c27-8a0b-9be12931f19a" ],
        "Strict-Transport-Security": [ "max-age=31536000; includeSubDomains" ],
        "X-Content-Type-Options": [ "nosniff" ],
        "Date": [ "Mon, 13 Feb 2023 17:38:35 GMT" ]
      },
      "ContentHeaders": {
        "Content-Length": [ "551" ],
        "Content-Type": [ "application/json; charset=utf-8" ],
        "Expires": [ "-1" ]
      },
      "Content": "{\"id\":\"/subscriptions/326100e2-f69d-4268-8503-075374f62b6e/resourceGroups/resourceGroupAutorestwfkmlo/providers/Microsoft.EventHub/namespaces/namespaceNamerje0s7/disasterRecoveryConfigs/aliasx2g159\",\"name\":\"aliasx2g159\",\"type\":\"Microsoft.EventHub/Namespaces/disasterrecoveryconfigs\",\"properties\":{\"provisioningState\":\"Accepted\",\"partnerNamespace\":\"/subscriptions/326100e2-f69d-4268-8503-075374f62b6e/resourceGroups/resourceGroupAutorestwfkmlo/providers/Microsoft.EventHub/namespaces/namespaceNameknezys\",\"role\":\"Primary\",\"type\":\"MetadataReplication\"}}",
      "isContentBase64": false
    }
  },
  "New-AzEventHubGeoDRConfiguration+[NoContext]+CreateExpanded+$GET+https://management.azure.com/subscriptions/326100e2-f69d-4268-8503-075374f62b6e/resourceGroups/resourceGroupAutorestwfkmlo/providers/Microsoft.EventHub/namespaces/namespaceNamerje0s7/disasterRecoveryConfigs/aliasx2g159?api-version=2022-10-01-preview+4": {
    "Request": {
      "Method": "GET",
      "RequestUri": "https://management.azure.com/subscriptions/326100e2-f69d-4268-8503-075374f62b6e/resourceGroups/resourceGroupAutorestwfkmlo/providers/Microsoft.EventHub/namespaces/namespaceNamerje0s7/disasterRecoveryConfigs/aliasx2g159?api-version=2022-10-01-preview",
      "Content": null,
      "isContentBase64": false,
      "Headers": {
        "x-ms-unique-id": [ "89" ],
        "x-ms-client-request-id": [ "0eb2b726-93a0-4605-be7b-20bd03f860b3" ],
        "CommandName": [ "Get-AzEventHubGeoDRConfiguration" ],
        "FullCommandName": [ "Get-AzEventHubGeoDRConfiguration_Get" ],
        "ParameterSetName": [ "__AllParameterSets" ],
        "User-Agent": [ "AzurePowershell/v0.0.0", "PSVersion/v7.1.3", "Az.EventHub/0.1.0" ],
        "Authorization": [ "[Filtered]" ]
      },
      "ContentHeaders": {
      }
    },
    "Response": {
      "StatusCode": 200,
      "Headers": {
        "Cache-Control": [ "no-cache" ],
        "Pragma": [ "no-cache" ],
        "x-ms-request-id": [ "44e95704-db0f-4473-b029-4a2166b5aba2_M3SN1_M3SN1" ],
        "Server-SB": [ "Service-Bus-Resource-Provider/SN1" ],
        "Server": [ "Service-Bus-Resource-Provider/SN1", "Microsoft-HTTPAPI/2.0" ],
        "x-ms-ratelimit-remaining-subscription-reads": [ "11929" ],
        "x-ms-correlation-request-id": [ "90eddb99-fe78-461a-9902-2d19825677a7" ],
        "x-ms-routing-request-id": [ "SOUTHCENTRALUS:20230213T173845Z:90eddb99-fe78-461a-9902-2d19825677a7" ],
        "Strict-Transport-Security": [ "max-age=31536000; includeSubDomains" ],
        "X-Content-Type-Options": [ "nosniff" ],
        "Date": [ "Mon, 13 Feb 2023 17:38:45 GMT" ]
      },
      "ContentHeaders": {
        "Content-Length": [ "551" ],
        "Content-Type": [ "application/json; charset=utf-8" ],
        "Expires": [ "-1" ]
      },
      "Content": "{\"id\":\"/subscriptions/326100e2-f69d-4268-8503-075374f62b6e/resourceGroups/resourceGroupAutorestwfkmlo/providers/Microsoft.EventHub/namespaces/namespaceNamerje0s7/disasterRecoveryConfigs/aliasx2g159\",\"name\":\"aliasx2g159\",\"type\":\"Microsoft.EventHub/Namespaces/disasterrecoveryconfigs\",\"properties\":{\"provisioningState\":\"Accepted\",\"partnerNamespace\":\"/subscriptions/326100e2-f69d-4268-8503-075374f62b6e/resourceGroups/resourceGroupAutorestwfkmlo/providers/Microsoft.EventHub/namespaces/namespaceNameknezys\",\"role\":\"Primary\",\"type\":\"MetadataReplication\"}}",
      "isContentBase64": false
    }
  },
  "New-AzEventHubGeoDRConfiguration+[NoContext]+CreateExpanded+$GET+https://management.azure.com/subscriptions/326100e2-f69d-4268-8503-075374f62b6e/resourceGroups/resourceGroupAutorestwfkmlo/providers/Microsoft.EventHub/namespaces/namespaceNamerje0s7/disasterRecoveryConfigs/aliasx2g159?api-version=2022-10-01-preview+5": {
    "Request": {
      "Method": "GET",
      "RequestUri": "https://management.azure.com/subscriptions/326100e2-f69d-4268-8503-075374f62b6e/resourceGroups/resourceGroupAutorestwfkmlo/providers/Microsoft.EventHub/namespaces/namespaceNamerje0s7/disasterRecoveryConfigs/aliasx2g159?api-version=2022-10-01-preview",
      "Content": null,
      "isContentBase64": false,
      "Headers": {
        "x-ms-unique-id": [ "90" ],
        "x-ms-client-request-id": [ "820af31f-ebfb-44a0-9bb4-059ce814a037" ],
        "CommandName": [ "Get-AzEventHubGeoDRConfiguration" ],
        "FullCommandName": [ "Get-AzEventHubGeoDRConfiguration_Get" ],
        "ParameterSetName": [ "__AllParameterSets" ],
        "User-Agent": [ "AzurePowershell/v0.0.0", "PSVersion/v7.1.3", "Az.EventHub/0.1.0" ],
        "Authorization": [ "[Filtered]" ]
      },
      "ContentHeaders": {
      }
    },
    "Response": {
      "StatusCode": 200,
      "Headers": {
        "Cache-Control": [ "no-cache" ],
        "Pragma": [ "no-cache" ],
        "x-ms-request-id": [ "548df3a5-9066-4784-b570-9579c259d718_M3SN1_M3SN1" ],
        "Server-SB": [ "Service-Bus-Resource-Provider/SN1" ],
        "Server": [ "Service-Bus-Resource-Provider/SN1", "Microsoft-HTTPAPI/2.0" ],
        "x-ms-ratelimit-remaining-subscription-reads": [ "11928" ],
        "x-ms-correlation-request-id": [ "ef8c156d-2c34-420f-9926-3e3f1bf5ea5a" ],
        "x-ms-routing-request-id": [ "SOUTHCENTRALUS:20230213T173855Z:ef8c156d-2c34-420f-9926-3e3f1bf5ea5a" ],
        "Strict-Transport-Security": [ "max-age=31536000; includeSubDomains" ],
        "X-Content-Type-Options": [ "nosniff" ],
        "Date": [ "Mon, 13 Feb 2023 17:38:55 GMT" ]
      },
      "ContentHeaders": {
        "Content-Length": [ "551" ],
        "Content-Type": [ "application/json; charset=utf-8" ],
        "Expires": [ "-1" ]
      },
      "Content": "{\"id\":\"/subscriptions/326100e2-f69d-4268-8503-075374f62b6e/resourceGroups/resourceGroupAutorestwfkmlo/providers/Microsoft.EventHub/namespaces/namespaceNamerje0s7/disasterRecoveryConfigs/aliasx2g159\",\"name\":\"aliasx2g159\",\"type\":\"Microsoft.EventHub/Namespaces/disasterrecoveryconfigs\",\"properties\":{\"provisioningState\":\"Accepted\",\"partnerNamespace\":\"/subscriptions/326100e2-f69d-4268-8503-075374f62b6e/resourceGroups/resourceGroupAutorestwfkmlo/providers/Microsoft.EventHub/namespaces/namespaceNameknezys\",\"role\":\"Primary\",\"type\":\"MetadataReplication\"}}",
      "isContentBase64": false
    }
  },
  "New-AzEventHubGeoDRConfiguration+[NoContext]+CreateExpanded+$GET+https://management.azure.com/subscriptions/326100e2-f69d-4268-8503-075374f62b6e/resourceGroups/resourceGroupAutorestwfkmlo/providers/Microsoft.EventHub/namespaces/namespaceNamerje0s7/disasterRecoveryConfigs/aliasx2g159?api-version=2022-10-01-preview+6": {
    "Request": {
      "Method": "GET",
      "RequestUri": "https://management.azure.com/subscriptions/326100e2-f69d-4268-8503-075374f62b6e/resourceGroups/resourceGroupAutorestwfkmlo/providers/Microsoft.EventHub/namespaces/namespaceNamerje0s7/disasterRecoveryConfigs/aliasx2g159?api-version=2022-10-01-preview",
      "Content": null,
      "isContentBase64": false,
      "Headers": {
        "x-ms-unique-id": [ "91" ],
        "x-ms-client-request-id": [ "18683da3-61e7-4451-a844-51eb9c7119b0" ],
        "CommandName": [ "Get-AzEventHubGeoDRConfiguration" ],
        "FullCommandName": [ "Get-AzEventHubGeoDRConfiguration_Get" ],
        "ParameterSetName": [ "__AllParameterSets" ],
        "User-Agent": [ "AzurePowershell/v0.0.0", "PSVersion/v7.1.3", "Az.EventHub/0.1.0" ],
        "Authorization": [ "[Filtered]" ]
      },
      "ContentHeaders": {
      }
    },
    "Response": {
      "StatusCode": 200,
      "Headers": {
        "Cache-Control": [ "no-cache" ],
        "Pragma": [ "no-cache" ],
        "x-ms-request-id": [ "3dd0b495-59ab-4728-865c-a87d8a22ff8a_M3SN1_M3SN1" ],
        "Server-SB": [ "Service-Bus-Resource-Provider/SN1" ],
        "Server": [ "Service-Bus-Resource-Provider/SN1", "Microsoft-HTTPAPI/2.0" ],
        "x-ms-ratelimit-remaining-subscription-reads": [ "11927" ],
        "x-ms-correlation-request-id": [ "c92bfaf5-9a2a-47c3-bb0b-60521f3f1ba6" ],
        "x-ms-routing-request-id": [ "SOUTHCENTRALUS:20230213T173906Z:c92bfaf5-9a2a-47c3-bb0b-60521f3f1ba6" ],
        "Strict-Transport-Security": [ "max-age=31536000; includeSubDomains" ],
        "X-Content-Type-Options": [ "nosniff" ],
        "Date": [ "Mon, 13 Feb 2023 17:39:05 GMT" ]
      },
      "ContentHeaders": {
        "Content-Length": [ "551" ],
        "Content-Type": [ "application/json; charset=utf-8" ],
        "Expires": [ "-1" ]
      },
      "Content": "{\"id\":\"/subscriptions/326100e2-f69d-4268-8503-075374f62b6e/resourceGroups/resourceGroupAutorestwfkmlo/providers/Microsoft.EventHub/namespaces/namespaceNamerje0s7/disasterRecoveryConfigs/aliasx2g159\",\"name\":\"aliasx2g159\",\"type\":\"Microsoft.EventHub/Namespaces/disasterrecoveryconfigs\",\"properties\":{\"provisioningState\":\"Accepted\",\"partnerNamespace\":\"/subscriptions/326100e2-f69d-4268-8503-075374f62b6e/resourceGroups/resourceGroupAutorestwfkmlo/providers/Microsoft.EventHub/namespaces/namespaceNameknezys\",\"role\":\"Primary\",\"type\":\"MetadataReplication\"}}",
      "isContentBase64": false
    }
  },
  "New-AzEventHubGeoDRConfiguration+[NoContext]+CreateExpanded+$GET+https://management.azure.com/subscriptions/326100e2-f69d-4268-8503-075374f62b6e/resourceGroups/resourceGroupAutorestwfkmlo/providers/Microsoft.EventHub/namespaces/namespaceNamerje0s7/disasterRecoveryConfigs/aliasx2g159?api-version=2022-10-01-preview+7": {
    "Request": {
      "Method": "GET",
      "RequestUri": "https://management.azure.com/subscriptions/326100e2-f69d-4268-8503-075374f62b6e/resourceGroups/resourceGroupAutorestwfkmlo/providers/Microsoft.EventHub/namespaces/namespaceNamerje0s7/disasterRecoveryConfigs/aliasx2g159?api-version=2022-10-01-preview",
      "Content": null,
      "isContentBase64": false,
      "Headers": {
        "x-ms-unique-id": [ "92" ],
        "x-ms-client-request-id": [ "2208b975-cc0f-457d-b000-ce3d53d4d952" ],
        "CommandName": [ "Get-AzEventHubGeoDRConfiguration" ],
        "FullCommandName": [ "Get-AzEventHubGeoDRConfiguration_Get" ],
        "ParameterSetName": [ "__AllParameterSets" ],
        "User-Agent": [ "AzurePowershell/v0.0.0", "PSVersion/v7.1.3", "Az.EventHub/0.1.0" ],
        "Authorization": [ "[Filtered]" ]
      },
      "ContentHeaders": {
      }
    },
    "Response": {
      "StatusCode": 200,
      "Headers": {
        "Cache-Control": [ "no-cache" ],
        "Pragma": [ "no-cache" ],
        "x-ms-request-id": [ "99722208-2913-4804-a8e2-85d65e29afa4_M3SN1_M3SN1" ],
        "Server-SB": [ "Service-Bus-Resource-Provider/SN1" ],
        "Server": [ "Service-Bus-Resource-Provider/SN1", "Microsoft-HTTPAPI/2.0" ],
        "x-ms-ratelimit-remaining-subscription-reads": [ "11926" ],
        "x-ms-correlation-request-id": [ "8f753acf-92ea-414f-a3be-fd3aa61f59aa" ],
        "x-ms-routing-request-id": [ "SOUTHCENTRALUS:20230213T173916Z:8f753acf-92ea-414f-a3be-fd3aa61f59aa" ],
        "Strict-Transport-Security": [ "max-age=31536000; includeSubDomains" ],
        "X-Content-Type-Options": [ "nosniff" ],
        "Date": [ "Mon, 13 Feb 2023 17:39:15 GMT" ]
      },
      "ContentHeaders": {
        "Content-Length": [ "551" ],
        "Content-Type": [ "application/json; charset=utf-8" ],
        "Expires": [ "-1" ]
      },
      "Content": "{\"id\":\"/subscriptions/326100e2-f69d-4268-8503-075374f62b6e/resourceGroups/resourceGroupAutorestwfkmlo/providers/Microsoft.EventHub/namespaces/namespaceNamerje0s7/disasterRecoveryConfigs/aliasx2g159\",\"name\":\"aliasx2g159\",\"type\":\"Microsoft.EventHub/Namespaces/disasterrecoveryconfigs\",\"properties\":{\"provisioningState\":\"Accepted\",\"partnerNamespace\":\"/subscriptions/326100e2-f69d-4268-8503-075374f62b6e/resourceGroups/resourceGroupAutorestwfkmlo/providers/Microsoft.EventHub/namespaces/namespaceNameknezys\",\"role\":\"Primary\",\"type\":\"MetadataReplication\"}}",
      "isContentBase64": false
    }
  },
  "New-AzEventHubGeoDRConfiguration+[NoContext]+CreateExpanded+$GET+https://management.azure.com/subscriptions/326100e2-f69d-4268-8503-075374f62b6e/resourceGroups/resourceGroupAutorestwfkmlo/providers/Microsoft.EventHub/namespaces/namespaceNamerje0s7/disasterRecoveryConfigs/aliasx2g159?api-version=2022-10-01-preview+8": {
    "Request": {
      "Method": "GET",
      "RequestUri": "https://management.azure.com/subscriptions/326100e2-f69d-4268-8503-075374f62b6e/resourceGroups/resourceGroupAutorestwfkmlo/providers/Microsoft.EventHub/namespaces/namespaceNamerje0s7/disasterRecoveryConfigs/aliasx2g159?api-version=2022-10-01-preview",
      "Content": null,
      "isContentBase64": false,
      "Headers": {
        "x-ms-unique-id": [ "93" ],
        "x-ms-client-request-id": [ "3722de44-a4aa-4964-a470-618925ed9b0f" ],
        "CommandName": [ "Get-AzEventHubGeoDRConfiguration" ],
        "FullCommandName": [ "Get-AzEventHubGeoDRConfiguration_Get" ],
        "ParameterSetName": [ "__AllParameterSets" ],
        "User-Agent": [ "AzurePowershell/v0.0.0", "PSVersion/v7.1.3", "Az.EventHub/0.1.0" ],
        "Authorization": [ "[Filtered]" ]
      },
      "ContentHeaders": {
      }
    },
    "Response": {
      "StatusCode": 200,
      "Headers": {
        "Cache-Control": [ "no-cache" ],
        "Pragma": [ "no-cache" ],
        "x-ms-request-id": [ "1a686949-5444-4067-98ee-7ade2976c7e1_M3SN1_M3SN1" ],
        "Server-SB": [ "Service-Bus-Resource-Provider/SN1" ],
        "Server": [ "Service-Bus-Resource-Provider/SN1", "Microsoft-HTTPAPI/2.0" ],
        "x-ms-ratelimit-remaining-subscription-reads": [ "11925" ],
        "x-ms-correlation-request-id": [ "6b20ded5-84b1-40e5-a53c-31f5697649f2" ],
        "x-ms-routing-request-id": [ "SOUTHCENTRALUS:20230213T173927Z:6b20ded5-84b1-40e5-a53c-31f5697649f2" ],
        "Strict-Transport-Security": [ "max-age=31536000; includeSubDomains" ],
        "X-Content-Type-Options": [ "nosniff" ],
        "Date": [ "Mon, 13 Feb 2023 17:39:26 GMT" ]
      },
      "ContentHeaders": {
        "Content-Length": [ "551" ],
        "Content-Type": [ "application/json; charset=utf-8" ],
        "Expires": [ "-1" ]
      },
      "Content": "{\"id\":\"/subscriptions/326100e2-f69d-4268-8503-075374f62b6e/resourceGroups/resourceGroupAutorestwfkmlo/providers/Microsoft.EventHub/namespaces/namespaceNamerje0s7/disasterRecoveryConfigs/aliasx2g159\",\"name\":\"aliasx2g159\",\"type\":\"Microsoft.EventHub/Namespaces/disasterrecoveryconfigs\",\"properties\":{\"provisioningState\":\"Accepted\",\"partnerNamespace\":\"/subscriptions/326100e2-f69d-4268-8503-075374f62b6e/resourceGroups/resourceGroupAutorestwfkmlo/providers/Microsoft.EventHub/namespaces/namespaceNameknezys\",\"role\":\"Primary\",\"type\":\"MetadataReplication\"}}",
      "isContentBase64": false
    }
  },
  "New-AzEventHubGeoDRConfiguration+[NoContext]+CreateExpanded+$GET+https://management.azure.com/subscriptions/326100e2-f69d-4268-8503-075374f62b6e/resourceGroups/resourceGroupAutorestwfkmlo/providers/Microsoft.EventHub/namespaces/namespaceNamerje0s7/disasterRecoveryConfigs/aliasx2g159?api-version=2022-10-01-preview+9": {
    "Request": {
      "Method": "GET",
      "RequestUri": "https://management.azure.com/subscriptions/326100e2-f69d-4268-8503-075374f62b6e/resourceGroups/resourceGroupAutorestwfkmlo/providers/Microsoft.EventHub/namespaces/namespaceNamerje0s7/disasterRecoveryConfigs/aliasx2g159?api-version=2022-10-01-preview",
      "Content": null,
      "isContentBase64": false,
      "Headers": {
        "x-ms-unique-id": [ "94" ],
        "x-ms-client-request-id": [ "ab6e672a-7f6d-48b4-9857-43292653e24e" ],
        "CommandName": [ "Get-AzEventHubGeoDRConfiguration" ],
        "FullCommandName": [ "Get-AzEventHubGeoDRConfiguration_Get" ],
        "ParameterSetName": [ "__AllParameterSets" ],
        "User-Agent": [ "AzurePowershell/v0.0.0", "PSVersion/v7.1.3", "Az.EventHub/0.1.0" ],
        "Authorization": [ "[Filtered]" ]
      },
      "ContentHeaders": {
      }
    },
    "Response": {
      "StatusCode": 200,
      "Headers": {
        "Cache-Control": [ "no-cache" ],
        "Pragma": [ "no-cache" ],
        "x-ms-request-id": [ "07fb5476-ec99-458b-9251-4fec8d433bdf_M3SN1_M3SN1" ],
        "Server-SB": [ "Service-Bus-Resource-Provider/SN1" ],
        "Server": [ "Service-Bus-Resource-Provider/SN1", "Microsoft-HTTPAPI/2.0" ],
        "x-ms-ratelimit-remaining-subscription-reads": [ "11924" ],
        "x-ms-correlation-request-id": [ "5fe8a053-d787-448f-a340-fad16a10f900" ],
        "x-ms-routing-request-id": [ "SOUTHCENTRALUS:20230213T173937Z:5fe8a053-d787-448f-a340-fad16a10f900" ],
        "Strict-Transport-Security": [ "max-age=31536000; includeSubDomains" ],
        "X-Content-Type-Options": [ "nosniff" ],
        "Date": [ "Mon, 13 Feb 2023 17:39:36 GMT" ]
      },
      "ContentHeaders": {
        "Content-Length": [ "551" ],
        "Content-Type": [ "application/json; charset=utf-8" ],
        "Expires": [ "-1" ]
      },
      "Content": "{\"id\":\"/subscriptions/326100e2-f69d-4268-8503-075374f62b6e/resourceGroups/resourceGroupAutorestwfkmlo/providers/Microsoft.EventHub/namespaces/namespaceNamerje0s7/disasterRecoveryConfigs/aliasx2g159\",\"name\":\"aliasx2g159\",\"type\":\"Microsoft.EventHub/Namespaces/disasterrecoveryconfigs\",\"properties\":{\"provisioningState\":\"Accepted\",\"partnerNamespace\":\"/subscriptions/326100e2-f69d-4268-8503-075374f62b6e/resourceGroups/resourceGroupAutorestwfkmlo/providers/Microsoft.EventHub/namespaces/namespaceNameknezys\",\"role\":\"Primary\",\"type\":\"MetadataReplication\"}}",
      "isContentBase64": false
    }
  },
  "New-AzEventHubGeoDRConfiguration+[NoContext]+CreateExpanded+$GET+https://management.azure.com/subscriptions/326100e2-f69d-4268-8503-075374f62b6e/resourceGroups/resourceGroupAutorestwfkmlo/providers/Microsoft.EventHub/namespaces/namespaceNamerje0s7/disasterRecoveryConfigs/aliasx2g159?api-version=2022-10-01-preview+10": {
    "Request": {
      "Method": "GET",
      "RequestUri": "https://management.azure.com/subscriptions/326100e2-f69d-4268-8503-075374f62b6e/resourceGroups/resourceGroupAutorestwfkmlo/providers/Microsoft.EventHub/namespaces/namespaceNamerje0s7/disasterRecoveryConfigs/aliasx2g159?api-version=2022-10-01-preview",
      "Content": null,
      "isContentBase64": false,
      "Headers": {
        "x-ms-unique-id": [ "95" ],
        "x-ms-client-request-id": [ "1f07fbb4-7f0c-489a-b3be-a76670caada0" ],
        "CommandName": [ "Get-AzEventHubGeoDRConfiguration" ],
        "FullCommandName": [ "Get-AzEventHubGeoDRConfiguration_Get" ],
        "ParameterSetName": [ "__AllParameterSets" ],
        "User-Agent": [ "AzurePowershell/v0.0.0", "PSVersion/v7.1.3", "Az.EventHub/0.1.0" ],
        "Authorization": [ "[Filtered]" ]
      },
      "ContentHeaders": {
      }
    },
    "Response": {
      "StatusCode": 200,
      "Headers": {
        "Cache-Control": [ "no-cache" ],
        "Pragma": [ "no-cache" ],
        "x-ms-request-id": [ "f8e1d465-3486-4040-af03-5e521043b7f1_M3SN1_M3SN1" ],
        "Server-SB": [ "Service-Bus-Resource-Provider/SN1" ],
        "Server": [ "Service-Bus-Resource-Provider/SN1", "Microsoft-HTTPAPI/2.0" ],
        "x-ms-ratelimit-remaining-subscription-reads": [ "11923" ],
        "x-ms-correlation-request-id": [ "ad78c741-5b62-4bee-b937-143cf70ee0af" ],
        "x-ms-routing-request-id": [ "SOUTHCENTRALUS:20230213T173947Z:ad78c741-5b62-4bee-b937-143cf70ee0af" ],
        "Strict-Transport-Security": [ "max-age=31536000; includeSubDomains" ],
        "X-Content-Type-Options": [ "nosniff" ],
        "Date": [ "Mon, 13 Feb 2023 17:39:46 GMT" ]
      },
      "ContentHeaders": {
        "Content-Length": [ "551" ],
        "Content-Type": [ "application/json; charset=utf-8" ],
        "Expires": [ "-1" ]
      },
      "Content": "{\"id\":\"/subscriptions/326100e2-f69d-4268-8503-075374f62b6e/resourceGroups/resourceGroupAutorestwfkmlo/providers/Microsoft.EventHub/namespaces/namespaceNamerje0s7/disasterRecoveryConfigs/aliasx2g159\",\"name\":\"aliasx2g159\",\"type\":\"Microsoft.EventHub/Namespaces/disasterrecoveryconfigs\",\"properties\":{\"provisioningState\":\"Accepted\",\"partnerNamespace\":\"/subscriptions/326100e2-f69d-4268-8503-075374f62b6e/resourceGroups/resourceGroupAutorestwfkmlo/providers/Microsoft.EventHub/namespaces/namespaceNameknezys\",\"role\":\"Primary\",\"type\":\"MetadataReplication\"}}",
      "isContentBase64": false
    }
  },
  "New-AzEventHubGeoDRConfiguration+[NoContext]+CreateExpanded+$GET+https://management.azure.com/subscriptions/326100e2-f69d-4268-8503-075374f62b6e/resourceGroups/resourceGroupAutorestwfkmlo/providers/Microsoft.EventHub/namespaces/namespaceNamerje0s7/disasterRecoveryConfigs/aliasx2g159?api-version=2022-10-01-preview+11": {
    "Request": {
      "Method": "GET",
      "RequestUri": "https://management.azure.com/subscriptions/326100e2-f69d-4268-8503-075374f62b6e/resourceGroups/resourceGroupAutorestwfkmlo/providers/Microsoft.EventHub/namespaces/namespaceNamerje0s7/disasterRecoveryConfigs/aliasx2g159?api-version=2022-10-01-preview",
      "Content": null,
      "isContentBase64": false,
      "Headers": {
        "x-ms-unique-id": [ "96" ],
        "x-ms-client-request-id": [ "216d94a9-66dd-4afd-a9f5-8cefb80c5fcb" ],
        "CommandName": [ "Get-AzEventHubGeoDRConfiguration" ],
        "FullCommandName": [ "Get-AzEventHubGeoDRConfiguration_Get" ],
        "ParameterSetName": [ "__AllParameterSets" ],
        "User-Agent": [ "AzurePowershell/v0.0.0", "PSVersion/v7.1.3", "Az.EventHub/0.1.0" ],
        "Authorization": [ "[Filtered]" ]
      },
      "ContentHeaders": {
      }
    },
    "Response": {
      "StatusCode": 200,
      "Headers": {
        "Cache-Control": [ "no-cache" ],
        "Pragma": [ "no-cache" ],
        "x-ms-request-id": [ "d7b39ece-10e8-4db4-8432-be26a46403fb_M3SN1_M3SN1" ],
        "Server-SB": [ "Service-Bus-Resource-Provider/SN1" ],
        "Server": [ "Service-Bus-Resource-Provider/SN1", "Microsoft-HTTPAPI/2.0" ],
        "x-ms-ratelimit-remaining-subscription-reads": [ "11922" ],
        "x-ms-correlation-request-id": [ "73ebe489-0d8e-4d64-beab-ba06df2c93c2" ],
        "x-ms-routing-request-id": [ "SOUTHCENTRALUS:20230213T173958Z:73ebe489-0d8e-4d64-beab-ba06df2c93c2" ],
        "Strict-Transport-Security": [ "max-age=31536000; includeSubDomains" ],
        "X-Content-Type-Options": [ "nosniff" ],
        "Date": [ "Mon, 13 Feb 2023 17:39:57 GMT" ]
      },
      "ContentHeaders": {
        "Content-Length": [ "551" ],
        "Content-Type": [ "application/json; charset=utf-8" ],
        "Expires": [ "-1" ]
      },
      "Content": "{\"id\":\"/subscriptions/326100e2-f69d-4268-8503-075374f62b6e/resourceGroups/resourceGroupAutorestwfkmlo/providers/Microsoft.EventHub/namespaces/namespaceNamerje0s7/disasterRecoveryConfigs/aliasx2g159\",\"name\":\"aliasx2g159\",\"type\":\"Microsoft.EventHub/Namespaces/disasterrecoveryconfigs\",\"properties\":{\"provisioningState\":\"Accepted\",\"partnerNamespace\":\"/subscriptions/326100e2-f69d-4268-8503-075374f62b6e/resourceGroups/resourceGroupAutorestwfkmlo/providers/Microsoft.EventHub/namespaces/namespaceNameknezys\",\"role\":\"Primary\",\"type\":\"MetadataReplication\"}}",
      "isContentBase64": false
    }
  },
  "New-AzEventHubGeoDRConfiguration+[NoContext]+CreateExpanded+$GET+https://management.azure.com/subscriptions/326100e2-f69d-4268-8503-075374f62b6e/resourceGroups/resourceGroupAutorestwfkmlo/providers/Microsoft.EventHub/namespaces/namespaceNamerje0s7/disasterRecoveryConfigs/aliasx2g159?api-version=2022-10-01-preview+12": {
    "Request": {
      "Method": "GET",
      "RequestUri": "https://management.azure.com/subscriptions/326100e2-f69d-4268-8503-075374f62b6e/resourceGroups/resourceGroupAutorestwfkmlo/providers/Microsoft.EventHub/namespaces/namespaceNamerje0s7/disasterRecoveryConfigs/aliasx2g159?api-version=2022-10-01-preview",
      "Content": null,
      "isContentBase64": false,
      "Headers": {
        "x-ms-unique-id": [ "97" ],
        "x-ms-client-request-id": [ "8480e25c-6378-43a1-825b-8bcfd05527f7" ],
        "CommandName": [ "Get-AzEventHubGeoDRConfiguration" ],
        "FullCommandName": [ "Get-AzEventHubGeoDRConfiguration_Get" ],
        "ParameterSetName": [ "__AllParameterSets" ],
        "User-Agent": [ "AzurePowershell/v0.0.0", "PSVersion/v7.1.3", "Az.EventHub/0.1.0" ],
        "Authorization": [ "[Filtered]" ]
      },
      "ContentHeaders": {
      }
    },
    "Response": {
      "StatusCode": 200,
      "Headers": {
        "Cache-Control": [ "no-cache" ],
        "Pragma": [ "no-cache" ],
        "x-ms-request-id": [ "e589bba1-09b5-499d-9a7b-74bd52983ec6_M3SN1_M3SN1" ],
        "Server-SB": [ "Service-Bus-Resource-Provider/SN1" ],
        "Server": [ "Service-Bus-Resource-Provider/SN1", "Microsoft-HTTPAPI/2.0" ],
        "x-ms-ratelimit-remaining-subscription-reads": [ "11921" ],
        "x-ms-correlation-request-id": [ "d0ec8dfc-1723-44bf-ac52-455612757a31" ],
        "x-ms-routing-request-id": [ "SOUTHCENTRALUS:20230213T174010Z:d0ec8dfc-1723-44bf-ac52-455612757a31" ],
        "Strict-Transport-Security": [ "max-age=31536000; includeSubDomains" ],
        "X-Content-Type-Options": [ "nosniff" ],
        "Date": [ "Mon, 13 Feb 2023 17:40:09 GMT" ]
      },
      "ContentHeaders": {
        "Content-Length": [ "590" ],
        "Content-Type": [ "application/json; charset=utf-8" ],
        "Expires": [ "-1" ]
      },
      "Content": "{\"id\":\"/subscriptions/326100e2-f69d-4268-8503-075374f62b6e/resourceGroups/resourceGroupAutorestwfkmlo/providers/Microsoft.EventHub/namespaces/namespaceNamerje0s7/disasterRecoveryConfigs/aliasx2g159\",\"name\":\"aliasx2g159\",\"type\":\"Microsoft.EventHub/Namespaces/disasterrecoveryconfigs\",\"properties\":{\"provisioningState\":\"Succeeded\",\"partnerNamespace\":\"/subscriptions/326100e2-f69d-4268-8503-075374f62b6e/resourceGroups/resourceGroupAutorestwfkmlo/providers/Microsoft.EventHub/namespaces/namespaceNameknezys\",\"role\":\"Primary\",\"type\":\"MetadataReplication\",\"pendingReplicationOperationsCount\":0}}",
      "isContentBase64": false
    }
  },
  "New-AzEventHubGeoDRConfiguration+[NoContext]+CreateExpanded+$GET+https://management.azure.com/subscriptions/326100e2-f69d-4268-8503-075374f62b6e/resourceGroups/resourceGroupAutorestwfkmlo/providers/Microsoft.EventHub/namespaces/namespaceNameknezys/disasterRecoveryConfigs/aliasx2g159?api-version=2022-10-01-preview+13": {
    "Request": {
      "Method": "GET",
      "RequestUri": "https://management.azure.com/subscriptions/326100e2-f69d-4268-8503-075374f62b6e/resourceGroups/resourceGroupAutorestwfkmlo/providers/Microsoft.EventHub/namespaces/namespaceNameknezys/disasterRecoveryConfigs/aliasx2g159?api-version=2022-10-01-preview",
      "Content": null,
      "isContentBase64": false,
      "Headers": {
        "x-ms-unique-id": [ "98" ],
        "x-ms-client-request-id": [ "a7650318-6606-479e-8e73-2c7bacb14dec" ],
        "CommandName": [ "Get-AzEventHubGeoDRConfiguration" ],
        "FullCommandName": [ "Get-AzEventHubGeoDRConfiguration_Get" ],
        "ParameterSetName": [ "__AllParameterSets" ],
        "User-Agent": [ "AzurePowershell/v0.0.0", "PSVersion/v7.1.3", "Az.EventHub/0.1.0" ],
        "Authorization": [ "[Filtered]" ]
      },
      "ContentHeaders": {
      }
    },
    "Response": {
      "StatusCode": 200,
      "Headers": {
        "Cache-Control": [ "no-cache" ],
        "Pragma": [ "no-cache" ],
        "x-ms-request-id": [ "c1a2cdd7-56ca-4f17-b33b-574382470970_M3SN1_M3SN1" ],
        "Server-SB": [ "Service-Bus-Resource-Provider/SN1" ],
        "Server": [ "Service-Bus-Resource-Provider/SN1", "Microsoft-HTTPAPI/2.0" ],
        "x-ms-ratelimit-remaining-subscription-reads": [ "11920" ],
        "x-ms-correlation-request-id": [ "2ea32185-e86f-425c-975f-53ac570bae1c" ],
        "x-ms-routing-request-id": [ "SOUTHCENTRALUS:20230213T174020Z:2ea32185-e86f-425c-975f-53ac570bae1c" ],
        "Strict-Transport-Security": [ "max-age=31536000; includeSubDomains" ],
        "X-Content-Type-Options": [ "nosniff" ],
        "Date": [ "Mon, 13 Feb 2023 17:40:20 GMT" ]
      },
      "ContentHeaders": {
        "Content-Length": [ "554" ],
        "Content-Type": [ "application/json; charset=utf-8" ],
        "Expires": [ "-1" ]
      },
      "Content": "{\"id\":\"/subscriptions/326100e2-f69d-4268-8503-075374f62b6e/resourceGroups/resourceGroupAutorestwfkmlo/providers/Microsoft.EventHub/namespaces/namespaceNameknezys/disasterRecoveryConfigs/aliasx2g159\",\"name\":\"aliasx2g159\",\"type\":\"Microsoft.EventHub/Namespaces/disasterrecoveryconfigs\",\"properties\":{\"provisioningState\":\"Succeeded\",\"partnerNamespace\":\"/subscriptions/326100e2-f69d-4268-8503-075374f62b6e/resourceGroups/resourceGroupAutorestwfkmlo/providers/Microsoft.EventHub/namespaces/namespaceNamerje0s7\",\"role\":\"Secondary\",\"type\":\"MetadataReplication\"}}",
      "isContentBase64": false
    }
  },
  "New-AzEventHubGeoDRConfiguration+[NoContext]+CreateExpanded+$GET+https://management.azure.com/subscriptions/326100e2-f69d-4268-8503-075374f62b6e/resourceGroups/resourceGroupAutorestwfkmlo/providers/Microsoft.EventHub/namespaces/namespaceNamerje0s7/authorizationRules?api-version=2022-10-01-preview+14": {
    "Request": {
      "Method": "GET",
      "RequestUri": "https://management.azure.com/subscriptions/326100e2-f69d-4268-8503-075374f62b6e/resourceGroups/resourceGroupAutorestwfkmlo/providers/Microsoft.EventHub/namespaces/namespaceNamerje0s7/authorizationRules?api-version=2022-10-01-preview",
      "Content": null,
      "isContentBase64": false,
      "Headers": {
        "x-ms-unique-id": [ "99" ],
        "x-ms-client-request-id": [ "992db95a-3814-4243-935e-5fe6c7b97b57" ],
        "CommandName": [ "Az.EventHub.private\\Get-AzEventHubNamespaceAuthorizationRule_List" ],
        "FullCommandName": [ "Get-AzEventHubNamespaceAuthorizationRule_List" ],
        "ParameterSetName": [ "__AllParameterSets" ],
        "User-Agent": [ "AzurePowershell/v0.0.0", "PSVersion/v7.1.3", "Az.EventHub/0.1.0" ],
        "Authorization": [ "[Filtered]" ]
      },
      "ContentHeaders": {
      }
    },
    "Response": {
      "StatusCode": 200,
      "Headers": {
        "Cache-Control": [ "no-cache" ],
        "Pragma": [ "no-cache" ],
        "Server": [ "Microsoft-HTTPAPI/2.0" ],
        "x-ms-ratelimit-remaining-subscription-reads": [ "11919" ],
        "x-ms-request-id": [ "f0881535-a0f3-4097-a4ac-2cc6595f9815" ],
        "x-ms-correlation-request-id": [ "f0881535-a0f3-4097-a4ac-2cc6595f9815" ],
        "x-ms-routing-request-id": [ "SOUTHCENTRALUS:20230213T174021Z:f0881535-a0f3-4097-a4ac-2cc6595f9815" ],
        "Strict-Transport-Security": [ "max-age=31536000; includeSubDomains" ],
        "X-Content-Type-Options": [ "nosniff" ],
        "Date": [ "Mon, 13 Feb 2023 17:40:21 GMT" ]
      },
      "ContentHeaders": {
        "Content-Length": [ "725" ],
        "Content-Type": [ "application/json; charset=utf-8" ],
        "Expires": [ "-1" ]
      },
      "Content": "{\"value\":[{\"id\":\"/subscriptions/326100e2-f69d-4268-8503-075374f62b6e/resourcegroups/resourceGroupAutorestwfkmlo/providers/Microsoft.EventHub/namespaces/namespaceNamerje0s7/authorizationrules/RootManageSharedAccessKey\",\"name\":\"RootManageSharedAccessKey\",\"type\":\"Microsoft.EventHub/Namespaces/AuthorizationRules\",\"location\":\"eastus\",\"properties\":{\"rights\":[\"Listen\",\"Manage\",\"Send\"]}},{\"id\":\"/subscriptions/326100e2-f69d-4268-8503-075374f62b6e/resourcegroups/resourceGroupAutorestwfkmlo/providers/Microsoft.EventHub/namespaces/namespaceNamerje0s7/authorizationrules/authRule1\",\"name\":\"authRule1\",\"type\":\"Microsoft.EventHub/Namespaces/AuthorizationRules\",\"location\":\"eastus\",\"properties\":{\"rights\":[\"Manage\",\"Listen\",\"Send\"]}}]}",
      "isContentBase64": false
    }
  },
  "New-AzEventHubGeoDRConfiguration+[NoContext]+CreateExpanded+$GET+https://management.azure.com/subscriptions/326100e2-f69d-4268-8503-075374f62b6e/resourceGroups/resourceGroupAutorestwfkmlo/providers/Microsoft.EventHub/namespaces/namespaceNamerje0s7/disasterRecoveryConfigs/aliasx2g159/authorizationRules?api-version=2022-10-01-preview+15": {
    "Request": {
      "Method": "GET",
      "RequestUri": "https://management.azure.com/subscriptions/326100e2-f69d-4268-8503-075374f62b6e/resourceGroups/resourceGroupAutorestwfkmlo/providers/Microsoft.EventHub/namespaces/namespaceNamerje0s7/disasterRecoveryConfigs/aliasx2g159/authorizationRules?api-version=2022-10-01-preview",
      "Content": null,
      "isContentBase64": false,
      "Headers": {
        "x-ms-unique-id": [ "100" ],
        "x-ms-client-request-id": [ "90a77994-d49f-42e7-8244-f761d83b196e" ],
        "CommandName": [ "Az.EventHub.private\\Get-AzEventHubDisasterRecoveryConfigAuthorizationRule_List" ],
        "FullCommandName": [ "Get-AzEventHubDisasterRecoveryConfigAuthorizationRule_List" ],
        "ParameterSetName": [ "__AllParameterSets" ],
        "User-Agent": [ "AzurePowershell/v0.0.0", "PSVersion/v7.1.3", "Az.EventHub/0.1.0" ],
        "Authorization": [ "[Filtered]" ]
      },
      "ContentHeaders": {
      }
    },
    "Response": {
      "StatusCode": 200,
      "Headers": {
        "Cache-Control": [ "no-cache" ],
        "Pragma": [ "no-cache" ],
        "x-ms-request-id": [ "b02eb227-eff3-43a3-b708-7e52078af59e_M3SN1_M3SN1" ],
        "Server-SB": [ "Service-Bus-Resource-Provider/SN1" ],
        "Server": [ "Service-Bus-Resource-Provider/SN1", "Microsoft-HTTPAPI/2.0" ],
        "x-ms-ratelimit-remaining-subscription-reads": [ "11918" ],
        "x-ms-correlation-request-id": [ "1b3cef24-12d9-46b2-b6a0-e4b37103ba9b" ],
        "x-ms-routing-request-id": [ "SOUTHCENTRALUS:20230213T174022Z:1b3cef24-12d9-46b2-b6a0-e4b37103ba9b" ],
        "Strict-Transport-Security": [ "max-age=31536000; includeSubDomains" ],
        "X-Content-Type-Options": [ "nosniff" ],
        "Date": [ "Mon, 13 Feb 2023 17:40:22 GMT" ]
      },
      "ContentHeaders": {
        "Content-Length": [ "799" ],
        "Content-Type": [ "application/json; charset=utf-8" ],
        "Expires": [ "-1" ]
      },
      "Content": "{\"value\":[{\"id\":\"/subscriptions/326100e2-f69d-4268-8503-075374f62b6e/resourceGroups/resourceGroupAutorestwfkmlo/providers/Microsoft.EventHub/namespaces/namespaceNamerje0s7/disasterRecoveryConfigs/aliasx2g159/authorizationRules/RootManageSharedAccessKey\",\"name\":\"RootManageSharedAccessKey\",\"type\":\"Microsoft.EventHub/Namespaces/AuthorizationRules\",\"location\":\"East US\",\"properties\":{\"rights\":[\"Listen\",\"Manage\",\"Send\"]}},{\"id\":\"/subscriptions/326100e2-f69d-4268-8503-075374f62b6e/resourceGroups/resourceGroupAutorestwfkmlo/providers/Microsoft.EventHub/namespaces/namespaceNamerje0s7/disasterRecoveryConfigs/aliasx2g159/authorizationRules/authRule1\",\"name\":\"authRule1\",\"type\":\"Microsoft.EventHub/Namespaces/AuthorizationRules\",\"location\":\"East US\",\"properties\":{\"rights\":[\"Manage\",\"Listen\",\"Send\"]}}]}",
      "isContentBase64": false
    }
  },
  "New-AzEventHubGeoDRConfiguration+[NoContext]+CreateExpanded+$GET+https://management.azure.com/subscriptions/326100e2-f69d-4268-8503-075374f62b6e/resourceGroups/resourceGroupAutorestwfkmlo/providers/Microsoft.EventHub/namespaces/namespaceNamerje0s7/disasterRecoveryConfigs/aliasx2g159/authorizationRules/RootManageSharedAccessKey?api-version=2022-10-01-preview+16": {
    "Request": {
      "Method": "GET",
      "RequestUri": "https://management.azure.com/subscriptions/326100e2-f69d-4268-8503-075374f62b6e/resourceGroups/resourceGroupAutorestwfkmlo/providers/Microsoft.EventHub/namespaces/namespaceNamerje0s7/disasterRecoveryConfigs/aliasx2g159/authorizationRules/RootManageSharedAccessKey?api-version=2022-10-01-preview",
      "Content": null,
      "isContentBase64": false,
      "Headers": {
        "x-ms-unique-id": [ "101" ],
        "x-ms-client-request-id": [ "48a18e2d-631f-437c-be22-fab91bd367af" ],
        "CommandName": [ "Az.EventHub.private\\Get-AzEventHubDisasterRecoveryConfigAuthorizationRule_Get" ],
        "FullCommandName": [ "Get-AzEventHubDisasterRecoveryConfigAuthorizationRule_Get" ],
        "ParameterSetName": [ "__AllParameterSets" ],
        "User-Agent": [ "AzurePowershell/v0.0.0", "PSVersion/v7.1.3", "Az.EventHub/0.1.0" ],
        "Authorization": [ "[Filtered]" ]
      },
      "ContentHeaders": {
      }
    },
    "Response": {
      "StatusCode": 200,
      "Headers": {
        "Cache-Control": [ "no-cache" ],
        "Pragma": [ "no-cache" ],
        "x-ms-request-id": [ "0ef95707-c03e-48df-95eb-749e44bdfac9_M3SN1_M3SN1" ],
        "Server-SB": [ "Service-Bus-Resource-Provider/SN1" ],
        "Server": [ "Service-Bus-Resource-Provider/SN1", "Microsoft-HTTPAPI/2.0" ],
        "x-ms-ratelimit-remaining-subscription-reads": [ "11917" ],
        "x-ms-correlation-request-id": [ "17364836-f6a8-4272-9802-bb0c6d787711" ],
        "x-ms-routing-request-id": [ "SOUTHCENTRALUS:20230213T174023Z:17364836-f6a8-4272-9802-bb0c6d787711" ],
        "Strict-Transport-Security": [ "max-age=31536000; includeSubDomains" ],
        "X-Content-Type-Options": [ "nosniff" ],
        "Date": [ "Mon, 13 Feb 2023 17:40:23 GMT" ]
      },
      "ContentHeaders": {
        "Content-Length": [ "409" ],
        "Content-Type": [ "application/json; charset=utf-8" ],
        "Expires": [ "-1" ]
      },
      "Content": "{\"id\":\"/subscriptions/326100e2-f69d-4268-8503-075374f62b6e/resourceGroups/resourceGroupAutorestwfkmlo/providers/Microsoft.EventHub/namespaces/namespaceNamerje0s7/disasterRecoveryConfigs/aliasx2g159/authorizationRules/RootManageSharedAccessKey\",\"name\":\"RootManageSharedAccessKey\",\"type\":\"Microsoft.EventHub/Namespaces/AuthorizationRules\",\"location\":\"East US\",\"properties\":{\"rights\":[\"Listen\",\"Manage\",\"Send\"]}}",
      "isContentBase64": false
    }
  },
  "New-AzEventHubGeoDRConfiguration+[NoContext]+CreateExpanded+$POST+https://management.azure.com/subscriptions/326100e2-f69d-4268-8503-075374f62b6e/resourceGroups/resourceGroupAutorestwfkmlo/providers/Microsoft.EventHub/namespaces/namespaceNamerje0s7/disasterRecoveryConfigs/aliasx2g159/authorizationRules/RootManageSharedAccessKey/listKeys?api-version=2022-10-01-preview+17": {
    "Request": {
      "Method": "POST",
      "RequestUri": "https://management.azure.com/subscriptions/326100e2-f69d-4268-8503-075374f62b6e/resourceGroups/resourceGroupAutorestwfkmlo/providers/Microsoft.EventHub/namespaces/namespaceNamerje0s7/disasterRecoveryConfigs/aliasx2g159/authorizationRules/RootManageSharedAccessKey/listKeys?api-version=2022-10-01-preview",
      "Content": null,
      "isContentBase64": false,
      "Headers": {
        "x-ms-unique-id": [ "102" ],
        "x-ms-client-request-id": [ "8aee1673-4fd8-41a4-99d4-c224de8f604a" ],
        "CommandName": [ "Az.EventHub.private\\Get-AzEventHubDisasterRecoveryConfigKey_List" ],
        "FullCommandName": [ "Get-AzEventHubDisasterRecoveryConfigKey_List" ],
        "ParameterSetName": [ "__AllParameterSets" ],
        "User-Agent": [ "AzurePowershell/v0.0.0", "PSVersion/v7.1.3", "Az.EventHub/0.1.0" ],
        "Authorization": [ "[Filtered]" ]
      },
      "ContentHeaders": {
      }
    },
    "Response": {
      "StatusCode": 200,
      "Headers": {
        "Cache-Control": [ "no-cache" ],
        "Pragma": [ "no-cache" ],
        "x-ms-request-id": [ "dacbc123-63d7-45c6-98d5-426539cdd335_M3SN1_M3SN1" ],
        "Server-SB": [ "Service-Bus-Resource-Provider/SN1" ],
        "Server": [ "Service-Bus-Resource-Provider/SN1", "Microsoft-HTTPAPI/2.0" ],
        "x-ms-ratelimit-remaining-subscription-writes": [ "1197" ],
        "x-ms-correlation-request-id": [ "dd28d7d0-2407-4dfc-b81c-0722aff0faba" ],
        "x-ms-routing-request-id": [ "SOUTHCENTRALUS:20230213T174024Z:dd28d7d0-2407-4dfc-b81c-0722aff0faba" ],
        "Strict-Transport-Security": [ "max-age=31536000; includeSubDomains" ],
        "X-Content-Type-Options": [ "nosniff" ],
        "Date": [ "Mon, 13 Feb 2023 17:40:23 GMT" ]
      },
      "ContentHeaders": {
        "Content-Length": [ "543" ],
        "Content-Type": [ "application/json; charset=utf-8" ],
        "Expires": [ "-1" ]
      },
      "Content": "{\"aliasPrimaryConnectionString\":\"Endpoint=sb://aliasx2g159.servicebus.windows.net/;SharedAccessKeyName=RootManageSharedAccessKey;SharedAccessKey=x17HORaFJQnvxgrR0cNsaIye7xKcTY4SW+AEhDf8eWY=\",\"aliasSecondaryConnectionString\":\"Endpoint=sb://aliasx2g159.servicebus.windows.net/;SharedAccessKeyName=RootManageSharedAccessKey;SharedAccessKey=BSAdIxbXH2sKW1ZNOjMR2XzAOG5ZEbiEv+AEhNV2Z2g=\",\"primaryKey\":\"x17HORaFJQnvxgrR0cNsaIye7xKcTY4SW+AEhDf8eWY=\",\"secondaryKey\":\"BSAdIxbXH2sKW1ZNOjMR2XzAOG5ZEbiEv+AEhNV2Z2g=\",\"keyName\":\"RootManageSharedAccessKey\"}",
      "isContentBase64": false
    }
  },
  "New-AzEventHubGeoDRConfiguration+[NoContext]+CreateExpanded+$POST+https://management.azure.com/subscriptions/326100e2-f69d-4268-8503-075374f62b6e/resourceGroups/resourceGroupAutorestwfkmlo/providers/Microsoft.EventHub/namespaces/namespaceNamerje0s7/authorizationRules/RootManageSharedAccessKey/listKeys?api-version=2022-10-01-preview+18": {
    "Request": {
      "Method": "POST",
      "RequestUri": "https://management.azure.com/subscriptions/326100e2-f69d-4268-8503-075374f62b6e/resourceGroups/resourceGroupAutorestwfkmlo/providers/Microsoft.EventHub/namespaces/namespaceNamerje0s7/authorizationRules/RootManageSharedAccessKey/listKeys?api-version=2022-10-01-preview",
      "Content": null,
      "isContentBase64": false,
      "Headers": {
        "x-ms-unique-id": [ "103" ],
        "x-ms-client-request-id": [ "8aeb2bb6-a046-405e-8686-a3357321776d" ],
        "CommandName": [ "Az.EventHub.private\\Get-AzEventHubNamespaceKey_List" ],
        "FullCommandName": [ "Get-AzEventHubNamespaceKey_List" ],
        "ParameterSetName": [ "__AllParameterSets" ],
        "User-Agent": [ "AzurePowershell/v0.0.0", "PSVersion/v7.1.3", "Az.EventHub/0.1.0" ],
        "Authorization": [ "[Filtered]" ]
      },
      "ContentHeaders": {
      }
    },
    "Response": {
      "StatusCode": 200,
      "Headers": {
        "Cache-Control": [ "no-cache" ],
        "Pragma": [ "no-cache" ],
        "Server": [ "Microsoft-HTTPAPI/2.0" ],
        "x-ms-ratelimit-remaining-subscription-writes": [ "1196" ],
        "x-ms-request-id": [ "f800ce40-f763-47e5-8adb-2bb488d372ec" ],
        "x-ms-correlation-request-id": [ "f800ce40-f763-47e5-8adb-2bb488d372ec" ],
        "x-ms-routing-request-id": [ "SOUTHCENTRALUS:20230213T174024Z:f800ce40-f763-47e5-8adb-2bb488d372ec" ],
        "Strict-Transport-Security": [ "max-age=31536000; includeSubDomains" ],
        "X-Content-Type-Options": [ "nosniff" ],
        "Date": [ "Mon, 13 Feb 2023 17:40:24 GMT" ]
      },
      "ContentHeaders": {
        "Content-Length": [ "931" ],
        "Content-Type": [ "application/json; charset=utf-8" ],
        "Expires": [ "-1" ]
      },
      "Content": "{\"primaryConnectionString\":\"Endpoint=sb://namespacenamerje0s7.servicebus.windows.net/;SharedAccessKeyName=RootManageSharedAccessKey;SharedAccessKey=x17HORaFJQnvxgrR0cNsaIye7xKcTY4SW+AEhDf8eWY=\",\"secondaryConnectionString\":\"Endpoint=sb://namespacenamerje0s7.servicebus.windows.net/;SharedAccessKeyName=RootManageSharedAccessKey;SharedAccessKey=BSAdIxbXH2sKW1ZNOjMR2XzAOG5ZEbiEv+AEhNV2Z2g=\",\"primaryKey\":\"x17HORaFJQnvxgrR0cNsaIye7xKcTY4SW+AEhDf8eWY=\",\"secondaryKey\":\"BSAdIxbXH2sKW1ZNOjMR2XzAOG5ZEbiEv+AEhNV2Z2g=\",\"keyName\":\"RootManageSharedAccessKey\",\"aliasPrimaryConnectionString\":\"Endpoint=sb://aliasx2g159.servicebus.windows.net/;SharedAccessKeyName=RootManageSharedAccessKey;SharedAccessKey=x17HORaFJQnvxgrR0cNsaIye7xKcTY4SW+AEhDf8eWY=\",\"aliasSecondaryConnectionString\":\"Endpoint=sb://aliasx2g159.servicebus.windows.net/;SharedAccessKeyName=RootManageSharedAccessKey;SharedAccessKey=BSAdIxbXH2sKW1ZNOjMR2XzAOG5ZEbiEv+AEhNV2Z2g=\"}",
      "isContentBase64": false
    }
  }
}