{
  "New-AzEventHubNamespaceV2+[NoContext]+SetExpanded+$PUT+https://management.azure.com/subscriptions/326100e2-f69d-4268-8503-075374f62b6e/resourceGroups/resourceGroupAutorestqy8fdg/providers/Microsoft.EventHub/namespaces/namespaceV2jsf9h7?api-version=2023-01-01-preview+1": {
    "Request": {
      "Method": "PUT",
      "RequestUri": "https://management.azure.com/subscriptions/326100e2-f69d-4268-8503-075374f62b6e/resourceGroups/resourceGroupAutorestqy8fdg/providers/Microsoft.EventHub/namespaces/namespaceV2jsf9h7?api-version=2023-01-01-preview",
      "Content": "{\n  \"location\": \"eastus\",\n  \"sku\": {\n    \"name\": \"Standard\",\n    \"tier\": \"Standard\"\n  }\n}",
      "isContentBase64": false,
      "Headers": {
      },
      "ContentHeaders": {
        "Content-Type": [ "application/json" ],
        "Content-Length": [ "89" ]
      }
    },
    "Response": {
      "StatusCode": 201,
      "Headers": {
        "Cache-Control": [ "no-cache" ],
        "Pragma": [ "no-cache" ],
        "x-ms-correlation-request-id": [ "f1cbc08b-96b8-4539-9187-22f6a5d85767" ],
        "x-ms-client-request-id": [ "5be82cdd-3f3e-4686-ba25-0e2876269fb6_RP" ],
        "x-ms-messaging-activity-id": [ "ef64390b-7bad-4028-a355-4af8b6154994" ],
        "x-ms-messaging-routing-id": [ "EASTUS|EASTUS|G10|2024-02-21T12:47:13" ],
        "Strict-Transport-Security": [ "max-age=31536000; includeSubDomains" ],
        "x-ms-ratelimit-remaining-subscription-resource-requests": [ "49" ],
        "x-ms-request-id": [ "f1cbc08b-96b8-4539-9187-22f6a5d85767" ],
        "x-ms-routing-request-id": [ "EASTASIA:20240221T124713Z:f1cbc08b-96b8-4539-9187-22f6a5d85767" ],
        "X-Content-Type-Options": [ "nosniff" ],
        "X-Cache": [ "CONFIG_NOCACHE" ],
        "X-MSEdge-Ref": [ "Ref A: FAE10D8555AF470289550090012C7E79 Ref B: SEL221051503027 Ref C: 2024-02-21T12:47:09Z" ],
        "Date": [ "Wed, 21 Feb 2024 12:47:12 GMT" ]
      },
      "ContentHeaders": {
        "Content-Length": [ "792" ],
        "Content-Type": [ "application/json; charset=utf-8" ],
        "Expires": [ "-1" ]
      },
      "Content": "{\"id\":\"/subscriptions/326100e2-f69d-4268-8503-075374f62b6e/resourcegroups/resourceGroupAutorestqy8fdg/providers/Microsoft.EventHub/namespaces/namespaceV2jsf9h7\",\"name\":\"namespaceV2jsf9h7\",\"type\":\"Microsoft.EventHub/Namespaces\",\"location\":\"eastus\",\"tags\":{},\"properties\":{\"minimumTlsVersion\":\"1.2\",\"publicNetworkAccess\":\"Enabled\",\"disableLocalAuth\":false,\"zoneRedundant\":false,\"metricId\":\"326100e2-f69d-4268-8503-075374f62b6e:namespacev2jsf9h7\",\"updatedAt\":\"2024-02-21T12:47:13.3011272Z\",\"serviceBusEndpoint\":\"https://namespaceV2jsf9h7.servicebus.windows.net:443/\",\"isAutoInflateEnabled\":false,\"maximumThroughputUnits\":0,\"kafkaEnabled\":true,\"provisioningState\":\"Creating\",\"status\":\"Creating\",\"createdAt\":\"2024-02-21T12:47:13.3011272Z\"},\"sku\":{\"name\":\"Standard\",\"tier\":\"Standard\",\"capacity\":1}}",
      "isContentBase64": false
    }
  },
  "New-AzEventHubNamespaceV2+[NoContext]+SetExpanded+$GET+https://management.azure.com/subscriptions/326100e2-f69d-4268-8503-075374f62b6e/resourceGroups/resourceGroupAutorestqy8fdg/providers/Microsoft.EventHub/namespaces/namespaceV2jsf9h7?api-version=2023-01-01-preview+2": {
    "Request": {
      "Method": "GET",
      "RequestUri": "https://management.azure.com/subscriptions/326100e2-f69d-4268-8503-075374f62b6e/resourceGroups/resourceGroupAutorestqy8fdg/providers/Microsoft.EventHub/namespaces/namespaceV2jsf9h7?api-version=2023-01-01-preview",
      "Content": null,
      "isContentBase64": false,
      "Headers": {
        "Authorization": [ "[Filtered]" ],
        "x-ms-unique-id": [ "112" ],
        "x-ms-client-request-id": [ "5be82cdd-3f3e-4686-ba25-0e2876269fb6" ],
        "CommandName": [ "Az.EventHub.private\\New-AzEventHubNamespace_CreateExpanded" ],
        "FullCommandName": [ "New-AzEventHubNamespace_CreateExpanded" ],
        "ParameterSetName": [ "__AllParameterSets" ],
        "User-Agent": [ "AzurePowershell/v0.0.0", "PSVersion/v7.2.12", "Az.EventHub/0.1.0" ]
      },
      "ContentHeaders": {
      }
    },
    "Response": {
      "StatusCode": 200,
      "Headers": {
        "Cache-Control": [ "no-cache" ],
        "Pragma": [ "no-cache" ],
        "x-ms-correlation-request-id": [ "34216bab-35bc-4c22-8a8a-b690f87beca1" ],
        "x-ms-client-request-id": [ "5be82cdd-3f3e-4686-ba25-0e2876269fb6_RP" ],
        "x-ms-messaging-activity-id": [ "fc8448b7-b1c9-4cb8-9c9d-2276e14fd572" ],
        "x-ms-messaging-routing-id": [ "EASTUS|EASTUS|G3|2024-02-21T12:47:45" ],
        "Strict-Transport-Security": [ "max-age=31536000; includeSubDomains" ],
        "x-ms-ratelimit-remaining-subscription-reads": [ "11990" ],
        "x-ms-request-id": [ "34216bab-35bc-4c22-8a8a-b690f87beca1" ],
        "x-ms-routing-request-id": [ "EASTASIA:20240221T124745Z:34216bab-35bc-4c22-8a8a-b690f87beca1" ],
        "X-Content-Type-Options": [ "nosniff" ],
        "X-Cache": [ "CONFIG_NOCACHE" ],
        "X-MSEdge-Ref": [ "Ref A: 0EA388820270459EB9283AD207211CA6 Ref B: SEL221051503027 Ref C: 2024-02-21T12:47:43Z" ],
        "Date": [ "Wed, 21 Feb 2024 12:47:44 GMT" ]
      },
      "ContentHeaders": {
        "Content-Length": [ "823" ],
        "Content-Type": [ "application/json; charset=utf-8" ],
        "Expires": [ "-1" ]
      },
      "Content": "{\"id\":\"/subscriptions/326100e2-f69d-4268-8503-075374f62b6e/resourcegroups/resourceGroupAutorestqy8fdg/providers/Microsoft.EventHub/namespaces/namespaceV2jsf9h7\",\"name\":\"namespaceV2jsf9h7\",\"type\":\"Microsoft.EventHub/Namespaces\",\"location\":\"eastus\",\"tags\":{},\"properties\":{\"minimumTlsVersion\":\"1.2\",\"publicNetworkAccess\":\"Enabled\",\"disableLocalAuth\":false,\"privateEndpointConnections\":[],\"zoneRedundant\":false,\"metricId\":\"326100e2-f69d-4268-8503-075374f62b6e:namespacev2jsf9h7\",\"updatedAt\":\"2024-02-21T12:47:38.8358408Z\",\"serviceBusEndpoint\":\"https://namespaceV2jsf9h7.servicebus.windows.net:443/\",\"isAutoInflateEnabled\":false,\"maximumThroughputUnits\":0,\"kafkaEnabled\":true,\"provisioningState\":\"Succeeded\",\"status\":\"Active\",\"createdAt\":\"2024-02-21T12:47:13.3011272Z\"},\"sku\":{\"name\":\"Standard\",\"tier\":\"Standard\",\"capacity\":1}}",
      "isContentBase64": false
    }
  },
  "New-AzEventHubNamespaceV2+[NoContext]+SetExpanded+$GET+https://management.azure.com/subscriptions/326100e2-f69d-4268-8503-075374f62b6e/resourceGroups/resourceGroupAutorestqy8fdg/providers/Microsoft.EventHub/namespaces/namespaceV2jsf9h7?api-version=2023-01-01-preview+3": {
    "Request": {
      "Method": "GET",
      "RequestUri": "https://management.azure.com/subscriptions/326100e2-f69d-4268-8503-075374f62b6e/resourceGroups/resourceGroupAutorestqy8fdg/providers/Microsoft.EventHub/namespaces/namespaceV2jsf9h7?api-version=2023-01-01-preview",
      "Content": null,
      "isContentBase64": false,
      "Headers": {
        "Authorization": [ "[Filtered]" ],
        "x-ms-unique-id": [ "113" ],
        "x-ms-client-request-id": [ "5be82cdd-3f3e-4686-ba25-0e2876269fb6" ],
        "CommandName": [ "Az.EventHub.private\\New-AzEventHubNamespace_CreateExpanded" ],
        "FullCommandName": [ "New-AzEventHubNamespace_CreateExpanded" ],
        "ParameterSetName": [ "__AllParameterSets" ],
        "User-Agent": [ "AzurePowershell/v0.0.0", "PSVersion/v7.2.12", "Az.EventHub/0.1.0" ]
      },
      "ContentHeaders": {
      }
    },
    "Response": {
      "StatusCode": 200,
      "Headers": {
        "Cache-Control": [ "no-cache" ],
        "Pragma": [ "no-cache" ],
        "x-ms-correlation-request-id": [ "5888159f-7cf2-4cf5-9897-1f18ee84ce85" ],
        "x-ms-client-request-id": [ "5be82cdd-3f3e-4686-ba25-0e2876269fb6_RP" ],
        "x-ms-messaging-activity-id": [ "9ae4f0c1-7f52-47e9-bcaf-20f08e663916" ],
        "x-ms-messaging-routing-id": [ "EASTUS|EASTUS|G7|2024-02-21T12:47:46" ],
        "Strict-Transport-Security": [ "max-age=31536000; includeSubDomains" ],
        "x-ms-ratelimit-remaining-subscription-reads": [ "11987" ],
        "x-ms-request-id": [ "5888159f-7cf2-4cf5-9897-1f18ee84ce85" ],
        "x-ms-routing-request-id": [ "EASTASIA:20240221T124746Z:5888159f-7cf2-4cf5-9897-1f18ee84ce85" ],
        "X-Content-Type-Options": [ "nosniff" ],
        "X-Cache": [ "CONFIG_NOCACHE" ],
        "X-MSEdge-Ref": [ "Ref A: 990A655A0B7C42A08C404E4376CDAE49 Ref B: SEL221051503027 Ref C: 2024-02-21T12:47:45Z" ],
        "Date": [ "Wed, 21 Feb 2024 12:47:45 GMT" ]
      },
      "ContentHeaders": {
        "Content-Length": [ "823" ],
        "Content-Type": [ "application/json; charset=utf-8" ],
        "Expires": [ "-1" ]
      },
      "Content": "{\"id\":\"/subscriptions/326100e2-f69d-4268-8503-075374f62b6e/resourcegroups/resourceGroupAutorestqy8fdg/providers/Microsoft.EventHub/namespaces/namespaceV2jsf9h7\",\"name\":\"namespaceV2jsf9h7\",\"type\":\"Microsoft.EventHub/Namespaces\",\"location\":\"eastus\",\"tags\":{},\"properties\":{\"minimumTlsVersion\":\"1.2\",\"publicNetworkAccess\":\"Enabled\",\"disableLocalAuth\":false,\"privateEndpointConnections\":[],\"zoneRedundant\":false,\"metricId\":\"326100e2-f69d-4268-8503-075374f62b6e:namespacev2jsf9h7\",\"updatedAt\":\"2024-02-21T12:47:38.8358408Z\",\"serviceBusEndpoint\":\"https://namespaceV2jsf9h7.servicebus.windows.net:443/\",\"isAutoInflateEnabled\":false,\"maximumThroughputUnits\":0,\"kafkaEnabled\":true,\"provisioningState\":\"Succeeded\",\"status\":\"Active\",\"createdAt\":\"2024-02-21T12:47:13.3011272Z\"},\"sku\":{\"name\":\"Standard\",\"tier\":\"Standard\",\"capacity\":1}}",
      "isContentBase64": false
    }
  },
  "New-AzEventHubNamespaceV2+[NoContext]+SetExpanded+$PUT+https://management.azure.com/subscriptions/326100e2-f69d-4268-8503-075374f62b6e/resourceGroups/resourceGroupAutorestqy8fdg/providers/Microsoft.EventHub/namespaces/namespaceV3fsaluo?api-version=2023-01-01-preview+4": {
    "Request": {
      "Method": "PUT",
      "RequestUri": "https://management.azure.com/subscriptions/326100e2-f69d-4268-8503-075374f62b6e/resourceGroups/resourceGroupAutorestqy8fdg/providers/Microsoft.EventHub/namespaces/namespaceV3fsaluo?api-version=2023-01-01-preview",
      "Content": "{\n  \"location\": \"southcentralus\",\n  \"tags\": {\n    \"k1\": \"v1\",\n    \"k2\": \"v2\"\n  },\n  \"sku\": {\n    \"name\": \"Standard\",\n    \"tier\": \"Standard\",\n    \"capacity\": 10\n  },\n  \"properties\": {\n    \"minimumTlsVersion\": \"1.1\",\n    \"isAutoInflateEnabled\": true,\n    \"publicNetworkAccess\": \"Disabled\",\n    \"maximumThroughputUnits\": 18,\n    \"zoneRedundant\": true,\n    \"disableLocalAuth\": true\n  }\n}",
      "isContentBase64": false,
      "Headers": {
      },
      "ContentHeaders": {
        "Content-Type": [ "application/json" ],
        "Content-Length": [ "383" ]
      }
    },
    "Response": {
      "StatusCode": 201,
      "Headers": {
        "Cache-Control": [ "no-cache" ],
        "Pragma": [ "no-cache" ],
        "x-ms-correlation-request-id": [ "fe5eec08-8071-48c2-955a-8f550da8968e" ],
        "x-ms-client-request-id": [ "9341d8af-12a6-4383-8519-b45099c81117_RP" ],
        "x-ms-messaging-activity-id": [ "dcb4696d-448e-4473-9112-845eb60752a3" ],
        "x-ms-messaging-routing-id": [ "SOUTHCENTRALUS|SOUTHCENTRALUS|G4|2024-02-21T12:47:49" ],
        "Strict-Transport-Security": [ "max-age=31536000; includeSubDomains" ],
        "x-ms-ratelimit-remaining-subscription-resource-requests": [ "49" ],
        "x-ms-request-id": [ "fe5eec08-8071-48c2-955a-8f550da8968e" ],
        "x-ms-routing-request-id": [ "EASTASIA:20240221T124750Z:fe5eec08-8071-48c2-955a-8f550da8968e" ],
        "X-Content-Type-Options": [ "nosniff" ],
        "X-Cache": [ "CONFIG_NOCACHE" ],
        "X-MSEdge-Ref": [ "Ref A: 1070C3A71DEA467C9E11E0C6E938F96A Ref B: SEL221051503027 Ref C: 2024-02-21T12:47:46Z" ],
        "Date": [ "Wed, 21 Feb 2024 12:47:49 GMT" ]
      },
      "ContentHeaders": {
        "Content-Length": [ "819" ],
        "Content-Type": [ "application/json; charset=utf-8" ],
        "Expires": [ "-1" ]
      },
      "Content": "{\"id\":\"/subscriptions/326100e2-f69d-4268-8503-075374f62b6e/resourcegroups/resourceGroupAutorestqy8fdg/providers/Microsoft.EventHub/namespaces/namespaceV3fsaluo\",\"name\":\"namespaceV3fsaluo\",\"type\":\"Microsoft.EventHub/Namespaces\",\"location\":\"southcentralus\",\"tags\":{\"k1\":\"v1\",\"k2\":\"v2\"},\"properties\":{\"minimumTlsVersion\":\"1.1\",\"publicNetworkAccess\":\"Disabled\",\"disableLocalAuth\":true,\"zoneRedundant\":true,\"metricId\":\"326100e2-f69d-4268-8503-075374f62b6e:namespacev3fsaluo\",\"updatedAt\":\"2024-02-21T12:47:49.7425489Z\",\"serviceBusEndpoint\":\"https://namespaceV3fsaluo.servicebus.windows.net:443/\",\"isAutoInflateEnabled\":true,\"maximumThroughputUnits\":18,\"kafkaEnabled\":true,\"provisioningState\":\"Creating\",\"status\":\"Creating\",\"createdAt\":\"2024-02-21T12:47:49.7425489Z\"},\"sku\":{\"name\":\"Standard\",\"tier\":\"Standard\",\"capacity\":10}}",
      "isContentBase64": false
    }
  },
  "New-AzEventHubNamespaceV2+[NoContext]+SetExpanded+$GET+https://management.azure.com/subscriptions/326100e2-f69d-4268-8503-075374f62b6e/resourceGroups/resourceGroupAutorestqy8fdg/providers/Microsoft.EventHub/namespaces/namespaceV3fsaluo?api-version=2023-01-01-preview+5": {
    "Request": {
      "Method": "GET",
      "RequestUri": "https://management.azure.com/subscriptions/326100e2-f69d-4268-8503-075374f62b6e/resourceGroups/resourceGroupAutorestqy8fdg/providers/Microsoft.EventHub/namespaces/namespaceV3fsaluo?api-version=2023-01-01-preview",
      "Content": null,
      "isContentBase64": false,
      "Headers": {
        "Authorization": [ "[Filtered]" ],
        "x-ms-unique-id": [ "115" ],
        "x-ms-client-request-id": [ "9341d8af-12a6-4383-8519-b45099c81117" ],
        "CommandName": [ "Az.EventHub.private\\New-AzEventHubNamespace_CreateExpanded" ],
        "FullCommandName": [ "New-AzEventHubNamespace_CreateExpanded" ],
        "ParameterSetName": [ "__AllParameterSets" ],
        "User-Agent": [ "AzurePowershell/v0.0.0", "PSVersion/v7.2.12", "Az.EventHub/0.1.0" ]
      },
      "ContentHeaders": {
      }
    },
    "Response": {
      "StatusCode": 200,
      "Headers": {
        "Cache-Control": [ "no-cache" ],
        "Pragma": [ "no-cache" ],
        "x-ms-correlation-request-id": [ "1c36f021-6215-434f-a8d4-b56265cc9811" ],
        "x-ms-client-request-id": [ "9341d8af-12a6-4383-8519-b45099c81117_RP" ],
        "x-ms-messaging-activity-id": [ "2a1a624e-a913-4ede-a653-b1a039c7e2c6" ],
        "x-ms-messaging-routing-id": [ "SOUTHCENTRALUS|SOUTHCENTRALUS|G2|2024-02-21T12:48:22" ],
        "Strict-Transport-Security": [ "max-age=31536000; includeSubDomains" ],
        "x-ms-ratelimit-remaining-subscription-reads": [ "11994" ],
        "x-ms-request-id": [ "1c36f021-6215-434f-a8d4-b56265cc9811" ],
        "x-ms-routing-request-id": [ "EASTASIA:20240221T124822Z:1c36f021-6215-434f-a8d4-b56265cc9811" ],
        "X-Content-Type-Options": [ "nosniff" ],
        "X-Cache": [ "CONFIG_NOCACHE" ],
        "X-MSEdge-Ref": [ "Ref A: 0CB93469188348C5A13C47E185861292 Ref B: SEL221051503027 Ref C: 2024-02-21T12:48:20Z" ],
        "Date": [ "Wed, 21 Feb 2024 12:48:22 GMT" ]
      },
      "ContentHeaders": {
        "Content-Length": [ "850" ],
        "Content-Type": [ "application/json; charset=utf-8" ],
        "Expires": [ "-1" ]
      },
      "Content": "{\"id\":\"/subscriptions/326100e2-f69d-4268-8503-075374f62b6e/resourcegroups/resourceGroupAutorestqy8fdg/providers/Microsoft.EventHub/namespaces/namespaceV3fsaluo\",\"name\":\"namespaceV3fsaluo\",\"type\":\"Microsoft.EventHub/Namespaces\",\"location\":\"southcentralus\",\"tags\":{\"k1\":\"v1\",\"k2\":\"v2\"},\"properties\":{\"minimumTlsVersion\":\"1.1\",\"publicNetworkAccess\":\"Disabled\",\"disableLocalAuth\":true,\"privateEndpointConnections\":[],\"zoneRedundant\":true,\"metricId\":\"326100e2-f69d-4268-8503-075374f62b6e:namespacev3fsaluo\",\"updatedAt\":\"2024-02-21T12:48:12.3813566Z\",\"serviceBusEndpoint\":\"https://namespaceV3fsaluo.servicebus.windows.net:443/\",\"isAutoInflateEnabled\":true,\"maximumThroughputUnits\":18,\"kafkaEnabled\":true,\"provisioningState\":\"Succeeded\",\"status\":\"Active\",\"createdAt\":\"2024-02-21T12:47:49.7425489Z\"},\"sku\":{\"name\":\"Standard\",\"tier\":\"Standard\",\"capacity\":10}}",
      "isContentBase64": false
    }
  },
  "New-AzEventHubNamespaceV2+[NoContext]+SetExpanded+$GET+https://management.azure.com/subscriptions/326100e2-f69d-4268-8503-075374f62b6e/resourceGroups/resourceGroupAutorestqy8fdg/providers/Microsoft.EventHub/namespaces/namespaceV3fsaluo?api-version=2023-01-01-preview+6": {
    "Request": {
      "Method": "GET",
      "RequestUri": "https://management.azure.com/subscriptions/326100e2-f69d-4268-8503-075374f62b6e/resourceGroups/resourceGroupAutorestqy8fdg/providers/Microsoft.EventHub/namespaces/namespaceV3fsaluo?api-version=2023-01-01-preview",
      "Content": null,
      "isContentBase64": false,
      "Headers": {
        "Authorization": [ "[Filtered]" ],
        "x-ms-unique-id": [ "116" ],
        "x-ms-client-request-id": [ "9341d8af-12a6-4383-8519-b45099c81117" ],
        "CommandName": [ "Az.EventHub.private\\New-AzEventHubNamespace_CreateExpanded" ],
        "FullCommandName": [ "New-AzEventHubNamespace_CreateExpanded" ],
        "ParameterSetName": [ "__AllParameterSets" ],
        "User-Agent": [ "AzurePowershell/v0.0.0", "PSVersion/v7.2.12", "Az.EventHub/0.1.0" ]
      },
      "ContentHeaders": {
      }
    },
    "Response": {
      "StatusCode": 200,
      "Headers": {
        "Cache-Control": [ "no-cache" ],
        "Pragma": [ "no-cache" ],
        "x-ms-correlation-request-id": [ "057c15db-64d8-4c95-92b0-2cb3c8dac93c" ],
        "x-ms-client-request-id": [ "9341d8af-12a6-4383-8519-b45099c81117_RP" ],
        "x-ms-messaging-activity-id": [ "99eda42d-78d1-4072-a7ed-db8bfad79820" ],
        "x-ms-messaging-routing-id": [ "SOUTHCENTRALUS|SOUTHCENTRALUS|G5|2024-02-21T12:48:23" ],
        "Strict-Transport-Security": [ "max-age=31536000; includeSubDomains" ],
        "x-ms-ratelimit-remaining-subscription-reads": [ "11993" ],
        "x-ms-request-id": [ "057c15db-64d8-4c95-92b0-2cb3c8dac93c" ],
        "x-ms-routing-request-id": [ "EASTASIA:20240221T124823Z:057c15db-64d8-4c95-92b0-2cb3c8dac93c" ],
        "X-Content-Type-Options": [ "nosniff" ],
        "X-Cache": [ "CONFIG_NOCACHE" ],
        "X-MSEdge-Ref": [ "Ref A: 926A1DE6C5CD4C5EB74F53727FDC6F2F Ref B: SEL221051503027 Ref C: 2024-02-21T12:48:22Z" ],
        "Date": [ "Wed, 21 Feb 2024 12:48:23 GMT" ]
      },
      "ContentHeaders": {
        "Content-Length": [ "850" ],
        "Content-Type": [ "application/json; charset=utf-8" ],
        "Expires": [ "-1" ]
      },
      "Content": "{\"id\":\"/subscriptions/326100e2-f69d-4268-8503-075374f62b6e/resourcegroups/resourceGroupAutorestqy8fdg/providers/Microsoft.EventHub/namespaces/namespaceV3fsaluo\",\"name\":\"namespaceV3fsaluo\",\"type\":\"Microsoft.EventHub/Namespaces\",\"location\":\"southcentralus\",\"tags\":{\"k1\":\"v1\",\"k2\":\"v2\"},\"properties\":{\"minimumTlsVersion\":\"1.1\",\"publicNetworkAccess\":\"Disabled\",\"disableLocalAuth\":true,\"privateEndpointConnections\":[],\"zoneRedundant\":true,\"metricId\":\"326100e2-f69d-4268-8503-075374f62b6e:namespacev3fsaluo\",\"updatedAt\":\"2024-02-21T12:48:12.3813566Z\",\"serviceBusEndpoint\":\"https://namespaceV3fsaluo.servicebus.windows.net:443/\",\"isAutoInflateEnabled\":true,\"maximumThroughputUnits\":18,\"kafkaEnabled\":true,\"provisioningState\":\"Succeeded\",\"status\":\"Active\",\"createdAt\":\"2024-02-21T12:47:49.7425489Z\"},\"sku\":{\"name\":\"Standard\",\"tier\":\"Standard\",\"capacity\":10}}",
      "isContentBase64": false
    }
  },
  "New-AzEventHubNamespaceV2+[NoContext]+SetExpanded+$PUT+https://management.azure.com/subscriptions/326100e2-f69d-4268-8503-075374f62b6e/resourceGroups/resourceGroupAutorestqy8fdg/providers/Microsoft.EventHub/namespaces/namespaceV4udhfq7?api-version=2023-01-01-preview+7": {
    "Request": {
      "Method": "PUT",
      "RequestUri": "https://management.azure.com/subscriptions/326100e2-f69d-4268-8503-075374f62b6e/resourceGroups/resourceGroupAutorestqy8fdg/providers/Microsoft.EventHub/namespaces/namespaceV4udhfq7?api-version=2023-01-01-preview",
      "Content": "{\n  \"location\": \"eastus\",\n  \"sku\": {\n    \"name\": \"Premium\",\n    \"tier\": \"Premium\"\n  },\n  \"identity\": {\n    \"type\": \"SystemAssigned\"\n  }\n}",
      "isContentBase64": false,
      "Headers": {
      },
      "ContentHeaders": {
        "Content-Type": [ "application/json" ],
        "Content-Length": [ "137" ]
      }
    },
    "Response": {
      "StatusCode": 201,
      "Headers": {
        "Cache-Control": [ "no-cache" ],
        "Pragma": [ "no-cache" ],
        "x-ms-correlation-request-id": [ "2feedd94-4e2c-4a2f-9359-b6ae0231895c" ],
        "x-ms-client-request-id": [ "1a9e3e32-229f-48bb-a91c-4b13f83ae113_RP" ],
        "x-ms-messaging-activity-id": [ "1343e27d-ad98-46b3-af57-815750b3146f" ],
        "x-ms-messaging-routing-id": [ "EASTUS|EASTUS|G11|2024-02-21T12:48:28" ],
        "Strict-Transport-Security": [ "max-age=31536000; includeSubDomains" ],
        "x-ms-ratelimit-remaining-subscription-resource-requests": [ "49" ],
        "x-ms-request-id": [ "2feedd94-4e2c-4a2f-9359-b6ae0231895c" ],
        "x-ms-routing-request-id": [ "EASTASIA:20240221T124828Z:2feedd94-4e2c-4a2f-9359-b6ae0231895c" ],
        "X-Content-Type-Options": [ "nosniff" ],
        "X-Cache": [ "CONFIG_NOCACHE" ],
        "X-MSEdge-Ref": [ "Ref A: BAE5201279524FFB9CA54D797E312DEE Ref B: SEL221051503027 Ref C: 2024-02-21T12:48:23Z" ],
        "Date": [ "Wed, 21 Feb 2024 12:48:28 GMT" ]
      },
      "ContentHeaders": {
        "Content-Length": [ "929" ],
        "Content-Type": [ "application/json; charset=utf-8" ],
        "Expires": [ "-1" ]
      },
      "Content": "{\"id\":\"/subscriptions/326100e2-f69d-4268-8503-075374f62b6e/resourcegroups/resourceGroupAutorestqy8fdg/providers/Microsoft.EventHub/namespaces/namespaceV4udhfq7\",\"name\":\"namespaceV4udhfq7\",\"type\":\"Microsoft.EventHub/Namespaces\",\"location\":\"eastus\",\"tags\":{},\"properties\":{\"minimumTlsVersion\":\"1.2\",\"publicNetworkAccess\":\"Enabled\",\"disableLocalAuth\":false,\"zoneRedundant\":true,\"metricId\":\"326100e2-f69d-4268-8503-075374f62b6e:namespacev4udhfq7\",\"updatedAt\":\"2024-02-21T12:48:28.4306873Z\",\"serviceBusEndpoint\":\"https://namespaceV4udhfq7.servicebus.windows.net:443/\",\"isAutoInflateEnabled\":false,\"maximumThroughputUnits\":0,\"kafkaEnabled\":true,\"provisioningState\":\"Creating\",\"status\":\"Creating\",\"createdAt\":\"2024-02-21T12:48:28.4306873Z\"},\"identity\":{\"principalId\":\"d71f1cd5-ec1e-4b3e-afac-a6009b69a3cd\",\"tenantId\":\"72f988bf-86f1-41af-91ab-2d7cd011db47\",\"type\":\"SystemAssigned\"},\"sku\":{\"name\":\"Premium\",\"tier\":\"Premium\",\"capacity\":1}}",
      "isContentBase64": false
    }
  },
  "New-AzEventHubNamespaceV2+[NoContext]+SetExpanded+$GET+https://management.azure.com/subscriptions/326100e2-f69d-4268-8503-075374f62b6e/resourceGroups/resourceGroupAutorestqy8fdg/providers/Microsoft.EventHub/namespaces/namespaceV4udhfq7?api-version=2023-01-01-preview+8": {
    "Request": {
      "Method": "GET",
      "RequestUri": "https://management.azure.com/subscriptions/326100e2-f69d-4268-8503-075374f62b6e/resourceGroups/resourceGroupAutorestqy8fdg/providers/Microsoft.EventHub/namespaces/namespaceV4udhfq7?api-version=2023-01-01-preview",
      "Content": null,
      "isContentBase64": false,
      "Headers": {
        "Authorization": [ "[Filtered]" ],
        "x-ms-unique-id": [ "118" ],
        "x-ms-client-request-id": [ "1a9e3e32-229f-48bb-a91c-4b13f83ae113" ],
        "CommandName": [ "Az.EventHub.private\\New-AzEventHubNamespace_CreateExpanded" ],
        "FullCommandName": [ "New-AzEventHubNamespace_CreateExpanded" ],
        "ParameterSetName": [ "__AllParameterSets" ],
        "User-Agent": [ "AzurePowershell/v0.0.0", "PSVersion/v7.2.12", "Az.EventHub/0.1.0" ]
      },
      "ContentHeaders": {
      }
    },
    "Response": {
      "StatusCode": 200,
      "Headers": {
        "Cache-Control": [ "no-cache" ],
        "Pragma": [ "no-cache" ],
        "x-ms-correlation-request-id": [ "de1c9eb9-40cf-4478-acc1-51f52ed8f01c" ],
        "x-ms-client-request-id": [ "1a9e3e32-229f-48bb-a91c-4b13f83ae113_RP" ],
        "x-ms-messaging-activity-id": [ "bdad69c0-5543-4840-900f-ddb95cbdcdb9" ],
        "x-ms-messaging-routing-id": [ "EASTUS|EASTUS|G1|2024-02-21T12:49:00" ],
        "Strict-Transport-Security": [ "max-age=31536000; includeSubDomains" ],
        "x-ms-ratelimit-remaining-subscription-reads": [ "11990" ],
        "x-ms-request-id": [ "de1c9eb9-40cf-4478-acc1-51f52ed8f01c" ],
        "x-ms-routing-request-id": [ "EASTASIA:20240221T124900Z:de1c9eb9-40cf-4478-acc1-51f52ed8f01c" ],
        "X-Content-Type-Options": [ "nosniff" ],
        "X-Cache": [ "CONFIG_NOCACHE" ],
        "X-MSEdge-Ref": [ "Ref A: 38C5600922AE40FE8B10A2796BF85E2F Ref B: SEL221051503027 Ref C: 2024-02-21T12:48:58Z" ],
        "Date": [ "Wed, 21 Feb 2024 12:49:00 GMT" ]
      },
      "ContentHeaders": {
        "Content-Length": [ "961" ],
        "Content-Type": [ "application/json; charset=utf-8" ],
        "Expires": [ "-1" ]
      },
      "Content": "{\"id\":\"/subscriptions/326100e2-f69d-4268-8503-075374f62b6e/resourcegroups/resourceGroupAutorestqy8fdg/providers/Microsoft.EventHub/namespaces/namespaceV4udhfq7\",\"name\":\"namespaceV4udhfq7\",\"type\":\"Microsoft.EventHub/Namespaces\",\"location\":\"eastus\",\"tags\":{},\"properties\":{\"minimumTlsVersion\":\"1.2\",\"publicNetworkAccess\":\"Enabled\",\"disableLocalAuth\":false,\"privateEndpointConnections\":[],\"zoneRedundant\":true,\"metricId\":\"326100e2-f69d-4268-8503-075374f62b6e:namespacev4udhfq7\",\"updatedAt\":\"2024-02-21T12:48:28.4306873Z\",\"serviceBusEndpoint\":\"https://namespaceV4udhfq7.servicebus.windows.net:443/\",\"isAutoInflateEnabled\":false,\"maximumThroughputUnits\":0,\"kafkaEnabled\":true,\"provisioningState\":\"Creating\",\"status\":\"Creating\",\"createdAt\":\"2024-02-21T12:48:28.4306873Z\"},\"identity\":{\"principalId\":\"d71f1cd5-ec1e-4b3e-afac-a6009b69a3cd\",\"tenantId\":\"72f988bf-86f1-41af-91ab-2d7cd011db47\",\"type\":\"SystemAssigned\"},\"sku\":{\"name\":\"Premium\",\"tier\":\"Premium\",\"capacity\":1}}",
      "isContentBase64": false
    }
  },
  "New-AzEventHubNamespaceV2+[NoContext]+SetExpanded+$GET+https://management.azure.com/subscriptions/326100e2-f69d-4268-8503-075374f62b6e/resourceGroups/resourceGroupAutorestqy8fdg/providers/Microsoft.EventHub/namespaces/namespaceV4udhfq7?api-version=2023-01-01-preview+9": {
    "Request": {
      "Method": "GET",
      "RequestUri": "https://management.azure.com/subscriptions/326100e2-f69d-4268-8503-075374f62b6e/resourceGroups/resourceGroupAutorestqy8fdg/providers/Microsoft.EventHub/namespaces/namespaceV4udhfq7?api-version=2023-01-01-preview",
      "Content": null,
      "isContentBase64": false,
      "Headers": {
        "Authorization": [ "[Filtered]" ],
        "x-ms-unique-id": [ "119" ],
        "x-ms-client-request-id": [ "1a9e3e32-229f-48bb-a91c-4b13f83ae113" ],
        "CommandName": [ "Az.EventHub.private\\New-AzEventHubNamespace_CreateExpanded" ],
        "FullCommandName": [ "New-AzEventHubNamespace_CreateExpanded" ],
        "ParameterSetName": [ "__AllParameterSets" ],
        "User-Agent": [ "AzurePowershell/v0.0.0", "PSVersion/v7.2.12", "Az.EventHub/0.1.0" ]
      },
      "ContentHeaders": {
      }
    },
    "Response": {
      "StatusCode": 200,
      "Headers": {
        "Cache-Control": [ "no-cache" ],
        "Pragma": [ "no-cache" ],
        "x-ms-correlation-request-id": [ "6ca4fa2c-e09e-4b2a-a9bf-1a8fda082de1" ],
        "x-ms-client-request-id": [ "1a9e3e32-229f-48bb-a91c-4b13f83ae113_RP" ],
        "x-ms-messaging-activity-id": [ "eef98284-edcf-4b4b-97fe-d40226091143" ],
        "x-ms-messaging-routing-id": [ "EASTUS|EASTUS|G7|2024-02-21T12:49:31" ],
        "Strict-Transport-Security": [ "max-age=31536000; includeSubDomains" ],
        "x-ms-ratelimit-remaining-subscription-reads": [ "11992" ],
        "x-ms-request-id": [ "6ca4fa2c-e09e-4b2a-a9bf-1a8fda082de1" ],
        "x-ms-routing-request-id": [ "EASTASIA:20240221T124931Z:6ca4fa2c-e09e-4b2a-a9bf-1a8fda082de1" ],
        "X-Content-Type-Options": [ "nosniff" ],
        "X-Cache": [ "CONFIG_NOCACHE" ],
        "X-MSEdge-Ref": [ "Ref A: 9AB50FDAC75340CD93D597A4DACD4632 Ref B: SEL221051503027 Ref C: 2024-02-21T12:49:30Z" ],
        "Date": [ "Wed, 21 Feb 2024 12:49:31 GMT" ]
      },
      "ContentHeaders": {
        "Content-Length": [ "960" ],
        "Content-Type": [ "application/json; charset=utf-8" ],
        "Expires": [ "-1" ]
      },
      "Content": "{\"id\":\"/subscriptions/326100e2-f69d-4268-8503-075374f62b6e/resourcegroups/resourceGroupAutorestqy8fdg/providers/Microsoft.EventHub/namespaces/namespaceV4udhfq7\",\"name\":\"namespaceV4udhfq7\",\"type\":\"Microsoft.EventHub/Namespaces\",\"location\":\"eastus\",\"tags\":{},\"properties\":{\"minimumTlsVersion\":\"1.2\",\"publicNetworkAccess\":\"Enabled\",\"disableLocalAuth\":false,\"privateEndpointConnections\":[],\"zoneRedundant\":true,\"metricId\":\"326100e2-f69d-4268-8503-075374f62b6e:namespacev4udhfq7\",\"updatedAt\":\"2024-02-21T12:49:29.0323383Z\",\"serviceBusEndpoint\":\"https://namespaceV4udhfq7.servicebus.windows.net:443/\",\"isAutoInflateEnabled\":false,\"maximumThroughputUnits\":0,\"kafkaEnabled\":true,\"provisioningState\":\"Succeeded\",\"status\":\"Active\",\"createdAt\":\"2024-02-21T12:48:28.4306873Z\"},\"identity\":{\"principalId\":\"d71f1cd5-ec1e-4b3e-afac-a6009b69a3cd\",\"tenantId\":\"72f988bf-86f1-41af-91ab-2d7cd011db47\",\"type\":\"SystemAssigned\"},\"sku\":{\"name\":\"Premium\",\"tier\":\"Premium\",\"capacity\":1}}",
      "isContentBase64": false
    }
  },
  "New-AzEventHubNamespaceV2+[NoContext]+SetExpanded+$GET+https://management.azure.com/subscriptions/326100e2-f69d-4268-8503-075374f62b6e/resourceGroups/resourceGroupAutorestqy8fdg/providers/Microsoft.EventHub/namespaces/namespaceV4udhfq7?api-version=2023-01-01-preview+10": {
    "Request": {
      "Method": "GET",
      "RequestUri": "https://management.azure.com/subscriptions/326100e2-f69d-4268-8503-075374f62b6e/resourceGroups/resourceGroupAutorestqy8fdg/providers/Microsoft.EventHub/namespaces/namespaceV4udhfq7?api-version=2023-01-01-preview",
      "Content": null,
      "isContentBase64": false,
      "Headers": {
        "Authorization": [ "[Filtered]" ],
        "x-ms-unique-id": [ "120" ],
        "x-ms-client-request-id": [ "1a9e3e32-229f-48bb-a91c-4b13f83ae113" ],
        "CommandName": [ "Az.EventHub.private\\New-AzEventHubNamespace_CreateExpanded" ],
        "FullCommandName": [ "New-AzEventHubNamespace_CreateExpanded" ],
        "ParameterSetName": [ "__AllParameterSets" ],
        "User-Agent": [ "AzurePowershell/v0.0.0", "PSVersion/v7.2.12", "Az.EventHub/0.1.0" ]
      },
      "ContentHeaders": {
      }
    },
    "Response": {
      "StatusCode": 200,
      "Headers": {
        "Cache-Control": [ "no-cache" ],
        "Pragma": [ "no-cache" ],
        "x-ms-correlation-request-id": [ "69b47c00-51d2-427f-9ccb-1fe3c8f4e682" ],
        "x-ms-client-request-id": [ "1a9e3e32-229f-48bb-a91c-4b13f83ae113_RP" ],
        "x-ms-messaging-activity-id": [ "bee5900a-63fb-494b-aeda-c67375819707" ],
        "x-ms-messaging-routing-id": [ "EASTUS|EASTUS|G13|2024-02-21T12:49:33" ],
        "Strict-Transport-Security": [ "max-age=31536000; includeSubDomains" ],
        "x-ms-ratelimit-remaining-subscription-reads": [ "11995" ],
        "x-ms-request-id": [ "69b47c00-51d2-427f-9ccb-1fe3c8f4e682" ],
        "x-ms-routing-request-id": [ "EASTASIA:20240221T124933Z:69b47c00-51d2-427f-9ccb-1fe3c8f4e682" ],
        "X-Content-Type-Options": [ "nosniff" ],
        "X-Cache": [ "CONFIG_NOCACHE" ],
        "X-MSEdge-Ref": [ "Ref A: 8000D5B677E3400FAB77418DA03D4D50 Ref B: SEL221051503027 Ref C: 2024-02-21T12:49:32Z" ],
        "Date": [ "Wed, 21 Feb 2024 12:49:33 GMT" ]
      },
      "ContentHeaders": {
        "Content-Length": [ "960" ],
        "Content-Type": [ "application/json; charset=utf-8" ],
        "Expires": [ "-1" ]
      },
      "Content": "{\"id\":\"/subscriptions/326100e2-f69d-4268-8503-075374f62b6e/resourcegroups/resourceGroupAutorestqy8fdg/providers/Microsoft.EventHub/namespaces/namespaceV4udhfq7\",\"name\":\"namespaceV4udhfq7\",\"type\":\"Microsoft.EventHub/Namespaces\",\"location\":\"eastus\",\"tags\":{},\"properties\":{\"minimumTlsVersion\":\"1.2\",\"publicNetworkAccess\":\"Enabled\",\"disableLocalAuth\":false,\"privateEndpointConnections\":[],\"zoneRedundant\":true,\"metricId\":\"326100e2-f69d-4268-8503-075374f62b6e:namespacev4udhfq7\",\"updatedAt\":\"2024-02-21T12:49:29.0323383Z\",\"serviceBusEndpoint\":\"https://namespaceV4udhfq7.servicebus.windows.net:443/\",\"isAutoInflateEnabled\":false,\"maximumThroughputUnits\":0,\"kafkaEnabled\":true,\"provisioningState\":\"Succeeded\",\"status\":\"Active\",\"createdAt\":\"2024-02-21T12:48:28.4306873Z\"},\"identity\":{\"principalId\":\"d71f1cd5-ec1e-4b3e-afac-a6009b69a3cd\",\"tenantId\":\"72f988bf-86f1-41af-91ab-2d7cd011db47\",\"type\":\"SystemAssigned\"},\"sku\":{\"name\":\"Premium\",\"tier\":\"Premium\",\"capacity\":1}}",
      "isContentBase64": false
    }
  },
  "New-AzEventHubNamespaceV2+[NoContext]+SetExpanded+$PUT+https://management.azure.com/subscriptions/326100e2-f69d-4268-8503-075374f62b6e/resourceGroups/resourceGroupAutorestqy8fdg/providers/Microsoft.EventHub/namespaces/namespaceV5xib4zt?api-version=2023-01-01-preview+11": {
    "Request": {
      "Method": "PUT",
      "RequestUri": "https://management.azure.com/subscriptions/326100e2-f69d-4268-8503-075374f62b6e/resourceGroups/resourceGroupAutorestqy8fdg/providers/Microsoft.EventHub/namespaces/namespaceV5xib4zt?api-version=2023-01-01-preview",
      "Content": "{\n  \"location\": \"northeurope\",\n  \"sku\": {\n    \"name\": \"Premium\",\n    \"tier\": \"Premium\"\n  },\n  \"identity\": {\n    \"type\": \"UserAssigned\",\n    \"userAssignedIdentities\": {\n      \"/subscriptions/326100e2-f69d-4268-8503-075374f62b6e/resourceGroups/ps-testing/providers/Microsoft.ManagedIdentity/userAssignedIdentities/PS-Testing-MSI2\": {\n      },\n      \"/subscriptions/326100e2-f69d-4268-8503-075374f62b6e/resourceGroups/ps-testing/providers/Microsoft.ManagedIdentity/userAssignedIdentities/PS-Testing-MSI1\": {\n      }\n    }\n  },\n  \"properties\": {\n    \"encryption\": {\n      \"keyVaultProperties\": [\n        {\n          \"identity\": {\n            \"userAssignedIdentity\": \"/subscriptions/326100e2-f69d-4268-8503-075374f62b6e/resourceGroups/ps-testing/providers/Microsoft.ManagedIdentity/userAssignedIdentities/PS-Testing-MSI1\"\n          },\n          \"keyName\": \"key1\",\n          \"keyVaultUri\": \"https://keyVaultNamemrv8fs.vault.azure.net/\"\n        },\n        {\n          \"identity\": {\n            \"userAssignedIdentity\": \"/subscriptions/326100e2-f69d-4268-8503-075374f62b6e/resourceGroups/ps-testing/providers/Microsoft.ManagedIdentity/userAssignedIdentities/PS-Testing-MSI1\"\n          },\n          \"keyName\": \"key2\",\n          \"keyVaultUri\": \"https://keyVaultNamemrv8fs.vault.azure.net/\"\n        }\n      ],\n      \"keySource\": \"Microsoft.KeyVault\"\n    }\n  }\n}",
      "isContentBase64": false,
      "Headers": {
      },
      "ContentHeaders": {
        "Content-Type": [ "application/json" ],
        "Content-Length": [ "1349" ]
      }
    },
    "Response": {
      "StatusCode": 201,
      "Headers": {
        "Cache-Control": [ "no-cache" ],
        "Pragma": [ "no-cache" ],
        "x-ms-correlation-request-id": [ "2d3d387e-88de-4317-9d6d-d7bd252180af" ],
        "x-ms-client-request-id": [ "b017c712-dec3-4899-8f60-8e7b4c807b1e_RP" ],
        "x-ms-messaging-activity-id": [ "044edee9-3766-43c0-a31c-c90b5d5dd9eb" ],
        "x-ms-messaging-routing-id": [ "NORTHEUROPE|NORTHEUROPE|G2|2024-02-21T12:49:40" ],
        "Strict-Transport-Security": [ "max-age=31536000; includeSubDomains" ],
        "x-ms-ratelimit-remaining-subscription-resource-requests": [ "49" ],
        "x-ms-request-id": [ "2d3d387e-88de-4317-9d6d-d7bd252180af" ],
        "x-ms-routing-request-id": [ "EASTASIA:20240221T124941Z:2d3d387e-88de-4317-9d6d-d7bd252180af" ],
        "X-Content-Type-Options": [ "nosniff" ],
        "X-Cache": [ "CONFIG_NOCACHE" ],
        "X-MSEdge-Ref": [ "Ref A: 9338538D7EBF4F3DA7D85548069CC23C Ref B: SEL221051503027 Ref C: 2024-02-21T12:49:33Z" ],
        "Date": [ "Wed, 21 Feb 2024 12:49:41 GMT" ]
      },
      "ContentHeaders": {
        "Content-Length": [ "2027" ],
        "Content-Type": [ "application/json; charset=utf-8" ],
        "Expires": [ "-1" ]
      },
      "Content": "{\"id\":\"/subscriptions/326100e2-f69d-4268-8503-075374f62b6e/resourcegroups/resourceGroupAutorestqy8fdg/providers/Microsoft.EventHub/namespaces/namespaceV5xib4zt\",\"name\":\"namespaceV5xib4zt\",\"type\":\"Microsoft.EventHub/Namespaces\",\"location\":\"northeurope\",\"tags\":{},\"properties\":{\"minimumTlsVersion\":\"1.2\",\"publicNetworkAccess\":\"Enabled\",\"disableLocalAuth\":false,\"encryption\":{\"keySource\":\"Microsoft.KeyVault\",\"keyVaultProperties\":[{\"keyName\":\"key1\",\"keyVaultUri\":\"https://keyVaultNamemrv8fs.vault.azure.net/\",\"identity\":{\"userAssignedIdentity\":\"/subscriptions/326100e2-f69d-4268-8503-075374f62b6e/resourcegroups/ps-testing/providers/Microsoft.ManagedIdentity/userAssignedIdentities/PS-Testing-MSI1\"}},{\"keyName\":\"key2\",\"keyVaultUri\":\"https://keyVaultNamemrv8fs.vault.azure.net/\",\"identity\":{\"userAssignedIdentity\":\"/subscriptions/326100e2-f69d-4268-8503-075374f62b6e/resourcegroups/ps-testing/providers/Microsoft.ManagedIdentity/userAssignedIdentities/PS-Testing-MSI1\"}}],\"requireInfrastructureEncryption\":false},\"zoneRedundant\":true,\"metricId\":\"326100e2-f69d-4268-8503-075374f62b6e:namespacev5xib4zt\",\"updatedAt\":\"2024-02-21T12:49:40.7910101Z\",\"serviceBusEndpoint\":\"https://namespaceV5xib4zt.servicebus.windows.net:443/\",\"isAutoInflateEnabled\":false,\"maximumThroughputUnits\":0,\"kafkaEnabled\":true,\"provisioningState\":\"Creating\",\"status\":\"Creating\",\"createdAt\":\"2024-02-21T12:49:40.7910101Z\"},\"identity\":{\"type\":\"UserAssigned\",\"userAssignedIdentities\":{\"/subscriptions/326100e2-f69d-4268-8503-075374f62b6e/resourcegroups/ps-testing/providers/Microsoft.ManagedIdentity/userAssignedIdentities/PS-Testing-MSI2\":{\"clientId\":\"440d7336-c408-4327-ad13-10a4e71aad64\",\"principalId\":\"1bdb6af0-4284-47f4-b049-94aa2868d90b\"},\"/subscriptions/326100e2-f69d-4268-8503-075374f62b6e/resourcegroups/ps-testing/providers/Microsoft.ManagedIdentity/userAssignedIdentities/PS-Testing-MSI1\":{\"clientId\":\"38a989a1-3fab-4015-b546-cbcf7a67aa89\",\"principalId\":\"624205aa-192c-4303-9606-990d06cbd997\"}}},\"sku\":{\"name\":\"Premium\",\"tier\":\"Premium\",\"capacity\":1}}",
      "isContentBase64": false
    }
  },
  "New-AzEventHubNamespaceV2+[NoContext]+SetExpanded+$GET+https://management.azure.com/subscriptions/326100e2-f69d-4268-8503-075374f62b6e/resourceGroups/resourceGroupAutorestqy8fdg/providers/Microsoft.EventHub/namespaces/namespaceV5xib4zt?api-version=2023-01-01-preview+12": {
    "Request": {
      "Method": "GET",
      "RequestUri": "https://management.azure.com/subscriptions/326100e2-f69d-4268-8503-075374f62b6e/resourceGroups/resourceGroupAutorestqy8fdg/providers/Microsoft.EventHub/namespaces/namespaceV5xib4zt?api-version=2023-01-01-preview",
      "Content": null,
      "isContentBase64": false,
      "Headers": {
        "Authorization": [ "[Filtered]" ],
        "x-ms-unique-id": [ "122" ],
        "x-ms-client-request-id": [ "b017c712-dec3-4899-8f60-8e7b4c807b1e" ],
        "CommandName": [ "Az.EventHub.private\\New-AzEventHubNamespace_CreateExpanded" ],
        "FullCommandName": [ "New-AzEventHubNamespace_CreateExpanded" ],
        "ParameterSetName": [ "__AllParameterSets" ],
        "User-Agent": [ "AzurePowershell/v0.0.0", "PSVersion/v7.2.12", "Az.EventHub/0.1.0" ]
      },
      "ContentHeaders": {
      }
    },
    "Response": {
      "StatusCode": 200,
      "Headers": {
        "Cache-Control": [ "no-cache" ],
        "Pragma": [ "no-cache" ],
        "x-ms-correlation-request-id": [ "31a82a73-1721-4244-87f8-85adf5052b8a" ],
        "x-ms-client-request-id": [ "b017c712-dec3-4899-8f60-8e7b4c807b1e_RP" ],
        "x-ms-messaging-activity-id": [ "d621f3ba-dbd9-47b2-a41a-cafd7ef4bbe5" ],
        "x-ms-messaging-routing-id": [ "NORTHEUROPE|NORTHEUROPE|G10|2024-02-21T12:50:12" ],
        "Strict-Transport-Security": [ "max-age=31536000; includeSubDomains" ],
        "x-ms-ratelimit-remaining-subscription-reads": [ "11996" ],
        "x-ms-request-id": [ "31a82a73-1721-4244-87f8-85adf5052b8a" ],
        "x-ms-routing-request-id": [ "EASTASIA:20240221T125013Z:31a82a73-1721-4244-87f8-85adf5052b8a" ],
        "X-Content-Type-Options": [ "nosniff" ],
        "X-Cache": [ "CONFIG_NOCACHE" ],
        "X-MSEdge-Ref": [ "Ref A: D344B9B674DF4043BCC709D1EF500049 Ref B: SEL221051503027 Ref C: 2024-02-21T12:50:11Z" ],
        "Date": [ "Wed, 21 Feb 2024 12:50:12 GMT" ]
      },
      "ContentHeaders": {
        "Content-Length": [ "2059" ],
        "Content-Type": [ "application/json; charset=utf-8" ],
        "Expires": [ "-1" ]
      },
      "Content": "{\"id\":\"/subscriptions/326100e2-f69d-4268-8503-075374f62b6e/resourcegroups/resourceGroupAutorestqy8fdg/providers/Microsoft.EventHub/namespaces/namespaceV5xib4zt\",\"name\":\"namespaceV5xib4zt\",\"type\":\"Microsoft.EventHub/Namespaces\",\"location\":\"northeurope\",\"tags\":{},\"properties\":{\"minimumTlsVersion\":\"1.2\",\"publicNetworkAccess\":\"Enabled\",\"disableLocalAuth\":false,\"encryption\":{\"keySource\":\"Microsoft.KeyVault\",\"keyVaultProperties\":[{\"keyName\":\"key1\",\"keyVaultUri\":\"https://keyVaultNamemrv8fs.vault.azure.net/\",\"identity\":{\"userAssignedIdentity\":\"/subscriptions/326100e2-f69d-4268-8503-075374f62b6e/resourcegroups/ps-testing/providers/Microsoft.ManagedIdentity/userAssignedIdentities/PS-Testing-MSI1\"}},{\"keyName\":\"key2\",\"keyVaultUri\":\"https://keyVaultNamemrv8fs.vault.azure.net/\",\"identity\":{\"userAssignedIdentity\":\"/subscriptions/326100e2-f69d-4268-8503-075374f62b6e/resourcegroups/ps-testing/providers/Microsoft.ManagedIdentity/userAssignedIdentities/PS-Testing-MSI1\"}}],\"requireInfrastructureEncryption\":false},\"privateEndpointConnections\":[],\"zoneRedundant\":true,\"metricId\":\"326100e2-f69d-4268-8503-075374f62b6e:namespacev5xib4zt\",\"updatedAt\":\"2024-02-21T12:49:40.7910101Z\",\"serviceBusEndpoint\":\"https://namespaceV5xib4zt.servicebus.windows.net:443/\",\"isAutoInflateEnabled\":false,\"maximumThroughputUnits\":0,\"kafkaEnabled\":true,\"provisioningState\":\"Creating\",\"status\":\"Creating\",\"createdAt\":\"2024-02-21T12:49:40.7910101Z\"},\"identity\":{\"type\":\"UserAssigned\",\"userAssignedIdentities\":{\"/subscriptions/326100e2-f69d-4268-8503-075374f62b6e/resourcegroups/ps-testing/providers/Microsoft.ManagedIdentity/userAssignedIdentities/PS-Testing-MSI2\":{\"clientId\":\"440d7336-c408-4327-ad13-10a4e71aad64\",\"principalId\":\"1bdb6af0-4284-47f4-b049-94aa2868d90b\"},\"/subscriptions/326100e2-f69d-4268-8503-075374f62b6e/resourcegroups/ps-testing/providers/Microsoft.ManagedIdentity/userAssignedIdentities/PS-Testing-MSI1\":{\"clientId\":\"38a989a1-3fab-4015-b546-cbcf7a67aa89\",\"principalId\":\"624205aa-192c-4303-9606-990d06cbd997\"}}},\"sku\":{\"name\":\"Premium\",\"tier\":\"Premium\",\"capacity\":1}}",
      "isContentBase64": false
    }
  },
  "New-AzEventHubNamespaceV2+[NoContext]+SetExpanded+$GET+https://management.azure.com/subscriptions/326100e2-f69d-4268-8503-075374f62b6e/resourceGroups/resourceGroupAutorestqy8fdg/providers/Microsoft.EventHub/namespaces/namespaceV5xib4zt?api-version=2023-01-01-preview+13": {
    "Request": {
      "Method": "GET",
      "RequestUri": "https://management.azure.com/subscriptions/326100e2-f69d-4268-8503-075374f62b6e/resourceGroups/resourceGroupAutorestqy8fdg/providers/Microsoft.EventHub/namespaces/namespaceV5xib4zt?api-version=2023-01-01-preview",
      "Content": null,
      "isContentBase64": false,
      "Headers": {
        "Authorization": [ "[Filtered]" ],
        "x-ms-unique-id": [ "123" ],
        "x-ms-client-request-id": [ "b017c712-dec3-4899-8f60-8e7b4c807b1e" ],
        "CommandName": [ "Az.EventHub.private\\New-AzEventHubNamespace_CreateExpanded" ],
        "FullCommandName": [ "New-AzEventHubNamespace_CreateExpanded" ],
        "ParameterSetName": [ "__AllParameterSets" ],
        "User-Agent": [ "AzurePowershell/v0.0.0", "PSVersion/v7.2.12", "Az.EventHub/0.1.0" ]
      },
      "ContentHeaders": {
      }
    },
    "Response": {
      "StatusCode": 200,
      "Headers": {
        "Cache-Control": [ "no-cache" ],
        "Pragma": [ "no-cache" ],
        "x-ms-correlation-request-id": [ "12f664e5-1d24-40e7-8fe2-dd8152c70011" ],
        "x-ms-client-request-id": [ "b017c712-dec3-4899-8f60-8e7b4c807b1e_RP" ],
        "x-ms-messaging-activity-id": [ "f8e09561-69c9-4f1c-911b-8e53b764d0db" ],
        "x-ms-messaging-routing-id": [ "NORTHEUROPE|NORTHEUROPE|G3|2024-02-21T12:50:45" ],
        "Strict-Transport-Security": [ "max-age=31536000; includeSubDomains" ],
        "x-ms-ratelimit-remaining-subscription-reads": [ "11994" ],
        "x-ms-request-id": [ "12f664e5-1d24-40e7-8fe2-dd8152c70011" ],
        "x-ms-routing-request-id": [ "EASTASIA:20240221T125045Z:12f664e5-1d24-40e7-8fe2-dd8152c70011" ],
        "X-Content-Type-Options": [ "nosniff" ],
        "X-Cache": [ "CONFIG_NOCACHE" ],
        "X-MSEdge-Ref": [ "Ref A: 5DE0A0E40CBC4E278CC24722DB09766F Ref B: SEL221051503027 Ref C: 2024-02-21T12:50:43Z" ],
        "Date": [ "Wed, 21 Feb 2024 12:50:44 GMT" ]
      },
      "ContentHeaders": {
        "Content-Length": [ "2058" ],
        "Content-Type": [ "application/json; charset=utf-8" ],
        "Expires": [ "-1" ]
      },
      "Content": "{\"id\":\"/subscriptions/326100e2-f69d-4268-8503-075374f62b6e/resourcegroups/resourceGroupAutorestqy8fdg/providers/Microsoft.EventHub/namespaces/namespaceV5xib4zt\",\"name\":\"namespaceV5xib4zt\",\"type\":\"Microsoft.EventHub/Namespaces\",\"location\":\"northeurope\",\"tags\":{},\"properties\":{\"minimumTlsVersion\":\"1.2\",\"publicNetworkAccess\":\"Enabled\",\"disableLocalAuth\":false,\"encryption\":{\"keySource\":\"Microsoft.KeyVault\",\"keyVaultProperties\":[{\"keyName\":\"key1\",\"keyVaultUri\":\"https://keyVaultNamemrv8fs.vault.azure.net/\",\"identity\":{\"userAssignedIdentity\":\"/subscriptions/326100e2-f69d-4268-8503-075374f62b6e/resourcegroups/ps-testing/providers/Microsoft.ManagedIdentity/userAssignedIdentities/PS-Testing-MSI1\"}},{\"keyName\":\"key2\",\"keyVaultUri\":\"https://keyVaultNamemrv8fs.vault.azure.net/\",\"identity\":{\"userAssignedIdentity\":\"/subscriptions/326100e2-f69d-4268-8503-075374f62b6e/resourcegroups/ps-testing/providers/Microsoft.ManagedIdentity/userAssignedIdentities/PS-Testing-MSI1\"}}],\"requireInfrastructureEncryption\":false},\"privateEndpointConnections\":[],\"zoneRedundant\":true,\"metricId\":\"326100e2-f69d-4268-8503-075374f62b6e:namespacev5xib4zt\",\"updatedAt\":\"2024-02-21T12:50:40.6063226Z\",\"serviceBusEndpoint\":\"https://namespaceV5xib4zt.servicebus.windows.net:443/\",\"isAutoInflateEnabled\":false,\"maximumThroughputUnits\":0,\"kafkaEnabled\":true,\"provisioningState\":\"Succeeded\",\"status\":\"Active\",\"createdAt\":\"2024-02-21T12:49:40.7910101Z\"},\"identity\":{\"type\":\"UserAssigned\",\"userAssignedIdentities\":{\"/subscriptions/326100e2-f69d-4268-8503-075374f62b6e/resourcegroups/ps-testing/providers/Microsoft.ManagedIdentity/userAssignedIdentities/PS-Testing-MSI2\":{\"clientId\":\"440d7336-c408-4327-ad13-10a4e71aad64\",\"principalId\":\"1bdb6af0-4284-47f4-b049-94aa2868d90b\"},\"/subscriptions/326100e2-f69d-4268-8503-075374f62b6e/resourcegroups/ps-testing/providers/Microsoft.ManagedIdentity/userAssignedIdentities/PS-Testing-MSI1\":{\"clientId\":\"38a989a1-3fab-4015-b546-cbcf7a67aa89\",\"principalId\":\"624205aa-192c-4303-9606-990d06cbd997\"}}},\"sku\":{\"name\":\"Premium\",\"tier\":\"Premium\",\"capacity\":1}}",
      "isContentBase64": false
    }
  },
  "New-AzEventHubNamespaceV2+[NoContext]+SetExpanded+$GET+https://management.azure.com/subscriptions/326100e2-f69d-4268-8503-075374f62b6e/resourceGroups/resourceGroupAutorestqy8fdg/providers/Microsoft.EventHub/namespaces/namespaceV5xib4zt?api-version=2023-01-01-preview+14": {
    "Request": {
      "Method": "GET",
      "RequestUri": "https://management.azure.com/subscriptions/326100e2-f69d-4268-8503-075374f62b6e/resourceGroups/resourceGroupAutorestqy8fdg/providers/Microsoft.EventHub/namespaces/namespaceV5xib4zt?api-version=2023-01-01-preview",
      "Content": null,
      "isContentBase64": false,
      "Headers": {
        "Authorization": [ "[Filtered]" ],
        "x-ms-unique-id": [ "124" ],
        "x-ms-client-request-id": [ "b017c712-dec3-4899-8f60-8e7b4c807b1e" ],
        "CommandName": [ "Az.EventHub.private\\New-AzEventHubNamespace_CreateExpanded" ],
        "FullCommandName": [ "New-AzEventHubNamespace_CreateExpanded" ],
        "ParameterSetName": [ "__AllParameterSets" ],
        "User-Agent": [ "AzurePowershell/v0.0.0", "PSVersion/v7.2.12", "Az.EventHub/0.1.0" ]
      },
      "ContentHeaders": {
      }
    },
    "Response": {
      "StatusCode": 200,
      "Headers": {
        "Cache-Control": [ "no-cache" ],
        "Pragma": [ "no-cache" ],
        "x-ms-correlation-request-id": [ "40a74365-9bfb-47b6-b4de-fb6c573c838d" ],
        "x-ms-client-request-id": [ "b017c712-dec3-4899-8f60-8e7b4c807b1e_RP" ],
        "x-ms-messaging-activity-id": [ "f5d8461b-e92a-42dd-a2b8-51ecb156360c" ],
        "x-ms-messaging-routing-id": [ "NORTHEUROPE|NORTHEUROPE|G13|2024-02-21T12:50:46" ],
        "Strict-Transport-Security": [ "max-age=31536000; includeSubDomains" ],
        "x-ms-ratelimit-remaining-subscription-reads": [ "11989" ],
        "x-ms-request-id": [ "40a74365-9bfb-47b6-b4de-fb6c573c838d" ],
        "x-ms-routing-request-id": [ "EASTASIA:20240221T125046Z:40a74365-9bfb-47b6-b4de-fb6c573c838d" ],
        "X-Content-Type-Options": [ "nosniff" ],
        "X-Cache": [ "CONFIG_NOCACHE" ],
        "X-MSEdge-Ref": [ "Ref A: FFD366CDB0FC4D91B37852A019D9FEE0 Ref B: SEL221051503027 Ref C: 2024-02-21T12:50:45Z" ],
        "Date": [ "Wed, 21 Feb 2024 12:50:46 GMT" ]
      },
      "ContentHeaders": {
        "Content-Length": [ "2058" ],
        "Content-Type": [ "application/json; charset=utf-8" ],
        "Expires": [ "-1" ]
      },
      "Content": "{\"id\":\"/subscriptions/326100e2-f69d-4268-8503-075374f62b6e/resourcegroups/resourceGroupAutorestqy8fdg/providers/Microsoft.EventHub/namespaces/namespaceV5xib4zt\",\"name\":\"namespaceV5xib4zt\",\"type\":\"Microsoft.EventHub/Namespaces\",\"location\":\"northeurope\",\"tags\":{},\"properties\":{\"minimumTlsVersion\":\"1.2\",\"publicNetworkAccess\":\"Enabled\",\"disableLocalAuth\":false,\"encryption\":{\"keySource\":\"Microsoft.KeyVault\",\"keyVaultProperties\":[{\"keyName\":\"key1\",\"keyVaultUri\":\"https://keyVaultNamemrv8fs.vault.azure.net/\",\"identity\":{\"userAssignedIdentity\":\"/subscriptions/326100e2-f69d-4268-8503-075374f62b6e/resourcegroups/ps-testing/providers/Microsoft.ManagedIdentity/userAssignedIdentities/PS-Testing-MSI1\"}},{\"keyName\":\"key2\",\"keyVaultUri\":\"https://keyVaultNamemrv8fs.vault.azure.net/\",\"identity\":{\"userAssignedIdentity\":\"/subscriptions/326100e2-f69d-4268-8503-075374f62b6e/resourcegroups/ps-testing/providers/Microsoft.ManagedIdentity/userAssignedIdentities/PS-Testing-MSI1\"}}],\"requireInfrastructureEncryption\":false},\"privateEndpointConnections\":[],\"zoneRedundant\":true,\"metricId\":\"326100e2-f69d-4268-8503-075374f62b6e:namespacev5xib4zt\",\"updatedAt\":\"2024-02-21T12:50:40.6063226Z\",\"serviceBusEndpoint\":\"https://namespaceV5xib4zt.servicebus.windows.net:443/\",\"isAutoInflateEnabled\":false,\"maximumThroughputUnits\":0,\"kafkaEnabled\":true,\"provisioningState\":\"Succeeded\",\"status\":\"Active\",\"createdAt\":\"2024-02-21T12:49:40.7910101Z\"},\"identity\":{\"type\":\"UserAssigned\",\"userAssignedIdentities\":{\"/subscriptions/326100e2-f69d-4268-8503-075374f62b6e/resourcegroups/ps-testing/providers/Microsoft.ManagedIdentity/userAssignedIdentities/PS-Testing-MSI2\":{\"clientId\":\"440d7336-c408-4327-ad13-10a4e71aad64\",\"principalId\":\"1bdb6af0-4284-47f4-b049-94aa2868d90b\"},\"/subscriptions/326100e2-f69d-4268-8503-075374f62b6e/resourcegroups/ps-testing/providers/Microsoft.ManagedIdentity/userAssignedIdentities/PS-Testing-MSI1\":{\"clientId\":\"38a989a1-3fab-4015-b546-cbcf7a67aa89\",\"principalId\":\"624205aa-192c-4303-9606-990d06cbd997\"}}},\"sku\":{\"name\":\"Premium\",\"tier\":\"Premium\",\"capacity\":1}}",
      "isContentBase64": false
    }
  },
  "New-AzEventHubNamespaceV2+[NoContext]+SetExpanded+$PUT+https://management.azure.com/subscriptions/326100e2-f69d-4268-8503-075374f62b6e/resourceGroups/resourceGroupAutorestqy8fdg/providers/Microsoft.EventHub/namespaces/namespaceV738bc0q?api-version=2023-01-01-preview+15": {
    "Request": {
      "Method": "PUT",
      "RequestUri": "https://management.azure.com/subscriptions/326100e2-f69d-4268-8503-075374f62b6e/resourceGroups/resourceGroupAutorestqy8fdg/providers/Microsoft.EventHub/namespaces/namespaceV738bc0q?api-version=2023-01-01-preview",
      "Content": "{\n  \"location\": \"northeurope\",\n  \"sku\": {\n    \"name\": \"Premium\",\n    \"tier\": \"Premium\"\n  },\n  \"identity\": {\n    \"type\": \"UserAssigned\",\n    \"userAssignedIdentities\": {\n      \"/subscriptions/326100e2-f69d-4268-8503-075374f62b6e/resourceGroups/ps-testing/providers/Microsoft.ManagedIdentity/userAssignedIdentities/PS-Testing-MSI2\": {\n      },\n      \"/subscriptions/326100e2-f69d-4268-8503-075374f62b6e/resourceGroups/ps-testing/providers/Microsoft.ManagedIdentity/userAssignedIdentities/PS-Testing-MSI1\": {\n      }\n    }\n  },\n  \"properties\": {\n    \"encryption\": {\n      \"keyVaultProperties\": [\n        {\n          \"identity\": {\n            \"userAssignedIdentity\": \"/subscriptions/326100e2-f69d-4268-8503-075374f62b6e/resourceGroups/ps-testing/providers/Microsoft.ManagedIdentity/userAssignedIdentities/PS-Testing-MSI1\"\n          },\n          \"keyName\": \"key1\",\n          \"keyVaultUri\": \"https://keyVaultNamemrv8fs.vault.azure.net/\"\n        },\n        {\n          \"identity\": {\n            \"userAssignedIdentity\": \"/subscriptions/326100e2-f69d-4268-8503-075374f62b6e/resourceGroups/ps-testing/providers/Microsoft.ManagedIdentity/userAssignedIdentities/PS-Testing-MSI1\"\n          },\n          \"keyName\": \"key2\",\n          \"keyVaultUri\": \"https://keyVaultNamemrv8fs.vault.azure.net/\"\n        }\n      ],\n      \"keySource\": \"Microsoft.KeyVault\",\n      \"requireInfrastructureEncryption\": true\n    }\n  }\n}",
      "isContentBase64": false,
      "Headers": {
      },
      "ContentHeaders": {
        "Content-Type": [ "application/json" ],
        "Content-Length": [ "1396" ]
      }
    },
    "Response": {
      "StatusCode": 201,
      "Headers": {
        "Cache-Control": [ "no-cache" ],
        "Pragma": [ "no-cache" ],
        "x-ms-correlation-request-id": [ "e9786cc3-cecc-49ed-8b74-28838d1163a4" ],
        "x-ms-client-request-id": [ "70ed8608-c896-4471-84e7-9eb936f07ffd_RP" ],
        "x-ms-messaging-activity-id": [ "b9d41fb4-64d5-4c71-8e7d-393ca1f90645" ],
        "x-ms-messaging-routing-id": [ "NORTHEUROPE|NORTHEUROPE|G13|2024-02-21T12:50:52" ],
        "Strict-Transport-Security": [ "max-age=31536000; includeSubDomains" ],
        "x-ms-ratelimit-remaining-subscription-resource-requests": [ "49" ],
        "x-ms-request-id": [ "e9786cc3-cecc-49ed-8b74-28838d1163a4" ],
        "x-ms-routing-request-id": [ "EASTASIA:20240221T125053Z:e9786cc3-cecc-49ed-8b74-28838d1163a4" ],
        "X-Content-Type-Options": [ "nosniff" ],
        "X-Cache": [ "CONFIG_NOCACHE" ],
        "X-MSEdge-Ref": [ "Ref A: 56B99C4538874588847D155782FF43AE Ref B: SEL221051503027 Ref C: 2024-02-21T12:50:47Z" ],
        "Date": [ "Wed, 21 Feb 2024 12:50:52 GMT" ]
      },
      "ContentHeaders": {
        "Content-Length": [ "2026" ],
        "Content-Type": [ "application/json; charset=utf-8" ],
        "Expires": [ "-1" ]
      },
      "Content": "{\"id\":\"/subscriptions/326100e2-f69d-4268-8503-075374f62b6e/resourcegroups/resourceGroupAutorestqy8fdg/providers/Microsoft.EventHub/namespaces/namespaceV738bc0q\",\"name\":\"namespaceV738bc0q\",\"type\":\"Microsoft.EventHub/Namespaces\",\"location\":\"northeurope\",\"tags\":{},\"properties\":{\"minimumTlsVersion\":\"1.2\",\"publicNetworkAccess\":\"Enabled\",\"disableLocalAuth\":false,\"encryption\":{\"keySource\":\"Microsoft.KeyVault\",\"keyVaultProperties\":[{\"keyName\":\"key1\",\"keyVaultUri\":\"https://keyVaultNamemrv8fs.vault.azure.net/\",\"identity\":{\"userAssignedIdentity\":\"/subscriptions/326100e2-f69d-4268-8503-075374f62b6e/resourcegroups/ps-testing/providers/Microsoft.ManagedIdentity/userAssignedIdentities/PS-Testing-MSI1\"}},{\"keyName\":\"key2\",\"keyVaultUri\":\"https://keyVaultNamemrv8fs.vault.azure.net/\",\"identity\":{\"userAssignedIdentity\":\"/subscriptions/326100e2-f69d-4268-8503-075374f62b6e/resourcegroups/ps-testing/providers/Microsoft.ManagedIdentity/userAssignedIdentities/PS-Testing-MSI1\"}}],\"requireInfrastructureEncryption\":true},\"zoneRedundant\":true,\"metricId\":\"326100e2-f69d-4268-8503-075374f62b6e:namespacev738bc0q\",\"updatedAt\":\"2024-02-21T12:50:52.8564152Z\",\"serviceBusEndpoint\":\"https://namespaceV738bc0q.servicebus.windows.net:443/\",\"isAutoInflateEnabled\":false,\"maximumThroughputUnits\":0,\"kafkaEnabled\":true,\"provisioningState\":\"Creating\",\"status\":\"Creating\",\"createdAt\":\"2024-02-21T12:50:52.8564152Z\"},\"identity\":{\"type\":\"UserAssigned\",\"userAssignedIdentities\":{\"/subscriptions/326100e2-f69d-4268-8503-075374f62b6e/resourcegroups/ps-testing/providers/Microsoft.ManagedIdentity/userAssignedIdentities/PS-Testing-MSI1\":{\"clientId\":\"38a989a1-3fab-4015-b546-cbcf7a67aa89\",\"principalId\":\"624205aa-192c-4303-9606-990d06cbd997\"},\"/subscriptions/326100e2-f69d-4268-8503-075374f62b6e/resourcegroups/ps-testing/providers/Microsoft.ManagedIdentity/userAssignedIdentities/PS-Testing-MSI2\":{\"clientId\":\"440d7336-c408-4327-ad13-10a4e71aad64\",\"principalId\":\"1bdb6af0-4284-47f4-b049-94aa2868d90b\"}}},\"sku\":{\"name\":\"Premium\",\"tier\":\"Premium\",\"capacity\":1}}",
      "isContentBase64": false
    }
  },
  "New-AzEventHubNamespaceV2+[NoContext]+SetExpanded+$GET+https://management.azure.com/subscriptions/326100e2-f69d-4268-8503-075374f62b6e/resourceGroups/resourceGroupAutorestqy8fdg/providers/Microsoft.EventHub/namespaces/namespaceV738bc0q?api-version=2023-01-01-preview+16": {
    "Request": {
      "Method": "GET",
      "RequestUri": "https://management.azure.com/subscriptions/326100e2-f69d-4268-8503-075374f62b6e/resourceGroups/resourceGroupAutorestqy8fdg/providers/Microsoft.EventHub/namespaces/namespaceV738bc0q?api-version=2023-01-01-preview",
      "Content": null,
      "isContentBase64": false,
      "Headers": {
        "Authorization": [ "[Filtered]" ],
        "x-ms-unique-id": [ "126" ],
        "x-ms-client-request-id": [ "70ed8608-c896-4471-84e7-9eb936f07ffd" ],
        "CommandName": [ "Az.EventHub.private\\New-AzEventHubNamespace_CreateExpanded" ],
        "FullCommandName": [ "New-AzEventHubNamespace_CreateExpanded" ],
        "ParameterSetName": [ "__AllParameterSets" ],
        "User-Agent": [ "AzurePowershell/v0.0.0", "PSVersion/v7.2.12", "Az.EventHub/0.1.0" ]
      },
      "ContentHeaders": {
      }
    },
    "Response": {
      "StatusCode": 200,
      "Headers": {
        "Cache-Control": [ "no-cache" ],
        "Pragma": [ "no-cache" ],
        "x-ms-correlation-request-id": [ "e92c6ab9-e513-4196-977e-8ee2bb2938f4" ],
        "x-ms-client-request-id": [ "70ed8608-c896-4471-84e7-9eb936f07ffd_RP" ],
        "x-ms-messaging-activity-id": [ "ec872c08-4d8e-428d-8e86-3bf34ae57550" ],
        "x-ms-messaging-routing-id": [ "NORTHEUROPE|NORTHEUROPE|G6|2024-02-21T12:51:25" ],
        "Strict-Transport-Security": [ "max-age=31536000; includeSubDomains" ],
        "x-ms-ratelimit-remaining-subscription-reads": [ "11992" ],
        "x-ms-request-id": [ "e92c6ab9-e513-4196-977e-8ee2bb2938f4" ],
        "x-ms-routing-request-id": [ "EASTASIA:20240221T125125Z:e92c6ab9-e513-4196-977e-8ee2bb2938f4" ],
        "X-Content-Type-Options": [ "nosniff" ],
        "X-Cache": [ "CONFIG_NOCACHE" ],
        "X-MSEdge-Ref": [ "Ref A: 6863CD6D0C1E4477BA1C03551578BEEB Ref B: SEL221051503027 Ref C: 2024-02-21T12:51:23Z" ],
        "Date": [ "Wed, 21 Feb 2024 12:51:24 GMT" ]
      },
      "ContentHeaders": {
        "Content-Length": [ "2058" ],
        "Content-Type": [ "application/json; charset=utf-8" ],
        "Expires": [ "-1" ]
      },
      "Content": "{\"id\":\"/subscriptions/326100e2-f69d-4268-8503-075374f62b6e/resourcegroups/resourceGroupAutorestqy8fdg/providers/Microsoft.EventHub/namespaces/namespaceV738bc0q\",\"name\":\"namespaceV738bc0q\",\"type\":\"Microsoft.EventHub/Namespaces\",\"location\":\"northeurope\",\"tags\":{},\"properties\":{\"minimumTlsVersion\":\"1.2\",\"publicNetworkAccess\":\"Enabled\",\"disableLocalAuth\":false,\"encryption\":{\"keySource\":\"Microsoft.KeyVault\",\"keyVaultProperties\":[{\"keyName\":\"key1\",\"keyVaultUri\":\"https://keyVaultNamemrv8fs.vault.azure.net/\",\"identity\":{\"userAssignedIdentity\":\"/subscriptions/326100e2-f69d-4268-8503-075374f62b6e/resourcegroups/ps-testing/providers/Microsoft.ManagedIdentity/userAssignedIdentities/PS-Testing-MSI1\"}},{\"keyName\":\"key2\",\"keyVaultUri\":\"https://keyVaultNamemrv8fs.vault.azure.net/\",\"identity\":{\"userAssignedIdentity\":\"/subscriptions/326100e2-f69d-4268-8503-075374f62b6e/resourcegroups/ps-testing/providers/Microsoft.ManagedIdentity/userAssignedIdentities/PS-Testing-MSI1\"}}],\"requireInfrastructureEncryption\":true},\"privateEndpointConnections\":[],\"zoneRedundant\":true,\"metricId\":\"326100e2-f69d-4268-8503-075374f62b6e:namespacev738bc0q\",\"updatedAt\":\"2024-02-21T12:50:52.8564152Z\",\"serviceBusEndpoint\":\"https://namespaceV738bc0q.servicebus.windows.net:443/\",\"isAutoInflateEnabled\":false,\"maximumThroughputUnits\":0,\"kafkaEnabled\":true,\"provisioningState\":\"Creating\",\"status\":\"Creating\",\"createdAt\":\"2024-02-21T12:50:52.8564152Z\"},\"identity\":{\"type\":\"UserAssigned\",\"userAssignedIdentities\":{\"/subscriptions/326100e2-f69d-4268-8503-075374f62b6e/resourcegroups/ps-testing/providers/Microsoft.ManagedIdentity/userAssignedIdentities/PS-Testing-MSI1\":{\"clientId\":\"38a989a1-3fab-4015-b546-cbcf7a67aa89\",\"principalId\":\"624205aa-192c-4303-9606-990d06cbd997\"},\"/subscriptions/326100e2-f69d-4268-8503-075374f62b6e/resourcegroups/ps-testing/providers/Microsoft.ManagedIdentity/userAssignedIdentities/PS-Testing-MSI2\":{\"clientId\":\"440d7336-c408-4327-ad13-10a4e71aad64\",\"principalId\":\"1bdb6af0-4284-47f4-b049-94aa2868d90b\"}}},\"sku\":{\"name\":\"Premium\",\"tier\":\"Premium\",\"capacity\":1}}",
      "isContentBase64": false
    }
  },
  "New-AzEventHubNamespaceV2+[NoContext]+SetExpanded+$GET+https://management.azure.com/subscriptions/326100e2-f69d-4268-8503-075374f62b6e/resourceGroups/resourceGroupAutorestqy8fdg/providers/Microsoft.EventHub/namespaces/namespaceV738bc0q?api-version=2023-01-01-preview+17": {
    "Request": {
      "Method": "GET",
      "RequestUri": "https://management.azure.com/subscriptions/326100e2-f69d-4268-8503-075374f62b6e/resourceGroups/resourceGroupAutorestqy8fdg/providers/Microsoft.EventHub/namespaces/namespaceV738bc0q?api-version=2023-01-01-preview",
      "Content": null,
      "isContentBase64": false,
      "Headers": {
        "Authorization": [ "[Filtered]" ],
        "x-ms-unique-id": [ "127" ],
        "x-ms-client-request-id": [ "70ed8608-c896-4471-84e7-9eb936f07ffd" ],
        "CommandName": [ "Az.EventHub.private\\New-AzEventHubNamespace_CreateExpanded" ],
        "FullCommandName": [ "New-AzEventHubNamespace_CreateExpanded" ],
        "ParameterSetName": [ "__AllParameterSets" ],
        "User-Agent": [ "AzurePowershell/v0.0.0", "PSVersion/v7.2.12", "Az.EventHub/0.1.0" ]
      },
      "ContentHeaders": {
      }
    },
    "Response": {
      "StatusCode": 200,
      "Headers": {
        "Cache-Control": [ "no-cache" ],
        "Pragma": [ "no-cache" ],
        "x-ms-correlation-request-id": [ "ae48e10b-1c5d-4537-81d7-bf8b5cdeea24" ],
        "x-ms-client-request-id": [ "70ed8608-c896-4471-84e7-9eb936f07ffd_RP" ],
        "x-ms-messaging-activity-id": [ "31590ab4-ef1f-49f7-b2d8-bcbd5c3b226b" ],
        "x-ms-messaging-routing-id": [ "NORTHEUROPE|NORTHEUROPE|G4|2024-02-21T12:51:57" ],
        "Strict-Transport-Security": [ "max-age=31536000; includeSubDomains" ],
        "x-ms-ratelimit-remaining-subscription-reads": [ "11993" ],
        "x-ms-request-id": [ "ae48e10b-1c5d-4537-81d7-bf8b5cdeea24" ],
        "x-ms-routing-request-id": [ "EASTASIA:20240221T125157Z:ae48e10b-1c5d-4537-81d7-bf8b5cdeea24" ],
        "X-Content-Type-Options": [ "nosniff" ],
        "X-Cache": [ "CONFIG_NOCACHE" ],
        "X-MSEdge-Ref": [ "Ref A: DF479414E4544DF89643E2C73D463996 Ref B: SEL221051503027 Ref C: 2024-02-21T12:51:55Z" ],
        "Date": [ "Wed, 21 Feb 2024 12:51:56 GMT" ]
      },
      "ContentHeaders": {
        "Content-Length": [ "2057" ],
        "Content-Type": [ "application/json; charset=utf-8" ],
        "Expires": [ "-1" ]
      },
      "Content": "{\"id\":\"/subscriptions/326100e2-f69d-4268-8503-075374f62b6e/resourcegroups/resourceGroupAutorestqy8fdg/providers/Microsoft.EventHub/namespaces/namespaceV738bc0q\",\"name\":\"namespaceV738bc0q\",\"type\":\"Microsoft.EventHub/Namespaces\",\"location\":\"northeurope\",\"tags\":{},\"properties\":{\"minimumTlsVersion\":\"1.2\",\"publicNetworkAccess\":\"Enabled\",\"disableLocalAuth\":false,\"encryption\":{\"keySource\":\"Microsoft.KeyVault\",\"keyVaultProperties\":[{\"keyName\":\"key1\",\"keyVaultUri\":\"https://keyVaultNamemrv8fs.vault.azure.net/\",\"identity\":{\"userAssignedIdentity\":\"/subscriptions/326100e2-f69d-4268-8503-075374f62b6e/resourcegroups/ps-testing/providers/Microsoft.ManagedIdentity/userAssignedIdentities/PS-Testing-MSI1\"}},{\"keyName\":\"key2\",\"keyVaultUri\":\"https://keyVaultNamemrv8fs.vault.azure.net/\",\"identity\":{\"userAssignedIdentity\":\"/subscriptions/326100e2-f69d-4268-8503-075374f62b6e/resourcegroups/ps-testing/providers/Microsoft.ManagedIdentity/userAssignedIdentities/PS-Testing-MSI1\"}}],\"requireInfrastructureEncryption\":true},\"privateEndpointConnections\":[],\"zoneRedundant\":true,\"metricId\":\"326100e2-f69d-4268-8503-075374f62b6e:namespacev738bc0q\",\"updatedAt\":\"2024-02-21T12:51:55.6227855Z\",\"serviceBusEndpoint\":\"https://namespaceV738bc0q.servicebus.windows.net:443/\",\"isAutoInflateEnabled\":false,\"maximumThroughputUnits\":0,\"kafkaEnabled\":true,\"provisioningState\":\"Succeeded\",\"status\":\"Active\",\"createdAt\":\"2024-02-21T12:50:52.8564152Z\"},\"identity\":{\"type\":\"UserAssigned\",\"userAssignedIdentities\":{\"/subscriptions/326100e2-f69d-4268-8503-075374f62b6e/resourcegroups/ps-testing/providers/Microsoft.ManagedIdentity/userAssignedIdentities/PS-Testing-MSI1\":{\"clientId\":\"38a989a1-3fab-4015-b546-cbcf7a67aa89\",\"principalId\":\"624205aa-192c-4303-9606-990d06cbd997\"},\"/subscriptions/326100e2-f69d-4268-8503-075374f62b6e/resourcegroups/ps-testing/providers/Microsoft.ManagedIdentity/userAssignedIdentities/PS-Testing-MSI2\":{\"clientId\":\"440d7336-c408-4327-ad13-10a4e71aad64\",\"principalId\":\"1bdb6af0-4284-47f4-b049-94aa2868d90b\"}}},\"sku\":{\"name\":\"Premium\",\"tier\":\"Premium\",\"capacity\":1}}",
      "isContentBase64": false
    }
  },
  "New-AzEventHubNamespaceV2+[NoContext]+SetExpanded+$GET+https://management.azure.com/subscriptions/326100e2-f69d-4268-8503-075374f62b6e/resourceGroups/resourceGroupAutorestqy8fdg/providers/Microsoft.EventHub/namespaces/namespaceV738bc0q?api-version=2023-01-01-preview+18": {
    "Request": {
      "Method": "GET",
      "RequestUri": "https://management.azure.com/subscriptions/326100e2-f69d-4268-8503-075374f62b6e/resourceGroups/resourceGroupAutorestqy8fdg/providers/Microsoft.EventHub/namespaces/namespaceV738bc0q?api-version=2023-01-01-preview",
      "Content": null,
      "isContentBase64": false,
      "Headers": {
        "Authorization": [ "[Filtered]" ],
        "x-ms-unique-id": [ "128" ],
        "x-ms-client-request-id": [ "70ed8608-c896-4471-84e7-9eb936f07ffd" ],
        "CommandName": [ "Az.EventHub.private\\New-AzEventHubNamespace_CreateExpanded" ],
        "FullCommandName": [ "New-AzEventHubNamespace_CreateExpanded" ],
        "ParameterSetName": [ "__AllParameterSets" ],
        "User-Agent": [ "AzurePowershell/v0.0.0", "PSVersion/v7.2.12", "Az.EventHub/0.1.0" ]
      },
      "ContentHeaders": {
      }
    },
    "Response": {
      "StatusCode": 200,
      "Headers": {
        "Cache-Control": [ "no-cache" ],
        "Pragma": [ "no-cache" ],
        "x-ms-correlation-request-id": [ "b57c9512-07f5-4c4b-8678-72b24a8d6bd4" ],
        "x-ms-client-request-id": [ "70ed8608-c896-4471-84e7-9eb936f07ffd_RP" ],
        "x-ms-messaging-activity-id": [ "d902a035-92e1-4506-81de-338f89905a9d" ],
        "x-ms-messaging-routing-id": [ "NORTHEUROPE|NORTHEUROPE|G4|2024-02-21T12:51:57" ],
        "Strict-Transport-Security": [ "max-age=31536000; includeSubDomains" ],
        "x-ms-ratelimit-remaining-subscription-reads": [ "11992" ],
        "x-ms-request-id": [ "b57c9512-07f5-4c4b-8678-72b24a8d6bd4" ],
        "x-ms-routing-request-id": [ "EASTASIA:20240221T125157Z:b57c9512-07f5-4c4b-8678-72b24a8d6bd4" ],
        "X-Content-Type-Options": [ "nosniff" ],
        "X-Cache": [ "CONFIG_NOCACHE" ],
        "X-MSEdge-Ref": [ "Ref A: 17E98ECA032140ADB51364D2C930DCF4 Ref B: SEL221051503027 Ref C: 2024-02-21T12:51:57Z" ],
        "Date": [ "Wed, 21 Feb 2024 12:51:57 GMT" ]
      },
      "ContentHeaders": {
        "Content-Length": [ "2057" ],
        "Content-Type": [ "application/json; charset=utf-8" ],
        "Expires": [ "-1" ]
      },
      "Content": "{\"id\":\"/subscriptions/326100e2-f69d-4268-8503-075374f62b6e/resourcegroups/resourceGroupAutorestqy8fdg/providers/Microsoft.EventHub/namespaces/namespaceV738bc0q\",\"name\":\"namespaceV738bc0q\",\"type\":\"Microsoft.EventHub/Namespaces\",\"location\":\"northeurope\",\"tags\":{},\"properties\":{\"minimumTlsVersion\":\"1.2\",\"publicNetworkAccess\":\"Enabled\",\"disableLocalAuth\":false,\"encryption\":{\"keySource\":\"Microsoft.KeyVault\",\"keyVaultProperties\":[{\"keyName\":\"key1\",\"keyVaultUri\":\"https://keyVaultNamemrv8fs.vault.azure.net/\",\"identity\":{\"userAssignedIdentity\":\"/subscriptions/326100e2-f69d-4268-8503-075374f62b6e/resourcegroups/ps-testing/providers/Microsoft.ManagedIdentity/userAssignedIdentities/PS-Testing-MSI1\"}},{\"keyName\":\"key2\",\"keyVaultUri\":\"https://keyVaultNamemrv8fs.vault.azure.net/\",\"identity\":{\"userAssignedIdentity\":\"/subscriptions/326100e2-f69d-4268-8503-075374f62b6e/resourcegroups/ps-testing/providers/Microsoft.ManagedIdentity/userAssignedIdentities/PS-Testing-MSI1\"}}],\"requireInfrastructureEncryption\":true},\"privateEndpointConnections\":[],\"zoneRedundant\":true,\"metricId\":\"326100e2-f69d-4268-8503-075374f62b6e:namespacev738bc0q\",\"updatedAt\":\"2024-02-21T12:51:55.6227855Z\",\"serviceBusEndpoint\":\"https://namespaceV738bc0q.servicebus.windows.net:443/\",\"isAutoInflateEnabled\":false,\"maximumThroughputUnits\":0,\"kafkaEnabled\":true,\"provisioningState\":\"Succeeded\",\"status\":\"Active\",\"createdAt\":\"2024-02-21T12:50:52.8564152Z\"},\"identity\":{\"type\":\"UserAssigned\",\"userAssignedIdentities\":{\"/subscriptions/326100e2-f69d-4268-8503-075374f62b6e/resourcegroups/ps-testing/providers/Microsoft.ManagedIdentity/userAssignedIdentities/PS-Testing-MSI1\":{\"clientId\":\"38a989a1-3fab-4015-b546-cbcf7a67aa89\",\"principalId\":\"624205aa-192c-4303-9606-990d06cbd997\"},\"/subscriptions/326100e2-f69d-4268-8503-075374f62b6e/resourcegroups/ps-testing/providers/Microsoft.ManagedIdentity/userAssignedIdentities/PS-Testing-MSI2\":{\"clientId\":\"440d7336-c408-4327-ad13-10a4e71aad64\",\"principalId\":\"1bdb6af0-4284-47f4-b049-94aa2868d90b\"}}},\"sku\":{\"name\":\"Premium\",\"tier\":\"Premium\",\"capacity\":1}}",
      "isContentBase64": false
    }
  },
  "New-AzEventHubNamespaceV2+[NoContext]+SetExpanded+$PUT+https://management.azure.com/subscriptions/326100e2-f69d-4268-8503-075374f62b6e/resourceGroups/resourceGroupAutorestqy8fdg/providers/Microsoft.EventHub/namespaces/namespaceV9steqna?api-version=2023-01-01-preview+19": {
    "Request": {
      "Method": "PUT",
      "RequestUri": "https://management.azure.com/subscriptions/326100e2-f69d-4268-8503-075374f62b6e/resourceGroups/resourceGroupAutorestqy8fdg/providers/Microsoft.EventHub/namespaces/namespaceV9steqna?api-version=2023-01-01-preview",
      "Content": "{\n  \"location\": \"australiaeast\",\n  \"sku\": {\n    \"name\": \"Standard\",\n    \"tier\": \"Standard\"\n  }\n}",
      "isContentBase64": false,
      "Headers": {
      },
      "ContentHeaders": {
        "Content-Type": [ "application/json" ],
        "Content-Length": [ "96" ]
      }
    },
    "Response": {
      "StatusCode": 201,
      "Headers": {
        "Cache-Control": [ "no-cache" ],
        "Pragma": [ "no-cache" ],
        "x-ms-correlation-request-id": [ "35765c8a-adbc-48ff-a44a-4ee57cc039a6" ],
        "x-ms-client-request-id": [ "bde38952-16d5-4acc-9799-990e0ee299f8_RP" ],
        "x-ms-messaging-activity-id": [ "1b2ebf8e-257f-4af8-9eb7-83c0f0ea3c5b" ],
        "x-ms-messaging-routing-id": [ "AUSTRALIAEAST|AUSTRALIAEAST|G5|2024-02-21T12:52:02" ],
        "Strict-Transport-Security": [ "max-age=31536000; includeSubDomains" ],
        "x-ms-ratelimit-remaining-subscription-resource-requests": [ "49" ],
        "x-ms-request-id": [ "35765c8a-adbc-48ff-a44a-4ee57cc039a6" ],
        "x-ms-routing-request-id": [ "EASTASIA:20240221T125202Z:35765c8a-adbc-48ff-a44a-4ee57cc039a6" ],
        "X-Content-Type-Options": [ "nosniff" ],
        "X-Cache": [ "CONFIG_NOCACHE" ],
        "X-MSEdge-Ref": [ "Ref A: D58E590FE90C4BE5A7D381733095CD7E Ref B: SEL221051503027 Ref C: 2024-02-21T12:51:57Z" ],
        "Date": [ "Wed, 21 Feb 2024 12:52:02 GMT" ]
      },
      "ContentHeaders": {
        "Content-Length": [ "799" ],
        "Content-Type": [ "application/json; charset=utf-8" ],
        "Expires": [ "-1" ]
      },
      "Content": "{\"id\":\"/subscriptions/326100e2-f69d-4268-8503-075374f62b6e/resourcegroups/resourceGroupAutorestqy8fdg/providers/Microsoft.EventHub/namespaces/namespaceV9steqna\",\"name\":\"namespaceV9steqna\",\"type\":\"Microsoft.EventHub/Namespaces\",\"location\":\"australiaeast\",\"tags\":{},\"properties\":{\"minimumTlsVersion\":\"1.2\",\"publicNetworkAccess\":\"Enabled\",\"disableLocalAuth\":false,\"zoneRedundant\":false,\"metricId\":\"326100e2-f69d-4268-8503-075374f62b6e:namespacev9steqna\",\"updatedAt\":\"2024-02-21T12:52:02.3171812Z\",\"serviceBusEndpoint\":\"https://namespaceV9steqna.servicebus.windows.net:443/\",\"isAutoInflateEnabled\":false,\"maximumThroughputUnits\":0,\"kafkaEnabled\":true,\"provisioningState\":\"Creating\",\"status\":\"Creating\",\"createdAt\":\"2024-02-21T12:52:02.3171812Z\"},\"sku\":{\"name\":\"Standard\",\"tier\":\"Standard\",\"capacity\":1}}",
      "isContentBase64": false
    }
  },
  "New-AzEventHubNamespaceV2+[NoContext]+SetExpanded+$GET+https://management.azure.com/subscriptions/326100e2-f69d-4268-8503-075374f62b6e/resourceGroups/resourceGroupAutorestqy8fdg/providers/Microsoft.EventHub/namespaces/namespaceV9steqna?api-version=2023-01-01-preview+20": {
    "Request": {
      "Method": "GET",
      "RequestUri": "https://management.azure.com/subscriptions/326100e2-f69d-4268-8503-075374f62b6e/resourceGroups/resourceGroupAutorestqy8fdg/providers/Microsoft.EventHub/namespaces/namespaceV9steqna?api-version=2023-01-01-preview",
      "Content": null,
      "isContentBase64": false,
      "Headers": {
        "Authorization": [ "[Filtered]" ],
        "x-ms-unique-id": [ "130" ],
        "x-ms-client-request-id": [ "bde38952-16d5-4acc-9799-990e0ee299f8" ],
        "CommandName": [ "Az.EventHub.private\\New-AzEventHubNamespace_CreateExpanded" ],
        "FullCommandName": [ "New-AzEventHubNamespace_CreateExpanded" ],
        "ParameterSetName": [ "__AllParameterSets" ],
        "User-Agent": [ "AzurePowershell/v0.0.0", "PSVersion/v7.2.12", "Az.EventHub/0.1.0" ]
      },
      "ContentHeaders": {
      }
    },
    "Response": {
      "StatusCode": 200,
      "Headers": {
        "Cache-Control": [ "no-cache" ],
        "Pragma": [ "no-cache" ],
        "x-ms-correlation-request-id": [ "2f7bf364-3bb8-40d3-9e63-b682026f1edd" ],
        "x-ms-client-request-id": [ "bde38952-16d5-4acc-9799-990e0ee299f8_RP" ],
        "x-ms-messaging-activity-id": [ "44c72824-5a82-4159-a811-8e24cabf8774" ],
        "x-ms-messaging-routing-id": [ "AUSTRALIAEAST|AUSTRALIAEAST|G2|2024-02-21T12:52:33" ],
        "Strict-Transport-Security": [ "max-age=31536000; includeSubDomains" ],
        "x-ms-ratelimit-remaining-subscription-reads": [ "11994" ],
        "x-ms-request-id": [ "2f7bf364-3bb8-40d3-9e63-b682026f1edd" ],
        "x-ms-routing-request-id": [ "EASTASIA:20240221T125234Z:2f7bf364-3bb8-40d3-9e63-b682026f1edd" ],
        "X-Content-Type-Options": [ "nosniff" ],
        "X-Cache": [ "CONFIG_NOCACHE" ],
        "X-MSEdge-Ref": [ "Ref A: 8F0143FC61E544BCB000A002B175298D Ref B: SEL221051503027 Ref C: 2024-02-21T12:52:32Z" ],
        "Date": [ "Wed, 21 Feb 2024 12:52:33 GMT" ]
      },
      "ContentHeaders": {
        "Content-Length": [ "830" ],
        "Content-Type": [ "application/json; charset=utf-8" ],
        "Expires": [ "-1" ]
      },
      "Content": "{\"id\":\"/subscriptions/326100e2-f69d-4268-8503-075374f62b6e/resourcegroups/resourceGroupAutorestqy8fdg/providers/Microsoft.EventHub/namespaces/namespaceV9steqna\",\"name\":\"namespaceV9steqna\",\"type\":\"Microsoft.EventHub/Namespaces\",\"location\":\"australiaeast\",\"tags\":{},\"properties\":{\"minimumTlsVersion\":\"1.2\",\"publicNetworkAccess\":\"Enabled\",\"disableLocalAuth\":false,\"privateEndpointConnections\":[],\"zoneRedundant\":false,\"metricId\":\"326100e2-f69d-4268-8503-075374f62b6e:namespacev9steqna\",\"updatedAt\":\"2024-02-21T12:52:29.5841252Z\",\"serviceBusEndpoint\":\"https://namespaceV9steqna.servicebus.windows.net:443/\",\"isAutoInflateEnabled\":false,\"maximumThroughputUnits\":0,\"kafkaEnabled\":true,\"provisioningState\":\"Succeeded\",\"status\":\"Active\",\"createdAt\":\"2024-02-21T12:52:02.3171812Z\"},\"sku\":{\"name\":\"Standard\",\"tier\":\"Standard\",\"capacity\":1}}",
      "isContentBase64": false
    }
  },
  "New-AzEventHubNamespaceV2+[NoContext]+SetExpanded+$GET+https://management.azure.com/subscriptions/326100e2-f69d-4268-8503-075374f62b6e/resourceGroups/resourceGroupAutorestqy8fdg/providers/Microsoft.EventHub/namespaces/namespaceV9steqna?api-version=2023-01-01-preview+21": {
    "Request": {
      "Method": "GET",
      "RequestUri": "https://management.azure.com/subscriptions/326100e2-f69d-4268-8503-075374f62b6e/resourceGroups/resourceGroupAutorestqy8fdg/providers/Microsoft.EventHub/namespaces/namespaceV9steqna?api-version=2023-01-01-preview",
      "Content": null,
      "isContentBase64": false,
      "Headers": {
        "Authorization": [ "[Filtered]" ],
        "x-ms-unique-id": [ "131" ],
        "x-ms-client-request-id": [ "bde38952-16d5-4acc-9799-990e0ee299f8" ],
        "CommandName": [ "Az.EventHub.private\\New-AzEventHubNamespace_CreateExpanded" ],
        "FullCommandName": [ "New-AzEventHubNamespace_CreateExpanded" ],
        "ParameterSetName": [ "__AllParameterSets" ],
        "User-Agent": [ "AzurePowershell/v0.0.0", "PSVersion/v7.2.12", "Az.EventHub/0.1.0" ]
      },
      "ContentHeaders": {
      }
    },
    "Response": {
      "StatusCode": 200,
      "Headers": {
        "Cache-Control": [ "no-cache" ],
        "Pragma": [ "no-cache" ],
        "x-ms-correlation-request-id": [ "58f68889-0844-4d3f-840c-3df14126b68e" ],
        "x-ms-client-request-id": [ "bde38952-16d5-4acc-9799-990e0ee299f8_RP" ],
        "x-ms-messaging-activity-id": [ "c63b94de-472b-4b32-9742-55eb5324ee91" ],
        "x-ms-messaging-routing-id": [ "AUSTRALIAEAST|AUSTRALIAEAST|G0|2024-02-21T12:52:35" ],
        "Strict-Transport-Security": [ "max-age=31536000; includeSubDomains" ],
        "x-ms-ratelimit-remaining-subscription-reads": [ "11986" ],
        "x-ms-request-id": [ "58f68889-0844-4d3f-840c-3df14126b68e" ],
        "x-ms-routing-request-id": [ "EASTASIA:20240221T125235Z:58f68889-0844-4d3f-840c-3df14126b68e" ],
        "X-Content-Type-Options": [ "nosniff" ],
        "X-Cache": [ "CONFIG_NOCACHE" ],
        "X-MSEdge-Ref": [ "Ref A: C681AFB685CB48BB9CC4C2D0F7366283 Ref B: SEL221051503027 Ref C: 2024-02-21T12:52:34Z" ],
        "Date": [ "Wed, 21 Feb 2024 12:52:34 GMT" ]
      },
      "ContentHeaders": {
        "Content-Length": [ "830" ],
        "Content-Type": [ "application/json; charset=utf-8" ],
        "Expires": [ "-1" ]
      },
      "Content": "{\"id\":\"/subscriptions/326100e2-f69d-4268-8503-075374f62b6e/resourcegroups/resourceGroupAutorestqy8fdg/providers/Microsoft.EventHub/namespaces/namespaceV9steqna\",\"name\":\"namespaceV9steqna\",\"type\":\"Microsoft.EventHub/Namespaces\",\"location\":\"australiaeast\",\"tags\":{},\"properties\":{\"minimumTlsVersion\":\"1.2\",\"publicNetworkAccess\":\"Enabled\",\"disableLocalAuth\":false,\"privateEndpointConnections\":[],\"zoneRedundant\":false,\"metricId\":\"326100e2-f69d-4268-8503-075374f62b6e:namespacev9steqna\",\"updatedAt\":\"2024-02-21T12:52:29.5841252Z\",\"serviceBusEndpoint\":\"https://namespaceV9steqna.servicebus.windows.net:443/\",\"isAutoInflateEnabled\":false,\"maximumThroughputUnits\":0,\"kafkaEnabled\":true,\"provisioningState\":\"Succeeded\",\"status\":\"Active\",\"createdAt\":\"2024-02-21T12:52:02.3171812Z\"},\"sku\":{\"name\":\"Standard\",\"tier\":\"Standard\",\"capacity\":1}}",
      "isContentBase64": false
    }
  },
  "New-AzEventHubNamespaceV2+[NoContext]+SetExpanded+$GET+https://management.azure.com/subscriptions/326100e2-f69d-4268-8503-075374f62b6e/resourceGroups/resourceGroupAutorestqy8fdg/providers/Microsoft.EventHub/namespaces/namespaceV5xib4zt?api-version=2023-01-01-preview+22": {
    "Request": {
      "Method": "GET",
      "RequestUri": "https://management.azure.com/subscriptions/326100e2-f69d-4268-8503-075374f62b6e/resourceGroups/resourceGroupAutorestqy8fdg/providers/Microsoft.EventHub/namespaces/namespaceV5xib4zt?api-version=2023-01-01-preview",
      "Content": null,
      "isContentBase64": false,
      "Headers": {
        "x-ms-unique-id": [ "132" ],
        "x-ms-client-request-id": [ "c2d17328-c47e-49c2-892d-82b1e4e7bd43" ],
        "CommandName": [ "Get-AzEventHubNamespaceV2" ],
        "FullCommandName": [ "Get-AzEventHubNamespace_Get" ],
        "ParameterSetName": [ "__AllParameterSets" ],
        "User-Agent": [ "AzurePowershell/v0.0.0", "PSVersion/v7.2.12", "Az.EventHub/0.1.0" ],
        "Authorization": [ "[Filtered]" ]
      },
      "ContentHeaders": {
      }
    },
    "Response": {
      "StatusCode": 200,
      "Headers": {
        "Cache-Control": [ "no-cache" ],
        "Pragma": [ "no-cache" ],
        "x-ms-correlation-request-id": [ "6a03c5e1-8576-4a2a-85ee-9e6b923a0f33" ],
        "x-ms-client-request-id": [ "c2d17328-c47e-49c2-892d-82b1e4e7bd43_RP" ],
        "x-ms-messaging-activity-id": [ "545e1fae-3822-4ad8-81cf-7ebf1584b604" ],
        "x-ms-messaging-routing-id": [ "NORTHEUROPE|NORTHEUROPE|G0|2024-02-21T12:52:36" ],
        "Strict-Transport-Security": [ "max-age=31536000; includeSubDomains" ],
        "x-ms-ratelimit-remaining-subscription-reads": [ "11993" ],
        "x-ms-request-id": [ "6a03c5e1-8576-4a2a-85ee-9e6b923a0f33" ],
        "x-ms-routing-request-id": [ "EASTASIA:20240221T125237Z:6a03c5e1-8576-4a2a-85ee-9e6b923a0f33" ],
        "X-Content-Type-Options": [ "nosniff" ],
        "X-Cache": [ "CONFIG_NOCACHE" ],
        "X-MSEdge-Ref": [ "Ref A: 0E3EE2598D494056AFFC112D78EEF836 Ref B: SEL221051503027 Ref C: 2024-02-21T12:52:35Z" ],
        "Date": [ "Wed, 21 Feb 2024 12:52:36 GMT" ]
      },
      "ContentHeaders": {
        "Content-Length": [ "2058" ],
        "Content-Type": [ "application/json; charset=utf-8" ],
        "Expires": [ "-1" ]
      },
      "Content": "{\"id\":\"/subscriptions/326100e2-f69d-4268-8503-075374f62b6e/resourcegroups/resourceGroupAutorestqy8fdg/providers/Microsoft.EventHub/namespaces/namespaceV5xib4zt\",\"name\":\"namespaceV5xib4zt\",\"type\":\"Microsoft.EventHub/Namespaces\",\"location\":\"northeurope\",\"tags\":{},\"properties\":{\"minimumTlsVersion\":\"1.2\",\"publicNetworkAccess\":\"Enabled\",\"disableLocalAuth\":false,\"encryption\":{\"keySource\":\"Microsoft.KeyVault\",\"keyVaultProperties\":[{\"keyName\":\"key1\",\"keyVaultUri\":\"https://keyVaultNamemrv8fs.vault.azure.net/\",\"identity\":{\"userAssignedIdentity\":\"/subscriptions/326100e2-f69d-4268-8503-075374f62b6e/resourcegroups/ps-testing/providers/Microsoft.ManagedIdentity/userAssignedIdentities/PS-Testing-MSI1\"}},{\"keyName\":\"key2\",\"keyVaultUri\":\"https://keyVaultNamemrv8fs.vault.azure.net/\",\"identity\":{\"userAssignedIdentity\":\"/subscriptions/326100e2-f69d-4268-8503-075374f62b6e/resourcegroups/ps-testing/providers/Microsoft.ManagedIdentity/userAssignedIdentities/PS-Testing-MSI1\"}}],\"requireInfrastructureEncryption\":false},\"privateEndpointConnections\":[],\"zoneRedundant\":true,\"metricId\":\"326100e2-f69d-4268-8503-075374f62b6e:namespacev5xib4zt\",\"updatedAt\":\"2024-02-21T12:50:40.6063226Z\",\"serviceBusEndpoint\":\"https://namespaceV5xib4zt.servicebus.windows.net:443/\",\"isAutoInflateEnabled\":false,\"maximumThroughputUnits\":0,\"kafkaEnabled\":true,\"provisioningState\":\"Succeeded\",\"status\":\"Active\",\"createdAt\":\"2024-02-21T12:49:40.7910101Z\"},\"identity\":{\"type\":\"UserAssigned\",\"userAssignedIdentities\":{\"/subscriptions/326100e2-f69d-4268-8503-075374f62b6e/resourcegroups/ps-testing/providers/Microsoft.ManagedIdentity/userAssignedIdentities/PS-Testing-MSI2\":{\"clientId\":\"440d7336-c408-4327-ad13-10a4e71aad64\",\"principalId\":\"1bdb6af0-4284-47f4-b049-94aa2868d90b\"},\"/subscriptions/326100e2-f69d-4268-8503-075374f62b6e/resourcegroups/ps-testing/providers/Microsoft.ManagedIdentity/userAssignedIdentities/PS-Testing-MSI1\":{\"clientId\":\"38a989a1-3fab-4015-b546-cbcf7a67aa89\",\"principalId\":\"624205aa-192c-4303-9606-990d06cbd997\"}}},\"sku\":{\"name\":\"Premium\",\"tier\":\"Premium\",\"capacity\":1}}",
      "isContentBase64": false
    }
  },
  "New-AzEventHubNamespaceV2+[NoContext]+SetExpanded+$GET+https://management.azure.com/subscriptions/326100e2-f69d-4268-8503-075374f62b6e/resourceGroups/resourceGroupAutorestqy8fdg/providers/Microsoft.EventHub/namespaces?api-version=2023-01-01-preview+23": {
    "Request": {
      "Method": "GET",
      "RequestUri": "https://management.azure.com/subscriptions/326100e2-f69d-4268-8503-075374f62b6e/resourceGroups/resourceGroupAutorestqy8fdg/providers/Microsoft.EventHub/namespaces?api-version=2023-01-01-preview",
      "Content": null,
      "isContentBase64": false,
      "Headers": {
        "x-ms-unique-id": [ "133" ],
        "x-ms-client-request-id": [ "99cf330f-48ca-4604-a884-307904a37f17" ],
        "CommandName": [ "Get-AzEventHubNamespaceV2" ],
        "FullCommandName": [ "Get-AzEventHubNamespace_List1" ],
        "ParameterSetName": [ "__AllParameterSets" ],
        "User-Agent": [ "AzurePowershell/v0.0.0", "PSVersion/v7.2.12", "Az.EventHub/0.1.0" ],
        "Authorization": [ "[Filtered]" ]
      },
      "ContentHeaders": {
      }
    },
    "Response": {
      "StatusCode": 200,
      "Headers": {
        "Cache-Control": [ "no-cache" ],
        "Pragma": [ "no-cache" ],
        "x-ms-original-request-ids": [ "", "", "", "" ],
        "x-ms-ratelimit-remaining-subscription-reads": [ "11990" ],
        "x-ms-request-id": [ "eb76bd50-952f-468e-88cc-1a1fd8ee5864" ],
        "x-ms-correlation-request-id": [ "eb76bd50-952f-468e-88cc-1a1fd8ee5864" ],
        "x-ms-routing-request-id": [ "EASTASIA:20240221T125239Z:eb76bd50-952f-468e-88cc-1a1fd8ee5864" ],
        "Strict-Transport-Security": [ "max-age=31536000; includeSubDomains" ],
        "X-Content-Type-Options": [ "nosniff" ],
        "X-Cache": [ "CONFIG_NOCACHE" ],
        "X-MSEdge-Ref": [ "Ref A: D604741A593748A2AC4E58BC11DD8E49 Ref B: SEL221051503027 Ref C: 2024-02-21T12:52:37Z" ],
        "Date": [ "Wed, 21 Feb 2024 12:52:39 GMT" ]
      },
      "ContentHeaders": {
        "Content-Length": [ "11852" ],
        "Content-Type": [ "application/json; charset=utf-8" ],
        "Expires": [ "-1" ]
      },
      "Content": "{\"value\":[{\"id\":\"/subscriptions/326100e2-f69d-4268-8503-075374f62b6e/resourcegroups/resourceGroupAutorestqy8fdg/providers/Microsoft.EventHub/namespaces/namespaceV9steqna\",\"name\":\"namespaceV9steqna\",\"type\":\"Microsoft.EventHub/Namespaces\",\"location\":\"australiaeast\",\"tags\":{},\"properties\":{\"minimumTlsVersion\":\"1.2\",\"publicNetworkAccess\":\"Enabled\",\"disableLocalAuth\":false,\"zoneRedundant\":false,\"metricId\":\"326100e2-f69d-4268-8503-075374f62b6e:namespacev9steqna\",\"updatedAt\":\"2024-02-21T12:52:29.5841252Z\",\"serviceBusEndpoint\":\"https://namespaceV9steqna.servicebus.windows.net:443/\",\"isAutoInflateEnabled\":false,\"maximumThroughputUnits\":0,\"kafkaEnabled\":true,\"provisioningState\":\"Succeeded\",\"status\":\"Active\",\"createdAt\":\"2024-02-21T12:52:02.3171812Z\"},\"sku\":{\"name\":\"Standard\",\"tier\":\"Standard\",\"capacity\":1}},{\"id\":\"/subscriptions/326100e2-f69d-4268-8503-075374f62b6e/resourcegroups/resourceGroupAutorestqy8fdg/providers/Microsoft.EventHub/namespaces/namespaceNamep1szd9\",\"name\":\"namespaceNamep1szd9\",\"type\":\"Microsoft.EventHub/Namespaces\",\"location\":\"australiaeast\",\"tags\":{},\"properties\":{\"minimumTlsVersion\":\"1.2\",\"publicNetworkAccess\":\"Enabled\",\"disableLocalAuth\":false,\"zoneRedundant\":true,\"metricId\":\"326100e2-f69d-4268-8503-075374f62b6e:namespacenamep1szd9\",\"updatedAt\":\"2024-02-21T12:44:52.4523501Z\",\"serviceBusEndpoint\":\"https://namespaceNamep1szd9.servicebus.windows.net:443/\",\"isAutoInflateEnabled\":false,\"maximumThroughputUnits\":0,\"kafkaEnabled\":true,\"provisioningState\":\"Succeeded\",\"status\":\"Active\",\"createdAt\":\"2024-02-21T12:28:39.4413668Z\"},\"sku\":{\"name\":\"Standard\",\"tier\":\"Standard\",\"capacity\":1}},{\"id\":\"/subscriptions/326100e2-f69d-4268-8503-075374f62b6e/resourcegroups/resourceGroupAutorestqy8fdg/providers/Microsoft.EventHub/namespaces/namespaceNames4yx87\",\"name\":\"namespaceNames4yx87\",\"type\":\"Microsoft.EventHub/Namespaces\",\"location\":\"eastus\",\"tags\":{},\"properties\":{\"minimumTlsVersion\":\"1.2\",\"publicNetworkAccess\":\"Enabled\",\"disableLocalAuth\":false,\"zoneRedundant\":true,\"metricId\":\"326100e2-f69d-4268-8503-075374f62b6e:namespacenames4yx87\",\"updatedAt\":\"2024-02-21T12:44:51.147034Z\",\"serviceBusEndpoint\":\"https://namespaceNames4yx87.servicebus.windows.net:443/\",\"isAutoInflateEnabled\":false,\"maximumThroughputUnits\":0,\"kafkaEnabled\":true,\"provisioningState\":\"Succeeded\",\"status\":\"Active\",\"createdAt\":\"2024-02-21T12:28:36.5742617Z\"},\"sku\":{\"name\":\"Standard\",\"tier\":\"Standard\",\"capacity\":1}},{\"id\":\"/subscriptions/326100e2-f69d-4268-8503-075374f62b6e/resourcegroups/resourceGroupAutorestqy8fdg/providers/Microsoft.EventHub/namespaces/namespaceName0hiqkr\",\"name\":\"namespaceName0hiqkr\",\"type\":\"Microsoft.EventHub/Namespaces\",\"location\":\"eastus\",\"tags\":{},\"properties\":{\"minimumTlsVersion\":\"1.2\",\"publicNetworkAccess\":\"Enabled\",\"disableLocalAuth\":false,\"zoneRedundant\":true,\"metricId\":\"326100e2-f69d-4268-8503-075374f62b6e:namespacename0hiqkr\",\"updatedAt\":\"2024-02-21T12:27:34.8033107Z\",\"serviceBusEndpoint\":\"https://namespaceName0hiqkr.servicebus.windows.net:443/\",\"isAutoInflateEnabled\":false,\"maximumThroughputUnits\":0,\"kafkaEnabled\":true,\"provisioningState\":\"Succeeded\",\"status\":\"Active\",\"createdAt\":\"2024-02-21T12:24:16.7083846Z\"},\"sku\":{\"name\":\"Premium\",\"tier\":\"Premium\",\"capacity\":1}},{\"id\":\"/subscriptions/326100e2-f69d-4268-8503-075374f62b6e/resourcegroups/resourceGroupAutorestqy8fdg/providers/Microsoft.EventHub/namespaces/namespaceV1i01s8x\",\"name\":\"namespaceV1i01s8x\",\"type\":\"Microsoft.EventHub/Namespaces\",\"location\":\"eastus\",\"tags\":{},\"properties\":{\"minimumTlsVersion\":\"1.2\",\"publicNetworkAccess\":\"Enabled\",\"disableLocalAuth\":false,\"zoneRedundant\":true,\"metricId\":\"326100e2-f69d-4268-8503-075374f62b6e:namespacev1i01s8x\",\"updatedAt\":\"2024-02-21T12:40:31.6903338Z\",\"serviceBusEndpoint\":\"https://namespaceV1i01s8x.servicebus.windows.net:443/\",\"isAutoInflateEnabled\":false,\"maximumThroughputUnits\":0,\"kafkaEnabled\":true,\"provisioningState\":\"Succeeded\",\"status\":\"Active\",\"createdAt\":\"2024-02-21T12:37:19.7056232Z\"},\"identity\":{\"type\":\"UserAssigned\",\"userAssignedIdentities\":{\"/subscriptions/326100e2-f69d-4268-8503-075374f62b6e/resourcegroups/ps-testing/providers/Microsoft.ManagedIdentity/userAssignedIdentities/PS-Testing-MSI2\":{\"clientId\":\"440d7336-c408-4327-ad13-10a4e71aad64\",\"principalId\":\"1bdb6af0-4284-47f4-b049-94aa2868d90b\"}}},\"sku\":{\"name\":\"Premium\",\"tier\":\"Premium\",\"capacity\":1}},{\"id\":\"/subscriptions/326100e2-f69d-4268-8503-075374f62b6e/resourcegroups/resourceGroupAutorestqy8fdg/providers/Microsoft.EventHub/namespaces/namespaceV2jsf9h7\",\"name\":\"namespaceV2jsf9h7\",\"type\":\"Microsoft.EventHub/Namespaces\",\"location\":\"eastus\",\"tags\":{},\"properties\":{\"minimumTlsVersion\":\"1.2\",\"publicNetworkAccess\":\"Enabled\",\"disableLocalAuth\":false,\"zoneRedundant\":false,\"metricId\":\"326100e2-f69d-4268-8503-075374f62b6e:namespacev2jsf9h7\",\"updatedAt\":\"2024-02-21T12:47:38.8358408Z\",\"serviceBusEndpoint\":\"https://namespaceV2jsf9h7.servicebus.windows.net:443/\",\"isAutoInflateEnabled\":false,\"maximumThroughputUnits\":0,\"kafkaEnabled\":true,\"provisioningState\":\"Succeeded\",\"status\":\"Active\",\"createdAt\":\"2024-02-21T12:47:13.3011272Z\"},\"sku\":{\"name\":\"Standard\",\"tier\":\"Standard\",\"capacity\":1}},{\"id\":\"/subscriptions/326100e2-f69d-4268-8503-075374f62b6e/resourcegroups/resourceGroupAutorestqy8fdg/providers/Microsoft.EventHub/namespaces/namespaceV4udhfq7\",\"name\":\"namespaceV4udhfq7\",\"type\":\"Microsoft.EventHub/Namespaces\",\"location\":\"eastus\",\"tags\":{},\"properties\":{\"minimumTlsVersion\":\"1.2\",\"publicNetworkAccess\":\"Enabled\",\"disableLocalAuth\":false,\"zoneRedundant\":true,\"metricId\":\"326100e2-f69d-4268-8503-075374f62b6e:namespacev4udhfq7\",\"updatedAt\":\"2024-02-21T12:49:29.0323383Z\",\"serviceBusEndpoint\":\"https://namespaceV4udhfq7.servicebus.windows.net:443/\",\"isAutoInflateEnabled\":false,\"maximumThroughputUnits\":0,\"kafkaEnabled\":true,\"provisioningState\":\"Succeeded\",\"status\":\"Active\",\"createdAt\":\"2024-02-21T12:48:28.4306873Z\"},\"identity\":{\"principalId\":\"d71f1cd5-ec1e-4b3e-afac-a6009b69a3cd\",\"tenantId\":\"72f988bf-86f1-41af-91ab-2d7cd011db47\",\"type\":\"SystemAssigned\"},\"sku\":{\"name\":\"Premium\",\"tier\":\"Premium\",\"capacity\":1}},{\"id\":\"/subscriptions/326100e2-f69d-4268-8503-075374f62b6e/resourcegroups/resourceGroupAutorestqy8fdg/providers/Microsoft.EventHub/namespaces/namespaceNamearyl1z\",\"name\":\"namespaceNamearyl1z\",\"type\":\"Microsoft.EventHub/Namespaces\",\"location\":\"eastus\",\"tags\":{},\"properties\":{\"minimumTlsVersion\":\"1.2\",\"publicNetworkAccess\":\"Enabled\",\"disableLocalAuth\":false,\"zoneRedundant\":true,\"metricId\":\"326100e2-f69d-4268-8503-075374f62b6e:namespacenamearyl1z\",\"updatedAt\":\"2024-02-21T12:27:50.1474325Z\",\"serviceBusEndpoint\":\"https://namespaceNamearyl1z.servicebus.windows.net:443/\",\"isAutoInflateEnabled\":false,\"maximumThroughputUnits\":0,\"kafkaEnabled\":true,\"provisioningState\":\"Succeeded\",\"status\":\"Active\",\"createdAt\":\"2024-02-21T12:24:17.3959046Z\"},\"identity\":{\"principalId\":\"dd18c233-2132-4ab3-8f5b-36d4a07746ab\",\"tenantId\":\"72f988bf-86f1-41af-91ab-2d7cd011db47\",\"type\":\"SystemAssigned\"},\"sku\":{\"name\":\"Premium\",\"tier\":\"Premium\",\"capacity\":1}},{\"id\":\"/subscriptions/326100e2-f69d-4268-8503-075374f62b6e/resourcegroups/resourceGroupAutorestqy8fdg/providers/Microsoft.EventHub/namespaces/namespaceV5xib4zt\",\"name\":\"namespaceV5xib4zt\",\"type\":\"Microsoft.EventHub/Namespaces\",\"location\":\"northeurope\",\"tags\":{},\"properties\":{\"minimumTlsVersion\":\"1.2\",\"publicNetworkAccess\":\"Enabled\",\"disableLocalAuth\":false,\"encryption\":{\"keySource\":\"Microsoft.KeyVault\",\"keyVaultProperties\":[{\"keyName\":\"key1\",\"keyVaultUri\":\"https://keyVaultNamemrv8fs.vault.azure.net/\",\"identity\":{\"userAssignedIdentity\":\"/subscriptions/326100e2-f69d-4268-8503-075374f62b6e/resourcegroups/ps-testing/providers/Microsoft.ManagedIdentity/userAssignedIdentities/PS-Testing-MSI1\"}},{\"keyName\":\"key2\",\"keyVaultUri\":\"https://keyVaultNamemrv8fs.vault.azure.net/\",\"identity\":{\"userAssignedIdentity\":\"/subscriptions/326100e2-f69d-4268-8503-075374f62b6e/resourcegroups/ps-testing/providers/Microsoft.ManagedIdentity/userAssignedIdentities/PS-Testing-MSI1\"}}],\"requireInfrastructureEncryption\":false},\"zoneRedundant\":true,\"metricId\":\"326100e2-f69d-4268-8503-075374f62b6e:namespacev5xib4zt\",\"updatedAt\":\"2024-02-21T12:50:40.6063226Z\",\"serviceBusEndpoint\":\"https://namespaceV5xib4zt.servicebus.windows.net:443/\",\"isAutoInflateEnabled\":false,\"maximumThroughputUnits\":0,\"kafkaEnabled\":true,\"provisioningState\":\"Succeeded\",\"status\":\"Active\",\"createdAt\":\"2024-02-21T12:49:40.7910101Z\"},\"identity\":{\"type\":\"UserAssigned\",\"userAssignedIdentities\":{\"/subscriptions/326100e2-f69d-4268-8503-075374f62b6e/resourcegroups/ps-testing/providers/Microsoft.ManagedIdentity/userAssignedIdentities/PS-Testing-MSI2\":{\"clientId\":\"440d7336-c408-4327-ad13-10a4e71aad64\",\"principalId\":\"1bdb6af0-4284-47f4-b049-94aa2868d90b\"},\"/subscriptions/326100e2-f69d-4268-8503-075374f62b6e/resourcegroups/ps-testing/providers/Microsoft.ManagedIdentity/userAssignedIdentities/PS-Testing-MSI1\":{\"clientId\":\"38a989a1-3fab-4015-b546-cbcf7a67aa89\",\"principalId\":\"624205aa-192c-4303-9606-990d06cbd997\"}}},\"sku\":{\"name\":\"Premium\",\"tier\":\"Premium\",\"capacity\":1}},{\"id\":\"/subscriptions/326100e2-f69d-4268-8503-075374f62b6e/resourcegroups/resourceGroupAutorestqy8fdg/providers/Microsoft.EventHub/namespaces/namespaceV738bc0q\",\"name\":\"namespaceV738bc0q\",\"type\":\"Microsoft.EventHub/Namespaces\",\"location\":\"northeurope\",\"tags\":{},\"properties\":{\"minimumTlsVersion\":\"1.2\",\"publicNetworkAccess\":\"Enabled\",\"disableLocalAuth\":false,\"encryption\":{\"keySource\":\"Microsoft.KeyVault\",\"keyVaultProperties\":[{\"keyName\":\"key1\",\"keyVaultUri\":\"https://keyVaultNamemrv8fs.vault.azure.net/\",\"identity\":{\"userAssignedIdentity\":\"/subscriptions/326100e2-f69d-4268-8503-075374f62b6e/resourcegroups/ps-testing/providers/Microsoft.ManagedIdentity/userAssignedIdentities/PS-Testing-MSI1\"}},{\"keyName\":\"key2\",\"keyVaultUri\":\"https://keyVaultNamemrv8fs.vault.azure.net/\",\"identity\":{\"userAssignedIdentity\":\"/subscriptions/326100e2-f69d-4268-8503-075374f62b6e/resourcegroups/ps-testing/providers/Microsoft.ManagedIdentity/userAssignedIdentities/PS-Testing-MSI1\"}}],\"requireInfrastructureEncryption\":true},\"zoneRedundant\":true,\"metricId\":\"326100e2-f69d-4268-8503-075374f62b6e:namespacev738bc0q\",\"updatedAt\":\"2024-02-21T12:51:55.6227855Z\",\"serviceBusEndpoint\":\"https://namespaceV738bc0q.servicebus.windows.net:443/\",\"isAutoInflateEnabled\":false,\"maximumThroughputUnits\":0,\"kafkaEnabled\":true,\"provisioningState\":\"Succeeded\",\"status\":\"Active\",\"createdAt\":\"2024-02-21T12:50:52.8564152Z\"},\"identity\":{\"type\":\"UserAssigned\",\"userAssignedIdentities\":{\"/subscriptions/326100e2-f69d-4268-8503-075374f62b6e/resourcegroups/ps-testing/providers/Microsoft.ManagedIdentity/userAssignedIdentities/PS-Testing-MSI1\":{\"clientId\":\"38a989a1-3fab-4015-b546-cbcf7a67aa89\",\"principalId\":\"624205aa-192c-4303-9606-990d06cbd997\"},\"/subscriptions/326100e2-f69d-4268-8503-075374f62b6e/resourcegroups/ps-testing/providers/Microsoft.ManagedIdentity/userAssignedIdentities/PS-Testing-MSI2\":{\"clientId\":\"440d7336-c408-4327-ad13-10a4e71aad64\",\"principalId\":\"1bdb6af0-4284-47f4-b049-94aa2868d90b\"}}},\"sku\":{\"name\":\"Premium\",\"tier\":\"Premium\",\"capacity\":1}},{\"id\":\"/subscriptions/326100e2-f69d-4268-8503-075374f62b6e/resourcegroups/resourceGroupAutorestqy8fdg/providers/Microsoft.EventHub/namespaces/namespaceV3fsaluo\",\"name\":\"namespaceV3fsaluo\",\"type\":\"Microsoft.EventHub/Namespaces\",\"location\":\"southcentralus\",\"tags\":{\"k1\":\"v1\",\"k2\":\"v2\"},\"properties\":{\"minimumTlsVersion\":\"1.1\",\"publicNetworkAccess\":\"Disabled\",\"disableLocalAuth\":true,\"zoneRedundant\":true,\"metricId\":\"326100e2-f69d-4268-8503-075374f62b6e:namespacev3fsaluo\",\"updatedAt\":\"2024-02-21T12:48:12.3813566Z\",\"serviceBusEndpoint\":\"https://namespaceV3fsaluo.servicebus.windows.net:443/\",\"isAutoInflateEnabled\":true,\"maximumThroughputUnits\":18,\"kafkaEnabled\":true,\"provisioningState\":\"Succeeded\",\"status\":\"Active\",\"createdAt\":\"2024-02-21T12:47:49.7425489Z\"},\"sku\":{\"name\":\"Standard\",\"tier\":\"Standard\",\"capacity\":10}}]}",
      "isContentBase64": false
    }
  }
}