{
  "Remove-AzEventHubAuthorizationRule+[NoContext]+[NoScenario]+$PUT+https://management.azure.com/subscriptions/326100e2-f69d-4268-8503-075374f62b6e/resourceGroups/Autorest-PS-EventHub-ec7mvx/providers/Microsoft.EventHub/namespaces/namespaceName6xazrb/authorizationRules/namespaceAuthRule1?api-version=2024-05-01-preview+1": {
    "Request": {
      "Method": "PUT",
      "RequestUri": "https://management.azure.com/subscriptions/326100e2-f69d-4268-8503-075374f62b6e/resourceGroups/Autorest-PS-EventHub-ec7mvx/providers/Microsoft.EventHub/namespaces/namespaceName6xazrb/authorizationRules/namespaceAuthRule1?api-version=2024-05-01-preview",
      "Content": "{\n  \"properties\": {\n    \"rights\": [ \"Manage\", \"Send\", \"Listen\" ]\n  }\n}",
      "isContentBase64": false,
      "Headers": {
      },
      "ContentHeaders": {
        "Content-Type": [ "application/json" ],
        "Content-Length": [ "70" ]
      }
    },
    "Response": {
      "StatusCode": 200,
      "Headers": {
        "Cache-Control": [ "no-cache" ],
        "Pragma": [ "no-cache" ],
        "x-ms-correlation-request-id": [ "f25934eb-cfb1-42f8-b29a-a6be19a9cfac" ],
        "x-ms-client-request-id": [ "b4796ed9-804e-4e7a-95a5-27889b4a250a_RP" ],
        "x-ms-messaging-activity-id": [ "3a5f057e-8e78-46c2-bdf5-8f86015320af" ],
        "x-ms-messaging-routing-id": [ "EASTUS|EASTUS|G12|2025-05-07T08:01:53" ],
        "Strict-Transport-Security": [ "max-age=31536000; includeSubDomains" ],
        "x-ms-operation-identifier": [ "tenantId=72f988bf-86f1-41af-91ab-2d7cd011db47,objectId=eea76376-6cf2-4f48-a713-64382d4b9625/koreacentral/652882aa-fe01-482f-8893-daeebbfa4be5" ],
        "x-ms-ratelimit-remaining-subscription-writes": [ "800" ],
        "x-ms-ratelimit-remaining-subscription-global-writes": [ "12000" ],
        "x-ms-request-id": [ "f25934eb-cfb1-42f8-b29a-a6be19a9cfac" ],
        "x-ms-routing-request-id": [ "KOREACENTRAL:20250507T080153Z:f25934eb-cfb1-42f8-b29a-a6be19a9cfac" ],
        "X-Content-Type-Options": [ "nosniff" ],
        "X-Cache": [ "CONFIG_NOCACHE" ],
        "X-MSEdge-Ref": [ "Ref A: 2FC95071B0FA4B849C67CB5F3365FBD5 Ref B: SEL221051504011 Ref C: 2025-05-07T08:01:46Z" ],
        "Date": [ "Wed, 07 May 2025 08:01:52 GMT" ]
      },
      "ContentHeaders": {
        "Content-Length": [ "358" ],
        "Content-Type": [ "application/json; charset=utf-8" ],
        "Expires": [ "-1" ]
      },
      "Content": "{\"id\":\"/subscriptions/326100e2-f69d-4268-8503-075374f62b6e/resourceGroups/Autorest-PS-EventHub-ec7mvx/providers/Microsoft.EventHub/namespaces/namespaceName6xazrb/authorizationRules/namespaceAuthRule1\",\"name\":\"namespaceAuthRule1\",\"type\":\"Microsoft.EventHub/Namespaces/AuthorizationRules\",\"location\":\"eastus\",\"properties\":{\"rights\":[\"Manage\",\"Send\",\"Listen\"]}}",
      "isContentBase64": false
    }
  },
  "Remove-AzEventHubAuthorizationRule+[NoContext]+[NoScenario]+$PUT+https://management.azure.com/subscriptions/326100e2-f69d-4268-8503-075374f62b6e/resourceGroups/Autorest-PS-EventHub-ec7mvx/providers/Microsoft.EventHub/namespaces/namespaceName6xazrb/authorizationRules/namespaceAuthRule2?api-version=2024-05-01-preview+2": {
    "Request": {
      "Method": "PUT",
      "RequestUri": "https://management.azure.com/subscriptions/326100e2-f69d-4268-8503-075374f62b6e/resourceGroups/Autorest-PS-EventHub-ec7mvx/providers/Microsoft.EventHub/namespaces/namespaceName6xazrb/authorizationRules/namespaceAuthRule2?api-version=2024-05-01-preview",
      "Content": "{\n  \"properties\": {\n    \"rights\": [ \"Manage\", \"Send\", \"Listen\" ]\n  }\n}",
      "isContentBase64": false,
      "Headers": {
      },
      "ContentHeaders": {
        "Content-Type": [ "application/json" ],
        "Content-Length": [ "70" ]
      }
    },
    "Response": {
      "StatusCode": 200,
      "Headers": {
        "Cache-Control": [ "no-cache" ],
        "Pragma": [ "no-cache" ],
        "x-ms-correlation-request-id": [ "ae270d24-fc8d-40fa-a0fb-4483a5dc3116" ],
        "x-ms-client-request-id": [ "b76840f5-41f6-4a64-be80-6ebdd6eb29f0_RP" ],
        "x-ms-messaging-activity-id": [ "f824b3c3-1e05-439d-bb68-3dde71522014" ],
        "x-ms-messaging-routing-id": [ "EASTUS|EASTUS|G11|2025-05-07T08:02:01" ],
        "Strict-Transport-Security": [ "max-age=31536000; includeSubDomains" ],
        "x-ms-operation-identifier": [ "tenantId=72f988bf-86f1-41af-91ab-2d7cd011db47,objectId=eea76376-6cf2-4f48-a713-64382d4b9625/koreacentral/479a344e-4295-4fa2-96a2-fb607d19ffb0" ],
        "x-ms-ratelimit-remaining-subscription-writes": [ "799" ],
        "x-ms-ratelimit-remaining-subscription-global-writes": [ "11999" ],
        "x-ms-request-id": [ "ae270d24-fc8d-40fa-a0fb-4483a5dc3116" ],
        "x-ms-routing-request-id": [ "KOREACENTRAL:20250507T080201Z:ae270d24-fc8d-40fa-a0fb-4483a5dc3116" ],
        "X-Content-Type-Options": [ "nosniff" ],
        "X-Cache": [ "CONFIG_NOCACHE" ],
        "X-MSEdge-Ref": [ "Ref A: 1D12F87D405240DB9E38909E822B751C Ref B: SEL221051504011 Ref C: 2025-05-07T08:01:53Z" ],
        "Date": [ "Wed, 07 May 2025 08:02:00 GMT" ]
      },
      "ContentHeaders": {
        "Content-Length": [ "358" ],
        "Content-Type": [ "application/json; charset=utf-8" ],
        "Expires": [ "-1" ]
      },
      "Content": "{\"id\":\"/subscriptions/326100e2-f69d-4268-8503-075374f62b6e/resourceGroups/Autorest-PS-EventHub-ec7mvx/providers/Microsoft.EventHub/namespaces/namespaceName6xazrb/authorizationRules/namespaceAuthRule2\",\"name\":\"namespaceAuthRule2\",\"type\":\"Microsoft.EventHub/Namespaces/AuthorizationRules\",\"location\":\"eastus\",\"properties\":{\"rights\":[\"Manage\",\"Send\",\"Listen\"]}}",
      "isContentBase64": false
    }
  },
  "Remove-AzEventHubAuthorizationRule+[NoContext]+[NoScenario]+$GET+https://management.azure.com/subscriptions/326100e2-f69d-4268-8503-075374f62b6e/resourceGroups/Autorest-PS-EventHub-ec7mvx/providers/Microsoft.EventHub/namespaces/namespaceName6xazrb/authorizationRules?api-version=2024-05-01-preview+3": {
    "Request": {
      "Method": "GET",
      "RequestUri": "https://management.azure.com/subscriptions/326100e2-f69d-4268-8503-075374f62b6e/resourceGroups/Autorest-PS-EventHub-ec7mvx/providers/Microsoft.EventHub/namespaces/namespaceName6xazrb/authorizationRules?api-version=2024-05-01-preview",
      "Content": null,
      "isContentBase64": false,
      "Headers": {
        "x-ms-unique-id": [ "160" ],
        "x-ms-client-request-id": [ "c604cb7d-edab-4d22-a921-6a31cffd3d3f" ],
        "CommandName": [ "Az.EventHub.private\\Get-AzEventHubNamespaceAuthorizationRule_List" ],
        "FullCommandName": [ "Get-AzEventHubNamespaceAuthorizationRule_List" ],
        "ParameterSetName": [ "__AllParameterSets" ],
        "User-Agent": [ "AzurePowershell/v0.0.0", "PSVersion/v7.2.24", "Az.EventHub/0.1.0" ],
        "Authorization": [ "[Filtered]" ]
      },
      "ContentHeaders": {
      }
    },
    "Response": {
      "StatusCode": 200,
      "Headers": {
        "Cache-Control": [ "no-cache" ],
        "Pragma": [ "no-cache" ],
        "x-ms-correlation-request-id": [ "3b76a198-918a-4625-8da5-45c46b80bda7" ],
        "x-ms-client-request-id": [ "c604cb7d-edab-4d22-a921-6a31cffd3d3f_RP" ],
        "x-ms-messaging-activity-id": [ "9e03e6e8-65bb-4d80-a9a3-42b4886822ee" ],
        "x-ms-messaging-routing-id": [ "EASTUS|EASTUS|G1|2025-05-07T08:02:02" ],
        "Strict-Transport-Security": [ "max-age=31536000; includeSubDomains" ],
        "x-ms-operation-identifier": [ "tenantId=72f988bf-86f1-41af-91ab-2d7cd011db47,objectId=eea76376-6cf2-4f48-a713-64382d4b9625/koreacentral/eeefd5d8-d7f9-4975-9a17-7e4528ce25df" ],
        "x-ms-ratelimit-remaining-subscription-reads": [ "1099" ],
        "x-ms-ratelimit-remaining-subscription-global-reads": [ "16499" ],
        "x-ms-request-id": [ "3b76a198-918a-4625-8da5-45c46b80bda7" ],
        "x-ms-routing-request-id": [ "KOREACENTRAL:20250507T080202Z:3b76a198-918a-4625-8da5-45c46b80bda7" ],
        "X-Content-Type-Options": [ "nosniff" ],
        "X-Cache": [ "CONFIG_NOCACHE" ],
        "X-MSEdge-Ref": [ "Ref A: 4A99D913103444E2B505BD025B11DBF0 Ref B: SEL221051504011 Ref C: 2025-05-07T08:02:01Z" ],
        "Date": [ "Wed, 07 May 2025 08:02:01 GMT" ]
      },
      "ContentHeaders": {
        "Content-Length": [ "2789" ],
        "Content-Type": [ "application/json; charset=utf-8" ],
        "Expires": [ "-1" ]
      },
      "Content": "{\"value\":[{\"id\":\"/subscriptions/326100e2-f69d-4268-8503-075374f62b6e/resourceGroups/Autorest-PS-EventHub-ec7mvx/providers/Microsoft.EventHub/namespaces/namespaceName6xazrb/authorizationrules/RootManageSharedAccessKey\",\"name\":\"RootManageSharedAccessKey\",\"type\":\"Microsoft.EventHub/Namespaces/AuthorizationRules\",\"location\":\"eastus\",\"properties\":{\"rights\":[\"Listen\",\"Manage\",\"Send\"]}},{\"id\":\"/subscriptions/326100e2-f69d-4268-8503-075374f62b6e/resourceGroups/Autorest-PS-EventHub-ec7mvx/providers/Microsoft.EventHub/namespaces/namespaceName6xazrb/authorizationrules/auth-ruleultwf8\",\"name\":\"auth-ruleultwf8\",\"type\":\"Microsoft.EventHub/Namespaces/AuthorizationRules\",\"location\":\"eastus\",\"properties\":{\"rights\":[\"Manage\",\"Listen\",\"Send\"]}},{\"id\":\"/subscriptions/326100e2-f69d-4268-8503-075374f62b6e/resourceGroups/Autorest-PS-EventHub-ec7mvx/providers/Microsoft.EventHub/namespaces/namespaceName6xazrb/authorizationrules/key1\",\"name\":\"key1\",\"type\":\"Microsoft.EventHub/Namespaces/AuthorizationRules\",\"location\":\"eastus\",\"properties\":{\"rights\":[\"Manage\",\"Send\",\"Listen\"]}},{\"id\":\"/subscriptions/326100e2-f69d-4268-8503-075374f62b6e/resourceGroups/Autorest-PS-EventHub-ec7mvx/providers/Microsoft.EventHub/namespaces/namespaceName6xazrb/authorizationrules/auth-rulevqgxe0\",\"name\":\"auth-rulevqgxe0\",\"type\":\"Microsoft.EventHub/Namespaces/AuthorizationRules\",\"location\":\"eastus\",\"properties\":{\"rights\":[\"Manage\",\"Send\",\"Listen\"]}},{\"id\":\"/subscriptions/326100e2-f69d-4268-8503-075374f62b6e/resourceGroups/Autorest-PS-EventHub-ec7mvx/providers/Microsoft.EventHub/namespaces/namespaceName6xazrb/authorizationrules/b\",\"name\":\"b\",\"type\":\"Microsoft.EventHub/Namespaces/AuthorizationRules\",\"location\":\"eastus\",\"properties\":{\"rights\":[\"Manage\",\"Send\",\"Listen\"]}},{\"id\":\"/subscriptions/326100e2-f69d-4268-8503-075374f62b6e/resourceGroups/Autorest-PS-EventHub-ec7mvx/providers/Microsoft.EventHub/namespaces/namespaceName6xazrb/authorizationrules/c\",\"name\":\"c\",\"type\":\"Microsoft.EventHub/Namespaces/AuthorizationRules\",\"location\":\"eastus\",\"properties\":{\"rights\":[\"Manage\",\"Send\",\"Listen\"]}},{\"id\":\"/subscriptions/326100e2-f69d-4268-8503-075374f62b6e/resourceGroups/Autorest-PS-EventHub-ec7mvx/providers/Microsoft.EventHub/namespaces/namespaceName6xazrb/authorizationrules/namespaceAuthRule1\",\"name\":\"namespaceAuthRule1\",\"type\":\"Microsoft.EventHub/Namespaces/AuthorizationRules\",\"location\":\"eastus\",\"properties\":{\"rights\":[\"Manage\",\"Send\",\"Listen\"]}},{\"id\":\"/subscriptions/326100e2-f69d-4268-8503-075374f62b6e/resourceGroups/Autorest-PS-EventHub-ec7mvx/providers/Microsoft.EventHub/namespaces/namespaceName6xazrb/authorizationrules/namespaceAuthRule2\",\"name\":\"namespaceAuthRule2\",\"type\":\"Microsoft.EventHub/Namespaces/AuthorizationRules\",\"location\":\"eastus\",\"properties\":{\"rights\":[\"Manage\",\"Send\",\"Listen\"]}}]}",
      "isContentBase64": false
    }
  },
  "Remove-AzEventHubAuthorizationRule+[NoContext]+[NoScenario]+$GET+https://management.azure.com/subscriptions/326100e2-f69d-4268-8503-075374f62b6e/resourceGroups/Autorest-PS-EventHub-ec7mvx/providers/Microsoft.EventHub/namespaces/namespaceName6xazrb/eventhubs/eventHubs758f4/authorizationRules?api-version=2024-05-01-preview+4": {
    "Request": {
      "Method": "GET",
      "RequestUri": "https://management.azure.com/subscriptions/326100e2-f69d-4268-8503-075374f62b6e/resourceGroups/Autorest-PS-EventHub-ec7mvx/providers/Microsoft.EventHub/namespaces/namespaceName6xazrb/eventhubs/eventHubs758f4/authorizationRules?api-version=2024-05-01-preview",
      "Content": null,
      "isContentBase64": false,
      "Headers": {
        "x-ms-unique-id": [ "161" ],
        "x-ms-client-request-id": [ "fe901d63-119d-4670-a410-2806f03d4cb5" ],
        "CommandName": [ "Az.EventHub.private\\Get-AzEventHubAuthorizationRule_List" ],
        "FullCommandName": [ "Get-AzEventHubAuthorizationRule_List" ],
        "ParameterSetName": [ "__AllParameterSets" ],
        "User-Agent": [ "AzurePowershell/v0.0.0", "PSVersion/v7.2.24", "Az.EventHub/0.1.0" ],
        "Authorization": [ "[Filtered]" ]
      },
      "ContentHeaders": {
      }
    },
    "Response": {
      "StatusCode": 200,
      "Headers": {
        "Cache-Control": [ "no-cache" ],
        "Pragma": [ "no-cache" ],
        "x-ms-correlation-request-id": [ "f678bc6d-0128-46db-bd01-a3b79a8724a8" ],
        "x-ms-client-request-id": [ "fe901d63-119d-4670-a410-2806f03d4cb5_RP" ],
        "x-ms-messaging-activity-id": [ "3ef883f8-b588-4905-a893-8d2e581b20dc" ],
        "x-ms-messaging-routing-id": [ "EASTUS|EASTUS|G1|2025-05-07T08:02:03" ],
        "Strict-Transport-Security": [ "max-age=31536000; includeSubDomains" ],
        "x-ms-operation-identifier": [ "tenantId=72f988bf-86f1-41af-91ab-2d7cd011db47,objectId=eea76376-6cf2-4f48-a713-64382d4b9625/koreacentral/873e9c2e-5954-45b9-9095-1137eb06af1c" ],
        "x-ms-ratelimit-remaining-subscription-reads": [ "1098" ],
        "x-ms-ratelimit-remaining-subscription-global-reads": [ "16498" ],
        "x-ms-request-id": [ "f678bc6d-0128-46db-bd01-a3b79a8724a8" ],
        "x-ms-routing-request-id": [ "KOREACENTRAL:20250507T080203Z:f678bc6d-0128-46db-bd01-a3b79a8724a8" ],
        "X-Content-Type-Options": [ "nosniff" ],
        "X-Cache": [ "CONFIG_NOCACHE" ],
        "X-MSEdge-Ref": [ "Ref A: 204DBCBB3F3A4BA88ED42ABA1837EC6F Ref B: SEL221051504011 Ref C: 2025-05-07T08:02:02Z" ],
        "Date": [ "Wed, 07 May 2025 08:02:02 GMT" ]
      },
      "ContentHeaders": {
        "Content-Length": [ "771" ],
        "Content-Type": [ "application/json; charset=utf-8" ],
        "Expires": [ "-1" ]
      },
      "Content": "{\"value\":[{\"id\":\"/subscriptions/326100e2-f69d-4268-8503-075374f62b6e/resourceGroups/Autorest-PS-EventHub-ec7mvx/providers/Microsoft.EventHub/namespaces/namespaceName6xazrb/eventhubs/eventHubs758f4/authorizationrules/auth-ruleh5fbyw\",\"name\":\"auth-ruleh5fbyw\",\"type\":\"Microsoft.EventHub/namespaces/eventhubs/authorizationrules\",\"location\":\"eastus\",\"properties\":{\"rights\":[\"Listen\"]}},{\"id\":\"/subscriptions/326100e2-f69d-4268-8503-075374f62b6e/resourceGroups/Autorest-PS-EventHub-ec7mvx/providers/Microsoft.EventHub/namespaces/namespaceName6xazrb/eventhubs/eventHubs758f4/authorizationrules/auth-ruleg465d0\",\"name\":\"auth-ruleg465d0\",\"type\":\"Microsoft.EventHub/namespaces/eventhubs/authorizationrules\",\"location\":\"eastus\",\"properties\":{\"rights\":[\"Manage\",\"Listen\",\"Send\"]}}]}",
      "isContentBase64": false
    }
  },
  "Remove-AzEventHubAuthorizationRule+[NoContext]+[NoScenario]+$PUT+https://management.azure.com/subscriptions/326100e2-f69d-4268-8503-075374f62b6e/resourceGroups/Autorest-PS-EventHub-ec7mvx/providers/Microsoft.EventHub/namespaces/namespaceName6xazrb/eventhubs/eventHubs758f4/authorizationRules/entityAuthRule1?api-version=2024-05-01-preview+5": {
    "Request": {
      "Method": "PUT",
      "RequestUri": "https://management.azure.com/subscriptions/326100e2-f69d-4268-8503-075374f62b6e/resourceGroups/Autorest-PS-EventHub-ec7mvx/providers/Microsoft.EventHub/namespaces/namespaceName6xazrb/eventhubs/eventHubs758f4/authorizationRules/entityAuthRule1?api-version=2024-05-01-preview",
      "Content": "{\n  \"properties\": {\n    \"rights\": [ \"Manage\", \"Send\", \"Listen\" ]\n  }\n}",
      "isContentBase64": false,
      "Headers": {
      },
      "ContentHeaders": {
        "Content-Type": [ "application/json" ],
        "Content-Length": [ "70" ]
      }
    },
    "Response": {
      "StatusCode": 200,
      "Headers": {
        "Cache-Control": [ "no-cache" ],
        "Pragma": [ "no-cache" ],
        "x-ms-correlation-request-id": [ "6cf2398b-fa15-470f-893a-3393b7411a97" ],
        "x-ms-client-request-id": [ "378b6d96-a680-4bf0-86ad-a2ad2ec8ded6_RP" ],
        "x-ms-messaging-activity-id": [ "e690c378-6db2-48ff-b8d4-cf032edb5e3d" ],
        "x-ms-messaging-routing-id": [ "EASTUS|EASTUS|G4|2025-05-07T08:02:04" ],
        "Strict-Transport-Security": [ "max-age=31536000; includeSubDomains" ],
        "x-ms-operation-identifier": [ "tenantId=72f988bf-86f1-41af-91ab-2d7cd011db47,objectId=eea76376-6cf2-4f48-a713-64382d4b9625/koreacentral/ce8d20ae-0dc9-44cf-a2ad-1fc57c83a7a4" ],
        "x-ms-ratelimit-remaining-subscription-writes": [ "799" ],
        "x-ms-ratelimit-remaining-subscription-global-writes": [ "11999" ],
        "x-ms-request-id": [ "6cf2398b-fa15-470f-893a-3393b7411a97" ],
        "x-ms-routing-request-id": [ "KOREACENTRAL:20250507T080204Z:6cf2398b-fa15-470f-893a-3393b7411a97" ],
        "X-Content-Type-Options": [ "nosniff" ],
        "X-Cache": [ "CONFIG_NOCACHE" ],
        "X-MSEdge-Ref": [ "Ref A: 02B00FB877FA413D9BB00E918D542499 Ref B: SEL221051504011 Ref C: 2025-05-07T08:02:03Z" ],
        "Date": [ "Wed, 07 May 2025 08:02:03 GMT" ]
      },
      "ContentHeaders": {
        "Content-Length": [ "367" ],
        "Content-Type": [ "application/json; charset=utf-8" ],
        "Expires": [ "-1" ]
      },
      "Content": "{\"id\":\"/subscriptions/326100e2-f69d-4268-8503-075374f62b6e/resourceGroups/Autorest-PS-EventHub-ec7mvx/providers/Microsoft.EventHub/namespaces/namespaceName6xazrb/eventhubs/eventHubs758f4/authorizationRules/entityAuthRule1\",\"name\":\"entityAuthRule1\",\"type\":\"Microsoft.EventHub/namespaces/eventhubs/authorizationrules\",\"properties\":{\"rights\":[\"Manage\",\"Send\",\"Listen\"]}}",
      "isContentBase64": false
    }
  },
  "Remove-AzEventHubAuthorizationRule+[NoContext]+[NoScenario]+$PUT+https://management.azure.com/subscriptions/326100e2-f69d-4268-8503-075374f62b6e/resourceGroups/Autorest-PS-EventHub-ec7mvx/providers/Microsoft.EventHub/namespaces/namespaceName6xazrb/eventhubs/eventHubs758f4/authorizationRules/entityAuthRule2?api-version=2024-05-01-preview+6": {
    "Request": {
      "Method": "PUT",
      "RequestUri": "https://management.azure.com/subscriptions/326100e2-f69d-4268-8503-075374f62b6e/resourceGroups/Autorest-PS-EventHub-ec7mvx/providers/Microsoft.EventHub/namespaces/namespaceName6xazrb/eventhubs/eventHubs758f4/authorizationRules/entityAuthRule2?api-version=2024-05-01-preview",
      "Content": "{\n  \"properties\": {\n    \"rights\": [ \"Manage\", \"Send\", \"Listen\" ]\n  }\n}",
      "isContentBase64": false,
      "Headers": {
      },
      "ContentHeaders": {
        "Content-Type": [ "application/json" ],
        "Content-Length": [ "70" ]
      }
    },
    "Response": {
      "StatusCode": 200,
      "Headers": {
        "Cache-Control": [ "no-cache" ],
        "Pragma": [ "no-cache" ],
        "x-ms-correlation-request-id": [ "55dde119-2bfc-4d57-8bc6-6d982a86afe6" ],
        "x-ms-client-request-id": [ "5ad19f07-ff9d-4fde-a117-0eaf8c7472c3_RP" ],
        "x-ms-messaging-activity-id": [ "7d55b4d4-0189-4f7d-b1fe-098eb1bece9d" ],
        "x-ms-messaging-routing-id": [ "EASTUS|EASTUS|G9|2025-05-07T08:02:05" ],
        "Strict-Transport-Security": [ "max-age=31536000; includeSubDomains" ],
        "x-ms-operation-identifier": [ "tenantId=72f988bf-86f1-41af-91ab-2d7cd011db47,objectId=eea76376-6cf2-4f48-a713-64382d4b9625/koreacentral/2679c09f-0dd0-4a2b-97a8-526cc8099e0b" ],
        "x-ms-ratelimit-remaining-subscription-writes": [ "799" ],
        "x-ms-ratelimit-remaining-subscription-global-writes": [ "11999" ],
        "x-ms-request-id": [ "55dde119-2bfc-4d57-8bc6-6d982a86afe6" ],
        "x-ms-routing-request-id": [ "KOREACENTRAL:20250507T080206Z:55dde119-2bfc-4d57-8bc6-6d982a86afe6" ],
        "X-Content-Type-Options": [ "nosniff" ],
        "X-Cache": [ "CONFIG_NOCACHE" ],
        "X-MSEdge-Ref": [ "Ref A: 1207D4D684234D82A8F1141D4BAD237C Ref B: SEL221051504011 Ref C: 2025-05-07T08:02:04Z" ],
        "Date": [ "Wed, 07 May 2025 08:02:05 GMT" ]
      },
      "ContentHeaders": {
        "Content-Length": [ "367" ],
        "Content-Type": [ "application/json; charset=utf-8" ],
        "Expires": [ "-1" ]
      },
      "Content": "{\"id\":\"/subscriptions/326100e2-f69d-4268-8503-075374f62b6e/resourceGroups/Autorest-PS-EventHub-ec7mvx/providers/Microsoft.EventHub/namespaces/namespaceName6xazrb/eventhubs/eventHubs758f4/authorizationRules/entityAuthRule2\",\"name\":\"entityAuthRule2\",\"type\":\"Microsoft.EventHub/namespaces/eventhubs/authorizationrules\",\"properties\":{\"rights\":[\"Manage\",\"Send\",\"Listen\"]}}",
      "isContentBase64": false
    }
  },
  "Remove-AzEventHubAuthorizationRule+[NoContext]+[NoScenario]+$GET+https://management.azure.com/subscriptions/326100e2-f69d-4268-8503-075374f62b6e/resourceGroups/Autorest-PS-EventHub-ec7mvx/providers/Microsoft.EventHub/namespaces/namespaceName6xazrb/authorizationRules?api-version=2024-05-01-preview+7": {
    "Request": {
      "Method": "GET",
      "RequestUri": "https://management.azure.com/subscriptions/326100e2-f69d-4268-8503-075374f62b6e/resourceGroups/Autorest-PS-EventHub-ec7mvx/providers/Microsoft.EventHub/namespaces/namespaceName6xazrb/authorizationRules?api-version=2024-05-01-preview",
      "Content": null,
      "isContentBase64": false,
      "Headers": {
        "x-ms-unique-id": [ "164" ],
        "x-ms-client-request-id": [ "2443889b-34ab-48c5-bdeb-f30ac3ae7a3e" ],
        "CommandName": [ "Az.EventHub.private\\Get-AzEventHubNamespaceAuthorizationRule_List" ],
        "FullCommandName": [ "Get-AzEventHubNamespaceAuthorizationRule_List" ],
        "ParameterSetName": [ "__AllParameterSets" ],
        "User-Agent": [ "AzurePowershell/v0.0.0", "PSVersion/v7.2.24", "Az.EventHub/0.1.0" ],
        "Authorization": [ "[Filtered]" ]
      },
      "ContentHeaders": {
      }
    },
    "Response": {
      "StatusCode": 200,
      "Headers": {
        "Cache-Control": [ "no-cache" ],
        "Pragma": [ "no-cache" ],
        "x-ms-correlation-request-id": [ "50c4cb74-dc2b-433d-9652-401f9fcc0898" ],
        "x-ms-client-request-id": [ "2443889b-34ab-48c5-bdeb-f30ac3ae7a3e_RP" ],
        "x-ms-messaging-activity-id": [ "b4781b6f-d30b-4b8a-94b8-2d458a3c2e6b" ],
        "x-ms-messaging-routing-id": [ "EASTUS|EASTUS|G11|2025-05-07T08:02:06" ],
        "Strict-Transport-Security": [ "max-age=31536000; includeSubDomains" ],
        "x-ms-operation-identifier": [ "tenantId=72f988bf-86f1-41af-91ab-2d7cd011db47,objectId=eea76376-6cf2-4f48-a713-64382d4b9625/koreacentral/2f48febd-9070-4f3b-ae5d-c816d4d4af9d" ],
        "x-ms-ratelimit-remaining-subscription-reads": [ "1099" ],
        "x-ms-ratelimit-remaining-subscription-global-reads": [ "16499" ],
        "x-ms-request-id": [ "50c4cb74-dc2b-433d-9652-401f9fcc0898" ],
        "x-ms-routing-request-id": [ "KOREACENTRAL:20250507T080207Z:50c4cb74-dc2b-433d-9652-401f9fcc0898" ],
        "X-Content-Type-Options": [ "nosniff" ],
        "X-Cache": [ "CONFIG_NOCACHE" ],
        "X-MSEdge-Ref": [ "Ref A: B63C88A5977144F1A68F8BAF78A1ADEF Ref B: SEL221051504011 Ref C: 2025-05-07T08:02:06Z" ],
        "Date": [ "Wed, 07 May 2025 08:02:06 GMT" ]
      },
      "ContentHeaders": {
        "Content-Length": [ "2789" ],
        "Content-Type": [ "application/json; charset=utf-8" ],
        "Expires": [ "-1" ]
      },
      "Content": "{\"value\":[{\"id\":\"/subscriptions/326100e2-f69d-4268-8503-075374f62b6e/resourceGroups/Autorest-PS-EventHub-ec7mvx/providers/Microsoft.EventHub/namespaces/namespaceName6xazrb/authorizationrules/RootManageSharedAccessKey\",\"name\":\"RootManageSharedAccessKey\",\"type\":\"Microsoft.EventHub/Namespaces/AuthorizationRules\",\"location\":\"eastus\",\"properties\":{\"rights\":[\"Listen\",\"Manage\",\"Send\"]}},{\"id\":\"/subscriptions/326100e2-f69d-4268-8503-075374f62b6e/resourceGroups/Autorest-PS-EventHub-ec7mvx/providers/Microsoft.EventHub/namespaces/namespaceName6xazrb/authorizationrules/auth-ruleultwf8\",\"name\":\"auth-ruleultwf8\",\"type\":\"Microsoft.EventHub/Namespaces/AuthorizationRules\",\"location\":\"eastus\",\"properties\":{\"rights\":[\"Manage\",\"Listen\",\"Send\"]}},{\"id\":\"/subscriptions/326100e2-f69d-4268-8503-075374f62b6e/resourceGroups/Autorest-PS-EventHub-ec7mvx/providers/Microsoft.EventHub/namespaces/namespaceName6xazrb/authorizationrules/key1\",\"name\":\"key1\",\"type\":\"Microsoft.EventHub/Namespaces/AuthorizationRules\",\"location\":\"eastus\",\"properties\":{\"rights\":[\"Manage\",\"Send\",\"Listen\"]}},{\"id\":\"/subscriptions/326100e2-f69d-4268-8503-075374f62b6e/resourceGroups/Autorest-PS-EventHub-ec7mvx/providers/Microsoft.EventHub/namespaces/namespaceName6xazrb/authorizationrules/auth-rulevqgxe0\",\"name\":\"auth-rulevqgxe0\",\"type\":\"Microsoft.EventHub/Namespaces/AuthorizationRules\",\"location\":\"eastus\",\"properties\":{\"rights\":[\"Manage\",\"Send\",\"Listen\"]}},{\"id\":\"/subscriptions/326100e2-f69d-4268-8503-075374f62b6e/resourceGroups/Autorest-PS-EventHub-ec7mvx/providers/Microsoft.EventHub/namespaces/namespaceName6xazrb/authorizationrules/b\",\"name\":\"b\",\"type\":\"Microsoft.EventHub/Namespaces/AuthorizationRules\",\"location\":\"eastus\",\"properties\":{\"rights\":[\"Manage\",\"Send\",\"Listen\"]}},{\"id\":\"/subscriptions/326100e2-f69d-4268-8503-075374f62b6e/resourceGroups/Autorest-PS-EventHub-ec7mvx/providers/Microsoft.EventHub/namespaces/namespaceName6xazrb/authorizationrules/c\",\"name\":\"c\",\"type\":\"Microsoft.EventHub/Namespaces/AuthorizationRules\",\"location\":\"eastus\",\"properties\":{\"rights\":[\"Manage\",\"Send\",\"Listen\"]}},{\"id\":\"/subscriptions/326100e2-f69d-4268-8503-075374f62b6e/resourceGroups/Autorest-PS-EventHub-ec7mvx/providers/Microsoft.EventHub/namespaces/namespaceName6xazrb/authorizationrules/namespaceAuthRule1\",\"name\":\"namespaceAuthRule1\",\"type\":\"Microsoft.EventHub/Namespaces/AuthorizationRules\",\"location\":\"eastus\",\"properties\":{\"rights\":[\"Manage\",\"Send\",\"Listen\"]}},{\"id\":\"/subscriptions/326100e2-f69d-4268-8503-075374f62b6e/resourceGroups/Autorest-PS-EventHub-ec7mvx/providers/Microsoft.EventHub/namespaces/namespaceName6xazrb/authorizationrules/namespaceAuthRule2\",\"name\":\"namespaceAuthRule2\",\"type\":\"Microsoft.EventHub/Namespaces/AuthorizationRules\",\"location\":\"eastus\",\"properties\":{\"rights\":[\"Manage\",\"Send\",\"Listen\"]}}]}",
      "isContentBase64": false
    }
  },
  "Remove-AzEventHubAuthorizationRule+[NoContext]+[NoScenario]+$GET+https://management.azure.com/subscriptions/326100e2-f69d-4268-8503-075374f62b6e/resourceGroups/Autorest-PS-EventHub-ec7mvx/providers/Microsoft.EventHub/namespaces/namespaceName6xazrb/eventhubs/eventHubs758f4/authorizationRules?api-version=2024-05-01-preview+8": {
    "Request": {
      "Method": "GET",
      "RequestUri": "https://management.azure.com/subscriptions/326100e2-f69d-4268-8503-075374f62b6e/resourceGroups/Autorest-PS-EventHub-ec7mvx/providers/Microsoft.EventHub/namespaces/namespaceName6xazrb/eventhubs/eventHubs758f4/authorizationRules?api-version=2024-05-01-preview",
      "Content": null,
      "isContentBase64": false,
      "Headers": {
        "x-ms-unique-id": [ "165" ],
        "x-ms-client-request-id": [ "c7062d2b-58af-4b4d-af47-ac824a3c3cd3" ],
        "CommandName": [ "Az.EventHub.private\\Get-AzEventHubAuthorizationRule_List" ],
        "FullCommandName": [ "Get-AzEventHubAuthorizationRule_List" ],
        "ParameterSetName": [ "__AllParameterSets" ],
        "User-Agent": [ "AzurePowershell/v0.0.0", "PSVersion/v7.2.24", "Az.EventHub/0.1.0" ],
        "Authorization": [ "[Filtered]" ]
      },
      "ContentHeaders": {
      }
    },
    "Response": {
      "StatusCode": 200,
      "Headers": {
        "Cache-Control": [ "no-cache" ],
        "Pragma": [ "no-cache" ],
        "x-ms-correlation-request-id": [ "cf612dec-2b3c-4730-a8e0-d5297f15e2b1" ],
        "x-ms-client-request-id": [ "c7062d2b-58af-4b4d-af47-ac824a3c3cd3_RP" ],
        "x-ms-messaging-activity-id": [ "94a04191-342f-4902-9a57-305f337ed02d" ],
        "x-ms-messaging-routing-id": [ "EASTUS|EASTUS|G8|2025-05-07T08:02:08" ],
        "Strict-Transport-Security": [ "max-age=31536000; includeSubDomains" ],
        "x-ms-operation-identifier": [ "tenantId=72f988bf-86f1-41af-91ab-2d7cd011db47,objectId=eea76376-6cf2-4f48-a713-64382d4b9625/koreacentral/281a8679-526a-4104-83ee-85ed02e4d9d7" ],
        "x-ms-ratelimit-remaining-subscription-reads": [ "1099" ],
        "x-ms-ratelimit-remaining-subscription-global-reads": [ "16499" ],
        "x-ms-request-id": [ "cf612dec-2b3c-4730-a8e0-d5297f15e2b1" ],
        "x-ms-routing-request-id": [ "KOREACENTRAL:20250507T080208Z:cf612dec-2b3c-4730-a8e0-d5297f15e2b1" ],
        "X-Content-Type-Options": [ "nosniff" ],
        "X-Cache": [ "CONFIG_NOCACHE" ],
        "X-MSEdge-Ref": [ "Ref A: 9C93EA26289B4DE1BE8BA513BCE6BD41 Ref B: SEL221051504011 Ref C: 2025-05-07T08:02:07Z" ],
        "Date": [ "Wed, 07 May 2025 08:02:07 GMT" ]
      },
      "ContentHeaders": {
        "Content-Length": [ "1547" ],
        "Content-Type": [ "application/json; charset=utf-8" ],
        "Expires": [ "-1" ]
      },
      "Content": "{\"value\":[{\"id\":\"/subscriptions/326100e2-f69d-4268-8503-075374f62b6e/resourceGroups/Autorest-PS-EventHub-ec7mvx/providers/Microsoft.EventHub/namespaces/namespaceName6xazrb/eventhubs/eventHubs758f4/authorizationrules/auth-ruleh5fbyw\",\"name\":\"auth-ruleh5fbyw\",\"type\":\"Microsoft.EventHub/namespaces/eventhubs/authorizationrules\",\"location\":\"eastus\",\"properties\":{\"rights\":[\"Listen\"]}},{\"id\":\"/subscriptions/326100e2-f69d-4268-8503-075374f62b6e/resourceGroups/Autorest-PS-EventHub-ec7mvx/providers/Microsoft.EventHub/namespaces/namespaceName6xazrb/eventhubs/eventHubs758f4/authorizationrules/auth-ruleg465d0\",\"name\":\"auth-ruleg465d0\",\"type\":\"Microsoft.EventHub/namespaces/eventhubs/authorizationrules\",\"location\":\"eastus\",\"properties\":{\"rights\":[\"Manage\",\"Listen\",\"Send\"]}},{\"id\":\"/subscriptions/326100e2-f69d-4268-8503-075374f62b6e/resourceGroups/Autorest-PS-EventHub-ec7mvx/providers/Microsoft.EventHub/namespaces/namespaceName6xazrb/eventhubs/eventHubs758f4/authorizationrules/entityAuthRule1\",\"name\":\"entityAuthRule1\",\"type\":\"Microsoft.EventHub/namespaces/eventhubs/authorizationrules\",\"location\":\"eastus\",\"properties\":{\"rights\":[\"Manage\",\"Send\",\"Listen\"]}},{\"id\":\"/subscriptions/326100e2-f69d-4268-8503-075374f62b6e/resourceGroups/Autorest-PS-EventHub-ec7mvx/providers/Microsoft.EventHub/namespaces/namespaceName6xazrb/eventhubs/eventHubs758f4/authorizationrules/entityAuthRule2\",\"name\":\"entityAuthRule2\",\"type\":\"Microsoft.EventHub/namespaces/eventhubs/authorizationrules\",\"location\":\"eastus\",\"properties\":{\"rights\":[\"Manage\",\"Send\",\"Listen\"]}}]}",
      "isContentBase64": false
    }
  },
  "Remove-AzEventHubAuthorizationRule+[NoContext]+RemoveExpandedNamespace+$DELETE+https://management.azure.com/subscriptions/326100e2-f69d-4268-8503-075374f62b6e/resourceGroups/Autorest-PS-EventHub-ec7mvx/providers/Microsoft.EventHub/namespaces/namespaceName6xazrb/authorizationRules/namespaceAuthRule1?api-version=2024-05-01-preview+1": {
    "Request": {
      "Method": "DELETE",
      "RequestUri": "https://management.azure.com/subscriptions/326100e2-f69d-4268-8503-075374f62b6e/resourceGroups/Autorest-PS-EventHub-ec7mvx/providers/Microsoft.EventHub/namespaces/namespaceName6xazrb/authorizationRules/namespaceAuthRule1?api-version=2024-05-01-preview",
      "Content": null,
      "isContentBase64": false,
      "Headers": {
        "x-ms-unique-id": [ "166" ],
        "x-ms-client-request-id": [ "c07dc1fd-b820-42cc-8418-08f119d52ed3" ],
        "CommandName": [ "Az.EventHub.private\\Remove-AzEventHubNamespaceAuthorizationRule_Delete" ],
        "FullCommandName": [ "Remove-AzEventHubNamespaceAuthorizationRule_Delete" ],
        "ParameterSetName": [ "__AllParameterSets" ],
        "User-Agent": [ "AzurePowershell/v0.0.0", "PSVersion/v7.2.24", "Az.EventHub/0.1.0" ],
        "Authorization": [ "[Filtered]" ]
      },
      "ContentHeaders": {
      }
    },
    "Response": {
      "StatusCode": 200,
      "Headers": {
        "Cache-Control": [ "no-cache" ],
        "Pragma": [ "no-cache" ],
        "x-ms-correlation-request-id": [ "00000001-0000-0000-0002-000000002028" ],
        "x-ms-client-request-id": [ "00000001-0000-0000-0002-000000002028" ],
        "x-ms-messaging-activity-id": [ "00000001-0000-0000-0002-000000002028" ],
        "x-ms-messaging-routing-id": [ "EASTUS|EASTUS|G10|2025-05-07T08:02:15" ],
        "Strict-Transport-Security": [ "max-age=31536000; includeSubDomains" ],
        "x-ms-operation-identifier": [ "tenantId=72f988bf-86f1-41af-91ab-2d7cd011db47,objectId=eea76376-6cf2-4f48-a713-64382d4b9625/koreacentral/021877fc-e491-4515-a18d-119d3075da17" ],
        "x-ms-ratelimit-remaining-subscription-deletes": [ "799" ],
        "x-ms-ratelimit-remaining-subscription-global-deletes": [ "11999" ],
        "x-ms-request-id": [ "8dc07c0a-5da2-45fe-82ef-c9fb51c98f66" ],
        "x-ms-routing-request-id": [ "KOREACENTRAL:20250507T080215Z:8dc07c0a-5da2-45fe-82ef-c9fb51c98f66" ],
        "X-Content-Type-Options": [ "nosniff" ],
        "X-Cache": [ "CONFIG_NOCACHE" ],
        "X-MSEdge-Ref": [ "Ref A: 2804F3C9953446E2B5F2DCD8E6D20AF1 Ref B: SEL221051504011 Ref C: 2025-05-07T08:02:08Z" ],
        "Date": [ "Wed, 07 May 2025 08:02:14 GMT" ]
      },
      "ContentHeaders": {
        "Expires": [ "-1" ],
        "Content-Length": [ "0" ]
      },
      "Content": null,
      "isContentBase64": false
    }
  },
  "Remove-AzEventHubAuthorizationRule+[NoContext]+RemoveExpandedNamespace+$GET+https://management.azure.com/subscriptions/326100e2-f69d-4268-8503-075374f62b6e/resourceGroups/Autorest-PS-EventHub-ec7mvx/providers/Microsoft.EventHub/namespaces/namespaceName6xazrb/authorizationRules/namespaceAuthRule1?api-version=2024-05-01-preview+2": {
    "Request": {
      "Method": "GET",
      "RequestUri": "https://management.azure.com/subscriptions/326100e2-f69d-4268-8503-075374f62b6e/resourceGroups/Autorest-PS-EventHub-ec7mvx/providers/Microsoft.EventHub/namespaces/namespaceName6xazrb/authorizationRules/namespaceAuthRule1?api-version=2024-05-01-preview",
      "Content": null,
      "isContentBase64": false,
      "Headers": {
        "x-ms-unique-id": [ "167" ],
        "x-ms-client-request-id": [ "7b677c20-960d-4f1c-8a5b-7f9213624f8b" ],
        "CommandName": [ "Az.EventHub.private\\Get-AzEventHubNamespaceAuthorizationRule_Get" ],
        "FullCommandName": [ "Get-AzEventHubNamespaceAuthorizationRule_Get" ],
        "ParameterSetName": [ "__AllParameterSets" ],
        "User-Agent": [ "AzurePowershell/v0.0.0", "PSVersion/v7.2.24", "Az.EventHub/0.1.0" ],
        "Authorization": [ "[Filtered]" ]
      },
      "ContentHeaders": {
      }
    },
    "Response": {
      "StatusCode": 404,
      "Headers": {
        "Cache-Control": [ "no-cache" ],
        "Pragma": [ "no-cache" ],
        "x-ms-correlation-request-id": [ "62b1cda6-8912-4fe2-9546-0d00dc6b5836" ],
        "x-ms-client-request-id": [ "7b677c20-960d-4f1c-8a5b-7f9213624f8b_RP" ],
        "x-ms-messaging-activity-id": [ "cc2e9514-7eb2-4750-a80d-49fe858a5252" ],
        "x-ms-messaging-routing-id": [ "EASTUS|EASTUS|G6|2025-05-07T08:02:16" ],
        "Strict-Transport-Security": [ "max-age=31536000; includeSubDomains" ],
        "x-ms-operation-identifier": [ "tenantId=72f988bf-86f1-41af-91ab-2d7cd011db47,objectId=eea76376-6cf2-4f48-a713-64382d4b9625/koreacentral/9d051721-4325-44a6-a7a4-a75b088e14da" ],
        "x-ms-ratelimit-remaining-subscription-reads": [ "1099" ],
        "x-ms-ratelimit-remaining-subscription-global-reads": [ "16499" ],
        "x-ms-request-id": [ "62b1cda6-8912-4fe2-9546-0d00dc6b5836" ],
        "x-ms-routing-request-id": [ "KOREACENTRAL:20250507T080216Z:62b1cda6-8912-4fe2-9546-0d00dc6b5836" ],
        "X-Content-Type-Options": [ "nosniff" ],
        "X-Cache": [ "CONFIG_NOCACHE" ],
        "X-MSEdge-Ref": [ "Ref A: 1C7CDC4CD37941A1B752686F70F85BA3 Ref B: SEL221051504011 Ref C: 2025-05-07T08:02:15Z" ],
        "Date": [ "Wed, 07 May 2025 08:02:15 GMT" ]
      },
      "ContentHeaders": {
        "Content-Length": [ "87" ],
        "Content-Type": [ "application/json" ],
        "Expires": [ "-1" ]
      },
      "Content": "{\"error\":{\"code\":\"AuthorizationRuleNotFound\",\"message\":\"Authorization rule not found\"}}",
      "isContentBase64": false
    }
  },
  "Remove-AzEventHubAuthorizationRule+[NoContext]+RemoveExpandedEntity+$DELETE+https://management.azure.com/subscriptions/326100e2-f69d-4268-8503-075374f62b6e/resourceGroups/Autorest-PS-EventHub-ec7mvx/providers/Microsoft.EventHub/namespaces/namespaceName6xazrb/eventhubs/eventHubs758f4/authorizationRules/entityAuthRule1?api-version=2024-05-01-preview+1": {
    "Request": {
      "Method": "DELETE",
      "RequestUri": "https://management.azure.com/subscriptions/326100e2-f69d-4268-8503-075374f62b6e/resourceGroups/Autorest-PS-EventHub-ec7mvx/providers/Microsoft.EventHub/namespaces/namespaceName6xazrb/eventhubs/eventHubs758f4/authorizationRules/entityAuthRule1?api-version=2024-05-01-preview",
      "Content": null,
      "isContentBase64": false,
      "Headers": {
        "x-ms-unique-id": [ "168" ],
        "x-ms-client-request-id": [ "3eefebb2-850c-4e40-b22d-7f5271b3dfc9" ],
        "CommandName": [ "Az.EventHub.private\\Remove-AzEventHubAuthorizationRule_Delete" ],
        "FullCommandName": [ "Remove-AzEventHubAuthorizationRule_Delete" ],
        "ParameterSetName": [ "__AllParameterSets" ],
        "User-Agent": [ "AzurePowershell/v0.0.0", "PSVersion/v7.2.24", "Az.EventHub/0.1.0" ],
        "Authorization": [ "[Filtered]" ]
      },
      "ContentHeaders": {
      }
    },
    "Response": {
      "StatusCode": 200,
      "Headers": {
        "Cache-Control": [ "no-cache" ],
        "Pragma": [ "no-cache" ],
        "x-ms-correlation-request-id": [ "00000001-0000-0000-0002-000000007320" ],
        "x-ms-client-request-id": [ "00000001-0000-0000-0002-000000007320" ],
        "x-ms-messaging-activity-id": [ "00000001-0000-0000-0002-000000007320" ],
        "x-ms-messaging-routing-id": [ "EASTUS|EASTUS|G13|2025-05-07T08:02:17" ],
        "Strict-Transport-Security": [ "max-age=31536000; includeSubDomains" ],
        "x-ms-operation-identifier": [ "tenantId=72f988bf-86f1-41af-91ab-2d7cd011db47,objectId=eea76376-6cf2-4f48-a713-64382d4b9625/koreacentral/20113ffa-22af-4fdb-adc1-54b6bb553b2f" ],
        "x-ms-ratelimit-remaining-subscription-deletes": [ "799" ],
        "x-ms-ratelimit-remaining-subscription-global-deletes": [ "11999" ],
        "x-ms-request-id": [ "8a7740c1-ff4e-4643-94d7-e8b5a8a35059" ],
        "x-ms-routing-request-id": [ "KOREACENTRAL:20250507T080217Z:8a7740c1-ff4e-4643-94d7-e8b5a8a35059" ],
        "X-Content-Type-Options": [ "nosniff" ],
        "X-Cache": [ "CONFIG_NOCACHE" ],
        "X-MSEdge-Ref": [ "Ref A: A36D33CF48C14CAB9D313DA4B1955F2D Ref B: SEL221051504011 Ref C: 2025-05-07T08:02:16Z" ],
        "Date": [ "Wed, 07 May 2025 08:02:16 GMT" ]
      },
      "ContentHeaders": {
        "Expires": [ "-1" ],
        "Content-Length": [ "0" ]
      },
      "Content": null,
      "isContentBase64": false
    }
  },
  "Remove-AzEventHubAuthorizationRule+[NoContext]+RemoveExpandedEntity+$GET+https://management.azure.com/subscriptions/326100e2-f69d-4268-8503-075374f62b6e/resourceGroups/Autorest-PS-EventHub-ec7mvx/providers/Microsoft.EventHub/namespaces/namespaceName6xazrb/eventhubs/eventHubs758f4/authorizationRules/entityAuthRule1?api-version=2024-05-01-preview+2": {
    "Request": {
      "Method": "GET",
      "RequestUri": "https://management.azure.com/subscriptions/326100e2-f69d-4268-8503-075374f62b6e/resourceGroups/Autorest-PS-EventHub-ec7mvx/providers/Microsoft.EventHub/namespaces/namespaceName6xazrb/eventhubs/eventHubs758f4/authorizationRules/entityAuthRule1?api-version=2024-05-01-preview",
      "Content": null,
      "isContentBase64": false,
      "Headers": {
        "x-ms-unique-id": [ "169" ],
        "x-ms-client-request-id": [ "2994c56e-6a04-4079-87ec-2f5ba1e1520d" ],
        "CommandName": [ "Az.EventHub.private\\Get-AzEventHubAuthorizationRule_Get" ],
        "FullCommandName": [ "Get-AzEventHubAuthorizationRule_Get" ],
        "ParameterSetName": [ "__AllParameterSets" ],
        "User-Agent": [ "AzurePowershell/v0.0.0", "PSVersion/v7.2.24", "Az.EventHub/0.1.0" ],
        "Authorization": [ "[Filtered]" ]
      },
      "ContentHeaders": {
      }
    },
    "Response": {
      "StatusCode": 404,
      "Headers": {
        "Cache-Control": [ "no-cache" ],
        "Pragma": [ "no-cache" ],
        "x-ms-correlation-request-id": [ "91d45d4c-36bd-4c29-8464-8975404f8a8f" ],
        "x-ms-client-request-id": [ "2994c56e-6a04-4079-87ec-2f5ba1e1520d_RP" ],
        "x-ms-messaging-activity-id": [ "0bf06fe4-e1ec-4d8b-b1ab-ff2891fafc7f" ],
        "x-ms-messaging-routing-id": [ "EASTUS|EASTUS|G4|2025-05-07T08:02:18" ],
        "Strict-Transport-Security": [ "max-age=31536000; includeSubDomains" ],
        "x-ms-operation-identifier": [ "tenantId=72f988bf-86f1-41af-91ab-2d7cd011db47,objectId=eea76376-6cf2-4f48-a713-64382d4b9625/koreacentral/f5a08dab-373f-44fe-ab3e-995fdc8152f0" ],
        "x-ms-ratelimit-remaining-subscription-reads": [ "1099" ],
        "x-ms-ratelimit-remaining-subscription-global-reads": [ "16499" ],
        "x-ms-request-id": [ "91d45d4c-36bd-4c29-8464-8975404f8a8f" ],
        "x-ms-routing-request-id": [ "KOREACENTRAL:20250507T080218Z:91d45d4c-36bd-4c29-8464-8975404f8a8f" ],
        "X-Content-Type-Options": [ "nosniff" ],
        "X-Cache": [ "CONFIG_NOCACHE" ],
        "X-MSEdge-Ref": [ "Ref A: B47BB71C0ECE4EEF9762E8E4CC086CC3 Ref B: SEL221051504011 Ref C: 2025-05-07T08:02:17Z" ],
        "Date": [ "Wed, 07 May 2025 08:02:17 GMT" ]
      },
      "ContentHeaders": {
        "Content-Length": [ "87" ],
        "Content-Type": [ "application/json" ],
        "Expires": [ "-1" ]
      },
      "Content": "{\"error\":{\"code\":\"AuthorizationRuleNotFound\",\"message\":\"Authorization rule not found\"}}",
      "isContentBase64": false
    }
  },
  "Remove-AzEventHubAuthorizationRule+[NoContext]+RemoveViaIdentityExpanded+$DELETE+https://management.azure.com/subscriptions/326100e2-f69d-4268-8503-075374f62b6e/resourceGroups/Autorest-PS-EventHub-ec7mvx/providers/Microsoft.EventHub/namespaces/namespaceName6xazrb/authorizationRules/namespaceAuthRule2?api-version=2024-05-01-preview+1": {
    "Request": {
      "Method": "DELETE",
      "RequestUri": "https://management.azure.com/subscriptions/326100e2-f69d-4268-8503-075374f62b6e/resourceGroups/Autorest-PS-EventHub-ec7mvx/providers/Microsoft.EventHub/namespaces/namespaceName6xazrb/authorizationRules/namespaceAuthRule2?api-version=2024-05-01-preview",
      "Content": null,
      "isContentBase64": false,
      "Headers": {
        "x-ms-unique-id": [ "170" ],
        "x-ms-client-request-id": [ "8297414e-9fcf-40b0-b3ee-66f8bf5352bd" ],
        "CommandName": [ "Az.EventHub.private\\Remove-AzEventHubNamespaceAuthorizationRule_DeleteViaIdentity" ],
        "FullCommandName": [ "Remove-AzEventHubNamespaceAuthorizationRule_DeleteViaIdentity" ],
        "ParameterSetName": [ "__AllParameterSets" ],
        "User-Agent": [ "AzurePowershell/v0.0.0", "PSVersion/v7.2.24", "Az.EventHub/0.1.0" ],
        "Authorization": [ "[Filtered]" ]
      },
      "ContentHeaders": {
      }
    },
    "Response": {
      "StatusCode": 200,
      "Headers": {
        "Cache-Control": [ "no-cache" ],
        "Pragma": [ "no-cache" ],
        "x-ms-correlation-request-id": [ "00000001-0000-0000-0002-000000007700" ],
        "x-ms-client-request-id": [ "00000001-0000-0000-0002-000000007700" ],
        "x-ms-messaging-activity-id": [ "00000001-0000-0000-0002-000000007700" ],
        "x-ms-messaging-routing-id": [ "EASTUS|EASTUS|G9|2025-05-07T08:02:25" ],
        "Strict-Transport-Security": [ "max-age=31536000; includeSubDomains" ],
        "x-ms-operation-identifier": [ "tenantId=72f988bf-86f1-41af-91ab-2d7cd011db47,objectId=eea76376-6cf2-4f48-a713-64382d4b9625/koreacentral/9ba729ea-64c4-4669-b6c8-af57ddd6f432" ],
        "x-ms-ratelimit-remaining-subscription-deletes": [ "799" ],
        "x-ms-ratelimit-remaining-subscription-global-deletes": [ "11999" ],
        "x-ms-request-id": [ "1d506301-5e56-41c6-828a-c59e3d634c7b" ],
        "x-ms-routing-request-id": [ "KOREACENTRAL:20250507T080225Z:1d506301-5e56-41c6-828a-c59e3d634c7b" ],
        "X-Content-Type-Options": [ "nosniff" ],
        "X-Cache": [ "CONFIG_NOCACHE" ],
        "X-MSEdge-Ref": [ "Ref A: 84D15934BD714CB98238A4A4C1E63086 Ref B: SEL221051504011 Ref C: 2025-05-07T08:02:18Z" ],
        "Date": [ "Wed, 07 May 2025 08:02:25 GMT" ]
      },
      "ContentHeaders": {
        "Expires": [ "-1" ],
        "Content-Length": [ "0" ]
      },
      "Content": null,
      "isContentBase64": false
    }
  },
  "Remove-AzEventHubAuthorizationRule+[NoContext]+RemoveViaIdentityExpanded+$GET+https://management.azure.com/subscriptions/326100e2-f69d-4268-8503-075374f62b6e/resourceGroups/Autorest-PS-EventHub-ec7mvx/providers/Microsoft.EventHub/namespaces/namespaceName6xazrb/authorizationRules/namespaceAuthRule2?api-version=2024-05-01-preview+2": {
    "Request": {
      "Method": "GET",
      "RequestUri": "https://management.azure.com/subscriptions/326100e2-f69d-4268-8503-075374f62b6e/resourceGroups/Autorest-PS-EventHub-ec7mvx/providers/Microsoft.EventHub/namespaces/namespaceName6xazrb/authorizationRules/namespaceAuthRule2?api-version=2024-05-01-preview",
      "Content": null,
      "isContentBase64": false,
      "Headers": {
        "x-ms-unique-id": [ "171" ],
        "x-ms-client-request-id": [ "e30ac6f3-16ff-482f-b5a6-cd7cc2bb8143" ],
        "CommandName": [ "Az.EventHub.private\\Get-AzEventHubNamespaceAuthorizationRule_GetViaIdentity" ],
        "FullCommandName": [ "Get-AzEventHubNamespaceAuthorizationRule_GetViaIdentity" ],
        "ParameterSetName": [ "__AllParameterSets" ],
        "User-Agent": [ "AzurePowershell/v0.0.0", "PSVersion/v7.2.24", "Az.EventHub/0.1.0" ],
        "Authorization": [ "[Filtered]" ]
      },
      "ContentHeaders": {
      }
    },
    "Response": {
      "StatusCode": 404,
      "Headers": {
        "Cache-Control": [ "no-cache" ],
        "Pragma": [ "no-cache" ],
        "x-ms-correlation-request-id": [ "4cc9e63c-e7db-4cb1-b312-36d388c0a0bd" ],
        "x-ms-client-request-id": [ "e30ac6f3-16ff-482f-b5a6-cd7cc2bb8143_RP" ],
        "x-ms-messaging-activity-id": [ "bda2ad21-0db2-42b9-868f-255bf6c83c13" ],
        "x-ms-messaging-routing-id": [ "EASTUS|EASTUS|G2|2025-05-07T08:02:27" ],
        "Strict-Transport-Security": [ "max-age=31536000; includeSubDomains" ],
        "x-ms-operation-identifier": [ "tenantId=72f988bf-86f1-41af-91ab-2d7cd011db47,objectId=eea76376-6cf2-4f48-a713-64382d4b9625/koreacentral/201f9bc9-23e7-4360-bebc-ab9ba20e9ef1" ],
        "x-ms-ratelimit-remaining-subscription-reads": [ "1099" ],
        "x-ms-ratelimit-remaining-subscription-global-reads": [ "16499" ],
        "x-ms-request-id": [ "4cc9e63c-e7db-4cb1-b312-36d388c0a0bd" ],
        "x-ms-routing-request-id": [ "KOREACENTRAL:20250507T080227Z:4cc9e63c-e7db-4cb1-b312-36d388c0a0bd" ],
        "X-Content-Type-Options": [ "nosniff" ],
        "X-Cache": [ "CONFIG_NOCACHE" ],
        "X-MSEdge-Ref": [ "Ref A: EAEC449C899945AF86203B36432F9D3D Ref B: SEL221051504011 Ref C: 2025-05-07T08:02:25Z" ],
        "Date": [ "Wed, 07 May 2025 08:02:26 GMT" ]
      },
      "ContentHeaders": {
        "Content-Length": [ "87" ],
        "Content-Type": [ "application/json" ],
        "Expires": [ "-1" ]
      },
      "Content": "{\"error\":{\"code\":\"AuthorizationRuleNotFound\",\"message\":\"Authorization rule not found\"}}",
      "isContentBase64": false
    }
  },
  "Remove-AzEventHubAuthorizationRule+[NoContext]+RemoveViaIdentityExpanded+$GET+https://management.azure.com/subscriptions/326100e2-f69d-4268-8503-075374f62b6e/resourceGroups/Autorest-PS-EventHub-ec7mvx/providers/Microsoft.EventHub/namespaces/namespaceName6xazrb/authorizationRules?api-version=2024-05-01-preview+3": {
    "Request": {
      "Method": "GET",
      "RequestUri": "https://management.azure.com/subscriptions/326100e2-f69d-4268-8503-075374f62b6e/resourceGroups/Autorest-PS-EventHub-ec7mvx/providers/Microsoft.EventHub/namespaces/namespaceName6xazrb/authorizationRules?api-version=2024-05-01-preview",
      "Content": null,
      "isContentBase64": false,
      "Headers": {
        "x-ms-unique-id": [ "172" ],
        "x-ms-client-request-id": [ "328e1b77-adc2-4f29-8a39-492f7f36669d" ],
        "CommandName": [ "Az.EventHub.private\\Get-AzEventHubNamespaceAuthorizationRule_List" ],
        "FullCommandName": [ "Get-AzEventHubNamespaceAuthorizationRule_List" ],
        "ParameterSetName": [ "__AllParameterSets" ],
        "User-Agent": [ "AzurePowershell/v0.0.0", "PSVersion/v7.2.24", "Az.EventHub/0.1.0" ],
        "Authorization": [ "[Filtered]" ]
      },
      "ContentHeaders": {
      }
    },
    "Response": {
      "StatusCode": 200,
      "Headers": {
        "Cache-Control": [ "no-cache" ],
        "Pragma": [ "no-cache" ],
        "x-ms-correlation-request-id": [ "cf8a74a9-5512-4327-aa22-35c8e89fb455" ],
        "x-ms-client-request-id": [ "328e1b77-adc2-4f29-8a39-492f7f36669d_RP" ],
        "x-ms-messaging-activity-id": [ "0639a31a-171e-4d5e-bdf2-677c8df2f371" ],
        "x-ms-messaging-routing-id": [ "EASTUS|EASTUS|G9|2025-05-07T08:02:27" ],
        "Strict-Transport-Security": [ "max-age=31536000; includeSubDomains" ],
        "x-ms-operation-identifier": [ "tenantId=72f988bf-86f1-41af-91ab-2d7cd011db47,objectId=eea76376-6cf2-4f48-a713-64382d4b9625/koreacentral/5a34f4b7-5c48-41bd-9387-2f482dd156a2" ],
        "x-ms-ratelimit-remaining-subscription-reads": [ "1099" ],
        "x-ms-ratelimit-remaining-subscription-global-reads": [ "16499" ],
        "x-ms-request-id": [ "cf8a74a9-5512-4327-aa22-35c8e89fb455" ],
        "x-ms-routing-request-id": [ "KOREACENTRAL:20250507T080227Z:cf8a74a9-5512-4327-aa22-35c8e89fb455" ],
        "X-Content-Type-Options": [ "nosniff" ],
        "X-Cache": [ "CONFIG_NOCACHE" ],
        "X-MSEdge-Ref": [ "Ref A: 463FCE890C874AC7A59143C982594794 Ref B: SEL221051504011 Ref C: 2025-05-07T08:02:27Z" ],
        "Date": [ "Wed, 07 May 2025 08:02:27 GMT" ]
      },
      "ContentHeaders": {
        "Content-Length": [ "2071" ],
        "Content-Type": [ "application/json; charset=utf-8" ],
        "Expires": [ "-1" ]
      },
      "Content": "{\"value\":[{\"id\":\"/subscriptions/326100e2-f69d-4268-8503-075374f62b6e/resourceGroups/Autorest-PS-EventHub-ec7mvx/providers/Microsoft.EventHub/namespaces/namespaceName6xazrb/authorizationrules/RootManageSharedAccessKey\",\"name\":\"RootManageSharedAccessKey\",\"type\":\"Microsoft.EventHub/Namespaces/AuthorizationRules\",\"location\":\"eastus\",\"properties\":{\"rights\":[\"Listen\",\"Manage\",\"Send\"]}},{\"id\":\"/subscriptions/326100e2-f69d-4268-8503-075374f62b6e/resourceGroups/Autorest-PS-EventHub-ec7mvx/providers/Microsoft.EventHub/namespaces/namespaceName6xazrb/authorizationrules/auth-ruleultwf8\",\"name\":\"auth-ruleultwf8\",\"type\":\"Microsoft.EventHub/Namespaces/AuthorizationRules\",\"location\":\"eastus\",\"properties\":{\"rights\":[\"Manage\",\"Listen\",\"Send\"]}},{\"id\":\"/subscriptions/326100e2-f69d-4268-8503-075374f62b6e/resourceGroups/Autorest-PS-EventHub-ec7mvx/providers/Microsoft.EventHub/namespaces/namespaceName6xazrb/authorizationrules/key1\",\"name\":\"key1\",\"type\":\"Microsoft.EventHub/Namespaces/AuthorizationRules\",\"location\":\"eastus\",\"properties\":{\"rights\":[\"Manage\",\"Send\",\"Listen\"]}},{\"id\":\"/subscriptions/326100e2-f69d-4268-8503-075374f62b6e/resourceGroups/Autorest-PS-EventHub-ec7mvx/providers/Microsoft.EventHub/namespaces/namespaceName6xazrb/authorizationrules/auth-rulevqgxe0\",\"name\":\"auth-rulevqgxe0\",\"type\":\"Microsoft.EventHub/Namespaces/AuthorizationRules\",\"location\":\"eastus\",\"properties\":{\"rights\":[\"Manage\",\"Send\",\"Listen\"]}},{\"id\":\"/subscriptions/326100e2-f69d-4268-8503-075374f62b6e/resourceGroups/Autorest-PS-EventHub-ec7mvx/providers/Microsoft.EventHub/namespaces/namespaceName6xazrb/authorizationrules/b\",\"name\":\"b\",\"type\":\"Microsoft.EventHub/Namespaces/AuthorizationRules\",\"location\":\"eastus\",\"properties\":{\"rights\":[\"Manage\",\"Send\",\"Listen\"]}},{\"id\":\"/subscriptions/326100e2-f69d-4268-8503-075374f62b6e/resourceGroups/Autorest-PS-EventHub-ec7mvx/providers/Microsoft.EventHub/namespaces/namespaceName6xazrb/authorizationrules/c\",\"name\":\"c\",\"type\":\"Microsoft.EventHub/Namespaces/AuthorizationRules\",\"location\":\"eastus\",\"properties\":{\"rights\":[\"Manage\",\"Send\",\"Listen\"]}}]}",
      "isContentBase64": false
    }
  },
  "Remove-AzEventHubAuthorizationRule+[NoContext]+RemoveViaIdentityExpanded+$GET+https://management.azure.com/subscriptions/326100e2-f69d-4268-8503-075374f62b6e/resourceGroups/Autorest-PS-EventHub-ec7mvx/providers/Microsoft.EventHub/namespaces/namespaceName6xazrb/eventhubs/eventHubs758f4/authorizationRules?api-version=2024-05-01-preview+4": {
    "Request": {
      "Method": "GET",
      "RequestUri": "https://management.azure.com/subscriptions/326100e2-f69d-4268-8503-075374f62b6e/resourceGroups/Autorest-PS-EventHub-ec7mvx/providers/Microsoft.EventHub/namespaces/namespaceName6xazrb/eventhubs/eventHubs758f4/authorizationRules?api-version=2024-05-01-preview",
      "Content": null,
      "isContentBase64": false,
      "Headers": {
        "x-ms-unique-id": [ "173" ],
        "x-ms-client-request-id": [ "632fac1d-774f-406d-969c-5e86a47c4e0a" ],
        "CommandName": [ "Az.EventHub.private\\Get-AzEventHubAuthorizationRule_List" ],
        "FullCommandName": [ "Get-AzEventHubAuthorizationRule_List" ],
        "ParameterSetName": [ "__AllParameterSets" ],
        "User-Agent": [ "AzurePowershell/v0.0.0", "PSVersion/v7.2.24", "Az.EventHub/0.1.0" ],
        "Authorization": [ "[Filtered]" ]
      },
      "ContentHeaders": {
      }
    },
    "Response": {
      "StatusCode": 200,
      "Headers": {
        "Cache-Control": [ "no-cache" ],
        "Pragma": [ "no-cache" ],
        "x-ms-correlation-request-id": [ "41d7e25e-2020-4af8-82db-70c2f5795799" ],
        "x-ms-client-request-id": [ "632fac1d-774f-406d-969c-5e86a47c4e0a_RP" ],
        "x-ms-messaging-activity-id": [ "7b50ca86-a1e1-4719-8629-28d42b406809" ],
        "x-ms-messaging-routing-id": [ "EASTUS|EASTUS|G9|2025-05-07T08:02:28" ],
        "Strict-Transport-Security": [ "max-age=31536000; includeSubDomains" ],
        "x-ms-operation-identifier": [ "tenantId=72f988bf-86f1-41af-91ab-2d7cd011db47,objectId=eea76376-6cf2-4f48-a713-64382d4b9625/koreacentral/4653e822-0c4f-4e43-8386-0f1769218529" ],
        "x-ms-ratelimit-remaining-subscription-reads": [ "1098" ],
        "x-ms-ratelimit-remaining-subscription-global-reads": [ "16498" ],
        "x-ms-request-id": [ "41d7e25e-2020-4af8-82db-70c2f5795799" ],
        "x-ms-routing-request-id": [ "KOREACENTRAL:20250507T080228Z:41d7e25e-2020-4af8-82db-70c2f5795799" ],
        "X-Content-Type-Options": [ "nosniff" ],
        "X-Cache": [ "CONFIG_NOCACHE" ],
        "X-MSEdge-Ref": [ "Ref A: 67B8858FE3754E8FB64AB422A2B0F019 Ref B: SEL221051504011 Ref C: 2025-05-07T08:02:27Z" ],
        "Date": [ "Wed, 07 May 2025 08:02:27 GMT" ]
      },
      "ContentHeaders": {
        "Content-Length": [ "1159" ],
        "Content-Type": [ "application/json; charset=utf-8" ],
        "Expires": [ "-1" ]
      },
      "Content": "{\"value\":[{\"id\":\"/subscriptions/326100e2-f69d-4268-8503-075374f62b6e/resourceGroups/Autorest-PS-EventHub-ec7mvx/providers/Microsoft.EventHub/namespaces/namespaceName6xazrb/eventhubs/eventHubs758f4/authorizationrules/auth-ruleh5fbyw\",\"name\":\"auth-ruleh5fbyw\",\"type\":\"Microsoft.EventHub/namespaces/eventhubs/authorizationrules\",\"location\":\"eastus\",\"properties\":{\"rights\":[\"Listen\"]}},{\"id\":\"/subscriptions/326100e2-f69d-4268-8503-075374f62b6e/resourceGroups/Autorest-PS-EventHub-ec7mvx/providers/Microsoft.EventHub/namespaces/namespaceName6xazrb/eventhubs/eventHubs758f4/authorizationrules/auth-ruleg465d0\",\"name\":\"auth-ruleg465d0\",\"type\":\"Microsoft.EventHub/namespaces/eventhubs/authorizationrules\",\"location\":\"eastus\",\"properties\":{\"rights\":[\"Manage\",\"Listen\",\"Send\"]}},{\"id\":\"/subscriptions/326100e2-f69d-4268-8503-075374f62b6e/resourceGroups/Autorest-PS-EventHub-ec7mvx/providers/Microsoft.EventHub/namespaces/namespaceName6xazrb/eventhubs/eventHubs758f4/authorizationrules/entityAuthRule2\",\"name\":\"entityAuthRule2\",\"type\":\"Microsoft.EventHub/namespaces/eventhubs/authorizationrules\",\"location\":\"eastus\",\"properties\":{\"rights\":[\"Manage\",\"Send\",\"Listen\"]}}]}",
      "isContentBase64": false
    }
  },
  "Remove-AzEventHubAuthorizationRule+[NoContext]+RemoveViaIdentityExpanded+$DELETE+https://management.azure.com/subscriptions/326100e2-f69d-4268-8503-075374f62b6e/resourceGroups/Autorest-PS-EventHub-ec7mvx/providers/Microsoft.EventHub/namespaces/namespaceName6xazrb/eventhubs/eventHubs758f4/authorizationRules/entityAuthRule2?api-version=2024-05-01-preview+5": {
    "Request": {
      "Method": "DELETE",
      "RequestUri": "https://management.azure.com/subscriptions/326100e2-f69d-4268-8503-075374f62b6e/resourceGroups/Autorest-PS-EventHub-ec7mvx/providers/Microsoft.EventHub/namespaces/namespaceName6xazrb/eventhubs/eventHubs758f4/authorizationRules/entityAuthRule2?api-version=2024-05-01-preview",
      "Content": null,
      "isContentBase64": false,
      "Headers": {
        "x-ms-unique-id": [ "174" ],
        "x-ms-client-request-id": [ "aba65211-ec33-4361-81d0-58d218806563" ],
        "CommandName": [ "Az.EventHub.private\\Remove-AzEventHubAuthorizationRule_DeleteViaIdentity" ],
        "FullCommandName": [ "Remove-AzEventHubAuthorizationRule_DeleteViaIdentity" ],
        "ParameterSetName": [ "__AllParameterSets" ],
        "User-Agent": [ "AzurePowershell/v0.0.0", "PSVersion/v7.2.24", "Az.EventHub/0.1.0" ],
        "Authorization": [ "[Filtered]" ]
      },
      "ContentHeaders": {
      }
    },
    "Response": {
      "StatusCode": 200,
      "Headers": {
        "Cache-Control": [ "no-cache" ],
        "Pragma": [ "no-cache" ],
        "x-ms-correlation-request-id": [ "00000001-0000-0000-0002-000000007256" ],
        "x-ms-client-request-id": [ "00000001-0000-0000-0002-000000007256" ],
        "x-ms-messaging-activity-id": [ "00000001-0000-0000-0002-000000007256" ],
        "x-ms-messaging-routing-id": [ "EASTUS|EASTUS|G11|2025-05-07T08:02:30" ],
        "Strict-Transport-Security": [ "max-age=31536000; includeSubDomains" ],
        "x-ms-operation-identifier": [ "tenantId=72f988bf-86f1-41af-91ab-2d7cd011db47,objectId=eea76376-6cf2-4f48-a713-64382d4b9625/koreacentral/1b878794-a9a9-4b57-b43d-22e59c1a9843" ],
        "x-ms-ratelimit-remaining-subscription-deletes": [ "799" ],
        "x-ms-ratelimit-remaining-subscription-global-deletes": [ "11999" ],
        "x-ms-request-id": [ "489533b1-fe1c-4891-89b8-9470f117bef1" ],
        "x-ms-routing-request-id": [ "KOREACENTRAL:20250507T080230Z:489533b1-fe1c-4891-89b8-9470f117bef1" ],
        "X-Content-Type-Options": [ "nosniff" ],
        "X-Cache": [ "CONFIG_NOCACHE" ],
        "X-MSEdge-Ref": [ "Ref A: D02EDAF638C340228C0C7A9F57ED2AC1 Ref B: SEL221051504011 Ref C: 2025-05-07T08:02:28Z" ],
        "Date": [ "Wed, 07 May 2025 08:02:29 GMT" ]
      },
      "ContentHeaders": {
        "Expires": [ "-1" ],
        "Content-Length": [ "0" ]
      },
      "Content": null,
      "isContentBase64": false
    }
  },
  "Remove-AzEventHubAuthorizationRule+[NoContext]+RemoveViaIdentityExpanded+$GET+https://management.azure.com/subscriptions/326100e2-f69d-4268-8503-075374f62b6e/resourceGroups/Autorest-PS-EventHub-ec7mvx/providers/Microsoft.EventHub/namespaces/namespaceName6xazrb/eventhubs/eventHubs758f4/authorizationRules/entityAuthRule2?api-version=2024-05-01-preview+6": {
    "Request": {
      "Method": "GET",
      "RequestUri": "https://management.azure.com/subscriptions/326100e2-f69d-4268-8503-075374f62b6e/resourceGroups/Autorest-PS-EventHub-ec7mvx/providers/Microsoft.EventHub/namespaces/namespaceName6xazrb/eventhubs/eventHubs758f4/authorizationRules/entityAuthRule2?api-version=2024-05-01-preview",
      "Content": null,
      "isContentBase64": false,
      "Headers": {
        "x-ms-unique-id": [ "175" ],
        "x-ms-client-request-id": [ "a0ccc04f-c60b-46b1-bd58-4a8532974f72" ],
        "CommandName": [ "Az.EventHub.private\\Get-AzEventHubAuthorizationRule_GetViaIdentity" ],
        "FullCommandName": [ "Get-AzEventHubAuthorizationRule_GetViaIdentity" ],
        "ParameterSetName": [ "__AllParameterSets" ],
        "User-Agent": [ "AzurePowershell/v0.0.0", "PSVersion/v7.2.24", "Az.EventHub/0.1.0" ],
        "Authorization": [ "[Filtered]" ]
      },
      "ContentHeaders": {
      }
    },
    "Response": {
      "StatusCode": 404,
      "Headers": {
        "Cache-Control": [ "no-cache" ],
        "Pragma": [ "no-cache" ],
        "x-ms-correlation-request-id": [ "78f37c25-e756-422e-82cb-9214aa300d34" ],
        "x-ms-client-request-id": [ "a0ccc04f-c60b-46b1-bd58-4a8532974f72_RP" ],
        "x-ms-messaging-activity-id": [ "b66d6568-5a46-4cac-a626-f62a1daad10b" ],
        "x-ms-messaging-routing-id": [ "EASTUS|EASTUS|G13|2025-05-07T08:02:31" ],
        "Strict-Transport-Security": [ "max-age=31536000; includeSubDomains" ],
        "x-ms-operation-identifier": [ "tenantId=72f988bf-86f1-41af-91ab-2d7cd011db47,objectId=eea76376-6cf2-4f48-a713-64382d4b9625/koreacentral/8a2fe7a7-1e3d-4d76-b776-569d9c2989c7" ],
        "x-ms-ratelimit-remaining-subscription-reads": [ "1099" ],
        "x-ms-ratelimit-remaining-subscription-global-reads": [ "16499" ],
        "x-ms-request-id": [ "78f37c25-e756-422e-82cb-9214aa300d34" ],
        "x-ms-routing-request-id": [ "KOREACENTRAL:20250507T080231Z:78f37c25-e756-422e-82cb-9214aa300d34" ],
        "X-Content-Type-Options": [ "nosniff" ],
        "X-Cache": [ "CONFIG_NOCACHE" ],
        "X-MSEdge-Ref": [ "Ref A: D63B38A544F84671A2F1540F744B5FDF Ref B: SEL221051504011 Ref C: 2025-05-07T08:02:30Z" ],
        "Date": [ "Wed, 07 May 2025 08:02:30 GMT" ]
      },
      "ContentHeaders": {
        "Content-Length": [ "87" ],
        "Content-Type": [ "application/json" ],
        "Expires": [ "-1" ]
      },
      "Content": "{\"error\":{\"code\":\"AuthorizationRuleNotFound\",\"message\":\"Authorization rule not found\"}}",
      "isContentBase64": false
    }
  },
  "Remove-AzEventHubAuthorizationRule+[NoContext]+RemoveViaIdentityExpanded+$GET+https://management.azure.com/subscriptions/326100e2-f69d-4268-8503-075374f62b6e/resourceGroups/Autorest-PS-EventHub-ec7mvx/providers/Microsoft.EventHub/namespaces/namespaceName6xazrb/authorizationRules?api-version=2024-05-01-preview+7": {
    "Request": {
      "Method": "GET",
      "RequestUri": "https://management.azure.com/subscriptions/326100e2-f69d-4268-8503-075374f62b6e/resourceGroups/Autorest-PS-EventHub-ec7mvx/providers/Microsoft.EventHub/namespaces/namespaceName6xazrb/authorizationRules?api-version=2024-05-01-preview",
      "Content": null,
      "isContentBase64": false,
      "Headers": {
        "x-ms-unique-id": [ "176" ],
        "x-ms-client-request-id": [ "5b7de3eb-7c94-4483-9696-1bf720565cb7" ],
        "CommandName": [ "Az.EventHub.private\\Get-AzEventHubNamespaceAuthorizationRule_List" ],
        "FullCommandName": [ "Get-AzEventHubNamespaceAuthorizationRule_List" ],
        "ParameterSetName": [ "__AllParameterSets" ],
        "User-Agent": [ "AzurePowershell/v0.0.0", "PSVersion/v7.2.24", "Az.EventHub/0.1.0" ],
        "Authorization": [ "[Filtered]" ]
      },
      "ContentHeaders": {
      }
    },
    "Response": {
      "StatusCode": 200,
      "Headers": {
        "Cache-Control": [ "no-cache" ],
        "Pragma": [ "no-cache" ],
        "x-ms-correlation-request-id": [ "d4fcaf34-a345-4620-8707-ab7d318dbec6" ],
        "x-ms-client-request-id": [ "5b7de3eb-7c94-4483-9696-1bf720565cb7_RP" ],
        "x-ms-messaging-activity-id": [ "53f8de5f-d2ed-4df2-83ec-e25c1e2eca17" ],
        "x-ms-messaging-routing-id": [ "EASTUS|EASTUS|G10|2025-05-07T08:02:33" ],
        "Strict-Transport-Security": [ "max-age=31536000; includeSubDomains" ],
        "x-ms-operation-identifier": [ "tenantId=72f988bf-86f1-41af-91ab-2d7cd011db47,objectId=eea76376-6cf2-4f48-a713-64382d4b9625/koreacentral/ce2ca5d6-9ea0-4512-ac0e-2448e7c79313" ],
        "x-ms-ratelimit-remaining-subscription-reads": [ "1099" ],
        "x-ms-ratelimit-remaining-subscription-global-reads": [ "16499" ],
        "x-ms-request-id": [ "d4fcaf34-a345-4620-8707-ab7d318dbec6" ],
        "x-ms-routing-request-id": [ "KOREACENTRAL:20250507T080233Z:d4fcaf34-a345-4620-8707-ab7d318dbec6" ],
        "X-Content-Type-Options": [ "nosniff" ],
        "X-Cache": [ "CONFIG_NOCACHE" ],
        "X-MSEdge-Ref": [ "Ref A: A298E66707964CDC977127E94D582A1F Ref B: SEL221051504011 Ref C: 2025-05-07T08:02:31Z" ],
        "Date": [ "Wed, 07 May 2025 08:02:32 GMT" ]
      },
      "ContentHeaders": {
        "Content-Length": [ "2071" ],
        "Content-Type": [ "application/json; charset=utf-8" ],
        "Expires": [ "-1" ]
      },
      "Content": "{\"value\":[{\"id\":\"/subscriptions/326100e2-f69d-4268-8503-075374f62b6e/resourceGroups/Autorest-PS-EventHub-ec7mvx/providers/Microsoft.EventHub/namespaces/namespaceName6xazrb/authorizationrules/RootManageSharedAccessKey\",\"name\":\"RootManageSharedAccessKey\",\"type\":\"Microsoft.EventHub/Namespaces/AuthorizationRules\",\"location\":\"eastus\",\"properties\":{\"rights\":[\"Listen\",\"Manage\",\"Send\"]}},{\"id\":\"/subscriptions/326100e2-f69d-4268-8503-075374f62b6e/resourceGroups/Autorest-PS-EventHub-ec7mvx/providers/Microsoft.EventHub/namespaces/namespaceName6xazrb/authorizationrules/auth-ruleultwf8\",\"name\":\"auth-ruleultwf8\",\"type\":\"Microsoft.EventHub/Namespaces/AuthorizationRules\",\"location\":\"eastus\",\"properties\":{\"rights\":[\"Manage\",\"Listen\",\"Send\"]}},{\"id\":\"/subscriptions/326100e2-f69d-4268-8503-075374f62b6e/resourceGroups/Autorest-PS-EventHub-ec7mvx/providers/Microsoft.EventHub/namespaces/namespaceName6xazrb/authorizationrules/key1\",\"name\":\"key1\",\"type\":\"Microsoft.EventHub/Namespaces/AuthorizationRules\",\"location\":\"eastus\",\"properties\":{\"rights\":[\"Manage\",\"Send\",\"Listen\"]}},{\"id\":\"/subscriptions/326100e2-f69d-4268-8503-075374f62b6e/resourceGroups/Autorest-PS-EventHub-ec7mvx/providers/Microsoft.EventHub/namespaces/namespaceName6xazrb/authorizationrules/auth-rulevqgxe0\",\"name\":\"auth-rulevqgxe0\",\"type\":\"Microsoft.EventHub/Namespaces/AuthorizationRules\",\"location\":\"eastus\",\"properties\":{\"rights\":[\"Manage\",\"Send\",\"Listen\"]}},{\"id\":\"/subscriptions/326100e2-f69d-4268-8503-075374f62b6e/resourceGroups/Autorest-PS-EventHub-ec7mvx/providers/Microsoft.EventHub/namespaces/namespaceName6xazrb/authorizationrules/b\",\"name\":\"b\",\"type\":\"Microsoft.EventHub/Namespaces/AuthorizationRules\",\"location\":\"eastus\",\"properties\":{\"rights\":[\"Manage\",\"Send\",\"Listen\"]}},{\"id\":\"/subscriptions/326100e2-f69d-4268-8503-075374f62b6e/resourceGroups/Autorest-PS-EventHub-ec7mvx/providers/Microsoft.EventHub/namespaces/namespaceName6xazrb/authorizationrules/c\",\"name\":\"c\",\"type\":\"Microsoft.EventHub/Namespaces/AuthorizationRules\",\"location\":\"eastus\",\"properties\":{\"rights\":[\"Manage\",\"Send\",\"Listen\"]}}]}",
      "isContentBase64": false
    }
  },
  "Remove-AzEventHubAuthorizationRule+[NoContext]+RemoveViaIdentityExpanded+$GET+https://management.azure.com/subscriptions/326100e2-f69d-4268-8503-075374f62b6e/resourceGroups/Autorest-PS-EventHub-ec7mvx/providers/Microsoft.EventHub/namespaces/namespaceName6xazrb/eventhubs/eventHubs758f4/authorizationRules?api-version=2024-05-01-preview+8": {
    "Request": {
      "Method": "GET",
      "RequestUri": "https://management.azure.com/subscriptions/326100e2-f69d-4268-8503-075374f62b6e/resourceGroups/Autorest-PS-EventHub-ec7mvx/providers/Microsoft.EventHub/namespaces/namespaceName6xazrb/eventhubs/eventHubs758f4/authorizationRules?api-version=2024-05-01-preview",
      "Content": null,
      "isContentBase64": false,
      "Headers": {
        "x-ms-unique-id": [ "177" ],
        "x-ms-client-request-id": [ "74ee7fd9-1e9c-49cc-98b5-b0e7b32ddaee" ],
        "CommandName": [ "Az.EventHub.private\\Get-AzEventHubAuthorizationRule_List" ],
        "FullCommandName": [ "Get-AzEventHubAuthorizationRule_List" ],
        "ParameterSetName": [ "__AllParameterSets" ],
        "User-Agent": [ "AzurePowershell/v0.0.0", "PSVersion/v7.2.24", "Az.EventHub/0.1.0" ],
        "Authorization": [ "[Filtered]" ]
      },
      "ContentHeaders": {
      }
    },
    "Response": {
      "StatusCode": 200,
      "Headers": {
        "Cache-Control": [ "no-cache" ],
        "Pragma": [ "no-cache" ],
        "x-ms-correlation-request-id": [ "9b1ba01c-2660-4f93-8899-5f8e231ca356" ],
        "x-ms-client-request-id": [ "74ee7fd9-1e9c-49cc-98b5-b0e7b32ddaee_RP" ],
        "x-ms-messaging-activity-id": [ "8c17c7b6-348d-4e58-9316-7939acd3b93c" ],
        "x-ms-messaging-routing-id": [ "EASTUS|EASTUS|G7|2025-05-07T08:02:34" ],
        "Strict-Transport-Security": [ "max-age=31536000; includeSubDomains" ],
        "x-ms-operation-identifier": [ "tenantId=72f988bf-86f1-41af-91ab-2d7cd011db47,objectId=eea76376-6cf2-4f48-a713-64382d4b9625/koreacentral/0a421ce3-1d4b-4e3a-a778-c3b06bac374f" ],
        "x-ms-ratelimit-remaining-subscription-reads": [ "1099" ],
        "x-ms-ratelimit-remaining-subscription-global-reads": [ "16499" ],
        "x-ms-request-id": [ "9b1ba01c-2660-4f93-8899-5f8e231ca356" ],
        "x-ms-routing-request-id": [ "KOREACENTRAL:20250507T080234Z:9b1ba01c-2660-4f93-8899-5f8e231ca356" ],
        "X-Content-Type-Options": [ "nosniff" ],
        "X-Cache": [ "CONFIG_NOCACHE" ],
        "X-MSEdge-Ref": [ "Ref A: FBD739F8B409470EA0AA661A93705B76 Ref B: SEL221051504011 Ref C: 2025-05-07T08:02:33Z" ],
        "Date": [ "Wed, 07 May 2025 08:02:33 GMT" ]
      },
      "ContentHeaders": {
        "Content-Length": [ "771" ],
        "Content-Type": [ "application/json; charset=utf-8" ],
        "Expires": [ "-1" ]
      },
      "Content": "{\"value\":[{\"id\":\"/subscriptions/326100e2-f69d-4268-8503-075374f62b6e/resourceGroups/Autorest-PS-EventHub-ec7mvx/providers/Microsoft.EventHub/namespaces/namespaceName6xazrb/eventhubs/eventHubs758f4/authorizationrules/auth-ruleh5fbyw\",\"name\":\"auth-ruleh5fbyw\",\"type\":\"Microsoft.EventHub/namespaces/eventhubs/authorizationrules\",\"location\":\"eastus\",\"properties\":{\"rights\":[\"Listen\"]}},{\"id\":\"/subscriptions/326100e2-f69d-4268-8503-075374f62b6e/resourceGroups/Autorest-PS-EventHub-ec7mvx/providers/Microsoft.EventHub/namespaces/namespaceName6xazrb/eventhubs/eventHubs758f4/authorizationrules/auth-ruleg465d0\",\"name\":\"auth-ruleg465d0\",\"type\":\"Microsoft.EventHub/namespaces/eventhubs/authorizationrules\",\"location\":\"eastus\",\"properties\":{\"rights\":[\"Manage\",\"Listen\",\"Send\"]}}]}",
      "isContentBase64": false
    }
  }
}