{
  "Remove-AzEventHub+[NoContext]+Delete+$PUT+https://management.azure.com/subscriptions/326100e2-f69d-4268-8503-075374f62b6e/resourceGroups/resourceGroupAutorestu73q4d/providers/Microsoft.EventHub/namespaces/namespaceNamegdl9hk/eventhubs/eh1?api-version=2022-01-01-preview+1": {
    "Request": {
      "Method": "PUT",
      "RequestUri": "https://management.azure.com/subscriptions/326100e2-f69d-4268-8503-075374f62b6e/resourceGroups/resourceGroupAutorestu73q4d/providers/Microsoft.EventHub/namespaces/namespaceNamegdl9hk/eventhubs/eh1?api-version=2022-01-01-preview",
      "Content": "{\n}",
      "isContentBase64": false,
      "Headers": {
      },
      "ContentHeaders": {
        "Content-Type": [ "application/json" ],
        "Content-Length": [ "3" ]
      }
    },
    "Response": {
      "StatusCode": 200,
      "Headers": {
        "Cache-Control": [ "no-cache" ],
        "Pragma": [ "no-cache" ],
        "Server": [ "Microsoft-HTTPAPI/2.0" ],
        "x-ms-ratelimit-remaining-subscription-writes": [ "1184" ],
        "x-ms-request-id": [ "5e545c91-e81b-4320-8ae7-5d092ad6b253" ],
        "x-ms-correlation-request-id": [ "5e545c91-e81b-4320-8ae7-5d092ad6b253" ],
        "x-ms-routing-request-id": [ "KOREACENTRAL:20221118T110943Z:5e545c91-e81b-4320-8ae7-5d092ad6b253" ],
        "Strict-Transport-Security": [ "max-age=31536000; includeSubDomains" ],
        "X-Content-Type-Options": [ "nosniff" ],
        "Date": [ "Fri, 18 Nov 2022 11:09:43 GMT" ]
      },
      "ContentHeaders": {
        "Content-Length": [ "449" ],
        "Content-Type": [ "application/json; charset=utf-8" ],
        "Expires": [ "-1" ]
      },
      "Content": "{\"id\":\"/subscriptions/326100e2-f69d-4268-8503-075374f62b6e/resourceGroups/resourceGroupAutorestu73q4d/providers/Microsoft.EventHub/namespaces/namespaceNamegdl9hk/eventhubs/eh1\",\"name\":\"eh1\",\"type\":\"Microsoft.EventHub/namespaces/eventhubs\",\"location\":\"eastus\",\"properties\":{\"messageRetentionInDays\":7,\"partitionCount\":4,\"status\":\"Active\",\"createdAt\":\"2022-11-18T11:09:43.123Z\",\"updatedAt\":\"2022-11-18T11:09:43.387Z\",\"partitionIds\":[\"0\",\"1\",\"2\",\"3\"]}}",
      "isContentBase64": false
    }
  },
  "Remove-AzEventHub+[NoContext]+Delete+$DELETE+https://management.azure.com/subscriptions/326100e2-f69d-4268-8503-075374f62b6e/resourceGroups/resourceGroupAutorestu73q4d/providers/Microsoft.EventHub/namespaces/namespaceNamegdl9hk/eventhubs/eh1?api-version=2022-01-01-preview+2": {
    "Request": {
      "Method": "DELETE",
      "RequestUri": "https://management.azure.com/subscriptions/326100e2-f69d-4268-8503-075374f62b6e/resourceGroups/resourceGroupAutorestu73q4d/providers/Microsoft.EventHub/namespaces/namespaceNamegdl9hk/eventhubs/eh1?api-version=2022-01-01-preview",
      "Content": null,
      "isContentBase64": false,
      "Headers": {
        "x-ms-unique-id": [ "161" ],
        "x-ms-client-request-id": [ "185fa2d3-500f-4a94-9ec9-0f6f397659a3" ],
        "CommandName": [ "Remove-AzEventHub" ],
        "FullCommandName": [ "Remove-AzEventHub_Delete" ],
        "ParameterSetName": [ "__AllParameterSets" ],
        "User-Agent": [ "AzurePowershell/v0.0.0", "PSVersion/v7.1.3", "Az.EventHub/0.1.0" ],
        "Authorization": [ "[Filtered]" ]
      },
      "ContentHeaders": {
      }
    },
    "Response": {
      "StatusCode": 200,
      "Headers": {
        "Cache-Control": [ "no-cache" ],
        "Pragma": [ "no-cache" ],
        "Server": [ "Microsoft-HTTPAPI/2.0" ],
        "x-ms-ratelimit-remaining-subscription-deletes": [ "14999" ],
        "x-ms-request-id": [ "33fc2aaf-d42b-4ce6-84a7-2160d0207d89" ],
        "x-ms-correlation-request-id": [ "33fc2aaf-d42b-4ce6-84a7-2160d0207d89" ],
        "x-ms-routing-request-id": [ "KOREACENTRAL:20221118T110951Z:33fc2aaf-d42b-4ce6-84a7-2160d0207d89" ],
        "Strict-Transport-Security": [ "max-age=31536000; includeSubDomains" ],
        "X-Content-Type-Options": [ "nosniff" ],
        "Date": [ "Fri, 18 Nov 2022 11:09:51 GMT" ]
      },
      "ContentHeaders": {
        "Expires": [ "-1" ],
        "Content-Length": [ "0" ]
      },
      "Content": null,
      "isContentBase64": false
    }
  },
  "Remove-AzEventHub+[NoContext]+Delete+$GET+https://management.azure.com/subscriptions/326100e2-f69d-4268-8503-075374f62b6e/resourceGroups/resourceGroupAutorestu73q4d/providers/Microsoft.EventHub/namespaces/namespaceNamegdl9hk/eventhubs/eh1?api-version=2022-01-01-preview+3": {
    "Request": {
      "Method": "GET",
      "RequestUri": "https://management.azure.com/subscriptions/326100e2-f69d-4268-8503-075374f62b6e/resourceGroups/resourceGroupAutorestu73q4d/providers/Microsoft.EventHub/namespaces/namespaceNamegdl9hk/eventhubs/eh1?api-version=2022-01-01-preview",
      "Content": null,
      "isContentBase64": false,
      "Headers": {
        "x-ms-unique-id": [ "162" ],
        "x-ms-client-request-id": [ "03d6f43a-cc9d-414d-a1a8-7ef055ea514b" ],
        "CommandName": [ "Get-AzEventHub" ],
        "FullCommandName": [ "Get-AzEventHub_Get" ],
        "ParameterSetName": [ "__AllParameterSets" ],
        "User-Agent": [ "AzurePowershell/v0.0.0", "PSVersion/v7.1.3", "Az.EventHub/0.1.0" ],
        "Authorization": [ "[Filtered]" ]
      },
      "ContentHeaders": {
      }
    },
    "Response": {
      "StatusCode": 404,
      "Headers": {
        "Cache-Control": [ "no-cache" ],
        "Pragma": [ "no-cache" ],
        "Server": [ "Microsoft-HTTPAPI/2.0" ],
        "x-ms-ratelimit-remaining-subscription-reads": [ "11866" ],
        "x-ms-request-id": [ "d8755482-b4eb-4c14-aa1c-a25bedc1bc85" ],
        "x-ms-correlation-request-id": [ "d8755482-b4eb-4c14-aa1c-a25bedc1bc85" ],
        "x-ms-routing-request-id": [ "KOREACENTRAL:20221118T110952Z:d8755482-b4eb-4c14-aa1c-a25bedc1bc85" ],
        "Strict-Transport-Security": [ "max-age=31536000; includeSubDomains" ],
        "X-Content-Type-Options": [ "nosniff" ],
        "Date": [ "Fri, 18 Nov 2022 11:09:52 GMT" ]
      },
      "ContentHeaders": {
        "Content-Length": [ "78" ],
        "Content-Type": [ "application/json" ],
        "Expires": [ "-1" ]
      },
      "Content": "{\"error\":{\"code\":\"EntityNotFound\",\"message\":\"EventHub entity does not exist\"}}",
      "isContentBase64": false
    }
  },
  "Remove-AzEventHub+[NoContext]+DeleteViaIdentity+$PUT+https://management.azure.com/subscriptions/326100e2-f69d-4268-8503-075374f62b6e/resourceGroups/resourceGroupAutorestu73q4d/providers/Microsoft.EventHub/namespaces/namespaceNamegdl9hk/eventhubs/eh1?api-version=2022-01-01-preview+1": {
    "Request": {
      "Method": "PUT",
      "RequestUri": "https://management.azure.com/subscriptions/326100e2-f69d-4268-8503-075374f62b6e/resourceGroups/resourceGroupAutorestu73q4d/providers/Microsoft.EventHub/namespaces/namespaceNamegdl9hk/eventhubs/eh1?api-version=2022-01-01-preview",
      "Content": "{\n}",
      "isContentBase64": false,
      "Headers": {
      },
      "ContentHeaders": {
        "Content-Type": [ "application/json" ],
        "Content-Length": [ "3" ]
      }
    },
    "Response": {
      "StatusCode": 200,
      "Headers": {
        "Cache-Control": [ "no-cache" ],
        "Pragma": [ "no-cache" ],
        "Server": [ "Microsoft-HTTPAPI/2.0" ],
        "x-ms-ratelimit-remaining-subscription-writes": [ "1183" ],
        "x-ms-request-id": [ "0c23ef1c-dc02-4f7b-a955-8891f4e5fb7a" ],
        "x-ms-correlation-request-id": [ "0c23ef1c-dc02-4f7b-a955-8891f4e5fb7a" ],
        "x-ms-routing-request-id": [ "KOREACENTRAL:20221118T110955Z:0c23ef1c-dc02-4f7b-a955-8891f4e5fb7a" ],
        "Strict-Transport-Security": [ "max-age=31536000; includeSubDomains" ],
        "X-Content-Type-Options": [ "nosniff" ],
        "Date": [ "Fri, 18 Nov 2022 11:09:55 GMT" ]
      },
      "ContentHeaders": {
        "Content-Length": [ "449" ],
        "Content-Type": [ "application/json; charset=utf-8" ],
        "Expires": [ "-1" ]
      },
      "Content": "{\"id\":\"/subscriptions/326100e2-f69d-4268-8503-075374f62b6e/resourceGroups/resourceGroupAutorestu73q4d/providers/Microsoft.EventHub/namespaces/namespaceNamegdl9hk/eventhubs/eh1\",\"name\":\"eh1\",\"type\":\"Microsoft.EventHub/namespaces/eventhubs\",\"location\":\"eastus\",\"properties\":{\"messageRetentionInDays\":7,\"partitionCount\":4,\"status\":\"Active\",\"createdAt\":\"2022-11-18T11:09:54.577Z\",\"updatedAt\":\"2022-11-18T11:09:54.717Z\",\"partitionIds\":[\"0\",\"1\",\"2\",\"3\"]}}",
      "isContentBase64": false
    }
  },
  "Remove-AzEventHub+[NoContext]+DeleteViaIdentity+$DELETE+https://management.azure.com/subscriptions/326100e2-f69d-4268-8503-075374f62b6e/resourceGroups/resourceGroupAutorestu73q4d/providers/Microsoft.EventHub/namespaces/namespaceNamegdl9hk/eventhubs/eh1?api-version=2022-01-01-preview+2": {
    "Request": {
      "Method": "DELETE",
      "RequestUri": "https://management.azure.com/subscriptions/326100e2-f69d-4268-8503-075374f62b6e/resourceGroups/resourceGroupAutorestu73q4d/providers/Microsoft.EventHub/namespaces/namespaceNamegdl9hk/eventhubs/eh1?api-version=2022-01-01-preview",
      "Content": null,
      "isContentBase64": false,
      "Headers": {
        "x-ms-unique-id": [ "164" ],
        "x-ms-client-request-id": [ "e38cf6a4-0c92-4a5b-9624-24dbcd98c9c6" ],
        "CommandName": [ "Remove-AzEventHub" ],
        "FullCommandName": [ "Remove-AzEventHub_DeleteViaIdentity" ],
        "ParameterSetName": [ "__AllParameterSets" ],
        "User-Agent": [ "AzurePowershell/v0.0.0", "PSVersion/v7.1.3", "Az.EventHub/0.1.0" ],
        "Authorization": [ "[Filtered]" ]
      },
      "ContentHeaders": {
      }
    },
    "Response": {
      "StatusCode": 200,
      "Headers": {
        "Cache-Control": [ "no-cache" ],
        "Pragma": [ "no-cache" ],
        "Server": [ "Microsoft-HTTPAPI/2.0" ],
        "x-ms-ratelimit-remaining-subscription-deletes": [ "14998" ],
        "x-ms-request-id": [ "c39a3f7e-01fe-4a0b-ac03-1807ab5ca154" ],
        "x-ms-correlation-request-id": [ "c39a3f7e-01fe-4a0b-ac03-1807ab5ca154" ],
        "x-ms-routing-request-id": [ "KOREACENTRAL:20221118T110957Z:c39a3f7e-01fe-4a0b-ac03-1807ab5ca154" ],
        "Strict-Transport-Security": [ "max-age=31536000; includeSubDomains" ],
        "X-Content-Type-Options": [ "nosniff" ],
        "Date": [ "Fri, 18 Nov 2022 11:09:56 GMT" ]
      },
      "ContentHeaders": {
        "Expires": [ "-1" ],
        "Content-Length": [ "0" ]
      },
      "Content": null,
      "isContentBase64": false
    }
  },
  "Remove-AzEventHub+[NoContext]+DeleteViaIdentity+$GET+https://management.azure.com/subscriptions/326100e2-f69d-4268-8503-075374f62b6e/resourceGroups/resourceGroupAutorestu73q4d/providers/Microsoft.EventHub/namespaces/namespaceNamegdl9hk/eventhubs/eh1?api-version=2022-01-01-preview+3": {
    "Request": {
      "Method": "GET",
      "RequestUri": "https://management.azure.com/subscriptions/326100e2-f69d-4268-8503-075374f62b6e/resourceGroups/resourceGroupAutorestu73q4d/providers/Microsoft.EventHub/namespaces/namespaceNamegdl9hk/eventhubs/eh1?api-version=2022-01-01-preview",
      "Content": null,
      "isContentBase64": false,
      "Headers": {
        "x-ms-unique-id": [ "165" ],
        "x-ms-client-request-id": [ "f204883a-0a98-4b67-9c0a-336811b2f570" ],
        "CommandName": [ "Get-AzEventHub" ],
        "FullCommandName": [ "Get-AzEventHub_GetViaIdentity" ],
        "ParameterSetName": [ "__AllParameterSets" ],
        "User-Agent": [ "AzurePowershell/v0.0.0", "PSVersion/v7.1.3", "Az.EventHub/0.1.0" ],
        "Authorization": [ "[Filtered]" ]
      },
      "ContentHeaders": {
      }
    },
    "Response": {
      "StatusCode": 404,
      "Headers": {
        "Cache-Control": [ "no-cache" ],
        "Pragma": [ "no-cache" ],
        "Server": [ "Microsoft-HTTPAPI/2.0" ],
        "x-ms-ratelimit-remaining-subscription-reads": [ "11865" ],
        "x-ms-request-id": [ "f405dc9f-576c-4367-8389-862a48312e41" ],
        "x-ms-correlation-request-id": [ "f405dc9f-576c-4367-8389-862a48312e41" ],
        "x-ms-routing-request-id": [ "KOREACENTRAL:20221118T110958Z:f405dc9f-576c-4367-8389-862a48312e41" ],
        "Strict-Transport-Security": [ "max-age=31536000; includeSubDomains" ],
        "X-Content-Type-Options": [ "nosniff" ],
        "Date": [ "Fri, 18 Nov 2022 11:09:58 GMT" ]
      },
      "ContentHeaders": {
        "Content-Length": [ "78" ],
        "Content-Type": [ "application/json" ],
        "Expires": [ "-1" ]
      },
      "Content": "{\"error\":{\"code\":\"EntityNotFound\",\"message\":\"EventHub entity does not exist\"}}",
      "isContentBase64": false
    }
  }
}