{
  "Remove-AzEventHubPrivateEndpointConnection+[NoContext]+[NoScenario]+$GET+https://management.azure.com/subscriptions/326100e2-f69d-4268-8503-075374f62b6e/resourceGroups/resourceGroupAutorestk3bhao/providers/Microsoft.EventHub/namespaces/namespaceNamezf7q9d/privateEndpointConnections?api-version=2022-01-01-preview+1": {
    "Request": {
      "Method": "GET",
      "RequestUri": "https://management.azure.com/subscriptions/326100e2-f69d-4268-8503-075374f62b6e/resourceGroups/resourceGroupAutorestk3bhao/providers/Microsoft.EventHub/namespaces/namespaceNamezf7q9d/privateEndpointConnections?api-version=2022-01-01-preview",
      "Content": null,
      "isContentBase64": false,
      "Headers": {
        "x-ms-unique-id": [ "245" ],
        "x-ms-client-request-id": [ "32a871a8-6045-463b-a11a-2e8a4e75289f" ],
        "CommandName": [ "Get-AzEventHubPrivateEndpointConnection" ],
        "FullCommandName": [ "Get-AzEventHubPrivateEndpointConnection_List" ],
        "ParameterSetName": [ "__AllParameterSets" ],
        "User-Agent": [ "AzurePowershell/v0.0.0", "PSVersion/v7.1.3", "Az.EventHub/0.1.0" ],
        "Authorization": [ "[Filtered]" ]
      },
      "ContentHeaders": {
      }
    },
    "Response": {
      "StatusCode": 200,
      "Headers": {
        "Cache-Control": [ "no-cache" ],
        "Pragma": [ "no-cache" ],
        "x-ms-request-id": [ "9ab2fcbb-44b8-4264-b7c4-7a4e820ea989_M10CH3_M10CH3" ],
        "Server-SB": [ "Service-Bus-Resource-Provider/CH3" ],
        "Server": [ "Service-Bus-Resource-Provider/CH3", "Microsoft-HTTPAPI/2.0" ],
        "x-ms-ratelimit-remaining-subscription-reads": [ "11826" ],
        "x-ms-correlation-request-id": [ "24cc6ffb-b402-4f3c-8e9c-543e241ea5f0" ],
        "x-ms-routing-request-id": [ "KOREACENTRAL:20220911T174602Z:24cc6ffb-b402-4f3c-8e9c-543e241ea5f0" ],
        "Strict-Transport-Security": [ "max-age=31536000; includeSubDomains" ],
        "X-Content-Type-Options": [ "nosniff" ],
        "Date": [ "Sun, 11 Sep 2022 17:46:02 GMT" ]
      },
      "ContentHeaders": {
        "Content-Length": [ "1410" ],
        "Content-Type": [ "application/json; charset=utf-8" ],
        "Expires": [ "-1" ]
      },
      "Content": "{\"value\":[{\"id\":\"/subscriptions/326100e2-f69d-4268-8503-075374f62b6e/resourceGroups/resourceGroupAutorestk3bhao/providers/Microsoft.EventHub/namespaces/namespaceNamezf7q9d/privateEndpointConnections/b10efe78-cf9e-4c2f-8217-941e40596489\",\"name\":\"b10efe78-cf9e-4c2f-8217-941e40596489\",\"type\":\"Microsoft.EventHub/Namespaces/PrivateEndpointConnections\",\"location\":\"East US\",\"properties\":{\"provisioningState\":\"Succeeded\",\"privateEndpoint\":{\"id\":\"/subscriptions/326100e2-f69d-4268-8503-075374f62b6e/resourceGroups/resourceGroupAutorestk3bhao/providers/Microsoft.Network/privateEndpoints/privateEndpoint-zgup61\"},\"privateLinkServiceConnectionState\":{\"status\":\"Rejected\",\"description\":\"\"},\"groupIds\":[\"namespace\"]}},{\"id\":\"/subscriptions/326100e2-f69d-4268-8503-075374f62b6e/resourceGroups/resourceGroupAutorestk3bhao/providers/Microsoft.EventHub/namespaces/namespaceNamezf7q9d/privateEndpointConnections/cca8318c-8d8a-429f-b541-d5519648370c\",\"name\":\"cca8318c-8d8a-429f-b541-d5519648370c\",\"type\":\"Microsoft.EventHub/Namespaces/PrivateEndpointConnections\",\"location\":\"East US\",\"properties\":{\"provisioningState\":\"Succeeded\",\"privateEndpoint\":{\"id\":\"/subscriptions/326100e2-f69d-4268-8503-075374f62b6e/resourceGroups/resourceGroupAutorestk3bhao/providers/Microsoft.Network/privateEndpoints/privateEndpoint-12ap6b\"},\"privateLinkServiceConnectionState\":{\"status\":\"Rejected\",\"description\":\"Bye\"},\"groupIds\":[\"namespace\"]}}]}",
      "isContentBase64": false
    }
  },
  "Remove-AzEventHubPrivateEndpointConnection+[NoContext]+Delete+$DELETE+https://management.azure.com/subscriptions/326100e2-f69d-4268-8503-075374f62b6e/resourceGroups/resourceGroupAutorestk3bhao/providers/Microsoft.EventHub/namespaces/namespaceNamezf7q9d/privateEndpointConnections/b10efe78-cf9e-4c2f-8217-941e40596489?api-version=2022-01-01-preview+1": {
    "Request": {
      "Method": "DELETE",
      "RequestUri": "https://management.azure.com/subscriptions/326100e2-f69d-4268-8503-075374f62b6e/resourceGroups/resourceGroupAutorestk3bhao/providers/Microsoft.EventHub/namespaces/namespaceNamezf7q9d/privateEndpointConnections/b10efe78-cf9e-4c2f-8217-941e40596489?api-version=2022-01-01-preview",
      "Content": null,
      "isContentBase64": false,
      "Headers": {
        "x-ms-unique-id": [ "246" ],
        "x-ms-client-request-id": [ "e0cdcf0a-5179-4e7c-befe-9c37773ffb89" ],
        "CommandName": [ "Remove-AzEventHubPrivateEndpointConnection" ],
        "FullCommandName": [ "Remove-AzEventHubPrivateEndpointConnection_Delete" ],
        "ParameterSetName": [ "__AllParameterSets" ],
        "User-Agent": [ "AzurePowershell/v0.0.0", "PSVersion/v7.1.3", "Az.EventHub/0.1.0" ],
        "Authorization": [ "[Filtered]" ]
      },
      "ContentHeaders": {
      }
    },
    "Response": {
      "StatusCode": 202,
      "Headers": {
        "Cache-Control": [ "no-cache" ],
        "Pragma": [ "no-cache" ],
        "x-ms-request-id": [ "6fa59437-638d-4f77-b6b1-c62474e6642d_M10CH3_M10CH3" ],
        "Azure-AsyncOperation": [ "https://management.azure.com:443/subscriptions/326100e2-f69d-4268-8503-075374f62b6e/resourceGroups/resourceGroupAutorestk3bhao/providers/Microsoft.EventHub/namespaces/namespaceNamezf7q9d/privateEndpointConnections/b10efe78-cf9e-4c2f-8217-941e40596489/operationStatus/b10efe78-cf9e-4c2f-8217-941e40596489?api-version=2022-01-01-preview\u0026operationType=Delete" ],
        "Server-SB": [ "Service-Bus-Resource-Provider/CH3" ],
        "Server": [ "Service-Bus-Resource-Provider/CH3", "Microsoft-HTTPAPI/2.0" ],
        "x-ms-ratelimit-remaining-subscription-deletes": [ "14988" ],
        "x-ms-correlation-request-id": [ "318c9fa1-d5fa-4dd1-9966-c0c73dd68c5c" ],
        "x-ms-routing-request-id": [ "KOREACENTRAL:20220911T174603Z:318c9fa1-d5fa-4dd1-9966-c0c73dd68c5c" ],
        "Strict-Transport-Security": [ "max-age=31536000; includeSubDomains" ],
        "X-Content-Type-Options": [ "nosniff" ],
        "Date": [ "Sun, 11 Sep 2022 17:46:03 GMT" ]
      },
      "ContentHeaders": {
        "Expires": [ "-1" ],
        "Content-Length": [ "0" ]
      },
      "Content": null,
      "isContentBase64": false
    }
  },
  "Remove-AzEventHubPrivateEndpointConnection+[NoContext]+Delete+$GET+https://management.azure.com/subscriptions/326100e2-f69d-4268-8503-075374f62b6e/resourceGroups/resourceGroupAutorestk3bhao/providers/Microsoft.EventHub/namespaces/namespaceNamezf7q9d/privateEndpointConnections/b10efe78-cf9e-4c2f-8217-941e40596489/operationStatus/b10efe78-cf9e-4c2f-8217-941e40596489?api-version=2022-01-01-preview\u0026operationType=Delete+2": {
    "Request": {
      "Method": "GET",
      "RequestUri": "https://management.azure.com/subscriptions/326100e2-f69d-4268-8503-075374f62b6e/resourceGroups/resourceGroupAutorestk3bhao/providers/Microsoft.EventHub/namespaces/namespaceNamezf7q9d/privateEndpointConnections/b10efe78-cf9e-4c2f-8217-941e40596489/operationStatus/b10efe78-cf9e-4c2f-8217-941e40596489?api-version=2022-01-01-preview\u0026operationType=Delete",
      "Content": null,
      "isContentBase64": false,
      "Headers": {
        "Authorization": [ "[Filtered]" ],
        "x-ms-unique-id": [ "247" ],
        "x-ms-client-request-id": [ "e0cdcf0a-5179-4e7c-befe-9c37773ffb89" ],
        "CommandName": [ "Remove-AzEventHubPrivateEndpointConnection" ],
        "FullCommandName": [ "Remove-AzEventHubPrivateEndpointConnection_Delete" ],
        "ParameterSetName": [ "__AllParameterSets" ],
        "User-Agent": [ "AzurePowershell/v0.0.0", "PSVersion/v7.1.3", "Az.EventHub/0.1.0" ]
      },
      "ContentHeaders": {
      }
    },
    "Response": {
      "StatusCode": 200,
      "Headers": {
        "Cache-Control": [ "no-cache" ],
        "Pragma": [ "no-cache" ],
        "x-ms-request-id": [ "35b08636-f56b-419c-bd9c-c842f15d666e_M10CH3_M10CH3" ],
        "Server-SB": [ "Service-Bus-Resource-Provider/CH3" ],
        "Server": [ "Service-Bus-Resource-Provider/CH3", "Microsoft-HTTPAPI/2.0" ],
        "x-ms-ratelimit-remaining-subscription-reads": [ "11825" ],
        "x-ms-correlation-request-id": [ "79e406ba-181a-4367-8831-6aef2b68ba75" ],
        "x-ms-routing-request-id": [ "KOREACENTRAL:20220911T174633Z:79e406ba-181a-4367-8831-6aef2b68ba75" ],
        "Strict-Transport-Security": [ "max-age=31536000; includeSubDomains" ],
        "X-Content-Type-Options": [ "nosniff" ],
        "Date": [ "Sun, 11 Sep 2022 17:46:32 GMT" ]
      },
      "ContentHeaders": {
        "Content-Length": [ "468" ],
        "Content-Type": [ "application/json; charset=utf-8" ],
        "Expires": [ "-1" ]
      },
      "Content": "{\"id\":\"/subscriptions/326100e2-f69d-4268-8503-075374f62b6e/resourceGroups/resourceGroupAutorestk3bhao/providers/Microsoft.EventHub/namespaces/namespaceNamezf7q9d/privateEndpointConnections/b10efe78-cf9e-4c2f-8217-941e40596489/operationStatus/b10efe78-cf9e-4c2f-8217-941e40596489/operationStatus/b10efe78-cf9e-4c2f-8217-941e40596489\",\"name\":\"b10efe78-cf9e-4c2f-8217-941e40596489\",\"status\":\"Succeeded\",\"startTime\":\"0001-01-01T00:00:00Z\",\"endTime\":\"0001-01-01T00:00:00Z\"}",
      "isContentBase64": false
    }
  },
  "Remove-AzEventHubPrivateEndpointConnection+[NoContext]+Delete+$GET+https://management.azure.com/subscriptions/326100e2-f69d-4268-8503-075374f62b6e/resourceGroups/resourceGroupAutorestk3bhao/providers/Microsoft.EventHub/namespaces/namespaceNamezf7q9d/privateEndpointConnections/b10efe78-cf9e-4c2f-8217-941e40596489?api-version=2022-01-01-preview+3": {
    "Request": {
      "Method": "GET",
      "RequestUri": "https://management.azure.com/subscriptions/326100e2-f69d-4268-8503-075374f62b6e/resourceGroups/resourceGroupAutorestk3bhao/providers/Microsoft.EventHub/namespaces/namespaceNamezf7q9d/privateEndpointConnections/b10efe78-cf9e-4c2f-8217-941e40596489?api-version=2022-01-01-preview",
      "Content": null,
      "isContentBase64": false,
      "Headers": {
        "x-ms-unique-id": [ "248" ],
        "x-ms-client-request-id": [ "99f85695-5309-4ea2-ab7e-6adbc5af8f44" ],
        "CommandName": [ "Get-AzEventHubPrivateEndpointConnection" ],
        "FullCommandName": [ "Get-AzEventHubPrivateEndpointConnection_Get" ],
        "ParameterSetName": [ "__AllParameterSets" ],
        "User-Agent": [ "AzurePowershell/v0.0.0", "PSVersion/v7.1.3", "Az.EventHub/0.1.0" ],
        "Authorization": [ "[Filtered]" ]
      },
      "ContentHeaders": {
      }
    },
    "Response": {
      "StatusCode": 404,
      "Headers": {
        "Cache-Control": [ "no-cache" ],
        "Pragma": [ "no-cache" ],
        "x-ms-request-id": [ "e38407ba-d54c-4a6f-9058-15906b7b434d_M10CH3_M10CH3" ],
        "Server-SB": [ "Service-Bus-Resource-Provider/CH3" ],
        "Server": [ "Service-Bus-Resource-Provider/CH3", "Microsoft-HTTPAPI/2.0" ],
        "x-ms-ratelimit-remaining-subscription-reads": [ "11824" ],
        "x-ms-correlation-request-id": [ "77dc6e50-247c-4227-94fc-9a3ea03aa285" ],
        "x-ms-routing-request-id": [ "KOREACENTRAL:20220911T174634Z:77dc6e50-247c-4227-94fc-9a3ea03aa285" ],
        "Strict-Transport-Security": [ "max-age=31536000; includeSubDomains" ],
        "X-Content-Type-Options": [ "nosniff" ],
        "Date": [ "Sun, 11 Sep 2022 17:46:33 GMT" ]
      },
      "ContentHeaders": {
        "Content-Length": [ "169" ],
        "Content-Type": [ "application/json; charset=utf-8" ],
        "Expires": [ "-1" ]
      },
      "Content": "{\"error\":{\"message\":\"The requested resource b10efe78-cf9e-4c2f-8217-941e40596489 does not exist. CorrelationId: 77dc6e50-247c-4227-94fc-9a3ea03aa285\",\"code\":\"NotFound\"}}",
      "isContentBase64": false
    }
  },
  "Remove-AzEventHubPrivateEndpointConnection+[NoContext]+DeleteViaIdentity+$GET+https://management.azure.com/subscriptions/326100e2-f69d-4268-8503-075374f62b6e/resourceGroups/resourceGroupAutorestk3bhao/providers/Microsoft.EventHub/namespaces/namespaceNamezf7q9d/privateEndpointConnections/cca8318c-8d8a-429f-b541-d5519648370c?api-version=2022-01-01-preview+1": {
    "Request": {
      "Method": "GET",
      "RequestUri": "https://management.azure.com/subscriptions/326100e2-f69d-4268-8503-075374f62b6e/resourceGroups/resourceGroupAutorestk3bhao/providers/Microsoft.EventHub/namespaces/namespaceNamezf7q9d/privateEndpointConnections/cca8318c-8d8a-429f-b541-d5519648370c?api-version=2022-01-01-preview",
      "Content": null,
      "isContentBase64": false,
      "Headers": {
        "x-ms-unique-id": [ "249" ],
        "x-ms-client-request-id": [ "0dadc933-5f4e-42ba-b881-4b691b1f8c65" ],
        "CommandName": [ "Get-AzEventHubPrivateEndpointConnection" ],
        "FullCommandName": [ "Get-AzEventHubPrivateEndpointConnection_Get" ],
        "ParameterSetName": [ "__AllParameterSets" ],
        "User-Agent": [ "AzurePowershell/v0.0.0", "PSVersion/v7.1.3", "Az.EventHub/0.1.0" ],
        "Authorization": [ "[Filtered]" ]
      },
      "ContentHeaders": {
      }
    },
    "Response": {
      "StatusCode": 200,
      "Headers": {
        "Cache-Control": [ "no-cache" ],
        "Pragma": [ "no-cache" ],
        "x-ms-request-id": [ "e9d76f9f-ae97-45db-81af-c94ae203db35_M10CH3_M10CH3" ],
        "Server-SB": [ "Service-Bus-Resource-Provider/CH3" ],
        "Server": [ "Service-Bus-Resource-Provider/CH3", "Microsoft-HTTPAPI/2.0" ],
        "x-ms-ratelimit-remaining-subscription-reads": [ "11823" ],
        "x-ms-correlation-request-id": [ "81c6fc4f-83b3-4da5-9850-f5648d552e2e" ],
        "x-ms-routing-request-id": [ "KOREACENTRAL:20220911T174634Z:81c6fc4f-83b3-4da5-9850-f5648d552e2e" ],
        "Strict-Transport-Security": [ "max-age=31536000; includeSubDomains" ],
        "X-Content-Type-Options": [ "nosniff" ],
        "Date": [ "Sun, 11 Sep 2022 17:46:34 GMT" ]
      },
      "ContentHeaders": {
        "Content-Length": [ "700" ],
        "Content-Type": [ "application/json; charset=utf-8" ],
        "Expires": [ "-1" ]
      },
      "Content": "{\"id\":\"/subscriptions/326100e2-f69d-4268-8503-075374f62b6e/resourceGroups/resourceGroupAutorestk3bhao/providers/Microsoft.EventHub/namespaces/namespaceNamezf7q9d/privateEndpointConnections/cca8318c-8d8a-429f-b541-d5519648370c\",\"name\":\"cca8318c-8d8a-429f-b541-d5519648370c\",\"type\":\"Microsoft.EventHub/Namespaces/PrivateEndpointConnections\",\"location\":\"East US\",\"properties\":{\"provisioningState\":\"Succeeded\",\"privateEndpoint\":{\"id\":\"/subscriptions/326100e2-f69d-4268-8503-075374f62b6e/resourceGroups/resourceGroupAutorestk3bhao/providers/Microsoft.Network/privateEndpoints/privateEndpoint-12ap6b\"},\"privateLinkServiceConnectionState\":{\"status\":\"Rejected\",\"description\":\"Bye\"},\"groupIds\":[\"namespace\"]}}",
      "isContentBase64": false
    }
  },
  "Remove-AzEventHubPrivateEndpointConnection+[NoContext]+DeleteViaIdentity+$DELETE+https://management.azure.com/subscriptions/326100e2-f69d-4268-8503-075374f62b6e/resourceGroups/resourceGroupAutorestk3bhao/providers/Microsoft.EventHub/namespaces/namespaceNamezf7q9d/privateEndpointConnections/cca8318c-8d8a-429f-b541-d5519648370c?api-version=2022-01-01-preview+2": {
    "Request": {
      "Method": "DELETE",
      "RequestUri": "https://management.azure.com/subscriptions/326100e2-f69d-4268-8503-075374f62b6e/resourceGroups/resourceGroupAutorestk3bhao/providers/Microsoft.EventHub/namespaces/namespaceNamezf7q9d/privateEndpointConnections/cca8318c-8d8a-429f-b541-d5519648370c?api-version=2022-01-01-preview",
      "Content": null,
      "isContentBase64": false,
      "Headers": {
        "x-ms-unique-id": [ "250" ],
        "x-ms-client-request-id": [ "de592c69-3ec7-45cd-b0be-a9251bdb021a" ],
        "CommandName": [ "Remove-AzEventHubPrivateEndpointConnection" ],
        "FullCommandName": [ "Remove-AzEventHubPrivateEndpointConnection_DeleteViaIdentity" ],
        "ParameterSetName": [ "__AllParameterSets" ],
        "User-Agent": [ "AzurePowershell/v0.0.0", "PSVersion/v7.1.3", "Az.EventHub/0.1.0" ],
        "Authorization": [ "[Filtered]" ]
      },
      "ContentHeaders": {
      }
    },
    "Response": {
      "StatusCode": 202,
      "Headers": {
        "Cache-Control": [ "no-cache" ],
        "Pragma": [ "no-cache" ],
        "x-ms-request-id": [ "1266f37c-b968-45af-9d83-31dab1b9d1be_M10CH3_M10CH3" ],
        "Azure-AsyncOperation": [ "https://management.azure.com:443/subscriptions/326100e2-f69d-4268-8503-075374f62b6e/resourceGroups/resourceGroupAutorestk3bhao/providers/Microsoft.EventHub/namespaces/namespaceNamezf7q9d/privateEndpointConnections/cca8318c-8d8a-429f-b541-d5519648370c/operationStatus/cca8318c-8d8a-429f-b541-d5519648370c?api-version=2022-01-01-preview\u0026operationType=Delete" ],
        "Server-SB": [ "Service-Bus-Resource-Provider/CH3" ],
        "Server": [ "Service-Bus-Resource-Provider/CH3", "Microsoft-HTTPAPI/2.0" ],
        "x-ms-ratelimit-remaining-subscription-deletes": [ "14987" ],
        "x-ms-correlation-request-id": [ "a8caded1-6fb7-4f69-9859-30eab3bdf2af" ],
        "x-ms-routing-request-id": [ "KOREACENTRAL:20220911T174635Z:a8caded1-6fb7-4f69-9859-30eab3bdf2af" ],
        "Strict-Transport-Security": [ "max-age=31536000; includeSubDomains" ],
        "X-Content-Type-Options": [ "nosniff" ],
        "Date": [ "Sun, 11 Sep 2022 17:46:34 GMT" ]
      },
      "ContentHeaders": {
        "Expires": [ "-1" ],
        "Content-Length": [ "0" ]
      },
      "Content": null,
      "isContentBase64": false
    }
  },
  "Remove-AzEventHubPrivateEndpointConnection+[NoContext]+DeleteViaIdentity+$GET+https://management.azure.com/subscriptions/326100e2-f69d-4268-8503-075374f62b6e/resourceGroups/resourceGroupAutorestk3bhao/providers/Microsoft.EventHub/namespaces/namespaceNamezf7q9d/privateEndpointConnections/cca8318c-8d8a-429f-b541-d5519648370c/operationStatus/cca8318c-8d8a-429f-b541-d5519648370c?api-version=2022-01-01-preview\u0026operationType=Delete+3": {
    "Request": {
      "Method": "GET",
      "RequestUri": "https://management.azure.com/subscriptions/326100e2-f69d-4268-8503-075374f62b6e/resourceGroups/resourceGroupAutorestk3bhao/providers/Microsoft.EventHub/namespaces/namespaceNamezf7q9d/privateEndpointConnections/cca8318c-8d8a-429f-b541-d5519648370c/operationStatus/cca8318c-8d8a-429f-b541-d5519648370c?api-version=2022-01-01-preview\u0026operationType=Delete",
      "Content": null,
      "isContentBase64": false,
      "Headers": {
        "Authorization": [ "[Filtered]" ],
        "x-ms-unique-id": [ "251" ],
        "x-ms-client-request-id": [ "de592c69-3ec7-45cd-b0be-a9251bdb021a" ],
        "CommandName": [ "Remove-AzEventHubPrivateEndpointConnection" ],
        "FullCommandName": [ "Remove-AzEventHubPrivateEndpointConnection_DeleteViaIdentity" ],
        "ParameterSetName": [ "__AllParameterSets" ],
        "User-Agent": [ "AzurePowershell/v0.0.0", "PSVersion/v7.1.3", "Az.EventHub/0.1.0" ]
      },
      "ContentHeaders": {
      }
    },
    "Response": {
      "StatusCode": 200,
      "Headers": {
        "Cache-Control": [ "no-cache" ],
        "Pragma": [ "no-cache" ],
        "x-ms-request-id": [ "eb9a9ab3-b3fb-4ba0-8ce4-132064cec8a1_M10CH3_M10CH3" ],
        "Server-SB": [ "Service-Bus-Resource-Provider/CH3" ],
        "Server": [ "Service-Bus-Resource-Provider/CH3", "Microsoft-HTTPAPI/2.0" ],
        "x-ms-ratelimit-remaining-subscription-reads": [ "11822" ],
        "x-ms-correlation-request-id": [ "d2c2bd85-0542-4343-8c8f-d783a6390a82" ],
        "x-ms-routing-request-id": [ "KOREACENTRAL:20220911T174705Z:d2c2bd85-0542-4343-8c8f-d783a6390a82" ],
        "Strict-Transport-Security": [ "max-age=31536000; includeSubDomains" ],
        "X-Content-Type-Options": [ "nosniff" ],
        "Date": [ "Sun, 11 Sep 2022 17:47:05 GMT" ]
      },
      "ContentHeaders": {
        "Content-Length": [ "468" ],
        "Content-Type": [ "application/json; charset=utf-8" ],
        "Expires": [ "-1" ]
      },
      "Content": "{\"id\":\"/subscriptions/326100e2-f69d-4268-8503-075374f62b6e/resourceGroups/resourceGroupAutorestk3bhao/providers/Microsoft.EventHub/namespaces/namespaceNamezf7q9d/privateEndpointConnections/cca8318c-8d8a-429f-b541-d5519648370c/operationStatus/cca8318c-8d8a-429f-b541-d5519648370c/operationStatus/cca8318c-8d8a-429f-b541-d5519648370c\",\"name\":\"cca8318c-8d8a-429f-b541-d5519648370c\",\"status\":\"Succeeded\",\"startTime\":\"0001-01-01T00:00:00Z\",\"endTime\":\"0001-01-01T00:00:00Z\"}",
      "isContentBase64": false
    }
  },
  "Remove-AzEventHubPrivateEndpointConnection+[NoContext]+DeleteViaIdentity+$GET+https://management.azure.com/subscriptions/326100e2-f69d-4268-8503-075374f62b6e/resourceGroups/resourceGroupAutorestk3bhao/providers/Microsoft.EventHub/namespaces/namespaceNamezf7q9d/privateEndpointConnections/cca8318c-8d8a-429f-b541-d5519648370c?api-version=2022-01-01-preview+4": {
    "Request": {
      "Method": "GET",
      "RequestUri": "https://management.azure.com/subscriptions/326100e2-f69d-4268-8503-075374f62b6e/resourceGroups/resourceGroupAutorestk3bhao/providers/Microsoft.EventHub/namespaces/namespaceNamezf7q9d/privateEndpointConnections/cca8318c-8d8a-429f-b541-d5519648370c?api-version=2022-01-01-preview",
      "Content": null,
      "isContentBase64": false,
      "Headers": {
        "x-ms-unique-id": [ "252" ],
        "x-ms-client-request-id": [ "6ee9f38a-f6d0-4a98-a705-2aa8f1efbb7c" ],
        "CommandName": [ "Get-AzEventHubPrivateEndpointConnection" ],
        "FullCommandName": [ "Get-AzEventHubPrivateEndpointConnection_GetViaIdentity" ],
        "ParameterSetName": [ "__AllParameterSets" ],
        "User-Agent": [ "AzurePowershell/v0.0.0", "PSVersion/v7.1.3", "Az.EventHub/0.1.0" ],
        "Authorization": [ "[Filtered]" ]
      },
      "ContentHeaders": {
      }
    },
    "Response": {
      "StatusCode": 404,
      "Headers": {
        "Cache-Control": [ "no-cache" ],
        "Pragma": [ "no-cache" ],
        "x-ms-request-id": [ "ac061446-42ee-4b0e-b52b-58bfd020ac90_M10CH3_M10CH3" ],
        "Server-SB": [ "Service-Bus-Resource-Provider/CH3" ],
        "Server": [ "Service-Bus-Resource-Provider/CH3", "Microsoft-HTTPAPI/2.0" ],
        "x-ms-ratelimit-remaining-subscription-reads": [ "11821" ],
        "x-ms-correlation-request-id": [ "3cbc5bc2-26f5-45bc-bf78-0b37a71f4cf1" ],
        "x-ms-routing-request-id": [ "KOREACENTRAL:20220911T174706Z:3cbc5bc2-26f5-45bc-bf78-0b37a71f4cf1" ],
        "Strict-Transport-Security": [ "max-age=31536000; includeSubDomains" ],
        "X-Content-Type-Options": [ "nosniff" ],
        "Date": [ "Sun, 11 Sep 2022 17:47:06 GMT" ]
      },
      "ContentHeaders": {
        "Content-Length": [ "169" ],
        "Content-Type": [ "application/json; charset=utf-8" ],
        "Expires": [ "-1" ]
      },
      "Content": "{\"error\":{\"message\":\"The requested resource cca8318c-8d8a-429f-b541-d5519648370c does not exist. CorrelationId: 3cbc5bc2-26f5-45bc-bf78-0b37a71f4cf1\",\"code\":\"NotFound\"}}",
      "isContentBase64": false
    }
  }
}