{
  "Remove-AzEventHubNamespaceV2+[NoContext]+Delete+$PUT+https://management.azure.com/subscriptions/326100e2-f69d-4268-8503-075374f62b6e/resourceGroups/resourceGroupAutorestbexylc/providers/Microsoft.EventHub/namespaces/namespaceV204h6nd?api-version=2022-01-01-preview+1": {
    "Request": {
      "Method": "PUT",
      "RequestUri": "https://management.azure.com/subscriptions/326100e2-f69d-4268-8503-075374f62b6e/resourceGroups/resourceGroupAutorestbexylc/providers/Microsoft.EventHub/namespaces/namespaceV204h6nd?api-version=2022-01-01-preview",
      "Content": "{\n  \"location\": \"eastus\",\n  \"sku\": {\n    \"name\": \"Standard\",\n    \"tier\": \"Standard\"\n  }\n}",
      "isContentBase64": false,
      "Headers": {
      },
      "ContentHeaders": {
        "Content-Type": [ "application/json" ],
        "Content-Length": [ "89" ]
      }
    },
    "Response": {
      "StatusCode": 200,
      "Headers": {
        "Cache-Control": [ "no-cache" ],
        "Pragma": [ "no-cache" ],
        "x-ms-request-id": [ "9823b061-365f-4e55-ac5e-196827f2ca19_M10CH3_M10CH3" ],
        "Server-SB": [ "Service-Bus-Resource-Provider/CH3" ],
        "Server": [ "Service-Bus-Resource-Provider/CH3", "Microsoft-HTTPAPI/2.0" ],
        "x-ms-ratelimit-remaining-subscription-resource-requests": [ "47" ],
        "x-ms-correlation-request-id": [ "579634c3-c4e1-4193-98be-bee464d72cd3" ],
        "x-ms-routing-request-id": [ "KOREACENTRAL:20221125T110648Z:579634c3-c4e1-4193-98be-bee464d72cd3" ],
        "Strict-Transport-Security": [ "max-age=31536000; includeSubDomains" ],
        "X-Content-Type-Options": [ "nosniff" ],
        "Date": [ "Fri, 25 Nov 2022 11:06:47 GMT" ]
      },
      "ContentHeaders": {
        "Content-Length": [ "787" ],
        "Content-Type": [ "application/json; charset=utf-8" ],
        "Expires": [ "-1" ]
      },
      "Content": "{\"sku\":{\"name\":\"Standard\",\"tier\":\"Standard\",\"capacity\":1},\"id\":\"/subscriptions/326100e2-f69d-4268-8503-075374f62b6e/resourceGroups/resourceGroupAutorestbexylc/providers/Microsoft.EventHub/namespaces/namespaceV204h6nd\",\"name\":\"namespaceV204h6nd\",\"type\":\"Microsoft.EventHub/Namespaces\",\"location\":\"East US\",\"tags\":{},\"properties\":{\"minimumTlsVersion\":\"1.2\",\"publicNetworkAccess\":\"Enabled\",\"disableLocalAuth\":false,\"zoneRedundant\":false,\"isAutoInflateEnabled\":false,\"maximumThroughputUnits\":0,\"kafkaEnabled\":true,\"provisioningState\":\"Updating\",\"metricId\":\"326100e2-f69d-4268-8503-075374f62b6e:namespacev204h6nd\",\"createdAt\":\"2022-11-25T10:36:33.927Z\",\"updatedAt\":\"2022-11-25T11:06:46.163Z\",\"serviceBusEndpoint\":\"https://namespaceV204h6nd.servicebus.windows.net:443/\",\"status\":\"Activating\"}}",
      "isContentBase64": false
    }
  },
  "Remove-AzEventHubNamespaceV2+[NoContext]+Delete+$GET+https://management.azure.com/subscriptions/326100e2-f69d-4268-8503-075374f62b6e/resourceGroups/resourceGroupAutorestbexylc/providers/Microsoft.EventHub/namespaces/namespaceV204h6nd?api-version=2022-01-01-preview+2": {
    "Request": {
      "Method": "GET",
      "RequestUri": "https://management.azure.com/subscriptions/326100e2-f69d-4268-8503-075374f62b6e/resourceGroups/resourceGroupAutorestbexylc/providers/Microsoft.EventHub/namespaces/namespaceV204h6nd?api-version=2022-01-01-preview",
      "Content": null,
      "isContentBase64": false,
      "Headers": {
        "Authorization": [ "[Filtered]" ],
        "x-ms-unique-id": [ "206" ],
        "x-ms-client-request-id": [ "b671d6bf-a71c-4d6c-8d2b-0197844a4f9b" ],
        "CommandName": [ "Az.EventHub.private\\New-AzEventHubNamespaceV2_CreateExpanded" ],
        "FullCommandName": [ "New-AzEventHubNamespaceV2_CreateExpanded" ],
        "ParameterSetName": [ "__AllParameterSets" ],
        "User-Agent": [ "AzurePowershell/v0.0.0", "PSVersion/v7.1.3", "Az.EventHub/0.1.0" ]
      },
      "ContentHeaders": {
      }
    },
    "Response": {
      "StatusCode": 200,
      "Headers": {
        "Cache-Control": [ "no-cache" ],
        "Pragma": [ "no-cache" ],
        "x-ms-request-id": [ "30a33fb8-3796-4985-a9c6-09c78585e271_M10CH3_M10CH3" ],
        "Server-SB": [ "Service-Bus-Resource-Provider/CH3" ],
        "Server": [ "Service-Bus-Resource-Provider/CH3", "Microsoft-HTTPAPI/2.0" ],
        "x-ms-ratelimit-remaining-subscription-reads": [ "11842" ],
        "x-ms-correlation-request-id": [ "79e431e3-a9b6-4232-8226-9d76a3a279ac" ],
        "x-ms-routing-request-id": [ "KOREACENTRAL:20221125T110718Z:79e431e3-a9b6-4232-8226-9d76a3a279ac" ],
        "Strict-Transport-Security": [ "max-age=31536000; includeSubDomains" ],
        "X-Content-Type-Options": [ "nosniff" ],
        "Date": [ "Fri, 25 Nov 2022 11:07:17 GMT" ]
      },
      "ContentHeaders": {
        "Content-Length": [ "784" ],
        "Content-Type": [ "application/json; charset=utf-8" ],
        "Expires": [ "-1" ]
      },
      "Content": "{\"sku\":{\"name\":\"Standard\",\"tier\":\"Standard\",\"capacity\":1},\"id\":\"/subscriptions/326100e2-f69d-4268-8503-075374f62b6e/resourceGroups/resourceGroupAutorestbexylc/providers/Microsoft.EventHub/namespaces/namespaceV204h6nd\",\"name\":\"namespaceV204h6nd\",\"type\":\"Microsoft.EventHub/Namespaces\",\"location\":\"East US\",\"tags\":{},\"properties\":{\"minimumTlsVersion\":\"1.2\",\"publicNetworkAccess\":\"Enabled\",\"disableLocalAuth\":false,\"zoneRedundant\":false,\"isAutoInflateEnabled\":false,\"maximumThroughputUnits\":0,\"kafkaEnabled\":true,\"provisioningState\":\"Succeeded\",\"metricId\":\"326100e2-f69d-4268-8503-075374f62b6e:namespacev204h6nd\",\"createdAt\":\"2022-11-25T10:36:33.927Z\",\"updatedAt\":\"2022-11-25T11:06:47.347Z\",\"serviceBusEndpoint\":\"https://namespaceV204h6nd.servicebus.windows.net:443/\",\"status\":\"Active\"}}",
      "isContentBase64": false
    }
  },
  "Remove-AzEventHubNamespaceV2+[NoContext]+Delete+$GET+https://management.azure.com/subscriptions/326100e2-f69d-4268-8503-075374f62b6e/resourceGroups/resourceGroupAutorestbexylc/providers/Microsoft.EventHub/namespaces/namespaceV204h6nd?api-version=2022-01-01-preview+3": {
    "Request": {
      "Method": "GET",
      "RequestUri": "https://management.azure.com/subscriptions/326100e2-f69d-4268-8503-075374f62b6e/resourceGroups/resourceGroupAutorestbexylc/providers/Microsoft.EventHub/namespaces/namespaceV204h6nd?api-version=2022-01-01-preview",
      "Content": null,
      "isContentBase64": false,
      "Headers": {
        "Authorization": [ "[Filtered]" ],
        "x-ms-unique-id": [ "207" ],
        "x-ms-client-request-id": [ "b671d6bf-a71c-4d6c-8d2b-0197844a4f9b" ],
        "CommandName": [ "Az.EventHub.private\\New-AzEventHubNamespaceV2_CreateExpanded" ],
        "FullCommandName": [ "New-AzEventHubNamespaceV2_CreateExpanded" ],
        "ParameterSetName": [ "__AllParameterSets" ],
        "User-Agent": [ "AzurePowershell/v0.0.0", "PSVersion/v7.1.3", "Az.EventHub/0.1.0" ]
      },
      "ContentHeaders": {
      }
    },
    "Response": {
      "StatusCode": 200,
      "Headers": {
        "Cache-Control": [ "no-cache" ],
        "Pragma": [ "no-cache" ],
        "x-ms-request-id": [ "20930411-9eae-4669-bb91-026f58d94f1c_M10CH3_M10CH3" ],
        "Server-SB": [ "Service-Bus-Resource-Provider/CH3" ],
        "Server": [ "Service-Bus-Resource-Provider/CH3", "Microsoft-HTTPAPI/2.0" ],
        "x-ms-ratelimit-remaining-subscription-reads": [ "11841" ],
        "x-ms-correlation-request-id": [ "7e60d55a-bb39-4cf6-aae2-f3d3686aae83" ],
        "x-ms-routing-request-id": [ "KOREACENTRAL:20221125T110719Z:7e60d55a-bb39-4cf6-aae2-f3d3686aae83" ],
        "Strict-Transport-Security": [ "max-age=31536000; includeSubDomains" ],
        "X-Content-Type-Options": [ "nosniff" ],
        "Date": [ "Fri, 25 Nov 2022 11:07:18 GMT" ]
      },
      "ContentHeaders": {
        "Content-Length": [ "784" ],
        "Content-Type": [ "application/json; charset=utf-8" ],
        "Expires": [ "-1" ]
      },
      "Content": "{\"sku\":{\"name\":\"Standard\",\"tier\":\"Standard\",\"capacity\":1},\"id\":\"/subscriptions/326100e2-f69d-4268-8503-075374f62b6e/resourceGroups/resourceGroupAutorestbexylc/providers/Microsoft.EventHub/namespaces/namespaceV204h6nd\",\"name\":\"namespaceV204h6nd\",\"type\":\"Microsoft.EventHub/Namespaces\",\"location\":\"East US\",\"tags\":{},\"properties\":{\"minimumTlsVersion\":\"1.2\",\"publicNetworkAccess\":\"Enabled\",\"disableLocalAuth\":false,\"zoneRedundant\":false,\"isAutoInflateEnabled\":false,\"maximumThroughputUnits\":0,\"kafkaEnabled\":true,\"provisioningState\":\"Succeeded\",\"metricId\":\"326100e2-f69d-4268-8503-075374f62b6e:namespacev204h6nd\",\"createdAt\":\"2022-11-25T10:36:33.927Z\",\"updatedAt\":\"2022-11-25T11:06:47.347Z\",\"serviceBusEndpoint\":\"https://namespaceV204h6nd.servicebus.windows.net:443/\",\"status\":\"Active\"}}",
      "isContentBase64": false
    }
  },
  "Remove-AzEventHubNamespaceV2+[NoContext]+Delete+$DELETE+https://management.azure.com/subscriptions/326100e2-f69d-4268-8503-075374f62b6e/resourceGroups/resourceGroupAutorestbexylc/providers/Microsoft.EventHub/namespaces/namespaceV204h6nd?api-version=2022-01-01-preview+4": {
    "Request": {
      "Method": "DELETE",
      "RequestUri": "https://management.azure.com/subscriptions/326100e2-f69d-4268-8503-075374f62b6e/resourceGroups/resourceGroupAutorestbexylc/providers/Microsoft.EventHub/namespaces/namespaceV204h6nd?api-version=2022-01-01-preview",
      "Content": null,
      "isContentBase64": false,
      "Headers": {
        "x-ms-unique-id": [ "208" ],
        "x-ms-client-request-id": [ "94be553c-3722-4542-9066-3b26d53705cd" ],
        "CommandName": [ "Remove-AzEventHubNamespaceV2" ],
        "FullCommandName": [ "Remove-AzEventHubNamespaceV2_Delete" ],
        "ParameterSetName": [ "__AllParameterSets" ],
        "User-Agent": [ "AzurePowershell/v0.0.0", "PSVersion/v7.1.3", "Az.EventHub/0.1.0" ],
        "Authorization": [ "[Filtered]" ]
      },
      "ContentHeaders": {
      }
    },
    "Response": {
      "StatusCode": 202,
      "Headers": {
        "Cache-Control": [ "no-cache" ],
        "Pragma": [ "no-cache" ],
        "Location": [ "https://management.azure.com/subscriptions/326100e2-f69d-4268-8503-075374f62b6e/resourcegroups/resourceGroupAutorestbexylc/providers/Microsoft.EventHub/locations/eastus/operationStatus/namespaceV204h6nd?api-version=2022-01-01-preview\u0026resourceType=Namespace" ],
        "x-ms-request-id": [ "63d207e2-0b9f-415f-ab1f-9008f458b5a6_M10CH3_M10CH3" ],
        "Server-SB": [ "Service-Bus-Resource-Provider/CH3" ],
        "Server": [ "Service-Bus-Resource-Provider/CH3", "Microsoft-HTTPAPI/2.0" ],
        "x-ms-ratelimit-remaining-subscription-deletes": [ "14989" ],
        "x-ms-correlation-request-id": [ "c4c8a380-1a62-4354-8e48-b90c1ac1f611" ],
        "x-ms-routing-request-id": [ "KOREACENTRAL:20221125T110720Z:c4c8a380-1a62-4354-8e48-b90c1ac1f611" ],
        "Strict-Transport-Security": [ "max-age=31536000; includeSubDomains" ],
        "X-Content-Type-Options": [ "nosniff" ],
        "Date": [ "Fri, 25 Nov 2022 11:07:19 GMT" ]
      },
      "ContentHeaders": {
        "Expires": [ "-1" ],
        "Content-Length": [ "0" ]
      },
      "Content": null,
      "isContentBase64": false
    }
  },
  "Remove-AzEventHubNamespaceV2+[NoContext]+Delete+$GET+https://management.azure.com/subscriptions/326100e2-f69d-4268-8503-075374f62b6e/resourcegroups/resourceGroupAutorestbexylc/providers/Microsoft.EventHub/locations/eastus/operationStatus/namespaceV204h6nd?api-version=2022-01-01-preview\u0026resourceType=Namespace+5": {
    "Request": {
      "Method": "GET",
      "RequestUri": "https://management.azure.com/subscriptions/326100e2-f69d-4268-8503-075374f62b6e/resourcegroups/resourceGroupAutorestbexylc/providers/Microsoft.EventHub/locations/eastus/operationStatus/namespaceV204h6nd?api-version=2022-01-01-preview\u0026resourceType=Namespace",
      "Content": null,
      "isContentBase64": false,
      "Headers": {
        "Authorization": [ "[Filtered]" ],
        "x-ms-unique-id": [ "209" ],
        "x-ms-client-request-id": [ "94be553c-3722-4542-9066-3b26d53705cd" ],
        "CommandName": [ "Remove-AzEventHubNamespaceV2" ],
        "FullCommandName": [ "Remove-AzEventHubNamespaceV2_Delete" ],
        "ParameterSetName": [ "__AllParameterSets" ],
        "User-Agent": [ "AzurePowershell/v0.0.0", "PSVersion/v7.1.3", "Az.EventHub/0.1.0" ]
      },
      "ContentHeaders": {
      }
    },
    "Response": {
      "StatusCode": 204,
      "Headers": {
        "Cache-Control": [ "no-cache" ],
        "Pragma": [ "no-cache" ],
        "x-ms-request-id": [ "7762d1c7-1bda-4843-8c9e-d4a7ee45be93_M2SN1_M2SN1" ],
        "Server-SB": [ "Service-Bus-Resource-Provider/SN1" ],
        "Server": [ "Service-Bus-Resource-Provider/SN1", "Microsoft-HTTPAPI/2.0" ],
        "x-ms-ratelimit-remaining-subscription-reads": [ "11840" ],
        "x-ms-correlation-request-id": [ "c119daa0-780b-40fe-83ee-57c2bd35f0cb" ],
        "x-ms-routing-request-id": [ "KOREACENTRAL:20221125T110751Z:c119daa0-780b-40fe-83ee-57c2bd35f0cb" ],
        "Strict-Transport-Security": [ "max-age=31536000; includeSubDomains" ],
        "X-Content-Type-Options": [ "nosniff" ],
        "Date": [ "Fri, 25 Nov 2022 11:07:50 GMT" ]
      },
      "ContentHeaders": {
        "Expires": [ "-1" ]
      },
      "Content": null,
      "isContentBase64": false
    }
  },
  "Remove-AzEventHubNamespaceV2+[NoContext]+Delete+$GET+https://management.azure.com/subscriptions/326100e2-f69d-4268-8503-075374f62b6e/resourcegroups/resourceGroupAutorestbexylc/providers/Microsoft.EventHub/locations/eastus/operationStatus/namespaceV204h6nd?api-version=2022-01-01-preview\u0026resourceType=Namespace+6": {
    "Request": {
      "Method": "GET",
      "RequestUri": "https://management.azure.com/subscriptions/326100e2-f69d-4268-8503-075374f62b6e/resourcegroups/resourceGroupAutorestbexylc/providers/Microsoft.EventHub/locations/eastus/operationStatus/namespaceV204h6nd?api-version=2022-01-01-preview\u0026resourceType=Namespace",
      "Content": null,
      "isContentBase64": false,
      "Headers": {
        "Authorization": [ "[Filtered]" ],
        "x-ms-unique-id": [ "210" ],
        "x-ms-client-request-id": [ "94be553c-3722-4542-9066-3b26d53705cd" ],
        "CommandName": [ "Remove-AzEventHubNamespaceV2" ],
        "FullCommandName": [ "Remove-AzEventHubNamespaceV2_Delete" ],
        "ParameterSetName": [ "__AllParameterSets" ],
        "User-Agent": [ "AzurePowershell/v0.0.0", "PSVersion/v7.1.3", "Az.EventHub/0.1.0" ]
      },
      "ContentHeaders": {
      }
    },
    "Response": {
      "StatusCode": 204,
      "Headers": {
        "Cache-Control": [ "no-cache" ],
        "Pragma": [ "no-cache" ],
        "x-ms-request-id": [ "affab1e2-c527-41d7-bbe7-e2bc10db0e6e_M2SN1_M2SN1" ],
        "Server-SB": [ "Service-Bus-Resource-Provider/SN1" ],
        "Server": [ "Service-Bus-Resource-Provider/SN1", "Microsoft-HTTPAPI/2.0" ],
        "x-ms-ratelimit-remaining-subscription-reads": [ "11839" ],
        "x-ms-correlation-request-id": [ "c43926f4-5303-4c3e-934e-e466bd9a7e6a" ],
        "x-ms-routing-request-id": [ "KOREACENTRAL:20221125T110751Z:c43926f4-5303-4c3e-934e-e466bd9a7e6a" ],
        "Strict-Transport-Security": [ "max-age=31536000; includeSubDomains" ],
        "X-Content-Type-Options": [ "nosniff" ],
        "Date": [ "Fri, 25 Nov 2022 11:07:50 GMT" ]
      },
      "ContentHeaders": {
        "Expires": [ "-1" ]
      },
      "Content": null,
      "isContentBase64": false
    }
  },
  "Remove-AzEventHubNamespaceV2+[NoContext]+Delete+$GET+https://management.azure.com/subscriptions/326100e2-f69d-4268-8503-075374f62b6e/resourceGroups/resourceGroupAutorestbexylc/providers/Microsoft.EventHub/namespaces/namespaceV204h6nd?api-version=2022-01-01-preview+7": {
    "Request": {
      "Method": "GET",
      "RequestUri": "https://management.azure.com/subscriptions/326100e2-f69d-4268-8503-075374f62b6e/resourceGroups/resourceGroupAutorestbexylc/providers/Microsoft.EventHub/namespaces/namespaceV204h6nd?api-version=2022-01-01-preview",
      "Content": null,
      "isContentBase64": false,
      "Headers": {
        "x-ms-unique-id": [ "211" ],
        "x-ms-client-request-id": [ "bafd5d99-c97e-4b2e-aaf0-a7ae7c84a0e6" ],
        "CommandName": [ "Get-AzEventHubNamespaceV2" ],
        "FullCommandName": [ "Get-AzEventHubNamespaceV2_Get" ],
        "ParameterSetName": [ "__AllParameterSets" ],
        "User-Agent": [ "AzurePowershell/v0.0.0", "PSVersion/v7.1.3", "Az.EventHub/0.1.0" ],
        "Authorization": [ "[Filtered]" ]
      },
      "ContentHeaders": {
      }
    },
    "Response": {
      "StatusCode": 404,
      "Headers": {
        "Cache-Control": [ "no-cache" ],
        "Pragma": [ "no-cache" ],
        "x-ms-request-id": [ "0cc7130c-b31f-4573-97da-57ab5f335f9a_M2SN1_M2SN1" ],
        "Server-SB": [ "Service-Bus-Resource-Provider/SN1" ],
        "Server": [ "Service-Bus-Resource-Provider/SN1", "Microsoft-HTTPAPI/2.0" ],
        "x-ms-ratelimit-remaining-subscription-reads": [ "11838" ],
        "x-ms-correlation-request-id": [ "442cedf4-515a-4f76-a186-cfe14fd68254" ],
        "x-ms-routing-request-id": [ "KOREACENTRAL:20221125T110752Z:442cedf4-515a-4f76-a186-cfe14fd68254" ],
        "Strict-Transport-Security": [ "max-age=31536000; includeSubDomains" ],
        "X-Content-Type-Options": [ "nosniff" ],
        "Date": [ "Fri, 25 Nov 2022 11:07:51 GMT" ]
      },
      "ContentHeaders": {
        "Content-Length": [ "119" ],
        "Content-Type": [ "application/json; charset=utf-8" ],
        "Expires": [ "-1" ]
      },
      "Content": "{\"error\":{\"message\":\"Namespace does not exist. CorrelationId: 442cedf4-515a-4f76-a186-cfe14fd68254\",\"code\":\"NotFound\"}}",
      "isContentBase64": false
    }
  },
  "Remove-AzEventHubNamespaceV2+[NoContext]+DeleteViaIdentity+$PUT+https://management.azure.com/subscriptions/326100e2-f69d-4268-8503-075374f62b6e/resourceGroups/resourceGroupAutorestbexylc/providers/Microsoft.EventHub/namespaces/namespaceV204h6nd?api-version=2022-01-01-preview+1": {
    "Request": {
      "Method": "PUT",
      "RequestUri": "https://management.azure.com/subscriptions/326100e2-f69d-4268-8503-075374f62b6e/resourceGroups/resourceGroupAutorestbexylc/providers/Microsoft.EventHub/namespaces/namespaceV204h6nd?api-version=2022-01-01-preview",
      "Content": "{\n  \"location\": \"eastus\",\n  \"sku\": {\n    \"name\": \"Standard\",\n    \"tier\": \"Standard\"\n  }\n}",
      "isContentBase64": false,
      "Headers": {
      },
      "ContentHeaders": {
        "Content-Type": [ "application/json" ],
        "Content-Length": [ "89" ]
      }
    },
    "Response": {
      "StatusCode": 200,
      "Headers": {
        "Cache-Control": [ "no-cache" ],
        "Pragma": [ "no-cache" ],
        "x-ms-request-id": [ "50d86168-2c80-4164-8d42-5e09d2ee9358_M2SN1_M2SN1" ],
        "Server-SB": [ "Service-Bus-Resource-Provider/SN1" ],
        "Server": [ "Service-Bus-Resource-Provider/SN1", "Microsoft-HTTPAPI/2.0" ],
        "x-ms-ratelimit-remaining-subscription-resource-requests": [ "46" ],
        "x-ms-correlation-request-id": [ "040da731-f364-4a03-967a-37a5eb1b8c80" ],
        "x-ms-routing-request-id": [ "KOREACENTRAL:20221125T110755Z:040da731-f364-4a03-967a-37a5eb1b8c80" ],
        "Strict-Transport-Security": [ "max-age=31536000; includeSubDomains" ],
        "X-Content-Type-Options": [ "nosniff" ],
        "Date": [ "Fri, 25 Nov 2022 11:07:55 GMT" ]
      },
      "ContentHeaders": {
        "Content-Length": [ "786" ],
        "Content-Type": [ "application/json; charset=utf-8" ],
        "Expires": [ "-1" ]
      },
      "Content": "{\"sku\":{\"name\":\"Standard\",\"tier\":\"Standard\",\"capacity\":1},\"id\":\"/subscriptions/326100e2-f69d-4268-8503-075374f62b6e/resourceGroups/resourceGroupAutorestbexylc/providers/Microsoft.EventHub/namespaces/namespaceV204h6nd\",\"name\":\"namespaceV204h6nd\",\"type\":\"Microsoft.EventHub/Namespaces\",\"location\":\"East US\",\"tags\":{},\"properties\":{\"minimumTlsVersion\":\"1.2\",\"publicNetworkAccess\":\"Enabled\",\"disableLocalAuth\":false,\"zoneRedundant\":false,\"isAutoInflateEnabled\":false,\"maximumThroughputUnits\":0,\"kafkaEnabled\":true,\"provisioningState\":\"Created\",\"metricId\":\"326100e2-f69d-4268-8503-075374f62b6e:namespacev204h6nd\",\"createdAt\":\"2022-11-25T11:07:53.713Z\",\"updatedAt\":\"2022-11-25T11:07:53.713Z\",\"serviceBusEndpoint\":\"https://namespaceV204h6nd.servicebus.windows.net:443/\",\"status\":\"Activating\"}}",
      "isContentBase64": false
    }
  },
  "Remove-AzEventHubNamespaceV2+[NoContext]+DeleteViaIdentity+$GET+https://management.azure.com/subscriptions/326100e2-f69d-4268-8503-075374f62b6e/resourceGroups/resourceGroupAutorestbexylc/providers/Microsoft.EventHub/namespaces/namespaceV204h6nd?api-version=2022-01-01-preview+2": {
    "Request": {
      "Method": "GET",
      "RequestUri": "https://management.azure.com/subscriptions/326100e2-f69d-4268-8503-075374f62b6e/resourceGroups/resourceGroupAutorestbexylc/providers/Microsoft.EventHub/namespaces/namespaceV204h6nd?api-version=2022-01-01-preview",
      "Content": null,
      "isContentBase64": false,
      "Headers": {
        "Authorization": [ "[Filtered]" ],
        "x-ms-unique-id": [ "213" ],
        "x-ms-client-request-id": [ "e131fd94-f820-4fe3-943b-f30ae81aa9c2" ],
        "CommandName": [ "Az.EventHub.private\\New-AzEventHubNamespaceV2_CreateExpanded" ],
        "FullCommandName": [ "New-AzEventHubNamespaceV2_CreateExpanded" ],
        "ParameterSetName": [ "__AllParameterSets" ],
        "User-Agent": [ "AzurePowershell/v0.0.0", "PSVersion/v7.1.3", "Az.EventHub/0.1.0" ]
      },
      "ContentHeaders": {
      }
    },
    "Response": {
      "StatusCode": 200,
      "Headers": {
        "Cache-Control": [ "no-cache" ],
        "Pragma": [ "no-cache" ],
        "x-ms-request-id": [ "fe62dea7-5cf7-450e-95e0-73ebbedecc18_M2SN1_M2SN1" ],
        "Server-SB": [ "Service-Bus-Resource-Provider/SN1" ],
        "Server": [ "Service-Bus-Resource-Provider/SN1", "Microsoft-HTTPAPI/2.0" ],
        "x-ms-ratelimit-remaining-subscription-reads": [ "11837" ],
        "x-ms-correlation-request-id": [ "93472def-ee9b-436f-93dd-20c34a6dfb43" ],
        "x-ms-routing-request-id": [ "KOREACENTRAL:20221125T110826Z:93472def-ee9b-436f-93dd-20c34a6dfb43" ],
        "Strict-Transport-Security": [ "max-age=31536000; includeSubDomains" ],
        "X-Content-Type-Options": [ "nosniff" ],
        "Date": [ "Fri, 25 Nov 2022 11:08:26 GMT" ]
      },
      "ContentHeaders": {
        "Content-Length": [ "786" ],
        "Content-Type": [ "application/json; charset=utf-8" ],
        "Expires": [ "-1" ]
      },
      "Content": "{\"sku\":{\"name\":\"Standard\",\"tier\":\"Standard\",\"capacity\":1},\"id\":\"/subscriptions/326100e2-f69d-4268-8503-075374f62b6e/resourceGroups/resourceGroupAutorestbexylc/providers/Microsoft.EventHub/namespaces/namespaceV204h6nd\",\"name\":\"namespaceV204h6nd\",\"type\":\"Microsoft.EventHub/Namespaces\",\"location\":\"East US\",\"tags\":{},\"properties\":{\"minimumTlsVersion\":\"1.2\",\"publicNetworkAccess\":\"Enabled\",\"disableLocalAuth\":false,\"zoneRedundant\":false,\"isAutoInflateEnabled\":false,\"maximumThroughputUnits\":0,\"kafkaEnabled\":true,\"provisioningState\":\"Created\",\"metricId\":\"326100e2-f69d-4268-8503-075374f62b6e:namespacev204h6nd\",\"createdAt\":\"2022-11-25T11:07:53.713Z\",\"updatedAt\":\"2022-11-25T11:07:53.713Z\",\"serviceBusEndpoint\":\"https://namespaceV204h6nd.servicebus.windows.net:443/\",\"status\":\"Activating\"}}",
      "isContentBase64": false
    }
  },
  "Remove-AzEventHubNamespaceV2+[NoContext]+DeleteViaIdentity+$GET+https://management.azure.com/subscriptions/326100e2-f69d-4268-8503-075374f62b6e/resourceGroups/resourceGroupAutorestbexylc/providers/Microsoft.EventHub/namespaces/namespaceV204h6nd?api-version=2022-01-01-preview+3": {
    "Request": {
      "Method": "GET",
      "RequestUri": "https://management.azure.com/subscriptions/326100e2-f69d-4268-8503-075374f62b6e/resourceGroups/resourceGroupAutorestbexylc/providers/Microsoft.EventHub/namespaces/namespaceV204h6nd?api-version=2022-01-01-preview",
      "Content": null,
      "isContentBase64": false,
      "Headers": {
        "Authorization": [ "[Filtered]" ],
        "x-ms-unique-id": [ "214" ],
        "x-ms-client-request-id": [ "e131fd94-f820-4fe3-943b-f30ae81aa9c2" ],
        "CommandName": [ "Az.EventHub.private\\New-AzEventHubNamespaceV2_CreateExpanded" ],
        "FullCommandName": [ "New-AzEventHubNamespaceV2_CreateExpanded" ],
        "ParameterSetName": [ "__AllParameterSets" ],
        "User-Agent": [ "AzurePowershell/v0.0.0", "PSVersion/v7.1.3", "Az.EventHub/0.1.0" ]
      },
      "ContentHeaders": {
      }
    },
    "Response": {
      "StatusCode": 200,
      "Headers": {
        "Cache-Control": [ "no-cache" ],
        "Pragma": [ "no-cache" ],
        "x-ms-request-id": [ "b43fe4ba-87b7-43b4-b293-89c60aa3e4ab_M2SN1_M2SN1" ],
        "Server-SB": [ "Service-Bus-Resource-Provider/SN1" ],
        "Server": [ "Service-Bus-Resource-Provider/SN1", "Microsoft-HTTPAPI/2.0" ],
        "x-ms-ratelimit-remaining-subscription-reads": [ "11836" ],
        "x-ms-correlation-request-id": [ "c6851879-9d15-450d-94c5-0719e0da78bb" ],
        "x-ms-routing-request-id": [ "KOREACENTRAL:20221125T110856Z:c6851879-9d15-450d-94c5-0719e0da78bb" ],
        "Strict-Transport-Security": [ "max-age=31536000; includeSubDomains" ],
        "X-Content-Type-Options": [ "nosniff" ],
        "Date": [ "Fri, 25 Nov 2022 11:08:56 GMT" ]
      },
      "ContentHeaders": {
        "Content-Length": [ "784" ],
        "Content-Type": [ "application/json; charset=utf-8" ],
        "Expires": [ "-1" ]
      },
      "Content": "{\"sku\":{\"name\":\"Standard\",\"tier\":\"Standard\",\"capacity\":1},\"id\":\"/subscriptions/326100e2-f69d-4268-8503-075374f62b6e/resourceGroups/resourceGroupAutorestbexylc/providers/Microsoft.EventHub/namespaces/namespaceV204h6nd\",\"name\":\"namespaceV204h6nd\",\"type\":\"Microsoft.EventHub/Namespaces\",\"location\":\"East US\",\"tags\":{},\"properties\":{\"minimumTlsVersion\":\"1.2\",\"publicNetworkAccess\":\"Enabled\",\"disableLocalAuth\":false,\"zoneRedundant\":false,\"isAutoInflateEnabled\":false,\"maximumThroughputUnits\":0,\"kafkaEnabled\":true,\"provisioningState\":\"Succeeded\",\"metricId\":\"326100e2-f69d-4268-8503-075374f62b6e:namespacev204h6nd\",\"createdAt\":\"2022-11-25T11:07:53.713Z\",\"updatedAt\":\"2022-11-25T11:08:42.027Z\",\"serviceBusEndpoint\":\"https://namespaceV204h6nd.servicebus.windows.net:443/\",\"status\":\"Active\"}}",
      "isContentBase64": false
    }
  },
  "Remove-AzEventHubNamespaceV2+[NoContext]+DeleteViaIdentity+$GET+https://management.azure.com/subscriptions/326100e2-f69d-4268-8503-075374f62b6e/resourceGroups/resourceGroupAutorestbexylc/providers/Microsoft.EventHub/namespaces/namespaceV204h6nd?api-version=2022-01-01-preview+4": {
    "Request": {
      "Method": "GET",
      "RequestUri": "https://management.azure.com/subscriptions/326100e2-f69d-4268-8503-075374f62b6e/resourceGroups/resourceGroupAutorestbexylc/providers/Microsoft.EventHub/namespaces/namespaceV204h6nd?api-version=2022-01-01-preview",
      "Content": null,
      "isContentBase64": false,
      "Headers": {
        "Authorization": [ "[Filtered]" ],
        "x-ms-unique-id": [ "215" ],
        "x-ms-client-request-id": [ "e131fd94-f820-4fe3-943b-f30ae81aa9c2" ],
        "CommandName": [ "Az.EventHub.private\\New-AzEventHubNamespaceV2_CreateExpanded" ],
        "FullCommandName": [ "New-AzEventHubNamespaceV2_CreateExpanded" ],
        "ParameterSetName": [ "__AllParameterSets" ],
        "User-Agent": [ "AzurePowershell/v0.0.0", "PSVersion/v7.1.3", "Az.EventHub/0.1.0" ]
      },
      "ContentHeaders": {
      }
    },
    "Response": {
      "StatusCode": 200,
      "Headers": {
        "Cache-Control": [ "no-cache" ],
        "Pragma": [ "no-cache" ],
        "x-ms-request-id": [ "4f36ca33-ba0d-49a6-a924-645dc91dfe71_M2SN1_M2SN1" ],
        "Server-SB": [ "Service-Bus-Resource-Provider/SN1" ],
        "Server": [ "Service-Bus-Resource-Provider/SN1", "Microsoft-HTTPAPI/2.0" ],
        "x-ms-ratelimit-remaining-subscription-reads": [ "11835" ],
        "x-ms-correlation-request-id": [ "38b4f1ed-4d5b-41a8-9f0b-b1a4f28e3775" ],
        "x-ms-routing-request-id": [ "KOREACENTRAL:20221125T110857Z:38b4f1ed-4d5b-41a8-9f0b-b1a4f28e3775" ],
        "Strict-Transport-Security": [ "max-age=31536000; includeSubDomains" ],
        "X-Content-Type-Options": [ "nosniff" ],
        "Date": [ "Fri, 25 Nov 2022 11:08:57 GMT" ]
      },
      "ContentHeaders": {
        "Content-Length": [ "784" ],
        "Content-Type": [ "application/json; charset=utf-8" ],
        "Expires": [ "-1" ]
      },
      "Content": "{\"sku\":{\"name\":\"Standard\",\"tier\":\"Standard\",\"capacity\":1},\"id\":\"/subscriptions/326100e2-f69d-4268-8503-075374f62b6e/resourceGroups/resourceGroupAutorestbexylc/providers/Microsoft.EventHub/namespaces/namespaceV204h6nd\",\"name\":\"namespaceV204h6nd\",\"type\":\"Microsoft.EventHub/Namespaces\",\"location\":\"East US\",\"tags\":{},\"properties\":{\"minimumTlsVersion\":\"1.2\",\"publicNetworkAccess\":\"Enabled\",\"disableLocalAuth\":false,\"zoneRedundant\":false,\"isAutoInflateEnabled\":false,\"maximumThroughputUnits\":0,\"kafkaEnabled\":true,\"provisioningState\":\"Succeeded\",\"metricId\":\"326100e2-f69d-4268-8503-075374f62b6e:namespacev204h6nd\",\"createdAt\":\"2022-11-25T11:07:53.713Z\",\"updatedAt\":\"2022-11-25T11:08:42.027Z\",\"serviceBusEndpoint\":\"https://namespaceV204h6nd.servicebus.windows.net:443/\",\"status\":\"Active\"}}",
      "isContentBase64": false
    }
  },
  "Remove-AzEventHubNamespaceV2+[NoContext]+DeleteViaIdentity+$DELETE+https://management.azure.com/subscriptions/326100e2-f69d-4268-8503-075374f62b6e/resourceGroups/resourceGroupAutorestbexylc/providers/Microsoft.EventHub/namespaces/namespaceV204h6nd?api-version=2022-01-01-preview+5": {
    "Request": {
      "Method": "DELETE",
      "RequestUri": "https://management.azure.com/subscriptions/326100e2-f69d-4268-8503-075374f62b6e/resourceGroups/resourceGroupAutorestbexylc/providers/Microsoft.EventHub/namespaces/namespaceV204h6nd?api-version=2022-01-01-preview",
      "Content": null,
      "isContentBase64": false,
      "Headers": {
        "x-ms-unique-id": [ "216" ],
        "x-ms-client-request-id": [ "1ca96e22-e536-41d2-9215-ad0542d2b4e0" ],
        "CommandName": [ "Remove-AzEventHubNamespaceV2" ],
        "FullCommandName": [ "Remove-AzEventHubNamespaceV2_DeleteViaIdentity" ],
        "ParameterSetName": [ "__AllParameterSets" ],
        "User-Agent": [ "AzurePowershell/v0.0.0", "PSVersion/v7.1.3", "Az.EventHub/0.1.0" ],
        "Authorization": [ "[Filtered]" ]
      },
      "ContentHeaders": {
      }
    },
    "Response": {
      "StatusCode": 202,
      "Headers": {
        "Cache-Control": [ "no-cache" ],
        "Pragma": [ "no-cache" ],
        "Location": [ "https://management.azure.com/subscriptions/326100e2-f69d-4268-8503-075374f62b6e/resourcegroups/resourceGroupAutorestbexylc/providers/Microsoft.EventHub/locations/eastus/operationStatus/namespaceV204h6nd?api-version=2022-01-01-preview\u0026resourceType=Namespace" ],
        "x-ms-request-id": [ "30d0478a-c3d9-460e-ae42-c025ffede426_M2SN1_M2SN1" ],
        "Server-SB": [ "Service-Bus-Resource-Provider/SN1" ],
        "Server": [ "Service-Bus-Resource-Provider/SN1", "Microsoft-HTTPAPI/2.0" ],
        "x-ms-ratelimit-remaining-subscription-deletes": [ "14988" ],
        "x-ms-correlation-request-id": [ "c1473578-72b2-4897-8edf-77f0b8e1356c" ],
        "x-ms-routing-request-id": [ "KOREACENTRAL:20221125T110859Z:c1473578-72b2-4897-8edf-77f0b8e1356c" ],
        "Strict-Transport-Security": [ "max-age=31536000; includeSubDomains" ],
        "X-Content-Type-Options": [ "nosniff" ],
        "Date": [ "Fri, 25 Nov 2022 11:08:59 GMT" ]
      },
      "ContentHeaders": {
        "Expires": [ "-1" ],
        "Content-Length": [ "0" ]
      },
      "Content": null,
      "isContentBase64": false
    }
  },
  "Remove-AzEventHubNamespaceV2+[NoContext]+DeleteViaIdentity+$GET+https://management.azure.com/subscriptions/326100e2-f69d-4268-8503-075374f62b6e/resourcegroups/resourceGroupAutorestbexylc/providers/Microsoft.EventHub/locations/eastus/operationStatus/namespaceV204h6nd?api-version=2022-01-01-preview\u0026resourceType=Namespace+6": {
    "Request": {
      "Method": "GET",
      "RequestUri": "https://management.azure.com/subscriptions/326100e2-f69d-4268-8503-075374f62b6e/resourcegroups/resourceGroupAutorestbexylc/providers/Microsoft.EventHub/locations/eastus/operationStatus/namespaceV204h6nd?api-version=2022-01-01-preview\u0026resourceType=Namespace",
      "Content": null,
      "isContentBase64": false,
      "Headers": {
        "Authorization": [ "[Filtered]" ],
        "x-ms-unique-id": [ "217" ],
        "x-ms-client-request-id": [ "1ca96e22-e536-41d2-9215-ad0542d2b4e0" ],
        "CommandName": [ "Remove-AzEventHubNamespaceV2" ],
        "FullCommandName": [ "Remove-AzEventHubNamespaceV2_DeleteViaIdentity" ],
        "ParameterSetName": [ "__AllParameterSets" ],
        "User-Agent": [ "AzurePowershell/v0.0.0", "PSVersion/v7.1.3", "Az.EventHub/0.1.0" ]
      },
      "ContentHeaders": {
      }
    },
    "Response": {
      "StatusCode": 204,
      "Headers": {
        "Cache-Control": [ "no-cache" ],
        "Pragma": [ "no-cache" ],
        "x-ms-request-id": [ "85d1c7fb-5b09-4a49-bf24-f3a7c135e21a_M2SN1_M2SN1" ],
        "Server-SB": [ "Service-Bus-Resource-Provider/SN1" ],
        "Server": [ "Service-Bus-Resource-Provider/SN1", "Microsoft-HTTPAPI/2.0" ],
        "x-ms-ratelimit-remaining-subscription-reads": [ "11834" ],
        "x-ms-correlation-request-id": [ "26cd655b-335e-4694-a2ab-6e1edcaf0cfe" ],
        "x-ms-routing-request-id": [ "KOREACENTRAL:20221125T110929Z:26cd655b-335e-4694-a2ab-6e1edcaf0cfe" ],
        "Strict-Transport-Security": [ "max-age=31536000; includeSubDomains" ],
        "X-Content-Type-Options": [ "nosniff" ],
        "Date": [ "Fri, 25 Nov 2022 11:09:29 GMT" ]
      },
      "ContentHeaders": {
        "Expires": [ "-1" ]
      },
      "Content": null,
      "isContentBase64": false
    }
  },
  "Remove-AzEventHubNamespaceV2+[NoContext]+DeleteViaIdentity+$GET+https://management.azure.com/subscriptions/326100e2-f69d-4268-8503-075374f62b6e/resourcegroups/resourceGroupAutorestbexylc/providers/Microsoft.EventHub/locations/eastus/operationStatus/namespaceV204h6nd?api-version=2022-01-01-preview\u0026resourceType=Namespace+7": {
    "Request": {
      "Method": "GET",
      "RequestUri": "https://management.azure.com/subscriptions/326100e2-f69d-4268-8503-075374f62b6e/resourcegroups/resourceGroupAutorestbexylc/providers/Microsoft.EventHub/locations/eastus/operationStatus/namespaceV204h6nd?api-version=2022-01-01-preview\u0026resourceType=Namespace",
      "Content": null,
      "isContentBase64": false,
      "Headers": {
        "Authorization": [ "[Filtered]" ],
        "x-ms-unique-id": [ "218" ],
        "x-ms-client-request-id": [ "1ca96e22-e536-41d2-9215-ad0542d2b4e0" ],
        "CommandName": [ "Remove-AzEventHubNamespaceV2" ],
        "FullCommandName": [ "Remove-AzEventHubNamespaceV2_DeleteViaIdentity" ],
        "ParameterSetName": [ "__AllParameterSets" ],
        "User-Agent": [ "AzurePowershell/v0.0.0", "PSVersion/v7.1.3", "Az.EventHub/0.1.0" ]
      },
      "ContentHeaders": {
      }
    },
    "Response": {
      "StatusCode": 204,
      "Headers": {
        "Cache-Control": [ "no-cache" ],
        "Pragma": [ "no-cache" ],
        "x-ms-request-id": [ "05185147-38d8-42e7-9e3d-80d22983b223_M2SN1_M2SN1" ],
        "Server-SB": [ "Service-Bus-Resource-Provider/SN1" ],
        "Server": [ "Service-Bus-Resource-Provider/SN1", "Microsoft-HTTPAPI/2.0" ],
        "x-ms-ratelimit-remaining-subscription-reads": [ "11833" ],
        "x-ms-correlation-request-id": [ "4dc329a8-1af7-437c-8ebf-dfdeafc9aae2" ],
        "x-ms-routing-request-id": [ "KOREACENTRAL:20221125T110930Z:4dc329a8-1af7-437c-8ebf-dfdeafc9aae2" ],
        "Strict-Transport-Security": [ "max-age=31536000; includeSubDomains" ],
        "X-Content-Type-Options": [ "nosniff" ],
        "Date": [ "Fri, 25 Nov 2022 11:09:29 GMT" ]
      },
      "ContentHeaders": {
        "Expires": [ "-1" ]
      },
      "Content": null,
      "isContentBase64": false
    }
  },
  "Remove-AzEventHubNamespaceV2+[NoContext]+DeleteViaIdentity+$GET+https://management.azure.com/subscriptions/326100e2-f69d-4268-8503-075374f62b6e/resourceGroups/resourceGroupAutorestbexylc/providers/Microsoft.EventHub/namespaces/namespaceV204h6nd?api-version=2022-01-01-preview+8": {
    "Request": {
      "Method": "GET",
      "RequestUri": "https://management.azure.com/subscriptions/326100e2-f69d-4268-8503-075374f62b6e/resourceGroups/resourceGroupAutorestbexylc/providers/Microsoft.EventHub/namespaces/namespaceV204h6nd?api-version=2022-01-01-preview",
      "Content": null,
      "isContentBase64": false,
      "Headers": {
        "x-ms-unique-id": [ "219" ],
        "x-ms-client-request-id": [ "ea3705af-3216-4c23-9568-8ed6249e20d2" ],
        "CommandName": [ "Get-AzEventHubNamespaceV2" ],
        "FullCommandName": [ "Get-AzEventHubNamespaceV2_GetViaIdentity" ],
        "ParameterSetName": [ "__AllParameterSets" ],
        "User-Agent": [ "AzurePowershell/v0.0.0", "PSVersion/v7.1.3", "Az.EventHub/0.1.0" ],
        "Authorization": [ "[Filtered]" ]
      },
      "ContentHeaders": {
      }
    },
    "Response": {
      "StatusCode": 404,
      "Headers": {
        "Cache-Control": [ "no-cache" ],
        "Pragma": [ "no-cache" ],
        "x-ms-request-id": [ "ca55558a-c001-42f1-86ea-415006b66cfb_M2SN1_M2SN1" ],
        "Server-SB": [ "Service-Bus-Resource-Provider/SN1" ],
        "Server": [ "Service-Bus-Resource-Provider/SN1", "Microsoft-HTTPAPI/2.0" ],
        "x-ms-ratelimit-remaining-subscription-reads": [ "11832" ],
        "x-ms-correlation-request-id": [ "5a2f81d2-1a00-4875-9ed3-82bbfd494fc7" ],
        "x-ms-routing-request-id": [ "KOREACENTRAL:20221125T110931Z:5a2f81d2-1a00-4875-9ed3-82bbfd494fc7" ],
        "Strict-Transport-Security": [ "max-age=31536000; includeSubDomains" ],
        "X-Content-Type-Options": [ "nosniff" ],
        "Date": [ "Fri, 25 Nov 2022 11:09:30 GMT" ]
      },
      "ContentHeaders": {
        "Content-Length": [ "119" ],
        "Content-Type": [ "application/json; charset=utf-8" ],
        "Expires": [ "-1" ]
      },
      "Content": "{\"error\":{\"message\":\"Namespace does not exist. CorrelationId: 5a2f81d2-1a00-4875-9ed3-82bbfd494fc7\",\"code\":\"NotFound\"}}",
      "isContentBase64": false
    }
  }
}