{
  "Remove-AzEventHubConsumerGroup+[NoContext]+Delete+$PUT+https://management.azure.com/subscriptions/326100e2-f69d-4268-8503-075374f62b6e/resourceGroups/resourceGroupAutorestxq9rwk/providers/Microsoft.EventHub/namespaces/namespaceNameiv2whs/eventhubs/eventHub7dk1q6/consumergroups/consumerGroup?api-version=2022-01-01-preview+1": {
    "Request": {
      "Method": "PUT",
      "RequestUri": "https://management.azure.com/subscriptions/326100e2-f69d-4268-8503-075374f62b6e/resourceGroups/resourceGroupAutorestxq9rwk/providers/Microsoft.EventHub/namespaces/namespaceNameiv2whs/eventhubs/eventHub7dk1q6/consumergroups/consumerGroup?api-version=2022-01-01-preview",
      "Content": "{\n}",
      "isContentBase64": false,
      "Headers": {
      },
      "ContentHeaders": {
        "Content-Type": [ "application/json" ],
        "Content-Length": [ "3" ]
      }
    },
    "Response": {
      "StatusCode": 200,
      "Headers": {
        "Cache-Control": [ "no-cache" ],
        "Pragma": [ "no-cache" ],
        "Server": [ "Microsoft-HTTPAPI/2.0" ],
        "x-ms-ratelimit-remaining-subscription-writes": [ "1179" ],
        "x-ms-request-id": [ "3860ea17-b1fd-4e75-8b4e-b639d873781c" ],
        "x-ms-correlation-request-id": [ "3860ea17-b1fd-4e75-8b4e-b639d873781c" ],
        "x-ms-routing-request-id": [ "KOREACENTRAL:20221124T115154Z:3860ea17-b1fd-4e75-8b4e-b639d873781c" ],
        "Strict-Transport-Security": [ "max-age=31536000; includeSubDomains" ],
        "X-Content-Type-Options": [ "nosniff" ],
        "Date": [ "Thu, 24 Nov 2022 11:51:54 GMT" ]
      },
      "ContentHeaders": {
        "Content-Length": [ "425" ],
        "Content-Type": [ "application/json; charset=utf-8" ],
        "Expires": [ "-1" ]
      },
      "Content": "{\"id\":\"/subscriptions/326100e2-f69d-4268-8503-075374f62b6e/resourceGroups/resourceGroupAutorestxq9rwk/providers/Microsoft.EventHub/namespaces/namespaceNameiv2whs/eventhubs/eventHub7dk1q6/consumergroups/consumerGroup\",\"name\":\"consumerGroup\",\"type\":\"Microsoft.EventHub/namespaces/eventhubs/consumergroups\",\"location\":\"eastus\",\"properties\":{\"createdAt\":\"2022-11-24T11:51:54.3069352Z\",\"updatedAt\":\"2022-11-24T11:51:54.3069352Z\"}}",
      "isContentBase64": false
    }
  },
  "Remove-AzEventHubConsumerGroup+[NoContext]+Delete+$DELETE+https://management.azure.com/subscriptions/326100e2-f69d-4268-8503-075374f62b6e/resourceGroups/resourceGroupAutorestxq9rwk/providers/Microsoft.EventHub/namespaces/namespaceNameiv2whs/eventhubs/eventHub7dk1q6/consumergroups/consumerGroup?api-version=2022-01-01-preview+2": {
    "Request": {
      "Method": "DELETE",
      "RequestUri": "https://management.azure.com/subscriptions/326100e2-f69d-4268-8503-075374f62b6e/resourceGroups/resourceGroupAutorestxq9rwk/providers/Microsoft.EventHub/namespaces/namespaceNameiv2whs/eventhubs/eventHub7dk1q6/consumergroups/consumerGroup?api-version=2022-01-01-preview",
      "Content": null,
      "isContentBase64": false,
      "Headers": {
        "x-ms-unique-id": [ "200" ],
        "x-ms-client-request-id": [ "6ca572ef-cf40-4d0a-bbf1-7cadb33f56df" ],
        "CommandName": [ "Remove-AzEventHubConsumerGroup" ],
        "FullCommandName": [ "Remove-AzEventHubConsumerGroup_Delete" ],
        "ParameterSetName": [ "__AllParameterSets" ],
        "User-Agent": [ "AzurePowershell/v0.0.0", "PSVersion/v7.1.3", "Az.EventHub/0.1.0" ],
        "Authorization": [ "[Filtered]" ]
      },
      "ContentHeaders": {
      }
    },
    "Response": {
      "StatusCode": 200,
      "Headers": {
        "Cache-Control": [ "no-cache" ],
        "Pragma": [ "no-cache" ],
        "Server": [ "Microsoft-HTTPAPI/2.0" ],
        "x-ms-ratelimit-remaining-subscription-deletes": [ "14991" ],
        "x-ms-request-id": [ "ab9c0a15-a0d2-42f9-9f04-5e5bbf26cfaa" ],
        "x-ms-correlation-request-id": [ "ab9c0a15-a0d2-42f9-9f04-5e5bbf26cfaa" ],
        "x-ms-routing-request-id": [ "KOREACENTRAL:20221124T115155Z:ab9c0a15-a0d2-42f9-9f04-5e5bbf26cfaa" ],
        "Strict-Transport-Security": [ "max-age=31536000; includeSubDomains" ],
        "X-Content-Type-Options": [ "nosniff" ],
        "Date": [ "Thu, 24 Nov 2022 11:51:55 GMT" ]
      },
      "ContentHeaders": {
        "Expires": [ "-1" ],
        "Content-Length": [ "0" ]
      },
      "Content": null,
      "isContentBase64": false
    }
  },
  "Remove-AzEventHubConsumerGroup+[NoContext]+Delete+$GET+https://management.azure.com/subscriptions/326100e2-f69d-4268-8503-075374f62b6e/resourceGroups/resourceGroupAutorestxq9rwk/providers/Microsoft.EventHub/namespaces/namespaceNameiv2whs/eventhubs/eventHub7dk1q6/consumergroups/consumerGroup?api-version=2022-01-01-preview+3": {
    "Request": {
      "Method": "GET",
      "RequestUri": "https://management.azure.com/subscriptions/326100e2-f69d-4268-8503-075374f62b6e/resourceGroups/resourceGroupAutorestxq9rwk/providers/Microsoft.EventHub/namespaces/namespaceNameiv2whs/eventhubs/eventHub7dk1q6/consumergroups/consumerGroup?api-version=2022-01-01-preview",
      "Content": null,
      "isContentBase64": false,
      "Headers": {
        "x-ms-unique-id": [ "201" ],
        "x-ms-client-request-id": [ "233d5270-f12c-4120-b3f4-4ee41fca9980" ],
        "CommandName": [ "Get-AzEventHubConsumerGroup" ],
        "FullCommandName": [ "Get-AzEventHubConsumerGroup_Get" ],
        "ParameterSetName": [ "__AllParameterSets" ],
        "User-Agent": [ "AzurePowershell/v0.0.0", "PSVersion/v7.1.3", "Az.EventHub/0.1.0" ],
        "Authorization": [ "[Filtered]" ]
      },
      "ContentHeaders": {
      }
    },
    "Response": {
      "StatusCode": 404,
      "Headers": {
        "Cache-Control": [ "no-cache" ],
        "Pragma": [ "no-cache" ],
        "Server": [ "Microsoft-HTTPAPI/2.0" ],
        "x-ms-ratelimit-remaining-subscription-reads": [ "11867" ],
        "x-ms-request-id": [ "c21fcff3-e1bd-4a20-8eb8-faeadaf65e11" ],
        "x-ms-correlation-request-id": [ "c21fcff3-e1bd-4a20-8eb8-faeadaf65e11" ],
        "x-ms-routing-request-id": [ "KOREACENTRAL:20221124T115157Z:c21fcff3-e1bd-4a20-8eb8-faeadaf65e11" ],
        "Strict-Transport-Security": [ "max-age=31536000; includeSubDomains" ],
        "X-Content-Type-Options": [ "nosniff" ],
        "Date": [ "Thu, 24 Nov 2022 11:51:56 GMT" ]
      },
      "ContentHeaders": {
        "Content-Length": [ "84" ],
        "Content-Type": [ "application/json" ],
        "Expires": [ "-1" ]
      },
      "Content": "{\"error\":{\"code\":\"ConsumerGroupNotFound\",\"message\":\"Consumer Group does not exist\"}}",
      "isContentBase64": false
    }
  },
  "Remove-AzEventHubConsumerGroup+[NoContext]+DeleteViaIdentity+$PUT+https://management.azure.com/subscriptions/326100e2-f69d-4268-8503-075374f62b6e/resourceGroups/resourceGroupAutorestxq9rwk/providers/Microsoft.EventHub/namespaces/namespaceNameiv2whs/eventhubs/eventHub7dk1q6/consumergroups/consumerGroup?api-version=2022-01-01-preview+1": {
    "Request": {
      "Method": "PUT",
      "RequestUri": "https://management.azure.com/subscriptions/326100e2-f69d-4268-8503-075374f62b6e/resourceGroups/resourceGroupAutorestxq9rwk/providers/Microsoft.EventHub/namespaces/namespaceNameiv2whs/eventhubs/eventHub7dk1q6/consumergroups/consumerGroup?api-version=2022-01-01-preview",
      "Content": "{\n}",
      "isContentBase64": false,
      "Headers": {
      },
      "ContentHeaders": {
        "Content-Type": [ "application/json" ],
        "Content-Length": [ "3" ]
      }
    },
    "Response": {
      "StatusCode": 200,
      "Headers": {
        "Cache-Control": [ "no-cache" ],
        "Pragma": [ "no-cache" ],
        "Server": [ "Microsoft-HTTPAPI/2.0" ],
        "x-ms-ratelimit-remaining-subscription-writes": [ "1178" ],
        "x-ms-request-id": [ "00651272-7576-4bfc-ae80-5994432eed19" ],
        "x-ms-correlation-request-id": [ "00651272-7576-4bfc-ae80-5994432eed19" ],
        "x-ms-routing-request-id": [ "KOREACENTRAL:20221124T115158Z:00651272-7576-4bfc-ae80-5994432eed19" ],
        "Strict-Transport-Security": [ "max-age=31536000; includeSubDomains" ],
        "X-Content-Type-Options": [ "nosniff" ],
        "Date": [ "Thu, 24 Nov 2022 11:51:58 GMT" ]
      },
      "ContentHeaders": {
        "Content-Length": [ "425" ],
        "Content-Type": [ "application/json; charset=utf-8" ],
        "Expires": [ "-1" ]
      },
      "Content": "{\"id\":\"/subscriptions/326100e2-f69d-4268-8503-075374f62b6e/resourceGroups/resourceGroupAutorestxq9rwk/providers/Microsoft.EventHub/namespaces/namespaceNameiv2whs/eventhubs/eventHub7dk1q6/consumergroups/consumerGroup\",\"name\":\"consumerGroup\",\"type\":\"Microsoft.EventHub/namespaces/eventhubs/consumergroups\",\"location\":\"eastus\",\"properties\":{\"createdAt\":\"2022-11-24T11:51:58.3693118Z\",\"updatedAt\":\"2022-11-24T11:51:58.3693118Z\"}}",
      "isContentBase64": false
    }
  },
  "Remove-AzEventHubConsumerGroup+[NoContext]+DeleteViaIdentity+$DELETE+https://management.azure.com/subscriptions/326100e2-f69d-4268-8503-075374f62b6e/resourceGroups/resourceGroupAutorestxq9rwk/providers/Microsoft.EventHub/namespaces/namespaceNameiv2whs/eventhubs/eventHub7dk1q6/consumergroups/consumerGroup?api-version=2022-01-01-preview+2": {
    "Request": {
      "Method": "DELETE",
      "RequestUri": "https://management.azure.com/subscriptions/326100e2-f69d-4268-8503-075374f62b6e/resourceGroups/resourceGroupAutorestxq9rwk/providers/Microsoft.EventHub/namespaces/namespaceNameiv2whs/eventhubs/eventHub7dk1q6/consumergroups/consumerGroup?api-version=2022-01-01-preview",
      "Content": null,
      "isContentBase64": false,
      "Headers": {
        "x-ms-unique-id": [ "203" ],
        "x-ms-client-request-id": [ "5b605cea-2f85-49bc-86d0-28012cd581d7" ],
        "CommandName": [ "Remove-AzEventHubConsumerGroup" ],
        "FullCommandName": [ "Remove-AzEventHubConsumerGroup_DeleteViaIdentity" ],
        "ParameterSetName": [ "__AllParameterSets" ],
        "User-Agent": [ "AzurePowershell/v0.0.0", "PSVersion/v7.1.3", "Az.EventHub/0.1.0" ],
        "Authorization": [ "[Filtered]" ]
      },
      "ContentHeaders": {
      }
    },
    "Response": {
      "StatusCode": 200,
      "Headers": {
        "Cache-Control": [ "no-cache" ],
        "Pragma": [ "no-cache" ],
        "Server": [ "Microsoft-HTTPAPI/2.0" ],
        "x-ms-ratelimit-remaining-subscription-deletes": [ "14990" ],
        "x-ms-request-id": [ "7a06698f-7ec8-4687-9fc7-fa082c499357" ],
        "x-ms-correlation-request-id": [ "7a06698f-7ec8-4687-9fc7-fa082c499357" ],
        "x-ms-routing-request-id": [ "KOREACENTRAL:20221124T115159Z:7a06698f-7ec8-4687-9fc7-fa082c499357" ],
        "Strict-Transport-Security": [ "max-age=31536000; includeSubDomains" ],
        "X-Content-Type-Options": [ "nosniff" ],
        "Date": [ "Thu, 24 Nov 2022 11:51:58 GMT" ]
      },
      "ContentHeaders": {
        "Expires": [ "-1" ],
        "Content-Length": [ "0" ]
      },
      "Content": null,
      "isContentBase64": false
    }
  },
  "Remove-AzEventHubConsumerGroup+[NoContext]+DeleteViaIdentity+$GET+https://management.azure.com/subscriptions/326100e2-f69d-4268-8503-075374f62b6e/resourceGroups/resourceGroupAutorestxq9rwk/providers/Microsoft.EventHub/namespaces/namespaceNameiv2whs/eventhubs/eventHub7dk1q6/consumergroups/consumerGroup?api-version=2022-01-01-preview+3": {
    "Request": {
      "Method": "GET",
      "RequestUri": "https://management.azure.com/subscriptions/326100e2-f69d-4268-8503-075374f62b6e/resourceGroups/resourceGroupAutorestxq9rwk/providers/Microsoft.EventHub/namespaces/namespaceNameiv2whs/eventhubs/eventHub7dk1q6/consumergroups/consumerGroup?api-version=2022-01-01-preview",
      "Content": null,
      "isContentBase64": false,
      "Headers": {
        "x-ms-unique-id": [ "204" ],
        "x-ms-client-request-id": [ "f3bd85c6-c352-454d-af06-ea259b0e360c" ],
        "CommandName": [ "Get-AzEventHubConsumerGroup" ],
        "FullCommandName": [ "Get-AzEventHubConsumerGroup_GetViaIdentity" ],
        "ParameterSetName": [ "__AllParameterSets" ],
        "User-Agent": [ "AzurePowershell/v0.0.0", "PSVersion/v7.1.3", "Az.EventHub/0.1.0" ],
        "Authorization": [ "[Filtered]" ]
      },
      "ContentHeaders": {
      }
    },
    "Response": {
      "StatusCode": 404,
      "Headers": {
        "Cache-Control": [ "no-cache" ],
        "Pragma": [ "no-cache" ],
        "Server": [ "Microsoft-HTTPAPI/2.0" ],
        "x-ms-ratelimit-remaining-subscription-reads": [ "11866" ],
        "x-ms-request-id": [ "ad28043b-7158-4b6c-8d89-ee0af1709226" ],
        "x-ms-correlation-request-id": [ "ad28043b-7158-4b6c-8d89-ee0af1709226" ],
        "x-ms-routing-request-id": [ "KOREACENTRAL:20221124T115200Z:ad28043b-7158-4b6c-8d89-ee0af1709226" ],
        "Strict-Transport-Security": [ "max-age=31536000; includeSubDomains" ],
        "X-Content-Type-Options": [ "nosniff" ],
        "Date": [ "Thu, 24 Nov 2022 11:52:00 GMT" ]
      },
      "ContentHeaders": {
        "Content-Length": [ "84" ],
        "Content-Type": [ "application/json" ],
        "Expires": [ "-1" ]
      },
      "Content": "{\"error\":{\"code\":\"ConsumerGroupNotFound\",\"message\":\"Consumer Group does not exist\"}}",
      "isContentBase64": false
    }
  }
}