{
  "Remove-AzEventHubAuthorizationRule+[NoContext]+[NoScenario]+$PUT+https://management.azure.com/subscriptions/326100e2-f69d-4268-8503-075374f62b6e/resourceGroups/resourceGroupAutorestj9r7ot/providers/Microsoft.EventHub/namespaces/namespaceNameukj7mn/authorizationRules/namespaceAuthRule1?api-version=2022-01-01-preview+1": {
    "Request": {
      "Method": "PUT",
      "RequestUri": "https://management.azure.com/subscriptions/326100e2-f69d-4268-8503-075374f62b6e/resourceGroups/resourceGroupAutorestj9r7ot/providers/Microsoft.EventHub/namespaces/namespaceNameukj7mn/authorizationRules/namespaceAuthRule1?api-version=2022-01-01-preview",
      "Content": "{\n  \"properties\": {\n    \"rights\": [ \"Manage\", \"Send\", \"Listen\" ]\n  }\n}",
      "isContentBase64": false,
      "Headers": {
      },
      "ContentHeaders": {
        "Content-Type": [ "application/json" ],
        "Content-Length": [ "70" ]
      }
    },
    "Response": {
      "StatusCode": 200,
      "Headers": {
        "Cache-Control": [ "no-cache" ],
        "Pragma": [ "no-cache" ],
        "Server": [ "Microsoft-HTTPAPI/2.0" ],
        "x-ms-ratelimit-remaining-subscription-writes": [ "1181" ],
        "x-ms-request-id": [ "65db4885-8a65-454e-abd1-c5bb00771340" ],
        "x-ms-correlation-request-id": [ "65db4885-8a65-454e-abd1-c5bb00771340" ],
        "x-ms-routing-request-id": [ "KOREACENTRAL:20221123T150739Z:65db4885-8a65-454e-abd1-c5bb00771340" ],
        "Strict-Transport-Security": [ "max-age=31536000; includeSubDomains" ],
        "X-Content-Type-Options": [ "nosniff" ],
        "Date": [ "Wed, 23 Nov 2022 15:07:38 GMT" ]
      },
      "ContentHeaders": {
        "Content-Length": [ "358" ],
        "Content-Type": [ "application/json; charset=utf-8" ],
        "Expires": [ "-1" ]
      },
      "Content": "{\"id\":\"/subscriptions/326100e2-f69d-4268-8503-075374f62b6e/resourceGroups/resourceGroupAutorestj9r7ot/providers/Microsoft.EventHub/namespaces/namespaceNameukj7mn/authorizationRules/namespaceAuthRule1\",\"name\":\"namespaceAuthRule1\",\"type\":\"Microsoft.EventHub/Namespaces/AuthorizationRules\",\"location\":\"eastus\",\"properties\":{\"rights\":[\"Manage\",\"Send\",\"Listen\"]}}",
      "isContentBase64": false
    }
  },
  "Remove-AzEventHubAuthorizationRule+[NoContext]+[NoScenario]+$PUT+https://management.azure.com/subscriptions/326100e2-f69d-4268-8503-075374f62b6e/resourceGroups/resourceGroupAutorestj9r7ot/providers/Microsoft.EventHub/namespaces/namespaceNameukj7mn/authorizationRules/namespaceAuthRule2?api-version=2022-01-01-preview+2": {
    "Request": {
      "Method": "PUT",
      "RequestUri": "https://management.azure.com/subscriptions/326100e2-f69d-4268-8503-075374f62b6e/resourceGroups/resourceGroupAutorestj9r7ot/providers/Microsoft.EventHub/namespaces/namespaceNameukj7mn/authorizationRules/namespaceAuthRule2?api-version=2022-01-01-preview",
      "Content": "{\n  \"properties\": {\n    \"rights\": [ \"Manage\", \"Send\", \"Listen\" ]\n  }\n}",
      "isContentBase64": false,
      "Headers": {
      },
      "ContentHeaders": {
        "Content-Type": [ "application/json" ],
        "Content-Length": [ "70" ]
      }
    },
    "Response": {
      "StatusCode": 200,
      "Headers": {
        "Cache-Control": [ "no-cache" ],
        "Pragma": [ "no-cache" ],
        "Server": [ "Microsoft-HTTPAPI/2.0" ],
        "x-ms-ratelimit-remaining-subscription-writes": [ "1180" ],
        "x-ms-request-id": [ "e20fb1ea-d632-406c-ac3f-62106db0edf5" ],
        "x-ms-correlation-request-id": [ "e20fb1ea-d632-406c-ac3f-62106db0edf5" ],
        "x-ms-routing-request-id": [ "KOREACENTRAL:20221123T150746Z:e20fb1ea-d632-406c-ac3f-62106db0edf5" ],
        "Strict-Transport-Security": [ "max-age=31536000; includeSubDomains" ],
        "X-Content-Type-Options": [ "nosniff" ],
        "Date": [ "Wed, 23 Nov 2022 15:07:45 GMT" ]
      },
      "ContentHeaders": {
        "Content-Length": [ "358" ],
        "Content-Type": [ "application/json; charset=utf-8" ],
        "Expires": [ "-1" ]
      },
      "Content": "{\"id\":\"/subscriptions/326100e2-f69d-4268-8503-075374f62b6e/resourceGroups/resourceGroupAutorestj9r7ot/providers/Microsoft.EventHub/namespaces/namespaceNameukj7mn/authorizationRules/namespaceAuthRule2\",\"name\":\"namespaceAuthRule2\",\"type\":\"Microsoft.EventHub/Namespaces/AuthorizationRules\",\"location\":\"eastus\",\"properties\":{\"rights\":[\"Manage\",\"Send\",\"Listen\"]}}",
      "isContentBase64": false
    }
  },
  "Remove-AzEventHubAuthorizationRule+[NoContext]+[NoScenario]+$GET+https://management.azure.com/subscriptions/326100e2-f69d-4268-8503-075374f62b6e/resourceGroups/resourceGroupAutorestj9r7ot/providers/Microsoft.EventHub/namespaces/namespaceNameukj7mn/authorizationRules?api-version=2022-01-01-preview+3": {
    "Request": {
      "Method": "GET",
      "RequestUri": "https://management.azure.com/subscriptions/326100e2-f69d-4268-8503-075374f62b6e/resourceGroups/resourceGroupAutorestj9r7ot/providers/Microsoft.EventHub/namespaces/namespaceNameukj7mn/authorizationRules?api-version=2022-01-01-preview",
      "Content": null,
      "isContentBase64": false,
      "Headers": {
        "x-ms-unique-id": [ "182" ],
        "x-ms-client-request-id": [ "14743be0-a585-4de4-9d6a-ca6b8b242726" ],
        "CommandName": [ "Az.EventHub.private\\Get-AzEventHubNamespaceAuthorizationRule_List" ],
        "FullCommandName": [ "Get-AzEventHubNamespaceAuthorizationRule_List" ],
        "ParameterSetName": [ "__AllParameterSets" ],
        "User-Agent": [ "AzurePowershell/v0.0.0", "PSVersion/v7.1.3", "Az.EventHub/0.1.0" ],
        "Authorization": [ "[Filtered]" ]
      },
      "ContentHeaders": {
      }
    },
    "Response": {
      "StatusCode": 200,
      "Headers": {
        "Cache-Control": [ "no-cache" ],
        "Pragma": [ "no-cache" ],
        "Server": [ "Microsoft-HTTPAPI/2.0" ],
        "x-ms-ratelimit-remaining-subscription-reads": [ "11861" ],
        "x-ms-request-id": [ "6b6c1b95-741b-44bb-8327-4b5755f7b613" ],
        "x-ms-correlation-request-id": [ "6b6c1b95-741b-44bb-8327-4b5755f7b613" ],
        "x-ms-routing-request-id": [ "KOREACENTRAL:20221123T150747Z:6b6c1b95-741b-44bb-8327-4b5755f7b613" ],
        "Strict-Transport-Security": [ "max-age=31536000; includeSubDomains" ],
        "X-Content-Type-Options": [ "nosniff" ],
        "Date": [ "Wed, 23 Nov 2022 15:07:46 GMT" ]
      },
      "ContentHeaders": {
        "Content-Length": [ "1808" ],
        "Content-Type": [ "application/json; charset=utf-8" ],
        "Expires": [ "-1" ]
      },
      "Content": "{\"value\":[{\"id\":\"/subscriptions/326100e2-f69d-4268-8503-075374f62b6e/resourcegroups/resourceGroupAutorestj9r7ot/providers/Microsoft.EventHub/namespaces/namespaceNameukj7mn/authorizationrules/RootManageSharedAccessKey\",\"name\":\"RootManageSharedAccessKey\",\"type\":\"Microsoft.EventHub/Namespaces/AuthorizationRules\",\"location\":\"eastus\",\"properties\":{\"rights\":[\"Listen\",\"Manage\",\"Send\"]}},{\"id\":\"/subscriptions/326100e2-f69d-4268-8503-075374f62b6e/resourcegroups/resourceGroupAutorestj9r7ot/providers/Microsoft.EventHub/namespaces/namespaceNameukj7mn/authorizationrules/auth-rulegt5984\",\"name\":\"auth-rulegt5984\",\"type\":\"Microsoft.EventHub/Namespaces/AuthorizationRules\",\"location\":\"eastus\",\"properties\":{\"rights\":[\"Manage\",\"Listen\",\"Send\"]}},{\"id\":\"/subscriptions/326100e2-f69d-4268-8503-075374f62b6e/resourcegroups/resourceGroupAutorestj9r7ot/providers/Microsoft.EventHub/namespaces/namespaceNameukj7mn/authorizationrules/auth-ruleg4628m\",\"name\":\"auth-ruleg4628m\",\"type\":\"Microsoft.EventHub/Namespaces/AuthorizationRules\",\"location\":\"eastus\",\"properties\":{\"rights\":[\"Manage\",\"Send\",\"Listen\"]}},{\"id\":\"/subscriptions/326100e2-f69d-4268-8503-075374f62b6e/resourcegroups/resourceGroupAutorestj9r7ot/providers/Microsoft.EventHub/namespaces/namespaceNameukj7mn/authorizationrules/namespaceAuthRule1\",\"name\":\"namespaceAuthRule1\",\"type\":\"Microsoft.EventHub/Namespaces/AuthorizationRules\",\"location\":\"eastus\",\"properties\":{\"rights\":[\"Manage\",\"Send\",\"Listen\"]}},{\"id\":\"/subscriptions/326100e2-f69d-4268-8503-075374f62b6e/resourcegroups/resourceGroupAutorestj9r7ot/providers/Microsoft.EventHub/namespaces/namespaceNameukj7mn/authorizationrules/namespaceAuthRule2\",\"name\":\"namespaceAuthRule2\",\"type\":\"Microsoft.EventHub/Namespaces/AuthorizationRules\",\"location\":\"eastus\",\"properties\":{\"rights\":[\"Manage\",\"Send\",\"Listen\"]}}]}",
      "isContentBase64": false
    }
  },
  "Remove-AzEventHubAuthorizationRule+[NoContext]+[NoScenario]+$GET+https://management.azure.com/subscriptions/326100e2-f69d-4268-8503-075374f62b6e/resourceGroups/resourceGroupAutorestj9r7ot/providers/Microsoft.EventHub/namespaces/namespaceNameukj7mn/eventhubs/eventHuby2r57j/authorizationRules?api-version=2022-01-01-preview+4": {
    "Request": {
      "Method": "GET",
      "RequestUri": "https://management.azure.com/subscriptions/326100e2-f69d-4268-8503-075374f62b6e/resourceGroups/resourceGroupAutorestj9r7ot/providers/Microsoft.EventHub/namespaces/namespaceNameukj7mn/eventhubs/eventHuby2r57j/authorizationRules?api-version=2022-01-01-preview",
      "Content": null,
      "isContentBase64": false,
      "Headers": {
        "x-ms-unique-id": [ "183" ],
        "x-ms-client-request-id": [ "7385e5db-ad42-4493-9758-732b9b42bc83" ],
        "CommandName": [ "Az.EventHub.private\\Get-AzEventHubAuthorizationRule_List" ],
        "FullCommandName": [ "Get-AzEventHubAuthorizationRule_List" ],
        "ParameterSetName": [ "__AllParameterSets" ],
        "User-Agent": [ "AzurePowershell/v0.0.0", "PSVersion/v7.1.3", "Az.EventHub/0.1.0" ],
        "Authorization": [ "[Filtered]" ]
      },
      "ContentHeaders": {
      }
    },
    "Response": {
      "StatusCode": 200,
      "Headers": {
        "Cache-Control": [ "no-cache" ],
        "Pragma": [ "no-cache" ],
        "Server": [ "Microsoft-HTTPAPI/2.0" ],
        "x-ms-ratelimit-remaining-subscription-reads": [ "11860" ],
        "x-ms-request-id": [ "de5ebd34-c2e8-4e32-af30-cabb7537f134" ],
        "x-ms-correlation-request-id": [ "de5ebd34-c2e8-4e32-af30-cabb7537f134" ],
        "x-ms-routing-request-id": [ "KOREACENTRAL:20221123T150748Z:de5ebd34-c2e8-4e32-af30-cabb7537f134" ],
        "Strict-Transport-Security": [ "max-age=31536000; includeSubDomains" ],
        "X-Content-Type-Options": [ "nosniff" ],
        "Date": [ "Wed, 23 Nov 2022 15:07:47 GMT" ]
      },
      "ContentHeaders": {
        "Content-Length": [ "771" ],
        "Content-Type": [ "application/json; charset=utf-8" ],
        "Expires": [ "-1" ]
      },
      "Content": "{\"value\":[{\"id\":\"/subscriptions/326100e2-f69d-4268-8503-075374f62b6e/resourcegroups/resourceGroupAutorestj9r7ot/providers/Microsoft.EventHub/namespaces/namespaceNameukj7mn/eventhubs/eventHuby2r57j/authorizationrules/auth-rule2izqdv\",\"name\":\"auth-rule2izqdv\",\"type\":\"Microsoft.EventHub/namespaces/eventhubs/authorizationrules\",\"location\":\"eastus\",\"properties\":{\"rights\":[\"Listen\"]}},{\"id\":\"/subscriptions/326100e2-f69d-4268-8503-075374f62b6e/resourcegroups/resourceGroupAutorestj9r7ot/providers/Microsoft.EventHub/namespaces/namespaceNameukj7mn/eventhubs/eventHuby2r57j/authorizationrules/auth-rule1hbp87\",\"name\":\"auth-rule1hbp87\",\"type\":\"Microsoft.EventHub/namespaces/eventhubs/authorizationrules\",\"location\":\"eastus\",\"properties\":{\"rights\":[\"Manage\",\"Listen\",\"Send\"]}}]}",
      "isContentBase64": false
    }
  },
  "Remove-AzEventHubAuthorizationRule+[NoContext]+[NoScenario]+$PUT+https://management.azure.com/subscriptions/326100e2-f69d-4268-8503-075374f62b6e/resourceGroups/resourceGroupAutorestj9r7ot/providers/Microsoft.EventHub/namespaces/namespaceNameukj7mn/eventhubs/eventHuby2r57j/authorizationRules/entityAuthRule1?api-version=2022-01-01-preview+5": {
    "Request": {
      "Method": "PUT",
      "RequestUri": "https://management.azure.com/subscriptions/326100e2-f69d-4268-8503-075374f62b6e/resourceGroups/resourceGroupAutorestj9r7ot/providers/Microsoft.EventHub/namespaces/namespaceNameukj7mn/eventhubs/eventHuby2r57j/authorizationRules/entityAuthRule1?api-version=2022-01-01-preview",
      "Content": "{\n  \"properties\": {\n    \"rights\": [ \"Manage\", \"Send\", \"Listen\" ]\n  }\n}",
      "isContentBase64": false,
      "Headers": {
      },
      "ContentHeaders": {
        "Content-Type": [ "application/json" ],
        "Content-Length": [ "70" ]
      }
    },
    "Response": {
      "StatusCode": 200,
      "Headers": {
        "Cache-Control": [ "no-cache" ],
        "Pragma": [ "no-cache" ],
        "Server": [ "Microsoft-HTTPAPI/2.0" ],
        "x-ms-ratelimit-remaining-subscription-writes": [ "1179" ],
        "x-ms-request-id": [ "6ab81380-6ff6-4c66-a3c2-2680d50591c2" ],
        "x-ms-correlation-request-id": [ "6ab81380-6ff6-4c66-a3c2-2680d50591c2" ],
        "x-ms-routing-request-id": [ "KOREACENTRAL:20221123T150748Z:6ab81380-6ff6-4c66-a3c2-2680d50591c2" ],
        "Strict-Transport-Security": [ "max-age=31536000; includeSubDomains" ],
        "X-Content-Type-Options": [ "nosniff" ],
        "Date": [ "Wed, 23 Nov 2022 15:07:48 GMT" ]
      },
      "ContentHeaders": {
        "Content-Length": [ "367" ],
        "Content-Type": [ "application/json; charset=utf-8" ],
        "Expires": [ "-1" ]
      },
      "Content": "{\"id\":\"/subscriptions/326100e2-f69d-4268-8503-075374f62b6e/resourceGroups/resourceGroupAutorestj9r7ot/providers/Microsoft.EventHub/namespaces/namespaceNameukj7mn/eventhubs/eventHuby2r57j/authorizationRules/entityAuthRule1\",\"name\":\"entityAuthRule1\",\"type\":\"Microsoft.EventHub/namespaces/eventhubs/authorizationrules\",\"properties\":{\"rights\":[\"Manage\",\"Send\",\"Listen\"]}}",
      "isContentBase64": false
    }
  },
  "Remove-AzEventHubAuthorizationRule+[NoContext]+[NoScenario]+$PUT+https://management.azure.com/subscriptions/326100e2-f69d-4268-8503-075374f62b6e/resourceGroups/resourceGroupAutorestj9r7ot/providers/Microsoft.EventHub/namespaces/namespaceNameukj7mn/eventhubs/eventHuby2r57j/authorizationRules/entityAuthRule2?api-version=2022-01-01-preview+6": {
    "Request": {
      "Method": "PUT",
      "RequestUri": "https://management.azure.com/subscriptions/326100e2-f69d-4268-8503-075374f62b6e/resourceGroups/resourceGroupAutorestj9r7ot/providers/Microsoft.EventHub/namespaces/namespaceNameukj7mn/eventhubs/eventHuby2r57j/authorizationRules/entityAuthRule2?api-version=2022-01-01-preview",
      "Content": "{\n  \"properties\": {\n    \"rights\": [ \"Manage\", \"Send\", \"Listen\" ]\n  }\n}",
      "isContentBase64": false,
      "Headers": {
      },
      "ContentHeaders": {
        "Content-Type": [ "application/json" ],
        "Content-Length": [ "70" ]
      }
    },
    "Response": {
      "StatusCode": 200,
      "Headers": {
        "Cache-Control": [ "no-cache" ],
        "Pragma": [ "no-cache" ],
        "Server": [ "Microsoft-HTTPAPI/2.0" ],
        "x-ms-ratelimit-remaining-subscription-writes": [ "1178" ],
        "x-ms-request-id": [ "9f64eafe-e3d5-4034-9f9c-23e99f47b336" ],
        "x-ms-correlation-request-id": [ "9f64eafe-e3d5-4034-9f9c-23e99f47b336" ],
        "x-ms-routing-request-id": [ "KOREACENTRAL:20221123T150749Z:9f64eafe-e3d5-4034-9f9c-23e99f47b336" ],
        "Strict-Transport-Security": [ "max-age=31536000; includeSubDomains" ],
        "X-Content-Type-Options": [ "nosniff" ],
        "Date": [ "Wed, 23 Nov 2022 15:07:49 GMT" ]
      },
      "ContentHeaders": {
        "Content-Length": [ "367" ],
        "Content-Type": [ "application/json; charset=utf-8" ],
        "Expires": [ "-1" ]
      },
      "Content": "{\"id\":\"/subscriptions/326100e2-f69d-4268-8503-075374f62b6e/resourceGroups/resourceGroupAutorestj9r7ot/providers/Microsoft.EventHub/namespaces/namespaceNameukj7mn/eventhubs/eventHuby2r57j/authorizationRules/entityAuthRule2\",\"name\":\"entityAuthRule2\",\"type\":\"Microsoft.EventHub/namespaces/eventhubs/authorizationrules\",\"properties\":{\"rights\":[\"Manage\",\"Send\",\"Listen\"]}}",
      "isContentBase64": false
    }
  },
  "Remove-AzEventHubAuthorizationRule+[NoContext]+[NoScenario]+$GET+https://management.azure.com/subscriptions/326100e2-f69d-4268-8503-075374f62b6e/resourceGroups/resourceGroupAutorestj9r7ot/providers/Microsoft.EventHub/namespaces/namespaceNameukj7mn/authorizationRules?api-version=2022-01-01-preview+7": {
    "Request": {
      "Method": "GET",
      "RequestUri": "https://management.azure.com/subscriptions/326100e2-f69d-4268-8503-075374f62b6e/resourceGroups/resourceGroupAutorestj9r7ot/providers/Microsoft.EventHub/namespaces/namespaceNameukj7mn/authorizationRules?api-version=2022-01-01-preview",
      "Content": null,
      "isContentBase64": false,
      "Headers": {
        "x-ms-unique-id": [ "186" ],
        "x-ms-client-request-id": [ "8846d625-0087-4cf1-bd95-6716317f1987" ],
        "CommandName": [ "Az.EventHub.private\\Get-AzEventHubNamespaceAuthorizationRule_List" ],
        "FullCommandName": [ "Get-AzEventHubNamespaceAuthorizationRule_List" ],
        "ParameterSetName": [ "__AllParameterSets" ],
        "User-Agent": [ "AzurePowershell/v0.0.0", "PSVersion/v7.1.3", "Az.EventHub/0.1.0" ],
        "Authorization": [ "[Filtered]" ]
      },
      "ContentHeaders": {
      }
    },
    "Response": {
      "StatusCode": 200,
      "Headers": {
        "Cache-Control": [ "no-cache" ],
        "Pragma": [ "no-cache" ],
        "Server": [ "Microsoft-HTTPAPI/2.0" ],
        "x-ms-ratelimit-remaining-subscription-reads": [ "11859" ],
        "x-ms-request-id": [ "4ce9decf-0a78-4eff-bbe0-365a5baf7574" ],
        "x-ms-correlation-request-id": [ "4ce9decf-0a78-4eff-bbe0-365a5baf7574" ],
        "x-ms-routing-request-id": [ "KOREACENTRAL:20221123T150750Z:4ce9decf-0a78-4eff-bbe0-365a5baf7574" ],
        "Strict-Transport-Security": [ "max-age=31536000; includeSubDomains" ],
        "X-Content-Type-Options": [ "nosniff" ],
        "Date": [ "Wed, 23 Nov 2022 15:07:50 GMT" ]
      },
      "ContentHeaders": {
        "Content-Length": [ "1808" ],
        "Content-Type": [ "application/json; charset=utf-8" ],
        "Expires": [ "-1" ]
      },
      "Content": "{\"value\":[{\"id\":\"/subscriptions/326100e2-f69d-4268-8503-075374f62b6e/resourcegroups/resourceGroupAutorestj9r7ot/providers/Microsoft.EventHub/namespaces/namespaceNameukj7mn/authorizationrules/RootManageSharedAccessKey\",\"name\":\"RootManageSharedAccessKey\",\"type\":\"Microsoft.EventHub/Namespaces/AuthorizationRules\",\"location\":\"eastus\",\"properties\":{\"rights\":[\"Listen\",\"Manage\",\"Send\"]}},{\"id\":\"/subscriptions/326100e2-f69d-4268-8503-075374f62b6e/resourcegroups/resourceGroupAutorestj9r7ot/providers/Microsoft.EventHub/namespaces/namespaceNameukj7mn/authorizationrules/auth-rulegt5984\",\"name\":\"auth-rulegt5984\",\"type\":\"Microsoft.EventHub/Namespaces/AuthorizationRules\",\"location\":\"eastus\",\"properties\":{\"rights\":[\"Manage\",\"Listen\",\"Send\"]}},{\"id\":\"/subscriptions/326100e2-f69d-4268-8503-075374f62b6e/resourcegroups/resourceGroupAutorestj9r7ot/providers/Microsoft.EventHub/namespaces/namespaceNameukj7mn/authorizationrules/auth-ruleg4628m\",\"name\":\"auth-ruleg4628m\",\"type\":\"Microsoft.EventHub/Namespaces/AuthorizationRules\",\"location\":\"eastus\",\"properties\":{\"rights\":[\"Manage\",\"Send\",\"Listen\"]}},{\"id\":\"/subscriptions/326100e2-f69d-4268-8503-075374f62b6e/resourcegroups/resourceGroupAutorestj9r7ot/providers/Microsoft.EventHub/namespaces/namespaceNameukj7mn/authorizationrules/namespaceAuthRule1\",\"name\":\"namespaceAuthRule1\",\"type\":\"Microsoft.EventHub/Namespaces/AuthorizationRules\",\"location\":\"eastus\",\"properties\":{\"rights\":[\"Manage\",\"Send\",\"Listen\"]}},{\"id\":\"/subscriptions/326100e2-f69d-4268-8503-075374f62b6e/resourcegroups/resourceGroupAutorestj9r7ot/providers/Microsoft.EventHub/namespaces/namespaceNameukj7mn/authorizationrules/namespaceAuthRule2\",\"name\":\"namespaceAuthRule2\",\"type\":\"Microsoft.EventHub/Namespaces/AuthorizationRules\",\"location\":\"eastus\",\"properties\":{\"rights\":[\"Manage\",\"Send\",\"Listen\"]}}]}",
      "isContentBase64": false
    }
  },
  "Remove-AzEventHubAuthorizationRule+[NoContext]+[NoScenario]+$GET+https://management.azure.com/subscriptions/326100e2-f69d-4268-8503-075374f62b6e/resourceGroups/resourceGroupAutorestj9r7ot/providers/Microsoft.EventHub/namespaces/namespaceNameukj7mn/eventhubs/eventHuby2r57j/authorizationRules?api-version=2022-01-01-preview+8": {
    "Request": {
      "Method": "GET",
      "RequestUri": "https://management.azure.com/subscriptions/326100e2-f69d-4268-8503-075374f62b6e/resourceGroups/resourceGroupAutorestj9r7ot/providers/Microsoft.EventHub/namespaces/namespaceNameukj7mn/eventhubs/eventHuby2r57j/authorizationRules?api-version=2022-01-01-preview",
      "Content": null,
      "isContentBase64": false,
      "Headers": {
        "x-ms-unique-id": [ "187" ],
        "x-ms-client-request-id": [ "84a85afe-48c4-4abd-b049-8e960d6c677a" ],
        "CommandName": [ "Az.EventHub.private\\Get-AzEventHubAuthorizationRule_List" ],
        "FullCommandName": [ "Get-AzEventHubAuthorizationRule_List" ],
        "ParameterSetName": [ "__AllParameterSets" ],
        "User-Agent": [ "AzurePowershell/v0.0.0", "PSVersion/v7.1.3", "Az.EventHub/0.1.0" ],
        "Authorization": [ "[Filtered]" ]
      },
      "ContentHeaders": {
      }
    },
    "Response": {
      "StatusCode": 200,
      "Headers": {
        "Cache-Control": [ "no-cache" ],
        "Pragma": [ "no-cache" ],
        "Server": [ "Microsoft-HTTPAPI/2.0" ],
        "x-ms-ratelimit-remaining-subscription-reads": [ "11858" ],
        "x-ms-request-id": [ "0156844f-616a-453b-a482-52a374e2a453" ],
        "x-ms-correlation-request-id": [ "0156844f-616a-453b-a482-52a374e2a453" ],
        "x-ms-routing-request-id": [ "KOREACENTRAL:20221123T150751Z:0156844f-616a-453b-a482-52a374e2a453" ],
        "Strict-Transport-Security": [ "max-age=31536000; includeSubDomains" ],
        "X-Content-Type-Options": [ "nosniff" ],
        "Date": [ "Wed, 23 Nov 2022 15:07:51 GMT" ]
      },
      "ContentHeaders": {
        "Content-Length": [ "1547" ],
        "Content-Type": [ "application/json; charset=utf-8" ],
        "Expires": [ "-1" ]
      },
      "Content": "{\"value\":[{\"id\":\"/subscriptions/326100e2-f69d-4268-8503-075374f62b6e/resourcegroups/resourceGroupAutorestj9r7ot/providers/Microsoft.EventHub/namespaces/namespaceNameukj7mn/eventhubs/eventHuby2r57j/authorizationrules/auth-rule2izqdv\",\"name\":\"auth-rule2izqdv\",\"type\":\"Microsoft.EventHub/namespaces/eventhubs/authorizationrules\",\"location\":\"eastus\",\"properties\":{\"rights\":[\"Listen\"]}},{\"id\":\"/subscriptions/326100e2-f69d-4268-8503-075374f62b6e/resourcegroups/resourceGroupAutorestj9r7ot/providers/Microsoft.EventHub/namespaces/namespaceNameukj7mn/eventhubs/eventHuby2r57j/authorizationrules/auth-rule1hbp87\",\"name\":\"auth-rule1hbp87\",\"type\":\"Microsoft.EventHub/namespaces/eventhubs/authorizationrules\",\"location\":\"eastus\",\"properties\":{\"rights\":[\"Manage\",\"Listen\",\"Send\"]}},{\"id\":\"/subscriptions/326100e2-f69d-4268-8503-075374f62b6e/resourcegroups/resourceGroupAutorestj9r7ot/providers/Microsoft.EventHub/namespaces/namespaceNameukj7mn/eventhubs/eventHuby2r57j/authorizationrules/entityAuthRule1\",\"name\":\"entityAuthRule1\",\"type\":\"Microsoft.EventHub/namespaces/eventhubs/authorizationrules\",\"location\":\"eastus\",\"properties\":{\"rights\":[\"Manage\",\"Send\",\"Listen\"]}},{\"id\":\"/subscriptions/326100e2-f69d-4268-8503-075374f62b6e/resourcegroups/resourceGroupAutorestj9r7ot/providers/Microsoft.EventHub/namespaces/namespaceNameukj7mn/eventhubs/eventHuby2r57j/authorizationrules/entityAuthRule2\",\"name\":\"entityAuthRule2\",\"type\":\"Microsoft.EventHub/namespaces/eventhubs/authorizationrules\",\"location\":\"eastus\",\"properties\":{\"rights\":[\"Manage\",\"Send\",\"Listen\"]}}]}",
      "isContentBase64": false
    }
  },
  "Remove-AzEventHubAuthorizationRule+[NoContext]+RemoveExpandedNamespace+$DELETE+https://management.azure.com/subscriptions/326100e2-f69d-4268-8503-075374f62b6e/resourceGroups/resourceGroupAutorestj9r7ot/providers/Microsoft.EventHub/namespaces/namespaceNameukj7mn/authorizationRules/namespaceAuthRule1?api-version=2022-01-01-preview+1": {
    "Request": {
      "Method": "DELETE",
      "RequestUri": "https://management.azure.com/subscriptions/326100e2-f69d-4268-8503-075374f62b6e/resourceGroups/resourceGroupAutorestj9r7ot/providers/Microsoft.EventHub/namespaces/namespaceNameukj7mn/authorizationRules/namespaceAuthRule1?api-version=2022-01-01-preview",
      "Content": null,
      "isContentBase64": false,
      "Headers": {
        "x-ms-unique-id": [ "188" ],
        "x-ms-client-request-id": [ "c1ef2d17-685e-4b40-bfb6-297ad5143cc4" ],
        "CommandName": [ "Az.EventHub.private\\Remove-AzEventHubNamespaceAuthorizationRule_Delete" ],
        "FullCommandName": [ "Remove-AzEventHubNamespaceAuthorizationRule_Delete" ],
        "ParameterSetName": [ "__AllParameterSets" ],
        "User-Agent": [ "AzurePowershell/v0.0.0", "PSVersion/v7.1.3", "Az.EventHub/0.1.0" ],
        "Authorization": [ "[Filtered]" ]
      },
      "ContentHeaders": {
      }
    },
    "Response": {
      "StatusCode": 200,
      "Headers": {
        "Cache-Control": [ "no-cache" ],
        "Pragma": [ "no-cache" ],
        "Server": [ "Microsoft-HTTPAPI/2.0" ],
        "x-ms-ratelimit-remaining-subscription-deletes": [ "14995" ],
        "x-ms-request-id": [ "79b619a9-8821-4296-bcae-d373d1fb6b88" ],
        "x-ms-correlation-request-id": [ "79b619a9-8821-4296-bcae-d373d1fb6b88" ],
        "x-ms-routing-request-id": [ "KOREACENTRAL:20221123T150758Z:79b619a9-8821-4296-bcae-d373d1fb6b88" ],
        "Strict-Transport-Security": [ "max-age=31536000; includeSubDomains" ],
        "X-Content-Type-Options": [ "nosniff" ],
        "Date": [ "Wed, 23 Nov 2022 15:07:58 GMT" ]
      },
      "ContentHeaders": {
        "Expires": [ "-1" ],
        "Content-Length": [ "0" ]
      },
      "Content": null,
      "isContentBase64": false
    }
  },
  "Remove-AzEventHubAuthorizationRule+[NoContext]+RemoveExpandedNamespace+$GET+https://management.azure.com/subscriptions/326100e2-f69d-4268-8503-075374f62b6e/resourceGroups/resourceGroupAutorestj9r7ot/providers/Microsoft.EventHub/namespaces/namespaceNameukj7mn/authorizationRules/namespaceAuthRule1?api-version=2022-01-01-preview+2": {
    "Request": {
      "Method": "GET",
      "RequestUri": "https://management.azure.com/subscriptions/326100e2-f69d-4268-8503-075374f62b6e/resourceGroups/resourceGroupAutorestj9r7ot/providers/Microsoft.EventHub/namespaces/namespaceNameukj7mn/authorizationRules/namespaceAuthRule1?api-version=2022-01-01-preview",
      "Content": null,
      "isContentBase64": false,
      "Headers": {
        "x-ms-unique-id": [ "189" ],
        "x-ms-client-request-id": [ "ac547d09-1410-4893-bbc2-2a91b9041142" ],
        "CommandName": [ "Az.EventHub.private\\Get-AzEventHubNamespaceAuthorizationRule_Get" ],
        "FullCommandName": [ "Get-AzEventHubNamespaceAuthorizationRule_Get" ],
        "ParameterSetName": [ "__AllParameterSets" ],
        "User-Agent": [ "AzurePowershell/v0.0.0", "PSVersion/v7.1.3", "Az.EventHub/0.1.0" ],
        "Authorization": [ "[Filtered]" ]
      },
      "ContentHeaders": {
      }
    },
    "Response": {
      "StatusCode": 404,
      "Headers": {
        "Cache-Control": [ "no-cache" ],
        "Pragma": [ "no-cache" ],
        "Server": [ "Microsoft-HTTPAPI/2.0" ],
        "x-ms-ratelimit-remaining-subscription-reads": [ "11857" ],
        "x-ms-request-id": [ "83433998-1d30-4823-8b64-e8a29ea92b39" ],
        "x-ms-correlation-request-id": [ "83433998-1d30-4823-8b64-e8a29ea92b39" ],
        "x-ms-routing-request-id": [ "KOREACENTRAL:20221123T150800Z:83433998-1d30-4823-8b64-e8a29ea92b39" ],
        "Strict-Transport-Security": [ "max-age=31536000; includeSubDomains" ],
        "X-Content-Type-Options": [ "nosniff" ],
        "Date": [ "Wed, 23 Nov 2022 15:07:59 GMT" ]
      },
      "ContentHeaders": {
        "Content-Length": [ "87" ],
        "Content-Type": [ "application/json" ],
        "Expires": [ "-1" ]
      },
      "Content": "{\"error\":{\"code\":\"AuthorizationRuleNotFound\",\"message\":\"Authorization rule not found\"}}",
      "isContentBase64": false
    }
  },
  "Remove-AzEventHubAuthorizationRule+[NoContext]+RemoveExpandedEntity+$DELETE+https://management.azure.com/subscriptions/326100e2-f69d-4268-8503-075374f62b6e/resourceGroups/resourceGroupAutorestj9r7ot/providers/Microsoft.EventHub/namespaces/namespaceNameukj7mn/eventhubs/eventHuby2r57j/authorizationRules/entityAuthRule1?api-version=2022-01-01-preview+1": {
    "Request": {
      "Method": "DELETE",
      "RequestUri": "https://management.azure.com/subscriptions/326100e2-f69d-4268-8503-075374f62b6e/resourceGroups/resourceGroupAutorestj9r7ot/providers/Microsoft.EventHub/namespaces/namespaceNameukj7mn/eventhubs/eventHuby2r57j/authorizationRules/entityAuthRule1?api-version=2022-01-01-preview",
      "Content": null,
      "isContentBase64": false,
      "Headers": {
        "x-ms-unique-id": [ "190" ],
        "x-ms-client-request-id": [ "8aa2a241-ee3e-40c2-96c2-b6215230690c" ],
        "CommandName": [ "Az.EventHub.private\\Remove-AzEventHubAuthorizationRule_Delete" ],
        "FullCommandName": [ "Remove-AzEventHubAuthorizationRule_Delete" ],
        "ParameterSetName": [ "__AllParameterSets" ],
        "User-Agent": [ "AzurePowershell/v0.0.0", "PSVersion/v7.1.3", "Az.EventHub/0.1.0" ],
        "Authorization": [ "[Filtered]" ]
      },
      "ContentHeaders": {
      }
    },
    "Response": {
      "StatusCode": 200,
      "Headers": {
        "Cache-Control": [ "no-cache" ],
        "Pragma": [ "no-cache" ],
        "Server": [ "Microsoft-HTTPAPI/2.0" ],
        "x-ms-ratelimit-remaining-subscription-deletes": [ "14994" ],
        "x-ms-request-id": [ "de275ce3-cd22-4e03-9c77-9f376ca3e49e" ],
        "x-ms-correlation-request-id": [ "de275ce3-cd22-4e03-9c77-9f376ca3e49e" ],
        "x-ms-routing-request-id": [ "KOREACENTRAL:20221123T150800Z:de275ce3-cd22-4e03-9c77-9f376ca3e49e" ],
        "Strict-Transport-Security": [ "max-age=31536000; includeSubDomains" ],
        "X-Content-Type-Options": [ "nosniff" ],
        "Date": [ "Wed, 23 Nov 2022 15:08:00 GMT" ]
      },
      "ContentHeaders": {
        "Expires": [ "-1" ],
        "Content-Length": [ "0" ]
      },
      "Content": null,
      "isContentBase64": false
    }
  },
  "Remove-AzEventHubAuthorizationRule+[NoContext]+RemoveExpandedEntity+$GET+https://management.azure.com/subscriptions/326100e2-f69d-4268-8503-075374f62b6e/resourceGroups/resourceGroupAutorestj9r7ot/providers/Microsoft.EventHub/namespaces/namespaceNameukj7mn/eventhubs/eventHuby2r57j/authorizationRules/entityAuthRule1?api-version=2022-01-01-preview+2": {
    "Request": {
      "Method": "GET",
      "RequestUri": "https://management.azure.com/subscriptions/326100e2-f69d-4268-8503-075374f62b6e/resourceGroups/resourceGroupAutorestj9r7ot/providers/Microsoft.EventHub/namespaces/namespaceNameukj7mn/eventhubs/eventHuby2r57j/authorizationRules/entityAuthRule1?api-version=2022-01-01-preview",
      "Content": null,
      "isContentBase64": false,
      "Headers": {
        "x-ms-unique-id": [ "191" ],
        "x-ms-client-request-id": [ "e9feadb2-8514-42ef-8add-95b058920a53" ],
        "CommandName": [ "Az.EventHub.private\\Get-AzEventHubAuthorizationRule_Get" ],
        "FullCommandName": [ "Get-AzEventHubAuthorizationRule_Get" ],
        "ParameterSetName": [ "__AllParameterSets" ],
        "User-Agent": [ "AzurePowershell/v0.0.0", "PSVersion/v7.1.3", "Az.EventHub/0.1.0" ],
        "Authorization": [ "[Filtered]" ]
      },
      "ContentHeaders": {
      }
    },
    "Response": {
      "StatusCode": 404,
      "Headers": {
        "Cache-Control": [ "no-cache" ],
        "Pragma": [ "no-cache" ],
        "Server": [ "Microsoft-HTTPAPI/2.0" ],
        "x-ms-ratelimit-remaining-subscription-reads": [ "11856" ],
        "x-ms-request-id": [ "09a20830-772f-4354-b63f-aacb33b5db38" ],
        "x-ms-correlation-request-id": [ "09a20830-772f-4354-b63f-aacb33b5db38" ],
        "x-ms-routing-request-id": [ "KOREACENTRAL:20221123T150801Z:09a20830-772f-4354-b63f-aacb33b5db38" ],
        "Strict-Transport-Security": [ "max-age=31536000; includeSubDomains" ],
        "X-Content-Type-Options": [ "nosniff" ],
        "Date": [ "Wed, 23 Nov 2022 15:08:00 GMT" ]
      },
      "ContentHeaders": {
        "Content-Length": [ "87" ],
        "Content-Type": [ "application/json" ],
        "Expires": [ "-1" ]
      },
      "Content": "{\"error\":{\"code\":\"AuthorizationRuleNotFound\",\"message\":\"Authorization rule not found\"}}",
      "isContentBase64": false
    }
  },
  "Remove-AzEventHubAuthorizationRule+[NoContext]+RemoveViaIdentityExpanded+$DELETE+https://management.azure.com/subscriptions/326100e2-f69d-4268-8503-075374f62b6e/resourceGroups/resourceGroupAutorestj9r7ot/providers/Microsoft.EventHub/namespaces/namespaceNameukj7mn/authorizationRules/namespaceAuthRule2?api-version=2022-01-01-preview+1": {
    "Request": {
      "Method": "DELETE",
      "RequestUri": "https://management.azure.com/subscriptions/326100e2-f69d-4268-8503-075374f62b6e/resourceGroups/resourceGroupAutorestj9r7ot/providers/Microsoft.EventHub/namespaces/namespaceNameukj7mn/authorizationRules/namespaceAuthRule2?api-version=2022-01-01-preview",
      "Content": null,
      "isContentBase64": false,
      "Headers": {
        "x-ms-unique-id": [ "192" ],
        "x-ms-client-request-id": [ "75d8632c-0034-4c2f-997e-12bd5fe25ca6" ],
        "CommandName": [ "Az.EventHub.private\\Remove-AzEventHubNamespaceAuthorizationRule_DeleteViaIdentity" ],
        "FullCommandName": [ "Remove-AzEventHubNamespaceAuthorizationRule_DeleteViaIdentity" ],
        "ParameterSetName": [ "__AllParameterSets" ],
        "User-Agent": [ "AzurePowershell/v0.0.0", "PSVersion/v7.1.3", "Az.EventHub/0.1.0" ],
        "Authorization": [ "[Filtered]" ]
      },
      "ContentHeaders": {
      }
    },
    "Response": {
      "StatusCode": 200,
      "Headers": {
        "Cache-Control": [ "no-cache" ],
        "Pragma": [ "no-cache" ],
        "Server": [ "Microsoft-HTTPAPI/2.0" ],
        "x-ms-ratelimit-remaining-subscription-deletes": [ "14993" ],
        "x-ms-request-id": [ "835d1415-5507-4deb-ad13-be3f8123e7da" ],
        "x-ms-correlation-request-id": [ "835d1415-5507-4deb-ad13-be3f8123e7da" ],
        "x-ms-routing-request-id": [ "KOREACENTRAL:20221123T150808Z:835d1415-5507-4deb-ad13-be3f8123e7da" ],
        "Strict-Transport-Security": [ "max-age=31536000; includeSubDomains" ],
        "X-Content-Type-Options": [ "nosniff" ],
        "Date": [ "Wed, 23 Nov 2022 15:08:08 GMT" ]
      },
      "ContentHeaders": {
        "Expires": [ "-1" ],
        "Content-Length": [ "0" ]
      },
      "Content": null,
      "isContentBase64": false
    }
  },
  "Remove-AzEventHubAuthorizationRule+[NoContext]+RemoveViaIdentityExpanded+$GET+https://management.azure.com/subscriptions/326100e2-f69d-4268-8503-075374f62b6e/resourceGroups/resourceGroupAutorestj9r7ot/providers/Microsoft.EventHub/namespaces/namespaceNameukj7mn/authorizationRules/namespaceAuthRule2?api-version=2022-01-01-preview+2": {
    "Request": {
      "Method": "GET",
      "RequestUri": "https://management.azure.com/subscriptions/326100e2-f69d-4268-8503-075374f62b6e/resourceGroups/resourceGroupAutorestj9r7ot/providers/Microsoft.EventHub/namespaces/namespaceNameukj7mn/authorizationRules/namespaceAuthRule2?api-version=2022-01-01-preview",
      "Content": null,
      "isContentBase64": false,
      "Headers": {
        "x-ms-unique-id": [ "193" ],
        "x-ms-client-request-id": [ "db2d0fbf-0938-4317-aac3-8d5eff7ed046" ],
        "CommandName": [ "Az.EventHub.private\\Get-AzEventHubNamespaceAuthorizationRule_GetViaIdentity" ],
        "FullCommandName": [ "Get-AzEventHubNamespaceAuthorizationRule_GetViaIdentity" ],
        "ParameterSetName": [ "__AllParameterSets" ],
        "User-Agent": [ "AzurePowershell/v0.0.0", "PSVersion/v7.1.3", "Az.EventHub/0.1.0" ],
        "Authorization": [ "[Filtered]" ]
      },
      "ContentHeaders": {
      }
    },
    "Response": {
      "StatusCode": 404,
      "Headers": {
        "Cache-Control": [ "no-cache" ],
        "Pragma": [ "no-cache" ],
        "Server": [ "Microsoft-HTTPAPI/2.0" ],
        "x-ms-ratelimit-remaining-subscription-reads": [ "11855" ],
        "x-ms-request-id": [ "a0374d7a-8f49-4fa0-a19d-fcdb4295d5f7" ],
        "x-ms-correlation-request-id": [ "a0374d7a-8f49-4fa0-a19d-fcdb4295d5f7" ],
        "x-ms-routing-request-id": [ "KOREACENTRAL:20221123T150809Z:a0374d7a-8f49-4fa0-a19d-fcdb4295d5f7" ],
        "Strict-Transport-Security": [ "max-age=31536000; includeSubDomains" ],
        "X-Content-Type-Options": [ "nosniff" ],
        "Date": [ "Wed, 23 Nov 2022 15:08:09 GMT" ]
      },
      "ContentHeaders": {
        "Content-Length": [ "87" ],
        "Content-Type": [ "application/json" ],
        "Expires": [ "-1" ]
      },
      "Content": "{\"error\":{\"code\":\"AuthorizationRuleNotFound\",\"message\":\"Authorization rule not found\"}}",
      "isContentBase64": false
    }
  },
  "Remove-AzEventHubAuthorizationRule+[NoContext]+RemoveViaIdentityExpanded+$GET+https://management.azure.com/subscriptions/326100e2-f69d-4268-8503-075374f62b6e/resourceGroups/resourceGroupAutorestj9r7ot/providers/Microsoft.EventHub/namespaces/namespaceNameukj7mn/authorizationRules?api-version=2022-01-01-preview+3": {
    "Request": {
      "Method": "GET",
      "RequestUri": "https://management.azure.com/subscriptions/326100e2-f69d-4268-8503-075374f62b6e/resourceGroups/resourceGroupAutorestj9r7ot/providers/Microsoft.EventHub/namespaces/namespaceNameukj7mn/authorizationRules?api-version=2022-01-01-preview",
      "Content": null,
      "isContentBase64": false,
      "Headers": {
        "x-ms-unique-id": [ "194" ],
        "x-ms-client-request-id": [ "3d7b2656-0c17-4eb3-801c-81b01b1bea3e" ],
        "CommandName": [ "Az.EventHub.private\\Get-AzEventHubNamespaceAuthorizationRule_List" ],
        "FullCommandName": [ "Get-AzEventHubNamespaceAuthorizationRule_List" ],
        "ParameterSetName": [ "__AllParameterSets" ],
        "User-Agent": [ "AzurePowershell/v0.0.0", "PSVersion/v7.1.3", "Az.EventHub/0.1.0" ],
        "Authorization": [ "[Filtered]" ]
      },
      "ContentHeaders": {
      }
    },
    "Response": {
      "StatusCode": 200,
      "Headers": {
        "Cache-Control": [ "no-cache" ],
        "Pragma": [ "no-cache" ],
        "Server": [ "Microsoft-HTTPAPI/2.0" ],
        "x-ms-ratelimit-remaining-subscription-reads": [ "11854" ],
        "x-ms-request-id": [ "293eb58d-0e3f-4f9c-8e31-d0081cf7df22" ],
        "x-ms-correlation-request-id": [ "293eb58d-0e3f-4f9c-8e31-d0081cf7df22" ],
        "x-ms-routing-request-id": [ "KOREACENTRAL:20221123T150810Z:293eb58d-0e3f-4f9c-8e31-d0081cf7df22" ],
        "Strict-Transport-Security": [ "max-age=31536000; includeSubDomains" ],
        "X-Content-Type-Options": [ "nosniff" ],
        "Date": [ "Wed, 23 Nov 2022 15:08:10 GMT" ]
      },
      "ContentHeaders": {
        "Content-Length": [ "1090" ],
        "Content-Type": [ "application/json; charset=utf-8" ],
        "Expires": [ "-1" ]
      },
      "Content": "{\"value\":[{\"id\":\"/subscriptions/326100e2-f69d-4268-8503-075374f62b6e/resourcegroups/resourceGroupAutorestj9r7ot/providers/Microsoft.EventHub/namespaces/namespaceNameukj7mn/authorizationrules/RootManageSharedAccessKey\",\"name\":\"RootManageSharedAccessKey\",\"type\":\"Microsoft.EventHub/Namespaces/AuthorizationRules\",\"location\":\"eastus\",\"properties\":{\"rights\":[\"Listen\",\"Manage\",\"Send\"]}},{\"id\":\"/subscriptions/326100e2-f69d-4268-8503-075374f62b6e/resourcegroups/resourceGroupAutorestj9r7ot/providers/Microsoft.EventHub/namespaces/namespaceNameukj7mn/authorizationrules/auth-rulegt5984\",\"name\":\"auth-rulegt5984\",\"type\":\"Microsoft.EventHub/Namespaces/AuthorizationRules\",\"location\":\"eastus\",\"properties\":{\"rights\":[\"Manage\",\"Listen\",\"Send\"]}},{\"id\":\"/subscriptions/326100e2-f69d-4268-8503-075374f62b6e/resourcegroups/resourceGroupAutorestj9r7ot/providers/Microsoft.EventHub/namespaces/namespaceNameukj7mn/authorizationrules/auth-ruleg4628m\",\"name\":\"auth-ruleg4628m\",\"type\":\"Microsoft.EventHub/Namespaces/AuthorizationRules\",\"location\":\"eastus\",\"properties\":{\"rights\":[\"Manage\",\"Send\",\"Listen\"]}}]}",
      "isContentBase64": false
    }
  },
  "Remove-AzEventHubAuthorizationRule+[NoContext]+RemoveViaIdentityExpanded+$GET+https://management.azure.com/subscriptions/326100e2-f69d-4268-8503-075374f62b6e/resourceGroups/resourceGroupAutorestj9r7ot/providers/Microsoft.EventHub/namespaces/namespaceNameukj7mn/eventhubs/eventHuby2r57j/authorizationRules?api-version=2022-01-01-preview+4": {
    "Request": {
      "Method": "GET",
      "RequestUri": "https://management.azure.com/subscriptions/326100e2-f69d-4268-8503-075374f62b6e/resourceGroups/resourceGroupAutorestj9r7ot/providers/Microsoft.EventHub/namespaces/namespaceNameukj7mn/eventhubs/eventHuby2r57j/authorizationRules?api-version=2022-01-01-preview",
      "Content": null,
      "isContentBase64": false,
      "Headers": {
        "x-ms-unique-id": [ "195" ],
        "x-ms-client-request-id": [ "b2ef5801-abfe-4180-8911-42d3e57b6d44" ],
        "CommandName": [ "Az.EventHub.private\\Get-AzEventHubAuthorizationRule_List" ],
        "FullCommandName": [ "Get-AzEventHubAuthorizationRule_List" ],
        "ParameterSetName": [ "__AllParameterSets" ],
        "User-Agent": [ "AzurePowershell/v0.0.0", "PSVersion/v7.1.3", "Az.EventHub/0.1.0" ],
        "Authorization": [ "[Filtered]" ]
      },
      "ContentHeaders": {
      }
    },
    "Response": {
      "StatusCode": 200,
      "Headers": {
        "Cache-Control": [ "no-cache" ],
        "Pragma": [ "no-cache" ],
        "Server": [ "Microsoft-HTTPAPI/2.0" ],
        "x-ms-ratelimit-remaining-subscription-reads": [ "11853" ],
        "x-ms-request-id": [ "b5d9ca7b-a6df-40eb-9bc0-83047d5c84af" ],
        "x-ms-correlation-request-id": [ "b5d9ca7b-a6df-40eb-9bc0-83047d5c84af" ],
        "x-ms-routing-request-id": [ "KOREACENTRAL:20221123T150810Z:b5d9ca7b-a6df-40eb-9bc0-83047d5c84af" ],
        "Strict-Transport-Security": [ "max-age=31536000; includeSubDomains" ],
        "X-Content-Type-Options": [ "nosniff" ],
        "Date": [ "Wed, 23 Nov 2022 15:08:10 GMT" ]
      },
      "ContentHeaders": {
        "Content-Length": [ "1159" ],
        "Content-Type": [ "application/json; charset=utf-8" ],
        "Expires": [ "-1" ]
      },
      "Content": "{\"value\":[{\"id\":\"/subscriptions/326100e2-f69d-4268-8503-075374f62b6e/resourcegroups/resourceGroupAutorestj9r7ot/providers/Microsoft.EventHub/namespaces/namespaceNameukj7mn/eventhubs/eventHuby2r57j/authorizationrules/auth-rule2izqdv\",\"name\":\"auth-rule2izqdv\",\"type\":\"Microsoft.EventHub/namespaces/eventhubs/authorizationrules\",\"location\":\"eastus\",\"properties\":{\"rights\":[\"Listen\"]}},{\"id\":\"/subscriptions/326100e2-f69d-4268-8503-075374f62b6e/resourcegroups/resourceGroupAutorestj9r7ot/providers/Microsoft.EventHub/namespaces/namespaceNameukj7mn/eventhubs/eventHuby2r57j/authorizationrules/auth-rule1hbp87\",\"name\":\"auth-rule1hbp87\",\"type\":\"Microsoft.EventHub/namespaces/eventhubs/authorizationrules\",\"location\":\"eastus\",\"properties\":{\"rights\":[\"Manage\",\"Listen\",\"Send\"]}},{\"id\":\"/subscriptions/326100e2-f69d-4268-8503-075374f62b6e/resourcegroups/resourceGroupAutorestj9r7ot/providers/Microsoft.EventHub/namespaces/namespaceNameukj7mn/eventhubs/eventHuby2r57j/authorizationrules/entityAuthRule2\",\"name\":\"entityAuthRule2\",\"type\":\"Microsoft.EventHub/namespaces/eventhubs/authorizationrules\",\"location\":\"eastus\",\"properties\":{\"rights\":[\"Manage\",\"Send\",\"Listen\"]}}]}",
      "isContentBase64": false
    }
  },
  "Remove-AzEventHubAuthorizationRule+[NoContext]+RemoveViaIdentityExpanded+$DELETE+https://management.azure.com/subscriptions/326100e2-f69d-4268-8503-075374f62b6e/resourceGroups/resourceGroupAutorestj9r7ot/providers/Microsoft.EventHub/namespaces/namespaceNameukj7mn/eventhubs/eventHuby2r57j/authorizationRules/entityAuthRule2?api-version=2022-01-01-preview+5": {
    "Request": {
      "Method": "DELETE",
      "RequestUri": "https://management.azure.com/subscriptions/326100e2-f69d-4268-8503-075374f62b6e/resourceGroups/resourceGroupAutorestj9r7ot/providers/Microsoft.EventHub/namespaces/namespaceNameukj7mn/eventhubs/eventHuby2r57j/authorizationRules/entityAuthRule2?api-version=2022-01-01-preview",
      "Content": null,
      "isContentBase64": false,
      "Headers": {
        "x-ms-unique-id": [ "196" ],
        "x-ms-client-request-id": [ "5042d341-7653-4eab-a042-50fb97e52452" ],
        "CommandName": [ "Az.EventHub.private\\Remove-AzEventHubAuthorizationRule_DeleteViaIdentity" ],
        "FullCommandName": [ "Remove-AzEventHubAuthorizationRule_DeleteViaIdentity" ],
        "ParameterSetName": [ "__AllParameterSets" ],
        "User-Agent": [ "AzurePowershell/v0.0.0", "PSVersion/v7.1.3", "Az.EventHub/0.1.0" ],
        "Authorization": [ "[Filtered]" ]
      },
      "ContentHeaders": {
      }
    },
    "Response": {
      "StatusCode": 200,
      "Headers": {
        "Cache-Control": [ "no-cache" ],
        "Pragma": [ "no-cache" ],
        "Server": [ "Microsoft-HTTPAPI/2.0" ],
        "x-ms-ratelimit-remaining-subscription-deletes": [ "14992" ],
        "x-ms-request-id": [ "49b19344-0aff-47fc-865c-72ed373ef671" ],
        "x-ms-correlation-request-id": [ "49b19344-0aff-47fc-865c-72ed373ef671" ],
        "x-ms-routing-request-id": [ "KOREACENTRAL:20221123T150812Z:49b19344-0aff-47fc-865c-72ed373ef671" ],
        "Strict-Transport-Security": [ "max-age=31536000; includeSubDomains" ],
        "X-Content-Type-Options": [ "nosniff" ],
        "Date": [ "Wed, 23 Nov 2022 15:08:12 GMT" ]
      },
      "ContentHeaders": {
        "Expires": [ "-1" ],
        "Content-Length": [ "0" ]
      },
      "Content": null,
      "isContentBase64": false
    }
  },
  "Remove-AzEventHubAuthorizationRule+[NoContext]+RemoveViaIdentityExpanded+$GET+https://management.azure.com/subscriptions/326100e2-f69d-4268-8503-075374f62b6e/resourceGroups/resourceGroupAutorestj9r7ot/providers/Microsoft.EventHub/namespaces/namespaceNameukj7mn/eventhubs/eventHuby2r57j/authorizationRules/entityAuthRule2?api-version=2022-01-01-preview+6": {
    "Request": {
      "Method": "GET",
      "RequestUri": "https://management.azure.com/subscriptions/326100e2-f69d-4268-8503-075374f62b6e/resourceGroups/resourceGroupAutorestj9r7ot/providers/Microsoft.EventHub/namespaces/namespaceNameukj7mn/eventhubs/eventHuby2r57j/authorizationRules/entityAuthRule2?api-version=2022-01-01-preview",
      "Content": null,
      "isContentBase64": false,
      "Headers": {
        "x-ms-unique-id": [ "197" ],
        "x-ms-client-request-id": [ "2a286d61-af78-43dc-97ba-21046d919254" ],
        "CommandName": [ "Az.EventHub.private\\Get-AzEventHubAuthorizationRule_GetViaIdentity" ],
        "FullCommandName": [ "Get-AzEventHubAuthorizationRule_GetViaIdentity" ],
        "ParameterSetName": [ "__AllParameterSets" ],
        "User-Agent": [ "AzurePowershell/v0.0.0", "PSVersion/v7.1.3", "Az.EventHub/0.1.0" ],
        "Authorization": [ "[Filtered]" ]
      },
      "ContentHeaders": {
      }
    },
    "Response": {
      "StatusCode": 404,
      "Headers": {
        "Cache-Control": [ "no-cache" ],
        "Pragma": [ "no-cache" ],
        "Server": [ "Microsoft-HTTPAPI/2.0" ],
        "x-ms-ratelimit-remaining-subscription-reads": [ "11852" ],
        "x-ms-request-id": [ "d965e050-313f-49a1-8be3-2fd31645511c" ],
        "x-ms-correlation-request-id": [ "d965e050-313f-49a1-8be3-2fd31645511c" ],
        "x-ms-routing-request-id": [ "KOREACENTRAL:20221123T150813Z:d965e050-313f-49a1-8be3-2fd31645511c" ],
        "Strict-Transport-Security": [ "max-age=31536000; includeSubDomains" ],
        "X-Content-Type-Options": [ "nosniff" ],
        "Date": [ "Wed, 23 Nov 2022 15:08:13 GMT" ]
      },
      "ContentHeaders": {
        "Content-Length": [ "87" ],
        "Content-Type": [ "application/json" ],
        "Expires": [ "-1" ]
      },
      "Content": "{\"error\":{\"code\":\"AuthorizationRuleNotFound\",\"message\":\"Authorization rule not found\"}}",
      "isContentBase64": false
    }
  },
  "Remove-AzEventHubAuthorizationRule+[NoContext]+RemoveViaIdentityExpanded+$GET+https://management.azure.com/subscriptions/326100e2-f69d-4268-8503-075374f62b6e/resourceGroups/resourceGroupAutorestj9r7ot/providers/Microsoft.EventHub/namespaces/namespaceNameukj7mn/authorizationRules?api-version=2022-01-01-preview+7": {
    "Request": {
      "Method": "GET",
      "RequestUri": "https://management.azure.com/subscriptions/326100e2-f69d-4268-8503-075374f62b6e/resourceGroups/resourceGroupAutorestj9r7ot/providers/Microsoft.EventHub/namespaces/namespaceNameukj7mn/authorizationRules?api-version=2022-01-01-preview",
      "Content": null,
      "isContentBase64": false,
      "Headers": {
        "x-ms-unique-id": [ "198" ],
        "x-ms-client-request-id": [ "51c80d1f-7f77-41e1-8dcd-f6284600007a" ],
        "CommandName": [ "Az.EventHub.private\\Get-AzEventHubNamespaceAuthorizationRule_List" ],
        "FullCommandName": [ "Get-AzEventHubNamespaceAuthorizationRule_List" ],
        "ParameterSetName": [ "__AllParameterSets" ],
        "User-Agent": [ "AzurePowershell/v0.0.0", "PSVersion/v7.1.3", "Az.EventHub/0.1.0" ],
        "Authorization": [ "[Filtered]" ]
      },
      "ContentHeaders": {
      }
    },
    "Response": {
      "StatusCode": 200,
      "Headers": {
        "Cache-Control": [ "no-cache" ],
        "Pragma": [ "no-cache" ],
        "Server": [ "Microsoft-HTTPAPI/2.0" ],
        "x-ms-ratelimit-remaining-subscription-reads": [ "11851" ],
        "x-ms-request-id": [ "89f45a8d-1fd2-4c8e-843d-25bb74d6ee20" ],
        "x-ms-correlation-request-id": [ "89f45a8d-1fd2-4c8e-843d-25bb74d6ee20" ],
        "x-ms-routing-request-id": [ "KOREACENTRAL:20221123T150814Z:89f45a8d-1fd2-4c8e-843d-25bb74d6ee20" ],
        "Strict-Transport-Security": [ "max-age=31536000; includeSubDomains" ],
        "X-Content-Type-Options": [ "nosniff" ],
        "Date": [ "Wed, 23 Nov 2022 15:08:13 GMT" ]
      },
      "ContentHeaders": {
        "Content-Length": [ "1090" ],
        "Content-Type": [ "application/json; charset=utf-8" ],
        "Expires": [ "-1" ]
      },
      "Content": "{\"value\":[{\"id\":\"/subscriptions/326100e2-f69d-4268-8503-075374f62b6e/resourcegroups/resourceGroupAutorestj9r7ot/providers/Microsoft.EventHub/namespaces/namespaceNameukj7mn/authorizationrules/RootManageSharedAccessKey\",\"name\":\"RootManageSharedAccessKey\",\"type\":\"Microsoft.EventHub/Namespaces/AuthorizationRules\",\"location\":\"eastus\",\"properties\":{\"rights\":[\"Listen\",\"Manage\",\"Send\"]}},{\"id\":\"/subscriptions/326100e2-f69d-4268-8503-075374f62b6e/resourcegroups/resourceGroupAutorestj9r7ot/providers/Microsoft.EventHub/namespaces/namespaceNameukj7mn/authorizationrules/auth-rulegt5984\",\"name\":\"auth-rulegt5984\",\"type\":\"Microsoft.EventHub/Namespaces/AuthorizationRules\",\"location\":\"eastus\",\"properties\":{\"rights\":[\"Manage\",\"Listen\",\"Send\"]}},{\"id\":\"/subscriptions/326100e2-f69d-4268-8503-075374f62b6e/resourcegroups/resourceGroupAutorestj9r7ot/providers/Microsoft.EventHub/namespaces/namespaceNameukj7mn/authorizationrules/auth-ruleg4628m\",\"name\":\"auth-ruleg4628m\",\"type\":\"Microsoft.EventHub/Namespaces/AuthorizationRules\",\"location\":\"eastus\",\"properties\":{\"rights\":[\"Manage\",\"Send\",\"Listen\"]}}]}",
      "isContentBase64": false
    }
  },
  "Remove-AzEventHubAuthorizationRule+[NoContext]+RemoveViaIdentityExpanded+$GET+https://management.azure.com/subscriptions/326100e2-f69d-4268-8503-075374f62b6e/resourceGroups/resourceGroupAutorestj9r7ot/providers/Microsoft.EventHub/namespaces/namespaceNameukj7mn/eventhubs/eventHuby2r57j/authorizationRules?api-version=2022-01-01-preview+8": {
    "Request": {
      "Method": "GET",
      "RequestUri": "https://management.azure.com/subscriptions/326100e2-f69d-4268-8503-075374f62b6e/resourceGroups/resourceGroupAutorestj9r7ot/providers/Microsoft.EventHub/namespaces/namespaceNameukj7mn/eventhubs/eventHuby2r57j/authorizationRules?api-version=2022-01-01-preview",
      "Content": null,
      "isContentBase64": false,
      "Headers": {
        "x-ms-unique-id": [ "199" ],
        "x-ms-client-request-id": [ "34f14b69-ee2d-451b-a3af-ed949c0ff06f" ],
        "CommandName": [ "Az.EventHub.private\\Get-AzEventHubAuthorizationRule_List" ],
        "FullCommandName": [ "Get-AzEventHubAuthorizationRule_List" ],
        "ParameterSetName": [ "__AllParameterSets" ],
        "User-Agent": [ "AzurePowershell/v0.0.0", "PSVersion/v7.1.3", "Az.EventHub/0.1.0" ],
        "Authorization": [ "[Filtered]" ]
      },
      "ContentHeaders": {
      }
    },
    "Response": {
      "StatusCode": 200,
      "Headers": {
        "Cache-Control": [ "no-cache" ],
        "Pragma": [ "no-cache" ],
        "Server": [ "Microsoft-HTTPAPI/2.0" ],
        "x-ms-ratelimit-remaining-subscription-reads": [ "11850" ],
        "x-ms-request-id": [ "8179747d-75a4-4c48-8c8d-8be8a81c2bdf" ],
        "x-ms-correlation-request-id": [ "8179747d-75a4-4c48-8c8d-8be8a81c2bdf" ],
        "x-ms-routing-request-id": [ "KOREACENTRAL:20221123T150814Z:8179747d-75a4-4c48-8c8d-8be8a81c2bdf" ],
        "Strict-Transport-Security": [ "max-age=31536000; includeSubDomains" ],
        "X-Content-Type-Options": [ "nosniff" ],
        "Date": [ "Wed, 23 Nov 2022 15:08:14 GMT" ]
      },
      "ContentHeaders": {
        "Content-Length": [ "771" ],
        "Content-Type": [ "application/json; charset=utf-8" ],
        "Expires": [ "-1" ]
      },
      "Content": "{\"value\":[{\"id\":\"/subscriptions/326100e2-f69d-4268-8503-075374f62b6e/resourcegroups/resourceGroupAutorestj9r7ot/providers/Microsoft.EventHub/namespaces/namespaceNameukj7mn/eventhubs/eventHuby2r57j/authorizationrules/auth-rule2izqdv\",\"name\":\"auth-rule2izqdv\",\"type\":\"Microsoft.EventHub/namespaces/eventhubs/authorizationrules\",\"location\":\"eastus\",\"properties\":{\"rights\":[\"Listen\"]}},{\"id\":\"/subscriptions/326100e2-f69d-4268-8503-075374f62b6e/resourcegroups/resourceGroupAutorestj9r7ot/providers/Microsoft.EventHub/namespaces/namespaceNameukj7mn/eventhubs/eventHuby2r57j/authorizationrules/auth-rule1hbp87\",\"name\":\"auth-rule1hbp87\",\"type\":\"Microsoft.EventHub/namespaces/eventhubs/authorizationrules\",\"location\":\"eastus\",\"properties\":{\"rights\":[\"Manage\",\"Listen\",\"Send\"]}}]}",
      "isContentBase64": false
    }
  }
}