{
  "Remove-AzEventHub+[NoContext]+Delete+$PUT+https://management.azure.com/subscriptions/326100e2-f69d-4268-8503-075374f62b6e/resourceGroups/resourceGroupAutoresto0ur68/providers/Microsoft.EventHub/namespaces/namespaceNameczisj4/eventhubs/eh1?api-version=2022-01-01-preview+1": {
    "Request": {
      "Method": "PUT",
      "RequestUri": "https://management.azure.com/subscriptions/326100e2-f69d-4268-8503-075374f62b6e/resourceGroups/resourceGroupAutoresto0ur68/providers/Microsoft.EventHub/namespaces/namespaceNameczisj4/eventhubs/eh1?api-version=2022-01-01-preview",
      "Content": "{\n}",
      "isContentBase64": false,
      "Headers": {
      },
      "ContentHeaders": {
        "Content-Type": [ "application/json" ],
        "Content-Length": [ "3" ]
      }
    },
    "Response": {
      "StatusCode": 200,
      "Headers": {
        "Cache-Control": [ "no-cache" ],
        "Pragma": [ "no-cache" ],
        "Server": [ "Microsoft-HTTPAPI/2.0" ],
        "x-ms-ratelimit-remaining-subscription-writes": [ "1183" ],
        "x-ms-request-id": [ "3de4dc4e-7f1a-4a93-b3c3-06ca0efe3a7c" ],
        "x-ms-correlation-request-id": [ "3de4dc4e-7f1a-4a93-b3c3-06ca0efe3a7c" ],
        "x-ms-routing-request-id": [ "KOREACENTRAL:20220926T114908Z:3de4dc4e-7f1a-4a93-b3c3-06ca0efe3a7c" ],
        "Strict-Transport-Security": [ "max-age=31536000; includeSubDomains" ],
        "X-Content-Type-Options": [ "nosniff" ],
        "Date": [ "Mon, 26 Sep 2022 11:49:08 GMT" ]
      },
      "ContentHeaders": {
        "Content-Length": [ "448" ],
        "Content-Type": [ "application/json; charset=utf-8" ],
        "Expires": [ "-1" ]
      },
      "Content": "{\"id\":\"/subscriptions/326100e2-f69d-4268-8503-075374f62b6e/resourceGroups/resourceGroupAutoresto0ur68/providers/Microsoft.EventHub/namespaces/namespaceNameczisj4/eventhubs/eh1\",\"name\":\"eh1\",\"type\":\"Microsoft.EventHub/namespaces/eventhubs\",\"location\":\"eastus\",\"properties\":{\"messageRetentionInDays\":7,\"partitionCount\":4,\"status\":\"Active\",\"createdAt\":\"2022-09-26T11:49:07.877Z\",\"updatedAt\":\"2022-09-26T11:49:08.09Z\",\"partitionIds\":[\"0\",\"1\",\"2\",\"3\"]}}",
      "isContentBase64": false
    }
  },
  "Remove-AzEventHub+[NoContext]+Delete+$DELETE+https://management.azure.com/subscriptions/326100e2-f69d-4268-8503-075374f62b6e/resourceGroups/resourceGroupAutoresto0ur68/providers/Microsoft.EventHub/namespaces/namespaceNameczisj4/eventhubs/eh1?api-version=2022-01-01-preview+2": {
    "Request": {
      "Method": "DELETE",
      "RequestUri": "https://management.azure.com/subscriptions/326100e2-f69d-4268-8503-075374f62b6e/resourceGroups/resourceGroupAutoresto0ur68/providers/Microsoft.EventHub/namespaces/namespaceNameczisj4/eventhubs/eh1?api-version=2022-01-01-preview",
      "Content": null,
      "isContentBase64": false,
      "Headers": {
        "x-ms-unique-id": [ "204" ],
        "x-ms-client-request-id": [ "8fea4782-48e4-4ab9-9f57-38c49a83cac7" ],
        "CommandName": [ "Remove-AzEventHub" ],
        "FullCommandName": [ "Remove-AzEventHub_Delete" ],
        "ParameterSetName": [ "__AllParameterSets" ],
        "User-Agent": [ "AzurePowershell/v0.0.0", "PSVersion/v7.1.3", "Az.EventHub/0.1.0" ],
        "Authorization": [ "[Filtered]" ]
      },
      "ContentHeaders": {
      }
    },
    "Response": {
      "StatusCode": 200,
      "Headers": {
        "Cache-Control": [ "no-cache" ],
        "Pragma": [ "no-cache" ],
        "Server": [ "Microsoft-HTTPAPI/2.0" ],
        "x-ms-ratelimit-remaining-subscription-deletes": [ "14999" ],
        "x-ms-request-id": [ "265cd907-75ac-44e9-a9ad-ac9f88b2d482" ],
        "x-ms-correlation-request-id": [ "265cd907-75ac-44e9-a9ad-ac9f88b2d482" ],
        "x-ms-routing-request-id": [ "KOREACENTRAL:20220926T114912Z:265cd907-75ac-44e9-a9ad-ac9f88b2d482" ],
        "Strict-Transport-Security": [ "max-age=31536000; includeSubDomains" ],
        "X-Content-Type-Options": [ "nosniff" ],
        "Date": [ "Mon, 26 Sep 2022 11:49:11 GMT" ]
      },
      "ContentHeaders": {
        "Expires": [ "-1" ],
        "Content-Length": [ "0" ]
      },
      "Content": null,
      "isContentBase64": false
    }
  },
  "Remove-AzEventHub+[NoContext]+Delete+$GET+https://management.azure.com/subscriptions/326100e2-f69d-4268-8503-075374f62b6e/resourceGroups/resourceGroupAutoresto0ur68/providers/Microsoft.EventHub/namespaces/namespaceNameczisj4/eventhubs/eh1?api-version=2022-01-01-preview+3": {
    "Request": {
      "Method": "GET",
      "RequestUri": "https://management.azure.com/subscriptions/326100e2-f69d-4268-8503-075374f62b6e/resourceGroups/resourceGroupAutoresto0ur68/providers/Microsoft.EventHub/namespaces/namespaceNameczisj4/eventhubs/eh1?api-version=2022-01-01-preview",
      "Content": null,
      "isContentBase64": false,
      "Headers": {
        "x-ms-unique-id": [ "205" ],
        "x-ms-client-request-id": [ "d7f26df7-760a-4e1f-85d5-ee358686ba2e" ],
        "CommandName": [ "Get-AzEventHub" ],
        "FullCommandName": [ "Get-AzEventHub_Get" ],
        "ParameterSetName": [ "__AllParameterSets" ],
        "User-Agent": [ "AzurePowershell/v0.0.0", "PSVersion/v7.1.3", "Az.EventHub/0.1.0" ],
        "Authorization": [ "[Filtered]" ]
      },
      "ContentHeaders": {
      }
    },
    "Response": {
      "StatusCode": 404,
      "Headers": {
        "Cache-Control": [ "no-cache" ],
        "Pragma": [ "no-cache" ],
        "Server": [ "Microsoft-HTTPAPI/2.0" ],
        "x-ms-ratelimit-remaining-subscription-reads": [ "11828" ],
        "x-ms-request-id": [ "dd680d30-2a92-45ef-bd06-f669ae75e668" ],
        "x-ms-correlation-request-id": [ "dd680d30-2a92-45ef-bd06-f669ae75e668" ],
        "x-ms-routing-request-id": [ "KOREACENTRAL:20220926T114913Z:dd680d30-2a92-45ef-bd06-f669ae75e668" ],
        "Strict-Transport-Security": [ "max-age=31536000; includeSubDomains" ],
        "X-Content-Type-Options": [ "nosniff" ],
        "Date": [ "Mon, 26 Sep 2022 11:49:13 GMT" ]
      },
      "ContentHeaders": {
        "Content-Length": [ "78" ],
        "Content-Type": [ "application/json" ],
        "Expires": [ "-1" ]
      },
      "Content": "{\"error\":{\"code\":\"EntityNotFound\",\"message\":\"EventHub entity does not exist\"}}",
      "isContentBase64": false
    }
  },
  "Remove-AzEventHub+[NoContext]+DeleteViaIdentity+$PUT+https://management.azure.com/subscriptions/326100e2-f69d-4268-8503-075374f62b6e/resourceGroups/resourceGroupAutoresto0ur68/providers/Microsoft.EventHub/namespaces/namespaceNameczisj4/eventhubs/eh1?api-version=2022-01-01-preview+1": {
    "Request": {
      "Method": "PUT",
      "RequestUri": "https://management.azure.com/subscriptions/326100e2-f69d-4268-8503-075374f62b6e/resourceGroups/resourceGroupAutoresto0ur68/providers/Microsoft.EventHub/namespaces/namespaceNameczisj4/eventhubs/eh1?api-version=2022-01-01-preview",
      "Content": "{\n}",
      "isContentBase64": false,
      "Headers": {
      },
      "ContentHeaders": {
        "Content-Type": [ "application/json" ],
        "Content-Length": [ "3" ]
      }
    },
    "Response": {
      "StatusCode": 200,
      "Headers": {
        "Cache-Control": [ "no-cache" ],
        "Pragma": [ "no-cache" ],
        "Server": [ "Microsoft-HTTPAPI/2.0" ],
        "x-ms-ratelimit-remaining-subscription-writes": [ "1182" ],
        "x-ms-request-id": [ "fdc43e32-6409-499f-a222-4d51d46e6091" ],
        "x-ms-correlation-request-id": [ "fdc43e32-6409-499f-a222-4d51d46e6091" ],
        "x-ms-routing-request-id": [ "KOREACENTRAL:20220926T114916Z:fdc43e32-6409-499f-a222-4d51d46e6091" ],
        "Strict-Transport-Security": [ "max-age=31536000; includeSubDomains" ],
        "X-Content-Type-Options": [ "nosniff" ],
        "Date": [ "Mon, 26 Sep 2022 11:49:15 GMT" ]
      },
      "ContentHeaders": {
        "Content-Length": [ "449" ],
        "Content-Type": [ "application/json; charset=utf-8" ],
        "Expires": [ "-1" ]
      },
      "Content": "{\"id\":\"/subscriptions/326100e2-f69d-4268-8503-075374f62b6e/resourceGroups/resourceGroupAutoresto0ur68/providers/Microsoft.EventHub/namespaces/namespaceNameczisj4/eventhubs/eh1\",\"name\":\"eh1\",\"type\":\"Microsoft.EventHub/namespaces/eventhubs\",\"location\":\"eastus\",\"properties\":{\"messageRetentionInDays\":7,\"partitionCount\":4,\"status\":\"Active\",\"createdAt\":\"2022-09-26T11:49:15.413Z\",\"updatedAt\":\"2022-09-26T11:49:15.577Z\",\"partitionIds\":[\"0\",\"1\",\"2\",\"3\"]}}",
      "isContentBase64": false
    }
  },
  "Remove-AzEventHub+[NoContext]+DeleteViaIdentity+$DELETE+https://management.azure.com/subscriptions/326100e2-f69d-4268-8503-075374f62b6e/resourceGroups/resourceGroupAutoresto0ur68/providers/Microsoft.EventHub/namespaces/namespaceNameczisj4/eventhubs/eh1?api-version=2022-01-01-preview+2": {
    "Request": {
      "Method": "DELETE",
      "RequestUri": "https://management.azure.com/subscriptions/326100e2-f69d-4268-8503-075374f62b6e/resourceGroups/resourceGroupAutoresto0ur68/providers/Microsoft.EventHub/namespaces/namespaceNameczisj4/eventhubs/eh1?api-version=2022-01-01-preview",
      "Content": null,
      "isContentBase64": false,
      "Headers": {
        "x-ms-unique-id": [ "207" ],
        "x-ms-client-request-id": [ "31b9b65a-4c59-452e-a7ec-14a56e6532a8" ],
        "CommandName": [ "Remove-AzEventHub" ],
        "FullCommandName": [ "Remove-AzEventHub_DeleteViaIdentity" ],
        "ParameterSetName": [ "__AllParameterSets" ],
        "User-Agent": [ "AzurePowershell/v0.0.0", "PSVersion/v7.1.3", "Az.EventHub/0.1.0" ],
        "Authorization": [ "[Filtered]" ]
      },
      "ContentHeaders": {
      }
    },
    "Response": {
      "StatusCode": 200,
      "Headers": {
        "Cache-Control": [ "no-cache" ],
        "Pragma": [ "no-cache" ],
        "Server": [ "Microsoft-HTTPAPI/2.0" ],
        "x-ms-ratelimit-remaining-subscription-deletes": [ "14998" ],
        "x-ms-request-id": [ "ec84b6f4-1026-458d-ad9a-622c2e41ec88" ],
        "x-ms-correlation-request-id": [ "ec84b6f4-1026-458d-ad9a-622c2e41ec88" ],
        "x-ms-routing-request-id": [ "KOREACENTRAL:20220926T114917Z:ec84b6f4-1026-458d-ad9a-622c2e41ec88" ],
        "Strict-Transport-Security": [ "max-age=31536000; includeSubDomains" ],
        "X-Content-Type-Options": [ "nosniff" ],
        "Date": [ "Mon, 26 Sep 2022 11:49:17 GMT" ]
      },
      "ContentHeaders": {
        "Expires": [ "-1" ],
        "Content-Length": [ "0" ]
      },
      "Content": null,
      "isContentBase64": false
    }
  },
  "Remove-AzEventHub+[NoContext]+DeleteViaIdentity+$GET+https://management.azure.com/subscriptions/326100e2-f69d-4268-8503-075374f62b6e/resourceGroups/resourceGroupAutoresto0ur68/providers/Microsoft.EventHub/namespaces/namespaceNameczisj4/eventhubs/eh1?api-version=2022-01-01-preview+3": {
    "Request": {
      "Method": "GET",
      "RequestUri": "https://management.azure.com/subscriptions/326100e2-f69d-4268-8503-075374f62b6e/resourceGroups/resourceGroupAutoresto0ur68/providers/Microsoft.EventHub/namespaces/namespaceNameczisj4/eventhubs/eh1?api-version=2022-01-01-preview",
      "Content": null,
      "isContentBase64": false,
      "Headers": {
        "x-ms-unique-id": [ "208" ],
        "x-ms-client-request-id": [ "cb77d7b9-48db-4285-8056-bac1a35894eb" ],
        "CommandName": [ "Get-AzEventHub" ],
        "FullCommandName": [ "Get-AzEventHub_GetViaIdentity" ],
        "ParameterSetName": [ "__AllParameterSets" ],
        "User-Agent": [ "AzurePowershell/v0.0.0", "PSVersion/v7.1.3", "Az.EventHub/0.1.0" ],
        "Authorization": [ "[Filtered]" ]
      },
      "ContentHeaders": {
      }
    },
    "Response": {
      "StatusCode": 404,
      "Headers": {
        "Cache-Control": [ "no-cache" ],
        "Pragma": [ "no-cache" ],
        "Server": [ "Microsoft-HTTPAPI/2.0" ],
        "x-ms-ratelimit-remaining-subscription-reads": [ "11827" ],
        "x-ms-request-id": [ "b3478877-aeb4-4e08-ba23-6ce7f4d68a9e" ],
        "x-ms-correlation-request-id": [ "b3478877-aeb4-4e08-ba23-6ce7f4d68a9e" ],
        "x-ms-routing-request-id": [ "KOREACENTRAL:20220926T114918Z:b3478877-aeb4-4e08-ba23-6ce7f4d68a9e" ],
        "Strict-Transport-Security": [ "max-age=31536000; includeSubDomains" ],
        "X-Content-Type-Options": [ "nosniff" ],
        "Date": [ "Mon, 26 Sep 2022 11:49:18 GMT" ]
      },
      "ContentHeaders": {
        "Content-Length": [ "78" ],
        "Content-Type": [ "application/json" ],
        "Expires": [ "-1" ]
      },
      "Content": "{\"error\":{\"code\":\"EntityNotFound\",\"message\":\"EventHub entity does not exist\"}}",
      "isContentBase64": false
    }
  }
}