{
  "Set-AzEventHubConsumerGroup+[NoContext]+SetExpanded+$GET+https://management.azure.com/subscriptions/326100e2-f69d-4268-8503-075374f62b6e/resourceGroups/resourceGroupAutorestqy8fdg/providers/Microsoft.EventHub/namespaces/namespaceName0hiqkr/eventhubs/eventHubktpb8h/consumergroups/%24Default?api-version=2023-01-01-preview+1": {
    "Request": {
      "Method": "GET",
      "RequestUri": "https://management.azure.com/subscriptions/326100e2-f69d-4268-8503-075374f62b6e/resourceGroups/resourceGroupAutorestqy8fdg/providers/Microsoft.EventHub/namespaces/namespaceName0hiqkr/eventhubs/eventHubktpb8h/consumergroups/%24Default?api-version=2023-01-01-preview",
      "Content": null,
      "isContentBase64": false,
      "Headers": {
        "x-ms-unique-id": [ "237" ],
        "x-ms-client-request-id": [ "95fc195c-566d-43cc-ab11-88194a974edc" ],
        "CommandName": [ "Get-AzEventHubConsumerGroup" ],
        "FullCommandName": [ "Get-AzEventHubConsumerGroup_Get" ],
        "ParameterSetName": [ "__AllParameterSets" ],
        "User-Agent": [ "AzurePowershell/v0.0.0", "PSVersion/v7.2.12", "Az.EventHub/0.1.0" ],
        "Authorization": [ "[Filtered]" ]
      },
      "ContentHeaders": {
      }
    },
    "Response": {
      "StatusCode": 200,
      "Headers": {
        "Cache-Control": [ "no-cache" ],
        "Pragma": [ "no-cache" ],
        "x-ms-correlation-request-id": [ "9b0e963d-5b5b-429d-bf2c-80abfabcf1f2" ],
        "x-ms-client-request-id": [ "95fc195c-566d-43cc-ab11-88194a974edc_RP" ],
        "x-ms-messaging-activity-id": [ "880cbf03-f4ad-43d8-bc1e-ccfd12e24e37" ],
        "x-ms-messaging-routing-id": [ "EASTUS|EASTUS|G11|2024-02-21T13:04:30" ],
        "Strict-Transport-Security": [ "max-age=31536000; includeSubDomains" ],
        "x-ms-ratelimit-remaining-subscription-reads": [ "11998" ],
        "x-ms-request-id": [ "9b0e963d-5b5b-429d-bf2c-80abfabcf1f2" ],
        "x-ms-routing-request-id": [ "KOREACENTRAL:20240221T130430Z:9b0e963d-5b5b-429d-bf2c-80abfabcf1f2" ],
        "X-Content-Type-Options": [ "nosniff" ],
        "X-Cache": [ "CONFIG_NOCACHE" ],
        "X-MSEdge-Ref": [ "Ref A: D71021A5EE5F44468B9961776CF43233 Ref B: SEL221051503027 Ref C: 2024-02-21T13:04:29Z" ],
        "Date": [ "Wed, 21 Feb 2024 13:04:29 GMT" ]
      },
      "ContentHeaders": {
        "Content-Length": [ "407" ],
        "Content-Type": [ "application/json; charset=utf-8" ],
        "Expires": [ "-1" ]
      },
      "Content": "{\"id\":\"/subscriptions/326100e2-f69d-4268-8503-075374f62b6e/resourceGroups/resourceGroupAutorestqy8fdg/providers/Microsoft.EventHub/namespaces/namespaceName0hiqkr/eventhubs/eventHubktpb8h/consumergroups/$Default\",\"name\":\"$Default\",\"type\":\"Microsoft.EventHub/namespaces/eventhubs/consumergroups\",\"location\":\"eastus\",\"properties\":{\"createdAt\":\"2024-02-21T12:27:44.602Z\",\"updatedAt\":\"2024-02-21T12:27:44.649Z\"}}",
      "isContentBase64": false
    }
  },
  "Set-AzEventHubConsumerGroup+[NoContext]+SetExpanded+$PUT+https://management.azure.com/subscriptions/326100e2-f69d-4268-8503-075374f62b6e/resourceGroups/resourceGroupAutorestqy8fdg/providers/Microsoft.EventHub/namespaces/namespaceName0hiqkr/eventhubs/eventHubktpb8h/consumergroups/$Default?api-version=2023-01-01-preview+2": {
    "Request": {
      "Method": "PUT",
      "RequestUri": "https://management.azure.com/subscriptions/326100e2-f69d-4268-8503-075374f62b6e/resourceGroups/resourceGroupAutorestqy8fdg/providers/Microsoft.EventHub/namespaces/namespaceName0hiqkr/eventhubs/eventHubktpb8h/consumergroups/$Default?api-version=2023-01-01-preview",
      "Content": "{\n  \"properties\": {\n    \"userMetadata\": \"Second Metadata\"\n  }\n}",
      "isContentBase64": false,
      "Headers": {
      },
      "ContentHeaders": {
        "Content-Type": [ "application/json" ],
        "Content-Length": [ "63" ]
      }
    },
    "Response": {
      "StatusCode": 200,
      "Headers": {
        "Cache-Control": [ "no-cache" ],
        "Pragma": [ "no-cache" ],
        "x-ms-correlation-request-id": [ "6b5f93e3-1b3b-4adb-a9d2-29a3c3b74b34" ],
        "x-ms-client-request-id": [ "1fa40a78-b512-40a7-a334-9162b446799f_RP" ],
        "x-ms-messaging-activity-id": [ "4d661a9a-40ed-4442-aac9-02ab29625697" ],
        "x-ms-messaging-routing-id": [ "EASTUS|EASTUS|G2|2024-02-21T13:04:31" ],
        "Strict-Transport-Security": [ "max-age=31536000; includeSubDomains" ],
        "x-ms-ratelimit-remaining-subscription-writes": [ "1199" ],
        "x-ms-request-id": [ "6b5f93e3-1b3b-4adb-a9d2-29a3c3b74b34" ],
        "x-ms-routing-request-id": [ "KOREACENTRAL:20240221T130431Z:6b5f93e3-1b3b-4adb-a9d2-29a3c3b74b34" ],
        "X-Content-Type-Options": [ "nosniff" ],
        "X-Cache": [ "CONFIG_NOCACHE" ],
        "X-MSEdge-Ref": [ "Ref A: 6AF7F50C0CE0480694363FCD36C09428 Ref B: SEL221051503027 Ref C: 2024-02-21T13:04:30Z" ],
        "Date": [ "Wed, 21 Feb 2024 13:04:30 GMT" ]
      },
      "ContentHeaders": {
        "Content-Length": [ "448" ],
        "Content-Type": [ "application/json; charset=utf-8" ],
        "Expires": [ "-1" ]
      },
      "Content": "{\"id\":\"/subscriptions/326100e2-f69d-4268-8503-075374f62b6e/resourceGroups/resourceGroupAutorestqy8fdg/providers/Microsoft.EventHub/namespaces/namespaceName0hiqkr/eventhubs/eventHubktpb8h/consumergroups/$Default\",\"name\":\"$Default\",\"type\":\"Microsoft.EventHub/namespaces/eventhubs/consumergroups\",\"location\":\"eastus\",\"properties\":{\"createdAt\":\"2024-02-21T13:04:31.0360268Z\",\"updatedAt\":\"2024-02-21T13:04:31.0360268Z\",\"userMetadata\":\"Second Metadata\"}}",
      "isContentBase64": false
    }
  },
  "Set-AzEventHubConsumerGroup+[NoContext]+SetViaIdentityExpanded+$GET+https://management.azure.com/subscriptions/326100e2-f69d-4268-8503-075374f62b6e/resourceGroups/resourceGroupAutorestqy8fdg/providers/Microsoft.EventHub/namespaces/namespaceName0hiqkr/eventhubs/eventHubktpb8h/consumergroups/%24Default?api-version=2023-01-01-preview+1": {
    "Request": {
      "Method": "GET",
      "RequestUri": "https://management.azure.com/subscriptions/326100e2-f69d-4268-8503-075374f62b6e/resourceGroups/resourceGroupAutorestqy8fdg/providers/Microsoft.EventHub/namespaces/namespaceName0hiqkr/eventhubs/eventHubktpb8h/consumergroups/%24Default?api-version=2023-01-01-preview",
      "Content": null,
      "isContentBase64": false,
      "Headers": {
        "x-ms-unique-id": [ "239" ],
        "x-ms-client-request-id": [ "9e96246f-7bd5-4a2c-be8c-f854a8559bc2" ],
        "CommandName": [ "Get-AzEventHubConsumerGroup" ],
        "FullCommandName": [ "Get-AzEventHubConsumerGroup_Get" ],
        "ParameterSetName": [ "__AllParameterSets" ],
        "User-Agent": [ "AzurePowershell/v0.0.0", "PSVersion/v7.2.12", "Az.EventHub/0.1.0" ],
        "Authorization": [ "[Filtered]" ]
      },
      "ContentHeaders": {
      }
    },
    "Response": {
      "StatusCode": 200,
      "Headers": {
        "Cache-Control": [ "no-cache" ],
        "Pragma": [ "no-cache" ],
        "x-ms-correlation-request-id": [ "3e95e4b0-032f-414f-bdc2-1177adcdb57b" ],
        "x-ms-client-request-id": [ "9e96246f-7bd5-4a2c-be8c-f854a8559bc2_RP" ],
        "x-ms-messaging-activity-id": [ "d9235771-567c-4083-bbae-b69e24885eaf" ],
        "x-ms-messaging-routing-id": [ "EASTUS|EASTUS|G8|2024-02-21T13:04:31" ],
        "Strict-Transport-Security": [ "max-age=31536000; includeSubDomains" ],
        "x-ms-ratelimit-remaining-subscription-reads": [ "11998" ],
        "x-ms-request-id": [ "3e95e4b0-032f-414f-bdc2-1177adcdb57b" ],
        "x-ms-routing-request-id": [ "KOREACENTRAL:20240221T130431Z:3e95e4b0-032f-414f-bdc2-1177adcdb57b" ],
        "X-Content-Type-Options": [ "nosniff" ],
        "X-Cache": [ "CONFIG_NOCACHE" ],
        "X-MSEdge-Ref": [ "Ref A: 0F89256EC86E489780FCD4FA379B9A24 Ref B: SEL221051503027 Ref C: 2024-02-21T13:04:31Z" ],
        "Date": [ "Wed, 21 Feb 2024 13:04:31 GMT" ]
      },
      "ContentHeaders": {
        "Content-Length": [ "440" ],
        "Content-Type": [ "application/json; charset=utf-8" ],
        "Expires": [ "-1" ]
      },
      "Content": "{\"id\":\"/subscriptions/326100e2-f69d-4268-8503-075374f62b6e/resourceGroups/resourceGroupAutorestqy8fdg/providers/Microsoft.EventHub/namespaces/namespaceName0hiqkr/eventhubs/eventHubktpb8h/consumergroups/$Default\",\"name\":\"$Default\",\"type\":\"Microsoft.EventHub/namespaces/eventhubs/consumergroups\",\"location\":\"eastus\",\"properties\":{\"createdAt\":\"2024-02-21T12:27:44.602Z\",\"updatedAt\":\"2024-02-21T12:27:44.649Z\",\"userMetadata\":\"Second Metadata\"}}",
      "isContentBase64": false
    }
  },
  "Set-AzEventHubConsumerGroup+[NoContext]+SetViaIdentityExpanded+$GET+https://management.azure.com/subscriptions/326100e2-f69d-4268-8503-075374f62b6e/resourceGroups/resourceGroupAutorestqy8fdg/providers/Microsoft.EventHub/namespaces/namespaceName0hiqkr/eventhubs/eventHubktpb8h/consumergroups/$Default?api-version=2023-01-01-preview+2": {
    "Request": {
      "Method": "GET",
      "RequestUri": "https://management.azure.com/subscriptions/326100e2-f69d-4268-8503-075374f62b6e/resourceGroups/resourceGroupAutorestqy8fdg/providers/Microsoft.EventHub/namespaces/namespaceName0hiqkr/eventhubs/eventHubktpb8h/consumergroups/$Default?api-version=2023-01-01-preview",
      "Content": null,
      "isContentBase64": false,
      "Headers": {
        "x-ms-unique-id": [ "240" ],
        "x-ms-client-request-id": [ "6771337f-904d-4259-82aa-3ad26f0f9efa" ],
        "CommandName": [ "Get-AzEventHubConsumerGroup" ],
        "FullCommandName": [ "Get-AzEventHubConsumerGroup_GetViaIdentity" ],
        "ParameterSetName": [ "__AllParameterSets" ],
        "User-Agent": [ "AzurePowershell/v0.0.0", "PSVersion/v7.2.12", "Az.EventHub/0.1.0" ],
        "Authorization": [ "[Filtered]" ]
      },
      "ContentHeaders": {
      }
    },
    "Response": {
      "StatusCode": 200,
      "Headers": {
        "Cache-Control": [ "no-cache" ],
        "Pragma": [ "no-cache" ],
        "x-ms-correlation-request-id": [ "740ec158-437f-4613-8064-8d51fc8d16ec" ],
        "x-ms-client-request-id": [ "6771337f-904d-4259-82aa-3ad26f0f9efa_RP" ],
        "x-ms-messaging-activity-id": [ "e7268cd9-9aa4-43c6-b1d9-71413f2db353" ],
        "x-ms-messaging-routing-id": [ "EASTUS|EASTUS|G2|2024-02-21T13:04:32" ],
        "Strict-Transport-Security": [ "max-age=31536000; includeSubDomains" ],
        "x-ms-ratelimit-remaining-subscription-reads": [ "11995" ],
        "x-ms-request-id": [ "740ec158-437f-4613-8064-8d51fc8d16ec" ],
        "x-ms-routing-request-id": [ "KOREACENTRAL:20240221T130432Z:740ec158-437f-4613-8064-8d51fc8d16ec" ],
        "X-Content-Type-Options": [ "nosniff" ],
        "X-Cache": [ "CONFIG_NOCACHE" ],
        "X-MSEdge-Ref": [ "Ref A: 25F19B7B5F1C49A0BAF9E83855CEC4A3 Ref B: SEL221051503027 Ref C: 2024-02-21T13:04:31Z" ],
        "Date": [ "Wed, 21 Feb 2024 13:04:31 GMT" ]
      },
      "ContentHeaders": {
        "Content-Length": [ "440" ],
        "Content-Type": [ "application/json; charset=utf-8" ],
        "Expires": [ "-1" ]
      },
      "Content": "{\"id\":\"/subscriptions/326100e2-f69d-4268-8503-075374f62b6e/resourceGroups/resourceGroupAutorestqy8fdg/providers/Microsoft.EventHub/namespaces/namespaceName0hiqkr/eventhubs/eventHubktpb8h/consumergroups/$Default\",\"name\":\"$Default\",\"type\":\"Microsoft.EventHub/namespaces/eventhubs/consumergroups\",\"location\":\"eastus\",\"properties\":{\"createdAt\":\"2024-02-21T12:27:44.602Z\",\"updatedAt\":\"2024-02-21T12:27:44.649Z\",\"userMetadata\":\"Second Metadata\"}}",
      "isContentBase64": false
    }
  },
  "Set-AzEventHubConsumerGroup+[NoContext]+SetViaIdentityExpanded+$PUT+https://management.azure.com/subscriptions/326100e2-f69d-4268-8503-075374f62b6e/resourceGroups/resourceGroupAutorestqy8fdg/providers/Microsoft.EventHub/namespaces/namespaceName0hiqkr/eventhubs/eventHubktpb8h/consumergroups/$Default?api-version=2023-01-01-preview+3": {
    "Request": {
      "Method": "PUT",
      "RequestUri": "https://management.azure.com/subscriptions/326100e2-f69d-4268-8503-075374f62b6e/resourceGroups/resourceGroupAutorestqy8fdg/providers/Microsoft.EventHub/namespaces/namespaceName0hiqkr/eventhubs/eventHubktpb8h/consumergroups/$Default?api-version=2023-01-01-preview",
      "Content": "{\n  \"properties\": {\n    \"userMetadata\": \"Third Metadata\"\n  }\n}",
      "isContentBase64": false,
      "Headers": {
      },
      "ContentHeaders": {
        "Content-Type": [ "application/json" ],
        "Content-Length": [ "62" ]
      }
    },
    "Response": {
      "StatusCode": 200,
      "Headers": {
        "Cache-Control": [ "no-cache" ],
        "Pragma": [ "no-cache" ],
        "x-ms-correlation-request-id": [ "f19c9ada-cb15-4418-a9c8-20f61d586a54" ],
        "x-ms-client-request-id": [ "96ca4d5b-1dfa-4c3f-bac0-c8966ac38306_RP" ],
        "x-ms-messaging-activity-id": [ "f64f71cb-9ead-4577-b8b3-4002e01de829" ],
        "x-ms-messaging-routing-id": [ "EASTUS|EASTUS|G2|2024-02-21T13:04:32" ],
        "Strict-Transport-Security": [ "max-age=31536000; includeSubDomains" ],
        "x-ms-ratelimit-remaining-subscription-writes": [ "1199" ],
        "x-ms-request-id": [ "f19c9ada-cb15-4418-a9c8-20f61d586a54" ],
        "x-ms-routing-request-id": [ "KOREACENTRAL:20240221T130432Z:f19c9ada-cb15-4418-a9c8-20f61d586a54" ],
        "X-Content-Type-Options": [ "nosniff" ],
        "X-Cache": [ "CONFIG_NOCACHE" ],
        "X-MSEdge-Ref": [ "Ref A: 3FA5D3EF6EF84C98A18CC5091F26100B Ref B: SEL221051503027 Ref C: 2024-02-21T13:04:32Z" ],
        "Date": [ "Wed, 21 Feb 2024 13:04:32 GMT" ]
      },
      "ContentHeaders": {
        "Content-Length": [ "447" ],
        "Content-Type": [ "application/json; charset=utf-8" ],
        "Expires": [ "-1" ]
      },
      "Content": "{\"id\":\"/subscriptions/326100e2-f69d-4268-8503-075374f62b6e/resourceGroups/resourceGroupAutorestqy8fdg/providers/Microsoft.EventHub/namespaces/namespaceName0hiqkr/eventhubs/eventHubktpb8h/consumergroups/$Default\",\"name\":\"$Default\",\"type\":\"Microsoft.EventHub/namespaces/eventhubs/consumergroups\",\"location\":\"eastus\",\"properties\":{\"createdAt\":\"2024-02-21T13:04:32.7860271Z\",\"updatedAt\":\"2024-02-21T13:04:32.7860271Z\",\"userMetadata\":\"Third Metadata\"}}",
      "isContentBase64": false
    }
  }
}