{
  "Set-AzEventHub+[NoContext]+SetExpanded+$GET+https://management.azure.com/subscriptions/326100e2-f69d-4268-8503-075374f62b6e/resourceGroups/resourceGroupAutorestwfkmlo/providers/Microsoft.EventHub/namespaces/namespaceNamez6sfbn/eventhubs/eventHub2ynlspf?api-version=2022-10-01-preview+1": {
    "Request": {
      "Method": "GET",
      "RequestUri": "https://management.azure.com/subscriptions/326100e2-f69d-4268-8503-075374f62b6e/resourceGroups/resourceGroupAutorestwfkmlo/providers/Microsoft.EventHub/namespaces/namespaceNamez6sfbn/eventhubs/eventHub2ynlspf?api-version=2022-10-01-preview",
      "Content": null,
      "isContentBase64": false,
      "Headers": {
        "x-ms-unique-id": [ "247" ],
        "x-ms-client-request-id": [ "a396cfe0-fcf2-4aef-a399-9cb54023bb7d" ],
        "CommandName": [ "Get-AzEventHub" ],
        "FullCommandName": [ "Get-AzEventHub_Get" ],
        "ParameterSetName": [ "__AllParameterSets" ],
        "User-Agent": [ "AzurePowershell/v0.0.0", "PSVersion/v7.1.3", "Az.EventHub/0.1.0" ],
        "Authorization": [ "[Filtered]" ]
      },
      "ContentHeaders": {
      }
    },
    "Response": {
      "StatusCode": 200,
      "Headers": {
        "Cache-Control": [ "no-cache" ],
        "Pragma": [ "no-cache" ],
        "Server": [ "Microsoft-HTTPAPI/2.0" ],
        "x-ms-ratelimit-remaining-subscription-reads": [ "11819" ],
        "x-ms-request-id": [ "6965bedd-a6df-4032-86b9-f98488176d1d" ],
        "x-ms-correlation-request-id": [ "6965bedd-a6df-4032-86b9-f98488176d1d" ],
        "x-ms-routing-request-id": [ "SOUTHCENTRALUS:20230213T181728Z:6965bedd-a6df-4032-86b9-f98488176d1d" ],
        "Strict-Transport-Security": [ "max-age=31536000; includeSubDomains" ],
        "X-Content-Type-Options": [ "nosniff" ],
        "Date": [ "Mon, 13 Feb 2023 18:17:28 GMT" ]
      },
      "ContentHeaders": {
        "Content-Length": [ "550" ],
        "Content-Type": [ "application/json; charset=utf-8" ],
        "Expires": [ "-1" ]
      },
      "Content": "{\"id\":\"/subscriptions/326100e2-f69d-4268-8503-075374f62b6e/resourceGroups/resourceGroupAutorestwfkmlo/providers/Microsoft.EventHub/namespaces/namespaceNamez6sfbn/eventhubs/eventHub2ynlspf\",\"name\":\"eventHub2ynlspf\",\"type\":\"Microsoft.EventHub/namespaces/eventhubs\",\"location\":\"eastus\",\"properties\":{\"retentionDescription\":{\"cleanupPolicy\":\"Delete\",\"retentionTimeInHours\":144},\"messageRetentionInDays\":6,\"partitionCount\":5,\"status\":\"Active\",\"createdAt\":\"2023-02-13T17:36:11.7\",\"updatedAt\":\"2023-02-13T17:36:13.377\",\"partitionIds\":[\"0\",\"1\",\"2\",\"3\",\"4\"]}}",
      "isContentBase64": false
    }
  },
  "Set-AzEventHub+[NoContext]+SetExpanded+$PUT+https://management.azure.com/subscriptions/326100e2-f69d-4268-8503-075374f62b6e/resourceGroups/resourceGroupAutorestwfkmlo/providers/Microsoft.EventHub/namespaces/namespaceNamez6sfbn/eventhubs/eventHub2ynlspf?api-version=2022-10-01-preview+2": {
    "Request": {
      "Method": "PUT",
      "RequestUri": "https://management.azure.com/subscriptions/326100e2-f69d-4268-8503-075374f62b6e/resourceGroups/resourceGroupAutorestwfkmlo/providers/Microsoft.EventHub/namespaces/namespaceNamez6sfbn/eventhubs/eventHub2ynlspf?api-version=2022-10-01-preview",
      "Content": "{\n  \"properties\": {\n    \"captureDescription\": {\n      \"destination\": {\n        \"properties\": {\n          \"storageAccountResourceId\": \"/subscriptions/326100e2-f69d-4268-8503-075374f62b6e/resourceGroups/AutomatedPowershellTesting/providers/Microsoft.Storage/storageAccounts/testpsstoragaccount\",\n          \"blobContainer\": \"container\",\n          \"archiveNameFormat\": \"{Namespace}/{EventHub}/{PartitionId}/{Year}/{Month}/{Day}/{Hour}/{Minute}/{Second}\"\n        },\n        \"name\": \"EventHubArchive.AzureBlockBlob\"\n      },\n      \"enabled\": true,\n      \"encoding\": \"Avro\",\n      \"intervalInSeconds\": 600,\n      \"sizeLimitInBytes\": 11000000,\n      \"skipEmptyArchives\": true\n    },\n    \"retentionDescription\": {\n      \"cleanupPolicy\": \"Delete\",\n      \"retentionTimeInHours\": 144\n    },\n    \"messageRetentionInDays\": 6,\n    \"partitionCount\": 5,\n    \"status\": \"Active\"\n  }\n}",
      "isContentBase64": false,
      "Headers": {
      },
      "ContentHeaders": {
        "Content-Type": [ "application/json" ],
        "Content-Length": [ "865" ]
      }
    },
    "Response": {
      "StatusCode": 200,
      "Headers": {
        "Cache-Control": [ "no-cache" ],
        "Pragma": [ "no-cache" ],
        "Server": [ "Microsoft-HTTPAPI/2.0" ],
        "x-ms-ratelimit-remaining-subscription-writes": [ "1173" ],
        "x-ms-request-id": [ "dd728508-8ff4-49eb-949e-d4f37a14687c" ],
        "x-ms-correlation-request-id": [ "dd728508-8ff4-49eb-949e-d4f37a14687c" ],
        "x-ms-routing-request-id": [ "SOUTHCENTRALUS:20230213T181729Z:dd728508-8ff4-49eb-949e-d4f37a14687c" ],
        "Strict-Transport-Security": [ "max-age=31536000; includeSubDomains" ],
        "X-Content-Type-Options": [ "nosniff" ],
        "Date": [ "Mon, 13 Feb 2023 18:17:28 GMT" ]
      },
      "ContentHeaders": {
        "Content-Length": [ "1049" ],
        "Content-Type": [ "application/json; charset=utf-8" ],
        "Expires": [ "-1" ]
      },
      "Content": "{\"id\":\"/subscriptions/326100e2-f69d-4268-8503-075374f62b6e/resourceGroups/resourceGroupAutorestwfkmlo/providers/Microsoft.EventHub/namespaces/namespaceNamez6sfbn/eventhubs/eventHub2ynlspf\",\"name\":\"eventHub2ynlspf\",\"type\":\"Microsoft.EventHub/namespaces/eventhubs\",\"location\":\"eastus\",\"properties\":{\"retentionDescription\":{\"cleanupPolicy\":\"Delete\",\"retentionTimeInHours\":144},\"messageRetentionInDays\":6,\"partitionCount\":5,\"status\":\"Active\",\"createdAt\":\"0001-01-01T00:00:00\",\"updatedAt\":\"0001-01-01T00:00:00\",\"partitionIds\":[],\"captureDescription\":{\"enabled\":true,\"encoding\":\"Avro\",\"destination\":{\"name\":\"EventHubArchive.AzureBlockBlob\",\"properties\":{\"storageAccountResourceId\":\"/subscriptions/326100e2-f69d-4268-8503-075374f62b6e/resourceGroups/AutomatedPowershellTesting/providers/Microsoft.Storage/storageAccounts/testpsstoragaccount\",\"blobContainer\":\"container\",\"archiveNameFormat\":\"{Namespace}/{EventHub}/{PartitionId}/{Year}/{Month}/{Day}/{Hour}/{Minute}/{Second}\"}},\"intervalInSeconds\":600,\"sizeLimitInBytes\":11000000,\"skipEmptyArchives\":true}}}",
      "isContentBase64": false
    }
  },
  "Set-AzEventHub+[NoContext]+SetExpanded+$GET+https://management.azure.com/subscriptions/326100e2-f69d-4268-8503-075374f62b6e/resourceGroups/resourceGroupAutorestwfkmlo/providers/Microsoft.EventHub/namespaces/namespaceNamez6sfbn/eventhubs/eventHub3qks4v6?api-version=2022-10-01-preview+3": {
    "Request": {
      "Method": "GET",
      "RequestUri": "https://management.azure.com/subscriptions/326100e2-f69d-4268-8503-075374f62b6e/resourceGroups/resourceGroupAutorestwfkmlo/providers/Microsoft.EventHub/namespaces/namespaceNamez6sfbn/eventhubs/eventHub3qks4v6?api-version=2022-10-01-preview",
      "Content": null,
      "isContentBase64": false,
      "Headers": {
        "x-ms-unique-id": [ "249" ],
        "x-ms-client-request-id": [ "6b6c3180-7085-4e83-85e3-066ddf975524" ],
        "CommandName": [ "Get-AzEventHub" ],
        "FullCommandName": [ "Get-AzEventHub_Get" ],
        "ParameterSetName": [ "__AllParameterSets" ],
        "User-Agent": [ "AzurePowershell/v0.0.0", "PSVersion/v7.1.3", "Az.EventHub/0.1.0" ],
        "Authorization": [ "[Filtered]" ]
      },
      "ContentHeaders": {
      }
    },
    "Response": {
      "StatusCode": 200,
      "Headers": {
        "Cache-Control": [ "no-cache" ],
        "Pragma": [ "no-cache" ],
        "Server": [ "Microsoft-HTTPAPI/2.0" ],
        "x-ms-ratelimit-remaining-subscription-reads": [ "11818" ],
        "x-ms-request-id": [ "96b0f884-a4cb-421e-bc59-e38a54228d48" ],
        "x-ms-correlation-request-id": [ "96b0f884-a4cb-421e-bc59-e38a54228d48" ],
        "x-ms-routing-request-id": [ "SOUTHCENTRALUS:20230213T181729Z:96b0f884-a4cb-421e-bc59-e38a54228d48" ],
        "Strict-Transport-Security": [ "max-age=31536000; includeSubDomains" ],
        "X-Content-Type-Options": [ "nosniff" ],
        "Date": [ "Mon, 13 Feb 2023 18:17:29 GMT" ]
      },
      "ContentHeaders": {
        "Content-Length": [ "1072" ],
        "Content-Type": [ "application/json; charset=utf-8" ],
        "Expires": [ "-1" ]
      },
      "Content": "{\"id\":\"/subscriptions/326100e2-f69d-4268-8503-075374f62b6e/resourceGroups/resourceGroupAutorestwfkmlo/providers/Microsoft.EventHub/namespaces/namespaceNamez6sfbn/eventhubs/eventHub3qks4v6\",\"name\":\"eventHub3qks4v6\",\"type\":\"Microsoft.EventHub/namespaces/eventhubs\",\"location\":\"eastus\",\"properties\":{\"retentionDescription\":{\"cleanupPolicy\":\"Delete\",\"retentionTimeInHours\":168},\"messageRetentionInDays\":7,\"partitionCount\":4,\"status\":\"Active\",\"createdAt\":\"2023-02-13T17:36:15.813\",\"updatedAt\":\"2023-02-13T17:36:16.697\",\"partitionIds\":[\"0\",\"1\",\"2\",\"3\"],\"captureDescription\":{\"enabled\":true,\"encoding\":\"Avro\",\"destination\":{\"name\":\"EventHubArchive.AzureBlockBlob\",\"properties\":{\"storageAccountResourceId\":\"/subscriptions/326100e2-f69d-4268-8503-075374f62b6e/resourceGroups/AutomatedPowershellTesting/providers/Microsoft.Storage/storageAccounts/testpsstoragaccount\",\"blobContainer\":\"container\",\"archiveNameFormat\":\"{Namespace}/{EventHub}/{PartitionId}/{Year}/{Month}/{Day}/{Hour}/{Minute}/{Second}\"}},\"intervalInSeconds\":600,\"sizeLimitInBytes\":11000000,\"skipEmptyArchives\":true}}}",
      "isContentBase64": false
    }
  },
  "Set-AzEventHub+[NoContext]+SetExpanded+$PUT+https://management.azure.com/subscriptions/326100e2-f69d-4268-8503-075374f62b6e/resourceGroups/resourceGroupAutorestwfkmlo/providers/Microsoft.EventHub/namespaces/namespaceNamez6sfbn/eventhubs/eventHub3qks4v6?api-version=2022-10-01-preview+4": {
    "Request": {
      "Method": "PUT",
      "RequestUri": "https://management.azure.com/subscriptions/326100e2-f69d-4268-8503-075374f62b6e/resourceGroups/resourceGroupAutorestwfkmlo/providers/Microsoft.EventHub/namespaces/namespaceNamez6sfbn/eventhubs/eventHub3qks4v6?api-version=2022-10-01-preview",
      "Content": "{\n  \"properties\": {\n    \"captureDescription\": {\n      \"destination\": {\n        \"properties\": {\n          \"storageAccountResourceId\": \"/subscriptions/326100e2-f69d-4268-8503-075374f62b6e/resourceGroups/AutomatedPowershellTesting/providers/Microsoft.Storage/storageAccounts/testpsstoragaccount\",\n          \"blobContainer\": \"container\",\n          \"archiveNameFormat\": \"{Namespace}/{EventHub}/{PartitionId}/{Year}/{Month}/{Day}/{Hour}/{Minute}/{Second}\"\n        },\n        \"name\": \"EventHubArchive.AzureBlockBlob\"\n      },\n      \"enabled\": true,\n      \"encoding\": \"Avro\",\n      \"intervalInSeconds\": 600,\n      \"sizeLimitInBytes\": 11000000,\n      \"skipEmptyArchives\": true\n    },\n    \"retentionDescription\": {\n      \"cleanupPolicy\": \"Delete\",\n      \"retentionTimeInHours\": 90\n    },\n    \"messageRetentionInDays\": 7,\n    \"partitionCount\": 4,\n    \"status\": \"Active\"\n  }\n}",
      "isContentBase64": false,
      "Headers": {
      },
      "ContentHeaders": {
        "Content-Type": [ "application/json" ],
        "Content-Length": [ "864" ]
      }
    },
    "Response": {
      "StatusCode": 200,
      "Headers": {
        "Cache-Control": [ "no-cache" ],
        "Pragma": [ "no-cache" ],
        "Server": [ "Microsoft-HTTPAPI/2.0" ],
        "x-ms-ratelimit-remaining-subscription-writes": [ "1172" ],
        "x-ms-request-id": [ "cf60d53b-8b42-409a-b1e3-5ba279ea367c" ],
        "x-ms-correlation-request-id": [ "cf60d53b-8b42-409a-b1e3-5ba279ea367c" ],
        "x-ms-routing-request-id": [ "SOUTHCENTRALUS:20230213T181729Z:cf60d53b-8b42-409a-b1e3-5ba279ea367c" ],
        "Strict-Transport-Security": [ "max-age=31536000; includeSubDomains" ],
        "X-Content-Type-Options": [ "nosniff" ],
        "Date": [ "Mon, 13 Feb 2023 18:17:29 GMT" ]
      },
      "ContentHeaders": {
        "Content-Length": [ "1048" ],
        "Content-Type": [ "application/json; charset=utf-8" ],
        "Expires": [ "-1" ]
      },
      "Content": "{\"id\":\"/subscriptions/326100e2-f69d-4268-8503-075374f62b6e/resourceGroups/resourceGroupAutorestwfkmlo/providers/Microsoft.EventHub/namespaces/namespaceNamez6sfbn/eventhubs/eventHub3qks4v6\",\"name\":\"eventHub3qks4v6\",\"type\":\"Microsoft.EventHub/namespaces/eventhubs\",\"location\":\"eastus\",\"properties\":{\"retentionDescription\":{\"cleanupPolicy\":\"Delete\",\"retentionTimeInHours\":90},\"messageRetentionInDays\":4,\"partitionCount\":4,\"status\":\"Active\",\"createdAt\":\"0001-01-01T00:00:00\",\"updatedAt\":\"0001-01-01T00:00:00\",\"partitionIds\":[],\"captureDescription\":{\"enabled\":true,\"encoding\":\"Avro\",\"destination\":{\"name\":\"EventHubArchive.AzureBlockBlob\",\"properties\":{\"storageAccountResourceId\":\"/subscriptions/326100e2-f69d-4268-8503-075374f62b6e/resourceGroups/AutomatedPowershellTesting/providers/Microsoft.Storage/storageAccounts/testpsstoragaccount\",\"blobContainer\":\"container\",\"archiveNameFormat\":\"{Namespace}/{EventHub}/{PartitionId}/{Year}/{Month}/{Day}/{Hour}/{Minute}/{Second}\"}},\"intervalInSeconds\":600,\"sizeLimitInBytes\":11000000,\"skipEmptyArchives\":true}}}",
      "isContentBase64": false
    }
  },
  "Set-AzEventHub+[NoContext]+SetViaIdentityExpanded+$PUT+https://management.azure.com/subscriptions/326100e2-f69d-4268-8503-075374f62b6e/resourceGroups/resourceGroupAutorestwfkmlo/providers/Microsoft.EventHub/namespaces/namespaceNamez6sfbn/eventhubs/eventhub?api-version=2022-10-01-preview+1": {
    "Request": {
      "Method": "PUT",
      "RequestUri": "https://management.azure.com/subscriptions/326100e2-f69d-4268-8503-075374f62b6e/resourceGroups/resourceGroupAutorestwfkmlo/providers/Microsoft.EventHub/namespaces/namespaceNamez6sfbn/eventhubs/eventhub?api-version=2022-10-01-preview",
      "Content": "{\n}",
      "isContentBase64": false,
      "Headers": {
      },
      "ContentHeaders": {
        "Content-Type": [ "application/json" ],
        "Content-Length": [ "3" ]
      }
    },
    "Response": {
      "StatusCode": 200,
      "Headers": {
        "Cache-Control": [ "no-cache" ],
        "Pragma": [ "no-cache" ],
        "Server": [ "Microsoft-HTTPAPI/2.0" ],
        "x-ms-ratelimit-remaining-subscription-writes": [ "1171" ],
        "x-ms-request-id": [ "9aa91220-a2c8-45fa-90e7-153e3dbc4612" ],
        "x-ms-correlation-request-id": [ "9aa91220-a2c8-45fa-90e7-153e3dbc4612" ],
        "x-ms-routing-request-id": [ "SOUTHCENTRALUS:20230213T181732Z:9aa91220-a2c8-45fa-90e7-153e3dbc4612" ],
        "Strict-Transport-Security": [ "max-age=31536000; includeSubDomains" ],
        "X-Content-Type-Options": [ "nosniff" ],
        "Date": [ "Mon, 13 Feb 2023 18:17:31 GMT" ]
      },
      "ContentHeaders": {
        "Content-Length": [ "536" ],
        "Content-Type": [ "application/json; charset=utf-8" ],
        "Expires": [ "-1" ]
      },
      "Content": "{\"id\":\"/subscriptions/326100e2-f69d-4268-8503-075374f62b6e/resourceGroups/resourceGroupAutorestwfkmlo/providers/Microsoft.EventHub/namespaces/namespaceNamez6sfbn/eventhubs/eventhub\",\"name\":\"eventhub\",\"type\":\"Microsoft.EventHub/namespaces/eventhubs\",\"location\":\"eastus\",\"properties\":{\"retentionDescription\":{\"cleanupPolicy\":\"Delete\",\"retentionTimeInHours\":168},\"messageRetentionInDays\":7,\"partitionCount\":4,\"status\":\"Active\",\"createdAt\":\"2023-02-13T18:17:31.383Z\",\"updatedAt\":\"2023-02-13T18:17:31.567Z\",\"partitionIds\":[\"0\",\"1\",\"2\",\"3\"]}}",
      "isContentBase64": false
    }
  },
  "Set-AzEventHub+[NoContext]+SetViaIdentityExpanded+$GET+https://management.azure.com/subscriptions/326100e2-f69d-4268-8503-075374f62b6e/resourceGroups/resourceGroupAutorestwfkmlo/providers/Microsoft.EventHub/namespaces/namespaceNamez6sfbn/eventhubs/eventhub?api-version=2022-10-01-preview+2": {
    "Request": {
      "Method": "GET",
      "RequestUri": "https://management.azure.com/subscriptions/326100e2-f69d-4268-8503-075374f62b6e/resourceGroups/resourceGroupAutorestwfkmlo/providers/Microsoft.EventHub/namespaces/namespaceNamez6sfbn/eventhubs/eventhub?api-version=2022-10-01-preview",
      "Content": null,
      "isContentBase64": false,
      "Headers": {
        "x-ms-unique-id": [ "252" ],
        "x-ms-client-request-id": [ "f91a94e3-f28f-47be-bfa5-1ee2c8faddef" ],
        "CommandName": [ "Get-AzEventHub" ],
        "FullCommandName": [ "Get-AzEventHub_GetViaIdentity" ],
        "ParameterSetName": [ "__AllParameterSets" ],
        "User-Agent": [ "AzurePowershell/v0.0.0", "PSVersion/v7.1.3", "Az.EventHub/0.1.0" ],
        "Authorization": [ "[Filtered]" ]
      },
      "ContentHeaders": {
      }
    },
    "Response": {
      "StatusCode": 200,
      "Headers": {
        "Cache-Control": [ "no-cache" ],
        "Pragma": [ "no-cache" ],
        "Server": [ "Microsoft-HTTPAPI/2.0" ],
        "x-ms-ratelimit-remaining-subscription-reads": [ "11817" ],
        "x-ms-request-id": [ "2dab82ca-a4d4-42a5-b11e-02b9b04d306f" ],
        "x-ms-correlation-request-id": [ "2dab82ca-a4d4-42a5-b11e-02b9b04d306f" ],
        "x-ms-routing-request-id": [ "SOUTHCENTRALUS:20230213T181732Z:2dab82ca-a4d4-42a5-b11e-02b9b04d306f" ],
        "Strict-Transport-Security": [ "max-age=31536000; includeSubDomains" ],
        "X-Content-Type-Options": [ "nosniff" ],
        "Date": [ "Mon, 13 Feb 2023 18:17:31 GMT" ]
      },
      "ContentHeaders": {
        "Content-Length": [ "534" ],
        "Content-Type": [ "application/json; charset=utf-8" ],
        "Expires": [ "-1" ]
      },
      "Content": "{\"id\":\"/subscriptions/326100e2-f69d-4268-8503-075374f62b6e/resourceGroups/resourceGroupAutorestwfkmlo/providers/Microsoft.EventHub/namespaces/namespaceNamez6sfbn/eventhubs/eventhub\",\"name\":\"eventhub\",\"type\":\"Microsoft.EventHub/namespaces/eventhubs\",\"location\":\"eastus\",\"properties\":{\"retentionDescription\":{\"cleanupPolicy\":\"Delete\",\"retentionTimeInHours\":168},\"messageRetentionInDays\":7,\"partitionCount\":4,\"status\":\"Active\",\"createdAt\":\"2023-02-13T18:17:31.383\",\"updatedAt\":\"2023-02-13T18:17:31.567\",\"partitionIds\":[\"0\",\"1\",\"2\",\"3\"]}}",
      "isContentBase64": false
    }
  },
  "Set-AzEventHub+[NoContext]+SetViaIdentityExpanded+$GET+https://management.azure.com/subscriptions/326100e2-f69d-4268-8503-075374f62b6e/resourceGroups/resourceGroupAutorestwfkmlo/providers/Microsoft.EventHub/namespaces/namespaceNamez6sfbn/eventhubs/eventhub?api-version=2022-10-01-preview+3": {
    "Request": {
      "Method": "GET",
      "RequestUri": "https://management.azure.com/subscriptions/326100e2-f69d-4268-8503-075374f62b6e/resourceGroups/resourceGroupAutorestwfkmlo/providers/Microsoft.EventHub/namespaces/namespaceNamez6sfbn/eventhubs/eventhub?api-version=2022-10-01-preview",
      "Content": null,
      "isContentBase64": false,
      "Headers": {
        "x-ms-unique-id": [ "253" ],
        "x-ms-client-request-id": [ "60dc47d3-bebd-4b43-994e-d1580c22c295" ],
        "CommandName": [ "Get-AzEventHub" ],
        "FullCommandName": [ "Get-AzEventHub_GetViaIdentity" ],
        "ParameterSetName": [ "__AllParameterSets" ],
        "User-Agent": [ "AzurePowershell/v0.0.0", "PSVersion/v7.1.3", "Az.EventHub/0.1.0" ],
        "Authorization": [ "[Filtered]" ]
      },
      "ContentHeaders": {
      }
    },
    "Response": {
      "StatusCode": 200,
      "Headers": {
        "Cache-Control": [ "no-cache" ],
        "Pragma": [ "no-cache" ],
        "Server": [ "Microsoft-HTTPAPI/2.0" ],
        "x-ms-ratelimit-remaining-subscription-reads": [ "11816" ],
        "x-ms-request-id": [ "e1cf13dd-a8e1-4757-b026-30a49b10c0d8" ],
        "x-ms-correlation-request-id": [ "e1cf13dd-a8e1-4757-b026-30a49b10c0d8" ],
        "x-ms-routing-request-id": [ "SOUTHCENTRALUS:20230213T181732Z:e1cf13dd-a8e1-4757-b026-30a49b10c0d8" ],
        "Strict-Transport-Security": [ "max-age=31536000; includeSubDomains" ],
        "X-Content-Type-Options": [ "nosniff" ],
        "Date": [ "Mon, 13 Feb 2023 18:17:32 GMT" ]
      },
      "ContentHeaders": {
        "Content-Length": [ "534" ],
        "Content-Type": [ "application/json; charset=utf-8" ],
        "Expires": [ "-1" ]
      },
      "Content": "{\"id\":\"/subscriptions/326100e2-f69d-4268-8503-075374f62b6e/resourceGroups/resourceGroupAutorestwfkmlo/providers/Microsoft.EventHub/namespaces/namespaceNamez6sfbn/eventhubs/eventhub\",\"name\":\"eventhub\",\"type\":\"Microsoft.EventHub/namespaces/eventhubs\",\"location\":\"eastus\",\"properties\":{\"retentionDescription\":{\"cleanupPolicy\":\"Delete\",\"retentionTimeInHours\":168},\"messageRetentionInDays\":7,\"partitionCount\":4,\"status\":\"Active\",\"createdAt\":\"2023-02-13T18:17:31.383\",\"updatedAt\":\"2023-02-13T18:17:31.567\",\"partitionIds\":[\"0\",\"1\",\"2\",\"3\"]}}",
      "isContentBase64": false
    }
  },
  "Set-AzEventHub+[NoContext]+SetViaIdentityExpanded+$PUT+https://management.azure.com/subscriptions/326100e2-f69d-4268-8503-075374f62b6e/resourceGroups/resourceGroupAutorestwfkmlo/providers/Microsoft.EventHub/namespaces/namespaceNamez6sfbn/eventhubs/eventhub?api-version=2022-10-01-preview+4": {
    "Request": {
      "Method": "PUT",
      "RequestUri": "https://management.azure.com/subscriptions/326100e2-f69d-4268-8503-075374f62b6e/resourceGroups/resourceGroupAutorestwfkmlo/providers/Microsoft.EventHub/namespaces/namespaceNamez6sfbn/eventhubs/eventhub?api-version=2022-10-01-preview",
      "Content": "{\n  \"properties\": {\n    \"captureDescription\": {\n      \"destination\": {\n        \"properties\": {\n          \"storageAccountResourceId\": \"/subscriptions/326100e2-f69d-4268-8503-075374f62b6e/resourceGroups/AutomatedPowershellTesting/providers/Microsoft.Storage/storageAccounts/testpsstoragaccount\",\n          \"blobContainer\": \"container\",\n          \"archiveNameFormat\": \"{Namespace}/{EventHub}/{PartitionId}/{Year}/{Month}/{Day}/{Hour}/{Minute}/{Second}\"\n        },\n        \"name\": \"EventHubArchive.AzureBlockBlob\"\n      },\n      \"enabled\": true,\n      \"encoding\": \"Avro\",\n      \"intervalInSeconds\": 600,\n      \"sizeLimitInBytes\": 11000000,\n      \"skipEmptyArchives\": true\n    },\n    \"retentionDescription\": {\n      \"cleanupPolicy\": \"Delete\",\n      \"retentionTimeInHours\": 168\n    },\n    \"messageRetentionInDays\": 7,\n    \"partitionCount\": 4,\n    \"status\": \"Active\"\n  }\n}",
      "isContentBase64": false,
      "Headers": {
      },
      "ContentHeaders": {
        "Content-Type": [ "application/json" ],
        "Content-Length": [ "865" ]
      }
    },
    "Response": {
      "StatusCode": 200,
      "Headers": {
        "Cache-Control": [ "no-cache" ],
        "Pragma": [ "no-cache" ],
        "Server": [ "Microsoft-HTTPAPI/2.0" ],
        "x-ms-ratelimit-remaining-subscription-writes": [ "1170" ],
        "x-ms-request-id": [ "051e3b54-c255-411a-8018-f1121c1d5930" ],
        "x-ms-correlation-request-id": [ "051e3b54-c255-411a-8018-f1121c1d5930" ],
        "x-ms-routing-request-id": [ "SOUTHCENTRALUS:20230213T181733Z:051e3b54-c255-411a-8018-f1121c1d5930" ],
        "Strict-Transport-Security": [ "max-age=31536000; includeSubDomains" ],
        "X-Content-Type-Options": [ "nosniff" ],
        "Date": [ "Mon, 13 Feb 2023 18:17:32 GMT" ]
      },
      "ContentHeaders": {
        "Content-Length": [ "1035" ],
        "Content-Type": [ "application/json; charset=utf-8" ],
        "Expires": [ "-1" ]
      },
      "Content": "{\"id\":\"/subscriptions/326100e2-f69d-4268-8503-075374f62b6e/resourceGroups/resourceGroupAutorestwfkmlo/providers/Microsoft.EventHub/namespaces/namespaceNamez6sfbn/eventhubs/eventhub\",\"name\":\"eventhub\",\"type\":\"Microsoft.EventHub/namespaces/eventhubs\",\"location\":\"eastus\",\"properties\":{\"retentionDescription\":{\"cleanupPolicy\":\"Delete\",\"retentionTimeInHours\":168},\"messageRetentionInDays\":7,\"partitionCount\":4,\"status\":\"Active\",\"createdAt\":\"0001-01-01T00:00:00\",\"updatedAt\":\"0001-01-01T00:00:00\",\"partitionIds\":[],\"captureDescription\":{\"enabled\":true,\"encoding\":\"Avro\",\"destination\":{\"name\":\"EventHubArchive.AzureBlockBlob\",\"properties\":{\"storageAccountResourceId\":\"/subscriptions/326100e2-f69d-4268-8503-075374f62b6e/resourceGroups/AutomatedPowershellTesting/providers/Microsoft.Storage/storageAccounts/testpsstoragaccount\",\"blobContainer\":\"container\",\"archiveNameFormat\":\"{Namespace}/{EventHub}/{PartitionId}/{Year}/{Month}/{Day}/{Hour}/{Minute}/{Second}\"}},\"intervalInSeconds\":600,\"sizeLimitInBytes\":11000000,\"skipEmptyArchives\":true}}}",
      "isContentBase64": false
    }
  },
  "Set-AzEventHub+[NoContext]+SetViaIdentityExpanded+$GET+https://management.azure.com/subscriptions/326100e2-f69d-4268-8503-075374f62b6e/resourceGroups/resourceGroupAutorestwfkmlo/providers/Microsoft.EventHub/namespaces/namespaceNamez6sfbn/eventhubs/eventhub?api-version=2022-10-01-preview+5": {
    "Request": {
      "Method": "GET",
      "RequestUri": "https://management.azure.com/subscriptions/326100e2-f69d-4268-8503-075374f62b6e/resourceGroups/resourceGroupAutorestwfkmlo/providers/Microsoft.EventHub/namespaces/namespaceNamez6sfbn/eventhubs/eventhub?api-version=2022-10-01-preview",
      "Content": null,
      "isContentBase64": false,
      "Headers": {
        "x-ms-unique-id": [ "255" ],
        "x-ms-client-request-id": [ "7a155c79-c6b7-4082-9067-84cf5dbdcb56" ],
        "CommandName": [ "Get-AzEventHub" ],
        "FullCommandName": [ "Get-AzEventHub_GetViaIdentity" ],
        "ParameterSetName": [ "__AllParameterSets" ],
        "User-Agent": [ "AzurePowershell/v0.0.0", "PSVersion/v7.1.3", "Az.EventHub/0.1.0" ],
        "Authorization": [ "[Filtered]" ]
      },
      "ContentHeaders": {
      }
    },
    "Response": {
      "StatusCode": 200,
      "Headers": {
        "Cache-Control": [ "no-cache" ],
        "Pragma": [ "no-cache" ],
        "Server": [ "Microsoft-HTTPAPI/2.0" ],
        "x-ms-ratelimit-remaining-subscription-reads": [ "11815" ],
        "x-ms-request-id": [ "2cc54614-bde4-4559-8754-ee339c9bc29d" ],
        "x-ms-correlation-request-id": [ "2cc54614-bde4-4559-8754-ee339c9bc29d" ],
        "x-ms-routing-request-id": [ "SOUTHCENTRALUS:20230213T181733Z:2cc54614-bde4-4559-8754-ee339c9bc29d" ],
        "Strict-Transport-Security": [ "max-age=31536000; includeSubDomains" ],
        "X-Content-Type-Options": [ "nosniff" ],
        "Date": [ "Mon, 13 Feb 2023 18:17:32 GMT" ]
      },
      "ContentHeaders": {
        "Content-Length": [ "1058" ],
        "Content-Type": [ "application/json; charset=utf-8" ],
        "Expires": [ "-1" ]
      },
      "Content": "{\"id\":\"/subscriptions/326100e2-f69d-4268-8503-075374f62b6e/resourceGroups/resourceGroupAutorestwfkmlo/providers/Microsoft.EventHub/namespaces/namespaceNamez6sfbn/eventhubs/eventhub\",\"name\":\"eventhub\",\"type\":\"Microsoft.EventHub/namespaces/eventhubs\",\"location\":\"eastus\",\"properties\":{\"retentionDescription\":{\"cleanupPolicy\":\"Delete\",\"retentionTimeInHours\":168},\"messageRetentionInDays\":7,\"partitionCount\":4,\"status\":\"Active\",\"createdAt\":\"2023-02-13T18:17:31.383\",\"updatedAt\":\"2023-02-13T18:17:32.957\",\"partitionIds\":[\"0\",\"1\",\"2\",\"3\"],\"captureDescription\":{\"enabled\":true,\"encoding\":\"Avro\",\"destination\":{\"name\":\"EventHubArchive.AzureBlockBlob\",\"properties\":{\"storageAccountResourceId\":\"/subscriptions/326100e2-f69d-4268-8503-075374f62b6e/resourceGroups/AutomatedPowershellTesting/providers/Microsoft.Storage/storageAccounts/testpsstoragaccount\",\"blobContainer\":\"container\",\"archiveNameFormat\":\"{Namespace}/{EventHub}/{PartitionId}/{Year}/{Month}/{Day}/{Hour}/{Minute}/{Second}\"}},\"intervalInSeconds\":600,\"sizeLimitInBytes\":11000000,\"skipEmptyArchives\":true}}}",
      "isContentBase64": false
    }
  },
  "Set-AzEventHub+[NoContext]+SetViaIdentityExpanded+$PUT+https://management.azure.com/subscriptions/326100e2-f69d-4268-8503-075374f62b6e/resourceGroups/resourceGroupAutorestwfkmlo/providers/Microsoft.EventHub/namespaces/namespaceNamez6sfbn/eventhubs/eventhub?api-version=2022-10-01-preview+6": {
    "Request": {
      "Method": "PUT",
      "RequestUri": "https://management.azure.com/subscriptions/326100e2-f69d-4268-8503-075374f62b6e/resourceGroups/resourceGroupAutorestwfkmlo/providers/Microsoft.EventHub/namespaces/namespaceNamez6sfbn/eventhubs/eventhub?api-version=2022-10-01-preview",
      "Content": "{\n  \"properties\": {\n    \"captureDescription\": {\n      \"destination\": {\n        \"properties\": {\n          \"storageAccountResourceId\": \"/subscriptions/326100e2-f69d-4268-8503-075374f62b6e/resourceGroups/AutomatedPowershellTesting/providers/Microsoft.Storage/storageAccounts/testpsstoragaccount\",\n          \"blobContainer\": \"container\",\n          \"archiveNameFormat\": \"{Namespace}/{EventHub}/{PartitionId}/{Year}/{Month}/{Day}/{Hour}/{Minute}/{Second}\"\n        },\n        \"name\": \"EventHubArchive.AzureBlockBlob\"\n      },\n      \"enabled\": false,\n      \"encoding\": \"Avro\",\n      \"intervalInSeconds\": 600,\n      \"sizeLimitInBytes\": 11000000,\n      \"skipEmptyArchives\": true\n    },\n    \"retentionDescription\": {\n      \"cleanupPolicy\": \"Delete\",\n      \"retentionTimeInHours\": 168\n    },\n    \"messageRetentionInDays\": 7,\n    \"partitionCount\": 4,\n    \"status\": \"Active\"\n  }\n}",
      "isContentBase64": false,
      "Headers": {
      },
      "ContentHeaders": {
        "Content-Type": [ "application/json" ],
        "Content-Length": [ "866" ]
      }
    },
    "Response": {
      "StatusCode": 200,
      "Headers": {
        "Cache-Control": [ "no-cache" ],
        "Pragma": [ "no-cache" ],
        "Server": [ "Microsoft-HTTPAPI/2.0" ],
        "x-ms-ratelimit-remaining-subscription-writes": [ "1169" ],
        "x-ms-request-id": [ "6fdcf935-df69-4f22-9cee-5f5a33a28934" ],
        "x-ms-correlation-request-id": [ "6fdcf935-df69-4f22-9cee-5f5a33a28934" ],
        "x-ms-routing-request-id": [ "SOUTHCENTRALUS:20230213T181733Z:6fdcf935-df69-4f22-9cee-5f5a33a28934" ],
        "Strict-Transport-Security": [ "max-age=31536000; includeSubDomains" ],
        "X-Content-Type-Options": [ "nosniff" ],
        "Date": [ "Mon, 13 Feb 2023 18:17:33 GMT" ]
      },
      "ContentHeaders": {
        "Content-Length": [ "1036" ],
        "Content-Type": [ "application/json; charset=utf-8" ],
        "Expires": [ "-1" ]
      },
      "Content": "{\"id\":\"/subscriptions/326100e2-f69d-4268-8503-075374f62b6e/resourceGroups/resourceGroupAutorestwfkmlo/providers/Microsoft.EventHub/namespaces/namespaceNamez6sfbn/eventhubs/eventhub\",\"name\":\"eventhub\",\"type\":\"Microsoft.EventHub/namespaces/eventhubs\",\"location\":\"eastus\",\"properties\":{\"retentionDescription\":{\"cleanupPolicy\":\"Delete\",\"retentionTimeInHours\":168},\"messageRetentionInDays\":7,\"partitionCount\":4,\"status\":\"Active\",\"createdAt\":\"0001-01-01T00:00:00\",\"updatedAt\":\"0001-01-01T00:00:00\",\"partitionIds\":[],\"captureDescription\":{\"enabled\":false,\"encoding\":\"Avro\",\"destination\":{\"name\":\"EventHubArchive.AzureBlockBlob\",\"properties\":{\"storageAccountResourceId\":\"/subscriptions/326100e2-f69d-4268-8503-075374f62b6e/resourceGroups/AutomatedPowershellTesting/providers/Microsoft.Storage/storageAccounts/testpsstoragaccount\",\"blobContainer\":\"container\",\"archiveNameFormat\":\"{Namespace}/{EventHub}/{PartitionId}/{Year}/{Month}/{Day}/{Hour}/{Minute}/{Second}\"}},\"intervalInSeconds\":600,\"sizeLimitInBytes\":11000000,\"skipEmptyArchives\":true}}}",
      "isContentBase64": false
    }
  }
}