{
  "Set-AzEventHubAuthorizationRule+[NoContext]+SetExpandedNamespace+$GET+https://management.azure.com/subscriptions/326100e2-f69d-4268-8503-075374f62b6e/resourceGroups/resourceGroupAutorestwfkmlo/providers/Microsoft.EventHub/namespaces/namespaceNamez6sfbn/authorizationRules/auth-rulexud78h?api-version=2022-10-01-preview+1": {
    "Request": {
      "Method": "GET",
      "RequestUri": "https://management.azure.com/subscriptions/326100e2-f69d-4268-8503-075374f62b6e/resourceGroups/resourceGroupAutorestwfkmlo/providers/Microsoft.EventHub/namespaces/namespaceNamez6sfbn/authorizationRules/auth-rulexud78h?api-version=2022-10-01-preview",
      "Content": null,
      "isContentBase64": false,
      "Headers": {
        "x-ms-unique-id": [ "266" ],
        "x-ms-client-request-id": [ "e6bac48f-d10d-4edc-b67f-857d9f1fe342" ],
        "CommandName": [ "Az.EventHub.private\\Get-AzEventHubNamespaceAuthorizationRule_Get" ],
        "FullCommandName": [ "Get-AzEventHubNamespaceAuthorizationRule_Get" ],
        "ParameterSetName": [ "__AllParameterSets" ],
        "User-Agent": [ "AzurePowershell/v0.0.0", "PSVersion/v7.1.3", "Az.EventHub/0.1.0" ],
        "Authorization": [ "[Filtered]" ]
      },
      "ContentHeaders": {
      }
    },
    "Response": {
      "StatusCode": 200,
      "Headers": {
        "Cache-Control": [ "no-cache" ],
        "Pragma": [ "no-cache" ],
        "Server": [ "Microsoft-HTTPAPI/2.0" ],
        "x-ms-ratelimit-remaining-subscription-reads": [ "11808" ],
        "x-ms-request-id": [ "bfb9ac4b-d4aa-4678-a4f9-c8d725850645" ],
        "x-ms-correlation-request-id": [ "bfb9ac4b-d4aa-4678-a4f9-c8d725850645" ],
        "x-ms-routing-request-id": [ "SOUTHCENTRALUS:20230213T181817Z:bfb9ac4b-d4aa-4678-a4f9-c8d725850645" ],
        "Strict-Transport-Security": [ "max-age=31536000; includeSubDomains" ],
        "X-Content-Type-Options": [ "nosniff" ],
        "Date": [ "Mon, 13 Feb 2023 18:18:16 GMT" ]
      },
      "ContentHeaders": {
        "Content-Length": [ "352" ],
        "Content-Type": [ "application/json; charset=utf-8" ],
        "Expires": [ "-1" ]
      },
      "Content": "{\"id\":\"/subscriptions/326100e2-f69d-4268-8503-075374f62b6e/resourcegroups/resourceGroupAutorestwfkmlo/providers/Microsoft.EventHub/namespaces/namespaceNamez6sfbn/authorizationrules/auth-rulexud78h\",\"name\":\"auth-rulexud78h\",\"type\":\"Microsoft.EventHub/Namespaces/AuthorizationRules\",\"location\":\"eastus\",\"properties\":{\"rights\":[\"Manage\",\"Send\",\"Listen\"]}}",
      "isContentBase64": false
    }
  },
  "Set-AzEventHubAuthorizationRule+[NoContext]+SetExpandedNamespace+$PUT+https://management.azure.com/subscriptions/326100e2-f69d-4268-8503-075374f62b6e/resourceGroups/resourceGroupAutorestwfkmlo/providers/Microsoft.EventHub/namespaces/namespaceNamez6sfbn/authorizationRules/auth-rulexud78h?api-version=2022-10-01-preview+2": {
    "Request": {
      "Method": "PUT",
      "RequestUri": "https://management.azure.com/subscriptions/326100e2-f69d-4268-8503-075374f62b6e/resourceGroups/resourceGroupAutorestwfkmlo/providers/Microsoft.EventHub/namespaces/namespaceNamez6sfbn/authorizationRules/auth-rulexud78h?api-version=2022-10-01-preview",
      "Content": "{\n  \"properties\": {\n    \"rights\": [ \"Listen\" ]\n  }\n}",
      "isContentBase64": false,
      "Headers": {
      },
      "ContentHeaders": {
        "Content-Type": [ "application/json" ],
        "Content-Length": [ "52" ]
      }
    },
    "Response": {
      "StatusCode": 200,
      "Headers": {
        "Cache-Control": [ "no-cache" ],
        "Pragma": [ "no-cache" ],
        "Server": [ "Microsoft-HTTPAPI/2.0" ],
        "x-ms-ratelimit-remaining-subscription-writes": [ "1165" ],
        "x-ms-request-id": [ "d58769df-248f-4bfc-b049-6f7761972338" ],
        "x-ms-correlation-request-id": [ "d58769df-248f-4bfc-b049-6f7761972338" ],
        "x-ms-routing-request-id": [ "SOUTHCENTRALUS:20230213T181823Z:d58769df-248f-4bfc-b049-6f7761972338" ],
        "Strict-Transport-Security": [ "max-age=31536000; includeSubDomains" ],
        "X-Content-Type-Options": [ "nosniff" ],
        "Date": [ "Mon, 13 Feb 2023 18:18:23 GMT" ]
      },
      "ContentHeaders": {
        "Content-Length": [ "336" ],
        "Content-Type": [ "application/json; charset=utf-8" ],
        "Expires": [ "-1" ]
      },
      "Content": "{\"id\":\"/subscriptions/326100e2-f69d-4268-8503-075374f62b6e/resourceGroups/resourceGroupAutorestwfkmlo/providers/Microsoft.EventHub/namespaces/namespaceNamez6sfbn/authorizationRules/auth-rulexud78h\",\"name\":\"auth-rulexud78h\",\"type\":\"Microsoft.EventHub/Namespaces/AuthorizationRules\",\"location\":\"eastus\",\"properties\":{\"rights\":[\"Listen\"]}}",
      "isContentBase64": false
    }
  },
  "Set-AzEventHubAuthorizationRule+[NoContext]+SetExpandedEntity+$GET+https://management.azure.com/subscriptions/326100e2-f69d-4268-8503-075374f62b6e/resourceGroups/resourceGroupAutorestwfkmlo/providers/Microsoft.EventHub/namespaces/namespaceNamez6sfbn/eventhubs/eventHuba149bq/authorizationRules/auth-ruleeolj9x?api-version=2022-10-01-preview+1": {
    "Request": {
      "Method": "GET",
      "RequestUri": "https://management.azure.com/subscriptions/326100e2-f69d-4268-8503-075374f62b6e/resourceGroups/resourceGroupAutorestwfkmlo/providers/Microsoft.EventHub/namespaces/namespaceNamez6sfbn/eventhubs/eventHuba149bq/authorizationRules/auth-ruleeolj9x?api-version=2022-10-01-preview",
      "Content": null,
      "isContentBase64": false,
      "Headers": {
        "x-ms-unique-id": [ "268" ],
        "x-ms-client-request-id": [ "b775420f-67d5-421d-80a6-7581da9cce6d" ],
        "CommandName": [ "Az.EventHub.private\\Get-AzEventHubAuthorizationRule_Get" ],
        "FullCommandName": [ "Get-AzEventHubAuthorizationRule_Get" ],
        "ParameterSetName": [ "__AllParameterSets" ],
        "User-Agent": [ "AzurePowershell/v0.0.0", "PSVersion/v7.1.3", "Az.EventHub/0.1.0" ],
        "Authorization": [ "[Filtered]" ]
      },
      "ContentHeaders": {
      }
    },
    "Response": {
      "StatusCode": 200,
      "Headers": {
        "Cache-Control": [ "no-cache" ],
        "Pragma": [ "no-cache" ],
        "Server": [ "Microsoft-HTTPAPI/2.0" ],
        "x-ms-ratelimit-remaining-subscription-reads": [ "11807" ],
        "x-ms-request-id": [ "78731948-caf6-4ee2-8ed2-4248f0b4df43" ],
        "x-ms-correlation-request-id": [ "78731948-caf6-4ee2-8ed2-4248f0b4df43" ],
        "x-ms-routing-request-id": [ "SOUTHCENTRALUS:20230213T181823Z:78731948-caf6-4ee2-8ed2-4248f0b4df43" ],
        "Strict-Transport-Security": [ "max-age=31536000; includeSubDomains" ],
        "X-Content-Type-Options": [ "nosniff" ],
        "Date": [ "Mon, 13 Feb 2023 18:18:23 GMT" ]
      },
      "ContentHeaders": {
        "Content-Length": [ "371" ],
        "Content-Type": [ "application/json; charset=utf-8" ],
        "Expires": [ "-1" ]
      },
      "Content": "{\"id\":\"/subscriptions/326100e2-f69d-4268-8503-075374f62b6e/resourcegroups/resourceGroupAutorestwfkmlo/providers/Microsoft.EventHub/namespaces/namespaceNamez6sfbn/eventhubs/eventHuba149bq/authorizationrules/auth-ruleeolj9x\",\"name\":\"auth-ruleeolj9x\",\"type\":\"Microsoft.EventHub/namespaces/eventhubs/authorizationrules\",\"location\":\"eastus\",\"properties\":{\"rights\":[\"Listen\"]}}",
      "isContentBase64": false
    }
  },
  "Set-AzEventHubAuthorizationRule+[NoContext]+SetExpandedEntity+$PUT+https://management.azure.com/subscriptions/326100e2-f69d-4268-8503-075374f62b6e/resourceGroups/resourceGroupAutorestwfkmlo/providers/Microsoft.EventHub/namespaces/namespaceNamez6sfbn/eventhubs/eventHuba149bq/authorizationRules/auth-ruleeolj9x?api-version=2022-10-01-preview+2": {
    "Request": {
      "Method": "PUT",
      "RequestUri": "https://management.azure.com/subscriptions/326100e2-f69d-4268-8503-075374f62b6e/resourceGroups/resourceGroupAutorestwfkmlo/providers/Microsoft.EventHub/namespaces/namespaceNamez6sfbn/eventhubs/eventHuba149bq/authorizationRules/auth-ruleeolj9x?api-version=2022-10-01-preview",
      "Content": "{\n  \"properties\": {\n    \"rights\": [ \"Send\" ]\n  }\n}",
      "isContentBase64": false,
      "Headers": {
      },
      "ContentHeaders": {
        "Content-Type": [ "application/json" ],
        "Content-Length": [ "50" ]
      }
    },
    "Response": {
      "StatusCode": 200,
      "Headers": {
        "Cache-Control": [ "no-cache" ],
        "Pragma": [ "no-cache" ],
        "Server": [ "Microsoft-HTTPAPI/2.0" ],
        "x-ms-ratelimit-remaining-subscription-writes": [ "1164" ],
        "x-ms-request-id": [ "ca80df61-e67d-4655-9f66-2f262f808d95" ],
        "x-ms-correlation-request-id": [ "ca80df61-e67d-4655-9f66-2f262f808d95" ],
        "x-ms-routing-request-id": [ "SOUTHCENTRALUS:20230213T181824Z:ca80df61-e67d-4655-9f66-2f262f808d95" ],
        "Strict-Transport-Security": [ "max-age=31536000; includeSubDomains" ],
        "X-Content-Type-Options": [ "nosniff" ],
        "Date": [ "Mon, 13 Feb 2023 18:18:24 GMT" ]
      },
      "ContentHeaders": {
        "Content-Length": [ "349" ],
        "Content-Type": [ "application/json; charset=utf-8" ],
        "Expires": [ "-1" ]
      },
      "Content": "{\"id\":\"/subscriptions/326100e2-f69d-4268-8503-075374f62b6e/resourceGroups/resourceGroupAutorestwfkmlo/providers/Microsoft.EventHub/namespaces/namespaceNamez6sfbn/eventhubs/eventHuba149bq/authorizationRules/auth-ruleeolj9x\",\"name\":\"auth-ruleeolj9x\",\"type\":\"Microsoft.EventHub/namespaces/eventhubs/authorizationrules\",\"properties\":{\"rights\":[\"Send\"]}}",
      "isContentBase64": false
    }
  },
  "Set-AzEventHubAuthorizationRule+[NoContext]+SetViaIdentityExpanded+$GET+https://management.azure.com/subscriptions/326100e2-f69d-4268-8503-075374f62b6e/resourceGroups/resourceGroupAutorestwfkmlo/providers/Microsoft.EventHub/namespaces/namespaceNamez6sfbn/authorizationRules/auth-rulexud78h?api-version=2022-10-01-preview+1": {
    "Request": {
      "Method": "GET",
      "RequestUri": "https://management.azure.com/subscriptions/326100e2-f69d-4268-8503-075374f62b6e/resourceGroups/resourceGroupAutorestwfkmlo/providers/Microsoft.EventHub/namespaces/namespaceNamez6sfbn/authorizationRules/auth-rulexud78h?api-version=2022-10-01-preview",
      "Content": null,
      "isContentBase64": false,
      "Headers": {
        "x-ms-unique-id": [ "270" ],
        "x-ms-client-request-id": [ "ca66fc26-2cdc-41a9-a30e-d363c787bec0" ],
        "CommandName": [ "Az.EventHub.private\\Get-AzEventHubNamespaceAuthorizationRule_Get" ],
        "FullCommandName": [ "Get-AzEventHubNamespaceAuthorizationRule_Get" ],
        "ParameterSetName": [ "__AllParameterSets" ],
        "User-Agent": [ "AzurePowershell/v0.0.0", "PSVersion/v7.1.3", "Az.EventHub/0.1.0" ],
        "Authorization": [ "[Filtered]" ]
      },
      "ContentHeaders": {
      }
    },
    "Response": {
      "StatusCode": 200,
      "Headers": {
        "Cache-Control": [ "no-cache" ],
        "Pragma": [ "no-cache" ],
        "Server": [ "Microsoft-HTTPAPI/2.0" ],
        "x-ms-ratelimit-remaining-subscription-reads": [ "11806" ],
        "x-ms-request-id": [ "849ae401-beda-4000-a2bb-9eed388bdc1b" ],
        "x-ms-correlation-request-id": [ "849ae401-beda-4000-a2bb-9eed388bdc1b" ],
        "x-ms-routing-request-id": [ "SOUTHCENTRALUS:20230213T181825Z:849ae401-beda-4000-a2bb-9eed388bdc1b" ],
        "Strict-Transport-Security": [ "max-age=31536000; includeSubDomains" ],
        "X-Content-Type-Options": [ "nosniff" ],
        "Date": [ "Mon, 13 Feb 2023 18:18:25 GMT" ]
      },
      "ContentHeaders": {
        "Content-Length": [ "336" ],
        "Content-Type": [ "application/json; charset=utf-8" ],
        "Expires": [ "-1" ]
      },
      "Content": "{\"id\":\"/subscriptions/326100e2-f69d-4268-8503-075374f62b6e/resourcegroups/resourceGroupAutorestwfkmlo/providers/Microsoft.EventHub/namespaces/namespaceNamez6sfbn/authorizationrules/auth-rulexud78h\",\"name\":\"auth-rulexud78h\",\"type\":\"Microsoft.EventHub/Namespaces/AuthorizationRules\",\"location\":\"eastus\",\"properties\":{\"rights\":[\"Listen\"]}}",
      "isContentBase64": false
    }
  },
  "Set-AzEventHubAuthorizationRule+[NoContext]+SetViaIdentityExpanded+$GET+https://management.azure.com/subscriptions/326100e2-f69d-4268-8503-075374f62b6e/resourceGroups/resourceGroupAutorestwfkmlo/providers/Microsoft.EventHub/namespaces/namespaceNamez6sfbn/authorizationRules/auth-rulexud78h?api-version=2022-10-01-preview+2": {
    "Request": {
      "Method": "GET",
      "RequestUri": "https://management.azure.com/subscriptions/326100e2-f69d-4268-8503-075374f62b6e/resourceGroups/resourceGroupAutorestwfkmlo/providers/Microsoft.EventHub/namespaces/namespaceNamez6sfbn/authorizationRules/auth-rulexud78h?api-version=2022-10-01-preview",
      "Content": null,
      "isContentBase64": false,
      "Headers": {
        "x-ms-unique-id": [ "271" ],
        "x-ms-client-request-id": [ "ec0ba919-eb87-449d-a8a2-9c026aa6ddd1" ],
        "CommandName": [ "Az.EventHub.private\\Get-AzEventHubNamespaceAuthorizationRule_GetViaIdentity" ],
        "FullCommandName": [ "Get-AzEventHubNamespaceAuthorizationRule_GetViaIdentity" ],
        "ParameterSetName": [ "__AllParameterSets" ],
        "User-Agent": [ "AzurePowershell/v0.0.0", "PSVersion/v7.1.3", "Az.EventHub/0.1.0" ],
        "Authorization": [ "[Filtered]" ]
      },
      "ContentHeaders": {
      }
    },
    "Response": {
      "StatusCode": 200,
      "Headers": {
        "Cache-Control": [ "no-cache" ],
        "Pragma": [ "no-cache" ],
        "Server": [ "Microsoft-HTTPAPI/2.0" ],
        "x-ms-ratelimit-remaining-subscription-reads": [ "11805" ],
        "x-ms-request-id": [ "9dc74a8b-36b8-4a94-af39-b116fc065a9f" ],
        "x-ms-correlation-request-id": [ "9dc74a8b-36b8-4a94-af39-b116fc065a9f" ],
        "x-ms-routing-request-id": [ "SOUTHCENTRALUS:20230213T181825Z:9dc74a8b-36b8-4a94-af39-b116fc065a9f" ],
        "Strict-Transport-Security": [ "max-age=31536000; includeSubDomains" ],
        "X-Content-Type-Options": [ "nosniff" ],
        "Date": [ "Mon, 13 Feb 2023 18:18:25 GMT" ]
      },
      "ContentHeaders": {
        "Content-Length": [ "336" ],
        "Content-Type": [ "application/json; charset=utf-8" ],
        "Expires": [ "-1" ]
      },
      "Content": "{\"id\":\"/subscriptions/326100e2-f69d-4268-8503-075374f62b6e/resourcegroups/resourceGroupAutorestwfkmlo/providers/Microsoft.EventHub/namespaces/namespaceNamez6sfbn/authorizationrules/auth-rulexud78h\",\"name\":\"auth-rulexud78h\",\"type\":\"Microsoft.EventHub/Namespaces/AuthorizationRules\",\"location\":\"eastus\",\"properties\":{\"rights\":[\"Listen\"]}}",
      "isContentBase64": false
    }
  },
  "Set-AzEventHubAuthorizationRule+[NoContext]+SetViaIdentityExpanded+$PUT+https://management.azure.com/subscriptions/326100e2-f69d-4268-8503-075374f62b6e/resourceGroups/resourceGroupAutorestwfkmlo/providers/Microsoft.EventHub/namespaces/namespaceNamez6sfbn/authorizationRules/auth-rulexud78h?api-version=2022-10-01-preview+3": {
    "Request": {
      "Method": "PUT",
      "RequestUri": "https://management.azure.com/subscriptions/326100e2-f69d-4268-8503-075374f62b6e/resourceGroups/resourceGroupAutorestwfkmlo/providers/Microsoft.EventHub/namespaces/namespaceNamez6sfbn/authorizationRules/auth-rulexud78h?api-version=2022-10-01-preview",
      "Content": "{\n  \"properties\": {\n    \"rights\": [ \"Manage\", \"Send\", \"Listen\" ]\n  }\n}",
      "isContentBase64": false,
      "Headers": {
      },
      "ContentHeaders": {
        "Content-Type": [ "application/json" ],
        "Content-Length": [ "70" ]
      }
    },
    "Response": {
      "StatusCode": 200,
      "Headers": {
        "Cache-Control": [ "no-cache" ],
        "Pragma": [ "no-cache" ],
        "Server": [ "Microsoft-HTTPAPI/2.0" ],
        "x-ms-ratelimit-remaining-subscription-writes": [ "1163" ],
        "x-ms-request-id": [ "c50f7830-6357-406c-9684-00d526d4f721" ],
        "x-ms-correlation-request-id": [ "c50f7830-6357-406c-9684-00d526d4f721" ],
        "x-ms-routing-request-id": [ "SOUTHCENTRALUS:20230213T181832Z:c50f7830-6357-406c-9684-00d526d4f721" ],
        "Strict-Transport-Security": [ "max-age=31536000; includeSubDomains" ],
        "X-Content-Type-Options": [ "nosniff" ],
        "Date": [ "Mon, 13 Feb 2023 18:18:32 GMT" ]
      },
      "ContentHeaders": {
        "Content-Length": [ "352" ],
        "Content-Type": [ "application/json; charset=utf-8" ],
        "Expires": [ "-1" ]
      },
      "Content": "{\"id\":\"/subscriptions/326100e2-f69d-4268-8503-075374f62b6e/resourceGroups/resourceGroupAutorestwfkmlo/providers/Microsoft.EventHub/namespaces/namespaceNamez6sfbn/authorizationRules/auth-rulexud78h\",\"name\":\"auth-rulexud78h\",\"type\":\"Microsoft.EventHub/Namespaces/AuthorizationRules\",\"location\":\"eastus\",\"properties\":{\"rights\":[\"Manage\",\"Send\",\"Listen\"]}}",
      "isContentBase64": false
    }
  },
  "Set-AzEventHubAuthorizationRule+[NoContext]+SetViaIdentityExpanded+$GET+https://management.azure.com/subscriptions/326100e2-f69d-4268-8503-075374f62b6e/resourceGroups/resourceGroupAutorestwfkmlo/providers/Microsoft.EventHub/namespaces/namespaceNamez6sfbn/eventhubs/eventHuba149bq/authorizationRules/auth-ruleeolj9x?api-version=2022-10-01-preview+4": {
    "Request": {
      "Method": "GET",
      "RequestUri": "https://management.azure.com/subscriptions/326100e2-f69d-4268-8503-075374f62b6e/resourceGroups/resourceGroupAutorestwfkmlo/providers/Microsoft.EventHub/namespaces/namespaceNamez6sfbn/eventhubs/eventHuba149bq/authorizationRules/auth-ruleeolj9x?api-version=2022-10-01-preview",
      "Content": null,
      "isContentBase64": false,
      "Headers": {
        "x-ms-unique-id": [ "273" ],
        "x-ms-client-request-id": [ "f010f5ff-4746-47a7-940e-aafce1a7d719" ],
        "CommandName": [ "Az.EventHub.private\\Get-AzEventHubAuthorizationRule_Get" ],
        "FullCommandName": [ "Get-AzEventHubAuthorizationRule_Get" ],
        "ParameterSetName": [ "__AllParameterSets" ],
        "User-Agent": [ "AzurePowershell/v0.0.0", "PSVersion/v7.1.3", "Az.EventHub/0.1.0" ],
        "Authorization": [ "[Filtered]" ]
      },
      "ContentHeaders": {
      }
    },
    "Response": {
      "StatusCode": 200,
      "Headers": {
        "Cache-Control": [ "no-cache" ],
        "Pragma": [ "no-cache" ],
        "Server": [ "Microsoft-HTTPAPI/2.0" ],
        "x-ms-ratelimit-remaining-subscription-reads": [ "11804" ],
        "x-ms-request-id": [ "f5e856dd-1154-4578-a5d2-a2642624e342" ],
        "x-ms-correlation-request-id": [ "f5e856dd-1154-4578-a5d2-a2642624e342" ],
        "x-ms-routing-request-id": [ "SOUTHCENTRALUS:20230213T181832Z:f5e856dd-1154-4578-a5d2-a2642624e342" ],
        "Strict-Transport-Security": [ "max-age=31536000; includeSubDomains" ],
        "X-Content-Type-Options": [ "nosniff" ],
        "Date": [ "Mon, 13 Feb 2023 18:18:32 GMT" ]
      },
      "ContentHeaders": {
        "Content-Length": [ "369" ],
        "Content-Type": [ "application/json; charset=utf-8" ],
        "Expires": [ "-1" ]
      },
      "Content": "{\"id\":\"/subscriptions/326100e2-f69d-4268-8503-075374f62b6e/resourcegroups/resourceGroupAutorestwfkmlo/providers/Microsoft.EventHub/namespaces/namespaceNamez6sfbn/eventhubs/eventHuba149bq/authorizationrules/auth-ruleeolj9x\",\"name\":\"auth-ruleeolj9x\",\"type\":\"Microsoft.EventHub/namespaces/eventhubs/authorizationrules\",\"location\":\"eastus\",\"properties\":{\"rights\":[\"Send\"]}}",
      "isContentBase64": false
    }
  },
  "Set-AzEventHubAuthorizationRule+[NoContext]+SetViaIdentityExpanded+$GET+https://management.azure.com/subscriptions/326100e2-f69d-4268-8503-075374f62b6e/resourceGroups/resourceGroupAutorestwfkmlo/providers/Microsoft.EventHub/namespaces/namespaceNamez6sfbn/eventhubs/eventHuba149bq/authorizationRules/auth-ruleeolj9x?api-version=2022-10-01-preview+5": {
    "Request": {
      "Method": "GET",
      "RequestUri": "https://management.azure.com/subscriptions/326100e2-f69d-4268-8503-075374f62b6e/resourceGroups/resourceGroupAutorestwfkmlo/providers/Microsoft.EventHub/namespaces/namespaceNamez6sfbn/eventhubs/eventHuba149bq/authorizationRules/auth-ruleeolj9x?api-version=2022-10-01-preview",
      "Content": null,
      "isContentBase64": false,
      "Headers": {
        "x-ms-unique-id": [ "274" ],
        "x-ms-client-request-id": [ "3a4aa2c2-f74f-4b83-9c3a-22db8269cc6d" ],
        "CommandName": [ "Az.EventHub.private\\Get-AzEventHubAuthorizationRule_GetViaIdentity" ],
        "FullCommandName": [ "Get-AzEventHubAuthorizationRule_GetViaIdentity" ],
        "ParameterSetName": [ "__AllParameterSets" ],
        "User-Agent": [ "AzurePowershell/v0.0.0", "PSVersion/v7.1.3", "Az.EventHub/0.1.0" ],
        "Authorization": [ "[Filtered]" ]
      },
      "ContentHeaders": {
      }
    },
    "Response": {
      "StatusCode": 200,
      "Headers": {
        "Cache-Control": [ "no-cache" ],
        "Pragma": [ "no-cache" ],
        "Server": [ "Microsoft-HTTPAPI/2.0" ],
        "x-ms-ratelimit-remaining-subscription-reads": [ "11803" ],
        "x-ms-request-id": [ "f279eab3-9fdd-405d-a3b7-772f1b917c79" ],
        "x-ms-correlation-request-id": [ "f279eab3-9fdd-405d-a3b7-772f1b917c79" ],
        "x-ms-routing-request-id": [ "SOUTHCENTRALUS:20230213T181833Z:f279eab3-9fdd-405d-a3b7-772f1b917c79" ],
        "Strict-Transport-Security": [ "max-age=31536000; includeSubDomains" ],
        "X-Content-Type-Options": [ "nosniff" ],
        "Date": [ "Mon, 13 Feb 2023 18:18:32 GMT" ]
      },
      "ContentHeaders": {
        "Content-Length": [ "369" ],
        "Content-Type": [ "application/json; charset=utf-8" ],
        "Expires": [ "-1" ]
      },
      "Content": "{\"id\":\"/subscriptions/326100e2-f69d-4268-8503-075374f62b6e/resourcegroups/resourceGroupAutorestwfkmlo/providers/Microsoft.EventHub/namespaces/namespaceNamez6sfbn/eventhubs/eventHuba149bq/authorizationrules/auth-ruleeolj9x\",\"name\":\"auth-ruleeolj9x\",\"type\":\"Microsoft.EventHub/namespaces/eventhubs/authorizationrules\",\"location\":\"eastus\",\"properties\":{\"rights\":[\"Send\"]}}",
      "isContentBase64": false
    }
  },
  "Set-AzEventHubAuthorizationRule+[NoContext]+SetViaIdentityExpanded+$PUT+https://management.azure.com/subscriptions/326100e2-f69d-4268-8503-075374f62b6e/resourceGroups/resourceGroupAutorestwfkmlo/providers/Microsoft.EventHub/namespaces/namespaceNamez6sfbn/eventhubs/eventHuba149bq/authorizationRules/auth-ruleeolj9x?api-version=2022-10-01-preview+6": {
    "Request": {
      "Method": "PUT",
      "RequestUri": "https://management.azure.com/subscriptions/326100e2-f69d-4268-8503-075374f62b6e/resourceGroups/resourceGroupAutorestwfkmlo/providers/Microsoft.EventHub/namespaces/namespaceNamez6sfbn/eventhubs/eventHuba149bq/authorizationRules/auth-ruleeolj9x?api-version=2022-10-01-preview",
      "Content": "{\n  \"properties\": {\n    \"rights\": [ \"Manage\", \"Send\", \"Listen\" ]\n  }\n}",
      "isContentBase64": false,
      "Headers": {
      },
      "ContentHeaders": {
        "Content-Type": [ "application/json" ],
        "Content-Length": [ "70" ]
      }
    },
    "Response": {
      "StatusCode": 200,
      "Headers": {
        "Cache-Control": [ "no-cache" ],
        "Pragma": [ "no-cache" ],
        "Server": [ "Microsoft-HTTPAPI/2.0" ],
        "x-ms-ratelimit-remaining-subscription-writes": [ "1162" ],
        "x-ms-request-id": [ "58d5cdcd-6d32-4d4d-80d7-d956dc141f52" ],
        "x-ms-correlation-request-id": [ "58d5cdcd-6d32-4d4d-80d7-d956dc141f52" ],
        "x-ms-routing-request-id": [ "SOUTHCENTRALUS:20230213T181833Z:58d5cdcd-6d32-4d4d-80d7-d956dc141f52" ],
        "Strict-Transport-Security": [ "max-age=31536000; includeSubDomains" ],
        "X-Content-Type-Options": [ "nosniff" ],
        "Date": [ "Mon, 13 Feb 2023 18:18:33 GMT" ]
      },
      "ContentHeaders": {
        "Content-Length": [ "367" ],
        "Content-Type": [ "application/json; charset=utf-8" ],
        "Expires": [ "-1" ]
      },
      "Content": "{\"id\":\"/subscriptions/326100e2-f69d-4268-8503-075374f62b6e/resourceGroups/resourceGroupAutorestwfkmlo/providers/Microsoft.EventHub/namespaces/namespaceNamez6sfbn/eventhubs/eventHuba149bq/authorizationRules/auth-ruleeolj9x\",\"name\":\"auth-ruleeolj9x\",\"type\":\"Microsoft.EventHub/namespaces/eventhubs/authorizationrules\",\"properties\":{\"rights\":[\"Manage\",\"Send\",\"Listen\"]}}",
      "isContentBase64": false
    }
  }
}