{
  "Set-AzEventHubNetworkRuleSet+[NoContext]+SetExpanded+$GET+https://management.azure.com/subscriptions/326100e2-f69d-4268-8503-075374f62b6e/resourceGroups/resourceGroupAutorestil13y9/providers/Microsoft.EventHub/namespaces/namespaceNamefibdr3/networkRuleSets/default?api-version=2022-01-01-preview+1": {
    "Request": {
      "Method": "GET",
      "RequestUri": "https://management.azure.com/subscriptions/326100e2-f69d-4268-8503-075374f62b6e/resourceGroups/resourceGroupAutorestil13y9/providers/Microsoft.EventHub/namespaces/namespaceNamefibdr3/networkRuleSets/default?api-version=2022-01-01-preview",
      "Content": null,
      "isContentBase64": false,
      "Headers": {
        "x-ms-unique-id": [ "522" ],
        "x-ms-client-request-id": [ "b863c7cc-8abd-44a2-a9fb-5bd843e322f4" ],
        "CommandName": [ "Get-AzEventHubNetworkRuleSet" ],
        "FullCommandName": [ "Get-AzEventHubNetworkRuleSet_Get" ],
        "ParameterSetName": [ "__AllParameterSets" ],
        "User-Agent": [ "AzurePowershell/v0.0.0", "PSVersion/v7.1.3", "Az.EventHub/0.1.0" ],
        "Authorization": [ "[Filtered]" ]
      },
      "ContentHeaders": {
      }
    },
    "Response": {
      "StatusCode": 200,
      "Headers": {
        "Cache-Control": [ "no-cache" ],
        "Pragma": [ "no-cache" ],
        "x-ms-request-id": [ "74c72c03-4fea-40b1-a369-3f3d00a3bf57_M7SN1_M7SN1" ],
        "Server-SB": [ "Service-Bus-Resource-Provider/SN1" ],
        "Server": [ "Service-Bus-Resource-Provider/SN1", "Microsoft-HTTPAPI/2.0" ],
        "x-ms-ratelimit-remaining-subscription-reads": [ "11998" ],
        "x-ms-correlation-request-id": [ "c8a73811-921d-4a37-9b07-5e3ba313430d" ],
        "x-ms-routing-request-id": [ "KOREACENTRAL:20220925T115221Z:c8a73811-921d-4a37-9b07-5e3ba313430d" ],
        "Strict-Transport-Security": [ "max-age=31536000; includeSubDomains" ],
        "X-Content-Type-Options": [ "nosniff" ],
        "Date": [ "Sun, 25 Sep 2022 11:52:21 GMT" ]
      },
      "ContentHeaders": {
        "Content-Length": [ "389" ],
        "Content-Type": [ "application/json; charset=utf-8" ],
        "Expires": [ "-1" ]
      },
      "Content": "{\"id\":\"/subscriptions/326100e2-f69d-4268-8503-075374f62b6e/resourceGroups/resourceGroupAutorestil13y9/providers/Microsoft.EventHub/namespaces/namespaceNamefibdr3/networkRuleSets/default\",\"name\":\"default\",\"type\":\"Microsoft.EventHub/Namespaces/NetworkRuleSets\",\"location\":\"East US\",\"properties\":{\"publicNetworkAccess\":\"Enabled\",\"defaultAction\":\"Allow\",\"virtualNetworkRules\":[],\"ipRules\":[]}}",
      "isContentBase64": false
    }
  },
  "Set-AzEventHubNetworkRuleSet+[NoContext]+SetExpanded+$PUT+https://management.azure.com/subscriptions/326100e2-f69d-4268-8503-075374f62b6e/resourceGroups/resourceGroupAutorestil13y9/providers/Microsoft.EventHub/namespaces/namespaceNamefibdr3/networkRuleSets/default?api-version=2022-01-01-preview+2": {
    "Request": {
      "Method": "PUT",
      "RequestUri": "https://management.azure.com/subscriptions/326100e2-f69d-4268-8503-075374f62b6e/resourceGroups/resourceGroupAutorestil13y9/providers/Microsoft.EventHub/namespaces/namespaceNamefibdr3/networkRuleSets/default?api-version=2022-01-01-preview",
      "Content": "{\n  \"properties\": {\n    \"defaultAction\": \"Allow\",\n    \"virtualNetworkRules\": [\n      {\n        \"subnet\": {\n          \"id\": \"/subscriptions/326100e2-f69d-4268-8503-075374f62b6e/resourceGroups/AutomatedPowershellTesting/providers/Microsoft.Network/virtualNetworks/testpsvn/subnets/default\"\n        }\n      },\n      {\n        \"subnet\": {\n          \"id\": \"/subscriptions/326100e2-f69d-4268-8503-075374f62b6e/resourceGroups/AutomatedPowershellTesting/providers/Microsoft.Network/virtualNetworks/testpsvn/subnets/default2\"\n        }\n      },\n      {\n        \"subnet\": {\n          \"id\": \"/subscriptions/326100e2-f69d-4268-8503-075374f62b6e/resourceGroups/AutomatedPowershellTesting/providers/Microsoft.Network/virtualNetworks/testpsvn/subnets/default3\"\n        }\n      }\n    ],\n    \"ipRules\": [\n      {\n        \"ipMask\": \"1.1.1.1\",\n        \"action\": \"Allow\"\n      },\n      {\n        \"ipMask\": \"2.2.2.2\",\n        \"action\": \"Allow\"\n      }\n    ],\n    \"publicNetworkAccess\": \"Enabled\"\n  }\n}",
      "isContentBase64": false,
      "Headers": {
      },
      "ContentHeaders": {
        "Content-Type": [ "application/json" ],
        "Content-Length": [ "980" ]
      }
    },
    "Response": {
      "StatusCode": 200,
      "Headers": {
        "Cache-Control": [ "no-cache" ],
        "Pragma": [ "no-cache" ],
        "x-ms-request-id": [ "f1af4180-1a67-479d-8ab3-2a3899994d52_M7SN1_M7SN1" ],
        "Server-SB": [ "Service-Bus-Resource-Provider/SN1" ],
        "Server": [ "Service-Bus-Resource-Provider/SN1", "Microsoft-HTTPAPI/2.0" ],
        "x-ms-ratelimit-remaining-subscription-writes": [ "1199" ],
        "x-ms-correlation-request-id": [ "c65b83fa-6c00-4375-840a-b7554af45b0c" ],
        "x-ms-routing-request-id": [ "KOREACENTRAL:20220925T115230Z:c65b83fa-6c00-4375-840a-b7554af45b0c" ],
        "Strict-Transport-Security": [ "max-age=31536000; includeSubDomains" ],
        "X-Content-Type-Options": [ "nosniff" ],
        "Date": [ "Sun, 25 Sep 2022 11:52:29 GMT" ]
      },
      "ContentHeaders": {
        "Content-Length": [ "1137" ],
        "Content-Type": [ "application/json; charset=utf-8" ],
        "Expires": [ "-1" ]
      },
      "Content": "{\"id\":\"/subscriptions/326100e2-f69d-4268-8503-075374f62b6e/resourceGroups/resourceGroupAutorestil13y9/providers/Microsoft.EventHub/namespaces/namespaceNamefibdr3/networkRuleSets/default\",\"name\":\"default\",\"type\":\"Microsoft.EventHub/Namespaces/NetworkRuleSets\",\"location\":\"East US\",\"properties\":{\"publicNetworkAccess\":\"Enabled\",\"defaultAction\":\"Allow\",\"virtualNetworkRules\":[{\"subnet\":{\"id\":\"/subscriptions/326100e2-f69d-4268-8503-075374f62b6e/resourceGroups/AutomatedPowershellTesting/providers/Microsoft.Network/virtualNetworks/testpsvn/subnets/default\"},\"ignoreMissingVnetServiceEndpoint\":false},{\"subnet\":{\"id\":\"/subscriptions/326100e2-f69d-4268-8503-075374f62b6e/resourceGroups/AutomatedPowershellTesting/providers/Microsoft.Network/virtualNetworks/testpsvn/subnets/default2\"},\"ignoreMissingVnetServiceEndpoint\":false},{\"subnet\":{\"id\":\"/subscriptions/326100e2-f69d-4268-8503-075374f62b6e/resourceGroups/AutomatedPowershellTesting/providers/Microsoft.Network/virtualNetworks/testpsvn/subnets/default3\"},\"ignoreMissingVnetServiceEndpoint\":false}],\"ipRules\":[{\"ipMask\":\"1.1.1.1\",\"action\":\"Allow\"},{\"ipMask\":\"2.2.2.2\",\"action\":\"Allow\"}]}}",
      "isContentBase64": false
    }
  },
  "Set-AzEventHubNetworkRuleSet+[NoContext]+SetExpanded+$GET+https://management.azure.com/subscriptions/326100e2-f69d-4268-8503-075374f62b6e/resourceGroups/resourceGroupAutorestil13y9/providers/Microsoft.EventHub/namespaces/namespaceNamefibdr3/networkRuleSets/default?api-version=2022-01-01-preview+3": {
    "Request": {
      "Method": "GET",
      "RequestUri": "https://management.azure.com/subscriptions/326100e2-f69d-4268-8503-075374f62b6e/resourceGroups/resourceGroupAutorestil13y9/providers/Microsoft.EventHub/namespaces/namespaceNamefibdr3/networkRuleSets/default?api-version=2022-01-01-preview",
      "Content": null,
      "isContentBase64": false,
      "Headers": {
        "x-ms-unique-id": [ "524" ],
        "x-ms-client-request-id": [ "4a22e3f7-2afc-44d6-b8e7-4d9936089e20" ],
        "CommandName": [ "Get-AzEventHubNetworkRuleSet" ],
        "FullCommandName": [ "Get-AzEventHubNetworkRuleSet_Get" ],
        "ParameterSetName": [ "__AllParameterSets" ],
        "User-Agent": [ "AzurePowershell/v0.0.0", "PSVersion/v7.1.3", "Az.EventHub/0.1.0" ],
        "Authorization": [ "[Filtered]" ]
      },
      "ContentHeaders": {
      }
    },
    "Response": {
      "StatusCode": 200,
      "Headers": {
        "Cache-Control": [ "no-cache" ],
        "Pragma": [ "no-cache" ],
        "x-ms-request-id": [ "d3b5a51e-a1c9-4cbb-b5dc-22f50218c9bd_M7SN1_M7SN1" ],
        "Server-SB": [ "Service-Bus-Resource-Provider/SN1" ],
        "Server": [ "Service-Bus-Resource-Provider/SN1", "Microsoft-HTTPAPI/2.0" ],
        "x-ms-ratelimit-remaining-subscription-reads": [ "11997" ],
        "x-ms-correlation-request-id": [ "0fbf2351-4672-4597-809c-a03b4e0abd23" ],
        "x-ms-routing-request-id": [ "KOREACENTRAL:20220925T115231Z:0fbf2351-4672-4597-809c-a03b4e0abd23" ],
        "Strict-Transport-Security": [ "max-age=31536000; includeSubDomains" ],
        "X-Content-Type-Options": [ "nosniff" ],
        "Date": [ "Sun, 25 Sep 2022 11:52:30 GMT" ]
      },
      "ContentHeaders": {
        "Content-Length": [ "1137" ],
        "Content-Type": [ "application/json; charset=utf-8" ],
        "Expires": [ "-1" ]
      },
      "Content": "{\"id\":\"/subscriptions/326100e2-f69d-4268-8503-075374f62b6e/resourceGroups/resourceGroupAutorestil13y9/providers/Microsoft.EventHub/namespaces/namespaceNamefibdr3/networkRuleSets/default\",\"name\":\"default\",\"type\":\"Microsoft.EventHub/Namespaces/NetworkRuleSets\",\"location\":\"East US\",\"properties\":{\"publicNetworkAccess\":\"Enabled\",\"defaultAction\":\"Allow\",\"virtualNetworkRules\":[{\"subnet\":{\"id\":\"/subscriptions/326100e2-f69d-4268-8503-075374f62b6e/resourcegroups/automatedpowershelltesting/providers/Microsoft.Network/virtualNetworks/testpsvn/subnets/default\"},\"ignoreMissingVnetServiceEndpoint\":false},{\"subnet\":{\"id\":\"/subscriptions/326100e2-f69d-4268-8503-075374f62b6e/resourcegroups/automatedpowershelltesting/providers/Microsoft.Network/virtualNetworks/testpsvn/subnets/default2\"},\"ignoreMissingVnetServiceEndpoint\":false},{\"subnet\":{\"id\":\"/subscriptions/326100e2-f69d-4268-8503-075374f62b6e/resourcegroups/automatedpowershelltesting/providers/Microsoft.Network/virtualNetworks/testpsvn/subnets/default3\"},\"ignoreMissingVnetServiceEndpoint\":false}],\"ipRules\":[{\"ipMask\":\"1.1.1.1\",\"action\":\"Allow\"},{\"ipMask\":\"2.2.2.2\",\"action\":\"Allow\"}]}}",
      "isContentBase64": false
    }
  },
  "Set-AzEventHubNetworkRuleSet+[NoContext]+SetExpanded+$PUT+https://management.azure.com/subscriptions/326100e2-f69d-4268-8503-075374f62b6e/resourceGroups/resourceGroupAutorestil13y9/providers/Microsoft.EventHub/namespaces/namespaceNamefibdr3/networkRuleSets/default?api-version=2022-01-01-preview+4": {
    "Request": {
      "Method": "PUT",
      "RequestUri": "https://management.azure.com/subscriptions/326100e2-f69d-4268-8503-075374f62b6e/resourceGroups/resourceGroupAutorestil13y9/providers/Microsoft.EventHub/namespaces/namespaceNamefibdr3/networkRuleSets/default?api-version=2022-01-01-preview",
      "Content": "{\n  \"properties\": {\n    \"defaultAction\": \"Deny\",\n    \"virtualNetworkRules\": [\n      {\n        \"subnet\": {\n          \"id\": \"/subscriptions/326100e2-f69d-4268-8503-075374f62b6e/resourcegroups/automatedpowershelltesting/providers/Microsoft.Network/virtualNetworks/testpsvn/subnets/default\"\n        },\n        \"ignoreMissingVnetServiceEndpoint\": false\n      },\n      {\n        \"subnet\": {\n          \"id\": \"/subscriptions/326100e2-f69d-4268-8503-075374f62b6e/resourcegroups/automatedpowershelltesting/providers/Microsoft.Network/virtualNetworks/testpsvn/subnets/default2\"\n        },\n        \"ignoreMissingVnetServiceEndpoint\": false\n      },\n      {\n        \"subnet\": {\n          \"id\": \"/subscriptions/326100e2-f69d-4268-8503-075374f62b6e/resourcegroups/automatedpowershelltesting/providers/Microsoft.Network/virtualNetworks/testpsvn/subnets/default3\"\n        },\n        \"ignoreMissingVnetServiceEndpoint\": false\n      }\n    ],\n    \"ipRules\": [\n      {\n        \"ipMask\": \"1.1.1.1\",\n        \"action\": \"Allow\"\n      },\n      {\n        \"ipMask\": \"2.2.2.2\",\n        \"action\": \"Allow\"\n      }\n    ],\n    \"publicNetworkAccess\": \"Enabled\"\n  }\n}",
      "isContentBase64": false,
      "Headers": {
      },
      "ContentHeaders": {
        "Content-Type": [ "application/json" ],
        "Content-Length": [ "1132" ]
      }
    },
    "Response": {
      "StatusCode": 200,
      "Headers": {
        "Cache-Control": [ "no-cache" ],
        "Pragma": [ "no-cache" ],
        "x-ms-request-id": [ "948e5d69-54bf-45f3-9165-3aefa18f6d8d_M7SN1_M7SN1" ],
        "Server-SB": [ "Service-Bus-Resource-Provider/SN1" ],
        "Server": [ "Service-Bus-Resource-Provider/SN1", "Microsoft-HTTPAPI/2.0" ],
        "x-ms-ratelimit-remaining-subscription-writes": [ "1198" ],
        "x-ms-correlation-request-id": [ "eec62fa9-bf77-45e9-9433-8938ba621876" ],
        "x-ms-routing-request-id": [ "KOREACENTRAL:20220925T115237Z:eec62fa9-bf77-45e9-9433-8938ba621876" ],
        "Strict-Transport-Security": [ "max-age=31536000; includeSubDomains" ],
        "X-Content-Type-Options": [ "nosniff" ],
        "Date": [ "Sun, 25 Sep 2022 11:52:37 GMT" ]
      },
      "ContentHeaders": {
        "Content-Length": [ "1136" ],
        "Content-Type": [ "application/json; charset=utf-8" ],
        "Expires": [ "-1" ]
      },
      "Content": "{\"id\":\"/subscriptions/326100e2-f69d-4268-8503-075374f62b6e/resourceGroups/resourceGroupAutorestil13y9/providers/Microsoft.EventHub/namespaces/namespaceNamefibdr3/networkRuleSets/default\",\"name\":\"default\",\"type\":\"Microsoft.EventHub/Namespaces/NetworkRuleSets\",\"location\":\"East US\",\"properties\":{\"publicNetworkAccess\":\"Enabled\",\"defaultAction\":\"Deny\",\"virtualNetworkRules\":[{\"subnet\":{\"id\":\"/subscriptions/326100e2-f69d-4268-8503-075374f62b6e/resourcegroups/automatedpowershelltesting/providers/Microsoft.Network/virtualNetworks/testpsvn/subnets/default\"},\"ignoreMissingVnetServiceEndpoint\":false},{\"subnet\":{\"id\":\"/subscriptions/326100e2-f69d-4268-8503-075374f62b6e/resourcegroups/automatedpowershelltesting/providers/Microsoft.Network/virtualNetworks/testpsvn/subnets/default2\"},\"ignoreMissingVnetServiceEndpoint\":false},{\"subnet\":{\"id\":\"/subscriptions/326100e2-f69d-4268-8503-075374f62b6e/resourcegroups/automatedpowershelltesting/providers/Microsoft.Network/virtualNetworks/testpsvn/subnets/default3\"},\"ignoreMissingVnetServiceEndpoint\":false}],\"ipRules\":[{\"ipMask\":\"1.1.1.1\",\"action\":\"Allow\"},{\"ipMask\":\"2.2.2.2\",\"action\":\"Allow\"}]}}",
      "isContentBase64": false
    }
  },
  "Set-AzEventHubNetworkRuleSet+[NoContext]+SetExpanded+$GET+https://management.azure.com/subscriptions/326100e2-f69d-4268-8503-075374f62b6e/resourceGroups/resourceGroupAutorestil13y9/providers/Microsoft.EventHub/namespaces/namespaceNamefibdr3/networkRuleSets/default?api-version=2022-01-01-preview+5": {
    "Request": {
      "Method": "GET",
      "RequestUri": "https://management.azure.com/subscriptions/326100e2-f69d-4268-8503-075374f62b6e/resourceGroups/resourceGroupAutorestil13y9/providers/Microsoft.EventHub/namespaces/namespaceNamefibdr3/networkRuleSets/default?api-version=2022-01-01-preview",
      "Content": null,
      "isContentBase64": false,
      "Headers": {
        "x-ms-unique-id": [ "526" ],
        "x-ms-client-request-id": [ "ca73335e-e0d0-4909-b7ca-01aa530db99b" ],
        "CommandName": [ "Get-AzEventHubNetworkRuleSet" ],
        "FullCommandName": [ "Get-AzEventHubNetworkRuleSet_Get" ],
        "ParameterSetName": [ "__AllParameterSets" ],
        "User-Agent": [ "AzurePowershell/v0.0.0", "PSVersion/v7.1.3", "Az.EventHub/0.1.0" ],
        "Authorization": [ "[Filtered]" ]
      },
      "ContentHeaders": {
      }
    },
    "Response": {
      "StatusCode": 200,
      "Headers": {
        "Cache-Control": [ "no-cache" ],
        "Pragma": [ "no-cache" ],
        "x-ms-request-id": [ "a9a2cb23-2da5-49ec-9a06-a26d8d674506_M7SN1_M7SN1" ],
        "Server-SB": [ "Service-Bus-Resource-Provider/SN1" ],
        "Server": [ "Service-Bus-Resource-Provider/SN1", "Microsoft-HTTPAPI/2.0" ],
        "x-ms-ratelimit-remaining-subscription-reads": [ "11996" ],
        "x-ms-correlation-request-id": [ "b86f7499-d550-44e6-85ab-c5c0d0fac4b5" ],
        "x-ms-routing-request-id": [ "KOREACENTRAL:20220925T115239Z:b86f7499-d550-44e6-85ab-c5c0d0fac4b5" ],
        "Strict-Transport-Security": [ "max-age=31536000; includeSubDomains" ],
        "X-Content-Type-Options": [ "nosniff" ],
        "Date": [ "Sun, 25 Sep 2022 11:52:38 GMT" ]
      },
      "ContentHeaders": {
        "Content-Length": [ "1136" ],
        "Content-Type": [ "application/json; charset=utf-8" ],
        "Expires": [ "-1" ]
      },
      "Content": "{\"id\":\"/subscriptions/326100e2-f69d-4268-8503-075374f62b6e/resourceGroups/resourceGroupAutorestil13y9/providers/Microsoft.EventHub/namespaces/namespaceNamefibdr3/networkRuleSets/default\",\"name\":\"default\",\"type\":\"Microsoft.EventHub/Namespaces/NetworkRuleSets\",\"location\":\"East US\",\"properties\":{\"publicNetworkAccess\":\"Enabled\",\"defaultAction\":\"Deny\",\"virtualNetworkRules\":[{\"subnet\":{\"id\":\"/subscriptions/326100e2-f69d-4268-8503-075374f62b6e/resourcegroups/automatedpowershelltesting/providers/Microsoft.Network/virtualNetworks/testpsvn/subnets/default\"},\"ignoreMissingVnetServiceEndpoint\":false},{\"subnet\":{\"id\":\"/subscriptions/326100e2-f69d-4268-8503-075374f62b6e/resourcegroups/automatedpowershelltesting/providers/Microsoft.Network/virtualNetworks/testpsvn/subnets/default2\"},\"ignoreMissingVnetServiceEndpoint\":false},{\"subnet\":{\"id\":\"/subscriptions/326100e2-f69d-4268-8503-075374f62b6e/resourcegroups/automatedpowershelltesting/providers/Microsoft.Network/virtualNetworks/testpsvn/subnets/default3\"},\"ignoreMissingVnetServiceEndpoint\":false}],\"ipRules\":[{\"ipMask\":\"1.1.1.1\",\"action\":\"Allow\"},{\"ipMask\":\"2.2.2.2\",\"action\":\"Allow\"}]}}",
      "isContentBase64": false
    }
  },
  "Set-AzEventHubNetworkRuleSet+[NoContext]+SetExpanded+$PUT+https://management.azure.com/subscriptions/326100e2-f69d-4268-8503-075374f62b6e/resourceGroups/resourceGroupAutorestil13y9/providers/Microsoft.EventHub/namespaces/namespaceNamefibdr3/networkRuleSets/default?api-version=2022-01-01-preview+6": {
    "Request": {
      "Method": "PUT",
      "RequestUri": "https://management.azure.com/subscriptions/326100e2-f69d-4268-8503-075374f62b6e/resourceGroups/resourceGroupAutorestil13y9/providers/Microsoft.EventHub/namespaces/namespaceNamefibdr3/networkRuleSets/default?api-version=2022-01-01-preview",
      "Content": "{\n  \"properties\": {\n    \"defaultAction\": \"Deny\",\n    \"virtualNetworkRules\": [\n      {\n        \"subnet\": {\n          \"id\": \"/subscriptions/326100e2-f69d-4268-8503-075374f62b6e/resourcegroups/automatedpowershelltesting/providers/Microsoft.Network/virtualNetworks/testpsvn/subnets/default\"\n        },\n        \"ignoreMissingVnetServiceEndpoint\": false\n      },\n      {\n        \"subnet\": {\n          \"id\": \"/subscriptions/326100e2-f69d-4268-8503-075374f62b6e/resourcegroups/automatedpowershelltesting/providers/Microsoft.Network/virtualNetworks/testpsvn/subnets/default2\"\n        },\n        \"ignoreMissingVnetServiceEndpoint\": false\n      },\n      {\n        \"subnet\": {\n          \"id\": \"/subscriptions/326100e2-f69d-4268-8503-075374f62b6e/resourcegroups/automatedpowershelltesting/providers/Microsoft.Network/virtualNetworks/testpsvn/subnets/default3\"\n        },\n        \"ignoreMissingVnetServiceEndpoint\": false\n      }\n    ],\n    \"ipRules\": [\n      {\n        \"ipMask\": \"1.1.1.1\",\n        \"action\": \"Allow\"\n      },\n      {\n        \"ipMask\": \"2.2.2.2\",\n        \"action\": \"Allow\"\n      }\n    ],\n    \"publicNetworkAccess\": \"Disabled\"\n  }\n}",
      "isContentBase64": false,
      "Headers": {
      },
      "ContentHeaders": {
        "Content-Type": [ "application/json" ],
        "Content-Length": [ "1133" ]
      }
    },
    "Response": {
      "StatusCode": 200,
      "Headers": {
        "Cache-Control": [ "no-cache" ],
        "Pragma": [ "no-cache" ],
        "x-ms-request-id": [ "edf54b28-9dab-45aa-ae37-bf6cca9e3604_M7SN1_M7SN1" ],
        "Server-SB": [ "Service-Bus-Resource-Provider/SN1" ],
        "Server": [ "Service-Bus-Resource-Provider/SN1", "Microsoft-HTTPAPI/2.0" ],
        "x-ms-ratelimit-remaining-subscription-writes": [ "1197" ],
        "x-ms-correlation-request-id": [ "813b7dff-435e-471f-8fd0-71d3b007c0a6" ],
        "x-ms-routing-request-id": [ "KOREACENTRAL:20220925T115245Z:813b7dff-435e-471f-8fd0-71d3b007c0a6" ],
        "Strict-Transport-Security": [ "max-age=31536000; includeSubDomains" ],
        "X-Content-Type-Options": [ "nosniff" ],
        "Date": [ "Sun, 25 Sep 2022 11:52:44 GMT" ]
      },
      "ContentHeaders": {
        "Content-Length": [ "1137" ],
        "Content-Type": [ "application/json; charset=utf-8" ],
        "Expires": [ "-1" ]
      },
      "Content": "{\"id\":\"/subscriptions/326100e2-f69d-4268-8503-075374f62b6e/resourceGroups/resourceGroupAutorestil13y9/providers/Microsoft.EventHub/namespaces/namespaceNamefibdr3/networkRuleSets/default\",\"name\":\"default\",\"type\":\"Microsoft.EventHub/Namespaces/NetworkRuleSets\",\"location\":\"East US\",\"properties\":{\"publicNetworkAccess\":\"Disabled\",\"defaultAction\":\"Deny\",\"virtualNetworkRules\":[{\"subnet\":{\"id\":\"/subscriptions/326100e2-f69d-4268-8503-075374f62b6e/resourcegroups/automatedpowershelltesting/providers/Microsoft.Network/virtualNetworks/testpsvn/subnets/default\"},\"ignoreMissingVnetServiceEndpoint\":false},{\"subnet\":{\"id\":\"/subscriptions/326100e2-f69d-4268-8503-075374f62b6e/resourcegroups/automatedpowershelltesting/providers/Microsoft.Network/virtualNetworks/testpsvn/subnets/default2\"},\"ignoreMissingVnetServiceEndpoint\":false},{\"subnet\":{\"id\":\"/subscriptions/326100e2-f69d-4268-8503-075374f62b6e/resourcegroups/automatedpowershelltesting/providers/Microsoft.Network/virtualNetworks/testpsvn/subnets/default3\"},\"ignoreMissingVnetServiceEndpoint\":false}],\"ipRules\":[{\"ipMask\":\"1.1.1.1\",\"action\":\"Allow\"},{\"ipMask\":\"2.2.2.2\",\"action\":\"Allow\"}]}}",
      "isContentBase64": false
    }
  },
  "Set-AzEventHubNetworkRuleSet+[NoContext]+SetExpanded+$GET+https://management.azure.com/subscriptions/326100e2-f69d-4268-8503-075374f62b6e/resourceGroups/resourceGroupAutorestil13y9/providers/Microsoft.EventHub/namespaces/namespaceNamefibdr3/networkRuleSets/default?api-version=2022-01-01-preview+7": {
    "Request": {
      "Method": "GET",
      "RequestUri": "https://management.azure.com/subscriptions/326100e2-f69d-4268-8503-075374f62b6e/resourceGroups/resourceGroupAutorestil13y9/providers/Microsoft.EventHub/namespaces/namespaceNamefibdr3/networkRuleSets/default?api-version=2022-01-01-preview",
      "Content": null,
      "isContentBase64": false,
      "Headers": {
        "x-ms-unique-id": [ "528" ],
        "x-ms-client-request-id": [ "f1326964-d35a-4c62-88fb-fefc61e53250" ],
        "CommandName": [ "Get-AzEventHubNetworkRuleSet" ],
        "FullCommandName": [ "Get-AzEventHubNetworkRuleSet_Get" ],
        "ParameterSetName": [ "__AllParameterSets" ],
        "User-Agent": [ "AzurePowershell/v0.0.0", "PSVersion/v7.1.3", "Az.EventHub/0.1.0" ],
        "Authorization": [ "[Filtered]" ]
      },
      "ContentHeaders": {
      }
    },
    "Response": {
      "StatusCode": 200,
      "Headers": {
        "Cache-Control": [ "no-cache" ],
        "Pragma": [ "no-cache" ],
        "x-ms-request-id": [ "cee65dd3-6d68-4bfa-aba5-514fca1beb2f_M7SN1_M7SN1" ],
        "Server-SB": [ "Service-Bus-Resource-Provider/SN1" ],
        "Server": [ "Service-Bus-Resource-Provider/SN1", "Microsoft-HTTPAPI/2.0" ],
        "x-ms-ratelimit-remaining-subscription-reads": [ "11995" ],
        "x-ms-correlation-request-id": [ "310747f1-100c-43dc-8ba3-2e66504581c3" ],
        "x-ms-routing-request-id": [ "KOREACENTRAL:20220925T115247Z:310747f1-100c-43dc-8ba3-2e66504581c3" ],
        "Strict-Transport-Security": [ "max-age=31536000; includeSubDomains" ],
        "X-Content-Type-Options": [ "nosniff" ],
        "Date": [ "Sun, 25 Sep 2022 11:52:47 GMT" ]
      },
      "ContentHeaders": {
        "Content-Length": [ "1137" ],
        "Content-Type": [ "application/json; charset=utf-8" ],
        "Expires": [ "-1" ]
      },
      "Content": "{\"id\":\"/subscriptions/326100e2-f69d-4268-8503-075374f62b6e/resourceGroups/resourceGroupAutorestil13y9/providers/Microsoft.EventHub/namespaces/namespaceNamefibdr3/networkRuleSets/default\",\"name\":\"default\",\"type\":\"Microsoft.EventHub/Namespaces/NetworkRuleSets\",\"location\":\"East US\",\"properties\":{\"publicNetworkAccess\":\"Disabled\",\"defaultAction\":\"Deny\",\"virtualNetworkRules\":[{\"subnet\":{\"id\":\"/subscriptions/326100e2-f69d-4268-8503-075374f62b6e/resourcegroups/automatedpowershelltesting/providers/Microsoft.Network/virtualNetworks/testpsvn/subnets/default\"},\"ignoreMissingVnetServiceEndpoint\":false},{\"subnet\":{\"id\":\"/subscriptions/326100e2-f69d-4268-8503-075374f62b6e/resourcegroups/automatedpowershelltesting/providers/Microsoft.Network/virtualNetworks/testpsvn/subnets/default2\"},\"ignoreMissingVnetServiceEndpoint\":false},{\"subnet\":{\"id\":\"/subscriptions/326100e2-f69d-4268-8503-075374f62b6e/resourcegroups/automatedpowershelltesting/providers/Microsoft.Network/virtualNetworks/testpsvn/subnets/default3\"},\"ignoreMissingVnetServiceEndpoint\":false}],\"ipRules\":[{\"ipMask\":\"1.1.1.1\",\"action\":\"Allow\"},{\"ipMask\":\"2.2.2.2\",\"action\":\"Allow\"}]}}",
      "isContentBase64": false
    }
  },
  "Set-AzEventHubNetworkRuleSet+[NoContext]+SetExpanded+$PUT+https://management.azure.com/subscriptions/326100e2-f69d-4268-8503-075374f62b6e/resourceGroups/resourceGroupAutorestil13y9/providers/Microsoft.EventHub/namespaces/namespaceNamefibdr3/networkRuleSets/default?api-version=2022-01-01-preview+8": {
    "Request": {
      "Method": "PUT",
      "RequestUri": "https://management.azure.com/subscriptions/326100e2-f69d-4268-8503-075374f62b6e/resourceGroups/resourceGroupAutorestil13y9/providers/Microsoft.EventHub/namespaces/namespaceNamefibdr3/networkRuleSets/default?api-version=2022-01-01-preview",
      "Content": "{\n  \"properties\": {\n    \"trustedServiceAccessEnabled\": true,\n    \"defaultAction\": \"Deny\",\n    \"virtualNetworkRules\": [\n      {\n        \"subnet\": {\n          \"id\": \"/subscriptions/326100e2-f69d-4268-8503-075374f62b6e/resourcegroups/automatedpowershelltesting/providers/Microsoft.Network/virtualNetworks/testpsvn/subnets/default\"\n        },\n        \"ignoreMissingVnetServiceEndpoint\": false\n      },\n      {\n        \"subnet\": {\n          \"id\": \"/subscriptions/326100e2-f69d-4268-8503-075374f62b6e/resourcegroups/automatedpowershelltesting/providers/Microsoft.Network/virtualNetworks/testpsvn/subnets/default2\"\n        },\n        \"ignoreMissingVnetServiceEndpoint\": false\n      },\n      {\n        \"subnet\": {\n          \"id\": \"/subscriptions/326100e2-f69d-4268-8503-075374f62b6e/resourcegroups/automatedpowershelltesting/providers/Microsoft.Network/virtualNetworks/testpsvn/subnets/default3\"\n        },\n        \"ignoreMissingVnetServiceEndpoint\": false\n      }\n    ],\n    \"ipRules\": [\n      {\n        \"ipMask\": \"1.1.1.1\",\n        \"action\": \"Allow\"\n      },\n      {\n        \"ipMask\": \"2.2.2.2\",\n        \"action\": \"Allow\"\n      }\n    ],\n    \"publicNetworkAccess\": \"Disabled\"\n  }\n}",
      "isContentBase64": false,
      "Headers": {
      },
      "ContentHeaders": {
        "Content-Type": [ "application/json" ],
        "Content-Length": [ "1174" ]
      }
    },
    "Response": {
      "StatusCode": 200,
      "Headers": {
        "Cache-Control": [ "no-cache" ],
        "Pragma": [ "no-cache" ],
        "x-ms-request-id": [ "dbb98e87-c416-4d9f-bbb8-5e386e208cea_M7SN1_M7SN1" ],
        "Server-SB": [ "Service-Bus-Resource-Provider/SN1" ],
        "Server": [ "Service-Bus-Resource-Provider/SN1", "Microsoft-HTTPAPI/2.0" ],
        "x-ms-ratelimit-remaining-subscription-writes": [ "1196" ],
        "x-ms-correlation-request-id": [ "374a4ac1-f848-45b9-b2be-b88bfc031ab1" ],
        "x-ms-routing-request-id": [ "KOREACENTRAL:20220925T115254Z:374a4ac1-f848-45b9-b2be-b88bfc031ab1" ],
        "Strict-Transport-Security": [ "max-age=31536000; includeSubDomains" ],
        "X-Content-Type-Options": [ "nosniff" ],
        "Date": [ "Sun, 25 Sep 2022 11:52:54 GMT" ]
      },
      "ContentHeaders": {
        "Content-Length": [ "1172" ],
        "Content-Type": [ "application/json; charset=utf-8" ],
        "Expires": [ "-1" ]
      },
      "Content": "{\"id\":\"/subscriptions/326100e2-f69d-4268-8503-075374f62b6e/resourceGroups/resourceGroupAutorestil13y9/providers/Microsoft.EventHub/namespaces/namespaceNamefibdr3/networkRuleSets/default\",\"name\":\"default\",\"type\":\"Microsoft.EventHub/Namespaces/NetworkRuleSets\",\"location\":\"East US\",\"properties\":{\"publicNetworkAccess\":\"Disabled\",\"defaultAction\":\"Deny\",\"virtualNetworkRules\":[{\"subnet\":{\"id\":\"/subscriptions/326100e2-f69d-4268-8503-075374f62b6e/resourcegroups/automatedpowershelltesting/providers/Microsoft.Network/virtualNetworks/testpsvn/subnets/default\"},\"ignoreMissingVnetServiceEndpoint\":false},{\"subnet\":{\"id\":\"/subscriptions/326100e2-f69d-4268-8503-075374f62b6e/resourcegroups/automatedpowershelltesting/providers/Microsoft.Network/virtualNetworks/testpsvn/subnets/default2\"},\"ignoreMissingVnetServiceEndpoint\":false},{\"subnet\":{\"id\":\"/subscriptions/326100e2-f69d-4268-8503-075374f62b6e/resourcegroups/automatedpowershelltesting/providers/Microsoft.Network/virtualNetworks/testpsvn/subnets/default3\"},\"ignoreMissingVnetServiceEndpoint\":false}],\"ipRules\":[{\"ipMask\":\"1.1.1.1\",\"action\":\"Allow\"},{\"ipMask\":\"2.2.2.2\",\"action\":\"Allow\"}],\"trustedServiceAccessEnabled\":true}}",
      "isContentBase64": false
    }
  },
  "Set-AzEventHubNetworkRuleSet+[NoContext]+SetViaIdentityExpanded+$GET+https://management.azure.com/subscriptions/326100e2-f69d-4268-8503-075374f62b6e/resourceGroups/resourceGroupAutorestil13y9/providers/Microsoft.EventHub/namespaces/namespaceNamefibdr3/networkRuleSets/default?api-version=2022-01-01-preview+1": {
    "Request": {
      "Method": "GET",
      "RequestUri": "https://management.azure.com/subscriptions/326100e2-f69d-4268-8503-075374f62b6e/resourceGroups/resourceGroupAutorestil13y9/providers/Microsoft.EventHub/namespaces/namespaceNamefibdr3/networkRuleSets/default?api-version=2022-01-01-preview",
      "Content": null,
      "isContentBase64": false,
      "Headers": {
        "x-ms-unique-id": [ "530" ],
        "x-ms-client-request-id": [ "8a8801b0-78ab-4bfe-8213-a411f7838d95" ],
        "CommandName": [ "Get-AzEventHubNetworkRuleSet" ],
        "FullCommandName": [ "Get-AzEventHubNetworkRuleSet_Get" ],
        "ParameterSetName": [ "__AllParameterSets" ],
        "User-Agent": [ "AzurePowershell/v0.0.0", "PSVersion/v7.1.3", "Az.EventHub/0.1.0" ],
        "Authorization": [ "[Filtered]" ]
      },
      "ContentHeaders": {
      }
    },
    "Response": {
      "StatusCode": 200,
      "Headers": {
        "Cache-Control": [ "no-cache" ],
        "Pragma": [ "no-cache" ],
        "x-ms-request-id": [ "581fc2c8-4dd1-4cf3-9f88-4301afca08b9_M7SN1_M7SN1" ],
        "Server-SB": [ "Service-Bus-Resource-Provider/SN1" ],
        "Server": [ "Service-Bus-Resource-Provider/SN1", "Microsoft-HTTPAPI/2.0" ],
        "x-ms-ratelimit-remaining-subscription-reads": [ "11994" ],
        "x-ms-correlation-request-id": [ "4b4149bb-0c1f-40aa-80c8-ebbf96c462ef" ],
        "x-ms-routing-request-id": [ "KOREACENTRAL:20220925T115255Z:4b4149bb-0c1f-40aa-80c8-ebbf96c462ef" ],
        "Strict-Transport-Security": [ "max-age=31536000; includeSubDomains" ],
        "X-Content-Type-Options": [ "nosniff" ],
        "Date": [ "Sun, 25 Sep 2022 11:52:54 GMT" ]
      },
      "ContentHeaders": {
        "Content-Length": [ "1172" ],
        "Content-Type": [ "application/json; charset=utf-8" ],
        "Expires": [ "-1" ]
      },
      "Content": "{\"id\":\"/subscriptions/326100e2-f69d-4268-8503-075374f62b6e/resourceGroups/resourceGroupAutorestil13y9/providers/Microsoft.EventHub/namespaces/namespaceNamefibdr3/networkRuleSets/default\",\"name\":\"default\",\"type\":\"Microsoft.EventHub/Namespaces/NetworkRuleSets\",\"location\":\"East US\",\"properties\":{\"publicNetworkAccess\":\"Disabled\",\"defaultAction\":\"Deny\",\"virtualNetworkRules\":[{\"subnet\":{\"id\":\"/subscriptions/326100e2-f69d-4268-8503-075374f62b6e/resourcegroups/automatedpowershelltesting/providers/Microsoft.Network/virtualNetworks/testpsvn/subnets/default\"},\"ignoreMissingVnetServiceEndpoint\":false},{\"subnet\":{\"id\":\"/subscriptions/326100e2-f69d-4268-8503-075374f62b6e/resourcegroups/automatedpowershelltesting/providers/Microsoft.Network/virtualNetworks/testpsvn/subnets/default2\"},\"ignoreMissingVnetServiceEndpoint\":false},{\"subnet\":{\"id\":\"/subscriptions/326100e2-f69d-4268-8503-075374f62b6e/resourcegroups/automatedpowershelltesting/providers/Microsoft.Network/virtualNetworks/testpsvn/subnets/default3\"},\"ignoreMissingVnetServiceEndpoint\":false}],\"ipRules\":[{\"ipMask\":\"1.1.1.1\",\"action\":\"Allow\"},{\"ipMask\":\"2.2.2.2\",\"action\":\"Allow\"}],\"trustedServiceAccessEnabled\":true}}",
      "isContentBase64": false
    }
  },
  "Set-AzEventHubNetworkRuleSet+[NoContext]+SetViaIdentityExpanded+$GET+https://management.azure.com/subscriptions/326100e2-f69d-4268-8503-075374f62b6e/resourceGroups/resourceGroupAutorestil13y9/providers/Microsoft.EventHub/namespaces/namespaceNamefibdr3/networkRuleSets/default?api-version=2022-01-01-preview+2": {
    "Request": {
      "Method": "GET",
      "RequestUri": "https://management.azure.com/subscriptions/326100e2-f69d-4268-8503-075374f62b6e/resourceGroups/resourceGroupAutorestil13y9/providers/Microsoft.EventHub/namespaces/namespaceNamefibdr3/networkRuleSets/default?api-version=2022-01-01-preview",
      "Content": null,
      "isContentBase64": false,
      "Headers": {
        "x-ms-unique-id": [ "531" ],
        "x-ms-client-request-id": [ "2239e346-10f6-40d8-ba8e-d11628fac001" ],
        "CommandName": [ "Get-AzEventHubNetworkRuleSet" ],
        "FullCommandName": [ "Get-AzEventHubNetworkRuleSet_GetViaIdentity" ],
        "ParameterSetName": [ "__AllParameterSets" ],
        "User-Agent": [ "AzurePowershell/v0.0.0", "PSVersion/v7.1.3", "Az.EventHub/0.1.0" ],
        "Authorization": [ "[Filtered]" ]
      },
      "ContentHeaders": {
      }
    },
    "Response": {
      "StatusCode": 200,
      "Headers": {
        "Cache-Control": [ "no-cache" ],
        "Pragma": [ "no-cache" ],
        "x-ms-request-id": [ "d4a332d1-497b-4c9f-8534-84c20994e6fd_M7SN1_M7SN1" ],
        "Server-SB": [ "Service-Bus-Resource-Provider/SN1" ],
        "Server": [ "Service-Bus-Resource-Provider/SN1", "Microsoft-HTTPAPI/2.0" ],
        "x-ms-ratelimit-remaining-subscription-reads": [ "11993" ],
        "x-ms-correlation-request-id": [ "3429247b-ddc1-4a84-b5b6-ff0d76155be0" ],
        "x-ms-routing-request-id": [ "KOREACENTRAL:20220925T115256Z:3429247b-ddc1-4a84-b5b6-ff0d76155be0" ],
        "Strict-Transport-Security": [ "max-age=31536000; includeSubDomains" ],
        "X-Content-Type-Options": [ "nosniff" ],
        "Date": [ "Sun, 25 Sep 2022 11:52:55 GMT" ]
      },
      "ContentHeaders": {
        "Content-Length": [ "1172" ],
        "Content-Type": [ "application/json; charset=utf-8" ],
        "Expires": [ "-1" ]
      },
      "Content": "{\"id\":\"/subscriptions/326100e2-f69d-4268-8503-075374f62b6e/resourceGroups/resourceGroupAutorestil13y9/providers/Microsoft.EventHub/namespaces/namespaceNamefibdr3/networkRuleSets/default\",\"name\":\"default\",\"type\":\"Microsoft.EventHub/Namespaces/NetworkRuleSets\",\"location\":\"East US\",\"properties\":{\"publicNetworkAccess\":\"Disabled\",\"defaultAction\":\"Deny\",\"virtualNetworkRules\":[{\"subnet\":{\"id\":\"/subscriptions/326100e2-f69d-4268-8503-075374f62b6e/resourcegroups/automatedpowershelltesting/providers/Microsoft.Network/virtualNetworks/testpsvn/subnets/default\"},\"ignoreMissingVnetServiceEndpoint\":false},{\"subnet\":{\"id\":\"/subscriptions/326100e2-f69d-4268-8503-075374f62b6e/resourcegroups/automatedpowershelltesting/providers/Microsoft.Network/virtualNetworks/testpsvn/subnets/default2\"},\"ignoreMissingVnetServiceEndpoint\":false},{\"subnet\":{\"id\":\"/subscriptions/326100e2-f69d-4268-8503-075374f62b6e/resourcegroups/automatedpowershelltesting/providers/Microsoft.Network/virtualNetworks/testpsvn/subnets/default3\"},\"ignoreMissingVnetServiceEndpoint\":false}],\"ipRules\":[{\"ipMask\":\"1.1.1.1\",\"action\":\"Allow\"},{\"ipMask\":\"2.2.2.2\",\"action\":\"Allow\"}],\"trustedServiceAccessEnabled\":true}}",
      "isContentBase64": false
    }
  },
  "Set-AzEventHubNetworkRuleSet+[NoContext]+SetViaIdentityExpanded+$GET+https://management.azure.com/subscriptions/326100e2-f69d-4268-8503-075374f62b6e/resourceGroups/resourceGroupAutorestil13y9/providers/Microsoft.EventHub/namespaces/namespaceNamefibdr3/networkRuleSets/default?api-version=2022-01-01-preview+3": {
    "Request": {
      "Method": "GET",
      "RequestUri": "https://management.azure.com/subscriptions/326100e2-f69d-4268-8503-075374f62b6e/resourceGroups/resourceGroupAutorestil13y9/providers/Microsoft.EventHub/namespaces/namespaceNamefibdr3/networkRuleSets/default?api-version=2022-01-01-preview",
      "Content": null,
      "isContentBase64": false,
      "Headers": {
        "x-ms-unique-id": [ "532" ],
        "x-ms-client-request-id": [ "f0639b29-8842-40a4-8ca0-140c9b360f4d" ],
        "CommandName": [ "Get-AzEventHubNetworkRuleSet" ],
        "FullCommandName": [ "Get-AzEventHubNetworkRuleSet_GetViaIdentity" ],
        "ParameterSetName": [ "__AllParameterSets" ],
        "User-Agent": [ "AzurePowershell/v0.0.0", "PSVersion/v7.1.3", "Az.EventHub/0.1.0" ],
        "Authorization": [ "[Filtered]" ]
      },
      "ContentHeaders": {
      }
    },
    "Response": {
      "StatusCode": 200,
      "Headers": {
        "Cache-Control": [ "no-cache" ],
        "Pragma": [ "no-cache" ],
        "x-ms-request-id": [ "7882b68c-09a5-4fa0-8ed2-614cd8b78700_M7SN1_M7SN1" ],
        "Server-SB": [ "Service-Bus-Resource-Provider/SN1" ],
        "Server": [ "Service-Bus-Resource-Provider/SN1", "Microsoft-HTTPAPI/2.0" ],
        "x-ms-ratelimit-remaining-subscription-reads": [ "11992" ],
        "x-ms-correlation-request-id": [ "5a628cb3-c638-4da9-a1a9-f423544ea48f" ],
        "x-ms-routing-request-id": [ "KOREACENTRAL:20220925T115256Z:5a628cb3-c638-4da9-a1a9-f423544ea48f" ],
        "Strict-Transport-Security": [ "max-age=31536000; includeSubDomains" ],
        "X-Content-Type-Options": [ "nosniff" ],
        "Date": [ "Sun, 25 Sep 2022 11:52:56 GMT" ]
      },
      "ContentHeaders": {
        "Content-Length": [ "1172" ],
        "Content-Type": [ "application/json; charset=utf-8" ],
        "Expires": [ "-1" ]
      },
      "Content": "{\"id\":\"/subscriptions/326100e2-f69d-4268-8503-075374f62b6e/resourceGroups/resourceGroupAutorestil13y9/providers/Microsoft.EventHub/namespaces/namespaceNamefibdr3/networkRuleSets/default\",\"name\":\"default\",\"type\":\"Microsoft.EventHub/Namespaces/NetworkRuleSets\",\"location\":\"East US\",\"properties\":{\"publicNetworkAccess\":\"Disabled\",\"defaultAction\":\"Deny\",\"virtualNetworkRules\":[{\"subnet\":{\"id\":\"/subscriptions/326100e2-f69d-4268-8503-075374f62b6e/resourcegroups/automatedpowershelltesting/providers/Microsoft.Network/virtualNetworks/testpsvn/subnets/default\"},\"ignoreMissingVnetServiceEndpoint\":false},{\"subnet\":{\"id\":\"/subscriptions/326100e2-f69d-4268-8503-075374f62b6e/resourcegroups/automatedpowershelltesting/providers/Microsoft.Network/virtualNetworks/testpsvn/subnets/default2\"},\"ignoreMissingVnetServiceEndpoint\":false},{\"subnet\":{\"id\":\"/subscriptions/326100e2-f69d-4268-8503-075374f62b6e/resourcegroups/automatedpowershelltesting/providers/Microsoft.Network/virtualNetworks/testpsvn/subnets/default3\"},\"ignoreMissingVnetServiceEndpoint\":false}],\"ipRules\":[{\"ipMask\":\"1.1.1.1\",\"action\":\"Allow\"},{\"ipMask\":\"2.2.2.2\",\"action\":\"Allow\"}],\"trustedServiceAccessEnabled\":true}}",
      "isContentBase64": false
    }
  },
  "Set-AzEventHubNetworkRuleSet+[NoContext]+SetViaIdentityExpanded+$PUT+https://management.azure.com/subscriptions/326100e2-f69d-4268-8503-075374f62b6e/resourceGroups/resourceGroupAutorestil13y9/providers/Microsoft.EventHub/namespaces/namespaceNamefibdr3/networkRuleSets/default?api-version=2022-01-01-preview+4": {
    "Request": {
      "Method": "PUT",
      "RequestUri": "https://management.azure.com/subscriptions/326100e2-f69d-4268-8503-075374f62b6e/resourceGroups/resourceGroupAutorestil13y9/providers/Microsoft.EventHub/namespaces/namespaceNamefibdr3/networkRuleSets/default?api-version=2022-01-01-preview",
      "Content": "{\n  \"properties\": {\n    \"trustedServiceAccessEnabled\": false,\n    \"defaultAction\": \"Deny\",\n    \"virtualNetworkRules\": [\n      {\n        \"subnet\": {\n          \"id\": \"/subscriptions/326100e2-f69d-4268-8503-075374f62b6e/resourcegroups/automatedpowershelltesting/providers/Microsoft.Network/virtualNetworks/testpsvn/subnets/default\"\n        },\n        \"ignoreMissingVnetServiceEndpoint\": false\n      },\n      {\n        \"subnet\": {\n          \"id\": \"/subscriptions/326100e2-f69d-4268-8503-075374f62b6e/resourcegroups/automatedpowershelltesting/providers/Microsoft.Network/virtualNetworks/testpsvn/subnets/default2\"\n        },\n        \"ignoreMissingVnetServiceEndpoint\": false\n      },\n      {\n        \"subnet\": {\n          \"id\": \"/subscriptions/326100e2-f69d-4268-8503-075374f62b6e/resourcegroups/automatedpowershelltesting/providers/Microsoft.Network/virtualNetworks/testpsvn/subnets/default3\"\n        },\n        \"ignoreMissingVnetServiceEndpoint\": false\n      }\n    ],\n    \"ipRules\": [\n      {\n        \"ipMask\": \"1.1.1.1\",\n        \"action\": \"Allow\"\n      },\n      {\n        \"ipMask\": \"2.2.2.2\",\n        \"action\": \"Allow\"\n      }\n    ],\n    \"publicNetworkAccess\": \"Disabled\"\n  }\n}",
      "isContentBase64": false,
      "Headers": {
      },
      "ContentHeaders": {
        "Content-Type": [ "application/json" ],
        "Content-Length": [ "1175" ]
      }
    },
    "Response": {
      "StatusCode": 200,
      "Headers": {
        "Cache-Control": [ "no-cache" ],
        "Pragma": [ "no-cache" ],
        "x-ms-request-id": [ "f864818a-1406-4cc9-a942-eaedb1f2a3d9_M7SN1_M7SN1" ],
        "Server-SB": [ "Service-Bus-Resource-Provider/SN1" ],
        "Server": [ "Service-Bus-Resource-Provider/SN1", "Microsoft-HTTPAPI/2.0" ],
        "x-ms-ratelimit-remaining-subscription-writes": [ "1195" ],
        "x-ms-correlation-request-id": [ "b0d7b743-c09d-4206-acba-23c6ecfe7c21" ],
        "x-ms-routing-request-id": [ "KOREACENTRAL:20220925T115303Z:b0d7b743-c09d-4206-acba-23c6ecfe7c21" ],
        "Strict-Transport-Security": [ "max-age=31536000; includeSubDomains" ],
        "X-Content-Type-Options": [ "nosniff" ],
        "Date": [ "Sun, 25 Sep 2022 11:53:03 GMT" ]
      },
      "ContentHeaders": {
        "Content-Length": [ "1137" ],
        "Content-Type": [ "application/json; charset=utf-8" ],
        "Expires": [ "-1" ]
      },
      "Content": "{\"id\":\"/subscriptions/326100e2-f69d-4268-8503-075374f62b6e/resourceGroups/resourceGroupAutorestil13y9/providers/Microsoft.EventHub/namespaces/namespaceNamefibdr3/networkRuleSets/default\",\"name\":\"default\",\"type\":\"Microsoft.EventHub/Namespaces/NetworkRuleSets\",\"location\":\"East US\",\"properties\":{\"publicNetworkAccess\":\"Disabled\",\"defaultAction\":\"Deny\",\"virtualNetworkRules\":[{\"subnet\":{\"id\":\"/subscriptions/326100e2-f69d-4268-8503-075374f62b6e/resourcegroups/automatedpowershelltesting/providers/Microsoft.Network/virtualNetworks/testpsvn/subnets/default\"},\"ignoreMissingVnetServiceEndpoint\":false},{\"subnet\":{\"id\":\"/subscriptions/326100e2-f69d-4268-8503-075374f62b6e/resourcegroups/automatedpowershelltesting/providers/Microsoft.Network/virtualNetworks/testpsvn/subnets/default2\"},\"ignoreMissingVnetServiceEndpoint\":false},{\"subnet\":{\"id\":\"/subscriptions/326100e2-f69d-4268-8503-075374f62b6e/resourcegroups/automatedpowershelltesting/providers/Microsoft.Network/virtualNetworks/testpsvn/subnets/default3\"},\"ignoreMissingVnetServiceEndpoint\":false}],\"ipRules\":[{\"ipMask\":\"1.1.1.1\",\"action\":\"Allow\"},{\"ipMask\":\"2.2.2.2\",\"action\":\"Allow\"}]}}",
      "isContentBase64": false
    }
  }
}