{
  "Set-AzEventHubNetworkRuleSet+[NoContext]+SetExpanded+$GET+https://management.azure.com/subscriptions/326100e2-f69d-4268-8503-075374f62b6e/resourceGroups/resourceGroupAutorestwfkmlo/providers/Microsoft.EventHub/namespaces/namespaceNamez6sfbn/networkRuleSets/default?api-version=2022-10-01-preview+1": {
    "Request": {
      "Method": "GET",
      "RequestUri": "https://management.azure.com/subscriptions/326100e2-f69d-4268-8503-075374f62b6e/resourceGroups/resourceGroupAutorestwfkmlo/providers/Microsoft.EventHub/namespaces/namespaceNamez6sfbn/networkRuleSets/default?api-version=2022-10-01-preview",
      "Content": null,
      "isContentBase64": false,
      "Headers": {
        "x-ms-unique-id": [ "454" ],
        "x-ms-client-request-id": [ "0b05deb3-71ee-4409-a9ff-41b7936faa27" ],
        "CommandName": [ "Get-AzEventHubNetworkRuleSet" ],
        "FullCommandName": [ "Get-AzEventHubNetworkRuleSet_Get" ],
        "ParameterSetName": [ "__AllParameterSets" ],
        "User-Agent": [ "AzurePowershell/v0.0.0", "PSVersion/v7.1.3", "Az.EventHub/0.1.0" ],
        "Authorization": [ "[Filtered]" ]
      },
      "ContentHeaders": {
      }
    },
    "Response": {
      "StatusCode": 200,
      "Headers": {
        "Cache-Control": [ "no-cache" ],
        "Pragma": [ "no-cache" ],
        "x-ms-request-id": [ "7b9affa8-165a-481e-a55c-919c581cf84a_M0SN1_M0SN1" ],
        "Server-SB": [ "Service-Bus-Resource-Provider/SN1" ],
        "Server": [ "Service-Bus-Resource-Provider/SN1", "Microsoft-HTTPAPI/2.0" ],
        "x-ms-ratelimit-remaining-subscription-reads": [ "11906" ],
        "x-ms-correlation-request-id": [ "73db1d33-02cd-4dc0-a065-38fc90fe8557" ],
        "x-ms-routing-request-id": [ "SOUTHCENTRALUS:20230213T185821Z:73db1d33-02cd-4dc0-a065-38fc90fe8557" ],
        "Strict-Transport-Security": [ "max-age=31536000; includeSubDomains" ],
        "X-Content-Type-Options": [ "nosniff" ],
        "Date": [ "Mon, 13 Feb 2023 18:58:21 GMT" ]
      },
      "ContentHeaders": {
        "Content-Length": [ "389" ],
        "Content-Type": [ "application/json; charset=utf-8" ],
        "Expires": [ "-1" ]
      },
      "Content": "{\"id\":\"/subscriptions/326100e2-f69d-4268-8503-075374f62b6e/resourceGroups/resourceGroupAutorestwfkmlo/providers/Microsoft.EventHub/namespaces/namespaceNamez6sfbn/networkRuleSets/default\",\"name\":\"default\",\"type\":\"Microsoft.EventHub/Namespaces/NetworkRuleSets\",\"location\":\"East US\",\"properties\":{\"publicNetworkAccess\":\"Enabled\",\"defaultAction\":\"Allow\",\"virtualNetworkRules\":[],\"ipRules\":[]}}",
      "isContentBase64": false
    }
  },
  "Set-AzEventHubNetworkRuleSet+[NoContext]+SetExpanded+$PUT+https://management.azure.com/subscriptions/326100e2-f69d-4268-8503-075374f62b6e/resourceGroups/resourceGroupAutorestwfkmlo/providers/Microsoft.EventHub/namespaces/namespaceNamez6sfbn/networkRuleSets/default?api-version=2022-10-01-preview+2": {
    "Request": {
      "Method": "PUT",
      "RequestUri": "https://management.azure.com/subscriptions/326100e2-f69d-4268-8503-075374f62b6e/resourceGroups/resourceGroupAutorestwfkmlo/providers/Microsoft.EventHub/namespaces/namespaceNamez6sfbn/networkRuleSets/default?api-version=2022-10-01-preview",
      "Content": "{\n  \"properties\": {\n    \"defaultAction\": \"Allow\",\n    \"virtualNetworkRules\": [\n      {\n        \"subnet\": {\n          \"id\": \"/subscriptions/326100e2-f69d-4268-8503-075374f62b6e/resourceGroups/AutomatedPowershellTesting/providers/Microsoft.Network/virtualNetworks/testpsvn/subnets/default\"\n        }\n      },\n      {\n        \"subnet\": {\n          \"id\": \"/subscriptions/326100e2-f69d-4268-8503-075374f62b6e/resourceGroups/AutomatedPowershellTesting/providers/Microsoft.Network/virtualNetworks/testpsvn/subnets/default2\"\n        }\n      },\n      {\n        \"subnet\": {\n          \"id\": \"/subscriptions/326100e2-f69d-4268-8503-075374f62b6e/resourceGroups/AutomatedPowershellTesting/providers/Microsoft.Network/virtualNetworks/testpsvn/subnets/default3\"\n        }\n      }\n    ],\n    \"ipRules\": [\n      {\n        \"ipMask\": \"1.1.1.1\",\n        \"action\": \"Allow\"\n      },\n      {\n        \"ipMask\": \"2.2.2.2\",\n        \"action\": \"Allow\"\n      }\n    ],\n    \"publicNetworkAccess\": \"Enabled\"\n  }\n}",
      "isContentBase64": false,
      "Headers": {
      },
      "ContentHeaders": {
        "Content-Type": [ "application/json" ],
        "Content-Length": [ "980" ]
      }
    },
    "Response": {
      "StatusCode": 200,
      "Headers": {
        "Cache-Control": [ "no-cache" ],
        "Pragma": [ "no-cache" ],
        "x-ms-request-id": [ "052a73ef-9da4-49e7-9968-76824dfd5c5b_M0SN1_M0SN1" ],
        "Server-SB": [ "Service-Bus-Resource-Provider/SN1" ],
        "Server": [ "Service-Bus-Resource-Provider/SN1", "Microsoft-HTTPAPI/2.0" ],
        "x-ms-ratelimit-remaining-subscription-writes": [ "1198" ],
        "x-ms-correlation-request-id": [ "ea354c07-80a6-48f7-aff8-0d77e2efe51a" ],
        "x-ms-routing-request-id": [ "SOUTHCENTRALUS:20230213T185829Z:ea354c07-80a6-48f7-aff8-0d77e2efe51a" ],
        "Strict-Transport-Security": [ "max-age=31536000; includeSubDomains" ],
        "X-Content-Type-Options": [ "nosniff" ],
        "Date": [ "Mon, 13 Feb 2023 18:58:28 GMT" ]
      },
      "ContentHeaders": {
        "Content-Length": [ "1137" ],
        "Content-Type": [ "application/json; charset=utf-8" ],
        "Expires": [ "-1" ]
      },
      "Content": "{\"id\":\"/subscriptions/326100e2-f69d-4268-8503-075374f62b6e/resourceGroups/resourceGroupAutorestwfkmlo/providers/Microsoft.EventHub/namespaces/namespaceNamez6sfbn/networkRuleSets/default\",\"name\":\"default\",\"type\":\"Microsoft.EventHub/Namespaces/NetworkRuleSets\",\"location\":\"East US\",\"properties\":{\"publicNetworkAccess\":\"Enabled\",\"defaultAction\":\"Allow\",\"virtualNetworkRules\":[{\"subnet\":{\"id\":\"/subscriptions/326100e2-f69d-4268-8503-075374f62b6e/resourceGroups/AutomatedPowershellTesting/providers/Microsoft.Network/virtualNetworks/testpsvn/subnets/default\"},\"ignoreMissingVnetServiceEndpoint\":false},{\"subnet\":{\"id\":\"/subscriptions/326100e2-f69d-4268-8503-075374f62b6e/resourceGroups/AutomatedPowershellTesting/providers/Microsoft.Network/virtualNetworks/testpsvn/subnets/default2\"},\"ignoreMissingVnetServiceEndpoint\":false},{\"subnet\":{\"id\":\"/subscriptions/326100e2-f69d-4268-8503-075374f62b6e/resourceGroups/AutomatedPowershellTesting/providers/Microsoft.Network/virtualNetworks/testpsvn/subnets/default3\"},\"ignoreMissingVnetServiceEndpoint\":false}],\"ipRules\":[{\"ipMask\":\"1.1.1.1\",\"action\":\"Allow\"},{\"ipMask\":\"2.2.2.2\",\"action\":\"Allow\"}]}}",
      "isContentBase64": false
    }
  },
  "Set-AzEventHubNetworkRuleSet+[NoContext]+SetExpanded+$GET+https://management.azure.com/subscriptions/326100e2-f69d-4268-8503-075374f62b6e/resourceGroups/resourceGroupAutorestwfkmlo/providers/Microsoft.EventHub/namespaces/namespaceNamez6sfbn/networkRuleSets/default?api-version=2022-10-01-preview+3": {
    "Request": {
      "Method": "GET",
      "RequestUri": "https://management.azure.com/subscriptions/326100e2-f69d-4268-8503-075374f62b6e/resourceGroups/resourceGroupAutorestwfkmlo/providers/Microsoft.EventHub/namespaces/namespaceNamez6sfbn/networkRuleSets/default?api-version=2022-10-01-preview",
      "Content": null,
      "isContentBase64": false,
      "Headers": {
        "x-ms-unique-id": [ "456" ],
        "x-ms-client-request-id": [ "8f316cb1-6eb3-47de-ad64-3e3af31bfc3f" ],
        "CommandName": [ "Get-AzEventHubNetworkRuleSet" ],
        "FullCommandName": [ "Get-AzEventHubNetworkRuleSet_Get" ],
        "ParameterSetName": [ "__AllParameterSets" ],
        "User-Agent": [ "AzurePowershell/v0.0.0", "PSVersion/v7.1.3", "Az.EventHub/0.1.0" ],
        "Authorization": [ "[Filtered]" ]
      },
      "ContentHeaders": {
      }
    },
    "Response": {
      "StatusCode": 200,
      "Headers": {
        "Cache-Control": [ "no-cache" ],
        "Pragma": [ "no-cache" ],
        "x-ms-request-id": [ "c44cad3e-c718-4eab-aaac-e2bc26b66d3b_M0SN1_M0SN1" ],
        "Server-SB": [ "Service-Bus-Resource-Provider/SN1" ],
        "Server": [ "Service-Bus-Resource-Provider/SN1", "Microsoft-HTTPAPI/2.0" ],
        "x-ms-ratelimit-remaining-subscription-reads": [ "11905" ],
        "x-ms-correlation-request-id": [ "8817ad9c-29ab-4a4c-b9d4-eb3f84a8ee41" ],
        "x-ms-routing-request-id": [ "SOUTHCENTRALUS:20230213T185829Z:8817ad9c-29ab-4a4c-b9d4-eb3f84a8ee41" ],
        "Strict-Transport-Security": [ "max-age=31536000; includeSubDomains" ],
        "X-Content-Type-Options": [ "nosniff" ],
        "Date": [ "Mon, 13 Feb 2023 18:58:29 GMT" ]
      },
      "ContentHeaders": {
        "Content-Length": [ "1137" ],
        "Content-Type": [ "application/json; charset=utf-8" ],
        "Expires": [ "-1" ]
      },
      "Content": "{\"id\":\"/subscriptions/326100e2-f69d-4268-8503-075374f62b6e/resourceGroups/resourceGroupAutorestwfkmlo/providers/Microsoft.EventHub/namespaces/namespaceNamez6sfbn/networkRuleSets/default\",\"name\":\"default\",\"type\":\"Microsoft.EventHub/Namespaces/NetworkRuleSets\",\"location\":\"East US\",\"properties\":{\"publicNetworkAccess\":\"Enabled\",\"defaultAction\":\"Allow\",\"virtualNetworkRules\":[{\"subnet\":{\"id\":\"/subscriptions/326100e2-f69d-4268-8503-075374f62b6e/resourcegroups/automatedpowershelltesting/providers/Microsoft.Network/virtualNetworks/testpsvn/subnets/default\"},\"ignoreMissingVnetServiceEndpoint\":false},{\"subnet\":{\"id\":\"/subscriptions/326100e2-f69d-4268-8503-075374f62b6e/resourcegroups/automatedpowershelltesting/providers/Microsoft.Network/virtualNetworks/testpsvn/subnets/default2\"},\"ignoreMissingVnetServiceEndpoint\":false},{\"subnet\":{\"id\":\"/subscriptions/326100e2-f69d-4268-8503-075374f62b6e/resourcegroups/automatedpowershelltesting/providers/Microsoft.Network/virtualNetworks/testpsvn/subnets/default3\"},\"ignoreMissingVnetServiceEndpoint\":false}],\"ipRules\":[{\"ipMask\":\"1.1.1.1\",\"action\":\"Allow\"},{\"ipMask\":\"2.2.2.2\",\"action\":\"Allow\"}]}}",
      "isContentBase64": false
    }
  },
  "Set-AzEventHubNetworkRuleSet+[NoContext]+SetExpanded+$PUT+https://management.azure.com/subscriptions/326100e2-f69d-4268-8503-075374f62b6e/resourceGroups/resourceGroupAutorestwfkmlo/providers/Microsoft.EventHub/namespaces/namespaceNamez6sfbn/networkRuleSets/default?api-version=2022-10-01-preview+4": {
    "Request": {
      "Method": "PUT",
      "RequestUri": "https://management.azure.com/subscriptions/326100e2-f69d-4268-8503-075374f62b6e/resourceGroups/resourceGroupAutorestwfkmlo/providers/Microsoft.EventHub/namespaces/namespaceNamez6sfbn/networkRuleSets/default?api-version=2022-10-01-preview",
      "Content": "{\n  \"properties\": {\n    \"defaultAction\": \"Deny\",\n    \"virtualNetworkRules\": [\n      {\n        \"subnet\": {\n          \"id\": \"/subscriptions/326100e2-f69d-4268-8503-075374f62b6e/resourcegroups/automatedpowershelltesting/providers/Microsoft.Network/virtualNetworks/testpsvn/subnets/default\"\n        },\n        \"ignoreMissingVnetServiceEndpoint\": false\n      },\n      {\n        \"subnet\": {\n          \"id\": \"/subscriptions/326100e2-f69d-4268-8503-075374f62b6e/resourcegroups/automatedpowershelltesting/providers/Microsoft.Network/virtualNetworks/testpsvn/subnets/default2\"\n        },\n        \"ignoreMissingVnetServiceEndpoint\": false\n      },\n      {\n        \"subnet\": {\n          \"id\": \"/subscriptions/326100e2-f69d-4268-8503-075374f62b6e/resourcegroups/automatedpowershelltesting/providers/Microsoft.Network/virtualNetworks/testpsvn/subnets/default3\"\n        },\n        \"ignoreMissingVnetServiceEndpoint\": false\n      }\n    ],\n    \"ipRules\": [\n      {\n        \"ipMask\": \"1.1.1.1\",\n        \"action\": \"Allow\"\n      },\n      {\n        \"ipMask\": \"2.2.2.2\",\n        \"action\": \"Allow\"\n      }\n    ],\n    \"publicNetworkAccess\": \"Enabled\"\n  }\n}",
      "isContentBase64": false,
      "Headers": {
      },
      "ContentHeaders": {
        "Content-Type": [ "application/json" ],
        "Content-Length": [ "1132" ]
      }
    },
    "Response": {
      "StatusCode": 200,
      "Headers": {
        "Cache-Control": [ "no-cache" ],
        "Pragma": [ "no-cache" ],
        "x-ms-request-id": [ "a93af593-fb2f-4d0d-bde5-ec19a2a72363_M0SN1_M0SN1" ],
        "Server-SB": [ "Service-Bus-Resource-Provider/SN1" ],
        "Server": [ "Service-Bus-Resource-Provider/SN1", "Microsoft-HTTPAPI/2.0" ],
        "x-ms-ratelimit-remaining-subscription-writes": [ "1197" ],
        "x-ms-correlation-request-id": [ "dce49d6e-af25-4e39-a17e-f1481ac08f08" ],
        "x-ms-routing-request-id": [ "SOUTHCENTRALUS:20230213T185836Z:dce49d6e-af25-4e39-a17e-f1481ac08f08" ],
        "Strict-Transport-Security": [ "max-age=31536000; includeSubDomains" ],
        "X-Content-Type-Options": [ "nosniff" ],
        "Date": [ "Mon, 13 Feb 2023 18:58:36 GMT" ]
      },
      "ContentHeaders": {
        "Content-Length": [ "1136" ],
        "Content-Type": [ "application/json; charset=utf-8" ],
        "Expires": [ "-1" ]
      },
      "Content": "{\"id\":\"/subscriptions/326100e2-f69d-4268-8503-075374f62b6e/resourceGroups/resourceGroupAutorestwfkmlo/providers/Microsoft.EventHub/namespaces/namespaceNamez6sfbn/networkRuleSets/default\",\"name\":\"default\",\"type\":\"Microsoft.EventHub/Namespaces/NetworkRuleSets\",\"location\":\"East US\",\"properties\":{\"publicNetworkAccess\":\"Enabled\",\"defaultAction\":\"Deny\",\"virtualNetworkRules\":[{\"subnet\":{\"id\":\"/subscriptions/326100e2-f69d-4268-8503-075374f62b6e/resourcegroups/automatedpowershelltesting/providers/Microsoft.Network/virtualNetworks/testpsvn/subnets/default\"},\"ignoreMissingVnetServiceEndpoint\":false},{\"subnet\":{\"id\":\"/subscriptions/326100e2-f69d-4268-8503-075374f62b6e/resourcegroups/automatedpowershelltesting/providers/Microsoft.Network/virtualNetworks/testpsvn/subnets/default2\"},\"ignoreMissingVnetServiceEndpoint\":false},{\"subnet\":{\"id\":\"/subscriptions/326100e2-f69d-4268-8503-075374f62b6e/resourcegroups/automatedpowershelltesting/providers/Microsoft.Network/virtualNetworks/testpsvn/subnets/default3\"},\"ignoreMissingVnetServiceEndpoint\":false}],\"ipRules\":[{\"ipMask\":\"1.1.1.1\",\"action\":\"Allow\"},{\"ipMask\":\"2.2.2.2\",\"action\":\"Allow\"}]}}",
      "isContentBase64": false
    }
  },
  "Set-AzEventHubNetworkRuleSet+[NoContext]+SetExpanded+$GET+https://management.azure.com/subscriptions/326100e2-f69d-4268-8503-075374f62b6e/resourceGroups/resourceGroupAutorestwfkmlo/providers/Microsoft.EventHub/namespaces/namespaceNamez6sfbn/networkRuleSets/default?api-version=2022-10-01-preview+5": {
    "Request": {
      "Method": "GET",
      "RequestUri": "https://management.azure.com/subscriptions/326100e2-f69d-4268-8503-075374f62b6e/resourceGroups/resourceGroupAutorestwfkmlo/providers/Microsoft.EventHub/namespaces/namespaceNamez6sfbn/networkRuleSets/default?api-version=2022-10-01-preview",
      "Content": null,
      "isContentBase64": false,
      "Headers": {
        "x-ms-unique-id": [ "458" ],
        "x-ms-client-request-id": [ "ca30dd1d-8313-40a2-9cbc-4cf2b6d973a9" ],
        "CommandName": [ "Get-AzEventHubNetworkRuleSet" ],
        "FullCommandName": [ "Get-AzEventHubNetworkRuleSet_Get" ],
        "ParameterSetName": [ "__AllParameterSets" ],
        "User-Agent": [ "AzurePowershell/v0.0.0", "PSVersion/v7.1.3", "Az.EventHub/0.1.0" ],
        "Authorization": [ "[Filtered]" ]
      },
      "ContentHeaders": {
      }
    },
    "Response": {
      "StatusCode": 200,
      "Headers": {
        "Cache-Control": [ "no-cache" ],
        "Pragma": [ "no-cache" ],
        "x-ms-request-id": [ "a7cc39dc-0eb7-4644-a248-d56860010dca_M0SN1_M0SN1" ],
        "Server-SB": [ "Service-Bus-Resource-Provider/SN1" ],
        "Server": [ "Service-Bus-Resource-Provider/SN1", "Microsoft-HTTPAPI/2.0" ],
        "x-ms-ratelimit-remaining-subscription-reads": [ "11904" ],
        "x-ms-correlation-request-id": [ "12e34a72-fbb8-47b6-aea6-aca94e1a18f4" ],
        "x-ms-routing-request-id": [ "SOUTHCENTRALUS:20230213T185837Z:12e34a72-fbb8-47b6-aea6-aca94e1a18f4" ],
        "Strict-Transport-Security": [ "max-age=31536000; includeSubDomains" ],
        "X-Content-Type-Options": [ "nosniff" ],
        "Date": [ "Mon, 13 Feb 2023 18:58:37 GMT" ]
      },
      "ContentHeaders": {
        "Content-Length": [ "1136" ],
        "Content-Type": [ "application/json; charset=utf-8" ],
        "Expires": [ "-1" ]
      },
      "Content": "{\"id\":\"/subscriptions/326100e2-f69d-4268-8503-075374f62b6e/resourceGroups/resourceGroupAutorestwfkmlo/providers/Microsoft.EventHub/namespaces/namespaceNamez6sfbn/networkRuleSets/default\",\"name\":\"default\",\"type\":\"Microsoft.EventHub/Namespaces/NetworkRuleSets\",\"location\":\"East US\",\"properties\":{\"publicNetworkAccess\":\"Enabled\",\"defaultAction\":\"Deny\",\"virtualNetworkRules\":[{\"subnet\":{\"id\":\"/subscriptions/326100e2-f69d-4268-8503-075374f62b6e/resourcegroups/automatedpowershelltesting/providers/Microsoft.Network/virtualNetworks/testpsvn/subnets/default\"},\"ignoreMissingVnetServiceEndpoint\":false},{\"subnet\":{\"id\":\"/subscriptions/326100e2-f69d-4268-8503-075374f62b6e/resourcegroups/automatedpowershelltesting/providers/Microsoft.Network/virtualNetworks/testpsvn/subnets/default2\"},\"ignoreMissingVnetServiceEndpoint\":false},{\"subnet\":{\"id\":\"/subscriptions/326100e2-f69d-4268-8503-075374f62b6e/resourcegroups/automatedpowershelltesting/providers/Microsoft.Network/virtualNetworks/testpsvn/subnets/default3\"},\"ignoreMissingVnetServiceEndpoint\":false}],\"ipRules\":[{\"ipMask\":\"1.1.1.1\",\"action\":\"Allow\"},{\"ipMask\":\"2.2.2.2\",\"action\":\"Allow\"}]}}",
      "isContentBase64": false
    }
  },
  "Set-AzEventHubNetworkRuleSet+[NoContext]+SetExpanded+$PUT+https://management.azure.com/subscriptions/326100e2-f69d-4268-8503-075374f62b6e/resourceGroups/resourceGroupAutorestwfkmlo/providers/Microsoft.EventHub/namespaces/namespaceNamez6sfbn/networkRuleSets/default?api-version=2022-10-01-preview+6": {
    "Request": {
      "Method": "PUT",
      "RequestUri": "https://management.azure.com/subscriptions/326100e2-f69d-4268-8503-075374f62b6e/resourceGroups/resourceGroupAutorestwfkmlo/providers/Microsoft.EventHub/namespaces/namespaceNamez6sfbn/networkRuleSets/default?api-version=2022-10-01-preview",
      "Content": "{\n  \"properties\": {\n    \"defaultAction\": \"Deny\",\n    \"virtualNetworkRules\": [\n      {\n        \"subnet\": {\n          \"id\": \"/subscriptions/326100e2-f69d-4268-8503-075374f62b6e/resourcegroups/automatedpowershelltesting/providers/Microsoft.Network/virtualNetworks/testpsvn/subnets/default\"\n        },\n        \"ignoreMissingVnetServiceEndpoint\": false\n      },\n      {\n        \"subnet\": {\n          \"id\": \"/subscriptions/326100e2-f69d-4268-8503-075374f62b6e/resourcegroups/automatedpowershelltesting/providers/Microsoft.Network/virtualNetworks/testpsvn/subnets/default2\"\n        },\n        \"ignoreMissingVnetServiceEndpoint\": false\n      },\n      {\n        \"subnet\": {\n          \"id\": \"/subscriptions/326100e2-f69d-4268-8503-075374f62b6e/resourcegroups/automatedpowershelltesting/providers/Microsoft.Network/virtualNetworks/testpsvn/subnets/default3\"\n        },\n        \"ignoreMissingVnetServiceEndpoint\": false\n      }\n    ],\n    \"ipRules\": [\n      {\n        \"ipMask\": \"1.1.1.1\",\n        \"action\": \"Allow\"\n      },\n      {\n        \"ipMask\": \"2.2.2.2\",\n        \"action\": \"Allow\"\n      }\n    ],\n    \"publicNetworkAccess\": \"Disabled\"\n  }\n}",
      "isContentBase64": false,
      "Headers": {
      },
      "ContentHeaders": {
        "Content-Type": [ "application/json" ],
        "Content-Length": [ "1133" ]
      }
    },
    "Response": {
      "StatusCode": 200,
      "Headers": {
        "Cache-Control": [ "no-cache" ],
        "Pragma": [ "no-cache" ],
        "x-ms-request-id": [ "7f1c66c1-be44-40e0-ac44-1640b8aee03e_M0SN1_M0SN1" ],
        "Server-SB": [ "Service-Bus-Resource-Provider/SN1" ],
        "Server": [ "Service-Bus-Resource-Provider/SN1", "Microsoft-HTTPAPI/2.0" ],
        "x-ms-ratelimit-remaining-subscription-writes": [ "1196" ],
        "x-ms-correlation-request-id": [ "f00012be-01c8-4f28-81b1-9ca4e647fa8a" ],
        "x-ms-routing-request-id": [ "SOUTHCENTRALUS:20230213T185844Z:f00012be-01c8-4f28-81b1-9ca4e647fa8a" ],
        "Strict-Transport-Security": [ "max-age=31536000; includeSubDomains" ],
        "X-Content-Type-Options": [ "nosniff" ],
        "Date": [ "Mon, 13 Feb 2023 18:58:44 GMT" ]
      },
      "ContentHeaders": {
        "Content-Length": [ "1137" ],
        "Content-Type": [ "application/json; charset=utf-8" ],
        "Expires": [ "-1" ]
      },
      "Content": "{\"id\":\"/subscriptions/326100e2-f69d-4268-8503-075374f62b6e/resourceGroups/resourceGroupAutorestwfkmlo/providers/Microsoft.EventHub/namespaces/namespaceNamez6sfbn/networkRuleSets/default\",\"name\":\"default\",\"type\":\"Microsoft.EventHub/Namespaces/NetworkRuleSets\",\"location\":\"East US\",\"properties\":{\"publicNetworkAccess\":\"Disabled\",\"defaultAction\":\"Deny\",\"virtualNetworkRules\":[{\"subnet\":{\"id\":\"/subscriptions/326100e2-f69d-4268-8503-075374f62b6e/resourcegroups/automatedpowershelltesting/providers/Microsoft.Network/virtualNetworks/testpsvn/subnets/default\"},\"ignoreMissingVnetServiceEndpoint\":false},{\"subnet\":{\"id\":\"/subscriptions/326100e2-f69d-4268-8503-075374f62b6e/resourcegroups/automatedpowershelltesting/providers/Microsoft.Network/virtualNetworks/testpsvn/subnets/default2\"},\"ignoreMissingVnetServiceEndpoint\":false},{\"subnet\":{\"id\":\"/subscriptions/326100e2-f69d-4268-8503-075374f62b6e/resourcegroups/automatedpowershelltesting/providers/Microsoft.Network/virtualNetworks/testpsvn/subnets/default3\"},\"ignoreMissingVnetServiceEndpoint\":false}],\"ipRules\":[{\"ipMask\":\"1.1.1.1\",\"action\":\"Allow\"},{\"ipMask\":\"2.2.2.2\",\"action\":\"Allow\"}]}}",
      "isContentBase64": false
    }
  },
  "Set-AzEventHubNetworkRuleSet+[NoContext]+SetExpanded+$GET+https://management.azure.com/subscriptions/326100e2-f69d-4268-8503-075374f62b6e/resourceGroups/resourceGroupAutorestwfkmlo/providers/Microsoft.EventHub/namespaces/namespaceNamez6sfbn/networkRuleSets/default?api-version=2022-10-01-preview+7": {
    "Request": {
      "Method": "GET",
      "RequestUri": "https://management.azure.com/subscriptions/326100e2-f69d-4268-8503-075374f62b6e/resourceGroups/resourceGroupAutorestwfkmlo/providers/Microsoft.EventHub/namespaces/namespaceNamez6sfbn/networkRuleSets/default?api-version=2022-10-01-preview",
      "Content": null,
      "isContentBase64": false,
      "Headers": {
        "x-ms-unique-id": [ "460" ],
        "x-ms-client-request-id": [ "29d125cb-ed94-4f48-9ecd-3dcce3c3a14b" ],
        "CommandName": [ "Get-AzEventHubNetworkRuleSet" ],
        "FullCommandName": [ "Get-AzEventHubNetworkRuleSet_Get" ],
        "ParameterSetName": [ "__AllParameterSets" ],
        "User-Agent": [ "AzurePowershell/v0.0.0", "PSVersion/v7.1.3", "Az.EventHub/0.1.0" ],
        "Authorization": [ "[Filtered]" ]
      },
      "ContentHeaders": {
      }
    },
    "Response": {
      "StatusCode": 200,
      "Headers": {
        "Cache-Control": [ "no-cache" ],
        "Pragma": [ "no-cache" ],
        "x-ms-request-id": [ "d4c7c981-0ca7-40bf-8a18-86e35eb7e944_M0SN1_M0SN1" ],
        "Server-SB": [ "Service-Bus-Resource-Provider/SN1" ],
        "Server": [ "Service-Bus-Resource-Provider/SN1", "Microsoft-HTTPAPI/2.0" ],
        "x-ms-ratelimit-remaining-subscription-reads": [ "11903" ],
        "x-ms-correlation-request-id": [ "99bb103d-4302-4e01-bb40-72b96b15d8e1" ],
        "x-ms-routing-request-id": [ "SOUTHCENTRALUS:20230213T185845Z:99bb103d-4302-4e01-bb40-72b96b15d8e1" ],
        "Strict-Transport-Security": [ "max-age=31536000; includeSubDomains" ],
        "X-Content-Type-Options": [ "nosniff" ],
        "Date": [ "Mon, 13 Feb 2023 18:58:44 GMT" ]
      },
      "ContentHeaders": {
        "Content-Length": [ "1137" ],
        "Content-Type": [ "application/json; charset=utf-8" ],
        "Expires": [ "-1" ]
      },
      "Content": "{\"id\":\"/subscriptions/326100e2-f69d-4268-8503-075374f62b6e/resourceGroups/resourceGroupAutorestwfkmlo/providers/Microsoft.EventHub/namespaces/namespaceNamez6sfbn/networkRuleSets/default\",\"name\":\"default\",\"type\":\"Microsoft.EventHub/Namespaces/NetworkRuleSets\",\"location\":\"East US\",\"properties\":{\"publicNetworkAccess\":\"Disabled\",\"defaultAction\":\"Deny\",\"virtualNetworkRules\":[{\"subnet\":{\"id\":\"/subscriptions/326100e2-f69d-4268-8503-075374f62b6e/resourcegroups/automatedpowershelltesting/providers/Microsoft.Network/virtualNetworks/testpsvn/subnets/default\"},\"ignoreMissingVnetServiceEndpoint\":false},{\"subnet\":{\"id\":\"/subscriptions/326100e2-f69d-4268-8503-075374f62b6e/resourcegroups/automatedpowershelltesting/providers/Microsoft.Network/virtualNetworks/testpsvn/subnets/default2\"},\"ignoreMissingVnetServiceEndpoint\":false},{\"subnet\":{\"id\":\"/subscriptions/326100e2-f69d-4268-8503-075374f62b6e/resourcegroups/automatedpowershelltesting/providers/Microsoft.Network/virtualNetworks/testpsvn/subnets/default3\"},\"ignoreMissingVnetServiceEndpoint\":false}],\"ipRules\":[{\"ipMask\":\"1.1.1.1\",\"action\":\"Allow\"},{\"ipMask\":\"2.2.2.2\",\"action\":\"Allow\"}]}}",
      "isContentBase64": false
    }
  },
  "Set-AzEventHubNetworkRuleSet+[NoContext]+SetExpanded+$PUT+https://management.azure.com/subscriptions/326100e2-f69d-4268-8503-075374f62b6e/resourceGroups/resourceGroupAutorestwfkmlo/providers/Microsoft.EventHub/namespaces/namespaceNamez6sfbn/networkRuleSets/default?api-version=2022-10-01-preview+8": {
    "Request": {
      "Method": "PUT",
      "RequestUri": "https://management.azure.com/subscriptions/326100e2-f69d-4268-8503-075374f62b6e/resourceGroups/resourceGroupAutorestwfkmlo/providers/Microsoft.EventHub/namespaces/namespaceNamez6sfbn/networkRuleSets/default?api-version=2022-10-01-preview",
      "Content": "{\n  \"properties\": {\n    \"trustedServiceAccessEnabled\": true,\n    \"defaultAction\": \"Deny\",\n    \"virtualNetworkRules\": [\n      {\n        \"subnet\": {\n          \"id\": \"/subscriptions/326100e2-f69d-4268-8503-075374f62b6e/resourcegroups/automatedpowershelltesting/providers/Microsoft.Network/virtualNetworks/testpsvn/subnets/default\"\n        },\n        \"ignoreMissingVnetServiceEndpoint\": false\n      },\n      {\n        \"subnet\": {\n          \"id\": \"/subscriptions/326100e2-f69d-4268-8503-075374f62b6e/resourcegroups/automatedpowershelltesting/providers/Microsoft.Network/virtualNetworks/testpsvn/subnets/default2\"\n        },\n        \"ignoreMissingVnetServiceEndpoint\": false\n      },\n      {\n        \"subnet\": {\n          \"id\": \"/subscriptions/326100e2-f69d-4268-8503-075374f62b6e/resourcegroups/automatedpowershelltesting/providers/Microsoft.Network/virtualNetworks/testpsvn/subnets/default3\"\n        },\n        \"ignoreMissingVnetServiceEndpoint\": false\n      }\n    ],\n    \"ipRules\": [\n      {\n        \"ipMask\": \"1.1.1.1\",\n        \"action\": \"Allow\"\n      },\n      {\n        \"ipMask\": \"2.2.2.2\",\n        \"action\": \"Allow\"\n      }\n    ],\n    \"publicNetworkAccess\": \"Disabled\"\n  }\n}",
      "isContentBase64": false,
      "Headers": {
      },
      "ContentHeaders": {
        "Content-Type": [ "application/json" ],
        "Content-Length": [ "1174" ]
      }
    },
    "Response": {
      "StatusCode": 200,
      "Headers": {
        "Cache-Control": [ "no-cache" ],
        "Pragma": [ "no-cache" ],
        "x-ms-request-id": [ "0a68fda3-ef38-4cb5-b7f2-21e8e1afddbd_M0SN1_M0SN1" ],
        "Server-SB": [ "Service-Bus-Resource-Provider/SN1" ],
        "Server": [ "Service-Bus-Resource-Provider/SN1", "Microsoft-HTTPAPI/2.0" ],
        "x-ms-ratelimit-remaining-subscription-writes": [ "1195" ],
        "x-ms-correlation-request-id": [ "efa2be21-673c-431e-aa1a-23e9673448a5" ],
        "x-ms-routing-request-id": [ "SOUTHCENTRALUS:20230213T185851Z:efa2be21-673c-431e-aa1a-23e9673448a5" ],
        "Strict-Transport-Security": [ "max-age=31536000; includeSubDomains" ],
        "X-Content-Type-Options": [ "nosniff" ],
        "Date": [ "Mon, 13 Feb 2023 18:58:51 GMT" ]
      },
      "ContentHeaders": {
        "Content-Length": [ "1172" ],
        "Content-Type": [ "application/json; charset=utf-8" ],
        "Expires": [ "-1" ]
      },
      "Content": "{\"id\":\"/subscriptions/326100e2-f69d-4268-8503-075374f62b6e/resourceGroups/resourceGroupAutorestwfkmlo/providers/Microsoft.EventHub/namespaces/namespaceNamez6sfbn/networkRuleSets/default\",\"name\":\"default\",\"type\":\"Microsoft.EventHub/Namespaces/NetworkRuleSets\",\"location\":\"East US\",\"properties\":{\"publicNetworkAccess\":\"Disabled\",\"defaultAction\":\"Deny\",\"virtualNetworkRules\":[{\"subnet\":{\"id\":\"/subscriptions/326100e2-f69d-4268-8503-075374f62b6e/resourcegroups/automatedpowershelltesting/providers/Microsoft.Network/virtualNetworks/testpsvn/subnets/default\"},\"ignoreMissingVnetServiceEndpoint\":false},{\"subnet\":{\"id\":\"/subscriptions/326100e2-f69d-4268-8503-075374f62b6e/resourcegroups/automatedpowershelltesting/providers/Microsoft.Network/virtualNetworks/testpsvn/subnets/default2\"},\"ignoreMissingVnetServiceEndpoint\":false},{\"subnet\":{\"id\":\"/subscriptions/326100e2-f69d-4268-8503-075374f62b6e/resourcegroups/automatedpowershelltesting/providers/Microsoft.Network/virtualNetworks/testpsvn/subnets/default3\"},\"ignoreMissingVnetServiceEndpoint\":false}],\"ipRules\":[{\"ipMask\":\"1.1.1.1\",\"action\":\"Allow\"},{\"ipMask\":\"2.2.2.2\",\"action\":\"Allow\"}],\"trustedServiceAccessEnabled\":true}}",
      "isContentBase64": false
    }
  },
  "Set-AzEventHubNetworkRuleSet+[NoContext]+SetViaIdentityExpanded+$GET+https://management.azure.com/subscriptions/326100e2-f69d-4268-8503-075374f62b6e/resourceGroups/resourceGroupAutorestwfkmlo/providers/Microsoft.EventHub/namespaces/namespaceNamez6sfbn/networkRuleSets/default?api-version=2022-10-01-preview+1": {
    "Request": {
      "Method": "GET",
      "RequestUri": "https://management.azure.com/subscriptions/326100e2-f69d-4268-8503-075374f62b6e/resourceGroups/resourceGroupAutorestwfkmlo/providers/Microsoft.EventHub/namespaces/namespaceNamez6sfbn/networkRuleSets/default?api-version=2022-10-01-preview",
      "Content": null,
      "isContentBase64": false,
      "Headers": {
        "x-ms-unique-id": [ "462" ],
        "x-ms-client-request-id": [ "15cb946d-9f4c-4c37-8667-125db3ad981a" ],
        "CommandName": [ "Get-AzEventHubNetworkRuleSet" ],
        "FullCommandName": [ "Get-AzEventHubNetworkRuleSet_Get" ],
        "ParameterSetName": [ "__AllParameterSets" ],
        "User-Agent": [ "AzurePowershell/v0.0.0", "PSVersion/v7.1.3", "Az.EventHub/0.1.0" ],
        "Authorization": [ "[Filtered]" ]
      },
      "ContentHeaders": {
      }
    },
    "Response": {
      "StatusCode": 200,
      "Headers": {
        "Cache-Control": [ "no-cache" ],
        "Pragma": [ "no-cache" ],
        "x-ms-request-id": [ "128afa4a-1ea2-478f-b0f9-16bb6743b197_M0SN1_M0SN1" ],
        "Server-SB": [ "Service-Bus-Resource-Provider/SN1" ],
        "Server": [ "Service-Bus-Resource-Provider/SN1", "Microsoft-HTTPAPI/2.0" ],
        "x-ms-ratelimit-remaining-subscription-reads": [ "11902" ],
        "x-ms-correlation-request-id": [ "29e43793-cc9e-4e02-9b20-3a166a7ff883" ],
        "x-ms-routing-request-id": [ "SOUTHCENTRALUS:20230213T185852Z:29e43793-cc9e-4e02-9b20-3a166a7ff883" ],
        "Strict-Transport-Security": [ "max-age=31536000; includeSubDomains" ],
        "X-Content-Type-Options": [ "nosniff" ],
        "Date": [ "Mon, 13 Feb 2023 18:58:52 GMT" ]
      },
      "ContentHeaders": {
        "Content-Length": [ "1172" ],
        "Content-Type": [ "application/json; charset=utf-8" ],
        "Expires": [ "-1" ]
      },
      "Content": "{\"id\":\"/subscriptions/326100e2-f69d-4268-8503-075374f62b6e/resourceGroups/resourceGroupAutorestwfkmlo/providers/Microsoft.EventHub/namespaces/namespaceNamez6sfbn/networkRuleSets/default\",\"name\":\"default\",\"type\":\"Microsoft.EventHub/Namespaces/NetworkRuleSets\",\"location\":\"East US\",\"properties\":{\"publicNetworkAccess\":\"Disabled\",\"defaultAction\":\"Deny\",\"virtualNetworkRules\":[{\"subnet\":{\"id\":\"/subscriptions/326100e2-f69d-4268-8503-075374f62b6e/resourcegroups/automatedpowershelltesting/providers/Microsoft.Network/virtualNetworks/testpsvn/subnets/default\"},\"ignoreMissingVnetServiceEndpoint\":false},{\"subnet\":{\"id\":\"/subscriptions/326100e2-f69d-4268-8503-075374f62b6e/resourcegroups/automatedpowershelltesting/providers/Microsoft.Network/virtualNetworks/testpsvn/subnets/default2\"},\"ignoreMissingVnetServiceEndpoint\":false},{\"subnet\":{\"id\":\"/subscriptions/326100e2-f69d-4268-8503-075374f62b6e/resourcegroups/automatedpowershelltesting/providers/Microsoft.Network/virtualNetworks/testpsvn/subnets/default3\"},\"ignoreMissingVnetServiceEndpoint\":false}],\"ipRules\":[{\"ipMask\":\"1.1.1.1\",\"action\":\"Allow\"},{\"ipMask\":\"2.2.2.2\",\"action\":\"Allow\"}],\"trustedServiceAccessEnabled\":true}}",
      "isContentBase64": false
    }
  },
  "Set-AzEventHubNetworkRuleSet+[NoContext]+SetViaIdentityExpanded+$GET+https://management.azure.com/subscriptions/326100e2-f69d-4268-8503-075374f62b6e/resourceGroups/resourceGroupAutorestwfkmlo/providers/Microsoft.EventHub/namespaces/namespaceNamez6sfbn/networkRuleSets/default?api-version=2022-10-01-preview+2": {
    "Request": {
      "Method": "GET",
      "RequestUri": "https://management.azure.com/subscriptions/326100e2-f69d-4268-8503-075374f62b6e/resourceGroups/resourceGroupAutorestwfkmlo/providers/Microsoft.EventHub/namespaces/namespaceNamez6sfbn/networkRuleSets/default?api-version=2022-10-01-preview",
      "Content": null,
      "isContentBase64": false,
      "Headers": {
        "x-ms-unique-id": [ "463" ],
        "x-ms-client-request-id": [ "23817b8c-34f7-4c8a-b63c-5aae18e6bbad" ],
        "CommandName": [ "Get-AzEventHubNetworkRuleSet" ],
        "FullCommandName": [ "Get-AzEventHubNetworkRuleSet_GetViaIdentity" ],
        "ParameterSetName": [ "__AllParameterSets" ],
        "User-Agent": [ "AzurePowershell/v0.0.0", "PSVersion/v7.1.3", "Az.EventHub/0.1.0" ],
        "Authorization": [ "[Filtered]" ]
      },
      "ContentHeaders": {
      }
    },
    "Response": {
      "StatusCode": 200,
      "Headers": {
        "Cache-Control": [ "no-cache" ],
        "Pragma": [ "no-cache" ],
        "x-ms-request-id": [ "02aeb809-2eb7-45c7-ab5b-83eaf6dfc43f_M0SN1_M0SN1" ],
        "Server-SB": [ "Service-Bus-Resource-Provider/SN1" ],
        "Server": [ "Service-Bus-Resource-Provider/SN1", "Microsoft-HTTPAPI/2.0" ],
        "x-ms-ratelimit-remaining-subscription-reads": [ "11901" ],
        "x-ms-correlation-request-id": [ "728b301c-70f9-426e-b48f-cb6875ac4b42" ],
        "x-ms-routing-request-id": [ "SOUTHCENTRALUS:20230213T185853Z:728b301c-70f9-426e-b48f-cb6875ac4b42" ],
        "Strict-Transport-Security": [ "max-age=31536000; includeSubDomains" ],
        "X-Content-Type-Options": [ "nosniff" ],
        "Date": [ "Mon, 13 Feb 2023 18:58:52 GMT" ]
      },
      "ContentHeaders": {
        "Content-Length": [ "1172" ],
        "Content-Type": [ "application/json; charset=utf-8" ],
        "Expires": [ "-1" ]
      },
      "Content": "{\"id\":\"/subscriptions/326100e2-f69d-4268-8503-075374f62b6e/resourceGroups/resourceGroupAutorestwfkmlo/providers/Microsoft.EventHub/namespaces/namespaceNamez6sfbn/networkRuleSets/default\",\"name\":\"default\",\"type\":\"Microsoft.EventHub/Namespaces/NetworkRuleSets\",\"location\":\"East US\",\"properties\":{\"publicNetworkAccess\":\"Disabled\",\"defaultAction\":\"Deny\",\"virtualNetworkRules\":[{\"subnet\":{\"id\":\"/subscriptions/326100e2-f69d-4268-8503-075374f62b6e/resourcegroups/automatedpowershelltesting/providers/Microsoft.Network/virtualNetworks/testpsvn/subnets/default\"},\"ignoreMissingVnetServiceEndpoint\":false},{\"subnet\":{\"id\":\"/subscriptions/326100e2-f69d-4268-8503-075374f62b6e/resourcegroups/automatedpowershelltesting/providers/Microsoft.Network/virtualNetworks/testpsvn/subnets/default2\"},\"ignoreMissingVnetServiceEndpoint\":false},{\"subnet\":{\"id\":\"/subscriptions/326100e2-f69d-4268-8503-075374f62b6e/resourcegroups/automatedpowershelltesting/providers/Microsoft.Network/virtualNetworks/testpsvn/subnets/default3\"},\"ignoreMissingVnetServiceEndpoint\":false}],\"ipRules\":[{\"ipMask\":\"1.1.1.1\",\"action\":\"Allow\"},{\"ipMask\":\"2.2.2.2\",\"action\":\"Allow\"}],\"trustedServiceAccessEnabled\":true}}",
      "isContentBase64": false
    }
  },
  "Set-AzEventHubNetworkRuleSet+[NoContext]+SetViaIdentityExpanded+$GET+https://management.azure.com/subscriptions/326100e2-f69d-4268-8503-075374f62b6e/resourceGroups/resourceGroupAutorestwfkmlo/providers/Microsoft.EventHub/namespaces/namespaceNamez6sfbn/networkRuleSets/default?api-version=2022-10-01-preview+3": {
    "Request": {
      "Method": "GET",
      "RequestUri": "https://management.azure.com/subscriptions/326100e2-f69d-4268-8503-075374f62b6e/resourceGroups/resourceGroupAutorestwfkmlo/providers/Microsoft.EventHub/namespaces/namespaceNamez6sfbn/networkRuleSets/default?api-version=2022-10-01-preview",
      "Content": null,
      "isContentBase64": false,
      "Headers": {
        "x-ms-unique-id": [ "464" ],
        "x-ms-client-request-id": [ "bca56b6b-8a2b-4710-a16c-4871312a5ef1" ],
        "CommandName": [ "Get-AzEventHubNetworkRuleSet" ],
        "FullCommandName": [ "Get-AzEventHubNetworkRuleSet_GetViaIdentity" ],
        "ParameterSetName": [ "__AllParameterSets" ],
        "User-Agent": [ "AzurePowershell/v0.0.0", "PSVersion/v7.1.3", "Az.EventHub/0.1.0" ],
        "Authorization": [ "[Filtered]" ]
      },
      "ContentHeaders": {
      }
    },
    "Response": {
      "StatusCode": 200,
      "Headers": {
        "Cache-Control": [ "no-cache" ],
        "Pragma": [ "no-cache" ],
        "x-ms-request-id": [ "16bcc3a6-3dd7-4dbe-8827-2ae9c5d17466_M0SN1_M0SN1" ],
        "Server-SB": [ "Service-Bus-Resource-Provider/SN1" ],
        "Server": [ "Service-Bus-Resource-Provider/SN1", "Microsoft-HTTPAPI/2.0" ],
        "x-ms-ratelimit-remaining-subscription-reads": [ "11900" ],
        "x-ms-correlation-request-id": [ "41971171-7f09-49ec-82cb-05774e0d5291" ],
        "x-ms-routing-request-id": [ "SOUTHCENTRALUS:20230213T185853Z:41971171-7f09-49ec-82cb-05774e0d5291" ],
        "Strict-Transport-Security": [ "max-age=31536000; includeSubDomains" ],
        "X-Content-Type-Options": [ "nosniff" ],
        "Date": [ "Mon, 13 Feb 2023 18:58:53 GMT" ]
      },
      "ContentHeaders": {
        "Content-Length": [ "1172" ],
        "Content-Type": [ "application/json; charset=utf-8" ],
        "Expires": [ "-1" ]
      },
      "Content": "{\"id\":\"/subscriptions/326100e2-f69d-4268-8503-075374f62b6e/resourceGroups/resourceGroupAutorestwfkmlo/providers/Microsoft.EventHub/namespaces/namespaceNamez6sfbn/networkRuleSets/default\",\"name\":\"default\",\"type\":\"Microsoft.EventHub/Namespaces/NetworkRuleSets\",\"location\":\"East US\",\"properties\":{\"publicNetworkAccess\":\"Disabled\",\"defaultAction\":\"Deny\",\"virtualNetworkRules\":[{\"subnet\":{\"id\":\"/subscriptions/326100e2-f69d-4268-8503-075374f62b6e/resourcegroups/automatedpowershelltesting/providers/Microsoft.Network/virtualNetworks/testpsvn/subnets/default\"},\"ignoreMissingVnetServiceEndpoint\":false},{\"subnet\":{\"id\":\"/subscriptions/326100e2-f69d-4268-8503-075374f62b6e/resourcegroups/automatedpowershelltesting/providers/Microsoft.Network/virtualNetworks/testpsvn/subnets/default2\"},\"ignoreMissingVnetServiceEndpoint\":false},{\"subnet\":{\"id\":\"/subscriptions/326100e2-f69d-4268-8503-075374f62b6e/resourcegroups/automatedpowershelltesting/providers/Microsoft.Network/virtualNetworks/testpsvn/subnets/default3\"},\"ignoreMissingVnetServiceEndpoint\":false}],\"ipRules\":[{\"ipMask\":\"1.1.1.1\",\"action\":\"Allow\"},{\"ipMask\":\"2.2.2.2\",\"action\":\"Allow\"}],\"trustedServiceAccessEnabled\":true}}",
      "isContentBase64": false
    }
  },
  "Set-AzEventHubNetworkRuleSet+[NoContext]+SetViaIdentityExpanded+$PUT+https://management.azure.com/subscriptions/326100e2-f69d-4268-8503-075374f62b6e/resourceGroups/resourceGroupAutorestwfkmlo/providers/Microsoft.EventHub/namespaces/namespaceNamez6sfbn/networkRuleSets/default?api-version=2022-10-01-preview+4": {
    "Request": {
      "Method": "PUT",
      "RequestUri": "https://management.azure.com/subscriptions/326100e2-f69d-4268-8503-075374f62b6e/resourceGroups/resourceGroupAutorestwfkmlo/providers/Microsoft.EventHub/namespaces/namespaceNamez6sfbn/networkRuleSets/default?api-version=2022-10-01-preview",
      "Content": "{\n  \"properties\": {\n    \"trustedServiceAccessEnabled\": false,\n    \"defaultAction\": \"Deny\",\n    \"virtualNetworkRules\": [\n      {\n        \"subnet\": {\n          \"id\": \"/subscriptions/326100e2-f69d-4268-8503-075374f62b6e/resourcegroups/automatedpowershelltesting/providers/Microsoft.Network/virtualNetworks/testpsvn/subnets/default\"\n        },\n        \"ignoreMissingVnetServiceEndpoint\": false\n      },\n      {\n        \"subnet\": {\n          \"id\": \"/subscriptions/326100e2-f69d-4268-8503-075374f62b6e/resourcegroups/automatedpowershelltesting/providers/Microsoft.Network/virtualNetworks/testpsvn/subnets/default2\"\n        },\n        \"ignoreMissingVnetServiceEndpoint\": false\n      },\n      {\n        \"subnet\": {\n          \"id\": \"/subscriptions/326100e2-f69d-4268-8503-075374f62b6e/resourcegroups/automatedpowershelltesting/providers/Microsoft.Network/virtualNetworks/testpsvn/subnets/default3\"\n        },\n        \"ignoreMissingVnetServiceEndpoint\": false\n      }\n    ],\n    \"ipRules\": [\n      {\n        \"ipMask\": \"1.1.1.1\",\n        \"action\": \"Allow\"\n      },\n      {\n        \"ipMask\": \"2.2.2.2\",\n        \"action\": \"Allow\"\n      }\n    ],\n    \"publicNetworkAccess\": \"Disabled\"\n  }\n}",
      "isContentBase64": false,
      "Headers": {
      },
      "ContentHeaders": {
        "Content-Type": [ "application/json" ],
        "Content-Length": [ "1175" ]
      }
    },
    "Response": {
      "StatusCode": 200,
      "Headers": {
        "Cache-Control": [ "no-cache" ],
        "Pragma": [ "no-cache" ],
        "x-ms-request-id": [ "b9b08379-2b70-4a00-9965-fa0e04aa2c83_M0SN1_M0SN1" ],
        "Server-SB": [ "Service-Bus-Resource-Provider/SN1" ],
        "Server": [ "Service-Bus-Resource-Provider/SN1", "Microsoft-HTTPAPI/2.0" ],
        "x-ms-ratelimit-remaining-subscription-writes": [ "1194" ],
        "x-ms-correlation-request-id": [ "6f48c196-dd2c-4f9f-a82f-6ccf13957eb5" ],
        "x-ms-routing-request-id": [ "SOUTHCENTRALUS:20230213T185900Z:6f48c196-dd2c-4f9f-a82f-6ccf13957eb5" ],
        "Strict-Transport-Security": [ "max-age=31536000; includeSubDomains" ],
        "X-Content-Type-Options": [ "nosniff" ],
        "Date": [ "Mon, 13 Feb 2023 18:59:00 GMT" ]
      },
      "ContentHeaders": {
        "Content-Length": [ "1137" ],
        "Content-Type": [ "application/json; charset=utf-8" ],
        "Expires": [ "-1" ]
      },
      "Content": "{\"id\":\"/subscriptions/326100e2-f69d-4268-8503-075374f62b6e/resourceGroups/resourceGroupAutorestwfkmlo/providers/Microsoft.EventHub/namespaces/namespaceNamez6sfbn/networkRuleSets/default\",\"name\":\"default\",\"type\":\"Microsoft.EventHub/Namespaces/NetworkRuleSets\",\"location\":\"East US\",\"properties\":{\"publicNetworkAccess\":\"Disabled\",\"defaultAction\":\"Deny\",\"virtualNetworkRules\":[{\"subnet\":{\"id\":\"/subscriptions/326100e2-f69d-4268-8503-075374f62b6e/resourcegroups/automatedpowershelltesting/providers/Microsoft.Network/virtualNetworks/testpsvn/subnets/default\"},\"ignoreMissingVnetServiceEndpoint\":false},{\"subnet\":{\"id\":\"/subscriptions/326100e2-f69d-4268-8503-075374f62b6e/resourcegroups/automatedpowershelltesting/providers/Microsoft.Network/virtualNetworks/testpsvn/subnets/default2\"},\"ignoreMissingVnetServiceEndpoint\":false},{\"subnet\":{\"id\":\"/subscriptions/326100e2-f69d-4268-8503-075374f62b6e/resourcegroups/automatedpowershelltesting/providers/Microsoft.Network/virtualNetworks/testpsvn/subnets/default3\"},\"ignoreMissingVnetServiceEndpoint\":false}],\"ipRules\":[{\"ipMask\":\"1.1.1.1\",\"action\":\"Allow\"},{\"ipMask\":\"2.2.2.2\",\"action\":\"Allow\"}]}}",
      "isContentBase64": false
    }
  }
}