{
  "Set-AzEventHubApplicationGroup+[NoContext]+SetExpanded+$GET+https://management.azure.com/subscriptions/326100e2-f69d-4268-8503-075374f62b6e/resourceGroups/resourceGroupAutorestwogfts/providers/Microsoft.EventHub/namespaces/namespaceNamenysd8k/applicationGroups/appGroupk52xm7?api-version=2023-01-01-preview+1": {
    "Request": {
      "Method": "GET",
      "RequestUri": "https://management.azure.com/subscriptions/326100e2-f69d-4268-8503-075374f62b6e/resourceGroups/resourceGroupAutorestwogfts/providers/Microsoft.EventHub/namespaces/namespaceNamenysd8k/applicationGroups/appGroupk52xm7?api-version=2023-01-01-preview",
      "Content": null,
      "isContentBase64": false,
      "Headers": {
        "x-ms-unique-id": [ "270" ],
        "x-ms-client-request-id": [ "7bf148b4-74c1-40fe-b780-15d9097d3b77" ],
        "CommandName": [ "Get-AzEventHubApplicationGroup" ],
        "FullCommandName": [ "Get-AzEventHubApplicationGroup_Get" ],
        "ParameterSetName": [ "__AllParameterSets" ],
        "User-Agent": [ "AzurePowershell/v0.0.0", "PSVersion/v7.1.3", "Az.EventHub/0.1.0" ],
        "Authorization": [ "[Filtered]" ]
      },
      "ContentHeaders": {
      }
    },
    "Response": {
      "StatusCode": 200,
      "Headers": {
        "Cache-Control": [ "no-cache" ],
        "Pragma": [ "no-cache" ],
        "x-ms-request-id": [ "e240c15b-0e61-4c2d-a3d2-485e5395bbba_M9SN1_M9SN1" ],
        "Server-SB": [ "Service-Bus-Resource-Provider/SN1" ],
        "Server": [ "Service-Bus-Resource-Provider/SN1", "Microsoft-HTTPAPI/2.0" ],
        "x-ms-ratelimit-remaining-subscription-reads": [ "11814" ],
        "x-ms-correlation-request-id": [ "ff6a7ef3-042c-4a45-879d-525683a2bd95" ],
        "x-ms-routing-request-id": [ "SOUTHCENTRALUS:20230817T182300Z:ff6a7ef3-042c-4a45-879d-525683a2bd95" ],
        "Strict-Transport-Security": [ "max-age=31536000; includeSubDomains" ],
        "X-Content-Type-Options": [ "nosniff" ],
        "Date": [ "Thu, 17 Aug 2023 18:22:59 GMT" ]
      },
      "ContentHeaders": {
        "Content-Length": [ "541" ],
        "Content-Type": [ "application/json; charset=utf-8" ],
        "Expires": [ "-1" ]
      },
      "Content": "{\"id\":\"/subscriptions/326100e2-f69d-4268-8503-075374f62b6e/resourceGroups/resourceGroupAutorestwogfts/providers/Microsoft.EventHub/namespaces/namespaceNamenysd8k/applicationGroups/appGroupk52xm7\",\"name\":\"appGroupk52xm7\",\"type\":\"\",\"location\":\"East US\",\"properties\":{\"clientAppGroupIdentifier\":\"NamespaceSASKeyName=key1\",\"policies\":[{\"type\":\"ThrottlingPolicy\",\"name\":\"t1\",\"metricId\":\"IncomingMessages\",\"rateLimitThreshold\":10000},{\"type\":\"ThrottlingPolicy\",\"name\":\"t2\",\"metricId\":\"OutgoingBytes\",\"rateLimitThreshold\":20000}],\"isEnabled\":true}}",
      "isContentBase64": false
    }
  },
  "Set-AzEventHubApplicationGroup+[NoContext]+SetExpanded+$GET+https://management.azure.com/subscriptions/326100e2-f69d-4268-8503-075374f62b6e/resourceGroups/resourceGroupAutorestwogfts/providers/Microsoft.EventHub/namespaces/namespaceNamenysd8k/applicationGroups/appGroupk52xm7?api-version=2023-01-01-preview+2": {
    "Request": {
      "Method": "GET",
      "RequestUri": "https://management.azure.com/subscriptions/326100e2-f69d-4268-8503-075374f62b6e/resourceGroups/resourceGroupAutorestwogfts/providers/Microsoft.EventHub/namespaces/namespaceNamenysd8k/applicationGroups/appGroupk52xm7?api-version=2023-01-01-preview",
      "Content": null,
      "isContentBase64": false,
      "Headers": {
        "x-ms-unique-id": [ "271" ],
        "x-ms-client-request-id": [ "a3af2a70-b98b-477f-9011-d75c430a430b" ],
        "CommandName": [ "Get-AzEventHubApplicationGroup" ],
        "FullCommandName": [ "Get-AzEventHubApplicationGroup_Get" ],
        "ParameterSetName": [ "__AllParameterSets" ],
        "User-Agent": [ "AzurePowershell/v0.0.0", "PSVersion/v7.1.3", "Az.EventHub/0.1.0" ],
        "Authorization": [ "[Filtered]" ]
      },
      "ContentHeaders": {
      }
    },
    "Response": {
      "StatusCode": 200,
      "Headers": {
        "Cache-Control": [ "no-cache" ],
        "Pragma": [ "no-cache" ],
        "x-ms-request-id": [ "f69cf782-ab03-49ab-8dbf-8f8f4af0ddd4_M9SN1_M9SN1" ],
        "Server-SB": [ "Service-Bus-Resource-Provider/SN1" ],
        "Server": [ "Service-Bus-Resource-Provider/SN1", "Microsoft-HTTPAPI/2.0" ],
        "x-ms-ratelimit-remaining-subscription-reads": [ "11813" ],
        "x-ms-correlation-request-id": [ "e80f8f4d-2785-44b0-b070-0ffb05da341e" ],
        "x-ms-routing-request-id": [ "SOUTHCENTRALUS:20230817T182301Z:e80f8f4d-2785-44b0-b070-0ffb05da341e" ],
        "Strict-Transport-Security": [ "max-age=31536000; includeSubDomains" ],
        "X-Content-Type-Options": [ "nosniff" ],
        "Date": [ "Thu, 17 Aug 2023 18:23:00 GMT" ]
      },
      "ContentHeaders": {
        "Content-Length": [ "541" ],
        "Content-Type": [ "application/json; charset=utf-8" ],
        "Expires": [ "-1" ]
      },
      "Content": "{\"id\":\"/subscriptions/326100e2-f69d-4268-8503-075374f62b6e/resourceGroups/resourceGroupAutorestwogfts/providers/Microsoft.EventHub/namespaces/namespaceNamenysd8k/applicationGroups/appGroupk52xm7\",\"name\":\"appGroupk52xm7\",\"type\":\"\",\"location\":\"East US\",\"properties\":{\"clientAppGroupIdentifier\":\"NamespaceSASKeyName=key1\",\"policies\":[{\"type\":\"ThrottlingPolicy\",\"name\":\"t1\",\"metricId\":\"IncomingMessages\",\"rateLimitThreshold\":10000},{\"type\":\"ThrottlingPolicy\",\"name\":\"t2\",\"metricId\":\"OutgoingBytes\",\"rateLimitThreshold\":20000}],\"isEnabled\":true}}",
      "isContentBase64": false
    }
  },
  "Set-AzEventHubApplicationGroup+[NoContext]+SetExpanded+$PUT+https://management.azure.com/subscriptions/326100e2-f69d-4268-8503-075374f62b6e/resourceGroups/resourceGroupAutorestwogfts/providers/Microsoft.EventHub/namespaces/namespaceNamenysd8k/applicationGroups/appGroupk52xm7?api-version=2023-01-01-preview+3": {
    "Request": {
      "Method": "PUT",
      "RequestUri": "https://management.azure.com/subscriptions/326100e2-f69d-4268-8503-075374f62b6e/resourceGroups/resourceGroupAutorestwogfts/providers/Microsoft.EventHub/namespaces/namespaceNamenysd8k/applicationGroups/appGroupk52xm7?api-version=2023-01-01-preview",
      "Content": "{\n  \"properties\": {\n    \"isEnabled\": true,\n    \"clientAppGroupIdentifier\": \"NamespaceSASKeyName=key1\",\n    \"policies\": [\n      {\n        \"name\": \"t1\",\n        \"type\": \"ThrottlingPolicy\",\n        \"rateLimitThreshold\": 10000,\n        \"metricId\": \"IncomingMessages\"\n      },\n      {\n        \"name\": \"t2\",\n        \"type\": \"ThrottlingPolicy\",\n        \"rateLimitThreshold\": 20000,\n        \"metricId\": \"OutgoingBytes\"\n      },\n      {\n        \"name\": \"t3\",\n        \"type\": \"ThrottlingPolicy\",\n        \"rateLimitThreshold\": 12000,\n        \"metricId\": \"OutgoingMessages\"\n      }\n    ]\n  }\n}",
      "isContentBase64": false,
      "Headers": {
      },
      "ContentHeaders": {
        "Content-Type": [ "application/json" ],
        "Content-Length": [ "581" ]
      }
    },
    "Response": {
      "StatusCode": 200,
      "Headers": {
        "Cache-Control": [ "no-cache" ],
        "Pragma": [ "no-cache" ],
        "x-ms-request-id": [ "09fbc313-112d-4619-83a5-415418f1a0db_M9SN1_M9SN1" ],
        "Server-SB": [ "Service-Bus-Resource-Provider/SN1" ],
        "Server": [ "Service-Bus-Resource-Provider/SN1", "Microsoft-HTTPAPI/2.0" ],
        "x-ms-ratelimit-remaining-subscription-writes": [ "1163" ],
        "x-ms-correlation-request-id": [ "37aa9d25-79cb-4668-be2d-f9cda9eabc54" ],
        "x-ms-routing-request-id": [ "SOUTHCENTRALUS:20230817T182302Z:37aa9d25-79cb-4668-be2d-f9cda9eabc54" ],
        "Strict-Transport-Security": [ "max-age=31536000; includeSubDomains" ],
        "X-Content-Type-Options": [ "nosniff" ],
        "Date": [ "Thu, 17 Aug 2023 18:23:01 GMT" ]
      },
      "ContentHeaders": {
        "Content-Length": [ "638" ],
        "Content-Type": [ "application/json; charset=utf-8" ],
        "Expires": [ "-1" ]
      },
      "Content": "{\"id\":\"/subscriptions/326100e2-f69d-4268-8503-075374f62b6e/resourceGroups/resourceGroupAutorestwogfts/providers/Microsoft.EventHub/namespaces/namespaceNamenysd8k/applicationGroups/appGroupk52xm7\",\"name\":\"appGroupk52xm7\",\"type\":\"\",\"location\":\"East US\",\"properties\":{\"clientAppGroupIdentifier\":\"NamespaceSASKeyName=key1\",\"policies\":[{\"type\":\"ThrottlingPolicy\",\"name\":\"t1\",\"metricId\":\"IncomingMessages\",\"rateLimitThreshold\":10000},{\"type\":\"ThrottlingPolicy\",\"name\":\"t2\",\"metricId\":\"OutgoingBytes\",\"rateLimitThreshold\":20000},{\"type\":\"ThrottlingPolicy\",\"name\":\"t3\",\"metricId\":\"OutgoingMessages\",\"rateLimitThreshold\":12000}],\"isEnabled\":true}}",
      "isContentBase64": false
    }
  },
  "Set-AzEventHubApplicationGroup+[NoContext]+SetViaIdentityExpanded+$GET+https://management.azure.com/subscriptions/326100e2-f69d-4268-8503-075374f62b6e/resourceGroups/resourceGroupAutorestwogfts/providers/Microsoft.EventHub/namespaces/namespaceNamenysd8k/applicationGroups/appGroupk52xm7?api-version=2023-01-01-preview+1": {
    "Request": {
      "Method": "GET",
      "RequestUri": "https://management.azure.com/subscriptions/326100e2-f69d-4268-8503-075374f62b6e/resourceGroups/resourceGroupAutorestwogfts/providers/Microsoft.EventHub/namespaces/namespaceNamenysd8k/applicationGroups/appGroupk52xm7?api-version=2023-01-01-preview",
      "Content": null,
      "isContentBase64": false,
      "Headers": {
        "x-ms-unique-id": [ "273" ],
        "x-ms-client-request-id": [ "f02ba2b8-fc8e-4373-a491-1a5a77cdb623" ],
        "CommandName": [ "Get-AzEventHubApplicationGroup" ],
        "FullCommandName": [ "Get-AzEventHubApplicationGroup_Get" ],
        "ParameterSetName": [ "__AllParameterSets" ],
        "User-Agent": [ "AzurePowershell/v0.0.0", "PSVersion/v7.1.3", "Az.EventHub/0.1.0" ],
        "Authorization": [ "[Filtered]" ]
      },
      "ContentHeaders": {
      }
    },
    "Response": {
      "StatusCode": 200,
      "Headers": {
        "Cache-Control": [ "no-cache" ],
        "Pragma": [ "no-cache" ],
        "x-ms-request-id": [ "12266096-4af5-46e6-820c-4baca7f32a83_M9SN1_M9SN1" ],
        "Server-SB": [ "Service-Bus-Resource-Provider/SN1" ],
        "Server": [ "Service-Bus-Resource-Provider/SN1", "Microsoft-HTTPAPI/2.0" ],
        "x-ms-ratelimit-remaining-subscription-reads": [ "11812" ],
        "x-ms-correlation-request-id": [ "7d0b55ac-5e05-4f81-9ae1-6dfc9826d0b7" ],
        "x-ms-routing-request-id": [ "SOUTHCENTRALUS:20230817T182303Z:7d0b55ac-5e05-4f81-9ae1-6dfc9826d0b7" ],
        "Strict-Transport-Security": [ "max-age=31536000; includeSubDomains" ],
        "X-Content-Type-Options": [ "nosniff" ],
        "Date": [ "Thu, 17 Aug 2023 18:23:02 GMT" ]
      },
      "ContentHeaders": {
        "Content-Length": [ "638" ],
        "Content-Type": [ "application/json; charset=utf-8" ],
        "Expires": [ "-1" ]
      },
      "Content": "{\"id\":\"/subscriptions/326100e2-f69d-4268-8503-075374f62b6e/resourceGroups/resourceGroupAutorestwogfts/providers/Microsoft.EventHub/namespaces/namespaceNamenysd8k/applicationGroups/appGroupk52xm7\",\"name\":\"appGroupk52xm7\",\"type\":\"\",\"location\":\"East US\",\"properties\":{\"clientAppGroupIdentifier\":\"NamespaceSASKeyName=key1\",\"policies\":[{\"type\":\"ThrottlingPolicy\",\"name\":\"t1\",\"metricId\":\"IncomingMessages\",\"rateLimitThreshold\":10000},{\"type\":\"ThrottlingPolicy\",\"name\":\"t2\",\"metricId\":\"OutgoingBytes\",\"rateLimitThreshold\":20000},{\"type\":\"ThrottlingPolicy\",\"name\":\"t3\",\"metricId\":\"OutgoingMessages\",\"rateLimitThreshold\":12000}],\"isEnabled\":true}}",
      "isContentBase64": false
    }
  },
  "Set-AzEventHubApplicationGroup+[NoContext]+SetViaIdentityExpanded+$GET+https://management.azure.com/subscriptions/326100e2-f69d-4268-8503-075374f62b6e/resourceGroups/resourceGroupAutorestwogfts/providers/Microsoft.EventHub/namespaces/namespaceNamenysd8k/applicationGroups/appGroupk52xm7?api-version=2023-01-01-preview+2": {
    "Request": {
      "Method": "GET",
      "RequestUri": "https://management.azure.com/subscriptions/326100e2-f69d-4268-8503-075374f62b6e/resourceGroups/resourceGroupAutorestwogfts/providers/Microsoft.EventHub/namespaces/namespaceNamenysd8k/applicationGroups/appGroupk52xm7?api-version=2023-01-01-preview",
      "Content": null,
      "isContentBase64": false,
      "Headers": {
        "x-ms-unique-id": [ "274" ],
        "x-ms-client-request-id": [ "0e01157d-6bbb-4d15-8475-02318748f4a9" ],
        "CommandName": [ "Get-AzEventHubApplicationGroup" ],
        "FullCommandName": [ "Get-AzEventHubApplicationGroup_GetViaIdentity" ],
        "ParameterSetName": [ "__AllParameterSets" ],
        "User-Agent": [ "AzurePowershell/v0.0.0", "PSVersion/v7.1.3", "Az.EventHub/0.1.0" ],
        "Authorization": [ "[Filtered]" ]
      },
      "ContentHeaders": {
      }
    },
    "Response": {
      "StatusCode": 200,
      "Headers": {
        "Cache-Control": [ "no-cache" ],
        "Pragma": [ "no-cache" ],
        "x-ms-request-id": [ "9ab82c99-6a68-40a8-b160-85a1927ba74d_M9SN1_M9SN1" ],
        "Server-SB": [ "Service-Bus-Resource-Provider/SN1" ],
        "Server": [ "Service-Bus-Resource-Provider/SN1", "Microsoft-HTTPAPI/2.0" ],
        "x-ms-ratelimit-remaining-subscription-reads": [ "11811" ],
        "x-ms-correlation-request-id": [ "bfbe8f0b-b01b-45a2-b876-eb524bc68aea" ],
        "x-ms-routing-request-id": [ "SOUTHCENTRALUS:20230817T182303Z:bfbe8f0b-b01b-45a2-b876-eb524bc68aea" ],
        "Strict-Transport-Security": [ "max-age=31536000; includeSubDomains" ],
        "X-Content-Type-Options": [ "nosniff" ],
        "Date": [ "Thu, 17 Aug 2023 18:23:03 GMT" ]
      },
      "ContentHeaders": {
        "Content-Length": [ "638" ],
        "Content-Type": [ "application/json; charset=utf-8" ],
        "Expires": [ "-1" ]
      },
      "Content": "{\"id\":\"/subscriptions/326100e2-f69d-4268-8503-075374f62b6e/resourceGroups/resourceGroupAutorestwogfts/providers/Microsoft.EventHub/namespaces/namespaceNamenysd8k/applicationGroups/appGroupk52xm7\",\"name\":\"appGroupk52xm7\",\"type\":\"\",\"location\":\"East US\",\"properties\":{\"clientAppGroupIdentifier\":\"NamespaceSASKeyName=key1\",\"policies\":[{\"type\":\"ThrottlingPolicy\",\"name\":\"t1\",\"metricId\":\"IncomingMessages\",\"rateLimitThreshold\":10000},{\"type\":\"ThrottlingPolicy\",\"name\":\"t2\",\"metricId\":\"OutgoingBytes\",\"rateLimitThreshold\":20000},{\"type\":\"ThrottlingPolicy\",\"name\":\"t3\",\"metricId\":\"OutgoingMessages\",\"rateLimitThreshold\":12000}],\"isEnabled\":true}}",
      "isContentBase64": false
    }
  },
  "Set-AzEventHubApplicationGroup+[NoContext]+SetViaIdentityExpanded+$GET+https://management.azure.com/subscriptions/326100e2-f69d-4268-8503-075374f62b6e/resourceGroups/resourceGroupAutorestwogfts/providers/Microsoft.EventHub/namespaces/namespaceNamenysd8k/applicationGroups/appGroupk52xm7?api-version=2023-01-01-preview+3": {
    "Request": {
      "Method": "GET",
      "RequestUri": "https://management.azure.com/subscriptions/326100e2-f69d-4268-8503-075374f62b6e/resourceGroups/resourceGroupAutorestwogfts/providers/Microsoft.EventHub/namespaces/namespaceNamenysd8k/applicationGroups/appGroupk52xm7?api-version=2023-01-01-preview",
      "Content": null,
      "isContentBase64": false,
      "Headers": {
        "x-ms-unique-id": [ "275" ],
        "x-ms-client-request-id": [ "64cb480d-c787-423a-8a77-53a090da7475" ],
        "CommandName": [ "Get-AzEventHubApplicationGroup" ],
        "FullCommandName": [ "Get-AzEventHubApplicationGroup_GetViaIdentity" ],
        "ParameterSetName": [ "__AllParameterSets" ],
        "User-Agent": [ "AzurePowershell/v0.0.0", "PSVersion/v7.1.3", "Az.EventHub/0.1.0" ],
        "Authorization": [ "[Filtered]" ]
      },
      "ContentHeaders": {
      }
    },
    "Response": {
      "StatusCode": 200,
      "Headers": {
        "Cache-Control": [ "no-cache" ],
        "Pragma": [ "no-cache" ],
        "x-ms-request-id": [ "237e41d6-22d5-475a-94fc-94cea33637c7_M9SN1_M9SN1" ],
        "Server-SB": [ "Service-Bus-Resource-Provider/SN1" ],
        "Server": [ "Service-Bus-Resource-Provider/SN1", "Microsoft-HTTPAPI/2.0" ],
        "x-ms-ratelimit-remaining-subscription-reads": [ "11810" ],
        "x-ms-correlation-request-id": [ "96f9afc0-20ae-4805-bc3d-aea08fcdd52f" ],
        "x-ms-routing-request-id": [ "SOUTHCENTRALUS:20230817T182304Z:96f9afc0-20ae-4805-bc3d-aea08fcdd52f" ],
        "Strict-Transport-Security": [ "max-age=31536000; includeSubDomains" ],
        "X-Content-Type-Options": [ "nosniff" ],
        "Date": [ "Thu, 17 Aug 2023 18:23:03 GMT" ]
      },
      "ContentHeaders": {
        "Content-Length": [ "638" ],
        "Content-Type": [ "application/json; charset=utf-8" ],
        "Expires": [ "-1" ]
      },
      "Content": "{\"id\":\"/subscriptions/326100e2-f69d-4268-8503-075374f62b6e/resourceGroups/resourceGroupAutorestwogfts/providers/Microsoft.EventHub/namespaces/namespaceNamenysd8k/applicationGroups/appGroupk52xm7\",\"name\":\"appGroupk52xm7\",\"type\":\"\",\"location\":\"East US\",\"properties\":{\"clientAppGroupIdentifier\":\"NamespaceSASKeyName=key1\",\"policies\":[{\"type\":\"ThrottlingPolicy\",\"name\":\"t1\",\"metricId\":\"IncomingMessages\",\"rateLimitThreshold\":10000},{\"type\":\"ThrottlingPolicy\",\"name\":\"t2\",\"metricId\":\"OutgoingBytes\",\"rateLimitThreshold\":20000},{\"type\":\"ThrottlingPolicy\",\"name\":\"t3\",\"metricId\":\"OutgoingMessages\",\"rateLimitThreshold\":12000}],\"isEnabled\":true}}",
      "isContentBase64": false
    }
  },
  "Set-AzEventHubApplicationGroup+[NoContext]+SetViaIdentityExpanded+$PUT+https://management.azure.com/subscriptions/326100e2-f69d-4268-8503-075374f62b6e/resourceGroups/resourceGroupAutorestwogfts/providers/Microsoft.EventHub/namespaces/namespaceNamenysd8k/applicationGroups/appGroupk52xm7?api-version=2023-01-01-preview+4": {
    "Request": {
      "Method": "PUT",
      "RequestUri": "https://management.azure.com/subscriptions/326100e2-f69d-4268-8503-075374f62b6e/resourceGroups/resourceGroupAutorestwogfts/providers/Microsoft.EventHub/namespaces/namespaceNamenysd8k/applicationGroups/appGroupk52xm7?api-version=2023-01-01-preview",
      "Content": "{\n  \"properties\": {\n    \"isEnabled\": true,\n    \"clientAppGroupIdentifier\": \"NamespaceSASKeyName=key1\",\n    \"policies\": [\n      {\n        \"name\": \"t1\",\n        \"type\": \"ThrottlingPolicy\",\n        \"rateLimitThreshold\": 10000,\n        \"metricId\": \"IncomingMessages\"\n      },\n      {\n        \"name\": \"t2\",\n        \"type\": \"ThrottlingPolicy\",\n        \"rateLimitThreshold\": 20000,\n        \"metricId\": \"OutgoingBytes\"\n      },\n      {\n        \"name\": \"t3\",\n        \"type\": \"ThrottlingPolicy\",\n        \"rateLimitThreshold\": 12000,\n        \"metricId\": \"OutgoingMessages\"\n      },\n      {\n        \"name\": \"t4\",\n        \"type\": \"ThrottlingPolicy\",\n        \"rateLimitThreshold\": 13000,\n        \"metricId\": \"IncomingBytes\"\n      }\n    ]\n  }\n}",
      "isContentBase64": false,
      "Headers": {
      },
      "ContentHeaders": {
        "Content-Type": [ "application/json" ],
        "Content-Length": [ "729" ]
      }
    },
    "Response": {
      "StatusCode": 200,
      "Headers": {
        "Cache-Control": [ "no-cache" ],
        "Pragma": [ "no-cache" ],
        "x-ms-request-id": [ "db5e1606-9f61-4506-bef5-e1a69b5f0f16_M9SN1_M9SN1" ],
        "Server-SB": [ "Service-Bus-Resource-Provider/SN1" ],
        "Server": [ "Service-Bus-Resource-Provider/SN1", "Microsoft-HTTPAPI/2.0" ],
        "x-ms-ratelimit-remaining-subscription-writes": [ "1162" ],
        "x-ms-correlation-request-id": [ "9e4c6880-2a8f-4ad1-a4c9-dde789af73bc" ],
        "x-ms-routing-request-id": [ "SOUTHCENTRALUS:20230817T182305Z:9e4c6880-2a8f-4ad1-a4c9-dde789af73bc" ],
        "Strict-Transport-Security": [ "max-age=31536000; includeSubDomains" ],
        "X-Content-Type-Options": [ "nosniff" ],
        "Date": [ "Thu, 17 Aug 2023 18:23:04 GMT" ]
      },
      "ContentHeaders": {
        "Content-Length": [ "732" ],
        "Content-Type": [ "application/json; charset=utf-8" ],
        "Expires": [ "-1" ]
      },
      "Content": "{\"id\":\"/subscriptions/326100e2-f69d-4268-8503-075374f62b6e/resourceGroups/resourceGroupAutorestwogfts/providers/Microsoft.EventHub/namespaces/namespaceNamenysd8k/applicationGroups/appGroupk52xm7\",\"name\":\"appGroupk52xm7\",\"type\":\"\",\"location\":\"East US\",\"properties\":{\"clientAppGroupIdentifier\":\"NamespaceSASKeyName=key1\",\"policies\":[{\"type\":\"ThrottlingPolicy\",\"name\":\"t1\",\"metricId\":\"IncomingMessages\",\"rateLimitThreshold\":10000},{\"type\":\"ThrottlingPolicy\",\"name\":\"t2\",\"metricId\":\"OutgoingBytes\",\"rateLimitThreshold\":20000},{\"type\":\"ThrottlingPolicy\",\"name\":\"t3\",\"metricId\":\"OutgoingMessages\",\"rateLimitThreshold\":12000},{\"type\":\"ThrottlingPolicy\",\"name\":\"t4\",\"metricId\":\"IncomingBytes\",\"rateLimitThreshold\":13000}],\"isEnabled\":true}}",
      "isContentBase64": false
    }
  },
  "Set-AzEventHubApplicationGroup+[NoContext]+SetViaIdentityExpanded+$GET+https://management.azure.com/subscriptions/326100e2-f69d-4268-8503-075374f62b6e/resourceGroups/resourceGroupAutorestwogfts/providers/Microsoft.EventHub/namespaces/namespaceNamenysd8k/applicationGroups/appGroupk52xm7?api-version=2023-01-01-preview+5": {
    "Request": {
      "Method": "GET",
      "RequestUri": "https://management.azure.com/subscriptions/326100e2-f69d-4268-8503-075374f62b6e/resourceGroups/resourceGroupAutorestwogfts/providers/Microsoft.EventHub/namespaces/namespaceNamenysd8k/applicationGroups/appGroupk52xm7?api-version=2023-01-01-preview",
      "Content": null,
      "isContentBase64": false,
      "Headers": {
        "x-ms-unique-id": [ "277" ],
        "x-ms-client-request-id": [ "7c0aa983-49eb-41f4-8ca2-d3067600337e" ],
        "CommandName": [ "Get-AzEventHubApplicationGroup" ],
        "FullCommandName": [ "Get-AzEventHubApplicationGroup_GetViaIdentity" ],
        "ParameterSetName": [ "__AllParameterSets" ],
        "User-Agent": [ "AzurePowershell/v0.0.0", "PSVersion/v7.1.3", "Az.EventHub/0.1.0" ],
        "Authorization": [ "[Filtered]" ]
      },
      "ContentHeaders": {
      }
    },
    "Response": {
      "StatusCode": 200,
      "Headers": {
        "Cache-Control": [ "no-cache" ],
        "Pragma": [ "no-cache" ],
        "x-ms-request-id": [ "6b3b57e2-2aea-4d9d-b20f-80023467c0e7_M9SN1_M9SN1" ],
        "Server-SB": [ "Service-Bus-Resource-Provider/SN1" ],
        "Server": [ "Service-Bus-Resource-Provider/SN1", "Microsoft-HTTPAPI/2.0" ],
        "x-ms-ratelimit-remaining-subscription-reads": [ "11809" ],
        "x-ms-correlation-request-id": [ "15a9cd02-3f30-4e1c-9f75-afe9d7ebd510" ],
        "x-ms-routing-request-id": [ "SOUTHCENTRALUS:20230817T182305Z:15a9cd02-3f30-4e1c-9f75-afe9d7ebd510" ],
        "Strict-Transport-Security": [ "max-age=31536000; includeSubDomains" ],
        "X-Content-Type-Options": [ "nosniff" ],
        "Date": [ "Thu, 17 Aug 2023 18:23:05 GMT" ]
      },
      "ContentHeaders": {
        "Content-Length": [ "732" ],
        "Content-Type": [ "application/json; charset=utf-8" ],
        "Expires": [ "-1" ]
      },
      "Content": "{\"id\":\"/subscriptions/326100e2-f69d-4268-8503-075374f62b6e/resourceGroups/resourceGroupAutorestwogfts/providers/Microsoft.EventHub/namespaces/namespaceNamenysd8k/applicationGroups/appGroupk52xm7\",\"name\":\"appGroupk52xm7\",\"type\":\"\",\"location\":\"East US\",\"properties\":{\"clientAppGroupIdentifier\":\"NamespaceSASKeyName=key1\",\"policies\":[{\"type\":\"ThrottlingPolicy\",\"name\":\"t1\",\"metricId\":\"IncomingMessages\",\"rateLimitThreshold\":10000},{\"type\":\"ThrottlingPolicy\",\"name\":\"t2\",\"metricId\":\"OutgoingBytes\",\"rateLimitThreshold\":20000},{\"type\":\"ThrottlingPolicy\",\"name\":\"t3\",\"metricId\":\"OutgoingMessages\",\"rateLimitThreshold\":12000},{\"type\":\"ThrottlingPolicy\",\"name\":\"t4\",\"metricId\":\"IncomingBytes\",\"rateLimitThreshold\":13000}],\"isEnabled\":true}}",
      "isContentBase64": false
    }
  },
  "Set-AzEventHubApplicationGroup+[NoContext]+SetViaIdentityExpanded+$PUT+https://management.azure.com/subscriptions/326100e2-f69d-4268-8503-075374f62b6e/resourceGroups/resourceGroupAutorestwogfts/providers/Microsoft.EventHub/namespaces/namespaceNamenysd8k/applicationGroups/appGroupk52xm7?api-version=2023-01-01-preview+6": {
    "Request": {
      "Method": "PUT",
      "RequestUri": "https://management.azure.com/subscriptions/326100e2-f69d-4268-8503-075374f62b6e/resourceGroups/resourceGroupAutorestwogfts/providers/Microsoft.EventHub/namespaces/namespaceNamenysd8k/applicationGroups/appGroupk52xm7?api-version=2023-01-01-preview",
      "Content": "{\n  \"properties\": {\n    \"isEnabled\": false,\n    \"clientAppGroupIdentifier\": \"NamespaceSASKeyName=key1\",\n    \"policies\": [\n      {\n        \"name\": \"t1\",\n        \"type\": \"ThrottlingPolicy\",\n        \"rateLimitThreshold\": 10000,\n        \"metricId\": \"IncomingMessages\"\n      },\n      {\n        \"name\": \"t2\",\n        \"type\": \"ThrottlingPolicy\",\n        \"rateLimitThreshold\": 20000,\n        \"metricId\": \"OutgoingBytes\"\n      },\n      {\n        \"name\": \"t3\",\n        \"type\": \"ThrottlingPolicy\",\n        \"rateLimitThreshold\": 12000,\n        \"metricId\": \"OutgoingMessages\"\n      },\n      {\n        \"name\": \"t4\",\n        \"type\": \"ThrottlingPolicy\",\n        \"rateLimitThreshold\": 13000,\n        \"metricId\": \"IncomingBytes\"\n      }\n    ]\n  }\n}",
      "isContentBase64": false,
      "Headers": {
      },
      "ContentHeaders": {
        "Content-Type": [ "application/json" ],
        "Content-Length": [ "730" ]
      }
    },
    "Response": {
      "StatusCode": 200,
      "Headers": {
        "Cache-Control": [ "no-cache" ],
        "Pragma": [ "no-cache" ],
        "x-ms-request-id": [ "28b69c6d-b67d-40d1-98ca-978209109e74_M9SN1_M9SN1" ],
        "Server-SB": [ "Service-Bus-Resource-Provider/SN1" ],
        "Server": [ "Service-Bus-Resource-Provider/SN1", "Microsoft-HTTPAPI/2.0" ],
        "x-ms-ratelimit-remaining-subscription-writes": [ "1161" ],
        "x-ms-correlation-request-id": [ "9febf7e4-c62f-4dcd-adfe-1bd3b9e6c869" ],
        "x-ms-routing-request-id": [ "SOUTHCENTRALUS:20230817T182306Z:9febf7e4-c62f-4dcd-adfe-1bd3b9e6c869" ],
        "Strict-Transport-Security": [ "max-age=31536000; includeSubDomains" ],
        "X-Content-Type-Options": [ "nosniff" ],
        "Date": [ "Thu, 17 Aug 2023 18:23:05 GMT" ]
      },
      "ContentHeaders": {
        "Content-Length": [ "733" ],
        "Content-Type": [ "application/json; charset=utf-8" ],
        "Expires": [ "-1" ]
      },
      "Content": "{\"id\":\"/subscriptions/326100e2-f69d-4268-8503-075374f62b6e/resourceGroups/resourceGroupAutorestwogfts/providers/Microsoft.EventHub/namespaces/namespaceNamenysd8k/applicationGroups/appGroupk52xm7\",\"name\":\"appGroupk52xm7\",\"type\":\"\",\"location\":\"East US\",\"properties\":{\"clientAppGroupIdentifier\":\"NamespaceSASKeyName=key1\",\"policies\":[{\"type\":\"ThrottlingPolicy\",\"name\":\"t1\",\"metricId\":\"IncomingMessages\",\"rateLimitThreshold\":10000},{\"type\":\"ThrottlingPolicy\",\"name\":\"t2\",\"metricId\":\"OutgoingBytes\",\"rateLimitThreshold\":20000},{\"type\":\"ThrottlingPolicy\",\"name\":\"t3\",\"metricId\":\"OutgoingMessages\",\"rateLimitThreshold\":12000},{\"type\":\"ThrottlingPolicy\",\"name\":\"t4\",\"metricId\":\"IncomingBytes\",\"rateLimitThreshold\":13000}],\"isEnabled\":false}}",
      "isContentBase64": false
    }
  }
}