{
  "Set-AzEventHubAuthorizationRule+[NoContext]+SetExpandedNamespace+$GET+https://management.azure.com/subscriptions/326100e2-f69d-4268-8503-075374f62b6e/resourceGroups/resourceGroupAutoresta2s9gd/providers/Microsoft.EventHub/namespaces/namespaceNamed5orf8/authorizationRules/auth-rule9ld078?api-version=2023-01-01-preview+1": {
    "Request": {
      "Method": "GET",
      "RequestUri": "https://management.azure.com/subscriptions/326100e2-f69d-4268-8503-075374f62b6e/resourceGroups/resourceGroupAutoresta2s9gd/providers/Microsoft.EventHub/namespaces/namespaceNamed5orf8/authorizationRules/auth-rule9ld078?api-version=2023-01-01-preview",
      "Content": null,
      "isContentBase64": false,
      "Headers": {
        "x-ms-unique-id": [ "277" ],
        "x-ms-client-request-id": [ "2f8d4de8-fd87-4c92-8d72-151769dd0171" ],
        "CommandName": [ "Az.EventHub.private\\Get-AzEventHubNamespaceAuthorizationRule_Get" ],
        "FullCommandName": [ "Get-AzEventHubNamespaceAuthorizationRule_Get" ],
        "ParameterSetName": [ "__AllParameterSets" ],
        "User-Agent": [ "AzurePowershell/v0.0.0", "PSVersion/v7.1.3", "Az.EventHub/0.1.0" ],
        "Authorization": [ "[Filtered]" ]
      },
      "ContentHeaders": {
      }
    },
    "Response": {
      "StatusCode": 200,
      "Headers": {
        "Cache-Control": [ "no-cache" ],
        "Pragma": [ "no-cache" ],
        "x-ms-ratelimit-remaining-subscription-reads": [ "11997" ],
        "x-ms-request-id": [ "5d77744d-dd0b-4aba-a801-ddbece6795ff" ],
        "x-ms-correlation-request-id": [ "5d77744d-dd0b-4aba-a801-ddbece6795ff" ],
        "x-ms-routing-request-id": [ "KOREACENTRAL:20230918T083902Z:5d77744d-dd0b-4aba-a801-ddbece6795ff" ],
        "Strict-Transport-Security": [ "max-age=31536000; includeSubDomains" ],
        "X-Content-Type-Options": [ "nosniff" ],
        "X-Cache": [ "CONFIG_NOCACHE" ],
        "X-MSEdge-Ref": [ "Ref A: 5E5B2F4BB1DB4E6F9B3C948F7C183348 Ref B: SEL221051504011 Ref C: 2023-09-18T08:39:00Z" ],
        "Date": [ "Mon, 18 Sep 2023 08:39:01 GMT" ]
      },
      "ContentHeaders": {
        "Content-Length": [ "352" ],
        "Content-Type": [ "application/json; charset=utf-8" ],
        "Expires": [ "-1" ]
      },
      "Content": "{\"id\":\"/subscriptions/326100e2-f69d-4268-8503-075374f62b6e/resourcegroups/resourceGroupAutoresta2s9gd/providers/Microsoft.EventHub/namespaces/namespaceNamed5orf8/authorizationrules/auth-rule9ld078\",\"name\":\"auth-rule9ld078\",\"type\":\"Microsoft.EventHub/Namespaces/AuthorizationRules\",\"location\":\"eastus\",\"properties\":{\"rights\":[\"Manage\",\"Send\",\"Listen\"]}}",
      "isContentBase64": false
    }
  },
  "Set-AzEventHubAuthorizationRule+[NoContext]+SetExpandedNamespace+$PUT+https://management.azure.com/subscriptions/326100e2-f69d-4268-8503-075374f62b6e/resourceGroups/resourceGroupAutoresta2s9gd/providers/Microsoft.EventHub/namespaces/namespaceNamed5orf8/authorizationRules/auth-rule9ld078?api-version=2023-01-01-preview+2": {
    "Request": {
      "Method": "PUT",
      "RequestUri": "https://management.azure.com/subscriptions/326100e2-f69d-4268-8503-075374f62b6e/resourceGroups/resourceGroupAutoresta2s9gd/providers/Microsoft.EventHub/namespaces/namespaceNamed5orf8/authorizationRules/auth-rule9ld078?api-version=2023-01-01-preview",
      "Content": "{\n  \"properties\": {\n    \"rights\": [ \"Listen\" ]\n  }\n}",
      "isContentBase64": false,
      "Headers": {
      },
      "ContentHeaders": {
        "Content-Type": [ "application/json" ],
        "Content-Length": [ "52" ]
      }
    },
    "Response": {
      "StatusCode": 200,
      "Headers": {
        "Cache-Control": [ "no-cache" ],
        "Pragma": [ "no-cache" ],
        "x-ms-ratelimit-remaining-subscription-writes": [ "1197" ],
        "x-ms-request-id": [ "375e844b-945f-47f2-a791-e3fc110bd652" ],
        "x-ms-correlation-request-id": [ "375e844b-945f-47f2-a791-e3fc110bd652" ],
        "x-ms-routing-request-id": [ "KOREACENTRAL:20230918T083909Z:375e844b-945f-47f2-a791-e3fc110bd652" ],
        "Strict-Transport-Security": [ "max-age=31536000; includeSubDomains" ],
        "X-Content-Type-Options": [ "nosniff" ],
        "X-Cache": [ "CONFIG_NOCACHE" ],
        "X-MSEdge-Ref": [ "Ref A: AAF4800D60C442BEB31FB92221803760 Ref B: SEL221051504011 Ref C: 2023-09-18T08:39:02Z" ],
        "Date": [ "Mon, 18 Sep 2023 08:39:08 GMT" ]
      },
      "ContentHeaders": {
        "Content-Length": [ "336" ],
        "Content-Type": [ "application/json; charset=utf-8" ],
        "Expires": [ "-1" ]
      },
      "Content": "{\"id\":\"/subscriptions/326100e2-f69d-4268-8503-075374f62b6e/resourceGroups/resourceGroupAutoresta2s9gd/providers/Microsoft.EventHub/namespaces/namespaceNamed5orf8/authorizationRules/auth-rule9ld078\",\"name\":\"auth-rule9ld078\",\"type\":\"Microsoft.EventHub/Namespaces/AuthorizationRules\",\"location\":\"eastus\",\"properties\":{\"rights\":[\"Listen\"]}}",
      "isContentBase64": false
    }
  },
  "Set-AzEventHubAuthorizationRule+[NoContext]+SetExpandedEntity+$GET+https://management.azure.com/subscriptions/326100e2-f69d-4268-8503-075374f62b6e/resourceGroups/resourceGroupAutoresta2s9gd/providers/Microsoft.EventHub/namespaces/namespaceNamed5orf8/eventhubs/eventHub504uah/authorizationRules/auth-ruleirhsyq?api-version=2023-01-01-preview+1": {
    "Request": {
      "Method": "GET",
      "RequestUri": "https://management.azure.com/subscriptions/326100e2-f69d-4268-8503-075374f62b6e/resourceGroups/resourceGroupAutoresta2s9gd/providers/Microsoft.EventHub/namespaces/namespaceNamed5orf8/eventhubs/eventHub504uah/authorizationRules/auth-ruleirhsyq?api-version=2023-01-01-preview",
      "Content": null,
      "isContentBase64": false,
      "Headers": {
        "x-ms-unique-id": [ "279" ],
        "x-ms-client-request-id": [ "7ad963fc-679b-48ab-ad97-17ac8d1974ec" ],
        "CommandName": [ "Az.EventHub.private\\Get-AzEventHubAuthorizationRule_Get" ],
        "FullCommandName": [ "Get-AzEventHubAuthorizationRule_Get" ],
        "ParameterSetName": [ "__AllParameterSets" ],
        "User-Agent": [ "AzurePowershell/v0.0.0", "PSVersion/v7.1.3", "Az.EventHub/0.1.0" ],
        "Authorization": [ "[Filtered]" ]
      },
      "ContentHeaders": {
      }
    },
    "Response": {
      "StatusCode": 200,
      "Headers": {
        "Cache-Control": [ "no-cache" ],
        "Pragma": [ "no-cache" ],
        "x-ms-ratelimit-remaining-subscription-reads": [ "11997" ],
        "x-ms-request-id": [ "86cb0e43-000e-4db2-a915-4e97051f5cbe" ],
        "x-ms-correlation-request-id": [ "86cb0e43-000e-4db2-a915-4e97051f5cbe" ],
        "x-ms-routing-request-id": [ "KOREACENTRAL:20230918T083910Z:86cb0e43-000e-4db2-a915-4e97051f5cbe" ],
        "Strict-Transport-Security": [ "max-age=31536000; includeSubDomains" ],
        "X-Content-Type-Options": [ "nosniff" ],
        "X-Cache": [ "CONFIG_NOCACHE" ],
        "X-MSEdge-Ref": [ "Ref A: 5A0D51B7325847E98D3E5A2718BA2713 Ref B: SEL221051504011 Ref C: 2023-09-18T08:39:10Z" ],
        "Date": [ "Mon, 18 Sep 2023 08:39:09 GMT" ]
      },
      "ContentHeaders": {
        "Content-Length": [ "371" ],
        "Content-Type": [ "application/json; charset=utf-8" ],
        "Expires": [ "-1" ]
      },
      "Content": "{\"id\":\"/subscriptions/326100e2-f69d-4268-8503-075374f62b6e/resourcegroups/resourceGroupAutoresta2s9gd/providers/Microsoft.EventHub/namespaces/namespaceNamed5orf8/eventhubs/eventHub504uah/authorizationrules/auth-ruleirhsyq\",\"name\":\"auth-ruleirhsyq\",\"type\":\"Microsoft.EventHub/namespaces/eventhubs/authorizationrules\",\"location\":\"eastus\",\"properties\":{\"rights\":[\"Listen\"]}}",
      "isContentBase64": false
    }
  },
  "Set-AzEventHubAuthorizationRule+[NoContext]+SetExpandedEntity+$PUT+https://management.azure.com/subscriptions/326100e2-f69d-4268-8503-075374f62b6e/resourceGroups/resourceGroupAutoresta2s9gd/providers/Microsoft.EventHub/namespaces/namespaceNamed5orf8/eventhubs/eventHub504uah/authorizationRules/auth-ruleirhsyq?api-version=2023-01-01-preview+2": {
    "Request": {
      "Method": "PUT",
      "RequestUri": "https://management.azure.com/subscriptions/326100e2-f69d-4268-8503-075374f62b6e/resourceGroups/resourceGroupAutoresta2s9gd/providers/Microsoft.EventHub/namespaces/namespaceNamed5orf8/eventhubs/eventHub504uah/authorizationRules/auth-ruleirhsyq?api-version=2023-01-01-preview",
      "Content": "{\n  \"properties\": {\n    \"rights\": [ \"Send\" ]\n  }\n}",
      "isContentBase64": false,
      "Headers": {
      },
      "ContentHeaders": {
        "Content-Type": [ "application/json" ],
        "Content-Length": [ "50" ]
      }
    },
    "Response": {
      "StatusCode": 200,
      "Headers": {
        "Cache-Control": [ "no-cache" ],
        "Pragma": [ "no-cache" ],
        "x-ms-ratelimit-remaining-subscription-writes": [ "1198" ],
        "x-ms-request-id": [ "bd7d957e-e050-44dc-b821-a2f6b15d738d" ],
        "x-ms-correlation-request-id": [ "bd7d957e-e050-44dc-b821-a2f6b15d738d" ],
        "x-ms-routing-request-id": [ "KOREACENTRAL:20230918T083911Z:bd7d957e-e050-44dc-b821-a2f6b15d738d" ],
        "Strict-Transport-Security": [ "max-age=31536000; includeSubDomains" ],
        "X-Content-Type-Options": [ "nosniff" ],
        "X-Cache": [ "CONFIG_NOCACHE" ],
        "X-MSEdge-Ref": [ "Ref A: 35D2D20FB62145B4B3A4F4510FEC4605 Ref B: SEL221051504011 Ref C: 2023-09-18T08:39:10Z" ],
        "Date": [ "Mon, 18 Sep 2023 08:39:10 GMT" ]
      },
      "ContentHeaders": {
        "Content-Length": [ "349" ],
        "Content-Type": [ "application/json; charset=utf-8" ],
        "Expires": [ "-1" ]
      },
      "Content": "{\"id\":\"/subscriptions/326100e2-f69d-4268-8503-075374f62b6e/resourceGroups/resourceGroupAutoresta2s9gd/providers/Microsoft.EventHub/namespaces/namespaceNamed5orf8/eventhubs/eventHub504uah/authorizationRules/auth-ruleirhsyq\",\"name\":\"auth-ruleirhsyq\",\"type\":\"Microsoft.EventHub/namespaces/eventhubs/authorizationrules\",\"properties\":{\"rights\":[\"Send\"]}}",
      "isContentBase64": false
    }
  },
  "Set-AzEventHubAuthorizationRule+[NoContext]+SetViaIdentityExpanded+$GET+https://management.azure.com/subscriptions/326100e2-f69d-4268-8503-075374f62b6e/resourceGroups/resourceGroupAutoresta2s9gd/providers/Microsoft.EventHub/namespaces/namespaceNamed5orf8/authorizationRules/auth-rule9ld078?api-version=2023-01-01-preview+1": {
    "Request": {
      "Method": "GET",
      "RequestUri": "https://management.azure.com/subscriptions/326100e2-f69d-4268-8503-075374f62b6e/resourceGroups/resourceGroupAutoresta2s9gd/providers/Microsoft.EventHub/namespaces/namespaceNamed5orf8/authorizationRules/auth-rule9ld078?api-version=2023-01-01-preview",
      "Content": null,
      "isContentBase64": false,
      "Headers": {
        "x-ms-unique-id": [ "281" ],
        "x-ms-client-request-id": [ "59dc5b78-7628-4f4f-9811-86a8235257a1" ],
        "CommandName": [ "Az.EventHub.private\\Get-AzEventHubNamespaceAuthorizationRule_Get" ],
        "FullCommandName": [ "Get-AzEventHubNamespaceAuthorizationRule_Get" ],
        "ParameterSetName": [ "__AllParameterSets" ],
        "User-Agent": [ "AzurePowershell/v0.0.0", "PSVersion/v7.1.3", "Az.EventHub/0.1.0" ],
        "Authorization": [ "[Filtered]" ]
      },
      "ContentHeaders": {
      }
    },
    "Response": {
      "StatusCode": 200,
      "Headers": {
        "Cache-Control": [ "no-cache" ],
        "Pragma": [ "no-cache" ],
        "x-ms-ratelimit-remaining-subscription-reads": [ "11996" ],
        "x-ms-request-id": [ "7bd687cb-0510-4bb0-bd79-71a5e61bf8fe" ],
        "x-ms-correlation-request-id": [ "7bd687cb-0510-4bb0-bd79-71a5e61bf8fe" ],
        "x-ms-routing-request-id": [ "KOREACENTRAL:20230918T083912Z:7bd687cb-0510-4bb0-bd79-71a5e61bf8fe" ],
        "Strict-Transport-Security": [ "max-age=31536000; includeSubDomains" ],
        "X-Content-Type-Options": [ "nosniff" ],
        "X-Cache": [ "CONFIG_NOCACHE" ],
        "X-MSEdge-Ref": [ "Ref A: 7556DC4E948345069AFE52E01536662B Ref B: SEL221051504011 Ref C: 2023-09-18T08:39:11Z" ],
        "Date": [ "Mon, 18 Sep 2023 08:39:11 GMT" ]
      },
      "ContentHeaders": {
        "Content-Length": [ "336" ],
        "Content-Type": [ "application/json; charset=utf-8" ],
        "Expires": [ "-1" ]
      },
      "Content": "{\"id\":\"/subscriptions/326100e2-f69d-4268-8503-075374f62b6e/resourcegroups/resourceGroupAutoresta2s9gd/providers/Microsoft.EventHub/namespaces/namespaceNamed5orf8/authorizationrules/auth-rule9ld078\",\"name\":\"auth-rule9ld078\",\"type\":\"Microsoft.EventHub/Namespaces/AuthorizationRules\",\"location\":\"eastus\",\"properties\":{\"rights\":[\"Listen\"]}}",
      "isContentBase64": false
    }
  },
  "Set-AzEventHubAuthorizationRule+[NoContext]+SetViaIdentityExpanded+$GET+https://management.azure.com/subscriptions/326100e2-f69d-4268-8503-075374f62b6e/resourceGroups/resourceGroupAutoresta2s9gd/providers/Microsoft.EventHub/namespaces/namespaceNamed5orf8/authorizationRules/auth-rule9ld078?api-version=2023-01-01-preview+2": {
    "Request": {
      "Method": "GET",
      "RequestUri": "https://management.azure.com/subscriptions/326100e2-f69d-4268-8503-075374f62b6e/resourceGroups/resourceGroupAutoresta2s9gd/providers/Microsoft.EventHub/namespaces/namespaceNamed5orf8/authorizationRules/auth-rule9ld078?api-version=2023-01-01-preview",
      "Content": null,
      "isContentBase64": false,
      "Headers": {
        "x-ms-unique-id": [ "282" ],
        "x-ms-client-request-id": [ "d8cedbda-89a1-49ba-aaf8-03b9ba576a29" ],
        "CommandName": [ "Az.EventHub.private\\Get-AzEventHubNamespaceAuthorizationRule_GetViaIdentity" ],
        "FullCommandName": [ "Get-AzEventHubNamespaceAuthorizationRule_GetViaIdentity" ],
        "ParameterSetName": [ "__AllParameterSets" ],
        "User-Agent": [ "AzurePowershell/v0.0.0", "PSVersion/v7.1.3", "Az.EventHub/0.1.0" ],
        "Authorization": [ "[Filtered]" ]
      },
      "ContentHeaders": {
      }
    },
    "Response": {
      "StatusCode": 200,
      "Headers": {
        "Cache-Control": [ "no-cache" ],
        "Pragma": [ "no-cache" ],
        "x-ms-ratelimit-remaining-subscription-reads": [ "11994" ],
        "x-ms-request-id": [ "0ad14017-7711-4644-afc9-a1bfe51da70c" ],
        "x-ms-correlation-request-id": [ "0ad14017-7711-4644-afc9-a1bfe51da70c" ],
        "x-ms-routing-request-id": [ "KOREACENTRAL:20230918T083914Z:0ad14017-7711-4644-afc9-a1bfe51da70c" ],
        "Strict-Transport-Security": [ "max-age=31536000; includeSubDomains" ],
        "X-Content-Type-Options": [ "nosniff" ],
        "X-Cache": [ "CONFIG_NOCACHE" ],
        "X-MSEdge-Ref": [ "Ref A: CB2E67DE75694930911280ADA4F23755 Ref B: SEL221051504011 Ref C: 2023-09-18T08:39:12Z" ],
        "Date": [ "Mon, 18 Sep 2023 08:39:13 GMT" ]
      },
      "ContentHeaders": {
        "Content-Length": [ "336" ],
        "Content-Type": [ "application/json; charset=utf-8" ],
        "Expires": [ "-1" ]
      },
      "Content": "{\"id\":\"/subscriptions/326100e2-f69d-4268-8503-075374f62b6e/resourcegroups/resourceGroupAutoresta2s9gd/providers/Microsoft.EventHub/namespaces/namespaceNamed5orf8/authorizationrules/auth-rule9ld078\",\"name\":\"auth-rule9ld078\",\"type\":\"Microsoft.EventHub/Namespaces/AuthorizationRules\",\"location\":\"eastus\",\"properties\":{\"rights\":[\"Listen\"]}}",
      "isContentBase64": false
    }
  },
  "Set-AzEventHubAuthorizationRule+[NoContext]+SetViaIdentityExpanded+$PUT+https://management.azure.com/subscriptions/326100e2-f69d-4268-8503-075374f62b6e/resourceGroups/resourceGroupAutoresta2s9gd/providers/Microsoft.EventHub/namespaces/namespaceNamed5orf8/authorizationRules/auth-rule9ld078?api-version=2023-01-01-preview+3": {
    "Request": {
      "Method": "PUT",
      "RequestUri": "https://management.azure.com/subscriptions/326100e2-f69d-4268-8503-075374f62b6e/resourceGroups/resourceGroupAutoresta2s9gd/providers/Microsoft.EventHub/namespaces/namespaceNamed5orf8/authorizationRules/auth-rule9ld078?api-version=2023-01-01-preview",
      "Content": "{\n  \"properties\": {\n    \"rights\": [ \"Manage\", \"Send\", \"Listen\" ]\n  }\n}",
      "isContentBase64": false,
      "Headers": {
      },
      "ContentHeaders": {
        "Content-Type": [ "application/json" ],
        "Content-Length": [ "70" ]
      }
    },
    "Response": {
      "StatusCode": 200,
      "Headers": {
        "Cache-Control": [ "no-cache" ],
        "Pragma": [ "no-cache" ],
        "x-ms-ratelimit-remaining-subscription-writes": [ "1197" ],
        "x-ms-request-id": [ "76003960-e7a6-4333-8830-be6210d732bf" ],
        "x-ms-correlation-request-id": [ "76003960-e7a6-4333-8830-be6210d732bf" ],
        "x-ms-routing-request-id": [ "KOREACENTRAL:20230918T083921Z:76003960-e7a6-4333-8830-be6210d732bf" ],
        "Strict-Transport-Security": [ "max-age=31536000; includeSubDomains" ],
        "X-Content-Type-Options": [ "nosniff" ],
        "X-Cache": [ "CONFIG_NOCACHE" ],
        "X-MSEdge-Ref": [ "Ref A: 2B7D2D3B931B41D5B2BDD9F4579008DB Ref B: SEL221051504011 Ref C: 2023-09-18T08:39:14Z" ],
        "Date": [ "Mon, 18 Sep 2023 08:39:20 GMT" ]
      },
      "ContentHeaders": {
        "Content-Length": [ "352" ],
        "Content-Type": [ "application/json; charset=utf-8" ],
        "Expires": [ "-1" ]
      },
      "Content": "{\"id\":\"/subscriptions/326100e2-f69d-4268-8503-075374f62b6e/resourceGroups/resourceGroupAutoresta2s9gd/providers/Microsoft.EventHub/namespaces/namespaceNamed5orf8/authorizationRules/auth-rule9ld078\",\"name\":\"auth-rule9ld078\",\"type\":\"Microsoft.EventHub/Namespaces/AuthorizationRules\",\"location\":\"eastus\",\"properties\":{\"rights\":[\"Manage\",\"Send\",\"Listen\"]}}",
      "isContentBase64": false
    }
  },
  "Set-AzEventHubAuthorizationRule+[NoContext]+SetViaIdentityExpanded+$GET+https://management.azure.com/subscriptions/326100e2-f69d-4268-8503-075374f62b6e/resourceGroups/resourceGroupAutoresta2s9gd/providers/Microsoft.EventHub/namespaces/namespaceNamed5orf8/eventhubs/eventHub504uah/authorizationRules/auth-ruleirhsyq?api-version=2023-01-01-preview+4": {
    "Request": {
      "Method": "GET",
      "RequestUri": "https://management.azure.com/subscriptions/326100e2-f69d-4268-8503-075374f62b6e/resourceGroups/resourceGroupAutoresta2s9gd/providers/Microsoft.EventHub/namespaces/namespaceNamed5orf8/eventhubs/eventHub504uah/authorizationRules/auth-ruleirhsyq?api-version=2023-01-01-preview",
      "Content": null,
      "isContentBase64": false,
      "Headers": {
        "x-ms-unique-id": [ "284" ],
        "x-ms-client-request-id": [ "f785e470-a5fe-40a2-8982-294c2a0b67cb" ],
        "CommandName": [ "Az.EventHub.private\\Get-AzEventHubAuthorizationRule_Get" ],
        "FullCommandName": [ "Get-AzEventHubAuthorizationRule_Get" ],
        "ParameterSetName": [ "__AllParameterSets" ],
        "User-Agent": [ "AzurePowershell/v0.0.0", "PSVersion/v7.1.3", "Az.EventHub/0.1.0" ],
        "Authorization": [ "[Filtered]" ]
      },
      "ContentHeaders": {
      }
    },
    "Response": {
      "StatusCode": 200,
      "Headers": {
        "Cache-Control": [ "no-cache" ],
        "Pragma": [ "no-cache" ],
        "x-ms-ratelimit-remaining-subscription-reads": [ "11997" ],
        "x-ms-request-id": [ "6ae7051f-2150-4c34-b88d-2a05b7a7bafe" ],
        "x-ms-correlation-request-id": [ "6ae7051f-2150-4c34-b88d-2a05b7a7bafe" ],
        "x-ms-routing-request-id": [ "KOREACENTRAL:20230918T083922Z:6ae7051f-2150-4c34-b88d-2a05b7a7bafe" ],
        "Strict-Transport-Security": [ "max-age=31536000; includeSubDomains" ],
        "X-Content-Type-Options": [ "nosniff" ],
        "X-Cache": [ "CONFIG_NOCACHE" ],
        "X-MSEdge-Ref": [ "Ref A: C1E3268C89184B6C8352523EEE05E762 Ref B: SEL221051504011 Ref C: 2023-09-18T08:39:21Z" ],
        "Date": [ "Mon, 18 Sep 2023 08:39:22 GMT" ]
      },
      "ContentHeaders": {
        "Content-Length": [ "369" ],
        "Content-Type": [ "application/json; charset=utf-8" ],
        "Expires": [ "-1" ]
      },
      "Content": "{\"id\":\"/subscriptions/326100e2-f69d-4268-8503-075374f62b6e/resourcegroups/resourceGroupAutoresta2s9gd/providers/Microsoft.EventHub/namespaces/namespaceNamed5orf8/eventhubs/eventHub504uah/authorizationrules/auth-ruleirhsyq\",\"name\":\"auth-ruleirhsyq\",\"type\":\"Microsoft.EventHub/namespaces/eventhubs/authorizationrules\",\"location\":\"eastus\",\"properties\":{\"rights\":[\"Send\"]}}",
      "isContentBase64": false
    }
  },
  "Set-AzEventHubAuthorizationRule+[NoContext]+SetViaIdentityExpanded+$GET+https://management.azure.com/subscriptions/326100e2-f69d-4268-8503-075374f62b6e/resourceGroups/resourceGroupAutoresta2s9gd/providers/Microsoft.EventHub/namespaces/namespaceNamed5orf8/eventhubs/eventHub504uah/authorizationRules/auth-ruleirhsyq?api-version=2023-01-01-preview+5": {
    "Request": {
      "Method": "GET",
      "RequestUri": "https://management.azure.com/subscriptions/326100e2-f69d-4268-8503-075374f62b6e/resourceGroups/resourceGroupAutoresta2s9gd/providers/Microsoft.EventHub/namespaces/namespaceNamed5orf8/eventhubs/eventHub504uah/authorizationRules/auth-ruleirhsyq?api-version=2023-01-01-preview",
      "Content": null,
      "isContentBase64": false,
      "Headers": {
        "x-ms-unique-id": [ "285" ],
        "x-ms-client-request-id": [ "a259139d-f876-4989-83d5-5ce06edc0a8c" ],
        "CommandName": [ "Az.EventHub.private\\Get-AzEventHubAuthorizationRule_GetViaIdentity" ],
        "FullCommandName": [ "Get-AzEventHubAuthorizationRule_GetViaIdentity" ],
        "ParameterSetName": [ "__AllParameterSets" ],
        "User-Agent": [ "AzurePowershell/v0.0.0", "PSVersion/v7.1.3", "Az.EventHub/0.1.0" ],
        "Authorization": [ "[Filtered]" ]
      },
      "ContentHeaders": {
      }
    },
    "Response": {
      "StatusCode": 200,
      "Headers": {
        "Cache-Control": [ "no-cache" ],
        "Pragma": [ "no-cache" ],
        "x-ms-ratelimit-remaining-subscription-reads": [ "11994" ],
        "x-ms-request-id": [ "633dc574-16fb-440b-8b34-6de06324cbb1" ],
        "x-ms-correlation-request-id": [ "633dc574-16fb-440b-8b34-6de06324cbb1" ],
        "x-ms-routing-request-id": [ "KOREACENTRAL:20230918T083924Z:633dc574-16fb-440b-8b34-6de06324cbb1" ],
        "Strict-Transport-Security": [ "max-age=31536000; includeSubDomains" ],
        "X-Content-Type-Options": [ "nosniff" ],
        "X-Cache": [ "CONFIG_NOCACHE" ],
        "X-MSEdge-Ref": [ "Ref A: D362618CA56745869950045C9B15156A Ref B: SEL221051504011 Ref C: 2023-09-18T08:39:23Z" ],
        "Date": [ "Mon, 18 Sep 2023 08:39:24 GMT" ]
      },
      "ContentHeaders": {
        "Content-Length": [ "369" ],
        "Content-Type": [ "application/json; charset=utf-8" ],
        "Expires": [ "-1" ]
      },
      "Content": "{\"id\":\"/subscriptions/326100e2-f69d-4268-8503-075374f62b6e/resourcegroups/resourceGroupAutoresta2s9gd/providers/Microsoft.EventHub/namespaces/namespaceNamed5orf8/eventhubs/eventHub504uah/authorizationrules/auth-ruleirhsyq\",\"name\":\"auth-ruleirhsyq\",\"type\":\"Microsoft.EventHub/namespaces/eventhubs/authorizationrules\",\"location\":\"eastus\",\"properties\":{\"rights\":[\"Send\"]}}",
      "isContentBase64": false
    }
  },
  "Set-AzEventHubAuthorizationRule+[NoContext]+SetViaIdentityExpanded+$PUT+https://management.azure.com/subscriptions/326100e2-f69d-4268-8503-075374f62b6e/resourceGroups/resourceGroupAutoresta2s9gd/providers/Microsoft.EventHub/namespaces/namespaceNamed5orf8/eventhubs/eventHub504uah/authorizationRules/auth-ruleirhsyq?api-version=2023-01-01-preview+6": {
    "Request": {
      "Method": "PUT",
      "RequestUri": "https://management.azure.com/subscriptions/326100e2-f69d-4268-8503-075374f62b6e/resourceGroups/resourceGroupAutoresta2s9gd/providers/Microsoft.EventHub/namespaces/namespaceNamed5orf8/eventhubs/eventHub504uah/authorizationRules/auth-ruleirhsyq?api-version=2023-01-01-preview",
      "Content": "{\n  \"properties\": {\n    \"rights\": [ \"Manage\", \"Send\", \"Listen\" ]\n  }\n}",
      "isContentBase64": false,
      "Headers": {
      },
      "ContentHeaders": {
        "Content-Type": [ "application/json" ],
        "Content-Length": [ "70" ]
      }
    },
    "Response": {
      "StatusCode": 200,
      "Headers": {
        "Cache-Control": [ "no-cache" ],
        "Pragma": [ "no-cache" ],
        "x-ms-ratelimit-remaining-subscription-writes": [ "1197" ],
        "x-ms-request-id": [ "ce6ee52d-d3e0-4c46-8c43-6b8094f843d4" ],
        "x-ms-correlation-request-id": [ "ce6ee52d-d3e0-4c46-8c43-6b8094f843d4" ],
        "x-ms-routing-request-id": [ "KOREACENTRAL:20230918T083926Z:ce6ee52d-d3e0-4c46-8c43-6b8094f843d4" ],
        "Strict-Transport-Security": [ "max-age=31536000; includeSubDomains" ],
        "X-Content-Type-Options": [ "nosniff" ],
        "X-Cache": [ "CONFIG_NOCACHE" ],
        "X-MSEdge-Ref": [ "Ref A: 31FBE448FFC841829C428AC03E5A71B7 Ref B: SEL221051504011 Ref C: 2023-09-18T08:39:24Z" ],
        "Date": [ "Mon, 18 Sep 2023 08:39:25 GMT" ]
      },
      "ContentHeaders": {
        "Content-Length": [ "367" ],
        "Content-Type": [ "application/json; charset=utf-8" ],
        "Expires": [ "-1" ]
      },
      "Content": "{\"id\":\"/subscriptions/326100e2-f69d-4268-8503-075374f62b6e/resourceGroups/resourceGroupAutoresta2s9gd/providers/Microsoft.EventHub/namespaces/namespaceNamed5orf8/eventhubs/eventHub504uah/authorizationRules/auth-ruleirhsyq\",\"name\":\"auth-ruleirhsyq\",\"type\":\"Microsoft.EventHub/namespaces/eventhubs/authorizationrules\",\"properties\":{\"rights\":[\"Manage\",\"Send\",\"Listen\"]}}",
      "isContentBase64": false
    }
  }
}