{
  "AzPostgreSqlFlexibleServerFirewallRule+[NoContext]+ViaName+$PUT+https://management.azure.com/subscriptions/929287ae-832a-4946-8006-a6cc2a3f7244/resourceGroups/PostgreSqlTest/providers/Microsoft.DBforPostgreSQL/flexibleServers/postgresql-flexible-test-100/firewallRules/postgresqlrule01?api-version=2022-01-20-preview+1": {
    "Request": {
      "Method": "PUT",
      "RequestUri": "https://management.azure.com/subscriptions/929287ae-832a-4946-8006-a6cc2a3f7244/resourceGroups/PostgreSqlTest/providers/Microsoft.DBforPostgreSQL/flexibleServers/postgresql-flexible-test-100/firewallRules/postgresqlrule01?api-version=2022-01-20-preview",
      "Content": "{\r\n  \"properties\": {\r\n    \"startIpAddress\": \"0.0.0.0\",\r\n    \"endIpAddress\": \"0.0.0.1\"\r\n  }\r\n}",
      "isContentBase64": false,
      "Headers": {
      },
      "ContentHeaders": {
        "Content-Type": [ "application/json" ],
        "Content-Length": [ "93" ]
      }
    },
    "Response": {
      "StatusCode": 202,
      "Headers": {
        "Cache-Control": [ "no-cache" ],
        "Pragma": [ "no-cache" ],
        "Location": [ "https://management.azure.com/subscriptions/929287ae-832a-4946-8006-a6cc2a3f7244/providers/Microsoft.DBforPostgreSQL/locations/eastus/operationResults/412ff942-1d2c-4323-b2cd-999f1b43fa2e?api-version=2022-01-20-preview" ],
        "Retry-After": [ "60" ],
        "Azure-AsyncOperation": [ "https://management.azure.com/subscriptions/929287ae-832a-4946-8006-a6cc2a3f7244/providers/Microsoft.DBforPostgreSQL/locations/eastus/azureAsyncOperation/412ff942-1d2c-4323-b2cd-999f1b43fa2e?api-version=2022-01-20-preview" ],
        "X-Content-Type-Options": [ "nosniff" ],
        "x-ms-request-id": [ "412ff942-1d2c-4323-b2cd-999f1b43fa2e" ],
        "Server": [ "Microsoft-HTTPAPI/2.0" ],
        "x-ms-ratelimit-remaining-subscription-writes": [ "1199" ],
        "x-ms-correlation-request-id": [ "d0f42a1b-5e61-4983-875f-cf36fce84073" ],
        "x-ms-routing-request-id": [ "WESTCENTRALUS:20220817T031522Z:d0f42a1b-5e61-4983-875f-cf36fce84073" ],
        "Strict-Transport-Security": [ "max-age=31536000; includeSubDomains" ],
        "Date": [ "Wed, 17 Aug 2022 03:15:21 GMT" ]
      },
      "ContentHeaders": {
        "Content-Length": [ "99" ],
        "Content-Type": [ "application/json; charset=utf-8" ],
        "Expires": [ "-1" ]
      },
      "Content": "{\"operation\":\"UpsertServerFirewallRulesManagementOperation\",\"startTime\":\"2022-08-17T03:15:22.453Z\"}",
      "isContentBase64": false
    }
  },
  "AzPostgreSqlFlexibleServerFirewallRule+[NoContext]+ViaName+$GET+https://management.azure.com/subscriptions/929287ae-832a-4946-8006-a6cc2a3f7244/providers/Microsoft.DBforPostgreSQL/locations/eastus/azureAsyncOperation/412ff942-1d2c-4323-b2cd-999f1b43fa2e?api-version=2022-01-20-preview+2": {
    "Request": {
      "Method": "GET",
      "RequestUri": "https://management.azure.com/subscriptions/929287ae-832a-4946-8006-a6cc2a3f7244/providers/Microsoft.DBforPostgreSQL/locations/eastus/azureAsyncOperation/412ff942-1d2c-4323-b2cd-999f1b43fa2e?api-version=2022-01-20-preview",
      "Content": null,
      "isContentBase64": false,
      "Headers": {
        "Authorization": [ "[Filtered]" ],
        "x-ms-unique-id": [ "2" ],
        "x-ms-client-request-id": [ "6e6b7d1e-1400-456e-988e-3ac6ce5c6a43" ],
        "CommandName": [ "Az.PostgreSql.internal\\New-AzPostgreSqlFlexibleServerFirewallRule" ],
        "FullCommandName": [ "New-AzPostgreSqlFlexibleServerFirewallRule_CreateExpanded" ],
        "ParameterSetName": [ "__AllParameterSets" ],
        "User-Agent": [ "AzurePowershell/v0.0.0", "PSVersion/v7.2.6", "Az.PostgreSql/0.1.0" ]
      },
      "ContentHeaders": {
      }
    },
    "Response": {
      "StatusCode": 200,
      "Headers": {
        "Cache-Control": [ "no-cache" ],
        "Pragma": [ "no-cache" ],
        "Retry-After": [ "60" ],
        "X-Content-Type-Options": [ "nosniff" ],
        "x-ms-request-id": [ "217fdb40-5034-4151-85e4-a5c4446d4259" ],
        "Server": [ "Microsoft-HTTPAPI/2.0" ],
        "x-ms-ratelimit-remaining-subscription-reads": [ "11999" ],
        "x-ms-correlation-request-id": [ "503ebf39-1f6e-452d-bd8b-f3659405cdc0" ],
        "x-ms-routing-request-id": [ "WESTCENTRALUS:20220817T031622Z:503ebf39-1f6e-452d-bd8b-f3659405cdc0" ],
        "Strict-Transport-Security": [ "max-age=31536000; includeSubDomains" ],
        "Date": [ "Wed, 17 Aug 2022 03:16:22 GMT" ]
      },
      "ContentHeaders": {
        "Content-Length": [ "107" ],
        "Content-Type": [ "application/json; charset=utf-8" ],
        "Expires": [ "-1" ]
      },
      "Content": "{\"name\":\"412ff942-1d2c-4323-b2cd-999f1b43fa2e\",\"status\":\"Succeeded\",\"startTime\":\"2022-08-17T03:15:22.453Z\"}",
      "isContentBase64": false
    }
  },
  "AzPostgreSqlFlexibleServerFirewallRule+[NoContext]+ViaName+$GET+https://management.azure.com/subscriptions/929287ae-832a-4946-8006-a6cc2a3f7244/resourceGroups/PostgreSqlTest/providers/Microsoft.DBforPostgreSQL/flexibleServers/postgresql-flexible-test-100/firewallRules/postgresqlrule01?api-version=2022-01-20-preview+3": {
    "Request": {
      "Method": "GET",
      "RequestUri": "https://management.azure.com/subscriptions/929287ae-832a-4946-8006-a6cc2a3f7244/resourceGroups/PostgreSqlTest/providers/Microsoft.DBforPostgreSQL/flexibleServers/postgresql-flexible-test-100/firewallRules/postgresqlrule01?api-version=2022-01-20-preview",
      "Content": null,
      "isContentBase64": false,
      "Headers": {
        "Authorization": [ "[Filtered]" ],
        "x-ms-unique-id": [ "3" ],
        "x-ms-client-request-id": [ "6e6b7d1e-1400-456e-988e-3ac6ce5c6a43" ],
        "CommandName": [ "Az.PostgreSql.internal\\New-AzPostgreSqlFlexibleServerFirewallRule" ],
        "FullCommandName": [ "New-AzPostgreSqlFlexibleServerFirewallRule_CreateExpanded" ],
        "ParameterSetName": [ "__AllParameterSets" ],
        "User-Agent": [ "AzurePowershell/v0.0.0", "PSVersion/v7.2.6", "Az.PostgreSql/0.1.0" ]
      },
      "ContentHeaders": {
      }
    },
    "Response": {
      "StatusCode": 200,
      "Headers": {
        "Cache-Control": [ "no-cache" ],
        "Pragma": [ "no-cache" ],
        "X-Content-Type-Options": [ "nosniff" ],
        "x-ms-request-id": [ "2c90efd1-225b-4bda-a65c-1b8d16d145e2" ],
        "Server": [ "Microsoft-HTTPAPI/2.0" ],
        "x-ms-ratelimit-remaining-subscription-reads": [ "11998" ],
        "x-ms-correlation-request-id": [ "1abba957-02d2-40f3-b558-545e758ffaba" ],
        "x-ms-routing-request-id": [ "WESTCENTRALUS:20220817T031623Z:1abba957-02d2-40f3-b558-545e758ffaba" ],
        "Strict-Transport-Security": [ "max-age=31536000; includeSubDomains" ],
        "Date": [ "Wed, 17 Aug 2022 03:16:22 GMT" ]
      },
      "ContentHeaders": {
        "Content-Length": [ "360" ],
        "Content-Type": [ "application/json; charset=utf-8" ],
        "Expires": [ "-1" ]
      },
      "Content": "{\"properties\":{\"startIpAddress\":\"0.0.0.0\",\"endIpAddress\":\"0.0.0.1\"},\"id\":\"/subscriptions/929287ae-832a-4946-8006-a6cc2a3f7244/resourceGroups/PostgreSqlTest/providers/Microsoft.DBforPostgreSQL/flexibleServers/postgresql-flexible-test-100/firewallRules/postgresqlrule01\",\"name\":\"postgresqlrule01\",\"type\":\"Microsoft.DBforPostgreSQL/flexibleServers/firewallRules\"}",
      "isContentBase64": false
    }
  },
  "AzPostgreSqlFlexibleServerFirewallRule+[NoContext]+ViaName+$GET+https://management.azure.com/subscriptions/929287ae-832a-4946-8006-a6cc2a3f7244/resourceGroups/PostgreSqlTest/providers/Microsoft.DBforPostgreSQL/flexibleServers/postgresql-flexible-test-100/firewallRules/postgresqlrule01?api-version=2022-01-20-preview+4": {
    "Request": {
      "Method": "GET",
      "RequestUri": "https://management.azure.com/subscriptions/929287ae-832a-4946-8006-a6cc2a3f7244/resourceGroups/PostgreSqlTest/providers/Microsoft.DBforPostgreSQL/flexibleServers/postgresql-flexible-test-100/firewallRules/postgresqlrule01?api-version=2022-01-20-preview",
      "Content": null,
      "isContentBase64": false,
      "Headers": {
        "x-ms-unique-id": [ "4" ],
        "x-ms-client-request-id": [ "af9fda6e-ff19-49aa-9bd1-109ce9c0baba" ],
        "CommandName": [ "Get-AzPostgreSqlFlexibleServerFirewallRule" ],
        "FullCommandName": [ "Get-AzPostgreSqlFlexibleServerFirewallRule_Get" ],
        "ParameterSetName": [ "__AllParameterSets" ],
        "User-Agent": [ "AzurePowershell/v0.0.0", "PSVersion/v7.2.6", "Az.PostgreSql/0.1.0" ],
        "Authorization": [ "[Filtered]" ]
      },
      "ContentHeaders": {
      }
    },
    "Response": {
      "StatusCode": 200,
      "Headers": {
        "Cache-Control": [ "no-cache" ],
        "Pragma": [ "no-cache" ],
        "X-Content-Type-Options": [ "nosniff" ],
        "x-ms-request-id": [ "cfecb4ef-9e38-401e-9d8c-6356e7765b89" ],
        "Server": [ "Microsoft-HTTPAPI/2.0" ],
        "x-ms-ratelimit-remaining-subscription-reads": [ "11997" ],
        "x-ms-correlation-request-id": [ "674fe4eb-295a-419b-8e20-6cc3583ff937" ],
        "x-ms-routing-request-id": [ "WESTCENTRALUS:20220817T031626Z:674fe4eb-295a-419b-8e20-6cc3583ff937" ],
        "Strict-Transport-Security": [ "max-age=31536000; includeSubDomains" ],
        "Date": [ "Wed, 17 Aug 2022 03:16:25 GMT" ]
      },
      "ContentHeaders": {
        "Content-Length": [ "360" ],
        "Content-Type": [ "application/json; charset=utf-8" ],
        "Expires": [ "-1" ]
      },
      "Content": "{\"properties\":{\"startIpAddress\":\"0.0.0.0\",\"endIpAddress\":\"0.0.0.1\"},\"id\":\"/subscriptions/929287ae-832a-4946-8006-a6cc2a3f7244/resourceGroups/PostgreSqlTest/providers/Microsoft.DBforPostgreSQL/flexibleServers/postgresql-flexible-test-100/firewallRules/postgresqlrule01\",\"name\":\"postgresqlrule01\",\"type\":\"Microsoft.DBforPostgreSQL/flexibleServers/firewallRules\"}",
      "isContentBase64": false
    }
  },
  "AzPostgreSqlFlexibleServerFirewallRule+[NoContext]+ViaName+$PUT+https://management.azure.com/subscriptions/929287ae-832a-4946-8006-a6cc2a3f7244/resourceGroups/PostgreSqlTest/providers/Microsoft.DBforPostgreSQL/flexibleServers/postgresql-flexible-test-100/firewallRules/postgresqlrule01?api-version=2022-01-20-preview+5": {
    "Request": {
      "Method": "PUT",
      "RequestUri": "https://management.azure.com/subscriptions/929287ae-832a-4946-8006-a6cc2a3f7244/resourceGroups/PostgreSqlTest/providers/Microsoft.DBforPostgreSQL/flexibleServers/postgresql-flexible-test-100/firewallRules/postgresqlrule01?api-version=2022-01-20-preview",
      "Content": "{\r\n  \"properties\": {\r\n    \"startIpAddress\": \"0.0.0.2\",\r\n    \"endIpAddress\": \"0.0.0.3\"\r\n  }\r\n}",
      "isContentBase64": false,
      "Headers": {
      },
      "ContentHeaders": {
        "Content-Type": [ "application/json" ],
        "Content-Length": [ "93" ]
      }
    },
    "Response": {
      "StatusCode": 202,
      "Headers": {
        "Cache-Control": [ "no-cache" ],
        "Pragma": [ "no-cache" ],
        "Location": [ "https://management.azure.com/subscriptions/929287ae-832a-4946-8006-a6cc2a3f7244/providers/Microsoft.DBforPostgreSQL/locations/eastus/operationResults/37d39025-fc4b-4ba4-9e7c-915367b2ea56?api-version=2022-01-20-preview" ],
        "Retry-After": [ "60" ],
        "Azure-AsyncOperation": [ "https://management.azure.com/subscriptions/929287ae-832a-4946-8006-a6cc2a3f7244/providers/Microsoft.DBforPostgreSQL/locations/eastus/azureAsyncOperation/37d39025-fc4b-4ba4-9e7c-915367b2ea56?api-version=2022-01-20-preview" ],
        "X-Content-Type-Options": [ "nosniff" ],
        "x-ms-request-id": [ "37d39025-fc4b-4ba4-9e7c-915367b2ea56" ],
        "Server": [ "Microsoft-HTTPAPI/2.0" ],
        "x-ms-ratelimit-remaining-subscription-writes": [ "1198" ],
        "x-ms-correlation-request-id": [ "8935054a-2e57-43fe-93de-3fe67206cbf5" ],
        "x-ms-routing-request-id": [ "WESTCENTRALUS:20220817T031626Z:8935054a-2e57-43fe-93de-3fe67206cbf5" ],
        "Strict-Transport-Security": [ "max-age=31536000; includeSubDomains" ],
        "Date": [ "Wed, 17 Aug 2022 03:16:26 GMT" ]
      },
      "ContentHeaders": {
        "Content-Length": [ "99" ],
        "Content-Type": [ "application/json; charset=utf-8" ],
        "Expires": [ "-1" ]
      },
      "Content": "{\"operation\":\"UpsertServerFirewallRulesManagementOperation\",\"startTime\":\"2022-08-17T03:16:26.633Z\"}",
      "isContentBase64": false
    }
  },
  "AzPostgreSqlFlexibleServerFirewallRule+[NoContext]+ViaName+$GET+https://management.azure.com/subscriptions/929287ae-832a-4946-8006-a6cc2a3f7244/providers/Microsoft.DBforPostgreSQL/locations/eastus/azureAsyncOperation/37d39025-fc4b-4ba4-9e7c-915367b2ea56?api-version=2022-01-20-preview+6": {
    "Request": {
      "Method": "GET",
      "RequestUri": "https://management.azure.com/subscriptions/929287ae-832a-4946-8006-a6cc2a3f7244/providers/Microsoft.DBforPostgreSQL/locations/eastus/azureAsyncOperation/37d39025-fc4b-4ba4-9e7c-915367b2ea56?api-version=2022-01-20-preview",
      "Content": null,
      "isContentBase64": false,
      "Headers": {
        "Authorization": [ "[Filtered]" ],
        "x-ms-unique-id": [ "6" ],
        "x-ms-client-request-id": [ "c2777ffd-3877-4f79-84e1-43cbcf0cdec1" ],
        "CommandName": [ "Az.PostgreSql.internal\\Update-AzPostgreSqlFlexibleServerFirewallRule" ],
        "FullCommandName": [ "Update-AzPostgreSqlFlexibleServerFirewallRule_UpdateExpanded" ],
        "ParameterSetName": [ "__AllParameterSets" ],
        "User-Agent": [ "AzurePowershell/v0.0.0", "PSVersion/v7.2.6", "Az.PostgreSql/0.1.0" ]
      },
      "ContentHeaders": {
      }
    },
    "Response": {
      "StatusCode": 200,
      "Headers": {
        "Cache-Control": [ "no-cache" ],
        "Pragma": [ "no-cache" ],
        "Retry-After": [ "60" ],
        "X-Content-Type-Options": [ "nosniff" ],
        "x-ms-request-id": [ "07e9f33e-4f16-4ba4-99a1-94f3eebe3dd2" ],
        "Server": [ "Microsoft-HTTPAPI/2.0" ],
        "x-ms-ratelimit-remaining-subscription-reads": [ "11996" ],
        "x-ms-correlation-request-id": [ "0240ee74-5de2-4b07-a988-d6536a6fdc59" ],
        "x-ms-routing-request-id": [ "WESTCENTRALUS:20220817T031727Z:0240ee74-5de2-4b07-a988-d6536a6fdc59" ],
        "Strict-Transport-Security": [ "max-age=31536000; includeSubDomains" ],
        "Date": [ "Wed, 17 Aug 2022 03:17:26 GMT" ]
      },
      "ContentHeaders": {
        "Content-Length": [ "107" ],
        "Content-Type": [ "application/json; charset=utf-8" ],
        "Expires": [ "-1" ]
      },
      "Content": "{\"name\":\"37d39025-fc4b-4ba4-9e7c-915367b2ea56\",\"status\":\"Succeeded\",\"startTime\":\"2022-08-17T03:16:26.633Z\"}",
      "isContentBase64": false
    }
  },
  "AzPostgreSqlFlexibleServerFirewallRule+[NoContext]+ViaName+$GET+https://management.azure.com/subscriptions/929287ae-832a-4946-8006-a6cc2a3f7244/resourceGroups/PostgreSqlTest/providers/Microsoft.DBforPostgreSQL/flexibleServers/postgresql-flexible-test-100/firewallRules/postgresqlrule01?api-version=2022-01-20-preview+7": {
    "Request": {
      "Method": "GET",
      "RequestUri": "https://management.azure.com/subscriptions/929287ae-832a-4946-8006-a6cc2a3f7244/resourceGroups/PostgreSqlTest/providers/Microsoft.DBforPostgreSQL/flexibleServers/postgresql-flexible-test-100/firewallRules/postgresqlrule01?api-version=2022-01-20-preview",
      "Content": null,
      "isContentBase64": false,
      "Headers": {
        "Authorization": [ "[Filtered]" ],
        "x-ms-unique-id": [ "7" ],
        "x-ms-client-request-id": [ "c2777ffd-3877-4f79-84e1-43cbcf0cdec1" ],
        "CommandName": [ "Az.PostgreSql.internal\\Update-AzPostgreSqlFlexibleServerFirewallRule" ],
        "FullCommandName": [ "Update-AzPostgreSqlFlexibleServerFirewallRule_UpdateExpanded" ],
        "ParameterSetName": [ "__AllParameterSets" ],
        "User-Agent": [ "AzurePowershell/v0.0.0", "PSVersion/v7.2.6", "Az.PostgreSql/0.1.0" ]
      },
      "ContentHeaders": {
      }
    },
    "Response": {
      "StatusCode": 200,
      "Headers": {
        "Cache-Control": [ "no-cache" ],
        "Pragma": [ "no-cache" ],
        "X-Content-Type-Options": [ "nosniff" ],
        "x-ms-request-id": [ "67792eb2-c175-4b8e-9a74-dd6e09163c57" ],
        "Server": [ "Microsoft-HTTPAPI/2.0" ],
        "x-ms-ratelimit-remaining-subscription-reads": [ "11995" ],
        "x-ms-correlation-request-id": [ "a018b0a0-b73b-4177-8029-736fe5598b9c" ],
        "x-ms-routing-request-id": [ "WESTCENTRALUS:20220817T031727Z:a018b0a0-b73b-4177-8029-736fe5598b9c" ],
        "Strict-Transport-Security": [ "max-age=31536000; includeSubDomains" ],
        "Date": [ "Wed, 17 Aug 2022 03:17:26 GMT" ]
      },
      "ContentHeaders": {
        "Content-Length": [ "360" ],
        "Content-Type": [ "application/json; charset=utf-8" ],
        "Expires": [ "-1" ]
      },
      "Content": "{\"properties\":{\"startIpAddress\":\"0.0.0.2\",\"endIpAddress\":\"0.0.0.3\"},\"id\":\"/subscriptions/929287ae-832a-4946-8006-a6cc2a3f7244/resourceGroups/PostgreSqlTest/providers/Microsoft.DBforPostgreSQL/flexibleServers/postgresql-flexible-test-100/firewallRules/postgresqlrule01\",\"name\":\"postgresqlrule01\",\"type\":\"Microsoft.DBforPostgreSQL/flexibleServers/firewallRules\"}",
      "isContentBase64": false
    }
  },
  "AzPostgreSqlFlexibleServerFirewallRule+[NoContext]+ViaName+$GET+https://management.azure.com/subscriptions/929287ae-832a-4946-8006-a6cc2a3f7244/resourceGroups/PostgreSqlTest/providers/Microsoft.DBforPostgreSQL/flexibleServers/postgresql-flexible-test-100/firewallRules?api-version=2022-01-20-preview+8": {
    "Request": {
      "Method": "GET",
      "RequestUri": "https://management.azure.com/subscriptions/929287ae-832a-4946-8006-a6cc2a3f7244/resourceGroups/PostgreSqlTest/providers/Microsoft.DBforPostgreSQL/flexibleServers/postgresql-flexible-test-100/firewallRules?api-version=2022-01-20-preview",
      "Content": null,
      "isContentBase64": false,
      "Headers": {
        "x-ms-unique-id": [ "8" ],
        "x-ms-client-request-id": [ "82b5e9b2-f522-4ed9-a4d1-0815414a23d6" ],
        "CommandName": [ "Get-AzPostgreSqlFlexibleServerFirewallRule" ],
        "FullCommandName": [ "Get-AzPostgreSqlFlexibleServerFirewallRule_List" ],
        "ParameterSetName": [ "__AllParameterSets" ],
        "User-Agent": [ "AzurePowershell/v0.0.0", "PSVersion/v7.2.6", "Az.PostgreSql/0.1.0" ],
        "Authorization": [ "[Filtered]" ]
      },
      "ContentHeaders": {
      }
    },
    "Response": {
      "StatusCode": 200,
      "Headers": {
        "Cache-Control": [ "no-cache" ],
        "Pragma": [ "no-cache" ],
        "X-Content-Type-Options": [ "nosniff" ],
        "x-ms-request-id": [ "4fde1433-a36a-47a6-bd00-54cd626fdda4" ],
        "Server": [ "Microsoft-HTTPAPI/2.0" ],
        "x-ms-ratelimit-remaining-subscription-reads": [ "11994" ],
        "x-ms-correlation-request-id": [ "f6dd5679-2bc2-4429-b027-35d92c8d8b88" ],
        "x-ms-routing-request-id": [ "WESTCENTRALUS:20220817T031727Z:f6dd5679-2bc2-4429-b027-35d92c8d8b88" ],
        "Strict-Transport-Security": [ "max-age=31536000; includeSubDomains" ],
        "Date": [ "Wed, 17 Aug 2022 03:17:27 GMT" ]
      },
      "ContentHeaders": {
        "Content-Length": [ "372" ],
        "Content-Type": [ "application/json; charset=utf-8" ],
        "Expires": [ "-1" ]
      },
      "Content": "{\"value\":[{\"properties\":{\"startIpAddress\":\"0.0.0.2\",\"endIpAddress\":\"0.0.0.3\"},\"id\":\"/subscriptions/929287ae-832a-4946-8006-a6cc2a3f7244/resourceGroups/PostgreSqlTest/providers/Microsoft.DBforPostgreSQL/flexibleServers/postgresql-flexible-test-100/firewallRules/postgresqlrule01\",\"name\":\"postgresqlrule01\",\"type\":\"Microsoft.DBforPostgreSQL/flexibleServers/firewallRules\"}]}",
      "isContentBase64": false
    }
  },
  "AzPostgreSqlFlexibleServerFirewallRule+[NoContext]+ViaName+$DELETE+https://management.azure.com/subscriptions/929287ae-832a-4946-8006-a6cc2a3f7244/resourceGroups/PostgreSqlTest/providers/Microsoft.DBforPostgreSQL/flexibleServers/postgresql-flexible-test-100/firewallRules/postgresqlrule01?api-version=2022-01-20-preview+9": {
    "Request": {
      "Method": "DELETE",
      "RequestUri": "https://management.azure.com/subscriptions/929287ae-832a-4946-8006-a6cc2a3f7244/resourceGroups/PostgreSqlTest/providers/Microsoft.DBforPostgreSQL/flexibleServers/postgresql-flexible-test-100/firewallRules/postgresqlrule01?api-version=2022-01-20-preview",
      "Content": null,
      "isContentBase64": false,
      "Headers": {
        "x-ms-unique-id": [ "9" ],
        "x-ms-client-request-id": [ "a1daef07-7fee-4827-b90e-e938b14513e1" ],
        "CommandName": [ "Remove-AzPostgreSqlFlexibleServerFirewallRule" ],
        "FullCommandName": [ "Remove-AzPostgreSqlFlexibleServerFirewallRule_Delete" ],
        "ParameterSetName": [ "__AllParameterSets" ],
        "User-Agent": [ "AzurePowershell/v0.0.0", "PSVersion/v7.2.6", "Az.PostgreSql/0.1.0" ],
        "Authorization": [ "[Filtered]" ]
      },
      "ContentHeaders": {
      }
    },
    "Response": {
      "StatusCode": 202,
      "Headers": {
        "Cache-Control": [ "no-cache" ],
        "Pragma": [ "no-cache" ],
        "Location": [ "https://management.azure.com/subscriptions/929287ae-832a-4946-8006-a6cc2a3f7244/providers/Microsoft.DBforPostgreSQL/locations/eastus/operationResults/8969bee0-faca-497a-be80-296250f2c951?api-version=2022-01-20-preview" ],
        "Retry-After": [ "60" ],
        "Azure-AsyncOperation": [ "https://management.azure.com/subscriptions/929287ae-832a-4946-8006-a6cc2a3f7244/providers/Microsoft.DBforPostgreSQL/locations/eastus/azureAsyncOperation/8969bee0-faca-497a-be80-296250f2c951?api-version=2022-01-20-preview" ],
        "X-Content-Type-Options": [ "nosniff" ],
        "x-ms-request-id": [ "8969bee0-faca-497a-be80-296250f2c951" ],
        "Server": [ "Microsoft-HTTPAPI/2.0" ],
        "x-ms-ratelimit-remaining-subscription-deletes": [ "14999" ],
        "x-ms-correlation-request-id": [ "6c373ff9-f25b-444c-a99a-c4207dbb1265" ],
        "x-ms-routing-request-id": [ "WESTCENTRALUS:20220817T031728Z:6c373ff9-f25b-444c-a99a-c4207dbb1265" ],
        "Strict-Transport-Security": [ "max-age=31536000; includeSubDomains" ],
        "Date": [ "Wed, 17 Aug 2022 03:17:27 GMT" ]
      },
      "ContentHeaders": {
        "Content-Length": [ "97" ],
        "Content-Type": [ "application/json; charset=utf-8" ],
        "Expires": [ "-1" ]
      },
      "Content": "{\"operation\":\"DropServerFirewallRulesManagementOperation\",\"startTime\":\"2022-08-17T03:17:28.153Z\"}",
      "isContentBase64": false
    }
  },
  "AzPostgreSqlFlexibleServerFirewallRule+[NoContext]+ViaName+$GET+https://management.azure.com/subscriptions/929287ae-832a-4946-8006-a6cc2a3f7244/providers/Microsoft.DBforPostgreSQL/locations/eastus/azureAsyncOperation/8969bee0-faca-497a-be80-296250f2c951?api-version=2022-01-20-preview+10": {
    "Request": {
      "Method": "GET",
      "RequestUri": "https://management.azure.com/subscriptions/929287ae-832a-4946-8006-a6cc2a3f7244/providers/Microsoft.DBforPostgreSQL/locations/eastus/azureAsyncOperation/8969bee0-faca-497a-be80-296250f2c951?api-version=2022-01-20-preview",
      "Content": null,
      "isContentBase64": false,
      "Headers": {
        "Authorization": [ "[Filtered]" ],
        "x-ms-unique-id": [ "10" ],
        "x-ms-client-request-id": [ "a1daef07-7fee-4827-b90e-e938b14513e1" ],
        "CommandName": [ "Remove-AzPostgreSqlFlexibleServerFirewallRule" ],
        "FullCommandName": [ "Remove-AzPostgreSqlFlexibleServerFirewallRule_Delete" ],
        "ParameterSetName": [ "__AllParameterSets" ],
        "User-Agent": [ "AzurePowershell/v0.0.0", "PSVersion/v7.2.6", "Az.PostgreSql/0.1.0" ]
      },
      "ContentHeaders": {
      }
    },
    "Response": {
      "StatusCode": 200,
      "Headers": {
        "Cache-Control": [ "no-cache" ],
        "Pragma": [ "no-cache" ],
        "Retry-After": [ "60" ],
        "X-Content-Type-Options": [ "nosniff" ],
        "x-ms-request-id": [ "c8b6e08c-86fb-43ff-af33-ca7eebde7b7f" ],
        "Server": [ "Microsoft-HTTPAPI/2.0" ],
        "x-ms-ratelimit-remaining-subscription-reads": [ "11993" ],
        "x-ms-correlation-request-id": [ "94146711-fc59-494a-a861-8c9d78c8eedd" ],
        "x-ms-routing-request-id": [ "WESTCENTRALUS:20220817T031828Z:94146711-fc59-494a-a861-8c9d78c8eedd" ],
        "Strict-Transport-Security": [ "max-age=31536000; includeSubDomains" ],
        "Date": [ "Wed, 17 Aug 2022 03:18:28 GMT" ]
      },
      "ContentHeaders": {
        "Content-Length": [ "107" ],
        "Content-Type": [ "application/json; charset=utf-8" ],
        "Expires": [ "-1" ]
      },
      "Content": "{\"name\":\"8969bee0-faca-497a-be80-296250f2c951\",\"status\":\"Succeeded\",\"startTime\":\"2022-08-17T03:17:28.153Z\"}",
      "isContentBase64": false
    }
  },
  "AzPostgreSqlFlexibleServerFirewallRule+[NoContext]+ViaName+$GET+https://management.azure.com/subscriptions/929287ae-832a-4946-8006-a6cc2a3f7244/providers/Microsoft.DBforPostgreSQL/locations/eastus/operationResults/8969bee0-faca-497a-be80-296250f2c951?api-version=2022-01-20-preview+11": {
    "Request": {
      "Method": "GET",
      "RequestUri": "https://management.azure.com/subscriptions/929287ae-832a-4946-8006-a6cc2a3f7244/providers/Microsoft.DBforPostgreSQL/locations/eastus/operationResults/8969bee0-faca-497a-be80-296250f2c951?api-version=2022-01-20-preview",
      "Content": null,
      "isContentBase64": false,
      "Headers": {
        "Authorization": [ "[Filtered]" ],
        "x-ms-unique-id": [ "11" ],
        "x-ms-client-request-id": [ "a1daef07-7fee-4827-b90e-e938b14513e1" ],
        "CommandName": [ "Remove-AzPostgreSqlFlexibleServerFirewallRule" ],
        "FullCommandName": [ "Remove-AzPostgreSqlFlexibleServerFirewallRule_Delete" ],
        "ParameterSetName": [ "__AllParameterSets" ],
        "User-Agent": [ "AzurePowershell/v0.0.0", "PSVersion/v7.2.6", "Az.PostgreSql/0.1.0" ]
      },
      "ContentHeaders": {
      }
    },
    "Response": {
      "StatusCode": 200,
      "Headers": {
        "Cache-Control": [ "no-cache" ],
        "Pragma": [ "no-cache" ],
        "X-Content-Type-Options": [ "nosniff" ],
        "x-ms-request-id": [ "ae734e30-7c2f-48d9-a600-1b8cf75da211" ],
        "Server": [ "Microsoft-HTTPAPI/2.0" ],
        "x-ms-ratelimit-remaining-subscription-reads": [ "11992" ],
        "x-ms-correlation-request-id": [ "0c45bab0-1dbe-4bad-9bd3-f198fee5a8d8" ],
        "x-ms-routing-request-id": [ "WESTCENTRALUS:20220817T031828Z:0c45bab0-1dbe-4bad-9bd3-f198fee5a8d8" ],
        "Strict-Transport-Security": [ "max-age=31536000; includeSubDomains" ],
        "Date": [ "Wed, 17 Aug 2022 03:18:28 GMT" ]
      },
      "ContentHeaders": {
        "Expires": [ "-1" ],
        "Content-Length": [ "0" ]
      },
      "Content": null,
      "isContentBase64": false
    }
  },
  "AzPostgreSqlFlexibleServerFirewallRule+[NoContext]+ViaName+$PUT+https://management.azure.com/subscriptions/929287ae-832a-4946-8006-a6cc2a3f7244/resourceGroups/PostgreSqlTest/providers/Microsoft.DBforPostgreSQL/flexibleServers/postgresql-flexible-test-100/firewallRules/postgresqlrule01?api-version=2022-01-20-preview+12": {
    "Request": {
      "Method": "PUT",
      "RequestUri": "https://management.azure.com/subscriptions/929287ae-832a-4946-8006-a6cc2a3f7244/resourceGroups/PostgreSqlTest/providers/Microsoft.DBforPostgreSQL/flexibleServers/postgresql-flexible-test-100/firewallRules/postgresqlrule01?api-version=2022-01-20-preview",
      "Content": "{\r\n  \"properties\": {\r\n    \"startIpAddress\": \"0.0.0.1\",\r\n    \"endIpAddress\": \"0.0.0.1\"\r\n  }\r\n}",
      "isContentBase64": false,
      "Headers": {
      },
      "ContentHeaders": {
        "Content-Type": [ "application/json" ],
        "Content-Length": [ "93" ]
      }
    },
    "Response": {
      "StatusCode": 202,
      "Headers": {
        "Cache-Control": [ "no-cache" ],
        "Pragma": [ "no-cache" ],
        "Location": [ "https://management.azure.com/subscriptions/929287ae-832a-4946-8006-a6cc2a3f7244/providers/Microsoft.DBforPostgreSQL/locations/eastus/operationResults/564ddfec-872e-4374-9310-1db5666bf76d?api-version=2022-01-20-preview" ],
        "Retry-After": [ "60" ],
        "Azure-AsyncOperation": [ "https://management.azure.com/subscriptions/929287ae-832a-4946-8006-a6cc2a3f7244/providers/Microsoft.DBforPostgreSQL/locations/eastus/azureAsyncOperation/564ddfec-872e-4374-9310-1db5666bf76d?api-version=2022-01-20-preview" ],
        "X-Content-Type-Options": [ "nosniff" ],
        "x-ms-request-id": [ "564ddfec-872e-4374-9310-1db5666bf76d" ],
        "Server": [ "Microsoft-HTTPAPI/2.0" ],
        "x-ms-ratelimit-remaining-subscription-writes": [ "1197" ],
        "x-ms-correlation-request-id": [ "242b5981-eeb8-47e7-991a-133c58131784" ],
        "x-ms-routing-request-id": [ "WESTCENTRALUS:20220817T031829Z:242b5981-eeb8-47e7-991a-133c58131784" ],
        "Strict-Transport-Security": [ "max-age=31536000; includeSubDomains" ],
        "Date": [ "Wed, 17 Aug 2022 03:18:29 GMT" ]
      },
      "ContentHeaders": {
        "Content-Length": [ "98" ],
        "Content-Type": [ "application/json; charset=utf-8" ],
        "Expires": [ "-1" ]
      },
      "Content": "{\"operation\":\"UpsertServerFirewallRulesManagementOperation\",\"startTime\":\"2022-08-17T03:18:29.15Z\"}",
      "isContentBase64": false
    }
  },
  "AzPostgreSqlFlexibleServerFirewallRule+[NoContext]+ViaName+$GET+https://management.azure.com/subscriptions/929287ae-832a-4946-8006-a6cc2a3f7244/providers/Microsoft.DBforPostgreSQL/locations/eastus/azureAsyncOperation/564ddfec-872e-4374-9310-1db5666bf76d?api-version=2022-01-20-preview+13": {
    "Request": {
      "Method": "GET",
      "RequestUri": "https://management.azure.com/subscriptions/929287ae-832a-4946-8006-a6cc2a3f7244/providers/Microsoft.DBforPostgreSQL/locations/eastus/azureAsyncOperation/564ddfec-872e-4374-9310-1db5666bf76d?api-version=2022-01-20-preview",
      "Content": null,
      "isContentBase64": false,
      "Headers": {
        "Authorization": [ "[Filtered]" ],
        "x-ms-unique-id": [ "13" ],
        "x-ms-client-request-id": [ "02fcca71-8afd-48c2-bb49-893b5793872b" ],
        "CommandName": [ "Az.PostgreSql.internal\\New-AzPostgreSqlFlexibleServerFirewallRule" ],
        "FullCommandName": [ "New-AzPostgreSqlFlexibleServerFirewallRule_CreateExpanded" ],
        "ParameterSetName": [ "__AllParameterSets" ],
        "User-Agent": [ "AzurePowershell/v0.0.0", "PSVersion/v7.2.6", "Az.PostgreSql/0.1.0" ]
      },
      "ContentHeaders": {
      }
    },
    "Response": {
      "StatusCode": 200,
      "Headers": {
        "Cache-Control": [ "no-cache" ],
        "Pragma": [ "no-cache" ],
        "Retry-After": [ "60" ],
        "X-Content-Type-Options": [ "nosniff" ],
        "x-ms-request-id": [ "f6013378-bea4-4477-a1e9-86aa798eb928" ],
        "Server": [ "Microsoft-HTTPAPI/2.0" ],
        "x-ms-ratelimit-remaining-subscription-reads": [ "11991" ],
        "x-ms-correlation-request-id": [ "0d399dcd-abef-4f71-82b2-36f0aa0d6334" ],
        "x-ms-routing-request-id": [ "WESTCENTRALUS:20220817T031929Z:0d399dcd-abef-4f71-82b2-36f0aa0d6334" ],
        "Strict-Transport-Security": [ "max-age=31536000; includeSubDomains" ],
        "Date": [ "Wed, 17 Aug 2022 03:19:29 GMT" ]
      },
      "ContentHeaders": {
        "Content-Length": [ "106" ],
        "Content-Type": [ "application/json; charset=utf-8" ],
        "Expires": [ "-1" ]
      },
      "Content": "{\"name\":\"564ddfec-872e-4374-9310-1db5666bf76d\",\"status\":\"Succeeded\",\"startTime\":\"2022-08-17T03:18:29.15Z\"}",
      "isContentBase64": false
    }
  },
  "AzPostgreSqlFlexibleServerFirewallRule+[NoContext]+ViaName+$GET+https://management.azure.com/subscriptions/929287ae-832a-4946-8006-a6cc2a3f7244/resourceGroups/PostgreSqlTest/providers/Microsoft.DBforPostgreSQL/flexibleServers/postgresql-flexible-test-100/firewallRules/postgresqlrule01?api-version=2022-01-20-preview+14": {
    "Request": {
      "Method": "GET",
      "RequestUri": "https://management.azure.com/subscriptions/929287ae-832a-4946-8006-a6cc2a3f7244/resourceGroups/PostgreSqlTest/providers/Microsoft.DBforPostgreSQL/flexibleServers/postgresql-flexible-test-100/firewallRules/postgresqlrule01?api-version=2022-01-20-preview",
      "Content": null,
      "isContentBase64": false,
      "Headers": {
        "Authorization": [ "[Filtered]" ],
        "x-ms-unique-id": [ "14" ],
        "x-ms-client-request-id": [ "02fcca71-8afd-48c2-bb49-893b5793872b" ],
        "CommandName": [ "Az.PostgreSql.internal\\New-AzPostgreSqlFlexibleServerFirewallRule" ],
        "FullCommandName": [ "New-AzPostgreSqlFlexibleServerFirewallRule_CreateExpanded" ],
        "ParameterSetName": [ "__AllParameterSets" ],
        "User-Agent": [ "AzurePowershell/v0.0.0", "PSVersion/v7.2.6", "Az.PostgreSql/0.1.0" ]
      },
      "ContentHeaders": {
      }
    },
    "Response": {
      "StatusCode": 200,
      "Headers": {
        "Cache-Control": [ "no-cache" ],
        "Pragma": [ "no-cache" ],
        "X-Content-Type-Options": [ "nosniff" ],
        "x-ms-request-id": [ "d0677f11-8faf-4124-badd-0c27926810a2" ],
        "Server": [ "Microsoft-HTTPAPI/2.0" ],
        "x-ms-ratelimit-remaining-subscription-reads": [ "11990" ],
        "x-ms-correlation-request-id": [ "3a6350d8-0954-4046-8df8-182dd4f138f8" ],
        "x-ms-routing-request-id": [ "WESTCENTRALUS:20220817T031929Z:3a6350d8-0954-4046-8df8-182dd4f138f8" ],
        "Strict-Transport-Security": [ "max-age=31536000; includeSubDomains" ],
        "Date": [ "Wed, 17 Aug 2022 03:19:29 GMT" ]
      },
      "ContentHeaders": {
        "Content-Length": [ "360" ],
        "Content-Type": [ "application/json; charset=utf-8" ],
        "Expires": [ "-1" ]
      },
      "Content": "{\"properties\":{\"startIpAddress\":\"0.0.0.1\",\"endIpAddress\":\"0.0.0.1\"},\"id\":\"/subscriptions/929287ae-832a-4946-8006-a6cc2a3f7244/resourceGroups/PostgreSqlTest/providers/Microsoft.DBforPostgreSQL/flexibleServers/postgresql-flexible-test-100/firewallRules/postgresqlrule01\",\"name\":\"postgresqlrule01\",\"type\":\"Microsoft.DBforPostgreSQL/flexibleServers/firewallRules\"}",
      "isContentBase64": false
    }
  },
  "AzPostgreSqlFlexibleServerFirewallRule+[NoContext]+ViaName+$GET+https://management.azure.com/subscriptions/929287ae-832a-4946-8006-a6cc2a3f7244/resourceGroups/PostgreSqlTest/providers/Microsoft.DBforPostgreSQL/flexibleServers/postgresql-flexible-test-100/firewallRules/postgresqlrule01?api-version=2022-01-20-preview+15": {
    "Request": {
      "Method": "GET",
      "RequestUri": "https://management.azure.com/subscriptions/929287ae-832a-4946-8006-a6cc2a3f7244/resourceGroups/PostgreSqlTest/providers/Microsoft.DBforPostgreSQL/flexibleServers/postgresql-flexible-test-100/firewallRules/postgresqlrule01?api-version=2022-01-20-preview",
      "Content": null,
      "isContentBase64": false,
      "Headers": {
        "x-ms-unique-id": [ "15" ],
        "x-ms-client-request-id": [ "852e04da-4373-4b58-bba8-9f05b1762170" ],
        "CommandName": [ "Get-AzPostgreSqlFlexibleServerFirewallRule" ],
        "FullCommandName": [ "Get-AzPostgreSqlFlexibleServerFirewallRule_Get" ],
        "ParameterSetName": [ "__AllParameterSets" ],
        "User-Agent": [ "AzurePowershell/v0.0.0", "PSVersion/v7.2.6", "Az.PostgreSql/0.1.0" ],
        "Authorization": [ "[Filtered]" ]
      },
      "ContentHeaders": {
      }
    },
    "Response": {
      "StatusCode": 200,
      "Headers": {
        "Cache-Control": [ "no-cache" ],
        "Pragma": [ "no-cache" ],
        "X-Content-Type-Options": [ "nosniff" ],
        "x-ms-request-id": [ "448b8fa3-1251-445f-a895-05e8068a473d" ],
        "Server": [ "Microsoft-HTTPAPI/2.0" ],
        "x-ms-ratelimit-remaining-subscription-reads": [ "11989" ],
        "x-ms-correlation-request-id": [ "8af8c053-22cb-4a6f-94ce-07d957e21e0e" ],
        "x-ms-routing-request-id": [ "WESTCENTRALUS:20220817T031930Z:8af8c053-22cb-4a6f-94ce-07d957e21e0e" ],
        "Strict-Transport-Security": [ "max-age=31536000; includeSubDomains" ],
        "Date": [ "Wed, 17 Aug 2022 03:19:29 GMT" ]
      },
      "ContentHeaders": {
        "Content-Length": [ "360" ],
        "Content-Type": [ "application/json; charset=utf-8" ],
        "Expires": [ "-1" ]
      },
      "Content": "{\"properties\":{\"startIpAddress\":\"0.0.0.1\",\"endIpAddress\":\"0.0.0.1\"},\"id\":\"/subscriptions/929287ae-832a-4946-8006-a6cc2a3f7244/resourceGroups/PostgreSqlTest/providers/Microsoft.DBforPostgreSQL/flexibleServers/postgresql-flexible-test-100/firewallRules/postgresqlrule01\",\"name\":\"postgresqlrule01\",\"type\":\"Microsoft.DBforPostgreSQL/flexibleServers/firewallRules\"}",
      "isContentBase64": false
    }
  },
  "AzPostgreSqlFlexibleServerFirewallRule+[NoContext]+ViaName+$DELETE+https://management.azure.com/subscriptions/929287ae-832a-4946-8006-a6cc2a3f7244/resourceGroups/PostgreSqlTest/providers/Microsoft.DBforPostgreSQL/flexibleServers/postgresql-flexible-test-100/firewallRules/postgresqlrule01?api-version=2022-01-20-preview+16": {
    "Request": {
      "Method": "DELETE",
      "RequestUri": "https://management.azure.com/subscriptions/929287ae-832a-4946-8006-a6cc2a3f7244/resourceGroups/PostgreSqlTest/providers/Microsoft.DBforPostgreSQL/flexibleServers/postgresql-flexible-test-100/firewallRules/postgresqlrule01?api-version=2022-01-20-preview",
      "Content": null,
      "isContentBase64": false,
      "Headers": {
        "x-ms-unique-id": [ "16" ],
        "x-ms-client-request-id": [ "9b75f6c4-41b6-44cd-a9f8-4a21374e1470" ],
        "CommandName": [ "Remove-AzPostgreSqlFlexibleServerFirewallRule" ],
        "FullCommandName": [ "Remove-AzPostgreSqlFlexibleServerFirewallRule_Delete" ],
        "ParameterSetName": [ "__AllParameterSets" ],
        "User-Agent": [ "AzurePowershell/v0.0.0", "PSVersion/v7.2.6", "Az.PostgreSql/0.1.0" ],
        "Authorization": [ "[Filtered]" ]
      },
      "ContentHeaders": {
      }
    },
    "Response": {
      "StatusCode": 202,
      "Headers": {
        "Cache-Control": [ "no-cache" ],
        "Pragma": [ "no-cache" ],
        "Location": [ "https://management.azure.com/subscriptions/929287ae-832a-4946-8006-a6cc2a3f7244/providers/Microsoft.DBforPostgreSQL/locations/eastus/operationResults/71f89c22-092a-4960-bf24-587a3e9956a1?api-version=2022-01-20-preview" ],
        "Retry-After": [ "60" ],
        "Azure-AsyncOperation": [ "https://management.azure.com/subscriptions/929287ae-832a-4946-8006-a6cc2a3f7244/providers/Microsoft.DBforPostgreSQL/locations/eastus/azureAsyncOperation/71f89c22-092a-4960-bf24-587a3e9956a1?api-version=2022-01-20-preview" ],
        "X-Content-Type-Options": [ "nosniff" ],
        "x-ms-request-id": [ "71f89c22-092a-4960-bf24-587a3e9956a1" ],
        "Server": [ "Microsoft-HTTPAPI/2.0" ],
        "x-ms-ratelimit-remaining-subscription-deletes": [ "14998" ],
        "x-ms-correlation-request-id": [ "2367c5fb-95d6-4132-8379-bdc6a92c1c0b" ],
        "x-ms-routing-request-id": [ "WESTCENTRALUS:20220817T031930Z:2367c5fb-95d6-4132-8379-bdc6a92c1c0b" ],
        "Strict-Transport-Security": [ "max-age=31536000; includeSubDomains" ],
        "Date": [ "Wed, 17 Aug 2022 03:19:30 GMT" ]
      },
      "ContentHeaders": {
        "Content-Length": [ "97" ],
        "Content-Type": [ "application/json; charset=utf-8" ],
        "Expires": [ "-1" ]
      },
      "Content": "{\"operation\":\"DropServerFirewallRulesManagementOperation\",\"startTime\":\"2022-08-17T03:19:30.387Z\"}",
      "isContentBase64": false
    }
  },
  "AzPostgreSqlFlexibleServerFirewallRule+[NoContext]+ViaName+$GET+https://management.azure.com/subscriptions/929287ae-832a-4946-8006-a6cc2a3f7244/providers/Microsoft.DBforPostgreSQL/locations/eastus/azureAsyncOperation/71f89c22-092a-4960-bf24-587a3e9956a1?api-version=2022-01-20-preview+17": {
    "Request": {
      "Method": "GET",
      "RequestUri": "https://management.azure.com/subscriptions/929287ae-832a-4946-8006-a6cc2a3f7244/providers/Microsoft.DBforPostgreSQL/locations/eastus/azureAsyncOperation/71f89c22-092a-4960-bf24-587a3e9956a1?api-version=2022-01-20-preview",
      "Content": null,
      "isContentBase64": false,
      "Headers": {
        "Authorization": [ "[Filtered]" ],
        "x-ms-unique-id": [ "17" ],
        "x-ms-client-request-id": [ "9b75f6c4-41b6-44cd-a9f8-4a21374e1470" ],
        "CommandName": [ "Remove-AzPostgreSqlFlexibleServerFirewallRule" ],
        "FullCommandName": [ "Remove-AzPostgreSqlFlexibleServerFirewallRule_Delete" ],
        "ParameterSetName": [ "__AllParameterSets" ],
        "User-Agent": [ "AzurePowershell/v0.0.0", "PSVersion/v7.2.6", "Az.PostgreSql/0.1.0" ]
      },
      "ContentHeaders": {
      }
    },
    "Response": {
      "StatusCode": 200,
      "Headers": {
        "Cache-Control": [ "no-cache" ],
        "Pragma": [ "no-cache" ],
        "Retry-After": [ "60" ],
        "X-Content-Type-Options": [ "nosniff" ],
        "x-ms-request-id": [ "da601092-89da-484e-8a8c-740d2de8e9b9" ],
        "Server": [ "Microsoft-HTTPAPI/2.0" ],
        "x-ms-ratelimit-remaining-subscription-reads": [ "11988" ],
        "x-ms-correlation-request-id": [ "a0db890e-4ac8-4016-98be-904c859ddd9e" ],
        "x-ms-routing-request-id": [ "WESTCENTRALUS:20220817T032030Z:a0db890e-4ac8-4016-98be-904c859ddd9e" ],
        "Strict-Transport-Security": [ "max-age=31536000; includeSubDomains" ],
        "Date": [ "Wed, 17 Aug 2022 03:20:30 GMT" ]
      },
      "ContentHeaders": {
        "Content-Length": [ "107" ],
        "Content-Type": [ "application/json; charset=utf-8" ],
        "Expires": [ "-1" ]
      },
      "Content": "{\"name\":\"71f89c22-092a-4960-bf24-587a3e9956a1\",\"status\":\"Succeeded\",\"startTime\":\"2022-08-17T03:19:30.387Z\"}",
      "isContentBase64": false
    }
  },
  "AzPostgreSqlFlexibleServerFirewallRule+[NoContext]+ViaName+$GET+https://management.azure.com/subscriptions/929287ae-832a-4946-8006-a6cc2a3f7244/providers/Microsoft.DBforPostgreSQL/locations/eastus/operationResults/71f89c22-092a-4960-bf24-587a3e9956a1?api-version=2022-01-20-preview+18": {
    "Request": {
      "Method": "GET",
      "RequestUri": "https://management.azure.com/subscriptions/929287ae-832a-4946-8006-a6cc2a3f7244/providers/Microsoft.DBforPostgreSQL/locations/eastus/operationResults/71f89c22-092a-4960-bf24-587a3e9956a1?api-version=2022-01-20-preview",
      "Content": null,
      "isContentBase64": false,
      "Headers": {
        "Authorization": [ "[Filtered]" ],
        "x-ms-unique-id": [ "18" ],
        "x-ms-client-request-id": [ "9b75f6c4-41b6-44cd-a9f8-4a21374e1470" ],
        "CommandName": [ "Remove-AzPostgreSqlFlexibleServerFirewallRule" ],
        "FullCommandName": [ "Remove-AzPostgreSqlFlexibleServerFirewallRule_Delete" ],
        "ParameterSetName": [ "__AllParameterSets" ],
        "User-Agent": [ "AzurePowershell/v0.0.0", "PSVersion/v7.2.6", "Az.PostgreSql/0.1.0" ]
      },
      "ContentHeaders": {
      }
    },
    "Response": {
      "StatusCode": 200,
      "Headers": {
        "Cache-Control": [ "no-cache" ],
        "Pragma": [ "no-cache" ],
        "X-Content-Type-Options": [ "nosniff" ],
        "x-ms-request-id": [ "6df55d97-40bf-475d-be28-a8140b15b7b8" ],
        "Server": [ "Microsoft-HTTPAPI/2.0" ],
        "x-ms-ratelimit-remaining-subscription-reads": [ "11987" ],
        "x-ms-correlation-request-id": [ "0191cc1e-9258-437d-a5b2-4beb5e696079" ],
        "x-ms-routing-request-id": [ "WESTCENTRALUS:20220817T032030Z:0191cc1e-9258-437d-a5b2-4beb5e696079" ],
        "Strict-Transport-Security": [ "max-age=31536000; includeSubDomains" ],
        "Date": [ "Wed, 17 Aug 2022 03:20:30 GMT" ]
      },
      "ContentHeaders": {
        "Expires": [ "-1" ],
        "Content-Length": [ "0" ]
      },
      "Content": null,
      "isContentBase64": false
    }
  },
  "AzPostgreSqlFlexibleServerFirewallRule+[NoContext]+ViaIdentity+$PUT+https://management.azure.com/subscriptions/929287ae-832a-4946-8006-a6cc2a3f7244/resourceGroups/PostgreSqlTest/providers/Microsoft.DBforPostgreSQL/flexibleServers/postgresql-flexible-test-100/firewallRules/postgresqlrule01?api-version=2022-01-20-preview+1": {
    "Request": {
      "Method": "PUT",
      "RequestUri": "https://management.azure.com/subscriptions/929287ae-832a-4946-8006-a6cc2a3f7244/resourceGroups/PostgreSqlTest/providers/Microsoft.DBforPostgreSQL/flexibleServers/postgresql-flexible-test-100/firewallRules/postgresqlrule01?api-version=2022-01-20-preview",
      "Content": "{\r\n  \"properties\": {\r\n    \"startIpAddress\": \"0.0.0.0\",\r\n    \"endIpAddress\": \"255.255.255.255\"\r\n  }\r\n}",
      "isContentBase64": false,
      "Headers": {
      },
      "ContentHeaders": {
        "Content-Type": [ "application/json" ],
        "Content-Length": [ "101" ]
      }
    },
    "Response": {
      "StatusCode": 202,
      "Headers": {
        "Cache-Control": [ "no-cache" ],
        "Pragma": [ "no-cache" ],
        "Location": [ "https://management.azure.com/subscriptions/929287ae-832a-4946-8006-a6cc2a3f7244/providers/Microsoft.DBforPostgreSQL/locations/eastus/operationResults/e451e7d2-3b94-4e0f-abc7-311d8c036767?api-version=2022-01-20-preview" ],
        "Retry-After": [ "60" ],
        "Azure-AsyncOperation": [ "https://management.azure.com/subscriptions/929287ae-832a-4946-8006-a6cc2a3f7244/providers/Microsoft.DBforPostgreSQL/locations/eastus/azureAsyncOperation/e451e7d2-3b94-4e0f-abc7-311d8c036767?api-version=2022-01-20-preview" ],
        "X-Content-Type-Options": [ "nosniff" ],
        "x-ms-request-id": [ "e451e7d2-3b94-4e0f-abc7-311d8c036767" ],
        "Server": [ "Microsoft-HTTPAPI/2.0" ],
        "x-ms-ratelimit-remaining-subscription-writes": [ "1196" ],
        "x-ms-correlation-request-id": [ "ee9458c1-bc1f-4d10-9d56-c8aabf9186be" ],
        "x-ms-routing-request-id": [ "WESTCENTRALUS:20220817T032031Z:ee9458c1-bc1f-4d10-9d56-c8aabf9186be" ],
        "Strict-Transport-Security": [ "max-age=31536000; includeSubDomains" ],
        "Date": [ "Wed, 17 Aug 2022 03:20:30 GMT" ]
      },
      "ContentHeaders": {
        "Content-Length": [ "98" ],
        "Content-Type": [ "application/json; charset=utf-8" ],
        "Expires": [ "-1" ]
      },
      "Content": "{\"operation\":\"UpsertServerFirewallRulesManagementOperation\",\"startTime\":\"2022-08-17T03:20:31.36Z\"}",
      "isContentBase64": false
    }
  },
  "AzPostgreSqlFlexibleServerFirewallRule+[NoContext]+ViaIdentity+$GET+https://management.azure.com/subscriptions/929287ae-832a-4946-8006-a6cc2a3f7244/providers/Microsoft.DBforPostgreSQL/locations/eastus/azureAsyncOperation/e451e7d2-3b94-4e0f-abc7-311d8c036767?api-version=2022-01-20-preview+2": {
    "Request": {
      "Method": "GET",
      "RequestUri": "https://management.azure.com/subscriptions/929287ae-832a-4946-8006-a6cc2a3f7244/providers/Microsoft.DBforPostgreSQL/locations/eastus/azureAsyncOperation/e451e7d2-3b94-4e0f-abc7-311d8c036767?api-version=2022-01-20-preview",
      "Content": null,
      "isContentBase64": false,
      "Headers": {
        "Authorization": [ "[Filtered]" ],
        "x-ms-unique-id": [ "20" ],
        "x-ms-client-request-id": [ "3b411926-903a-4f3a-b44f-ff3a3f51fcea" ],
        "CommandName": [ "Az.PostgreSql.internal\\New-AzPostgreSqlFlexibleServerFirewallRule" ],
        "FullCommandName": [ "New-AzPostgreSqlFlexibleServerFirewallRule_CreateExpanded" ],
        "ParameterSetName": [ "__AllParameterSets" ],
        "User-Agent": [ "AzurePowershell/v0.0.0", "PSVersion/v7.2.6", "Az.PostgreSql/0.1.0" ]
      },
      "ContentHeaders": {
      }
    },
    "Response": {
      "StatusCode": 200,
      "Headers": {
        "Cache-Control": [ "no-cache" ],
        "Pragma": [ "no-cache" ],
        "Retry-After": [ "60" ],
        "X-Content-Type-Options": [ "nosniff" ],
        "x-ms-request-id": [ "c576aedf-f19f-4b39-83e7-c86f0bf4418f" ],
        "Server": [ "Microsoft-HTTPAPI/2.0" ],
        "x-ms-ratelimit-remaining-subscription-reads": [ "11986" ],
        "x-ms-correlation-request-id": [ "dc6cf574-1543-45a7-ab28-e89eb3710d45" ],
        "x-ms-routing-request-id": [ "WESTCENTRALUS:20220817T032131Z:dc6cf574-1543-45a7-ab28-e89eb3710d45" ],
        "Strict-Transport-Security": [ "max-age=31536000; includeSubDomains" ],
        "Date": [ "Wed, 17 Aug 2022 03:21:31 GMT" ]
      },
      "ContentHeaders": {
        "Content-Length": [ "106" ],
        "Content-Type": [ "application/json; charset=utf-8" ],
        "Expires": [ "-1" ]
      },
      "Content": "{\"name\":\"e451e7d2-3b94-4e0f-abc7-311d8c036767\",\"status\":\"Succeeded\",\"startTime\":\"2022-08-17T03:20:31.36Z\"}",
      "isContentBase64": false
    }
  },
  "AzPostgreSqlFlexibleServerFirewallRule+[NoContext]+ViaIdentity+$GET+https://management.azure.com/subscriptions/929287ae-832a-4946-8006-a6cc2a3f7244/resourceGroups/PostgreSqlTest/providers/Microsoft.DBforPostgreSQL/flexibleServers/postgresql-flexible-test-100/firewallRules/postgresqlrule01?api-version=2022-01-20-preview+3": {
    "Request": {
      "Method": "GET",
      "RequestUri": "https://management.azure.com/subscriptions/929287ae-832a-4946-8006-a6cc2a3f7244/resourceGroups/PostgreSqlTest/providers/Microsoft.DBforPostgreSQL/flexibleServers/postgresql-flexible-test-100/firewallRules/postgresqlrule01?api-version=2022-01-20-preview",
      "Content": null,
      "isContentBase64": false,
      "Headers": {
        "Authorization": [ "[Filtered]" ],
        "x-ms-unique-id": [ "21" ],
        "x-ms-client-request-id": [ "3b411926-903a-4f3a-b44f-ff3a3f51fcea" ],
        "CommandName": [ "Az.PostgreSql.internal\\New-AzPostgreSqlFlexibleServerFirewallRule" ],
        "FullCommandName": [ "New-AzPostgreSqlFlexibleServerFirewallRule_CreateExpanded" ],
        "ParameterSetName": [ "__AllParameterSets" ],
        "User-Agent": [ "AzurePowershell/v0.0.0", "PSVersion/v7.2.6", "Az.PostgreSql/0.1.0" ]
      },
      "ContentHeaders": {
      }
    },
    "Response": {
      "StatusCode": 200,
      "Headers": {
        "Cache-Control": [ "no-cache" ],
        "Pragma": [ "no-cache" ],
        "X-Content-Type-Options": [ "nosniff" ],
        "x-ms-request-id": [ "f583086a-1aea-4281-851e-637b1c8a9867" ],
        "Server": [ "Microsoft-HTTPAPI/2.0" ],
        "x-ms-ratelimit-remaining-subscription-reads": [ "11985" ],
        "x-ms-correlation-request-id": [ "76a2eb31-a3ac-45f8-960d-59b111ac53e2" ],
        "x-ms-routing-request-id": [ "WESTCENTRALUS:20220817T032131Z:76a2eb31-a3ac-45f8-960d-59b111ac53e2" ],
        "Strict-Transport-Security": [ "max-age=31536000; includeSubDomains" ],
        "Date": [ "Wed, 17 Aug 2022 03:21:31 GMT" ]
      },
      "ContentHeaders": {
        "Content-Length": [ "368" ],
        "Content-Type": [ "application/json; charset=utf-8" ],
        "Expires": [ "-1" ]
      },
      "Content": "{\"properties\":{\"startIpAddress\":\"0.0.0.0\",\"endIpAddress\":\"255.255.255.255\"},\"id\":\"/subscriptions/929287ae-832a-4946-8006-a6cc2a3f7244/resourceGroups/PostgreSqlTest/providers/Microsoft.DBforPostgreSQL/flexibleServers/postgresql-flexible-test-100/firewallRules/postgresqlrule01\",\"name\":\"postgresqlrule01\",\"type\":\"Microsoft.DBforPostgreSQL/flexibleServers/firewallRules\"}",
      "isContentBase64": false
    }
  },
  "AzPostgreSqlFlexibleServerFirewallRule+[NoContext]+ViaIdentity+$GET+https://management.azure.com/subscriptions/929287ae-832a-4946-8006-a6cc2a3f7244/resourceGroups/PostgreSqlTest/providers/Microsoft.DBforPostgreSQL/flexibleServers/postgresql-flexible-test-100/firewallRules/postgresqlrule01?api-version=2022-01-20-preview+4": {
    "Request": {
      "Method": "GET",
      "RequestUri": "https://management.azure.com/subscriptions/929287ae-832a-4946-8006-a6cc2a3f7244/resourceGroups/PostgreSqlTest/providers/Microsoft.DBforPostgreSQL/flexibleServers/postgresql-flexible-test-100/firewallRules/postgresqlrule01?api-version=2022-01-20-preview",
      "Content": null,
      "isContentBase64": false,
      "Headers": {
        "x-ms-unique-id": [ "22" ],
        "x-ms-client-request-id": [ "6b6e53d7-22aa-4249-bfe7-c2c87da928ff" ],
        "CommandName": [ "Get-AzPostgreSqlFlexibleServerFirewallRule" ],
        "FullCommandName": [ "Get-AzPostgreSqlFlexibleServerFirewallRule_GetViaIdentity" ],
        "ParameterSetName": [ "__AllParameterSets" ],
        "User-Agent": [ "AzurePowershell/v0.0.0", "PSVersion/v7.2.6", "Az.PostgreSql/0.1.0" ],
        "Authorization": [ "[Filtered]" ]
      },
      "ContentHeaders": {
      }
    },
    "Response": {
      "StatusCode": 200,
      "Headers": {
        "Cache-Control": [ "no-cache" ],
        "Pragma": [ "no-cache" ],
        "X-Content-Type-Options": [ "nosniff" ],
        "x-ms-request-id": [ "8ff66ae9-f68c-4e86-bf76-e2c14c75dca6" ],
        "Server": [ "Microsoft-HTTPAPI/2.0" ],
        "x-ms-ratelimit-remaining-subscription-reads": [ "11984" ],
        "x-ms-correlation-request-id": [ "8e1365ac-1810-4563-9a0d-19e9b6bd8fcb" ],
        "x-ms-routing-request-id": [ "WESTCENTRALUS:20220817T032132Z:8e1365ac-1810-4563-9a0d-19e9b6bd8fcb" ],
        "Strict-Transport-Security": [ "max-age=31536000; includeSubDomains" ],
        "Date": [ "Wed, 17 Aug 2022 03:21:32 GMT" ]
      },
      "ContentHeaders": {
        "Content-Length": [ "368" ],
        "Content-Type": [ "application/json; charset=utf-8" ],
        "Expires": [ "-1" ]
      },
      "Content": "{\"properties\":{\"startIpAddress\":\"0.0.0.0\",\"endIpAddress\":\"255.255.255.255\"},\"id\":\"/subscriptions/929287ae-832a-4946-8006-a6cc2a3f7244/resourceGroups/PostgreSqlTest/providers/Microsoft.DBforPostgreSQL/flexibleServers/postgresql-flexible-test-100/firewallRules/postgresqlrule01\",\"name\":\"postgresqlrule01\",\"type\":\"Microsoft.DBforPostgreSQL/flexibleServers/firewallRules\"}",
      "isContentBase64": false
    }
  },
  "AzPostgreSqlFlexibleServerFirewallRule+[NoContext]+ViaIdentity+$PUT+https://management.azure.com/subscriptions/929287ae-832a-4946-8006-a6cc2a3f7244/resourceGroups/PostgreSqlTest/providers/Microsoft.DBforPostgreSQL/flexibleServers/postgresql-flexible-test-100/firewallRules/postgresqlrule01?api-version=2022-01-20-preview+5": {
    "Request": {
      "Method": "PUT",
      "RequestUri": "https://management.azure.com/subscriptions/929287ae-832a-4946-8006-a6cc2a3f7244/resourceGroups/PostgreSqlTest/providers/Microsoft.DBforPostgreSQL/flexibleServers/postgresql-flexible-test-100/firewallRules/postgresqlrule01?api-version=2022-01-20-preview",
      "Content": "{\r\n  \"properties\": {\r\n    \"startIpAddress\": \"0.0.0.2\",\r\n    \"endIpAddress\": \"0.0.0.2\"\r\n  }\r\n}",
      "isContentBase64": false,
      "Headers": {
      },
      "ContentHeaders": {
        "Content-Type": [ "application/json" ],
        "Content-Length": [ "93" ]
      }
    },
    "Response": {
      "StatusCode": 202,
      "Headers": {
        "Cache-Control": [ "no-cache" ],
        "Pragma": [ "no-cache" ],
        "Location": [ "https://management.azure.com/subscriptions/929287ae-832a-4946-8006-a6cc2a3f7244/providers/Microsoft.DBforPostgreSQL/locations/eastus/operationResults/d2dda174-e282-4e6a-a7f0-b385a06b3ed6?api-version=2022-01-20-preview" ],
        "Retry-After": [ "60" ],
        "Azure-AsyncOperation": [ "https://management.azure.com/subscriptions/929287ae-832a-4946-8006-a6cc2a3f7244/providers/Microsoft.DBforPostgreSQL/locations/eastus/azureAsyncOperation/d2dda174-e282-4e6a-a7f0-b385a06b3ed6?api-version=2022-01-20-preview" ],
        "X-Content-Type-Options": [ "nosniff" ],
        "x-ms-request-id": [ "d2dda174-e282-4e6a-a7f0-b385a06b3ed6" ],
        "Server": [ "Microsoft-HTTPAPI/2.0" ],
        "x-ms-ratelimit-remaining-subscription-writes": [ "1195" ],
        "x-ms-correlation-request-id": [ "52845f49-00c5-4f79-9646-83231bb709e4" ],
        "x-ms-routing-request-id": [ "WESTCENTRALUS:20220817T032132Z:52845f49-00c5-4f79-9646-83231bb709e4" ],
        "Strict-Transport-Security": [ "max-age=31536000; includeSubDomains" ],
        "Date": [ "Wed, 17 Aug 2022 03:21:32 GMT" ]
      },
      "ContentHeaders": {
        "Content-Length": [ "98" ],
        "Content-Type": [ "application/json; charset=utf-8" ],
        "Expires": [ "-1" ]
      },
      "Content": "{\"operation\":\"UpsertServerFirewallRulesManagementOperation\",\"startTime\":\"2022-08-17T03:21:32.59Z\"}",
      "isContentBase64": false
    }
  },
  "AzPostgreSqlFlexibleServerFirewallRule+[NoContext]+ViaIdentity+$GET+https://management.azure.com/subscriptions/929287ae-832a-4946-8006-a6cc2a3f7244/providers/Microsoft.DBforPostgreSQL/locations/eastus/azureAsyncOperation/d2dda174-e282-4e6a-a7f0-b385a06b3ed6?api-version=2022-01-20-preview+6": {
    "Request": {
      "Method": "GET",
      "RequestUri": "https://management.azure.com/subscriptions/929287ae-832a-4946-8006-a6cc2a3f7244/providers/Microsoft.DBforPostgreSQL/locations/eastus/azureAsyncOperation/d2dda174-e282-4e6a-a7f0-b385a06b3ed6?api-version=2022-01-20-preview",
      "Content": null,
      "isContentBase64": false,
      "Headers": {
        "Authorization": [ "[Filtered]" ],
        "x-ms-unique-id": [ "24" ],
        "x-ms-client-request-id": [ "90857df3-bc22-4913-afff-2aded46b4638" ],
        "CommandName": [ "Az.PostgreSql.internal\\Update-AzPostgreSqlFlexibleServerFirewallRule" ],
        "FullCommandName": [ "Update-AzPostgreSqlFlexibleServerFirewallRule_UpdateViaIdentityExpanded" ],
        "ParameterSetName": [ "__AllParameterSets" ],
        "User-Agent": [ "AzurePowershell/v0.0.0", "PSVersion/v7.2.6", "Az.PostgreSql/0.1.0" ]
      },
      "ContentHeaders": {
      }
    },
    "Response": {
      "StatusCode": 200,
      "Headers": {
        "Cache-Control": [ "no-cache" ],
        "Pragma": [ "no-cache" ],
        "Retry-After": [ "60" ],
        "X-Content-Type-Options": [ "nosniff" ],
        "x-ms-request-id": [ "6188214f-9655-4129-8f81-5ed2a351d4cc" ],
        "Server": [ "Microsoft-HTTPAPI/2.0" ],
        "x-ms-ratelimit-remaining-subscription-reads": [ "11983" ],
        "x-ms-correlation-request-id": [ "ccdb783d-4767-475b-8a83-4688c9fad1ac" ],
        "x-ms-routing-request-id": [ "WESTCENTRALUS:20220817T032233Z:ccdb783d-4767-475b-8a83-4688c9fad1ac" ],
        "Strict-Transport-Security": [ "max-age=31536000; includeSubDomains" ],
        "Date": [ "Wed, 17 Aug 2022 03:22:32 GMT" ]
      },
      "ContentHeaders": {
        "Content-Length": [ "106" ],
        "Content-Type": [ "application/json; charset=utf-8" ],
        "Expires": [ "-1" ]
      },
      "Content": "{\"name\":\"d2dda174-e282-4e6a-a7f0-b385a06b3ed6\",\"status\":\"Succeeded\",\"startTime\":\"2022-08-17T03:21:32.59Z\"}",
      "isContentBase64": false
    }
  },
  "AzPostgreSqlFlexibleServerFirewallRule+[NoContext]+ViaIdentity+$GET+https://management.azure.com/subscriptions/929287ae-832a-4946-8006-a6cc2a3f7244/resourceGroups/PostgreSqlTest/providers/Microsoft.DBforPostgreSQL/flexibleServers/postgresql-flexible-test-100/firewallRules/postgresqlrule01?api-version=2022-01-20-preview+7": {
    "Request": {
      "Method": "GET",
      "RequestUri": "https://management.azure.com/subscriptions/929287ae-832a-4946-8006-a6cc2a3f7244/resourceGroups/PostgreSqlTest/providers/Microsoft.DBforPostgreSQL/flexibleServers/postgresql-flexible-test-100/firewallRules/postgresqlrule01?api-version=2022-01-20-preview",
      "Content": null,
      "isContentBase64": false,
      "Headers": {
        "Authorization": [ "[Filtered]" ],
        "x-ms-unique-id": [ "25" ],
        "x-ms-client-request-id": [ "90857df3-bc22-4913-afff-2aded46b4638" ],
        "CommandName": [ "Az.PostgreSql.internal\\Update-AzPostgreSqlFlexibleServerFirewallRule" ],
        "FullCommandName": [ "Update-AzPostgreSqlFlexibleServerFirewallRule_UpdateViaIdentityExpanded" ],
        "ParameterSetName": [ "__AllParameterSets" ],
        "User-Agent": [ "AzurePowershell/v0.0.0", "PSVersion/v7.2.6", "Az.PostgreSql/0.1.0" ]
      },
      "ContentHeaders": {
      }
    },
    "Response": {
      "StatusCode": 200,
      "Headers": {
        "Cache-Control": [ "no-cache" ],
        "Pragma": [ "no-cache" ],
        "X-Content-Type-Options": [ "nosniff" ],
        "x-ms-request-id": [ "4de1729a-c892-4f41-a62b-42f64d618ee6" ],
        "Server": [ "Microsoft-HTTPAPI/2.0" ],
        "x-ms-ratelimit-remaining-subscription-reads": [ "11982" ],
        "x-ms-correlation-request-id": [ "8c8ba82d-f408-4339-acf0-4a76c3441f56" ],
        "x-ms-routing-request-id": [ "WESTCENTRALUS:20220817T032233Z:8c8ba82d-f408-4339-acf0-4a76c3441f56" ],
        "Strict-Transport-Security": [ "max-age=31536000; includeSubDomains" ],
        "Date": [ "Wed, 17 Aug 2022 03:22:32 GMT" ]
      },
      "ContentHeaders": {
        "Content-Length": [ "360" ],
        "Content-Type": [ "application/json; charset=utf-8" ],
        "Expires": [ "-1" ]
      },
      "Content": "{\"properties\":{\"startIpAddress\":\"0.0.0.2\",\"endIpAddress\":\"0.0.0.2\"},\"id\":\"/subscriptions/929287ae-832a-4946-8006-a6cc2a3f7244/resourceGroups/PostgreSqlTest/providers/Microsoft.DBforPostgreSQL/flexibleServers/postgresql-flexible-test-100/firewallRules/postgresqlrule01\",\"name\":\"postgresqlrule01\",\"type\":\"Microsoft.DBforPostgreSQL/flexibleServers/firewallRules\"}",
      "isContentBase64": false
    }
  },
  "AzPostgreSqlFlexibleServerFirewallRule+[NoContext]+ViaIdentity+$DELETE+https://management.azure.com/subscriptions/929287ae-832a-4946-8006-a6cc2a3f7244/resourceGroups/PostgreSqlTest/providers/Microsoft.DBforPostgreSQL/flexibleServers/postgresql-flexible-test-100/firewallRules/postgresqlrule01?api-version=2022-01-20-preview+8": {
    "Request": {
      "Method": "DELETE",
      "RequestUri": "https://management.azure.com/subscriptions/929287ae-832a-4946-8006-a6cc2a3f7244/resourceGroups/PostgreSqlTest/providers/Microsoft.DBforPostgreSQL/flexibleServers/postgresql-flexible-test-100/firewallRules/postgresqlrule01?api-version=2022-01-20-preview",
      "Content": null,
      "isContentBase64": false,
      "Headers": {
        "x-ms-unique-id": [ "26" ],
        "x-ms-client-request-id": [ "6712d8fb-5dc8-42aa-b197-6ce3db159907" ],
        "CommandName": [ "Remove-AzPostgreSqlFlexibleServerFirewallRule" ],
        "FullCommandName": [ "Remove-AzPostgreSqlFlexibleServerFirewallRule_DeleteViaIdentity" ],
        "ParameterSetName": [ "__AllParameterSets" ],
        "User-Agent": [ "AzurePowershell/v0.0.0", "PSVersion/v7.2.6", "Az.PostgreSql/0.1.0" ],
        "Authorization": [ "[Filtered]" ]
      },
      "ContentHeaders": {
      }
    },
    "Response": {
      "StatusCode": 202,
      "Headers": {
        "Cache-Control": [ "no-cache" ],
        "Pragma": [ "no-cache" ],
        "Location": [ "https://management.azure.com/subscriptions/929287ae-832a-4946-8006-a6cc2a3f7244/providers/Microsoft.DBforPostgreSQL/locations/eastus/operationResults/2f546889-a092-47ce-ad10-8d59a7efa89a?api-version=2022-01-20-preview" ],
        "Retry-After": [ "60" ],
        "Azure-AsyncOperation": [ "https://management.azure.com/subscriptions/929287ae-832a-4946-8006-a6cc2a3f7244/providers/Microsoft.DBforPostgreSQL/locations/eastus/azureAsyncOperation/2f546889-a092-47ce-ad10-8d59a7efa89a?api-version=2022-01-20-preview" ],
        "X-Content-Type-Options": [ "nosniff" ],
        "x-ms-request-id": [ "2f546889-a092-47ce-ad10-8d59a7efa89a" ],
        "Server": [ "Microsoft-HTTPAPI/2.0" ],
        "x-ms-ratelimit-remaining-subscription-deletes": [ "14997" ],
        "x-ms-correlation-request-id": [ "b7623e2c-135e-4260-a925-714294c69300" ],
        "x-ms-routing-request-id": [ "WESTCENTRALUS:20220817T032233Z:b7623e2c-135e-4260-a925-714294c69300" ],
        "Strict-Transport-Security": [ "max-age=31536000; includeSubDomains" ],
        "Date": [ "Wed, 17 Aug 2022 03:22:33 GMT" ]
      },
      "ContentHeaders": {
        "Content-Length": [ "97" ],
        "Content-Type": [ "application/json; charset=utf-8" ],
        "Expires": [ "-1" ]
      },
      "Content": "{\"operation\":\"DropServerFirewallRulesManagementOperation\",\"startTime\":\"2022-08-17T03:22:33.667Z\"}",
      "isContentBase64": false
    }
  },
  "AzPostgreSqlFlexibleServerFirewallRule+[NoContext]+ViaIdentity+$GET+https://management.azure.com/subscriptions/929287ae-832a-4946-8006-a6cc2a3f7244/providers/Microsoft.DBforPostgreSQL/locations/eastus/azureAsyncOperation/2f546889-a092-47ce-ad10-8d59a7efa89a?api-version=2022-01-20-preview+9": {
    "Request": {
      "Method": "GET",
      "RequestUri": "https://management.azure.com/subscriptions/929287ae-832a-4946-8006-a6cc2a3f7244/providers/Microsoft.DBforPostgreSQL/locations/eastus/azureAsyncOperation/2f546889-a092-47ce-ad10-8d59a7efa89a?api-version=2022-01-20-preview",
      "Content": null,
      "isContentBase64": false,
      "Headers": {
        "Authorization": [ "[Filtered]" ],
        "x-ms-unique-id": [ "27" ],
        "x-ms-client-request-id": [ "6712d8fb-5dc8-42aa-b197-6ce3db159907" ],
        "CommandName": [ "Remove-AzPostgreSqlFlexibleServerFirewallRule" ],
        "FullCommandName": [ "Remove-AzPostgreSqlFlexibleServerFirewallRule_DeleteViaIdentity" ],
        "ParameterSetName": [ "__AllParameterSets" ],
        "User-Agent": [ "AzurePowershell/v0.0.0", "PSVersion/v7.2.6", "Az.PostgreSql/0.1.0" ]
      },
      "ContentHeaders": {
      }
    },
    "Response": {
      "StatusCode": 200,
      "Headers": {
        "Cache-Control": [ "no-cache" ],
        "Pragma": [ "no-cache" ],
        "Retry-After": [ "60" ],
        "X-Content-Type-Options": [ "nosniff" ],
        "x-ms-request-id": [ "2a98f4ae-e2c0-4880-b111-140af8e8449a" ],
        "Server": [ "Microsoft-HTTPAPI/2.0" ],
        "x-ms-ratelimit-remaining-subscription-reads": [ "11981" ],
        "x-ms-correlation-request-id": [ "f03b8ba0-f4ca-4a5a-94cc-7c2a82a6eafa" ],
        "x-ms-routing-request-id": [ "WESTCENTRALUS:20220817T032334Z:f03b8ba0-f4ca-4a5a-94cc-7c2a82a6eafa" ],
        "Strict-Transport-Security": [ "max-age=31536000; includeSubDomains" ],
        "Date": [ "Wed, 17 Aug 2022 03:23:33 GMT" ]
      },
      "ContentHeaders": {
        "Content-Length": [ "107" ],
        "Content-Type": [ "application/json; charset=utf-8" ],
        "Expires": [ "-1" ]
      },
      "Content": "{\"name\":\"2f546889-a092-47ce-ad10-8d59a7efa89a\",\"status\":\"Succeeded\",\"startTime\":\"2022-08-17T03:22:33.667Z\"}",
      "isContentBase64": false
    }
  },
  "AzPostgreSqlFlexibleServerFirewallRule+[NoContext]+ViaIdentity+$GET+https://management.azure.com/subscriptions/929287ae-832a-4946-8006-a6cc2a3f7244/providers/Microsoft.DBforPostgreSQL/locations/eastus/operationResults/2f546889-a092-47ce-ad10-8d59a7efa89a?api-version=2022-01-20-preview+10": {
    "Request": {
      "Method": "GET",
      "RequestUri": "https://management.azure.com/subscriptions/929287ae-832a-4946-8006-a6cc2a3f7244/providers/Microsoft.DBforPostgreSQL/locations/eastus/operationResults/2f546889-a092-47ce-ad10-8d59a7efa89a?api-version=2022-01-20-preview",
      "Content": null,
      "isContentBase64": false,
      "Headers": {
        "Authorization": [ "[Filtered]" ],
        "x-ms-unique-id": [ "28" ],
        "x-ms-client-request-id": [ "6712d8fb-5dc8-42aa-b197-6ce3db159907" ],
        "CommandName": [ "Remove-AzPostgreSqlFlexibleServerFirewallRule" ],
        "FullCommandName": [ "Remove-AzPostgreSqlFlexibleServerFirewallRule_DeleteViaIdentity" ],
        "ParameterSetName": [ "__AllParameterSets" ],
        "User-Agent": [ "AzurePowershell/v0.0.0", "PSVersion/v7.2.6", "Az.PostgreSql/0.1.0" ]
      },
      "ContentHeaders": {
      }
    },
    "Response": {
      "StatusCode": 200,
      "Headers": {
        "Cache-Control": [ "no-cache" ],
        "Pragma": [ "no-cache" ],
        "X-Content-Type-Options": [ "nosniff" ],
        "x-ms-request-id": [ "a78d6d6b-b9bb-4374-aebb-c82688541118" ],
        "Server": [ "Microsoft-HTTPAPI/2.0" ],
        "x-ms-ratelimit-remaining-subscription-reads": [ "11980" ],
        "x-ms-correlation-request-id": [ "f2065bfc-27fe-4223-939a-268593883635" ],
        "x-ms-routing-request-id": [ "WESTCENTRALUS:20220817T032334Z:f2065bfc-27fe-4223-939a-268593883635" ],
        "Strict-Transport-Security": [ "max-age=31536000; includeSubDomains" ],
        "Date": [ "Wed, 17 Aug 2022 03:23:33 GMT" ]
      },
      "ContentHeaders": {
        "Expires": [ "-1" ],
        "Content-Length": [ "0" ]
      },
      "Content": null,
      "isContentBase64": false
    }
  }
}