{
  "AzPostgreSqlFlexibleServerDatabase+[NoContext]+ViaName+$PUT+https://management.azure.com/subscriptions/929287ae-832a-4946-8006-a6cc2a3f7244/resourceGroups/PostgreSqlTest/providers/Microsoft.DBforPostgreSQL/flexibleServers/postgresql-flexible-test-100/databases/postgresqldb?api-version=2021-06-01+1": {
    "Request": {
      "Method": "PUT",
      "RequestUri": "https://management.azure.com/subscriptions/929287ae-832a-4946-8006-a6cc2a3f7244/resourceGroups/PostgreSqlTest/providers/Microsoft.DBforPostgreSQL/flexibleServers/postgresql-flexible-test-100/databases/postgresqldb?api-version=2021-06-01",
      "Content": "{\r\n  \"properties\": {\r\n    \"charset\": \"UTF8\",\r\n    \"collation\": \"en_US.utf8\"\r\n  }\r\n}",
      "isContentBase64": false,
      "Headers": {
      },
      "ContentHeaders": {
        "Content-Type": [ "application/json" ],
        "Content-Length": [ "83" ]
      }
    },
    "Response": {
      "StatusCode": 202,
      "Headers": {
        "Cache-Control": [ "no-cache" ],
        "Pragma": [ "no-cache" ],
        "Location": [ "https://management.azure.com/subscriptions/929287ae-832a-4946-8006-a6cc2a3f7244/providers/Microsoft.DBforPostgreSQL/locations/eastus/operationResults/96f252ea-7187-4d9c-9b69-9e62c250c4db?api-version=2021-06-01" ],
        "Retry-After": [ "10" ],
        "Azure-AsyncOperation": [ "https://management.azure.com/subscriptions/929287ae-832a-4946-8006-a6cc2a3f7244/providers/Microsoft.DBforPostgreSQL/locations/eastus/azureAsyncOperation/96f252ea-7187-4d9c-9b69-9e62c250c4db?api-version=2021-06-01" ],
        "X-Content-Type-Options": [ "nosniff" ],
        "x-ms-request-id": [ "96f252ea-7187-4d9c-9b69-9e62c250c4db" ],
        "Server": [ "Microsoft-HTTPAPI/2.0" ],
        "x-ms-ratelimit-remaining-subscription-writes": [ "1199" ],
        "x-ms-correlation-request-id": [ "0f7032f2-f297-4537-941b-da256d22bcdf" ],
        "x-ms-routing-request-id": [ "WESTUS2:20210730T221616Z:0f7032f2-f297-4537-941b-da256d22bcdf" ],
        "Strict-Transport-Security": [ "max-age=31536000; includeSubDomains" ],
        "Date": [ "Fri, 30 Jul 2021 22:16:15 GMT" ]
      },
      "ContentHeaders": {
        "Content-Length": [ "93" ],
        "Content-Type": [ "application/json; charset=utf-8" ],
        "Expires": [ "-1" ]
      },
      "Content": "{\"operation\":\"UpsertServerDatabaseManagementOperation\",\"startTime\":\"2021-07-30T22:16:16.44Z\"}",
      "isContentBase64": false
    }
  },
  "AzPostgreSqlFlexibleServerDatabase+[NoContext]+ViaName+$GET+https://management.azure.com/subscriptions/929287ae-832a-4946-8006-a6cc2a3f7244/providers/Microsoft.DBforPostgreSQL/locations/eastus/azureAsyncOperation/96f252ea-7187-4d9c-9b69-9e62c250c4db?api-version=2021-06-01+2": {
    "Request": {
      "Method": "GET",
      "RequestUri": "https://management.azure.com/subscriptions/929287ae-832a-4946-8006-a6cc2a3f7244/providers/Microsoft.DBforPostgreSQL/locations/eastus/azureAsyncOperation/96f252ea-7187-4d9c-9b69-9e62c250c4db?api-version=2021-06-01",
      "Content": null,
      "isContentBase64": false,
      "Headers": {
        "Authorization": [ "[Filtered]" ],
        "x-ms-unique-id": [ "3" ],
        "x-ms-client-request-id": [ "a75e7dc1-1827-48ad-be59-ac3874e4cf94" ],
        "CommandName": [ "New-AzPostgreSqlFlexibleServerDatabase" ],
        "FullCommandName": [ "New-AzPostgreSqlFlexibleServerDatabase_CreateExpanded" ],
        "ParameterSetName": [ "__AllParameterSets" ],
        "User-Agent": [ "AzurePowershell/Az4.0.0-preview" ]
      },
      "ContentHeaders": {
      }
    },
    "Response": {
      "StatusCode": 200,
      "Headers": {
        "Cache-Control": [ "no-cache" ],
        "Pragma": [ "no-cache" ],
        "Retry-After": [ "10" ],
        "X-Content-Type-Options": [ "nosniff" ],
        "x-ms-request-id": [ "18ad79fe-c72e-4423-92ef-14863f765574" ],
        "Server": [ "Microsoft-HTTPAPI/2.0" ],
        "x-ms-ratelimit-remaining-subscription-reads": [ "11990" ],
        "x-ms-correlation-request-id": [ "fd4905ae-c1d0-434e-b5cf-7190ba87363e" ],
        "x-ms-routing-request-id": [ "WESTUS2:20210730T221626Z:fd4905ae-c1d0-434e-b5cf-7190ba87363e" ],
        "Strict-Transport-Security": [ "max-age=31536000; includeSubDomains" ],
        "Date": [ "Fri, 30 Jul 2021 22:16:26 GMT" ]
      },
      "ContentHeaders": {
        "Content-Length": [ "106" ],
        "Content-Type": [ "application/json; charset=utf-8" ],
        "Expires": [ "-1" ]
      },
      "Content": "{\"name\":\"96f252ea-7187-4d9c-9b69-9e62c250c4db\",\"status\":\"Succeeded\",\"startTime\":\"2021-07-30T22:16:16.44Z\"}",
      "isContentBase64": false
    }
  },
  "AzPostgreSqlFlexibleServerDatabase+[NoContext]+ViaName+$GET+https://management.azure.com/subscriptions/929287ae-832a-4946-8006-a6cc2a3f7244/resourceGroups/PostgreSqlTest/providers/Microsoft.DBforPostgreSQL/flexibleServers/postgresql-flexible-test-100/databases/postgresqldb?api-version=2021-06-01+3": {
    "Request": {
      "Method": "GET",
      "RequestUri": "https://management.azure.com/subscriptions/929287ae-832a-4946-8006-a6cc2a3f7244/resourceGroups/PostgreSqlTest/providers/Microsoft.DBforPostgreSQL/flexibleServers/postgresql-flexible-test-100/databases/postgresqldb?api-version=2021-06-01",
      "Content": null,
      "isContentBase64": false,
      "Headers": {
        "Authorization": [ "[Filtered]" ],
        "x-ms-unique-id": [ "4" ],
        "x-ms-client-request-id": [ "a75e7dc1-1827-48ad-be59-ac3874e4cf94" ],
        "CommandName": [ "New-AzPostgreSqlFlexibleServerDatabase" ],
        "FullCommandName": [ "New-AzPostgreSqlFlexibleServerDatabase_CreateExpanded" ],
        "ParameterSetName": [ "__AllParameterSets" ],
        "User-Agent": [ "AzurePowershell/Az4.0.0-preview" ]
      },
      "ContentHeaders": {
      }
    },
    "Response": {
      "StatusCode": 200,
      "Headers": {
        "Cache-Control": [ "no-cache" ],
        "Pragma": [ "no-cache" ],
        "X-Content-Type-Options": [ "nosniff" ],
        "x-ms-request-id": [ "a7685e4d-f85b-41a2-9938-dd837f40f935" ],
        "Server": [ "Microsoft-HTTPAPI/2.0" ],
        "x-ms-ratelimit-remaining-subscription-reads": [ "11989" ],
        "x-ms-correlation-request-id": [ "4d569a95-a79b-49a3-a2da-6eef589181b9" ],
        "x-ms-routing-request-id": [ "WESTUS2:20210730T221627Z:4d569a95-a79b-49a3-a2da-6eef589181b9" ],
        "Strict-Transport-Security": [ "max-age=31536000; includeSubDomains" ],
        "Date": [ "Fri, 30 Jul 2021 22:16:26 GMT" ]
      },
      "ContentHeaders": {
        "Content-Length": [ "334" ],
        "Content-Type": [ "application/json; charset=utf-8" ],
        "Expires": [ "-1" ]
      },
      "Content": "{\"properties\":{\"charset\":\"UTF8\",\"collation\":\"en_US.utf8\"},\"id\":\"/subscriptions/929287ae-832a-4946-8006-a6cc2a3f7244/resourceGroups/PostgreSqlTest/providers/Microsoft.DBforPostgreSQL/flexibleServers/postgresql-flexible-test-100/databases/postgresqldb\",\"name\":\"postgresqldb\",\"type\":\"Microsoft.DBforPostgreSQL/flexibleServers/databases\"}",
      "isContentBase64": false
    }
  },
  "AzPostgreSqlFlexibleServerDatabase+[NoContext]+ViaName+$GET+https://management.azure.com/subscriptions/929287ae-832a-4946-8006-a6cc2a3f7244/resourceGroups/PostgreSqlTest/providers/Microsoft.DBforPostgreSQL/flexibleServers/postgresql-flexible-test-100/databases/postgresqldb?api-version=2021-06-01+4": {
    "Request": {
      "Method": "GET",
      "RequestUri": "https://management.azure.com/subscriptions/929287ae-832a-4946-8006-a6cc2a3f7244/resourceGroups/PostgreSqlTest/providers/Microsoft.DBforPostgreSQL/flexibleServers/postgresql-flexible-test-100/databases/postgresqldb?api-version=2021-06-01",
      "Content": null,
      "isContentBase64": false,
      "Headers": {
        "x-ms-unique-id": [ "5" ],
        "x-ms-client-request-id": [ "7d6f96e4-2c0c-4bfb-8438-67824c3c641b" ],
        "CommandName": [ "Get-AzPostgreSqlFlexibleServerDatabase" ],
        "FullCommandName": [ "Get-AzPostgreSqlFlexibleServerDatabase_Get" ],
        "ParameterSetName": [ "__AllParameterSets" ],
        "User-Agent": [ "AzurePowershell/Az4.0.0-preview" ],
        "Authorization": [ "[Filtered]" ]
      },
      "ContentHeaders": {
      }
    },
    "Response": {
      "StatusCode": 200,
      "Headers": {
        "Cache-Control": [ "no-cache" ],
        "Pragma": [ "no-cache" ],
        "X-Content-Type-Options": [ "nosniff" ],
        "x-ms-request-id": [ "8fd3b63a-6092-456d-b19f-d67ee8610ab2" ],
        "Server": [ "Microsoft-HTTPAPI/2.0" ],
        "x-ms-ratelimit-remaining-subscription-reads": [ "11988" ],
        "x-ms-correlation-request-id": [ "af1f8f4a-389e-49f1-a02d-c5a43e6d0fd7" ],
        "x-ms-routing-request-id": [ "WESTUS2:20210730T221627Z:af1f8f4a-389e-49f1-a02d-c5a43e6d0fd7" ],
        "Strict-Transport-Security": [ "max-age=31536000; includeSubDomains" ],
        "Date": [ "Fri, 30 Jul 2021 22:16:27 GMT" ]
      },
      "ContentHeaders": {
        "Content-Length": [ "334" ],
        "Content-Type": [ "application/json; charset=utf-8" ],
        "Expires": [ "-1" ]
      },
      "Content": "{\"properties\":{\"charset\":\"UTF8\",\"collation\":\"en_US.utf8\"},\"id\":\"/subscriptions/929287ae-832a-4946-8006-a6cc2a3f7244/resourceGroups/PostgreSqlTest/providers/Microsoft.DBforPostgreSQL/flexibleServers/postgresql-flexible-test-100/databases/postgresqldb\",\"name\":\"postgresqldb\",\"type\":\"Microsoft.DBforPostgreSQL/flexibleServers/databases\"}",
      "isContentBase64": false
    }
  },
  "AzPostgreSqlFlexibleServerDatabase+[NoContext]+ViaName+$GET+https://management.azure.com/subscriptions/929287ae-832a-4946-8006-a6cc2a3f7244/resourceGroups/PostgreSqlTest/providers/Microsoft.DBforPostgreSQL/flexibleServers/postgresql-flexible-test-100/databases?api-version=2021-06-01+5": {
    "Request": {
      "Method": "GET",
      "RequestUri": "https://management.azure.com/subscriptions/929287ae-832a-4946-8006-a6cc2a3f7244/resourceGroups/PostgreSqlTest/providers/Microsoft.DBforPostgreSQL/flexibleServers/postgresql-flexible-test-100/databases?api-version=2021-06-01",
      "Content": null,
      "isContentBase64": false,
      "Headers": {
        "x-ms-unique-id": [ "6" ],
        "x-ms-client-request-id": [ "99925426-8356-4bd0-9333-da48459f0d00" ],
        "CommandName": [ "Get-AzPostgreSqlFlexibleServerDatabase" ],
        "FullCommandName": [ "Get-AzPostgreSqlFlexibleServerDatabase_List" ],
        "ParameterSetName": [ "__AllParameterSets" ],
        "User-Agent": [ "AzurePowershell/Az4.0.0-preview" ],
        "Authorization": [ "[Filtered]" ]
      },
      "ContentHeaders": {
      }
    },
    "Response": {
      "StatusCode": 200,
      "Headers": {
        "Cache-Control": [ "no-cache" ],
        "Pragma": [ "no-cache" ],
        "X-Content-Type-Options": [ "nosniff" ],
        "x-ms-request-id": [ "cd1ce146-5d27-4865-b154-0fe41dd56a26" ],
        "Server": [ "Microsoft-HTTPAPI/2.0" ],
        "x-ms-ratelimit-remaining-subscription-reads": [ "11987" ],
        "x-ms-correlation-request-id": [ "a25d739c-d47e-4301-94aa-ae99c1dc101a" ],
        "x-ms-routing-request-id": [ "WESTUS2:20210730T221627Z:a25d739c-d47e-4301-94aa-ae99c1dc101a" ],
        "Strict-Transport-Security": [ "max-age=31536000; includeSubDomains" ],
        "Date": [ "Fri, 30 Jul 2021 22:16:27 GMT" ]
      },
      "ContentHeaders": {
        "Content-Length": [ "1347" ],
        "Content-Type": [ "application/json; charset=utf-8" ],
        "Expires": [ "-1" ]
      },
      "Content": "{\"value\":[{\"properties\":{\"charset\":\"UTF8\",\"collation\":\"en_US.utf8\"},\"id\":\"/subscriptions/929287ae-832a-4946-8006-a6cc2a3f7244/resourceGroups/PostgreSqlTest/providers/Microsoft.DBforPostgreSQL/flexibleServers/postgresql-flexible-test-100/databases/azure_maintenance\",\"name\":\"azure_maintenance\",\"type\":\"Microsoft.DBforPostgreSQL/flexibleServers/databases\"},{\"properties\":{\"charset\":\"UTF8\",\"collation\":\"en_US.utf8\"},\"id\":\"/subscriptions/929287ae-832a-4946-8006-a6cc2a3f7244/resourceGroups/PostgreSqlTest/providers/Microsoft.DBforPostgreSQL/flexibleServers/postgresql-flexible-test-100/databases/postgres\",\"name\":\"postgres\",\"type\":\"Microsoft.DBforPostgreSQL/flexibleServers/databases\"},{\"properties\":{\"charset\":\"UTF8\",\"collation\":\"en_US.utf8\"},\"id\":\"/subscriptions/929287ae-832a-4946-8006-a6cc2a3f7244/resourceGroups/PostgreSqlTest/providers/Microsoft.DBforPostgreSQL/flexibleServers/postgresql-flexible-test-100/databases/azure_sys\",\"name\":\"azure_sys\",\"type\":\"Microsoft.DBforPostgreSQL/flexibleServers/databases\"},{\"properties\":{\"charset\":\"UTF8\",\"collation\":\"en_US.utf8\"},\"id\":\"/subscriptions/929287ae-832a-4946-8006-a6cc2a3f7244/resourceGroups/PostgreSqlTest/providers/Microsoft.DBforPostgreSQL/flexibleServers/postgresql-flexible-test-100/databases/postgresqldb\",\"name\":\"postgresqldb\",\"type\":\"Microsoft.DBforPostgreSQL/flexibleServers/databases\"}]}",
      "isContentBase64": false
    }
  },
  "AzPostgreSqlFlexibleServerDatabase+[NoContext]+ViaName+$DELETE+https://management.azure.com/subscriptions/929287ae-832a-4946-8006-a6cc2a3f7244/resourceGroups/PostgreSqlTest/providers/Microsoft.DBforPostgreSQL/flexibleServers/postgresql-flexible-test-100/databases/postgresqldb?api-version=2021-06-01+6": {
    "Request": {
      "Method": "DELETE",
      "RequestUri": "https://management.azure.com/subscriptions/929287ae-832a-4946-8006-a6cc2a3f7244/resourceGroups/PostgreSqlTest/providers/Microsoft.DBforPostgreSQL/flexibleServers/postgresql-flexible-test-100/databases/postgresqldb?api-version=2021-06-01",
      "Content": null,
      "isContentBase64": false,
      "Headers": {
        "x-ms-unique-id": [ "7" ],
        "x-ms-client-request-id": [ "c57c3920-b771-401b-b6d4-9aea6846c7ca" ],
        "CommandName": [ "Remove-AzPostgreSqlFlexibleServerDatabase" ],
        "FullCommandName": [ "Remove-AzPostgreSqlFlexibleServerDatabase_Delete" ],
        "ParameterSetName": [ "__AllParameterSets" ],
        "User-Agent": [ "AzurePowershell/Az4.0.0-preview" ],
        "Authorization": [ "[Filtered]" ]
      },
      "ContentHeaders": {
      }
    },
    "Response": {
      "StatusCode": 202,
      "Headers": {
        "Cache-Control": [ "no-cache" ],
        "Pragma": [ "no-cache" ],
        "Location": [ "https://management.azure.com/subscriptions/929287ae-832a-4946-8006-a6cc2a3f7244/providers/Microsoft.DBforPostgreSQL/locations/eastus/operationResults/d860671a-00a0-480b-a719-0c9a87cd5207?api-version=2021-06-01" ],
        "Retry-After": [ "10" ],
        "Azure-AsyncOperation": [ "https://management.azure.com/subscriptions/929287ae-832a-4946-8006-a6cc2a3f7244/providers/Microsoft.DBforPostgreSQL/locations/eastus/azureAsyncOperation/d860671a-00a0-480b-a719-0c9a87cd5207?api-version=2021-06-01" ],
        "X-Content-Type-Options": [ "nosniff" ],
        "x-ms-request-id": [ "d860671a-00a0-480b-a719-0c9a87cd5207" ],
        "Server": [ "Microsoft-HTTPAPI/2.0" ],
        "x-ms-ratelimit-remaining-subscription-deletes": [ "14999" ],
        "x-ms-correlation-request-id": [ "b4553fa4-bfde-46e9-9e18-1b600e71a623" ],
        "x-ms-routing-request-id": [ "WESTUS2:20210730T221628Z:b4553fa4-bfde-46e9-9e18-1b600e71a623" ],
        "Strict-Transport-Security": [ "max-age=31536000; includeSubDomains" ],
        "Date": [ "Fri, 30 Jul 2021 22:16:27 GMT" ]
      },
      "ContentHeaders": {
        "Content-Length": [ "92" ],
        "Content-Type": [ "application/json; charset=utf-8" ],
        "Expires": [ "-1" ]
      },
      "Content": "{\"operation\":\"DropServerDatabaseManagementOperation\",\"startTime\":\"2021-07-30T22:16:27.893Z\"}",
      "isContentBase64": false
    }
  },
  "AzPostgreSqlFlexibleServerDatabase+[NoContext]+ViaName+$GET+https://management.azure.com/subscriptions/929287ae-832a-4946-8006-a6cc2a3f7244/providers/Microsoft.DBforPostgreSQL/locations/eastus/azureAsyncOperation/d860671a-00a0-480b-a719-0c9a87cd5207?api-version=2021-06-01+7": {
    "Request": {
      "Method": "GET",
      "RequestUri": "https://management.azure.com/subscriptions/929287ae-832a-4946-8006-a6cc2a3f7244/providers/Microsoft.DBforPostgreSQL/locations/eastus/azureAsyncOperation/d860671a-00a0-480b-a719-0c9a87cd5207?api-version=2021-06-01",
      "Content": null,
      "isContentBase64": false,
      "Headers": {
        "Authorization": [ "[Filtered]" ],
        "x-ms-unique-id": [ "8" ],
        "x-ms-client-request-id": [ "c57c3920-b771-401b-b6d4-9aea6846c7ca" ],
        "CommandName": [ "Remove-AzPostgreSqlFlexibleServerDatabase" ],
        "FullCommandName": [ "Remove-AzPostgreSqlFlexibleServerDatabase_Delete" ],
        "ParameterSetName": [ "__AllParameterSets" ],
        "User-Agent": [ "AzurePowershell/Az4.0.0-preview" ]
      },
      "ContentHeaders": {
      }
    },
    "Response": {
      "StatusCode": 200,
      "Headers": {
        "Cache-Control": [ "no-cache" ],
        "Pragma": [ "no-cache" ],
        "Retry-After": [ "10" ],
        "X-Content-Type-Options": [ "nosniff" ],
        "x-ms-request-id": [ "8e3580ec-ee46-4e71-91de-77aa4d9cdef4" ],
        "Server": [ "Microsoft-HTTPAPI/2.0" ],
        "x-ms-ratelimit-remaining-subscription-reads": [ "11986" ],
        "x-ms-correlation-request-id": [ "28b0d5d7-7610-4877-a14b-08630c1dc7f9" ],
        "x-ms-routing-request-id": [ "WESTUS2:20210730T221638Z:28b0d5d7-7610-4877-a14b-08630c1dc7f9" ],
        "Strict-Transport-Security": [ "max-age=31536000; includeSubDomains" ],
        "Date": [ "Fri, 30 Jul 2021 22:16:38 GMT" ]
      },
      "ContentHeaders": {
        "Content-Length": [ "107" ],
        "Content-Type": [ "application/json; charset=utf-8" ],
        "Expires": [ "-1" ]
      },
      "Content": "{\"name\":\"d860671a-00a0-480b-a719-0c9a87cd5207\",\"status\":\"Succeeded\",\"startTime\":\"2021-07-30T22:16:27.893Z\"}",
      "isContentBase64": false
    }
  },
  "AzPostgreSqlFlexibleServerDatabase+[NoContext]+ViaName+$GET+https://management.azure.com/subscriptions/929287ae-832a-4946-8006-a6cc2a3f7244/providers/Microsoft.DBforPostgreSQL/locations/eastus/operationResults/d860671a-00a0-480b-a719-0c9a87cd5207?api-version=2021-06-01+8": {
    "Request": {
      "Method": "GET",
      "RequestUri": "https://management.azure.com/subscriptions/929287ae-832a-4946-8006-a6cc2a3f7244/providers/Microsoft.DBforPostgreSQL/locations/eastus/operationResults/d860671a-00a0-480b-a719-0c9a87cd5207?api-version=2021-06-01",
      "Content": null,
      "isContentBase64": false,
      "Headers": {
        "Authorization": [ "[Filtered]" ],
        "x-ms-unique-id": [ "9" ],
        "x-ms-client-request-id": [ "c57c3920-b771-401b-b6d4-9aea6846c7ca" ],
        "CommandName": [ "Remove-AzPostgreSqlFlexibleServerDatabase" ],
        "FullCommandName": [ "Remove-AzPostgreSqlFlexibleServerDatabase_Delete" ],
        "ParameterSetName": [ "__AllParameterSets" ],
        "User-Agent": [ "AzurePowershell/Az4.0.0-preview" ]
      },
      "ContentHeaders": {
      }
    },
    "Response": {
      "StatusCode": 200,
      "Headers": {
        "Cache-Control": [ "no-cache" ],
        "Pragma": [ "no-cache" ],
        "X-Content-Type-Options": [ "nosniff" ],
        "x-ms-request-id": [ "09585f07-6957-4721-8d94-ad13713b0341" ],
        "Server": [ "Microsoft-HTTPAPI/2.0" ],
        "x-ms-ratelimit-remaining-subscription-reads": [ "11985" ],
        "x-ms-correlation-request-id": [ "2dfc4e49-7379-4b64-b57c-e91e0e300983" ],
        "x-ms-routing-request-id": [ "WESTUS2:20210730T221638Z:2dfc4e49-7379-4b64-b57c-e91e0e300983" ],
        "Strict-Transport-Security": [ "max-age=31536000; includeSubDomains" ],
        "Date": [ "Fri, 30 Jul 2021 22:16:38 GMT" ]
      },
      "ContentHeaders": {
        "Expires": [ "-1" ],
        "Content-Length": [ "0" ]
      },
      "Content": null,
      "isContentBase64": false
    }
  },
  "AzPostgreSqlFlexibleServerDatabase+[NoContext]+ViaName+$PUT+https://management.azure.com/subscriptions/929287ae-832a-4946-8006-a6cc2a3f7244/resourceGroups/PostgreSqlTest/providers/Microsoft.DBforPostgreSQL/flexibleServers/postgresql-flexible-test-100/databases/postgresqldb?api-version=2021-06-01+9": {
    "Request": {
      "Method": "PUT",
      "RequestUri": "https://management.azure.com/subscriptions/929287ae-832a-4946-8006-a6cc2a3f7244/resourceGroups/PostgreSqlTest/providers/Microsoft.DBforPostgreSQL/flexibleServers/postgresql-flexible-test-100/databases/postgresqldb?api-version=2021-06-01",
      "Content": "{\r\n  \"properties\": {\r\n    \"charset\": \"UTF8\",\r\n    \"collation\": \"en_US.utf8\"\r\n  }\r\n}",
      "isContentBase64": false,
      "Headers": {
      },
      "ContentHeaders": {
        "Content-Type": [ "application/json" ],
        "Content-Length": [ "83" ]
      }
    },
    "Response": {
      "StatusCode": 202,
      "Headers": {
        "Cache-Control": [ "no-cache" ],
        "Pragma": [ "no-cache" ],
        "Location": [ "https://management.azure.com/subscriptions/929287ae-832a-4946-8006-a6cc2a3f7244/providers/Microsoft.DBforPostgreSQL/locations/eastus/operationResults/b4a2da7a-734e-423b-95c6-9746ce9c1fdd?api-version=2021-06-01" ],
        "Retry-After": [ "10" ],
        "Azure-AsyncOperation": [ "https://management.azure.com/subscriptions/929287ae-832a-4946-8006-a6cc2a3f7244/providers/Microsoft.DBforPostgreSQL/locations/eastus/azureAsyncOperation/b4a2da7a-734e-423b-95c6-9746ce9c1fdd?api-version=2021-06-01" ],
        "X-Content-Type-Options": [ "nosniff" ],
        "x-ms-request-id": [ "b4a2da7a-734e-423b-95c6-9746ce9c1fdd" ],
        "Server": [ "Microsoft-HTTPAPI/2.0" ],
        "x-ms-ratelimit-remaining-subscription-writes": [ "1198" ],
        "x-ms-correlation-request-id": [ "6c4921fe-7e16-43b5-9ac4-6e8dc3d8e1c9" ],
        "x-ms-routing-request-id": [ "WESTUS2:20210730T221638Z:6c4921fe-7e16-43b5-9ac4-6e8dc3d8e1c9" ],
        "Strict-Transport-Security": [ "max-age=31536000; includeSubDomains" ],
        "Date": [ "Fri, 30 Jul 2021 22:16:38 GMT" ]
      },
      "ContentHeaders": {
        "Content-Length": [ "94" ],
        "Content-Type": [ "application/json; charset=utf-8" ],
        "Expires": [ "-1" ]
      },
      "Content": "{\"operation\":\"UpsertServerDatabaseManagementOperation\",\"startTime\":\"2021-07-30T22:16:38.457Z\"}",
      "isContentBase64": false
    }
  },
  "AzPostgreSqlFlexibleServerDatabase+[NoContext]+ViaName+$GET+https://management.azure.com/subscriptions/929287ae-832a-4946-8006-a6cc2a3f7244/providers/Microsoft.DBforPostgreSQL/locations/eastus/azureAsyncOperation/b4a2da7a-734e-423b-95c6-9746ce9c1fdd?api-version=2021-06-01+10": {
    "Request": {
      "Method": "GET",
      "RequestUri": "https://management.azure.com/subscriptions/929287ae-832a-4946-8006-a6cc2a3f7244/providers/Microsoft.DBforPostgreSQL/locations/eastus/azureAsyncOperation/b4a2da7a-734e-423b-95c6-9746ce9c1fdd?api-version=2021-06-01",
      "Content": null,
      "isContentBase64": false,
      "Headers": {
        "Authorization": [ "[Filtered]" ],
        "x-ms-unique-id": [ "11" ],
        "x-ms-client-request-id": [ "4910e2d5-0fb0-4cb8-a66b-c7ad484912d3" ],
        "CommandName": [ "New-AzPostgreSqlFlexibleServerDatabase" ],
        "FullCommandName": [ "New-AzPostgreSqlFlexibleServerDatabase_CreateExpanded" ],
        "ParameterSetName": [ "__AllParameterSets" ],
        "User-Agent": [ "AzurePowershell/Az4.0.0-preview" ]
      },
      "ContentHeaders": {
      }
    },
    "Response": {
      "StatusCode": 200,
      "Headers": {
        "Cache-Control": [ "no-cache" ],
        "Pragma": [ "no-cache" ],
        "Retry-After": [ "10" ],
        "X-Content-Type-Options": [ "nosniff" ],
        "x-ms-request-id": [ "1af0b1ae-705a-4c75-b73f-fb540503a8b9" ],
        "Server": [ "Microsoft-HTTPAPI/2.0" ],
        "x-ms-ratelimit-remaining-subscription-reads": [ "11984" ],
        "x-ms-correlation-request-id": [ "3a60627c-541d-4ce0-9bd1-edbbe37d86cf" ],
        "x-ms-routing-request-id": [ "WESTUS2:20210730T221648Z:3a60627c-541d-4ce0-9bd1-edbbe37d86cf" ],
        "Strict-Transport-Security": [ "max-age=31536000; includeSubDomains" ],
        "Date": [ "Fri, 30 Jul 2021 22:16:48 GMT" ]
      },
      "ContentHeaders": {
        "Content-Length": [ "107" ],
        "Content-Type": [ "application/json; charset=utf-8" ],
        "Expires": [ "-1" ]
      },
      "Content": "{\"name\":\"b4a2da7a-734e-423b-95c6-9746ce9c1fdd\",\"status\":\"Succeeded\",\"startTime\":\"2021-07-30T22:16:38.457Z\"}",
      "isContentBase64": false
    }
  },
  "AzPostgreSqlFlexibleServerDatabase+[NoContext]+ViaName+$GET+https://management.azure.com/subscriptions/929287ae-832a-4946-8006-a6cc2a3f7244/resourceGroups/PostgreSqlTest/providers/Microsoft.DBforPostgreSQL/flexibleServers/postgresql-flexible-test-100/databases/postgresqldb?api-version=2021-06-01+11": {
    "Request": {
      "Method": "GET",
      "RequestUri": "https://management.azure.com/subscriptions/929287ae-832a-4946-8006-a6cc2a3f7244/resourceGroups/PostgreSqlTest/providers/Microsoft.DBforPostgreSQL/flexibleServers/postgresql-flexible-test-100/databases/postgresqldb?api-version=2021-06-01",
      "Content": null,
      "isContentBase64": false,
      "Headers": {
        "Authorization": [ "[Filtered]" ],
        "x-ms-unique-id": [ "12" ],
        "x-ms-client-request-id": [ "4910e2d5-0fb0-4cb8-a66b-c7ad484912d3" ],
        "CommandName": [ "New-AzPostgreSqlFlexibleServerDatabase" ],
        "FullCommandName": [ "New-AzPostgreSqlFlexibleServerDatabase_CreateExpanded" ],
        "ParameterSetName": [ "__AllParameterSets" ],
        "User-Agent": [ "AzurePowershell/Az4.0.0-preview" ]
      },
      "ContentHeaders": {
      }
    },
    "Response": {
      "StatusCode": 200,
      "Headers": {
        "Cache-Control": [ "no-cache" ],
        "Pragma": [ "no-cache" ],
        "X-Content-Type-Options": [ "nosniff" ],
        "x-ms-request-id": [ "21e5e309-c80d-45f0-956d-380b1c81a0ac" ],
        "Server": [ "Microsoft-HTTPAPI/2.0" ],
        "x-ms-ratelimit-remaining-subscription-reads": [ "11983" ],
        "x-ms-correlation-request-id": [ "0c86a8ba-5abb-473b-a1bc-8cb88b730602" ],
        "x-ms-routing-request-id": [ "WESTUS2:20210730T221648Z:0c86a8ba-5abb-473b-a1bc-8cb88b730602" ],
        "Strict-Transport-Security": [ "max-age=31536000; includeSubDomains" ],
        "Date": [ "Fri, 30 Jul 2021 22:16:48 GMT" ]
      },
      "ContentHeaders": {
        "Content-Length": [ "334" ],
        "Content-Type": [ "application/json; charset=utf-8" ],
        "Expires": [ "-1" ]
      },
      "Content": "{\"properties\":{\"charset\":\"UTF8\",\"collation\":\"en_US.utf8\"},\"id\":\"/subscriptions/929287ae-832a-4946-8006-a6cc2a3f7244/resourceGroups/PostgreSqlTest/providers/Microsoft.DBforPostgreSQL/flexibleServers/postgresql-flexible-test-100/databases/postgresqldb\",\"name\":\"postgresqldb\",\"type\":\"Microsoft.DBforPostgreSQL/flexibleServers/databases\"}",
      "isContentBase64": false
    }
  },
  "AzPostgreSqlFlexibleServerDatabase+[NoContext]+ViaName+$GET+https://management.azure.com/subscriptions/929287ae-832a-4946-8006-a6cc2a3f7244/resourceGroups/PostgreSqlTest/providers/Microsoft.DBforPostgreSQL/flexibleServers/postgresql-flexible-test-100/databases/postgresqldb?api-version=2021-06-01+12": {
    "Request": {
      "Method": "GET",
      "RequestUri": "https://management.azure.com/subscriptions/929287ae-832a-4946-8006-a6cc2a3f7244/resourceGroups/PostgreSqlTest/providers/Microsoft.DBforPostgreSQL/flexibleServers/postgresql-flexible-test-100/databases/postgresqldb?api-version=2021-06-01",
      "Content": null,
      "isContentBase64": false,
      "Headers": {
        "x-ms-unique-id": [ "13" ],
        "x-ms-client-request-id": [ "75b511ec-21ab-447d-b593-6dde791d9911" ],
        "CommandName": [ "Get-AzPostgreSqlFlexibleServerDatabase" ],
        "FullCommandName": [ "Get-AzPostgreSqlFlexibleServerDatabase_Get" ],
        "ParameterSetName": [ "__AllParameterSets" ],
        "User-Agent": [ "AzurePowershell/Az4.0.0-preview" ],
        "Authorization": [ "[Filtered]" ]
      },
      "ContentHeaders": {
      }
    },
    "Response": {
      "StatusCode": 200,
      "Headers": {
        "Cache-Control": [ "no-cache" ],
        "Pragma": [ "no-cache" ],
        "X-Content-Type-Options": [ "nosniff" ],
        "x-ms-request-id": [ "eb705afc-76a1-41ee-84ad-759099ce4adf" ],
        "Server": [ "Microsoft-HTTPAPI/2.0" ],
        "x-ms-ratelimit-remaining-subscription-reads": [ "11982" ],
        "x-ms-correlation-request-id": [ "c6780dcc-1cc8-4371-aa2d-4ac50917686e" ],
        "x-ms-routing-request-id": [ "WESTUS2:20210730T221649Z:c6780dcc-1cc8-4371-aa2d-4ac50917686e" ],
        "Strict-Transport-Security": [ "max-age=31536000; includeSubDomains" ],
        "Date": [ "Fri, 30 Jul 2021 22:16:48 GMT" ]
      },
      "ContentHeaders": {
        "Content-Length": [ "334" ],
        "Content-Type": [ "application/json; charset=utf-8" ],
        "Expires": [ "-1" ]
      },
      "Content": "{\"properties\":{\"charset\":\"UTF8\",\"collation\":\"en_US.utf8\"},\"id\":\"/subscriptions/929287ae-832a-4946-8006-a6cc2a3f7244/resourceGroups/PostgreSqlTest/providers/Microsoft.DBforPostgreSQL/flexibleServers/postgresql-flexible-test-100/databases/postgresqldb\",\"name\":\"postgresqldb\",\"type\":\"Microsoft.DBforPostgreSQL/flexibleServers/databases\"}",
      "isContentBase64": false
    }
  },
  "AzPostgreSqlFlexibleServerDatabase+[NoContext]+ViaName+$DELETE+https://management.azure.com/subscriptions/929287ae-832a-4946-8006-a6cc2a3f7244/resourceGroups/PostgreSqlTest/providers/Microsoft.DBforPostgreSQL/flexibleServers/postgresql-flexible-test-100/databases/postgresqldb?api-version=2021-06-01+13": {
    "Request": {
      "Method": "DELETE",
      "RequestUri": "https://management.azure.com/subscriptions/929287ae-832a-4946-8006-a6cc2a3f7244/resourceGroups/PostgreSqlTest/providers/Microsoft.DBforPostgreSQL/flexibleServers/postgresql-flexible-test-100/databases/postgresqldb?api-version=2021-06-01",
      "Content": null,
      "isContentBase64": false,
      "Headers": {
        "x-ms-unique-id": [ "14" ],
        "x-ms-client-request-id": [ "b14f99a3-cf98-4354-94b0-80ad26b8d5e2" ],
        "CommandName": [ "Remove-AzPostgreSqlFlexibleServerDatabase" ],
        "FullCommandName": [ "Remove-AzPostgreSqlFlexibleServerDatabase_Delete" ],
        "ParameterSetName": [ "__AllParameterSets" ],
        "User-Agent": [ "AzurePowershell/Az4.0.0-preview" ],
        "Authorization": [ "[Filtered]" ]
      },
      "ContentHeaders": {
      }
    },
    "Response": {
      "StatusCode": 202,
      "Headers": {
        "Cache-Control": [ "no-cache" ],
        "Pragma": [ "no-cache" ],
        "Location": [ "https://management.azure.com/subscriptions/929287ae-832a-4946-8006-a6cc2a3f7244/providers/Microsoft.DBforPostgreSQL/locations/eastus/operationResults/d69e7d8c-f703-4769-930d-f3a7bd6310d3?api-version=2021-06-01" ],
        "Retry-After": [ "10" ],
        "Azure-AsyncOperation": [ "https://management.azure.com/subscriptions/929287ae-832a-4946-8006-a6cc2a3f7244/providers/Microsoft.DBforPostgreSQL/locations/eastus/azureAsyncOperation/d69e7d8c-f703-4769-930d-f3a7bd6310d3?api-version=2021-06-01" ],
        "X-Content-Type-Options": [ "nosniff" ],
        "x-ms-request-id": [ "d69e7d8c-f703-4769-930d-f3a7bd6310d3" ],
        "Server": [ "Microsoft-HTTPAPI/2.0" ],
        "x-ms-ratelimit-remaining-subscription-deletes": [ "14998" ],
        "x-ms-correlation-request-id": [ "53ce9112-ef6d-429c-9750-491e0c8fc375" ],
        "x-ms-routing-request-id": [ "WESTUS2:20210730T221649Z:53ce9112-ef6d-429c-9750-491e0c8fc375" ],
        "Strict-Transport-Security": [ "max-age=31536000; includeSubDomains" ],
        "Date": [ "Fri, 30 Jul 2021 22:16:49 GMT" ]
      },
      "ContentHeaders": {
        "Content-Length": [ "92" ],
        "Content-Type": [ "application/json; charset=utf-8" ],
        "Expires": [ "-1" ]
      },
      "Content": "{\"operation\":\"DropServerDatabaseManagementOperation\",\"startTime\":\"2021-07-30T22:16:49.377Z\"}",
      "isContentBase64": false
    }
  },
  "AzPostgreSqlFlexibleServerDatabase+[NoContext]+ViaName+$GET+https://management.azure.com/subscriptions/929287ae-832a-4946-8006-a6cc2a3f7244/providers/Microsoft.DBforPostgreSQL/locations/eastus/azureAsyncOperation/d69e7d8c-f703-4769-930d-f3a7bd6310d3?api-version=2021-06-01+14": {
    "Request": {
      "Method": "GET",
      "RequestUri": "https://management.azure.com/subscriptions/929287ae-832a-4946-8006-a6cc2a3f7244/providers/Microsoft.DBforPostgreSQL/locations/eastus/azureAsyncOperation/d69e7d8c-f703-4769-930d-f3a7bd6310d3?api-version=2021-06-01",
      "Content": null,
      "isContentBase64": false,
      "Headers": {
        "Authorization": [ "[Filtered]" ],
        "x-ms-unique-id": [ "15" ],
        "x-ms-client-request-id": [ "b14f99a3-cf98-4354-94b0-80ad26b8d5e2" ],
        "CommandName": [ "Remove-AzPostgreSqlFlexibleServerDatabase" ],
        "FullCommandName": [ "Remove-AzPostgreSqlFlexibleServerDatabase_Delete" ],
        "ParameterSetName": [ "__AllParameterSets" ],
        "User-Agent": [ "AzurePowershell/Az4.0.0-preview" ]
      },
      "ContentHeaders": {
      }
    },
    "Response": {
      "StatusCode": 200,
      "Headers": {
        "Cache-Control": [ "no-cache" ],
        "Pragma": [ "no-cache" ],
        "Retry-After": [ "10" ],
        "X-Content-Type-Options": [ "nosniff" ],
        "x-ms-request-id": [ "a081c10d-c40b-4b5c-8d8e-e3ae09097ce4" ],
        "Server": [ "Microsoft-HTTPAPI/2.0" ],
        "x-ms-ratelimit-remaining-subscription-reads": [ "11981" ],
        "x-ms-correlation-request-id": [ "418db2a7-ed72-4359-822b-162f0a64a2b1" ],
        "x-ms-routing-request-id": [ "WESTUS2:20210730T221659Z:418db2a7-ed72-4359-822b-162f0a64a2b1" ],
        "Strict-Transport-Security": [ "max-age=31536000; includeSubDomains" ],
        "Date": [ "Fri, 30 Jul 2021 22:16:59 GMT" ]
      },
      "ContentHeaders": {
        "Content-Length": [ "107" ],
        "Content-Type": [ "application/json; charset=utf-8" ],
        "Expires": [ "-1" ]
      },
      "Content": "{\"name\":\"d69e7d8c-f703-4769-930d-f3a7bd6310d3\",\"status\":\"Succeeded\",\"startTime\":\"2021-07-30T22:16:49.377Z\"}",
      "isContentBase64": false
    }
  },
  "AzPostgreSqlFlexibleServerDatabase+[NoContext]+ViaName+$GET+https://management.azure.com/subscriptions/929287ae-832a-4946-8006-a6cc2a3f7244/providers/Microsoft.DBforPostgreSQL/locations/eastus/operationResults/d69e7d8c-f703-4769-930d-f3a7bd6310d3?api-version=2021-06-01+15": {
    "Request": {
      "Method": "GET",
      "RequestUri": "https://management.azure.com/subscriptions/929287ae-832a-4946-8006-a6cc2a3f7244/providers/Microsoft.DBforPostgreSQL/locations/eastus/operationResults/d69e7d8c-f703-4769-930d-f3a7bd6310d3?api-version=2021-06-01",
      "Content": null,
      "isContentBase64": false,
      "Headers": {
        "Authorization": [ "[Filtered]" ],
        "x-ms-unique-id": [ "16" ],
        "x-ms-client-request-id": [ "b14f99a3-cf98-4354-94b0-80ad26b8d5e2" ],
        "CommandName": [ "Remove-AzPostgreSqlFlexibleServerDatabase" ],
        "FullCommandName": [ "Remove-AzPostgreSqlFlexibleServerDatabase_Delete" ],
        "ParameterSetName": [ "__AllParameterSets" ],
        "User-Agent": [ "AzurePowershell/Az4.0.0-preview" ]
      },
      "ContentHeaders": {
      }
    },
    "Response": {
      "StatusCode": 200,
      "Headers": {
        "Cache-Control": [ "no-cache" ],
        "Pragma": [ "no-cache" ],
        "X-Content-Type-Options": [ "nosniff" ],
        "x-ms-request-id": [ "ac4a1115-5391-4bcd-8cd7-6a1d8ccf4544" ],
        "Server": [ "Microsoft-HTTPAPI/2.0" ],
        "x-ms-ratelimit-remaining-subscription-reads": [ "11980" ],
        "x-ms-correlation-request-id": [ "028a3587-d50b-44b1-8cfb-3eed1c256bfc" ],
        "x-ms-routing-request-id": [ "WESTUS2:20210730T221659Z:028a3587-d50b-44b1-8cfb-3eed1c256bfc" ],
        "Strict-Transport-Security": [ "max-age=31536000; includeSubDomains" ],
        "Date": [ "Fri, 30 Jul 2021 22:16:59 GMT" ]
      },
      "ContentHeaders": {
        "Expires": [ "-1" ],
        "Content-Length": [ "0" ]
      },
      "Content": null,
      "isContentBase64": false
    }
  },
  "AzPostgreSqlFlexibleServerDatabase+[NoContext]+ViaIdentity+$PUT+https://management.azure.com/subscriptions/929287ae-832a-4946-8006-a6cc2a3f7244/resourceGroups/PostgreSqlTest/providers/Microsoft.DBforPostgreSQL/flexibleServers/postgresql-flexible-test-100/databases/postgresqldb?api-version=2021-06-01+1": {
    "Request": {
      "Method": "PUT",
      "RequestUri": "https://management.azure.com/subscriptions/929287ae-832a-4946-8006-a6cc2a3f7244/resourceGroups/PostgreSqlTest/providers/Microsoft.DBforPostgreSQL/flexibleServers/postgresql-flexible-test-100/databases/postgresqldb?api-version=2021-06-01",
      "Content": "{\r\n  \"properties\": {\r\n    \"charset\": \"UTF8\",\r\n    \"collation\": \"en_US.utf8\"\r\n  }\r\n}",
      "isContentBase64": false,
      "Headers": {
      },
      "ContentHeaders": {
        "Content-Type": [ "application/json" ],
        "Content-Length": [ "83" ]
      }
    },
    "Response": {
      "StatusCode": 202,
      "Headers": {
        "Cache-Control": [ "no-cache" ],
        "Pragma": [ "no-cache" ],
        "Location": [ "https://management.azure.com/subscriptions/929287ae-832a-4946-8006-a6cc2a3f7244/providers/Microsoft.DBforPostgreSQL/locations/eastus/operationResults/1409d691-c50c-434e-8b22-a6e5f65cd1e5?api-version=2021-06-01" ],
        "Retry-After": [ "10" ],
        "Azure-AsyncOperation": [ "https://management.azure.com/subscriptions/929287ae-832a-4946-8006-a6cc2a3f7244/providers/Microsoft.DBforPostgreSQL/locations/eastus/azureAsyncOperation/1409d691-c50c-434e-8b22-a6e5f65cd1e5?api-version=2021-06-01" ],
        "X-Content-Type-Options": [ "nosniff" ],
        "x-ms-request-id": [ "1409d691-c50c-434e-8b22-a6e5f65cd1e5" ],
        "Server": [ "Microsoft-HTTPAPI/2.0" ],
        "x-ms-ratelimit-remaining-subscription-writes": [ "1197" ],
        "x-ms-correlation-request-id": [ "2a67eccb-e255-40b1-b189-efc11659b47c" ],
        "x-ms-routing-request-id": [ "WESTUS2:20210730T221700Z:2a67eccb-e255-40b1-b189-efc11659b47c" ],
        "Strict-Transport-Security": [ "max-age=31536000; includeSubDomains" ],
        "Date": [ "Fri, 30 Jul 2021 22:16:59 GMT" ]
      },
      "ContentHeaders": {
        "Content-Length": [ "94" ],
        "Content-Type": [ "application/json; charset=utf-8" ],
        "Expires": [ "-1" ]
      },
      "Content": "{\"operation\":\"UpsertServerDatabaseManagementOperation\",\"startTime\":\"2021-07-30T22:16:59.957Z\"}",
      "isContentBase64": false
    }
  },
  "AzPostgreSqlFlexibleServerDatabase+[NoContext]+ViaIdentity+$GET+https://management.azure.com/subscriptions/929287ae-832a-4946-8006-a6cc2a3f7244/providers/Microsoft.DBforPostgreSQL/locations/eastus/azureAsyncOperation/1409d691-c50c-434e-8b22-a6e5f65cd1e5?api-version=2021-06-01+2": {
    "Request": {
      "Method": "GET",
      "RequestUri": "https://management.azure.com/subscriptions/929287ae-832a-4946-8006-a6cc2a3f7244/providers/Microsoft.DBforPostgreSQL/locations/eastus/azureAsyncOperation/1409d691-c50c-434e-8b22-a6e5f65cd1e5?api-version=2021-06-01",
      "Content": null,
      "isContentBase64": false,
      "Headers": {
        "Authorization": [ "[Filtered]" ],
        "x-ms-unique-id": [ "18" ],
        "x-ms-client-request-id": [ "423ad668-1480-4972-91a1-f485c4ce12a6" ],
        "CommandName": [ "New-AzPostgreSqlFlexibleServerDatabase" ],
        "FullCommandName": [ "New-AzPostgreSqlFlexibleServerDatabase_CreateExpanded" ],
        "ParameterSetName": [ "__AllParameterSets" ],
        "User-Agent": [ "AzurePowershell/Az4.0.0-preview" ]
      },
      "ContentHeaders": {
      }
    },
    "Response": {
      "StatusCode": 200,
      "Headers": {
        "Cache-Control": [ "no-cache" ],
        "Pragma": [ "no-cache" ],
        "Retry-After": [ "10" ],
        "X-Content-Type-Options": [ "nosniff" ],
        "x-ms-request-id": [ "ca93ccf9-4a30-4e59-a5cc-9d467fad7b44" ],
        "Server": [ "Microsoft-HTTPAPI/2.0" ],
        "x-ms-ratelimit-remaining-subscription-reads": [ "11979" ],
        "x-ms-correlation-request-id": [ "9225adbf-1b5c-4646-a9b9-85c3243b9f03" ],
        "x-ms-routing-request-id": [ "WESTUS2:20210730T221710Z:9225adbf-1b5c-4646-a9b9-85c3243b9f03" ],
        "Strict-Transport-Security": [ "max-age=31536000; includeSubDomains" ],
        "Date": [ "Fri, 30 Jul 2021 22:17:09 GMT" ]
      },
      "ContentHeaders": {
        "Content-Length": [ "107" ],
        "Content-Type": [ "application/json; charset=utf-8" ],
        "Expires": [ "-1" ]
      },
      "Content": "{\"name\":\"1409d691-c50c-434e-8b22-a6e5f65cd1e5\",\"status\":\"Succeeded\",\"startTime\":\"2021-07-30T22:16:59.957Z\"}",
      "isContentBase64": false
    }
  },
  "AzPostgreSqlFlexibleServerDatabase+[NoContext]+ViaIdentity+$GET+https://management.azure.com/subscriptions/929287ae-832a-4946-8006-a6cc2a3f7244/resourceGroups/PostgreSqlTest/providers/Microsoft.DBforPostgreSQL/flexibleServers/postgresql-flexible-test-100/databases/postgresqldb?api-version=2021-06-01+3": {
    "Request": {
      "Method": "GET",
      "RequestUri": "https://management.azure.com/subscriptions/929287ae-832a-4946-8006-a6cc2a3f7244/resourceGroups/PostgreSqlTest/providers/Microsoft.DBforPostgreSQL/flexibleServers/postgresql-flexible-test-100/databases/postgresqldb?api-version=2021-06-01",
      "Content": null,
      "isContentBase64": false,
      "Headers": {
        "Authorization": [ "[Filtered]" ],
        "x-ms-unique-id": [ "19" ],
        "x-ms-client-request-id": [ "423ad668-1480-4972-91a1-f485c4ce12a6" ],
        "CommandName": [ "New-AzPostgreSqlFlexibleServerDatabase" ],
        "FullCommandName": [ "New-AzPostgreSqlFlexibleServerDatabase_CreateExpanded" ],
        "ParameterSetName": [ "__AllParameterSets" ],
        "User-Agent": [ "AzurePowershell/Az4.0.0-preview" ]
      },
      "ContentHeaders": {
      }
    },
    "Response": {
      "StatusCode": 200,
      "Headers": {
        "Cache-Control": [ "no-cache" ],
        "Pragma": [ "no-cache" ],
        "X-Content-Type-Options": [ "nosniff" ],
        "x-ms-request-id": [ "b98b942e-04c1-43d8-801d-525ae5756411" ],
        "Server": [ "Microsoft-HTTPAPI/2.0" ],
        "x-ms-ratelimit-remaining-subscription-reads": [ "11978" ],
        "x-ms-correlation-request-id": [ "92036c81-8915-4f97-9ef8-1e0d3cc2d8fa" ],
        "x-ms-routing-request-id": [ "WESTUS2:20210730T221710Z:92036c81-8915-4f97-9ef8-1e0d3cc2d8fa" ],
        "Strict-Transport-Security": [ "max-age=31536000; includeSubDomains" ],
        "Date": [ "Fri, 30 Jul 2021 22:17:09 GMT" ]
      },
      "ContentHeaders": {
        "Content-Length": [ "334" ],
        "Content-Type": [ "application/json; charset=utf-8" ],
        "Expires": [ "-1" ]
      },
      "Content": "{\"properties\":{\"charset\":\"UTF8\",\"collation\":\"en_US.utf8\"},\"id\":\"/subscriptions/929287ae-832a-4946-8006-a6cc2a3f7244/resourceGroups/PostgreSqlTest/providers/Microsoft.DBforPostgreSQL/flexibleServers/postgresql-flexible-test-100/databases/postgresqldb\",\"name\":\"postgresqldb\",\"type\":\"Microsoft.DBforPostgreSQL/flexibleServers/databases\"}",
      "isContentBase64": false
    }
  },
  "AzPostgreSqlFlexibleServerDatabase+[NoContext]+ViaIdentity+$GET+https://management.azure.com/subscriptions/929287ae-832a-4946-8006-a6cc2a3f7244/resourceGroups/PostgreSqlTest/providers/Microsoft.DBforPostgreSQL/flexibleServers/postgresql-flexible-test-100/databases/postgresqldb?api-version=2021-06-01+4": {
    "Request": {
      "Method": "GET",
      "RequestUri": "https://management.azure.com/subscriptions/929287ae-832a-4946-8006-a6cc2a3f7244/resourceGroups/PostgreSqlTest/providers/Microsoft.DBforPostgreSQL/flexibleServers/postgresql-flexible-test-100/databases/postgresqldb?api-version=2021-06-01",
      "Content": null,
      "isContentBase64": false,
      "Headers": {
        "x-ms-unique-id": [ "20" ],
        "x-ms-client-request-id": [ "2cb5da60-a046-4fd1-83ef-5a358f4d5df2" ],
        "CommandName": [ "Get-AzPostgreSqlFlexibleServerDatabase" ],
        "FullCommandName": [ "Get-AzPostgreSqlFlexibleServerDatabase_GetViaIdentity" ],
        "ParameterSetName": [ "__AllParameterSets" ],
        "User-Agent": [ "AzurePowershell/Az4.0.0-preview" ],
        "Authorization": [ "[Filtered]" ]
      },
      "ContentHeaders": {
      }
    },
    "Response": {
      "StatusCode": 200,
      "Headers": {
        "Cache-Control": [ "no-cache" ],
        "Pragma": [ "no-cache" ],
        "X-Content-Type-Options": [ "nosniff" ],
        "x-ms-request-id": [ "36f96204-71d4-4a9c-9088-96407e2e8eee" ],
        "Server": [ "Microsoft-HTTPAPI/2.0" ],
        "x-ms-ratelimit-remaining-subscription-reads": [ "11977" ],
        "x-ms-correlation-request-id": [ "a889b224-9176-4624-8810-97c2d9791b68" ],
        "x-ms-routing-request-id": [ "WESTUS2:20210730T221710Z:a889b224-9176-4624-8810-97c2d9791b68" ],
        "Strict-Transport-Security": [ "max-age=31536000; includeSubDomains" ],
        "Date": [ "Fri, 30 Jul 2021 22:17:09 GMT" ]
      },
      "ContentHeaders": {
        "Content-Length": [ "334" ],
        "Content-Type": [ "application/json; charset=utf-8" ],
        "Expires": [ "-1" ]
      },
      "Content": "{\"properties\":{\"charset\":\"UTF8\",\"collation\":\"en_US.utf8\"},\"id\":\"/subscriptions/929287ae-832a-4946-8006-a6cc2a3f7244/resourceGroups/PostgreSqlTest/providers/Microsoft.DBforPostgreSQL/flexibleServers/postgresql-flexible-test-100/databases/postgresqldb\",\"name\":\"postgresqldb\",\"type\":\"Microsoft.DBforPostgreSQL/flexibleServers/databases\"}",
      "isContentBase64": false
    }
  },
  "AzPostgreSqlFlexibleServerDatabase+[NoContext]+ViaIdentity+$DELETE+https://management.azure.com/subscriptions/929287ae-832a-4946-8006-a6cc2a3f7244/resourceGroups/PostgreSqlTest/providers/Microsoft.DBforPostgreSQL/flexibleServers/postgresql-flexible-test-100/databases/postgresqldb?api-version=2021-06-01+5": {
    "Request": {
      "Method": "DELETE",
      "RequestUri": "https://management.azure.com/subscriptions/929287ae-832a-4946-8006-a6cc2a3f7244/resourceGroups/PostgreSqlTest/providers/Microsoft.DBforPostgreSQL/flexibleServers/postgresql-flexible-test-100/databases/postgresqldb?api-version=2021-06-01",
      "Content": null,
      "isContentBase64": false,
      "Headers": {
        "x-ms-unique-id": [ "21" ],
        "x-ms-client-request-id": [ "d6e4a9ce-6167-452f-88f3-27c2c3efe38c" ],
        "CommandName": [ "Remove-AzPostgreSqlFlexibleServerDatabase" ],
        "FullCommandName": [ "Remove-AzPostgreSqlFlexibleServerDatabase_DeleteViaIdentity" ],
        "ParameterSetName": [ "__AllParameterSets" ],
        "User-Agent": [ "AzurePowershell/Az4.0.0-preview" ],
        "Authorization": [ "[Filtered]" ]
      },
      "ContentHeaders": {
      }
    },
    "Response": {
      "StatusCode": 202,
      "Headers": {
        "Cache-Control": [ "no-cache" ],
        "Pragma": [ "no-cache" ],
        "Location": [ "https://management.azure.com/subscriptions/929287ae-832a-4946-8006-a6cc2a3f7244/providers/Microsoft.DBforPostgreSQL/locations/eastus/operationResults/5cfda387-e9c8-4166-8507-57c539cd9dad?api-version=2021-06-01" ],
        "Retry-After": [ "10" ],
        "Azure-AsyncOperation": [ "https://management.azure.com/subscriptions/929287ae-832a-4946-8006-a6cc2a3f7244/providers/Microsoft.DBforPostgreSQL/locations/eastus/azureAsyncOperation/5cfda387-e9c8-4166-8507-57c539cd9dad?api-version=2021-06-01" ],
        "X-Content-Type-Options": [ "nosniff" ],
        "x-ms-request-id": [ "5cfda387-e9c8-4166-8507-57c539cd9dad" ],
        "Server": [ "Microsoft-HTTPAPI/2.0" ],
        "x-ms-ratelimit-remaining-subscription-deletes": [ "14997" ],
        "x-ms-correlation-request-id": [ "dc8e2821-fca9-4193-b1db-8fd64097e631" ],
        "x-ms-routing-request-id": [ "WESTUS2:20210730T221710Z:dc8e2821-fca9-4193-b1db-8fd64097e631" ],
        "Strict-Transport-Security": [ "max-age=31536000; includeSubDomains" ],
        "Date": [ "Fri, 30 Jul 2021 22:17:10 GMT" ]
      },
      "ContentHeaders": {
        "Content-Length": [ "92" ],
        "Content-Type": [ "application/json; charset=utf-8" ],
        "Expires": [ "-1" ]
      },
      "Content": "{\"operation\":\"DropServerDatabaseManagementOperation\",\"startTime\":\"2021-07-30T22:17:10.877Z\"}",
      "isContentBase64": false
    }
  },
  "AzPostgreSqlFlexibleServerDatabase+[NoContext]+ViaIdentity+$GET+https://management.azure.com/subscriptions/929287ae-832a-4946-8006-a6cc2a3f7244/providers/Microsoft.DBforPostgreSQL/locations/eastus/azureAsyncOperation/5cfda387-e9c8-4166-8507-57c539cd9dad?api-version=2021-06-01+6": {
    "Request": {
      "Method": "GET",
      "RequestUri": "https://management.azure.com/subscriptions/929287ae-832a-4946-8006-a6cc2a3f7244/providers/Microsoft.DBforPostgreSQL/locations/eastus/azureAsyncOperation/5cfda387-e9c8-4166-8507-57c539cd9dad?api-version=2021-06-01",
      "Content": null,
      "isContentBase64": false,
      "Headers": {
        "Authorization": [ "[Filtered]" ],
        "x-ms-unique-id": [ "22" ],
        "x-ms-client-request-id": [ "d6e4a9ce-6167-452f-88f3-27c2c3efe38c" ],
        "CommandName": [ "Remove-AzPostgreSqlFlexibleServerDatabase" ],
        "FullCommandName": [ "Remove-AzPostgreSqlFlexibleServerDatabase_DeleteViaIdentity" ],
        "ParameterSetName": [ "__AllParameterSets" ],
        "User-Agent": [ "AzurePowershell/Az4.0.0-preview" ]
      },
      "ContentHeaders": {
      }
    },
    "Response": {
      "StatusCode": 200,
      "Headers": {
        "Cache-Control": [ "no-cache" ],
        "Pragma": [ "no-cache" ],
        "Retry-After": [ "10" ],
        "X-Content-Type-Options": [ "nosniff" ],
        "x-ms-request-id": [ "e733b78e-aca5-4827-9d7e-ead62681758d" ],
        "Server": [ "Microsoft-HTTPAPI/2.0" ],
        "x-ms-ratelimit-remaining-subscription-reads": [ "11976" ],
        "x-ms-correlation-request-id": [ "99d8d0ea-da20-4898-869a-0140d320ba6d" ],
        "x-ms-routing-request-id": [ "WESTUS2:20210730T221721Z:99d8d0ea-da20-4898-869a-0140d320ba6d" ],
        "Strict-Transport-Security": [ "max-age=31536000; includeSubDomains" ],
        "Date": [ "Fri, 30 Jul 2021 22:17:20 GMT" ]
      },
      "ContentHeaders": {
        "Content-Length": [ "107" ],
        "Content-Type": [ "application/json; charset=utf-8" ],
        "Expires": [ "-1" ]
      },
      "Content": "{\"name\":\"5cfda387-e9c8-4166-8507-57c539cd9dad\",\"status\":\"Succeeded\",\"startTime\":\"2021-07-30T22:17:10.877Z\"}",
      "isContentBase64": false
    }
  },
  "AzPostgreSqlFlexibleServerDatabase+[NoContext]+ViaIdentity+$GET+https://management.azure.com/subscriptions/929287ae-832a-4946-8006-a6cc2a3f7244/providers/Microsoft.DBforPostgreSQL/locations/eastus/operationResults/5cfda387-e9c8-4166-8507-57c539cd9dad?api-version=2021-06-01+7": {
    "Request": {
      "Method": "GET",
      "RequestUri": "https://management.azure.com/subscriptions/929287ae-832a-4946-8006-a6cc2a3f7244/providers/Microsoft.DBforPostgreSQL/locations/eastus/operationResults/5cfda387-e9c8-4166-8507-57c539cd9dad?api-version=2021-06-01",
      "Content": null,
      "isContentBase64": false,
      "Headers": {
        "Authorization": [ "[Filtered]" ],
        "x-ms-unique-id": [ "23" ],
        "x-ms-client-request-id": [ "d6e4a9ce-6167-452f-88f3-27c2c3efe38c" ],
        "CommandName": [ "Remove-AzPostgreSqlFlexibleServerDatabase" ],
        "FullCommandName": [ "Remove-AzPostgreSqlFlexibleServerDatabase_DeleteViaIdentity" ],
        "ParameterSetName": [ "__AllParameterSets" ],
        "User-Agent": [ "AzurePowershell/Az4.0.0-preview" ]
      },
      "ContentHeaders": {
      }
    },
    "Response": {
      "StatusCode": 200,
      "Headers": {
        "Cache-Control": [ "no-cache" ],
        "Pragma": [ "no-cache" ],
        "X-Content-Type-Options": [ "nosniff" ],
        "x-ms-request-id": [ "c16f14f2-e92c-4a69-803f-805cb20f7909" ],
        "Server": [ "Microsoft-HTTPAPI/2.0" ],
        "x-ms-ratelimit-remaining-subscription-reads": [ "11975" ],
        "x-ms-correlation-request-id": [ "06732d79-836d-4e2e-8b65-05436df96b03" ],
        "x-ms-routing-request-id": [ "WESTUS2:20210730T221721Z:06732d79-836d-4e2e-8b65-05436df96b03" ],
        "Strict-Transport-Security": [ "max-age=31536000; includeSubDomains" ],
        "Date": [ "Fri, 30 Jul 2021 22:17:20 GMT" ]
      },
      "ContentHeaders": {
        "Expires": [ "-1" ],
        "Content-Length": [ "0" ]
      },
      "Content": null,
      "isContentBase64": false
    }
  }
}