{
  "Get-AzPostgreSqlServer+[NoContext]+List1+$GET+https://management.azure.com/subscriptions/7fec3109-5b78-4a24-b834-5d47d63e2596/providers/Microsoft.DBForPostgreSQL/servers?api-version=2017-12-01+1": {
    "Request": {
      "Method": "GET",
      "RequestUri": "https://management.azure.com/subscriptions/7fec3109-5b78-4a24-b834-5d47d63e2596/providers/Microsoft.DBForPostgreSQL/servers?api-version=2017-12-01",
      "Content": null,
      "Headers": {
        "x-ms-unique-id": [ "64" ],
        "x-ms-client-request-id": [ "008199ff-2a33-438d-b29e-240702885221" ],
        "CommandName": [ "Get-AzPostgreSqlServer" ],
        "FullCommandName": [ "Get-AzPostgreSqlServer_List1" ],
        "ParameterSetName": [ "__AllParameterSets" ],
        "User-Agent": [ "AzurePowershell/Az4.0.0-preview" ],
        "Authorization": [ "[Filtered]" ]
      },
      "ContentHeaders": {
      }
    },
    "Response": {
      "StatusCode": 200,
      "Headers": {
        "Cache-Control": [ "no-cache" ],
        "Pragma": [ "no-cache" ],
        "x-ms-request-id": [ "12f42299-91d2-4b62-b1d4-4b598b43653a" ],
        "Server": [ "Microsoft-HTTPAPI/2.0" ],
        "x-ms-ratelimit-remaining-subscription-reads": [ "11946" ],
        "x-ms-correlation-request-id": [ "9b9657da-b443-49f0-9c4e-9afde8f53829" ],
        "x-ms-routing-request-id": [ "SOUTHEASTASIA:20200925T111004Z:9b9657da-b443-49f0-9c4e-9afde8f53829" ],
        "Strict-Transport-Security": [ "max-age=31536000; includeSubDomains" ],
        "X-Content-Type-Options": [ "nosniff" ],
        "Date": [ "Fri, 25 Sep 2020 11:10:04 GMT" ]
      },
      "ContentHeaders": {
        "Content-Length": [ "931" ],
        "Content-Type": [ "application/json; charset=utf-8" ],
        "Expires": [ "-1" ]
      },
      "Content": "{\"value\":[{\"sku\":{\"name\":\"GP_Gen5_4\",\"tier\":\"GeneralPurpose\",\"family\":\"Gen5\",\"capacity\":4},\"properties\":{\"administratorLogin\":\"postgresql_test\",\"storageProfile\":{\"storageMB\":5120,\"backupRetentionDays\":7,\"geoRedundantBackup\":\"Disabled\",\"storageAutogrow\":\"Disabled\"},\"version\":\"9.6\",\"sslEnforcement\":\"Enabled\",\"minimalTlsVersion\":\"TLSEnforcementDisabled\",\"userVisibleState\":\"Ready\",\"fullyQualifiedDomainName\":\"postgresql-test-100.postgres.database.azure.com\",\"earliestRestoreDate\":\"2020-09-25T11:09:04.307+00:00\",\"replicationRole\":\"\",\"masterServerId\":\"\",\"byokEnforcement\":\"Disabled\",\"privateEndpointConnections\":[],\"infrastructureEncryption\":\"Disabled\",\"publicNetworkAccess\":\"Enabled\"},\"location\":\"eastus\",\"id\":\"/subscriptions/7fec3109-5b78-4a24-b834-5d47d63e2596/resourceGroups/PostgreSqlTest/providers/Microsoft.DBForPostgreSQL/servers/postgresql-test-100\",\"name\":\"postgresql-test-100\",\"type\":\"Microsoft.DBForPostgreSQL/servers\"}]}"
    }
  },
  "Get-AzPostgreSqlServer+[NoContext]+Get+$GET+https://management.azure.com/subscriptions/7fec3109-5b78-4a24-b834-5d47d63e2596/resourceGroups/PostgreSqlTest/providers/Microsoft.DBForPostgreSQL/servers/postgresql-test-100?api-version=2017-12-01+1": {
    "Request": {
      "Method": "GET",
      "RequestUri": "https://management.azure.com/subscriptions/7fec3109-5b78-4a24-b834-5d47d63e2596/resourceGroups/PostgreSqlTest/providers/Microsoft.DBForPostgreSQL/servers/postgresql-test-100?api-version=2017-12-01",
      "Content": null,
      "Headers": {
        "x-ms-unique-id": [ "65" ],
        "x-ms-client-request-id": [ "eedac024-1422-461e-8eba-410950e9cd24" ],
        "CommandName": [ "Get-AzPostgreSqlServer" ],
        "FullCommandName": [ "Get-AzPostgreSqlServer_Get" ],
        "ParameterSetName": [ "__AllParameterSets" ],
        "User-Agent": [ "AzurePowershell/Az4.0.0-preview" ],
        "Authorization": [ "[Filtered]" ]
      },
      "ContentHeaders": {
      }
    },
    "Response": {
      "StatusCode": 200,
      "Headers": {
        "Cache-Control": [ "no-cache" ],
        "Pragma": [ "no-cache" ],
        "x-ms-request-id": [ "d1287780-1aa6-43f3-ba00-9a2bc1b3c199" ],
        "Server": [ "Microsoft-HTTPAPI/2.0" ],
        "x-ms-ratelimit-remaining-subscription-reads": [ "11945" ],
        "x-ms-correlation-request-id": [ "41460cf9-f83e-4ed8-a559-c741be7ac586" ],
        "x-ms-routing-request-id": [ "SOUTHEASTASIA:20200925T111005Z:41460cf9-f83e-4ed8-a559-c741be7ac586" ],
        "Strict-Transport-Security": [ "max-age=31536000; includeSubDomains" ],
        "X-Content-Type-Options": [ "nosniff" ],
        "Date": [ "Fri, 25 Sep 2020 11:10:04 GMT" ]
      },
      "ContentHeaders": {
        "Content-Length": [ "943" ],
        "Content-Type": [ "application/json; charset=utf-8" ],
        "Expires": [ "-1" ]
      },
      "Content": "{\"sku\":{\"name\":\"GP_Gen5_4\",\"tier\":\"GeneralPurpose\",\"family\":\"Gen5\",\"capacity\":4},\"properties\":{\"administratorLogin\":\"postgresql_test\",\"storageProfile\":{\"storageMB\":5120,\"backupRetentionDays\":7,\"geoRedundantBackup\":\"Disabled\",\"storageAutogrow\":\"Disabled\"},\"version\":\"9.6\",\"sslEnforcement\":\"Enabled\",\"minimalTlsVersion\":\"TLSEnforcementDisabled\",\"userVisibleState\":\"Ready\",\"fullyQualifiedDomainName\":\"postgresql-test-100.postgres.database.azure.com\",\"earliestRestoreDate\":\"2020-09-25T11:09:04.307+00:00\",\"replicationRole\":\"None\",\"masterServerId\":\"\",\"replicaCapacity\":5,\"byokEnforcement\":\"Disabled\",\"privateEndpointConnections\":[],\"infrastructureEncryption\":\"Disabled\",\"publicNetworkAccess\":\"Enabled\"},\"location\":\"eastus\",\"id\":\"/subscriptions/7fec3109-5b78-4a24-b834-5d47d63e2596/resourceGroups/PostgreSqlTest/providers/Microsoft.DBForPostgreSQL/servers/postgresql-test-100\",\"name\":\"postgresql-test-100\",\"type\":\"Microsoft.DBForPostgreSQL/servers\"}"
    }
  },
  "Get-AzPostgreSqlServer+[NoContext]+List+$GET+https://management.azure.com/subscriptions/7fec3109-5b78-4a24-b834-5d47d63e2596/resourceGroups/PostgreSqlTest/providers/Microsoft.DBForPostgreSQL/servers?api-version=2017-12-01+1": {
    "Request": {
      "Method": "GET",
      "RequestUri": "https://management.azure.com/subscriptions/7fec3109-5b78-4a24-b834-5d47d63e2596/resourceGroups/PostgreSqlTest/providers/Microsoft.DBForPostgreSQL/servers?api-version=2017-12-01",
      "Content": null,
      "Headers": {
        "x-ms-unique-id": [ "66" ],
        "x-ms-client-request-id": [ "3f3d42e9-ba91-4aa6-9c24-490fa6bf88d4" ],
        "CommandName": [ "Get-AzPostgreSqlServer" ],
        "FullCommandName": [ "Get-AzPostgreSqlServer_List" ],
        "ParameterSetName": [ "__AllParameterSets" ],
        "User-Agent": [ "AzurePowershell/Az4.0.0-preview" ],
        "Authorization": [ "[Filtered]" ]
      },
      "ContentHeaders": {
      }
    },
    "Response": {
      "StatusCode": 200,
      "Headers": {
        "Cache-Control": [ "no-cache" ],
        "Pragma": [ "no-cache" ],
        "x-ms-request-id": [ "b9fa87ed-0b90-4019-a4fd-738fdf725f51" ],
        "Server": [ "Microsoft-HTTPAPI/2.0" ],
        "x-ms-ratelimit-remaining-subscription-reads": [ "11944" ],
        "x-ms-correlation-request-id": [ "3e0cb442-7926-4450-9897-e34193a3bd30" ],
        "x-ms-routing-request-id": [ "SOUTHEASTASIA:20200925T111005Z:3e0cb442-7926-4450-9897-e34193a3bd30" ],
        "Strict-Transport-Security": [ "max-age=31536000; includeSubDomains" ],
        "X-Content-Type-Options": [ "nosniff" ],
        "Date": [ "Fri, 25 Sep 2020 11:10:05 GMT" ]
      },
      "ContentHeaders": {
        "Content-Length": [ "931" ],
        "Content-Type": [ "application/json; charset=utf-8" ],
        "Expires": [ "-1" ]
      },
      "Content": "{\"value\":[{\"sku\":{\"name\":\"GP_Gen5_4\",\"tier\":\"GeneralPurpose\",\"family\":\"Gen5\",\"capacity\":4},\"properties\":{\"administratorLogin\":\"postgresql_test\",\"storageProfile\":{\"storageMB\":5120,\"backupRetentionDays\":7,\"geoRedundantBackup\":\"Disabled\",\"storageAutogrow\":\"Disabled\"},\"version\":\"9.6\",\"sslEnforcement\":\"Enabled\",\"minimalTlsVersion\":\"TLSEnforcementDisabled\",\"userVisibleState\":\"Ready\",\"fullyQualifiedDomainName\":\"postgresql-test-100.postgres.database.azure.com\",\"earliestRestoreDate\":\"2020-09-25T11:09:04.307+00:00\",\"replicationRole\":\"\",\"masterServerId\":\"\",\"byokEnforcement\":\"Disabled\",\"privateEndpointConnections\":[],\"infrastructureEncryption\":\"Disabled\",\"publicNetworkAccess\":\"Enabled\"},\"location\":\"eastus\",\"id\":\"/subscriptions/7fec3109-5b78-4a24-b834-5d47d63e2596/resourceGroups/PostgreSqlTest/providers/Microsoft.DBForPostgreSQL/servers/postgresql-test-100\",\"name\":\"postgresql-test-100\",\"type\":\"Microsoft.DBForPostgreSQL/servers\"}]}"
    }
  },
  "Get-AzPostgreSqlServer+[NoContext]+GetViaIdentity+$GET+https://management.azure.com/subscriptions/7fec3109-5b78-4a24-b834-5d47d63e2596/resourceGroups/PostgreSqlTest/providers/Microsoft.DBForPostgreSQL/servers/postgresql-test-100?api-version=2017-12-01+1": {
    "Request": {
      "Method": "GET",
      "RequestUri": "https://management.azure.com/subscriptions/7fec3109-5b78-4a24-b834-5d47d63e2596/resourceGroups/PostgreSqlTest/providers/Microsoft.DBForPostgreSQL/servers/postgresql-test-100?api-version=2017-12-01",
      "Content": null,
      "Headers": {
        "x-ms-unique-id": [ "67" ],
        "x-ms-client-request-id": [ "c0278037-8168-4b54-ae5d-48228648e729" ],
        "CommandName": [ "Get-AzPostgreSqlServer" ],
        "FullCommandName": [ "Get-AzPostgreSqlServer_GetViaIdentity" ],
        "ParameterSetName": [ "__AllParameterSets" ],
        "User-Agent": [ "AzurePowershell/Az4.0.0-preview" ],
        "Authorization": [ "[Filtered]" ]
      },
      "ContentHeaders": {
      }
    },
    "Response": {
      "StatusCode": 200,
      "Headers": {
        "Cache-Control": [ "no-cache" ],
        "Pragma": [ "no-cache" ],
        "x-ms-request-id": [ "5d97d9e7-7459-4a8d-b07c-d13ead55af67" ],
        "Server": [ "Microsoft-HTTPAPI/2.0" ],
        "x-ms-ratelimit-remaining-subscription-reads": [ "11943" ],
        "x-ms-correlation-request-id": [ "ce472420-423f-4c62-8b0d-87493fbb909a" ],
        "x-ms-routing-request-id": [ "SOUTHEASTASIA:20200925T111006Z:ce472420-423f-4c62-8b0d-87493fbb909a" ],
        "Strict-Transport-Security": [ "max-age=31536000; includeSubDomains" ],
        "X-Content-Type-Options": [ "nosniff" ],
        "Date": [ "Fri, 25 Sep 2020 11:10:05 GMT" ]
      },
      "ContentHeaders": {
        "Content-Length": [ "943" ],
        "Content-Type": [ "application/json; charset=utf-8" ],
        "Expires": [ "-1" ]
      },
      "Content": "{\"sku\":{\"name\":\"GP_Gen5_4\",\"tier\":\"GeneralPurpose\",\"family\":\"Gen5\",\"capacity\":4},\"properties\":{\"administratorLogin\":\"postgresql_test\",\"storageProfile\":{\"storageMB\":5120,\"backupRetentionDays\":7,\"geoRedundantBackup\":\"Disabled\",\"storageAutogrow\":\"Disabled\"},\"version\":\"9.6\",\"sslEnforcement\":\"Enabled\",\"minimalTlsVersion\":\"TLSEnforcementDisabled\",\"userVisibleState\":\"Ready\",\"fullyQualifiedDomainName\":\"postgresql-test-100.postgres.database.azure.com\",\"earliestRestoreDate\":\"2020-09-25T11:09:04.307+00:00\",\"replicationRole\":\"None\",\"masterServerId\":\"\",\"replicaCapacity\":5,\"byokEnforcement\":\"Disabled\",\"privateEndpointConnections\":[],\"infrastructureEncryption\":\"Disabled\",\"publicNetworkAccess\":\"Enabled\"},\"location\":\"eastus\",\"id\":\"/subscriptions/7fec3109-5b78-4a24-b834-5d47d63e2596/resourceGroups/PostgreSqlTest/providers/Microsoft.DBForPostgreSQL/servers/postgresql-test-100\",\"name\":\"postgresql-test-100\",\"type\":\"Microsoft.DBForPostgreSQL/servers\"}"
    }
  }
}