{
  "Update-AzPostgreSqlFlexibleServerFirewallRule+[NoContext]+UpdateExpanded+$PUT+https://management.azure.com/subscriptions/7fec3109-5b78-4a24-b834-5d47d63e2596/resourceGroups/PostgreSqlTest/providers/Microsoft.DBForPostgreSql/flexibleServers/postgresql-flexible-test-100/firewallRules/postgresqlrule01?api-version=2020-02-14-preview+1": {
    "Request": {
      "Method": "PUT",
      "RequestUri": "https://management.azure.com/subscriptions/7fec3109-5b78-4a24-b834-5d47d63e2596/resourceGroups/PostgreSqlTest/providers/Microsoft.DBForPostgreSql/flexibleServers/postgresql-flexible-test-100/firewallRules/postgresqlrule01?api-version=2020-02-14-preview",
      "Content": "{\r\n  \"properties\": {\r\n    \"startIpAddress\": \"0.0.0.0\",\r\n    \"endIpAddress\": \"0.0.0.1\"\r\n  }\r\n}",
      "Headers": {
      },
      "ContentHeaders": {
        "Content-Type": [ "application/json" ],
        "Content-Length": [ "93" ]
      }
    },
    "Response": {
      "StatusCode": 202,
      "Headers": {
        "Cache-Control": [ "no-cache" ],
        "Pragma": [ "no-cache" ],
        "Location": [ "https://management.azure.com/subscriptions/7fec3109-5b78-4a24-b834-5d47d63e2596/providers/Microsoft.DBforPostgreSQL/locations/eastus2euap/operationResults/8d811bc8-fb0d-4944-aa41-d6f76e9be39e?api-version=2020-02-14-preview" ],
        "Retry-After": [ "60" ],
        "Azure-AsyncOperation": [ "https://management.azure.com/subscriptions/7fec3109-5b78-4a24-b834-5d47d63e2596/providers/Microsoft.DBforPostgreSQL/locations/eastus2euap/azureAsyncOperation/8d811bc8-fb0d-4944-aa41-d6f76e9be39e?api-version=2020-02-14-preview" ],
        "X-Content-Type-Options": [ "nosniff" ],
        "x-ms-request-id": [ "8d811bc8-fb0d-4944-aa41-d6f76e9be39e" ],
        "Server": [ "Microsoft-HTTPAPI/2.0" ],
        "x-ms-ratelimit-remaining-subscription-writes": [ "1195" ],
        "x-ms-correlation-request-id": [ "c459562a-eac5-4f8d-9f6e-f3d5836f9bcc" ],
        "x-ms-routing-request-id": [ "WESTUS2:20201112T231437Z:c459562a-eac5-4f8d-9f6e-f3d5836f9bcc" ],
        "Strict-Transport-Security": [ "max-age=31536000; includeSubDomains" ],
        "Date": [ "Thu, 12 Nov 2020 23:14:36 GMT" ]
      },
      "ContentHeaders": {
        "Content-Length": [ "99" ],
        "Content-Type": [ "application/json; charset=utf-8" ],
        "Expires": [ "-1" ]
      },
      "Content": "{\"operation\":\"UpsertServerFirewallRulesManagementOperation\",\"startTime\":\"2020-11-12T23:14:37.497Z\"}"
    }
  },
  "Update-AzPostgreSqlFlexibleServerFirewallRule+[NoContext]+UpdateExpanded+$GET+https://management.azure.com/subscriptions/7fec3109-5b78-4a24-b834-5d47d63e2596/providers/Microsoft.DBforPostgreSQL/locations/eastus2euap/azureAsyncOperation/8d811bc8-fb0d-4944-aa41-d6f76e9be39e?api-version=2020-02-14-preview+2": {
    "Request": {
      "Method": "GET",
      "RequestUri": "https://management.azure.com/subscriptions/7fec3109-5b78-4a24-b834-5d47d63e2596/providers/Microsoft.DBforPostgreSQL/locations/eastus2euap/azureAsyncOperation/8d811bc8-fb0d-4944-aa41-d6f76e9be39e?api-version=2020-02-14-preview",
      "Content": null,
      "Headers": {
        "Authorization": [ "[Filtered]" ],
        "x-ms-unique-id": [ "14" ],
        "x-ms-client-request-id": [ "3abbc022-9fc3-4719-ba09-71a0566d22af" ],
        "CommandName": [ "Az.PostgreSql.internal\\New-AzPostgreSqlFlexibleServerFirewallRule" ],
        "FullCommandName": [ "New-AzPostgreSqlFlexibleServerFirewallRule_CreateExpanded" ],
        "ParameterSetName": [ "__AllParameterSets" ],
        "User-Agent": [ "AzurePowershell/Az4.0.0-preview" ]
      },
      "ContentHeaders": {
      }
    },
    "Response": {
      "StatusCode": 200,
      "Headers": {
        "Cache-Control": [ "no-cache" ],
        "Pragma": [ "no-cache" ],
        "Retry-After": [ "60" ],
        "X-Content-Type-Options": [ "nosniff" ],
        "x-ms-request-id": [ "b3592a54-8657-42c2-9f84-e978cfb7e185" ],
        "Server": [ "Microsoft-HTTPAPI/2.0" ],
        "x-ms-ratelimit-remaining-subscription-reads": [ "11979" ],
        "x-ms-correlation-request-id": [ "559f31db-5e68-4562-bf2f-899fb0ccc6f9" ],
        "x-ms-routing-request-id": [ "WESTUS2:20201112T231538Z:559f31db-5e68-4562-bf2f-899fb0ccc6f9" ],
        "Strict-Transport-Security": [ "max-age=31536000; includeSubDomains" ],
        "Date": [ "Thu, 12 Nov 2020 23:15:37 GMT" ]
      },
      "ContentHeaders": {
        "Content-Length": [ "107" ],
        "Content-Type": [ "application/json; charset=utf-8" ],
        "Expires": [ "-1" ]
      },
      "Content": "{\"name\":\"8d811bc8-fb0d-4944-aa41-d6f76e9be39e\",\"status\":\"Succeeded\",\"startTime\":\"2020-11-12T23:14:37.497Z\"}"
    }
  },
  "Update-AzPostgreSqlFlexibleServerFirewallRule+[NoContext]+UpdateExpanded+$GET+https://management.azure.com/subscriptions/7fec3109-5b78-4a24-b834-5d47d63e2596/resourceGroups/PostgreSqlTest/providers/Microsoft.DBForPostgreSql/flexibleServers/postgresql-flexible-test-100/firewallRules/postgresqlrule01?api-version=2020-02-14-preview+3": {
    "Request": {
      "Method": "GET",
      "RequestUri": "https://management.azure.com/subscriptions/7fec3109-5b78-4a24-b834-5d47d63e2596/resourceGroups/PostgreSqlTest/providers/Microsoft.DBForPostgreSql/flexibleServers/postgresql-flexible-test-100/firewallRules/postgresqlrule01?api-version=2020-02-14-preview",
      "Content": null,
      "Headers": {
        "Authorization": [ "[Filtered]" ],
        "x-ms-unique-id": [ "15" ],
        "x-ms-client-request-id": [ "3abbc022-9fc3-4719-ba09-71a0566d22af" ],
        "CommandName": [ "Az.PostgreSql.internal\\New-AzPostgreSqlFlexibleServerFirewallRule" ],
        "FullCommandName": [ "New-AzPostgreSqlFlexibleServerFirewallRule_CreateExpanded" ],
        "ParameterSetName": [ "__AllParameterSets" ],
        "User-Agent": [ "AzurePowershell/Az4.0.0-preview" ]
      },
      "ContentHeaders": {
      }
    },
    "Response": {
      "StatusCode": 200,
      "Headers": {
        "Cache-Control": [ "no-cache" ],
        "Pragma": [ "no-cache" ],
        "X-Content-Type-Options": [ "nosniff" ],
        "x-ms-request-id": [ "73831a64-eca9-4c8d-bddd-0b9f401c9485" ],
        "Server": [ "Microsoft-HTTPAPI/2.0" ],
        "x-ms-ratelimit-remaining-subscription-reads": [ "11978" ],
        "x-ms-correlation-request-id": [ "75e30b63-ea48-4a5d-9902-72549dd7906e" ],
        "x-ms-routing-request-id": [ "WESTUS2:20201112T231538Z:75e30b63-ea48-4a5d-9902-72549dd7906e" ],
        "Strict-Transport-Security": [ "max-age=31536000; includeSubDomains" ],
        "Date": [ "Thu, 12 Nov 2020 23:15:38 GMT" ]
      },
      "ContentHeaders": {
        "Content-Length": [ "159" ],
        "Content-Type": [ "application/json; charset=utf-8" ],
        "Expires": [ "-1" ]
      },
      "Content": "{\"properties\":{\"startIpAddress\":\"0.0.0.0\",\"endIpAddress\":\"0.0.0.1\"},\"name\":\"postgresqlrule01\",\"type\":\"Microsoft.DBforPostgreSQL/flexibleServers/firewallRules\"}"
    }
  },
  "Update-AzPostgreSqlFlexibleServerFirewallRule+[NoContext]+UpdateExpanded+$PUT+https://management.azure.com/subscriptions/7fec3109-5b78-4a24-b834-5d47d63e2596/resourceGroups/PostgreSqlTest/providers/Microsoft.DBForPostgreSql/flexibleServers/postgresql-flexible-test-100/firewallRules/postgresqlrule01?api-version=2020-02-14-preview+4": {
    "Request": {
      "Method": "PUT",
      "RequestUri": "https://management.azure.com/subscriptions/7fec3109-5b78-4a24-b834-5d47d63e2596/resourceGroups/PostgreSqlTest/providers/Microsoft.DBForPostgreSql/flexibleServers/postgresql-flexible-test-100/firewallRules/postgresqlrule01?api-version=2020-02-14-preview",
      "Content": "{\r\n  \"properties\": {\r\n    \"startIpAddress\": \"0.0.0.2\",\r\n    \"endIpAddress\": \"0.0.0.3\"\r\n  }\r\n}",
      "Headers": {
      },
      "ContentHeaders": {
        "Content-Type": [ "application/json" ],
        "Content-Length": [ "93" ]
      }
    },
    "Response": {
      "StatusCode": 202,
      "Headers": {
        "Cache-Control": [ "no-cache" ],
        "Pragma": [ "no-cache" ],
        "Location": [ "https://management.azure.com/subscriptions/7fec3109-5b78-4a24-b834-5d47d63e2596/providers/Microsoft.DBforPostgreSQL/locations/eastus2euap/operationResults/2036f09b-622f-4e78-bcaa-666ff5efaa8e?api-version=2020-02-14-preview" ],
        "Retry-After": [ "60" ],
        "Azure-AsyncOperation": [ "https://management.azure.com/subscriptions/7fec3109-5b78-4a24-b834-5d47d63e2596/providers/Microsoft.DBforPostgreSQL/locations/eastus2euap/azureAsyncOperation/2036f09b-622f-4e78-bcaa-666ff5efaa8e?api-version=2020-02-14-preview" ],
        "X-Content-Type-Options": [ "nosniff" ],
        "x-ms-request-id": [ "2036f09b-622f-4e78-bcaa-666ff5efaa8e" ],
        "Server": [ "Microsoft-HTTPAPI/2.0" ],
        "x-ms-ratelimit-remaining-subscription-writes": [ "1194" ],
        "x-ms-correlation-request-id": [ "63ceb51f-c169-41ad-8bf4-0b84be455401" ],
        "x-ms-routing-request-id": [ "WESTUS2:20201112T231538Z:63ceb51f-c169-41ad-8bf4-0b84be455401" ],
        "Strict-Transport-Security": [ "max-age=31536000; includeSubDomains" ],
        "Date": [ "Thu, 12 Nov 2020 23:15:38 GMT" ]
      },
      "ContentHeaders": {
        "Content-Length": [ "99" ],
        "Content-Type": [ "application/json; charset=utf-8" ],
        "Expires": [ "-1" ]
      },
      "Content": "{\"operation\":\"UpsertServerFirewallRulesManagementOperation\",\"startTime\":\"2020-11-12T23:15:38.517Z\"}"
    }
  },
  "Update-AzPostgreSqlFlexibleServerFirewallRule+[NoContext]+UpdateExpanded+$GET+https://management.azure.com/subscriptions/7fec3109-5b78-4a24-b834-5d47d63e2596/providers/Microsoft.DBforPostgreSQL/locations/eastus2euap/azureAsyncOperation/2036f09b-622f-4e78-bcaa-666ff5efaa8e?api-version=2020-02-14-preview+5": {
    "Request": {
      "Method": "GET",
      "RequestUri": "https://management.azure.com/subscriptions/7fec3109-5b78-4a24-b834-5d47d63e2596/providers/Microsoft.DBforPostgreSQL/locations/eastus2euap/azureAsyncOperation/2036f09b-622f-4e78-bcaa-666ff5efaa8e?api-version=2020-02-14-preview",
      "Content": null,
      "Headers": {
        "Authorization": [ "[Filtered]" ],
        "x-ms-unique-id": [ "17" ],
        "x-ms-client-request-id": [ "212f8565-919f-4c3a-b64d-319dab78fe75" ],
        "CommandName": [ "Az.PostgreSql.internal\\Update-AzPostgreSqlFlexibleServerFirewallRule" ],
        "FullCommandName": [ "Update-AzPostgreSqlFlexibleServerFirewallRule_UpdateExpanded" ],
        "ParameterSetName": [ "__AllParameterSets" ],
        "User-Agent": [ "AzurePowershell/Az4.0.0-preview" ]
      },
      "ContentHeaders": {
      }
    },
    "Response": {
      "StatusCode": 200,
      "Headers": {
        "Cache-Control": [ "no-cache" ],
        "Pragma": [ "no-cache" ],
        "Retry-After": [ "60" ],
        "X-Content-Type-Options": [ "nosniff" ],
        "x-ms-request-id": [ "be038722-2001-47bf-8f0b-1e6393679086" ],
        "Server": [ "Microsoft-HTTPAPI/2.0" ],
        "x-ms-ratelimit-remaining-subscription-reads": [ "11977" ],
        "x-ms-correlation-request-id": [ "1ca0ebd8-1064-4e2c-b5d3-b02efd178d3c" ],
        "x-ms-routing-request-id": [ "WESTUS2:20201112T231639Z:1ca0ebd8-1064-4e2c-b5d3-b02efd178d3c" ],
        "Strict-Transport-Security": [ "max-age=31536000; includeSubDomains" ],
        "Date": [ "Thu, 12 Nov 2020 23:16:38 GMT" ]
      },
      "ContentHeaders": {
        "Content-Length": [ "107" ],
        "Content-Type": [ "application/json; charset=utf-8" ],
        "Expires": [ "-1" ]
      },
      "Content": "{\"name\":\"2036f09b-622f-4e78-bcaa-666ff5efaa8e\",\"status\":\"Succeeded\",\"startTime\":\"2020-11-12T23:15:38.517Z\"}"
    }
  },
  "Update-AzPostgreSqlFlexibleServerFirewallRule+[NoContext]+UpdateExpanded+$GET+https://management.azure.com/subscriptions/7fec3109-5b78-4a24-b834-5d47d63e2596/resourceGroups/PostgreSqlTest/providers/Microsoft.DBForPostgreSql/flexibleServers/postgresql-flexible-test-100/firewallRules/postgresqlrule01?api-version=2020-02-14-preview+6": {
    "Request": {
      "Method": "GET",
      "RequestUri": "https://management.azure.com/subscriptions/7fec3109-5b78-4a24-b834-5d47d63e2596/resourceGroups/PostgreSqlTest/providers/Microsoft.DBForPostgreSql/flexibleServers/postgresql-flexible-test-100/firewallRules/postgresqlrule01?api-version=2020-02-14-preview",
      "Content": null,
      "Headers": {
        "Authorization": [ "[Filtered]" ],
        "x-ms-unique-id": [ "18" ],
        "x-ms-client-request-id": [ "212f8565-919f-4c3a-b64d-319dab78fe75" ],
        "CommandName": [ "Az.PostgreSql.internal\\Update-AzPostgreSqlFlexibleServerFirewallRule" ],
        "FullCommandName": [ "Update-AzPostgreSqlFlexibleServerFirewallRule_UpdateExpanded" ],
        "ParameterSetName": [ "__AllParameterSets" ],
        "User-Agent": [ "AzurePowershell/Az4.0.0-preview" ]
      },
      "ContentHeaders": {
      }
    },
    "Response": {
      "StatusCode": 200,
      "Headers": {
        "Cache-Control": [ "no-cache" ],
        "Pragma": [ "no-cache" ],
        "X-Content-Type-Options": [ "nosniff" ],
        "x-ms-request-id": [ "af205ca0-9962-49b3-9e20-502d9d7fb4d9" ],
        "Server": [ "Microsoft-HTTPAPI/2.0" ],
        "x-ms-ratelimit-remaining-subscription-reads": [ "11976" ],
        "x-ms-correlation-request-id": [ "85a4b1cd-0263-4236-b91d-d701f6d64e80" ],
        "x-ms-routing-request-id": [ "WESTUS2:20201112T231639Z:85a4b1cd-0263-4236-b91d-d701f6d64e80" ],
        "Strict-Transport-Security": [ "max-age=31536000; includeSubDomains" ],
        "Date": [ "Thu, 12 Nov 2020 23:16:38 GMT" ]
      },
      "ContentHeaders": {
        "Content-Length": [ "159" ],
        "Content-Type": [ "application/json; charset=utf-8" ],
        "Expires": [ "-1" ]
      },
      "Content": "{\"properties\":{\"startIpAddress\":\"0.0.0.2\",\"endIpAddress\":\"0.0.0.3\"},\"name\":\"postgresqlrule01\",\"type\":\"Microsoft.DBforPostgreSQL/flexibleServers/firewallRules\"}"
    }
  },
  "Update-AzPostgreSqlFlexibleServerFirewallRule+[NoContext]+ClientIPAddress+$PUT+https://management.azure.com/subscriptions/7fec3109-5b78-4a24-b834-5d47d63e2596/resourceGroups/PostgreSqlTest/providers/Microsoft.DBForPostgreSql/flexibleServers/postgresql-flexible-test-100/firewallRules/postgresqlrule01?api-version=2020-02-14-preview+1": {
    "Request": {
      "Method": "PUT",
      "RequestUri": "https://management.azure.com/subscriptions/7fec3109-5b78-4a24-b834-5d47d63e2596/resourceGroups/PostgreSqlTest/providers/Microsoft.DBForPostgreSql/flexibleServers/postgresql-flexible-test-100/firewallRules/postgresqlrule01?api-version=2020-02-14-preview",
      "Content": "{\r\n  \"properties\": {\r\n    \"startIpAddress\": \"0.0.0.2\",\r\n    \"endIpAddress\": \"0.0.0.2\"\r\n  }\r\n}",
      "Headers": {
      },
      "ContentHeaders": {
        "Content-Type": [ "application/json" ],
        "Content-Length": [ "93" ]
      }
    },
    "Response": {
      "StatusCode": 202,
      "Headers": {
        "Cache-Control": [ "no-cache" ],
        "Pragma": [ "no-cache" ],
        "Location": [ "https://management.azure.com/subscriptions/7fec3109-5b78-4a24-b834-5d47d63e2596/providers/Microsoft.DBforPostgreSQL/locations/eastus2euap/operationResults/04a22503-26bd-48d1-ae3b-c33e10cecf5c?api-version=2020-02-14-preview" ],
        "Retry-After": [ "60" ],
        "Azure-AsyncOperation": [ "https://management.azure.com/subscriptions/7fec3109-5b78-4a24-b834-5d47d63e2596/providers/Microsoft.DBforPostgreSQL/locations/eastus2euap/azureAsyncOperation/04a22503-26bd-48d1-ae3b-c33e10cecf5c?api-version=2020-02-14-preview" ],
        "X-Content-Type-Options": [ "nosniff" ],
        "x-ms-request-id": [ "04a22503-26bd-48d1-ae3b-c33e10cecf5c" ],
        "Server": [ "Microsoft-HTTPAPI/2.0" ],
        "x-ms-ratelimit-remaining-subscription-writes": [ "1193" ],
        "x-ms-correlation-request-id": [ "ab3997ca-9e1e-45b8-b138-7d0abeadd92e" ],
        "x-ms-routing-request-id": [ "WESTUS2:20201112T231639Z:ab3997ca-9e1e-45b8-b138-7d0abeadd92e" ],
        "Strict-Transport-Security": [ "max-age=31536000; includeSubDomains" ],
        "Date": [ "Thu, 12 Nov 2020 23:16:38 GMT" ]
      },
      "ContentHeaders": {
        "Content-Length": [ "99" ],
        "Content-Type": [ "application/json; charset=utf-8" ],
        "Expires": [ "-1" ]
      },
      "Content": "{\"operation\":\"UpsertServerFirewallRulesManagementOperation\",\"startTime\":\"2020-11-12T23:16:39.523Z\"}"
    }
  },
  "Update-AzPostgreSqlFlexibleServerFirewallRule+[NoContext]+ClientIPAddress+$GET+https://management.azure.com/subscriptions/7fec3109-5b78-4a24-b834-5d47d63e2596/providers/Microsoft.DBforPostgreSQL/locations/eastus2euap/azureAsyncOperation/04a22503-26bd-48d1-ae3b-c33e10cecf5c?api-version=2020-02-14-preview+2": {
    "Request": {
      "Method": "GET",
      "RequestUri": "https://management.azure.com/subscriptions/7fec3109-5b78-4a24-b834-5d47d63e2596/providers/Microsoft.DBforPostgreSQL/locations/eastus2euap/azureAsyncOperation/04a22503-26bd-48d1-ae3b-c33e10cecf5c?api-version=2020-02-14-preview",
      "Content": null,
      "Headers": {
        "Authorization": [ "[Filtered]" ],
        "x-ms-unique-id": [ "20" ],
        "x-ms-client-request-id": [ "17dde2c7-bb7d-4ea8-84a4-7c5a7d164b66" ],
        "CommandName": [ "Az.PostgreSql.internal\\Update-AzPostgreSqlFlexibleServerFirewallRule" ],
        "FullCommandName": [ "Update-AzPostgreSqlFlexibleServerFirewallRule_UpdateExpanded" ],
        "ParameterSetName": [ "__AllParameterSets" ],
        "User-Agent": [ "AzurePowershell/Az4.0.0-preview" ]
      },
      "ContentHeaders": {
      }
    },
    "Response": {
      "StatusCode": 200,
      "Headers": {
        "Cache-Control": [ "no-cache" ],
        "Pragma": [ "no-cache" ],
        "Retry-After": [ "60" ],
        "X-Content-Type-Options": [ "nosniff" ],
        "x-ms-request-id": [ "9e53951d-5ba2-4b10-9a62-63dac0a7023a" ],
        "Server": [ "Microsoft-HTTPAPI/2.0" ],
        "x-ms-ratelimit-remaining-subscription-reads": [ "11975" ],
        "x-ms-correlation-request-id": [ "1b5c82cb-ab49-46c5-be67-64c8f8d36acd" ],
        "x-ms-routing-request-id": [ "WESTUS2:20201112T231740Z:1b5c82cb-ab49-46c5-be67-64c8f8d36acd" ],
        "Strict-Transport-Security": [ "max-age=31536000; includeSubDomains" ],
        "Date": [ "Thu, 12 Nov 2020 23:17:39 GMT" ]
      },
      "ContentHeaders": {
        "Content-Length": [ "107" ],
        "Content-Type": [ "application/json; charset=utf-8" ],
        "Expires": [ "-1" ]
      },
      "Content": "{\"name\":\"04a22503-26bd-48d1-ae3b-c33e10cecf5c\",\"status\":\"Succeeded\",\"startTime\":\"2020-11-12T23:16:39.523Z\"}"
    }
  },
  "Update-AzPostgreSqlFlexibleServerFirewallRule+[NoContext]+ClientIPAddress+$GET+https://management.azure.com/subscriptions/7fec3109-5b78-4a24-b834-5d47d63e2596/resourceGroups/PostgreSqlTest/providers/Microsoft.DBForPostgreSql/flexibleServers/postgresql-flexible-test-100/firewallRules/postgresqlrule01?api-version=2020-02-14-preview+3": {
    "Request": {
      "Method": "GET",
      "RequestUri": "https://management.azure.com/subscriptions/7fec3109-5b78-4a24-b834-5d47d63e2596/resourceGroups/PostgreSqlTest/providers/Microsoft.DBForPostgreSql/flexibleServers/postgresql-flexible-test-100/firewallRules/postgresqlrule01?api-version=2020-02-14-preview",
      "Content": null,
      "Headers": {
        "Authorization": [ "[Filtered]" ],
        "x-ms-unique-id": [ "21" ],
        "x-ms-client-request-id": [ "17dde2c7-bb7d-4ea8-84a4-7c5a7d164b66" ],
        "CommandName": [ "Az.PostgreSql.internal\\Update-AzPostgreSqlFlexibleServerFirewallRule" ],
        "FullCommandName": [ "Update-AzPostgreSqlFlexibleServerFirewallRule_UpdateExpanded" ],
        "ParameterSetName": [ "__AllParameterSets" ],
        "User-Agent": [ "AzurePowershell/Az4.0.0-preview" ]
      },
      "ContentHeaders": {
      }
    },
    "Response": {
      "StatusCode": 200,
      "Headers": {
        "Cache-Control": [ "no-cache" ],
        "Pragma": [ "no-cache" ],
        "X-Content-Type-Options": [ "nosniff" ],
        "x-ms-request-id": [ "87b3f784-64cd-4255-a130-95938116f059" ],
        "Server": [ "Microsoft-HTTPAPI/2.0" ],
        "x-ms-ratelimit-remaining-subscription-reads": [ "11974" ],
        "x-ms-correlation-request-id": [ "13ef521a-8b5b-4532-8c9d-ab02ea1ff9b4" ],
        "x-ms-routing-request-id": [ "WESTUS2:20201112T231740Z:13ef521a-8b5b-4532-8c9d-ab02ea1ff9b4" ],
        "Strict-Transport-Security": [ "max-age=31536000; includeSubDomains" ],
        "Date": [ "Thu, 12 Nov 2020 23:17:39 GMT" ]
      },
      "ContentHeaders": {
        "Content-Length": [ "159" ],
        "Content-Type": [ "application/json; charset=utf-8" ],
        "Expires": [ "-1" ]
      },
      "Content": "{\"properties\":{\"startIpAddress\":\"0.0.0.2\",\"endIpAddress\":\"0.0.0.2\"},\"name\":\"postgresqlrule01\",\"type\":\"Microsoft.DBforPostgreSQL/flexibleServers/firewallRules\"}"
    }
  },
  "Update-AzPostgreSqlFlexibleServerFirewallRule+[NoContext]+UpdateViaIdentityExpanded+$PUT+https://management.azure.com/subscriptions/7fec3109-5b78-4a24-b834-5d47d63e2596/resourceGroups/PostgreSqlTest/providers/Microsoft.DBForPostgreSql/flexibleServers/postgresql-flexible-test-100/firewallRules/postgresqlrule01?api-version=2020-02-14-preview+1": {
    "Request": {
      "Method": "PUT",
      "RequestUri": "https://management.azure.com/subscriptions/7fec3109-5b78-4a24-b834-5d47d63e2596/resourceGroups/PostgreSqlTest/providers/Microsoft.DBForPostgreSql/flexibleServers/postgresql-flexible-test-100/firewallRules/postgresqlrule01?api-version=2020-02-14-preview",
      "Content": "{\r\n  \"properties\": {\r\n    \"startIpAddress\": \"0.0.0.4\",\r\n    \"endIpAddress\": \"0.0.0.5\"\r\n  }\r\n}",
      "Headers": {
      },
      "ContentHeaders": {
        "Content-Type": [ "application/json" ],
        "Content-Length": [ "93" ]
      }
    },
    "Response": {
      "StatusCode": 202,
      "Headers": {
        "Cache-Control": [ "no-cache" ],
        "Pragma": [ "no-cache" ],
        "Location": [ "https://management.azure.com/subscriptions/7fec3109-5b78-4a24-b834-5d47d63e2596/providers/Microsoft.DBforPostgreSQL/locations/eastus2euap/operationResults/5ec82055-979b-43b1-8d3d-524584126bd5?api-version=2020-02-14-preview" ],
        "Retry-After": [ "60" ],
        "Azure-AsyncOperation": [ "https://management.azure.com/subscriptions/7fec3109-5b78-4a24-b834-5d47d63e2596/providers/Microsoft.DBforPostgreSQL/locations/eastus2euap/azureAsyncOperation/5ec82055-979b-43b1-8d3d-524584126bd5?api-version=2020-02-14-preview" ],
        "X-Content-Type-Options": [ "nosniff" ],
        "x-ms-request-id": [ "5ec82055-979b-43b1-8d3d-524584126bd5" ],
        "Server": [ "Microsoft-HTTPAPI/2.0" ],
        "x-ms-ratelimit-remaining-subscription-writes": [ "1192" ],
        "x-ms-correlation-request-id": [ "a08f3e9f-61df-4641-b946-fcbd83957780" ],
        "x-ms-routing-request-id": [ "WESTUS2:20201112T231741Z:a08f3e9f-61df-4641-b946-fcbd83957780" ],
        "Strict-Transport-Security": [ "max-age=31536000; includeSubDomains" ],
        "Date": [ "Thu, 12 Nov 2020 23:17:40 GMT" ]
      },
      "ContentHeaders": {
        "Content-Length": [ "98" ],
        "Content-Type": [ "application/json; charset=utf-8" ],
        "Expires": [ "-1" ]
      },
      "Content": "{\"operation\":\"UpsertServerFirewallRulesManagementOperation\",\"startTime\":\"2020-11-12T23:17:40.99Z\"}"
    }
  },
  "Update-AzPostgreSqlFlexibleServerFirewallRule+[NoContext]+UpdateViaIdentityExpanded+$GET+https://management.azure.com/subscriptions/7fec3109-5b78-4a24-b834-5d47d63e2596/providers/Microsoft.DBforPostgreSQL/locations/eastus2euap/azureAsyncOperation/5ec82055-979b-43b1-8d3d-524584126bd5?api-version=2020-02-14-preview+2": {
    "Request": {
      "Method": "GET",
      "RequestUri": "https://management.azure.com/subscriptions/7fec3109-5b78-4a24-b834-5d47d63e2596/providers/Microsoft.DBforPostgreSQL/locations/eastus2euap/azureAsyncOperation/5ec82055-979b-43b1-8d3d-524584126bd5?api-version=2020-02-14-preview",
      "Content": null,
      "Headers": {
        "Authorization": [ "[Filtered]" ],
        "x-ms-unique-id": [ "23" ],
        "x-ms-client-request-id": [ "60cf821d-6895-49e7-ab4e-95bdb15e3222" ],
        "CommandName": [ "Az.PostgreSql.internal\\Update-AzPostgreSqlFlexibleServerFirewallRule" ],
        "FullCommandName": [ "Update-AzPostgreSqlFlexibleServerFirewallRule_UpdateViaIdentityExpanded" ],
        "ParameterSetName": [ "__AllParameterSets" ],
        "User-Agent": [ "AzurePowershell/Az4.0.0-preview" ]
      },
      "ContentHeaders": {
      }
    },
    "Response": {
      "StatusCode": 200,
      "Headers": {
        "Cache-Control": [ "no-cache" ],
        "Pragma": [ "no-cache" ],
        "Retry-After": [ "60" ],
        "X-Content-Type-Options": [ "nosniff" ],
        "x-ms-request-id": [ "ca08e992-2472-48a3-a55b-0c9cc2cd25c6" ],
        "Server": [ "Microsoft-HTTPAPI/2.0" ],
        "x-ms-ratelimit-remaining-subscription-reads": [ "11973" ],
        "x-ms-correlation-request-id": [ "4c7c0218-71d4-4d1a-8962-5f2d904e08d7" ],
        "x-ms-routing-request-id": [ "WESTUS2:20201112T231841Z:4c7c0218-71d4-4d1a-8962-5f2d904e08d7" ],
        "Strict-Transport-Security": [ "max-age=31536000; includeSubDomains" ],
        "Date": [ "Thu, 12 Nov 2020 23:18:41 GMT" ]
      },
      "ContentHeaders": {
        "Content-Length": [ "106" ],
        "Content-Type": [ "application/json; charset=utf-8" ],
        "Expires": [ "-1" ]
      },
      "Content": "{\"name\":\"5ec82055-979b-43b1-8d3d-524584126bd5\",\"status\":\"Succeeded\",\"startTime\":\"2020-11-12T23:17:40.99Z\"}"
    }
  },
  "Update-AzPostgreSqlFlexibleServerFirewallRule+[NoContext]+UpdateViaIdentityExpanded+$GET+https://management.azure.com/subscriptions/7fec3109-5b78-4a24-b834-5d47d63e2596/resourceGroups/PostgreSqlTest/providers/Microsoft.DBForPostgreSql/flexibleServers/postgresql-flexible-test-100/firewallRules/postgresqlrule01?api-version=2020-02-14-preview+3": {
    "Request": {
      "Method": "GET",
      "RequestUri": "https://management.azure.com/subscriptions/7fec3109-5b78-4a24-b834-5d47d63e2596/resourceGroups/PostgreSqlTest/providers/Microsoft.DBForPostgreSql/flexibleServers/postgresql-flexible-test-100/firewallRules/postgresqlrule01?api-version=2020-02-14-preview",
      "Content": null,
      "Headers": {
        "Authorization": [ "[Filtered]" ],
        "x-ms-unique-id": [ "24" ],
        "x-ms-client-request-id": [ "60cf821d-6895-49e7-ab4e-95bdb15e3222" ],
        "CommandName": [ "Az.PostgreSql.internal\\Update-AzPostgreSqlFlexibleServerFirewallRule" ],
        "FullCommandName": [ "Update-AzPostgreSqlFlexibleServerFirewallRule_UpdateViaIdentityExpanded" ],
        "ParameterSetName": [ "__AllParameterSets" ],
        "User-Agent": [ "AzurePowershell/Az4.0.0-preview" ]
      },
      "ContentHeaders": {
      }
    },
    "Response": {
      "StatusCode": 200,
      "Headers": {
        "Cache-Control": [ "no-cache" ],
        "Pragma": [ "no-cache" ],
        "X-Content-Type-Options": [ "nosniff" ],
        "x-ms-request-id": [ "09c5dd6a-dd43-4759-ae07-adddca2b571d" ],
        "Server": [ "Microsoft-HTTPAPI/2.0" ],
        "x-ms-ratelimit-remaining-subscription-reads": [ "11972" ],
        "x-ms-correlation-request-id": [ "1544a38f-b4e9-46b4-a578-b8df768b0c05" ],
        "x-ms-routing-request-id": [ "WESTUS2:20201112T231841Z:1544a38f-b4e9-46b4-a578-b8df768b0c05" ],
        "Strict-Transport-Security": [ "max-age=31536000; includeSubDomains" ],
        "Date": [ "Thu, 12 Nov 2020 23:18:41 GMT" ]
      },
      "ContentHeaders": {
        "Content-Length": [ "159" ],
        "Content-Type": [ "application/json; charset=utf-8" ],
        "Expires": [ "-1" ]
      },
      "Content": "{\"properties\":{\"startIpAddress\":\"0.0.0.4\",\"endIpAddress\":\"0.0.0.5\"},\"name\":\"postgresqlrule01\",\"type\":\"Microsoft.DBforPostgreSQL/flexibleServers/firewallRules\"}"
    }
  },
  "Update-AzPostgreSqlFlexibleServerFirewallRule+[NoContext]+ClientIPAddressViaIdentity+$PUT+https://management.azure.com/subscriptions/7fec3109-5b78-4a24-b834-5d47d63e2596/resourceGroups/PostgreSqlTest/providers/Microsoft.DBForPostgreSql/flexibleServers/postgresql-flexible-test-100/firewallRules/postgresqlrule01?api-version=2020-02-14-preview+1": {
    "Request": {
      "Method": "PUT",
      "RequestUri": "https://management.azure.com/subscriptions/7fec3109-5b78-4a24-b834-5d47d63e2596/resourceGroups/PostgreSqlTest/providers/Microsoft.DBForPostgreSql/flexibleServers/postgresql-flexible-test-100/firewallRules/postgresqlrule01?api-version=2020-02-14-preview",
      "Content": "{\r\n  \"properties\": {\r\n    \"startIpAddress\": \"0.0.0.9\",\r\n    \"endIpAddress\": \"0.0.0.9\"\r\n  }\r\n}",
      "Headers": {
      },
      "ContentHeaders": {
        "Content-Type": [ "application/json" ],
        "Content-Length": [ "93" ]
      }
    },
    "Response": {
      "StatusCode": 202,
      "Headers": {
        "Cache-Control": [ "no-cache" ],
        "Pragma": [ "no-cache" ],
        "Location": [ "https://management.azure.com/subscriptions/7fec3109-5b78-4a24-b834-5d47d63e2596/providers/Microsoft.DBforPostgreSQL/locations/eastus2euap/operationResults/ef1ca829-b1a1-408f-9ea4-ea8d22b371c6?api-version=2020-02-14-preview" ],
        "Retry-After": [ "60" ],
        "Azure-AsyncOperation": [ "https://management.azure.com/subscriptions/7fec3109-5b78-4a24-b834-5d47d63e2596/providers/Microsoft.DBforPostgreSQL/locations/eastus2euap/azureAsyncOperation/ef1ca829-b1a1-408f-9ea4-ea8d22b371c6?api-version=2020-02-14-preview" ],
        "X-Content-Type-Options": [ "nosniff" ],
        "x-ms-request-id": [ "ef1ca829-b1a1-408f-9ea4-ea8d22b371c6" ],
        "Server": [ "Microsoft-HTTPAPI/2.0" ],
        "x-ms-ratelimit-remaining-subscription-writes": [ "1191" ],
        "x-ms-correlation-request-id": [ "e0a58b54-270f-4d34-868a-2e1ec1b46e15" ],
        "x-ms-routing-request-id": [ "WESTUS2:20201112T231842Z:e0a58b54-270f-4d34-868a-2e1ec1b46e15" ],
        "Strict-Transport-Security": [ "max-age=31536000; includeSubDomains" ],
        "Date": [ "Thu, 12 Nov 2020 23:18:42 GMT" ]
      },
      "ContentHeaders": {
        "Content-Length": [ "99" ],
        "Content-Type": [ "application/json; charset=utf-8" ],
        "Expires": [ "-1" ]
      },
      "Content": "{\"operation\":\"UpsertServerFirewallRulesManagementOperation\",\"startTime\":\"2020-11-12T23:18:42.047Z\"}"
    }
  },
  "Update-AzPostgreSqlFlexibleServerFirewallRule+[NoContext]+ClientIPAddressViaIdentity+$GET+https://management.azure.com/subscriptions/7fec3109-5b78-4a24-b834-5d47d63e2596/providers/Microsoft.DBforPostgreSQL/locations/eastus2euap/azureAsyncOperation/ef1ca829-b1a1-408f-9ea4-ea8d22b371c6?api-version=2020-02-14-preview+2": {
    "Request": {
      "Method": "GET",
      "RequestUri": "https://management.azure.com/subscriptions/7fec3109-5b78-4a24-b834-5d47d63e2596/providers/Microsoft.DBforPostgreSQL/locations/eastus2euap/azureAsyncOperation/ef1ca829-b1a1-408f-9ea4-ea8d22b371c6?api-version=2020-02-14-preview",
      "Content": null,
      "Headers": {
        "Authorization": [ "[Filtered]" ],
        "x-ms-unique-id": [ "26" ],
        "x-ms-client-request-id": [ "4c657a31-7b18-4193-8932-6768e7609ea0" ],
        "CommandName": [ "Az.PostgreSql.internal\\Update-AzPostgreSqlFlexibleServerFirewallRule" ],
        "FullCommandName": [ "Update-AzPostgreSqlFlexibleServerFirewallRule_UpdateViaIdentityExpanded" ],
        "ParameterSetName": [ "__AllParameterSets" ],
        "User-Agent": [ "AzurePowershell/Az4.0.0-preview" ]
      },
      "ContentHeaders": {
      }
    },
    "Response": {
      "StatusCode": 200,
      "Headers": {
        "Cache-Control": [ "no-cache" ],
        "Pragma": [ "no-cache" ],
        "Retry-After": [ "60" ],
        "X-Content-Type-Options": [ "nosniff" ],
        "x-ms-request-id": [ "98767882-e0f5-4198-af51-f86da909c149" ],
        "Server": [ "Microsoft-HTTPAPI/2.0" ],
        "x-ms-ratelimit-remaining-subscription-reads": [ "11971" ],
        "x-ms-correlation-request-id": [ "0b65888a-3285-4bd3-abe0-6241461a0dc4" ],
        "x-ms-routing-request-id": [ "WESTUS2:20201112T231942Z:0b65888a-3285-4bd3-abe0-6241461a0dc4" ],
        "Strict-Transport-Security": [ "max-age=31536000; includeSubDomains" ],
        "Date": [ "Thu, 12 Nov 2020 23:19:41 GMT" ]
      },
      "ContentHeaders": {
        "Content-Length": [ "107" ],
        "Content-Type": [ "application/json; charset=utf-8" ],
        "Expires": [ "-1" ]
      },
      "Content": "{\"name\":\"ef1ca829-b1a1-408f-9ea4-ea8d22b371c6\",\"status\":\"Succeeded\",\"startTime\":\"2020-11-12T23:18:42.047Z\"}"
    }
  },
  "Update-AzPostgreSqlFlexibleServerFirewallRule+[NoContext]+ClientIPAddressViaIdentity+$GET+https://management.azure.com/subscriptions/7fec3109-5b78-4a24-b834-5d47d63e2596/resourceGroups/PostgreSqlTest/providers/Microsoft.DBForPostgreSql/flexibleServers/postgresql-flexible-test-100/firewallRules/postgresqlrule01?api-version=2020-02-14-preview+3": {
    "Request": {
      "Method": "GET",
      "RequestUri": "https://management.azure.com/subscriptions/7fec3109-5b78-4a24-b834-5d47d63e2596/resourceGroups/PostgreSqlTest/providers/Microsoft.DBForPostgreSql/flexibleServers/postgresql-flexible-test-100/firewallRules/postgresqlrule01?api-version=2020-02-14-preview",
      "Content": null,
      "Headers": {
        "Authorization": [ "[Filtered]" ],
        "x-ms-unique-id": [ "27" ],
        "x-ms-client-request-id": [ "4c657a31-7b18-4193-8932-6768e7609ea0" ],
        "CommandName": [ "Az.PostgreSql.internal\\Update-AzPostgreSqlFlexibleServerFirewallRule" ],
        "FullCommandName": [ "Update-AzPostgreSqlFlexibleServerFirewallRule_UpdateViaIdentityExpanded" ],
        "ParameterSetName": [ "__AllParameterSets" ],
        "User-Agent": [ "AzurePowershell/Az4.0.0-preview" ]
      },
      "ContentHeaders": {
      }
    },
    "Response": {
      "StatusCode": 200,
      "Headers": {
        "Cache-Control": [ "no-cache" ],
        "Pragma": [ "no-cache" ],
        "X-Content-Type-Options": [ "nosniff" ],
        "x-ms-request-id": [ "eba779ad-11fa-4ad5-b0e6-1c7837ee43d8" ],
        "Server": [ "Microsoft-HTTPAPI/2.0" ],
        "x-ms-ratelimit-remaining-subscription-reads": [ "11970" ],
        "x-ms-correlation-request-id": [ "0fe39517-3189-4dd2-bb33-a608caacaf92" ],
        "x-ms-routing-request-id": [ "WESTUS2:20201112T231942Z:0fe39517-3189-4dd2-bb33-a608caacaf92" ],
        "Strict-Transport-Security": [ "max-age=31536000; includeSubDomains" ],
        "Date": [ "Thu, 12 Nov 2020 23:19:42 GMT" ]
      },
      "ContentHeaders": {
        "Content-Length": [ "159" ],
        "Content-Type": [ "application/json; charset=utf-8" ],
        "Expires": [ "-1" ]
      },
      "Content": "{\"properties\":{\"startIpAddress\":\"0.0.0.9\",\"endIpAddress\":\"0.0.0.9\"},\"name\":\"postgresqlrule01\",\"type\":\"Microsoft.DBforPostgreSQL/flexibleServers/firewallRules\"}"
    }
  }
}