{
  "Remove-AzStreamAnalyticsFunction+[NoContext]+Delete+$PUT+https://management.azure.com/subscriptions/9e223dbe-3399-4e19-88eb-0975f02ac87f/resourceGroups/streamanalytics-rg-qrine6/providers/Microsoft.StreamAnalytics/streamingjobs/jobneqhcm/functions/functionob48nf?api-version=2017-04-01-preview+1": {
    "Request": {
      "Method": "PUT",
      "RequestUri": "https://management.azure.com/subscriptions/9e223dbe-3399-4e19-88eb-0975f02ac87f/resourceGroups/streamanalytics-rg-qrine6/providers/Microsoft.StreamAnalytics/streamingjobs/jobneqhcm/functions/functionob48nf?api-version=2017-04-01-preview",
      "Content": "{\r\n  \"properties\": {\r\n    \"type\": \"Scalar\",\r\n    \"properties\": {\r\n      \"inputs\": [\r\n        {\r\n          \"dataType\": \"any\"\r\n        },\r\n        {\r\n          \"dataType\": \"any\"\r\n        }\r\n      ],\r\n      \"output\": {\r\n        \"dataType\": \"any\"\r\n      },\r\n      \"binding\": {\r\n        \"type\": \"Microsoft.StreamAnalytics/JavascriptUdf\",\r\n        \"properties\": {\r\n          \"script\": \"// Sample UDF which returns sum of two values.\\nfunction main(arg3, arg4) {\\n    return arg1 + arg2;\\n}\"\r\n        }\r\n      }\r\n    }\r\n  }\r\n}",
      "isContentBase64": false,
      "Headers": {
      },
      "ContentHeaders": {
        "Content-Type": [ "application/json" ],
        "Content-Length": [ "519" ]
      }
    },
    "Response": {
      "StatusCode": 200,
      "Headers": {
        "Cache-Control": [ "no-store, no-cache" ],
        "Pragma": [ "no-cache" ],
        "ETag": [ "e77f0f4b-e372-4e11-8105-39ee8d5aac84" ],
        "X-AspNetMvc-Version": [ "5.0" ],
        "x-ms-request-id": [ "6b1ad9a7-a24a-4a0c-9a53-470e5309d17a" ],
        "Server": [ "Microsoft-IIS/10.0" ],
        "X-Powered-By": [ "ASP.NET" ],
        "x-ms-ratelimit-remaining-subscription-writes": [ "1194" ],
        "x-ms-correlation-request-id": [ "09ecc88a-2871-48e8-b75a-236138969948" ],
        "x-ms-routing-request-id": [ "SOUTHEASTASIA:20210316T032054Z:09ecc88a-2871-48e8-b75a-236138969948" ],
        "Strict-Transport-Security": [ "max-age=31536000; includeSubDomains" ],
        "X-Content-Type-Options": [ "nosniff" ],
        "Date": [ "Tue, 16 Mar 2021 03:20:54 GMT" ]
      },
      "ContentHeaders": {
        "Content-Length": [ "647" ],
        "Content-Type": [ "application/json; charset=utf-8" ],
        "Expires": [ "-1" ]
      },
      "Content": "{\"id\":\"/subscriptions/9e223dbe-3399-4e19-88eb-0975f02ac87f/resourceGroups/streamanalytics-rg-qrine6/providers/Microsoft.StreamAnalytics/streamingjobs/jobneqhcm/functions/functionob48nf\",\"name\":\"functionob48nf\",\"type\":\"Microsoft.StreamAnalytics/streamingjobs/functions\",\"properties\":{\"type\":\"Scalar\",\"properties\":{\"inputs\":[{\"dataType\":\"any\",\"isConfigurationParameter\":null},{\"dataType\":\"any\",\"isConfigurationParameter\":null}],\"output\":{\"dataType\":\"any\"},\"binding\":{\"type\":\"Microsoft.StreamAnalytics/JavascriptUdf\",\"properties\":{\"script\":\"// Sample UDF which returns sum of two values.\\nfunction main(arg3, arg4) {\\n    return arg1 + arg2;\\n}\"}}}}}",
      "isContentBase64": false
    }
  },
  "Remove-AzStreamAnalyticsFunction+[NoContext]+Delete+$DELETE+https://management.azure.com/subscriptions/9e223dbe-3399-4e19-88eb-0975f02ac87f/resourceGroups/streamanalytics-rg-qrine6/providers/Microsoft.StreamAnalytics/streamingjobs/jobneqhcm/functions/functionob48nf?api-version=2017-04-01-preview+2": {
    "Request": {
      "Method": "DELETE",
      "RequestUri": "https://management.azure.com/subscriptions/9e223dbe-3399-4e19-88eb-0975f02ac87f/resourceGroups/streamanalytics-rg-qrine6/providers/Microsoft.StreamAnalytics/streamingjobs/jobneqhcm/functions/functionob48nf?api-version=2017-04-01-preview",
      "Content": null,
      "isContentBase64": false,
      "Headers": {
        "x-ms-unique-id": [ "41" ],
        "x-ms-client-request-id": [ "b4d4c477-0943-4a8c-a403-8480017084c4" ],
        "CommandName": [ "Remove-AzStreamAnalyticsFunction" ],
        "FullCommandName": [ "Remove-AzStreamAnalyticsFunction_Delete" ],
        "ParameterSetName": [ "__AllParameterSets" ],
        "User-Agent": [ "AzurePowershell/Az4.0.0-preview" ],
        "Authorization": [ "[Filtered]" ]
      },
      "ContentHeaders": {
      }
    },
    "Response": {
      "StatusCode": 200,
      "Headers": {
        "Cache-Control": [ "no-store, no-cache" ],
        "Pragma": [ "no-cache" ],
        "X-AspNetMvc-Version": [ "5.0" ],
        "x-ms-request-id": [ "b4d4c477-0943-4a8c-a403-8480017084c4" ],
        "Server": [ "Microsoft-IIS/10.0" ],
        "X-Powered-By": [ "ASP.NET" ],
        "x-ms-ratelimit-remaining-subscription-deletes": [ "14999" ],
        "x-ms-correlation-request-id": [ "c22bbdd2-dc33-4a8d-93f8-3f3464d4cd0b" ],
        "x-ms-routing-request-id": [ "SOUTHEASTASIA:20210316T032055Z:c22bbdd2-dc33-4a8d-93f8-3f3464d4cd0b" ],
        "Strict-Transport-Security": [ "max-age=31536000; includeSubDomains" ],
        "X-Content-Type-Options": [ "nosniff" ],
        "Date": [ "Tue, 16 Mar 2021 03:20:54 GMT" ]
      },
      "ContentHeaders": {
        "Content-Type": [ "application/json" ],
        "Expires": [ "-1" ],
        "Content-Length": [ "0" ]
      },
      "Content": null,
      "isContentBase64": false
    }
  },
  "Remove-AzStreamAnalyticsFunction+[NoContext]+Delete+$GET+https://management.azure.com/subscriptions/9e223dbe-3399-4e19-88eb-0975f02ac87f/resourceGroups/streamanalytics-rg-qrine6/providers/Microsoft.StreamAnalytics/streamingjobs/jobneqhcm/functions?api-version=2017-04-01-preview+3": {
    "Request": {
      "Method": "GET",
      "RequestUri": "https://management.azure.com/subscriptions/9e223dbe-3399-4e19-88eb-0975f02ac87f/resourceGroups/streamanalytics-rg-qrine6/providers/Microsoft.StreamAnalytics/streamingjobs/jobneqhcm/functions?api-version=2017-04-01-preview",
      "Content": null,
      "isContentBase64": false,
      "Headers": {
        "x-ms-unique-id": [ "42" ],
        "x-ms-client-request-id": [ "3b92b054-f00e-4cf0-aa02-0fb7b2e15c1c" ],
        "CommandName": [ "Get-AzStreamAnalyticsFunction" ],
        "FullCommandName": [ "Get-AzStreamAnalyticsFunction_List" ],
        "ParameterSetName": [ "__AllParameterSets" ],
        "User-Agent": [ "AzurePowershell/Az4.0.0-preview" ],
        "Authorization": [ "[Filtered]" ]
      },
      "ContentHeaders": {
      }
    },
    "Response": {
      "StatusCode": 200,
      "Headers": {
        "Cache-Control": [ "no-store, no-cache" ],
        "Pragma": [ "no-cache" ],
        "X-AspNetMvc-Version": [ "5.0" ],
        "x-ms-request-id": [ "3b92b054-f00e-4cf0-aa02-0fb7b2e15c1c" ],
        "Server": [ "Microsoft-IIS/10.0" ],
        "X-Powered-By": [ "ASP.NET" ],
        "x-ms-ratelimit-remaining-subscription-reads": [ "11928" ],
        "x-ms-correlation-request-id": [ "37bd2f28-7ad3-41b9-9803-54f517968cf0" ],
        "x-ms-routing-request-id": [ "SOUTHEASTASIA:20210316T032055Z:37bd2f28-7ad3-41b9-9803-54f517968cf0" ],
        "Strict-Transport-Security": [ "max-age=31536000; includeSubDomains" ],
        "X-Content-Type-Options": [ "nosniff" ],
        "Date": [ "Tue, 16 Mar 2021 03:20:54 GMT" ]
      },
      "ContentHeaders": {
        "Content-Length": [ "28" ],
        "Content-Type": [ "application/json; charset=utf-8" ],
        "Expires": [ "-1" ]
      },
      "Content": "{\"value\":[],\"nextLink\":null}",
      "isContentBase64": false
    }
  },
  "Remove-AzStreamAnalyticsFunction+[NoContext]+DeleteViaIdentity+$PUT+https://management.azure.com/subscriptions/9e223dbe-3399-4e19-88eb-0975f02ac87f/resourceGroups/streamanalytics-rg-qrine6/providers/Microsoft.StreamAnalytics/streamingjobs/jobneqhcm/functions/functionil6vwz?api-version=2017-04-01-preview+1": {
    "Request": {
      "Method": "PUT",
      "RequestUri": "https://management.azure.com/subscriptions/9e223dbe-3399-4e19-88eb-0975f02ac87f/resourceGroups/streamanalytics-rg-qrine6/providers/Microsoft.StreamAnalytics/streamingjobs/jobneqhcm/functions/functionil6vwz?api-version=2017-04-01-preview",
      "Content": "{\r\n  \"properties\": {\r\n    \"type\": \"Scalar\",\r\n    \"properties\": {\r\n      \"inputs\": [\r\n        {\r\n          \"dataType\": \"any\"\r\n        },\r\n        {\r\n          \"dataType\": \"any\"\r\n        }\r\n      ],\r\n      \"output\": {\r\n        \"dataType\": \"any\"\r\n      },\r\n      \"binding\": {\r\n        \"type\": \"Microsoft.StreamAnalytics/JavascriptUdf\",\r\n        \"properties\": {\r\n          \"script\": \"// Sample UDF which returns sum of two values.\\nfunction main(arg3, arg4) {\\n    return arg1 + arg2;\\n}\"\r\n        }\r\n      }\r\n    }\r\n  }\r\n}",
      "isContentBase64": false,
      "Headers": {
      },
      "ContentHeaders": {
        "Content-Type": [ "application/json" ],
        "Content-Length": [ "519" ]
      }
    },
    "Response": {
      "StatusCode": 200,
      "Headers": {
        "Cache-Control": [ "no-store, no-cache" ],
        "Pragma": [ "no-cache" ],
        "ETag": [ "e1a7b3ac-7b31-493e-aab8-00f7a77e2888" ],
        "X-AspNetMvc-Version": [ "5.0" ],
        "x-ms-request-id": [ "a59ab8d9-5755-4af8-8cac-8bd95c404a66" ],
        "Server": [ "Microsoft-IIS/10.0" ],
        "X-Powered-By": [ "ASP.NET" ],
        "x-ms-ratelimit-remaining-subscription-writes": [ "1193" ],
        "x-ms-correlation-request-id": [ "c3c7b5af-5532-4c1c-9f8d-3c0a1b124972" ],
        "x-ms-routing-request-id": [ "SOUTHEASTASIA:20210316T032056Z:c3c7b5af-5532-4c1c-9f8d-3c0a1b124972" ],
        "Strict-Transport-Security": [ "max-age=31536000; includeSubDomains" ],
        "X-Content-Type-Options": [ "nosniff" ],
        "Date": [ "Tue, 16 Mar 2021 03:20:55 GMT" ]
      },
      "ContentHeaders": {
        "Content-Length": [ "647" ],
        "Content-Type": [ "application/json; charset=utf-8" ],
        "Expires": [ "-1" ]
      },
      "Content": "{\"id\":\"/subscriptions/9e223dbe-3399-4e19-88eb-0975f02ac87f/resourceGroups/streamanalytics-rg-qrine6/providers/Microsoft.StreamAnalytics/streamingjobs/jobneqhcm/functions/functionil6vwz\",\"name\":\"functionil6vwz\",\"type\":\"Microsoft.StreamAnalytics/streamingjobs/functions\",\"properties\":{\"type\":\"Scalar\",\"properties\":{\"inputs\":[{\"dataType\":\"any\",\"isConfigurationParameter\":null},{\"dataType\":\"any\",\"isConfigurationParameter\":null}],\"output\":{\"dataType\":\"any\"},\"binding\":{\"type\":\"Microsoft.StreamAnalytics/JavascriptUdf\",\"properties\":{\"script\":\"// Sample UDF which returns sum of two values.\\nfunction main(arg3, arg4) {\\n    return arg1 + arg2;\\n}\"}}}}}",
      "isContentBase64": false
    }
  },
  "Remove-AzStreamAnalyticsFunction+[NoContext]+DeleteViaIdentity+$GET+https://management.azure.com/subscriptions/9e223dbe-3399-4e19-88eb-0975f02ac87f/resourceGroups/streamanalytics-rg-qrine6/providers/Microsoft.StreamAnalytics/streamingjobs/jobneqhcm/functions/functionil6vwz?api-version=2017-04-01-preview+2": {
    "Request": {
      "Method": "GET",
      "RequestUri": "https://management.azure.com/subscriptions/9e223dbe-3399-4e19-88eb-0975f02ac87f/resourceGroups/streamanalytics-rg-qrine6/providers/Microsoft.StreamAnalytics/streamingjobs/jobneqhcm/functions/functionil6vwz?api-version=2017-04-01-preview",
      "Content": null,
      "isContentBase64": false,
      "Headers": {
        "x-ms-unique-id": [ "44" ],
        "x-ms-client-request-id": [ "5ee6e20c-8a49-416a-8e02-2901289efc99" ],
        "CommandName": [ "Get-AzStreamAnalyticsFunction" ],
        "FullCommandName": [ "Get-AzStreamAnalyticsFunction_Get" ],
        "ParameterSetName": [ "__AllParameterSets" ],
        "User-Agent": [ "AzurePowershell/Az4.0.0-preview" ],
        "Authorization": [ "[Filtered]" ]
      },
      "ContentHeaders": {
      }
    },
    "Response": {
      "StatusCode": 200,
      "Headers": {
        "Cache-Control": [ "no-store, no-cache" ],
        "Pragma": [ "no-cache" ],
        "ETag": [ "e1a7b3ac-7b31-493e-aab8-00f7a77e2888" ],
        "X-AspNetMvc-Version": [ "5.0" ],
        "x-ms-request-id": [ "5ee6e20c-8a49-416a-8e02-2901289efc99" ],
        "Server": [ "Microsoft-IIS/10.0" ],
        "X-Powered-By": [ "ASP.NET" ],
        "x-ms-ratelimit-remaining-subscription-reads": [ "11927" ],
        "x-ms-correlation-request-id": [ "fc51f701-fbfd-40d2-8557-7cb8bd84ed2d" ],
        "x-ms-routing-request-id": [ "SOUTHEASTASIA:20210316T032056Z:fc51f701-fbfd-40d2-8557-7cb8bd84ed2d" ],
        "Strict-Transport-Security": [ "max-age=31536000; includeSubDomains" ],
        "X-Content-Type-Options": [ "nosniff" ],
        "Date": [ "Tue, 16 Mar 2021 03:20:55 GMT" ]
      },
      "ContentHeaders": {
        "Content-Length": [ "647" ],
        "Content-Type": [ "application/json; charset=utf-8" ],
        "Expires": [ "-1" ]
      },
      "Content": "{\"id\":\"/subscriptions/9e223dbe-3399-4e19-88eb-0975f02ac87f/resourceGroups/streamanalytics-rg-qrine6/providers/Microsoft.StreamAnalytics/streamingjobs/jobneqhcm/functions/functionil6vwz\",\"name\":\"functionil6vwz\",\"type\":\"Microsoft.StreamAnalytics/streamingjobs/functions\",\"properties\":{\"type\":\"Scalar\",\"properties\":{\"inputs\":[{\"dataType\":\"any\",\"isConfigurationParameter\":null},{\"dataType\":\"any\",\"isConfigurationParameter\":null}],\"output\":{\"dataType\":\"any\"},\"binding\":{\"type\":\"Microsoft.StreamAnalytics/JavascriptUdf\",\"properties\":{\"script\":\"// Sample UDF which returns sum of two values.\\nfunction main(arg3, arg4) {\\n    return arg1 + arg2;\\n}\"}}}}}",
      "isContentBase64": false
    }
  },
  "Remove-AzStreamAnalyticsFunction+[NoContext]+DeleteViaIdentity+$DELETE+https://management.azure.com/subscriptions/9e223dbe-3399-4e19-88eb-0975f02ac87f/resourceGroups/streamanalytics-rg-qrine6/providers/Microsoft.StreamAnalytics/streamingjobs/jobneqhcm/functions/functionil6vwz?api-version=2017-04-01-preview+3": {
    "Request": {
      "Method": "DELETE",
      "RequestUri": "https://management.azure.com/subscriptions/9e223dbe-3399-4e19-88eb-0975f02ac87f/resourceGroups/streamanalytics-rg-qrine6/providers/Microsoft.StreamAnalytics/streamingjobs/jobneqhcm/functions/functionil6vwz?api-version=2017-04-01-preview",
      "Content": null,
      "isContentBase64": false,
      "Headers": {
        "x-ms-unique-id": [ "45" ],
        "x-ms-client-request-id": [ "5b01f417-dc57-43d8-a8b5-7d36991c8d59" ],
        "CommandName": [ "Remove-AzStreamAnalyticsFunction" ],
        "FullCommandName": [ "Remove-AzStreamAnalyticsFunction_DeleteViaIdentity" ],
        "ParameterSetName": [ "__AllParameterSets" ],
        "User-Agent": [ "AzurePowershell/Az4.0.0-preview" ],
        "Authorization": [ "[Filtered]" ]
      },
      "ContentHeaders": {
      }
    },
    "Response": {
      "StatusCode": 200,
      "Headers": {
        "Cache-Control": [ "no-store, no-cache" ],
        "Pragma": [ "no-cache" ],
        "X-AspNetMvc-Version": [ "5.0" ],
        "x-ms-request-id": [ "5b01f417-dc57-43d8-a8b5-7d36991c8d59" ],
        "Server": [ "Microsoft-IIS/10.0" ],
        "X-Powered-By": [ "ASP.NET" ],
        "x-ms-ratelimit-remaining-subscription-deletes": [ "14998" ],
        "x-ms-correlation-request-id": [ "e22c7baf-0a9b-434f-9c3e-b6baf1377e56" ],
        "x-ms-routing-request-id": [ "SOUTHEASTASIA:20210316T032056Z:e22c7baf-0a9b-434f-9c3e-b6baf1377e56" ],
        "Strict-Transport-Security": [ "max-age=31536000; includeSubDomains" ],
        "X-Content-Type-Options": [ "nosniff" ],
        "Date": [ "Tue, 16 Mar 2021 03:20:56 GMT" ]
      },
      "ContentHeaders": {
        "Content-Type": [ "application/json" ],
        "Expires": [ "-1" ],
        "Content-Length": [ "0" ]
      },
      "Content": null,
      "isContentBase64": false
    }
  },
  "Remove-AzStreamAnalyticsFunction+[NoContext]+DeleteViaIdentity+$GET+https://management.azure.com/subscriptions/9e223dbe-3399-4e19-88eb-0975f02ac87f/resourceGroups/streamanalytics-rg-qrine6/providers/Microsoft.StreamAnalytics/streamingjobs/jobneqhcm/functions?api-version=2017-04-01-preview+4": {
    "Request": {
      "Method": "GET",
      "RequestUri": "https://management.azure.com/subscriptions/9e223dbe-3399-4e19-88eb-0975f02ac87f/resourceGroups/streamanalytics-rg-qrine6/providers/Microsoft.StreamAnalytics/streamingjobs/jobneqhcm/functions?api-version=2017-04-01-preview",
      "Content": null,
      "isContentBase64": false,
      "Headers": {
        "x-ms-unique-id": [ "46" ],
        "x-ms-client-request-id": [ "11e84a22-6186-4de3-a602-6a47f470bf35" ],
        "CommandName": [ "Get-AzStreamAnalyticsFunction" ],
        "FullCommandName": [ "Get-AzStreamAnalyticsFunction_List" ],
        "ParameterSetName": [ "__AllParameterSets" ],
        "User-Agent": [ "AzurePowershell/Az4.0.0-preview" ],
        "Authorization": [ "[Filtered]" ]
      },
      "ContentHeaders": {
      }
    },
    "Response": {
      "StatusCode": 200,
      "Headers": {
        "Cache-Control": [ "no-store, no-cache" ],
        "Pragma": [ "no-cache" ],
        "X-AspNetMvc-Version": [ "5.0" ],
        "x-ms-request-id": [ "11e84a22-6186-4de3-a602-6a47f470bf35" ],
        "Server": [ "Microsoft-IIS/10.0" ],
        "X-Powered-By": [ "ASP.NET" ],
        "x-ms-ratelimit-remaining-subscription-reads": [ "11926" ],
        "x-ms-correlation-request-id": [ "8b23a1e1-9910-470e-b4a6-0582626fc96e" ],
        "x-ms-routing-request-id": [ "SOUTHEASTASIA:20210316T032057Z:8b23a1e1-9910-470e-b4a6-0582626fc96e" ],
        "Strict-Transport-Security": [ "max-age=31536000; includeSubDomains" ],
        "X-Content-Type-Options": [ "nosniff" ],
        "Date": [ "Tue, 16 Mar 2021 03:20:56 GMT" ]
      },
      "ContentHeaders": {
        "Content-Length": [ "28" ],
        "Content-Type": [ "application/json; charset=utf-8" ],
        "Expires": [ "-1" ]
      },
      "Content": "{\"value\":[],\"nextLink\":null}",
      "isContentBase64": false
    }
  }
}