{
  "Entries": [
    {
      "RequestUri": "/subscriptions/b97224f3-b199-49b1-84c7-25b09e8fbf84/resourceGroups/testdcr/providers/Microsoft.Insights/dataCollectionRules/testSessionDCR01?api-version=2019-11-01-preview",
      "EncodedRequestUri": "L3N1YnNjcmlwdGlvbnMvYjk3MjI0ZjMtYjE5OS00OWIxLTg0YzctMjViMDllOGZiZjg0L3Jlc291cmNlR3JvdXBzL3Rlc3RkY3IvcHJvdmlkZXJzL01pY3Jvc29mdC5JbnNpZ2h0cy9kYXRhQ29sbGVjdGlvblJ1bGVzL3Rlc3RTZXNzaW9uRENSMDE/YXBpLXZlcnNpb249MjAxOS0xMS0wMS1wcmV2aWV3",
      "RequestMethod": "PUT",
      "RequestBody": "{\r\n  \"properties\": {\r\n    \"dataSources\": {\r\n      \"performanceCounters\": [\r\n        {\r\n          \"streams\": [\r\n            \"Microsoft-InsightsMetrics\"\r\n          ],\r\n          \"scheduledTransferPeriod\": \"PT1M\",\r\n          \"samplingFrequencyInSeconds\": 10,\r\n          \"counterSpecifiers\": [\r\n            \"\\\\Processor Information(_Total)\\\\% Processor Time\"\r\n          ],\r\n          \"name\": \"perfCounter01\"\r\n        }\r\n      ]\r\n    },\r\n    \"destinations\": {\r\n      \"azureMonitorMetrics\": {\r\n        \"name\": \"azureMonitorMetrics-default\"\r\n      }\r\n    },\r\n    \"dataFlows\": [\r\n      {\r\n        \"streams\": [\r\n          \"Microsoft-InsightsMetrics\"\r\n        ],\r\n        \"destinations\": [\r\n          \"azureMonitorMetrics-default\"\r\n        ]\r\n      }\r\n    ]\r\n  },\r\n  \"location\": \"East US 2 EUAP\"\r\n}",
      "RequestHeaders": {
        "User-Agent": [
          "FxVersion/4.6.29321.03",
          "OSName/Windows",
          "OSVersion/Microsoft.Windows.10.0.19042.",
          "Microsoft.Azure.Management.Monitor.MonitorManagementClient/0.25.2.0"
        ],
        "Content-Type": [
          "application/json; charset=utf-8"
        ],
        "Content-Length": [
          "788"
        ]
      },
      "ResponseHeaders": {
        "Cache-Control": [
          "no-cache"
        ],
        "Pragma": [
          "no-cache"
        ],
        "Vary": [
          "Accept-Encoding"
        ],
        "x-ms-ratelimit-remaining-subscription-resource-requests": [
          "59"
        ],
        "Request-Context": [
          "appId=cid-v1:2bbfbac8-e1b0-44af-b9c6-3a40669d37e3"
        ],
        "api-supported-versions": [
          "2019-11-01-preview"
        ],
        "Server": [
          "Microsoft-HTTPAPI/2.0"
        ],
        "x-ms-request-id": [
          "6c82d1dd-9a55-43fa-a2f6-1c1df41d55ad"
        ],
        "x-ms-correlation-request-id": [
          "6c82d1dd-9a55-43fa-a2f6-1c1df41d55ad"
        ],
        "x-ms-routing-request-id": [
          "SOUTHCENTRALUS:20201126T200600Z:6c82d1dd-9a55-43fa-a2f6-1c1df41d55ad"
        ],
        "Strict-Transport-Security": [
          "max-age=31536000; includeSubDomains"
        ],
        "X-Content-Type-Options": [
          "nosniff"
        ],
        "Date": [
          "Thu, 26 Nov 2020 20:05:59 GMT"
        ],
        "Content-Length": [
          "826"
        ],
        "Content-Type": [
          "application/json; charset=utf-8"
        ],
        "Expires": [
          "-1"
        ]
      },
      "ResponseBody": "{\r\n  \"properties\": {\r\n    \"immutableId\": \"dcr-1d0a17b0a4654affa042c72e4744bec9\",\r\n    \"dataSources\": {\r\n      \"performanceCounters\": [\r\n        {\r\n          \"streams\": [\r\n            \"Microsoft-InsightsMetrics\"\r\n          ],\r\n          \"scheduledTransferPeriod\": \"PT1M\",\r\n          \"samplingFrequencyInSeconds\": 10,\r\n          \"counterSpecifiers\": [\r\n            \"\\\\Processor Information(_Total)\\\\% Processor Time\"\r\n          ],\r\n          \"name\": \"perfCounter01\"\r\n        }\r\n      ]\r\n    },\r\n    \"destinations\": {\r\n      \"azureMonitorMetrics\": {\r\n        \"name\": \"azureMonitorMetrics-default\"\r\n      }\r\n    },\r\n    \"dataFlows\": [\r\n      {\r\n        \"streams\": [\r\n          \"Microsoft-InsightsMetrics\"\r\n        ],\r\n        \"destinations\": [\r\n          \"azureMonitorMetrics-default\"\r\n        ]\r\n      }\r\n    ],\r\n    \"provisioningState\": \"Succeeded\"\r\n  },\r\n  \"location\": \"East US 2 EUAP\",\r\n  \"id\": \"/subscriptions/b97224f3-b199-49b1-84c7-25b09e8fbf84/resourceGroups/testdcr/providers/Microsoft.Insights/dataCollectionRules/testSessionDCR01\",\r\n  \"name\": \"testSessionDCR01\",\r\n  \"type\": \"Microsoft.Insights/dataCollectionRules\",\r\n  \"etag\": \"\\\"0000221d-0000-3300-0000-5fc00aa70000\\\"\"\r\n}",
      "StatusCode": 200
    },
    {
      "RequestUri": "/subscriptions/b97224f3-b199-49b1-84c7-25b09e8fbf84/resourceGroups/testdcr/providers/Microsoft.Insights/dataCollectionRules/testSessionDCR01?api-version=2019-11-01-preview",
      "EncodedRequestUri": "L3N1YnNjcmlwdGlvbnMvYjk3MjI0ZjMtYjE5OS00OWIxLTg0YzctMjViMDllOGZiZjg0L3Jlc291cmNlR3JvdXBzL3Rlc3RkY3IvcHJvdmlkZXJzL01pY3Jvc29mdC5JbnNpZ2h0cy9kYXRhQ29sbGVjdGlvblJ1bGVzL3Rlc3RTZXNzaW9uRENSMDE/YXBpLXZlcnNpb249MjAxOS0xMS0wMS1wcmV2aWV3",
      "RequestMethod": "PUT",
      "RequestBody": "{\r\n  \"properties\": {\r\n    \"description\": \"Updated Description\",\r\n    \"dataSources\": {\r\n      \"performanceCounters\": [\r\n        {\r\n          \"streams\": [\r\n            \"Microsoft-InsightsMetrics\"\r\n          ],\r\n          \"scheduledTransferPeriod\": \"PT1M\",\r\n          \"samplingFrequencyInSeconds\": 10,\r\n          \"counterSpecifiers\": [\r\n            \"\\\\Processor Information(_Total)\\\\% Processor Time\"\r\n          ],\r\n          \"name\": \"perfCounter01\"\r\n        }\r\n      ]\r\n    },\r\n    \"destinations\": {\r\n      \"azureMonitorMetrics\": {\r\n        \"name\": \"azureMonitorMetrics-default\"\r\n      }\r\n    },\r\n    \"dataFlows\": [\r\n      {\r\n        \"streams\": [\r\n          \"Microsoft-InsightsMetrics\"\r\n        ],\r\n        \"destinations\": [\r\n          \"azureMonitorMetrics-default\"\r\n        ]\r\n      }\r\n    ]\r\n  },\r\n  \"location\": \"East US 2 EUAP\"\r\n}",
      "RequestHeaders": {
        "User-Agent": [
          "FxVersion/4.6.29321.03",
          "OSName/Windows",
          "OSVersion/Microsoft.Windows.10.0.19042.",
          "Microsoft.Azure.Management.Monitor.MonitorManagementClient/0.25.2.0"
        ],
        "Content-Type": [
          "application/json; charset=utf-8"
        ],
        "Content-Length": [
          "831"
        ]
      },
      "ResponseHeaders": {
        "Cache-Control": [
          "no-cache"
        ],
        "Pragma": [
          "no-cache"
        ],
        "Vary": [
          "Accept-Encoding"
        ],
        "x-ms-ratelimit-remaining-subscription-resource-requests": [
          "56"
        ],
        "Request-Context": [
          "appId=cid-v1:2bbfbac8-e1b0-44af-b9c6-3a40669d37e3"
        ],
        "api-supported-versions": [
          "2019-11-01-preview"
        ],
        "Server": [
          "Microsoft-HTTPAPI/2.0"
        ],
        "x-ms-request-id": [
          "f281563f-16f8-4d06-b9d1-1baeaf9c51a0"
        ],
        "x-ms-correlation-request-id": [
          "f281563f-16f8-4d06-b9d1-1baeaf9c51a0"
        ],
        "x-ms-routing-request-id": [
          "SOUTHCENTRALUS:20201126T200604Z:f281563f-16f8-4d06-b9d1-1baeaf9c51a0"
        ],
        "Strict-Transport-Security": [
          "max-age=31536000; includeSubDomains"
        ],
        "X-Content-Type-Options": [
          "nosniff"
        ],
        "Date": [
          "Thu, 26 Nov 2020 20:06:03 GMT"
        ],
        "Content-Length": [
          "862"
        ],
        "Content-Type": [
          "application/json; charset=utf-8"
        ],
        "Expires": [
          "-1"
        ]
      },
      "ResponseBody": "{\r\n  \"properties\": {\r\n    \"description\": \"Updated Description\",\r\n    \"immutableId\": \"dcr-1d0a17b0a4654affa042c72e4744bec9\",\r\n    \"dataSources\": {\r\n      \"performanceCounters\": [\r\n        {\r\n          \"streams\": [\r\n            \"Microsoft-InsightsMetrics\"\r\n          ],\r\n          \"scheduledTransferPeriod\": \"PT1M\",\r\n          \"samplingFrequencyInSeconds\": 10,\r\n          \"counterSpecifiers\": [\r\n            \"\\\\Processor Information(_Total)\\\\% Processor Time\"\r\n          ],\r\n          \"name\": \"perfCounter01\"\r\n        }\r\n      ]\r\n    },\r\n    \"destinations\": {\r\n      \"azureMonitorMetrics\": {\r\n        \"name\": \"azureMonitorMetrics-default\"\r\n      }\r\n    },\r\n    \"dataFlows\": [\r\n      {\r\n        \"streams\": [\r\n          \"Microsoft-InsightsMetrics\"\r\n        ],\r\n        \"destinations\": [\r\n          \"azureMonitorMetrics-default\"\r\n        ]\r\n      }\r\n    ],\r\n    \"provisioningState\": \"Succeeded\"\r\n  },\r\n  \"location\": \"East US 2 EUAP\",\r\n  \"id\": \"/subscriptions/b97224f3-b199-49b1-84c7-25b09e8fbf84/resourceGroups/testdcr/providers/Microsoft.Insights/dataCollectionRules/testSessionDCR01\",\r\n  \"name\": \"testSessionDCR01\",\r\n  \"type\": \"Microsoft.Insights/dataCollectionRules\",\r\n  \"etag\": \"\\\"0000281d-0000-3300-0000-5fc00aac0000\\\"\"\r\n}",
      "StatusCode": 200
    },
    {
      "RequestUri": "/subscriptions/b97224f3-b199-49b1-84c7-25b09e8fbf84/resourceGroups/testdcr/providers/Microsoft.Insights/dataCollectionRules/testSessionDCR02?api-version=2019-11-01-preview",
      "EncodedRequestUri": "L3N1YnNjcmlwdGlvbnMvYjk3MjI0ZjMtYjE5OS00OWIxLTg0YzctMjViMDllOGZiZjg0L3Jlc291cmNlR3JvdXBzL3Rlc3RkY3IvcHJvdmlkZXJzL01pY3Jvc29mdC5JbnNpZ2h0cy9kYXRhQ29sbGVjdGlvblJ1bGVzL3Rlc3RTZXNzaW9uRENSMDI/YXBpLXZlcnNpb249MjAxOS0xMS0wMS1wcmV2aWV3",
      "RequestMethod": "PUT",
      "RequestBody": "{\r\n  \"properties\": {\r\n    \"dataSources\": {\r\n      \"performanceCounters\": [\r\n        {\r\n          \"streams\": [\r\n            \"Microsoft-InsightsMetrics\"\r\n          ],\r\n          \"scheduledTransferPeriod\": \"PT1M\",\r\n          \"samplingFrequencyInSeconds\": 10,\r\n          \"counterSpecifiers\": [\r\n            \"\\\\Processor Information(_Total)\\\\% Processor Time\"\r\n          ],\r\n          \"name\": \"perfCounter01\"\r\n        }\r\n      ]\r\n    },\r\n    \"destinations\": {\r\n      \"azureMonitorMetrics\": {\r\n        \"name\": \"azureMonitorMetrics-default\"\r\n      }\r\n    },\r\n    \"dataFlows\": [\r\n      {\r\n        \"streams\": [\r\n          \"Microsoft-InsightsMetrics\"\r\n        ],\r\n        \"destinations\": [\r\n          \"azureMonitorMetrics-default\"\r\n        ]\r\n      }\r\n    ]\r\n  },\r\n  \"location\": \"East US 2 EUAP\"\r\n}",
      "RequestHeaders": {
        "User-Agent": [
          "FxVersion/4.6.29321.03",
          "OSName/Windows",
          "OSVersion/Microsoft.Windows.10.0.19042.",
          "Microsoft.Azure.Management.Monitor.MonitorManagementClient/0.25.2.0"
        ],
        "Content-Type": [
          "application/json; charset=utf-8"
        ],
        "Content-Length": [
          "788"
        ]
      },
      "ResponseHeaders": {
        "Cache-Control": [
          "no-cache"
        ],
        "Pragma": [
          "no-cache"
        ],
        "Vary": [
          "Accept-Encoding"
        ],
        "x-ms-ratelimit-remaining-subscription-resource-requests": [
          "58"
        ],
        "Request-Context": [
          "appId=cid-v1:2bbfbac8-e1b0-44af-b9c6-3a40669d37e3"
        ],
        "api-supported-versions": [
          "2019-11-01-preview"
        ],
        "Server": [
          "Microsoft-HTTPAPI/2.0"
        ],
        "x-ms-request-id": [
          "aa7ab2cf-b715-494a-b602-9a7d7192a7b9"
        ],
        "x-ms-correlation-request-id": [
          "aa7ab2cf-b715-494a-b602-9a7d7192a7b9"
        ],
        "x-ms-routing-request-id": [
          "SOUTHCENTRALUS:20201126T200602Z:aa7ab2cf-b715-494a-b602-9a7d7192a7b9"
        ],
        "Strict-Transport-Security": [
          "max-age=31536000; includeSubDomains"
        ],
        "X-Content-Type-Options": [
          "nosniff"
        ],
        "Date": [
          "Thu, 26 Nov 2020 20:06:01 GMT"
        ],
        "Content-Length": [
          "826"
        ],
        "Content-Type": [
          "application/json; charset=utf-8"
        ],
        "Expires": [
          "-1"
        ]
      },
      "ResponseBody": "{\r\n  \"properties\": {\r\n    \"immutableId\": \"dcr-e45bd88410644ff79a7a4b0542f8a2d1\",\r\n    \"dataSources\": {\r\n      \"performanceCounters\": [\r\n        {\r\n          \"streams\": [\r\n            \"Microsoft-InsightsMetrics\"\r\n          ],\r\n          \"scheduledTransferPeriod\": \"PT1M\",\r\n          \"samplingFrequencyInSeconds\": 10,\r\n          \"counterSpecifiers\": [\r\n            \"\\\\Processor Information(_Total)\\\\% Processor Time\"\r\n          ],\r\n          \"name\": \"perfCounter01\"\r\n        }\r\n      ]\r\n    },\r\n    \"destinations\": {\r\n      \"azureMonitorMetrics\": {\r\n        \"name\": \"azureMonitorMetrics-default\"\r\n      }\r\n    },\r\n    \"dataFlows\": [\r\n      {\r\n        \"streams\": [\r\n          \"Microsoft-InsightsMetrics\"\r\n        ],\r\n        \"destinations\": [\r\n          \"azureMonitorMetrics-default\"\r\n        ]\r\n      }\r\n    ],\r\n    \"provisioningState\": \"Succeeded\"\r\n  },\r\n  \"location\": \"East US 2 EUAP\",\r\n  \"id\": \"/subscriptions/b97224f3-b199-49b1-84c7-25b09e8fbf84/resourceGroups/testdcr/providers/Microsoft.Insights/dataCollectionRules/testSessionDCR02\",\r\n  \"name\": \"testSessionDCR02\",\r\n  \"type\": \"Microsoft.Insights/dataCollectionRules\",\r\n  \"etag\": \"\\\"0000241d-0000-3300-0000-5fc00aa90000\\\"\"\r\n}",
      "StatusCode": 200
    },
    {
      "RequestUri": "/subscriptions/b97224f3-b199-49b1-84c7-25b09e8fbf84/resourceGroups/testdcr/providers/Microsoft.Insights/dataCollectionRules/testSessionDCR02?api-version=2019-11-01-preview",
      "EncodedRequestUri": "L3N1YnNjcmlwdGlvbnMvYjk3MjI0ZjMtYjE5OS00OWIxLTg0YzctMjViMDllOGZiZjg0L3Jlc291cmNlR3JvdXBzL3Rlc3RkY3IvcHJvdmlkZXJzL01pY3Jvc29mdC5JbnNpZ2h0cy9kYXRhQ29sbGVjdGlvblJ1bGVzL3Rlc3RTZXNzaW9uRENSMDI/YXBpLXZlcnNpb249MjAxOS0xMS0wMS1wcmV2aWV3",
      "RequestMethod": "PUT",
      "RequestBody": "{\r\n  \"properties\": {\r\n    \"description\": \"Set Description from file\",\r\n    \"dataSources\": {\r\n      \"performanceCounters\": [\r\n        {\r\n          \"streams\": [\r\n            \"Microsoft-InsightsMetrics\"\r\n          ],\r\n          \"scheduledTransferPeriod\": \"PT1M\",\r\n          \"samplingFrequencyInSeconds\": 10,\r\n          \"counterSpecifiers\": [\r\n            \"\\\\Processor Information(_Total)\\\\% Processor Time\"\r\n          ],\r\n          \"name\": \"perfCounter01\"\r\n        }\r\n      ]\r\n    },\r\n    \"destinations\": {\r\n      \"azureMonitorMetrics\": {\r\n        \"name\": \"azureMonitorMetrics-default\"\r\n      }\r\n    },\r\n    \"dataFlows\": [\r\n      {\r\n        \"streams\": [\r\n          \"Microsoft-InsightsMetrics\"\r\n        ],\r\n        \"destinations\": [\r\n          \"azureMonitorMetrics-default\"\r\n        ]\r\n      }\r\n    ]\r\n  },\r\n  \"location\": \"East US 2 EUAP\"\r\n}",
      "RequestHeaders": {
        "User-Agent": [
          "FxVersion/4.6.29321.03",
          "OSName/Windows",
          "OSVersion/Microsoft.Windows.10.0.19042.",
          "Microsoft.Azure.Management.Monitor.MonitorManagementClient/0.25.2.0"
        ],
        "Content-Type": [
          "application/json; charset=utf-8"
        ],
        "Content-Length": [
          "837"
        ]
      },
      "ResponseHeaders": {
        "Cache-Control": [
          "no-cache"
        ],
        "Pragma": [
          "no-cache"
        ],
        "Vary": [
          "Accept-Encoding"
        ],
        "x-ms-ratelimit-remaining-subscription-resource-requests": [
          "55"
        ],
        "Request-Context": [
          "appId=cid-v1:2bbfbac8-e1b0-44af-b9c6-3a40669d37e3"
        ],
        "api-supported-versions": [
          "2019-11-01-preview"
        ],
        "Server": [
          "Microsoft-HTTPAPI/2.0"
        ],
        "x-ms-request-id": [
          "80222af4-b1f5-4bb6-9fd8-7c53fa90cf20"
        ],
        "x-ms-correlation-request-id": [
          "80222af4-b1f5-4bb6-9fd8-7c53fa90cf20"
        ],
        "x-ms-routing-request-id": [
          "SOUTHCENTRALUS:20201126T200606Z:80222af4-b1f5-4bb6-9fd8-7c53fa90cf20"
        ],
        "Strict-Transport-Security": [
          "max-age=31536000; includeSubDomains"
        ],
        "X-Content-Type-Options": [
          "nosniff"
        ],
        "Date": [
          "Thu, 26 Nov 2020 20:06:06 GMT"
        ],
        "Content-Length": [
          "868"
        ],
        "Content-Type": [
          "application/json; charset=utf-8"
        ],
        "Expires": [
          "-1"
        ]
      },
      "ResponseBody": "{\r\n  \"properties\": {\r\n    \"description\": \"Set Description from file\",\r\n    \"immutableId\": \"dcr-e45bd88410644ff79a7a4b0542f8a2d1\",\r\n    \"dataSources\": {\r\n      \"performanceCounters\": [\r\n        {\r\n          \"streams\": [\r\n            \"Microsoft-InsightsMetrics\"\r\n          ],\r\n          \"scheduledTransferPeriod\": \"PT1M\",\r\n          \"samplingFrequencyInSeconds\": 10,\r\n          \"counterSpecifiers\": [\r\n            \"\\\\Processor Information(_Total)\\\\% Processor Time\"\r\n          ],\r\n          \"name\": \"perfCounter01\"\r\n        }\r\n      ]\r\n    },\r\n    \"destinations\": {\r\n      \"azureMonitorMetrics\": {\r\n        \"name\": \"azureMonitorMetrics-default\"\r\n      }\r\n    },\r\n    \"dataFlows\": [\r\n      {\r\n        \"streams\": [\r\n          \"Microsoft-InsightsMetrics\"\r\n        ],\r\n        \"destinations\": [\r\n          \"azureMonitorMetrics-default\"\r\n        ]\r\n      }\r\n    ],\r\n    \"provisioningState\": \"Succeeded\"\r\n  },\r\n  \"location\": \"East US 2 EUAP\",\r\n  \"id\": \"/subscriptions/b97224f3-b199-49b1-84c7-25b09e8fbf84/resourceGroups/testdcr/providers/Microsoft.Insights/dataCollectionRules/testSessionDCR02\",\r\n  \"name\": \"testSessionDCR02\",\r\n  \"type\": \"Microsoft.Insights/dataCollectionRules\",\r\n  \"etag\": \"\\\"0000291d-0000-3300-0000-5fc00aad0000\\\"\"\r\n}",
      "StatusCode": 200
    },
    {
      "RequestUri": "/subscriptions/b97224f3-b199-49b1-84c7-25b09e8fbf84/resourceGroups/testdcr/providers/Microsoft.Insights/dataCollectionRules/testSessionDCR03?api-version=2019-11-01-preview",
      "EncodedRequestUri": "L3N1YnNjcmlwdGlvbnMvYjk3MjI0ZjMtYjE5OS00OWIxLTg0YzctMjViMDllOGZiZjg0L3Jlc291cmNlR3JvdXBzL3Rlc3RkY3IvcHJvdmlkZXJzL01pY3Jvc29mdC5JbnNpZ2h0cy9kYXRhQ29sbGVjdGlvblJ1bGVzL3Rlc3RTZXNzaW9uRENSMDM/YXBpLXZlcnNpb249MjAxOS0xMS0wMS1wcmV2aWV3",
      "RequestMethod": "PUT",
      "RequestBody": "{\r\n  \"properties\": {\r\n    \"dataSources\": {\r\n      \"performanceCounters\": [\r\n        {\r\n          \"streams\": [\r\n            \"Microsoft-InsightsMetrics\"\r\n          ],\r\n          \"scheduledTransferPeriod\": \"PT1M\",\r\n          \"samplingFrequencyInSeconds\": 10,\r\n          \"counterSpecifiers\": [\r\n            \"\\\\Processor Information(_Total)\\\\% Processor Time\"\r\n          ],\r\n          \"name\": \"perfCounter01\"\r\n        }\r\n      ]\r\n    },\r\n    \"destinations\": {\r\n      \"azureMonitorMetrics\": {\r\n        \"name\": \"azureMonitorMetrics-default\"\r\n      }\r\n    },\r\n    \"dataFlows\": [\r\n      {\r\n        \"streams\": [\r\n          \"Microsoft-InsightsMetrics\"\r\n        ],\r\n        \"destinations\": [\r\n          \"azureMonitorMetrics-default\"\r\n        ]\r\n      }\r\n    ]\r\n  },\r\n  \"location\": \"East US 2 EUAP\"\r\n}",
      "RequestHeaders": {
        "User-Agent": [
          "FxVersion/4.6.29321.03",
          "OSName/Windows",
          "OSVersion/Microsoft.Windows.10.0.19042.",
          "Microsoft.Azure.Management.Monitor.MonitorManagementClient/0.25.2.0"
        ],
        "Content-Type": [
          "application/json; charset=utf-8"
        ],
        "Content-Length": [
          "788"
        ]
      },
      "ResponseHeaders": {
        "Cache-Control": [
          "no-cache"
        ],
        "Pragma": [
          "no-cache"
        ],
        "Vary": [
          "Accept-Encoding"
        ],
        "x-ms-ratelimit-remaining-subscription-resource-requests": [
          "57"
        ],
        "Request-Context": [
          "appId=cid-v1:2bbfbac8-e1b0-44af-b9c6-3a40669d37e3"
        ],
        "api-supported-versions": [
          "2019-11-01-preview"
        ],
        "Server": [
          "Microsoft-HTTPAPI/2.0"
        ],
        "x-ms-request-id": [
          "bc72dc1c-86d7-4950-a9f2-f21e2da15424"
        ],
        "x-ms-correlation-request-id": [
          "bc72dc1c-86d7-4950-a9f2-f21e2da15424"
        ],
        "x-ms-routing-request-id": [
          "SOUTHCENTRALUS:20201126T200603Z:bc72dc1c-86d7-4950-a9f2-f21e2da15424"
        ],
        "Strict-Transport-Security": [
          "max-age=31536000; includeSubDomains"
        ],
        "X-Content-Type-Options": [
          "nosniff"
        ],
        "Date": [
          "Thu, 26 Nov 2020 20:06:02 GMT"
        ],
        "Content-Length": [
          "826"
        ],
        "Content-Type": [
          "application/json; charset=utf-8"
        ],
        "Expires": [
          "-1"
        ]
      },
      "ResponseBody": "{\r\n  \"properties\": {\r\n    \"immutableId\": \"dcr-26b9d801c9064a6e8b045f8cf7e45664\",\r\n    \"dataSources\": {\r\n      \"performanceCounters\": [\r\n        {\r\n          \"streams\": [\r\n            \"Microsoft-InsightsMetrics\"\r\n          ],\r\n          \"scheduledTransferPeriod\": \"PT1M\",\r\n          \"samplingFrequencyInSeconds\": 10,\r\n          \"counterSpecifiers\": [\r\n            \"\\\\Processor Information(_Total)\\\\% Processor Time\"\r\n          ],\r\n          \"name\": \"perfCounter01\"\r\n        }\r\n      ]\r\n    },\r\n    \"destinations\": {\r\n      \"azureMonitorMetrics\": {\r\n        \"name\": \"azureMonitorMetrics-default\"\r\n      }\r\n    },\r\n    \"dataFlows\": [\r\n      {\r\n        \"streams\": [\r\n          \"Microsoft-InsightsMetrics\"\r\n        ],\r\n        \"destinations\": [\r\n          \"azureMonitorMetrics-default\"\r\n        ]\r\n      }\r\n    ],\r\n    \"provisioningState\": \"Succeeded\"\r\n  },\r\n  \"location\": \"East US 2 EUAP\",\r\n  \"id\": \"/subscriptions/b97224f3-b199-49b1-84c7-25b09e8fbf84/resourceGroups/testdcr/providers/Microsoft.Insights/dataCollectionRules/testSessionDCR03\",\r\n  \"name\": \"testSessionDCR03\",\r\n  \"type\": \"Microsoft.Insights/dataCollectionRules\",\r\n  \"etag\": \"\\\"0000261d-0000-3300-0000-5fc00aab0000\\\"\"\r\n}",
      "StatusCode": 200
    },
    {
      "RequestUri": "/subscriptions/b97224f3-b199-49b1-84c7-25b09e8fbf84/providers/Microsoft.Insights/dataCollectionRules?api-version=2019-11-01-preview",
      "EncodedRequestUri": "L3N1YnNjcmlwdGlvbnMvYjk3MjI0ZjMtYjE5OS00OWIxLTg0YzctMjViMDllOGZiZjg0L3Byb3ZpZGVycy9NaWNyb3NvZnQuSW5zaWdodHMvZGF0YUNvbGxlY3Rpb25SdWxlcz9hcGktdmVyc2lvbj0yMDE5LTExLTAxLXByZXZpZXc=",
      "RequestMethod": "GET",
      "RequestBody": "",
      "RequestHeaders": {
        "User-Agent": [
          "FxVersion/4.6.29321.03",
          "OSName/Windows",
          "OSVersion/Microsoft.Windows.10.0.19042.",
          "Microsoft.Azure.Management.Monitor.MonitorManagementClient/0.25.2.0"
        ]
      },
      "ResponseHeaders": {
        "Cache-Control": [
          "no-cache"
        ],
        "Pragma": [
          "no-cache"
        ],
        "x-ms-request-id": [
          "6ecf3713-2b0f-42ca-935e-b7e973abfd13"
        ],
        "x-ms-correlation-request-id": [
          "6ecf3713-2b0f-42ca-935e-b7e973abfd13"
        ],
        "x-ms-routing-request-id": [
          "SOUTHCENTRALUS:20201126T200603Z:6ecf3713-2b0f-42ca-935e-b7e973abfd13"
        ],
        "Strict-Transport-Security": [
          "max-age=31536000; includeSubDomains"
        ],
        "X-Content-Type-Options": [
          "nosniff"
        ],
        "Date": [
          "Thu, 26 Nov 2020 20:06:02 GMT"
        ],
        "Content-Type": [
          "application/json; charset=utf-8"
        ],
        "Expires": [
          "-1"
        ],
        "Content-Length": [
          "2492"
        ]
      },
      "ResponseBody": "{\r\n  \"value\": [\r\n    {\r\n      \"properties\": {\r\n        \"immutableId\": \"dcr-1d0a17b0a4654affa042c72e4744bec9\",\r\n        \"dataSources\": {\r\n          \"performanceCounters\": [\r\n            {\r\n              \"streams\": [\r\n                \"Microsoft-InsightsMetrics\"\r\n              ],\r\n              \"scheduledTransferPeriod\": \"PT1M\",\r\n              \"samplingFrequencyInSeconds\": 10,\r\n              \"counterSpecifiers\": [\r\n                \"\\\\Processor Information(_Total)\\\\% Processor Time\"\r\n              ],\r\n              \"name\": \"perfCounter01\"\r\n            }\r\n          ]\r\n        },\r\n        \"destinations\": {\r\n          \"azureMonitorMetrics\": {\r\n            \"name\": \"azureMonitorMetrics-default\"\r\n          }\r\n        },\r\n        \"dataFlows\": [\r\n          {\r\n            \"streams\": [\r\n              \"Microsoft-InsightsMetrics\"\r\n            ],\r\n            \"destinations\": [\r\n              \"azureMonitorMetrics-default\"\r\n            ]\r\n          }\r\n        ],\r\n        \"provisioningState\": \"Succeeded\"\r\n      },\r\n      \"location\": \"East US 2 EUAP\",\r\n      \"id\": \"/subscriptions/b97224f3-b199-49b1-84c7-25b09e8fbf84/resourceGroups/testdcr/providers/Microsoft.Insights/dataCollectionRules/testSessionDCR01\",\r\n      \"name\": \"testSessionDCR01\",\r\n      \"type\": \"Microsoft.Insights/dataCollectionRules\",\r\n      \"etag\": \"\\\"0000221d-0000-3300-0000-5fc00aa70000\\\"\"\r\n    },\r\n    {\r\n      \"properties\": {\r\n        \"immutableId\": \"dcr-e45bd88410644ff79a7a4b0542f8a2d1\",\r\n        \"dataSources\": {\r\n          \"performanceCounters\": [\r\n            {\r\n              \"streams\": [\r\n                \"Microsoft-InsightsMetrics\"\r\n              ],\r\n              \"scheduledTransferPeriod\": \"PT1M\",\r\n              \"samplingFrequencyInSeconds\": 10,\r\n              \"counterSpecifiers\": [\r\n                \"\\\\Processor Information(_Total)\\\\% Processor Time\"\r\n              ],\r\n              \"name\": \"perfCounter01\"\r\n            }\r\n          ]\r\n        },\r\n        \"destinations\": {\r\n          \"azureMonitorMetrics\": {\r\n            \"name\": \"azureMonitorMetrics-default\"\r\n          }\r\n        },\r\n        \"dataFlows\": [\r\n          {\r\n            \"streams\": [\r\n              \"Microsoft-InsightsMetrics\"\r\n            ],\r\n            \"destinations\": [\r\n              \"azureMonitorMetrics-default\"\r\n            ]\r\n          }\r\n        ],\r\n        \"provisioningState\": \"Succeeded\"\r\n      },\r\n      \"location\": \"East US 2 EUAP\",\r\n      \"id\": \"/subscriptions/b97224f3-b199-49b1-84c7-25b09e8fbf84/resourceGroups/testdcr/providers/Microsoft.Insights/dataCollectionRules/testSessionDCR02\",\r\n      \"name\": \"testSessionDCR02\",\r\n      \"type\": \"Microsoft.Insights/dataCollectionRules\",\r\n      \"etag\": \"\\\"0000241d-0000-3300-0000-5fc00aa90000\\\"\"\r\n    },\r\n    {\r\n      \"properties\": {\r\n        \"immutableId\": \"dcr-26b9d801c9064a6e8b045f8cf7e45664\",\r\n        \"dataSources\": {\r\n          \"performanceCounters\": [\r\n            {\r\n              \"streams\": [\r\n                \"Microsoft-InsightsMetrics\"\r\n              ],\r\n              \"scheduledTransferPeriod\": \"PT1M\",\r\n              \"samplingFrequencyInSeconds\": 10,\r\n              \"counterSpecifiers\": [\r\n                \"\\\\Processor Information(_Total)\\\\% Processor Time\"\r\n              ],\r\n              \"name\": \"perfCounter01\"\r\n            }\r\n          ]\r\n        },\r\n        \"destinations\": {\r\n          \"azureMonitorMetrics\": {\r\n            \"name\": \"azureMonitorMetrics-default\"\r\n          }\r\n        },\r\n        \"dataFlows\": [\r\n          {\r\n            \"streams\": [\r\n              \"Microsoft-InsightsMetrics\"\r\n            ],\r\n            \"destinations\": [\r\n              \"azureMonitorMetrics-default\"\r\n            ]\r\n          }\r\n        ],\r\n        \"provisioningState\": \"Succeeded\"\r\n      },\r\n      \"location\": \"East US 2 EUAP\",\r\n      \"id\": \"/subscriptions/b97224f3-b199-49b1-84c7-25b09e8fbf84/resourceGroups/testdcr/providers/Microsoft.Insights/dataCollectionRules/testSessionDCR03\",\r\n      \"name\": \"testSessionDCR03\",\r\n      \"type\": \"Microsoft.Insights/dataCollectionRules\",\r\n      \"etag\": \"\\\"0000261d-0000-3300-0000-5fc00aab0000\\\"\"\r\n    }\r\n  ]\r\n}",
      "StatusCode": 200
    },
    {
      "RequestUri": "/subscriptions/b97224f3-b199-49b1-84c7-25b09e8fbf84/resourceGroups/testdcr/providers/Microsoft.Insights/dataCollectionRules?api-version=2019-11-01-preview",
      "EncodedRequestUri": "L3N1YnNjcmlwdGlvbnMvYjk3MjI0ZjMtYjE5OS00OWIxLTg0YzctMjViMDllOGZiZjg0L3Jlc291cmNlR3JvdXBzL3Rlc3RkY3IvcHJvdmlkZXJzL01pY3Jvc29mdC5JbnNpZ2h0cy9kYXRhQ29sbGVjdGlvblJ1bGVzP2FwaS12ZXJzaW9uPTIwMTktMTEtMDEtcHJldmlldw==",
      "RequestMethod": "GET",
      "RequestBody": "",
      "RequestHeaders": {
        "User-Agent": [
          "FxVersion/4.6.29321.03",
          "OSName/Windows",
          "OSVersion/Microsoft.Windows.10.0.19042.",
          "Microsoft.Azure.Management.Monitor.MonitorManagementClient/0.25.2.0"
        ]
      },
      "ResponseHeaders": {
        "Cache-Control": [
          "no-cache"
        ],
        "Pragma": [
          "no-cache"
        ],
        "Vary": [
          "Accept-Encoding"
        ],
        "x-ms-ratelimit-remaining-subscription-reads": [
          "11998"
        ],
        "Request-Context": [
          "appId=cid-v1:2bbfbac8-e1b0-44af-b9c6-3a40669d37e3"
        ],
        "api-supported-versions": [
          "2019-11-01-preview"
        ],
        "Server": [
          "Microsoft-HTTPAPI/2.0"
        ],
        "x-ms-request-id": [
          "01a403dd-9a0b-44ea-96c6-c5f1c983f18c"
        ],
        "x-ms-correlation-request-id": [
          "01a403dd-9a0b-44ea-96c6-c5f1c983f18c"
        ],
        "x-ms-routing-request-id": [
          "SOUTHCENTRALUS:20201126T200604Z:01a403dd-9a0b-44ea-96c6-c5f1c983f18c"
        ],
        "Strict-Transport-Security": [
          "max-age=31536000; includeSubDomains"
        ],
        "X-Content-Type-Options": [
          "nosniff"
        ],
        "Date": [
          "Thu, 26 Nov 2020 20:06:03 GMT"
        ],
        "Content-Length": [
          "2508"
        ],
        "Content-Type": [
          "application/json; charset=utf-8"
        ],
        "Expires": [
          "-1"
        ]
      },
      "ResponseBody": "{\r\n  \"value\": [\r\n    {\r\n      \"properties\": {\r\n        \"immutableId\": \"dcr-1d0a17b0a4654affa042c72e4744bec9\",\r\n        \"dataSources\": {\r\n          \"performanceCounters\": [\r\n            {\r\n              \"streams\": [\r\n                \"Microsoft-InsightsMetrics\"\r\n              ],\r\n              \"scheduledTransferPeriod\": \"PT1M\",\r\n              \"samplingFrequencyInSeconds\": 10,\r\n              \"counterSpecifiers\": [\r\n                \"\\\\Processor Information(_Total)\\\\% Processor Time\"\r\n              ],\r\n              \"name\": \"perfCounter01\"\r\n            }\r\n          ]\r\n        },\r\n        \"destinations\": {\r\n          \"azureMonitorMetrics\": {\r\n            \"name\": \"azureMonitorMetrics-default\"\r\n          }\r\n        },\r\n        \"dataFlows\": [\r\n          {\r\n            \"streams\": [\r\n              \"Microsoft-InsightsMetrics\"\r\n            ],\r\n            \"destinations\": [\r\n              \"azureMonitorMetrics-default\"\r\n            ]\r\n          }\r\n        ],\r\n        \"provisioningState\": \"Succeeded\"\r\n      },\r\n      \"location\": \"East US 2 EUAP\",\r\n      \"id\": \"/subscriptions/b97224f3-b199-49b1-84c7-25b09e8fbf84/resourceGroups/testdcr/providers/Microsoft.Insights/dataCollectionRules/testSessionDCR01\",\r\n      \"name\": \"testSessionDCR01\",\r\n      \"type\": \"Microsoft.Insights/dataCollectionRules\",\r\n      \"etag\": \"\\\"0000221d-0000-3300-0000-5fc00aa70000\\\"\"\r\n    },\r\n    {\r\n      \"properties\": {\r\n        \"immutableId\": \"dcr-e45bd88410644ff79a7a4b0542f8a2d1\",\r\n        \"dataSources\": {\r\n          \"performanceCounters\": [\r\n            {\r\n              \"streams\": [\r\n                \"Microsoft-InsightsMetrics\"\r\n              ],\r\n              \"scheduledTransferPeriod\": \"PT1M\",\r\n              \"samplingFrequencyInSeconds\": 10,\r\n              \"counterSpecifiers\": [\r\n                \"\\\\Processor Information(_Total)\\\\% Processor Time\"\r\n              ],\r\n              \"name\": \"perfCounter01\"\r\n            }\r\n          ]\r\n        },\r\n        \"destinations\": {\r\n          \"azureMonitorMetrics\": {\r\n            \"name\": \"azureMonitorMetrics-default\"\r\n          }\r\n        },\r\n        \"dataFlows\": [\r\n          {\r\n            \"streams\": [\r\n              \"Microsoft-InsightsMetrics\"\r\n            ],\r\n            \"destinations\": [\r\n              \"azureMonitorMetrics-default\"\r\n            ]\r\n          }\r\n        ],\r\n        \"provisioningState\": \"Succeeded\"\r\n      },\r\n      \"location\": \"East US 2 EUAP\",\r\n      \"id\": \"/subscriptions/b97224f3-b199-49b1-84c7-25b09e8fbf84/resourceGroups/testdcr/providers/Microsoft.Insights/dataCollectionRules/testSessionDCR02\",\r\n      \"name\": \"testSessionDCR02\",\r\n      \"type\": \"Microsoft.Insights/dataCollectionRules\",\r\n      \"etag\": \"\\\"0000241d-0000-3300-0000-5fc00aa90000\\\"\"\r\n    },\r\n    {\r\n      \"properties\": {\r\n        \"immutableId\": \"dcr-26b9d801c9064a6e8b045f8cf7e45664\",\r\n        \"dataSources\": {\r\n          \"performanceCounters\": [\r\n            {\r\n              \"streams\": [\r\n                \"Microsoft-InsightsMetrics\"\r\n              ],\r\n              \"scheduledTransferPeriod\": \"PT1M\",\r\n              \"samplingFrequencyInSeconds\": 10,\r\n              \"counterSpecifiers\": [\r\n                \"\\\\Processor Information(_Total)\\\\% Processor Time\"\r\n              ],\r\n              \"name\": \"perfCounter01\"\r\n            }\r\n          ]\r\n        },\r\n        \"destinations\": {\r\n          \"azureMonitorMetrics\": {\r\n            \"name\": \"azureMonitorMetrics-default\"\r\n          }\r\n        },\r\n        \"dataFlows\": [\r\n          {\r\n            \"streams\": [\r\n              \"Microsoft-InsightsMetrics\"\r\n            ],\r\n            \"destinations\": [\r\n              \"azureMonitorMetrics-default\"\r\n            ]\r\n          }\r\n        ],\r\n        \"provisioningState\": \"Succeeded\"\r\n      },\r\n      \"location\": \"East US 2 EUAP\",\r\n      \"id\": \"/subscriptions/b97224f3-b199-49b1-84c7-25b09e8fbf84/resourceGroups/testdcr/providers/Microsoft.Insights/dataCollectionRules/testSessionDCR03\",\r\n      \"name\": \"testSessionDCR03\",\r\n      \"type\": \"Microsoft.Insights/dataCollectionRules\",\r\n      \"etag\": \"\\\"0000261d-0000-3300-0000-5fc00aab0000\\\"\"\r\n    }\r\n  ],\r\n  \"nextLink\": null\r\n}",
      "StatusCode": 200
    },
    {
      "RequestUri": "/subscriptions/b97224f3-b199-49b1-84c7-25b09e8fbf84/resourceGroups/testdcr/providers/Microsoft.Insights/dataCollectionRules/testSessionDCR01?api-version=2019-11-01-preview",
      "EncodedRequestUri": "L3N1YnNjcmlwdGlvbnMvYjk3MjI0ZjMtYjE5OS00OWIxLTg0YzctMjViMDllOGZiZjg0L3Jlc291cmNlR3JvdXBzL3Rlc3RkY3IvcHJvdmlkZXJzL01pY3Jvc29mdC5JbnNpZ2h0cy9kYXRhQ29sbGVjdGlvblJ1bGVzL3Rlc3RTZXNzaW9uRENSMDE/YXBpLXZlcnNpb249MjAxOS0xMS0wMS1wcmV2aWV3",
      "RequestMethod": "GET",
      "RequestBody": "",
      "RequestHeaders": {
        "User-Agent": [
          "FxVersion/4.6.29321.03",
          "OSName/Windows",
          "OSVersion/Microsoft.Windows.10.0.19042.",
          "Microsoft.Azure.Management.Monitor.MonitorManagementClient/0.25.2.0"
        ]
      },
      "ResponseHeaders": {
        "Cache-Control": [
          "no-cache"
        ],
        "Pragma": [
          "no-cache"
        ],
        "Vary": [
          "Accept-Encoding"
        ],
        "x-ms-ratelimit-remaining-subscription-reads": [
          "11997"
        ],
        "Request-Context": [
          "appId=cid-v1:2bbfbac8-e1b0-44af-b9c6-3a40669d37e3"
        ],
        "api-supported-versions": [
          "2019-11-01-preview"
        ],
        "Server": [
          "Microsoft-HTTPAPI/2.0"
        ],
        "x-ms-request-id": [
          "aae4b850-e4e1-4c10-bd96-508fdef71945"
        ],
        "x-ms-correlation-request-id": [
          "aae4b850-e4e1-4c10-bd96-508fdef71945"
        ],
        "x-ms-routing-request-id": [
          "SOUTHCENTRALUS:20201126T200605Z:aae4b850-e4e1-4c10-bd96-508fdef71945"
        ],
        "Strict-Transport-Security": [
          "max-age=31536000; includeSubDomains"
        ],
        "X-Content-Type-Options": [
          "nosniff"
        ],
        "Date": [
          "Thu, 26 Nov 2020 20:06:04 GMT"
        ],
        "Content-Length": [
          "862"
        ],
        "Content-Type": [
          "application/json; charset=utf-8"
        ],
        "Expires": [
          "-1"
        ]
      },
      "ResponseBody": "{\r\n  \"properties\": {\r\n    \"description\": \"Updated Description\",\r\n    \"immutableId\": \"dcr-1d0a17b0a4654affa042c72e4744bec9\",\r\n    \"dataSources\": {\r\n      \"performanceCounters\": [\r\n        {\r\n          \"streams\": [\r\n            \"Microsoft-InsightsMetrics\"\r\n          ],\r\n          \"scheduledTransferPeriod\": \"PT1M\",\r\n          \"samplingFrequencyInSeconds\": 10,\r\n          \"counterSpecifiers\": [\r\n            \"\\\\Processor Information(_Total)\\\\% Processor Time\"\r\n          ],\r\n          \"name\": \"perfCounter01\"\r\n        }\r\n      ]\r\n    },\r\n    \"destinations\": {\r\n      \"azureMonitorMetrics\": {\r\n        \"name\": \"azureMonitorMetrics-default\"\r\n      }\r\n    },\r\n    \"dataFlows\": [\r\n      {\r\n        \"streams\": [\r\n          \"Microsoft-InsightsMetrics\"\r\n        ],\r\n        \"destinations\": [\r\n          \"azureMonitorMetrics-default\"\r\n        ]\r\n      }\r\n    ],\r\n    \"provisioningState\": \"Succeeded\"\r\n  },\r\n  \"location\": \"East US 2 EUAP\",\r\n  \"id\": \"/subscriptions/b97224f3-b199-49b1-84c7-25b09e8fbf84/resourceGroups/testdcr/providers/Microsoft.Insights/dataCollectionRules/testSessionDCR01\",\r\n  \"name\": \"testSessionDCR01\",\r\n  \"type\": \"Microsoft.Insights/dataCollectionRules\",\r\n  \"etag\": \"\\\"0000281d-0000-3300-0000-5fc00aac0000\\\"\"\r\n}",
      "StatusCode": 200
    },
    {
      "RequestUri": "/subscriptions/b97224f3-b199-49b1-84c7-25b09e8fbf84/resourceGroups/testdcr/providers/Microsoft.Insights/dataCollectionRules/testSessionDCR01?api-version=2019-11-01-preview",
      "EncodedRequestUri": "L3N1YnNjcmlwdGlvbnMvYjk3MjI0ZjMtYjE5OS00OWIxLTg0YzctMjViMDllOGZiZjg0L3Jlc291cmNlR3JvdXBzL3Rlc3RkY3IvcHJvdmlkZXJzL01pY3Jvc29mdC5JbnNpZ2h0cy9kYXRhQ29sbGVjdGlvblJ1bGVzL3Rlc3RTZXNzaW9uRENSMDE/YXBpLXZlcnNpb249MjAxOS0xMS0wMS1wcmV2aWV3",
      "RequestMethod": "GET",
      "RequestBody": "",
      "RequestHeaders": {
        "User-Agent": [
          "FxVersion/4.6.29321.03",
          "OSName/Windows",
          "OSVersion/Microsoft.Windows.10.0.19042.",
          "Microsoft.Azure.Management.Monitor.MonitorManagementClient/0.25.2.0"
        ]
      },
      "ResponseHeaders": {
        "Cache-Control": [
          "no-cache"
        ],
        "Pragma": [
          "no-cache"
        ],
        "Vary": [
          "Accept-Encoding"
        ],
        "x-ms-ratelimit-remaining-subscription-reads": [
          "11995"
        ],
        "Request-Context": [
          "appId=cid-v1:2bbfbac8-e1b0-44af-b9c6-3a40669d37e3"
        ],
        "api-supported-versions": [
          "2019-11-01-preview"
        ],
        "Server": [
          "Microsoft-HTTPAPI/2.0"
        ],
        "x-ms-request-id": [
          "39f594e2-89d8-46b1-870b-4b02cfb3cd8f"
        ],
        "x-ms-correlation-request-id": [
          "39f594e2-89d8-46b1-870b-4b02cfb3cd8f"
        ],
        "x-ms-routing-request-id": [
          "SOUTHCENTRALUS:20201126T200607Z:39f594e2-89d8-46b1-870b-4b02cfb3cd8f"
        ],
        "Strict-Transport-Security": [
          "max-age=31536000; includeSubDomains"
        ],
        "X-Content-Type-Options": [
          "nosniff"
        ],
        "Date": [
          "Thu, 26 Nov 2020 20:06:07 GMT"
        ],
        "Content-Length": [
          "912"
        ],
        "Content-Type": [
          "application/json; charset=utf-8"
        ],
        "Expires": [
          "-1"
        ]
      },
      "ResponseBody": "{\r\n  \"properties\": {\r\n    \"description\": \"Updated Description\",\r\n    \"immutableId\": \"dcr-1d0a17b0a4654affa042c72e4744bec9\",\r\n    \"dataSources\": {\r\n      \"performanceCounters\": [\r\n        {\r\n          \"streams\": [\r\n            \"Microsoft-InsightsMetrics\"\r\n          ],\r\n          \"scheduledTransferPeriod\": \"PT1M\",\r\n          \"samplingFrequencyInSeconds\": 10,\r\n          \"counterSpecifiers\": [\r\n            \"\\\\Processor Information(_Total)\\\\% Processor Time\"\r\n          ],\r\n          \"name\": \"perfCounter01\"\r\n        }\r\n      ]\r\n    },\r\n    \"destinations\": {\r\n      \"azureMonitorMetrics\": {\r\n        \"name\": \"azureMonitorMetrics-default\"\r\n      }\r\n    },\r\n    \"dataFlows\": [\r\n      {\r\n        \"streams\": [\r\n          \"Microsoft-InsightsMetrics\"\r\n        ],\r\n        \"destinations\": [\r\n          \"azureMonitorMetrics-default\"\r\n        ]\r\n      }\r\n    ],\r\n    \"provisioningState\": \"Succeeded\"\r\n  },\r\n  \"location\": \"East US 2 EUAP\",\r\n  \"tags\": {\r\n    \"update1\": \"test by Name\",\r\n    \"tag2\": \"value2\"\r\n  },\r\n  \"id\": \"/subscriptions/b97224f3-b199-49b1-84c7-25b09e8fbf84/resourceGroups/testdcr/providers/Microsoft.Insights/dataCollectionRules/testSessionDCR01\",\r\n  \"name\": \"testSessionDCR01\",\r\n  \"type\": \"Microsoft.Insights/dataCollectionRules\",\r\n  \"etag\": \"\\\"00002a1d-0000-3300-0000-5fc00aae0000\\\"\"\r\n}",
      "StatusCode": 200
    },
    {
      "RequestUri": "/subscriptions/b97224f3-b199-49b1-84c7-25b09e8fbf84/resourceGroups/testdcr/providers/Microsoft.Insights/dataCollectionRules/testSessionDCR01?api-version=2019-11-01-preview",
      "EncodedRequestUri": "L3N1YnNjcmlwdGlvbnMvYjk3MjI0ZjMtYjE5OS00OWIxLTg0YzctMjViMDllOGZiZjg0L3Jlc291cmNlR3JvdXBzL3Rlc3RkY3IvcHJvdmlkZXJzL01pY3Jvc29mdC5JbnNpZ2h0cy9kYXRhQ29sbGVjdGlvblJ1bGVzL3Rlc3RTZXNzaW9uRENSMDE/YXBpLXZlcnNpb249MjAxOS0xMS0wMS1wcmV2aWV3",
      "RequestMethod": "GET",
      "RequestBody": "",
      "RequestHeaders": {
        "User-Agent": [
          "FxVersion/4.6.29321.03",
          "OSName/Windows",
          "OSVersion/Microsoft.Windows.10.0.19042.",
          "Microsoft.Azure.Management.Monitor.MonitorManagementClient/0.25.2.0"
        ]
      },
      "ResponseHeaders": {
        "Cache-Control": [
          "no-cache"
        ],
        "Pragma": [
          "no-cache"
        ],
        "Vary": [
          "Accept-Encoding"
        ],
        "x-ms-ratelimit-remaining-subscription-reads": [
          "11994"
        ],
        "Request-Context": [
          "appId=cid-v1:2bbfbac8-e1b0-44af-b9c6-3a40669d37e3"
        ],
        "api-supported-versions": [
          "2019-11-01-preview"
        ],
        "Server": [
          "Microsoft-HTTPAPI/2.0"
        ],
        "x-ms-request-id": [
          "2b8331db-8e6d-4ad0-8a8c-40ca5bdc92cf"
        ],
        "x-ms-correlation-request-id": [
          "2b8331db-8e6d-4ad0-8a8c-40ca5bdc92cf"
        ],
        "x-ms-routing-request-id": [
          "SOUTHCENTRALUS:20201126T200609Z:2b8331db-8e6d-4ad0-8a8c-40ca5bdc92cf"
        ],
        "Strict-Transport-Security": [
          "max-age=31536000; includeSubDomains"
        ],
        "X-Content-Type-Options": [
          "nosniff"
        ],
        "Date": [
          "Thu, 26 Nov 2020 20:06:09 GMT"
        ],
        "Content-Length": [
          "915"
        ],
        "Content-Type": [
          "application/json; charset=utf-8"
        ],
        "Expires": [
          "-1"
        ]
      },
      "ResponseBody": "{\r\n  \"properties\": {\r\n    \"description\": \"Updated Description\",\r\n    \"immutableId\": \"dcr-1d0a17b0a4654affa042c72e4744bec9\",\r\n    \"dataSources\": {\r\n      \"performanceCounters\": [\r\n        {\r\n          \"streams\": [\r\n            \"Microsoft-InsightsMetrics\"\r\n          ],\r\n          \"scheduledTransferPeriod\": \"PT1M\",\r\n          \"samplingFrequencyInSeconds\": 10,\r\n          \"counterSpecifiers\": [\r\n            \"\\\\Processor Information(_Total)\\\\% Processor Time\"\r\n          ],\r\n          \"name\": \"perfCounter01\"\r\n        }\r\n      ]\r\n    },\r\n    \"destinations\": {\r\n      \"azureMonitorMetrics\": {\r\n        \"name\": \"azureMonitorMetrics-default\"\r\n      }\r\n    },\r\n    \"dataFlows\": [\r\n      {\r\n        \"streams\": [\r\n          \"Microsoft-InsightsMetrics\"\r\n        ],\r\n        \"destinations\": [\r\n          \"azureMonitorMetrics-default\"\r\n        ]\r\n      }\r\n    ],\r\n    \"provisioningState\": \"Succeeded\"\r\n  },\r\n  \"location\": \"East US 2 EUAP\",\r\n  \"tags\": {\r\n    \"tag2\": \"value2\",\r\n    \"update2\": \"test by Rule Id\"\r\n  },\r\n  \"id\": \"/subscriptions/b97224f3-b199-49b1-84c7-25b09e8fbf84/resourceGroups/testdcr/providers/Microsoft.Insights/dataCollectionRules/testSessionDCR01\",\r\n  \"name\": \"testSessionDCR01\",\r\n  \"type\": \"Microsoft.Insights/dataCollectionRules\",\r\n  \"etag\": \"\\\"00002b1d-0000-3300-0000-5fc00ab00000\\\"\"\r\n}",
      "StatusCode": 200
    },
    {
      "RequestUri": "/subscriptions/b97224f3-b199-49b1-84c7-25b09e8fbf84/resourceGroups/testdcr/providers/Microsoft.Insights/dataCollectionRules/testSessionDCR01?api-version=2019-11-01-preview",
      "EncodedRequestUri": "L3N1YnNjcmlwdGlvbnMvYjk3MjI0ZjMtYjE5OS00OWIxLTg0YzctMjViMDllOGZiZjg0L3Jlc291cmNlR3JvdXBzL3Rlc3RkY3IvcHJvdmlkZXJzL01pY3Jvc29mdC5JbnNpZ2h0cy9kYXRhQ29sbGVjdGlvblJ1bGVzL3Rlc3RTZXNzaW9uRENSMDE/YXBpLXZlcnNpb249MjAxOS0xMS0wMS1wcmV2aWV3",
      "RequestMethod": "GET",
      "RequestBody": "",
      "RequestHeaders": {
        "User-Agent": [
          "FxVersion/4.6.29321.03",
          "OSName/Windows",
          "OSVersion/Microsoft.Windows.10.0.19042.",
          "Microsoft.Azure.Management.Monitor.MonitorManagementClient/0.25.2.0"
        ]
      },
      "ResponseHeaders": {
        "Cache-Control": [
          "no-cache"
        ],
        "Pragma": [
          "no-cache"
        ],
        "Vary": [
          "Accept-Encoding"
        ],
        "x-ms-ratelimit-remaining-subscription-reads": [
          "11993"
        ],
        "Request-Context": [
          "appId=cid-v1:2bbfbac8-e1b0-44af-b9c6-3a40669d37e3"
        ],
        "api-supported-versions": [
          "2019-11-01-preview"
        ],
        "Server": [
          "Microsoft-HTTPAPI/2.0"
        ],
        "x-ms-request-id": [
          "4b79884d-9be9-4d53-a51e-5fa3579134b3"
        ],
        "x-ms-correlation-request-id": [
          "4b79884d-9be9-4d53-a51e-5fa3579134b3"
        ],
        "x-ms-routing-request-id": [
          "SOUTHCENTRALUS:20201126T200610Z:4b79884d-9be9-4d53-a51e-5fa3579134b3"
        ],
        "Strict-Transport-Security": [
          "max-age=31536000; includeSubDomains"
        ],
        "X-Content-Type-Options": [
          "nosniff"
        ],
        "Date": [
          "Thu, 26 Nov 2020 20:06:10 GMT"
        ],
        "Content-Length": [
          "920"
        ],
        "Content-Type": [
          "application/json; charset=utf-8"
        ],
        "Expires": [
          "-1"
        ]
      },
      "ResponseBody": "{\r\n  \"properties\": {\r\n    \"description\": \"Updated Description\",\r\n    \"immutableId\": \"dcr-1d0a17b0a4654affa042c72e4744bec9\",\r\n    \"dataSources\": {\r\n      \"performanceCounters\": [\r\n        {\r\n          \"streams\": [\r\n            \"Microsoft-InsightsMetrics\"\r\n          ],\r\n          \"scheduledTransferPeriod\": \"PT1M\",\r\n          \"samplingFrequencyInSeconds\": 10,\r\n          \"counterSpecifiers\": [\r\n            \"\\\\Processor Information(_Total)\\\\% Processor Time\"\r\n          ],\r\n          \"name\": \"perfCounter01\"\r\n        }\r\n      ]\r\n    },\r\n    \"destinations\": {\r\n      \"azureMonitorMetrics\": {\r\n        \"name\": \"azureMonitorMetrics-default\"\r\n      }\r\n    },\r\n    \"dataFlows\": [\r\n      {\r\n        \"streams\": [\r\n          \"Microsoft-InsightsMetrics\"\r\n        ],\r\n        \"destinations\": [\r\n          \"azureMonitorMetrics-default\"\r\n        ]\r\n      }\r\n    ],\r\n    \"provisioningState\": \"Succeeded\"\r\n  },\r\n  \"location\": \"East US 2 EUAP\",\r\n  \"tags\": {\r\n    \"tag2\": \"value2\",\r\n    \"update3\": \"test by Input Object\"\r\n  },\r\n  \"id\": \"/subscriptions/b97224f3-b199-49b1-84c7-25b09e8fbf84/resourceGroups/testdcr/providers/Microsoft.Insights/dataCollectionRules/testSessionDCR01\",\r\n  \"name\": \"testSessionDCR01\",\r\n  \"type\": \"Microsoft.Insights/dataCollectionRules\",\r\n  \"etag\": \"\\\"00002c1d-0000-3300-0000-5fc00ab10000\\\"\"\r\n}",
      "StatusCode": 200
    },
    {
      "RequestUri": "/subscriptions/b97224f3-b199-49b1-84c7-25b09e8fbf84/resourceGroups/testdcr/providers/Microsoft.Insights/dataCollectionRules/testSessionDCR02?api-version=2019-11-01-preview",
      "EncodedRequestUri": "L3N1YnNjcmlwdGlvbnMvYjk3MjI0ZjMtYjE5OS00OWIxLTg0YzctMjViMDllOGZiZjg0L3Jlc291cmNlR3JvdXBzL3Rlc3RkY3IvcHJvdmlkZXJzL01pY3Jvc29mdC5JbnNpZ2h0cy9kYXRhQ29sbGVjdGlvblJ1bGVzL3Rlc3RTZXNzaW9uRENSMDI/YXBpLXZlcnNpb249MjAxOS0xMS0wMS1wcmV2aWV3",
      "RequestMethod": "GET",
      "RequestBody": "",
      "RequestHeaders": {
        "User-Agent": [
          "FxVersion/4.6.29321.03",
          "OSName/Windows",
          "OSVersion/Microsoft.Windows.10.0.19042.",
          "Microsoft.Azure.Management.Monitor.MonitorManagementClient/0.25.2.0"
        ]
      },
      "ResponseHeaders": {
        "Cache-Control": [
          "no-cache"
        ],
        "Pragma": [
          "no-cache"
        ],
        "Vary": [
          "Accept-Encoding"
        ],
        "x-ms-ratelimit-remaining-subscription-reads": [
          "11996"
        ],
        "Request-Context": [
          "appId=cid-v1:2bbfbac8-e1b0-44af-b9c6-3a40669d37e3"
        ],
        "api-supported-versions": [
          "2019-11-01-preview"
        ],
        "Server": [
          "Microsoft-HTTPAPI/2.0"
        ],
        "x-ms-request-id": [
          "feddbd3c-6d16-4ec7-963e-7992291f12f0"
        ],
        "x-ms-correlation-request-id": [
          "feddbd3c-6d16-4ec7-963e-7992291f12f0"
        ],
        "x-ms-routing-request-id": [
          "SOUTHCENTRALUS:20201126T200606Z:feddbd3c-6d16-4ec7-963e-7992291f12f0"
        ],
        "Strict-Transport-Security": [
          "max-age=31536000; includeSubDomains"
        ],
        "X-Content-Type-Options": [
          "nosniff"
        ],
        "Date": [
          "Thu, 26 Nov 2020 20:06:06 GMT"
        ],
        "Content-Length": [
          "868"
        ],
        "Content-Type": [
          "application/json; charset=utf-8"
        ],
        "Expires": [
          "-1"
        ]
      },
      "ResponseBody": "{\r\n  \"properties\": {\r\n    \"description\": \"Set Description from file\",\r\n    \"immutableId\": \"dcr-e45bd88410644ff79a7a4b0542f8a2d1\",\r\n    \"dataSources\": {\r\n      \"performanceCounters\": [\r\n        {\r\n          \"streams\": [\r\n            \"Microsoft-InsightsMetrics\"\r\n          ],\r\n          \"scheduledTransferPeriod\": \"PT1M\",\r\n          \"samplingFrequencyInSeconds\": 10,\r\n          \"counterSpecifiers\": [\r\n            \"\\\\Processor Information(_Total)\\\\% Processor Time\"\r\n          ],\r\n          \"name\": \"perfCounter01\"\r\n        }\r\n      ]\r\n    },\r\n    \"destinations\": {\r\n      \"azureMonitorMetrics\": {\r\n        \"name\": \"azureMonitorMetrics-default\"\r\n      }\r\n    },\r\n    \"dataFlows\": [\r\n      {\r\n        \"streams\": [\r\n          \"Microsoft-InsightsMetrics\"\r\n        ],\r\n        \"destinations\": [\r\n          \"azureMonitorMetrics-default\"\r\n        ]\r\n      }\r\n    ],\r\n    \"provisioningState\": \"Succeeded\"\r\n  },\r\n  \"location\": \"East US 2 EUAP\",\r\n  \"id\": \"/subscriptions/b97224f3-b199-49b1-84c7-25b09e8fbf84/resourceGroups/testdcr/providers/Microsoft.Insights/dataCollectionRules/testSessionDCR02\",\r\n  \"name\": \"testSessionDCR02\",\r\n  \"type\": \"Microsoft.Insights/dataCollectionRules\",\r\n  \"etag\": \"\\\"0000291d-0000-3300-0000-5fc00aad0000\\\"\"\r\n}",
      "StatusCode": 200
    },
    {
      "RequestUri": "/subscriptions/b97224f3-b199-49b1-84c7-25b09e8fbf84/resourceGroups/testdcr/providers/Microsoft.Insights/dataCollectionRules/testSessionDCR01?api-version=2019-11-01-preview",
      "EncodedRequestUri": "L3N1YnNjcmlwdGlvbnMvYjk3MjI0ZjMtYjE5OS00OWIxLTg0YzctMjViMDllOGZiZjg0L3Jlc291cmNlR3JvdXBzL3Rlc3RkY3IvcHJvdmlkZXJzL01pY3Jvc29mdC5JbnNpZ2h0cy9kYXRhQ29sbGVjdGlvblJ1bGVzL3Rlc3RTZXNzaW9uRENSMDE/YXBpLXZlcnNpb249MjAxOS0xMS0wMS1wcmV2aWV3",
      "RequestMethod": "PATCH",
      "RequestBody": "{\r\n  \"tags\": {\r\n    \"update1\": \"test by Name\",\r\n    \"tag2\": \"value2\"\r\n  }\r\n}",
      "RequestHeaders": {
        "User-Agent": [
          "FxVersion/4.6.29321.03",
          "OSName/Windows",
          "OSVersion/Microsoft.Windows.10.0.19042.",
          "Microsoft.Azure.Management.Monitor.MonitorManagementClient/0.25.2.0"
        ],
        "Content-Type": [
          "application/json; charset=utf-8"
        ],
        "Content-Length": [
          "76"
        ]
      },
      "ResponseHeaders": {
        "Cache-Control": [
          "no-cache"
        ],
        "Pragma": [
          "no-cache"
        ],
        "Vary": [
          "Accept-Encoding"
        ],
        "x-ms-ratelimit-remaining-subscription-resource-requests": [
          "54"
        ],
        "Request-Context": [
          "appId=cid-v1:2bbfbac8-e1b0-44af-b9c6-3a40669d37e3"
        ],
        "api-supported-versions": [
          "2019-11-01-preview"
        ],
        "Server": [
          "Microsoft-HTTPAPI/2.0"
        ],
        "x-ms-request-id": [
          "53faba4e-39d3-407d-b5f8-39c607fc5eb2"
        ],
        "x-ms-correlation-request-id": [
          "53faba4e-39d3-407d-b5f8-39c607fc5eb2"
        ],
        "x-ms-routing-request-id": [
          "SOUTHCENTRALUS:20201126T200607Z:53faba4e-39d3-407d-b5f8-39c607fc5eb2"
        ],
        "Strict-Transport-Security": [
          "max-age=31536000; includeSubDomains"
        ],
        "X-Content-Type-Options": [
          "nosniff"
        ],
        "Date": [
          "Thu, 26 Nov 2020 20:06:07 GMT"
        ],
        "Content-Length": [
          "912"
        ],
        "Content-Type": [
          "application/json; charset=utf-8"
        ],
        "Expires": [
          "-1"
        ]
      },
      "ResponseBody": "{\r\n  \"properties\": {\r\n    \"description\": \"Updated Description\",\r\n    \"immutableId\": \"dcr-1d0a17b0a4654affa042c72e4744bec9\",\r\n    \"dataSources\": {\r\n      \"performanceCounters\": [\r\n        {\r\n          \"streams\": [\r\n            \"Microsoft-InsightsMetrics\"\r\n          ],\r\n          \"scheduledTransferPeriod\": \"PT1M\",\r\n          \"samplingFrequencyInSeconds\": 10,\r\n          \"counterSpecifiers\": [\r\n            \"\\\\Processor Information(_Total)\\\\% Processor Time\"\r\n          ],\r\n          \"name\": \"perfCounter01\"\r\n        }\r\n      ]\r\n    },\r\n    \"destinations\": {\r\n      \"azureMonitorMetrics\": {\r\n        \"name\": \"azureMonitorMetrics-default\"\r\n      }\r\n    },\r\n    \"dataFlows\": [\r\n      {\r\n        \"streams\": [\r\n          \"Microsoft-InsightsMetrics\"\r\n        ],\r\n        \"destinations\": [\r\n          \"azureMonitorMetrics-default\"\r\n        ]\r\n      }\r\n    ],\r\n    \"provisioningState\": \"Succeeded\"\r\n  },\r\n  \"location\": \"East US 2 EUAP\",\r\n  \"tags\": {\r\n    \"update1\": \"test by Name\",\r\n    \"tag2\": \"value2\"\r\n  },\r\n  \"id\": \"/subscriptions/b97224f3-b199-49b1-84c7-25b09e8fbf84/resourceGroups/testdcr/providers/Microsoft.Insights/dataCollectionRules/testSessionDCR01\",\r\n  \"name\": \"testSessionDCR01\",\r\n  \"type\": \"Microsoft.Insights/dataCollectionRules\",\r\n  \"etag\": \"\\\"00002a1d-0000-3300-0000-5fc00aae0000\\\"\"\r\n}",
      "StatusCode": 200
    },
    {
      "RequestUri": "/subscriptions/b97224f3-b199-49b1-84c7-25b09e8fbf84/resourceGroups/testdcr/providers/Microsoft.Insights/dataCollectionRules/testSessionDCR01?api-version=2019-11-01-preview",
      "EncodedRequestUri": "L3N1YnNjcmlwdGlvbnMvYjk3MjI0ZjMtYjE5OS00OWIxLTg0YzctMjViMDllOGZiZjg0L3Jlc291cmNlR3JvdXBzL3Rlc3RkY3IvcHJvdmlkZXJzL01pY3Jvc29mdC5JbnNpZ2h0cy9kYXRhQ29sbGVjdGlvblJ1bGVzL3Rlc3RTZXNzaW9uRENSMDE/YXBpLXZlcnNpb249MjAxOS0xMS0wMS1wcmV2aWV3",
      "RequestMethod": "PATCH",
      "RequestBody": "{\r\n  \"tags\": {\r\n    \"tag2\": \"value2\",\r\n    \"update2\": \"test by Rule Id\"\r\n  }\r\n}",
      "RequestHeaders": {
        "User-Agent": [
          "FxVersion/4.6.29321.03",
          "OSName/Windows",
          "OSVersion/Microsoft.Windows.10.0.19042.",
          "Microsoft.Azure.Management.Monitor.MonitorManagementClient/0.25.2.0"
        ],
        "Content-Type": [
          "application/json; charset=utf-8"
        ],
        "Content-Length": [
          "79"
        ]
      },
      "ResponseHeaders": {
        "Cache-Control": [
          "no-cache"
        ],
        "Pragma": [
          "no-cache"
        ],
        "Vary": [
          "Accept-Encoding"
        ],
        "x-ms-ratelimit-remaining-subscription-resource-requests": [
          "53"
        ],
        "Request-Context": [
          "appId=cid-v1:2bbfbac8-e1b0-44af-b9c6-3a40669d37e3"
        ],
        "api-supported-versions": [
          "2019-11-01-preview"
        ],
        "Server": [
          "Microsoft-HTTPAPI/2.0"
        ],
        "x-ms-request-id": [
          "0c88c938-41b4-4e20-8ef1-029a9bad1131"
        ],
        "x-ms-correlation-request-id": [
          "0c88c938-41b4-4e20-8ef1-029a9bad1131"
        ],
        "x-ms-routing-request-id": [
          "SOUTHCENTRALUS:20201126T200608Z:0c88c938-41b4-4e20-8ef1-029a9bad1131"
        ],
        "Strict-Transport-Security": [
          "max-age=31536000; includeSubDomains"
        ],
        "X-Content-Type-Options": [
          "nosniff"
        ],
        "Date": [
          "Thu, 26 Nov 2020 20:06:08 GMT"
        ],
        "Content-Length": [
          "915"
        ],
        "Content-Type": [
          "application/json; charset=utf-8"
        ],
        "Expires": [
          "-1"
        ]
      },
      "ResponseBody": "{\r\n  \"properties\": {\r\n    \"description\": \"Updated Description\",\r\n    \"immutableId\": \"dcr-1d0a17b0a4654affa042c72e4744bec9\",\r\n    \"dataSources\": {\r\n      \"performanceCounters\": [\r\n        {\r\n          \"streams\": [\r\n            \"Microsoft-InsightsMetrics\"\r\n          ],\r\n          \"scheduledTransferPeriod\": \"PT1M\",\r\n          \"samplingFrequencyInSeconds\": 10,\r\n          \"counterSpecifiers\": [\r\n            \"\\\\Processor Information(_Total)\\\\% Processor Time\"\r\n          ],\r\n          \"name\": \"perfCounter01\"\r\n        }\r\n      ]\r\n    },\r\n    \"destinations\": {\r\n      \"azureMonitorMetrics\": {\r\n        \"name\": \"azureMonitorMetrics-default\"\r\n      }\r\n    },\r\n    \"dataFlows\": [\r\n      {\r\n        \"streams\": [\r\n          \"Microsoft-InsightsMetrics\"\r\n        ],\r\n        \"destinations\": [\r\n          \"azureMonitorMetrics-default\"\r\n        ]\r\n      }\r\n    ],\r\n    \"provisioningState\": \"Succeeded\"\r\n  },\r\n  \"location\": \"East US 2 EUAP\",\r\n  \"tags\": {\r\n    \"tag2\": \"value2\",\r\n    \"update2\": \"test by Rule Id\"\r\n  },\r\n  \"id\": \"/subscriptions/b97224f3-b199-49b1-84c7-25b09e8fbf84/resourceGroups/testdcr/providers/Microsoft.Insights/dataCollectionRules/testSessionDCR01\",\r\n  \"name\": \"testSessionDCR01\",\r\n  \"type\": \"Microsoft.Insights/dataCollectionRules\",\r\n  \"etag\": \"\\\"00002b1d-0000-3300-0000-5fc00ab00000\\\"\"\r\n}",
      "StatusCode": 200
    },
    {
      "RequestUri": "/subscriptions/b97224f3-b199-49b1-84c7-25b09e8fbf84/resourceGroups/testdcr/providers/Microsoft.Insights/dataCollectionRules/testSessionDCR01?api-version=2019-11-01-preview",
      "EncodedRequestUri": "L3N1YnNjcmlwdGlvbnMvYjk3MjI0ZjMtYjE5OS00OWIxLTg0YzctMjViMDllOGZiZjg0L3Jlc291cmNlR3JvdXBzL3Rlc3RkY3IvcHJvdmlkZXJzL01pY3Jvc29mdC5JbnNpZ2h0cy9kYXRhQ29sbGVjdGlvblJ1bGVzL3Rlc3RTZXNzaW9uRENSMDE/YXBpLXZlcnNpb249MjAxOS0xMS0wMS1wcmV2aWV3",
      "RequestMethod": "PATCH",
      "RequestBody": "{\r\n  \"tags\": {\r\n    \"tag2\": \"value2\",\r\n    \"update3\": \"test by Input Object\"\r\n  }\r\n}",
      "RequestHeaders": {
        "User-Agent": [
          "FxVersion/4.6.29321.03",
          "OSName/Windows",
          "OSVersion/Microsoft.Windows.10.0.19042.",
          "Microsoft.Azure.Management.Monitor.MonitorManagementClient/0.25.2.0"
        ],
        "Content-Type": [
          "application/json; charset=utf-8"
        ],
        "Content-Length": [
          "84"
        ]
      },
      "ResponseHeaders": {
        "Cache-Control": [
          "no-cache"
        ],
        "Pragma": [
          "no-cache"
        ],
        "Vary": [
          "Accept-Encoding"
        ],
        "x-ms-ratelimit-remaining-subscription-resource-requests": [
          "52"
        ],
        "Request-Context": [
          "appId=cid-v1:2bbfbac8-e1b0-44af-b9c6-3a40669d37e3"
        ],
        "api-supported-versions": [
          "2019-11-01-preview"
        ],
        "Server": [
          "Microsoft-HTTPAPI/2.0"
        ],
        "x-ms-request-id": [
          "a8636054-f589-44e5-b419-e9204ab45e05"
        ],
        "x-ms-correlation-request-id": [
          "a8636054-f589-44e5-b419-e9204ab45e05"
        ],
        "x-ms-routing-request-id": [
          "SOUTHCENTRALUS:20201126T200610Z:a8636054-f589-44e5-b419-e9204ab45e05"
        ],
        "Strict-Transport-Security": [
          "max-age=31536000; includeSubDomains"
        ],
        "X-Content-Type-Options": [
          "nosniff"
        ],
        "Date": [
          "Thu, 26 Nov 2020 20:06:09 GMT"
        ],
        "Content-Length": [
          "920"
        ],
        "Content-Type": [
          "application/json; charset=utf-8"
        ],
        "Expires": [
          "-1"
        ]
      },
      "ResponseBody": "{\r\n  \"properties\": {\r\n    \"description\": \"Updated Description\",\r\n    \"immutableId\": \"dcr-1d0a17b0a4654affa042c72e4744bec9\",\r\n    \"dataSources\": {\r\n      \"performanceCounters\": [\r\n        {\r\n          \"streams\": [\r\n            \"Microsoft-InsightsMetrics\"\r\n          ],\r\n          \"scheduledTransferPeriod\": \"PT1M\",\r\n          \"samplingFrequencyInSeconds\": 10,\r\n          \"counterSpecifiers\": [\r\n            \"\\\\Processor Information(_Total)\\\\% Processor Time\"\r\n          ],\r\n          \"name\": \"perfCounter01\"\r\n        }\r\n      ]\r\n    },\r\n    \"destinations\": {\r\n      \"azureMonitorMetrics\": {\r\n        \"name\": \"azureMonitorMetrics-default\"\r\n      }\r\n    },\r\n    \"dataFlows\": [\r\n      {\r\n        \"streams\": [\r\n          \"Microsoft-InsightsMetrics\"\r\n        ],\r\n        \"destinations\": [\r\n          \"azureMonitorMetrics-default\"\r\n        ]\r\n      }\r\n    ],\r\n    \"provisioningState\": \"Succeeded\"\r\n  },\r\n  \"location\": \"East US 2 EUAP\",\r\n  \"tags\": {\r\n    \"tag2\": \"value2\",\r\n    \"update3\": \"test by Input Object\"\r\n  },\r\n  \"id\": \"/subscriptions/b97224f3-b199-49b1-84c7-25b09e8fbf84/resourceGroups/testdcr/providers/Microsoft.Insights/dataCollectionRules/testSessionDCR01\",\r\n  \"name\": \"testSessionDCR01\",\r\n  \"type\": \"Microsoft.Insights/dataCollectionRules\",\r\n  \"etag\": \"\\\"00002c1d-0000-3300-0000-5fc00ab10000\\\"\"\r\n}",
      "StatusCode": 200
    },
    {
      "RequestUri": "//subscriptions/b97224f3-b199-49b1-84c7-25b09e8fbf84/resourceGroups/testdcr/providers/Microsoft.Compute/virtualMachines/vmdcrtest/providers/Microsoft.Insights/dataCollectionRuleAssociations/dcrAssocInput01?api-version=2019-11-01-preview",
      "EncodedRequestUri": "Ly9zdWJzY3JpcHRpb25zL2I5NzIyNGYzLWIxOTktNDliMS04NGM3LTI1YjA5ZThmYmY4NC9yZXNvdXJjZUdyb3Vwcy90ZXN0ZGNyL3Byb3ZpZGVycy9NaWNyb3NvZnQuQ29tcHV0ZS92aXJ0dWFsTWFjaGluZXMvdm1kY3J0ZXN0L3Byb3ZpZGVycy9NaWNyb3NvZnQuSW5zaWdodHMvZGF0YUNvbGxlY3Rpb25SdWxlQXNzb2NpYXRpb25zL2RjckFzc29jSW5wdXQwMT9hcGktdmVyc2lvbj0yMDE5LTExLTAxLXByZXZpZXc=",
      "RequestMethod": "PUT",
      "RequestBody": "{\r\n  \"properties\": {\r\n    \"dataCollectionRuleId\": \"/subscriptions/b97224f3-b199-49b1-84c7-25b09e8fbf84/resourceGroups/testdcr/providers/Microsoft.Insights/dataCollectionRules/testSessionDCR01\"\r\n  }\r\n}",
      "RequestHeaders": {
        "User-Agent": [
          "FxVersion/4.6.29321.03",
          "OSName/Windows",
          "OSVersion/Microsoft.Windows.10.0.19042.",
          "Microsoft.Azure.Management.Monitor.MonitorManagementClient/0.25.2.0"
        ],
        "Content-Type": [
          "application/json; charset=utf-8"
        ],
        "Content-Length": [
          "200"
        ]
      },
      "ResponseHeaders": {
        "Cache-Control": [
          "no-cache"
        ],
        "Pragma": [
          "no-cache"
        ],
        "Vary": [
          "Accept-Encoding"
        ],
        "x-ms-ratelimit-remaining-subscription-resource-requests": [
          "59"
        ],
        "Request-Context": [
          "appId=cid-v1:2bbfbac8-e1b0-44af-b9c6-3a40669d37e3"
        ],
        "api-supported-versions": [
          "2019-11-01-preview"
        ],
        "Server": [
          "Microsoft-HTTPAPI/2.0"
        ],
        "x-ms-request-id": [
          "95880442-98cf-42de-9dcc-d1f292453dbb"
        ],
        "x-ms-correlation-request-id": [
          "95880442-98cf-42de-9dcc-d1f292453dbb"
        ],
        "x-ms-routing-request-id": [
          "SOUTHCENTRALUS:20201126T200610Z:95880442-98cf-42de-9dcc-d1f292453dbb"
        ],
        "Strict-Transport-Security": [
          "max-age=31536000; includeSubDomains"
        ],
        "X-Content-Type-Options": [
          "nosniff"
        ],
        "Date": [
          "Thu, 26 Nov 2020 20:06:10 GMT"
        ],
        "Content-Length": [
          "528"
        ],
        "Content-Type": [
          "application/json; charset=utf-8"
        ],
        "Expires": [
          "-1"
        ]
      },
      "ResponseBody": "{\r\n  \"properties\": {\r\n    \"dataCollectionRuleId\": \"/subscriptions/b97224f3-b199-49b1-84c7-25b09e8fbf84/resourceGroups/testdcr/providers/Microsoft.Insights/dataCollectionRules/testSessionDCR01\"\r\n  },\r\n  \"id\": \"/subscriptions/b97224f3-b199-49b1-84c7-25b09e8fbf84/resourceGroups/testdcr/providers/Microsoft.Compute/virtualMachines/vmdcrtest/providers/Microsoft.Insights/dataCollectionRuleAssociations/dcrAssocInput01\",\r\n  \"name\": \"dcrAssocInput01\",\r\n  \"type\": \"Microsoft.Insights/dataCollectionRuleAssociations\",\r\n  \"etag\": \"\\\"00002d1d-0000-3300-0000-5fc00ab20000\\\"\"\r\n}",
      "StatusCode": 200
    },
    {
      "RequestUri": "//subscriptions/b97224f3-b199-49b1-84c7-25b09e8fbf84/resourceGroups/testdcr/providers/Microsoft.Compute/virtualMachines/vmdcrtest/providers/Microsoft.Insights/dataCollectionRuleAssociations/dcrAssocInput01?api-version=2019-11-01-preview",
      "EncodedRequestUri": "Ly9zdWJzY3JpcHRpb25zL2I5NzIyNGYzLWIxOTktNDliMS04NGM3LTI1YjA5ZThmYmY4NC9yZXNvdXJjZUdyb3Vwcy90ZXN0ZGNyL3Byb3ZpZGVycy9NaWNyb3NvZnQuQ29tcHV0ZS92aXJ0dWFsTWFjaGluZXMvdm1kY3J0ZXN0L3Byb3ZpZGVycy9NaWNyb3NvZnQuSW5zaWdodHMvZGF0YUNvbGxlY3Rpb25SdWxlQXNzb2NpYXRpb25zL2RjckFzc29jSW5wdXQwMT9hcGktdmVyc2lvbj0yMDE5LTExLTAxLXByZXZpZXc=",
      "RequestMethod": "PUT",
      "RequestBody": "{\r\n  \"properties\": {\r\n    \"dataCollectionRuleId\": \"/subscriptions/b97224f3-b199-49b1-84c7-25b09e8fbf84/resourceGroups/testdcr/providers/Microsoft.Insights/dataCollectionRules/testSessionDCR01\"\r\n  }\r\n}",
      "RequestHeaders": {
        "User-Agent": [
          "FxVersion/4.6.29321.03",
          "OSName/Windows",
          "OSVersion/Microsoft.Windows.10.0.19042.",
          "Microsoft.Azure.Management.Monitor.MonitorManagementClient/0.25.2.0"
        ],
        "Content-Type": [
          "application/json; charset=utf-8"
        ],
        "Content-Length": [
          "200"
        ]
      },
      "ResponseHeaders": {
        "Cache-Control": [
          "no-cache"
        ],
        "Pragma": [
          "no-cache"
        ],
        "Vary": [
          "Accept-Encoding"
        ],
        "x-ms-ratelimit-remaining-subscription-resource-requests": [
          "57"
        ],
        "Request-Context": [
          "appId=cid-v1:2bbfbac8-e1b0-44af-b9c6-3a40669d37e3"
        ],
        "api-supported-versions": [
          "2019-11-01-preview"
        ],
        "Server": [
          "Microsoft-HTTPAPI/2.0"
        ],
        "x-ms-request-id": [
          "e2ba0e29-b380-4efe-a4bf-2cc0ab8faa40"
        ],
        "x-ms-correlation-request-id": [
          "e2ba0e29-b380-4efe-a4bf-2cc0ab8faa40"
        ],
        "x-ms-routing-request-id": [
          "SOUTHCENTRALUS:20201126T200615Z:e2ba0e29-b380-4efe-a4bf-2cc0ab8faa40"
        ],
        "Strict-Transport-Security": [
          "max-age=31536000; includeSubDomains"
        ],
        "X-Content-Type-Options": [
          "nosniff"
        ],
        "Date": [
          "Thu, 26 Nov 2020 20:06:14 GMT"
        ],
        "Content-Length": [
          "528"
        ],
        "Content-Type": [
          "application/json; charset=utf-8"
        ],
        "Expires": [
          "-1"
        ]
      },
      "ResponseBody": "{\r\n  \"properties\": {\r\n    \"dataCollectionRuleId\": \"/subscriptions/b97224f3-b199-49b1-84c7-25b09e8fbf84/resourceGroups/testdcr/providers/Microsoft.Insights/dataCollectionRules/testSessionDCR01\"\r\n  },\r\n  \"id\": \"/subscriptions/b97224f3-b199-49b1-84c7-25b09e8fbf84/resourceGroups/testdcr/providers/Microsoft.Compute/virtualMachines/vmdcrtest/providers/Microsoft.Insights/dataCollectionRuleAssociations/dcrAssocInput01\",\r\n  \"name\": \"dcrAssocInput01\",\r\n  \"type\": \"Microsoft.Insights/dataCollectionRuleAssociations\",\r\n  \"etag\": \"\\\"00002f1d-0000-3300-0000-5fc00ab60000\\\"\"\r\n}",
      "StatusCode": 200
    },
    {
      "RequestUri": "//subscriptions/b97224f3-b199-49b1-84c7-25b09e8fbf84/resourceGroups/testdcr/providers/Microsoft.Compute/virtualMachines/vmdcrtest/providers/Microsoft.Insights/dataCollectionRuleAssociations/dcrAssocInput02?api-version=2019-11-01-preview",
      "EncodedRequestUri": "Ly9zdWJzY3JpcHRpb25zL2I5NzIyNGYzLWIxOTktNDliMS04NGM3LTI1YjA5ZThmYmY4NC9yZXNvdXJjZUdyb3Vwcy90ZXN0ZGNyL3Byb3ZpZGVycy9NaWNyb3NvZnQuQ29tcHV0ZS92aXJ0dWFsTWFjaGluZXMvdm1kY3J0ZXN0L3Byb3ZpZGVycy9NaWNyb3NvZnQuSW5zaWdodHMvZGF0YUNvbGxlY3Rpb25SdWxlQXNzb2NpYXRpb25zL2RjckFzc29jSW5wdXQwMj9hcGktdmVyc2lvbj0yMDE5LTExLTAxLXByZXZpZXc=",
      "RequestMethod": "PUT",
      "RequestBody": "{\r\n  \"properties\": {\r\n    \"dataCollectionRuleId\": \"/subscriptions/b97224f3-b199-49b1-84c7-25b09e8fbf84/resourceGroups/testdcr/providers/Microsoft.Insights/dataCollectionRules/testSessionDCR02\"\r\n  }\r\n}",
      "RequestHeaders": {
        "User-Agent": [
          "FxVersion/4.6.29321.03",
          "OSName/Windows",
          "OSVersion/Microsoft.Windows.10.0.19042.",
          "Microsoft.Azure.Management.Monitor.MonitorManagementClient/0.25.2.0"
        ],
        "Content-Type": [
          "application/json; charset=utf-8"
        ],
        "Content-Length": [
          "200"
        ]
      },
      "ResponseHeaders": {
        "Cache-Control": [
          "no-cache"
        ],
        "Pragma": [
          "no-cache"
        ],
        "Vary": [
          "Accept-Encoding"
        ],
        "x-ms-ratelimit-remaining-subscription-resource-requests": [
          "58"
        ],
        "Request-Context": [
          "appId=cid-v1:2bbfbac8-e1b0-44af-b9c6-3a40669d37e3"
        ],
        "api-supported-versions": [
          "2019-11-01-preview"
        ],
        "Server": [
          "Microsoft-HTTPAPI/2.0"
        ],
        "x-ms-request-id": [
          "fbd6d9b2-7dd5-4eb2-94bf-42a6de708ea0"
        ],
        "x-ms-correlation-request-id": [
          "fbd6d9b2-7dd5-4eb2-94bf-42a6de708ea0"
        ],
        "x-ms-routing-request-id": [
          "SOUTHCENTRALUS:20201126T200611Z:fbd6d9b2-7dd5-4eb2-94bf-42a6de708ea0"
        ],
        "Strict-Transport-Security": [
          "max-age=31536000; includeSubDomains"
        ],
        "X-Content-Type-Options": [
          "nosniff"
        ],
        "Date": [
          "Thu, 26 Nov 2020 20:06:11 GMT"
        ],
        "Content-Length": [
          "528"
        ],
        "Content-Type": [
          "application/json; charset=utf-8"
        ],
        "Expires": [
          "-1"
        ]
      },
      "ResponseBody": "{\r\n  \"properties\": {\r\n    \"dataCollectionRuleId\": \"/subscriptions/b97224f3-b199-49b1-84c7-25b09e8fbf84/resourceGroups/testdcr/providers/Microsoft.Insights/dataCollectionRules/testSessionDCR02\"\r\n  },\r\n  \"id\": \"/subscriptions/b97224f3-b199-49b1-84c7-25b09e8fbf84/resourceGroups/testdcr/providers/Microsoft.Compute/virtualMachines/vmdcrtest/providers/Microsoft.Insights/dataCollectionRuleAssociations/dcrAssocInput02\",\r\n  \"name\": \"dcrAssocInput02\",\r\n  \"type\": \"Microsoft.Insights/dataCollectionRuleAssociations\",\r\n  \"etag\": \"\\\"00002e1d-0000-3300-0000-5fc00ab30000\\\"\"\r\n}",
      "StatusCode": 200
    },
    {
      "RequestUri": "//subscriptions/b97224f3-b199-49b1-84c7-25b09e8fbf84/resourceGroups/testdcr/providers/Microsoft.Compute/virtualMachines/vmdcrtest/providers/Microsoft.Insights/dataCollectionRuleAssociations?api-version=2019-11-01-preview",
      "EncodedRequestUri": "Ly9zdWJzY3JpcHRpb25zL2I5NzIyNGYzLWIxOTktNDliMS04NGM3LTI1YjA5ZThmYmY4NC9yZXNvdXJjZUdyb3Vwcy90ZXN0ZGNyL3Byb3ZpZGVycy9NaWNyb3NvZnQuQ29tcHV0ZS92aXJ0dWFsTWFjaGluZXMvdm1kY3J0ZXN0L3Byb3ZpZGVycy9NaWNyb3NvZnQuSW5zaWdodHMvZGF0YUNvbGxlY3Rpb25SdWxlQXNzb2NpYXRpb25zP2FwaS12ZXJzaW9uPTIwMTktMTEtMDEtcHJldmlldw==",
      "RequestMethod": "GET",
      "RequestBody": "",
      "RequestHeaders": {
        "User-Agent": [
          "FxVersion/4.6.29321.03",
          "OSName/Windows",
          "OSVersion/Microsoft.Windows.10.0.19042.",
          "Microsoft.Azure.Management.Monitor.MonitorManagementClient/0.25.2.0"
        ]
      },
      "ResponseHeaders": {
        "Cache-Control": [
          "no-cache"
        ],
        "Pragma": [
          "no-cache"
        ],
        "Vary": [
          "Accept-Encoding"
        ],
        "x-ms-ratelimit-remaining-subscription-reads": [
          "11992"
        ],
        "Request-Context": [
          "appId=cid-v1:2bbfbac8-e1b0-44af-b9c6-3a40669d37e3"
        ],
        "api-supported-versions": [
          "2019-11-01-preview"
        ],
        "Server": [
          "Microsoft-HTTPAPI/2.0"
        ],
        "x-ms-request-id": [
          "6bec92f8-31e3-4d3b-a58f-7bb2a7cb4fc2"
        ],
        "x-ms-correlation-request-id": [
          "6bec92f8-31e3-4d3b-a58f-7bb2a7cb4fc2"
        ],
        "x-ms-routing-request-id": [
          "SOUTHCENTRALUS:20201126T200612Z:6bec92f8-31e3-4d3b-a58f-7bb2a7cb4fc2"
        ],
        "Strict-Transport-Security": [
          "max-age=31536000; includeSubDomains"
        ],
        "X-Content-Type-Options": [
          "nosniff"
        ],
        "Date": [
          "Thu, 26 Nov 2020 20:06:12 GMT"
        ],
        "Content-Length": [
          "1085"
        ],
        "Content-Type": [
          "application/json; charset=utf-8"
        ],
        "Expires": [
          "-1"
        ]
      },
      "ResponseBody": "{\r\n  \"value\": [\r\n    {\r\n      \"properties\": {\r\n        \"dataCollectionRuleId\": \"/subscriptions/b97224f3-b199-49b1-84c7-25b09e8fbf84/resourceGroups/testdcr/providers/Microsoft.Insights/dataCollectionRules/testSessionDCR01\"\r\n      },\r\n      \"id\": \"/subscriptions/b97224f3-b199-49b1-84c7-25b09e8fbf84/resourceGroups/testdcr/providers/Microsoft.Compute/virtualMachines/vmdcrtest/providers/Microsoft.Insights/dataCollectionRuleAssociations/dcrAssocInput01\",\r\n      \"name\": \"dcrAssocInput01\",\r\n      \"type\": \"Microsoft.Insights/dataCollectionRuleAssociations\",\r\n      \"etag\": \"\\\"00002d1d-0000-3300-0000-5fc00ab20000\\\"\"\r\n    },\r\n    {\r\n      \"properties\": {\r\n        \"dataCollectionRuleId\": \"/subscriptions/b97224f3-b199-49b1-84c7-25b09e8fbf84/resourceGroups/testdcr/providers/Microsoft.Insights/dataCollectionRules/testSessionDCR02\"\r\n      },\r\n      \"id\": \"/subscriptions/b97224f3-b199-49b1-84c7-25b09e8fbf84/resourceGroups/testdcr/providers/Microsoft.Compute/virtualMachines/vmdcrtest/providers/Microsoft.Insights/dataCollectionRuleAssociations/dcrAssocInput02\",\r\n      \"name\": \"dcrAssocInput02\",\r\n      \"type\": \"Microsoft.Insights/dataCollectionRuleAssociations\",\r\n      \"etag\": \"\\\"00002e1d-0000-3300-0000-5fc00ab30000\\\"\"\r\n    }\r\n  ],\r\n  \"nextLink\": null\r\n}",
      "StatusCode": 200
    },
    {
      "RequestUri": "/subscriptions/b97224f3-b199-49b1-84c7-25b09e8fbf84/resourceGroups/testdcr/providers/Microsoft.Insights/dataCollectionRules/testSessionDCR01/associations?api-version=2019-11-01-preview",
      "EncodedRequestUri": "L3N1YnNjcmlwdGlvbnMvYjk3MjI0ZjMtYjE5OS00OWIxLTg0YzctMjViMDllOGZiZjg0L3Jlc291cmNlR3JvdXBzL3Rlc3RkY3IvcHJvdmlkZXJzL01pY3Jvc29mdC5JbnNpZ2h0cy9kYXRhQ29sbGVjdGlvblJ1bGVzL3Rlc3RTZXNzaW9uRENSMDEvYXNzb2NpYXRpb25zP2FwaS12ZXJzaW9uPTIwMTktMTEtMDEtcHJldmlldw==",
      "RequestMethod": "GET",
      "RequestBody": "",
      "RequestHeaders": {
        "User-Agent": [
          "FxVersion/4.6.29321.03",
          "OSName/Windows",
          "OSVersion/Microsoft.Windows.10.0.19042.",
          "Microsoft.Azure.Management.Monitor.MonitorManagementClient/0.25.2.0"
        ]
      },
      "ResponseHeaders": {
        "Cache-Control": [
          "no-cache"
        ],
        "Pragma": [
          "no-cache"
        ],
        "Vary": [
          "Accept-Encoding"
        ],
        "x-ms-ratelimit-remaining-subscription-reads": [
          "11991"
        ],
        "Request-Context": [
          "appId=cid-v1:2bbfbac8-e1b0-44af-b9c6-3a40669d37e3"
        ],
        "api-supported-versions": [
          "2019-11-01-preview"
        ],
        "Server": [
          "Microsoft-HTTPAPI/2.0"
        ],
        "x-ms-request-id": [
          "43053f1e-4a6f-42f5-a945-0c25e8250c5c"
        ],
        "x-ms-correlation-request-id": [
          "43053f1e-4a6f-42f5-a945-0c25e8250c5c"
        ],
        "x-ms-routing-request-id": [
          "SOUTHCENTRALUS:20201126T200612Z:43053f1e-4a6f-42f5-a945-0c25e8250c5c"
        ],
        "Strict-Transport-Security": [
          "max-age=31536000; includeSubDomains"
        ],
        "X-Content-Type-Options": [
          "nosniff"
        ],
        "Date": [
          "Thu, 26 Nov 2020 20:06:12 GMT"
        ],
        "Content-Length": [
          "506"
        ],
        "Content-Type": [
          "application/json; charset=utf-8"
        ],
        "Expires": [
          "-1"
        ]
      },
      "ResponseBody": "{\r\n  \"value\": [\r\n    {\r\n      \"properties\": {\r\n        \"dataCollectionRuleId\": \"/subscriptions/b97224f3-b199-49b1-84c7-25b09e8fbf84/resourcegroups/testdcr/providers/microsoft.insights/datacollectionrules/testsessiondcr01\"\r\n      },\r\n      \"id\": \"/subscriptions/b97224f3-b199-49b1-84c7-25b09e8fbf84/resourcegroups/testdcr/providers/microsoft.compute/virtualmachines/vmdcrtest/providers/microsoft.insights/datacollectionruleassociations/dcrassocinput01\",\r\n      \"name\": \"dcrassocinput01\",\r\n      \"type\": \"Microsoft.Insights/dataCollectionRuleAssociations\"\r\n    }\r\n  ],\r\n  \"nextLink\": null\r\n}",
      "StatusCode": 200
    },
    {
      "RequestUri": "/subscriptions/b97224f3-b199-49b1-84c7-25b09e8fbf84/resourceGroups/testdcr/providers/Microsoft.Insights/dataCollectionRules/testSessionDCR01/associations?api-version=2019-11-01-preview",
      "EncodedRequestUri": "L3N1YnNjcmlwdGlvbnMvYjk3MjI0ZjMtYjE5OS00OWIxLTg0YzctMjViMDllOGZiZjg0L3Jlc291cmNlR3JvdXBzL3Rlc3RkY3IvcHJvdmlkZXJzL01pY3Jvc29mdC5JbnNpZ2h0cy9kYXRhQ29sbGVjdGlvblJ1bGVzL3Rlc3RTZXNzaW9uRENSMDEvYXNzb2NpYXRpb25zP2FwaS12ZXJzaW9uPTIwMTktMTEtMDEtcHJldmlldw==",
      "RequestMethod": "GET",
      "RequestBody": "",
      "RequestHeaders": {
        "User-Agent": [
          "FxVersion/4.6.29321.03",
          "OSName/Windows",
          "OSVersion/Microsoft.Windows.10.0.19042.",
          "Microsoft.Azure.Management.Monitor.MonitorManagementClient/0.25.2.0"
        ]
      },
      "ResponseHeaders": {
        "Cache-Control": [
          "no-cache"
        ],
        "Pragma": [
          "no-cache"
        ],
        "Vary": [
          "Accept-Encoding"
        ],
        "x-ms-ratelimit-remaining-subscription-reads": [
          "11990"
        ],
        "Request-Context": [
          "appId=cid-v1:2bbfbac8-e1b0-44af-b9c6-3a40669d37e3"
        ],
        "api-supported-versions": [
          "2019-11-01-preview"
        ],
        "Server": [
          "Microsoft-HTTPAPI/2.0"
        ],
        "x-ms-request-id": [
          "0d668b2d-ba8f-4dba-b921-75a48cb3cfb0"
        ],
        "x-ms-correlation-request-id": [
          "0d668b2d-ba8f-4dba-b921-75a48cb3cfb0"
        ],
        "x-ms-routing-request-id": [
          "SOUTHCENTRALUS:20201126T200613Z:0d668b2d-ba8f-4dba-b921-75a48cb3cfb0"
        ],
        "Strict-Transport-Security": [
          "max-age=31536000; includeSubDomains"
        ],
        "X-Content-Type-Options": [
          "nosniff"
        ],
        "Date": [
          "Thu, 26 Nov 2020 20:06:13 GMT"
        ],
        "Content-Length": [
          "506"
        ],
        "Content-Type": [
          "application/json; charset=utf-8"
        ],
        "Expires": [
          "-1"
        ]
      },
      "ResponseBody": "{\r\n  \"value\": [\r\n    {\r\n      \"properties\": {\r\n        \"dataCollectionRuleId\": \"/subscriptions/b97224f3-b199-49b1-84c7-25b09e8fbf84/resourcegroups/testdcr/providers/microsoft.insights/datacollectionrules/testsessiondcr01\"\r\n      },\r\n      \"id\": \"/subscriptions/b97224f3-b199-49b1-84c7-25b09e8fbf84/resourcegroups/testdcr/providers/microsoft.compute/virtualmachines/vmdcrtest/providers/microsoft.insights/datacollectionruleassociations/dcrassocinput01\",\r\n      \"name\": \"dcrassocinput01\",\r\n      \"type\": \"Microsoft.Insights/dataCollectionRuleAssociations\"\r\n    }\r\n  ],\r\n  \"nextLink\": null\r\n}",
      "StatusCode": 200
    },
    {
      "RequestUri": "//subscriptions/b97224f3-b199-49b1-84c7-25b09e8fbf84/resourceGroups/testdcr/providers/Microsoft.Compute/virtualMachines/vmdcrtest/providers/Microsoft.Insights/dataCollectionRuleAssociations/dcrAssocInput02?api-version=2019-11-01-preview",
      "EncodedRequestUri": "Ly9zdWJzY3JpcHRpb25zL2I5NzIyNGYzLWIxOTktNDliMS04NGM3LTI1YjA5ZThmYmY4NC9yZXNvdXJjZUdyb3Vwcy90ZXN0ZGNyL3Byb3ZpZGVycy9NaWNyb3NvZnQuQ29tcHV0ZS92aXJ0dWFsTWFjaGluZXMvdm1kY3J0ZXN0L3Byb3ZpZGVycy9NaWNyb3NvZnQuSW5zaWdodHMvZGF0YUNvbGxlY3Rpb25SdWxlQXNzb2NpYXRpb25zL2RjckFzc29jSW5wdXQwMj9hcGktdmVyc2lvbj0yMDE5LTExLTAxLXByZXZpZXc=",
      "RequestMethod": "GET",
      "RequestBody": "",
      "RequestHeaders": {
        "User-Agent": [
          "FxVersion/4.6.29321.03",
          "OSName/Windows",
          "OSVersion/Microsoft.Windows.10.0.19042.",
          "Microsoft.Azure.Management.Monitor.MonitorManagementClient/0.25.2.0"
        ]
      },
      "ResponseHeaders": {
        "Cache-Control": [
          "no-cache"
        ],
        "Pragma": [
          "no-cache"
        ],
        "Vary": [
          "Accept-Encoding"
        ],
        "x-ms-ratelimit-remaining-subscription-reads": [
          "11989"
        ],
        "Request-Context": [
          "appId=cid-v1:2bbfbac8-e1b0-44af-b9c6-3a40669d37e3"
        ],
        "api-supported-versions": [
          "2019-11-01-preview"
        ],
        "Server": [
          "Microsoft-HTTPAPI/2.0"
        ],
        "x-ms-request-id": [
          "428dd58d-571e-41d1-b0f0-51f4fd14d63d"
        ],
        "x-ms-correlation-request-id": [
          "428dd58d-571e-41d1-b0f0-51f4fd14d63d"
        ],
        "x-ms-routing-request-id": [
          "SOUTHCENTRALUS:20201126T200613Z:428dd58d-571e-41d1-b0f0-51f4fd14d63d"
        ],
        "Strict-Transport-Security": [
          "max-age=31536000; includeSubDomains"
        ],
        "X-Content-Type-Options": [
          "nosniff"
        ],
        "Date": [
          "Thu, 26 Nov 2020 20:06:13 GMT"
        ],
        "Content-Length": [
          "528"
        ],
        "Content-Type": [
          "application/json; charset=utf-8"
        ],
        "Expires": [
          "-1"
        ]
      },
      "ResponseBody": "{\r\n  \"properties\": {\r\n    \"dataCollectionRuleId\": \"/subscriptions/b97224f3-b199-49b1-84c7-25b09e8fbf84/resourceGroups/testdcr/providers/Microsoft.Insights/dataCollectionRules/testSessionDCR02\"\r\n  },\r\n  \"id\": \"/subscriptions/b97224f3-b199-49b1-84c7-25b09e8fbf84/resourceGroups/testdcr/providers/Microsoft.Compute/virtualMachines/vmdcrtest/providers/Microsoft.Insights/dataCollectionRuleAssociations/dcrAssocInput02\",\r\n  \"name\": \"dcrAssocInput02\",\r\n  \"type\": \"Microsoft.Insights/dataCollectionRuleAssociations\",\r\n  \"etag\": \"\\\"00002e1d-0000-3300-0000-5fc00ab30000\\\"\"\r\n}",
      "StatusCode": 200
    },
    {
      "RequestUri": "//subscriptions/b97224f3-b199-49b1-84c7-25b09e8fbf84/resourceGroups/testdcr/providers/Microsoft.Compute/virtualMachines/vmdcrtest/providers/Microsoft.Insights/dataCollectionRuleAssociations/dcrAssocInput01?api-version=2019-11-01-preview",
      "EncodedRequestUri": "Ly9zdWJzY3JpcHRpb25zL2I5NzIyNGYzLWIxOTktNDliMS04NGM3LTI1YjA5ZThmYmY4NC9yZXNvdXJjZUdyb3Vwcy90ZXN0ZGNyL3Byb3ZpZGVycy9NaWNyb3NvZnQuQ29tcHV0ZS92aXJ0dWFsTWFjaGluZXMvdm1kY3J0ZXN0L3Byb3ZpZGVycy9NaWNyb3NvZnQuSW5zaWdodHMvZGF0YUNvbGxlY3Rpb25SdWxlQXNzb2NpYXRpb25zL2RjckFzc29jSW5wdXQwMT9hcGktdmVyc2lvbj0yMDE5LTExLTAxLXByZXZpZXc=",
      "RequestMethod": "DELETE",
      "RequestBody": "",
      "RequestHeaders": {
        "User-Agent": [
          "FxVersion/4.6.29321.03",
          "OSName/Windows",
          "OSVersion/Microsoft.Windows.10.0.19042.",
          "Microsoft.Azure.Management.Monitor.MonitorManagementClient/0.25.2.0"
        ]
      },
      "ResponseHeaders": {
        "Cache-Control": [
          "no-cache"
        ],
        "Pragma": [
          "no-cache"
        ],
        "Request-Context": [
          "appId=cid-v1:2bbfbac8-e1b0-44af-b9c6-3a40669d37e3"
        ],
        "api-supported-versions": [
          "2019-11-01-preview"
        ],
        "Server": [
          "Microsoft-HTTPAPI/2.0"
        ],
        "x-ms-ratelimit-remaining-subscription-deletes": [
          "14999"
        ],
        "x-ms-request-id": [
          "ccfe05bd-8f88-40a8-88b0-452311cbddfd"
        ],
        "x-ms-correlation-request-id": [
          "ccfe05bd-8f88-40a8-88b0-452311cbddfd"
        ],
        "x-ms-routing-request-id": [
          "SOUTHCENTRALUS:20201126T200614Z:ccfe05bd-8f88-40a8-88b0-452311cbddfd"
        ],
        "Strict-Transport-Security": [
          "max-age=31536000; includeSubDomains"
        ],
        "X-Content-Type-Options": [
          "nosniff"
        ],
        "Date": [
          "Thu, 26 Nov 2020 20:06:13 GMT"
        ],
        "Expires": [
          "-1"
        ],
        "Content-Length": [
          "0"
        ]
      },
      "ResponseBody": "",
      "StatusCode": 200
    },
    {
      "RequestUri": "//subscriptions/b97224f3-b199-49b1-84c7-25b09e8fbf84/resourceGroups/testdcr/providers/Microsoft.Compute/virtualMachines/vmdcrtest/providers/Microsoft.Insights/dataCollectionRuleAssociations/dcrAssocInput01?api-version=2019-11-01-preview",
      "EncodedRequestUri": "Ly9zdWJzY3JpcHRpb25zL2I5NzIyNGYzLWIxOTktNDliMS04NGM3LTI1YjA5ZThmYmY4NC9yZXNvdXJjZUdyb3Vwcy90ZXN0ZGNyL3Byb3ZpZGVycy9NaWNyb3NvZnQuQ29tcHV0ZS92aXJ0dWFsTWFjaGluZXMvdm1kY3J0ZXN0L3Byb3ZpZGVycy9NaWNyb3NvZnQuSW5zaWdodHMvZGF0YUNvbGxlY3Rpb25SdWxlQXNzb2NpYXRpb25zL2RjckFzc29jSW5wdXQwMT9hcGktdmVyc2lvbj0yMDE5LTExLTAxLXByZXZpZXc=",
      "RequestMethod": "DELETE",
      "RequestBody": "",
      "RequestHeaders": {
        "User-Agent": [
          "FxVersion/4.6.29321.03",
          "OSName/Windows",
          "OSVersion/Microsoft.Windows.10.0.19042.",
          "Microsoft.Azure.Management.Monitor.MonitorManagementClient/0.25.2.0"
        ]
      },
      "ResponseHeaders": {
        "Cache-Control": [
          "no-cache"
        ],
        "Pragma": [
          "no-cache"
        ],
        "Request-Context": [
          "appId=cid-v1:2bbfbac8-e1b0-44af-b9c6-3a40669d37e3"
        ],
        "api-supported-versions": [
          "2019-11-01-preview"
        ],
        "Server": [
          "Microsoft-HTTPAPI/2.0"
        ],
        "x-ms-ratelimit-remaining-subscription-deletes": [
          "14997"
        ],
        "x-ms-request-id": [
          "b8129fbd-c00f-49d4-a517-4c06c72a6cf8"
        ],
        "x-ms-correlation-request-id": [
          "b8129fbd-c00f-49d4-a517-4c06c72a6cf8"
        ],
        "x-ms-routing-request-id": [
          "SOUTHCENTRALUS:20201126T200615Z:b8129fbd-c00f-49d4-a517-4c06c72a6cf8"
        ],
        "Strict-Transport-Security": [
          "max-age=31536000; includeSubDomains"
        ],
        "X-Content-Type-Options": [
          "nosniff"
        ],
        "Date": [
          "Thu, 26 Nov 2020 20:06:15 GMT"
        ],
        "Expires": [
          "-1"
        ],
        "Content-Length": [
          "0"
        ]
      },
      "ResponseBody": "",
      "StatusCode": 200
    },
    {
      "RequestUri": "//subscriptions/b97224f3-b199-49b1-84c7-25b09e8fbf84/resourceGroups/testdcr/providers/Microsoft.Compute/virtualMachines/vmdcrtest/providers/Microsoft.Insights/dataCollectionRuleAssociations/dcrAssocInput02?api-version=2019-11-01-preview",
      "EncodedRequestUri": "Ly9zdWJzY3JpcHRpb25zL2I5NzIyNGYzLWIxOTktNDliMS04NGM3LTI1YjA5ZThmYmY4NC9yZXNvdXJjZUdyb3Vwcy90ZXN0ZGNyL3Byb3ZpZGVycy9NaWNyb3NvZnQuQ29tcHV0ZS92aXJ0dWFsTWFjaGluZXMvdm1kY3J0ZXN0L3Byb3ZpZGVycy9NaWNyb3NvZnQuSW5zaWdodHMvZGF0YUNvbGxlY3Rpb25SdWxlQXNzb2NpYXRpb25zL2RjckFzc29jSW5wdXQwMj9hcGktdmVyc2lvbj0yMDE5LTExLTAxLXByZXZpZXc=",
      "RequestMethod": "DELETE",
      "RequestBody": "",
      "RequestHeaders": {
        "User-Agent": [
          "FxVersion/4.6.29321.03",
          "OSName/Windows",
          "OSVersion/Microsoft.Windows.10.0.19042.",
          "Microsoft.Azure.Management.Monitor.MonitorManagementClient/0.25.2.0"
        ]
      },
      "ResponseHeaders": {
        "Cache-Control": [
          "no-cache"
        ],
        "Pragma": [
          "no-cache"
        ],
        "Request-Context": [
          "appId=cid-v1:2bbfbac8-e1b0-44af-b9c6-3a40669d37e3"
        ],
        "api-supported-versions": [
          "2019-11-01-preview"
        ],
        "Server": [
          "Microsoft-HTTPAPI/2.0"
        ],
        "x-ms-ratelimit-remaining-subscription-deletes": [
          "14998"
        ],
        "x-ms-request-id": [
          "8642b6d3-1bad-4d1d-a943-3d9e96817c44"
        ],
        "x-ms-correlation-request-id": [
          "8642b6d3-1bad-4d1d-a943-3d9e96817c44"
        ],
        "x-ms-routing-request-id": [
          "SOUTHCENTRALUS:20201126T200614Z:8642b6d3-1bad-4d1d-a943-3d9e96817c44"
        ],
        "Strict-Transport-Security": [
          "max-age=31536000; includeSubDomains"
        ],
        "X-Content-Type-Options": [
          "nosniff"
        ],
        "Date": [
          "Thu, 26 Nov 2020 20:06:14 GMT"
        ],
        "Expires": [
          "-1"
        ],
        "Content-Length": [
          "0"
        ]
      },
      "ResponseBody": "",
      "StatusCode": 200
    },
    {
      "RequestUri": "/subscriptions/b97224f3-b199-49b1-84c7-25b09e8fbf84/resourceGroups/testdcr/providers/Microsoft.Insights/dataCollectionRules/testSessionDCR01?api-version=2019-11-01-preview",
      "EncodedRequestUri": "L3N1YnNjcmlwdGlvbnMvYjk3MjI0ZjMtYjE5OS00OWIxLTg0YzctMjViMDllOGZiZjg0L3Jlc291cmNlR3JvdXBzL3Rlc3RkY3IvcHJvdmlkZXJzL01pY3Jvc29mdC5JbnNpZ2h0cy9kYXRhQ29sbGVjdGlvblJ1bGVzL3Rlc3RTZXNzaW9uRENSMDE/YXBpLXZlcnNpb249MjAxOS0xMS0wMS1wcmV2aWV3",
      "RequestMethod": "DELETE",
      "RequestBody": "",
      "RequestHeaders": {
        "User-Agent": [
          "FxVersion/4.6.29321.03",
          "OSName/Windows",
          "OSVersion/Microsoft.Windows.10.0.19042.",
          "Microsoft.Azure.Management.Monitor.MonitorManagementClient/0.25.2.0"
        ]
      },
      "ResponseHeaders": {
        "Cache-Control": [
          "no-cache"
        ],
        "Pragma": [
          "no-cache"
        ],
        "Request-Context": [
          "appId=cid-v1:2bbfbac8-e1b0-44af-b9c6-3a40669d37e3"
        ],
        "api-supported-versions": [
          "2019-11-01-preview"
        ],
        "Server": [
          "Microsoft-HTTPAPI/2.0"
        ],
        "x-ms-ratelimit-remaining-subscription-deletes": [
          "14996"
        ],
        "x-ms-request-id": [
          "1ef96f15-60d7-488b-9917-58973b79b2ad"
        ],
        "x-ms-correlation-request-id": [
          "1ef96f15-60d7-488b-9917-58973b79b2ad"
        ],
        "x-ms-routing-request-id": [
          "SOUTHCENTRALUS:20201126T200616Z:1ef96f15-60d7-488b-9917-58973b79b2ad"
        ],
        "Strict-Transport-Security": [
          "max-age=31536000; includeSubDomains"
        ],
        "X-Content-Type-Options": [
          "nosniff"
        ],
        "Date": [
          "Thu, 26 Nov 2020 20:06:16 GMT"
        ],
        "Expires": [
          "-1"
        ],
        "Content-Length": [
          "0"
        ]
      },
      "ResponseBody": "",
      "StatusCode": 200
    },
    {
      "RequestUri": "/subscriptions/b97224f3-b199-49b1-84c7-25b09e8fbf84/resourceGroups/testdcr/providers/Microsoft.Insights/dataCollectionRules/testSessionDCR02?api-version=2019-11-01-preview",
      "EncodedRequestUri": "L3N1YnNjcmlwdGlvbnMvYjk3MjI0ZjMtYjE5OS00OWIxLTg0YzctMjViMDllOGZiZjg0L3Jlc291cmNlR3JvdXBzL3Rlc3RkY3IvcHJvdmlkZXJzL01pY3Jvc29mdC5JbnNpZ2h0cy9kYXRhQ29sbGVjdGlvblJ1bGVzL3Rlc3RTZXNzaW9uRENSMDI/YXBpLXZlcnNpb249MjAxOS0xMS0wMS1wcmV2aWV3",
      "RequestMethod": "DELETE",
      "RequestBody": "",
      "RequestHeaders": {
        "User-Agent": [
          "FxVersion/4.6.29321.03",
          "OSName/Windows",
          "OSVersion/Microsoft.Windows.10.0.19042.",
          "Microsoft.Azure.Management.Monitor.MonitorManagementClient/0.25.2.0"
        ]
      },
      "ResponseHeaders": {
        "Cache-Control": [
          "no-cache"
        ],
        "Pragma": [
          "no-cache"
        ],
        "Request-Context": [
          "appId=cid-v1:2bbfbac8-e1b0-44af-b9c6-3a40669d37e3"
        ],
        "api-supported-versions": [
          "2019-11-01-preview"
        ],
        "Server": [
          "Microsoft-HTTPAPI/2.0"
        ],
        "x-ms-ratelimit-remaining-subscription-deletes": [
          "14995"
        ],
        "x-ms-request-id": [
          "ae581395-1daa-4c98-adfc-8daaeed758fc"
        ],
        "x-ms-correlation-request-id": [
          "ae581395-1daa-4c98-adfc-8daaeed758fc"
        ],
        "x-ms-routing-request-id": [
          "SOUTHCENTRALUS:20201126T200618Z:ae581395-1daa-4c98-adfc-8daaeed758fc"
        ],
        "Strict-Transport-Security": [
          "max-age=31536000; includeSubDomains"
        ],
        "X-Content-Type-Options": [
          "nosniff"
        ],
        "Date": [
          "Thu, 26 Nov 2020 20:06:18 GMT"
        ],
        "Expires": [
          "-1"
        ],
        "Content-Length": [
          "0"
        ]
      },
      "ResponseBody": "",
      "StatusCode": 200
    },
    {
      "RequestUri": "/subscriptions/b97224f3-b199-49b1-84c7-25b09e8fbf84/resourceGroups/testdcr/providers/Microsoft.Insights/dataCollectionRules/testSessionDCR03?api-version=2019-11-01-preview",
      "EncodedRequestUri": "L3N1YnNjcmlwdGlvbnMvYjk3MjI0ZjMtYjE5OS00OWIxLTg0YzctMjViMDllOGZiZjg0L3Jlc291cmNlR3JvdXBzL3Rlc3RkY3IvcHJvdmlkZXJzL01pY3Jvc29mdC5JbnNpZ2h0cy9kYXRhQ29sbGVjdGlvblJ1bGVzL3Rlc3RTZXNzaW9uRENSMDM/YXBpLXZlcnNpb249MjAxOS0xMS0wMS1wcmV2aWV3",
      "RequestMethod": "DELETE",
      "RequestBody": "",
      "RequestHeaders": {
        "User-Agent": [
          "FxVersion/4.6.29321.03",
          "OSName/Windows",
          "OSVersion/Microsoft.Windows.10.0.19042.",
          "Microsoft.Azure.Management.Monitor.MonitorManagementClient/0.25.2.0"
        ]
      },
      "ResponseHeaders": {
        "Cache-Control": [
          "no-cache"
        ],
        "Pragma": [
          "no-cache"
        ],
        "Request-Context": [
          "appId=cid-v1:2bbfbac8-e1b0-44af-b9c6-3a40669d37e3"
        ],
        "api-supported-versions": [
          "2019-11-01-preview"
        ],
        "Server": [
          "Microsoft-HTTPAPI/2.0"
        ],
        "x-ms-ratelimit-remaining-subscription-deletes": [
          "14994"
        ],
        "x-ms-request-id": [
          "e4f6fa7e-15cb-47e2-99ec-6953b8138f18"
        ],
        "x-ms-correlation-request-id": [
          "e4f6fa7e-15cb-47e2-99ec-6953b8138f18"
        ],
        "x-ms-routing-request-id": [
          "SOUTHCENTRALUS:20201126T200619Z:e4f6fa7e-15cb-47e2-99ec-6953b8138f18"
        ],
        "Strict-Transport-Security": [
          "max-age=31536000; includeSubDomains"
        ],
        "X-Content-Type-Options": [
          "nosniff"
        ],
        "Date": [
          "Thu, 26 Nov 2020 20:06:19 GMT"
        ],
        "Expires": [
          "-1"
        ],
        "Content-Length": [
          "0"
        ]
      },
      "ResponseBody": "",
      "StatusCode": 200
    }
  ],
  "Names": {},
  "Variables": {
    "SubscriptionId": "b97224f3-b199-49b1-84c7-25b09e8fbf84"
  }
}