{
  "Get-AzImageBuilderTemplate+[NoContext]+List+$GET+https://management.azure.com/subscriptions/9e223dbe-3399-4e19-88eb-0975f02ac87f/providers/Microsoft.VirtualMachineImages/imageTemplates?api-version=2022-07-01+1": {
    "Request": {
      "Method": "GET",
      "RequestUri": "https://management.azure.com/subscriptions/9e223dbe-3399-4e19-88eb-0975f02ac87f/providers/Microsoft.VirtualMachineImages/imageTemplates?api-version=2022-07-01",
      "Content": null,
      "isContentBase64": false,
      "Headers": {
        "x-ms-unique-id": [ "10" ],
        "x-ms-client-request-id": [ "b44566e9-6bca-4b50-b385-8c0b311a45cc" ],
        "CommandName": [ "Get-AzImageBuilderTemplate" ],
        "FullCommandName": [ "Get-AzImageBuilderTemplate_List" ],
        "ParameterSetName": [ "__AllParameterSets" ],
        "User-Agent": [ "AzurePowershell/v0.0.0", "PSVersion/v7.3.6", "Az.ImageBuilder/0.1.0" ],
        "Authorization": [ "[Filtered]" ]
      },
      "ContentHeaders": {
      }
    },
    "Response": {
      "StatusCode": 200,
      "Headers": {
        "Cache-Control": [ "no-cache" ],
        "Pragma": [ "no-cache" ],
        "x-ms-routing-request-id": [ "JAPANEAST:20230829T070314Z:3ab67ee7-49ae-4f6e-9b44-e21879ca2f50" ],
        "x-ms-ratelimit-remaining-subscription-reads": [ "11999" ],
        "x-ms-correlation-request-id": [ "3ab67ee7-49ae-4f6e-9b44-e21879ca2f50" ],
        "x-ms-request-id": [ "6b0677af-b3db-46f6-8186-f33618644be0" ],
        "Strict-Transport-Security": [ "max-age=31536000; includeSubDomains" ],
        "X-Content-Type-Options": [ "nosniff" ],
        "X-Cache": [ "CONFIG_NOCACHE" ],
        "X-MSEdge-Ref": [ "Ref A: 72C3DFC429194B38A35E8351187B65F8 Ref B: TYO201100115037 Ref C: 2023-08-29T07:03:13Z" ],
        "Date": [ "Tue, 29 Aug 2023 07:03:13 GMT" ]
      },
      "ContentHeaders": {
        "Content-Length": [ "14836" ],
        "Content-Type": [ "application/json" ],
        "Expires": [ "-1" ]
      },
      "Content": "{\n \"value\": [\n  {\n   \"properties\": {\n    \"source\": {\n     \"exactVersion\": \"18.04.202306070\",\n     \"offer\": \"UbuntuServer\",\n     \"publisher\": \"Canonical\",\n     \"sku\": \"18.04-LTS\",\n     \"type\": \"PlatformImage\",\n     \"version\": \"latest\"\n    },\n    \"customize\": [\n     {\n      \"name\": \"CheckSumCompareShellScript\",\n      \"scriptUri\": \"https://raw.githubusercontent.com/danielsollondon/azvmimagebuilder/master/quickquickstarts/customizeScript2.sh\",\n      \"sha256Checksum\": \"ade4c5214c3c675e92c66e2d067a870c5b81b9844b3de3cc72c49ff36425fc93\",\n      \"type\": \"Shell\"\n     }\n    ],\n    \"distribute\": [\n     {\n      \"artifactTags\": {\n       \"tag\": \"dis-share\"\n      },\n      \"excludeFromLatest\": false,\n      \"galleryImageId\": \"/subscriptions/9e223dbe-3399-4e19-88eb-0975f02ac87f/resourceGroups/azps-test-8vi0xa/providers/Microsoft.Compute/galleries/azpsgalleryfx9o0t/images/azpsvmimage1\",\n      \"replicationRegions\": [\n       \"eastus2\"\n      ],\n      \"runOutputName\": \"runoutput1\",\n      \"type\": \"SharedImage\",\n      \"versioning\": null\n     }\n    ],\n    \"provisioningState\": \"Succeeded\",\n    \"lastRunStatus\": {\n     \"startTime\": \"2023-08-29T07:02:39.157357071Z\",\n     \"endTime\": \"0001-01-01T00:00:00Z\",\n     \"runState\": \"Running\",\n     \"runSubState\": \"Building\",\n     \"message\": \"\"\n    },\n    \"buildTimeoutInMinutes\": 0,\n    \"stagingResourceGroup\": \"\",\n    \"exactStagingResourceGroup\": \"/subscriptions/9e223dbe-3399-4e19-88eb-0975f02ac87f/resourceGroups/IT_azps-test-8vi0xa_azps-tmp-495alx_a7f1b87f-3ac7-4303-a205-e9cddbf9fc77\"\n   },\n   \"identity\": {\n    \"type\": \"UserAssigned\",\n    \"userAssignedIdentities\": {\n     \"/subscriptions/9e223dbe-3399-4e19-88eb-0975f02ac87f/resourcegroups/azps-test-8vi0xa/providers/Microsoft.ManagedIdentity/userAssignedIdentities/azps-mi-wr80ck\": {\n      \"principalId\": \"df49987a-6c77-41e9-adb1-db1b891e5cd3\",\n      \"clientId\": \"71968084-1f2c-4c17-9196-98c7b3866682\"\n     }\n    }\n   },\n   \"tags\": {},\n   \"location\": \"eastus\",\n   \"id\": \"/subscriptions/9e223dbe-3399-4e19-88eb-0975f02ac87f/resourcegroups/azps-test-8vi0xa/providers/Microsoft.VirtualMachineImages/imageTemplates/azps-tmp-495alx\",\n   \"name\": \"azps-tmp-495alx\",\n   \"type\": \"Microsoft.VirtualMachineImages/imageTemplates\"\n  },\n  {\n   \"properties\": {\n    \"source\": {\n     \"exactVersion\": \"18.04.202306070\",\n     \"offer\": \"UbuntuServer\",\n     \"publisher\": \"Canonical\",\n     \"sku\": \"18.04-LTS\",\n     \"type\": \"PlatformImage\",\n     \"version\": \"latest\"\n    },\n    \"customize\": [\n     {\n      \"name\": \"CheckSumCompareShellScript\",\n      \"scriptUri\": \"https://raw.githubusercontent.com/danielsollondon/azvmimagebuilder/master/quickquickstarts/customizeScript2.sh\",\n      \"sha256Checksum\": \"ade4c5214c3c675e92c66e2d067a870c5b81b9844b3de3cc72c49ff36425fc93\",\n      \"type\": \"Shell\"\n     }\n    ],\n    \"distribute\": [\n     {\n      \"artifactTags\": {\n       \"tag\": \"dis-share\"\n      },\n      \"excludeFromLatest\": false,\n      \"galleryImageId\": \"/subscriptions/9e223dbe-3399-4e19-88eb-0975f02ac87f/resourceGroups/azps-test-90ifun/providers/Microsoft.Compute/galleries/azpsgalleryf12pdv/images/azpsvmimage1\",\n      \"replicationRegions\": [\n       \"eastus2\"\n      ],\n      \"runOutputName\": \"runoutput1\",\n      \"type\": \"SharedImage\",\n      \"versioning\": null\n     }\n    ],\n    \"provisioningState\": \"Succeeded\",\n    \"lastRunStatus\": {\n     \"startTime\": \"2023-08-29T06:38:40.04274578Z\",\n     \"endTime\": \"2023-08-29T06:46:17.281657865Z\",\n     \"runState\": \"Canceled\",\n     \"message\": \"The build was canceled\"\n    },\n    \"buildTimeoutInMinutes\": 0,\n    \"stagingResourceGroup\": \"\",\n    \"exactStagingResourceGroup\": \"/subscriptions/9e223dbe-3399-4e19-88eb-0975f02ac87f/resourceGroups/IT_azps-test-90ifun_azps-tmp-emf39o_77c042a8-45af-4356-9ffe-a76d4105252e\"\n   },\n   \"identity\": {\n    \"type\": \"UserAssigned\",\n    \"userAssignedIdentities\": {\n     \"/subscriptions/9e223dbe-3399-4e19-88eb-0975f02ac87f/resourcegroups/azps-test-90ifun/providers/Microsoft.ManagedIdentity/userAssignedIdentities/azps-mi-x459im\": {\n      \"principalId\": \"766d699c-43d8-42e1-9a18-7f45b5df5bae\",\n      \"clientId\": \"1681d379-d50b-4da1-b65c-3eecc020d567\"\n     }\n    }\n   },\n   \"tags\": {},\n   \"location\": \"eastus\",\n   \"id\": \"/subscriptions/9e223dbe-3399-4e19-88eb-0975f02ac87f/resourcegroups/azps-test-90ifun/providers/Microsoft.VirtualMachineImages/imageTemplates/azps-tmp-emf39o\",\n   \"name\": \"azps-tmp-emf39o\",\n   \"type\": \"Microsoft.VirtualMachineImages/imageTemplates\"\n  },\n  {\n   \"properties\": {\n    \"source\": {\n     \"exactVersion\": \"18.04.202306070\",\n     \"offer\": \"UbuntuServer\",\n     \"publisher\": \"Canonical\",\n     \"sku\": \"18.04-LTS\",\n     \"type\": \"PlatformImage\",\n     \"version\": \"latest\"\n    },\n    \"customize\": [\n     {\n      \"name\": \"CheckSumCompareShellScript\",\n      \"scriptUri\": \"https://raw.githubusercontent.com/danielsollondon/azvmimagebuilder/master/quickquickstarts/customizeScript2.sh\",\n      \"sha256Checksum\": \"ade4c5214c3c675e92c66e2d067a870c5b81b9844b3de3cc72c49ff36425fc93\",\n      \"type\": \"Shell\"\n     }\n    ],\n    \"distribute\": [\n     {\n      \"artifactTags\": {\n       \"tag\": \"dis-share\"\n      },\n      \"excludeFromLatest\": false,\n      \"galleryImageId\": \"/subscriptions/9e223dbe-3399-4e19-88eb-0975f02ac87f/resourceGroups/azps-test-90ifun/providers/Microsoft.Compute/galleries/azpsgalleryf12pdv/images/azpsvmimage1\",\n      \"replicationRegions\": [\n       \"eastus2\"\n      ],\n      \"runOutputName\": \"runoutput1\",\n      \"type\": \"SharedImage\",\n      \"versioning\": null\n     }\n    ],\n    \"provisioningState\": \"Succeeded\",\n    \"buildTimeoutInMinutes\": 0,\n    \"stagingResourceGroup\": \"\",\n    \"exactStagingResourceGroup\": \"/subscriptions/9e223dbe-3399-4e19-88eb-0975f02ac87f/resourceGroups/IT_azps-test-90ifun_azps-tmp-qtfewu_4620fac1-7aed-4d92-9e26-4fc569903d2c\"\n   },\n   \"identity\": {\n    \"type\": \"UserAssigned\",\n    \"userAssignedIdentities\": {\n     \"/subscriptions/9e223dbe-3399-4e19-88eb-0975f02ac87f/resourcegroups/azps-test-90ifun/providers/Microsoft.ManagedIdentity/userAssignedIdentities/azps-mi-x459im\": {\n      \"principalId\": \"766d699c-43d8-42e1-9a18-7f45b5df5bae\",\n      \"clientId\": \"1681d379-d50b-4da1-b65c-3eecc020d567\"\n     }\n    }\n   },\n   \"tags\": {\n    \"123\": \"abc\"\n   },\n   \"location\": \"eastus\",\n   \"id\": \"/subscriptions/9e223dbe-3399-4e19-88eb-0975f02ac87f/resourcegroups/azps-test-90ifun/providers/Microsoft.VirtualMachineImages/imageTemplates/azps-tmp-qtfewu\",\n   \"name\": \"azps-tmp-qtfewu\",\n   \"type\": \"Microsoft.VirtualMachineImages/imageTemplates\"\n  },\n  {\n   \"properties\": {\n    \"source\": {\n     \"exactVersion\": \"18.04.202306070\",\n     \"offer\": \"UbuntuServer\",\n     \"publisher\": \"Canonical\",\n     \"sku\": \"18.04-LTS\",\n     \"type\": \"PlatformImage\",\n     \"version\": \"latest\"\n    },\n    \"customize\": [\n     {\n      \"name\": \"CheckSumCompareShellScript\",\n      \"scriptUri\": \"https://raw.githubusercontent.com/danielsollondon/azvmimagebuilder/master/quickquickstarts/customizeScript2.sh\",\n      \"sha256Checksum\": \"ade4c5214c3c675e92c66e2d067a870c5b81b9844b3de3cc72c49ff36425fc93\",\n      \"type\": \"Shell\"\n     }\n    ],\n    \"distribute\": [\n     {\n      \"artifactTags\": {\n       \"tag\": \"dis-share\"\n      },\n      \"excludeFromLatest\": false,\n      \"galleryImageId\": \"/subscriptions/9e223dbe-3399-4e19-88eb-0975f02ac87f/resourceGroups/azps-test-gxk2a7/providers/Microsoft.Compute/galleries/azpsgallery52ison/images/azpsvmimage1\",\n      \"replicationRegions\": [\n       \"eastus2\"\n      ],\n      \"runOutputName\": \"runoutput1\",\n      \"type\": \"SharedImage\",\n      \"versioning\": null\n     }\n    ],\n    \"provisioningState\": \"Succeeded\",\n    \"buildTimeoutInMinutes\": 0,\n    \"stagingResourceGroup\": \"\",\n    \"exactStagingResourceGroup\": \"/subscriptions/9e223dbe-3399-4e19-88eb-0975f02ac87f/resourceGroups/IT_azps-test-gxk2a7_azps-tmp-oe785q_71fb3e73-e3c2-482b-868e-1b59dcc10b95\"\n   },\n   \"identity\": {\n    \"type\": \"UserAssigned\",\n    \"userAssignedIdentities\": {\n     \"/subscriptions/9e223dbe-3399-4e19-88eb-0975f02ac87f/resourcegroups/azps-test-gxk2a7/providers/Microsoft.ManagedIdentity/userAssignedIdentities/azps-mi-fwy8g3\": {\n      \"principalId\": \"148ce61c-21ce-4062-bbd6-86f8897d591e\",\n      \"clientId\": \"318be9be-4498-4972-aeff-46124bb1712b\"\n     }\n    }\n   },\n   \"tags\": {\n    \"123\": \"abc\"\n   },\n   \"location\": \"eastus\",\n   \"id\": \"/subscriptions/9e223dbe-3399-4e19-88eb-0975f02ac87f/resourcegroups/azps-test-gxk2a7/providers/Microsoft.VirtualMachineImages/imageTemplates/azps-tmp-oe785q\",\n   \"name\": \"azps-tmp-oe785q\",\n   \"type\": \"Microsoft.VirtualMachineImages/imageTemplates\"\n  },\n  {\n   \"properties\": {\n    \"source\": {\n     \"exactVersion\": \"18.04.202306070\",\n     \"offer\": \"UbuntuServer\",\n     \"publisher\": \"Canonical\",\n     \"sku\": \"18.04-LTS\",\n     \"type\": \"PlatformImage\",\n     \"version\": \"latest\"\n    },\n    \"customize\": [\n     {\n      \"name\": \"CheckSumCompareShellScript\",\n      \"scriptUri\": \"https://raw.githubusercontent.com/danielsollondon/azvmimagebuilder/master/quickquickstarts/customizeScript2.sh\",\n      \"sha256Checksum\": \"ade4c5214c3c675e92c66e2d067a870c5b81b9844b3de3cc72c49ff36425fc93\",\n      \"type\": \"Shell\"\n     }\n    ],\n    \"distribute\": [\n     {\n      \"artifactTags\": {\n       \"tag\": \"dis-share\"\n      },\n      \"excludeFromLatest\": false,\n      \"galleryImageId\": \"/subscriptions/9e223dbe-3399-4e19-88eb-0975f02ac87f/resourceGroups/azps-test-gxk2a7/providers/Microsoft.Compute/galleries/azpsgallery52ison/images/azpsvmimage1\",\n      \"replicationRegions\": [\n       \"eastus2\"\n      ],\n      \"runOutputName\": \"runoutput1\",\n      \"type\": \"SharedImage\",\n      \"versioning\": null\n     }\n    ],\n    \"provisioningState\": \"Succeeded\",\n    \"lastRunStatus\": {\n     \"startTime\": \"2023-08-29T04:25:14.771401453Z\",\n     \"endTime\": \"2023-08-29T04:32:52.479591067Z\",\n     \"runState\": \"Canceled\",\n     \"message\": \"The build was canceled\"\n    },\n    \"buildTimeoutInMinutes\": 0,\n    \"stagingResourceGroup\": \"\",\n    \"exactStagingResourceGroup\": \"/subscriptions/9e223dbe-3399-4e19-88eb-0975f02ac87f/resourceGroups/IT_azps-test-gxk2a7_azps-tmp-v7cd43_44dc8526-fe48-4ed5-953e-8a9c67f5d997\"\n   },\n   \"identity\": {\n    \"type\": \"UserAssigned\",\n    \"userAssignedIdentities\": {\n     \"/subscriptions/9e223dbe-3399-4e19-88eb-0975f02ac87f/resourcegroups/azps-test-gxk2a7/providers/Microsoft.ManagedIdentity/userAssignedIdentities/azps-mi-fwy8g3\": {\n      \"principalId\": \"148ce61c-21ce-4062-bbd6-86f8897d591e\",\n      \"clientId\": \"318be9be-4498-4972-aeff-46124bb1712b\"\n     }\n    }\n   },\n   \"tags\": {},\n   \"location\": \"eastus\",\n   \"id\": \"/subscriptions/9e223dbe-3399-4e19-88eb-0975f02ac87f/resourcegroups/azps-test-gxk2a7/providers/Microsoft.VirtualMachineImages/imageTemplates/azps-tmp-v7cd43\",\n   \"name\": \"azps-tmp-v7cd43\",\n   \"type\": \"Microsoft.VirtualMachineImages/imageTemplates\"\n  },\n  {\n   \"properties\": {\n    \"source\": {\n     \"exactVersion\": \"18.04.202306070\",\n     \"offer\": \"UbuntuServer\",\n     \"publisher\": \"Canonical\",\n     \"sku\": \"18.04-LTS\",\n     \"type\": \"PlatformImage\",\n     \"version\": \"latest\"\n    },\n    \"customize\": [\n     {\n      \"name\": \"CheckSumCompareShellScript\",\n      \"scriptUri\": \"https://raw.githubusercontent.com/danielsollondon/azvmimagebuilder/master/quickquickstarts/customizeScript2.sh\",\n      \"sha256Checksum\": \"ade4c5214c3c675e92c66e2d067a870c5b81b9844b3de3cc72c49ff36425fc93\",\n      \"type\": \"Shell\"\n     }\n    ],\n    \"distribute\": [\n     {\n      \"artifactTags\": {\n       \"tag\": \"dis-share\"\n      },\n      \"excludeFromLatest\": false,\n      \"galleryImageId\": \"/subscriptions/9e223dbe-3399-4e19-88eb-0975f02ac87f/resourceGroups/azps-test-o5pew1/providers/Microsoft.Compute/galleries/azpsgalleryvntgx5/images/azpsvmimage1\",\n      \"replicationRegions\": [\n       \"eastus2\"\n      ],\n      \"runOutputName\": \"runoutput1\",\n      \"type\": \"SharedImage\",\n      \"versioning\": null\n     }\n    ],\n    \"provisioningState\": \"Succeeded\",\n    \"buildTimeoutInMinutes\": 0,\n    \"stagingResourceGroup\": \"\",\n    \"exactStagingResourceGroup\": \"/subscriptions/9e223dbe-3399-4e19-88eb-0975f02ac87f/resourceGroups/IT_azps-test-o5pew1_azps-tmp-kuhox5_8ffbd22f-020f-4056-bf4a-019cd4974b81\"\n   },\n   \"identity\": {\n    \"type\": \"UserAssigned\",\n    \"userAssignedIdentities\": {\n     \"/subscriptions/9e223dbe-3399-4e19-88eb-0975f02ac87f/resourcegroups/azps-test-o5pew1/providers/Microsoft.ManagedIdentity/userAssignedIdentities/azps-mi-4wngem\": {\n      \"principalId\": \"a0372eec-6743-4521-9c16-63ce290f6374\",\n      \"clientId\": \"0b9b523a-2942-4446-99de-2534fec44222\"\n     }\n    }\n   },\n   \"tags\": {\n    \"123\": \"abc\"\n   },\n   \"location\": \"eastus\",\n   \"id\": \"/subscriptions/9e223dbe-3399-4e19-88eb-0975f02ac87f/resourcegroups/azps-test-o5pew1/providers/Microsoft.VirtualMachineImages/imageTemplates/azps-tmp-kuhox5\",\n   \"name\": \"azps-tmp-kuhox5\",\n   \"type\": \"Microsoft.VirtualMachineImages/imageTemplates\"\n  },\n  {\n   \"properties\": {\n    \"source\": {\n     \"exactVersion\": \"18.04.202306070\",\n     \"offer\": \"UbuntuServer\",\n     \"publisher\": \"Canonical\",\n     \"sku\": \"18.04-LTS\",\n     \"type\": \"PlatformImage\",\n     \"version\": \"latest\"\n    },\n    \"customize\": [\n     {\n      \"name\": \"CheckSumCompareShellScript\",\n      \"scriptUri\": \"https://raw.githubusercontent.com/danielsollondon/azvmimagebuilder/master/quickquickstarts/customizeScript2.sh\",\n      \"sha256Checksum\": \"ade4c5214c3c675e92c66e2d067a870c5b81b9844b3de3cc72c49ff36425fc93\",\n      \"type\": \"Shell\"\n     }\n    ],\n    \"distribute\": [\n     {\n      \"artifactTags\": {\n       \"tag\": \"dis-share\"\n      },\n      \"excludeFromLatest\": false,\n      \"galleryImageId\": \"/subscriptions/9e223dbe-3399-4e19-88eb-0975f02ac87f/resourceGroups/azps-test-o5pew1/providers/Microsoft.Compute/galleries/azpsgalleryvntgx5/images/azpsvmimage1\",\n      \"replicationRegions\": [\n       \"eastus2\"\n      ],\n      \"runOutputName\": \"runoutput1\",\n      \"type\": \"SharedImage\",\n      \"versioning\": null\n     }\n    ],\n    \"provisioningState\": \"Succeeded\",\n    \"lastRunStatus\": {\n     \"startTime\": \"2023-08-29T05:27:59.21601074Z\",\n     \"endTime\": \"2023-08-29T05:35:06.651190256Z\",\n     \"runState\": \"Canceled\",\n     \"message\": \"The build was canceled\"\n    },\n    \"buildTimeoutInMinutes\": 0,\n    \"stagingResourceGroup\": \"\",\n    \"exactStagingResourceGroup\": \"/subscriptions/9e223dbe-3399-4e19-88eb-0975f02ac87f/resourceGroups/IT_azps-test-o5pew1_azps-tmp-y16mjl_0a28e785-b524-48b1-9c4f-13cc879df655\"\n   },\n   \"identity\": {\n    \"type\": \"UserAssigned\",\n    \"userAssignedIdentities\": {\n     \"/subscriptions/9e223dbe-3399-4e19-88eb-0975f02ac87f/resourcegroups/azps-test-o5pew1/providers/Microsoft.ManagedIdentity/userAssignedIdentities/azps-mi-4wngem\": {\n      \"principalId\": \"a0372eec-6743-4521-9c16-63ce290f6374\",\n      \"clientId\": \"0b9b523a-2942-4446-99de-2534fec44222\"\n     }\n    }\n   },\n   \"tags\": {},\n   \"location\": \"eastus\",\n   \"id\": \"/subscriptions/9e223dbe-3399-4e19-88eb-0975f02ac87f/resourcegroups/azps-test-o5pew1/providers/Microsoft.VirtualMachineImages/imageTemplates/azps-tmp-y16mjl\",\n   \"name\": \"azps-tmp-y16mjl\",\n   \"type\": \"Microsoft.VirtualMachineImages/imageTemplates\"\n  }\n ]\n}",
      "isContentBase64": false
    }
  },
  "Get-AzImageBuilderTemplate+[NoContext]+List1+$GET+https://management.azure.com/subscriptions/9e223dbe-3399-4e19-88eb-0975f02ac87f/resourceGroups/azps-test-8vi0xa/providers/Microsoft.VirtualMachineImages/imageTemplates?api-version=2022-07-01+1": {
    "Request": {
      "Method": "GET",
      "RequestUri": "https://management.azure.com/subscriptions/9e223dbe-3399-4e19-88eb-0975f02ac87f/resourceGroups/azps-test-8vi0xa/providers/Microsoft.VirtualMachineImages/imageTemplates?api-version=2022-07-01",
      "Content": null,
      "isContentBase64": false,
      "Headers": {
        "x-ms-unique-id": [ "11" ],
        "x-ms-client-request-id": [ "f548d70e-2d70-4f62-8eee-b65131058086" ],
        "CommandName": [ "Get-AzImageBuilderTemplate" ],
        "FullCommandName": [ "Get-AzImageBuilderTemplate_List1" ],
        "ParameterSetName": [ "__AllParameterSets" ],
        "User-Agent": [ "AzurePowershell/v0.0.0", "PSVersion/v7.3.6", "Az.ImageBuilder/0.1.0" ],
        "Authorization": [ "[Filtered]" ]
      },
      "ContentHeaders": {
      }
    },
    "Response": {
      "StatusCode": 200,
      "Headers": {
        "Cache-Control": [ "no-cache" ],
        "Pragma": [ "no-cache" ],
        "x-ms-routing-request-id": [ "JAPANEAST:20230829T070315Z:409cf002-6488-419f-b177-e695f2903ef2" ],
        "x-ms-ratelimit-remaining-subscription-reads": [ "11998" ],
        "x-ms-correlation-request-id": [ "409cf002-6488-419f-b177-e695f2903ef2" ],
        "x-ms-request-id": [ "959f4291-4642-4efb-adb6-0ab2baa22108" ],
        "Strict-Transport-Security": [ "max-age=31536000; includeSubDomains" ],
        "X-Content-Type-Options": [ "nosniff" ],
        "X-Cache": [ "CONFIG_NOCACHE" ],
        "X-MSEdge-Ref": [ "Ref A: 651A0FC2DA184959B20171DFBBB74E38 Ref B: TYO201100115037 Ref C: 2023-08-29T07:03:14Z" ],
        "Date": [ "Tue, 29 Aug 2023 07:03:14 GMT" ]
      },
      "ContentHeaders": {
        "Content-Length": [ "2211" ],
        "Content-Type": [ "application/json" ],
        "Expires": [ "-1" ]
      },
      "Content": "{\n \"value\": [\n  {\n   \"properties\": {\n    \"source\": {\n     \"exactVersion\": \"18.04.202306070\",\n     \"offer\": \"UbuntuServer\",\n     \"publisher\": \"Canonical\",\n     \"sku\": \"18.04-LTS\",\n     \"type\": \"PlatformImage\",\n     \"version\": \"latest\"\n    },\n    \"customize\": [\n     {\n      \"name\": \"CheckSumCompareShellScript\",\n      \"scriptUri\": \"https://raw.githubusercontent.com/danielsollondon/azvmimagebuilder/master/quickquickstarts/customizeScript2.sh\",\n      \"sha256Checksum\": \"ade4c5214c3c675e92c66e2d067a870c5b81b9844b3de3cc72c49ff36425fc93\",\n      \"type\": \"Shell\"\n     }\n    ],\n    \"distribute\": [\n     {\n      \"artifactTags\": {\n       \"tag\": \"dis-share\"\n      },\n      \"excludeFromLatest\": false,\n      \"galleryImageId\": \"/subscriptions/9e223dbe-3399-4e19-88eb-0975f02ac87f/resourceGroups/azps-test-8vi0xa/providers/Microsoft.Compute/galleries/azpsgalleryfx9o0t/images/azpsvmimage1\",\n      \"replicationRegions\": [\n       \"eastus2\"\n      ],\n      \"runOutputName\": \"runoutput1\",\n      \"type\": \"SharedImage\",\n      \"versioning\": null\n     }\n    ],\n    \"provisioningState\": \"Succeeded\",\n    \"lastRunStatus\": {\n     \"startTime\": \"2023-08-29T07:02:39.157357071Z\",\n     \"endTime\": \"0001-01-01T00:00:00Z\",\n     \"runState\": \"Running\",\n     \"runSubState\": \"Building\",\n     \"message\": \"\"\n    },\n    \"buildTimeoutInMinutes\": 0,\n    \"stagingResourceGroup\": \"\",\n    \"exactStagingResourceGroup\": \"/subscriptions/9e223dbe-3399-4e19-88eb-0975f02ac87f/resourceGroups/IT_azps-test-8vi0xa_azps-tmp-495alx_a7f1b87f-3ac7-4303-a205-e9cddbf9fc77\"\n   },\n   \"identity\": {\n    \"type\": \"UserAssigned\",\n    \"userAssignedIdentities\": {\n     \"/subscriptions/9e223dbe-3399-4e19-88eb-0975f02ac87f/resourcegroups/azps-test-8vi0xa/providers/Microsoft.ManagedIdentity/userAssignedIdentities/azps-mi-wr80ck\": {\n      \"principalId\": \"df49987a-6c77-41e9-adb1-db1b891e5cd3\",\n      \"clientId\": \"71968084-1f2c-4c17-9196-98c7b3866682\"\n     }\n    }\n   },\n   \"tags\": {},\n   \"location\": \"eastus\",\n   \"id\": \"/subscriptions/9e223dbe-3399-4e19-88eb-0975f02ac87f/resourcegroups/azps-test-8vi0xa/providers/Microsoft.VirtualMachineImages/imageTemplates/azps-tmp-495alx\",\n   \"name\": \"azps-tmp-495alx\",\n   \"type\": \"Microsoft.VirtualMachineImages/imageTemplates\"\n  }\n ]\n}",
      "isContentBase64": false
    }
  },
  "Get-AzImageBuilderTemplate+[NoContext]+Get+$GET+https://management.azure.com/subscriptions/9e223dbe-3399-4e19-88eb-0975f02ac87f/resourceGroups/azps-test-8vi0xa/providers/Microsoft.VirtualMachineImages/imageTemplates/azps-tmp-495alx?api-version=2022-07-01+1": {
    "Request": {
      "Method": "GET",
      "RequestUri": "https://management.azure.com/subscriptions/9e223dbe-3399-4e19-88eb-0975f02ac87f/resourceGroups/azps-test-8vi0xa/providers/Microsoft.VirtualMachineImages/imageTemplates/azps-tmp-495alx?api-version=2022-07-01",
      "Content": null,
      "isContentBase64": false,
      "Headers": {
        "x-ms-unique-id": [ "12" ],
        "x-ms-client-request-id": [ "4bab7a88-1d00-4abf-926b-705f68db1bc6" ],
        "CommandName": [ "Get-AzImageBuilderTemplate" ],
        "FullCommandName": [ "Get-AzImageBuilderTemplate_Get" ],
        "ParameterSetName": [ "__AllParameterSets" ],
        "User-Agent": [ "AzurePowershell/v0.0.0", "PSVersion/v7.3.6", "Az.ImageBuilder/0.1.0" ],
        "Authorization": [ "[Filtered]" ]
      },
      "ContentHeaders": {
      }
    },
    "Response": {
      "StatusCode": 200,
      "Headers": {
        "Cache-Control": [ "no-cache" ],
        "Pragma": [ "no-cache" ],
        "x-ms-routing-request-id": [ "JAPANEAST:20230829T070316Z:9730aa73-ae03-4642-95f8-08323f40420a" ],
        "x-ms-ratelimit-remaining-subscription-reads": [ "11998" ],
        "x-ms-correlation-request-id": [ "9730aa73-ae03-4642-95f8-08323f40420a" ],
        "x-ms-request-id": [ "410900c2-fabd-43f9-b5a9-bccc8e97b21d" ],
        "Strict-Transport-Security": [ "max-age=31536000; includeSubDomains" ],
        "X-Content-Type-Options": [ "nosniff" ],
        "X-Cache": [ "CONFIG_NOCACHE" ],
        "X-MSEdge-Ref": [ "Ref A: 01048F8A67594239B02BE3E1129ACD84 Ref B: TYO201100115037 Ref C: 2023-08-29T07:03:15Z" ],
        "Date": [ "Tue, 29 Aug 2023 07:03:15 GMT" ]
      },
      "ContentHeaders": {
        "Content-Length": [ "2072" ],
        "Content-Type": [ "application/json" ],
        "Expires": [ "-1" ]
      },
      "Content": "{\n \"properties\": {\n  \"source\": {\n   \"exactVersion\": \"18.04.202306070\",\n   \"offer\": \"UbuntuServer\",\n   \"publisher\": \"Canonical\",\n   \"sku\": \"18.04-LTS\",\n   \"type\": \"PlatformImage\",\n   \"version\": \"latest\"\n  },\n  \"customize\": [\n   {\n    \"name\": \"CheckSumCompareShellScript\",\n    \"scriptUri\": \"https://raw.githubusercontent.com/danielsollondon/azvmimagebuilder/master/quickquickstarts/customizeScript2.sh\",\n    \"sha256Checksum\": \"ade4c5214c3c675e92c66e2d067a870c5b81b9844b3de3cc72c49ff36425fc93\",\n    \"type\": \"Shell\"\n   }\n  ],\n  \"distribute\": [\n   {\n    \"artifactTags\": {\n     \"tag\": \"dis-share\"\n    },\n    \"excludeFromLatest\": false,\n    \"galleryImageId\": \"/subscriptions/9e223dbe-3399-4e19-88eb-0975f02ac87f/resourceGroups/azps-test-8vi0xa/providers/Microsoft.Compute/galleries/azpsgalleryfx9o0t/images/azpsvmimage1\",\n    \"replicationRegions\": [\n     \"eastus2\"\n    ],\n    \"runOutputName\": \"runoutput1\",\n    \"type\": \"SharedImage\",\n    \"versioning\": null\n   }\n  ],\n  \"provisioningState\": \"Succeeded\",\n  \"lastRunStatus\": {\n   \"startTime\": \"2023-08-29T07:02:39.157357071Z\",\n   \"endTime\": \"0001-01-01T00:00:00Z\",\n   \"runState\": \"Running\",\n   \"runSubState\": \"Building\",\n   \"message\": \"\"\n  },\n  \"buildTimeoutInMinutes\": 0,\n  \"stagingResourceGroup\": \"\",\n  \"exactStagingResourceGroup\": \"/subscriptions/9e223dbe-3399-4e19-88eb-0975f02ac87f/resourceGroups/IT_azps-test-8vi0xa_azps-tmp-495alx_a7f1b87f-3ac7-4303-a205-e9cddbf9fc77\"\n },\n \"identity\": {\n  \"type\": \"UserAssigned\",\n  \"userAssignedIdentities\": {\n   \"/subscriptions/9e223dbe-3399-4e19-88eb-0975f02ac87f/resourcegroups/azps-test-8vi0xa/providers/Microsoft.ManagedIdentity/userAssignedIdentities/azps-mi-wr80ck\": {\n    \"principalId\": \"df49987a-6c77-41e9-adb1-db1b891e5cd3\",\n    \"clientId\": \"71968084-1f2c-4c17-9196-98c7b3866682\"\n   }\n  }\n },\n \"tags\": {},\n \"location\": \"eastus\",\n \"id\": \"/subscriptions/9e223dbe-3399-4e19-88eb-0975f02ac87f/resourcegroups/azps-test-8vi0xa/providers/Microsoft.VirtualMachineImages/imageTemplates/azps-tmp-495alx\",\n \"name\": \"azps-tmp-495alx\",\n \"type\": \"Microsoft.VirtualMachineImages/imageTemplates\"\n}",
      "isContentBase64": false
    }
  },
  "Get-AzImageBuilderTemplate+[NoContext]+GetViaIdentity+$GET+https://management.azure.com/subscriptions/9e223dbe-3399-4e19-88eb-0975f02ac87f/resourceGroups/azps-test-8vi0xa/providers/Microsoft.VirtualMachineImages/imageTemplates/azps-tmp-495alx?api-version=2022-07-01+1": {
    "Request": {
      "Method": "GET",
      "RequestUri": "https://management.azure.com/subscriptions/9e223dbe-3399-4e19-88eb-0975f02ac87f/resourceGroups/azps-test-8vi0xa/providers/Microsoft.VirtualMachineImages/imageTemplates/azps-tmp-495alx?api-version=2022-07-01",
      "Content": null,
      "isContentBase64": false,
      "Headers": {
        "x-ms-unique-id": [ "13" ],
        "x-ms-client-request-id": [ "8004f137-2c54-4d16-9dbe-672991498eee" ],
        "CommandName": [ "Get-AzImageBuilderTemplate" ],
        "FullCommandName": [ "Get-AzImageBuilderTemplate_Get" ],
        "ParameterSetName": [ "__AllParameterSets" ],
        "User-Agent": [ "AzurePowershell/v0.0.0", "PSVersion/v7.3.6", "Az.ImageBuilder/0.1.0" ],
        "Authorization": [ "[Filtered]" ]
      },
      "ContentHeaders": {
      }
    },
    "Response": {
      "StatusCode": 200,
      "Headers": {
        "Cache-Control": [ "no-cache" ],
        "Pragma": [ "no-cache" ],
        "x-ms-routing-request-id": [ "JAPANEAST:20230829T070317Z:56a81149-1736-4373-bcea-e3c79849d08e" ],
        "x-ms-ratelimit-remaining-subscription-reads": [ "11999" ],
        "x-ms-correlation-request-id": [ "56a81149-1736-4373-bcea-e3c79849d08e" ],
        "x-ms-request-id": [ "e1ef68db-14dc-4fe3-ac6e-30613c51ea72" ],
        "Strict-Transport-Security": [ "max-age=31536000; includeSubDomains" ],
        "X-Content-Type-Options": [ "nosniff" ],
        "X-Cache": [ "CONFIG_NOCACHE" ],
        "X-MSEdge-Ref": [ "Ref A: F1D49FBCFA614A7691C42CD1AEE4FACE Ref B: TYO201100115037 Ref C: 2023-08-29T07:03:16Z" ],
        "Date": [ "Tue, 29 Aug 2023 07:03:16 GMT" ]
      },
      "ContentHeaders": {
        "Content-Length": [ "2072" ],
        "Content-Type": [ "application/json" ],
        "Expires": [ "-1" ]
      },
      "Content": "{\n \"properties\": {\n  \"source\": {\n   \"exactVersion\": \"18.04.202306070\",\n   \"offer\": \"UbuntuServer\",\n   \"publisher\": \"Canonical\",\n   \"sku\": \"18.04-LTS\",\n   \"type\": \"PlatformImage\",\n   \"version\": \"latest\"\n  },\n  \"customize\": [\n   {\n    \"name\": \"CheckSumCompareShellScript\",\n    \"scriptUri\": \"https://raw.githubusercontent.com/danielsollondon/azvmimagebuilder/master/quickquickstarts/customizeScript2.sh\",\n    \"sha256Checksum\": \"ade4c5214c3c675e92c66e2d067a870c5b81b9844b3de3cc72c49ff36425fc93\",\n    \"type\": \"Shell\"\n   }\n  ],\n  \"distribute\": [\n   {\n    \"artifactTags\": {\n     \"tag\": \"dis-share\"\n    },\n    \"excludeFromLatest\": false,\n    \"galleryImageId\": \"/subscriptions/9e223dbe-3399-4e19-88eb-0975f02ac87f/resourceGroups/azps-test-8vi0xa/providers/Microsoft.Compute/galleries/azpsgalleryfx9o0t/images/azpsvmimage1\",\n    \"replicationRegions\": [\n     \"eastus2\"\n    ],\n    \"runOutputName\": \"runoutput1\",\n    \"type\": \"SharedImage\",\n    \"versioning\": null\n   }\n  ],\n  \"provisioningState\": \"Succeeded\",\n  \"lastRunStatus\": {\n   \"startTime\": \"2023-08-29T07:02:39.157357071Z\",\n   \"endTime\": \"0001-01-01T00:00:00Z\",\n   \"runState\": \"Running\",\n   \"runSubState\": \"Building\",\n   \"message\": \"\"\n  },\n  \"buildTimeoutInMinutes\": 0,\n  \"stagingResourceGroup\": \"\",\n  \"exactStagingResourceGroup\": \"/subscriptions/9e223dbe-3399-4e19-88eb-0975f02ac87f/resourceGroups/IT_azps-test-8vi0xa_azps-tmp-495alx_a7f1b87f-3ac7-4303-a205-e9cddbf9fc77\"\n },\n \"identity\": {\n  \"type\": \"UserAssigned\",\n  \"userAssignedIdentities\": {\n   \"/subscriptions/9e223dbe-3399-4e19-88eb-0975f02ac87f/resourcegroups/azps-test-8vi0xa/providers/Microsoft.ManagedIdentity/userAssignedIdentities/azps-mi-wr80ck\": {\n    \"principalId\": \"df49987a-6c77-41e9-adb1-db1b891e5cd3\",\n    \"clientId\": \"71968084-1f2c-4c17-9196-98c7b3866682\"\n   }\n  }\n },\n \"tags\": {},\n \"location\": \"eastus\",\n \"id\": \"/subscriptions/9e223dbe-3399-4e19-88eb-0975f02ac87f/resourcegroups/azps-test-8vi0xa/providers/Microsoft.VirtualMachineImages/imageTemplates/azps-tmp-495alx\",\n \"name\": \"azps-tmp-495alx\",\n \"type\": \"Microsoft.VirtualMachineImages/imageTemplates\"\n}",
      "isContentBase64": false
    }
  },
  "Get-AzImageBuilderTemplate+[NoContext]+GetViaIdentity+$GET+https://management.azure.com/subscriptions/9e223dbe-3399-4e19-88eb-0975f02ac87f/resourceGroups/azps-test-8vi0xa/providers/Microsoft.VirtualMachineImages/imageTemplates/azps-tmp-495alx?api-version=2022-07-01+2": {
    "Request": {
      "Method": "GET",
      "RequestUri": "https://management.azure.com/subscriptions/9e223dbe-3399-4e19-88eb-0975f02ac87f/resourceGroups/azps-test-8vi0xa/providers/Microsoft.VirtualMachineImages/imageTemplates/azps-tmp-495alx?api-version=2022-07-01",
      "Content": null,
      "isContentBase64": false,
      "Headers": {
        "x-ms-unique-id": [ "14" ],
        "x-ms-client-request-id": [ "7d47b269-d339-479e-b715-c7bffb113a1a" ],
        "CommandName": [ "Get-AzImageBuilderTemplate" ],
        "FullCommandName": [ "Get-AzImageBuilderTemplate_GetViaIdentity" ],
        "ParameterSetName": [ "__AllParameterSets" ],
        "User-Agent": [ "AzurePowershell/v0.0.0", "PSVersion/v7.3.6", "Az.ImageBuilder/0.1.0" ],
        "Authorization": [ "[Filtered]" ]
      },
      "ContentHeaders": {
      }
    },
    "Response": {
      "StatusCode": 200,
      "Headers": {
        "Cache-Control": [ "no-cache" ],
        "Pragma": [ "no-cache" ],
        "x-ms-routing-request-id": [ "JAPANEAST:20230829T070318Z:590d3c41-cad8-4310-9e89-eb5f37e28b65" ],
        "x-ms-ratelimit-remaining-subscription-reads": [ "11998" ],
        "x-ms-correlation-request-id": [ "590d3c41-cad8-4310-9e89-eb5f37e28b65" ],
        "x-ms-request-id": [ "fc694f47-8523-4503-82ad-9df28107161e" ],
        "Strict-Transport-Security": [ "max-age=31536000; includeSubDomains" ],
        "X-Content-Type-Options": [ "nosniff" ],
        "X-Cache": [ "CONFIG_NOCACHE" ],
        "X-MSEdge-Ref": [ "Ref A: 6A6FFC6189484A55906866E69697964B Ref B: TYO201100115037 Ref C: 2023-08-29T07:03:17Z" ],
        "Date": [ "Tue, 29 Aug 2023 07:03:17 GMT" ]
      },
      "ContentHeaders": {
        "Content-Length": [ "2072" ],
        "Content-Type": [ "application/json" ],
        "Expires": [ "-1" ]
      },
      "Content": "{\n \"properties\": {\n  \"source\": {\n   \"exactVersion\": \"18.04.202306070\",\n   \"offer\": \"UbuntuServer\",\n   \"publisher\": \"Canonical\",\n   \"sku\": \"18.04-LTS\",\n   \"type\": \"PlatformImage\",\n   \"version\": \"latest\"\n  },\n  \"customize\": [\n   {\n    \"name\": \"CheckSumCompareShellScript\",\n    \"scriptUri\": \"https://raw.githubusercontent.com/danielsollondon/azvmimagebuilder/master/quickquickstarts/customizeScript2.sh\",\n    \"sha256Checksum\": \"ade4c5214c3c675e92c66e2d067a870c5b81b9844b3de3cc72c49ff36425fc93\",\n    \"type\": \"Shell\"\n   }\n  ],\n  \"distribute\": [\n   {\n    \"artifactTags\": {\n     \"tag\": \"dis-share\"\n    },\n    \"excludeFromLatest\": false,\n    \"galleryImageId\": \"/subscriptions/9e223dbe-3399-4e19-88eb-0975f02ac87f/resourceGroups/azps-test-8vi0xa/providers/Microsoft.Compute/galleries/azpsgalleryfx9o0t/images/azpsvmimage1\",\n    \"replicationRegions\": [\n     \"eastus2\"\n    ],\n    \"runOutputName\": \"runoutput1\",\n    \"type\": \"SharedImage\",\n    \"versioning\": null\n   }\n  ],\n  \"provisioningState\": \"Succeeded\",\n  \"lastRunStatus\": {\n   \"startTime\": \"2023-08-29T07:02:39.157357071Z\",\n   \"endTime\": \"0001-01-01T00:00:00Z\",\n   \"runState\": \"Running\",\n   \"runSubState\": \"Building\",\n   \"message\": \"\"\n  },\n  \"buildTimeoutInMinutes\": 0,\n  \"stagingResourceGroup\": \"\",\n  \"exactStagingResourceGroup\": \"/subscriptions/9e223dbe-3399-4e19-88eb-0975f02ac87f/resourceGroups/IT_azps-test-8vi0xa_azps-tmp-495alx_a7f1b87f-3ac7-4303-a205-e9cddbf9fc77\"\n },\n \"identity\": {\n  \"type\": \"UserAssigned\",\n  \"userAssignedIdentities\": {\n   \"/subscriptions/9e223dbe-3399-4e19-88eb-0975f02ac87f/resourcegroups/azps-test-8vi0xa/providers/Microsoft.ManagedIdentity/userAssignedIdentities/azps-mi-wr80ck\": {\n    \"principalId\": \"df49987a-6c77-41e9-adb1-db1b891e5cd3\",\n    \"clientId\": \"71968084-1f2c-4c17-9196-98c7b3866682\"\n   }\n  }\n },\n \"tags\": {},\n \"location\": \"eastus\",\n \"id\": \"/subscriptions/9e223dbe-3399-4e19-88eb-0975f02ac87f/resourcegroups/azps-test-8vi0xa/providers/Microsoft.VirtualMachineImages/imageTemplates/azps-tmp-495alx\",\n \"name\": \"azps-tmp-495alx\",\n \"type\": \"Microsoft.VirtualMachineImages/imageTemplates\"\n}",
      "isContentBase64": false
    }
  }
}