{
  "New-AzImageBuilderTemplate+[NoContext]+ExpandedParameterSet+$PUT+https://management.azure.com/subscriptions/0b1f6471-1bf0-4dda-aec3-cb9272f09590/resourceGroups/bez-rg-jutb12/providers/Microsoft.VirtualMachineImages/imageTemplates/bez-tmp-yakdor?api-version=2022-02-14+1": {
    "Request": {
      "Method": "PUT",
      "RequestUri": "https://management.azure.com/subscriptions/0b1f6471-1bf0-4dda-aec3-cb9272f09590/resourceGroups/bez-rg-jutb12/providers/Microsoft.VirtualMachineImages/imageTemplates/bez-tmp-yakdor?api-version=2022-02-14",
      "Content": "{\r\n  \"location\": \"centraluseuap\",\r\n  \"properties\": {\r\n    \"source\": {\r\n      \"type\": \"PlatformImage\",\r\n      \"publisher\": \"Canonical\",\r\n      \"offer\": \"UbuntuServer\",\r\n      \"sku\": \"18.04-LTS\",\r\n      \"version\": \"latest\"\r\n    },\r\n    \"customize\": [\r\n      {\r\n        \"type\": \"Shell\",\r\n        \"name\": \"CheckSumCompareShellScript\",\r\n        \"scriptUri\": \"https://raw.githubusercontent.com/danielsollondon/azvmimagebuilder/master/quickquickstarts/customizeScript2.sh\",\r\n        \"sha256Checksum\": \"ade4c5214c3c675e92c66e2d067a870c5b81b9844b3de3cc72c49ff36425fc93\"\r\n      }\r\n    ],\r\n    \"distribute\": [\r\n      {\r\n        \"type\": \"SharedImage\",\r\n        \"runOutputName\": \"runoutput-01\",\r\n        \"artifactTags\": {\r\n          \"tag\": \"dis-share\"\r\n        },\r\n        \"galleryImageId\": \"/subscriptions/0b1f6471-1bf0-4dda-aec3-cb9272f09590/resourceGroups/bez-rg-jutb12/providers/Microsoft.Compute/galleries/testGalleryNamemx9y1g/images/test-image\",\r\n        \"replicationRegions\": [ \"eastus2\" ],\r\n        \"excludeFromLatest\": false\r\n      }\r\n    ]\r\n  },\r\n  \"identity\": {\r\n    \"type\": \"UserAssigned\",\r\n    \"userAssignedIdentities\": {\r\n      \"/subscriptions/0b1f6471-1bf0-4dda-aec3-cb9272f09590/resourcegroups/bez-rg-jutb12/providers/Microsoft.ManagedIdentity/userAssignedIdentities/bez-id-s3xvgt\": {\r\n      }\r\n    }\r\n  }\r\n}",
      "isContentBase64": false,
      "Headers": {
      },
      "ContentHeaders": {
        "Content-Type": [ "application/json" ],
        "Content-Length": [ "1312" ]
      }
    },
    "Response": {
      "StatusCode": 201,
      "Headers": {
        "Cache-Control": [ "no-cache" ],
        "Pragma": [ "no-cache" ],
        "x-ms-ratelimit-remaining-subscription-writes": [ "1198" ],
        "azure-asyncoperation": [ "https://management.azure.com/subscriptions/0b1f6471-1bf0-4dda-aec3-cb9272f09590/providers/Microsoft.VirtualMachineImages/locations/centraluseuap/operations/f3d6d575-4468-4647-b93c-6865fe2b2420?api-version=2022-02-14" ],
        "x-ms-correlation-request-id": [ "481a659f-75ec-46b6-bed6-38dd24c11dab" ],
        "x-ms-request-id": [ "f3d6d575-4468-4647-b93c-6865fe2b2420" ],
        "Strict-Transport-Security": [ "max-age=31536000; includeSubDomains" ],
        "Server": [ "nginx" ],
        "x-ms-routing-request-id": [ "SOUTHEASTASIA:20220818T094314Z:481a659f-75ec-46b6-bed6-38dd24c11dab" ],
        "X-Content-Type-Options": [ "nosniff" ],
        "Date": [ "Thu, 18 Aug 2022 09:43:14 GMT" ]
      },
      "ContentHeaders": {
        "Content-Length": [ "1593" ],
        "Content-Type": [ "application/json" ],
        "Expires": [ "-1" ]
      },
      "Content": "{\n \"properties\": {\n  \"source\": {\n   \"exactVersion\": \"latest\",\n   \"offer\": \"UbuntuServer\",\n   \"publisher\": \"Canonical\",\n   \"sku\": \"18.04-LTS\",\n   \"type\": \"PlatformImage\",\n   \"version\": \"latest\"\n  },\n  \"customize\": [\n   {\n    \"name\": \"CheckSumCompareShellScript\",\n    \"scriptUri\": \"https://raw.githubusercontent.com/danielsollondon/azvmimagebuilder/master/quickquickstarts/customizeScript2.sh\",\n    \"sha256Checksum\": \"ade4c5214c3c675e92c66e2d067a870c5b81b9844b3de3cc72c49ff36425fc93\",\n    \"type\": \"Shell\"\n   }\n  ],\n  \"distribute\": [\n   {\n    \"artifactTags\": {\n     \"tag\": \"dis-share\"\n    },\n    \"excludeFromLatest\": false,\n    \"galleryImageId\": \"/subscriptions/0b1f6471-1bf0-4dda-aec3-cb9272f09590/resourceGroups/bez-rg-jutb12/providers/Microsoft.Compute/galleries/testGalleryNamemx9y1g/images/test-image\",\n    \"replicationRegions\": [\n     \"eastus2\"\n    ],\n    \"runOutputName\": \"runoutput-01\",\n    \"type\": \"SharedImage\"\n   }\n  ],\n  \"provisioningState\": \"Creating\",\n  \"buildTimeoutInMinutes\": 0,\n  \"stagingResourceGroup\": \"\",\n  \"exactStagingResourceGroup\": \"\"\n },\n \"identity\": {\n  \"type\": \"UserAssigned\",\n  \"userAssignedIdentities\": {\n   \"/subscriptions/0b1f6471-1bf0-4dda-aec3-cb9272f09590/resourcegroups/bez-rg-jutb12/providers/Microsoft.ManagedIdentity/userAssignedIdentities/bez-id-s3xvgt\": {}\n  }\n },\n \"tags\": {},\n \"location\": \"centraluseuap\",\n \"id\": \"/subscriptions/0b1f6471-1bf0-4dda-aec3-cb9272f09590/resourcegroups/bez-rg-jutb12/providers/Microsoft.VirtualMachineImages/imageTemplates/bez-tmp-yakdor\",\n \"name\": \"bez-tmp-yakdor\",\n \"type\": \"Microsoft.VirtualMachineImages/imageTemplates\"\n}",
      "isContentBase64": false
    }
  },
  "New-AzImageBuilderTemplate+[NoContext]+ExpandedParameterSet+$GET+https://management.azure.com/subscriptions/0b1f6471-1bf0-4dda-aec3-cb9272f09590/providers/Microsoft.VirtualMachineImages/locations/centraluseuap/operations/f3d6d575-4468-4647-b93c-6865fe2b2420?api-version=2022-02-14+2": {
    "Request": {
      "Method": "GET",
      "RequestUri": "https://management.azure.com/subscriptions/0b1f6471-1bf0-4dda-aec3-cb9272f09590/providers/Microsoft.VirtualMachineImages/locations/centraluseuap/operations/f3d6d575-4468-4647-b93c-6865fe2b2420?api-version=2022-02-14",
      "Content": null,
      "isContentBase64": false,
      "Headers": {
        "Authorization": [ "[Filtered]" ],
        "x-ms-unique-id": [ "58" ],
        "x-ms-client-request-id": [ "f7a914ca-1dfd-4031-820b-c46eafa2058b" ],
        "CommandName": [ "Az.ImageBuilder.private\\New-AzImageBuilderTemplate_CreateExpanded" ],
        "FullCommandName": [ "New-AzImageBuilderTemplate_CreateExpanded" ],
        "ParameterSetName": [ "__AllParameterSets" ],
        "User-Agent": [ "AzurePowershell/v6.6.0", "PSVersion/v7.2.5", "Az.ImageBuilder/0.1.0" ]
      },
      "ContentHeaders": {
      }
    },
    "Response": {
      "StatusCode": 200,
      "Headers": {
        "Cache-Control": [ "no-cache" ],
        "Pragma": [ "no-cache" ],
        "x-ms-ratelimit-remaining-subscription-reads": [ "11944" ],
        "x-ms-correlation-request-id": [ "0e6285ca-9206-4cfa-a441-c79d7920f8d7" ],
        "x-ms-request-id": [ "0947184b-c345-4ab3-a9ee-fedba9e2c806" ],
        "Strict-Transport-Security": [ "max-age=31536000; includeSubDomains" ],
        "Server": [ "nginx" ],
        "x-ms-routing-request-id": [ "SOUTHEASTASIA:20220818T094344Z:0e6285ca-9206-4cfa-a441-c79d7920f8d7" ],
        "X-Content-Type-Options": [ "nosniff" ],
        "Date": [ "Thu, 18 Aug 2022 09:43:44 GMT" ]
      },
      "ContentHeaders": {
        "Content-Length": [ "122" ],
        "Content-Type": [ "application/json" ],
        "Expires": [ "-1" ]
      },
      "Content": "{\n \"name\": \"F3D6D575-4468-4647-B93C-6865FE2B2420\",\n \"status\": \"InProgress\",\n \"startTime\": \"2022-08-18T09:43:12.8971736Z\"\n}",
      "isContentBase64": false
    }
  },
  "New-AzImageBuilderTemplate+[NoContext]+ExpandedParameterSet+$GET+https://management.azure.com/subscriptions/0b1f6471-1bf0-4dda-aec3-cb9272f09590/providers/Microsoft.VirtualMachineImages/locations/centraluseuap/operations/f3d6d575-4468-4647-b93c-6865fe2b2420?api-version=2022-02-14+3": {
    "Request": {
      "Method": "GET",
      "RequestUri": "https://management.azure.com/subscriptions/0b1f6471-1bf0-4dda-aec3-cb9272f09590/providers/Microsoft.VirtualMachineImages/locations/centraluseuap/operations/f3d6d575-4468-4647-b93c-6865fe2b2420?api-version=2022-02-14",
      "Content": null,
      "isContentBase64": false,
      "Headers": {
        "Authorization": [ "[Filtered]" ],
        "x-ms-unique-id": [ "59" ],
        "x-ms-client-request-id": [ "f7a914ca-1dfd-4031-820b-c46eafa2058b" ],
        "CommandName": [ "Az.ImageBuilder.private\\New-AzImageBuilderTemplate_CreateExpanded" ],
        "FullCommandName": [ "New-AzImageBuilderTemplate_CreateExpanded" ],
        "ParameterSetName": [ "__AllParameterSets" ],
        "User-Agent": [ "AzurePowershell/v6.6.0", "PSVersion/v7.2.5", "Az.ImageBuilder/0.1.0" ]
      },
      "ContentHeaders": {
      }
    },
    "Response": {
      "StatusCode": 200,
      "Headers": {
        "Cache-Control": [ "no-cache" ],
        "Pragma": [ "no-cache" ],
        "x-ms-ratelimit-remaining-subscription-reads": [ "11943" ],
        "x-ms-correlation-request-id": [ "419de77f-ef2e-4cd5-b435-435eeaee7c10" ],
        "x-ms-request-id": [ "8278efdb-52ec-48d2-8d10-5591e71e169d" ],
        "Strict-Transport-Security": [ "max-age=31536000; includeSubDomains" ],
        "Server": [ "nginx" ],
        "x-ms-routing-request-id": [ "SOUTHEASTASIA:20220818T094415Z:419de77f-ef2e-4cd5-b435-435eeaee7c10" ],
        "X-Content-Type-Options": [ "nosniff" ],
        "Date": [ "Thu, 18 Aug 2022 09:44:14 GMT" ]
      },
      "ContentHeaders": {
        "Content-Length": [ "122" ],
        "Content-Type": [ "application/json" ],
        "Expires": [ "-1" ]
      },
      "Content": "{\n \"name\": \"F3D6D575-4468-4647-B93C-6865FE2B2420\",\n \"status\": \"InProgress\",\n \"startTime\": \"2022-08-18T09:43:12.8971736Z\"\n}",
      "isContentBase64": false
    }
  },
  "New-AzImageBuilderTemplate+[NoContext]+ExpandedParameterSet+$GET+https://management.azure.com/subscriptions/0b1f6471-1bf0-4dda-aec3-cb9272f09590/providers/Microsoft.VirtualMachineImages/locations/centraluseuap/operations/f3d6d575-4468-4647-b93c-6865fe2b2420?api-version=2022-02-14+4": {
    "Request": {
      "Method": "GET",
      "RequestUri": "https://management.azure.com/subscriptions/0b1f6471-1bf0-4dda-aec3-cb9272f09590/providers/Microsoft.VirtualMachineImages/locations/centraluseuap/operations/f3d6d575-4468-4647-b93c-6865fe2b2420?api-version=2022-02-14",
      "Content": null,
      "isContentBase64": false,
      "Headers": {
        "Authorization": [ "[Filtered]" ],
        "x-ms-unique-id": [ "60" ],
        "x-ms-client-request-id": [ "f7a914ca-1dfd-4031-820b-c46eafa2058b" ],
        "CommandName": [ "Az.ImageBuilder.private\\New-AzImageBuilderTemplate_CreateExpanded" ],
        "FullCommandName": [ "New-AzImageBuilderTemplate_CreateExpanded" ],
        "ParameterSetName": [ "__AllParameterSets" ],
        "User-Agent": [ "AzurePowershell/v6.6.0", "PSVersion/v7.2.5", "Az.ImageBuilder/0.1.0" ]
      },
      "ContentHeaders": {
      }
    },
    "Response": {
      "StatusCode": 200,
      "Headers": {
        "Cache-Control": [ "no-cache" ],
        "Pragma": [ "no-cache" ],
        "x-ms-ratelimit-remaining-subscription-reads": [ "11942" ],
        "x-ms-correlation-request-id": [ "9c1e6c59-562f-4641-ab55-39e59ff2b7a8" ],
        "x-ms-request-id": [ "703e3ec1-ebaa-4c71-8b67-164c03094b1d" ],
        "Strict-Transport-Security": [ "max-age=31536000; includeSubDomains" ],
        "Server": [ "nginx" ],
        "x-ms-routing-request-id": [ "SOUTHEASTASIA:20220818T094445Z:9c1e6c59-562f-4641-ab55-39e59ff2b7a8" ],
        "X-Content-Type-Options": [ "nosniff" ],
        "Date": [ "Thu, 18 Aug 2022 09:44:44 GMT" ]
      },
      "ContentHeaders": {
        "Content-Length": [ "165" ],
        "Content-Type": [ "application/json" ],
        "Expires": [ "-1" ]
      },
      "Content": "{\n \"name\": \"F3D6D575-4468-4647-B93C-6865FE2B2420\",\n \"status\": \"Succeeded\",\n \"startTime\": \"2022-08-18T09:43:12.8971736Z\",\n \"endTime\": \"2022-08-18T09:44:23.7987776Z\"\n}",
      "isContentBase64": false
    }
  },
  "New-AzImageBuilderTemplate+[NoContext]+ExpandedParameterSet+$GET+https://management.azure.com/subscriptions/0b1f6471-1bf0-4dda-aec3-cb9272f09590/resourceGroups/bez-rg-jutb12/providers/Microsoft.VirtualMachineImages/imageTemplates/bez-tmp-yakdor?api-version=2022-02-14+5": {
    "Request": {
      "Method": "GET",
      "RequestUri": "https://management.azure.com/subscriptions/0b1f6471-1bf0-4dda-aec3-cb9272f09590/resourceGroups/bez-rg-jutb12/providers/Microsoft.VirtualMachineImages/imageTemplates/bez-tmp-yakdor?api-version=2022-02-14",
      "Content": null,
      "isContentBase64": false,
      "Headers": {
        "Authorization": [ "[Filtered]" ],
        "x-ms-unique-id": [ "61" ],
        "x-ms-client-request-id": [ "f7a914ca-1dfd-4031-820b-c46eafa2058b" ],
        "CommandName": [ "Az.ImageBuilder.private\\New-AzImageBuilderTemplate_CreateExpanded" ],
        "FullCommandName": [ "New-AzImageBuilderTemplate_CreateExpanded" ],
        "ParameterSetName": [ "__AllParameterSets" ],
        "User-Agent": [ "AzurePowershell/v6.6.0", "PSVersion/v7.2.5", "Az.ImageBuilder/0.1.0" ]
      },
      "ContentHeaders": {
      }
    },
    "Response": {
      "StatusCode": 200,
      "Headers": {
        "Cache-Control": [ "no-cache" ],
        "Pragma": [ "no-cache" ],
        "x-ms-ratelimit-remaining-subscription-reads": [ "11941" ],
        "x-ms-correlation-request-id": [ "e09dbef9-2bd1-41e2-83ed-d0b01b2e9737" ],
        "x-ms-request-id": [ "88b080b2-b307-43fd-9471-e9f87383df52" ],
        "Strict-Transport-Security": [ "max-age=31536000; includeSubDomains" ],
        "Server": [ "nginx" ],
        "x-ms-routing-request-id": [ "SOUTHEASTASIA:20220818T094446Z:e09dbef9-2bd1-41e2-83ed-d0b01b2e9737" ],
        "X-Content-Type-Options": [ "nosniff" ],
        "Date": [ "Thu, 18 Aug 2022 09:44:45 GMT" ]
      },
      "ContentHeaders": {
        "Content-Length": [ "1856" ],
        "Content-Type": [ "application/json" ],
        "Expires": [ "-1" ]
      },
      "Content": "{\n \"properties\": {\n  \"source\": {\n   \"exactVersion\": \"18.04.202208100\",\n   \"offer\": \"UbuntuServer\",\n   \"publisher\": \"Canonical\",\n   \"sku\": \"18.04-LTS\",\n   \"type\": \"PlatformImage\",\n   \"version\": \"latest\"\n  },\n  \"customize\": [\n   {\n    \"name\": \"CheckSumCompareShellScript\",\n    \"scriptUri\": \"https://raw.githubusercontent.com/danielsollondon/azvmimagebuilder/master/quickquickstarts/customizeScript2.sh\",\n    \"sha256Checksum\": \"ade4c5214c3c675e92c66e2d067a870c5b81b9844b3de3cc72c49ff36425fc93\",\n    \"type\": \"Shell\"\n   }\n  ],\n  \"distribute\": [\n   {\n    \"artifactTags\": {\n     \"tag\": \"dis-share\"\n    },\n    \"excludeFromLatest\": false,\n    \"galleryImageId\": \"/subscriptions/0b1f6471-1bf0-4dda-aec3-cb9272f09590/resourceGroups/bez-rg-jutb12/providers/Microsoft.Compute/galleries/testGalleryNamemx9y1g/images/test-image\",\n    \"replicationRegions\": [\n     \"eastus2\"\n    ],\n    \"runOutputName\": \"runoutput-01\",\n    \"type\": \"SharedImage\"\n   }\n  ],\n  \"provisioningState\": \"Succeeded\",\n  \"buildTimeoutInMinutes\": 0,\n  \"stagingResourceGroup\": \"\",\n  \"exactStagingResourceGroup\": \"/subscriptions/0b1f6471-1bf0-4dda-aec3-cb9272f09590/resourceGroups/IT_bez-rg-jutb12_bez-tmp-yakdor_3d7fdfc0-ada1-40ce-9934-96a2de3a5bbb\"\n },\n \"identity\": {\n  \"type\": \"UserAssigned\",\n  \"userAssignedIdentities\": {\n   \"/subscriptions/0b1f6471-1bf0-4dda-aec3-cb9272f09590/resourcegroups/bez-rg-jutb12/providers/Microsoft.ManagedIdentity/userAssignedIdentities/bez-id-s3xvgt\": {\n    \"principalId\": \"cb4f86b4-e8d1-4244-a595-ce8c610ef329\",\n    \"clientId\": \"e4303233-1d3c-435e-90f3-12b5de1d7dcf\"\n   }\n  }\n },\n \"tags\": {},\n \"location\": \"centraluseuap\",\n \"id\": \"/subscriptions/0b1f6471-1bf0-4dda-aec3-cb9272f09590/resourcegroups/bez-rg-jutb12/providers/Microsoft.VirtualMachineImages/imageTemplates/bez-tmp-yakdor\",\n \"name\": \"bez-tmp-yakdor\",\n \"type\": \"Microsoft.VirtualMachineImages/imageTemplates\"\n}",
      "isContentBase64": false
    }
  },
  "New-AzImageBuilderTemplate+[NoContext]+ExpandedParameterSet+$GET+https://management.azure.com/subscriptions/0b1f6471-1bf0-4dda-aec3-cb9272f09590/resourceGroups/bez-rg-jutb12/providers/Microsoft.VirtualMachineImages/imageTemplates/bez-tmp-yakdor?api-version=2022-02-14+6": {
    "Request": {
      "Method": "GET",
      "RequestUri": "https://management.azure.com/subscriptions/0b1f6471-1bf0-4dda-aec3-cb9272f09590/resourceGroups/bez-rg-jutb12/providers/Microsoft.VirtualMachineImages/imageTemplates/bez-tmp-yakdor?api-version=2022-02-14",
      "Content": null,
      "isContentBase64": false,
      "Headers": {
        "x-ms-unique-id": [ "62" ],
        "x-ms-client-request-id": [ "10a590ae-907a-4970-ad15-a548b312bc0b" ],
        "CommandName": [ "Get-AzImageBuilderTemplate" ],
        "FullCommandName": [ "Get-AzImageBuilderTemplate_Get" ],
        "ParameterSetName": [ "__AllParameterSets" ],
        "User-Agent": [ "AzurePowershell/v6.6.0", "PSVersion/v7.2.5", "Az.ImageBuilder/0.1.0" ],
        "Authorization": [ "[Filtered]" ]
      },
      "ContentHeaders": {
      }
    },
    "Response": {
      "StatusCode": 200,
      "Headers": {
        "Cache-Control": [ "no-cache" ],
        "Pragma": [ "no-cache" ],
        "x-ms-ratelimit-remaining-subscription-reads": [ "11940" ],
        "x-ms-correlation-request-id": [ "61134f95-0a5d-43d2-8ff6-6f5530336be3" ],
        "x-ms-request-id": [ "adefd719-6e93-4b6f-beff-7de6af8f332c" ],
        "Strict-Transport-Security": [ "max-age=31536000; includeSubDomains" ],
        "Server": [ "nginx" ],
        "x-ms-routing-request-id": [ "SOUTHEASTASIA:20220818T094446Z:61134f95-0a5d-43d2-8ff6-6f5530336be3" ],
        "X-Content-Type-Options": [ "nosniff" ],
        "Date": [ "Thu, 18 Aug 2022 09:44:45 GMT" ]
      },
      "ContentHeaders": {
        "Content-Length": [ "1856" ],
        "Content-Type": [ "application/json" ],
        "Expires": [ "-1" ]
      },
      "Content": "{\n \"properties\": {\n  \"source\": {\n   \"exactVersion\": \"18.04.202208100\",\n   \"offer\": \"UbuntuServer\",\n   \"publisher\": \"Canonical\",\n   \"sku\": \"18.04-LTS\",\n   \"type\": \"PlatformImage\",\n   \"version\": \"latest\"\n  },\n  \"customize\": [\n   {\n    \"name\": \"CheckSumCompareShellScript\",\n    \"scriptUri\": \"https://raw.githubusercontent.com/danielsollondon/azvmimagebuilder/master/quickquickstarts/customizeScript2.sh\",\n    \"sha256Checksum\": \"ade4c5214c3c675e92c66e2d067a870c5b81b9844b3de3cc72c49ff36425fc93\",\n    \"type\": \"Shell\"\n   }\n  ],\n  \"distribute\": [\n   {\n    \"artifactTags\": {\n     \"tag\": \"dis-share\"\n    },\n    \"excludeFromLatest\": false,\n    \"galleryImageId\": \"/subscriptions/0b1f6471-1bf0-4dda-aec3-cb9272f09590/resourceGroups/bez-rg-jutb12/providers/Microsoft.Compute/galleries/testGalleryNamemx9y1g/images/test-image\",\n    \"replicationRegions\": [\n     \"eastus2\"\n    ],\n    \"runOutputName\": \"runoutput-01\",\n    \"type\": \"SharedImage\"\n   }\n  ],\n  \"provisioningState\": \"Succeeded\",\n  \"buildTimeoutInMinutes\": 0,\n  \"stagingResourceGroup\": \"\",\n  \"exactStagingResourceGroup\": \"/subscriptions/0b1f6471-1bf0-4dda-aec3-cb9272f09590/resourceGroups/IT_bez-rg-jutb12_bez-tmp-yakdor_3d7fdfc0-ada1-40ce-9934-96a2de3a5bbb\"\n },\n \"identity\": {\n  \"type\": \"UserAssigned\",\n  \"userAssignedIdentities\": {\n   \"/subscriptions/0b1f6471-1bf0-4dda-aec3-cb9272f09590/resourcegroups/bez-rg-jutb12/providers/Microsoft.ManagedIdentity/userAssignedIdentities/bez-id-s3xvgt\": {\n    \"principalId\": \"cb4f86b4-e8d1-4244-a595-ce8c610ef329\",\n    \"clientId\": \"e4303233-1d3c-435e-90f3-12b5de1d7dcf\"\n   }\n  }\n },\n \"tags\": {},\n \"location\": \"centraluseuap\",\n \"id\": \"/subscriptions/0b1f6471-1bf0-4dda-aec3-cb9272f09590/resourcegroups/bez-rg-jutb12/providers/Microsoft.VirtualMachineImages/imageTemplates/bez-tmp-yakdor\",\n \"name\": \"bez-tmp-yakdor\",\n \"type\": \"Microsoft.VirtualMachineImages/imageTemplates\"\n}",
      "isContentBase64": false
    }
  },
  "New-AzImageBuilderTemplate+[NoContext]+FromJsonFile+$PUT+https://management.azure.com/subscriptions/0b1f6471-1bf0-4dda-aec3-cb9272f09590/resourceGroups/bez-rg-jutb12/providers/Microsoft.VirtualMachineImages/imageTemplates/bez-tmp-3a45d8?api-version=2022-02-14+1": {
    "Request": {
      "Method": "PUT",
      "RequestUri": "https://management.azure.com/subscriptions/0b1f6471-1bf0-4dda-aec3-cb9272f09590/resourceGroups/bez-rg-jutb12/providers/Microsoft.VirtualMachineImages/imageTemplates/bez-tmp-3a45d8?api-version=2022-02-14",
      "Content": "ew0KICAgICJsb2NhdGlvbiI6ICJlYXN0dXMiLA0KICAgICJwcm9wZXJ0aWVzIjogew0KICAgICAgInNvdXJjZSI6IHsNCiAgICAgICAgInR5cGUiOiAiUGxhdGZvcm1JbWFnZSIsDQogICAgICAgICJwdWJsaXNoZXIiOiAiQ2Fub25pY2FsIiwNCiAgICAgICAgIm9mZmVyIjogIlVidW50dVNlcnZlciIsDQogICAgICAgICJza3UiOiAiMTguMDQtTFRTIiwNCiAgICAgICAgInZlcnNpb24iOiAibGF0ZXN0Ig0KICAgICAgfSwNCiAgICAgICJjdXN0b21pemUiOiBbDQogICAgICAgIHsNCiAgICAgICAgICAidHlwZSI6ICJTaGVsbCIsDQogICAgICAgICAgIm5hbWUiOiAiQ2hlY2tTdW1Db21wYXJlU2hlbGxTY3JpcHQiLA0KICAgICAgICAgICJzY3JpcHRVcmkiOiAiaHR0cHM6Ly9yYXcuZ2l0aHVidXNlcmNvbnRlbnQuY29tL2RhbmllbHNvbGxvbmRvbi9henZtaW1hZ2VidWlsZGVyL21hc3Rlci9xdWlja3F1aWNrc3RhcnRzL2N1c3RvbWl6ZVNjcmlwdDIuc2giLA0KICAgICAgICAgICJzaGEyNTZDaGVja3N1bSI6ICJhZGU0YzUyMTRjM2M2NzVlOTJjNjZlMmQwNjdhODcwYzViODFiOTg0NGIzZGUzY2M3MmM0OWZmMzY0MjVmYzkzIg0KICAgICAgICB9DQogICAgICBdLA0KICAgICAgImRpc3RyaWJ1dGUiOiBbDQogICAgICAgIHsNCiAgICAgICAgICAidHlwZSI6ICJTaGFyZWRJbWFnZSIsDQogICAgICAgICAgInJ1bk91dHB1dE5hbWUiOiAicnVuT3V0cHV0MSIsDQogICAgICAgICAgImFydGlmYWN0VGFncyI6IHsNCiAgICAgICAgICAgICJ0YWciOiAiZGlzLXNoYXJlIg0KICAgICAgICAgIH0sDQogICAgICAgICAgImdhbGxlcnlJbWFnZUlkIjogIi9zdWJzY3JpcHRpb25zLzBiMWY2NDcxLTFiZjAtNGRkYS1hZWMzLWNiOTI3MmYwOTU5MC9yZXNvdXJjZUdyb3Vwcy9iZXotcmctanV0YjEyL3Byb3ZpZGVycy9NaWNyb3NvZnQuQ29tcHV0ZS9nYWxsZXJpZXMvdGVzdEdhbGxlcnlOYW1lbXg5eTFnL2ltYWdlcy90ZXN0LWltYWdlIiwNCiAgICAgICAgICAicmVwbGljYXRpb25SZWdpb25zIjogWw0KICAgICAgICAgICAgImVhc3R1czIiDQogICAgICAgICAgXSwNCiAgICAgICAgICAiZXhjbHVkZUZyb21MYXRlc3QiOiBmYWxzZQ0KICAgICAgICB9DQogICAgICBdDQogICAgfSwNCiAgICAiaWRlbnRpdHkiOiB7DQogICAgICAidHlwZSI6ICJVc2VyQXNzaWduZWQiLA0KICAgICAgInVzZXJBc3NpZ25lZElkZW50aXRpZXMiOiB7DQogICAgICAgICIvc3Vic2NyaXB0aW9ucy8wYjFmNjQ3MS0xYmYwLTRkZGEtYWVjMy1jYjkyNzJmMDk1OTAvcmVzb3VyY2Vncm91cHMvYmV6LXJnLWp1dGIxMi9wcm92aWRlcnMvTWljcm9zb2Z0Lk1hbmFnZWRJZGVudGl0eS91c2VyQXNzaWduZWRJZGVudGl0aWVzL2Jlei1pZC1zM3h2Z3QiOiB7fQ0KICAgICAgfQ0KICAgIH0NCiAgfQ0KICANCg0KDQoNCg0K",
      "isContentBase64": false,
      "Headers": {
      },
      "ContentHeaders": {
        "Content-Type": [ "application/json" ],
        "Content-Length": [ "1407" ]
      }
    },
    "Response": {
      "StatusCode": 201,
      "Headers": {
        "Cache-Control": [ "no-cache" ],
        "Pragma": [ "no-cache" ],
        "x-ms-ratelimit-remaining-subscription-writes": [ "1197" ],
        "azure-asyncoperation": [ "https://management.azure.com/subscriptions/0b1f6471-1bf0-4dda-aec3-cb9272f09590/providers/Microsoft.VirtualMachineImages/locations/eastus/operations/aa42df65-2929-425b-b4b2-a1b154772307?api-version=2022-02-14" ],
        "x-ms-correlation-request-id": [ "acc050b6-cfe4-4527-b4b9-0c5b8a4b52e3" ],
        "x-ms-request-id": [ "aa42df65-2929-425b-b4b2-a1b154772307" ],
        "Strict-Transport-Security": [ "max-age=31536000; includeSubDomains" ],
        "Server": [ "nginx" ],
        "x-ms-routing-request-id": [ "SOUTHEASTASIA:20220818T094453Z:acc050b6-cfe4-4527-b4b9-0c5b8a4b52e3" ],
        "X-Content-Type-Options": [ "nosniff" ],
        "Date": [ "Thu, 18 Aug 2022 09:44:53 GMT" ]
      },
      "ContentHeaders": {
        "Content-Length": [ "1584" ],
        "Content-Type": [ "application/json" ],
        "Expires": [ "-1" ]
      },
      "Content": "{\n \"properties\": {\n  \"source\": {\n   \"exactVersion\": \"latest\",\n   \"offer\": \"UbuntuServer\",\n   \"publisher\": \"Canonical\",\n   \"sku\": \"18.04-LTS\",\n   \"type\": \"PlatformImage\",\n   \"version\": \"latest\"\n  },\n  \"customize\": [\n   {\n    \"name\": \"CheckSumCompareShellScript\",\n    \"scriptUri\": \"https://raw.githubusercontent.com/danielsollondon/azvmimagebuilder/master/quickquickstarts/customizeScript2.sh\",\n    \"sha256Checksum\": \"ade4c5214c3c675e92c66e2d067a870c5b81b9844b3de3cc72c49ff36425fc93\",\n    \"type\": \"Shell\"\n   }\n  ],\n  \"distribute\": [\n   {\n    \"artifactTags\": {\n     \"tag\": \"dis-share\"\n    },\n    \"excludeFromLatest\": false,\n    \"galleryImageId\": \"/subscriptions/0b1f6471-1bf0-4dda-aec3-cb9272f09590/resourceGroups/bez-rg-jutb12/providers/Microsoft.Compute/galleries/testGalleryNamemx9y1g/images/test-image\",\n    \"replicationRegions\": [\n     \"eastus2\"\n    ],\n    \"runOutputName\": \"runOutput1\",\n    \"type\": \"SharedImage\"\n   }\n  ],\n  \"provisioningState\": \"Creating\",\n  \"buildTimeoutInMinutes\": 0,\n  \"stagingResourceGroup\": \"\",\n  \"exactStagingResourceGroup\": \"\"\n },\n \"identity\": {\n  \"type\": \"UserAssigned\",\n  \"userAssignedIdentities\": {\n   \"/subscriptions/0b1f6471-1bf0-4dda-aec3-cb9272f09590/resourcegroups/bez-rg-jutb12/providers/Microsoft.ManagedIdentity/userAssignedIdentities/bez-id-s3xvgt\": {}\n  }\n },\n \"tags\": {},\n \"location\": \"eastus\",\n \"id\": \"/subscriptions/0b1f6471-1bf0-4dda-aec3-cb9272f09590/resourcegroups/bez-rg-jutb12/providers/Microsoft.VirtualMachineImages/imageTemplates/bez-tmp-3a45d8\",\n \"name\": \"bez-tmp-3a45d8\",\n \"type\": \"Microsoft.VirtualMachineImages/imageTemplates\"\n}",
      "isContentBase64": false
    }
  },
  "New-AzImageBuilderTemplate+[NoContext]+FromJsonFile+$GET+https://management.azure.com/subscriptions/0b1f6471-1bf0-4dda-aec3-cb9272f09590/providers/Microsoft.VirtualMachineImages/locations/eastus/operations/aa42df65-2929-425b-b4b2-a1b154772307?api-version=2022-02-14+2": {
    "Request": {
      "Method": "GET",
      "RequestUri": "https://management.azure.com/subscriptions/0b1f6471-1bf0-4dda-aec3-cb9272f09590/providers/Microsoft.VirtualMachineImages/locations/eastus/operations/aa42df65-2929-425b-b4b2-a1b154772307?api-version=2022-02-14",
      "Content": null,
      "isContentBase64": false,
      "Headers": {
        "Authorization": [ "[Filtered]" ],
        "x-ms-unique-id": [ "64" ],
        "x-ms-client-request-id": [ "0aa49282-c1ec-4b0c-bcbd-eb653b3b9169" ],
        "CommandName": [ "Az.ImageBuilder.private\\New-AzImageBuilderTemplate_CreateViaJsonString" ],
        "FullCommandName": [ "New-AzImageBuilderTemplate_CreateViaJsonString" ],
        "ParameterSetName": [ "__AllParameterSets" ],
        "User-Agent": [ "AzurePowershell/v6.6.0", "PSVersion/v7.2.5", "Az.ImageBuilder/0.1.0" ]
      },
      "ContentHeaders": {
      }
    },
    "Response": {
      "StatusCode": 200,
      "Headers": {
        "Cache-Control": [ "no-cache" ],
        "Pragma": [ "no-cache" ],
        "x-ms-ratelimit-remaining-subscription-reads": [ "11939" ],
        "x-ms-correlation-request-id": [ "8501352c-6803-422d-998e-88f6b6d62a0a" ],
        "x-ms-request-id": [ "1381894d-7c9a-437f-af1e-67df3996b124" ],
        "Strict-Transport-Security": [ "max-age=31536000; includeSubDomains" ],
        "Server": [ "nginx" ],
        "x-ms-routing-request-id": [ "SOUTHEASTASIA:20220818T094524Z:8501352c-6803-422d-998e-88f6b6d62a0a" ],
        "X-Content-Type-Options": [ "nosniff" ],
        "Date": [ "Thu, 18 Aug 2022 09:45:23 GMT" ]
      },
      "ContentHeaders": {
        "Content-Length": [ "165" ],
        "Content-Type": [ "application/json" ],
        "Expires": [ "-1" ]
      },
      "Content": "{\n \"name\": \"AA42DF65-2929-425B-B4B2-A1B154772307\",\n \"status\": \"Succeeded\",\n \"startTime\": \"2022-08-18T09:44:52.4812729Z\",\n \"endTime\": \"2022-08-18T09:45:21.7708966Z\"\n}",
      "isContentBase64": false
    }
  },
  "New-AzImageBuilderTemplate+[NoContext]+FromJsonFile+$GET+https://management.azure.com/subscriptions/0b1f6471-1bf0-4dda-aec3-cb9272f09590/resourceGroups/bez-rg-jutb12/providers/Microsoft.VirtualMachineImages/imageTemplates/bez-tmp-3a45d8?api-version=2022-02-14+3": {
    "Request": {
      "Method": "GET",
      "RequestUri": "https://management.azure.com/subscriptions/0b1f6471-1bf0-4dda-aec3-cb9272f09590/resourceGroups/bez-rg-jutb12/providers/Microsoft.VirtualMachineImages/imageTemplates/bez-tmp-3a45d8?api-version=2022-02-14",
      "Content": null,
      "isContentBase64": false,
      "Headers": {
        "Authorization": [ "[Filtered]" ],
        "x-ms-unique-id": [ "65" ],
        "x-ms-client-request-id": [ "0aa49282-c1ec-4b0c-bcbd-eb653b3b9169" ],
        "CommandName": [ "Az.ImageBuilder.private\\New-AzImageBuilderTemplate_CreateViaJsonString" ],
        "FullCommandName": [ "New-AzImageBuilderTemplate_CreateViaJsonString" ],
        "ParameterSetName": [ "__AllParameterSets" ],
        "User-Agent": [ "AzurePowershell/v6.6.0", "PSVersion/v7.2.5", "Az.ImageBuilder/0.1.0" ]
      },
      "ContentHeaders": {
      }
    },
    "Response": {
      "StatusCode": 200,
      "Headers": {
        "Cache-Control": [ "no-cache" ],
        "Pragma": [ "no-cache" ],
        "x-ms-ratelimit-remaining-subscription-reads": [ "11938" ],
        "x-ms-correlation-request-id": [ "98c621af-24e3-440c-876d-19089be36ec9" ],
        "x-ms-request-id": [ "98e319d4-de47-436a-a949-295184392b97" ],
        "Strict-Transport-Security": [ "max-age=31536000; includeSubDomains" ],
        "Server": [ "nginx" ],
        "x-ms-routing-request-id": [ "SOUTHEASTASIA:20220818T094524Z:98c621af-24e3-440c-876d-19089be36ec9" ],
        "X-Content-Type-Options": [ "nosniff" ],
        "Date": [ "Thu, 18 Aug 2022 09:45:23 GMT" ]
      },
      "ContentHeaders": {
        "Content-Length": [ "1847" ],
        "Content-Type": [ "application/json" ],
        "Expires": [ "-1" ]
      },
      "Content": "{\n \"properties\": {\n  \"source\": {\n   \"exactVersion\": \"18.04.202208100\",\n   \"offer\": \"UbuntuServer\",\n   \"publisher\": \"Canonical\",\n   \"sku\": \"18.04-LTS\",\n   \"type\": \"PlatformImage\",\n   \"version\": \"latest\"\n  },\n  \"customize\": [\n   {\n    \"name\": \"CheckSumCompareShellScript\",\n    \"scriptUri\": \"https://raw.githubusercontent.com/danielsollondon/azvmimagebuilder/master/quickquickstarts/customizeScript2.sh\",\n    \"sha256Checksum\": \"ade4c5214c3c675e92c66e2d067a870c5b81b9844b3de3cc72c49ff36425fc93\",\n    \"type\": \"Shell\"\n   }\n  ],\n  \"distribute\": [\n   {\n    \"artifactTags\": {\n     \"tag\": \"dis-share\"\n    },\n    \"excludeFromLatest\": false,\n    \"galleryImageId\": \"/subscriptions/0b1f6471-1bf0-4dda-aec3-cb9272f09590/resourceGroups/bez-rg-jutb12/providers/Microsoft.Compute/galleries/testGalleryNamemx9y1g/images/test-image\",\n    \"replicationRegions\": [\n     \"eastus2\"\n    ],\n    \"runOutputName\": \"runOutput1\",\n    \"type\": \"SharedImage\"\n   }\n  ],\n  \"provisioningState\": \"Succeeded\",\n  \"buildTimeoutInMinutes\": 0,\n  \"stagingResourceGroup\": \"\",\n  \"exactStagingResourceGroup\": \"/subscriptions/0b1f6471-1bf0-4dda-aec3-cb9272f09590/resourceGroups/IT_bez-rg-jutb12_bez-tmp-3a45d8_cf65a872-3afa-4327-9450-67b996cab95b\"\n },\n \"identity\": {\n  \"type\": \"UserAssigned\",\n  \"userAssignedIdentities\": {\n   \"/subscriptions/0b1f6471-1bf0-4dda-aec3-cb9272f09590/resourcegroups/bez-rg-jutb12/providers/Microsoft.ManagedIdentity/userAssignedIdentities/bez-id-s3xvgt\": {\n    \"principalId\": \"cb4f86b4-e8d1-4244-a595-ce8c610ef329\",\n    \"clientId\": \"e4303233-1d3c-435e-90f3-12b5de1d7dcf\"\n   }\n  }\n },\n \"tags\": {},\n \"location\": \"eastus\",\n \"id\": \"/subscriptions/0b1f6471-1bf0-4dda-aec3-cb9272f09590/resourcegroups/bez-rg-jutb12/providers/Microsoft.VirtualMachineImages/imageTemplates/bez-tmp-3a45d8\",\n \"name\": \"bez-tmp-3a45d8\",\n \"type\": \"Microsoft.VirtualMachineImages/imageTemplates\"\n}",
      "isContentBase64": false
    }
  },
  "New-AzImageBuilderTemplate+[NoContext]+FromJsonFile+$GET+https://management.azure.com/subscriptions/0b1f6471-1bf0-4dda-aec3-cb9272f09590/resourceGroups/bez-rg-jutb12/providers/Microsoft.VirtualMachineImages/imageTemplates/bez-tmp-3a45d8?api-version=2022-02-14+4": {
    "Request": {
      "Method": "GET",
      "RequestUri": "https://management.azure.com/subscriptions/0b1f6471-1bf0-4dda-aec3-cb9272f09590/resourceGroups/bez-rg-jutb12/providers/Microsoft.VirtualMachineImages/imageTemplates/bez-tmp-3a45d8?api-version=2022-02-14",
      "Content": null,
      "isContentBase64": false,
      "Headers": {
        "x-ms-unique-id": [ "66" ],
        "x-ms-client-request-id": [ "18b3a46e-ea9a-472e-8063-6373e425ddca" ],
        "CommandName": [ "Get-AzImageBuilderTemplate" ],
        "FullCommandName": [ "Get-AzImageBuilderTemplate_Get" ],
        "ParameterSetName": [ "__AllParameterSets" ],
        "User-Agent": [ "AzurePowershell/v6.6.0", "PSVersion/v7.2.5", "Az.ImageBuilder/0.1.0" ],
        "Authorization": [ "[Filtered]" ]
      },
      "ContentHeaders": {
      }
    },
    "Response": {
      "StatusCode": 200,
      "Headers": {
        "Cache-Control": [ "no-cache" ],
        "Pragma": [ "no-cache" ],
        "x-ms-ratelimit-remaining-subscription-reads": [ "11937" ],
        "x-ms-correlation-request-id": [ "ce034d8f-dc4b-47f9-8616-94b08c7a2ec9" ],
        "x-ms-request-id": [ "7140d5a1-82eb-4b60-b3ff-5d1ec13542fc" ],
        "Strict-Transport-Security": [ "max-age=31536000; includeSubDomains" ],
        "Server": [ "nginx" ],
        "x-ms-routing-request-id": [ "SOUTHEASTASIA:20220818T094525Z:ce034d8f-dc4b-47f9-8616-94b08c7a2ec9" ],
        "X-Content-Type-Options": [ "nosniff" ],
        "Date": [ "Thu, 18 Aug 2022 09:45:24 GMT" ]
      },
      "ContentHeaders": {
        "Content-Length": [ "1847" ],
        "Content-Type": [ "application/json" ],
        "Expires": [ "-1" ]
      },
      "Content": "{\n \"properties\": {\n  \"source\": {\n   \"exactVersion\": \"18.04.202208100\",\n   \"offer\": \"UbuntuServer\",\n   \"publisher\": \"Canonical\",\n   \"sku\": \"18.04-LTS\",\n   \"type\": \"PlatformImage\",\n   \"version\": \"latest\"\n  },\n  \"customize\": [\n   {\n    \"name\": \"CheckSumCompareShellScript\",\n    \"scriptUri\": \"https://raw.githubusercontent.com/danielsollondon/azvmimagebuilder/master/quickquickstarts/customizeScript2.sh\",\n    \"sha256Checksum\": \"ade4c5214c3c675e92c66e2d067a870c5b81b9844b3de3cc72c49ff36425fc93\",\n    \"type\": \"Shell\"\n   }\n  ],\n  \"distribute\": [\n   {\n    \"artifactTags\": {\n     \"tag\": \"dis-share\"\n    },\n    \"excludeFromLatest\": false,\n    \"galleryImageId\": \"/subscriptions/0b1f6471-1bf0-4dda-aec3-cb9272f09590/resourceGroups/bez-rg-jutb12/providers/Microsoft.Compute/galleries/testGalleryNamemx9y1g/images/test-image\",\n    \"replicationRegions\": [\n     \"eastus2\"\n    ],\n    \"runOutputName\": \"runOutput1\",\n    \"type\": \"SharedImage\"\n   }\n  ],\n  \"provisioningState\": \"Succeeded\",\n  \"buildTimeoutInMinutes\": 0,\n  \"stagingResourceGroup\": \"\",\n  \"exactStagingResourceGroup\": \"/subscriptions/0b1f6471-1bf0-4dda-aec3-cb9272f09590/resourceGroups/IT_bez-rg-jutb12_bez-tmp-3a45d8_cf65a872-3afa-4327-9450-67b996cab95b\"\n },\n \"identity\": {\n  \"type\": \"UserAssigned\",\n  \"userAssignedIdentities\": {\n   \"/subscriptions/0b1f6471-1bf0-4dda-aec3-cb9272f09590/resourcegroups/bez-rg-jutb12/providers/Microsoft.ManagedIdentity/userAssignedIdentities/bez-id-s3xvgt\": {\n    \"principalId\": \"cb4f86b4-e8d1-4244-a595-ce8c610ef329\",\n    \"clientId\": \"e4303233-1d3c-435e-90f3-12b5de1d7dcf\"\n   }\n  }\n },\n \"tags\": {},\n \"location\": \"eastus\",\n \"id\": \"/subscriptions/0b1f6471-1bf0-4dda-aec3-cb9272f09590/resourcegroups/bez-rg-jutb12/providers/Microsoft.VirtualMachineImages/imageTemplates/bez-tmp-3a45d8\",\n \"name\": \"bez-tmp-3a45d8\",\n \"type\": \"Microsoft.VirtualMachineImages/imageTemplates\"\n}",
      "isContentBase64": false
    }
  }
}