{
  "Entries": [
    {
      "RequestUri": "/subscriptions/e05dbbce-79c2-45a2-a7ef-f1058856feb3/resourcegroups/ps8302?api-version=2016-09-01",
      "EncodedRequestUri": "L3N1YnNjcmlwdGlvbnMvZTA1ZGJiY2UtNzljMi00NWEyLWE3ZWYtZjEwNTg4NTZmZWIzL3Jlc291cmNlZ3JvdXBzL3BzODMwMj9hcGktdmVyc2lvbj0yMDE2LTA5LTAx",
      "RequestMethod": "PUT",
      "RequestBody": "{\r\n  \"location\": \"westcentralus\"\r\n}",
      "RequestHeaders": {
        "Content-Type": [
          "application/json; charset=utf-8"
        ],
        "Content-Length": [
          "35"
        ],
        "x-ms-client-request-id": [
          "1a72cfd8-2f08-4f96-bc59-c335d6adbc7c"
        ],
        "accept-language": [
          "en-US"
        ],
        "User-Agent": [
          "FxVersion/4.7.3163.0",
          "OSName/Windows10Enterprise",
          "OSVersion/6.3.17134",
          "Microsoft.Azure.Management.Internal.Resources.ResourceManagementClient/4.1.0"
        ]
      },
      "ResponseBody": "{\r\n  \"id\": \"/subscriptions/e05dbbce-79c2-45a2-a7ef-f1058856feb3/resourceGroups/ps8302\",\r\n  \"name\": \"ps8302\",\r\n  \"location\": \"westcentralus\",\r\n  \"properties\": {\r\n    \"provisioningState\": \"Succeeded\"\r\n  }\r\n}",
      "ResponseHeaders": {
        "Content-Length": [
          "172"
        ],
        "Content-Type": [
          "application/json; charset=utf-8"
        ],
        "Expires": [
          "-1"
        ],
        "Pragma": [
          "no-cache"
        ],
        "x-ms-ratelimit-remaining-subscription-writes": [
          "1189"
        ],
        "x-ms-request-id": [
          "3b1b1146-3916-4b0b-a8c8-0082b176a191"
        ],
        "x-ms-correlation-request-id": [
          "3b1b1146-3916-4b0b-a8c8-0082b176a191"
        ],
        "x-ms-routing-request-id": [
          "BRAZILUS:20180915T000027Z:3b1b1146-3916-4b0b-a8c8-0082b176a191"
        ],
        "Strict-Transport-Security": [
          "max-age=31536000; includeSubDomains"
        ],
        "X-Content-Type-Options": [
          "nosniff"
        ],
        "Cache-Control": [
          "no-cache"
        ],
        "Date": [
          "Sat, 15 Sep 2018 00:00:27 GMT"
        ]
      },
      "StatusCode": 201
    },
    {
      "RequestUri": "/subscriptions/e05dbbce-79c2-45a2-a7ef-f1058856feb3/resourceGroups/ps8302/providers/Microsoft.Network/virtualNetworks/vnet1?api-version=2018-08-01",
      "EncodedRequestUri": "L3N1YnNjcmlwdGlvbnMvZTA1ZGJiY2UtNzljMi00NWEyLWE3ZWYtZjEwNTg4NTZmZWIzL3Jlc291cmNlR3JvdXBzL3BzODMwMi9wcm92aWRlcnMvTWljcm9zb2Z0Lk5ldHdvcmsvdmlydHVhbE5ldHdvcmtzL3ZuZXQxP2FwaS12ZXJzaW9uPTIwMTgtMDgtMDE=",
      "RequestMethod": "GET",
      "RequestBody": "",
      "RequestHeaders": {
        "x-ms-client-request-id": [
          "71264a1c-51d7-49b2-8bc1-fd2013697aee"
        ],
        "accept-language": [
          "en-US"
        ],
        "User-Agent": [
          "FxVersion/4.7.3163.0",
          "OSName/Windows10Enterprise",
          "OSVersion/6.3.17134",
          "Microsoft.Azure.Management.Network.NetworkManagementClient/19.5.0.0"
        ]
      },
      "ResponseBody": "{\r\n  \"error\": {\r\n    \"code\": \"ResourceNotFound\",\r\n    \"message\": \"The Resource 'Microsoft.Network/virtualNetworks/vnet1' under resource group 'ps8302' was not found.\"\r\n  }\r\n}",
      "ResponseHeaders": {
        "Content-Length": [
          "149"
        ],
        "Content-Type": [
          "application/json; charset=utf-8"
        ],
        "Expires": [
          "-1"
        ],
        "Pragma": [
          "no-cache"
        ],
        "x-ms-failure-cause": [
          "gateway"
        ],
        "x-ms-request-id": [
          "fdd8c21f-c9e9-4918-838b-f6ae903c1931"
        ],
        "x-ms-correlation-request-id": [
          "fdd8c21f-c9e9-4918-838b-f6ae903c1931"
        ],
        "x-ms-routing-request-id": [
          "BRAZILUS:20180915T000028Z:fdd8c21f-c9e9-4918-838b-f6ae903c1931"
        ],
        "Strict-Transport-Security": [
          "max-age=31536000; includeSubDomains"
        ],
        "X-Content-Type-Options": [
          "nosniff"
        ],
        "Cache-Control": [
          "no-cache"
        ],
        "Date": [
          "Sat, 15 Sep 2018 00:00:28 GMT"
        ]
      },
      "StatusCode": 404
    },
    {
      "RequestUri": "/subscriptions/e05dbbce-79c2-45a2-a7ef-f1058856feb3/resourceGroups/ps8302/providers/Microsoft.Network/virtualNetworks/vnet1?api-version=2018-08-01",
      "EncodedRequestUri": "L3N1YnNjcmlwdGlvbnMvZTA1ZGJiY2UtNzljMi00NWEyLWE3ZWYtZjEwNTg4NTZmZWIzL3Jlc291cmNlR3JvdXBzL3BzODMwMi9wcm92aWRlcnMvTWljcm9zb2Z0Lk5ldHdvcmsvdmlydHVhbE5ldHdvcmtzL3ZuZXQxP2FwaS12ZXJzaW9uPTIwMTgtMDgtMDE=",
      "RequestMethod": "GET",
      "RequestBody": "",
      "RequestHeaders": {
        "User-Agent": [
          "FxVersion/4.7.3163.0",
          "OSName/Windows10Enterprise",
          "OSVersion/6.3.17134",
          "Microsoft.Azure.Management.Network.NetworkManagementClient/19.5.0.0"
        ]
      },
      "ResponseBody": "{\r\n  \"name\": \"vnet1\",\r\n  \"id\": \"/subscriptions/e05dbbce-79c2-45a2-a7ef-f1058856feb3/resourceGroups/ps8302/providers/Microsoft.Network/virtualNetworks/vnet1\",\r\n  \"etag\": \"W/\\\"3cafdcfd-7fd2-47f3-ab98-4715a432e3b1\\\"\",\r\n  \"type\": \"Microsoft.Network/virtualNetworks\",\r\n  \"location\": \"westcentralus\",\r\n  \"properties\": {\r\n    \"provisioningState\": \"Succeeded\",\r\n    \"resourceGuid\": \"2d69b175-55d9-4ddf-88a0-4f5a26e8505f\",\r\n    \"addressSpace\": {\r\n      \"addressPrefixes\": [\r\n        \"10.0.0.0/16\"\r\n      ]\r\n    },\r\n    \"subnets\": [\r\n      {\r\n        \"name\": \"subnet1\",\r\n        \"id\": \"/subscriptions/e05dbbce-79c2-45a2-a7ef-f1058856feb3/resourceGroups/ps8302/providers/Microsoft.Network/virtualNetworks/vnet1/subnets/subnet1\",\r\n        \"etag\": \"W/\\\"3cafdcfd-7fd2-47f3-ab98-4715a432e3b1\\\"\",\r\n        \"properties\": {\r\n          \"provisioningState\": \"Succeeded\",\r\n          \"addressPrefix\": \"10.0.1.0/24\",\r\n          \"serviceEndpoints\": [],\r\n          \"delegations\": []\r\n        },\r\n        \"type\": \"Microsoft.Network/virtualNetworks/subnets\"\r\n      }\r\n    ],\r\n    \"virtualNetworkPeerings\": [],\r\n    \"enableDdosProtection\": false,\r\n    \"enableVmProtection\": false\r\n  }\r\n}",
      "ResponseHeaders": {
        "Content-Length": [
          "1159"
        ],
        "Content-Type": [
          "application/json; charset=utf-8"
        ],
        "Expires": [
          "-1"
        ],
        "Pragma": [
          "no-cache"
        ],
        "x-ms-request-id": [
          "b4770e0a-7ede-4a92-8607-5038803b4d67"
        ],
        "x-ms-correlation-request-id": [
          "99529416-006e-4511-8de0-5133667e2540"
        ],
        "Strict-Transport-Security": [
          "max-age=31536000; includeSubDomains"
        ],
        "Cache-Control": [
          "no-cache"
        ],
        "ETag": [
          "W/\"3cafdcfd-7fd2-47f3-ab98-4715a432e3b1\""
        ],
        "Server": [
          "Microsoft-HTTPAPI/2.0",
          "Microsoft-HTTPAPI/2.0"
        ],
        "x-ms-ratelimit-remaining-subscription-reads": [
          "11976"
        ],
        "x-ms-routing-request-id": [
          "BRAZILUS:20180915T000051Z:99529416-006e-4511-8de0-5133667e2540"
        ],
        "X-Content-Type-Options": [
          "nosniff"
        ],
        "Date": [
          "Sat, 15 Sep 2018 00:00:51 GMT"
        ]
      },
      "StatusCode": 200
    },
    {
      "RequestUri": "/subscriptions/e05dbbce-79c2-45a2-a7ef-f1058856feb3/resourceGroups/ps8302/providers/Microsoft.Network/virtualNetworks/vnet1?api-version=2018-08-01",
      "EncodedRequestUri": "L3N1YnNjcmlwdGlvbnMvZTA1ZGJiY2UtNzljMi00NWEyLWE3ZWYtZjEwNTg4NTZmZWIzL3Jlc291cmNlR3JvdXBzL3BzODMwMi9wcm92aWRlcnMvTWljcm9zb2Z0Lk5ldHdvcmsvdmlydHVhbE5ldHdvcmtzL3ZuZXQxP2FwaS12ZXJzaW9uPTIwMTgtMDgtMDE=",
      "RequestMethod": "GET",
      "RequestBody": "",
      "RequestHeaders": {
        "x-ms-client-request-id": [
          "218f4aed-defe-48a3-bf52-3c87a7accc2e"
        ],
        "accept-language": [
          "en-US"
        ],
        "User-Agent": [
          "FxVersion/4.7.3163.0",
          "OSName/Windows10Enterprise",
          "OSVersion/6.3.17134",
          "Microsoft.Azure.Management.Network.NetworkManagementClient/19.5.0.0"
        ]
      },
      "ResponseBody": "{\r\n  \"name\": \"vnet1\",\r\n  \"id\": \"/subscriptions/e05dbbce-79c2-45a2-a7ef-f1058856feb3/resourceGroups/ps8302/providers/Microsoft.Network/virtualNetworks/vnet1\",\r\n  \"etag\": \"W/\\\"3cafdcfd-7fd2-47f3-ab98-4715a432e3b1\\\"\",\r\n  \"type\": \"Microsoft.Network/virtualNetworks\",\r\n  \"location\": \"westcentralus\",\r\n  \"properties\": {\r\n    \"provisioningState\": \"Succeeded\",\r\n    \"resourceGuid\": \"2d69b175-55d9-4ddf-88a0-4f5a26e8505f\",\r\n    \"addressSpace\": {\r\n      \"addressPrefixes\": [\r\n        \"10.0.0.0/16\"\r\n      ]\r\n    },\r\n    \"subnets\": [\r\n      {\r\n        \"name\": \"subnet1\",\r\n        \"id\": \"/subscriptions/e05dbbce-79c2-45a2-a7ef-f1058856feb3/resourceGroups/ps8302/providers/Microsoft.Network/virtualNetworks/vnet1/subnets/subnet1\",\r\n        \"etag\": \"W/\\\"3cafdcfd-7fd2-47f3-ab98-4715a432e3b1\\\"\",\r\n        \"properties\": {\r\n          \"provisioningState\": \"Succeeded\",\r\n          \"addressPrefix\": \"10.0.1.0/24\",\r\n          \"serviceEndpoints\": [],\r\n          \"delegations\": []\r\n        },\r\n        \"type\": \"Microsoft.Network/virtualNetworks/subnets\"\r\n      }\r\n    ],\r\n    \"virtualNetworkPeerings\": [],\r\n    \"enableDdosProtection\": false,\r\n    \"enableVmProtection\": false\r\n  }\r\n}",
      "ResponseHeaders": {
        "Content-Length": [
          "1159"
        ],
        "Content-Type": [
          "application/json; charset=utf-8"
        ],
        "Expires": [
          "-1"
        ],
        "Pragma": [
          "no-cache"
        ],
        "x-ms-request-id": [
          "ecb8c100-4b7d-4796-8904-c16dfecfa23b"
        ],
        "x-ms-correlation-request-id": [
          "d0ebfaa1-6e26-4c94-9945-42295fdb435c"
        ],
        "Strict-Transport-Security": [
          "max-age=31536000; includeSubDomains"
        ],
        "Cache-Control": [
          "no-cache"
        ],
        "ETag": [
          "W/\"3cafdcfd-7fd2-47f3-ab98-4715a432e3b1\""
        ],
        "Server": [
          "Microsoft-HTTPAPI/2.0",
          "Microsoft-HTTPAPI/2.0"
        ],
        "x-ms-ratelimit-remaining-subscription-reads": [
          "11975"
        ],
        "x-ms-routing-request-id": [
          "BRAZILUS:20180915T000051Z:d0ebfaa1-6e26-4c94-9945-42295fdb435c"
        ],
        "X-Content-Type-Options": [
          "nosniff"
        ],
        "Date": [
          "Sat, 15 Sep 2018 00:00:51 GMT"
        ]
      },
      "StatusCode": 200
    },
    {
      "RequestUri": "/subscriptions/e05dbbce-79c2-45a2-a7ef-f1058856feb3/resourceGroups/ps8302/providers/Microsoft.Network/virtualNetworks/vnet1?api-version=2018-08-01",
      "EncodedRequestUri": "L3N1YnNjcmlwdGlvbnMvZTA1ZGJiY2UtNzljMi00NWEyLWE3ZWYtZjEwNTg4NTZmZWIzL3Jlc291cmNlR3JvdXBzL3BzODMwMi9wcm92aWRlcnMvTWljcm9zb2Z0Lk5ldHdvcmsvdmlydHVhbE5ldHdvcmtzL3ZuZXQxP2FwaS12ZXJzaW9uPTIwMTgtMDgtMDE=",
      "RequestMethod": "PUT",
      "RequestBody": "{\r\n  \"properties\": {\r\n    \"addressSpace\": {\r\n      \"addressPrefixes\": [\r\n        \"10.0.0.0/16\"\r\n      ]\r\n    },\r\n    \"subnets\": [\r\n      {\r\n        \"properties\": {\r\n          \"addressPrefix\": \"10.0.1.0/24\",\r\n          \"addressPrefixes\": [],\r\n          \"serviceEndpoints\": [],\r\n          \"serviceEndpointPolicies\": [],\r\n          \"resourceNavigationLinks\": [],\r\n          \"serviceAssociationLinks\": [],\r\n          \"delegations\": []\r\n        },\r\n        \"name\": \"subnet1\"\r\n      }\r\n    ],\r\n    \"virtualNetworkPeerings\": [],\r\n    \"enableDdosProtection\": false\r\n  },\r\n  \"location\": \"westcentralus\"\r\n}",
      "RequestHeaders": {
        "Content-Type": [
          "application/json; charset=utf-8"
        ],
        "Content-Length": [
          "596"
        ],
        "x-ms-client-request-id": [
          "9cbf1555-966b-461e-b27b-c977eeb3c390"
        ],
        "accept-language": [
          "en-US"
        ],
        "User-Agent": [
          "FxVersion/4.7.3163.0",
          "OSName/Windows10Enterprise",
          "OSVersion/6.3.17134",
          "Microsoft.Azure.Management.Network.NetworkManagementClient/19.5.0.0"
        ]
      },
      "ResponseBody": "{\r\n  \"name\": \"vnet1\",\r\n  \"id\": \"/subscriptions/e05dbbce-79c2-45a2-a7ef-f1058856feb3/resourceGroups/ps8302/providers/Microsoft.Network/virtualNetworks/vnet1\",\r\n  \"etag\": \"W/\\\"3fcefd8f-8988-4a6f-8de2-067cd69f1eab\\\"\",\r\n  \"type\": \"Microsoft.Network/virtualNetworks\",\r\n  \"location\": \"westcentralus\",\r\n  \"properties\": {\r\n    \"provisioningState\": \"Updating\",\r\n    \"resourceGuid\": \"2d69b175-55d9-4ddf-88a0-4f5a26e8505f\",\r\n    \"addressSpace\": {\r\n      \"addressPrefixes\": [\r\n        \"10.0.0.0/16\"\r\n      ]\r\n    },\r\n    \"subnets\": [\r\n      {\r\n        \"name\": \"subnet1\",\r\n        \"id\": \"/subscriptions/e05dbbce-79c2-45a2-a7ef-f1058856feb3/resourceGroups/ps8302/providers/Microsoft.Network/virtualNetworks/vnet1/subnets/subnet1\",\r\n        \"etag\": \"W/\\\"3fcefd8f-8988-4a6f-8de2-067cd69f1eab\\\"\",\r\n        \"properties\": {\r\n          \"provisioningState\": \"Updating\",\r\n          \"addressPrefix\": \"10.0.1.0/24\",\r\n          \"serviceEndpoints\": [],\r\n          \"delegations\": []\r\n        },\r\n        \"type\": \"Microsoft.Network/virtualNetworks/subnets\"\r\n      }\r\n    ],\r\n    \"virtualNetworkPeerings\": [],\r\n    \"enableDdosProtection\": false,\r\n    \"enableVmProtection\": false\r\n  }\r\n}",
      "ResponseHeaders": {
        "Content-Length": [
          "1157"
        ],
        "Content-Type": [
          "application/json; charset=utf-8"
        ],
        "Expires": [
          "-1"
        ],
        "Pragma": [
          "no-cache"
        ],
        "Retry-After": [
          "3"
        ],
        "x-ms-request-id": [
          "186a1193-7da5-49e6-bc50-d0296bedbdb0"
        ],
        "Azure-AsyncOperation": [
          "https://brazilus.management.azure.com/subscriptions/e05dbbce-79c2-45a2-a7ef-f1058856feb3/providers/Microsoft.Network/locations/westcentralus/operations/186a1193-7da5-49e6-bc50-d0296bedbdb0?api-version=2018-08-01"
        ],
        "x-ms-correlation-request-id": [
          "52a7952d-38cd-4010-b983-124895f8f92e"
        ],
        "Strict-Transport-Security": [
          "max-age=31536000; includeSubDomains"
        ],
        "Cache-Control": [
          "no-cache"
        ],
        "Server": [
          "Microsoft-HTTPAPI/2.0",
          "Microsoft-HTTPAPI/2.0"
        ],
        "x-ms-ratelimit-remaining-subscription-writes": [
          "1191"
        ],
        "x-ms-routing-request-id": [
          "BRAZILUS:20180915T000030Z:52a7952d-38cd-4010-b983-124895f8f92e"
        ],
        "X-Content-Type-Options": [
          "nosniff"
        ],
        "Date": [
          "Sat, 15 Sep 2018 00:00:29 GMT"
        ]
      },
      "StatusCode": 201
    },
    {
      "RequestUri": "/subscriptions/e05dbbce-79c2-45a2-a7ef-f1058856feb3/providers/Microsoft.Network/locations/westcentralus/operations/186a1193-7da5-49e6-bc50-d0296bedbdb0?api-version=2018-08-01",
      "EncodedRequestUri": "L3N1YnNjcmlwdGlvbnMvZTA1ZGJiY2UtNzljMi00NWEyLWE3ZWYtZjEwNTg4NTZmZWIzL3Byb3ZpZGVycy9NaWNyb3NvZnQuTmV0d29yay9sb2NhdGlvbnMvd2VzdGNlbnRyYWx1cy9vcGVyYXRpb25zLzE4NmExMTkzLTdkYTUtNDllNi1iYzUwLWQwMjk2YmVkYmRiMD9hcGktdmVyc2lvbj0yMDE4LTA4LTAx",
      "RequestMethod": "GET",
      "RequestBody": "",
      "RequestHeaders": {
        "User-Agent": [
          "FxVersion/4.7.3163.0",
          "OSName/Windows10Enterprise",
          "OSVersion/6.3.17134",
          "Microsoft.Azure.Management.Network.NetworkManagementClient/19.5.0.0"
        ]
      },
      "ResponseBody": "{\r\n  \"status\": \"InProgress\"\r\n}",
      "ResponseHeaders": {
        "Content-Length": [
          "30"
        ],
        "Content-Type": [
          "application/json; charset=utf-8"
        ],
        "Expires": [
          "-1"
        ],
        "Pragma": [
          "no-cache"
        ],
        "Retry-After": [
          "10"
        ],
        "x-ms-request-id": [
          "7171bc3e-608d-4aa4-a8bf-bfa56b2c291b"
        ],
        "x-ms-correlation-request-id": [
          "fa0c8657-ac37-4816-96bb-b67e6ebed095"
        ],
        "Strict-Transport-Security": [
          "max-age=31536000; includeSubDomains"
        ],
        "Cache-Control": [
          "no-cache"
        ],
        "Server": [
          "Microsoft-HTTPAPI/2.0",
          "Microsoft-HTTPAPI/2.0"
        ],
        "x-ms-ratelimit-remaining-subscription-reads": [
          "11978"
        ],
        "x-ms-routing-request-id": [
          "BRAZILUS:20180915T000040Z:fa0c8657-ac37-4816-96bb-b67e6ebed095"
        ],
        "X-Content-Type-Options": [
          "nosniff"
        ],
        "Date": [
          "Sat, 15 Sep 2018 00:00:40 GMT"
        ]
      },
      "StatusCode": 200
    },
    {
      "RequestUri": "/subscriptions/e05dbbce-79c2-45a2-a7ef-f1058856feb3/providers/Microsoft.Network/locations/westcentralus/operations/186a1193-7da5-49e6-bc50-d0296bedbdb0?api-version=2018-08-01",
      "EncodedRequestUri": "L3N1YnNjcmlwdGlvbnMvZTA1ZGJiY2UtNzljMi00NWEyLWE3ZWYtZjEwNTg4NTZmZWIzL3Byb3ZpZGVycy9NaWNyb3NvZnQuTmV0d29yay9sb2NhdGlvbnMvd2VzdGNlbnRyYWx1cy9vcGVyYXRpb25zLzE4NmExMTkzLTdkYTUtNDllNi1iYzUwLWQwMjk2YmVkYmRiMD9hcGktdmVyc2lvbj0yMDE4LTA4LTAx",
      "RequestMethod": "GET",
      "RequestBody": "",
      "RequestHeaders": {
        "User-Agent": [
          "FxVersion/4.7.3163.0",
          "OSName/Windows10Enterprise",
          "OSVersion/6.3.17134",
          "Microsoft.Azure.Management.Network.NetworkManagementClient/19.5.0.0"
        ]
      },
      "ResponseBody": "{\r\n  \"status\": \"Succeeded\"\r\n}",
      "ResponseHeaders": {
        "Content-Length": [
          "29"
        ],
        "Content-Type": [
          "application/json; charset=utf-8"
        ],
        "Expires": [
          "-1"
        ],
        "Pragma": [
          "no-cache"
        ],
        "x-ms-request-id": [
          "dfa67aa3-c413-4e72-92ba-1df13025ec42"
        ],
        "x-ms-correlation-request-id": [
          "288a1d46-6ad6-4b93-af88-df0ae5cf0e3f"
        ],
        "Strict-Transport-Security": [
          "max-age=31536000; includeSubDomains"
        ],
        "Cache-Control": [
          "no-cache"
        ],
        "Server": [
          "Microsoft-HTTPAPI/2.0",
          "Microsoft-HTTPAPI/2.0"
        ],
        "x-ms-ratelimit-remaining-subscription-reads": [
          "11977"
        ],
        "x-ms-routing-request-id": [
          "BRAZILUS:20180915T000051Z:288a1d46-6ad6-4b93-af88-df0ae5cf0e3f"
        ],
        "X-Content-Type-Options": [
          "nosniff"
        ],
        "Date": [
          "Sat, 15 Sep 2018 00:00:50 GMT"
        ]
      },
      "StatusCode": 200
    },
    {
      "RequestUri": "/subscriptions/e05dbbce-79c2-45a2-a7ef-f1058856feb3/resourceGroups/ps8302/providers/Microsoft.Network/networkProfiles/np1?api-version=2018-08-01",
      "EncodedRequestUri": "L3N1YnNjcmlwdGlvbnMvZTA1ZGJiY2UtNzljMi00NWEyLWE3ZWYtZjEwNTg4NTZmZWIzL3Jlc291cmNlR3JvdXBzL3BzODMwMi9wcm92aWRlcnMvTWljcm9zb2Z0Lk5ldHdvcmsvbmV0d29ya1Byb2ZpbGVzL25wMT9hcGktdmVyc2lvbj0yMDE4LTA4LTAx",
      "RequestMethod": "GET",
      "RequestBody": "",
      "RequestHeaders": {
        "x-ms-client-request-id": [
          "6aaf2f44-803c-4591-865b-c78dc5922761"
        ],
        "accept-language": [
          "en-US"
        ],
        "User-Agent": [
          "FxVersion/4.7.3163.0",
          "OSName/Windows10Enterprise",
          "OSVersion/6.3.17134",
          "Microsoft.Azure.Management.Network.NetworkManagementClient/19.5.0.0"
        ]
      },
      "ResponseBody": "{\r\n  \"error\": {\r\n    \"code\": \"ResourceNotFound\",\r\n    \"message\": \"The Resource 'Microsoft.Network/networkProfiles/np1' under resource group 'ps8302' was not found.\"\r\n  }\r\n}",
      "ResponseHeaders": {
        "Content-Length": [
          "147"
        ],
        "Content-Type": [
          "application/json; charset=utf-8"
        ],
        "Expires": [
          "-1"
        ],
        "Pragma": [
          "no-cache"
        ],
        "x-ms-failure-cause": [
          "gateway"
        ],
        "x-ms-request-id": [
          "5111c89d-83ea-421b-bf58-b0965396f3ad"
        ],
        "x-ms-correlation-request-id": [
          "5111c89d-83ea-421b-bf58-b0965396f3ad"
        ],
        "x-ms-routing-request-id": [
          "BRAZILUS:20180915T000052Z:5111c89d-83ea-421b-bf58-b0965396f3ad"
        ],
        "Strict-Transport-Security": [
          "max-age=31536000; includeSubDomains"
        ],
        "X-Content-Type-Options": [
          "nosniff"
        ],
        "Cache-Control": [
          "no-cache"
        ],
        "Date": [
          "Sat, 15 Sep 2018 00:00:52 GMT"
        ]
      },
      "StatusCode": 404
    },
    {
      "RequestUri": "/subscriptions/e05dbbce-79c2-45a2-a7ef-f1058856feb3/resourceGroups/ps8302/providers/Microsoft.Network/networkProfiles/np1?api-version=2018-08-01",
      "EncodedRequestUri": "L3N1YnNjcmlwdGlvbnMvZTA1ZGJiY2UtNzljMi00NWEyLWE3ZWYtZjEwNTg4NTZmZWIzL3Jlc291cmNlR3JvdXBzL3BzODMwMi9wcm92aWRlcnMvTWljcm9zb2Z0Lk5ldHdvcmsvbmV0d29ya1Byb2ZpbGVzL25wMT9hcGktdmVyc2lvbj0yMDE4LTA4LTAx",
      "RequestMethod": "GET",
      "RequestBody": "",
      "RequestHeaders": {
        "x-ms-client-request-id": [
          "030c9b66-6011-4bf8-aa98-386df0aec7f2"
        ],
        "accept-language": [
          "en-US"
        ],
        "User-Agent": [
          "FxVersion/4.7.3163.0",
          "OSName/Windows10Enterprise",
          "OSVersion/6.3.17134",
          "Microsoft.Azure.Management.Network.NetworkManagementClient/19.5.0.0"
        ]
      },
      "ResponseBody": "{\r\n  \"name\": \"np1\",\r\n  \"id\": \"/subscriptions/e05dbbce-79c2-45a2-a7ef-f1058856feb3/resourceGroups/ps8302/providers/Microsoft.Network/networkProfiles/np1\",\r\n  \"etag\": \"W/\\\"405c9de5-a6f8-4703-8a06-bc67347ebc71\\\"\",\r\n  \"type\": \"Microsoft.Network/networkProfiles\",\r\n  \"location\": \"westcentralus\",\r\n  \"properties\": {\r\n    \"provisioningState\": \"Succeeded\",\r\n    \"resourceGuid\": \"c2842426-8f06-47f6-beef-0ee4beb6dbd7\",\r\n    \"containerNetworkInterfaceConfigurations\": [\r\n      {\r\n        \"name\": \"ps3845\",\r\n        \"id\": \"/subscriptions/e05dbbce-79c2-45a2-a7ef-f1058856feb3/resourceGroups/ps8302/providers/Microsoft.Network/networkProfiles/np1/containerNetworkInterfaceConfigurations/ps3845\",\r\n        \"etag\": \"W/\\\"405c9de5-a6f8-4703-8a06-bc67347ebc71\\\"\",\r\n        \"properties\": {\r\n          \"provisioningState\": \"Succeeded\",\r\n          \"ipConfigurations\": [\r\n            {\r\n              \"name\": \"ipconfigprofile1\",\r\n              \"id\": \"/subscriptions/e05dbbce-79c2-45a2-a7ef-f1058856feb3/resourceGroups/ps8302/providers/Microsoft.Network/networkProfiles/np1/containerNetworkInterfaceConfigurations/ps3845/ipConfigurations/ipconfigprofile1\",\r\n              \"etag\": \"W/\\\"405c9de5-a6f8-4703-8a06-bc67347ebc71\\\"\",\r\n              \"type\": \"Microsoft.Network/networkProfiles/containerNetworkInterfaceConfigurations/ipConfigurations\",\r\n              \"properties\": {\r\n                \"provisioningState\": \"Succeeded\",\r\n                \"subnet\": {\r\n                  \"id\": \"/subscriptions/e05dbbce-79c2-45a2-a7ef-f1058856feb3/resourceGroups/ps8302/providers/Microsoft.Network/virtualNetworks/vnet1/subnets/subnet1\"\r\n                }\r\n              }\r\n            }\r\n          ]\r\n        },\r\n        \"type\": \"Microsoft.Network/networkProfiles/containerNetworkInterfaceConfigurations\"\r\n      }\r\n    ],\r\n    \"containerNetworkInterfaces\": []\r\n  }\r\n}",
      "ResponseHeaders": {
        "Content-Length": [
          "1829"
        ],
        "Content-Type": [
          "application/json; charset=utf-8"
        ],
        "Expires": [
          "-1"
        ],
        "Pragma": [
          "no-cache"
        ],
        "x-ms-request-id": [
          "5a5c0c9d-3493-434e-a585-ba2ccc5a1c30"
        ],
        "x-ms-correlation-request-id": [
          "6c4c7ee7-2f39-4a49-ac57-c76ca8ee44d5"
        ],
        "Strict-Transport-Security": [
          "max-age=31536000; includeSubDomains"
        ],
        "Cache-Control": [
          "no-cache"
        ],
        "ETag": [
          "W/\"405c9de5-a6f8-4703-8a06-bc67347ebc71\""
        ],
        "Server": [
          "Microsoft-HTTPAPI/2.0",
          "Microsoft-HTTPAPI/2.0"
        ],
        "x-ms-ratelimit-remaining-subscription-reads": [
          "11973"
        ],
        "x-ms-routing-request-id": [
          "BRAZILUS:20180915T000052Z:6c4c7ee7-2f39-4a49-ac57-c76ca8ee44d5"
        ],
        "X-Content-Type-Options": [
          "nosniff"
        ],
        "Date": [
          "Sat, 15 Sep 2018 00:00:52 GMT"
        ]
      },
      "StatusCode": 200
    },
    {
      "RequestUri": "/subscriptions/e05dbbce-79c2-45a2-a7ef-f1058856feb3/resourceGroups/ps8302/providers/Microsoft.Network/networkProfiles/np1?api-version=2018-08-01",
      "EncodedRequestUri": "L3N1YnNjcmlwdGlvbnMvZTA1ZGJiY2UtNzljMi00NWEyLWE3ZWYtZjEwNTg4NTZmZWIzL3Jlc291cmNlR3JvdXBzL3BzODMwMi9wcm92aWRlcnMvTWljcm9zb2Z0Lk5ldHdvcmsvbmV0d29ya1Byb2ZpbGVzL25wMT9hcGktdmVyc2lvbj0yMDE4LTA4LTAx",
      "RequestMethod": "PUT",
      "RequestBody": "{\r\n  \"properties\": {\r\n    \"containerNetworkInterfaces\": [],\r\n    \"containerNetworkInterfaceConfigurations\": [\r\n      {\r\n        \"properties\": {\r\n          \"ipConfigurations\": [\r\n            {\r\n              \"properties\": {\r\n                \"subnet\": {\r\n                  \"properties\": {\r\n                    \"addressPrefixes\": [],\r\n                    \"serviceEndpoints\": [],\r\n                    \"serviceEndpointPolicies\": [],\r\n                    \"resourceNavigationLinks\": [],\r\n                    \"serviceAssociationLinks\": [],\r\n                    \"delegations\": []\r\n                  },\r\n                  \"id\": \"/subscriptions/e05dbbce-79c2-45a2-a7ef-f1058856feb3/resourceGroups/ps8302/providers/Microsoft.Network/virtualNetworks/vnet1/subnets/subnet1\"\r\n                }\r\n              },\r\n              \"name\": \"ipconfigprofile1\",\r\n              \"id\": \"/subscriptions/e05dbbce-79c2-45a2-a7ef-f1058856feb3/resourceGroups/ps8302/providers/Microsoft.Network/networkProfiles/np1/containerNetworkInterfaceConfigurations/ps3845/ipConfigurations/ipconfigprofile1\"\r\n            }\r\n          ],\r\n          \"containerNetworkInterfaces\": []\r\n        },\r\n        \"name\": \"ps3845\",\r\n        \"id\": \"/subscriptions/e05dbbce-79c2-45a2-a7ef-f1058856feb3/resourceGroups/ps8302/providers/Microsoft.Network/networkProfiles/np1/ContainerNetworkInterfaceConfigurations/ps3845\"\r\n      }\r\n    ]\r\n  },\r\n  \"location\": \"westcentralus\"\r\n}",
      "RequestHeaders": {
        "Content-Type": [
          "application/json; charset=utf-8"
        ],
        "Content-Length": [
          "1419"
        ],
        "x-ms-client-request-id": [
          "b90e9da8-16a7-4d28-bfff-07e87267f9ea"
        ],
        "accept-language": [
          "en-US"
        ],
        "User-Agent": [
          "FxVersion/4.7.3163.0",
          "OSName/Windows10Enterprise",
          "OSVersion/6.3.17134",
          "Microsoft.Azure.Management.Network.NetworkManagementClient/19.5.0.0"
        ]
      },
      "ResponseBody": "{\r\n  \"name\": \"np1\",\r\n  \"id\": \"/subscriptions/e05dbbce-79c2-45a2-a7ef-f1058856feb3/resourceGroups/ps8302/providers/Microsoft.Network/networkProfiles/np1\",\r\n  \"etag\": \"W/\\\"405c9de5-a6f8-4703-8a06-bc67347ebc71\\\"\",\r\n  \"type\": \"Microsoft.Network/networkProfiles\",\r\n  \"location\": \"westcentralus\",\r\n  \"properties\": {\r\n    \"provisioningState\": \"Succeeded\",\r\n    \"resourceGuid\": \"c2842426-8f06-47f6-beef-0ee4beb6dbd7\",\r\n    \"containerNetworkInterfaceConfigurations\": [\r\n      {\r\n        \"name\": \"ps3845\",\r\n        \"id\": \"/subscriptions/e05dbbce-79c2-45a2-a7ef-f1058856feb3/resourceGroups/ps8302/providers/Microsoft.Network/networkProfiles/np1/containerNetworkInterfaceConfigurations/ps3845\",\r\n        \"etag\": \"W/\\\"405c9de5-a6f8-4703-8a06-bc67347ebc71\\\"\",\r\n        \"properties\": {\r\n          \"provisioningState\": \"Succeeded\",\r\n          \"ipConfigurations\": [\r\n            {\r\n              \"name\": \"ipconfigprofile1\",\r\n              \"id\": \"/subscriptions/e05dbbce-79c2-45a2-a7ef-f1058856feb3/resourceGroups/ps8302/providers/Microsoft.Network/networkProfiles/np1/containerNetworkInterfaceConfigurations/ps3845/ipConfigurations/ipconfigprofile1\",\r\n              \"etag\": \"W/\\\"405c9de5-a6f8-4703-8a06-bc67347ebc71\\\"\",\r\n              \"type\": \"Microsoft.Network/networkProfiles/containerNetworkInterfaceConfigurations/ipConfigurations\",\r\n              \"properties\": {\r\n                \"provisioningState\": \"Succeeded\",\r\n                \"subnet\": {\r\n                  \"id\": \"/subscriptions/e05dbbce-79c2-45a2-a7ef-f1058856feb3/resourceGroups/ps8302/providers/Microsoft.Network/virtualNetworks/vnet1/subnets/subnet1\"\r\n                }\r\n              }\r\n            }\r\n          ]\r\n        },\r\n        \"type\": \"Microsoft.Network/networkProfiles/containerNetworkInterfaceConfigurations\"\r\n      }\r\n    ],\r\n    \"containerNetworkInterfaces\": []\r\n  }\r\n}",
      "ResponseHeaders": {
        "Content-Length": [
          "1829"
        ],
        "Content-Type": [
          "application/json; charset=utf-8"
        ],
        "Expires": [
          "-1"
        ],
        "Pragma": [
          "no-cache"
        ],
        "x-ms-request-id": [
          "185fd986-b5fe-4175-86c8-a227fe76e353"
        ],
        "Azure-AsyncOperation": [
          "https://brazilus.management.azure.com/subscriptions/e05dbbce-79c2-45a2-a7ef-f1058856feb3/providers/Microsoft.Network/locations/westcentralus/operations/185fd986-b5fe-4175-86c8-a227fe76e353?api-version=2018-08-01"
        ],
        "x-ms-correlation-request-id": [
          "cf231db0-d84e-4d45-96d9-c2122dd02336"
        ],
        "Strict-Transport-Security": [
          "max-age=31536000; includeSubDomains"
        ],
        "Cache-Control": [
          "no-cache"
        ],
        "Server": [
          "Microsoft-HTTPAPI/2.0",
          "Microsoft-HTTPAPI/2.0"
        ],
        "x-ms-ratelimit-remaining-subscription-writes": [
          "1190"
        ],
        "x-ms-routing-request-id": [
          "BRAZILUS:20180915T000052Z:cf231db0-d84e-4d45-96d9-c2122dd02336"
        ],
        "X-Content-Type-Options": [
          "nosniff"
        ],
        "Date": [
          "Sat, 15 Sep 2018 00:00:52 GMT"
        ]
      },
      "StatusCode": 201
    },
    {
      "RequestUri": "/subscriptions/e05dbbce-79c2-45a2-a7ef-f1058856feb3/resourcegroups/ps8302?api-version=2016-09-01",
      "EncodedRequestUri": "L3N1YnNjcmlwdGlvbnMvZTA1ZGJiY2UtNzljMi00NWEyLWE3ZWYtZjEwNTg4NTZmZWIzL3Jlc291cmNlZ3JvdXBzL3BzODMwMj9hcGktdmVyc2lvbj0yMDE2LTA5LTAx",
      "RequestMethod": "DELETE",
      "RequestBody": "",
      "RequestHeaders": {
        "x-ms-client-request-id": [
          "9fa8af38-2dd2-4d1c-a1e6-fc68cc1348af"
        ],
        "accept-language": [
          "en-US"
        ],
        "User-Agent": [
          "FxVersion/4.7.3163.0",
          "OSName/Windows10Enterprise",
          "OSVersion/6.3.17134",
          "Microsoft.Azure.Management.Internal.Resources.ResourceManagementClient/4.1.0"
        ]
      },
      "ResponseBody": "",
      "ResponseHeaders": {
        "Content-Length": [
          "0"
        ],
        "Expires": [
          "-1"
        ],
        "Pragma": [
          "no-cache"
        ],
        "Retry-After": [
          "15"
        ],
        "x-ms-ratelimit-remaining-subscription-deletes": [
          "14994"
        ],
        "x-ms-request-id": [
          "c72c77f2-3ae6-427b-9e89-5f0b389ae609"
        ],
        "x-ms-correlation-request-id": [
          "c72c77f2-3ae6-427b-9e89-5f0b389ae609"
        ],
        "x-ms-routing-request-id": [
          "BRAZILUS:20180915T000053Z:c72c77f2-3ae6-427b-9e89-5f0b389ae609"
        ],
        "Strict-Transport-Security": [
          "max-age=31536000; includeSubDomains"
        ],
        "X-Content-Type-Options": [
          "nosniff"
        ],
        "Cache-Control": [
          "no-cache"
        ],
        "Date": [
          "Sat, 15 Sep 2018 00:00:53 GMT"
        ],
        "Location": [
          "https://brazilus.management.azure.com/subscriptions/e05dbbce-79c2-45a2-a7ef-f1058856feb3/operationresults/eyJqb2JJZCI6IlJFU09VUkNFR1JPVVBERUxFVElPTkpPQi1QUzgzMDItV0VTVENFTlRSQUxVUyIsImpvYkxvY2F0aW9uIjoid2VzdGNlbnRyYWx1cyJ9?api-version=2016-09-01"
        ]
      },
      "StatusCode": 202
    },
    {
      "RequestUri": "/subscriptions/e05dbbce-79c2-45a2-a7ef-f1058856feb3/operationresults/eyJqb2JJZCI6IlJFU09VUkNFR1JPVVBERUxFVElPTkpPQi1QUzgzMDItV0VTVENFTlRSQUxVUyIsImpvYkxvY2F0aW9uIjoid2VzdGNlbnRyYWx1cyJ9?api-version=2016-09-01",
      "EncodedRequestUri": "L3N1YnNjcmlwdGlvbnMvZTA1ZGJiY2UtNzljMi00NWEyLWE3ZWYtZjEwNTg4NTZmZWIzL29wZXJhdGlvbnJlc3VsdHMvZXlKcWIySkpaQ0k2SWxKRlUwOVZVa05GUjFKUFZWQkVSVXhGVkVsUFRrcFBRaTFRVXpnek1ESXRWMFZUVkVORlRsUlNRVXhWVXlJc0ltcHZZa3h2WTJGMGFXOXVJam9pZDJWemRHTmxiblJ5WVd4MWN5Sjk/YXBpLXZlcnNpb249MjAxNi0wOS0wMQ==",
      "RequestMethod": "GET",
      "RequestBody": "",
      "RequestHeaders": {
        "User-Agent": [
          "FxVersion/4.7.3163.0",
          "OSName/Windows10Enterprise",
          "OSVersion/6.3.17134",
          "Microsoft.Azure.Management.Internal.Resources.ResourceManagementClient/4.1.0"
        ]
      },
      "ResponseBody": "",
      "ResponseHeaders": {
        "Content-Length": [
          "0"
        ],
        "Expires": [
          "-1"
        ],
        "Pragma": [
          "no-cache"
        ],
        "Retry-After": [
          "15"
        ],
        "x-ms-ratelimit-remaining-subscription-reads": [
          "11943"
        ],
        "x-ms-request-id": [
          "ac177dc4-f54a-4fc5-95f3-19d6ddb889c3"
        ],
        "x-ms-correlation-request-id": [
          "ac177dc4-f54a-4fc5-95f3-19d6ddb889c3"
        ],
        "x-ms-routing-request-id": [
          "BRAZILUS:20180915T000108Z:ac177dc4-f54a-4fc5-95f3-19d6ddb889c3"
        ],
        "Strict-Transport-Security": [
          "max-age=31536000; includeSubDomains"
        ],
        "X-Content-Type-Options": [
          "nosniff"
        ],
        "Cache-Control": [
          "no-cache"
        ],
        "Date": [
          "Sat, 15 Sep 2018 00:01:08 GMT"
        ],
        "Location": [
          "https://brazilus.management.azure.com/subscriptions/e05dbbce-79c2-45a2-a7ef-f1058856feb3/operationresults/eyJqb2JJZCI6IlJFU09VUkNFR1JPVVBERUxFVElPTkpPQi1QUzgzMDItV0VTVENFTlRSQUxVUyIsImpvYkxvY2F0aW9uIjoid2VzdGNlbnRyYWx1cyJ9?api-version=2016-09-01"
        ]
      },
      "StatusCode": 202
    },
    {
      "RequestUri": "/subscriptions/e05dbbce-79c2-45a2-a7ef-f1058856feb3/operationresults/eyJqb2JJZCI6IlJFU09VUkNFR1JPVVBERUxFVElPTkpPQi1QUzgzMDItV0VTVENFTlRSQUxVUyIsImpvYkxvY2F0aW9uIjoid2VzdGNlbnRyYWx1cyJ9?api-version=2016-09-01",
      "EncodedRequestUri": "L3N1YnNjcmlwdGlvbnMvZTA1ZGJiY2UtNzljMi00NWEyLWE3ZWYtZjEwNTg4NTZmZWIzL29wZXJhdGlvbnJlc3VsdHMvZXlKcWIySkpaQ0k2SWxKRlUwOVZVa05GUjFKUFZWQkVSVXhGVkVsUFRrcFBRaTFRVXpnek1ESXRWMFZUVkVORlRsUlNRVXhWVXlJc0ltcHZZa3h2WTJGMGFXOXVJam9pZDJWemRHTmxiblJ5WVd4MWN5Sjk/YXBpLXZlcnNpb249MjAxNi0wOS0wMQ==",
      "RequestMethod": "GET",
      "RequestBody": "",
      "RequestHeaders": {
        "User-Agent": [
          "FxVersion/4.7.3163.0",
          "OSName/Windows10Enterprise",
          "OSVersion/6.3.17134",
          "Microsoft.Azure.Management.Internal.Resources.ResourceManagementClient/4.1.0"
        ]
      },
      "ResponseBody": "",
      "ResponseHeaders": {
        "Content-Length": [
          "0"
        ],
        "Expires": [
          "-1"
        ],
        "Pragma": [
          "no-cache"
        ],
        "Retry-After": [
          "15"
        ],
        "x-ms-ratelimit-remaining-subscription-reads": [
          "11942"
        ],
        "x-ms-request-id": [
          "90fe3f42-4c61-4683-ad1f-710e28290590"
        ],
        "x-ms-correlation-request-id": [
          "90fe3f42-4c61-4683-ad1f-710e28290590"
        ],
        "x-ms-routing-request-id": [
          "BRAZILUS:20180915T000123Z:90fe3f42-4c61-4683-ad1f-710e28290590"
        ],
        "Strict-Transport-Security": [
          "max-age=31536000; includeSubDomains"
        ],
        "X-Content-Type-Options": [
          "nosniff"
        ],
        "Cache-Control": [
          "no-cache"
        ],
        "Date": [
          "Sat, 15 Sep 2018 00:01:23 GMT"
        ],
        "Location": [
          "https://brazilus.management.azure.com/subscriptions/e05dbbce-79c2-45a2-a7ef-f1058856feb3/operationresults/eyJqb2JJZCI6IlJFU09VUkNFR1JPVVBERUxFVElPTkpPQi1QUzgzMDItV0VTVENFTlRSQUxVUyIsImpvYkxvY2F0aW9uIjoid2VzdGNlbnRyYWx1cyJ9?api-version=2016-09-01"
        ]
      },
      "StatusCode": 202
    },
    {
      "RequestUri": "/subscriptions/e05dbbce-79c2-45a2-a7ef-f1058856feb3/operationresults/eyJqb2JJZCI6IlJFU09VUkNFR1JPVVBERUxFVElPTkpPQi1QUzgzMDItV0VTVENFTlRSQUxVUyIsImpvYkxvY2F0aW9uIjoid2VzdGNlbnRyYWx1cyJ9?api-version=2016-09-01",
      "EncodedRequestUri": "L3N1YnNjcmlwdGlvbnMvZTA1ZGJiY2UtNzljMi00NWEyLWE3ZWYtZjEwNTg4NTZmZWIzL29wZXJhdGlvbnJlc3VsdHMvZXlKcWIySkpaQ0k2SWxKRlUwOVZVa05GUjFKUFZWQkVSVXhGVkVsUFRrcFBRaTFRVXpnek1ESXRWMFZUVkVORlRsUlNRVXhWVXlJc0ltcHZZa3h2WTJGMGFXOXVJam9pZDJWemRHTmxiblJ5WVd4MWN5Sjk/YXBpLXZlcnNpb249MjAxNi0wOS0wMQ==",
      "RequestMethod": "GET",
      "RequestBody": "",
      "RequestHeaders": {
        "User-Agent": [
          "FxVersion/4.7.3163.0",
          "OSName/Windows10Enterprise",
          "OSVersion/6.3.17134",
          "Microsoft.Azure.Management.Internal.Resources.ResourceManagementClient/4.1.0"
        ]
      },
      "ResponseBody": "",
      "ResponseHeaders": {
        "Content-Length": [
          "0"
        ],
        "Expires": [
          "-1"
        ],
        "Pragma": [
          "no-cache"
        ],
        "Retry-After": [
          "15"
        ],
        "x-ms-ratelimit-remaining-subscription-reads": [
          "11941"
        ],
        "x-ms-request-id": [
          "46563c0b-7a94-4106-8165-2f47de7720ed"
        ],
        "x-ms-correlation-request-id": [
          "46563c0b-7a94-4106-8165-2f47de7720ed"
        ],
        "x-ms-routing-request-id": [
          "BRAZILUS:20180915T000138Z:46563c0b-7a94-4106-8165-2f47de7720ed"
        ],
        "Strict-Transport-Security": [
          "max-age=31536000; includeSubDomains"
        ],
        "X-Content-Type-Options": [
          "nosniff"
        ],
        "Cache-Control": [
          "no-cache"
        ],
        "Date": [
          "Sat, 15 Sep 2018 00:01:38 GMT"
        ],
        "Location": [
          "https://brazilus.management.azure.com/subscriptions/e05dbbce-79c2-45a2-a7ef-f1058856feb3/operationresults/eyJqb2JJZCI6IlJFU09VUkNFR1JPVVBERUxFVElPTkpPQi1QUzgzMDItV0VTVENFTlRSQUxVUyIsImpvYkxvY2F0aW9uIjoid2VzdGNlbnRyYWx1cyJ9?api-version=2016-09-01"
        ]
      },
      "StatusCode": 202
    },
    {
      "RequestUri": "/subscriptions/e05dbbce-79c2-45a2-a7ef-f1058856feb3/operationresults/eyJqb2JJZCI6IlJFU09VUkNFR1JPVVBERUxFVElPTkpPQi1QUzgzMDItV0VTVENFTlRSQUxVUyIsImpvYkxvY2F0aW9uIjoid2VzdGNlbnRyYWx1cyJ9?api-version=2016-09-01",
      "EncodedRequestUri": "L3N1YnNjcmlwdGlvbnMvZTA1ZGJiY2UtNzljMi00NWEyLWE3ZWYtZjEwNTg4NTZmZWIzL29wZXJhdGlvbnJlc3VsdHMvZXlKcWIySkpaQ0k2SWxKRlUwOVZVa05GUjFKUFZWQkVSVXhGVkVsUFRrcFBRaTFRVXpnek1ESXRWMFZUVkVORlRsUlNRVXhWVXlJc0ltcHZZa3h2WTJGMGFXOXVJam9pZDJWemRHTmxiblJ5WVd4MWN5Sjk/YXBpLXZlcnNpb249MjAxNi0wOS0wMQ==",
      "RequestMethod": "GET",
      "RequestBody": "",
      "RequestHeaders": {
        "User-Agent": [
          "FxVersion/4.7.3163.0",
          "OSName/Windows10Enterprise",
          "OSVersion/6.3.17134",
          "Microsoft.Azure.Management.Internal.Resources.ResourceManagementClient/4.1.0"
        ]
      },
      "ResponseBody": "",
      "ResponseHeaders": {
        "Content-Length": [
          "0"
        ],
        "Expires": [
          "-1"
        ],
        "Pragma": [
          "no-cache"
        ],
        "Retry-After": [
          "15"
        ],
        "x-ms-ratelimit-remaining-subscription-reads": [
          "11940"
        ],
        "x-ms-request-id": [
          "8eb21666-0cbe-4956-b718-313672249f01"
        ],
        "x-ms-correlation-request-id": [
          "8eb21666-0cbe-4956-b718-313672249f01"
        ],
        "x-ms-routing-request-id": [
          "BRAZILUS:20180915T000154Z:8eb21666-0cbe-4956-b718-313672249f01"
        ],
        "Strict-Transport-Security": [
          "max-age=31536000; includeSubDomains"
        ],
        "X-Content-Type-Options": [
          "nosniff"
        ],
        "Cache-Control": [
          "no-cache"
        ],
        "Date": [
          "Sat, 15 Sep 2018 00:01:53 GMT"
        ],
        "Location": [
          "https://brazilus.management.azure.com/subscriptions/e05dbbce-79c2-45a2-a7ef-f1058856feb3/operationresults/eyJqb2JJZCI6IlJFU09VUkNFR1JPVVBERUxFVElPTkpPQi1QUzgzMDItV0VTVENFTlRSQUxVUyIsImpvYkxvY2F0aW9uIjoid2VzdGNlbnRyYWx1cyJ9?api-version=2016-09-01"
        ]
      },
      "StatusCode": 202
    },
    {
      "RequestUri": "/subscriptions/e05dbbce-79c2-45a2-a7ef-f1058856feb3/operationresults/eyJqb2JJZCI6IlJFU09VUkNFR1JPVVBERUxFVElPTkpPQi1QUzgzMDItV0VTVENFTlRSQUxVUyIsImpvYkxvY2F0aW9uIjoid2VzdGNlbnRyYWx1cyJ9?api-version=2016-09-01",
      "EncodedRequestUri": "L3N1YnNjcmlwdGlvbnMvZTA1ZGJiY2UtNzljMi00NWEyLWE3ZWYtZjEwNTg4NTZmZWIzL29wZXJhdGlvbnJlc3VsdHMvZXlKcWIySkpaQ0k2SWxKRlUwOVZVa05GUjFKUFZWQkVSVXhGVkVsUFRrcFBRaTFRVXpnek1ESXRWMFZUVkVORlRsUlNRVXhWVXlJc0ltcHZZa3h2WTJGMGFXOXVJam9pZDJWemRHTmxiblJ5WVd4MWN5Sjk/YXBpLXZlcnNpb249MjAxNi0wOS0wMQ==",
      "RequestMethod": "GET",
      "RequestBody": "",
      "RequestHeaders": {
        "User-Agent": [
          "FxVersion/4.7.3163.0",
          "OSName/Windows10Enterprise",
          "OSVersion/6.3.17134",
          "Microsoft.Azure.Management.Internal.Resources.ResourceManagementClient/4.1.0"
        ]
      },
      "ResponseBody": "",
      "ResponseHeaders": {
        "Content-Length": [
          "0"
        ],
        "Expires": [
          "-1"
        ],
        "Pragma": [
          "no-cache"
        ],
        "Retry-After": [
          "15"
        ],
        "x-ms-ratelimit-remaining-subscription-reads": [
          "11939"
        ],
        "x-ms-request-id": [
          "40e6045a-f850-4168-b3b4-fc3effe18f89"
        ],
        "x-ms-correlation-request-id": [
          "40e6045a-f850-4168-b3b4-fc3effe18f89"
        ],
        "x-ms-routing-request-id": [
          "BRAZILUS:20180915T000209Z:40e6045a-f850-4168-b3b4-fc3effe18f89"
        ],
        "Strict-Transport-Security": [
          "max-age=31536000; includeSubDomains"
        ],
        "X-Content-Type-Options": [
          "nosniff"
        ],
        "Cache-Control": [
          "no-cache"
        ],
        "Date": [
          "Sat, 15 Sep 2018 00:02:08 GMT"
        ],
        "Location": [
          "https://brazilus.management.azure.com/subscriptions/e05dbbce-79c2-45a2-a7ef-f1058856feb3/operationresults/eyJqb2JJZCI6IlJFU09VUkNFR1JPVVBERUxFVElPTkpPQi1QUzgzMDItV0VTVENFTlRSQUxVUyIsImpvYkxvY2F0aW9uIjoid2VzdGNlbnRyYWx1cyJ9?api-version=2016-09-01"
        ]
      },
      "StatusCode": 202
    },
    {
      "RequestUri": "/subscriptions/e05dbbce-79c2-45a2-a7ef-f1058856feb3/operationresults/eyJqb2JJZCI6IlJFU09VUkNFR1JPVVBERUxFVElPTkpPQi1QUzgzMDItV0VTVENFTlRSQUxVUyIsImpvYkxvY2F0aW9uIjoid2VzdGNlbnRyYWx1cyJ9?api-version=2016-09-01",
      "EncodedRequestUri": "L3N1YnNjcmlwdGlvbnMvZTA1ZGJiY2UtNzljMi00NWEyLWE3ZWYtZjEwNTg4NTZmZWIzL29wZXJhdGlvbnJlc3VsdHMvZXlKcWIySkpaQ0k2SWxKRlUwOVZVa05GUjFKUFZWQkVSVXhGVkVsUFRrcFBRaTFRVXpnek1ESXRWMFZUVkVORlRsUlNRVXhWVXlJc0ltcHZZa3h2WTJGMGFXOXVJam9pZDJWemRHTmxiblJ5WVd4MWN5Sjk/YXBpLXZlcnNpb249MjAxNi0wOS0wMQ==",
      "RequestMethod": "GET",
      "RequestBody": "",
      "RequestHeaders": {
        "User-Agent": [
          "FxVersion/4.7.3163.0",
          "OSName/Windows10Enterprise",
          "OSVersion/6.3.17134",
          "Microsoft.Azure.Management.Internal.Resources.ResourceManagementClient/4.1.0"
        ]
      },
      "ResponseBody": "",
      "ResponseHeaders": {
        "Content-Length": [
          "0"
        ],
        "Expires": [
          "-1"
        ],
        "Pragma": [
          "no-cache"
        ],
        "Retry-After": [
          "15"
        ],
        "x-ms-ratelimit-remaining-subscription-reads": [
          "11938"
        ],
        "x-ms-request-id": [
          "5657915b-0f16-488d-af7d-a13fc6cb0d03"
        ],
        "x-ms-correlation-request-id": [
          "5657915b-0f16-488d-af7d-a13fc6cb0d03"
        ],
        "x-ms-routing-request-id": [
          "BRAZILUS:20180915T000224Z:5657915b-0f16-488d-af7d-a13fc6cb0d03"
        ],
        "Strict-Transport-Security": [
          "max-age=31536000; includeSubDomains"
        ],
        "X-Content-Type-Options": [
          "nosniff"
        ],
        "Cache-Control": [
          "no-cache"
        ],
        "Date": [
          "Sat, 15 Sep 2018 00:02:23 GMT"
        ],
        "Location": [
          "https://brazilus.management.azure.com/subscriptions/e05dbbce-79c2-45a2-a7ef-f1058856feb3/operationresults/eyJqb2JJZCI6IlJFU09VUkNFR1JPVVBERUxFVElPTkpPQi1QUzgzMDItV0VTVENFTlRSQUxVUyIsImpvYkxvY2F0aW9uIjoid2VzdGNlbnRyYWx1cyJ9?api-version=2016-09-01"
        ]
      },
      "StatusCode": 202
    },
    {
      "RequestUri": "/subscriptions/e05dbbce-79c2-45a2-a7ef-f1058856feb3/operationresults/eyJqb2JJZCI6IlJFU09VUkNFR1JPVVBERUxFVElPTkpPQi1QUzgzMDItV0VTVENFTlRSQUxVUyIsImpvYkxvY2F0aW9uIjoid2VzdGNlbnRyYWx1cyJ9?api-version=2016-09-01",
      "EncodedRequestUri": "L3N1YnNjcmlwdGlvbnMvZTA1ZGJiY2UtNzljMi00NWEyLWE3ZWYtZjEwNTg4NTZmZWIzL29wZXJhdGlvbnJlc3VsdHMvZXlKcWIySkpaQ0k2SWxKRlUwOVZVa05GUjFKUFZWQkVSVXhGVkVsUFRrcFBRaTFRVXpnek1ESXRWMFZUVkVORlRsUlNRVXhWVXlJc0ltcHZZa3h2WTJGMGFXOXVJam9pZDJWemRHTmxiblJ5WVd4MWN5Sjk/YXBpLXZlcnNpb249MjAxNi0wOS0wMQ==",
      "RequestMethod": "GET",
      "RequestBody": "",
      "RequestHeaders": {
        "User-Agent": [
          "FxVersion/4.7.3163.0",
          "OSName/Windows10Enterprise",
          "OSVersion/6.3.17134",
          "Microsoft.Azure.Management.Internal.Resources.ResourceManagementClient/4.1.0"
        ]
      },
      "ResponseBody": "",
      "ResponseHeaders": {
        "Content-Length": [
          "0"
        ],
        "Expires": [
          "-1"
        ],
        "Pragma": [
          "no-cache"
        ],
        "x-ms-ratelimit-remaining-subscription-reads": [
          "11937"
        ],
        "x-ms-request-id": [
          "39d44985-63b8-4b36-ab45-ed8018a0719c"
        ],
        "x-ms-correlation-request-id": [
          "39d44985-63b8-4b36-ab45-ed8018a0719c"
        ],
        "x-ms-routing-request-id": [
          "BRAZILUS:20180915T000239Z:39d44985-63b8-4b36-ab45-ed8018a0719c"
        ],
        "Strict-Transport-Security": [
          "max-age=31536000; includeSubDomains"
        ],
        "X-Content-Type-Options": [
          "nosniff"
        ],
        "Cache-Control": [
          "no-cache"
        ],
        "Date": [
          "Sat, 15 Sep 2018 00:02:39 GMT"
        ]
      },
      "StatusCode": 200
    },
    {
      "RequestUri": "/subscriptions/e05dbbce-79c2-45a2-a7ef-f1058856feb3/operationresults/eyJqb2JJZCI6IlJFU09VUkNFR1JPVVBERUxFVElPTkpPQi1QUzgzMDItV0VTVENFTlRSQUxVUyIsImpvYkxvY2F0aW9uIjoid2VzdGNlbnRyYWx1cyJ9?api-version=2016-09-01",
      "EncodedRequestUri": "L3N1YnNjcmlwdGlvbnMvZTA1ZGJiY2UtNzljMi00NWEyLWE3ZWYtZjEwNTg4NTZmZWIzL29wZXJhdGlvbnJlc3VsdHMvZXlKcWIySkpaQ0k2SWxKRlUwOVZVa05GUjFKUFZWQkVSVXhGVkVsUFRrcFBRaTFRVXpnek1ESXRWMFZUVkVORlRsUlNRVXhWVXlJc0ltcHZZa3h2WTJGMGFXOXVJam9pZDJWemRHTmxiblJ5WVd4MWN5Sjk/YXBpLXZlcnNpb249MjAxNi0wOS0wMQ==",
      "RequestMethod": "GET",
      "RequestBody": "",
      "RequestHeaders": {
        "User-Agent": [
          "FxVersion/4.7.3163.0",
          "OSName/Windows10Enterprise",
          "OSVersion/6.3.17134",
          "Microsoft.Azure.Management.Internal.Resources.ResourceManagementClient/4.1.0"
        ]
      },
      "ResponseBody": "",
      "ResponseHeaders": {
        "Content-Length": [
          "0"
        ],
        "Expires": [
          "-1"
        ],
        "Pragma": [
          "no-cache"
        ],
        "x-ms-ratelimit-remaining-subscription-reads": [
          "11936"
        ],
        "x-ms-request-id": [
          "9b078018-0180-44a4-8ef5-1d24f252aba4"
        ],
        "x-ms-correlation-request-id": [
          "9b078018-0180-44a4-8ef5-1d24f252aba4"
        ],
        "x-ms-routing-request-id": [
          "BRAZILUS:20180915T000239Z:9b078018-0180-44a4-8ef5-1d24f252aba4"
        ],
        "Strict-Transport-Security": [
          "max-age=31536000; includeSubDomains"
        ],
        "X-Content-Type-Options": [
          "nosniff"
        ],
        "Cache-Control": [
          "no-cache"
        ],
        "Date": [
          "Sat, 15 Sep 2018 00:02:39 GMT"
        ]
      },
      "StatusCode": 200
    }
  ],
  "Names": {
    "Test-ContainerNetworkInterfaceConfigCRUDSet": [
      "ps8302",
      "ps3845"
    ]
  },
  "Variables": {
    "SubscriptionId": "e05dbbce-79c2-45a2-a7ef-f1058856feb3"
  }
}