{
  "Entries": [
    {
      "RequestUri": "/pools?api-version=2024-02-01.19.0",
      "EncodedRequestUri": "L3Bvb2xzP2FwaS12ZXJzaW9uPTIwMjQtMDItMDEuMTkuMA==",
      "RequestMethod": "POST",
      "RequestHeaders": {
        "client-request-id": [
          "bb82b64b-c267-4d74-85e7-db3333938c6c"
        ],
        "Accept-Language": [
          "en-US"
        ],
        "ocp-date": [
          "Wed, 13 Nov 2024 21:32:44 GMT"
        ],
        "User-Agent": [
          "FxVersion/6.0.3524.45918",
          "OSName/Windows",
          "OSVersion/Microsoft.Windows.10.0.26120",
          "Microsoft.Azure.Batch.Protocol.BatchServiceClient/16.200.24.12902",
          "AzurePowershell/Az1.0.0"
        ],
        "Content-Type": [
          "application/json; odata=minimalmetadata; charset=utf-8"
        ],
        "Content-Length": [
          "533"
        ]
      },
      "RequestBody": "{\r\n  \"id\": \"resizePool\",\r\n  \"vmSize\": \"STANDARD_D2S_V3\",\r\n  \"virtualMachineConfiguration\": {\r\n    \"imageReference\": {\r\n      \"publisher\": \"canonical\",\r\n      \"offer\": \"0001-com-ubuntu-server-focal\",\r\n      \"sku\": \"20_04-lts\"\r\n    },\r\n    \"nodeAgentSKUId\": \"batch.node.ubuntu 20.04\",\r\n    \"nodePlacementConfiguration\": {\r\n      \"policy\": \"zonal\"\r\n    }\r\n  },\r\n  \"targetDedicatedNodes\": 0,\r\n  \"targetLowPriorityNodes\": 0,\r\n  \"enableInterNodeCommunication\": true,\r\n  \"taskSlotsPerNode\": 1,\r\n  \"targetNodeCommunicationMode\": \"default\"\r\n}",
      "ResponseHeaders": {
        "Server": [
          "Microsoft-HTTPAPI/2.0"
        ],
        "request-id": [
          "db827ca3-992c-4d16-8339-4a8a585c7662"
        ],
        "Strict-Transport-Security": [
          "max-age=31536000; includeSubDomains"
        ],
        "X-Content-Type-Options": [
          "nosniff"
        ],
        "DataServiceVersion": [
          "3.0"
        ],
        "Date": [
          "Wed, 13 Nov 2024 21:32:44 GMT"
        ],
        "Content-Length": [
          "332"
        ],
        "Content-Type": [
          "application/json; odata=minimalmetadata"
        ]
      },
      "ResponseBody": "{\r\n  \"odata.metadata\": \"https://dawatrouhobo.eastus2.batch.azure.com/$metadata#Microsoft.Azure.Batch.Protocol.Entities.Container.errors/@Element\",\r\n  \"code\": \"PoolExists\",\r\n  \"message\": {\r\n    \"lang\": \"en-US\",\r\n    \"value\": \"The specified pool already exists.\\nRequestId:db827ca3-992c-4d16-8339-4a8a585c7662\\nTime:2024-11-13T21:32:44.6132183Z\"\r\n  }\r\n}",
      "StatusCode": 409
    },
    {
      "RequestUri": "/pools/resizePool?api-version=2024-02-01.19.0",
      "EncodedRequestUri": "L3Bvb2xzL3Jlc2l6ZVBvb2w/YXBpLXZlcnNpb249MjAyNC0wMi0wMS4xOS4w",
      "RequestMethod": "GET",
      "RequestHeaders": {
        "client-request-id": [
          "e712069f-043e-4593-bd77-0c378803e144"
        ],
        "Accept-Language": [
          "en-US"
        ],
        "ocp-date": [
          "Wed, 13 Nov 2024 21:32:46 GMT"
        ],
        "x-ms-client-request-id": [
          "3fe89565-2cd2-4eb4-953e-c848db17fe92"
        ],
        "User-Agent": [
          "FxVersion/6.0.3524.45918",
          "OSName/Windows",
          "OSVersion/Microsoft.Windows.10.0.26120",
          "Microsoft.Azure.Batch.Protocol.BatchServiceClient/16.200.24.12902",
          "AzurePowershell/Az1.0.0"
        ]
      },
      "RequestBody": "",
      "ResponseHeaders": {
        "Transfer-Encoding": [
          "chunked"
        ],
        "ETag": [
          "0x8DD042995B6BAE1"
        ],
        "Server": [
          "Microsoft-HTTPAPI/2.0"
        ],
        "request-id": [
          "bd06a672-3bd1-4227-9045-69ab3ce044e9"
        ],
        "Strict-Transport-Security": [
          "max-age=31536000; includeSubDomains"
        ],
        "X-Content-Type-Options": [
          "nosniff"
        ],
        "DataServiceVersion": [
          "3.0"
        ],
        "Date": [
          "Wed, 13 Nov 2024 21:32:46 GMT"
        ],
        "Content-Type": [
          "application/json; odata=minimalmetadata"
        ],
        "Last-Modified": [
          "Wed, 13 Nov 2024 21:24:40 GMT"
        ]
      },
      "ResponseBody": "{\r\n  \"odata.metadata\": \"https://dawatrouhobo.eastus2.batch.azure.com/$metadata#pools/@Element\",\r\n  \"id\": \"resizePool\",\r\n  \"url\": \"https://dawatrouhobo.eastus2.batch.azure.com/pools/resizePool\",\r\n  \"eTag\": \"0x8DD042995B6BAE1\",\r\n  \"lastModified\": \"2024-11-13T21:24:40.8429281Z\",\r\n  \"creationTime\": \"2024-11-13T21:24:40.8429269Z\",\r\n  \"state\": \"active\",\r\n  \"stateTransitionTime\": \"2024-11-13T21:24:40.8429269Z\",\r\n  \"allocationState\": \"steady\",\r\n  \"allocationStateTransitionTime\": \"2024-11-13T21:24:42.7845704Z\",\r\n  \"vmSize\": \"standard_d2s_v3\",\r\n  \"resizeTimeout\": \"PT15M\",\r\n  \"currentDedicatedNodes\": 0,\r\n  \"targetDedicatedNodes\": 0,\r\n  \"currentLowPriorityNodes\": 0,\r\n  \"targetLowPriorityNodes\": 0,\r\n  \"enableAutoScale\": false,\r\n  \"enableInterNodeCommunication\": true,\r\n  \"certificateReferences\": [],\r\n  \"taskSlotsPerNode\": 1,\r\n  \"taskSchedulingPolicy\": {\r\n    \"nodeFillType\": \"Spread\"\r\n  },\r\n  \"virtualMachineConfiguration\": {\r\n    \"imageReference\": {\r\n      \"publisher\": \"canonical\",\r\n      \"offer\": \"0001-com-ubuntu-server-focal\",\r\n      \"sku\": \"20_04-lts\",\r\n      \"version\": \"latest\"\r\n    },\r\n    \"nodeAgentSKUId\": \"batch.node.ubuntu 20.04\",\r\n    \"nodePlacementConfiguration\": {\r\n      \"policy\": \"Zonal\"\r\n    }\r\n  },\r\n  \"targetNodeCommunicationMode\": \"default\"\r\n}",
      "StatusCode": 200
    },
    {
      "RequestUri": "/pools/resizePool?api-version=2024-02-01.19.0",
      "EncodedRequestUri": "L3Bvb2xzL3Jlc2l6ZVBvb2w/YXBpLXZlcnNpb249MjAyNC0wMi0wMS4xOS4w",
      "RequestMethod": "GET",
      "RequestHeaders": {
        "client-request-id": [
          "b33ee1f2-a279-4f5b-b7c3-cb972e395de4"
        ],
        "Accept-Language": [
          "en-US"
        ],
        "ocp-date": [
          "Wed, 13 Nov 2024 21:32:47 GMT"
        ],
        "x-ms-client-request-id": [
          "fe17e763-d86b-488c-ae2f-634d20885464"
        ],
        "User-Agent": [
          "FxVersion/6.0.3524.45918",
          "OSName/Windows",
          "OSVersion/Microsoft.Windows.10.0.26120",
          "Microsoft.Azure.Batch.Protocol.BatchServiceClient/16.200.24.12902",
          "AzurePowershell/Az1.0.0"
        ]
      },
      "RequestBody": "",
      "ResponseHeaders": {
        "Transfer-Encoding": [
          "chunked"
        ],
        "ETag": [
          "0x8DD042AB7954511"
        ],
        "Server": [
          "Microsoft-HTTPAPI/2.0"
        ],
        "request-id": [
          "b3404539-75dc-420a-9e8d-c4de57f1abf8"
        ],
        "Strict-Transport-Security": [
          "max-age=31536000; includeSubDomains"
        ],
        "X-Content-Type-Options": [
          "nosniff"
        ],
        "DataServiceVersion": [
          "3.0"
        ],
        "Date": [
          "Wed, 13 Nov 2024 21:32:46 GMT"
        ],
        "Content-Type": [
          "application/json; odata=minimalmetadata"
        ],
        "Last-Modified": [
          "Wed, 13 Nov 2024 21:32:47 GMT"
        ]
      },
      "ResponseBody": "{\r\n  \"odata.metadata\": \"https://dawatrouhobo.eastus2.batch.azure.com/$metadata#pools/@Element\",\r\n  \"id\": \"resizePool\",\r\n  \"url\": \"https://dawatrouhobo.eastus2.batch.azure.com/pools/resizePool\",\r\n  \"eTag\": \"0x8DD042AB7954511\",\r\n  \"lastModified\": \"2024-11-13T21:32:47.1629073Z\",\r\n  \"creationTime\": \"2024-11-13T21:24:40.8429269Z\",\r\n  \"state\": \"active\",\r\n  \"stateTransitionTime\": \"2024-11-13T21:24:40.8429269Z\",\r\n  \"allocationState\": \"resizing\",\r\n  \"allocationStateTransitionTime\": \"2024-11-13T21:32:47.1629073Z\",\r\n  \"vmSize\": \"standard_d2s_v3\",\r\n  \"resizeTimeout\": \"PT15M\",\r\n  \"currentDedicatedNodes\": 0,\r\n  \"targetDedicatedNodes\": 1,\r\n  \"currentLowPriorityNodes\": 0,\r\n  \"targetLowPriorityNodes\": 0,\r\n  \"enableAutoScale\": false,\r\n  \"enableInterNodeCommunication\": true,\r\n  \"certificateReferences\": [],\r\n  \"taskSlotsPerNode\": 1,\r\n  \"taskSchedulingPolicy\": {\r\n    \"nodeFillType\": \"Spread\"\r\n  },\r\n  \"virtualMachineConfiguration\": {\r\n    \"imageReference\": {\r\n      \"publisher\": \"canonical\",\r\n      \"offer\": \"0001-com-ubuntu-server-focal\",\r\n      \"sku\": \"20_04-lts\",\r\n      \"version\": \"latest\"\r\n    },\r\n    \"nodeAgentSKUId\": \"batch.node.ubuntu 20.04\",\r\n    \"nodePlacementConfiguration\": {\r\n      \"policy\": \"Zonal\"\r\n    }\r\n  },\r\n  \"targetNodeCommunicationMode\": \"default\"\r\n}",
      "StatusCode": 200
    },
    {
      "RequestUri": "/pools/resizePool?api-version=2024-02-01.19.0",
      "EncodedRequestUri": "L3Bvb2xzL3Jlc2l6ZVBvb2w/YXBpLXZlcnNpb249MjAyNC0wMi0wMS4xOS4w",
      "RequestMethod": "GET",
      "RequestHeaders": {
        "client-request-id": [
          "35678a6b-87e8-4e5c-b15f-9c129e96b5f7"
        ],
        "Accept-Language": [
          "en-US"
        ],
        "ocp-date": [
          "Wed, 13 Nov 2024 21:32:47 GMT"
        ],
        "x-ms-client-request-id": [
          "3d461675-4627-4c55-ba22-744ef9631b79"
        ],
        "User-Agent": [
          "FxVersion/6.0.3524.45918",
          "OSName/Windows",
          "OSVersion/Microsoft.Windows.10.0.26120",
          "Microsoft.Azure.Batch.Protocol.BatchServiceClient/16.200.24.12902",
          "AzurePowershell/Az1.0.0"
        ]
      },
      "RequestBody": "",
      "ResponseHeaders": {
        "Transfer-Encoding": [
          "chunked"
        ],
        "ETag": [
          "0x8DD042AB7954511"
        ],
        "Server": [
          "Microsoft-HTTPAPI/2.0"
        ],
        "request-id": [
          "dea41e9d-01a9-4347-be50-1efcd8f64ba3"
        ],
        "Strict-Transport-Security": [
          "max-age=31536000; includeSubDomains"
        ],
        "X-Content-Type-Options": [
          "nosniff"
        ],
        "DataServiceVersion": [
          "3.0"
        ],
        "Date": [
          "Wed, 13 Nov 2024 21:32:46 GMT"
        ],
        "Content-Type": [
          "application/json; odata=minimalmetadata"
        ],
        "Last-Modified": [
          "Wed, 13 Nov 2024 21:32:47 GMT"
        ]
      },
      "ResponseBody": "{\r\n  \"odata.metadata\": \"https://dawatrouhobo.eastus2.batch.azure.com/$metadata#pools/@Element\",\r\n  \"id\": \"resizePool\",\r\n  \"url\": \"https://dawatrouhobo.eastus2.batch.azure.com/pools/resizePool\",\r\n  \"eTag\": \"0x8DD042AB7954511\",\r\n  \"lastModified\": \"2024-11-13T21:32:47.1629073Z\",\r\n  \"creationTime\": \"2024-11-13T21:24:40.8429269Z\",\r\n  \"state\": \"active\",\r\n  \"stateTransitionTime\": \"2024-11-13T21:24:40.8429269Z\",\r\n  \"allocationState\": \"stopping\",\r\n  \"allocationStateTransitionTime\": \"2024-11-13T21:32:47.283082Z\",\r\n  \"vmSize\": \"standard_d2s_v3\",\r\n  \"resizeTimeout\": \"PT15M\",\r\n  \"currentDedicatedNodes\": 0,\r\n  \"targetDedicatedNodes\": 1,\r\n  \"currentLowPriorityNodes\": 0,\r\n  \"targetLowPriorityNodes\": 0,\r\n  \"enableAutoScale\": false,\r\n  \"enableInterNodeCommunication\": true,\r\n  \"certificateReferences\": [],\r\n  \"taskSlotsPerNode\": 1,\r\n  \"taskSchedulingPolicy\": {\r\n    \"nodeFillType\": \"Spread\"\r\n  },\r\n  \"virtualMachineConfiguration\": {\r\n    \"imageReference\": {\r\n      \"publisher\": \"canonical\",\r\n      \"offer\": \"0001-com-ubuntu-server-focal\",\r\n      \"sku\": \"20_04-lts\",\r\n      \"version\": \"latest\"\r\n    },\r\n    \"nodeAgentSKUId\": \"batch.node.ubuntu 20.04\",\r\n    \"nodePlacementConfiguration\": {\r\n      \"policy\": \"Zonal\"\r\n    }\r\n  },\r\n  \"targetNodeCommunicationMode\": \"default\"\r\n}",
      "StatusCode": 200
    },
    {
      "RequestUri": "/pools/resizePool?api-version=2024-02-01.19.0",
      "EncodedRequestUri": "L3Bvb2xzL3Jlc2l6ZVBvb2w/YXBpLXZlcnNpb249MjAyNC0wMi0wMS4xOS4w",
      "RequestMethod": "GET",
      "RequestHeaders": {
        "client-request-id": [
          "74073714-0664-4673-a6b7-3f52b60c6ef5"
        ],
        "Accept-Language": [
          "en-US"
        ],
        "ocp-date": [
          "Wed, 13 Nov 2024 21:32:47 GMT"
        ],
        "User-Agent": [
          "FxVersion/6.0.3524.45918",
          "OSName/Windows",
          "OSVersion/Microsoft.Windows.10.0.26120",
          "Microsoft.Azure.Batch.Protocol.BatchServiceClient/16.200.24.12902",
          "AzurePowershell/Az1.0.0"
        ]
      },
      "RequestBody": "",
      "ResponseHeaders": {
        "Transfer-Encoding": [
          "chunked"
        ],
        "ETag": [
          "0x8DD042AB7954511"
        ],
        "Server": [
          "Microsoft-HTTPAPI/2.0"
        ],
        "request-id": [
          "b5341868-5920-4994-815c-8c7d31ab88bf"
        ],
        "Strict-Transport-Security": [
          "max-age=31536000; includeSubDomains"
        ],
        "X-Content-Type-Options": [
          "nosniff"
        ],
        "DataServiceVersion": [
          "3.0"
        ],
        "Date": [
          "Wed, 13 Nov 2024 21:32:47 GMT"
        ],
        "Content-Type": [
          "application/json; odata=minimalmetadata"
        ],
        "Last-Modified": [
          "Wed, 13 Nov 2024 21:32:47 GMT"
        ]
      },
      "ResponseBody": "{\r\n  \"odata.metadata\": \"https://dawatrouhobo.eastus2.batch.azure.com/$metadata#pools/@Element\",\r\n  \"id\": \"resizePool\",\r\n  \"url\": \"https://dawatrouhobo.eastus2.batch.azure.com/pools/resizePool\",\r\n  \"eTag\": \"0x8DD042AB7954511\",\r\n  \"lastModified\": \"2024-11-13T21:32:47.1629073Z\",\r\n  \"creationTime\": \"2024-11-13T21:24:40.8429269Z\",\r\n  \"state\": \"active\",\r\n  \"stateTransitionTime\": \"2024-11-13T21:24:40.8429269Z\",\r\n  \"allocationState\": \"stopping\",\r\n  \"allocationStateTransitionTime\": \"2024-11-13T21:32:47.283082Z\",\r\n  \"vmSize\": \"standard_d2s_v3\",\r\n  \"resizeTimeout\": \"PT15M\",\r\n  \"currentDedicatedNodes\": 0,\r\n  \"targetDedicatedNodes\": 1,\r\n  \"currentLowPriorityNodes\": 0,\r\n  \"targetLowPriorityNodes\": 0,\r\n  \"enableAutoScale\": false,\r\n  \"enableInterNodeCommunication\": true,\r\n  \"certificateReferences\": [],\r\n  \"taskSlotsPerNode\": 1,\r\n  \"taskSchedulingPolicy\": {\r\n    \"nodeFillType\": \"Spread\"\r\n  },\r\n  \"virtualMachineConfiguration\": {\r\n    \"imageReference\": {\r\n      \"publisher\": \"canonical\",\r\n      \"offer\": \"0001-com-ubuntu-server-focal\",\r\n      \"sku\": \"20_04-lts\",\r\n      \"version\": \"latest\"\r\n    },\r\n    \"nodeAgentSKUId\": \"batch.node.ubuntu 20.04\",\r\n    \"nodePlacementConfiguration\": {\r\n      \"policy\": \"Zonal\"\r\n    }\r\n  },\r\n  \"targetNodeCommunicationMode\": \"default\"\r\n}",
      "StatusCode": 200
    },
    {
      "RequestUri": "/pools/resizePool?api-version=2024-02-01.19.0",
      "EncodedRequestUri": "L3Bvb2xzL3Jlc2l6ZVBvb2w/YXBpLXZlcnNpb249MjAyNC0wMi0wMS4xOS4w",
      "RequestMethod": "GET",
      "RequestHeaders": {
        "client-request-id": [
          "0db89708-db59-4edf-a61f-f813aba4d423"
        ],
        "Accept-Language": [
          "en-US"
        ],
        "ocp-date": [
          "Wed, 13 Nov 2024 21:32:52 GMT"
        ],
        "User-Agent": [
          "FxVersion/6.0.3524.45918",
          "OSName/Windows",
          "OSVersion/Microsoft.Windows.10.0.26120",
          "Microsoft.Azure.Batch.Protocol.BatchServiceClient/16.200.24.12902",
          "AzurePowershell/Az1.0.0"
        ]
      },
      "RequestBody": "",
      "ResponseHeaders": {
        "Transfer-Encoding": [
          "chunked"
        ],
        "ETag": [
          "0x8DD042AB7954511"
        ],
        "Server": [
          "Microsoft-HTTPAPI/2.0"
        ],
        "request-id": [
          "93e9bf09-5b00-4689-af60-fcc18f3c456a"
        ],
        "Strict-Transport-Security": [
          "max-age=31536000; includeSubDomains"
        ],
        "X-Content-Type-Options": [
          "nosniff"
        ],
        "DataServiceVersion": [
          "3.0"
        ],
        "Date": [
          "Wed, 13 Nov 2024 21:32:52 GMT"
        ],
        "Content-Type": [
          "application/json; odata=minimalmetadata"
        ],
        "Last-Modified": [
          "Wed, 13 Nov 2024 21:32:47 GMT"
        ]
      },
      "ResponseBody": "{\r\n  \"odata.metadata\": \"https://dawatrouhobo.eastus2.batch.azure.com/$metadata#pools/@Element\",\r\n  \"id\": \"resizePool\",\r\n  \"url\": \"https://dawatrouhobo.eastus2.batch.azure.com/pools/resizePool\",\r\n  \"eTag\": \"0x8DD042AB7954511\",\r\n  \"lastModified\": \"2024-11-13T21:32:47.1629073Z\",\r\n  \"creationTime\": \"2024-11-13T21:24:40.8429269Z\",\r\n  \"state\": \"active\",\r\n  \"stateTransitionTime\": \"2024-11-13T21:24:40.8429269Z\",\r\n  \"allocationState\": \"steady\",\r\n  \"allocationStateTransitionTime\": \"2024-11-13T21:32:52.3053802Z\",\r\n  \"vmSize\": \"standard_d2s_v3\",\r\n  \"resizeTimeout\": \"PT15M\",\r\n  \"currentDedicatedNodes\": 0,\r\n  \"targetDedicatedNodes\": 1,\r\n  \"currentLowPriorityNodes\": 0,\r\n  \"targetLowPriorityNodes\": 0,\r\n  \"resizeErrors\": [\r\n    {\r\n      \"code\": \"ResizeStopped\",\r\n      \"message\": \"Desired number of dedicated nodes could not be allocated due to a stop resize operation\"\r\n    }\r\n  ],\r\n  \"enableAutoScale\": false,\r\n  \"enableInterNodeCommunication\": true,\r\n  \"certificateReferences\": [],\r\n  \"taskSlotsPerNode\": 1,\r\n  \"taskSchedulingPolicy\": {\r\n    \"nodeFillType\": \"Spread\"\r\n  },\r\n  \"virtualMachineConfiguration\": {\r\n    \"imageReference\": {\r\n      \"publisher\": \"canonical\",\r\n      \"offer\": \"0001-com-ubuntu-server-focal\",\r\n      \"sku\": \"20_04-lts\",\r\n      \"version\": \"latest\"\r\n    },\r\n    \"nodeAgentSKUId\": \"batch.node.ubuntu 20.04\",\r\n    \"nodePlacementConfiguration\": {\r\n      \"policy\": \"Zonal\"\r\n    }\r\n  },\r\n  \"targetNodeCommunicationMode\": \"default\"\r\n}",
      "StatusCode": 200
    },
    {
      "RequestUri": "/pools/resizePool/resize?api-version=2024-02-01.19.0",
      "EncodedRequestUri": "L3Bvb2xzL3Jlc2l6ZVBvb2wvcmVzaXplP2FwaS12ZXJzaW9uPTIwMjQtMDItMDEuMTkuMA==",
      "RequestMethod": "POST",
      "RequestHeaders": {
        "client-request-id": [
          "35746a17-6bd8-4387-98ec-6fe6c6c31388"
        ],
        "Accept-Language": [
          "en-US"
        ],
        "ocp-date": [
          "Wed, 13 Nov 2024 21:32:47 GMT"
        ],
        "x-ms-client-request-id": [
          "c4d88f93-9eed-42b2-9145-30cd119aa7d0"
        ],
        "User-Agent": [
          "FxVersion/6.0.3524.45918",
          "OSName/Windows",
          "OSVersion/Microsoft.Windows.10.0.26120",
          "Microsoft.Azure.Batch.Protocol.BatchServiceClient/16.200.24.12902",
          "AzurePowershell/Az1.0.0"
        ],
        "Content-Type": [
          "application/json; odata=minimalmetadata; charset=utf-8"
        ],
        "Content-Length": [
          "33"
        ]
      },
      "RequestBody": "{\r\n  \"targetDedicatedNodes\": 1\r\n}",
      "ResponseHeaders": {
        "Transfer-Encoding": [
          "chunked"
        ],
        "ETag": [
          "0x8DD042AB7954511"
        ],
        "Server": [
          "Microsoft-HTTPAPI/2.0"
        ],
        "request-id": [
          "8c3e4327-ab3c-4a13-b5e6-5dacddf6b835"
        ],
        "Strict-Transport-Security": [
          "max-age=31536000; includeSubDomains"
        ],
        "X-Content-Type-Options": [
          "nosniff"
        ],
        "DataServiceVersion": [
          "3.0"
        ],
        "DataServiceId": [
          "https://dawatrouhobo.eastus2.batch.azure.com/pools/resizePool/resize"
        ],
        "Date": [
          "Wed, 13 Nov 2024 21:32:46 GMT"
        ],
        "Last-Modified": [
          "Wed, 13 Nov 2024 21:32:47 GMT"
        ]
      },
      "ResponseBody": "",
      "StatusCode": 202
    },
    {
      "RequestUri": "/pools/resizePool/stopresize?api-version=2024-02-01.19.0",
      "EncodedRequestUri": "L3Bvb2xzL3Jlc2l6ZVBvb2wvc3RvcHJlc2l6ZT9hcGktdmVyc2lvbj0yMDI0LTAyLTAxLjE5LjA=",
      "RequestMethod": "POST",
      "RequestHeaders": {
        "client-request-id": [
          "3d7a9134-5a89-4987-a729-69917bb8e366"
        ],
        "Accept-Language": [
          "en-US"
        ],
        "ocp-date": [
          "Wed, 13 Nov 2024 21:32:47 GMT"
        ],
        "x-ms-client-request-id": [
          "e087fe81-211d-4804-9fdf-01878a68989b"
        ],
        "User-Agent": [
          "FxVersion/6.0.3524.45918",
          "OSName/Windows",
          "OSVersion/Microsoft.Windows.10.0.26120",
          "Microsoft.Azure.Batch.Protocol.BatchServiceClient/16.200.24.12902",
          "AzurePowershell/Az1.0.0"
        ],
        "Content-Length": [
          "0"
        ]
      },
      "RequestBody": "",
      "ResponseHeaders": {
        "Transfer-Encoding": [
          "chunked"
        ],
        "ETag": [
          "0x8DD042AB7954511"
        ],
        "Server": [
          "Microsoft-HTTPAPI/2.0"
        ],
        "request-id": [
          "f019160e-5efd-4b63-ad25-6a6038880379"
        ],
        "Strict-Transport-Security": [
          "max-age=31536000; includeSubDomains"
        ],
        "X-Content-Type-Options": [
          "nosniff"
        ],
        "DataServiceVersion": [
          "3.0"
        ],
        "DataServiceId": [
          "https://dawatrouhobo.eastus2.batch.azure.com/pools/resizePool/stopresize"
        ],
        "Date": [
          "Wed, 13 Nov 2024 21:32:46 GMT"
        ],
        "Last-Modified": [
          "Wed, 13 Nov 2024 21:32:47 GMT"
        ]
      },
      "ResponseBody": "",
      "StatusCode": 202
    },
    {
      "RequestUri": "/pools/resizePool?api-version=2024-02-01.19.0",
      "EncodedRequestUri": "L3Bvb2xzL3Jlc2l6ZVBvb2w/YXBpLXZlcnNpb249MjAyNC0wMi0wMS4xOS4w",
      "RequestMethod": "DELETE",
      "RequestHeaders": {
        "client-request-id": [
          "5156c509-4162-4a75-aede-c5c4918019ba"
        ],
        "Accept-Language": [
          "en-US"
        ],
        "ocp-date": [
          "Wed, 13 Nov 2024 21:32:52 GMT"
        ],
        "User-Agent": [
          "FxVersion/6.0.3524.45918",
          "OSName/Windows",
          "OSVersion/Microsoft.Windows.10.0.26120",
          "Microsoft.Azure.Batch.Protocol.BatchServiceClient/16.200.24.12902",
          "AzurePowershell/Az1.0.0"
        ],
        "Content-Length": [
          "0"
        ]
      },
      "RequestBody": "",
      "ResponseHeaders": {
        "Transfer-Encoding": [
          "chunked"
        ],
        "Server": [
          "Microsoft-HTTPAPI/2.0"
        ],
        "request-id": [
          "313b8478-88c6-4c8b-b50a-d87144f17e0a"
        ],
        "Strict-Transport-Security": [
          "max-age=31536000; includeSubDomains"
        ],
        "X-Content-Type-Options": [
          "nosniff"
        ],
        "DataServiceVersion": [
          "3.0"
        ],
        "Date": [
          "Wed, 13 Nov 2024 21:32:52 GMT"
        ]
      },
      "ResponseBody": "",
      "StatusCode": 202
    }
  ],
  "Names": {},
  "Variables": {
    "SubscriptionId": "21abd678-18c5-4660-9fdd-8c5ba6b6fe1f",
    "AZURE_BATCH_ACCOUNT": "dawatrouhobo",
    "AZURE_BATCH_ENDPOINT": "https://dawatrouhobo.eastus2.batch.azure.com",
    "AZURE_BATCH_RESOURCE_GROUP": "dawatrou-rg"
  }
}