{
  "Entries": [
    {
      "RequestUri": "/pools?api-version=2024-07-01.20.0",
      "EncodedRequestUri": "L3Bvb2xzP2FwaS12ZXJzaW9uPTIwMjQtMDctMDEuMjAuMA==",
      "RequestMethod": "POST",
      "RequestHeaders": {
        "Accept-Language": [
          "en-US"
        ],
        "client-request-id": [
          "963be595-75bb-44bb-980c-f416a0ead922"
        ],
        "ocp-date": [
          "Wed, 29 Oct 2025 00:35:42 GMT"
        ],
        "x-ms-client-request-id": [
          "8a3dd911-d417-4c30-a42c-a1ba47c3189e"
        ],
        "User-Agent": [
          "FxVersion/8.0.2125.47513",
          "OSName/Windows",
          "OSVersion/Microsoft.Windows.10.0.26200",
          "Microsoft.Azure.Batch.Protocol.BatchServiceClient/16.300.124.47002",
          "AzurePowershell/Az1.0.0"
        ],
        "Content-Type": [
          "application/json; odata=minimalmetadata; charset=utf-8"
        ],
        "Content-Length": [
          "496"
        ]
      },
      "RequestBody": "{\r\n  \"id\": \"pool1\",\r\n  \"vmSize\": \"standard_d1_v2\",\r\n  \"virtualMachineConfiguration\": {\r\n    \"imageReference\": {\r\n      \"publisher\": \"microsoft-azure-batch\",\r\n      \"offer\": \"ubuntu-server-container\",\r\n      \"sku\": \"20-04-lts\"\r\n    },\r\n    \"nodeAgentSKUId\": \"batch.node.ubuntu 20.04\",\r\n    \"containerConfiguration\": {\r\n      \"type\": \"dockerCompatible\",\r\n      \"containerImageNames\": [\r\n        \"test1\"\r\n      ]\r\n    }\r\n  },\r\n  \"targetDedicatedNodes\": 0,\r\n  \"enableInterNodeCommunication\": false\r\n}",
      "ResponseHeaders": {
        "Transfer-Encoding": [
          "chunked"
        ],
        "ETag": [
          "0x8DE168317A0141F"
        ],
        "Location": [
          "https://dotnotsdkbatchaccount2.eastus2.batch.azure.com/pools/pool1"
        ],
        "Server": [
          "Microsoft-HTTPAPI/2.0"
        ],
        "request-id": [
          "82c3f980-b2c5-426b-9f86-ad87bf9102b3"
        ],
        "Strict-Transport-Security": [
          "max-age=31536000; includeSubDomains"
        ],
        "X-Content-Type-Options": [
          "nosniff"
        ],
        "DataServiceVersion": [
          "3.0"
        ],
        "DataServiceId": [
          "https://dotnotsdkbatchaccount2.eastus2.batch.azure.com/pools/pool1"
        ],
        "Date": [
          "Wed, 29 Oct 2025 00:35:42 GMT"
        ],
        "Last-Modified": [
          "Wed, 29 Oct 2025 00:35:42 GMT"
        ]
      },
      "ResponseBody": "",
      "StatusCode": 201
    },
    {
      "RequestUri": "/pools?api-version=2024-07-01.20.0",
      "EncodedRequestUri": "L3Bvb2xzP2FwaS12ZXJzaW9uPTIwMjQtMDctMDEuMjAuMA==",
      "RequestMethod": "POST",
      "RequestHeaders": {
        "Accept-Language": [
          "en-US"
        ],
        "client-request-id": [
          "e46d4d56-d2c6-4d63-a63d-523616cd7685"
        ],
        "ocp-date": [
          "Wed, 29 Oct 2025 00:35:42 GMT"
        ],
        "x-ms-client-request-id": [
          "0786de0f-38c4-42f3-91e7-155f9eba892f"
        ],
        "User-Agent": [
          "FxVersion/8.0.2125.47513",
          "OSName/Windows",
          "OSVersion/Microsoft.Windows.10.0.26200",
          "Microsoft.Azure.Batch.Protocol.BatchServiceClient/16.300.124.47002",
          "AzurePowershell/Az1.0.0"
        ],
        "Content-Type": [
          "application/json; odata=minimalmetadata; charset=utf-8"
        ],
        "Content-Length": [
          "496"
        ]
      },
      "RequestBody": "{\r\n  \"id\": \"pool2\",\r\n  \"vmSize\": \"standard_d1_v2\",\r\n  \"virtualMachineConfiguration\": {\r\n    \"imageReference\": {\r\n      \"publisher\": \"microsoft-azure-batch\",\r\n      \"offer\": \"ubuntu-server-container\",\r\n      \"sku\": \"20-04-lts\"\r\n    },\r\n    \"nodeAgentSKUId\": \"batch.node.ubuntu 20.04\",\r\n    \"containerConfiguration\": {\r\n      \"type\": \"dockerCompatible\",\r\n      \"containerImageNames\": [\r\n        \"test2\"\r\n      ]\r\n    }\r\n  },\r\n  \"targetDedicatedNodes\": 0,\r\n  \"enableInterNodeCommunication\": false\r\n}",
      "ResponseHeaders": {
        "Transfer-Encoding": [
          "chunked"
        ],
        "ETag": [
          "0x8DE168317D30148"
        ],
        "Location": [
          "https://dotnotsdkbatchaccount2.eastus2.batch.azure.com/pools/pool2"
        ],
        "Server": [
          "Microsoft-HTTPAPI/2.0"
        ],
        "request-id": [
          "b96e0c50-7975-485e-8da6-7e63763fd608"
        ],
        "Strict-Transport-Security": [
          "max-age=31536000; includeSubDomains"
        ],
        "X-Content-Type-Options": [
          "nosniff"
        ],
        "DataServiceVersion": [
          "3.0"
        ],
        "DataServiceId": [
          "https://dotnotsdkbatchaccount2.eastus2.batch.azure.com/pools/pool2"
        ],
        "Date": [
          "Wed, 29 Oct 2025 00:35:42 GMT"
        ],
        "Last-Modified": [
          "Wed, 29 Oct 2025 00:35:42 GMT"
        ]
      },
      "ResponseBody": "",
      "StatusCode": 201
    },
    {
      "RequestUri": "/pools?api-version=2024-07-01.20.0&$filter=id%20eq%20%27pool1%27%20or%20id%20eq%20%27pool2%27",
      "EncodedRequestUri": "L3Bvb2xzP2FwaS12ZXJzaW9uPTIwMjQtMDctMDEuMjAuMCYkZmlsdGVyPWlkJTIwZXElMjAlMjdwb29sMSUyNyUyMG9yJTIwaWQlMjBlcSUyMCUyN3Bvb2wyJTI3",
      "RequestMethod": "GET",
      "RequestHeaders": {
        "Accept-Language": [
          "en-US"
        ],
        "client-request-id": [
          "45fca24b-2529-4f73-aafe-751c9543d3cd"
        ],
        "ocp-date": [
          "Wed, 29 Oct 2025 00:35:43 GMT"
        ],
        "x-ms-client-request-id": [
          "9b3981ad-30cc-4402-8e76-1e816a5e9c3e"
        ],
        "User-Agent": [
          "FxVersion/8.0.2125.47513",
          "OSName/Windows",
          "OSVersion/Microsoft.Windows.10.0.26200",
          "Microsoft.Azure.Batch.Protocol.BatchServiceClient/16.300.124.47002",
          "AzurePowershell/Az1.0.0"
        ]
      },
      "RequestBody": "",
      "ResponseHeaders": {
        "Transfer-Encoding": [
          "chunked"
        ],
        "Server": [
          "Microsoft-HTTPAPI/2.0"
        ],
        "request-id": [
          "08efa1ab-0c3e-4562-a443-d5a45bc8a1b7"
        ],
        "Strict-Transport-Security": [
          "max-age=31536000; includeSubDomains"
        ],
        "X-Content-Type-Options": [
          "nosniff"
        ],
        "DataServiceVersion": [
          "3.0"
        ],
        "Date": [
          "Wed, 29 Oct 2025 00:35:42 GMT"
        ],
        "Content-Type": [
          "application/json; odata=minimalmetadata"
        ]
      },
      "ResponseBody": "{\r\n  \"odata.metadata\": \"https://dotnotsdkbatchaccount2.eastus2.batch.azure.com/$metadata#pools\",\r\n  \"value\": [\r\n    {\r\n      \"id\": \"pool1\",\r\n      \"url\": \"https://dotnotsdkbatchaccount2.eastus2.batch.azure.com/pools/pool1\",\r\n      \"eTag\": \"0x8DE168317A0141F\",\r\n      \"lastModified\": \"2025-10-29T00:35:42.6082847Z\",\r\n      \"creationTime\": \"2025-10-29T00:35:42.6082822Z\",\r\n      \"state\": \"active\",\r\n      \"stateTransitionTime\": \"2025-10-29T00:35:42.6082822Z\",\r\n      \"allocationState\": \"resizing\",\r\n      \"allocationStateTransitionTime\": \"2025-10-29T00:35:42.6082849Z\",\r\n      \"vmSize\": \"standard_d1_v2\",\r\n      \"resizeTimeout\": \"PT15M\",\r\n      \"currentDedicatedNodes\": 0,\r\n      \"targetDedicatedNodes\": 0,\r\n      \"currentLowPriorityNodes\": 0,\r\n      \"targetLowPriorityNodes\": 0,\r\n      \"enableAutoScale\": false,\r\n      \"enableInterNodeCommunication\": false,\r\n      \"certificateReferences\": [],\r\n      \"taskSlotsPerNode\": 1,\r\n      \"taskSchedulingPolicy\": {\r\n        \"nodeFillType\": \"Spread\"\r\n      },\r\n      \"virtualMachineConfiguration\": {\r\n        \"imageReference\": {\r\n          \"publisher\": \"microsoft-azure-batch\",\r\n          \"offer\": \"ubuntu-server-container\",\r\n          \"sku\": \"20-04-lts\",\r\n          \"version\": \"latest\"\r\n        },\r\n        \"nodeAgentSKUId\": \"batch.node.ubuntu 20.04\",\r\n        \"containerConfiguration\": {\r\n          \"type\": \"dockerCompatible\",\r\n          \"containerImageNames\": [\r\n            \"test1\"\r\n          ]\r\n        }\r\n      }\r\n    },\r\n    {\r\n      \"id\": \"pool2\",\r\n      \"url\": \"https://dotnotsdkbatchaccount2.eastus2.batch.azure.com/pools/pool2\",\r\n      \"eTag\": \"0x8DE168317D30148\",\r\n      \"lastModified\": \"2025-10-29T00:35:42.942036Z\",\r\n      \"creationTime\": \"2025-10-29T00:35:42.9420349Z\",\r\n      \"state\": \"active\",\r\n      \"stateTransitionTime\": \"2025-10-29T00:35:42.9420349Z\",\r\n      \"allocationState\": \"resizing\",\r\n      \"allocationStateTransitionTime\": \"2025-10-29T00:35:42.9420361Z\",\r\n      \"vmSize\": \"standard_d1_v2\",\r\n      \"resizeTimeout\": \"PT15M\",\r\n      \"currentDedicatedNodes\": 0,\r\n      \"targetDedicatedNodes\": 0,\r\n      \"currentLowPriorityNodes\": 0,\r\n      \"targetLowPriorityNodes\": 0,\r\n      \"enableAutoScale\": false,\r\n      \"enableInterNodeCommunication\": false,\r\n      \"certificateReferences\": [],\r\n      \"taskSlotsPerNode\": 1,\r\n      \"taskSchedulingPolicy\": {\r\n        \"nodeFillType\": \"Spread\"\r\n      },\r\n      \"virtualMachineConfiguration\": {\r\n        \"imageReference\": {\r\n          \"publisher\": \"microsoft-azure-batch\",\r\n          \"offer\": \"ubuntu-server-container\",\r\n          \"sku\": \"20-04-lts\",\r\n          \"version\": \"latest\"\r\n        },\r\n        \"nodeAgentSKUId\": \"batch.node.ubuntu 20.04\",\r\n        \"containerConfiguration\": {\r\n          \"type\": \"dockerCompatible\",\r\n          \"containerImageNames\": [\r\n            \"test2\"\r\n          ]\r\n        }\r\n      }\r\n    }\r\n  ]\r\n}",
      "StatusCode": 200
    },
    {
      "RequestUri": "/pools/pool2/updateproperties?api-version=2024-07-01.20.0",
      "EncodedRequestUri": "L3Bvb2xzL3Bvb2wyL3VwZGF0ZXByb3BlcnRpZXM/YXBpLXZlcnNpb249MjAyNC0wNy0wMS4yMC4w",
      "RequestMethod": "POST",
      "RequestHeaders": {
        "Accept-Language": [
          "en-US"
        ],
        "client-request-id": [
          "93c7290c-0925-4605-bd94-e16d35066de5"
        ],
        "ocp-date": [
          "Wed, 29 Oct 2025 00:35:44 GMT"
        ],
        "x-ms-client-request-id": [
          "632a0791-5ba8-404a-a207-b4e49ee6da55"
        ],
        "User-Agent": [
          "FxVersion/8.0.2125.47513",
          "OSName/Windows",
          "OSVersion/Microsoft.Windows.10.0.26200",
          "Microsoft.Azure.Batch.Protocol.BatchServiceClient/16.300.124.47002",
          "AzurePowershell/Az1.0.0"
        ],
        "Content-Type": [
          "application/json; odata=minimalmetadata; charset=utf-8"
        ],
        "Content-Length": [
          "170"
        ]
      },
      "RequestBody": "{\r\n  \"startTask\": {\r\n    \"commandLine\": \"/bin/bash -c 'echo start task'\"\r\n  },\r\n  \"certificateReferences\": [],\r\n  \"applicationPackageReferences\": [],\r\n  \"metadata\": []\r\n}",
      "ResponseHeaders": {
        "ETag": [
          "0x8DE168318D093B9"
        ],
        "Server": [
          "Microsoft-HTTPAPI/2.0"
        ],
        "request-id": [
          "c4ee76bf-5723-432c-8f7b-95bb76ff2576"
        ],
        "Strict-Transport-Security": [
          "max-age=31536000; includeSubDomains"
        ],
        "X-Content-Type-Options": [
          "nosniff"
        ],
        "DataServiceVersion": [
          "3.0"
        ],
        "DataServiceId": [
          "https://dotnotsdkbatchaccount2.eastus2.batch.azure.com/pools/pool2/updateproperties"
        ],
        "Date": [
          "Wed, 29 Oct 2025 00:35:43 GMT"
        ],
        "Content-Length": [
          "0"
        ],
        "Last-Modified": [
          "Wed, 29 Oct 2025 00:35:44 GMT"
        ]
      },
      "ResponseBody": "",
      "StatusCode": 204
    },
    {
      "RequestUri": "/pools/pool2?api-version=2024-07-01.20.0",
      "EncodedRequestUri": "L3Bvb2xzL3Bvb2wyP2FwaS12ZXJzaW9uPTIwMjQtMDctMDEuMjAuMA==",
      "RequestMethod": "GET",
      "RequestHeaders": {
        "Accept-Language": [
          "en-US"
        ],
        "client-request-id": [
          "73bd19c9-bbbc-4f79-b4b0-0bcd23ad2561"
        ],
        "ocp-date": [
          "Wed, 29 Oct 2025 00:35:44 GMT"
        ],
        "x-ms-client-request-id": [
          "71cb5c2a-fa0c-4072-a5e8-c61ba38ab0de"
        ],
        "User-Agent": [
          "FxVersion/8.0.2125.47513",
          "OSName/Windows",
          "OSVersion/Microsoft.Windows.10.0.26200",
          "Microsoft.Azure.Batch.Protocol.BatchServiceClient/16.300.124.47002",
          "AzurePowershell/Az1.0.0"
        ]
      },
      "RequestBody": "",
      "ResponseHeaders": {
        "Transfer-Encoding": [
          "chunked"
        ],
        "ETag": [
          "0x8DE168318D093B9"
        ],
        "Server": [
          "Microsoft-HTTPAPI/2.0"
        ],
        "request-id": [
          "b1465a1c-57aa-4034-81da-6ed1f92c0f77"
        ],
        "Strict-Transport-Security": [
          "max-age=31536000; includeSubDomains"
        ],
        "X-Content-Type-Options": [
          "nosniff"
        ],
        "DataServiceVersion": [
          "3.0"
        ],
        "Date": [
          "Wed, 29 Oct 2025 00:35:43 GMT"
        ],
        "Content-Type": [
          "application/json; odata=minimalmetadata"
        ],
        "Last-Modified": [
          "Wed, 29 Oct 2025 00:35:44 GMT"
        ]
      },
      "ResponseBody": "{\r\n  \"odata.metadata\": \"https://dotnotsdkbatchaccount2.eastus2.batch.azure.com/$metadata#pools/@Element\",\r\n  \"id\": \"pool2\",\r\n  \"url\": \"https://dotnotsdkbatchaccount2.eastus2.batch.azure.com/pools/pool2\",\r\n  \"eTag\": \"0x8DE168318D093B9\",\r\n  \"lastModified\": \"2025-10-29T00:35:44.6038457Z\",\r\n  \"creationTime\": \"2025-10-29T00:35:42.9420349Z\",\r\n  \"state\": \"active\",\r\n  \"stateTransitionTime\": \"2025-10-29T00:35:42.9420349Z\",\r\n  \"allocationState\": \"steady\",\r\n  \"allocationStateTransitionTime\": \"2025-10-29T00:35:44.5840513Z\",\r\n  \"vmSize\": \"standard_d1_v2\",\r\n  \"resizeTimeout\": \"PT15M\",\r\n  \"currentDedicatedNodes\": 0,\r\n  \"targetDedicatedNodes\": 0,\r\n  \"currentLowPriorityNodes\": 0,\r\n  \"targetLowPriorityNodes\": 0,\r\n  \"enableAutoScale\": false,\r\n  \"enableInterNodeCommunication\": false,\r\n  \"startTask\": {\r\n    \"commandLine\": \"/bin/bash -c 'echo start task'\",\r\n    \"userIdentity\": {\r\n      \"autoUser\": {\r\n        \"scope\": \"pool\",\r\n        \"elevationLevel\": \"nonadmin\"\r\n      }\r\n    },\r\n    \"maxTaskRetryCount\": 0,\r\n    \"waitForSuccess\": true\r\n  },\r\n  \"certificateReferences\": [],\r\n  \"taskSlotsPerNode\": 1,\r\n  \"taskSchedulingPolicy\": {\r\n    \"nodeFillType\": \"Spread\"\r\n  },\r\n  \"virtualMachineConfiguration\": {\r\n    \"imageReference\": {\r\n      \"publisher\": \"microsoft-azure-batch\",\r\n      \"offer\": \"ubuntu-server-container\",\r\n      \"sku\": \"20-04-lts\",\r\n      \"version\": \"latest\"\r\n    },\r\n    \"nodeAgentSKUId\": \"batch.node.ubuntu 20.04\",\r\n    \"containerConfiguration\": {\r\n      \"type\": \"dockerCompatible\",\r\n      \"containerImageNames\": [\r\n        \"test2\"\r\n      ]\r\n    }\r\n  },\r\n  \"targetNodeCommunicationMode\": \"default\"\r\n}",
      "StatusCode": 200
    },
    {
      "RequestUri": "/pools/pool1?api-version=2024-07-01.20.0",
      "EncodedRequestUri": "L3Bvb2xzL3Bvb2wxP2FwaS12ZXJzaW9uPTIwMjQtMDctMDEuMjAuMA==",
      "RequestMethod": "DELETE",
      "RequestHeaders": {
        "Accept-Language": [
          "en-US"
        ],
        "client-request-id": [
          "2286d26c-e3df-4e8e-99fd-9f2eea9c52f6"
        ],
        "ocp-date": [
          "Wed, 29 Oct 2025 00:35:44 GMT"
        ],
        "x-ms-client-request-id": [
          "204e3f4a-b2bf-4a01-8748-067964862fe8"
        ],
        "User-Agent": [
          "FxVersion/8.0.2125.47513",
          "OSName/Windows",
          "OSVersion/Microsoft.Windows.10.0.26200",
          "Microsoft.Azure.Batch.Protocol.BatchServiceClient/16.300.124.47002",
          "AzurePowershell/Az1.0.0"
        ],
        "Content-Length": [
          "0"
        ]
      },
      "RequestBody": "",
      "ResponseHeaders": {
        "Transfer-Encoding": [
          "chunked"
        ],
        "Server": [
          "Microsoft-HTTPAPI/2.0"
        ],
        "request-id": [
          "a55c1a0f-2bad-46ab-8d43-92af08b76f0b"
        ],
        "Strict-Transport-Security": [
          "max-age=31536000; includeSubDomains"
        ],
        "X-Content-Type-Options": [
          "nosniff"
        ],
        "DataServiceVersion": [
          "3.0"
        ],
        "Date": [
          "Wed, 29 Oct 2025 00:35:44 GMT"
        ]
      },
      "ResponseBody": "",
      "StatusCode": 202
    },
    {
      "RequestUri": "/pools/pool2?api-version=2024-07-01.20.0",
      "EncodedRequestUri": "L3Bvb2xzL3Bvb2wyP2FwaS12ZXJzaW9uPTIwMjQtMDctMDEuMjAuMA==",
      "RequestMethod": "DELETE",
      "RequestHeaders": {
        "Accept-Language": [
          "en-US"
        ],
        "client-request-id": [
          "da8cb47b-db2c-4842-926c-12930a775fdf"
        ],
        "ocp-date": [
          "Wed, 29 Oct 2025 00:35:44 GMT"
        ],
        "x-ms-client-request-id": [
          "451ea926-f4a7-4c59-aa6c-8f1bfb923004"
        ],
        "User-Agent": [
          "FxVersion/8.0.2125.47513",
          "OSName/Windows",
          "OSVersion/Microsoft.Windows.10.0.26200",
          "Microsoft.Azure.Batch.Protocol.BatchServiceClient/16.300.124.47002",
          "AzurePowershell/Az1.0.0"
        ],
        "Content-Length": [
          "0"
        ]
      },
      "RequestBody": "",
      "ResponseHeaders": {
        "Transfer-Encoding": [
          "chunked"
        ],
        "Server": [
          "Microsoft-HTTPAPI/2.0"
        ],
        "request-id": [
          "0ac7f867-1909-4212-925f-b15d6a138fd3"
        ],
        "Strict-Transport-Security": [
          "max-age=31536000; includeSubDomains"
        ],
        "X-Content-Type-Options": [
          "nosniff"
        ],
        "DataServiceVersion": [
          "3.0"
        ],
        "Date": [
          "Wed, 29 Oct 2025 00:35:44 GMT"
        ]
      },
      "ResponseBody": "",
      "StatusCode": 202
    },
    {
      "RequestUri": "/pools?api-version=2024-07-01.20.0",
      "EncodedRequestUri": "L3Bvb2xzP2FwaS12ZXJzaW9uPTIwMjQtMDctMDEuMjAuMA==",
      "RequestMethod": "GET",
      "RequestHeaders": {
        "Accept-Language": [
          "en-US"
        ],
        "client-request-id": [
          "f399b293-6bf3-4847-8044-61881ca0da52"
        ],
        "ocp-date": [
          "Wed, 29 Oct 2025 00:35:44 GMT"
        ],
        "x-ms-client-request-id": [
          "69ab1806-9dd9-4daa-9718-e06cd4910524"
        ],
        "User-Agent": [
          "FxVersion/8.0.2125.47513",
          "OSName/Windows",
          "OSVersion/Microsoft.Windows.10.0.26200",
          "Microsoft.Azure.Batch.Protocol.BatchServiceClient/16.300.124.47002",
          "AzurePowershell/Az1.0.0"
        ]
      },
      "RequestBody": "",
      "ResponseHeaders": {
        "Transfer-Encoding": [
          "chunked"
        ],
        "Server": [
          "Microsoft-HTTPAPI/2.0"
        ],
        "request-id": [
          "5556cb4a-4390-4c2b-9ead-c3bddadaafab"
        ],
        "Strict-Transport-Security": [
          "max-age=31536000; includeSubDomains"
        ],
        "X-Content-Type-Options": [
          "nosniff"
        ],
        "DataServiceVersion": [
          "3.0"
        ],
        "Date": [
          "Wed, 29 Oct 2025 00:35:44 GMT"
        ],
        "Content-Type": [
          "application/json; odata=minimalmetadata"
        ]
      },
      "ResponseBody": "{\r\n  \"odata.metadata\": \"https://dotnotsdkbatchaccount2.eastus2.batch.azure.com/$metadata#pools\",\r\n  \"value\": [\r\n    {\r\n      \"id\": \"pool1\",\r\n      \"url\": \"https://dotnotsdkbatchaccount2.eastus2.batch.azure.com/pools/pool1\",\r\n      \"eTag\": \"0x8DE168318F3CE16\",\r\n      \"lastModified\": \"2025-10-29T00:35:44.8347158Z\",\r\n      \"creationTime\": \"2025-10-29T00:35:42.6082822Z\",\r\n      \"state\": \"deleting\",\r\n      \"stateTransitionTime\": \"2025-10-29T00:35:44.8347158Z\",\r\n      \"allocationState\": \"resizing\",\r\n      \"allocationStateTransitionTime\": \"2025-10-29T00:35:44.8505701Z\",\r\n      \"vmSize\": \"standard_d1_v2\",\r\n      \"resizeTimeout\": \"PT7M9.497S\",\r\n      \"currentDedicatedNodes\": 0,\r\n      \"targetDedicatedNodes\": 0,\r\n      \"currentLowPriorityNodes\": 0,\r\n      \"targetLowPriorityNodes\": 0,\r\n      \"enableAutoScale\": false,\r\n      \"enableInterNodeCommunication\": false,\r\n      \"certificateReferences\": [],\r\n      \"taskSlotsPerNode\": 1,\r\n      \"taskSchedulingPolicy\": {\r\n        \"nodeFillType\": \"Spread\"\r\n      },\r\n      \"virtualMachineConfiguration\": {\r\n        \"imageReference\": {\r\n          \"publisher\": \"microsoft-azure-batch\",\r\n          \"offer\": \"ubuntu-server-container\",\r\n          \"sku\": \"20-04-lts\",\r\n          \"version\": \"latest\"\r\n        },\r\n        \"nodeAgentSKUId\": \"batch.node.ubuntu 20.04\",\r\n        \"containerConfiguration\": {\r\n          \"type\": \"dockerCompatible\",\r\n          \"containerImageNames\": [\r\n            \"test1\"\r\n          ]\r\n        }\r\n      }\r\n    },\r\n    {\r\n      \"id\": \"pool2\",\r\n      \"url\": \"https://dotnotsdkbatchaccount2.eastus2.batch.azure.com/pools/pool2\",\r\n      \"eTag\": \"0x8DE16831903C4EE\",\r\n      \"lastModified\": \"2025-10-29T00:35:44.939339Z\",\r\n      \"creationTime\": \"2025-10-29T00:35:42.9420349Z\",\r\n      \"state\": \"deleting\",\r\n      \"stateTransitionTime\": \"2025-10-29T00:35:44.939339Z\",\r\n      \"allocationState\": \"resizing\",\r\n      \"allocationStateTransitionTime\": \"2025-10-29T00:35:44.9561207Z\",\r\n      \"vmSize\": \"standard_d1_v2\",\r\n      \"resizeTimeout\": \"PT7M9.497S\",\r\n      \"currentDedicatedNodes\": 0,\r\n      \"targetDedicatedNodes\": 0,\r\n      \"currentLowPriorityNodes\": 0,\r\n      \"targetLowPriorityNodes\": 0,\r\n      \"enableAutoScale\": false,\r\n      \"enableInterNodeCommunication\": false,\r\n      \"startTask\": {\r\n        \"commandLine\": \"/bin/bash -c 'echo start task'\",\r\n        \"userIdentity\": {\r\n          \"autoUser\": {\r\n            \"scope\": \"pool\",\r\n            \"elevationLevel\": \"nonadmin\"\r\n          }\r\n        },\r\n        \"maxTaskRetryCount\": 0,\r\n        \"waitForSuccess\": true\r\n      },\r\n      \"certificateReferences\": [],\r\n      \"taskSlotsPerNode\": 1,\r\n      \"taskSchedulingPolicy\": {\r\n        \"nodeFillType\": \"Spread\"\r\n      },\r\n      \"virtualMachineConfiguration\": {\r\n        \"imageReference\": {\r\n          \"publisher\": \"microsoft-azure-batch\",\r\n          \"offer\": \"ubuntu-server-container\",\r\n          \"sku\": \"20-04-lts\",\r\n          \"version\": \"latest\"\r\n        },\r\n        \"nodeAgentSKUId\": \"batch.node.ubuntu 20.04\",\r\n        \"containerConfiguration\": {\r\n          \"type\": \"dockerCompatible\",\r\n          \"containerImageNames\": [\r\n            \"test2\"\r\n          ]\r\n        }\r\n      },\r\n      \"targetNodeCommunicationMode\": \"default\"\r\n    }\r\n  ]\r\n}",
      "StatusCode": 200
    }
  ],
  "Names": {},
  "Variables": {
    "SubscriptionId": "94bd7ded-68b4-4ffa-82a5-37ac72caa2ec",
    "AZURE_BATCH_ACCOUNT": "dotnotsdkbatchaccount2",
    "AZURE_BATCH_ENDPOINT": "https://dotnotsdkbatchaccount2.eastus2.batch.azure.com",
    "AZURE_BATCH_RESOURCE_GROUP": "automation"
  }
}