{
  "Entries": [
    {
<<<<<<< HEAD
      "RequestUri": "/subscriptions/b5e4748c-f69a-467c-8749-e2f9c8cd3db0/resourceGroups/aashishCustomrole7ux/providers/Microsoft.Compute/virtualMachines/aashishCustomrole7ux/providers/Microsoft.GuestConfiguration/guestConfigurationAssignments?api-version=2018-11-20",
      "EncodedRequestUri": "L3N1YnNjcmlwdGlvbnMvYjVlNDc0OGMtZjY5YS00NjdjLTg3NDktZTJmOWM4Y2QzZGIwL3Jlc291cmNlR3JvdXBzL2Fhc2hpc2hDdXN0b21yb2xlN3V4L3Byb3ZpZGVycy9NaWNyb3NvZnQuQ29tcHV0ZS92aXJ0dWFsTWFjaGluZXMvYWFzaGlzaEN1c3RvbXJvbGU3dXgvcHJvdmlkZXJzL01pY3Jvc29mdC5HdWVzdENvbmZpZ3VyYXRpb24vZ3Vlc3RDb25maWd1cmF0aW9uQXNzaWdubWVudHM/YXBpLXZlcnNpb249MjAxOC0xMS0yMA==",
=======
      "RequestUri": "/subscriptions/f66367e1-cf7d-407b-ba39-53230cc79071/resourceGroups/PolicyE2ETest_58_20_10_06-08-2020/providers/Microsoft.Compute/virtualMachines/pol-2016corsml/providers/Microsoft.GuestConfiguration/guestConfigurationAssignments?api-version=2018-11-20",
      "EncodedRequestUri": "L3N1YnNjcmlwdGlvbnMvZjY2MzY3ZTEtY2Y3ZC00MDdiLWJhMzktNTMyMzBjYzc5MDcxL3Jlc291cmNlR3JvdXBzL1BvbGljeUUyRVRlc3RfNThfMjBfMTBfMDYtMDgtMjAyMC9wcm92aWRlcnMvTWljcm9zb2Z0LkNvbXB1dGUvdmlydHVhbE1hY2hpbmVzL3BvbC0yMDE2Y29yc21sL3Byb3ZpZGVycy9NaWNyb3NvZnQuR3Vlc3RDb25maWd1cmF0aW9uL2d1ZXN0Q29uZmlndXJhdGlvbkFzc2lnbm1lbnRzP2FwaS12ZXJzaW9uPTIwMTgtMTEtMjA=",
>>>>>>> d78b04a5306127f583235b13752c48d4f7d1289a
      "RequestMethod": "GET",
      "RequestBody": "",
      "RequestHeaders": {
        "x-ms-client-request-id": [
<<<<<<< HEAD
          "38af6a1c-fed7-44af-9c97-e6c4472efc23"
=======
          "d2bbbcee-c732-44f7-ac8e-51ec88ec848b"
>>>>>>> d78b04a5306127f583235b13752c48d4f7d1289a
        ],
        "Accept-Language": [
          "en-US"
        ],
        "User-Agent": [
<<<<<<< HEAD
          "FxVersion/4.6.27129.04",
          "OSName/Windows",
          "OSVersion/Microsoft.Windows.10.0.14393.",
          "Microsoft.Azure.Management.GuestConfiguration.GuestConfigurationClient/1.1.0"
=======
          "FxVersion/4.6.28801.04",
          "OSName/Windows",
          "OSVersion/Microsoft.Windows.10.0.18362.",
          "Microsoft.Azure.Management.GuestConfiguration.GuestConfigurationClient/1.2.0"
>>>>>>> d78b04a5306127f583235b13752c48d4f7d1289a
        ]
      },
      "ResponseHeaders": {
        "Cache-Control": [
          "no-cache"
        ],
        "Pragma": [
          "no-cache"
        ],
        "Strict-Transport-Security": [
          "max-age=31536000; includeSubDomains"
        ],
        "Server": [
          "Microsoft-IIS/10.0"
        ],
        "X-Powered-By": [
          "ASP.NET"
        ],
        "x-ms-ratelimit-remaining-subscription-reads": [
<<<<<<< HEAD
          "11999"
        ],
        "x-ms-request-id": [
          "ce27e70c-020c-4f98-95dd-ea16fbacce96"
        ],
        "x-ms-correlation-request-id": [
          "ce27e70c-020c-4f98-95dd-ea16fbacce96"
        ],
        "x-ms-routing-request-id": [
          "WESTUS:20190531T011512Z:ce27e70c-020c-4f98-95dd-ea16fbacce96"
=======
          "11992"
        ],
        "x-ms-request-id": [
          "70684400-d709-40b7-bcd8-62bfceac9a05"
        ],
        "x-ms-correlation-request-id": [
          "70684400-d709-40b7-bcd8-62bfceac9a05"
        ],
        "x-ms-routing-request-id": [
          "WESTUS2:20200609T003837Z:70684400-d709-40b7-bcd8-62bfceac9a05"
>>>>>>> d78b04a5306127f583235b13752c48d4f7d1289a
        ],
        "X-Content-Type-Options": [
          "nosniff"
        ],
        "Date": [
<<<<<<< HEAD
          "Fri, 31 May 2019 01:15:11 GMT"
        ],
        "Content-Length": [
          "1594"
=======
          "Tue, 09 Jun 2020 00:38:37 GMT"
        ],
        "Content-Length": [
          "9793"
>>>>>>> d78b04a5306127f583235b13752c48d4f7d1289a
        ],
        "Content-Type": [
          "application/json; charset=utf-8"
        ],
        "Expires": [
          "-1"
        ]
      },
<<<<<<< HEAD
      "ResponseBody": "{\r\n  \"value\": [\r\n    {\r\n      \"location\": \"centraluseuap\",\r\n      \"id\": \"/subscriptions/b5e4748c-f69a-467c-8749-e2f9c8cd3db0/resourceGroups/aashishCustomRole7UX/providers/Microsoft.Compute/virtualMachines/aashishCustomrole7ux/providers/Microsoft.GuestConfiguration/guestConfigurationAssignments/not_installed_application_linux\",\r\n      \"name\": \"not_installed_application_linux\",\r\n      \"properties\": {\r\n        \"complianceStatus\": \"Compliant\",\r\n        \"assignmentHash\": \"6B47715BDC0C681853A811BDF684C9E634AF9D557DC386E33BB28D86A9D15541.44DA60795561518ECD47314C9ECE3CE709A668888CF0F10F1A1BB0DADB49AEE2\",\r\n        \"parameterHash\": \"W0NoZWZJblNwZWNdTm90SW5zdGFsbGVkQXBwbGljYXRpb25MaW51eFJlc291cmNlMTtBdHRyaWJ1dGVzWW1sQ29udGVudD1wYWNrYWdlczogW3NxbF0=\",\r\n        \"latestReportId\": \"/subscriptions/b5e4748c-f69a-467c-8749-e2f9c8cd3db0/resourceGroups/aashishCustomrole7ux/providers/Microsoft.Compute/virtualMachines/aashishCustomrole7ux/providers/Microsoft.GuestConfiguration/guestConfigurationAssignments/not_installed_application_linux/reports/f249e785-5f7b-4636-be1c-d9e1eebe5eab\",\r\n        \"lastComplianceStatusChecked\": \"2019-05-31T01:05:47Z\",\r\n        \"context\": null,\r\n        \"guestConfiguration\": {\r\n          \"kind\": null,\r\n          \"name\": \"not_installed_application_linux\",\r\n          \"version\": \"1.*\",\r\n          \"contentUri\": \"https://oaasguestconfigeaps1.blob.core.windows.net/builtinconfig/not_installed_application_linux/not_installed_application_linux_1.5.0.0.zip\",\r\n          \"contentHash\": \"6B47715BDC0C681853A811BDF684C9E634AF9D557DC386E33BB28D86A9D15541\",\r\n          \"contentType\": null,\r\n          \"configurationParameter\": [\r\n            {\r\n              \"name\": \"[ChefInSpec]NotInstalledApplicationLinuxResource1;AttributesYmlContent\",\r\n              \"value\": \"packages: [sql]\"\r\n            }\r\n          ],\r\n          \"configurationSetting\": null\r\n        },\r\n        \"provisioningState\": null\r\n      }\r\n    }\r\n  ]\r\n}",
      "StatusCode": 200
    },
    {
      "RequestUri": "/providers/Microsoft.Authorization/policySetDefinitions/60062d3c-3282-4a3d-9bc4-3557dded22ca?api-version=2018-05-01",
      "EncodedRequestUri": "L3Byb3ZpZGVycy9NaWNyb3NvZnQuQXV0aG9yaXphdGlvbi9wb2xpY3lTZXREZWZpbml0aW9ucy82MDA2MmQzYy0zMjgyLTRhM2QtOWJjNC0zNTU3ZGRlZDIyY2E/YXBpLXZlcnNpb249MjAxOC0wNS0wMQ==",
=======
      "ResponseBody": "{\r\n  \"value\": [\r\n    {\r\n      \"location\": \"centraluseuap\",\r\n      \"id\": \"/subscriptions/f66367e1-cf7d-407b-ba39-53230cc79071/resourceGroups/PolicyE2ETest_58_20_10_06-08-2020/providers/Microsoft.Compute/virtualMachines/pol-2016corsml/providers/Microsoft.GuestConfiguration/guestConfigurationAssignments/EnforcePasswordHistory\",\r\n      \"name\": \"EnforcePasswordHistory\",\r\n      \"properties\": {\r\n        \"complianceStatus\": \"NonCompliant\",\r\n        \"assignmentHash\": \"447C29C2E7B7330CE51C1B5B69DBDFE9E5A727BDB87D63846303055DDA6275C7.E3B0C44298FC1C149AFBF4C8996FB92427AE41E4649B934CA495991B7852B855\",\r\n        \"parameterHash\": \"\",\r\n        \"latestReportId\": \"/subscriptions/f66367e1-cf7d-407b-ba39-53230cc79071/resourceGroups/PolicyE2ETest_58_20_10_06-08-2020/providers/Microsoft.Compute/virtualMachines/pol-2016corsml/providers/Microsoft.GuestConfiguration/guestConfigurationAssignments/EnforcePasswordHistory/reports/22f8be31-1f8b-4777-8494-409fe4154be5\",\r\n        \"lastComplianceStatusChecked\": \"2020-06-09T00:31:00Z\",\r\n        \"context\": null,\r\n        \"guestConfiguration\": {\r\n          \"kind\": null,\r\n          \"name\": \"EnforcePasswordHistory\",\r\n          \"version\": \"1.*\",\r\n          \"contentUri\": \"https://oaasguestconfigeaps1.blob.core.windows.net/builtinconfig/EnforcePasswordHistory/EnforcePasswordHistory_1.1.0.0.zip\",\r\n          \"contentHash\": \"447C29C2E7B7330CE51C1B5B69DBDFE9E5A727BDB87D63846303055DDA6275C7\",\r\n          \"contentType\": null,\r\n          \"assignmentType\": null,\r\n          \"configurationParameter\": [],\r\n          \"configurationProtectedParameter\": [],\r\n          \"configurationSetting\": null\r\n        },\r\n        \"provisioningState\": null\r\n      }\r\n    },\r\n    {\r\n      \"location\": \"centraluseuap\",\r\n      \"id\": \"/subscriptions/f66367e1-cf7d-407b-ba39-53230cc79071/resourceGroups/PolicyE2ETest_58_20_10_06-08-2020/providers/Microsoft.Compute/virtualMachines/pol-2016corsml/providers/Microsoft.GuestConfiguration/guestConfigurationAssignments/StorePasswordsUsingReversibleEncryption\",\r\n      \"name\": \"StorePasswordsUsingReversibleEncryption\",\r\n      \"properties\": {\r\n        \"complianceStatus\": \"Compliant\",\r\n        \"assignmentHash\": \"E072C1D8AC93F3876B504A81C6C52686AACA58CA3F792F15E907001BB1722865.E3B0C44298FC1C149AFBF4C8996FB92427AE41E4649B934CA495991B7852B855\",\r\n        \"parameterHash\": \"\",\r\n        \"latestReportId\": \"/subscriptions/f66367e1-cf7d-407b-ba39-53230cc79071/resourceGroups/PolicyE2ETest_58_20_10_06-08-2020/providers/Microsoft.Compute/virtualMachines/pol-2016corsml/providers/Microsoft.GuestConfiguration/guestConfigurationAssignments/StorePasswordsUsingReversibleEncryption/reports/f5410df1-7470-45e1-93c8-69ef4c4972c5\",\r\n        \"lastComplianceStatusChecked\": \"2020-06-09T00:32:43Z\",\r\n        \"context\": null,\r\n        \"guestConfiguration\": {\r\n          \"kind\": null,\r\n          \"name\": \"StorePasswordsUsingReversibleEncryption\",\r\n          \"version\": \"1.*\",\r\n          \"contentUri\": \"https://oaasguestconfigeaps1.blob.core.windows.net/builtinconfig/StorePasswordsUsingReversibleEncryption/StorePasswordsUsingReversibleEncryption_1.2.0.0.zip\",\r\n          \"contentHash\": \"E072C1D8AC93F3876B504A81C6C52686AACA58CA3F792F15E907001BB1722865\",\r\n          \"contentType\": null,\r\n          \"assignmentType\": null,\r\n          \"configurationParameter\": [],\r\n          \"configurationProtectedParameter\": [],\r\n          \"configurationSetting\": null\r\n        },\r\n        \"provisioningState\": null\r\n      }\r\n    },\r\n    {\r\n      \"location\": \"centraluseuap\",\r\n      \"id\": \"/subscriptions/f66367e1-cf7d-407b-ba39-53230cc79071/resourceGroups/PolicyE2ETest_58_20_10_06-08-2020/providers/Microsoft.Compute/virtualMachines/pol-2016corsml/providers/Microsoft.GuestConfiguration/guestConfigurationAssignments/PasswordMustMeetComplexityRequirements\",\r\n      \"name\": \"PasswordMustMeetComplexityRequirements\",\r\n      \"properties\": {\r\n        \"complianceStatus\": \"Compliant\",\r\n        \"assignmentHash\": \"10A5468C7E8506ADC2B0ED435215EDDA3F76CE9A3D9E3A9D37D3ABB6BE55EDDB.E3B0C44298FC1C149AFBF4C8996FB92427AE41E4649B934CA495991B7852B855\",\r\n        \"parameterHash\": \"\",\r\n        \"latestReportId\": \"/subscriptions/f66367e1-cf7d-407b-ba39-53230cc79071/resourceGroups/PolicyE2ETest_58_20_10_06-08-2020/providers/Microsoft.Compute/virtualMachines/pol-2016corsml/providers/Microsoft.GuestConfiguration/guestConfigurationAssignments/PasswordMustMeetComplexityRequirements/reports/6b42beb6-474b-4d39-ad15-7cfc8261ddd1\",\r\n        \"lastComplianceStatusChecked\": \"2020-06-09T00:32:47Z\",\r\n        \"context\": null,\r\n        \"guestConfiguration\": {\r\n          \"kind\": null,\r\n          \"name\": \"PasswordMustMeetComplexityRequirements\",\r\n          \"version\": \"1.*\",\r\n          \"contentUri\": \"https://oaasguestconfigeaps1.blob.core.windows.net/builtinconfig/PasswordMustMeetComplexityRequirements/PasswordMustMeetComplexityRequirements_1.2.0.0.zip\",\r\n          \"contentHash\": \"10A5468C7E8506ADC2B0ED435215EDDA3F76CE9A3D9E3A9D37D3ABB6BE55EDDB\",\r\n          \"contentType\": null,\r\n          \"assignmentType\": null,\r\n          \"configurationParameter\": [],\r\n          \"configurationProtectedParameter\": [],\r\n          \"configurationSetting\": null\r\n        },\r\n        \"provisioningState\": null\r\n      }\r\n    },\r\n    {\r\n      \"location\": \"centraluseuap\",\r\n      \"id\": \"/subscriptions/f66367e1-cf7d-407b-ba39-53230cc79071/resourceGroups/PolicyE2ETest_58_20_10_06-08-2020/providers/Microsoft.Compute/virtualMachines/pol-2016corsml/providers/Microsoft.GuestConfiguration/guestConfigurationAssignments/MaximumPasswordAge\",\r\n      \"name\": \"MaximumPasswordAge\",\r\n      \"properties\": {\r\n        \"complianceStatus\": \"NonCompliant\",\r\n        \"assignmentHash\": \"1EB1D3E4C16230C0626B47217028A6F49EF8FDCA8386FB0C6A3CEB53AD8E7F8C.E3B0C44298FC1C149AFBF4C8996FB92427AE41E4649B934CA495991B7852B855\",\r\n        \"parameterHash\": \"\",\r\n        \"latestReportId\": \"/subscriptions/f66367e1-cf7d-407b-ba39-53230cc79071/resourceGroups/PolicyE2ETest_58_20_10_06-08-2020/providers/Microsoft.Compute/virtualMachines/pol-2016corsml/providers/Microsoft.GuestConfiguration/guestConfigurationAssignments/MaximumPasswordAge/reports/07ca587e-a308-4fee-ba31-3d26150ffc40\",\r\n        \"lastComplianceStatusChecked\": \"2020-06-09T00:36:09Z\",\r\n        \"context\": null,\r\n        \"guestConfiguration\": {\r\n          \"kind\": null,\r\n          \"name\": \"MaximumPasswordAge\",\r\n          \"version\": \"1.*\",\r\n          \"contentUri\": \"https://oaasguestconfigeaps1.blob.core.windows.net/builtinconfig/MaximumPasswordAge/MaximumPasswordAge_1.1.0.0.zip\",\r\n          \"contentHash\": \"1EB1D3E4C16230C0626B47217028A6F49EF8FDCA8386FB0C6A3CEB53AD8E7F8C\",\r\n          \"contentType\": null,\r\n          \"assignmentType\": null,\r\n          \"configurationParameter\": [],\r\n          \"configurationProtectedParameter\": [],\r\n          \"configurationSetting\": null\r\n        },\r\n        \"provisioningState\": null\r\n      }\r\n    },\r\n    {\r\n      \"location\": \"centraluseuap\",\r\n      \"id\": \"/subscriptions/f66367e1-cf7d-407b-ba39-53230cc79071/resourceGroups/PolicyE2ETest_58_20_10_06-08-2020/providers/Microsoft.Compute/virtualMachines/pol-2016corsml/providers/Microsoft.GuestConfiguration/guestConfigurationAssignments/MinimumPasswordLength\",\r\n      \"name\": \"MinimumPasswordLength\",\r\n      \"properties\": {\r\n        \"complianceStatus\": \"NonCompliant\",\r\n        \"assignmentHash\": \"A5B1068672BBA534D2ED1E318486327B2CB7FF040D708792C7BDC6B5F37657E4.E3B0C44298FC1C149AFBF4C8996FB92427AE41E4649B934CA495991B7852B855\",\r\n        \"parameterHash\": \"\",\r\n        \"latestReportId\": \"/subscriptions/f66367e1-cf7d-407b-ba39-53230cc79071/resourceGroups/PolicyE2ETest_58_20_10_06-08-2020/providers/Microsoft.Compute/virtualMachines/pol-2016corsml/providers/Microsoft.GuestConfiguration/guestConfigurationAssignments/MinimumPasswordLength/reports/0cd9d3dc-f9f2-4bf3-8ad5-e298d3f4763e\",\r\n        \"lastComplianceStatusChecked\": \"2020-06-09T00:37:53Z\",\r\n        \"context\": null,\r\n        \"guestConfiguration\": {\r\n          \"kind\": null,\r\n          \"name\": \"MinimumPasswordLength\",\r\n          \"version\": \"1.*\",\r\n          \"contentUri\": \"https://oaasguestconfigeaps1.blob.core.windows.net/builtinconfig/MinimumPasswordLength/MinimumPasswordLength_1.1.0.0.zip\",\r\n          \"contentHash\": \"A5B1068672BBA534D2ED1E318486327B2CB7FF040D708792C7BDC6B5F37657E4\",\r\n          \"contentType\": null,\r\n          \"assignmentType\": null,\r\n          \"configurationParameter\": [],\r\n          \"configurationProtectedParameter\": [],\r\n          \"configurationSetting\": null\r\n        },\r\n        \"provisioningState\": null\r\n      }\r\n    },\r\n    {\r\n      \"location\": \"centraluseuap\",\r\n      \"id\": \"/subscriptions/f66367e1-cf7d-407b-ba39-53230cc79071/resourceGroups/PolicyE2ETest_58_20_10_06-08-2020/providers/Microsoft.Compute/virtualMachines/pol-2016corsml/providers/Microsoft.GuestConfiguration/guestConfigurationAssignments/AuditWindowsService\",\r\n      \"name\": \"AuditWindowsService\",\r\n      \"properties\": {\r\n        \"complianceStatus\": \"NonCompliant\",\r\n        \"assignmentHash\": \"D421E3C8BB2298AEC5CFD95607B91241B7D5A2C88D54262ED304CA1FD01370F3.E3B0C44298FC1C149AFBF4C8996FB92427AE41E4649B934CA495991B7852B855\",\r\n        \"parameterHash\": \"\",\r\n        \"latestReportId\": \"/subscriptions/f66367e1-cf7d-407b-ba39-53230cc79071/resourceGroups/PolicyE2ETest_58_20_10_06-08-2020/providers/Microsoft.Compute/virtualMachines/pol-2016corsml/providers/Microsoft.GuestConfiguration/guestConfigurationAssignments/AuditWindowsService/reports/6ff507c8-5960-4ec6-84e5-f55045217066\",\r\n        \"lastComplianceStatusChecked\": \"2020-06-09T00:24:28Z\",\r\n        \"context\": null,\r\n        \"guestConfiguration\": {\r\n          \"kind\": null,\r\n          \"name\": \"AuditWindowsService\",\r\n          \"version\": \"1.0.0.0\",\r\n          \"contentUri\": \"https://github.com/microsoft/PowerShell-DSC-for-Linux/raw/dsctests/gc_policy/AuditWindowsService.zip\",\r\n          \"contentHash\": \"D421E3C8BB2298AEC5CFD95607B91241B7D5A2C88D54262ED304CA1FD01370F3\",\r\n          \"contentType\": null,\r\n          \"assignmentType\": null,\r\n          \"configurationParameter\": [],\r\n          \"configurationProtectedParameter\": [],\r\n          \"configurationSetting\": null\r\n        },\r\n        \"provisioningState\": null\r\n      }\r\n    },\r\n    {\r\n      \"location\": \"centraluseuap\",\r\n      \"id\": \"/subscriptions/f66367e1-cf7d-407b-ba39-53230cc79071/resourceGroups/PolicyE2ETest_58_20_10_06-08-2020/providers/Microsoft.Compute/virtualMachines/pol-2016corsml/providers/Microsoft.GuestConfiguration/guestConfigurationAssignments/MinimumPasswordAge\",\r\n      \"name\": \"MinimumPasswordAge\",\r\n      \"properties\": {\r\n        \"complianceStatus\": \"NonCompliant\",\r\n        \"assignmentHash\": \"438931EE98EC5FB0AFED68971B984BE0DE289567D5BF57FB58F0895CD02C16B2.E3B0C44298FC1C149AFBF4C8996FB92427AE41E4649B934CA495991B7852B855\",\r\n        \"parameterHash\": \"\",\r\n        \"latestReportId\": \"/subscriptions/f66367e1-cf7d-407b-ba39-53230cc79071/resourceGroups/PolicyE2ETest_58_20_10_06-08-2020/providers/Microsoft.Compute/virtualMachines/pol-2016corsml/providers/Microsoft.GuestConfiguration/guestConfigurationAssignments/MinimumPasswordAge/reports/e24a04a5-88a2-4865-9371-4b8555203f12\",\r\n        \"lastComplianceStatusChecked\": \"2020-06-09T00:26:12Z\",\r\n        \"context\": null,\r\n        \"guestConfiguration\": {\r\n          \"kind\": null,\r\n          \"name\": \"MinimumPasswordAge\",\r\n          \"version\": \"1.*\",\r\n          \"contentUri\": \"https://oaasguestconfigeaps1.blob.core.windows.net/builtinconfig/MinimumPasswordAge/MinimumPasswordAge_1.1.0.0.zip\",\r\n          \"contentHash\": \"438931EE98EC5FB0AFED68971B984BE0DE289567D5BF57FB58F0895CD02C16B2\",\r\n          \"contentType\": null,\r\n          \"assignmentType\": null,\r\n          \"configurationParameter\": [],\r\n          \"configurationProtectedParameter\": [],\r\n          \"configurationSetting\": null\r\n        },\r\n        \"provisioningState\": null\r\n      }\r\n    }\r\n  ]\r\n}",
      "StatusCode": 200
    },
    {
      "RequestUri": "/subscriptions/f66367e1-cf7d-407b-ba39-53230cc79071/resourceGroups/PolicyE2ETest_58_20_10_06-08-2020/providers/Microsoft.HybridCompute/machines/pol-2016corsml/providers/Microsoft.GuestConfiguration/guestConfigurationAssignments?api-version=2018-11-20",
      "EncodedRequestUri": "L3N1YnNjcmlwdGlvbnMvZjY2MzY3ZTEtY2Y3ZC00MDdiLWJhMzktNTMyMzBjYzc5MDcxL3Jlc291cmNlR3JvdXBzL1BvbGljeUUyRVRlc3RfNThfMjBfMTBfMDYtMDgtMjAyMC9wcm92aWRlcnMvTWljcm9zb2Z0Lkh5YnJpZENvbXB1dGUvbWFjaGluZXMvcG9sLTIwMTZjb3JzbWwvcHJvdmlkZXJzL01pY3Jvc29mdC5HdWVzdENvbmZpZ3VyYXRpb24vZ3Vlc3RDb25maWd1cmF0aW9uQXNzaWdubWVudHM/YXBpLXZlcnNpb249MjAxOC0xMS0yMA==",
>>>>>>> d78b04a5306127f583235b13752c48d4f7d1289a
      "RequestMethod": "GET",
      "RequestBody": "",
      "RequestHeaders": {
        "x-ms-client-request-id": [
<<<<<<< HEAD
          "cb9eca64-6a5a-4d82-bdbe-d3e0a55079bc"
=======
          "6966d121-ceee-4a87-825c-ff99c03d4dc0"
>>>>>>> d78b04a5306127f583235b13752c48d4f7d1289a
        ],
        "Accept-Language": [
          "en-US"
        ],
        "User-Agent": [
<<<<<<< HEAD
          "FxVersion/4.6.27129.04",
          "OSName/Windows",
          "OSVersion/Microsoft.Windows.10.0.14393.",
          "Microsoft.Azure.Management.Internal.ResourceManager.Version2018.05.01.PolicyClient/1.2.1"
=======
          "FxVersion/4.6.28801.04",
          "OSName/Windows",
          "OSVersion/Microsoft.Windows.10.0.18362.",
          "Microsoft.Azure.Management.GuestConfiguration.GuestConfigurationClient/1.2.0"
        ]
      },
      "ResponseHeaders": {
        "Cache-Control": [
          "no-cache"
        ],
        "Pragma": [
          "no-cache"
        ],
        "x-ms-failure-cause": [
          "gateway"
        ],
        "x-ms-request-id": [
          "26d9e8ca-67c5-4e7e-9e70-28bb7543f880"
        ],
        "x-ms-correlation-request-id": [
          "26d9e8ca-67c5-4e7e-9e70-28bb7543f880"
        ],
        "x-ms-routing-request-id": [
          "WESTUS2:20200609T003837Z:26d9e8ca-67c5-4e7e-9e70-28bb7543f880"
        ],
        "Strict-Transport-Security": [
          "max-age=31536000; includeSubDomains"
        ],
        "X-Content-Type-Options": [
          "nosniff"
        ],
        "Date": [
          "Tue, 09 Jun 2020 00:38:37 GMT"
        ],
        "Content-Type": [
          "application/json; charset=utf-8"
        ],
        "Expires": [
          "-1"
        ],
        "Content-Length": [
          "252"
        ]
      },
      "ResponseBody": "{\r\n  \"error\": {\r\n    \"code\": \"ResourceNotFound\",\r\n    \"message\": \"The Resource 'Microsoft.HybridCompute/machines/pol-2016corsml' under resource group 'PolicyE2ETest_58_20_10_06-08-2020' was not found. For more details please go to https://aka.ms/ARMResourceNotFoundFix\"\r\n  }\r\n}",
      "StatusCode": 404
    },
    {
      "RequestUri": "/providers/Microsoft.Authorization/policySetDefinitions/92e09915-8806-493c-baac-4858b0eeea7b?api-version=2018-05-01",
      "EncodedRequestUri": "L3Byb3ZpZGVycy9NaWNyb3NvZnQuQXV0aG9yaXphdGlvbi9wb2xpY3lTZXREZWZpbml0aW9ucy85MmUwOTkxNS04ODA2LTQ5M2MtYmFhYy00ODU4YjBlZWVhN2I/YXBpLXZlcnNpb249MjAxOC0wNS0wMQ==",
      "RequestMethod": "GET",
      "RequestBody": "",
      "RequestHeaders": {
        "x-ms-client-request-id": [
          "c69954fe-ab91-4ee3-a2bb-a864d9225c3a"
        ],
        "Accept-Language": [
          "en-US"
        ],
        "User-Agent": [
          "FxVersion/4.6.28801.04",
          "OSName/Windows",
          "OSVersion/Microsoft.Windows.10.0.18362.",
          "Microsoft.Azure.Management.Internal.ResourceManager.Version2018.05.01.PolicyClient/1.3.11"
>>>>>>> d78b04a5306127f583235b13752c48d4f7d1289a
        ]
      },
      "ResponseHeaders": {
        "Cache-Control": [
          "no-cache"
        ],
        "Pragma": [
          "no-cache"
        ],
        "x-ms-request-id": [
<<<<<<< HEAD
          "westus:88985380-147f-459d-84e7-a4ea63f316e0"
        ],
        "x-ms-ratelimit-remaining-tenant-reads": [
          "11999"
        ],
        "x-ms-correlation-request-id": [
          "b0d8b811-6669-412a-929e-2883e5e8f7a5"
        ],
        "x-ms-routing-request-id": [
          "WESTUS:20190531T011512Z:b0d8b811-6669-412a-929e-2883e5e8f7a5"
=======
          "westus2:966dc6b7-c35b-4650-8be0-2d02a135b1f3"
        ],
        "x-ms-ratelimit-remaining-tenant-reads": [
          "11993"
        ],
        "x-ms-correlation-request-id": [
          "3498e503-0b06-4aba-a23e-569d2560a32e"
        ],
        "x-ms-routing-request-id": [
          "WESTUS2:20200609T003837Z:3498e503-0b06-4aba-a23e-569d2560a32e"
>>>>>>> d78b04a5306127f583235b13752c48d4f7d1289a
        ],
        "Strict-Transport-Security": [
          "max-age=31536000; includeSubDomains"
        ],
        "X-Content-Type-Options": [
          "nosniff"
        ],
        "Date": [
<<<<<<< HEAD
          "Fri, 31 May 2019 01:15:12 GMT"
=======
          "Tue, 09 Jun 2020 00:38:37 GMT"
>>>>>>> d78b04a5306127f583235b13752c48d4f7d1289a
        ],
        "Content-Length": [
          "145"
        ],
        "Content-Type": [
          "application/json; charset=utf-8"
        ],
        "Expires": [
          "-1"
        ]
      },
<<<<<<< HEAD
      "ResponseBody": "{\r\n  \"error\": {\r\n    \"code\": \"PolicySetDefinitionNotFound\",\r\n    \"message\": \"The policy set definition '60062d3c-3282-4a3d-9bc4-3557dded22ca' could not be found.\"\r\n  }\r\n}",
      "StatusCode": 404
    },
    {
      "RequestUri": "/subscriptions/b5e4748c-f69a-467c-8749-e2f9c8cd3db0/providers/Microsoft.Authorization/policySetDefinitions/60062d3c-3282-4a3d-9bc4-3557dded22ca?api-version=2018-05-01",
      "EncodedRequestUri": "L3N1YnNjcmlwdGlvbnMvYjVlNDc0OGMtZjY5YS00NjdjLTg3NDktZTJmOWM4Y2QzZGIwL3Byb3ZpZGVycy9NaWNyb3NvZnQuQXV0aG9yaXphdGlvbi9wb2xpY3lTZXREZWZpbml0aW9ucy82MDA2MmQzYy0zMjgyLTRhM2QtOWJjNC0zNTU3ZGRlZDIyY2E/YXBpLXZlcnNpb249MjAxOC0wNS0wMQ==",
=======
      "ResponseBody": "{\r\n  \"error\": {\r\n    \"code\": \"PolicySetDefinitionNotFound\",\r\n    \"message\": \"The policy set definition '92e09915-8806-493c-baac-4858b0eeea7b' could not be found.\"\r\n  }\r\n}",
      "StatusCode": 404
    },
    {
      "RequestUri": "/subscriptions/f66367e1-cf7d-407b-ba39-53230cc79071/providers/Microsoft.Authorization/policySetDefinitions/92e09915-8806-493c-baac-4858b0eeea7b?api-version=2018-05-01",
      "EncodedRequestUri": "L3N1YnNjcmlwdGlvbnMvZjY2MzY3ZTEtY2Y3ZC00MDdiLWJhMzktNTMyMzBjYzc5MDcxL3Byb3ZpZGVycy9NaWNyb3NvZnQuQXV0aG9yaXphdGlvbi9wb2xpY3lTZXREZWZpbml0aW9ucy85MmUwOTkxNS04ODA2LTQ5M2MtYmFhYy00ODU4YjBlZWVhN2I/YXBpLXZlcnNpb249MjAxOC0wNS0wMQ==",
>>>>>>> d78b04a5306127f583235b13752c48d4f7d1289a
      "RequestMethod": "GET",
      "RequestBody": "",
      "RequestHeaders": {
        "x-ms-client-request-id": [
<<<<<<< HEAD
          "cf45eb03-872a-45af-a82f-e4b82d542200"
=======
          "e7ce8f8f-40f2-4395-aec1-dc01ed090cd1"
>>>>>>> d78b04a5306127f583235b13752c48d4f7d1289a
        ],
        "Accept-Language": [
          "en-US"
        ],
        "User-Agent": [
<<<<<<< HEAD
          "FxVersion/4.6.27129.04",
          "OSName/Windows",
          "OSVersion/Microsoft.Windows.10.0.14393.",
          "Microsoft.Azure.Management.Internal.ResourceManager.Version2018.05.01.PolicyClient/1.2.1"
=======
          "FxVersion/4.6.28801.04",
          "OSName/Windows",
          "OSVersion/Microsoft.Windows.10.0.18362.",
          "Microsoft.Azure.Management.Internal.ResourceManager.Version2018.05.01.PolicyClient/1.3.11"
>>>>>>> d78b04a5306127f583235b13752c48d4f7d1289a
        ]
      },
      "ResponseHeaders": {
        "Cache-Control": [
          "no-cache"
        ],
        "Pragma": [
          "no-cache"
        ],
        "Vary": [
          "Accept-Encoding"
        ],
        "x-ms-request-id": [
<<<<<<< HEAD
          "westus:12b2622f-d342-4f06-9748-037062b5f515"
        ],
        "x-ms-ratelimit-remaining-subscription-reads": [
          "11999"
        ],
        "x-ms-correlation-request-id": [
          "432f1387-a1d9-4842-a4ec-b510c972c9e0"
        ],
        "x-ms-routing-request-id": [
          "WESTUS:20190531T011512Z:432f1387-a1d9-4842-a4ec-b510c972c9e0"
=======
          "westus2:0899dbbb-9c8c-41a5-99eb-6ab95e61a512"
        ],
        "x-ms-ratelimit-remaining-subscription-reads": [
          "11997"
        ],
        "x-ms-correlation-request-id": [
          "5e1e1c66-bd45-4ae7-be3e-7a83ee023fe7"
        ],
        "x-ms-routing-request-id": [
          "WESTUS2:20200609T003838Z:5e1e1c66-bd45-4ae7-be3e-7a83ee023fe7"
>>>>>>> d78b04a5306127f583235b13752c48d4f7d1289a
        ],
        "Strict-Transport-Security": [
          "max-age=31536000; includeSubDomains"
        ],
        "X-Content-Type-Options": [
          "nosniff"
        ],
        "Date": [
<<<<<<< HEAD
          "Fri, 31 May 2019 01:15:12 GMT"
        ],
        "Content-Length": [
          "1157"
=======
          "Tue, 09 Jun 2020 00:38:37 GMT"
        ],
        "Content-Length": [
          "1104"
>>>>>>> d78b04a5306127f583235b13752c48d4f7d1289a
        ],
        "Content-Type": [
          "application/json; charset=utf-8"
        ],
        "Expires": [
          "-1"
        ]
      },
<<<<<<< HEAD
      "ResponseBody": "{\r\n  \"properties\": {\r\n    \"displayName\": \"[CustomRole]Audit Linux VMs that have the specified applications installed\",\r\n    \"policyType\": \"Custom\",\r\n    \"metadata\": {\r\n      \"category\": \"Guest Configuration\",\r\n      \"createdBy\": \"a5084226-9f3d-4a16-82ba-c8cd8cdf45f0\",\r\n      \"createdOn\": \"2019-05-17T19:22:09.1833612Z\",\r\n      \"updatedBy\": null,\r\n      \"updatedOn\": null\r\n    },\r\n    \"parameters\": {\r\n      \"APPLICATIONNAME_1\": {\r\n        \"type\": \"String\",\r\n        \"metadata\": {\r\n          \"displayName\": \"Application names\"\r\n        }\r\n      }\r\n    },\r\n    \"policyDefinitions\": [\r\n      {\r\n        \"policyDefinitionReferenceId\": \"16764350931751250725\",\r\n        \"policyDefinitionId\": \"/subscriptions/b5e4748c-f69a-467c-8749-e2f9c8cd3db0/providers/Microsoft.Authorization/policyDefinitions/60062d3c-3282-4a3d-9bc4-3557dded21a5\",\r\n        \"parameters\": {\r\n          \"ApplicationName\": {\r\n            \"value\": \"[parameters('APPLICATIONNAME_1')]\"\r\n          }\r\n        }\r\n      },\r\n      {\r\n        \"policyDefinitionReferenceId\": \"8357902569911816872\",\r\n        \"policyDefinitionId\": \"/providers/Microsoft.Authorization/policyDefinitions/5b842acb-0fe7-41b0-9f40-880ec4ad84d8\",\r\n        \"parameters\": {}\r\n      }\r\n    ]\r\n  },\r\n  \"id\": \"/subscriptions/b5e4748c-f69a-467c-8749-e2f9c8cd3db0/providers/Microsoft.Authorization/policySetDefinitions/60062d3c-3282-4a3d-9bc4-3557dded22ca\",\r\n  \"type\": \"Microsoft.Authorization/policySetDefinitions\",\r\n  \"name\": \"60062d3c-3282-4a3d-9bc4-3557dded22ca\"\r\n}",
      "StatusCode": 200
    },
    {
      "RequestUri": "/providers/Microsoft.Authorization/policyDefinitions/60062d3c-3282-4a3d-9bc4-3557dded21a5?api-version=2018-05-01",
      "EncodedRequestUri": "L3Byb3ZpZGVycy9NaWNyb3NvZnQuQXV0aG9yaXphdGlvbi9wb2xpY3lEZWZpbml0aW9ucy82MDA2MmQzYy0zMjgyLTRhM2QtOWJjNC0zNTU3ZGRlZDIxYTU/YXBpLXZlcnNpb249MjAxOC0wNS0wMQ==",
=======
      "ResponseBody": "{\r\n  \"properties\": {\r\n    \"displayName\": \"[Initiative] [dsc_e2e_test] Audit Windows Service (do not delete).\",\r\n    \"policyType\": \"Custom\",\r\n    \"description\": \"Policy to audit Windows service state.\",\r\n    \"metadata\": {\r\n      \"category\": \"Guest Configuration\",\r\n      \"createdBy\": \"cf38f268-bf7b-4d70-ad46-c7e6bea34eaa\",\r\n      \"createdOn\": \"2019-07-25T00:36:25.3860314Z\",\r\n      \"updatedBy\": null,\r\n      \"updatedOn\": null\r\n    },\r\n    \"parameters\": {},\r\n    \"policyDefinitions\": [\r\n      {\r\n        \"policyDefinitionReferenceId\": \"Deploy_AuditWindowsService\",\r\n        \"policyDefinitionId\": \"/subscriptions/f66367e1-cf7d-407b-ba39-53230cc79071/providers/Microsoft.Authorization/policyDefinitions/a71505d3-c1a0-442e-9b87-0b1dca9c1deb\",\r\n        \"parameters\": {}\r\n      },\r\n      {\r\n        \"policyDefinitionReferenceId\": \"Audit_AuditWindowsService\",\r\n        \"policyDefinitionId\": \"/subscriptions/f66367e1-cf7d-407b-ba39-53230cc79071/providers/Microsoft.Authorization/policyDefinitions/08a87b8a-e824-44fa-bf85-0f61a161eebb\"\r\n      }\r\n    ]\r\n  },\r\n  \"id\": \"/subscriptions/f66367e1-cf7d-407b-ba39-53230cc79071/providers/Microsoft.Authorization/policySetDefinitions/92e09915-8806-493c-baac-4858b0eeea7b\",\r\n  \"type\": \"Microsoft.Authorization/policySetDefinitions\",\r\n  \"name\": \"92e09915-8806-493c-baac-4858b0eeea7b\"\r\n}",
      "StatusCode": 200
    },
    {
      "RequestUri": "/providers/Microsoft.Authorization/policyDefinitions/a71505d3-c1a0-442e-9b87-0b1dca9c1deb?api-version=2018-05-01",
      "EncodedRequestUri": "L3Byb3ZpZGVycy9NaWNyb3NvZnQuQXV0aG9yaXphdGlvbi9wb2xpY3lEZWZpbml0aW9ucy9hNzE1MDVkMy1jMWEwLTQ0MmUtOWI4Ny0wYjFkY2E5YzFkZWI/YXBpLXZlcnNpb249MjAxOC0wNS0wMQ==",
>>>>>>> d78b04a5306127f583235b13752c48d4f7d1289a
      "RequestMethod": "GET",
      "RequestBody": "",
      "RequestHeaders": {
        "x-ms-client-request-id": [
<<<<<<< HEAD
          "0cf7da32-9896-4902-9a39-258ad09504a1"
=======
          "ae394753-7afd-4273-a6d6-fb0476272d49"
>>>>>>> d78b04a5306127f583235b13752c48d4f7d1289a
        ],
        "Accept-Language": [
          "en-US"
        ],
        "User-Agent": [
<<<<<<< HEAD
          "FxVersion/4.6.27129.04",
          "OSName/Windows",
          "OSVersion/Microsoft.Windows.10.0.14393.",
          "Microsoft.Azure.Management.Internal.ResourceManager.Version2018.05.01.PolicyClient/1.2.1"
=======
          "FxVersion/4.6.28801.04",
          "OSName/Windows",
          "OSVersion/Microsoft.Windows.10.0.18362.",
          "Microsoft.Azure.Management.Internal.ResourceManager.Version2018.05.01.PolicyClient/1.3.11"
>>>>>>> d78b04a5306127f583235b13752c48d4f7d1289a
        ]
      },
      "ResponseHeaders": {
        "Cache-Control": [
          "no-cache"
        ],
        "Pragma": [
          "no-cache"
        ],
        "x-ms-request-id": [
<<<<<<< HEAD
          "westus:a93fdcf0-bcfc-4897-b32d-9190c4d55f12"
        ],
        "x-ms-ratelimit-remaining-tenant-reads": [
          "11998"
        ],
        "x-ms-correlation-request-id": [
          "529f60f0-d0e7-407b-abff-603ca762a7d4"
        ],
        "x-ms-routing-request-id": [
          "WESTUS:20190531T011512Z:529f60f0-d0e7-407b-abff-603ca762a7d4"
=======
          "westus2:a94db87a-99b2-41e8-b19c-42833eb5bb00"
        ],
        "x-ms-ratelimit-remaining-tenant-reads": [
          "11992"
        ],
        "x-ms-correlation-request-id": [
          "5ca64999-4645-49ea-8661-c00b89fdaf28"
        ],
        "x-ms-routing-request-id": [
          "WESTUS2:20200609T003838Z:5ca64999-4645-49ea-8661-c00b89fdaf28"
>>>>>>> d78b04a5306127f583235b13752c48d4f7d1289a
        ],
        "Strict-Transport-Security": [
          "max-age=31536000; includeSubDomains"
        ],
        "X-Content-Type-Options": [
          "nosniff"
        ],
        "Date": [
<<<<<<< HEAD
          "Fri, 31 May 2019 01:15:12 GMT"
=======
          "Tue, 09 Jun 2020 00:38:37 GMT"
>>>>>>> d78b04a5306127f583235b13752c48d4f7d1289a
        ],
        "Content-Length": [
          "138"
        ],
        "Content-Type": [
          "application/json; charset=utf-8"
        ],
        "Expires": [
          "-1"
        ]
      },
<<<<<<< HEAD
      "ResponseBody": "{\r\n  \"error\": {\r\n    \"code\": \"PolicyDefinitionNotFound\",\r\n    \"message\": \"The policy definition '60062d3c-3282-4a3d-9bc4-3557dded21a5' could not be found.\"\r\n  }\r\n}",
      "StatusCode": 404
    },
    {
      "RequestUri": "/subscriptions/b5e4748c-f69a-467c-8749-e2f9c8cd3db0/providers/Microsoft.Authorization/policyDefinitions/60062d3c-3282-4a3d-9bc4-3557dded21a5?api-version=2018-05-01",
      "EncodedRequestUri": "L3N1YnNjcmlwdGlvbnMvYjVlNDc0OGMtZjY5YS00NjdjLTg3NDktZTJmOWM4Y2QzZGIwL3Byb3ZpZGVycy9NaWNyb3NvZnQuQXV0aG9yaXphdGlvbi9wb2xpY3lEZWZpbml0aW9ucy82MDA2MmQzYy0zMjgyLTRhM2QtOWJjNC0zNTU3ZGRlZDIxYTU/YXBpLXZlcnNpb249MjAxOC0wNS0wMQ==",
=======
      "ResponseBody": "{\r\n  \"error\": {\r\n    \"code\": \"PolicyDefinitionNotFound\",\r\n    \"message\": \"The policy definition 'a71505d3-c1a0-442e-9b87-0b1dca9c1deb' could not be found.\"\r\n  }\r\n}",
      "StatusCode": 404
    },
    {
      "RequestUri": "/subscriptions/f66367e1-cf7d-407b-ba39-53230cc79071/providers/Microsoft.Authorization/policyDefinitions/a71505d3-c1a0-442e-9b87-0b1dca9c1deb?api-version=2018-05-01",
      "EncodedRequestUri": "L3N1YnNjcmlwdGlvbnMvZjY2MzY3ZTEtY2Y3ZC00MDdiLWJhMzktNTMyMzBjYzc5MDcxL3Byb3ZpZGVycy9NaWNyb3NvZnQuQXV0aG9yaXphdGlvbi9wb2xpY3lEZWZpbml0aW9ucy9hNzE1MDVkMy1jMWEwLTQ0MmUtOWI4Ny0wYjFkY2E5YzFkZWI/YXBpLXZlcnNpb249MjAxOC0wNS0wMQ==",
>>>>>>> d78b04a5306127f583235b13752c48d4f7d1289a
      "RequestMethod": "GET",
      "RequestBody": "",
      "RequestHeaders": {
        "x-ms-client-request-id": [
<<<<<<< HEAD
          "f6bfbeb6-dbab-4733-a897-d1c184b8e297"
=======
          "735e8e9d-4b6f-4690-ab8a-fb4db67d4807"
>>>>>>> d78b04a5306127f583235b13752c48d4f7d1289a
        ],
        "Accept-Language": [
          "en-US"
        ],
        "User-Agent": [
<<<<<<< HEAD
          "FxVersion/4.6.27129.04",
          "OSName/Windows",
          "OSVersion/Microsoft.Windows.10.0.14393.",
          "Microsoft.Azure.Management.Internal.ResourceManager.Version2018.05.01.PolicyClient/1.2.1"
=======
          "FxVersion/4.6.28801.04",
          "OSName/Windows",
          "OSVersion/Microsoft.Windows.10.0.18362.",
          "Microsoft.Azure.Management.Internal.ResourceManager.Version2018.05.01.PolicyClient/1.3.11"
>>>>>>> d78b04a5306127f583235b13752c48d4f7d1289a
        ]
      },
      "ResponseHeaders": {
        "Cache-Control": [
          "no-cache"
        ],
        "Pragma": [
          "no-cache"
        ],
        "Vary": [
          "Accept-Encoding"
        ],
        "x-ms-request-id": [
<<<<<<< HEAD
          "westus:7890c3cf-c0b2-41cd-a876-3f8b1421bfda"
        ],
        "x-ms-ratelimit-remaining-subscription-reads": [
          "11998"
        ],
        "x-ms-correlation-request-id": [
          "c22fd4dc-5c3b-46b2-bd3e-c47969e20192"
        ],
        "x-ms-routing-request-id": [
          "WESTUS:20190531T011512Z:c22fd4dc-5c3b-46b2-bd3e-c47969e20192"
=======
          "westus2:857f27be-411b-44e4-8017-48c4bfd97ddf"
        ],
        "x-ms-ratelimit-remaining-subscription-reads": [
          "11996"
        ],
        "x-ms-correlation-request-id": [
          "d585cda6-f615-4208-9a68-fb7f7d54d14f"
        ],
        "x-ms-routing-request-id": [
          "WESTUS2:20200609T003838Z:d585cda6-f615-4208-9a68-fb7f7d54d14f"
>>>>>>> d78b04a5306127f583235b13752c48d4f7d1289a
        ],
        "Strict-Transport-Security": [
          "max-age=31536000; includeSubDomains"
        ],
        "X-Content-Type-Options": [
          "nosniff"
        ],
        "Date": [
<<<<<<< HEAD
          "Fri, 31 May 2019 01:15:12 GMT"
        ],
        "Content-Length": [
          "5472"
=======
          "Tue, 09 Jun 2020 00:38:37 GMT"
        ],
        "Content-Length": [
          "4603"
>>>>>>> d78b04a5306127f583235b13752c48d4f7d1289a
        ],
        "Content-Type": [
          "application/json; charset=utf-8"
        ],
        "Expires": [
          "-1"
        ]
      },
<<<<<<< HEAD
      "ResponseBody": "{\r\n  \"properties\": {\r\n    \"displayName\": \"[CustomRole]Deploy requirements to audit Linux VMs that have the specified applications installed\",\r\n    \"policyType\": \"Custom\",\r\n    \"mode\": \"Indexed\",\r\n    \"description\": \"This policy creates a Guest Configuration assignment to audit Linux virtual machines that have the specified applications installed. It also creates a system-assigned managed identity and deploys the VM extension for Guest Configuration. This policy should only be used along with its corresponding audit policy in an initiative. For more information on Guest Configuration policies, please visit https://aka.ms/gcpol\",\r\n    \"metadata\": {\r\n      \"category\": \"Guest Configuration\",\r\n      \"createdBy\": \"a5084226-9f3d-4a16-82ba-c8cd8cdf45f0\",\r\n      \"createdOn\": \"2019-05-17T19:20:42.2907524Z\",\r\n      \"updatedBy\": \"a5084226-9f3d-4a16-82ba-c8cd8cdf45f0\",\r\n      \"updatedOn\": \"2019-05-22T00:03:32.7314176Z\"\r\n    },\r\n    \"parameters\": {\r\n      \"ApplicationName\": {\r\n        \"type\": \"String\",\r\n        \"metadata\": {\r\n          \"displayName\": \"Application names\",\r\n          \"description\": \"A semicolon-separated list of the names of the applications that should not be installed. e.g. 'python; powershell'\"\r\n        }\r\n      }\r\n    },\r\n    \"policyRule\": {\r\n      \"if\": {\r\n        \"allOf\": [\r\n          {\r\n            \"field\": \"type\",\r\n            \"equals\": \"Microsoft.Compute/virtualMachines\"\r\n          },\r\n          {\r\n            \"anyOf\": [\r\n              {\r\n                \"field\": \"Microsoft.Compute/imagePublisher\",\r\n                \"in\": [\r\n                  \"microsoft-aks\",\r\n                  \"AzureDatabricks\",\r\n                  \"qubole-inc\",\r\n                  \"datastax\",\r\n                  \"couchbase\",\r\n                  \"scalegrid\",\r\n                  \"checkpoint\",\r\n                  \"paloaltonetworks\"\r\n                ]\r\n              },\r\n              {\r\n                \"allOf\": [\r\n                  {\r\n                    \"field\": \"Microsoft.Compute/imagePublisher\",\r\n                    \"equals\": \"OpenLogic\"\r\n                  },\r\n                  {\r\n                    \"field\": \"Microsoft.Compute/imageOffer\",\r\n                    \"like\": \"CentOS*\"\r\n                  },\r\n                  {\r\n                    \"field\": \"Microsoft.Compute/imageSKU\",\r\n                    \"notLike\": \"6*\"\r\n                  }\r\n                ]\r\n              },\r\n              {\r\n                \"allOf\": [\r\n                  {\r\n                    \"field\": \"Microsoft.Compute/imagePublisher\",\r\n                    \"equals\": \"RedHat\"\r\n                  },\r\n                  {\r\n                    \"field\": \"Microsoft.Compute/imageOffer\",\r\n                    \"equals\": \"RHEL\"\r\n                  },\r\n                  {\r\n                    \"field\": \"Microsoft.Compute/imageSKU\",\r\n                    \"notLike\": \"6*\"\r\n                  }\r\n                ]\r\n              },\r\n              {\r\n                \"allOf\": [\r\n                  {\r\n                    \"field\": \"Microsoft.Compute/imagePublisher\",\r\n                    \"equals\": \"RedHat\"\r\n                  },\r\n                  {\r\n                    \"field\": \"Microsoft.Compute/imageOffer\",\r\n                    \"equals\": \"osa\"\r\n                  }\r\n                ]\r\n              },\r\n              {\r\n                \"allOf\": [\r\n                  {\r\n                    \"field\": \"Microsoft.Compute/imagePublisher\",\r\n                    \"equals\": \"credativ\"\r\n                  },\r\n                  {\r\n                    \"field\": \"Microsoft.Compute/imageOffer\",\r\n                    \"equals\": \"Debian\"\r\n                  },\r\n                  {\r\n                    \"field\": \"Microsoft.Compute/imageSKU\",\r\n                    \"notLike\": \"7*\"\r\n                  }\r\n                ]\r\n              },\r\n              {\r\n                \"allOf\": [\r\n                  {\r\n                    \"field\": \"Microsoft.Compute/imagePublisher\",\r\n                    \"equals\": \"Suse\"\r\n                  },\r\n                  {\r\n                    \"field\": \"Microsoft.Compute/imageOffer\",\r\n                    \"like\": \"SLES*\"\r\n                  },\r\n                  {\r\n                    \"field\": \"Microsoft.Compute/imageSKU\",\r\n                    \"notLike\": \"11*\"\r\n                  }\r\n                ]\r\n              },\r\n              {\r\n                \"allOf\": [\r\n                  {\r\n                    \"field\": \"Microsoft.Compute/imagePublisher\",\r\n                    \"equals\": \"Canonical\"\r\n                  },\r\n                  {\r\n                    \"field\": \"Microsoft.Compute/imageOffer\",\r\n                    \"equals\": \"UbuntuServer\"\r\n                  },\r\n                  {\r\n                    \"field\": \"Microsoft.Compute/imageSKU\",\r\n                    \"notLike\": \"12*\"\r\n                  }\r\n                ]\r\n              },\r\n              {\r\n                \"allOf\": [\r\n                  {\r\n                    \"field\": \"Microsoft.Compute/imagePublisher\",\r\n                    \"equals\": \"microsoft-dsvm\"\r\n                  },\r\n                  {\r\n                    \"field\": \"Microsoft.Compute/imageOffer\",\r\n                    \"in\": [\r\n                      \"linux-data-science-vm-ubuntu\",\r\n                      \"azureml\"\r\n                    ]\r\n                  }\r\n                ]\r\n              },\r\n              {\r\n                \"allOf\": [\r\n                  {\r\n                    \"field\": \"Microsoft.Compute/imagePublisher\",\r\n                    \"equals\": \"cloudera\"\r\n                  },\r\n                  {\r\n                    \"field\": \"Microsoft.Compute/imageOffer\",\r\n                    \"equals\": \"cloudera-centos-os\"\r\n                  },\r\n                  {\r\n                    \"field\": \"Microsoft.Compute/imageSKU\",\r\n                    \"notLike\": \"6*\"\r\n                  }\r\n                ]\r\n              },\r\n              {\r\n                \"allOf\": [\r\n                  {\r\n                    \"field\": \"Microsoft.Compute/imagePublisher\",\r\n                    \"equals\": \"cloudera\"\r\n                  },\r\n                  {\r\n                    \"field\": \"Microsoft.Compute/imageOffer\",\r\n                    \"equals\": \"cloudera-altus-centos-os\"\r\n                  }\r\n                ]\r\n              },\r\n              {\r\n                \"allOf\": [\r\n                  {\r\n                    \"field\": \"Microsoft.Compute/imagePublisher\",\r\n                    \"equals\": \"microsoft-ads\"\r\n                  },\r\n                  {\r\n                    \"field\": \"Microsoft.Compute/imageOffer\",\r\n                    \"like\": \"linux*\"\r\n                  }\r\n                ]\r\n              }\r\n            ]\r\n          }\r\n        ]\r\n      },\r\n      \"then\": {\r\n        \"effect\": \"deployIfNotExists\",\r\n        \"details\": {\r\n          \"type\": \"Microsoft.GuestConfiguration/guestConfigurationAssignments\",\r\n          \"name\": \"not_installed_application_linux\",\r\n          \"roleDefinitionIds\": [\r\n            \"/subscriptions/b5e4748c-f69a-467c-8749-e2f9c8cd3db0/providers/Microsoft.Authorization/roleDefinitions/d0f02ede-a869-41f6-939b-db2dad46a489\"\r\n          ],\r\n          \"deployment\": {\r\n            \"properties\": {\r\n              \"mode\": \"incremental\",\r\n              \"parameters\": {\r\n                \"vmName\": {\r\n                  \"value\": \"[field('name')]\"\r\n                },\r\n                \"location\": {\r\n                  \"value\": \"[field('location')]\"\r\n                },\r\n                \"configurationName\": {\r\n                  \"value\": \"not_installed_application_linux\"\r\n                },\r\n                \"ApplicationName\": {\r\n                  \"value\": \"[parameters('ApplicationName')]\"\r\n                }\r\n              },\r\n              \"template\": {\r\n                \"$schema\": \"https://schema.management.azure.com/schemas/2015-01-01/deploymentTemplate.json#\",\r\n                \"contentVersion\": \"1.0.0.0\",\r\n                \"parameters\": {\r\n                  \"vmName\": {\r\n                    \"type\": \"string\"\r\n                  },\r\n                  \"location\": {\r\n                    \"type\": \"string\"\r\n                  },\r\n                  \"configurationName\": {\r\n                    \"type\": \"string\"\r\n                  },\r\n                  \"ApplicationName\": {\r\n                    \"type\": \"string\"\r\n                  }\r\n                },\r\n                \"resources\": [\r\n                  {\r\n                    \"apiVersion\": \"2018-11-20\",\r\n                    \"type\": \"Microsoft.Compute/virtualMachines/providers/guestConfigurationAssignments\",\r\n                    \"name\": \"[concat(parameters('vmName'), '/Microsoft.GuestConfiguration/', parameters('configurationName'))]\",\r\n                    \"location\": \"[parameters('location')]\",\r\n                    \"properties\": {\r\n                      \"guestConfiguration\": {\r\n                        \"name\": \"[parameters('configurationName')]\",\r\n                        \"version\": \"1.*\",\r\n                        \"configurationParameter\": [\r\n                          {\r\n                            \"name\": \"[ChefInSpec]NotInstalledApplicationLinuxResource1;AttributesYmlContent\",\r\n                            \"value\": \"[concat('packages: [', replace(parameters('ApplicationName'), ';', ','), ']')]\"\r\n                          }\r\n                        ]\r\n                      }\r\n                    }\r\n                  },\r\n                  {\r\n                    \"apiVersion\": \"2017-03-30\",\r\n                    \"type\": \"Microsoft.Compute/virtualMachines\",\r\n                    \"identity\": {\r\n                      \"type\": \"SystemAssigned\"\r\n                    },\r\n                    \"name\": \"[parameters('vmName')]\",\r\n                    \"location\": \"[parameters('location')]\"\r\n                  },\r\n                  {\r\n                    \"apiVersion\": \"2015-05-01-preview\",\r\n                    \"name\": \"[concat(parameters('vmName'), '/AzurePolicyforLinux')]\",\r\n                    \"type\": \"Microsoft.Compute/virtualMachines/extensions\",\r\n                    \"location\": \"[parameters('location')]\",\r\n                    \"properties\": {\r\n                      \"publisher\": \"Microsoft.GuestConfiguration\",\r\n                      \"type\": \"ConfigurationforLinux\",\r\n                      \"typeHandlerVersion\": \"1.0\",\r\n                      \"autoUpgradeMinorVersion\": true\r\n                    },\r\n                    \"dependsOn\": [\r\n                      \"[concat('Microsoft.Compute/virtualMachines/',parameters('vmName'),'/providers/Microsoft.GuestConfiguration/guestConfigurationAssignments/',parameters('configurationName'))]\"\r\n                    ]\r\n                  }\r\n                ]\r\n              }\r\n            }\r\n          }\r\n        }\r\n      }\r\n    }\r\n  },\r\n  \"id\": \"/subscriptions/b5e4748c-f69a-467c-8749-e2f9c8cd3db0/providers/Microsoft.Authorization/policyDefinitions/60062d3c-3282-4a3d-9bc4-3557dded21a5\",\r\n  \"type\": \"Microsoft.Authorization/policyDefinitions\",\r\n  \"name\": \"60062d3c-3282-4a3d-9bc4-3557dded21a5\"\r\n}",
      "StatusCode": 200
    },
    {
      "RequestUri": "/providers/Microsoft.Authorization/policyDefinitions/5b842acb-0fe7-41b0-9f40-880ec4ad84d8?api-version=2018-05-01",
      "EncodedRequestUri": "L3Byb3ZpZGVycy9NaWNyb3NvZnQuQXV0aG9yaXphdGlvbi9wb2xpY3lEZWZpbml0aW9ucy81Yjg0MmFjYi0wZmU3LTQxYjAtOWY0MC04ODBlYzRhZDg0ZDg/YXBpLXZlcnNpb249MjAxOC0wNS0wMQ==",
=======
      "ResponseBody": "{\r\n  \"properties\": {\r\n    \"displayName\": \"[Deploy] [dsc_e2e_test] Audit Windows Service (do not delete).\",\r\n    \"policyType\": \"Custom\",\r\n    \"mode\": \"All\",\r\n    \"description\": \"Policy to audit Windows service state.\",\r\n    \"metadata\": {\r\n      \"category\": \"Guest Configuration\",\r\n      \"requiredProviders\": [\r\n        \"Microsoft.GuestConfiguration\"\r\n      ],\r\n      \"createdBy\": \"cf38f268-bf7b-4d70-ad46-c7e6bea34eaa\",\r\n      \"createdOn\": \"2019-07-25T00:36:23.7141557Z\",\r\n      \"updatedBy\": null,\r\n      \"updatedOn\": null\r\n    },\r\n    \"policyRule\": {\r\n      \"if\": {\r\n        \"allOf\": [\r\n          {\r\n            \"field\": \"type\",\r\n            \"equals\": \"Microsoft.Compute/virtualMachines\"\r\n          },\r\n          {\r\n            \"anyOf\": [\r\n              {\r\n                \"field\": \"Microsoft.Compute/imagePublisher\",\r\n                \"in\": [\r\n                  \"esri\",\r\n                  \"incredibuild\",\r\n                  \"MicrosoftDynamicsAX\",\r\n                  \"MicrosoftSharepoint\",\r\n                  \"MicrosoftVisualStudio\",\r\n                  \"MicrosoftWindowsDesktop\",\r\n                  \"MicrosoftWindowsServerHPCPack\"\r\n                ]\r\n              },\r\n              {\r\n                \"allOf\": [\r\n                  {\r\n                    \"field\": \"Microsoft.Compute/imagePublisher\",\r\n                    \"equals\": \"MicrosoftWindowsServer\"\r\n                  },\r\n                  {\r\n                    \"field\": \"Microsoft.Compute/imageSKU\",\r\n                    \"notLike\": \"2008*\"\r\n                  }\r\n                ]\r\n              },\r\n              {\r\n                \"allOf\": [\r\n                  {\r\n                    \"field\": \"Microsoft.Compute/imagePublisher\",\r\n                    \"equals\": \"MicrosoftSQLServer\"\r\n                  },\r\n                  {\r\n                    \"field\": \"Microsoft.Compute/imageSKU\",\r\n                    \"notEquals\": \"SQL2008R2SP3-WS2008R2SP1\"\r\n                  }\r\n                ]\r\n              },\r\n              {\r\n                \"allOf\": [\r\n                  {\r\n                    \"field\": \"Microsoft.Compute/imagePublisher\",\r\n                    \"equals\": \"microsoft-dsvm\"\r\n                  },\r\n                  {\r\n                    \"field\": \"Microsoft.Compute/imageOffer\",\r\n                    \"equals\": \"dsvm-windows\"\r\n                  }\r\n                ]\r\n              },\r\n              {\r\n                \"allOf\": [\r\n                  {\r\n                    \"field\": \"Microsoft.Compute/imagePublisher\",\r\n                    \"equals\": \"microsoft-ads\"\r\n                  },\r\n                  {\r\n                    \"field\": \"Microsoft.Compute/imageOffer\",\r\n                    \"in\": [\r\n                      \"standard-data-science-vm\",\r\n                      \"windows-data-science-vm\"\r\n                    ]\r\n                  }\r\n                ]\r\n              },\r\n              {\r\n                \"allOf\": [\r\n                  {\r\n                    \"field\": \"Microsoft.Compute/imagePublisher\",\r\n                    \"equals\": \"batch\"\r\n                  },\r\n                  {\r\n                    \"field\": \"Microsoft.Compute/imageOffer\",\r\n                    \"equals\": \"rendering-windows2016\"\r\n                  }\r\n                ]\r\n              },\r\n              {\r\n                \"allOf\": [\r\n                  {\r\n                    \"field\": \"Microsoft.Compute/imagePublisher\",\r\n                    \"equals\": \"center-for-internet-security-inc\"\r\n                  },\r\n                  {\r\n                    \"field\": \"Microsoft.Compute/imageOffer\",\r\n                    \"like\": \"cis-windows-server-201*\"\r\n                  }\r\n                ]\r\n              },\r\n              {\r\n                \"allOf\": [\r\n                  {\r\n                    \"field\": \"Microsoft.Compute/imagePublisher\",\r\n                    \"equals\": \"pivotal\"\r\n                  },\r\n                  {\r\n                    \"field\": \"Microsoft.Compute/imageOffer\",\r\n                    \"like\": \"bosh-windows-server*\"\r\n                  }\r\n                ]\r\n              },\r\n              {\r\n                \"allOf\": [\r\n                  {\r\n                    \"field\": \"Microsoft.Compute/imagePublisher\",\r\n                    \"equals\": \"cloud-infrastructure-services\"\r\n                  },\r\n                  {\r\n                    \"field\": \"Microsoft.Compute/imageOffer\",\r\n                    \"like\": \"ad*\"\r\n                  }\r\n                ]\r\n              }\r\n            ]\r\n          }\r\n        ]\r\n      },\r\n      \"then\": {\r\n        \"effect\": \"deployIfNotExists\",\r\n        \"details\": {\r\n          \"type\": \"Microsoft.GuestConfiguration/guestConfigurationAssignments\",\r\n          \"name\": \"AuditWindowsService\",\r\n          \"roleDefinitionIds\": [\r\n            \"/providers/microsoft.authorization/roleDefinitions/b24988ac-6180-42a0-ab88-20f7382dd24c\"\r\n          ],\r\n          \"existenceCondition\": {\r\n            \"allOf\": [\r\n              {\r\n                \"field\": \"Microsoft.GuestConfiguration/guestConfigurationAssignments/contentHash\",\r\n                \"equals\": \"D421E3C8BB2298AEC5CFD95607B91241B7D5A2C88D54262ED304CA1FD01370F3\"\r\n              }\r\n            ]\r\n          },\r\n          \"deployment\": {\r\n            \"properties\": {\r\n              \"mode\": \"incremental\",\r\n              \"parameters\": {\r\n                \"vmName\": {\r\n                  \"value\": \"[field('name')]\"\r\n                },\r\n                \"location\": {\r\n                  \"value\": \"[field('location')]\"\r\n                },\r\n                \"configurationName\": {\r\n                  \"value\": \"AuditWindowsService\"\r\n                },\r\n                \"contentUri\": {\r\n                  \"value\": \"https://github.com/microsoft/PowerShell-DSC-for-Linux/raw/dsctests/gc_policy/AuditWindowsService.zip\"\r\n                },\r\n                \"contentHash\": {\r\n                  \"value\": \"D421E3C8BB2298AEC5CFD95607B91241B7D5A2C88D54262ED304CA1FD01370F3\"\r\n                }\r\n              },\r\n              \"template\": {\r\n                \"$schema\": \"https://schema.management.azure.com/schemas/2015-01-01/deploymentTemplate.json#\",\r\n                \"contentVersion\": \"1.0.0.0\",\r\n                \"parameters\": {\r\n                  \"vmName\": {\r\n                    \"type\": \"string\"\r\n                  },\r\n                  \"location\": {\r\n                    \"type\": \"string\"\r\n                  },\r\n                  \"configurationName\": {\r\n                    \"type\": \"string\"\r\n                  },\r\n                  \"contentUri\": {\r\n                    \"type\": \"string\"\r\n                  },\r\n                  \"contentHash\": {\r\n                    \"type\": \"string\"\r\n                  }\r\n                },\r\n                \"resources\": [\r\n                  {\r\n                    \"apiVersion\": \"2018-11-20\",\r\n                    \"type\": \"Microsoft.Compute/virtualMachines/providers/guestConfigurationAssignments\",\r\n                    \"name\": \"[concat(parameters('vmName'), '/Microsoft.GuestConfiguration/', parameters('configurationName'))]\",\r\n                    \"location\": \"[parameters('location')]\",\r\n                    \"properties\": {\r\n                      \"guestConfiguration\": {\r\n                        \"name\": \"[parameters('configurationName')]\",\r\n                        \"contentUri\": \"[parameters('contentUri')]\",\r\n                        \"contentHash\": \"[parameters('contentHash')]\",\r\n                        \"version\": \"1.0.0.0\"\r\n                      }\r\n                    }\r\n                  },\r\n                  {\r\n                    \"apiVersion\": \"2017-03-30\",\r\n                    \"type\": \"Microsoft.Compute/virtualMachines\",\r\n                    \"identity\": {\r\n                      \"type\": \"SystemAssigned\"\r\n                    },\r\n                    \"name\": \"[parameters('vmName')]\",\r\n                    \"location\": \"[parameters('location')]\"\r\n                  },\r\n                  {\r\n                    \"apiVersion\": \"2015-05-01-preview\",\r\n                    \"name\": \"[concat(parameters('vmName'), '/AzurePolicyforWindows')]\",\r\n                    \"type\": \"Microsoft.Compute/virtualMachines/extensions\",\r\n                    \"location\": \"[parameters('location')]\",\r\n                    \"properties\": {\r\n                      \"publisher\": \"Microsoft.GuestConfiguration\",\r\n                      \"type\": \"ConfigurationforWindows\",\r\n                      \"typeHandlerVersion\": \"1.1\",\r\n                      \"autoUpgradeMinorVersion\": true,\r\n                      \"settings\": {},\r\n                      \"protectedSettings\": {}\r\n                    },\r\n                    \"dependsOn\": [\r\n                      \"[concat('Microsoft.Compute/virtualMachines/',parameters('vmName'),'/providers/Microsoft.GuestConfiguration/guestConfigurationAssignments/',parameters('configurationName'))]\"\r\n                    ]\r\n                  }\r\n                ]\r\n              }\r\n            }\r\n          }\r\n        }\r\n      }\r\n    }\r\n  },\r\n  \"id\": \"/subscriptions/f66367e1-cf7d-407b-ba39-53230cc79071/providers/Microsoft.Authorization/policyDefinitions/a71505d3-c1a0-442e-9b87-0b1dca9c1deb\",\r\n  \"type\": \"Microsoft.Authorization/policyDefinitions\",\r\n  \"name\": \"a71505d3-c1a0-442e-9b87-0b1dca9c1deb\"\r\n}",
      "StatusCode": 200
    },
    {
      "RequestUri": "/providers/Microsoft.Authorization/policyDefinitions/08a87b8a-e824-44fa-bf85-0f61a161eebb?api-version=2018-05-01",
      "EncodedRequestUri": "L3Byb3ZpZGVycy9NaWNyb3NvZnQuQXV0aG9yaXphdGlvbi9wb2xpY3lEZWZpbml0aW9ucy8wOGE4N2I4YS1lODI0LTQ0ZmEtYmY4NS0wZjYxYTE2MWVlYmI/YXBpLXZlcnNpb249MjAxOC0wNS0wMQ==",
>>>>>>> d78b04a5306127f583235b13752c48d4f7d1289a
      "RequestMethod": "GET",
      "RequestBody": "",
      "RequestHeaders": {
        "x-ms-client-request-id": [
<<<<<<< HEAD
          "510c826b-520e-4b67-bfb6-27fdb510aa48"
=======
          "dcfac83f-cf6b-4c24-a404-04b311d16aa1"
>>>>>>> d78b04a5306127f583235b13752c48d4f7d1289a
        ],
        "Accept-Language": [
          "en-US"
        ],
        "User-Agent": [
<<<<<<< HEAD
          "FxVersion/4.6.27129.04",
          "OSName/Windows",
          "OSVersion/Microsoft.Windows.10.0.14393.",
          "Microsoft.Azure.Management.Internal.ResourceManager.Version2018.05.01.PolicyClient/1.2.1"
=======
          "FxVersion/4.6.28801.04",
          "OSName/Windows",
          "OSVersion/Microsoft.Windows.10.0.18362.",
          "Microsoft.Azure.Management.Internal.ResourceManager.Version2018.05.01.PolicyClient/1.3.11"
>>>>>>> d78b04a5306127f583235b13752c48d4f7d1289a
        ]
      },
      "ResponseHeaders": {
        "Cache-Control": [
          "no-cache"
        ],
        "Pragma": [
          "no-cache"
        ],
<<<<<<< HEAD
        "Vary": [
          "Accept-Encoding"
        ],
        "x-ms-ratelimit-remaining-tenant-reads": [
          "11997"
        ],
        "x-ms-request-id": [
          "westus:06b31ae1-3037-4f41-8d49-c2aa0786346a"
        ],
        "x-ms-correlation-request-id": [
          "964b413d-b66b-4ad3-8346-8d71191c6929"
        ],
        "x-ms-routing-request-id": [
          "WESTUS:20190531T011512Z:964b413d-b66b-4ad3-8346-8d71191c6929"
=======
        "x-ms-request-id": [
          "westus2:86d55fcd-2f54-434e-8228-6554c625161e"
        ],
        "x-ms-ratelimit-remaining-tenant-reads": [
          "11991"
        ],
        "x-ms-correlation-request-id": [
          "85a28a37-fcf6-43e3-840d-5cee16b204b3"
        ],
        "x-ms-routing-request-id": [
          "WESTUS2:20200609T003838Z:85a28a37-fcf6-43e3-840d-5cee16b204b3"
        ],
        "Strict-Transport-Security": [
          "max-age=31536000; includeSubDomains"
        ],
        "X-Content-Type-Options": [
          "nosniff"
        ],
        "Date": [
          "Tue, 09 Jun 2020 00:38:38 GMT"
        ],
        "Content-Length": [
          "138"
        ],
        "Content-Type": [
          "application/json; charset=utf-8"
        ],
        "Expires": [
          "-1"
        ]
      },
      "ResponseBody": "{\r\n  \"error\": {\r\n    \"code\": \"PolicyDefinitionNotFound\",\r\n    \"message\": \"The policy definition '08a87b8a-e824-44fa-bf85-0f61a161eebb' could not be found.\"\r\n  }\r\n}",
      "StatusCode": 404
    },
    {
      "RequestUri": "/subscriptions/f66367e1-cf7d-407b-ba39-53230cc79071/providers/Microsoft.Authorization/policyDefinitions/08a87b8a-e824-44fa-bf85-0f61a161eebb?api-version=2018-05-01",
      "EncodedRequestUri": "L3N1YnNjcmlwdGlvbnMvZjY2MzY3ZTEtY2Y3ZC00MDdiLWJhMzktNTMyMzBjYzc5MDcxL3Byb3ZpZGVycy9NaWNyb3NvZnQuQXV0aG9yaXphdGlvbi9wb2xpY3lEZWZpbml0aW9ucy8wOGE4N2I4YS1lODI0LTQ0ZmEtYmY4NS0wZjYxYTE2MWVlYmI/YXBpLXZlcnNpb249MjAxOC0wNS0wMQ==",
      "RequestMethod": "GET",
      "RequestBody": "",
      "RequestHeaders": {
        "x-ms-client-request-id": [
          "07ab99b1-f759-407c-97d5-c7111f5c2dee"
        ],
        "Accept-Language": [
          "en-US"
        ],
        "User-Agent": [
          "FxVersion/4.6.28801.04",
          "OSName/Windows",
          "OSVersion/Microsoft.Windows.10.0.18362.",
          "Microsoft.Azure.Management.Internal.ResourceManager.Version2018.05.01.PolicyClient/1.3.11"
        ]
      },
      "ResponseHeaders": {
        "Cache-Control": [
          "no-cache"
        ],
        "Pragma": [
          "no-cache"
        ],
        "Vary": [
          "Accept-Encoding"
        ],
        "x-ms-request-id": [
          "westus2:3a7d2c93-9cea-49c8-811e-2f3f2ca86d9f"
        ],
        "x-ms-ratelimit-remaining-subscription-reads": [
          "11995"
        ],
        "x-ms-correlation-request-id": [
          "63819ddb-0df3-4a70-8b47-ef7f74a51d2f"
        ],
        "x-ms-routing-request-id": [
          "WESTUS2:20200609T003838Z:63819ddb-0df3-4a70-8b47-ef7f74a51d2f"
>>>>>>> d78b04a5306127f583235b13752c48d4f7d1289a
        ],
        "Strict-Transport-Security": [
          "max-age=31536000; includeSubDomains"
        ],
        "X-Content-Type-Options": [
          "nosniff"
        ],
        "Date": [
<<<<<<< HEAD
          "Fri, 31 May 2019 01:15:12 GMT"
        ],
        "Content-Length": [
          "975"
=======
          "Tue, 09 Jun 2020 00:38:38 GMT"
        ],
        "Content-Length": [
          "908"
>>>>>>> d78b04a5306127f583235b13752c48d4f7d1289a
        ],
        "Content-Type": [
          "application/json; charset=utf-8"
        ],
        "Expires": [
          "-1"
        ]
      },
<<<<<<< HEAD
      "ResponseBody": "{\r\n  \"properties\": {\r\n    \"displayName\": \"Audit Linux VMs that have the specified applications installed\",\r\n    \"policyType\": \"BuiltIn\",\r\n    \"mode\": \"All\",\r\n    \"description\": \"This policy audits Linux virtual machines that have the specified applications installed. This policy should only be used along with its corresponding deploy policy in an initiative. For more information on Guest Configuration policies, please visit https://aka.ms/gcpol\",\r\n    \"metadata\": {\r\n      \"category\": \"Guest Configuration\"\r\n    },\r\n    \"policyRule\": {\r\n      \"if\": {\r\n        \"allOf\": [\r\n          {\r\n            \"field\": \"type\",\r\n            \"equals\": \"Microsoft.GuestConfiguration/guestConfigurationAssignments\"\r\n          },\r\n          {\r\n            \"field\": \"name\",\r\n            \"equals\": \"not_installed_application_linux\"\r\n          },\r\n          {\r\n            \"field\": \"Microsoft.GuestConfiguration/guestConfigurationAssignments/complianceStatus\",\r\n            \"notEquals\": \"Compliant\"\r\n          }\r\n        ]\r\n      },\r\n      \"then\": {\r\n        \"effect\": \"audit\"\r\n      }\r\n    }\r\n  },\r\n  \"id\": \"/providers/Microsoft.Authorization/policyDefinitions/5b842acb-0fe7-41b0-9f40-880ec4ad84d8\",\r\n  \"type\": \"Microsoft.Authorization/policyDefinitions\",\r\n  \"name\": \"5b842acb-0fe7-41b0-9f40-880ec4ad84d8\"\r\n}",
      "StatusCode": 200
    },
    {
      "RequestUri": "/subscriptions/b5e4748c-f69a-467c-8749-e2f9c8cd3db0/resourceGroups/aashishCustomrole7ux/providers/Microsoft.Authorization/policyAssignments?$filter=policyDefinitionId%20eq%20'/subscriptions/b5e4748c-f69a-467c-8749-e2f9c8cd3db0/providers/Microsoft.Authorization/policySetDefinitions/60062d3c-3282-4a3d-9bc4-3557dded22ca'&api-version=2018-05-01",
      "EncodedRequestUri": "L3N1YnNjcmlwdGlvbnMvYjVlNDc0OGMtZjY5YS00NjdjLTg3NDktZTJmOWM4Y2QzZGIwL3Jlc291cmNlR3JvdXBzL2Fhc2hpc2hDdXN0b21yb2xlN3V4L3Byb3ZpZGVycy9NaWNyb3NvZnQuQXV0aG9yaXphdGlvbi9wb2xpY3lBc3NpZ25tZW50cz8kZmlsdGVyPXBvbGljeURlZmluaXRpb25JZCUyMGVxJTIwJy9zdWJzY3JpcHRpb25zL2I1ZTQ3NDhjLWY2OWEtNDY3Yy04NzQ5LWUyZjljOGNkM2RiMC9wcm92aWRlcnMvTWljcm9zb2Z0LkF1dGhvcml6YXRpb24vcG9saWN5U2V0RGVmaW5pdGlvbnMvNjAwNjJkM2MtMzI4Mi00YTNkLTliYzQtMzU1N2RkZWQyMmNhJyZhcGktdmVyc2lvbj0yMDE4LTA1LTAx",
=======
      "ResponseBody": "{\r\n  \"properties\": {\r\n    \"displayName\": \"[Audit] [dsc_e2e_test] Audit Windows Service (do not delete).\",\r\n    \"policyType\": \"Custom\",\r\n    \"mode\": \"All\",\r\n    \"description\": \"Policy to audit Windows service state.\",\r\n    \"metadata\": {\r\n      \"category\": \"Guest Configuration\",\r\n      \"createdBy\": \"cf38f268-bf7b-4d70-ad46-c7e6bea34eaa\",\r\n      \"createdOn\": \"2019-07-25T00:36:22.0732554Z\",\r\n      \"updatedBy\": null,\r\n      \"updatedOn\": null\r\n    },\r\n    \"policyRule\": {\r\n      \"if\": {\r\n        \"allOf\": [\r\n          {\r\n            \"field\": \"type\",\r\n            \"equals\": \"Microsoft.GuestConfiguration/guestConfigurationAssignments\"\r\n          },\r\n          {\r\n            \"field\": \"name\",\r\n            \"equals\": \"AuditWindowsService\"\r\n          },\r\n          {\r\n            \"field\": \"Microsoft.GuestConfiguration/guestConfigurationAssignments/complianceStatus\",\r\n            \"notEquals\": \"Compliant\"\r\n          }\r\n        ]\r\n      },\r\n      \"then\": {\r\n        \"effect\": \"audit\"\r\n      }\r\n    }\r\n  },\r\n  \"id\": \"/subscriptions/f66367e1-cf7d-407b-ba39-53230cc79071/providers/Microsoft.Authorization/policyDefinitions/08a87b8a-e824-44fa-bf85-0f61a161eebb\",\r\n  \"type\": \"Microsoft.Authorization/policyDefinitions\",\r\n  \"name\": \"08a87b8a-e824-44fa-bf85-0f61a161eebb\"\r\n}",
      "StatusCode": 200
    },
    {
      "RequestUri": "/subscriptions/f66367e1-cf7d-407b-ba39-53230cc79071/resourceGroups/PolicyE2ETest_58_20_10_06-08-2020/providers/Microsoft.Authorization/policyAssignments?$filter=policyDefinitionId%20eq%20'/subscriptions/f66367e1-cf7d-407b-ba39-53230cc79071/providers/Microsoft.Authorization/policySetDefinitions/92e09915-8806-493c-baac-4858b0eeea7b'&api-version=2018-05-01",
      "EncodedRequestUri": "L3N1YnNjcmlwdGlvbnMvZjY2MzY3ZTEtY2Y3ZC00MDdiLWJhMzktNTMyMzBjYzc5MDcxL3Jlc291cmNlR3JvdXBzL1BvbGljeUUyRVRlc3RfNThfMjBfMTBfMDYtMDgtMjAyMC9wcm92aWRlcnMvTWljcm9zb2Z0LkF1dGhvcml6YXRpb24vcG9saWN5QXNzaWdubWVudHM/JGZpbHRlcj1wb2xpY3lEZWZpbml0aW9uSWQlMjBlcSUyMCcvc3Vic2NyaXB0aW9ucy9mNjYzNjdlMS1jZjdkLTQwN2ItYmEzOS01MzIzMGNjNzkwNzEvcHJvdmlkZXJzL01pY3Jvc29mdC5BdXRob3JpemF0aW9uL3BvbGljeVNldERlZmluaXRpb25zLzkyZTA5OTE1LTg4MDYtNDkzYy1iYWFjLTQ4NThiMGVlZWE3YicmYXBpLXZlcnNpb249MjAxOC0wNS0wMQ==",
>>>>>>> d78b04a5306127f583235b13752c48d4f7d1289a
      "RequestMethod": "GET",
      "RequestBody": "",
      "RequestHeaders": {
        "x-ms-client-request-id": [
<<<<<<< HEAD
          "179015dd-920a-4564-b2bd-dd89ba2c03ee"
=======
          "bcddf7f0-e8f1-4258-8dc4-7ec677814300"
>>>>>>> d78b04a5306127f583235b13752c48d4f7d1289a
        ],
        "Accept-Language": [
          "en-US"
        ],
        "User-Agent": [
<<<<<<< HEAD
          "FxVersion/4.6.27129.04",
          "OSName/Windows",
          "OSVersion/Microsoft.Windows.10.0.14393.",
          "Microsoft.Azure.Management.Internal.ResourceManager.Version2018.05.01.PolicyClient/1.2.1"
=======
          "FxVersion/4.6.28801.04",
          "OSName/Windows",
          "OSVersion/Microsoft.Windows.10.0.18362.",
          "Microsoft.Azure.Management.Internal.ResourceManager.Version2018.05.01.PolicyClient/1.3.11"
>>>>>>> d78b04a5306127f583235b13752c48d4f7d1289a
        ]
      },
      "ResponseHeaders": {
        "Cache-Control": [
          "no-cache"
        ],
        "Pragma": [
          "no-cache"
        ],
        "Vary": [
          "Accept-Encoding"
        ],
        "x-ms-request-id": [
<<<<<<< HEAD
          "westus:008ab387-27c6-4277-9aed-5ab0106a2258"
        ],
        "x-ms-ratelimit-remaining-subscription-reads": [
          "11997"
        ],
        "x-ms-correlation-request-id": [
          "d6e558c1-5250-4ba4-a277-44de5c495453"
        ],
        "x-ms-routing-request-id": [
          "WESTUS:20190531T011512Z:d6e558c1-5250-4ba4-a277-44de5c495453"
=======
          "westus2:e69f988e-281d-401e-80ec-4961031fa3cc"
        ],
        "x-ms-ratelimit-remaining-subscription-reads": [
          "11994"
        ],
        "x-ms-correlation-request-id": [
          "746011e9-e22e-47d0-afbe-8577376cd425"
        ],
        "x-ms-routing-request-id": [
          "WESTUS2:20200609T003838Z:746011e9-e22e-47d0-afbe-8577376cd425"
>>>>>>> d78b04a5306127f583235b13752c48d4f7d1289a
        ],
        "Strict-Transport-Security": [
          "max-age=31536000; includeSubDomains"
        ],
        "X-Content-Type-Options": [
          "nosniff"
        ],
        "Date": [
<<<<<<< HEAD
          "Fri, 31 May 2019 01:15:12 GMT"
        ],
        "Content-Length": [
          "1102"
=======
          "Tue, 09 Jun 2020 00:38:38 GMT"
        ],
        "Content-Length": [
          "1027"
>>>>>>> d78b04a5306127f583235b13752c48d4f7d1289a
        ],
        "Content-Type": [
          "application/json; charset=utf-8"
        ],
        "Expires": [
          "-1"
        ]
      },
<<<<<<< HEAD
      "ResponseBody": "{\r\n  \"value\": [\r\n    {\r\n      \"sku\": {\r\n        \"name\": \"A0\",\r\n        \"tier\": \"Free\"\r\n      },\r\n      \"properties\": {\r\n        \"displayName\": \"[CustomRole]Audit Linux VMs that have the specified applications installed\",\r\n        \"policyDefinitionId\": \"/subscriptions/b5e4748c-f69a-467c-8749-e2f9c8cd3db0/providers/Microsoft.Authorization/policySetDefinitions/60062d3c-3282-4a3d-9bc4-3557dded22ca\",\r\n        \"scope\": \"/subscriptions/b5e4748c-f69a-467c-8749-e2f9c8cd3db0/resourceGroups/aashishCustomRole7UX\",\r\n        \"notScopes\": [],\r\n        \"parameters\": {\r\n          \"APPLICATIONNAME_1\": {\r\n            \"value\": \"sql\"\r\n          }\r\n        },\r\n        \"metadata\": {\r\n          \"assignedBy\": \"Aashish Rajaram Salokhe\",\r\n          \"parameterScopes\": {},\r\n          \"createdBy\": \"a5084226-9f3d-4a16-82ba-c8cd8cdf45f0\",\r\n          \"createdOn\": \"2019-05-22T00:08:07.0773094Z\",\r\n          \"updatedBy\": null,\r\n          \"updatedOn\": null\r\n        }\r\n      },\r\n      \"identity\": {\r\n        \"principalId\": \"1802d730-d28a-4d87-b77e-060ae2060b92\",\r\n        \"tenantId\": \"72f988bf-86f1-41af-91ab-2d7cd011db47\",\r\n        \"type\": \"SystemAssigned\"\r\n      },\r\n      \"id\": \"/subscriptions/b5e4748c-f69a-467c-8749-e2f9c8cd3db0/resourceGroups/aashishCustomRole7UX/providers/Microsoft.Authorization/policyAssignments/356c073479004327b9fa651a\",\r\n      \"type\": \"Microsoft.Authorization/policyAssignments\",\r\n      \"name\": \"356c073479004327b9fa651a\",\r\n      \"location\": \"eastus\"\r\n    }\r\n  ]\r\n}",
      "StatusCode": 200
    },
    {
      "RequestUri": "/subscriptions/b5e4748c-f69a-467c-8749-e2f9c8cd3db0/resourceGroups/aashishCustomrole7ux/providers/Microsoft.Compute/virtualMachines/aashishCustomrole7ux/providers/Microsoft.GuestConfiguration/guestConfigurationAssignments/not_installed_application_linux/reports/f249e785-5f7b-4636-be1c-d9e1eebe5eab?api-version=2018-11-20",
      "EncodedRequestUri": "L3N1YnNjcmlwdGlvbnMvYjVlNDc0OGMtZjY5YS00NjdjLTg3NDktZTJmOWM4Y2QzZGIwL3Jlc291cmNlR3JvdXBzL2Fhc2hpc2hDdXN0b21yb2xlN3V4L3Byb3ZpZGVycy9NaWNyb3NvZnQuQ29tcHV0ZS92aXJ0dWFsTWFjaGluZXMvYWFzaGlzaEN1c3RvbXJvbGU3dXgvcHJvdmlkZXJzL01pY3Jvc29mdC5HdWVzdENvbmZpZ3VyYXRpb24vZ3Vlc3RDb25maWd1cmF0aW9uQXNzaWdubWVudHMvbm90X2luc3RhbGxlZF9hcHBsaWNhdGlvbl9saW51eC9yZXBvcnRzL2YyNDllNzg1LTVmN2ItNDYzNi1iZTFjLWQ5ZTFlZWJlNWVhYj9hcGktdmVyc2lvbj0yMDE4LTExLTIw",
=======
      "ResponseBody": "{\r\n  \"value\": [\r\n    {\r\n      \"sku\": {\r\n        \"name\": \"A0\",\r\n        \"tier\": \"Free\"\r\n      },\r\n      \"properties\": {\r\n        \"displayName\": \"Audit Windows Service[92e09915-8806-493c-baac-4858b0eeea7b]\",\r\n        \"policyDefinitionId\": \"/subscriptions/f66367e1-cf7d-407b-ba39-53230cc79071/providers/Microsoft.Authorization/policySetDefinitions/92e09915-8806-493c-baac-4858b0eeea7b\",\r\n        \"scope\": \"/subscriptions/f66367e1-cf7d-407b-ba39-53230cc79071/resourcegroups/PolicyE2ETest_58_20_10_06-08-2020\",\r\n        \"parameters\": {},\r\n        \"metadata\": {\r\n          \"createdBy\": \"b5da3617-fffe-4154-afc7-c12b6ca097ba\",\r\n          \"createdOn\": \"2020-06-08T10:21:14.5586625Z\",\r\n          \"updatedBy\": null,\r\n          \"updatedOn\": null\r\n        }\r\n      },\r\n      \"identity\": {\r\n        \"principalId\": \"38e8b070-8498-4a61-902d-3cff98fb5fc9\",\r\n        \"tenantId\": \"72f988bf-86f1-41af-91ab-2d7cd011db47\",\r\n        \"type\": \"SystemAssigned\"\r\n      },\r\n      \"id\": \"/subscriptions/f66367e1-cf7d-407b-ba39-53230cc79071/resourcegroups/PolicyE2ETest_58_20_10_06-08-2020/providers/Microsoft.Authorization/policyAssignments/82c2cbb0-3d76-4105-ad8b-bdef50730517\",\r\n      \"type\": \"Microsoft.Authorization/policyAssignments\",\r\n      \"name\": \"82c2cbb0-3d76-4105-ad8b-bdef50730517\",\r\n      \"location\": \"westus\"\r\n    }\r\n  ]\r\n}",
      "StatusCode": 200
    },
    {
      "RequestUri": "/subscriptions/f66367e1-cf7d-407b-ba39-53230cc79071/resourceGroups/PolicyE2ETest_58_20_10_06-08-2020/providers/Microsoft.Compute/virtualMachines/pol-2016corsml/providers/Microsoft.GuestConfiguration/guestConfigurationAssignments/AuditWindowsService/reports/6ff507c8-5960-4ec6-84e5-f55045217066?api-version=2018-11-20",
      "EncodedRequestUri": "L3N1YnNjcmlwdGlvbnMvZjY2MzY3ZTEtY2Y3ZC00MDdiLWJhMzktNTMyMzBjYzc5MDcxL3Jlc291cmNlR3JvdXBzL1BvbGljeUUyRVRlc3RfNThfMjBfMTBfMDYtMDgtMjAyMC9wcm92aWRlcnMvTWljcm9zb2Z0LkNvbXB1dGUvdmlydHVhbE1hY2hpbmVzL3BvbC0yMDE2Y29yc21sL3Byb3ZpZGVycy9NaWNyb3NvZnQuR3Vlc3RDb25maWd1cmF0aW9uL2d1ZXN0Q29uZmlndXJhdGlvbkFzc2lnbm1lbnRzL0F1ZGl0V2luZG93c1NlcnZpY2UvcmVwb3J0cy82ZmY1MDdjOC01OTYwLTRlYzYtODRlNS1mNTUwNDUyMTcwNjY/YXBpLXZlcnNpb249MjAxOC0xMS0yMA==",
>>>>>>> d78b04a5306127f583235b13752c48d4f7d1289a
      "RequestMethod": "GET",
      "RequestBody": "",
      "RequestHeaders": {
        "x-ms-client-request-id": [
<<<<<<< HEAD
          "ead13cfe-a162-4527-8b79-5119e622783a"
=======
          "9c8c405c-9c0b-4034-8ed7-d4e31ac6cb70"
>>>>>>> d78b04a5306127f583235b13752c48d4f7d1289a
        ],
        "Accept-Language": [
          "en-US"
        ],
        "User-Agent": [
<<<<<<< HEAD
          "FxVersion/4.6.27129.04",
          "OSName/Windows",
          "OSVersion/Microsoft.Windows.10.0.14393.",
          "Microsoft.Azure.Management.GuestConfiguration.GuestConfigurationClient/1.1.0"
=======
          "FxVersion/4.6.28801.04",
          "OSName/Windows",
          "OSVersion/Microsoft.Windows.10.0.18362.",
          "Microsoft.Azure.Management.GuestConfiguration.GuestConfigurationClient/1.2.0"
>>>>>>> d78b04a5306127f583235b13752c48d4f7d1289a
        ]
      },
      "ResponseHeaders": {
        "Cache-Control": [
          "no-cache"
        ],
        "Pragma": [
          "no-cache"
        ],
        "Strict-Transport-Security": [
          "max-age=31536000; includeSubDomains"
        ],
        "Server": [
          "Microsoft-IIS/10.0"
        ],
        "X-Powered-By": [
          "ASP.NET"
        ],
        "x-ms-ratelimit-remaining-subscription-reads": [
<<<<<<< HEAD
          "11998"
        ],
        "x-ms-request-id": [
          "22c88768-d268-4c04-a391-aa065937db81"
        ],
        "x-ms-correlation-request-id": [
          "22c88768-d268-4c04-a391-aa065937db81"
        ],
        "x-ms-routing-request-id": [
          "WESTUS:20190531T011512Z:22c88768-d268-4c04-a391-aa065937db81"
=======
          "11990"
        ],
        "x-ms-request-id": [
          "8dad369d-1b2e-4480-828d-7fffc1326d09"
        ],
        "x-ms-correlation-request-id": [
          "8dad369d-1b2e-4480-828d-7fffc1326d09"
        ],
        "x-ms-routing-request-id": [
          "WESTUS2:20200609T003838Z:8dad369d-1b2e-4480-828d-7fffc1326d09"
>>>>>>> d78b04a5306127f583235b13752c48d4f7d1289a
        ],
        "X-Content-Type-Options": [
          "nosniff"
        ],
        "Date": [
<<<<<<< HEAD
          "Fri, 31 May 2019 01:15:12 GMT"
        ],
        "Content-Length": [
          "1841"
=======
          "Tue, 09 Jun 2020 00:38:38 GMT"
        ],
        "Content-Length": [
          "1690"
>>>>>>> d78b04a5306127f583235b13752c48d4f7d1289a
        ],
        "Content-Type": [
          "application/json; charset=utf-8"
        ],
        "Expires": [
          "-1"
        ]
      },
<<<<<<< HEAD
      "ResponseBody": "{\r\n  \"id\": \"/subscriptions/b5e4748c-f69a-467c-8749-e2f9c8cd3db0/resourceGroups/aashishCustomrole7ux/providers/Microsoft.Compute/virtualMachines/aashishCustomrole7ux/providers/Microsoft.GuestConfiguration/guestConfigurationAssignments/not_installed_application_linux/reports/f249e785-5f7b-4636-be1c-d9e1eebe5eab\",\r\n  \"name\": \"f249e785-5f7b-4636-be1c-d9e1eebe5eab\",\r\n  \"properties\": {\r\n    \"complianceStatus\": \"Compliant\",\r\n    \"assignment\": {\r\n      \"name\": \"not_installed_application_linux\",\r\n      \"configuration\": {\r\n        \"name\": \"not_installed_application_linux\",\r\n        \"version\": \"1.5.0.0\"\r\n      }\r\n    },\r\n    \"reportId\": \"f249e785-5f7b-4636-be1c-d9e1eebe5eab\",\r\n    \"vm\": {\r\n      \"id\": \"/subscriptions/b5e4748c-f69a-467c-8749-e2f9c8cd3db0/resourceGroups/aashishCustomRole7UX/providers/Microsoft.Compute/virtualMachines/aashishCustomrole7ux\",\r\n      \"uuid\": \"213dce29-5623-4580-a85c-ac97abfdb930\"\r\n    },\r\n    \"details\": {\r\n      \"complianceStatus\": \"Compliant\",\r\n      \"startTime\": \"2019-05-31T01:05:44Z\",\r\n      \"endTime\": \"2019-05-31T01:05:47Z\",\r\n      \"jobId\": \"f249e785-5f7b-4636-be1c-d9e1eebe5eab\",\r\n      \"resources\": [\r\n        {\r\n          \"complianceStatus\": \"Compliant\",\r\n          \"reasons\": [],\r\n          \"properties\": {\r\n            \"AttributesYmlContent\": null,\r\n            \"ConfigurationName\": \"NotInstalledApplicationLinux\",\r\n            \"GithubPath\": \"not_installed_application_linux/Modules/not_installed_application_linux_1.4.0.0/\",\r\n            \"ModuleName\": \"ChefInSpec\",\r\n            \"ModuleVersion\": \"1.0\",\r\n            \"Name\": \"not_installed_application_linux\",\r\n            \"Reasons\": null,\r\n            \"ResourceId\": \"[ChefInSpec]NotInstalledApplicationLinuxResource1\",\r\n            \"Result\": {\r\n              \"controls\": [\r\n                {\r\n                  \"code_desc\": \"System Package sql should not be installed\",\r\n                  \"id\": \"Not Installed Application Packages\",\r\n                  \"message\": null,\r\n                  \"profile_id\": \"Not Installed Application Packages\",\r\n                  \"profile_sha256\": \"bf72b67c20fb57ff408714365abd5da9b0792feff6908dd5a42f4dbcfaf94789\",\r\n                  \"status\": \"passed\"\r\n                }\r\n              ],\r\n              \"statistics\": {\r\n                \"duration\": \"0.022757\"\r\n              },\r\n              \"status\": \"Compliant\",\r\n              \"version\": \"2.2.61\"\r\n            }\r\n          }\r\n        }\r\n      ],\r\n      \"operationType\": \"Consistency\"\r\n    },\r\n    \"startTime\": \"2019-05-31T01:05:44Z\",\r\n    \"endTime\": \"2019-05-31T01:05:47Z\"\r\n  }\r\n}",
      "StatusCode": 200
    },
    {
      "RequestUri": "/subscriptions/b5e4748c-f69a-467c-8749-e2f9c8cd3db0/providers/Microsoft.Authorization/policySetDefinitions/60062d3c-3282-4a3d-9bc4-3557dded22ca/providers/Microsoft.PolicyInsights/policyStates/latest/queryResults?api-version=2018-07-01-preview&$top=1&$orderby=Timestamp%20desc&$filter=resourceGroup%20eq%20%27aashishCustomrole7ux%27%20and%20policyDefinitionAction%20eq%20%27deployifnotexists%27%20and%20contains%28ResourceId%2C%27aashishCustomrole7ux%27%29",
      "EncodedRequestUri": "L3N1YnNjcmlwdGlvbnMvYjVlNDc0OGMtZjY5YS00NjdjLTg3NDktZTJmOWM4Y2QzZGIwL3Byb3ZpZGVycy9NaWNyb3NvZnQuQXV0aG9yaXphdGlvbi9wb2xpY3lTZXREZWZpbml0aW9ucy82MDA2MmQzYy0zMjgyLTRhM2QtOWJjNC0zNTU3ZGRlZDIyY2EvcHJvdmlkZXJzL01pY3Jvc29mdC5Qb2xpY3lJbnNpZ2h0cy9wb2xpY3lTdGF0ZXMvbGF0ZXN0L3F1ZXJ5UmVzdWx0cz9hcGktdmVyc2lvbj0yMDE4LTA3LTAxLXByZXZpZXcmJHRvcD0xJiRvcmRlcmJ5PVRpbWVzdGFtcCUyMGRlc2MmJGZpbHRlcj1yZXNvdXJjZUdyb3VwJTIwZXElMjAlMjdhYXNoaXNoQ3VzdG9tcm9sZTd1eCUyNyUyMGFuZCUyMHBvbGljeURlZmluaXRpb25BY3Rpb24lMjBlcSUyMCUyN2RlcGxveWlmbm90ZXhpc3RzJTI3JTIwYW5kJTIwY29udGFpbnMlMjhSZXNvdXJjZUlkJTJDJTI3YWFzaGlzaEN1c3RvbXJvbGU3dXglMjclMjk=",
=======
      "ResponseBody": "{\r\n  \"id\": \"/subscriptions/f66367e1-cf7d-407b-ba39-53230cc79071/resourceGroups/PolicyE2ETest_58_20_10_06-08-2020/providers/Microsoft.Compute/virtualMachines/pol-2016corsml/providers/Microsoft.GuestConfiguration/guestConfigurationAssignments/AuditWindowsService/reports/6ff507c8-5960-4ec6-84e5-f55045217066\",\r\n  \"name\": \"6ff507c8-5960-4ec6-84e5-f55045217066\",\r\n  \"properties\": {\r\n    \"complianceStatus\": \"NonCompliant\",\r\n    \"assignment\": {\r\n      \"name\": \"AuditWindowsService\",\r\n      \"configuration\": {\r\n        \"name\": \"AuditWindowsService\",\r\n        \"version\": \"1.0.0.0\"\r\n      }\r\n    },\r\n    \"reportId\": \"6ff507c8-5960-4ec6-84e5-f55045217066\",\r\n    \"vm\": {\r\n      \"id\": \"/subscriptions/f66367e1-cf7d-407b-ba39-53230cc79071/resourceGroups/PolicyE2ETest_58_20_10_06-08-2020/providers/Microsoft.Compute/virtualMachines/pol-2016corsml\",\r\n      \"uuid\": \"02a56b44-1a71-4748-b5bb-1914de36f2df\"\r\n    },\r\n    \"details\": {\r\n      \"complianceStatus\": \"NonCompliant\",\r\n      \"startTime\": \"2020-06-09T00:24:12Z\",\r\n      \"endTime\": \"2020-06-09T00:24:28Z\",\r\n      \"jobId\": \"6ff507c8-5960-4ec6-84e5-f55045217066\",\r\n      \"resources\": [\r\n        {\r\n          \"complianceStatus\": \"NonCompliant\",\r\n          \"reasons\": [\r\n            {\r\n              \"phrase\": \"Property: \\\"State\\\" | Expected: \\\"Running\\\" | Actual: null. \\n\",\r\n              \"code\": \"ResourceNotCompliant_[Service]windowsService\"\r\n            }\r\n          ],\r\n          \"properties\": {\r\n            \"BuiltInAccount\": null,\r\n            \"ConfigurationName\": \"DSCConfig\",\r\n            \"Credential\": null,\r\n            \"Dependencies\": null,\r\n            \"DependsOn\": null,\r\n            \"Description\": null,\r\n            \"DesktopInteract\": null,\r\n            \"DisplayName\": null,\r\n            \"Ensure\": \"Absent\",\r\n            \"ModuleName\": \"PSDscResources\",\r\n            \"ModuleVersion\": \"2.10.0.0\",\r\n            \"Name\": \"myWindowsService\",\r\n            \"Path\": null,\r\n            \"PsDscRunAsCredential\": null,\r\n            \"ResourceId\": \"[Service]windowsService\",\r\n            \"SourceInfo\": null,\r\n            \"StartupTimeout\": null,\r\n            \"StartupType\": null,\r\n            \"State\": null,\r\n            \"TerminateTimeout\": null\r\n          }\r\n        }\r\n      ],\r\n      \"operationType\": \"Consistency\"\r\n    },\r\n    \"startTime\": \"2020-06-09T00:24:12Z\",\r\n    \"endTime\": \"2020-06-09T00:24:28Z\"\r\n  }\r\n}",
      "StatusCode": 200
    },
    {
      "RequestUri": "/subscriptions/f66367e1-cf7d-407b-ba39-53230cc79071/resourceGroups/PolicyE2ETest_58_20_10_06-08-2020/providers/Microsoft.HybridCompute/machines/pol-2016corsml/providers/Microsoft.GuestConfiguration/guestConfigurationAssignments/AuditWindowsService/reports/6ff507c8-5960-4ec6-84e5-f55045217066?api-version=2018-11-20",
      "EncodedRequestUri": "L3N1YnNjcmlwdGlvbnMvZjY2MzY3ZTEtY2Y3ZC00MDdiLWJhMzktNTMyMzBjYzc5MDcxL3Jlc291cmNlR3JvdXBzL1BvbGljeUUyRVRlc3RfNThfMjBfMTBfMDYtMDgtMjAyMC9wcm92aWRlcnMvTWljcm9zb2Z0Lkh5YnJpZENvbXB1dGUvbWFjaGluZXMvcG9sLTIwMTZjb3JzbWwvcHJvdmlkZXJzL01pY3Jvc29mdC5HdWVzdENvbmZpZ3VyYXRpb24vZ3Vlc3RDb25maWd1cmF0aW9uQXNzaWdubWVudHMvQXVkaXRXaW5kb3dzU2VydmljZS9yZXBvcnRzLzZmZjUwN2M4LTU5NjAtNGVjNi04NGU1LWY1NTA0NTIxNzA2Nj9hcGktdmVyc2lvbj0yMDE4LTExLTIw",
      "RequestMethod": "GET",
      "RequestBody": "",
      "RequestHeaders": {
        "x-ms-client-request-id": [
          "175fd557-f2f8-4a55-9e29-76e3b80cbc1a"
        ],
        "Accept-Language": [
          "en-US"
        ],
        "User-Agent": [
          "FxVersion/4.6.28801.04",
          "OSName/Windows",
          "OSVersion/Microsoft.Windows.10.0.18362.",
          "Microsoft.Azure.Management.GuestConfiguration.GuestConfigurationClient/1.2.0"
        ]
      },
      "ResponseHeaders": {
        "Cache-Control": [
          "no-cache"
        ],
        "Pragma": [
          "no-cache"
        ],
        "x-ms-failure-cause": [
          "gateway"
        ],
        "x-ms-request-id": [
          "1b41ff0b-f96c-48e4-b59c-87f2b1db4ddd"
        ],
        "x-ms-correlation-request-id": [
          "1b41ff0b-f96c-48e4-b59c-87f2b1db4ddd"
        ],
        "x-ms-routing-request-id": [
          "WESTUS2:20200609T003838Z:1b41ff0b-f96c-48e4-b59c-87f2b1db4ddd"
        ],
        "Strict-Transport-Security": [
          "max-age=31536000; includeSubDomains"
        ],
        "X-Content-Type-Options": [
          "nosniff"
        ],
        "Date": [
          "Tue, 09 Jun 2020 00:38:38 GMT"
        ],
        "Content-Type": [
          "application/json; charset=utf-8"
        ],
        "Expires": [
          "-1"
        ],
        "Content-Length": [
          "252"
        ]
      },
      "ResponseBody": "{\r\n  \"error\": {\r\n    \"code\": \"ResourceNotFound\",\r\n    \"message\": \"The Resource 'Microsoft.HybridCompute/machines/pol-2016corsml' under resource group 'PolicyE2ETest_58_20_10_06-08-2020' was not found. For more details please go to https://aka.ms/ARMResourceNotFoundFix\"\r\n  }\r\n}",
      "StatusCode": 404
    },
    {
      "RequestUri": "/subscriptions/f66367e1-cf7d-407b-ba39-53230cc79071/resourceGroups/PolicyE2ETest_58_20_10_06-08-2020/providers/Microsoft.PolicyInsights/policyStates/latest/queryResults?api-version=2018-04-04&$top=1&$orderby=Timestamp%20desc&$filter=PolicySetDefinitionName%20eq%20%2792e09915-8806-493c-baac-4858b0eeea7b%27%20and%20contains%28ResourceId%2C%27pol-2016corsml%27%29",
      "EncodedRequestUri": "L3N1YnNjcmlwdGlvbnMvZjY2MzY3ZTEtY2Y3ZC00MDdiLWJhMzktNTMyMzBjYzc5MDcxL3Jlc291cmNlR3JvdXBzL1BvbGljeUUyRVRlc3RfNThfMjBfMTBfMDYtMDgtMjAyMC9wcm92aWRlcnMvTWljcm9zb2Z0LlBvbGljeUluc2lnaHRzL3BvbGljeVN0YXRlcy9sYXRlc3QvcXVlcnlSZXN1bHRzP2FwaS12ZXJzaW9uPTIwMTgtMDQtMDQmJHRvcD0xJiRvcmRlcmJ5PVRpbWVzdGFtcCUyMGRlc2MmJGZpbHRlcj1Qb2xpY3lTZXREZWZpbml0aW9uTmFtZSUyMGVxJTIwJTI3OTJlMDk5MTUtODgwNi00OTNjLWJhYWMtNDg1OGIwZWVlYTdiJTI3JTIwYW5kJTIwY29udGFpbnMlMjhSZXNvdXJjZUlkJTJDJTI3cG9sLTIwMTZjb3JzbWwlMjclMjk=",
>>>>>>> d78b04a5306127f583235b13752c48d4f7d1289a
      "RequestMethod": "POST",
      "RequestBody": "",
      "RequestHeaders": {
        "x-ms-client-request-id": [
<<<<<<< HEAD
          "e5c74b21-dc18-466d-ab28-80389bc01dec"
=======
          "d4a57136-c3d7-4652-a9e6-fbc15ec000f1"
>>>>>>> d78b04a5306127f583235b13752c48d4f7d1289a
        ],
        "Accept-Language": [
          "en-US"
        ],
        "User-Agent": [
<<<<<<< HEAD
          "FxVersion/4.6.27129.04",
          "OSName/Windows",
          "OSVersion/Microsoft.Windows.10.0.14393.",
          "Microsoft.Azure.Management.PolicyInsights.PolicyInsightsClient/2.0.2.0"
=======
          "FxVersion/4.6.28801.04",
          "OSName/Windows",
          "OSVersion/Microsoft.Windows.10.0.18362.",
          "Microsoft.Azure.Management.PolicyInsights.2018.04.PolicyInsightsClient/1.3.11"
>>>>>>> d78b04a5306127f583235b13752c48d4f7d1289a
        ]
      },
      "ResponseHeaders": {
        "Cache-Control": [
          "no-cache"
        ],
        "Pragma": [
          "no-cache"
        ],
        "x-ms-ratelimit-remaining-subscription-policy-insights-requests": [
          "599"
        ],
        "x-ms-request-id": [
<<<<<<< HEAD
          ":e91f4181-a45a-48b5-b256-a6ddd4940e33"
=======
          ":44b67d7a-4dfd-489c-8601-2185f5862c87"
>>>>>>> d78b04a5306127f583235b13752c48d4f7d1289a
        ],
        "Server": [
          "Microsoft-HTTPAPI/2.0"
        ],
        "x-ms-ratelimit-remaining-subscription-reads": [
<<<<<<< HEAD
          "11997"
        ],
        "x-ms-correlation-request-id": [
          "c5d2177a-5ff4-4084-afb4-129530518756"
        ],
        "x-ms-routing-request-id": [
          "WESTUS:20190531T011513Z:c5d2177a-5ff4-4084-afb4-129530518756"
=======
          "11995"
        ],
        "x-ms-correlation-request-id": [
          "5e7f0e95-a0c8-441f-ba74-db856300aa60"
        ],
        "x-ms-routing-request-id": [
          "WESTUS2:20200609T003839Z:5e7f0e95-a0c8-441f-ba74-db856300aa60"
>>>>>>> d78b04a5306127f583235b13752c48d4f7d1289a
        ],
        "Strict-Transport-Security": [
          "max-age=31536000; includeSubDomains"
        ],
        "X-Content-Type-Options": [
          "nosniff"
        ],
        "Date": [
<<<<<<< HEAD
          "Fri, 31 May 2019 01:15:12 GMT"
        ],
        "Content-Length": [
          "2355"
=======
          "Tue, 09 Jun 2020 00:38:38 GMT"
        ],
        "Content-Length": [
          "2412"
>>>>>>> d78b04a5306127f583235b13752c48d4f7d1289a
        ],
        "Content-Type": [
          "application/json; charset=utf-8"
        ],
        "Expires": [
          "-1"
        ]
      },
<<<<<<< HEAD
      "ResponseBody": "{\r\n  \"@odata.nextLink\": null,\r\n  \"@odata.context\": \"https://management.azure.com/subscriptions/b5e4748c-f69a-467c-8749-e2f9c8cd3db0/providers/Microsoft.Authorization/policySetDefinitions/60062d3c-3282-4a3d-9bc4-3557dded22ca/providers/Microsoft.PolicyInsights/policyStates/$metadata#latest\",\r\n  \"@odata.count\": 1,\r\n  \"value\": [\r\n    {\r\n      \"@odata.id\": null,\r\n      \"@odata.context\": \"https://management.azure.com/subscriptions/b5e4748c-f69a-467c-8749-e2f9c8cd3db0/providers/Microsoft.Authorization/policySetDefinitions/60062d3c-3282-4a3d-9bc4-3557dded22ca/providers/Microsoft.PolicyInsights/policyStates/$metadata#latest/$entity\",\r\n      \"timestamp\": \"2019-05-30T20:15:04.3585119Z\",\r\n      \"resourceId\": \"/subscriptions/b5e4748c-f69a-467c-8749-e2f9c8cd3db0/resourcegroups/aashishcustomrole7ux/providers/microsoft.compute/virtualmachines/aashishcustomrole7ux\",\r\n      \"policyAssignmentId\": \"/subscriptions/b5e4748c-f69a-467c-8749-e2f9c8cd3db0/resourcegroups/aashishcustomrole7ux/providers/microsoft.authorization/policyassignments/356c073479004327b9fa651a\",\r\n      \"policyDefinitionId\": \"/subscriptions/b5e4748c-f69a-467c-8749-e2f9c8cd3db0/providers/microsoft.authorization/policydefinitions/60062d3c-3282-4a3d-9bc4-3557dded21a5\",\r\n      \"effectiveParameters\": \"\",\r\n      \"isCompliant\": true,\r\n      \"subscriptionId\": \"b5e4748c-f69a-467c-8749-e2f9c8cd3db0\",\r\n      \"resourceType\": \"/Microsoft.Compute/virtualMachines\",\r\n      \"resourceLocation\": \"centraluseuap\",\r\n      \"resourceGroup\": \"AASHISHCUSTOMROLE7UX\",\r\n      \"resourceTags\": \"tbd\",\r\n      \"policyAssignmentName\": \"356c073479004327b9fa651a\",\r\n      \"policyAssignmentOwner\": \"tbd\",\r\n      \"policyAssignmentParameters\": \"\",\r\n      \"policyAssignmentScope\": \"/subscriptions/b5e4748c-f69a-467c-8749-e2f9c8cd3db0/resourceGroups/aashishCustomRole7UX\",\r\n      \"policyDefinitionName\": \"60062d3c-3282-4a3d-9bc4-3557dded21a5\",\r\n      \"policyDefinitionAction\": \"deployifnotexists\",\r\n      \"policyDefinitionCategory\": \"tbd\",\r\n      \"policySetDefinitionId\": \"/subscriptions/b5e4748c-f69a-467c-8749-e2f9c8cd3db0/providers/Microsoft.Authorization/policySetDefinitions/60062d3c-3282-4a3d-9bc4-3557dded22ca\",\r\n      \"policySetDefinitionName\": \"60062d3c-3282-4a3d-9bc4-3557dded22ca\",\r\n      \"policySetDefinitionOwner\": \"\",\r\n      \"policySetDefinitionCategory\": \"\",\r\n      \"policySetDefinitionParameters\": \"\",\r\n      \"managementGroupIds\": \"d12984f0-19bf-4e3a-8d8b-18dcd401d227,48fed3a1-0814-4847-88ce-b766155f2792,CnAIOrchestrationServicePublicCorpprod,72f988bf-86f1-41af-91ab-2d7cd011db47\",\r\n      \"policyDefinitionReferenceId\": \"16764350931751250725\",\r\n      \"complianceState\": \"Compliant\"\r\n    }\r\n  ]\r\n}",
=======
      "ResponseBody": "{\r\n  \"@odata.context\": \"https://management.azure.com/subscriptions/f66367e1-cf7d-407b-ba39-53230cc79071/resourceGroups/PolicyE2ETest_58_20_10_06-08-2020/providers/Microsoft.PolicyInsights/policyStates/$metadata#latest\",\r\n  \"@odata.count\": 1,\r\n  \"value\": [\r\n    {\r\n      \"@odata.id\": null,\r\n      \"@odata.context\": \"https://management.azure.com/subscriptions/f66367e1-cf7d-407b-ba39-53230cc79071/resourceGroups/PolicyE2ETest_58_20_10_06-08-2020/providers/Microsoft.PolicyInsights/policyStates/$metadata#latest/$entity\",\r\n      \"timestamp\": \"2020-06-08T21:39:01.1117391Z\",\r\n      \"resourceId\": \"/subscriptions/f66367e1-cf7d-407b-ba39-53230cc79071/resourcegroups/policye2etest_58_20_10_06-08-2020/providers/microsoft.compute/virtualmachines/pol-2016corsml/providers/microsoft.guestconfiguration/guestconfigurationassignments/auditwindowsservice\",\r\n      \"policyAssignmentId\": \"/subscriptions/f66367e1-cf7d-407b-ba39-53230cc79071/resourcegroups/policye2etest_58_20_10_06-08-2020/providers/microsoft.authorization/policyassignments/82c2cbb0-3d76-4105-ad8b-bdef50730517\",\r\n      \"policyDefinitionId\": \"/subscriptions/f66367e1-cf7d-407b-ba39-53230cc79071/providers/microsoft.authorization/policydefinitions/08a87b8a-e824-44fa-bf85-0f61a161eebb\",\r\n      \"effectiveParameters\": \"\",\r\n      \"isCompliant\": false,\r\n      \"subscriptionId\": \"f66367e1-cf7d-407b-ba39-53230cc79071\",\r\n      \"resourceType\": \"Microsoft.GuestConfiguration/guestConfigurationAssignments\",\r\n      \"resourceLocation\": \"centraluseuap\",\r\n      \"resourceGroup\": \"PolicyE2ETest_58_20_10_06-08-2020\",\r\n      \"resourceTags\": \"tbd\",\r\n      \"policyAssignmentName\": \"82c2cbb0-3d76-4105-ad8b-bdef50730517\",\r\n      \"policyAssignmentOwner\": \"tbd\",\r\n      \"policyAssignmentParameters\": \"\",\r\n      \"policyAssignmentScope\": \"/subscriptions/f66367e1-cf7d-407b-ba39-53230cc79071/resourcegroups/PolicyE2ETest_58_20_10_06-08-2020\",\r\n      \"policyDefinitionName\": \"08a87b8a-e824-44fa-bf85-0f61a161eebb\",\r\n      \"policyDefinitionAction\": \"audit\",\r\n      \"policyDefinitionCategory\": \"tbd\",\r\n      \"policySetDefinitionId\": \"/subscriptions/f66367e1-cf7d-407b-ba39-53230cc79071/providers/Microsoft.Authorization/policySetDefinitions/92e09915-8806-493c-baac-4858b0eeea7b\",\r\n      \"policySetDefinitionName\": \"92e09915-8806-493c-baac-4858b0eeea7b\",\r\n      \"policySetDefinitionOwner\": \"\",\r\n      \"policySetDefinitionCategory\": \"guest configuration\",\r\n      \"policySetDefinitionParameters\": \"\",\r\n      \"managementGroupIds\": \"d12984f0-19bf-4e3a-8d8b-18dcd401d227,48fed3a1-0814-4847-88ce-b766155f2792,CnAIOrchestrationServicePublicCorpprod,72f988bf-86f1-41af-91ab-2d7cd011db47\",\r\n      \"policyDefinitionReferenceId\": \"audit_auditwindowsservice\"\r\n    }\r\n  ]\r\n}",
>>>>>>> d78b04a5306127f583235b13752c48d4f7d1289a
      "StatusCode": 200
    }
  ],
  "Names": {},
  "Variables": {
<<<<<<< HEAD
    "SubscriptionId": "b5e4748c-f69a-467c-8749-e2f9c8cd3db0"
=======
    "SubscriptionId": "f66367e1-cf7d-407b-ba39-53230cc79071"
>>>>>>> d78b04a5306127f583235b13752c48d4f7d1289a
  }
}