{
  "AzVMwareCluster+[NoContext]+List+$PUT+https://management.azure.com/subscriptions/cef41485-ad1e-4cc3-a652-4c2620b8a2d0/resourceGroups/testgroupt54xji/providers/Microsoft.AVS/privateClouds/azps_test_cloudt8yx/clusters/82e7ug?api-version=2024-09-01+1": {
    "Request": {
      "Method": "PUT",
      "RequestUri": "https://management.azure.com/subscriptions/cef41485-ad1e-4cc3-a652-4c2620b8a2d0/resourceGroups/testgroupt54xji/providers/Microsoft.AVS/privateClouds/azps_test_cloudt8yx/clusters/82e7ug?api-version=2024-09-01",
      "Content": "{\r\n  \"properties\": {\r\n    \"clusterSize\": 3\r\n  },\r\n  \"sku\": {\r\n    \"name\": \"av20\"\r\n  }\r\n}",
      "isContentBase64": false,
      "Headers": {
      },
      "ContentHeaders": {
        "Content-Type": [ "application/json" ],
        "Content-Length": [ "88" ]
      }
    },
    "Response": {
      "StatusCode": 200,
      "Headers": {
        "Server": [ "Rocket" ],
        "Access-Control-Allow-Origin": [ "*" ],
        "Access-Control-Allow-Methods": [ "PUT, GET, HEAD, POST, DELETE, PATCH, OPTIONS" ],
        "Access-Control-Allow-Headers": [ "*" ],
        "Access-Control-Allow-Credentials": [ "true" ],
        "Date": [ "Mon, 16 Jun 2025 20:23:22 GMT" ]
      },
      "ContentHeaders": {
        "Content-Type": [ "application/json" ],
        "Content-Length": [ "412" ]
      },
      "Content": "{\"id\":\"/subscriptions/00000000-0000-0000-0000-000000000000/resourceGroups/group1/providers/Microsoft.AVS/privateClouds/cloud1/clusters/cluster1\",\"name\":\"cluster1\",\"type\":\"Microsoft.AVS/privateClouds/clusters\",\"properties\":{\"clusterSize\":3,\"provisioningState\":\"Succeeded\",\"hosts\":[\"fakehost22.nyc1.kubernetes.center\",\"fakehost23.nyc1.kubernetes.center\",\"fakehost24.nyc1.kubernetes.center\"]},\"sku\":{\"name\":\"AV20\"}}",
      "isContentBase64": false
    }
  },
  "AzVMwareCluster+[NoContext]+List+$GET+https://management.azure.com/subscriptions/cef41485-ad1e-4cc3-a652-4c2620b8a2d0/resourceGroups/testgroupt54xji/providers/Microsoft.AVS/privateClouds/azps_test_cloudt8yx/clusters/82e7ug?api-version=2024-09-01+2": {
    "Request": {
      "Method": "GET",
      "RequestUri": "https://management.azure.com/subscriptions/cef41485-ad1e-4cc3-a652-4c2620b8a2d0/resourceGroups/testgroupt54xji/providers/Microsoft.AVS/privateClouds/azps_test_cloudt8yx/clusters/82e7ug?api-version=2024-09-01",
      "Content": null,
      "isContentBase64": false,
      "Headers": {
        "Authorization": [ "[Filtered]" ],
        "x-ms-unique-id": [ "27" ],
        "x-ms-client-request-id": [ "86ed82ff-65a5-4793-ac59-2a457bb536bc" ],
        "CommandName": [ "New-AzVMwareCluster" ],
        "FullCommandName": [ "New-AzVMwareCluster_CreateExpanded" ],
        "ParameterSetName": [ "__AllParameterSets" ],
        "User-Agent": [ "AzurePowershell/v14.1.0", "PSVersion/v7.5.1", "Az.VMware/0.7.2" ]
      },
      "ContentHeaders": {
      }
    },
    "Response": {
      "StatusCode": 200,
      "Headers": {
        "Server": [ "Rocket" ],
        "Access-Control-Allow-Origin": [ "*" ],
        "Access-Control-Allow-Methods": [ "PUT, GET, HEAD, POST, DELETE, PATCH, OPTIONS" ],
        "Access-Control-Allow-Headers": [ "*" ],
        "Access-Control-Allow-Credentials": [ "true" ],
        "Date": [ "Mon, 16 Jun 2025 20:23:53 GMT" ]
      },
      "ContentHeaders": {
        "Content-Type": [ "application/json" ],
        "Content-Length": [ "448" ]
      },
      "Content": "{\"id\":\"/subscriptions/00000000-0000-0000-0000-000000000000/resourceGroups/group1/providers/Microsoft.AVS/privateClouds/cloud1/clusters/cluster1\",\"name\":\"cluster1\",\"type\":\"Microsoft.AVS/privateClouds/clusters\",\"properties\":{\"clusterSize\":4,\"provisioningState\":\"Succeeded\",\"hosts\":[\"fakehost22.nyc1.kubernetes.center\",\"fakehost23.nyc1.kubernetes.center\",\"fakehost24.nyc1.kubernetes.center\",\"fakehost25.nyc1.kubernetes.center\"]},\"sku\":{\"name\":\"AV20\"}}",
      "isContentBase64": false
    }
  },
  "AzVMwareCluster+[NoContext]+List+$GET+https://management.azure.com/subscriptions/cef41485-ad1e-4cc3-a652-4c2620b8a2d0/resourceGroups/testgroupt54xji/providers/Microsoft.AVS/privateClouds/azps_test_cloudt8yx/clusters/82e7ug?api-version=2024-09-01+3": {
    "Request": {
      "Method": "GET",
      "RequestUri": "https://management.azure.com/subscriptions/cef41485-ad1e-4cc3-a652-4c2620b8a2d0/resourceGroups/testgroupt54xji/providers/Microsoft.AVS/privateClouds/azps_test_cloudt8yx/clusters/82e7ug?api-version=2024-09-01",
      "Content": null,
      "isContentBase64": false,
      "Headers": {
        "Authorization": [ "[Filtered]" ],
        "x-ms-unique-id": [ "28" ],
        "x-ms-client-request-id": [ "86ed82ff-65a5-4793-ac59-2a457bb536bc" ],
        "CommandName": [ "New-AzVMwareCluster" ],
        "FullCommandName": [ "New-AzVMwareCluster_CreateExpanded" ],
        "ParameterSetName": [ "__AllParameterSets" ],
        "User-Agent": [ "AzurePowershell/v14.1.0", "PSVersion/v7.5.1", "Az.VMware/0.7.2" ]
      },
      "ContentHeaders": {
      }
    },
    "Response": {
      "StatusCode": 200,
      "Headers": {
        "Server": [ "Rocket" ],
        "Access-Control-Allow-Origin": [ "*" ],
        "Access-Control-Allow-Methods": [ "PUT, GET, HEAD, POST, DELETE, PATCH, OPTIONS" ],
        "Access-Control-Allow-Headers": [ "*" ],
        "Access-Control-Allow-Credentials": [ "true" ],
        "Date": [ "Mon, 16 Jun 2025 20:23:53 GMT" ]
      },
      "ContentHeaders": {
        "Content-Type": [ "application/json" ],
        "Content-Length": [ "448" ]
      },
      "Content": "{\"id\":\"/subscriptions/00000000-0000-0000-0000-000000000000/resourceGroups/group1/providers/Microsoft.AVS/privateClouds/cloud1/clusters/cluster1\",\"name\":\"cluster1\",\"type\":\"Microsoft.AVS/privateClouds/clusters\",\"properties\":{\"clusterSize\":4,\"provisioningState\":\"Succeeded\",\"hosts\":[\"fakehost22.nyc1.kubernetes.center\",\"fakehost23.nyc1.kubernetes.center\",\"fakehost24.nyc1.kubernetes.center\",\"fakehost25.nyc1.kubernetes.center\"]},\"sku\":{\"name\":\"AV20\"}}",
      "isContentBase64": false
    }
  },
  "AzVMwareCluster+[NoContext]+List+$GET+https://management.azure.com/subscriptions/cef41485-ad1e-4cc3-a652-4c2620b8a2d0/resourceGroups/testgroupt54xji/providers/Microsoft.AVS/privateClouds/azps_test_cloudt8yx/clusters?api-version=2024-09-01+4": {
    "Request": {
      "Method": "GET",
      "RequestUri": "https://management.azure.com/subscriptions/cef41485-ad1e-4cc3-a652-4c2620b8a2d0/resourceGroups/testgroupt54xji/providers/Microsoft.AVS/privateClouds/azps_test_cloudt8yx/clusters?api-version=2024-09-01",
      "Content": null,
      "isContentBase64": false,
      "Headers": {
        "x-ms-unique-id": [ "29" ],
        "x-ms-client-request-id": [ "06d39fcc-13f0-4a51-93cd-ec191f8ba775" ],
        "CommandName": [ "Get-AzVMwareCluster" ],
        "FullCommandName": [ "Get-AzVMwareCluster_List" ],
        "ParameterSetName": [ "__AllParameterSets" ],
        "User-Agent": [ "AzurePowershell/v14.1.0", "PSVersion/v7.5.1", "Az.VMware/0.7.2" ],
        "Authorization": [ "[Filtered]" ]
      },
      "ContentHeaders": {
      }
    },
    "Response": {
      "StatusCode": 200,
      "Headers": {
        "Server": [ "Rocket" ],
        "Access-Control-Allow-Origin": [ "*" ],
        "Access-Control-Allow-Methods": [ "PUT, GET, HEAD, POST, DELETE, PATCH, OPTIONS" ],
        "Access-Control-Allow-Headers": [ "*" ],
        "Access-Control-Allow-Credentials": [ "true" ],
        "Date": [ "Mon, 16 Jun 2025 20:23:53 GMT" ]
      },
      "ContentHeaders": {
        "Content-Type": [ "application/json" ],
        "Content-Length": [ "424" ]
      },
      "Content": "{\"value\":[{\"id\":\"/subscriptions/00000000-0000-0000-0000-000000000000/resourceGroups/group1/providers/Microsoft.AVS/privateClouds/cloud1/clusters/cluster1\",\"name\":\"cluster1\",\"type\":\"Microsoft.AVS/privateClouds/clusters\",\"properties\":{\"clusterSize\":3,\"provisioningState\":\"Succeeded\",\"hosts\":[\"fakehost22.nyc1.kubernetes.center\",\"fakehost23.nyc1.kubernetes.center\",\"fakehost24.nyc1.kubernetes.center\"]},\"sku\":{\"name\":\"AV20\"}}]}",
      "isContentBase64": false
    }
  },
  "AzVMwareCluster+[NoContext]+Get+$GET+https://management.azure.com/subscriptions/cef41485-ad1e-4cc3-a652-4c2620b8a2d0/resourceGroups/testgroupt54xji/providers/Microsoft.AVS/privateClouds/azps_test_cloudt8yx/clusters/82e7ug?api-version=2024-09-01+1": {
    "Request": {
      "Method": "GET",
      "RequestUri": "https://management.azure.com/subscriptions/cef41485-ad1e-4cc3-a652-4c2620b8a2d0/resourceGroups/testgroupt54xji/providers/Microsoft.AVS/privateClouds/azps_test_cloudt8yx/clusters/82e7ug?api-version=2024-09-01",
      "Content": null,
      "isContentBase64": false,
      "Headers": {
        "x-ms-unique-id": [ "30" ],
        "x-ms-client-request-id": [ "2be9d2fc-a0f7-4e24-b80b-7c61505b59c2" ],
        "CommandName": [ "Get-AzVMwareCluster" ],
        "FullCommandName": [ "Get-AzVMwareCluster_Get" ],
        "ParameterSetName": [ "__AllParameterSets" ],
        "User-Agent": [ "AzurePowershell/v14.1.0", "PSVersion/v7.5.1", "Az.VMware/0.7.2" ],
        "Authorization": [ "[Filtered]" ]
      },
      "ContentHeaders": {
      }
    },
    "Response": {
      "StatusCode": 200,
      "Headers": {
        "Server": [ "Rocket" ],
        "Access-Control-Allow-Origin": [ "*" ],
        "Access-Control-Allow-Methods": [ "PUT, GET, HEAD, POST, DELETE, PATCH, OPTIONS" ],
        "Access-Control-Allow-Headers": [ "*" ],
        "Access-Control-Allow-Credentials": [ "true" ],
        "Date": [ "Mon, 16 Jun 2025 20:23:53 GMT" ]
      },
      "ContentHeaders": {
        "Content-Type": [ "application/json" ],
        "Content-Length": [ "448" ]
      },
      "Content": "{\"id\":\"/subscriptions/00000000-0000-0000-0000-000000000000/resourceGroups/group1/providers/Microsoft.AVS/privateClouds/cloud1/clusters/cluster1\",\"name\":\"cluster1\",\"type\":\"Microsoft.AVS/privateClouds/clusters\",\"properties\":{\"clusterSize\":4,\"provisioningState\":\"Succeeded\",\"hosts\":[\"fakehost22.nyc1.kubernetes.center\",\"fakehost23.nyc1.kubernetes.center\",\"fakehost24.nyc1.kubernetes.center\",\"fakehost25.nyc1.kubernetes.center\"]},\"sku\":{\"name\":\"AV20\"}}",
      "isContentBase64": false
    }
  },
  "AzVMwareCluster+[NoContext]+CreateExpanded+$PUT+https://management.azure.com/subscriptions/cef41485-ad1e-4cc3-a652-4c2620b8a2d0/resourceGroups/testgroupt54xji/providers/Microsoft.AVS/privateClouds/azps_test_cloud0yf2/clusters/c9gjou?api-version=2024-09-01+1": {
    "Request": {
      "Method": "PUT",
      "RequestUri": "https://management.azure.com/subscriptions/cef41485-ad1e-4cc3-a652-4c2620b8a2d0/resourceGroups/testgroupt54xji/providers/Microsoft.AVS/privateClouds/azps_test_cloud0yf2/clusters/c9gjou?api-version=2024-09-01",
      "Content": "{\r\n  \"properties\": {\r\n    \"clusterSize\": 3\r\n  },\r\n  \"sku\": {\r\n    \"name\": \"av36\"\r\n  }\r\n}",
      "isContentBase64": false,
      "Headers": {
      },
      "ContentHeaders": {
        "Content-Type": [ "application/json" ],
        "Content-Length": [ "88" ]
      }
    },
    "Response": {
      "StatusCode": 200,
      "Headers": {
        "Server": [ "Rocket" ],
        "Access-Control-Allow-Origin": [ "*" ],
        "Access-Control-Allow-Methods": [ "PUT, GET, HEAD, POST, DELETE, PATCH, OPTIONS" ],
        "Access-Control-Allow-Headers": [ "*" ],
        "Access-Control-Allow-Credentials": [ "true" ],
        "Date": [ "Mon, 16 Jun 2025 20:23:53 GMT" ]
      },
      "ContentHeaders": {
        "Content-Type": [ "application/json" ],
        "Content-Length": [ "412" ]
      },
      "Content": "{\"id\":\"/subscriptions/00000000-0000-0000-0000-000000000000/resourceGroups/group1/providers/Microsoft.AVS/privateClouds/cloud1/clusters/cluster1\",\"name\":\"cluster1\",\"type\":\"Microsoft.AVS/privateClouds/clusters\",\"properties\":{\"clusterSize\":3,\"provisioningState\":\"Succeeded\",\"hosts\":[\"fakehost22.nyc1.kubernetes.center\",\"fakehost23.nyc1.kubernetes.center\",\"fakehost24.nyc1.kubernetes.center\"]},\"sku\":{\"name\":\"AV20\"}}",
      "isContentBase64": false
    }
  },
  "AzVMwareCluster+[NoContext]+CreateExpanded+$GET+https://management.azure.com/subscriptions/cef41485-ad1e-4cc3-a652-4c2620b8a2d0/resourceGroups/testgroupt54xji/providers/Microsoft.AVS/privateClouds/azps_test_cloud0yf2/clusters/c9gjou?api-version=2024-09-01+2": {
    "Request": {
      "Method": "GET",
      "RequestUri": "https://management.azure.com/subscriptions/cef41485-ad1e-4cc3-a652-4c2620b8a2d0/resourceGroups/testgroupt54xji/providers/Microsoft.AVS/privateClouds/azps_test_cloud0yf2/clusters/c9gjou?api-version=2024-09-01",
      "Content": null,
      "isContentBase64": false,
      "Headers": {
        "Authorization": [ "[Filtered]" ],
        "x-ms-unique-id": [ "32" ],
        "x-ms-client-request-id": [ "5b1a26fe-3c0e-45d6-aba6-c47324f789d5" ],
        "CommandName": [ "New-AzVMwareCluster" ],
        "FullCommandName": [ "New-AzVMwareCluster_CreateExpanded" ],
        "ParameterSetName": [ "__AllParameterSets" ],
        "User-Agent": [ "AzurePowershell/v14.1.0", "PSVersion/v7.5.1", "Az.VMware/0.7.2" ]
      },
      "ContentHeaders": {
      }
    },
    "Response": {
      "StatusCode": 200,
      "Headers": {
        "Server": [ "Rocket" ],
        "Access-Control-Allow-Origin": [ "*" ],
        "Access-Control-Allow-Methods": [ "PUT, GET, HEAD, POST, DELETE, PATCH, OPTIONS" ],
        "Access-Control-Allow-Headers": [ "*" ],
        "Access-Control-Allow-Credentials": [ "true" ],
        "Date": [ "Mon, 16 Jun 2025 20:24:24 GMT" ]
      },
      "ContentHeaders": {
        "Content-Type": [ "application/json" ],
        "Content-Length": [ "448" ]
      },
      "Content": "{\"id\":\"/subscriptions/00000000-0000-0000-0000-000000000000/resourceGroups/group1/providers/Microsoft.AVS/privateClouds/cloud1/clusters/cluster1\",\"name\":\"cluster1\",\"type\":\"Microsoft.AVS/privateClouds/clusters\",\"properties\":{\"clusterSize\":4,\"provisioningState\":\"Succeeded\",\"hosts\":[\"fakehost22.nyc1.kubernetes.center\",\"fakehost23.nyc1.kubernetes.center\",\"fakehost24.nyc1.kubernetes.center\",\"fakehost25.nyc1.kubernetes.center\"]},\"sku\":{\"name\":\"AV20\"}}",
      "isContentBase64": false
    }
  },
  "AzVMwareCluster+[NoContext]+CreateExpanded+$GET+https://management.azure.com/subscriptions/cef41485-ad1e-4cc3-a652-4c2620b8a2d0/resourceGroups/testgroupt54xji/providers/Microsoft.AVS/privateClouds/azps_test_cloud0yf2/clusters/c9gjou?api-version=2024-09-01+3": {
    "Request": {
      "Method": "GET",
      "RequestUri": "https://management.azure.com/subscriptions/cef41485-ad1e-4cc3-a652-4c2620b8a2d0/resourceGroups/testgroupt54xji/providers/Microsoft.AVS/privateClouds/azps_test_cloud0yf2/clusters/c9gjou?api-version=2024-09-01",
      "Content": null,
      "isContentBase64": false,
      "Headers": {
        "Authorization": [ "[Filtered]" ],
        "x-ms-unique-id": [ "33" ],
        "x-ms-client-request-id": [ "5b1a26fe-3c0e-45d6-aba6-c47324f789d5" ],
        "CommandName": [ "New-AzVMwareCluster" ],
        "FullCommandName": [ "New-AzVMwareCluster_CreateExpanded" ],
        "ParameterSetName": [ "__AllParameterSets" ],
        "User-Agent": [ "AzurePowershell/v14.1.0", "PSVersion/v7.5.1", "Az.VMware/0.7.2" ]
      },
      "ContentHeaders": {
      }
    },
    "Response": {
      "StatusCode": 200,
      "Headers": {
        "Server": [ "Rocket" ],
        "Access-Control-Allow-Origin": [ "*" ],
        "Access-Control-Allow-Methods": [ "PUT, GET, HEAD, POST, DELETE, PATCH, OPTIONS" ],
        "Access-Control-Allow-Headers": [ "*" ],
        "Access-Control-Allow-Credentials": [ "true" ],
        "Date": [ "Mon, 16 Jun 2025 20:24:24 GMT" ]
      },
      "ContentHeaders": {
        "Content-Type": [ "application/json" ],
        "Content-Length": [ "448" ]
      },
      "Content": "{\"id\":\"/subscriptions/00000000-0000-0000-0000-000000000000/resourceGroups/group1/providers/Microsoft.AVS/privateClouds/cloud1/clusters/cluster1\",\"name\":\"cluster1\",\"type\":\"Microsoft.AVS/privateClouds/clusters\",\"properties\":{\"clusterSize\":4,\"provisioningState\":\"Succeeded\",\"hosts\":[\"fakehost22.nyc1.kubernetes.center\",\"fakehost23.nyc1.kubernetes.center\",\"fakehost24.nyc1.kubernetes.center\",\"fakehost25.nyc1.kubernetes.center\"]},\"sku\":{\"name\":\"AV20\"}}",
      "isContentBase64": false
    }
  },
  "AzVMwareCluster+[NoContext]+UpdateExpanded+$PUT+https://management.azure.com/subscriptions/cef41485-ad1e-4cc3-a652-4c2620b8a2d0/resourceGroups/testgroupt54xji/providers/Microsoft.AVS/privateClouds/azps_test_cloud0yf2/clusters/c9gjou?api-version=2024-09-01+1": {
    "Request": {
      "Method": "PUT",
      "RequestUri": "https://management.azure.com/subscriptions/cef41485-ad1e-4cc3-a652-4c2620b8a2d0/resourceGroups/testgroupt54xji/providers/Microsoft.AVS/privateClouds/azps_test_cloud0yf2/clusters/c9gjou?api-version=2024-09-01",
      "Content": "{\r\n  \"properties\": {\r\n    \"clusterSize\": 3\r\n  },\r\n  \"sku\": {\r\n    \"name\": \"av36\"\r\n  }\r\n}",
      "isContentBase64": false,
      "Headers": {
      },
      "ContentHeaders": {
        "Content-Type": [ "application/json" ],
        "Content-Length": [ "88" ]
      }
    },
    "Response": {
      "StatusCode": 200,
      "Headers": {
        "Server": [ "Rocket" ],
        "Access-Control-Allow-Origin": [ "*" ],
        "Access-Control-Allow-Methods": [ "PUT, GET, HEAD, POST, DELETE, PATCH, OPTIONS" ],
        "Access-Control-Allow-Headers": [ "*" ],
        "Access-Control-Allow-Credentials": [ "true" ],
        "Date": [ "Mon, 16 Jun 2025 20:24:24 GMT" ]
      },
      "ContentHeaders": {
        "Content-Type": [ "application/json" ],
        "Content-Length": [ "412" ]
      },
      "Content": "{\"id\":\"/subscriptions/00000000-0000-0000-0000-000000000000/resourceGroups/group1/providers/Microsoft.AVS/privateClouds/cloud1/clusters/cluster1\",\"name\":\"cluster1\",\"type\":\"Microsoft.AVS/privateClouds/clusters\",\"properties\":{\"clusterSize\":3,\"provisioningState\":\"Succeeded\",\"hosts\":[\"fakehost22.nyc1.kubernetes.center\",\"fakehost23.nyc1.kubernetes.center\",\"fakehost24.nyc1.kubernetes.center\"]},\"sku\":{\"name\":\"AV20\"}}",
      "isContentBase64": false
    }
  },
  "AzVMwareCluster+[NoContext]+UpdateExpanded+$GET+https://management.azure.com/subscriptions/cef41485-ad1e-4cc3-a652-4c2620b8a2d0/resourceGroups/testgroupt54xji/providers/Microsoft.AVS/privateClouds/azps_test_cloud0yf2/clusters/c9gjou?api-version=2024-09-01+2": {
    "Request": {
      "Method": "GET",
      "RequestUri": "https://management.azure.com/subscriptions/cef41485-ad1e-4cc3-a652-4c2620b8a2d0/resourceGroups/testgroupt54xji/providers/Microsoft.AVS/privateClouds/azps_test_cloud0yf2/clusters/c9gjou?api-version=2024-09-01",
      "Content": null,
      "isContentBase64": false,
      "Headers": {
        "Authorization": [ "[Filtered]" ],
        "x-ms-unique-id": [ "35" ],
        "x-ms-client-request-id": [ "fcd9b083-76cb-4123-ae94-66963495a62a" ],
        "CommandName": [ "New-AzVMwareCluster" ],
        "FullCommandName": [ "New-AzVMwareCluster_CreateExpanded" ],
        "ParameterSetName": [ "__AllParameterSets" ],
        "User-Agent": [ "AzurePowershell/v14.1.0", "PSVersion/v7.5.1", "Az.VMware/0.7.2" ]
      },
      "ContentHeaders": {
      }
    },
    "Response": {
      "StatusCode": 200,
      "Headers": {
        "Server": [ "Rocket" ],
        "Access-Control-Allow-Origin": [ "*" ],
        "Access-Control-Allow-Methods": [ "PUT, GET, HEAD, POST, DELETE, PATCH, OPTIONS" ],
        "Access-Control-Allow-Headers": [ "*" ],
        "Access-Control-Allow-Credentials": [ "true" ],
        "Date": [ "Mon, 16 Jun 2025 20:24:55 GMT" ]
      },
      "ContentHeaders": {
        "Content-Type": [ "application/json" ],
        "Content-Length": [ "448" ]
      },
      "Content": "{\"id\":\"/subscriptions/00000000-0000-0000-0000-000000000000/resourceGroups/group1/providers/Microsoft.AVS/privateClouds/cloud1/clusters/cluster1\",\"name\":\"cluster1\",\"type\":\"Microsoft.AVS/privateClouds/clusters\",\"properties\":{\"clusterSize\":4,\"provisioningState\":\"Succeeded\",\"hosts\":[\"fakehost22.nyc1.kubernetes.center\",\"fakehost23.nyc1.kubernetes.center\",\"fakehost24.nyc1.kubernetes.center\",\"fakehost25.nyc1.kubernetes.center\"]},\"sku\":{\"name\":\"AV20\"}}",
      "isContentBase64": false
    }
  },
  "AzVMwareCluster+[NoContext]+UpdateExpanded+$GET+https://management.azure.com/subscriptions/cef41485-ad1e-4cc3-a652-4c2620b8a2d0/resourceGroups/testgroupt54xji/providers/Microsoft.AVS/privateClouds/azps_test_cloud0yf2/clusters/c9gjou?api-version=2024-09-01+3": {
    "Request": {
      "Method": "GET",
      "RequestUri": "https://management.azure.com/subscriptions/cef41485-ad1e-4cc3-a652-4c2620b8a2d0/resourceGroups/testgroupt54xji/providers/Microsoft.AVS/privateClouds/azps_test_cloud0yf2/clusters/c9gjou?api-version=2024-09-01",
      "Content": null,
      "isContentBase64": false,
      "Headers": {
        "Authorization": [ "[Filtered]" ],
        "x-ms-unique-id": [ "36" ],
        "x-ms-client-request-id": [ "fcd9b083-76cb-4123-ae94-66963495a62a" ],
        "CommandName": [ "New-AzVMwareCluster" ],
        "FullCommandName": [ "New-AzVMwareCluster_CreateExpanded" ],
        "ParameterSetName": [ "__AllParameterSets" ],
        "User-Agent": [ "AzurePowershell/v14.1.0", "PSVersion/v7.5.1", "Az.VMware/0.7.2" ]
      },
      "ContentHeaders": {
      }
    },
    "Response": {
      "StatusCode": 200,
      "Headers": {
        "Server": [ "Rocket" ],
        "Access-Control-Allow-Origin": [ "*" ],
        "Access-Control-Allow-Methods": [ "PUT, GET, HEAD, POST, DELETE, PATCH, OPTIONS" ],
        "Access-Control-Allow-Headers": [ "*" ],
        "Access-Control-Allow-Credentials": [ "true" ],
        "Date": [ "Mon, 16 Jun 2025 20:24:55 GMT" ]
      },
      "ContentHeaders": {
        "Content-Type": [ "application/json" ],
        "Content-Length": [ "448" ]
      },
      "Content": "{\"id\":\"/subscriptions/00000000-0000-0000-0000-000000000000/resourceGroups/group1/providers/Microsoft.AVS/privateClouds/cloud1/clusters/cluster1\",\"name\":\"cluster1\",\"type\":\"Microsoft.AVS/privateClouds/clusters\",\"properties\":{\"clusterSize\":4,\"provisioningState\":\"Succeeded\",\"hosts\":[\"fakehost22.nyc1.kubernetes.center\",\"fakehost23.nyc1.kubernetes.center\",\"fakehost24.nyc1.kubernetes.center\",\"fakehost25.nyc1.kubernetes.center\"]},\"sku\":{\"name\":\"AV20\"}}",
      "isContentBase64": false
    }
  },
  "AzVMwareCluster+[NoContext]+UpdateExpanded+$PATCH+https://management.azure.com/subscriptions/cef41485-ad1e-4cc3-a652-4c2620b8a2d0/resourceGroups/testgroupt54xji/providers/Microsoft.AVS/privateClouds/azps_test_cloud0yf2/clusters/c9gjou?api-version=2024-09-01+4": {
    "Request": {
      "Method": "PATCH",
      "RequestUri": "https://management.azure.com/subscriptions/cef41485-ad1e-4cc3-a652-4c2620b8a2d0/resourceGroups/testgroupt54xji/providers/Microsoft.AVS/privateClouds/azps_test_cloud0yf2/clusters/c9gjou?api-version=2024-09-01",
      "Content": "{\r\n  \"properties\": {\r\n    \"clusterSize\": 4\r\n  }\r\n}",
      "isContentBase64": false,
      "Headers": {
      },
      "ContentHeaders": {
        "Content-Type": [ "application/json" ],
        "Content-Length": [ "50" ]
      }
    },
    "Response": {
      "StatusCode": 200,
      "Headers": {
        "Server": [ "Rocket" ],
        "Access-Control-Allow-Origin": [ "*" ],
        "Access-Control-Allow-Methods": [ "PUT, GET, HEAD, POST, DELETE, PATCH, OPTIONS" ],
        "Access-Control-Allow-Headers": [ "*" ],
        "Access-Control-Allow-Credentials": [ "true" ],
        "Date": [ "Mon, 16 Jun 2025 20:24:55 GMT" ]
      },
      "ContentHeaders": {
        "Content-Type": [ "application/json" ],
        "Content-Length": [ "485" ]
      },
      "Content": "{\"id\":\"/subscriptions/00000000-0000-0000-0000-000000000000/resourceGroups/group1/providers/Microsoft.AVS/privateClouds/cloud1/clusters/cluster1\",\"name\":\"cluster1\",\"type\":\"Microsoft.AVS/privateClouds/clusters\",\"properties\":{\"clusterSize\":4,\"provisioningState\":\"Succeeded\",\"hosts\":[\"fakehost22.nyc1.kubernetes.center\",\"fakehost23.nyc1.kubernetes.center\",\"fakehost24.nyc1.kubernetes.center\",\"fakehost25.nyc1.kubernetes.center\"],\"vsanDatastoreName\":\"vsanDatastore1\"},\"sku\":{\"name\":\"AV20\"}}",
      "isContentBase64": false
    }
  },
  "AzVMwareCluster+[NoContext]+UpdateExpanded+$DELETE+https://management.azure.com/subscriptions/cef41485-ad1e-4cc3-a652-4c2620b8a2d0/resourceGroups/testgroupt54xji/providers/Microsoft.AVS/privateClouds/azps_test_cloud0yf2/clusters/c9gjou?api-version=2024-09-01+5": {
    "Request": {
      "Method": "DELETE",
      "RequestUri": "https://management.azure.com/subscriptions/cef41485-ad1e-4cc3-a652-4c2620b8a2d0/resourceGroups/testgroupt54xji/providers/Microsoft.AVS/privateClouds/azps_test_cloud0yf2/clusters/c9gjou?api-version=2024-09-01",
      "Content": null,
      "isContentBase64": false,
      "Headers": {
        "x-ms-unique-id": [ "38" ],
        "x-ms-client-request-id": [ "bdd76ca5-fa70-4879-8e8f-efa784becaff" ],
        "CommandName": [ "Remove-AzVMwareCluster" ],
        "FullCommandName": [ "Remove-AzVMwareCluster_Delete" ],
        "ParameterSetName": [ "__AllParameterSets" ],
        "User-Agent": [ "AzurePowershell/v14.1.0", "PSVersion/v7.5.1", "Az.VMware/0.7.2" ],
        "Authorization": [ "[Filtered]" ]
      },
      "ContentHeaders": {
      }
    },
    "Response": {
      "StatusCode": 200,
      "Headers": {
        "Server": [ "Rocket" ],
        "Access-Control-Allow-Origin": [ "*" ],
        "Access-Control-Allow-Methods": [ "PUT, GET, HEAD, POST, DELETE, PATCH, OPTIONS" ],
        "Access-Control-Allow-Headers": [ "*" ],
        "Access-Control-Allow-Credentials": [ "true" ],
        "Date": [ "Mon, 16 Jun 2025 20:24:55 GMT" ]
      },
      "ContentHeaders": {
        "Content-Type": [ "application/json" ],
        "Content-Length": [ "0" ]
      },
      "Content": null,
      "isContentBase64": false
    }
  },
  "AzVMwareCluster+[NoContext]+Delete+$DELETE+https://management.azure.com/subscriptions/cef41485-ad1e-4cc3-a652-4c2620b8a2d0/resourceGroups/testgroupt54xji/providers/Microsoft.AVS/privateClouds/azps_test_cloud0yf2/clusters/c9gjou?api-version=2024-09-01+1": {
    "Request": {
      "Method": "DELETE",
      "RequestUri": "https://management.azure.com/subscriptions/cef41485-ad1e-4cc3-a652-4c2620b8a2d0/resourceGroups/testgroupt54xji/providers/Microsoft.AVS/privateClouds/azps_test_cloud0yf2/clusters/c9gjou?api-version=2024-09-01",
      "Content": null,
      "isContentBase64": false,
      "Headers": {
        "x-ms-unique-id": [ "39" ],
        "x-ms-client-request-id": [ "7f30ebe7-1a48-4f19-9a71-74bdbed2fca0" ],
        "CommandName": [ "Remove-AzVMwareCluster" ],
        "FullCommandName": [ "Remove-AzVMwareCluster_Delete" ],
        "ParameterSetName": [ "__AllParameterSets" ],
        "User-Agent": [ "AzurePowershell/v14.1.0", "PSVersion/v7.5.1", "Az.VMware/0.7.2" ],
        "Authorization": [ "[Filtered]" ]
      },
      "ContentHeaders": {
      }
    },
    "Response": {
      "StatusCode": 200,
      "Headers": {
        "Server": [ "Rocket" ],
        "Access-Control-Allow-Origin": [ "*" ],
        "Access-Control-Allow-Methods": [ "PUT, GET, HEAD, POST, DELETE, PATCH, OPTIONS" ],
        "Access-Control-Allow-Headers": [ "*" ],
        "Access-Control-Allow-Credentials": [ "true" ],
        "Date": [ "Mon, 16 Jun 2025 20:24:55 GMT" ]
      },
      "ContentHeaders": {
        "Content-Type": [ "application/json" ],
        "Content-Length": [ "0" ]
      },
      "Content": null,
      "isContentBase64": false
    }
  }
}