{
  "AzVMwareAddon+[NoContext]+List+$PUT+https://management.azure.com/subscriptions/cef41485-ad1e-4cc3-a652-4c2620b8a2d0/resourceGroups/testgroupxgmipe/providers/Microsoft.AVS/privateClouds/azps_test_cloudr3c6/addons/SRM?api-version=2023-03-01+1": {
    "Request": {
      "Method": "PUT",
      "RequestUri": "https://management.azure.com/subscriptions/cef41485-ad1e-4cc3-a652-4c2620b8a2d0/resourceGroups/testgroupxgmipe/providers/Microsoft.AVS/privateClouds/azps_test_cloudr3c6/addons/SRM?api-version=2023-03-01",
      "Content": "{\r\n  \"properties\": {\r\n    \"addonType\": \"SRM\",\r\n    \"licenseKey\": \"YourLicenseKeyValue\"\r\n  }\r\n}",
      "isContentBase64": false,
      "Headers": {
      },
      "ContentHeaders": {
        "Content-Type": [ "application/json" ],
        "Content-Length": [ "94" ]
      }
    },
    "Response": {
      "StatusCode": 200,
      "Headers": {
        "Server": [ "Rocket" ],
        "Date": [ "Thu, 11 Jan 2024 23:01:03 GMT" ]
      },
      "ContentHeaders": {
        "Content-Type": [ "application/json" ],
        "Content-Length": [ "312" ]
      },
      "Content": "{\"id\":\"/subscriptions/00000000-0000-0000-0000-000000000000/resourceGroups/group1/providers/Microsoft.AVS/privateClouds/cloud1/addons/srm\",\"name\":\"srm\",\"type\":\"Microsoft.AVS/privateClouds/addons\",\"properties\":{\"addonType\":\"SRM\",\"provisioningState\":\"Succeeded\",\"licenseKey\":\"41915178-A8FF-4A4D-B683-6D735AF5E3F5\"}}",
      "isContentBase64": false
    }
  },
  "AzVMwareAddon+[NoContext]+List+$GET+https://management.azure.com/subscriptions/cef41485-ad1e-4cc3-a652-4c2620b8a2d0/resourceGroups/testgroupxgmipe/providers/Microsoft.AVS/privateClouds/azps_test_cloudr3c6/addons/SRM?api-version=2023-03-01+2": {
    "Request": {
      "Method": "GET",
      "RequestUri": "https://management.azure.com/subscriptions/cef41485-ad1e-4cc3-a652-4c2620b8a2d0/resourceGroups/testgroupxgmipe/providers/Microsoft.AVS/privateClouds/azps_test_cloudr3c6/addons/SRM?api-version=2023-03-01",
      "Content": null,
      "isContentBase64": false,
      "Headers": {
        "Authorization": [ "[Filtered]" ],
        "x-ms-unique-id": [ "2" ],
        "x-ms-client-request-id": [ "a69d9493-04f3-4557-bc06-98fd769d2c5f" ],
        "CommandName": [ "Az.VMware.internal\\New-AzVMwareAddon" ],
        "FullCommandName": [ "New-AzVMwareAddon_CreateExpanded" ],
        "ParameterSetName": [ "__AllParameterSets" ],
        "User-Agent": [ "AzurePowershell/v0.0.0", "PSVersion/v7.3.9", "Az.VMware/0.4.0" ]
      },
      "ContentHeaders": {
      }
    },
    "Response": {
      "StatusCode": 200,
      "Headers": {
        "Server": [ "Rocket" ],
        "Date": [ "Thu, 11 Jan 2024 23:01:33 GMT" ]
      },
      "ContentHeaders": {
        "Content-Type": [ "application/json" ],
        "Content-Length": [ "312" ]
      },
      "Content": "{\"id\":\"/subscriptions/00000000-0000-0000-0000-000000000000/resourceGroups/group1/providers/Microsoft.AVS/privateClouds/cloud1/addons/srm\",\"name\":\"srm\",\"type\":\"Microsoft.AVS/privateClouds/addons\",\"properties\":{\"addonType\":\"SRM\",\"provisioningState\":\"Succeeded\",\"licenseKey\":\"41915178-A8FF-4A4D-B683-6D735AF5E3F5\"}}",
      "isContentBase64": false
    }
  },
  "AzVMwareAddon+[NoContext]+List+$GET+https://management.azure.com/subscriptions/cef41485-ad1e-4cc3-a652-4c2620b8a2d0/resourceGroups/testgroupxgmipe/providers/Microsoft.AVS/privateClouds/azps_test_cloudr3c6/addons/SRM?api-version=2023-03-01+3": {
    "Request": {
      "Method": "GET",
      "RequestUri": "https://management.azure.com/subscriptions/cef41485-ad1e-4cc3-a652-4c2620b8a2d0/resourceGroups/testgroupxgmipe/providers/Microsoft.AVS/privateClouds/azps_test_cloudr3c6/addons/SRM?api-version=2023-03-01",
      "Content": null,
      "isContentBase64": false,
      "Headers": {
        "Authorization": [ "[Filtered]" ],
        "x-ms-unique-id": [ "3" ],
        "x-ms-client-request-id": [ "a69d9493-04f3-4557-bc06-98fd769d2c5f" ],
        "CommandName": [ "Az.VMware.internal\\New-AzVMwareAddon" ],
        "FullCommandName": [ "New-AzVMwareAddon_CreateExpanded" ],
        "ParameterSetName": [ "__AllParameterSets" ],
        "User-Agent": [ "AzurePowershell/v0.0.0", "PSVersion/v7.3.9", "Az.VMware/0.4.0" ]
      },
      "ContentHeaders": {
      }
    },
    "Response": {
      "StatusCode": 200,
      "Headers": {
        "Server": [ "Rocket" ],
        "Date": [ "Thu, 11 Jan 2024 23:01:33 GMT" ]
      },
      "ContentHeaders": {
        "Content-Type": [ "application/json" ],
        "Content-Length": [ "312" ]
      },
      "Content": "{\"id\":\"/subscriptions/00000000-0000-0000-0000-000000000000/resourceGroups/group1/providers/Microsoft.AVS/privateClouds/cloud1/addons/srm\",\"name\":\"srm\",\"type\":\"Microsoft.AVS/privateClouds/addons\",\"properties\":{\"addonType\":\"SRM\",\"provisioningState\":\"Succeeded\",\"licenseKey\":\"41915178-A8FF-4A4D-B683-6D735AF5E3F5\"}}",
      "isContentBase64": false
    }
  },
  "AzVMwareAddon+[NoContext]+List+$GET+https://management.azure.com/subscriptions/cef41485-ad1e-4cc3-a652-4c2620b8a2d0/resourceGroups/testgroupxgmipe/providers/Microsoft.AVS/privateClouds/azps_test_cloudr3c6/addons?api-version=2023-03-01+4": {
    "Request": {
      "Method": "GET",
      "RequestUri": "https://management.azure.com/subscriptions/cef41485-ad1e-4cc3-a652-4c2620b8a2d0/resourceGroups/testgroupxgmipe/providers/Microsoft.AVS/privateClouds/azps_test_cloudr3c6/addons?api-version=2023-03-01",
      "Content": null,
      "isContentBase64": false,
      "Headers": {
        "x-ms-unique-id": [ "4" ],
        "x-ms-client-request-id": [ "0a5fedd9-5d18-4218-be46-aea54220bf20" ],
        "CommandName": [ "Az.VMware.internal\\Get-AzVMwareAddon" ],
        "FullCommandName": [ "Get-AzVMwareAddon_List" ],
        "ParameterSetName": [ "__AllParameterSets" ],
        "User-Agent": [ "AzurePowershell/v0.0.0", "PSVersion/v7.3.9", "Az.VMware/0.4.0" ],
        "Authorization": [ "[Filtered]" ]
      },
      "ContentHeaders": {
      }
    },
    "Response": {
      "StatusCode": 200,
      "Headers": {
        "Server": [ "Rocket" ],
        "Date": [ "Thu, 11 Jan 2024 23:01:33 GMT" ]
      },
      "ContentHeaders": {
        "Content-Type": [ "application/json" ],
        "Content-Length": [ "324" ]
      },
      "Content": "{\"value\":[{\"id\":\"/subscriptions/00000000-0000-0000-0000-000000000000/resourceGroups/group1/providers/Microsoft.AVS/privateClouds/cloud1/addons/srm\",\"name\":\"srm\",\"type\":\"Microsoft.AVS/privateClouds/addons\",\"properties\":{\"addonType\":\"SRM\",\"provisioningState\":\"Succeeded\",\"licenseKey\":\"41915178-A8FF-4A4D-B683-6D735AF5E3F5\"}}]}",
      "isContentBase64": false
    }
  },
  "AzVMwareAddon+[NoContext]+Get+$GET+https://management.azure.com/subscriptions/cef41485-ad1e-4cc3-a652-4c2620b8a2d0/resourceGroups/testgroupxgmipe/providers/Microsoft.AVS/privateClouds/azps_test_cloudr3c6/addons/vr?api-version=2023-03-01+1": {
    "Request": {
      "Method": "GET",
      "RequestUri": "https://management.azure.com/subscriptions/cef41485-ad1e-4cc3-a652-4c2620b8a2d0/resourceGroups/testgroupxgmipe/providers/Microsoft.AVS/privateClouds/azps_test_cloudr3c6/addons/vr?api-version=2023-03-01",
      "Content": null,
      "isContentBase64": false,
      "Headers": {
        "x-ms-unique-id": [ "5" ],
        "x-ms-client-request-id": [ "74418339-10a0-48b4-b33f-a6e383fc801d" ],
        "CommandName": [ "Az.VMware.internal\\Get-AzVMwareAddon" ],
        "FullCommandName": [ "Get-AzVMwareAddon_Get" ],
        "ParameterSetName": [ "__AllParameterSets" ],
        "User-Agent": [ "AzurePowershell/v0.0.0", "PSVersion/v7.3.9", "Az.VMware/0.4.0" ],
        "Authorization": [ "[Filtered]" ]
      },
      "ContentHeaders": {
      }
    },
    "Response": {
      "StatusCode": 200,
      "Headers": {
        "Server": [ "Rocket" ],
        "Date": [ "Thu, 11 Jan 2024 23:01:33 GMT" ]
      },
      "ContentHeaders": {
        "Content-Type": [ "application/json" ],
        "Content-Length": [ "312" ]
      },
      "Content": "{\"id\":\"/subscriptions/00000000-0000-0000-0000-000000000000/resourceGroups/group1/providers/Microsoft.AVS/privateClouds/cloud1/addons/srm\",\"name\":\"srm\",\"type\":\"Microsoft.AVS/privateClouds/addons\",\"properties\":{\"addonType\":\"SRM\",\"provisioningState\":\"Succeeded\",\"licenseKey\":\"41915178-A8FF-4A4D-B683-6D735AF5E3F5\"}}",
      "isContentBase64": false
    }
  },
  "AzVMwareAddon+[NoContext]+CreateExpanded+$PUT+https://management.azure.com/subscriptions/cef41485-ad1e-4cc3-a652-4c2620b8a2d0/resourceGroups/testgroupxgmipe/providers/Microsoft.AVS/privateClouds/azps_test_cloudrs68/addons/SRM?api-version=2023-03-01+1": {
    "Request": {
      "Method": "PUT",
      "RequestUri": "https://management.azure.com/subscriptions/cef41485-ad1e-4cc3-a652-4c2620b8a2d0/resourceGroups/testgroupxgmipe/providers/Microsoft.AVS/privateClouds/azps_test_cloudrs68/addons/SRM?api-version=2023-03-01",
      "Content": "{\r\n  \"properties\": {\r\n    \"addonType\": \"SRM\",\r\n    \"licenseKey\": \"YourLicenseKeyValue\"\r\n  }\r\n}",
      "isContentBase64": false,
      "Headers": {
      },
      "ContentHeaders": {
        "Content-Type": [ "application/json" ],
        "Content-Length": [ "94" ]
      }
    },
    "Response": {
      "StatusCode": 200,
      "Headers": {
        "Server": [ "Rocket" ],
        "Date": [ "Thu, 11 Jan 2024 23:01:33 GMT" ]
      },
      "ContentHeaders": {
        "Content-Type": [ "application/json" ],
        "Content-Length": [ "312" ]
      },
      "Content": "{\"id\":\"/subscriptions/00000000-0000-0000-0000-000000000000/resourceGroups/group1/providers/Microsoft.AVS/privateClouds/cloud1/addons/srm\",\"name\":\"srm\",\"type\":\"Microsoft.AVS/privateClouds/addons\",\"properties\":{\"addonType\":\"SRM\",\"provisioningState\":\"Succeeded\",\"licenseKey\":\"41915178-A8FF-4A4D-B683-6D735AF5E3F5\"}}",
      "isContentBase64": false
    }
  },
  "AzVMwareAddon+[NoContext]+CreateExpanded+$GET+https://management.azure.com/subscriptions/cef41485-ad1e-4cc3-a652-4c2620b8a2d0/resourceGroups/testgroupxgmipe/providers/Microsoft.AVS/privateClouds/azps_test_cloudrs68/addons/SRM?api-version=2023-03-01+2": {
    "Request": {
      "Method": "GET",
      "RequestUri": "https://management.azure.com/subscriptions/cef41485-ad1e-4cc3-a652-4c2620b8a2d0/resourceGroups/testgroupxgmipe/providers/Microsoft.AVS/privateClouds/azps_test_cloudrs68/addons/SRM?api-version=2023-03-01",
      "Content": null,
      "isContentBase64": false,
      "Headers": {
        "Authorization": [ "[Filtered]" ],
        "x-ms-unique-id": [ "7" ],
        "x-ms-client-request-id": [ "0488b299-eaf8-4b14-8603-5b8b9a60b9d5" ],
        "CommandName": [ "Az.VMware.internal\\New-AzVMwareAddon" ],
        "FullCommandName": [ "New-AzVMwareAddon_CreateExpanded" ],
        "ParameterSetName": [ "__AllParameterSets" ],
        "User-Agent": [ "AzurePowershell/v0.0.0", "PSVersion/v7.3.9", "Az.VMware/0.4.0" ]
      },
      "ContentHeaders": {
      }
    },
    "Response": {
      "StatusCode": 200,
      "Headers": {
        "Server": [ "Rocket" ],
        "Date": [ "Thu, 11 Jan 2024 23:02:04 GMT" ]
      },
      "ContentHeaders": {
        "Content-Type": [ "application/json" ],
        "Content-Length": [ "312" ]
      },
      "Content": "{\"id\":\"/subscriptions/00000000-0000-0000-0000-000000000000/resourceGroups/group1/providers/Microsoft.AVS/privateClouds/cloud1/addons/srm\",\"name\":\"srm\",\"type\":\"Microsoft.AVS/privateClouds/addons\",\"properties\":{\"addonType\":\"SRM\",\"provisioningState\":\"Succeeded\",\"licenseKey\":\"41915178-A8FF-4A4D-B683-6D735AF5E3F5\"}}",
      "isContentBase64": false
    }
  },
  "AzVMwareAddon+[NoContext]+CreateExpanded+$GET+https://management.azure.com/subscriptions/cef41485-ad1e-4cc3-a652-4c2620b8a2d0/resourceGroups/testgroupxgmipe/providers/Microsoft.AVS/privateClouds/azps_test_cloudrs68/addons/SRM?api-version=2023-03-01+3": {
    "Request": {
      "Method": "GET",
      "RequestUri": "https://management.azure.com/subscriptions/cef41485-ad1e-4cc3-a652-4c2620b8a2d0/resourceGroups/testgroupxgmipe/providers/Microsoft.AVS/privateClouds/azps_test_cloudrs68/addons/SRM?api-version=2023-03-01",
      "Content": null,
      "isContentBase64": false,
      "Headers": {
        "Authorization": [ "[Filtered]" ],
        "x-ms-unique-id": [ "8" ],
        "x-ms-client-request-id": [ "0488b299-eaf8-4b14-8603-5b8b9a60b9d5" ],
        "CommandName": [ "Az.VMware.internal\\New-AzVMwareAddon" ],
        "FullCommandName": [ "New-AzVMwareAddon_CreateExpanded" ],
        "ParameterSetName": [ "__AllParameterSets" ],
        "User-Agent": [ "AzurePowershell/v0.0.0", "PSVersion/v7.3.9", "Az.VMware/0.4.0" ]
      },
      "ContentHeaders": {
      }
    },
    "Response": {
      "StatusCode": 200,
      "Headers": {
        "Server": [ "Rocket" ],
        "Date": [ "Thu, 11 Jan 2024 23:02:04 GMT" ]
      },
      "ContentHeaders": {
        "Content-Type": [ "application/json" ],
        "Content-Length": [ "312" ]
      },
      "Content": "{\"id\":\"/subscriptions/00000000-0000-0000-0000-000000000000/resourceGroups/group1/providers/Microsoft.AVS/privateClouds/cloud1/addons/srm\",\"name\":\"srm\",\"type\":\"Microsoft.AVS/privateClouds/addons\",\"properties\":{\"addonType\":\"SRM\",\"provisioningState\":\"Succeeded\",\"licenseKey\":\"41915178-A8FF-4A4D-B683-6D735AF5E3F5\"}}",
      "isContentBase64": false
    }
  },
  "AzVMwareAddon+[NoContext]+Delete+$DELETE+https://management.azure.com/subscriptions/cef41485-ad1e-4cc3-a652-4c2620b8a2d0/resourceGroups/testgroupxgmipe/providers/Microsoft.AVS/privateClouds/azps_test_cloudrs68/addons/vr?api-version=2023-03-01+1": {
    "Request": {
      "Method": "DELETE",
      "RequestUri": "https://management.azure.com/subscriptions/cef41485-ad1e-4cc3-a652-4c2620b8a2d0/resourceGroups/testgroupxgmipe/providers/Microsoft.AVS/privateClouds/azps_test_cloudrs68/addons/vr?api-version=2023-03-01",
      "Content": null,
      "isContentBase64": false,
      "Headers": {
        "x-ms-unique-id": [ "9" ],
        "x-ms-client-request-id": [ "d4b2a6f8-875f-44d8-ae42-4c60da799922" ],
        "CommandName": [ "Az.VMware.internal\\Remove-AzVMwareAddon" ],
        "FullCommandName": [ "Remove-AzVMwareAddon_Delete" ],
        "ParameterSetName": [ "__AllParameterSets" ],
        "User-Agent": [ "AzurePowershell/v0.0.0", "PSVersion/v7.3.9", "Az.VMware/0.4.0" ],
        "Authorization": [ "[Filtered]" ]
      },
      "ContentHeaders": {
      }
    },
    "Response": {
      "StatusCode": 200,
      "Headers": {
        "Server": [ "Rocket" ],
        "Date": [ "Thu, 11 Jan 2024 23:02:04 GMT" ]
      },
      "ContentHeaders": {
        "Content-Length": [ "0" ]
      },
      "Content": null,
      "isContentBase64": false
    }
  }
}