{
  "AzVMwareAddon+[NoContext]+List+$PUT+https://management.azure.com/subscriptions/cef41485-ad1e-4cc3-a652-4c2620b8a2d0/resourceGroups/testgroupt54xji/providers/Microsoft.AVS/privateClouds/azps_test_cloudt8yx/addons/SRM?api-version=2024-09-01+1": {
    "Request": {
      "Method": "PUT",
      "RequestUri": "https://management.azure.com/subscriptions/cef41485-ad1e-4cc3-a652-4c2620b8a2d0/resourceGroups/testgroupt54xji/providers/Microsoft.AVS/privateClouds/azps_test_cloudt8yx/addons/SRM?api-version=2024-09-01",
      "Content": "{\r\n  \"properties\": {\r\n    \"addonType\": \"SRM\",\r\n    \"licenseKey\": \"YourLicenseKeyValue\"\r\n  }\r\n}",
      "isContentBase64": false,
      "Headers": {
      },
      "ContentHeaders": {
        "Content-Type": [ "application/json" ],
        "Content-Length": [ "94" ]
      }
    },
    "Response": {
      "StatusCode": 200,
      "Headers": {
        "Server": [ "Rocket" ],
        "Access-Control-Allow-Origin": [ "*" ],
        "Access-Control-Allow-Methods": [ "PUT, GET, HEAD, POST, DELETE, PATCH, OPTIONS" ],
        "Access-Control-Allow-Headers": [ "*" ],
        "Access-Control-Allow-Credentials": [ "true" ],
        "Date": [ "Mon, 16 Jun 2025 20:20:16 GMT" ]
      },
      "ContentHeaders": {
        "Content-Type": [ "application/json" ],
        "Content-Length": [ "312" ]
      },
      "Content": "{\"id\":\"/subscriptions/00000000-0000-0000-0000-000000000000/resourceGroups/group1/providers/Microsoft.AVS/privateClouds/cloud1/addons/srm\",\"name\":\"srm\",\"type\":\"Microsoft.AVS/privateClouds/addons\",\"properties\":{\"addonType\":\"SRM\",\"provisioningState\":\"Succeeded\",\"licenseKey\":\"41915178-A8FF-4A4D-B683-6D735AF5E3F5\"}}",
      "isContentBase64": false
    }
  },
  "AzVMwareAddon+[NoContext]+List+$GET+https://management.azure.com/subscriptions/cef41485-ad1e-4cc3-a652-4c2620b8a2d0/resourceGroups/testgroupt54xji/providers/Microsoft.AVS/privateClouds/azps_test_cloudt8yx/addons/SRM?api-version=2024-09-01+2": {
    "Request": {
      "Method": "GET",
      "RequestUri": "https://management.azure.com/subscriptions/cef41485-ad1e-4cc3-a652-4c2620b8a2d0/resourceGroups/testgroupt54xji/providers/Microsoft.AVS/privateClouds/azps_test_cloudt8yx/addons/SRM?api-version=2024-09-01",
      "Content": null,
      "isContentBase64": false,
      "Headers": {
        "Authorization": [ "[Filtered]" ],
        "x-ms-unique-id": [ "2" ],
        "x-ms-client-request-id": [ "5c649a5f-c4e5-4701-97fc-eb81bcd366c6" ],
        "CommandName": [ "Az.VMware.internal\\New-AzVMwareAddon" ],
        "FullCommandName": [ "New-AzVMwareAddon_CreateExpanded" ],
        "ParameterSetName": [ "__AllParameterSets" ],
        "User-Agent": [ "AzurePowershell/v14.1.0", "PSVersion/v7.5.1", "Az.VMware/0.7.2" ]
      },
      "ContentHeaders": {
      }
    },
    "Response": {
      "StatusCode": 200,
      "Headers": {
        "Server": [ "Rocket" ],
        "Access-Control-Allow-Origin": [ "*" ],
        "Access-Control-Allow-Methods": [ "PUT, GET, HEAD, POST, DELETE, PATCH, OPTIONS" ],
        "Access-Control-Allow-Headers": [ "*" ],
        "Access-Control-Allow-Credentials": [ "true" ],
        "Date": [ "Mon, 16 Jun 2025 20:20:46 GMT" ]
      },
      "ContentHeaders": {
        "Content-Type": [ "application/json" ],
        "Content-Length": [ "312" ]
      },
      "Content": "{\"id\":\"/subscriptions/00000000-0000-0000-0000-000000000000/resourceGroups/group1/providers/Microsoft.AVS/privateClouds/cloud1/addons/srm\",\"name\":\"srm\",\"type\":\"Microsoft.AVS/privateClouds/addons\",\"properties\":{\"addonType\":\"SRM\",\"provisioningState\":\"Succeeded\",\"licenseKey\":\"41915178-A8FF-4A4D-B683-6D735AF5E3F5\"}}",
      "isContentBase64": false
    }
  },
  "AzVMwareAddon+[NoContext]+List+$GET+https://management.azure.com/subscriptions/cef41485-ad1e-4cc3-a652-4c2620b8a2d0/resourceGroups/testgroupt54xji/providers/Microsoft.AVS/privateClouds/azps_test_cloudt8yx/addons/SRM?api-version=2024-09-01+3": {
    "Request": {
      "Method": "GET",
      "RequestUri": "https://management.azure.com/subscriptions/cef41485-ad1e-4cc3-a652-4c2620b8a2d0/resourceGroups/testgroupt54xji/providers/Microsoft.AVS/privateClouds/azps_test_cloudt8yx/addons/SRM?api-version=2024-09-01",
      "Content": null,
      "isContentBase64": false,
      "Headers": {
        "Authorization": [ "[Filtered]" ],
        "x-ms-unique-id": [ "3" ],
        "x-ms-client-request-id": [ "5c649a5f-c4e5-4701-97fc-eb81bcd366c6" ],
        "CommandName": [ "Az.VMware.internal\\New-AzVMwareAddon" ],
        "FullCommandName": [ "New-AzVMwareAddon_CreateExpanded" ],
        "ParameterSetName": [ "__AllParameterSets" ],
        "User-Agent": [ "AzurePowershell/v14.1.0", "PSVersion/v7.5.1", "Az.VMware/0.7.2" ]
      },
      "ContentHeaders": {
      }
    },
    "Response": {
      "StatusCode": 200,
      "Headers": {
        "Server": [ "Rocket" ],
        "Access-Control-Allow-Origin": [ "*" ],
        "Access-Control-Allow-Methods": [ "PUT, GET, HEAD, POST, DELETE, PATCH, OPTIONS" ],
        "Access-Control-Allow-Headers": [ "*" ],
        "Access-Control-Allow-Credentials": [ "true" ],
        "Date": [ "Mon, 16 Jun 2025 20:20:46 GMT" ]
      },
      "ContentHeaders": {
        "Content-Type": [ "application/json" ],
        "Content-Length": [ "312" ]
      },
      "Content": "{\"id\":\"/subscriptions/00000000-0000-0000-0000-000000000000/resourceGroups/group1/providers/Microsoft.AVS/privateClouds/cloud1/addons/srm\",\"name\":\"srm\",\"type\":\"Microsoft.AVS/privateClouds/addons\",\"properties\":{\"addonType\":\"SRM\",\"provisioningState\":\"Succeeded\",\"licenseKey\":\"41915178-A8FF-4A4D-B683-6D735AF5E3F5\"}}",
      "isContentBase64": false
    }
  },
  "AzVMwareAddon+[NoContext]+List+$GET+https://management.azure.com/subscriptions/cef41485-ad1e-4cc3-a652-4c2620b8a2d0/resourceGroups/testgroupt54xji/providers/Microsoft.AVS/privateClouds/azps_test_cloudt8yx/addons?api-version=2024-09-01+4": {
    "Request": {
      "Method": "GET",
      "RequestUri": "https://management.azure.com/subscriptions/cef41485-ad1e-4cc3-a652-4c2620b8a2d0/resourceGroups/testgroupt54xji/providers/Microsoft.AVS/privateClouds/azps_test_cloudt8yx/addons?api-version=2024-09-01",
      "Content": null,
      "isContentBase64": false,
      "Headers": {
        "x-ms-unique-id": [ "4" ],
        "x-ms-client-request-id": [ "dc632d81-8929-4ac9-a218-17d3196b0da3" ],
        "CommandName": [ "Az.VMware.internal\\Get-AzVMwareAddon" ],
        "FullCommandName": [ "Get-AzVMwareAddon_List" ],
        "ParameterSetName": [ "__AllParameterSets" ],
        "User-Agent": [ "AzurePowershell/v14.1.0", "PSVersion/v7.5.1", "Az.VMware/0.7.2" ],
        "Authorization": [ "[Filtered]" ]
      },
      "ContentHeaders": {
      }
    },
    "Response": {
      "StatusCode": 200,
      "Headers": {
        "Server": [ "Rocket" ],
        "Access-Control-Allow-Origin": [ "*" ],
        "Access-Control-Allow-Methods": [ "PUT, GET, HEAD, POST, DELETE, PATCH, OPTIONS" ],
        "Access-Control-Allow-Headers": [ "*" ],
        "Access-Control-Allow-Credentials": [ "true" ],
        "Date": [ "Mon, 16 Jun 2025 20:20:46 GMT" ]
      },
      "ContentHeaders": {
        "Content-Type": [ "application/json" ],
        "Content-Length": [ "324" ]
      },
      "Content": "{\"value\":[{\"id\":\"/subscriptions/00000000-0000-0000-0000-000000000000/resourceGroups/group1/providers/Microsoft.AVS/privateClouds/cloud1/addons/srm\",\"name\":\"srm\",\"type\":\"Microsoft.AVS/privateClouds/addons\",\"properties\":{\"addonType\":\"SRM\",\"provisioningState\":\"Succeeded\",\"licenseKey\":\"41915178-A8FF-4A4D-B683-6D735AF5E3F5\"}}]}",
      "isContentBase64": false
    }
  },
  "AzVMwareAddon+[NoContext]+Get+$GET+https://management.azure.com/subscriptions/cef41485-ad1e-4cc3-a652-4c2620b8a2d0/resourceGroups/testgroupt54xji/providers/Microsoft.AVS/privateClouds/azps_test_cloudt8yx/addons/vr?api-version=2024-09-01+1": {
    "Request": {
      "Method": "GET",
      "RequestUri": "https://management.azure.com/subscriptions/cef41485-ad1e-4cc3-a652-4c2620b8a2d0/resourceGroups/testgroupt54xji/providers/Microsoft.AVS/privateClouds/azps_test_cloudt8yx/addons/vr?api-version=2024-09-01",
      "Content": null,
      "isContentBase64": false,
      "Headers": {
        "x-ms-unique-id": [ "5" ],
        "x-ms-client-request-id": [ "ecf32879-ddf9-4f99-8e61-6557a09b93a2" ],
        "CommandName": [ "Az.VMware.internal\\Get-AzVMwareAddon" ],
        "FullCommandName": [ "Get-AzVMwareAddon_Get" ],
        "ParameterSetName": [ "__AllParameterSets" ],
        "User-Agent": [ "AzurePowershell/v14.1.0", "PSVersion/v7.5.1", "Az.VMware/0.7.2" ],
        "Authorization": [ "[Filtered]" ]
      },
      "ContentHeaders": {
      }
    },
    "Response": {
      "StatusCode": 200,
      "Headers": {
        "Server": [ "Rocket" ],
        "Access-Control-Allow-Origin": [ "*" ],
        "Access-Control-Allow-Methods": [ "PUT, GET, HEAD, POST, DELETE, PATCH, OPTIONS" ],
        "Access-Control-Allow-Headers": [ "*" ],
        "Access-Control-Allow-Credentials": [ "true" ],
        "Date": [ "Mon, 16 Jun 2025 20:20:46 GMT" ]
      },
      "ContentHeaders": {
        "Content-Type": [ "application/json" ],
        "Content-Length": [ "312" ]
      },
      "Content": "{\"id\":\"/subscriptions/00000000-0000-0000-0000-000000000000/resourceGroups/group1/providers/Microsoft.AVS/privateClouds/cloud1/addons/srm\",\"name\":\"srm\",\"type\":\"Microsoft.AVS/privateClouds/addons\",\"properties\":{\"addonType\":\"SRM\",\"provisioningState\":\"Succeeded\",\"licenseKey\":\"41915178-A8FF-4A4D-B683-6D735AF5E3F5\"}}",
      "isContentBase64": false
    }
  },
  "AzVMwareAddon+[NoContext]+CreateExpanded+$PUT+https://management.azure.com/subscriptions/cef41485-ad1e-4cc3-a652-4c2620b8a2d0/resourceGroups/testgroupt54xji/providers/Microsoft.AVS/privateClouds/azps_test_cloud0yf2/addons/SRM?api-version=2024-09-01+1": {
    "Request": {
      "Method": "PUT",
      "RequestUri": "https://management.azure.com/subscriptions/cef41485-ad1e-4cc3-a652-4c2620b8a2d0/resourceGroups/testgroupt54xji/providers/Microsoft.AVS/privateClouds/azps_test_cloud0yf2/addons/SRM?api-version=2024-09-01",
      "Content": "{\r\n  \"properties\": {\r\n    \"addonType\": \"SRM\",\r\n    \"licenseKey\": \"YourLicenseKeyValue\"\r\n  }\r\n}",
      "isContentBase64": false,
      "Headers": {
      },
      "ContentHeaders": {
        "Content-Type": [ "application/json" ],
        "Content-Length": [ "94" ]
      }
    },
    "Response": {
      "StatusCode": 200,
      "Headers": {
        "Server": [ "Rocket" ],
        "Access-Control-Allow-Origin": [ "*" ],
        "Access-Control-Allow-Methods": [ "PUT, GET, HEAD, POST, DELETE, PATCH, OPTIONS" ],
        "Access-Control-Allow-Headers": [ "*" ],
        "Access-Control-Allow-Credentials": [ "true" ],
        "Date": [ "Mon, 16 Jun 2025 20:20:46 GMT" ]
      },
      "ContentHeaders": {
        "Content-Type": [ "application/json" ],
        "Content-Length": [ "312" ]
      },
      "Content": "{\"id\":\"/subscriptions/00000000-0000-0000-0000-000000000000/resourceGroups/group1/providers/Microsoft.AVS/privateClouds/cloud1/addons/srm\",\"name\":\"srm\",\"type\":\"Microsoft.AVS/privateClouds/addons\",\"properties\":{\"addonType\":\"SRM\",\"provisioningState\":\"Succeeded\",\"licenseKey\":\"41915178-A8FF-4A4D-B683-6D735AF5E3F5\"}}",
      "isContentBase64": false
    }
  },
  "AzVMwareAddon+[NoContext]+CreateExpanded+$GET+https://management.azure.com/subscriptions/cef41485-ad1e-4cc3-a652-4c2620b8a2d0/resourceGroups/testgroupt54xji/providers/Microsoft.AVS/privateClouds/azps_test_cloud0yf2/addons/SRM?api-version=2024-09-01+2": {
    "Request": {
      "Method": "GET",
      "RequestUri": "https://management.azure.com/subscriptions/cef41485-ad1e-4cc3-a652-4c2620b8a2d0/resourceGroups/testgroupt54xji/providers/Microsoft.AVS/privateClouds/azps_test_cloud0yf2/addons/SRM?api-version=2024-09-01",
      "Content": null,
      "isContentBase64": false,
      "Headers": {
        "Authorization": [ "[Filtered]" ],
        "x-ms-unique-id": [ "7" ],
        "x-ms-client-request-id": [ "3f139018-34b3-40aa-a012-b518004a4712" ],
        "CommandName": [ "Az.VMware.internal\\New-AzVMwareAddon" ],
        "FullCommandName": [ "New-AzVMwareAddon_CreateExpanded" ],
        "ParameterSetName": [ "__AllParameterSets" ],
        "User-Agent": [ "AzurePowershell/v14.1.0", "PSVersion/v7.5.1", "Az.VMware/0.7.2" ]
      },
      "ContentHeaders": {
      }
    },
    "Response": {
      "StatusCode": 200,
      "Headers": {
        "Server": [ "Rocket" ],
        "Access-Control-Allow-Origin": [ "*" ],
        "Access-Control-Allow-Methods": [ "PUT, GET, HEAD, POST, DELETE, PATCH, OPTIONS" ],
        "Access-Control-Allow-Headers": [ "*" ],
        "Access-Control-Allow-Credentials": [ "true" ],
        "Date": [ "Mon, 16 Jun 2025 20:21:17 GMT" ]
      },
      "ContentHeaders": {
        "Content-Type": [ "application/json" ],
        "Content-Length": [ "312" ]
      },
      "Content": "{\"id\":\"/subscriptions/00000000-0000-0000-0000-000000000000/resourceGroups/group1/providers/Microsoft.AVS/privateClouds/cloud1/addons/srm\",\"name\":\"srm\",\"type\":\"Microsoft.AVS/privateClouds/addons\",\"properties\":{\"addonType\":\"SRM\",\"provisioningState\":\"Succeeded\",\"licenseKey\":\"41915178-A8FF-4A4D-B683-6D735AF5E3F5\"}}",
      "isContentBase64": false
    }
  },
  "AzVMwareAddon+[NoContext]+CreateExpanded+$GET+https://management.azure.com/subscriptions/cef41485-ad1e-4cc3-a652-4c2620b8a2d0/resourceGroups/testgroupt54xji/providers/Microsoft.AVS/privateClouds/azps_test_cloud0yf2/addons/SRM?api-version=2024-09-01+3": {
    "Request": {
      "Method": "GET",
      "RequestUri": "https://management.azure.com/subscriptions/cef41485-ad1e-4cc3-a652-4c2620b8a2d0/resourceGroups/testgroupt54xji/providers/Microsoft.AVS/privateClouds/azps_test_cloud0yf2/addons/SRM?api-version=2024-09-01",
      "Content": null,
      "isContentBase64": false,
      "Headers": {
        "Authorization": [ "[Filtered]" ],
        "x-ms-unique-id": [ "8" ],
        "x-ms-client-request-id": [ "3f139018-34b3-40aa-a012-b518004a4712" ],
        "CommandName": [ "Az.VMware.internal\\New-AzVMwareAddon" ],
        "FullCommandName": [ "New-AzVMwareAddon_CreateExpanded" ],
        "ParameterSetName": [ "__AllParameterSets" ],
        "User-Agent": [ "AzurePowershell/v14.1.0", "PSVersion/v7.5.1", "Az.VMware/0.7.2" ]
      },
      "ContentHeaders": {
      }
    },
    "Response": {
      "StatusCode": 200,
      "Headers": {
        "Server": [ "Rocket" ],
        "Access-Control-Allow-Origin": [ "*" ],
        "Access-Control-Allow-Methods": [ "PUT, GET, HEAD, POST, DELETE, PATCH, OPTIONS" ],
        "Access-Control-Allow-Headers": [ "*" ],
        "Access-Control-Allow-Credentials": [ "true" ],
        "Date": [ "Mon, 16 Jun 2025 20:21:17 GMT" ]
      },
      "ContentHeaders": {
        "Content-Type": [ "application/json" ],
        "Content-Length": [ "312" ]
      },
      "Content": "{\"id\":\"/subscriptions/00000000-0000-0000-0000-000000000000/resourceGroups/group1/providers/Microsoft.AVS/privateClouds/cloud1/addons/srm\",\"name\":\"srm\",\"type\":\"Microsoft.AVS/privateClouds/addons\",\"properties\":{\"addonType\":\"SRM\",\"provisioningState\":\"Succeeded\",\"licenseKey\":\"41915178-A8FF-4A4D-B683-6D735AF5E3F5\"}}",
      "isContentBase64": false
    }
  },
  "AzVMwareAddon+[NoContext]+Delete+$DELETE+https://management.azure.com/subscriptions/cef41485-ad1e-4cc3-a652-4c2620b8a2d0/resourceGroups/testgroupt54xji/providers/Microsoft.AVS/privateClouds/azps_test_cloud0yf2/addons/vr?api-version=2024-09-01+1": {
    "Request": {
      "Method": "DELETE",
      "RequestUri": "https://management.azure.com/subscriptions/cef41485-ad1e-4cc3-a652-4c2620b8a2d0/resourceGroups/testgroupt54xji/providers/Microsoft.AVS/privateClouds/azps_test_cloud0yf2/addons/vr?api-version=2024-09-01",
      "Content": null,
      "isContentBase64": false,
      "Headers": {
        "x-ms-unique-id": [ "9" ],
        "x-ms-client-request-id": [ "6e587643-c637-43d9-bdd9-8388adaba74b" ],
        "CommandName": [ "Az.VMware.internal\\Remove-AzVMwareAddon" ],
        "FullCommandName": [ "Remove-AzVMwareAddon_Delete" ],
        "ParameterSetName": [ "__AllParameterSets" ],
        "User-Agent": [ "AzurePowershell/v14.1.0", "PSVersion/v7.5.1", "Az.VMware/0.7.2" ],
        "Authorization": [ "[Filtered]" ]
      },
      "ContentHeaders": {
      }
    },
    "Response": {
      "StatusCode": 200,
      "Headers": {
        "Server": [ "Rocket" ],
        "Access-Control-Allow-Origin": [ "*" ],
        "Access-Control-Allow-Methods": [ "PUT, GET, HEAD, POST, DELETE, PATCH, OPTIONS" ],
        "Access-Control-Allow-Headers": [ "*" ],
        "Access-Control-Allow-Credentials": [ "true" ],
        "Date": [ "Mon, 16 Jun 2025 20:21:17 GMT" ]
      },
      "ContentHeaders": {
        "Content-Type": [ "application/json" ],
        "Content-Length": [ "0" ]
      },
      "Content": null,
      "isContentBase64": false
    }
  }
}