{
  "AzVMwarePlacementPolicy+[NoContext]+CreateExpanded+$PUT+https://management.azure.com/subscriptions/cef41485-ad1e-4cc3-a652-4c2620b8a2d0/resourceGroups/testgroupqbeopr/providers/Microsoft.AVS/privateClouds/azps_test_cloud6koz/clusters/lq4hfg?api-version=2023-09-01+1": {
    "Request": {
      "Method": "PUT",
      "RequestUri": "https://management.azure.com/subscriptions/cef41485-ad1e-4cc3-a652-4c2620b8a2d0/resourceGroups/testgroupqbeopr/providers/Microsoft.AVS/privateClouds/azps_test_cloud6koz/clusters/lq4hfg?api-version=2023-09-01",
      "Content": "{\r\n  \"properties\": {\r\n    \"clusterSize\": 3\r\n  },\r\n  \"sku\": {\r\n    \"name\": \"av20\"\r\n  }\r\n}",
      "isContentBase64": false,
      "Headers": {
      },
      "ContentHeaders": {
        "Content-Type": [ "application/json" ],
        "Content-Length": [ "88" ]
      }
    },
    "Response": {
      "StatusCode": 200,
      "Headers": {
        "Server": [ "Rocket" ],
        "Date": [ "Thu, 27 Jun 2024 15:42:37 GMT" ]
      },
      "ContentHeaders": {
        "Content-Type": [ "application/json" ],
        "Content-Length": [ "412" ]
      },
      "Content": "{\"id\":\"/subscriptions/00000000-0000-0000-0000-000000000000/resourceGroups/group1/providers/Microsoft.AVS/privateClouds/cloud1/clusters/cluster1\",\"name\":\"cluster1\",\"type\":\"Microsoft.AVS/privateClouds/clusters\",\"properties\":{\"clusterSize\":3,\"provisioningState\":\"Succeeded\",\"hosts\":[\"fakehost22.nyc1.kubernetes.center\",\"fakehost23.nyc1.kubernetes.center\",\"fakehost24.nyc1.kubernetes.center\"]},\"sku\":{\"name\":\"AV20\"}}",
      "isContentBase64": false
    }
  },
  "AzVMwarePlacementPolicy+[NoContext]+CreateExpanded+$GET+https://management.azure.com/subscriptions/cef41485-ad1e-4cc3-a652-4c2620b8a2d0/resourceGroups/testgroupqbeopr/providers/Microsoft.AVS/privateClouds/azps_test_cloud6koz/clusters/lq4hfg?api-version=2023-09-01+2": {
    "Request": {
      "Method": "GET",
      "RequestUri": "https://management.azure.com/subscriptions/cef41485-ad1e-4cc3-a652-4c2620b8a2d0/resourceGroups/testgroupqbeopr/providers/Microsoft.AVS/privateClouds/azps_test_cloud6koz/clusters/lq4hfg?api-version=2023-09-01",
      "Content": null,
      "isContentBase64": false,
      "Headers": {
        "Authorization": [ "[Filtered]" ],
        "x-ms-unique-id": [ "64" ],
        "x-ms-client-request-id": [ "fa94fff5-af34-48e4-9289-e81b04d71cad" ],
        "CommandName": [ "New-AzVMwareCluster" ],
        "FullCommandName": [ "New-AzVMwareCluster_CreateExpanded" ],
        "ParameterSetName": [ "__AllParameterSets" ],
        "User-Agent": [ "AzurePowershell/v11.2.0", "PSVersion/v7.4.3", "Az.VMware/0.4.0" ]
      },
      "ContentHeaders": {
      }
    },
    "Response": {
      "StatusCode": 200,
      "Headers": {
        "Server": [ "Rocket" ],
        "Date": [ "Thu, 27 Jun 2024 15:43:07 GMT" ]
      },
      "ContentHeaders": {
        "Content-Type": [ "application/json" ],
        "Content-Length": [ "448" ]
      },
      "Content": "{\"id\":\"/subscriptions/00000000-0000-0000-0000-000000000000/resourceGroups/group1/providers/Microsoft.AVS/privateClouds/cloud1/clusters/cluster1\",\"name\":\"cluster1\",\"type\":\"Microsoft.AVS/privateClouds/clusters\",\"properties\":{\"clusterSize\":4,\"provisioningState\":\"Succeeded\",\"hosts\":[\"fakehost22.nyc1.kubernetes.center\",\"fakehost23.nyc1.kubernetes.center\",\"fakehost24.nyc1.kubernetes.center\",\"fakehost25.nyc1.kubernetes.center\"]},\"sku\":{\"name\":\"AV20\"}}",
      "isContentBase64": false
    }
  },
  "AzVMwarePlacementPolicy+[NoContext]+CreateExpanded+$GET+https://management.azure.com/subscriptions/cef41485-ad1e-4cc3-a652-4c2620b8a2d0/resourceGroups/testgroupqbeopr/providers/Microsoft.AVS/privateClouds/azps_test_cloud6koz/clusters/lq4hfg?api-version=2023-09-01+3": {
    "Request": {
      "Method": "GET",
      "RequestUri": "https://management.azure.com/subscriptions/cef41485-ad1e-4cc3-a652-4c2620b8a2d0/resourceGroups/testgroupqbeopr/providers/Microsoft.AVS/privateClouds/azps_test_cloud6koz/clusters/lq4hfg?api-version=2023-09-01",
      "Content": null,
      "isContentBase64": false,
      "Headers": {
        "Authorization": [ "[Filtered]" ],
        "x-ms-unique-id": [ "65" ],
        "x-ms-client-request-id": [ "fa94fff5-af34-48e4-9289-e81b04d71cad" ],
        "CommandName": [ "New-AzVMwareCluster" ],
        "FullCommandName": [ "New-AzVMwareCluster_CreateExpanded" ],
        "ParameterSetName": [ "__AllParameterSets" ],
        "User-Agent": [ "AzurePowershell/v11.2.0", "PSVersion/v7.4.3", "Az.VMware/0.4.0" ]
      },
      "ContentHeaders": {
      }
    },
    "Response": {
      "StatusCode": 200,
      "Headers": {
        "Server": [ "Rocket" ],
        "Date": [ "Thu, 27 Jun 2024 15:43:07 GMT" ]
      },
      "ContentHeaders": {
        "Content-Type": [ "application/json" ],
        "Content-Length": [ "448" ]
      },
      "Content": "{\"id\":\"/subscriptions/00000000-0000-0000-0000-000000000000/resourceGroups/group1/providers/Microsoft.AVS/privateClouds/cloud1/clusters/cluster1\",\"name\":\"cluster1\",\"type\":\"Microsoft.AVS/privateClouds/clusters\",\"properties\":{\"clusterSize\":4,\"provisioningState\":\"Succeeded\",\"hosts\":[\"fakehost22.nyc1.kubernetes.center\",\"fakehost23.nyc1.kubernetes.center\",\"fakehost24.nyc1.kubernetes.center\",\"fakehost25.nyc1.kubernetes.center\"]},\"sku\":{\"name\":\"AV20\"}}",
      "isContentBase64": false
    }
  },
  "AzVMwarePlacementPolicy+[NoContext]+CreateExpanded+$PUT+https://management.azure.com/subscriptions/cef41485-ad1e-4cc3-a652-4c2620b8a2d0/resourceGroups/testgroupqbeopr/providers/Microsoft.AVS/privateClouds/azps_test_cloud6koz/clusters/lq4hfg/placementPolicies/policy1?api-version=2023-09-01+4": {
    "Request": {
      "Method": "PUT",
      "RequestUri": "https://management.azure.com/subscriptions/cef41485-ad1e-4cc3-a652-4c2620b8a2d0/resourceGroups/testgroupqbeopr/providers/Microsoft.AVS/privateClouds/azps_test_cloud6koz/clusters/lq4hfg/placementPolicies/policy1?api-version=2023-09-01",
      "Content": "{\r\n  \"properties\": {\r\n    \"type\": \"VmVm\",\r\n    \"vmMembers\": [ \"System.Collections.Hashtable\" ],\r\n    \"affinityType\": \"Affinity\"\r\n  }\r\n}",
      "isContentBase64": false,
      "Headers": {
      },
      "ContentHeaders": {
        "Content-Type": [ "application/json" ],
        "Content-Length": [ "135" ]
      }
    },
    "Response": {
      "StatusCode": 200,
      "Headers": {
        "Server": [ "Rocket" ],
        "Date": [ "Thu, 27 Jun 2024 15:43:07 GMT" ]
      },
      "ContentHeaders": {
        "Content-Type": [ "application/json" ],
        "Content-Length": [ "910" ]
      },
      "Content": "{\"id\":\"/subscriptions/00000000-0000-0000-0000-000000000000/resourceGroups/group1/providers/Microsoft.AVS/privateClouds/cloud1/clusters/cluster1/placementPolicies/policy1\",\"name\":\"policy1\",\"type\":\"Microsoft.AVS/privateClouds/clusters/placementPolicies\",\"properties\":{\"type\":\"VmHost\",\"state\":\"Enabled\",\"displayName\":\"policy1\",\"provisioningState\":\"Succeeded\",\"vmMembers\":[\"/subscriptions/00000000-0000-0000-0000-000000000000/resourceGroups/group1/providers/Microsoft.AVS/privateClouds/cloud1/clusters/cluster1/virtualMachines/vm-128\",\"/subscriptions/00000000-0000-0000-0000-000000000000/resourceGroups/group1/providers/Microsoft.AVS/privateClouds/cloud1/clusters/cluster1/virtualMachines/vm-256\"],\"hostMembers\":[\"fakehost22.nyc1.kubernetes.center\",\"fakehost23.nyc1.kubernetes.center\",\"fakehost24.nyc1.kubernetes.center\"],\"affinityType\":\"AntiAffinity\",\"affinityStrength\":\"Must\",\"azureHybridBenefitType\":\"SqlHost\"}}",
      "isContentBase64": false
    }
  },
  "AzVMwarePlacementPolicy+[NoContext]+CreateExpanded+$GET+https://management.azure.com/subscriptions/cef41485-ad1e-4cc3-a652-4c2620b8a2d0/resourceGroups/testgroupqbeopr/providers/Microsoft.AVS/privateClouds/azps_test_cloud6koz/clusters/lq4hfg/placementPolicies/policy1?api-version=2023-09-01+5": {
    "Request": {
      "Method": "GET",
      "RequestUri": "https://management.azure.com/subscriptions/cef41485-ad1e-4cc3-a652-4c2620b8a2d0/resourceGroups/testgroupqbeopr/providers/Microsoft.AVS/privateClouds/azps_test_cloud6koz/clusters/lq4hfg/placementPolicies/policy1?api-version=2023-09-01",
      "Content": null,
      "isContentBase64": false,
      "Headers": {
        "Authorization": [ "[Filtered]" ],
        "x-ms-unique-id": [ "67" ],
        "x-ms-client-request-id": [ "1dc684db-5b61-46cd-965f-2fa4242eea46" ],
        "CommandName": [ "New-AzVMwarePlacementPolicy" ],
        "FullCommandName": [ "New-AzVMwarePlacementPolicy_CreateExpanded" ],
        "ParameterSetName": [ "__AllParameterSets" ],
        "User-Agent": [ "AzurePowershell/v11.2.0", "PSVersion/v7.4.3", "Az.VMware/0.4.0" ]
      },
      "ContentHeaders": {
      }
    },
    "Response": {
      "StatusCode": 200,
      "Headers": {
        "Server": [ "Rocket" ],
        "Date": [ "Thu, 27 Jun 2024 15:43:38 GMT" ]
      },
      "ContentHeaders": {
        "Content-Type": [ "application/json" ],
        "Content-Length": [ "910" ]
      },
      "Content": "{\"id\":\"/subscriptions/00000000-0000-0000-0000-000000000000/resourceGroups/group1/providers/Microsoft.AVS/privateClouds/cloud1/clusters/cluster1/placementPolicies/policy1\",\"name\":\"policy1\",\"type\":\"Microsoft.AVS/privateClouds/clusters/placementPolicies\",\"properties\":{\"type\":\"VmHost\",\"state\":\"Enabled\",\"displayName\":\"policy1\",\"provisioningState\":\"Succeeded\",\"vmMembers\":[\"/subscriptions/00000000-0000-0000-0000-000000000000/resourceGroups/group1/providers/Microsoft.AVS/privateClouds/cloud1/clusters/cluster1/virtualMachines/vm-128\",\"/subscriptions/00000000-0000-0000-0000-000000000000/resourceGroups/group1/providers/Microsoft.AVS/privateClouds/cloud1/clusters/cluster1/virtualMachines/vm-256\"],\"hostMembers\":[\"fakehost22.nyc1.kubernetes.center\",\"fakehost23.nyc1.kubernetes.center\",\"fakehost24.nyc1.kubernetes.center\"],\"affinityType\":\"AntiAffinity\",\"affinityStrength\":\"Must\",\"azureHybridBenefitType\":\"SqlHost\"}}",
      "isContentBase64": false
    }
  },
  "AzVMwarePlacementPolicy+[NoContext]+CreateExpanded+$GET+https://management.azure.com/subscriptions/cef41485-ad1e-4cc3-a652-4c2620b8a2d0/resourceGroups/testgroupqbeopr/providers/Microsoft.AVS/privateClouds/azps_test_cloud6koz/clusters/lq4hfg/placementPolicies/policy1?api-version=2023-09-01+6": {
    "Request": {
      "Method": "GET",
      "RequestUri": "https://management.azure.com/subscriptions/cef41485-ad1e-4cc3-a652-4c2620b8a2d0/resourceGroups/testgroupqbeopr/providers/Microsoft.AVS/privateClouds/azps_test_cloud6koz/clusters/lq4hfg/placementPolicies/policy1?api-version=2023-09-01",
      "Content": null,
      "isContentBase64": false,
      "Headers": {
        "Authorization": [ "[Filtered]" ],
        "x-ms-unique-id": [ "68" ],
        "x-ms-client-request-id": [ "1dc684db-5b61-46cd-965f-2fa4242eea46" ],
        "CommandName": [ "New-AzVMwarePlacementPolicy" ],
        "FullCommandName": [ "New-AzVMwarePlacementPolicy_CreateExpanded" ],
        "ParameterSetName": [ "__AllParameterSets" ],
        "User-Agent": [ "AzurePowershell/v11.2.0", "PSVersion/v7.4.3", "Az.VMware/0.4.0" ]
      },
      "ContentHeaders": {
      }
    },
    "Response": {
      "StatusCode": 200,
      "Headers": {
        "Server": [ "Rocket" ],
        "Date": [ "Thu, 27 Jun 2024 15:43:38 GMT" ]
      },
      "ContentHeaders": {
        "Content-Type": [ "application/json" ],
        "Content-Length": [ "910" ]
      },
      "Content": "{\"id\":\"/subscriptions/00000000-0000-0000-0000-000000000000/resourceGroups/group1/providers/Microsoft.AVS/privateClouds/cloud1/clusters/cluster1/placementPolicies/policy1\",\"name\":\"policy1\",\"type\":\"Microsoft.AVS/privateClouds/clusters/placementPolicies\",\"properties\":{\"type\":\"VmHost\",\"state\":\"Enabled\",\"displayName\":\"policy1\",\"provisioningState\":\"Succeeded\",\"vmMembers\":[\"/subscriptions/00000000-0000-0000-0000-000000000000/resourceGroups/group1/providers/Microsoft.AVS/privateClouds/cloud1/clusters/cluster1/virtualMachines/vm-128\",\"/subscriptions/00000000-0000-0000-0000-000000000000/resourceGroups/group1/providers/Microsoft.AVS/privateClouds/cloud1/clusters/cluster1/virtualMachines/vm-256\"],\"hostMembers\":[\"fakehost22.nyc1.kubernetes.center\",\"fakehost23.nyc1.kubernetes.center\",\"fakehost24.nyc1.kubernetes.center\"],\"affinityType\":\"AntiAffinity\",\"affinityStrength\":\"Must\",\"azureHybridBenefitType\":\"SqlHost\"}}",
      "isContentBase64": false
    }
  },
  "AzVMwarePlacementPolicy+[NoContext]+List+$GET+https://management.azure.com/subscriptions/cef41485-ad1e-4cc3-a652-4c2620b8a2d0/resourceGroups/testgroupqbeopr/providers/Microsoft.AVS/privateClouds/azps_test_cloud6koz/clusters/lq4hfg/placementPolicies?api-version=2023-09-01+1": {
    "Request": {
      "Method": "GET",
      "RequestUri": "https://management.azure.com/subscriptions/cef41485-ad1e-4cc3-a652-4c2620b8a2d0/resourceGroups/testgroupqbeopr/providers/Microsoft.AVS/privateClouds/azps_test_cloud6koz/clusters/lq4hfg/placementPolicies?api-version=2023-09-01",
      "Content": null,
      "isContentBase64": false,
      "Headers": {
        "x-ms-unique-id": [ "69" ],
        "x-ms-client-request-id": [ "778155d9-f40e-489d-8f6e-535cff008357" ],
        "CommandName": [ "Get-AzVMwarePlacementPolicy" ],
        "FullCommandName": [ "Get-AzVMwarePlacementPolicy_List" ],
        "ParameterSetName": [ "__AllParameterSets" ],
        "User-Agent": [ "AzurePowershell/v11.2.0", "PSVersion/v7.4.3", "Az.VMware/0.4.0" ],
        "Authorization": [ "[Filtered]" ]
      },
      "ContentHeaders": {
      }
    },
    "Response": {
      "StatusCode": 200,
      "Headers": {
        "Server": [ "Rocket" ],
        "Date": [ "Thu, 27 Jun 2024 15:43:38 GMT" ]
      },
      "ContentHeaders": {
        "Content-Type": [ "application/json" ],
        "Content-Length": [ "1642" ]
      },
      "Content": "{\"value\":[{\"id\":\"/subscriptions/00000000-0000-0000-0000-000000000000/resourceGroups/group1/providers/Microsoft.AVS/privateClouds/cloud1/clusters/cluster1/placementPolicies/policy1\",\"name\":\"policy1\",\"type\":\"Microsoft.AVS/privateClouds/clusters/placementPolicies\",\"properties\":{\"type\":\"VmHost\",\"state\":\"Enabled\",\"displayName\":\"policy1\",\"provisioningState\":\"Succeeded\",\"vmMembers\":[\"/subscriptions/00000000-0000-0000-0000-000000000000/resourceGroups/group1/providers/Microsoft.AVS/privateClouds/cloud1/clusters/cluster1/virtualMachines/vm-128\",\"/subscriptions/00000000-0000-0000-0000-000000000000/resourceGroups/group1/providers/Microsoft.AVS/privateClouds/cloud1/clusters/cluster1/virtualMachines/vm-256\"],\"hostMembers\":[\"fakehost22.nyc1.kubernetes.center\",\"fakehost23.nyc1.kubernetes.center\",\"fakehost24.nyc1.kubernetes.center\"],\"affinityType\":\"AntiAffinity\",\"affinityStrength\":\"Must\",\"azureHybridBenefitType\":\"SqlHost\"}},{\"id\":\"/subscriptions/00000000-0000-0000-0000-000000000000/resourceGroups/group1/providers/Microsoft.AVS/privateClouds/cloud1/clusters/cluster1/placementPolicies/policy2\",\"name\":\"policy2\",\"type\":\"Microsoft.AVS/privateClouds/clusters/placementPolicies\",\"properties\":{\"type\":\"VmVm\",\"state\":\"Enabled\",\"displayName\":\"policy2\",\"provisioningState\":\"Succeeded\",\"vmMembers\":[\"/subscriptions/00000000-0000-0000-0000-000000000000/resourceGroups/group1/providers/Microsoft.AVS/privateClouds/cloud1/clusters/cluster1/virtualMachines/vm-128\",\"/subscriptions/00000000-0000-0000-0000-000000000000/resourceGroups/group1/providers/Microsoft.AVS/privateClouds/cloud1/clusters/cluster1/virtualMachines/vm-256\"],\"affinityType\":\"Affinity\"}}]}",
      "isContentBase64": false
    }
  },
  "AzVMwarePlacementPolicy+[NoContext]+Get+$GET+https://management.azure.com/subscriptions/cef41485-ad1e-4cc3-a652-4c2620b8a2d0/resourceGroups/testgroupqbeopr/providers/Microsoft.AVS/privateClouds/azps_test_cloud6koz/clusters/lq4hfg/placementPolicies/policy1?api-version=2023-09-01+1": {
    "Request": {
      "Method": "GET",
      "RequestUri": "https://management.azure.com/subscriptions/cef41485-ad1e-4cc3-a652-4c2620b8a2d0/resourceGroups/testgroupqbeopr/providers/Microsoft.AVS/privateClouds/azps_test_cloud6koz/clusters/lq4hfg/placementPolicies/policy1?api-version=2023-09-01",
      "Content": null,
      "isContentBase64": false,
      "Headers": {
        "x-ms-unique-id": [ "70" ],
        "x-ms-client-request-id": [ "64a20a00-3a4e-4a54-a459-26387fa44899" ],
        "CommandName": [ "Get-AzVMwarePlacementPolicy" ],
        "FullCommandName": [ "Get-AzVMwarePlacementPolicy_Get" ],
        "ParameterSetName": [ "__AllParameterSets" ],
        "User-Agent": [ "AzurePowershell/v11.2.0", "PSVersion/v7.4.3", "Az.VMware/0.4.0" ],
        "Authorization": [ "[Filtered]" ]
      },
      "ContentHeaders": {
      }
    },
    "Response": {
      "StatusCode": 200,
      "Headers": {
        "Server": [ "Rocket" ],
        "Date": [ "Thu, 27 Jun 2024 15:43:38 GMT" ]
      },
      "ContentHeaders": {
        "Content-Type": [ "application/json" ],
        "Content-Length": [ "910" ]
      },
      "Content": "{\"id\":\"/subscriptions/00000000-0000-0000-0000-000000000000/resourceGroups/group1/providers/Microsoft.AVS/privateClouds/cloud1/clusters/cluster1/placementPolicies/policy1\",\"name\":\"policy1\",\"type\":\"Microsoft.AVS/privateClouds/clusters/placementPolicies\",\"properties\":{\"type\":\"VmHost\",\"state\":\"Enabled\",\"displayName\":\"policy1\",\"provisioningState\":\"Succeeded\",\"vmMembers\":[\"/subscriptions/00000000-0000-0000-0000-000000000000/resourceGroups/group1/providers/Microsoft.AVS/privateClouds/cloud1/clusters/cluster1/virtualMachines/vm-128\",\"/subscriptions/00000000-0000-0000-0000-000000000000/resourceGroups/group1/providers/Microsoft.AVS/privateClouds/cloud1/clusters/cluster1/virtualMachines/vm-256\"],\"hostMembers\":[\"fakehost22.nyc1.kubernetes.center\",\"fakehost23.nyc1.kubernetes.center\",\"fakehost24.nyc1.kubernetes.center\"],\"affinityType\":\"AntiAffinity\",\"affinityStrength\":\"Must\",\"azureHybridBenefitType\":\"SqlHost\"}}",
      "isContentBase64": false
    }
  },
  "AzVMwarePlacementPolicy+[NoContext]+UpdateExpanded+$PATCH+https://management.azure.com/subscriptions/cef41485-ad1e-4cc3-a652-4c2620b8a2d0/resourceGroups/testgroupqbeopr/providers/Microsoft.AVS/privateClouds/azps_test_cloud6koz/clusters/lq4hfg/placementPolicies/policy1?api-version=2023-09-01+1": {
    "Request": {
      "Method": "PATCH",
      "RequestUri": "https://management.azure.com/subscriptions/cef41485-ad1e-4cc3-a652-4c2620b8a2d0/resourceGroups/testgroupqbeopr/providers/Microsoft.AVS/privateClouds/azps_test_cloud6koz/clusters/lq4hfg/placementPolicies/policy1?api-version=2023-09-01",
      "Content": "{\r\n  \"properties\": {\r\n    \"state\": \"Enabled\"\r\n  }\r\n}",
      "isContentBase64": false,
      "Headers": {
      },
      "ContentHeaders": {
        "Content-Type": [ "application/json" ],
        "Content-Length": [ "52" ]
      }
    },
    "Response": {
      "StatusCode": 200,
      "Headers": {
        "Server": [ "Rocket" ],
        "Date": [ "Thu, 27 Jun 2024 15:43:38 GMT" ]
      },
      "ContentHeaders": {
        "Content-Type": [ "application/json" ],
        "Content-Length": [ "911" ]
      },
      "Content": "{\"id\":\"/subscriptions/00000000-0000-0000-0000-000000000000/resourceGroups/group1/providers/Microsoft.AVS/privateClouds/cloud1/clusters/cluster1/placementPolicies/policy1\",\"name\":\"policy1\",\"type\":\"Microsoft.AVS/privateClouds/clusters/placementPolicies\",\"properties\":{\"type\":\"VmHost\",\"state\":\"Disabled\",\"displayName\":\"policy1\",\"provisioningState\":\"Succeeded\",\"vmMembers\":[\"/subscriptions/00000000-0000-0000-0000-000000000000/resourceGroups/group1/providers/Microsoft.AVS/privateClouds/cloud1/clusters/cluster1/virtualMachines/vm-128\",\"/subscriptions/00000000-0000-0000-0000-000000000000/resourceGroups/group1/providers/Microsoft.AVS/privateClouds/cloud1/clusters/cluster1/virtualMachines/vm-256\"],\"hostMembers\":[\"fakehost22.nyc1.kubernetes.center\",\"fakehost23.nyc1.kubernetes.center\",\"fakehost24.nyc1.kubernetes.center\"],\"affinityType\":\"AntiAffinity\",\"affinityStrength\":\"Must\",\"azureHybridBenefitType\":\"SqlHost\"}}",
      "isContentBase64": false
    }
  },
  "AzVMwarePlacementPolicy+[NoContext]+UpdateViaIdentityExpanded+$GET+https://management.azure.com/subscriptions/cef41485-ad1e-4cc3-a652-4c2620b8a2d0/resourceGroups/testgroupqbeopr/providers/Microsoft.AVS/privateClouds/azps_test_cloud6koz/clusters/lq4hfg/placementPolicies/policy1?api-version=2023-09-01+1": {
    "Request": {
      "Method": "GET",
      "RequestUri": "https://management.azure.com/subscriptions/cef41485-ad1e-4cc3-a652-4c2620b8a2d0/resourceGroups/testgroupqbeopr/providers/Microsoft.AVS/privateClouds/azps_test_cloud6koz/clusters/lq4hfg/placementPolicies/policy1?api-version=2023-09-01",
      "Content": null,
      "isContentBase64": false,
      "Headers": {
        "x-ms-unique-id": [ "72" ],
        "x-ms-client-request-id": [ "09d81bf4-9749-4fa5-9969-f5ddf87fbb0b" ],
        "CommandName": [ "Get-AzVMwarePlacementPolicy" ],
        "FullCommandName": [ "Get-AzVMwarePlacementPolicy_Get" ],
        "ParameterSetName": [ "__AllParameterSets" ],
        "User-Agent": [ "AzurePowershell/v11.2.0", "PSVersion/v7.4.3", "Az.VMware/0.4.0" ],
        "Authorization": [ "[Filtered]" ]
      },
      "ContentHeaders": {
      }
    },
    "Response": {
      "StatusCode": 200,
      "Headers": {
        "Server": [ "Rocket" ],
        "Date": [ "Thu, 27 Jun 2024 15:43:38 GMT" ]
      },
      "ContentHeaders": {
        "Content-Type": [ "application/json" ],
        "Content-Length": [ "910" ]
      },
      "Content": "{\"id\":\"/subscriptions/00000000-0000-0000-0000-000000000000/resourceGroups/group1/providers/Microsoft.AVS/privateClouds/cloud1/clusters/cluster1/placementPolicies/policy1\",\"name\":\"policy1\",\"type\":\"Microsoft.AVS/privateClouds/clusters/placementPolicies\",\"properties\":{\"type\":\"VmHost\",\"state\":\"Enabled\",\"displayName\":\"policy1\",\"provisioningState\":\"Succeeded\",\"vmMembers\":[\"/subscriptions/00000000-0000-0000-0000-000000000000/resourceGroups/group1/providers/Microsoft.AVS/privateClouds/cloud1/clusters/cluster1/virtualMachines/vm-128\",\"/subscriptions/00000000-0000-0000-0000-000000000000/resourceGroups/group1/providers/Microsoft.AVS/privateClouds/cloud1/clusters/cluster1/virtualMachines/vm-256\"],\"hostMembers\":[\"fakehost22.nyc1.kubernetes.center\",\"fakehost23.nyc1.kubernetes.center\",\"fakehost24.nyc1.kubernetes.center\"],\"affinityType\":\"AntiAffinity\",\"affinityStrength\":\"Must\",\"azureHybridBenefitType\":\"SqlHost\"}}",
      "isContentBase64": false
    }
  },
  "AzVMwarePlacementPolicy+[NoContext]+UpdateViaIdentityExpanded+$PATCH+https://management.azure.com/subscriptions/00000000-0000-0000-0000-000000000000/resourceGroups/group1/providers/Microsoft.AVS/privateClouds/cloud1/clusters/cluster1/placementPolicies/policy1?api-version=2023-09-01+2": {
    "Request": {
      "Method": "PATCH",
      "RequestUri": "https://management.azure.com/subscriptions/00000000-0000-0000-0000-000000000000/resourceGroups/group1/providers/Microsoft.AVS/privateClouds/cloud1/clusters/cluster1/placementPolicies/policy1?api-version=2023-09-01",
      "Content": "{\r\n  \"properties\": {\r\n    \"state\": \"Enabled\"\r\n  }\r\n}",
      "isContentBase64": false,
      "Headers": {
      },
      "ContentHeaders": {
        "Content-Type": [ "application/json" ],
        "Content-Length": [ "52" ]
      }
    },
    "Response": {
      "StatusCode": 200,
      "Headers": {
        "Server": [ "Rocket" ],
        "Date": [ "Thu, 27 Jun 2024 15:43:38 GMT" ]
      },
      "ContentHeaders": {
        "Content-Type": [ "application/json" ],
        "Content-Length": [ "911" ]
      },
      "Content": "{\"id\":\"/subscriptions/00000000-0000-0000-0000-000000000000/resourceGroups/group1/providers/Microsoft.AVS/privateClouds/cloud1/clusters/cluster1/placementPolicies/policy1\",\"name\":\"policy1\",\"type\":\"Microsoft.AVS/privateClouds/clusters/placementPolicies\",\"properties\":{\"type\":\"VmHost\",\"state\":\"Disabled\",\"displayName\":\"policy1\",\"provisioningState\":\"Succeeded\",\"vmMembers\":[\"/subscriptions/00000000-0000-0000-0000-000000000000/resourceGroups/group1/providers/Microsoft.AVS/privateClouds/cloud1/clusters/cluster1/virtualMachines/vm-128\",\"/subscriptions/00000000-0000-0000-0000-000000000000/resourceGroups/group1/providers/Microsoft.AVS/privateClouds/cloud1/clusters/cluster1/virtualMachines/vm-256\"],\"hostMembers\":[\"fakehost22.nyc1.kubernetes.center\",\"fakehost23.nyc1.kubernetes.center\",\"fakehost24.nyc1.kubernetes.center\"],\"affinityType\":\"AntiAffinity\",\"affinityStrength\":\"Must\",\"azureHybridBenefitType\":\"SqlHost\"}}",
      "isContentBase64": false
    }
  },
  "AzVMwarePlacementPolicy+[NoContext]+Delete+$DELETE+https://management.azure.com/subscriptions/cef41485-ad1e-4cc3-a652-4c2620b8a2d0/resourceGroups/testgroupqbeopr/providers/Microsoft.AVS/privateClouds/azps_test_cloud6koz/clusters/lq4hfg/placementPolicies/policy1?api-version=2023-09-01+1": {
    "Request": {
      "Method": "DELETE",
      "RequestUri": "https://management.azure.com/subscriptions/cef41485-ad1e-4cc3-a652-4c2620b8a2d0/resourceGroups/testgroupqbeopr/providers/Microsoft.AVS/privateClouds/azps_test_cloud6koz/clusters/lq4hfg/placementPolicies/policy1?api-version=2023-09-01",
      "Content": null,
      "isContentBase64": false,
      "Headers": {
        "x-ms-unique-id": [ "74" ],
        "x-ms-client-request-id": [ "d193f54c-b031-4fcf-89a1-330ee33dc180" ],
        "CommandName": [ "Remove-AzVMwarePlacementPolicy" ],
        "FullCommandName": [ "Remove-AzVMwarePlacementPolicy_Delete" ],
        "ParameterSetName": [ "__AllParameterSets" ],
        "User-Agent": [ "AzurePowershell/v11.2.0", "PSVersion/v7.4.3", "Az.VMware/0.4.0" ],
        "Authorization": [ "[Filtered]" ]
      },
      "ContentHeaders": {
      }
    },
    "Response": {
      "StatusCode": 200,
      "Headers": {
        "Server": [ "Rocket" ],
        "Date": [ "Thu, 27 Jun 2024 15:43:38 GMT" ]
      },
      "ContentHeaders": {
        "Content-Length": [ "0" ]
      },
      "Content": null,
      "isContentBase64": false
    }
  },
  "AzVMwarePlacementPolicy+[NoContext]+DeleteViaIdentity+$GET+https://management.azure.com/subscriptions/cef41485-ad1e-4cc3-a652-4c2620b8a2d0/resourceGroups/testgroupqbeopr/providers/Microsoft.AVS/privateClouds/azps_test_cloud6koz/clusters/lq4hfg/placementPolicies/policy1?api-version=2023-09-01+1": {
    "Request": {
      "Method": "GET",
      "RequestUri": "https://management.azure.com/subscriptions/cef41485-ad1e-4cc3-a652-4c2620b8a2d0/resourceGroups/testgroupqbeopr/providers/Microsoft.AVS/privateClouds/azps_test_cloud6koz/clusters/lq4hfg/placementPolicies/policy1?api-version=2023-09-01",
      "Content": null,
      "isContentBase64": false,
      "Headers": {
        "x-ms-unique-id": [ "75" ],
        "x-ms-client-request-id": [ "1bfcdf72-d8ad-4211-a1ef-8a2f9df72e4f" ],
        "CommandName": [ "Get-AzVMwarePlacementPolicy" ],
        "FullCommandName": [ "Get-AzVMwarePlacementPolicy_Get" ],
        "ParameterSetName": [ "__AllParameterSets" ],
        "User-Agent": [ "AzurePowershell/v11.2.0", "PSVersion/v7.4.3", "Az.VMware/0.4.0" ],
        "Authorization": [ "[Filtered]" ]
      },
      "ContentHeaders": {
      }
    },
    "Response": {
      "StatusCode": 200,
      "Headers": {
        "Server": [ "Rocket" ],
        "Date": [ "Thu, 27 Jun 2024 15:43:38 GMT" ]
      },
      "ContentHeaders": {
        "Content-Type": [ "application/json" ],
        "Content-Length": [ "910" ]
      },
      "Content": "{\"id\":\"/subscriptions/00000000-0000-0000-0000-000000000000/resourceGroups/group1/providers/Microsoft.AVS/privateClouds/cloud1/clusters/cluster1/placementPolicies/policy1\",\"name\":\"policy1\",\"type\":\"Microsoft.AVS/privateClouds/clusters/placementPolicies\",\"properties\":{\"type\":\"VmHost\",\"state\":\"Enabled\",\"displayName\":\"policy1\",\"provisioningState\":\"Succeeded\",\"vmMembers\":[\"/subscriptions/00000000-0000-0000-0000-000000000000/resourceGroups/group1/providers/Microsoft.AVS/privateClouds/cloud1/clusters/cluster1/virtualMachines/vm-128\",\"/subscriptions/00000000-0000-0000-0000-000000000000/resourceGroups/group1/providers/Microsoft.AVS/privateClouds/cloud1/clusters/cluster1/virtualMachines/vm-256\"],\"hostMembers\":[\"fakehost22.nyc1.kubernetes.center\",\"fakehost23.nyc1.kubernetes.center\",\"fakehost24.nyc1.kubernetes.center\"],\"affinityType\":\"AntiAffinity\",\"affinityStrength\":\"Must\",\"azureHybridBenefitType\":\"SqlHost\"}}",
      "isContentBase64": false
    }
  },
  "AzVMwarePlacementPolicy+[NoContext]+DeleteViaIdentity+$DELETE+https://management.azure.com/subscriptions/00000000-0000-0000-0000-000000000000/resourceGroups/group1/providers/Microsoft.AVS/privateClouds/cloud1/clusters/cluster1/placementPolicies/policy1?api-version=2023-09-01+2": {
    "Request": {
      "Method": "DELETE",
      "RequestUri": "https://management.azure.com/subscriptions/00000000-0000-0000-0000-000000000000/resourceGroups/group1/providers/Microsoft.AVS/privateClouds/cloud1/clusters/cluster1/placementPolicies/policy1?api-version=2023-09-01",
      "Content": null,
      "isContentBase64": false,
      "Headers": {
        "x-ms-unique-id": [ "76" ],
        "x-ms-client-request-id": [ "a7d70098-bbab-4ff8-825f-9a560d654328" ],
        "CommandName": [ "Remove-AzVMwarePlacementPolicy" ],
        "FullCommandName": [ "Remove-AzVMwarePlacementPolicy_DeleteViaIdentity" ],
        "ParameterSetName": [ "__AllParameterSets" ],
        "User-Agent": [ "AzurePowershell/v11.2.0", "PSVersion/v7.4.3", "Az.VMware/0.4.0" ],
        "Authorization": [ "[Filtered]" ]
      },
      "ContentHeaders": {
      }
    },
    "Response": {
      "StatusCode": 200,
      "Headers": {
        "Server": [ "Rocket" ],
        "Date": [ "Thu, 27 Jun 2024 15:43:38 GMT" ]
      },
      "ContentHeaders": {
        "Content-Length": [ "0" ]
      },
      "Content": null,
      "isContentBase64": false
    }
  }
}